[0.014s][info][gc] Using Concurrent Mark Sweep
[0.014s][info][gc,heap,coops] Heap address: 0x0000000080000000, size: 2048 MB, Compressed Oops mode: 32-bit
[1.349s][info][gc,start     ] GC(0) Pause Full (System.gc())
[1.350s][info][gc,phases,start] GC(0) Phase 1: Mark live objects
[1.356s][info][gc,phases      ] GC(0) Phase 1: Mark live objects 6.300ms
[1.356s][info][gc,phases,start] GC(0) Phase 2: Compute new object addresses
[1.359s][info][gc,phases      ] GC(0) Phase 2: Compute new object addresses 3.170ms
[1.359s][info][gc,phases,start] GC(0) Phase 3: Adjust pointers
[1.362s][info][gc,phases      ] GC(0) Phase 3: Adjust pointers 3.176ms
[1.365s][info][gc,phases,start] GC(0) Phase 4: Move objects
[1.368s][info][gc,phases      ] GC(0) Phase 4: Move objects 2.991ms
[1.374s][info][gc,heap        ] GC(0) ParNew: 57324K->0K(460096K)
[1.375s][info][gc,heap        ] GC(0) CMS: 0K->4755K(1585984K)
[1.375s][info][gc,metaspace   ] GC(0) Metaspace: 20205K(20864K)->20205K(20864K) NonClass: 17794K(18176K)->17794K(18176K) Class: 2411K(2688K)->2411K(2688K)
[1.375s][info][gc             ] GC(0) Pause Full (System.gc()) 55M->4M(1998M) 25.453ms
[1.375s][info][gc,cpu         ] GC(0) User=0.00s Sys=0.00s Real=0.04s
[3.182s][info][gc,start       ] GC(1) Pause Young (Allocation Failure)
[3.183s][info][gc,task        ] GC(1) Using 6 workers of 6 for evacuation
[3.204s][info][gc,heap        ] GC(1) ParNew: 409024K->26809K(460096K)
[3.204s][info][gc,heap        ] GC(1) CMS: 4755K->4755K(1585984K)
[3.204s][info][gc,metaspace   ] GC(1) Metaspace: 23311K(24192K)->23311K(24192K) NonClass: 20431K(20992K)->20431K(20992K) Class: 2880K(3200K)->2880K(3200K)
[3.204s][info][gc             ] GC(1) Pause Young (Allocation Failure) 404M->30M(1998M) 22.029ms
[3.204s][info][gc,cpu         ] GC(1) User=0.08s Sys=0.00s Real=0.01s
[3.301s][info][gc,start       ] GC(2) Pause Young (Allocation Failure)
[3.301s][info][gc,task        ] GC(2) Using 6 workers of 6 for evacuation
[3.420s][info][gc,heap        ] GC(2) ParNew: 435833K->8600K(460096K)
[3.420s][info][gc,heap        ] GC(2) CMS: 4755K->36404K(1585984K)
[3.420s][info][gc,metaspace   ] GC(2) Metaspace: 23313K(24192K)->23313K(24192K) NonClass: 20432K(20992K)->20432K(20992K) Class: 2880K(3200K)->2880K(3200K)
[3.420s][info][gc             ] GC(2) Pause Young (Allocation Failure) 430M->43M(1998M) 119.540ms
[3.420s][info][gc,cpu         ] GC(2) User=0.06s Sys=0.03s Real=0.12s
[3.501s][info][gc,start       ] GC(3) Pause Young (Allocation Failure)
[3.501s][info][gc,task        ] GC(3) Using 6 workers of 6 for evacuation
[3.504s][info][gc,heap        ] GC(3) ParNew: 417624K->1075K(460096K)
[3.504s][info][gc,heap        ] GC(3) CMS: 36404K->36404K(1585984K)
[3.504s][info][gc,metaspace   ] GC(3) Metaspace: 23313K(24192K)->23313K(24192K) NonClass: 20432K(20992K)->20432K(20992K) Class: 2880K(3200K)->2880K(3200K)
[3.504s][info][gc             ] GC(3) Pause Young (Allocation Failure) 443M->36M(1998M) 2.662ms
[3.504s][info][gc,cpu         ] GC(3) User=0.00s Sys=0.00s Real=0.00s
[5.348s][info][gc,start       ] GC(4) Pause Young (Allocation Failure)
[5.348s][info][gc,task        ] GC(4) Using 6 workers of 6 for evacuation
[5.368s][info][gc,heap        ] GC(4) ParNew: 410099K->27198K(460096K)
[5.368s][info][gc,heap        ] GC(4) CMS: 36404K->36404K(1585984K)
[5.368s][info][gc,metaspace   ] GC(4) Metaspace: 23500K(24576K)->23500K(24576K) NonClass: 20581K(21248K)->20581K(21248K) Class: 2919K(3328K)->2919K(3328K)
[5.368s][info][gc             ] GC(4) Pause Young (Allocation Failure) 436M->62M(1998M) 19.363ms
[5.368s][info][gc,cpu         ] GC(4) User=0.08s Sys=0.00s Real=0.02s
[5.450s][info][gc,start       ] GC(5) Pause Young (Allocation Failure)
[5.450s][info][gc,task        ] GC(5) Using 6 workers of 6 for evacuation
[5.469s][info][gc,heap        ] GC(5) ParNew: 436222K->0K(460096K)
[5.469s][info][gc,heap        ] GC(5) CMS: 36404K->63567K(1585984K)
[5.469s][info][gc,metaspace   ] GC(5) Metaspace: 23500K(24576K)->23500K(24576K) NonClass: 20581K(21248K)->20581K(21248K) Class: 2919K(3328K)->2919K(3328K)
[5.469s][info][gc             ] GC(5) Pause Young (Allocation Failure) 461M->62M(1998M) 18.820ms
[5.469s][info][gc,cpu         ] GC(5) User=0.03s Sys=0.00s Real=0.03s
[5.551s][info][gc,start       ] GC(6) Pause Young (Allocation Failure)
[5.551s][info][gc,task        ] GC(6) Using 6 workers of 6 for evacuation
[5.554s][info][gc,heap        ] GC(6) ParNew: 409024K->0K(460096K)
[5.554s][info][gc,heap        ] GC(6) CMS: 63567K->63567K(1585984K)
[5.554s][info][gc,metaspace   ] GC(6) Metaspace: 23500K(24576K)->23500K(24576K) NonClass: 20581K(21248K)->20581K(21248K) Class: 2919K(3328K)->2919K(3328K)
[5.554s][info][gc             ] GC(6) Pause Young (Allocation Failure) 461M->62M(1998M) 2.994ms
[5.554s][info][gc,cpu         ] GC(6) User=0.00s Sys=0.00s Real=0.00s
[5.635s][info][gc,start       ] GC(7) Pause Full (System.gc())
[5.636s][info][gc,phases,start] GC(7) Phase 1: Mark live objects
[5.642s][info][gc,phases      ] GC(7) Phase 1: Mark live objects 6.613ms
[5.642s][info][gc,phases,start] GC(7) Phase 2: Compute new object addresses
[5.723s][info][gc,phases      ] GC(7) Phase 2: Compute new object addresses 80.459ms
[5.723s][info][gc,phases,start] GC(7) Phase 3: Adjust pointers
[5.727s][info][gc,phases      ] GC(7) Phase 3: Adjust pointers 3.987ms
[5.727s][info][gc,phases,start] GC(7) Phase 4: Move objects
[5.728s][info][gc,phases      ] GC(7) Phase 4: Move objects 1.373ms
[5.730s][info][gc,heap        ] GC(7) ParNew: 276549K->0K(460096K)
[5.730s][info][gc,heap        ] GC(7) CMS: 63567K->5069K(1585984K)
[5.730s][info][gc,metaspace   ] GC(7) Metaspace: 23537K(24576K)->23537K(24576K) NonClass: 20612K(21248K)->20612K(21248K) Class: 2925K(3328K)->2925K(3328K)
[5.730s][info][gc             ] GC(7) Pause Full (System.gc()) 332M->4M(1998M) 94.543ms
[5.730s][info][gc,cpu         ] GC(7) User=0.09s Sys=0.00s Real=0.09s
[7.447s][info][gc,start       ] GC(8) Pause Young (Allocation Failure)
[7.447s][info][gc,task        ] GC(8) Using 6 workers of 6 for evacuation
[7.465s][info][gc,heap        ] GC(8) ParNew: 409024K->26700K(460096K)
[7.465s][info][gc,heap        ] GC(8) CMS: 5069K->5069K(1585984K)
[7.465s][info][gc,metaspace   ] GC(8) Metaspace: 23545K(24576K)->23545K(24576K) NonClass: 20620K(21248K)->20620K(21248K) Class: 2925K(3328K)->2925K(3328K)
[7.465s][info][gc             ] GC(8) Pause Young (Allocation Failure) 404M->31M(1998M) 18.027ms
[7.465s][info][gc,cpu         ] GC(8) User=0.08s Sys=0.00s Real=0.02s
[7.548s][info][gc,start       ] GC(9) Pause Young (Allocation Failure)
[7.548s][info][gc,task        ] GC(9) Using 6 workers of 6 for evacuation
[7.565s][info][gc,heap        ] GC(9) ParNew: 435724K->0K(460096K)
[7.565s][info][gc,heap        ] GC(9) CMS: 5069K->36346K(1585984K)
[7.565s][info][gc,metaspace   ] GC(9) Metaspace: 23545K(24576K)->23545K(24576K) NonClass: 20620K(21248K)->20620K(21248K) Class: 2925K(3328K)->2925K(3328K)
[7.565s][info][gc             ] GC(9) Pause Young (Allocation Failure) 430M->35M(1998M) 16.923ms
[7.565s][info][gc,cpu         ] GC(9) User=0.02s Sys=0.00s Real=0.02s
[7.648s][info][gc,start       ] GC(10) Pause Young (Allocation Failure)
[7.648s][info][gc,task        ] GC(10) Using 6 workers of 6 for evacuation
[7.650s][info][gc,heap        ] GC(10) ParNew: 409024K->0K(460096K)
[7.651s][info][gc,heap        ] GC(10) CMS: 36346K->36346K(1585984K)
[7.651s][info][gc,metaspace   ] GC(10) Metaspace: 23545K(24576K)->23545K(24576K) NonClass: 20620K(21248K)->20620K(21248K) Class: 2925K(3328K)->2925K(3328K)
[7.651s][info][gc             ] GC(10) Pause Young (Allocation Failure) 434M->35M(1998M) 2.783ms
[7.651s][info][gc,cpu         ] GC(10) User=0.00s Sys=0.00s Real=0.00s
[9.385s][info][gc,start       ] GC(11) Pause Young (Allocation Failure)
[9.385s][info][gc,task        ] GC(11) Using 6 workers of 6 for evacuation
[9.403s][info][gc,heap        ] GC(11) ParNew: 409024K->27330K(460096K)
[9.403s][info][gc,heap        ] GC(11) CMS: 36346K->36346K(1585984K)
[9.403s][info][gc,metaspace   ] GC(11) Metaspace: 23550K(24576K)->23550K(24576K) NonClass: 20625K(21248K)->20625K(21248K) Class: 2925K(3328K)->2925K(3328K)
[9.403s][info][gc             ] GC(11) Pause Young (Allocation Failure) 434M->62M(1998M) 18.199ms
[9.403s][info][gc,cpu         ] GC(11) User=0.08s Sys=0.00s Real=0.02s
[9.486s][info][gc,start       ] GC(12) Pause Young (Allocation Failure)
[9.486s][info][gc,task        ] GC(12) Using 6 workers of 6 for evacuation
[9.502s][info][gc,heap        ] GC(12) ParNew: 436354K->0K(460096K)
[9.502s][info][gc,heap        ] GC(12) CMS: 36346K->63200K(1585984K)
[9.502s][info][gc,metaspace   ] GC(12) Metaspace: 23550K(24576K)->23550K(24576K) NonClass: 20625K(21248K)->20625K(21248K) Class: 2925K(3328K)->2925K(3328K)
[9.502s][info][gc             ] GC(12) Pause Young (Allocation Failure) 461M->61M(1998M) 15.837ms
[9.502s][info][gc,cpu         ] GC(12) User=0.03s Sys=0.00s Real=0.02s
[9.584s][info][gc,start       ] GC(13) Pause Young (Allocation Failure)
[9.584s][info][gc,task        ] GC(13) Using 6 workers of 6 for evacuation
[9.587s][info][gc,heap        ] GC(13) ParNew: 409024K->0K(460096K)
[9.587s][info][gc,heap        ] GC(13) CMS: 63200K->63200K(1585984K)
[9.587s][info][gc,metaspace   ] GC(13) Metaspace: 23550K(24576K)->23550K(24576K) NonClass: 20625K(21248K)->20625K(21248K) Class: 2925K(3328K)->2925K(3328K)
[9.587s][info][gc             ] GC(13) Pause Young (Allocation Failure) 461M->61M(1998M) 3.217ms
[9.587s][info][gc,cpu         ] GC(13) User=0.00s Sys=0.00s Real=0.00s
[9.652s][info][gc,start       ] GC(14) Pause Full (System.gc())
[9.652s][info][gc,phases,start] GC(14) Phase 1: Mark live objects
[9.658s][info][gc,phases      ] GC(14) Phase 1: Mark live objects 6.153ms
[9.658s][info][gc,phases,start] GC(14) Phase 2: Compute new object addresses
[9.725s][info][gc,phases      ] GC(14) Phase 2: Compute new object addresses 66.816ms
[9.726s][info][gc,phases,start] GC(14) Phase 3: Adjust pointers
[9.731s][info][gc,phases      ] GC(14) Phase 3: Adjust pointers 4.758ms
[9.731s][info][gc,phases,start] GC(14) Phase 4: Move objects
[9.732s][info][gc,phases      ] GC(14) Phase 4: Move objects 0.232ms
[9.733s][info][gc,heap        ] GC(14) ParNew: 220625K->0K(460096K)
[9.733s][info][gc,heap        ] GC(14) CMS: 63200K->5071K(1585984K)
[9.733s][info][gc,metaspace   ] GC(14) Metaspace: 23552K(24576K)->23552K(24576K) NonClass: 20627K(21248K)->20627K(21248K) Class: 2925K(3328K)->2925K(3328K)
[9.733s][info][gc             ] GC(14) Pause Full (System.gc()) 277M->4M(1998M) 81.233ms
[9.733s][info][gc,cpu         ] GC(14) User=0.06s Sys=0.00s Real=0.08s
[11.445s][info][gc,start       ] GC(15) Pause Young (Allocation Failure)
[11.445s][info][gc,task        ] GC(15) Using 6 workers of 6 for evacuation
[11.462s][info][gc,heap        ] GC(15) ParNew: 409024K->26765K(460096K)
[11.463s][info][gc,heap        ] GC(15) CMS: 5071K->5071K(1585984K)
[11.463s][info][gc,metaspace   ] GC(15) Metaspace: 23560K(24576K)->23560K(24576K) NonClass: 20635K(21248K)->20635K(21248K) Class: 2925K(3328K)->2925K(3328K)
[11.463s][info][gc             ] GC(15) Pause Young (Allocation Failure) 404M->31M(1998M) 17.787ms
[11.463s][info][gc,cpu         ] GC(15) User=0.06s Sys=0.00s Real=0.02s
[11.545s][info][gc,start       ] GC(16) Pause Young (Allocation Failure)
[11.546s][info][gc,task        ] GC(16) Using 6 workers of 6 for evacuation
[11.562s][info][gc,heap        ] GC(16) ParNew: 435789K->0K(460096K)
[11.562s][info][gc,heap        ] GC(16) CMS: 5071K->36355K(1585984K)
[11.562s][info][gc,metaspace   ] GC(16) Metaspace: 23560K(24576K)->23560K(24576K) NonClass: 20635K(21248K)->20635K(21248K) Class: 2925K(3328K)->2925K(3328K)
[11.562s][info][gc             ] GC(16) Pause Young (Allocation Failure) 430M->35M(1998M) 16.364ms
[11.562s][info][gc,cpu         ] GC(16) User=0.02s Sys=0.00s Real=0.02s
[11.644s][info][gc,start       ] GC(17) Pause Young (Allocation Failure)
[11.644s][info][gc,task        ] GC(17) Using 6 workers of 6 for evacuation
[11.647s][info][gc,heap        ] GC(17) ParNew: 409024K->0K(460096K)
[11.647s][info][gc,heap        ] GC(17) CMS: 36355K->36355K(1585984K)
[11.647s][info][gc,metaspace   ] GC(17) Metaspace: 23560K(24576K)->23560K(24576K) NonClass: 20635K(21248K)->20635K(21248K) Class: 2925K(3328K)->2925K(3328K)
[11.647s][info][gc             ] GC(17) Pause Young (Allocation Failure) 434M->35M(1998M) 2.833ms
[11.647s][info][gc,cpu         ] GC(17) User=0.00s Sys=0.00s Real=0.00s
[13.367s][info][gc,start       ] GC(18) Pause Young (Allocation Failure)
[13.367s][info][gc,task        ] GC(18) Using 6 workers of 6 for evacuation
[13.385s][info][gc,heap        ] GC(18) ParNew: 409024K->27086K(460096K)
[13.385s][info][gc,heap        ] GC(18) CMS: 36355K->36355K(1585984K)
[13.385s][info][gc,metaspace   ] GC(18) Metaspace: 23565K(24576K)->23565K(24576K) NonClass: 20639K(21248K)->20639K(21248K) Class: 2925K(3328K)->2925K(3328K)
[13.385s][info][gc             ] GC(18) Pause Young (Allocation Failure) 434M->61M(1998M) 18.353ms
[13.385s][info][gc,cpu         ] GC(18) User=0.08s Sys=0.00s Real=0.01s
[13.469s][info][gc,start       ] GC(19) Pause Young (Allocation Failure)
[13.469s][info][gc,task        ] GC(19) Using 6 workers of 6 for evacuation
[13.485s][info][gc,heap        ] GC(19) ParNew: 436110K->0K(460096K)
[13.485s][info][gc,heap        ] GC(19) CMS: 36355K->63491K(1585984K)
[13.485s][info][gc,metaspace   ] GC(19) Metaspace: 23565K(24576K)->23565K(24576K) NonClass: 20639K(21248K)->20639K(21248K) Class: 2925K(3328K)->2925K(3328K)
[13.485s][info][gc             ] GC(19) Pause Young (Allocation Failure) 461M->62M(1998M) 16.527ms
[13.485s][info][gc,cpu         ] GC(19) User=0.02s Sys=0.00s Real=0.02s
[13.568s][info][gc,start       ] GC(20) Pause Young (Allocation Failure)
[13.568s][info][gc,task        ] GC(20) Using 6 workers of 6 for evacuation
[13.570s][info][gc,heap        ] GC(20) ParNew: 409024K->0K(460096K)
[13.570s][info][gc,heap        ] GC(20) CMS: 63491K->63491K(1585984K)
[13.570s][info][gc,metaspace   ] GC(20) Metaspace: 23565K(24576K)->23565K(24576K) NonClass: 20639K(21248K)->20639K(21248K) Class: 2925K(3328K)->2925K(3328K)
[13.570s][info][gc             ] GC(20) Pause Young (Allocation Failure) 461M->62M(1998M) 2.623ms
[13.570s][info][gc,cpu         ] GC(20) User=0.00s Sys=0.00s Real=0.00s
[13.630s][info][gc,start       ] GC(21) Pause Full (System.gc())
[13.630s][info][gc,phases,start] GC(21) Phase 1: Mark live objects
[13.637s][info][gc,phases      ] GC(21) Phase 1: Mark live objects 6.445ms
[13.637s][info][gc,phases,start] GC(21) Phase 2: Compute new object addresses
[13.704s][info][gc,phases      ] GC(21) Phase 2: Compute new object addresses 67.085ms
[13.704s][info][gc,phases,start] GC(21) Phase 3: Adjust pointers
[13.708s][info][gc,phases      ] GC(21) Phase 3: Adjust pointers 4.149ms
[13.708s][info][gc,phases,start] GC(21) Phase 4: Move objects
[13.708s][info][gc,phases      ] GC(21) Phase 4: Move objects 0.210ms
[13.710s][info][gc,heap        ] GC(21) ParNew: 220631K->0K(460096K)
[13.710s][info][gc,heap        ] GC(21) CMS: 63491K->5072K(1585984K)
[13.710s][info][gc,metaspace   ] GC(21) Metaspace: 23567K(24576K)->23567K(24576K) NonClass: 20641K(21248K)->20641K(21248K) Class: 2925K(3328K)->2925K(3328K)
[13.710s][info][gc             ] GC(21) Pause Full (System.gc()) 277M->4M(1998M) 79.893ms
[13.710s][info][gc,cpu         ] GC(21) User=0.08s Sys=0.00s Real=0.09s
[15.413s][info][gc,start       ] GC(22) Pause Young (Allocation Failure)
[15.413s][info][gc,task        ] GC(22) Using 6 workers of 6 for evacuation
[15.431s][info][gc,heap        ] GC(22) ParNew: 409024K->26605K(460096K)
[15.431s][info][gc,heap        ] GC(22) CMS: 5072K->5072K(1585984K)
[15.431s][info][gc,metaspace   ] GC(22) Metaspace: 23571K(24576K)->23571K(24576K) NonClass: 20646K(21248K)->20646K(21248K) Class: 2925K(3328K)->2925K(3328K)
[15.432s][info][gc             ] GC(22) Pause Young (Allocation Failure) 404M->30M(1998M) 18.628ms
[15.432s][info][gc,cpu         ] GC(22) User=0.09s Sys=0.00s Real=0.02s
[15.515s][info][gc,start       ] GC(23) Pause Young (Allocation Failure)
[15.515s][info][gc,task        ] GC(23) Using 6 workers of 6 for evacuation
[15.531s][info][gc,heap        ] GC(23) ParNew: 435629K->0K(460096K)
[15.531s][info][gc,heap        ] GC(23) CMS: 5072K->36351K(1585984K)
[15.531s][info][gc,metaspace   ] GC(23) Metaspace: 23571K(24576K)->23571K(24576K) NonClass: 20646K(21248K)->20646K(21248K) Class: 2925K(3328K)->2925K(3328K)
[15.531s][info][gc             ] GC(23) Pause Young (Allocation Failure) 430M->35M(1998M) 16.700ms
[15.531s][info][gc,cpu         ] GC(23) User=0.02s Sys=0.00s Real=0.01s
[15.614s][info][gc,start       ] GC(24) Pause Young (Allocation Failure)
[15.614s][info][gc,task        ] GC(24) Using 6 workers of 6 for evacuation
[15.616s][info][gc,heap        ] GC(24) ParNew: 409024K->0K(460096K)
[15.616s][info][gc,heap        ] GC(24) CMS: 36351K->36351K(1585984K)
[15.616s][info][gc,metaspace   ] GC(24) Metaspace: 23571K(24576K)->23571K(24576K) NonClass: 20646K(21248K)->20646K(21248K) Class: 2925K(3328K)->2925K(3328K)
[15.616s][info][gc             ] GC(24) Pause Young (Allocation Failure) 434M->35M(1998M) 2.598ms
[15.616s][info][gc,cpu         ] GC(24) User=0.00s Sys=0.00s Real=0.00s
[17.334s][info][gc,start       ] GC(25) Pause Young (Allocation Failure)
[17.334s][info][gc,task        ] GC(25) Using 6 workers of 6 for evacuation
[17.353s][info][gc,heap        ] GC(25) ParNew: 409024K->27115K(460096K)
[17.353s][info][gc,heap        ] GC(25) CMS: 36351K->36351K(1585984K)
[17.353s][info][gc,metaspace   ] GC(25) Metaspace: 23571K(24576K)->23571K(24576K) NonClass: 20646K(21248K)->20646K(21248K) Class: 2925K(3328K)->2925K(3328K)
[17.353s][info][gc             ] GC(25) Pause Young (Allocation Failure) 434M->61M(1998M) 18.431ms
[17.353s][info][gc,cpu         ] GC(25) User=0.09s Sys=0.00s Real=0.03s
[17.436s][info][gc,start       ] GC(26) Pause Young (Allocation Failure)
[17.436s][info][gc,task        ] GC(26) Using 6 workers of 6 for evacuation
[17.451s][info][gc,heap        ] GC(26) ParNew: 436139K->0K(460096K)
[17.451s][info][gc,heap        ] GC(26) CMS: 36351K->63454K(1585984K)
[17.451s][info][gc,metaspace   ] GC(26) Metaspace: 23571K(24576K)->23571K(24576K) NonClass: 20646K(21248K)->20646K(21248K) Class: 2925K(3328K)->2925K(3328K)
[17.451s][info][gc             ] GC(26) Pause Young (Allocation Failure) 461M->61M(1998M) 15.772ms
[17.451s][info][gc,cpu         ] GC(26) User=0.02s Sys=0.00s Real=0.02s
[17.535s][info][gc,start       ] GC(27) Pause Young (Allocation Failure)
[17.535s][info][gc,task        ] GC(27) Using 6 workers of 6 for evacuation
[17.538s][info][gc,heap        ] GC(27) ParNew: 409024K->0K(460096K)
[17.538s][info][gc,heap        ] GC(27) CMS: 63454K->63454K(1585984K)
[17.538s][info][gc,metaspace   ] GC(27) Metaspace: 23571K(24576K)->23571K(24576K) NonClass: 20646K(21248K)->20646K(21248K) Class: 2925K(3328K)->2925K(3328K)
[17.538s][info][gc             ] GC(27) Pause Young (Allocation Failure) 461M->61M(1998M) 2.906ms
[17.538s][info][gc,cpu         ] GC(27) User=0.00s Sys=0.00s Real=0.00s
[17.597s][info][gc,start       ] GC(28) Pause Full (System.gc())
[17.597s][info][gc,phases,start] GC(28) Phase 1: Mark live objects
[17.603s][info][gc,phases      ] GC(28) Phase 1: Mark live objects 6.411ms
[17.603s][info][gc,phases,start] GC(28) Phase 2: Compute new object addresses
[17.672s][info][gc,phases      ] GC(28) Phase 2: Compute new object addresses 68.141ms
[17.672s][info][gc,phases,start] GC(28) Phase 3: Adjust pointers
[17.676s][info][gc,phases      ] GC(28) Phase 3: Adjust pointers 4.066ms
[17.676s][info][gc,phases,start] GC(28) Phase 4: Move objects
[17.676s][info][gc,phases      ] GC(28) Phase 4: Move objects 0.190ms
[17.677s][info][gc,heap        ] GC(28) ParNew: 220631K->0K(460096K)
[17.677s][info][gc,heap        ] GC(28) CMS: 63454K->5072K(1585984K)
[17.677s][info][gc,metaspace   ] GC(28) Metaspace: 23572K(24576K)->23572K(24576K) NonClass: 20646K(21248K)->20646K(21248K) Class: 2925K(3328K)->2925K(3328K)
[17.678s][info][gc             ] GC(28) Pause Full (System.gc()) 277M->4M(1998M) 80.716ms
[17.678s][info][gc,cpu         ] GC(28) User=0.06s Sys=0.00s Real=0.08s
[19.382s][info][gc,start       ] GC(29) Pause Young (Allocation Failure)
[19.383s][info][gc,task        ] GC(29) Using 6 workers of 6 for evacuation
[19.401s][info][gc,heap        ] GC(29) ParNew: 409024K->26571K(460096K)
[19.401s][info][gc,heap        ] GC(29) CMS: 5072K->5072K(1585984K)
[19.401s][info][gc,metaspace   ] GC(29) Metaspace: 23572K(24576K)->23572K(24576K) NonClass: 20647K(21248K)->20647K(21248K) Class: 2925K(3328K)->2925K(3328K)
[19.401s][info][gc             ] GC(29) Pause Young (Allocation Failure) 404M->30M(1998M) 18.203ms
[19.401s][info][gc,cpu         ] GC(29) User=0.09s Sys=0.00s Real=0.02s
[19.484s][info][gc,start       ] GC(30) Pause Young (Allocation Failure)
[19.484s][info][gc,task        ] GC(30) Using 6 workers of 6 for evacuation
[19.502s][info][gc,heap        ] GC(30) ParNew: 435595K->0K(460096K)
[19.502s][info][gc,heap        ] GC(30) CMS: 5072K->36348K(1585984K)
[19.502s][info][gc,metaspace   ] GC(30) Metaspace: 23572K(24576K)->23572K(24576K) NonClass: 20647K(21248K)->20647K(21248K) Class: 2925K(3328K)->2925K(3328K)
[19.502s][info][gc             ] GC(30) Pause Young (Allocation Failure) 430M->35M(1998M) 17.634ms
[19.502s][info][gc,cpu         ] GC(30) User=0.02s Sys=0.00s Real=0.01s
[19.585s][info][gc,start       ] GC(31) Pause Young (Allocation Failure)
[19.585s][info][gc,task        ] GC(31) Using 6 workers of 6 for evacuation
[19.587s][info][gc,heap        ] GC(31) ParNew: 409024K->0K(460096K)
[19.587s][info][gc,heap        ] GC(31) CMS: 36348K->36348K(1585984K)
[19.587s][info][gc,metaspace   ] GC(31) Metaspace: 23572K(24576K)->23572K(24576K) NonClass: 20647K(21248K)->20647K(21248K) Class: 2925K(3328K)->2925K(3328K)
[19.587s][info][gc             ] GC(31) Pause Young (Allocation Failure) 434M->35M(1998M) 2.692ms
[19.587s][info][gc,cpu         ] GC(31) User=0.00s Sys=0.00s Real=0.00s
[21.300s][info][gc,start       ] GC(32) Pause Young (Allocation Failure)
[21.300s][info][gc,task        ] GC(32) Using 6 workers of 6 for evacuation
[21.319s][info][gc,heap        ] GC(32) ParNew: 409024K->27560K(460096K)
[21.319s][info][gc,heap        ] GC(32) CMS: 36348K->36348K(1585984K)
[21.319s][info][gc,metaspace   ] GC(32) Metaspace: 23575K(24576K)->23575K(24576K) NonClass: 20649K(21248K)->20649K(21248K) Class: 2925K(3328K)->2925K(3328K)
[21.319s][info][gc             ] GC(32) Pause Young (Allocation Failure) 434M->62M(1998M) 18.451ms
[21.319s][info][gc,cpu         ] GC(32) User=0.09s Sys=0.00s Real=0.02s
[21.402s][info][gc,start       ] GC(33) Pause Young (Allocation Failure)
[21.402s][info][gc,task        ] GC(33) Using 6 workers of 6 for evacuation
[21.418s][info][gc,heap        ] GC(33) ParNew: 436584K->0K(460096K)
[21.418s][info][gc,heap        ] GC(33) CMS: 36348K->63503K(1585984K)
[21.418s][info][gc,metaspace   ] GC(33) Metaspace: 23575K(24576K)->23575K(24576K) NonClass: 20649K(21248K)->20649K(21248K) Class: 2925K(3328K)->2925K(3328K)
[21.418s][info][gc             ] GC(33) Pause Young (Allocation Failure) 461M->62M(1998M) 16.647ms
[21.418s][info][gc,cpu         ] GC(33) User=0.02s Sys=0.00s Real=0.03s
[21.501s][info][gc,start       ] GC(34) Pause Young (Allocation Failure)
[21.501s][info][gc,task        ] GC(34) Using 6 workers of 6 for evacuation
[21.503s][info][gc,heap        ] GC(34) ParNew: 409024K->0K(460096K)
[21.503s][info][gc,heap        ] GC(34) CMS: 63503K->63503K(1585984K)
[21.503s][info][gc,metaspace   ] GC(34) Metaspace: 23575K(24576K)->23575K(24576K) NonClass: 20649K(21248K)->20649K(21248K) Class: 2925K(3328K)->2925K(3328K)
[21.504s][info][gc             ] GC(34) Pause Young (Allocation Failure) 461M->62M(1998M) 2.633ms
[21.504s][info][gc,cpu         ] GC(34) User=0.00s Sys=0.00s Real=0.00s
[21.563s][info][gc,start       ] GC(35) Pause Full (System.gc())
[21.563s][info][gc,phases,start] GC(35) Phase 1: Mark live objects
[21.569s][info][gc,phases      ] GC(35) Phase 1: Mark live objects 6.410ms
[21.569s][info][gc,phases,start] GC(35) Phase 2: Compute new object addresses
[21.638s][info][gc,phases      ] GC(35) Phase 2: Compute new object addresses 68.161ms
[21.638s][info][gc,phases,start] GC(35) Phase 3: Adjust pointers
[21.642s][info][gc,phases      ] GC(35) Phase 3: Adjust pointers 4.231ms
[21.642s][info][gc,phases,start] GC(35) Phase 4: Move objects
[21.642s][info][gc,phases      ] GC(35) Phase 4: Move objects 0.190ms
[21.643s][info][gc,heap        ] GC(35) ParNew: 220631K->0K(460096K)
[21.643s][info][gc,heap        ] GC(35) CMS: 63503K->5073K(1585984K)
[21.643s][info][gc,metaspace   ] GC(35) Metaspace: 23575K(24576K)->23575K(24576K) NonClass: 20650K(21248K)->20650K(21248K) Class: 2925K(3328K)->2925K(3328K)
[21.644s][info][gc             ] GC(35) Pause Full (System.gc()) 277M->4M(1998M) 80.965ms
[21.644s][info][gc,cpu         ] GC(35) User=0.08s Sys=0.00s Real=0.08s
[23.352s][info][gc,start       ] GC(36) Pause Young (Allocation Failure)
[23.352s][info][gc,task        ] GC(36) Using 6 workers of 6 for evacuation
[23.371s][info][gc,heap        ] GC(36) ParNew: 409024K->26573K(460096K)
[23.373s][info][gc,heap        ] GC(36) CMS: 5073K->5073K(1585984K)
[23.373s][info][gc,metaspace   ] GC(36) Metaspace: 23576K(24576K)->23576K(24576K) NonClass: 20651K(21248K)->20651K(21248K) Class: 2925K(3328K)->2925K(3328K)
[23.373s][info][gc             ] GC(36) Pause Young (Allocation Failure) 404M->30M(1998M) 21.284ms
[23.373s][info][gc,cpu         ] GC(36) User=0.09s Sys=0.00s Real=0.02s
[23.456s][info][gc,start       ] GC(37) Pause Young (Allocation Failure)
[23.456s][info][gc,task        ] GC(37) Using 6 workers of 6 for evacuation
[23.473s][info][gc,heap        ] GC(37) ParNew: 435597K->0K(460096K)
[23.473s][info][gc,heap        ] GC(37) CMS: 5073K->36352K(1585984K)
[23.473s][info][gc,metaspace   ] GC(37) Metaspace: 23576K(24576K)->23576K(24576K) NonClass: 20651K(21248K)->20651K(21248K) Class: 2925K(3328K)->2925K(3328K)
[23.473s][info][gc             ] GC(37) Pause Young (Allocation Failure) 430M->35M(1998M) 16.738ms
[23.473s][info][gc,cpu         ] GC(37) User=0.02s Sys=0.00s Real=0.02s
[23.555s][info][gc,start       ] GC(38) Pause Young (Allocation Failure)
[23.555s][info][gc,task        ] GC(38) Using 6 workers of 6 for evacuation
[23.558s][info][gc,heap        ] GC(38) ParNew: 409024K->0K(460096K)
[23.558s][info][gc,heap        ] GC(38) CMS: 36352K->36352K(1585984K)
[23.558s][info][gc,metaspace   ] GC(38) Metaspace: 23576K(24576K)->23576K(24576K) NonClass: 20651K(21248K)->20651K(21248K) Class: 2925K(3328K)->2925K(3328K)
[23.558s][info][gc             ] GC(38) Pause Young (Allocation Failure) 434M->35M(1998M) 2.794ms
[23.558s][info][gc,cpu         ] GC(38) User=0.00s Sys=0.00s Real=0.00s
[25.272s][info][gc,start       ] GC(39) Pause Young (Allocation Failure)
[25.273s][info][gc,task        ] GC(39) Using 6 workers of 6 for evacuation
[25.291s][info][gc,heap        ] GC(39) ParNew: 409024K->27391K(460096K)
[25.291s][info][gc,heap        ] GC(39) CMS: 36352K->36352K(1585984K)
[25.291s][info][gc,metaspace   ] GC(39) Metaspace: 23576K(24576K)->23576K(24576K) NonClass: 20651K(21248K)->20651K(21248K) Class: 2925K(3328K)->2925K(3328K)
[25.291s][info][gc             ] GC(39) Pause Young (Allocation Failure) 434M->62M(1998M) 18.844ms
[25.291s][info][gc,cpu         ] GC(39) User=0.09s Sys=0.00s Real=0.01s
[25.374s][info][gc,start       ] GC(40) Pause Young (Allocation Failure)
[25.374s][info][gc,task        ] GC(40) Using 6 workers of 6 for evacuation
[25.390s][info][gc,heap        ] GC(40) ParNew: 436415K->0K(460096K)
[25.390s][info][gc,heap        ] GC(40) CMS: 36352K->63563K(1585984K)
[25.390s][info][gc,metaspace   ] GC(40) Metaspace: 23576K(24576K)->23576K(24576K) NonClass: 20651K(21248K)->20651K(21248K) Class: 2925K(3328K)->2925K(3328K)
[25.390s][info][gc             ] GC(40) Pause Young (Allocation Failure) 461M->62M(1998M) 15.715ms
[25.390s][info][gc,cpu         ] GC(40) User=0.02s Sys=0.00s Real=0.02s
[25.473s][info][gc,start       ] GC(41) Pause Young (Allocation Failure)
[25.473s][info][gc,task        ] GC(41) Using 6 workers of 6 for evacuation
[25.475s][info][gc,heap        ] GC(41) ParNew: 409024K->0K(460096K)
[25.475s][info][gc,heap        ] GC(41) CMS: 63563K->63563K(1585984K)
[25.475s][info][gc,metaspace   ] GC(41) Metaspace: 23576K(24576K)->23576K(24576K) NonClass: 20651K(21248K)->20651K(21248K) Class: 2925K(3328K)->2925K(3328K)
[25.475s][info][gc             ] GC(41) Pause Young (Allocation Failure) 461M->62M(1998M) 2.761ms
[25.475s][info][gc,cpu         ] GC(41) User=0.00s Sys=0.00s Real=0.00s
[25.534s][info][gc,start       ] GC(42) Pause Full (System.gc())
[25.534s][info][gc,phases,start] GC(42) Phase 1: Mark live objects
[25.540s][info][gc,phases      ] GC(42) Phase 1: Mark live objects 6.311ms
[25.540s][info][gc,phases,start] GC(42) Phase 2: Compute new object addresses
[25.608s][info][gc,phases      ] GC(42) Phase 2: Compute new object addresses 67.525ms
[25.608s][info][gc,phases,start] GC(42) Phase 3: Adjust pointers
[25.612s][info][gc,phases      ] GC(42) Phase 3: Adjust pointers 4.221ms
[25.612s][info][gc,phases,start] GC(42) Phase 4: Move objects
[25.612s][info][gc,phases      ] GC(42) Phase 4: Move objects 0.197ms
[25.614s][info][gc,heap        ] GC(42) ParNew: 220631K->0K(460096K)
[25.614s][info][gc,heap        ] GC(42) CMS: 63563K->5073K(1585984K)
[25.614s][info][gc,metaspace   ] GC(42) Metaspace: 23576K(24576K)->23576K(24576K) NonClass: 20651K(21248K)->20651K(21248K) Class: 2925K(3328K)->2925K(3328K)
[25.614s][info][gc             ] GC(42) Pause Full (System.gc()) 277M->4M(1998M) 80.206ms
[25.614s][info][gc,cpu         ] GC(42) User=0.08s Sys=0.00s Real=0.08s
[27.316s][info][gc,start       ] GC(43) Pause Young (Allocation Failure)
[27.316s][info][gc,task        ] GC(43) Using 6 workers of 6 for evacuation
[27.334s][info][gc,heap        ] GC(43) ParNew: 409024K->26468K(460096K)
[27.334s][info][gc,heap        ] GC(43) CMS: 5073K->5073K(1585984K)
[27.334s][info][gc,metaspace   ] GC(43) Metaspace: 23579K(24576K)->23579K(24576K) NonClass: 20654K(21248K)->20654K(21248K) Class: 2925K(3328K)->2925K(3328K)
[27.334s][info][gc             ] GC(43) Pause Young (Allocation Failure) 404M->30M(1998M) 18.397ms
[27.334s][info][gc,cpu         ] GC(43) User=0.06s Sys=0.00s Real=0.03s
[27.417s][info][gc,start       ] GC(44) Pause Young (Allocation Failure)
[27.417s][info][gc,task        ] GC(44) Using 6 workers of 6 for evacuation
[27.434s][info][gc,heap        ] GC(44) ParNew: 435492K->0K(460096K)
[27.434s][info][gc,heap        ] GC(44) CMS: 5073K->36356K(1585984K)
[27.434s][info][gc,metaspace   ] GC(44) Metaspace: 23579K(24576K)->23579K(24576K) NonClass: 20654K(21248K)->20654K(21248K) Class: 2925K(3328K)->2925K(3328K)
[27.434s][info][gc             ] GC(44) Pause Young (Allocation Failure) 430M->35M(1998M) 16.490ms
[27.434s][info][gc,cpu         ] GC(44) User=0.02s Sys=0.00s Real=0.02s
[27.516s][info][gc,start       ] GC(45) Pause Young (Allocation Failure)
[27.516s][info][gc,task        ] GC(45) Using 6 workers of 6 for evacuation
[27.518s][info][gc,heap        ] GC(45) ParNew: 409024K->0K(460096K)
[27.519s][info][gc,heap        ] GC(45) CMS: 36356K->36356K(1585984K)
[27.519s][info][gc,metaspace   ] GC(45) Metaspace: 23579K(24576K)->23579K(24576K) NonClass: 20654K(21248K)->20654K(21248K) Class: 2925K(3328K)->2925K(3328K)
[27.519s][info][gc             ] GC(45) Pause Young (Allocation Failure) 434M->35M(1998M) 2.546ms
[27.519s][info][gc,cpu         ] GC(45) User=0.00s Sys=0.00s Real=0.00s
[29.232s][info][gc,start       ] GC(46) Pause Young (Allocation Failure)
[29.232s][info][gc,task        ] GC(46) Using 6 workers of 6 for evacuation
[29.251s][info][gc,heap        ] GC(46) ParNew: 409024K->27289K(460096K)
[29.251s][info][gc,heap        ] GC(46) CMS: 36356K->36356K(1585984K)
[29.251s][info][gc,metaspace   ] GC(46) Metaspace: 23580K(24576K)->23580K(24576K) NonClass: 20654K(21248K)->20654K(21248K) Class: 2925K(3328K)->2925K(3328K)
[29.251s][info][gc             ] GC(46) Pause Young (Allocation Failure) 434M->62M(1998M) 18.937ms
[29.251s][info][gc,cpu         ] GC(46) User=0.09s Sys=0.00s Real=0.02s
[29.334s][info][gc,start       ] GC(47) Pause Young (Allocation Failure)
[29.334s][info][gc,task        ] GC(47) Using 6 workers of 6 for evacuation
[29.350s][info][gc,heap        ] GC(47) ParNew: 436313K->0K(460096K)
[29.350s][info][gc,heap        ] GC(47) CMS: 36356K->63561K(1585984K)
[29.350s][info][gc,metaspace   ] GC(47) Metaspace: 23580K(24576K)->23580K(24576K) NonClass: 20654K(21248K)->20654K(21248K) Class: 2925K(3328K)->2925K(3328K)
[29.350s][info][gc             ] GC(47) Pause Young (Allocation Failure) 461M->62M(1998M) 15.946ms
[29.350s][info][gc,cpu         ] GC(47) User=0.02s Sys=0.00s Real=0.02s
[29.432s][info][gc,start       ] GC(48) Pause Young (Allocation Failure)
[29.433s][info][gc,task        ] GC(48) Using 6 workers of 6 for evacuation
[29.435s][info][gc,heap        ] GC(48) ParNew: 409024K->0K(460096K)
[29.435s][info][gc,heap        ] GC(48) CMS: 63561K->63561K(1585984K)
[29.435s][info][gc,metaspace   ] GC(48) Metaspace: 23580K(24576K)->23580K(24576K) NonClass: 20654K(21248K)->20654K(21248K) Class: 2925K(3328K)->2925K(3328K)
[29.435s][info][gc             ] GC(48) Pause Young (Allocation Failure) 461M->62M(1998M) 2.741ms
[29.435s][info][gc,cpu         ] GC(48) User=0.00s Sys=0.00s Real=0.00s
[29.494s][info][gc,start       ] GC(49) Pause Full (System.gc())
[29.494s][info][gc,phases,start] GC(49) Phase 1: Mark live objects
[29.500s][info][gc,phases      ] GC(49) Phase 1: Mark live objects 6.563ms
[29.500s][info][gc,phases,start] GC(49) Phase 2: Compute new object addresses
[29.568s][info][gc,phases      ] GC(49) Phase 2: Compute new object addresses 67.969ms
[29.568s][info][gc,phases,start] GC(49) Phase 3: Adjust pointers
[29.573s][info][gc,phases      ] GC(49) Phase 3: Adjust pointers 4.151ms
[29.573s][info][gc,phases,start] GC(49) Phase 4: Move objects
[29.573s][info][gc,phases      ] GC(49) Phase 4: Move objects 0.191ms
[29.574s][info][gc,heap        ] GC(49) ParNew: 220631K->0K(460096K)
[29.574s][info][gc,heap        ] GC(49) CMS: 63561K->5073K(1585984K)
[29.574s][info][gc,metaspace   ] GC(49) Metaspace: 23580K(24576K)->23580K(24576K) NonClass: 20655K(21248K)->20655K(21248K) Class: 2925K(3328K)->2925K(3328K)
[29.575s][info][gc             ] GC(49) Pause Full (System.gc()) 277M->4M(1998M) 80.863ms
[29.575s][info][gc,cpu         ] GC(49) User=0.08s Sys=0.00s Real=0.08s
[31.277s][info][gc,start       ] GC(50) Pause Young (Allocation Failure)
[31.277s][info][gc,task        ] GC(50) Using 6 workers of 6 for evacuation
[31.295s][info][gc,heap        ] GC(50) ParNew: 409024K->26496K(460096K)
[31.295s][info][gc,heap        ] GC(50) CMS: 5073K->5073K(1585984K)
[31.295s][info][gc,metaspace   ] GC(50) Metaspace: 23585K(24576K)->23585K(24576K) NonClass: 20659K(21248K)->20659K(21248K) Class: 2925K(3328K)->2925K(3328K)
[31.295s][info][gc             ] GC(50) Pause Young (Allocation Failure) 404M->30M(1998M) 18.375ms
[31.295s][info][gc,cpu         ] GC(50) User=0.09s Sys=0.00s Real=0.03s
[31.378s][info][gc,start       ] GC(51) Pause Young (Allocation Failure)
[31.379s][info][gc,task        ] GC(51) Using 6 workers of 6 for evacuation
[31.395s][info][gc,heap        ] GC(51) ParNew: 435520K->0K(460096K)
[31.395s][info][gc,heap        ] GC(51) CMS: 5073K->36349K(1585984K)
[31.395s][info][gc,metaspace   ] GC(51) Metaspace: 23585K(24576K)->23585K(24576K) NonClass: 20659K(21248K)->20659K(21248K) Class: 2925K(3328K)->2925K(3328K)
[31.395s][info][gc             ] GC(51) Pause Young (Allocation Failure) 430M->35M(1998M) 16.302ms
[31.395s][info][gc,cpu         ] GC(51) User=0.02s Sys=0.00s Real=0.02s
[31.477s][info][gc,start       ] GC(52) Pause Young (Allocation Failure)
[31.477s][info][gc,task        ] GC(52) Using 6 workers of 6 for evacuation
[31.480s][info][gc,heap        ] GC(52) ParNew: 409024K->0K(460096K)
[31.480s][info][gc,heap        ] GC(52) CMS: 36349K->36349K(1585984K)
[31.480s][info][gc,metaspace   ] GC(52) Metaspace: 23585K(24576K)->23585K(24576K) NonClass: 20659K(21248K)->20659K(21248K) Class: 2925K(3328K)->2925K(3328K)
[31.480s][info][gc             ] GC(52) Pause Young (Allocation Failure) 434M->35M(1998M) 2.833ms
[31.480s][info][gc,cpu         ] GC(52) User=0.00s Sys=0.00s Real=0.00s
[33.196s][info][gc,start       ] GC(53) Pause Young (Allocation Failure)
[33.196s][info][gc,task        ] GC(53) Using 6 workers of 6 for evacuation
[33.215s][info][gc,heap        ] GC(53) ParNew: 409024K->27174K(460096K)
[33.215s][info][gc,heap        ] GC(53) CMS: 36349K->36349K(1585984K)
[33.215s][info][gc,metaspace   ] GC(53) Metaspace: 23585K(24576K)->23585K(24576K) NonClass: 20659K(21248K)->20659K(21248K) Class: 2925K(3328K)->2925K(3328K)
[33.215s][info][gc             ] GC(53) Pause Young (Allocation Failure) 434M->62M(1998M) 18.615ms
[33.215s][info][gc,cpu         ] GC(53) User=0.08s Sys=0.00s Real=0.02s
[33.298s][info][gc,start       ] GC(54) Pause Young (Allocation Failure)
[33.298s][info][gc,task        ] GC(54) Using 6 workers of 6 for evacuation
[33.314s][info][gc,heap        ] GC(54) ParNew: 436198K->0K(460096K)
[33.314s][info][gc,heap        ] GC(54) CMS: 36349K->63084K(1585984K)
[33.314s][info][gc,metaspace   ] GC(54) Metaspace: 23585K(24576K)->23585K(24576K) NonClass: 20659K(21248K)->20659K(21248K) Class: 2925K(3328K)->2925K(3328K)
[33.314s][info][gc             ] GC(54) Pause Young (Allocation Failure) 461M->61M(1998M) 15.857ms
[33.314s][info][gc,cpu         ] GC(54) User=0.02s Sys=0.00s Real=0.01s
[33.396s][info][gc,start       ] GC(55) Pause Young (Allocation Failure)
[33.396s][info][gc,task        ] GC(55) Using 6 workers of 6 for evacuation
[33.399s][info][gc,heap        ] GC(55) ParNew: 409024K->0K(460096K)
[33.399s][info][gc,heap        ] GC(55) CMS: 63084K->63084K(1585984K)
[33.399s][info][gc,metaspace   ] GC(55) Metaspace: 23585K(24576K)->23585K(24576K) NonClass: 20659K(21248K)->20659K(21248K) Class: 2925K(3328K)->2925K(3328K)
[33.399s][info][gc             ] GC(55) Pause Young (Allocation Failure) 461M->61M(1998M) 2.587ms
[33.399s][info][gc,cpu         ] GC(55) User=0.02s Sys=0.00s Real=0.02s
[33.458s][info][gc,start       ] GC(56) Pause Full (System.gc())
[33.458s][info][gc,phases,start] GC(56) Phase 1: Mark live objects
[33.464s][info][gc,phases      ] GC(56) Phase 1: Mark live objects 6.731ms
[33.464s][info][gc,phases,start] GC(56) Phase 2: Compute new object addresses
[33.532s][info][gc,phases      ] GC(56) Phase 2: Compute new object addresses 67.308ms
[33.532s][info][gc,phases,start] GC(56) Phase 3: Adjust pointers
[33.536s][info][gc,phases      ] GC(56) Phase 3: Adjust pointers 4.127ms
[33.536s][info][gc,phases,start] GC(56) Phase 4: Move objects
[33.536s][info][gc,phases      ] GC(56) Phase 4: Move objects 0.191ms
[33.537s][info][gc,heap        ] GC(56) ParNew: 220631K->0K(460096K)
[33.538s][info][gc,heap        ] GC(56) CMS: 63084K->5073K(1585984K)
[33.538s][info][gc,metaspace   ] GC(56) Metaspace: 23585K(24576K)->23585K(24576K) NonClass: 20659K(21248K)->20659K(21248K) Class: 2925K(3328K)->2925K(3328K)
[33.538s][info][gc             ] GC(56) Pause Full (System.gc()) 277M->4M(1998M) 80.340ms
[33.538s][info][gc,cpu         ] GC(56) User=0.06s Sys=0.00s Real=0.08s
[35.237s][info][gc,start       ] GC(57) Pause Young (Allocation Failure)
[35.237s][info][gc,task        ] GC(57) Using 6 workers of 6 for evacuation
[35.255s][info][gc,heap        ] GC(57) ParNew: 409024K->26820K(460096K)
[35.255s][info][gc,heap        ] GC(57) CMS: 5073K->5073K(1585984K)
[35.255s][info][gc,metaspace   ] GC(57) Metaspace: 23586K(24576K)->23586K(24576K) NonClass: 20661K(21248K)->20661K(21248K) Class: 2925K(3328K)->2925K(3328K)
[35.256s][info][gc             ] GC(57) Pause Young (Allocation Failure) 404M->31M(1998M) 18.119ms
[35.256s][info][gc,cpu         ] GC(57) User=0.08s Sys=0.00s Real=0.02s
[35.339s][info][gc,start       ] GC(58) Pause Young (Allocation Failure)
[35.339s][info][gc,task        ] GC(58) Using 6 workers of 6 for evacuation
[35.356s][info][gc,heap        ] GC(58) ParNew: 435844K->0K(460096K)
[35.356s][info][gc,heap        ] GC(58) CMS: 5073K->36358K(1585984K)
[35.356s][info][gc,metaspace   ] GC(58) Metaspace: 23586K(24576K)->23586K(24576K) NonClass: 20661K(21248K)->20661K(21248K) Class: 2925K(3328K)->2925K(3328K)
[35.356s][info][gc             ] GC(58) Pause Young (Allocation Failure) 430M->35M(1998M) 17.314ms
[35.356s][info][gc,cpu         ] GC(58) User=0.03s Sys=0.00s Real=0.02s
[35.438s][info][gc,start       ] GC(59) Pause Young (Allocation Failure)
[35.438s][info][gc,task        ] GC(59) Using 6 workers of 6 for evacuation
[35.441s][info][gc,heap        ] GC(59) ParNew: 409024K->0K(460096K)
[35.441s][info][gc,heap        ] GC(59) CMS: 36358K->36358K(1585984K)
[35.441s][info][gc,metaspace   ] GC(59) Metaspace: 23586K(24576K)->23586K(24576K) NonClass: 20661K(21248K)->20661K(21248K) Class: 2925K(3328K)->2925K(3328K)
[35.441s][info][gc             ] GC(59) Pause Young (Allocation Failure) 434M->35M(1998M) 2.740ms
[35.441s][info][gc,cpu         ] GC(59) User=0.00s Sys=0.00s Real=0.01s
[37.152s][info][gc,start       ] GC(60) Pause Young (Allocation Failure)
[37.152s][info][gc,task        ] GC(60) Using 6 workers of 6 for evacuation
[37.171s][info][gc,heap        ] GC(60) ParNew: 409024K->27157K(460096K)
[37.171s][info][gc,heap        ] GC(60) CMS: 36358K->36358K(1585984K)
[37.171s][info][gc,metaspace   ] GC(60) Metaspace: 23586K(24576K)->23586K(24576K) NonClass: 20661K(21248K)->20661K(21248K) Class: 2925K(3328K)->2925K(3328K)
[37.171s][info][gc             ] GC(60) Pause Young (Allocation Failure) 434M->62M(1998M) 19.085ms
[37.171s][info][gc,cpu         ] GC(60) User=0.03s Sys=0.00s Real=0.03s
[37.254s][info][gc,start       ] GC(61) Pause Young (Allocation Failure)
[37.254s][info][gc,task        ] GC(61) Using 6 workers of 6 for evacuation
[37.270s][info][gc,heap        ] GC(61) ParNew: 436181K->0K(460096K)
[37.270s][info][gc,heap        ] GC(61) CMS: 36358K->63190K(1585984K)
[37.270s][info][gc,metaspace   ] GC(61) Metaspace: 23586K(24576K)->23586K(24576K) NonClass: 20661K(21248K)->20661K(21248K) Class: 2925K(3328K)->2925K(3328K)
[37.270s][info][gc             ] GC(61) Pause Young (Allocation Failure) 461M->61M(1998M) 16.006ms
[37.270s][info][gc,cpu         ] GC(61) User=0.02s Sys=0.00s Real=0.02s
[37.352s][info][gc,start       ] GC(62) Pause Young (Allocation Failure)
[37.352s][info][gc,task        ] GC(62) Using 6 workers of 6 for evacuation
[37.355s][info][gc,heap        ] GC(62) ParNew: 409024K->0K(460096K)
[37.355s][info][gc,heap        ] GC(62) CMS: 63190K->63190K(1585984K)
[37.355s][info][gc,metaspace   ] GC(62) Metaspace: 23586K(24576K)->23586K(24576K) NonClass: 20661K(21248K)->20661K(21248K) Class: 2925K(3328K)->2925K(3328K)
[37.355s][info][gc             ] GC(62) Pause Young (Allocation Failure) 461M->61M(1998M) 2.789ms
[37.355s][info][gc,cpu         ] GC(62) User=0.00s Sys=0.00s Real=0.00s
[37.415s][info][gc,start       ] GC(63) Pause Full (System.gc())
[37.415s][info][gc,phases,start] GC(63) Phase 1: Mark live objects
[37.421s][info][gc,phases      ] GC(63) Phase 1: Mark live objects 6.429ms
[37.421s][info][gc,phases,start] GC(63) Phase 2: Compute new object addresses
[37.489s][info][gc,phases      ] GC(63) Phase 2: Compute new object addresses 67.659ms
[37.489s][info][gc,phases,start] GC(63) Phase 3: Adjust pointers
[37.493s][info][gc,phases      ] GC(63) Phase 3: Adjust pointers 4.154ms
[37.493s][info][gc,phases,start] GC(63) Phase 4: Move objects
[37.493s][info][gc,phases      ] GC(63) Phase 4: Move objects 0.189ms
[37.495s][info][gc,heap        ] GC(63) ParNew: 220631K->0K(460096K)
[37.495s][info][gc,heap        ] GC(63) CMS: 63190K->5073K(1585984K)
[37.495s][info][gc,metaspace   ] GC(63) Metaspace: 23591K(24576K)->23591K(24576K) NonClass: 20666K(21248K)->20666K(21248K) Class: 2925K(3328K)->2925K(3328K)
[37.495s][info][gc             ] GC(63) Pause Full (System.gc()) 277M->4M(1998M) 80.345ms
[37.495s][info][gc,cpu         ] GC(63) User=0.08s Sys=0.00s Real=0.08s
[39.194s][info][gc,start       ] GC(64) Pause Young (Allocation Failure)
[39.194s][info][gc,task        ] GC(64) Using 6 workers of 6 for evacuation
[39.212s][info][gc,heap        ] GC(64) ParNew: 409024K->26363K(460096K)
[39.212s][info][gc,heap        ] GC(64) CMS: 5073K->5073K(1585984K)
[39.212s][info][gc,metaspace   ] GC(64) Metaspace: 23592K(24576K)->23592K(24576K) NonClass: 20667K(21248K)->20667K(21248K) Class: 2925K(3328K)->2925K(3328K)
[39.212s][info][gc             ] GC(64) Pause Young (Allocation Failure) 404M->30M(1998M) 18.383ms
[39.212s][info][gc,cpu         ] GC(64) User=0.09s Sys=0.00s Real=0.02s
[39.295s][info][gc,start       ] GC(65) Pause Young (Allocation Failure)
[39.295s][info][gc,task        ] GC(65) Using 6 workers of 6 for evacuation
[39.312s][info][gc,heap        ] GC(65) ParNew: 435387K->0K(460096K)
[39.312s][info][gc,heap        ] GC(65) CMS: 5073K->36351K(1585984K)
[39.312s][info][gc,metaspace   ] GC(65) Metaspace: 23592K(24576K)->23592K(24576K) NonClass: 20667K(21248K)->20667K(21248K) Class: 2925K(3328K)->2925K(3328K)
[39.312s][info][gc             ] GC(65) Pause Young (Allocation Failure) 430M->35M(1998M) 16.669ms
[39.312s][info][gc,cpu         ] GC(65) User=0.02s Sys=0.00s Real=0.01s
[39.394s][info][gc,start       ] GC(66) Pause Young (Allocation Failure)
[39.394s][info][gc,task        ] GC(66) Using 6 workers of 6 for evacuation
[39.397s][info][gc,heap        ] GC(66) ParNew: 409024K->0K(460096K)
[39.397s][info][gc,heap        ] GC(66) CMS: 36351K->36351K(1585984K)
[39.397s][info][gc,metaspace   ] GC(66) Metaspace: 23592K(24576K)->23592K(24576K) NonClass: 20667K(21248K)->20667K(21248K) Class: 2925K(3328K)->2925K(3328K)
[39.397s][info][gc             ] GC(66) Pause Young (Allocation Failure) 434M->35M(1998M) 3.031ms
[39.397s][info][gc,cpu         ] GC(66) User=0.00s Sys=0.00s Real=0.02s
[41.109s][info][gc,start       ] GC(67) Pause Young (Allocation Failure)
[41.109s][info][gc,task        ] GC(67) Using 6 workers of 6 for evacuation
[41.127s][info][gc,heap        ] GC(67) ParNew: 409024K->26984K(460096K)
[41.127s][info][gc,heap        ] GC(67) CMS: 36351K->36351K(1585984K)
[41.127s][info][gc,metaspace   ] GC(67) Metaspace: 23592K(24576K)->23592K(24576K) NonClass: 20667K(21248K)->20667K(21248K) Class: 2925K(3328K)->2925K(3328K)
[41.127s][info][gc             ] GC(67) Pause Young (Allocation Failure) 434M->61M(1998M) 18.593ms
[41.127s][info][gc,cpu         ] GC(67) User=0.08s Sys=0.00s Real=0.02s
[41.210s][info][gc,start       ] GC(68) Pause Young (Allocation Failure)
[41.210s][info][gc,task        ] GC(68) Using 6 workers of 6 for evacuation
[41.226s][info][gc,heap        ] GC(68) ParNew: 436008K->0K(460096K)
[41.227s][info][gc,heap        ] GC(68) CMS: 36351K->63619K(1585984K)
[41.227s][info][gc,metaspace   ] GC(68) Metaspace: 23592K(24576K)->23592K(24576K) NonClass: 20667K(21248K)->20667K(21248K) Class: 2925K(3328K)->2925K(3328K)
[41.227s][info][gc             ] GC(68) Pause Young (Allocation Failure) 461M->62M(1998M) 16.344ms
[41.227s][info][gc,cpu         ] GC(68) User=0.02s Sys=0.00s Real=0.02s
[41.309s][info][gc,start       ] GC(69) Pause Young (Allocation Failure)
[41.309s][info][gc,task        ] GC(69) Using 6 workers of 6 for evacuation
[41.312s][info][gc,heap        ] GC(69) ParNew: 409024K->0K(460096K)
[41.312s][info][gc,heap        ] GC(69) CMS: 63619K->63619K(1585984K)
[41.312s][info][gc,metaspace   ] GC(69) Metaspace: 23592K(24576K)->23592K(24576K) NonClass: 20667K(21248K)->20667K(21248K) Class: 2925K(3328K)->2925K(3328K)
[41.312s][info][gc             ] GC(69) Pause Young (Allocation Failure) 461M->62M(1998M) 2.885ms
[41.312s][info][gc,cpu         ] GC(69) User=0.00s Sys=0.00s Real=0.00s
[41.371s][info][gc,start       ] GC(70) Pause Full (System.gc())
[41.371s][info][gc,phases,start] GC(70) Phase 1: Mark live objects
[41.377s][info][gc,phases      ] GC(70) Phase 1: Mark live objects 6.211ms
[41.377s][info][gc,phases,start] GC(70) Phase 2: Compute new object addresses
[41.445s][info][gc,phases      ] GC(70) Phase 2: Compute new object addresses 67.995ms
[41.445s][info][gc,phases,start] GC(70) Phase 3: Adjust pointers
[41.449s][info][gc,phases      ] GC(70) Phase 3: Adjust pointers 4.143ms
[41.449s][info][gc,phases,start] GC(70) Phase 4: Move objects
[41.450s][info][gc,phases      ] GC(70) Phase 4: Move objects 0.202ms
[41.451s][info][gc,heap        ] GC(70) ParNew: 220631K->0K(460096K)
[41.451s][info][gc,heap        ] GC(70) CMS: 63619K->5074K(1585984K)
[41.451s][info][gc,metaspace   ] GC(70) Metaspace: 23592K(24576K)->23592K(24576K) NonClass: 20667K(21248K)->20667K(21248K) Class: 2925K(3328K)->2925K(3328K)
[41.451s][info][gc             ] GC(70) Pause Full (System.gc()) 277M->4M(1998M) 80.516ms
[41.451s][info][gc,cpu         ] GC(70) User=0.06s Sys=0.02s Real=0.07s
[43.152s][info][gc,start       ] GC(71) Pause Young (Allocation Failure)
[43.152s][info][gc,task        ] GC(71) Using 6 workers of 6 for evacuation
[43.170s][info][gc,heap        ] GC(71) ParNew: 409024K->26644K(460096K)
[43.171s][info][gc,heap        ] GC(71) CMS: 5074K->5074K(1585984K)
[43.171s][info][gc,metaspace   ] GC(71) Metaspace: 23592K(24576K)->23592K(24576K) NonClass: 20667K(21248K)->20667K(21248K) Class: 2925K(3328K)->2925K(3328K)
[43.171s][info][gc             ] GC(71) Pause Young (Allocation Failure) 404M->30M(1998M) 18.941ms
[43.171s][info][gc,cpu         ] GC(71) User=0.08s Sys=0.00s Real=0.02s
[43.254s][info][gc,start       ] GC(72) Pause Young (Allocation Failure)
[43.254s][info][gc,task        ] GC(72) Using 6 workers of 6 for evacuation
[43.271s][info][gc,heap        ] GC(72) ParNew: 435668K->0K(460096K)
[43.271s][info][gc,heap        ] GC(72) CMS: 5074K->36341K(1585984K)
[43.271s][info][gc,metaspace   ] GC(72) Metaspace: 23592K(24576K)->23592K(24576K) NonClass: 20667K(21248K)->20667K(21248K) Class: 2925K(3328K)->2925K(3328K)
[43.271s][info][gc             ] GC(72) Pause Young (Allocation Failure) 430M->35M(1998M) 17.086ms
[43.271s][info][gc,cpu         ] GC(72) User=0.02s Sys=0.00s Real=0.03s
[43.354s][info][gc,start       ] GC(73) Pause Young (Allocation Failure)
[43.354s][info][gc,task        ] GC(73) Using 6 workers of 6 for evacuation
[43.357s][info][gc,heap        ] GC(73) ParNew: 409024K->0K(460096K)
[43.357s][info][gc,heap        ] GC(73) CMS: 36341K->36341K(1585984K)
[43.357s][info][gc,metaspace   ] GC(73) Metaspace: 23592K(24576K)->23592K(24576K) NonClass: 20667K(21248K)->20667K(21248K) Class: 2925K(3328K)->2925K(3328K)
[43.357s][info][gc             ] GC(73) Pause Young (Allocation Failure) 434M->35M(1998M) 2.632ms
[43.357s][info][gc,cpu         ] GC(73) User=0.00s Sys=0.00s Real=0.00s
[45.067s][info][gc,start       ] GC(74) Pause Young (Allocation Failure)
[45.067s][info][gc,task        ] GC(74) Using 6 workers of 6 for evacuation
[45.085s][info][gc,heap        ] GC(74) ParNew: 409024K->27002K(460096K)
[45.085s][info][gc,heap        ] GC(74) CMS: 36341K->36341K(1585984K)
[45.085s][info][gc,metaspace   ] GC(74) Metaspace: 23593K(24576K)->23593K(24576K) NonClass: 20668K(21248K)->20668K(21248K) Class: 2925K(3328K)->2925K(3328K)
[45.085s][info][gc             ] GC(74) Pause Young (Allocation Failure) 434M->61M(1998M) 18.264ms
[45.085s][info][gc,cpu         ] GC(74) User=0.06s Sys=0.00s Real=0.02s
[45.168s][info][gc,start       ] GC(75) Pause Young (Allocation Failure)
[45.168s][info][gc,task        ] GC(75) Using 6 workers of 6 for evacuation
[45.185s][info][gc,heap        ] GC(75) ParNew: 436026K->0K(460096K)
[45.185s][info][gc,heap        ] GC(75) CMS: 36341K->63481K(1585984K)
[45.185s][info][gc,metaspace   ] GC(75) Metaspace: 23593K(24576K)->23593K(24576K) NonClass: 20668K(21248K)->20668K(21248K) Class: 2925K(3328K)->2925K(3328K)
[45.185s][info][gc             ] GC(75) Pause Young (Allocation Failure) 461M->61M(1998M) 16.841ms
[45.185s][info][gc,cpu         ] GC(75) User=0.02s Sys=0.00s Real=0.02s
[45.267s][info][gc,start       ] GC(76) Pause Young (Allocation Failure)
[45.267s][info][gc,task        ] GC(76) Using 6 workers of 6 for evacuation
[45.270s][info][gc,heap        ] GC(76) ParNew: 409024K->0K(460096K)
[45.270s][info][gc,heap        ] GC(76) CMS: 63481K->63481K(1585984K)
[45.270s][info][gc,metaspace   ] GC(76) Metaspace: 23593K(24576K)->23593K(24576K) NonClass: 20668K(21248K)->20668K(21248K) Class: 2925K(3328K)->2925K(3328K)
[45.270s][info][gc             ] GC(76) Pause Young (Allocation Failure) 461M->61M(1998M) 2.687ms
[45.270s][info][gc,cpu         ] GC(76) User=0.02s Sys=0.00s Real=0.02s
[45.329s][info][gc,start       ] GC(77) Pause Full (System.gc())
[45.329s][info][gc,phases,start] GC(77) Phase 1: Mark live objects
[45.335s][info][gc,phases      ] GC(77) Phase 1: Mark live objects 6.555ms
[45.335s][info][gc,phases,start] GC(77) Phase 2: Compute new object addresses
[45.403s][info][gc,phases      ] GC(77) Phase 2: Compute new object addresses 67.389ms
[45.403s][info][gc,phases,start] GC(77) Phase 3: Adjust pointers
[45.407s][info][gc,phases      ] GC(77) Phase 3: Adjust pointers 4.154ms
[45.407s][info][gc,phases,start] GC(77) Phase 4: Move objects
[45.407s][info][gc,phases      ] GC(77) Phase 4: Move objects 0.191ms
[45.408s][info][gc,heap        ] GC(77) ParNew: 220631K->0K(460096K)
[45.408s][info][gc,heap        ] GC(77) CMS: 63481K->5074K(1585984K)
[45.408s][info][gc,metaspace   ] GC(77) Metaspace: 23593K(24576K)->23593K(24576K) NonClass: 20668K(21248K)->20668K(21248K) Class: 2925K(3328K)->2925K(3328K)
[45.409s][info][gc             ] GC(77) Pause Full (System.gc()) 277M->4M(1998M) 80.234ms
[45.409s][info][gc,cpu         ] GC(77) User=0.08s Sys=0.00s Real=0.08s
[47.107s][info][gc,start       ] GC(78) Pause Young (Allocation Failure)
[47.107s][info][gc,task        ] GC(78) Using 6 workers of 6 for evacuation
[47.125s][info][gc,heap        ] GC(78) ParNew: 409024K->26697K(460096K)
[47.125s][info][gc,heap        ] GC(78) CMS: 5074K->5074K(1585984K)
[47.125s][info][gc,metaspace   ] GC(78) Metaspace: 23596K(24576K)->23596K(24576K) NonClass: 20671K(21248K)->20671K(21248K) Class: 2925K(3328K)->2925K(3328K)
[47.125s][info][gc             ] GC(78) Pause Young (Allocation Failure) 404M->31M(1998M) 17.402ms
[47.125s][info][gc,cpu         ] GC(78) User=0.08s Sys=0.00s Real=0.02s
[47.208s][info][gc,start       ] GC(79) Pause Young (Allocation Failure)
[47.208s][info][gc,task        ] GC(79) Using 6 workers of 6 for evacuation
[47.226s][info][gc,heap        ] GC(79) ParNew: 435721K->0K(460096K)
[47.226s][info][gc,heap        ] GC(79) CMS: 5074K->36342K(1585984K)
[47.226s][info][gc,metaspace   ] GC(79) Metaspace: 23596K(24576K)->23596K(24576K) NonClass: 20671K(21248K)->20671K(21248K) Class: 2925K(3328K)->2925K(3328K)
[47.226s][info][gc             ] GC(79) Pause Young (Allocation Failure) 430M->35M(1998M) 17.494ms
[47.226s][info][gc,cpu         ] GC(79) User=0.02s Sys=0.00s Real=0.02s
[47.308s][info][gc,start       ] GC(80) Pause Young (Allocation Failure)
[47.308s][info][gc,task        ] GC(80) Using 6 workers of 6 for evacuation
[47.311s][info][gc,heap        ] GC(80) ParNew: 409024K->0K(460096K)
[47.311s][info][gc,heap        ] GC(80) CMS: 36342K->36342K(1585984K)
[47.311s][info][gc,metaspace   ] GC(80) Metaspace: 23596K(24576K)->23596K(24576K) NonClass: 20671K(21248K)->20671K(21248K) Class: 2925K(3328K)->2925K(3328K)
[47.311s][info][gc             ] GC(80) Pause Young (Allocation Failure) 434M->35M(1998M) 2.617ms
[47.311s][info][gc,cpu         ] GC(80) User=0.00s Sys=0.00s Real=0.02s
[49.021s][info][gc,start       ] GC(81) Pause Young (Allocation Failure)
[49.021s][info][gc,task        ] GC(81) Using 6 workers of 6 for evacuation
[49.040s][info][gc,heap        ] GC(81) ParNew: 409024K->27245K(460096K)
[49.040s][info][gc,heap        ] GC(81) CMS: 36342K->36342K(1585984K)
[49.040s][info][gc,metaspace   ] GC(81) Metaspace: 23597K(24576K)->23597K(24576K) NonClass: 20671K(21248K)->20671K(21248K) Class: 2925K(3328K)->2925K(3328K)
[49.040s][info][gc             ] GC(81) Pause Young (Allocation Failure) 434M->62M(1998M) 18.382ms
[49.040s][info][gc,cpu         ] GC(81) User=0.09s Sys=0.00s Real=0.03s
[49.123s][info][gc,start       ] GC(82) Pause Young (Allocation Failure)
[49.123s][info][gc,task        ] GC(82) Using 6 workers of 6 for evacuation
[49.139s][info][gc,heap        ] GC(82) ParNew: 436269K->0K(460096K)
[49.139s][info][gc,heap        ] GC(82) CMS: 36342K->63315K(1585984K)
[49.139s][info][gc,metaspace   ] GC(82) Metaspace: 23597K(24576K)->23597K(24576K) NonClass: 20671K(21248K)->20671K(21248K) Class: 2925K(3328K)->2925K(3328K)
[49.139s][info][gc             ] GC(82) Pause Young (Allocation Failure) 461M->61M(1998M) 16.080ms
[49.139s][info][gc,cpu         ] GC(82) User=0.02s Sys=0.00s Real=0.02s
[49.221s][info][gc,start       ] GC(83) Pause Young (Allocation Failure)
[49.221s][info][gc,task        ] GC(83) Using 6 workers of 6 for evacuation
[49.224s][info][gc,heap        ] GC(83) ParNew: 409024K->0K(460096K)
[49.224s][info][gc,heap        ] GC(83) CMS: 63315K->63315K(1585984K)
[49.224s][info][gc,metaspace   ] GC(83) Metaspace: 23597K(24576K)->23597K(24576K) NonClass: 20671K(21248K)->20671K(21248K) Class: 2925K(3328K)->2925K(3328K)
[49.224s][info][gc             ] GC(83) Pause Young (Allocation Failure) 461M->61M(1998M) 2.660ms
[49.224s][info][gc,cpu         ] GC(83) User=0.00s Sys=0.00s Real=0.00s
[49.282s][info][gc,start       ] GC(84) Pause Full (System.gc())
[49.282s][info][gc,phases,start] GC(84) Phase 1: Mark live objects
[49.288s][info][gc,phases      ] GC(84) Phase 1: Mark live objects 6.186ms
[49.289s][info][gc,phases,start] GC(84) Phase 2: Compute new object addresses
[49.356s][info][gc,phases      ] GC(84) Phase 2: Compute new object addresses 67.817ms
[49.356s][info][gc,phases,start] GC(84) Phase 3: Adjust pointers
[49.361s][info][gc,phases      ] GC(84) Phase 3: Adjust pointers 4.165ms
[49.361s][info][gc,phases,start] GC(84) Phase 4: Move objects
[49.361s][info][gc,phases      ] GC(84) Phase 4: Move objects 0.190ms
[49.362s][info][gc,heap        ] GC(84) ParNew: 220631K->0K(460096K)
[49.362s][info][gc,heap        ] GC(84) CMS: 63315K->5074K(1585984K)
[49.362s][info][gc,metaspace   ] GC(84) Metaspace: 23597K(24576K)->23597K(24576K) NonClass: 20671K(21248K)->20671K(21248K) Class: 2925K(3328K)->2925K(3328K)
[49.362s][info][gc             ] GC(84) Pause Full (System.gc()) 277M->4M(1998M) 80.260ms
[49.362s][info][gc,cpu         ] GC(84) User=0.08s Sys=0.00s Real=0.08s
[51.064s][info][gc,start       ] GC(85) Pause Young (Allocation Failure)
[51.064s][info][gc,task        ] GC(85) Using 6 workers of 6 for evacuation
[51.082s][info][gc,heap        ] GC(85) ParNew: 409024K->26633K(460096K)
[51.082s][info][gc,heap        ] GC(85) CMS: 5074K->5074K(1585984K)
[51.082s][info][gc,metaspace   ] GC(85) Metaspace: 23599K(24576K)->23599K(24576K) NonClass: 20673K(21248K)->20673K(21248K) Class: 2925K(3328K)->2925K(3328K)
[51.082s][info][gc             ] GC(85) Pause Young (Allocation Failure) 404M->30M(1998M) 18.233ms
[51.082s][info][gc,cpu         ] GC(85) User=0.09s Sys=0.02s Real=0.03s
[51.166s][info][gc,start       ] GC(86) Pause Young (Allocation Failure)
[51.166s][info][gc,task        ] GC(86) Using 6 workers of 6 for evacuation
[51.183s][info][gc,heap        ] GC(86) ParNew: 435657K->0K(460096K)
[51.183s][info][gc,heap        ] GC(86) CMS: 5074K->36351K(1585984K)
[51.183s][info][gc,metaspace   ] GC(86) Metaspace: 23599K(24576K)->23599K(24576K) NonClass: 20673K(21248K)->20673K(21248K) Class: 2925K(3328K)->2925K(3328K)
[51.183s][info][gc             ] GC(86) Pause Young (Allocation Failure) 430M->35M(1998M) 16.648ms
[51.183s][info][gc,cpu         ] GC(86) User=0.02s Sys=0.00s Real=0.02s
[51.265s][info][gc,start       ] GC(87) Pause Young (Allocation Failure)
[51.265s][info][gc,task        ] GC(87) Using 6 workers of 6 for evacuation
[51.268s][info][gc,heap        ] GC(87) ParNew: 409024K->0K(460096K)
[51.268s][info][gc,heap        ] GC(87) CMS: 36351K->36351K(1585984K)
[51.268s][info][gc,metaspace   ] GC(87) Metaspace: 23599K(24576K)->23599K(24576K) NonClass: 20673K(21248K)->20673K(21248K) Class: 2925K(3328K)->2925K(3328K)
[51.268s][info][gc             ] GC(87) Pause Young (Allocation Failure) 434M->35M(1998M) 2.704ms
[51.268s][info][gc,cpu         ] GC(87) User=0.00s Sys=0.00s Real=0.00s
[52.978s][info][gc,start       ] GC(88) Pause Young (Allocation Failure)
[52.978s][info][gc,task        ] GC(88) Using 6 workers of 6 for evacuation
[52.997s][info][gc,heap        ] GC(88) ParNew: 409024K->27225K(460096K)
[52.997s][info][gc,heap        ] GC(88) CMS: 36351K->36351K(1585984K)
[52.997s][info][gc,metaspace   ] GC(88) Metaspace: 23599K(24576K)->23599K(24576K) NonClass: 20674K(21248K)->20674K(21248K) Class: 2925K(3328K)->2925K(3328K)
[52.997s][info][gc             ] GC(88) Pause Young (Allocation Failure) 434M->62M(1998M) 18.603ms
[52.997s][info][gc,cpu         ] GC(88) User=0.09s Sys=0.00s Real=0.03s
[53.079s][info][gc,start       ] GC(89) Pause Young (Allocation Failure)
[53.079s][info][gc,task        ] GC(89) Using 6 workers of 6 for evacuation
[53.096s][info][gc,heap        ] GC(89) ParNew: 436249K->0K(460096K)
[53.096s][info][gc,heap        ] GC(89) CMS: 36351K->63203K(1585984K)
[53.096s][info][gc,metaspace   ] GC(89) Metaspace: 23599K(24576K)->23599K(24576K) NonClass: 20674K(21248K)->20674K(21248K) Class: 2925K(3328K)->2925K(3328K)
[53.096s][info][gc             ] GC(89) Pause Young (Allocation Failure) 461M->61M(1998M) 16.317ms
[53.096s][info][gc,cpu         ] GC(89) User=0.02s Sys=0.00s Real=0.02s
[53.179s][info][gc,start       ] GC(90) Pause Young (Allocation Failure)
[53.179s][info][gc,task        ] GC(90) Using 6 workers of 6 for evacuation
[53.182s][info][gc,heap        ] GC(90) ParNew: 409024K->0K(460096K)
[53.182s][info][gc,heap        ] GC(90) CMS: 63203K->63203K(1585984K)
[53.182s][info][gc,metaspace   ] GC(90) Metaspace: 23599K(24576K)->23599K(24576K) NonClass: 20674K(21248K)->20674K(21248K) Class: 2925K(3328K)->2925K(3328K)
[53.182s][info][gc             ] GC(90) Pause Young (Allocation Failure) 461M->61M(1998M) 2.912ms
[53.182s][info][gc,cpu         ] GC(90) User=0.00s Sys=0.00s Real=0.00s
[53.241s][info][gc,start       ] GC(91) Pause Full (System.gc())
[53.241s][info][gc,phases,start] GC(91) Phase 1: Mark live objects
[53.248s][info][gc,phases      ] GC(91) Phase 1: Mark live objects 6.596ms
[53.248s][info][gc,phases,start] GC(91) Phase 2: Compute new object addresses
[53.314s][info][gc,phases      ] GC(91) Phase 2: Compute new object addresses 66.082ms
[53.314s][info][gc,phases,start] GC(91) Phase 3: Adjust pointers
[53.318s][info][gc,phases      ] GC(91) Phase 3: Adjust pointers 4.140ms
[53.318s][info][gc,phases,start] GC(91) Phase 4: Move objects
[53.318s][info][gc,phases      ] GC(91) Phase 4: Move objects 0.190ms
[53.319s][info][gc,heap        ] GC(91) ParNew: 220631K->0K(460096K)
[53.319s][info][gc,heap        ] GC(91) CMS: 63203K->5074K(1585984K)
[53.319s][info][gc,metaspace   ] GC(91) Metaspace: 23601K(24576K)->23601K(24576K) NonClass: 20676K(21248K)->20676K(21248K) Class: 2925K(3328K)->2925K(3328K)
[53.320s][info][gc             ] GC(91) Pause Full (System.gc()) 277M->4M(1998M) 78.988ms
[53.320s][info][gc,cpu         ] GC(91) User=0.08s Sys=0.00s Real=0.08s
[55.017s][info][gc,start       ] GC(92) Pause Young (Allocation Failure)
[55.017s][info][gc,task        ] GC(92) Using 6 workers of 6 for evacuation
[55.035s][info][gc,heap        ] GC(92) ParNew: 409024K->26729K(460096K)
[55.035s][info][gc,heap        ] GC(92) CMS: 5074K->5074K(1585984K)
[55.035s][info][gc,metaspace   ] GC(92) Metaspace: 23603K(24576K)->23603K(24576K) NonClass: 20677K(21248K)->20677K(21248K) Class: 2925K(3328K)->2925K(3328K)
[55.035s][info][gc             ] GC(92) Pause Young (Allocation Failure) 404M->31M(1998M) 17.574ms
[55.035s][info][gc,cpu         ] GC(92) User=0.08s Sys=0.00s Real=0.02s
[55.118s][info][gc,start       ] GC(93) Pause Young (Allocation Failure)
[55.118s][info][gc,task        ] GC(93) Using 6 workers of 6 for evacuation
[55.134s][info][gc,heap        ] GC(93) ParNew: 435753K->0K(460096K)
[55.135s][info][gc,heap        ] GC(93) CMS: 5074K->36350K(1585984K)
[55.135s][info][gc,metaspace   ] GC(93) Metaspace: 23603K(24576K)->23603K(24576K) NonClass: 20677K(21248K)->20677K(21248K) Class: 2925K(3328K)->2925K(3328K)
[55.135s][info][gc             ] GC(93) Pause Young (Allocation Failure) 430M->35M(1998M) 16.852ms
[55.135s][info][gc,cpu         ] GC(93) User=0.02s Sys=0.00s Real=0.02s
[55.218s][info][gc,start       ] GC(94) Pause Young (Allocation Failure)
[55.218s][info][gc,task        ] GC(94) Using 6 workers of 6 for evacuation
[55.221s][info][gc,heap        ] GC(94) ParNew: 409024K->0K(460096K)
[55.221s][info][gc,heap        ] GC(94) CMS: 36350K->36350K(1585984K)
[55.221s][info][gc,metaspace   ] GC(94) Metaspace: 23603K(24576K)->23603K(24576K) NonClass: 20677K(21248K)->20677K(21248K) Class: 2925K(3328K)->2925K(3328K)
[55.221s][info][gc             ] GC(94) Pause Young (Allocation Failure) 434M->35M(1998M) 3.027ms
[55.221s][info][gc,cpu         ] GC(94) User=0.00s Sys=0.00s Real=0.00s
[56.935s][info][gc,start       ] GC(95) Pause Young (Allocation Failure)
[56.935s][info][gc,task        ] GC(95) Using 6 workers of 6 for evacuation
[56.955s][info][gc,heap        ] GC(95) ParNew: 409024K->27079K(460096K)
[56.955s][info][gc,heap        ] GC(95) CMS: 36350K->36350K(1585984K)
[56.955s][info][gc,metaspace   ] GC(95) Metaspace: 23603K(24576K)->23603K(24576K) NonClass: 20677K(21248K)->20677K(21248K) Class: 2925K(3328K)->2925K(3328K)
[56.955s][info][gc             ] GC(95) Pause Young (Allocation Failure) 434M->61M(1998M) 19.429ms
[56.955s][info][gc,cpu         ] GC(95) User=0.09s Sys=0.00s Real=0.03s
[57.037s][info][gc,start       ] GC(96) Pause Young (Allocation Failure)
[57.037s][info][gc,task        ] GC(96) Using 6 workers of 6 for evacuation
[57.053s][info][gc,heap        ] GC(96) ParNew: 436103K->0K(460096K)
[57.053s][info][gc,heap        ] GC(96) CMS: 36350K->63470K(1585984K)
[57.053s][info][gc,metaspace   ] GC(96) Metaspace: 23603K(24576K)->23603K(24576K) NonClass: 20677K(21248K)->20677K(21248K) Class: 2925K(3328K)->2925K(3328K)
[57.053s][info][gc             ] GC(96) Pause Young (Allocation Failure) 461M->61M(1998M) 15.638ms
[57.053s][info][gc,cpu         ] GC(96) User=0.02s Sys=0.00s Real=0.02s
[57.135s][info][gc,start       ] GC(97) Pause Young (Allocation Failure)
[57.135s][info][gc,task        ] GC(97) Using 6 workers of 6 for evacuation
[57.138s][info][gc,heap        ] GC(97) ParNew: 409024K->0K(460096K)
[57.138s][info][gc,heap        ] GC(97) CMS: 63470K->63470K(1585984K)
[57.138s][info][gc,metaspace   ] GC(97) Metaspace: 23603K(24576K)->23603K(24576K) NonClass: 20677K(21248K)->20677K(21248K) Class: 2925K(3328K)->2925K(3328K)
[57.138s][info][gc             ] GC(97) Pause Young (Allocation Failure) 461M->61M(1998M) 2.828ms
[57.138s][info][gc,cpu         ] GC(97) User=0.00s Sys=0.00s Real=0.00s
[57.198s][info][gc,start       ] GC(98) Pause Full (System.gc())
[57.198s][info][gc,phases,start] GC(98) Phase 1: Mark live objects
[57.204s][info][gc,phases      ] GC(98) Phase 1: Mark live objects 6.475ms
[57.204s][info][gc,phases,start] GC(98) Phase 2: Compute new object addresses
[57.271s][info][gc,phases      ] GC(98) Phase 2: Compute new object addresses 66.290ms
[57.271s][info][gc,phases,start] GC(98) Phase 3: Adjust pointers
[57.275s][info][gc,phases      ] GC(98) Phase 3: Adjust pointers 4.127ms
[57.275s][info][gc,phases,start] GC(98) Phase 4: Move objects
[57.275s][info][gc,phases      ] GC(98) Phase 4: Move objects 0.189ms
[57.276s][info][gc,heap        ] GC(98) ParNew: 220631K->0K(460096K)
[57.276s][info][gc,heap        ] GC(98) CMS: 63470K->5074K(1585984K)
[57.276s][info][gc,metaspace   ] GC(98) Metaspace: 23604K(24576K)->23604K(24576K) NonClass: 20679K(21248K)->20679K(21248K) Class: 2925K(3328K)->2925K(3328K)
[57.277s][info][gc             ] GC(98) Pause Full (System.gc()) 277M->4M(1998M) 79.056ms
[57.277s][info][gc,cpu         ] GC(98) User=0.08s Sys=0.00s Real=0.08s
[58.975s][info][gc,start       ] GC(99) Pause Young (Allocation Failure)
[58.975s][info][gc,task        ] GC(99) Using 6 workers of 6 for evacuation
[58.993s][info][gc,heap        ] GC(99) ParNew: 409024K->26735K(460096K)
[58.993s][info][gc,heap        ] GC(99) CMS: 5074K->5074K(1585984K)
[58.993s][info][gc,metaspace   ] GC(99) Metaspace: 23612K(24576K)->23612K(24576K) NonClass: 20686K(21248K)->20686K(21248K) Class: 2925K(3328K)->2925K(3328K)
[58.993s][info][gc             ] GC(99) Pause Young (Allocation Failure) 404M->31M(1998M) 18.128ms
[58.993s][info][gc,cpu         ] GC(99) User=0.08s Sys=0.00s Real=0.01s
[59.076s][info][gc,start       ] GC(100) Pause Young (Allocation Failure)
[59.076s][info][gc,task        ] GC(100) Using 6 workers of 6 for evacuation
[59.092s][info][gc,heap        ] GC(100) ParNew: 435759K->0K(460096K)
[59.092s][info][gc,heap        ] GC(100) CMS: 5074K->36353K(1585984K)
[59.093s][info][gc,metaspace   ] GC(100) Metaspace: 23612K(24576K)->23612K(24576K) NonClass: 20686K(21248K)->20686K(21248K) Class: 2925K(3328K)->2925K(3328K)
[59.093s][info][gc             ] GC(100) Pause Young (Allocation Failure) 430M->35M(1998M) 16.680ms
[59.093s][info][gc,cpu         ] GC(100) User=0.02s Sys=0.00s Real=0.02s
[59.175s][info][gc,start       ] GC(101) Pause Young (Allocation Failure)
[59.175s][info][gc,task        ] GC(101) Using 6 workers of 6 for evacuation
[59.178s][info][gc,heap        ] GC(101) ParNew: 409024K->0K(460096K)
[59.178s][info][gc,heap        ] GC(101) CMS: 36353K->36353K(1585984K)
[59.178s][info][gc,metaspace   ] GC(101) Metaspace: 23612K(24576K)->23612K(24576K) NonClass: 20686K(21248K)->20686K(21248K) Class: 2925K(3328K)->2925K(3328K)
[59.178s][info][gc             ] GC(101) Pause Young (Allocation Failure) 434M->35M(1998M) 3.033ms
[59.178s][info][gc,cpu         ] GC(101) User=0.00s Sys=0.00s Real=0.00s
[60.894s][info][gc,start       ] GC(102) Pause Young (Allocation Failure)
[60.894s][info][gc,task        ] GC(102) Using 6 workers of 6 for evacuation
[60.912s][info][gc,heap        ] GC(102) ParNew: 409024K->27128K(460096K)
[60.912s][info][gc,heap        ] GC(102) CMS: 36353K->36353K(1585984K)
[60.912s][info][gc,metaspace   ] GC(102) Metaspace: 23614K(24576K)->23614K(24576K) NonClass: 20689K(21248K)->20689K(21248K) Class: 2925K(3328K)->2925K(3328K)
[60.912s][info][gc             ] GC(102) Pause Young (Allocation Failure) 434M->61M(1998M) 18.052ms
[60.912s][info][gc,cpu         ] GC(102) User=0.09s Sys=0.00s Real=0.02s
[60.995s][info][gc,start       ] GC(103) Pause Young (Allocation Failure)
[60.995s][info][gc,task        ] GC(103) Using 6 workers of 6 for evacuation
[61.011s][info][gc,heap        ] GC(103) ParNew: 436152K->0K(460096K)
[61.011s][info][gc,heap        ] GC(103) CMS: 36353K->63375K(1585984K)
[61.012s][info][gc,metaspace   ] GC(103) Metaspace: 23614K(24576K)->23614K(24576K) NonClass: 20689K(21248K)->20689K(21248K) Class: 2925K(3328K)->2925K(3328K)
[61.012s][info][gc             ] GC(103) Pause Young (Allocation Failure) 461M->61M(1998M) 16.250ms
[61.012s][info][gc,cpu         ] GC(103) User=0.02s Sys=0.00s Real=0.02s
[61.094s][info][gc,start       ] GC(104) Pause Young (Allocation Failure)
[61.094s][info][gc,task        ] GC(104) Using 6 workers of 6 for evacuation
[61.097s][info][gc,heap        ] GC(104) ParNew: 409024K->0K(460096K)
[61.097s][info][gc,heap        ] GC(104) CMS: 63375K->63375K(1585984K)
[61.097s][info][gc,metaspace   ] GC(104) Metaspace: 23614K(24576K)->23614K(24576K) NonClass: 20689K(21248K)->20689K(21248K) Class: 2925K(3328K)->2925K(3328K)
[61.097s][info][gc             ] GC(104) Pause Young (Allocation Failure) 461M->61M(1998M) 2.780ms
[61.097s][info][gc,cpu         ] GC(104) User=0.00s Sys=0.00s Real=0.00s
[61.156s][info][gc,start       ] GC(105) Pause Full (System.gc())
[61.156s][info][gc,phases,start] GC(105) Phase 1: Mark live objects
[61.163s][info][gc,phases      ] GC(105) Phase 1: Mark live objects 6.770ms
[61.163s][info][gc,phases,start] GC(105) Phase 2: Compute new object addresses
[61.230s][info][gc,phases      ] GC(105) Phase 2: Compute new object addresses 67.583ms
[61.230s][info][gc,phases,start] GC(105) Phase 3: Adjust pointers
[61.234s][info][gc,phases      ] GC(105) Phase 3: Adjust pointers 4.169ms
[61.234s][info][gc,phases,start] GC(105) Phase 4: Move objects
[61.235s][info][gc,phases      ] GC(105) Phase 4: Move objects 0.191ms
[61.236s][info][gc,heap        ] GC(105) ParNew: 220631K->0K(460096K)
[61.236s][info][gc,heap        ] GC(105) CMS: 63375K->5074K(1585984K)
[61.236s][info][gc,metaspace   ] GC(105) Metaspace: 23618K(24576K)->23618K(24576K) NonClass: 20692K(21248K)->20692K(21248K) Class: 2925K(3328K)->2925K(3328K)
[61.236s][info][gc             ] GC(105) Pause Full (System.gc()) 277M->4M(1998M) 80.686ms
[61.236s][info][gc,cpu         ] GC(105) User=0.08s Sys=0.00s Real=0.08s
[62.936s][info][gc,start       ] GC(106) Pause Young (Allocation Failure)
[62.936s][info][gc,task        ] GC(106) Using 6 workers of 6 for evacuation
[62.957s][info][gc,heap        ] GC(106) ParNew: 409024K->26624K(460096K)
[62.957s][info][gc,heap        ] GC(106) CMS: 5074K->5074K(1585984K)
[62.957s][info][gc,metaspace   ] GC(106) Metaspace: 23618K(24576K)->23618K(24576K) NonClass: 20692K(21248K)->20692K(21248K) Class: 2925K(3328K)->2925K(3328K)
[62.957s][info][gc             ] GC(106) Pause Young (Allocation Failure) 404M->30M(1998M) 21.215ms
[62.957s][info][gc,cpu         ] GC(106) User=0.03s Sys=0.00s Real=0.01s
[63.039s][info][gc,start       ] GC(107) Pause Young (Allocation Failure)
[63.040s][info][gc,task        ] GC(107) Using 6 workers of 6 for evacuation
[63.055s][info][gc,heap        ] GC(107) ParNew: 435648K->0K(460096K)
[63.056s][info][gc,heap        ] GC(107) CMS: 5074K->36345K(1585984K)
[63.056s][info][gc,metaspace   ] GC(107) Metaspace: 23618K(24576K)->23618K(24576K) NonClass: 20692K(21248K)->20692K(21248K) Class: 2925K(3328K)->2925K(3328K)
[63.056s][info][gc             ] GC(107) Pause Young (Allocation Failure) 430M->35M(1998M) 16.096ms
[63.056s][info][gc,cpu         ] GC(107) User=0.02s Sys=0.00s Real=0.02s
[63.138s][info][gc,start       ] GC(108) Pause Young (Allocation Failure)
[63.138s][info][gc,task        ] GC(108) Using 6 workers of 6 for evacuation
[63.141s][info][gc,heap        ] GC(108) ParNew: 409024K->0K(460096K)
[63.141s][info][gc,heap        ] GC(108) CMS: 36345K->36345K(1585984K)
[63.141s][info][gc,metaspace   ] GC(108) Metaspace: 23618K(24576K)->23618K(24576K) NonClass: 20692K(21248K)->20692K(21248K) Class: 2925K(3328K)->2925K(3328K)
[63.141s][info][gc             ] GC(108) Pause Young (Allocation Failure) 434M->35M(1998M) 2.755ms
[63.141s][info][gc,cpu         ] GC(108) User=0.02s Sys=0.00s Real=0.02s
[64.852s][info][gc,start       ] GC(109) Pause Young (Allocation Failure)
[64.852s][info][gc,task        ] GC(109) Using 6 workers of 6 for evacuation
[64.871s][info][gc,heap        ] GC(109) ParNew: 409024K->27422K(460096K)
[64.871s][info][gc,heap        ] GC(109) CMS: 36345K->36345K(1585984K)
[64.871s][info][gc,metaspace   ] GC(109) Metaspace: 23618K(24576K)->23618K(24576K) NonClass: 20692K(21248K)->20692K(21248K) Class: 2925K(3328K)->2925K(3328K)
[64.871s][info][gc             ] GC(109) Pause Young (Allocation Failure) 434M->62M(1998M) 18.218ms
[64.871s][info][gc,cpu         ] GC(109) User=0.08s Sys=0.00s Real=0.02s
[64.955s][info][gc,start       ] GC(110) Pause Young (Allocation Failure)
[64.955s][info][gc,task        ] GC(110) Using 6 workers of 6 for evacuation
[64.971s][info][gc,heap        ] GC(110) ParNew: 436446K->0K(460096K)
[64.971s][info][gc,heap        ] GC(110) CMS: 36345K->63608K(1585984K)
[64.971s][info][gc,metaspace   ] GC(110) Metaspace: 23618K(24576K)->23618K(24576K) NonClass: 20692K(21248K)->20692K(21248K) Class: 2925K(3328K)->2925K(3328K)
[64.971s][info][gc             ] GC(110) Pause Young (Allocation Failure) 461M->62M(1998M) 16.241ms
[64.971s][info][gc,cpu         ] GC(110) User=0.02s Sys=0.00s Real=0.01s
[65.053s][info][gc,start       ] GC(111) Pause Young (Allocation Failure)
[65.053s][info][gc,task        ] GC(111) Using 6 workers of 6 for evacuation
[65.056s][info][gc,heap        ] GC(111) ParNew: 409024K->0K(460096K)
[65.056s][info][gc,heap        ] GC(111) CMS: 63608K->63608K(1585984K)
[65.056s][info][gc,metaspace   ] GC(111) Metaspace: 23618K(24576K)->23618K(24576K) NonClass: 20692K(21248K)->20692K(21248K) Class: 2925K(3328K)->2925K(3328K)
[65.056s][info][gc             ] GC(111) Pause Young (Allocation Failure) 461M->62M(1998M) 2.676ms
[65.056s][info][gc,cpu         ] GC(111) User=0.00s Sys=0.00s Real=0.02s
[65.114s][info][gc,start       ] GC(112) Pause Full (System.gc())
[65.114s][info][gc,phases,start] GC(112) Phase 1: Mark live objects
[65.121s][info][gc,phases      ] GC(112) Phase 1: Mark live objects 6.173ms
[65.121s][info][gc,phases,start] GC(112) Phase 2: Compute new object addresses
[65.187s][info][gc,phases      ] GC(112) Phase 2: Compute new object addresses 66.616ms
[65.187s][info][gc,phases,start] GC(112) Phase 3: Adjust pointers
[65.191s][info][gc,phases      ] GC(112) Phase 3: Adjust pointers 4.185ms
[65.191s][info][gc,phases,start] GC(112) Phase 4: Move objects
[65.192s][info][gc,phases      ] GC(112) Phase 4: Move objects 0.191ms
[65.193s][info][gc,heap        ] GC(112) ParNew: 220631K->0K(460096K)
[65.193s][info][gc,heap        ] GC(112) CMS: 63608K->5074K(1585984K)
[65.193s][info][gc,metaspace   ] GC(112) Metaspace: 23618K(24576K)->23618K(24576K) NonClass: 20692K(21248K)->20692K(21248K) Class: 2925K(3328K)->2925K(3328K)
[65.193s][info][gc             ] GC(112) Pause Full (System.gc()) 277M->4M(1998M) 79.122ms
[65.193s][info][gc,cpu         ] GC(112) User=0.08s Sys=0.00s Real=0.08s
[66.890s][info][gc,start       ] GC(113) Pause Young (Allocation Failure)
[66.890s][info][gc,task        ] GC(113) Using 6 workers of 6 for evacuation
[66.908s][info][gc,heap        ] GC(113) ParNew: 409024K->26661K(460096K)
[66.908s][info][gc,heap        ] GC(113) CMS: 5074K->5074K(1585984K)
[66.908s][info][gc,metaspace   ] GC(113) Metaspace: 23623K(24576K)->23623K(24576K) NonClass: 20697K(21248K)->20697K(21248K) Class: 2925K(3328K)->2925K(3328K)
[66.908s][info][gc             ] GC(113) Pause Young (Allocation Failure) 404M->30M(1998M) 17.576ms
[66.908s][info][gc,cpu         ] GC(113) User=0.08s Sys=0.00s Real=0.03s
[66.991s][info][gc,start       ] GC(114) Pause Young (Allocation Failure)
[66.991s][info][gc,task        ] GC(114) Using 6 workers of 6 for evacuation
[67.008s][info][gc,heap        ] GC(114) ParNew: 435685K->0K(460096K)
[67.008s][info][gc,heap        ] GC(114) CMS: 5074K->36345K(1585984K)
[67.008s][info][gc,metaspace   ] GC(114) Metaspace: 23623K(24576K)->23623K(24576K) NonClass: 20697K(21248K)->20697K(21248K) Class: 2925K(3328K)->2925K(3328K)
[67.008s][info][gc             ] GC(114) Pause Young (Allocation Failure) 430M->35M(1998M) 16.569ms
[67.008s][info][gc,cpu         ] GC(114) User=0.02s Sys=0.00s Real=0.02s
[67.090s][info][gc,start       ] GC(115) Pause Young (Allocation Failure)
[67.090s][info][gc,task        ] GC(115) Using 6 workers of 6 for evacuation
[67.093s][info][gc,heap        ] GC(115) ParNew: 409024K->0K(460096K)
[67.093s][info][gc,heap        ] GC(115) CMS: 36345K->36345K(1585984K)
[67.093s][info][gc,metaspace   ] GC(115) Metaspace: 23623K(24576K)->23623K(24576K) NonClass: 20697K(21248K)->20697K(21248K) Class: 2925K(3328K)->2925K(3328K)
[67.093s][info][gc             ] GC(115) Pause Young (Allocation Failure) 434M->35M(1998M) 2.976ms
[67.093s][info][gc,cpu         ] GC(115) User=0.00s Sys=0.00s Real=0.00s
[68.802s][info][gc,start       ] GC(116) Pause Young (Allocation Failure)
[68.802s][info][gc,task        ] GC(116) Using 6 workers of 6 for evacuation
[68.821s][info][gc,heap        ] GC(116) ParNew: 409024K->27038K(460096K)
[68.821s][info][gc,heap        ] GC(116) CMS: 36345K->36345K(1585984K)
[68.821s][info][gc,metaspace   ] GC(116) Metaspace: 23625K(24576K)->23625K(24576K) NonClass: 20699K(21248K)->20699K(21248K) Class: 2925K(3328K)->2925K(3328K)
[68.821s][info][gc             ] GC(116) Pause Young (Allocation Failure) 434M->61M(1998M) 18.639ms
[68.821s][info][gc,cpu         ] GC(116) User=0.08s Sys=0.00s Real=0.03s
[68.904s][info][gc,start       ] GC(117) Pause Young (Allocation Failure)
[68.904s][info][gc,task        ] GC(117) Using 6 workers of 6 for evacuation
[68.920s][info][gc,heap        ] GC(117) ParNew: 436062K->0K(460096K)
[68.920s][info][gc,heap        ] GC(117) CMS: 36345K->63097K(1585984K)
[68.920s][info][gc,metaspace   ] GC(117) Metaspace: 23625K(24576K)->23625K(24576K) NonClass: 20699K(21248K)->20699K(21248K) Class: 2925K(3328K)->2925K(3328K)
[68.920s][info][gc             ] GC(117) Pause Young (Allocation Failure) 461M->61M(1998M) 16.007ms
[68.920s][info][gc,cpu         ] GC(117) User=0.02s Sys=0.00s Real=0.02s
[69.003s][info][gc,start       ] GC(118) Pause Young (Allocation Failure)
[69.003s][info][gc,task        ] GC(118) Using 6 workers of 6 for evacuation
[69.005s][info][gc,heap        ] GC(118) ParNew: 409024K->0K(460096K)
[69.006s][info][gc,heap        ] GC(118) CMS: 63097K->63097K(1585984K)
[69.006s][info][gc,metaspace   ] GC(118) Metaspace: 23625K(24576K)->23625K(24576K) NonClass: 20699K(21248K)->20699K(21248K) Class: 2925K(3328K)->2925K(3328K)
[69.006s][info][gc             ] GC(118) Pause Young (Allocation Failure) 461M->61M(1998M) 2.921ms
[69.006s][info][gc,cpu         ] GC(118) User=0.00s Sys=0.00s Real=0.00s
[69.065s][info][gc,start       ] GC(119) Pause Full (System.gc())
[69.065s][info][gc,phases,start] GC(119) Phase 1: Mark live objects
[69.072s][info][gc,phases      ] GC(119) Phase 1: Mark live objects 6.619ms
[69.072s][info][gc,phases,start] GC(119) Phase 2: Compute new object addresses
[69.139s][info][gc,phases      ] GC(119) Phase 2: Compute new object addresses 67.239ms
[69.139s][info][gc,phases,start] GC(119) Phase 3: Adjust pointers
[69.143s][info][gc,phases      ] GC(119) Phase 3: Adjust pointers 4.195ms
[69.143s][info][gc,phases,start] GC(119) Phase 4: Move objects
[69.143s][info][gc,phases      ] GC(119) Phase 4: Move objects 0.190ms
[69.145s][info][gc,heap        ] GC(119) ParNew: 220631K->0K(460096K)
[69.145s][info][gc,heap        ] GC(119) CMS: 63097K->5074K(1585984K)
[69.145s][info][gc,metaspace   ] GC(119) Metaspace: 23625K(24576K)->23625K(24576K) NonClass: 20699K(21248K)->20699K(21248K) Class: 2925K(3328K)->2925K(3328K)
[69.145s][info][gc             ] GC(119) Pause Full (System.gc()) 277M->4M(1998M) 80.171ms
[69.145s][info][gc,cpu         ] GC(119) User=0.08s Sys=0.00s Real=0.08s
[70.845s][info][gc,start       ] GC(120) Pause Young (Allocation Failure)
[70.845s][info][gc,task        ] GC(120) Using 6 workers of 6 for evacuation
[70.864s][info][gc,heap        ] GC(120) ParNew: 409024K->26557K(460096K)
[70.864s][info][gc,heap        ] GC(120) CMS: 5074K->5074K(1585984K)
[70.864s][info][gc,metaspace   ] GC(120) Metaspace: 23625K(24576K)->23625K(24576K) NonClass: 20699K(21248K)->20699K(21248K) Class: 2925K(3328K)->2925K(3328K)
[70.864s][info][gc             ] GC(120) Pause Young (Allocation Failure) 404M->30M(1998M) 18.493ms
[70.864s][info][gc,cpu         ] GC(120) User=0.00s Sys=0.00s Real=0.01s
[70.949s][info][gc,start       ] GC(121) Pause Young (Allocation Failure)
[70.949s][info][gc,task        ] GC(121) Using 6 workers of 6 for evacuation
[70.965s][info][gc,heap        ] GC(121) ParNew: 435581K->0K(460096K)
[70.965s][info][gc,heap        ] GC(121) CMS: 5074K->36350K(1585984K)
[70.965s][info][gc,metaspace   ] GC(121) Metaspace: 23625K(24576K)->23625K(24576K) NonClass: 20699K(21248K)->20699K(21248K) Class: 2925K(3328K)->2925K(3328K)
[70.965s][info][gc             ] GC(121) Pause Young (Allocation Failure) 430M->35M(1998M) 16.376ms
[70.965s][info][gc,cpu         ] GC(121) User=0.02s Sys=0.00s Real=0.02s
[71.048s][info][gc,start       ] GC(122) Pause Young (Allocation Failure)
[71.048s][info][gc,task        ] GC(122) Using 6 workers of 6 for evacuation
[71.051s][info][gc,heap        ] GC(122) ParNew: 409024K->0K(460096K)
[71.051s][info][gc,heap        ] GC(122) CMS: 36350K->36350K(1585984K)
[71.051s][info][gc,metaspace   ] GC(122) Metaspace: 23625K(24576K)->23625K(24576K) NonClass: 20699K(21248K)->20699K(21248K) Class: 2925K(3328K)->2925K(3328K)
[71.051s][info][gc             ] GC(122) Pause Young (Allocation Failure) 434M->35M(1998M) 3.064ms
[71.051s][info][gc,cpu         ] GC(122) User=0.00s Sys=0.00s Real=0.00s
[72.762s][info][gc,start       ] GC(123) Pause Young (Allocation Failure)
[72.762s][info][gc,task        ] GC(123) Using 6 workers of 6 for evacuation
[72.781s][info][gc,heap        ] GC(123) ParNew: 409024K->27185K(460096K)
[72.781s][info][gc,heap        ] GC(123) CMS: 36350K->36350K(1585984K)
[72.781s][info][gc,metaspace   ] GC(123) Metaspace: 23625K(24576K)->23625K(24576K) NonClass: 20699K(21248K)->20699K(21248K) Class: 2925K(3328K)->2925K(3328K)
[72.781s][info][gc             ] GC(123) Pause Young (Allocation Failure) 434M->62M(1998M) 18.718ms
[72.781s][info][gc,cpu         ] GC(123) User=0.08s Sys=0.00s Real=0.03s
[72.864s][info][gc,start       ] GC(124) Pause Young (Allocation Failure)
[72.864s][info][gc,task        ] GC(124) Using 6 workers of 6 for evacuation
[72.879s][info][gc,heap        ] GC(124) ParNew: 436209K->0K(460096K)
[72.879s][info][gc,heap        ] GC(124) CMS: 36350K->63341K(1585984K)
[72.879s][info][gc,metaspace   ] GC(124) Metaspace: 23625K(24576K)->23625K(24576K) NonClass: 20699K(21248K)->20699K(21248K) Class: 2925K(3328K)->2925K(3328K)
[72.879s][info][gc             ] GC(124) Pause Young (Allocation Failure) 461M->61M(1998M) 15.325ms
[72.879s][info][gc,cpu         ] GC(124) User=0.02s Sys=0.00s Real=0.02s
[72.963s][info][gc,start       ] GC(125) Pause Young (Allocation Failure)
[72.963s][info][gc,task        ] GC(125) Using 6 workers of 6 for evacuation
[72.965s][info][gc,heap        ] GC(125) ParNew: 409024K->0K(460096K)
[72.965s][info][gc,heap        ] GC(125) CMS: 63341K->63341K(1585984K)
[72.965s][info][gc,metaspace   ] GC(125) Metaspace: 23625K(24576K)->23625K(24576K) NonClass: 20699K(21248K)->20699K(21248K) Class: 2925K(3328K)->2925K(3328K)
[72.965s][info][gc             ] GC(125) Pause Young (Allocation Failure) 461M->61M(1998M) 2.757ms
[72.965s][info][gc,cpu         ] GC(125) User=0.00s Sys=0.00s Real=0.00s
[73.024s][info][gc,start       ] GC(126) Pause Full (System.gc())
[73.024s][info][gc,phases,start] GC(126) Phase 1: Mark live objects
[73.031s][info][gc,phases      ] GC(126) Phase 1: Mark live objects 6.385ms
[73.031s][info][gc,phases,start] GC(126) Phase 2: Compute new object addresses
[73.098s][info][gc,phases      ] GC(126) Phase 2: Compute new object addresses 67.516ms
[73.098s][info][gc,phases,start] GC(126) Phase 3: Adjust pointers
[73.103s][info][gc,phases      ] GC(126) Phase 3: Adjust pointers 4.210ms
[73.103s][info][gc,phases,start] GC(126) Phase 4: Move objects
[73.103s][info][gc,phases      ] GC(126) Phase 4: Move objects 0.190ms
[73.104s][info][gc,heap        ] GC(126) ParNew: 220631K->0K(460096K)
[73.104s][info][gc,heap        ] GC(126) CMS: 63341K->5074K(1585984K)
[73.104s][info][gc,metaspace   ] GC(126) Metaspace: 23627K(24576K)->23627K(24576K) NonClass: 20701K(21248K)->20701K(21248K) Class: 2925K(3328K)->2925K(3328K)
[73.104s][info][gc             ] GC(126) Pause Full (System.gc()) 277M->4M(1998M) 80.248ms
[73.104s][info][gc,cpu         ] GC(126) User=0.08s Sys=0.00s Real=0.08s
[74.805s][info][gc,start       ] GC(127) Pause Young (Allocation Failure)
[74.805s][info][gc,task        ] GC(127) Using 6 workers of 6 for evacuation
[74.824s][info][gc,heap        ] GC(127) ParNew: 409024K->26291K(460096K)
[74.824s][info][gc,heap        ] GC(127) CMS: 5074K->5074K(1585984K)
[74.824s][info][gc,metaspace   ] GC(127) Metaspace: 23628K(24576K)->23628K(24576K) NonClass: 20702K(21248K)->20702K(21248K) Class: 2925K(3328K)->2925K(3328K)
[74.824s][info][gc             ] GC(127) Pause Young (Allocation Failure) 404M->30M(1998M) 18.839ms
[74.824s][info][gc,cpu         ] GC(127) User=0.09s Sys=0.00s Real=0.03s
[74.907s][info][gc,start       ] GC(128) Pause Young (Allocation Failure)
[74.907s][info][gc,task        ] GC(128) Using 6 workers of 6 for evacuation
[74.923s][info][gc,heap        ] GC(128) ParNew: 435315K->0K(460096K)
[74.923s][info][gc,heap        ] GC(128) CMS: 5074K->36339K(1585984K)
[74.923s][info][gc,metaspace   ] GC(128) Metaspace: 23628K(24576K)->23628K(24576K) NonClass: 20702K(21248K)->20702K(21248K) Class: 2925K(3328K)->2925K(3328K)
[74.923s][info][gc             ] GC(128) Pause Young (Allocation Failure) 430M->35M(1998M) 16.639ms
[74.923s][info][gc,cpu         ] GC(128) User=0.02s Sys=0.00s Real=0.01s
[75.006s][info][gc,start       ] GC(129) Pause Young (Allocation Failure)
[75.006s][info][gc,task        ] GC(129) Using 6 workers of 6 for evacuation
[75.009s][info][gc,heap        ] GC(129) ParNew: 409024K->0K(460096K)
[75.009s][info][gc,heap        ] GC(129) CMS: 36339K->36339K(1585984K)
[75.009s][info][gc,metaspace   ] GC(129) Metaspace: 23628K(24576K)->23628K(24576K) NonClass: 20702K(21248K)->20702K(21248K) Class: 2925K(3328K)->2925K(3328K)
[75.009s][info][gc             ] GC(129) Pause Young (Allocation Failure) 434M->35M(1998M) 2.600ms
[75.009s][info][gc,cpu         ] GC(129) User=0.00s Sys=0.00s Real=0.00s
[76.720s][info][gc,start       ] GC(130) Pause Young (Allocation Failure)
[76.720s][info][gc,task        ] GC(130) Using 6 workers of 6 for evacuation
[76.738s][info][gc,heap        ] GC(130) ParNew: 409024K->27518K(460096K)
[76.738s][info][gc,heap        ] GC(130) CMS: 36339K->36339K(1585984K)
[76.738s][info][gc,metaspace   ] GC(130) Metaspace: 23632K(24576K)->23632K(24576K) NonClass: 20707K(21248K)->20707K(21248K) Class: 2925K(3328K)->2925K(3328K)
[76.738s][info][gc             ] GC(130) Pause Young (Allocation Failure) 434M->62M(1998M) 17.917ms
[76.738s][info][gc,cpu         ] GC(130) User=0.08s Sys=0.00s Real=0.03s
[76.821s][info][gc,start       ] GC(131) Pause Young (Allocation Failure)
[76.821s][info][gc,task        ] GC(131) Using 6 workers of 6 for evacuation
[76.837s][info][gc,heap        ] GC(131) ParNew: 436542K->0K(460096K)
[76.837s][info][gc,heap        ] GC(131) CMS: 36339K->63223K(1585984K)
[76.837s][info][gc,metaspace   ] GC(131) Metaspace: 23632K(24576K)->23632K(24576K) NonClass: 20707K(21248K)->20707K(21248K) Class: 2925K(3328K)->2925K(3328K)
[76.837s][info][gc             ] GC(131) Pause Young (Allocation Failure) 461M->61M(1998M) 16.246ms
[76.837s][info][gc,cpu         ] GC(131) User=0.02s Sys=0.00s Real=0.02s
[76.919s][info][gc,start       ] GC(132) Pause Young (Allocation Failure)
[76.920s][info][gc,task        ] GC(132) Using 6 workers of 6 for evacuation
[76.922s][info][gc,heap        ] GC(132) ParNew: 409024K->0K(460096K)
[76.922s][info][gc,heap        ] GC(132) CMS: 63223K->63223K(1585984K)
[76.922s][info][gc,metaspace   ] GC(132) Metaspace: 23632K(24576K)->23632K(24576K) NonClass: 20707K(21248K)->20707K(21248K) Class: 2925K(3328K)->2925K(3328K)
[76.922s][info][gc             ] GC(132) Pause Young (Allocation Failure) 461M->61M(1998M) 2.905ms
[76.922s][info][gc,cpu         ] GC(132) User=0.00s Sys=0.00s Real=0.00s
[76.983s][info][gc,start       ] GC(133) Pause Full (System.gc())
[76.983s][info][gc,phases,start] GC(133) Phase 1: Mark live objects
[76.990s][info][gc,phases      ] GC(133) Phase 1: Mark live objects 6.768ms
[76.990s][info][gc,phases,start] GC(133) Phase 2: Compute new object addresses
[77.058s][info][gc,phases      ] GC(133) Phase 2: Compute new object addresses 67.783ms
[77.058s][info][gc,phases,start] GC(133) Phase 3: Adjust pointers
[77.062s][info][gc,phases      ] GC(133) Phase 3: Adjust pointers 4.185ms
[77.062s][info][gc,phases,start] GC(133) Phase 4: Move objects
[77.062s][info][gc,phases      ] GC(133) Phase 4: Move objects 0.191ms
[77.063s][info][gc,heap        ] GC(133) ParNew: 220631K->0K(460096K)
[77.063s][info][gc,heap        ] GC(133) CMS: 63223K->5074K(1585984K)
[77.063s][info][gc,metaspace   ] GC(133) Metaspace: 23633K(24576K)->23633K(24576K) NonClass: 20707K(21248K)->20707K(21248K) Class: 2925K(3328K)->2925K(3328K)
[77.064s][info][gc             ] GC(133) Pause Full (System.gc()) 277M->4M(1998M) 80.901ms
[77.064s][info][gc,cpu         ] GC(133) User=0.08s Sys=0.00s Real=0.08s
[78.760s][info][gc,start       ] GC(134) Pause Young (Allocation Failure)
[78.760s][info][gc,task        ] GC(134) Using 6 workers of 6 for evacuation
[78.777s][info][gc,heap        ] GC(134) ParNew: 409024K->26779K(460096K)
[78.778s][info][gc,heap        ] GC(134) CMS: 5074K->5074K(1585984K)
[78.778s][info][gc,metaspace   ] GC(134) Metaspace: 23633K(24576K)->23633K(24576K) NonClass: 20707K(21248K)->20707K(21248K) Class: 2925K(3328K)->2925K(3328K)
[78.778s][info][gc             ] GC(134) Pause Young (Allocation Failure) 404M->31M(1998M) 17.469ms
[78.778s][info][gc,cpu         ] GC(134) User=0.00s Sys=0.00s Real=0.01s
[78.862s][info][gc,start       ] GC(135) Pause Young (Allocation Failure)
[78.862s][info][gc,task        ] GC(135) Using 6 workers of 6 for evacuation
[78.879s][info][gc,heap        ] GC(135) ParNew: 435803K->0K(460096K)
[78.879s][info][gc,heap        ] GC(135) CMS: 5074K->36351K(1585984K)
[78.879s][info][gc,metaspace   ] GC(135) Metaspace: 23633K(24576K)->23633K(24576K) NonClass: 20707K(21248K)->20707K(21248K) Class: 2925K(3328K)->2925K(3328K)
[78.879s][info][gc             ] GC(135) Pause Young (Allocation Failure) 430M->35M(1998M) 16.689ms
[78.879s][info][gc,cpu         ] GC(135) User=0.02s Sys=0.00s Real=0.02s
[78.963s][info][gc,start       ] GC(136) Pause Young (Allocation Failure)
[78.963s][info][gc,task        ] GC(136) Using 6 workers of 6 for evacuation
[78.965s][info][gc,heap        ] GC(136) ParNew: 409024K->0K(460096K)
[78.966s][info][gc,heap        ] GC(136) CMS: 36351K->36351K(1585984K)
[78.966s][info][gc,metaspace   ] GC(136) Metaspace: 23633K(24576K)->23633K(24576K) NonClass: 20707K(21248K)->20707K(21248K) Class: 2925K(3328K)->2925K(3328K)
[78.966s][info][gc             ] GC(136) Pause Young (Allocation Failure) 434M->35M(1998M) 3.019ms
[78.966s][info][gc,cpu         ] GC(136) User=0.00s Sys=0.00s Real=0.00s
[80.675s][info][gc,start       ] GC(137) Pause Young (Allocation Failure)
[80.675s][info][gc,task        ] GC(137) Using 6 workers of 6 for evacuation
[80.693s][info][gc,heap        ] GC(137) ParNew: 409024K->27250K(460096K)
[80.693s][info][gc,heap        ] GC(137) CMS: 36351K->36351K(1585984K)
[80.693s][info][gc,metaspace   ] GC(137) Metaspace: 23633K(24576K)->23633K(24576K) NonClass: 20707K(21248K)->20707K(21248K) Class: 2925K(3328K)->2925K(3328K)
[80.693s][info][gc             ] GC(137) Pause Young (Allocation Failure) 434M->62M(1998M) 18.465ms
[80.693s][info][gc,cpu         ] GC(137) User=0.09s Sys=0.00s Real=0.01s
[80.776s][info][gc,start       ] GC(138) Pause Young (Allocation Failure)
[80.776s][info][gc,task        ] GC(138) Using 6 workers of 6 for evacuation
[80.792s][info][gc,heap        ] GC(138) ParNew: 436274K->0K(460096K)
[80.792s][info][gc,heap        ] GC(138) CMS: 36351K->63548K(1585984K)
[80.792s][info][gc,metaspace   ] GC(138) Metaspace: 23633K(24576K)->23633K(24576K) NonClass: 20707K(21248K)->20707K(21248K) Class: 2925K(3328K)->2925K(3328K)
[80.792s][info][gc             ] GC(138) Pause Young (Allocation Failure) 461M->62M(1998M) 15.549ms
[80.792s][info][gc,cpu         ] GC(138) User=0.02s Sys=0.00s Real=0.02s
[80.874s][info][gc,start       ] GC(139) Pause Young (Allocation Failure)
[80.874s][info][gc,task        ] GC(139) Using 6 workers of 6 for evacuation
[80.877s][info][gc,heap        ] GC(139) ParNew: 409024K->0K(460096K)
[80.877s][info][gc,heap        ] GC(139) CMS: 63548K->63548K(1585984K)
[80.877s][info][gc,metaspace   ] GC(139) Metaspace: 23633K(24576K)->23633K(24576K) NonClass: 20707K(21248K)->20707K(21248K) Class: 2925K(3328K)->2925K(3328K)
[80.877s][info][gc             ] GC(139) Pause Young (Allocation Failure) 461M->62M(1998M) 2.922ms
[80.877s][info][gc,cpu         ] GC(139) User=0.00s Sys=0.00s Real=0.00s
[80.939s][info][gc,start       ] GC(140) Pause Full (System.gc())
[80.939s][info][gc,phases,start] GC(140) Phase 1: Mark live objects
[80.945s][info][gc,phases      ] GC(140) Phase 1: Mark live objects 6.113ms
[80.945s][info][gc,phases,start] GC(140) Phase 2: Compute new object addresses
[81.013s][info][gc,phases      ] GC(140) Phase 2: Compute new object addresses 67.278ms
[81.013s][info][gc,phases,start] GC(140) Phase 3: Adjust pointers
[81.017s][info][gc,phases      ] GC(140) Phase 3: Adjust pointers 4.192ms
[81.017s][info][gc,phases,start] GC(140) Phase 4: Move objects
[81.017s][info][gc,phases      ] GC(140) Phase 4: Move objects 0.210ms
[81.018s][info][gc,heap        ] GC(140) ParNew: 220631K->0K(460096K)
[81.018s][info][gc,heap        ] GC(140) CMS: 63548K->5074K(1585984K)
[81.018s][info][gc,metaspace   ] GC(140) Metaspace: 23635K(24576K)->23635K(24576K) NonClass: 20710K(21248K)->20710K(21248K) Class: 2925K(3328K)->2925K(3328K)
[81.019s][info][gc             ] GC(140) Pause Full (System.gc()) 277M->4M(1998M) 79.770ms
[81.019s][info][gc,cpu         ] GC(140) User=0.08s Sys=0.00s Real=0.08s
[82.718s][info][gc,start       ] GC(141) Pause Young (Allocation Failure)
[82.718s][info][gc,task        ] GC(141) Using 6 workers of 6 for evacuation
[82.736s][info][gc,heap        ] GC(141) ParNew: 409024K->26852K(460096K)
[82.736s][info][gc,heap        ] GC(141) CMS: 5074K->5074K(1585984K)
[82.736s][info][gc,metaspace   ] GC(141) Metaspace: 23635K(24576K)->23635K(24576K) NonClass: 20710K(21248K)->20710K(21248K) Class: 2925K(3328K)->2925K(3328K)
[82.736s][info][gc             ] GC(141) Pause Young (Allocation Failure) 404M->31M(1998M) 17.820ms
[82.736s][info][gc,cpu         ] GC(141) User=0.09s Sys=0.00s Real=0.02s
[82.820s][info][gc,start       ] GC(142) Pause Young (Allocation Failure)
[82.820s][info][gc,task        ] GC(142) Using 6 workers of 6 for evacuation
[82.836s][info][gc,heap        ] GC(142) ParNew: 435876K->0K(460096K)
[82.837s][info][gc,heap        ] GC(142) CMS: 5074K->36362K(1585984K)
[82.837s][info][gc,metaspace   ] GC(142) Metaspace: 23635K(24576K)->23635K(24576K) NonClass: 20710K(21248K)->20710K(21248K) Class: 2925K(3328K)->2925K(3328K)
[82.837s][info][gc             ] GC(142) Pause Young (Allocation Failure) 430M->35M(1998M) 16.272ms
[82.837s][info][gc,cpu         ] GC(142) User=0.02s Sys=0.00s Real=0.02s
[82.919s][info][gc,start       ] GC(143) Pause Young (Allocation Failure)
[82.919s][info][gc,task        ] GC(143) Using 6 workers of 6 for evacuation
[82.922s][info][gc,heap        ] GC(143) ParNew: 409024K->0K(460096K)
[82.922s][info][gc,heap        ] GC(143) CMS: 36362K->36362K(1585984K)
[82.922s][info][gc,metaspace   ] GC(143) Metaspace: 23635K(24576K)->23635K(24576K) NonClass: 20710K(21248K)->20710K(21248K) Class: 2925K(3328K)->2925K(3328K)
[82.922s][info][gc             ] GC(143) Pause Young (Allocation Failure) 434M->35M(1998M) 2.846ms
[82.922s][info][gc,cpu         ] GC(143) User=0.00s Sys=0.00s Real=0.00s
[84.637s][info][gc,start       ] GC(144) Pause Young (Allocation Failure)
[84.637s][info][gc,task        ] GC(144) Using 6 workers of 6 for evacuation
[84.656s][info][gc,heap        ] GC(144) ParNew: 409024K->27129K(460096K)
[84.656s][info][gc,heap        ] GC(144) CMS: 36362K->36362K(1585984K)
[84.656s][info][gc,metaspace   ] GC(144) Metaspace: 23635K(24576K)->23635K(24576K) NonClass: 20710K(21248K)->20710K(21248K) Class: 2925K(3328K)->2925K(3328K)
[84.656s][info][gc             ] GC(144) Pause Young (Allocation Failure) 434M->62M(1998M) 18.952ms
[84.656s][info][gc,cpu         ] GC(144) User=0.11s Sys=0.00s Real=0.03s
[84.740s][info][gc,start       ] GC(145) Pause Young (Allocation Failure)
[84.740s][info][gc,task        ] GC(145) Using 6 workers of 6 for evacuation
[84.756s][info][gc,heap        ] GC(145) ParNew: 436153K->0K(460096K)
[84.756s][info][gc,heap        ] GC(145) CMS: 36362K->63599K(1585984K)
[84.756s][info][gc,metaspace   ] GC(145) Metaspace: 23635K(24576K)->23635K(24576K) NonClass: 20710K(21248K)->20710K(21248K) Class: 2925K(3328K)->2925K(3328K)
[84.756s][info][gc             ] GC(145) Pause Young (Allocation Failure) 461M->62M(1998M) 16.031ms
[84.756s][info][gc,cpu         ] GC(145) User=0.02s Sys=0.00s Real=0.01s
[84.838s][info][gc,start       ] GC(146) Pause Young (Allocation Failure)
[84.838s][info][gc,task        ] GC(146) Using 6 workers of 6 for evacuation
[84.841s][info][gc,heap        ] GC(146) ParNew: 409024K->0K(460096K)
[84.841s][info][gc,heap        ] GC(146) CMS: 63599K->63599K(1585984K)
[84.841s][info][gc,metaspace   ] GC(146) Metaspace: 23635K(24576K)->23635K(24576K) NonClass: 20710K(21248K)->20710K(21248K) Class: 2925K(3328K)->2925K(3328K)
[84.841s][info][gc             ] GC(146) Pause Young (Allocation Failure) 461M->62M(1998M) 2.659ms
[84.841s][info][gc,cpu         ] GC(146) User=0.00s Sys=0.00s Real=0.00s
[84.899s][info][gc,start       ] GC(147) Pause Full (System.gc())
[84.900s][info][gc,phases,start] GC(147) Phase 1: Mark live objects
[84.906s][info][gc,phases      ] GC(147) Phase 1: Mark live objects 6.347ms
[84.906s][info][gc,phases,start] GC(147) Phase 2: Compute new object addresses
[84.973s][info][gc,phases      ] GC(147) Phase 2: Compute new object addresses 66.720ms
[84.973s][info][gc,phases,start] GC(147) Phase 3: Adjust pointers
[84.977s][info][gc,phases      ] GC(147) Phase 3: Adjust pointers 4.175ms
[84.977s][info][gc,phases,start] GC(147) Phase 4: Move objects
[84.977s][info][gc,phases      ] GC(147) Phase 4: Move objects 0.193ms
[84.978s][info][gc,heap        ] GC(147) ParNew: 220631K->0K(460096K)
[84.978s][info][gc,heap        ] GC(147) CMS: 63599K->5074K(1585984K)
[84.978s][info][gc,metaspace   ] GC(147) Metaspace: 23636K(24576K)->23636K(24576K) NonClass: 20710K(21248K)->20710K(21248K) Class: 2925K(3328K)->2925K(3328K)
[84.979s][info][gc             ] GC(147) Pause Full (System.gc()) 277M->4M(1998M) 79.410ms
[84.979s][info][gc,cpu         ] GC(147) User=0.08s Sys=0.00s Real=0.08s
[86.676s][info][gc,start       ] GC(148) Pause Young (Allocation Failure)
[86.677s][info][gc,task        ] GC(148) Using 6 workers of 6 for evacuation
[86.695s][info][gc,heap        ] GC(148) ParNew: 409024K->26561K(460096K)
[86.695s][info][gc,heap        ] GC(148) CMS: 5074K->5074K(1585984K)
[86.695s][info][gc,metaspace   ] GC(148) Metaspace: 23648K(24576K)->23648K(24576K) NonClass: 20722K(21248K)->20722K(21248K) Class: 2925K(3328K)->2925K(3328K)
[86.695s][info][gc             ] GC(148) Pause Young (Allocation Failure) 404M->30M(1998M) 18.299ms
[86.695s][info][gc,cpu         ] GC(148) User=0.02s Sys=0.00s Real=0.02s
[86.779s][info][gc,start       ] GC(149) Pause Young (Allocation Failure)
[86.779s][info][gc,task        ] GC(149) Using 6 workers of 6 for evacuation
[86.796s][info][gc,heap        ] GC(149) ParNew: 435585K->0K(460096K)
[86.796s][info][gc,heap        ] GC(149) CMS: 5074K->36360K(1585984K)
[86.796s][info][gc,metaspace   ] GC(149) Metaspace: 23648K(24576K)->23648K(24576K) NonClass: 20722K(21248K)->20722K(21248K) Class: 2925K(3328K)->2925K(3328K)
[86.796s][info][gc             ] GC(149) Pause Young (Allocation Failure) 430M->35M(1998M) 17.937ms
[86.796s][info][gc,cpu         ] GC(149) User=0.00s Sys=0.00s Real=0.01s
[86.879s][info][gc,start       ] GC(150) Pause Young (Allocation Failure)
[86.879s][info][gc,task        ] GC(150) Using 6 workers of 6 for evacuation
[86.882s][info][gc,heap        ] GC(150) ParNew: 409024K->0K(460096K)
[86.882s][info][gc,heap        ] GC(150) CMS: 36360K->36360K(1585984K)
[86.882s][info][gc,metaspace   ] GC(150) Metaspace: 23648K(24576K)->23648K(24576K) NonClass: 20722K(21248K)->20722K(21248K) Class: 2925K(3328K)->2925K(3328K)
[86.882s][info][gc             ] GC(150) Pause Young (Allocation Failure) 434M->35M(1998M) 2.751ms
[86.882s][info][gc,cpu         ] GC(150) User=0.00s Sys=0.00s Real=0.00s
[88.594s][info][gc,start       ] GC(151) Pause Young (Allocation Failure)
[88.594s][info][gc,task        ] GC(151) Using 6 workers of 6 for evacuation
[88.612s][info][gc,heap        ] GC(151) ParNew: 409024K->27292K(460096K)
[88.612s][info][gc,heap        ] GC(151) CMS: 36360K->36360K(1585984K)
[88.612s][info][gc,metaspace   ] GC(151) Metaspace: 23648K(24576K)->23648K(24576K) NonClass: 20722K(21248K)->20722K(21248K) Class: 2925K(3328K)->2925K(3328K)
[88.612s][info][gc             ] GC(151) Pause Young (Allocation Failure) 434M->62M(1998M) 18.570ms
[88.612s][info][gc,cpu         ] GC(151) User=0.05s Sys=0.00s Real=0.02s
[88.695s][info][gc,start       ] GC(152) Pause Young (Allocation Failure)
[88.695s][info][gc,task        ] GC(152) Using 6 workers of 6 for evacuation
[88.713s][info][gc,heap        ] GC(152) ParNew: 436316K->0K(460096K)
[88.713s][info][gc,heap        ] GC(152) CMS: 36360K->63505K(1585984K)
[88.713s][info][gc,metaspace   ] GC(152) Metaspace: 23648K(24576K)->23648K(24576K) NonClass: 20722K(21248K)->20722K(21248K) Class: 2925K(3328K)->2925K(3328K)
[88.713s][info][gc             ] GC(152) Pause Young (Allocation Failure) 461M->62M(1998M) 17.923ms
[88.713s][info][gc,cpu         ] GC(152) User=0.03s Sys=0.00s Real=0.02s
[88.797s][info][gc,start       ] GC(153) Pause Young (Allocation Failure)
[88.797s][info][gc,task        ] GC(153) Using 6 workers of 6 for evacuation
[88.799s][info][gc,heap        ] GC(153) ParNew: 409024K->0K(460096K)
[88.799s][info][gc,heap        ] GC(153) CMS: 63505K->63505K(1585984K)
[88.799s][info][gc,metaspace   ] GC(153) Metaspace: 23648K(24576K)->23648K(24576K) NonClass: 20722K(21248K)->20722K(21248K) Class: 2925K(3328K)->2925K(3328K)
[88.799s][info][gc             ] GC(153) Pause Young (Allocation Failure) 461M->62M(1998M) 2.676ms
[88.799s][info][gc,cpu         ] GC(153) User=0.00s Sys=0.00s Real=0.01s
[88.858s][info][gc,start       ] GC(154) Pause Full (System.gc())
[88.858s][info][gc,phases,start] GC(154) Phase 1: Mark live objects
[88.865s][info][gc,phases      ] GC(154) Phase 1: Mark live objects 6.576ms
[88.865s][info][gc,phases,start] GC(154) Phase 2: Compute new object addresses
[88.932s][info][gc,phases      ] GC(154) Phase 2: Compute new object addresses 67.463ms
[88.932s][info][gc,phases,start] GC(154) Phase 3: Adjust pointers
[88.936s][info][gc,phases      ] GC(154) Phase 3: Adjust pointers 4.337ms
[88.936s][info][gc,phases,start] GC(154) Phase 4: Move objects
[88.937s][info][gc,phases      ] GC(154) Phase 4: Move objects 0.222ms
[88.938s][info][gc,heap        ] GC(154) ParNew: 220631K->0K(460096K)
[88.938s][info][gc,heap        ] GC(154) CMS: 63505K->5074K(1585984K)
[88.938s][info][gc,metaspace   ] GC(154) Metaspace: 23652K(24576K)->23652K(24576K) NonClass: 20727K(21248K)->20727K(21248K) Class: 2925K(3328K)->2925K(3328K)
[88.939s][info][gc             ] GC(154) Pause Full (System.gc()) 277M->4M(1998M) 81.082ms
[88.939s][info][gc,cpu         ] GC(154) User=0.08s Sys=0.00s Real=0.09s
[90.635s][info][gc,start       ] GC(155) Pause Young (Allocation Failure)
[90.635s][info][gc,task        ] GC(155) Using 6 workers of 6 for evacuation
[90.653s][info][gc,heap        ] GC(155) ParNew: 409024K->26429K(460096K)
[90.653s][info][gc,heap        ] GC(155) CMS: 5074K->5074K(1585984K)
[90.653s][info][gc,metaspace   ] GC(155) Metaspace: 23657K(24576K)->23657K(24576K) NonClass: 20731K(21248K)->20731K(21248K) Class: 2925K(3328K)->2925K(3328K)
[90.653s][info][gc             ] GC(155) Pause Young (Allocation Failure) 404M->30M(1998M) 17.724ms
[90.653s][info][gc,cpu         ] GC(155) User=0.08s Sys=0.00s Real=0.02s
[90.736s][info][gc,start       ] GC(156) Pause Young (Allocation Failure)
[90.736s][info][gc,task        ] GC(156) Using 6 workers of 6 for evacuation
[90.753s][info][gc,heap        ] GC(156) ParNew: 435453K->0K(460096K)
[90.753s][info][gc,heap        ] GC(156) CMS: 5074K->36344K(1585984K)
[90.753s][info][gc,metaspace   ] GC(156) Metaspace: 23657K(24576K)->23657K(24576K) NonClass: 20731K(21248K)->20731K(21248K) Class: 2925K(3328K)->2925K(3328K)
[90.753s][info][gc             ] GC(156) Pause Young (Allocation Failure) 430M->35M(1998M) 16.794ms
[90.753s][info][gc,cpu         ] GC(156) User=0.02s Sys=0.00s Real=0.02s
[90.837s][info][gc,start       ] GC(157) Pause Young (Allocation Failure)
[90.837s][info][gc,task        ] GC(157) Using 6 workers of 6 for evacuation
[90.840s][info][gc,heap        ] GC(157) ParNew: 409024K->0K(460096K)
[90.840s][info][gc,heap        ] GC(157) CMS: 36344K->36344K(1585984K)
[90.840s][info][gc,metaspace   ] GC(157) Metaspace: 23657K(24576K)->23657K(24576K) NonClass: 20731K(21248K)->20731K(21248K) Class: 2925K(3328K)->2925K(3328K)
[90.840s][info][gc             ] GC(157) Pause Young (Allocation Failure) 434M->35M(1998M) 2.896ms
[90.840s][info][gc,cpu         ] GC(157) User=0.02s Sys=0.00s Real=0.02s
[92.549s][info][gc,start       ] GC(158) Pause Young (Allocation Failure)
[92.549s][info][gc,task        ] GC(158) Using 6 workers of 6 for evacuation
[92.567s][info][gc,heap        ] GC(158) ParNew: 409024K->27210K(460096K)
[92.567s][info][gc,heap        ] GC(158) CMS: 36344K->36344K(1585984K)
[92.567s][info][gc,metaspace   ] GC(158) Metaspace: 23658K(24576K)->23658K(24576K) NonClass: 20733K(21248K)->20733K(21248K) Class: 2925K(3328K)->2925K(3328K)
[92.567s][info][gc             ] GC(158) Pause Young (Allocation Failure) 434M->62M(1998M) 18.736ms
[92.567s][info][gc,cpu         ] GC(158) User=0.11s Sys=0.00s Real=0.03s
[92.650s][info][gc,start       ] GC(159) Pause Young (Allocation Failure)
[92.651s][info][gc,task        ] GC(159) Using 6 workers of 6 for evacuation
[92.667s][info][gc,heap        ] GC(159) ParNew: 436234K->0K(460096K)
[92.667s][info][gc,heap        ] GC(159) CMS: 36344K->63504K(1585984K)
[92.667s][info][gc,metaspace   ] GC(159) Metaspace: 23658K(24576K)->23658K(24576K) NonClass: 20733K(21248K)->20733K(21248K) Class: 2925K(3328K)->2925K(3328K)
[92.667s][info][gc             ] GC(159) Pause Young (Allocation Failure) 461M->62M(1998M) 16.086ms
[92.667s][info][gc,cpu         ] GC(159) User=0.02s Sys=0.00s Real=0.02s
[92.749s][info][gc,start       ] GC(160) Pause Young (Allocation Failure)
[92.749s][info][gc,task        ] GC(160) Using 6 workers of 6 for evacuation
[92.752s][info][gc,heap        ] GC(160) ParNew: 409024K->0K(460096K)
[92.752s][info][gc,heap        ] GC(160) CMS: 63504K->63504K(1585984K)
[92.752s][info][gc,metaspace   ] GC(160) Metaspace: 23658K(24576K)->23658K(24576K) NonClass: 20733K(21248K)->20733K(21248K) Class: 2925K(3328K)->2925K(3328K)
[92.752s][info][gc             ] GC(160) Pause Young (Allocation Failure) 461M->62M(1998M) 2.625ms
[92.752s][info][gc,cpu         ] GC(160) User=0.00s Sys=0.00s Real=0.00s
[92.810s][info][gc,start       ] GC(161) Pause Full (System.gc())
[92.811s][info][gc,phases,start] GC(161) Phase 1: Mark live objects
[92.817s][info][gc,phases      ] GC(161) Phase 1: Mark live objects 6.834ms
[92.817s][info][gc,phases,start] GC(161) Phase 2: Compute new object addresses
[92.884s][info][gc,phases      ] GC(161) Phase 2: Compute new object addresses 67.106ms
[92.885s][info][gc,phases,start] GC(161) Phase 3: Adjust pointers
[92.889s][info][gc,phases      ] GC(161) Phase 3: Adjust pointers 4.240ms
[92.889s][info][gc,phases,start] GC(161) Phase 4: Move objects
[92.889s][info][gc,phases      ] GC(161) Phase 4: Move objects 0.191ms
[92.890s][info][gc,heap        ] GC(161) ParNew: 220631K->0K(460096K)
[92.890s][info][gc,heap        ] GC(161) CMS: 63504K->5074K(1585984K)
[92.890s][info][gc,metaspace   ] GC(161) Metaspace: 23658K(24576K)->23658K(24576K) NonClass: 20733K(21248K)->20733K(21248K) Class: 2925K(3328K)->2925K(3328K)
[92.891s][info][gc             ] GC(161) Pause Full (System.gc()) 277M->4M(1998M) 80.323ms
[92.891s][info][gc,cpu         ] GC(161) User=0.08s Sys=0.00s Real=0.08s
[94.592s][info][gc,start       ] GC(162) Pause Young (Allocation Failure)
[94.592s][info][gc,task        ] GC(162) Using 6 workers of 6 for evacuation
[94.609s][info][gc,heap        ] GC(162) ParNew: 409024K->26847K(460096K)
[94.609s][info][gc,heap        ] GC(162) CMS: 5074K->5074K(1585984K)
[94.610s][info][gc,metaspace   ] GC(162) Metaspace: 23659K(24576K)->23659K(24576K) NonClass: 20734K(21248K)->20734K(21248K) Class: 2925K(3328K)->2925K(3328K)
[94.610s][info][gc             ] GC(162) Pause Young (Allocation Failure) 404M->31M(1998M) 17.701ms
[94.610s][info][gc,cpu         ] GC(162) User=0.08s Sys=0.00s Real=0.02s
[94.693s][info][gc,start       ] GC(163) Pause Young (Allocation Failure)
[94.693s][info][gc,task        ] GC(163) Using 6 workers of 6 for evacuation
[94.710s][info][gc,heap        ] GC(163) ParNew: 435871K->0K(460096K)
[94.710s][info][gc,heap        ] GC(163) CMS: 5074K->36352K(1585984K)
[94.710s][info][gc,metaspace   ] GC(163) Metaspace: 23659K(24576K)->23659K(24576K) NonClass: 20734K(21248K)->20734K(21248K) Class: 2925K(3328K)->2925K(3328K)
[94.710s][info][gc             ] GC(163) Pause Young (Allocation Failure) 430M->35M(1998M) 17.339ms
[94.710s][info][gc,cpu         ] GC(163) User=0.02s Sys=0.00s Real=0.02s
[94.793s][info][gc,start       ] GC(164) Pause Young (Allocation Failure)
[94.793s][info][gc,task        ] GC(164) Using 6 workers of 6 for evacuation
[94.795s][info][gc,heap        ] GC(164) ParNew: 409024K->0K(460096K)
[94.795s][info][gc,heap        ] GC(164) CMS: 36352K->36352K(1585984K)
[94.795s][info][gc,metaspace   ] GC(164) Metaspace: 23659K(24576K)->23659K(24576K) NonClass: 20734K(21248K)->20734K(21248K) Class: 2925K(3328K)->2925K(3328K)
[94.795s][info][gc             ] GC(164) Pause Young (Allocation Failure) 434M->35M(1998M) 2.556ms
[94.795s][info][gc,cpu         ] GC(164) User=0.00s Sys=0.00s Real=0.02s
[96.506s][info][gc,start       ] GC(165) Pause Young (Allocation Failure)
[96.506s][info][gc,task        ] GC(165) Using 6 workers of 6 for evacuation
[96.524s][info][gc,heap        ] GC(165) ParNew: 409024K->27122K(460096K)
[96.524s][info][gc,heap        ] GC(165) CMS: 36352K->36352K(1585984K)
[96.524s][info][gc,metaspace   ] GC(165) Metaspace: 23662K(24576K)->23662K(24576K) NonClass: 20736K(21248K)->20736K(21248K) Class: 2925K(3328K)->2925K(3328K)
[96.524s][info][gc             ] GC(165) Pause Young (Allocation Failure) 434M->61M(1998M) 18.205ms
[96.524s][info][gc,cpu         ] GC(165) User=0.06s Sys=0.00s Real=0.02s
[96.607s][info][gc,start       ] GC(166) Pause Young (Allocation Failure)
[96.607s][info][gc,task        ] GC(166) Using 6 workers of 6 for evacuation
[96.623s][info][gc,heap        ] GC(166) ParNew: 436146K->0K(460096K)
[96.623s][info][gc,heap        ] GC(166) CMS: 36352K->63195K(1585984K)
[96.623s][info][gc,metaspace   ] GC(166) Metaspace: 23662K(24576K)->23662K(24576K) NonClass: 20736K(21248K)->20736K(21248K) Class: 2925K(3328K)->2925K(3328K)
[96.623s][info][gc             ] GC(166) Pause Young (Allocation Failure) 461M->61M(1998M) 16.196ms
[96.623s][info][gc,cpu         ] GC(166) User=0.02s Sys=0.00s Real=0.02s
[96.706s][info][gc,start       ] GC(167) Pause Young (Allocation Failure)
[96.706s][info][gc,task        ] GC(167) Using 6 workers of 6 for evacuation
[96.709s][info][gc,heap        ] GC(167) ParNew: 409024K->0K(460096K)
[96.709s][info][gc,heap        ] GC(167) CMS: 63195K->63195K(1585984K)
[96.709s][info][gc,metaspace   ] GC(167) Metaspace: 23662K(24576K)->23662K(24576K) NonClass: 20736K(21248K)->20736K(21248K) Class: 2925K(3328K)->2925K(3328K)
[96.709s][info][gc             ] GC(167) Pause Young (Allocation Failure) 461M->61M(1998M) 2.806ms
[96.709s][info][gc,cpu         ] GC(167) User=0.00s Sys=0.00s Real=0.00s
[96.768s][info][gc,start       ] GC(168) Pause Full (System.gc())
[96.768s][info][gc,phases,start] GC(168) Phase 1: Mark live objects
[96.775s][info][gc,phases      ] GC(168) Phase 1: Mark live objects 6.937ms
[96.775s][info][gc,phases,start] GC(168) Phase 2: Compute new object addresses
[96.843s][info][gc,phases      ] GC(168) Phase 2: Compute new object addresses 67.698ms
[96.843s][info][gc,phases,start] GC(168) Phase 3: Adjust pointers
[96.847s][info][gc,phases      ] GC(168) Phase 3: Adjust pointers 4.262ms
[96.847s][info][gc,phases,start] GC(168) Phase 4: Move objects
[96.847s][info][gc,phases      ] GC(168) Phase 4: Move objects 0.191ms
[96.849s][info][gc,heap        ] GC(168) ParNew: 220631K->0K(460096K)
[96.849s][info][gc,heap        ] GC(168) CMS: 63195K->5074K(1585984K)
[96.849s][info][gc,metaspace   ] GC(168) Metaspace: 23662K(24576K)->23662K(24576K) NonClass: 20736K(21248K)->20736K(21248K) Class: 2925K(3328K)->2925K(3328K)
[96.849s][info][gc             ] GC(168) Pause Full (System.gc()) 277M->4M(1998M) 81.102ms
[96.849s][info][gc,cpu         ] GC(168) User=0.08s Sys=0.00s Real=0.08s
[98.547s][info][gc,start       ] GC(169) Pause Young (Allocation Failure)
[98.547s][info][gc,task        ] GC(169) Using 6 workers of 6 for evacuation
[98.565s][info][gc,heap        ] GC(169) ParNew: 409024K->26843K(460096K)
[98.565s][info][gc,heap        ] GC(169) CMS: 5074K->5074K(1585984K)
[98.565s][info][gc,metaspace   ] GC(169) Metaspace: 23662K(24576K)->23662K(24576K) NonClass: 20736K(21248K)->20736K(21248K) Class: 2925K(3328K)->2925K(3328K)
[98.565s][info][gc             ] GC(169) Pause Young (Allocation Failure) 404M->31M(1998M) 17.965ms
[98.565s][info][gc,cpu         ] GC(169) User=0.09s Sys=0.00s Real=0.03s
[98.648s][info][gc,start       ] GC(170) Pause Young (Allocation Failure)
[98.648s][info][gc,task        ] GC(170) Using 6 workers of 6 for evacuation
[98.664s][info][gc,heap        ] GC(170) ParNew: 435867K->0K(460096K)
[98.664s][info][gc,heap        ] GC(170) CMS: 5074K->36342K(1585984K)
[98.664s][info][gc,metaspace   ] GC(170) Metaspace: 23662K(24576K)->23662K(24576K) NonClass: 20736K(21248K)->20736K(21248K) Class: 2925K(3328K)->2925K(3328K)
[98.664s][info][gc             ] GC(170) Pause Young (Allocation Failure) 430M->35M(1998M) 16.283ms
[98.664s][info][gc,cpu         ] GC(170) User=0.02s Sys=0.00s Real=0.02s
[98.747s][info][gc,start       ] GC(171) Pause Young (Allocation Failure)
[98.747s][info][gc,task        ] GC(171) Using 6 workers of 6 for evacuation
[98.749s][info][gc,heap        ] GC(171) ParNew: 409024K->0K(460096K)
[98.749s][info][gc,heap        ] GC(171) CMS: 36342K->36342K(1585984K)
[98.749s][info][gc,metaspace   ] GC(171) Metaspace: 23662K(24576K)->23662K(24576K) NonClass: 20736K(21248K)->20736K(21248K) Class: 2925K(3328K)->2925K(3328K)
[98.749s][info][gc             ] GC(171) Pause Young (Allocation Failure) 434M->35M(1998M) 2.698ms
[98.749s][info][gc,cpu         ] GC(171) User=0.00s Sys=0.00s Real=0.00s
[100.461s][info][gc,start       ] GC(172) Pause Young (Allocation Failure)
[100.461s][info][gc,task        ] GC(172) Using 6 workers of 6 for evacuation
[100.479s][info][gc,heap        ] GC(172) ParNew: 409024K->27073K(460096K)
[100.479s][info][gc,heap        ] GC(172) CMS: 36342K->36342K(1585984K)
[100.479s][info][gc,metaspace   ] GC(172) Metaspace: 23662K(24576K)->23662K(24576K) NonClass: 20736K(21248K)->20736K(21248K) Class: 2925K(3328K)->2925K(3328K)
[100.479s][info][gc             ] GC(172) Pause Young (Allocation Failure) 434M->61M(1998M) 18.557ms
[100.479s][info][gc,cpu         ] GC(172) User=0.08s Sys=0.00s Real=0.03s
[100.562s][info][gc,start       ] GC(173) Pause Young (Allocation Failure)
[100.562s][info][gc,task        ] GC(173) Using 6 workers of 6 for evacuation
[100.579s][info][gc,heap        ] GC(173) ParNew: 436097K->0K(460096K)
[100.579s][info][gc,heap        ] GC(173) CMS: 36342K->63483K(1585984K)
[100.579s][info][gc,metaspace   ] GC(173) Metaspace: 23662K(24576K)->23662K(24576K) NonClass: 20736K(21248K)->20736K(21248K) Class: 2925K(3328K)->2925K(3328K)
[100.579s][info][gc             ] GC(173) Pause Young (Allocation Failure) 461M->61M(1998M) 16.944ms
[100.579s][info][gc,cpu         ] GC(173) User=0.02s Sys=0.00s Real=0.01s
[100.662s][info][gc,start       ] GC(174) Pause Young (Allocation Failure)
[100.662s][info][gc,task        ] GC(174) Using 6 workers of 6 for evacuation
[100.664s][info][gc,heap        ] GC(174) ParNew: 409024K->0K(460096K)
[100.664s][info][gc,heap        ] GC(174) CMS: 63483K->63483K(1585984K)
[100.664s][info][gc,metaspace   ] GC(174) Metaspace: 23662K(24576K)->23662K(24576K) NonClass: 20736K(21248K)->20736K(21248K) Class: 2925K(3328K)->2925K(3328K)
[100.664s][info][gc             ] GC(174) Pause Young (Allocation Failure) 461M->61M(1998M) 2.552ms
[100.664s][info][gc,cpu         ] GC(174) User=0.00s Sys=0.00s Real=0.00s
[100.723s][info][gc,start       ] GC(175) Pause Full (System.gc())
[100.723s][info][gc,phases,start] GC(175) Phase 1: Mark live objects
[100.729s][info][gc,phases      ] GC(175) Phase 1: Mark live objects 6.196ms
[100.729s][info][gc,phases,start] GC(175) Phase 2: Compute new object addresses
[100.796s][info][gc,phases      ] GC(175) Phase 2: Compute new object addresses 67.028ms
[100.796s][info][gc,phases,start] GC(175) Phase 3: Adjust pointers
[100.801s][info][gc,phases      ] GC(175) Phase 3: Adjust pointers 4.231ms
[100.801s][info][gc,phases,start] GC(175) Phase 4: Move objects
[100.801s][info][gc,phases      ] GC(175) Phase 4: Move objects 0.190ms
[100.802s][info][gc,heap        ] GC(175) ParNew: 220631K->0K(460096K)
[100.802s][info][gc,heap        ] GC(175) CMS: 63483K->5074K(1585984K)
[100.802s][info][gc,metaspace   ] GC(175) Metaspace: 23669K(24576K)->23669K(24576K) NonClass: 20743K(21248K)->20743K(21248K) Class: 2925K(3328K)->2925K(3328K)
[100.802s][info][gc             ] GC(175) Pause Full (System.gc()) 277M->4M(1998M) 79.670ms
[100.803s][info][gc,cpu         ] GC(175) User=0.08s Sys=0.00s Real=0.08s
[102.503s][info][gc,start       ] GC(176) Pause Young (Allocation Failure)
[102.503s][info][gc,task        ] GC(176) Using 6 workers of 6 for evacuation
[102.522s][info][gc,heap        ] GC(176) ParNew: 409024K->26528K(460096K)
[102.522s][info][gc,heap        ] GC(176) CMS: 5074K->5074K(1585984K)
[102.522s][info][gc,metaspace   ] GC(176) Metaspace: 23670K(24576K)->23670K(24576K) NonClass: 20745K(21248K)->20745K(21248K) Class: 2925K(3328K)->2925K(3328K)
[102.522s][info][gc             ] GC(176) Pause Young (Allocation Failure) 404M->30M(1998M) 18.492ms
[102.522s][info][gc,cpu         ] GC(176) User=0.16s Sys=0.00s Real=0.03s
[102.605s][info][gc,start       ] GC(177) Pause Young (Allocation Failure)
[102.605s][info][gc,task        ] GC(177) Using 6 workers of 6 for evacuation
[102.621s][info][gc,heap        ] GC(177) ParNew: 435552K->0K(460096K)
[102.621s][info][gc,heap        ] GC(177) CMS: 5074K->36357K(1585984K)
[102.621s][info][gc,metaspace   ] GC(177) Metaspace: 23670K(24576K)->23670K(24576K) NonClass: 20745K(21248K)->20745K(21248K) Class: 2925K(3328K)->2925K(3328K)
[102.621s][info][gc             ] GC(177) Pause Young (Allocation Failure) 430M->35M(1998M) 16.232ms
[102.621s][info][gc,cpu         ] GC(177) User=0.02s Sys=0.00s Real=0.02s
[102.703s][info][gc,start       ] GC(178) Pause Young (Allocation Failure)
[102.703s][info][gc,task        ] GC(178) Using 6 workers of 6 for evacuation
[102.706s][info][gc,heap        ] GC(178) ParNew: 409024K->0K(460096K)
[102.706s][info][gc,heap        ] GC(178) CMS: 36357K->36357K(1585984K)
[102.706s][info][gc,metaspace   ] GC(178) Metaspace: 23670K(24576K)->23670K(24576K) NonClass: 20745K(21248K)->20745K(21248K) Class: 2925K(3328K)->2925K(3328K)
[102.706s][info][gc             ] GC(178) Pause Young (Allocation Failure) 434M->35M(1998M) 2.806ms
[102.706s][info][gc,cpu         ] GC(178) User=0.00s Sys=0.00s Real=0.00s
[104.420s][info][gc,start       ] GC(179) Pause Young (Allocation Failure)
[104.420s][info][gc,task        ] GC(179) Using 6 workers of 6 for evacuation
[104.438s][info][gc,heap        ] GC(179) ParNew: 409024K->27218K(460096K)
[104.438s][info][gc,heap        ] GC(179) CMS: 36357K->36357K(1585984K)
[104.438s][info][gc,metaspace   ] GC(179) Metaspace: 23672K(24576K)->23672K(24576K) NonClass: 20747K(21248K)->20747K(21248K) Class: 2925K(3328K)->2925K(3328K)
[104.438s][info][gc             ] GC(179) Pause Young (Allocation Failure) 434M->62M(1998M) 18.797ms
[104.438s][info][gc,cpu         ] GC(179) User=0.09s Sys=0.00s Real=0.03s
[104.521s][info][gc,start       ] GC(180) Pause Young (Allocation Failure)
[104.521s][info][gc,task        ] GC(180) Using 6 workers of 6 for evacuation
[104.538s][info][gc,heap        ] GC(180) ParNew: 436242K->0K(460096K)
[104.538s][info][gc,heap        ] GC(180) CMS: 36357K->63545K(1585984K)
[104.538s][info][gc,metaspace   ] GC(180) Metaspace: 23672K(24576K)->23672K(24576K) NonClass: 20747K(21248K)->20747K(21248K) Class: 2925K(3328K)->2925K(3328K)
[104.538s][info][gc             ] GC(180) Pause Young (Allocation Failure) 461M->62M(1998M) 16.778ms
[104.538s][info][gc,cpu         ] GC(180) User=0.02s Sys=0.00s Real=0.01s
[104.621s][info][gc,start       ] GC(181) Pause Young (Allocation Failure)
[104.621s][info][gc,task        ] GC(181) Using 6 workers of 6 for evacuation
[104.623s][info][gc,heap        ] GC(181) ParNew: 409024K->0K(460096K)
[104.623s][info][gc,heap        ] GC(181) CMS: 63545K->63545K(1585984K)
[104.623s][info][gc,metaspace   ] GC(181) Metaspace: 23672K(24576K)->23672K(24576K) NonClass: 20747K(21248K)->20747K(21248K) Class: 2925K(3328K)->2925K(3328K)
[104.623s][info][gc             ] GC(181) Pause Young (Allocation Failure) 461M->62M(1998M) 2.697ms
[104.623s][info][gc,cpu         ] GC(181) User=0.00s Sys=0.00s Real=0.00s
[104.682s][info][gc,start       ] GC(182) Pause Full (System.gc())
[104.682s][info][gc,phases,start] GC(182) Phase 1: Mark live objects
[104.689s][info][gc,phases      ] GC(182) Phase 1: Mark live objects 6.501ms
[104.689s][info][gc,phases,start] GC(182) Phase 2: Compute new object addresses
[104.755s][info][gc,phases      ] GC(182) Phase 2: Compute new object addresses 66.277ms
[104.755s][info][gc,phases,start] GC(182) Phase 3: Adjust pointers
[104.759s][info][gc,phases      ] GC(182) Phase 3: Adjust pointers 4.220ms
[104.759s][info][gc,phases,start] GC(182) Phase 4: Move objects
[104.759s][info][gc,phases      ] GC(182) Phase 4: Move objects 0.191ms
[104.761s][info][gc,heap        ] GC(182) ParNew: 220631K->0K(460096K)
[104.761s][info][gc,heap        ] GC(182) CMS: 63545K->5074K(1585984K)
[104.761s][info][gc,metaspace   ] GC(182) Metaspace: 23686K(24576K)->23686K(24576K) NonClass: 20761K(21248K)->20761K(21248K) Class: 2925K(3328K)->2925K(3328K)
[104.761s][info][gc             ] GC(182) Pause Full (System.gc()) 277M->4M(1998M) 79.178ms
[104.761s][info][gc,cpu         ] GC(182) User=0.08s Sys=0.00s Real=0.08s
[106.462s][info][gc,start       ] GC(183) Pause Young (Allocation Failure)
[106.462s][info][gc,task        ] GC(183) Using 6 workers of 6 for evacuation
[106.480s][info][gc,heap        ] GC(183) ParNew: 409024K->26682K(460096K)
[106.480s][info][gc,heap        ] GC(183) CMS: 5074K->5074K(1585984K)
[106.480s][info][gc,metaspace   ] GC(183) Metaspace: 23702K(24576K)->23702K(24576K) NonClass: 20776K(21248K)->20776K(21248K) Class: 2925K(3328K)->2925K(3328K)
[106.480s][info][gc             ] GC(183) Pause Young (Allocation Failure) 404M->31M(1998M) 17.879ms
[106.480s][info][gc,cpu         ] GC(183) User=0.09s Sys=0.00s Real=0.02s
[106.563s][info][gc,start       ] GC(184) Pause Young (Allocation Failure)
[106.563s][info][gc,task        ] GC(184) Using 6 workers of 6 for evacuation
[106.580s][info][gc,heap        ] GC(184) ParNew: 435706K->0K(460096K)
[106.580s][info][gc,heap        ] GC(184) CMS: 5074K->36347K(1585984K)
[106.580s][info][gc,metaspace   ] GC(184) Metaspace: 23702K(24576K)->23702K(24576K) NonClass: 20776K(21248K)->20776K(21248K) Class: 2925K(3328K)->2925K(3328K)
[106.580s][info][gc             ] GC(184) Pause Young (Allocation Failure) 430M->35M(1998M) 16.881ms
[106.580s][info][gc,cpu         ] GC(184) User=0.02s Sys=0.00s Real=0.02s
[106.664s][info][gc,start       ] GC(185) Pause Young (Allocation Failure)
[106.664s][info][gc,task        ] GC(185) Using 6 workers of 6 for evacuation
[106.666s][info][gc,heap        ] GC(185) ParNew: 409024K->0K(460096K)
[106.666s][info][gc,heap        ] GC(185) CMS: 36347K->36347K(1585984K)
[106.666s][info][gc,metaspace   ] GC(185) Metaspace: 23702K(24576K)->23702K(24576K) NonClass: 20776K(21248K)->20776K(21248K) Class: 2925K(3328K)->2925K(3328K)
[106.666s][info][gc             ] GC(185) Pause Young (Allocation Failure) 434M->35M(1998M) 2.806ms
[106.666s][info][gc,cpu         ] GC(185) User=0.02s Sys=0.00s Real=0.01s
[108.377s][info][gc,start       ] GC(186) Pause Young (Allocation Failure)
[108.377s][info][gc,task        ] GC(186) Using 6 workers of 6 for evacuation
[108.396s][info][gc,heap        ] GC(186) ParNew: 409024K->27356K(460096K)
[108.396s][info][gc,heap        ] GC(186) CMS: 36347K->36347K(1585984K)
[108.396s][info][gc,metaspace   ] GC(186) Metaspace: 23702K(24576K)->23702K(24576K) NonClass: 20776K(21248K)->20776K(21248K) Class: 2925K(3328K)->2925K(3328K)
[108.396s][info][gc             ] GC(186) Pause Young (Allocation Failure) 434M->62M(1998M) 18.934ms
[108.396s][info][gc,cpu         ] GC(186) User=0.06s Sys=0.00s Real=0.01s
[108.478s][info][gc,start       ] GC(187) Pause Young (Allocation Failure)
[108.478s][info][gc,task        ] GC(187) Using 6 workers of 6 for evacuation
[108.494s][info][gc,heap        ] GC(187) ParNew: 436380K->0K(460096K)
[108.494s][info][gc,heap        ] GC(187) CMS: 36347K->63235K(1585984K)
[108.494s][info][gc,metaspace   ] GC(187) Metaspace: 23702K(24576K)->23702K(24576K) NonClass: 20776K(21248K)->20776K(21248K) Class: 2925K(3328K)->2925K(3328K)
[108.494s][info][gc             ] GC(187) Pause Young (Allocation Failure) 461M->61M(1998M) 16.076ms
[108.494s][info][gc,cpu         ] GC(187) User=0.06s Sys=0.00s Real=0.02s
[108.577s][info][gc,start       ] GC(188) Pause Young (Allocation Failure)
[108.577s][info][gc,task        ] GC(188) Using 6 workers of 6 for evacuation
[108.580s][info][gc,heap        ] GC(188) ParNew: 409024K->0K(460096K)
[108.580s][info][gc,heap        ] GC(188) CMS: 63235K->63235K(1585984K)
[108.580s][info][gc,metaspace   ] GC(188) Metaspace: 23702K(24576K)->23702K(24576K) NonClass: 20776K(21248K)->20776K(21248K) Class: 2925K(3328K)->2925K(3328K)
[108.580s][info][gc             ] GC(188) Pause Young (Allocation Failure) 461M->61M(1998M) 2.819ms
[108.580s][info][gc,cpu         ] GC(188) User=0.00s Sys=0.00s Real=0.00s
[108.638s][info][gc,start       ] GC(189) Pause Full (System.gc())
[108.638s][info][gc,phases,start] GC(189) Phase 1: Mark live objects
[108.645s][info][gc,phases      ] GC(189) Phase 1: Mark live objects 6.626ms
[108.645s][info][gc,phases,start] GC(189) Phase 2: Compute new object addresses
[108.711s][info][gc,phases      ] GC(189) Phase 2: Compute new object addresses 66.272ms
[108.711s][info][gc,phases,start] GC(189) Phase 3: Adjust pointers
[108.716s][info][gc,phases      ] GC(189) Phase 3: Adjust pointers 4.233ms
[108.716s][info][gc,phases,start] GC(189) Phase 4: Move objects
[108.716s][info][gc,phases      ] GC(189) Phase 4: Move objects 0.192ms
[108.717s][info][gc,heap        ] GC(189) ParNew: 220631K->0K(460096K)
[108.717s][info][gc,heap        ] GC(189) CMS: 63235K->5075K(1585984K)
[108.717s][info][gc,metaspace   ] GC(189) Metaspace: 23702K(24576K)->23702K(24576K) NonClass: 20776K(21248K)->20776K(21248K) Class: 2925K(3328K)->2925K(3328K)
[108.718s][info][gc             ] GC(189) Pause Full (System.gc()) 277M->4M(1998M) 79.300ms
[108.718s][info][gc,cpu         ] GC(189) User=0.08s Sys=0.00s Real=0.08s
[110.417s][info][gc,start       ] GC(190) Pause Young (Allocation Failure)
[110.418s][info][gc,task        ] GC(190) Using 6 workers of 6 for evacuation
[110.436s][info][gc,heap        ] GC(190) ParNew: 409024K->26530K(460096K)
[110.436s][info][gc,heap        ] GC(190) CMS: 5075K->5075K(1585984K)
[110.436s][info][gc,metaspace   ] GC(190) Metaspace: 23703K(24576K)->23703K(24576K) NonClass: 20778K(21248K)->20778K(21248K) Class: 2925K(3328K)->2925K(3328K)
[110.436s][info][gc             ] GC(190) Pause Young (Allocation Failure) 404M->30M(1998M) 18.723ms
[110.436s][info][gc,cpu         ] GC(190) User=0.08s Sys=0.00s Real=0.02s
[110.519s][info][gc,start       ] GC(191) Pause Young (Allocation Failure)
[110.519s][info][gc,task        ] GC(191) Using 6 workers of 6 for evacuation
[110.537s][info][gc,heap        ] GC(191) ParNew: 435554K->0K(460096K)
[110.537s][info][gc,heap        ] GC(191) CMS: 5075K->36355K(1585984K)
[110.537s][info][gc,metaspace   ] GC(191) Metaspace: 23703K(24576K)->23703K(24576K) NonClass: 20778K(21248K)->20778K(21248K) Class: 2925K(3328K)->2925K(3328K)
[110.537s][info][gc             ] GC(191) Pause Young (Allocation Failure) 430M->35M(1998M) 17.678ms
[110.537s][info][gc,cpu         ] GC(191) User=0.02s Sys=0.00s Real=0.02s
[110.619s][info][gc,start       ] GC(192) Pause Young (Allocation Failure)
[110.619s][info][gc,task        ] GC(192) Using 6 workers of 6 for evacuation
[110.622s][info][gc,heap        ] GC(192) ParNew: 409024K->0K(460096K)
[110.622s][info][gc,heap        ] GC(192) CMS: 36355K->36355K(1585984K)
[110.622s][info][gc,metaspace   ] GC(192) Metaspace: 23703K(24576K)->23703K(24576K) NonClass: 20778K(21248K)->20778K(21248K) Class: 2925K(3328K)->2925K(3328K)
[110.622s][info][gc             ] GC(192) Pause Young (Allocation Failure) 434M->35M(1998M) 2.485ms
[110.622s][info][gc,cpu         ] GC(192) User=0.00s Sys=0.00s Real=0.02s
[112.335s][info][gc,start       ] GC(193) Pause Young (Allocation Failure)
[112.335s][info][gc,task        ] GC(193) Using 6 workers of 6 for evacuation
[112.353s][info][gc,heap        ] GC(193) ParNew: 409024K->27398K(460096K)
[112.353s][info][gc,heap        ] GC(193) CMS: 36355K->36355K(1585984K)
[112.353s][info][gc,metaspace   ] GC(193) Metaspace: 23703K(24576K)->23703K(24576K) NonClass: 20778K(21248K)->20778K(21248K) Class: 2925K(3328K)->2925K(3328K)
[112.353s][info][gc             ] GC(193) Pause Young (Allocation Failure) 434M->62M(1998M) 18.333ms
[112.353s][info][gc,cpu         ] GC(193) User=0.08s Sys=0.00s Real=0.02s
[112.436s][info][gc,start       ] GC(194) Pause Young (Allocation Failure)
[112.436s][info][gc,task        ] GC(194) Using 6 workers of 6 for evacuation
[112.452s][info][gc,heap        ] GC(194) ParNew: 436422K->0K(460096K)
[112.452s][info][gc,heap        ] GC(194) CMS: 36355K->63493K(1585984K)
[112.452s][info][gc,metaspace   ] GC(194) Metaspace: 23703K(24576K)->23703K(24576K) NonClass: 20778K(21248K)->20778K(21248K) Class: 2925K(3328K)->2925K(3328K)
[112.452s][info][gc             ] GC(194) Pause Young (Allocation Failure) 461M->62M(1998M) 16.240ms
[112.452s][info][gc,cpu         ] GC(194) User=0.02s Sys=0.00s Real=0.02s
[112.535s][info][gc,start       ] GC(195) Pause Young (Allocation Failure)
[112.535s][info][gc,task        ] GC(195) Using 6 workers of 6 for evacuation
[112.538s][info][gc,heap        ] GC(195) ParNew: 409024K->0K(460096K)
[112.538s][info][gc,heap        ] GC(195) CMS: 63493K->63493K(1585984K)
[112.538s][info][gc,metaspace   ] GC(195) Metaspace: 23703K(24576K)->23703K(24576K) NonClass: 20778K(21248K)->20778K(21248K) Class: 2925K(3328K)->2925K(3328K)
[112.538s][info][gc             ] GC(195) Pause Young (Allocation Failure) 461M->62M(1998M) 2.756ms
[112.538s][info][gc,cpu         ] GC(195) User=0.02s Sys=0.00s Real=0.02s
[112.596s][info][gc,start       ] GC(196) Pause Full (System.gc())
[112.596s][info][gc,phases,start] GC(196) Phase 1: Mark live objects
[112.603s][info][gc,phases      ] GC(196) Phase 1: Mark live objects 6.689ms
[112.603s][info][gc,phases,start] GC(196) Phase 2: Compute new object addresses
[112.670s][info][gc,phases      ] GC(196) Phase 2: Compute new object addresses 67.296ms
[112.670s][info][gc,phases,start] GC(196) Phase 3: Adjust pointers
[112.674s][info][gc,phases      ] GC(196) Phase 3: Adjust pointers 4.235ms
[112.674s][info][gc,phases,start] GC(196) Phase 4: Move objects
[112.675s][info][gc,phases      ] GC(196) Phase 4: Move objects 0.191ms
[112.676s][info][gc,heap        ] GC(196) ParNew: 220631K->0K(460096K)
[112.676s][info][gc,heap        ] GC(196) CMS: 63493K->5075K(1585984K)
[112.676s][info][gc,metaspace   ] GC(196) Metaspace: 23703K(24576K)->23703K(24576K) NonClass: 20778K(21248K)->20778K(21248K) Class: 2925K(3328K)->2925K(3328K)
[112.676s][info][gc             ] GC(196) Pause Full (System.gc()) 277M->4M(1998M) 80.378ms
[112.676s][info][gc,cpu         ] GC(196) User=0.08s Sys=0.00s Real=0.08s
[114.374s][info][gc,start       ] GC(197) Pause Young (Allocation Failure)
[114.374s][info][gc,task        ] GC(197) Using 6 workers of 6 for evacuation
[114.392s][info][gc,heap        ] GC(197) ParNew: 409024K->26906K(460096K)
[114.392s][info][gc,heap        ] GC(197) CMS: 5075K->5075K(1585984K)
[114.392s][info][gc,metaspace   ] GC(197) Metaspace: 23723K(24576K)->23723K(24576K) NonClass: 20798K(21248K)->20798K(21248K) Class: 2925K(3328K)->2925K(3328K)
[114.392s][info][gc             ] GC(197) Pause Young (Allocation Failure) 404M->31M(1998M) 17.949ms
[114.392s][info][gc,cpu         ] GC(197) User=0.06s Sys=0.00s Real=0.01s
[114.475s][info][gc,start       ] GC(198) Pause Young (Allocation Failure)
[114.475s][info][gc,task        ] GC(198) Using 6 workers of 6 for evacuation
[114.492s][info][gc,heap        ] GC(198) ParNew: 435930K->0K(460096K)
[114.492s][info][gc,heap        ] GC(198) CMS: 5075K->36353K(1585984K)
[114.492s][info][gc,metaspace   ] GC(198) Metaspace: 23723K(24576K)->23723K(24576K) NonClass: 20798K(21248K)->20798K(21248K) Class: 2925K(3328K)->2925K(3328K)
[114.492s][info][gc             ] GC(198) Pause Young (Allocation Failure) 430M->35M(1998M) 16.985ms
[114.492s][info][gc,cpu         ] GC(198) User=0.02s Sys=0.00s Real=0.02s
[114.574s][info][gc,start       ] GC(199) Pause Young (Allocation Failure)
[114.574s][info][gc,task        ] GC(199) Using 6 workers of 6 for evacuation
[114.577s][info][gc,heap        ] GC(199) ParNew: 409024K->0K(460096K)
[114.577s][info][gc,heap        ] GC(199) CMS: 36353K->36353K(1585984K)
[114.577s][info][gc,metaspace   ] GC(199) Metaspace: 23723K(24576K)->23723K(24576K) NonClass: 20798K(21248K)->20798K(21248K) Class: 2925K(3328K)->2925K(3328K)
[114.577s][info][gc             ] GC(199) Pause Young (Allocation Failure) 434M->35M(1998M) 2.999ms
[114.577s][info][gc,cpu         ] GC(199) User=0.00s Sys=0.00s Real=0.01s
[116.289s][info][gc,start       ] GC(200) Pause Young (Allocation Failure)
[116.289s][info][gc,task        ] GC(200) Using 6 workers of 6 for evacuation
[116.307s][info][gc,heap        ] GC(200) ParNew: 409024K->27210K(460096K)
[116.307s][info][gc,heap        ] GC(200) CMS: 36353K->36353K(1585984K)
[116.307s][info][gc,metaspace   ] GC(200) Metaspace: 23723K(24576K)->23723K(24576K) NonClass: 20798K(21248K)->20798K(21248K) Class: 2925K(3328K)->2925K(3328K)
[116.307s][info][gc             ] GC(200) Pause Young (Allocation Failure) 434M->62M(1998M) 18.382ms
[116.307s][info][gc,cpu         ] GC(200) User=0.09s Sys=0.00s Real=0.02s
[116.390s][info][gc,start       ] GC(201) Pause Young (Allocation Failure)
[116.390s][info][gc,task        ] GC(201) Using 6 workers of 6 for evacuation
[116.406s][info][gc,heap        ] GC(201) ParNew: 436234K->0K(460096K)
[116.406s][info][gc,heap        ] GC(201) CMS: 36353K->63259K(1585984K)
[116.406s][info][gc,metaspace   ] GC(201) Metaspace: 23723K(24576K)->23723K(24576K) NonClass: 20798K(21248K)->20798K(21248K) Class: 2925K(3328K)->2925K(3328K)
[116.406s][info][gc             ] GC(201) Pause Young (Allocation Failure) 461M->61M(1998M) 16.147ms
[116.406s][info][gc,cpu         ] GC(201) User=0.02s Sys=0.00s Real=0.02s
[116.489s][info][gc,start       ] GC(202) Pause Young (Allocation Failure)
[116.489s][info][gc,task        ] GC(202) Using 6 workers of 6 for evacuation
[116.491s][info][gc,heap        ] GC(202) ParNew: 409024K->0K(460096K)
[116.491s][info][gc,heap        ] GC(202) CMS: 63259K->63259K(1585984K)
[116.491s][info][gc,metaspace   ] GC(202) Metaspace: 23723K(24576K)->23723K(24576K) NonClass: 20798K(21248K)->20798K(21248K) Class: 2925K(3328K)->2925K(3328K)
[116.492s][info][gc             ] GC(202) Pause Young (Allocation Failure) 461M->61M(1998M) 2.766ms
[116.492s][info][gc,cpu         ] GC(202) User=0.00s Sys=0.00s Real=0.00s
[116.550s][info][gc,start       ] GC(203) Pause Full (System.gc())
[116.550s][info][gc,phases,start] GC(203) Phase 1: Mark live objects
[116.557s][info][gc,phases      ] GC(203) Phase 1: Mark live objects 6.300ms
[116.557s][info][gc,phases,start] GC(203) Phase 2: Compute new object addresses
[116.623s][info][gc,phases      ] GC(203) Phase 2: Compute new object addresses 66.535ms
[116.623s][info][gc,phases,start] GC(203) Phase 3: Adjust pointers
[116.627s][info][gc,phases      ] GC(203) Phase 3: Adjust pointers 4.263ms
[116.627s][info][gc,phases,start] GC(203) Phase 4: Move objects
[116.628s][info][gc,phases      ] GC(203) Phase 4: Move objects 0.195ms
[116.629s][info][gc,heap        ] GC(203) ParNew: 220631K->0K(460096K)
[116.629s][info][gc,heap        ] GC(203) CMS: 63259K->5075K(1585984K)
[116.629s][info][gc,metaspace   ] GC(203) Metaspace: 23724K(24576K)->23724K(24576K) NonClass: 20799K(21248K)->20799K(21248K) Class: 2925K(3328K)->2925K(3328K)
[116.629s][info][gc             ] GC(203) Pause Full (System.gc()) 277M->4M(1998M) 79.224ms
[116.629s][info][gc,cpu         ] GC(203) User=0.08s Sys=0.00s Real=0.08s
[118.329s][info][gc,start       ] GC(204) Pause Young (Allocation Failure)
[118.329s][info][gc,task        ] GC(204) Using 6 workers of 6 for evacuation
[118.347s][info][gc,heap        ] GC(204) ParNew: 409024K->26469K(460096K)
[118.347s][info][gc,heap        ] GC(204) CMS: 5075K->5075K(1585984K)
[118.347s][info][gc,metaspace   ] GC(204) Metaspace: 23724K(24576K)->23724K(24576K) NonClass: 20799K(21248K)->20799K(21248K) Class: 2925K(3328K)->2925K(3328K)
[118.347s][info][gc             ] GC(204) Pause Young (Allocation Failure) 404M->30M(1998M) 18.298ms
[118.347s][info][gc,cpu         ] GC(204) User=0.11s Sys=0.00s Real=0.03s
[118.430s][info][gc,start       ] GC(205) Pause Young (Allocation Failure)
[118.430s][info][gc,task        ] GC(205) Using 6 workers of 6 for evacuation
[118.447s][info][gc,heap        ] GC(205) ParNew: 435493K->0K(460096K)
[118.447s][info][gc,heap        ] GC(205) CMS: 5075K->36352K(1585984K)
[118.447s][info][gc,metaspace   ] GC(205) Metaspace: 23724K(24576K)->23724K(24576K) NonClass: 20799K(21248K)->20799K(21248K) Class: 2925K(3328K)->2925K(3328K)
[118.447s][info][gc             ] GC(205) Pause Young (Allocation Failure) 430M->35M(1998M) 17.096ms
[118.447s][info][gc,cpu         ] GC(205) User=0.02s Sys=0.00s Real=0.02s
[118.531s][info][gc,start       ] GC(206) Pause Young (Allocation Failure)
[118.531s][info][gc,task        ] GC(206) Using 6 workers of 6 for evacuation
[118.533s][info][gc,heap        ] GC(206) ParNew: 409024K->0K(460096K)
[118.533s][info][gc,heap        ] GC(206) CMS: 36352K->36352K(1585984K)
[118.533s][info][gc,metaspace   ] GC(206) Metaspace: 23724K(24576K)->23724K(24576K) NonClass: 20799K(21248K)->20799K(21248K) Class: 2925K(3328K)->2925K(3328K)
[118.533s][info][gc             ] GC(206) Pause Young (Allocation Failure) 434M->35M(1998M) 2.518ms
[118.533s][info][gc,cpu         ] GC(206) User=0.00s Sys=0.00s Real=0.00s
[120.252s][info][gc,start       ] GC(207) Pause Young (Allocation Failure)
[120.252s][info][gc,task        ] GC(207) Using 6 workers of 6 for evacuation
[120.271s][info][gc,heap        ] GC(207) ParNew: 409024K->27356K(460096K)
[120.271s][info][gc,heap        ] GC(207) CMS: 36352K->36352K(1585984K)
[120.271s][info][gc,metaspace   ] GC(207) Metaspace: 23724K(24576K)->23724K(24576K) NonClass: 20799K(21248K)->20799K(21248K) Class: 2925K(3328K)->2925K(3328K)
[120.271s][info][gc             ] GC(207) Pause Young (Allocation Failure) 434M->62M(1998M) 18.726ms
[120.271s][info][gc,cpu         ] GC(207) User=0.09s Sys=0.00s Real=0.02s
[120.356s][info][gc,start       ] GC(208) Pause Young (Allocation Failure)
[120.356s][info][gc,task        ] GC(208) Using 6 workers of 6 for evacuation
[120.372s][info][gc,heap        ] GC(208) ParNew: 436380K->0K(460096K)
[120.372s][info][gc,heap        ] GC(208) CMS: 36352K->63453K(1585984K)
[120.372s][info][gc,metaspace   ] GC(208) Metaspace: 23724K(24576K)->23724K(24576K) NonClass: 20799K(21248K)->20799K(21248K) Class: 2925K(3328K)->2925K(3328K)
[120.372s][info][gc             ] GC(208) Pause Young (Allocation Failure) 461M->61M(1998M) 15.551ms
[120.372s][info][gc,cpu         ] GC(208) User=0.02s Sys=0.00s Real=0.02s
[120.454s][info][gc,start       ] GC(209) Pause Young (Allocation Failure)
[120.454s][info][gc,task        ] GC(209) Using 6 workers of 6 for evacuation
[120.457s][info][gc,heap        ] GC(209) ParNew: 409024K->0K(460096K)
[120.457s][info][gc,heap        ] GC(209) CMS: 63453K->63453K(1585984K)
[120.457s][info][gc,metaspace   ] GC(209) Metaspace: 23724K(24576K)->23724K(24576K) NonClass: 20799K(21248K)->20799K(21248K) Class: 2925K(3328K)->2925K(3328K)
[120.457s][info][gc             ] GC(209) Pause Young (Allocation Failure) 461M->61M(1998M) 2.635ms
[120.457s][info][gc,cpu         ] GC(209) User=0.00s Sys=0.00s Real=0.00s
[120.515s][info][gc,start       ] GC(210) Pause Full (System.gc())
[120.515s][info][gc,phases,start] GC(210) Phase 1: Mark live objects
[120.522s][info][gc,phases      ] GC(210) Phase 1: Mark live objects 6.724ms
[120.522s][info][gc,phases,start] GC(210) Phase 2: Compute new object addresses
[120.589s][info][gc,phases      ] GC(210) Phase 2: Compute new object addresses 67.136ms
[120.589s][info][gc,phases,start] GC(210) Phase 3: Adjust pointers
[120.594s][info][gc,phases      ] GC(210) Phase 3: Adjust pointers 4.362ms
[120.594s][info][gc,phases,start] GC(210) Phase 4: Move objects
[120.594s][info][gc,phases      ] GC(210) Phase 4: Move objects 0.190ms
[120.595s][info][gc,heap        ] GC(210) ParNew: 220631K->0K(460096K)
[120.595s][info][gc,heap        ] GC(210) CMS: 63453K->5075K(1585984K)
[120.595s][info][gc,metaspace   ] GC(210) Metaspace: 23735K(24832K)->23735K(24832K) NonClass: 20809K(21504K)->20809K(21504K) Class: 2925K(3328K)->2925K(3328K)
[120.596s][info][gc             ] GC(210) Pause Full (System.gc()) 277M->4M(1998M) 80.414ms
[120.596s][info][gc,cpu         ] GC(210) User=0.08s Sys=0.00s Real=0.08s
[122.297s][info][gc,start       ] GC(211) Pause Young (Allocation Failure)
[122.297s][info][gc,task        ] GC(211) Using 6 workers of 6 for evacuation
[122.315s][info][gc,heap        ] GC(211) ParNew: 409024K->26952K(460096K)
[122.315s][info][gc,heap        ] GC(211) CMS: 5075K->5075K(1585984K)
[122.315s][info][gc,metaspace   ] GC(211) Metaspace: 23738K(24832K)->23738K(24832K) NonClass: 20813K(21504K)->20813K(21504K) Class: 2925K(3328K)->2925K(3328K)
[122.315s][info][gc             ] GC(211) Pause Young (Allocation Failure) 404M->31M(1998M) 18.512ms
[122.315s][info][gc,cpu         ] GC(211) User=0.09s Sys=0.00s Real=0.02s
[122.399s][info][gc,start       ] GC(212) Pause Young (Allocation Failure)
[122.399s][info][gc,task        ] GC(212) Using 6 workers of 6 for evacuation
[122.415s][info][gc,heap        ] GC(212) ParNew: 435976K->0K(460096K)
[122.415s][info][gc,heap        ] GC(212) CMS: 5075K->36345K(1585984K)
[122.415s][info][gc,metaspace   ] GC(212) Metaspace: 23738K(24832K)->23738K(24832K) NonClass: 20813K(21504K)->20813K(21504K) Class: 2925K(3328K)->2925K(3328K)
[122.415s][info][gc             ] GC(212) Pause Young (Allocation Failure) 430M->35M(1998M) 15.969ms
[122.415s][info][gc,cpu         ] GC(212) User=0.02s Sys=0.00s Real=0.02s
[122.498s][info][gc,start       ] GC(213) Pause Young (Allocation Failure)
[122.498s][info][gc,task        ] GC(213) Using 6 workers of 6 for evacuation
[122.500s][info][gc,heap        ] GC(213) ParNew: 409024K->0K(460096K)
[122.500s][info][gc,heap        ] GC(213) CMS: 36345K->36345K(1585984K)
[122.500s][info][gc,metaspace   ] GC(213) Metaspace: 23738K(24832K)->23738K(24832K) NonClass: 20813K(21504K)->20813K(21504K) Class: 2925K(3328K)->2925K(3328K)
[122.500s][info][gc             ] GC(213) Pause Young (Allocation Failure) 434M->35M(1998M) 2.951ms
[122.500s][info][gc,cpu         ] GC(213) User=0.00s Sys=0.00s Real=0.00s
[124.211s][info][gc,start       ] GC(214) Pause Young (Allocation Failure)
[124.212s][info][gc,task        ] GC(214) Using 6 workers of 6 for evacuation
[124.230s][info][gc,heap        ] GC(214) ParNew: 409024K->27483K(460096K)
[124.230s][info][gc,heap        ] GC(214) CMS: 36345K->36345K(1585984K)
[124.230s][info][gc,metaspace   ] GC(214) Metaspace: 23738K(24832K)->23738K(24832K) NonClass: 20813K(21504K)->20813K(21504K) Class: 2925K(3328K)->2925K(3328K)
[124.230s][info][gc             ] GC(214) Pause Young (Allocation Failure) 434M->62M(1998M) 18.889ms
[124.230s][info][gc,cpu         ] GC(214) User=0.09s Sys=0.00s Real=0.02s
[124.313s][info][gc,start       ] GC(215) Pause Young (Allocation Failure)
[124.313s][info][gc,task        ] GC(215) Using 6 workers of 6 for evacuation
[124.329s][info][gc,heap        ] GC(215) ParNew: 436507K->0K(460096K)
[124.329s][info][gc,heap        ] GC(215) CMS: 36345K->63489K(1585984K)
[124.329s][info][gc,metaspace   ] GC(215) Metaspace: 23738K(24832K)->23738K(24832K) NonClass: 20813K(21504K)->20813K(21504K) Class: 2925K(3328K)->2925K(3328K)
[124.329s][info][gc             ] GC(215) Pause Young (Allocation Failure) 461M->62M(1998M) 15.817ms
[124.329s][info][gc,cpu         ] GC(215) User=0.02s Sys=0.00s Real=0.02s
[124.413s][info][gc,start       ] GC(216) Pause Young (Allocation Failure)
[124.413s][info][gc,task        ] GC(216) Using 6 workers of 6 for evacuation
[124.416s][info][gc,heap        ] GC(216) ParNew: 409024K->0K(460096K)
[124.416s][info][gc,heap        ] GC(216) CMS: 63489K->63489K(1585984K)
[124.416s][info][gc,metaspace   ] GC(216) Metaspace: 23738K(24832K)->23738K(24832K) NonClass: 20813K(21504K)->20813K(21504K) Class: 2925K(3328K)->2925K(3328K)
[124.416s][info][gc             ] GC(216) Pause Young (Allocation Failure) 461M->62M(1998M) 2.986ms
[124.416s][info][gc,cpu         ] GC(216) User=0.00s Sys=0.00s Real=0.00s
[124.475s][info][gc,start       ] GC(217) Pause Full (System.gc())
[124.475s][info][gc,phases,start] GC(217) Phase 1: Mark live objects
[124.482s][info][gc,phases      ] GC(217) Phase 1: Mark live objects 6.385ms
[124.482s][info][gc,phases,start] GC(217) Phase 2: Compute new object addresses
[124.549s][info][gc,phases      ] GC(217) Phase 2: Compute new object addresses 67.522ms
[124.549s][info][gc,phases,start] GC(217) Phase 3: Adjust pointers
[124.553s][info][gc,phases      ] GC(217) Phase 3: Adjust pointers 4.288ms
[124.553s][info][gc,phases,start] GC(217) Phase 4: Move objects
[124.554s][info][gc,phases      ] GC(217) Phase 4: Move objects 0.212ms
[124.555s][info][gc,heap        ] GC(217) ParNew: 220631K->0K(460096K)
[124.555s][info][gc,heap        ] GC(217) CMS: 63489K->5075K(1585984K)
[124.555s][info][gc,metaspace   ] GC(217) Metaspace: 23739K(24832K)->23739K(24832K) NonClass: 20813K(21504K)->20813K(21504K) Class: 2925K(3328K)->2925K(3328K)
[124.555s][info][gc             ] GC(217) Pause Full (System.gc()) 277M->4M(1998M) 80.372ms
[124.555s][info][gc,cpu         ] GC(217) User=0.08s Sys=0.00s Real=0.08s
[126.257s][info][gc,start       ] GC(218) Pause Young (Allocation Failure)
[126.258s][info][gc,task        ] GC(218) Using 6 workers of 6 for evacuation
[126.275s][info][gc,heap        ] GC(218) ParNew: 409024K->26606K(460096K)
[126.276s][info][gc,heap        ] GC(218) CMS: 5075K->5075K(1585984K)
[126.276s][info][gc,metaspace   ] GC(218) Metaspace: 23739K(24832K)->23739K(24832K) NonClass: 20813K(21504K)->20813K(21504K) Class: 2925K(3328K)->2925K(3328K)
[126.276s][info][gc             ] GC(218) Pause Young (Allocation Failure) 404M->30M(1998M) 18.116ms
[126.276s][info][gc,cpu         ] GC(218) User=0.08s Sys=0.00s Real=0.02s
[126.358s][info][gc,start       ] GC(219) Pause Young (Allocation Failure)
[126.359s][info][gc,task        ] GC(219) Using 6 workers of 6 for evacuation
[126.375s][info][gc,heap        ] GC(219) ParNew: 435630K->0K(460096K)
[126.375s][info][gc,heap        ] GC(219) CMS: 5075K->36351K(1585984K)
[126.375s][info][gc,metaspace   ] GC(219) Metaspace: 23739K(24832K)->23739K(24832K) NonClass: 20813K(21504K)->20813K(21504K) Class: 2925K(3328K)->2925K(3328K)
[126.375s][info][gc             ] GC(219) Pause Young (Allocation Failure) 430M->35M(1998M) 16.882ms
[126.375s][info][gc,cpu         ] GC(219) User=0.00s Sys=0.02s Real=0.02s
[126.459s][info][gc,start       ] GC(220) Pause Young (Allocation Failure)
[126.459s][info][gc,task        ] GC(220) Using 6 workers of 6 for evacuation
[126.461s][info][gc,heap        ] GC(220) ParNew: 409024K->0K(460096K)
[126.462s][info][gc,heap        ] GC(220) CMS: 36351K->36351K(1585984K)
[126.462s][info][gc,metaspace   ] GC(220) Metaspace: 23739K(24832K)->23739K(24832K) NonClass: 20813K(21504K)->20813K(21504K) Class: 2925K(3328K)->2925K(3328K)
[126.462s][info][gc             ] GC(220) Pause Young (Allocation Failure) 434M->35M(1998M) 2.614ms
[126.462s][info][gc,cpu         ] GC(220) User=0.00s Sys=0.00s Real=0.02s
[128.175s][info][gc,start       ] GC(221) Pause Young (Allocation Failure)
[128.175s][info][gc,task        ] GC(221) Using 6 workers of 6 for evacuation
[128.193s][info][gc,heap        ] GC(221) ParNew: 409024K->26986K(460096K)
[128.193s][info][gc,heap        ] GC(221) CMS: 36351K->36351K(1585984K)
[128.193s][info][gc,metaspace   ] GC(221) Metaspace: 23744K(24832K)->23744K(24832K) NonClass: 20819K(21504K)->20819K(21504K) Class: 2925K(3328K)->2925K(3328K)
[128.193s][info][gc             ] GC(221) Pause Young (Allocation Failure) 434M->61M(1998M) 18.463ms
[128.193s][info][gc,cpu         ] GC(221) User=0.08s Sys=0.00s Real=0.02s
[128.276s][info][gc,start       ] GC(222) Pause Young (Allocation Failure)
[128.276s][info][gc,task        ] GC(222) Using 6 workers of 6 for evacuation
[128.292s][info][gc,heap        ] GC(222) ParNew: 436010K->0K(460096K)
[128.292s][info][gc,heap        ] GC(222) CMS: 36351K->63565K(1585984K)
[128.292s][info][gc,metaspace   ] GC(222) Metaspace: 23744K(24832K)->23744K(24832K) NonClass: 20819K(21504K)->20819K(21504K) Class: 2925K(3328K)->2925K(3328K)
[128.292s][info][gc             ] GC(222) Pause Young (Allocation Failure) 461M->62M(1998M) 16.091ms
[128.292s][info][gc,cpu         ] GC(222) User=0.02s Sys=0.00s Real=0.02s
[128.375s][info][gc,start       ] GC(223) Pause Young (Allocation Failure)
[128.375s][info][gc,task        ] GC(223) Using 6 workers of 6 for evacuation
[128.377s][info][gc,heap        ] GC(223) ParNew: 409024K->0K(460096K)
[128.377s][info][gc,heap        ] GC(223) CMS: 63565K->63565K(1585984K)
[128.377s][info][gc,metaspace   ] GC(223) Metaspace: 23744K(24832K)->23744K(24832K) NonClass: 20819K(21504K)->20819K(21504K) Class: 2925K(3328K)->2925K(3328K)
[128.377s][info][gc             ] GC(223) Pause Young (Allocation Failure) 461M->62M(1998M) 2.452ms
[128.377s][info][gc,cpu         ] GC(223) User=0.02s Sys=0.00s Real=0.02s
[128.435s][info][gc,start       ] GC(224) Pause Full (System.gc())
[128.436s][info][gc,phases,start] GC(224) Phase 1: Mark live objects
[128.442s][info][gc,phases      ] GC(224) Phase 1: Mark live objects 6.629ms
[128.442s][info][gc,phases,start] GC(224) Phase 2: Compute new object addresses
[128.510s][info][gc,phases      ] GC(224) Phase 2: Compute new object addresses 67.349ms
[128.510s][info][gc,phases,start] GC(224) Phase 3: Adjust pointers
[128.514s][info][gc,phases      ] GC(224) Phase 3: Adjust pointers 4.302ms
[128.514s][info][gc,phases,start] GC(224) Phase 4: Move objects
[128.514s][info][gc,phases      ] GC(224) Phase 4: Move objects 0.191ms
[128.516s][info][gc,heap        ] GC(224) ParNew: 220631K->0K(460096K)
[128.516s][info][gc,heap        ] GC(224) CMS: 63565K->5075K(1585984K)
[128.516s][info][gc,metaspace   ] GC(224) Metaspace: 23745K(24832K)->23745K(24832K) NonClass: 20820K(21504K)->20820K(21504K) Class: 2925K(3328K)->2925K(3328K)
[128.516s][info][gc             ] GC(224) Pause Full (System.gc()) 277M->4M(1998M) 80.437ms
[128.516s][info][gc,cpu         ] GC(224) User=0.08s Sys=0.00s Real=0.08s
[130.214s][info][gc,start       ] GC(225) Pause Young (Allocation Failure)
[130.214s][info][gc,task        ] GC(225) Using 6 workers of 6 for evacuation
[130.232s][info][gc,heap        ] GC(225) ParNew: 409024K->26698K(460096K)
[130.232s][info][gc,heap        ] GC(225) CMS: 5075K->5075K(1585984K)
[130.232s][info][gc,metaspace   ] GC(225) Metaspace: 23745K(24832K)->23745K(24832K) NonClass: 20820K(21504K)->20820K(21504K) Class: 2925K(3328K)->2925K(3328K)
[130.232s][info][gc             ] GC(225) Pause Young (Allocation Failure) 404M->31M(1998M) 18.023ms
[130.232s][info][gc,cpu         ] GC(225) User=0.08s Sys=0.00s Real=0.02s
[130.315s][info][gc,start       ] GC(226) Pause Young (Allocation Failure)
[130.315s][info][gc,task        ] GC(226) Using 6 workers of 6 for evacuation
[130.332s][info][gc,heap        ] GC(226) ParNew: 435722K->0K(460096K)
[130.332s][info][gc,heap        ] GC(226) CMS: 5075K->36353K(1585984K)
[130.332s][info][gc,metaspace   ] GC(226) Metaspace: 23745K(24832K)->23745K(24832K) NonClass: 20820K(21504K)->20820K(21504K) Class: 2925K(3328K)->2925K(3328K)
[130.332s][info][gc             ] GC(226) Pause Young (Allocation Failure) 430M->35M(1998M) 16.619ms
[130.332s][info][gc,cpu         ] GC(226) User=0.02s Sys=0.00s Real=0.01s
[130.414s][info][gc,start       ] GC(227) Pause Young (Allocation Failure)
[130.414s][info][gc,task        ] GC(227) Using 6 workers of 6 for evacuation
[130.417s][info][gc,heap        ] GC(227) ParNew: 409024K->0K(460096K)
[130.417s][info][gc,heap        ] GC(227) CMS: 36353K->36353K(1585984K)
[130.417s][info][gc,metaspace   ] GC(227) Metaspace: 23745K(24832K)->23745K(24832K) NonClass: 20820K(21504K)->20820K(21504K) Class: 2925K(3328K)->2925K(3328K)
[130.417s][info][gc             ] GC(227) Pause Young (Allocation Failure) 434M->35M(1998M) 2.864ms
[130.417s][info][gc,cpu         ] GC(227) User=0.00s Sys=0.00s Real=0.00s
[132.258s][info][gc,start       ] GC(228) Pause Young (Allocation Failure)
[132.258s][info][gc,task        ] GC(228) Using 6 workers of 6 for evacuation
[132.277s][info][gc,heap        ] GC(228) ParNew: 409024K->27247K(460096K)
[132.277s][info][gc,heap        ] GC(228) CMS: 36353K->36353K(1585984K)
[132.277s][info][gc,metaspace   ] GC(228) Metaspace: 23746K(24832K)->23746K(24832K) NonClass: 20820K(21504K)->20820K(21504K) Class: 2925K(3328K)->2925K(3328K)
[132.277s][info][gc             ] GC(228) Pause Young (Allocation Failure) 434M->62M(1998M) 18.627ms
[132.277s][info][gc,cpu         ] GC(228) User=0.09s Sys=0.00s Real=0.03s
[132.360s][info][gc,start       ] GC(229) Pause Young (Allocation Failure)
[132.360s][info][gc,task        ] GC(229) Using 6 workers of 6 for evacuation
[132.376s][info][gc,heap        ] GC(229) ParNew: 436271K->0K(460096K)
[132.376s][info][gc,heap        ] GC(229) CMS: 36353K->63524K(1585984K)
[132.376s][info][gc,metaspace   ] GC(229) Metaspace: 23746K(24832K)->23746K(24832K) NonClass: 20820K(21504K)->20820K(21504K) Class: 2925K(3328K)->2925K(3328K)
[132.376s][info][gc             ] GC(229) Pause Young (Allocation Failure) 461M->62M(1998M) 16.809ms
[132.376s][info][gc,cpu         ] GC(229) User=0.02s Sys=0.00s Real=0.02s
[132.459s][info][gc,start       ] GC(230) Pause Young (Allocation Failure)
[132.459s][info][gc,task        ] GC(230) Using 6 workers of 6 for evacuation
[132.461s][info][gc,heap        ] GC(230) ParNew: 409024K->0K(460096K)
[132.462s][info][gc,heap        ] GC(230) CMS: 63524K->63524K(1585984K)
[132.462s][info][gc,metaspace   ] GC(230) Metaspace: 23746K(24832K)->23746K(24832K) NonClass: 20820K(21504K)->20820K(21504K) Class: 2925K(3328K)->2925K(3328K)
[132.462s][info][gc             ] GC(230) Pause Young (Allocation Failure) 461M->62M(1998M) 2.678ms
[132.462s][info][gc,cpu         ] GC(230) User=0.00s Sys=0.00s Real=0.00s
[132.520s][info][gc,start       ] GC(231) Pause Full (System.gc())
[132.520s][info][gc,phases,start] GC(231) Phase 1: Mark live objects
[132.527s][info][gc,phases      ] GC(231) Phase 1: Mark live objects 6.495ms
[132.527s][info][gc,phases,start] GC(231) Phase 2: Compute new object addresses
[132.594s][info][gc,phases      ] GC(231) Phase 2: Compute new object addresses 67.462ms
[132.594s][info][gc,phases,start] GC(231) Phase 3: Adjust pointers
[132.599s][info][gc,phases      ] GC(231) Phase 3: Adjust pointers 4.327ms
[132.599s][info][gc,phases,start] GC(231) Phase 4: Move objects
[132.599s][info][gc,phases      ] GC(231) Phase 4: Move objects 0.190ms
[132.600s][info][gc,heap        ] GC(231) ParNew: 220631K->0K(460096K)
[132.600s][info][gc,heap        ] GC(231) CMS: 63524K->5075K(1585984K)
[132.600s][info][gc,metaspace   ] GC(231) Metaspace: 23746K(24832K)->23746K(24832K) NonClass: 20820K(21504K)->20820K(21504K) Class: 2925K(3328K)->2925K(3328K)
[132.601s][info][gc             ] GC(231) Pause Full (System.gc()) 277M->4M(1998M) 80.446ms
[132.601s][info][gc,cpu         ] GC(231) User=0.08s Sys=0.00s Real=0.08s
[134.431s][info][gc,start       ] GC(232) Pause Young (Allocation Failure)
[134.431s][info][gc,task        ] GC(232) Using 6 workers of 6 for evacuation
[134.449s][info][gc,heap        ] GC(232) ParNew: 409024K->26541K(460096K)
[134.449s][info][gc,heap        ] GC(232) CMS: 5075K->5075K(1585984K)
[134.449s][info][gc,metaspace   ] GC(232) Metaspace: 23746K(24832K)->23746K(24832K) NonClass: 20820K(21504K)->20820K(21504K) Class: 2925K(3328K)->2925K(3328K)
[134.449s][info][gc             ] GC(232) Pause Young (Allocation Failure) 404M->30M(1998M) 18.013ms
[134.449s][info][gc,cpu         ] GC(232) User=0.09s Sys=0.00s Real=0.01s
[134.532s][info][gc,start       ] GC(233) Pause Young (Allocation Failure)
[134.532s][info][gc,task        ] GC(233) Using 6 workers of 6 for evacuation
[134.549s][info][gc,heap        ] GC(233) ParNew: 435565K->0K(460096K)
[134.549s][info][gc,heap        ] GC(233) CMS: 5075K->36353K(1585984K)
[134.549s][info][gc,metaspace   ] GC(233) Metaspace: 23746K(24832K)->23746K(24832K) NonClass: 20820K(21504K)->20820K(21504K) Class: 2925K(3328K)->2925K(3328K)
[134.549s][info][gc             ] GC(233) Pause Young (Allocation Failure) 430M->35M(1998M) 17.092ms
[134.549s][info][gc,cpu         ] GC(233) User=0.02s Sys=0.00s Real=0.02s
[134.632s][info][gc,start       ] GC(234) Pause Young (Allocation Failure)
[134.632s][info][gc,task        ] GC(234) Using 6 workers of 6 for evacuation
[134.635s][info][gc,heap        ] GC(234) ParNew: 409024K->0K(460096K)
[134.635s][info][gc,heap        ] GC(234) CMS: 36353K->36353K(1585984K)
[134.635s][info][gc,metaspace   ] GC(234) Metaspace: 23746K(24832K)->23746K(24832K) NonClass: 20820K(21504K)->20820K(21504K) Class: 2925K(3328K)->2925K(3328K)
[134.635s][info][gc             ] GC(234) Pause Young (Allocation Failure) 434M->35M(1998M) 2.668ms
[134.635s][info][gc,cpu         ] GC(234) User=0.00s Sys=0.00s Real=0.00s
[136.537s][info][gc,start       ] GC(235) Pause Young (Allocation Failure)
[136.537s][info][gc,task        ] GC(235) Using 6 workers of 6 for evacuation
[136.555s][info][gc,heap        ] GC(235) ParNew: 409024K->27347K(460096K)
[136.555s][info][gc,heap        ] GC(235) CMS: 36353K->36353K(1585984K)
[136.555s][info][gc,metaspace   ] GC(235) Metaspace: 23746K(24832K)->23746K(24832K) NonClass: 20820K(21504K)->20820K(21504K) Class: 2925K(3328K)->2925K(3328K)
[136.555s][info][gc             ] GC(235) Pause Young (Allocation Failure) 434M->62M(1998M) 18.583ms
[136.555s][info][gc,cpu         ] GC(235) User=0.09s Sys=0.00s Real=0.02s
[136.638s][info][gc,start       ] GC(236) Pause Young (Allocation Failure)
[136.639s][info][gc,task        ] GC(236) Using 6 workers of 6 for evacuation
[136.654s][info][gc,heap        ] GC(236) ParNew: 436371K->0K(460096K)
[136.654s][info][gc,heap        ] GC(236) CMS: 36353K->63175K(1585984K)
[136.654s][info][gc,metaspace   ] GC(236) Metaspace: 23746K(24832K)->23746K(24832K) NonClass: 20820K(21504K)->20820K(21504K) Class: 2925K(3328K)->2925K(3328K)
[136.655s][info][gc             ] GC(236) Pause Young (Allocation Failure) 461M->61M(1998M) 16.059ms
[136.655s][info][gc,cpu         ] GC(236) User=0.00s Sys=0.00s Real=0.02s
[136.739s][info][gc,start       ] GC(237) Pause Young (Allocation Failure)
[136.739s][info][gc,task        ] GC(237) Using 6 workers of 6 for evacuation
[136.742s][info][gc,heap        ] GC(237) ParNew: 409024K->0K(460096K)
[136.742s][info][gc,heap        ] GC(237) CMS: 63175K->63175K(1585984K)
[136.742s][info][gc,metaspace   ] GC(237) Metaspace: 23746K(24832K)->23746K(24832K) NonClass: 20820K(21504K)->20820K(21504K) Class: 2925K(3328K)->2925K(3328K)
[136.742s][info][gc             ] GC(237) Pause Young (Allocation Failure) 461M->61M(1998M) 2.777ms
[136.742s][info][gc,cpu         ] GC(237) User=0.00s Sys=0.00s Real=0.00s
[136.800s][info][gc,start       ] GC(238) Pause Full (System.gc())
[136.800s][info][gc,phases,start] GC(238) Phase 1: Mark live objects
[136.807s][info][gc,phases      ] GC(238) Phase 1: Mark live objects 6.636ms
[136.807s][info][gc,phases,start] GC(238) Phase 2: Compute new object addresses
[136.873s][info][gc,phases      ] GC(238) Phase 2: Compute new object addresses 66.300ms
[136.873s][info][gc,phases,start] GC(238) Phase 3: Adjust pointers
[136.878s][info][gc,phases      ] GC(238) Phase 3: Adjust pointers 4.411ms
[136.878s][info][gc,phases,start] GC(238) Phase 4: Move objects
[136.878s][info][gc,phases      ] GC(238) Phase 4: Move objects 0.188ms
[136.879s][info][gc,heap        ] GC(238) ParNew: 220631K->0K(460096K)
[136.879s][info][gc,heap        ] GC(238) CMS: 63175K->5076K(1585984K)
[136.879s][info][gc,metaspace   ] GC(238) Metaspace: 23746K(24832K)->23746K(24832K) NonClass: 20820K(21504K)->20820K(21504K) Class: 2925K(3328K)->2925K(3328K)
[136.880s][info][gc             ] GC(238) Pause Full (System.gc()) 277M->4M(1998M) 79.508ms
[136.880s][info][gc,cpu         ] GC(238) User=0.08s Sys=0.00s Real=0.08s
[138.766s][info][gc,start       ] GC(239) Pause Young (Allocation Failure)
[138.766s][info][gc,task        ] GC(239) Using 6 workers of 6 for evacuation
[138.784s][info][gc,heap        ] GC(239) ParNew: 409024K->26628K(460096K)
[138.784s][info][gc,heap        ] GC(239) CMS: 5076K->5076K(1585984K)
[138.784s][info][gc,metaspace   ] GC(239) Metaspace: 23747K(24832K)->23747K(24832K) NonClass: 20822K(21504K)->20822K(21504K) Class: 2925K(3328K)->2925K(3328K)
[138.784s][info][gc             ] GC(239) Pause Young (Allocation Failure) 404M->30M(1998M) 17.933ms
[138.784s][info][gc,cpu         ] GC(239) User=0.03s Sys=0.00s Real=0.02s
[138.867s][info][gc,start       ] GC(240) Pause Young (Allocation Failure)
[138.867s][info][gc,task        ] GC(240) Using 6 workers of 6 for evacuation
[138.883s][info][gc,heap        ] GC(240) ParNew: 435652K->0K(460096K)
[138.883s][info][gc,heap        ] GC(240) CMS: 5076K->36346K(1585984K)
[138.883s][info][gc,metaspace   ] GC(240) Metaspace: 23747K(24832K)->23747K(24832K) NonClass: 20822K(21504K)->20822K(21504K) Class: 2925K(3328K)->2925K(3328K)
[138.883s][info][gc             ] GC(240) Pause Young (Allocation Failure) 430M->35M(1998M) 16.547ms
[138.883s][info][gc,cpu         ] GC(240) User=0.02s Sys=0.00s Real=0.02s
[138.967s][info][gc,start       ] GC(241) Pause Young (Allocation Failure)
[138.967s][info][gc,task        ] GC(241) Using 6 workers of 6 for evacuation
[138.970s][info][gc,heap        ] GC(241) ParNew: 409024K->0K(460096K)
[138.970s][info][gc,heap        ] GC(241) CMS: 36346K->36346K(1585984K)
[138.970s][info][gc,metaspace   ] GC(241) Metaspace: 23747K(24832K)->23747K(24832K) NonClass: 20822K(21504K)->20822K(21504K) Class: 2925K(3328K)->2925K(3328K)
[138.970s][info][gc             ] GC(241) Pause Young (Allocation Failure) 434M->35M(1998M) 3.119ms
[138.970s][info][gc,cpu         ] GC(241) User=0.00s Sys=0.00s Real=0.00s
[140.866s][info][gc,start       ] GC(242) Pause Young (Allocation Failure)
[140.866s][info][gc,task        ] GC(242) Using 6 workers of 6 for evacuation
[140.884s][info][gc,heap        ] GC(242) ParNew: 409024K->26944K(460096K)
[140.884s][info][gc,heap        ] GC(242) CMS: 36346K->36346K(1585984K)
[140.884s][info][gc,metaspace   ] GC(242) Metaspace: 23747K(24832K)->23747K(24832K) NonClass: 20822K(21504K)->20822K(21504K) Class: 2925K(3328K)->2925K(3328K)
[140.884s][info][gc             ] GC(242) Pause Young (Allocation Failure) 434M->61M(1998M) 18.064ms
[140.884s][info][gc,cpu         ] GC(242) User=0.08s Sys=0.00s Real=0.02s
[140.968s][info][gc,start       ] GC(243) Pause Young (Allocation Failure)
[140.968s][info][gc,task        ] GC(243) Using 6 workers of 6 for evacuation
[140.984s][info][gc,heap        ] GC(243) ParNew: 435968K->0K(460096K)
[140.984s][info][gc,heap        ] GC(243) CMS: 36346K->63604K(1585984K)
[140.984s][info][gc,metaspace   ] GC(243) Metaspace: 23747K(24832K)->23747K(24832K) NonClass: 20822K(21504K)->20822K(21504K) Class: 2925K(3328K)->2925K(3328K)
[140.984s][info][gc             ] GC(243) Pause Young (Allocation Failure) 461M->62M(1998M) 16.564ms
[140.984s][info][gc,cpu         ] GC(243) User=0.02s Sys=0.00s Real=0.02s
[141.067s][info][gc,start       ] GC(244) Pause Young (Allocation Failure)
[141.067s][info][gc,task        ] GC(244) Using 6 workers of 6 for evacuation
[141.070s][info][gc,heap        ] GC(244) ParNew: 409024K->0K(460096K)
[141.070s][info][gc,heap        ] GC(244) CMS: 63604K->63604K(1585984K)
[141.070s][info][gc,metaspace   ] GC(244) Metaspace: 23747K(24832K)->23747K(24832K) NonClass: 20822K(21504K)->20822K(21504K) Class: 2925K(3328K)->2925K(3328K)
[141.070s][info][gc             ] GC(244) Pause Young (Allocation Failure) 461M->62M(1998M) 2.915ms
[141.070s][info][gc,cpu         ] GC(244) User=0.02s Sys=0.00s Real=0.02s
[141.128s][info][gc,start       ] GC(245) Pause Full (System.gc())
[141.128s][info][gc,phases,start] GC(245) Phase 1: Mark live objects
[141.135s][info][gc,phases      ] GC(245) Phase 1: Mark live objects 6.241ms
[141.135s][info][gc,phases,start] GC(245) Phase 2: Compute new object addresses
[141.202s][info][gc,phases      ] GC(245) Phase 2: Compute new object addresses 67.530ms
[141.202s][info][gc,phases,start] GC(245) Phase 3: Adjust pointers
[141.207s][info][gc,phases      ] GC(245) Phase 3: Adjust pointers 4.329ms
[141.207s][info][gc,phases,start] GC(245) Phase 4: Move objects
[141.207s][info][gc,phases      ] GC(245) Phase 4: Move objects 0.194ms
[141.208s][info][gc,heap        ] GC(245) ParNew: 220631K->0K(460096K)
[141.208s][info][gc,heap        ] GC(245) CMS: 63604K->5076K(1585984K)
[141.208s][info][gc,metaspace   ] GC(245) Metaspace: 23747K(24832K)->23747K(24832K) NonClass: 20822K(21504K)->20822K(21504K) Class: 2925K(3328K)->2925K(3328K)
[141.209s][info][gc             ] GC(245) Pause Full (System.gc()) 277M->4M(1998M) 80.234ms
[141.209s][info][gc,cpu         ] GC(245) User=0.08s Sys=0.00s Real=0.08s
[143.093s][info][gc,start       ] GC(246) Pause Young (Allocation Failure)
[143.093s][info][gc,task        ] GC(246) Using 6 workers of 6 for evacuation
[143.111s][info][gc,heap        ] GC(246) ParNew: 409024K->26737K(460096K)
[143.111s][info][gc,heap        ] GC(246) CMS: 5076K->5076K(1585984K)
[143.111s][info][gc,metaspace   ] GC(246) Metaspace: 23753K(24832K)->23753K(24832K) NonClass: 20827K(21504K)->20827K(21504K) Class: 2925K(3328K)->2925K(3328K)
[143.111s][info][gc             ] GC(246) Pause Young (Allocation Failure) 404M->31M(1998M) 17.589ms
[143.111s][info][gc,cpu         ] GC(246) User=0.08s Sys=0.00s Real=0.01s
[143.194s][info][gc,start       ] GC(247) Pause Young (Allocation Failure)
[143.194s][info][gc,task        ] GC(247) Using 6 workers of 6 for evacuation
[143.211s][info][gc,heap        ] GC(247) ParNew: 435761K->0K(460096K)
[143.211s][info][gc,heap        ] GC(247) CMS: 5076K->36364K(1585984K)
[143.211s][info][gc,metaspace   ] GC(247) Metaspace: 23753K(24832K)->23753K(24832K) NonClass: 20827K(21504K)->20827K(21504K) Class: 2925K(3328K)->2925K(3328K)
[143.211s][info][gc             ] GC(247) Pause Young (Allocation Failure) 430M->35M(1998M) 17.341ms
[143.211s][info][gc,cpu         ] GC(247) User=0.02s Sys=0.00s Real=0.02s
[143.294s][info][gc,start       ] GC(248) Pause Young (Allocation Failure)
[143.294s][info][gc,task        ] GC(248) Using 6 workers of 6 for evacuation
[143.297s][info][gc,heap        ] GC(248) ParNew: 409024K->0K(460096K)
[143.297s][info][gc,heap        ] GC(248) CMS: 36364K->36364K(1585984K)
[143.297s][info][gc,metaspace   ] GC(248) Metaspace: 23753K(24832K)->23753K(24832K) NonClass: 20827K(21504K)->20827K(21504K) Class: 2925K(3328K)->2925K(3328K)
[143.297s][info][gc             ] GC(248) Pause Young (Allocation Failure) 434M->35M(1998M) 2.788ms
[143.297s][info][gc,cpu         ] GC(248) User=0.00s Sys=0.00s Real=0.00s
[145.195s][info][gc,start       ] GC(249) Pause Young (Allocation Failure)
[145.195s][info][gc,task        ] GC(249) Using 6 workers of 6 for evacuation
[145.213s][info][gc,heap        ] GC(249) ParNew: 409024K->26851K(460096K)
[145.213s][info][gc,heap        ] GC(249) CMS: 36364K->36364K(1585984K)
[145.213s][info][gc,metaspace   ] GC(249) Metaspace: 23753K(24832K)->23753K(24832K) NonClass: 20827K(21504K)->20827K(21504K) Class: 2925K(3328K)->2925K(3328K)
[145.213s][info][gc             ] GC(249) Pause Young (Allocation Failure) 434M->61M(1998M) 18.318ms
[145.213s][info][gc,cpu         ] GC(249) User=0.11s Sys=0.00s Real=0.03s
[145.296s][info][gc,start       ] GC(250) Pause Young (Allocation Failure)
[145.296s][info][gc,task        ] GC(250) Using 6 workers of 6 for evacuation
[145.313s][info][gc,heap        ] GC(250) ParNew: 435875K->0K(460096K)
[145.313s][info][gc,heap        ] GC(250) CMS: 36364K->63471K(1585984K)
[145.313s][info][gc,metaspace   ] GC(250) Metaspace: 23753K(24832K)->23753K(24832K) NonClass: 20827K(21504K)->20827K(21504K) Class: 2925K(3328K)->2925K(3328K)
[145.313s][info][gc             ] GC(250) Pause Young (Allocation Failure) 461M->61M(1998M) 16.505ms
[145.313s][info][gc,cpu         ] GC(250) User=0.02s Sys=0.00s Real=0.02s
[145.395s][info][gc,start       ] GC(251) Pause Young (Allocation Failure)
[145.395s][info][gc,task        ] GC(251) Using 6 workers of 6 for evacuation
[145.398s][info][gc,heap        ] GC(251) ParNew: 409024K->0K(460096K)
[145.398s][info][gc,heap        ] GC(251) CMS: 63471K->63471K(1585984K)
[145.398s][info][gc,metaspace   ] GC(251) Metaspace: 23753K(24832K)->23753K(24832K) NonClass: 20827K(21504K)->20827K(21504K) Class: 2925K(3328K)->2925K(3328K)
[145.398s][info][gc             ] GC(251) Pause Young (Allocation Failure) 461M->61M(1998M) 2.965ms
[145.398s][info][gc,cpu         ] GC(251) User=0.00s Sys=0.00s Real=0.00s
[145.457s][info][gc,start       ] GC(252) Pause Full (System.gc())
[145.457s][info][gc,phases,start] GC(252) Phase 1: Mark live objects
[145.464s][info][gc,phases      ] GC(252) Phase 1: Mark live objects 6.801ms
[145.464s][info][gc,phases,start] GC(252) Phase 2: Compute new object addresses
[145.531s][info][gc,phases      ] GC(252) Phase 2: Compute new object addresses 67.322ms
[145.531s][info][gc,phases,start] GC(252) Phase 3: Adjust pointers
[145.535s][info][gc,phases      ] GC(252) Phase 3: Adjust pointers 4.343ms
[145.535s][info][gc,phases,start] GC(252) Phase 4: Move objects
[145.536s][info][gc,phases      ] GC(252) Phase 4: Move objects 0.192ms
[145.537s][info][gc,heap        ] GC(252) ParNew: 220631K->0K(460096K)
[145.537s][info][gc,heap        ] GC(252) CMS: 63471K->5076K(1585984K)
[145.537s][info][gc,metaspace   ] GC(252) Metaspace: 23753K(24832K)->23753K(24832K) NonClass: 20827K(21504K)->20827K(21504K) Class: 2925K(3328K)->2925K(3328K)
[145.537s][info][gc             ] GC(252) Pause Full (System.gc()) 277M->4M(1998M) 80.628ms
[145.537s][info][gc,cpu         ] GC(252) User=0.08s Sys=0.00s Real=0.08s
[147.423s][info][gc,start       ] GC(253) Pause Young (Allocation Failure)
[147.423s][info][gc,task        ] GC(253) Using 6 workers of 6 for evacuation
[147.441s][info][gc,heap        ] GC(253) ParNew: 409024K->26737K(460096K)
[147.441s][info][gc,heap        ] GC(253) CMS: 5076K->5076K(1585984K)
[147.442s][info][gc,metaspace   ] GC(253) Metaspace: 23753K(24832K)->23753K(24832K) NonClass: 20828K(21504K)->20828K(21504K) Class: 2925K(3328K)->2925K(3328K)
[147.442s][info][gc             ] GC(253) Pause Young (Allocation Failure) 404M->31M(1998M) 18.555ms
[147.442s][info][gc,cpu         ] GC(253) User=0.08s Sys=0.00s Real=0.02s
[147.524s][info][gc,start       ] GC(254) Pause Young (Allocation Failure)
[147.524s][info][gc,task        ] GC(254) Using 6 workers of 6 for evacuation
[147.541s][info][gc,heap        ] GC(254) ParNew: 435761K->0K(460096K)
[147.541s][info][gc,heap        ] GC(254) CMS: 5076K->36348K(1585984K)
[147.541s][info][gc,metaspace   ] GC(254) Metaspace: 23753K(24832K)->23753K(24832K) NonClass: 20828K(21504K)->20828K(21504K) Class: 2925K(3328K)->2925K(3328K)
[147.541s][info][gc             ] GC(254) Pause Young (Allocation Failure) 430M->35M(1998M) 16.662ms
[147.541s][info][gc,cpu         ] GC(254) User=0.02s Sys=0.00s Real=0.02s
[147.623s][info][gc,start       ] GC(255) Pause Young (Allocation Failure)
[147.623s][info][gc,task        ] GC(255) Using 6 workers of 6 for evacuation
[147.626s][info][gc,heap        ] GC(255) ParNew: 409024K->0K(460096K)
[147.626s][info][gc,heap        ] GC(255) CMS: 36348K->36348K(1585984K)
[147.626s][info][gc,metaspace   ] GC(255) Metaspace: 23753K(24832K)->23753K(24832K) NonClass: 20828K(21504K)->20828K(21504K) Class: 2925K(3328K)->2925K(3328K)
[147.626s][info][gc             ] GC(255) Pause Young (Allocation Failure) 434M->35M(1998M) 3.071ms
[147.626s][info][gc,cpu         ] GC(255) User=0.00s Sys=0.00s Real=0.01s
[149.524s][info][gc,start       ] GC(256) Pause Young (Allocation Failure)
[149.524s][info][gc,task        ] GC(256) Using 6 workers of 6 for evacuation
[149.542s][info][gc,heap        ] GC(256) ParNew: 409024K->26969K(460096K)
[149.542s][info][gc,heap        ] GC(256) CMS: 36348K->36348K(1585984K)
[149.542s][info][gc,metaspace   ] GC(256) Metaspace: 23753K(24832K)->23753K(24832K) NonClass: 20828K(21504K)->20828K(21504K) Class: 2925K(3328K)->2925K(3328K)
[149.542s][info][gc             ] GC(256) Pause Young (Allocation Failure) 434M->61M(1998M) 17.893ms
[149.542s][info][gc,cpu         ] GC(256) User=0.08s Sys=0.00s Real=0.02s
[149.625s][info][gc,start       ] GC(257) Pause Young (Allocation Failure)
[149.625s][info][gc,task        ] GC(257) Using 6 workers of 6 for evacuation
[149.641s][info][gc,heap        ] GC(257) ParNew: 435993K->0K(460096K)
[149.641s][info][gc,heap        ] GC(257) CMS: 36348K->63263K(1585984K)
[149.641s][info][gc,metaspace   ] GC(257) Metaspace: 23753K(24832K)->23753K(24832K) NonClass: 20828K(21504K)->20828K(21504K) Class: 2925K(3328K)->2925K(3328K)
[149.641s][info][gc             ] GC(257) Pause Young (Allocation Failure) 461M->61M(1998M) 15.773ms
[149.641s][info][gc,cpu         ] GC(257) User=0.02s Sys=0.00s Real=0.02s
[149.723s][info][gc,start       ] GC(258) Pause Young (Allocation Failure)
[149.723s][info][gc,task        ] GC(258) Using 6 workers of 6 for evacuation
[149.726s][info][gc,heap        ] GC(258) ParNew: 409024K->0K(460096K)
[149.726s][info][gc,heap        ] GC(258) CMS: 63263K->63263K(1585984K)
[149.726s][info][gc,metaspace   ] GC(258) Metaspace: 23753K(24832K)->23753K(24832K) NonClass: 20828K(21504K)->20828K(21504K) Class: 2925K(3328K)->2925K(3328K)
[149.726s][info][gc             ] GC(258) Pause Young (Allocation Failure) 461M->61M(1998M) 2.761ms
[149.726s][info][gc,cpu         ] GC(258) User=0.00s Sys=0.00s Real=0.00s
[149.785s][info][gc,start       ] GC(259) Pause Full (System.gc())
[149.786s][info][gc,phases,start] GC(259) Phase 1: Mark live objects
[149.792s][info][gc,phases      ] GC(259) Phase 1: Mark live objects 6.232ms
[149.792s][info][gc,phases,start] GC(259) Phase 2: Compute new object addresses
[149.858s][info][gc,phases      ] GC(259) Phase 2: Compute new object addresses 66.350ms
[149.858s][info][gc,phases,start] GC(259) Phase 3: Adjust pointers
[149.863s][info][gc,phases      ] GC(259) Phase 3: Adjust pointers 4.392ms
[149.863s][info][gc,phases,start] GC(259) Phase 4: Move objects
[149.863s][info][gc,phases      ] GC(259) Phase 4: Move objects 0.190ms
[149.864s][info][gc,heap        ] GC(259) ParNew: 220631K->0K(460096K)
[149.864s][info][gc,heap        ] GC(259) CMS: 63263K->5076K(1585984K)
[149.864s][info][gc,metaspace   ] GC(259) Metaspace: 23753K(24832K)->23753K(24832K) NonClass: 20828K(21504K)->20828K(21504K) Class: 2925K(3328K)->2925K(3328K)
[149.865s][info][gc             ] GC(259) Pause Full (System.gc()) 277M->4M(1998M) 79.142ms
[149.865s][info][gc,cpu         ] GC(259) User=0.08s Sys=0.00s Real=0.08s
[151.752s][info][gc,start       ] GC(260) Pause Young (Allocation Failure)
[151.753s][info][gc,task        ] GC(260) Using 6 workers of 6 for evacuation
[151.770s][info][gc,heap        ] GC(260) ParNew: 409024K->26638K(460096K)
[151.770s][info][gc,heap        ] GC(260) CMS: 5076K->5076K(1585984K)
[151.770s][info][gc,metaspace   ] GC(260) Metaspace: 23765K(24832K)->23765K(24832K) NonClass: 20840K(21504K)->20840K(21504K) Class: 2925K(3328K)->2925K(3328K)
[151.770s][info][gc             ] GC(260) Pause Young (Allocation Failure) 404M->30M(1998M) 17.800ms
[151.770s][info][gc,cpu         ] GC(260) User=0.08s Sys=0.00s Real=0.01s
[151.853s][info][gc,start       ] GC(261) Pause Young (Allocation Failure)
[151.853s][info][gc,task        ] GC(261) Using 6 workers of 6 for evacuation
[151.870s][info][gc,heap        ] GC(261) ParNew: 435662K->0K(460096K)
[151.870s][info][gc,heap        ] GC(261) CMS: 5076K->36353K(1585984K)
[151.870s][info][gc,metaspace   ] GC(261) Metaspace: 23765K(24832K)->23765K(24832K) NonClass: 20840K(21504K)->20840K(21504K) Class: 2925K(3328K)->2925K(3328K)
[151.870s][info][gc             ] GC(261) Pause Young (Allocation Failure) 430M->35M(1998M) 17.111ms
[151.870s][info][gc,cpu         ] GC(261) User=0.03s Sys=0.00s Real=0.03s
[151.954s][info][gc,start       ] GC(262) Pause Young (Allocation Failure)
[151.954s][info][gc,task        ] GC(262) Using 6 workers of 6 for evacuation
[151.957s][info][gc,heap        ] GC(262) ParNew: 409024K->0K(460096K)
[151.957s][info][gc,heap        ] GC(262) CMS: 36353K->36353K(1585984K)
[151.957s][info][gc,metaspace   ] GC(262) Metaspace: 23765K(24832K)->23765K(24832K) NonClass: 20840K(21504K)->20840K(21504K) Class: 2925K(3328K)->2925K(3328K)
[151.957s][info][gc             ] GC(262) Pause Young (Allocation Failure) 434M->35M(1998M) 2.989ms
[151.957s][info][gc,cpu         ] GC(262) User=0.00s Sys=0.00s Real=0.00s
[153.855s][info][gc,start       ] GC(263) Pause Young (Allocation Failure)
[153.855s][info][gc,task        ] GC(263) Using 6 workers of 6 for evacuation
[153.873s][info][gc,heap        ] GC(263) ParNew: 409024K->27023K(460096K)
[153.873s][info][gc,heap        ] GC(263) CMS: 36353K->36353K(1585984K)
[153.873s][info][gc,metaspace   ] GC(263) Metaspace: 23765K(24832K)->23765K(24832K) NonClass: 20840K(21504K)->20840K(21504K) Class: 2925K(3328K)->2925K(3328K)
[153.873s][info][gc             ] GC(263) Pause Young (Allocation Failure) 434M->61M(1998M) 18.275ms
[153.873s][info][gc,cpu         ] GC(263) User=0.08s Sys=0.00s Real=0.02s
[153.957s][info][gc,start       ] GC(264) Pause Young (Allocation Failure)
[153.957s][info][gc,task        ] GC(264) Using 6 workers of 6 for evacuation
[153.973s][info][gc,heap        ] GC(264) ParNew: 436047K->0K(460096K)
[153.973s][info][gc,heap        ] GC(264) CMS: 36353K->63441K(1585984K)
[153.973s][info][gc,metaspace   ] GC(264) Metaspace: 23765K(24832K)->23765K(24832K) NonClass: 20840K(21504K)->20840K(21504K) Class: 2925K(3328K)->2925K(3328K)
[153.973s][info][gc             ] GC(264) Pause Young (Allocation Failure) 461M->61M(1998M) 16.482ms
[153.973s][info][gc,cpu         ] GC(264) User=0.02s Sys=0.00s Real=0.02s
[154.057s][info][gc,start       ] GC(265) Pause Young (Allocation Failure)
[154.057s][info][gc,task        ] GC(265) Using 6 workers of 6 for evacuation
[154.059s][info][gc,heap        ] GC(265) ParNew: 409024K->0K(460096K)
[154.059s][info][gc,heap        ] GC(265) CMS: 63441K->63441K(1585984K)
[154.059s][info][gc,metaspace   ] GC(265) Metaspace: 23765K(24832K)->23765K(24832K) NonClass: 20840K(21504K)->20840K(21504K) Class: 2925K(3328K)->2925K(3328K)
[154.059s][info][gc             ] GC(265) Pause Young (Allocation Failure) 461M->61M(1998M) 2.650ms
[154.059s][info][gc,cpu         ] GC(265) User=0.00s Sys=0.00s Real=0.00s
[154.118s][info][gc,start       ] GC(266) Pause Full (System.gc())
[154.118s][info][gc,phases,start] GC(266) Phase 1: Mark live objects
[154.125s][info][gc,phases      ] GC(266) Phase 1: Mark live objects 6.630ms
[154.125s][info][gc,phases,start] GC(266) Phase 2: Compute new object addresses
[154.193s][info][gc,phases      ] GC(266) Phase 2: Compute new object addresses 67.345ms
[154.193s][info][gc,phases,start] GC(266) Phase 3: Adjust pointers
[154.197s][info][gc,phases      ] GC(266) Phase 3: Adjust pointers 4.361ms
[154.197s][info][gc,phases,start] GC(266) Phase 4: Move objects
[154.197s][info][gc,phases      ] GC(266) Phase 4: Move objects 0.191ms
[154.198s][info][gc,heap        ] GC(266) ParNew: 220631K->0K(460096K)
[154.198s][info][gc,heap        ] GC(266) CMS: 63441K->5076K(1585984K)
[154.198s][info][gc,metaspace   ] GC(266) Metaspace: 23767K(24832K)->23767K(24832K) NonClass: 20841K(21504K)->20841K(21504K) Class: 2925K(3328K)->2925K(3328K)
[154.199s][info][gc             ] GC(266) Pause Full (System.gc()) 277M->4M(1998M) 80.474ms
[154.199s][info][gc,cpu         ] GC(266) User=0.08s Sys=0.00s Real=0.08s
[156.083s][info][gc,start       ] GC(267) Pause Young (Allocation Failure)
[156.083s][info][gc,task        ] GC(267) Using 6 workers of 6 for evacuation
[156.102s][info][gc,heap        ] GC(267) ParNew: 409024K->26618K(460096K)
[156.102s][info][gc,heap        ] GC(267) CMS: 5076K->5076K(1585984K)
[156.102s][info][gc,metaspace   ] GC(267) Metaspace: 23769K(24832K)->23769K(24832K) NonClass: 20844K(21504K)->20844K(21504K) Class: 2925K(3328K)->2925K(3328K)
[156.102s][info][gc             ] GC(267) Pause Young (Allocation Failure) 404M->30M(1998M) 18.358ms
[156.102s][info][gc,cpu         ] GC(267) User=0.08s Sys=0.00s Real=0.02s
[156.185s][info][gc,start       ] GC(268) Pause Young (Allocation Failure)
[156.185s][info][gc,task        ] GC(268) Using 6 workers of 6 for evacuation
[156.202s][info][gc,heap        ] GC(268) ParNew: 435642K->0K(460096K)
[156.202s][info][gc,heap        ] GC(268) CMS: 5076K->36349K(1585984K)
[156.202s][info][gc,metaspace   ] GC(268) Metaspace: 23769K(24832K)->23769K(24832K) NonClass: 20844K(21504K)->20844K(21504K) Class: 2925K(3328K)->2925K(3328K)
[156.202s][info][gc             ] GC(268) Pause Young (Allocation Failure) 430M->35M(1998M) 17.094ms
[156.202s][info][gc,cpu         ] GC(268) User=0.02s Sys=0.00s Real=0.03s
[156.284s][info][gc,start       ] GC(269) Pause Young (Allocation Failure)
[156.284s][info][gc,task        ] GC(269) Using 6 workers of 6 for evacuation
[156.287s][info][gc,heap        ] GC(269) ParNew: 409024K->0K(460096K)
[156.287s][info][gc,heap        ] GC(269) CMS: 36349K->36349K(1585984K)
[156.287s][info][gc,metaspace   ] GC(269) Metaspace: 23769K(24832K)->23769K(24832K) NonClass: 20844K(21504K)->20844K(21504K) Class: 2925K(3328K)->2925K(3328K)
[156.287s][info][gc             ] GC(269) Pause Young (Allocation Failure) 434M->35M(1998M) 3.054ms
[156.287s][info][gc,cpu         ] GC(269) User=0.00s Sys=0.00s Real=0.00s
[158.181s][info][gc,start       ] GC(270) Pause Young (Allocation Failure)
[158.181s][info][gc,task        ] GC(270) Using 6 workers of 6 for evacuation
[158.199s][info][gc,heap        ] GC(270) ParNew: 409024K->27075K(460096K)
[158.199s][info][gc,heap        ] GC(270) CMS: 36349K->36349K(1585984K)
[158.199s][info][gc,metaspace   ] GC(270) Metaspace: 23769K(24832K)->23769K(24832K) NonClass: 20844K(21504K)->20844K(21504K) Class: 2925K(3328K)->2925K(3328K)
[158.199s][info][gc             ] GC(270) Pause Young (Allocation Failure) 434M->61M(1998M) 18.221ms
[158.199s][info][gc,cpu         ] GC(270) User=0.08s Sys=0.00s Real=0.02s
[158.282s][info][gc,start       ] GC(271) Pause Young (Allocation Failure)
[158.282s][info][gc,task        ] GC(271) Using 6 workers of 6 for evacuation
[158.298s][info][gc,heap        ] GC(271) ParNew: 436099K->0K(460096K)
[158.298s][info][gc,heap        ] GC(271) CMS: 36349K->63608K(1585984K)
[158.298s][info][gc,metaspace   ] GC(271) Metaspace: 23769K(24832K)->23769K(24832K) NonClass: 20844K(21504K)->20844K(21504K) Class: 2925K(3328K)->2925K(3328K)
[158.298s][info][gc             ] GC(271) Pause Young (Allocation Failure) 461M->62M(1998M) 15.827ms
[158.298s][info][gc,cpu         ] GC(271) User=0.03s Sys=0.00s Real=0.01s
[158.380s][info][gc,start       ] GC(272) Pause Young (Allocation Failure)
[158.381s][info][gc,task        ] GC(272) Using 6 workers of 6 for evacuation
[158.383s][info][gc,heap        ] GC(272) ParNew: 409024K->0K(460096K)
[158.383s][info][gc,heap        ] GC(272) CMS: 63608K->63608K(1585984K)
[158.383s][info][gc,metaspace   ] GC(272) Metaspace: 23769K(24832K)->23769K(24832K) NonClass: 20844K(21504K)->20844K(21504K) Class: 2925K(3328K)->2925K(3328K)
[158.383s][info][gc             ] GC(272) Pause Young (Allocation Failure) 461M->62M(1998M) 2.587ms
[158.383s][info][gc,cpu         ] GC(272) User=0.00s Sys=0.00s Real=0.00s
[158.442s][info][gc,start       ] GC(273) Pause Full (System.gc())
[158.442s][info][gc,phases,start] GC(273) Phase 1: Mark live objects
[158.449s][info][gc,phases      ] GC(273) Phase 1: Mark live objects 6.746ms
[158.449s][info][gc,phases,start] GC(273) Phase 2: Compute new object addresses
[158.515s][info][gc,phases      ] GC(273) Phase 2: Compute new object addresses 66.016ms
[158.515s][info][gc,phases,start] GC(273) Phase 3: Adjust pointers
[158.519s][info][gc,phases      ] GC(273) Phase 3: Adjust pointers 4.393ms
[158.519s][info][gc,phases,start] GC(273) Phase 4: Move objects
[158.520s][info][gc,phases      ] GC(273) Phase 4: Move objects 0.190ms
[158.521s][info][gc,heap        ] GC(273) ParNew: 220631K->0K(460096K)
[158.521s][info][gc,heap        ] GC(273) CMS: 63608K->5076K(1585984K)
[158.521s][info][gc,metaspace   ] GC(273) Metaspace: 23769K(24832K)->23769K(24832K) NonClass: 20844K(21504K)->20844K(21504K) Class: 2925K(3328K)->2925K(3328K)
[158.521s][info][gc             ] GC(273) Pause Full (System.gc()) 277M->4M(1998M) 79.340ms
[158.521s][info][gc,cpu         ] GC(273) User=0.08s Sys=0.00s Real=0.09s
[160.407s][info][gc,start       ] GC(274) Pause Young (Allocation Failure)
[160.407s][info][gc,task        ] GC(274) Using 6 workers of 6 for evacuation
[160.424s][info][gc,heap        ] GC(274) ParNew: 409024K->26807K(460096K)
[160.424s][info][gc,heap        ] GC(274) CMS: 5076K->5076K(1585984K)
[160.424s][info][gc,metaspace   ] GC(274) Metaspace: 23770K(24832K)->23770K(24832K) NonClass: 20845K(21504K)->20845K(21504K) Class: 2925K(3328K)->2925K(3328K)
[160.424s][info][gc             ] GC(274) Pause Young (Allocation Failure) 404M->31M(1998M) 17.565ms
[160.424s][info][gc,cpu         ] GC(274) User=0.08s Sys=0.00s Real=0.02s
[160.507s][info][gc,start       ] GC(275) Pause Young (Allocation Failure)
[160.507s][info][gc,task        ] GC(275) Using 6 workers of 6 for evacuation
[160.524s][info][gc,heap        ] GC(275) ParNew: 435831K->0K(460096K)
[160.524s][info][gc,heap        ] GC(275) CMS: 5076K->36356K(1585984K)
[160.524s][info][gc,metaspace   ] GC(275) Metaspace: 23770K(24832K)->23770K(24832K) NonClass: 20845K(21504K)->20845K(21504K) Class: 2925K(3328K)->2925K(3328K)
[160.524s][info][gc             ] GC(275) Pause Young (Allocation Failure) 430M->35M(1998M) 16.972ms
[160.524s][info][gc,cpu         ] GC(275) User=0.02s Sys=0.00s Real=0.02s
[160.607s][info][gc,start       ] GC(276) Pause Young (Allocation Failure)
[160.607s][info][gc,task        ] GC(276) Using 6 workers of 6 for evacuation
[160.610s][info][gc,heap        ] GC(276) ParNew: 409024K->0K(460096K)
[160.610s][info][gc,heap        ] GC(276) CMS: 36356K->36356K(1585984K)
[160.610s][info][gc,metaspace   ] GC(276) Metaspace: 23770K(24832K)->23770K(24832K) NonClass: 20845K(21504K)->20845K(21504K) Class: 2925K(3328K)->2925K(3328K)
[160.610s][info][gc             ] GC(276) Pause Young (Allocation Failure) 434M->35M(1998M) 2.950ms
[160.610s][info][gc,cpu         ] GC(276) User=0.00s Sys=0.00s Real=0.00s
[162.504s][info][gc,start       ] GC(277) Pause Young (Allocation Failure)
[162.504s][info][gc,task        ] GC(277) Using 6 workers of 6 for evacuation
[162.522s][info][gc,heap        ] GC(277) ParNew: 409024K->27118K(460096K)
[162.522s][info][gc,heap        ] GC(277) CMS: 36356K->36356K(1585984K)
[162.522s][info][gc,metaspace   ] GC(277) Metaspace: 23770K(24832K)->23770K(24832K) NonClass: 20845K(21504K)->20845K(21504K) Class: 2925K(3328K)->2925K(3328K)
[162.522s][info][gc             ] GC(277) Pause Young (Allocation Failure) 434M->61M(1998M) 18.446ms
[162.522s][info][gc,cpu         ] GC(277) User=0.09s Sys=0.00s Real=0.02s
[162.605s][info][gc,start       ] GC(278) Pause Young (Allocation Failure)
[162.605s][info][gc,task        ] GC(278) Using 6 workers of 6 for evacuation
[162.622s][info][gc,heap        ] GC(278) ParNew: 436142K->0K(460096K)
[162.622s][info][gc,heap        ] GC(278) CMS: 36356K->63487K(1585984K)
[162.622s][info][gc,metaspace   ] GC(278) Metaspace: 23770K(24832K)->23770K(24832K) NonClass: 20845K(21504K)->20845K(21504K) Class: 2925K(3328K)->2925K(3328K)
[162.622s][info][gc             ] GC(278) Pause Young (Allocation Failure) 461M->61M(1998M) 17.362ms
[162.622s][info][gc,cpu         ] GC(278) User=0.03s Sys=0.00s Real=0.02s
[162.705s][info][gc,start       ] GC(279) Pause Young (Allocation Failure)
[162.705s][info][gc,task        ] GC(279) Using 6 workers of 6 for evacuation
[162.708s][info][gc,heap        ] GC(279) ParNew: 409024K->0K(460096K)
[162.708s][info][gc,heap        ] GC(279) CMS: 63487K->63487K(1585984K)
[162.708s][info][gc,metaspace   ] GC(279) Metaspace: 23770K(24832K)->23770K(24832K) NonClass: 20845K(21504K)->20845K(21504K) Class: 2925K(3328K)->2925K(3328K)
[162.708s][info][gc             ] GC(279) Pause Young (Allocation Failure) 461M->61M(1998M) 2.963ms
[162.708s][info][gc,cpu         ] GC(279) User=0.00s Sys=0.00s Real=0.00s
[162.766s][info][gc,start       ] GC(280) Pause Full (System.gc())
[162.766s][info][gc,phases,start] GC(280) Phase 1: Mark live objects
[162.773s][info][gc,phases      ] GC(280) Phase 1: Mark live objects 6.462ms
[162.773s][info][gc,phases,start] GC(280) Phase 2: Compute new object addresses
[162.841s][info][gc,phases      ] GC(280) Phase 2: Compute new object addresses 67.693ms
[162.841s][info][gc,phases,start] GC(280) Phase 3: Adjust pointers
[162.845s][info][gc,phases      ] GC(280) Phase 3: Adjust pointers 4.452ms
[162.845s][info][gc,phases,start] GC(280) Phase 4: Move objects
[162.845s][info][gc,phases      ] GC(280) Phase 4: Move objects 0.187ms
[162.847s][info][gc,heap        ] GC(280) ParNew: 220631K->0K(460096K)
[162.847s][info][gc,heap        ] GC(280) CMS: 63487K->5077K(1585984K)
[162.847s][info][gc,metaspace   ] GC(280) Metaspace: 23770K(24832K)->23770K(24832K) NonClass: 20845K(21504K)->20845K(21504K) Class: 2925K(3328K)->2925K(3328K)
[162.847s][info][gc             ] GC(280) Pause Full (System.gc()) 277M->4M(1998M) 80.773ms
[162.847s][info][gc,cpu         ] GC(280) User=0.08s Sys=0.00s Real=0.08s
[164.730s][info][gc,start       ] GC(281) Pause Young (Allocation Failure)
[164.730s][info][gc,task        ] GC(281) Using 6 workers of 6 for evacuation
[164.747s][info][gc,heap        ] GC(281) ParNew: 409024K->26645K(460096K)
[164.747s][info][gc,heap        ] GC(281) CMS: 5077K->5077K(1585984K)
[164.747s][info][gc,metaspace   ] GC(281) Metaspace: 23770K(24832K)->23770K(24832K) NonClass: 20845K(21504K)->20845K(21504K) Class: 2925K(3328K)->2925K(3328K)
[164.747s][info][gc             ] GC(281) Pause Young (Allocation Failure) 404M->30M(1998M) 17.448ms
[164.747s][info][gc,cpu         ] GC(281) User=0.08s Sys=0.00s Real=0.02s
[164.830s][info][gc,start       ] GC(282) Pause Young (Allocation Failure)
[164.830s][info][gc,task        ] GC(282) Using 6 workers of 6 for evacuation
[164.847s][info][gc,heap        ] GC(282) ParNew: 435669K->0K(460096K)
[164.847s][info][gc,heap        ] GC(282) CMS: 5077K->36365K(1585984K)
[164.847s][info][gc,metaspace   ] GC(282) Metaspace: 23770K(24832K)->23770K(24832K) NonClass: 20845K(21504K)->20845K(21504K) Class: 2925K(3328K)->2925K(3328K)
[164.847s][info][gc             ] GC(282) Pause Young (Allocation Failure) 430M->35M(1998M) 16.966ms
[164.847s][info][gc,cpu         ] GC(282) User=0.02s Sys=0.00s Real=0.02s
[164.929s][info][gc,start       ] GC(283) Pause Young (Allocation Failure)
[164.929s][info][gc,task        ] GC(283) Using 6 workers of 6 for evacuation
[164.932s][info][gc,heap        ] GC(283) ParNew: 409024K->0K(460096K)
[164.932s][info][gc,heap        ] GC(283) CMS: 36365K->36365K(1585984K)
[164.932s][info][gc,metaspace   ] GC(283) Metaspace: 23770K(24832K)->23770K(24832K) NonClass: 20845K(21504K)->20845K(21504K) Class: 2925K(3328K)->2925K(3328K)
[164.932s][info][gc             ] GC(283) Pause Young (Allocation Failure) 434M->35M(1998M) 2.704ms
[164.932s][info][gc,cpu         ] GC(283) User=0.02s Sys=0.00s Real=0.02s
[166.830s][info][gc,start       ] GC(284) Pause Young (Allocation Failure)
[166.830s][info][gc,task        ] GC(284) Using 6 workers of 6 for evacuation
[166.848s][info][gc,heap        ] GC(284) ParNew: 409024K->27405K(460096K)
[166.848s][info][gc,heap        ] GC(284) CMS: 36365K->36365K(1585984K)
[166.848s][info][gc,metaspace   ] GC(284) Metaspace: 23770K(24832K)->23770K(24832K) NonClass: 20845K(21504K)->20845K(21504K) Class: 2925K(3328K)->2925K(3328K)
[166.848s][info][gc             ] GC(284) Pause Young (Allocation Failure) 434M->62M(1998M) 18.128ms
[166.848s][info][gc,cpu         ] GC(284) User=0.09s Sys=0.00s Real=0.03s
[166.931s][info][gc,start       ] GC(285) Pause Young (Allocation Failure)
[166.931s][info][gc,task        ] GC(285) Using 6 workers of 6 for evacuation
[166.947s][info][gc,heap        ] GC(285) ParNew: 436429K->0K(460096K)
[166.947s][info][gc,heap        ] GC(285) CMS: 36365K->63462K(1585984K)
[166.948s][info][gc,metaspace   ] GC(285) Metaspace: 23770K(24832K)->23770K(24832K) NonClass: 20845K(21504K)->20845K(21504K) Class: 2925K(3328K)->2925K(3328K)
[166.948s][info][gc             ] GC(285) Pause Young (Allocation Failure) 461M->61M(1998M) 16.327ms
[166.948s][info][gc,cpu         ] GC(285) User=0.02s Sys=0.00s Real=0.01s
[167.031s][info][gc,start       ] GC(286) Pause Young (Allocation Failure)
[167.031s][info][gc,task        ] GC(286) Using 6 workers of 6 for evacuation
[167.033s][info][gc,heap        ] GC(286) ParNew: 409024K->0K(460096K)
[167.033s][info][gc,heap        ] GC(286) CMS: 63462K->63462K(1585984K)
[167.033s][info][gc,metaspace   ] GC(286) Metaspace: 23770K(24832K)->23770K(24832K) NonClass: 20845K(21504K)->20845K(21504K) Class: 2925K(3328K)->2925K(3328K)
[167.033s][info][gc             ] GC(286) Pause Young (Allocation Failure) 461M->61M(1998M) 2.643ms
[167.033s][info][gc,cpu         ] GC(286) User=0.00s Sys=0.00s Real=0.00s
[167.091s][info][gc,start       ] GC(287) Pause Full (System.gc())
[167.092s][info][gc,phases,start] GC(287) Phase 1: Mark live objects
[167.098s][info][gc,phases      ] GC(287) Phase 1: Mark live objects 6.773ms
[167.098s][info][gc,phases,start] GC(287) Phase 2: Compute new object addresses
[167.166s][info][gc,phases      ] GC(287) Phase 2: Compute new object addresses 67.584ms
[167.166s][info][gc,phases,start] GC(287) Phase 3: Adjust pointers
[167.170s][info][gc,phases      ] GC(287) Phase 3: Adjust pointers 4.374ms
[167.171s][info][gc,phases,start] GC(287) Phase 4: Move objects
[167.171s][info][gc,phases      ] GC(287) Phase 4: Move objects 0.193ms
[167.172s][info][gc,heap        ] GC(287) ParNew: 220631K->0K(460096K)
[167.172s][info][gc,heap        ] GC(287) CMS: 63462K->5077K(1585984K)
[167.172s][info][gc,metaspace   ] GC(287) Metaspace: 23770K(24832K)->23770K(24832K) NonClass: 20845K(21504K)->20845K(21504K) Class: 2925K(3328K)->2925K(3328K)
[167.172s][info][gc             ] GC(287) Pause Full (System.gc()) 277M->4M(1998M) 80.880ms
[167.172s][info][gc,cpu         ] GC(287) User=0.09s Sys=0.00s Real=0.08s
[169.057s][info][gc,start       ] GC(288) Pause Young (Allocation Failure)
[169.057s][info][gc,task        ] GC(288) Using 6 workers of 6 for evacuation
[169.076s][info][gc,heap        ] GC(288) ParNew: 409024K->26420K(460096K)
[169.076s][info][gc,heap        ] GC(288) CMS: 5077K->5077K(1585984K)
[169.076s][info][gc,metaspace   ] GC(288) Metaspace: 23777K(24832K)->23777K(24832K) NonClass: 20852K(21504K)->20852K(21504K) Class: 2925K(3328K)->2925K(3328K)
[169.076s][info][gc             ] GC(288) Pause Young (Allocation Failure) 404M->30M(1998M) 18.401ms
[169.076s][info][gc,cpu         ] GC(288) User=0.16s Sys=0.00s Real=0.03s
[169.159s][info][gc,start       ] GC(289) Pause Young (Allocation Failure)
[169.159s][info][gc,task        ] GC(289) Using 6 workers of 6 for evacuation
[169.175s][info][gc,heap        ] GC(289) ParNew: 435444K->0K(460096K)
[169.175s][info][gc,heap        ] GC(289) CMS: 5077K->36350K(1585984K)
[169.175s][info][gc,metaspace   ] GC(289) Metaspace: 23777K(24832K)->23777K(24832K) NonClass: 20852K(21504K)->20852K(21504K) Class: 2925K(3328K)->2925K(3328K)
[169.175s][info][gc             ] GC(289) Pause Young (Allocation Failure) 430M->35M(1998M) 16.376ms
[169.175s][info][gc,cpu         ] GC(289) User=0.00s Sys=0.00s Real=0.02s
[169.258s][info][gc,start       ] GC(290) Pause Young (Allocation Failure)
[169.258s][info][gc,task        ] GC(290) Using 6 workers of 6 for evacuation
[169.261s][info][gc,heap        ] GC(290) ParNew: 409024K->0K(460096K)
[169.261s][info][gc,heap        ] GC(290) CMS: 36350K->36350K(1585984K)
[169.261s][info][gc,metaspace   ] GC(290) Metaspace: 23777K(24832K)->23777K(24832K) NonClass: 20852K(21504K)->20852K(21504K) Class: 2925K(3328K)->2925K(3328K)
[169.261s][info][gc             ] GC(290) Pause Young (Allocation Failure) 434M->35M(1998M) 2.876ms
[169.261s][info][gc,cpu         ] GC(290) User=0.00s Sys=0.00s Real=0.00s
[171.155s][info][gc,start       ] GC(291) Pause Young (Allocation Failure)
[171.155s][info][gc,task        ] GC(291) Using 6 workers of 6 for evacuation
[171.173s][info][gc,heap        ] GC(291) ParNew: 409024K->27111K(460096K)
[171.173s][info][gc,heap        ] GC(291) CMS: 36350K->36350K(1585984K)
[171.173s][info][gc,metaspace   ] GC(291) Metaspace: 23778K(24832K)->23778K(24832K) NonClass: 20853K(21504K)->20853K(21504K) Class: 2925K(3328K)->2925K(3328K)
[171.173s][info][gc             ] GC(291) Pause Young (Allocation Failure) 434M->61M(1998M) 18.441ms
[171.173s][info][gc,cpu         ] GC(291) User=0.08s Sys=0.00s Real=0.02s
[171.256s][info][gc,start       ] GC(292) Pause Young (Allocation Failure)
[171.256s][info][gc,task        ] GC(292) Using 6 workers of 6 for evacuation
[171.273s][info][gc,heap        ] GC(292) ParNew: 436135K->0K(460096K)
[171.273s][info][gc,heap        ] GC(292) CMS: 36350K->63374K(1585984K)
[171.273s][info][gc,metaspace   ] GC(292) Metaspace: 23778K(24832K)->23778K(24832K) NonClass: 20853K(21504K)->20853K(21504K) Class: 2925K(3328K)->2925K(3328K)
[171.273s][info][gc             ] GC(292) Pause Young (Allocation Failure) 461M->61M(1998M) 16.824ms
[171.273s][info][gc,cpu         ] GC(292) User=0.02s Sys=0.00s Real=0.02s
[171.356s][info][gc,start       ] GC(293) Pause Young (Allocation Failure)
[171.356s][info][gc,task        ] GC(293) Using 6 workers of 6 for evacuation
[171.358s][info][gc,heap        ] GC(293) ParNew: 409024K->0K(460096K)
[171.358s][info][gc,heap        ] GC(293) CMS: 63374K->63374K(1585984K)
[171.358s][info][gc,metaspace   ] GC(293) Metaspace: 23778K(24832K)->23778K(24832K) NonClass: 20853K(21504K)->20853K(21504K) Class: 2925K(3328K)->2925K(3328K)
[171.358s][info][gc             ] GC(293) Pause Young (Allocation Failure) 461M->61M(1998M) 2.482ms
[171.358s][info][gc,cpu         ] GC(293) User=0.00s Sys=0.00s Real=0.00s
[171.417s][info][gc,start       ] GC(294) Pause Full (System.gc())
[171.417s][info][gc,phases,start] GC(294) Phase 1: Mark live objects
[171.423s][info][gc,phases      ] GC(294) Phase 1: Mark live objects 6.474ms
[171.423s][info][gc,phases,start] GC(294) Phase 2: Compute new object addresses
[171.491s][info][gc,phases      ] GC(294) Phase 2: Compute new object addresses 67.802ms
[171.491s][info][gc,phases,start] GC(294) Phase 3: Adjust pointers
[171.496s][info][gc,phases      ] GC(294) Phase 3: Adjust pointers 4.370ms
[171.496s][info][gc,phases,start] GC(294) Phase 4: Move objects
[171.496s][info][gc,phases      ] GC(294) Phase 4: Move objects 0.189ms
[171.497s][info][gc,heap        ] GC(294) ParNew: 220631K->0K(460096K)
[171.497s][info][gc,heap        ] GC(294) CMS: 63374K->5077K(1585984K)
[171.497s][info][gc,metaspace   ] GC(294) Metaspace: 23778K(24832K)->23778K(24832K) NonClass: 20853K(21504K)->20853K(21504K) Class: 2925K(3328K)->2925K(3328K)
[171.498s][info][gc             ] GC(294) Pause Full (System.gc()) 277M->4M(1998M) 80.930ms
[171.498s][info][gc,cpu         ] GC(294) User=0.08s Sys=0.00s Real=0.10s
[173.385s][info][gc,start       ] GC(295) Pause Young (Allocation Failure)
[173.385s][info][gc,task        ] GC(295) Using 6 workers of 6 for evacuation
[173.403s][info][gc,heap        ] GC(295) ParNew: 409024K->26604K(460096K)
[173.403s][info][gc,heap        ] GC(295) CMS: 5077K->5077K(1585984K)
[173.403s][info][gc,metaspace   ] GC(295) Metaspace: 23783K(24832K)->23783K(24832K) NonClass: 20857K(21504K)->20857K(21504K) Class: 2925K(3328K)->2925K(3328K)
[173.403s][info][gc             ] GC(295) Pause Young (Allocation Failure) 404M->30M(1998M) 18.489ms
[173.403s][info][gc,cpu         ] GC(295) User=0.00s Sys=0.00s Real=0.01s
[173.486s][info][gc,start       ] GC(296) Pause Young (Allocation Failure)
[173.486s][info][gc,task        ] GC(296) Using 6 workers of 6 for evacuation
[173.503s][info][gc,heap        ] GC(296) ParNew: 435628K->0K(460096K)
[173.503s][info][gc,heap        ] GC(296) CMS: 5077K->36349K(1585984K)
[173.503s][info][gc,metaspace   ] GC(296) Metaspace: 23783K(24832K)->23783K(24832K) NonClass: 20857K(21504K)->20857K(21504K) Class: 2925K(3328K)->2925K(3328K)
[173.503s][info][gc             ] GC(296) Pause Young (Allocation Failure) 430M->35M(1998M) 17.149ms
[173.504s][info][gc,cpu         ] GC(296) User=0.00s Sys=0.00s Real=0.01s
[173.586s][info][gc,start       ] GC(297) Pause Young (Allocation Failure)
[173.586s][info][gc,task        ] GC(297) Using 6 workers of 6 for evacuation
[173.589s][info][gc,heap        ] GC(297) ParNew: 409024K->0K(460096K)
[173.589s][info][gc,heap        ] GC(297) CMS: 36349K->36349K(1585984K)
[173.589s][info][gc,metaspace   ] GC(297) Metaspace: 23783K(24832K)->23783K(24832K) NonClass: 20857K(21504K)->20857K(21504K) Class: 2925K(3328K)->2925K(3328K)
[173.589s][info][gc             ] GC(297) Pause Young (Allocation Failure) 434M->35M(1998M) 2.805ms
[173.589s][info][gc,cpu         ] GC(297) User=0.00s Sys=0.00s Real=0.00s
[175.487s][info][gc,start       ] GC(298) Pause Young (Allocation Failure)
[175.487s][info][gc,task        ] GC(298) Using 6 workers of 6 for evacuation
[175.505s][info][gc,heap        ] GC(298) ParNew: 409024K->27246K(460096K)
[175.505s][info][gc,heap        ] GC(298) CMS: 36349K->36349K(1585984K)
[175.505s][info][gc,metaspace   ] GC(298) Metaspace: 23783K(24832K)->23783K(24832K) NonClass: 20858K(21504K)->20858K(21504K) Class: 2925K(3328K)->2925K(3328K)
[175.505s][info][gc             ] GC(298) Pause Young (Allocation Failure) 434M->62M(1998M) 18.361ms
[175.505s][info][gc,cpu         ] GC(298) User=0.09s Sys=0.00s Real=0.02s
[175.588s][info][gc,start       ] GC(299) Pause Young (Allocation Failure)
[175.588s][info][gc,task        ] GC(299) Using 6 workers of 6 for evacuation
[175.605s][info][gc,heap        ] GC(299) ParNew: 436270K->0K(460096K)
[175.605s][info][gc,heap        ] GC(299) CMS: 36349K->63586K(1585984K)
[175.605s][info][gc,metaspace   ] GC(299) Metaspace: 23783K(24832K)->23783K(24832K) NonClass: 20858K(21504K)->20858K(21504K) Class: 2925K(3328K)->2925K(3328K)
[175.605s][info][gc             ] GC(299) Pause Young (Allocation Failure) 461M->62M(1998M) 17.007ms
[175.605s][info][gc,cpu         ] GC(299) User=0.02s Sys=0.00s Real=0.02s
[175.688s][info][gc,start       ] GC(300) Pause Young (Allocation Failure)
[175.688s][info][gc,task        ] GC(300) Using 6 workers of 6 for evacuation
[175.691s][info][gc,heap        ] GC(300) ParNew: 409024K->0K(460096K)
[175.691s][info][gc,heap        ] GC(300) CMS: 63586K->63586K(1585984K)
[175.691s][info][gc,metaspace   ] GC(300) Metaspace: 23783K(24832K)->23783K(24832K) NonClass: 20858K(21504K)->20858K(21504K) Class: 2925K(3328K)->2925K(3328K)
[175.691s][info][gc             ] GC(300) Pause Young (Allocation Failure) 461M->62M(1998M) 2.982ms
[175.691s][info][gc,cpu         ] GC(300) User=0.02s Sys=0.00s Real=0.02s
[175.749s][info][gc,start       ] GC(301) Pause Full (System.gc())
[175.749s][info][gc,phases,start] GC(301) Phase 1: Mark live objects
[175.756s][info][gc,phases      ] GC(301) Phase 1: Mark live objects 6.971ms
[175.756s][info][gc,phases,start] GC(301) Phase 2: Compute new object addresses
[175.823s][info][gc,phases      ] GC(301) Phase 2: Compute new object addresses 67.387ms
[175.823s][info][gc,phases,start] GC(301) Phase 3: Adjust pointers
[175.828s][info][gc,phases      ] GC(301) Phase 3: Adjust pointers 4.376ms
[175.828s][info][gc,phases,start] GC(301) Phase 4: Move objects
[175.828s][info][gc,phases      ] GC(301) Phase 4: Move objects 0.191ms
[175.829s][info][gc,heap        ] GC(301) ParNew: 220631K->0K(460096K)
[175.829s][info][gc,heap        ] GC(301) CMS: 63586K->5077K(1585984K)
[175.829s][info][gc,metaspace   ] GC(301) Metaspace: 23784K(24832K)->23784K(24832K) NonClass: 20858K(21504K)->20858K(21504K) Class: 2925K(3328K)->2925K(3328K)
[175.830s][info][gc             ] GC(301) Pause Full (System.gc()) 277M->4M(1998M) 80.889ms
[175.830s][info][gc,cpu         ] GC(301) User=0.08s Sys=0.00s Real=0.08s
[177.717s][info][gc,start       ] GC(302) Pause Young (Allocation Failure)
[177.717s][info][gc,task        ] GC(302) Using 6 workers of 6 for evacuation
[177.735s][info][gc,heap        ] GC(302) ParNew: 409024K->26638K(460096K)
[177.735s][info][gc,heap        ] GC(302) CMS: 5077K->5077K(1585984K)
[177.735s][info][gc,metaspace   ] GC(302) Metaspace: 23784K(24832K)->23784K(24832K) NonClass: 20858K(21504K)->20858K(21504K) Class: 2925K(3328K)->2925K(3328K)
[177.735s][info][gc             ] GC(302) Pause Young (Allocation Failure) 404M->30M(1998M) 18.182ms
[177.735s][info][gc,cpu         ] GC(302) User=0.08s Sys=0.00s Real=0.02s
[177.818s][info][gc,start       ] GC(303) Pause Young (Allocation Failure)
[177.818s][info][gc,task        ] GC(303) Using 6 workers of 6 for evacuation
[177.835s][info][gc,heap        ] GC(303) ParNew: 435662K->0K(460096K)
[177.835s][info][gc,heap        ] GC(303) CMS: 5077K->36353K(1585984K)
[177.835s][info][gc,metaspace   ] GC(303) Metaspace: 23784K(24832K)->23784K(24832K) NonClass: 20858K(21504K)->20858K(21504K) Class: 2925K(3328K)->2925K(3328K)
[177.835s][info][gc             ] GC(303) Pause Young (Allocation Failure) 430M->35M(1998M) 17.012ms
[177.835s][info][gc,cpu         ] GC(303) User=0.02s Sys=0.00s Real=0.02s
[177.917s][info][gc,start       ] GC(304) Pause Young (Allocation Failure)
[177.917s][info][gc,task        ] GC(304) Using 6 workers of 6 for evacuation
[177.920s][info][gc,heap        ] GC(304) ParNew: 409024K->0K(460096K)
[177.920s][info][gc,heap        ] GC(304) CMS: 36353K->36353K(1585984K)
[177.920s][info][gc,metaspace   ] GC(304) Metaspace: 23784K(24832K)->23784K(24832K) NonClass: 20858K(21504K)->20858K(21504K) Class: 2925K(3328K)->2925K(3328K)
[177.920s][info][gc             ] GC(304) Pause Young (Allocation Failure) 434M->35M(1998M) 2.826ms
[177.920s][info][gc,cpu         ] GC(304) User=0.02s Sys=0.00s Real=0.02s
[179.816s][info][gc,start       ] GC(305) Pause Young (Allocation Failure)
[179.817s][info][gc,task        ] GC(305) Using 6 workers of 6 for evacuation
[179.835s][info][gc,heap        ] GC(305) ParNew: 409024K->27083K(460096K)
[179.835s][info][gc,heap        ] GC(305) CMS: 36353K->36353K(1585984K)
[179.835s][info][gc,metaspace   ] GC(305) Metaspace: 23784K(24832K)->23784K(24832K) NonClass: 20858K(21504K)->20858K(21504K) Class: 2925K(3328K)->2925K(3328K)
[179.835s][info][gc             ] GC(305) Pause Young (Allocation Failure) 434M->61M(1998M) 18.250ms
[179.835s][info][gc,cpu         ] GC(305) User=0.08s Sys=0.00s Real=0.01s
[179.918s][info][gc,start       ] GC(306) Pause Young (Allocation Failure)
[179.918s][info][gc,task        ] GC(306) Using 6 workers of 6 for evacuation
[179.934s][info][gc,heap        ] GC(306) ParNew: 436107K->0K(460096K)
[179.934s][info][gc,heap        ] GC(306) CMS: 36353K->63139K(1585984K)
[179.934s][info][gc,metaspace   ] GC(306) Metaspace: 23784K(24832K)->23784K(24832K) NonClass: 20858K(21504K)->20858K(21504K) Class: 2925K(3328K)->2925K(3328K)
[179.934s][info][gc             ] GC(306) Pause Young (Allocation Failure) 461M->61M(1998M) 16.156ms
[179.934s][info][gc,cpu         ] GC(306) User=0.02s Sys=0.00s Real=0.02s
[180.023s][info][gc,start       ] GC(307) Pause Young (Allocation Failure)
[180.023s][info][gc,task        ] GC(307) Using 6 workers of 6 for evacuation
[180.025s][info][gc,heap        ] GC(307) ParNew: 409024K->0K(460096K)
[180.025s][info][gc,heap        ] GC(307) CMS: 63139K->63139K(1585984K)
[180.025s][info][gc,metaspace   ] GC(307) Metaspace: 23784K(24832K)->23784K(24832K) NonClass: 20858K(21504K)->20858K(21504K) Class: 2925K(3328K)->2925K(3328K)
[180.025s][info][gc             ] GC(307) Pause Young (Allocation Failure) 461M->61M(1998M) 2.270ms
[180.025s][info][gc,cpu         ] GC(307) User=0.02s Sys=0.00s Real=0.01s
[180.086s][info][gc,start       ] GC(308) Pause Full (System.gc())
[180.086s][info][gc,phases,start] GC(308) Phase 1: Mark live objects
[180.093s][info][gc,phases      ] GC(308) Phase 1: Mark live objects 7.023ms
[180.093s][info][gc,phases,start] GC(308) Phase 2: Compute new object addresses
[180.160s][info][gc,phases      ] GC(308) Phase 2: Compute new object addresses 66.542ms
[180.160s][info][gc,phases,start] GC(308) Phase 3: Adjust pointers
[180.164s][info][gc,phases      ] GC(308) Phase 3: Adjust pointers 4.405ms
[180.164s][info][gc,phases,start] GC(308) Phase 4: Move objects
[180.164s][info][gc,phases      ] GC(308) Phase 4: Move objects 0.190ms
[180.166s][info][gc,heap        ] GC(308) ParNew: 220631K->0K(460096K)
[180.166s][info][gc,heap        ] GC(308) CMS: 63139K->5077K(1585984K)
[180.166s][info][gc,metaspace   ] GC(308) Metaspace: 23784K(24832K)->23784K(24832K) NonClass: 20858K(21504K)->20858K(21504K) Class: 2925K(3328K)->2925K(3328K)
[180.166s][info][gc             ] GC(308) Pause Full (System.gc()) 277M->4M(1998M) 80.260ms
[180.166s][info][gc,cpu         ] GC(308) User=0.06s Sys=0.00s Real=0.09s
[182.054s][info][gc,start       ] GC(309) Pause Young (Allocation Failure)
[182.054s][info][gc,task        ] GC(309) Using 6 workers of 6 for evacuation
[182.072s][info][gc,heap        ] GC(309) ParNew: 409024K->26793K(460096K)
[182.072s][info][gc,heap        ] GC(309) CMS: 5077K->5077K(1585984K)
[182.072s][info][gc,metaspace   ] GC(309) Metaspace: 23784K(24832K)->23784K(24832K) NonClass: 20858K(21504K)->20858K(21504K) Class: 2925K(3328K)->2925K(3328K)
[182.072s][info][gc             ] GC(309) Pause Young (Allocation Failure) 404M->31M(1998M) 18.506ms
[182.072s][info][gc,cpu         ] GC(309) User=0.09s Sys=0.00s Real=0.02s
[182.156s][info][gc,start       ] GC(310) Pause Young (Allocation Failure)
[182.156s][info][gc,task        ] GC(310) Using 6 workers of 6 for evacuation
[182.172s][info][gc,heap        ] GC(310) ParNew: 435817K->0K(460096K)
[182.172s][info][gc,heap        ] GC(310) CMS: 5077K->36344K(1585984K)
[182.172s][info][gc,metaspace   ] GC(310) Metaspace: 23784K(24832K)->23784K(24832K) NonClass: 20858K(21504K)->20858K(21504K) Class: 2925K(3328K)->2925K(3328K)
[182.172s][info][gc             ] GC(310) Pause Young (Allocation Failure) 430M->35M(1998M) 16.312ms
[182.172s][info][gc,cpu         ] GC(310) User=0.02s Sys=0.00s Real=0.02s
[182.254s][info][gc,start       ] GC(311) Pause Young (Allocation Failure)
[182.255s][info][gc,task        ] GC(311) Using 6 workers of 6 for evacuation
[182.257s][info][gc,heap        ] GC(311) ParNew: 409024K->0K(460096K)
[182.257s][info][gc,heap        ] GC(311) CMS: 36344K->36344K(1585984K)
[182.257s][info][gc,metaspace   ] GC(311) Metaspace: 23784K(24832K)->23784K(24832K) NonClass: 20858K(21504K)->20858K(21504K) Class: 2925K(3328K)->2925K(3328K)
[182.257s][info][gc             ] GC(311) Pause Young (Allocation Failure) 434M->35M(1998M) 2.888ms
[182.257s][info][gc,cpu         ] GC(311) User=0.00s Sys=0.00s Real=0.00s
[184.157s][info][gc,start       ] GC(312) Pause Young (Allocation Failure)
[184.157s][info][gc,task        ] GC(312) Using 6 workers of 6 for evacuation
[184.176s][info][gc,heap        ] GC(312) ParNew: 409024K->27075K(460096K)
[184.176s][info][gc,heap        ] GC(312) CMS: 36344K->36344K(1585984K)
[184.176s][info][gc,metaspace   ] GC(312) Metaspace: 23784K(24832K)->23784K(24832K) NonClass: 20858K(21504K)->20858K(21504K) Class: 2925K(3328K)->2925K(3328K)
[184.176s][info][gc             ] GC(312) Pause Young (Allocation Failure) 434M->61M(1998M) 18.567ms
[184.176s][info][gc,cpu         ] GC(312) User=0.08s Sys=0.00s Real=0.02s
[184.259s][info][gc,start       ] GC(313) Pause Young (Allocation Failure)
[184.259s][info][gc,task        ] GC(313) Using 6 workers of 6 for evacuation
[184.274s][info][gc,heap        ] GC(313) ParNew: 436099K->0K(460096K)
[184.274s][info][gc,heap        ] GC(313) CMS: 36344K->63542K(1585984K)
[184.274s][info][gc,metaspace   ] GC(313) Metaspace: 23784K(24832K)->23784K(24832K) NonClass: 20858K(21504K)->20858K(21504K) Class: 2925K(3328K)->2925K(3328K)
[184.274s][info][gc             ] GC(313) Pause Young (Allocation Failure) 461M->62M(1998M) 15.709ms
[184.274s][info][gc,cpu         ] GC(313) User=0.02s Sys=0.00s Real=0.01s
[184.357s][info][gc,start       ] GC(314) Pause Young (Allocation Failure)
[184.357s][info][gc,task        ] GC(314) Using 6 workers of 6 for evacuation
[184.360s][info][gc,heap        ] GC(314) ParNew: 409024K->0K(460096K)
[184.360s][info][gc,heap        ] GC(314) CMS: 63542K->63542K(1585984K)
[184.360s][info][gc,metaspace   ] GC(314) Metaspace: 23784K(24832K)->23784K(24832K) NonClass: 20858K(21504K)->20858K(21504K) Class: 2925K(3328K)->2925K(3328K)
[184.360s][info][gc             ] GC(314) Pause Young (Allocation Failure) 461M->62M(1998M) 3.081ms
[184.360s][info][gc,cpu         ] GC(314) User=0.02s Sys=0.00s Real=0.02s
[184.418s][info][gc,start       ] GC(315) Pause Full (System.gc())
[184.419s][info][gc,phases,start] GC(315) Phase 1: Mark live objects
[184.425s][info][gc,phases      ] GC(315) Phase 1: Mark live objects 6.470ms
[184.425s][info][gc,phases,start] GC(315) Phase 2: Compute new object addresses
[184.492s][info][gc,phases      ] GC(315) Phase 2: Compute new object addresses 66.473ms
[184.492s][info][gc,phases,start] GC(315) Phase 3: Adjust pointers
[184.496s][info][gc,phases      ] GC(315) Phase 3: Adjust pointers 4.369ms
[184.496s][info][gc,phases,start] GC(315) Phase 4: Move objects
[184.496s][info][gc,phases      ] GC(315) Phase 4: Move objects 0.191ms
[184.498s][info][gc,heap        ] GC(315) ParNew: 220631K->0K(460096K)
[184.498s][info][gc,heap        ] GC(315) CMS: 63542K->5077K(1585984K)
[184.498s][info][gc,metaspace   ] GC(315) Metaspace: 23784K(24832K)->23784K(24832K) NonClass: 20858K(21504K)->20858K(21504K) Class: 2925K(3328K)->2925K(3328K)
[184.498s][info][gc             ] GC(315) Pause Full (System.gc()) 277M->4M(1998M) 79.515ms
[184.498s][info][gc,cpu         ] GC(315) User=0.08s Sys=0.00s Real=0.07s
[186.384s][info][gc,start       ] GC(316) Pause Young (Allocation Failure)
[186.384s][info][gc,task        ] GC(316) Using 6 workers of 6 for evacuation
[186.402s][info][gc,heap        ] GC(316) ParNew: 409024K->26768K(460096K)
[186.402s][info][gc,heap        ] GC(316) CMS: 5077K->5077K(1585984K)
[186.402s][info][gc,metaspace   ] GC(316) Metaspace: 23784K(24832K)->23784K(24832K) NonClass: 20858K(21504K)->20858K(21504K) Class: 2925K(3328K)->2925K(3328K)
[186.402s][info][gc             ] GC(316) Pause Young (Allocation Failure) 404M->31M(1998M) 17.465ms
[186.402s][info][gc,cpu         ] GC(316) User=0.08s Sys=0.00s Real=0.02s
[186.486s][info][gc,start       ] GC(317) Pause Young (Allocation Failure)
[186.486s][info][gc,task        ] GC(317) Using 6 workers of 6 for evacuation
[186.502s][info][gc,heap        ] GC(317) ParNew: 435792K->0K(460096K)
[186.502s][info][gc,heap        ] GC(317) CMS: 5077K->36347K(1585984K)
[186.502s][info][gc,metaspace   ] GC(317) Metaspace: 23784K(24832K)->23784K(24832K) NonClass: 20858K(21504K)->20858K(21504K) Class: 2925K(3328K)->2925K(3328K)
[186.502s][info][gc             ] GC(317) Pause Young (Allocation Failure) 430M->35M(1998M) 16.298ms
[186.502s][info][gc,cpu         ] GC(317) User=0.02s Sys=0.00s Real=0.02s
[186.586s][info][gc,start       ] GC(318) Pause Young (Allocation Failure)
[186.586s][info][gc,task        ] GC(318) Using 6 workers of 6 for evacuation
[186.588s][info][gc,heap        ] GC(318) ParNew: 409024K->0K(460096K)
[186.588s][info][gc,heap        ] GC(318) CMS: 36347K->36347K(1585984K)
[186.588s][info][gc,metaspace   ] GC(318) Metaspace: 23784K(24832K)->23784K(24832K) NonClass: 20858K(21504K)->20858K(21504K) Class: 2925K(3328K)->2925K(3328K)
[186.588s][info][gc             ] GC(318) Pause Young (Allocation Failure) 434M->35M(1998M) 2.792ms
[186.588s][info][gc,cpu         ] GC(318) User=0.00s Sys=0.02s Real=0.02s
[188.482s][info][gc,start       ] GC(319) Pause Young (Allocation Failure)
[188.482s][info][gc,task        ] GC(319) Using 6 workers of 6 for evacuation
[188.501s][info][gc,heap        ] GC(319) ParNew: 409024K->27320K(460096K)
[188.501s][info][gc,heap        ] GC(319) CMS: 36347K->36347K(1585984K)
[188.501s][info][gc,metaspace   ] GC(319) Metaspace: 23784K(24832K)->23784K(24832K) NonClass: 20858K(21504K)->20858K(21504K) Class: 2925K(3328K)->2925K(3328K)
[188.501s][info][gc             ] GC(319) Pause Young (Allocation Failure) 434M->62M(1998M) 18.507ms
[188.501s][info][gc,cpu         ] GC(319) User=0.08s Sys=0.00s Real=0.02s
[188.585s][info][gc,start       ] GC(320) Pause Young (Allocation Failure)
[188.585s][info][gc,task        ] GC(320) Using 6 workers of 6 for evacuation
[188.600s][info][gc,heap        ] GC(320) ParNew: 436344K->0K(460096K)
[188.600s][info][gc,heap        ] GC(320) CMS: 36347K->63206K(1585984K)
[188.600s][info][gc,metaspace   ] GC(320) Metaspace: 23784K(24832K)->23784K(24832K) NonClass: 20858K(21504K)->20858K(21504K) Class: 2925K(3328K)->2925K(3328K)
[188.600s][info][gc             ] GC(320) Pause Young (Allocation Failure) 461M->61M(1998M) 15.464ms
[188.600s][info][gc,cpu         ] GC(320) User=0.02s Sys=0.00s Real=0.02s
[188.682s][info][gc,start       ] GC(321) Pause Young (Allocation Failure)
[188.682s][info][gc,task        ] GC(321) Using 6 workers of 6 for evacuation
[188.685s][info][gc,heap        ] GC(321) ParNew: 409024K->0K(460096K)
[188.685s][info][gc,heap        ] GC(321) CMS: 63206K->63206K(1585984K)
[188.685s][info][gc,metaspace   ] GC(321) Metaspace: 23784K(24832K)->23784K(24832K) NonClass: 20858K(21504K)->20858K(21504K) Class: 2925K(3328K)->2925K(3328K)
[188.685s][info][gc             ] GC(321) Pause Young (Allocation Failure) 461M->61M(1998M) 2.688ms
[188.685s][info][gc,cpu         ] GC(321) User=0.00s Sys=0.00s Real=0.00s
[188.743s][info][gc,start       ] GC(322) Pause Full (System.gc())
[188.743s][info][gc,phases,start] GC(322) Phase 1: Mark live objects
[188.750s][info][gc,phases      ] GC(322) Phase 1: Mark live objects 7.211ms
[188.750s][info][gc,phases,start] GC(322) Phase 2: Compute new object addresses
[188.818s][info][gc,phases      ] GC(322) Phase 2: Compute new object addresses 67.423ms
[188.818s][info][gc,phases,start] GC(322) Phase 3: Adjust pointers
[188.822s][info][gc,phases      ] GC(322) Phase 3: Adjust pointers 4.423ms
[188.822s][info][gc,phases,start] GC(322) Phase 4: Move objects
[188.823s][info][gc,phases      ] GC(322) Phase 4: Move objects 0.195ms
[188.824s][info][gc,heap        ] GC(322) ParNew: 220631K->0K(460096K)
[188.824s][info][gc,heap        ] GC(322) CMS: 63206K->5077K(1585984K)
[188.824s][info][gc,metaspace   ] GC(322) Metaspace: 23784K(24832K)->23784K(24832K) NonClass: 20858K(21504K)->20858K(21504K) Class: 2925K(3328K)->2925K(3328K)
[188.824s][info][gc             ] GC(322) Pause Full (System.gc()) 277M->4M(1998M) 81.232ms
[188.824s][info][gc,cpu         ] GC(322) User=0.09s Sys=0.00s Real=0.08s
[190.707s][info][gc,start       ] GC(323) Pause Young (Allocation Failure)
[190.707s][info][gc,task        ] GC(323) Using 6 workers of 6 for evacuation
[190.725s][info][gc,heap        ] GC(323) ParNew: 409024K->26354K(460096K)
[190.725s][info][gc,heap        ] GC(323) CMS: 5077K->5077K(1585984K)
[190.725s][info][gc,metaspace   ] GC(323) Metaspace: 23784K(24832K)->23784K(24832K) NonClass: 20858K(21504K)->20858K(21504K) Class: 2925K(3328K)->2925K(3328K)
[190.725s][info][gc             ] GC(323) Pause Young (Allocation Failure) 404M->30M(1998M) 18.140ms
[190.725s][info][gc,cpu         ] GC(323) User=0.08s Sys=0.00s Real=0.01s
[190.809s][info][gc,start       ] GC(324) Pause Young (Allocation Failure)
[190.809s][info][gc,task        ] GC(324) Using 6 workers of 6 for evacuation
[190.825s][info][gc,heap        ] GC(324) ParNew: 435378K->0K(460096K)
[190.825s][info][gc,heap        ] GC(324) CMS: 5077K->36349K(1585984K)
[190.825s][info][gc,metaspace   ] GC(324) Metaspace: 23784K(24832K)->23784K(24832K) NonClass: 20858K(21504K)->20858K(21504K) Class: 2925K(3328K)->2925K(3328K)
[190.825s][info][gc             ] GC(324) Pause Young (Allocation Failure) 430M->35M(1998M) 16.679ms
[190.826s][info][gc,cpu         ] GC(324) User=0.02s Sys=0.00s Real=0.02s
[190.908s][info][gc,start       ] GC(325) Pause Young (Allocation Failure)
[190.908s][info][gc,task        ] GC(325) Using 6 workers of 6 for evacuation
[190.910s][info][gc,heap        ] GC(325) ParNew: 409024K->0K(460096K)
[190.911s][info][gc,heap        ] GC(325) CMS: 36349K->36349K(1585984K)
[190.911s][info][gc,metaspace   ] GC(325) Metaspace: 23784K(24832K)->23784K(24832K) NonClass: 20858K(21504K)->20858K(21504K) Class: 2925K(3328K)->2925K(3328K)
[190.911s][info][gc             ] GC(325) Pause Young (Allocation Failure) 434M->35M(1998M) 2.565ms
[190.911s][info][gc,cpu         ] GC(325) User=0.00s Sys=0.00s Real=0.00s
[192.808s][info][gc,start       ] GC(326) Pause Young (Allocation Failure)
[192.808s][info][gc,task        ] GC(326) Using 6 workers of 6 for evacuation
[192.826s][info][gc,heap        ] GC(326) ParNew: 409024K->27425K(460096K)
[192.826s][info][gc,heap        ] GC(326) CMS: 36349K->36349K(1585984K)
[192.826s][info][gc,metaspace   ] GC(326) Metaspace: 23784K(24832K)->23784K(24832K) NonClass: 20858K(21504K)->20858K(21504K) Class: 2925K(3328K)->2925K(3328K)
[192.826s][info][gc             ] GC(326) Pause Young (Allocation Failure) 434M->62M(1998M) 17.887ms
[192.826s][info][gc,cpu         ] GC(326) User=0.08s Sys=0.00s Real=0.01s
[192.909s][info][gc,start       ] GC(327) Pause Young (Allocation Failure)
[192.909s][info][gc,task        ] GC(327) Using 6 workers of 6 for evacuation
[192.925s][info][gc,heap        ] GC(327) ParNew: 436449K->0K(460096K)
[192.925s][info][gc,heap        ] GC(327) CMS: 36349K->63453K(1585984K)
[192.925s][info][gc,metaspace   ] GC(327) Metaspace: 23784K(24832K)->23784K(24832K) NonClass: 20858K(21504K)->20858K(21504K) Class: 2925K(3328K)->2925K(3328K)
[192.925s][info][gc             ] GC(327) Pause Young (Allocation Failure) 461M->61M(1998M) 15.768ms
[192.925s][info][gc,cpu         ] GC(327) User=0.02s Sys=0.00s Real=0.02s
[193.008s][info][gc,start       ] GC(328) Pause Young (Allocation Failure)
[193.008s][info][gc,task        ] GC(328) Using 6 workers of 6 for evacuation
[193.011s][info][gc,heap        ] GC(328) ParNew: 409024K->0K(460096K)
[193.011s][info][gc,heap        ] GC(328) CMS: 63453K->63453K(1585984K)
[193.011s][info][gc,metaspace   ] GC(328) Metaspace: 23784K(24832K)->23784K(24832K) NonClass: 20858K(21504K)->20858K(21504K) Class: 2925K(3328K)->2925K(3328K)
[193.011s][info][gc             ] GC(328) Pause Young (Allocation Failure) 461M->61M(1998M) 2.831ms
[193.011s][info][gc,cpu         ] GC(328) User=0.00s Sys=0.00s Real=0.02s
[193.069s][info][gc,start       ] GC(329) Pause Full (System.gc())
[193.069s][info][gc,phases,start] GC(329) Phase 1: Mark live objects
[193.076s][info][gc,phases      ] GC(329) Phase 1: Mark live objects 6.659ms
[193.076s][info][gc,phases,start] GC(329) Phase 2: Compute new object addresses
[193.143s][info][gc,phases      ] GC(329) Phase 2: Compute new object addresses 66.657ms
[193.143s][info][gc,phases,start] GC(329) Phase 3: Adjust pointers
[193.147s][info][gc,phases      ] GC(329) Phase 3: Adjust pointers 4.348ms
[193.147s][info][gc,phases,start] GC(329) Phase 4: Move objects
[193.147s][info][gc,phases      ] GC(329) Phase 4: Move objects 0.212ms
[193.149s][info][gc,heap        ] GC(329) ParNew: 220631K->0K(460096K)
[193.149s][info][gc,heap        ] GC(329) CMS: 63453K->5077K(1585984K)
[193.149s][info][gc,metaspace   ] GC(329) Metaspace: 23784K(24832K)->23784K(24832K) NonClass: 20858K(21504K)->20858K(21504K) Class: 2925K(3328K)->2925K(3328K)
[193.149s][info][gc             ] GC(329) Pause Full (System.gc()) 277M->4M(1998M) 79.841ms
[193.149s][info][gc,cpu         ] GC(329) User=0.08s Sys=0.00s Real=0.08s
[195.034s][info][gc,start       ] GC(330) Pause Young (Allocation Failure)
[195.034s][info][gc,task        ] GC(330) Using 6 workers of 6 for evacuation
[195.051s][info][gc,heap        ] GC(330) ParNew: 409024K->26287K(460096K)
[195.051s][info][gc,heap        ] GC(330) CMS: 5077K->5077K(1585984K)
[195.051s][info][gc,metaspace   ] GC(330) Metaspace: 23784K(24832K)->23784K(24832K) NonClass: 20858K(21504K)->20858K(21504K) Class: 2925K(3328K)->2925K(3328K)
[195.051s][info][gc             ] GC(330) Pause Young (Allocation Failure) 404M->30M(1998M) 17.782ms
[195.051s][info][gc,cpu         ] GC(330) User=0.06s Sys=0.00s Real=0.02s
[195.134s][info][gc,start       ] GC(331) Pause Young (Allocation Failure)
[195.134s][info][gc,task        ] GC(331) Using 6 workers of 6 for evacuation
[195.151s][info][gc,heap        ] GC(331) ParNew: 435311K->0K(460096K)
[195.151s][info][gc,heap        ] GC(331) CMS: 5077K->36346K(1585984K)
[195.151s][info][gc,metaspace   ] GC(331) Metaspace: 23784K(24832K)->23784K(24832K) NonClass: 20858K(21504K)->20858K(21504K) Class: 2925K(3328K)->2925K(3328K)
[195.151s][info][gc             ] GC(331) Pause Young (Allocation Failure) 430M->35M(1998M) 16.373ms
[195.151s][info][gc,cpu         ] GC(331) User=0.03s Sys=0.00s Real=0.02s
[195.233s][info][gc,start       ] GC(332) Pause Young (Allocation Failure)
[195.233s][info][gc,task        ] GC(332) Using 6 workers of 6 for evacuation
[195.236s][info][gc,heap        ] GC(332) ParNew: 409024K->0K(460096K)
[195.236s][info][gc,heap        ] GC(332) CMS: 36346K->36346K(1585984K)
[195.236s][info][gc,metaspace   ] GC(332) Metaspace: 23784K(24832K)->23784K(24832K) NonClass: 20858K(21504K)->20858K(21504K) Class: 2925K(3328K)->2925K(3328K)
[195.236s][info][gc             ] GC(332) Pause Young (Allocation Failure) 434M->35M(1998M) 2.803ms
[195.236s][info][gc,cpu         ] GC(332) User=0.00s Sys=0.00s Real=0.00s
[197.133s][info][gc,start       ] GC(333) Pause Young (Allocation Failure)
[197.133s][info][gc,task        ] GC(333) Using 6 workers of 6 for evacuation
[197.152s][info][gc,heap        ] GC(333) ParNew: 409024K->27000K(460096K)
[197.152s][info][gc,heap        ] GC(333) CMS: 36346K->36346K(1585984K)
[197.152s][info][gc,metaspace   ] GC(333) Metaspace: 23784K(24832K)->23784K(24832K) NonClass: 20858K(21504K)->20858K(21504K) Class: 2925K(3328K)->2925K(3328K)
[197.152s][info][gc             ] GC(333) Pause Young (Allocation Failure) 434M->61M(1998M) 18.729ms
[197.152s][info][gc,cpu         ] GC(333) User=0.08s Sys=0.00s Real=0.02s
[197.235s][info][gc,start       ] GC(334) Pause Young (Allocation Failure)
[197.235s][info][gc,task        ] GC(334) Using 6 workers of 6 for evacuation
[197.251s][info][gc,heap        ] GC(334) ParNew: 436024K->0K(460096K)
[197.251s][info][gc,heap        ] GC(334) CMS: 36346K->63196K(1585984K)
[197.251s][info][gc,metaspace   ] GC(334) Metaspace: 23784K(24832K)->23784K(24832K) NonClass: 20858K(21504K)->20858K(21504K) Class: 2925K(3328K)->2925K(3328K)
[197.251s][info][gc             ] GC(334) Pause Young (Allocation Failure) 461M->61M(1998M) 15.879ms
[197.251s][info][gc,cpu         ] GC(334) User=0.02s Sys=0.00s Real=0.02s
[197.333s][info][gc,start       ] GC(335) Pause Young (Allocation Failure)
[197.333s][info][gc,task        ] GC(335) Using 6 workers of 6 for evacuation
[197.336s][info][gc,heap        ] GC(335) ParNew: 409024K->0K(460096K)
[197.336s][info][gc,heap        ] GC(335) CMS: 63196K->63196K(1585984K)
[197.336s][info][gc,metaspace   ] GC(335) Metaspace: 23784K(24832K)->23784K(24832K) NonClass: 20858K(21504K)->20858K(21504K) Class: 2925K(3328K)->2925K(3328K)
[197.336s][info][gc             ] GC(335) Pause Young (Allocation Failure) 461M->61M(1998M) 2.784ms
[197.336s][info][gc,cpu         ] GC(335) User=0.00s Sys=0.00s Real=0.00s
[197.394s][info][gc,start       ] GC(336) Pause Full (System.gc())
[197.395s][info][gc,phases,start] GC(336) Phase 1: Mark live objects
[197.401s][info][gc,phases      ] GC(336) Phase 1: Mark live objects 6.495ms
[197.401s][info][gc,phases,start] GC(336) Phase 2: Compute new object addresses
[197.469s][info][gc,phases      ] GC(336) Phase 2: Compute new object addresses 67.459ms
[197.469s][info][gc,phases,start] GC(336) Phase 3: Adjust pointers
[197.473s][info][gc,phases      ] GC(336) Phase 3: Adjust pointers 4.418ms
[197.473s][info][gc,phases,start] GC(336) Phase 4: Move objects
[197.473s][info][gc,phases      ] GC(336) Phase 4: Move objects 0.206ms
[197.475s][info][gc,heap        ] GC(336) ParNew: 220631K->0K(460096K)
[197.475s][info][gc,heap        ] GC(336) CMS: 63196K->5077K(1585984K)
[197.475s][info][gc,metaspace   ] GC(336) Metaspace: 23785K(24832K)->23785K(24832K) NonClass: 20860K(21504K)->20860K(21504K) Class: 2925K(3328K)->2925K(3328K)
[197.475s][info][gc             ] GC(336) Pause Full (System.gc()) 277M->4M(1998M) 80.631ms
[197.475s][info][gc,cpu         ] GC(336) User=0.08s Sys=0.00s Real=0.08s
[199.361s][info][gc,start       ] GC(337) Pause Young (Allocation Failure)
[199.362s][info][gc,task        ] GC(337) Using 6 workers of 6 for evacuation
[199.379s][info][gc,heap        ] GC(337) ParNew: 409024K->26432K(460096K)
[199.379s][info][gc,heap        ] GC(337) CMS: 5077K->5077K(1585984K)
[199.379s][info][gc,metaspace   ] GC(337) Metaspace: 23801K(24832K)->23801K(24832K) NonClass: 20875K(21504K)->20875K(21504K) Class: 2925K(3328K)->2925K(3328K)
[199.379s][info][gc             ] GC(337) Pause Young (Allocation Failure) 404M->30M(1998M) 17.668ms
[199.379s][info][gc,cpu         ] GC(337) User=0.08s Sys=0.00s Real=0.02s
[199.462s][info][gc,start       ] GC(338) Pause Young (Allocation Failure)
[199.462s][info][gc,task        ] GC(338) Using 6 workers of 6 for evacuation
[199.479s][info][gc,heap        ] GC(338) ParNew: 435456K->0K(460096K)
[199.479s][info][gc,heap        ] GC(338) CMS: 5077K->36345K(1585984K)
[199.479s][info][gc,metaspace   ] GC(338) Metaspace: 23801K(24832K)->23801K(24832K) NonClass: 20875K(21504K)->20875K(21504K) Class: 2925K(3328K)->2925K(3328K)
[199.479s][info][gc             ] GC(338) Pause Young (Allocation Failure) 430M->35M(1998M) 16.792ms
[199.479s][info][gc,cpu         ] GC(338) User=0.02s Sys=0.00s Real=0.02s
[199.561s][info][gc,start       ] GC(339) Pause Young (Allocation Failure)
[199.561s][info][gc,task        ] GC(339) Using 6 workers of 6 for evacuation
[199.564s][info][gc,heap        ] GC(339) ParNew: 409024K->0K(460096K)
[199.564s][info][gc,heap        ] GC(339) CMS: 36345K->36345K(1585984K)
[199.564s][info][gc,metaspace   ] GC(339) Metaspace: 23801K(24832K)->23801K(24832K) NonClass: 20875K(21504K)->20875K(21504K) Class: 2925K(3328K)->2925K(3328K)
[199.564s][info][gc             ] GC(339) Pause Young (Allocation Failure) 434M->35M(1998M) 2.777ms
[199.564s][info][gc,cpu         ] GC(339) User=0.02s Sys=0.00s Real=0.02s
[201.460s][info][gc,start       ] GC(340) Pause Young (Allocation Failure)
[201.460s][info][gc,task        ] GC(340) Using 6 workers of 6 for evacuation
[201.478s][info][gc,heap        ] GC(340) ParNew: 409024K->27348K(460096K)
[201.480s][info][gc,heap        ] GC(340) CMS: 36345K->36345K(1585984K)
[201.480s][info][gc,metaspace   ] GC(340) Metaspace: 23801K(24832K)->23801K(24832K) NonClass: 20875K(21504K)->20875K(21504K) Class: 2925K(3328K)->2925K(3328K)
[201.480s][info][gc             ] GC(340) Pause Young (Allocation Failure) 434M->62M(1998M) 20.242ms
[201.480s][info][gc,cpu         ] GC(340) User=0.09s Sys=0.00s Real=0.03s
[201.563s][info][gc,start       ] GC(341) Pause Young (Allocation Failure)
[201.563s][info][gc,task        ] GC(341) Using 6 workers of 6 for evacuation
[201.579s][info][gc,heap        ] GC(341) ParNew: 436372K->0K(460096K)
[201.579s][info][gc,heap        ] GC(341) CMS: 36345K->63396K(1585984K)
[201.579s][info][gc,metaspace   ] GC(341) Metaspace: 23801K(24832K)->23801K(24832K) NonClass: 20875K(21504K)->20875K(21504K) Class: 2925K(3328K)->2925K(3328K)
[201.579s][info][gc             ] GC(341) Pause Young (Allocation Failure) 461M->61M(1998M) 15.950ms
[201.579s][info][gc,cpu         ] GC(341) User=0.02s Sys=0.00s Real=0.02s
[201.662s][info][gc,start       ] GC(342) Pause Young (Allocation Failure)
[201.662s][info][gc,task        ] GC(342) Using 6 workers of 6 for evacuation
[201.664s][info][gc,heap        ] GC(342) ParNew: 409024K->0K(460096K)
[201.664s][info][gc,heap        ] GC(342) CMS: 63396K->63396K(1585984K)
[201.664s][info][gc,metaspace   ] GC(342) Metaspace: 23801K(24832K)->23801K(24832K) NonClass: 20875K(21504K)->20875K(21504K) Class: 2925K(3328K)->2925K(3328K)
[201.664s][info][gc             ] GC(342) Pause Young (Allocation Failure) 461M->61M(1998M) 2.836ms
[201.664s][info][gc,cpu         ] GC(342) User=0.00s Sys=0.00s Real=0.00s
[201.724s][info][gc,start       ] GC(343) Pause Full (System.gc())
[201.724s][info][gc,phases,start] GC(343) Phase 1: Mark live objects
[201.731s][info][gc,phases      ] GC(343) Phase 1: Mark live objects 6.638ms
[201.731s][info][gc,phases,start] GC(343) Phase 2: Compute new object addresses
[201.797s][info][gc,phases      ] GC(343) Phase 2: Compute new object addresses 66.403ms
[201.797s][info][gc,phases,start] GC(343) Phase 3: Adjust pointers
[201.802s][info][gc,phases      ] GC(343) Phase 3: Adjust pointers 4.388ms
[201.802s][info][gc,phases,start] GC(343) Phase 4: Move objects
[201.802s][info][gc,phases      ] GC(343) Phase 4: Move objects 0.195ms
[201.803s][info][gc,heap        ] GC(343) ParNew: 220631K->0K(460096K)
[201.803s][info][gc,heap        ] GC(343) CMS: 63396K->5077K(1585984K)
[201.803s][info][gc,metaspace   ] GC(343) Metaspace: 23801K(24832K)->23801K(24832K) NonClass: 20875K(21504K)->20875K(21504K) Class: 2925K(3328K)->2925K(3328K)
[201.804s][info][gc             ] GC(343) Pause Full (System.gc()) 277M->4M(1998M) 79.604ms
[201.804s][info][gc,cpu         ] GC(343) User=0.08s Sys=0.00s Real=0.08s
[203.689s][info][gc,start       ] GC(344) Pause Young (Allocation Failure)
[203.689s][info][gc,task        ] GC(344) Using 6 workers of 6 for evacuation
[203.706s][info][gc,heap        ] GC(344) ParNew: 409024K->26563K(460096K)
[203.706s][info][gc,heap        ] GC(344) CMS: 5077K->5077K(1585984K)
[203.706s][info][gc,metaspace   ] GC(344) Metaspace: 23801K(24832K)->23801K(24832K) NonClass: 20875K(21504K)->20875K(21504K) Class: 2925K(3328K)->2925K(3328K)
[203.706s][info][gc             ] GC(344) Pause Young (Allocation Failure) 404M->30M(1998M) 17.388ms
[203.706s][info][gc,cpu         ] GC(344) User=0.08s Sys=0.00s Real=0.02s
[203.790s][info][gc,start       ] GC(345) Pause Young (Allocation Failure)
[203.790s][info][gc,task        ] GC(345) Using 6 workers of 6 for evacuation
[203.806s][info][gc,heap        ] GC(345) ParNew: 435587K->0K(460096K)
[203.806s][info][gc,heap        ] GC(345) CMS: 5077K->36348K(1585984K)
[203.806s][info][gc,metaspace   ] GC(345) Metaspace: 23801K(24832K)->23801K(24832K) NonClass: 20875K(21504K)->20875K(21504K) Class: 2925K(3328K)->2925K(3328K)
[203.806s][info][gc             ] GC(345) Pause Young (Allocation Failure) 430M->35M(1998M) 16.452ms
[203.807s][info][gc,cpu         ] GC(345) User=0.02s Sys=0.00s Real=0.02s
[203.889s][info][gc,start       ] GC(346) Pause Young (Allocation Failure)
[203.889s][info][gc,task        ] GC(346) Using 6 workers of 6 for evacuation
[203.892s][info][gc,heap        ] GC(346) ParNew: 409024K->0K(460096K)
[203.892s][info][gc,heap        ] GC(346) CMS: 36348K->36348K(1585984K)
[203.892s][info][gc,metaspace   ] GC(346) Metaspace: 23801K(24832K)->23801K(24832K) NonClass: 20875K(21504K)->20875K(21504K) Class: 2925K(3328K)->2925K(3328K)
[203.892s][info][gc             ] GC(346) Pause Young (Allocation Failure) 434M->35M(1998M) 2.740ms
[203.892s][info][gc,cpu         ] GC(346) User=0.00s Sys=0.00s Real=0.00s
[205.788s][info][gc,start       ] GC(347) Pause Young (Allocation Failure)
[205.788s][info][gc,task        ] GC(347) Using 6 workers of 6 for evacuation
[205.806s][info][gc,heap        ] GC(347) ParNew: 409024K->27080K(460096K)
[205.806s][info][gc,heap        ] GC(347) CMS: 36348K->36348K(1585984K)
[205.806s][info][gc,metaspace   ] GC(347) Metaspace: 23801K(24832K)->23801K(24832K) NonClass: 20875K(21504K)->20875K(21504K) Class: 2925K(3328K)->2925K(3328K)
[205.806s][info][gc             ] GC(347) Pause Young (Allocation Failure) 434M->61M(1998M) 18.059ms
[205.806s][info][gc,cpu         ] GC(347) User=0.03s Sys=0.00s Real=0.02s
[205.889s][info][gc,start       ] GC(348) Pause Young (Allocation Failure)
[205.889s][info][gc,task        ] GC(348) Using 6 workers of 6 for evacuation
[205.905s][info][gc,heap        ] GC(348) ParNew: 436104K->0K(460096K)
[205.905s][info][gc,heap        ] GC(348) CMS: 36348K->63486K(1585984K)
[205.905s][info][gc,metaspace   ] GC(348) Metaspace: 23801K(24832K)->23801K(24832K) NonClass: 20875K(21504K)->20875K(21504K) Class: 2925K(3328K)->2925K(3328K)
[205.905s][info][gc             ] GC(348) Pause Young (Allocation Failure) 461M->61M(1998M) 15.961ms
[205.905s][info][gc,cpu         ] GC(348) User=0.03s Sys=0.00s Real=0.02s
[205.989s][info][gc,start       ] GC(349) Pause Young (Allocation Failure)
[205.989s][info][gc,task        ] GC(349) Using 6 workers of 6 for evacuation
[205.992s][info][gc,heap        ] GC(349) ParNew: 409024K->0K(460096K)
[205.992s][info][gc,heap        ] GC(349) CMS: 63486K->63486K(1585984K)
[205.992s][info][gc,metaspace   ] GC(349) Metaspace: 23801K(24832K)->23801K(24832K) NonClass: 20875K(21504K)->20875K(21504K) Class: 2925K(3328K)->2925K(3328K)
[205.992s][info][gc             ] GC(349) Pause Young (Allocation Failure) 461M->61M(1998M) 2.705ms
[205.992s][info][gc,cpu         ] GC(349) User=0.00s Sys=0.00s Real=0.00s
[206.050s][info][gc,start       ] GC(350) Pause Full (System.gc())
[206.050s][info][gc,phases,start] GC(350) Phase 1: Mark live objects
[206.057s][info][gc,phases      ] GC(350) Phase 1: Mark live objects 6.838ms
[206.057s][info][gc,phases,start] GC(350) Phase 2: Compute new object addresses
[206.124s][info][gc,phases      ] GC(350) Phase 2: Compute new object addresses 67.295ms
[206.124s][info][gc,phases,start] GC(350) Phase 3: Adjust pointers
[206.129s][info][gc,phases      ] GC(350) Phase 3: Adjust pointers 4.462ms
[206.129s][info][gc,phases,start] GC(350) Phase 4: Move objects
[206.129s][info][gc,phases      ] GC(350) Phase 4: Move objects 0.191ms
[206.130s][info][gc,heap        ] GC(350) ParNew: 220631K->0K(460096K)
[206.130s][info][gc,heap        ] GC(350) CMS: 63486K->5077K(1585984K)
[206.130s][info][gc,metaspace   ] GC(350) Metaspace: 23801K(24832K)->23801K(24832K) NonClass: 20875K(21504K)->20875K(21504K) Class: 2925K(3328K)->2925K(3328K)
[206.131s][info][gc             ] GC(350) Pause Full (System.gc()) 277M->4M(1998M) 80.743ms
[206.131s][info][gc,cpu         ] GC(350) User=0.08s Sys=0.00s Real=0.08s
[208.016s][info][gc,start       ] GC(351) Pause Young (Allocation Failure)
[208.016s][info][gc,task        ] GC(351) Using 6 workers of 6 for evacuation
[208.034s][info][gc,heap        ] GC(351) ParNew: 409024K->26774K(460096K)
[208.035s][info][gc,heap        ] GC(351) CMS: 5077K->5077K(1585984K)
[208.035s][info][gc,metaspace   ] GC(351) Metaspace: 23801K(24832K)->23801K(24832K) NonClass: 20875K(21504K)->20875K(21504K) Class: 2925K(3328K)->2925K(3328K)
[208.035s][info][gc             ] GC(351) Pause Young (Allocation Failure) 404M->31M(1998M) 18.296ms
[208.035s][info][gc,cpu         ] GC(351) User=0.09s Sys=0.00s Real=0.02s
[208.118s][info][gc,start       ] GC(352) Pause Young (Allocation Failure)
[208.118s][info][gc,task        ] GC(352) Using 6 workers of 6 for evacuation
[208.134s][info][gc,heap        ] GC(352) ParNew: 435798K->0K(460096K)
[208.134s][info][gc,heap        ] GC(352) CMS: 5077K->36338K(1585984K)
[208.134s][info][gc,metaspace   ] GC(352) Metaspace: 23801K(24832K)->23801K(24832K) NonClass: 20875K(21504K)->20875K(21504K) Class: 2925K(3328K)->2925K(3328K)
[208.134s][info][gc             ] GC(352) Pause Young (Allocation Failure) 430M->35M(1998M) 16.410ms
[208.134s][info][gc,cpu         ] GC(352) User=0.02s Sys=0.00s Real=0.02s
[208.217s][info][gc,start       ] GC(353) Pause Young (Allocation Failure)
[208.217s][info][gc,task        ] GC(353) Using 6 workers of 6 for evacuation
[208.219s][info][gc,heap        ] GC(353) ParNew: 409024K->0K(460096K)
[208.219s][info][gc,heap        ] GC(353) CMS: 36338K->36338K(1585984K)
[208.219s][info][gc,metaspace   ] GC(353) Metaspace: 23801K(24832K)->23801K(24832K) NonClass: 20875K(21504K)->20875K(21504K) Class: 2925K(3328K)->2925K(3328K)
[208.219s][info][gc             ] GC(353) Pause Young (Allocation Failure) 434M->35M(1998M) 2.784ms
[208.219s][info][gc,cpu         ] GC(353) User=0.00s Sys=0.00s Real=0.00s
[210.116s][info][gc,start       ] GC(354) Pause Young (Allocation Failure)
[210.116s][info][gc,task        ] GC(354) Using 6 workers of 6 for evacuation
[210.134s][info][gc,heap        ] GC(354) ParNew: 409024K->27065K(460096K)
[210.134s][info][gc,heap        ] GC(354) CMS: 36338K->36338K(1585984K)
[210.134s][info][gc,metaspace   ] GC(354) Metaspace: 23801K(24832K)->23801K(24832K) NonClass: 20875K(21504K)->20875K(21504K) Class: 2925K(3328K)->2925K(3328K)
[210.134s][info][gc             ] GC(354) Pause Young (Allocation Failure) 434M->61M(1998M) 18.805ms
[210.134s][info][gc,cpu         ] GC(354) User=0.09s Sys=0.00s Real=0.01s
[210.217s][info][gc,start       ] GC(355) Pause Young (Allocation Failure)
[210.217s][info][gc,task        ] GC(355) Using 6 workers of 6 for evacuation
[210.233s][info][gc,heap        ] GC(355) ParNew: 436089K->0K(460096K)
[210.233s][info][gc,heap        ] GC(355) CMS: 36338K->63503K(1585984K)
[210.233s][info][gc,metaspace   ] GC(355) Metaspace: 23801K(24832K)->23801K(24832K) NonClass: 20875K(21504K)->20875K(21504K) Class: 2925K(3328K)->2925K(3328K)
[210.233s][info][gc             ] GC(355) Pause Young (Allocation Failure) 461M->62M(1998M) 15.997ms
[210.233s][info][gc,cpu         ] GC(355) User=0.02s Sys=0.00s Real=0.02s
[210.316s][info][gc,start       ] GC(356) Pause Young (Allocation Failure)
[210.316s][info][gc,task        ] GC(356) Using 6 workers of 6 for evacuation
[210.318s][info][gc,heap        ] GC(356) ParNew: 409024K->0K(460096K)
[210.318s][info][gc,heap        ] GC(356) CMS: 63503K->63503K(1585984K)
[210.318s][info][gc,metaspace   ] GC(356) Metaspace: 23801K(24832K)->23801K(24832K) NonClass: 20875K(21504K)->20875K(21504K) Class: 2925K(3328K)->2925K(3328K)
[210.318s][info][gc             ] GC(356) Pause Young (Allocation Failure) 461M->62M(1998M) 2.607ms
[210.318s][info][gc,cpu         ] GC(356) User=0.02s Sys=0.00s Real=0.01s
[210.376s][info][gc,start       ] GC(357) Pause Full (System.gc())
[210.377s][info][gc,phases,start] GC(357) Phase 1: Mark live objects
[210.384s][info][gc,phases      ] GC(357) Phase 1: Mark live objects 7.324ms
[210.384s][info][gc,phases,start] GC(357) Phase 2: Compute new object addresses
[210.451s][info][gc,phases      ] GC(357) Phase 2: Compute new object addresses 67.090ms
[210.451s][info][gc,phases,start] GC(357) Phase 3: Adjust pointers
[210.455s][info][gc,phases      ] GC(357) Phase 3: Adjust pointers 4.395ms
[210.455s][info][gc,phases,start] GC(357) Phase 4: Move objects
[210.456s][info][gc,phases      ] GC(357) Phase 4: Move objects 0.194ms
[210.457s][info][gc,heap        ] GC(357) ParNew: 220631K->0K(460096K)
[210.457s][info][gc,heap        ] GC(357) CMS: 63503K->5077K(1585984K)
[210.457s][info][gc,metaspace   ] GC(357) Metaspace: 23801K(24832K)->23801K(24832K) NonClass: 20875K(21504K)->20875K(21504K) Class: 2925K(3328K)->2925K(3328K)
[210.457s][info][gc             ] GC(357) Pause Full (System.gc()) 277M->4M(1998M) 80.959ms
[210.457s][info][gc,cpu         ] GC(357) User=0.06s Sys=0.00s Real=0.07s
[212.342s][info][gc,start       ] GC(358) Pause Young (Allocation Failure)
[212.342s][info][gc,task        ] GC(358) Using 6 workers of 6 for evacuation
[212.359s][info][gc,heap        ] GC(358) ParNew: 409024K->26601K(460096K)
[212.359s][info][gc,heap        ] GC(358) CMS: 5077K->5077K(1585984K)
[212.359s][info][gc,metaspace   ] GC(358) Metaspace: 23801K(24832K)->23801K(24832K) NonClass: 20875K(21504K)->20875K(21504K) Class: 2925K(3328K)->2925K(3328K)
[212.359s][info][gc             ] GC(358) Pause Young (Allocation Failure) 404M->30M(1998M) 17.841ms
[212.359s][info][gc,cpu         ] GC(358) User=0.08s Sys=0.00s Real=0.02s
[212.442s][info][gc,start       ] GC(359) Pause Young (Allocation Failure)
[212.442s][info][gc,task        ] GC(359) Using 6 workers of 6 for evacuation
[212.459s][info][gc,heap        ] GC(359) ParNew: 435625K->0K(460096K)
[212.459s][info][gc,heap        ] GC(359) CMS: 5077K->36349K(1585984K)
[212.459s][info][gc,metaspace   ] GC(359) Metaspace: 23801K(24832K)->23801K(24832K) NonClass: 20875K(21504K)->20875K(21504K) Class: 2925K(3328K)->2925K(3328K)
[212.459s][info][gc             ] GC(359) Pause Young (Allocation Failure) 430M->35M(1998M) 16.339ms
[212.459s][info][gc,cpu         ] GC(359) User=0.02s Sys=0.00s Real=0.01s
[212.542s][info][gc,start       ] GC(360) Pause Young (Allocation Failure)
[212.542s][info][gc,task        ] GC(360) Using 6 workers of 6 for evacuation
[212.545s][info][gc,heap        ] GC(360) ParNew: 409024K->0K(460096K)
[212.545s][info][gc,heap        ] GC(360) CMS: 36349K->36349K(1585984K)
[212.545s][info][gc,metaspace   ] GC(360) Metaspace: 23801K(24832K)->23801K(24832K) NonClass: 20875K(21504K)->20875K(21504K) Class: 2925K(3328K)->2925K(3328K)
[212.545s][info][gc             ] GC(360) Pause Young (Allocation Failure) 434M->35M(1998M) 2.844ms
[212.545s][info][gc,cpu         ] GC(360) User=0.00s Sys=0.00s Real=0.00s
[214.438s][info][gc,start       ] GC(361) Pause Young (Allocation Failure)
[214.438s][info][gc,task        ] GC(361) Using 6 workers of 6 for evacuation
[214.457s][info][gc,heap        ] GC(361) ParNew: 409024K->27426K(460096K)
[214.457s][info][gc,heap        ] GC(361) CMS: 36349K->36349K(1585984K)
[214.457s][info][gc,metaspace   ] GC(361) Metaspace: 23801K(24832K)->23801K(24832K) NonClass: 20875K(21504K)->20875K(21504K) Class: 2925K(3328K)->2925K(3328K)
[214.457s][info][gc             ] GC(361) Pause Young (Allocation Failure) 434M->62M(1998M) 19.411ms
[214.457s][info][gc,cpu         ] GC(361) User=0.06s Sys=0.00s Real=0.02s
[214.541s][info][gc,start       ] GC(362) Pause Young (Allocation Failure)
[214.541s][info][gc,task        ] GC(362) Using 6 workers of 6 for evacuation
[214.558s][info][gc,heap        ] GC(362) ParNew: 436450K->0K(460096K)
[214.558s][info][gc,heap        ] GC(362) CMS: 36349K->63336K(1585984K)
[214.558s][info][gc,metaspace   ] GC(362) Metaspace: 23801K(24832K)->23801K(24832K) NonClass: 20875K(21504K)->20875K(21504K) Class: 2925K(3328K)->2925K(3328K)
[214.558s][info][gc             ] GC(362) Pause Young (Allocation Failure) 461M->61M(1998M) 16.467ms
[214.558s][info][gc,cpu         ] GC(362) User=0.05s Sys=0.00s Real=0.02s
[214.641s][info][gc,start       ] GC(363) Pause Young (Allocation Failure)
[214.642s][info][gc,task        ] GC(363) Using 6 workers of 6 for evacuation
[214.644s][info][gc,heap        ] GC(363) ParNew: 409024K->0K(460096K)
[214.644s][info][gc,heap        ] GC(363) CMS: 63336K->63336K(1585984K)
[214.644s][info][gc,metaspace   ] GC(363) Metaspace: 23801K(24832K)->23801K(24832K) NonClass: 20875K(21504K)->20875K(21504K) Class: 2925K(3328K)->2925K(3328K)
[214.644s][info][gc             ] GC(363) Pause Young (Allocation Failure) 461M->61M(1998M) 2.537ms
[214.644s][info][gc,cpu         ] GC(363) User=0.02s Sys=0.00s Real=0.00s
[214.707s][info][gc,start       ] GC(364) Pause Full (System.gc())
[214.707s][info][gc,phases,start] GC(364) Phase 1: Mark live objects
[214.714s][info][gc,phases      ] GC(364) Phase 1: Mark live objects 6.584ms
[214.714s][info][gc,phases,start] GC(364) Phase 2: Compute new object addresses
[214.780s][info][gc,phases      ] GC(364) Phase 2: Compute new object addresses 66.559ms
[214.780s][info][gc,phases,start] GC(364) Phase 3: Adjust pointers
[214.785s][info][gc,phases      ] GC(364) Phase 3: Adjust pointers 4.466ms
[214.785s][info][gc,phases,start] GC(364) Phase 4: Move objects
[214.785s][info][gc,phases      ] GC(364) Phase 4: Move objects 0.197ms
[214.786s][info][gc,heap        ] GC(364) ParNew: 220631K->0K(460096K)
[214.787s][info][gc,heap        ] GC(364) CMS: 63336K->5077K(1585984K)
[214.787s][info][gc,metaspace   ] GC(364) Metaspace: 23801K(24832K)->23801K(24832K) NonClass: 20875K(21504K)->20875K(21504K) Class: 2925K(3328K)->2925K(3328K)
[214.787s][info][gc             ] GC(364) Pause Full (System.gc()) 277M->4M(1998M) 79.782ms
[214.787s][info][gc,cpu         ] GC(364) User=0.06s Sys=0.02s Real=0.08s
[216.734s][info][gc,start       ] GC(365) Pause Young (Allocation Failure)
[216.735s][info][gc,task        ] GC(365) Using 6 workers of 6 for evacuation
[216.753s][info][gc,heap        ] GC(365) ParNew: 409024K->26683K(460096K)
[216.753s][info][gc,heap        ] GC(365) CMS: 5077K->5077K(1585984K)
[216.753s][info][gc,metaspace   ] GC(365) Metaspace: 23803K(24832K)->23803K(24832K) NonClass: 20878K(21504K)->20878K(21504K) Class: 2925K(3328K)->2925K(3328K)
[216.753s][info][gc             ] GC(365) Pause Young (Allocation Failure) 404M->31M(1998M) 18.547ms
[216.753s][info][gc,cpu         ] GC(365) User=0.08s Sys=0.00s Real=0.02s
[216.838s][info][gc,start       ] GC(366) Pause Young (Allocation Failure)
[216.838s][info][gc,task        ] GC(366) Using 6 workers of 6 for evacuation
[216.854s][info][gc,heap        ] GC(366) ParNew: 435707K->0K(460096K)
[216.854s][info][gc,heap        ] GC(366) CMS: 5077K->36362K(1585984K)
[216.854s][info][gc,metaspace   ] GC(366) Metaspace: 23803K(24832K)->23803K(24832K) NonClass: 20878K(21504K)->20878K(21504K) Class: 2925K(3328K)->2925K(3328K)
[216.854s][info][gc             ] GC(366) Pause Young (Allocation Failure) 430M->35M(1998M) 16.185ms
[216.854s][info][gc,cpu         ] GC(366) User=0.03s Sys=0.00s Real=0.02s
[216.936s][info][gc,start       ] GC(367) Pause Young (Allocation Failure)
[216.936s][info][gc,task        ] GC(367) Using 6 workers of 6 for evacuation
[216.938s][info][gc,heap        ] GC(367) ParNew: 409024K->0K(460096K)
[216.938s][info][gc,heap        ] GC(367) CMS: 36362K->36362K(1585984K)
[216.938s][info][gc,metaspace   ] GC(367) Metaspace: 23803K(24832K)->23803K(24832K) NonClass: 20878K(21504K)->20878K(21504K) Class: 2925K(3328K)->2925K(3328K)
[216.938s][info][gc             ] GC(367) Pause Young (Allocation Failure) 434M->35M(1998M) 2.103ms
[216.938s][info][gc,cpu         ] GC(367) User=0.00s Sys=0.00s Real=0.00s
[218.836s][info][gc,start       ] GC(368) Pause Young (Allocation Failure)
[218.836s][info][gc,task        ] GC(368) Using 6 workers of 6 for evacuation
[218.854s][info][gc,heap        ] GC(368) ParNew: 409024K->27086K(460096K)
[218.855s][info][gc,heap        ] GC(368) CMS: 36362K->36362K(1585984K)
[218.855s][info][gc,metaspace   ] GC(368) Metaspace: 23803K(24832K)->23803K(24832K) NonClass: 20878K(21504K)->20878K(21504K) Class: 2925K(3328K)->2925K(3328K)
[218.855s][info][gc             ] GC(368) Pause Young (Allocation Failure) 434M->61M(1998M) 18.325ms
[218.855s][info][gc,cpu         ] GC(368) User=0.08s Sys=0.00s Real=0.02s
[218.937s][info][gc,start       ] GC(369) Pause Young (Allocation Failure)
[218.937s][info][gc,task        ] GC(369) Using 6 workers of 6 for evacuation
[218.953s][info][gc,heap        ] GC(369) ParNew: 436110K->0K(460096K)
[218.953s][info][gc,heap        ] GC(369) CMS: 36362K->63618K(1585984K)
[218.953s][info][gc,metaspace   ] GC(369) Metaspace: 23803K(24832K)->23803K(24832K) NonClass: 20878K(21504K)->20878K(21504K) Class: 2925K(3328K)->2925K(3328K)
[218.953s][info][gc             ] GC(369) Pause Young (Allocation Failure) 461M->62M(1998M) 15.878ms
[218.953s][info][gc,cpu         ] GC(369) User=0.02s Sys=0.00s Real=0.02s
[219.037s][info][gc,start       ] GC(370) Pause Young (Allocation Failure)
[219.037s][info][gc,task        ] GC(370) Using 6 workers of 6 for evacuation
[219.039s][info][gc,heap        ] GC(370) ParNew: 409024K->0K(460096K)
[219.039s][info][gc,heap        ] GC(370) CMS: 63618K->63618K(1585984K)
[219.039s][info][gc,metaspace   ] GC(370) Metaspace: 23803K(24832K)->23803K(24832K) NonClass: 20878K(21504K)->20878K(21504K) Class: 2925K(3328K)->2925K(3328K)
[219.039s][info][gc             ] GC(370) Pause Young (Allocation Failure) 461M->62M(1998M) 2.190ms
[219.039s][info][gc,cpu         ] GC(370) User=0.00s Sys=0.00s Real=0.00s
[219.098s][info][gc,start       ] GC(371) Pause Full (System.gc())
[219.099s][info][gc,phases,start] GC(371) Phase 1: Mark live objects
[219.105s][info][gc,phases      ] GC(371) Phase 1: Mark live objects 6.312ms
[219.105s][info][gc,phases,start] GC(371) Phase 2: Compute new object addresses
[219.172s][info][gc,phases      ] GC(371) Phase 2: Compute new object addresses 67.461ms
[219.172s][info][gc,phases,start] GC(371) Phase 3: Adjust pointers
[219.177s][info][gc,phases      ] GC(371) Phase 3: Adjust pointers 4.448ms
[219.177s][info][gc,phases,start] GC(371) Phase 4: Move objects
[219.178s][info][gc,phases      ] GC(371) Phase 4: Move objects 1.243ms
[219.185s][info][gc,heap        ] GC(371) ParNew: 220631K->0K(460096K)
[219.185s][info][gc,heap        ] GC(371) CMS: 63618K->5077K(1585984K)
[219.185s][info][gc,metaspace   ] GC(371) Metaspace: 23804K(24832K)->23804K(24832K) NonClass: 20879K(21504K)->20879K(21504K) Class: 2925K(3328K)->2925K(3328K)
[219.186s][info][gc             ] GC(371) Pause Full (System.gc()) 277M->4M(1998M) 87.429ms
[219.186s][info][gc,cpu         ] GC(371) User=0.08s Sys=0.00s Real=0.08s
[221.071s][info][gc,start       ] GC(372) Pause Young (Allocation Failure)
[221.072s][info][gc,task        ] GC(372) Using 6 workers of 6 for evacuation
[221.089s][info][gc,heap        ] GC(372) ParNew: 409024K->26358K(460096K)
[221.089s][info][gc,heap        ] GC(372) CMS: 5077K->5077K(1585984K)
[221.089s][info][gc,metaspace   ] GC(372) Metaspace: 23805K(24832K)->23805K(24832K) NonClass: 20880K(21504K)->20880K(21504K) Class: 2925K(3328K)->2925K(3328K)
[221.089s][info][gc             ] GC(372) Pause Young (Allocation Failure) 404M->30M(1998M) 17.731ms
[221.089s][info][gc,cpu         ] GC(372) User=0.03s Sys=0.00s Real=0.03s
[221.172s][info][gc,start       ] GC(373) Pause Young (Allocation Failure)
[221.172s][info][gc,task        ] GC(373) Using 6 workers of 6 for evacuation
[221.189s][info][gc,heap        ] GC(373) ParNew: 435382K->0K(460096K)
[221.189s][info][gc,heap        ] GC(373) CMS: 5077K->36349K(1585984K)
[221.189s][info][gc,metaspace   ] GC(373) Metaspace: 23805K(24832K)->23805K(24832K) NonClass: 20880K(21504K)->20880K(21504K) Class: 2925K(3328K)->2925K(3328K)
[221.189s][info][gc             ] GC(373) Pause Young (Allocation Failure) 430M->35M(1998M) 16.516ms
[221.189s][info][gc,cpu         ] GC(373) User=0.02s Sys=0.00s Real=0.01s
[221.271s][info][gc,start       ] GC(374) Pause Young (Allocation Failure)
[221.271s][info][gc,task        ] GC(374) Using 6 workers of 6 for evacuation
[221.274s][info][gc,heap        ] GC(374) ParNew: 409024K->0K(460096K)
[221.274s][info][gc,heap        ] GC(374) CMS: 36349K->36349K(1585984K)
[221.274s][info][gc,metaspace   ] GC(374) Metaspace: 23805K(24832K)->23805K(24832K) NonClass: 20880K(21504K)->20880K(21504K) Class: 2925K(3328K)->2925K(3328K)
[221.274s][info][gc             ] GC(374) Pause Young (Allocation Failure) 434M->35M(1998M) 2.690ms
[221.274s][info][gc,cpu         ] GC(374) User=0.00s Sys=0.00s Real=0.00s
[223.168s][info][gc,start       ] GC(375) Pause Young (Allocation Failure)
[223.168s][info][gc,task        ] GC(375) Using 6 workers of 6 for evacuation
[223.186s][info][gc,heap        ] GC(375) ParNew: 409024K->27114K(460096K)
[223.186s][info][gc,heap        ] GC(375) CMS: 36349K->36349K(1585984K)
[223.186s][info][gc,metaspace   ] GC(375) Metaspace: 23805K(24832K)->23805K(24832K) NonClass: 20880K(21504K)->20880K(21504K) Class: 2925K(3328K)->2925K(3328K)
[223.186s][info][gc             ] GC(375) Pause Young (Allocation Failure) 434M->61M(1998M) 18.105ms
[223.186s][info][gc,cpu         ] GC(375) User=0.08s Sys=0.00s Real=0.02s
[223.269s][info][gc,start       ] GC(376) Pause Young (Allocation Failure)
[223.271s][info][gc,task        ] GC(376) Using 6 workers of 6 for evacuation
[223.287s][info][gc,heap        ] GC(376) ParNew: 436138K->0K(460096K)
[223.287s][info][gc,heap        ] GC(376) CMS: 36349K->63515K(1585984K)
[223.287s][info][gc,metaspace   ] GC(376) Metaspace: 23805K(24832K)->23805K(24832K) NonClass: 20880K(21504K)->20880K(21504K) Class: 2925K(3328K)->2925K(3328K)
[223.287s][info][gc             ] GC(376) Pause Young (Allocation Failure) 461M->62M(1998M) 17.997ms
[223.287s][info][gc,cpu         ] GC(376) User=0.02s Sys=0.00s Real=0.02s
[223.369s][info][gc,start       ] GC(377) Pause Young (Allocation Failure)
[223.369s][info][gc,task        ] GC(377) Using 6 workers of 6 for evacuation
[223.372s][info][gc,heap        ] GC(377) ParNew: 409024K->0K(460096K)
[223.372s][info][gc,heap        ] GC(377) CMS: 63515K->63515K(1585984K)
[223.372s][info][gc,metaspace   ] GC(377) Metaspace: 23805K(24832K)->23805K(24832K) NonClass: 20880K(21504K)->20880K(21504K) Class: 2925K(3328K)->2925K(3328K)
[223.372s][info][gc             ] GC(377) Pause Young (Allocation Failure) 461M->62M(1998M) 2.613ms
[223.372s][info][gc,cpu         ] GC(377) User=0.00s Sys=0.00s Real=0.00s
[223.430s][info][gc,start       ] GC(378) Pause Full (System.gc())
[223.430s][info][gc,phases,start] GC(378) Phase 1: Mark live objects
[223.437s][info][gc,phases      ] GC(378) Phase 1: Mark live objects 6.885ms
[223.437s][info][gc,phases,start] GC(378) Phase 2: Compute new object addresses
[223.503s][info][gc,phases      ] GC(378) Phase 2: Compute new object addresses 66.336ms
[223.503s][info][gc,phases,start] GC(378) Phase 3: Adjust pointers
[223.508s][info][gc,phases      ] GC(378) Phase 3: Adjust pointers 4.402ms
[223.508s][info][gc,phases,start] GC(378) Phase 4: Move objects
[223.508s][info][gc,phases      ] GC(378) Phase 4: Move objects 0.210ms
[223.509s][info][gc,heap        ] GC(378) ParNew: 220631K->0K(460096K)
[223.509s][info][gc,heap        ] GC(378) CMS: 63515K->5077K(1585984K)
[223.509s][info][gc,metaspace   ] GC(378) Metaspace: 23805K(24832K)->23805K(24832K) NonClass: 20880K(21504K)->20880K(21504K) Class: 2925K(3328K)->2925K(3328K)
[223.510s][info][gc             ] GC(378) Pause Full (System.gc()) 277M->4M(1998M) 79.796ms
[223.510s][info][gc,cpu         ] GC(378) User=0.08s Sys=0.00s Real=0.08s
[225.398s][info][gc,start       ] GC(379) Pause Young (Allocation Failure)
[225.398s][info][gc,task        ] GC(379) Using 6 workers of 6 for evacuation
[225.415s][info][gc,heap        ] GC(379) ParNew: 409024K->26769K(460096K)
[225.415s][info][gc,heap        ] GC(379) CMS: 5077K->5077K(1585984K)
[225.415s][info][gc,metaspace   ] GC(379) Metaspace: 23805K(24832K)->23805K(24832K) NonClass: 20880K(21504K)->20880K(21504K) Class: 2925K(3328K)->2925K(3328K)
[225.415s][info][gc             ] GC(379) Pause Young (Allocation Failure) 404M->31M(1998M) 17.682ms
[225.415s][info][gc,cpu         ] GC(379) User=0.06s Sys=0.00s Real=0.02s
[225.498s][info][gc,start       ] GC(380) Pause Young (Allocation Failure)
[225.498s][info][gc,task        ] GC(380) Using 6 workers of 6 for evacuation
[225.514s][info][gc,heap        ] GC(380) ParNew: 435793K->0K(460096K)
[225.514s][info][gc,heap        ] GC(380) CMS: 5077K->36349K(1585984K)
[225.514s][info][gc,metaspace   ] GC(380) Metaspace: 23805K(24832K)->23805K(24832K) NonClass: 20880K(21504K)->20880K(21504K) Class: 2925K(3328K)->2925K(3328K)
[225.515s][info][gc             ] GC(380) Pause Young (Allocation Failure) 430M->35M(1998M) 16.142ms
[225.515s][info][gc,cpu         ] GC(380) User=0.00s Sys=0.00s Real=0.02s
[225.597s][info][gc,start       ] GC(381) Pause Young (Allocation Failure)
[225.597s][info][gc,task        ] GC(381) Using 6 workers of 6 for evacuation
[225.600s][info][gc,heap        ] GC(381) ParNew: 409024K->0K(460096K)
[225.600s][info][gc,heap        ] GC(381) CMS: 36349K->36349K(1585984K)
[225.600s][info][gc,metaspace   ] GC(381) Metaspace: 23805K(24832K)->23805K(24832K) NonClass: 20880K(21504K)->20880K(21504K) Class: 2925K(3328K)->2925K(3328K)
[225.600s][info][gc             ] GC(381) Pause Young (Allocation Failure) 434M->35M(1998M) 2.876ms
[225.600s][info][gc,cpu         ] GC(381) User=0.00s Sys=0.00s Real=0.00s
[227.494s][info][gc,start       ] GC(382) Pause Young (Allocation Failure)
[227.494s][info][gc,task        ] GC(382) Using 6 workers of 6 for evacuation
[227.512s][info][gc,heap        ] GC(382) ParNew: 409024K->27147K(460096K)
[227.512s][info][gc,heap        ] GC(382) CMS: 36349K->36349K(1585984K)
[227.512s][info][gc,metaspace   ] GC(382) Metaspace: 23805K(24832K)->23805K(24832K) NonClass: 20880K(21504K)->20880K(21504K) Class: 2925K(3328K)->2925K(3328K)
[227.512s][info][gc             ] GC(382) Pause Young (Allocation Failure) 434M->62M(1998M) 18.393ms
[227.512s][info][gc,cpu         ] GC(382) User=0.08s Sys=0.00s Real=0.02s
[227.595s][info][gc,start       ] GC(383) Pause Young (Allocation Failure)
[227.595s][info][gc,task        ] GC(383) Using 6 workers of 6 for evacuation
[227.611s][info][gc,heap        ] GC(383) ParNew: 436171K->0K(460096K)
[227.611s][info][gc,heap        ] GC(383) CMS: 36349K->63502K(1585984K)
[227.611s][info][gc,metaspace   ] GC(383) Metaspace: 23805K(24832K)->23805K(24832K) NonClass: 20880K(21504K)->20880K(21504K) Class: 2925K(3328K)->2925K(3328K)
[227.611s][info][gc             ] GC(383) Pause Young (Allocation Failure) 461M->62M(1998M) 15.841ms
[227.611s][info][gc,cpu         ] GC(383) User=0.02s Sys=0.00s Real=0.02s
[227.694s][info][gc,start       ] GC(384) Pause Young (Allocation Failure)
[227.694s][info][gc,task        ] GC(384) Using 6 workers of 6 for evacuation
[227.697s][info][gc,heap        ] GC(384) ParNew: 409024K->0K(460096K)
[227.697s][info][gc,heap        ] GC(384) CMS: 63502K->63502K(1585984K)
[227.697s][info][gc,metaspace   ] GC(384) Metaspace: 23805K(24832K)->23805K(24832K) NonClass: 20880K(21504K)->20880K(21504K) Class: 2925K(3328K)->2925K(3328K)
[227.697s][info][gc             ] GC(384) Pause Young (Allocation Failure) 461M->62M(1998M) 3.169ms
[227.697s][info][gc,cpu         ] GC(384) User=0.02s Sys=0.00s Real=0.02s
[227.755s][info][gc,start       ] GC(385) Pause Full (System.gc())
[227.755s][info][gc,phases,start] GC(385) Phase 1: Mark live objects
[227.762s][info][gc,phases      ] GC(385) Phase 1: Mark live objects 6.974ms
[227.762s][info][gc,phases,start] GC(385) Phase 2: Compute new object addresses
[227.828s][info][gc,phases      ] GC(385) Phase 2: Compute new object addresses 65.980ms
[227.828s][info][gc,phases,start] GC(385) Phase 3: Adjust pointers
[227.833s][info][gc,phases      ] GC(385) Phase 3: Adjust pointers 4.395ms
[227.833s][info][gc,phases,start] GC(385) Phase 4: Move objects
[227.833s][info][gc,phases      ] GC(385) Phase 4: Move objects 0.193ms
[227.834s][info][gc,heap        ] GC(385) ParNew: 220631K->0K(460096K)
[227.834s][info][gc,heap        ] GC(385) CMS: 63502K->5077K(1585984K)
[227.834s][info][gc,metaspace   ] GC(385) Metaspace: 23805K(24832K)->23805K(24832K) NonClass: 20880K(21504K)->20880K(21504K) Class: 2925K(3328K)->2925K(3328K)
[227.835s][info][gc             ] GC(385) Pause Full (System.gc()) 277M->4M(1998M) 79.604ms
[227.835s][info][gc,cpu         ] GC(385) User=0.08s Sys=0.00s Real=0.08s
[229.717s][info][gc,start       ] GC(386) Pause Young (Allocation Failure)
[229.717s][info][gc,task        ] GC(386) Using 6 workers of 6 for evacuation
[229.735s][info][gc,heap        ] GC(386) ParNew: 409024K->26732K(460096K)
[229.735s][info][gc,heap        ] GC(386) CMS: 5077K->5077K(1585984K)
[229.735s][info][gc,metaspace   ] GC(386) Metaspace: 23805K(24832K)->23805K(24832K) NonClass: 20880K(21504K)->20880K(21504K) Class: 2925K(3328K)->2925K(3328K)
[229.735s][info][gc             ] GC(386) Pause Young (Allocation Failure) 404M->31M(1998M) 18.089ms
[229.735s][info][gc,cpu         ] GC(386) User=0.08s Sys=0.00s Real=0.01s
[229.818s][info][gc,start       ] GC(387) Pause Young (Allocation Failure)
[229.819s][info][gc,task        ] GC(387) Using 6 workers of 6 for evacuation
[229.835s][info][gc,heap        ] GC(387) ParNew: 435756K->0K(460096K)
[229.836s][info][gc,heap        ] GC(387) CMS: 5077K->36356K(1585984K)
[229.836s][info][gc,metaspace   ] GC(387) Metaspace: 23805K(24832K)->23805K(24832K) NonClass: 20880K(21504K)->20880K(21504K) Class: 2925K(3328K)->2925K(3328K)
[229.836s][info][gc             ] GC(387) Pause Young (Allocation Failure) 430M->35M(1998M) 17.088ms
[229.836s][info][gc,cpu         ] GC(387) User=0.02s Sys=0.00s Real=0.02s
[229.918s][info][gc,start       ] GC(388) Pause Young (Allocation Failure)
[229.918s][info][gc,task        ] GC(388) Using 6 workers of 6 for evacuation
[229.921s][info][gc,heap        ] GC(388) ParNew: 409024K->0K(460096K)
[229.921s][info][gc,heap        ] GC(388) CMS: 36356K->36356K(1585984K)
[229.921s][info][gc,metaspace   ] GC(388) Metaspace: 23805K(24832K)->23805K(24832K) NonClass: 20880K(21504K)->20880K(21504K) Class: 2925K(3328K)->2925K(3328K)
[229.921s][info][gc             ] GC(388) Pause Young (Allocation Failure) 434M->35M(1998M) 3.094ms
[229.921s][info][gc,cpu         ] GC(388) User=0.00s Sys=0.00s Real=0.00s
[231.815s][info][gc,start       ] GC(389) Pause Young (Allocation Failure)
[231.815s][info][gc,task        ] GC(389) Using 6 workers of 6 for evacuation
[231.834s][info][gc,heap        ] GC(389) ParNew: 409024K->27081K(460096K)
[231.834s][info][gc,heap        ] GC(389) CMS: 36356K->36356K(1585984K)
[231.834s][info][gc,metaspace   ] GC(389) Metaspace: 23805K(24832K)->23805K(24832K) NonClass: 20880K(21504K)->20880K(21504K) Class: 2925K(3328K)->2925K(3328K)
[231.834s][info][gc             ] GC(389) Pause Young (Allocation Failure) 434M->61M(1998M) 18.420ms
[231.834s][info][gc,cpu         ] GC(389) User=0.08s Sys=0.00s Real=0.01s
[231.917s][info][gc,start       ] GC(390) Pause Young (Allocation Failure)
[231.917s][info][gc,task        ] GC(390) Using 6 workers of 6 for evacuation
[231.932s][info][gc,heap        ] GC(390) ParNew: 436105K->0K(460096K)
[231.932s][info][gc,heap        ] GC(390) CMS: 36356K->63346K(1585984K)
[231.932s][info][gc,metaspace   ] GC(390) Metaspace: 23805K(24832K)->23805K(24832K) NonClass: 20880K(21504K)->20880K(21504K) Class: 2925K(3328K)->2925K(3328K)
[231.932s][info][gc             ] GC(390) Pause Young (Allocation Failure) 461M->61M(1998M) 15.390ms
[231.932s][info][gc,cpu         ] GC(390) User=0.00s Sys=0.00s Real=0.01s
[232.015s][info][gc,start       ] GC(391) Pause Young (Allocation Failure)
[232.015s][info][gc,task        ] GC(391) Using 6 workers of 6 for evacuation
[232.018s][info][gc,heap        ] GC(391) ParNew: 409024K->0K(460096K)
[232.018s][info][gc,heap        ] GC(391) CMS: 63346K->63346K(1585984K)
[232.018s][info][gc,metaspace   ] GC(391) Metaspace: 23805K(24832K)->23805K(24832K) NonClass: 20880K(21504K)->20880K(21504K) Class: 2925K(3328K)->2925K(3328K)
[232.018s][info][gc             ] GC(391) Pause Young (Allocation Failure) 461M->61M(1998M) 2.823ms
[232.018s][info][gc,cpu         ] GC(391) User=0.00s Sys=0.00s Real=0.00s
[232.076s][info][gc,start       ] GC(392) Pause Full (System.gc())
[232.077s][info][gc,phases,start] GC(392) Phase 1: Mark live objects
[232.083s][info][gc,phases      ] GC(392) Phase 1: Mark live objects 6.901ms
[232.083s][info][gc,phases,start] GC(392) Phase 2: Compute new object addresses
[232.151s][info][gc,phases      ] GC(392) Phase 2: Compute new object addresses 67.269ms
[232.151s][info][gc,phases,start] GC(392) Phase 3: Adjust pointers
[232.155s][info][gc,phases      ] GC(392) Phase 3: Adjust pointers 4.411ms
[232.155s][info][gc,phases,start] GC(392) Phase 4: Move objects
[232.155s][info][gc,phases      ] GC(392) Phase 4: Move objects 0.193ms
[232.157s][info][gc,heap        ] GC(392) ParNew: 220631K->0K(460096K)
[232.157s][info][gc,heap        ] GC(392) CMS: 63346K->5077K(1585984K)
[232.157s][info][gc,metaspace   ] GC(392) Metaspace: 23805K(24832K)->23805K(24832K) NonClass: 20880K(21504K)->20880K(21504K) Class: 2925K(3328K)->2925K(3328K)
[232.157s][info][gc             ] GC(392) Pause Full (System.gc()) 277M->4M(1998M) 80.936ms
[232.157s][info][gc,cpu         ] GC(392) User=0.08s Sys=0.00s Real=0.10s
[234.042s][info][gc,start       ] GC(393) Pause Young (Allocation Failure)
[234.042s][info][gc,task        ] GC(393) Using 6 workers of 6 for evacuation
[234.059s][info][gc,heap        ] GC(393) ParNew: 409024K->26812K(460096K)
[234.059s][info][gc,heap        ] GC(393) CMS: 5077K->5077K(1585984K)
[234.059s][info][gc,metaspace   ] GC(393) Metaspace: 23805K(24832K)->23805K(24832K) NonClass: 20880K(21504K)->20880K(21504K) Class: 2925K(3328K)->2925K(3328K)
[234.059s][info][gc             ] GC(393) Pause Young (Allocation Failure) 404M->31M(1998M) 17.581ms
[234.059s][info][gc,cpu         ] GC(393) User=0.09s Sys=0.00s Real=0.03s
[234.142s][info][gc,start       ] GC(394) Pause Young (Allocation Failure)
[234.142s][info][gc,task        ] GC(394) Using 6 workers of 6 for evacuation
[234.158s][info][gc,heap        ] GC(394) ParNew: 435836K->0K(460096K)
[234.159s][info][gc,heap        ] GC(394) CMS: 5077K->36355K(1585984K)
[234.159s][info][gc,metaspace   ] GC(394) Metaspace: 23805K(24832K)->23805K(24832K) NonClass: 20880K(21504K)->20880K(21504K) Class: 2925K(3328K)->2925K(3328K)
[234.159s][info][gc             ] GC(394) Pause Young (Allocation Failure) 430M->35M(1998M) 16.339ms
[234.159s][info][gc,cpu         ] GC(394) User=0.02s Sys=0.00s Real=0.02s
[234.241s][info][gc,start       ] GC(395) Pause Young (Allocation Failure)
[234.241s][info][gc,task        ] GC(395) Using 6 workers of 6 for evacuation
[234.244s][info][gc,heap        ] GC(395) ParNew: 409024K->0K(460096K)
[234.244s][info][gc,heap        ] GC(395) CMS: 36355K->36355K(1585984K)
[234.244s][info][gc,metaspace   ] GC(395) Metaspace: 23805K(24832K)->23805K(24832K) NonClass: 20880K(21504K)->20880K(21504K) Class: 2925K(3328K)->2925K(3328K)
[234.244s][info][gc             ] GC(395) Pause Young (Allocation Failure) 434M->35M(1998M) 2.734ms
[234.244s][info][gc,cpu         ] GC(395) User=0.00s Sys=0.00s Real=0.00s
[236.138s][info][gc,start       ] GC(396) Pause Young (Allocation Failure)
[236.138s][info][gc,task        ] GC(396) Using 6 workers of 6 for evacuation
[236.156s][info][gc,heap        ] GC(396) ParNew: 409024K->27398K(460096K)
[236.156s][info][gc,heap        ] GC(396) CMS: 36355K->36355K(1585984K)
[236.156s][info][gc,metaspace   ] GC(396) Metaspace: 23805K(24832K)->23805K(24832K) NonClass: 20880K(21504K)->20880K(21504K) Class: 2925K(3328K)->2925K(3328K)
[236.156s][info][gc             ] GC(396) Pause Young (Allocation Failure) 434M->62M(1998M) 17.973ms
[236.156s][info][gc,cpu         ] GC(396) User=0.08s Sys=0.00s Real=0.02s
[236.239s][info][gc,start       ] GC(397) Pause Young (Allocation Failure)
[236.239s][info][gc,task        ] GC(397) Using 6 workers of 6 for evacuation
[236.256s][info][gc,heap        ] GC(397) ParNew: 436422K->0K(460096K)
[236.256s][info][gc,heap        ] GC(397) CMS: 36355K->63525K(1585984K)
[236.256s][info][gc,metaspace   ] GC(397) Metaspace: 23805K(24832K)->23805K(24832K) NonClass: 20880K(21504K)->20880K(21504K) Class: 2925K(3328K)->2925K(3328K)
[236.257s][info][gc             ] GC(397) Pause Young (Allocation Failure) 461M->62M(1998M) 17.430ms
[236.257s][info][gc,cpu         ] GC(397) User=0.02s Sys=0.00s Real=0.03s
[236.340s][info][gc,start       ] GC(398) Pause Young (Allocation Failure)
[236.340s][info][gc,task        ] GC(398) Using 6 workers of 6 for evacuation
[236.343s][info][gc,heap        ] GC(398) ParNew: 409024K->0K(460096K)
[236.343s][info][gc,heap        ] GC(398) CMS: 63525K->63525K(1585984K)
[236.343s][info][gc,metaspace   ] GC(398) Metaspace: 23805K(24832K)->23805K(24832K) NonClass: 20880K(21504K)->20880K(21504K) Class: 2925K(3328K)->2925K(3328K)
[236.343s][info][gc             ] GC(398) Pause Young (Allocation Failure) 461M->62M(1998M) 2.738ms
[236.343s][info][gc,cpu         ] GC(398) User=0.00s Sys=0.00s Real=0.00s
[236.401s][info][gc,start       ] GC(399) Pause Full (System.gc())
[236.401s][info][gc,phases,start] GC(399) Phase 1: Mark live objects
[236.408s][info][gc,phases      ] GC(399) Phase 1: Mark live objects 6.638ms
[236.408s][info][gc,phases,start] GC(399) Phase 2: Compute new object addresses
[236.474s][info][gc,phases      ] GC(399) Phase 2: Compute new object addresses 66.379ms
[236.474s][info][gc,phases,start] GC(399) Phase 3: Adjust pointers
[236.479s][info][gc,phases      ] GC(399) Phase 3: Adjust pointers 4.453ms
[236.479s][info][gc,phases,start] GC(399) Phase 4: Move objects
[236.479s][info][gc,phases      ] GC(399) Phase 4: Move objects 0.190ms
[236.480s][info][gc,heap        ] GC(399) ParNew: 220631K->0K(460096K)
[236.480s][info][gc,heap        ] GC(399) CMS: 63525K->5077K(1585984K)
[236.480s][info][gc,metaspace   ] GC(399) Metaspace: 23809K(24832K)->23809K(24832K) NonClass: 20883K(21504K)->20883K(21504K) Class: 2925K(3328K)->2925K(3328K)
[236.481s][info][gc             ] GC(399) Pause Full (System.gc()) 277M->4M(1998M) 79.632ms
[236.481s][info][gc,cpu         ] GC(399) User=0.08s Sys=0.00s Real=0.08s
[238.363s][info][gc,start       ] GC(400) Pause Young (Allocation Failure)
[238.363s][info][gc,task        ] GC(400) Using 6 workers of 6 for evacuation
[238.381s][info][gc,heap        ] GC(400) ParNew: 409024K->26769K(460096K)
[238.381s][info][gc,heap        ] GC(400) CMS: 5077K->5077K(1585984K)
[238.381s][info][gc,metaspace   ] GC(400) Metaspace: 23815K(24832K)->23815K(24832K) NonClass: 20890K(21504K)->20890K(21504K) Class: 2925K(3328K)->2925K(3328K)
[238.381s][info][gc             ] GC(400) Pause Young (Allocation Failure) 404M->31M(1998M) 18.178ms
[238.381s][info][gc,cpu         ] GC(400) User=0.08s Sys=0.00s Real=0.02s
[238.465s][info][gc,start       ] GC(401) Pause Young (Allocation Failure)
[238.465s][info][gc,task        ] GC(401) Using 6 workers of 6 for evacuation
[238.481s][info][gc,heap        ] GC(401) ParNew: 435793K->0K(460096K)
[238.481s][info][gc,heap        ] GC(401) CMS: 5077K->36358K(1585984K)
[238.481s][info][gc,metaspace   ] GC(401) Metaspace: 23815K(24832K)->23815K(24832K) NonClass: 20890K(21504K)->20890K(21504K) Class: 2925K(3328K)->2925K(3328K)
[238.481s][info][gc             ] GC(401) Pause Young (Allocation Failure) 430M->35M(1998M) 16.245ms
[238.481s][info][gc,cpu         ] GC(401) User=0.02s Sys=0.00s Real=0.02s
[238.564s][info][gc,start       ] GC(402) Pause Young (Allocation Failure)
[238.564s][info][gc,task        ] GC(402) Using 6 workers of 6 for evacuation
[238.566s][info][gc,heap        ] GC(402) ParNew: 409024K->0K(460096K)
[238.566s][info][gc,heap        ] GC(402) CMS: 36358K->36358K(1585984K)
[238.566s][info][gc,metaspace   ] GC(402) Metaspace: 23815K(24832K)->23815K(24832K) NonClass: 20890K(21504K)->20890K(21504K) Class: 2925K(3328K)->2925K(3328K)
[238.566s][info][gc             ] GC(402) Pause Young (Allocation Failure) 434M->35M(1998M) 2.591ms
[238.566s][info][gc,cpu         ] GC(402) User=0.00s Sys=0.00s Real=0.00s
[240.469s][info][gc,start       ] GC(403) Pause Young (Allocation Failure)
[240.469s][info][gc,task        ] GC(403) Using 6 workers of 6 for evacuation
[240.487s][info][gc,heap        ] GC(403) ParNew: 409024K->27181K(460096K)
[240.487s][info][gc,heap        ] GC(403) CMS: 36358K->36358K(1585984K)
[240.487s][info][gc,metaspace   ] GC(403) Metaspace: 23815K(24832K)->23815K(24832K) NonClass: 20890K(21504K)->20890K(21504K) Class: 2925K(3328K)->2925K(3328K)
[240.487s][info][gc             ] GC(403) Pause Young (Allocation Failure) 434M->62M(1998M) 18.210ms
[240.487s][info][gc,cpu         ] GC(403) User=0.03s Sys=0.00s Real=0.02s
[240.570s][info][gc,start       ] GC(404) Pause Young (Allocation Failure)
[240.570s][info][gc,task        ] GC(404) Using 6 workers of 6 for evacuation
[240.587s][info][gc,heap        ] GC(404) ParNew: 436205K->0K(460096K)
[240.587s][info][gc,heap        ] GC(404) CMS: 36358K->63170K(1585984K)
[240.587s][info][gc,metaspace   ] GC(404) Metaspace: 23815K(24832K)->23815K(24832K) NonClass: 20890K(21504K)->20890K(21504K) Class: 2925K(3328K)->2925K(3328K)
[240.587s][info][gc             ] GC(404) Pause Young (Allocation Failure) 461M->61M(1998M) 16.856ms
[240.587s][info][gc,cpu         ] GC(404) User=0.02s Sys=0.00s Real=0.01s
[240.670s][info][gc,start       ] GC(405) Pause Young (Allocation Failure)
[240.670s][info][gc,task        ] GC(405) Using 6 workers of 6 for evacuation
[240.672s][info][gc,heap        ] GC(405) ParNew: 409024K->0K(460096K)
[240.672s][info][gc,heap        ] GC(405) CMS: 63170K->63170K(1585984K)
[240.672s][info][gc,metaspace   ] GC(405) Metaspace: 23815K(24832K)->23815K(24832K) NonClass: 20890K(21504K)->20890K(21504K) Class: 2925K(3328K)->2925K(3328K)
[240.672s][info][gc             ] GC(405) Pause Young (Allocation Failure) 461M->61M(1998M) 2.457ms
[240.672s][info][gc,cpu         ] GC(405) User=0.00s Sys=0.00s Real=0.00s
[240.730s][info][gc,start       ] GC(406) Pause Full (System.gc())
[240.730s][info][gc,phases,start] GC(406) Phase 1: Mark live objects
[240.737s][info][gc,phases      ] GC(406) Phase 1: Mark live objects 6.914ms
[240.737s][info][gc,phases,start] GC(406) Phase 2: Compute new object addresses
[240.804s][info][gc,phases      ] GC(406) Phase 2: Compute new object addresses 66.635ms
[240.804s][info][gc,phases,start] GC(406) Phase 3: Adjust pointers
[240.809s][info][gc,phases      ] GC(406) Phase 3: Adjust pointers 4.473ms
[240.809s][info][gc,phases,start] GC(406) Phase 4: Move objects
[240.809s][info][gc,phases      ] GC(406) Phase 4: Move objects 0.201ms
[240.810s][info][gc,heap        ] GC(406) ParNew: 220625K->0K(460096K)
[240.810s][info][gc,heap        ] GC(406) CMS: 63170K->5077K(1585984K)
[240.810s][info][gc,metaspace   ] GC(406) Metaspace: 23815K(24832K)->23815K(24832K) NonClass: 20890K(21504K)->20890K(21504K) Class: 2925K(3328K)->2925K(3328K)
[240.810s][info][gc             ] GC(406) Pause Full (System.gc()) 277M->4M(1998M) 80.204ms
[240.810s][info][gc,cpu         ] GC(406) User=0.06s Sys=0.00s Real=0.08s
[242.693s][info][gc,start       ] GC(407) Pause Young (Allocation Failure)
[242.693s][info][gc,task        ] GC(407) Using 6 workers of 6 for evacuation
[242.710s][info][gc,heap        ] GC(407) ParNew: 409024K->26629K(460096K)
[242.710s][info][gc,heap        ] GC(407) CMS: 5077K->5077K(1585984K)
[242.710s][info][gc,metaspace   ] GC(407) Metaspace: 23818K(24832K)->23818K(24832K) NonClass: 20893K(21504K)->20893K(21504K) Class: 2925K(3328K)->2925K(3328K)
[242.710s][info][gc             ] GC(407) Pause Young (Allocation Failure) 404M->30M(1998M) 17.863ms
[242.711s][info][gc,cpu         ] GC(407) User=0.08s Sys=0.00s Real=0.03s
[242.794s][info][gc,start       ] GC(408) Pause Young (Allocation Failure)
[242.794s][info][gc,task        ] GC(408) Using 6 workers of 6 for evacuation
[242.810s][info][gc,heap        ] GC(408) ParNew: 435653K->0K(460096K)
[242.810s][info][gc,heap        ] GC(408) CMS: 5077K->36351K(1585984K)
[242.811s][info][gc,metaspace   ] GC(408) Metaspace: 23818K(24832K)->23818K(24832K) NonClass: 20893K(21504K)->20893K(21504K) Class: 2925K(3328K)->2925K(3328K)
[242.811s][info][gc             ] GC(408) Pause Young (Allocation Failure) 430M->35M(1998M) 16.800ms
[242.811s][info][gc,cpu         ] GC(408) User=0.02s Sys=0.00s Real=0.02s
[242.893s][info][gc,start       ] GC(409) Pause Young (Allocation Failure)
[242.893s][info][gc,task        ] GC(409) Using 6 workers of 6 for evacuation
[242.896s][info][gc,heap        ] GC(409) ParNew: 409024K->0K(460096K)
[242.896s][info][gc,heap        ] GC(409) CMS: 36351K->36351K(1585984K)
[242.896s][info][gc,metaspace   ] GC(409) Metaspace: 23818K(24832K)->23818K(24832K) NonClass: 20893K(21504K)->20893K(21504K) Class: 2925K(3328K)->2925K(3328K)
[242.896s][info][gc             ] GC(409) Pause Young (Allocation Failure) 434M->35M(1998M) 2.823ms
[242.896s][info][gc,cpu         ] GC(409) User=0.00s Sys=0.00s Real=0.00s
[244.791s][info][gc,start       ] GC(410) Pause Young (Allocation Failure)
[244.791s][info][gc,task        ] GC(410) Using 6 workers of 6 for evacuation
[244.808s][info][gc,heap        ] GC(410) ParNew: 409024K->27260K(460096K)
[244.808s][info][gc,heap        ] GC(410) CMS: 36351K->36351K(1585984K)
[244.808s][info][gc,metaspace   ] GC(410) Metaspace: 23818K(24832K)->23818K(24832K) NonClass: 20893K(21504K)->20893K(21504K) Class: 2925K(3328K)->2925K(3328K)
[244.809s][info][gc             ] GC(410) Pause Young (Allocation Failure) 434M->62M(1998M) 17.968ms
[244.809s][info][gc,cpu         ] GC(410) User=0.08s Sys=0.00s Real=0.02s
[244.891s][info][gc,start       ] GC(411) Pause Young (Allocation Failure)
[244.891s][info][gc,task        ] GC(411) Using 6 workers of 6 for evacuation
[244.907s][info][gc,heap        ] GC(411) ParNew: 436284K->0K(460096K)
[244.907s][info][gc,heap        ] GC(411) CMS: 36351K->63413K(1585984K)
[244.907s][info][gc,metaspace   ] GC(411) Metaspace: 23818K(24832K)->23818K(24832K) NonClass: 20893K(21504K)->20893K(21504K) Class: 2925K(3328K)->2925K(3328K)
[244.907s][info][gc             ] GC(411) Pause Young (Allocation Failure) 461M->61M(1998M) 15.802ms
[244.907s][info][gc,cpu         ] GC(411) User=0.00s Sys=0.00s Real=0.02s
[244.990s][info][gc,start       ] GC(412) Pause Young (Allocation Failure)
[244.990s][info][gc,task        ] GC(412) Using 6 workers of 6 for evacuation
[244.993s][info][gc,heap        ] GC(412) ParNew: 409024K->0K(460096K)
[244.993s][info][gc,heap        ] GC(412) CMS: 63413K->63413K(1585984K)
[244.993s][info][gc,metaspace   ] GC(412) Metaspace: 23818K(24832K)->23818K(24832K) NonClass: 20893K(21504K)->20893K(21504K) Class: 2925K(3328K)->2925K(3328K)
[244.993s][info][gc             ] GC(412) Pause Young (Allocation Failure) 461M->61M(1998M) 2.836ms
[244.993s][info][gc,cpu         ] GC(412) User=0.00s Sys=0.00s Real=0.00s
[245.051s][info][gc,start       ] GC(413) Pause Full (System.gc())
[245.051s][info][gc,phases,start] GC(413) Phase 1: Mark live objects
[245.058s][info][gc,phases      ] GC(413) Phase 1: Mark live objects 6.740ms
[245.058s][info][gc,phases,start] GC(413) Phase 2: Compute new object addresses
[245.125s][info][gc,phases      ] GC(413) Phase 2: Compute new object addresses 66.728ms
[245.125s][info][gc,phases,start] GC(413) Phase 3: Adjust pointers
[245.129s][info][gc,phases      ] GC(413) Phase 3: Adjust pointers 4.478ms
[245.129s][info][gc,phases,start] GC(413) Phase 4: Move objects
[245.129s][info][gc,phases      ] GC(413) Phase 4: Move objects 0.190ms
[245.131s][info][gc,heap        ] GC(413) ParNew: 220631K->0K(460096K)
[245.131s][info][gc,heap        ] GC(413) CMS: 63413K->5077K(1585984K)
[245.131s][info][gc,metaspace   ] GC(413) Metaspace: 23818K(24832K)->23818K(24832K) NonClass: 20893K(21504K)->20893K(21504K) Class: 2925K(3328K)->2925K(3328K)
[245.131s][info][gc             ] GC(413) Pause Full (System.gc()) 277M->4M(1998M) 80.104ms
[245.131s][info][gc,cpu         ] GC(413) User=0.06s Sys=0.00s Real=0.08s
[247.015s][info][gc,start       ] GC(414) Pause Young (Allocation Failure)
[247.015s][info][gc,task        ] GC(414) Using 6 workers of 6 for evacuation
[247.033s][info][gc,heap        ] GC(414) ParNew: 409024K->26422K(460096K)
[247.033s][info][gc,heap        ] GC(414) CMS: 5077K->5077K(1585984K)
[247.033s][info][gc,metaspace   ] GC(414) Metaspace: 23818K(24832K)->23818K(24832K) NonClass: 20893K(21504K)->20893K(21504K) Class: 2925K(3328K)->2925K(3328K)
[247.034s][info][gc             ] GC(414) Pause Young (Allocation Failure) 404M->30M(1998M) 18.463ms
[247.034s][info][gc,cpu         ] GC(414) User=0.09s Sys=0.00s Real=0.01s
[247.117s][info][gc,start       ] GC(415) Pause Young (Allocation Failure)
[247.117s][info][gc,task        ] GC(415) Using 6 workers of 6 for evacuation
[247.133s][info][gc,heap        ] GC(415) ParNew: 435446K->0K(460096K)
[247.133s][info][gc,heap        ] GC(415) CMS: 5077K->36352K(1585984K)
[247.133s][info][gc,metaspace   ] GC(415) Metaspace: 23818K(24832K)->23818K(24832K) NonClass: 20893K(21504K)->20893K(21504K) Class: 2925K(3328K)->2925K(3328K)
[247.133s][info][gc             ] GC(415) Pause Young (Allocation Failure) 430M->35M(1998M) 16.482ms
[247.133s][info][gc,cpu         ] GC(415) User=0.02s Sys=0.00s Real=0.02s
[247.215s][info][gc,start       ] GC(416) Pause Young (Allocation Failure)
[247.215s][info][gc,task        ] GC(416) Using 6 workers of 6 for evacuation
[247.218s][info][gc,heap        ] GC(416) ParNew: 409024K->0K(460096K)
[247.218s][info][gc,heap        ] GC(416) CMS: 36352K->36352K(1585984K)
[247.218s][info][gc,metaspace   ] GC(416) Metaspace: 23818K(24832K)->23818K(24832K) NonClass: 20893K(21504K)->20893K(21504K) Class: 2925K(3328K)->2925K(3328K)
[247.218s][info][gc             ] GC(416) Pause Young (Allocation Failure) 434M->35M(1998M) 3.034ms
[247.218s][info][gc,cpu         ] GC(416) User=0.00s Sys=0.00s Real=0.02s
[249.111s][info][gc,start       ] GC(417) Pause Young (Allocation Failure)
[249.111s][info][gc,task        ] GC(417) Using 6 workers of 6 for evacuation
[249.129s][info][gc,heap        ] GC(417) ParNew: 409024K->27248K(460096K)
[249.129s][info][gc,heap        ] GC(417) CMS: 36352K->36352K(1585984K)
[249.129s][info][gc,metaspace   ] GC(417) Metaspace: 23818K(24832K)->23818K(24832K) NonClass: 20893K(21504K)->20893K(21504K) Class: 2925K(3328K)->2925K(3328K)
[249.129s][info][gc             ] GC(417) Pause Young (Allocation Failure) 434M->62M(1998M) 18.194ms
[249.129s][info][gc,cpu         ] GC(417) User=0.08s Sys=0.00s Real=0.02s
[249.212s][info][gc,start       ] GC(418) Pause Young (Allocation Failure)
[249.212s][info][gc,task        ] GC(418) Using 6 workers of 6 for evacuation
[249.227s][info][gc,heap        ] GC(418) ParNew: 436272K->0K(460096K)
[249.227s][info][gc,heap        ] GC(418) CMS: 36352K->63230K(1585984K)
[249.227s][info][gc,metaspace   ] GC(418) Metaspace: 23818K(24832K)->23818K(24832K) NonClass: 20893K(21504K)->20893K(21504K) Class: 2925K(3328K)->2925K(3328K)
[249.227s][info][gc             ] GC(418) Pause Young (Allocation Failure) 461M->61M(1998M) 15.572ms
[249.227s][info][gc,cpu         ] GC(418) User=0.02s Sys=0.00s Real=0.02s
[249.310s][info][gc,start       ] GC(419) Pause Young (Allocation Failure)
[249.310s][info][gc,task        ] GC(419) Using 6 workers of 6 for evacuation
[249.313s][info][gc,heap        ] GC(419) ParNew: 409024K->0K(460096K)
[249.313s][info][gc,heap        ] GC(419) CMS: 63230K->63230K(1585984K)
[249.313s][info][gc,metaspace   ] GC(419) Metaspace: 23818K(24832K)->23818K(24832K) NonClass: 20893K(21504K)->20893K(21504K) Class: 2925K(3328K)->2925K(3328K)
[249.313s][info][gc             ] GC(419) Pause Young (Allocation Failure) 461M->61M(1998M) 2.781ms
[249.313s][info][gc,cpu         ] GC(419) User=0.00s Sys=0.00s Real=0.00s
[249.371s][info][gc,start       ] GC(420) Pause Full (System.gc())
[249.371s][info][gc,phases,start] GC(420) Phase 1: Mark live objects
[249.378s][info][gc,phases      ] GC(420) Phase 1: Mark live objects 6.895ms
[249.378s][info][gc,phases,start] GC(420) Phase 2: Compute new object addresses
[249.446s][info][gc,phases      ] GC(420) Phase 2: Compute new object addresses 67.342ms
[249.446s][info][gc,phases,start] GC(420) Phase 3: Adjust pointers
[249.450s][info][gc,phases      ] GC(420) Phase 3: Adjust pointers 4.429ms
[249.450s][info][gc,phases,start] GC(420) Phase 4: Move objects
[249.450s][info][gc,phases      ] GC(420) Phase 4: Move objects 0.194ms
[249.452s][info][gc,heap        ] GC(420) ParNew: 220631K->0K(460096K)
[249.452s][info][gc,heap        ] GC(420) CMS: 63230K->5077K(1585984K)
[249.452s][info][gc,metaspace   ] GC(420) Metaspace: 23818K(24832K)->23818K(24832K) NonClass: 20893K(21504K)->20893K(21504K) Class: 2925K(3328K)->2925K(3328K)
[249.452s][info][gc             ] GC(420) Pause Full (System.gc()) 277M->4M(1998M) 80.814ms
[249.452s][info][gc,cpu         ] GC(420) User=0.08s Sys=0.00s Real=0.08s
[251.335s][info][gc,start       ] GC(421) Pause Young (Allocation Failure)
[251.335s][info][gc,task        ] GC(421) Using 6 workers of 6 for evacuation
[251.353s][info][gc,heap        ] GC(421) ParNew: 409024K->26983K(460096K)
[251.353s][info][gc,heap        ] GC(421) CMS: 5077K->5077K(1585984K)
[251.353s][info][gc,metaspace   ] GC(421) Metaspace: 23818K(24832K)->23818K(24832K) NonClass: 20893K(21504K)->20893K(21504K) Class: 2925K(3328K)->2925K(3328K)
[251.353s][info][gc             ] GC(421) Pause Young (Allocation Failure) 404M->31M(1998M) 18.195ms
[251.354s][info][gc,cpu         ] GC(421) User=0.08s Sys=0.00s Real=0.02s
[251.437s][info][gc,start       ] GC(422) Pause Young (Allocation Failure)
[251.437s][info][gc,task        ] GC(422) Using 6 workers of 6 for evacuation
[251.453s][info][gc,heap        ] GC(422) ParNew: 436007K->0K(460096K)
[251.453s][info][gc,heap        ] GC(422) CMS: 5077K->36353K(1585984K)
[251.453s][info][gc,metaspace   ] GC(422) Metaspace: 23818K(24832K)->23818K(24832K) NonClass: 20893K(21504K)->20893K(21504K) Class: 2925K(3328K)->2925K(3328K)
[251.453s][info][gc             ] GC(422) Pause Young (Allocation Failure) 430M->35M(1998M) 16.699ms
[251.453s][info][gc,cpu         ] GC(422) User=0.03s Sys=0.00s Real=0.02s
[251.536s][info][gc,start       ] GC(423) Pause Young (Allocation Failure)
[251.536s][info][gc,task        ] GC(423) Using 6 workers of 6 for evacuation
[251.538s][info][gc,heap        ] GC(423) ParNew: 409024K->0K(460096K)
[251.538s][info][gc,heap        ] GC(423) CMS: 36353K->36353K(1585984K)
[251.538s][info][gc,metaspace   ] GC(423) Metaspace: 23818K(24832K)->23818K(24832K) NonClass: 20893K(21504K)->20893K(21504K) Class: 2925K(3328K)->2925K(3328K)
[251.538s][info][gc             ] GC(423) Pause Young (Allocation Failure) 434M->35M(1998M) 2.509ms
[251.538s][info][gc,cpu         ] GC(423) User=0.00s Sys=0.00s Real=0.00s
[253.432s][info][gc,start       ] GC(424) Pause Young (Allocation Failure)
[253.432s][info][gc,task        ] GC(424) Using 6 workers of 6 for evacuation
[253.450s][info][gc,heap        ] GC(424) ParNew: 409024K->27179K(460096K)
[253.450s][info][gc,heap        ] GC(424) CMS: 36353K->36353K(1585984K)
[253.450s][info][gc,metaspace   ] GC(424) Metaspace: 23818K(24832K)->23818K(24832K) NonClass: 20893K(21504K)->20893K(21504K) Class: 2925K(3328K)->2925K(3328K)
[253.450s][info][gc             ] GC(424) Pause Young (Allocation Failure) 434M->62M(1998M) 18.764ms
[253.450s][info][gc,cpu         ] GC(424) User=0.09s Sys=0.00s Real=0.03s
[253.533s][info][gc,start       ] GC(425) Pause Young (Allocation Failure)
[253.533s][info][gc,task        ] GC(425) Using 6 workers of 6 for evacuation
[253.550s][info][gc,heap        ] GC(425) ParNew: 436203K->0K(460096K)
[253.550s][info][gc,heap        ] GC(425) CMS: 36353K->63080K(1585984K)
[253.550s][info][gc,metaspace   ] GC(425) Metaspace: 23818K(24832K)->23818K(24832K) NonClass: 20893K(21504K)->20893K(21504K) Class: 2925K(3328K)->2925K(3328K)
[253.550s][info][gc             ] GC(425) Pause Young (Allocation Failure) 461M->61M(1998M) 16.859ms
[253.550s][info][gc,cpu         ] GC(425) User=0.02s Sys=0.00s Real=0.02s
[253.633s][info][gc,start       ] GC(426) Pause Young (Allocation Failure)
[253.634s][info][gc,task        ] GC(426) Using 6 workers of 6 for evacuation
[253.636s][info][gc,heap        ] GC(426) ParNew: 409024K->0K(460096K)
[253.636s][info][gc,heap        ] GC(426) CMS: 63080K->63080K(1585984K)
[253.636s][info][gc,metaspace   ] GC(426) Metaspace: 23818K(24832K)->23818K(24832K) NonClass: 20893K(21504K)->20893K(21504K) Class: 2925K(3328K)->2925K(3328K)
[253.636s][info][gc             ] GC(426) Pause Young (Allocation Failure) 461M->61M(1998M) 2.643ms
[253.636s][info][gc,cpu         ] GC(426) User=0.00s Sys=0.00s Real=0.00s
[253.695s][info][gc,start       ] GC(427) Pause Full (System.gc())
[253.695s][info][gc,phases,start] GC(427) Phase 1: Mark live objects
[253.701s][info][gc,phases      ] GC(427) Phase 1: Mark live objects 6.671ms
[253.702s][info][gc,phases,start] GC(427) Phase 2: Compute new object addresses
[253.768s][info][gc,phases      ] GC(427) Phase 2: Compute new object addresses 65.973ms
[253.768s][info][gc,phases,start] GC(427) Phase 3: Adjust pointers
[253.772s][info][gc,phases      ] GC(427) Phase 3: Adjust pointers 4.408ms
[253.772s][info][gc,phases,start] GC(427) Phase 4: Move objects
[253.772s][info][gc,phases      ] GC(427) Phase 4: Move objects 0.191ms
[253.773s][info][gc,heap        ] GC(427) ParNew: 220631K->0K(460096K)
[253.774s][info][gc,heap        ] GC(427) CMS: 63080K->5077K(1585984K)
[253.774s][info][gc,metaspace   ] GC(427) Metaspace: 23818K(24832K)->23818K(24832K) NonClass: 20893K(21504K)->20893K(21504K) Class: 2925K(3328K)->2925K(3328K)
[253.774s][info][gc             ] GC(427) Pause Full (System.gc()) 277M->4M(1998M) 79.220ms
[253.774s][info][gc,cpu         ] GC(427) User=0.08s Sys=0.00s Real=0.08s
[255.657s][info][gc,start       ] GC(428) Pause Young (Allocation Failure)
[255.657s][info][gc,task        ] GC(428) Using 6 workers of 6 for evacuation
[255.675s][info][gc,heap        ] GC(428) ParNew: 409024K->26558K(460096K)
[255.675s][info][gc,heap        ] GC(428) CMS: 5077K->5077K(1585984K)
[255.675s][info][gc,metaspace   ] GC(428) Metaspace: 23818K(24832K)->23818K(24832K) NonClass: 20893K(21504K)->20893K(21504K) Class: 2925K(3328K)->2925K(3328K)
[255.675s][info][gc             ] GC(428) Pause Young (Allocation Failure) 404M->30M(1998M) 17.726ms
[255.675s][info][gc,cpu         ] GC(428) User=0.00s Sys=0.00s Real=0.01s
[255.758s][info][gc,start       ] GC(429) Pause Young (Allocation Failure)
[255.758s][info][gc,task        ] GC(429) Using 6 workers of 6 for evacuation
[255.775s][info][gc,heap        ] GC(429) ParNew: 435582K->0K(460096K)
[255.775s][info][gc,heap        ] GC(429) CMS: 5077K->36361K(1585984K)
[255.775s][info][gc,metaspace   ] GC(429) Metaspace: 23818K(24832K)->23818K(24832K) NonClass: 20893K(21504K)->20893K(21504K) Class: 2925K(3328K)->2925K(3328K)
[255.775s][info][gc             ] GC(429) Pause Young (Allocation Failure) 430M->35M(1998M) 16.803ms
[255.775s][info][gc,cpu         ] GC(429) User=0.02s Sys=0.00s Real=0.02s
[255.857s][info][gc,start       ] GC(430) Pause Young (Allocation Failure)
[255.857s][info][gc,task        ] GC(430) Using 6 workers of 6 for evacuation
[255.860s][info][gc,heap        ] GC(430) ParNew: 409024K->0K(460096K)
[255.860s][info][gc,heap        ] GC(430) CMS: 36361K->36361K(1585984K)
[255.860s][info][gc,metaspace   ] GC(430) Metaspace: 23818K(24832K)->23818K(24832K) NonClass: 20893K(21504K)->20893K(21504K) Class: 2925K(3328K)->2925K(3328K)
[255.860s][info][gc             ] GC(430) Pause Young (Allocation Failure) 434M->35M(1998M) 2.616ms
[255.860s][info][gc,cpu         ] GC(430) User=0.00s Sys=0.00s Real=0.00s
[257.754s][info][gc,start       ] GC(431) Pause Young (Allocation Failure)
[257.754s][info][gc,task        ] GC(431) Using 6 workers of 6 for evacuation
[257.772s][info][gc,heap        ] GC(431) ParNew: 409024K->27496K(460096K)
[257.772s][info][gc,heap        ] GC(431) CMS: 36361K->36361K(1585984K)
[257.772s][info][gc,metaspace   ] GC(431) Metaspace: 23818K(24832K)->23818K(24832K) NonClass: 20893K(21504K)->20893K(21504K) Class: 2925K(3328K)->2925K(3328K)
[257.772s][info][gc             ] GC(431) Pause Young (Allocation Failure) 434M->62M(1998M) 18.234ms
[257.772s][info][gc,cpu         ] GC(431) User=0.09s Sys=0.00s Real=0.02s
[257.854s][info][gc,start       ] GC(432) Pause Young (Allocation Failure)
[257.855s][info][gc,task        ] GC(432) Using 6 workers of 6 for evacuation
[257.870s][info][gc,heap        ] GC(432) ParNew: 436520K->0K(460096K)
[257.870s][info][gc,heap        ] GC(432) CMS: 36361K->63440K(1585984K)
[257.870s][info][gc,metaspace   ] GC(432) Metaspace: 23818K(24832K)->23818K(24832K) NonClass: 20893K(21504K)->20893K(21504K) Class: 2925K(3328K)->2925K(3328K)
[257.870s][info][gc             ] GC(432) Pause Young (Allocation Failure) 461M->61M(1998M) 15.750ms
[257.870s][info][gc,cpu         ] GC(432) User=0.02s Sys=0.00s Real=0.02s
[257.953s][info][gc,start       ] GC(433) Pause Young (Allocation Failure)
[257.953s][info][gc,task        ] GC(433) Using 6 workers of 6 for evacuation
[257.956s][info][gc,heap        ] GC(433) ParNew: 409024K->0K(460096K)
[257.956s][info][gc,heap        ] GC(433) CMS: 63440K->63440K(1585984K)
[257.956s][info][gc,metaspace   ] GC(433) Metaspace: 23818K(24832K)->23818K(24832K) NonClass: 20893K(21504K)->20893K(21504K) Class: 2925K(3328K)->2925K(3328K)
[257.956s][info][gc             ] GC(433) Pause Young (Allocation Failure) 461M->61M(1998M) 3.050ms
[257.956s][info][gc,cpu         ] GC(433) User=0.00s Sys=0.00s Real=0.02s
[258.016s][info][gc,start       ] GC(434) Pause Full (System.gc())
[258.016s][info][gc,phases,start] GC(434) Phase 1: Mark live objects
[258.023s][info][gc,phases      ] GC(434) Phase 1: Mark live objects 6.823ms
[258.023s][info][gc,phases,start] GC(434) Phase 2: Compute new object addresses
[258.089s][info][gc,phases      ] GC(434) Phase 2: Compute new object addresses 66.164ms
[258.089s][info][gc,phases,start] GC(434) Phase 3: Adjust pointers
[258.093s][info][gc,phases      ] GC(434) Phase 3: Adjust pointers 4.404ms
[258.093s][info][gc,phases,start] GC(434) Phase 4: Move objects
[258.093s][info][gc,phases      ] GC(434) Phase 4: Move objects 0.191ms
[258.095s][info][gc,heap        ] GC(434) ParNew: 220631K->0K(460096K)
[258.095s][info][gc,heap        ] GC(434) CMS: 63440K->5077K(1585984K)
[258.095s][info][gc,metaspace   ] GC(434) Metaspace: 23818K(24832K)->23818K(24832K) NonClass: 20893K(21504K)->20893K(21504K) Class: 2925K(3328K)->2925K(3328K)
[258.095s][info][gc             ] GC(434) Pause Full (System.gc()) 277M->4M(1998M) 79.562ms
[258.095s][info][gc,cpu         ] GC(434) User=0.08s Sys=0.00s Real=0.08s
[259.980s][info][gc,start       ] GC(435) Pause Young (Allocation Failure)
[259.980s][info][gc,task        ] GC(435) Using 6 workers of 6 for evacuation
[259.999s][info][gc,heap        ] GC(435) ParNew: 409024K->26603K(460096K)
[259.999s][info][gc,heap        ] GC(435) CMS: 5077K->5077K(1585984K)
[259.999s][info][gc,metaspace   ] GC(435) Metaspace: 23818K(24832K)->23818K(24832K) NonClass: 20893K(21504K)->20893K(21504K) Class: 2925K(3328K)->2925K(3328K)
[259.999s][info][gc             ] GC(435) Pause Young (Allocation Failure) 404M->30M(1998M) 18.844ms
[259.999s][info][gc,cpu         ] GC(435) User=0.08s Sys=0.00s Real=0.02s
[260.082s][info][gc,start       ] GC(436) Pause Young (Allocation Failure)
[260.082s][info][gc,task        ] GC(436) Using 6 workers of 6 for evacuation
[260.099s][info][gc,heap        ] GC(436) ParNew: 435627K->0K(460096K)
[260.099s][info][gc,heap        ] GC(436) CMS: 5077K->36348K(1585984K)
[260.099s][info][gc,metaspace   ] GC(436) Metaspace: 23818K(24832K)->23818K(24832K) NonClass: 20893K(21504K)->20893K(21504K) Class: 2925K(3328K)->2925K(3328K)
[260.099s][info][gc             ] GC(436) Pause Young (Allocation Failure) 430M->35M(1998M) 16.638ms
[260.099s][info][gc,cpu         ] GC(436) User=0.02s Sys=0.00s Real=0.02s
[260.181s][info][gc,start       ] GC(437) Pause Young (Allocation Failure)
[260.181s][info][gc,task        ] GC(437) Using 6 workers of 6 for evacuation
[260.184s][info][gc,heap        ] GC(437) ParNew: 409024K->0K(460096K)
[260.184s][info][gc,heap        ] GC(437) CMS: 36348K->36348K(1585984K)
[260.184s][info][gc,metaspace   ] GC(437) Metaspace: 23818K(24832K)->23818K(24832K) NonClass: 20893K(21504K)->20893K(21504K) Class: 2925K(3328K)->2925K(3328K)
[260.184s][info][gc             ] GC(437) Pause Young (Allocation Failure) 434M->35M(1998M) 2.700ms
[260.184s][info][gc,cpu         ] GC(437) User=0.00s Sys=0.00s Real=0.02s
[262.077s][info][gc,start       ] GC(438) Pause Young (Allocation Failure)
[262.077s][info][gc,task        ] GC(438) Using 6 workers of 6 for evacuation
[262.095s][info][gc,heap        ] GC(438) ParNew: 409024K->27076K(460096K)
[262.095s][info][gc,heap        ] GC(438) CMS: 36348K->36348K(1585984K)
[262.096s][info][gc,metaspace   ] GC(438) Metaspace: 23818K(24832K)->23818K(24832K) NonClass: 20893K(21504K)->20893K(21504K) Class: 2925K(3328K)->2925K(3328K)
[262.096s][info][gc             ] GC(438) Pause Young (Allocation Failure) 434M->61M(1998M) 18.231ms
[262.096s][info][gc,cpu         ] GC(438) User=0.08s Sys=0.00s Real=0.02s
[262.178s][info][gc,start       ] GC(439) Pause Young (Allocation Failure)
[262.179s][info][gc,task        ] GC(439) Using 6 workers of 6 for evacuation
[262.195s][info][gc,heap        ] GC(439) ParNew: 436100K->0K(460096K)
[262.195s][info][gc,heap        ] GC(439) CMS: 36348K->63488K(1585984K)
[262.195s][info][gc,metaspace   ] GC(439) Metaspace: 23818K(24832K)->23818K(24832K) NonClass: 20893K(21504K)->20893K(21504K) Class: 2925K(3328K)->2925K(3328K)
[262.195s][info][gc             ] GC(439) Pause Young (Allocation Failure) 461M->62M(1998M) 16.363ms
[262.195s][info][gc,cpu         ] GC(439) User=0.02s Sys=0.00s Real=0.02s
[262.277s][info][gc,start       ] GC(440) Pause Young (Allocation Failure)
[262.277s][info][gc,task        ] GC(440) Using 6 workers of 6 for evacuation
[262.280s][info][gc,heap        ] GC(440) ParNew: 409024K->0K(460096K)
[262.280s][info][gc,heap        ] GC(440) CMS: 63488K->63488K(1585984K)
[262.280s][info][gc,metaspace   ] GC(440) Metaspace: 23818K(24832K)->23818K(24832K) NonClass: 20893K(21504K)->20893K(21504K) Class: 2925K(3328K)->2925K(3328K)
[262.280s][info][gc             ] GC(440) Pause Young (Allocation Failure) 461M->62M(1998M) 2.818ms
[262.280s][info][gc,cpu         ] GC(440) User=0.00s Sys=0.00s Real=0.00s
[262.339s][info][gc,start       ] GC(441) Pause Full (System.gc())
[262.339s][info][gc,phases,start] GC(441) Phase 1: Mark live objects
[262.346s][info][gc,phases      ] GC(441) Phase 1: Mark live objects 6.802ms
[262.346s][info][gc,phases,start] GC(441) Phase 2: Compute new object addresses
[262.413s][info][gc,phases      ] GC(441) Phase 2: Compute new object addresses 67.189ms
[262.413s][info][gc,phases,start] GC(441) Phase 3: Adjust pointers
[262.418s][info][gc,phases      ] GC(441) Phase 3: Adjust pointers 4.501ms
[262.418s][info][gc,phases,start] GC(441) Phase 4: Move objects
[262.418s][info][gc,phases      ] GC(441) Phase 4: Move objects 0.191ms
[262.419s][info][gc,heap        ] GC(441) ParNew: 220631K->0K(460096K)
[262.419s][info][gc,heap        ] GC(441) CMS: 63488K->5077K(1585984K)
[262.419s][info][gc,metaspace   ] GC(441) Metaspace: 23818K(24832K)->23818K(24832K) NonClass: 20893K(21504K)->20893K(21504K) Class: 2925K(3328K)->2925K(3328K)
[262.420s][info][gc             ] GC(441) Pause Full (System.gc()) 277M->4M(1998M) 80.616ms
[262.420s][info][gc,cpu         ] GC(441) User=0.09s Sys=0.00s Real=0.08s
[264.302s][info][gc,start       ] GC(442) Pause Young (Allocation Failure)
[264.302s][info][gc,task        ] GC(442) Using 6 workers of 6 for evacuation
[264.321s][info][gc,heap        ] GC(442) ParNew: 409024K->26400K(460096K)
[264.321s][info][gc,heap        ] GC(442) CMS: 5077K->5077K(1585984K)
[264.321s][info][gc,metaspace   ] GC(442) Metaspace: 23818K(24832K)->23818K(24832K) NonClass: 20893K(21504K)->20893K(21504K) Class: 2925K(3328K)->2925K(3328K)
[264.321s][info][gc             ] GC(442) Pause Young (Allocation Failure) 404M->30M(1998M) 18.334ms
[264.321s][info][gc,cpu         ] GC(442) User=0.08s Sys=0.00s Real=0.02s
[264.404s][info][gc,start       ] GC(443) Pause Young (Allocation Failure)
[264.404s][info][gc,task        ] GC(443) Using 6 workers of 6 for evacuation
[264.421s][info][gc,heap        ] GC(443) ParNew: 435424K->0K(460096K)
[264.421s][info][gc,heap        ] GC(443) CMS: 5077K->36350K(1585984K)
[264.421s][info][gc,metaspace   ] GC(443) Metaspace: 23818K(24832K)->23818K(24832K) NonClass: 20893K(21504K)->20893K(21504K) Class: 2925K(3328K)->2925K(3328K)
[264.421s][info][gc             ] GC(443) Pause Young (Allocation Failure) 430M->35M(1998M) 17.249ms
[264.421s][info][gc,cpu         ] GC(443) User=0.02s Sys=0.00s Real=0.02s
[264.503s][info][gc,start       ] GC(444) Pause Young (Allocation Failure)
[264.503s][info][gc,task        ] GC(444) Using 6 workers of 6 for evacuation
[264.506s][info][gc,heap        ] GC(444) ParNew: 409024K->0K(460096K)
[264.506s][info][gc,heap        ] GC(444) CMS: 36350K->36350K(1585984K)
[264.506s][info][gc,metaspace   ] GC(444) Metaspace: 23818K(24832K)->23818K(24832K) NonClass: 20893K(21504K)->20893K(21504K) Class: 2925K(3328K)->2925K(3328K)
[264.506s][info][gc             ] GC(444) Pause Young (Allocation Failure) 434M->35M(1998M) 2.852ms
[264.506s][info][gc,cpu         ] GC(444) User=0.00s Sys=0.00s Real=0.00s
[266.401s][info][gc,start       ] GC(445) Pause Young (Allocation Failure)
[266.401s][info][gc,task        ] GC(445) Using 6 workers of 6 for evacuation
[266.419s][info][gc,heap        ] GC(445) ParNew: 409024K->27187K(460096K)
[266.419s][info][gc,heap        ] GC(445) CMS: 36350K->36350K(1585984K)
[266.419s][info][gc,metaspace   ] GC(445) Metaspace: 23822K(24832K)->23822K(24832K) NonClass: 20896K(21504K)->20896K(21504K) Class: 2925K(3328K)->2925K(3328K)
[266.419s][info][gc             ] GC(445) Pause Young (Allocation Failure) 434M->62M(1998M) 18.053ms
[266.419s][info][gc,cpu         ] GC(445) User=0.09s Sys=0.00s Real=0.03s
[266.502s][info][gc,start       ] GC(446) Pause Young (Allocation Failure)
[266.502s][info][gc,task        ] GC(446) Using 6 workers of 6 for evacuation
[266.518s][info][gc,heap        ] GC(446) ParNew: 436211K->0K(460096K)
[266.518s][info][gc,heap        ] GC(446) CMS: 36350K->63469K(1585984K)
[266.518s][info][gc,metaspace   ] GC(446) Metaspace: 23822K(24832K)->23822K(24832K) NonClass: 20896K(21504K)->20896K(21504K) Class: 2925K(3328K)->2925K(3328K)
[266.518s][info][gc             ] GC(446) Pause Young (Allocation Failure) 461M->61M(1998M) 16.167ms
[266.518s][info][gc,cpu         ] GC(446) User=0.02s Sys=0.00s Real=0.02s
[266.601s][info][gc,start       ] GC(447) Pause Young (Allocation Failure)
[266.601s][info][gc,task        ] GC(447) Using 6 workers of 6 for evacuation
[266.603s][info][gc,heap        ] GC(447) ParNew: 409024K->0K(460096K)
[266.603s][info][gc,heap        ] GC(447) CMS: 63469K->63469K(1585984K)
[266.603s][info][gc,metaspace   ] GC(447) Metaspace: 23822K(24832K)->23822K(24832K) NonClass: 20896K(21504K)->20896K(21504K) Class: 2925K(3328K)->2925K(3328K)
[266.603s][info][gc             ] GC(447) Pause Young (Allocation Failure) 461M->61M(1998M) 2.668ms
[266.604s][info][gc,cpu         ] GC(447) User=0.00s Sys=0.00s Real=0.00s
[266.662s][info][gc,start       ] GC(448) Pause Full (System.gc())
[266.662s][info][gc,phases,start] GC(448) Phase 1: Mark live objects
[266.669s][info][gc,phases      ] GC(448) Phase 1: Mark live objects 6.838ms
[266.669s][info][gc,phases,start] GC(448) Phase 2: Compute new object addresses
[266.737s][info][gc,phases      ] GC(448) Phase 2: Compute new object addresses 67.354ms
[266.737s][info][gc,phases,start] GC(448) Phase 3: Adjust pointers
[266.741s][info][gc,phases      ] GC(448) Phase 3: Adjust pointers 4.430ms
[266.741s][info][gc,phases,start] GC(448) Phase 4: Move objects
[266.741s][info][gc,phases      ] GC(448) Phase 4: Move objects 0.191ms
[266.743s][info][gc,heap        ] GC(448) ParNew: 220631K->0K(460096K)
[266.743s][info][gc,heap        ] GC(448) CMS: 63469K->5077K(1585984K)
[266.743s][info][gc,metaspace   ] GC(448) Metaspace: 23825K(24832K)->23825K(24832K) NonClass: 20900K(21504K)->20900K(21504K) Class: 2925K(3328K)->2925K(3328K)
[266.743s][info][gc             ] GC(448) Pause Full (System.gc()) 277M->4M(1998M) 80.716ms
[266.743s][info][gc,cpu         ] GC(448) User=0.08s Sys=0.00s Real=0.08s
[268.631s][info][gc,start       ] GC(449) Pause Young (Allocation Failure)
[268.631s][info][gc,task        ] GC(449) Using 6 workers of 6 for evacuation
[268.649s][info][gc,heap        ] GC(449) ParNew: 409024K->26701K(460096K)
[268.649s][info][gc,heap        ] GC(449) CMS: 5077K->5077K(1585984K)
[268.649s][info][gc,metaspace   ] GC(449) Metaspace: 23825K(24832K)->23825K(24832K) NonClass: 20900K(21504K)->20900K(21504K) Class: 2925K(3328K)->2925K(3328K)
[268.649s][info][gc             ] GC(449) Pause Young (Allocation Failure) 404M->31M(1998M) 17.881ms
[268.649s][info][gc,cpu         ] GC(449) User=0.08s Sys=0.00s Real=0.02s
[268.732s][info][gc,start       ] GC(450) Pause Young (Allocation Failure)
[268.732s][info][gc,task        ] GC(450) Using 6 workers of 6 for evacuation
[268.749s][info][gc,heap        ] GC(450) ParNew: 435725K->0K(460096K)
[268.749s][info][gc,heap        ] GC(450) CMS: 5077K->36348K(1585984K)
[268.749s][info][gc,metaspace   ] GC(450) Metaspace: 23825K(24832K)->23825K(24832K) NonClass: 20900K(21504K)->20900K(21504K) Class: 2925K(3328K)->2925K(3328K)
[268.749s][info][gc             ] GC(450) Pause Young (Allocation Failure) 430M->35M(1998M) 16.929ms
[268.749s][info][gc,cpu         ] GC(450) User=0.02s Sys=0.00s Real=0.01s
[268.832s][info][gc,start       ] GC(451) Pause Young (Allocation Failure)
[268.832s][info][gc,task        ] GC(451) Using 6 workers of 6 for evacuation
[268.834s][info][gc,heap        ] GC(451) ParNew: 409024K->0K(460096K)
[268.835s][info][gc,heap        ] GC(451) CMS: 36348K->36348K(1585984K)
[268.835s][info][gc,metaspace   ] GC(451) Metaspace: 23825K(24832K)->23825K(24832K) NonClass: 20900K(21504K)->20900K(21504K) Class: 2925K(3328K)->2925K(3328K)
[268.835s][info][gc             ] GC(451) Pause Young (Allocation Failure) 434M->35M(1998M) 2.865ms
[268.835s][info][gc,cpu         ] GC(451) User=0.00s Sys=0.00s Real=0.00s
[270.731s][info][gc,start       ] GC(452) Pause Young (Allocation Failure)
[270.731s][info][gc,task        ] GC(452) Using 6 workers of 6 for evacuation
[270.750s][info][gc,heap        ] GC(452) ParNew: 409024K->27114K(460096K)
[270.750s][info][gc,heap        ] GC(452) CMS: 36348K->36348K(1585984K)
[270.750s][info][gc,metaspace   ] GC(452) Metaspace: 23825K(24832K)->23825K(24832K) NonClass: 20900K(21504K)->20900K(21504K) Class: 2925K(3328K)->2925K(3328K)
[270.750s][info][gc             ] GC(452) Pause Young (Allocation Failure) 434M->61M(1998M) 18.682ms
[270.750s][info][gc,cpu         ] GC(452) User=0.08s Sys=0.00s Real=0.02s
[270.832s][info][gc,start       ] GC(453) Pause Young (Allocation Failure)
[270.832s][info][gc,task        ] GC(453) Using 6 workers of 6 for evacuation
[270.849s][info][gc,heap        ] GC(453) ParNew: 436138K->0K(460096K)
[270.849s][info][gc,heap        ] GC(453) CMS: 36348K->63435K(1585984K)
[270.849s][info][gc,metaspace   ] GC(453) Metaspace: 23825K(24832K)->23825K(24832K) NonClass: 20900K(21504K)->20900K(21504K) Class: 2925K(3328K)->2925K(3328K)
[270.849s][info][gc             ] GC(453) Pause Young (Allocation Failure) 461M->61M(1998M) 16.535ms
[270.849s][info][gc,cpu         ] GC(453) User=0.02s Sys=0.00s Real=0.02s
[270.934s][info][gc,start       ] GC(454) Pause Young (Allocation Failure)
[270.934s][info][gc,task        ] GC(454) Using 6 workers of 6 for evacuation
[270.936s][info][gc,heap        ] GC(454) ParNew: 409024K->0K(460096K)
[270.936s][info][gc,heap        ] GC(454) CMS: 63435K->63435K(1585984K)
[270.936s][info][gc,metaspace   ] GC(454) Metaspace: 23825K(24832K)->23825K(24832K) NonClass: 20900K(21504K)->20900K(21504K) Class: 2925K(3328K)->2925K(3328K)
[270.936s][info][gc             ] GC(454) Pause Young (Allocation Failure) 461M->61M(1998M) 2.845ms
[270.936s][info][gc,cpu         ] GC(454) User=0.00s Sys=0.00s Real=0.00s
[270.996s][info][gc,start       ] GC(455) Pause Full (System.gc())
[270.997s][info][gc,phases,start] GC(455) Phase 1: Mark live objects
[271.004s][info][gc,phases      ] GC(455) Phase 1: Mark live objects 6.946ms
[271.004s][info][gc,phases,start] GC(455) Phase 2: Compute new object addresses
[271.070s][info][gc,phases      ] GC(455) Phase 2: Compute new object addresses 66.230ms
[271.070s][info][gc,phases,start] GC(455) Phase 3: Adjust pointers
[271.074s][info][gc,phases      ] GC(455) Phase 3: Adjust pointers 4.417ms
[271.074s][info][gc,phases,start] GC(455) Phase 4: Move objects
[271.075s][info][gc,phases      ] GC(455) Phase 4: Move objects 0.213ms
[271.076s][info][gc,heap        ] GC(455) ParNew: 220631K->0K(460096K)
[271.076s][info][gc,heap        ] GC(455) CMS: 63435K->5077K(1585984K)
[271.076s][info][gc,metaspace   ] GC(455) Metaspace: 23825K(24832K)->23825K(24832K) NonClass: 20900K(21504K)->20900K(21504K) Class: 2925K(3328K)->2925K(3328K)
[271.076s][info][gc             ] GC(455) Pause Full (System.gc()) 277M->4M(1998M) 79.830ms
[271.076s][info][gc,cpu         ] GC(455) User=0.08s Sys=0.00s Real=0.08s
[272.961s][info][gc,start       ] GC(456) Pause Young (Allocation Failure)
[272.961s][info][gc,task        ] GC(456) Using 6 workers of 6 for evacuation
[272.979s][info][gc,heap        ] GC(456) ParNew: 409024K->26838K(460096K)
[272.979s][info][gc,heap        ] GC(456) CMS: 5077K->5077K(1585984K)
[272.979s][info][gc,metaspace   ] GC(456) Metaspace: 23825K(24832K)->23825K(24832K) NonClass: 20900K(21504K)->20900K(21504K) Class: 2925K(3328K)->2925K(3328K)
[272.979s][info][gc             ] GC(456) Pause Young (Allocation Failure) 404M->31M(1998M) 17.792ms
[272.979s][info][gc,cpu         ] GC(456) User=0.06s Sys=0.00s Real=0.02s
[273.062s][info][gc,start       ] GC(457) Pause Young (Allocation Failure)
[273.062s][info][gc,task        ] GC(457) Using 6 workers of 6 for evacuation
[273.079s][info][gc,heap        ] GC(457) ParNew: 435862K->0K(460096K)
[273.079s][info][gc,heap        ] GC(457) CMS: 5077K->36357K(1585984K)
[273.079s][info][gc,metaspace   ] GC(457) Metaspace: 23825K(24832K)->23825K(24832K) NonClass: 20900K(21504K)->20900K(21504K) Class: 2925K(3328K)->2925K(3328K)
[273.079s][info][gc             ] GC(457) Pause Young (Allocation Failure) 430M->35M(1998M) 16.491ms
[273.079s][info][gc,cpu         ] GC(457) User=0.02s Sys=0.00s Real=0.02s
[273.161s][info][gc,start       ] GC(458) Pause Young (Allocation Failure)
[273.161s][info][gc,task        ] GC(458) Using 6 workers of 6 for evacuation
[273.164s][info][gc,heap        ] GC(458) ParNew: 409024K->0K(460096K)
[273.164s][info][gc,heap        ] GC(458) CMS: 36357K->36357K(1585984K)
[273.164s][info][gc,metaspace   ] GC(458) Metaspace: 23825K(24832K)->23825K(24832K) NonClass: 20900K(21504K)->20900K(21504K) Class: 2925K(3328K)->2925K(3328K)
[273.164s][info][gc             ] GC(458) Pause Young (Allocation Failure) 434M->35M(1998M) 2.969ms
[273.164s][info][gc,cpu         ] GC(458) User=0.00s Sys=0.00s Real=0.00s
[275.060s][info][gc,start       ] GC(459) Pause Young (Allocation Failure)
[275.060s][info][gc,task        ] GC(459) Using 6 workers of 6 for evacuation
[275.078s][info][gc,heap        ] GC(459) ParNew: 409024K->27121K(460096K)
[275.078s][info][gc,heap        ] GC(459) CMS: 36357K->36357K(1585984K)
[275.078s][info][gc,metaspace   ] GC(459) Metaspace: 23826K(24832K)->23826K(24832K) NonClass: 20900K(21504K)->20900K(21504K) Class: 2925K(3328K)->2925K(3328K)
[275.078s][info][gc             ] GC(459) Pause Young (Allocation Failure) 434M->61M(1998M) 18.597ms
[275.078s][info][gc,cpu         ] GC(459) User=0.02s Sys=0.00s Real=0.02s
[275.161s][info][gc,start       ] GC(460) Pause Young (Allocation Failure)
[275.161s][info][gc,task        ] GC(460) Using 6 workers of 6 for evacuation
[275.177s][info][gc,heap        ] GC(460) ParNew: 436145K->0K(460096K)
[275.177s][info][gc,heap        ] GC(460) CMS: 36357K->63490K(1585984K)
[275.177s][info][gc,metaspace   ] GC(460) Metaspace: 23826K(24832K)->23826K(24832K) NonClass: 20900K(21504K)->20900K(21504K) Class: 2925K(3328K)->2925K(3328K)
[275.177s][info][gc             ] GC(460) Pause Young (Allocation Failure) 461M->62M(1998M) 15.476ms
[275.177s][info][gc,cpu         ] GC(460) User=0.02s Sys=0.00s Real=0.02s
[275.261s][info][gc,start       ] GC(461) Pause Young (Allocation Failure)
[275.261s][info][gc,task        ] GC(461) Using 6 workers of 6 for evacuation
[275.263s][info][gc,heap        ] GC(461) ParNew: 409024K->0K(460096K)
[275.263s][info][gc,heap        ] GC(461) CMS: 63490K->63490K(1585984K)
[275.263s][info][gc,metaspace   ] GC(461) Metaspace: 23826K(24832K)->23826K(24832K) NonClass: 20900K(21504K)->20900K(21504K) Class: 2925K(3328K)->2925K(3328K)
[275.263s][info][gc             ] GC(461) Pause Young (Allocation Failure) 461M->62M(1998M) 2.507ms
[275.263s][info][gc,cpu         ] GC(461) User=0.00s Sys=0.00s Real=0.00s
[275.321s][info][gc,start       ] GC(462) Pause Full (System.gc())
[275.321s][info][gc,phases,start] GC(462) Phase 1: Mark live objects
[275.328s][info][gc,phases      ] GC(462) Phase 1: Mark live objects 6.944ms
[275.328s][info][gc,phases,start] GC(462) Phase 2: Compute new object addresses
[275.396s][info][gc,phases      ] GC(462) Phase 2: Compute new object addresses 67.441ms
[275.396s][info][gc,phases,start] GC(462) Phase 3: Adjust pointers
[275.400s][info][gc,phases      ] GC(462) Phase 3: Adjust pointers 4.454ms
[275.400s][info][gc,phases,start] GC(462) Phase 4: Move objects
[275.400s][info][gc,phases      ] GC(462) Phase 4: Move objects 0.202ms
[275.402s][info][gc,heap        ] GC(462) ParNew: 220631K->0K(460096K)
[275.402s][info][gc,heap        ] GC(462) CMS: 63490K->5077K(1585984K)
[275.402s][info][gc,metaspace   ] GC(462) Metaspace: 23826K(24832K)->23826K(24832K) NonClass: 20900K(21504K)->20900K(21504K) Class: 2925K(3328K)->2925K(3328K)
[275.402s][info][gc             ] GC(462) Pause Full (System.gc()) 277M->4M(1998M) 81.065ms
[275.402s][info][gc,cpu         ] GC(462) User=0.08s Sys=0.00s Real=0.09s
[277.283s][info][gc,start       ] GC(463) Pause Young (Allocation Failure)
[277.284s][info][gc,task        ] GC(463) Using 6 workers of 6 for evacuation
[277.302s][info][gc,heap        ] GC(463) ParNew: 409024K->26492K(460096K)
[277.302s][info][gc,heap        ] GC(463) CMS: 5077K->5077K(1585984K)
[277.302s][info][gc,metaspace   ] GC(463) Metaspace: 23826K(24832K)->23826K(24832K) NonClass: 20900K(21504K)->20900K(21504K) Class: 2925K(3328K)->2925K(3328K)
[277.302s][info][gc             ] GC(463) Pause Young (Allocation Failure) 404M->30M(1998M) 18.107ms
[277.302s][info][gc,cpu         ] GC(463) User=0.08s Sys=0.00s Real=0.02s
[277.385s][info][gc,start       ] GC(464) Pause Young (Allocation Failure)
[277.385s][info][gc,task        ] GC(464) Using 6 workers of 6 for evacuation
[277.401s][info][gc,heap        ] GC(464) ParNew: 435516K->0K(460096K)
[277.401s][info][gc,heap        ] GC(464) CMS: 5077K->36336K(1585984K)
[277.401s][info][gc,metaspace   ] GC(464) Metaspace: 23826K(24832K)->23826K(24832K) NonClass: 20900K(21504K)->20900K(21504K) Class: 2925K(3328K)->2925K(3328K)
[277.401s][info][gc             ] GC(464) Pause Young (Allocation Failure) 430M->35M(1998M) 16.202ms
[277.401s][info][gc,cpu         ] GC(464) User=0.02s Sys=0.00s Real=0.02s
[277.483s][info][gc,start       ] GC(465) Pause Young (Allocation Failure)
[277.484s][info][gc,task        ] GC(465) Using 6 workers of 6 for evacuation
[277.486s][info][gc,heap        ] GC(465) ParNew: 409024K->0K(460096K)
[277.486s][info][gc,heap        ] GC(465) CMS: 36336K->36336K(1585984K)
[277.486s][info][gc,metaspace   ] GC(465) Metaspace: 23826K(24832K)->23826K(24832K) NonClass: 20900K(21504K)->20900K(21504K) Class: 2925K(3328K)->2925K(3328K)
[277.486s][info][gc             ] GC(465) Pause Young (Allocation Failure) 434M->35M(1998M) 2.799ms
[277.486s][info][gc,cpu         ] GC(465) User=0.00s Sys=0.00s Real=0.00s
[279.382s][info][gc,start       ] GC(466) Pause Young (Allocation Failure)
[279.382s][info][gc,task        ] GC(466) Using 6 workers of 6 for evacuation
[279.400s][info][gc,heap        ] GC(466) ParNew: 409024K->27105K(460096K)
[279.400s][info][gc,heap        ] GC(466) CMS: 36336K->36336K(1585984K)
[279.400s][info][gc,metaspace   ] GC(466) Metaspace: 23826K(24832K)->23826K(24832K) NonClass: 20900K(21504K)->20900K(21504K) Class: 2925K(3328K)->2925K(3328K)
[279.400s][info][gc             ] GC(466) Pause Young (Allocation Failure) 434M->61M(1998M) 18.519ms
[279.400s][info][gc,cpu         ] GC(466) User=0.08s Sys=0.00s Real=0.02s
[279.483s][info][gc,start       ] GC(467) Pause Young (Allocation Failure)
[279.483s][info][gc,task        ] GC(467) Using 6 workers of 6 for evacuation
[279.500s][info][gc,heap        ] GC(467) ParNew: 436129K->0K(460096K)
[279.500s][info][gc,heap        ] GC(467) CMS: 36336K->63330K(1585984K)
[279.500s][info][gc,metaspace   ] GC(467) Metaspace: 23826K(24832K)->23826K(24832K) NonClass: 20900K(21504K)->20900K(21504K) Class: 2925K(3328K)->2925K(3328K)
[279.500s][info][gc             ] GC(467) Pause Young (Allocation Failure) 461M->61M(1998M) 16.929ms
[279.500s][info][gc,cpu         ] GC(467) User=0.02s Sys=0.00s Real=0.01s
[279.583s][info][gc,start       ] GC(468) Pause Young (Allocation Failure)
[279.583s][info][gc,task        ] GC(468) Using 6 workers of 6 for evacuation
[279.586s][info][gc,heap        ] GC(468) ParNew: 409024K->0K(460096K)
[279.586s][info][gc,heap        ] GC(468) CMS: 63330K->63330K(1585984K)
[279.586s][info][gc,metaspace   ] GC(468) Metaspace: 23826K(24832K)->23826K(24832K) NonClass: 20900K(21504K)->20900K(21504K) Class: 2925K(3328K)->2925K(3328K)
[279.586s][info][gc             ] GC(468) Pause Young (Allocation Failure) 461M->61M(1998M) 2.914ms
[279.586s][info][gc,cpu         ] GC(468) User=0.00s Sys=0.00s Real=0.00s
[279.643s][info][gc,start       ] GC(469) Pause Full (System.gc())
[279.644s][info][gc,phases,start] GC(469) Phase 1: Mark live objects
[279.651s][info][gc,phases      ] GC(469) Phase 1: Mark live objects 6.968ms
[279.651s][info][gc,phases,start] GC(469) Phase 2: Compute new object addresses
[279.718s][info][gc,phases      ] GC(469) Phase 2: Compute new object addresses 67.387ms
[279.718s][info][gc,phases,start] GC(469) Phase 3: Adjust pointers
[279.723s][info][gc,phases      ] GC(469) Phase 3: Adjust pointers 4.440ms
[279.723s][info][gc,phases,start] GC(469) Phase 4: Move objects
[279.723s][info][gc,phases      ] GC(469) Phase 4: Move objects 0.192ms
[279.724s][info][gc,heap        ] GC(469) ParNew: 220631K->0K(460096K)
[279.724s][info][gc,heap        ] GC(469) CMS: 63330K->5077K(1585984K)
[279.724s][info][gc,metaspace   ] GC(469) Metaspace: 23826K(24832K)->23826K(24832K) NonClass: 20900K(21504K)->20900K(21504K) Class: 2925K(3328K)->2925K(3328K)
[279.724s][info][gc             ] GC(469) Pause Full (System.gc()) 277M->4M(1998M) 80.950ms
[279.724s][info][gc,cpu         ] GC(469) User=0.08s Sys=0.00s Real=0.08s
[281.607s][info][gc,start       ] GC(470) Pause Young (Allocation Failure)
[281.607s][info][gc,task        ] GC(470) Using 6 workers of 6 for evacuation
[281.624s][info][gc,heap        ] GC(470) ParNew: 409024K->26843K(460096K)
[281.625s][info][gc,heap        ] GC(470) CMS: 5077K->5077K(1585984K)
[281.625s][info][gc,metaspace   ] GC(470) Metaspace: 23826K(24832K)->23826K(24832K) NonClass: 20900K(21504K)->20900K(21504K) Class: 2925K(3328K)->2925K(3328K)
[281.625s][info][gc             ] GC(470) Pause Young (Allocation Failure) 404M->31M(1998M) 17.677ms
[281.625s][info][gc,cpu         ] GC(470) User=0.00s Sys=0.00s Real=0.01s
[281.708s][info][gc,start       ] GC(471) Pause Young (Allocation Failure)
[281.708s][info][gc,task        ] GC(471) Using 6 workers of 6 for evacuation
[281.724s][info][gc,heap        ] GC(471) ParNew: 435867K->0K(460096K)
[281.724s][info][gc,heap        ] GC(471) CMS: 5077K->36353K(1585984K)
[281.724s][info][gc,metaspace   ] GC(471) Metaspace: 23826K(24832K)->23826K(24832K) NonClass: 20900K(21504K)->20900K(21504K) Class: 2925K(3328K)->2925K(3328K)
[281.724s][info][gc             ] GC(471) Pause Young (Allocation Failure) 430M->35M(1998M) 16.378ms
[281.724s][info][gc,cpu         ] GC(471) User=0.02s Sys=0.00s Real=0.00s
[281.807s][info][gc,start       ] GC(472) Pause Young (Allocation Failure)
[281.807s][info][gc,task        ] GC(472) Using 6 workers of 6 for evacuation
[281.809s][info][gc,heap        ] GC(472) ParNew: 409024K->0K(460096K)
[281.809s][info][gc,heap        ] GC(472) CMS: 36353K->36353K(1585984K)
[281.809s][info][gc,metaspace   ] GC(472) Metaspace: 23826K(24832K)->23826K(24832K) NonClass: 20900K(21504K)->20900K(21504K) Class: 2925K(3328K)->2925K(3328K)
[281.809s][info][gc             ] GC(472) Pause Young (Allocation Failure) 434M->35M(1998M) 2.522ms
[281.809s][info][gc,cpu         ] GC(472) User=0.00s Sys=0.00s Real=0.00s
[283.704s][info][gc,start       ] GC(473) Pause Young (Allocation Failure)
[283.704s][info][gc,task        ] GC(473) Using 6 workers of 6 for evacuation
[283.722s][info][gc,heap        ] GC(473) ParNew: 409024K->27322K(460096K)
[283.722s][info][gc,heap        ] GC(473) CMS: 36353K->36353K(1585984K)
[283.722s][info][gc,metaspace   ] GC(473) Metaspace: 23826K(24832K)->23826K(24832K) NonClass: 20900K(21504K)->20900K(21504K) Class: 2925K(3328K)->2925K(3328K)
[283.722s][info][gc             ] GC(473) Pause Young (Allocation Failure) 434M->62M(1998M) 18.219ms
[283.722s][info][gc,cpu         ] GC(473) User=0.08s Sys=0.02s Real=0.03s
[283.805s][info][gc,start       ] GC(474) Pause Young (Allocation Failure)
[283.805s][info][gc,task        ] GC(474) Using 6 workers of 6 for evacuation
[283.821s][info][gc,heap        ] GC(474) ParNew: 436346K->0K(460096K)
[283.821s][info][gc,heap        ] GC(474) CMS: 36353K->63263K(1585984K)
[283.821s][info][gc,metaspace   ] GC(474) Metaspace: 23826K(24832K)->23826K(24832K) NonClass: 20900K(21504K)->20900K(21504K) Class: 2925K(3328K)->2925K(3328K)
[283.821s][info][gc             ] GC(474) Pause Young (Allocation Failure) 461M->61M(1998M) 16.169ms
[283.821s][info][gc,cpu         ] GC(474) User=0.02s Sys=0.00s Real=0.02s
[283.903s][info][gc,start       ] GC(475) Pause Young (Allocation Failure)
[283.903s][info][gc,task        ] GC(475) Using 6 workers of 6 for evacuation
[283.906s][info][gc,heap        ] GC(475) ParNew: 409024K->0K(460096K)
[283.906s][info][gc,heap        ] GC(475) CMS: 63263K->63263K(1585984K)
[283.906s][info][gc,metaspace   ] GC(475) Metaspace: 23826K(24832K)->23826K(24832K) NonClass: 20900K(21504K)->20900K(21504K) Class: 2925K(3328K)->2925K(3328K)
[283.906s][info][gc             ] GC(475) Pause Young (Allocation Failure) 461M->61M(1998M) 2.864ms
[283.906s][info][gc,cpu         ] GC(475) User=0.00s Sys=0.00s Real=0.00s
[283.967s][info][gc,start       ] GC(476) Pause Full (System.gc())
[283.967s][info][gc,phases,start] GC(476) Phase 1: Mark live objects
[283.974s][info][gc,phases      ] GC(476) Phase 1: Mark live objects 7.582ms
[283.974s][info][gc,phases,start] GC(476) Phase 2: Compute new object addresses
[284.042s][info][gc,phases      ] GC(476) Phase 2: Compute new object addresses 67.994ms
[284.042s][info][gc,phases,start] GC(476) Phase 3: Adjust pointers
[284.047s][info][gc,phases      ] GC(476) Phase 3: Adjust pointers 4.498ms
[284.047s][info][gc,phases,start] GC(476) Phase 4: Move objects
[284.047s][info][gc,phases      ] GC(476) Phase 4: Move objects 0.191ms
[284.048s][info][gc,heap        ] GC(476) ParNew: 220631K->0K(460096K)
[284.048s][info][gc,heap        ] GC(476) CMS: 63263K->5077K(1585984K)
[284.049s][info][gc,metaspace   ] GC(476) Metaspace: 23826K(24832K)->23826K(24832K) NonClass: 20900K(21504K)->20900K(21504K) Class: 2925K(3328K)->2925K(3328K)
[284.049s][info][gc             ] GC(476) Pause Full (System.gc()) 277M->4M(1998M) 82.287ms
[284.049s][info][gc,cpu         ] GC(476) User=0.08s Sys=0.00s Real=0.08s
[285.930s][info][gc,start       ] GC(477) Pause Young (Allocation Failure)
[285.930s][info][gc,task        ] GC(477) Using 6 workers of 6 for evacuation
[285.948s][info][gc,heap        ] GC(477) ParNew: 409024K->26486K(460096K)
[285.948s][info][gc,heap        ] GC(477) CMS: 5077K->5077K(1585984K)
[285.948s][info][gc,metaspace   ] GC(477) Metaspace: 23826K(24832K)->23826K(24832K) NonClass: 20901K(21504K)->20901K(21504K) Class: 2925K(3328K)->2925K(3328K)
[285.948s][info][gc             ] GC(477) Pause Young (Allocation Failure) 404M->30M(1998M) 18.197ms
[285.948s][info][gc,cpu         ] GC(477) User=0.08s Sys=0.00s Real=0.02s
[286.031s][info][gc,start       ] GC(478) Pause Young (Allocation Failure)
[286.031s][info][gc,task        ] GC(478) Using 6 workers of 6 for evacuation
[286.048s][info][gc,heap        ] GC(478) ParNew: 435510K->0K(460096K)
[286.048s][info][gc,heap        ] GC(478) CMS: 5077K->36366K(1585984K)
[286.048s][info][gc,metaspace   ] GC(478) Metaspace: 23826K(24832K)->23826K(24832K) NonClass: 20901K(21504K)->20901K(21504K) Class: 2925K(3328K)->2925K(3328K)
[286.048s][info][gc             ] GC(478) Pause Young (Allocation Failure) 430M->35M(1998M) 16.906ms
[286.048s][info][gc,cpu         ] GC(478) User=0.02s Sys=0.00s Real=0.02s
[286.130s][info][gc,start       ] GC(479) Pause Young (Allocation Failure)
[286.131s][info][gc,task        ] GC(479) Using 6 workers of 6 for evacuation
[286.133s][info][gc,heap        ] GC(479) ParNew: 409024K->0K(460096K)
[286.133s][info][gc,heap        ] GC(479) CMS: 36366K->36366K(1585984K)
[286.133s][info][gc,metaspace   ] GC(479) Metaspace: 23826K(24832K)->23826K(24832K) NonClass: 20901K(21504K)->20901K(21504K) Class: 2925K(3328K)->2925K(3328K)
[286.133s][info][gc             ] GC(479) Pause Young (Allocation Failure) 434M->35M(1998M) 2.787ms
[286.133s][info][gc,cpu         ] GC(479) User=0.00s Sys=0.00s Real=0.00s
[288.028s][info][gc,start       ] GC(480) Pause Young (Allocation Failure)
[288.028s][info][gc,task        ] GC(480) Using 6 workers of 6 for evacuation
[288.046s][info][gc,heap        ] GC(480) ParNew: 409024K->27196K(460096K)
[288.046s][info][gc,heap        ] GC(480) CMS: 36366K->36366K(1585984K)
[288.046s][info][gc,metaspace   ] GC(480) Metaspace: 23826K(24832K)->23826K(24832K) NonClass: 20901K(21504K)->20901K(21504K) Class: 2925K(3328K)->2925K(3328K)
[288.046s][info][gc             ] GC(480) Pause Young (Allocation Failure) 434M->62M(1998M) 18.509ms
[288.046s][info][gc,cpu         ] GC(480) User=0.08s Sys=0.00s Real=0.02s
[288.130s][info][gc,start       ] GC(481) Pause Young (Allocation Failure)
[288.131s][info][gc,task        ] GC(481) Using 6 workers of 6 for evacuation
[288.146s][info][gc,heap        ] GC(481) ParNew: 436220K->0K(460096K)
[288.146s][info][gc,heap        ] GC(481) CMS: 36366K->63423K(1585984K)
[288.146s][info][gc,metaspace   ] GC(481) Metaspace: 23826K(24832K)->23826K(24832K) NonClass: 20901K(21504K)->20901K(21504K) Class: 2925K(3328K)->2925K(3328K)
[288.146s][info][gc             ] GC(481) Pause Young (Allocation Failure) 461M->61M(1998M) 15.626ms
[288.146s][info][gc,cpu         ] GC(481) User=0.02s Sys=0.00s Real=0.02s
[288.229s][info][gc,start       ] GC(482) Pause Young (Allocation Failure)
[288.231s][info][gc,task        ] GC(482) Using 6 workers of 6 for evacuation
[288.234s][info][gc,heap        ] GC(482) ParNew: 409024K->0K(460096K)
[288.234s][info][gc,heap        ] GC(482) CMS: 63423K->63423K(1585984K)
[288.234s][info][gc,metaspace   ] GC(482) Metaspace: 23826K(24832K)->23826K(24832K) NonClass: 20901K(21504K)->20901K(21504K) Class: 2925K(3328K)->2925K(3328K)
[288.234s][info][gc             ] GC(482) Pause Young (Allocation Failure) 461M->61M(1998M) 4.321ms
[288.234s][info][gc,cpu         ] GC(482) User=0.00s Sys=0.00s Real=0.00s
[288.292s][info][gc,start       ] GC(483) Pause Full (System.gc())
[288.292s][info][gc,phases,start] GC(483) Phase 1: Mark live objects
[288.299s][info][gc,phases      ] GC(483) Phase 1: Mark live objects 6.881ms
[288.299s][info][gc,phases,start] GC(483) Phase 2: Compute new object addresses
[288.366s][info][gc,phases      ] GC(483) Phase 2: Compute new object addresses 66.917ms
[288.366s][info][gc,phases,start] GC(483) Phase 3: Adjust pointers
[288.370s][info][gc,phases      ] GC(483) Phase 3: Adjust pointers 4.480ms
[288.370s][info][gc,phases,start] GC(483) Phase 4: Move objects
[288.370s][info][gc,phases      ] GC(483) Phase 4: Move objects 0.196ms
[288.372s][info][gc,heap        ] GC(483) ParNew: 220631K->0K(460096K)
[288.372s][info][gc,heap        ] GC(483) CMS: 63423K->5077K(1585984K)
[288.372s][info][gc,metaspace   ] GC(483) Metaspace: 23826K(24832K)->23826K(24832K) NonClass: 20901K(21504K)->20901K(21504K) Class: 2925K(3328K)->2925K(3328K)
[288.372s][info][gc             ] GC(483) Pause Full (System.gc()) 277M->4M(1998M) 80.443ms
[288.372s][info][gc,cpu         ] GC(483) User=0.08s Sys=0.00s Real=0.08s
[290.254s][info][gc,start       ] GC(484) Pause Young (Allocation Failure)
[290.254s][info][gc,task        ] GC(484) Using 6 workers of 6 for evacuation
[290.271s][info][gc,heap        ] GC(484) ParNew: 409024K->26907K(460096K)
[290.271s][info][gc,heap        ] GC(484) CMS: 5077K->5077K(1585984K)
[290.271s][info][gc,metaspace   ] GC(484) Metaspace: 23826K(24832K)->23826K(24832K) NonClass: 20901K(21504K)->20901K(21504K) Class: 2925K(3328K)->2925K(3328K)
[290.272s][info][gc             ] GC(484) Pause Young (Allocation Failure) 404M->31M(1998M) 17.657ms
[290.272s][info][gc,cpu         ] GC(484) User=0.08s Sys=0.00s Real=0.02s
[290.355s][info][gc,start       ] GC(485) Pause Young (Allocation Failure)
[290.355s][info][gc,task        ] GC(485) Using 6 workers of 6 for evacuation
[290.372s][info][gc,heap        ] GC(485) ParNew: 435931K->0K(460096K)
[290.372s][info][gc,heap        ] GC(485) CMS: 5077K->36351K(1585984K)
[290.372s][info][gc,metaspace   ] GC(485) Metaspace: 23826K(24832K)->23826K(24832K) NonClass: 20901K(21504K)->20901K(21504K) Class: 2925K(3328K)->2925K(3328K)
[290.372s][info][gc             ] GC(485) Pause Young (Allocation Failure) 430M->35M(1998M) 16.670ms
[290.372s][info][gc,cpu         ] GC(485) User=0.02s Sys=0.00s Real=0.02s
[290.454s][info][gc,start       ] GC(486) Pause Young (Allocation Failure)
[290.454s][info][gc,task        ] GC(486) Using 6 workers of 6 for evacuation
[290.457s][info][gc,heap        ] GC(486) ParNew: 409024K->0K(460096K)
[290.458s][info][gc,heap        ] GC(486) CMS: 36351K->36351K(1585984K)
[290.458s][info][gc,metaspace   ] GC(486) Metaspace: 23826K(24832K)->23826K(24832K) NonClass: 20901K(21504K)->20901K(21504K) Class: 2925K(3328K)->2925K(3328K)
[290.458s][info][gc             ] GC(486) Pause Young (Allocation Failure) 434M->35M(1998M) 3.099ms
[290.458s][info][gc,cpu         ] GC(486) User=0.00s Sys=0.00s Real=0.02s
[292.355s][info][gc,start       ] GC(487) Pause Young (Allocation Failure)
[292.355s][info][gc,task        ] GC(487) Using 6 workers of 6 for evacuation
[292.373s][info][gc,heap        ] GC(487) ParNew: 409024K->27116K(460096K)
[292.373s][info][gc,heap        ] GC(487) CMS: 36351K->36351K(1585984K)
[292.373s][info][gc,metaspace   ] GC(487) Metaspace: 23826K(24832K)->23826K(24832K) NonClass: 20901K(21504K)->20901K(21504K) Class: 2925K(3328K)->2925K(3328K)
[292.373s][info][gc             ] GC(487) Pause Young (Allocation Failure) 434M->61M(1998M) 18.061ms
[292.373s][info][gc,cpu         ] GC(487) User=0.03s Sys=0.00s Real=0.02s
[292.457s][info][gc,start       ] GC(488) Pause Young (Allocation Failure)
[292.457s][info][gc,task        ] GC(488) Using 6 workers of 6 for evacuation
[292.473s][info][gc,heap        ] GC(488) ParNew: 436140K->0K(460096K)
[292.473s][info][gc,heap        ] GC(488) CMS: 36351K->63452K(1585984K)
[292.473s][info][gc,metaspace   ] GC(488) Metaspace: 23826K(24832K)->23826K(24832K) NonClass: 20901K(21504K)->20901K(21504K) Class: 2925K(3328K)->2925K(3328K)
[292.473s][info][gc             ] GC(488) Pause Young (Allocation Failure) 461M->61M(1998M) 16.099ms
[292.473s][info][gc,cpu         ] GC(488) User=0.02s Sys=0.00s Real=0.02s
[292.555s][info][gc,start       ] GC(489) Pause Young (Allocation Failure)
[292.555s][info][gc,task        ] GC(489) Using 6 workers of 6 for evacuation
[292.558s][info][gc,heap        ] GC(489) ParNew: 409024K->0K(460096K)
[292.558s][info][gc,heap        ] GC(489) CMS: 63452K->63452K(1585984K)
[292.558s][info][gc,metaspace   ] GC(489) Metaspace: 23826K(24832K)->23826K(24832K) NonClass: 20901K(21504K)->20901K(21504K) Class: 2925K(3328K)->2925K(3328K)
[292.558s][info][gc             ] GC(489) Pause Young (Allocation Failure) 461M->61M(1998M) 2.456ms
[292.558s][info][gc,cpu         ] GC(489) User=0.00s Sys=0.00s Real=0.00s
[292.616s][info][gc,start       ] GC(490) Pause Full (System.gc())
[292.616s][info][gc,phases,start] GC(490) Phase 1: Mark live objects
[292.623s][info][gc,phases      ] GC(490) Phase 1: Mark live objects 6.351ms
[292.623s][info][gc,phases,start] GC(490) Phase 2: Compute new object addresses
[292.690s][info][gc,phases      ] GC(490) Phase 2: Compute new object addresses 67.335ms
[292.690s][info][gc,phases,start] GC(490) Phase 3: Adjust pointers
[292.694s][info][gc,phases      ] GC(490) Phase 3: Adjust pointers 4.423ms
[292.694s][info][gc,phases,start] GC(490) Phase 4: Move objects
[292.695s][info][gc,phases      ] GC(490) Phase 4: Move objects 0.192ms
[292.696s][info][gc,heap        ] GC(490) ParNew: 220631K->0K(460096K)
[292.696s][info][gc,heap        ] GC(490) CMS: 63452K->5078K(1585984K)
[292.696s][info][gc,metaspace   ] GC(490) Metaspace: 23826K(24832K)->23826K(24832K) NonClass: 20901K(21504K)->20901K(21504K) Class: 2925K(3328K)->2925K(3328K)
[292.696s][info][gc             ] GC(490) Pause Full (System.gc()) 277M->4M(1998M) 80.245ms
[292.696s][info][gc,cpu         ] GC(490) User=0.08s Sys=0.00s Real=0.08s
[294.581s][info][gc,start       ] GC(491) Pause Young (Allocation Failure)
[294.581s][info][gc,task        ] GC(491) Using 6 workers of 6 for evacuation
[294.599s][info][gc,heap        ] GC(491) ParNew: 409024K->26765K(460096K)
[294.599s][info][gc,heap        ] GC(491) CMS: 5078K->5078K(1585984K)
[294.599s][info][gc,metaspace   ] GC(491) Metaspace: 23826K(24832K)->23826K(24832K) NonClass: 20901K(21504K)->20901K(21504K) Class: 2925K(3328K)->2925K(3328K)
[294.599s][info][gc             ] GC(491) Pause Young (Allocation Failure) 404M->31M(1998M) 18.322ms
[294.599s][info][gc,cpu         ] GC(491) User=0.08s Sys=0.00s Real=0.02s
[294.682s][info][gc,start       ] GC(492) Pause Young (Allocation Failure)
[294.682s][info][gc,task        ] GC(492) Using 6 workers of 6 for evacuation
[294.698s][info][gc,heap        ] GC(492) ParNew: 435789K->0K(460096K)
[294.699s][info][gc,heap        ] GC(492) CMS: 5078K->36356K(1585984K)
[294.699s][info][gc,metaspace   ] GC(492) Metaspace: 23826K(24832K)->23826K(24832K) NonClass: 20901K(21504K)->20901K(21504K) Class: 2925K(3328K)->2925K(3328K)
[294.699s][info][gc             ] GC(492) Pause Young (Allocation Failure) 430M->35M(1998M) 16.420ms
[294.699s][info][gc,cpu         ] GC(492) User=0.02s Sys=0.00s Real=0.02s
[294.781s][info][gc,start       ] GC(493) Pause Young (Allocation Failure)
[294.781s][info][gc,task        ] GC(493) Using 6 workers of 6 for evacuation
[294.784s][info][gc,heap        ] GC(493) ParNew: 409024K->0K(460096K)
[294.784s][info][gc,heap        ] GC(493) CMS: 36356K->36356K(1585984K)
[294.784s][info][gc,metaspace   ] GC(493) Metaspace: 23826K(24832K)->23826K(24832K) NonClass: 20901K(21504K)->20901K(21504K) Class: 2925K(3328K)->2925K(3328K)
[294.784s][info][gc             ] GC(493) Pause Young (Allocation Failure) 434M->35M(1998M) 2.951ms
[294.784s][info][gc,cpu         ] GC(493) User=0.00s Sys=0.00s Real=0.00s
[296.678s][info][gc,start       ] GC(494) Pause Young (Allocation Failure)
[296.678s][info][gc,task        ] GC(494) Using 6 workers of 6 for evacuation
[296.696s][info][gc,heap        ] GC(494) ParNew: 409024K->27192K(460096K)
[296.696s][info][gc,heap        ] GC(494) CMS: 36356K->36356K(1585984K)
[296.696s][info][gc,metaspace   ] GC(494) Metaspace: 23826K(24832K)->23826K(24832K) NonClass: 20901K(21504K)->20901K(21504K) Class: 2925K(3328K)->2925K(3328K)
[296.696s][info][gc             ] GC(494) Pause Young (Allocation Failure) 434M->62M(1998M) 18.545ms
[296.696s][info][gc,cpu         ] GC(494) User=0.06s Sys=0.00s Real=0.02s
[296.779s][info][gc,start       ] GC(495) Pause Young (Allocation Failure)
[296.779s][info][gc,task        ] GC(495) Using 6 workers of 6 for evacuation
[296.795s][info][gc,heap        ] GC(495) ParNew: 436216K->0K(460096K)
[296.795s][info][gc,heap        ] GC(495) CMS: 36356K->63567K(1585984K)
[296.795s][info][gc,metaspace   ] GC(495) Metaspace: 23826K(24832K)->23826K(24832K) NonClass: 20901K(21504K)->20901K(21504K) Class: 2925K(3328K)->2925K(3328K)
[296.795s][info][gc             ] GC(495) Pause Young (Allocation Failure) 461M->62M(1998M) 16.075ms
[296.795s][info][gc,cpu         ] GC(495) User=0.02s Sys=0.00s Real=0.01s
[296.877s][info][gc,start       ] GC(496) Pause Young (Allocation Failure)
[296.878s][info][gc,task        ] GC(496) Using 6 workers of 6 for evacuation
[296.880s][info][gc,heap        ] GC(496) ParNew: 409024K->0K(460096K)
[296.880s][info][gc,heap        ] GC(496) CMS: 63567K->63567K(1585984K)
[296.880s][info][gc,metaspace   ] GC(496) Metaspace: 23826K(24832K)->23826K(24832K) NonClass: 20901K(21504K)->20901K(21504K) Class: 2925K(3328K)->2925K(3328K)
[296.880s][info][gc             ] GC(496) Pause Young (Allocation Failure) 461M->62M(1998M) 2.649ms
[296.880s][info][gc,cpu         ] GC(496) User=0.02s Sys=0.00s Real=0.02s
[296.938s][info][gc,start       ] GC(497) Pause Full (System.gc())
[296.939s][info][gc,phases,start] GC(497) Phase 1: Mark live objects
[296.946s][info][gc,phases      ] GC(497) Phase 1: Mark live objects 6.932ms
[296.946s][info][gc,phases,start] GC(497) Phase 2: Compute new object addresses
[297.012s][info][gc,phases      ] GC(497) Phase 2: Compute new object addresses 66.738ms
[297.012s][info][gc,phases,start] GC(497) Phase 3: Adjust pointers
[297.017s][info][gc,phases      ] GC(497) Phase 3: Adjust pointers 4.435ms
[297.017s][info][gc,phases,start] GC(497) Phase 4: Move objects
[297.017s][info][gc,phases      ] GC(497) Phase 4: Move objects 0.190ms
[297.018s][info][gc,heap        ] GC(497) ParNew: 220631K->0K(460096K)
[297.018s][info][gc,heap        ] GC(497) CMS: 63567K->5078K(1585984K)
[297.018s][info][gc,metaspace   ] GC(497) Metaspace: 23826K(24832K)->23826K(24832K) NonClass: 20901K(21504K)->20901K(21504K) Class: 2925K(3328K)->2925K(3328K)
[297.019s][info][gc             ] GC(497) Pause Full (System.gc()) 277M->4M(1998M) 80.246ms
[297.019s][info][gc,cpu         ] GC(497) User=0.06s Sys=0.00s Real=0.07s
[298.899s][info][gc,start       ] GC(498) Pause Young (Allocation Failure)
[298.899s][info][gc,task        ] GC(498) Using 6 workers of 6 for evacuation
[298.917s][info][gc,heap        ] GC(498) ParNew: 409024K->26804K(460096K)
[298.917s][info][gc,heap        ] GC(498) CMS: 5078K->5078K(1585984K)
[298.917s][info][gc,metaspace   ] GC(498) Metaspace: 23826K(24832K)->23826K(24832K) NonClass: 20901K(21504K)->20901K(21504K) Class: 2925K(3328K)->2925K(3328K)
[298.917s][info][gc             ] GC(498) Pause Young (Allocation Failure) 404M->31M(1998M) 17.997ms
[298.917s][info][gc,cpu         ] GC(498) User=0.08s Sys=0.00s Real=0.02s
[299.002s][info][gc,start       ] GC(499) Pause Young (Allocation Failure)
[299.002s][info][gc,task        ] GC(499) Using 6 workers of 6 for evacuation
[299.018s][info][gc,heap        ] GC(499) ParNew: 435828K->0K(460096K)
[299.018s][info][gc,heap        ] GC(499) CMS: 5078K->36353K(1585984K)
[299.018s][info][gc,metaspace   ] GC(499) Metaspace: 23826K(24832K)->23826K(24832K) NonClass: 20901K(21504K)->20901K(21504K) Class: 2925K(3328K)->2925K(3328K)
[299.018s][info][gc             ] GC(499) Pause Young (Allocation Failure) 430M->35M(1998M) 16.561ms
[299.018s][info][gc,cpu         ] GC(499) User=0.02s Sys=0.00s Real=0.02s
[299.101s][info][gc,start       ] GC(500) Pause Young (Allocation Failure)
[299.101s][info][gc,task        ] GC(500) Using 6 workers of 6 for evacuation
[299.103s][info][gc,heap        ] GC(500) ParNew: 409024K->0K(460096K)
[299.103s][info][gc,heap        ] GC(500) CMS: 36353K->36353K(1585984K)
[299.103s][info][gc,metaspace   ] GC(500) Metaspace: 23826K(24832K)->23826K(24832K) NonClass: 20901K(21504K)->20901K(21504K) Class: 2925K(3328K)->2925K(3328K)
[299.103s][info][gc             ] GC(500) Pause Young (Allocation Failure) 434M->35M(1998M) 2.679ms
[299.104s][info][gc,cpu         ] GC(500) User=0.00s Sys=0.00s Real=0.00s
[301.010s][info][gc,start       ] GC(501) Pause Young (Allocation Failure)
[301.010s][info][gc,task        ] GC(501) Using 6 workers of 6 for evacuation
[301.028s][info][gc,heap        ] GC(501) ParNew: 409024K->27214K(460096K)
[301.028s][info][gc,heap        ] GC(501) CMS: 36353K->36353K(1585984K)
[301.028s][info][gc,metaspace   ] GC(501) Metaspace: 23826K(24832K)->23826K(24832K) NonClass: 20901K(21504K)->20901K(21504K) Class: 2925K(3328K)->2925K(3328K)
[301.028s][info][gc             ] GC(501) Pause Young (Allocation Failure) 434M->62M(1998M) 18.364ms
[301.028s][info][gc,cpu         ] GC(501) User=0.09s Sys=0.00s Real=0.02s
[301.111s][info][gc,start       ] GC(502) Pause Young (Allocation Failure)
[301.111s][info][gc,task        ] GC(502) Using 6 workers of 6 for evacuation
[301.127s][info][gc,heap        ] GC(502) ParNew: 436238K->0K(460096K)
[301.127s][info][gc,heap        ] GC(502) CMS: 36353K->63455K(1585984K)
[301.127s][info][gc,metaspace   ] GC(502) Metaspace: 23826K(24832K)->23826K(24832K) NonClass: 20901K(21504K)->20901K(21504K) Class: 2925K(3328K)->2925K(3328K)
[301.127s][info][gc             ] GC(502) Pause Young (Allocation Failure) 461M->61M(1998M) 16.122ms
[301.127s][info][gc,cpu         ] GC(502) User=0.02s Sys=0.00s Real=0.02s
[301.210s][info][gc,start       ] GC(503) Pause Young (Allocation Failure)
[301.210s][info][gc,task        ] GC(503) Using 6 workers of 6 for evacuation
[301.212s][info][gc,heap        ] GC(503) ParNew: 409024K->0K(460096K)
[301.213s][info][gc,heap        ] GC(503) CMS: 63455K->63455K(1585984K)
[301.213s][info][gc,metaspace   ] GC(503) Metaspace: 23826K(24832K)->23826K(24832K) NonClass: 20901K(21504K)->20901K(21504K) Class: 2925K(3328K)->2925K(3328K)
[301.213s][info][gc             ] GC(503) Pause Young (Allocation Failure) 461M->61M(1998M) 2.762ms
[301.213s][info][gc,cpu         ] GC(503) User=0.02s Sys=0.00s Real=0.01s
[301.271s][info][gc,start       ] GC(504) Pause Full (System.gc())
[301.271s][info][gc,phases,start] GC(504) Phase 1: Mark live objects
[301.278s][info][gc,phases      ] GC(504) Phase 1: Mark live objects 7.330ms
[301.278s][info][gc,phases,start] GC(504) Phase 2: Compute new object addresses
[301.345s][info][gc,phases      ] GC(504) Phase 2: Compute new object addresses 66.236ms
[301.345s][info][gc,phases,start] GC(504) Phase 3: Adjust pointers
[301.349s][info][gc,phases      ] GC(504) Phase 3: Adjust pointers 4.442ms
[301.349s][info][gc,phases,start] GC(504) Phase 4: Move objects
[301.349s][info][gc,phases      ] GC(504) Phase 4: Move objects 0.190ms
[301.351s][info][gc,heap        ] GC(504) ParNew: 220631K->0K(460096K)
[301.351s][info][gc,heap        ] GC(504) CMS: 63455K->5078K(1585984K)
[301.351s][info][gc,metaspace   ] GC(504) Metaspace: 23826K(24832K)->23826K(24832K) NonClass: 20901K(21504K)->20901K(21504K) Class: 2925K(3328K)->2925K(3328K)
[301.351s][info][gc             ] GC(504) Pause Full (System.gc()) 277M->4M(1998M) 80.156ms
[301.351s][info][gc,cpu         ] GC(504) User=0.08s Sys=0.00s Real=0.09s
[303.234s][info][gc,start       ] GC(505) Pause Young (Allocation Failure)
[303.234s][info][gc,task        ] GC(505) Using 6 workers of 6 for evacuation
[303.251s][info][gc,heap        ] GC(505) ParNew: 409024K->26562K(460096K)
[303.252s][info][gc,heap        ] GC(505) CMS: 5078K->5078K(1585984K)
[303.252s][info][gc,metaspace   ] GC(505) Metaspace: 23826K(24832K)->23826K(24832K) NonClass: 20901K(21504K)->20901K(21504K) Class: 2925K(3328K)->2925K(3328K)
[303.252s][info][gc             ] GC(505) Pause Young (Allocation Failure) 404M->30M(1998M) 17.931ms
[303.252s][info][gc,cpu         ] GC(505) User=0.09s Sys=0.00s Real=0.02s
[303.335s][info][gc,start       ] GC(506) Pause Young (Allocation Failure)
[303.335s][info][gc,task        ] GC(506) Using 6 workers of 6 for evacuation
[303.351s][info][gc,heap        ] GC(506) ParNew: 435586K->0K(460096K)
[303.351s][info][gc,heap        ] GC(506) CMS: 5078K->36350K(1585984K)
[303.351s][info][gc,metaspace   ] GC(506) Metaspace: 23826K(24832K)->23826K(24832K) NonClass: 20901K(21504K)->20901K(21504K) Class: 2925K(3328K)->2925K(3328K)
[303.351s][info][gc             ] GC(506) Pause Young (Allocation Failure) 430M->35M(1998M) 16.241ms
[303.351s][info][gc,cpu         ] GC(506) User=0.02s Sys=0.00s Real=0.02s
[303.433s][info][gc,start       ] GC(507) Pause Young (Allocation Failure)
[303.433s][info][gc,task        ] GC(507) Using 6 workers of 6 for evacuation
[303.436s][info][gc,heap        ] GC(507) ParNew: 409024K->0K(460096K)
[303.436s][info][gc,heap        ] GC(507) CMS: 36350K->36350K(1585984K)
[303.436s][info][gc,metaspace   ] GC(507) Metaspace: 23826K(24832K)->23826K(24832K) NonClass: 20901K(21504K)->20901K(21504K) Class: 2925K(3328K)->2925K(3328K)
[303.436s][info][gc             ] GC(507) Pause Young (Allocation Failure) 434M->35M(1998M) 2.577ms
[303.436s][info][gc,cpu         ] GC(507) User=0.00s Sys=0.00s Real=0.00s
[305.333s][info][gc,start       ] GC(508) Pause Young (Allocation Failure)
[305.333s][info][gc,task        ] GC(508) Using 6 workers of 6 for evacuation
[305.351s][info][gc,heap        ] GC(508) ParNew: 409024K->27114K(460096K)
[305.351s][info][gc,heap        ] GC(508) CMS: 36350K->36350K(1585984K)
[305.351s][info][gc,metaspace   ] GC(508) Metaspace: 23826K(24832K)->23826K(24832K) NonClass: 20901K(21504K)->20901K(21504K) Class: 2925K(3328K)->2925K(3328K)
[305.351s][info][gc             ] GC(508) Pause Young (Allocation Failure) 434M->61M(1998M) 18.179ms
[305.351s][info][gc,cpu         ] GC(508) User=0.08s Sys=0.00s Real=0.02s
[305.434s][info][gc,start       ] GC(509) Pause Young (Allocation Failure)
[305.434s][info][gc,task        ] GC(509) Using 6 workers of 6 for evacuation
[305.450s][info][gc,heap        ] GC(509) ParNew: 436138K->0K(460096K)
[305.450s][info][gc,heap        ] GC(509) CMS: 36350K->63180K(1585984K)
[305.450s][info][gc,metaspace   ] GC(509) Metaspace: 23826K(24832K)->23826K(24832K) NonClass: 20901K(21504K)->20901K(21504K) Class: 2925K(3328K)->2925K(3328K)
[305.450s][info][gc             ] GC(509) Pause Young (Allocation Failure) 461M->61M(1998M) 16.473ms
[305.450s][info][gc,cpu         ] GC(509) User=0.02s Sys=0.00s Real=0.02s
[305.532s][info][gc,start       ] GC(510) Pause Young (Allocation Failure)
[305.533s][info][gc,task        ] GC(510) Using 6 workers of 6 for evacuation
[305.536s][info][gc,heap        ] GC(510) ParNew: 409024K->0K(460096K)
[305.536s][info][gc,heap        ] GC(510) CMS: 63180K->63180K(1585984K)
[305.536s][info][gc,metaspace   ] GC(510) Metaspace: 23826K(24832K)->23826K(24832K) NonClass: 20901K(21504K)->20901K(21504K) Class: 2925K(3328K)->2925K(3328K)
[305.536s][info][gc             ] GC(510) Pause Young (Allocation Failure) 461M->61M(1998M) 3.086ms
[305.536s][info][gc,cpu         ] GC(510) User=0.00s Sys=0.00s Real=0.00s
[305.595s][info][gc,start       ] GC(511) Pause Full (System.gc())
[305.595s][info][gc,phases,start] GC(511) Phase 1: Mark live objects
[305.602s][info][gc,phases      ] GC(511) Phase 1: Mark live objects 6.701ms
[305.602s][info][gc,phases,start] GC(511) Phase 2: Compute new object addresses
[305.670s][info][gc,phases      ] GC(511) Phase 2: Compute new object addresses 67.545ms
[305.670s][info][gc,phases,start] GC(511) Phase 3: Adjust pointers
[305.674s][info][gc,phases      ] GC(511) Phase 3: Adjust pointers 4.458ms
[305.674s][info][gc,phases,start] GC(511) Phase 4: Move objects
[305.674s][info][gc,phases      ] GC(511) Phase 4: Move objects 0.190ms
[305.676s][info][gc,heap        ] GC(511) ParNew: 220631K->0K(460096K)
[305.676s][info][gc,heap        ] GC(511) CMS: 63180K->5078K(1585984K)
[305.676s][info][gc,metaspace   ] GC(511) Metaspace: 23826K(24832K)->23826K(24832K) NonClass: 20901K(21504K)->20901K(21504K) Class: 2925K(3328K)->2925K(3328K)
[305.676s][info][gc             ] GC(511) Pause Full (System.gc()) 277M->4M(1998M) 80.897ms
[305.676s][info][gc,cpu         ] GC(511) User=0.08s Sys=0.00s Real=0.08s
[307.559s][info][gc,start       ] GC(512) Pause Young (Allocation Failure)
[307.560s][info][gc,task        ] GC(512) Using 6 workers of 6 for evacuation
[307.578s][info][gc,heap        ] GC(512) ParNew: 409024K->26772K(460096K)
[307.578s][info][gc,heap        ] GC(512) CMS: 5078K->5078K(1585984K)
[307.578s][info][gc,metaspace   ] GC(512) Metaspace: 23826K(24832K)->23826K(24832K) NonClass: 20901K(21504K)->20901K(21504K) Class: 2925K(3328K)->2925K(3328K)
[307.578s][info][gc             ] GC(512) Pause Young (Allocation Failure) 404M->31M(1998M) 18.229ms
[307.578s][info][gc,cpu         ] GC(512) User=0.08s Sys=0.00s Real=0.02s
[307.662s][info][gc,start       ] GC(513) Pause Young (Allocation Failure)
[307.662s][info][gc,task        ] GC(513) Using 6 workers of 6 for evacuation
[307.678s][info][gc,heap        ] GC(513) ParNew: 435796K->0K(460096K)
[307.678s][info][gc,heap        ] GC(513) CMS: 5078K->36350K(1585984K)
[307.678s][info][gc,metaspace   ] GC(513) Metaspace: 23826K(24832K)->23826K(24832K) NonClass: 20901K(21504K)->20901K(21504K) Class: 2925K(3328K)->2925K(3328K)
[307.678s][info][gc             ] GC(513) Pause Young (Allocation Failure) 430M->35M(1998M) 16.756ms
[307.678s][info][gc,cpu         ] GC(513) User=0.02s Sys=0.00s Real=0.01s
[307.761s][info][gc,start       ] GC(514) Pause Young (Allocation Failure)
[307.761s][info][gc,task        ] GC(514) Using 6 workers of 6 for evacuation
[307.763s][info][gc,heap        ] GC(514) ParNew: 409024K->0K(460096K)
[307.763s][info][gc,heap        ] GC(514) CMS: 36350K->36350K(1585984K)
[307.763s][info][gc,metaspace   ] GC(514) Metaspace: 23826K(24832K)->23826K(24832K) NonClass: 20901K(21504K)->20901K(21504K) Class: 2925K(3328K)->2925K(3328K)
[307.764s][info][gc             ] GC(514) Pause Young (Allocation Failure) 434M->35M(1998M) 2.617ms
[307.764s][info][gc,cpu         ] GC(514) User=0.00s Sys=0.00s Real=0.00s
[309.659s][info][gc,start       ] GC(515) Pause Young (Allocation Failure)
[309.659s][info][gc,task        ] GC(515) Using 6 workers of 6 for evacuation
[309.677s][info][gc,heap        ] GC(515) ParNew: 409024K->27317K(460096K)
[309.677s][info][gc,heap        ] GC(515) CMS: 36350K->36350K(1585984K)
[309.677s][info][gc,metaspace   ] GC(515) Metaspace: 23826K(24832K)->23826K(24832K) NonClass: 20901K(21504K)->20901K(21504K) Class: 2925K(3328K)->2925K(3328K)
[309.678s][info][gc             ] GC(515) Pause Young (Allocation Failure) 434M->62M(1998M) 18.261ms
[309.678s][info][gc,cpu         ] GC(515) User=0.00s Sys=0.02s Real=0.02s
[309.760s][info][gc,start       ] GC(516) Pause Young (Allocation Failure)
[309.760s][info][gc,task        ] GC(516) Using 6 workers of 6 for evacuation
[309.777s][info][gc,heap        ] GC(516) ParNew: 436341K->0K(460096K)
[309.777s][info][gc,heap        ] GC(516) CMS: 36350K->63431K(1585984K)
[309.777s][info][gc,metaspace   ] GC(516) Metaspace: 23826K(24832K)->23826K(24832K) NonClass: 20901K(21504K)->20901K(21504K) Class: 2925K(3328K)->2925K(3328K)
[309.777s][info][gc             ] GC(516) Pause Young (Allocation Failure) 461M->61M(1998M) 17.248ms
[309.778s][info][gc,cpu         ] GC(516) User=0.00s Sys=0.00s Real=0.01s
[309.860s][info][gc,start       ] GC(517) Pause Young (Allocation Failure)
[309.860s][info][gc,task        ] GC(517) Using 6 workers of 6 for evacuation
[309.863s][info][gc,heap        ] GC(517) ParNew: 409024K->0K(460096K)
[309.863s][info][gc,heap        ] GC(517) CMS: 63431K->63431K(1585984K)
[309.863s][info][gc,metaspace   ] GC(517) Metaspace: 23826K(24832K)->23826K(24832K) NonClass: 20901K(21504K)->20901K(21504K) Class: 2925K(3328K)->2925K(3328K)
[309.863s][info][gc             ] GC(517) Pause Young (Allocation Failure) 461M->61M(1998M) 2.970ms
[309.863s][info][gc,cpu         ] GC(517) User=0.00s Sys=0.00s Real=0.00s
[309.922s][info][gc,start       ] GC(518) Pause Full (System.gc())
[309.922s][info][gc,phases,start] GC(518) Phase 1: Mark live objects
[309.929s][info][gc,phases      ] GC(518) Phase 1: Mark live objects 6.929ms
[309.929s][info][gc,phases,start] GC(518) Phase 2: Compute new object addresses
[309.997s][info][gc,phases      ] GC(518) Phase 2: Compute new object addresses 68.098ms
[309.997s][info][gc,phases,start] GC(518) Phase 3: Adjust pointers
[310.001s][info][gc,phases      ] GC(518) Phase 3: Adjust pointers 4.440ms
[310.001s][info][gc,phases,start] GC(518) Phase 4: Move objects
[310.002s][info][gc,phases      ] GC(518) Phase 4: Move objects 0.200ms
[310.003s][info][gc,heap        ] GC(518) ParNew: 220631K->0K(460096K)
[310.003s][info][gc,heap        ] GC(518) CMS: 63431K->5078K(1585984K)
[310.003s][info][gc,metaspace   ] GC(518) Metaspace: 23826K(24832K)->23826K(24832K) NonClass: 20901K(21504K)->20901K(21504K) Class: 2925K(3328K)->2925K(3328K)
[310.004s][info][gc             ] GC(518) Pause Full (System.gc()) 277M->4M(1998M) 81.958ms
[310.004s][info][gc,cpu         ] GC(518) User=0.06s Sys=0.00s Real=0.08s
[311.886s][info][gc,start       ] GC(519) Pause Young (Allocation Failure)
[311.886s][info][gc,task        ] GC(519) Using 6 workers of 6 for evacuation
[311.904s][info][gc,heap        ] GC(519) ParNew: 409024K->26564K(460096K)
[311.904s][info][gc,heap        ] GC(519) CMS: 5078K->5078K(1585984K)
[311.904s][info][gc,metaspace   ] GC(519) Metaspace: 23826K(24832K)->23826K(24832K) NonClass: 20901K(21504K)->20901K(21504K) Class: 2925K(3328K)->2925K(3328K)
[311.904s][info][gc             ] GC(519) Pause Young (Allocation Failure) 404M->30M(1998M) 18.197ms
[311.904s][info][gc,cpu         ] GC(519) User=0.08s Sys=0.00s Real=0.02s
[311.989s][info][gc,start       ] GC(520) Pause Young (Allocation Failure)
[311.989s][info][gc,task        ] GC(520) Using 6 workers of 6 for evacuation
[312.006s][info][gc,heap        ] GC(520) ParNew: 435588K->0K(460096K)
[312.006s][info][gc,heap        ] GC(520) CMS: 5078K->36348K(1585984K)
[312.006s][info][gc,metaspace   ] GC(520) Metaspace: 23826K(24832K)->23826K(24832K) NonClass: 20901K(21504K)->20901K(21504K) Class: 2925K(3328K)->2925K(3328K)
[312.006s][info][gc             ] GC(520) Pause Young (Allocation Failure) 430M->35M(1998M) 16.655ms
[312.006s][info][gc,cpu         ] GC(520) User=0.00s Sys=0.00s Real=0.02s
[312.088s][info][gc,start       ] GC(521) Pause Young (Allocation Failure)
[312.088s][info][gc,task        ] GC(521) Using 6 workers of 6 for evacuation
[312.091s][info][gc,heap        ] GC(521) ParNew: 409024K->0K(460096K)
[312.091s][info][gc,heap        ] GC(521) CMS: 36348K->36348K(1585984K)
[312.091s][info][gc,metaspace   ] GC(521) Metaspace: 23826K(24832K)->23826K(24832K) NonClass: 20901K(21504K)->20901K(21504K) Class: 2925K(3328K)->2925K(3328K)
[312.091s][info][gc             ] GC(521) Pause Young (Allocation Failure) 434M->35M(1998M) 2.707ms
[312.091s][info][gc,cpu         ] GC(521) User=0.00s Sys=0.00s Real=0.00s
[313.985s][info][gc,start       ] GC(522) Pause Young (Allocation Failure)
[313.985s][info][gc,task        ] GC(522) Using 6 workers of 6 for evacuation
[314.004s][info][gc,heap        ] GC(522) ParNew: 409024K->26998K(460096K)
[314.004s][info][gc,heap        ] GC(522) CMS: 36348K->36348K(1585984K)
[314.004s][info][gc,metaspace   ] GC(522) Metaspace: 23826K(24832K)->23826K(24832K) NonClass: 20901K(21504K)->20901K(21504K) Class: 2925K(3328K)->2925K(3328K)
[314.004s][info][gc             ] GC(522) Pause Young (Allocation Failure) 434M->61M(1998M) 19.616ms
[314.004s][info][gc,cpu         ] GC(522) User=0.03s Sys=0.00s Real=0.02s
[314.087s][info][gc,start       ] GC(523) Pause Young (Allocation Failure)
[314.087s][info][gc,task        ] GC(523) Using 6 workers of 6 for evacuation
[314.103s][info][gc,heap        ] GC(523) ParNew: 436022K->0K(460096K)
[314.103s][info][gc,heap        ] GC(523) CMS: 36348K->63490K(1585984K)
[314.103s][info][gc,metaspace   ] GC(523) Metaspace: 23826K(24832K)->23826K(24832K) NonClass: 20901K(21504K)->20901K(21504K) Class: 2925K(3328K)->2925K(3328K)
[314.103s][info][gc             ] GC(523) Pause Young (Allocation Failure) 461M->62M(1998M) 15.784ms
[314.103s][info][gc,cpu         ] GC(523) User=0.02s Sys=0.00s Real=0.02s
[314.187s][info][gc,start       ] GC(524) Pause Young (Allocation Failure)
[314.187s][info][gc,task        ] GC(524) Using 6 workers of 6 for evacuation
[314.189s][info][gc,heap        ] GC(524) ParNew: 409024K->0K(460096K)
[314.190s][info][gc,heap        ] GC(524) CMS: 63490K->63490K(1585984K)
[314.190s][info][gc,metaspace   ] GC(524) Metaspace: 23826K(24832K)->23826K(24832K) NonClass: 20901K(21504K)->20901K(21504K) Class: 2925K(3328K)->2925K(3328K)
[314.190s][info][gc             ] GC(524) Pause Young (Allocation Failure) 461M->62M(1998M) 2.922ms
[314.190s][info][gc,cpu         ] GC(524) User=0.00s Sys=0.00s Real=0.00s
[314.248s][info][gc,start       ] GC(525) Pause Full (System.gc())
[314.248s][info][gc,phases,start] GC(525) Phase 1: Mark live objects
[314.254s][info][gc,phases      ] GC(525) Phase 1: Mark live objects 6.236ms
[314.254s][info][gc,phases,start] GC(525) Phase 2: Compute new object addresses
[314.322s][info][gc,phases      ] GC(525) Phase 2: Compute new object addresses 67.681ms
[314.322s][info][gc,phases,start] GC(525) Phase 3: Adjust pointers
[314.327s][info][gc,phases      ] GC(525) Phase 3: Adjust pointers 4.537ms
[314.327s][info][gc,phases,start] GC(525) Phase 4: Move objects
[314.327s][info][gc,phases      ] GC(525) Phase 4: Move objects 0.190ms
[314.328s][info][gc,heap        ] GC(525) ParNew: 220631K->0K(460096K)
[314.328s][info][gc,heap        ] GC(525) CMS: 63490K->5078K(1585984K)
[314.328s][info][gc,metaspace   ] GC(525) Metaspace: 23826K(24832K)->23826K(24832K) NonClass: 20901K(21504K)->20901K(21504K) Class: 2925K(3328K)->2925K(3328K)
[314.329s][info][gc             ] GC(525) Pause Full (System.gc()) 277M->4M(1998M) 80.577ms
[314.329s][info][gc,cpu         ] GC(525) User=0.08s Sys=0.00s Real=0.08s
[316.212s][info][gc,start       ] GC(526) Pause Young (Allocation Failure)
[316.212s][info][gc,task        ] GC(526) Using 6 workers of 6 for evacuation
[316.231s][info][gc,heap        ] GC(526) ParNew: 409024K->26676K(460096K)
[316.231s][info][gc,heap        ] GC(526) CMS: 5078K->5078K(1585984K)
[316.231s][info][gc,metaspace   ] GC(526) Metaspace: 23826K(24832K)->23826K(24832K) NonClass: 20901K(21504K)->20901K(21504K) Class: 2925K(3328K)->2925K(3328K)
[316.231s][info][gc             ] GC(526) Pause Young (Allocation Failure) 404M->31M(1998M) 18.317ms
[316.231s][info][gc,cpu         ] GC(526) User=0.08s Sys=0.00s Real=0.02s
[316.314s][info][gc,start       ] GC(527) Pause Young (Allocation Failure)
[316.314s][info][gc,task        ] GC(527) Using 6 workers of 6 for evacuation
[316.330s][info][gc,heap        ] GC(527) ParNew: 435700K->0K(460096K)
[316.330s][info][gc,heap        ] GC(527) CMS: 5078K->36358K(1585984K)
[316.330s][info][gc,metaspace   ] GC(527) Metaspace: 23826K(24832K)->23826K(24832K) NonClass: 20901K(21504K)->20901K(21504K) Class: 2925K(3328K)->2925K(3328K)
[316.330s][info][gc             ] GC(527) Pause Young (Allocation Failure) 430M->35M(1998M) 16.646ms
[316.330s][info][gc,cpu         ] GC(527) User=0.02s Sys=0.00s Real=0.02s
[316.413s][info][gc,start       ] GC(528) Pause Young (Allocation Failure)
[316.413s][info][gc,task        ] GC(528) Using 6 workers of 6 for evacuation
[316.416s][info][gc,heap        ] GC(528) ParNew: 409024K->0K(460096K)
[316.416s][info][gc,heap        ] GC(528) CMS: 36358K->36358K(1585984K)
[316.416s][info][gc,metaspace   ] GC(528) Metaspace: 23826K(24832K)->23826K(24832K) NonClass: 20901K(21504K)->20901K(21504K) Class: 2925K(3328K)->2925K(3328K)
[316.416s][info][gc             ] GC(528) Pause Young (Allocation Failure) 434M->35M(1998M) 2.914ms
[316.416s][info][gc,cpu         ] GC(528) User=0.02s Sys=0.00s Real=0.02s
[318.312s][info][gc,start       ] GC(529) Pause Young (Allocation Failure)
[318.312s][info][gc,task        ] GC(529) Using 6 workers of 6 for evacuation
[318.330s][info][gc,heap        ] GC(529) ParNew: 409024K->27339K(460096K)
[318.330s][info][gc,heap        ] GC(529) CMS: 36358K->36358K(1585984K)
[318.330s][info][gc,metaspace   ] GC(529) Metaspace: 23826K(24832K)->23826K(24832K) NonClass: 20901K(21504K)->20901K(21504K) Class: 2925K(3328K)->2925K(3328K)
[318.330s][info][gc             ] GC(529) Pause Young (Allocation Failure) 434M->62M(1998M) 17.935ms
[318.330s][info][gc,cpu         ] GC(529) User=0.09s Sys=0.00s Real=0.03s
[318.413s][info][gc,start       ] GC(530) Pause Young (Allocation Failure)
[318.413s][info][gc,task        ] GC(530) Using 6 workers of 6 for evacuation
[318.428s][info][gc,heap        ] GC(530) ParNew: 436363K->0K(460096K)
[318.428s][info][gc,heap        ] GC(530) CMS: 36358K->63403K(1585984K)
[318.428s][info][gc,metaspace   ] GC(530) Metaspace: 23828K(24832K)->23828K(24832K) NonClass: 20902K(21504K)->20902K(21504K) Class: 2925K(3328K)->2925K(3328K)
[318.428s][info][gc             ] GC(530) Pause Young (Allocation Failure) 461M->61M(1998M) 15.727ms
[318.428s][info][gc,cpu         ] GC(530) User=0.02s Sys=0.00s Real=0.02s
[318.511s][info][gc,start       ] GC(531) Pause Young (Allocation Failure)
[318.511s][info][gc,task        ] GC(531) Using 6 workers of 6 for evacuation
[318.513s][info][gc,heap        ] GC(531) ParNew: 409024K->0K(460096K)
[318.513s][info][gc,heap        ] GC(531) CMS: 63403K->63403K(1585984K)
[318.513s][info][gc,metaspace   ] GC(531) Metaspace: 23828K(24832K)->23828K(24832K) NonClass: 20902K(21504K)->20902K(21504K) Class: 2925K(3328K)->2925K(3328K)
[318.513s][info][gc             ] GC(531) Pause Young (Allocation Failure) 461M->61M(1998M) 2.722ms
[318.513s][info][gc,cpu         ] GC(531) User=0.00s Sys=0.00s Real=0.00s
[318.571s][info][gc,start       ] GC(532) Pause Full (System.gc())
[318.572s][info][gc,phases,start] GC(532) Phase 1: Mark live objects
[318.579s][info][gc,phases      ] GC(532) Phase 1: Mark live objects 6.985ms
[318.579s][info][gc,phases,start] GC(532) Phase 2: Compute new object addresses
[318.646s][info][gc,phases      ] GC(532) Phase 2: Compute new object addresses 67.531ms
[318.646s][info][gc,phases,start] GC(532) Phase 3: Adjust pointers
[318.651s][info][gc,phases      ] GC(532) Phase 3: Adjust pointers 4.447ms
[318.651s][info][gc,phases,start] GC(532) Phase 4: Move objects
[318.651s][info][gc,phases      ] GC(532) Phase 4: Move objects 0.192ms
[318.652s][info][gc,heap        ] GC(532) ParNew: 220631K->0K(460096K)
[318.652s][info][gc,heap        ] GC(532) CMS: 63403K->5078K(1585984K)
[318.652s][info][gc,metaspace   ] GC(532) Metaspace: 23828K(24832K)->23828K(24832K) NonClass: 20902K(21504K)->20902K(21504K) Class: 2925K(3328K)->2925K(3328K)
[318.653s][info][gc             ] GC(532) Pause Full (System.gc()) 277M->4M(1998M) 81.135ms
[318.653s][info][gc,cpu         ] GC(532) User=0.06s Sys=0.00s Real=0.07s
[320.538s][info][gc,start       ] GC(533) Pause Young (Allocation Failure)
[320.538s][info][gc,task        ] GC(533) Using 6 workers of 6 for evacuation
[320.556s][info][gc,heap        ] GC(533) ParNew: 409024K->26563K(460096K)
[320.556s][info][gc,heap        ] GC(533) CMS: 5078K->5078K(1585984K)
[320.556s][info][gc,metaspace   ] GC(533) Metaspace: 23828K(24832K)->23828K(24832K) NonClass: 20902K(21504K)->20902K(21504K) Class: 2925K(3328K)->2925K(3328K)
[320.556s][info][gc             ] GC(533) Pause Young (Allocation Failure) 404M->30M(1998M) 18.224ms
[320.556s][info][gc,cpu         ] GC(533) User=0.08s Sys=0.00s Real=0.02s
[320.639s][info][gc,start       ] GC(534) Pause Young (Allocation Failure)
[320.639s][info][gc,task        ] GC(534) Using 6 workers of 6 for evacuation
[320.656s][info][gc,heap        ] GC(534) ParNew: 435587K->0K(460096K)
[320.656s][info][gc,heap        ] GC(534) CMS: 5078K->36351K(1585984K)
[320.656s][info][gc,metaspace   ] GC(534) Metaspace: 23828K(24832K)->23828K(24832K) NonClass: 20902K(21504K)->20902K(21504K) Class: 2925K(3328K)->2925K(3328K)
[320.656s][info][gc             ] GC(534) Pause Young (Allocation Failure) 430M->35M(1998M) 16.857ms
[320.656s][info][gc,cpu         ] GC(534) User=0.02s Sys=0.00s Real=0.02s
[320.738s][info][gc,start       ] GC(535) Pause Young (Allocation Failure)
[320.739s][info][gc,task        ] GC(535) Using 6 workers of 6 for evacuation
[320.741s][info][gc,heap        ] GC(535) ParNew: 409024K->0K(460096K)
[320.741s][info][gc,heap        ] GC(535) CMS: 36351K->36351K(1585984K)
[320.741s][info][gc,metaspace   ] GC(535) Metaspace: 23828K(24832K)->23828K(24832K) NonClass: 20902K(21504K)->20902K(21504K) Class: 2925K(3328K)->2925K(3328K)
[320.741s][info][gc             ] GC(535) Pause Young (Allocation Failure) 434M->35M(1998M) 2.819ms
[320.741s][info][gc,cpu         ] GC(535) User=0.00s Sys=0.00s Real=0.00s
[322.637s][info][gc,start       ] GC(536) Pause Young (Allocation Failure)
[322.637s][info][gc,task        ] GC(536) Using 6 workers of 6 for evacuation
[322.656s][info][gc,heap        ] GC(536) ParNew: 409024K->27317K(460096K)
[322.656s][info][gc,heap        ] GC(536) CMS: 36351K->36351K(1585984K)
[322.656s][info][gc,metaspace   ] GC(536) Metaspace: 23828K(24832K)->23828K(24832K) NonClass: 20902K(21504K)->20902K(21504K) Class: 2925K(3328K)->2925K(3328K)
[322.656s][info][gc             ] GC(536) Pause Young (Allocation Failure) 434M->62M(1998M) 18.949ms
[322.656s][info][gc,cpu         ] GC(536) User=0.06s Sys=0.00s Real=0.02s
[322.739s][info][gc,start       ] GC(537) Pause Young (Allocation Failure)
[322.739s][info][gc,task        ] GC(537) Using 6 workers of 6 for evacuation
[322.754s][info][gc,heap        ] GC(537) ParNew: 436341K->0K(460096K)
[322.754s][info][gc,heap        ] GC(537) CMS: 36351K->63419K(1585984K)
[322.754s][info][gc,metaspace   ] GC(537) Metaspace: 23828K(24832K)->23828K(24832K) NonClass: 20902K(21504K)->20902K(21504K) Class: 2925K(3328K)->2925K(3328K)
[322.754s][info][gc             ] GC(537) Pause Young (Allocation Failure) 461M->61M(1998M) 15.354ms
[322.754s][info][gc,cpu         ] GC(537) User=0.02s Sys=0.00s Real=0.02s
[322.836s][info][gc,start       ] GC(538) Pause Young (Allocation Failure)
[322.837s][info][gc,task        ] GC(538) Using 6 workers of 6 for evacuation
[322.839s][info][gc,heap        ] GC(538) ParNew: 409024K->0K(460096K)
[322.839s][info][gc,heap        ] GC(538) CMS: 63419K->63419K(1585984K)
[322.839s][info][gc,metaspace   ] GC(538) Metaspace: 23828K(24832K)->23828K(24832K) NonClass: 20902K(21504K)->20902K(21504K) Class: 2925K(3328K)->2925K(3328K)
[322.839s][info][gc             ] GC(538) Pause Young (Allocation Failure) 461M->61M(1998M) 2.900ms
[322.839s][info][gc,cpu         ] GC(538) User=0.00s Sys=0.00s Real=0.00s
[322.900s][info][gc,start       ] GC(539) Pause Full (System.gc())
[322.900s][info][gc,phases,start] GC(539) Phase 1: Mark live objects
[322.906s][info][gc,phases      ] GC(539) Phase 1: Mark live objects 6.254ms
[322.906s][info][gc,phases,start] GC(539) Phase 2: Compute new object addresses
[322.973s][info][gc,phases      ] GC(539) Phase 2: Compute new object addresses 66.461ms
[322.973s][info][gc,phases,start] GC(539) Phase 3: Adjust pointers
[322.978s][info][gc,phases      ] GC(539) Phase 3: Adjust pointers 5.095ms
[322.978s][info][gc,phases,start] GC(539) Phase 4: Move objects
[322.978s][info][gc,phases      ] GC(539) Phase 4: Move objects 0.224ms
[322.980s][info][gc,heap        ] GC(539) ParNew: 220631K->0K(460096K)
[322.980s][info][gc,heap        ] GC(539) CMS: 63419K->5078K(1585984K)
[322.980s][info][gc,metaspace   ] GC(539) Metaspace: 23828K(24832K)->23828K(24832K) NonClass: 20902K(21504K)->20902K(21504K) Class: 2925K(3328K)->2925K(3328K)
[322.980s][info][gc             ] GC(539) Pause Full (System.gc()) 277M->4M(1998M) 80.389ms
[322.980s][info][gc,cpu         ] GC(539) User=0.06s Sys=0.00s Real=0.08s
[324.861s][info][gc,start       ] GC(540) Pause Young (Allocation Failure)
[324.861s][info][gc,task        ] GC(540) Using 6 workers of 6 for evacuation
[324.880s][info][gc,heap        ] GC(540) ParNew: 409024K->26983K(460096K)
[324.880s][info][gc,heap        ] GC(540) CMS: 5078K->5078K(1585984K)
[324.880s][info][gc,metaspace   ] GC(540) Metaspace: 23828K(24832K)->23828K(24832K) NonClass: 20902K(21504K)->20902K(21504K) Class: 2925K(3328K)->2925K(3328K)
[324.880s][info][gc             ] GC(540) Pause Young (Allocation Failure) 404M->31M(1998M) 19.276ms
[324.880s][info][gc,cpu         ] GC(540) User=0.08s Sys=0.00s Real=0.02s
[324.964s][info][gc,start       ] GC(541) Pause Young (Allocation Failure)
[324.964s][info][gc,task        ] GC(541) Using 6 workers of 6 for evacuation
[324.984s][info][gc,heap        ] GC(541) ParNew: 436007K->0K(460096K)
[324.984s][info][gc,heap        ] GC(541) CMS: 5078K->36345K(1585984K)
[324.984s][info][gc,metaspace   ] GC(541) Metaspace: 23828K(24832K)->23828K(24832K) NonClass: 20902K(21504K)->20902K(21504K) Class: 2925K(3328K)->2925K(3328K)
[324.985s][info][gc             ] GC(541) Pause Young (Allocation Failure) 430M->35M(1998M) 20.168ms
[324.985s][info][gc,cpu         ] GC(541) User=0.03s Sys=0.00s Real=0.03s
[325.067s][info][gc,start       ] GC(542) Pause Young (Allocation Failure)
[325.067s][info][gc,task        ] GC(542) Using 6 workers of 6 for evacuation
[325.070s][info][gc,heap        ] GC(542) ParNew: 409024K->0K(460096K)
[325.070s][info][gc,heap        ] GC(542) CMS: 36345K->36345K(1585984K)
[325.070s][info][gc,metaspace   ] GC(542) Metaspace: 23828K(24832K)->23828K(24832K) NonClass: 20902K(21504K)->20902K(21504K) Class: 2925K(3328K)->2925K(3328K)
[325.070s][info][gc             ] GC(542) Pause Young (Allocation Failure) 434M->35M(1998M) 2.917ms
[325.070s][info][gc,cpu         ] GC(542) User=0.00s Sys=0.00s Real=0.00s
[326.965s][info][gc,start       ] GC(543) Pause Young (Allocation Failure)
[326.965s][info][gc,task        ] GC(543) Using 6 workers of 6 for evacuation
[326.982s][info][gc,heap        ] GC(543) ParNew: 409024K->27107K(460096K)
[326.982s][info][gc,heap        ] GC(543) CMS: 36345K->36345K(1585984K)
[326.982s][info][gc,metaspace   ] GC(543) Metaspace: 23828K(24832K)->23828K(24832K) NonClass: 20902K(21504K)->20902K(21504K) Class: 2925K(3328K)->2925K(3328K)
[326.982s][info][gc             ] GC(543) Pause Young (Allocation Failure) 434M->61M(1998M) 17.353ms
[326.982s][info][gc,cpu         ] GC(543) User=0.08s Sys=0.00s Real=0.02s
[327.066s][info][gc,start       ] GC(544) Pause Young (Allocation Failure)
[327.066s][info][gc,task        ] GC(544) Using 6 workers of 6 for evacuation
[327.081s][info][gc,heap        ] GC(544) ParNew: 436131K->0K(460096K)
[327.082s][info][gc,heap        ] GC(544) CMS: 36345K->63308K(1585984K)
[327.082s][info][gc,metaspace   ] GC(544) Metaspace: 23828K(24832K)->23828K(24832K) NonClass: 20902K(21504K)->20902K(21504K) Class: 2925K(3328K)->2925K(3328K)
[327.082s][info][gc             ] GC(544) Pause Young (Allocation Failure) 461M->61M(1998M) 15.711ms
[327.082s][info][gc,cpu         ] GC(544) User=0.02s Sys=0.00s Real=0.02s
[327.164s][info][gc,start       ] GC(545) Pause Young (Allocation Failure)
[327.164s][info][gc,task        ] GC(545) Using 6 workers of 6 for evacuation
[327.166s][info][gc,heap        ] GC(545) ParNew: 409024K->0K(460096K)
[327.166s][info][gc,heap        ] GC(545) CMS: 63308K->63308K(1585984K)
[327.167s][info][gc,metaspace   ] GC(545) Metaspace: 23828K(24832K)->23828K(24832K) NonClass: 20902K(21504K)->20902K(21504K) Class: 2925K(3328K)->2925K(3328K)
[327.167s][info][gc             ] GC(545) Pause Young (Allocation Failure) 461M->61M(1998M) 2.716ms
[327.167s][info][gc,cpu         ] GC(545) User=0.02s Sys=0.00s Real=0.02s
[327.224s][info][gc,start       ] GC(546) Pause Full (System.gc())
[327.225s][info][gc,phases,start] GC(546) Phase 1: Mark live objects
[327.232s][info][gc,phases      ] GC(546) Phase 1: Mark live objects 7.106ms
[327.232s][info][gc,phases,start] GC(546) Phase 2: Compute new object addresses
[327.299s][info][gc,phases      ] GC(546) Phase 2: Compute new object addresses 66.879ms
[327.299s][info][gc,phases,start] GC(546) Phase 3: Adjust pointers
[327.303s][info][gc,phases      ] GC(546) Phase 3: Adjust pointers 4.441ms
[327.303s][info][gc,phases,start] GC(546) Phase 4: Move objects
[327.303s][info][gc,phases      ] GC(546) Phase 4: Move objects 0.195ms
[327.305s][info][gc,heap        ] GC(546) ParNew: 220631K->0K(460096K)
[327.305s][info][gc,heap        ] GC(546) CMS: 63308K->5078K(1585984K)
[327.305s][info][gc,metaspace   ] GC(546) Metaspace: 23828K(24832K)->23828K(24832K) NonClass: 20902K(21504K)->20902K(21504K) Class: 2925K(3328K)->2925K(3328K)
[327.305s][info][gc             ] GC(546) Pause Full (System.gc()) 277M->4M(1998M) 80.593ms
[327.305s][info][gc,cpu         ] GC(546) User=0.08s Sys=0.00s Real=0.08s
[329.187s][info][gc,start       ] GC(547) Pause Young (Allocation Failure)
[329.187s][info][gc,task        ] GC(547) Using 6 workers of 6 for evacuation
[329.205s][info][gc,heap        ] GC(547) ParNew: 409024K->26552K(460096K)
[329.205s][info][gc,heap        ] GC(547) CMS: 5078K->5078K(1585984K)
[329.205s][info][gc,metaspace   ] GC(547) Metaspace: 23828K(24832K)->23828K(24832K) NonClass: 20902K(21504K)->20902K(21504K) Class: 2925K(3328K)->2925K(3328K)
[329.205s][info][gc             ] GC(547) Pause Young (Allocation Failure) 404M->30M(1998M) 18.035ms
[329.205s][info][gc,cpu         ] GC(547) User=0.06s Sys=0.00s Real=0.02s
[329.288s][info][gc,start       ] GC(548) Pause Young (Allocation Failure)
[329.288s][info][gc,task        ] GC(548) Using 6 workers of 6 for evacuation
[329.304s][info][gc,heap        ] GC(548) ParNew: 435576K->0K(460096K)
[329.304s][info][gc,heap        ] GC(548) CMS: 5078K->36341K(1585984K)
[329.304s][info][gc,metaspace   ] GC(548) Metaspace: 23828K(24832K)->23828K(24832K) NonClass: 20902K(21504K)->20902K(21504K) Class: 2925K(3328K)->2925K(3328K)
[329.304s][info][gc             ] GC(548) Pause Young (Allocation Failure) 430M->35M(1998M) 16.327ms
[329.304s][info][gc,cpu         ] GC(548) User=0.02s Sys=0.00s Real=0.02s
[329.386s][info][gc,start       ] GC(549) Pause Young (Allocation Failure)
[329.387s][info][gc,task        ] GC(549) Using 6 workers of 6 for evacuation
[329.389s][info][gc,heap        ] GC(549) ParNew: 409024K->0K(460096K)
[329.389s][info][gc,heap        ] GC(549) CMS: 36341K->36341K(1585984K)
[329.389s][info][gc,metaspace   ] GC(549) Metaspace: 23828K(24832K)->23828K(24832K) NonClass: 20902K(21504K)->20902K(21504K) Class: 2925K(3328K)->2925K(3328K)
[329.389s][info][gc             ] GC(549) Pause Young (Allocation Failure) 434M->35M(1998M) 2.690ms
[329.389s][info][gc,cpu         ] GC(549) User=0.00s Sys=0.00s Real=0.00s
[331.285s][info][gc,start       ] GC(550) Pause Young (Allocation Failure)
[331.285s][info][gc,task        ] GC(550) Using 6 workers of 6 for evacuation
[331.303s][info][gc,heap        ] GC(550) ParNew: 409024K->27105K(460096K)
[331.303s][info][gc,heap        ] GC(550) CMS: 36341K->36341K(1585984K)
[331.303s][info][gc,metaspace   ] GC(550) Metaspace: 23828K(24832K)->23828K(24832K) NonClass: 20902K(21504K)->20902K(21504K) Class: 2925K(3328K)->2925K(3328K)
[331.303s][info][gc             ] GC(550) Pause Young (Allocation Failure) 434M->61M(1998M) 18.045ms
[331.303s][info][gc,cpu         ] GC(550) User=0.08s Sys=0.00s Real=0.02s
[331.386s][info][gc,start       ] GC(551) Pause Young (Allocation Failure)
[331.386s][info][gc,task        ] GC(551) Using 6 workers of 6 for evacuation
[331.402s][info][gc,heap        ] GC(551) ParNew: 436129K->0K(460096K)
[331.402s][info][gc,heap        ] GC(551) CMS: 36341K->63186K(1585984K)
[331.402s][info][gc,metaspace   ] GC(551) Metaspace: 23828K(24832K)->23828K(24832K) NonClass: 20902K(21504K)->20902K(21504K) Class: 2925K(3328K)->2925K(3328K)
[331.402s][info][gc             ] GC(551) Pause Young (Allocation Failure) 461M->61M(1998M) 15.906ms
[331.402s][info][gc,cpu         ] GC(551) User=0.02s Sys=0.00s Real=0.02s
[331.484s][info][gc,start       ] GC(552) Pause Young (Allocation Failure)
[331.484s][info][gc,task        ] GC(552) Using 6 workers of 6 for evacuation
[331.487s][info][gc,heap        ] GC(552) ParNew: 409024K->0K(460096K)
[331.487s][info][gc,heap        ] GC(552) CMS: 63186K->63186K(1585984K)
[331.487s][info][gc,metaspace   ] GC(552) Metaspace: 23828K(24832K)->23828K(24832K) NonClass: 20902K(21504K)->20902K(21504K) Class: 2925K(3328K)->2925K(3328K)
[331.487s][info][gc             ] GC(552) Pause Young (Allocation Failure) 461M->61M(1998M) 2.448ms
[331.487s][info][gc,cpu         ] GC(552) User=0.00s Sys=0.00s Real=0.00s
[331.545s][info][gc,start       ] GC(553) Pause Full (System.gc())
[331.545s][info][gc,phases,start] GC(553) Phase 1: Mark live objects
[331.552s][info][gc,phases      ] GC(553) Phase 1: Mark live objects 6.970ms
[331.552s][info][gc,phases,start] GC(553) Phase 2: Compute new object addresses
[331.619s][info][gc,phases      ] GC(553) Phase 2: Compute new object addresses 67.359ms
[331.619s][info][gc,phases,start] GC(553) Phase 3: Adjust pointers
[331.624s][info][gc,phases      ] GC(553) Phase 3: Adjust pointers 4.430ms
[331.624s][info][gc,phases,start] GC(553) Phase 4: Move objects
[331.624s][info][gc,phases      ] GC(553) Phase 4: Move objects 0.193ms
[331.625s][info][gc,heap        ] GC(553) ParNew: 220631K->0K(460096K)
[331.625s][info][gc,heap        ] GC(553) CMS: 63186K->5078K(1585984K)
[331.625s][info][gc,metaspace   ] GC(553) Metaspace: 23828K(24832K)->23828K(24832K) NonClass: 20902K(21504K)->20902K(21504K) Class: 2925K(3328K)->2925K(3328K)
[331.626s][info][gc             ] GC(553) Pause Full (System.gc()) 277M->4M(1998M) 81.080ms
[331.626s][info][gc,cpu         ] GC(553) User=0.08s Sys=0.00s Real=0.09s
[333.510s][info][gc,start       ] GC(554) Pause Young (Allocation Failure)
[333.510s][info][gc,task        ] GC(554) Using 6 workers of 6 for evacuation
[333.528s][info][gc,heap        ] GC(554) ParNew: 409024K->26566K(460096K)
[333.528s][info][gc,heap        ] GC(554) CMS: 5078K->5078K(1585984K)
[333.528s][info][gc,metaspace   ] GC(554) Metaspace: 23828K(24832K)->23828K(24832K) NonClass: 20902K(21504K)->20902K(21504K) Class: 2925K(3328K)->2925K(3328K)
[333.528s][info][gc             ] GC(554) Pause Young (Allocation Failure) 404M->30M(1998M) 17.556ms
[333.528s][info][gc,cpu         ] GC(554) User=0.02s Sys=0.00s Real=0.02s
[333.611s][info][gc,start       ] GC(555) Pause Young (Allocation Failure)
[333.611s][info][gc,task        ] GC(555) Using 6 workers of 6 for evacuation
[333.627s][info][gc,heap        ] GC(555) ParNew: 435590K->0K(460096K)
[333.627s][info][gc,heap        ] GC(555) CMS: 5078K->36350K(1585984K)
[333.627s][info][gc,metaspace   ] GC(555) Metaspace: 23828K(24832K)->23828K(24832K) NonClass: 20902K(21504K)->20902K(21504K) Class: 2925K(3328K)->2925K(3328K)
[333.628s][info][gc             ] GC(555) Pause Young (Allocation Failure) 430M->35M(1998M) 16.341ms
[333.628s][info][gc,cpu         ] GC(555) User=0.02s Sys=0.00s Real=0.02s
[333.710s][info][gc,start       ] GC(556) Pause Young (Allocation Failure)
[333.710s][info][gc,task        ] GC(556) Using 6 workers of 6 for evacuation
[333.713s][info][gc,heap        ] GC(556) ParNew: 409024K->0K(460096K)
[333.713s][info][gc,heap        ] GC(556) CMS: 36350K->36350K(1585984K)
[333.713s][info][gc,metaspace   ] GC(556) Metaspace: 23828K(24832K)->23828K(24832K) NonClass: 20902K(21504K)->20902K(21504K) Class: 2925K(3328K)->2925K(3328K)
[333.713s][info][gc             ] GC(556) Pause Young (Allocation Failure) 434M->35M(1998M) 2.830ms
[333.713s][info][gc,cpu         ] GC(556) User=0.03s Sys=0.00s Real=0.01s
[335.605s][info][gc,start       ] GC(557) Pause Young (Allocation Failure)
[335.605s][info][gc,task        ] GC(557) Using 6 workers of 6 for evacuation
[335.624s][info][gc,heap        ] GC(557) ParNew: 409024K->27116K(460096K)
[335.624s][info][gc,heap        ] GC(557) CMS: 36350K->36350K(1585984K)
[335.624s][info][gc,metaspace   ] GC(557) Metaspace: 23828K(24832K)->23828K(24832K) NonClass: 20902K(21504K)->20902K(21504K) Class: 2925K(3328K)->2925K(3328K)
[335.624s][info][gc             ] GC(557) Pause Young (Allocation Failure) 434M->61M(1998M) 18.497ms
[335.624s][info][gc,cpu         ] GC(557) User=0.00s Sys=0.00s Real=0.01s
[335.707s][info][gc,start       ] GC(558) Pause Young (Allocation Failure)
[335.707s][info][gc,task        ] GC(558) Using 6 workers of 6 for evacuation
[335.722s][info][gc,heap        ] GC(558) ParNew: 436140K->0K(460096K)
[335.722s][info][gc,heap        ] GC(558) CMS: 36350K->63468K(1585984K)
[335.722s][info][gc,metaspace   ] GC(558) Metaspace: 23828K(24832K)->23828K(24832K) NonClass: 20902K(21504K)->20902K(21504K) Class: 2925K(3328K)->2925K(3328K)
[335.722s][info][gc             ] GC(558) Pause Young (Allocation Failure) 461M->61M(1998M) 15.593ms
[335.722s][info][gc,cpu         ] GC(558) User=0.02s Sys=0.00s Real=0.01s
[335.805s][info][gc,start       ] GC(559) Pause Young (Allocation Failure)
[335.805s][info][gc,task        ] GC(559) Using 6 workers of 6 for evacuation
[335.808s][info][gc,heap        ] GC(559) ParNew: 409024K->0K(460096K)
[335.808s][info][gc,heap        ] GC(559) CMS: 63468K->63468K(1585984K)
[335.808s][info][gc,metaspace   ] GC(559) Metaspace: 23828K(24832K)->23828K(24832K) NonClass: 20902K(21504K)->20902K(21504K) Class: 2925K(3328K)->2925K(3328K)
[335.808s][info][gc             ] GC(559) Pause Young (Allocation Failure) 461M->61M(1998M) 2.837ms
[335.808s][info][gc,cpu         ] GC(559) User=0.00s Sys=0.00s Real=0.00s
[335.866s][info][gc,start       ] GC(560) Pause Full (System.gc())
[335.866s][info][gc,phases,start] GC(560) Phase 1: Mark live objects
[335.873s][info][gc,phases      ] GC(560) Phase 1: Mark live objects 6.597ms
[335.873s][info][gc,phases,start] GC(560) Phase 2: Compute new object addresses
[335.941s][info][gc,phases      ] GC(560) Phase 2: Compute new object addresses 67.726ms
[335.941s][info][gc,phases,start] GC(560) Phase 3: Adjust pointers
[335.945s][info][gc,phases      ] GC(560) Phase 3: Adjust pointers 4.506ms
[335.945s][info][gc,phases,start] GC(560) Phase 4: Move objects
[335.946s][info][gc,phases      ] GC(560) Phase 4: Move objects 0.191ms
[335.947s][info][gc,heap        ] GC(560) ParNew: 220631K->0K(460096K)
[335.947s][info][gc,heap        ] GC(560) CMS: 63468K->5078K(1585984K)
[335.947s][info][gc,metaspace   ] GC(560) Metaspace: 23828K(24832K)->23828K(24832K) NonClass: 20902K(21504K)->20902K(21504K) Class: 2925K(3328K)->2925K(3328K)
[335.947s][info][gc             ] GC(560) Pause Full (System.gc()) 277M->4M(1998M) 80.969ms
[335.947s][info][gc,cpu         ] GC(560) User=0.08s Sys=0.00s Real=0.08s
[337.832s][info][gc,start       ] GC(561) Pause Young (Allocation Failure)
[337.832s][info][gc,task        ] GC(561) Using 6 workers of 6 for evacuation
[337.850s][info][gc,heap        ] GC(561) ParNew: 409024K->26848K(460096K)
[337.850s][info][gc,heap        ] GC(561) CMS: 5078K->5078K(1585984K)
[337.850s][info][gc,metaspace   ] GC(561) Metaspace: 23828K(24832K)->23828K(24832K) NonClass: 20903K(21504K)->20903K(21504K) Class: 2925K(3328K)->2925K(3328K)
[337.850s][info][gc             ] GC(561) Pause Young (Allocation Failure) 404M->31M(1998M) 18.589ms
[337.850s][info][gc,cpu         ] GC(561) User=0.08s Sys=0.00s Real=0.02s
[337.933s][info][gc,start       ] GC(562) Pause Young (Allocation Failure)
[337.933s][info][gc,task        ] GC(562) Using 6 workers of 6 for evacuation
[337.950s][info][gc,heap        ] GC(562) ParNew: 435872K->0K(460096K)
[337.950s][info][gc,heap        ] GC(562) CMS: 5078K->36345K(1585984K)
[337.950s][info][gc,metaspace   ] GC(562) Metaspace: 23828K(24832K)->23828K(24832K) NonClass: 20903K(21504K)->20903K(21504K) Class: 2925K(3328K)->2925K(3328K)
[337.950s][info][gc             ] GC(562) Pause Young (Allocation Failure) 430M->35M(1998M) 16.599ms
[337.950s][info][gc,cpu         ] GC(562) User=0.02s Sys=0.00s Real=0.02s
[338.034s][info][gc,start       ] GC(563) Pause Young (Allocation Failure)
[338.034s][info][gc,task        ] GC(563) Using 6 workers of 6 for evacuation
[338.036s][info][gc,heap        ] GC(563) ParNew: 409024K->0K(460096K)
[338.036s][info][gc,heap        ] GC(563) CMS: 36345K->36345K(1585984K)
[338.036s][info][gc,metaspace   ] GC(563) Metaspace: 23828K(24832K)->23828K(24832K) NonClass: 20903K(21504K)->20903K(21504K) Class: 2925K(3328K)->2925K(3328K)
[338.036s][info][gc             ] GC(563) Pause Young (Allocation Failure) 434M->35M(1998M) 2.688ms
[338.036s][info][gc,cpu         ] GC(563) User=0.00s Sys=0.00s Real=0.00s
[339.933s][info][gc,start       ] GC(564) Pause Young (Allocation Failure)
[339.933s][info][gc,task        ] GC(564) Using 6 workers of 6 for evacuation
[339.951s][info][gc,heap        ] GC(564) ParNew: 409024K->27278K(460096K)
[339.951s][info][gc,heap        ] GC(564) CMS: 36345K->36345K(1585984K)
[339.951s][info][gc,metaspace   ] GC(564) Metaspace: 23828K(24832K)->23828K(24832K) NonClass: 20903K(21504K)->20903K(21504K) Class: 2925K(3328K)->2925K(3328K)
[339.951s][info][gc             ] GC(564) Pause Young (Allocation Failure) 434M->62M(1998M) 18.023ms
[339.951s][info][gc,cpu         ] GC(564) User=0.08s Sys=0.00s Real=0.02s
[340.034s][info][gc,start       ] GC(565) Pause Young (Allocation Failure)
[340.034s][info][gc,task        ] GC(565) Using 6 workers of 6 for evacuation
[340.049s][info][gc,heap        ] GC(565) ParNew: 436302K->0K(460096K)
[340.049s][info][gc,heap        ] GC(565) CMS: 36345K->63230K(1585984K)
[340.049s][info][gc,metaspace   ] GC(565) Metaspace: 23828K(24832K)->23828K(24832K) NonClass: 20903K(21504K)->20903K(21504K) Class: 2925K(3328K)->2925K(3328K)
[340.049s][info][gc             ] GC(565) Pause Young (Allocation Failure) 461M->61M(1998M) 15.312ms
[340.049s][info][gc,cpu         ] GC(565) User=0.02s Sys=0.00s Real=0.01s
[340.132s][info][gc,start       ] GC(566) Pause Young (Allocation Failure)
[340.132s][info][gc,task        ] GC(566) Using 6 workers of 6 for evacuation
[340.135s][info][gc,heap        ] GC(566) ParNew: 409024K->0K(460096K)
[340.135s][info][gc,heap        ] GC(566) CMS: 63230K->63230K(1585984K)
[340.135s][info][gc,metaspace   ] GC(566) Metaspace: 23828K(24832K)->23828K(24832K) NonClass: 20903K(21504K)->20903K(21504K) Class: 2925K(3328K)->2925K(3328K)
[340.135s][info][gc             ] GC(566) Pause Young (Allocation Failure) 461M->61M(1998M) 3.236ms
[340.135s][info][gc,cpu         ] GC(566) User=0.00s Sys=0.00s Real=0.00s
[340.193s][info][gc,start       ] GC(567) Pause Full (System.gc())
[340.193s][info][gc,phases,start] GC(567) Phase 1: Mark live objects
[340.200s][info][gc,phases      ] GC(567) Phase 1: Mark live objects 6.961ms
[340.200s][info][gc,phases,start] GC(567) Phase 2: Compute new object addresses
[340.266s][info][gc,phases      ] GC(567) Phase 2: Compute new object addresses 66.065ms
[340.267s][info][gc,phases,start] GC(567) Phase 3: Adjust pointers
[340.271s][info][gc,phases      ] GC(567) Phase 3: Adjust pointers 4.419ms
[340.271s][info][gc,phases,start] GC(567) Phase 4: Move objects
[340.271s][info][gc,phases      ] GC(567) Phase 4: Move objects 0.192ms
[340.272s][info][gc,heap        ] GC(567) ParNew: 220631K->0K(460096K)
[340.273s][info][gc,heap        ] GC(567) CMS: 63230K->5078K(1585984K)
[340.273s][info][gc,metaspace   ] GC(567) Metaspace: 23828K(24832K)->23828K(24832K) NonClass: 20903K(21504K)->20903K(21504K) Class: 2925K(3328K)->2925K(3328K)
[340.273s][info][gc             ] GC(567) Pause Full (System.gc()) 277M->4M(1998M) 79.627ms
[340.273s][info][gc,cpu         ] GC(567) User=0.08s Sys=0.00s Real=0.08s
[342.154s][info][gc,start       ] GC(568) Pause Young (Allocation Failure)
[342.154s][info][gc,task        ] GC(568) Using 6 workers of 6 for evacuation
[342.172s][info][gc,heap        ] GC(568) ParNew: 409024K->26327K(460096K)
[342.172s][info][gc,heap        ] GC(568) CMS: 5078K->5078K(1585984K)
[342.172s][info][gc,metaspace   ] GC(568) Metaspace: 23828K(24832K)->23828K(24832K) NonClass: 20903K(21504K)->20903K(21504K) Class: 2925K(3328K)->2925K(3328K)
[342.172s][info][gc             ] GC(568) Pause Young (Allocation Failure) 404M->30M(1998M) 18.330ms
[342.172s][info][gc,cpu         ] GC(568) User=0.08s Sys=0.00s Real=0.02s
[342.255s][info][gc,start       ] GC(569) Pause Young (Allocation Failure)
[342.255s][info][gc,task        ] GC(569) Using 6 workers of 6 for evacuation
[342.272s][info][gc,heap        ] GC(569) ParNew: 435351K->0K(460096K)
[342.272s][info][gc,heap        ] GC(569) CMS: 5078K->36355K(1585984K)
[342.272s][info][gc,metaspace   ] GC(569) Metaspace: 23828K(24832K)->23828K(24832K) NonClass: 20903K(21504K)->20903K(21504K) Class: 2925K(3328K)->2925K(3328K)
[342.272s][info][gc             ] GC(569) Pause Young (Allocation Failure) 430M->35M(1998M) 16.730ms
[342.272s][info][gc,cpu         ] GC(569) User=0.02s Sys=0.00s Real=0.02s
[342.355s][info][gc,start       ] GC(570) Pause Young (Allocation Failure)
[342.355s][info][gc,task        ] GC(570) Using 6 workers of 6 for evacuation
[342.358s][info][gc,heap        ] GC(570) ParNew: 409024K->0K(460096K)
[342.358s][info][gc,heap        ] GC(570) CMS: 36355K->36355K(1585984K)
[342.358s][info][gc,metaspace   ] GC(570) Metaspace: 23828K(24832K)->23828K(24832K) NonClass: 20903K(21504K)->20903K(21504K) Class: 2925K(3328K)->2925K(3328K)
[342.358s][info][gc             ] GC(570) Pause Young (Allocation Failure) 434M->35M(1998M) 2.859ms
[342.358s][info][gc,cpu         ] GC(570) User=0.00s Sys=0.00s Real=0.00s
[344.251s][info][gc,start       ] GC(571) Pause Young (Allocation Failure)
[344.251s][info][gc,task        ] GC(571) Using 6 workers of 6 for evacuation
[344.269s][info][gc,heap        ] GC(571) ParNew: 409024K->27220K(460096K)
[344.269s][info][gc,heap        ] GC(571) CMS: 36355K->36355K(1585984K)
[344.269s][info][gc,metaspace   ] GC(571) Metaspace: 23828K(24832K)->23828K(24832K) NonClass: 20903K(21504K)->20903K(21504K) Class: 2925K(3328K)->2925K(3328K)
[344.269s][info][gc             ] GC(571) Pause Young (Allocation Failure) 434M->62M(1998M) 18.752ms
[344.269s][info][gc,cpu         ] GC(571) User=0.08s Sys=0.00s Real=0.01s
[344.353s][info][gc,start       ] GC(572) Pause Young (Allocation Failure)
[344.353s][info][gc,task        ] GC(572) Using 6 workers of 6 for evacuation
[344.370s][info][gc,heap        ] GC(572) ParNew: 436244K->0K(460096K)
[344.370s][info][gc,heap        ] GC(572) CMS: 36355K->63443K(1585984K)
[344.370s][info][gc,metaspace   ] GC(572) Metaspace: 23828K(24832K)->23828K(24832K) NonClass: 20903K(21504K)->20903K(21504K) Class: 2925K(3328K)->2925K(3328K)
[344.370s][info][gc             ] GC(572) Pause Young (Allocation Failure) 461M->61M(1998M) 16.911ms
[344.370s][info][gc,cpu         ] GC(572) User=0.02s Sys=0.00s Real=0.02s
[344.453s][info][gc,start       ] GC(573) Pause Young (Allocation Failure)
[344.453s][info][gc,task        ] GC(573) Using 6 workers of 6 for evacuation
[344.455s][info][gc,heap        ] GC(573) ParNew: 409024K->0K(460096K)
[344.455s][info][gc,heap        ] GC(573) CMS: 63443K->63443K(1585984K)
[344.455s][info][gc,metaspace   ] GC(573) Metaspace: 23828K(24832K)->23828K(24832K) NonClass: 20903K(21504K)->20903K(21504K) Class: 2925K(3328K)->2925K(3328K)
[344.455s][info][gc             ] GC(573) Pause Young (Allocation Failure) 461M->61M(1998M) 2.763ms
[344.455s][info][gc,cpu         ] GC(573) User=0.00s Sys=0.00s Real=0.00s
[344.514s][info][gc,start       ] GC(574) Pause Full (System.gc())
[344.514s][info][gc,phases,start] GC(574) Phase 1: Mark live objects
[344.521s][info][gc,phases      ] GC(574) Phase 1: Mark live objects 6.370ms
[344.521s][info][gc,phases,start] GC(574) Phase 2: Compute new object addresses
[344.587s][info][gc,phases      ] GC(574) Phase 2: Compute new object addresses 66.300ms
[344.587s][info][gc,phases,start] GC(574) Phase 3: Adjust pointers
[344.592s][info][gc,phases      ] GC(574) Phase 3: Adjust pointers 4.431ms
[344.592s][info][gc,phases,start] GC(574) Phase 4: Move objects
[344.592s][info][gc,phases      ] GC(574) Phase 4: Move objects 0.198ms
[344.593s][info][gc,heap        ] GC(574) ParNew: 220631K->0K(460096K)
[344.593s][info][gc,heap        ] GC(574) CMS: 63443K->5078K(1585984K)
[344.593s][info][gc,metaspace   ] GC(574) Metaspace: 23828K(24832K)->23828K(24832K) NonClass: 20903K(21504K)->20903K(21504K) Class: 2925K(3328K)->2925K(3328K)
[344.594s][info][gc             ] GC(574) Pause Full (System.gc()) 277M->4M(1998M) 79.459ms
[344.594s][info][gc,cpu         ] GC(574) User=0.08s Sys=0.00s Real=0.09s
[346.480s][info][gc,start       ] GC(575) Pause Young (Allocation Failure)
[346.480s][info][gc,task        ] GC(575) Using 6 workers of 6 for evacuation
[346.498s][info][gc,heap        ] GC(575) ParNew: 409024K->26468K(460096K)
[346.498s][info][gc,heap        ] GC(575) CMS: 5078K->5078K(1585984K)
[346.498s][info][gc,metaspace   ] GC(575) Metaspace: 23828K(24832K)->23828K(24832K) NonClass: 20903K(21504K)->20903K(21504K) Class: 2925K(3328K)->2925K(3328K)
[346.498s][info][gc             ] GC(575) Pause Young (Allocation Failure) 404M->30M(1998M) 17.993ms
[346.498s][info][gc,cpu         ] GC(575) User=0.08s Sys=0.00s Real=0.02s
[346.581s][info][gc,start       ] GC(576) Pause Young (Allocation Failure)
[346.581s][info][gc,task        ] GC(576) Using 6 workers of 6 for evacuation
[346.597s][info][gc,heap        ] GC(576) ParNew: 435492K->0K(460096K)
[346.597s][info][gc,heap        ] GC(576) CMS: 5078K->36358K(1585984K)
[346.597s][info][gc,metaspace   ] GC(576) Metaspace: 23828K(24832K)->23828K(24832K) NonClass: 20903K(21504K)->20903K(21504K) Class: 2925K(3328K)->2925K(3328K)
[346.597s][info][gc             ] GC(576) Pause Young (Allocation Failure) 430M->35M(1998M) 16.061ms
[346.597s][info][gc,cpu         ] GC(576) User=0.00s Sys=0.00s Real=0.02s
[346.679s][info][gc,start       ] GC(577) Pause Young (Allocation Failure)
[346.679s][info][gc,task        ] GC(577) Using 6 workers of 6 for evacuation
[346.682s][info][gc,heap        ] GC(577) ParNew: 409024K->0K(460096K)
[346.682s][info][gc,heap        ] GC(577) CMS: 36358K->36358K(1585984K)
[346.682s][info][gc,metaspace   ] GC(577) Metaspace: 23828K(24832K)->23828K(24832K) NonClass: 20903K(21504K)->20903K(21504K) Class: 2925K(3328K)->2925K(3328K)
[346.682s][info][gc             ] GC(577) Pause Young (Allocation Failure) 434M->35M(1998M) 2.966ms
[346.682s][info][gc,cpu         ] GC(577) User=0.00s Sys=0.00s Real=0.00s
[348.581s][info][gc,start       ] GC(578) Pause Young (Allocation Failure)
[348.581s][info][gc,task        ] GC(578) Using 6 workers of 6 for evacuation
[348.599s][info][gc,heap        ] GC(578) ParNew: 409024K->27156K(460096K)
[348.599s][info][gc,heap        ] GC(578) CMS: 36358K->36358K(1585984K)
[348.599s][info][gc,metaspace   ] GC(578) Metaspace: 23828K(24832K)->23828K(24832K) NonClass: 20903K(21504K)->20903K(21504K) Class: 2925K(3328K)->2925K(3328K)
[348.599s][info][gc             ] GC(578) Pause Young (Allocation Failure) 434M->62M(1998M) 18.352ms
[348.599s][info][gc,cpu         ] GC(578) User=0.09s Sys=0.00s Real=0.03s
[348.682s][info][gc,start       ] GC(579) Pause Young (Allocation Failure)
[348.682s][info][gc,task        ] GC(579) Using 6 workers of 6 for evacuation
[348.698s][info][gc,heap        ] GC(579) ParNew: 436180K->0K(460096K)
[348.698s][info][gc,heap        ] GC(579) CMS: 36358K->63425K(1585984K)
[348.698s][info][gc,metaspace   ] GC(579) Metaspace: 23828K(24832K)->23828K(24832K) NonClass: 20903K(21504K)->20903K(21504K) Class: 2925K(3328K)->2925K(3328K)
[348.698s][info][gc             ] GC(579) Pause Young (Allocation Failure) 461M->61M(1998M) 15.909ms
[348.698s][info][gc,cpu         ] GC(579) User=0.02s Sys=0.00s Real=0.02s
[348.780s][info][gc,start       ] GC(580) Pause Young (Allocation Failure)
[348.780s][info][gc,task        ] GC(580) Using 6 workers of 6 for evacuation
[348.783s][info][gc,heap        ] GC(580) ParNew: 409024K->0K(460096K)
[348.783s][info][gc,heap        ] GC(580) CMS: 63425K->63425K(1585984K)
[348.783s][info][gc,metaspace   ] GC(580) Metaspace: 23828K(24832K)->23828K(24832K) NonClass: 20903K(21504K)->20903K(21504K) Class: 2925K(3328K)->2925K(3328K)
[348.783s][info][gc             ] GC(580) Pause Young (Allocation Failure) 461M->61M(1998M) 2.649ms
[348.783s][info][gc,cpu         ] GC(580) User=0.00s Sys=0.00s Real=0.00s
[348.842s][info][gc,start       ] GC(581) Pause Full (System.gc())
[348.842s][info][gc,phases,start] GC(581) Phase 1: Mark live objects
[348.849s][info][gc,phases      ] GC(581) Phase 1: Mark live objects 7.080ms
[348.849s][info][gc,phases,start] GC(581) Phase 2: Compute new object addresses
[348.916s][info][gc,phases      ] GC(581) Phase 2: Compute new object addresses 67.151ms
[348.916s][info][gc,phases,start] GC(581) Phase 3: Adjust pointers
[348.921s][info][gc,phases      ] GC(581) Phase 3: Adjust pointers 4.451ms
[348.921s][info][gc,phases,start] GC(581) Phase 4: Move objects
[348.921s][info][gc,phases      ] GC(581) Phase 4: Move objects 0.192ms
[348.922s][info][gc,heap        ] GC(581) ParNew: 220631K->0K(460096K)
[348.922s][info][gc,heap        ] GC(581) CMS: 63425K->5078K(1585984K)
[348.922s][info][gc,metaspace   ] GC(581) Metaspace: 23828K(24832K)->23828K(24832K) NonClass: 20903K(21504K)->20903K(21504K) Class: 2925K(3328K)->2925K(3328K)
[348.922s][info][gc             ] GC(581) Pause Full (System.gc()) 277M->4M(1998M) 80.838ms
[348.922s][info][gc,cpu         ] GC(581) User=0.08s Sys=0.00s Real=0.08s
[350.809s][info][gc,start       ] GC(582) Pause Young (Allocation Failure)
[350.809s][info][gc,task        ] GC(582) Using 6 workers of 6 for evacuation
[350.827s][info][gc,heap        ] GC(582) ParNew: 409024K->26360K(460096K)
[350.827s][info][gc,heap        ] GC(582) CMS: 5078K->5078K(1585984K)
[350.827s][info][gc,metaspace   ] GC(582) Metaspace: 23828K(24832K)->23828K(24832K) NonClass: 20903K(21504K)->20903K(21504K) Class: 2925K(3328K)->2925K(3328K)
[350.827s][info][gc             ] GC(582) Pause Young (Allocation Failure) 404M->30M(1998M) 17.816ms
[350.827s][info][gc,cpu         ] GC(582) User=0.09s Sys=0.00s Real=0.02s
[350.910s][info][gc,start       ] GC(583) Pause Young (Allocation Failure)
[350.910s][info][gc,task        ] GC(583) Using 6 workers of 6 for evacuation
[350.926s][info][gc,heap        ] GC(583) ParNew: 435384K->0K(460096K)
[350.926s][info][gc,heap        ] GC(583) CMS: 5078K->36338K(1585984K)
[350.926s][info][gc,metaspace   ] GC(583) Metaspace: 23828K(24832K)->23828K(24832K) NonClass: 20903K(21504K)->20903K(21504K) Class: 2925K(3328K)->2925K(3328K)
[350.926s][info][gc             ] GC(583) Pause Young (Allocation Failure) 430M->35M(1998M) 16.483ms
[350.926s][info][gc,cpu         ] GC(583) User=0.02s Sys=0.00s Real=0.01s
[351.009s][info][gc,start       ] GC(584) Pause Young (Allocation Failure)
[351.010s][info][gc,task        ] GC(584) Using 6 workers of 6 for evacuation
[351.012s][info][gc,heap        ] GC(584) ParNew: 409024K->0K(460096K)
[351.012s][info][gc,heap        ] GC(584) CMS: 36338K->36338K(1585984K)
[351.012s][info][gc,metaspace   ] GC(584) Metaspace: 23828K(24832K)->23828K(24832K) NonClass: 20903K(21504K)->20903K(21504K) Class: 2925K(3328K)->2925K(3328K)
[351.012s][info][gc             ] GC(584) Pause Young (Allocation Failure) 434M->35M(1998M) 2.801ms
[351.012s][info][gc,cpu         ] GC(584) User=0.00s Sys=0.00s Real=0.00s
[352.908s][info][gc,start       ] GC(585) Pause Young (Allocation Failure)
[352.908s][info][gc,task        ] GC(585) Using 6 workers of 6 for evacuation
[352.926s][info][gc,heap        ] GC(585) ParNew: 409024K->27028K(460096K)
[352.926s][info][gc,heap        ] GC(585) CMS: 36338K->36338K(1585984K)
[352.926s][info][gc,metaspace   ] GC(585) Metaspace: 23828K(24832K)->23828K(24832K) NonClass: 20903K(21504K)->20903K(21504K) Class: 2925K(3328K)->2925K(3328K)
[352.927s][info][gc             ] GC(585) Pause Young (Allocation Failure) 434M->61M(1998M) 18.542ms
[352.927s][info][gc,cpu         ] GC(585) User=0.08s Sys=0.00s Real=0.02s
[353.010s][info][gc,start       ] GC(586) Pause Young (Allocation Failure)
[353.010s][info][gc,task        ] GC(586) Using 6 workers of 6 for evacuation
[353.026s][info][gc,heap        ] GC(586) ParNew: 436052K->0K(460096K)
[353.026s][info][gc,heap        ] GC(586) CMS: 36338K->63204K(1585984K)
[353.026s][info][gc,metaspace   ] GC(586) Metaspace: 23828K(24832K)->23828K(24832K) NonClass: 20903K(21504K)->20903K(21504K) Class: 2925K(3328K)->2925K(3328K)
[353.026s][info][gc             ] GC(586) Pause Young (Allocation Failure) 461M->61M(1998M) 15.828ms
[353.026s][info][gc,cpu         ] GC(586) User=0.02s Sys=0.00s Real=0.02s
[353.108s][info][gc,start       ] GC(587) Pause Young (Allocation Failure)
[353.108s][info][gc,task        ] GC(587) Using 6 workers of 6 for evacuation
[353.111s][info][gc,heap        ] GC(587) ParNew: 409024K->0K(460096K)
[353.111s][info][gc,heap        ] GC(587) CMS: 63204K->63204K(1585984K)
[353.111s][info][gc,metaspace   ] GC(587) Metaspace: 23828K(24832K)->23828K(24832K) NonClass: 20903K(21504K)->20903K(21504K) Class: 2925K(3328K)->2925K(3328K)
[353.111s][info][gc             ] GC(587) Pause Young (Allocation Failure) 461M->61M(1998M) 2.824ms
[353.111s][info][gc,cpu         ] GC(587) User=0.00s Sys=0.00s Real=0.00s
[353.169s][info][gc,start       ] GC(588) Pause Full (System.gc())
[353.169s][info][gc,phases,start] GC(588) Phase 1: Mark live objects
[353.176s][info][gc,phases      ] GC(588) Phase 1: Mark live objects 7.112ms
[353.176s][info][gc,phases,start] GC(588) Phase 2: Compute new object addresses
[353.243s][info][gc,phases      ] GC(588) Phase 2: Compute new object addresses 66.354ms
[353.243s][info][gc,phases,start] GC(588) Phase 3: Adjust pointers
[353.247s][info][gc,phases      ] GC(588) Phase 3: Adjust pointers 4.460ms
[353.247s][info][gc,phases,start] GC(588) Phase 4: Move objects
[353.247s][info][gc,phases      ] GC(588) Phase 4: Move objects 0.191ms
[353.249s][info][gc,heap        ] GC(588) ParNew: 220631K->0K(460096K)
[353.249s][info][gc,heap        ] GC(588) CMS: 63204K->5078K(1585984K)
[353.249s][info][gc,metaspace   ] GC(588) Metaspace: 23828K(24832K)->23828K(24832K) NonClass: 20903K(21504K)->20903K(21504K) Class: 2925K(3328K)->2925K(3328K)
[353.249s][info][gc             ] GC(588) Pause Full (System.gc()) 277M->4M(1998M) 80.085ms
[353.249s][info][gc,cpu         ] GC(588) User=0.08s Sys=0.00s Real=0.08s
[355.134s][info][gc,start       ] GC(589) Pause Young (Allocation Failure)
[355.134s][info][gc,task        ] GC(589) Using 6 workers of 6 for evacuation
[355.152s][info][gc,heap        ] GC(589) ParNew: 409024K->26612K(460096K)
[355.152s][info][gc,heap        ] GC(589) CMS: 5078K->5078K(1585984K)
[355.152s][info][gc,metaspace   ] GC(589) Metaspace: 23828K(24832K)->23828K(24832K) NonClass: 20903K(21504K)->20903K(21504K) Class: 2925K(3328K)->2925K(3328K)
[355.152s][info][gc             ] GC(589) Pause Young (Allocation Failure) 404M->30M(1998M) 18.497ms
[355.152s][info][gc,cpu         ] GC(589) User=0.09s Sys=0.00s Real=0.02s
[355.235s][info][gc,start       ] GC(590) Pause Young (Allocation Failure)
[355.235s][info][gc,task        ] GC(590) Using 6 workers of 6 for evacuation
[355.252s][info][gc,heap        ] GC(590) ParNew: 435636K->0K(460096K)
[355.252s][info][gc,heap        ] GC(590) CMS: 5078K->36354K(1585984K)
[355.252s][info][gc,metaspace   ] GC(590) Metaspace: 23828K(24832K)->23828K(24832K) NonClass: 20903K(21504K)->20903K(21504K) Class: 2925K(3328K)->2925K(3328K)
[355.252s][info][gc             ] GC(590) Pause Young (Allocation Failure) 430M->35M(1998M) 16.694ms
[355.252s][info][gc,cpu         ] GC(590) User=0.02s Sys=0.00s Real=0.02s
[355.334s][info][gc,start       ] GC(591) Pause Young (Allocation Failure)
[355.335s][info][gc,task        ] GC(591) Using 6 workers of 6 for evacuation
[355.337s][info][gc,heap        ] GC(591) ParNew: 409024K->0K(460096K)
[355.337s][info][gc,heap        ] GC(591) CMS: 36354K->36354K(1585984K)
[355.337s][info][gc,metaspace   ] GC(591) Metaspace: 23828K(24832K)->23828K(24832K) NonClass: 20903K(21504K)->20903K(21504K) Class: 2925K(3328K)->2925K(3328K)
[355.337s][info][gc             ] GC(591) Pause Young (Allocation Failure) 434M->35M(1998M) 2.894ms
[355.337s][info][gc,cpu         ] GC(591) User=0.00s Sys=0.00s Real=0.00s
[357.233s][info][gc,start       ] GC(592) Pause Young (Allocation Failure)
[357.233s][info][gc,task        ] GC(592) Using 6 workers of 6 for evacuation
[357.251s][info][gc,heap        ] GC(592) ParNew: 409024K->26874K(460096K)
[357.251s][info][gc,heap        ] GC(592) CMS: 36354K->36354K(1585984K)
[357.251s][info][gc,metaspace   ] GC(592) Metaspace: 23828K(24832K)->23828K(24832K) NonClass: 20903K(21504K)->20903K(21504K) Class: 2925K(3328K)->2925K(3328K)
[357.251s][info][gc             ] GC(592) Pause Young (Allocation Failure) 434M->61M(1998M) 18.866ms
[357.251s][info][gc,cpu         ] GC(592) User=0.09s Sys=0.00s Real=0.02s
[357.334s][info][gc,start       ] GC(593) Pause Young (Allocation Failure)
[357.334s][info][gc,task        ] GC(593) Using 6 workers of 6 for evacuation
[357.350s][info][gc,heap        ] GC(593) ParNew: 435898K->0K(460096K)
[357.350s][info][gc,heap        ] GC(593) CMS: 36354K->63510K(1585984K)
[357.350s][info][gc,metaspace   ] GC(593) Metaspace: 23828K(24832K)->23828K(24832K) NonClass: 20903K(21504K)->20903K(21504K) Class: 2925K(3328K)->2925K(3328K)
[357.350s][info][gc             ] GC(593) Pause Young (Allocation Failure) 461M->62M(1998M) 15.470ms
[357.350s][info][gc,cpu         ] GC(593) User=0.02s Sys=0.00s Real=0.02s
[357.432s][info][gc,start       ] GC(594) Pause Young (Allocation Failure)
[357.432s][info][gc,task        ] GC(594) Using 6 workers of 6 for evacuation
[357.435s][info][gc,heap        ] GC(594) ParNew: 409024K->0K(460096K)
[357.435s][info][gc,heap        ] GC(594) CMS: 63510K->63510K(1585984K)
[357.435s][info][gc,metaspace   ] GC(594) Metaspace: 23828K(24832K)->23828K(24832K) NonClass: 20903K(21504K)->20903K(21504K) Class: 2925K(3328K)->2925K(3328K)
[357.435s][info][gc             ] GC(594) Pause Young (Allocation Failure) 461M->62M(1998M) 2.912ms
[357.435s][info][gc,cpu         ] GC(594) User=0.00s Sys=0.00s Real=0.00s
[357.494s][info][gc,start       ] GC(595) Pause Full (System.gc())
[357.494s][info][gc,phases,start] GC(595) Phase 1: Mark live objects
[357.500s][info][gc,phases      ] GC(595) Phase 1: Mark live objects 6.771ms
[357.501s][info][gc,phases,start] GC(595) Phase 2: Compute new object addresses
[357.568s][info][gc,phases      ] GC(595) Phase 2: Compute new object addresses 67.313ms
[357.568s][info][gc,phases,start] GC(595) Phase 3: Adjust pointers
[357.572s][info][gc,phases      ] GC(595) Phase 3: Adjust pointers 4.443ms
[357.572s][info][gc,phases,start] GC(595) Phase 4: Move objects
[357.573s][info][gc,phases      ] GC(595) Phase 4: Move objects 0.192ms
[357.574s][info][gc,heap        ] GC(595) ParNew: 220631K->0K(460096K)
[357.574s][info][gc,heap        ] GC(595) CMS: 63510K->5078K(1585984K)
[357.574s][info][gc,metaspace   ] GC(595) Metaspace: 23829K(24832K)->23829K(24832K) NonClass: 20903K(21504K)->20903K(21504K) Class: 2925K(3328K)->2925K(3328K)
[357.574s][info][gc             ] GC(595) Pause Full (System.gc()) 277M->4M(1998M) 80.679ms
[357.574s][info][gc,cpu         ] GC(595) User=0.08s Sys=0.00s Real=0.08s
[359.458s][info][gc,start       ] GC(596) Pause Young (Allocation Failure)
[359.458s][info][gc,task        ] GC(596) Using 6 workers of 6 for evacuation
[359.475s][info][gc,heap        ] GC(596) ParNew: 409024K->26804K(460096K)
[359.477s][info][gc,heap        ] GC(596) CMS: 5078K->5078K(1585984K)
[359.477s][info][gc,metaspace   ] GC(596) Metaspace: 23829K(24832K)->23829K(24832K) NonClass: 20903K(21504K)->20903K(21504K) Class: 2925K(3328K)->2925K(3328K)
[359.477s][info][gc             ] GC(596) Pause Young (Allocation Failure) 404M->31M(1998M) 19.453ms
[359.477s][info][gc,cpu         ] GC(596) User=0.08s Sys=0.00s Real=0.01s
[359.561s][info][gc,start       ] GC(597) Pause Young (Allocation Failure)
[359.561s][info][gc,task        ] GC(597) Using 6 workers of 6 for evacuation
[359.578s][info][gc,heap        ] GC(597) ParNew: 435828K->0K(460096K)
[359.578s][info][gc,heap        ] GC(597) CMS: 5078K->36354K(1585984K)
[359.578s][info][gc,metaspace   ] GC(597) Metaspace: 23829K(24832K)->23829K(24832K) NonClass: 20903K(21504K)->20903K(21504K) Class: 2925K(3328K)->2925K(3328K)
[359.578s][info][gc             ] GC(597) Pause Young (Allocation Failure) 430M->35M(1998M) 17.059ms
[359.578s][info][gc,cpu         ] GC(597) User=0.02s Sys=0.00s Real=0.02s
[359.661s][info][gc,start       ] GC(598) Pause Young (Allocation Failure)
[359.662s][info][gc,task        ] GC(598) Using 6 workers of 6 for evacuation
[359.664s][info][gc,heap        ] GC(598) ParNew: 409024K->0K(460096K)
[359.664s][info][gc,heap        ] GC(598) CMS: 36354K->36354K(1585984K)
[359.664s][info][gc,metaspace   ] GC(598) Metaspace: 23829K(24832K)->23829K(24832K) NonClass: 20903K(21504K)->20903K(21504K) Class: 2925K(3328K)->2925K(3328K)
[359.664s][info][gc             ] GC(598) Pause Young (Allocation Failure) 434M->35M(1998M) 2.598ms
[359.664s][info][gc,cpu         ] GC(598) User=0.00s Sys=0.00s Real=0.00s
[361.557s][info][gc,start       ] GC(599) Pause Young (Allocation Failure)
[361.557s][info][gc,task        ] GC(599) Using 6 workers of 6 for evacuation
[361.575s][info][gc,heap        ] GC(599) ParNew: 409024K->27252K(460096K)
[361.575s][info][gc,heap        ] GC(599) CMS: 36354K->36354K(1585984K)
[361.575s][info][gc,metaspace   ] GC(599) Metaspace: 23829K(24832K)->23829K(24832K) NonClass: 20903K(21504K)->20903K(21504K) Class: 2925K(3328K)->2925K(3328K)
[361.575s][info][gc             ] GC(599) Pause Young (Allocation Failure) 434M->62M(1998M) 18.379ms
[361.575s][info][gc,cpu         ] GC(599) User=0.08s Sys=0.00s Real=0.01s
[361.659s][info][gc,start       ] GC(600) Pause Young (Allocation Failure)
[361.659s][info][gc,task        ] GC(600) Using 6 workers of 6 for evacuation
[361.676s][info][gc,heap        ] GC(600) ParNew: 436276K->0K(460096K)
[361.676s][info][gc,heap        ] GC(600) CMS: 36354K->63437K(1585984K)
[361.676s][info][gc,metaspace   ] GC(600) Metaspace: 23829K(24832K)->23829K(24832K) NonClass: 20903K(21504K)->20903K(21504K) Class: 2925K(3328K)->2925K(3328K)
[361.676s][info][gc             ] GC(600) Pause Young (Allocation Failure) 461M->61M(1998M) 16.575ms
[361.676s][info][gc,cpu         ] GC(600) User=0.00s Sys=0.00s Real=0.01s
[361.758s][info][gc,start       ] GC(601) Pause Young (Allocation Failure)
[361.758s][info][gc,task        ] GC(601) Using 6 workers of 6 for evacuation
[361.761s][info][gc,heap        ] GC(601) ParNew: 409024K->0K(460096K)
[361.761s][info][gc,heap        ] GC(601) CMS: 63437K->63437K(1585984K)
[361.761s][info][gc,metaspace   ] GC(601) Metaspace: 23829K(24832K)->23829K(24832K) NonClass: 20903K(21504K)->20903K(21504K) Class: 2925K(3328K)->2925K(3328K)
[361.761s][info][gc             ] GC(601) Pause Young (Allocation Failure) 461M->61M(1998M) 2.502ms
[361.761s][info][gc,cpu         ] GC(601) User=0.00s Sys=0.00s Real=0.00s
[361.819s][info][gc,start       ] GC(602) Pause Full (System.gc())
[361.819s][info][gc,phases,start] GC(602) Phase 1: Mark live objects
[361.825s][info][gc,phases      ] GC(602) Phase 1: Mark live objects 6.700ms
[361.826s][info][gc,phases,start] GC(602) Phase 2: Compute new object addresses
[361.892s][info][gc,phases      ] GC(602) Phase 2: Compute new object addresses 66.824ms
[361.892s][info][gc,phases,start] GC(602) Phase 3: Adjust pointers
[361.897s][info][gc,phases      ] GC(602) Phase 3: Adjust pointers 4.467ms
[361.897s][info][gc,phases,start] GC(602) Phase 4: Move objects
[361.897s][info][gc,phases      ] GC(602) Phase 4: Move objects 0.194ms
[361.899s][info][gc,heap        ] GC(602) ParNew: 220631K->0K(460096K)
[361.899s][info][gc,heap        ] GC(602) CMS: 63437K->5078K(1585984K)
[361.899s][info][gc,metaspace   ] GC(602) Metaspace: 23829K(24832K)->23829K(24832K) NonClass: 20903K(21504K)->20903K(21504K) Class: 2925K(3328K)->2925K(3328K)
[361.899s][info][gc             ] GC(602) Pause Full (System.gc()) 277M->4M(1998M) 80.362ms
[361.899s][info][gc,cpu         ] GC(602) User=0.06s Sys=0.00s Real=0.08s
[363.789s][info][gc,start       ] GC(603) Pause Young (Allocation Failure)
[363.789s][info][gc,task        ] GC(603) Using 6 workers of 6 for evacuation
[363.807s][info][gc,heap        ] GC(603) ParNew: 409024K->26631K(460096K)
[363.807s][info][gc,heap        ] GC(603) CMS: 5078K->5078K(1585984K)
[363.807s][info][gc,metaspace   ] GC(603) Metaspace: 23829K(24832K)->23829K(24832K) NonClass: 20903K(21504K)->20903K(21504K) Class: 2925K(3328K)->2925K(3328K)
[363.807s][info][gc             ] GC(603) Pause Young (Allocation Failure) 404M->30M(1998M) 17.903ms
[363.807s][info][gc,cpu         ] GC(603) User=0.09s Sys=0.00s Real=0.02s
[363.890s][info][gc,start       ] GC(604) Pause Young (Allocation Failure)
[363.890s][info][gc,task        ] GC(604) Using 6 workers of 6 for evacuation
[363.908s][info][gc,heap        ] GC(604) ParNew: 435655K->0K(460096K)
[363.908s][info][gc,heap        ] GC(604) CMS: 5078K->36353K(1585984K)
[363.908s][info][gc,metaspace   ] GC(604) Metaspace: 23829K(24832K)->23829K(24832K) NonClass: 20903K(21504K)->20903K(21504K) Class: 2925K(3328K)->2925K(3328K)
[363.908s][info][gc             ] GC(604) Pause Young (Allocation Failure) 430M->35M(1998M) 18.023ms
[363.908s][info][gc,cpu         ] GC(604) User=0.03s Sys=0.00s Real=0.03s
[363.991s][info][gc,start       ] GC(605) Pause Young (Allocation Failure)
[363.991s][info][gc,task        ] GC(605) Using 6 workers of 6 for evacuation
[363.994s][info][gc,heap        ] GC(605) ParNew: 409024K->0K(460096K)
[363.994s][info][gc,heap        ] GC(605) CMS: 36353K->36353K(1585984K)
[363.994s][info][gc,metaspace   ] GC(605) Metaspace: 23829K(24832K)->23829K(24832K) NonClass: 20903K(21504K)->20903K(21504K) Class: 2925K(3328K)->2925K(3328K)
[363.994s][info][gc             ] GC(605) Pause Young (Allocation Failure) 434M->35M(1998M) 3.176ms
[363.994s][info][gc,cpu         ] GC(605) User=0.00s Sys=0.00s Real=0.00s
[365.889s][info][gc,start       ] GC(606) Pause Young (Allocation Failure)
[365.889s][info][gc,task        ] GC(606) Using 6 workers of 6 for evacuation
[365.907s][info][gc,heap        ] GC(606) ParNew: 409024K->27154K(460096K)
[365.907s][info][gc,heap        ] GC(606) CMS: 36353K->36353K(1585984K)
[365.907s][info][gc,metaspace   ] GC(606) Metaspace: 23829K(24832K)->23829K(24832K) NonClass: 20903K(21504K)->20903K(21504K) Class: 2925K(3328K)->2925K(3328K)
[365.907s][info][gc             ] GC(606) Pause Young (Allocation Failure) 434M->62M(1998M) 18.073ms
[365.907s][info][gc,cpu         ] GC(606) User=0.08s Sys=0.00s Real=0.02s
[365.991s][info][gc,start       ] GC(607) Pause Young (Allocation Failure)
[365.991s][info][gc,task        ] GC(607) Using 6 workers of 6 for evacuation
[366.007s][info][gc,heap        ] GC(607) ParNew: 436178K->0K(460096K)
[366.007s][info][gc,heap        ] GC(607) CMS: 36353K->63410K(1585984K)
[366.007s][info][gc,metaspace   ] GC(607) Metaspace: 23829K(24832K)->23829K(24832K) NonClass: 20903K(21504K)->20903K(21504K) Class: 2925K(3328K)->2925K(3328K)
[366.007s][info][gc             ] GC(607) Pause Young (Allocation Failure) 461M->61M(1998M) 16.179ms
[366.007s][info][gc,cpu         ] GC(607) User=0.02s Sys=0.00s Real=0.02s
[366.089s][info][gc,start       ] GC(608) Pause Young (Allocation Failure)
[366.089s][info][gc,task        ] GC(608) Using 6 workers of 6 for evacuation
[366.092s][info][gc,heap        ] GC(608) ParNew: 409024K->0K(460096K)
[366.092s][info][gc,heap        ] GC(608) CMS: 63410K->63410K(1585984K)
[366.092s][info][gc,metaspace   ] GC(608) Metaspace: 23829K(24832K)->23829K(24832K) NonClass: 20903K(21504K)->20903K(21504K) Class: 2925K(3328K)->2925K(3328K)
[366.092s][info][gc             ] GC(608) Pause Young (Allocation Failure) 461M->61M(1998M) 2.723ms
[366.092s][info][gc,cpu         ] GC(608) User=0.02s Sys=0.00s Real=0.01s
[366.150s][info][gc,start       ] GC(609) Pause Full (System.gc())
[366.150s][info][gc,phases,start] GC(609) Phase 1: Mark live objects
[366.157s][info][gc,phases      ] GC(609) Phase 1: Mark live objects 6.893ms
[366.157s][info][gc,phases,start] GC(609) Phase 2: Compute new object addresses
[366.224s][info][gc,phases      ] GC(609) Phase 2: Compute new object addresses 67.265ms
[366.224s][info][gc,phases,start] GC(609) Phase 3: Adjust pointers
[366.229s][info][gc,phases      ] GC(609) Phase 3: Adjust pointers 4.467ms
[366.229s][info][gc,phases,start] GC(609) Phase 4: Move objects
[366.229s][info][gc,phases      ] GC(609) Phase 4: Move objects 0.192ms
[366.230s][info][gc,heap        ] GC(609) ParNew: 220631K->0K(460096K)
[366.230s][info][gc,heap        ] GC(609) CMS: 63410K->5078K(1585984K)
[366.230s][info][gc,metaspace   ] GC(609) Metaspace: 23829K(24832K)->23829K(24832K) NonClass: 20903K(21504K)->20903K(21504K) Class: 2925K(3328K)->2925K(3328K)
[366.231s][info][gc             ] GC(609) Pause Full (System.gc()) 277M->4M(1998M) 80.789ms
[366.231s][info][gc,cpu         ] GC(609) User=0.08s Sys=0.00s Real=0.08s
[368.116s][info][gc,start       ] GC(610) Pause Young (Allocation Failure)
[368.116s][info][gc,task        ] GC(610) Using 6 workers of 6 for evacuation
[368.134s][info][gc,heap        ] GC(610) ParNew: 409024K->26767K(460096K)
[368.134s][info][gc,heap        ] GC(610) CMS: 5078K->5078K(1585984K)
[368.134s][info][gc,metaspace   ] GC(610) Metaspace: 23829K(24832K)->23829K(24832K) NonClass: 20903K(21504K)->20903K(21504K) Class: 2925K(3328K)->2925K(3328K)
[368.134s][info][gc             ] GC(610) Pause Young (Allocation Failure) 404M->31M(1998M) 18.173ms
[368.134s][info][gc,cpu         ] GC(610) User=0.09s Sys=0.00s Real=0.02s
[368.218s][info][gc,start       ] GC(611) Pause Young (Allocation Failure)
[368.218s][info][gc,task        ] GC(611) Using 6 workers of 6 for evacuation
[368.235s][info][gc,heap        ] GC(611) ParNew: 435791K->0K(460096K)
[368.235s][info][gc,heap        ] GC(611) CMS: 5078K->36363K(1585984K)
[368.235s][info][gc,metaspace   ] GC(611) Metaspace: 23829K(24832K)->23829K(24832K) NonClass: 20903K(21504K)->20903K(21504K) Class: 2925K(3328K)->2925K(3328K)
[368.235s][info][gc             ] GC(611) Pause Young (Allocation Failure) 430M->35M(1998M) 17.348ms
[368.235s][info][gc,cpu         ] GC(611) User=0.02s Sys=0.00s Real=0.02s
[368.317s][info][gc,start       ] GC(612) Pause Young (Allocation Failure)
[368.317s][info][gc,task        ] GC(612) Using 6 workers of 6 for evacuation
[368.320s][info][gc,heap        ] GC(612) ParNew: 409024K->0K(460096K)
[368.320s][info][gc,heap        ] GC(612) CMS: 36363K->36363K(1585984K)
[368.320s][info][gc,metaspace   ] GC(612) Metaspace: 23829K(24832K)->23829K(24832K) NonClass: 20903K(21504K)->20903K(21504K) Class: 2925K(3328K)->2925K(3328K)
[368.320s][info][gc             ] GC(612) Pause Young (Allocation Failure) 434M->35M(1998M) 2.719ms
[368.320s][info][gc,cpu         ] GC(612) User=0.00s Sys=0.00s Real=0.00s
[370.215s][info][gc,start       ] GC(613) Pause Young (Allocation Failure)
[370.215s][info][gc,task        ] GC(613) Using 6 workers of 6 for evacuation
[370.234s][info][gc,heap        ] GC(613) ParNew: 409024K->26957K(460096K)
[370.234s][info][gc,heap        ] GC(613) CMS: 36363K->36363K(1585984K)
[370.234s][info][gc,metaspace   ] GC(613) Metaspace: 23829K(24832K)->23829K(24832K) NonClass: 20903K(21504K)->20903K(21504K) Class: 2925K(3328K)->2925K(3328K)
[370.234s][info][gc             ] GC(613) Pause Young (Allocation Failure) 434M->61M(1998M) 18.940ms
[370.234s][info][gc,cpu         ] GC(613) User=0.08s Sys=0.00s Real=0.02s
[370.317s][info][gc,start       ] GC(614) Pause Young (Allocation Failure)
[370.317s][info][gc,task        ] GC(614) Using 6 workers of 6 for evacuation
[370.332s][info][gc,heap        ] GC(614) ParNew: 435981K->0K(460096K)
[370.332s][info][gc,heap        ] GC(614) CMS: 36363K->63488K(1585984K)
[370.332s][info][gc,metaspace   ] GC(614) Metaspace: 23829K(24832K)->23829K(24832K) NonClass: 20903K(21504K)->20903K(21504K) Class: 2925K(3328K)->2925K(3328K)
[370.332s][info][gc             ] GC(614) Pause Young (Allocation Failure) 461M->62M(1998M) 15.404ms
[370.332s][info][gc,cpu         ] GC(614) User=0.02s Sys=0.00s Real=0.02s
[370.415s][info][gc,start       ] GC(615) Pause Young (Allocation Failure)
[370.415s][info][gc,task        ] GC(615) Using 6 workers of 6 for evacuation
[370.418s][info][gc,heap        ] GC(615) ParNew: 409024K->0K(460096K)
[370.418s][info][gc,heap        ] GC(615) CMS: 63488K->63488K(1585984K)
[370.418s][info][gc,metaspace   ] GC(615) Metaspace: 23829K(24832K)->23829K(24832K) NonClass: 20903K(21504K)->20903K(21504K) Class: 2925K(3328K)->2925K(3328K)
[370.418s][info][gc             ] GC(615) Pause Young (Allocation Failure) 461M->62M(1998M) 2.937ms
[370.418s][info][gc,cpu         ] GC(615) User=0.00s Sys=0.00s Real=0.00s
[370.476s][info][gc,start       ] GC(616) Pause Full (System.gc())
[370.476s][info][gc,phases,start] GC(616) Phase 1: Mark live objects
[370.483s][info][gc,phases      ] GC(616) Phase 1: Mark live objects 7.170ms
[370.483s][info][gc,phases,start] GC(616) Phase 2: Compute new object addresses
[370.552s][info][gc,phases      ] GC(616) Phase 2: Compute new object addresses 68.336ms
[370.552s][info][gc,phases,start] GC(616) Phase 3: Adjust pointers
[370.556s][info][gc,phases      ] GC(616) Phase 3: Adjust pointers 4.544ms
[370.556s][info][gc,phases,start] GC(616) Phase 4: Move objects
[370.556s][info][gc,phases      ] GC(616) Phase 4: Move objects 0.192ms
[370.558s][info][gc,heap        ] GC(616) ParNew: 220631K->0K(460096K)
[370.558s][info][gc,heap        ] GC(616) CMS: 63488K->5078K(1585984K)
[370.558s][info][gc,metaspace   ] GC(616) Metaspace: 23829K(24832K)->23829K(24832K) NonClass: 20903K(21504K)->20903K(21504K) Class: 2925K(3328K)->2925K(3328K)
[370.558s][info][gc             ] GC(616) Pause Full (System.gc()) 277M->4M(1998M) 82.237ms
[370.558s][info][gc,cpu         ] GC(616) User=0.06s Sys=0.00s Real=0.08s
[372.443s][info][gc,start       ] GC(617) Pause Young (Allocation Failure)
[372.443s][info][gc,task        ] GC(617) Using 6 workers of 6 for evacuation
[372.461s][info][gc,heap        ] GC(617) ParNew: 409024K->26700K(460096K)
[372.461s][info][gc,heap        ] GC(617) CMS: 5078K->5078K(1585984K)
[372.461s][info][gc,metaspace   ] GC(617) Metaspace: 23829K(24832K)->23829K(24832K) NonClass: 20903K(21504K)->20903K(21504K) Class: 2925K(3328K)->2925K(3328K)
[372.461s][info][gc             ] GC(617) Pause Young (Allocation Failure) 404M->31M(1998M) 17.907ms
[372.461s][info][gc,cpu         ] GC(617) User=0.08s Sys=0.00s Real=0.02s
[372.544s][info][gc,start       ] GC(618) Pause Young (Allocation Failure)
[372.544s][info][gc,task        ] GC(618) Using 6 workers of 6 for evacuation
[372.561s][info][gc,heap        ] GC(618) ParNew: 435724K->0K(460096K)
[372.561s][info][gc,heap        ] GC(618) CMS: 5078K->36365K(1585984K)
[372.561s][info][gc,metaspace   ] GC(618) Metaspace: 23829K(24832K)->23829K(24832K) NonClass: 20903K(21504K)->20903K(21504K) Class: 2925K(3328K)->2925K(3328K)
[372.561s][info][gc             ] GC(618) Pause Young (Allocation Failure) 430M->35M(1998M) 17.401ms
[372.561s][info][gc,cpu         ] GC(618) User=0.03s Sys=0.00s Real=0.03s
[372.643s][info][gc,start       ] GC(619) Pause Young (Allocation Failure)
[372.643s][info][gc,task        ] GC(619) Using 6 workers of 6 for evacuation
[372.646s][info][gc,heap        ] GC(619) ParNew: 409024K->0K(460096K)
[372.646s][info][gc,heap        ] GC(619) CMS: 36365K->36365K(1585984K)
[372.646s][info][gc,metaspace   ] GC(619) Metaspace: 23829K(24832K)->23829K(24832K) NonClass: 20903K(21504K)->20903K(21504K) Class: 2925K(3328K)->2925K(3328K)
[372.646s][info][gc             ] GC(619) Pause Young (Allocation Failure) 434M->35M(1998M) 2.784ms
[372.646s][info][gc,cpu         ] GC(619) User=0.00s Sys=0.00s Real=0.00s
[374.542s][info][gc,start       ] GC(620) Pause Young (Allocation Failure)
[374.542s][info][gc,task        ] GC(620) Using 6 workers of 6 for evacuation
[374.561s][info][gc,heap        ] GC(620) ParNew: 409024K->27259K(460096K)
[374.561s][info][gc,heap        ] GC(620) CMS: 36365K->36365K(1585984K)
[374.561s][info][gc,metaspace   ] GC(620) Metaspace: 23829K(24832K)->23829K(24832K) NonClass: 20903K(21504K)->20903K(21504K) Class: 2925K(3328K)->2925K(3328K)
[374.561s][info][gc             ] GC(620) Pause Young (Allocation Failure) 434M->62M(1998M) 18.857ms
[374.561s][info][gc,cpu         ] GC(620) User=0.08s Sys=0.00s Real=0.02s
[374.644s][info][gc,start       ] GC(621) Pause Young (Allocation Failure)
[374.644s][info][gc,task        ] GC(621) Using 6 workers of 6 for evacuation
[374.660s][info][gc,heap        ] GC(621) ParNew: 436283K->0K(460096K)
[374.660s][info][gc,heap        ] GC(621) CMS: 36365K->63217K(1585984K)
[374.660s][info][gc,metaspace   ] GC(621) Metaspace: 23829K(24832K)->23829K(24832K) NonClass: 20903K(21504K)->20903K(21504K) Class: 2925K(3328K)->2925K(3328K)
[374.660s][info][gc             ] GC(621) Pause Young (Allocation Failure) 461M->61M(1998M) 16.579ms
[374.660s][info][gc,cpu         ] GC(621) User=0.02s Sys=0.00s Real=0.02s
[374.743s][info][gc,start       ] GC(622) Pause Young (Allocation Failure)
[374.743s][info][gc,task        ] GC(622) Using 6 workers of 6 for evacuation
[374.745s][info][gc,heap        ] GC(622) ParNew: 409024K->0K(460096K)
[374.745s][info][gc,heap        ] GC(622) CMS: 63217K->63217K(1585984K)
[374.745s][info][gc,metaspace   ] GC(622) Metaspace: 23829K(24832K)->23829K(24832K) NonClass: 20903K(21504K)->20903K(21504K) Class: 2925K(3328K)->2925K(3328K)
[374.745s][info][gc             ] GC(622) Pause Young (Allocation Failure) 461M->61M(1998M) 2.896ms
[374.745s][info][gc,cpu         ] GC(622) User=0.00s Sys=0.00s Real=0.02s
[374.804s][info][gc,start       ] GC(623) Pause Full (System.gc())
[374.805s][info][gc,phases,start] GC(623) Phase 1: Mark live objects
[374.811s][info][gc,phases      ] GC(623) Phase 1: Mark live objects 6.444ms
[374.811s][info][gc,phases,start] GC(623) Phase 2: Compute new object addresses
[374.879s][info][gc,phases      ] GC(623) Phase 2: Compute new object addresses 67.686ms
[374.879s][info][gc,phases,start] GC(623) Phase 3: Adjust pointers
[374.883s][info][gc,phases      ] GC(623) Phase 3: Adjust pointers 4.473ms
[374.883s][info][gc,phases,start] GC(623) Phase 4: Move objects
[374.884s][info][gc,phases      ] GC(623) Phase 4: Move objects 0.192ms
[374.885s][info][gc,heap        ] GC(623) ParNew: 220631K->0K(460096K)
[374.885s][info][gc,heap        ] GC(623) CMS: 63217K->5078K(1585984K)
[374.885s][info][gc,metaspace   ] GC(623) Metaspace: 23829K(24832K)->23829K(24832K) NonClass: 20903K(21504K)->20903K(21504K) Class: 2925K(3328K)->2925K(3328K)
[374.885s][info][gc             ] GC(623) Pause Full (System.gc()) 277M->4M(1998M) 80.858ms
[374.885s][info][gc,cpu         ] GC(623) User=0.08s Sys=0.00s Real=0.09s
[376.769s][info][gc,start       ] GC(624) Pause Young (Allocation Failure)
[376.769s][info][gc,task        ] GC(624) Using 6 workers of 6 for evacuation
[376.787s][info][gc,heap        ] GC(624) ParNew: 409024K->26645K(460096K)
[376.787s][info][gc,heap        ] GC(624) CMS: 5078K->5078K(1585984K)
[376.787s][info][gc,metaspace   ] GC(624) Metaspace: 23829K(24832K)->23829K(24832K) NonClass: 20903K(21504K)->20903K(21504K) Class: 2925K(3328K)->2925K(3328K)
[376.787s][info][gc             ] GC(624) Pause Young (Allocation Failure) 404M->30M(1998M) 18.077ms
[376.787s][info][gc,cpu         ] GC(624) User=0.06s Sys=0.00s Real=0.02s
[376.870s][info][gc,start       ] GC(625) Pause Young (Allocation Failure)
[376.870s][info][gc,task        ] GC(625) Using 6 workers of 6 for evacuation
[376.887s][info][gc,heap        ] GC(625) ParNew: 435669K->0K(460096K)
[376.887s][info][gc,heap        ] GC(625) CMS: 5078K->36354K(1585984K)
[376.887s][info][gc,metaspace   ] GC(625) Metaspace: 23829K(24832K)->23829K(24832K) NonClass: 20903K(21504K)->20903K(21504K) Class: 2925K(3328K)->2925K(3328K)
[376.887s][info][gc             ] GC(625) Pause Young (Allocation Failure) 430M->35M(1998M) 17.268ms
[376.887s][info][gc,cpu         ] GC(625) User=0.02s Sys=0.00s Real=0.02s
[376.970s][info][gc,start       ] GC(626) Pause Young (Allocation Failure)
[376.970s][info][gc,task        ] GC(626) Using 6 workers of 6 for evacuation
[376.973s][info][gc,heap        ] GC(626) ParNew: 409024K->0K(460096K)
[376.973s][info][gc,heap        ] GC(626) CMS: 36354K->36354K(1585984K)
[376.973s][info][gc,metaspace   ] GC(626) Metaspace: 23829K(24832K)->23829K(24832K) NonClass: 20903K(21504K)->20903K(21504K) Class: 2925K(3328K)->2925K(3328K)
[376.973s][info][gc             ] GC(626) Pause Young (Allocation Failure) 434M->35M(1998M) 2.626ms
[376.973s][info][gc,cpu         ] GC(626) User=0.02s Sys=0.00s Real=0.02s
[378.869s][info][gc,start       ] GC(627) Pause Young (Allocation Failure)
[378.869s][info][gc,task        ] GC(627) Using 6 workers of 6 for evacuation
[378.887s][info][gc,heap        ] GC(627) ParNew: 409024K->27191K(460096K)
[378.887s][info][gc,heap        ] GC(627) CMS: 36354K->36354K(1585984K)
[378.887s][info][gc,metaspace   ] GC(627) Metaspace: 23829K(24832K)->23829K(24832K) NonClass: 20903K(21504K)->20903K(21504K) Class: 2925K(3328K)->2925K(3328K)
[378.887s][info][gc             ] GC(627) Pause Young (Allocation Failure) 434M->62M(1998M) 18.597ms
[378.887s][info][gc,cpu         ] GC(627) User=0.09s Sys=0.00s Real=0.03s
[378.971s][info][gc,start       ] GC(628) Pause Young (Allocation Failure)
[378.971s][info][gc,task        ] GC(628) Using 6 workers of 6 for evacuation
[378.990s][info][gc,heap        ] GC(628) ParNew: 436215K->0K(460096K)
[378.990s][info][gc,heap        ] GC(628) CMS: 36354K->63546K(1585984K)
[378.990s][info][gc,metaspace   ] GC(628) Metaspace: 23829K(24832K)->23829K(24832K) NonClass: 20903K(21504K)->20903K(21504K) Class: 2925K(3328K)->2925K(3328K)
[378.990s][info][gc             ] GC(628) Pause Young (Allocation Failure) 461M->62M(1998M) 19.153ms
[378.990s][info][gc,cpu         ] GC(628) User=0.06s Sys=0.00s Real=0.02s
[379.073s][info][gc,start       ] GC(629) Pause Young (Allocation Failure)
[379.073s][info][gc,task        ] GC(629) Using 6 workers of 6 for evacuation
[379.076s][info][gc,heap        ] GC(629) ParNew: 409024K->0K(460096K)
[379.076s][info][gc,heap        ] GC(629) CMS: 63546K->63546K(1585984K)
[379.076s][info][gc,metaspace   ] GC(629) Metaspace: 23829K(24832K)->23829K(24832K) NonClass: 20903K(21504K)->20903K(21504K) Class: 2925K(3328K)->2925K(3328K)
[379.076s][info][gc             ] GC(629) Pause Young (Allocation Failure) 461M->62M(1998M) 2.792ms
[379.076s][info][gc,cpu         ] GC(629) User=0.00s Sys=0.00s Real=0.00s
[379.135s][info][gc,start       ] GC(630) Pause Full (System.gc())
[379.135s][info][gc,phases,start] GC(630) Phase 1: Mark live objects
[379.142s][info][gc,phases      ] GC(630) Phase 1: Mark live objects 7.140ms
[379.142s][info][gc,phases,start] GC(630) Phase 2: Compute new object addresses
[379.208s][info][gc,phases      ] GC(630) Phase 2: Compute new object addresses 66.007ms
[379.208s][info][gc,phases,start] GC(630) Phase 3: Adjust pointers
[379.212s][info][gc,phases      ] GC(630) Phase 3: Adjust pointers 4.436ms
[379.213s][info][gc,phases,start] GC(630) Phase 4: Move objects
[379.213s][info][gc,phases      ] GC(630) Phase 4: Move objects 0.219ms
[379.214s][info][gc,heap        ] GC(630) ParNew: 220631K->0K(460096K)
[379.214s][info][gc,heap        ] GC(630) CMS: 63546K->5078K(1585984K)
[379.214s][info][gc,metaspace   ] GC(630) Metaspace: 23829K(24832K)->23829K(24832K) NonClass: 20903K(21504K)->20903K(21504K) Class: 2925K(3328K)->2925K(3328K)
[379.214s][info][gc             ] GC(630) Pause Full (System.gc()) 277M->4M(1998M) 79.773ms
[379.214s][info][gc,cpu         ] GC(630) User=0.08s Sys=0.00s Real=0.08s
[381.097s][info][gc,start       ] GC(631) Pause Young (Allocation Failure)
[381.097s][info][gc,task        ] GC(631) Using 6 workers of 6 for evacuation
[381.115s][info][gc,heap        ] GC(631) ParNew: 409024K->26909K(460096K)
[381.115s][info][gc,heap        ] GC(631) CMS: 5078K->5078K(1585984K)
[381.115s][info][gc,metaspace   ] GC(631) Metaspace: 23835K(24832K)->23835K(24832K) NonClass: 20910K(21504K)->20910K(21504K) Class: 2925K(3328K)->2925K(3328K)
[381.115s][info][gc             ] GC(631) Pause Young (Allocation Failure) 404M->31M(1998M) 18.331ms
[381.115s][info][gc,cpu         ] GC(631) User=0.08s Sys=0.00s Real=0.01s
[381.198s][info][gc,start       ] GC(632) Pause Young (Allocation Failure)
[381.198s][info][gc,task        ] GC(632) Using 6 workers of 6 for evacuation
[381.214s][info][gc,heap        ] GC(632) ParNew: 435933K->0K(460096K)
[381.214s][info][gc,heap        ] GC(632) CMS: 5078K->36354K(1585984K)
[381.214s][info][gc,metaspace   ] GC(632) Metaspace: 23835K(24832K)->23835K(24832K) NonClass: 20910K(21504K)->20910K(21504K) Class: 2925K(3328K)->2925K(3328K)
[381.214s][info][gc             ] GC(632) Pause Young (Allocation Failure) 430M->35M(1998M) 16.065ms
[381.214s][info][gc,cpu         ] GC(632) User=0.02s Sys=0.00s Real=0.02s
[381.297s][info][gc,start       ] GC(633) Pause Young (Allocation Failure)
[381.297s][info][gc,task        ] GC(633) Using 6 workers of 6 for evacuation
[381.300s][info][gc,heap        ] GC(633) ParNew: 409024K->0K(460096K)
[381.300s][info][gc,heap        ] GC(633) CMS: 36354K->36354K(1585984K)
[381.300s][info][gc,metaspace   ] GC(633) Metaspace: 23835K(24832K)->23835K(24832K) NonClass: 20910K(21504K)->20910K(21504K) Class: 2925K(3328K)->2925K(3328K)
[381.300s][info][gc             ] GC(633) Pause Young (Allocation Failure) 434M->35M(1998M) 2.906ms
[381.300s][info][gc,cpu         ] GC(633) User=0.00s Sys=0.00s Real=0.00s
[383.197s][info][gc,start       ] GC(634) Pause Young (Allocation Failure)
[383.197s][info][gc,task        ] GC(634) Using 6 workers of 6 for evacuation
[383.215s][info][gc,heap        ] GC(634) ParNew: 409024K->27018K(460096K)
[383.215s][info][gc,heap        ] GC(634) CMS: 36354K->36354K(1585984K)
[383.215s][info][gc,metaspace   ] GC(634) Metaspace: 23835K(24832K)->23835K(24832K) NonClass: 20910K(21504K)->20910K(21504K) Class: 2925K(3328K)->2925K(3328K)
[383.215s][info][gc             ] GC(634) Pause Young (Allocation Failure) 434M->61M(1998M) 18.121ms
[383.215s][info][gc,cpu         ] GC(634) User=0.09s Sys=0.00s Real=0.01s
[383.298s][info][gc,start       ] GC(635) Pause Young (Allocation Failure)
[383.298s][info][gc,task        ] GC(635) Using 6 workers of 6 for evacuation
[383.314s][info][gc,heap        ] GC(635) ParNew: 436042K->0K(460096K)
[383.314s][info][gc,heap        ] GC(635) CMS: 36354K->63231K(1585984K)
[383.314s][info][gc,metaspace   ] GC(635) Metaspace: 23835K(24832K)->23835K(24832K) NonClass: 20910K(21504K)->20910K(21504K) Class: 2925K(3328K)->2925K(3328K)
[383.314s][info][gc             ] GC(635) Pause Young (Allocation Failure) 461M->61M(1998M) 15.938ms
[383.314s][info][gc,cpu         ] GC(635) User=0.00s Sys=0.00s Real=0.01s
[383.396s][info][gc,start       ] GC(636) Pause Young (Allocation Failure)
[383.396s][info][gc,task        ] GC(636) Using 6 workers of 6 for evacuation
[383.399s][info][gc,heap        ] GC(636) ParNew: 409024K->0K(460096K)
[383.399s][info][gc,heap        ] GC(636) CMS: 63231K->63231K(1585984K)
[383.399s][info][gc,metaspace   ] GC(636) Metaspace: 23835K(24832K)->23835K(24832K) NonClass: 20910K(21504K)->20910K(21504K) Class: 2925K(3328K)->2925K(3328K)
[383.399s][info][gc             ] GC(636) Pause Young (Allocation Failure) 461M->61M(1998M) 2.608ms
[383.399s][info][gc,cpu         ] GC(636) User=0.00s Sys=0.00s Real=0.00s
[383.457s][info][gc,start       ] GC(637) Pause Full (System.gc())
[383.458s][info][gc,phases,start] GC(637) Phase 1: Mark live objects
[383.464s][info][gc,phases      ] GC(637) Phase 1: Mark live objects 6.670ms
[383.464s][info][gc,phases,start] GC(637) Phase 2: Compute new object addresses
[383.532s][info][gc,phases      ] GC(637) Phase 2: Compute new object addresses 67.234ms
[383.532s][info][gc,phases,start] GC(637) Phase 3: Adjust pointers
[383.536s][info][gc,phases      ] GC(637) Phase 3: Adjust pointers 4.486ms
[383.536s][info][gc,phases,start] GC(637) Phase 4: Move objects
[383.536s][info][gc,phases      ] GC(637) Phase 4: Move objects 0.198ms
[383.538s][info][gc,heap        ] GC(637) ParNew: 220631K->0K(460096K)
[383.538s][info][gc,heap        ] GC(637) CMS: 63231K->5078K(1585984K)
[383.538s][info][gc,metaspace   ] GC(637) Metaspace: 23835K(24832K)->23835K(24832K) NonClass: 20910K(21504K)->20910K(21504K) Class: 2925K(3328K)->2925K(3328K)
[383.538s][info][gc             ] GC(637) Pause Full (System.gc()) 277M->4M(1998M) 80.545ms
[383.538s][info][gc,cpu         ] GC(637) User=0.08s Sys=0.00s Real=0.08s
[385.423s][info][gc,start       ] GC(638) Pause Young (Allocation Failure)
[385.423s][info][gc,task        ] GC(638) Using 6 workers of 6 for evacuation
[385.440s][info][gc,heap        ] GC(638) ParNew: 409024K->26697K(460096K)
[385.440s][info][gc,heap        ] GC(638) CMS: 5078K->5078K(1585984K)
[385.440s][info][gc,metaspace   ] GC(638) Metaspace: 23835K(24832K)->23835K(24832K) NonClass: 20910K(21504K)->20910K(21504K) Class: 2925K(3328K)->2925K(3328K)
[385.440s][info][gc             ] GC(638) Pause Young (Allocation Failure) 404M->31M(1998M) 17.123ms
[385.440s][info][gc,cpu         ] GC(638) User=0.02s Sys=0.03s Real=0.01s
[385.523s][info][gc,start       ] GC(639) Pause Young (Allocation Failure)
[385.523s][info][gc,task        ] GC(639) Using 6 workers of 6 for evacuation
[385.540s][info][gc,heap        ] GC(639) ParNew: 435721K->0K(460096K)
[385.540s][info][gc,heap        ] GC(639) CMS: 5078K->36358K(1585984K)
[385.540s][info][gc,metaspace   ] GC(639) Metaspace: 23835K(24832K)->23835K(24832K) NonClass: 20910K(21504K)->20910K(21504K) Class: 2925K(3328K)->2925K(3328K)
[385.540s][info][gc             ] GC(639) Pause Young (Allocation Failure) 430M->35M(1998M) 16.615ms
[385.540s][info][gc,cpu         ] GC(639) User=0.02s Sys=0.00s Real=0.02s
[385.622s][info][gc,start       ] GC(640) Pause Young (Allocation Failure)
[385.622s][info][gc,task        ] GC(640) Using 6 workers of 6 for evacuation
[385.625s][info][gc,heap        ] GC(640) ParNew: 409024K->0K(460096K)
[385.625s][info][gc,heap        ] GC(640) CMS: 36358K->36358K(1585984K)
[385.625s][info][gc,metaspace   ] GC(640) Metaspace: 23835K(24832K)->23835K(24832K) NonClass: 20910K(21504K)->20910K(21504K) Class: 2925K(3328K)->2925K(3328K)
[385.625s][info][gc             ] GC(640) Pause Young (Allocation Failure) 434M->35M(1998M) 3.168ms
[385.625s][info][gc,cpu         ] GC(640) User=0.02s Sys=0.00s Real=0.02s
[387.523s][info][gc,start       ] GC(641) Pause Young (Allocation Failure)
[387.523s][info][gc,task        ] GC(641) Using 6 workers of 6 for evacuation
[387.541s][info][gc,heap        ] GC(641) ParNew: 409024K->27175K(460096K)
[387.541s][info][gc,heap        ] GC(641) CMS: 36358K->36358K(1585984K)
[387.541s][info][gc,metaspace   ] GC(641) Metaspace: 23835K(24832K)->23835K(24832K) NonClass: 20910K(21504K)->20910K(21504K) Class: 2925K(3328K)->2925K(3328K)
[387.541s][info][gc             ] GC(641) Pause Young (Allocation Failure) 434M->62M(1998M) 18.295ms
[387.541s][info][gc,cpu         ] GC(641) User=0.09s Sys=0.00s Real=0.03s
[387.624s][info][gc,start       ] GC(642) Pause Young (Allocation Failure)
[387.624s][info][gc,task        ] GC(642) Using 6 workers of 6 for evacuation
[387.639s][info][gc,heap        ] GC(642) ParNew: 436199K->0K(460096K)
[387.639s][info][gc,heap        ] GC(642) CMS: 36358K->63140K(1585984K)
[387.639s][info][gc,metaspace   ] GC(642) Metaspace: 23835K(24832K)->23835K(24832K) NonClass: 20910K(21504K)->20910K(21504K) Class: 2925K(3328K)->2925K(3328K)
[387.639s][info][gc             ] GC(642) Pause Young (Allocation Failure) 461M->61M(1998M) 15.554ms
[387.639s][info][gc,cpu         ] GC(642) User=0.02s Sys=0.00s Real=0.02s
[387.722s][info][gc,start       ] GC(643) Pause Young (Allocation Failure)
[387.722s][info][gc,task        ] GC(643) Using 6 workers of 6 for evacuation
[387.724s][info][gc,heap        ] GC(643) ParNew: 409024K->0K(460096K)
[387.724s][info][gc,heap        ] GC(643) CMS: 63140K->63140K(1585984K)
[387.724s][info][gc,metaspace   ] GC(643) Metaspace: 23835K(24832K)->23835K(24832K) NonClass: 20910K(21504K)->20910K(21504K) Class: 2925K(3328K)->2925K(3328K)
[387.724s][info][gc             ] GC(643) Pause Young (Allocation Failure) 461M->61M(1998M) 2.744ms
[387.724s][info][gc,cpu         ] GC(643) User=0.00s Sys=0.00s Real=0.00s
[387.783s][info][gc,start       ] GC(644) Pause Full (System.gc())
[387.783s][info][gc,phases,start] GC(644) Phase 1: Mark live objects
[387.789s][info][gc,phases      ] GC(644) Phase 1: Mark live objects 6.468ms
[387.790s][info][gc,phases,start] GC(644) Phase 2: Compute new object addresses
[387.857s][info][gc,phases      ] GC(644) Phase 2: Compute new object addresses 67.597ms
[387.857s][info][gc,phases,start] GC(644) Phase 3: Adjust pointers
[387.862s][info][gc,phases      ] GC(644) Phase 3: Adjust pointers 4.446ms
[387.862s][info][gc,phases,start] GC(644) Phase 4: Move objects
[387.862s][info][gc,phases      ] GC(644) Phase 4: Move objects 0.194ms
[387.863s][info][gc,heap        ] GC(644) ParNew: 220631K->0K(460096K)
[387.863s][info][gc,heap        ] GC(644) CMS: 63140K->5078K(1585984K)
[387.863s][info][gc,metaspace   ] GC(644) Metaspace: 23835K(24832K)->23835K(24832K) NonClass: 20910K(21504K)->20910K(21504K) Class: 2925K(3328K)->2925K(3328K)
[387.863s][info][gc             ] GC(644) Pause Full (System.gc()) 277M->4M(1998M) 80.664ms
[387.863s][info][gc,cpu         ] GC(644) User=0.08s Sys=0.00s Real=0.08s
[389.747s][info][gc,start       ] GC(645) Pause Young (Allocation Failure)
[389.747s][info][gc,task        ] GC(645) Using 6 workers of 6 for evacuation
[389.765s][info][gc,heap        ] GC(645) ParNew: 409024K->26674K(460096K)
[389.765s][info][gc,heap        ] GC(645) CMS: 5078K->5078K(1585984K)
[389.765s][info][gc,metaspace   ] GC(645) Metaspace: 23835K(24832K)->23835K(24832K) NonClass: 20910K(21504K)->20910K(21504K) Class: 2925K(3328K)->2925K(3328K)
[389.765s][info][gc             ] GC(645) Pause Young (Allocation Failure) 404M->31M(1998M) 18.078ms
[389.765s][info][gc,cpu         ] GC(645) User=0.08s Sys=0.00s Real=0.02s
[389.848s][info][gc,start       ] GC(646) Pause Young (Allocation Failure)
[389.849s][info][gc,task        ] GC(646) Using 6 workers of 6 for evacuation
[389.865s][info][gc,heap        ] GC(646) ParNew: 435698K->0K(460096K)
[389.865s][info][gc,heap        ] GC(646) CMS: 5078K->36361K(1585984K)
[389.865s][info][gc,metaspace   ] GC(646) Metaspace: 23835K(24832K)->23835K(24832K) NonClass: 20910K(21504K)->20910K(21504K) Class: 2925K(3328K)->2925K(3328K)
[389.865s][info][gc             ] GC(646) Pause Young (Allocation Failure) 430M->35M(1998M) 16.411ms
[389.865s][info][gc,cpu         ] GC(646) User=0.02s Sys=0.00s Real=0.01s
[389.947s][info][gc,start       ] GC(647) Pause Young (Allocation Failure)
[389.947s][info][gc,task        ] GC(647) Using 6 workers of 6 for evacuation
[389.950s][info][gc,heap        ] GC(647) ParNew: 409024K->0K(460096K)
[389.950s][info][gc,heap        ] GC(647) CMS: 36361K->36361K(1585984K)
[389.950s][info][gc,metaspace   ] GC(647) Metaspace: 23835K(24832K)->23835K(24832K) NonClass: 20910K(21504K)->20910K(21504K) Class: 2925K(3328K)->2925K(3328K)
[389.950s][info][gc             ] GC(647) Pause Young (Allocation Failure) 434M->35M(1998M) 2.489ms
[389.950s][info][gc,cpu         ] GC(647) User=0.00s Sys=0.00s Real=0.00s
[391.847s][info][gc,start       ] GC(648) Pause Young (Allocation Failure)
[391.847s][info][gc,task        ] GC(648) Using 6 workers of 6 for evacuation
[391.865s][info][gc,heap        ] GC(648) ParNew: 409024K->27330K(460096K)
[391.865s][info][gc,heap        ] GC(648) CMS: 36361K->36361K(1585984K)
[391.865s][info][gc,metaspace   ] GC(648) Metaspace: 23835K(24832K)->23835K(24832K) NonClass: 20910K(21504K)->20910K(21504K) Class: 2925K(3328K)->2925K(3328K)
[391.865s][info][gc             ] GC(648) Pause Young (Allocation Failure) 434M->62M(1998M) 17.954ms
[391.865s][info][gc,cpu         ] GC(648) User=0.08s Sys=0.00s Real=0.02s
[391.948s][info][gc,start       ] GC(649) Pause Young (Allocation Failure)
[391.948s][info][gc,task        ] GC(649) Using 6 workers of 6 for evacuation
[391.964s][info][gc,heap        ] GC(649) ParNew: 436354K->0K(460096K)
[391.964s][info][gc,heap        ] GC(649) CMS: 36361K->63511K(1585984K)
[391.964s][info][gc,metaspace   ] GC(649) Metaspace: 23835K(24832K)->23835K(24832K) NonClass: 20910K(21504K)->20910K(21504K) Class: 2925K(3328K)->2925K(3328K)
[391.965s][info][gc             ] GC(649) Pause Young (Allocation Failure) 461M->62M(1998M) 16.886ms
[391.965s][info][gc,cpu         ] GC(649) User=0.00s Sys=0.02s Real=0.02s
[392.047s][info][gc,start       ] GC(650) Pause Young (Allocation Failure)
[392.047s][info][gc,task        ] GC(650) Using 6 workers of 6 for evacuation
[392.050s][info][gc,heap        ] GC(650) ParNew: 409024K->0K(460096K)
[392.050s][info][gc,heap        ] GC(650) CMS: 63511K->63511K(1585984K)
[392.050s][info][gc,metaspace   ] GC(650) Metaspace: 23835K(24832K)->23835K(24832K) NonClass: 20910K(21504K)->20910K(21504K) Class: 2925K(3328K)->2925K(3328K)
[392.050s][info][gc             ] GC(650) Pause Young (Allocation Failure) 461M->62M(1998M) 2.661ms
[392.050s][info][gc,cpu         ] GC(650) User=0.00s Sys=0.00s Real=0.00s
[392.108s][info][gc,start       ] GC(651) Pause Full (System.gc())
[392.108s][info][gc,phases,start] GC(651) Phase 1: Mark live objects
[392.115s][info][gc,phases      ] GC(651) Phase 1: Mark live objects 6.723ms
[392.115s][info][gc,phases,start] GC(651) Phase 2: Compute new object addresses
[392.182s][info][gc,phases      ] GC(651) Phase 2: Compute new object addresses 67.046ms
[392.182s][info][gc,phases,start] GC(651) Phase 3: Adjust pointers
[392.187s][info][gc,phases      ] GC(651) Phase 3: Adjust pointers 4.463ms
[392.187s][info][gc,phases,start] GC(651) Phase 4: Move objects
[392.187s][info][gc,phases      ] GC(651) Phase 4: Move objects 0.193ms
[392.188s][info][gc,heap        ] GC(651) ParNew: 220631K->0K(460096K)
[392.188s][info][gc,heap        ] GC(651) CMS: 63511K->5078K(1585984K)
[392.188s][info][gc,metaspace   ] GC(651) Metaspace: 23835K(24832K)->23835K(24832K) NonClass: 20910K(21504K)->20910K(21504K) Class: 2925K(3328K)->2925K(3328K)
[392.189s][info][gc             ] GC(651) Pause Full (System.gc()) 277M->4M(1998M) 80.532ms
[392.189s][info][gc,cpu         ] GC(651) User=0.08s Sys=0.00s Real=0.08s
[394.074s][info][gc,start       ] GC(652) Pause Young (Allocation Failure)
[394.075s][info][gc,task        ] GC(652) Using 6 workers of 6 for evacuation
[394.092s][info][gc,heap        ] GC(652) ParNew: 409024K->26561K(460096K)
[394.092s][info][gc,heap        ] GC(652) CMS: 5078K->5078K(1585984K)
[394.092s][info][gc,metaspace   ] GC(652) Metaspace: 23835K(24832K)->23835K(24832K) NonClass: 20910K(21504K)->20910K(21504K) Class: 2925K(3328K)->2925K(3328K)
[394.092s][info][gc             ] GC(652) Pause Young (Allocation Failure) 404M->30M(1998M) 17.499ms
[394.092s][info][gc,cpu         ] GC(652) User=0.02s Sys=0.00s Real=0.01s
[394.175s][info][gc,start       ] GC(653) Pause Young (Allocation Failure)
[394.175s][info][gc,task        ] GC(653) Using 6 workers of 6 for evacuation
[394.191s][info][gc,heap        ] GC(653) ParNew: 435585K->0K(460096K)
[394.191s][info][gc,heap        ] GC(653) CMS: 5078K->36354K(1585984K)
[394.191s][info][gc,metaspace   ] GC(653) Metaspace: 23835K(24832K)->23835K(24832K) NonClass: 20910K(21504K)->20910K(21504K) Class: 2925K(3328K)->2925K(3328K)
[394.191s][info][gc             ] GC(653) Pause Young (Allocation Failure) 430M->35M(1998M) 16.286ms
[394.191s][info][gc,cpu         ] GC(653) User=0.02s Sys=0.00s Real=0.02s
[394.275s][info][gc,start       ] GC(654) Pause Young (Allocation Failure)
[394.275s][info][gc,task        ] GC(654) Using 6 workers of 6 for evacuation
[394.277s][info][gc,heap        ] GC(654) ParNew: 409024K->0K(460096K)
[394.277s][info][gc,heap        ] GC(654) CMS: 36354K->36354K(1585984K)
[394.277s][info][gc,metaspace   ] GC(654) Metaspace: 23835K(24832K)->23835K(24832K) NonClass: 20910K(21504K)->20910K(21504K) Class: 2925K(3328K)->2925K(3328K)
[394.277s][info][gc             ] GC(654) Pause Young (Allocation Failure) 434M->35M(1998M) 2.579ms
[394.277s][info][gc,cpu         ] GC(654) User=0.03s Sys=0.00s Real=0.02s
[396.170s][info][gc,start       ] GC(655) Pause Young (Allocation Failure)
[396.170s][info][gc,task        ] GC(655) Using 6 workers of 6 for evacuation
[396.188s][info][gc,heap        ] GC(655) ParNew: 409024K->26948K(460096K)
[396.188s][info][gc,heap        ] GC(655) CMS: 36354K->36354K(1585984K)
[396.188s][info][gc,metaspace   ] GC(655) Metaspace: 23835K(24832K)->23835K(24832K) NonClass: 20910K(21504K)->20910K(21504K) Class: 2925K(3328K)->2925K(3328K)
[396.188s][info][gc             ] GC(655) Pause Young (Allocation Failure) 434M->61M(1998M) 18.186ms
[396.188s][info][gc,cpu         ] GC(655) User=0.08s Sys=0.00s Real=0.02s
[396.272s][info][gc,start       ] GC(656) Pause Young (Allocation Failure)
[396.272s][info][gc,task        ] GC(656) Using 6 workers of 6 for evacuation
[396.288s][info][gc,heap        ] GC(656) ParNew: 435972K->0K(460096K)
[396.288s][info][gc,heap        ] GC(656) CMS: 36354K->63513K(1585984K)
[396.288s][info][gc,metaspace   ] GC(656) Metaspace: 23835K(24832K)->23835K(24832K) NonClass: 20910K(21504K)->20910K(21504K) Class: 2925K(3328K)->2925K(3328K)
[396.288s][info][gc             ] GC(656) Pause Young (Allocation Failure) 461M->62M(1998M) 15.786ms
[396.288s][info][gc,cpu         ] GC(656) User=0.02s Sys=0.00s Real=0.02s
[396.370s][info][gc,start       ] GC(657) Pause Young (Allocation Failure)
[396.370s][info][gc,task        ] GC(657) Using 6 workers of 6 for evacuation
[396.373s][info][gc,heap        ] GC(657) ParNew: 409024K->0K(460096K)
[396.373s][info][gc,heap        ] GC(657) CMS: 63513K->63513K(1585984K)
[396.373s][info][gc,metaspace   ] GC(657) Metaspace: 23835K(24832K)->23835K(24832K) NonClass: 20910K(21504K)->20910K(21504K) Class: 2925K(3328K)->2925K(3328K)
[396.373s][info][gc             ] GC(657) Pause Young (Allocation Failure) 461M->62M(1998M) 2.818ms
[396.373s][info][gc,cpu         ] GC(657) User=0.00s Sys=0.00s Real=0.00s
[396.431s][info][gc,start       ] GC(658) Pause Full (System.gc())
[396.431s][info][gc,phases,start] GC(658) Phase 1: Mark live objects
[396.438s][info][gc,phases      ] GC(658) Phase 1: Mark live objects 6.645ms
[396.438s][info][gc,phases,start] GC(658) Phase 2: Compute new object addresses
[396.505s][info][gc,phases      ] GC(658) Phase 2: Compute new object addresses 67.470ms
[396.506s][info][gc,phases,start] GC(658) Phase 3: Adjust pointers
[396.510s][info][gc,phases      ] GC(658) Phase 3: Adjust pointers 4.473ms
[396.510s][info][gc,phases,start] GC(658) Phase 4: Move objects
[396.510s][info][gc,phases      ] GC(658) Phase 4: Move objects 0.194ms
[396.511s][info][gc,heap        ] GC(658) ParNew: 220631K->0K(460096K)
[396.512s][info][gc,heap        ] GC(658) CMS: 63513K->5078K(1585984K)
[396.512s][info][gc,metaspace   ] GC(658) Metaspace: 23835K(24832K)->23835K(24832K) NonClass: 20910K(21504K)->20910K(21504K) Class: 2925K(3328K)->2925K(3328K)
[396.512s][info][gc             ] GC(658) Pause Full (System.gc()) 277M->4M(1998M) 80.743ms
[396.512s][info][gc,cpu         ] GC(658) User=0.08s Sys=0.00s Real=0.08s
[398.394s][info][gc,start       ] GC(659) Pause Young (Allocation Failure)
[398.394s][info][gc,task        ] GC(659) Using 6 workers of 6 for evacuation
[398.411s][info][gc,heap        ] GC(659) ParNew: 409024K->26743K(460096K)
[398.411s][info][gc,heap        ] GC(659) CMS: 5078K->5078K(1585984K)
[398.411s][info][gc,metaspace   ] GC(659) Metaspace: 23835K(24832K)->23835K(24832K) NonClass: 20910K(21504K)->20910K(21504K) Class: 2925K(3328K)->2925K(3328K)
[398.411s][info][gc             ] GC(659) Pause Young (Allocation Failure) 404M->31M(1998M) 17.344ms
[398.411s][info][gc,cpu         ] GC(659) User=0.05s Sys=0.00s Real=0.01s
[398.494s][info][gc,start       ] GC(660) Pause Young (Allocation Failure)
[398.494s][info][gc,task        ] GC(660) Using 6 workers of 6 for evacuation
[398.511s][info][gc,heap        ] GC(660) ParNew: 435767K->0K(460096K)
[398.511s][info][gc,heap        ] GC(660) CMS: 5078K->36343K(1585984K)
[398.511s][info][gc,metaspace   ] GC(660) Metaspace: 23835K(24832K)->23835K(24832K) NonClass: 20910K(21504K)->20910K(21504K) Class: 2925K(3328K)->2925K(3328K)
[398.511s][info][gc             ] GC(660) Pause Young (Allocation Failure) 430M->35M(1998M) 16.503ms
[398.511s][info][gc,cpu         ] GC(660) User=0.02s Sys=0.00s Real=0.02s
[398.594s][info][gc,start       ] GC(661) Pause Young (Allocation Failure)
[398.594s][info][gc,task        ] GC(661) Using 6 workers of 6 for evacuation
[398.596s][info][gc,heap        ] GC(661) ParNew: 409024K->0K(460096K)
[398.596s][info][gc,heap        ] GC(661) CMS: 36343K->36343K(1585984K)
[398.596s][info][gc,metaspace   ] GC(661) Metaspace: 23835K(24832K)->23835K(24832K) NonClass: 20910K(21504K)->20910K(21504K) Class: 2925K(3328K)->2925K(3328K)
[398.596s][info][gc             ] GC(661) Pause Young (Allocation Failure) 434M->35M(1998M) 2.613ms
[398.596s][info][gc,cpu         ] GC(661) User=0.00s Sys=0.00s Real=0.00s
[400.491s][info][gc,start       ] GC(662) Pause Young (Allocation Failure)
[400.491s][info][gc,task        ] GC(662) Using 6 workers of 6 for evacuation
[400.509s][info][gc,heap        ] GC(662) ParNew: 409024K->27516K(460096K)
[400.509s][info][gc,heap        ] GC(662) CMS: 36343K->36343K(1585984K)
[400.509s][info][gc,metaspace   ] GC(662) Metaspace: 23835K(24832K)->23835K(24832K) NonClass: 20910K(21504K)->20910K(21504K) Class: 2925K(3328K)->2925K(3328K)
[400.509s][info][gc             ] GC(662) Pause Young (Allocation Failure) 434M->62M(1998M) 18.087ms
[400.509s][info][gc,cpu         ] GC(662) User=0.08s Sys=0.00s Real=0.03s
[400.592s][info][gc,start       ] GC(663) Pause Young (Allocation Failure)
[400.592s][info][gc,task        ] GC(663) Using 6 workers of 6 for evacuation
[400.608s][info][gc,heap        ] GC(663) ParNew: 436540K->0K(460096K)
[400.608s][info][gc,heap        ] GC(663) CMS: 36343K->63459K(1585984K)
[400.608s][info][gc,metaspace   ] GC(663) Metaspace: 23835K(24832K)->23835K(24832K) NonClass: 20910K(21504K)->20910K(21504K) Class: 2925K(3328K)->2925K(3328K)
[400.608s][info][gc             ] GC(663) Pause Young (Allocation Failure) 461M->61M(1998M) 15.928ms
[400.608s][info][gc,cpu         ] GC(663) User=0.02s Sys=0.00s Real=0.01s
[400.690s][info][gc,start       ] GC(664) Pause Young (Allocation Failure)
[400.690s][info][gc,task        ] GC(664) Using 6 workers of 6 for evacuation
[400.693s][info][gc,heap        ] GC(664) ParNew: 409024K->0K(460096K)
[400.693s][info][gc,heap        ] GC(664) CMS: 63459K->63459K(1585984K)
[400.693s][info][gc,metaspace   ] GC(664) Metaspace: 23835K(24832K)->23835K(24832K) NonClass: 20910K(21504K)->20910K(21504K) Class: 2925K(3328K)->2925K(3328K)
[400.693s][info][gc             ] GC(664) Pause Young (Allocation Failure) 461M->61M(1998M) 2.729ms
[400.693s][info][gc,cpu         ] GC(664) User=0.00s Sys=0.00s Real=0.00s
[400.751s][info][gc,start       ] GC(665) Pause Full (System.gc())
[400.751s][info][gc,phases,start] GC(665) Phase 1: Mark live objects
[400.758s][info][gc,phases      ] GC(665) Phase 1: Mark live objects 6.818ms
[400.758s][info][gc,phases,start] GC(665) Phase 2: Compute new object addresses
[400.825s][info][gc,phases      ] GC(665) Phase 2: Compute new object addresses 67.398ms
[400.825s][info][gc,phases,start] GC(665) Phase 3: Adjust pointers
[400.830s][info][gc,phases      ] GC(665) Phase 3: Adjust pointers 4.465ms
[400.830s][info][gc,phases,start] GC(665) Phase 4: Move objects
[400.830s][info][gc,phases      ] GC(665) Phase 4: Move objects 0.192ms
[400.831s][info][gc,heap        ] GC(665) ParNew: 220631K->0K(460096K)
[400.831s][info][gc,heap        ] GC(665) CMS: 63459K->5078K(1585984K)
[400.831s][info][gc,metaspace   ] GC(665) Metaspace: 23835K(24832K)->23835K(24832K) NonClass: 20910K(21504K)->20910K(21504K) Class: 2925K(3328K)->2925K(3328K)
[400.832s][info][gc             ] GC(665) Pause Full (System.gc()) 277M->4M(1998M) 80.832ms
[400.832s][info][gc,cpu         ] GC(665) User=0.08s Sys=0.00s Real=0.08s
[402.716s][info][gc,start       ] GC(666) Pause Young (Allocation Failure)
[402.716s][info][gc,task        ] GC(666) Using 6 workers of 6 for evacuation
[402.734s][info][gc,heap        ] GC(666) ParNew: 409024K->26558K(460096K)
[402.734s][info][gc,heap        ] GC(666) CMS: 5078K->5078K(1585984K)
[402.734s][info][gc,metaspace   ] GC(666) Metaspace: 23835K(24832K)->23835K(24832K) NonClass: 20910K(21504K)->20910K(21504K) Class: 2925K(3328K)->2925K(3328K)
[402.734s][info][gc             ] GC(666) Pause Young (Allocation Failure) 404M->30M(1998M) 18.249ms
[402.734s][info][gc,cpu         ] GC(666) User=0.16s Sys=0.00s Real=0.02s
[402.817s][info][gc,start       ] GC(667) Pause Young (Allocation Failure)
[402.817s][info][gc,task        ] GC(667) Using 6 workers of 6 for evacuation
[402.833s][info][gc,heap        ] GC(667) ParNew: 435582K->0K(460096K)
[402.833s][info][gc,heap        ] GC(667) CMS: 5078K->36358K(1585984K)
[402.833s][info][gc,metaspace   ] GC(667) Metaspace: 23835K(24832K)->23835K(24832K) NonClass: 20910K(21504K)->20910K(21504K) Class: 2925K(3328K)->2925K(3328K)
[402.833s][info][gc             ] GC(667) Pause Young (Allocation Failure) 430M->35M(1998M) 15.874ms
[402.833s][info][gc,cpu         ] GC(667) User=0.02s Sys=0.00s Real=0.02s
[402.915s][info][gc,start       ] GC(668) Pause Young (Allocation Failure)
[402.916s][info][gc,task        ] GC(668) Using 6 workers of 6 for evacuation
[402.918s][info][gc,heap        ] GC(668) ParNew: 409024K->0K(460096K)
[402.918s][info][gc,heap        ] GC(668) CMS: 36358K->36358K(1585984K)
[402.918s][info][gc,metaspace   ] GC(668) Metaspace: 23835K(24832K)->23835K(24832K) NonClass: 20910K(21504K)->20910K(21504K) Class: 2925K(3328K)->2925K(3328K)
[402.918s][info][gc             ] GC(668) Pause Young (Allocation Failure) 434M->35M(1998M) 2.731ms
[402.918s][info][gc,cpu         ] GC(668) User=0.00s Sys=0.00s Real=0.00s
[404.813s][info][gc,start       ] GC(669) Pause Young (Allocation Failure)
[404.813s][info][gc,task        ] GC(669) Using 6 workers of 6 for evacuation
[404.832s][info][gc,heap        ] GC(669) ParNew: 409024K->27123K(460096K)
[404.832s][info][gc,heap        ] GC(669) CMS: 36358K->36358K(1585984K)
[404.832s][info][gc,metaspace   ] GC(669) Metaspace: 23836K(24832K)->23836K(24832K) NonClass: 20910K(21504K)->20910K(21504K) Class: 2925K(3328K)->2925K(3328K)
[404.832s][info][gc             ] GC(669) Pause Young (Allocation Failure) 434M->61M(1998M) 18.418ms
[404.832s][info][gc,cpu         ] GC(669) User=0.08s Sys=0.00s Real=0.01s
[404.915s][info][gc,start       ] GC(670) Pause Young (Allocation Failure)
[404.915s][info][gc,task        ] GC(670) Using 6 workers of 6 for evacuation
[404.931s][info][gc,heap        ] GC(670) ParNew: 436147K->0K(460096K)
[404.931s][info][gc,heap        ] GC(670) CMS: 36358K->63639K(1585984K)
[404.931s][info][gc,metaspace   ] GC(670) Metaspace: 23836K(24832K)->23836K(24832K) NonClass: 20910K(21504K)->20910K(21504K) Class: 2925K(3328K)->2925K(3328K)
[404.931s][info][gc             ] GC(670) Pause Young (Allocation Failure) 461M->62M(1998M) 16.088ms
[404.931s][info][gc,cpu         ] GC(670) User=0.02s Sys=0.00s Real=0.02s
[405.015s][info][gc,start       ] GC(671) Pause Young (Allocation Failure)
[405.015s][info][gc,task        ] GC(671) Using 6 workers of 6 for evacuation
[405.017s][info][gc,heap        ] GC(671) ParNew: 409024K->0K(460096K)
[405.017s][info][gc,heap        ] GC(671) CMS: 63639K->63639K(1585984K)
[405.017s][info][gc,metaspace   ] GC(671) Metaspace: 23836K(24832K)->23836K(24832K) NonClass: 20910K(21504K)->20910K(21504K) Class: 2925K(3328K)->2925K(3328K)
[405.017s][info][gc             ] GC(671) Pause Young (Allocation Failure) 461M->62M(1998M) 2.708ms
[405.017s][info][gc,cpu         ] GC(671) User=0.02s Sys=0.00s Real=0.02s
[405.075s][info][gc,start       ] GC(672) Pause Full (System.gc())
[405.075s][info][gc,phases,start] GC(672) Phase 1: Mark live objects
[405.082s][info][gc,phases      ] GC(672) Phase 1: Mark live objects 6.726ms
[405.082s][info][gc,phases,start] GC(672) Phase 2: Compute new object addresses
[405.150s][info][gc,phases      ] GC(672) Phase 2: Compute new object addresses 67.542ms
[405.150s][info][gc,phases,start] GC(672) Phase 3: Adjust pointers
[405.154s][info][gc,phases      ] GC(672) Phase 3: Adjust pointers 4.475ms
[405.154s][info][gc,phases,start] GC(672) Phase 4: Move objects
[405.154s][info][gc,phases      ] GC(672) Phase 4: Move objects 0.192ms
[405.156s][info][gc,heap        ] GC(672) ParNew: 220631K->0K(460096K)
[405.156s][info][gc,heap        ] GC(672) CMS: 63639K->5078K(1585984K)
[405.156s][info][gc,metaspace   ] GC(672) Metaspace: 23839K(24832K)->23839K(24832K) NonClass: 20914K(21504K)->20914K(21504K) Class: 2925K(3328K)->2925K(3328K)
[405.156s][info][gc             ] GC(672) Pause Full (System.gc()) 277M->4M(1998M) 80.923ms
[405.156s][info][gc,cpu         ] GC(672) User=0.08s Sys=0.00s Real=0.08s
[407.041s][info][gc,start       ] GC(673) Pause Young (Allocation Failure)
[407.041s][info][gc,task        ] GC(673) Using 6 workers of 6 for evacuation
[407.058s][info][gc,heap        ] GC(673) ParNew: 409024K->26777K(460096K)
[407.058s][info][gc,heap        ] GC(673) CMS: 5078K->5078K(1585984K)
[407.058s][info][gc,metaspace   ] GC(673) Metaspace: 23839K(24832K)->23839K(24832K) NonClass: 20914K(21504K)->20914K(21504K) Class: 2925K(3328K)->2925K(3328K)
[407.059s][info][gc             ] GC(673) Pause Young (Allocation Failure) 404M->31M(1998M) 17.319ms
[407.059s][info][gc,cpu         ] GC(673) User=0.06s Sys=0.00s Real=0.02s
[407.142s][info][gc,start       ] GC(674) Pause Young (Allocation Failure)
[407.142s][info][gc,task        ] GC(674) Using 6 workers of 6 for evacuation
[407.158s][info][gc,heap        ] GC(674) ParNew: 435801K->0K(460096K)
[407.158s][info][gc,heap        ] GC(674) CMS: 5078K->36349K(1585984K)
[407.158s][info][gc,metaspace   ] GC(674) Metaspace: 23839K(24832K)->23839K(24832K) NonClass: 20914K(21504K)->20914K(21504K) Class: 2925K(3328K)->2925K(3328K)
[407.158s][info][gc             ] GC(674) Pause Young (Allocation Failure) 430M->35M(1998M) 16.120ms
[407.158s][info][gc,cpu         ] GC(674) User=0.02s Sys=0.00s Real=0.01s
[407.242s][info][gc,start       ] GC(675) Pause Young (Allocation Failure)
[407.242s][info][gc,task        ] GC(675) Using 6 workers of 6 for evacuation
[407.245s][info][gc,heap        ] GC(675) ParNew: 409024K->0K(460096K)
[407.245s][info][gc,heap        ] GC(675) CMS: 36349K->36349K(1585984K)
[407.245s][info][gc,metaspace   ] GC(675) Metaspace: 23839K(24832K)->23839K(24832K) NonClass: 20914K(21504K)->20914K(21504K) Class: 2925K(3328K)->2925K(3328K)
[407.245s][info][gc             ] GC(675) Pause Young (Allocation Failure) 434M->35M(1998M) 2.776ms
[407.245s][info][gc,cpu         ] GC(675) User=0.00s Sys=0.00s Real=0.01s
[409.142s][info][gc,start       ] GC(676) Pause Young (Allocation Failure)
[409.142s][info][gc,task        ] GC(676) Using 6 workers of 6 for evacuation
[409.160s][info][gc,heap        ] GC(676) ParNew: 409024K->26946K(460096K)
[409.160s][info][gc,heap        ] GC(676) CMS: 36349K->36349K(1585984K)
[409.160s][info][gc,metaspace   ] GC(676) Metaspace: 23839K(24832K)->23839K(24832K) NonClass: 20914K(21504K)->20914K(21504K) Class: 2925K(3328K)->2925K(3328K)
[409.160s][info][gc             ] GC(676) Pause Young (Allocation Failure) 434M->61M(1998M) 17.918ms
[409.160s][info][gc,cpu         ] GC(676) User=0.00s Sys=0.00s Real=0.00s
[409.243s][info][gc,start       ] GC(677) Pause Young (Allocation Failure)
[409.243s][info][gc,task        ] GC(677) Using 6 workers of 6 for evacuation
[409.259s][info][gc,heap        ] GC(677) ParNew: 435970K->0K(460096K)
[409.259s][info][gc,heap        ] GC(677) CMS: 36349K->63455K(1585984K)
[409.259s][info][gc,metaspace   ] GC(677) Metaspace: 23839K(24832K)->23839K(24832K) NonClass: 20914K(21504K)->20914K(21504K) Class: 2925K(3328K)->2925K(3328K)
[409.259s][info][gc             ] GC(677) Pause Young (Allocation Failure) 461M->61M(1998M) 16.364ms
[409.259s][info][gc,cpu         ] GC(677) User=0.02s Sys=0.00s Real=0.02s
[409.342s][info][gc,start       ] GC(678) Pause Young (Allocation Failure)
[409.342s][info][gc,task        ] GC(678) Using 6 workers of 6 for evacuation
[409.344s][info][gc,heap        ] GC(678) ParNew: 409024K->0K(460096K)
[409.344s][info][gc,heap        ] GC(678) CMS: 63455K->63455K(1585984K)
[409.345s][info][gc,metaspace   ] GC(678) Metaspace: 23839K(24832K)->23839K(24832K) NonClass: 20914K(21504K)->20914K(21504K) Class: 2925K(3328K)->2925K(3328K)
[409.345s][info][gc             ] GC(678) Pause Young (Allocation Failure) 461M->61M(1998M) 2.712ms
[409.345s][info][gc,cpu         ] GC(678) User=0.00s Sys=0.00s Real=0.00s
[409.403s][info][gc,start       ] GC(679) Pause Full (System.gc())
[409.403s][info][gc,phases,start] GC(679) Phase 1: Mark live objects
[409.410s][info][gc,phases      ] GC(679) Phase 1: Mark live objects 6.708ms
[409.410s][info][gc,phases,start] GC(679) Phase 2: Compute new object addresses
[409.476s][info][gc,phases      ] GC(679) Phase 2: Compute new object addresses 66.319ms
[409.476s][info][gc,phases,start] GC(679) Phase 3: Adjust pointers
[409.480s][info][gc,phases      ] GC(679) Phase 3: Adjust pointers 4.479ms
[409.480s][info][gc,phases,start] GC(679) Phase 4: Move objects
[409.481s][info][gc,phases      ] GC(679) Phase 4: Move objects 0.191ms
[409.482s][info][gc,heap        ] GC(679) ParNew: 220631K->0K(460096K)
[409.482s][info][gc,heap        ] GC(679) CMS: 63455K->5078K(1585984K)
[409.482s][info][gc,metaspace   ] GC(679) Metaspace: 23839K(24832K)->23839K(24832K) NonClass: 20914K(21504K)->20914K(21504K) Class: 2925K(3328K)->2925K(3328K)
[409.482s][info][gc             ] GC(679) Pause Full (System.gc()) 277M->4M(1998M) 79.678ms
[409.482s][info][gc,cpu         ] GC(679) User=0.09s Sys=0.00s Real=0.08s
[411.366s][info][gc,start       ] GC(680) Pause Young (Allocation Failure)
[411.366s][info][gc,task        ] GC(680) Using 6 workers of 6 for evacuation
[411.385s][info][gc,heap        ] GC(680) ParNew: 409024K->26941K(460096K)
[411.385s][info][gc,heap        ] GC(680) CMS: 5078K->5078K(1585984K)
[411.385s][info][gc,metaspace   ] GC(680) Metaspace: 23839K(24832K)->23839K(24832K) NonClass: 20914K(21504K)->20914K(21504K) Class: 2925K(3328K)->2925K(3328K)
[411.385s][info][gc             ] GC(680) Pause Young (Allocation Failure) 404M->31M(1998M) 18.712ms
[411.385s][info][gc,cpu         ] GC(680) User=0.08s Sys=0.00s Real=0.01s
[411.468s][info][gc,start       ] GC(681) Pause Young (Allocation Failure)
[411.468s][info][gc,task        ] GC(681) Using 6 workers of 6 for evacuation
[411.485s][info][gc,heap        ] GC(681) ParNew: 435965K->0K(460096K)
[411.485s][info][gc,heap        ] GC(681) CMS: 5078K->36352K(1585984K)
[411.485s][info][gc,metaspace   ] GC(681) Metaspace: 23839K(24832K)->23839K(24832K) NonClass: 20914K(21504K)->20914K(21504K) Class: 2925K(3328K)->2925K(3328K)
[411.485s][info][gc             ] GC(681) Pause Young (Allocation Failure) 430M->35M(1998M) 17.135ms
[411.485s][info][gc,cpu         ] GC(681) User=0.02s Sys=0.00s Real=0.02s
[411.568s][info][gc,start       ] GC(682) Pause Young (Allocation Failure)
[411.568s][info][gc,task        ] GC(682) Using 6 workers of 6 for evacuation
[411.571s][info][gc,heap        ] GC(682) ParNew: 409024K->0K(460096K)
[411.571s][info][gc,heap        ] GC(682) CMS: 36352K->36352K(1585984K)
[411.571s][info][gc,metaspace   ] GC(682) Metaspace: 23839K(24832K)->23839K(24832K) NonClass: 20914K(21504K)->20914K(21504K) Class: 2925K(3328K)->2925K(3328K)
[411.571s][info][gc             ] GC(682) Pause Young (Allocation Failure) 434M->35M(1998M) 2.565ms
[411.571s][info][gc,cpu         ] GC(682) User=0.00s Sys=0.00s Real=0.00s
[413.465s][info][gc,start       ] GC(683) Pause Young (Allocation Failure)
[413.465s][info][gc,task        ] GC(683) Using 6 workers of 6 for evacuation
[413.484s][info][gc,heap        ] GC(683) ParNew: 409024K->27321K(460096K)
[413.484s][info][gc,heap        ] GC(683) CMS: 36352K->36352K(1585984K)
[413.484s][info][gc,metaspace   ] GC(683) Metaspace: 23839K(24832K)->23839K(24832K) NonClass: 20914K(21504K)->20914K(21504K) Class: 2925K(3328K)->2925K(3328K)
[413.484s][info][gc             ] GC(683) Pause Young (Allocation Failure) 434M->62M(1998M) 19.024ms
[413.484s][info][gc,cpu         ] GC(683) User=0.08s Sys=0.00s Real=0.02s
[413.568s][info][gc,start       ] GC(684) Pause Young (Allocation Failure)
[413.568s][info][gc,task        ] GC(684) Using 6 workers of 6 for evacuation
[413.583s][info][gc,heap        ] GC(684) ParNew: 436345K->0K(460096K)
[413.583s][info][gc,heap        ] GC(684) CMS: 36352K->63565K(1585984K)
[413.583s][info][gc,metaspace   ] GC(684) Metaspace: 23839K(24832K)->23839K(24832K) NonClass: 20914K(21504K)->20914K(21504K) Class: 2925K(3328K)->2925K(3328K)
[413.583s][info][gc             ] GC(684) Pause Young (Allocation Failure) 461M->62M(1998M) 15.466ms
[413.583s][info][gc,cpu         ] GC(684) User=0.02s Sys=0.00s Real=0.02s
[413.666s][info][gc,start       ] GC(685) Pause Young (Allocation Failure)
[413.666s][info][gc,task        ] GC(685) Using 6 workers of 6 for evacuation
[413.669s][info][gc,heap        ] GC(685) ParNew: 409024K->0K(460096K)
[413.669s][info][gc,heap        ] GC(685) CMS: 63565K->63565K(1585984K)
[413.669s][info][gc,metaspace   ] GC(685) Metaspace: 23839K(24832K)->23839K(24832K) NonClass: 20914K(21504K)->20914K(21504K) Class: 2925K(3328K)->2925K(3328K)
[413.669s][info][gc             ] GC(685) Pause Young (Allocation Failure) 461M->62M(1998M) 2.690ms
[413.669s][info][gc,cpu         ] GC(685) User=0.00s Sys=0.00s Real=0.00s
[413.727s][info][gc,start       ] GC(686) Pause Full (System.gc())
[413.727s][info][gc,phases,start] GC(686) Phase 1: Mark live objects
[413.734s][info][gc,phases      ] GC(686) Phase 1: Mark live objects 6.694ms
[413.734s][info][gc,phases,start] GC(686) Phase 2: Compute new object addresses
[413.800s][info][gc,phases      ] GC(686) Phase 2: Compute new object addresses 66.154ms
[413.800s][info][gc,phases,start] GC(686) Phase 3: Adjust pointers
[413.805s][info][gc,phases      ] GC(686) Phase 3: Adjust pointers 4.438ms
[413.805s][info][gc,phases,start] GC(686) Phase 4: Move objects
[413.805s][info][gc,phases      ] GC(686) Phase 4: Move objects 0.190ms
[413.806s][info][gc,heap        ] GC(686) ParNew: 220631K->0K(460096K)
[413.806s][info][gc,heap        ] GC(686) CMS: 63565K->5078K(1585984K)
[413.806s][info][gc,metaspace   ] GC(686) Metaspace: 23839K(24832K)->23839K(24832K) NonClass: 20914K(21504K)->20914K(21504K) Class: 2925K(3328K)->2925K(3328K)
[413.807s][info][gc             ] GC(686) Pause Full (System.gc()) 277M->4M(1998M) 79.458ms
[413.807s][info][gc,cpu         ] GC(686) User=0.08s Sys=0.00s Real=0.08s
[415.689s][info][gc,start       ] GC(687) Pause Young (Allocation Failure)
[415.689s][info][gc,task        ] GC(687) Using 6 workers of 6 for evacuation
[415.707s][info][gc,heap        ] GC(687) ParNew: 409024K->26568K(460096K)
[415.707s][info][gc,heap        ] GC(687) CMS: 5078K->5078K(1585984K)
[415.707s][info][gc,metaspace   ] GC(687) Metaspace: 23839K(24832K)->23839K(24832K) NonClass: 20914K(21504K)->20914K(21504K) Class: 2925K(3328K)->2925K(3328K)
[415.707s][info][gc             ] GC(687) Pause Young (Allocation Failure) 404M->30M(1998M) 17.853ms
[415.707s][info][gc,cpu         ] GC(687) User=0.08s Sys=0.00s Real=0.02s
[415.790s][info][gc,start       ] GC(688) Pause Young (Allocation Failure)
[415.790s][info][gc,task        ] GC(688) Using 6 workers of 6 for evacuation
[415.807s][info][gc,heap        ] GC(688) ParNew: 435592K->0K(460096K)
[415.807s][info][gc,heap        ] GC(688) CMS: 5078K->36355K(1585984K)
[415.807s][info][gc,metaspace   ] GC(688) Metaspace: 23839K(24832K)->23839K(24832K) NonClass: 20914K(21504K)->20914K(21504K) Class: 2925K(3328K)->2925K(3328K)
[415.807s][info][gc             ] GC(688) Pause Young (Allocation Failure) 430M->35M(1998M) 16.935ms
[415.807s][info][gc,cpu         ] GC(688) User=0.02s Sys=0.00s Real=0.02s
[415.889s][info][gc,start       ] GC(689) Pause Young (Allocation Failure)
[415.889s][info][gc,task        ] GC(689) Using 6 workers of 6 for evacuation
[415.892s][info][gc,heap        ] GC(689) ParNew: 409024K->0K(460096K)
[415.892s][info][gc,heap        ] GC(689) CMS: 36355K->36355K(1585984K)
[415.892s][info][gc,metaspace   ] GC(689) Metaspace: 23839K(24832K)->23839K(24832K) NonClass: 20914K(21504K)->20914K(21504K) Class: 2925K(3328K)->2925K(3328K)
[415.892s][info][gc             ] GC(689) Pause Young (Allocation Failure) 434M->35M(1998M) 2.733ms
[415.892s][info][gc,cpu         ] GC(689) User=0.00s Sys=0.00s Real=0.00s
[417.785s][info][gc,start       ] GC(690) Pause Young (Allocation Failure)
[417.785s][info][gc,task        ] GC(690) Using 6 workers of 6 for evacuation
[417.803s][info][gc,heap        ] GC(690) ParNew: 409024K->27006K(460096K)
[417.804s][info][gc,heap        ] GC(690) CMS: 36355K->36355K(1585984K)
[417.804s][info][gc,metaspace   ] GC(690) Metaspace: 23839K(24832K)->23839K(24832K) NonClass: 20914K(21504K)->20914K(21504K) Class: 2925K(3328K)->2925K(3328K)
[417.804s][info][gc             ] GC(690) Pause Young (Allocation Failure) 434M->61M(1998M) 18.252ms
[417.804s][info][gc,cpu         ] GC(690) User=0.06s Sys=0.00s Real=0.01s
[417.887s][info][gc,start       ] GC(691) Pause Young (Allocation Failure)
[417.887s][info][gc,task        ] GC(691) Using 6 workers of 6 for evacuation
[417.903s][info][gc,heap        ] GC(691) ParNew: 436030K->0K(460096K)
[417.903s][info][gc,heap        ] GC(691) CMS: 36355K->63242K(1585984K)
[417.903s][info][gc,metaspace   ] GC(691) Metaspace: 23839K(24832K)->23839K(24832K) NonClass: 20914K(21504K)->20914K(21504K) Class: 2925K(3328K)->2925K(3328K)
[417.903s][info][gc             ] GC(691) Pause Young (Allocation Failure) 461M->61M(1998M) 16.057ms
[417.903s][info][gc,cpu         ] GC(691) User=0.02s Sys=0.00s Real=0.02s
[417.986s][info][gc,start       ] GC(692) Pause Young (Allocation Failure)
[417.986s][info][gc,task        ] GC(692) Using 6 workers of 6 for evacuation
[417.988s][info][gc,heap        ] GC(692) ParNew: 409024K->0K(460096K)
[417.988s][info][gc,heap        ] GC(692) CMS: 63242K->63242K(1585984K)
[417.988s][info][gc,metaspace   ] GC(692) Metaspace: 23839K(24832K)->23839K(24832K) NonClass: 20914K(21504K)->20914K(21504K) Class: 2925K(3328K)->2925K(3328K)
[417.988s][info][gc             ] GC(692) Pause Young (Allocation Failure) 461M->61M(1998M) 2.380ms
[417.988s][info][gc,cpu         ] GC(692) User=0.00s Sys=0.00s Real=0.00s
[418.047s][info][gc,start       ] GC(693) Pause Full (System.gc())
[418.047s][info][gc,phases,start] GC(693) Phase 1: Mark live objects
[418.054s][info][gc,phases      ] GC(693) Phase 1: Mark live objects 7.210ms
[418.054s][info][gc,phases,start] GC(693) Phase 2: Compute new object addresses
[418.120s][info][gc,phases      ] GC(693) Phase 2: Compute new object addresses 66.058ms
[418.120s][info][gc,phases,start] GC(693) Phase 3: Adjust pointers
[418.125s][info][gc,phases      ] GC(693) Phase 3: Adjust pointers 4.430ms
[418.125s][info][gc,phases,start] GC(693) Phase 4: Move objects
[418.125s][info][gc,phases      ] GC(693) Phase 4: Move objects 0.210ms
[418.126s][info][gc,heap        ] GC(693) ParNew: 220631K->0K(460096K)
[418.126s][info][gc,heap        ] GC(693) CMS: 63242K->5078K(1585984K)
[418.126s][info][gc,metaspace   ] GC(693) Metaspace: 23839K(24832K)->23839K(24832K) NonClass: 20914K(21504K)->20914K(21504K) Class: 2925K(3328K)->2925K(3328K)
[418.127s][info][gc             ] GC(693) Pause Full (System.gc()) 277M->4M(1998M) 79.871ms
[418.127s][info][gc,cpu         ] GC(693) User=0.08s Sys=0.00s Real=0.08s
[420.012s][info][gc,start       ] GC(694) Pause Young (Allocation Failure)
[420.012s][info][gc,task        ] GC(694) Using 6 workers of 6 for evacuation
[420.031s][info][gc,heap        ] GC(694) ParNew: 409024K->26706K(460096K)
[420.032s][info][gc,heap        ] GC(694) CMS: 5078K->5078K(1585984K)
[420.032s][info][gc,metaspace   ] GC(694) Metaspace: 23839K(24832K)->23839K(24832K) NonClass: 20914K(21504K)->20914K(21504K) Class: 2925K(3328K)->2925K(3328K)
[420.032s][info][gc             ] GC(694) Pause Young (Allocation Failure) 404M->31M(1998M) 19.305ms
[420.032s][info][gc,cpu         ] GC(694) User=0.08s Sys=0.00s Real=0.03s
[420.115s][info][gc,start       ] GC(695) Pause Young (Allocation Failure)
[420.115s][info][gc,task        ] GC(695) Using 6 workers of 6 for evacuation
[420.130s][info][gc,heap        ] GC(695) ParNew: 435730K->0K(460096K)
[420.131s][info][gc,heap        ] GC(695) CMS: 5078K->36352K(1585984K)
[420.131s][info][gc,metaspace   ] GC(695) Metaspace: 23839K(24832K)->23839K(24832K) NonClass: 20914K(21504K)->20914K(21504K) Class: 2925K(3328K)->2925K(3328K)
[420.131s][info][gc             ] GC(695) Pause Young (Allocation Failure) 430M->35M(1998M) 15.978ms
[420.131s][info][gc,cpu         ] GC(695) User=0.02s Sys=0.00s Real=0.02s
[420.213s][info][gc,start       ] GC(696) Pause Young (Allocation Failure)
[420.213s][info][gc,task        ] GC(696) Using 6 workers of 6 for evacuation
[420.216s][info][gc,heap        ] GC(696) ParNew: 409024K->0K(460096K)
[420.216s][info][gc,heap        ] GC(696) CMS: 36352K->36352K(1585984K)
[420.216s][info][gc,metaspace   ] GC(696) Metaspace: 23839K(24832K)->23839K(24832K) NonClass: 20914K(21504K)->20914K(21504K) Class: 2925K(3328K)->2925K(3328K)
[420.216s][info][gc             ] GC(696) Pause Young (Allocation Failure) 434M->35M(1998M) 2.963ms
[420.216s][info][gc,cpu         ] GC(696) User=0.00s Sys=0.00s Real=0.00s
[422.118s][info][gc,start       ] GC(697) Pause Young (Allocation Failure)
[422.118s][info][gc,task        ] GC(697) Using 6 workers of 6 for evacuation
[422.136s][info][gc,heap        ] GC(697) ParNew: 409024K->27523K(460096K)
[422.136s][info][gc,heap        ] GC(697) CMS: 36352K->36352K(1585984K)
[422.136s][info][gc,metaspace   ] GC(697) Metaspace: 23839K(24832K)->23839K(24832K) NonClass: 20914K(21504K)->20914K(21504K) Class: 2925K(3328K)->2925K(3328K)
[422.136s][info][gc             ] GC(697) Pause Young (Allocation Failure) 434M->62M(1998M) 18.048ms
[422.136s][info][gc,cpu         ] GC(697) User=0.12s Sys=0.00s Real=0.03s
[422.219s][info][gc,start       ] GC(698) Pause Young (Allocation Failure)
[422.219s][info][gc,task        ] GC(698) Using 6 workers of 6 for evacuation
[422.235s][info][gc,heap        ] GC(698) ParNew: 436547K->0K(460096K)
[422.235s][info][gc,heap        ] GC(698) CMS: 36352K->63484K(1585984K)
[422.235s][info][gc,metaspace   ] GC(698) Metaspace: 23839K(24832K)->23839K(24832K) NonClass: 20914K(21504K)->20914K(21504K) Class: 2925K(3328K)->2925K(3328K)
[422.235s][info][gc             ] GC(698) Pause Young (Allocation Failure) 461M->61M(1998M) 15.797ms
[422.235s][info][gc,cpu         ] GC(698) User=0.02s Sys=0.00s Real=0.02s
[422.317s][info][gc,start       ] GC(699) Pause Young (Allocation Failure)
[422.317s][info][gc,task        ] GC(699) Using 6 workers of 6 for evacuation
[422.320s][info][gc,heap        ] GC(699) ParNew: 409024K->0K(460096K)
[422.320s][info][gc,heap        ] GC(699) CMS: 63484K->63484K(1585984K)
[422.320s][info][gc,metaspace   ] GC(699) Metaspace: 23839K(24832K)->23839K(24832K) NonClass: 20914K(21504K)->20914K(21504K) Class: 2925K(3328K)->2925K(3328K)
[422.320s][info][gc             ] GC(699) Pause Young (Allocation Failure) 461M->61M(1998M) 2.796ms
[422.320s][info][gc,cpu         ] GC(699) User=0.00s Sys=0.00s Real=0.00s
[422.382s][info][gc,heap,exit   ] Heap
[422.382s][info][gc,heap,exit   ]  par new generation   total 460096K, used 253353K [0x0000000080000000, 0x000000009f330000, 0x000000009f330000)
[422.382s][info][gc,heap,exit   ]   eden space 409024K,  61% used [0x0000000080000000, 0x000000008f76a6e8, 0x0000000098f70000)
[422.382s][info][gc,heap,exit   ]   from space 51072K,   0% used [0x0000000098f70000, 0x0000000098f70000, 0x000000009c150000)
[422.382s][info][gc,heap,exit   ]   to   space 51072K,   0% used [0x000000009c150000, 0x000000009c150000, 0x000000009f330000)
[422.382s][info][gc,heap,exit   ]  concurrent mark-sweep generation total 1585984K, used 63484K [0x000000009f330000, 0x0000000100000000, 0x0000000100000000)
[422.382s][info][gc,heap,exit   ]  Metaspace       used 23913K, capacity 24682K, committed 24832K, reserved 1071104K
[422.382s][info][gc,heap,exit   ]   class space    used 2936K, capacity 3245K, committed 3328K, reserved 1048576K
