[0.057s][info][gc,init] Initializing The Z Garbage Collector
[0.057s][info][gc,init] Version: 21.0.4+7-adhoc.Administrator.jdk21u (release)
[0.057s][info][gc,init] Using legacy single-generation mode
[0.057s][info][gc,init] NUMA Support: Disabled
[0.057s][info][gc,init] CPUs: 6 total, 6 available
[0.057s][info][gc,init] Memory: 15591M
[0.057s][info][gc,init] Large Page Support: Disabled
[0.057s][info][gc,init] GC Workers: 2 (dynamic)
[0.058s][info][gc,init] Address Space Type: Contiguous/Unrestricted/Complete
[0.058s][info][gc,init] Address Space Size: 16384M x 3 = 49152M
[0.058s][info][gc,init] Min Capacity: 1024M
[0.058s][info][gc,init] Initial Capacity: 1024M
[0.058s][info][gc,init] Max Capacity: 1024M
[0.058s][info][gc,init] Medium Page Size: 32M
[0.058s][info][gc,init] Pre-touch: Disabled
[0.058s][info][gc,init] Uncommit: Implicitly Disabled (-Xms equals -Xmx)
[0.092s][info][gc,init] Runtime Workers: 4
[0.093s][info][gc     ] Using The Z Garbage Collector
[0.107s][info][gc,metaspace] CDS archive(s) mapped at: [0x000001fc57000000-0x000001fc57c90000-0x000001fc57c90000), size 13172736, SharedBaseAddress: 0x000001fc57000000, ArchiveRelocationMode: 1.
[0.107s][info][gc,metaspace] Compressed class space mapped at: 0x000001fc58000000-0x000001fc98000000, reserved size: 1073741824
[0.107s][info][gc,metaspace] Narrow klass base: 0x000001fc57000000, Narrow klass shift: 0, Narrow klass range: 0x100000000
[1.534s][info][gc,start    ] GC(0) Garbage Collection (System.gc())
[1.534s][info][gc,task     ] GC(0) Using 2 workers
[1.534s][info][gc,phases   ] GC(0) Pause Mark Start 0.012ms
[1.552s][info][gc,phases   ] GC(0) Concurrent Mark 18.125ms
[1.552s][info][gc,phases   ] GC(0) Pause Mark End 0.028ms
[1.552s][info][gc,phases   ] GC(0) Concurrent Mark Free 0.002ms
[1.554s][info][gc,phases   ] GC(0) Concurrent Process Non-Strong References 1.720ms
[1.554s][info][gc,phases   ] GC(0) Concurrent Reset Relocation Set 0.000ms
[1.559s][info][gc,phases   ] GC(0) Concurrent Select Relocation Set 5.176ms
[1.559s][info][gc,phases   ] GC(0) Pause Relocate Start 0.017ms
[1.563s][info][gc,phases   ] GC(0) Concurrent Relocate 3.488ms
[1.563s][info][gc,load     ] GC(0) Load: 0.00/0.00/0.00
[1.563s][info][gc,mmu      ] GC(0) MMU: 2ms/98.6%, 5ms/99.4%, 10ms/99.5%, 20ms/99.8%, 50ms/99.9%, 100ms/99.9%
[1.563s][info][gc,marking  ] GC(0) Mark: 2 stripe(s), 1 proactive flush(es), 1 terminate flush(es), 0 completion(s), 0 continuation(s) 
[1.563s][info][gc,marking  ] GC(0) Mark Stack Usage: 32M
[1.563s][info][gc,nmethod  ] GC(0) NMethods: 1104 registered, 135 unregistered
[1.563s][info][gc,metaspace] GC(0) Metaspace: 12M used, 12M committed, 1088M reserved
[1.563s][info][gc,ref      ] GC(0) Soft: 186 encountered, 0 discovered, 0 enqueued
[1.563s][info][gc,ref      ] GC(0) Weak: 950 encountered, 402 discovered, 295 enqueued
[1.563s][info][gc,ref      ] GC(0) Final: 0 encountered, 0 discovered, 0 enqueued
[1.563s][info][gc,ref      ] GC(0) Phantom: 255 encountered, 243 discovered, 211 enqueued
[1.563s][info][gc,reloc    ] GC(0) Small Pages: 21 / 42M, Empty: 0M, Relocated: 4M, In-Place: 0
[1.563s][info][gc,reloc    ] GC(0) Medium Pages: 1 / 32M, Empty: 0M, Relocated: 0M, In-Place: 0
[1.563s][info][gc,reloc    ] GC(0) Large Pages: 0 / 0M, Empty: 0M, Relocated: 0M, In-Place: 0
[1.563s][info][gc,reloc    ] GC(0) Forwarding Usage: 1M
[1.563s][info][gc,heap     ] GC(0) Min Capacity: 1024M(100%)
[1.563s][info][gc,heap     ] GC(0) Max Capacity: 1024M(100%)
[1.563s][info][gc,heap     ] GC(0) Soft Max Capacity: 1024M(100%)
[1.563s][info][gc,heap     ] GC(0)                Mark Start          Mark End        Relocate Start      Relocate End           High               Low         
[1.563s][info][gc,heap     ] GC(0)  Capacity:     1024M (100%)       1024M (100%)       1024M (100%)       1024M (100%)       1024M (100%)       1024M (100%)   
[1.563s][info][gc,heap     ] GC(0)      Free:      950M (93%)         950M (93%)         946M (92%)         980M (96%)         980M (96%)         942M (92%)    
[1.563s][info][gc,heap     ] GC(0)      Used:       74M (7%)           74M (7%)           78M (8%)           44M (4%)           82M (8%)           44M (4%)     
[1.564s][info][gc,heap     ] GC(0)      Live:         -                 6M (1%)            6M (1%)            6M (1%)             -                  -          
[1.564s][info][gc,heap     ] GC(0) Allocated:         -                 0M (0%)            4M (0%)            4M (0%)             -                  -          
[1.564s][info][gc,heap     ] GC(0)   Garbage:         -                67M (7%)           67M (7%)           33M (3%)             -                  -          
[1.564s][info][gc,heap     ] GC(0) Reclaimed:         -                  -                 0M (0%)           34M (3%)             -                  -          
[1.564s][info][gc          ] GC(0) Garbage Collection (System.gc()) 74M(7%)->44M(4%)
[1.929s][info][gc,start    ] GC(1) Garbage Collection (Warmup)
[1.929s][info][gc,task     ] GC(1) Using 2 workers
[1.929s][info][gc,phases   ] GC(1) Pause Mark Start 0.012ms
[1.944s][info][gc,phases   ] GC(1) Concurrent Mark 15.372ms
[1.945s][info][gc,phases   ] GC(1) Pause Mark End 0.070ms
[1.945s][info][gc,phases   ] GC(1) Concurrent Mark Free 0.001ms
[1.946s][info][gc,phases   ] GC(1) Concurrent Process Non-Strong References 1.587ms
[1.946s][info][gc,phases   ] GC(1) Concurrent Reset Relocation Set 0.002ms
[1.948s][info][gc,phases   ] GC(1) Concurrent Select Relocation Set 1.507ms
[1.948s][info][gc,phases   ] GC(1) Pause Relocate Start 0.006ms
[1.950s][info][gc,phases   ] GC(1) Concurrent Relocate 1.796ms
[1.950s][info][gc,load     ] GC(1) Load: 0.00/0.00/0.00
[1.950s][info][gc,mmu      ] GC(1) MMU: 2ms/96.5%, 5ms/98.5%, 10ms/99.2%, 20ms/99.6%, 50ms/99.8%, 100ms/99.9%
[1.950s][info][gc,marking  ] GC(1) Mark: 2 stripe(s), 2 proactive flush(es), 1 terminate flush(es), 1 completion(s), 0 continuation(s) 
[1.950s][info][gc,marking  ] GC(1) Mark Stack Usage: 32M
[1.950s][info][gc,nmethod  ] GC(1) NMethods: 1329 registered, 41 unregistered
[1.950s][info][gc,metaspace] GC(1) Metaspace: 21M used, 21M committed, 1088M reserved
[1.950s][info][gc,ref      ] GC(1) Soft: 230 encountered, 0 discovered, 0 enqueued
[1.950s][info][gc,ref      ] GC(1) Weak: 1038 encountered, 604 discovered, 99 enqueued
[1.950s][info][gc,ref      ] GC(1) Final: 0 encountered, 0 discovered, 0 enqueued
[1.950s][info][gc,ref      ] GC(1) Phantom: 134 encountered, 111 discovered, 71 enqueued
[1.950s][info][gc,reloc    ] GC(1) Small Pages: 20 / 40M, Empty: 0M, Relocated: 1M, In-Place: 0
[1.950s][info][gc,reloc    ] GC(1) Medium Pages: 2 / 64M, Empty: 0M, Relocated: 3M, In-Place: 0
[1.950s][info][gc,reloc    ] GC(1) Large Pages: 0 / 0M, Empty: 0M, Relocated: 0M, In-Place: 0
[1.950s][info][gc,reloc    ] GC(1) Forwarding Usage: 0M
[1.950s][info][gc,heap     ] GC(1) Min Capacity: 1024M(100%)
[1.950s][info][gc,heap     ] GC(1) Max Capacity: 1024M(100%)
[1.950s][info][gc,heap     ] GC(1) Soft Max Capacity: 1024M(100%)
[1.950s][info][gc,heap     ] GC(1)                Mark Start          Mark End        Relocate Start      Relocate End           High               Low         
[1.950s][info][gc,heap     ] GC(1)  Capacity:     1024M (100%)       1024M (100%)       1024M (100%)       1024M (100%)       1024M (100%)       1024M (100%)   
[1.950s][info][gc,heap     ] GC(1)      Free:      920M (90%)         918M (90%)         916M (89%)         976M (95%)         976M (95%)         884M (86%)    
[1.950s][info][gc,heap     ] GC(1)      Used:      104M (10%)         106M (10%)         108M (11%)          48M (5%)          140M (14%)          48M (5%)     
[1.950s][info][gc,heap     ] GC(1)      Live:         -                10M (1%)           10M (1%)           10M (1%)             -                  -          
[1.950s][info][gc,heap     ] GC(1) Allocated:         -                 2M (0%)            4M (0%)            3M (0%)             -                  -          
[1.950s][info][gc,heap     ] GC(1)   Garbage:         -                93M (9%)           93M (9%)           33M (3%)             -                  -          
[1.950s][info][gc,heap     ] GC(1) Reclaimed:         -                  -                 0M (0%)           59M (6%)             -                  -          
[1.950s][info][gc          ] GC(1) Garbage Collection (Warmup) 104M(10%)->48M(5%)
[3.402s][info][gc,start    ] GC(2) Garbage Collection (Metadata GC Threshold)
[3.402s][info][gc,task     ] GC(2) Using 2 workers
[3.419s][info][gc,phases   ] GC(2) Pause Mark Start 0.018ms
[3.466s][info][gc,phases   ] GC(2) Concurrent Mark 46.454ms
[3.466s][info][gc,phases   ] GC(2) Pause Mark End 0.017ms
[3.466s][info][gc,phases   ] GC(2) Concurrent Mark Free 0.001ms
[3.482s][info][gc,phases   ] GC(2) Concurrent Process Non-Strong References 16.068ms
[3.482s][info][gc,phases   ] GC(2) Concurrent Reset Relocation Set 0.003ms
[3.486s][info][gc,phases   ] GC(2) Concurrent Select Relocation Set 3.165ms
[3.486s][info][gc,phases   ] GC(2) Pause Relocate Start 0.012ms
[3.496s][info][gc,phases   ] GC(2) Concurrent Relocate 10.458ms
[3.496s][info][gc,load     ] GC(2) Load: 0.00/0.00/0.00
[3.496s][info][gc,mmu      ] GC(2) MMU: 2ms/96.5%, 5ms/98.5%, 10ms/99.2%, 20ms/99.6%, 50ms/99.8%, 100ms/99.9%
[3.496s][info][gc,marking  ] GC(2) Mark: 2 stripe(s), 2 proactive flush(es), 1 terminate flush(es), 0 completion(s), 0 continuation(s) 
[3.496s][info][gc,marking  ] GC(2) Mark Stack Usage: 32M
[3.496s][info][gc,nmethod  ] GC(2) NMethods: 3673 registered, 350 unregistered
[3.496s][info][gc,metaspace] GC(2) Metaspace: 35M used, 35M committed, 1088M reserved
[3.496s][info][gc,ref      ] GC(2) Soft: 422 encountered, 0 discovered, 0 enqueued
[3.496s][info][gc,ref      ] GC(2) Weak: 2994 encountered, 790 discovered, 551 enqueued
[3.496s][info][gc,ref      ] GC(2) Final: 0 encountered, 0 discovered, 0 enqueued
[3.496s][info][gc,ref      ] GC(2) Phantom: 521 encountered, 488 discovered, 445 enqueued
[3.496s][info][gc,reloc    ] GC(2) Small Pages: 49 / 98M, Empty: 0M, Relocated: 13M, In-Place: 0
[3.496s][info][gc,reloc    ] GC(2) Medium Pages: 2 / 64M, Empty: 0M, Relocated: 3M, In-Place: 0
[3.496s][info][gc,reloc    ] GC(2) Large Pages: 0 / 0M, Empty: 0M, Relocated: 0M, In-Place: 0
[3.496s][info][gc,reloc    ] GC(2) Forwarding Usage: 5M
[3.496s][info][gc,heap     ] GC(2) Min Capacity: 1024M(100%)
[3.496s][info][gc,heap     ] GC(2) Max Capacity: 1024M(100%)
[3.496s][info][gc,heap     ] GC(2) Soft Max Capacity: 1024M(100%)
[3.496s][info][gc,heap     ] GC(2)                Mark Start          Mark End        Relocate Start      Relocate End           High               Low         
[3.497s][info][gc,heap     ] GC(2)  Capacity:     1024M (100%)       1024M (100%)       1024M (100%)       1024M (100%)       1024M (100%)       1024M (100%)   
[3.497s][info][gc,heap     ] GC(2)      Free:      862M (84%)         858M (84%)         852M (83%)         920M (90%)         920M (90%)         786M (77%)    
[3.497s][info][gc,heap     ] GC(2)      Used:      162M (16%)         166M (16%)         172M (17%)         104M (10%)         238M (23%)         104M (10%)    
[3.497s][info][gc,heap     ] GC(2)      Live:         -                27M (3%)           27M (3%)           27M (3%)             -                  -          
[3.497s][info][gc,heap     ] GC(2) Allocated:         -                 4M (0%)           10M (1%)           42M (4%)             -                  -          
[3.497s][info][gc,heap     ] GC(2)   Garbage:         -               134M (13%)         134M (13%)          33M (3%)             -                  -          
[3.497s][info][gc,heap     ] GC(2) Reclaimed:         -                  -                 0M (0%)          100M (10%)            -                  -          
[3.497s][info][gc          ] GC(2) Garbage Collection (Metadata GC Threshold) 162M(16%)->104M(10%)
[6.527s][info][gc,start    ] GC(3) Garbage Collection (Warmup)
[6.527s][info][gc,task     ] GC(3) Using 2 workers
[6.528s][info][gc,phases   ] GC(3) Pause Mark Start 0.011ms
[6.622s][info][gc,phases   ] GC(3) Concurrent Mark 93.846ms
[6.622s][info][gc,phases   ] GC(3) Pause Mark End 0.071ms
[6.622s][info][gc,phases   ] GC(3) Concurrent Mark Free 0.001ms
[6.638s][info][gc,phases   ] GC(3) Concurrent Process Non-Strong References 15.642ms
[6.638s][info][gc,phases   ] GC(3) Concurrent Reset Relocation Set 0.004ms
[6.642s][info][gc,phases   ] GC(3) Concurrent Select Relocation Set 4.264ms
[6.642s][info][gc,phases   ] GC(3) Pause Relocate Start 0.012ms
[6.659s][info][gc,phases   ] GC(3) Concurrent Relocate 16.349ms
[6.659s][info][gc,load     ] GC(3) Load: 0.00/0.00/0.00
[6.659s][info][gc,mmu      ] GC(3) MMU: 2ms/96.4%, 5ms/98.5%, 10ms/99.2%, 20ms/99.6%, 50ms/99.8%, 100ms/99.9%
[6.659s][info][gc,marking  ] GC(3) Mark: 2 stripe(s), 3 proactive flush(es), 1 terminate flush(es), 1 completion(s), 0 continuation(s) 
[6.659s][info][gc,marking  ] GC(3) Mark Stack Usage: 32M
[6.659s][info][gc,nmethod  ] GC(3) NMethods: 7459 registered, 863 unregistered
[6.659s][info][gc,metaspace] GC(3) Metaspace: 44M used, 45M committed, 1088M reserved
[6.659s][info][gc,ref      ] GC(3) Soft: 539 encountered, 0 discovered, 0 enqueued
[6.659s][info][gc,ref      ] GC(3) Weak: 24520 encountered, 8942 discovered, 7753 enqueued
[6.659s][info][gc,ref      ] GC(3) Final: 0 encountered, 0 discovered, 0 enqueued
[6.659s][info][gc,ref      ] GC(3) Phantom: 846 encountered, 817 discovered, 768 enqueued
[6.659s][info][gc,reloc    ] GC(3) Small Pages: 71 / 142M, Empty: 0M, Relocated: 20M, In-Place: 0
[6.659s][info][gc,reloc    ] GC(3) Medium Pages: 2 / 64M, Empty: 0M, Relocated: 4M, In-Place: 0
[6.659s][info][gc,reloc    ] GC(3) Large Pages: 0 / 0M, Empty: 0M, Relocated: 0M, In-Place: 0
[6.659s][info][gc,reloc    ] GC(3) Forwarding Usage: 7M
[6.659s][info][gc,heap     ] GC(3) Min Capacity: 1024M(100%)
[6.659s][info][gc,heap     ] GC(3) Max Capacity: 1024M(100%)
[6.659s][info][gc,heap     ] GC(3) Soft Max Capacity: 1024M(100%)
[6.659s][info][gc,heap     ] GC(3)                Mark Start          Mark End        Relocate Start      Relocate End           High               Low         
[6.659s][info][gc,heap     ] GC(3)  Capacity:     1024M (100%)       1024M (100%)       1024M (100%)       1024M (100%)       1024M (100%)       1024M (100%)   
[6.659s][info][gc,heap     ] GC(3)      Free:      818M (80%)         816M (80%)         812M (79%)         896M (88%)         896M (88%)         744M (73%)    
[6.659s][info][gc,heap     ] GC(3)      Used:      206M (20%)         208M (20%)         212M (21%)         128M (12%)         280M (27%)         128M (12%)    
[6.659s][info][gc,heap     ] GC(3)      Live:         -                48M (5%)           48M (5%)           48M (5%)             -                  -          
[6.659s][info][gc,heap     ] GC(3) Allocated:         -                 2M (0%)            6M (1%)           43M (4%)             -                  -          
[6.659s][info][gc,heap     ] GC(3)   Garbage:         -               157M (15%)         157M (15%)          36M (4%)             -                  -          
[6.659s][info][gc,heap     ] GC(3) Reclaimed:         -                  -                 0M (0%)          121M (12%)            -                  -          
[6.659s][info][gc          ] GC(3) Garbage Collection (Warmup) 206M(20%)->128M(12%)
[10.122s][info][gc,stats    ] === Garbage Collection Statistics =======================================================================================================================
[10.122s][info][gc,stats    ]                                                              Last 10s              Last 10m              Last 10h                Total
[10.122s][info][gc,stats    ]                                                              Avg / Max             Avg / Max             Avg / Max             Avg / Max
[10.122s][info][gc,stats    ]   Collector: Garbage Collection Cycle                     69.194 / 131.474      69.194 / 131.474      69.194 / 131.474      69.194 / 131.474     ms
[10.122s][info][gc,stats    ]  Contention: Mark Segment Reset Contention                     0 / 2                 0 / 2                 0 / 2                 0 / 2           ops/s
[10.122s][info][gc,stats    ]  Contention: Mark SeqNum Reset Contention                      0 / 0                 0 / 0                 0 / 0                 0 / 0           ops/s
[10.123s][info][gc,stats    ]    Critical: Allocation Stall                                  0 / 0                 0 / 0                 0 / 0                 0 / 0           ops/s
[10.123s][info][gc,stats    ]    Critical: Allocation Stall                              0.000 / 0.000         0.000 / 0.000         0.000 / 0.000         0.000 / 0.000       ms
[10.123s][info][gc,stats    ]    Critical: GC Locker Stall                                   0 / 0                 0 / 0                 0 / 0                 0 / 0           ops/s
[10.123s][info][gc,stats    ]    Critical: GC Locker Stall                               0.000 / 0.000         0.000 / 0.000         0.000 / 0.000         0.000 / 0.000       ms
[10.123s][info][gc,stats    ]    Critical: Relocation Stall                                  0 / 0                 0 / 0                 0 / 0                 0 / 0           ops/s
[10.123s][info][gc,stats    ]    Critical: Relocation Stall                              0.000 / 0.000         0.000 / 0.000         0.000 / 0.000         0.000 / 0.000       ms
[10.123s][info][gc,stats    ]      Memory: Allocation Rate                                  60 / 164              60 / 164              60 / 164              60 / 164         MB/s
[10.123s][info][gc,stats    ]      Memory: Defragment                                        0 / 0                 0 / 0                 0 / 0                 0 / 0           ops/s
[10.123s][info][gc,stats    ]      Memory: Out Of Memory                                     0 / 0                 0 / 0                 0 / 0                 0 / 0           ops/s
[10.123s][info][gc,stats    ]      Memory: Page Cache Flush                                  0 / 0                 0 / 0                 0 / 0                 0 / 0           MB/s
[10.123s][info][gc,stats    ]      Memory: Page Cache Hit L1                                14 / 30               14 / 30               14 / 30               14 / 30          ops/s
[10.123s][info][gc,stats    ]      Memory: Page Cache Hit L2                                 0 / 0                 0 / 0                 0 / 0                 0 / 0           ops/s
[10.123s][info][gc,stats    ]      Memory: Page Cache Hit L3                                11 / 21               11 / 21               11 / 21               11 / 21          ops/s
[10.123s][info][gc,stats    ]      Memory: Page Cache Miss                                   0 / 1                 0 / 1                 0 / 1                 0 / 1           ops/s
[10.123s][info][gc,stats    ]      Memory: Uncommit                                          0 / 0                 0 / 0                 0 / 0                 0 / 0           MB/s
[10.123s][info][gc,stats    ]      Memory: Undo Object Allocation Failed                     0 / 0                 0 / 0                 0 / 0                 0 / 0           ops/s
[10.123s][info][gc,stats    ]      Memory: Undo Object Allocation Succeeded                  0 / 2                 0 / 2                 0 / 2                 0 / 2           ops/s
[10.123s][info][gc,stats    ]      Memory: Undo Page Allocation                              0 / 0                 0 / 0                 0 / 0                 0 / 0           ops/s
[10.123s][info][gc,stats    ]       Phase: Concurrent Mark                              43.449 / 93.846       43.449 / 93.846       43.449 / 93.846       43.449 / 93.846      ms
[10.123s][info][gc,stats    ]       Phase: Concurrent Mark Continue                      0.000 / 0.000         0.000 / 0.000         0.000 / 0.000         0.000 / 0.000       ms
[10.123s][info][gc,stats    ]       Phase: Concurrent Mark Free                          0.001 / 0.002         0.001 / 0.002         0.001 / 0.002         0.001 / 0.002       ms
[10.123s][info][gc,stats    ]       Phase: Concurrent Process Non-Strong References      8.754 / 16.068        8.754 / 16.068        8.754 / 16.068        8.754 / 16.068      ms
[10.123s][info][gc,stats    ]       Phase: Concurrent Relocate                           8.023 / 16.349        8.023 / 16.349        8.023 / 16.349        8.023 / 16.349      ms
[10.123s][info][gc,stats    ]       Phase: Concurrent Reset Relocation Set               0.002 / 0.004         0.002 / 0.004         0.002 / 0.004         0.002 / 0.004       ms
[10.123s][info][gc,stats    ]       Phase: Concurrent Select Relocation Set              3.528 / 5.176         3.528 / 5.176         3.528 / 5.176         3.528 / 5.176       ms
[10.123s][info][gc,stats    ]       Phase: Pause Mark End                                0.046 / 0.071         0.046 / 0.071         0.046 / 0.071         0.046 / 0.071       ms
[10.123s][info][gc,stats    ]       Phase: Pause Mark Start                              0.013 / 0.018         0.013 / 0.018         0.013 / 0.018         0.013 / 0.018       ms
[10.123s][info][gc,stats    ]       Phase: Pause Relocate Start                          0.012 / 0.017         0.012 / 0.017         0.012 / 0.017         0.012 / 0.017       ms
[10.123s][info][gc,stats    ]    Subphase: Concurrent Classes Purge                      0.771 / 2.106         0.771 / 2.106         0.771 / 2.106         0.771 / 2.106       ms
[10.123s][info][gc,stats    ]    Subphase: Concurrent Classes Unlink                     4.137 / 11.285        4.137 / 11.285        4.137 / 11.285        4.137 / 11.285      ms
[10.123s][info][gc,stats    ]    Subphase: Concurrent Mark                              38.060 / 92.757       38.060 / 92.757       38.060 / 92.757       38.060 / 92.757      ms
[10.123s][info][gc,stats    ]    Subphase: Concurrent Mark Try Flush                     0.064 / 0.138         0.064 / 0.138         0.064 / 0.138         0.064 / 0.138       ms
[10.123s][info][gc,stats    ]    Subphase: Concurrent Mark Try Terminate                 2.974 / 11.551        2.974 / 11.551        2.974 / 11.551        2.974 / 11.551      ms
[10.123s][info][gc,stats    ]    Subphase: Concurrent References Enqueue                 0.004 / 0.006         0.004 / 0.006         0.004 / 0.006         0.004 / 0.006       ms
[10.123s][info][gc,stats    ]    Subphase: Concurrent References Process                 0.349 / 0.911         0.349 / 0.911         0.349 / 0.911         0.349 / 0.911       ms
[10.123s][info][gc,stats    ]    Subphase: Concurrent Roots ClassLoaderDataGraph         0.101 / 0.315         0.101 / 0.315         0.101 / 0.315         0.101 / 0.315       ms
[10.123s][info][gc,stats    ]    Subphase: Concurrent Roots CodeCache                    0.000 / 0.000         0.000 / 0.000         0.000 / 0.000         0.000 / 0.000       ms
[10.123s][info][gc,stats    ]    Subphase: Concurrent Roots JavaThreads                  0.624 / 2.311         0.624 / 2.311         0.624 / 2.311         0.624 / 2.311       ms
[10.123s][info][gc,stats    ]    Subphase: Concurrent Roots OopStorageSet                0.034 / 0.051         0.034 / 0.051         0.034 / 0.051         0.034 / 0.051       ms
[10.123s][info][gc,stats    ]    Subphase: Concurrent Weak Roots OopStorageSet           0.533 / 1.165         0.533 / 1.165         0.533 / 1.165         0.533 / 1.165       ms
[10.123s][info][gc,stats    ]    Subphase: Pause Mark Try Complete                       0.010 / 0.028         0.010 / 0.028         0.010 / 0.028         0.010 / 0.028       ms
[10.123s][info][gc,stats    ]      System: Java Threads                                     11 / 12               11 / 12               11 / 12               11 / 12          threads
[10.123s][info][gc,stats    ] =========================================================================================================================================================
[10.531s][info][gc,start    ] GC(4) Garbage Collection (Warmup)
[10.531s][info][gc,task     ] GC(4) Using 2 workers
[10.531s][info][gc,phases   ] GC(4) Pause Mark Start 0.006ms
[10.656s][info][gc,phases   ] GC(4) Concurrent Mark 125.351ms
[10.657s][info][gc,phases   ] GC(4) Pause Mark End 0.063ms
[10.657s][info][gc,phases   ] GC(4) Concurrent Mark Free 0.001ms
[10.681s][info][gc,phases   ] GC(4) Concurrent Process Non-Strong References 24.445ms
[10.681s][info][gc,phases   ] GC(4) Concurrent Reset Relocation Set 0.007ms
[10.687s][info][gc,phases   ] GC(4) Concurrent Select Relocation Set 5.504ms
[10.689s][info][gc,phases   ] GC(4) Pause Relocate Start 0.013ms
[10.709s][info][gc,phases   ] GC(4) Concurrent Relocate 20.770ms
[10.710s][info][gc,load     ] GC(4) Load: 0.00/0.00/0.00
[10.710s][info][gc,mmu      ] GC(4) MMU: 2ms/96.4%, 5ms/98.5%, 10ms/99.2%, 20ms/99.6%, 50ms/99.8%, 100ms/99.9%
[10.710s][info][gc,marking  ] GC(4) Mark: 2 stripe(s), 2 proactive flush(es), 1 terminate flush(es), 1 completion(s), 0 continuation(s) 
[10.710s][info][gc,marking  ] GC(4) Mark Stack Usage: 32M
[10.710s][info][gc,nmethod  ] GC(4) NMethods: 10641 registered, 1181 unregistered
[10.710s][info][gc,metaspace] GC(4) Metaspace: 51M used, 51M committed, 1088M reserved
[10.710s][info][gc,ref      ] GC(4) Soft: 588 encountered, 0 discovered, 0 enqueued
[10.710s][info][gc,ref      ] GC(4) Weak: 55272 encountered, 26276 discovered, 18463 enqueued
[10.710s][info][gc,ref      ] GC(4) Final: 0 encountered, 0 discovered, 0 enqueued
[10.710s][info][gc,ref      ] GC(4) Phantom: 663 encountered, 639 discovered, 585 enqueued
[10.710s][info][gc,reloc    ] GC(4) Small Pages: 122 / 244M, Empty: 0M, Relocated: 24M, In-Place: 0
[10.710s][info][gc,reloc    ] GC(4) Medium Pages: 2 / 64M, Empty: 0M, Relocated: 4M, In-Place: 0
[10.710s][info][gc,reloc    ] GC(4) Large Pages: 0 / 0M, Empty: 0M, Relocated: 0M, In-Place: 0
[10.710s][info][gc,reloc    ] GC(4) Forwarding Usage: 9M
[10.710s][info][gc,heap     ] GC(4) Min Capacity: 1024M(100%)
[10.710s][info][gc,heap     ] GC(4) Max Capacity: 1024M(100%)
[10.710s][info][gc,heap     ] GC(4) Soft Max Capacity: 1024M(100%)
[10.710s][info][gc,heap     ] GC(4)                Mark Start          Mark End        Relocate Start      Relocate End           High               Low         
[10.710s][info][gc,heap     ] GC(4)  Capacity:     1024M (100%)       1024M (100%)       1024M (100%)       1024M (100%)       1024M (100%)       1024M (100%)   
[10.710s][info][gc,heap     ] GC(4)      Free:      716M (70%)         710M (69%)         704M (69%)         910M (89%)         910M (89%)         672M (66%)    
[10.710s][info][gc,heap     ] GC(4)      Used:      308M (30%)         314M (31%)         320M (31%)         114M (11%)         352M (34%)         114M (11%)    
[10.710s][info][gc,heap     ] GC(4)      Live:         -                67M (7%)           67M (7%)           67M (7%)             -                  -          
[10.710s][info][gc,heap     ] GC(4) Allocated:         -                 6M (1%)           12M (1%)           13M (1%)             -                  -          
[10.710s][info][gc,heap     ] GC(4)   Garbage:         -               240M (23%)         240M (23%)          32M (3%)             -                  -          
[10.710s][info][gc,heap     ] GC(4) Reclaimed:         -                  -                 0M (0%)          207M (20%)            -                  -          
[10.710s][info][gc          ] GC(4) Garbage Collection (Warmup) 308M(30%)->114M(11%)
[13.521s][info][gc,start    ] GC(5) Garbage Collection (System.gc())
[13.521s][info][gc,task     ] GC(5) Using 2 workers
[13.521s][info][gc,phases   ] GC(5) Pause Mark Start 0.006ms
[13.561s][info][gc,phases   ] GC(5) Concurrent Mark 39.982ms
[13.561s][info][gc,phases   ] GC(5) Pause Mark End 0.025ms
[13.561s][info][gc,phases   ] GC(5) Concurrent Mark Free 0.003ms
[13.578s][info][gc,phases   ] GC(5) Concurrent Process Non-Strong References 16.977ms
[13.578s][info][gc,phases   ] GC(5) Concurrent Reset Relocation Set 0.007ms
[13.581s][info][gc,phases   ] GC(5) Concurrent Select Relocation Set 2.053ms
[13.581s][info][gc,phases   ] GC(5) Pause Relocate Start 0.012ms
[13.588s][info][gc,phases   ] GC(5) Concurrent Relocate 7.354ms
[13.588s][info][gc,load     ] GC(5) Load: 0.00/0.00/0.00
[13.588s][info][gc,mmu      ] GC(5) MMU: 2ms/96.4%, 5ms/98.5%, 10ms/99.2%, 20ms/99.6%, 50ms/99.8%, 100ms/99.9%
[13.588s][info][gc,marking  ] GC(5) Mark: 2 stripe(s), 2 proactive flush(es), 1 terminate flush(es), 0 completion(s), 0 continuation(s) 
[13.588s][info][gc,marking  ] GC(5) Mark Stack Usage: 32M
[13.588s][info][gc,nmethod  ] GC(5) NMethods: 11964 registered, 1849 unregistered
[13.588s][info][gc,metaspace] GC(5) Metaspace: 55M used, 56M committed, 1088M reserved
[13.588s][info][gc,ref      ] GC(5) Soft: 617 encountered, 0 discovered, 0 enqueued
[13.588s][info][gc,ref      ] GC(5) Weak: 6488 encountered, 6002 discovered, 314 enqueued
[13.588s][info][gc,ref      ] GC(5) Final: 0 encountered, 0 discovered, 0 enqueued
[13.588s][info][gc,ref      ] GC(5) Phantom: 351 encountered, 313 discovered, 272 enqueued
[13.588s][info][gc,reloc    ] GC(5) Small Pages: 82 / 164M, Empty: 6M, Relocated: 12M, In-Place: 0
[13.588s][info][gc,reloc    ] GC(5) Medium Pages: 1 / 32M, Empty: 0M, Relocated: 0M, In-Place: 0
[13.588s][info][gc,reloc    ] GC(5) Large Pages: 0 / 0M, Empty: 0M, Relocated: 0M, In-Place: 0
[13.588s][info][gc,reloc    ] GC(5) Forwarding Usage: 5M
[13.588s][info][gc,heap     ] GC(5) Min Capacity: 1024M(100%)
[13.588s][info][gc,heap     ] GC(5) Max Capacity: 1024M(100%)
[13.588s][info][gc,heap     ] GC(5) Soft Max Capacity: 1024M(100%)
[13.588s][info][gc,heap     ] GC(5)                Mark Start          Mark End        Relocate Start      Relocate End           High               Low         
[13.589s][info][gc,heap     ] GC(5)  Capacity:     1024M (100%)       1024M (100%)       1024M (100%)       1024M (100%)       1024M (100%)       1024M (100%)   
[13.589s][info][gc,heap     ] GC(5)      Free:      828M (81%)         828M (81%)         830M (81%)         952M (93%)         952M (93%)         824M (80%)    
[13.589s][info][gc,heap     ] GC(5)      Used:      196M (19%)         196M (19%)         194M (19%)          72M (7%)          200M (20%)          72M (7%)     
[13.589s][info][gc,heap     ] GC(5)      Live:         -                28M (3%)           28M (3%)           28M (3%)             -                  -          
[13.589s][info][gc,heap     ] GC(5) Allocated:         -                 0M (0%)            4M (0%)            5M (1%)             -                  -          
[13.589s][info][gc,heap     ] GC(5)   Garbage:         -               167M (16%)         161M (16%)          37M (4%)             -                  -          
[13.589s][info][gc,heap     ] GC(5) Reclaimed:         -                  -                 6M (1%)          129M (13%)            -                  -          
[13.589s][info][gc          ] GC(5) Garbage Collection (System.gc()) 196M(19%)->72M(7%)
[18.637s][info][gc,start    ] GC(6) Garbage Collection (System.gc())
[18.637s][info][gc,task     ] GC(6) Using 2 workers
[18.637s][info][gc,phases   ] GC(6) Pause Mark Start 0.010ms
[18.664s][info][gc,phases   ] GC(6) Concurrent Mark 27.027ms
[18.664s][info][gc,phases   ] GC(6) Pause Mark End 0.023ms
[18.664s][info][gc,phases   ] GC(6) Concurrent Mark Free 0.002ms
[18.684s][info][gc,phases   ] GC(6) Concurrent Process Non-Strong References 19.421ms
[18.684s][info][gc,phases   ] GC(6) Concurrent Reset Relocation Set 0.005ms
[18.686s][info][gc,phases   ] GC(6) Concurrent Select Relocation Set 2.209ms
[18.686s][info][gc,phases   ] GC(6) Pause Relocate Start 0.012ms
[18.688s][info][gc,phases   ] GC(6) Concurrent Relocate 1.935ms
[18.688s][info][gc,load     ] GC(6) Load: 0.00/0.00/0.00
[18.688s][info][gc,mmu      ] GC(6) MMU: 2ms/96.4%, 5ms/98.5%, 10ms/99.2%, 20ms/99.6%, 50ms/99.8%, 100ms/99.9%
[18.688s][info][gc,marking  ] GC(6) Mark: 2 stripe(s), 2 proactive flush(es), 1 terminate flush(es), 0 completion(s), 0 continuation(s) 
[18.688s][info][gc,marking  ] GC(6) Mark Stack Usage: 32M
[18.688s][info][gc,nmethod  ] GC(6) NMethods: 12991 registered, 3623 unregistered
[18.689s][info][gc,metaspace] GC(6) Metaspace: 56M used, 57M committed, 1088M reserved
[18.689s][info][gc,ref      ] GC(6) Soft: 617 encountered, 0 discovered, 0 enqueued
[18.689s][info][gc,ref      ] GC(6) Weak: 6143 encountered, 4569 discovered, 26 enqueued
[18.689s][info][gc,ref      ] GC(6) Final: 0 encountered, 0 discovered, 0 enqueued
[18.689s][info][gc,ref      ] GC(6) Phantom: 79 encountered, 48 discovered, 0 enqueued
[18.689s][info][gc,reloc    ] GC(6) Small Pages: 179 / 358M, Empty: 230M, Relocated: 1M, In-Place: 0
[18.689s][info][gc,reloc    ] GC(6) Medium Pages: 2 / 64M, Empty: 32M, Relocated: 0M, In-Place: 0
[18.689s][info][gc,reloc    ] GC(6) Large Pages: 0 / 0M, Empty: 0M, Relocated: 0M, In-Place: 0
[18.689s][info][gc,reloc    ] GC(6) Forwarding Usage: 0M
[18.689s][info][gc,heap     ] GC(6) Min Capacity: 1024M(100%)
[18.689s][info][gc,heap     ] GC(6) Max Capacity: 1024M(100%)
[18.689s][info][gc,heap     ] GC(6) Soft Max Capacity: 1024M(100%)
[18.689s][info][gc,heap     ] GC(6)                Mark Start          Mark End        Relocate Start      Relocate End           High               Low         
[18.689s][info][gc,heap     ] GC(6)  Capacity:     1024M (100%)       1024M (100%)       1024M (100%)       1024M (100%)       1024M (100%)       1024M (100%)   
[18.689s][info][gc,heap     ] GC(6)      Free:      602M (59%)         602M (59%)         864M (84%)         960M (94%)         960M (94%)         602M (59%)    
[18.689s][info][gc,heap     ] GC(6)      Used:      422M (41%)         422M (41%)         160M (16%)          64M (6%)          422M (41%)          64M (6%)     
[18.689s][info][gc,heap     ] GC(6)      Live:         -                28M (3%)           28M (3%)           28M (3%)             -                  -          
[18.689s][info][gc,heap     ] GC(6) Allocated:         -                 0M (0%)            0M (0%)            0M (0%)             -                  -          
[18.689s][info][gc,heap     ] GC(6)   Garbage:         -               393M (38%)         131M (13%)          35M (3%)             -                  -          
[18.689s][info][gc,heap     ] GC(6) Reclaimed:         -                  -               262M (26%)         358M (35%)            -                  -          
[18.689s][info][gc          ] GC(6) Garbage Collection (System.gc()) 422M(41%)->64M(6%)
[20.124s][info][gc,stats    ] === Garbage Collection Statistics =======================================================================================================================
[20.124s][info][gc,stats    ]                                                              Last 10s              Last 10m              Last 10h                Total
[20.124s][info][gc,stats    ]                                                              Avg / Max             Avg / Max             Avg / Max             Avg / Max
[20.124s][info][gc,stats    ]   Collector: Garbage Collection Cycle                     99.317 / 178.833      82.103 / 178.833      82.103 / 178.833      82.103 / 178.833     ms
[20.124s][info][gc,stats    ]  Contention: Mark Segment Reset Contention                     0 / 1                 0 / 2                 0 / 2                 0 / 2           ops/s
[20.124s][info][gc,stats    ]  Contention: Mark SeqNum Reset Contention                      0 / 0                 0 / 0                 0 / 0                 0 / 0           ops/s
[20.124s][info][gc,stats    ]    Critical: Allocation Stall                                  0 / 0                 0 / 0                 0 / 0                 0 / 0           ops/s
[20.124s][info][gc,stats    ]    Critical: Allocation Stall                              0.000 / 0.000         0.000 / 0.000         0.000 / 0.000         0.000 / 0.000       ms
[20.124s][info][gc,stats    ]    Critical: GC Locker Stall                                   0 / 0                 0 / 0                 0 / 0                 0 / 0           ops/s
[20.124s][info][gc,stats    ]    Critical: GC Locker Stall                               0.000 / 0.000         0.000 / 0.000         0.000 / 0.000         0.000 / 0.000       ms
[20.124s][info][gc,stats    ]    Critical: Relocation Stall                                  0 / 0                 0 / 0                 0 / 0                 0 / 0           ops/s
[20.124s][info][gc,stats    ]    Critical: Relocation Stall                              0.000 / 0.000         0.000 / 0.000         0.000 / 0.000         0.000 / 0.000       ms
[20.124s][info][gc,stats    ]      Memory: Allocation Rate                                  67 / 112              64 / 164              64 / 164              64 / 164         MB/s
[20.124s][info][gc,stats    ]      Memory: Defragment                                        0 / 0                 0 / 0                 0 / 0                 0 / 0           ops/s
[20.124s][info][gc,stats    ]      Memory: Out Of Memory                                     0 / 0                 0 / 0                 0 / 0                 0 / 0           ops/s
[20.124s][info][gc,stats    ]      Memory: Page Cache Flush                                  0 / 0                 0 / 0                 0 / 0                 0 / 0           MB/s
[20.124s][info][gc,stats    ]      Memory: Page Cache Hit L1                                26 / 56               20 / 56               20 / 56               20 / 56          ops/s
[20.124s][info][gc,stats    ]      Memory: Page Cache Hit L2                                 0 / 0                 0 / 0                 0 / 0                 0 / 0           ops/s
[20.124s][info][gc,stats    ]      Memory: Page Cache Hit L3                                 6 / 26                9 / 26                9 / 26                9 / 26          ops/s
[20.124s][info][gc,stats    ]      Memory: Page Cache Miss                                   0 / 0                 0 / 1                 0 / 1                 0 / 1           ops/s
[20.124s][info][gc,stats    ]      Memory: Uncommit                                          0 / 0                 0 / 0                 0 / 0                 0 / 0           MB/s
[20.124s][info][gc,stats    ]      Memory: Undo Object Allocation Failed                     0 / 0                 0 / 0                 0 / 0                 0 / 0           ops/s
[20.124s][info][gc,stats    ]      Memory: Undo Object Allocation Succeeded                  0 / 2                 0 / 2                 0 / 2                 0 / 2           ops/s
[20.124s][info][gc,stats    ]      Memory: Undo Page Allocation                              0 / 0                 0 / 0                 0 / 0                 0 / 0           ops/s
[20.124s][info][gc,stats    ]       Phase: Concurrent Mark                              64.120 / 125.351      52.308 / 125.351      52.308 / 125.351      52.308 / 125.351     ms
[20.124s][info][gc,stats    ]       Phase: Concurrent Mark Continue                      0.000 / 0.000         0.000 / 0.000         0.000 / 0.000         0.000 / 0.000       ms
[20.124s][info][gc,stats    ]       Phase: Concurrent Mark Free                          0.002 / 0.003         0.001 / 0.003         0.001 / 0.003         0.001 / 0.003       ms
[20.124s][info][gc,stats    ]       Phase: Concurrent Process Non-Strong References     20.281 / 24.445       13.694 / 24.445       13.694 / 24.445       13.694 / 24.445      ms
[20.124s][info][gc,stats    ]       Phase: Concurrent Relocate                          10.020 / 20.770        8.879 / 20.770        8.879 / 20.770        8.879 / 20.770      ms
[20.124s][info][gc,stats    ]       Phase: Concurrent Reset Relocation Set               0.006 / 0.007         0.004 / 0.007         0.004 / 0.007         0.004 / 0.007       ms
[20.124s][info][gc,stats    ]       Phase: Concurrent Select Relocation Set              3.255 / 5.504         3.411 / 5.504         3.411 / 5.504         3.411 / 5.504       ms
[20.124s][info][gc,stats    ]       Phase: Pause Mark End                                0.037 / 0.063         0.042 / 0.071         0.042 / 0.071         0.042 / 0.071       ms
[20.124s][info][gc,stats    ]       Phase: Pause Mark Start                              0.007 / 0.010         0.010 / 0.018         0.010 / 0.018         0.010 / 0.018       ms
[20.125s][info][gc,stats    ]       Phase: Pause Relocate Start                          0.013 / 0.013         0.012 / 0.017         0.012 / 0.017         0.012 / 0.017       ms
[20.125s][info][gc,stats    ]    Subphase: Concurrent Classes Purge                      2.079 / 2.425         1.332 / 2.425         1.332 / 2.425         1.332 / 2.425       ms
[20.125s][info][gc,stats    ]    Subphase: Concurrent Classes Unlink                    15.892 / 18.610        9.175 / 18.610        9.175 / 18.610        9.175 / 18.610      ms
[20.125s][info][gc,stats    ]    Subphase: Concurrent Mark                              60.142 / 123.883      47.524 / 123.883      47.524 / 123.883      47.524 / 123.883     ms
[20.125s][info][gc,stats    ]    Subphase: Concurrent Mark Try Flush                     0.069 / 0.164         0.066 / 0.164         0.066 / 0.164         0.066 / 0.164       ms
[20.125s][info][gc,stats    ]    Subphase: Concurrent Mark Try Terminate                 2.494 / 10.348        2.768 / 11.551        2.768 / 11.551        2.768 / 11.551      ms
[20.125s][info][gc,stats    ]    Subphase: Concurrent References Enqueue                 0.004 / 0.006         0.004 / 0.006         0.004 / 0.006         0.004 / 0.006       ms
[20.125s][info][gc,stats    ]    Subphase: Concurrent References Process                 1.306 / 2.468         0.759 / 2.468         0.759 / 2.468         0.759 / 2.468       ms
[20.125s][info][gc,stats    ]    Subphase: Concurrent Roots ClassLoaderDataGraph         0.099 / 0.176         0.100 / 0.315         0.100 / 0.315         0.100 / 0.315       ms
[20.125s][info][gc,stats    ]    Subphase: Concurrent Roots CodeCache                    0.000 / 0.000         0.000 / 0.000         0.000 / 0.000         0.000 / 0.000       ms
[20.125s][info][gc,stats    ]    Subphase: Concurrent Roots JavaThreads                  0.403 / 1.314         0.529 / 2.311         0.529 / 2.311         0.529 / 2.311       ms
[20.125s][info][gc,stats    ]    Subphase: Concurrent Roots OopStorageSet                0.019 / 0.032         0.028 / 0.051         0.028 / 0.051         0.028 / 0.051       ms
[20.125s][info][gc,stats    ]    Subphase: Concurrent Weak Roots OopStorageSet           0.844 / 0.923         0.666 / 1.165         0.666 / 1.165         0.666 / 1.165       ms
[20.125s][info][gc,stats    ]    Subphase: Pause Mark Try Complete                       0.006 / 0.012         0.009 / 0.028         0.009 / 0.028         0.009 / 0.028       ms
[20.125s][info][gc,stats    ]      System: Java Threads                                     11 / 12               11 / 12               11 / 12               11 / 12          threads
[20.125s][info][gc,stats    ] =========================================================================================================================================================
[22.328s][info][gc,start    ] GC(7) Garbage Collection (System.gc())
[22.329s][info][gc,task     ] GC(7) Using 2 workers
[22.329s][info][gc,phases   ] GC(7) Pause Mark Start 0.006ms
[22.353s][info][gc,phases   ] GC(7) Concurrent Mark 24.024ms
[22.353s][info][gc,phases   ] GC(7) Pause Mark End 0.025ms
[22.353s][info][gc,phases   ] GC(7) Concurrent Mark Free 0.003ms
[22.372s][info][gc,phases   ] GC(7) Concurrent Process Non-Strong References 18.885ms
[22.372s][info][gc,phases   ] GC(7) Concurrent Reset Relocation Set 0.002ms
[22.373s][info][gc,phases   ] GC(7) Concurrent Select Relocation Set 1.207ms
[22.373s][info][gc,phases   ] GC(7) Pause Relocate Start 0.008ms
[22.375s][info][gc,phases   ] GC(7) Concurrent Relocate 1.936ms
[22.375s][info][gc,load     ] GC(7) Load: 0.00/0.00/0.00
[22.375s][info][gc,mmu      ] GC(7) MMU: 2ms/96.4%, 5ms/98.5%, 10ms/99.2%, 20ms/99.6%, 50ms/99.8%, 100ms/99.9%
[22.375s][info][gc,marking  ] GC(7) Mark: 2 stripe(s), 1 proactive flush(es), 1 terminate flush(es), 0 completion(s), 0 continuation(s) 
[22.375s][info][gc,marking  ] GC(7) Mark Stack Usage: 32M
[22.375s][info][gc,nmethod  ] GC(7) NMethods: 13916 registered, 4307 unregistered
[22.376s][info][gc,metaspace] GC(7) Metaspace: 57M used, 58M committed, 1088M reserved
[22.376s][info][gc,ref      ] GC(7) Soft: 617 encountered, 0 discovered, 0 enqueued
[22.376s][info][gc,ref      ] GC(7) Weak: 6218 encountered, 5535 discovered, 71 enqueued
[22.376s][info][gc,ref      ] GC(7) Final: 0 encountered, 0 discovered, 0 enqueued
[22.376s][info][gc,ref      ] GC(7) Phantom: 79 encountered, 72 discovered, 0 enqueued
[22.376s][info][gc,reloc    ] GC(7) Small Pages: 174 / 348M, Empty: 212M, Relocated: 1M, In-Place: 0
[22.376s][info][gc,reloc    ] GC(7) Medium Pages: 2 / 64M, Empty: 32M, Relocated: 0M, In-Place: 0
[22.376s][info][gc,reloc    ] GC(7) Large Pages: 0 / 0M, Empty: 0M, Relocated: 0M, In-Place: 0
[22.376s][info][gc,reloc    ] GC(7) Forwarding Usage: 0M
[22.376s][info][gc,heap     ] GC(7) Min Capacity: 1024M(100%)
[22.376s][info][gc,heap     ] GC(7) Max Capacity: 1024M(100%)
[22.376s][info][gc,heap     ] GC(7) Soft Max Capacity: 1024M(100%)
[22.376s][info][gc,heap     ] GC(7)                Mark Start          Mark End        Relocate Start      Relocate End           High               Low         
[22.376s][info][gc,heap     ] GC(7)  Capacity:     1024M (100%)       1024M (100%)       1024M (100%)       1024M (100%)       1024M (100%)       1024M (100%)   
[22.376s][info][gc,heap     ] GC(7)      Free:      612M (60%)         612M (60%)         856M (84%)         960M (94%)         960M (94%)         612M (60%)    
[22.376s][info][gc,heap     ] GC(7)      Used:      412M (40%)         412M (40%)         168M (16%)          64M (6%)          412M (40%)          64M (6%)     
[22.376s][info][gc,heap     ] GC(7)      Live:         -                28M (3%)           28M (3%)           28M (3%)             -                  -          
[22.376s][info][gc,heap     ] GC(7) Allocated:         -                 0M (0%)            0M (0%)            0M (0%)             -                  -          
[22.376s][info][gc,heap     ] GC(7)   Garbage:         -               383M (37%)         139M (14%)          35M (3%)             -                  -          
[22.376s][info][gc,heap     ] GC(7) Reclaimed:         -                  -               244M (24%)         348M (34%)            -                  -          
[22.376s][info][gc          ] GC(7) Garbage Collection (System.gc()) 412M(40%)->64M(6%)
[25.684s][info][gc,start    ] GC(8) Garbage Collection (System.gc())
[25.684s][info][gc,task     ] GC(8) Using 2 workers
[25.684s][info][gc,phases   ] GC(8) Pause Mark Start 0.009ms
[25.712s][info][gc,phases   ] GC(8) Concurrent Mark 27.223ms
[25.712s][info][gc,phases   ] GC(8) Pause Mark End 0.021ms
[25.712s][info][gc,phases   ] GC(8) Concurrent Mark Free 0.002ms
[25.733s][info][gc,phases   ] GC(8) Concurrent Process Non-Strong References 21.043ms
[25.733s][info][gc,phases   ] GC(8) Concurrent Reset Relocation Set 0.003ms
[25.735s][info][gc,phases   ] GC(8) Concurrent Select Relocation Set 1.672ms
[25.735s][info][gc,phases   ] GC(8) Pause Relocate Start 0.007ms
[25.736s][info][gc,phases   ] GC(8) Concurrent Relocate 0.906ms
[25.736s][info][gc,load     ] GC(8) Load: 0.00/0.00/0.00
[25.736s][info][gc,mmu      ] GC(8) MMU: 2ms/96.4%, 5ms/98.5%, 10ms/99.2%, 20ms/99.6%, 50ms/99.8%, 100ms/99.9%
[25.736s][info][gc,marking  ] GC(8) Mark: 2 stripe(s), 3 proactive flush(es), 1 terminate flush(es), 0 completion(s), 0 continuation(s) 
[25.736s][info][gc,marking  ] GC(8) Mark Stack Usage: 32M
[25.736s][info][gc,nmethod  ] GC(8) NMethods: 13729 registered, 5700 unregistered
[25.736s][info][gc,metaspace] GC(8) Metaspace: 57M used, 58M committed, 1088M reserved
[25.736s][info][gc,ref      ] GC(8) Soft: 617 encountered, 0 discovered, 0 enqueued
[25.736s][info][gc,ref      ] GC(8) Weak: 6143 encountered, 5509 discovered, 26 enqueued
[25.736s][info][gc,ref      ] GC(8) Final: 0 encountered, 0 discovered, 0 enqueued
[25.736s][info][gc,ref      ] GC(8) Phantom: 79 encountered, 53 discovered, 0 enqueued
[25.736s][info][gc,reloc    ] GC(8) Small Pages: 170 / 340M, Empty: 210M, Relocated: 1M, In-Place: 0
[25.736s][info][gc,reloc    ] GC(8) Medium Pages: 2 / 64M, Empty: 32M, Relocated: 0M, In-Place: 0
[25.736s][info][gc,reloc    ] GC(8) Large Pages: 0 / 0M, Empty: 0M, Relocated: 0M, In-Place: 0
[25.736s][info][gc,reloc    ] GC(8) Forwarding Usage: 0M
[25.736s][info][gc,heap     ] GC(8) Min Capacity: 1024M(100%)
[25.736s][info][gc,heap     ] GC(8) Max Capacity: 1024M(100%)
[25.736s][info][gc,heap     ] GC(8) Soft Max Capacity: 1024M(100%)
[25.736s][info][gc,heap     ] GC(8)                Mark Start          Mark End        Relocate Start      Relocate End           High               Low         
[25.736s][info][gc,heap     ] GC(8)  Capacity:     1024M (100%)       1024M (100%)       1024M (100%)       1024M (100%)       1024M (100%)       1024M (100%)   
[25.736s][info][gc,heap     ] GC(8)      Free:      620M (61%)         620M (61%)         862M (84%)         960M (94%)         960M (94%)         620M (61%)    
[25.736s][info][gc,heap     ] GC(8)      Used:      404M (39%)         404M (39%)         162M (16%)          64M (6%)          404M (39%)          64M (6%)     
[25.736s][info][gc,heap     ] GC(8)      Live:         -                28M (3%)           28M (3%)           28M (3%)             -                  -          
[25.736s][info][gc,heap     ] GC(8) Allocated:         -                 0M (0%)            0M (0%)            0M (0%)             -                  -          
[25.736s][info][gc,heap     ] GC(8)   Garbage:         -               375M (37%)         133M (13%)          35M (3%)             -                  -          
[25.736s][info][gc,heap     ] GC(8) Reclaimed:         -                  -               242M (24%)         340M (33%)            -                  -          
[25.736s][info][gc          ] GC(8) Garbage Collection (System.gc()) 404M(39%)->64M(6%)
[28.638s][info][gc,start    ] GC(9) Garbage Collection (System.gc())
[28.638s][info][gc,task     ] GC(9) Using 2 workers
[28.638s][info][gc,phases   ] GC(9) Pause Mark Start 0.009ms
[28.665s][info][gc,phases   ] GC(9) Concurrent Mark 27.102ms
[28.665s][info][gc,phases   ] GC(9) Pause Mark End 0.026ms
[28.665s][info][gc,phases   ] GC(9) Concurrent Mark Free 0.003ms
[28.684s][info][gc,phases   ] GC(9) Concurrent Process Non-Strong References 18.839ms
[28.684s][info][gc,phases   ] GC(9) Concurrent Reset Relocation Set 0.003ms
[28.686s][info][gc,phases   ] GC(9) Concurrent Select Relocation Set 1.198ms
[28.686s][info][gc,phases   ] GC(9) Pause Relocate Start 0.012ms
[28.688s][info][gc,phases   ] GC(9) Concurrent Relocate 2.557ms
[28.689s][info][gc,load     ] GC(9) Load: 0.00/0.00/0.00
[28.689s][info][gc,mmu      ] GC(9) MMU: 2ms/96.4%, 5ms/98.5%, 10ms/99.2%, 20ms/99.6%, 50ms/99.8%, 100ms/99.9%
[28.689s][info][gc,marking  ] GC(9) Mark: 2 stripe(s), 2 proactive flush(es), 1 terminate flush(es), 0 completion(s), 0 continuation(s) 
[28.689s][info][gc,marking  ] GC(9) Mark Stack Usage: 32M
[28.689s][info][gc,nmethod  ] GC(9) NMethods: 14155 registered, 6308 unregistered
[28.689s][info][gc,metaspace] GC(9) Metaspace: 58M used, 58M committed, 1088M reserved
[28.689s][info][gc,ref      ] GC(9) Soft: 617 encountered, 0 discovered, 0 enqueued
[28.689s][info][gc,ref      ] GC(9) Weak: 6218 encountered, 1484 discovered, 71 enqueued
[28.689s][info][gc,ref      ] GC(9) Final: 0 encountered, 0 discovered, 0 enqueued
[28.689s][info][gc,ref      ] GC(9) Phantom: 79 encountered, 50 discovered, 0 enqueued
[28.689s][info][gc,reloc    ] GC(9) Small Pages: 167 / 334M, Empty: 210M, Relocated: 1M, In-Place: 0
[28.689s][info][gc,reloc    ] GC(9) Medium Pages: 2 / 64M, Empty: 32M, Relocated: 0M, In-Place: 0
[28.689s][info][gc,reloc    ] GC(9) Large Pages: 0 / 0M, Empty: 0M, Relocated: 0M, In-Place: 0
[28.689s][info][gc,reloc    ] GC(9) Forwarding Usage: 0M
[28.689s][info][gc,heap     ] GC(9) Min Capacity: 1024M(100%)
[28.689s][info][gc,heap     ] GC(9) Max Capacity: 1024M(100%)
[28.689s][info][gc,heap     ] GC(9) Soft Max Capacity: 1024M(100%)
[28.689s][info][gc,heap     ] GC(9)                Mark Start          Mark End        Relocate Start      Relocate End           High               Low         
[28.689s][info][gc,heap     ] GC(9)  Capacity:     1024M (100%)       1024M (100%)       1024M (100%)       1024M (100%)       1024M (100%)       1024M (100%)   
[28.689s][info][gc,heap     ] GC(9)      Free:      626M (61%)         626M (61%)         868M (85%)         960M (94%)         960M (94%)         626M (61%)    
[28.689s][info][gc,heap     ] GC(9)      Used:      398M (39%)         398M (39%)         156M (15%)          64M (6%)          398M (39%)          64M (6%)     
[28.689s][info][gc,heap     ] GC(9)      Live:         -                28M (3%)           28M (3%)           28M (3%)             -                  -          
[28.689s][info][gc,heap     ] GC(9) Allocated:         -                 0M (0%)            0M (0%)            0M (0%)             -                  -          
[28.689s][info][gc,heap     ] GC(9)   Garbage:         -               369M (36%)         127M (12%)          35M (3%)             -                  -          
[28.689s][info][gc,heap     ] GC(9) Reclaimed:         -                  -               242M (24%)         334M (33%)            -                  -          
[28.689s][info][gc          ] GC(9) Garbage Collection (System.gc()) 398M(39%)->64M(6%)
[30.125s][info][gc,stats    ] === Garbage Collection Statistics =======================================================================================================================
[30.126s][info][gc,stats    ]                                                              Last 10s              Last 10m              Last 10h                Total
[30.126s][info][gc,stats    ]                                                              Avg / Max             Avg / Max             Avg / Max             Avg / Max
[30.126s][info][gc,stats    ]   Collector: Garbage Collection Cycle                     49.818 / 51.756       72.418 / 178.833      72.418 / 178.833      72.418 / 178.833     ms
[30.126s][info][gc,stats    ]  Contention: Mark Segment Reset Contention                     0 / 0                 0 / 2                 0 / 2                 0 / 2           ops/s
[30.126s][info][gc,stats    ]  Contention: Mark SeqNum Reset Contention                      0 / 0                 0 / 0                 0 / 0                 0 / 0           ops/s
[30.126s][info][gc,stats    ]    Critical: Allocation Stall                                  0 / 0                 0 / 0                 0 / 0                 0 / 0           ops/s
[30.126s][info][gc,stats    ]    Critical: Allocation Stall                              0.000 / 0.000         0.000 / 0.000         0.000 / 0.000         0.000 / 0.000       ms
[30.126s][info][gc,stats    ]    Critical: GC Locker Stall                                   0 / 0                 0 / 0                 0 / 0                 0 / 0           ops/s
[30.126s][info][gc,stats    ]    Critical: GC Locker Stall                               0.000 / 0.000         0.000 / 0.000         0.000 / 0.000         0.000 / 0.000       ms
[30.126s][info][gc,stats    ]    Critical: Relocation Stall                                  0 / 0                 0 / 0                 0 / 0                 0 / 0           ops/s
[30.126s][info][gc,stats    ]    Critical: Relocation Stall                              0.000 / 0.000         0.000 / 0.000         0.000 / 0.000         0.000 / 0.000       ms
[30.126s][info][gc,stats    ]      Memory: Allocation Rate                                 108 / 162              78 / 164              78 / 164              78 / 164         MB/s
[30.126s][info][gc,stats    ]      Memory: Defragment                                        0 / 0                 0 / 0                 0 / 0                 0 / 0           ops/s
[30.126s][info][gc,stats    ]      Memory: Out Of Memory                                     0 / 0                 0 / 0                 0 / 0                 0 / 0           ops/s
[30.126s][info][gc,stats    ]      Memory: Page Cache Flush                                  0 / 0                 0 / 0                 0 / 0                 0 / 0           MB/s
[30.126s][info][gc,stats    ]      Memory: Page Cache Hit L1                                50 / 81               30 / 81               30 / 81               30 / 81          ops/s
[30.126s][info][gc,stats    ]      Memory: Page Cache Hit L2                                 0 / 0                 0 / 0                 0 / 0                 0 / 0           ops/s
[30.126s][info][gc,stats    ]      Memory: Page Cache Hit L3                                 0 / 0                 6 / 26                6 / 26                6 / 26          ops/s
[30.126s][info][gc,stats    ]      Memory: Page Cache Miss                                   0 / 0                 0 / 1                 0 / 1                 0 / 1           ops/s
[30.126s][info][gc,stats    ]      Memory: Uncommit                                          0 / 0                 0 / 0                 0 / 0                 0 / 0           MB/s
[30.126s][info][gc,stats    ]      Memory: Undo Object Allocation Failed                     0 / 0                 0 / 0                 0 / 0                 0 / 0           ops/s
[30.126s][info][gc,stats    ]      Memory: Undo Object Allocation Succeeded                  0 / 0                 0 / 2                 0 / 2                 0 / 2           ops/s
[30.126s][info][gc,stats    ]      Memory: Undo Page Allocation                              0 / 0                 0 / 0                 0 / 0                 0 / 0           ops/s
[30.126s][info][gc,stats    ]       Phase: Concurrent Mark                              26.116 / 27.223       44.450 / 125.351      44.450 / 125.351      44.450 / 125.351     ms
[30.126s][info][gc,stats    ]       Phase: Concurrent Mark Continue                      0.000 / 0.000         0.000 / 0.000         0.000 / 0.000         0.000 / 0.000       ms
[30.126s][info][gc,stats    ]       Phase: Concurrent Mark Free                          0.003 / 0.003         0.002 / 0.003         0.002 / 0.003         0.002 / 0.003       ms
[30.126s][info][gc,stats    ]       Phase: Concurrent Process Non-Strong References     19.589 / 21.043       15.463 / 24.445       15.463 / 24.445       15.463 / 24.445      ms
[30.126s][info][gc,stats    ]       Phase: Concurrent Relocate                           1.800 / 2.557         6.755 / 20.770        6.755 / 20.770        6.755 / 20.770      ms
[30.126s][info][gc,stats    ]       Phase: Concurrent Reset Relocation Set               0.003 / 0.003         0.004 / 0.007         0.004 / 0.007         0.004 / 0.007       ms
[30.126s][info][gc,stats    ]       Phase: Concurrent Select Relocation Set              1.359 / 1.672         2.795 / 5.504         2.795 / 5.504         2.795 / 5.504       ms
[30.126s][info][gc,stats    ]       Phase: Pause Mark End                                0.024 / 0.026         0.037 / 0.071         0.037 / 0.071         0.037 / 0.071       ms
[30.126s][info][gc,stats    ]       Phase: Pause Mark Start                              0.008 / 0.009         0.010 / 0.018         0.010 / 0.018         0.010 / 0.018       ms
[30.126s][info][gc,stats    ]       Phase: Pause Relocate Start                          0.009 / 0.012         0.011 / 0.017         0.011 / 0.017         0.011 / 0.017       ms
[30.126s][info][gc,stats    ]    Subphase: Concurrent Classes Purge                      1.441 / 1.881         1.365 / 2.425         1.365 / 2.425         1.365 / 2.425       ms
[30.126s][info][gc,stats    ]    Subphase: Concurrent Classes Unlink                    16.845 / 17.781       11.476 / 18.610       11.476 / 18.610       11.476 / 18.610      ms
[30.126s][info][gc,stats    ]    Subphase: Concurrent Mark                              22.771 / 26.650       40.098 / 123.883      40.098 / 123.883      40.098 / 123.883     ms
[30.126s][info][gc,stats    ]    Subphase: Concurrent Mark Try Flush                     0.116 / 0.493         0.081 / 0.493         0.081 / 0.493         0.081 / 0.493       ms
[30.126s][info][gc,stats    ]    Subphase: Concurrent Mark Try Terminate                 1.975 / 7.825         2.530 / 11.551        2.530 / 11.551        2.530 / 11.551      ms
[30.126s][info][gc,stats    ]    Subphase: Concurrent References Enqueue                 0.003 / 0.004         0.004 / 0.006         0.004 / 0.006         0.004 / 0.006       ms
[30.126s][info][gc,stats    ]    Subphase: Concurrent References Process                 0.571 / 0.729         0.702 / 2.468         0.702 / 2.468         0.702 / 2.468       ms
[30.126s][info][gc,stats    ]    Subphase: Concurrent Roots ClassLoaderDataGraph         0.077 / 0.135         0.093 / 0.315         0.093 / 0.315         0.093 / 0.315       ms
[30.126s][info][gc,stats    ]    Subphase: Concurrent Roots CodeCache                    0.000 / 0.000         0.000 / 0.000         0.000 / 0.000         0.000 / 0.000       ms
[30.126s][info][gc,stats    ]    Subphase: Concurrent Roots JavaThreads                  0.238 / 0.444         0.442 / 2.311         0.442 / 2.311         0.442 / 2.311       ms
[30.126s][info][gc,stats    ]    Subphase: Concurrent Roots OopStorageSet                0.016 / 0.022         0.024 / 0.051         0.024 / 0.051         0.024 / 0.051       ms
[30.126s][info][gc,stats    ]    Subphase: Concurrent Weak Roots OopStorageSet           0.544 / 0.638         0.629 / 1.165         0.629 / 1.165         0.629 / 1.165       ms
[30.126s][info][gc,stats    ]    Subphase: Pause Mark Try Complete                       0.000 / 0.000         0.009 / 0.028         0.009 / 0.028         0.009 / 0.028       ms
[30.126s][info][gc,stats    ]      System: Java Threads                                     11 / 11               11 / 12               11 / 12               11 / 12          threads
[30.126s][info][gc,stats    ] =========================================================================================================================================================
[31.457s][info][gc,start    ] GC(10) Garbage Collection (System.gc())
[31.458s][info][gc,task     ] GC(10) Using 2 workers
[31.458s][info][gc,phases   ] GC(10) Pause Mark Start 0.007ms
[31.492s][info][gc,phases   ] GC(10) Concurrent Mark 34.243ms
[31.492s][info][gc,phases   ] GC(10) Pause Mark End 0.027ms
[31.492s][info][gc,phases   ] GC(10) Concurrent Mark Free 0.003ms
[31.513s][info][gc,phases   ] GC(10) Concurrent Process Non-Strong References 20.869ms
[31.513s][info][gc,phases   ] GC(10) Concurrent Reset Relocation Set 0.002ms
[31.515s][info][gc,phases   ] GC(10) Concurrent Select Relocation Set 1.423ms
[31.515s][info][gc,phases   ] GC(10) Pause Relocate Start 0.012ms
[31.516s][info][gc,phases   ] GC(10) Concurrent Relocate 0.979ms
[31.516s][info][gc,load     ] GC(10) Load: 0.00/0.00/0.00
[31.516s][info][gc,mmu      ] GC(10) MMU: 2ms/96.4%, 5ms/98.5%, 10ms/99.2%, 20ms/99.6%, 50ms/99.8%, 100ms/99.9%
[31.516s][info][gc,marking  ] GC(10) Mark: 2 stripe(s), 1 proactive flush(es), 1 terminate flush(es), 0 completion(s), 0 continuation(s) 
[31.516s][info][gc,marking  ] GC(10) Mark Stack Usage: 32M
[31.516s][info][gc,nmethod  ] GC(10) NMethods: 13633 registered, 7645 unregistered
[31.516s][info][gc,metaspace] GC(10) Metaspace: 58M used, 58M committed, 1088M reserved
[31.516s][info][gc,ref      ] GC(10) Soft: 617 encountered, 0 discovered, 0 enqueued
[31.516s][info][gc,ref      ] GC(10) Weak: 6143 encountered, 1146 discovered, 26 enqueued
[31.516s][info][gc,ref      ] GC(10) Final: 0 encountered, 0 discovered, 0 enqueued
[31.516s][info][gc,ref      ] GC(10) Phantom: 79 encountered, 51 discovered, 0 enqueued
[31.516s][info][gc,reloc    ] GC(10) Small Pages: 166 / 332M, Empty: 214M, Relocated: 1M, In-Place: 0
[31.516s][info][gc,reloc    ] GC(10) Medium Pages: 2 / 64M, Empty: 32M, Relocated: 0M, In-Place: 0
[31.516s][info][gc,reloc    ] GC(10) Large Pages: 0 / 0M, Empty: 0M, Relocated: 0M, In-Place: 0
[31.516s][info][gc,reloc    ] GC(10) Forwarding Usage: 0M
[31.516s][info][gc,heap     ] GC(10) Min Capacity: 1024M(100%)
[31.516s][info][gc,heap     ] GC(10) Max Capacity: 1024M(100%)
[31.517s][info][gc,heap     ] GC(10) Soft Max Capacity: 1024M(100%)
[31.517s][info][gc,heap     ] GC(10)                Mark Start          Mark End        Relocate Start      Relocate End           High               Low         
[31.517s][info][gc,heap     ] GC(10)  Capacity:     1024M (100%)       1024M (100%)       1024M (100%)       1024M (100%)       1024M (100%)       1024M (100%)   
[31.517s][info][gc,heap     ] GC(10)      Free:      628M (61%)         628M (61%)         874M (85%)         958M (94%)         958M (94%)         628M (61%)    
[31.517s][info][gc,heap     ] GC(10)      Used:      396M (39%)         396M (39%)         150M (15%)          66M (6%)          396M (39%)          66M (6%)     
[31.517s][info][gc,heap     ] GC(10)      Live:         -                28M (3%)           28M (3%)           28M (3%)             -                  -          
[31.517s][info][gc,heap     ] GC(10) Allocated:         -                 0M (0%)            0M (0%)            1M (0%)             -                  -          
[31.517s][info][gc,heap     ] GC(10)   Garbage:         -               367M (36%)         121M (12%)          35M (3%)             -                  -          
[31.517s][info][gc,heap     ] GC(10) Reclaimed:         -                  -               246M (24%)         331M (32%)            -                  -          
[31.517s][info][gc          ] GC(10) Garbage Collection (System.gc()) 396M(39%)->66M(6%)
[34.112s][info][gc,start    ] GC(11) Garbage Collection (System.gc())
[34.112s][info][gc,task     ] GC(11) Using 2 workers
[34.112s][info][gc,phases   ] GC(11) Pause Mark Start 0.008ms
[34.146s][info][gc,phases   ] GC(11) Concurrent Mark 34.119ms
[34.146s][info][gc,phases   ] GC(11) Pause Mark End 0.023ms
[34.146s][info][gc,phases   ] GC(11) Concurrent Mark Free 0.003ms
[34.166s][info][gc,phases   ] GC(11) Concurrent Process Non-Strong References 19.411ms
[34.166s][info][gc,phases   ] GC(11) Concurrent Reset Relocation Set 0.002ms
[34.167s][info][gc,phases   ] GC(11) Concurrent Select Relocation Set 1.321ms
[34.167s][info][gc,phases   ] GC(11) Pause Relocate Start 0.008ms
[34.169s][info][gc,phases   ] GC(11) Concurrent Relocate 1.984ms
[34.169s][info][gc,load     ] GC(11) Load: 0.00/0.00/0.00
[34.169s][info][gc,mmu      ] GC(11) MMU: 2ms/96.4%, 5ms/98.5%, 10ms/99.2%, 20ms/99.6%, 50ms/99.8%, 100ms/99.9%
[34.169s][info][gc,marking  ] GC(11) Mark: 2 stripe(s), 2 proactive flush(es), 1 terminate flush(es), 0 completion(s), 0 continuation(s) 
[34.169s][info][gc,marking  ] GC(11) Mark Stack Usage: 32M
[34.169s][info][gc,nmethod  ] GC(11) NMethods: 13886 registered, 8134 unregistered
[34.169s][info][gc,metaspace] GC(11) Metaspace: 58M used, 59M committed, 1088M reserved
[34.169s][info][gc,ref      ] GC(11) Soft: 617 encountered, 0 discovered, 0 enqueued
[34.170s][info][gc,ref      ] GC(11) Weak: 6218 encountered, 5557 discovered, 71 enqueued
[34.170s][info][gc,ref      ] GC(11) Final: 0 encountered, 0 discovered, 0 enqueued
[34.170s][info][gc,ref      ] GC(11) Phantom: 79 encountered, 52 discovered, 0 enqueued
[34.170s][info][gc,reloc    ] GC(11) Small Pages: 165 / 330M, Empty: 202M, Relocated: 1M, In-Place: 0
[34.170s][info][gc,reloc    ] GC(11) Medium Pages: 2 / 64M, Empty: 32M, Relocated: 0M, In-Place: 0
[34.170s][info][gc,reloc    ] GC(11) Large Pages: 0 / 0M, Empty: 0M, Relocated: 0M, In-Place: 0
[34.170s][info][gc,reloc    ] GC(11) Forwarding Usage: 0M
[34.170s][info][gc,heap     ] GC(11) Min Capacity: 1024M(100%)
[34.170s][info][gc,heap     ] GC(11) Max Capacity: 1024M(100%)
[34.170s][info][gc,heap     ] GC(11) Soft Max Capacity: 1024M(100%)
[34.170s][info][gc,heap     ] GC(11)                Mark Start          Mark End        Relocate Start      Relocate End           High               Low         
[34.170s][info][gc,heap     ] GC(11)  Capacity:     1024M (100%)       1024M (100%)       1024M (100%)       1024M (100%)       1024M (100%)       1024M (100%)   
[34.170s][info][gc,heap     ] GC(11)      Free:      630M (62%)         630M (62%)         864M (84%)         960M (94%)         960M (94%)         630M (62%)    
[34.170s][info][gc,heap     ] GC(11)      Used:      394M (38%)         394M (38%)         160M (16%)          64M (6%)          394M (38%)          64M (6%)     
[34.170s][info][gc,heap     ] GC(11)      Live:         -                28M (3%)           28M (3%)           28M (3%)             -                  -          
[34.170s][info][gc,heap     ] GC(11) Allocated:         -                 0M (0%)            0M (0%)            0M (0%)             -                  -          
[34.170s][info][gc,heap     ] GC(11)   Garbage:         -               365M (36%)         131M (13%)          35M (3%)             -                  -          
[34.170s][info][gc,heap     ] GC(11) Reclaimed:         -                  -               234M (23%)         330M (32%)            -                  -          
[34.170s][info][gc          ] GC(11) Garbage Collection (System.gc()) 394M(38%)->64M(6%)
[36.612s][info][gc,start    ] GC(12) Garbage Collection (System.gc())
[36.612s][info][gc,task     ] GC(12) Using 2 workers
[36.613s][info][gc,phases   ] GC(12) Pause Mark Start 0.007ms
[36.642s][info][gc,phases   ] GC(12) Concurrent Mark 29.737ms
[36.643s][info][gc,phases   ] GC(12) Pause Mark End 0.025ms
[36.643s][info][gc,phases   ] GC(12) Concurrent Mark Free 0.003ms
[36.664s][info][gc,phases   ] GC(12) Concurrent Process Non-Strong References 20.652ms
[36.664s][info][gc,phases   ] GC(12) Concurrent Reset Relocation Set 0.003ms
[36.665s][info][gc,phases   ] GC(12) Concurrent Select Relocation Set 1.240ms
[36.665s][info][gc,phases   ] GC(12) Pause Relocate Start 0.010ms
[36.667s][info][gc,phases   ] GC(12) Concurrent Relocate 1.758ms
[36.667s][info][gc,load     ] GC(12) Load: 0.00/0.00/0.00
[36.667s][info][gc,mmu      ] GC(12) MMU: 2ms/96.4%, 5ms/98.5%, 10ms/99.2%, 20ms/99.6%, 50ms/99.8%, 100ms/99.9%
[36.667s][info][gc,marking  ] GC(12) Mark: 2 stripe(s), 2 proactive flush(es), 1 terminate flush(es), 0 completion(s), 0 continuation(s) 
[36.667s][info][gc,marking  ] GC(12) Mark Stack Usage: 32M
[36.667s][info][gc,nmethod  ] GC(12) NMethods: 13269 registered, 9439 unregistered
[36.667s][info][gc,metaspace] GC(12) Metaspace: 58M used, 59M committed, 1088M reserved
[36.667s][info][gc,ref      ] GC(12) Soft: 617 encountered, 0 discovered, 0 enqueued
[36.667s][info][gc,ref      ] GC(12) Weak: 6143 encountered, 5530 discovered, 26 enqueued
[36.667s][info][gc,ref      ] GC(12) Final: 0 encountered, 0 discovered, 0 enqueued
[36.667s][info][gc,ref      ] GC(12) Phantom: 79 encountered, 52 discovered, 0 enqueued
[36.667s][info][gc,reloc    ] GC(12) Small Pages: 164 / 328M, Empty: 188M, Relocated: 1M, In-Place: 0
[36.667s][info][gc,reloc    ] GC(12) Medium Pages: 2 / 64M, Empty: 32M, Relocated: 0M, In-Place: 0
[36.667s][info][gc,reloc    ] GC(12) Large Pages: 0 / 0M, Empty: 0M, Relocated: 0M, In-Place: 0
[36.667s][info][gc,reloc    ] GC(12) Forwarding Usage: 0M
[36.667s][info][gc,heap     ] GC(12) Min Capacity: 1024M(100%)
[36.667s][info][gc,heap     ] GC(12) Max Capacity: 1024M(100%)
[36.667s][info][gc,heap     ] GC(12) Soft Max Capacity: 1024M(100%)
[36.667s][info][gc,heap     ] GC(12)                Mark Start          Mark End        Relocate Start      Relocate End           High               Low         
[36.667s][info][gc,heap     ] GC(12)  Capacity:     1024M (100%)       1024M (100%)       1024M (100%)       1024M (100%)       1024M (100%)       1024M (100%)   
[36.667s][info][gc,heap     ] GC(12)      Free:      632M (62%)         632M (62%)         852M (83%)         960M (94%)         960M (94%)         632M (62%)    
[36.667s][info][gc,heap     ] GC(12)      Used:      392M (38%)         392M (38%)         172M (17%)          64M (6%)          392M (38%)          64M (6%)     
[36.667s][info][gc,heap     ] GC(12)      Live:         -                28M (3%)           28M (3%)           28M (3%)             -                  -          
[36.667s][info][gc,heap     ] GC(12) Allocated:         -                 0M (0%)            0M (0%)            0M (0%)             -                  -          
[36.667s][info][gc,heap     ] GC(12)   Garbage:         -               363M (35%)         143M (14%)          35M (3%)             -                  -          
[36.667s][info][gc,heap     ] GC(12) Reclaimed:         -                  -               220M (21%)         328M (32%)            -                  -          
[36.667s][info][gc          ] GC(12) Garbage Collection (System.gc()) 392M(38%)->64M(6%)
[38.936s][info][gc,start    ] GC(13) Garbage Collection (System.gc())
[38.936s][info][gc,task     ] GC(13) Using 2 workers
[38.936s][info][gc,phases   ] GC(13) Pause Mark Start 0.008ms
[38.965s][info][gc,phases   ] GC(13) Concurrent Mark 29.220ms
[38.965s][info][gc,phases   ] GC(13) Pause Mark End 0.026ms
[38.966s][info][gc,phases   ] GC(13) Concurrent Mark Free 0.003ms
[38.985s][info][gc,phases   ] GC(13) Concurrent Process Non-Strong References 18.934ms
[38.985s][info][gc,phases   ] GC(13) Concurrent Reset Relocation Set 0.002ms
[38.986s][info][gc,phases   ] GC(13) Concurrent Select Relocation Set 1.211ms
[38.986s][info][gc,phases   ] GC(13) Pause Relocate Start 0.007ms
[38.987s][info][gc,phases   ] GC(13) Concurrent Relocate 1.097ms
[38.987s][info][gc,load     ] GC(13) Load: 0.00/0.00/0.00
[38.987s][info][gc,mmu      ] GC(13) MMU: 2ms/96.4%, 5ms/98.5%, 10ms/99.2%, 20ms/99.6%, 50ms/99.8%, 100ms/99.9%
[38.987s][info][gc,marking  ] GC(13) Mark: 2 stripe(s), 1 proactive flush(es), 1 terminate flush(es), 0 completion(s), 0 continuation(s) 
[38.987s][info][gc,marking  ] GC(13) Mark Stack Usage: 32M
[38.987s][info][gc,nmethod  ] GC(13) NMethods: 13463 registered, 350 unregistered
[38.987s][info][gc,metaspace] GC(13) Metaspace: 58M used, 59M committed, 1088M reserved
[38.987s][info][gc,ref      ] GC(13) Soft: 617 encountered, 0 discovered, 0 enqueued
[38.987s][info][gc,ref      ] GC(13) Weak: 6218 encountered, 5693 discovered, 71 enqueued
[38.987s][info][gc,ref      ] GC(13) Final: 0 encountered, 0 discovered, 0 enqueued
[38.987s][info][gc,ref      ] GC(13) Phantom: 79 encountered, 59 discovered, 0 enqueued
[38.987s][info][gc,reloc    ] GC(13) Small Pages: 163 / 326M, Empty: 212M, Relocated: 1M, In-Place: 0
[38.987s][info][gc,reloc    ] GC(13) Medium Pages: 2 / 64M, Empty: 32M, Relocated: 0M, In-Place: 0
[38.987s][info][gc,reloc    ] GC(13) Large Pages: 0 / 0M, Empty: 0M, Relocated: 0M, In-Place: 0
[38.987s][info][gc,reloc    ] GC(13) Forwarding Usage: 0M
[38.987s][info][gc,heap     ] GC(13) Min Capacity: 1024M(100%)
[38.987s][info][gc,heap     ] GC(13) Max Capacity: 1024M(100%)
[38.987s][info][gc,heap     ] GC(13) Soft Max Capacity: 1024M(100%)
[38.987s][info][gc,heap     ] GC(13)                Mark Start          Mark End        Relocate Start      Relocate End           High               Low         
[38.987s][info][gc,heap     ] GC(13)  Capacity:     1024M (100%)       1024M (100%)       1024M (100%)       1024M (100%)       1024M (100%)       1024M (100%)   
[38.987s][info][gc,heap     ] GC(13)      Free:      634M (62%)         634M (62%)         878M (86%)         960M (94%)         960M (94%)         634M (62%)    
[38.987s][info][gc,heap     ] GC(13)      Used:      390M (38%)         390M (38%)         146M (14%)          64M (6%)          390M (38%)          64M (6%)     
[38.987s][info][gc,heap     ] GC(13)      Live:         -                28M (3%)           28M (3%)           28M (3%)             -                  -          
[38.987s][info][gc,heap     ] GC(13) Allocated:         -                 0M (0%)            0M (0%)            0M (0%)             -                  -          
[38.987s][info][gc,heap     ] GC(13)   Garbage:         -               361M (35%)         117M (11%)          35M (3%)             -                  -          
[38.987s][info][gc,heap     ] GC(13) Reclaimed:         -                  -               244M (24%)         326M (32%)            -                  -          
[38.987s][info][gc          ] GC(13) Garbage Collection (System.gc()) 390M(38%)->64M(6%)
[40.127s][info][gc,stats    ] === Garbage Collection Statistics =======================================================================================================================
[40.127s][info][gc,stats    ]                                                              Last 10s              Last 10m              Last 10h                Total
[40.127s][info][gc,stats    ]                                                              Avg / Max             Avg / Max             Avg / Max             Avg / Max
[40.127s][info][gc,stats    ]   Collector: Garbage Collection Cycle                     55.573 / 58.705       67.605 / 178.833      67.605 / 178.833      67.605 / 178.833     ms
[40.127s][info][gc,stats    ]  Contention: Mark Segment Reset Contention                     0 / 0                 0 / 2                 0 / 2                 0 / 2           ops/s
[40.127s][info][gc,stats    ]  Contention: Mark SeqNum Reset Contention                      0 / 0                 0 / 0                 0 / 0                 0 / 0           ops/s
[40.127s][info][gc,stats    ]    Critical: Allocation Stall                                  0 / 0                 0 / 0                 0 / 0                 0 / 0           ops/s
[40.127s][info][gc,stats    ]    Critical: Allocation Stall                              0.000 / 0.000         0.000 / 0.000         0.000 / 0.000         0.000 / 0.000       ms
[40.127s][info][gc,stats    ]    Critical: GC Locker Stall                                   0 / 0                 0 / 0                 0 / 0                 0 / 0           ops/s
[40.127s][info][gc,stats    ]    Critical: GC Locker Stall                               0.000 / 0.000         0.000 / 0.000         0.000 / 0.000         0.000 / 0.000       ms
[40.127s][info][gc,stats    ]    Critical: Relocation Stall                                  0 / 0                 0 / 0                 0 / 0                 0 / 0           ops/s
[40.127s][info][gc,stats    ]    Critical: Relocation Stall                              0.000 / 0.000         0.000 / 0.000         0.000 / 0.000         0.000 / 0.000       ms
[40.127s][info][gc,stats    ]      Memory: Allocation Rate                                 132 / 232              92 / 232              92 / 232              92 / 232         MB/s
[40.127s][info][gc,stats    ]      Memory: Defragment                                        0 / 0                 0 / 0                 0 / 0                 0 / 0           ops/s
[40.127s][info][gc,stats    ]      Memory: Out Of Memory                                     0 / 0                 0 / 0                 0 / 0                 0 / 0           ops/s
[40.127s][info][gc,stats    ]      Memory: Page Cache Flush                                  0 / 0                 0 / 0                 0 / 0                 0 / 0           MB/s
[40.127s][info][gc,stats    ]      Memory: Page Cache Hit L1                                61 / 103              37 / 103              37 / 103              37 / 103         ops/s
[40.127s][info][gc,stats    ]      Memory: Page Cache Hit L2                                 0 / 0                 0 / 0                 0 / 0                 0 / 0           ops/s
[40.127s][info][gc,stats    ]      Memory: Page Cache Hit L3                                 0 / 0                 4 / 26                4 / 26                4 / 26          ops/s
[40.127s][info][gc,stats    ]      Memory: Page Cache Miss                                   0 / 0                 0 / 1                 0 / 1                 0 / 1           ops/s
[40.127s][info][gc,stats    ]      Memory: Uncommit                                          0 / 0                 0 / 0                 0 / 0                 0 / 0           MB/s
[40.127s][info][gc,stats    ]      Memory: Undo Object Allocation Failed                     0 / 0                 0 / 0                 0 / 0                 0 / 0           ops/s
[40.127s][info][gc,stats    ]      Memory: Undo Object Allocation Succeeded                  0 / 0                 0 / 2                 0 / 2                 0 / 2           ops/s
[40.127s][info][gc,stats    ]      Memory: Undo Page Allocation                              0 / 0                 0 / 0                 0 / 0                 0 / 0           ops/s
[40.127s][info][gc,stats    ]       Phase: Concurrent Mark                              31.830 / 34.243       40.844 / 125.351      40.844 / 125.351      40.844 / 125.351     ms
[40.127s][info][gc,stats    ]       Phase: Concurrent Mark Continue                      0.000 / 0.000         0.000 / 0.000         0.000 / 0.000         0.000 / 0.000       ms
[40.127s][info][gc,stats    ]       Phase: Concurrent Mark Free                          0.003 / 0.003         0.002 / 0.003         0.002 / 0.003         0.002 / 0.003       ms
[40.127s][info][gc,stats    ]       Phase: Concurrent Process Non-Strong References     19.967 / 20.869       16.749 / 24.445       16.749 / 24.445       16.749 / 24.445      ms
[40.127s][info][gc,stats    ]       Phase: Concurrent Relocate                           1.455 / 1.984         5.240 / 20.770        5.240 / 20.770        5.240 / 20.770      ms
[40.127s][info][gc,stats    ]       Phase: Concurrent Reset Relocation Set               0.002 / 0.003         0.003 / 0.007         0.003 / 0.007         0.003 / 0.007       ms
[40.127s][info][gc,stats    ]       Phase: Concurrent Select Relocation Set              1.299 / 1.423         2.368 / 5.504         2.368 / 5.504         2.368 / 5.504       ms
[40.127s][info][gc,stats    ]       Phase: Pause Mark End                                0.025 / 0.027         0.034 / 0.071         0.034 / 0.071         0.034 / 0.071       ms
[40.127s][info][gc,stats    ]       Phase: Pause Mark Start                              0.008 / 0.008         0.009 / 0.018         0.009 / 0.018         0.009 / 0.018       ms
[40.128s][info][gc,stats    ]       Phase: Pause Relocate Start                          0.009 / 0.012         0.011 / 0.017         0.011 / 0.017         0.011 / 0.017       ms
[40.128s][info][gc,stats    ]    Subphase: Concurrent Classes Purge                      1.563 / 2.043         1.421 / 2.425         1.421 / 2.425         1.421 / 2.425       ms
[40.128s][info][gc,stats    ]    Subphase: Concurrent Classes Unlink                    16.895 / 17.470       13.024 / 18.610       13.024 / 18.610       13.024 / 18.610      ms
[40.128s][info][gc,stats    ]    Subphase: Concurrent Mark                              25.112 / 33.855       35.816 / 123.883      35.816 / 123.883      35.816 / 123.883     ms
[40.128s][info][gc,stats    ]    Subphase: Concurrent Mark Try Flush                     0.089 / 0.156         0.083 / 0.493         0.083 / 0.493         0.083 / 0.493       ms
[40.128s][info][gc,stats    ]    Subphase: Concurrent Mark Try Terminate                 4.406 / 16.396        3.066 / 16.396        3.066 / 16.396        3.066 / 16.396      ms
[40.128s][info][gc,stats    ]    Subphase: Concurrent References Enqueue                 0.003 / 0.004         0.004 / 0.006         0.004 / 0.006         0.004 / 0.006       ms
[40.128s][info][gc,stats    ]    Subphase: Concurrent References Process                 0.690 / 0.927         0.699 / 2.468         0.699 / 2.468         0.699 / 2.468       ms
[40.128s][info][gc,stats    ]    Subphase: Concurrent Roots ClassLoaderDataGraph         0.075 / 0.174         0.088 / 0.315         0.088 / 0.315         0.088 / 0.315       ms
[40.128s][info][gc,stats    ]    Subphase: Concurrent Roots CodeCache                    0.000 / 0.000         0.000 / 0.000         0.000 / 0.000         0.000 / 0.000       ms
[40.128s][info][gc,stats    ]    Subphase: Concurrent Roots JavaThreads                  0.194 / 0.352         0.371 / 2.311         0.371 / 2.311         0.371 / 2.311       ms
[40.128s][info][gc,stats    ]    Subphase: Concurrent Roots OopStorageSet                0.013 / 0.021         0.021 / 0.051         0.021 / 0.051         0.021 / 0.051       ms
[40.128s][info][gc,stats    ]    Subphase: Concurrent Weak Roots OopStorageSet           0.614 / 0.802         0.625 / 1.165         0.625 / 1.165         0.625 / 1.165       ms
[40.128s][info][gc,stats    ]    Subphase: Pause Mark Try Complete                       0.000 / 0.000         0.009 / 0.028         0.009 / 0.028         0.009 / 0.028       ms
[40.128s][info][gc,stats    ]      System: Java Threads                                     11 / 12               11 / 12               11 / 12               11 / 12          threads
[40.128s][info][gc,stats    ] =========================================================================================================================================================
[41.256s][info][gc,start    ] GC(14) Garbage Collection (System.gc())
[41.256s][info][gc,task     ] GC(14) Using 2 workers
[41.257s][info][gc,phases   ] GC(14) Pause Mark Start 0.010ms
[41.290s][info][gc,phases   ] GC(14) Concurrent Mark 33.425ms
[41.290s][info][gc,phases   ] GC(14) Pause Mark End 0.025ms
[41.290s][info][gc,phases   ] GC(14) Concurrent Mark Free 0.002ms
[41.311s][info][gc,phases   ] GC(14) Concurrent Process Non-Strong References 20.550ms
[41.311s][info][gc,phases   ] GC(14) Concurrent Reset Relocation Set 0.003ms
[41.312s][info][gc,phases   ] GC(14) Concurrent Select Relocation Set 1.288ms
[41.313s][info][gc,phases   ] GC(14) Pause Relocate Start 0.012ms
[41.314s][info][gc,phases   ] GC(14) Concurrent Relocate 1.802ms
[41.315s][info][gc,load     ] GC(14) Load: 0.00/0.00/0.00
[41.315s][info][gc,mmu      ] GC(14) MMU: 2ms/96.4%, 5ms/98.5%, 10ms/99.2%, 20ms/99.6%, 50ms/99.8%, 100ms/99.9%
[41.315s][info][gc,marking  ] GC(14) Mark: 2 stripe(s), 2 proactive flush(es), 1 terminate flush(es), 0 completion(s), 0 continuation(s) 
[41.315s][info][gc,marking  ] GC(14) Mark Stack Usage: 32M
[41.315s][info][gc,nmethod  ] GC(14) NMethods: 12690 registered, 1615 unregistered
[41.315s][info][gc,metaspace] GC(14) Metaspace: 59M used, 59M committed, 1088M reserved
[41.315s][info][gc,ref      ] GC(14) Soft: 617 encountered, 0 discovered, 0 enqueued
[41.315s][info][gc,ref      ] GC(14) Weak: 6143 encountered, 5438 discovered, 26 enqueued
[41.315s][info][gc,ref      ] GC(14) Final: 0 encountered, 0 discovered, 0 enqueued
[41.315s][info][gc,ref      ] GC(14) Phantom: 79 encountered, 40 discovered, 0 enqueued
[41.315s][info][gc,reloc    ] GC(14) Small Pages: 162 / 324M, Empty: 214M, Relocated: 1M, In-Place: 0
[41.315s][info][gc,reloc    ] GC(14) Medium Pages: 2 / 64M, Empty: 32M, Relocated: 0M, In-Place: 0
[41.315s][info][gc,reloc    ] GC(14) Large Pages: 0 / 0M, Empty: 0M, Relocated: 0M, In-Place: 0
[41.315s][info][gc,reloc    ] GC(14) Forwarding Usage: 0M
[41.315s][info][gc,heap     ] GC(14) Min Capacity: 1024M(100%)
[41.315s][info][gc,heap     ] GC(14) Max Capacity: 1024M(100%)
[41.315s][info][gc,heap     ] GC(14) Soft Max Capacity: 1024M(100%)
[41.315s][info][gc,heap     ] GC(14)                Mark Start          Mark End        Relocate Start      Relocate End           High               Low         
[41.315s][info][gc,heap     ] GC(14)  Capacity:     1024M (100%)       1024M (100%)       1024M (100%)       1024M (100%)       1024M (100%)       1024M (100%)   
[41.315s][info][gc,heap     ] GC(14)      Free:      636M (62%)         636M (62%)         882M (86%)         960M (94%)         960M (94%)         636M (62%)    
[41.315s][info][gc,heap     ] GC(14)      Used:      388M (38%)         388M (38%)         142M (14%)          64M (6%)          388M (38%)          64M (6%)     
[41.315s][info][gc,heap     ] GC(14)      Live:         -                28M (3%)           28M (3%)           28M (3%)             -                  -          
[41.315s][info][gc,heap     ] GC(14) Allocated:         -                 0M (0%)            0M (0%)            0M (0%)             -                  -          
[41.315s][info][gc,heap     ] GC(14)   Garbage:         -               359M (35%)         113M (11%)          35M (3%)             -                  -          
[41.315s][info][gc,heap     ] GC(14) Reclaimed:         -                  -               246M (24%)         324M (32%)            -                  -          
[41.315s][info][gc          ] GC(14) Garbage Collection (System.gc()) 388M(38%)->64M(6%)
[43.436s][info][gc,start    ] GC(15) Garbage Collection (System.gc())
[43.436s][info][gc,task     ] GC(15) Using 2 workers
[43.436s][info][gc,phases   ] GC(15) Pause Mark Start 0.009ms
[43.458s][info][gc,phases   ] GC(15) Concurrent Mark 21.396ms
[43.458s][info][gc,phases   ] GC(15) Pause Mark End 0.031ms
[43.458s][info][gc,phases   ] GC(15) Concurrent Mark Free 0.003ms
[43.476s][info][gc,phases   ] GC(15) Concurrent Process Non-Strong References 18.421ms
[43.476s][info][gc,phases   ] GC(15) Concurrent Reset Relocation Set 0.002ms
[43.478s][info][gc,phases   ] GC(15) Concurrent Select Relocation Set 1.515ms
[43.478s][info][gc,phases   ] GC(15) Pause Relocate Start 0.012ms
[43.480s][info][gc,phases   ] GC(15) Concurrent Relocate 1.501ms
[43.480s][info][gc,load     ] GC(15) Load: 0.00/0.00/0.00
[43.480s][info][gc,mmu      ] GC(15) MMU: 2ms/96.4%, 5ms/98.5%, 10ms/99.2%, 20ms/99.6%, 50ms/99.8%, 100ms/99.9%
[43.480s][info][gc,marking  ] GC(15) Mark: 2 stripe(s), 2 proactive flush(es), 1 terminate flush(es), 0 completion(s), 0 continuation(s) 
[43.480s][info][gc,marking  ] GC(15) Mark Stack Usage: 32M
[43.480s][info][gc,nmethod  ] GC(15) NMethods: 12799 registered, 1952 unregistered
[43.480s][info][gc,metaspace] GC(15) Metaspace: 59M used, 59M committed, 1088M reserved
[43.480s][info][gc,ref      ] GC(15) Soft: 617 encountered, 0 discovered, 0 enqueued
[43.480s][info][gc,ref      ] GC(15) Weak: 6218 encountered, 1602 discovered, 71 enqueued
[43.480s][info][gc,ref      ] GC(15) Final: 0 encountered, 0 discovered, 0 enqueued
[43.480s][info][gc,ref      ] GC(15) Phantom: 79 encountered, 46 discovered, 0 enqueued
[43.480s][info][gc,reloc    ] GC(15) Small Pages: 162 / 324M, Empty: 206M, Relocated: 1M, In-Place: 0
[43.480s][info][gc,reloc    ] GC(15) Medium Pages: 2 / 64M, Empty: 32M, Relocated: 0M, In-Place: 0
[43.480s][info][gc,reloc    ] GC(15) Large Pages: 0 / 0M, Empty: 0M, Relocated: 0M, In-Place: 0
[43.480s][info][gc,reloc    ] GC(15) Forwarding Usage: 0M
[43.480s][info][gc,heap     ] GC(15) Min Capacity: 1024M(100%)
[43.480s][info][gc,heap     ] GC(15) Max Capacity: 1024M(100%)
[43.480s][info][gc,heap     ] GC(15) Soft Max Capacity: 1024M(100%)
[43.480s][info][gc,heap     ] GC(15)                Mark Start          Mark End        Relocate Start      Relocate End           High               Low         
[43.480s][info][gc,heap     ] GC(15)  Capacity:     1024M (100%)       1024M (100%)       1024M (100%)       1024M (100%)       1024M (100%)       1024M (100%)   
[43.480s][info][gc,heap     ] GC(15)      Free:      636M (62%)         636M (62%)         874M (85%)         960M (94%)         960M (94%)         636M (62%)    
[43.480s][info][gc,heap     ] GC(15)      Used:      388M (38%)         388M (38%)         150M (15%)          64M (6%)          388M (38%)          64M (6%)     
[43.480s][info][gc,heap     ] GC(15)      Live:         -                28M (3%)           28M (3%)           28M (3%)             -                  -          
[43.480s][info][gc,heap     ] GC(15) Allocated:         -                 0M (0%)            0M (0%)            0M (0%)             -                  -          
[43.480s][info][gc,heap     ] GC(15)   Garbage:         -               359M (35%)         121M (12%)          35M (3%)             -                  -          
[43.480s][info][gc,heap     ] GC(15) Reclaimed:         -                  -               238M (23%)         324M (32%)            -                  -          
[43.480s][info][gc          ] GC(15) Garbage Collection (System.gc()) 388M(38%)->64M(6%)
[45.602s][info][gc,start    ] GC(16) Garbage Collection (System.gc())
[45.603s][info][gc,task     ] GC(16) Using 2 workers
[45.603s][info][gc,phases   ] GC(16) Pause Mark Start 0.010ms
[45.624s][info][gc,phases   ] GC(16) Concurrent Mark 21.322ms
[45.624s][info][gc,phases   ] GC(16) Pause Mark End 0.027ms
[45.624s][info][gc,phases   ] GC(16) Concurrent Mark Free 0.002ms
[45.645s][info][gc,phases   ] GC(16) Concurrent Process Non-Strong References 20.445ms
[45.645s][info][gc,phases   ] GC(16) Concurrent Reset Relocation Set 0.003ms
[45.646s][info][gc,phases   ] GC(16) Concurrent Select Relocation Set 1.378ms
[45.646s][info][gc,phases   ] GC(16) Pause Relocate Start 0.012ms
[45.648s][info][gc,phases   ] GC(16) Concurrent Relocate 1.352ms
[45.648s][info][gc,load     ] GC(16) Load: 0.00/0.00/0.00
[45.648s][info][gc,mmu      ] GC(16) MMU: 2ms/96.4%, 5ms/98.5%, 10ms/99.2%, 20ms/99.6%, 50ms/99.8%, 100ms/99.9%
[45.648s][info][gc,marking  ] GC(16) Mark: 2 stripe(s), 2 proactive flush(es), 1 terminate flush(es), 0 completion(s), 0 continuation(s) 
[45.648s][info][gc,marking  ] GC(16) Mark Stack Usage: 32M
[45.648s][info][gc,nmethod  ] GC(16) NMethods: 11512 registered, 3719 unregistered
[45.648s][info][gc,metaspace] GC(16) Metaspace: 59M used, 59M committed, 1088M reserved
[45.648s][info][gc,ref      ] GC(16) Soft: 617 encountered, 0 discovered, 0 enqueued
[45.648s][info][gc,ref      ] GC(16) Weak: 6143 encountered, 785 discovered, 26 enqueued
[45.648s][info][gc,ref      ] GC(16) Final: 0 encountered, 0 discovered, 0 enqueued
[45.648s][info][gc,ref      ] GC(16) Phantom: 79 encountered, 47 discovered, 0 enqueued
[45.648s][info][gc,reloc    ] GC(16) Small Pages: 162 / 324M, Empty: 202M, Relocated: 1M, In-Place: 0
[45.648s][info][gc,reloc    ] GC(16) Medium Pages: 2 / 64M, Empty: 32M, Relocated: 0M, In-Place: 0
[45.648s][info][gc,reloc    ] GC(16) Large Pages: 0 / 0M, Empty: 0M, Relocated: 0M, In-Place: 0
[45.648s][info][gc,reloc    ] GC(16) Forwarding Usage: 0M
[45.648s][info][gc,heap     ] GC(16) Min Capacity: 1024M(100%)
[45.648s][info][gc,heap     ] GC(16) Max Capacity: 1024M(100%)
[45.648s][info][gc,heap     ] GC(16) Soft Max Capacity: 1024M(100%)
[45.648s][info][gc,heap     ] GC(16)                Mark Start          Mark End        Relocate Start      Relocate End           High               Low         
[45.648s][info][gc,heap     ] GC(16)  Capacity:     1024M (100%)       1024M (100%)       1024M (100%)       1024M (100%)       1024M (100%)       1024M (100%)   
[45.648s][info][gc,heap     ] GC(16)      Free:      636M (62%)         636M (62%)         870M (85%)         960M (94%)         960M (94%)         636M (62%)    
[45.648s][info][gc,heap     ] GC(16)      Used:      388M (38%)         388M (38%)         154M (15%)          64M (6%)          388M (38%)          64M (6%)     
[45.648s][info][gc,heap     ] GC(16)      Live:         -                28M (3%)           28M (3%)           28M (3%)             -                  -          
[45.648s][info][gc,heap     ] GC(16) Allocated:         -                 0M (0%)            0M (0%)            0M (0%)             -                  -          
[45.648s][info][gc,heap     ] GC(16)   Garbage:         -               359M (35%)         125M (12%)          35M (3%)             -                  -          
[45.648s][info][gc,heap     ] GC(16) Reclaimed:         -                  -               234M (23%)         324M (32%)            -                  -          
[45.648s][info][gc          ] GC(16) Garbage Collection (System.gc()) 388M(38%)->64M(6%)
[47.692s][info][gc,start    ] GC(17) Garbage Collection (System.gc())
[47.692s][info][gc,task     ] GC(17) Using 2 workers
[47.692s][info][gc,phases   ] GC(17) Pause Mark Start 0.010ms
[47.711s][info][gc,phases   ] GC(17) Concurrent Mark 19.686ms
[47.712s][info][gc,phases   ] GC(17) Pause Mark End 0.011ms
[47.712s][info][gc,phases   ] GC(17) Concurrent Mark Free 0.002ms
[47.730s][info][gc,phases   ] GC(17) Concurrent Process Non-Strong References 18.009ms
[47.730s][info][gc,phases   ] GC(17) Concurrent Reset Relocation Set 0.002ms
[47.731s][info][gc,phases   ] GC(17) Concurrent Select Relocation Set 1.171ms
[47.731s][info][gc,phases   ] GC(17) Pause Relocate Start 0.008ms
[47.732s][info][gc,phases   ] GC(17) Concurrent Relocate 0.870ms
[47.732s][info][gc,load     ] GC(17) Load: 0.00/0.00/0.00
[47.732s][info][gc,mmu      ] GC(17) MMU: 2ms/96.4%, 5ms/98.5%, 10ms/99.2%, 20ms/99.6%, 50ms/99.8%, 100ms/99.9%
[47.732s][info][gc,marking  ] GC(17) Mark: 2 stripe(s), 1 proactive flush(es), 1 terminate flush(es), 0 completion(s), 0 continuation(s) 
[47.732s][info][gc,marking  ] GC(17) Mark Stack Usage: 32M
[47.732s][info][gc,nmethod  ] GC(17) NMethods: 11629 registered, 3949 unregistered
[47.732s][info][gc,metaspace] GC(17) Metaspace: 59M used, 59M committed, 1088M reserved
[47.732s][info][gc,ref      ] GC(17) Soft: 617 encountered, 0 discovered, 0 enqueued
[47.732s][info][gc,ref      ] GC(17) Weak: 6218 encountered, 1778 discovered, 71 enqueued
[47.732s][info][gc,ref      ] GC(17) Final: 0 encountered, 0 discovered, 0 enqueued
[47.732s][info][gc,ref      ] GC(17) Phantom: 79 encountered, 53 discovered, 0 enqueued
[47.732s][info][gc,reloc    ] GC(17) Small Pages: 161 / 322M, Empty: 224M, Relocated: 1M, In-Place: 0
[47.732s][info][gc,reloc    ] GC(17) Medium Pages: 2 / 64M, Empty: 32M, Relocated: 0M, In-Place: 0
[47.732s][info][gc,reloc    ] GC(17) Large Pages: 0 / 0M, Empty: 0M, Relocated: 0M, In-Place: 0
[47.732s][info][gc,reloc    ] GC(17) Forwarding Usage: 0M
[47.732s][info][gc,heap     ] GC(17) Min Capacity: 1024M(100%)
[47.732s][info][gc,heap     ] GC(17) Max Capacity: 1024M(100%)
[47.732s][info][gc,heap     ] GC(17) Soft Max Capacity: 1024M(100%)
[47.732s][info][gc,heap     ] GC(17)                Mark Start          Mark End        Relocate Start      Relocate End           High               Low         
[47.732s][info][gc,heap     ] GC(17)  Capacity:     1024M (100%)       1024M (100%)       1024M (100%)       1024M (100%)       1024M (100%)       1024M (100%)   
[47.732s][info][gc,heap     ] GC(17)      Free:      638M (62%)         638M (62%)         894M (87%)         960M (94%)         960M (94%)         638M (62%)    
[47.732s][info][gc,heap     ] GC(17)      Used:      386M (38%)         386M (38%)         130M (13%)          64M (6%)          386M (38%)          64M (6%)     
[47.732s][info][gc,heap     ] GC(17)      Live:         -                28M (3%)           28M (3%)           28M (3%)             -                  -          
[47.732s][info][gc,heap     ] GC(17) Allocated:         -                 0M (0%)            0M (0%)            0M (0%)             -                  -          
[47.732s][info][gc,heap     ] GC(17)   Garbage:         -               357M (35%)         101M (10%)          35M (3%)             -                  -          
[47.732s][info][gc,heap     ] GC(17) Reclaimed:         -                  -               256M (25%)         322M (31%)            -                  -          
[47.732s][info][gc          ] GC(17) Garbage Collection (System.gc()) 386M(38%)->64M(6%)
[49.786s][info][gc,start    ] GC(18) Garbage Collection (System.gc())
[49.786s][info][gc,task     ] GC(18) Using 2 workers
[49.786s][info][gc,phases   ] GC(18) Pause Mark Start 0.008ms
[49.817s][info][gc,phases   ] GC(18) Concurrent Mark 30.305ms
[49.817s][info][gc,phases   ] GC(18) Pause Mark End 0.028ms
[49.817s][info][gc,phases   ] GC(18) Concurrent Mark Free 0.003ms
[49.836s][info][gc,phases   ] GC(18) Concurrent Process Non-Strong References 18.450ms
[49.836s][info][gc,phases   ] GC(18) Concurrent Reset Relocation Set 0.002ms
[49.837s][info][gc,phases   ] GC(18) Concurrent Select Relocation Set 1.217ms
[49.837s][info][gc,phases   ] GC(18) Pause Relocate Start 0.007ms
[49.838s][info][gc,phases   ] GC(18) Concurrent Relocate 0.900ms
[49.838s][info][gc,load     ] GC(18) Load: 0.00/0.00/0.00
[49.838s][info][gc,mmu      ] GC(18) MMU: 2ms/96.4%, 5ms/98.5%, 10ms/99.2%, 20ms/99.6%, 50ms/99.8%, 100ms/99.9%
[49.838s][info][gc,marking  ] GC(18) Mark: 2 stripe(s), 1 proactive flush(es), 1 terminate flush(es), 0 completion(s), 0 continuation(s) 
[49.838s][info][gc,marking  ] GC(18) Mark Stack Usage: 32M
[49.838s][info][gc,nmethod  ] GC(18) NMethods: 11716 registered, 4137 unregistered
[49.838s][info][gc,metaspace] GC(18) Metaspace: 59M used, 59M committed, 1088M reserved
[49.838s][info][gc,ref      ] GC(18) Soft: 617 encountered, 0 discovered, 0 enqueued
[49.838s][info][gc,ref      ] GC(18) Weak: 6143 encountered, 42 discovered, 26 enqueued
[49.838s][info][gc,ref      ] GC(18) Final: 0 encountered, 0 discovered, 0 enqueued
[49.838s][info][gc,ref      ] GC(18) Phantom: 79 encountered, 57 discovered, 0 enqueued
[49.838s][info][gc,reloc    ] GC(18) Small Pages: 161 / 322M, Empty: 238M, Relocated: 1M, In-Place: 0
[49.838s][info][gc,reloc    ] GC(18) Medium Pages: 2 / 64M, Empty: 32M, Relocated: 0M, In-Place: 0
[49.838s][info][gc,reloc    ] GC(18) Large Pages: 0 / 0M, Empty: 0M, Relocated: 0M, In-Place: 0
[49.838s][info][gc,reloc    ] GC(18) Forwarding Usage: 0M
[49.838s][info][gc,heap     ] GC(18) Min Capacity: 1024M(100%)
[49.838s][info][gc,heap     ] GC(18) Max Capacity: 1024M(100%)
[49.838s][info][gc,heap     ] GC(18) Soft Max Capacity: 1024M(100%)
[49.838s][info][gc,heap     ] GC(18)                Mark Start          Mark End        Relocate Start      Relocate End           High               Low         
[49.838s][info][gc,heap     ] GC(18)  Capacity:     1024M (100%)       1024M (100%)       1024M (100%)       1024M (100%)       1024M (100%)       1024M (100%)   
[49.838s][info][gc,heap     ] GC(18)      Free:      638M (62%)         638M (62%)         908M (89%)         960M (94%)         960M (94%)         638M (62%)    
[49.838s][info][gc,heap     ] GC(18)      Used:      386M (38%)         386M (38%)         116M (11%)          64M (6%)          386M (38%)          64M (6%)     
[49.838s][info][gc,heap     ] GC(18)      Live:         -                28M (3%)           28M (3%)           28M (3%)             -                  -          
[49.838s][info][gc,heap     ] GC(18) Allocated:         -                 0M (0%)            0M (0%)            0M (0%)             -                  -          
[49.838s][info][gc,heap     ] GC(18)   Garbage:         -               357M (35%)          87M (9%)           35M (3%)             -                  -          
[49.838s][info][gc,heap     ] GC(18) Reclaimed:         -                  -               270M (26%)         322M (31%)            -                  -          
[49.838s][info][gc          ] GC(18) Garbage Collection (System.gc()) 386M(38%)->64M(6%)
[50.130s][info][gc,stats    ] === Garbage Collection Statistics =======================================================================================================================
[50.130s][info][gc,stats    ]                                                              Last 10s              Last 10m              Last 10h                Total
[50.130s][info][gc,stats    ]                                                              Avg / Max             Avg / Max             Avg / Max             Avg / Max
[50.130s][info][gc,stats    ]   Collector: Garbage Collection Cycle                     47.903 / 58.102       62.420 / 178.833      62.420 / 178.833      62.420 / 178.833     ms
[50.130s][info][gc,stats    ]  Contention: Mark Segment Reset Contention                     0 / 0                 0 / 2                 0 / 2                 0 / 2           ops/s
[50.130s][info][gc,stats    ]  Contention: Mark SeqNum Reset Contention                      0 / 0                 0 / 0                 0 / 0                 0 / 0           ops/s
[50.130s][info][gc,stats    ]    Critical: Allocation Stall                                  0 / 0                 0 / 0                 0 / 0                 0 / 0           ops/s
[50.130s][info][gc,stats    ]    Critical: Allocation Stall                              0.000 / 0.000         0.000 / 0.000         0.000 / 0.000         0.000 / 0.000       ms
[50.130s][info][gc,stats    ]    Critical: GC Locker Stall                                   0 / 0                 0 / 0                 0 / 0                 0 / 0           ops/s
[50.130s][info][gc,stats    ]    Critical: GC Locker Stall                               0.000 / 0.000         0.000 / 0.000         0.000 / 0.000         0.000 / 0.000       ms
[50.130s][info][gc,stats    ]    Critical: Relocation Stall                                  0 / 0                 0 / 0                 0 / 0                 0 / 0           ops/s
[50.130s][info][gc,stats    ]    Critical: Relocation Stall                              0.000 / 0.000         0.000 / 0.000         0.000 / 0.000         0.000 / 0.000       ms
[50.131s][info][gc,stats    ]      Memory: Allocation Rate                                 145 / 240             102 / 240             102 / 240             102 / 240         MB/s
[50.131s][info][gc,stats    ]      Memory: Defragment                                        0 / 0                 0 / 0                 0 / 0                 0 / 0           ops/s
[50.131s][info][gc,stats    ]      Memory: Out Of Memory                                     0 / 0                 0 / 0                 0 / 0                 0 / 0           ops/s
[50.131s][info][gc,stats    ]      Memory: Page Cache Flush                                  0 / 0                 0 / 0                 0 / 0                 0 / 0           MB/s
[50.131s][info][gc,stats    ]      Memory: Page Cache Hit L1                                66 / 107              43 / 107              43 / 107              43 / 107         ops/s
[50.131s][info][gc,stats    ]      Memory: Page Cache Hit L2                                 0 / 0                 0 / 0                 0 / 0                 0 / 0           ops/s
[50.131s][info][gc,stats    ]      Memory: Page Cache Hit L3                                 0 / 0                 3 / 26                3 / 26                3 / 26          ops/s
[50.131s][info][gc,stats    ]      Memory: Page Cache Miss                                   0 / 0                 0 / 1                 0 / 1                 0 / 1           ops/s
[50.131s][info][gc,stats    ]      Memory: Uncommit                                          0 / 0                 0 / 0                 0 / 0                 0 / 0           MB/s
[50.131s][info][gc,stats    ]      Memory: Undo Object Allocation Failed                     0 / 0                 0 / 0                 0 / 0                 0 / 0           ops/s
[50.131s][info][gc,stats    ]      Memory: Undo Object Allocation Succeeded                  0 / 0                 0 / 2                 0 / 2                 0 / 2           ops/s
[50.131s][info][gc,stats    ]      Memory: Undo Page Allocation                              0 / 0                 0 / 0                 0 / 0                 0 / 0           ops/s
[50.131s][info][gc,stats    ]       Phase: Concurrent Mark                              25.227 / 33.425       36.735 / 125.351      36.735 / 125.351      36.735 / 125.351     ms
[50.131s][info][gc,stats    ]       Phase: Concurrent Mark Continue                      0.000 / 0.000         0.000 / 0.000         0.000 / 0.000         0.000 / 0.000       ms
[50.131s][info][gc,stats    ]       Phase: Concurrent Mark Free                          0.002 / 0.003         0.002 / 0.003         0.002 / 0.003         0.002 / 0.003       ms
[50.131s][info][gc,stats    ]       Phase: Concurrent Process Non-Strong References     19.175 / 20.550       17.388 / 24.445       17.388 / 24.445       17.388 / 24.445      ms
[50.131s][info][gc,stats    ]       Phase: Concurrent Relocate                           1.285 / 1.802         4.200 / 20.770        4.200 / 20.770        4.200 / 20.770      ms
[50.131s][info][gc,stats    ]       Phase: Concurrent Reset Relocation Set               0.002 / 0.003         0.003 / 0.007         0.003 / 0.007         0.003 / 0.007       ms
[50.131s][info][gc,stats    ]       Phase: Concurrent Select Relocation Set              1.314 / 1.515         2.090 / 5.504         2.090 / 5.504         2.090 / 5.504       ms
[50.131s][info][gc,stats    ]       Phase: Pause Mark End                                0.024 / 0.031         0.031 / 0.071         0.031 / 0.071         0.031 / 0.071       ms
[50.131s][info][gc,stats    ]       Phase: Pause Mark Start                              0.009 / 0.010         0.009 / 0.018         0.009 / 0.018         0.009 / 0.018       ms
[50.131s][info][gc,stats    ]       Phase: Pause Relocate Start                          0.010 / 0.012         0.010 / 0.017         0.010 / 0.017         0.010 / 0.017       ms
[50.131s][info][gc,stats    ]    Subphase: Concurrent Classes Purge                      1.559 / 2.572         1.457 / 2.572         1.457 / 2.572         1.457 / 2.572       ms
[50.131s][info][gc,stats    ]    Subphase: Concurrent Classes Unlink                    16.435 / 16.926       13.922 / 18.610       13.922 / 18.610       13.922 / 18.610      ms
[50.131s][info][gc,stats    ]    Subphase: Concurrent Mark                              22.347 / 32.848       32.272 / 123.883      32.272 / 123.883      32.272 / 123.883     ms
[50.131s][info][gc,stats    ]    Subphase: Concurrent Mark Try Flush                     0.093 / 0.240         0.086 / 0.493         0.086 / 0.493         0.086 / 0.493       ms
[50.131s][info][gc,stats    ]    Subphase: Concurrent Mark Try Terminate                 2.660 / 12.306        2.954 / 16.396        2.954 / 16.396        2.954 / 16.396      ms
[50.131s][info][gc,stats    ]    Subphase: Concurrent References Enqueue                 0.004 / 0.006         0.004 / 0.006         0.004 / 0.006         0.004 / 0.006       ms
[50.131s][info][gc,stats    ]    Subphase: Concurrent References Process                 0.320 / 0.654         0.599 / 2.468         0.599 / 2.468         0.599 / 2.468       ms
[50.131s][info][gc,stats    ]    Subphase: Concurrent Roots ClassLoaderDataGraph         0.086 / 0.174         0.088 / 0.315         0.088 / 0.315         0.088 / 0.315       ms
[50.131s][info][gc,stats    ]    Subphase: Concurrent Roots CodeCache                    0.000 / 0.000         0.000 / 0.000         0.000 / 0.000         0.000 / 0.000       ms
[50.131s][info][gc,stats    ]    Subphase: Concurrent Roots JavaThreads                  0.227 / 0.428         0.333 / 2.311         0.333 / 2.311         0.333 / 2.311       ms
[50.131s][info][gc,stats    ]    Subphase: Concurrent Roots OopStorageSet                0.015 / 0.026         0.019 / 0.051         0.019 / 0.051         0.019 / 0.051       ms
[50.131s][info][gc,stats    ]    Subphase: Concurrent Weak Roots OopStorageSet           0.629 / 0.776         0.626 / 1.165         0.626 / 1.165         0.626 / 1.165       ms
[50.131s][info][gc,stats    ]    Subphase: Pause Mark Try Complete                       0.000 / 0.000         0.009 / 0.028         0.009 / 0.028         0.009 / 0.028       ms
[50.131s][info][gc,stats    ]      System: Java Threads                                     11 / 11               11 / 12               11 / 12               11 / 12          threads
[50.131s][info][gc,stats    ] =========================================================================================================================================================
[51.834s][info][gc,start    ] GC(19) Garbage Collection (System.gc())
[51.834s][info][gc,task     ] GC(19) Using 2 workers
[51.834s][info][gc,phases   ] GC(19) Pause Mark Start 0.008ms
[51.858s][info][gc,phases   ] GC(19) Concurrent Mark 23.767ms
[51.858s][info][gc,phases   ] GC(19) Pause Mark End 0.026ms
[51.858s][info][gc,phases   ] GC(19) Concurrent Mark Free 0.003ms
[51.876s][info][gc,phases   ] GC(19) Concurrent Process Non-Strong References 17.064ms
[51.876s][info][gc,phases   ] GC(19) Concurrent Reset Relocation Set 0.001ms
[51.877s][info][gc,phases   ] GC(19) Concurrent Select Relocation Set 1.218ms
[51.877s][info][gc,phases   ] GC(19) Pause Relocate Start 0.008ms
[51.878s][info][gc,phases   ] GC(19) Concurrent Relocate 1.098ms
[51.878s][info][gc,load     ] GC(19) Load: 0.00/0.00/0.00
[51.878s][info][gc,mmu      ] GC(19) MMU: 2ms/96.4%, 5ms/98.5%, 10ms/99.2%, 20ms/99.6%, 50ms/99.8%, 100ms/99.9%
[51.878s][info][gc,marking  ] GC(19) Mark: 2 stripe(s), 1 proactive flush(es), 1 terminate flush(es), 0 completion(s), 0 continuation(s) 
[51.878s][info][gc,marking  ] GC(19) Mark Stack Usage: 32M
[51.878s][info][gc,nmethod  ] GC(19) NMethods: 11815 registered, 4302 unregistered
[51.878s][info][gc,metaspace] GC(19) Metaspace: 59M used, 59M committed, 1088M reserved
[51.878s][info][gc,ref      ] GC(19) Soft: 617 encountered, 0 discovered, 0 enqueued
[51.878s][info][gc,ref      ] GC(19) Weak: 6218 encountered, 1219 discovered, 71 enqueued
[51.878s][info][gc,ref      ] GC(19) Final: 0 encountered, 0 discovered, 0 enqueued
[51.878s][info][gc,ref      ] GC(19) Phantom: 79 encountered, 40 discovered, 0 enqueued
[51.878s][info][gc,reloc    ] GC(19) Small Pages: 160 / 320M, Empty: 232M, Relocated: 1M, In-Place: 0
[51.878s][info][gc,reloc    ] GC(19) Medium Pages: 2 / 64M, Empty: 32M, Relocated: 0M, In-Place: 0
[51.878s][info][gc,reloc    ] GC(19) Large Pages: 0 / 0M, Empty: 0M, Relocated: 0M, In-Place: 0
[51.878s][info][gc,reloc    ] GC(19) Forwarding Usage: 0M
[51.878s][info][gc,heap     ] GC(19) Min Capacity: 1024M(100%)
[51.878s][info][gc,heap     ] GC(19) Max Capacity: 1024M(100%)
[51.878s][info][gc,heap     ] GC(19) Soft Max Capacity: 1024M(100%)
[51.878s][info][gc,heap     ] GC(19)                Mark Start          Mark End        Relocate Start      Relocate End           High               Low         
[51.878s][info][gc,heap     ] GC(19)  Capacity:     1024M (100%)       1024M (100%)       1024M (100%)       1024M (100%)       1024M (100%)       1024M (100%)   
[51.878s][info][gc,heap     ] GC(19)      Free:      640M (62%)         640M (62%)         904M (88%)         960M (94%)         960M (94%)         640M (62%)    
[51.878s][info][gc,heap     ] GC(19)      Used:      384M (38%)         384M (38%)         120M (12%)          64M (6%)          384M (38%)          64M (6%)     
[51.878s][info][gc,heap     ] GC(19)      Live:         -                28M (3%)           28M (3%)           28M (3%)             -                  -          
[51.878s][info][gc,heap     ] GC(19) Allocated:         -                 0M (0%)            0M (0%)            0M (0%)             -                  -          
[51.878s][info][gc,heap     ] GC(19)   Garbage:         -               355M (35%)          91M (9%)           35M (3%)             -                  -          
[51.878s][info][gc,heap     ] GC(19) Reclaimed:         -                  -               264M (26%)         320M (31%)            -                  -          
[51.878s][info][gc          ] GC(19) Garbage Collection (System.gc()) 384M(38%)->64M(6%)
[53.870s][info][gc,start    ] GC(20) Garbage Collection (System.gc())
[53.870s][info][gc,task     ] GC(20) Using 2 workers
[53.870s][info][gc,phases   ] GC(20) Pause Mark Start 0.009ms
[53.899s][info][gc,phases   ] GC(20) Concurrent Mark 29.164ms
[53.900s][info][gc,phases   ] GC(20) Pause Mark End 0.025ms
[53.900s][info][gc,phases   ] GC(20) Concurrent Mark Free 0.003ms
[53.917s][info][gc,phases   ] GC(20) Concurrent Process Non-Strong References 17.541ms
[53.917s][info][gc,phases   ] GC(20) Concurrent Reset Relocation Set 0.003ms
[53.919s][info][gc,phases   ] GC(20) Concurrent Select Relocation Set 1.344ms
[53.919s][info][gc,phases   ] GC(20) Pause Relocate Start 0.007ms
[53.920s][info][gc,phases   ] GC(20) Concurrent Relocate 1.117ms
[53.920s][info][gc,load     ] GC(20) Load: 0.00/0.00/0.00
[53.920s][info][gc,mmu      ] GC(20) MMU: 2ms/96.4%, 5ms/98.5%, 10ms/99.2%, 20ms/99.6%, 50ms/99.8%, 100ms/99.9%
[53.920s][info][gc,marking  ] GC(20) Mark: 2 stripe(s), 1 proactive flush(es), 1 terminate flush(es), 0 completion(s), 0 continuation(s) 
[53.920s][info][gc,marking  ] GC(20) Mark Stack Usage: 32M
[53.920s][info][gc,nmethod  ] GC(20) NMethods: 11930 registered, 4469 unregistered
[53.920s][info][gc,metaspace] GC(20) Metaspace: 59M used, 59M committed, 1088M reserved
[53.920s][info][gc,ref      ] GC(20) Soft: 617 encountered, 0 discovered, 0 enqueued
[53.920s][info][gc,ref      ] GC(20) Weak: 6143 encountered, 167 discovered, 26 enqueued
[53.920s][info][gc,ref      ] GC(20) Final: 0 encountered, 0 discovered, 0 enqueued
[53.920s][info][gc,ref      ] GC(20) Phantom: 79 encountered, 38 discovered, 0 enqueued
[53.920s][info][gc,reloc    ] GC(20) Small Pages: 160 / 320M, Empty: 236M, Relocated: 1M, In-Place: 0
[53.920s][info][gc,reloc    ] GC(20) Medium Pages: 2 / 64M, Empty: 32M, Relocated: 0M, In-Place: 0
[53.920s][info][gc,reloc    ] GC(20) Large Pages: 0 / 0M, Empty: 0M, Relocated: 0M, In-Place: 0
[53.920s][info][gc,reloc    ] GC(20) Forwarding Usage: 0M
[53.920s][info][gc,heap     ] GC(20) Min Capacity: 1024M(100%)
[53.920s][info][gc,heap     ] GC(20) Max Capacity: 1024M(100%)
[53.920s][info][gc,heap     ] GC(20) Soft Max Capacity: 1024M(100%)
[53.920s][info][gc,heap     ] GC(20)                Mark Start          Mark End        Relocate Start      Relocate End           High               Low         
[53.920s][info][gc,heap     ] GC(20)  Capacity:     1024M (100%)       1024M (100%)       1024M (100%)       1024M (100%)       1024M (100%)       1024M (100%)   
[53.920s][info][gc,heap     ] GC(20)      Free:      640M (62%)         640M (62%)         908M (89%)         960M (94%)         960M (94%)         640M (62%)    
[53.920s][info][gc,heap     ] GC(20)      Used:      384M (38%)         384M (38%)         116M (11%)          64M (6%)          384M (38%)          64M (6%)     
[53.920s][info][gc,heap     ] GC(20)      Live:         -                28M (3%)           28M (3%)           28M (3%)             -                  -          
[53.920s][info][gc,heap     ] GC(20) Allocated:         -                 0M (0%)            0M (0%)            0M (0%)             -                  -          
[53.920s][info][gc,heap     ] GC(20)   Garbage:         -               355M (35%)          87M (9%)           35M (3%)             -                  -          
[53.920s][info][gc,heap     ] GC(20) Reclaimed:         -                  -               268M (26%)         320M (31%)            -                  -          
[53.920s][info][gc          ] GC(20) Garbage Collection (System.gc()) 384M(38%)->64M(6%)
[55.911s][info][gc,start    ] GC(21) Garbage Collection (System.gc())
[55.911s][info][gc,task     ] GC(21) Using 2 workers
[55.911s][info][gc,phases   ] GC(21) Pause Mark Start 0.007ms
[55.942s][info][gc,phases   ] GC(21) Concurrent Mark 30.672ms
[55.942s][info][gc,phases   ] GC(21) Pause Mark End 0.027ms
[55.942s][info][gc,phases   ] GC(21) Concurrent Mark Free 0.003ms
[55.959s][info][gc,phases   ] GC(21) Concurrent Process Non-Strong References 16.589ms
[55.959s][info][gc,phases   ] GC(21) Concurrent Reset Relocation Set 0.015ms
[55.960s][info][gc,phases   ] GC(21) Concurrent Select Relocation Set 1.204ms
[55.960s][info][gc,phases   ] GC(21) Pause Relocate Start 0.007ms
[55.962s][info][gc,phases   ] GC(21) Concurrent Relocate 1.551ms
[55.962s][info][gc,load     ] GC(21) Load: 0.00/0.00/0.00
[55.962s][info][gc,mmu      ] GC(21) MMU: 2ms/96.4%, 5ms/98.5%, 10ms/99.2%, 20ms/99.6%, 50ms/99.8%, 100ms/99.9%
[55.962s][info][gc,marking  ] GC(21) Mark: 2 stripe(s), 2 proactive flush(es), 1 terminate flush(es), 0 completion(s), 0 continuation(s) 
[55.962s][info][gc,marking  ] GC(21) Mark Stack Usage: 32M
[55.962s][info][gc,nmethod  ] GC(21) NMethods: 11963 registered, 4586 unregistered
[55.962s][info][gc,metaspace] GC(21) Metaspace: 59M used, 59M committed, 1088M reserved
[55.962s][info][gc,ref      ] GC(21) Soft: 617 encountered, 0 discovered, 0 enqueued
[55.962s][info][gc,ref      ] GC(21) Weak: 6218 encountered, 1673 discovered, 71 enqueued
[55.962s][info][gc,ref      ] GC(21) Final: 0 encountered, 0 discovered, 0 enqueued
[55.962s][info][gc,ref      ] GC(21) Phantom: 79 encountered, 50 discovered, 0 enqueued
[55.962s][info][gc,reloc    ] GC(21) Small Pages: 161 / 322M, Empty: 242M, Relocated: 1M, In-Place: 0
[55.962s][info][gc,reloc    ] GC(21) Medium Pages: 2 / 64M, Empty: 32M, Relocated: 0M, In-Place: 0
[55.962s][info][gc,reloc    ] GC(21) Large Pages: 0 / 0M, Empty: 0M, Relocated: 0M, In-Place: 0
[55.962s][info][gc,reloc    ] GC(21) Forwarding Usage: 0M
[55.962s][info][gc,heap     ] GC(21) Min Capacity: 1024M(100%)
[55.962s][info][gc,heap     ] GC(21) Max Capacity: 1024M(100%)
[55.962s][info][gc,heap     ] GC(21) Soft Max Capacity: 1024M(100%)
[55.962s][info][gc,heap     ] GC(21)                Mark Start          Mark End        Relocate Start      Relocate End           High               Low         
[55.962s][info][gc,heap     ] GC(21)  Capacity:     1024M (100%)       1024M (100%)       1024M (100%)       1024M (100%)       1024M (100%)       1024M (100%)   
[55.962s][info][gc,heap     ] GC(21)      Free:      638M (62%)         638M (62%)         912M (89%)         960M (94%)         960M (94%)         638M (62%)    
[55.962s][info][gc,heap     ] GC(21)      Used:      386M (38%)         386M (38%)         112M (11%)          64M (6%)          386M (38%)          64M (6%)     
[55.962s][info][gc,heap     ] GC(21)      Live:         -                28M (3%)           28M (3%)           28M (3%)             -                  -          
[55.962s][info][gc,heap     ] GC(21) Allocated:         -                 0M (0%)            0M (0%)            0M (0%)             -                  -          
[55.962s][info][gc,heap     ] GC(21)   Garbage:         -               357M (35%)          83M (8%)           35M (3%)             -                  -          
[55.962s][info][gc,heap     ] GC(21) Reclaimed:         -                  -               274M (27%)         322M (31%)            -                  -          
[55.962s][info][gc          ] GC(21) Garbage Collection (System.gc()) 386M(38%)->64M(6%)
[57.915s][info][gc,start    ] GC(22) Garbage Collection (System.gc())
[57.915s][info][gc,task     ] GC(22) Using 2 workers
[57.915s][info][gc,phases   ] GC(22) Pause Mark Start 0.008ms
[57.937s][info][gc,phases   ] GC(22) Concurrent Mark 21.980ms
[57.937s][info][gc,phases   ] GC(22) Pause Mark End 0.018ms
[57.937s][info][gc,phases   ] GC(22) Concurrent Mark Free 0.002ms
[57.955s][info][gc,phases   ] GC(22) Concurrent Process Non-Strong References 17.324ms
[57.955s][info][gc,phases   ] GC(22) Concurrent Reset Relocation Set 0.002ms
[57.956s][info][gc,phases   ] GC(22) Concurrent Select Relocation Set 1.360ms
[57.956s][info][gc,phases   ] GC(22) Pause Relocate Start 0.007ms
[57.958s][info][gc,phases   ] GC(22) Concurrent Relocate 1.442ms
[57.958s][info][gc,load     ] GC(22) Load: 0.00/0.00/0.00
[57.958s][info][gc,mmu      ] GC(22) MMU: 2ms/96.4%, 5ms/98.5%, 10ms/99.2%, 20ms/99.6%, 50ms/99.8%, 100ms/99.9%
[57.958s][info][gc,marking  ] GC(22) Mark: 2 stripe(s), 2 proactive flush(es), 1 terminate flush(es), 0 completion(s), 0 continuation(s) 
[57.958s][info][gc,marking  ] GC(22) Mark Stack Usage: 32M
[57.958s][info][gc,nmethod  ] GC(22) NMethods: 12123 registered, 4735 unregistered
[57.958s][info][gc,metaspace] GC(22) Metaspace: 59M used, 60M committed, 1088M reserved
[57.958s][info][gc,ref      ] GC(22) Soft: 617 encountered, 0 discovered, 0 enqueued
[57.958s][info][gc,ref      ] GC(22) Weak: 6143 encountered, 5472 discovered, 26 enqueued
[57.958s][info][gc,ref      ] GC(22) Final: 0 encountered, 0 discovered, 0 enqueued
[57.958s][info][gc,ref      ] GC(22) Phantom: 79 encountered, 52 discovered, 0 enqueued
[57.958s][info][gc,reloc    ] GC(22) Small Pages: 160 / 320M, Empty: 230M, Relocated: 1M, In-Place: 0
[57.958s][info][gc,reloc    ] GC(22) Medium Pages: 2 / 64M, Empty: 32M, Relocated: 0M, In-Place: 0
[57.958s][info][gc,reloc    ] GC(22) Large Pages: 0 / 0M, Empty: 0M, Relocated: 0M, In-Place: 0
[57.958s][info][gc,reloc    ] GC(22) Forwarding Usage: 0M
[57.958s][info][gc,heap     ] GC(22) Min Capacity: 1024M(100%)
[57.958s][info][gc,heap     ] GC(22) Max Capacity: 1024M(100%)
[57.958s][info][gc,heap     ] GC(22) Soft Max Capacity: 1024M(100%)
[57.958s][info][gc,heap     ] GC(22)                Mark Start          Mark End        Relocate Start      Relocate End           High               Low         
[57.958s][info][gc,heap     ] GC(22)  Capacity:     1024M (100%)       1024M (100%)       1024M (100%)       1024M (100%)       1024M (100%)       1024M (100%)   
[57.958s][info][gc,heap     ] GC(22)      Free:      640M (62%)         640M (62%)         902M (88%)         960M (94%)         960M (94%)         640M (62%)    
[57.958s][info][gc,heap     ] GC(22)      Used:      384M (38%)         384M (38%)         122M (12%)          64M (6%)          384M (38%)          64M (6%)     
[57.958s][info][gc,heap     ] GC(22)      Live:         -                28M (3%)           28M (3%)           28M (3%)             -                  -          
[57.958s][info][gc,heap     ] GC(22) Allocated:         -                 0M (0%)            0M (0%)            0M (0%)             -                  -          
[57.958s][info][gc,heap     ] GC(22)   Garbage:         -               355M (35%)          93M (9%)           35M (3%)             -                  -          
[57.958s][info][gc,heap     ] GC(22) Reclaimed:         -                  -               262M (26%)         320M (31%)            -                  -          
[57.958s][info][gc          ] GC(22) Garbage Collection (System.gc()) 384M(38%)->64M(6%)
[59.878s][info][gc,start    ] GC(23) Garbage Collection (System.gc())
[59.878s][info][gc,task     ] GC(23) Using 2 workers
[59.878s][info][gc,phases   ] GC(23) Pause Mark Start 0.009ms
[59.914s][info][gc,phases   ] GC(23) Concurrent Mark 36.271ms
[59.915s][info][gc,phases   ] GC(23) Pause Mark End 0.034ms
[59.915s][info][gc,phases   ] GC(23) Concurrent Mark Free 0.002ms
[59.931s][info][gc,phases   ] GC(23) Concurrent Process Non-Strong References 16.607ms
[59.931s][info][gc,phases   ] GC(23) Concurrent Reset Relocation Set 0.001ms
[59.933s][info][gc,phases   ] GC(23) Concurrent Select Relocation Set 1.185ms
[59.933s][info][gc,phases   ] GC(23) Pause Relocate Start 0.008ms
[59.934s][info][gc,phases   ] GC(23) Concurrent Relocate 1.144ms
[59.934s][info][gc,load     ] GC(23) Load: 0.00/0.00/0.00
[59.934s][info][gc,mmu      ] GC(23) MMU: 2ms/96.4%, 5ms/98.5%, 10ms/99.2%, 20ms/99.6%, 50ms/99.8%, 100ms/99.9%
[59.934s][info][gc,marking  ] GC(23) Mark: 2 stripe(s), 2 proactive flush(es), 1 terminate flush(es), 0 completion(s), 0 continuation(s) 
[59.934s][info][gc,marking  ] GC(23) Mark Stack Usage: 32M
[59.934s][info][gc,nmethod  ] GC(23) NMethods: 12219 registered, 4836 unregistered
[59.934s][info][gc,metaspace] GC(23) Metaspace: 59M used, 60M committed, 1088M reserved
[59.934s][info][gc,ref      ] GC(23) Soft: 617 encountered, 0 discovered, 0 enqueued
[59.934s][info][gc,ref      ] GC(23) Weak: 6218 encountered, 830 discovered, 71 enqueued
[59.934s][info][gc,ref      ] GC(23) Final: 0 encountered, 0 discovered, 0 enqueued
[59.934s][info][gc,ref      ] GC(23) Phantom: 79 encountered, 48 discovered, 0 enqueued
[59.934s][info][gc,reloc    ] GC(23) Small Pages: 160 / 320M, Empty: 236M, Relocated: 1M, In-Place: 0
[59.934s][info][gc,reloc    ] GC(23) Medium Pages: 2 / 64M, Empty: 32M, Relocated: 0M, In-Place: 0
[59.934s][info][gc,reloc    ] GC(23) Large Pages: 0 / 0M, Empty: 0M, Relocated: 0M, In-Place: 0
[59.934s][info][gc,reloc    ] GC(23) Forwarding Usage: 0M
[59.934s][info][gc,heap     ] GC(23) Min Capacity: 1024M(100%)
[59.934s][info][gc,heap     ] GC(23) Max Capacity: 1024M(100%)
[59.934s][info][gc,heap     ] GC(23) Soft Max Capacity: 1024M(100%)
[59.934s][info][gc,heap     ] GC(23)                Mark Start          Mark End        Relocate Start      Relocate End           High               Low         
[59.934s][info][gc,heap     ] GC(23)  Capacity:     1024M (100%)       1024M (100%)       1024M (100%)       1024M (100%)       1024M (100%)       1024M (100%)   
[59.934s][info][gc,heap     ] GC(23)      Free:      640M (62%)         640M (62%)         908M (89%)         960M (94%)         960M (94%)         640M (62%)    
[59.934s][info][gc,heap     ] GC(23)      Used:      384M (38%)         384M (38%)         116M (11%)          64M (6%)          384M (38%)          64M (6%)     
[59.934s][info][gc,heap     ] GC(23)      Live:         -                28M (3%)           28M (3%)           28M (3%)             -                  -          
[59.934s][info][gc,heap     ] GC(23) Allocated:         -                 0M (0%)            0M (0%)            0M (0%)             -                  -          
[59.934s][info][gc,heap     ] GC(23)   Garbage:         -               355M (35%)          87M (9%)           35M (3%)             -                  -          
[59.934s][info][gc,heap     ] GC(23) Reclaimed:         -                  -               268M (26%)         320M (31%)            -                  -          
[59.934s][info][gc          ] GC(23) Garbage Collection (System.gc()) 384M(38%)->64M(6%)
[60.134s][info][gc,stats    ] === Garbage Collection Statistics =======================================================================================================================
[60.134s][info][gc,stats    ]                                                              Last 10s              Last 10m              Last 10h                Total
[60.134s][info][gc,stats    ]                                                              Avg / Max             Avg / Max             Avg / Max             Avg / Max
[60.134s][info][gc,stats    ]   Collector: Garbage Collection Cycle                     48.806 / 56.145       59.584 / 178.833      59.584 / 178.833      59.584 / 178.833     ms
[60.134s][info][gc,stats    ]  Contention: Mark Segment Reset Contention                     0 / 0                 0 / 2                 0 / 2                 0 / 2           ops/s
[60.134s][info][gc,stats    ]  Contention: Mark SeqNum Reset Contention                      0 / 1                 0 / 1                 0 / 1                 0 / 1           ops/s
[60.134s][info][gc,stats    ]    Critical: Allocation Stall                                  0 / 0                 0 / 0                 0 / 0                 0 / 0           ops/s
[60.134s][info][gc,stats    ]    Critical: Allocation Stall                              0.000 / 0.000         0.000 / 0.000         0.000 / 0.000         0.000 / 0.000       ms
[60.134s][info][gc,stats    ]    Critical: GC Locker Stall                                   0 / 0                 0 / 0                 0 / 0                 0 / 0           ops/s
[60.134s][info][gc,stats    ]    Critical: GC Locker Stall                               0.000 / 0.000         0.000 / 0.000         0.000 / 0.000         0.000 / 0.000       ms
[60.134s][info][gc,stats    ]    Critical: Relocation Stall                                  0 / 0                 0 / 0                 0 / 0                 0 / 0           ops/s
[60.134s][info][gc,stats    ]    Critical: Relocation Stall                              0.000 / 0.000         0.000 / 0.000         0.000 / 0.000         0.000 / 0.000       ms
[60.134s][info][gc,stats    ]      Memory: Allocation Rate                                 158 / 230             112 / 240             112 / 240             112 / 240         MB/s
[60.134s][info][gc,stats    ]      Memory: Defragment                                        0 / 0                 0 / 0                 0 / 0                 0 / 0           ops/s
[60.134s][info][gc,stats    ]      Memory: Out Of Memory                                     0 / 0                 0 / 0                 0 / 0                 0 / 0           ops/s
[60.134s][info][gc,stats    ]      Memory: Page Cache Flush                                  0 / 0                 0 / 0                 0 / 0                 0 / 0           MB/s
[60.134s][info][gc,stats    ]      Memory: Page Cache Hit L1                                72 / 115              48 / 115              48 / 115              48 / 115         ops/s
[60.134s][info][gc,stats    ]      Memory: Page Cache Hit L2                                 0 / 0                 0 / 0                 0 / 0                 0 / 0           ops/s
[60.134s][info][gc,stats    ]      Memory: Page Cache Hit L3                                 0 / 0                 3 / 26                3 / 26                3 / 26          ops/s
[60.135s][info][gc,stats    ]      Memory: Page Cache Miss                                   0 / 0                 0 / 1                 0 / 1                 0 / 1           ops/s
[60.135s][info][gc,stats    ]      Memory: Uncommit                                          0 / 0                 0 / 0                 0 / 0                 0 / 0           MB/s
[60.135s][info][gc,stats    ]      Memory: Undo Object Allocation Failed                     0 / 0                 0 / 0                 0 / 0                 0 / 0           ops/s
[60.135s][info][gc,stats    ]      Memory: Undo Object Allocation Succeeded                  0 / 0                 0 / 2                 0 / 2                 0 / 2           ops/s
[60.135s][info][gc,stats    ]      Memory: Undo Page Allocation                              0 / 0                 0 / 0                 0 / 0                 0 / 0           ops/s
[60.135s][info][gc,stats    ]       Phase: Concurrent Mark                              28.370 / 36.271       34.992 / 125.351      34.992 / 125.351      34.992 / 125.351     ms
[60.135s][info][gc,stats    ]       Phase: Concurrent Mark Continue                      0.000 / 0.000         0.000 / 0.000         0.000 / 0.000         0.000 / 0.000       ms
[60.135s][info][gc,stats    ]       Phase: Concurrent Mark Free                          0.003 / 0.003         0.002 / 0.003         0.002 / 0.003         0.002 / 0.003       ms
[60.135s][info][gc,stats    ]       Phase: Concurrent Process Non-Strong References     17.025 / 17.541       17.312 / 24.445       17.312 / 24.445       17.312 / 24.445      ms
[60.135s][info][gc,stats    ]       Phase: Concurrent Relocate                           1.270 / 1.551         3.589 / 20.770        3.589 / 20.770        3.589 / 20.770      ms
[60.135s][info][gc,stats    ]       Phase: Concurrent Reset Relocation Set               0.005 / 0.015         0.003 / 0.015         0.003 / 0.015         0.003 / 0.015       ms
[60.135s][info][gc,stats    ]       Phase: Concurrent Select Relocation Set              1.262 / 1.360         1.918 / 5.504         1.918 / 5.504         1.918 / 5.504       ms
[60.135s][info][gc,stats    ]       Phase: Pause Mark End                                0.026 / 0.034         0.030 / 0.071         0.030 / 0.071         0.030 / 0.071       ms
[60.135s][info][gc,stats    ]       Phase: Pause Mark Start                              0.008 / 0.009         0.009 / 0.018         0.009 / 0.018         0.009 / 0.018       ms
[60.135s][info][gc,stats    ]       Phase: Pause Relocate Start                          0.007 / 0.008         0.010 / 0.017         0.010 / 0.017         0.010 / 0.017       ms
[60.135s][info][gc,stats    ]    Subphase: Concurrent Classes Purge                      0.508 / 0.752         1.260 / 2.572         1.260 / 2.572         1.260 / 2.572       ms
[60.135s][info][gc,stats    ]    Subphase: Concurrent Classes Unlink                    15.276 / 15.752       14.204 / 18.610       14.204 / 18.610       14.204 / 18.610      ms
[60.135s][info][gc,stats    ]    Subphase: Concurrent Mark                              23.726 / 35.828       30.491 / 123.883      30.491 / 123.883      30.491 / 123.883     ms
[60.135s][info][gc,stats    ]    Subphase: Concurrent Mark Try Flush                     0.069 / 0.164         0.082 / 0.493         0.082 / 0.493         0.082 / 0.493       ms
[60.135s][info][gc,stats    ]    Subphase: Concurrent Mark Try Terminate                 2.997 / 14.594        2.963 / 16.396        2.963 / 16.396        2.963 / 16.396      ms
[60.135s][info][gc,stats    ]    Subphase: Concurrent References Enqueue                 0.004 / 0.006         0.004 / 0.006         0.004 / 0.006         0.004 / 0.006       ms
[60.135s][info][gc,stats    ]    Subphase: Concurrent References Process                 0.358 / 0.708         0.549 / 2.468         0.549 / 2.468         0.549 / 2.468       ms
[60.135s][info][gc,stats    ]    Subphase: Concurrent Roots ClassLoaderDataGraph         0.088 / 0.180         0.088 / 0.315         0.088 / 0.315         0.088 / 0.315       ms
[60.135s][info][gc,stats    ]    Subphase: Concurrent Roots CodeCache                    0.000 / 0.000         0.000 / 0.000         0.000 / 0.000         0.000 / 0.000       ms
[60.135s][info][gc,stats    ]    Subphase: Concurrent Roots JavaThreads                  0.192 / 0.362         0.304 / 2.311         0.304 / 2.311         0.304 / 2.311       ms
[60.135s][info][gc,stats    ]    Subphase: Concurrent Roots OopStorageSet                0.015 / 0.022         0.018 / 0.051         0.018 / 0.051         0.018 / 0.051       ms
[60.135s][info][gc,stats    ]    Subphase: Concurrent Weak Roots OopStorageSet           0.687 / 0.903         0.639 / 1.165         0.639 / 1.165         0.639 / 1.165       ms
[60.135s][info][gc,stats    ]    Subphase: Pause Mark Try Complete                       0.000 / 0.000         0.009 / 0.028         0.009 / 0.028         0.009 / 0.028       ms
[60.135s][info][gc,stats    ]      System: Java Threads                                     11 / 11               11 / 12               11 / 12               11 / 12          threads
[60.135s][info][gc,stats    ] =========================================================================================================================================================
[61.859s][info][gc,start    ] GC(24) Garbage Collection (System.gc())
[61.859s][info][gc,task     ] GC(24) Using 2 workers
[61.859s][info][gc,phases   ] GC(24) Pause Mark Start 0.009ms
[61.893s][info][gc,phases   ] GC(24) Concurrent Mark 33.398ms
[61.893s][info][gc,phases   ] GC(24) Pause Mark End 0.028ms
[61.893s][info][gc,phases   ] GC(24) Concurrent Mark Free 0.003ms
[61.912s][info][gc,phases   ] GC(24) Concurrent Process Non-Strong References 18.647ms
[61.912s][info][gc,phases   ] GC(24) Concurrent Reset Relocation Set 0.003ms
[61.913s][info][gc,phases   ] GC(24) Concurrent Select Relocation Set 1.310ms
[61.913s][info][gc,phases   ] GC(24) Pause Relocate Start 0.008ms
[61.915s][info][gc,phases   ] GC(24) Concurrent Relocate 1.107ms
[61.915s][info][gc,load     ] GC(24) Load: 0.00/0.00/0.00
[61.915s][info][gc,mmu      ] GC(24) MMU: 2ms/96.4%, 5ms/98.5%, 10ms/99.2%, 20ms/99.6%, 50ms/99.8%, 100ms/99.9%
[61.915s][info][gc,marking  ] GC(24) Mark: 2 stripe(s), 2 proactive flush(es), 1 terminate flush(es), 0 completion(s), 0 continuation(s) 
[61.915s][info][gc,marking  ] GC(24) Mark Stack Usage: 32M
[61.915s][info][gc,nmethod  ] GC(24) NMethods: 12288 registered, 4930 unregistered
[61.915s][info][gc,metaspace] GC(24) Metaspace: 59M used, 60M committed, 1088M reserved
[61.915s][info][gc,ref      ] GC(24) Soft: 617 encountered, 0 discovered, 0 enqueued
[61.915s][info][gc,ref      ] GC(24) Weak: 6143 encountered, 165 discovered, 26 enqueued
[61.915s][info][gc,ref      ] GC(24) Final: 0 encountered, 0 discovered, 0 enqueued
[61.915s][info][gc,ref      ] GC(24) Phantom: 79 encountered, 53 discovered, 0 enqueued
[61.915s][info][gc,reloc    ] GC(24) Small Pages: 159 / 318M, Empty: 244M, Relocated: 1M, In-Place: 0
[61.915s][info][gc,reloc    ] GC(24) Medium Pages: 2 / 64M, Empty: 32M, Relocated: 0M, In-Place: 0
[61.915s][info][gc,reloc    ] GC(24) Large Pages: 0 / 0M, Empty: 0M, Relocated: 0M, In-Place: 0
[61.915s][info][gc,reloc    ] GC(24) Forwarding Usage: 0M
[61.915s][info][gc,heap     ] GC(24) Min Capacity: 1024M(100%)
[61.915s][info][gc,heap     ] GC(24) Max Capacity: 1024M(100%)
[61.915s][info][gc,heap     ] GC(24) Soft Max Capacity: 1024M(100%)
[61.915s][info][gc,heap     ] GC(24)                Mark Start          Mark End        Relocate Start      Relocate End           High               Low         
[61.915s][info][gc,heap     ] GC(24)  Capacity:     1024M (100%)       1024M (100%)       1024M (100%)       1024M (100%)       1024M (100%)       1024M (100%)   
[61.915s][info][gc,heap     ] GC(24)      Free:      642M (63%)         642M (63%)         918M (90%)         960M (94%)         960M (94%)         642M (63%)    
[61.915s][info][gc,heap     ] GC(24)      Used:      382M (37%)         382M (37%)         106M (10%)          64M (6%)          382M (37%)          64M (6%)     
[61.915s][info][gc,heap     ] GC(24)      Live:         -                28M (3%)           28M (3%)           28M (3%)             -                  -          
[61.915s][info][gc,heap     ] GC(24) Allocated:         -                 0M (0%)            0M (0%)            0M (0%)             -                  -          
[61.915s][info][gc,heap     ] GC(24)   Garbage:         -               353M (34%)          77M (8%)           35M (3%)             -                  -          
[61.915s][info][gc,heap     ] GC(24) Reclaimed:         -                  -               276M (27%)         318M (31%)            -                  -          
[61.915s][info][gc          ] GC(24) Garbage Collection (System.gc()) 382M(37%)->64M(6%)
[63.832s][info][gc,start    ] GC(25) Garbage Collection (System.gc())
[63.832s][info][gc,task     ] GC(25) Using 2 workers
[63.832s][info][gc,phases   ] GC(25) Pause Mark Start 0.008ms
[63.856s][info][gc,phases   ] GC(25) Concurrent Mark 23.757ms
[63.856s][info][gc,phases   ] GC(25) Pause Mark End 0.025ms
[63.856s][info][gc,phases   ] GC(25) Concurrent Mark Free 0.003ms
[63.874s][info][gc,phases   ] GC(25) Concurrent Process Non-Strong References 17.309ms
[63.874s][info][gc,phases   ] GC(25) Concurrent Reset Relocation Set 0.002ms
[63.875s][info][gc,phases   ] GC(25) Concurrent Select Relocation Set 1.207ms
[63.875s][info][gc,phases   ] GC(25) Pause Relocate Start 0.007ms
[63.876s][info][gc,phases   ] GC(25) Concurrent Relocate 1.115ms
[63.876s][info][gc,load     ] GC(25) Load: 0.00/0.00/0.00
[63.876s][info][gc,mmu      ] GC(25) MMU: 2ms/96.4%, 5ms/98.5%, 10ms/99.2%, 20ms/99.6%, 50ms/99.8%, 100ms/99.9%
[63.876s][info][gc,marking  ] GC(25) Mark: 2 stripe(s), 1 proactive flush(es), 1 terminate flush(es), 0 completion(s), 0 continuation(s) 
[63.876s][info][gc,marking  ] GC(25) Mark Stack Usage: 32M
[63.876s][info][gc,nmethod  ] GC(25) NMethods: 12323 registered, 5028 unregistered
[63.876s][info][gc,metaspace] GC(25) Metaspace: 59M used, 60M committed, 1088M reserved
[63.876s][info][gc,ref      ] GC(25) Soft: 617 encountered, 0 discovered, 0 enqueued
[63.876s][info][gc,ref      ] GC(25) Weak: 6218 encountered, 186 discovered, 71 enqueued
[63.876s][info][gc,ref      ] GC(25) Final: 0 encountered, 0 discovered, 0 enqueued
[63.876s][info][gc,ref      ] GC(25) Phantom: 79 encountered, 56 discovered, 0 enqueued
[63.876s][info][gc,reloc    ] GC(25) Small Pages: 161 / 322M, Empty: 238M, Relocated: 1M, In-Place: 0
[63.876s][info][gc,reloc    ] GC(25) Medium Pages: 2 / 64M, Empty: 32M, Relocated: 0M, In-Place: 0
[63.876s][info][gc,reloc    ] GC(25) Large Pages: 0 / 0M, Empty: 0M, Relocated: 0M, In-Place: 0
[63.876s][info][gc,reloc    ] GC(25) Forwarding Usage: 0M
[63.876s][info][gc,heap     ] GC(25) Min Capacity: 1024M(100%)
[63.876s][info][gc,heap     ] GC(25) Max Capacity: 1024M(100%)
[63.876s][info][gc,heap     ] GC(25) Soft Max Capacity: 1024M(100%)
[63.876s][info][gc,heap     ] GC(25)                Mark Start          Mark End        Relocate Start      Relocate End           High               Low         
[63.877s][info][gc,heap     ] GC(25)  Capacity:     1024M (100%)       1024M (100%)       1024M (100%)       1024M (100%)       1024M (100%)       1024M (100%)   
[63.877s][info][gc,heap     ] GC(25)      Free:      638M (62%)         638M (62%)         908M (89%)         960M (94%)         960M (94%)         638M (62%)    
[63.877s][info][gc,heap     ] GC(25)      Used:      386M (38%)         386M (38%)         116M (11%)          64M (6%)          386M (38%)          64M (6%)     
[63.877s][info][gc,heap     ] GC(25)      Live:         -                28M (3%)           28M (3%)           28M (3%)             -                  -          
[63.877s][info][gc,heap     ] GC(25) Allocated:         -                 0M (0%)            0M (0%)            0M (0%)             -                  -          
[63.877s][info][gc,heap     ] GC(25)   Garbage:         -               357M (35%)          87M (9%)           35M (3%)             -                  -          
[63.877s][info][gc,heap     ] GC(25) Reclaimed:         -                  -               270M (26%)         322M (31%)            -                  -          
[63.877s][info][gc          ] GC(25) Garbage Collection (System.gc()) 386M(38%)->64M(6%)
[65.753s][info][gc,start    ] GC(26) Garbage Collection (System.gc())
[65.753s][info][gc,task     ] GC(26) Using 2 workers
[65.753s][info][gc,phases   ] GC(26) Pause Mark Start 0.009ms
[65.773s][info][gc,phases   ] GC(26) Concurrent Mark 19.859ms
[65.773s][info][gc,phases   ] GC(26) Pause Mark End 0.015ms
[65.773s][info][gc,phases   ] GC(26) Concurrent Mark Free 0.002ms
[65.790s][info][gc,phases   ] GC(26) Concurrent Process Non-Strong References 16.998ms
[65.790s][info][gc,phases   ] GC(26) Concurrent Reset Relocation Set 0.002ms
[65.792s][info][gc,phases   ] GC(26) Concurrent Select Relocation Set 1.426ms
[65.792s][info][gc,phases   ] GC(26) Pause Relocate Start 0.007ms
[65.793s][info][gc,phases   ] GC(26) Concurrent Relocate 1.633ms
[65.793s][info][gc,load     ] GC(26) Load: 0.00/0.00/0.00
[65.793s][info][gc,mmu      ] GC(26) MMU: 2ms/96.4%, 5ms/98.5%, 10ms/99.2%, 20ms/99.6%, 50ms/99.8%, 100ms/99.9%
[65.793s][info][gc,marking  ] GC(26) Mark: 2 stripe(s), 1 proactive flush(es), 1 terminate flush(es), 0 completion(s), 0 continuation(s) 
[65.793s][info][gc,marking  ] GC(26) Mark Stack Usage: 32M
[65.793s][info][gc,nmethod  ] GC(26) NMethods: 12404 registered, 5093 unregistered
[65.793s][info][gc,metaspace] GC(26) Metaspace: 59M used, 60M committed, 1088M reserved
[65.793s][info][gc,ref      ] GC(26) Soft: 617 encountered, 0 discovered, 0 enqueued
[65.793s][info][gc,ref      ] GC(26) Weak: 6143 encountered, 693 discovered, 26 enqueued
[65.793s][info][gc,ref      ] GC(26) Final: 0 encountered, 0 discovered, 0 enqueued
[65.793s][info][gc,ref      ] GC(26) Phantom: 79 encountered, 53 discovered, 0 enqueued
[65.793s][info][gc,reloc    ] GC(26) Small Pages: 159 / 318M, Empty: 238M, Relocated: 1M, In-Place: 0
[65.793s][info][gc,reloc    ] GC(26) Medium Pages: 2 / 64M, Empty: 32M, Relocated: 0M, In-Place: 0
[65.793s][info][gc,reloc    ] GC(26) Large Pages: 0 / 0M, Empty: 0M, Relocated: 0M, In-Place: 0
[65.793s][info][gc,reloc    ] GC(26) Forwarding Usage: 0M
[65.793s][info][gc,heap     ] GC(26) Min Capacity: 1024M(100%)
[65.793s][info][gc,heap     ] GC(26) Max Capacity: 1024M(100%)
[65.793s][info][gc,heap     ] GC(26) Soft Max Capacity: 1024M(100%)
[65.793s][info][gc,heap     ] GC(26)                Mark Start          Mark End        Relocate Start      Relocate End           High               Low         
[65.793s][info][gc,heap     ] GC(26)  Capacity:     1024M (100%)       1024M (100%)       1024M (100%)       1024M (100%)       1024M (100%)       1024M (100%)   
[65.793s][info][gc,heap     ] GC(26)      Free:      642M (63%)         642M (63%)         912M (89%)         960M (94%)         960M (94%)         642M (63%)    
[65.793s][info][gc,heap     ] GC(26)      Used:      382M (37%)         382M (37%)         112M (11%)          64M (6%)          382M (37%)          64M (6%)     
[65.793s][info][gc,heap     ] GC(26)      Live:         -                28M (3%)           28M (3%)           28M (3%)             -                  -          
[65.793s][info][gc,heap     ] GC(26) Allocated:         -                 0M (0%)            0M (0%)            0M (0%)             -                  -          
[65.793s][info][gc,heap     ] GC(26)   Garbage:         -               353M (34%)          83M (8%)           35M (3%)             -                  -          
[65.793s][info][gc,heap     ] GC(26) Reclaimed:         -                  -               270M (26%)         318M (31%)            -                  -          
[65.793s][info][gc          ] GC(26) Garbage Collection (System.gc()) 382M(37%)->64M(6%)
[67.670s][info][gc,start    ] GC(27) Garbage Collection (System.gc())
[67.670s][info][gc,task     ] GC(27) Using 2 workers
[67.670s][info][gc,phases   ] GC(27) Pause Mark Start 0.009ms
[67.705s][info][gc,phases   ] GC(27) Concurrent Mark 34.964ms
[67.705s][info][gc,phases   ] GC(27) Pause Mark End 0.027ms
[67.705s][info][gc,phases   ] GC(27) Concurrent Mark Free 0.003ms
[67.724s][info][gc,phases   ] GC(27) Concurrent Process Non-Strong References 18.298ms
[67.724s][info][gc,phases   ] GC(27) Concurrent Reset Relocation Set 0.002ms
[67.725s][info][gc,phases   ] GC(27) Concurrent Select Relocation Set 1.557ms
[67.725s][info][gc,phases   ] GC(27) Pause Relocate Start 0.007ms
[67.727s][info][gc,phases   ] GC(27) Concurrent Relocate 1.350ms
[67.727s][info][gc,load     ] GC(27) Load: 0.00/0.00/0.00
[67.727s][info][gc,mmu      ] GC(27) MMU: 2ms/96.4%, 5ms/98.5%, 10ms/99.2%, 20ms/99.6%, 50ms/99.8%, 100ms/99.9%
[67.727s][info][gc,marking  ] GC(27) Mark: 2 stripe(s), 1 proactive flush(es), 1 terminate flush(es), 0 completion(s), 0 continuation(s) 
[67.727s][info][gc,marking  ] GC(27) Mark Stack Usage: 32M
[67.727s][info][gc,nmethod  ] GC(27) NMethods: 12430 registered, 5174 unregistered
[67.727s][info][gc,metaspace] GC(27) Metaspace: 59M used, 60M committed, 1088M reserved
[67.727s][info][gc,ref      ] GC(27) Soft: 617 encountered, 0 discovered, 0 enqueued
[67.727s][info][gc,ref      ] GC(27) Weak: 6218 encountered, 138 discovered, 71 enqueued
[67.727s][info][gc,ref      ] GC(27) Final: 0 encountered, 0 discovered, 0 enqueued
[67.727s][info][gc,ref      ] GC(27) Phantom: 79 encountered, 50 discovered, 0 enqueued
[67.727s][info][gc,reloc    ] GC(27) Small Pages: 160 / 320M, Empty: 242M, Relocated: 1M, In-Place: 0
[67.727s][info][gc,reloc    ] GC(27) Medium Pages: 2 / 64M, Empty: 32M, Relocated: 0M, In-Place: 0
[67.727s][info][gc,reloc    ] GC(27) Large Pages: 0 / 0M, Empty: 0M, Relocated: 0M, In-Place: 0
[67.727s][info][gc,reloc    ] GC(27) Forwarding Usage: 0M
[67.727s][info][gc,heap     ] GC(27) Min Capacity: 1024M(100%)
[67.727s][info][gc,heap     ] GC(27) Max Capacity: 1024M(100%)
[67.727s][info][gc,heap     ] GC(27) Soft Max Capacity: 1024M(100%)
[67.727s][info][gc,heap     ] GC(27)                Mark Start          Mark End        Relocate Start      Relocate End           High               Low         
[67.727s][info][gc,heap     ] GC(27)  Capacity:     1024M (100%)       1024M (100%)       1024M (100%)       1024M (100%)       1024M (100%)       1024M (100%)   
[67.727s][info][gc,heap     ] GC(27)      Free:      640M (62%)         640M (62%)         914M (89%)         960M (94%)         960M (94%)         640M (62%)    
[67.727s][info][gc,heap     ] GC(27)      Used:      384M (38%)         384M (38%)         110M (11%)          64M (6%)          384M (38%)          64M (6%)     
[67.727s][info][gc,heap     ] GC(27)      Live:         -                28M (3%)           28M (3%)           28M (3%)             -                  -          
[67.727s][info][gc,heap     ] GC(27) Allocated:         -                 0M (0%)            0M (0%)            0M (0%)             -                  -          
[67.727s][info][gc,heap     ] GC(27)   Garbage:         -               355M (35%)          81M (8%)           35M (3%)             -                  -          
[67.727s][info][gc,heap     ] GC(27) Reclaimed:         -                  -               274M (27%)         320M (31%)            -                  -          
[67.727s][info][gc          ] GC(27) Garbage Collection (System.gc()) 384M(38%)->64M(6%)
[69.646s][info][gc,start    ] GC(28) Garbage Collection (System.gc())
[69.646s][info][gc,task     ] GC(28) Using 2 workers
[69.646s][info][gc,phases   ] GC(28) Pause Mark Start 0.009ms
[69.666s][info][gc,phases   ] GC(28) Concurrent Mark 19.976ms
[69.666s][info][gc,phases   ] GC(28) Pause Mark End 0.012ms
[69.666s][info][gc,phases   ] GC(28) Concurrent Mark Free 0.002ms
[69.683s][info][gc,phases   ] GC(28) Concurrent Process Non-Strong References 16.665ms
[69.683s][info][gc,phases   ] GC(28) Concurrent Reset Relocation Set 0.001ms
[69.684s][info][gc,phases   ] GC(28) Concurrent Select Relocation Set 1.163ms
[69.684s][info][gc,phases   ] GC(28) Pause Relocate Start 0.007ms
[69.685s][info][gc,phases   ] GC(28) Concurrent Relocate 0.763ms
[69.685s][info][gc,load     ] GC(28) Load: 0.00/0.00/0.00
[69.685s][info][gc,mmu      ] GC(28) MMU: 2ms/96.4%, 5ms/98.5%, 10ms/99.2%, 20ms/99.6%, 50ms/99.8%, 100ms/99.9%
[69.685s][info][gc,marking  ] GC(28) Mark: 2 stripe(s), 1 proactive flush(es), 1 terminate flush(es), 0 completion(s), 0 continuation(s) 
[69.685s][info][gc,marking  ] GC(28) Mark Stack Usage: 32M
[69.685s][info][gc,nmethod  ] GC(28) NMethods: 12528 registered, 5233 unregistered
[69.685s][info][gc,metaspace] GC(28) Metaspace: 59M used, 60M committed, 1088M reserved
[69.685s][info][gc,ref      ] GC(28) Soft: 617 encountered, 0 discovered, 0 enqueued
[69.685s][info][gc,ref      ] GC(28) Weak: 6143 encountered, 778 discovered, 26 enqueued
[69.685s][info][gc,ref      ] GC(28) Final: 0 encountered, 0 discovered, 0 enqueued
[69.685s][info][gc,ref      ] GC(28) Phantom: 79 encountered, 53 discovered, 0 enqueued
[69.685s][info][gc,reloc    ] GC(28) Small Pages: 160 / 320M, Empty: 230M, Relocated: 1M, In-Place: 0
[69.685s][info][gc,reloc    ] GC(28) Medium Pages: 2 / 64M, Empty: 32M, Relocated: 0M, In-Place: 0
[69.685s][info][gc,reloc    ] GC(28) Large Pages: 0 / 0M, Empty: 0M, Relocated: 0M, In-Place: 0
[69.685s][info][gc,reloc    ] GC(28) Forwarding Usage: 0M
[69.685s][info][gc,heap     ] GC(28) Min Capacity: 1024M(100%)
[69.685s][info][gc,heap     ] GC(28) Max Capacity: 1024M(100%)
[69.685s][info][gc,heap     ] GC(28) Soft Max Capacity: 1024M(100%)
[69.685s][info][gc,heap     ] GC(28)                Mark Start          Mark End        Relocate Start      Relocate End           High               Low         
[69.685s][info][gc,heap     ] GC(28)  Capacity:     1024M (100%)       1024M (100%)       1024M (100%)       1024M (100%)       1024M (100%)       1024M (100%)   
[69.685s][info][gc,heap     ] GC(28)      Free:      640M (62%)         640M (62%)         902M (88%)         960M (94%)         960M (94%)         640M (62%)    
[69.685s][info][gc,heap     ] GC(28)      Used:      384M (38%)         384M (38%)         122M (12%)          64M (6%)          384M (38%)          64M (6%)     
[69.685s][info][gc,heap     ] GC(28)      Live:         -                28M (3%)           28M (3%)           28M (3%)             -                  -          
[69.685s][info][gc,heap     ] GC(28) Allocated:         -                 0M (0%)            0M (0%)            0M (0%)             -                  -          
[69.685s][info][gc,heap     ] GC(28)   Garbage:         -               355M (35%)          93M (9%)           35M (3%)             -                  -          
[69.685s][info][gc,heap     ] GC(28) Reclaimed:         -                  -               262M (26%)         320M (31%)            -                  -          
[69.685s][info][gc          ] GC(28) Garbage Collection (System.gc()) 384M(38%)->64M(6%)
[70.122s][info][gc,stats    ] === Garbage Collection Statistics =======================================================================================================================
[70.122s][info][gc,stats    ]                                                              Last 10s              Last 10m              Last 10h                Total
[70.122s][info][gc,stats    ]                                                              Avg / Max             Avg / Max             Avg / Max             Avg / Max
[70.122s][info][gc,stats    ]   Collector: Garbage Collection Cycle                     47.391 / 57.153       57.482 / 178.833      57.482 / 178.833      57.482 / 178.833     ms
[70.122s][info][gc,stats    ]  Contention: Mark Segment Reset Contention                     0 / 0                 0 / 2                 0 / 2                 0 / 2           ops/s
[70.122s][info][gc,stats    ]  Contention: Mark SeqNum Reset Contention                      0 / 0                 0 / 1                 0 / 1                 0 / 1           ops/s
[70.122s][info][gc,stats    ]    Critical: Allocation Stall                                  0 / 0                 0 / 0                 0 / 0                 0 / 0           ops/s
[70.122s][info][gc,stats    ]    Critical: Allocation Stall                              0.000 / 0.000         0.000 / 0.000         0.000 / 0.000         0.000 / 0.000       ms
[70.122s][info][gc,stats    ]    Critical: GC Locker Stall                                   0 / 0                 0 / 0                 0 / 0                 0 / 0           ops/s
[70.122s][info][gc,stats    ]    Critical: GC Locker Stall                               0.000 / 0.000         0.000 / 0.000         0.000 / 0.000         0.000 / 0.000       ms
[70.122s][info][gc,stats    ]    Critical: Relocation Stall                                  0 / 0                 0 / 0                 0 / 0                 0 / 0           ops/s
[70.122s][info][gc,stats    ]    Critical: Relocation Stall                              0.000 / 0.000         0.000 / 0.000         0.000 / 0.000         0.000 / 0.000       ms
[70.122s][info][gc,stats    ]      Memory: Allocation Rate                                 168 / 222             120 / 240             120 / 240             120 / 240         MB/s
[70.122s][info][gc,stats    ]      Memory: Defragment                                        0 / 0                 0 / 0                 0 / 0                 0 / 0           ops/s
[70.122s][info][gc,stats    ]      Memory: Out Of Memory                                     0 / 0                 0 / 0                 0 / 0                 0 / 0           ops/s
[70.122s][info][gc,stats    ]      Memory: Page Cache Flush                                  0 / 0                 0 / 0                 0 / 0                 0 / 0           MB/s
[70.122s][info][gc,stats    ]      Memory: Page Cache Hit L1                                77 / 111              52 / 115              52 / 115              52 / 115         ops/s
[70.122s][info][gc,stats    ]      Memory: Page Cache Hit L2                                 0 / 0                 0 / 0                 0 / 0                 0 / 0           ops/s
[70.122s][info][gc,stats    ]      Memory: Page Cache Hit L3                                 0 / 0                 2 / 26                2 / 26                2 / 26          ops/s
[70.122s][info][gc,stats    ]      Memory: Page Cache Miss                                   0 / 0                 0 / 1                 0 / 1                 0 / 1           ops/s
[70.122s][info][gc,stats    ]      Memory: Uncommit                                          0 / 0                 0 / 0                 0 / 0                 0 / 0           MB/s
[70.122s][info][gc,stats    ]      Memory: Undo Object Allocation Failed                     0 / 0                 0 / 0                 0 / 0                 0 / 0           ops/s
[70.122s][info][gc,stats    ]      Memory: Undo Object Allocation Succeeded                  0 / 0                 0 / 2                 0 / 2                 0 / 2           ops/s
[70.122s][info][gc,stats    ]      Memory: Undo Page Allocation                              0 / 0                 0 / 0                 0 / 0                 0 / 0           ops/s
[70.122s][info][gc,stats    ]       Phase: Concurrent Mark                              26.391 / 34.964       33.509 / 125.351      33.509 / 125.351      33.509 / 125.351     ms
[70.122s][info][gc,stats    ]       Phase: Concurrent Mark Continue                      0.000 / 0.000         0.000 / 0.000         0.000 / 0.000         0.000 / 0.000       ms
[70.122s][info][gc,stats    ]       Phase: Concurrent Mark Free                          0.003 / 0.003         0.002 / 0.003         0.002 / 0.003         0.002 / 0.003       ms
[70.122s][info][gc,stats    ]       Phase: Concurrent Process Non-Strong References     17.583 / 18.647       17.359 / 24.445       17.359 / 24.445       17.359 / 24.445      ms
[70.122s][info][gc,stats    ]       Phase: Concurrent Relocate                           1.194 / 1.633         3.176 / 20.770        3.176 / 20.770        3.176 / 20.770      ms
[70.122s][info][gc,stats    ]       Phase: Concurrent Reset Relocation Set               0.002 / 0.003         0.003 / 0.015         0.003 / 0.015         0.003 / 0.015       ms
[70.122s][info][gc,stats    ]       Phase: Concurrent Select Relocation Set              1.333 / 1.557         1.817 / 5.504         1.817 / 5.504         1.817 / 5.504       ms
[70.123s][info][gc,stats    ]       Phase: Pause Mark End                                0.021 / 0.028         0.029 / 0.071         0.029 / 0.071         0.029 / 0.071       ms
[70.123s][info][gc,stats    ]       Phase: Pause Mark Start                              0.009 / 0.009         0.009 / 0.018         0.009 / 0.018         0.009 / 0.018       ms
[70.123s][info][gc,stats    ]       Phase: Pause Relocate Start                          0.007 / 0.008         0.009 / 0.017         0.009 / 0.017         0.009 / 0.017       ms
[70.123s][info][gc,stats    ]    Subphase: Concurrent Classes Purge                      0.421 / 0.565         1.115 / 2.572         1.115 / 2.572         1.115 / 2.572       ms
[70.123s][info][gc,stats    ]    Subphase: Concurrent Classes Unlink                    16.043 / 16.736       14.521 / 18.610       14.521 / 18.610       14.521 / 18.610      ms
[70.123s][info][gc,stats    ]    Subphase: Concurrent Mark                              22.052 / 34.399       29.036 / 123.883      29.036 / 123.883      29.036 / 123.883     ms
[70.123s][info][gc,stats    ]    Subphase: Concurrent Mark Try Flush                     0.071 / 0.151         0.081 / 0.493         0.081 / 0.493         0.081 / 0.493       ms
[70.123s][info][gc,stats    ]    Subphase: Concurrent Mark Try Terminate                 2.636 / 16.650        2.907 / 16.650        2.907 / 16.650        2.907 / 16.650      ms
[70.123s][info][gc,stats    ]    Subphase: Concurrent References Enqueue                 0.005 / 0.006         0.004 / 0.006         0.004 / 0.006         0.004 / 0.006       ms
[70.123s][info][gc,stats    ]    Subphase: Concurrent References Process                 0.174 / 0.188         0.484 / 2.468         0.484 / 2.468         0.484 / 2.468       ms
[70.123s][info][gc,stats    ]    Subphase: Concurrent Roots ClassLoaderDataGraph         0.096 / 0.194         0.089 / 0.315         0.089 / 0.315         0.089 / 0.315       ms
[70.123s][info][gc,stats    ]    Subphase: Concurrent Roots CodeCache                    0.000 / 0.000         0.000 / 0.000         0.000 / 0.000         0.000 / 0.000       ms
[70.123s][info][gc,stats    ]    Subphase: Concurrent Roots JavaThreads                  0.230 / 0.432         0.291 / 2.311         0.291 / 2.311         0.291 / 2.311       ms
[70.123s][info][gc,stats    ]    Subphase: Concurrent Roots OopStorageSet                0.016 / 0.024         0.018 / 0.051         0.018 / 0.051         0.018 / 0.051       ms
[70.123s][info][gc,stats    ]    Subphase: Concurrent Weak Roots OopStorageSet           0.727 / 0.926         0.654 / 1.165         0.654 / 1.165         0.654 / 1.165       ms
[70.123s][info][gc,stats    ]    Subphase: Pause Mark Try Complete                       0.000 / 0.000         0.009 / 0.028         0.009 / 0.028         0.009 / 0.028       ms
[70.123s][info][gc,stats    ]      System: Java Threads                                     11 / 11               11 / 12               11 / 12               11 / 12          threads
[70.123s][info][gc,stats    ] =========================================================================================================================================================
[71.537s][info][gc,start    ] GC(29) Garbage Collection (System.gc())
[71.537s][info][gc,task     ] GC(29) Using 2 workers
[71.537s][info][gc,phases   ] GC(29) Pause Mark Start 0.008ms
[71.567s][info][gc,phases   ] GC(29) Concurrent Mark 30.027ms
[71.568s][info][gc,phases   ] GC(29) Pause Mark End 0.025ms
[71.568s][info][gc,phases   ] GC(29) Concurrent Mark Free 0.005ms
[71.585s][info][gc,phases   ] GC(29) Concurrent Process Non-Strong References 17.518ms
[71.585s][info][gc,phases   ] GC(29) Concurrent Reset Relocation Set 0.004ms
[71.587s][info][gc,phases   ] GC(29) Concurrent Select Relocation Set 1.407ms
[71.587s][info][gc,phases   ] GC(29) Pause Relocate Start 0.007ms
[71.588s][info][gc,phases   ] GC(29) Concurrent Relocate 0.902ms
[71.588s][info][gc,load     ] GC(29) Load: 0.00/0.00/0.00
[71.588s][info][gc,mmu      ] GC(29) MMU: 2ms/96.4%, 5ms/98.5%, 10ms/99.2%, 20ms/99.6%, 50ms/99.8%, 100ms/99.9%
[71.588s][info][gc,marking  ] GC(29) Mark: 2 stripe(s), 1 proactive flush(es), 1 terminate flush(es), 0 completion(s), 0 continuation(s) 
[71.588s][info][gc,marking  ] GC(29) Mark Stack Usage: 32M
[71.588s][info][gc,nmethod  ] GC(29) NMethods: 12549 registered, 5314 unregistered
[71.588s][info][gc,metaspace] GC(29) Metaspace: 59M used, 60M committed, 1088M reserved
[71.588s][info][gc,ref      ] GC(29) Soft: 617 encountered, 0 discovered, 0 enqueued
[71.588s][info][gc,ref      ] GC(29) Weak: 6218 encountered, 1688 discovered, 71 enqueued
[71.588s][info][gc,ref      ] GC(29) Final: 0 encountered, 0 discovered, 0 enqueued
[71.588s][info][gc,ref      ] GC(29) Phantom: 79 encountered, 51 discovered, 0 enqueued
[71.588s][info][gc,reloc    ] GC(29) Small Pages: 159 / 318M, Empty: 244M, Relocated: 1M, In-Place: 0
[71.588s][info][gc,reloc    ] GC(29) Medium Pages: 2 / 64M, Empty: 32M, Relocated: 0M, In-Place: 0
[71.588s][info][gc,reloc    ] GC(29) Large Pages: 0 / 0M, Empty: 0M, Relocated: 0M, In-Place: 0
[71.588s][info][gc,reloc    ] GC(29) Forwarding Usage: 0M
[71.588s][info][gc,heap     ] GC(29) Min Capacity: 1024M(100%)
[71.588s][info][gc,heap     ] GC(29) Max Capacity: 1024M(100%)
[71.588s][info][gc,heap     ] GC(29) Soft Max Capacity: 1024M(100%)
[71.588s][info][gc,heap     ] GC(29)                Mark Start          Mark End        Relocate Start      Relocate End           High               Low         
[71.588s][info][gc,heap     ] GC(29)  Capacity:     1024M (100%)       1024M (100%)       1024M (100%)       1024M (100%)       1024M (100%)       1024M (100%)   
[71.588s][info][gc,heap     ] GC(29)      Free:      642M (63%)         642M (63%)         918M (90%)         960M (94%)         960M (94%)         642M (63%)    
[71.588s][info][gc,heap     ] GC(29)      Used:      382M (37%)         382M (37%)         106M (10%)          64M (6%)          382M (37%)          64M (6%)     
[71.588s][info][gc,heap     ] GC(29)      Live:         -                28M (3%)           28M (3%)           28M (3%)             -                  -          
[71.588s][info][gc,heap     ] GC(29) Allocated:         -                 0M (0%)            0M (0%)            0M (0%)             -                  -          
[71.588s][info][gc,heap     ] GC(29)   Garbage:         -               353M (34%)          77M (8%)           35M (3%)             -                  -          
[71.588s][info][gc,heap     ] GC(29) Reclaimed:         -                  -               276M (27%)         318M (31%)            -                  -          
[71.588s][info][gc          ] GC(29) Garbage Collection (System.gc()) 382M(37%)->64M(6%)
[73.691s][info][gc,start    ] GC(30) Garbage Collection (System.gc())
[73.691s][info][gc,task     ] GC(30) Using 2 workers
[73.691s][info][gc,phases   ] GC(30) Pause Mark Start 0.009ms
[73.719s][info][gc,phases   ] GC(30) Concurrent Mark 28.194ms
[73.719s][info][gc,phases   ] GC(30) Pause Mark End 0.031ms
[73.719s][info][gc,phases   ] GC(30) Concurrent Mark Free 0.003ms
[73.739s][info][gc,phases   ] GC(30) Concurrent Process Non-Strong References 19.106ms
[73.739s][info][gc,phases   ] GC(30) Concurrent Reset Relocation Set 0.002ms
[73.740s][info][gc,phases   ] GC(30) Concurrent Select Relocation Set 1.427ms
[73.740s][info][gc,phases   ] GC(30) Pause Relocate Start 0.008ms
[73.742s][info][gc,phases   ] GC(30) Concurrent Relocate 1.280ms
[73.742s][info][gc,load     ] GC(30) Load: 0.00/0.00/0.00
[73.742s][info][gc,mmu      ] GC(30) MMU: 2ms/96.4%, 5ms/98.5%, 10ms/99.2%, 20ms/99.6%, 50ms/99.8%, 100ms/99.9%
[73.742s][info][gc,marking  ] GC(30) Mark: 2 stripe(s), 2 proactive flush(es), 1 terminate flush(es), 0 completion(s), 0 continuation(s) 
[73.742s][info][gc,marking  ] GC(30) Mark Stack Usage: 32M
[73.742s][info][gc,nmethod  ] GC(30) NMethods: 12619 registered, 5408 unregistered
[73.742s][info][gc,metaspace] GC(30) Metaspace: 59M used, 60M committed, 1088M reserved
[73.742s][info][gc,ref      ] GC(30) Soft: 617 encountered, 0 discovered, 0 enqueued
[73.742s][info][gc,ref      ] GC(30) Weak: 6143 encountered, 5422 discovered, 26 enqueued
[73.742s][info][gc,ref      ] GC(30) Final: 0 encountered, 0 discovered, 0 enqueued
[73.742s][info][gc,ref      ] GC(30) Phantom: 79 encountered, 50 discovered, 0 enqueued
[73.742s][info][gc,reloc    ] GC(30) Small Pages: 159 / 318M, Empty: 248M, Relocated: 1M, In-Place: 0
[73.742s][info][gc,reloc    ] GC(30) Medium Pages: 2 / 64M, Empty: 32M, Relocated: 0M, In-Place: 0
[73.742s][info][gc,reloc    ] GC(30) Large Pages: 0 / 0M, Empty: 0M, Relocated: 0M, In-Place: 0
[73.742s][info][gc,reloc    ] GC(30) Forwarding Usage: 0M
[73.742s][info][gc,heap     ] GC(30) Min Capacity: 1024M(100%)
[73.742s][info][gc,heap     ] GC(30) Max Capacity: 1024M(100%)
[73.742s][info][gc,heap     ] GC(30) Soft Max Capacity: 1024M(100%)
[73.742s][info][gc,heap     ] GC(30)                Mark Start          Mark End        Relocate Start      Relocate End           High               Low         
[73.742s][info][gc,heap     ] GC(30)  Capacity:     1024M (100%)       1024M (100%)       1024M (100%)       1024M (100%)       1024M (100%)       1024M (100%)   
[73.742s][info][gc,heap     ] GC(30)      Free:      642M (63%)         642M (63%)         922M (90%)         960M (94%)         960M (94%)         642M (63%)    
[73.742s][info][gc,heap     ] GC(30)      Used:      382M (37%)         382M (37%)         102M (10%)          64M (6%)          382M (37%)          64M (6%)     
[73.742s][info][gc,heap     ] GC(30)      Live:         -                28M (3%)           28M (3%)           28M (3%)             -                  -          
[73.742s][info][gc,heap     ] GC(30) Allocated:         -                 0M (0%)            0M (0%)            0M (0%)             -                  -          
[73.742s][info][gc,heap     ] GC(30)   Garbage:         -               353M (34%)          73M (7%)           35M (3%)             -                  -          
[73.742s][info][gc,heap     ] GC(30) Reclaimed:         -                  -               280M (27%)         318M (31%)            -                  -          
[73.742s][info][gc          ] GC(30) Garbage Collection (System.gc()) 382M(37%)->64M(6%)
[75.642s][info][gc,start    ] GC(31) Garbage Collection (System.gc())
[75.642s][info][gc,task     ] GC(31) Using 2 workers
[75.642s][info][gc,phases   ] GC(31) Pause Mark Start 0.009ms
[75.668s][info][gc,phases   ] GC(31) Concurrent Mark 25.596ms
[75.668s][info][gc,phases   ] GC(31) Pause Mark End 0.023ms
[75.668s][info][gc,phases   ] GC(31) Concurrent Mark Free 0.002ms
[75.687s][info][gc,phases   ] GC(31) Concurrent Process Non-Strong References 18.455ms
[75.687s][info][gc,phases   ] GC(31) Concurrent Reset Relocation Set 0.002ms
[75.688s][info][gc,phases   ] GC(31) Concurrent Select Relocation Set 1.487ms
[75.688s][info][gc,phases   ] GC(31) Pause Relocate Start 0.008ms
[75.690s][info][gc,phases   ] GC(31) Concurrent Relocate 1.355ms
[75.690s][info][gc,load     ] GC(31) Load: 0.00/0.00/0.00
[75.690s][info][gc,mmu      ] GC(31) MMU: 2ms/96.4%, 5ms/98.5%, 10ms/99.2%, 20ms/99.6%, 50ms/99.8%, 100ms/99.9%
[75.690s][info][gc,marking  ] GC(31) Mark: 2 stripe(s), 2 proactive flush(es), 1 terminate flush(es), 0 completion(s), 0 continuation(s) 
[75.690s][info][gc,marking  ] GC(31) Mark Stack Usage: 32M
[75.690s][info][gc,nmethod  ] GC(31) NMethods: 12634 registered, 5484 unregistered
[75.690s][info][gc,metaspace] GC(31) Metaspace: 59M used, 60M committed, 1088M reserved
[75.690s][info][gc,ref      ] GC(31) Soft: 617 encountered, 0 discovered, 0 enqueued
[75.690s][info][gc,ref      ] GC(31) Weak: 6218 encountered, 221 discovered, 71 enqueued
[75.690s][info][gc,ref      ] GC(31) Final: 0 encountered, 0 discovered, 0 enqueued
[75.690s][info][gc,ref      ] GC(31) Phantom: 79 encountered, 40 discovered, 0 enqueued
[75.690s][info][gc,reloc    ] GC(31) Small Pages: 160 / 320M, Empty: 244M, Relocated: 1M, In-Place: 0
[75.690s][info][gc,reloc    ] GC(31) Medium Pages: 2 / 64M, Empty: 32M, Relocated: 0M, In-Place: 0
[75.690s][info][gc,reloc    ] GC(31) Large Pages: 0 / 0M, Empty: 0M, Relocated: 0M, In-Place: 0
[75.690s][info][gc,reloc    ] GC(31) Forwarding Usage: 0M
[75.690s][info][gc,heap     ] GC(31) Min Capacity: 1024M(100%)
[75.690s][info][gc,heap     ] GC(31) Max Capacity: 1024M(100%)
[75.690s][info][gc,heap     ] GC(31) Soft Max Capacity: 1024M(100%)
[75.690s][info][gc,heap     ] GC(31)                Mark Start          Mark End        Relocate Start      Relocate End           High               Low         
[75.690s][info][gc,heap     ] GC(31)  Capacity:     1024M (100%)       1024M (100%)       1024M (100%)       1024M (100%)       1024M (100%)       1024M (100%)   
[75.690s][info][gc,heap     ] GC(31)      Free:      640M (62%)         640M (62%)         916M (89%)         960M (94%)         960M (94%)         640M (62%)    
[75.690s][info][gc,heap     ] GC(31)      Used:      384M (38%)         384M (38%)         108M (11%)          64M (6%)          384M (38%)          64M (6%)     
[75.690s][info][gc,heap     ] GC(31)      Live:         -                28M (3%)           28M (3%)           28M (3%)             -                  -          
[75.690s][info][gc,heap     ] GC(31) Allocated:         -                 0M (0%)            0M (0%)            0M (0%)             -                  -          
[75.690s][info][gc,heap     ] GC(31)   Garbage:         -               355M (35%)          79M (8%)           35M (3%)             -                  -          
[75.690s][info][gc,heap     ] GC(31) Reclaimed:         -                  -               276M (27%)         320M (31%)            -                  -          
[75.690s][info][gc          ] GC(31) Garbage Collection (System.gc()) 384M(38%)->64M(6%)
[77.658s][info][gc,start    ] GC(32) Garbage Collection (System.gc())
[77.658s][info][gc,task     ] GC(32) Using 2 workers
[77.658s][info][gc,phases   ] GC(32) Pause Mark Start 0.010ms
[77.693s][info][gc,phases   ] GC(32) Concurrent Mark 35.166ms
[77.694s][info][gc,phases   ] GC(32) Pause Mark End 0.026ms
[77.694s][info][gc,phases   ] GC(32) Concurrent Mark Free 0.003ms
[77.712s][info][gc,phases   ] GC(32) Concurrent Process Non-Strong References 17.924ms
[77.712s][info][gc,phases   ] GC(32) Concurrent Reset Relocation Set 0.002ms
[77.713s][info][gc,phases   ] GC(32) Concurrent Select Relocation Set 1.191ms
[77.713s][info][gc,phases   ] GC(32) Pause Relocate Start 0.008ms
[77.714s][info][gc,phases   ] GC(32) Concurrent Relocate 1.195ms
[77.714s][info][gc,load     ] GC(32) Load: 0.00/0.00/0.00
[77.714s][info][gc,mmu      ] GC(32) MMU: 2ms/96.4%, 5ms/98.5%, 10ms/99.2%, 20ms/99.6%, 50ms/99.8%, 100ms/99.9%
[77.714s][info][gc,marking  ] GC(32) Mark: 2 stripe(s), 2 proactive flush(es), 1 terminate flush(es), 0 completion(s), 0 continuation(s) 
[77.714s][info][gc,marking  ] GC(32) Mark Stack Usage: 32M
[77.714s][info][gc,nmethod  ] GC(32) NMethods: 12654 registered, 5557 unregistered
[77.714s][info][gc,metaspace] GC(32) Metaspace: 59M used, 60M committed, 1088M reserved
[77.714s][info][gc,ref      ] GC(32) Soft: 617 encountered, 0 discovered, 0 enqueued
[77.714s][info][gc,ref      ] GC(32) Weak: 6143 encountered, 5487 discovered, 26 enqueued
[77.714s][info][gc,ref      ] GC(32) Final: 0 encountered, 0 discovered, 0 enqueued
[77.714s][info][gc,ref      ] GC(32) Phantom: 79 encountered, 55 discovered, 0 enqueued
[77.714s][info][gc,reloc    ] GC(32) Small Pages: 159 / 318M, Empty: 232M, Relocated: 1M, In-Place: 0
[77.714s][info][gc,reloc    ] GC(32) Medium Pages: 2 / 64M, Empty: 32M, Relocated: 0M, In-Place: 0
[77.714s][info][gc,reloc    ] GC(32) Large Pages: 0 / 0M, Empty: 0M, Relocated: 0M, In-Place: 0
[77.714s][info][gc,reloc    ] GC(32) Forwarding Usage: 0M
[77.714s][info][gc,heap     ] GC(32) Min Capacity: 1024M(100%)
[77.714s][info][gc,heap     ] GC(32) Max Capacity: 1024M(100%)
[77.714s][info][gc,heap     ] GC(32) Soft Max Capacity: 1024M(100%)
[77.714s][info][gc,heap     ] GC(32)                Mark Start          Mark End        Relocate Start      Relocate End           High               Low         
[77.714s][info][gc,heap     ] GC(32)  Capacity:     1024M (100%)       1024M (100%)       1024M (100%)       1024M (100%)       1024M (100%)       1024M (100%)   
[77.714s][info][gc,heap     ] GC(32)      Free:      642M (63%)         642M (63%)         906M (88%)         960M (94%)         960M (94%)         642M (63%)    
[77.714s][info][gc,heap     ] GC(32)      Used:      382M (37%)         382M (37%)         118M (12%)          64M (6%)          382M (37%)          64M (6%)     
[77.714s][info][gc,heap     ] GC(32)      Live:         -                28M (3%)           28M (3%)           28M (3%)             -                  -          
[77.714s][info][gc,heap     ] GC(32) Allocated:         -                 0M (0%)            0M (0%)            0M (0%)             -                  -          
[77.714s][info][gc,heap     ] GC(32)   Garbage:         -               353M (34%)          89M (9%)           35M (3%)             -                  -          
[77.714s][info][gc,heap     ] GC(32) Reclaimed:         -                  -               264M (26%)         318M (31%)            -                  -          
[77.714s][info][gc          ] GC(32) Garbage Collection (System.gc()) 382M(37%)->64M(6%)
[79.591s][info][gc,start    ] GC(33) Garbage Collection (System.gc())
[79.591s][info][gc,task     ] GC(33) Using 2 workers
[79.591s][info][gc,phases   ] GC(33) Pause Mark Start 0.012ms
[79.626s][info][gc,phases   ] GC(33) Concurrent Mark 35.119ms
[79.626s][info][gc,phases   ] GC(33) Pause Mark End 0.025ms
[79.627s][info][gc,phases   ] GC(33) Concurrent Mark Free 0.003ms
[79.645s][info][gc,phases   ] GC(33) Concurrent Process Non-Strong References 18.367ms
[79.645s][info][gc,phases   ] GC(33) Concurrent Reset Relocation Set 0.003ms
[79.647s][info][gc,phases   ] GC(33) Concurrent Select Relocation Set 1.429ms
[79.647s][info][gc,phases   ] GC(33) Pause Relocate Start 0.008ms
[79.648s][info][gc,phases   ] GC(33) Concurrent Relocate 1.214ms
[79.648s][info][gc,load     ] GC(33) Load: 0.00/0.00/0.00
[79.648s][info][gc,mmu      ] GC(33) MMU: 2ms/96.4%, 5ms/98.5%, 10ms/99.2%, 20ms/99.6%, 50ms/99.8%, 100ms/99.9%
[79.648s][info][gc,marking  ] GC(33) Mark: 2 stripe(s), 1 proactive flush(es), 1 terminate flush(es), 0 completion(s), 0 continuation(s) 
[79.648s][info][gc,marking  ] GC(33) Mark Stack Usage: 32M
[79.648s][info][gc,nmethod  ] GC(33) NMethods: 12724 registered, 5621 unregistered
[79.648s][info][gc,metaspace] GC(33) Metaspace: 59M used, 60M committed, 1088M reserved
[79.648s][info][gc,ref      ] GC(33) Soft: 617 encountered, 0 discovered, 0 enqueued
[79.648s][info][gc,ref      ] GC(33) Weak: 6218 encountered, 1854 discovered, 71 enqueued
[79.648s][info][gc,ref      ] GC(33) Final: 0 encountered, 0 discovered, 0 enqueued
[79.648s][info][gc,ref      ] GC(33) Phantom: 79 encountered, 46 discovered, 0 enqueued
[79.648s][info][gc,reloc    ] GC(33) Small Pages: 159 / 318M, Empty: 240M, Relocated: 1M, In-Place: 0
[79.648s][info][gc,reloc    ] GC(33) Medium Pages: 2 / 64M, Empty: 32M, Relocated: 0M, In-Place: 0
[79.648s][info][gc,reloc    ] GC(33) Large Pages: 0 / 0M, Empty: 0M, Relocated: 0M, In-Place: 0
[79.648s][info][gc,reloc    ] GC(33) Forwarding Usage: 0M
[79.648s][info][gc,heap     ] GC(33) Min Capacity: 1024M(100%)
[79.648s][info][gc,heap     ] GC(33) Max Capacity: 1024M(100%)
[79.648s][info][gc,heap     ] GC(33) Soft Max Capacity: 1024M(100%)
[79.648s][info][gc,heap     ] GC(33)                Mark Start          Mark End        Relocate Start      Relocate End           High               Low         
[79.648s][info][gc,heap     ] GC(33)  Capacity:     1024M (100%)       1024M (100%)       1024M (100%)       1024M (100%)       1024M (100%)       1024M (100%)   
[79.648s][info][gc,heap     ] GC(33)      Free:      642M (63%)         642M (63%)         914M (89%)         960M (94%)         960M (94%)         642M (63%)    
[79.648s][info][gc,heap     ] GC(33)      Used:      382M (37%)         382M (37%)         110M (11%)          64M (6%)          382M (37%)          64M (6%)     
[79.648s][info][gc,heap     ] GC(33)      Live:         -                28M (3%)           28M (3%)           28M (3%)             -                  -          
[79.648s][info][gc,heap     ] GC(33) Allocated:         -                 0M (0%)            0M (0%)            0M (0%)             -                  -          
[79.648s][info][gc,heap     ] GC(33)   Garbage:         -               353M (34%)          81M (8%)           35M (3%)             -                  -          
[79.648s][info][gc,heap     ] GC(33) Reclaimed:         -                  -               272M (27%)         318M (31%)            -                  -          
[79.648s][info][gc          ] GC(33) Garbage Collection (System.gc()) 382M(37%)->64M(6%)
[80.129s][info][gc,stats    ] === Garbage Collection Statistics =======================================================================================================================
[80.129s][info][gc,stats    ]                                                              Last 10s              Last 10m              Last 10h                Total
[80.129s][info][gc,stats    ]                                                              Avg / Max             Avg / Max             Avg / Max             Avg / Max
[80.129s][info][gc,stats    ]   Collector: Garbage Collection Cycle                     52.622 / 57.068       56.767 / 178.833      56.767 / 178.833      56.767 / 178.833     ms
[80.129s][info][gc,stats    ]  Contention: Mark Segment Reset Contention                     0 / 0                 0 / 2                 0 / 2                 0 / 2           ops/s
[80.129s][info][gc,stats    ]  Contention: Mark SeqNum Reset Contention                      0 / 0                 0 / 1                 0 / 1                 0 / 1           ops/s
[80.129s][info][gc,stats    ]    Critical: Allocation Stall                                  0 / 0                 0 / 0                 0 / 0                 0 / 0           ops/s
[80.129s][info][gc,stats    ]    Critical: Allocation Stall                              0.000 / 0.000         0.000 / 0.000         0.000 / 0.000         0.000 / 0.000       ms
[80.129s][info][gc,stats    ]    Critical: GC Locker Stall                                   0 / 0                 0 / 0                 0 / 0                 0 / 0           ops/s
[80.129s][info][gc,stats    ]    Critical: GC Locker Stall                               0.000 / 0.000         0.000 / 0.000         0.000 / 0.000         0.000 / 0.000       ms
[80.129s][info][gc,stats    ]    Critical: Relocation Stall                                  0 / 0                 0 / 0                 0 / 0                 0 / 0           ops/s
[80.129s][info][gc,stats    ]    Critical: Relocation Stall                              0.000 / 0.000         0.000 / 0.000         0.000 / 0.000         0.000 / 0.000       ms
[80.129s][info][gc,stats    ]      Memory: Allocation Rate                                 161 / 218             125 / 240             125 / 240             125 / 240         MB/s
[80.129s][info][gc,stats    ]      Memory: Defragment                                        0 / 0                 0 / 0                 0 / 0                 0 / 0           ops/s
[80.129s][info][gc,stats    ]      Memory: Out Of Memory                                     0 / 0                 0 / 0                 0 / 0                 0 / 0           ops/s
[80.129s][info][gc,stats    ]      Memory: Page Cache Flush                                  0 / 0                 0 / 0                 0 / 0                 0 / 0           MB/s
[80.129s][info][gc,stats    ]      Memory: Page Cache Hit L1                                74 / 96               55 / 115              55 / 115              55 / 115         ops/s
[80.129s][info][gc,stats    ]      Memory: Page Cache Hit L2                                 0 / 0                 0 / 0                 0 / 0                 0 / 0           ops/s
[80.129s][info][gc,stats    ]      Memory: Page Cache Hit L3                                 0 / 0                 2 / 26                2 / 26                2 / 26          ops/s
[80.129s][info][gc,stats    ]      Memory: Page Cache Miss                                   0 / 0                 0 / 1                 0 / 1                 0 / 1           ops/s
[80.129s][info][gc,stats    ]      Memory: Uncommit                                          0 / 0                 0 / 0                 0 / 0                 0 / 0           MB/s
[80.129s][info][gc,stats    ]      Memory: Undo Object Allocation Failed                     0 / 0                 0 / 0                 0 / 0                 0 / 0           ops/s
[80.129s][info][gc,stats    ]      Memory: Undo Object Allocation Succeeded                  0 / 0                 0 / 2                 0 / 2                 0 / 2           ops/s
[80.129s][info][gc,stats    ]      Memory: Undo Page Allocation                              0 / 0                 0 / 0                 0 / 0                 0 / 0           ops/s
[80.129s][info][gc,stats    ]       Phase: Concurrent Mark                              30.820 / 35.166       33.114 / 125.351      33.114 / 125.351      33.114 / 125.351     ms
[80.129s][info][gc,stats    ]       Phase: Concurrent Mark Continue                      0.000 / 0.000         0.000 / 0.000         0.000 / 0.000         0.000 / 0.000       ms
[80.129s][info][gc,stats    ]       Phase: Concurrent Mark Free                          0.003 / 0.005         0.002 / 0.005         0.002 / 0.005         0.002 / 0.005       ms
[80.129s][info][gc,stats    ]       Phase: Concurrent Process Non-Strong References     18.274 / 19.106       17.493 / 24.445       17.493 / 24.445       17.493 / 24.445      ms
[80.129s][info][gc,stats    ]       Phase: Concurrent Relocate                           1.189 / 1.355         2.884 / 20.770        2.884 / 20.770        2.884 / 20.770      ms
[80.129s][info][gc,stats    ]       Phase: Concurrent Reset Relocation Set               0.002 / 0.004         0.003 / 0.015         0.003 / 0.015         0.003 / 0.015       ms
[80.129s][info][gc,stats    ]       Phase: Concurrent Select Relocation Set              1.388 / 1.487         1.754 / 5.504         1.754 / 5.504         1.754 / 5.504       ms
[80.129s][info][gc,stats    ]       Phase: Pause Mark End                                0.026 / 0.031         0.028 / 0.071         0.028 / 0.071         0.028 / 0.071       ms
[80.130s][info][gc,stats    ]       Phase: Pause Mark Start                              0.010 / 0.012         0.009 / 0.018         0.009 / 0.018         0.009 / 0.018       ms
[80.130s][info][gc,stats    ]       Phase: Pause Relocate Start                          0.008 / 0.008         0.009 / 0.017         0.009 / 0.017         0.009 / 0.017       ms
[80.130s][info][gc,stats    ]    Subphase: Concurrent Classes Purge                      0.386 / 0.461         1.008 / 2.572         1.008 / 2.572         1.008 / 2.572       ms
[80.130s][info][gc,stats    ]    Subphase: Concurrent Classes Unlink                    16.465 / 16.925       14.807 / 18.610       14.807 / 18.610       14.807 / 18.610      ms
[80.130s][info][gc,stats    ]    Subphase: Concurrent Mark                              24.725 / 34.738       28.402 / 123.883      28.402 / 123.883      28.402 / 123.883     ms
[80.130s][info][gc,stats    ]    Subphase: Concurrent Mark Try Flush                     0.074 / 0.150         0.080 / 0.493         0.080 / 0.493         0.080 / 0.493       ms
[80.130s][info][gc,stats    ]    Subphase: Concurrent Mark Try Terminate                 3.935 / 16.659        3.057 / 16.659        3.057 / 16.659        3.057 / 16.659      ms
[80.130s][info][gc,stats    ]    Subphase: Concurrent References Enqueue                 0.006 / 0.006         0.004 / 0.006         0.004 / 0.006         0.004 / 0.006       ms
[80.130s][info][gc,stats    ]    Subphase: Concurrent References Process                 0.529 / 0.881         0.491 / 2.468         0.491 / 2.468         0.491 / 2.468       ms
[80.130s][info][gc,stats    ]    Subphase: Concurrent Roots ClassLoaderDataGraph         0.080 / 0.173         0.088 / 0.315         0.088 / 0.315         0.088 / 0.315       ms
[80.130s][info][gc,stats    ]    Subphase: Concurrent Roots CodeCache                    0.000 / 0.000         0.000 / 0.000         0.000 / 0.000         0.000 / 0.000       ms
[80.130s][info][gc,stats    ]    Subphase: Concurrent Roots JavaThreads                  0.222 / 0.433         0.281 / 2.311         0.281 / 2.311         0.281 / 2.311       ms
[80.130s][info][gc,stats    ]    Subphase: Concurrent Roots OopStorageSet                0.014 / 0.022         0.017 / 0.051         0.017 / 0.051         0.017 / 0.051       ms
[80.130s][info][gc,stats    ]    Subphase: Concurrent Weak Roots OopStorageSet           0.630 / 0.770         0.650 / 1.165         0.650 / 1.165         0.650 / 1.165       ms
[80.130s][info][gc,stats    ]    Subphase: Pause Mark Try Complete                       0.000 / 0.000         0.009 / 0.028         0.009 / 0.028         0.009 / 0.028       ms
[80.130s][info][gc,stats    ]      System: Java Threads                                     11 / 11               11 / 12               11 / 12               11 / 12          threads
[80.130s][info][gc,stats    ] =========================================================================================================================================================
[81.520s][info][gc,start    ] GC(34) Garbage Collection (System.gc())
[81.520s][info][gc,task     ] GC(34) Using 2 workers
[81.520s][info][gc,phases   ] GC(34) Pause Mark Start 0.009ms
[81.544s][info][gc,phases   ] GC(34) Concurrent Mark 23.805ms
[81.544s][info][gc,phases   ] GC(34) Pause Mark End 0.028ms
[81.544s][info][gc,phases   ] GC(34) Concurrent Mark Free 0.003ms
[81.562s][info][gc,phases   ] GC(34) Concurrent Process Non-Strong References 17.565ms
[81.562s][info][gc,phases   ] GC(34) Concurrent Reset Relocation Set 0.002ms
[81.563s][info][gc,phases   ] GC(34) Concurrent Select Relocation Set 1.317ms
[81.563s][info][gc,phases   ] GC(34) Pause Relocate Start 0.008ms
[81.565s][info][gc,phases   ] GC(34) Concurrent Relocate 1.354ms
[81.565s][info][gc,load     ] GC(34) Load: 0.00/0.00/0.00
[81.565s][info][gc,mmu      ] GC(34) MMU: 2ms/96.4%, 5ms/98.5%, 10ms/99.2%, 20ms/99.6%, 50ms/99.8%, 100ms/99.9%
[81.565s][info][gc,marking  ] GC(34) Mark: 2 stripe(s), 1 proactive flush(es), 1 terminate flush(es), 0 completion(s), 0 continuation(s) 
[81.565s][info][gc,marking  ] GC(34) Mark Stack Usage: 32M
[81.565s][info][gc,nmethod  ] GC(34) NMethods: 12761 registered, 5697 unregistered
[81.565s][info][gc,metaspace] GC(34) Metaspace: 59M used, 60M committed, 1088M reserved
[81.565s][info][gc,ref      ] GC(34) Soft: 617 encountered, 0 discovered, 0 enqueued
[81.565s][info][gc,ref      ] GC(34) Weak: 6143 encountered, 842 discovered, 26 enqueued
[81.565s][info][gc,ref      ] GC(34) Final: 0 encountered, 0 discovered, 0 enqueued
[81.565s][info][gc,ref      ] GC(34) Phantom: 79 encountered, 53 discovered, 0 enqueued
[81.565s][info][gc,reloc    ] GC(34) Small Pages: 159 / 318M, Empty: 242M, Relocated: 1M, In-Place: 0
[81.565s][info][gc,reloc    ] GC(34) Medium Pages: 2 / 64M, Empty: 32M, Relocated: 0M, In-Place: 0
[81.565s][info][gc,reloc    ] GC(34) Large Pages: 0 / 0M, Empty: 0M, Relocated: 0M, In-Place: 0
[81.565s][info][gc,reloc    ] GC(34) Forwarding Usage: 0M
[81.565s][info][gc,heap     ] GC(34) Min Capacity: 1024M(100%)
[81.565s][info][gc,heap     ] GC(34) Max Capacity: 1024M(100%)
[81.565s][info][gc,heap     ] GC(34) Soft Max Capacity: 1024M(100%)
[81.565s][info][gc,heap     ] GC(34)                Mark Start          Mark End        Relocate Start      Relocate End           High               Low         
[81.565s][info][gc,heap     ] GC(34)  Capacity:     1024M (100%)       1024M (100%)       1024M (100%)       1024M (100%)       1024M (100%)       1024M (100%)   
[81.565s][info][gc,heap     ] GC(34)      Free:      642M (63%)         642M (63%)         916M (89%)         960M (94%)         960M (94%)         642M (63%)    
[81.565s][info][gc,heap     ] GC(34)      Used:      382M (37%)         382M (37%)         108M (11%)          64M (6%)          382M (37%)          64M (6%)     
[81.565s][info][gc,heap     ] GC(34)      Live:         -                28M (3%)           28M (3%)           28M (3%)             -                  -          
[81.565s][info][gc,heap     ] GC(34) Allocated:         -                 0M (0%)            0M (0%)            0M (0%)             -                  -          
[81.565s][info][gc,heap     ] GC(34)   Garbage:         -               353M (34%)          79M (8%)           35M (3%)             -                  -          
[81.565s][info][gc,heap     ] GC(34) Reclaimed:         -                  -               274M (27%)         318M (31%)            -                  -          
[81.565s][info][gc          ] GC(34) Garbage Collection (System.gc()) 382M(37%)->64M(6%)
[83.391s][info][gc,start    ] GC(35) Garbage Collection (System.gc())
[83.391s][info][gc,task     ] GC(35) Using 2 workers
[83.391s][info][gc,phases   ] GC(35) Pause Mark Start 0.011ms
[83.413s][info][gc,phases   ] GC(35) Concurrent Mark 21.017ms
[83.413s][info][gc,phases   ] GC(35) Pause Mark End 0.018ms
[83.413s][info][gc,phases   ] GC(35) Concurrent Mark Free 0.002ms
[83.431s][info][gc,phases   ] GC(35) Concurrent Process Non-Strong References 18.067ms
[83.431s][info][gc,phases   ] GC(35) Concurrent Reset Relocation Set 0.002ms
[83.432s][info][gc,phases   ] GC(35) Concurrent Select Relocation Set 1.456ms
[83.433s][info][gc,phases   ] GC(35) Pause Relocate Start 0.008ms
[83.434s][info][gc,phases   ] GC(35) Concurrent Relocate 1.579ms
[83.434s][info][gc,load     ] GC(35) Load: 0.00/0.00/0.00
[83.434s][info][gc,mmu      ] GC(35) MMU: 2ms/96.4%, 5ms/98.5%, 10ms/99.2%, 20ms/99.6%, 50ms/99.8%, 100ms/99.9%
[83.434s][info][gc,marking  ] GC(35) Mark: 2 stripe(s), 1 proactive flush(es), 1 terminate flush(es), 0 completion(s), 0 continuation(s) 
[83.434s][info][gc,marking  ] GC(35) Mark Stack Usage: 32M
[83.434s][info][gc,nmethod  ] GC(35) NMethods: 12780 registered, 5755 unregistered
[83.434s][info][gc,metaspace] GC(35) Metaspace: 59M used, 60M committed, 1088M reserved
[83.434s][info][gc,ref      ] GC(35) Soft: 617 encountered, 0 discovered, 0 enqueued
[83.434s][info][gc,ref      ] GC(35) Weak: 6218 encountered, 100 discovered, 71 enqueued
[83.434s][info][gc,ref      ] GC(35) Final: 0 encountered, 0 discovered, 0 enqueued
[83.434s][info][gc,ref      ] GC(35) Phantom: 79 encountered, 45 discovered, 0 enqueued
[83.434s][info][gc,reloc    ] GC(35) Small Pages: 159 / 318M, Empty: 240M, Relocated: 1M, In-Place: 0
[83.435s][info][gc,reloc    ] GC(35) Medium Pages: 2 / 64M, Empty: 32M, Relocated: 0M, In-Place: 0
[83.435s][info][gc,reloc    ] GC(35) Large Pages: 0 / 0M, Empty: 0M, Relocated: 0M, In-Place: 0
[83.435s][info][gc,reloc    ] GC(35) Forwarding Usage: 0M
[83.435s][info][gc,heap     ] GC(35) Min Capacity: 1024M(100%)
[83.435s][info][gc,heap     ] GC(35) Max Capacity: 1024M(100%)
[83.435s][info][gc,heap     ] GC(35) Soft Max Capacity: 1024M(100%)
[83.435s][info][gc,heap     ] GC(35)                Mark Start          Mark End        Relocate Start      Relocate End           High               Low         
[83.435s][info][gc,heap     ] GC(35)  Capacity:     1024M (100%)       1024M (100%)       1024M (100%)       1024M (100%)       1024M (100%)       1024M (100%)   
[83.435s][info][gc,heap     ] GC(35)      Free:      642M (63%)         642M (63%)         914M (89%)         960M (94%)         960M (94%)         642M (63%)    
[83.435s][info][gc,heap     ] GC(35)      Used:      382M (37%)         382M (37%)         110M (11%)          64M (6%)          382M (37%)          64M (6%)     
[83.435s][info][gc,heap     ] GC(35)      Live:         -                28M (3%)           28M (3%)           28M (3%)             -                  -          
[83.435s][info][gc,heap     ] GC(35) Allocated:         -                 0M (0%)            0M (0%)            0M (0%)             -                  -          
[83.435s][info][gc,heap     ] GC(35)   Garbage:         -               353M (34%)          81M (8%)           35M (3%)             -                  -          
[83.435s][info][gc,heap     ] GC(35) Reclaimed:         -                  -               272M (27%)         318M (31%)            -                  -          
[83.435s][info][gc          ] GC(35) Garbage Collection (System.gc()) 382M(37%)->64M(6%)
[85.406s][info][gc,start    ] GC(36) Garbage Collection (System.gc())
[85.406s][info][gc,task     ] GC(36) Using 2 workers
[85.406s][info][gc,phases   ] GC(36) Pause Mark Start 0.005ms
[85.424s][info][gc,phases   ] GC(36) Concurrent Mark 18.384ms
[85.424s][info][gc,phases   ] GC(36) Pause Mark End 0.012ms
[85.424s][info][gc,phases   ] GC(36) Concurrent Mark Free 0.002ms
[85.441s][info][gc,phases   ] GC(36) Concurrent Process Non-Strong References 16.748ms
[85.441s][info][gc,phases   ] GC(36) Concurrent Reset Relocation Set 0.002ms
[85.442s][info][gc,phases   ] GC(36) Concurrent Select Relocation Set 1.230ms
[85.443s][info][gc,phases   ] GC(36) Pause Relocate Start 0.007ms
[85.444s][info][gc,phases   ] GC(36) Concurrent Relocate 1.492ms
[85.444s][info][gc,load     ] GC(36) Load: 0.00/0.00/0.00
[85.444s][info][gc,mmu      ] GC(36) MMU: 2ms/96.4%, 5ms/98.5%, 10ms/99.2%, 20ms/99.6%, 50ms/99.8%, 100ms/99.9%
[85.444s][info][gc,marking  ] GC(36) Mark: 2 stripe(s), 1 proactive flush(es), 1 terminate flush(es), 0 completion(s), 0 continuation(s) 
[85.444s][info][gc,marking  ] GC(36) Mark Stack Usage: 32M
[85.444s][info][gc,nmethod  ] GC(36) NMethods: 12890 registered, 5831 unregistered
[85.444s][info][gc,metaspace] GC(36) Metaspace: 60M used, 60M committed, 1088M reserved
[85.444s][info][gc,ref      ] GC(36) Soft: 617 encountered, 0 discovered, 0 enqueued
[85.444s][info][gc,ref      ] GC(36) Weak: 6143 encountered, 1435 discovered, 26 enqueued
[85.444s][info][gc,ref      ] GC(36) Final: 0 encountered, 0 discovered, 0 enqueued
[85.444s][info][gc,ref      ] GC(36) Phantom: 79 encountered, 46 discovered, 0 enqueued
[85.444s][info][gc,reloc    ] GC(36) Small Pages: 159 / 318M, Empty: 246M, Relocated: 1M, In-Place: 0
[85.444s][info][gc,reloc    ] GC(36) Medium Pages: 2 / 64M, Empty: 32M, Relocated: 0M, In-Place: 0
[85.444s][info][gc,reloc    ] GC(36) Large Pages: 0 / 0M, Empty: 0M, Relocated: 0M, In-Place: 0
[85.444s][info][gc,reloc    ] GC(36) Forwarding Usage: 0M
[85.444s][info][gc,heap     ] GC(36) Min Capacity: 1024M(100%)
[85.444s][info][gc,heap     ] GC(36) Max Capacity: 1024M(100%)
[85.444s][info][gc,heap     ] GC(36) Soft Max Capacity: 1024M(100%)
[85.444s][info][gc,heap     ] GC(36)                Mark Start          Mark End        Relocate Start      Relocate End           High               Low         
[85.444s][info][gc,heap     ] GC(36)  Capacity:     1024M (100%)       1024M (100%)       1024M (100%)       1024M (100%)       1024M (100%)       1024M (100%)   
[85.445s][info][gc,heap     ] GC(36)      Free:      642M (63%)         642M (63%)         920M (90%)         960M (94%)         960M (94%)         642M (63%)    
[85.445s][info][gc,heap     ] GC(36)      Used:      382M (37%)         382M (37%)         104M (10%)          64M (6%)          382M (37%)          64M (6%)     
[85.445s][info][gc,heap     ] GC(36)      Live:         -                28M (3%)           28M (3%)           28M (3%)             -                  -          
[85.445s][info][gc,heap     ] GC(36) Allocated:         -                 0M (0%)            0M (0%)            0M (0%)             -                  -          
[85.445s][info][gc,heap     ] GC(36)   Garbage:         -               353M (34%)          75M (7%)           35M (3%)             -                  -          
[85.445s][info][gc,heap     ] GC(36) Reclaimed:         -                  -               278M (27%)         318M (31%)            -                  -          
[85.445s][info][gc          ] GC(36) Garbage Collection (System.gc()) 382M(37%)->64M(6%)
[87.273s][info][gc,start    ] GC(37) Garbage Collection (System.gc())
[87.273s][info][gc,task     ] GC(37) Using 2 workers
[87.273s][info][gc,phases   ] GC(37) Pause Mark Start 0.008ms
[87.309s][info][gc,phases   ] GC(37) Concurrent Mark 35.433ms
[87.309s][info][gc,phases   ] GC(37) Pause Mark End 0.026ms
[87.309s][info][gc,phases   ] GC(37) Concurrent Mark Free 0.003ms
[87.328s][info][gc,phases   ] GC(37) Concurrent Process Non-Strong References 18.670ms
[87.328s][info][gc,phases   ] GC(37) Concurrent Reset Relocation Set 0.002ms
[87.329s][info][gc,phases   ] GC(37) Concurrent Select Relocation Set 1.438ms
[87.330s][info][gc,phases   ] GC(37) Pause Relocate Start 0.007ms
[87.331s][info][gc,phases   ] GC(37) Concurrent Relocate 1.181ms
[87.331s][info][gc,load     ] GC(37) Load: 0.00/0.00/0.00
[87.331s][info][gc,mmu      ] GC(37) MMU: 2ms/96.4%, 5ms/98.5%, 10ms/99.2%, 20ms/99.6%, 50ms/99.8%, 100ms/99.9%
[87.331s][info][gc,marking  ] GC(37) Mark: 2 stripe(s), 1 proactive flush(es), 1 terminate flush(es), 0 completion(s), 0 continuation(s) 
[87.331s][info][gc,marking  ] GC(37) Mark Stack Usage: 32M
[87.331s][info][gc,nmethod  ] GC(37) NMethods: 12906 registered, 5889 unregistered
[87.331s][info][gc,metaspace] GC(37) Metaspace: 60M used, 60M committed, 1088M reserved
[87.331s][info][gc,ref      ] GC(37) Soft: 617 encountered, 0 discovered, 0 enqueued
[87.331s][info][gc,ref      ] GC(37) Weak: 6218 encountered, 5290 discovered, 71 enqueued
[87.331s][info][gc,ref      ] GC(37) Final: 0 encountered, 0 discovered, 0 enqueued
[87.331s][info][gc,ref      ] GC(37) Phantom: 79 encountered, 69 discovered, 0 enqueued
[87.331s][info][gc,reloc    ] GC(37) Small Pages: 159 / 318M, Empty: 244M, Relocated: 1M, In-Place: 0
[87.331s][info][gc,reloc    ] GC(37) Medium Pages: 2 / 64M, Empty: 32M, Relocated: 0M, In-Place: 0
[87.331s][info][gc,reloc    ] GC(37) Large Pages: 0 / 0M, Empty: 0M, Relocated: 0M, In-Place: 0
[87.331s][info][gc,reloc    ] GC(37) Forwarding Usage: 0M
[87.331s][info][gc,heap     ] GC(37) Min Capacity: 1024M(100%)
[87.331s][info][gc,heap     ] GC(37) Max Capacity: 1024M(100%)
[87.331s][info][gc,heap     ] GC(37) Soft Max Capacity: 1024M(100%)
[87.331s][info][gc,heap     ] GC(37)                Mark Start          Mark End        Relocate Start      Relocate End           High               Low         
[87.331s][info][gc,heap     ] GC(37)  Capacity:     1024M (100%)       1024M (100%)       1024M (100%)       1024M (100%)       1024M (100%)       1024M (100%)   
[87.331s][info][gc,heap     ] GC(37)      Free:      642M (63%)         642M (63%)         918M (90%)         960M (94%)         960M (94%)         642M (63%)    
[87.331s][info][gc,heap     ] GC(37)      Used:      382M (37%)         382M (37%)         106M (10%)          64M (6%)          382M (37%)          64M (6%)     
[87.331s][info][gc,heap     ] GC(37)      Live:         -                28M (3%)           28M (3%)           28M (3%)             -                  -          
[87.331s][info][gc,heap     ] GC(37) Allocated:         -                 0M (0%)            0M (0%)            0M (0%)             -                  -          
[87.331s][info][gc,heap     ] GC(37)   Garbage:         -               353M (34%)          77M (8%)           35M (3%)             -                  -          
[87.331s][info][gc,heap     ] GC(37) Reclaimed:         -                  -               276M (27%)         318M (31%)            -                  -          
[87.331s][info][gc          ] GC(37) Garbage Collection (System.gc()) 382M(37%)->64M(6%)
[89.142s][info][gc,start    ] GC(38) Garbage Collection (System.gc())
[89.142s][info][gc,task     ] GC(38) Using 2 workers
[89.142s][info][gc,phases   ] GC(38) Pause Mark Start 0.011ms
[89.164s][info][gc,phases   ] GC(38) Concurrent Mark 21.872ms
[89.165s][info][gc,phases   ] GC(38) Pause Mark End 0.015ms
[89.165s][info][gc,phases   ] GC(38) Concurrent Mark Free 0.002ms
[89.182s][info][gc,phases   ] GC(38) Concurrent Process Non-Strong References 17.758ms
[89.183s][info][gc,phases   ] GC(38) Concurrent Reset Relocation Set 0.002ms
[89.184s][info][gc,phases   ] GC(38) Concurrent Select Relocation Set 1.335ms
[89.184s][info][gc,phases   ] GC(38) Pause Relocate Start 0.008ms
[89.185s][info][gc,phases   ] GC(38) Concurrent Relocate 1.270ms
[89.185s][info][gc,load     ] GC(38) Load: 0.00/0.00/0.00
[89.185s][info][gc,mmu      ] GC(38) MMU: 2ms/96.4%, 5ms/98.5%, 10ms/99.2%, 20ms/99.6%, 50ms/99.8%, 100ms/99.9%
[89.185s][info][gc,marking  ] GC(38) Mark: 2 stripe(s), 1 proactive flush(es), 1 terminate flush(es), 0 completion(s), 0 continuation(s) 
[89.185s][info][gc,marking  ] GC(38) Mark Stack Usage: 32M
[89.185s][info][gc,nmethod  ] GC(38) NMethods: 12912 registered, 5941 unregistered
[89.185s][info][gc,metaspace] GC(38) Metaspace: 60M used, 60M committed, 1088M reserved
[89.185s][info][gc,ref      ] GC(38) Soft: 617 encountered, 0 discovered, 0 enqueued
[89.185s][info][gc,ref      ] GC(38) Weak: 6143 encountered, 5329 discovered, 26 enqueued
[89.185s][info][gc,ref      ] GC(38) Final: 0 encountered, 0 discovered, 0 enqueued
[89.185s][info][gc,ref      ] GC(38) Phantom: 79 encountered, 41 discovered, 0 enqueued
[89.185s][info][gc,reloc    ] GC(38) Small Pages: 159 / 318M, Empty: 246M, Relocated: 1M, In-Place: 0
[89.185s][info][gc,reloc    ] GC(38) Medium Pages: 2 / 64M, Empty: 32M, Relocated: 0M, In-Place: 0
[89.185s][info][gc,reloc    ] GC(38) Large Pages: 0 / 0M, Empty: 0M, Relocated: 0M, In-Place: 0
[89.185s][info][gc,reloc    ] GC(38) Forwarding Usage: 0M
[89.185s][info][gc,heap     ] GC(38) Min Capacity: 1024M(100%)
[89.185s][info][gc,heap     ] GC(38) Max Capacity: 1024M(100%)
[89.185s][info][gc,heap     ] GC(38) Soft Max Capacity: 1024M(100%)
[89.185s][info][gc,heap     ] GC(38)                Mark Start          Mark End        Relocate Start      Relocate End           High               Low         
[89.185s][info][gc,heap     ] GC(38)  Capacity:     1024M (100%)       1024M (100%)       1024M (100%)       1024M (100%)       1024M (100%)       1024M (100%)   
[89.185s][info][gc,heap     ] GC(38)      Free:      642M (63%)         642M (63%)         920M (90%)         960M (94%)         960M (94%)         642M (63%)    
[89.185s][info][gc,heap     ] GC(38)      Used:      382M (37%)         382M (37%)         104M (10%)          64M (6%)          382M (37%)          64M (6%)     
[89.186s][info][gc,heap     ] GC(38)      Live:         -                28M (3%)           28M (3%)           28M (3%)             -                  -          
[89.186s][info][gc,heap     ] GC(38) Allocated:         -                 0M (0%)            0M (0%)            0M (0%)             -                  -          
[89.186s][info][gc,heap     ] GC(38)   Garbage:         -               353M (34%)          75M (7%)           35M (3%)             -                  -          
[89.186s][info][gc,heap     ] GC(38) Reclaimed:         -                  -               278M (27%)         318M (31%)            -                  -          
[89.186s][info][gc          ] GC(38) Garbage Collection (System.gc()) 382M(37%)->64M(6%)
[90.122s][info][gc,stats    ] === Garbage Collection Statistics =======================================================================================================================
[90.122s][info][gc,stats    ]                                                              Last 10s              Last 10m              Last 10h                Total
[90.122s][info][gc,stats    ]                                                              Avg / Max             Avg / Max             Avg / Max             Avg / Max
[90.122s][info][gc,stats    ]   Collector: Garbage Collection Cycle                     45.458 / 57.673       55.317 / 178.833      55.317 / 178.833      55.317 / 178.833     ms
[90.123s][info][gc,stats    ]  Contention: Mark Segment Reset Contention                     0 / 0                 0 / 2                 0 / 2                 0 / 2           ops/s
[90.123s][info][gc,stats    ]  Contention: Mark SeqNum Reset Contention                      0 / 0                 0 / 1                 0 / 1                 0 / 1           ops/s
[90.123s][info][gc,stats    ]    Critical: Allocation Stall                                  0 / 0                 0 / 0                 0 / 0                 0 / 0           ops/s
[90.123s][info][gc,stats    ]    Critical: Allocation Stall                              0.000 / 0.000         0.000 / 0.000         0.000 / 0.000         0.000 / 0.000       ms
[90.123s][info][gc,stats    ]    Critical: GC Locker Stall                                   0 / 0                 0 / 0                 0 / 0                 0 / 0           ops/s
[90.123s][info][gc,stats    ]    Critical: GC Locker Stall                               0.000 / 0.000         0.000 / 0.000         0.000 / 0.000         0.000 / 0.000       ms
[90.123s][info][gc,stats    ]    Critical: Relocation Stall                                  0 / 0                 0 / 0                 0 / 0                 0 / 0           ops/s
[90.123s][info][gc,stats    ]    Critical: Relocation Stall                              0.000 / 0.000         0.000 / 0.000         0.000 / 0.000         0.000 / 0.000       ms
[90.123s][info][gc,stats    ]      Memory: Allocation Rate                                 170 / 320             130 / 320             130 / 320             130 / 320         MB/s
[90.123s][info][gc,stats    ]      Memory: Defragment                                        0 / 0                 0 / 0                 0 / 0                 0 / 0           ops/s
[90.123s][info][gc,stats    ]      Memory: Out Of Memory                                     0 / 0                 0 / 0                 0 / 0                 0 / 0           ops/s
[90.123s][info][gc,stats    ]      Memory: Page Cache Flush                                  0 / 0                 0 / 0                 0 / 0                 0 / 0           MB/s
[90.123s][info][gc,stats    ]      Memory: Page Cache Hit L1                                78 / 147              57 / 147              57 / 147              57 / 147         ops/s
[90.123s][info][gc,stats    ]      Memory: Page Cache Hit L2                                 0 / 0                 0 / 0                 0 / 0                 0 / 0           ops/s
[90.123s][info][gc,stats    ]      Memory: Page Cache Hit L3                                 0 / 0                 2 / 26                2 / 26                2 / 26          ops/s
[90.123s][info][gc,stats    ]      Memory: Page Cache Miss                                   0 / 0                 0 / 1                 0 / 1                 0 / 1           ops/s
[90.123s][info][gc,stats    ]      Memory: Uncommit                                          0 / 0                 0 / 0                 0 / 0                 0 / 0           MB/s
[90.123s][info][gc,stats    ]      Memory: Undo Object Allocation Failed                     0 / 0                 0 / 0                 0 / 0                 0 / 0           ops/s
[90.123s][info][gc,stats    ]      Memory: Undo Object Allocation Succeeded                  0 / 0                 0 / 2                 0 / 2                 0 / 2           ops/s
[90.123s][info][gc,stats    ]      Memory: Undo Page Allocation                              0 / 0                 0 / 0                 0 / 0                 0 / 0           ops/s
[90.123s][info][gc,stats    ]       Phase: Concurrent Mark                              24.102 / 35.433       31.958 / 125.351      31.958 / 125.351      31.958 / 125.351     ms
[90.123s][info][gc,stats    ]       Phase: Concurrent Mark Continue                      0.000 / 0.000         0.000 / 0.000         0.000 / 0.000         0.000 / 0.000       ms
[90.123s][info][gc,stats    ]       Phase: Concurrent Mark Free                          0.002 / 0.003         0.002 / 0.005         0.002 / 0.005         0.002 / 0.005       ms
[90.123s][info][gc,stats    ]       Phase: Concurrent Process Non-Strong References     17.762 / 18.670       17.528 / 24.445       17.528 / 24.445       17.528 / 24.445      ms
[90.123s][info][gc,stats    ]       Phase: Concurrent Relocate                           1.375 / 1.579         2.691 / 20.770        2.691 / 20.770        2.691 / 20.770      ms
[90.123s][info][gc,stats    ]       Phase: Concurrent Reset Relocation Set               0.002 / 0.002         0.003 / 0.015         0.003 / 0.015         0.003 / 0.015       ms
[90.123s][info][gc,stats    ]       Phase: Concurrent Select Relocation Set              1.355 / 1.456         1.703 / 5.504         1.703 / 5.504         1.703 / 5.504       ms
[90.123s][info][gc,stats    ]       Phase: Pause Mark End                                0.020 / 0.028         0.027 / 0.071         0.027 / 0.071         0.027 / 0.071       ms
[90.123s][info][gc,stats    ]       Phase: Pause Mark Start                              0.009 / 0.011         0.009 / 0.018         0.009 / 0.018         0.009 / 0.018       ms
[90.123s][info][gc,stats    ]       Phase: Pause Relocate Start                          0.007 / 0.008         0.009 / 0.017         0.009 / 0.017         0.009 / 0.017       ms
[90.123s][info][gc,stats    ]    Subphase: Concurrent Classes Purge                      0.283 / 0.374         0.915 / 2.572         0.915 / 2.572         0.915 / 2.572       ms
[90.123s][info][gc,stats    ]    Subphase: Concurrent Classes Unlink                    16.254 / 16.607       14.992 / 18.610       14.992 / 18.610       14.992 / 18.610      ms
[90.123s][info][gc,stats    ]    Subphase: Concurrent Mark                              21.074 / 34.806       27.463 / 123.883      27.463 / 123.883      27.463 / 123.883     ms
[90.123s][info][gc,stats    ]    Subphase: Concurrent Mark Try Flush                     0.088 / 0.148         0.081 / 0.493         0.081 / 0.493         0.081 / 0.493       ms
[90.123s][info][gc,stats    ]    Subphase: Concurrent Mark Try Terminate                 1.930 / 14.821        2.914 / 16.659        2.914 / 16.659        2.914 / 16.659      ms
[90.123s][info][gc,stats    ]    Subphase: Concurrent References Enqueue                 0.005 / 0.006         0.004 / 0.006         0.004 / 0.006         0.004 / 0.006       ms
[90.123s][info][gc,stats    ]    Subphase: Concurrent References Process                 0.366 / 0.780         0.475 / 2.468         0.475 / 2.468         0.475 / 2.468       ms
[90.123s][info][gc,stats    ]    Subphase: Concurrent Roots ClassLoaderDataGraph         0.098 / 0.257         0.089 / 0.315         0.089 / 0.315         0.089 / 0.315       ms
[90.123s][info][gc,stats    ]    Subphase: Concurrent Roots CodeCache                    0.000 / 0.000         0.000 / 0.000         0.000 / 0.000         0.000 / 0.000       ms
[90.123s][info][gc,stats    ]    Subphase: Concurrent Roots JavaThreads                  0.239 / 0.437         0.276 / 2.311         0.276 / 2.311         0.276 / 2.311       ms
[90.123s][info][gc,stats    ]    Subphase: Concurrent Roots OopStorageSet                0.017 / 0.025         0.017 / 0.051         0.017 / 0.051         0.017 / 0.051       ms
[90.123s][info][gc,stats    ]    Subphase: Concurrent Weak Roots OopStorageSet           0.657 / 0.995         0.651 / 1.165         0.651 / 1.165         0.651 / 1.165       ms
[90.123s][info][gc,stats    ]    Subphase: Pause Mark Try Complete                       0.000 / 0.000         0.009 / 0.028         0.009 / 0.028         0.009 / 0.028       ms
[90.123s][info][gc,stats    ]      System: Java Threads                                     11 / 11               11 / 12               11 / 12               11 / 12          threads
[90.123s][info][gc,stats    ] =========================================================================================================================================================
[91.008s][info][gc,start    ] GC(39) Garbage Collection (System.gc())
[91.008s][info][gc,task     ] GC(39) Using 2 workers
[91.008s][info][gc,phases   ] GC(39) Pause Mark Start 0.011ms
[91.033s][info][gc,phases   ] GC(39) Concurrent Mark 24.947ms
[91.034s][info][gc,phases   ] GC(39) Pause Mark End 0.020ms
[91.034s][info][gc,phases   ] GC(39) Concurrent Mark Free 0.001ms
[91.051s][info][gc,phases   ] GC(39) Concurrent Process Non-Strong References 17.687ms
[91.051s][info][gc,phases   ] GC(39) Concurrent Reset Relocation Set 0.002ms
[91.053s][info][gc,phases   ] GC(39) Concurrent Select Relocation Set 1.620ms
[91.053s][info][gc,phases   ] GC(39) Pause Relocate Start 0.007ms
[91.054s][info][gc,phases   ] GC(39) Concurrent Relocate 1.106ms
[91.054s][info][gc,load     ] GC(39) Load: 0.00/0.00/0.00
[91.054s][info][gc,mmu      ] GC(39) MMU: 2ms/96.4%, 5ms/98.5%, 10ms/99.2%, 20ms/99.6%, 50ms/99.8%, 100ms/99.9%
[91.054s][info][gc,marking  ] GC(39) Mark: 2 stripe(s), 3 proactive flush(es), 1 terminate flush(es), 0 completion(s), 0 continuation(s) 
[91.054s][info][gc,marking  ] GC(39) Mark Stack Usage: 32M
[91.054s][info][gc,nmethod  ] GC(39) NMethods: 12927 registered, 6007 unregistered
[91.054s][info][gc,metaspace] GC(39) Metaspace: 60M used, 60M committed, 1088M reserved
[91.054s][info][gc,ref      ] GC(39) Soft: 617 encountered, 0 discovered, 0 enqueued
[91.054s][info][gc,ref      ] GC(39) Weak: 6218 encountered, 5456 discovered, 71 enqueued
[91.054s][info][gc,ref      ] GC(39) Final: 0 encountered, 0 discovered, 0 enqueued
[91.054s][info][gc,ref      ] GC(39) Phantom: 79 encountered, 47 discovered, 0 enqueued
[91.054s][info][gc,reloc    ] GC(39) Small Pages: 160 / 320M, Empty: 230M, Relocated: 1M, In-Place: 0
[91.054s][info][gc,reloc    ] GC(39) Medium Pages: 2 / 64M, Empty: 32M, Relocated: 0M, In-Place: 0
[91.054s][info][gc,reloc    ] GC(39) Large Pages: 0 / 0M, Empty: 0M, Relocated: 0M, In-Place: 0
[91.054s][info][gc,reloc    ] GC(39) Forwarding Usage: 0M
[91.054s][info][gc,heap     ] GC(39) Min Capacity: 1024M(100%)
[91.054s][info][gc,heap     ] GC(39) Max Capacity: 1024M(100%)
[91.054s][info][gc,heap     ] GC(39) Soft Max Capacity: 1024M(100%)
[91.054s][info][gc,heap     ] GC(39)                Mark Start          Mark End        Relocate Start      Relocate End           High               Low         
[91.054s][info][gc,heap     ] GC(39)  Capacity:     1024M (100%)       1024M (100%)       1024M (100%)       1024M (100%)       1024M (100%)       1024M (100%)   
[91.054s][info][gc,heap     ] GC(39)      Free:      640M (62%)         640M (62%)         902M (88%)         960M (94%)         960M (94%)         640M (62%)    
[91.054s][info][gc,heap     ] GC(39)      Used:      384M (38%)         384M (38%)         122M (12%)          64M (6%)          384M (38%)          64M (6%)     
[91.054s][info][gc,heap     ] GC(39)      Live:         -                28M (3%)           28M (3%)           28M (3%)             -                  -          
[91.054s][info][gc,heap     ] GC(39) Allocated:         -                 0M (0%)            0M (0%)            0M (0%)             -                  -          
[91.054s][info][gc,heap     ] GC(39)   Garbage:         -               355M (35%)          93M (9%)           35M (3%)             -                  -          
[91.054s][info][gc,heap     ] GC(39) Reclaimed:         -                  -               262M (26%)         320M (31%)            -                  -          
[91.054s][info][gc          ] GC(39) Garbage Collection (System.gc()) 384M(38%)->64M(6%)
[92.860s][info][gc,start    ] GC(40) Garbage Collection (System.gc())
[92.860s][info][gc,task     ] GC(40) Using 2 workers
[92.860s][info][gc,phases   ] GC(40) Pause Mark Start 0.008ms
[92.887s][info][gc,phases   ] GC(40) Concurrent Mark 27.229ms
[92.888s][info][gc,phases   ] GC(40) Pause Mark End 0.025ms
[92.888s][info][gc,phases   ] GC(40) Concurrent Mark Free 0.003ms
[92.906s][info][gc,phases   ] GC(40) Concurrent Process Non-Strong References 18.645ms
[92.907s][info][gc,phases   ] GC(40) Concurrent Reset Relocation Set 0.003ms
[92.908s][info][gc,phases   ] GC(40) Concurrent Select Relocation Set 1.395ms
[92.908s][info][gc,phases   ] GC(40) Pause Relocate Start 0.007ms
[92.910s][info][gc,phases   ] GC(40) Concurrent Relocate 1.545ms
[92.910s][info][gc,load     ] GC(40) Load: 0.00/0.00/0.00
[92.910s][info][gc,mmu      ] GC(40) MMU: 2ms/96.4%, 5ms/98.5%, 10ms/99.2%, 20ms/99.6%, 50ms/99.8%, 100ms/99.9%
[92.910s][info][gc,marking  ] GC(40) Mark: 2 stripe(s), 1 proactive flush(es), 1 terminate flush(es), 0 completion(s), 0 continuation(s) 
[92.910s][info][gc,marking  ] GC(40) Mark Stack Usage: 32M
[92.910s][info][gc,nmethod  ] GC(40) NMethods: 12935 registered, 6055 unregistered
[92.910s][info][gc,metaspace] GC(40) Metaspace: 60M used, 60M committed, 1088M reserved
[92.910s][info][gc,ref      ] GC(40) Soft: 617 encountered, 0 discovered, 0 enqueued
[92.910s][info][gc,ref      ] GC(40) Weak: 6143 encountered, 1522 discovered, 26 enqueued
[92.910s][info][gc,ref      ] GC(40) Final: 0 encountered, 0 discovered, 0 enqueued
[92.910s][info][gc,ref      ] GC(40) Phantom: 79 encountered, 70 discovered, 0 enqueued
[92.910s][info][gc,reloc    ] GC(40) Small Pages: 159 / 318M, Empty: 244M, Relocated: 1M, In-Place: 0
[92.910s][info][gc,reloc    ] GC(40) Medium Pages: 2 / 64M, Empty: 32M, Relocated: 0M, In-Place: 0
[92.910s][info][gc,reloc    ] GC(40) Large Pages: 0 / 0M, Empty: 0M, Relocated: 0M, In-Place: 0
[92.910s][info][gc,reloc    ] GC(40) Forwarding Usage: 0M
[92.910s][info][gc,heap     ] GC(40) Min Capacity: 1024M(100%)
[92.910s][info][gc,heap     ] GC(40) Max Capacity: 1024M(100%)
[92.910s][info][gc,heap     ] GC(40) Soft Max Capacity: 1024M(100%)
[92.910s][info][gc,heap     ] GC(40)                Mark Start          Mark End        Relocate Start      Relocate End           High               Low         
[92.910s][info][gc,heap     ] GC(40)  Capacity:     1024M (100%)       1024M (100%)       1024M (100%)       1024M (100%)       1024M (100%)       1024M (100%)   
[92.910s][info][gc,heap     ] GC(40)      Free:      642M (63%)         642M (63%)         918M (90%)         960M (94%)         960M (94%)         642M (63%)    
[92.910s][info][gc,heap     ] GC(40)      Used:      382M (37%)         382M (37%)         106M (10%)          64M (6%)          382M (37%)          64M (6%)     
[92.910s][info][gc,heap     ] GC(40)      Live:         -                28M (3%)           28M (3%)           28M (3%)             -                  -          
[92.910s][info][gc,heap     ] GC(40) Allocated:         -                 0M (0%)            0M (0%)            0M (0%)             -                  -          
[92.910s][info][gc,heap     ] GC(40)   Garbage:         -               353M (34%)          77M (8%)           35M (3%)             -                  -          
[92.910s][info][gc,heap     ] GC(40) Reclaimed:         -                  -               276M (27%)         318M (31%)            -                  -          
[92.910s][info][gc          ] GC(40) Garbage Collection (System.gc()) 382M(37%)->64M(6%)
[94.726s][info][gc,start    ] GC(41) Garbage Collection (System.gc())
[94.726s][info][gc,task     ] GC(41) Using 2 workers
[94.726s][info][gc,phases   ] GC(41) Pause Mark Start 0.008ms
[94.756s][info][gc,phases   ] GC(41) Concurrent Mark 30.295ms
[94.757s][info][gc,phases   ] GC(41) Pause Mark End 0.040ms
[94.757s][info][gc,phases   ] GC(41) Concurrent Mark Free 0.002ms
[94.773s][info][gc,phases   ] GC(41) Concurrent Process Non-Strong References 16.439ms
[94.773s][info][gc,phases   ] GC(41) Concurrent Reset Relocation Set 0.001ms
[94.774s][info][gc,phases   ] GC(41) Concurrent Select Relocation Set 1.163ms
[94.774s][info][gc,phases   ] GC(41) Pause Relocate Start 0.008ms
[94.775s][info][gc,phases   ] GC(41) Concurrent Relocate 0.768ms
[94.775s][info][gc,load     ] GC(41) Load: 0.00/0.00/0.00
[94.775s][info][gc,mmu      ] GC(41) MMU: 2ms/96.4%, 5ms/98.5%, 10ms/99.2%, 20ms/99.6%, 50ms/99.8%, 100ms/99.9%
[94.775s][info][gc,marking  ] GC(41) Mark: 2 stripe(s), 2 proactive flush(es), 1 terminate flush(es), 0 completion(s), 0 continuation(s) 
[94.775s][info][gc,marking  ] GC(41) Mark Stack Usage: 32M
[94.775s][info][gc,nmethod  ] GC(41) NMethods: 12998 registered, 6105 unregistered
[94.775s][info][gc,metaspace] GC(41) Metaspace: 60M used, 60M committed, 1088M reserved
[94.775s][info][gc,ref      ] GC(41) Soft: 617 encountered, 0 discovered, 0 enqueued
[94.775s][info][gc,ref      ] GC(41) Weak: 6218 encountered, 478 discovered, 71 enqueued
[94.775s][info][gc,ref      ] GC(41) Final: 0 encountered, 0 discovered, 0 enqueued
[94.775s][info][gc,ref      ] GC(41) Phantom: 79 encountered, 42 discovered, 0 enqueued
[94.775s][info][gc,reloc    ] GC(41) Small Pages: 159 / 318M, Empty: 244M, Relocated: 1M, In-Place: 0
[94.775s][info][gc,reloc    ] GC(41) Medium Pages: 2 / 64M, Empty: 32M, Relocated: 0M, In-Place: 0
[94.775s][info][gc,reloc    ] GC(41) Large Pages: 0 / 0M, Empty: 0M, Relocated: 0M, In-Place: 0
[94.775s][info][gc,reloc    ] GC(41) Forwarding Usage: 0M
[94.775s][info][gc,heap     ] GC(41) Min Capacity: 1024M(100%)
[94.775s][info][gc,heap     ] GC(41) Max Capacity: 1024M(100%)
[94.775s][info][gc,heap     ] GC(41) Soft Max Capacity: 1024M(100%)
[94.775s][info][gc,heap     ] GC(41)                Mark Start          Mark End        Relocate Start      Relocate End           High               Low         
[94.775s][info][gc,heap     ] GC(41)  Capacity:     1024M (100%)       1024M (100%)       1024M (100%)       1024M (100%)       1024M (100%)       1024M (100%)   
[94.775s][info][gc,heap     ] GC(41)      Free:      642M (63%)         642M (63%)         918M (90%)         960M (94%)         960M (94%)         642M (63%)    
[94.775s][info][gc,heap     ] GC(41)      Used:      382M (37%)         382M (37%)         106M (10%)          64M (6%)          382M (37%)          64M (6%)     
[94.775s][info][gc,heap     ] GC(41)      Live:         -                28M (3%)           28M (3%)           28M (3%)             -                  -          
[94.775s][info][gc,heap     ] GC(41) Allocated:         -                 0M (0%)            0M (0%)            0M (0%)             -                  -          
[94.775s][info][gc,heap     ] GC(41)   Garbage:         -               353M (34%)          77M (8%)           35M (3%)             -                  -          
[94.775s][info][gc,heap     ] GC(41) Reclaimed:         -                  -               276M (27%)         318M (31%)            -                  -          
[94.775s][info][gc          ] GC(41) Garbage Collection (System.gc()) 382M(37%)->64M(6%)
[96.576s][info][gc,start    ] GC(42) Garbage Collection (System.gc())
[96.576s][info][gc,task     ] GC(42) Using 2 workers
[96.576s][info][gc,phases   ] GC(42) Pause Mark Start 0.009ms
[96.609s][info][gc,phases   ] GC(42) Concurrent Mark 32.608ms
[96.609s][info][gc,phases   ] GC(42) Pause Mark End 0.026ms
[96.609s][info][gc,phases   ] GC(42) Concurrent Mark Free 0.003ms
[96.628s][info][gc,phases   ] GC(42) Concurrent Process Non-Strong References 18.471ms
[96.628s][info][gc,phases   ] GC(42) Concurrent Reset Relocation Set 0.002ms
[96.629s][info][gc,phases   ] GC(42) Concurrent Select Relocation Set 1.469ms
[96.629s][info][gc,phases   ] GC(42) Pause Relocate Start 0.007ms
[96.631s][info][gc,phases   ] GC(42) Concurrent Relocate 1.491ms
[96.631s][info][gc,load     ] GC(42) Load: 0.00/0.00/0.00
[96.631s][info][gc,mmu      ] GC(42) MMU: 2ms/96.4%, 5ms/98.5%, 10ms/99.2%, 20ms/99.6%, 50ms/99.8%, 100ms/99.9%
[96.631s][info][gc,marking  ] GC(42) Mark: 2 stripe(s), 2 proactive flush(es), 1 terminate flush(es), 0 completion(s), 0 continuation(s) 
[96.631s][info][gc,marking  ] GC(42) Mark Stack Usage: 32M
[96.631s][info][gc,nmethod  ] GC(42) NMethods: 13012 registered, 6186 unregistered
[96.631s][info][gc,metaspace] GC(42) Metaspace: 60M used, 60M committed, 1088M reserved
[96.631s][info][gc,ref      ] GC(42) Soft: 617 encountered, 0 discovered, 0 enqueued
[96.631s][info][gc,ref      ] GC(42) Weak: 6143 encountered, 5094 discovered, 26 enqueued
[96.631s][info][gc,ref      ] GC(42) Final: 0 encountered, 0 discovered, 0 enqueued
[96.631s][info][gc,ref      ] GC(42) Phantom: 79 encountered, 40 discovered, 0 enqueued
[96.631s][info][gc,reloc    ] GC(42) Small Pages: 159 / 318M, Empty: 240M, Relocated: 1M, In-Place: 0
[96.631s][info][gc,reloc    ] GC(42) Medium Pages: 2 / 64M, Empty: 32M, Relocated: 0M, In-Place: 0
[96.631s][info][gc,reloc    ] GC(42) Large Pages: 0 / 0M, Empty: 0M, Relocated: 0M, In-Place: 0
[96.631s][info][gc,reloc    ] GC(42) Forwarding Usage: 0M
[96.631s][info][gc,heap     ] GC(42) Min Capacity: 1024M(100%)
[96.631s][info][gc,heap     ] GC(42) Max Capacity: 1024M(100%)
[96.631s][info][gc,heap     ] GC(42) Soft Max Capacity: 1024M(100%)
[96.631s][info][gc,heap     ] GC(42)                Mark Start          Mark End        Relocate Start      Relocate End           High               Low         
[96.631s][info][gc,heap     ] GC(42)  Capacity:     1024M (100%)       1024M (100%)       1024M (100%)       1024M (100%)       1024M (100%)       1024M (100%)   
[96.631s][info][gc,heap     ] GC(42)      Free:      642M (63%)         642M (63%)         914M (89%)         960M (94%)         960M (94%)         642M (63%)    
[96.631s][info][gc,heap     ] GC(42)      Used:      382M (37%)         382M (37%)         110M (11%)          64M (6%)          382M (37%)          64M (6%)     
[96.631s][info][gc,heap     ] GC(42)      Live:         -                28M (3%)           28M (3%)           28M (3%)             -                  -          
[96.631s][info][gc,heap     ] GC(42) Allocated:         -                 0M (0%)            0M (0%)            0M (0%)             -                  -          
[96.631s][info][gc,heap     ] GC(42)   Garbage:         -               353M (34%)          81M (8%)           35M (3%)             -                  -          
[96.631s][info][gc,heap     ] GC(42) Reclaimed:         -                  -               272M (27%)         318M (31%)            -                  -          
[96.631s][info][gc          ] GC(42) Garbage Collection (System.gc()) 382M(37%)->64M(6%)
[98.455s][info][gc,start    ] GC(43) Garbage Collection (System.gc())
[98.455s][info][gc,task     ] GC(43) Using 2 workers
[98.455s][info][gc,phases   ] GC(43) Pause Mark Start 0.009ms
[98.478s][info][gc,phases   ] GC(43) Concurrent Mark 23.120ms
[98.478s][info][gc,phases   ] GC(43) Pause Mark End 0.027ms
[98.479s][info][gc,phases   ] GC(43) Concurrent Mark Free 0.003ms
[98.497s][info][gc,phases   ] GC(43) Concurrent Process Non-Strong References 18.530ms
[98.497s][info][gc,phases   ] GC(43) Concurrent Reset Relocation Set 0.002ms
[98.499s][info][gc,phases   ] GC(43) Concurrent Select Relocation Set 1.622ms
[98.499s][info][gc,phases   ] GC(43) Pause Relocate Start 0.008ms
[98.501s][info][gc,phases   ] GC(43) Concurrent Relocate 1.813ms
[98.501s][info][gc,load     ] GC(43) Load: 0.00/0.00/0.00
[98.501s][info][gc,mmu      ] GC(43) MMU: 2ms/96.4%, 5ms/98.5%, 10ms/99.2%, 20ms/99.6%, 50ms/99.8%, 100ms/99.9%
[98.501s][info][gc,marking  ] GC(43) Mark: 2 stripe(s), 1 proactive flush(es), 1 terminate flush(es), 0 completion(s), 0 continuation(s) 
[98.501s][info][gc,marking  ] GC(43) Mark Stack Usage: 32M
[98.501s][info][gc,nmethod  ] GC(43) NMethods: 13045 registered, 6223 unregistered
[98.501s][info][gc,metaspace] GC(43) Metaspace: 60M used, 60M committed, 1088M reserved
[98.501s][info][gc,ref      ] GC(43) Soft: 617 encountered, 0 discovered, 0 enqueued
[98.501s][info][gc,ref      ] GC(43) Weak: 6218 encountered, 551 discovered, 71 enqueued
[98.501s][info][gc,ref      ] GC(43) Final: 0 encountered, 0 discovered, 0 enqueued
[98.501s][info][gc,ref      ] GC(43) Phantom: 79 encountered, 40 discovered, 0 enqueued
[98.501s][info][gc,reloc    ] GC(43) Small Pages: 159 / 318M, Empty: 240M, Relocated: 1M, In-Place: 0
[98.501s][info][gc,reloc    ] GC(43) Medium Pages: 2 / 64M, Empty: 32M, Relocated: 0M, In-Place: 0
[98.501s][info][gc,reloc    ] GC(43) Large Pages: 0 / 0M, Empty: 0M, Relocated: 0M, In-Place: 0
[98.501s][info][gc,reloc    ] GC(43) Forwarding Usage: 0M
[98.501s][info][gc,heap     ] GC(43) Min Capacity: 1024M(100%)
[98.501s][info][gc,heap     ] GC(43) Max Capacity: 1024M(100%)
[98.501s][info][gc,heap     ] GC(43) Soft Max Capacity: 1024M(100%)
[98.501s][info][gc,heap     ] GC(43)                Mark Start          Mark End        Relocate Start      Relocate End           High               Low         
[98.501s][info][gc,heap     ] GC(43)  Capacity:     1024M (100%)       1024M (100%)       1024M (100%)       1024M (100%)       1024M (100%)       1024M (100%)   
[98.501s][info][gc,heap     ] GC(43)      Free:      642M (63%)         642M (63%)         914M (89%)         960M (94%)         960M (94%)         642M (63%)    
[98.501s][info][gc,heap     ] GC(43)      Used:      382M (37%)         382M (37%)         110M (11%)          64M (6%)          382M (37%)          64M (6%)     
[98.501s][info][gc,heap     ] GC(43)      Live:         -                28M (3%)           28M (3%)           28M (3%)             -                  -          
[98.501s][info][gc,heap     ] GC(43) Allocated:         -                 0M (0%)            0M (0%)            0M (0%)             -                  -          
[98.501s][info][gc,heap     ] GC(43)   Garbage:         -               353M (34%)          81M (8%)           35M (3%)             -                  -          
[98.501s][info][gc,heap     ] GC(43) Reclaimed:         -                  -               272M (27%)         318M (31%)            -                  -          
[98.501s][info][gc          ] GC(43) Garbage Collection (System.gc()) 382M(37%)->64M(6%)
[100.127s][info][gc,stats    ] === Garbage Collection Statistics =======================================================================================================================
[100.127s][info][gc,stats    ]                                                              Last 10s              Last 10m              Last 10h                Total
[100.127s][info][gc,stats    ]                                                              Avg / Max             Avg / Max             Avg / Max             Avg / Max
[100.127s][info][gc,stats    ]   Collector: Garbage Collection Cycle                     49.259 / 54.945       54.629 / 178.833      54.629 / 178.833      54.629 / 178.833     ms
[100.127s][info][gc,stats    ]  Contention: Mark Segment Reset Contention                     0 / 0                 0 / 2                 0 / 2                 0 / 2           ops/s
[100.127s][info][gc,stats    ]  Contention: Mark SeqNum Reset Contention                      0 / 0                 0 / 1                 0 / 1                 0 / 1           ops/s
[100.127s][info][gc,stats    ]    Critical: Allocation Stall                                  0 / 0                 0 / 0                 0 / 0                 0 / 0           ops/s
[100.127s][info][gc,stats    ]    Critical: Allocation Stall                              0.000 / 0.000         0.000 / 0.000         0.000 / 0.000         0.000 / 0.000       ms
[100.127s][info][gc,stats    ]    Critical: GC Locker Stall                                   0 / 0                 0 / 0                 0 / 0                 0 / 0           ops/s
[100.127s][info][gc,stats    ]    Critical: GC Locker Stall                               0.000 / 0.000         0.000 / 0.000         0.000 / 0.000         0.000 / 0.000       ms
[100.127s][info][gc,stats    ]    Critical: Relocation Stall                                  0 / 0                 0 / 0                 0 / 0                 0 / 0           ops/s
[100.127s][info][gc,stats    ]    Critical: Relocation Stall                              0.000 / 0.000         0.000 / 0.000         0.000 / 0.000         0.000 / 0.000       ms
[100.127s][info][gc,stats    ]      Memory: Allocation Rate                                 158 / 252             133 / 320             133 / 320             133 / 320         MB/s
[100.127s][info][gc,stats    ]      Memory: Defragment                                        0 / 0                 0 / 0                 0 / 0                 0 / 0           ops/s
[100.127s][info][gc,stats    ]      Memory: Out Of Memory                                     0 / 0                 0 / 0                 0 / 0                 0 / 0           ops/s
[100.127s][info][gc,stats    ]      Memory: Page Cache Flush                                  0 / 0                 0 / 0                 0 / 0                 0 / 0           MB/s
[100.127s][info][gc,stats    ]      Memory: Page Cache Hit L1                                72 / 126              59 / 147              59 / 147              59 / 147         ops/s
[100.127s][info][gc,stats    ]      Memory: Page Cache Hit L2                                 0 / 0                 0 / 0                 0 / 0                 0 / 0           ops/s
[100.127s][info][gc,stats    ]      Memory: Page Cache Hit L3                                 0 / 0                 1 / 26                1 / 26                1 / 26          ops/s
[100.127s][info][gc,stats    ]      Memory: Page Cache Miss                                   0 / 0                 0 / 1                 0 / 1                 0 / 1           ops/s
[100.127s][info][gc,stats    ]      Memory: Uncommit                                          0 / 0                 0 / 0                 0 / 0                 0 / 0           MB/s
[100.127s][info][gc,stats    ]      Memory: Undo Object Allocation Failed                     0 / 0                 0 / 0                 0 / 0                 0 / 0           ops/s
[100.127s][info][gc,stats    ]      Memory: Undo Object Allocation Succeeded                  0 / 0                 0 / 2                 0 / 2                 0 / 2           ops/s
[100.127s][info][gc,stats    ]      Memory: Undo Page Allocation                              0 / 0                 0 / 0                 0 / 0                 0 / 0           ops/s
[100.127s][info][gc,stats    ]       Phase: Concurrent Mark                              27.640 / 32.608       31.468 / 125.351      31.468 / 125.351      31.468 / 125.351     ms
[100.127s][info][gc,stats    ]       Phase: Concurrent Mark Continue                      0.000 / 0.000         0.000 / 0.000         0.000 / 0.000         0.000 / 0.000       ms
[100.127s][info][gc,stats    ]       Phase: Concurrent Mark Free                          0.002 / 0.003         0.002 / 0.005         0.002 / 0.005         0.002 / 0.005       ms
[100.127s][info][gc,stats    ]       Phase: Concurrent Process Non-Strong References     17.954 / 18.645       17.576 / 24.445       17.576 / 24.445       17.576 / 24.445      ms
[100.127s][info][gc,stats    ]       Phase: Concurrent Relocate                           1.345 / 1.813         2.538 / 20.770        2.538 / 20.770        2.538 / 20.770      ms
[100.127s][info][gc,stats    ]       Phase: Concurrent Reset Relocation Set               0.002 / 0.003         0.003 / 0.015         0.003 / 0.015         0.003 / 0.015       ms
[100.127s][info][gc,stats    ]       Phase: Concurrent Select Relocation Set              1.454 / 1.622         1.675 / 5.504         1.675 / 5.504         1.675 / 5.504       ms
[100.127s][info][gc,stats    ]       Phase: Pause Mark End                                0.028 / 0.040         0.027 / 0.071         0.027 / 0.071         0.027 / 0.071       ms
[100.127s][info][gc,stats    ]       Phase: Pause Mark Start                              0.009 / 0.011         0.009 / 0.018         0.009 / 0.018         0.009 / 0.018       ms
[100.127s][info][gc,stats    ]       Phase: Pause Relocate Start                          0.007 / 0.008         0.009 / 0.017         0.009 / 0.017         0.009 / 0.017       ms
[100.127s][info][gc,stats    ]    Subphase: Concurrent Classes Purge                      0.292 / 0.392         0.844 / 2.572         0.844 / 2.572         0.844 / 2.572       ms
[100.127s][info][gc,stats    ]    Subphase: Concurrent Classes Unlink                    16.401 / 17.067       15.152 / 18.610       15.152 / 18.610       15.152 / 18.610      ms
[100.127s][info][gc,stats    ]    Subphase: Concurrent Mark                              23.181 / 32.120       26.976 / 123.883      26.976 / 123.883      26.976 / 123.883     ms
[100.127s][info][gc,stats    ]    Subphase: Concurrent Mark Try Flush                     0.083 / 0.168         0.081 / 0.493         0.081 / 0.493         0.081 / 0.493       ms
[100.127s][info][gc,stats    ]    Subphase: Concurrent Mark Try Terminate                 3.121 / 14.158        2.938 / 16.659        2.938 / 16.659        2.938 / 16.659      ms
[100.127s][info][gc,stats    ]    Subphase: Concurrent References Enqueue                 0.005 / 0.006         0.005 / 0.006         0.005 / 0.006         0.005 / 0.006       ms
[100.127s][info][gc,stats    ]    Subphase: Concurrent References Process                 0.370 / 0.693         0.463 / 2.468         0.463 / 2.468         0.463 / 2.468       ms
[100.127s][info][gc,stats    ]    Subphase: Concurrent Roots ClassLoaderDataGraph         0.093 / 0.200         0.090 / 0.315         0.090 / 0.315         0.090 / 0.315       ms
[100.127s][info][gc,stats    ]    Subphase: Concurrent Roots CodeCache                    0.000 / 0.000         0.000 / 0.000         0.000 / 0.000         0.000 / 0.000       ms
[100.127s][info][gc,stats    ]    Subphase: Concurrent Roots JavaThreads                  0.183 / 0.295         0.265 / 2.311         0.265 / 2.311         0.265 / 2.311       ms
[100.127s][info][gc,stats    ]    Subphase: Concurrent Roots OopStorageSet                0.015 / 0.021         0.017 / 0.051         0.017 / 0.051         0.017 / 0.051       ms
[100.127s][info][gc,stats    ]    Subphase: Concurrent Weak Roots OopStorageSet           0.678 / 0.815         0.654 / 1.165         0.654 / 1.165         0.654 / 1.165       ms
[100.127s][info][gc,stats    ]    Subphase: Pause Mark Try Complete                       0.000 / 0.000         0.009 / 0.028         0.009 / 0.028         0.009 / 0.028       ms
[100.127s][info][gc,stats    ]      System: Java Threads                                     11 / 11               11 / 12               11 / 12               11 / 12          threads
[100.127s][info][gc,stats    ] =========================================================================================================================================================
[100.372s][info][gc,start    ] GC(44) Garbage Collection (System.gc())
[100.372s][info][gc,task     ] GC(44) Using 2 workers
[100.372s][info][gc,phases   ] GC(44) Pause Mark Start 0.010ms
[100.395s][info][gc,phases   ] GC(44) Concurrent Mark 22.021ms
[100.395s][info][gc,phases   ] GC(44) Pause Mark End 0.025ms
[100.395s][info][gc,phases   ] GC(44) Concurrent Mark Free 0.003ms
[100.412s][info][gc,phases   ] GC(44) Concurrent Process Non-Strong References 17.264ms
[100.412s][info][gc,phases   ] GC(44) Concurrent Reset Relocation Set 0.002ms
[100.414s][info][gc,phases   ] GC(44) Concurrent Select Relocation Set 1.441ms
[100.414s][info][gc,phases   ] GC(44) Pause Relocate Start 0.007ms
[100.415s][info][gc,phases   ] GC(44) Concurrent Relocate 0.752ms
[100.415s][info][gc,load     ] GC(44) Load: 0.00/0.00/0.00
[100.415s][info][gc,mmu      ] GC(44) MMU: 2ms/96.4%, 5ms/98.5%, 10ms/99.2%, 20ms/99.6%, 50ms/99.8%, 100ms/99.9%
[100.415s][info][gc,marking  ] GC(44) Mark: 2 stripe(s), 1 proactive flush(es), 1 terminate flush(es), 0 completion(s), 0 continuation(s) 
[100.415s][info][gc,marking  ] GC(44) Mark Stack Usage: 32M
[100.415s][info][gc,nmethod  ] GC(44) NMethods: 13064 registered, 6256 unregistered
[100.415s][info][gc,metaspace] GC(44) Metaspace: 60M used, 60M committed, 1088M reserved
[100.415s][info][gc,ref      ] GC(44) Soft: 617 encountered, 0 discovered, 0 enqueued
[100.415s][info][gc,ref      ] GC(44) Weak: 6143 encountered, 43 discovered, 26 enqueued
[100.415s][info][gc,ref      ] GC(44) Final: 0 encountered, 0 discovered, 0 enqueued
[100.415s][info][gc,ref      ] GC(44) Phantom: 79 encountered, 41 discovered, 0 enqueued
[100.415s][info][gc,reloc    ] GC(44) Small Pages: 159 / 318M, Empty: 248M, Relocated: 1M, In-Place: 0
[100.415s][info][gc,reloc    ] GC(44) Medium Pages: 2 / 64M, Empty: 32M, Relocated: 0M, In-Place: 0
[100.415s][info][gc,reloc    ] GC(44) Large Pages: 0 / 0M, Empty: 0M, Relocated: 0M, In-Place: 0
[100.415s][info][gc,reloc    ] GC(44) Forwarding Usage: 0M
[100.415s][info][gc,heap     ] GC(44) Min Capacity: 1024M(100%)
[100.415s][info][gc,heap     ] GC(44) Max Capacity: 1024M(100%)
[100.415s][info][gc,heap     ] GC(44) Soft Max Capacity: 1024M(100%)
[100.415s][info][gc,heap     ] GC(44)                Mark Start          Mark End        Relocate Start      Relocate End           High               Low         
[100.415s][info][gc,heap     ] GC(44)  Capacity:     1024M (100%)       1024M (100%)       1024M (100%)       1024M (100%)       1024M (100%)       1024M (100%)   
[100.415s][info][gc,heap     ] GC(44)      Free:      642M (63%)         642M (63%)         922M (90%)         960M (94%)         960M (94%)         642M (63%)    
[100.415s][info][gc,heap     ] GC(44)      Used:      382M (37%)         382M (37%)         102M (10%)          64M (6%)          382M (37%)          64M (6%)     
[100.415s][info][gc,heap     ] GC(44)      Live:         -                28M (3%)           28M (3%)           28M (3%)             -                  -          
[100.415s][info][gc,heap     ] GC(44) Allocated:         -                 0M (0%)            0M (0%)            0M (0%)             -                  -          
[100.415s][info][gc,heap     ] GC(44)   Garbage:         -               353M (34%)          73M (7%)           35M (3%)             -                  -          
[100.415s][info][gc,heap     ] GC(44) Reclaimed:         -                  -               280M (27%)         318M (31%)            -                  -          
[100.415s][info][gc          ] GC(44) Garbage Collection (System.gc()) 382M(37%)->64M(6%)
[102.215s][info][gc,start    ] GC(45) Garbage Collection (System.gc())
[102.215s][info][gc,task     ] GC(45) Using 2 workers
[102.215s][info][gc,phases   ] GC(45) Pause Mark Start 0.006ms
[102.248s][info][gc,phases   ] GC(45) Concurrent Mark 32.185ms
[102.248s][info][gc,phases   ] GC(45) Pause Mark End 0.024ms
[102.248s][info][gc,phases   ] GC(45) Concurrent Mark Free 0.003ms
[102.268s][info][gc,phases   ] GC(45) Concurrent Process Non-Strong References 20.083ms
[102.268s][info][gc,phases   ] GC(45) Concurrent Reset Relocation Set 0.002ms
[102.270s][info][gc,phases   ] GC(45) Concurrent Select Relocation Set 1.700ms
[102.270s][info][gc,phases   ] GC(45) Pause Relocate Start 0.007ms
[102.272s][info][gc,phases   ] GC(45) Concurrent Relocate 1.690ms
[102.272s][info][gc,load     ] GC(45) Load: 0.00/0.00/0.00
[102.272s][info][gc,mmu      ] GC(45) MMU: 2ms/96.4%, 5ms/98.5%, 10ms/99.2%, 20ms/99.6%, 50ms/99.8%, 100ms/99.9%
[102.272s][info][gc,marking  ] GC(45) Mark: 2 stripe(s), 2 proactive flush(es), 1 terminate flush(es), 0 completion(s), 0 continuation(s) 
[102.272s][info][gc,marking  ] GC(45) Mark Stack Usage: 32M
[102.272s][info][gc,nmethod  ] GC(45) NMethods: 13092 registered, 6299 unregistered
[102.272s][info][gc,metaspace] GC(45) Metaspace: 60M used, 60M committed, 1088M reserved
[102.272s][info][gc,ref      ] GC(45) Soft: 617 encountered, 0 discovered, 0 enqueued
[102.272s][info][gc,ref      ] GC(45) Weak: 6218 encountered, 467 discovered, 71 enqueued
[102.272s][info][gc,ref      ] GC(45) Final: 0 encountered, 0 discovered, 0 enqueued
[102.272s][info][gc,ref      ] GC(45) Phantom: 79 encountered, 52 discovered, 0 enqueued
[102.272s][info][gc,reloc    ] GC(45) Small Pages: 159 / 318M, Empty: 240M, Relocated: 1M, In-Place: 0
[102.272s][info][gc,reloc    ] GC(45) Medium Pages: 2 / 64M, Empty: 32M, Relocated: 0M, In-Place: 0
[102.272s][info][gc,reloc    ] GC(45) Large Pages: 0 / 0M, Empty: 0M, Relocated: 0M, In-Place: 0
[102.272s][info][gc,reloc    ] GC(45) Forwarding Usage: 0M
[102.272s][info][gc,heap     ] GC(45) Min Capacity: 1024M(100%)
[102.272s][info][gc,heap     ] GC(45) Max Capacity: 1024M(100%)
[102.272s][info][gc,heap     ] GC(45) Soft Max Capacity: 1024M(100%)
[102.272s][info][gc,heap     ] GC(45)                Mark Start          Mark End        Relocate Start      Relocate End           High               Low         
[102.272s][info][gc,heap     ] GC(45)  Capacity:     1024M (100%)       1024M (100%)       1024M (100%)       1024M (100%)       1024M (100%)       1024M (100%)   
[102.272s][info][gc,heap     ] GC(45)      Free:      642M (63%)         642M (63%)         914M (89%)         960M (94%)         960M (94%)         642M (63%)    
[102.272s][info][gc,heap     ] GC(45)      Used:      382M (37%)         382M (37%)         110M (11%)          64M (6%)          382M (37%)          64M (6%)     
[102.272s][info][gc,heap     ] GC(45)      Live:         -                28M (3%)           28M (3%)           28M (3%)             -                  -          
[102.272s][info][gc,heap     ] GC(45) Allocated:         -                 0M (0%)            0M (0%)            0M (0%)             -                  -          
[102.272s][info][gc,heap     ] GC(45)   Garbage:         -               353M (34%)          81M (8%)           35M (3%)             -                  -          
[102.272s][info][gc,heap     ] GC(45) Reclaimed:         -                  -               272M (27%)         318M (31%)            -                  -          
[102.272s][info][gc          ] GC(45) Garbage Collection (System.gc()) 382M(37%)->64M(6%)
[104.067s][info][gc,start    ] GC(46) Garbage Collection (System.gc())
[104.067s][info][gc,task     ] GC(46) Using 2 workers
[104.067s][info][gc,phases   ] GC(46) Pause Mark Start 0.008ms
[104.087s][info][gc,phases   ] GC(46) Concurrent Mark 19.363ms
[104.087s][info][gc,phases   ] GC(46) Pause Mark End 0.013ms
[104.087s][info][gc,phases   ] GC(46) Concurrent Mark Free 0.002ms
[104.105s][info][gc,phases   ] GC(46) Concurrent Process Non-Strong References 18.270ms
[104.105s][info][gc,phases   ] GC(46) Concurrent Reset Relocation Set 0.002ms
[104.107s][info][gc,phases   ] GC(46) Concurrent Select Relocation Set 1.450ms
[104.107s][info][gc,phases   ] GC(46) Pause Relocate Start 0.007ms
[104.108s][info][gc,phases   ] GC(46) Concurrent Relocate 1.412ms
[104.108s][info][gc,load     ] GC(46) Load: 0.00/0.00/0.00
[104.108s][info][gc,mmu      ] GC(46) MMU: 2ms/96.4%, 5ms/98.5%, 10ms/99.2%, 20ms/99.6%, 50ms/99.8%, 100ms/99.9%
[104.108s][info][gc,marking  ] GC(46) Mark: 2 stripe(s), 1 proactive flush(es), 1 terminate flush(es), 0 completion(s), 0 continuation(s) 
[104.108s][info][gc,marking  ] GC(46) Mark Stack Usage: 32M
[104.108s][info][gc,nmethod  ] GC(46) NMethods: 13099 registered, 6344 unregistered
[104.108s][info][gc,metaspace] GC(46) Metaspace: 60M used, 60M committed, 1088M reserved
[104.108s][info][gc,ref      ] GC(46) Soft: 617 encountered, 0 discovered, 0 enqueued
[104.108s][info][gc,ref      ] GC(46) Weak: 6143 encountered, 46 discovered, 26 enqueued
[104.108s][info][gc,ref      ] GC(46) Final: 0 encountered, 0 discovered, 0 enqueued
[104.108s][info][gc,ref      ] GC(46) Phantom: 79 encountered, 40 discovered, 0 enqueued
[104.108s][info][gc,reloc    ] GC(46) Small Pages: 159 / 318M, Empty: 244M, Relocated: 1M, In-Place: 0
[104.108s][info][gc,reloc    ] GC(46) Medium Pages: 2 / 64M, Empty: 32M, Relocated: 0M, In-Place: 0
[104.108s][info][gc,reloc    ] GC(46) Large Pages: 0 / 0M, Empty: 0M, Relocated: 0M, In-Place: 0
[104.108s][info][gc,reloc    ] GC(46) Forwarding Usage: 0M
[104.108s][info][gc,heap     ] GC(46) Min Capacity: 1024M(100%)
[104.108s][info][gc,heap     ] GC(46) Max Capacity: 1024M(100%)
[104.108s][info][gc,heap     ] GC(46) Soft Max Capacity: 1024M(100%)
[104.109s][info][gc,heap     ] GC(46)                Mark Start          Mark End        Relocate Start      Relocate End           High               Low         
[104.109s][info][gc,heap     ] GC(46)  Capacity:     1024M (100%)       1024M (100%)       1024M (100%)       1024M (100%)       1024M (100%)       1024M (100%)   
[104.109s][info][gc,heap     ] GC(46)      Free:      642M (63%)         642M (63%)         918M (90%)         960M (94%)         960M (94%)         642M (63%)    
[104.109s][info][gc,heap     ] GC(46)      Used:      382M (37%)         382M (37%)         106M (10%)          64M (6%)          382M (37%)          64M (6%)     
[104.109s][info][gc,heap     ] GC(46)      Live:         -                28M (3%)           28M (3%)           28M (3%)             -                  -          
[104.109s][info][gc,heap     ] GC(46) Allocated:         -                 0M (0%)            0M (0%)            0M (0%)             -                  -          
[104.109s][info][gc,heap     ] GC(46)   Garbage:         -               353M (34%)          77M (8%)           35M (3%)             -                  -          
[104.109s][info][gc,heap     ] GC(46) Reclaimed:         -                  -               276M (27%)         318M (31%)            -                  -          
[104.109s][info][gc          ] GC(46) Garbage Collection (System.gc()) 382M(37%)->64M(6%)
[105.920s][info][gc,start    ] GC(47) Garbage Collection (System.gc())
[105.920s][info][gc,task     ] GC(47) Using 2 workers
[105.920s][info][gc,phases   ] GC(47) Pause Mark Start 0.008ms
[105.955s][info][gc,phases   ] GC(47) Concurrent Mark 34.764ms
[105.955s][info][gc,phases   ] GC(47) Pause Mark End 0.025ms
[105.955s][info][gc,phases   ] GC(47) Concurrent Mark Free 0.003ms
[105.973s][info][gc,phases   ] GC(47) Concurrent Process Non-Strong References 17.797ms
[105.973s][info][gc,phases   ] GC(47) Concurrent Reset Relocation Set 0.002ms
[105.975s][info][gc,phases   ] GC(47) Concurrent Select Relocation Set 1.327ms
[105.975s][info][gc,phases   ] GC(47) Pause Relocate Start 0.008ms
[105.976s][info][gc,phases   ] GC(47) Concurrent Relocate 1.141ms
[105.976s][info][gc,load     ] GC(47) Load: 0.00/0.00/0.00
[105.976s][info][gc,mmu      ] GC(47) MMU: 2ms/96.4%, 5ms/98.5%, 10ms/99.2%, 20ms/99.6%, 50ms/99.8%, 100ms/99.9%
[105.976s][info][gc,marking  ] GC(47) Mark: 2 stripe(s), 2 proactive flush(es), 1 terminate flush(es), 0 completion(s), 0 continuation(s) 
[105.976s][info][gc,marking  ] GC(47) Mark Stack Usage: 32M
[105.976s][info][gc,nmethod  ] GC(47) NMethods: 13256 registered, 6377 unregistered
[105.976s][info][gc,metaspace] GC(47) Metaspace: 60M used, 60M committed, 1088M reserved
[105.976s][info][gc,ref      ] GC(47) Soft: 617 encountered, 0 discovered, 0 enqueued
[105.976s][info][gc,ref      ] GC(47) Weak: 6218 encountered, 97 discovered, 71 enqueued
[105.976s][info][gc,ref      ] GC(47) Final: 0 encountered, 0 discovered, 0 enqueued
[105.976s][info][gc,ref      ] GC(47) Phantom: 79 encountered, 50 discovered, 0 enqueued
[105.976s][info][gc,reloc    ] GC(47) Small Pages: 159 / 318M, Empty: 242M, Relocated: 1M, In-Place: 0
[105.976s][info][gc,reloc    ] GC(47) Medium Pages: 2 / 64M, Empty: 32M, Relocated: 0M, In-Place: 0
[105.976s][info][gc,reloc    ] GC(47) Large Pages: 0 / 0M, Empty: 0M, Relocated: 0M, In-Place: 0
[105.976s][info][gc,reloc    ] GC(47) Forwarding Usage: 0M
[105.976s][info][gc,heap     ] GC(47) Min Capacity: 1024M(100%)
[105.976s][info][gc,heap     ] GC(47) Max Capacity: 1024M(100%)
[105.976s][info][gc,heap     ] GC(47) Soft Max Capacity: 1024M(100%)
[105.976s][info][gc,heap     ] GC(47)                Mark Start          Mark End        Relocate Start      Relocate End           High               Low         
[105.976s][info][gc,heap     ] GC(47)  Capacity:     1024M (100%)       1024M (100%)       1024M (100%)       1024M (100%)       1024M (100%)       1024M (100%)   
[105.976s][info][gc,heap     ] GC(47)      Free:      642M (63%)         642M (63%)         916M (89%)         960M (94%)         960M (94%)         642M (63%)    
[105.976s][info][gc,heap     ] GC(47)      Used:      382M (37%)         382M (37%)         108M (11%)          64M (6%)          382M (37%)          64M (6%)     
[105.976s][info][gc,heap     ] GC(47)      Live:         -                28M (3%)           28M (3%)           28M (3%)             -                  -          
[105.976s][info][gc,heap     ] GC(47) Allocated:         -                 0M (0%)            0M (0%)            0M (0%)             -                  -          
[105.976s][info][gc,heap     ] GC(47)   Garbage:         -               353M (34%)          79M (8%)           35M (3%)             -                  -          
[105.976s][info][gc,heap     ] GC(47) Reclaimed:         -                  -               274M (27%)         318M (31%)            -                  -          
[105.976s][info][gc          ] GC(47) Garbage Collection (System.gc()) 382M(37%)->64M(6%)
[107.778s][info][gc,start    ] GC(48) Garbage Collection (System.gc())
[107.778s][info][gc,task     ] GC(48) Using 2 workers
[107.778s][info][gc,phases   ] GC(48) Pause Mark Start 0.008ms
[107.809s][info][gc,phases   ] GC(48) Concurrent Mark 31.386ms
[107.810s][info][gc,phases   ] GC(48) Pause Mark End 0.033ms
[107.810s][info][gc,phases   ] GC(48) Concurrent Mark Free 0.002ms
[107.828s][info][gc,phases   ] GC(48) Concurrent Process Non-Strong References 18.488ms
[107.828s][info][gc,phases   ] GC(48) Concurrent Reset Relocation Set 0.002ms
[107.830s][info][gc,phases   ] GC(48) Concurrent Select Relocation Set 1.478ms
[107.830s][info][gc,phases   ] GC(48) Pause Relocate Start 0.007ms
[107.832s][info][gc,phases   ] GC(48) Concurrent Relocate 1.574ms
[107.832s][info][gc,load     ] GC(48) Load: 0.00/0.00/0.00
[107.832s][info][gc,mmu      ] GC(48) MMU: 2ms/96.4%, 5ms/98.5%, 10ms/99.2%, 20ms/99.6%, 50ms/99.8%, 100ms/99.9%
[107.832s][info][gc,marking  ] GC(48) Mark: 2 stripe(s), 1 proactive flush(es), 1 terminate flush(es), 0 completion(s), 0 continuation(s) 
[107.832s][info][gc,marking  ] GC(48) Mark Stack Usage: 32M
[107.832s][info][gc,nmethod  ] GC(48) NMethods: 13266 registered, 6427 unregistered
[107.832s][info][gc,metaspace] GC(48) Metaspace: 60M used, 60M committed, 1088M reserved
[107.832s][info][gc,ref      ] GC(48) Soft: 617 encountered, 0 discovered, 0 enqueued
[107.832s][info][gc,ref      ] GC(48) Weak: 6143 encountered, 1519 discovered, 26 enqueued
[107.832s][info][gc,ref      ] GC(48) Final: 0 encountered, 0 discovered, 0 enqueued
[107.832s][info][gc,ref      ] GC(48) Phantom: 79 encountered, 56 discovered, 0 enqueued
[107.832s][info][gc,reloc    ] GC(48) Small Pages: 159 / 318M, Empty: 244M, Relocated: 1M, In-Place: 0
[107.832s][info][gc,reloc    ] GC(48) Medium Pages: 2 / 64M, Empty: 32M, Relocated: 0M, In-Place: 0
[107.832s][info][gc,reloc    ] GC(48) Large Pages: 0 / 0M, Empty: 0M, Relocated: 0M, In-Place: 0
[107.832s][info][gc,reloc    ] GC(48) Forwarding Usage: 0M
[107.832s][info][gc,heap     ] GC(48) Min Capacity: 1024M(100%)
[107.832s][info][gc,heap     ] GC(48) Max Capacity: 1024M(100%)
[107.832s][info][gc,heap     ] GC(48) Soft Max Capacity: 1024M(100%)
[107.832s][info][gc,heap     ] GC(48)                Mark Start          Mark End        Relocate Start      Relocate End           High               Low         
[107.832s][info][gc,heap     ] GC(48)  Capacity:     1024M (100%)       1024M (100%)       1024M (100%)       1024M (100%)       1024M (100%)       1024M (100%)   
[107.832s][info][gc,heap     ] GC(48)      Free:      642M (63%)         642M (63%)         918M (90%)         960M (94%)         960M (94%)         642M (63%)    
[107.832s][info][gc,heap     ] GC(48)      Used:      382M (37%)         382M (37%)         106M (10%)          64M (6%)          382M (37%)          64M (6%)     
[107.832s][info][gc,heap     ] GC(48)      Live:         -                28M (3%)           28M (3%)           28M (3%)             -                  -          
[107.832s][info][gc,heap     ] GC(48) Allocated:         -                 0M (0%)            0M (0%)            0M (0%)             -                  -          
[107.832s][info][gc,heap     ] GC(48)   Garbage:         -               353M (34%)          77M (8%)           35M (3%)             -                  -          
[107.832s][info][gc,heap     ] GC(48) Reclaimed:         -                  -               276M (27%)         318M (31%)            -                  -          
[107.832s][info][gc          ] GC(48) Garbage Collection (System.gc()) 382M(37%)->64M(6%)
[109.644s][info][gc,start    ] GC(49) Garbage Collection (System.gc())
[109.644s][info][gc,task     ] GC(49) Using 2 workers
[109.644s][info][gc,phases   ] GC(49) Pause Mark Start 0.008ms
[109.678s][info][gc,phases   ] GC(49) Concurrent Mark 33.659ms
[109.678s][info][gc,phases   ] GC(49) Pause Mark End 0.024ms
[109.678s][info][gc,phases   ] GC(49) Concurrent Mark Free 0.003ms
[109.697s][info][gc,phases   ] GC(49) Concurrent Process Non-Strong References 18.312ms
[109.697s][info][gc,phases   ] GC(49) Concurrent Reset Relocation Set 0.002ms
[109.698s][info][gc,phases   ] GC(49) Concurrent Select Relocation Set 1.279ms
[109.698s][info][gc,phases   ] GC(49) Pause Relocate Start 0.008ms
[109.700s][info][gc,phases   ] GC(49) Concurrent Relocate 1.624ms
[109.700s][info][gc,load     ] GC(49) Load: 0.00/0.00/0.00
[109.700s][info][gc,mmu      ] GC(49) MMU: 2ms/96.4%, 5ms/98.5%, 10ms/99.2%, 20ms/99.6%, 50ms/99.8%, 100ms/99.9%
[109.700s][info][gc,marking  ] GC(49) Mark: 2 stripe(s), 1 proactive flush(es), 1 terminate flush(es), 0 completion(s), 0 continuation(s) 
[109.700s][info][gc,marking  ] GC(49) Mark Stack Usage: 32M
[109.700s][info][gc,nmethod  ] GC(49) NMethods: 13278 registered, 6461 unregistered
[109.700s][info][gc,metaspace] GC(49) Metaspace: 60M used, 60M committed, 1088M reserved
[109.700s][info][gc,ref      ] GC(49) Soft: 617 encountered, 0 discovered, 0 enqueued
[109.700s][info][gc,ref      ] GC(49) Weak: 6218 encountered, 1197 discovered, 71 enqueued
[109.700s][info][gc,ref      ] GC(49) Final: 0 encountered, 0 discovered, 0 enqueued
[109.700s][info][gc,ref      ] GC(49) Phantom: 79 encountered, 53 discovered, 0 enqueued
[109.700s][info][gc,reloc    ] GC(49) Small Pages: 159 / 318M, Empty: 244M, Relocated: 1M, In-Place: 0
[109.700s][info][gc,reloc    ] GC(49) Medium Pages: 2 / 64M, Empty: 32M, Relocated: 0M, In-Place: 0
[109.700s][info][gc,reloc    ] GC(49) Large Pages: 0 / 0M, Empty: 0M, Relocated: 0M, In-Place: 0
[109.700s][info][gc,reloc    ] GC(49) Forwarding Usage: 0M
[109.700s][info][gc,heap     ] GC(49) Min Capacity: 1024M(100%)
[109.700s][info][gc,heap     ] GC(49) Max Capacity: 1024M(100%)
[109.700s][info][gc,heap     ] GC(49) Soft Max Capacity: 1024M(100%)
[109.700s][info][gc,heap     ] GC(49)                Mark Start          Mark End        Relocate Start      Relocate End           High               Low         
[109.700s][info][gc,heap     ] GC(49)  Capacity:     1024M (100%)       1024M (100%)       1024M (100%)       1024M (100%)       1024M (100%)       1024M (100%)   
[109.700s][info][gc,heap     ] GC(49)      Free:      642M (63%)         642M (63%)         918M (90%)         960M (94%)         960M (94%)         642M (63%)    
[109.700s][info][gc,heap     ] GC(49)      Used:      382M (37%)         382M (37%)         106M (10%)          64M (6%)          382M (37%)          64M (6%)     
[109.700s][info][gc,heap     ] GC(49)      Live:         -                28M (3%)           28M (3%)           28M (3%)             -                  -          
[109.700s][info][gc,heap     ] GC(49) Allocated:         -                 0M (0%)            0M (0%)            0M (0%)             -                  -          
[109.700s][info][gc,heap     ] GC(49)   Garbage:         -               353M (34%)          77M (8%)           35M (3%)             -                  -          
[109.700s][info][gc,heap     ] GC(49) Reclaimed:         -                  -               276M (27%)         318M (31%)            -                  -          
[109.700s][info][gc          ] GC(49) Garbage Collection (System.gc()) 382M(37%)->64M(6%)
[110.133s][info][gc,stats    ] === Garbage Collection Statistics =======================================================================================================================
[110.133s][info][gc,stats    ]                                                              Last 10s              Last 10m              Last 10h                Total
[110.133s][info][gc,stats    ]                                                              Avg / Max             Avg / Max             Avg / Max             Avg / Max
[110.133s][info][gc,stats    ]   Collector: Garbage Collection Cycle                     50.983 / 56.563       54.191 / 178.833      54.191 / 178.833      54.191 / 178.833     ms
[110.133s][info][gc,stats    ]  Contention: Mark Segment Reset Contention                     0 / 0                 0 / 2                 0 / 2                 0 / 2           ops/s
[110.133s][info][gc,stats    ]  Contention: Mark SeqNum Reset Contention                      0 / 0                 0 / 1                 0 / 1                 0 / 1           ops/s
[110.133s][info][gc,stats    ]    Critical: Allocation Stall                                  0 / 0                 0 / 0                 0 / 0                 0 / 0           ops/s
[110.133s][info][gc,stats    ]    Critical: Allocation Stall                              0.000 / 0.000         0.000 / 0.000         0.000 / 0.000         0.000 / 0.000       ms
[110.133s][info][gc,stats    ]    Critical: GC Locker Stall                                   0 / 0                 0 / 0                 0 / 0                 0 / 0           ops/s
[110.133s][info][gc,stats    ]    Critical: GC Locker Stall                               0.000 / 0.000         0.000 / 0.000         0.000 / 0.000         0.000 / 0.000       ms
[110.133s][info][gc,stats    ]    Critical: Relocation Stall                                  0 / 0                 0 / 0                 0 / 0                 0 / 0           ops/s
[110.133s][info][gc,stats    ]    Critical: Relocation Stall                              0.000 / 0.000         0.000 / 0.000         0.000 / 0.000         0.000 / 0.000       ms
[110.133s][info][gc,stats    ]      Memory: Allocation Rate                                 179 / 308             137 / 320             137 / 320             137 / 320         MB/s
[110.133s][info][gc,stats    ]      Memory: Defragment                                        0 / 0                 0 / 0                 0 / 0                 0 / 0           ops/s
[110.133s][info][gc,stats    ]      Memory: Out Of Memory                                     0 / 0                 0 / 0                 0 / 0                 0 / 0           ops/s
[110.133s][info][gc,stats    ]      Memory: Page Cache Flush                                  0 / 0                 0 / 0                 0 / 0                 0 / 0           MB/s
[110.133s][info][gc,stats    ]      Memory: Page Cache Hit L1                                81 / 141              61 / 147              61 / 147              61 / 147         ops/s
[110.133s][info][gc,stats    ]      Memory: Page Cache Hit L2                                 0 / 0                 0 / 0                 0 / 0                 0 / 0           ops/s
[110.133s][info][gc,stats    ]      Memory: Page Cache Hit L3                                 0 / 0                 1 / 26                1 / 26                1 / 26          ops/s
[110.133s][info][gc,stats    ]      Memory: Page Cache Miss                                   0 / 0                 0 / 1                 0 / 1                 0 / 1           ops/s
[110.133s][info][gc,stats    ]      Memory: Uncommit                                          0 / 0                 0 / 0                 0 / 0                 0 / 0           MB/s
[110.133s][info][gc,stats    ]      Memory: Undo Object Allocation Failed                     0 / 0                 0 / 0                 0 / 0                 0 / 0           ops/s
[110.133s][info][gc,stats    ]      Memory: Undo Object Allocation Succeeded                  0 / 0                 0 / 2                 0 / 2                 0 / 2           ops/s
[110.133s][info][gc,stats    ]      Memory: Undo Page Allocation                              0 / 0                 0 / 0                 0 / 0                 0 / 0           ops/s
[110.133s][info][gc,stats    ]       Phase: Concurrent Mark                              28.896 / 34.764       31.159 / 125.351      31.159 / 125.351      31.159 / 125.351     ms
[110.133s][info][gc,stats    ]       Phase: Concurrent Mark Continue                      0.000 / 0.000         0.000 / 0.000         0.000 / 0.000         0.000 / 0.000       ms
[110.133s][info][gc,stats    ]       Phase: Concurrent Mark Free                          0.003 / 0.003         0.002 / 0.005         0.002 / 0.005         0.002 / 0.005       ms
[110.133s][info][gc,stats    ]       Phase: Concurrent Process Non-Strong References     18.369 / 20.083       17.671 / 24.445       17.671 / 24.445       17.671 / 24.445      ms
[110.133s][info][gc,stats    ]       Phase: Concurrent Relocate                           1.365 / 1.690         2.397 / 20.770        2.397 / 20.770        2.397 / 20.770      ms
[110.133s][info][gc,stats    ]       Phase: Concurrent Reset Relocation Set               0.002 / 0.002         0.003 / 0.015         0.003 / 0.015         0.003 / 0.015       ms
[110.133s][info][gc,stats    ]       Phase: Concurrent Select Relocation Set              1.446 / 1.700         1.647 / 5.504         1.647 / 5.504         1.647 / 5.504       ms
[110.133s][info][gc,stats    ]       Phase: Pause Mark End                                0.024 / 0.033         0.027 / 0.071         0.027 / 0.071         0.027 / 0.071       ms
[110.133s][info][gc,stats    ]       Phase: Pause Mark Start                              0.008 / 0.010         0.009 / 0.018         0.009 / 0.018         0.009 / 0.018       ms
[110.133s][info][gc,stats    ]       Phase: Pause Relocate Start                          0.007 / 0.008         0.009 / 0.017         0.009 / 0.017         0.009 / 0.017       ms
[110.133s][info][gc,stats    ]    Subphase: Concurrent Classes Purge                      0.264 / 0.298         0.774 / 2.572         0.774 / 2.572         0.774 / 2.572       ms
[110.133s][info][gc,stats    ]    Subphase: Concurrent Classes Unlink                    16.916 / 18.633       15.364 / 18.633       15.364 / 18.633       15.364 / 18.633      ms
[110.133s][info][gc,stats    ]    Subphase: Concurrent Mark                              23.688 / 34.375       26.582 / 123.883      26.582 / 123.883      26.582 / 123.883     ms
[110.133s][info][gc,stats    ]    Subphase: Concurrent Mark Try Flush                     0.100 / 0.154         0.083 / 0.493         0.083 / 0.493         0.083 / 0.493       ms
[110.133s][info][gc,stats    ]    Subphase: Concurrent Mark Try Terminate                 3.393 / 16.474        2.992 / 16.659        2.992 / 16.659        2.992 / 16.659      ms
[110.133s][info][gc,stats    ]    Subphase: Concurrent References Enqueue                 0.005 / 0.006         0.005 / 0.006         0.005 / 0.006         0.005 / 0.006       ms
[110.133s][info][gc,stats    ]    Subphase: Concurrent References Process                 0.204 / 0.369         0.432 / 2.468         0.432 / 2.468         0.432 / 2.468       ms
[110.133s][info][gc,stats    ]    Subphase: Concurrent Roots ClassLoaderDataGraph         0.089 / 0.187         0.089 / 0.315         0.089 / 0.315         0.089 / 0.315       ms
[110.133s][info][gc,stats    ]    Subphase: Concurrent Roots CodeCache                    0.000 / 0.000         0.000 / 0.000         0.000 / 0.000         0.000 / 0.000       ms
[110.134s][info][gc,stats    ]    Subphase: Concurrent Roots JavaThreads                  0.198 / 0.438         0.257 / 2.311         0.257 / 2.311         0.257 / 2.311       ms
[110.134s][info][gc,stats    ]    Subphase: Concurrent Roots OopStorageSet                0.015 / 0.024         0.017 / 0.051         0.017 / 0.051         0.017 / 0.051       ms
[110.134s][info][gc,stats    ]    Subphase: Concurrent Weak Roots OopStorageSet           0.760 / 0.945         0.667 / 1.165         0.667 / 1.165         0.667 / 1.165       ms
[110.134s][info][gc,stats    ]    Subphase: Pause Mark Try Complete                       0.000 / 0.000         0.009 / 0.028         0.009 / 0.028         0.009 / 0.028       ms
[110.134s][info][gc,stats    ]      System: Java Threads                                     11 / 12               11 / 12               11 / 12               11 / 12          threads
[110.134s][info][gc,stats    ] =========================================================================================================================================================
[111.483s][info][gc,start    ] GC(50) Garbage Collection (System.gc())
[111.483s][info][gc,task     ] GC(50) Using 2 workers
[111.483s][info][gc,phases   ] GC(50) Pause Mark Start 0.008ms
[111.516s][info][gc,phases   ] GC(50) Concurrent Mark 33.260ms
[111.516s][info][gc,phases   ] GC(50) Pause Mark End 0.025ms
[111.517s][info][gc,phases   ] GC(50) Concurrent Mark Free 0.003ms
[111.536s][info][gc,phases   ] GC(50) Concurrent Process Non-Strong References 19.035ms
[111.536s][info][gc,phases   ] GC(50) Concurrent Reset Relocation Set 0.002ms
[111.537s][info][gc,phases   ] GC(50) Concurrent Select Relocation Set 1.453ms
[111.537s][info][gc,phases   ] GC(50) Pause Relocate Start 0.008ms
[111.539s][info][gc,phases   ] GC(50) Concurrent Relocate 1.378ms
[111.539s][info][gc,load     ] GC(50) Load: 0.00/0.00/0.00
[111.539s][info][gc,mmu      ] GC(50) MMU: 2ms/96.4%, 5ms/98.5%, 10ms/99.2%, 20ms/99.6%, 50ms/99.8%, 100ms/99.9%
[111.539s][info][gc,marking  ] GC(50) Mark: 2 stripe(s), 1 proactive flush(es), 1 terminate flush(es), 0 completion(s), 0 continuation(s) 
[111.539s][info][gc,marking  ] GC(50) Mark Stack Usage: 32M
[111.539s][info][gc,nmethod  ] GC(50) NMethods: 13286 registered, 6497 unregistered
[111.539s][info][gc,metaspace] GC(50) Metaspace: 60M used, 60M committed, 1088M reserved
[111.539s][info][gc,ref      ] GC(50) Soft: 617 encountered, 0 discovered, 0 enqueued
[111.539s][info][gc,ref      ] GC(50) Weak: 6143 encountered, 1866 discovered, 26 enqueued
[111.539s][info][gc,ref      ] GC(50) Final: 0 encountered, 0 discovered, 0 enqueued
[111.539s][info][gc,ref      ] GC(50) Phantom: 79 encountered, 56 discovered, 0 enqueued
[111.539s][info][gc,reloc    ] GC(50) Small Pages: 159 / 318M, Empty: 246M, Relocated: 1M, In-Place: 0
[111.539s][info][gc,reloc    ] GC(50) Medium Pages: 2 / 64M, Empty: 32M, Relocated: 0M, In-Place: 0
[111.539s][info][gc,reloc    ] GC(50) Large Pages: 0 / 0M, Empty: 0M, Relocated: 0M, In-Place: 0
[111.539s][info][gc,reloc    ] GC(50) Forwarding Usage: 0M
[111.539s][info][gc,heap     ] GC(50) Min Capacity: 1024M(100%)
[111.539s][info][gc,heap     ] GC(50) Max Capacity: 1024M(100%)
[111.539s][info][gc,heap     ] GC(50) Soft Max Capacity: 1024M(100%)
[111.539s][info][gc,heap     ] GC(50)                Mark Start          Mark End        Relocate Start      Relocate End           High               Low         
[111.539s][info][gc,heap     ] GC(50)  Capacity:     1024M (100%)       1024M (100%)       1024M (100%)       1024M (100%)       1024M (100%)       1024M (100%)   
[111.539s][info][gc,heap     ] GC(50)      Free:      642M (63%)         642M (63%)         920M (90%)         960M (94%)         960M (94%)         642M (63%)    
[111.539s][info][gc,heap     ] GC(50)      Used:      382M (37%)         382M (37%)         104M (10%)          64M (6%)          382M (37%)          64M (6%)     
[111.539s][info][gc,heap     ] GC(50)      Live:         -                28M (3%)           28M (3%)           28M (3%)             -                  -          
[111.539s][info][gc,heap     ] GC(50) Allocated:         -                 0M (0%)            0M (0%)            0M (0%)             -                  -          
[111.539s][info][gc,heap     ] GC(50)   Garbage:         -               353M (34%)          75M (7%)           35M (3%)             -                  -          
[111.539s][info][gc,heap     ] GC(50) Reclaimed:         -                  -               278M (27%)         318M (31%)            -                  -          
[111.539s][info][gc          ] GC(50) Garbage Collection (System.gc()) 382M(37%)->64M(6%)
[113.308s][info][gc,start    ] GC(51) Garbage Collection (System.gc())
[113.308s][info][gc,task     ] GC(51) Using 2 workers
[113.308s][info][gc,phases   ] GC(51) Pause Mark Start 0.008ms
[113.336s][info][gc,phases   ] GC(51) Concurrent Mark 28.436ms
[113.336s][info][gc,phases   ] GC(51) Pause Mark End 0.025ms
[113.337s][info][gc,phases   ] GC(51) Concurrent Mark Free 0.003ms
[113.354s][info][gc,phases   ] GC(51) Concurrent Process Non-Strong References 17.805ms
[113.355s][info][gc,phases   ] GC(51) Concurrent Reset Relocation Set 0.002ms
[113.356s][info][gc,phases   ] GC(51) Concurrent Select Relocation Set 1.328ms
[113.356s][info][gc,phases   ] GC(51) Pause Relocate Start 0.008ms
[113.357s][info][gc,phases   ] GC(51) Concurrent Relocate 1.350ms
[113.357s][info][gc,load     ] GC(51) Load: 0.00/0.00/0.00
[113.357s][info][gc,mmu      ] GC(51) MMU: 2ms/96.4%, 5ms/98.5%, 10ms/99.2%, 20ms/99.6%, 50ms/99.8%, 100ms/99.9%
[113.357s][info][gc,marking  ] GC(51) Mark: 2 stripe(s), 1 proactive flush(es), 1 terminate flush(es), 0 completion(s), 0 continuation(s) 
[113.357s][info][gc,marking  ] GC(51) Mark Stack Usage: 32M
[113.357s][info][gc,nmethod  ] GC(51) NMethods: 13295 registered, 6529 unregistered
[113.357s][info][gc,metaspace] GC(51) Metaspace: 60M used, 60M committed, 1088M reserved
[113.357s][info][gc,ref      ] GC(51) Soft: 617 encountered, 0 discovered, 0 enqueued
[113.357s][info][gc,ref      ] GC(51) Weak: 6218 encountered, 154 discovered, 71 enqueued
[113.357s][info][gc,ref      ] GC(51) Final: 0 encountered, 0 discovered, 0 enqueued
[113.357s][info][gc,ref      ] GC(51) Phantom: 79 encountered, 57 discovered, 0 enqueued
[113.357s][info][gc,reloc    ] GC(51) Small Pages: 158 / 316M, Empty: 234M, Relocated: 1M, In-Place: 0
[113.357s][info][gc,reloc    ] GC(51) Medium Pages: 2 / 64M, Empty: 32M, Relocated: 0M, In-Place: 0
[113.357s][info][gc,reloc    ] GC(51) Large Pages: 0 / 0M, Empty: 0M, Relocated: 0M, In-Place: 0
[113.357s][info][gc,reloc    ] GC(51) Forwarding Usage: 0M
[113.358s][info][gc,heap     ] GC(51) Min Capacity: 1024M(100%)
[113.358s][info][gc,heap     ] GC(51) Max Capacity: 1024M(100%)
[113.358s][info][gc,heap     ] GC(51) Soft Max Capacity: 1024M(100%)
[113.358s][info][gc,heap     ] GC(51)                Mark Start          Mark End        Relocate Start      Relocate End           High               Low         
[113.358s][info][gc,heap     ] GC(51)  Capacity:     1024M (100%)       1024M (100%)       1024M (100%)       1024M (100%)       1024M (100%)       1024M (100%)   
[113.358s][info][gc,heap     ] GC(51)      Free:      644M (63%)         644M (63%)         910M (89%)         960M (94%)         960M (94%)         644M (63%)    
[113.358s][info][gc,heap     ] GC(51)      Used:      380M (37%)         380M (37%)         114M (11%)          64M (6%)          380M (37%)          64M (6%)     
[113.358s][info][gc,heap     ] GC(51)      Live:         -                28M (3%)           28M (3%)           28M (3%)             -                  -          
[113.358s][info][gc,heap     ] GC(51) Allocated:         -                 0M (0%)            0M (0%)            0M (0%)             -                  -          
[113.358s][info][gc,heap     ] GC(51)   Garbage:         -               351M (34%)          85M (8%)           35M (3%)             -                  -          
[113.358s][info][gc,heap     ] GC(51) Reclaimed:         -                  -               266M (26%)         316M (31%)            -                  -          
[113.358s][info][gc          ] GC(51) Garbage Collection (System.gc()) 380M(37%)->64M(6%)
[115.134s][info][gc,start    ] GC(52) Garbage Collection (System.gc())
[115.134s][info][gc,task     ] GC(52) Using 2 workers
[115.134s][info][gc,phases   ] GC(52) Pause Mark Start 0.010ms
[115.159s][info][gc,phases   ] GC(52) Concurrent Mark 25.198ms
[115.159s][info][gc,phases   ] GC(52) Pause Mark End 0.028ms
[115.159s][info][gc,phases   ] GC(52) Concurrent Mark Free 0.003ms
[115.177s][info][gc,phases   ] GC(52) Concurrent Process Non-Strong References 18.012ms
[115.178s][info][gc,phases   ] GC(52) Concurrent Reset Relocation Set 0.003ms
[115.179s][info][gc,phases   ] GC(52) Concurrent Select Relocation Set 1.198ms
[115.179s][info][gc,phases   ] GC(52) Pause Relocate Start 0.007ms
[115.180s][info][gc,phases   ] GC(52) Concurrent Relocate 1.023ms
[115.180s][info][gc,load     ] GC(52) Load: 0.00/0.00/0.00
[115.180s][info][gc,mmu      ] GC(52) MMU: 2ms/96.4%, 5ms/98.5%, 10ms/99.2%, 20ms/99.6%, 50ms/99.8%, 100ms/99.9%
[115.180s][info][gc,marking  ] GC(52) Mark: 2 stripe(s), 3 proactive flush(es), 1 terminate flush(es), 0 completion(s), 0 continuation(s) 
[115.180s][info][gc,marking  ] GC(52) Mark Stack Usage: 32M
[115.180s][info][gc,nmethod  ] GC(52) NMethods: 13328 registered, 6564 unregistered
[115.180s][info][gc,metaspace] GC(52) Metaspace: 60M used, 60M committed, 1088M reserved
[115.180s][info][gc,ref      ] GC(52) Soft: 617 encountered, 0 discovered, 0 enqueued
[115.180s][info][gc,ref      ] GC(52) Weak: 6143 encountered, 2576 discovered, 26 enqueued
[115.180s][info][gc,ref      ] GC(52) Final: 0 encountered, 0 discovered, 0 enqueued
[115.180s][info][gc,ref      ] GC(52) Phantom: 79 encountered, 56 discovered, 0 enqueued
[115.180s][info][gc,reloc    ] GC(52) Small Pages: 158 / 316M, Empty: 248M, Relocated: 1M, In-Place: 0
[115.180s][info][gc,reloc    ] GC(52) Medium Pages: 2 / 64M, Empty: 32M, Relocated: 0M, In-Place: 0
[115.180s][info][gc,reloc    ] GC(52) Large Pages: 0 / 0M, Empty: 0M, Relocated: 0M, In-Place: 0
[115.180s][info][gc,reloc    ] GC(52) Forwarding Usage: 0M
[115.180s][info][gc,heap     ] GC(52) Min Capacity: 1024M(100%)
[115.180s][info][gc,heap     ] GC(52) Max Capacity: 1024M(100%)
[115.180s][info][gc,heap     ] GC(52) Soft Max Capacity: 1024M(100%)
[115.180s][info][gc,heap     ] GC(52)                Mark Start          Mark End        Relocate Start      Relocate End           High               Low         
[115.180s][info][gc,heap     ] GC(52)  Capacity:     1024M (100%)       1024M (100%)       1024M (100%)       1024M (100%)       1024M (100%)       1024M (100%)   
[115.180s][info][gc,heap     ] GC(52)      Free:      644M (63%)         644M (63%)         924M (90%)         960M (94%)         960M (94%)         644M (63%)    
[115.180s][info][gc,heap     ] GC(52)      Used:      380M (37%)         380M (37%)         100M (10%)          64M (6%)          380M (37%)          64M (6%)     
[115.180s][info][gc,heap     ] GC(52)      Live:         -                28M (3%)           28M (3%)           28M (3%)             -                  -          
[115.180s][info][gc,heap     ] GC(52) Allocated:         -                 0M (0%)            0M (0%)            0M (0%)             -                  -          
[115.180s][info][gc,heap     ] GC(52)   Garbage:         -               351M (34%)          71M (7%)           35M (3%)             -                  -          
[115.180s][info][gc,heap     ] GC(52) Reclaimed:         -                  -               280M (27%)         316M (31%)            -                  -          
[115.180s][info][gc          ] GC(52) Garbage Collection (System.gc()) 380M(37%)->64M(6%)
[116.980s][info][gc,start    ] GC(53) Garbage Collection (System.gc())
[116.980s][info][gc,task     ] GC(53) Using 2 workers
[116.980s][info][gc,phases   ] GC(53) Pause Mark Start 0.008ms
[117.012s][info][gc,phases   ] GC(53) Concurrent Mark 31.219ms
[117.012s][info][gc,phases   ] GC(53) Pause Mark End 0.030ms
[117.012s][info][gc,phases   ] GC(53) Concurrent Mark Free 0.003ms
[117.031s][info][gc,phases   ] GC(53) Concurrent Process Non-Strong References 18.861ms
[117.031s][info][gc,phases   ] GC(53) Concurrent Reset Relocation Set 0.003ms
[117.032s][info][gc,phases   ] GC(53) Concurrent Select Relocation Set 1.228ms
[117.032s][info][gc,phases   ] GC(53) Pause Relocate Start 0.009ms
[117.034s][info][gc,phases   ] GC(53) Concurrent Relocate 1.387ms
[117.034s][info][gc,load     ] GC(53) Load: 0.00/0.00/0.00
[117.034s][info][gc,mmu      ] GC(53) MMU: 2ms/96.4%, 5ms/98.5%, 10ms/99.2%, 20ms/99.6%, 50ms/99.8%, 100ms/99.9%
[117.034s][info][gc,marking  ] GC(53) Mark: 2 stripe(s), 1 proactive flush(es), 1 terminate flush(es), 0 completion(s), 0 continuation(s) 
[117.034s][info][gc,marking  ] GC(53) Mark Stack Usage: 32M
[117.034s][info][gc,nmethod  ] GC(53) NMethods: 13342 registered, 6590 unregistered
[117.034s][info][gc,metaspace] GC(53) Metaspace: 60M used, 60M committed, 1088M reserved
[117.034s][info][gc,ref      ] GC(53) Soft: 617 encountered, 0 discovered, 0 enqueued
[117.034s][info][gc,ref      ] GC(53) Weak: 6218 encountered, 2394 discovered, 71 enqueued
[117.034s][info][gc,ref      ] GC(53) Final: 0 encountered, 0 discovered, 0 enqueued
[117.034s][info][gc,ref      ] GC(53) Phantom: 79 encountered, 48 discovered, 0 enqueued
[117.034s][info][gc,reloc    ] GC(53) Small Pages: 159 / 318M, Empty: 242M, Relocated: 1M, In-Place: 0
[117.034s][info][gc,reloc    ] GC(53) Medium Pages: 2 / 64M, Empty: 32M, Relocated: 0M, In-Place: 0
[117.034s][info][gc,reloc    ] GC(53) Large Pages: 0 / 0M, Empty: 0M, Relocated: 0M, In-Place: 0
[117.034s][info][gc,reloc    ] GC(53) Forwarding Usage: 0M
[117.034s][info][gc,heap     ] GC(53) Min Capacity: 1024M(100%)
[117.034s][info][gc,heap     ] GC(53) Max Capacity: 1024M(100%)
[117.034s][info][gc,heap     ] GC(53) Soft Max Capacity: 1024M(100%)
[117.034s][info][gc,heap     ] GC(53)                Mark Start          Mark End        Relocate Start      Relocate End           High               Low         
[117.034s][info][gc,heap     ] GC(53)  Capacity:     1024M (100%)       1024M (100%)       1024M (100%)       1024M (100%)       1024M (100%)       1024M (100%)   
[117.034s][info][gc,heap     ] GC(53)      Free:      642M (63%)         642M (63%)         916M (89%)         960M (94%)         960M (94%)         642M (63%)    
[117.034s][info][gc,heap     ] GC(53)      Used:      382M (37%)         382M (37%)         108M (11%)          64M (6%)          382M (37%)          64M (6%)     
[117.034s][info][gc,heap     ] GC(53)      Live:         -                28M (3%)           28M (3%)           28M (3%)             -                  -          
[117.034s][info][gc,heap     ] GC(53) Allocated:         -                 0M (0%)            0M (0%)            0M (0%)             -                  -          
[117.034s][info][gc,heap     ] GC(53)   Garbage:         -               353M (34%)          79M (8%)           35M (3%)             -                  -          
[117.034s][info][gc,heap     ] GC(53) Reclaimed:         -                  -               274M (27%)         318M (31%)            -                  -          
[117.034s][info][gc          ] GC(53) Garbage Collection (System.gc()) 382M(37%)->64M(6%)
[118.825s][info][gc,start    ] GC(54) Garbage Collection (System.gc())
[118.825s][info][gc,task     ] GC(54) Using 2 workers
[118.825s][info][gc,phases   ] GC(54) Pause Mark Start 0.015ms
[118.848s][info][gc,phases   ] GC(54) Concurrent Mark 22.160ms
[118.848s][info][gc,phases   ] GC(54) Pause Mark End 0.026ms
[118.848s][info][gc,phases   ] GC(54) Concurrent Mark Free 0.003ms
[118.866s][info][gc,phases   ] GC(54) Concurrent Process Non-Strong References 17.926ms
[118.866s][info][gc,phases   ] GC(54) Concurrent Reset Relocation Set 0.002ms
[118.867s][info][gc,phases   ] GC(54) Concurrent Select Relocation Set 1.186ms
[118.867s][info][gc,phases   ] GC(54) Pause Relocate Start 0.008ms
[118.868s][info][gc,phases   ] GC(54) Concurrent Relocate 1.147ms
[118.868s][info][gc,load     ] GC(54) Load: 0.00/0.00/0.00
[118.868s][info][gc,mmu      ] GC(54) MMU: 2ms/96.4%, 5ms/98.5%, 10ms/99.2%, 20ms/99.6%, 50ms/99.8%, 100ms/99.9%
[118.868s][info][gc,marking  ] GC(54) Mark: 2 stripe(s), 1 proactive flush(es), 1 terminate flush(es), 0 completion(s), 0 continuation(s) 
[118.868s][info][gc,marking  ] GC(54) Mark Stack Usage: 32M
[118.869s][info][gc,nmethod  ] GC(54) NMethods: 13347 registered, 6628 unregistered
[118.869s][info][gc,metaspace] GC(54) Metaspace: 60M used, 60M committed, 1088M reserved
[118.869s][info][gc,ref      ] GC(54) Soft: 617 encountered, 0 discovered, 0 enqueued
[118.869s][info][gc,ref      ] GC(54) Weak: 6143 encountered, 40 discovered, 26 enqueued
[118.869s][info][gc,ref      ] GC(54) Final: 0 encountered, 0 discovered, 0 enqueued
[118.869s][info][gc,ref      ] GC(54) Phantom: 79 encountered, 45 discovered, 0 enqueued
[118.869s][info][gc,reloc    ] GC(54) Small Pages: 158 / 316M, Empty: 246M, Relocated: 1M, In-Place: 0
[118.869s][info][gc,reloc    ] GC(54) Medium Pages: 2 / 64M, Empty: 32M, Relocated: 0M, In-Place: 0
[118.869s][info][gc,reloc    ] GC(54) Large Pages: 0 / 0M, Empty: 0M, Relocated: 0M, In-Place: 0
[118.869s][info][gc,reloc    ] GC(54) Forwarding Usage: 0M
[118.869s][info][gc,heap     ] GC(54) Min Capacity: 1024M(100%)
[118.869s][info][gc,heap     ] GC(54) Max Capacity: 1024M(100%)
[118.869s][info][gc,heap     ] GC(54) Soft Max Capacity: 1024M(100%)
[118.869s][info][gc,heap     ] GC(54)                Mark Start          Mark End        Relocate Start      Relocate End           High               Low         
[118.869s][info][gc,heap     ] GC(54)  Capacity:     1024M (100%)       1024M (100%)       1024M (100%)       1024M (100%)       1024M (100%)       1024M (100%)   
[118.869s][info][gc,heap     ] GC(54)      Free:      644M (63%)         644M (63%)         922M (90%)         960M (94%)         960M (94%)         644M (63%)    
[118.869s][info][gc,heap     ] GC(54)      Used:      380M (37%)         380M (37%)         102M (10%)          64M (6%)          380M (37%)          64M (6%)     
[118.869s][info][gc,heap     ] GC(54)      Live:         -                28M (3%)           28M (3%)           28M (3%)             -                  -          
[118.869s][info][gc,heap     ] GC(54) Allocated:         -                 0M (0%)            0M (0%)            0M (0%)             -                  -          
[118.869s][info][gc,heap     ] GC(54)   Garbage:         -               351M (34%)          73M (7%)           35M (3%)             -                  -          
[118.869s][info][gc,heap     ] GC(54) Reclaimed:         -                  -               278M (27%)         316M (31%)            -                  -          
[118.869s][info][gc          ] GC(54) Garbage Collection (System.gc()) 380M(37%)->64M(6%)
[120.135s][info][gc,stats    ] === Garbage Collection Statistics =======================================================================================================================
[120.135s][info][gc,stats    ]                                                              Last 10s              Last 10m              Last 10h                Total
[120.135s][info][gc,stats    ]                                                              Avg / Max             Avg / Max             Avg / Max             Avg / Max
[120.135s][info][gc,stats    ]   Collector: Garbage Collection Cycle                     49.816 / 56.016       53.794 / 178.833      53.794 / 178.833      53.794 / 178.833     ms
[120.135s][info][gc,stats    ]  Contention: Mark Segment Reset Contention                     0 / 0                 0 / 2                 0 / 2                 0 / 2           ops/s
[120.135s][info][gc,stats    ]  Contention: Mark SeqNum Reset Contention                      0 / 1                 0 / 1                 0 / 1                 0 / 1           ops/s
[120.135s][info][gc,stats    ]    Critical: Allocation Stall                                  0 / 0                 0 / 0                 0 / 0                 0 / 0           ops/s
[120.135s][info][gc,stats    ]    Critical: Allocation Stall                              0.000 / 0.000         0.000 / 0.000         0.000 / 0.000         0.000 / 0.000       ms
[120.135s][info][gc,stats    ]    Critical: GC Locker Stall                                   0 / 0                 0 / 0                 0 / 0                 0 / 0           ops/s
[120.135s][info][gc,stats    ]    Critical: GC Locker Stall                               0.000 / 0.000         0.000 / 0.000         0.000 / 0.000         0.000 / 0.000       ms
[120.135s][info][gc,stats    ]    Critical: Relocation Stall                                  0 / 0                 0 / 0                 0 / 0                 0 / 0           ops/s
[120.135s][info][gc,stats    ]    Critical: Relocation Stall                              0.000 / 0.000         0.000 / 0.000         0.000 / 0.000         0.000 / 0.000       ms
[120.135s][info][gc,stats    ]      Memory: Allocation Rate                                 170 / 316             140 / 320             140 / 320             140 / 320         MB/s
[120.135s][info][gc,stats    ]      Memory: Defragment                                        0 / 0                 0 / 0                 0 / 0                 0 / 0           ops/s
[120.135s][info][gc,stats    ]      Memory: Out Of Memory                                     0 / 0                 0 / 0                 0 / 0                 0 / 0           ops/s
[120.135s][info][gc,stats    ]      Memory: Page Cache Flush                                  0 / 0                 0 / 0                 0 / 0                 0 / 0           MB/s
[120.135s][info][gc,stats    ]      Memory: Page Cache Hit L1                                78 / 145              62 / 147              62 / 147              62 / 147         ops/s
[120.135s][info][gc,stats    ]      Memory: Page Cache Hit L2                                 0 / 0                 0 / 0                 0 / 0                 0 / 0           ops/s
[120.135s][info][gc,stats    ]      Memory: Page Cache Hit L3                                 0 / 0                 1 / 26                1 / 26                1 / 26          ops/s
[120.135s][info][gc,stats    ]      Memory: Page Cache Miss                                   0 / 0                 0 / 1                 0 / 1                 0 / 1           ops/s
[120.135s][info][gc,stats    ]      Memory: Uncommit                                          0 / 0                 0 / 0                 0 / 0                 0 / 0           MB/s
[120.135s][info][gc,stats    ]      Memory: Undo Object Allocation Failed                     0 / 0                 0 / 0                 0 / 0                 0 / 0           ops/s
[120.135s][info][gc,stats    ]      Memory: Undo Object Allocation Succeeded                  0 / 0                 0 / 2                 0 / 2                 0 / 2           ops/s
[120.135s][info][gc,stats    ]      Memory: Undo Page Allocation                              0 / 0                 0 / 0                 0 / 0                 0 / 0           ops/s
[120.135s][info][gc,stats    ]       Phase: Concurrent Mark                              28.054 / 33.260       30.877 / 125.351      30.877 / 125.351      30.877 / 125.351     ms
[120.135s][info][gc,stats    ]       Phase: Concurrent Mark Continue                      0.000 / 0.000         0.000 / 0.000         0.000 / 0.000         0.000 / 0.000       ms
[120.135s][info][gc,stats    ]       Phase: Concurrent Mark Free                          0.003 / 0.003         0.002 / 0.005         0.002 / 0.005         0.002 / 0.005       ms
[120.135s][info][gc,stats    ]       Phase: Concurrent Process Non-Strong References     18.328 / 19.035       17.731 / 24.445       17.731 / 24.445       17.731 / 24.445      ms
[120.135s][info][gc,stats    ]       Phase: Concurrent Relocate                           1.257 / 1.387         2.293 / 20.770        2.293 / 20.770        2.293 / 20.770      ms
[120.135s][info][gc,stats    ]       Phase: Concurrent Reset Relocation Set               0.002 / 0.003         0.003 / 0.015         0.003 / 0.015         0.003 / 0.015       ms
[120.135s][info][gc,stats    ]       Phase: Concurrent Select Relocation Set              1.279 / 1.453         1.613 / 5.504         1.613 / 5.504         1.613 / 5.504       ms
[120.136s][info][gc,stats    ]       Phase: Pause Mark End                                0.027 / 0.030         0.027 / 0.071         0.027 / 0.071         0.027 / 0.071       ms
[120.136s][info][gc,stats    ]       Phase: Pause Mark Start                              0.010 / 0.015         0.009 / 0.018         0.009 / 0.018         0.009 / 0.018       ms
[120.136s][info][gc,stats    ]       Phase: Pause Relocate Start                          0.008 / 0.009         0.009 / 0.017         0.009 / 0.017         0.009 / 0.017       ms
[120.136s][info][gc,stats    ]    Subphase: Concurrent Classes Purge                      0.265 / 0.353         0.728 / 2.572         0.728 / 2.572         0.728 / 2.572       ms
[120.136s][info][gc,stats    ]    Subphase: Concurrent Classes Unlink                    16.843 / 17.311       15.498 / 18.633       15.498 / 18.633       15.498 / 18.633      ms
[120.136s][info][gc,stats    ]    Subphase: Concurrent Mark                              22.859 / 32.843       26.243 / 123.883      26.243 / 123.883      26.243 / 123.883     ms
[120.136s][info][gc,stats    ]    Subphase: Concurrent Mark Try Flush                     0.071 / 0.161         0.082 / 0.493         0.082 / 0.493         0.082 / 0.493       ms
[120.136s][info][gc,stats    ]    Subphase: Concurrent Mark Try Terminate                 3.170 / 15.098        3.008 / 16.659        3.008 / 16.659        3.008 / 16.659      ms
[120.136s][info][gc,stats    ]    Subphase: Concurrent References Enqueue                 0.005 / 0.007         0.005 / 0.007         0.005 / 0.007         0.005 / 0.007       ms
[120.136s][info][gc,stats    ]    Subphase: Concurrent References Process                 0.279 / 0.387         0.418 / 2.468         0.418 / 2.468         0.418 / 2.468       ms
[120.136s][info][gc,stats    ]    Subphase: Concurrent Roots ClassLoaderDataGraph         0.084 / 0.241         0.089 / 0.315         0.089 / 0.315         0.089 / 0.315       ms
[120.136s][info][gc,stats    ]    Subphase: Concurrent Roots CodeCache                    0.000 / 0.000         0.000 / 0.000         0.000 / 0.000         0.000 / 0.000       ms
[120.136s][info][gc,stats    ]    Subphase: Concurrent Roots JavaThreads                  0.239 / 0.447         0.255 / 2.311         0.255 / 2.311         0.255 / 2.311       ms
[120.136s][info][gc,stats    ]    Subphase: Concurrent Roots OopStorageSet                0.017 / 0.032         0.017 / 0.051         0.017 / 0.051         0.017 / 0.051       ms
[120.136s][info][gc,stats    ]    Subphase: Concurrent Weak Roots OopStorageSet           0.737 / 0.862         0.673 / 1.165         0.673 / 1.165         0.673 / 1.165       ms
[120.136s][info][gc,stats    ]    Subphase: Pause Mark Try Complete                       0.000 / 0.000         0.009 / 0.028         0.009 / 0.028         0.009 / 0.028       ms
[120.136s][info][gc,stats    ]      System: Java Threads                                     11 / 12               11 / 12               11 / 12               11 / 12          threads
[120.136s][info][gc,stats    ] =========================================================================================================================================================
[120.631s][info][gc,start    ] GC(55) Garbage Collection (System.gc())
[120.631s][info][gc,task     ] GC(55) Using 2 workers
[120.631s][info][gc,phases   ] GC(55) Pause Mark Start 0.008ms
[120.654s][info][gc,phases   ] GC(55) Concurrent Mark 23.058ms
[120.654s][info][gc,phases   ] GC(55) Pause Mark End 0.019ms
[120.654s][info][gc,phases   ] GC(55) Concurrent Mark Free 0.002ms
[120.672s][info][gc,phases   ] GC(55) Concurrent Process Non-Strong References 17.340ms
[120.672s][info][gc,phases   ] GC(55) Concurrent Reset Relocation Set 0.002ms
[120.673s][info][gc,phases   ] GC(55) Concurrent Select Relocation Set 1.271ms
[120.673s][info][gc,phases   ] GC(55) Pause Relocate Start 0.013ms
[120.675s][info][gc,phases   ] GC(55) Concurrent Relocate 1.343ms
[120.675s][info][gc,load     ] GC(55) Load: 0.00/0.00/0.00
[120.675s][info][gc,mmu      ] GC(55) MMU: 2ms/96.4%, 5ms/98.5%, 10ms/99.2%, 20ms/99.6%, 50ms/99.8%, 100ms/99.9%
[120.675s][info][gc,marking  ] GC(55) Mark: 2 stripe(s), 1 proactive flush(es), 1 terminate flush(es), 0 completion(s), 0 continuation(s) 
[120.675s][info][gc,marking  ] GC(55) Mark Stack Usage: 32M
[120.675s][info][gc,nmethod  ] GC(55) NMethods: 13354 registered, 6662 unregistered
[120.675s][info][gc,metaspace] GC(55) Metaspace: 60M used, 60M committed, 1088M reserved
[120.675s][info][gc,ref      ] GC(55) Soft: 617 encountered, 0 discovered, 0 enqueued
[120.675s][info][gc,ref      ] GC(55) Weak: 6218 encountered, 105 discovered, 71 enqueued
[120.675s][info][gc,ref      ] GC(55) Final: 0 encountered, 0 discovered, 0 enqueued
[120.675s][info][gc,ref      ] GC(55) Phantom: 79 encountered, 44 discovered, 0 enqueued
[120.675s][info][gc,reloc    ] GC(55) Small Pages: 158 / 316M, Empty: 242M, Relocated: 1M, In-Place: 0
[120.675s][info][gc,reloc    ] GC(55) Medium Pages: 2 / 64M, Empty: 32M, Relocated: 0M, In-Place: 0
[120.675s][info][gc,reloc    ] GC(55) Large Pages: 0 / 0M, Empty: 0M, Relocated: 0M, In-Place: 0
[120.675s][info][gc,reloc    ] GC(55) Forwarding Usage: 0M
[120.675s][info][gc,heap     ] GC(55) Min Capacity: 1024M(100%)
[120.675s][info][gc,heap     ] GC(55) Max Capacity: 1024M(100%)
[120.675s][info][gc,heap     ] GC(55) Soft Max Capacity: 1024M(100%)
[120.675s][info][gc,heap     ] GC(55)                Mark Start          Mark End        Relocate Start      Relocate End           High               Low         
[120.675s][info][gc,heap     ] GC(55)  Capacity:     1024M (100%)       1024M (100%)       1024M (100%)       1024M (100%)       1024M (100%)       1024M (100%)   
[120.675s][info][gc,heap     ] GC(55)      Free:      644M (63%)         644M (63%)         918M (90%)         960M (94%)         960M (94%)         644M (63%)    
[120.675s][info][gc,heap     ] GC(55)      Used:      380M (37%)         380M (37%)         106M (10%)          64M (6%)          380M (37%)          64M (6%)     
[120.675s][info][gc,heap     ] GC(55)      Live:         -                28M (3%)           28M (3%)           28M (3%)             -                  -          
[120.675s][info][gc,heap     ] GC(55) Allocated:         -                 0M (0%)            0M (0%)            0M (0%)             -                  -          
[120.675s][info][gc,heap     ] GC(55)   Garbage:         -               351M (34%)          77M (8%)           35M (3%)             -                  -          
[120.675s][info][gc,heap     ] GC(55) Reclaimed:         -                  -               274M (27%)         316M (31%)            -                  -          
[120.675s][info][gc          ] GC(55) Garbage Collection (System.gc()) 380M(37%)->64M(6%)
[122.446s][info][gc,start    ] GC(56) Garbage Collection (System.gc())
[122.446s][info][gc,task     ] GC(56) Using 2 workers
[122.446s][info][gc,phases   ] GC(56) Pause Mark Start 0.006ms
[122.476s][info][gc,phases   ] GC(56) Concurrent Mark 30.049ms
[122.476s][info][gc,phases   ] GC(56) Pause Mark End 0.028ms
[122.476s][info][gc,phases   ] GC(56) Concurrent Mark Free 0.003ms
[122.494s][info][gc,phases   ] GC(56) Concurrent Process Non-Strong References 18.048ms
[122.494s][info][gc,phases   ] GC(56) Concurrent Reset Relocation Set 0.003ms
[122.496s][info][gc,phases   ] GC(56) Concurrent Select Relocation Set 1.425ms
[122.496s][info][gc,phases   ] GC(56) Pause Relocate Start 0.012ms
[122.498s][info][gc,phases   ] GC(56) Concurrent Relocate 1.594ms
[122.498s][info][gc,load     ] GC(56) Load: 0.00/0.00/0.00
[122.498s][info][gc,mmu      ] GC(56) MMU: 2ms/96.4%, 5ms/98.5%, 10ms/99.2%, 20ms/99.6%, 50ms/99.8%, 100ms/99.9%
[122.498s][info][gc,marking  ] GC(56) Mark: 2 stripe(s), 1 proactive flush(es), 1 terminate flush(es), 0 completion(s), 0 continuation(s) 
[122.498s][info][gc,marking  ] GC(56) Mark Stack Usage: 32M
[122.498s][info][gc,nmethod  ] GC(56) NMethods: 13435 registered, 6690 unregistered
[122.498s][info][gc,metaspace] GC(56) Metaspace: 60M used, 60M committed, 1088M reserved
[122.498s][info][gc,ref      ] GC(56) Soft: 617 encountered, 0 discovered, 0 enqueued
[122.498s][info][gc,ref      ] GC(56) Weak: 6143 encountered, 2260 discovered, 26 enqueued
[122.498s][info][gc,ref      ] GC(56) Final: 0 encountered, 0 discovered, 0 enqueued
[122.498s][info][gc,ref      ] GC(56) Phantom: 79 encountered, 41 discovered, 0 enqueued
[122.498s][info][gc,reloc    ] GC(56) Small Pages: 158 / 316M, Empty: 248M, Relocated: 1M, In-Place: 0
[122.498s][info][gc,reloc    ] GC(56) Medium Pages: 2 / 64M, Empty: 32M, Relocated: 0M, In-Place: 0
[122.498s][info][gc,reloc    ] GC(56) Large Pages: 0 / 0M, Empty: 0M, Relocated: 0M, In-Place: 0
[122.498s][info][gc,reloc    ] GC(56) Forwarding Usage: 0M
[122.498s][info][gc,heap     ] GC(56) Min Capacity: 1024M(100%)
[122.498s][info][gc,heap     ] GC(56) Max Capacity: 1024M(100%)
[122.498s][info][gc,heap     ] GC(56) Soft Max Capacity: 1024M(100%)
[122.498s][info][gc,heap     ] GC(56)                Mark Start          Mark End        Relocate Start      Relocate End           High               Low         
[122.498s][info][gc,heap     ] GC(56)  Capacity:     1024M (100%)       1024M (100%)       1024M (100%)       1024M (100%)       1024M (100%)       1024M (100%)   
[122.498s][info][gc,heap     ] GC(56)      Free:      644M (63%)         644M (63%)         924M (90%)         960M (94%)         960M (94%)         644M (63%)    
[122.498s][info][gc,heap     ] GC(56)      Used:      380M (37%)         380M (37%)         100M (10%)          64M (6%)          380M (37%)          64M (6%)     
[122.498s][info][gc,heap     ] GC(56)      Live:         -                28M (3%)           28M (3%)           28M (3%)             -                  -          
[122.498s][info][gc,heap     ] GC(56) Allocated:         -                 0M (0%)            0M (0%)            0M (0%)             -                  -          
[122.498s][info][gc,heap     ] GC(56)   Garbage:         -               351M (34%)          71M (7%)           35M (3%)             -                  -          
[122.498s][info][gc,heap     ] GC(56) Reclaimed:         -                  -               280M (27%)         316M (31%)            -                  -          
[122.498s][info][gc          ] GC(56) Garbage Collection (System.gc()) 380M(37%)->64M(6%)
[124.253s][info][gc,start    ] GC(57) Garbage Collection (System.gc())
[124.253s][info][gc,task     ] GC(57) Using 2 workers
[124.253s][info][gc,phases   ] GC(57) Pause Mark Start 0.013ms
[124.281s][info][gc,phases   ] GC(57) Concurrent Mark 27.995ms
[124.281s][info][gc,phases   ] GC(57) Pause Mark End 0.022ms
[124.281s][info][gc,phases   ] GC(57) Concurrent Mark Free 0.002ms
[124.299s][info][gc,phases   ] GC(57) Concurrent Process Non-Strong References 17.446ms
[124.299s][info][gc,phases   ] GC(57) Concurrent Reset Relocation Set 0.002ms
[124.300s][info][gc,phases   ] GC(57) Concurrent Select Relocation Set 1.207ms
[124.300s][info][gc,phases   ] GC(57) Pause Relocate Start 0.008ms
[124.301s][info][gc,phases   ] GC(57) Concurrent Relocate 0.792ms
[124.301s][info][gc,load     ] GC(57) Load: 0.00/0.00/0.00
[124.301s][info][gc,mmu      ] GC(57) MMU: 2ms/96.4%, 5ms/98.5%, 10ms/99.2%, 20ms/99.6%, 50ms/99.8%, 100ms/99.9%
[124.301s][info][gc,marking  ] GC(57) Mark: 2 stripe(s), 1 proactive flush(es), 1 terminate flush(es), 0 completion(s), 0 continuation(s) 
[124.301s][info][gc,marking  ] GC(57) Mark Stack Usage: 32M
[124.301s][info][gc,nmethod  ] GC(57) NMethods: 13445 registered, 6702 unregistered
[124.301s][info][gc,metaspace] GC(57) Metaspace: 60M used, 60M committed, 1088M reserved
[124.301s][info][gc,ref      ] GC(57) Soft: 617 encountered, 0 discovered, 0 enqueued
[124.301s][info][gc,ref      ] GC(57) Weak: 6218 encountered, 647 discovered, 71 enqueued
[124.301s][info][gc,ref      ] GC(57) Final: 0 encountered, 0 discovered, 0 enqueued
[124.301s][info][gc,ref      ] GC(57) Phantom: 79 encountered, 41 discovered, 0 enqueued
[124.301s][info][gc,reloc    ] GC(57) Small Pages: 158 / 316M, Empty: 242M, Relocated: 1M, In-Place: 0
[124.301s][info][gc,reloc    ] GC(57) Medium Pages: 2 / 64M, Empty: 32M, Relocated: 0M, In-Place: 0
[124.301s][info][gc,reloc    ] GC(57) Large Pages: 0 / 0M, Empty: 0M, Relocated: 0M, In-Place: 0
[124.301s][info][gc,reloc    ] GC(57) Forwarding Usage: 0M
[124.301s][info][gc,heap     ] GC(57) Min Capacity: 1024M(100%)
[124.301s][info][gc,heap     ] GC(57) Max Capacity: 1024M(100%)
[124.301s][info][gc,heap     ] GC(57) Soft Max Capacity: 1024M(100%)
[124.301s][info][gc,heap     ] GC(57)                Mark Start          Mark End        Relocate Start      Relocate End           High               Low         
[124.301s][info][gc,heap     ] GC(57)  Capacity:     1024M (100%)       1024M (100%)       1024M (100%)       1024M (100%)       1024M (100%)       1024M (100%)   
[124.301s][info][gc,heap     ] GC(57)      Free:      644M (63%)         644M (63%)         918M (90%)         960M (94%)         960M (94%)         644M (63%)    
[124.301s][info][gc,heap     ] GC(57)      Used:      380M (37%)         380M (37%)         106M (10%)          64M (6%)          380M (37%)          64M (6%)     
[124.301s][info][gc,heap     ] GC(57)      Live:         -                28M (3%)           28M (3%)           28M (3%)             -                  -          
[124.301s][info][gc,heap     ] GC(57) Allocated:         -                 0M (0%)            0M (0%)            0M (0%)             -                  -          
[124.301s][info][gc,heap     ] GC(57)   Garbage:         -               351M (34%)          77M (8%)           35M (3%)             -                  -          
[124.301s][info][gc,heap     ] GC(57) Reclaimed:         -                  -               274M (27%)         316M (31%)            -                  -          
[124.301s][info][gc          ] GC(57) Garbage Collection (System.gc()) 380M(37%)->64M(6%)
[126.058s][info][gc,start    ] GC(58) Garbage Collection (System.gc())
[126.058s][info][gc,task     ] GC(58) Using 2 workers
[126.058s][info][gc,phases   ] GC(58) Pause Mark Start 0.011ms
[126.088s][info][gc,phases   ] GC(58) Concurrent Mark 29.825ms
[126.088s][info][gc,phases   ] GC(58) Pause Mark End 0.020ms
[126.089s][info][gc,phases   ] GC(58) Concurrent Mark Free 0.003ms
[126.106s][info][gc,phases   ] GC(58) Concurrent Process Non-Strong References 17.523ms
[126.106s][info][gc,phases   ] GC(58) Concurrent Reset Relocation Set 0.002ms
[126.108s][info][gc,phases   ] GC(58) Concurrent Select Relocation Set 1.341ms
[126.108s][info][gc,phases   ] GC(58) Pause Relocate Start 0.010ms
[126.109s][info][gc,phases   ] GC(58) Concurrent Relocate 1.359ms
[126.109s][info][gc,load     ] GC(58) Load: 0.00/0.00/0.00
[126.109s][info][gc,mmu      ] GC(58) MMU: 2ms/96.4%, 5ms/98.5%, 10ms/99.2%, 20ms/99.6%, 50ms/99.8%, 100ms/99.9%
[126.109s][info][gc,marking  ] GC(58) Mark: 2 stripe(s), 2 proactive flush(es), 1 terminate flush(es), 0 completion(s), 0 continuation(s) 
[126.109s][info][gc,marking  ] GC(58) Mark Stack Usage: 32M
[126.109s][info][gc,nmethod  ] GC(58) NMethods: 13455 registered, 6730 unregistered
[126.109s][info][gc,metaspace] GC(58) Metaspace: 60M used, 60M committed, 1088M reserved
[126.109s][info][gc,ref      ] GC(58) Soft: 617 encountered, 0 discovered, 0 enqueued
[126.109s][info][gc,ref      ] GC(58) Weak: 6143 encountered, 5458 discovered, 26 enqueued
[126.109s][info][gc,ref      ] GC(58) Final: 0 encountered, 0 discovered, 0 enqueued
[126.109s][info][gc,ref      ] GC(58) Phantom: 79 encountered, 48 discovered, 0 enqueued
[126.109s][info][gc,reloc    ] GC(58) Small Pages: 158 / 316M, Empty: 244M, Relocated: 1M, In-Place: 0
[126.109s][info][gc,reloc    ] GC(58) Medium Pages: 2 / 64M, Empty: 32M, Relocated: 0M, In-Place: 0
[126.109s][info][gc,reloc    ] GC(58) Large Pages: 0 / 0M, Empty: 0M, Relocated: 0M, In-Place: 0
[126.109s][info][gc,reloc    ] GC(58) Forwarding Usage: 0M
[126.109s][info][gc,heap     ] GC(58) Min Capacity: 1024M(100%)
[126.109s][info][gc,heap     ] GC(58) Max Capacity: 1024M(100%)
[126.109s][info][gc,heap     ] GC(58) Soft Max Capacity: 1024M(100%)
[126.109s][info][gc,heap     ] GC(58)                Mark Start          Mark End        Relocate Start      Relocate End           High               Low         
[126.109s][info][gc,heap     ] GC(58)  Capacity:     1024M (100%)       1024M (100%)       1024M (100%)       1024M (100%)       1024M (100%)       1024M (100%)   
[126.109s][info][gc,heap     ] GC(58)      Free:      644M (63%)         644M (63%)         920M (90%)         960M (94%)         960M (94%)         644M (63%)    
[126.109s][info][gc,heap     ] GC(58)      Used:      380M (37%)         380M (37%)         104M (10%)          64M (6%)          380M (37%)          64M (6%)     
[126.109s][info][gc,heap     ] GC(58)      Live:         -                28M (3%)           28M (3%)           28M (3%)             -                  -          
[126.109s][info][gc,heap     ] GC(58) Allocated:         -                 0M (0%)            0M (0%)            0M (0%)             -                  -          
[126.109s][info][gc,heap     ] GC(58)   Garbage:         -               351M (34%)          75M (7%)           35M (3%)             -                  -          
[126.109s][info][gc,heap     ] GC(58) Reclaimed:         -                  -               276M (27%)         316M (31%)            -                  -          
[126.109s][info][gc          ] GC(58) Garbage Collection (System.gc()) 380M(37%)->64M(6%)
[127.862s][info][gc,start    ] GC(59) Garbage Collection (System.gc())
[127.862s][info][gc,task     ] GC(59) Using 2 workers
[127.862s][info][gc,phases   ] GC(59) Pause Mark Start 0.009ms
[127.894s][info][gc,phases   ] GC(59) Concurrent Mark 31.383ms
[127.894s][info][gc,phases   ] GC(59) Pause Mark End 0.029ms
[127.894s][info][gc,phases   ] GC(59) Concurrent Mark Free 0.002ms
[127.912s][info][gc,phases   ] GC(59) Concurrent Process Non-Strong References 17.324ms
[127.912s][info][gc,phases   ] GC(59) Concurrent Reset Relocation Set 0.004ms
[127.913s][info][gc,phases   ] GC(59) Concurrent Select Relocation Set 1.570ms
[127.913s][info][gc,phases   ] GC(59) Pause Relocate Start 0.007ms
[127.915s][info][gc,phases   ] GC(59) Concurrent Relocate 1.131ms
[127.915s][info][gc,load     ] GC(59) Load: 0.00/0.00/0.00
[127.915s][info][gc,mmu      ] GC(59) MMU: 2ms/96.4%, 5ms/98.5%, 10ms/99.2%, 20ms/99.6%, 50ms/99.8%, 100ms/99.9%
[127.915s][info][gc,marking  ] GC(59) Mark: 2 stripe(s), 1 proactive flush(es), 1 terminate flush(es), 0 completion(s), 0 continuation(s) 
[127.915s][info][gc,marking  ] GC(59) Mark Stack Usage: 32M
[127.915s][info][gc,nmethod  ] GC(59) NMethods: 13486 registered, 6758 unregistered
[127.915s][info][gc,metaspace] GC(59) Metaspace: 60M used, 60M committed, 1088M reserved
[127.915s][info][gc,ref      ] GC(59) Soft: 617 encountered, 0 discovered, 0 enqueued
[127.915s][info][gc,ref      ] GC(59) Weak: 6218 encountered, 5387 discovered, 71 enqueued
[127.915s][info][gc,ref      ] GC(59) Final: 0 encountered, 0 discovered, 0 enqueued
[127.915s][info][gc,ref      ] GC(59) Phantom: 79 encountered, 49 discovered, 0 enqueued
[127.915s][info][gc,reloc    ] GC(59) Small Pages: 158 / 316M, Empty: 242M, Relocated: 1M, In-Place: 0
[127.915s][info][gc,reloc    ] GC(59) Medium Pages: 2 / 64M, Empty: 32M, Relocated: 0M, In-Place: 0
[127.915s][info][gc,reloc    ] GC(59) Large Pages: 0 / 0M, Empty: 0M, Relocated: 0M, In-Place: 0
[127.915s][info][gc,reloc    ] GC(59) Forwarding Usage: 0M
[127.915s][info][gc,heap     ] GC(59) Min Capacity: 1024M(100%)
[127.915s][info][gc,heap     ] GC(59) Max Capacity: 1024M(100%)
[127.915s][info][gc,heap     ] GC(59) Soft Max Capacity: 1024M(100%)
[127.915s][info][gc,heap     ] GC(59)                Mark Start          Mark End        Relocate Start      Relocate End           High               Low         
[127.915s][info][gc,heap     ] GC(59)  Capacity:     1024M (100%)       1024M (100%)       1024M (100%)       1024M (100%)       1024M (100%)       1024M (100%)   
[127.915s][info][gc,heap     ] GC(59)      Free:      644M (63%)         644M (63%)         918M (90%)         960M (94%)         960M (94%)         644M (63%)    
[127.915s][info][gc,heap     ] GC(59)      Used:      380M (37%)         380M (37%)         106M (10%)          64M (6%)          380M (37%)          64M (6%)     
[127.915s][info][gc,heap     ] GC(59)      Live:         -                28M (3%)           28M (3%)           28M (3%)             -                  -          
[127.915s][info][gc,heap     ] GC(59) Allocated:         -                 0M (0%)            0M (0%)            0M (0%)             -                  -          
[127.915s][info][gc,heap     ] GC(59)   Garbage:         -               351M (34%)          77M (8%)           35M (3%)             -                  -          
[127.915s][info][gc,heap     ] GC(59) Reclaimed:         -                  -               274M (27%)         316M (31%)            -                  -          
[127.915s][info][gc          ] GC(59) Garbage Collection (System.gc()) 380M(37%)->64M(6%)
[129.751s][info][gc,start    ] GC(60) Garbage Collection (System.gc())
[129.751s][info][gc,task     ] GC(60) Using 2 workers
[129.751s][info][gc,phases   ] GC(60) Pause Mark Start 0.013ms
[129.778s][info][gc,phases   ] GC(60) Concurrent Mark 26.501ms
[129.778s][info][gc,phases   ] GC(60) Pause Mark End 0.013ms
[129.778s][info][gc,phases   ] GC(60) Concurrent Mark Free 0.002ms
[129.796s][info][gc,phases   ] GC(60) Concurrent Process Non-Strong References 17.685ms
[129.796s][info][gc,phases   ] GC(60) Concurrent Reset Relocation Set 0.002ms
[129.797s][info][gc,phases   ] GC(60) Concurrent Select Relocation Set 1.495ms
[129.797s][info][gc,phases   ] GC(60) Pause Relocate Start 0.008ms
[129.799s][info][gc,phases   ] GC(60) Concurrent Relocate 1.460ms
[129.799s][info][gc,load     ] GC(60) Load: 0.00/0.00/0.00
[129.799s][info][gc,mmu      ] GC(60) MMU: 2ms/96.4%, 5ms/98.5%, 10ms/99.2%, 20ms/99.6%, 50ms/99.8%, 100ms/99.9%
[129.799s][info][gc,marking  ] GC(60) Mark: 2 stripe(s), 1 proactive flush(es), 1 terminate flush(es), 0 completion(s), 0 continuation(s) 
[129.799s][info][gc,marking  ] GC(60) Mark Stack Usage: 32M
[129.799s][info][gc,nmethod  ] GC(60) NMethods: 13492 registered, 6796 unregistered
[129.799s][info][gc,metaspace] GC(60) Metaspace: 60M used, 60M committed, 1088M reserved
[129.799s][info][gc,ref      ] GC(60) Soft: 617 encountered, 0 discovered, 0 enqueued
[129.799s][info][gc,ref      ] GC(60) Weak: 6143 encountered, 5531 discovered, 26 enqueued
[129.799s][info][gc,ref      ] GC(60) Final: 0 encountered, 0 discovered, 0 enqueued
[129.799s][info][gc,ref      ] GC(60) Phantom: 79 encountered, 52 discovered, 0 enqueued
[129.799s][info][gc,reloc    ] GC(60) Small Pages: 158 / 316M, Empty: 242M, Relocated: 1M, In-Place: 0
[129.799s][info][gc,reloc    ] GC(60) Medium Pages: 2 / 64M, Empty: 32M, Relocated: 0M, In-Place: 0
[129.799s][info][gc,reloc    ] GC(60) Large Pages: 0 / 0M, Empty: 0M, Relocated: 0M, In-Place: 0
[129.799s][info][gc,reloc    ] GC(60) Forwarding Usage: 0M
[129.799s][info][gc,heap     ] GC(60) Min Capacity: 1024M(100%)
[129.799s][info][gc,heap     ] GC(60) Max Capacity: 1024M(100%)
[129.799s][info][gc,heap     ] GC(60) Soft Max Capacity: 1024M(100%)
[129.799s][info][gc,heap     ] GC(60)                Mark Start          Mark End        Relocate Start      Relocate End           High               Low         
[129.799s][info][gc,heap     ] GC(60)  Capacity:     1024M (100%)       1024M (100%)       1024M (100%)       1024M (100%)       1024M (100%)       1024M (100%)   
[129.799s][info][gc,heap     ] GC(60)      Free:      644M (63%)         644M (63%)         918M (90%)         960M (94%)         960M (94%)         644M (63%)    
[129.799s][info][gc,heap     ] GC(60)      Used:      380M (37%)         380M (37%)         106M (10%)          64M (6%)          380M (37%)          64M (6%)     
[129.799s][info][gc,heap     ] GC(60)      Live:         -                28M (3%)           28M (3%)           28M (3%)             -                  -          
[129.799s][info][gc,heap     ] GC(60) Allocated:         -                 0M (0%)            0M (0%)            0M (0%)             -                  -          
[129.800s][info][gc,heap     ] GC(60)   Garbage:         -               351M (34%)          77M (8%)           35M (3%)             -                  -          
[129.800s][info][gc,heap     ] GC(60) Reclaimed:         -                  -               274M (27%)         316M (31%)            -                  -          
[129.800s][info][gc          ] GC(60) Garbage Collection (System.gc()) 380M(37%)->64M(6%)
[130.123s][info][gc,stats    ] === Garbage Collection Statistics =======================================================================================================================
[130.124s][info][gc,stats    ]                                                              Last 10s              Last 10m              Last 10h                Total
[130.124s][info][gc,stats    ]                                                              Avg / Max             Avg / Max             Avg / Max             Avg / Max
[130.124s][info][gc,stats    ]   Collector: Garbage Collection Cycle                     49.301 / 52.338       53.352 / 178.833      53.352 / 178.833      53.352 / 178.833     ms
[130.124s][info][gc,stats    ]  Contention: Mark Segment Reset Contention                     0 / 1                 0 / 2                 0 / 2                 0 / 2           ops/s
[130.124s][info][gc,stats    ]  Contention: Mark SeqNum Reset Contention                      0 / 0                 0 / 1                 0 / 1                 0 / 1           ops/s
[130.124s][info][gc,stats    ]    Critical: Allocation Stall                                  0 / 0                 0 / 0                 0 / 0                 0 / 0           ops/s
[130.124s][info][gc,stats    ]    Critical: Allocation Stall                              0.000 / 0.000         0.000 / 0.000         0.000 / 0.000         0.000 / 0.000       ms
[130.124s][info][gc,stats    ]    Critical: GC Locker Stall                                   0 / 0                 0 / 0                 0 / 0                 0 / 0           ops/s
[130.124s][info][gc,stats    ]    Critical: GC Locker Stall                               0.000 / 0.000         0.000 / 0.000         0.000 / 0.000         0.000 / 0.000       ms
[130.124s][info][gc,stats    ]    Critical: Relocation Stall                                  0 / 0                 0 / 0                 0 / 0                 0 / 0           ops/s
[130.124s][info][gc,stats    ]    Critical: Relocation Stall                              0.000 / 0.000         0.000 / 0.000         0.000 / 0.000         0.000 / 0.000       ms
[130.124s][info][gc,stats    ]      Memory: Allocation Rate                                 172 / 308             142 / 320             142 / 320             142 / 320         MB/s
[130.124s][info][gc,stats    ]      Memory: Defragment                                        0 / 0                 0 / 0                 0 / 0                 0 / 0           ops/s
[130.124s][info][gc,stats    ]      Memory: Out Of Memory                                     0 / 0                 0 / 0                 0 / 0                 0 / 0           ops/s
[130.124s][info][gc,stats    ]      Memory: Page Cache Flush                                  0 / 0                 0 / 0                 0 / 0                 0 / 0           MB/s
[130.124s][info][gc,stats    ]      Memory: Page Cache Hit L1                                78 / 141              64 / 147              64 / 147              64 / 147         ops/s
[130.124s][info][gc,stats    ]      Memory: Page Cache Hit L2                                 0 / 0                 0 / 0                 0 / 0                 0 / 0           ops/s
[130.124s][info][gc,stats    ]      Memory: Page Cache Hit L3                                 0 / 0                 1 / 26                1 / 26                1 / 26          ops/s
[130.124s][info][gc,stats    ]      Memory: Page Cache Miss                                   0 / 0                 0 / 1                 0 / 1                 0 / 1           ops/s
[130.124s][info][gc,stats    ]      Memory: Uncommit                                          0 / 0                 0 / 0                 0 / 0                 0 / 0           MB/s
[130.124s][info][gc,stats    ]      Memory: Undo Object Allocation Failed                     0 / 0                 0 / 0                 0 / 0                 0 / 0           ops/s
[130.124s][info][gc,stats    ]      Memory: Undo Object Allocation Succeeded                  0 / 0                 0 / 2                 0 / 2                 0 / 2           ops/s
[130.124s][info][gc,stats    ]      Memory: Undo Page Allocation                              0 / 0                 0 / 0                 0 / 0                 0 / 0           ops/s
[130.124s][info][gc,stats    ]       Phase: Concurrent Mark                              28.135 / 31.383       30.607 / 125.351      30.607 / 125.351      30.607 / 125.351     ms
[130.124s][info][gc,stats    ]       Phase: Concurrent Mark Continue                      0.000 / 0.000         0.000 / 0.000         0.000 / 0.000         0.000 / 0.000       ms
[130.124s][info][gc,stats    ]       Phase: Concurrent Mark Free                          0.002 / 0.003         0.002 / 0.005         0.002 / 0.005         0.002 / 0.005       ms
[130.124s][info][gc,stats    ]       Phase: Concurrent Process Non-Strong References     17.561 / 18.048       17.714 / 24.445       17.714 / 24.445       17.714 / 24.445      ms
[130.124s][info][gc,stats    ]       Phase: Concurrent Relocate                           1.280 / 1.594         2.194 / 20.770        2.194 / 20.770        2.194 / 20.770      ms
[130.124s][info][gc,stats    ]       Phase: Concurrent Reset Relocation Set               0.002 / 0.004         0.003 / 0.015         0.003 / 0.015         0.003 / 0.015       ms
[130.124s][info][gc,stats    ]       Phase: Concurrent Select Relocation Set              1.385 / 1.570         1.591 / 5.504         1.591 / 5.504         1.591 / 5.504       ms
[130.124s][info][gc,stats    ]       Phase: Pause Mark End                                0.022 / 0.029         0.026 / 0.071         0.026 / 0.071         0.026 / 0.071       ms
[130.124s][info][gc,stats    ]       Phase: Pause Mark Start                              0.010 / 0.013         0.009 / 0.018         0.009 / 0.018         0.009 / 0.018       ms
[130.124s][info][gc,stats    ]       Phase: Pause Relocate Start                          0.009 / 0.013         0.009 / 0.017         0.009 / 0.017         0.009 / 0.017       ms
[130.124s][info][gc,stats    ]    Subphase: Concurrent Classes Purge                      0.199 / 0.239         0.676 / 2.572         0.676 / 2.572         0.676 / 2.572       ms
[130.124s][info][gc,stats    ]    Subphase: Concurrent Classes Unlink                    16.227 / 16.492       15.570 / 18.633       15.570 / 18.633       15.570 / 18.633      ms
[130.124s][info][gc,stats    ]    Subphase: Concurrent Mark                              23.671 / 30.734       25.990 / 123.883      25.990 / 123.883      25.990 / 123.883     ms
[130.124s][info][gc,stats    ]    Subphase: Concurrent Mark Try Flush                     0.119 / 0.221         0.085 / 0.493         0.085 / 0.493         0.085 / 0.493       ms
[130.124s][info][gc,stats    ]    Subphase: Concurrent Mark Try Terminate                 3.313 / 12.641        3.039 / 16.659        3.039 / 16.659        3.039 / 16.659      ms
[130.124s][info][gc,stats    ]    Subphase: Concurrent References Enqueue                 0.005 / 0.006         0.005 / 0.007         0.005 / 0.007         0.005 / 0.007       ms
[130.124s][info][gc,stats    ]    Subphase: Concurrent References Process                 0.368 / 0.557         0.413 / 2.468         0.413 / 2.468         0.413 / 2.468       ms
[130.124s][info][gc,stats    ]    Subphase: Concurrent Roots ClassLoaderDataGraph         0.103 / 0.255         0.090 / 0.315         0.090 / 0.315         0.090 / 0.315       ms
[130.124s][info][gc,stats    ]    Subphase: Concurrent Roots CodeCache                    0.000 / 0.000         0.000 / 0.000         0.000 / 0.000         0.000 / 0.000       ms
[130.124s][info][gc,stats    ]    Subphase: Concurrent Roots JavaThreads                  0.263 / 0.454         0.256 / 2.311         0.256 / 2.311         0.256 / 2.311       ms
[130.124s][info][gc,stats    ]    Subphase: Concurrent Roots OopStorageSet                0.019 / 0.032         0.017 / 0.051         0.017 / 0.051         0.017 / 0.051       ms
[130.124s][info][gc,stats    ]    Subphase: Concurrent Weak Roots OopStorageSet           0.547 / 0.625         0.661 / 1.165         0.661 / 1.165         0.661 / 1.165       ms
[130.124s][info][gc,stats    ]    Subphase: Pause Mark Try Complete                       0.000 / 0.000         0.009 / 0.028         0.009 / 0.028         0.009 / 0.028       ms
[130.124s][info][gc,stats    ]      System: Java Threads                                     11 / 11               11 / 12               11 / 12               11 / 12          threads
[130.125s][info][gc,stats    ] =========================================================================================================================================================
[131.589s][info][gc,start    ] GC(61) Garbage Collection (System.gc())
[131.589s][info][gc,task     ] GC(61) Using 2 workers
[131.589s][info][gc,phases   ] GC(61) Pause Mark Start 0.007ms
[131.615s][info][gc,phases   ] GC(61) Concurrent Mark 25.951ms
[131.615s][info][gc,phases   ] GC(61) Pause Mark End 0.030ms
[131.615s][info][gc,phases   ] GC(61) Concurrent Mark Free 0.003ms
[131.634s][info][gc,phases   ] GC(61) Concurrent Process Non-Strong References 19.020ms
[131.634s][info][gc,phases   ] GC(61) Concurrent Reset Relocation Set 0.002ms
[131.636s][info][gc,phases   ] GC(61) Concurrent Select Relocation Set 1.246ms
[131.636s][info][gc,phases   ] GC(61) Pause Relocate Start 0.008ms
[131.637s][info][gc,phases   ] GC(61) Concurrent Relocate 1.073ms
[131.637s][info][gc,load     ] GC(61) Load: 0.00/0.00/0.00
[131.637s][info][gc,mmu      ] GC(61) MMU: 2ms/96.4%, 5ms/98.5%, 10ms/99.2%, 20ms/99.6%, 50ms/99.8%, 100ms/99.9%
[131.637s][info][gc,marking  ] GC(61) Mark: 2 stripe(s), 1 proactive flush(es), 1 terminate flush(es), 0 completion(s), 0 continuation(s) 
[131.637s][info][gc,marking  ] GC(61) Mark Stack Usage: 32M
[131.637s][info][gc,nmethod  ] GC(61) NMethods: 13531 registered, 6817 unregistered
[131.637s][info][gc,metaspace] GC(61) Metaspace: 60M used, 60M committed, 1088M reserved
[131.637s][info][gc,ref      ] GC(61) Soft: 617 encountered, 0 discovered, 0 enqueued
[131.637s][info][gc,ref      ] GC(61) Weak: 6218 encountered, 2178 discovered, 71 enqueued
[131.637s][info][gc,ref      ] GC(61) Final: 0 encountered, 0 discovered, 0 enqueued
[131.637s][info][gc,ref      ] GC(61) Phantom: 79 encountered, 52 discovered, 0 enqueued
[131.637s][info][gc,reloc    ] GC(61) Small Pages: 158 / 316M, Empty: 246M, Relocated: 1M, In-Place: 0
[131.637s][info][gc,reloc    ] GC(61) Medium Pages: 2 / 64M, Empty: 32M, Relocated: 0M, In-Place: 0
[131.637s][info][gc,reloc    ] GC(61) Large Pages: 0 / 0M, Empty: 0M, Relocated: 0M, In-Place: 0
[131.637s][info][gc,reloc    ] GC(61) Forwarding Usage: 0M
[131.637s][info][gc,heap     ] GC(61) Min Capacity: 1024M(100%)
[131.637s][info][gc,heap     ] GC(61) Max Capacity: 1024M(100%)
[131.637s][info][gc,heap     ] GC(61) Soft Max Capacity: 1024M(100%)
[131.637s][info][gc,heap     ] GC(61)                Mark Start          Mark End        Relocate Start      Relocate End           High               Low         
[131.637s][info][gc,heap     ] GC(61)  Capacity:     1024M (100%)       1024M (100%)       1024M (100%)       1024M (100%)       1024M (100%)       1024M (100%)   
[131.637s][info][gc,heap     ] GC(61)      Free:      644M (63%)         644M (63%)         922M (90%)         960M (94%)         960M (94%)         644M (63%)    
[131.637s][info][gc,heap     ] GC(61)      Used:      380M (37%)         380M (37%)         102M (10%)          64M (6%)          380M (37%)          64M (6%)     
[131.637s][info][gc,heap     ] GC(61)      Live:         -                28M (3%)           28M (3%)           28M (3%)             -                  -          
[131.637s][info][gc,heap     ] GC(61) Allocated:         -                 0M (0%)            0M (0%)            0M (0%)             -                  -          
[131.637s][info][gc,heap     ] GC(61)   Garbage:         -               351M (34%)          73M (7%)           35M (3%)             -                  -          
[131.637s][info][gc,heap     ] GC(61) Reclaimed:         -                  -               278M (27%)         316M (31%)            -                  -          
[131.637s][info][gc          ] GC(61) Garbage Collection (System.gc()) 380M(37%)->64M(6%)
[133.407s][info][gc,start    ] GC(62) Garbage Collection (System.gc())
[133.407s][info][gc,task     ] GC(62) Using 2 workers
[133.407s][info][gc,phases   ] GC(62) Pause Mark Start 0.008ms
[133.439s][info][gc,phases   ] GC(62) Concurrent Mark 31.944ms
[133.439s][info][gc,phases   ] GC(62) Pause Mark End 0.026ms
[133.439s][info][gc,phases   ] GC(62) Concurrent Mark Free 0.003ms
[133.458s][info][gc,phases   ] GC(62) Concurrent Process Non-Strong References 18.860ms
[133.458s][info][gc,phases   ] GC(62) Concurrent Reset Relocation Set 0.003ms
[133.460s][info][gc,phases   ] GC(62) Concurrent Select Relocation Set 1.428ms
[133.460s][info][gc,phases   ] GC(62) Pause Relocate Start 0.007ms
[133.461s][info][gc,phases   ] GC(62) Concurrent Relocate 1.197ms
[133.461s][info][gc,load     ] GC(62) Load: 0.00/0.00/0.00
[133.461s][info][gc,mmu      ] GC(62) MMU: 2ms/96.4%, 5ms/98.5%, 10ms/99.2%, 20ms/99.6%, 50ms/99.8%, 100ms/99.9%
[133.461s][info][gc,marking  ] GC(62) Mark: 2 stripe(s), 2 proactive flush(es), 1 terminate flush(es), 0 completion(s), 0 continuation(s) 
[133.461s][info][gc,marking  ] GC(62) Mark Stack Usage: 32M
[133.461s][info][gc,nmethod  ] GC(62) NMethods: 13535 registered, 6841 unregistered
[133.461s][info][gc,metaspace] GC(62) Metaspace: 60M used, 60M committed, 1088M reserved
[133.461s][info][gc,ref      ] GC(62) Soft: 617 encountered, 0 discovered, 0 enqueued
[133.461s][info][gc,ref      ] GC(62) Weak: 6143 encountered, 69 discovered, 26 enqueued
[133.461s][info][gc,ref      ] GC(62) Final: 0 encountered, 0 discovered, 0 enqueued
[133.461s][info][gc,ref      ] GC(62) Phantom: 79 encountered, 51 discovered, 0 enqueued
[133.461s][info][gc,reloc    ] GC(62) Small Pages: 158 / 316M, Empty: 246M, Relocated: 1M, In-Place: 0
[133.461s][info][gc,reloc    ] GC(62) Medium Pages: 2 / 64M, Empty: 32M, Relocated: 0M, In-Place: 0
[133.461s][info][gc,reloc    ] GC(62) Large Pages: 0 / 0M, Empty: 0M, Relocated: 0M, In-Place: 0
[133.461s][info][gc,reloc    ] GC(62) Forwarding Usage: 0M
[133.461s][info][gc,heap     ] GC(62) Min Capacity: 1024M(100%)
[133.461s][info][gc,heap     ] GC(62) Max Capacity: 1024M(100%)
[133.461s][info][gc,heap     ] GC(62) Soft Max Capacity: 1024M(100%)
[133.461s][info][gc,heap     ] GC(62)                Mark Start          Mark End        Relocate Start      Relocate End           High               Low         
[133.461s][info][gc,heap     ] GC(62)  Capacity:     1024M (100%)       1024M (100%)       1024M (100%)       1024M (100%)       1024M (100%)       1024M (100%)   
[133.461s][info][gc,heap     ] GC(62)      Free:      644M (63%)         644M (63%)         922M (90%)         960M (94%)         960M (94%)         644M (63%)    
[133.461s][info][gc,heap     ] GC(62)      Used:      380M (37%)         380M (37%)         102M (10%)          64M (6%)          380M (37%)          64M (6%)     
[133.461s][info][gc,heap     ] GC(62)      Live:         -                28M (3%)           28M (3%)           28M (3%)             -                  -          
[133.461s][info][gc,heap     ] GC(62) Allocated:         -                 0M (0%)            0M (0%)            0M (0%)             -                  -          
[133.461s][info][gc,heap     ] GC(62)   Garbage:         -               351M (34%)          73M (7%)           35M (3%)             -                  -          
[133.461s][info][gc,heap     ] GC(62) Reclaimed:         -                  -               278M (27%)         316M (31%)            -                  -          
[133.461s][info][gc          ] GC(62) Garbage Collection (System.gc()) 380M(37%)->64M(6%)
[135.217s][info][gc,start    ] GC(63) Garbage Collection (System.gc())
[135.217s][info][gc,task     ] GC(63) Using 2 workers
[135.217s][info][gc,phases   ] GC(63) Pause Mark Start 0.008ms
[135.245s][info][gc,phases   ] GC(63) Concurrent Mark 28.487ms
[135.245s][info][gc,phases   ] GC(63) Pause Mark End 0.023ms
[135.246s][info][gc,phases   ] GC(63) Concurrent Mark Free 0.003ms
[135.264s][info][gc,phases   ] GC(63) Concurrent Process Non-Strong References 17.910ms
[135.264s][info][gc,phases   ] GC(63) Concurrent Reset Relocation Set 0.002ms
[135.265s][info][gc,phases   ] GC(63) Concurrent Select Relocation Set 1.559ms
[135.265s][info][gc,phases   ] GC(63) Pause Relocate Start 0.008ms
[135.267s][info][gc,phases   ] GC(63) Concurrent Relocate 1.259ms
[135.267s][info][gc,load     ] GC(63) Load: 0.00/0.00/0.00
[135.267s][info][gc,mmu      ] GC(63) MMU: 2ms/96.4%, 5ms/98.5%, 10ms/99.2%, 20ms/99.6%, 50ms/99.8%, 100ms/99.9%
[135.267s][info][gc,marking  ] GC(63) Mark: 2 stripe(s), 1 proactive flush(es), 1 terminate flush(es), 0 completion(s), 0 continuation(s) 
[135.267s][info][gc,marking  ] GC(63) Mark Stack Usage: 32M
[135.267s][info][gc,nmethod  ] GC(63) NMethods: 13538 registered, 6867 unregistered
[135.267s][info][gc,metaspace] GC(63) Metaspace: 60M used, 60M committed, 1088M reserved
[135.267s][info][gc,ref      ] GC(63) Soft: 617 encountered, 0 discovered, 0 enqueued
[135.267s][info][gc,ref      ] GC(63) Weak: 6218 encountered, 1539 discovered, 71 enqueued
[135.267s][info][gc,ref      ] GC(63) Final: 0 encountered, 0 discovered, 0 enqueued
[135.267s][info][gc,ref      ] GC(63) Phantom: 79 encountered, 52 discovered, 0 enqueued
[135.267s][info][gc,reloc    ] GC(63) Small Pages: 159 / 318M, Empty: 236M, Relocated: 1M, In-Place: 0
[135.267s][info][gc,reloc    ] GC(63) Medium Pages: 2 / 64M, Empty: 32M, Relocated: 0M, In-Place: 0
[135.267s][info][gc,reloc    ] GC(63) Large Pages: 0 / 0M, Empty: 0M, Relocated: 0M, In-Place: 0
[135.267s][info][gc,reloc    ] GC(63) Forwarding Usage: 0M
[135.267s][info][gc,heap     ] GC(63) Min Capacity: 1024M(100%)
[135.267s][info][gc,heap     ] GC(63) Max Capacity: 1024M(100%)
[135.267s][info][gc,heap     ] GC(63) Soft Max Capacity: 1024M(100%)
[135.267s][info][gc,heap     ] GC(63)                Mark Start          Mark End        Relocate Start      Relocate End           High               Low         
[135.267s][info][gc,heap     ] GC(63)  Capacity:     1024M (100%)       1024M (100%)       1024M (100%)       1024M (100%)       1024M (100%)       1024M (100%)   
[135.267s][info][gc,heap     ] GC(63)      Free:      642M (63%)         642M (63%)         910M (89%)         960M (94%)         960M (94%)         642M (63%)    
[135.267s][info][gc,heap     ] GC(63)      Used:      382M (37%)         382M (37%)         114M (11%)          64M (6%)          382M (37%)          64M (6%)     
[135.267s][info][gc,heap     ] GC(63)      Live:         -                28M (3%)           28M (3%)           28M (3%)             -                  -          
[135.267s][info][gc,heap     ] GC(63) Allocated:         -                 0M (0%)            0M (0%)            0M (0%)             -                  -          
[135.267s][info][gc,heap     ] GC(63)   Garbage:         -               353M (34%)          85M (8%)           35M (3%)             -                  -          
[135.267s][info][gc,heap     ] GC(63) Reclaimed:         -                  -               268M (26%)         318M (31%)            -                  -          
[135.267s][info][gc          ] GC(63) Garbage Collection (System.gc()) 382M(37%)->64M(6%)
[137.021s][info][gc,start    ] GC(64) Garbage Collection (System.gc())
[137.021s][info][gc,task     ] GC(64) Using 2 workers
[137.021s][info][gc,phases   ] GC(64) Pause Mark Start 0.008ms
[137.054s][info][gc,phases   ] GC(64) Concurrent Mark 32.894ms
[137.055s][info][gc,phases   ] GC(64) Pause Mark End 0.032ms
[137.055s][info][gc,phases   ] GC(64) Concurrent Mark Free 0.003ms
[137.072s][info][gc,phases   ] GC(64) Concurrent Process Non-Strong References 17.325ms
[137.072s][info][gc,phases   ] GC(64) Concurrent Reset Relocation Set 0.002ms
[137.074s][info][gc,phases   ] GC(64) Concurrent Select Relocation Set 1.408ms
[137.074s][info][gc,phases   ] GC(64) Pause Relocate Start 0.007ms
[137.075s][info][gc,phases   ] GC(64) Concurrent Relocate 1.326ms
[137.075s][info][gc,load     ] GC(64) Load: 0.00/0.00/0.00
[137.075s][info][gc,mmu      ] GC(64) MMU: 2ms/96.4%, 5ms/98.5%, 10ms/99.2%, 20ms/99.6%, 50ms/99.8%, 100ms/99.9%
[137.075s][info][gc,marking  ] GC(64) Mark: 2 stripe(s), 1 proactive flush(es), 1 terminate flush(es), 0 completion(s), 0 continuation(s) 
[137.075s][info][gc,marking  ] GC(64) Mark Stack Usage: 32M
[137.075s][info][gc,nmethod  ] GC(64) NMethods: 13545 registered, 6889 unregistered
[137.075s][info][gc,metaspace] GC(64) Metaspace: 60M used, 60M committed, 1088M reserved
[137.075s][info][gc,ref      ] GC(64) Soft: 617 encountered, 0 discovered, 0 enqueued
[137.075s][info][gc,ref      ] GC(64) Weak: 6143 encountered, 139 discovered, 26 enqueued
[137.075s][info][gc,ref      ] GC(64) Final: 0 encountered, 0 discovered, 0 enqueued
[137.075s][info][gc,ref      ] GC(64) Phantom: 79 encountered, 66 discovered, 0 enqueued
[137.075s][info][gc,reloc    ] GC(64) Small Pages: 159 / 318M, Empty: 248M, Relocated: 1M, In-Place: 0
[137.075s][info][gc,reloc    ] GC(64) Medium Pages: 2 / 64M, Empty: 32M, Relocated: 0M, In-Place: 0
[137.075s][info][gc,reloc    ] GC(64) Large Pages: 0 / 0M, Empty: 0M, Relocated: 0M, In-Place: 0
[137.075s][info][gc,reloc    ] GC(64) Forwarding Usage: 0M
[137.075s][info][gc,heap     ] GC(64) Min Capacity: 1024M(100%)
[137.075s][info][gc,heap     ] GC(64) Max Capacity: 1024M(100%)
[137.075s][info][gc,heap     ] GC(64) Soft Max Capacity: 1024M(100%)
[137.075s][info][gc,heap     ] GC(64)                Mark Start          Mark End        Relocate Start      Relocate End           High               Low         
[137.075s][info][gc,heap     ] GC(64)  Capacity:     1024M (100%)       1024M (100%)       1024M (100%)       1024M (100%)       1024M (100%)       1024M (100%)   
[137.076s][info][gc,heap     ] GC(64)      Free:      642M (63%)         642M (63%)         922M (90%)         960M (94%)         960M (94%)         642M (63%)    
[137.076s][info][gc,heap     ] GC(64)      Used:      382M (37%)         382M (37%)         102M (10%)          64M (6%)          382M (37%)          64M (6%)     
[137.076s][info][gc,heap     ] GC(64)      Live:         -                28M (3%)           28M (3%)           28M (3%)             -                  -          
[137.076s][info][gc,heap     ] GC(64) Allocated:         -                 0M (0%)            0M (0%)            0M (0%)             -                  -          
[137.076s][info][gc,heap     ] GC(64)   Garbage:         -               353M (34%)          73M (7%)           35M (3%)             -                  -          
[137.076s][info][gc,heap     ] GC(64) Reclaimed:         -                  -               280M (27%)         318M (31%)            -                  -          
[137.076s][info][gc          ] GC(64) Garbage Collection (System.gc()) 382M(37%)->64M(6%)
[138.837s][info][gc,start    ] GC(65) Garbage Collection (System.gc())
[138.837s][info][gc,task     ] GC(65) Using 2 workers
[138.837s][info][gc,phases   ] GC(65) Pause Mark Start 0.005ms
[138.860s][info][gc,phases   ] GC(65) Concurrent Mark 23.331ms
[138.861s][info][gc,phases   ] GC(65) Pause Mark End 0.028ms
[138.861s][info][gc,phases   ] GC(65) Concurrent Mark Free 0.002ms
[138.878s][info][gc,phases   ] GC(65) Concurrent Process Non-Strong References 17.558ms
[138.879s][info][gc,phases   ] GC(65) Concurrent Reset Relocation Set 0.002ms
[138.880s][info][gc,phases   ] GC(65) Concurrent Select Relocation Set 1.629ms
[138.880s][info][gc,phases   ] GC(65) Pause Relocate Start 0.007ms
[138.882s][info][gc,phases   ] GC(65) Concurrent Relocate 1.394ms
[138.882s][info][gc,load     ] GC(65) Load: 0.00/0.00/0.00
[138.882s][info][gc,mmu      ] GC(65) MMU: 2ms/96.4%, 5ms/98.5%, 10ms/99.2%, 20ms/99.6%, 50ms/99.8%, 100ms/99.9%
[138.882s][info][gc,marking  ] GC(65) Mark: 2 stripe(s), 1 proactive flush(es), 1 terminate flush(es), 0 completion(s), 0 continuation(s) 
[138.882s][info][gc,marking  ] GC(65) Mark Stack Usage: 32M
[138.882s][info][gc,nmethod  ] GC(65) NMethods: 13552 registered, 6914 unregistered
[138.882s][info][gc,metaspace] GC(65) Metaspace: 60M used, 60M committed, 1088M reserved
[138.882s][info][gc,ref      ] GC(65) Soft: 617 encountered, 0 discovered, 0 enqueued
[138.882s][info][gc,ref      ] GC(65) Weak: 6218 encountered, 104 discovered, 71 enqueued
[138.882s][info][gc,ref      ] GC(65) Final: 0 encountered, 0 discovered, 0 enqueued
[138.882s][info][gc,ref      ] GC(65) Phantom: 79 encountered, 53 discovered, 0 enqueued
[138.882s][info][gc,reloc    ] GC(65) Small Pages: 158 / 316M, Empty: 240M, Relocated: 1M, In-Place: 0
[138.882s][info][gc,reloc    ] GC(65) Medium Pages: 2 / 64M, Empty: 32M, Relocated: 0M, In-Place: 0
[138.882s][info][gc,reloc    ] GC(65) Large Pages: 0 / 0M, Empty: 0M, Relocated: 0M, In-Place: 0
[138.882s][info][gc,reloc    ] GC(65) Forwarding Usage: 0M
[138.882s][info][gc,heap     ] GC(65) Min Capacity: 1024M(100%)
[138.882s][info][gc,heap     ] GC(65) Max Capacity: 1024M(100%)
[138.882s][info][gc,heap     ] GC(65) Soft Max Capacity: 1024M(100%)
[138.882s][info][gc,heap     ] GC(65)                Mark Start          Mark End        Relocate Start      Relocate End           High               Low         
[138.882s][info][gc,heap     ] GC(65)  Capacity:     1024M (100%)       1024M (100%)       1024M (100%)       1024M (100%)       1024M (100%)       1024M (100%)   
[138.882s][info][gc,heap     ] GC(65)      Free:      644M (63%)         644M (63%)         916M (89%)         960M (94%)         960M (94%)         644M (63%)    
[138.882s][info][gc,heap     ] GC(65)      Used:      380M (37%)         380M (37%)         108M (11%)          64M (6%)          380M (37%)          64M (6%)     
[138.882s][info][gc,heap     ] GC(65)      Live:         -                28M (3%)           28M (3%)           28M (3%)             -                  -          
[138.882s][info][gc,heap     ] GC(65) Allocated:         -                 0M (0%)            0M (0%)            0M (0%)             -                  -          
[138.882s][info][gc,heap     ] GC(65)   Garbage:         -               351M (34%)          79M (8%)           35M (3%)             -                  -          
[138.882s][info][gc,heap     ] GC(65) Reclaimed:         -                  -               272M (27%)         316M (31%)            -                  -          
[138.882s][info][gc          ] GC(65) Garbage Collection (System.gc()) 380M(37%)->64M(6%)
[140.133s][info][gc,stats    ] === Garbage Collection Statistics =======================================================================================================================
[140.133s][info][gc,stats    ]                                                              Last 10s              Last 10m              Last 10h                Total
[140.133s][info][gc,stats    ]                                                              Avg / Max             Avg / Max             Avg / Max             Avg / Max
[140.133s][info][gc,stats    ]   Collector: Garbage Collection Cycle                     50.257 / 54.295       53.117 / 178.833      53.117 / 178.833      53.117 / 178.833     ms
[140.133s][info][gc,stats    ]  Contention: Mark Segment Reset Contention                     0 / 0                 0 / 2                 0 / 2                 0 / 2           ops/s
[140.133s][info][gc,stats    ]  Contention: Mark SeqNum Reset Contention                      0 / 0                 0 / 1                 0 / 1                 0 / 1           ops/s
[140.133s][info][gc,stats    ]    Critical: Allocation Stall                                  0 / 0                 0 / 0                 0 / 0                 0 / 0           ops/s
[140.133s][info][gc,stats    ]    Critical: Allocation Stall                              0.000 / 0.000         0.000 / 0.000         0.000 / 0.000         0.000 / 0.000       ms
[140.133s][info][gc,stats    ]    Critical: GC Locker Stall                                   0 / 0                 0 / 0                 0 / 0                 0 / 0           ops/s
[140.133s][info][gc,stats    ]    Critical: GC Locker Stall                               0.000 / 0.000         0.000 / 0.000         0.000 / 0.000         0.000 / 0.000       ms
[140.133s][info][gc,stats    ]    Critical: Relocation Stall                                  0 / 0                 0 / 0                 0 / 0                 0 / 0           ops/s
[140.133s][info][gc,stats    ]    Critical: Relocation Stall                              0.000 / 0.000         0.000 / 0.000         0.000 / 0.000         0.000 / 0.000       ms
[140.133s][info][gc,stats    ]      Memory: Allocation Rate                                 175 / 316             144 / 320             144 / 320             144 / 320         MB/s
[140.133s][info][gc,stats    ]      Memory: Defragment                                        0 / 0                 0 / 0                 0 / 0                 0 / 0           ops/s
[140.133s][info][gc,stats    ]      Memory: Out Of Memory                                     0 / 0                 0 / 0                 0 / 0                 0 / 0           ops/s
[140.133s][info][gc,stats    ]      Memory: Page Cache Flush                                  0 / 0                 0 / 0                 0 / 0                 0 / 0           MB/s
[140.133s][info][gc,stats    ]      Memory: Page Cache Hit L1                                81 / 145              65 / 147              65 / 147              65 / 147         ops/s
[140.133s][info][gc,stats    ]      Memory: Page Cache Hit L2                                 0 / 0                 0 / 0                 0 / 0                 0 / 0           ops/s
[140.133s][info][gc,stats    ]      Memory: Page Cache Hit L3                                 0 / 0                 1 / 26                1 / 26                1 / 26          ops/s
[140.133s][info][gc,stats    ]      Memory: Page Cache Miss                                   0 / 0                 0 / 1                 0 / 1                 0 / 1           ops/s
[140.133s][info][gc,stats    ]      Memory: Uncommit                                          0 / 0                 0 / 0                 0 / 0                 0 / 0           MB/s
[140.133s][info][gc,stats    ]      Memory: Undo Object Allocation Failed                     0 / 0                 0 / 0                 0 / 0                 0 / 0           ops/s
[140.133s][info][gc,stats    ]      Memory: Undo Object Allocation Succeeded                  0 / 0                 0 / 2                 0 / 2                 0 / 2           ops/s
[140.133s][info][gc,stats    ]      Memory: Undo Page Allocation                              0 / 0                 0 / 0                 0 / 0                 0 / 0           ops/s
[140.133s][info][gc,stats    ]       Phase: Concurrent Mark                              28.521 / 32.894       30.449 / 125.351      30.449 / 125.351      30.449 / 125.351     ms
[140.133s][info][gc,stats    ]       Phase: Concurrent Mark Continue                      0.000 / 0.000         0.000 / 0.000         0.000 / 0.000         0.000 / 0.000       ms
[140.133s][info][gc,stats    ]       Phase: Concurrent Mark Free                          0.003 / 0.003         0.002 / 0.005         0.002 / 0.005         0.002 / 0.005       ms
[140.133s][info][gc,stats    ]       Phase: Concurrent Process Non-Strong References     18.135 / 19.020       17.746 / 24.445       17.746 / 24.445       17.746 / 24.445      ms
[140.133s][info][gc,stats    ]       Phase: Concurrent Relocate                           1.250 / 1.394         2.122 / 20.770        2.122 / 20.770        2.122 / 20.770      ms
[140.133s][info][gc,stats    ]       Phase: Concurrent Reset Relocation Set               0.002 / 0.003         0.003 / 0.015         0.003 / 0.015         0.003 / 0.015       ms
[140.133s][info][gc,stats    ]       Phase: Concurrent Select Relocation Set              1.454 / 1.629         1.581 / 5.504         1.581 / 5.504         1.581 / 5.504       ms
[140.133s][info][gc,stats    ]       Phase: Pause Mark End                                0.028 / 0.032         0.026 / 0.071         0.026 / 0.071         0.026 / 0.071       ms
[140.134s][info][gc,stats    ]       Phase: Pause Mark Start                              0.007 / 0.008         0.009 / 0.018         0.009 / 0.018         0.009 / 0.018       ms
[140.134s][info][gc,stats    ]       Phase: Pause Relocate Start                          0.007 / 0.008         0.009 / 0.017         0.009 / 0.017         0.009 / 0.017       ms
[140.134s][info][gc,stats    ]    Subphase: Concurrent Classes Purge                      0.187 / 0.220         0.639 / 2.572         0.639 / 2.572         0.639 / 2.572       ms
[140.134s][info][gc,stats    ]    Subphase: Concurrent Classes Unlink                    16.723 / 17.819       15.657 / 18.633       15.657 / 18.633       15.657 / 18.633      ms
[140.134s][info][gc,stats    ]    Subphase: Concurrent Mark                              23.694 / 32.446       25.816 / 123.883      25.816 / 123.883      25.816 / 123.883     ms
[140.134s][info][gc,stats    ]    Subphase: Concurrent Mark Try Flush                     0.082 / 0.158         0.085 / 0.493         0.085 / 0.493         0.085 / 0.493       ms
[140.134s][info][gc,stats    ]    Subphase: Concurrent Mark Try Terminate                 3.023 / 14.346        3.038 / 16.659        3.038 / 16.659        3.038 / 16.659      ms
[140.134s][info][gc,stats    ]    Subphase: Concurrent References Enqueue                 0.005 / 0.006         0.005 / 0.007         0.005 / 0.007         0.005 / 0.007       ms
[140.134s][info][gc,stats    ]    Subphase: Concurrent References Process                 0.221 / 0.342         0.398 / 2.468         0.398 / 2.468         0.398 / 2.468       ms
[140.134s][info][gc,stats    ]    Subphase: Concurrent Roots ClassLoaderDataGraph         0.078 / 0.138         0.089 / 0.315         0.089 / 0.315         0.089 / 0.315       ms
[140.134s][info][gc,stats    ]    Subphase: Concurrent Roots CodeCache                    0.000 / 0.000         0.000 / 0.000         0.000 / 0.000         0.000 / 0.000       ms
[140.134s][info][gc,stats    ]    Subphase: Concurrent Roots JavaThreads                  0.174 / 0.259         0.250 / 2.311         0.250 / 2.311         0.250 / 2.311       ms
[140.134s][info][gc,stats    ]    Subphase: Concurrent Roots OopStorageSet                0.014 / 0.021         0.017 / 0.051         0.017 / 0.051         0.017 / 0.051       ms
[140.134s][info][gc,stats    ]    Subphase: Concurrent Weak Roots OopStorageSet           0.785 / 0.959         0.670 / 1.165         0.670 / 1.165         0.670 / 1.165       ms
[140.134s][info][gc,stats    ]    Subphase: Pause Mark Try Complete                       0.000 / 0.000         0.009 / 0.028         0.009 / 0.028         0.009 / 0.028       ms
[140.134s][info][gc,stats    ]      System: Java Threads                                     11 / 11               11 / 12               11 / 12               11 / 12          threads
[140.134s][info][gc,stats    ] =========================================================================================================================================================
[140.638s][info][gc,start    ] GC(66) Garbage Collection (System.gc())
[140.638s][info][gc,task     ] GC(66) Using 2 workers
[140.638s][info][gc,phases   ] GC(66) Pause Mark Start 0.006ms
[140.666s][info][gc,phases   ] GC(66) Concurrent Mark 27.652ms
[140.666s][info][gc,phases   ] GC(66) Pause Mark End 0.026ms
[140.666s][info][gc,phases   ] GC(66) Concurrent Mark Free 0.003ms
[140.685s][info][gc,phases   ] GC(66) Concurrent Process Non-Strong References 18.816ms
[140.685s][info][gc,phases   ] GC(66) Concurrent Reset Relocation Set 0.002ms
[140.686s][info][gc,phases   ] GC(66) Concurrent Select Relocation Set 1.270ms
[140.687s][info][gc,phases   ] GC(66) Pause Relocate Start 0.012ms
[140.688s][info][gc,phases   ] GC(66) Concurrent Relocate 1.684ms
[140.688s][info][gc,load     ] GC(66) Load: 0.00/0.00/0.00
[140.688s][info][gc,mmu      ] GC(66) MMU: 2ms/96.4%, 5ms/98.5%, 10ms/99.2%, 20ms/99.6%, 50ms/99.8%, 100ms/99.9%
[140.688s][info][gc,marking  ] GC(66) Mark: 2 stripe(s), 1 proactive flush(es), 1 terminate flush(es), 0 completion(s), 0 continuation(s) 
[140.688s][info][gc,marking  ] GC(66) Mark Stack Usage: 32M
[140.688s][info][gc,nmethod  ] GC(66) NMethods: 13562 registered, 6934 unregistered
[140.688s][info][gc,metaspace] GC(66) Metaspace: 60M used, 60M committed, 1088M reserved
[140.689s][info][gc,ref      ] GC(66) Soft: 617 encountered, 0 discovered, 0 enqueued
[140.689s][info][gc,ref      ] GC(66) Weak: 6143 encountered, 1027 discovered, 26 enqueued
[140.689s][info][gc,ref      ] GC(66) Final: 0 encountered, 0 discovered, 0 enqueued
[140.689s][info][gc,ref      ] GC(66) Phantom: 79 encountered, 41 discovered, 0 enqueued
[140.689s][info][gc,reloc    ] GC(66) Small Pages: 158 / 316M, Empty: 244M, Relocated: 1M, In-Place: 0
[140.689s][info][gc,reloc    ] GC(66) Medium Pages: 2 / 64M, Empty: 32M, Relocated: 0M, In-Place: 0
[140.689s][info][gc,reloc    ] GC(66) Large Pages: 0 / 0M, Empty: 0M, Relocated: 0M, In-Place: 0
[140.689s][info][gc,reloc    ] GC(66) Forwarding Usage: 0M
[140.689s][info][gc,heap     ] GC(66) Min Capacity: 1024M(100%)
[140.689s][info][gc,heap     ] GC(66) Max Capacity: 1024M(100%)
[140.689s][info][gc,heap     ] GC(66) Soft Max Capacity: 1024M(100%)
[140.689s][info][gc,heap     ] GC(66)                Mark Start          Mark End        Relocate Start      Relocate End           High               Low         
[140.689s][info][gc,heap     ] GC(66)  Capacity:     1024M (100%)       1024M (100%)       1024M (100%)       1024M (100%)       1024M (100%)       1024M (100%)   
[140.689s][info][gc,heap     ] GC(66)      Free:      644M (63%)         644M (63%)         920M (90%)         960M (94%)         960M (94%)         644M (63%)    
[140.689s][info][gc,heap     ] GC(66)      Used:      380M (37%)         380M (37%)         104M (10%)          64M (6%)          380M (37%)          64M (6%)     
[140.689s][info][gc,heap     ] GC(66)      Live:         -                28M (3%)           28M (3%)           28M (3%)             -                  -          
[140.689s][info][gc,heap     ] GC(66) Allocated:         -                 0M (0%)            0M (0%)            0M (0%)             -                  -          
[140.689s][info][gc,heap     ] GC(66)   Garbage:         -               351M (34%)          75M (7%)           35M (3%)             -                  -          
[140.689s][info][gc,heap     ] GC(66) Reclaimed:         -                  -               276M (27%)         316M (31%)            -                  -          
[140.689s][info][gc          ] GC(66) Garbage Collection (System.gc()) 380M(37%)->64M(6%)
[142.453s][info][gc,start    ] GC(67) Garbage Collection (System.gc())
[142.453s][info][gc,task     ] GC(67) Using 2 workers
[142.453s][info][gc,phases   ] GC(67) Pause Mark Start 0.010ms
[142.487s][info][gc,phases   ] GC(67) Concurrent Mark 33.777ms
[142.487s][info][gc,phases   ] GC(67) Pause Mark End 0.029ms
[142.487s][info][gc,phases   ] GC(67) Concurrent Mark Free 0.003ms
[142.505s][info][gc,phases   ] GC(67) Concurrent Process Non-Strong References 17.553ms
[142.505s][info][gc,phases   ] GC(67) Concurrent Reset Relocation Set 0.002ms
[142.506s][info][gc,phases   ] GC(67) Concurrent Select Relocation Set 1.531ms
[142.506s][info][gc,phases   ] GC(67) Pause Relocate Start 0.007ms
[142.508s][info][gc,phases   ] GC(67) Concurrent Relocate 1.386ms
[142.508s][info][gc,load     ] GC(67) Load: 0.00/0.00/0.00
[142.508s][info][gc,mmu      ] GC(67) MMU: 2ms/96.4%, 5ms/98.5%, 10ms/99.2%, 20ms/99.6%, 50ms/99.8%, 100ms/99.9%
[142.508s][info][gc,marking  ] GC(67) Mark: 2 stripe(s), 1 proactive flush(es), 1 terminate flush(es), 0 completion(s), 0 continuation(s) 
[142.508s][info][gc,marking  ] GC(67) Mark Stack Usage: 32M
[142.508s][info][gc,nmethod  ] GC(67) NMethods: 13570 registered, 6955 unregistered
[142.508s][info][gc,metaspace] GC(67) Metaspace: 60M used, 60M committed, 1088M reserved
[142.508s][info][gc,ref      ] GC(67) Soft: 617 encountered, 0 discovered, 0 enqueued
[142.508s][info][gc,ref      ] GC(67) Weak: 6218 encountered, 97 discovered, 71 enqueued
[142.508s][info][gc,ref      ] GC(67) Final: 0 encountered, 0 discovered, 0 enqueued
[142.508s][info][gc,ref      ] GC(67) Phantom: 79 encountered, 45 discovered, 0 enqueued
[142.508s][info][gc,reloc    ] GC(67) Small Pages: 158 / 316M, Empty: 246M, Relocated: 1M, In-Place: 0
[142.508s][info][gc,reloc    ] GC(67) Medium Pages: 2 / 64M, Empty: 32M, Relocated: 0M, In-Place: 0
[142.508s][info][gc,reloc    ] GC(67) Large Pages: 0 / 0M, Empty: 0M, Relocated: 0M, In-Place: 0
[142.508s][info][gc,reloc    ] GC(67) Forwarding Usage: 0M
[142.508s][info][gc,heap     ] GC(67) Min Capacity: 1024M(100%)
[142.508s][info][gc,heap     ] GC(67) Max Capacity: 1024M(100%)
[142.508s][info][gc,heap     ] GC(67) Soft Max Capacity: 1024M(100%)
[142.508s][info][gc,heap     ] GC(67)                Mark Start          Mark End        Relocate Start      Relocate End           High               Low         
[142.508s][info][gc,heap     ] GC(67)  Capacity:     1024M (100%)       1024M (100%)       1024M (100%)       1024M (100%)       1024M (100%)       1024M (100%)   
[142.508s][info][gc,heap     ] GC(67)      Free:      644M (63%)         644M (63%)         922M (90%)         960M (94%)         960M (94%)         644M (63%)    
[142.508s][info][gc,heap     ] GC(67)      Used:      380M (37%)         380M (37%)         102M (10%)          64M (6%)          380M (37%)          64M (6%)     
[142.508s][info][gc,heap     ] GC(67)      Live:         -                28M (3%)           28M (3%)           28M (3%)             -                  -          
[142.508s][info][gc,heap     ] GC(67) Allocated:         -                 0M (0%)            0M (0%)            0M (0%)             -                  -          
[142.508s][info][gc,heap     ] GC(67)   Garbage:         -               351M (34%)          73M (7%)           35M (3%)             -                  -          
[142.508s][info][gc,heap     ] GC(67) Reclaimed:         -                  -               278M (27%)         316M (31%)            -                  -          
[142.508s][info][gc          ] GC(67) Garbage Collection (System.gc()) 380M(37%)->64M(6%)
[144.261s][info][gc,start    ] GC(68) Garbage Collection (System.gc())
[144.261s][info][gc,task     ] GC(68) Using 2 workers
[144.261s][info][gc,phases   ] GC(68) Pause Mark Start 0.008ms
[144.294s][info][gc,phases   ] GC(68) Concurrent Mark 33.243ms
[144.294s][info][gc,phases   ] GC(68) Pause Mark End 0.027ms
[144.294s][info][gc,phases   ] GC(68) Concurrent Mark Free 0.002ms
[144.314s][info][gc,phases   ] GC(68) Concurrent Process Non-Strong References 19.103ms
[144.314s][info][gc,phases   ] GC(68) Concurrent Reset Relocation Set 0.003ms
[144.315s][info][gc,phases   ] GC(68) Concurrent Select Relocation Set 1.341ms
[144.315s][info][gc,phases   ] GC(68) Pause Relocate Start 0.008ms
[144.316s][info][gc,phases   ] GC(68) Concurrent Relocate 0.855ms
[144.316s][info][gc,load     ] GC(68) Load: 0.00/0.00/0.00
[144.316s][info][gc,mmu      ] GC(68) MMU: 2ms/96.4%, 5ms/98.5%, 10ms/99.2%, 20ms/99.6%, 50ms/99.8%, 100ms/99.9%
[144.316s][info][gc,marking  ] GC(68) Mark: 2 stripe(s), 1 proactive flush(es), 1 terminate flush(es), 0 completion(s), 0 continuation(s) 
[144.316s][info][gc,marking  ] GC(68) Mark Stack Usage: 32M
[144.316s][info][gc,nmethod  ] GC(68) NMethods: 13759 registered, 6973 unregistered
[144.316s][info][gc,metaspace] GC(68) Metaspace: 60M used, 60M committed, 1088M reserved
[144.316s][info][gc,ref      ] GC(68) Soft: 617 encountered, 0 discovered, 0 enqueued
[144.316s][info][gc,ref      ] GC(68) Weak: 6143 encountered, 621 discovered, 26 enqueued
[144.316s][info][gc,ref      ] GC(68) Final: 0 encountered, 0 discovered, 0 enqueued
[144.316s][info][gc,ref      ] GC(68) Phantom: 79 encountered, 44 discovered, 0 enqueued
[144.316s][info][gc,reloc    ] GC(68) Small Pages: 159 / 318M, Empty: 250M, Relocated: 1M, In-Place: 0
[144.316s][info][gc,reloc    ] GC(68) Medium Pages: 2 / 64M, Empty: 32M, Relocated: 0M, In-Place: 0
[144.316s][info][gc,reloc    ] GC(68) Large Pages: 0 / 0M, Empty: 0M, Relocated: 0M, In-Place: 0
[144.316s][info][gc,reloc    ] GC(68) Forwarding Usage: 0M
[144.316s][info][gc,heap     ] GC(68) Min Capacity: 1024M(100%)
[144.316s][info][gc,heap     ] GC(68) Max Capacity: 1024M(100%)
[144.316s][info][gc,heap     ] GC(68) Soft Max Capacity: 1024M(100%)
[144.316s][info][gc,heap     ] GC(68)                Mark Start          Mark End        Relocate Start      Relocate End           High               Low         
[144.316s][info][gc,heap     ] GC(68)  Capacity:     1024M (100%)       1024M (100%)       1024M (100%)       1024M (100%)       1024M (100%)       1024M (100%)   
[144.316s][info][gc,heap     ] GC(68)      Free:      642M (63%)         642M (63%)         924M (90%)         960M (94%)         960M (94%)         642M (63%)    
[144.316s][info][gc,heap     ] GC(68)      Used:      382M (37%)         382M (37%)         100M (10%)          64M (6%)          382M (37%)          64M (6%)     
[144.316s][info][gc,heap     ] GC(68)      Live:         -                28M (3%)           28M (3%)           28M (3%)             -                  -          
[144.316s][info][gc,heap     ] GC(68) Allocated:         -                 0M (0%)            0M (0%)            0M (0%)             -                  -          
[144.316s][info][gc,heap     ] GC(68)   Garbage:         -               353M (34%)          71M (7%)           35M (3%)             -                  -          
[144.316s][info][gc,heap     ] GC(68) Reclaimed:         -                  -               282M (28%)         318M (31%)            -                  -          
[144.316s][info][gc          ] GC(68) Garbage Collection (System.gc()) 382M(37%)->64M(6%)
[146.051s][info][gc,start    ] GC(69) Garbage Collection (System.gc())
[146.051s][info][gc,task     ] GC(69) Using 2 workers
[146.051s][info][gc,phases   ] GC(69) Pause Mark Start 0.009ms
[146.084s][info][gc,phases   ] GC(69) Concurrent Mark 32.958ms
[146.084s][info][gc,phases   ] GC(69) Pause Mark End 0.029ms
[146.084s][info][gc,phases   ] GC(69) Concurrent Mark Free 0.003ms
[146.102s][info][gc,phases   ] GC(69) Concurrent Process Non-Strong References 17.771ms
[146.102s][info][gc,phases   ] GC(69) Concurrent Reset Relocation Set 0.002ms
[146.104s][info][gc,phases   ] GC(69) Concurrent Select Relocation Set 1.244ms
[146.104s][info][gc,phases   ] GC(69) Pause Relocate Start 0.008ms
[146.105s][info][gc,phases   ] GC(69) Concurrent Relocate 0.855ms
[146.105s][info][gc,load     ] GC(69) Load: 0.00/0.00/0.00
[146.105s][info][gc,mmu      ] GC(69) MMU: 2ms/96.4%, 5ms/98.5%, 10ms/99.2%, 20ms/99.6%, 50ms/99.8%, 100ms/99.9%
[146.105s][info][gc,marking  ] GC(69) Mark: 2 stripe(s), 1 proactive flush(es), 1 terminate flush(es), 0 completion(s), 0 continuation(s) 
[146.105s][info][gc,marking  ] GC(69) Mark Stack Usage: 32M
[146.105s][info][gc,nmethod  ] GC(69) NMethods: 13781 registered, 6989 unregistered
[146.105s][info][gc,metaspace] GC(69) Metaspace: 60M used, 60M committed, 1088M reserved
[146.105s][info][gc,ref      ] GC(69) Soft: 617 encountered, 0 discovered, 0 enqueued
[146.105s][info][gc,ref      ] GC(69) Weak: 6218 encountered, 118 discovered, 71 enqueued
[146.105s][info][gc,ref      ] GC(69) Final: 0 encountered, 0 discovered, 0 enqueued
[146.105s][info][gc,ref      ] GC(69) Phantom: 79 encountered, 45 discovered, 0 enqueued
[146.105s][info][gc,reloc    ] GC(69) Small Pages: 158 / 316M, Empty: 240M, Relocated: 1M, In-Place: 0
[146.105s][info][gc,reloc    ] GC(69) Medium Pages: 2 / 64M, Empty: 32M, Relocated: 0M, In-Place: 0
[146.105s][info][gc,reloc    ] GC(69) Large Pages: 0 / 0M, Empty: 0M, Relocated: 0M, In-Place: 0
[146.105s][info][gc,reloc    ] GC(69) Forwarding Usage: 0M
[146.105s][info][gc,heap     ] GC(69) Min Capacity: 1024M(100%)
[146.105s][info][gc,heap     ] GC(69) Max Capacity: 1024M(100%)
[146.105s][info][gc,heap     ] GC(69) Soft Max Capacity: 1024M(100%)
[146.105s][info][gc,heap     ] GC(69)                Mark Start          Mark End        Relocate Start      Relocate End           High               Low         
[146.105s][info][gc,heap     ] GC(69)  Capacity:     1024M (100%)       1024M (100%)       1024M (100%)       1024M (100%)       1024M (100%)       1024M (100%)   
[146.105s][info][gc,heap     ] GC(69)      Free:      644M (63%)         644M (63%)         916M (89%)         960M (94%)         960M (94%)         644M (63%)    
[146.105s][info][gc,heap     ] GC(69)      Used:      380M (37%)         380M (37%)         108M (11%)          64M (6%)          380M (37%)          64M (6%)     
[146.105s][info][gc,heap     ] GC(69)      Live:         -                28M (3%)           28M (3%)           28M (3%)             -                  -          
[146.105s][info][gc,heap     ] GC(69) Allocated:         -                 0M (0%)            0M (0%)            0M (0%)             -                  -          
[146.105s][info][gc,heap     ] GC(69)   Garbage:         -               351M (34%)          79M (8%)           35M (3%)             -                  -          
[146.105s][info][gc,heap     ] GC(69) Reclaimed:         -                  -               272M (27%)         316M (31%)            -                  -          
[146.105s][info][gc          ] GC(69) Garbage Collection (System.gc()) 380M(37%)->64M(6%)
[147.862s][info][gc,start    ] GC(70) Garbage Collection (System.gc())
[147.862s][info][gc,task     ] GC(70) Using 2 workers
[147.862s][info][gc,phases   ] GC(70) Pause Mark Start 0.009ms
[147.888s][info][gc,phases   ] GC(70) Concurrent Mark 25.941ms
[147.889s][info][gc,phases   ] GC(70) Pause Mark End 0.027ms
[147.889s][info][gc,phases   ] GC(70) Concurrent Mark Free 0.003ms
[147.906s][info][gc,phases   ] GC(70) Concurrent Process Non-Strong References 17.412ms
[147.906s][info][gc,phases   ] GC(70) Concurrent Reset Relocation Set 0.002ms
[147.908s][info][gc,phases   ] GC(70) Concurrent Select Relocation Set 1.528ms
[147.908s][info][gc,phases   ] GC(70) Pause Relocate Start 0.008ms
[147.909s][info][gc,phases   ] GC(70) Concurrent Relocate 0.873ms
[147.909s][info][gc,load     ] GC(70) Load: 0.00/0.00/0.00
[147.909s][info][gc,mmu      ] GC(70) MMU: 2ms/96.4%, 5ms/98.5%, 10ms/99.2%, 20ms/99.6%, 50ms/99.8%, 100ms/99.9%
[147.909s][info][gc,marking  ] GC(70) Mark: 2 stripe(s), 1 proactive flush(es), 1 terminate flush(es), 0 completion(s), 0 continuation(s) 
[147.909s][info][gc,marking  ] GC(70) Mark Stack Usage: 32M
[147.909s][info][gc,nmethod  ] GC(70) NMethods: 13786 registered, 7003 unregistered
[147.909s][info][gc,metaspace] GC(70) Metaspace: 60M used, 60M committed, 1088M reserved
[147.909s][info][gc,ref      ] GC(70) Soft: 617 encountered, 0 discovered, 0 enqueued
[147.909s][info][gc,ref      ] GC(70) Weak: 6143 encountered, 45 discovered, 26 enqueued
[147.909s][info][gc,ref      ] GC(70) Final: 0 encountered, 0 discovered, 0 enqueued
[147.909s][info][gc,ref      ] GC(70) Phantom: 79 encountered, 41 discovered, 0 enqueued
[147.909s][info][gc,reloc    ] GC(70) Small Pages: 159 / 318M, Empty: 250M, Relocated: 1M, In-Place: 0
[147.909s][info][gc,reloc    ] GC(70) Medium Pages: 2 / 64M, Empty: 32M, Relocated: 0M, In-Place: 0
[147.909s][info][gc,reloc    ] GC(70) Large Pages: 0 / 0M, Empty: 0M, Relocated: 0M, In-Place: 0
[147.909s][info][gc,reloc    ] GC(70) Forwarding Usage: 0M
[147.909s][info][gc,heap     ] GC(70) Min Capacity: 1024M(100%)
[147.909s][info][gc,heap     ] GC(70) Max Capacity: 1024M(100%)
[147.909s][info][gc,heap     ] GC(70) Soft Max Capacity: 1024M(100%)
[147.909s][info][gc,heap     ] GC(70)                Mark Start          Mark End        Relocate Start      Relocate End           High               Low         
[147.909s][info][gc,heap     ] GC(70)  Capacity:     1024M (100%)       1024M (100%)       1024M (100%)       1024M (100%)       1024M (100%)       1024M (100%)   
[147.909s][info][gc,heap     ] GC(70)      Free:      642M (63%)         642M (63%)         924M (90%)         960M (94%)         960M (94%)         642M (63%)    
[147.909s][info][gc,heap     ] GC(70)      Used:      382M (37%)         382M (37%)         100M (10%)          64M (6%)          382M (37%)          64M (6%)     
[147.909s][info][gc,heap     ] GC(70)      Live:         -                28M (3%)           28M (3%)           28M (3%)             -                  -          
[147.909s][info][gc,heap     ] GC(70) Allocated:         -                 0M (0%)            0M (0%)            0M (0%)             -                  -          
[147.909s][info][gc,heap     ] GC(70)   Garbage:         -               353M (34%)          71M (7%)           35M (3%)             -                  -          
[147.909s][info][gc,heap     ] GC(70) Reclaimed:         -                  -               282M (28%)         318M (31%)            -                  -          
[147.909s][info][gc          ] GC(70) Garbage Collection (System.gc()) 382M(37%)->64M(6%)
[149.654s][info][gc,start    ] GC(71) Garbage Collection (System.gc())
[149.654s][info][gc,task     ] GC(71) Using 2 workers
[149.654s][info][gc,phases   ] GC(71) Pause Mark Start 0.007ms
[149.678s][info][gc,phases   ] GC(71) Concurrent Mark 23.871ms
[149.678s][info][gc,phases   ] GC(71) Pause Mark End 0.021ms
[149.678s][info][gc,phases   ] GC(71) Concurrent Mark Free 0.002ms
[149.696s][info][gc,phases   ] GC(71) Concurrent Process Non-Strong References 17.759ms
[149.696s][info][gc,phases   ] GC(71) Concurrent Reset Relocation Set 0.002ms
[149.697s][info][gc,phases   ] GC(71) Concurrent Select Relocation Set 1.203ms
[149.697s][info][gc,phases   ] GC(71) Pause Relocate Start 0.008ms
[149.699s][info][gc,phases   ] GC(71) Concurrent Relocate 1.310ms
[149.699s][info][gc,load     ] GC(71) Load: 0.00/0.00/0.00
[149.699s][info][gc,mmu      ] GC(71) MMU: 2ms/96.4%, 5ms/98.5%, 10ms/99.2%, 20ms/99.6%, 50ms/99.8%, 100ms/99.9%
[149.699s][info][gc,marking  ] GC(71) Mark: 2 stripe(s), 1 proactive flush(es), 1 terminate flush(es), 0 completion(s), 0 continuation(s) 
[149.699s][info][gc,marking  ] GC(71) Mark Stack Usage: 32M
[149.699s][info][gc,nmethod  ] GC(71) NMethods: 13790 registered, 7018 unregistered
[149.699s][info][gc,metaspace] GC(71) Metaspace: 60M used, 60M committed, 1088M reserved
[149.699s][info][gc,ref      ] GC(71) Soft: 617 encountered, 0 discovered, 0 enqueued
[149.699s][info][gc,ref      ] GC(71) Weak: 6218 encountered, 99 discovered, 71 enqueued
[149.699s][info][gc,ref      ] GC(71) Final: 0 encountered, 0 discovered, 0 enqueued
[149.699s][info][gc,ref      ] GC(71) Phantom: 79 encountered, 45 discovered, 0 enqueued
[149.699s][info][gc,reloc    ] GC(71) Small Pages: 159 / 318M, Empty: 246M, Relocated: 1M, In-Place: 0
[149.699s][info][gc,reloc    ] GC(71) Medium Pages: 2 / 64M, Empty: 32M, Relocated: 0M, In-Place: 0
[149.699s][info][gc,reloc    ] GC(71) Large Pages: 0 / 0M, Empty: 0M, Relocated: 0M, In-Place: 0
[149.699s][info][gc,reloc    ] GC(71) Forwarding Usage: 0M
[149.699s][info][gc,heap     ] GC(71) Min Capacity: 1024M(100%)
[149.699s][info][gc,heap     ] GC(71) Max Capacity: 1024M(100%)
[149.699s][info][gc,heap     ] GC(71) Soft Max Capacity: 1024M(100%)
[149.699s][info][gc,heap     ] GC(71)                Mark Start          Mark End        Relocate Start      Relocate End           High               Low         
[149.699s][info][gc,heap     ] GC(71)  Capacity:     1024M (100%)       1024M (100%)       1024M (100%)       1024M (100%)       1024M (100%)       1024M (100%)   
[149.699s][info][gc,heap     ] GC(71)      Free:      642M (63%)         642M (63%)         920M (90%)         960M (94%)         960M (94%)         642M (63%)    
[149.699s][info][gc,heap     ] GC(71)      Used:      382M (37%)         382M (37%)         104M (10%)          64M (6%)          382M (37%)          64M (6%)     
[149.699s][info][gc,heap     ] GC(71)      Live:         -                28M (3%)           28M (3%)           28M (3%)             -                  -          
[149.699s][info][gc,heap     ] GC(71) Allocated:         -                 0M (0%)            0M (0%)            0M (0%)             -                  -          
[149.699s][info][gc,heap     ] GC(71)   Garbage:         -               353M (34%)          75M (7%)           35M (3%)             -                  -          
[149.699s][info][gc,heap     ] GC(71) Reclaimed:         -                  -               278M (27%)         318M (31%)            -                  -          
[149.699s][info][gc          ] GC(71) Garbage Collection (System.gc()) 382M(37%)->64M(6%)
[150.132s][info][gc,stats    ] === Garbage Collection Statistics =======================================================================================================================
[150.132s][info][gc,stats    ]                                                              Last 10s              Last 10m              Last 10h                Total
[150.132s][info][gc,stats    ]                                                              Avg / Max             Avg / Max             Avg / Max             Avg / Max
[150.133s][info][gc,stats    ]   Collector: Garbage Collection Cycle                     51.056 / 55.456       52.946 / 178.833      52.946 / 178.833      52.946 / 178.833     ms
[150.133s][info][gc,stats    ]  Contention: Mark Segment Reset Contention                     0 / 1                 0 / 2                 0 / 2                 0 / 2           ops/s
[150.133s][info][gc,stats    ]  Contention: Mark SeqNum Reset Contention                      0 / 0                 0 / 1                 0 / 1                 0 / 1           ops/s
[150.133s][info][gc,stats    ]    Critical: Allocation Stall                                  0 / 0                 0 / 0                 0 / 0                 0 / 0           ops/s
[150.133s][info][gc,stats    ]    Critical: Allocation Stall                              0.000 / 0.000         0.000 / 0.000         0.000 / 0.000         0.000 / 0.000       ms
[150.133s][info][gc,stats    ]    Critical: GC Locker Stall                                   0 / 0                 0 / 0                 0 / 0                 0 / 0           ops/s
[150.133s][info][gc,stats    ]    Critical: GC Locker Stall                               0.000 / 0.000         0.000 / 0.000         0.000 / 0.000         0.000 / 0.000       ms
[150.133s][info][gc,stats    ]    Critical: Relocation Stall                                  0 / 0                 0 / 0                 0 / 0                 0 / 0           ops/s
[150.133s][info][gc,stats    ]    Critical: Relocation Stall                              0.000 / 0.000         0.000 / 0.000         0.000 / 0.000         0.000 / 0.000       ms
[150.133s][info][gc,stats    ]      Memory: Allocation Rate                                 179 / 308             147 / 320             147 / 320             147 / 320         MB/s
[150.133s][info][gc,stats    ]      Memory: Defragment                                        0 / 0                 0 / 0                 0 / 0                 0 / 0           ops/s
[150.133s][info][gc,stats    ]      Memory: Out Of Memory                                     0 / 0                 0 / 0                 0 / 0                 0 / 0           ops/s
[150.133s][info][gc,stats    ]      Memory: Page Cache Flush                                  0 / 0                 0 / 0                 0 / 0                 0 / 0           MB/s
[150.133s][info][gc,stats    ]      Memory: Page Cache Hit L1                                81 / 141              66 / 147              66 / 147              66 / 147         ops/s
[150.133s][info][gc,stats    ]      Memory: Page Cache Hit L2                                 0 / 0                 0 / 0                 0 / 0                 0 / 0           ops/s
[150.133s][info][gc,stats    ]      Memory: Page Cache Hit L3                                 0 / 0                 1 / 26                1 / 26                1 / 26          ops/s
[150.133s][info][gc,stats    ]      Memory: Page Cache Miss                                   0 / 0                 0 / 1                 0 / 1                 0 / 1           ops/s
[150.133s][info][gc,stats    ]      Memory: Uncommit                                          0 / 0                 0 / 0                 0 / 0                 0 / 0           MB/s
[150.133s][info][gc,stats    ]      Memory: Undo Object Allocation Failed                     0 / 0                 0 / 0                 0 / 0                 0 / 0           ops/s
[150.133s][info][gc,stats    ]      Memory: Undo Object Allocation Succeeded                  0 / 0                 0 / 2                 0 / 2                 0 / 2           ops/s
[150.133s][info][gc,stats    ]      Memory: Undo Page Allocation                              0 / 0                 0 / 0                 0 / 0                 0 / 0           ops/s
[150.133s][info][gc,stats    ]       Phase: Concurrent Mark                              29.573 / 33.777       30.376 / 125.351      30.376 / 125.351      30.376 / 125.351     ms
[150.133s][info][gc,stats    ]       Phase: Concurrent Mark Continue                      0.000 / 0.000         0.000 / 0.000         0.000 / 0.000         0.000 / 0.000       ms
[150.133s][info][gc,stats    ]       Phase: Concurrent Mark Free                          0.003 / 0.003         0.002 / 0.005         0.002 / 0.005         0.002 / 0.005       ms
[150.133s][info][gc,stats    ]       Phase: Concurrent Process Non-Strong References     18.069 / 19.103       17.773 / 24.445       17.773 / 24.445       17.773 / 24.445      ms
[150.133s][info][gc,stats    ]       Phase: Concurrent Relocate                           1.161 / 1.684         2.042 / 20.770        2.042 / 20.770        2.042 / 20.770      ms
[150.133s][info][gc,stats    ]       Phase: Concurrent Reset Relocation Set               0.002 / 0.003         0.002 / 0.015         0.002 / 0.015         0.002 / 0.015       ms
[150.133s][info][gc,stats    ]       Phase: Concurrent Select Relocation Set              1.353 / 1.531         1.562 / 5.504         1.562 / 5.504         1.562 / 5.504       ms
[150.133s][info][gc,stats    ]       Phase: Pause Mark End                                0.026 / 0.029         0.026 / 0.071         0.026 / 0.071         0.026 / 0.071       ms
[150.133s][info][gc,stats    ]       Phase: Pause Mark Start                              0.008 / 0.010         0.009 / 0.018         0.009 / 0.018         0.009 / 0.018       ms
[150.133s][info][gc,stats    ]       Phase: Pause Relocate Start                          0.008 / 0.012         0.009 / 0.017         0.009 / 0.017         0.009 / 0.017       ms
[150.133s][info][gc,stats    ]    Subphase: Concurrent Classes Purge                      0.191 / 0.301         0.602 / 2.572         0.602 / 2.572         0.602 / 2.572       ms
[150.133s][info][gc,stats    ]    Subphase: Concurrent Classes Unlink                    16.644 / 17.530       15.740 / 18.633       15.740 / 18.633       15.740 / 18.633      ms
[150.133s][info][gc,stats    ]    Subphase: Concurrent Mark                              24.070 / 33.164       25.671 / 123.883      25.671 / 123.883      25.671 / 123.883     ms
[150.133s][info][gc,stats    ]    Subphase: Concurrent Mark Try Flush                     0.094 / 0.330         0.086 / 0.493         0.086 / 0.493         0.086 / 0.493       ms
[150.133s][info][gc,stats    ]    Subphase: Concurrent Mark Try Terminate                 3.475 / 14.896        3.076 / 16.659        3.076 / 16.659        3.076 / 16.659      ms
[150.133s][info][gc,stats    ]    Subphase: Concurrent References Enqueue                 0.006 / 0.007         0.005 / 0.007         0.005 / 0.007         0.005 / 0.007       ms
[150.133s][info][gc,stats    ]    Subphase: Concurrent References Process                 0.179 / 0.244         0.380 / 2.468         0.380 / 2.468         0.380 / 2.468       ms
[150.133s][info][gc,stats    ]    Subphase: Concurrent Roots ClassLoaderDataGraph         0.075 / 0.168         0.088 / 0.315         0.088 / 0.315         0.088 / 0.315       ms
[150.133s][info][gc,stats    ]    Subphase: Concurrent Roots CodeCache                    0.000 / 0.000         0.000 / 0.000         0.000 / 0.000         0.000 / 0.000       ms
[150.133s][info][gc,stats    ]    Subphase: Concurrent Roots JavaThreads                  0.248 / 0.429         0.250 / 2.311         0.250 / 2.311         0.250 / 2.311       ms
[150.133s][info][gc,stats    ]    Subphase: Concurrent Roots OopStorageSet                0.015 / 0.023         0.017 / 0.051         0.017 / 0.051         0.017 / 0.051       ms
[150.133s][info][gc,stats    ]    Subphase: Concurrent Weak Roots OopStorageSet           0.823 / 0.959         0.683 / 1.165         0.683 / 1.165         0.683 / 1.165       ms
[150.133s][info][gc,stats    ]    Subphase: Pause Mark Try Complete                       0.000 / 0.000         0.009 / 0.028         0.009 / 0.028         0.009 / 0.028       ms
[150.133s][info][gc,stats    ]      System: Java Threads                                     11 / 11               11 / 12               11 / 12               11 / 12          threads
[150.133s][info][gc,stats    ] =========================================================================================================================================================
[151.458s][info][gc,start    ] GC(72) Garbage Collection (System.gc())
[151.458s][info][gc,task     ] GC(72) Using 2 workers
[151.458s][info][gc,phases   ] GC(72) Pause Mark Start 0.010ms
[151.484s][info][gc,phases   ] GC(72) Concurrent Mark 25.752ms
[151.484s][info][gc,phases   ] GC(72) Pause Mark End 0.025ms
[151.484s][info][gc,phases   ] GC(72) Concurrent Mark Free 0.002ms
[151.502s][info][gc,phases   ] GC(72) Concurrent Process Non-Strong References 17.440ms
[151.502s][info][gc,phases   ] GC(72) Concurrent Reset Relocation Set 0.002ms
[151.503s][info][gc,phases   ] GC(72) Concurrent Select Relocation Set 1.262ms
[151.503s][info][gc,phases   ] GC(72) Pause Relocate Start 0.013ms
[151.505s][info][gc,phases   ] GC(72) Concurrent Relocate 1.710ms
[151.505s][info][gc,load     ] GC(72) Load: 0.00/0.00/0.00
[151.505s][info][gc,mmu      ] GC(72) MMU: 2ms/96.4%, 5ms/98.5%, 10ms/99.2%, 20ms/99.6%, 50ms/99.8%, 100ms/99.9%
[151.505s][info][gc,marking  ] GC(72) Mark: 2 stripe(s), 1 proactive flush(es), 1 terminate flush(es), 0 completion(s), 0 continuation(s) 
[151.505s][info][gc,marking  ] GC(72) Mark Stack Usage: 32M
[151.505s][info][gc,nmethod  ] GC(72) NMethods: 13794 registered, 7039 unregistered
[151.505s][info][gc,metaspace] GC(72) Metaspace: 60M used, 60M committed, 1088M reserved
[151.505s][info][gc,ref      ] GC(72) Soft: 617 encountered, 0 discovered, 0 enqueued
[151.505s][info][gc,ref      ] GC(72) Weak: 6143 encountered, 149 discovered, 26 enqueued
[151.505s][info][gc,ref      ] GC(72) Final: 0 encountered, 0 discovered, 0 enqueued
[151.505s][info][gc,ref      ] GC(72) Phantom: 79 encountered, 55 discovered, 0 enqueued
[151.505s][info][gc,reloc    ] GC(72) Small Pages: 159 / 318M, Empty: 244M, Relocated: 1M, In-Place: 0
[151.505s][info][gc,reloc    ] GC(72) Medium Pages: 2 / 64M, Empty: 32M, Relocated: 0M, In-Place: 0
[151.505s][info][gc,reloc    ] GC(72) Large Pages: 0 / 0M, Empty: 0M, Relocated: 0M, In-Place: 0
[151.505s][info][gc,reloc    ] GC(72) Forwarding Usage: 0M
[151.505s][info][gc,heap     ] GC(72) Min Capacity: 1024M(100%)
[151.505s][info][gc,heap     ] GC(72) Max Capacity: 1024M(100%)
[151.505s][info][gc,heap     ] GC(72) Soft Max Capacity: 1024M(100%)
[151.505s][info][gc,heap     ] GC(72)                Mark Start          Mark End        Relocate Start      Relocate End           High               Low         
[151.505s][info][gc,heap     ] GC(72)  Capacity:     1024M (100%)       1024M (100%)       1024M (100%)       1024M (100%)       1024M (100%)       1024M (100%)   
[151.505s][info][gc,heap     ] GC(72)      Free:      642M (63%)         642M (63%)         918M (90%)         960M (94%)         960M (94%)         642M (63%)    
[151.505s][info][gc,heap     ] GC(72)      Used:      382M (37%)         382M (37%)         106M (10%)          64M (6%)          382M (37%)          64M (6%)     
[151.505s][info][gc,heap     ] GC(72)      Live:         -                28M (3%)           28M (3%)           28M (3%)             -                  -          
[151.505s][info][gc,heap     ] GC(72) Allocated:         -                 0M (0%)            0M (0%)            0M (0%)             -                  -          
[151.505s][info][gc,heap     ] GC(72)   Garbage:         -               353M (34%)          77M (8%)           35M (3%)             -                  -          
[151.506s][info][gc,heap     ] GC(72) Reclaimed:         -                  -               276M (27%)         318M (31%)            -                  -          
[151.506s][info][gc          ] GC(72) Garbage Collection (System.gc()) 382M(37%)->64M(6%)
[153.248s][info][gc,start    ] GC(73) Garbage Collection (System.gc())
[153.248s][info][gc,task     ] GC(73) Using 2 workers
[153.248s][info][gc,phases   ] GC(73) Pause Mark Start 0.008ms
[153.275s][info][gc,phases   ] GC(73) Concurrent Mark 26.969ms
[153.275s][info][gc,phases   ] GC(73) Pause Mark End 0.022ms
[153.275s][info][gc,phases   ] GC(73) Concurrent Mark Free 0.002ms
[153.293s][info][gc,phases   ] GC(73) Concurrent Process Non-Strong References 17.198ms
[153.293s][info][gc,phases   ] GC(73) Concurrent Reset Relocation Set 0.002ms
[153.294s][info][gc,phases   ] GC(73) Concurrent Select Relocation Set 1.478ms
[153.294s][info][gc,phases   ] GC(73) Pause Relocate Start 0.008ms
[153.295s][info][gc,phases   ] GC(73) Concurrent Relocate 0.760ms
[153.295s][info][gc,load     ] GC(73) Load: 0.00/0.00/0.00
[153.295s][info][gc,mmu      ] GC(73) MMU: 2ms/96.4%, 5ms/98.5%, 10ms/99.2%, 20ms/99.6%, 50ms/99.8%, 100ms/99.9%
[153.295s][info][gc,marking  ] GC(73) Mark: 2 stripe(s), 1 proactive flush(es), 1 terminate flush(es), 0 completion(s), 0 continuation(s) 
[153.295s][info][gc,marking  ] GC(73) Mark Stack Usage: 32M
[153.295s][info][gc,nmethod  ] GC(73) NMethods: 13798 registered, 7066 unregistered
[153.295s][info][gc,metaspace] GC(73) Metaspace: 60M used, 60M committed, 1088M reserved
[153.295s][info][gc,ref      ] GC(73) Soft: 617 encountered, 0 discovered, 0 enqueued
[153.295s][info][gc,ref      ] GC(73) Weak: 6218 encountered, 1342 discovered, 71 enqueued
[153.295s][info][gc,ref      ] GC(73) Final: 0 encountered, 0 discovered, 0 enqueued
[153.295s][info][gc,ref      ] GC(73) Phantom: 79 encountered, 55 discovered, 0 enqueued
[153.295s][info][gc,reloc    ] GC(73) Small Pages: 158 / 316M, Empty: 242M, Relocated: 1M, In-Place: 0
[153.295s][info][gc,reloc    ] GC(73) Medium Pages: 2 / 64M, Empty: 32M, Relocated: 0M, In-Place: 0
[153.295s][info][gc,reloc    ] GC(73) Large Pages: 0 / 0M, Empty: 0M, Relocated: 0M, In-Place: 0
[153.295s][info][gc,reloc    ] GC(73) Forwarding Usage: 0M
[153.295s][info][gc,heap     ] GC(73) Min Capacity: 1024M(100%)
[153.295s][info][gc,heap     ] GC(73) Max Capacity: 1024M(100%)
[153.295s][info][gc,heap     ] GC(73) Soft Max Capacity: 1024M(100%)
[153.295s][info][gc,heap     ] GC(73)                Mark Start          Mark End        Relocate Start      Relocate End           High               Low         
[153.295s][info][gc,heap     ] GC(73)  Capacity:     1024M (100%)       1024M (100%)       1024M (100%)       1024M (100%)       1024M (100%)       1024M (100%)   
[153.295s][info][gc,heap     ] GC(73)      Free:      644M (63%)         644M (63%)         918M (90%)         960M (94%)         960M (94%)         644M (63%)    
[153.295s][info][gc,heap     ] GC(73)      Used:      380M (37%)         380M (37%)         106M (10%)          64M (6%)          380M (37%)          64M (6%)     
[153.295s][info][gc,heap     ] GC(73)      Live:         -                28M (3%)           28M (3%)           28M (3%)             -                  -          
[153.295s][info][gc,heap     ] GC(73) Allocated:         -                 0M (0%)            0M (0%)            0M (0%)             -                  -          
[153.295s][info][gc,heap     ] GC(73)   Garbage:         -               351M (34%)          77M (8%)           35M (3%)             -                  -          
[153.295s][info][gc,heap     ] GC(73) Reclaimed:         -                  -               274M (27%)         316M (31%)            -                  -          
[153.295s][info][gc          ] GC(73) Garbage Collection (System.gc()) 380M(37%)->64M(6%)
[155.047s][info][gc,start    ] GC(74) Garbage Collection (System.gc())
[155.047s][info][gc,task     ] GC(74) Using 2 workers
[155.047s][info][gc,phases   ] GC(74) Pause Mark Start 0.013ms
[155.080s][info][gc,phases   ] GC(74) Concurrent Mark 33.462ms
[155.081s][info][gc,phases   ] GC(74) Pause Mark End 0.027ms
[155.081s][info][gc,phases   ] GC(74) Concurrent Mark Free 0.003ms
[155.099s][info][gc,phases   ] GC(74) Concurrent Process Non-Strong References 17.983ms
[155.099s][info][gc,phases   ] GC(74) Concurrent Reset Relocation Set 0.002ms
[155.100s][info][gc,phases   ] GC(74) Concurrent Select Relocation Set 1.216ms
[155.100s][info][gc,phases   ] GC(74) Pause Relocate Start 0.008ms
[155.101s][info][gc,phases   ] GC(74) Concurrent Relocate 0.754ms
[155.101s][info][gc,load     ] GC(74) Load: 0.00/0.00/0.00
[155.101s][info][gc,mmu      ] GC(74) MMU: 2ms/96.4%, 5ms/98.5%, 10ms/99.2%, 20ms/99.6%, 50ms/99.8%, 100ms/99.9%
[155.101s][info][gc,marking  ] GC(74) Mark: 2 stripe(s), 1 proactive flush(es), 1 terminate flush(es), 0 completion(s), 0 continuation(s) 
[155.101s][info][gc,marking  ] GC(74) Mark Stack Usage: 32M
[155.101s][info][gc,nmethod  ] GC(74) NMethods: 13801 registered, 7086 unregistered
[155.101s][info][gc,metaspace] GC(74) Metaspace: 60M used, 60M committed, 1088M reserved
[155.101s][info][gc,ref      ] GC(74) Soft: 617 encountered, 0 discovered, 0 enqueued
[155.101s][info][gc,ref      ] GC(74) Weak: 6143 encountered, 37 discovered, 26 enqueued
[155.101s][info][gc,ref      ] GC(74) Final: 0 encountered, 0 discovered, 0 enqueued
[155.101s][info][gc,ref      ] GC(74) Phantom: 79 encountered, 45 discovered, 0 enqueued
[155.101s][info][gc,reloc    ] GC(74) Small Pages: 158 / 316M, Empty: 246M, Relocated: 1M, In-Place: 0
[155.101s][info][gc,reloc    ] GC(74) Medium Pages: 2 / 64M, Empty: 32M, Relocated: 0M, In-Place: 0
[155.101s][info][gc,reloc    ] GC(74) Large Pages: 0 / 0M, Empty: 0M, Relocated: 0M, In-Place: 0
[155.101s][info][gc,reloc    ] GC(74) Forwarding Usage: 0M
[155.101s][info][gc,heap     ] GC(74) Min Capacity: 1024M(100%)
[155.101s][info][gc,heap     ] GC(74) Max Capacity: 1024M(100%)
[155.101s][info][gc,heap     ] GC(74) Soft Max Capacity: 1024M(100%)
[155.101s][info][gc,heap     ] GC(74)                Mark Start          Mark End        Relocate Start      Relocate End           High               Low         
[155.101s][info][gc,heap     ] GC(74)  Capacity:     1024M (100%)       1024M (100%)       1024M (100%)       1024M (100%)       1024M (100%)       1024M (100%)   
[155.101s][info][gc,heap     ] GC(74)      Free:      644M (63%)         644M (63%)         922M (90%)         960M (94%)         960M (94%)         644M (63%)    
[155.101s][info][gc,heap     ] GC(74)      Used:      380M (37%)         380M (37%)         102M (10%)          64M (6%)          380M (37%)          64M (6%)     
[155.101s][info][gc,heap     ] GC(74)      Live:         -                28M (3%)           28M (3%)           28M (3%)             -                  -          
[155.101s][info][gc,heap     ] GC(74) Allocated:         -                 0M (0%)            0M (0%)            0M (0%)             -                  -          
[155.101s][info][gc,heap     ] GC(74)   Garbage:         -               351M (34%)          73M (7%)           35M (3%)             -                  -          
[155.101s][info][gc,heap     ] GC(74) Reclaimed:         -                  -               278M (27%)         316M (31%)            -                  -          
[155.101s][info][gc          ] GC(74) Garbage Collection (System.gc()) 380M(37%)->64M(6%)
[156.847s][info][gc,start    ] GC(75) Garbage Collection (System.gc())
[156.847s][info][gc,task     ] GC(75) Using 2 workers
[156.847s][info][gc,phases   ] GC(75) Pause Mark Start 0.010ms
[156.869s][info][gc,phases   ] GC(75) Concurrent Mark 22.727ms
[156.870s][info][gc,phases   ] GC(75) Pause Mark End 0.031ms
[156.870s][info][gc,phases   ] GC(75) Concurrent Mark Free 0.002ms
[156.889s][info][gc,phases   ] GC(75) Concurrent Process Non-Strong References 19.186ms
[156.889s][info][gc,phases   ] GC(75) Concurrent Reset Relocation Set 0.001ms
[156.890s][info][gc,phases   ] GC(75) Concurrent Select Relocation Set 1.235ms
[156.891s][info][gc,phases   ] GC(75) Pause Relocate Start 0.008ms
[156.892s][info][gc,phases   ] GC(75) Concurrent Relocate 1.305ms
[156.892s][info][gc,load     ] GC(75) Load: 0.00/0.00/0.00
[156.892s][info][gc,mmu      ] GC(75) MMU: 2ms/96.4%, 5ms/98.5%, 10ms/99.2%, 20ms/99.6%, 50ms/99.8%, 100ms/99.9%
[156.892s][info][gc,marking  ] GC(75) Mark: 2 stripe(s), 1 proactive flush(es), 1 terminate flush(es), 0 completion(s), 0 continuation(s) 
[156.892s][info][gc,marking  ] GC(75) Mark Stack Usage: 32M
[156.892s][info][gc,nmethod  ] GC(75) NMethods: 13806 registered, 7099 unregistered
[156.892s][info][gc,metaspace] GC(75) Metaspace: 60M used, 60M committed, 1088M reserved
[156.892s][info][gc,ref      ] GC(75) Soft: 617 encountered, 0 discovered, 0 enqueued
[156.892s][info][gc,ref      ] GC(75) Weak: 6218 encountered, 162 discovered, 71 enqueued
[156.892s][info][gc,ref      ] GC(75) Final: 0 encountered, 0 discovered, 0 enqueued
[156.892s][info][gc,ref      ] GC(75) Phantom: 79 encountered, 52 discovered, 0 enqueued
[156.892s][info][gc,reloc    ] GC(75) Small Pages: 158 / 316M, Empty: 244M, Relocated: 1M, In-Place: 0
[156.892s][info][gc,reloc    ] GC(75) Medium Pages: 2 / 64M, Empty: 32M, Relocated: 0M, In-Place: 0
[156.892s][info][gc,reloc    ] GC(75) Large Pages: 0 / 0M, Empty: 0M, Relocated: 0M, In-Place: 0
[156.892s][info][gc,reloc    ] GC(75) Forwarding Usage: 0M
[156.892s][info][gc,heap     ] GC(75) Min Capacity: 1024M(100%)
[156.892s][info][gc,heap     ] GC(75) Max Capacity: 1024M(100%)
[156.892s][info][gc,heap     ] GC(75) Soft Max Capacity: 1024M(100%)
[156.892s][info][gc,heap     ] GC(75)                Mark Start          Mark End        Relocate Start      Relocate End           High               Low         
[156.892s][info][gc,heap     ] GC(75)  Capacity:     1024M (100%)       1024M (100%)       1024M (100%)       1024M (100%)       1024M (100%)       1024M (100%)   
[156.892s][info][gc,heap     ] GC(75)      Free:      644M (63%)         644M (63%)         920M (90%)         960M (94%)         960M (94%)         644M (63%)    
[156.892s][info][gc,heap     ] GC(75)      Used:      380M (37%)         380M (37%)         104M (10%)          64M (6%)          380M (37%)          64M (6%)     
[156.892s][info][gc,heap     ] GC(75)      Live:         -                28M (3%)           28M (3%)           28M (3%)             -                  -          
[156.892s][info][gc,heap     ] GC(75) Allocated:         -                 0M (0%)            0M (0%)            0M (0%)             -                  -          
[156.892s][info][gc,heap     ] GC(75)   Garbage:         -               351M (34%)          75M (7%)           35M (3%)             -                  -          
[156.892s][info][gc,heap     ] GC(75) Reclaimed:         -                  -               276M (27%)         316M (31%)            -                  -          
[156.892s][info][gc          ] GC(75) Garbage Collection (System.gc()) 380M(37%)->64M(6%)
[158.638s][info][gc,start    ] GC(76) Garbage Collection (System.gc())
[158.639s][info][gc,task     ] GC(76) Using 2 workers
[158.639s][info][gc,phases   ] GC(76) Pause Mark Start 0.007ms
[158.658s][info][gc,phases   ] GC(76) Concurrent Mark 19.510ms
[158.658s][info][gc,phases   ] GC(76) Pause Mark End 0.017ms
[158.658s][info][gc,phases   ] GC(76) Concurrent Mark Free 0.002ms
[158.676s][info][gc,phases   ] GC(76) Concurrent Process Non-Strong References 17.692ms
[158.676s][info][gc,phases   ] GC(76) Concurrent Reset Relocation Set 0.002ms
[158.678s][info][gc,phases   ] GC(76) Concurrent Select Relocation Set 1.398ms
[158.678s][info][gc,phases   ] GC(76) Pause Relocate Start 0.007ms
[158.679s][info][gc,phases   ] GC(76) Concurrent Relocate 0.839ms
[158.679s][info][gc,load     ] GC(76) Load: 0.00/0.00/0.00
[158.679s][info][gc,mmu      ] GC(76) MMU: 2ms/96.4%, 5ms/98.5%, 10ms/99.2%, 20ms/99.6%, 50ms/99.8%, 100ms/99.9%
[158.679s][info][gc,marking  ] GC(76) Mark: 2 stripe(s), 1 proactive flush(es), 1 terminate flush(es), 0 completion(s), 0 continuation(s) 
[158.679s][info][gc,marking  ] GC(76) Mark Stack Usage: 32M
[158.679s][info][gc,nmethod  ] GC(76) NMethods: 13826 registered, 7127 unregistered
[158.679s][info][gc,metaspace] GC(76) Metaspace: 60M used, 60M committed, 1088M reserved
[158.679s][info][gc,ref      ] GC(76) Soft: 617 encountered, 0 discovered, 0 enqueued
[158.679s][info][gc,ref      ] GC(76) Weak: 6143 encountered, 4648 discovered, 26 enqueued
[158.679s][info][gc,ref      ] GC(76) Final: 0 encountered, 0 discovered, 0 enqueued
[158.679s][info][gc,ref      ] GC(76) Phantom: 79 encountered, 68 discovered, 0 enqueued
[158.679s][info][gc,reloc    ] GC(76) Small Pages: 158 / 316M, Empty: 244M, Relocated: 1M, In-Place: 0
[158.679s][info][gc,reloc    ] GC(76) Medium Pages: 2 / 64M, Empty: 32M, Relocated: 0M, In-Place: 0
[158.679s][info][gc,reloc    ] GC(76) Large Pages: 0 / 0M, Empty: 0M, Relocated: 0M, In-Place: 0
[158.679s][info][gc,reloc    ] GC(76) Forwarding Usage: 0M
[158.679s][info][gc,heap     ] GC(76) Min Capacity: 1024M(100%)
[158.679s][info][gc,heap     ] GC(76) Max Capacity: 1024M(100%)
[158.679s][info][gc,heap     ] GC(76) Soft Max Capacity: 1024M(100%)
[158.679s][info][gc,heap     ] GC(76)                Mark Start          Mark End        Relocate Start      Relocate End           High               Low         
[158.679s][info][gc,heap     ] GC(76)  Capacity:     1024M (100%)       1024M (100%)       1024M (100%)       1024M (100%)       1024M (100%)       1024M (100%)   
[158.679s][info][gc,heap     ] GC(76)      Free:      644M (63%)         644M (63%)         920M (90%)         960M (94%)         960M (94%)         644M (63%)    
[158.679s][info][gc,heap     ] GC(76)      Used:      380M (37%)         380M (37%)         104M (10%)          64M (6%)          380M (37%)          64M (6%)     
[158.679s][info][gc,heap     ] GC(76)      Live:         -                28M (3%)           28M (3%)           28M (3%)             -                  -          
[158.679s][info][gc,heap     ] GC(76) Allocated:         -                 0M (0%)            0M (0%)            0M (0%)             -                  -          
[158.679s][info][gc,heap     ] GC(76)   Garbage:         -               351M (34%)          75M (7%)           35M (3%)             -                  -          
[158.679s][info][gc,heap     ] GC(76) Reclaimed:         -                  -               276M (27%)         316M (31%)            -                  -          
[158.679s][info][gc          ] GC(76) Garbage Collection (System.gc()) 380M(37%)->64M(6%)
[160.134s][info][gc,stats    ] === Garbage Collection Statistics =======================================================================================================================
[160.134s][info][gc,stats    ]                                                              Last 10s              Last 10m              Last 10h                Total
[160.134s][info][gc,stats    ]                                                              Avg / Max             Avg / Max             Avg / Max             Avg / Max
[160.134s][info][gc,stats    ]   Collector: Garbage Collection Cycle                     46.867 / 54.349       52.551 / 178.833      52.551 / 178.833      52.551 / 178.833     ms
[160.134s][info][gc,stats    ]  Contention: Mark Segment Reset Contention                     0 / 1                 0 / 2                 0 / 2                 0 / 2           ops/s
[160.134s][info][gc,stats    ]  Contention: Mark SeqNum Reset Contention                      0 / 0                 0 / 1                 0 / 1                 0 / 1           ops/s
[160.134s][info][gc,stats    ]    Critical: Allocation Stall                                  0 / 0                 0 / 0                 0 / 0                 0 / 0           ops/s
[160.134s][info][gc,stats    ]    Critical: Allocation Stall                              0.000 / 0.000         0.000 / 0.000         0.000 / 0.000         0.000 / 0.000       ms
[160.134s][info][gc,stats    ]    Critical: GC Locker Stall                                   0 / 0                 0 / 0                 0 / 0                 0 / 0           ops/s
[160.134s][info][gc,stats    ]    Critical: GC Locker Stall                               0.000 / 0.000         0.000 / 0.000         0.000 / 0.000         0.000 / 0.000       ms
[160.134s][info][gc,stats    ]    Critical: Relocation Stall                                  0 / 0                 0 / 0                 0 / 0                 0 / 0           ops/s
[160.134s][info][gc,stats    ]    Critical: Relocation Stall                              0.000 / 0.000         0.000 / 0.000         0.000 / 0.000         0.000 / 0.000       ms
[160.134s][info][gc,stats    ]      Memory: Allocation Rate                                 169 / 310             148 / 320             148 / 320             148 / 320         MB/s
[160.134s][info][gc,stats    ]      Memory: Defragment                                        0 / 0                 0 / 0                 0 / 0                 0 / 0           ops/s
[160.134s][info][gc,stats    ]      Memory: Out Of Memory                                     0 / 0                 0 / 0                 0 / 0                 0 / 0           ops/s
[160.134s][info][gc,stats    ]      Memory: Page Cache Flush                                  0 / 0                 0 / 0                 0 / 0                 0 / 0           MB/s
[160.134s][info][gc,stats    ]      Memory: Page Cache Hit L1                                78 / 142              67 / 147              67 / 147              67 / 147         ops/s
[160.134s][info][gc,stats    ]      Memory: Page Cache Hit L2                                 0 / 0                 0 / 0                 0 / 0                 0 / 0           ops/s
[160.134s][info][gc,stats    ]      Memory: Page Cache Hit L3                                 0 / 0                 1 / 26                1 / 26                1 / 26          ops/s
[160.134s][info][gc,stats    ]      Memory: Page Cache Miss                                   0 / 0                 0 / 1                 0 / 1                 0 / 1           ops/s
[160.135s][info][gc,stats    ]      Memory: Uncommit                                          0 / 0                 0 / 0                 0 / 0                 0 / 0           MB/s
[160.135s][info][gc,stats    ]      Memory: Undo Object Allocation Failed                     0 / 0                 0 / 0                 0 / 0                 0 / 0           ops/s
[160.135s][info][gc,stats    ]      Memory: Undo Object Allocation Succeeded                  0 / 0                 0 / 2                 0 / 2                 0 / 2           ops/s
[160.135s][info][gc,stats    ]      Memory: Undo Page Allocation                              0 / 0                 0 / 0                 0 / 0                 0 / 0           ops/s
[160.135s][info][gc,stats    ]       Phase: Concurrent Mark                              25.684 / 33.462       30.072 / 125.351      30.072 / 125.351      30.072 / 125.351     ms
[160.135s][info][gc,stats    ]       Phase: Concurrent Mark Continue                      0.000 / 0.000         0.000 / 0.000         0.000 / 0.000         0.000 / 0.000       ms
[160.135s][info][gc,stats    ]       Phase: Concurrent Mark Free                          0.002 / 0.003         0.002 / 0.005         0.002 / 0.005         0.002 / 0.005       ms
[160.135s][info][gc,stats    ]       Phase: Concurrent Process Non-Strong References     17.900 / 19.186       17.781 / 24.445       17.781 / 24.445       17.781 / 24.445      ms
[160.135s][info][gc,stats    ]       Phase: Concurrent Relocate                           1.074 / 1.710         1.979 / 20.770        1.979 / 20.770        1.979 / 20.770      ms
[160.135s][info][gc,stats    ]       Phase: Concurrent Reset Relocation Set               0.002 / 0.002         0.002 / 0.015         0.002 / 0.015         0.002 / 0.015       ms
[160.135s][info][gc,stats    ]       Phase: Concurrent Select Relocation Set              1.318 / 1.478         1.546 / 5.504         1.546 / 5.504         1.546 / 5.504       ms
[160.135s][info][gc,stats    ]       Phase: Pause Mark End                                0.024 / 0.031         0.026 / 0.071         0.026 / 0.071         0.026 / 0.071       ms
[160.135s][info][gc,stats    ]       Phase: Pause Mark Start                              0.010 / 0.013         0.009 / 0.018         0.009 / 0.018         0.009 / 0.018       ms
[160.135s][info][gc,stats    ]       Phase: Pause Relocate Start                          0.009 / 0.013         0.009 / 0.017         0.009 / 0.017         0.009 / 0.017       ms
[160.135s][info][gc,stats    ]    Subphase: Concurrent Classes Purge                      0.184 / 0.221         0.575 / 2.572         0.575 / 2.572         0.575 / 2.572       ms
[160.135s][info][gc,stats    ]    Subphase: Concurrent Classes Unlink                    16.566 / 17.851       15.793 / 18.633       15.793 / 18.633       15.793 / 18.633      ms
[160.135s][info][gc,stats    ]    Subphase: Concurrent Mark                              21.737 / 32.992       25.415 / 123.883      25.415 / 123.883      25.415 / 123.883     ms
[160.135s][info][gc,stats    ]    Subphase: Concurrent Mark Try Flush                     0.078 / 0.152         0.085 / 0.493         0.085 / 0.493         0.085 / 0.493       ms
[160.135s][info][gc,stats    ]    Subphase: Concurrent Mark Try Terminate                 2.516 / 15.500        3.040 / 16.659        3.040 / 16.659        3.040 / 16.659      ms
[160.135s][info][gc,stats    ]    Subphase: Concurrent References Enqueue                 0.005 / 0.005         0.005 / 0.007         0.005 / 0.007         0.005 / 0.007       ms
[160.135s][info][gc,stats    ]    Subphase: Concurrent References Process                 0.204 / 0.372         0.369 / 2.468         0.369 / 2.468         0.369 / 2.468       ms
[160.135s][info][gc,stats    ]    Subphase: Concurrent Roots ClassLoaderDataGraph         0.109 / 0.261         0.090 / 0.315         0.090 / 0.315         0.090 / 0.315       ms
[160.135s][info][gc,stats    ]    Subphase: Concurrent Roots CodeCache                    0.000 / 0.000         0.000 / 0.000         0.000 / 0.000         0.000 / 0.000       ms
[160.135s][info][gc,stats    ]    Subphase: Concurrent Roots JavaThreads                  0.204 / 0.428         0.247 / 2.311         0.247 / 2.311         0.247 / 2.311       ms
[160.135s][info][gc,stats    ]    Subphase: Concurrent Roots OopStorageSet                0.018 / 0.033         0.017 / 0.051         0.017 / 0.051         0.017 / 0.051       ms
[160.135s][info][gc,stats    ]    Subphase: Concurrent Weak Roots OopStorageSet           0.761 / 1.002         0.688 / 1.165         0.688 / 1.165         0.688 / 1.165       ms
[160.135s][info][gc,stats    ]    Subphase: Pause Mark Try Complete                       0.000 / 0.000         0.009 / 0.028         0.009 / 0.028         0.009 / 0.028       ms
[160.135s][info][gc,stats    ]      System: Java Threads                                     11 / 11               11 / 12               11 / 12               11 / 12          threads
[160.135s][info][gc,stats    ] =========================================================================================================================================================
[160.424s][info][gc,start    ] GC(77) Garbage Collection (System.gc())
[160.424s][info][gc,task     ] GC(77) Using 2 workers
[160.424s][info][gc,phases   ] GC(77) Pause Mark Start 0.011ms
[160.449s][info][gc,phases   ] GC(77) Concurrent Mark 24.990ms
[160.449s][info][gc,phases   ] GC(77) Pause Mark End 0.029ms
[160.449s][info][gc,phases   ] GC(77) Concurrent Mark Free 0.003ms
[160.466s][info][gc,phases   ] GC(77) Concurrent Process Non-Strong References 16.816ms
[160.466s][info][gc,phases   ] GC(77) Concurrent Reset Relocation Set 0.002ms
[160.467s][info][gc,phases   ] GC(77) Concurrent Select Relocation Set 1.203ms
[160.467s][info][gc,phases   ] GC(77) Pause Relocate Start 0.007ms
[160.468s][info][gc,phases   ] GC(77) Concurrent Relocate 0.884ms
[160.468s][info][gc,load     ] GC(77) Load: 0.00/0.00/0.00
[160.468s][info][gc,mmu      ] GC(77) MMU: 2ms/96.4%, 5ms/98.5%, 10ms/99.2%, 20ms/99.6%, 50ms/99.8%, 100ms/99.9%
[160.468s][info][gc,marking  ] GC(77) Mark: 2 stripe(s), 1 proactive flush(es), 1 terminate flush(es), 0 completion(s), 0 continuation(s) 
[160.468s][info][gc,marking  ] GC(77) Mark Stack Usage: 32M
[160.468s][info][gc,nmethod  ] GC(77) NMethods: 13836 registered, 7138 unregistered
[160.468s][info][gc,metaspace] GC(77) Metaspace: 60M used, 61M committed, 1088M reserved
[160.468s][info][gc,ref      ] GC(77) Soft: 617 encountered, 0 discovered, 0 enqueued
[160.468s][info][gc,ref      ] GC(77) Weak: 6218 encountered, 698 discovered, 71 enqueued
[160.468s][info][gc,ref      ] GC(77) Final: 0 encountered, 0 discovered, 0 enqueued
[160.468s][info][gc,ref      ] GC(77) Phantom: 79 encountered, 52 discovered, 0 enqueued
[160.468s][info][gc,reloc    ] GC(77) Small Pages: 158 / 316M, Empty: 246M, Relocated: 1M, In-Place: 0
[160.468s][info][gc,reloc    ] GC(77) Medium Pages: 2 / 64M, Empty: 32M, Relocated: 0M, In-Place: 0
[160.468s][info][gc,reloc    ] GC(77) Large Pages: 0 / 0M, Empty: 0M, Relocated: 0M, In-Place: 0
[160.468s][info][gc,reloc    ] GC(77) Forwarding Usage: 0M
[160.468s][info][gc,heap     ] GC(77) Min Capacity: 1024M(100%)
[160.468s][info][gc,heap     ] GC(77) Max Capacity: 1024M(100%)
[160.468s][info][gc,heap     ] GC(77) Soft Max Capacity: 1024M(100%)
[160.468s][info][gc,heap     ] GC(77)                Mark Start          Mark End        Relocate Start      Relocate End           High               Low         
[160.468s][info][gc,heap     ] GC(77)  Capacity:     1024M (100%)       1024M (100%)       1024M (100%)       1024M (100%)       1024M (100%)       1024M (100%)   
[160.468s][info][gc,heap     ] GC(77)      Free:      644M (63%)         644M (63%)         922M (90%)         960M (94%)         960M (94%)         644M (63%)    
[160.468s][info][gc,heap     ] GC(77)      Used:      380M (37%)         380M (37%)         102M (10%)          64M (6%)          380M (37%)          64M (6%)     
[160.468s][info][gc,heap     ] GC(77)      Live:         -                28M (3%)           28M (3%)           28M (3%)             -                  -          
[160.468s][info][gc,heap     ] GC(77) Allocated:         -                 0M (0%)            0M (0%)            0M (0%)             -                  -          
[160.468s][info][gc,heap     ] GC(77)   Garbage:         -               351M (34%)          73M (7%)           35M (3%)             -                  -          
[160.468s][info][gc,heap     ] GC(77) Reclaimed:         -                  -               278M (27%)         316M (31%)            -                  -          
[160.468s][info][gc          ] GC(77) Garbage Collection (System.gc()) 380M(37%)->64M(6%)
[162.200s][info][gc,start    ] GC(78) Garbage Collection (System.gc())
[162.200s][info][gc,task     ] GC(78) Using 2 workers
[162.200s][info][gc,phases   ] GC(78) Pause Mark Start 0.009ms
[162.223s][info][gc,phases   ] GC(78) Concurrent Mark 22.478ms
[162.223s][info][gc,phases   ] GC(78) Pause Mark End 0.020ms
[162.223s][info][gc,phases   ] GC(78) Concurrent Mark Free 0.002ms
[162.243s][info][gc,phases   ] GC(78) Concurrent Process Non-Strong References 19.493ms
[162.243s][info][gc,phases   ] GC(78) Concurrent Reset Relocation Set 0.002ms
[162.245s][info][gc,phases   ] GC(78) Concurrent Select Relocation Set 1.600ms
[162.245s][info][gc,phases   ] GC(78) Pause Relocate Start 0.008ms
[162.246s][info][gc,phases   ] GC(78) Concurrent Relocate 1.489ms
[162.246s][info][gc,load     ] GC(78) Load: 0.00/0.00/0.00
[162.246s][info][gc,mmu      ] GC(78) MMU: 2ms/96.4%, 5ms/98.5%, 10ms/99.2%, 20ms/99.6%, 50ms/99.8%, 100ms/99.9%
[162.246s][info][gc,marking  ] GC(78) Mark: 2 stripe(s), 1 proactive flush(es), 1 terminate flush(es), 0 completion(s), 0 continuation(s) 
[162.246s][info][gc,marking  ] GC(78) Mark Stack Usage: 32M
[162.246s][info][gc,nmethod  ] GC(78) NMethods: 13848 registered, 7152 unregistered
[162.246s][info][gc,metaspace] GC(78) Metaspace: 60M used, 61M committed, 1088M reserved
[162.246s][info][gc,ref      ] GC(78) Soft: 617 encountered, 0 discovered, 0 enqueued
[162.246s][info][gc,ref      ] GC(78) Weak: 6143 encountered, 73 discovered, 26 enqueued
[162.246s][info][gc,ref      ] GC(78) Final: 0 encountered, 0 discovered, 0 enqueued
[162.246s][info][gc,ref      ] GC(78) Phantom: 79 encountered, 49 discovered, 0 enqueued
[162.246s][info][gc,reloc    ] GC(78) Small Pages: 158 / 316M, Empty: 250M, Relocated: 1M, In-Place: 0
[162.246s][info][gc,reloc    ] GC(78) Medium Pages: 2 / 64M, Empty: 32M, Relocated: 0M, In-Place: 0
[162.247s][info][gc,reloc    ] GC(78) Large Pages: 0 / 0M, Empty: 0M, Relocated: 0M, In-Place: 0
[162.247s][info][gc,reloc    ] GC(78) Forwarding Usage: 0M
[162.247s][info][gc,heap     ] GC(78) Min Capacity: 1024M(100%)
[162.247s][info][gc,heap     ] GC(78) Max Capacity: 1024M(100%)
[162.247s][info][gc,heap     ] GC(78) Soft Max Capacity: 1024M(100%)
[162.247s][info][gc,heap     ] GC(78)                Mark Start          Mark End        Relocate Start      Relocate End           High               Low         
[162.247s][info][gc,heap     ] GC(78)  Capacity:     1024M (100%)       1024M (100%)       1024M (100%)       1024M (100%)       1024M (100%)       1024M (100%)   
[162.247s][info][gc,heap     ] GC(78)      Free:      644M (63%)         644M (63%)         926M (90%)         960M (94%)         960M (94%)         644M (63%)    
[162.247s][info][gc,heap     ] GC(78)      Used:      380M (37%)         380M (37%)          98M (10%)          64M (6%)          380M (37%)          64M (6%)     
[162.247s][info][gc,heap     ] GC(78)      Live:         -                28M (3%)           28M (3%)           28M (3%)             -                  -          
[162.247s][info][gc,heap     ] GC(78) Allocated:         -                 0M (0%)            0M (0%)            0M (0%)             -                  -          
[162.247s][info][gc,heap     ] GC(78)   Garbage:         -               351M (34%)          69M (7%)           35M (3%)             -                  -          
[162.247s][info][gc,heap     ] GC(78) Reclaimed:         -                  -               282M (28%)         316M (31%)            -                  -          
[162.247s][info][gc          ] GC(78) Garbage Collection (System.gc()) 380M(37%)->64M(6%)
[163.986s][info][gc,start    ] GC(79) Garbage Collection (System.gc())
[163.986s][info][gc,task     ] GC(79) Using 2 workers
[163.986s][info][gc,phases   ] GC(79) Pause Mark Start 0.011ms
[164.013s][info][gc,phases   ] GC(79) Concurrent Mark 26.797ms
[164.013s][info][gc,phases   ] GC(79) Pause Mark End 0.025ms
[164.013s][info][gc,phases   ] GC(79) Concurrent Mark Free 0.003ms
[164.031s][info][gc,phases   ] GC(79) Concurrent Process Non-Strong References 18.184ms
[164.031s][info][gc,phases   ] GC(79) Concurrent Reset Relocation Set 0.002ms
[164.033s][info][gc,phases   ] GC(79) Concurrent Select Relocation Set 1.890ms
[164.033s][info][gc,phases   ] GC(79) Pause Relocate Start 0.010ms
[164.035s][info][gc,phases   ] GC(79) Concurrent Relocate 1.390ms
[164.035s][info][gc,load     ] GC(79) Load: 0.00/0.00/0.00
[164.035s][info][gc,mmu      ] GC(79) MMU: 2ms/96.4%, 5ms/98.5%, 10ms/99.2%, 20ms/99.6%, 50ms/99.8%, 100ms/99.9%
[164.035s][info][gc,marking  ] GC(79) Mark: 2 stripe(s), 1 proactive flush(es), 1 terminate flush(es), 0 completion(s), 0 continuation(s) 
[164.035s][info][gc,marking  ] GC(79) Mark Stack Usage: 32M
[164.035s][info][gc,nmethod  ] GC(79) NMethods: 13855 registered, 7160 unregistered
[164.035s][info][gc,metaspace] GC(79) Metaspace: 60M used, 61M committed, 1088M reserved
[164.035s][info][gc,ref      ] GC(79) Soft: 617 encountered, 0 discovered, 0 enqueued
[164.035s][info][gc,ref      ] GC(79) Weak: 6218 encountered, 5588 discovered, 71 enqueued
[164.035s][info][gc,ref      ] GC(79) Final: 0 encountered, 0 discovered, 0 enqueued
[164.035s][info][gc,ref      ] GC(79) Phantom: 79 encountered, 52 discovered, 0 enqueued
[164.035s][info][gc,reloc    ] GC(79) Small Pages: 158 / 316M, Empty: 242M, Relocated: 1M, In-Place: 0
[164.035s][info][gc,reloc    ] GC(79) Medium Pages: 2 / 64M, Empty: 32M, Relocated: 0M, In-Place: 0
[164.035s][info][gc,reloc    ] GC(79) Large Pages: 0 / 0M, Empty: 0M, Relocated: 0M, In-Place: 0
[164.035s][info][gc,reloc    ] GC(79) Forwarding Usage: 0M
[164.035s][info][gc,heap     ] GC(79) Min Capacity: 1024M(100%)
[164.035s][info][gc,heap     ] GC(79) Max Capacity: 1024M(100%)
[164.035s][info][gc,heap     ] GC(79) Soft Max Capacity: 1024M(100%)
[164.035s][info][gc,heap     ] GC(79)                Mark Start          Mark End        Relocate Start      Relocate End           High               Low         
[164.035s][info][gc,heap     ] GC(79)  Capacity:     1024M (100%)       1024M (100%)       1024M (100%)       1024M (100%)       1024M (100%)       1024M (100%)   
[164.035s][info][gc,heap     ] GC(79)      Free:      644M (63%)         644M (63%)         918M (90%)         960M (94%)         960M (94%)         644M (63%)    
[164.035s][info][gc,heap     ] GC(79)      Used:      380M (37%)         380M (37%)         106M (10%)          64M (6%)          380M (37%)          64M (6%)     
[164.035s][info][gc,heap     ] GC(79)      Live:         -                28M (3%)           28M (3%)           28M (3%)             -                  -          
[164.035s][info][gc,heap     ] GC(79) Allocated:         -                 0M (0%)            0M (0%)            0M (0%)             -                  -          
[164.035s][info][gc,heap     ] GC(79)   Garbage:         -               351M (34%)          77M (8%)           35M (3%)             -                  -          
[164.035s][info][gc,heap     ] GC(79) Reclaimed:         -                  -               274M (27%)         316M (31%)            -                  -          
[164.035s][info][gc          ] GC(79) Garbage Collection (System.gc()) 380M(37%)->64M(6%)
[165.765s][info][gc,start    ] GC(80) Garbage Collection (System.gc())
[165.765s][info][gc,task     ] GC(80) Using 2 workers
[165.765s][info][gc,phases   ] GC(80) Pause Mark Start 0.009ms
[165.788s][info][gc,phases   ] GC(80) Concurrent Mark 23.108ms
[165.788s][info][gc,phases   ] GC(80) Pause Mark End 0.020ms
[165.789s][info][gc,phases   ] GC(80) Concurrent Mark Free 0.002ms
[165.806s][info][gc,phases   ] GC(80) Concurrent Process Non-Strong References 17.293ms
[165.806s][info][gc,phases   ] GC(80) Concurrent Reset Relocation Set 0.002ms
[165.808s][info][gc,phases   ] GC(80) Concurrent Select Relocation Set 1.564ms
[165.808s][info][gc,phases   ] GC(80) Pause Relocate Start 0.008ms
[165.808s][info][gc,phases   ] GC(80) Concurrent Relocate 0.740ms
[165.808s][info][gc,load     ] GC(80) Load: 0.00/0.00/0.00
[165.808s][info][gc,mmu      ] GC(80) MMU: 2ms/96.4%, 5ms/98.5%, 10ms/99.2%, 20ms/99.6%, 50ms/99.8%, 100ms/99.9%
[165.808s][info][gc,marking  ] GC(80) Mark: 2 stripe(s), 1 proactive flush(es), 1 terminate flush(es), 0 completion(s), 0 continuation(s) 
[165.808s][info][gc,marking  ] GC(80) Mark Stack Usage: 32M
[165.808s][info][gc,nmethod  ] GC(80) NMethods: 13856 registered, 7170 unregistered
[165.808s][info][gc,metaspace] GC(80) Metaspace: 60M used, 61M committed, 1088M reserved
[165.808s][info][gc,ref      ] GC(80) Soft: 617 encountered, 0 discovered, 0 enqueued
[165.808s][info][gc,ref      ] GC(80) Weak: 6143 encountered, 98 discovered, 26 enqueued
[165.809s][info][gc,ref      ] GC(80) Final: 0 encountered, 0 discovered, 0 enqueued
[165.809s][info][gc,ref      ] GC(80) Phantom: 79 encountered, 53 discovered, 0 enqueued
[165.809s][info][gc,reloc    ] GC(80) Small Pages: 158 / 316M, Empty: 252M, Relocated: 1M, In-Place: 0
[165.809s][info][gc,reloc    ] GC(80) Medium Pages: 2 / 64M, Empty: 32M, Relocated: 0M, In-Place: 0
[165.809s][info][gc,reloc    ] GC(80) Large Pages: 0 / 0M, Empty: 0M, Relocated: 0M, In-Place: 0
[165.809s][info][gc,reloc    ] GC(80) Forwarding Usage: 0M
[165.809s][info][gc,heap     ] GC(80) Min Capacity: 1024M(100%)
[165.809s][info][gc,heap     ] GC(80) Max Capacity: 1024M(100%)
[165.809s][info][gc,heap     ] GC(80) Soft Max Capacity: 1024M(100%)
[165.809s][info][gc,heap     ] GC(80)                Mark Start          Mark End        Relocate Start      Relocate End           High               Low         
[165.809s][info][gc,heap     ] GC(80)  Capacity:     1024M (100%)       1024M (100%)       1024M (100%)       1024M (100%)       1024M (100%)       1024M (100%)   
[165.809s][info][gc,heap     ] GC(80)      Free:      644M (63%)         644M (63%)         928M (91%)         960M (94%)         960M (94%)         644M (63%)    
[165.809s][info][gc,heap     ] GC(80)      Used:      380M (37%)         380M (37%)          96M (9%)           64M (6%)          380M (37%)          64M (6%)     
[165.809s][info][gc,heap     ] GC(80)      Live:         -                28M (3%)           28M (3%)           28M (3%)             -                  -          
[165.809s][info][gc,heap     ] GC(80) Allocated:         -                 0M (0%)            0M (0%)            0M (0%)             -                  -          
[165.809s][info][gc,heap     ] GC(80)   Garbage:         -               351M (34%)          67M (7%)           35M (3%)             -                  -          
[165.809s][info][gc,heap     ] GC(80) Reclaimed:         -                  -               284M (28%)         316M (31%)            -                  -          
[165.809s][info][gc          ] GC(80) Garbage Collection (System.gc()) 380M(37%)->64M(6%)
[167.544s][info][gc,start    ] GC(81) Garbage Collection (System.gc())
[167.544s][info][gc,task     ] GC(81) Using 2 workers
[167.544s][info][gc,phases   ] GC(81) Pause Mark Start 0.009ms
[167.579s][info][gc,phases   ] GC(81) Concurrent Mark 35.287ms
[167.579s][info][gc,phases   ] GC(81) Pause Mark End 0.025ms
[167.579s][info][gc,phases   ] GC(81) Concurrent Mark Free 0.003ms
[167.598s][info][gc,phases   ] GC(81) Concurrent Process Non-Strong References 18.733ms
[167.598s][info][gc,phases   ] GC(81) Concurrent Reset Relocation Set 0.001ms
[167.600s][info][gc,phases   ] GC(81) Concurrent Select Relocation Set 1.649ms
[167.600s][info][gc,phases   ] GC(81) Pause Relocate Start 0.008ms
[167.602s][info][gc,phases   ] GC(81) Concurrent Relocate 1.551ms
[167.602s][info][gc,load     ] GC(81) Load: 0.00/0.00/0.00
[167.602s][info][gc,mmu      ] GC(81) MMU: 2ms/96.4%, 5ms/98.5%, 10ms/99.2%, 20ms/99.6%, 50ms/99.8%, 100ms/99.9%
[167.602s][info][gc,marking  ] GC(81) Mark: 2 stripe(s), 1 proactive flush(es), 1 terminate flush(es), 0 completion(s), 0 continuation(s) 
[167.602s][info][gc,marking  ] GC(81) Mark Stack Usage: 32M
[167.602s][info][gc,nmethod  ] GC(81) NMethods: 13886 registered, 7183 unregistered
[167.602s][info][gc,metaspace] GC(81) Metaspace: 60M used, 61M committed, 1088M reserved
[167.602s][info][gc,ref      ] GC(81) Soft: 617 encountered, 0 discovered, 0 enqueued
[167.602s][info][gc,ref      ] GC(81) Weak: 6218 encountered, 5518 discovered, 71 enqueued
[167.602s][info][gc,ref      ] GC(81) Final: 0 encountered, 0 discovered, 0 enqueued
[167.602s][info][gc,ref      ] GC(81) Phantom: 79 encountered, 41 discovered, 0 enqueued
[167.602s][info][gc,reloc    ] GC(81) Small Pages: 158 / 316M, Empty: 248M, Relocated: 1M, In-Place: 0
[167.602s][info][gc,reloc    ] GC(81) Medium Pages: 2 / 64M, Empty: 32M, Relocated: 0M, In-Place: 0
[167.602s][info][gc,reloc    ] GC(81) Large Pages: 0 / 0M, Empty: 0M, Relocated: 0M, In-Place: 0
[167.602s][info][gc,reloc    ] GC(81) Forwarding Usage: 0M
[167.602s][info][gc,heap     ] GC(81) Min Capacity: 1024M(100%)
[167.602s][info][gc,heap     ] GC(81) Max Capacity: 1024M(100%)
[167.602s][info][gc,heap     ] GC(81) Soft Max Capacity: 1024M(100%)
[167.602s][info][gc,heap     ] GC(81)                Mark Start          Mark End        Relocate Start      Relocate End           High               Low         
[167.602s][info][gc,heap     ] GC(81)  Capacity:     1024M (100%)       1024M (100%)       1024M (100%)       1024M (100%)       1024M (100%)       1024M (100%)   
[167.602s][info][gc,heap     ] GC(81)      Free:      644M (63%)         644M (63%)         924M (90%)         960M (94%)         960M (94%)         644M (63%)    
[167.602s][info][gc,heap     ] GC(81)      Used:      380M (37%)         380M (37%)         100M (10%)          64M (6%)          380M (37%)          64M (6%)     
[167.602s][info][gc,heap     ] GC(81)      Live:         -                28M (3%)           28M (3%)           28M (3%)             -                  -          
[167.602s][info][gc,heap     ] GC(81) Allocated:         -                 0M (0%)            0M (0%)            0M (0%)             -                  -          
[167.602s][info][gc,heap     ] GC(81)   Garbage:         -               351M (34%)          71M (7%)           35M (3%)             -                  -          
[167.602s][info][gc,heap     ] GC(81) Reclaimed:         -                  -               280M (27%)         316M (31%)            -                  -          
[167.602s][info][gc          ] GC(81) Garbage Collection (System.gc()) 380M(37%)->64M(6%)
[169.342s][info][gc,start    ] GC(82) Garbage Collection (System.gc())
[169.342s][info][gc,task     ] GC(82) Using 2 workers
[169.342s][info][gc,phases   ] GC(82) Pause Mark Start 0.009ms
[169.368s][info][gc,phases   ] GC(82) Concurrent Mark 25.435ms
[169.368s][info][gc,phases   ] GC(82) Pause Mark End 0.031ms
[169.368s][info][gc,phases   ] GC(82) Concurrent Mark Free 0.005ms
[169.386s][info][gc,phases   ] GC(82) Concurrent Process Non-Strong References 18.217ms
[169.386s][info][gc,phases   ] GC(82) Concurrent Reset Relocation Set 0.002ms
[169.388s][info][gc,phases   ] GC(82) Concurrent Select Relocation Set 1.410ms
[169.388s][info][gc,phases   ] GC(82) Pause Relocate Start 0.008ms
[169.389s][info][gc,phases   ] GC(82) Concurrent Relocate 1.119ms
[169.389s][info][gc,load     ] GC(82) Load: 0.00/0.00/0.00
[169.389s][info][gc,mmu      ] GC(82) MMU: 2ms/96.4%, 5ms/98.5%, 10ms/99.2%, 20ms/99.6%, 50ms/99.8%, 100ms/99.9%
[169.389s][info][gc,marking  ] GC(82) Mark: 2 stripe(s), 1 proactive flush(es), 1 terminate flush(es), 0 completion(s), 0 continuation(s) 
[169.389s][info][gc,marking  ] GC(82) Mark Stack Usage: 32M
[169.389s][info][gc,nmethod  ] GC(82) NMethods: 13896 registered, 7201 unregistered
[169.389s][info][gc,metaspace] GC(82) Metaspace: 60M used, 61M committed, 1088M reserved
[169.389s][info][gc,ref      ] GC(82) Soft: 617 encountered, 0 discovered, 0 enqueued
[169.389s][info][gc,ref      ] GC(82) Weak: 6143 encountered, 5506 discovered, 26 enqueued
[169.389s][info][gc,ref      ] GC(82) Final: 0 encountered, 0 discovered, 0 enqueued
[169.389s][info][gc,ref      ] GC(82) Phantom: 79 encountered, 39 discovered, 0 enqueued
[169.389s][info][gc,reloc    ] GC(82) Small Pages: 158 / 316M, Empty: 250M, Relocated: 1M, In-Place: 0
[169.389s][info][gc,reloc    ] GC(82) Medium Pages: 2 / 64M, Empty: 32M, Relocated: 0M, In-Place: 0
[169.389s][info][gc,reloc    ] GC(82) Large Pages: 0 / 0M, Empty: 0M, Relocated: 0M, In-Place: 0
[169.389s][info][gc,reloc    ] GC(82) Forwarding Usage: 0M
[169.389s][info][gc,heap     ] GC(82) Min Capacity: 1024M(100%)
[169.389s][info][gc,heap     ] GC(82) Max Capacity: 1024M(100%)
[169.389s][info][gc,heap     ] GC(82) Soft Max Capacity: 1024M(100%)
[169.389s][info][gc,heap     ] GC(82)                Mark Start          Mark End        Relocate Start      Relocate End           High               Low         
[169.389s][info][gc,heap     ] GC(82)  Capacity:     1024M (100%)       1024M (100%)       1024M (100%)       1024M (100%)       1024M (100%)       1024M (100%)   
[169.389s][info][gc,heap     ] GC(82)      Free:      644M (63%)         644M (63%)         926M (90%)         960M (94%)         960M (94%)         644M (63%)    
[169.389s][info][gc,heap     ] GC(82)      Used:      380M (37%)         380M (37%)          98M (10%)          64M (6%)          380M (37%)          64M (6%)     
[169.389s][info][gc,heap     ] GC(82)      Live:         -                28M (3%)           28M (3%)           28M (3%)             -                  -          
[169.389s][info][gc,heap     ] GC(82) Allocated:         -                 0M (0%)            0M (0%)            0M (0%)             -                  -          
[169.389s][info][gc,heap     ] GC(82)   Garbage:         -               351M (34%)          69M (7%)           35M (3%)             -                  -          
[169.389s][info][gc,heap     ] GC(82) Reclaimed:         -                  -               282M (28%)         316M (31%)            -                  -          
[169.389s][info][gc          ] GC(82) Garbage Collection (System.gc()) 380M(37%)->64M(6%)
[170.122s][info][gc,stats    ] === Garbage Collection Statistics =======================================================================================================================
[170.122s][info][gc,stats    ]                                                              Last 10s              Last 10m              Last 10h                Total
[170.122s][info][gc,stats    ]                                                              Avg / Max             Avg / Max             Avg / Max             Avg / Max
[170.122s][info][gc,stats    ]   Collector: Garbage Collection Cycle                     48.087 / 58.133       52.228 / 178.833      52.228 / 178.833      52.228 / 178.833     ms
[170.122s][info][gc,stats    ]  Contention: Mark Segment Reset Contention                     0 / 0                 0 / 2                 0 / 2                 0 / 2           ops/s
[170.122s][info][gc,stats    ]  Contention: Mark SeqNum Reset Contention                      0 / 0                 0 / 1                 0 / 1                 0 / 1           ops/s
[170.122s][info][gc,stats    ]    Critical: Allocation Stall                                  0 / 0                 0 / 0                 0 / 0                 0 / 0           ops/s
[170.122s][info][gc,stats    ]    Critical: Allocation Stall                              0.000 / 0.000         0.000 / 0.000         0.000 / 0.000         0.000 / 0.000       ms
[170.122s][info][gc,stats    ]    Critical: GC Locker Stall                                   0 / 0                 0 / 0                 0 / 0                 0 / 0           ops/s
[170.122s][info][gc,stats    ]    Critical: GC Locker Stall                               0.000 / 0.000         0.000 / 0.000         0.000 / 0.000         0.000 / 0.000       ms
[170.122s][info][gc,stats    ]    Critical: Relocation Stall                                  0 / 0                 0 / 0                 0 / 0                 0 / 0           ops/s
[170.122s][info][gc,stats    ]    Critical: Relocation Stall                              0.000 / 0.000         0.000 / 0.000         0.000 / 0.000         0.000 / 0.000       ms
[170.122s][info][gc,stats    ]      Memory: Allocation Rate                                 186 / 316             150 / 320             150 / 320             150 / 320         MB/s
[170.122s][info][gc,stats    ]      Memory: Defragment                                        0 / 0                 0 / 0                 0 / 0                 0 / 0           ops/s
[170.122s][info][gc,stats    ]      Memory: Out Of Memory                                     0 / 0                 0 / 0                 0 / 0                 0 / 0           ops/s
[170.122s][info][gc,stats    ]      Memory: Page Cache Flush                                  0 / 0                 0 / 0                 0 / 0                 0 / 0           MB/s
[170.122s][info][gc,stats    ]      Memory: Page Cache Hit L1                                85 / 145              68 / 147              68 / 147              68 / 147         ops/s
[170.122s][info][gc,stats    ]      Memory: Page Cache Hit L2                                 0 / 0                 0 / 0                 0 / 0                 0 / 0           ops/s
[170.122s][info][gc,stats    ]      Memory: Page Cache Hit L3                                 0 / 0                 1 / 26                1 / 26                1 / 26          ops/s
[170.122s][info][gc,stats    ]      Memory: Page Cache Miss                                   0 / 0                 0 / 1                 0 / 1                 0 / 1           ops/s
[170.122s][info][gc,stats    ]      Memory: Uncommit                                          0 / 0                 0 / 0                 0 / 0                 0 / 0           MB/s
[170.122s][info][gc,stats    ]      Memory: Undo Object Allocation Failed                     0 / 0                 0 / 0                 0 / 0                 0 / 0           ops/s
[170.122s][info][gc,stats    ]      Memory: Undo Object Allocation Succeeded                  0 / 0                 0 / 2                 0 / 2                 0 / 2           ops/s
[170.122s][info][gc,stats    ]      Memory: Undo Page Allocation                              0 / 0                 0 / 0                 0 / 0                 0 / 0           ops/s
[170.122s][info][gc,stats    ]       Phase: Concurrent Mark                              26.349 / 35.287       29.802 / 125.351      29.802 / 125.351      29.802 / 125.351     ms
[170.122s][info][gc,stats    ]       Phase: Concurrent Mark Continue                      0.000 / 0.000         0.000 / 0.000         0.000 / 0.000         0.000 / 0.000       ms
[170.122s][info][gc,stats    ]       Phase: Concurrent Mark Free                          0.003 / 0.005         0.002 / 0.005         0.002 / 0.005         0.002 / 0.005       ms
[170.122s][info][gc,stats    ]       Phase: Concurrent Process Non-Strong References     18.123 / 19.493       17.806 / 24.445       17.806 / 24.445       17.806 / 24.445      ms
[170.122s][info][gc,stats    ]       Phase: Concurrent Relocate                           1.196 / 1.551         1.922 / 20.770        1.922 / 20.770        1.922 / 20.770      ms
[170.122s][info][gc,stats    ]       Phase: Concurrent Reset Relocation Set               0.002 / 0.002         0.002 / 0.015         0.002 / 0.015         0.002 / 0.015       ms
[170.122s][info][gc,stats    ]       Phase: Concurrent Select Relocation Set              1.553 / 1.890         1.546 / 5.504         1.546 / 5.504         1.546 / 5.504       ms
[170.122s][info][gc,stats    ]       Phase: Pause Mark End                                0.025 / 0.031         0.026 / 0.071         0.026 / 0.071         0.026 / 0.071       ms
[170.122s][info][gc,stats    ]       Phase: Pause Mark Start                              0.010 / 0.011         0.009 / 0.018         0.009 / 0.018         0.009 / 0.018       ms
[170.122s][info][gc,stats    ]       Phase: Pause Relocate Start                          0.008 / 0.010         0.008 / 0.017         0.008 / 0.017         0.008 / 0.017       ms
[170.122s][info][gc,stats    ]    Subphase: Concurrent Classes Purge                      0.152 / 0.183         0.544 / 2.572         0.544 / 2.572         0.544 / 2.572       ms
[170.122s][info][gc,stats    ]    Subphase: Concurrent Classes Unlink                    16.707 / 18.294       15.859 / 18.633       15.859 / 18.633       15.859 / 18.633      ms
[170.122s][info][gc,stats    ]    Subphase: Concurrent Mark                              22.042 / 34.615       25.171 / 123.883      25.171 / 123.883      25.171 / 123.883     ms
[170.122s][info][gc,stats    ]    Subphase: Concurrent Mark Try Flush                     0.091 / 0.146         0.086 / 0.493         0.086 / 0.493         0.086 / 0.493       ms
[170.122s][info][gc,stats    ]    Subphase: Concurrent Mark Try Terminate                 2.622 / 16.771        3.010 / 16.771        3.010 / 16.771        3.010 / 16.771      ms
[170.122s][info][gc,stats    ]    Subphase: Concurrent References Enqueue                 0.006 / 0.007         0.005 / 0.007         0.005 / 0.007         0.005 / 0.007       ms
[170.122s][info][gc,stats    ]    Subphase: Concurrent References Process                 0.424 / 0.759         0.373 / 2.468         0.373 / 2.468         0.373 / 2.468       ms
[170.122s][info][gc,stats    ]    Subphase: Concurrent Roots ClassLoaderDataGraph         0.084 / 0.192         0.089 / 0.315         0.089 / 0.315         0.089 / 0.315       ms
[170.122s][info][gc,stats    ]    Subphase: Concurrent Roots CodeCache                    0.000 / 0.000         0.000 / 0.000         0.000 / 0.000         0.000 / 0.000       ms
[170.122s][info][gc,stats    ]    Subphase: Concurrent Roots JavaThreads                  0.241 / 0.441         0.246 / 2.311         0.246 / 2.311         0.246 / 2.311       ms
[170.122s][info][gc,stats    ]    Subphase: Concurrent Roots OopStorageSet                0.017 / 0.026         0.017 / 0.051         0.017 / 0.051         0.017 / 0.051       ms
[170.122s][info][gc,stats    ]    Subphase: Concurrent Weak Roots OopStorageSet           0.632 / 0.758         0.684 / 1.165         0.684 / 1.165         0.684 / 1.165       ms
[170.122s][info][gc,stats    ]    Subphase: Pause Mark Try Complete                       0.000 / 0.000         0.009 / 0.028         0.009 / 0.028         0.009 / 0.028       ms
[170.122s][info][gc,stats    ]      System: Java Threads                                     11 / 11               11 / 12               11 / 12               11 / 12          threads
[170.122s][info][gc,stats    ] =========================================================================================================================================================
[171.151s][info][gc,start    ] GC(83) Garbage Collection (System.gc())
[171.151s][info][gc,task     ] GC(83) Using 2 workers
[171.151s][info][gc,phases   ] GC(83) Pause Mark Start 0.010ms
[171.173s][info][gc,phases   ] GC(83) Concurrent Mark 21.344ms
[171.173s][info][gc,phases   ] GC(83) Pause Mark End 0.021ms
[171.173s][info][gc,phases   ] GC(83) Concurrent Mark Free 0.003ms
[171.190s][info][gc,phases   ] GC(83) Concurrent Process Non-Strong References 17.290ms
[171.190s][info][gc,phases   ] GC(83) Concurrent Reset Relocation Set 0.002ms
[171.192s][info][gc,phases   ] GC(83) Concurrent Select Relocation Set 1.426ms
[171.192s][info][gc,phases   ] GC(83) Pause Relocate Start 0.008ms
[171.193s][info][gc,phases   ] GC(83) Concurrent Relocate 0.731ms
[171.193s][info][gc,load     ] GC(83) Load: 0.00/0.00/0.00
[171.193s][info][gc,mmu      ] GC(83) MMU: 2ms/96.4%, 5ms/98.5%, 10ms/99.2%, 20ms/99.6%, 50ms/99.8%, 100ms/99.9%
[171.193s][info][gc,marking  ] GC(83) Mark: 2 stripe(s), 3 proactive flush(es), 1 terminate flush(es), 0 completion(s), 0 continuation(s) 
[171.193s][info][gc,marking  ] GC(83) Mark Stack Usage: 32M
[171.193s][info][gc,nmethod  ] GC(83) NMethods: 13904 registered, 7212 unregistered
[171.193s][info][gc,metaspace] GC(83) Metaspace: 60M used, 61M committed, 1088M reserved
[171.193s][info][gc,ref      ] GC(83) Soft: 617 encountered, 0 discovered, 0 enqueued
[171.193s][info][gc,ref      ] GC(83) Weak: 6218 encountered, 5519 discovered, 71 enqueued
[171.193s][info][gc,ref      ] GC(83) Final: 0 encountered, 0 discovered, 0 enqueued
[171.193s][info][gc,ref      ] GC(83) Phantom: 79 encountered, 52 discovered, 0 enqueued
[171.193s][info][gc,reloc    ] GC(83) Small Pages: 158 / 316M, Empty: 246M, Relocated: 1M, In-Place: 0
[171.193s][info][gc,reloc    ] GC(83) Medium Pages: 2 / 64M, Empty: 32M, Relocated: 0M, In-Place: 0
[171.193s][info][gc,reloc    ] GC(83) Large Pages: 0 / 0M, Empty: 0M, Relocated: 0M, In-Place: 0
[171.193s][info][gc,reloc    ] GC(83) Forwarding Usage: 0M
[171.193s][info][gc,heap     ] GC(83) Min Capacity: 1024M(100%)
[171.193s][info][gc,heap     ] GC(83) Max Capacity: 1024M(100%)
[171.193s][info][gc,heap     ] GC(83) Soft Max Capacity: 1024M(100%)
[171.193s][info][gc,heap     ] GC(83)                Mark Start          Mark End        Relocate Start      Relocate End           High               Low         
[171.193s][info][gc,heap     ] GC(83)  Capacity:     1024M (100%)       1024M (100%)       1024M (100%)       1024M (100%)       1024M (100%)       1024M (100%)   
[171.193s][info][gc,heap     ] GC(83)      Free:      644M (63%)         644M (63%)         922M (90%)         960M (94%)         960M (94%)         644M (63%)    
[171.193s][info][gc,heap     ] GC(83)      Used:      380M (37%)         380M (37%)         102M (10%)          64M (6%)          380M (37%)          64M (6%)     
[171.193s][info][gc,heap     ] GC(83)      Live:         -                28M (3%)           28M (3%)           28M (3%)             -                  -          
[171.193s][info][gc,heap     ] GC(83) Allocated:         -                 0M (0%)            0M (0%)            0M (0%)             -                  -          
[171.193s][info][gc,heap     ] GC(83)   Garbage:         -               351M (34%)          73M (7%)           35M (3%)             -                  -          
[171.193s][info][gc,heap     ] GC(83) Reclaimed:         -                  -               278M (27%)         316M (31%)            -                  -          
[171.193s][info][gc          ] GC(83) Garbage Collection (System.gc()) 380M(37%)->64M(6%)
[173.047s][info][gc,start    ] GC(84) Garbage Collection (System.gc())
[173.047s][info][gc,task     ] GC(84) Using 2 workers
[173.047s][info][gc,phases   ] GC(84) Pause Mark Start 0.011ms
[173.073s][info][gc,phases   ] GC(84) Concurrent Mark 26.185ms
[173.074s][info][gc,phases   ] GC(84) Pause Mark End 0.026ms
[173.074s][info][gc,phases   ] GC(84) Concurrent Mark Free 0.003ms
[173.092s][info][gc,phases   ] GC(84) Concurrent Process Non-Strong References 18.414ms
[173.092s][info][gc,phases   ] GC(84) Concurrent Reset Relocation Set 0.002ms
[173.094s][info][gc,phases   ] GC(84) Concurrent Select Relocation Set 1.518ms
[173.094s][info][gc,phases   ] GC(84) Pause Relocate Start 0.007ms
[173.095s][info][gc,phases   ] GC(84) Concurrent Relocate 1.135ms
[173.095s][info][gc,load     ] GC(84) Load: 0.00/0.00/0.00
[173.095s][info][gc,mmu      ] GC(84) MMU: 2ms/96.4%, 5ms/98.5%, 10ms/99.2%, 20ms/99.6%, 50ms/99.8%, 100ms/99.9%
[173.095s][info][gc,marking  ] GC(84) Mark: 2 stripe(s), 1 proactive flush(es), 1 terminate flush(es), 0 completion(s), 0 continuation(s) 
[173.095s][info][gc,marking  ] GC(84) Mark Stack Usage: 32M
[173.095s][info][gc,nmethod  ] GC(84) NMethods: 13909 registered, 7231 unregistered
[173.095s][info][gc,metaspace] GC(84) Metaspace: 60M used, 61M committed, 1088M reserved
[173.095s][info][gc,ref      ] GC(84) Soft: 617 encountered, 0 discovered, 0 enqueued
[173.095s][info][gc,ref      ] GC(84) Weak: 6143 encountered, 1073 discovered, 26 enqueued
[173.095s][info][gc,ref      ] GC(84) Final: 0 encountered, 0 discovered, 0 enqueued
[173.095s][info][gc,ref      ] GC(84) Phantom: 79 encountered, 50 discovered, 0 enqueued
[173.095s][info][gc,reloc    ] GC(84) Small Pages: 159 / 318M, Empty: 246M, Relocated: 1M, In-Place: 0
[173.095s][info][gc,reloc    ] GC(84) Medium Pages: 2 / 64M, Empty: 32M, Relocated: 0M, In-Place: 0
[173.095s][info][gc,reloc    ] GC(84) Large Pages: 0 / 0M, Empty: 0M, Relocated: 0M, In-Place: 0
[173.095s][info][gc,reloc    ] GC(84) Forwarding Usage: 0M
[173.095s][info][gc,heap     ] GC(84) Min Capacity: 1024M(100%)
[173.095s][info][gc,heap     ] GC(84) Max Capacity: 1024M(100%)
[173.095s][info][gc,heap     ] GC(84) Soft Max Capacity: 1024M(100%)
[173.095s][info][gc,heap     ] GC(84)                Mark Start          Mark End        Relocate Start      Relocate End           High               Low         
[173.095s][info][gc,heap     ] GC(84)  Capacity:     1024M (100%)       1024M (100%)       1024M (100%)       1024M (100%)       1024M (100%)       1024M (100%)   
[173.095s][info][gc,heap     ] GC(84)      Free:      642M (63%)         642M (63%)         920M (90%)         960M (94%)         960M (94%)         642M (63%)    
[173.095s][info][gc,heap     ] GC(84)      Used:      382M (37%)         382M (37%)         104M (10%)          64M (6%)          382M (37%)          64M (6%)     
[173.095s][info][gc,heap     ] GC(84)      Live:         -                28M (3%)           28M (3%)           28M (3%)             -                  -          
[173.095s][info][gc,heap     ] GC(84) Allocated:         -                 0M (0%)            0M (0%)            0M (0%)             -                  -          
[173.095s][info][gc,heap     ] GC(84)   Garbage:         -               353M (34%)          75M (7%)           35M (3%)             -                  -          
[173.095s][info][gc,heap     ] GC(84) Reclaimed:         -                  -               278M (27%)         318M (31%)            -                  -          
[173.095s][info][gc          ] GC(84) Garbage Collection (System.gc()) 382M(37%)->64M(6%)
[174.863s][info][gc,start    ] GC(85) Garbage Collection (System.gc())
[174.863s][info][gc,task     ] GC(85) Using 2 workers
[174.863s][info][gc,phases   ] GC(85) Pause Mark Start 0.020ms
[174.896s][info][gc,phases   ] GC(85) Concurrent Mark 32.537ms
[174.896s][info][gc,phases   ] GC(85) Pause Mark End 0.027ms
[174.896s][info][gc,phases   ] GC(85) Concurrent Mark Free 0.002ms
[174.915s][info][gc,phases   ] GC(85) Concurrent Process Non-Strong References 18.347ms
[174.915s][info][gc,phases   ] GC(85) Concurrent Reset Relocation Set 0.002ms
[174.916s][info][gc,phases   ] GC(85) Concurrent Select Relocation Set 1.504ms
[174.916s][info][gc,phases   ] GC(85) Pause Relocate Start 0.008ms
[174.918s][info][gc,phases   ] GC(85) Concurrent Relocate 1.300ms
[174.918s][info][gc,load     ] GC(85) Load: 0.00/0.00/0.00
[174.918s][info][gc,mmu      ] GC(85) MMU: 2ms/96.4%, 5ms/98.5%, 10ms/99.2%, 20ms/99.6%, 50ms/99.8%, 100ms/99.9%
[174.918s][info][gc,marking  ] GC(85) Mark: 2 stripe(s), 2 proactive flush(es), 1 terminate flush(es), 0 completion(s), 0 continuation(s) 
[174.918s][info][gc,marking  ] GC(85) Mark Stack Usage: 32M
[174.918s][info][gc,nmethod  ] GC(85) NMethods: 13909 registered, 7241 unregistered
[174.918s][info][gc,metaspace] GC(85) Metaspace: 60M used, 61M committed, 1088M reserved
[174.918s][info][gc,ref      ] GC(85) Soft: 617 encountered, 0 discovered, 0 enqueued
[174.918s][info][gc,ref      ] GC(85) Weak: 6218 encountered, 5426 discovered, 71 enqueued
[174.918s][info][gc,ref      ] GC(85) Final: 0 encountered, 0 discovered, 0 enqueued
[174.918s][info][gc,ref      ] GC(85) Phantom: 79 encountered, 54 discovered, 0 enqueued
[174.918s][info][gc,reloc    ] GC(85) Small Pages: 158 / 316M, Empty: 248M, Relocated: 1M, In-Place: 0
[174.918s][info][gc,reloc    ] GC(85) Medium Pages: 2 / 64M, Empty: 32M, Relocated: 0M, In-Place: 0
[174.918s][info][gc,reloc    ] GC(85) Large Pages: 0 / 0M, Empty: 0M, Relocated: 0M, In-Place: 0
[174.918s][info][gc,reloc    ] GC(85) Forwarding Usage: 0M
[174.918s][info][gc,heap     ] GC(85) Min Capacity: 1024M(100%)
[174.918s][info][gc,heap     ] GC(85) Max Capacity: 1024M(100%)
[174.918s][info][gc,heap     ] GC(85) Soft Max Capacity: 1024M(100%)
[174.918s][info][gc,heap     ] GC(85)                Mark Start          Mark End        Relocate Start      Relocate End           High               Low         
[174.918s][info][gc,heap     ] GC(85)  Capacity:     1024M (100%)       1024M (100%)       1024M (100%)       1024M (100%)       1024M (100%)       1024M (100%)   
[174.918s][info][gc,heap     ] GC(85)      Free:      644M (63%)         644M (63%)         924M (90%)         960M (94%)         960M (94%)         644M (63%)    
[174.918s][info][gc,heap     ] GC(85)      Used:      380M (37%)         380M (37%)         100M (10%)          64M (6%)          380M (37%)          64M (6%)     
[174.918s][info][gc,heap     ] GC(85)      Live:         -                28M (3%)           28M (3%)           28M (3%)             -                  -          
[174.918s][info][gc,heap     ] GC(85) Allocated:         -                 0M (0%)            0M (0%)            0M (0%)             -                  -          
[174.918s][info][gc,heap     ] GC(85)   Garbage:         -               351M (34%)          71M (7%)           35M (3%)             -                  -          
[174.918s][info][gc,heap     ] GC(85) Reclaimed:         -                  -               280M (27%)         316M (31%)            -                  -          
[174.918s][info][gc          ] GC(85) Garbage Collection (System.gc()) 380M(37%)->64M(6%)
[176.686s][info][gc,start    ] GC(86) Garbage Collection (System.gc())
[176.686s][info][gc,task     ] GC(86) Using 2 workers
[176.686s][info][gc,phases   ] GC(86) Pause Mark Start 0.008ms
[176.717s][info][gc,phases   ] GC(86) Concurrent Mark 30.633ms
[176.717s][info][gc,phases   ] GC(86) Pause Mark End 0.019ms
[176.717s][info][gc,phases   ] GC(86) Concurrent Mark Free 0.003ms
[176.734s][info][gc,phases   ] GC(86) Concurrent Process Non-Strong References 16.968ms
[176.734s][info][gc,phases   ] GC(86) Concurrent Reset Relocation Set 0.002ms
[176.736s][info][gc,phases   ] GC(86) Concurrent Select Relocation Set 1.208ms
[176.736s][info][gc,phases   ] GC(86) Pause Relocate Start 0.008ms
[176.736s][info][gc,phases   ] GC(86) Concurrent Relocate 0.737ms
[176.737s][info][gc,load     ] GC(86) Load: 0.00/0.00/0.00
[176.737s][info][gc,mmu      ] GC(86) MMU: 2ms/96.4%, 5ms/98.5%, 10ms/99.2%, 20ms/99.6%, 50ms/99.8%, 100ms/99.9%
[176.737s][info][gc,marking  ] GC(86) Mark: 2 stripe(s), 1 proactive flush(es), 1 terminate flush(es), 0 completion(s), 0 continuation(s) 
[176.737s][info][gc,marking  ] GC(86) Mark Stack Usage: 32M
[176.737s][info][gc,nmethod  ] GC(86) NMethods: 13911 registered, 7250 unregistered
[176.737s][info][gc,metaspace] GC(86) Metaspace: 60M used, 61M committed, 1088M reserved
[176.737s][info][gc,ref      ] GC(86) Soft: 617 encountered, 0 discovered, 0 enqueued
[176.737s][info][gc,ref      ] GC(86) Weak: 6143 encountered, 1427 discovered, 26 enqueued
[176.737s][info][gc,ref      ] GC(86) Final: 0 encountered, 0 discovered, 0 enqueued
[176.737s][info][gc,ref      ] GC(86) Phantom: 79 encountered, 45 discovered, 0 enqueued
[176.737s][info][gc,reloc    ] GC(86) Small Pages: 158 / 316M, Empty: 252M, Relocated: 1M, In-Place: 0
[176.737s][info][gc,reloc    ] GC(86) Medium Pages: 2 / 64M, Empty: 32M, Relocated: 0M, In-Place: 0
[176.737s][info][gc,reloc    ] GC(86) Large Pages: 0 / 0M, Empty: 0M, Relocated: 0M, In-Place: 0
[176.737s][info][gc,reloc    ] GC(86) Forwarding Usage: 0M
[176.737s][info][gc,heap     ] GC(86) Min Capacity: 1024M(100%)
[176.737s][info][gc,heap     ] GC(86) Max Capacity: 1024M(100%)
[176.737s][info][gc,heap     ] GC(86) Soft Max Capacity: 1024M(100%)
[176.737s][info][gc,heap     ] GC(86)                Mark Start          Mark End        Relocate Start      Relocate End           High               Low         
[176.737s][info][gc,heap     ] GC(86)  Capacity:     1024M (100%)       1024M (100%)       1024M (100%)       1024M (100%)       1024M (100%)       1024M (100%)   
[176.737s][info][gc,heap     ] GC(86)      Free:      644M (63%)         644M (63%)         928M (91%)         960M (94%)         960M (94%)         644M (63%)    
[176.737s][info][gc,heap     ] GC(86)      Used:      380M (37%)         380M (37%)          96M (9%)           64M (6%)          380M (37%)          64M (6%)     
[176.737s][info][gc,heap     ] GC(86)      Live:         -                28M (3%)           28M (3%)           28M (3%)             -                  -          
[176.737s][info][gc,heap     ] GC(86) Allocated:         -                 0M (0%)            0M (0%)            0M (0%)             -                  -          
[176.737s][info][gc,heap     ] GC(86)   Garbage:         -               351M (34%)          67M (7%)           35M (3%)             -                  -          
[176.737s][info][gc,heap     ] GC(86) Reclaimed:         -                  -               284M (28%)         316M (31%)            -                  -          
[176.737s][info][gc          ] GC(86) Garbage Collection (System.gc()) 380M(37%)->64M(6%)
[178.510s][info][gc,start    ] GC(87) Garbage Collection (System.gc())
[178.510s][info][gc,task     ] GC(87) Using 2 workers
[178.510s][info][gc,phases   ] GC(87) Pause Mark Start 0.012ms
[178.538s][info][gc,phases   ] GC(87) Concurrent Mark 27.591ms
[178.538s][info][gc,phases   ] GC(87) Pause Mark End 0.021ms
[178.538s][info][gc,phases   ] GC(87) Concurrent Mark Free 0.002ms
[178.556s][info][gc,phases   ] GC(87) Concurrent Process Non-Strong References 17.715ms
[178.556s][info][gc,phases   ] GC(87) Concurrent Reset Relocation Set 0.002ms
[178.557s][info][gc,phases   ] GC(87) Concurrent Select Relocation Set 1.369ms
[178.557s][info][gc,phases   ] GC(87) Pause Relocate Start 0.008ms
[178.558s][info][gc,phases   ] GC(87) Concurrent Relocate 0.728ms
[178.558s][info][gc,load     ] GC(87) Load: 0.00/0.00/0.00
[178.558s][info][gc,mmu      ] GC(87) MMU: 2ms/96.4%, 5ms/98.5%, 10ms/99.2%, 20ms/99.6%, 50ms/99.8%, 100ms/99.9%
[178.558s][info][gc,marking  ] GC(87) Mark: 2 stripe(s), 1 proactive flush(es), 1 terminate flush(es), 0 completion(s), 0 continuation(s) 
[178.558s][info][gc,marking  ] GC(87) Mark Stack Usage: 32M
[178.558s][info][gc,nmethod  ] GC(87) NMethods: 13915 registered, 7262 unregistered
[178.558s][info][gc,metaspace] GC(87) Metaspace: 60M used, 61M committed, 1088M reserved
[178.558s][info][gc,ref      ] GC(87) Soft: 617 encountered, 0 discovered, 0 enqueued
[178.558s][info][gc,ref      ] GC(87) Weak: 6218 encountered, 130 discovered, 71 enqueued
[178.558s][info][gc,ref      ] GC(87) Final: 0 encountered, 0 discovered, 0 enqueued
[178.558s][info][gc,ref      ] GC(87) Phantom: 79 encountered, 53 discovered, 0 enqueued
[178.558s][info][gc,reloc    ] GC(87) Small Pages: 158 / 316M, Empty: 248M, Relocated: 1M, In-Place: 0
[178.558s][info][gc,reloc    ] GC(87) Medium Pages: 2 / 64M, Empty: 32M, Relocated: 0M, In-Place: 0
[178.558s][info][gc,reloc    ] GC(87) Large Pages: 0 / 0M, Empty: 0M, Relocated: 0M, In-Place: 0
[178.558s][info][gc,reloc    ] GC(87) Forwarding Usage: 0M
[178.558s][info][gc,heap     ] GC(87) Min Capacity: 1024M(100%)
[178.558s][info][gc,heap     ] GC(87) Max Capacity: 1024M(100%)
[178.558s][info][gc,heap     ] GC(87) Soft Max Capacity: 1024M(100%)
[178.558s][info][gc,heap     ] GC(87)                Mark Start          Mark End        Relocate Start      Relocate End           High               Low         
[178.558s][info][gc,heap     ] GC(87)  Capacity:     1024M (100%)       1024M (100%)       1024M (100%)       1024M (100%)       1024M (100%)       1024M (100%)   
[178.558s][info][gc,heap     ] GC(87)      Free:      644M (63%)         644M (63%)         924M (90%)         960M (94%)         960M (94%)         644M (63%)    
[178.558s][info][gc,heap     ] GC(87)      Used:      380M (37%)         380M (37%)         100M (10%)          64M (6%)          380M (37%)          64M (6%)     
[178.558s][info][gc,heap     ] GC(87)      Live:         -                28M (3%)           28M (3%)           28M (3%)             -                  -          
[178.558s][info][gc,heap     ] GC(87) Allocated:         -                 0M (0%)            0M (0%)            0M (0%)             -                  -          
[178.558s][info][gc,heap     ] GC(87)   Garbage:         -               351M (34%)          71M (7%)           35M (3%)             -                  -          
[178.558s][info][gc,heap     ] GC(87) Reclaimed:         -                  -               280M (27%)         316M (31%)            -                  -          
[178.558s][info][gc          ] GC(87) Garbage Collection (System.gc()) 380M(37%)->64M(6%)
[180.125s][info][gc,stats    ] === Garbage Collection Statistics =======================================================================================================================
[180.125s][info][gc,stats    ]                                                              Last 10s              Last 10m              Last 10h                Total
[180.125s][info][gc,stats    ]                                                              Avg / Max             Avg / Max             Avg / Max             Avg / Max
[180.125s][info][gc,stats    ]   Collector: Garbage Collection Cycle                     48.601 / 54.629       52.022 / 178.833      52.022 / 178.833      52.022 / 178.833     ms
[180.125s][info][gc,stats    ]  Contention: Mark Segment Reset Contention                     0 / 0                 0 / 2                 0 / 2                 0 / 2           ops/s
[180.125s][info][gc,stats    ]  Contention: Mark SeqNum Reset Contention                      0 / 1                 0 / 1                 0 / 1                 0 / 1           ops/s
[180.125s][info][gc,stats    ]    Critical: Allocation Stall                                  0 / 0                 0 / 0                 0 / 0                 0 / 0           ops/s
[180.125s][info][gc,stats    ]    Critical: Allocation Stall                              0.000 / 0.000         0.000 / 0.000         0.000 / 0.000         0.000 / 0.000       ms
[180.125s][info][gc,stats    ]    Critical: GC Locker Stall                                   0 / 0                 0 / 0                 0 / 0                 0 / 0           ops/s
[180.125s][info][gc,stats    ]    Critical: GC Locker Stall                               0.000 / 0.000         0.000 / 0.000         0.000 / 0.000         0.000 / 0.000       ms
[180.125s][info][gc,stats    ]    Critical: Relocation Stall                                  0 / 0                 0 / 0                 0 / 0                 0 / 0           ops/s
[180.125s][info][gc,stats    ]    Critical: Relocation Stall                              0.000 / 0.000         0.000 / 0.000         0.000 / 0.000         0.000 / 0.000       ms
[180.125s][info][gc,stats    ]      Memory: Allocation Rate                                 161 / 316             151 / 320             151 / 320             151 / 320         MB/s
[180.125s][info][gc,stats    ]      Memory: Defragment                                        0 / 0                 0 / 0                 0 / 0                 0 / 0           ops/s
[180.125s][info][gc,stats    ]      Memory: Out Of Memory                                     0 / 0                 0 / 0                 0 / 0                 0 / 0           ops/s
[180.125s][info][gc,stats    ]      Memory: Page Cache Flush                                  0 / 0                 0 / 0                 0 / 0                 0 / 0           MB/s
[180.125s][info][gc,stats    ]      Memory: Page Cache Hit L1                                74 / 145              68 / 147              68 / 147              68 / 147         ops/s
[180.126s][info][gc,stats    ]      Memory: Page Cache Hit L2                                 0 / 0                 0 / 0                 0 / 0                 0 / 0           ops/s
[180.126s][info][gc,stats    ]      Memory: Page Cache Hit L3                                 0 / 0                 1 / 26                1 / 26                1 / 26          ops/s
[180.126s][info][gc,stats    ]      Memory: Page Cache Miss                                   0 / 0                 0 / 1                 0 / 1                 0 / 1           ops/s
[180.126s][info][gc,stats    ]      Memory: Uncommit                                          0 / 0                 0 / 0                 0 / 0                 0 / 0           MB/s
[180.126s][info][gc,stats    ]      Memory: Undo Object Allocation Failed                     0 / 0                 0 / 0                 0 / 0                 0 / 0           ops/s
[180.126s][info][gc,stats    ]      Memory: Undo Object Allocation Succeeded                  0 / 0                 0 / 2                 0 / 2                 0 / 2           ops/s
[180.126s][info][gc,stats    ]      Memory: Undo Page Allocation                              0 / 0                 0 / 0                 0 / 0                 0 / 0           ops/s
[180.126s][info][gc,stats    ]       Phase: Concurrent Mark                              27.658 / 32.537       29.680 / 125.351      29.680 / 125.351      29.680 / 125.351     ms
[180.126s][info][gc,stats    ]       Phase: Concurrent Mark Continue                      0.000 / 0.000         0.000 / 0.000         0.000 / 0.000         0.000 / 0.000       ms
[180.126s][info][gc,stats    ]       Phase: Concurrent Mark Free                          0.002 / 0.003         0.002 / 0.005         0.002 / 0.005         0.002 / 0.005       ms
[180.126s][info][gc,stats    ]       Phase: Concurrent Process Non-Strong References     17.747 / 18.414       17.803 / 24.445       17.803 / 24.445       17.803 / 24.445      ms
[180.126s][info][gc,stats    ]       Phase: Concurrent Relocate                           0.926 / 1.300         1.866 / 20.770        1.866 / 20.770        1.866 / 20.770      ms
[180.126s][info][gc,stats    ]       Phase: Concurrent Reset Relocation Set               0.002 / 0.002         0.002 / 0.015         0.002 / 0.015         0.002 / 0.015       ms
[180.126s][info][gc,stats    ]       Phase: Concurrent Select Relocation Set              1.405 / 1.518         1.538 / 5.504         1.538 / 5.504         1.538 / 5.504       ms
[180.126s][info][gc,stats    ]       Phase: Pause Mark End                                0.023 / 0.027         0.026 / 0.071         0.026 / 0.071         0.026 / 0.071       ms
[180.126s][info][gc,stats    ]       Phase: Pause Mark Start                              0.012 / 0.020         0.009 / 0.020         0.009 / 0.020         0.009 / 0.020       ms
[180.126s][info][gc,stats    ]       Phase: Pause Relocate Start                          0.008 / 0.008         0.008 / 0.017         0.008 / 0.017         0.008 / 0.017       ms
[180.126s][info][gc,stats    ]    Subphase: Concurrent Classes Purge                      0.154 / 0.220         0.522 / 2.572         0.522 / 2.572         0.522 / 2.572       ms
[180.126s][info][gc,stats    ]    Subphase: Concurrent Classes Unlink                    16.330 / 16.843       15.886 / 18.633       15.886 / 18.633       15.886 / 18.633      ms
[180.126s][info][gc,stats    ]    Subphase: Concurrent Mark                              22.659 / 32.132       25.029 / 123.883      25.029 / 123.883      25.029 / 123.883     ms
[180.126s][info][gc,stats    ]    Subphase: Concurrent Mark Try Flush                     0.077 / 0.154         0.085 / 0.493         0.085 / 0.493         0.085 / 0.493       ms
[180.126s][info][gc,stats    ]    Subphase: Concurrent Mark Try Terminate                 3.026 / 13.912        3.011 / 16.771        3.011 / 16.771        3.011 / 16.771      ms
[180.126s][info][gc,stats    ]    Subphase: Concurrent References Enqueue                 0.005 / 0.007         0.005 / 0.007         0.005 / 0.007         0.005 / 0.007       ms
[180.126s][info][gc,stats    ]    Subphase: Concurrent References Process                 0.380 / 0.722         0.373 / 2.468         0.373 / 2.468         0.373 / 2.468       ms
[180.126s][info][gc,stats    ]    Subphase: Concurrent Roots ClassLoaderDataGraph         0.088 / 0.187         0.089 / 0.315         0.089 / 0.315         0.089 / 0.315       ms
[180.126s][info][gc,stats    ]    Subphase: Concurrent Roots CodeCache                    0.000 / 0.000         0.000 / 0.000         0.000 / 0.000         0.000 / 0.000       ms
[180.126s][info][gc,stats    ]    Subphase: Concurrent Roots JavaThreads                  0.249 / 0.433         0.246 / 2.311         0.246 / 2.311         0.246 / 2.311       ms
[180.126s][info][gc,stats    ]    Subphase: Concurrent Roots OopStorageSet                0.017 / 0.031         0.017 / 0.051         0.017 / 0.051         0.017 / 0.051       ms
[180.126s][info][gc,stats    ]    Subphase: Concurrent Weak Roots OopStorageSet           0.679 / 0.859         0.684 / 1.165         0.684 / 1.165         0.684 / 1.165       ms
[180.126s][info][gc,stats    ]    Subphase: Pause Mark Try Complete                       0.000 / 0.000         0.009 / 0.028         0.009 / 0.028         0.009 / 0.028       ms
[180.126s][info][gc,stats    ]      System: Java Threads                                     11 / 11               11 / 12               11 / 12               11 / 12          threads
[180.126s][info][gc,stats    ] =========================================================================================================================================================
[180.311s][info][gc,start    ] GC(88) Garbage Collection (System.gc())
[180.312s][info][gc,task     ] GC(88) Using 2 workers
[180.312s][info][gc,phases   ] GC(88) Pause Mark Start 0.008ms
[180.345s][info][gc,phases   ] GC(88) Concurrent Mark 33.423ms
[180.345s][info][gc,phases   ] GC(88) Pause Mark End 0.025ms
[180.345s][info][gc,phases   ] GC(88) Concurrent Mark Free 0.003ms
[180.364s][info][gc,phases   ] GC(88) Concurrent Process Non-Strong References 18.122ms
[180.364s][info][gc,phases   ] GC(88) Concurrent Reset Relocation Set 0.002ms
[180.365s][info][gc,phases   ] GC(88) Concurrent Select Relocation Set 1.390ms
[180.365s][info][gc,phases   ] GC(88) Pause Relocate Start 0.008ms
[180.366s][info][gc,phases   ] GC(88) Concurrent Relocate 0.786ms
[180.366s][info][gc,load     ] GC(88) Load: 0.00/0.00/0.00
[180.366s][info][gc,mmu      ] GC(88) MMU: 2ms/96.4%, 5ms/98.5%, 10ms/99.2%, 20ms/99.6%, 50ms/99.8%, 100ms/99.9%
[180.366s][info][gc,marking  ] GC(88) Mark: 2 stripe(s), 1 proactive flush(es), 1 terminate flush(es), 0 completion(s), 0 continuation(s) 
[180.366s][info][gc,marking  ] GC(88) Mark Stack Usage: 32M
[180.366s][info][gc,nmethod  ] GC(88) NMethods: 13919 registered, 7277 unregistered
[180.366s][info][gc,metaspace] GC(88) Metaspace: 60M used, 61M committed, 1088M reserved
[180.366s][info][gc,ref      ] GC(88) Soft: 617 encountered, 0 discovered, 0 enqueued
[180.366s][info][gc,ref      ] GC(88) Weak: 6143 encountered, 2263 discovered, 26 enqueued
[180.366s][info][gc,ref      ] GC(88) Final: 0 encountered, 0 discovered, 0 enqueued
[180.366s][info][gc,ref      ] GC(88) Phantom: 79 encountered, 48 discovered, 0 enqueued
[180.366s][info][gc,reloc    ] GC(88) Small Pages: 158 / 316M, Empty: 250M, Relocated: 1M, In-Place: 0
[180.366s][info][gc,reloc    ] GC(88) Medium Pages: 2 / 64M, Empty: 32M, Relocated: 0M, In-Place: 0
[180.366s][info][gc,reloc    ] GC(88) Large Pages: 0 / 0M, Empty: 0M, Relocated: 0M, In-Place: 0
[180.366s][info][gc,reloc    ] GC(88) Forwarding Usage: 0M
[180.366s][info][gc,heap     ] GC(88) Min Capacity: 1024M(100%)
[180.366s][info][gc,heap     ] GC(88) Max Capacity: 1024M(100%)
[180.366s][info][gc,heap     ] GC(88) Soft Max Capacity: 1024M(100%)
[180.366s][info][gc,heap     ] GC(88)                Mark Start          Mark End        Relocate Start      Relocate End           High               Low         
[180.366s][info][gc,heap     ] GC(88)  Capacity:     1024M (100%)       1024M (100%)       1024M (100%)       1024M (100%)       1024M (100%)       1024M (100%)   
[180.366s][info][gc,heap     ] GC(88)      Free:      644M (63%)         644M (63%)         926M (90%)         960M (94%)         960M (94%)         644M (63%)    
[180.366s][info][gc,heap     ] GC(88)      Used:      380M (37%)         380M (37%)          98M (10%)          64M (6%)          380M (37%)          64M (6%)     
[180.366s][info][gc,heap     ] GC(88)      Live:         -                28M (3%)           28M (3%)           28M (3%)             -                  -          
[180.366s][info][gc,heap     ] GC(88) Allocated:         -                 0M (0%)            0M (0%)            0M (0%)             -                  -          
[180.366s][info][gc,heap     ] GC(88)   Garbage:         -               351M (34%)          69M (7%)           35M (3%)             -                  -          
[180.366s][info][gc,heap     ] GC(88) Reclaimed:         -                  -               282M (28%)         316M (31%)            -                  -          
[180.366s][info][gc          ] GC(88) Garbage Collection (System.gc()) 380M(37%)->64M(6%)
[182.128s][info][gc,start    ] GC(89) Garbage Collection (System.gc())
[182.128s][info][gc,task     ] GC(89) Using 2 workers
[182.128s][info][gc,phases   ] GC(89) Pause Mark Start 0.014ms
[182.150s][info][gc,phases   ] GC(89) Concurrent Mark 22.096ms
[182.151s][info][gc,phases   ] GC(89) Pause Mark End 0.024ms
[182.151s][info][gc,phases   ] GC(89) Concurrent Mark Free 0.002ms
[182.168s][info][gc,phases   ] GC(89) Concurrent Process Non-Strong References 17.404ms
[182.168s][info][gc,phases   ] GC(89) Concurrent Reset Relocation Set 0.002ms
[182.170s][info][gc,phases   ] GC(89) Concurrent Select Relocation Set 1.723ms
[182.170s][info][gc,phases   ] GC(89) Pause Relocate Start 0.008ms
[182.172s][info][gc,phases   ] GC(89) Concurrent Relocate 1.634ms
[182.172s][info][gc,load     ] GC(89) Load: 0.00/0.00/0.00
[182.172s][info][gc,mmu      ] GC(89) MMU: 2ms/96.4%, 5ms/98.5%, 10ms/99.2%, 20ms/99.6%, 50ms/99.8%, 100ms/99.9%
[182.172s][info][gc,marking  ] GC(89) Mark: 2 stripe(s), 1 proactive flush(es), 1 terminate flush(es), 0 completion(s), 0 continuation(s) 
[182.172s][info][gc,marking  ] GC(89) Mark Stack Usage: 32M
[182.172s][info][gc,nmethod  ] GC(89) NMethods: 13926 registered, 7290 unregistered
[182.172s][info][gc,metaspace] GC(89) Metaspace: 60M used, 61M committed, 1088M reserved
[182.172s][info][gc,ref      ] GC(89) Soft: 617 encountered, 0 discovered, 0 enqueued
[182.172s][info][gc,ref      ] GC(89) Weak: 6218 encountered, 115 discovered, 71 enqueued
[182.172s][info][gc,ref      ] GC(89) Final: 0 encountered, 0 discovered, 0 enqueued
[182.172s][info][gc,ref      ] GC(89) Phantom: 79 encountered, 41 discovered, 0 enqueued
[182.172s][info][gc,reloc    ] GC(89) Small Pages: 158 / 316M, Empty: 244M, Relocated: 1M, In-Place: 0
[182.172s][info][gc,reloc    ] GC(89) Medium Pages: 2 / 64M, Empty: 32M, Relocated: 0M, In-Place: 0
[182.172s][info][gc,reloc    ] GC(89) Large Pages: 0 / 0M, Empty: 0M, Relocated: 0M, In-Place: 0
[182.172s][info][gc,reloc    ] GC(89) Forwarding Usage: 0M
[182.172s][info][gc,heap     ] GC(89) Min Capacity: 1024M(100%)
[182.172s][info][gc,heap     ] GC(89) Max Capacity: 1024M(100%)
[182.172s][info][gc,heap     ] GC(89) Soft Max Capacity: 1024M(100%)
[182.172s][info][gc,heap     ] GC(89)                Mark Start          Mark End        Relocate Start      Relocate End           High               Low         
[182.172s][info][gc,heap     ] GC(89)  Capacity:     1024M (100%)       1024M (100%)       1024M (100%)       1024M (100%)       1024M (100%)       1024M (100%)   
[182.172s][info][gc,heap     ] GC(89)      Free:      644M (63%)         644M (63%)         920M (90%)         960M (94%)         960M (94%)         644M (63%)    
[182.172s][info][gc,heap     ] GC(89)      Used:      380M (37%)         380M (37%)         104M (10%)          64M (6%)          380M (37%)          64M (6%)     
[182.172s][info][gc,heap     ] GC(89)      Live:         -                28M (3%)           28M (3%)           28M (3%)             -                  -          
[182.172s][info][gc,heap     ] GC(89) Allocated:         -                 0M (0%)            0M (0%)            0M (0%)             -                  -          
[182.172s][info][gc,heap     ] GC(89)   Garbage:         -               351M (34%)          75M (7%)           35M (3%)             -                  -          
[182.172s][info][gc,heap     ] GC(89) Reclaimed:         -                  -               276M (27%)         316M (31%)            -                  -          
[182.172s][info][gc          ] GC(89) Garbage Collection (System.gc()) 380M(37%)->64M(6%)
[183.955s][info][gc,start    ] GC(90) Garbage Collection (System.gc())
[183.955s][info][gc,task     ] GC(90) Using 2 workers
[183.955s][info][gc,phases   ] GC(90) Pause Mark Start 0.008ms
[183.989s][info][gc,phases   ] GC(90) Concurrent Mark 33.820ms
[183.989s][info][gc,phases   ] GC(90) Pause Mark End 0.025ms
[183.989s][info][gc,phases   ] GC(90) Concurrent Mark Free 0.003ms
[184.008s][info][gc,phases   ] GC(90) Concurrent Process Non-Strong References 18.484ms
[184.008s][info][gc,phases   ] GC(90) Concurrent Reset Relocation Set 0.003ms
[184.009s][info][gc,phases   ] GC(90) Concurrent Select Relocation Set 1.268ms
[184.009s][info][gc,phases   ] GC(90) Pause Relocate Start 0.007ms
[184.010s][info][gc,phases   ] GC(90) Concurrent Relocate 1.075ms
[184.010s][info][gc,load     ] GC(90) Load: 0.00/0.00/0.00
[184.010s][info][gc,mmu      ] GC(90) MMU: 2ms/96.4%, 5ms/98.5%, 10ms/99.2%, 20ms/99.6%, 50ms/99.8%, 100ms/99.9%
[184.010s][info][gc,marking  ] GC(90) Mark: 2 stripe(s), 2 proactive flush(es), 1 terminate flush(es), 0 completion(s), 0 continuation(s) 
[184.010s][info][gc,marking  ] GC(90) Mark Stack Usage: 32M
[184.010s][info][gc,nmethod  ] GC(90) NMethods: 14041 registered, 7322 unregistered
[184.010s][info][gc,metaspace] GC(90) Metaspace: 60M used, 61M committed, 1088M reserved
[184.011s][info][gc,ref      ] GC(90) Soft: 617 encountered, 0 discovered, 0 enqueued
[184.011s][info][gc,ref      ] GC(90) Weak: 6143 encountered, 574 discovered, 26 enqueued
[184.011s][info][gc,ref      ] GC(90) Final: 0 encountered, 0 discovered, 0 enqueued
[184.011s][info][gc,ref      ] GC(90) Phantom: 79 encountered, 47 discovered, 0 enqueued
[184.011s][info][gc,reloc    ] GC(90) Small Pages: 158 / 316M, Empty: 250M, Relocated: 1M, In-Place: 0
[184.011s][info][gc,reloc    ] GC(90) Medium Pages: 2 / 64M, Empty: 32M, Relocated: 0M, In-Place: 0
[184.011s][info][gc,reloc    ] GC(90) Large Pages: 0 / 0M, Empty: 0M, Relocated: 0M, In-Place: 0
[184.011s][info][gc,reloc    ] GC(90) Forwarding Usage: 0M
[184.011s][info][gc,heap     ] GC(90) Min Capacity: 1024M(100%)
[184.011s][info][gc,heap     ] GC(90) Max Capacity: 1024M(100%)
[184.011s][info][gc,heap     ] GC(90) Soft Max Capacity: 1024M(100%)
[184.011s][info][gc,heap     ] GC(90)                Mark Start          Mark End        Relocate Start      Relocate End           High               Low         
[184.011s][info][gc,heap     ] GC(90)  Capacity:     1024M (100%)       1024M (100%)       1024M (100%)       1024M (100%)       1024M (100%)       1024M (100%)   
[184.011s][info][gc,heap     ] GC(90)      Free:      644M (63%)         644M (63%)         926M (90%)         960M (94%)         960M (94%)         644M (63%)    
[184.011s][info][gc,heap     ] GC(90)      Used:      380M (37%)         380M (37%)          98M (10%)          64M (6%)          380M (37%)          64M (6%)     
[184.011s][info][gc,heap     ] GC(90)      Live:         -                28M (3%)           28M (3%)           28M (3%)             -                  -          
[184.011s][info][gc,heap     ] GC(90) Allocated:         -                 0M (0%)            0M (0%)            0M (0%)             -                  -          
[184.011s][info][gc,heap     ] GC(90)   Garbage:         -               351M (34%)          69M (7%)           35M (3%)             -                  -          
[184.011s][info][gc,heap     ] GC(90) Reclaimed:         -                  -               282M (28%)         316M (31%)            -                  -          
[184.011s][info][gc          ] GC(90) Garbage Collection (System.gc()) 380M(37%)->64M(6%)
[185.799s][info][gc,start    ] GC(91) Garbage Collection (System.gc())
[185.799s][info][gc,task     ] GC(91) Using 2 workers
[185.799s][info][gc,phases   ] GC(91) Pause Mark Start 0.007ms
[185.826s][info][gc,phases   ] GC(91) Concurrent Mark 26.727ms
[185.826s][info][gc,phases   ] GC(91) Pause Mark End 0.025ms
[185.826s][info][gc,phases   ] GC(91) Concurrent Mark Free 0.003ms
[185.844s][info][gc,phases   ] GC(91) Concurrent Process Non-Strong References 18.040ms
[185.844s][info][gc,phases   ] GC(91) Concurrent Reset Relocation Set 0.002ms
[185.846s][info][gc,phases   ] GC(91) Concurrent Select Relocation Set 1.263ms
[185.846s][info][gc,phases   ] GC(91) Pause Relocate Start 0.007ms
[185.847s][info][gc,phases   ] GC(91) Concurrent Relocate 1.092ms
[185.847s][info][gc,load     ] GC(91) Load: 0.00/0.00/0.00
[185.847s][info][gc,mmu      ] GC(91) MMU: 2ms/96.4%, 5ms/98.5%, 10ms/99.2%, 20ms/99.6%, 50ms/99.8%, 100ms/99.9%
[185.847s][info][gc,marking  ] GC(91) Mark: 2 stripe(s), 1 proactive flush(es), 1 terminate flush(es), 0 completion(s), 0 continuation(s) 
[185.847s][info][gc,marking  ] GC(91) Mark Stack Usage: 32M
[185.847s][info][gc,nmethod  ] GC(91) NMethods: 14052 registered, 7349 unregistered
[185.847s][info][gc,metaspace] GC(91) Metaspace: 60M used, 61M committed, 1088M reserved
[185.847s][info][gc,ref      ] GC(91) Soft: 617 encountered, 0 discovered, 0 enqueued
[185.847s][info][gc,ref      ] GC(91) Weak: 6218 encountered, 908 discovered, 71 enqueued
[185.847s][info][gc,ref      ] GC(91) Final: 0 encountered, 0 discovered, 0 enqueued
[185.847s][info][gc,ref      ] GC(91) Phantom: 79 encountered, 45 discovered, 0 enqueued
[185.847s][info][gc,reloc    ] GC(91) Small Pages: 158 / 316M, Empty: 246M, Relocated: 1M, In-Place: 0
[185.847s][info][gc,reloc    ] GC(91) Medium Pages: 2 / 64M, Empty: 32M, Relocated: 0M, In-Place: 0
[185.847s][info][gc,reloc    ] GC(91) Large Pages: 0 / 0M, Empty: 0M, Relocated: 0M, In-Place: 0
[185.847s][info][gc,reloc    ] GC(91) Forwarding Usage: 0M
[185.847s][info][gc,heap     ] GC(91) Min Capacity: 1024M(100%)
[185.847s][info][gc,heap     ] GC(91) Max Capacity: 1024M(100%)
[185.847s][info][gc,heap     ] GC(91) Soft Max Capacity: 1024M(100%)
[185.847s][info][gc,heap     ] GC(91)                Mark Start          Mark End        Relocate Start      Relocate End           High               Low         
[185.847s][info][gc,heap     ] GC(91)  Capacity:     1024M (100%)       1024M (100%)       1024M (100%)       1024M (100%)       1024M (100%)       1024M (100%)   
[185.847s][info][gc,heap     ] GC(91)      Free:      644M (63%)         644M (63%)         922M (90%)         960M (94%)         960M (94%)         644M (63%)    
[185.847s][info][gc,heap     ] GC(91)      Used:      380M (37%)         380M (37%)         102M (10%)          64M (6%)          380M (37%)          64M (6%)     
[185.847s][info][gc,heap     ] GC(91)      Live:         -                28M (3%)           28M (3%)           28M (3%)             -                  -          
[185.847s][info][gc,heap     ] GC(91) Allocated:         -                 0M (0%)            0M (0%)            0M (0%)             -                  -          
[185.847s][info][gc,heap     ] GC(91)   Garbage:         -               351M (34%)          73M (7%)           35M (3%)             -                  -          
[185.847s][info][gc,heap     ] GC(91) Reclaimed:         -                  -               278M (27%)         316M (31%)            -                  -          
[185.847s][info][gc          ] GC(91) Garbage Collection (System.gc()) 380M(37%)->64M(6%)
[187.611s][info][gc,start    ] GC(92) Garbage Collection (System.gc())
[187.611s][info][gc,task     ] GC(92) Using 2 workers
[187.611s][info][gc,phases   ] GC(92) Pause Mark Start 0.010ms
[187.648s][info][gc,phases   ] GC(92) Concurrent Mark 36.004ms
[187.648s][info][gc,phases   ] GC(92) Pause Mark End 0.025ms
[187.648s][info][gc,phases   ] GC(92) Concurrent Mark Free 0.003ms
[187.665s][info][gc,phases   ] GC(92) Concurrent Process Non-Strong References 17.400ms
[187.665s][info][gc,phases   ] GC(92) Concurrent Reset Relocation Set 0.002ms
[187.667s][info][gc,phases   ] GC(92) Concurrent Select Relocation Set 1.391ms
[187.667s][info][gc,phases   ] GC(92) Pause Relocate Start 0.008ms
[187.668s][info][gc,phases   ] GC(92) Concurrent Relocate 0.729ms
[187.668s][info][gc,load     ] GC(92) Load: 0.00/0.00/0.00
[187.668s][info][gc,mmu      ] GC(92) MMU: 2ms/96.4%, 5ms/98.5%, 10ms/99.2%, 20ms/99.6%, 50ms/99.8%, 100ms/99.9%
[187.668s][info][gc,marking  ] GC(92) Mark: 2 stripe(s), 1 proactive flush(es), 1 terminate flush(es), 0 completion(s), 0 continuation(s) 
[187.668s][info][gc,marking  ] GC(92) Mark Stack Usage: 32M
[187.668s][info][gc,nmethod  ] GC(92) NMethods: 14054 registered, 7360 unregistered
[187.668s][info][gc,metaspace] GC(92) Metaspace: 60M used, 61M committed, 1088M reserved
[187.668s][info][gc,ref      ] GC(92) Soft: 617 encountered, 0 discovered, 0 enqueued
[187.668s][info][gc,ref      ] GC(92) Weak: 6143 encountered, 60 discovered, 26 enqueued
[187.668s][info][gc,ref      ] GC(92) Final: 0 encountered, 0 discovered, 0 enqueued
[187.668s][info][gc,ref      ] GC(92) Phantom: 79 encountered, 37 discovered, 0 enqueued
[187.668s][info][gc,reloc    ] GC(92) Small Pages: 158 / 316M, Empty: 252M, Relocated: 1M, In-Place: 0
[187.668s][info][gc,reloc    ] GC(92) Medium Pages: 2 / 64M, Empty: 32M, Relocated: 0M, In-Place: 0
[187.668s][info][gc,reloc    ] GC(92) Large Pages: 0 / 0M, Empty: 0M, Relocated: 0M, In-Place: 0
[187.668s][info][gc,reloc    ] GC(92) Forwarding Usage: 0M
[187.668s][info][gc,heap     ] GC(92) Min Capacity: 1024M(100%)
[187.668s][info][gc,heap     ] GC(92) Max Capacity: 1024M(100%)
[187.668s][info][gc,heap     ] GC(92) Soft Max Capacity: 1024M(100%)
[187.668s][info][gc,heap     ] GC(92)                Mark Start          Mark End        Relocate Start      Relocate End           High               Low         
[187.668s][info][gc,heap     ] GC(92)  Capacity:     1024M (100%)       1024M (100%)       1024M (100%)       1024M (100%)       1024M (100%)       1024M (100%)   
[187.668s][info][gc,heap     ] GC(92)      Free:      644M (63%)         644M (63%)         928M (91%)         960M (94%)         960M (94%)         644M (63%)    
[187.668s][info][gc,heap     ] GC(92)      Used:      380M (37%)         380M (37%)          96M (9%)           64M (6%)          380M (37%)          64M (6%)     
[187.668s][info][gc,heap     ] GC(92)      Live:         -                28M (3%)           28M (3%)           28M (3%)             -                  -          
[187.668s][info][gc,heap     ] GC(92) Allocated:         -                 0M (0%)            0M (0%)            0M (0%)             -                  -          
[187.668s][info][gc,heap     ] GC(92)   Garbage:         -               351M (34%)          67M (7%)           35M (3%)             -                  -          
[187.668s][info][gc,heap     ] GC(92) Reclaimed:         -                  -               284M (28%)         316M (31%)            -                  -          
[187.668s][info][gc          ] GC(92) Garbage Collection (System.gc()) 380M(37%)->64M(6%)
[189.459s][info][gc,start    ] GC(93) Garbage Collection (System.gc())
[189.459s][info][gc,task     ] GC(93) Using 2 workers
[189.459s][info][gc,phases   ] GC(93) Pause Mark Start 0.009ms
[189.485s][info][gc,phases   ] GC(93) Concurrent Mark 25.259ms
[189.485s][info][gc,phases   ] GC(93) Pause Mark End 0.025ms
[189.485s][info][gc,phases   ] GC(93) Concurrent Mark Free 0.003ms
[189.502s][info][gc,phases   ] GC(93) Concurrent Process Non-Strong References 16.779ms
[189.502s][info][gc,phases   ] GC(93) Concurrent Reset Relocation Set 0.002ms
[189.503s][info][gc,phases   ] GC(93) Concurrent Select Relocation Set 1.602ms
[189.504s][info][gc,phases   ] GC(93) Pause Relocate Start 0.008ms
[189.504s][info][gc,phases   ] GC(93) Concurrent Relocate 0.748ms
[189.504s][info][gc,load     ] GC(93) Load: 0.00/0.00/0.00
[189.504s][info][gc,mmu      ] GC(93) MMU: 2ms/96.4%, 5ms/98.5%, 10ms/99.2%, 20ms/99.6%, 50ms/99.8%, 100ms/99.9%
[189.504s][info][gc,marking  ] GC(93) Mark: 2 stripe(s), 2 proactive flush(es), 1 terminate flush(es), 0 completion(s), 0 continuation(s) 
[189.504s][info][gc,marking  ] GC(93) Mark Stack Usage: 32M
[189.504s][info][gc,nmethod  ] GC(93) NMethods: 14055 registered, 7370 unregistered
[189.504s][info][gc,metaspace] GC(93) Metaspace: 60M used, 61M committed, 1088M reserved
[189.504s][info][gc,ref      ] GC(93) Soft: 617 encountered, 0 discovered, 0 enqueued
[189.504s][info][gc,ref      ] GC(93) Weak: 6218 encountered, 1168 discovered, 71 enqueued
[189.504s][info][gc,ref      ] GC(93) Final: 0 encountered, 0 discovered, 0 enqueued
[189.504s][info][gc,ref      ] GC(93) Phantom: 79 encountered, 53 discovered, 0 enqueued
[189.504s][info][gc,reloc    ] GC(93) Small Pages: 159 / 318M, Empty: 248M, Relocated: 1M, In-Place: 0
[189.504s][info][gc,reloc    ] GC(93) Medium Pages: 2 / 64M, Empty: 32M, Relocated: 0M, In-Place: 0
[189.504s][info][gc,reloc    ] GC(93) Large Pages: 0 / 0M, Empty: 0M, Relocated: 0M, In-Place: 0
[189.504s][info][gc,reloc    ] GC(93) Forwarding Usage: 0M
[189.505s][info][gc,heap     ] GC(93) Min Capacity: 1024M(100%)
[189.505s][info][gc,heap     ] GC(93) Max Capacity: 1024M(100%)
[189.505s][info][gc,heap     ] GC(93) Soft Max Capacity: 1024M(100%)
[189.505s][info][gc,heap     ] GC(93)                Mark Start          Mark End        Relocate Start      Relocate End           High               Low         
[189.505s][info][gc,heap     ] GC(93)  Capacity:     1024M (100%)       1024M (100%)       1024M (100%)       1024M (100%)       1024M (100%)       1024M (100%)   
[189.505s][info][gc,heap     ] GC(93)      Free:      642M (63%)         642M (63%)         922M (90%)         960M (94%)         960M (94%)         642M (63%)    
[189.505s][info][gc,heap     ] GC(93)      Used:      382M (37%)         382M (37%)         102M (10%)          64M (6%)          382M (37%)          64M (6%)     
[189.505s][info][gc,heap     ] GC(93)      Live:         -                28M (3%)           28M (3%)           28M (3%)             -                  -          
[189.505s][info][gc,heap     ] GC(93) Allocated:         -                 0M (0%)            0M (0%)            0M (0%)             -                  -          
[189.505s][info][gc,heap     ] GC(93)   Garbage:         -               353M (34%)          73M (7%)           35M (3%)             -                  -          
[189.505s][info][gc,heap     ] GC(93) Reclaimed:         -                  -               280M (27%)         318M (31%)            -                  -          
[189.505s][info][gc          ] GC(93) Garbage Collection (System.gc()) 382M(37%)->64M(6%)
[190.128s][info][gc,stats    ] === Garbage Collection Statistics =======================================================================================================================
[190.128s][info][gc,stats    ]                                                              Last 10s              Last 10m              Last 10h                Total
[190.128s][info][gc,stats    ]                                                              Avg / Max             Avg / Max             Avg / Max             Avg / Max
[190.128s][info][gc,stats    ]   Collector: Garbage Collection Cycle                     50.604 / 56.426       51.931 / 178.833      51.931 / 178.833      51.931 / 178.833     ms
[190.128s][info][gc,stats    ]  Contention: Mark Segment Reset Contention                     0 / 0                 0 / 2                 0 / 2                 0 / 2           ops/s
[190.128s][info][gc,stats    ]  Contention: Mark SeqNum Reset Contention                      0 / 0                 0 / 1                 0 / 1                 0 / 1           ops/s
[190.128s][info][gc,stats    ]    Critical: Allocation Stall                                  0 / 0                 0 / 0                 0 / 0                 0 / 0           ops/s
[190.128s][info][gc,stats    ]    Critical: Allocation Stall                              0.000 / 0.000         0.000 / 0.000         0.000 / 0.000         0.000 / 0.000       ms
[190.128s][info][gc,stats    ]    Critical: GC Locker Stall                                   0 / 0                 0 / 0                 0 / 0                 0 / 0           ops/s
[190.128s][info][gc,stats    ]    Critical: GC Locker Stall                               0.000 / 0.000         0.000 / 0.000         0.000 / 0.000         0.000 / 0.000       ms
[190.129s][info][gc,stats    ]    Critical: Relocation Stall                                  0 / 0                 0 / 0                 0 / 0                 0 / 0           ops/s
[190.129s][info][gc,stats    ]    Critical: Relocation Stall                              0.000 / 0.000         0.000 / 0.000         0.000 / 0.000         0.000 / 0.000       ms
[190.129s][info][gc,stats    ]      Memory: Allocation Rate                                 184 / 316             153 / 320             153 / 320             153 / 320         MB/s
[190.129s][info][gc,stats    ]      Memory: Defragment                                        0 / 0                 0 / 0                 0 / 0                 0 / 0           ops/s
[190.129s][info][gc,stats    ]      Memory: Out Of Memory                                     0 / 0                 0 / 0                 0 / 0                 0 / 0           ops/s
[190.129s][info][gc,stats    ]      Memory: Page Cache Flush                                  0 / 0                 0 / 0                 0 / 0                 0 / 0           MB/s
[190.129s][info][gc,stats    ]      Memory: Page Cache Hit L1                                84 / 145              69 / 147              69 / 147              69 / 147         ops/s
[190.129s][info][gc,stats    ]      Memory: Page Cache Hit L2                                 0 / 0                 0 / 0                 0 / 0                 0 / 0           ops/s
[190.129s][info][gc,stats    ]      Memory: Page Cache Hit L3                                 0 / 0                 0 / 26                0 / 26                0 / 26          ops/s
[190.129s][info][gc,stats    ]      Memory: Page Cache Miss                                   0 / 0                 0 / 1                 0 / 1                 0 / 1           ops/s
[190.129s][info][gc,stats    ]      Memory: Uncommit                                          0 / 0                 0 / 0                 0 / 0                 0 / 0           MB/s
[190.129s][info][gc,stats    ]      Memory: Undo Object Allocation Failed                     0 / 0                 0 / 0                 0 / 0                 0 / 0           ops/s
[190.129s][info][gc,stats    ]      Memory: Undo Object Allocation Succeeded                  0 / 0                 0 / 2                 0 / 2                 0 / 2           ops/s
[190.129s][info][gc,stats    ]      Memory: Undo Page Allocation                              0 / 0                 0 / 0                 0 / 0                 0 / 0           ops/s
[190.129s][info][gc,stats    ]       Phase: Concurrent Mark                              29.555 / 36.004       29.672 / 125.351      29.672 / 125.351      29.672 / 125.351     ms
[190.129s][info][gc,stats    ]       Phase: Concurrent Mark Continue                      0.000 / 0.000         0.000 / 0.000         0.000 / 0.000         0.000 / 0.000       ms
[190.129s][info][gc,stats    ]       Phase: Concurrent Mark Free                          0.003 / 0.003         0.003 / 0.005         0.003 / 0.005         0.003 / 0.005       ms
[190.129s][info][gc,stats    ]       Phase: Concurrent Process Non-Strong References     17.705 / 18.484       17.796 / 24.445       17.796 / 24.445       17.796 / 24.445      ms
[190.129s][info][gc,stats    ]       Phase: Concurrent Relocate                           1.011 / 1.634         1.811 / 20.770        1.811 / 20.770        1.811 / 20.770      ms
[190.129s][info][gc,stats    ]       Phase: Concurrent Reset Relocation Set               0.002 / 0.003         0.002 / 0.015         0.002 / 0.015         0.002 / 0.015       ms
[190.129s][info][gc,stats    ]       Phase: Concurrent Select Relocation Set              1.440 / 1.723         1.532 / 5.504         1.532 / 5.504         1.532 / 5.504       ms
[190.129s][info][gc,stats    ]       Phase: Pause Mark End                                0.025 / 0.025         0.026 / 0.071         0.026 / 0.071         0.026 / 0.071       ms
[190.129s][info][gc,stats    ]       Phase: Pause Mark Start                              0.009 / 0.014         0.009 / 0.020         0.009 / 0.020         0.009 / 0.020       ms
[190.129s][info][gc,stats    ]       Phase: Pause Relocate Start                          0.008 / 0.008         0.008 / 0.017         0.008 / 0.017         0.008 / 0.017       ms
[190.129s][info][gc,stats    ]    Subphase: Concurrent Classes Purge                      0.166 / 0.252         0.499 / 2.572         0.499 / 2.572         0.499 / 2.572       ms
[190.129s][info][gc,stats    ]    Subphase: Concurrent Classes Unlink                    16.257 / 16.859       15.910 / 18.633       15.910 / 18.633       15.910 / 18.633      ms
[190.129s][info][gc,stats    ]    Subphase: Concurrent Mark                              23.735 / 35.382       24.946 / 123.883      24.946 / 123.883      24.946 / 123.883     ms
[190.129s][info][gc,stats    ]    Subphase: Concurrent Mark Try Flush                     0.086 / 0.163         0.085 / 0.493         0.085 / 0.493         0.085 / 0.493       ms
[190.129s][info][gc,stats    ]    Subphase: Concurrent Mark Try Terminate                 3.667 / 17.416        3.052 / 17.416        3.052 / 17.416        3.052 / 17.416      ms
[190.129s][info][gc,stats    ]    Subphase: Concurrent References Enqueue                 0.006 / 0.007         0.005 / 0.007         0.005 / 0.007         0.005 / 0.007       ms
[190.129s][info][gc,stats    ]    Subphase: Concurrent References Process                 0.253 / 0.374         0.365 / 2.468         0.365 / 2.468         0.365 / 2.468       ms
[190.129s][info][gc,stats    ]    Subphase: Concurrent Roots ClassLoaderDataGraph         0.087 / 0.247         0.089 / 0.315         0.089 / 0.315         0.089 / 0.315       ms
[190.129s][info][gc,stats    ]    Subphase: Concurrent Roots CodeCache                    0.000 / 0.000         0.000 / 0.000         0.000 / 0.000         0.000 / 0.000       ms
[190.129s][info][gc,stats    ]    Subphase: Concurrent Roots JavaThreads                  0.199 / 0.432         0.243 / 2.311         0.243 / 2.311         0.243 / 2.311       ms
[190.129s][info][gc,stats    ]    Subphase: Concurrent Roots OopStorageSet                0.016 / 0.037         0.017 / 0.051         0.017 / 0.051         0.017 / 0.051       ms
[190.129s][info][gc,stats    ]    Subphase: Concurrent Weak Roots OopStorageSet           0.808 / 0.956         0.692 / 1.165         0.692 / 1.165         0.692 / 1.165       ms
[190.129s][info][gc,stats    ]    Subphase: Pause Mark Try Complete                       0.000 / 0.000         0.009 / 0.028         0.009 / 0.028         0.009 / 0.028       ms
[190.129s][info][gc,stats    ]      System: Java Threads                                     11 / 11               11 / 12               11 / 12               11 / 12          threads
[190.129s][info][gc,stats    ] =========================================================================================================================================================
[191.263s][info][gc,start    ] GC(94) Garbage Collection (System.gc())
[191.263s][info][gc,task     ] GC(94) Using 2 workers
[191.263s][info][gc,phases   ] GC(94) Pause Mark Start 0.008ms
[191.289s][info][gc,phases   ] GC(94) Concurrent Mark 26.364ms
[191.289s][info][gc,phases   ] GC(94) Pause Mark End 0.026ms
[191.290s][info][gc,phases   ] GC(94) Concurrent Mark Free 0.004ms
[191.308s][info][gc,phases   ] GC(94) Concurrent Process Non-Strong References 17.985ms
[191.308s][info][gc,phases   ] GC(94) Concurrent Reset Relocation Set 0.003ms
[191.309s][info][gc,phases   ] GC(94) Concurrent Select Relocation Set 1.493ms
[191.309s][info][gc,phases   ] GC(94) Pause Relocate Start 0.008ms
[191.310s][info][gc,phases   ] GC(94) Concurrent Relocate 1.232ms
[191.311s][info][gc,load     ] GC(94) Load: 0.00/0.00/0.00
[191.311s][info][gc,mmu      ] GC(94) MMU: 2ms/96.4%, 5ms/98.5%, 10ms/99.2%, 20ms/99.6%, 50ms/99.8%, 100ms/99.9%
[191.311s][info][gc,marking  ] GC(94) Mark: 2 stripe(s), 1 proactive flush(es), 1 terminate flush(es), 0 completion(s), 0 continuation(s) 
[191.311s][info][gc,marking  ] GC(94) Mark Stack Usage: 32M
[191.311s][info][gc,nmethod  ] GC(94) NMethods: 14054 registered, 7392 unregistered
[191.311s][info][gc,metaspace] GC(94) Metaspace: 60M used, 61M committed, 1088M reserved
[191.311s][info][gc,ref      ] GC(94) Soft: 617 encountered, 0 discovered, 0 enqueued
[191.311s][info][gc,ref      ] GC(94) Weak: 6143 encountered, 59 discovered, 26 enqueued
[191.311s][info][gc,ref      ] GC(94) Final: 0 encountered, 0 discovered, 0 enqueued
[191.311s][info][gc,ref      ] GC(94) Phantom: 79 encountered, 39 discovered, 0 enqueued
[191.311s][info][gc,reloc    ] GC(94) Small Pages: 158 / 316M, Empty: 242M, Relocated: 1M, In-Place: 0
[191.311s][info][gc,reloc    ] GC(94) Medium Pages: 2 / 64M, Empty: 32M, Relocated: 0M, In-Place: 0
[191.311s][info][gc,reloc    ] GC(94) Large Pages: 0 / 0M, Empty: 0M, Relocated: 0M, In-Place: 0
[191.311s][info][gc,reloc    ] GC(94) Forwarding Usage: 0M
[191.311s][info][gc,heap     ] GC(94) Min Capacity: 1024M(100%)
[191.311s][info][gc,heap     ] GC(94) Max Capacity: 1024M(100%)
[191.311s][info][gc,heap     ] GC(94) Soft Max Capacity: 1024M(100%)
[191.311s][info][gc,heap     ] GC(94)                Mark Start          Mark End        Relocate Start      Relocate End           High               Low         
[191.311s][info][gc,heap     ] GC(94)  Capacity:     1024M (100%)       1024M (100%)       1024M (100%)       1024M (100%)       1024M (100%)       1024M (100%)   
[191.311s][info][gc,heap     ] GC(94)      Free:      644M (63%)         644M (63%)         918M (90%)         960M (94%)         960M (94%)         644M (63%)    
[191.311s][info][gc,heap     ] GC(94)      Used:      380M (37%)         380M (37%)         106M (10%)          64M (6%)          380M (37%)          64M (6%)     
[191.311s][info][gc,heap     ] GC(94)      Live:         -                28M (3%)           28M (3%)           28M (3%)             -                  -          
[191.311s][info][gc,heap     ] GC(94) Allocated:         -                 0M (0%)            0M (0%)            0M (0%)             -                  -          
[191.311s][info][gc,heap     ] GC(94)   Garbage:         -               351M (34%)          77M (8%)           35M (3%)             -                  -          
[191.311s][info][gc,heap     ] GC(94) Reclaimed:         -                  -               274M (27%)         316M (31%)            -                  -          
[191.311s][info][gc          ] GC(94) Garbage Collection (System.gc()) 380M(37%)->64M(6%)
[193.091s][info][gc,start    ] GC(95) Garbage Collection (System.gc())
[193.091s][info][gc,task     ] GC(95) Using 2 workers
[193.091s][info][gc,phases   ] GC(95) Pause Mark Start 0.008ms
[193.126s][info][gc,phases   ] GC(95) Concurrent Mark 35.374ms
[193.126s][info][gc,phases   ] GC(95) Pause Mark End 0.026ms
[193.126s][info][gc,phases   ] GC(95) Concurrent Mark Free 0.003ms
[193.144s][info][gc,phases   ] GC(95) Concurrent Process Non-Strong References 17.725ms
[193.144s][info][gc,phases   ] GC(95) Concurrent Reset Relocation Set 0.002ms
[193.146s][info][gc,phases   ] GC(95) Concurrent Select Relocation Set 1.328ms
[193.146s][info][gc,phases   ] GC(95) Pause Relocate Start 0.007ms
[193.147s][info][gc,phases   ] GC(95) Concurrent Relocate 1.212ms
[193.147s][info][gc,load     ] GC(95) Load: 0.00/0.00/0.00
[193.147s][info][gc,mmu      ] GC(95) MMU: 2ms/96.4%, 5ms/98.5%, 10ms/99.2%, 20ms/99.6%, 50ms/99.8%, 100ms/99.9%
[193.147s][info][gc,marking  ] GC(95) Mark: 2 stripe(s), 1 proactive flush(es), 1 terminate flush(es), 0 completion(s), 0 continuation(s) 
[193.147s][info][gc,marking  ] GC(95) Mark Stack Usage: 32M
[193.147s][info][gc,nmethod  ] GC(95) NMethods: 14058 registered, 7403 unregistered
[193.147s][info][gc,metaspace] GC(95) Metaspace: 60M used, 61M committed, 1088M reserved
[193.147s][info][gc,ref      ] GC(95) Soft: 617 encountered, 0 discovered, 0 enqueued
[193.147s][info][gc,ref      ] GC(95) Weak: 6218 encountered, 86 discovered, 71 enqueued
[193.147s][info][gc,ref      ] GC(95) Final: 0 encountered, 0 discovered, 0 enqueued
[193.147s][info][gc,ref      ] GC(95) Phantom: 79 encountered, 44 discovered, 0 enqueued
[193.147s][info][gc,reloc    ] GC(95) Small Pages: 159 / 318M, Empty: 244M, Relocated: 1M, In-Place: 0
[193.147s][info][gc,reloc    ] GC(95) Medium Pages: 2 / 64M, Empty: 32M, Relocated: 0M, In-Place: 0
[193.147s][info][gc,reloc    ] GC(95) Large Pages: 0 / 0M, Empty: 0M, Relocated: 0M, In-Place: 0
[193.147s][info][gc,reloc    ] GC(95) Forwarding Usage: 0M
[193.147s][info][gc,heap     ] GC(95) Min Capacity: 1024M(100%)
[193.147s][info][gc,heap     ] GC(95) Max Capacity: 1024M(100%)
[193.147s][info][gc,heap     ] GC(95) Soft Max Capacity: 1024M(100%)
[193.147s][info][gc,heap     ] GC(95)                Mark Start          Mark End        Relocate Start      Relocate End           High               Low         
[193.147s][info][gc,heap     ] GC(95)  Capacity:     1024M (100%)       1024M (100%)       1024M (100%)       1024M (100%)       1024M (100%)       1024M (100%)   
[193.147s][info][gc,heap     ] GC(95)      Free:      642M (63%)         642M (63%)         918M (90%)         960M (94%)         960M (94%)         642M (63%)    
[193.147s][info][gc,heap     ] GC(95)      Used:      382M (37%)         382M (37%)         106M (10%)          64M (6%)          382M (37%)          64M (6%)     
[193.147s][info][gc,heap     ] GC(95)      Live:         -                28M (3%)           28M (3%)           28M (3%)             -                  -          
[193.147s][info][gc,heap     ] GC(95) Allocated:         -                 0M (0%)            0M (0%)            0M (0%)             -                  -          
[193.147s][info][gc,heap     ] GC(95)   Garbage:         -               353M (34%)          77M (8%)           35M (3%)             -                  -          
[193.147s][info][gc,heap     ] GC(95) Reclaimed:         -                  -               276M (27%)         318M (31%)            -                  -          
[193.147s][info][gc          ] GC(95) Garbage Collection (System.gc()) 382M(37%)->64M(6%)
[194.901s][info][gc,start    ] GC(96) Garbage Collection (System.gc())
[194.901s][info][gc,task     ] GC(96) Using 2 workers
[194.901s][info][gc,phases   ] GC(96) Pause Mark Start 0.011ms
[194.932s][info][gc,phases   ] GC(96) Concurrent Mark 31.531ms
[194.933s][info][gc,phases   ] GC(96) Pause Mark End 0.028ms
[194.933s][info][gc,phases   ] GC(96) Concurrent Mark Free 0.003ms
[194.950s][info][gc,phases   ] GC(96) Concurrent Process Non-Strong References 17.310ms
[194.950s][info][gc,phases   ] GC(96) Concurrent Reset Relocation Set 0.003ms
[194.951s][info][gc,phases   ] GC(96) Concurrent Select Relocation Set 1.279ms
[194.952s][info][gc,phases   ] GC(96) Pause Relocate Start 0.012ms
[194.953s][info][gc,phases   ] GC(96) Concurrent Relocate 1.275ms
[194.953s][info][gc,load     ] GC(96) Load: 0.00/0.00/0.00
[194.953s][info][gc,mmu      ] GC(96) MMU: 2ms/96.4%, 5ms/98.5%, 10ms/99.2%, 20ms/99.6%, 50ms/99.8%, 100ms/99.9%
[194.953s][info][gc,marking  ] GC(96) Mark: 2 stripe(s), 4 proactive flush(es), 1 terminate flush(es), 0 completion(s), 0 continuation(s) 
[194.953s][info][gc,marking  ] GC(96) Mark Stack Usage: 32M
[194.953s][info][gc,nmethod  ] GC(96) NMethods: 14061 registered, 7414 unregistered
[194.953s][info][gc,metaspace] GC(96) Metaspace: 60M used, 61M committed, 1088M reserved
[194.953s][info][gc,ref      ] GC(96) Soft: 617 encountered, 0 discovered, 0 enqueued
[194.953s][info][gc,ref      ] GC(96) Weak: 6143 encountered, 1161 discovered, 26 enqueued
[194.953s][info][gc,ref      ] GC(96) Final: 0 encountered, 0 discovered, 0 enqueued
[194.953s][info][gc,ref      ] GC(96) Phantom: 79 encountered, 51 discovered, 0 enqueued
[194.953s][info][gc,reloc    ] GC(96) Small Pages: 160 / 320M, Empty: 250M, Relocated: 1M, In-Place: 0
[194.953s][info][gc,reloc    ] GC(96) Medium Pages: 2 / 64M, Empty: 32M, Relocated: 0M, In-Place: 0
[194.953s][info][gc,reloc    ] GC(96) Large Pages: 0 / 0M, Empty: 0M, Relocated: 0M, In-Place: 0
[194.953s][info][gc,reloc    ] GC(96) Forwarding Usage: 0M
[194.953s][info][gc,heap     ] GC(96) Min Capacity: 1024M(100%)
[194.953s][info][gc,heap     ] GC(96) Max Capacity: 1024M(100%)
[194.953s][info][gc,heap     ] GC(96) Soft Max Capacity: 1024M(100%)
[194.953s][info][gc,heap     ] GC(96)                Mark Start          Mark End        Relocate Start      Relocate End           High               Low         
[194.953s][info][gc,heap     ] GC(96)  Capacity:     1024M (100%)       1024M (100%)       1024M (100%)       1024M (100%)       1024M (100%)       1024M (100%)   
[194.953s][info][gc,heap     ] GC(96)      Free:      640M (62%)         640M (62%)         922M (90%)         960M (94%)         960M (94%)         640M (62%)    
[194.953s][info][gc,heap     ] GC(96)      Used:      384M (38%)         384M (38%)         102M (10%)          64M (6%)          384M (38%)          64M (6%)     
[194.953s][info][gc,heap     ] GC(96)      Live:         -                28M (3%)           28M (3%)           28M (3%)             -                  -          
[194.953s][info][gc,heap     ] GC(96) Allocated:         -                 0M (0%)            0M (0%)            0M (0%)             -                  -          
[194.953s][info][gc,heap     ] GC(96)   Garbage:         -               355M (35%)          73M (7%)           35M (3%)             -                  -          
[194.953s][info][gc,heap     ] GC(96) Reclaimed:         -                  -               282M (28%)         320M (31%)            -                  -          
[194.953s][info][gc          ] GC(96) Garbage Collection (System.gc()) 384M(38%)->64M(6%)
[196.715s][info][gc,start    ] GC(97) Garbage Collection (System.gc())
[196.715s][info][gc,task     ] GC(97) Using 2 workers
[196.715s][info][gc,phases   ] GC(97) Pause Mark Start 0.008ms
[196.738s][info][gc,phases   ] GC(97) Concurrent Mark 22.556ms
[196.738s][info][gc,phases   ] GC(97) Pause Mark End 0.028ms
[196.738s][info][gc,phases   ] GC(97) Concurrent Mark Free 0.003ms
[196.755s][info][gc,phases   ] GC(97) Concurrent Process Non-Strong References 16.976ms
[196.755s][info][gc,phases   ] GC(97) Concurrent Reset Relocation Set 0.001ms
[196.757s][info][gc,phases   ] GC(97) Concurrent Select Relocation Set 1.192ms
[196.757s][info][gc,phases   ] GC(97) Pause Relocate Start 0.007ms
[196.758s][info][gc,phases   ] GC(97) Concurrent Relocate 1.363ms
[196.758s][info][gc,load     ] GC(97) Load: 0.00/0.00/0.00
[196.758s][info][gc,mmu      ] GC(97) MMU: 2ms/96.4%, 5ms/98.5%, 10ms/99.2%, 20ms/99.6%, 50ms/99.8%, 100ms/99.9%
[196.758s][info][gc,marking  ] GC(97) Mark: 2 stripe(s), 2 proactive flush(es), 1 terminate flush(es), 0 completion(s), 0 continuation(s) 
[196.758s][info][gc,marking  ] GC(97) Mark Stack Usage: 32M
[196.758s][info][gc,nmethod  ] GC(97) NMethods: 14064 registered, 7425 unregistered
[196.758s][info][gc,metaspace] GC(97) Metaspace: 60M used, 61M committed, 1088M reserved
[196.758s][info][gc,ref      ] GC(97) Soft: 617 encountered, 0 discovered, 0 enqueued
[196.758s][info][gc,ref      ] GC(97) Weak: 6218 encountered, 88 discovered, 71 enqueued
[196.758s][info][gc,ref      ] GC(97) Final: 0 encountered, 0 discovered, 0 enqueued
[196.758s][info][gc,ref      ] GC(97) Phantom: 79 encountered, 53 discovered, 0 enqueued
[196.758s][info][gc,reloc    ] GC(97) Small Pages: 158 / 316M, Empty: 244M, Relocated: 1M, In-Place: 0
[196.758s][info][gc,reloc    ] GC(97) Medium Pages: 2 / 64M, Empty: 32M, Relocated: 0M, In-Place: 0
[196.758s][info][gc,reloc    ] GC(97) Large Pages: 0 / 0M, Empty: 0M, Relocated: 0M, In-Place: 0
[196.758s][info][gc,reloc    ] GC(97) Forwarding Usage: 0M
[196.758s][info][gc,heap     ] GC(97) Min Capacity: 1024M(100%)
[196.758s][info][gc,heap     ] GC(97) Max Capacity: 1024M(100%)
[196.758s][info][gc,heap     ] GC(97) Soft Max Capacity: 1024M(100%)
[196.758s][info][gc,heap     ] GC(97)                Mark Start          Mark End        Relocate Start      Relocate End           High               Low         
[196.758s][info][gc,heap     ] GC(97)  Capacity:     1024M (100%)       1024M (100%)       1024M (100%)       1024M (100%)       1024M (100%)       1024M (100%)   
[196.758s][info][gc,heap     ] GC(97)      Free:      644M (63%)         644M (63%)         920M (90%)         960M (94%)         960M (94%)         644M (63%)    
[196.758s][info][gc,heap     ] GC(97)      Used:      380M (37%)         380M (37%)         104M (10%)          64M (6%)          380M (37%)          64M (6%)     
[196.758s][info][gc,heap     ] GC(97)      Live:         -                28M (3%)           28M (3%)           28M (3%)             -                  -          
[196.758s][info][gc,heap     ] GC(97) Allocated:         -                 0M (0%)            0M (0%)            0M (0%)             -                  -          
[196.758s][info][gc,heap     ] GC(97)   Garbage:         -               351M (34%)          75M (7%)           35M (3%)             -                  -          
[196.758s][info][gc,heap     ] GC(97) Reclaimed:         -                  -               276M (27%)         316M (31%)            -                  -          
[196.758s][info][gc          ] GC(97) Garbage Collection (System.gc()) 380M(37%)->64M(6%)
[198.517s][info][gc,start    ] GC(98) Garbage Collection (System.gc())
[198.517s][info][gc,task     ] GC(98) Using 2 workers
[198.517s][info][gc,phases   ] GC(98) Pause Mark Start 0.009ms
[198.545s][info][gc,phases   ] GC(98) Concurrent Mark 27.845ms
[198.545s][info][gc,phases   ] GC(98) Pause Mark End 0.027ms
[198.545s][info][gc,phases   ] GC(98) Concurrent Mark Free 0.003ms
[198.562s][info][gc,phases   ] GC(98) Concurrent Process Non-Strong References 16.934ms
[198.562s][info][gc,phases   ] GC(98) Concurrent Reset Relocation Set 0.001ms
[198.564s][info][gc,phases   ] GC(98) Concurrent Select Relocation Set 1.764ms
[198.564s][info][gc,phases   ] GC(98) Pause Relocate Start 0.008ms
[198.565s][info][gc,phases   ] GC(98) Concurrent Relocate 1.382ms
[198.565s][info][gc,load     ] GC(98) Load: 0.00/0.00/0.00
[198.565s][info][gc,mmu      ] GC(98) MMU: 2ms/96.4%, 5ms/98.5%, 10ms/99.2%, 20ms/99.6%, 50ms/99.8%, 100ms/99.9%
[198.565s][info][gc,marking  ] GC(98) Mark: 2 stripe(s), 1 proactive flush(es), 1 terminate flush(es), 0 completion(s), 0 continuation(s) 
[198.566s][info][gc,marking  ] GC(98) Mark Stack Usage: 32M
[198.566s][info][gc,nmethod  ] GC(98) NMethods: 14064 registered, 7435 unregistered
[198.566s][info][gc,metaspace] GC(98) Metaspace: 60M used, 61M committed, 1088M reserved
[198.566s][info][gc,ref      ] GC(98) Soft: 617 encountered, 0 discovered, 0 enqueued
[198.566s][info][gc,ref      ] GC(98) Weak: 6143 encountered, 43 discovered, 26 enqueued
[198.566s][info][gc,ref      ] GC(98) Final: 0 encountered, 0 discovered, 0 enqueued
[198.566s][info][gc,ref      ] GC(98) Phantom: 79 encountered, 53 discovered, 0 enqueued
[198.566s][info][gc,reloc    ] GC(98) Small Pages: 158 / 316M, Empty: 250M, Relocated: 1M, In-Place: 0
[198.566s][info][gc,reloc    ] GC(98) Medium Pages: 2 / 64M, Empty: 32M, Relocated: 0M, In-Place: 0
[198.566s][info][gc,reloc    ] GC(98) Large Pages: 0 / 0M, Empty: 0M, Relocated: 0M, In-Place: 0
[198.566s][info][gc,reloc    ] GC(98) Forwarding Usage: 0M
[198.566s][info][gc,heap     ] GC(98) Min Capacity: 1024M(100%)
[198.566s][info][gc,heap     ] GC(98) Max Capacity: 1024M(100%)
[198.566s][info][gc,heap     ] GC(98) Soft Max Capacity: 1024M(100%)
[198.566s][info][gc,heap     ] GC(98)                Mark Start          Mark End        Relocate Start      Relocate End           High               Low         
[198.566s][info][gc,heap     ] GC(98)  Capacity:     1024M (100%)       1024M (100%)       1024M (100%)       1024M (100%)       1024M (100%)       1024M (100%)   
[198.566s][info][gc,heap     ] GC(98)      Free:      644M (63%)         644M (63%)         926M (90%)         960M (94%)         960M (94%)         644M (63%)    
[198.566s][info][gc,heap     ] GC(98)      Used:      380M (37%)         380M (37%)          98M (10%)          64M (6%)          380M (37%)          64M (6%)     
[198.566s][info][gc,heap     ] GC(98)      Live:         -                28M (3%)           28M (3%)           28M (3%)             -                  -          
[198.566s][info][gc,heap     ] GC(98) Allocated:         -                 0M (0%)            0M (0%)            0M (0%)             -                  -          
[198.566s][info][gc,heap     ] GC(98)   Garbage:         -               351M (34%)          69M (7%)           35M (3%)             -                  -          
[198.566s][info][gc,heap     ] GC(98) Reclaimed:         -                  -               282M (28%)         316M (31%)            -                  -          
[198.566s][info][gc          ] GC(98) Garbage Collection (System.gc()) 380M(37%)->64M(6%)
[200.131s][info][gc,stats    ] === Garbage Collection Statistics =======================================================================================================================
[200.131s][info][gc,stats    ]                                                              Last 10s              Last 10m              Last 10h                Total
[200.131s][info][gc,stats    ]                                                              Avg / Max             Avg / Max             Avg / Max             Avg / Max
[200.131s][info][gc,stats    ]   Collector: Garbage Collection Cycle                     49.671 / 56.469       51.817 / 178.833      51.817 / 178.833      51.817 / 178.833     ms
[200.131s][info][gc,stats    ]  Contention: Mark Segment Reset Contention                     0 / 0                 0 / 2                 0 / 2                 0 / 2           ops/s
[200.131s][info][gc,stats    ]  Contention: Mark SeqNum Reset Contention                      0 / 0                 0 / 1                 0 / 1                 0 / 1           ops/s
[200.131s][info][gc,stats    ]    Critical: Allocation Stall                                  0 / 0                 0 / 0                 0 / 0                 0 / 0           ops/s
[200.131s][info][gc,stats    ]    Critical: Allocation Stall                              0.000 / 0.000         0.000 / 0.000         0.000 / 0.000         0.000 / 0.000       ms
[200.131s][info][gc,stats    ]    Critical: GC Locker Stall                                   0 / 0                 0 / 0                 0 / 0                 0 / 0           ops/s
[200.131s][info][gc,stats    ]    Critical: GC Locker Stall                               0.000 / 0.000         0.000 / 0.000         0.000 / 0.000         0.000 / 0.000       ms
[200.131s][info][gc,stats    ]    Critical: Relocation Stall                                  0 / 0                 0 / 0                 0 / 0                 0 / 0           ops/s
[200.131s][info][gc,stats    ]    Critical: Relocation Stall                              0.000 / 0.000         0.000 / 0.000         0.000 / 0.000         0.000 / 0.000       ms
[200.131s][info][gc,stats    ]      Memory: Allocation Rate                                 164 / 318             153 / 320             153 / 320             153 / 320         MB/s
[200.131s][info][gc,stats    ]      Memory: Defragment                                        0 / 0                 0 / 0                 0 / 0                 0 / 0           ops/s
[200.131s][info][gc,stats    ]      Memory: Out Of Memory                                     0 / 0                 0 / 0                 0 / 0                 0 / 0           ops/s
[200.131s][info][gc,stats    ]      Memory: Page Cache Flush                                  0 / 0                 0 / 0                 0 / 0                 0 / 0           MB/s
[200.131s][info][gc,stats    ]      Memory: Page Cache Hit L1                                75 / 146              69 / 147              69 / 147              69 / 147         ops/s
[200.131s][info][gc,stats    ]      Memory: Page Cache Hit L2                                 0 / 0                 0 / 0                 0 / 0                 0 / 0           ops/s
[200.131s][info][gc,stats    ]      Memory: Page Cache Hit L3                                 0 / 0                 0 / 26                0 / 26                0 / 26          ops/s
[200.131s][info][gc,stats    ]      Memory: Page Cache Miss                                   0 / 0                 0 / 1                 0 / 1                 0 / 1           ops/s
[200.131s][info][gc,stats    ]      Memory: Uncommit                                          0 / 0                 0 / 0                 0 / 0                 0 / 0           MB/s
[200.131s][info][gc,stats    ]      Memory: Undo Object Allocation Failed                     0 / 0                 0 / 0                 0 / 0                 0 / 0           ops/s
[200.131s][info][gc,stats    ]      Memory: Undo Object Allocation Succeeded                  0 / 0                 0 / 2                 0 / 2                 0 / 2           ops/s
[200.131s][info][gc,stats    ]      Memory: Undo Page Allocation                              0 / 0                 0 / 0                 0 / 0                 0 / 0           ops/s
[200.131s][info][gc,stats    ]       Phase: Concurrent Mark                              28.734 / 35.374       29.625 / 125.351      29.625 / 125.351      29.625 / 125.351     ms
[200.131s][info][gc,stats    ]       Phase: Concurrent Mark Continue                      0.000 / 0.000         0.000 / 0.000         0.000 / 0.000         0.000 / 0.000       ms
[200.131s][info][gc,stats    ]       Phase: Concurrent Mark Free                          0.003 / 0.004         0.003 / 0.005         0.003 / 0.005         0.003 / 0.005       ms
[200.131s][info][gc,stats    ]       Phase: Concurrent Process Non-Strong References     17.386 / 17.985       17.776 / 24.445       17.776 / 24.445       17.776 / 24.445      ms
[200.131s][info][gc,stats    ]       Phase: Concurrent Relocate                           1.293 / 1.382         1.785 / 20.770        1.785 / 20.770        1.785 / 20.770      ms
[200.131s][info][gc,stats    ]       Phase: Concurrent Reset Relocation Set               0.002 / 0.003         0.002 / 0.015         0.002 / 0.015         0.002 / 0.015       ms
[200.131s][info][gc,stats    ]       Phase: Concurrent Select Relocation Set              1.411 / 1.764         1.526 / 5.504         1.526 / 5.504         1.526 / 5.504       ms
[200.131s][info][gc,stats    ]       Phase: Pause Mark End                                0.027 / 0.028         0.026 / 0.071         0.026 / 0.071         0.026 / 0.071       ms
[200.131s][info][gc,stats    ]       Phase: Pause Mark Start                              0.009 / 0.011         0.009 / 0.020         0.009 / 0.020         0.009 / 0.020       ms
[200.131s][info][gc,stats    ]       Phase: Pause Relocate Start                          0.008 / 0.012         0.008 / 0.017         0.008 / 0.017         0.008 / 0.017       ms
[200.131s][info][gc,stats    ]    Subphase: Concurrent Classes Purge                      0.149 / 0.222         0.481 / 2.572         0.481 / 2.572         0.481 / 2.572       ms
[200.132s][info][gc,stats    ]    Subphase: Concurrent Classes Unlink                    16.183 / 16.872       15.924 / 18.633       15.924 / 18.633       15.924 / 18.633      ms
[200.132s][info][gc,stats    ]    Subphase: Concurrent Mark                              23.307 / 35.021       24.863 / 123.883      24.863 / 123.883      24.863 / 123.883     ms
[200.132s][info][gc,stats    ]    Subphase: Concurrent Mark Try Flush                     0.100 / 0.281         0.086 / 0.493         0.086 / 0.493         0.086 / 0.493       ms
[200.132s][info][gc,stats    ]    Subphase: Concurrent Mark Try Terminate                 3.385 / 16.706        3.069 / 17.416        3.069 / 17.416        3.069 / 17.416      ms
[200.132s][info][gc,stats    ]    Subphase: Concurrent References Enqueue                 0.004 / 0.006         0.005 / 0.007         0.005 / 0.007         0.005 / 0.007       ms
[200.132s][info][gc,stats    ]    Subphase: Concurrent References Process                 0.149 / 0.231         0.354 / 2.468         0.354 / 2.468         0.354 / 2.468       ms
[200.132s][info][gc,stats    ]    Subphase: Concurrent Roots ClassLoaderDataGraph         0.072 / 0.143         0.088 / 0.315         0.088 / 0.315         0.088 / 0.315       ms
[200.132s][info][gc,stats    ]    Subphase: Concurrent Roots CodeCache                    0.000 / 0.000         0.000 / 0.000         0.000 / 0.000         0.000 / 0.000       ms
[200.132s][info][gc,stats    ]    Subphase: Concurrent Roots JavaThreads                  0.228 / 0.421         0.243 / 2.311         0.243 / 2.311         0.243 / 2.311       ms
[200.132s][info][gc,stats    ]    Subphase: Concurrent Roots OopStorageSet                0.015 / 0.022         0.017 / 0.051         0.017 / 0.051         0.017 / 0.051       ms
[200.132s][info][gc,stats    ]    Subphase: Concurrent Weak Roots OopStorageSet           0.700 / 0.856         0.692 / 1.165         0.692 / 1.165         0.692 / 1.165       ms
[200.132s][info][gc,stats    ]    Subphase: Pause Mark Try Complete                       0.000 / 0.000         0.009 / 0.028         0.009 / 0.028         0.009 / 0.028       ms
[200.132s][info][gc,stats    ]      System: Java Threads                                     11 / 11               11 / 12               11 / 12               11 / 12          threads
[200.132s][info][gc,stats    ] =========================================================================================================================================================
[200.332s][info][gc,start    ] GC(99) Garbage Collection (System.gc())
[200.333s][info][gc,task     ] GC(99) Using 2 workers
[200.333s][info][gc,phases   ] GC(99) Pause Mark Start 0.007ms
[200.366s][info][gc,phases   ] GC(99) Concurrent Mark 33.708ms
[200.367s][info][gc,phases   ] GC(99) Pause Mark End 0.028ms
[200.367s][info][gc,phases   ] GC(99) Concurrent Mark Free 0.003ms
[200.385s][info][gc,phases   ] GC(99) Concurrent Process Non-Strong References 18.479ms
[200.385s][info][gc,phases   ] GC(99) Concurrent Reset Relocation Set 0.002ms
[200.387s][info][gc,phases   ] GC(99) Concurrent Select Relocation Set 1.437ms
[200.387s][info][gc,phases   ] GC(99) Pause Relocate Start 0.008ms
[200.388s][info][gc,phases   ] GC(99) Concurrent Relocate 1.211ms
[200.388s][info][gc,load     ] GC(99) Load: 0.00/0.00/0.00
[200.388s][info][gc,mmu      ] GC(99) MMU: 2ms/96.4%, 5ms/98.5%, 10ms/99.2%, 20ms/99.6%, 50ms/99.8%, 100ms/99.9%
[200.388s][info][gc,marking  ] GC(99) Mark: 2 stripe(s), 2 proactive flush(es), 1 terminate flush(es), 0 completion(s), 0 continuation(s) 
[200.388s][info][gc,marking  ] GC(99) Mark Stack Usage: 32M
[200.388s][info][gc,nmethod  ] GC(99) NMethods: 14067 registered, 7447 unregistered
[200.388s][info][gc,metaspace] GC(99) Metaspace: 60M used, 61M committed, 1088M reserved
[200.388s][info][gc,ref      ] GC(99) Soft: 617 encountered, 0 discovered, 0 enqueued
[200.388s][info][gc,ref      ] GC(99) Weak: 6218 encountered, 2630 discovered, 71 enqueued
[200.388s][info][gc,ref      ] GC(99) Final: 0 encountered, 0 discovered, 0 enqueued
[200.388s][info][gc,ref      ] GC(99) Phantom: 79 encountered, 49 discovered, 0 enqueued
[200.388s][info][gc,reloc    ] GC(99) Small Pages: 158 / 316M, Empty: 242M, Relocated: 1M, In-Place: 0
[200.388s][info][gc,reloc    ] GC(99) Medium Pages: 2 / 64M, Empty: 32M, Relocated: 0M, In-Place: 0
[200.388s][info][gc,reloc    ] GC(99) Large Pages: 0 / 0M, Empty: 0M, Relocated: 0M, In-Place: 0
[200.388s][info][gc,reloc    ] GC(99) Forwarding Usage: 0M
[200.388s][info][gc,heap     ] GC(99) Min Capacity: 1024M(100%)
[200.388s][info][gc,heap     ] GC(99) Max Capacity: 1024M(100%)
[200.388s][info][gc,heap     ] GC(99) Soft Max Capacity: 1024M(100%)
[200.388s][info][gc,heap     ] GC(99)                Mark Start          Mark End        Relocate Start      Relocate End           High               Low         
[200.388s][info][gc,heap     ] GC(99)  Capacity:     1024M (100%)       1024M (100%)       1024M (100%)       1024M (100%)       1024M (100%)       1024M (100%)   
[200.388s][info][gc,heap     ] GC(99)      Free:      644M (63%)         644M (63%)         918M (90%)         960M (94%)         960M (94%)         644M (63%)    
[200.388s][info][gc,heap     ] GC(99)      Used:      380M (37%)         380M (37%)         106M (10%)          64M (6%)          380M (37%)          64M (6%)     
[200.388s][info][gc,heap     ] GC(99)      Live:         -                28M (3%)           28M (3%)           28M (3%)             -                  -          
[200.388s][info][gc,heap     ] GC(99) Allocated:         -                 0M (0%)            0M (0%)            0M (0%)             -                  -          
[200.388s][info][gc,heap     ] GC(99)   Garbage:         -               351M (34%)          77M (8%)           35M (3%)             -                  -          
[200.388s][info][gc,heap     ] GC(99) Reclaimed:         -                  -               274M (27%)         316M (31%)            -                  -          
[200.388s][info][gc          ] GC(99) Garbage Collection (System.gc()) 380M(37%)->64M(6%)
[202.150s][info][gc,start    ] GC(100) Garbage Collection (System.gc())
[202.150s][info][gc,task     ] GC(100) Using 2 workers
[202.150s][info][gc,phases   ] GC(100) Pause Mark Start 0.010ms
[202.171s][info][gc,phases   ] GC(100) Concurrent Mark 20.611ms
[202.171s][info][gc,phases   ] GC(100) Pause Mark End 0.012ms
[202.171s][info][gc,phases   ] GC(100) Concurrent Mark Free 0.001ms
[202.187s][info][gc,phases   ] GC(100) Concurrent Process Non-Strong References 16.757ms
[202.187s][info][gc,phases   ] GC(100) Concurrent Reset Relocation Set 0.003ms
[202.189s][info][gc,phases   ] GC(100) Concurrent Select Relocation Set 1.605ms
[202.189s][info][gc,phases   ] GC(100) Pause Relocate Start 0.010ms
[202.191s][info][gc,phases   ] GC(100) Concurrent Relocate 1.744ms
[202.191s][info][gc,load     ] GC(100) Load: 0.00/0.00/0.00
[202.191s][info][gc,mmu      ] GC(100) MMU: 2ms/96.4%, 5ms/98.5%, 10ms/99.2%, 20ms/99.6%, 50ms/99.8%, 100ms/99.9%
[202.191s][info][gc,marking  ] GC(100) Mark: 2 stripe(s), 1 proactive flush(es), 1 terminate flush(es), 0 completion(s), 0 continuation(s) 
[202.191s][info][gc,marking  ] GC(100) Mark Stack Usage: 32M
[202.191s][info][gc,nmethod  ] GC(100) NMethods: 14128 registered, 7455 unregistered
[202.191s][info][gc,metaspace] GC(100) Metaspace: 60M used, 61M committed, 1088M reserved
[202.191s][info][gc,ref      ] GC(100) Soft: 617 encountered, 0 discovered, 0 enqueued
[202.191s][info][gc,ref      ] GC(100) Weak: 6143 encountered, 5461 discovered, 26 enqueued
[202.191s][info][gc,ref      ] GC(100) Final: 0 encountered, 0 discovered, 0 enqueued
[202.191s][info][gc,ref      ] GC(100) Phantom: 79 encountered, 52 discovered, 0 enqueued
[202.191s][info][gc,reloc    ] GC(100) Small Pages: 159 / 318M, Empty: 248M, Relocated: 1M, In-Place: 0
[202.191s][info][gc,reloc    ] GC(100) Medium Pages: 2 / 64M, Empty: 32M, Relocated: 0M, In-Place: 0
[202.191s][info][gc,reloc    ] GC(100) Large Pages: 0 / 0M, Empty: 0M, Relocated: 0M, In-Place: 0
[202.191s][info][gc,reloc    ] GC(100) Forwarding Usage: 0M
[202.191s][info][gc,heap     ] GC(100) Min Capacity: 1024M(100%)
[202.191s][info][gc,heap     ] GC(100) Max Capacity: 1024M(100%)
[202.191s][info][gc,heap     ] GC(100) Soft Max Capacity: 1024M(100%)
[202.191s][info][gc,heap     ] GC(100)                Mark Start          Mark End        Relocate Start      Relocate End           High               Low         
[202.191s][info][gc,heap     ] GC(100)  Capacity:     1024M (100%)       1024M (100%)       1024M (100%)       1024M (100%)       1024M (100%)       1024M (100%)   
[202.191s][info][gc,heap     ] GC(100)      Free:      642M (63%)         642M (63%)         922M (90%)         960M (94%)         960M (94%)         642M (63%)    
[202.191s][info][gc,heap     ] GC(100)      Used:      382M (37%)         382M (37%)         102M (10%)          64M (6%)          382M (37%)          64M (6%)     
[202.191s][info][gc,heap     ] GC(100)      Live:         -                28M (3%)           28M (3%)           28M (3%)             -                  -          
[202.191s][info][gc,heap     ] GC(100) Allocated:         -                 0M (0%)            0M (0%)            0M (0%)             -                  -          
[202.191s][info][gc,heap     ] GC(100)   Garbage:         -               353M (34%)          73M (7%)           35M (3%)             -                  -          
[202.191s][info][gc,heap     ] GC(100) Reclaimed:         -                  -               280M (27%)         318M (31%)            -                  -          
[202.191s][info][gc          ] GC(100) Garbage Collection (System.gc()) 382M(37%)->64M(6%)
[203.943s][info][gc,start    ] GC(101) Garbage Collection (System.gc())
[203.943s][info][gc,task     ] GC(101) Using 2 workers
[203.943s][info][gc,phases   ] GC(101) Pause Mark Start 0.011ms
[203.976s][info][gc,phases   ] GC(101) Concurrent Mark 33.004ms
[203.976s][info][gc,phases   ] GC(101) Pause Mark End 0.025ms
[203.977s][info][gc,phases   ] GC(101) Concurrent Mark Free 0.003ms
[203.995s][info][gc,phases   ] GC(101) Concurrent Process Non-Strong References 18.265ms
[203.995s][info][gc,phases   ] GC(101) Concurrent Reset Relocation Set 0.002ms
[203.997s][info][gc,phases   ] GC(101) Concurrent Select Relocation Set 1.414ms
[203.997s][info][gc,phases   ] GC(101) Pause Relocate Start 0.007ms
[203.998s][info][gc,phases   ] GC(101) Concurrent Relocate 1.282ms
[203.998s][info][gc,load     ] GC(101) Load: 0.00/0.00/0.00
[203.998s][info][gc,mmu      ] GC(101) MMU: 2ms/96.4%, 5ms/98.5%, 10ms/99.2%, 20ms/99.6%, 50ms/99.8%, 100ms/99.9%
[203.998s][info][gc,marking  ] GC(101) Mark: 2 stripe(s), 1 proactive flush(es), 1 terminate flush(es), 0 completion(s), 0 continuation(s) 
[203.998s][info][gc,marking  ] GC(101) Mark Stack Usage: 32M
[203.998s][info][gc,nmethod  ] GC(101) NMethods: 14131 registered, 7463 unregistered
[203.998s][info][gc,metaspace] GC(101) Metaspace: 60M used, 61M committed, 1088M reserved
[203.998s][info][gc,ref      ] GC(101) Soft: 617 encountered, 0 discovered, 0 enqueued
[203.998s][info][gc,ref      ] GC(101) Weak: 6218 encountered, 2476 discovered, 71 enqueued
[203.998s][info][gc,ref      ] GC(101) Final: 0 encountered, 0 discovered, 0 enqueued
[203.998s][info][gc,ref      ] GC(101) Phantom: 79 encountered, 49 discovered, 0 enqueued
[203.998s][info][gc,reloc    ] GC(101) Small Pages: 159 / 318M, Empty: 248M, Relocated: 1M, In-Place: 0
[203.998s][info][gc,reloc    ] GC(101) Medium Pages: 2 / 64M, Empty: 32M, Relocated: 0M, In-Place: 0
[203.998s][info][gc,reloc    ] GC(101) Large Pages: 0 / 0M, Empty: 0M, Relocated: 0M, In-Place: 0
[203.998s][info][gc,reloc    ] GC(101) Forwarding Usage: 0M
[203.998s][info][gc,heap     ] GC(101) Min Capacity: 1024M(100%)
[203.998s][info][gc,heap     ] GC(101) Max Capacity: 1024M(100%)
[203.998s][info][gc,heap     ] GC(101) Soft Max Capacity: 1024M(100%)
[203.998s][info][gc,heap     ] GC(101)                Mark Start          Mark End        Relocate Start      Relocate End           High               Low         
[203.998s][info][gc,heap     ] GC(101)  Capacity:     1024M (100%)       1024M (100%)       1024M (100%)       1024M (100%)       1024M (100%)       1024M (100%)   
[203.998s][info][gc,heap     ] GC(101)      Free:      642M (63%)         642M (63%)         922M (90%)         960M (94%)         960M (94%)         642M (63%)    
[203.998s][info][gc,heap     ] GC(101)      Used:      382M (37%)         382M (37%)         102M (10%)          64M (6%)          382M (37%)          64M (6%)     
[203.998s][info][gc,heap     ] GC(101)      Live:         -                28M (3%)           28M (3%)           28M (3%)             -                  -          
[203.998s][info][gc,heap     ] GC(101) Allocated:         -                 0M (0%)            0M (0%)            0M (0%)             -                  -          
[203.998s][info][gc,heap     ] GC(101)   Garbage:         -               353M (34%)          73M (7%)           35M (3%)             -                  -          
[203.998s][info][gc,heap     ] GC(101) Reclaimed:         -                  -               280M (27%)         318M (31%)            -                  -          
[203.998s][info][gc          ] GC(101) Garbage Collection (System.gc()) 382M(37%)->64M(6%)
[205.734s][info][gc,start    ] GC(102) Garbage Collection (System.gc())
[205.734s][info][gc,task     ] GC(102) Using 2 workers
[205.734s][info][gc,phases   ] GC(102) Pause Mark Start 0.008ms
[205.765s][info][gc,phases   ] GC(102) Concurrent Mark 31.504ms
[205.766s][info][gc,phases   ] GC(102) Pause Mark End 0.026ms
[205.766s][info][gc,phases   ] GC(102) Concurrent Mark Free 0.003ms
[205.783s][info][gc,phases   ] GC(102) Concurrent Process Non-Strong References 16.885ms
[205.783s][info][gc,phases   ] GC(102) Concurrent Reset Relocation Set 0.002ms
[205.784s][info][gc,phases   ] GC(102) Concurrent Select Relocation Set 1.480ms
[205.784s][info][gc,phases   ] GC(102) Pause Relocate Start 0.007ms
[205.786s][info][gc,phases   ] GC(102) Concurrent Relocate 1.338ms
[205.786s][info][gc,load     ] GC(102) Load: 0.00/0.00/0.00
[205.786s][info][gc,mmu      ] GC(102) MMU: 2ms/96.4%, 5ms/98.5%, 10ms/99.2%, 20ms/99.6%, 50ms/99.8%, 100ms/99.9%
[205.786s][info][gc,marking  ] GC(102) Mark: 2 stripe(s), 1 proactive flush(es), 1 terminate flush(es), 0 completion(s), 0 continuation(s) 
[205.786s][info][gc,marking  ] GC(102) Mark Stack Usage: 32M
[205.786s][info][gc,nmethod  ] GC(102) NMethods: 14136 registered, 7474 unregistered
[205.786s][info][gc,metaspace] GC(102) Metaspace: 60M used, 61M committed, 1088M reserved
[205.786s][info][gc,ref      ] GC(102) Soft: 617 encountered, 0 discovered, 0 enqueued
[205.786s][info][gc,ref      ] GC(102) Weak: 6143 encountered, 1072 discovered, 26 enqueued
[205.786s][info][gc,ref      ] GC(102) Final: 0 encountered, 0 discovered, 0 enqueued
[205.786s][info][gc,ref      ] GC(102) Phantom: 79 encountered, 55 discovered, 0 enqueued
[205.786s][info][gc,reloc    ] GC(102) Small Pages: 158 / 316M, Empty: 248M, Relocated: 1M, In-Place: 0
[205.786s][info][gc,reloc    ] GC(102) Medium Pages: 2 / 64M, Empty: 32M, Relocated: 0M, In-Place: 0
[205.786s][info][gc,reloc    ] GC(102) Large Pages: 0 / 0M, Empty: 0M, Relocated: 0M, In-Place: 0
[205.786s][info][gc,reloc    ] GC(102) Forwarding Usage: 0M
[205.786s][info][gc,heap     ] GC(102) Min Capacity: 1024M(100%)
[205.786s][info][gc,heap     ] GC(102) Max Capacity: 1024M(100%)
[205.786s][info][gc,heap     ] GC(102) Soft Max Capacity: 1024M(100%)
[205.786s][info][gc,heap     ] GC(102)                Mark Start          Mark End        Relocate Start      Relocate End           High               Low         
[205.786s][info][gc,heap     ] GC(102)  Capacity:     1024M (100%)       1024M (100%)       1024M (100%)       1024M (100%)       1024M (100%)       1024M (100%)   
[205.786s][info][gc,heap     ] GC(102)      Free:      644M (63%)         644M (63%)         924M (90%)         960M (94%)         960M (94%)         644M (63%)    
[205.786s][info][gc,heap     ] GC(102)      Used:      380M (37%)         380M (37%)         100M (10%)          64M (6%)          380M (37%)          64M (6%)     
[205.786s][info][gc,heap     ] GC(102)      Live:         -                28M (3%)           28M (3%)           28M (3%)             -                  -          
[205.786s][info][gc,heap     ] GC(102) Allocated:         -                 0M (0%)            0M (0%)            0M (0%)             -                  -          
[205.786s][info][gc,heap     ] GC(102)   Garbage:         -               351M (34%)          71M (7%)           35M (3%)             -                  -          
[205.786s][info][gc,heap     ] GC(102) Reclaimed:         -                  -               280M (27%)         316M (31%)            -                  -          
[205.786s][info][gc          ] GC(102) Garbage Collection (System.gc()) 380M(37%)->64M(6%)
[207.535s][info][gc,start    ] GC(103) Garbage Collection (System.gc())
[207.535s][info][gc,task     ] GC(103) Using 2 workers
[207.536s][info][gc,phases   ] GC(103) Pause Mark Start 0.011ms
[207.571s][info][gc,phases   ] GC(103) Concurrent Mark 34.850ms
[207.571s][info][gc,phases   ] GC(103) Pause Mark End 0.025ms
[207.571s][info][gc,phases   ] GC(103) Concurrent Mark Free 0.003ms
[207.590s][info][gc,phases   ] GC(103) Concurrent Process Non-Strong References 18.974ms
[207.590s][info][gc,phases   ] GC(103) Concurrent Reset Relocation Set 0.002ms
[207.592s][info][gc,phases   ] GC(103) Concurrent Select Relocation Set 1.563ms
[207.592s][info][gc,phases   ] GC(103) Pause Relocate Start 0.008ms
[207.593s][info][gc,phases   ] GC(103) Concurrent Relocate 1.459ms
[207.593s][info][gc,load     ] GC(103) Load: 0.00/0.00/0.00
[207.593s][info][gc,mmu      ] GC(103) MMU: 2ms/96.4%, 5ms/98.5%, 10ms/99.2%, 20ms/99.6%, 50ms/99.8%, 100ms/99.9%
[207.593s][info][gc,marking  ] GC(103) Mark: 2 stripe(s), 1 proactive flush(es), 1 terminate flush(es), 0 completion(s), 0 continuation(s) 
[207.593s][info][gc,marking  ] GC(103) Mark Stack Usage: 32M
[207.593s][info][gc,nmethod  ] GC(103) NMethods: 14137 registered, 7493 unregistered
[207.593s][info][gc,metaspace] GC(103) Metaspace: 60M used, 61M committed, 1088M reserved
[207.593s][info][gc,ref      ] GC(103) Soft: 617 encountered, 0 discovered, 0 enqueued
[207.593s][info][gc,ref      ] GC(103) Weak: 6218 encountered, 5594 discovered, 71 enqueued
[207.593s][info][gc,ref      ] GC(103) Final: 0 encountered, 0 discovered, 0 enqueued
[207.593s][info][gc,ref      ] GC(103) Phantom: 79 encountered, 52 discovered, 0 enqueued
[207.593s][info][gc,reloc    ] GC(103) Small Pages: 158 / 316M, Empty: 240M, Relocated: 1M, In-Place: 0
[207.593s][info][gc,reloc    ] GC(103) Medium Pages: 2 / 64M, Empty: 32M, Relocated: 0M, In-Place: 0
[207.593s][info][gc,reloc    ] GC(103) Large Pages: 0 / 0M, Empty: 0M, Relocated: 0M, In-Place: 0
[207.593s][info][gc,reloc    ] GC(103) Forwarding Usage: 0M
[207.593s][info][gc,heap     ] GC(103) Min Capacity: 1024M(100%)
[207.593s][info][gc,heap     ] GC(103) Max Capacity: 1024M(100%)
[207.593s][info][gc,heap     ] GC(103) Soft Max Capacity: 1024M(100%)
[207.593s][info][gc,heap     ] GC(103)                Mark Start          Mark End        Relocate Start      Relocate End           High               Low         
[207.593s][info][gc,heap     ] GC(103)  Capacity:     1024M (100%)       1024M (100%)       1024M (100%)       1024M (100%)       1024M (100%)       1024M (100%)   
[207.593s][info][gc,heap     ] GC(103)      Free:      644M (63%)         644M (63%)         916M (89%)         960M (94%)         960M (94%)         644M (63%)    
[207.593s][info][gc,heap     ] GC(103)      Used:      380M (37%)         380M (37%)         108M (11%)          64M (6%)          380M (37%)          64M (6%)     
[207.593s][info][gc,heap     ] GC(103)      Live:         -                28M (3%)           28M (3%)           28M (3%)             -                  -          
[207.593s][info][gc,heap     ] GC(103) Allocated:         -                 0M (0%)            0M (0%)            0M (0%)             -                  -          
[207.593s][info][gc,heap     ] GC(103)   Garbage:         -               351M (34%)          79M (8%)           35M (3%)             -                  -          
[207.593s][info][gc,heap     ] GC(103) Reclaimed:         -                  -               272M (27%)         316M (31%)            -                  -          
[207.593s][info][gc          ] GC(103) Garbage Collection (System.gc()) 380M(37%)->64M(6%)
[209.352s][info][gc,heap,exit] Heap
[209.352s][info][gc,heap,exit]  ZHeap           used 384M, capacity 1024M, max capacity 1024M
[209.352s][info][gc,heap,exit]  Metaspace       used 62199K, committed 62592K, reserved 1114112K
[209.352s][info][gc,heap,exit]   class space    used 6677K, committed 6848K, reserved 1048576K
