[0.009s][info][gc] Using Serial
[0.011s][info][gc,init] Version: 17.0.12+7-adhoc..jdk17u (release)
[0.011s][info][gc,init] CPUs: 6 total, 6 available
[0.011s][info][gc,init] Memory: 15591M
[0.011s][info][gc,init] Large Page Support: Disabled
[0.011s][info][gc,init] NUMA Support: Disabled
[0.011s][info][gc,init] Compressed Oops: Enabled (32-bit)
[0.011s][info][gc,init] Heap Min Capacity: 1G
[0.011s][info][gc,init] Heap Initial Capacity: 1G
[0.011s][info][gc,init] Heap Max Capacity: 1G
[0.011s][info][gc,init] Pre-touch: Disabled
[0.018s][info][gc,metaspace] CDS archive(s) mapped at: [0x0000017e19000000-0x0000017e19bc0000-0x0000017e19bc0000), size 12320768, SharedBaseAddress: 0x0000017e19000000, ArchiveRelocationMode: 1.
[0.021s][info][gc,metaspace] Compressed class space mapped at: 0x0000017e1a000000-0x0000017e5a000000, reserved size: 1073741824
[0.021s][info][gc,metaspace] Narrow klass base: 0x0000017e19000000, Narrow klass shift: 0, Narrow klass range: 0x100000000
[3.580s][info][gc,start    ] GC(0) Pause Full (System.gc())
[3.581s][info][gc,phases,start] GC(0) Phase 1: Mark live objects
[3.583s][info][gc,phases      ] GC(0) Phase 1: Mark live objects 2.517ms
[3.583s][info][gc,phases,start] GC(0) Phase 2: Compute new object addresses
[3.584s][info][gc,phases      ] GC(0) Phase 2: Compute new object addresses 1.014ms
[3.584s][info][gc,phases,start] GC(0) Phase 3: Adjust pointers
[3.586s][info][gc,phases      ] GC(0) Phase 3: Adjust pointers 1.586ms
[3.586s][info][gc,phases,start] GC(0) Phase 4: Move objects
[3.587s][info][gc,phases      ] GC(0) Phase 4: Move objects 1.408ms
[3.587s][info][gc,heap        ] GC(0) DefNew: 28072K(314560K)->0K(314560K) Eden: 28072K(279616K)->0K(279616K) From: 0K(34944K)->0K(34944K)
[3.587s][info][gc,heap        ] GC(0) Tenured: 0K(699072K)->4364K(699072K)
[3.587s][info][gc,metaspace   ] GC(0) Metaspace: 3243K(3456K)->3243K(3456K) NonClass: 2922K(3008K)->2922K(3008K) Class: 320K(448K)->320K(448K)
[3.587s][info][gc             ] GC(0) Pause Full (System.gc()) 27M->4M(989M) 7.038ms
[3.587s][info][gc,cpu         ] GC(0) User=0.00s Sys=0.00s Real=0.00s
[11.184s][info][gc,start       ] GC(1) Pause Full (System.gc())
[11.184s][info][gc,phases,start] GC(1) Phase 1: Mark live objects
[11.191s][info][gc,phases      ] GC(1) Phase 1: Mark live objects 6.795ms
[11.191s][info][gc,phases,start] GC(1) Phase 2: Compute new object addresses
[11.206s][info][gc,phases      ] GC(1) Phase 2: Compute new object addresses 15.619ms
[11.206s][info][gc,phases,start] GC(1) Phase 3: Adjust pointers
[11.211s][info][gc,phases      ] GC(1) Phase 3: Adjust pointers 4.108ms
[11.211s][info][gc,phases,start] GC(1) Phase 4: Move objects
[11.212s][info][gc,phases      ] GC(1) Phase 4: Move objects 1.436ms
[11.212s][info][gc,heap        ] GC(1) DefNew: 144238K(314560K)->0K(314560K) Eden: 144238K(279616K)->0K(279616K) From: 0K(34944K)->0K(34944K)
[11.212s][info][gc,heap        ] GC(1) Tenured: 4364K(699072K)->7673K(699072K)
[11.212s][info][gc,metaspace   ] GC(1) Metaspace: 13951K(14144K)->13951K(14144K) NonClass: 12387K(12480K)->12387K(12480K) Class: 1563K(1664K)->1563K(1664K)
[11.212s][info][gc             ] GC(1) Pause Full (System.gc()) 145M->7M(989M) 28.462ms
[11.212s][info][gc,cpu         ] GC(1) User=0.02s Sys=0.02s Real=0.02s
[11.232s][info][gc,start       ] GC(2) Pause Full (System.gc())
[11.233s][info][gc,phases,start] GC(2) Phase 1: Mark live objects
[11.238s][info][gc,phases      ] GC(2) Phase 1: Mark live objects 5.610ms
[11.238s][info][gc,phases,start] GC(2) Phase 2: Compute new object addresses
[11.239s][info][gc,phases      ] GC(2) Phase 2: Compute new object addresses 1.265ms
[11.239s][info][gc,phases,start] GC(2) Phase 3: Adjust pointers
[11.243s][info][gc,phases      ] GC(2) Phase 3: Adjust pointers 3.550ms
[11.243s][info][gc,phases,start] GC(2) Phase 4: Move objects
[11.243s][info][gc,phases      ] GC(2) Phase 4: Move objects 0.033ms
[11.243s][info][gc,heap        ] GC(2) DefNew: 8000K(314560K)->0K(314560K) Eden: 8000K(279616K)->0K(279616K) From: 0K(34944K)->0K(34944K)
[11.243s][info][gc,heap        ] GC(2) Tenured: 7673K(699072K)->7687K(699072K)
[11.243s][info][gc,metaspace   ] GC(2) Metaspace: 14004K(14208K)->14004K(14208K) NonClass: 12436K(12544K)->12436K(12544K) Class: 1568K(1664K)->1568K(1664K)
[11.243s][info][gc             ] GC(2) Pause Full (System.gc()) 15M->7M(989M) 10.785ms
[11.243s][info][gc,cpu         ] GC(2) User=0.00s Sys=0.02s Real=0.01s
[18.167s][info][gc,start       ] GC(3) Pause Full (System.gc())
[18.167s][info][gc,phases,start] GC(3) Phase 1: Mark live objects
[18.173s][info][gc,phases      ] GC(3) Phase 1: Mark live objects 6.598ms
[18.173s][info][gc,phases,start] GC(3) Phase 2: Compute new object addresses
[18.176s][info][gc,phases      ] GC(3) Phase 2: Compute new object addresses 2.466ms
[18.176s][info][gc,phases,start] GC(3) Phase 3: Adjust pointers
[18.180s][info][gc,phases      ] GC(3) Phase 3: Adjust pointers 3.963ms
[18.180s][info][gc,phases,start] GC(3) Phase 4: Move objects
[18.182s][info][gc,phases      ] GC(3) Phase 4: Move objects 1.932ms
[18.182s][info][gc,heap        ] GC(3) DefNew: 45214K(314560K)->0K(314560K) Eden: 45214K(279616K)->0K(279616K) From: 0K(34944K)->0K(34944K)
[18.182s][info][gc,heap        ] GC(3) Tenured: 7687K(699072K)->7695K(699072K)
[18.182s][info][gc,metaspace   ] GC(3) Metaspace: 14109K(14336K)->14109K(14336K) NonClass: 12541K(12672K)->12541K(12672K) Class: 1568K(1664K)->1568K(1664K)
[18.182s][info][gc             ] GC(3) Pause Full (System.gc()) 51M->7M(989M) 15.323ms
[18.182s][info][gc,cpu         ] GC(3) User=0.02s Sys=0.00s Real=0.00s
[18.187s][info][gc,start       ] GC(4) Pause Full (System.gc())
[18.187s][info][gc,phases,start] GC(4) Phase 1: Mark live objects
[18.193s][info][gc,phases      ] GC(4) Phase 1: Mark live objects 5.444ms
[18.193s][info][gc,phases,start] GC(4) Phase 2: Compute new object addresses
[18.194s][info][gc,phases      ] GC(4) Phase 2: Compute new object addresses 1.102ms
[18.194s][info][gc,phases,start] GC(4) Phase 3: Adjust pointers
[18.197s][info][gc,phases      ] GC(4) Phase 3: Adjust pointers 3.574ms
[18.197s][info][gc,phases,start] GC(4) Phase 4: Move objects
[18.197s][info][gc,phases      ] GC(4) Phase 4: Move objects 0.010ms
[18.197s][info][gc,heap        ] GC(4) DefNew: 6787K(314560K)->0K(314560K) Eden: 6787K(279616K)->0K(279616K) From: 0K(34944K)->0K(34944K)
[18.197s][info][gc,heap        ] GC(4) Tenured: 7695K(699072K)->7695K(699072K)
[18.197s][info][gc,metaspace   ] GC(4) Metaspace: 14111K(14336K)->14111K(14336K) NonClass: 12543K(12672K)->12543K(12672K) Class: 1568K(1664K)->1568K(1664K)
[18.197s][info][gc             ] GC(4) Pause Full (System.gc()) 14M->7M(989M) 10.373ms
[18.197s][info][gc,cpu         ] GC(4) User=0.02s Sys=0.00s Real=0.00s
[25.106s][info][gc,start       ] GC(5) Pause Full (System.gc())
[25.106s][info][gc,phases,start] GC(5) Phase 1: Mark live objects
[25.112s][info][gc,phases      ] GC(5) Phase 1: Mark live objects 6.108ms
[25.112s][info][gc,phases,start] GC(5) Phase 2: Compute new object addresses
[25.114s][info][gc,phases      ] GC(5) Phase 2: Compute new object addresses 2.439ms
[25.114s][info][gc,phases,start] GC(5) Phase 3: Adjust pointers
[25.118s][info][gc,phases      ] GC(5) Phase 3: Adjust pointers 3.906ms
[25.118s][info][gc,phases,start] GC(5) Phase 4: Move objects
[25.119s][info][gc,phases      ] GC(5) Phase 4: Move objects 0.418ms
[25.119s][info][gc,heap        ] GC(5) DefNew: 45214K(314560K)->0K(314560K) Eden: 45214K(279616K)->0K(279616K) From: 0K(34944K)->0K(34944K)
[25.119s][info][gc,heap        ] GC(5) Tenured: 7695K(699072K)->9419K(699072K)
[25.119s][info][gc,metaspace   ] GC(5) Metaspace: 14169K(14336K)->14169K(14336K) NonClass: 12601K(12672K)->12601K(12672K) Class: 1568K(1664K)->1568K(1664K)
[25.119s][info][gc             ] GC(5) Pause Full (System.gc()) 51M->9M(989M) 13.169ms
[25.119s][info][gc,cpu         ] GC(5) User=0.02s Sys=0.00s Real=0.00s
[25.125s][info][gc,start       ] GC(6) Pause Full (System.gc())
[25.125s][info][gc,phases,start] GC(6) Phase 1: Mark live objects
[25.131s][info][gc,phases      ] GC(6) Phase 1: Mark live objects 5.993ms
[25.131s][info][gc,phases,start] GC(6) Phase 2: Compute new object addresses
[25.133s][info][gc,phases      ] GC(6) Phase 2: Compute new object addresses 1.150ms
[25.133s][info][gc,phases,start] GC(6) Phase 3: Adjust pointers
[25.136s][info][gc,phases      ] GC(6) Phase 3: Adjust pointers 3.734ms
[25.136s][info][gc,phases,start] GC(6) Phase 4: Move objects
[25.136s][info][gc,phases      ] GC(6) Phase 4: Move objects 0.009ms
[25.136s][info][gc,heap        ] GC(6) DefNew: 6787K(314560K)->0K(314560K) Eden: 6787K(279616K)->0K(279616K) From: 0K(34944K)->0K(34944K)
[25.136s][info][gc,heap        ] GC(6) Tenured: 9419K(699072K)->9419K(699072K)
[25.136s][info][gc,metaspace   ] GC(6) Metaspace: 14172K(14336K)->14172K(14336K) NonClass: 12603K(12672K)->12603K(12672K) Class: 1568K(1664K)->1568K(1664K)
[25.137s][info][gc             ] GC(6) Pause Full (System.gc()) 15M->9M(989M) 11.219ms
[25.137s][info][gc,cpu         ] GC(6) User=0.00s Sys=0.00s Real=0.01s
[32.045s][info][gc,start       ] GC(7) Pause Full (System.gc())
[32.045s][info][gc,phases,start] GC(7) Phase 1: Mark live objects
[32.051s][info][gc,phases      ] GC(7) Phase 1: Mark live objects 6.804ms
[32.051s][info][gc,phases,start] GC(7) Phase 2: Compute new object addresses
[32.054s][info][gc,phases      ] GC(7) Phase 2: Compute new object addresses 2.711ms
[32.054s][info][gc,phases,start] GC(7) Phase 3: Adjust pointers
[32.058s][info][gc,phases      ] GC(7) Phase 3: Adjust pointers 4.166ms
[32.058s][info][gc,phases,start] GC(7) Phase 4: Move objects
[32.060s][info][gc,phases      ] GC(7) Phase 4: Move objects 1.604ms
[32.060s][info][gc,heap        ] GC(7) DefNew: 42418K(314560K)->0K(314560K) Eden: 42418K(279616K)->0K(279616K) From: 0K(34944K)->0K(34944K)
[32.060s][info][gc,heap        ] GC(7) Tenured: 9419K(699072K)->7708K(699072K)
[32.060s][info][gc,metaspace   ] GC(7) Metaspace: 14235K(14464K)->14235K(14464K) NonClass: 12667K(12800K)->12667K(12800K) Class: 1568K(1664K)->1568K(1664K)
[32.060s][info][gc             ] GC(7) Pause Full (System.gc()) 50M->7M(989M) 15.620ms
[32.060s][info][gc,cpu         ] GC(7) User=0.02s Sys=0.00s Real=0.00s
[32.066s][info][gc,start       ] GC(8) Pause Full (System.gc())
[32.066s][info][gc,phases,start] GC(8) Phase 1: Mark live objects
[32.072s][info][gc,phases      ] GC(8) Phase 1: Mark live objects 6.449ms
[32.072s][info][gc,phases,start] GC(8) Phase 2: Compute new object addresses
[32.073s][info][gc,phases      ] GC(8) Phase 2: Compute new object addresses 1.247ms
[32.073s][info][gc,phases,start] GC(8) Phase 3: Adjust pointers
[32.077s][info][gc,phases      ] GC(8) Phase 3: Adjust pointers 3.778ms
[32.077s][info][gc,phases,start] GC(8) Phase 4: Move objects
[32.077s][info][gc,phases      ] GC(8) Phase 4: Move objects 0.009ms
[32.077s][info][gc,heap        ] GC(8) DefNew: 6787K(314560K)->0K(314560K) Eden: 6787K(279616K)->0K(279616K) From: 0K(34944K)->0K(34944K)
[32.077s][info][gc,heap        ] GC(8) Tenured: 7708K(699072K)->7708K(699072K)
[32.077s][info][gc,metaspace   ] GC(8) Metaspace: 14236K(14464K)->14236K(14464K) NonClass: 12668K(12800K)->12668K(12800K) Class: 1568K(1664K)->1568K(1664K)
[32.077s][info][gc             ] GC(8) Pause Full (System.gc()) 14M->7M(989M) 11.747ms
[32.077s][info][gc,cpu         ] GC(8) User=0.00s Sys=0.00s Real=0.02s
[38.985s][info][gc,start       ] GC(9) Pause Full (System.gc())
[38.985s][info][gc,phases,start] GC(9) Phase 1: Mark live objects
[38.992s][info][gc,phases      ] GC(9) Phase 1: Mark live objects 6.784ms
[38.992s][info][gc,phases,start] GC(9) Phase 2: Compute new object addresses
[38.994s][info][gc,phases      ] GC(9) Phase 2: Compute new object addresses 2.409ms
[38.994s][info][gc,phases,start] GC(9) Phase 3: Adjust pointers
[38.998s][info][gc,phases      ] GC(9) Phase 3: Adjust pointers 4.302ms
[38.999s][info][gc,phases,start] GC(9) Phase 4: Move objects
[38.999s][info][gc,phases      ] GC(9) Phase 4: Move objects 0.288ms
[38.999s][info][gc,heap        ] GC(9) DefNew: 42238K(314560K)->0K(314560K) Eden: 42238K(279616K)->0K(279616K) From: 0K(34944K)->0K(34944K)
[38.999s][info][gc,heap        ] GC(9) Tenured: 7708K(699072K)->9426K(699072K)
[38.999s][info][gc,metaspace   ] GC(9) Metaspace: 14263K(14464K)->14263K(14464K) NonClass: 12694K(12800K)->12694K(12800K) Class: 1568K(1664K)->1568K(1664K)
[38.999s][info][gc             ] GC(9) Pause Full (System.gc()) 48M->9M(989M) 14.189ms
[38.999s][info][gc,cpu         ] GC(9) User=0.00s Sys=0.00s Real=0.00s
[39.004s][info][gc,start       ] GC(10) Pause Full (System.gc())
[39.004s][info][gc,phases,start] GC(10) Phase 1: Mark live objects
[39.010s][info][gc,phases      ] GC(10) Phase 1: Mark live objects 5.896ms
[39.010s][info][gc,phases,start] GC(10) Phase 2: Compute new object addresses
[39.011s][info][gc,phases      ] GC(10) Phase 2: Compute new object addresses 1.128ms
[39.011s][info][gc,phases,start] GC(10) Phase 3: Adjust pointers
[39.015s][info][gc,phases      ] GC(10) Phase 3: Adjust pointers 3.858ms
[39.015s][info][gc,phases,start] GC(10) Phase 4: Move objects
[39.015s][info][gc,phases      ] GC(10) Phase 4: Move objects 0.009ms
[39.015s][info][gc,heap        ] GC(10) DefNew: 6787K(314560K)->0K(314560K) Eden: 6787K(279616K)->0K(279616K) From: 0K(34944K)->0K(34944K)
[39.015s][info][gc,heap        ] GC(10) Tenured: 9426K(699072K)->9426K(699072K)
[39.015s][info][gc,metaspace   ] GC(10) Metaspace: 14269K(14464K)->14269K(14464K) NonClass: 12701K(12800K)->12701K(12800K) Class: 1568K(1664K)->1568K(1664K)
[39.015s][info][gc             ] GC(10) Pause Full (System.gc()) 15M->9M(989M) 11.149ms
[39.015s][info][gc,cpu         ] GC(10) User=0.00s Sys=0.00s Real=0.00s
[45.915s][info][gc,start       ] GC(11) Pause Full (System.gc())
[45.915s][info][gc,phases,start] GC(11) Phase 1: Mark live objects
[45.923s][info][gc,phases      ] GC(11) Phase 1: Mark live objects 7.106ms
[45.923s][info][gc,phases,start] GC(11) Phase 2: Compute new object addresses
[45.925s][info][gc,phases      ] GC(11) Phase 2: Compute new object addresses 2.513ms
[45.925s][info][gc,phases,start] GC(11) Phase 3: Adjust pointers
[45.930s][info][gc,phases      ] GC(11) Phase 3: Adjust pointers 4.633ms
[45.930s][info][gc,phases,start] GC(11) Phase 4: Move objects
[45.930s][info][gc,phases      ] GC(11) Phase 4: Move objects 0.317ms
[45.930s][info][gc,heap        ] GC(11) DefNew: 45872K(314560K)->0K(314560K) Eden: 45872K(279616K)->0K(279616K) From: 0K(34944K)->0K(34944K)
[45.930s][info][gc,heap        ] GC(11) Tenured: 9426K(699072K)->7714K(699072K)
[45.930s][info][gc,metaspace   ] GC(11) Metaspace: 14302K(14528K)->14302K(14528K) NonClass: 12734K(12864K)->12734K(12864K) Class: 1568K(1664K)->1568K(1664K)
[45.930s][info][gc             ] GC(11) Pause Full (System.gc()) 54M->7M(989M) 14.906ms
[45.930s][info][gc,cpu         ] GC(11) User=0.02s Sys=0.00s Real=0.01s
[45.936s][info][gc,start       ] GC(12) Pause Full (System.gc())
[45.936s][info][gc,phases,start] GC(12) Phase 1: Mark live objects
[45.942s][info][gc,phases      ] GC(12) Phase 1: Mark live objects 6.197ms
[45.942s][info][gc,phases,start] GC(12) Phase 2: Compute new object addresses
[45.943s][info][gc,phases      ] GC(12) Phase 2: Compute new object addresses 1.189ms
[45.943s][info][gc,phases,start] GC(12) Phase 3: Adjust pointers
[45.948s][info][gc,phases      ] GC(12) Phase 3: Adjust pointers 4.468ms
[45.948s][info][gc,phases,start] GC(12) Phase 4: Move objects
[45.948s][info][gc,phases      ] GC(12) Phase 4: Move objects 0.010ms
[45.948s][info][gc,heap        ] GC(12) DefNew: 8651K(314560K)->0K(314560K) Eden: 8651K(279616K)->0K(279616K) From: 0K(34944K)->0K(34944K)
[45.948s][info][gc,heap        ] GC(12) Tenured: 7714K(699072K)->7715K(699072K)
[45.948s][info][gc,metaspace   ] GC(12) Metaspace: 14304K(14528K)->14304K(14528K) NonClass: 12736K(12864K)->12736K(12864K) Class: 1568K(1664K)->1568K(1664K)
[45.948s][info][gc             ] GC(12) Pause Full (System.gc()) 15M->7M(989M) 12.173ms
[45.948s][info][gc,cpu         ] GC(12) User=0.02s Sys=0.00s Real=0.01s
[52.842s][info][gc,start       ] GC(13) Pause Full (System.gc())
[52.842s][info][gc,phases,start] GC(13) Phase 1: Mark live objects
[52.849s][info][gc,phases      ] GC(13) Phase 1: Mark live objects 6.696ms
[52.849s][info][gc,phases,start] GC(13) Phase 2: Compute new object addresses
[52.851s][info][gc,phases      ] GC(13) Phase 2: Compute new object addresses 2.417ms
[52.851s][info][gc,phases,start] GC(13) Phase 3: Adjust pointers
[52.856s][info][gc,phases      ] GC(13) Phase 3: Adjust pointers 4.273ms
[52.856s][info][gc,phases,start] GC(13) Phase 4: Move objects
[52.856s][info][gc,phases      ] GC(13) Phase 4: Move objects 0.284ms
[52.856s][info][gc,heap        ] GC(13) DefNew: 45022K(314560K)->0K(314560K) Eden: 45022K(279616K)->0K(279616K) From: 0K(34944K)->0K(34944K)
[52.856s][info][gc,heap        ] GC(13) Tenured: 7715K(699072K)->9432K(699072K)
[52.856s][info][gc,metaspace   ] GC(13) Metaspace: 14330K(14528K)->14330K(14528K) NonClass: 12761K(12864K)->12761K(12864K) Class: 1568K(1664K)->1568K(1664K)
[52.856s][info][gc             ] GC(13) Pause Full (System.gc()) 51M->9M(989M) 14.053ms
[52.856s][info][gc,cpu         ] GC(13) User=0.02s Sys=0.00s Real=0.01s
[52.861s][info][gc,start       ] GC(14) Pause Full (System.gc())
[52.861s][info][gc,phases,start] GC(14) Phase 1: Mark live objects
[52.867s][info][gc,phases      ] GC(14) Phase 1: Mark live objects 6.322ms
[52.867s][info][gc,phases,start] GC(14) Phase 2: Compute new object addresses
[52.869s][info][gc,phases      ] GC(14) Phase 2: Compute new object addresses 1.121ms
[52.869s][info][gc,phases,start] GC(14) Phase 3: Adjust pointers
[52.873s][info][gc,phases      ] GC(14) Phase 3: Adjust pointers 4.085ms
[52.873s][info][gc,phases,start] GC(14) Phase 4: Move objects
[52.873s][info][gc,phases      ] GC(14) Phase 4: Move objects 0.012ms
[52.873s][info][gc,heap        ] GC(14) DefNew: 6787K(314560K)->0K(314560K) Eden: 6787K(279616K)->0K(279616K) From: 0K(34944K)->0K(34944K)
[52.873s][info][gc,heap        ] GC(14) Tenured: 9432K(699072K)->9432K(699072K)
[52.873s][info][gc,metaspace   ] GC(14) Metaspace: 14330K(14528K)->14330K(14528K) NonClass: 12761K(12864K)->12761K(12864K) Class: 1568K(1664K)->1568K(1664K)
[52.873s][info][gc             ] GC(14) Pause Full (System.gc()) 15M->9M(989M) 11.838ms
[52.873s][info][gc,cpu         ] GC(14) User=0.00s Sys=0.00s Real=0.01s
[59.761s][info][gc,start       ] GC(15) Pause Full (System.gc())
[59.761s][info][gc,phases,start] GC(15) Phase 1: Mark live objects
[59.769s][info][gc,phases      ] GC(15) Phase 1: Mark live objects 7.391ms
[59.769s][info][gc,phases,start] GC(15) Phase 2: Compute new object addresses
[59.771s][info][gc,phases      ] GC(15) Phase 2: Compute new object addresses 2.407ms
[59.771s][info][gc,phases,start] GC(15) Phase 3: Adjust pointers
[59.775s][info][gc,phases      ] GC(15) Phase 3: Adjust pointers 4.249ms
[59.775s][info][gc,phases,start] GC(15) Phase 4: Move objects
[59.776s][info][gc,phases      ] GC(15) Phase 4: Move objects 0.308ms
[59.776s][info][gc,heap        ] GC(15) DefNew: 45004K(314560K)->0K(314560K) Eden: 45004K(279616K)->0K(279616K) From: 0K(34944K)->0K(34944K)
[59.776s][info][gc,heap        ] GC(15) Tenured: 9432K(699072K)->7719K(699072K)
[59.776s][info][gc,metaspace   ] GC(15) Metaspace: 14348K(14528K)->14348K(14528K) NonClass: 12779K(12864K)->12779K(12864K) Class: 1568K(1664K)->1568K(1664K)
[59.776s][info][gc             ] GC(15) Pause Full (System.gc()) 53M->7M(989M) 14.712ms
[59.776s][info][gc,cpu         ] GC(15) User=0.02s Sys=0.00s Real=0.01s
[59.783s][info][gc,start       ] GC(16) Pause Full (System.gc())
[59.783s][info][gc,phases,start] GC(16) Phase 1: Mark live objects
[59.789s][info][gc,phases      ] GC(16) Phase 1: Mark live objects 6.049ms
[59.789s][info][gc,phases,start] GC(16) Phase 2: Compute new object addresses
[59.790s][info][gc,phases      ] GC(16) Phase 2: Compute new object addresses 1.101ms
[59.790s][info][gc,phases,start] GC(16) Phase 3: Adjust pointers
[59.794s][info][gc,phases      ] GC(16) Phase 3: Adjust pointers 4.050ms
[59.794s][info][gc,phases,start] GC(16) Phase 4: Move objects
[59.794s][info][gc,phases      ] GC(16) Phase 4: Move objects 0.010ms
[59.795s][info][gc,heap        ] GC(16) DefNew: 6787K(314560K)->0K(314560K) Eden: 6787K(279616K)->0K(279616K) From: 0K(34944K)->0K(34944K)
[59.795s][info][gc,heap        ] GC(16) Tenured: 7719K(699072K)->7720K(699072K)
[59.795s][info][gc,metaspace   ] GC(16) Metaspace: 14353K(14592K)->14353K(14592K) NonClass: 12784K(12928K)->12784K(12928K) Class: 1569K(1664K)->1569K(1664K)
[59.795s][info][gc             ] GC(16) Pause Full (System.gc()) 14M->7M(989M) 11.539ms
[59.795s][info][gc,cpu         ] GC(16) User=0.00s Sys=0.00s Real=0.02s
[66.683s][info][gc,start       ] GC(17) Pause Full (System.gc())
[66.683s][info][gc,phases,start] GC(17) Phase 1: Mark live objects
[66.690s][info][gc,phases      ] GC(17) Phase 1: Mark live objects 6.782ms
[66.690s][info][gc,phases,start] GC(17) Phase 2: Compute new object addresses
[66.692s][info][gc,phases      ] GC(17) Phase 2: Compute new object addresses 2.479ms
[66.692s][info][gc,phases,start] GC(17) Phase 3: Adjust pointers
[66.697s][info][gc,phases      ] GC(17) Phase 3: Adjust pointers 4.378ms
[66.697s][info][gc,phases,start] GC(17) Phase 4: Move objects
[66.697s][info][gc,phases      ] GC(17) Phase 4: Move objects 0.269ms
[66.697s][info][gc,heap        ] GC(17) DefNew: 45005K(314560K)->0K(314560K) Eden: 45005K(279616K)->0K(279616K) From: 0K(34944K)->0K(34944K)
[66.697s][info][gc,heap        ] GC(17) Tenured: 7720K(699072K)->9438K(699072K)
[66.697s][info][gc,metaspace   ] GC(17) Metaspace: 14401K(14656K)->14401K(14656K) NonClass: 12832K(12992K)->12832K(12992K) Class: 1569K(1664K)->1569K(1664K)
[66.697s][info][gc             ] GC(17) Pause Full (System.gc()) 51M->9M(989M) 14.232ms
[66.697s][info][gc,cpu         ] GC(17) User=0.02s Sys=0.00s Real=0.01s
[66.702s][info][gc,start       ] GC(18) Pause Full (System.gc())
[66.702s][info][gc,phases,start] GC(18) Phase 1: Mark live objects
[66.709s][info][gc,phases      ] GC(18) Phase 1: Mark live objects 6.339ms
[66.709s][info][gc,phases,start] GC(18) Phase 2: Compute new object addresses
[66.710s][info][gc,phases      ] GC(18) Phase 2: Compute new object addresses 1.242ms
[66.710s][info][gc,phases,start] GC(18) Phase 3: Adjust pointers
[66.714s][info][gc,phases      ] GC(18) Phase 3: Adjust pointers 4.449ms
[66.714s][info][gc,phases,start] GC(18) Phase 4: Move objects
[66.714s][info][gc,phases      ] GC(18) Phase 4: Move objects 0.009ms
[66.714s][info][gc,heap        ] GC(18) DefNew: 6787K(314560K)->0K(314560K) Eden: 6787K(279616K)->0K(279616K) From: 0K(34944K)->0K(34944K)
[66.714s][info][gc,heap        ] GC(18) Tenured: 9438K(699072K)->9438K(699072K)
[66.714s][info][gc,metaspace   ] GC(18) Metaspace: 14401K(14656K)->14401K(14656K) NonClass: 12832K(12992K)->12832K(12992K) Class: 1569K(1664K)->1569K(1664K)
[66.714s][info][gc             ] GC(18) Pause Full (System.gc()) 15M->9M(989M) 12.316ms
[66.714s][info][gc,cpu         ] GC(18) User=0.02s Sys=0.00s Real=0.00s
[73.611s][info][gc,start       ] GC(19) Pause Full (System.gc())
[73.611s][info][gc,phases,start] GC(19) Phase 1: Mark live objects
[73.618s][info][gc,phases      ] GC(19) Phase 1: Mark live objects 6.865ms
[73.618s][info][gc,phases,start] GC(19) Phase 2: Compute new object addresses
[73.620s][info][gc,phases      ] GC(19) Phase 2: Compute new object addresses 2.718ms
[73.621s][info][gc,phases,start] GC(19) Phase 3: Adjust pointers
[73.625s][info][gc,phases      ] GC(19) Phase 3: Adjust pointers 4.390ms
[73.625s][info][gc,phases,start] GC(19) Phase 4: Move objects
[73.625s][info][gc,phases      ] GC(19) Phase 4: Move objects 0.293ms
[73.625s][info][gc,heap        ] GC(19) DefNew: 45004K(314560K)->0K(314560K) Eden: 45004K(279616K)->0K(279616K) From: 0K(34944K)->0K(34944K)
[73.625s][info][gc,heap        ] GC(19) Tenured: 9438K(699072K)->7727K(699072K)
[73.625s][info][gc,metaspace   ] GC(19) Metaspace: 14431K(14656K)->14431K(14656K) NonClass: 12862K(12992K)->12862K(12992K) Class: 1569K(1664K)->1569K(1664K)
[73.625s][info][gc             ] GC(19) Pause Full (System.gc()) 53M->7M(989M) 14.574ms
[73.625s][info][gc,cpu         ] GC(19) User=0.00s Sys=0.00s Real=0.00s
[73.741s][info][gc,heap,exit   ] Heap
[73.741s][info][gc,heap,exit   ]  def new generation   total 314560K, used 11913K [0x00000000c0000000, 0x00000000d5550000, 0x00000000d5550000)
[73.741s][info][gc,heap,exit   ]   eden space 279616K,   4% used [0x00000000c0000000, 0x00000000c0ba2680, 0x00000000d1110000)
[73.741s][info][gc,heap,exit   ]   from space 34944K,   0% used [0x00000000d1110000, 0x00000000d1110000, 0x00000000d3330000)
[73.741s][info][gc,heap,exit   ]   to   space 34944K,   0% used [0x00000000d3330000, 0x00000000d3330000, 0x00000000d5550000)
[73.741s][info][gc,heap,exit   ]  tenured generation   total 699072K, used 7727K [0x00000000d5550000, 0x0000000100000000, 0x0000000100000000)
[73.741s][info][gc,heap,exit   ]    the space 699072K,   1% used [0x00000000d5550000, 0x00000000d5cdbc00, 0x00000000d5cdbc00, 0x0000000100000000)
[73.741s][info][gc,heap,exit   ]  Metaspace       used 14438K, committed 14656K, reserved 1114112K
[73.741s][info][gc,heap,exit   ]   class space    used 1569K, committed 1664K, reserved 1048576K
