[0.028s][info][gc] Using Parallel
[0.028s][info][gc,heap,coops] Heap address: 0x0000000600000000, size: 8192 MB, Compressed Oops mode: Zero based, Oop shift amount: 3
[2.519s][info][gc,start     ] GC(0) Pause Young (Metadata GC Threshold)
[2.524s][info][gc,heap      ] GC(0) PSYoungGen: 167818K->4842K(2446848K)
[2.524s][info][gc,heap      ] GC(0) PSOldGen: 0K->16K(5592576K)
[2.524s][info][gc,metaspace ] GC(0) Metaspace: 20779K(21296K)->20779K(21296K) NonClass: 18301K(18608K)->18301K(18608K) Class: 2478K(2688K)->2478K(2688K)
[2.524s][info][gc           ] GC(0) Pause Young (Metadata GC Threshold) 163M->4M(7851M) 4.687ms
[2.526s][info][gc,cpu       ] GC(0) User=0.00s Sys=0.00s Real=0.00s
[2.526s][info][gc,start     ] GC(1) Pause Full (Metadata GC Threshold)
[2.526s][info][gc,phases,start] GC(1) Phase 1: Mark live objects
[2.531s][info][gc,phases      ] GC(1) Phase 1: Mark live objects 5.040ms
[2.531s][info][gc,phases,start] GC(1) Phase 2: Compute new object addresses
[2.533s][info][gc,phases      ] GC(1) Phase 2: Compute new object addresses 1.134ms
[2.533s][info][gc,phases,start] GC(1) Phase 3: Adjust pointers
[2.535s][info][gc,phases      ] GC(1) Phase 3: Adjust pointers 2.631ms
[2.535s][info][gc,phases,start] GC(1) Phase 4: Move objects
[2.537s][info][gc,phases      ] GC(1) Phase 4: Move objects 1.692ms
[2.538s][info][gc,heap        ] GC(1) PSYoungGen: 4842K->0K(2446848K)
[2.538s][info][gc,heap        ] GC(1) PSOldGen: 16K->4732K(5592576K)
[2.538s][info][gc,metaspace   ] GC(1) Metaspace: 20779K(21296K)->20779K(21296K) NonClass: 18301K(18608K)->18301K(18608K) Class: 2478K(2688K)->2478K(2688K)
[2.538s][info][gc             ] GC(1) Pause Full (Metadata GC Threshold) 4M->4M(7851M) 11.355ms
[2.538s][info][gc,cpu         ] GC(1) User=0.00s Sys=0.00s Real=0.01s
[12.550s][info][gc,start       ] GC(2) Pause Young (Metadata GC Threshold)
[12.555s][info][gc,heap        ] GC(2) PSYoungGen: 125860K->15546K(2446848K)
[12.555s][info][gc,heap        ] GC(2) PSOldGen: 4732K->4804K(5592576K)
[12.555s][info][gc,metaspace   ] GC(2) Metaspace: 34458K(35376K)->34458K(35376K) NonClass: 30191K(30640K)->30191K(30640K) Class: 4267K(4736K)->4267K(4736K)
[12.555s][info][gc             ] GC(2) Pause Young (Metadata GC Threshold) 127M->19M(7851M) 5.484ms
[12.555s][info][gc,cpu         ] GC(2) User=0.00s Sys=0.00s Real=0.01s
[12.555s][info][gc,start       ] GC(3) Pause Full (Metadata GC Threshold)
[12.555s][info][gc,phases,start] GC(3) Phase 1: Mark live objects
[12.568s][info][gc,phases      ] GC(3) Phase 1: Mark live objects 12.837ms
[12.568s][info][gc,phases,start] GC(3) Phase 2: Compute new object addresses
[12.570s][info][gc,phases      ] GC(3) Phase 2: Compute new object addresses 1.918ms
[12.570s][info][gc,phases,start] GC(3) Phase 3: Adjust pointers
[12.576s][info][gc,phases      ] GC(3) Phase 3: Adjust pointers 5.728ms
[12.576s][info][gc,phases,start] GC(3) Phase 4: Move objects
[12.580s][info][gc,phases      ] GC(3) Phase 4: Move objects 3.721ms
[12.580s][info][gc,heap        ] GC(3) PSYoungGen: 15546K->0K(2446848K)
[12.580s][info][gc,heap        ] GC(3) PSOldGen: 4804K->20037K(5592576K)
[12.580s][info][gc,metaspace   ] GC(3) Metaspace: 34458K(35376K)->34442K(35376K) NonClass: 30191K(30640K)->30179K(30640K) Class: 4267K(4736K)->4263K(4736K)
[12.580s][info][gc             ] GC(3) Pause Full (Metadata GC Threshold) 19M->19M(7851M) 25.045ms
[12.580s][info][gc,cpu         ] GC(3) User=0.00s Sys=0.02s Real=0.02s
[13.999s][info][gc,start       ] GC(4) Pause Young (Metadata GC Threshold)
[14.004s][info][gc,heap        ] GC(4) PSYoungGen: 922988K->6059K(2446848K)
[14.004s][info][gc,heap        ] GC(4) PSOldGen: 20037K->20045K(5592576K)
[14.004s][info][gc,metaspace   ] GC(4) Metaspace: 57231K(58960K)->57231K(58960K) NonClass: 50053K(50864K)->50053K(50864K) Class: 7178K(8096K)->7178K(8096K)
[14.004s][info][gc             ] GC(4) Pause Young (Metadata GC Threshold) 920M->25M(7851M) 5.003ms
[14.004s][info][gc,cpu         ] GC(4) User=0.00s Sys=0.00s Real=0.02s
[14.004s][info][gc,start       ] GC(5) Pause Full (Metadata GC Threshold)
[14.005s][info][gc,phases,start] GC(5) Phase 1: Mark live objects
[14.024s][info][gc,phases      ] GC(5) Phase 1: Mark live objects 19.525ms
[14.024s][info][gc,phases,start] GC(5) Phase 2: Compute new object addresses
[14.027s][info][gc,phases      ] GC(5) Phase 2: Compute new object addresses 3.067ms
[14.028s][info][gc,phases,start] GC(5) Phase 3: Adjust pointers
[14.038s][info][gc,phases      ] GC(5) Phase 3: Adjust pointers 10.001ms
[14.038s][info][gc,phases,start] GC(5) Phase 4: Move objects
[14.040s][info][gc,phases      ] GC(5) Phase 4: Move objects 2.022ms
[14.040s][info][gc,heap        ] GC(5) PSYoungGen: 6059K->0K(2446848K)
[14.040s][info][gc,heap        ] GC(5) PSOldGen: 20045K->25917K(5592576K)
[14.040s][info][gc,metaspace   ] GC(5) Metaspace: 57231K(58960K)->57231K(58960K) NonClass: 50053K(50864K)->50053K(50864K) Class: 7178K(8096K)->7178K(8096K)
[14.040s][info][gc             ] GC(5) Pause Full (Metadata GC Threshold) 25M->25M(7851M) 35.943ms
[14.040s][info][gc,cpu         ] GC(5) User=0.03s Sys=0.00s Real=0.03s
[15.270s][info][gc,start       ] GC(6) Pause Young (System.gc())
[15.272s][info][gc,heap        ] GC(6) PSYoungGen: 757994K->1504K(2446848K)
[15.272s][info][gc,heap        ] GC(6) PSOldGen: 25917K->25925K(5592576K)
[15.272s][info][gc,metaspace   ] GC(6) Metaspace: 64716K(67152K)->64716K(67152K) NonClass: 56337K(57520K)->56337K(57520K) Class: 8379K(9632K)->8379K(9632K)
[15.272s][info][gc             ] GC(6) Pause Young (System.gc()) 765M->26M(7851M) 1.987ms
[15.272s][info][gc,cpu         ] GC(6) User=0.00s Sys=0.00s Real=0.00s
[15.272s][info][gc,start       ] GC(7) Pause Full (System.gc())
[15.272s][info][gc,phases,start] GC(7) Phase 1: Mark live objects
[15.294s][info][gc,phases      ] GC(7) Phase 1: Mark live objects 22.023ms
[15.294s][info][gc,phases,start] GC(7) Phase 2: Compute new object addresses
[15.298s][info][gc,phases      ] GC(7) Phase 2: Compute new object addresses 3.477ms
[15.298s][info][gc,phases,start] GC(7) Phase 3: Adjust pointers
[15.309s][info][gc,phases      ] GC(7) Phase 3: Adjust pointers 10.973ms
[15.309s][info][gc,phases,start] GC(7) Phase 4: Move objects
[15.315s][info][gc,phases      ] GC(7) Phase 4: Move objects 5.674ms
[15.315s][info][gc,heap        ] GC(7) PSYoungGen: 1504K->0K(2446848K)
[15.315s][info][gc,heap        ] GC(7) PSOldGen: 25925K->26572K(5592576K)
[15.315s][info][gc,metaspace   ] GC(7) Metaspace: 64716K(67152K)->64716K(67152K) NonClass: 56337K(57520K)->56337K(57520K) Class: 8379K(9632K)->8379K(9632K)
[15.315s][info][gc             ] GC(7) Pause Full (System.gc()) 26M->25M(7851M) 43.489ms
[15.315s][info][gc,cpu         ] GC(7) User=0.05s Sys=0.00s Real=0.04s
[16.938s][info][gc,start       ] GC(8) Pause Young (Allocation Failure)
[17.003s][info][gc,heap        ] GC(8) PSYoungGen: 2097664K->123729K(2446848K)
[17.003s][info][gc,heap        ] GC(8) PSOldGen: 26572K->26580K(5592576K)
[17.003s][info][gc,metaspace   ] GC(8) Metaspace: 73683K(77264K)->73683K(77264K) NonClass: 63928K(65712K)->63928K(65712K) Class: 9754K(11552K)->9754K(11552K)
[17.003s][info][gc             ] GC(8) Pause Young (Allocation Failure) 2074M->146M(7851M) 64.570ms
[17.003s][info][gc,cpu         ] GC(8) User=0.25s Sys=0.12s Real=0.07s
[17.494s][info][gc,start       ] GC(9) Pause Young (Allocation Failure)
[17.554s][info][gc,heap        ] GC(9) PSYoungGen: 2221393K->153029K(2642432K)
[17.554s][info][gc,heap        ] GC(9) PSOldGen: 26580K->26588K(5592576K)
[17.554s][info][gc,metaspace   ] GC(9) Metaspace: 74060K(77904K)->74060K(77904K) NonClass: 64215K(66224K)->64215K(66224K) Class: 9844K(11680K)->9844K(11680K)
[17.555s][info][gc             ] GC(9) Pause Young (Allocation Failure) 2195M->175M(8042M) 60.482ms
[17.555s][info][gc,cpu         ] GC(9) User=0.22s Sys=0.06s Real=0.07s
[17.991s][info][gc,start       ] GC(10) Pause Young (System.gc())
[18.049s][info][gc,heap        ] GC(10) PSYoungGen: 968717K->150387K(2446848K)
[18.049s][info][gc,heap        ] GC(10) PSOldGen: 26588K->26596K(5592576K)
[18.049s][info][gc,metaspace   ] GC(10) Metaspace: 76235K(80208K)->76235K(80208K) NonClass: 66031K(68016K)->66031K(68016K) Class: 10204K(12192K)->10204K(12192K)
[18.049s][info][gc             ] GC(10) Pause Young (System.gc()) 971M->172M(7851M) 57.394ms
[18.049s][info][gc,cpu         ] GC(10) User=0.33s Sys=0.05s Real=0.06s
[18.049s][info][gc,start       ] GC(11) Pause Full (System.gc())
[18.049s][info][gc,phases,start] GC(11) Phase 1: Mark live objects
[18.153s][info][gc,phases      ] GC(11) Phase 1: Mark live objects 103.656ms
[18.153s][info][gc,phases,start] GC(11) Phase 2: Compute new object addresses
[18.183s][info][gc,phases      ] GC(11) Phase 2: Compute new object addresses 29.812ms
[18.183s][info][gc,phases,start] GC(11) Phase 3: Adjust pointers
[18.238s][info][gc,phases      ] GC(11) Phase 3: Adjust pointers 55.500ms
[18.238s][info][gc,phases,start] GC(11) Phase 4: Move objects
[18.287s][info][gc,phases      ] GC(11) Phase 4: Move objects 48.677ms
[18.288s][info][gc,heap        ] GC(11) PSYoungGen: 150387K->0K(2446848K)
[18.288s][info][gc,heap        ] GC(11) PSOldGen: 26596K->176665K(5592576K)
[18.288s][info][gc,metaspace   ] GC(11) Metaspace: 76235K(80208K)->76025K(80208K) NonClass: 66031K(68016K)->65905K(68016K) Class: 10204K(12192K)->10120K(12192K)
[18.288s][info][gc             ] GC(11) Pause Full (System.gc()) 172M->172M(7851M) 239.263ms
[18.288s][info][gc,cpu         ] GC(11) User=0.23s Sys=0.00s Real=0.24s
[18.945s][info][gc,start       ] GC(12) Pause Young (Allocation Failure)
[18.946s][info][gc,heap        ] GC(12) PSYoungGen: 2293248K->416K(2609152K)
[18.946s][info][gc,heap        ] GC(12) PSOldGen: 176665K->176665K(5592576K)
[18.946s][info][gc,metaspace   ] GC(12) Metaspace: 76168K(80208K)->76168K(80208K) NonClass: 66020K(68016K)->66020K(68016K) Class: 10147K(12192K)->10147K(12192K)
[18.946s][info][gc             ] GC(12) Pause Young (Allocation Failure) 2412M->172M(8009M) 1.270ms
[18.946s][info][gc,cpu         ] GC(12) User=0.08s Sys=0.02s Real=0.00s
[19.033s][info][gc,start       ] GC(13) Pause Young (System.gc())
[19.034s][info][gc,heap        ] GC(13) PSYoungGen: 413153K->352K(2606592K)
[19.034s][info][gc,heap        ] GC(13) PSOldGen: 176665K->176665K(5592576K)
[19.034s][info][gc,metaspace   ] GC(13) Metaspace: 76227K(80208K)->76227K(80208K) NonClass: 66077K(68016K)->66077K(68016K) Class: 10150K(12192K)->10150K(12192K)
[19.034s][info][gc             ] GC(13) Pause Young (System.gc()) 575M->172M(8007M) 1.283ms
[19.034s][info][gc,cpu         ] GC(13) User=0.00s Sys=0.00s Real=0.00s
[19.034s][info][gc,start       ] GC(14) Pause Full (System.gc())
[19.035s][info][gc,phases,start] GC(14) Phase 1: Mark live objects
[19.138s][info][gc,phases      ] GC(14) Phase 1: Mark live objects 103.295ms
[19.138s][info][gc,phases,start] GC(14) Phase 2: Compute new object addresses
[19.166s][info][gc,phases      ] GC(14) Phase 2: Compute new object addresses 27.938ms
[19.166s][info][gc,phases,start] GC(14) Phase 3: Adjust pointers
[19.219s][info][gc,phases      ] GC(14) Phase 3: Adjust pointers 53.152ms
[19.219s][info][gc,phases,start] GC(14) Phase 4: Move objects
[19.219s][info][gc,phases      ] GC(14) Phase 4: Move objects 0.084ms
[19.220s][info][gc,heap        ] GC(14) PSYoungGen: 352K->0K(2606592K)
[19.220s][info][gc,heap        ] GC(14) PSOldGen: 176665K->176792K(5592576K)
[19.220s][info][gc,metaspace   ] GC(14) Metaspace: 76227K(80208K)->76218K(80208K) NonClass: 66077K(68016K)->66071K(68016K) Class: 10150K(12192K)->10147K(12192K)
[19.220s][info][gc             ] GC(14) Pause Full (System.gc()) 172M->172M(8007M) 185.792ms
[19.220s][info][gc,cpu         ] GC(14) User=0.19s Sys=0.00s Real=0.19s
[19.906s][info][gc,start       ] GC(15) Pause Young (Allocation Failure)
[19.908s][info][gc,heap        ] GC(15) PSYoungGen: 2419712K->416K(2617856K)
[19.908s][info][gc,heap        ] GC(15) PSOldGen: 176792K->176800K(5592576K)
[19.908s][info][gc,metaspace   ] GC(15) Metaspace: 76275K(80464K)->76275K(80464K) NonClass: 66125K(68272K)->66125K(68272K) Class: 10149K(12192K)->10149K(12192K)
[19.908s][info][gc             ] GC(15) Pause Young (Allocation Failure) 2535M->173M(8018M) 1.367ms
[19.908s][info][gc,cpu         ] GC(15) User=0.00s Sys=0.00s Real=0.00s
[19.949s][info][gc,start       ] GC(16) Pause Young (System.gc())
[19.950s][info][gc,heap        ] GC(16) PSYoungGen: 138243K->320K(2613248K)
[19.950s][info][gc,heap        ] GC(16) PSOldGen: 176800K->176800K(5592576K)
[19.950s][info][gc,metaspace   ] GC(16) Metaspace: 76335K(80464K)->76335K(80464K) NonClass: 66183K(68272K)->66183K(68272K) Class: 10151K(12192K)->10151K(12192K)
[19.950s][info][gc             ] GC(16) Pause Young (System.gc()) 307M->172M(8013M) 1.176ms
[19.950s][info][gc,cpu         ] GC(16) User=0.00s Sys=0.00s Real=0.00s
[19.950s][info][gc,start       ] GC(17) Pause Full (System.gc())
[19.951s][info][gc,phases,start] GC(17) Phase 1: Mark live objects
[20.054s][info][gc,phases      ] GC(17) Phase 1: Mark live objects 103.507ms
[20.054s][info][gc,phases,start] GC(17) Phase 2: Compute new object addresses
[20.082s][info][gc,phases      ] GC(17) Phase 2: Compute new object addresses 27.852ms
[20.082s][info][gc,phases,start] GC(17) Phase 3: Adjust pointers
[20.133s][info][gc,phases      ] GC(17) Phase 3: Adjust pointers 50.768ms
[20.133s][info][gc,phases,start] GC(17) Phase 4: Move objects
[20.133s][info][gc,phases      ] GC(17) Phase 4: Move objects 0.080ms
[20.134s][info][gc,heap        ] GC(17) PSYoungGen: 320K->0K(2613248K)
[20.134s][info][gc,heap        ] GC(17) PSOldGen: 176800K->176914K(5592576K)
[20.134s][info][gc,metaspace   ] GC(17) Metaspace: 76335K(80464K)->76333K(80464K) NonClass: 66183K(68272K)->66182K(68272K) Class: 10151K(12192K)->10151K(12192K)
[20.134s][info][gc             ] GC(17) Pause Full (System.gc()) 172M->172M(8013M) 183.660ms
[20.134s][info][gc,cpu         ] GC(17) User=0.19s Sys=0.00s Real=0.17s
[20.761s][info][gc,start       ] GC(18) Pause Young (Allocation Failure)
[20.762s][info][gc,heap        ] GC(18) PSYoungGen: 2435072K->320K(2629632K)
[20.762s][info][gc,heap        ] GC(18) PSOldGen: 176914K->176922K(5592576K)
[20.762s][info][gc,metaspace   ] GC(18) Metaspace: 76454K(80464K)->76454K(80464K) NonClass: 66299K(68272K)->66299K(68272K) Class: 10154K(12192K)->10154K(12192K)
[20.762s][info][gc             ] GC(18) Pause Young (Allocation Failure) 2550M->173M(8029M) 1.288ms
[20.762s][info][gc,cpu         ] GC(18) User=0.00s Sys=0.00s Real=0.00s
[20.785s][info][gc,start       ] GC(19) Pause Young (System.gc())
[20.787s][info][gc,heap        ] GC(19) PSYoungGen: 104822K->192K(2623488K)
[20.787s][info][gc,heap        ] GC(19) PSOldGen: 176922K->177154K(5592576K)
[20.787s][info][gc,metaspace   ] GC(19) Metaspace: 76482K(80464K)->76482K(80464K) NonClass: 66327K(68272K)->66327K(68272K) Class: 10155K(12192K)->10155K(12192K)
[20.787s][info][gc             ] GC(19) Pause Young (System.gc()) 275M->173M(8023M) 1.234ms
[20.787s][info][gc,cpu         ] GC(19) User=0.00s Sys=0.00s Real=0.00s
[20.787s][info][gc,start       ] GC(20) Pause Full (System.gc())
[20.788s][info][gc,phases,start] GC(20) Phase 1: Mark live objects
[20.882s][info][gc,phases      ] GC(20) Phase 1: Mark live objects 94.437ms
[20.882s][info][gc,phases,start] GC(20) Phase 2: Compute new object addresses
[20.911s][info][gc,phases      ] GC(20) Phase 2: Compute new object addresses 28.588ms
[20.911s][info][gc,phases,start] GC(20) Phase 3: Adjust pointers
[20.967s][info][gc,phases      ] GC(20) Phase 3: Adjust pointers 55.781ms
[20.967s][info][gc,phases,start] GC(20) Phase 4: Move objects
[21.003s][info][gc,phases      ] GC(20) Phase 4: Move objects 36.059ms
[21.004s][info][gc,heap        ] GC(20) PSYoungGen: 192K->0K(2623488K)
[21.004s][info][gc,heap        ] GC(20) PSOldGen: 177154K->176738K(5592576K)
[21.004s][info][gc,metaspace   ] GC(20) Metaspace: 76482K(80464K)->76482K(80464K) NonClass: 66327K(68272K)->66327K(68272K) Class: 10155K(12192K)->10155K(12192K)
[21.004s][info][gc             ] GC(20) Pause Full (System.gc()) 173M->172M(8023M) 216.773ms
[21.004s][info][gc,cpu         ] GC(20) User=0.22s Sys=0.00s Real=0.22s
[21.639s][info][gc,start       ] GC(21) Pause Young (System.gc())
[21.640s][info][gc,heap        ] GC(21) PSYoungGen: 2419449K->384K(2643456K)
[21.640s][info][gc,heap        ] GC(21) PSOldGen: 176738K->176738K(5592576K)
[21.640s][info][gc,metaspace   ] GC(21) Metaspace: 76598K(80720K)->76598K(80720K) NonClass: 66443K(68528K)->66443K(68528K) Class: 10155K(12192K)->10155K(12192K)
[21.640s][info][gc             ] GC(21) Pause Young (System.gc()) 2535M->172M(8043M) 1.293ms
[21.640s][info][gc,cpu         ] GC(21) User=0.00s Sys=0.00s Real=0.00s
[21.640s][info][gc,start       ] GC(22) Pause Full (System.gc())
[21.641s][info][gc,phases,start] GC(22) Phase 1: Mark live objects
[21.736s][info][gc,phases      ] GC(22) Phase 1: Mark live objects 95.176ms
[21.736s][info][gc,phases,start] GC(22) Phase 2: Compute new object addresses
[21.764s][info][gc,phases      ] GC(22) Phase 2: Compute new object addresses 27.962ms
[21.764s][info][gc,phases,start] GC(22) Phase 3: Adjust pointers
[21.816s][info][gc,phases      ] GC(22) Phase 3: Adjust pointers 52.265ms
[21.816s][info][gc,phases,start] GC(22) Phase 4: Move objects
[21.816s][info][gc,phases      ] GC(22) Phase 4: Move objects 0.039ms
[21.817s][info][gc,heap        ] GC(22) PSYoungGen: 384K->0K(2643456K)
[21.817s][info][gc,heap        ] GC(22) PSOldGen: 176738K->176853K(5592576K)
[21.817s][info][gc,metaspace   ] GC(22) Metaspace: 76598K(80720K)->76598K(80720K) NonClass: 66443K(68528K)->66443K(68528K) Class: 10155K(12192K)->10155K(12192K)
[21.817s][info][gc             ] GC(22) Pause Full (System.gc()) 172M->172M(8043M) 177.104ms
[21.817s][info][gc,cpu         ] GC(22) User=0.16s Sys=0.00s Real=0.18s
[22.456s][info][gc,start       ] GC(23) Pause Young (System.gc())
[22.458s][info][gc,heap        ] GC(23) PSYoungGen: 2412091K->384K(2636288K)
[22.458s][info][gc,heap        ] GC(23) PSOldGen: 176853K->176861K(5592576K)
[22.458s][info][gc,metaspace   ] GC(23) Metaspace: 76710K(80720K)->76710K(80720K) NonClass: 66550K(68528K)->66550K(68528K) Class: 10159K(12192K)->10159K(12192K)
[22.458s][info][gc             ] GC(23) Pause Young (System.gc()) 2528M->173M(8036M) 1.324ms
[22.458s][info][gc,cpu         ] GC(23) User=0.00s Sys=0.00s Real=0.00s
[22.458s][info][gc,start       ] GC(24) Pause Full (System.gc())
[22.459s][info][gc,phases,start] GC(24) Phase 1: Mark live objects
[22.564s][info][gc,phases      ] GC(24) Phase 1: Mark live objects 105.268ms
[22.564s][info][gc,phases,start] GC(24) Phase 2: Compute new object addresses
[22.592s][info][gc,phases      ] GC(24) Phase 2: Compute new object addresses 27.917ms
[22.592s][info][gc,phases,start] GC(24) Phase 3: Adjust pointers
[22.644s][info][gc,phases      ] GC(24) Phase 3: Adjust pointers 51.878ms
[22.644s][info][gc,phases,start] GC(24) Phase 4: Move objects
[22.644s][info][gc,phases      ] GC(24) Phase 4: Move objects 0.055ms
[22.645s][info][gc,heap        ] GC(24) PSYoungGen: 384K->0K(2636288K)
[22.645s][info][gc,heap        ] GC(24) PSOldGen: 176861K->176985K(5592576K)
[22.645s][info][gc,metaspace   ] GC(24) Metaspace: 76710K(80720K)->76702K(80720K) NonClass: 66550K(68528K)->66543K(68528K) Class: 10159K(12192K)->10158K(12192K)
[22.645s][info][gc             ] GC(24) Pause Full (System.gc()) 173M->172M(8036M) 186.932ms
[22.645s][info][gc,cpu         ] GC(24) User=0.20s Sys=0.00s Real=0.19s
[23.279s][info][gc,start       ] GC(25) Pause Young (System.gc())
[23.280s][info][gc,heap        ] GC(25) PSYoungGen: 2410119K->352K(2658304K)
[23.280s][info][gc,heap        ] GC(25) PSOldGen: 176985K->176993K(5592576K)
[23.280s][info][gc,metaspace   ] GC(25) Metaspace: 76786K(80720K)->76786K(80720K) NonClass: 66627K(68528K)->66627K(68528K) Class: 10159K(12192K)->10159K(12192K)
[23.280s][info][gc             ] GC(25) Pause Young (System.gc()) 2526M->173M(8057M) 1.210ms
[23.280s][info][gc,cpu         ] GC(25) User=0.00s Sys=0.00s Real=0.00s
[23.280s][info][gc,start       ] GC(26) Pause Full (System.gc())
[23.282s][info][gc,phases,start] GC(26) Phase 1: Mark live objects
[23.375s][info][gc,phases      ] GC(26) Phase 1: Mark live objects 93.584ms
[23.375s][info][gc,phases,start] GC(26) Phase 2: Compute new object addresses
[23.403s][info][gc,phases      ] GC(26) Phase 2: Compute new object addresses 28.041ms
[23.403s][info][gc,phases,start] GC(26) Phase 3: Adjust pointers
[23.456s][info][gc,phases      ] GC(26) Phase 3: Adjust pointers 52.219ms
[23.456s][info][gc,phases,start] GC(26) Phase 4: Move objects
[23.456s][info][gc,phases      ] GC(26) Phase 4: Move objects 0.040ms
[23.456s][info][gc,heap        ] GC(26) PSYoungGen: 352K->0K(2658304K)
[23.456s][info][gc,heap        ] GC(26) PSOldGen: 176993K->177110K(5592576K)
[23.456s][info][gc,metaspace   ] GC(26) Metaspace: 76786K(80720K)->76786K(80720K) NonClass: 66627K(68528K)->66627K(68528K) Class: 10159K(12192K)->10159K(12192K)
[23.456s][info][gc             ] GC(26) Pause Full (System.gc()) 173M->172M(8057M) 176.058ms
[23.457s][info][gc,cpu         ] GC(26) User=0.17s Sys=0.00s Real=0.17s
[24.077s][info][gc,start       ] GC(27) Pause Young (System.gc())
[24.079s][info][gc,heap        ] GC(27) PSYoungGen: 2402109K->352K(2650624K)
[24.079s][info][gc,heap        ] GC(27) PSOldGen: 177110K->177118K(5592576K)
[24.079s][info][gc,metaspace   ] GC(27) Metaspace: 76860K(80976K)->76860K(80976K) NonClass: 66700K(68784K)->66700K(68784K) Class: 10160K(12192K)->10160K(12192K)
[24.079s][info][gc             ] GC(27) Pause Young (System.gc()) 2518M->173M(8050M) 1.296ms
[24.079s][info][gc,cpu         ] GC(27) User=0.00s Sys=0.00s Real=0.00s
[24.079s][info][gc,start       ] GC(28) Pause Full (System.gc())
[24.080s][info][gc,phases,start] GC(28) Phase 1: Mark live objects
[24.178s][info][gc,phases      ] GC(28) Phase 1: Mark live objects 97.960ms
[24.178s][info][gc,phases,start] GC(28) Phase 2: Compute new object addresses
[24.208s][info][gc,phases      ] GC(28) Phase 2: Compute new object addresses 29.717ms
[24.208s][info][gc,phases,start] GC(28) Phase 3: Adjust pointers
[24.263s][info][gc,phases      ] GC(28) Phase 3: Adjust pointers 54.891ms
[24.263s][info][gc,phases,start] GC(28) Phase 4: Move objects
[24.293s][info][gc,phases      ] GC(28) Phase 4: Move objects 30.520ms
[24.294s][info][gc,heap        ] GC(28) PSYoungGen: 352K->0K(2650624K)
[24.294s][info][gc,heap        ] GC(28) PSOldGen: 177118K->176961K(5592576K)
[24.294s][info][gc,metaspace   ] GC(28) Metaspace: 76860K(80976K)->76860K(80976K) NonClass: 66700K(68784K)->66700K(68784K) Class: 10160K(12192K)->10160K(12192K)
[24.294s][info][gc             ] GC(28) Pause Full (System.gc()) 173M->172M(8050M) 215.227ms
[24.294s][info][gc,cpu         ] GC(28) User=0.22s Sys=0.00s Real=0.22s
[24.914s][info][gc,start       ] GC(29) Pause Young (System.gc())
[24.916s][info][gc,heap        ] GC(29) PSYoungGen: 2392188K->320K(2672640K)
[24.916s][info][gc,heap        ] GC(29) PSOldGen: 176961K->176969K(5592576K)
[24.916s][info][gc,metaspace   ] GC(29) Metaspace: 76922K(80976K)->76922K(80976K) NonClass: 66761K(68784K)->66761K(68784K) Class: 10160K(12192K)->10160K(12192K)
[24.916s][info][gc             ] GC(29) Pause Young (System.gc()) 2508M->173M(8071M) 1.461ms
[24.916s][info][gc,cpu         ] GC(29) User=0.00s Sys=0.00s Real=0.00s
[24.916s][info][gc,start       ] GC(30) Pause Full (System.gc())
[24.917s][info][gc,phases,start] GC(30) Phase 1: Mark live objects
[25.014s][info][gc,phases      ] GC(30) Phase 1: Mark live objects 96.861ms
[25.014s][info][gc,phases,start] GC(30) Phase 2: Compute new object addresses
[25.042s][info][gc,phases      ] GC(30) Phase 2: Compute new object addresses 27.802ms
[25.042s][info][gc,phases,start] GC(30) Phase 3: Adjust pointers
[25.094s][info][gc,phases      ] GC(30) Phase 3: Adjust pointers 51.826ms
[25.094s][info][gc,phases,start] GC(30) Phase 4: Move objects
[25.094s][info][gc,phases      ] GC(30) Phase 4: Move objects 0.038ms
[25.095s][info][gc,heap        ] GC(30) PSYoungGen: 320K->0K(2672640K)
[25.095s][info][gc,heap        ] GC(30) PSOldGen: 176969K->177085K(5592576K)
[25.095s][info][gc,metaspace   ] GC(30) Metaspace: 76922K(80976K)->76922K(80976K) NonClass: 66761K(68784K)->66761K(68784K) Class: 10160K(12192K)->10160K(12192K)
[25.095s][info][gc             ] GC(30) Pause Full (System.gc()) 173M->172M(8071M) 178.881ms
[25.095s][info][gc,cpu         ] GC(30) User=0.17s Sys=0.00s Real=0.18s
[25.715s][info][gc,start       ] GC(31) Pause Young (System.gc())
[25.716s][info][gc,heap        ] GC(31) PSYoungGen: 2394327K->352K(2665472K)
[25.716s][info][gc,heap        ] GC(31) PSOldGen: 177085K->177093K(5592576K)
[25.716s][info][gc,metaspace   ] GC(31) Metaspace: 77005K(80976K)->77005K(80976K) NonClass: 66844K(68784K)->66844K(68784K) Class: 10160K(12192K)->10160K(12192K)
[25.716s][info][gc             ] GC(31) Pause Young (System.gc()) 2511M->173M(8064M) 1.317ms
[25.717s][info][gc,cpu         ] GC(31) User=0.00s Sys=0.00s Real=0.00s
[25.717s][info][gc,start       ] GC(32) Pause Full (System.gc())
[25.719s][info][gc,phases,start] GC(32) Phase 1: Mark live objects
[25.815s][info][gc,phases      ] GC(32) Phase 1: Mark live objects 95.360ms
[25.815s][info][gc,phases,start] GC(32) Phase 2: Compute new object addresses
[25.843s][info][gc,phases      ] GC(32) Phase 2: Compute new object addresses 27.922ms
[25.843s][info][gc,phases,start] GC(32) Phase 3: Adjust pointers
[25.894s][info][gc,phases      ] GC(32) Phase 3: Adjust pointers 51.728ms
[25.895s][info][gc,phases,start] GC(32) Phase 4: Move objects
[25.895s][info][gc,phases      ] GC(32) Phase 4: Move objects 0.054ms
[25.895s][info][gc,heap        ] GC(32) PSYoungGen: 352K->0K(2665472K)
[25.895s][info][gc,heap        ] GC(32) PSOldGen: 177093K->177203K(5592576K)
[25.895s][info][gc,metaspace   ] GC(32) Metaspace: 77005K(80976K)->77005K(80976K) NonClass: 66844K(68784K)->66844K(68784K) Class: 10160K(12192K)->10160K(12192K)
[25.895s][info][gc             ] GC(32) Pause Full (System.gc()) 173M->173M(8064M) 178.698ms
[25.895s][info][gc,cpu         ] GC(32) User=0.17s Sys=0.00s Real=0.18s
[26.513s][info][gc,start       ] GC(33) Pause Young (System.gc())
[26.515s][info][gc,heap        ] GC(33) PSYoungGen: 2384667K->352K(2686464K)
[26.515s][info][gc,heap        ] GC(33) PSOldGen: 177203K->177211K(5592576K)
[26.515s][info][gc,metaspace   ] GC(33) Metaspace: 77057K(80976K)->77057K(80976K) NonClass: 66897K(68784K)->66897K(68784K) Class: 10160K(12192K)->10160K(12192K)
[26.515s][info][gc             ] GC(33) Pause Young (System.gc()) 2501M->173M(8085M) 1.345ms
[26.515s][info][gc,cpu         ] GC(33) User=0.00s Sys=0.00s Real=0.00s
[26.515s][info][gc,start       ] GC(34) Pause Full (System.gc())
[26.516s][info][gc,phases,start] GC(34) Phase 1: Mark live objects
[26.611s][info][gc,phases      ] GC(34) Phase 1: Mark live objects 94.374ms
[26.611s][info][gc,phases,start] GC(34) Phase 2: Compute new object addresses
[26.639s][info][gc,phases      ] GC(34) Phase 2: Compute new object addresses 27.892ms
[26.639s][info][gc,phases,start] GC(34) Phase 3: Adjust pointers
[26.691s][info][gc,phases      ] GC(34) Phase 3: Adjust pointers 52.323ms
[26.691s][info][gc,phases,start] GC(34) Phase 4: Move objects
[26.691s][info][gc,phases      ] GC(34) Phase 4: Move objects 0.072ms
[26.692s][info][gc,heap        ] GC(34) PSYoungGen: 352K->0K(2686464K)
[26.692s][info][gc,heap        ] GC(34) PSOldGen: 177211K->177318K(5592576K)
[26.692s][info][gc,metaspace   ] GC(34) Metaspace: 77057K(80976K)->77057K(80976K) NonClass: 66897K(68784K)->66897K(68784K) Class: 10160K(12192K)->10160K(12192K)
[26.692s][info][gc             ] GC(34) Pause Full (System.gc()) 173M->173M(8085M) 176.881ms
[26.692s][info][gc,cpu         ] GC(34) User=0.17s Sys=0.00s Real=0.17s
[27.306s][info][gc,start       ] GC(35) Pause Young (System.gc())
[27.307s][info][gc,heap        ] GC(35) PSYoungGen: 2392102K->320K(2679808K)
[27.307s][info][gc,heap        ] GC(35) PSOldGen: 177318K->177326K(5592576K)
[27.307s][info][gc,metaspace   ] GC(35) Metaspace: 77113K(81232K)->77113K(81232K) NonClass: 66951K(69040K)->66951K(69040K) Class: 10161K(12192K)->10161K(12192K)
[27.307s][info][gc             ] GC(35) Pause Young (System.gc()) 2509M->173M(8078M) 1.357ms
[27.307s][info][gc,cpu         ] GC(35) User=0.00s Sys=0.00s Real=0.00s
[27.307s][info][gc,start       ] GC(36) Pause Full (System.gc())
[27.309s][info][gc,phases,start] GC(36) Phase 1: Mark live objects
[27.415s][info][gc,phases      ] GC(36) Phase 1: Mark live objects 106.593ms
[27.416s][info][gc,phases,start] GC(36) Phase 2: Compute new object addresses
[27.445s][info][gc,phases      ] GC(36) Phase 2: Compute new object addresses 29.141ms
[27.445s][info][gc,phases,start] GC(36) Phase 3: Adjust pointers
[27.500s][info][gc,phases      ] GC(36) Phase 3: Adjust pointers 55.524ms
[27.500s][info][gc,phases,start] GC(36) Phase 4: Move objects
[27.532s][info][gc,phases      ] GC(36) Phase 4: Move objects 31.787ms
[27.533s][info][gc,heap        ] GC(36) PSYoungGen: 320K->0K(2679808K)
[27.533s][info][gc,heap        ] GC(36) PSOldGen: 177326K->177133K(5592576K)
[27.533s][info][gc,metaspace   ] GC(36) Metaspace: 77113K(81232K)->77111K(81232K) NonClass: 66951K(69040K)->66950K(69040K) Class: 10161K(12192K)->10161K(12192K)
[27.533s][info][gc             ] GC(36) Pause Full (System.gc()) 173M->172M(8078M) 225.532ms
[27.533s][info][gc,cpu         ] GC(36) User=0.22s Sys=0.00s Real=0.24s
[28.157s][info][gc,start       ] GC(37) Pause Young (System.gc())
[28.159s][info][gc,heap        ] GC(37) PSYoungGen: 2476323K->384K(2699776K)
[28.159s][info][gc,heap        ] GC(37) PSOldGen: 177133K->177141K(5592576K)
[28.159s][info][gc,metaspace   ] GC(37) Metaspace: 77468K(81488K)->77468K(81488K) NonClass: 67240K(69296K)->67240K(69296K) Class: 10227K(12192K)->10227K(12192K)
[28.159s][info][gc             ] GC(37) Pause Young (System.gc()) 2591M->173M(8098M) 1.540ms
[28.159s][info][gc,cpu         ] GC(37) User=0.00s Sys=0.00s Real=0.00s
[28.159s][info][gc,start       ] GC(38) Pause Full (System.gc())
[28.160s][info][gc,phases,start] GC(38) Phase 1: Mark live objects
[28.257s][info][gc,phases      ] GC(38) Phase 1: Mark live objects 96.844ms
[28.257s][info][gc,phases,start] GC(38) Phase 2: Compute new object addresses
[28.286s][info][gc,phases      ] GC(38) Phase 2: Compute new object addresses 28.232ms
[28.286s][info][gc,phases,start] GC(38) Phase 3: Adjust pointers
[28.338s][info][gc,phases      ] GC(38) Phase 3: Adjust pointers 52.449ms
[28.338s][info][gc,phases,start] GC(38) Phase 4: Move objects
[28.338s][info][gc,phases      ] GC(38) Phase 4: Move objects 0.122ms
[28.339s][info][gc,heap        ] GC(38) PSYoungGen: 384K->0K(2699776K)
[28.339s][info][gc,heap        ] GC(38) PSOldGen: 177141K->177301K(5592576K)
[28.339s][info][gc,metaspace   ] GC(38) Metaspace: 77468K(81488K)->77468K(81488K) NonClass: 67240K(69296K)->67240K(69296K) Class: 10227K(12192K)->10227K(12192K)
[28.339s][info][gc             ] GC(38) Pause Full (System.gc()) 173M->173M(8098M) 180.144ms
[28.339s][info][gc,cpu         ] GC(38) User=0.19s Sys=0.02s Real=0.18s
[28.960s][info][gc,start       ] GC(39) Pause Young (System.gc())
[28.961s][info][gc,heap        ] GC(39) PSYoungGen: 2375763K->320K(2693120K)
[28.961s][info][gc,heap        ] GC(39) PSOldGen: 177301K->177309K(5592576K)
[28.961s][info][gc,metaspace   ] GC(39) Metaspace: 77530K(81488K)->77530K(81488K) NonClass: 67302K(69296K)->67302K(69296K) Class: 10228K(12192K)->10228K(12192K)
[28.961s][info][gc             ] GC(39) Pause Young (System.gc()) 2493M->173M(8091M) 1.396ms
[28.961s][info][gc,cpu         ] GC(39) User=0.05s Sys=0.03s Real=0.00s
[28.961s][info][gc,start       ] GC(40) Pause Full (System.gc())
[28.963s][info][gc,phases,start] GC(40) Phase 1: Mark live objects
[29.059s][info][gc,phases      ] GC(40) Phase 1: Mark live objects 96.647ms
[29.059s][info][gc,phases,start] GC(40) Phase 2: Compute new object addresses
[29.088s][info][gc,phases      ] GC(40) Phase 2: Compute new object addresses 28.111ms
[29.088s][info][gc,phases,start] GC(40) Phase 3: Adjust pointers
[29.140s][info][gc,phases      ] GC(40) Phase 3: Adjust pointers 52.351ms
[29.140s][info][gc,phases,start] GC(40) Phase 4: Move objects
[29.140s][info][gc,phases      ] GC(40) Phase 4: Move objects 0.058ms
[29.141s][info][gc,heap        ] GC(40) PSYoungGen: 320K->0K(2693120K)
[29.141s][info][gc,heap        ] GC(40) PSOldGen: 177309K->177411K(5592576K)
[29.141s][info][gc,metaspace   ] GC(40) Metaspace: 77530K(81488K)->77530K(81488K) NonClass: 67302K(69296K)->67302K(69296K) Class: 10228K(12192K)->10228K(12192K)
[29.141s][info][gc             ] GC(40) Pause Full (System.gc()) 173M->173M(8091M) 179.604ms
[29.141s][info][gc,cpu         ] GC(40) User=0.17s Sys=0.00s Real=0.18s
[29.759s][info][gc,start       ] GC(41) Pause Young (System.gc())
[29.760s][info][gc,heap        ] GC(41) PSYoungGen: 2388877K->320K(2711552K)
[29.760s][info][gc,heap        ] GC(41) PSOldGen: 177411K->177419K(5592576K)
[29.760s][info][gc,metaspace   ] GC(41) Metaspace: 77581K(81488K)->77581K(81488K) NonClass: 67353K(69296K)->67353K(69296K) Class: 10228K(12192K)->10228K(12192K)
[29.760s][info][gc             ] GC(41) Pause Young (System.gc()) 2506M->173M(8109M) 1.375ms
[29.760s][info][gc,cpu         ] GC(41) User=0.00s Sys=0.00s Real=0.00s
[29.760s][info][gc,start       ] GC(42) Pause Full (System.gc())
[29.762s][info][gc,phases,start] GC(42) Phase 1: Mark live objects
[29.858s][info][gc,phases      ] GC(42) Phase 1: Mark live objects 96.231ms
[29.858s][info][gc,phases,start] GC(42) Phase 2: Compute new object addresses
[29.886s][info][gc,phases      ] GC(42) Phase 2: Compute new object addresses 28.133ms
[29.886s][info][gc,phases,start] GC(42) Phase 3: Adjust pointers
[29.939s][info][gc,phases      ] GC(42) Phase 3: Adjust pointers 52.530ms
[29.939s][info][gc,phases,start] GC(42) Phase 4: Move objects
[29.939s][info][gc,phases      ] GC(42) Phase 4: Move objects 0.062ms
[29.940s][info][gc,heap        ] GC(42) PSYoungGen: 320K->0K(2711552K)
[29.940s][info][gc,heap        ] GC(42) PSOldGen: 177419K->177519K(5592576K)
[29.940s][info][gc,metaspace   ] GC(42) Metaspace: 77581K(81488K)->77581K(81488K) NonClass: 67353K(69296K)->67353K(69296K) Class: 10228K(12192K)->10228K(12192K)
[29.940s][info][gc             ] GC(42) Pause Full (System.gc()) 173M->173M(8109M) 179.281ms
[29.940s][info][gc,cpu         ] GC(42) User=0.17s Sys=0.00s Real=0.17s
[30.554s][info][gc,start       ] GC(43) Pause Young (System.gc())
[30.555s][info][gc,heap        ] GC(43) PSYoungGen: 2367025K->352K(2705920K)
[30.555s][info][gc,heap        ] GC(43) PSOldGen: 177519K->177527K(5592576K)
[30.555s][info][gc,metaspace   ] GC(43) Metaspace: 77652K(81488K)->77652K(81488K) NonClass: 67423K(69296K)->67423K(69296K) Class: 10228K(12192K)->10228K(12192K)
[30.555s][info][gc             ] GC(43) Pause Young (System.gc()) 2484M->173M(8104M) 1.387ms
[30.555s][info][gc,cpu         ] GC(43) User=0.02s Sys=0.03s Real=0.00s
[30.555s][info][gc,start       ] GC(44) Pause Full (System.gc())
[30.558s][info][gc,phases,start] GC(44) Phase 1: Mark live objects
[30.655s][info][gc,phases      ] GC(44) Phase 1: Mark live objects 96.273ms
[30.655s][info][gc,phases,start] GC(44) Phase 2: Compute new object addresses
[30.684s][info][gc,phases      ] GC(44) Phase 2: Compute new object addresses 28.932ms
[30.684s][info][gc,phases,start] GC(44) Phase 3: Adjust pointers
[30.741s][info][gc,phases      ] GC(44) Phase 3: Adjust pointers 57.256ms
[30.741s][info][gc,phases,start] GC(44) Phase 4: Move objects
[30.774s][info][gc,phases      ] GC(44) Phase 4: Move objects 32.557ms
[30.774s][info][gc,heap        ] GC(44) PSYoungGen: 352K->0K(2705920K)
[30.774s][info][gc,heap        ] GC(44) PSOldGen: 177527K->177311K(5592576K)
[30.774s][info][gc,metaspace   ] GC(44) Metaspace: 77652K(81488K)->77652K(81488K) NonClass: 67423K(69296K)->67423K(69296K) Class: 10228K(12192K)->10228K(12192K)
[30.774s][info][gc             ] GC(44) Pause Full (System.gc()) 173M->173M(8104M) 219.187ms
[30.774s][info][gc,cpu         ] GC(44) User=0.22s Sys=0.00s Real=0.22s
[31.380s][info][gc,start       ] GC(45) Pause Young (System.gc())
[31.381s][info][gc,heap        ] GC(45) PSYoungGen: 2371801K->320K(2722816K)
[31.381s][info][gc,heap        ] GC(45) PSOldGen: 177311K->177311K(5592576K)
[31.381s][info][gc,metaspace   ] GC(45) Metaspace: 77711K(81744K)->77711K(81744K) NonClass: 67483K(69552K)->67483K(69552K) Class: 10228K(12192K)->10228K(12192K)
[31.381s][info][gc             ] GC(45) Pause Young (System.gc()) 2489M->173M(8120M) 1.391ms
[31.381s][info][gc,cpu         ] GC(45) User=0.00s Sys=0.00s Real=0.00s
[31.381s][info][gc,start       ] GC(46) Pause Full (System.gc())
[31.383s][info][gc,phases,start] GC(46) Phase 1: Mark live objects
[31.480s][info][gc,phases      ] GC(46) Phase 1: Mark live objects 97.031ms
[31.480s][info][gc,phases,start] GC(46) Phase 2: Compute new object addresses
[31.508s][info][gc,phases      ] GC(46) Phase 2: Compute new object addresses 28.060ms
[31.508s][info][gc,phases,start] GC(46) Phase 3: Adjust pointers
[31.561s][info][gc,phases      ] GC(46) Phase 3: Adjust pointers 53.003ms
[31.561s][info][gc,phases,start] GC(46) Phase 4: Move objects
[31.561s][info][gc,phases      ] GC(46) Phase 4: Move objects 0.034ms
[31.562s][info][gc,heap        ] GC(46) PSYoungGen: 320K->0K(2722816K)
[31.562s][info][gc,heap        ] GC(46) PSOldGen: 177311K->177411K(5592576K)
[31.562s][info][gc,metaspace   ] GC(46) Metaspace: 77711K(81744K)->77711K(81744K) NonClass: 67483K(69552K)->67483K(69552K) Class: 10228K(12192K)->10228K(12192K)
[31.562s][info][gc             ] GC(46) Pause Full (System.gc()) 173M->173M(8120M) 180.518ms
[31.562s][info][gc,cpu         ] GC(46) User=0.17s Sys=0.02s Real=0.18s
[32.171s][info][gc,start       ] GC(47) Pause Young (System.gc())
[32.173s][info][gc,heap        ] GC(47) PSYoungGen: 2396253K->320K(2717184K)
[32.173s][info][gc,heap        ] GC(47) PSOldGen: 177411K->177411K(5592576K)
[32.173s][info][gc,metaspace   ] GC(47) Metaspace: 77789K(81744K)->77789K(81744K) NonClass: 67561K(69552K)->67561K(69552K) Class: 10228K(12192K)->10228K(12192K)
[32.173s][info][gc             ] GC(47) Pause Young (System.gc()) 2513M->173M(8115M) 1.885ms
[32.173s][info][gc,cpu         ] GC(47) User=0.00s Sys=0.00s Real=0.00s
[32.173s][info][gc,start       ] GC(48) Pause Full (System.gc())
[32.175s][info][gc,phases,start] GC(48) Phase 1: Mark live objects
[32.271s][info][gc,phases      ] GC(48) Phase 1: Mark live objects 96.581ms
[32.271s][info][gc,phases,start] GC(48) Phase 2: Compute new object addresses
[32.300s][info][gc,phases      ] GC(48) Phase 2: Compute new object addresses 28.866ms
[32.300s][info][gc,phases,start] GC(48) Phase 3: Adjust pointers
[32.353s][info][gc,phases      ] GC(48) Phase 3: Adjust pointers 52.481ms
[32.353s][info][gc,phases,start] GC(48) Phase 4: Move objects
[32.353s][info][gc,phases      ] GC(48) Phase 4: Move objects 0.035ms
[32.354s][info][gc,heap        ] GC(48) PSYoungGen: 320K->0K(2717184K)
[32.354s][info][gc,heap        ] GC(48) PSOldGen: 177411K->177510K(5592576K)
[32.354s][info][gc,metaspace   ] GC(48) Metaspace: 77789K(81744K)->77789K(81744K) NonClass: 67561K(69552K)->67561K(69552K) Class: 10228K(12192K)->10228K(12192K)
[32.354s][info][gc             ] GC(48) Pause Full (System.gc()) 173M->173M(8115M) 180.876ms
[32.354s][info][gc,cpu         ] GC(48) User=0.20s Sys=0.00s Real=0.17s
[32.968s][info][gc,start       ] GC(49) Pause Young (System.gc())
[32.970s][info][gc,heap        ] GC(49) PSYoungGen: 2375934K->352K(2732544K)
[32.970s][info][gc,heap        ] GC(49) PSOldGen: 177510K->177518K(5592576K)
[32.970s][info][gc,metaspace   ] GC(49) Metaspace: 77818K(81744K)->77818K(81744K) NonClass: 67589K(69552K)->67589K(69552K) Class: 10228K(12192K)->10228K(12192K)
[32.970s][info][gc             ] GC(49) Pause Young (System.gc()) 2493M->173M(8130M) 1.276ms
[32.970s][info][gc,cpu         ] GC(49) User=0.00s Sys=0.00s Real=0.00s
[32.970s][info][gc,start       ] GC(50) Pause Full (System.gc())
[32.972s][info][gc,phases,start] GC(50) Phase 1: Mark live objects
[33.068s][info][gc,phases      ] GC(50) Phase 1: Mark live objects 96.189ms
[33.068s][info][gc,phases,start] GC(50) Phase 2: Compute new object addresses
[33.096s][info][gc,phases      ] GC(50) Phase 2: Compute new object addresses 28.202ms
[33.096s][info][gc,phases,start] GC(50) Phase 3: Adjust pointers
[33.149s][info][gc,phases      ] GC(50) Phase 3: Adjust pointers 52.857ms
[33.149s][info][gc,phases,start] GC(50) Phase 4: Move objects
[33.149s][info][gc,phases      ] GC(50) Phase 4: Move objects 0.064ms
[33.150s][info][gc,heap        ] GC(50) PSYoungGen: 352K->0K(2732544K)
[33.150s][info][gc,heap        ] GC(50) PSOldGen: 177518K->177619K(5592576K)
[33.150s][info][gc,metaspace   ] GC(50) Metaspace: 77818K(81744K)->77818K(81744K) NonClass: 67589K(69552K)->67589K(69552K) Class: 10228K(12192K)->10228K(12192K)
[33.150s][info][gc             ] GC(50) Pause Full (System.gc()) 173M->173M(8130M) 179.876ms
[33.150s][info][gc,cpu         ] GC(50) User=0.19s Sys=0.00s Real=0.18s
[33.761s][info][gc,start       ] GC(51) Pause Young (System.gc())
[33.762s][info][gc,heap        ] GC(51) PSYoungGen: 2405130K->320K(2727424K)
[33.762s][info][gc,heap        ] GC(51) PSOldGen: 177619K->177627K(5592576K)
[33.762s][info][gc,metaspace   ] GC(51) Metaspace: 77880K(81744K)->77880K(81744K) NonClass: 67649K(69552K)->67649K(69552K) Class: 10230K(12192K)->10230K(12192K)
[33.762s][info][gc             ] GC(51) Pause Young (System.gc()) 2522M->173M(8125M) 1.325ms
[33.762s][info][gc,cpu         ] GC(51) User=0.00s Sys=0.00s Real=0.00s
[33.762s][info][gc,start       ] GC(52) Pause Full (System.gc())
[33.764s][info][gc,phases,start] GC(52) Phase 1: Mark live objects
[33.860s][info][gc,phases      ] GC(52) Phase 1: Mark live objects 96.469ms
[33.860s][info][gc,phases,start] GC(52) Phase 2: Compute new object addresses
[33.889s][info][gc,phases      ] GC(52) Phase 2: Compute new object addresses 29.119ms
[33.889s][info][gc,phases,start] GC(52) Phase 3: Adjust pointers
[33.948s][info][gc,phases      ] GC(52) Phase 3: Adjust pointers 58.370ms
[33.948s][info][gc,phases,start] GC(52) Phase 4: Move objects
[33.980s][info][gc,phases      ] GC(52) Phase 4: Move objects 31.898ms
[33.981s][info][gc,heap        ] GC(52) PSYoungGen: 320K->0K(2727424K)
[33.981s][info][gc,heap        ] GC(52) PSOldGen: 177627K->177444K(5592576K)
[33.981s][info][gc,metaspace   ] GC(52) Metaspace: 77880K(81744K)->77880K(81744K) NonClass: 67649K(69552K)->67649K(69552K) Class: 10230K(12192K)->10230K(12192K)
[33.981s][info][gc             ] GC(52) Pause Full (System.gc()) 173M->173M(8125M) 218.549ms
[33.981s][info][gc,cpu         ] GC(52) User=0.22s Sys=0.00s Real=0.22s
[34.586s][info][gc,start       ] GC(53) Pause Young (System.gc())
[34.587s][info][gc,heap        ] GC(53) PSYoungGen: 2352609K->320K(2741248K)
[34.587s][info][gc,heap        ] GC(53) PSOldGen: 177444K->177452K(5592576K)
[34.587s][info][gc,metaspace   ] GC(53) Metaspace: 77922K(82000K)->77922K(82000K) NonClass: 67691K(69808K)->67691K(69808K) Class: 10230K(12192K)->10230K(12192K)
[34.587s][info][gc             ] GC(53) Pause Young (System.gc()) 2470M->173M(8138M) 1.281ms
[34.587s][info][gc,cpu         ] GC(53) User=0.02s Sys=0.00s Real=0.00s
[34.587s][info][gc,start       ] GC(54) Pause Full (System.gc())
[34.589s][info][gc,phases,start] GC(54) Phase 1: Mark live objects
[34.685s][info][gc,phases      ] GC(54) Phase 1: Mark live objects 96.182ms
[34.685s][info][gc,phases,start] GC(54) Phase 2: Compute new object addresses
[34.713s][info][gc,phases      ] GC(54) Phase 2: Compute new object addresses 28.168ms
[34.713s][info][gc,phases,start] GC(54) Phase 3: Adjust pointers
[34.766s][info][gc,phases      ] GC(54) Phase 3: Adjust pointers 52.883ms
[34.766s][info][gc,phases,start] GC(54) Phase 4: Move objects
[34.766s][info][gc,phases      ] GC(54) Phase 4: Move objects 0.034ms
[34.767s][info][gc,heap        ] GC(54) PSYoungGen: 320K->0K(2741248K)
[34.767s][info][gc,heap        ] GC(54) PSOldGen: 177452K->177553K(5592576K)
[34.767s][info][gc,metaspace   ] GC(54) Metaspace: 77922K(82000K)->77922K(82000K) NonClass: 67691K(69808K)->67691K(69808K) Class: 10230K(12192K)->10230K(12192K)
[34.767s][info][gc             ] GC(54) Pause Full (System.gc()) 173M->173M(8138M) 179.656ms
[34.767s][info][gc,cpu         ] GC(54) User=0.17s Sys=0.00s Real=0.17s
[35.368s][info][gc,start       ] GC(55) Pause Young (System.gc())
[35.369s][info][gc,heap        ] GC(55) PSYoungGen: 2373499K->352K(2736640K)
[35.369s][info][gc,heap        ] GC(55) PSOldGen: 177553K->177561K(5592576K)
[35.369s][info][gc,metaspace   ] GC(55) Metaspace: 77966K(82000K)->77966K(82000K) NonClass: 67735K(69808K)->67735K(69808K) Class: 10230K(12192K)->10230K(12192K)
[35.369s][info][gc             ] GC(55) Pause Young (System.gc()) 2491M->173M(8134M) 1.458ms
[35.369s][info][gc,cpu         ] GC(55) User=0.00s Sys=0.00s Real=0.00s
[35.369s][info][gc,start       ] GC(56) Pause Full (System.gc())
[35.371s][info][gc,phases,start] GC(56) Phase 1: Mark live objects
[35.468s][info][gc,phases      ] GC(56) Phase 1: Mark live objects 97.198ms
[35.468s][info][gc,phases,start] GC(56) Phase 2: Compute new object addresses
[35.496s][info][gc,phases      ] GC(56) Phase 2: Compute new object addresses 27.964ms
[35.496s][info][gc,phases,start] GC(56) Phase 3: Adjust pointers
[35.549s][info][gc,phases      ] GC(56) Phase 3: Adjust pointers 52.890ms
[35.549s][info][gc,phases,start] GC(56) Phase 4: Move objects
[35.549s][info][gc,phases      ] GC(56) Phase 4: Move objects 0.036ms
[35.550s][info][gc,heap        ] GC(56) PSYoungGen: 352K->0K(2736640K)
[35.550s][info][gc,heap        ] GC(56) PSOldGen: 177561K->177660K(5592576K)
[35.550s][info][gc,metaspace   ] GC(56) Metaspace: 77966K(82000K)->77966K(82000K) NonClass: 67735K(69808K)->67735K(69808K) Class: 10230K(12192K)->10230K(12192K)
[35.550s][info][gc             ] GC(56) Pause Full (System.gc()) 173M->173M(8134M) 180.438ms
[35.550s][info][gc,cpu         ] GC(56) User=0.17s Sys=0.02s Real=0.18s
[36.150s][info][gc,start       ] GC(57) Pause Young (System.gc())
[36.151s][info][gc,heap        ] GC(57) PSYoungGen: 2376751K->320K(2748928K)
[36.151s][info][gc,heap        ] GC(57) PSOldGen: 177660K->177668K(5592576K)
[36.151s][info][gc,metaspace   ] GC(57) Metaspace: 78030K(82000K)->78030K(82000K) NonClass: 67799K(69808K)->67799K(69808K) Class: 10230K(12192K)->10230K(12192K)
[36.151s][info][gc             ] GC(57) Pause Young (System.gc()) 2494M->173M(8146M) 1.329ms
[36.151s][info][gc,cpu         ] GC(57) User=0.00s Sys=0.00s Real=0.00s
[36.151s][info][gc,start       ] GC(58) Pause Full (System.gc())
[36.155s][info][gc,phases,start] GC(58) Phase 1: Mark live objects
[36.252s][info][gc,phases      ] GC(58) Phase 1: Mark live objects 97.153ms
[36.252s][info][gc,phases,start] GC(58) Phase 2: Compute new object addresses
[36.280s][info][gc,phases      ] GC(58) Phase 2: Compute new object addresses 28.145ms
[36.280s][info][gc,phases,start] GC(58) Phase 3: Adjust pointers
[36.334s][info][gc,phases      ] GC(58) Phase 3: Adjust pointers 53.643ms
[36.334s][info][gc,phases,start] GC(58) Phase 4: Move objects
[36.334s][info][gc,phases      ] GC(58) Phase 4: Move objects 0.072ms
[36.334s][info][gc,heap        ] GC(58) PSYoungGen: 320K->0K(2748928K)
[36.335s][info][gc,heap        ] GC(58) PSOldGen: 177668K->177769K(5592576K)
[36.335s][info][gc,metaspace   ] GC(58) Metaspace: 78030K(82000K)->78030K(82000K) NonClass: 67799K(69808K)->67799K(69808K) Class: 10230K(12192K)->10230K(12192K)
[36.335s][info][gc             ] GC(58) Pause Full (System.gc()) 173M->173M(8146M) 183.336ms
[36.335s][info][gc,cpu         ] GC(58) User=0.17s Sys=0.00s Real=0.19s
[36.930s][info][gc,start       ] GC(59) Pause Young (System.gc())
[36.932s][info][gc,heap        ] GC(59) PSYoungGen: 2367632K->352K(2744832K)
[36.932s][info][gc,heap        ] GC(59) PSOldGen: 177769K->177769K(5592576K)
[36.932s][info][gc,metaspace   ] GC(59) Metaspace: 78094K(82000K)->78094K(82000K) NonClass: 67864K(69808K)->67864K(69808K) Class: 10230K(12192K)->10230K(12192K)
[36.932s][info][gc             ] GC(59) Pause Young (System.gc()) 2485M->173M(8142M) 1.481ms
[36.932s][info][gc,cpu         ] GC(59) User=0.00s Sys=0.00s Real=0.00s
[36.932s][info][gc,start       ] GC(60) Pause Full (System.gc())
[36.933s][info][gc,phases,start] GC(60) Phase 1: Mark live objects
[37.030s][info][gc,phases      ] GC(60) Phase 1: Mark live objects 96.199ms
[37.030s][info][gc,phases,start] GC(60) Phase 2: Compute new object addresses
[37.058s][info][gc,phases      ] GC(60) Phase 2: Compute new object addresses 28.141ms
[37.058s][info][gc,phases,start] GC(60) Phase 3: Adjust pointers
[37.111s][info][gc,phases      ] GC(60) Phase 3: Adjust pointers 53.113ms
[37.111s][info][gc,phases,start] GC(60) Phase 4: Move objects
[37.111s][info][gc,phases      ] GC(60) Phase 4: Move objects 0.154ms
[37.112s][info][gc,heap        ] GC(60) PSYoungGen: 352K->0K(2744832K)
[37.112s][info][gc,heap        ] GC(60) PSOldGen: 177769K->177575K(5592576K)
[37.112s][info][gc,metaspace   ] GC(60) Metaspace: 78094K(82000K)->78094K(82000K) NonClass: 67864K(69808K)->67864K(69808K) Class: 10230K(12192K)->10230K(12192K)
[37.112s][info][gc             ] GC(60) Pause Full (System.gc()) 173M->173M(8142M) 180.156ms
[37.112s][info][gc,cpu         ] GC(60) User=0.17s Sys=0.00s Real=0.19s
[37.711s][info][gc,start       ] GC(61) Pause Young (System.gc())
[37.713s][info][gc,heap        ] GC(61) PSYoungGen: 2370512K->352K(2755584K)
[37.713s][info][gc,heap        ] GC(61) PSOldGen: 177575K->177583K(5592576K)
[37.713s][info][gc,metaspace   ] GC(61) Metaspace: 78135K(82256K)->78135K(82256K) NonClass: 67904K(70064K)->67904K(70064K) Class: 10230K(12192K)->10230K(12192K)
[37.713s][info][gc             ] GC(61) Pause Young (System.gc()) 2488M->173M(8152M) 1.553ms
[37.713s][info][gc,cpu         ] GC(61) User=0.00s Sys=0.00s Real=0.00s
[37.713s][info][gc,start       ] GC(62) Pause Full (System.gc())
[37.715s][info][gc,phases,start] GC(62) Phase 1: Mark live objects
[37.811s][info][gc,phases      ] GC(62) Phase 1: Mark live objects 96.570ms
[37.811s][info][gc,phases,start] GC(62) Phase 2: Compute new object addresses
[37.839s][info][gc,phases      ] GC(62) Phase 2: Compute new object addresses 27.839ms
[37.839s][info][gc,phases,start] GC(62) Phase 3: Adjust pointers
[37.892s][info][gc,phases      ] GC(62) Phase 3: Adjust pointers 53.332ms
[37.893s][info][gc,phases,start] GC(62) Phase 4: Move objects
[37.893s][info][gc,phases      ] GC(62) Phase 4: Move objects 0.050ms
[37.893s][info][gc,heap        ] GC(62) PSYoungGen: 352K->0K(2755584K)
[37.893s][info][gc,heap        ] GC(62) PSOldGen: 177583K->177689K(5592576K)
[37.893s][info][gc,metaspace   ] GC(62) Metaspace: 78135K(82256K)->78135K(82256K) NonClass: 67904K(70064K)->67904K(70064K) Class: 10230K(12192K)->10230K(12192K)
[37.893s][info][gc             ] GC(62) Pause Full (System.gc()) 173M->173M(8152M) 180.144ms
[37.893s][info][gc,cpu         ] GC(62) User=0.17s Sys=0.00s Real=0.18s
[38.500s][info][gc,start       ] GC(63) Pause Young (System.gc())
[38.501s][info][gc,heap        ] GC(63) PSYoungGen: 2397235K->320K(2752000K)
[38.501s][info][gc,heap        ] GC(63) PSOldGen: 177689K->177697K(5592576K)
[38.501s][info][gc,metaspace   ] GC(63) Metaspace: 78202K(82256K)->78202K(82256K) NonClass: 67971K(70064K)->67971K(70064K) Class: 10230K(12192K)->10230K(12192K)
[38.501s][info][gc             ] GC(63) Pause Young (System.gc()) 2514M->173M(8149M) 1.286ms
[38.501s][info][gc,cpu         ] GC(63) User=0.00s Sys=0.00s Real=0.00s
[38.501s][info][gc,start       ] GC(64) Pause Full (System.gc())
[38.502s][info][gc,phases,start] GC(64) Phase 1: Mark live objects
[38.599s][info][gc,phases      ] GC(64) Phase 1: Mark live objects 96.323ms
[38.599s][info][gc,phases,start] GC(64) Phase 2: Compute new object addresses
[38.627s][info][gc,phases      ] GC(64) Phase 2: Compute new object addresses 27.907ms
[38.627s][info][gc,phases,start] GC(64) Phase 3: Adjust pointers
[38.680s][info][gc,phases      ] GC(64) Phase 3: Adjust pointers 53.291ms
[38.680s][info][gc,phases,start] GC(64) Phase 4: Move objects
[38.680s][info][gc,phases      ] GC(64) Phase 4: Move objects 0.062ms
[38.681s][info][gc,heap        ] GC(64) PSYoungGen: 320K->0K(2752000K)
[38.681s][info][gc,heap        ] GC(64) PSOldGen: 177697K->177798K(5592576K)
[38.681s][info][gc,metaspace   ] GC(64) Metaspace: 78202K(82256K)->78202K(82256K) NonClass: 67971K(70064K)->67971K(70064K) Class: 10230K(12192K)->10230K(12192K)
[38.681s][info][gc             ] GC(64) Pause Full (System.gc()) 173M->173M(8149M) 179.962ms
[38.681s][info][gc,cpu         ] GC(64) User=0.17s Sys=0.02s Real=0.19s
[39.289s][info][gc,start       ] GC(65) Pause Young (System.gc())
[39.291s][info][gc,heap        ] GC(65) PSYoungGen: 2375429K->320K(2761216K)
[39.291s][info][gc,heap        ] GC(65) PSOldGen: 177798K->177806K(5592576K)
[39.291s][info][gc,metaspace   ] GC(65) Metaspace: 78221K(82256K)->78221K(82256K) NonClass: 67991K(70064K)->67991K(70064K) Class: 10230K(12192K)->10230K(12192K)
[39.291s][info][gc             ] GC(65) Pause Young (System.gc()) 2493M->173M(8158M) 1.487ms
[39.291s][info][gc,cpu         ] GC(65) User=0.02s Sys=0.02s Real=0.00s
[39.291s][info][gc,start       ] GC(66) Pause Full (System.gc())
[39.293s][info][gc,phases,start] GC(66) Phase 1: Mark live objects
[39.391s][info][gc,phases      ] GC(66) Phase 1: Mark live objects 98.471ms
[39.391s][info][gc,phases,start] GC(66) Phase 2: Compute new object addresses
[39.420s][info][gc,phases      ] GC(66) Phase 2: Compute new object addresses 28.844ms
[39.420s][info][gc,phases,start] GC(66) Phase 3: Adjust pointers
[39.475s][info][gc,phases      ] GC(66) Phase 3: Adjust pointers 55.466ms
[39.475s][info][gc,phases,start] GC(66) Phase 4: Move objects
[39.476s][info][gc,phases      ] GC(66) Phase 4: Move objects 0.062ms
[39.476s][info][gc,heap        ] GC(66) PSYoungGen: 320K->0K(2761216K)
[39.476s][info][gc,heap        ] GC(66) PSOldGen: 177806K->177905K(5592576K)
[39.476s][info][gc,metaspace   ] GC(66) Metaspace: 78221K(82256K)->78221K(82256K) NonClass: 67991K(70064K)->67991K(70064K) Class: 10230K(12192K)->10230K(12192K)
[39.476s][info][gc             ] GC(66) Pause Full (System.gc()) 173M->173M(8158M) 185.531ms
[39.476s][info][gc,cpu         ] GC(66) User=0.17s Sys=0.00s Real=0.19s
[40.087s][info][gc,start       ] GC(67) Pause Young (System.gc())
[40.088s][info][gc,heap        ] GC(67) PSYoungGen: 2359772K->320K(2758656K)
[40.088s][info][gc,heap        ] GC(67) PSOldGen: 177905K->177913K(5592576K)
[40.088s][info][gc,metaspace   ] GC(67) Metaspace: 78263K(82256K)->78263K(82256K) NonClass: 68033K(70064K)->68033K(70064K) Class: 10230K(12192K)->10230K(12192K)
[40.089s][info][gc             ] GC(67) Pause Young (System.gc()) 2478M->174M(8155M) 1.636ms
[40.089s][info][gc,cpu         ] GC(67) User=0.00s Sys=0.00s Real=0.01s
[40.089s][info][gc,start       ] GC(68) Pause Full (System.gc())
[40.090s][info][gc,phases,start] GC(68) Phase 1: Mark live objects
[40.191s][info][gc,phases      ] GC(68) Phase 1: Mark live objects 100.642ms
[40.191s][info][gc,phases,start] GC(68) Phase 2: Compute new object addresses
[40.222s][info][gc,phases      ] GC(68) Phase 2: Compute new object addresses 31.137ms
[40.222s][info][gc,phases,start] GC(68) Phase 3: Adjust pointers
[40.283s][info][gc,phases      ] GC(68) Phase 3: Adjust pointers 60.497ms
[40.283s][info][gc,phases,start] GC(68) Phase 4: Move objects
[40.316s][info][gc,phases      ] GC(68) Phase 4: Move objects 33.315ms
[40.317s][info][gc,heap        ] GC(68) PSYoungGen: 320K->0K(2758656K)
[40.317s][info][gc,heap        ] GC(68) PSOldGen: 177913K->177699K(5592576K)
[40.317s][info][gc,metaspace   ] GC(68) Metaspace: 78263K(82256K)->78263K(82256K) NonClass: 68033K(70064K)->68033K(70064K) Class: 10230K(12192K)->10230K(12192K)
[40.317s][info][gc             ] GC(68) Pause Full (System.gc()) 174M->173M(8155M) 228.379ms
[40.317s][info][gc,cpu         ] GC(68) User=0.22s Sys=0.00s Real=0.23s
[40.924s][info][gc,start       ] GC(69) Pause Young (System.gc())
[40.925s][info][gc,heap        ] GC(69) PSYoungGen: 2361630K->352K(2766336K)
[40.925s][info][gc,heap        ] GC(69) PSOldGen: 177699K->177707K(5592576K)
[40.925s][info][gc,metaspace   ] GC(69) Metaspace: 78304K(82256K)->78304K(82256K) NonClass: 68073K(70064K)->68073K(70064K) Class: 10230K(12192K)->10230K(12192K)
[40.925s][info][gc             ] GC(69) Pause Young (System.gc()) 2479M->173M(8163M) 1.279ms
[40.925s][info][gc,cpu         ] GC(69) User=0.00s Sys=0.00s Real=0.00s
[40.925s][info][gc,start       ] GC(70) Pause Full (System.gc())
[40.929s][info][gc,phases,start] GC(70) Phase 1: Mark live objects
[41.027s][info][gc,phases      ] GC(70) Phase 1: Mark live objects 98.007ms
[41.027s][info][gc,phases,start] GC(70) Phase 2: Compute new object addresses
[41.056s][info][gc,phases      ] GC(70) Phase 2: Compute new object addresses 28.950ms
[41.056s][info][gc,phases,start] GC(70) Phase 3: Adjust pointers
[41.110s][info][gc,phases      ] GC(70) Phase 3: Adjust pointers 54.110ms
[41.110s][info][gc,phases,start] GC(70) Phase 4: Move objects
[41.110s][info][gc,phases      ] GC(70) Phase 4: Move objects 0.036ms
[41.111s][info][gc,heap        ] GC(70) PSYoungGen: 352K->0K(2766336K)
[41.111s][info][gc,heap        ] GC(70) PSOldGen: 177707K->177811K(5592576K)
[41.111s][info][gc,metaspace   ] GC(70) Metaspace: 78304K(82256K)->78304K(82256K) NonClass: 68073K(70064K)->68073K(70064K) Class: 10230K(12192K)->10230K(12192K)
[41.111s][info][gc             ] GC(70) Pause Full (System.gc()) 173M->173M(8163M) 185.763ms
[41.111s][info][gc,cpu         ] GC(70) User=0.17s Sys=0.02s Real=0.19s
[41.744s][info][gc,start       ] GC(71) Pause Young (System.gc())
[41.745s][info][gc,heap        ] GC(71) PSYoungGen: 2372639K->320K(2763776K)
[41.745s][info][gc,heap        ] GC(71) PSOldGen: 177811K->177811K(5592576K)
[41.745s][info][gc,metaspace   ] GC(71) Metaspace: 78325K(82256K)->78325K(82256K) NonClass: 68094K(70064K)->68094K(70064K) Class: 10230K(12192K)->10230K(12192K)
[41.745s][info][gc             ] GC(71) Pause Young (System.gc()) 2490M->173M(8160M) 1.549ms
[41.745s][info][gc,cpu         ] GC(71) User=0.00s Sys=0.00s Real=0.01s
[41.745s][info][gc,start       ] GC(72) Pause Full (System.gc())
[41.747s][info][gc,phases,start] GC(72) Phase 1: Mark live objects
[41.844s][info][gc,phases      ] GC(72) Phase 1: Mark live objects 96.740ms
[41.844s][info][gc,phases,start] GC(72) Phase 2: Compute new object addresses
[41.876s][info][gc,phases      ] GC(72) Phase 2: Compute new object addresses 31.952ms
[41.876s][info][gc,phases,start] GC(72) Phase 3: Adjust pointers
[41.929s][info][gc,phases      ] GC(72) Phase 3: Adjust pointers 53.430ms
[41.929s][info][gc,phases,start] GC(72) Phase 4: Move objects
[41.929s][info][gc,phases      ] GC(72) Phase 4: Move objects 0.045ms
[41.934s][info][gc,heap        ] GC(72) PSYoungGen: 320K->0K(2763776K)
[41.934s][info][gc,heap        ] GC(72) PSOldGen: 177811K->177909K(5592576K)
[41.934s][info][gc,metaspace   ] GC(72) Metaspace: 78325K(82256K)->78325K(82256K) NonClass: 68094K(70064K)->68094K(70064K) Class: 10230K(12192K)->10230K(12192K)
[41.934s][info][gc             ] GC(72) Pause Full (System.gc()) 173M->173M(8160M) 188.696ms
[41.934s][info][gc,cpu         ] GC(72) User=0.17s Sys=0.00s Real=0.17s
[42.546s][info][gc,start       ] GC(73) Pause Young (System.gc())
[42.547s][info][gc,heap        ] GC(73) PSYoungGen: 2372451K->288K(2770944K)
[42.547s][info][gc,heap        ] GC(73) PSOldGen: 177909K->177909K(5592576K)
[42.547s][info][gc,metaspace   ] GC(73) Metaspace: 78348K(82256K)->78348K(82256K) NonClass: 68118K(70064K)->68118K(70064K) Class: 10230K(12192K)->10230K(12192K)
[42.547s][info][gc             ] GC(73) Pause Young (System.gc()) 2490M->174M(8167M) 1.318ms
[42.547s][info][gc,cpu         ] GC(73) User=0.00s Sys=0.00s Real=0.00s
[42.547s][info][gc,start       ] GC(74) Pause Full (System.gc())
[42.549s][info][gc,phases,start] GC(74) Phase 1: Mark live objects
[42.645s][info][gc,phases      ] GC(74) Phase 1: Mark live objects 95.777ms
[42.645s][info][gc,phases,start] GC(74) Phase 2: Compute new object addresses
[42.673s][info][gc,phases      ] GC(74) Phase 2: Compute new object addresses 28.052ms
[42.673s][info][gc,phases,start] GC(74) Phase 3: Adjust pointers
[42.726s][info][gc,phases      ] GC(74) Phase 3: Adjust pointers 53.513ms
[42.726s][info][gc,phases,start] GC(74) Phase 4: Move objects
[42.726s][info][gc,phases      ] GC(74) Phase 4: Move objects 0.066ms
[42.727s][info][gc,heap        ] GC(74) PSYoungGen: 288K->0K(2770944K)
[42.727s][info][gc,heap        ] GC(74) PSOldGen: 177909K->178008K(5592576K)
[42.727s][info][gc,metaspace   ] GC(74) Metaspace: 78348K(82256K)->78348K(82256K) NonClass: 68118K(70064K)->68118K(70064K) Class: 10230K(12192K)->10230K(12192K)
[42.727s][info][gc             ] GC(74) Pause Full (System.gc()) 174M->173M(8167M) 179.778ms
[42.727s][info][gc,cpu         ] GC(74) User=0.19s Sys=0.00s Real=0.19s
[43.326s][info][gc,start       ] GC(75) Pause Young (System.gc())
[43.328s][info][gc,heap        ] GC(75) PSYoungGen: 2381979K->320K(2768896K)
[43.328s][info][gc,heap        ] GC(75) PSOldGen: 178008K->178008K(5592576K)
[43.328s][info][gc,metaspace   ] GC(75) Metaspace: 78411K(82512K)->78411K(82512K) NonClass: 68179K(70320K)->68179K(70320K) Class: 10231K(12192K)->10231K(12192K)
[43.328s][info][gc             ] GC(75) Pause Young (System.gc()) 2499M->174M(8165M) 1.809ms
[43.328s][info][gc,cpu         ] GC(75) User=0.00s Sys=0.00s Real=0.00s
[43.328s][info][gc,start       ] GC(76) Pause Full (System.gc())
[43.330s][info][gc,phases,start] GC(76) Phase 1: Mark live objects
[43.426s][info][gc,phases      ] GC(76) Phase 1: Mark live objects 96.357ms
[43.426s][info][gc,phases,start] GC(76) Phase 2: Compute new object addresses
[43.455s][info][gc,phases      ] GC(76) Phase 2: Compute new object addresses 29.230ms
[43.455s][info][gc,phases,start] GC(76) Phase 3: Adjust pointers
[43.514s][info][gc,phases      ] GC(76) Phase 3: Adjust pointers 59.077ms
[43.514s][info][gc,phases,start] GC(76) Phase 4: Move objects
[43.546s][info][gc,phases      ] GC(76) Phase 4: Move objects 31.776ms
[43.547s][info][gc,heap        ] GC(76) PSYoungGen: 320K->0K(2768896K)
[43.547s][info][gc,heap        ] GC(76) PSOldGen: 178008K->177830K(5592576K)
[43.547s][info][gc,metaspace   ] GC(76) Metaspace: 78411K(82512K)->78411K(82512K) NonClass: 68179K(70320K)->68179K(70320K) Class: 10231K(12192K)->10231K(12192K)
[43.547s][info][gc             ] GC(76) Pause Full (System.gc()) 174M->173M(8165M) 218.995ms
[43.547s][info][gc,cpu         ] GC(76) User=0.22s Sys=0.00s Real=0.22s
[44.155s][info][gc,start       ] GC(77) Pause Young (System.gc())
[44.157s][info][gc,heap        ] GC(77) PSYoungGen: 2379447K->352K(2774528K)
[44.157s][info][gc,heap        ] GC(77) PSOldGen: 177830K->177830K(5592576K)
[44.157s][info][gc,metaspace   ] GC(77) Metaspace: 78490K(82512K)->78490K(82512K) NonClass: 68256K(70320K)->68256K(70320K) Class: 10233K(12192K)->10233K(12192K)
[44.157s][info][gc             ] GC(77) Pause Young (System.gc()) 2497M->174M(8171M) 1.286ms
[44.157s][info][gc,cpu         ] GC(77) User=0.00s Sys=0.00s Real=0.00s
[44.157s][info][gc,start       ] GC(78) Pause Full (System.gc())
[44.158s][info][gc,phases,start] GC(78) Phase 1: Mark live objects
[44.269s][info][gc,phases      ] GC(78) Phase 1: Mark live objects 110.438ms
[44.269s][info][gc,phases,start] GC(78) Phase 2: Compute new object addresses
[44.297s][info][gc,phases      ] GC(78) Phase 2: Compute new object addresses 28.273ms
[44.297s][info][gc,phases,start] GC(78) Phase 3: Adjust pointers
[44.351s][info][gc,phases      ] GC(78) Phase 3: Adjust pointers 53.762ms
[44.351s][info][gc,phases,start] GC(78) Phase 4: Move objects
[44.351s][info][gc,phases      ] GC(78) Phase 4: Move objects 0.035ms
[44.352s][info][gc,heap        ] GC(78) PSYoungGen: 352K->0K(2774528K)
[44.352s][info][gc,heap        ] GC(78) PSOldGen: 177830K->177930K(5592576K)
[44.352s][info][gc,metaspace   ] GC(78) Metaspace: 78490K(82512K)->78487K(82512K) NonClass: 68256K(70320K)->68254K(70320K) Class: 10233K(12192K)->10232K(12192K)
[44.352s][info][gc             ] GC(78) Pause Full (System.gc()) 174M->173M(8171M) 194.884ms
[44.352s][info][gc,cpu         ] GC(78) User=0.19s Sys=0.00s Real=0.19s
[44.960s][info][gc,start       ] GC(79) Pause Young (System.gc())
[44.962s][info][gc,heap        ] GC(79) PSYoungGen: 2382142K->352K(2772480K)
[44.962s][info][gc,heap        ] GC(79) PSOldGen: 177930K->177930K(5592576K)
[44.962s][info][gc,metaspace   ] GC(79) Metaspace: 78492K(82512K)->78492K(82512K) NonClass: 68260K(70320K)->68260K(70320K) Class: 10232K(12192K)->10232K(12192K)
[44.962s][info][gc             ] GC(79) Pause Young (System.gc()) 2500M->174M(8169M) 1.453ms
[44.962s][info][gc,cpu         ] GC(79) User=0.06s Sys=0.02s Real=0.00s
[44.962s][info][gc,start       ] GC(80) Pause Full (System.gc())
[44.963s][info][gc,phases,start] GC(80) Phase 1: Mark live objects
[45.060s][info][gc,phases      ] GC(80) Phase 1: Mark live objects 96.971ms
[45.060s][info][gc,phases,start] GC(80) Phase 2: Compute new object addresses
[45.089s][info][gc,phases      ] GC(80) Phase 2: Compute new object addresses 28.180ms
[45.089s][info][gc,phases,start] GC(80) Phase 3: Adjust pointers
[45.142s][info][gc,phases      ] GC(80) Phase 3: Adjust pointers 53.644ms
[45.142s][info][gc,phases,start] GC(80) Phase 4: Move objects
[45.142s][info][gc,phases      ] GC(80) Phase 4: Move objects 0.036ms
[45.143s][info][gc,heap        ] GC(80) PSYoungGen: 352K->0K(2772480K)
[45.143s][info][gc,heap        ] GC(80) PSOldGen: 177930K->178029K(5592576K)
[45.143s][info][gc,metaspace   ] GC(80) Metaspace: 78492K(82512K)->78492K(82512K) NonClass: 68260K(70320K)->68260K(70320K) Class: 10232K(12192K)->10232K(12192K)
[45.143s][info][gc             ] GC(80) Pause Full (System.gc()) 174M->173M(8169M) 181.398ms
[45.143s][info][gc,cpu         ] GC(80) User=0.17s Sys=0.00s Real=0.18s
[45.753s][info][gc,start       ] GC(81) Pause Young (System.gc())
[45.754s][info][gc,heap        ] GC(81) PSYoungGen: 2360629K->320K(2777600K)
[45.755s][info][gc,heap        ] GC(81) PSOldGen: 178029K->178029K(5592576K)
[45.755s][info][gc,metaspace   ] GC(81) Metaspace: 78534K(82512K)->78534K(82512K) NonClass: 68302K(70320K)->68302K(70320K) Class: 10232K(12192K)->10232K(12192K)
[45.755s][info][gc             ] GC(81) Pause Young (System.gc()) 2479M->174M(8174M) 1.271ms
[45.755s][info][gc,cpu         ] GC(81) User=0.00s Sys=0.00s Real=0.00s
[45.755s][info][gc,start       ] GC(82) Pause Full (System.gc())
[45.758s][info][gc,phases,start] GC(82) Phase 1: Mark live objects
[45.856s][info][gc,phases      ] GC(82) Phase 1: Mark live objects 97.882ms
[45.856s][info][gc,phases,start] GC(82) Phase 2: Compute new object addresses
[45.884s][info][gc,phases      ] GC(82) Phase 2: Compute new object addresses 28.197ms
[45.884s][info][gc,phases,start] GC(82) Phase 3: Adjust pointers
[45.938s][info][gc,phases      ] GC(82) Phase 3: Adjust pointers 53.888ms
[45.938s][info][gc,phases,start] GC(82) Phase 4: Move objects
[45.938s][info][gc,phases      ] GC(82) Phase 4: Move objects 0.060ms
[45.939s][info][gc,heap        ] GC(82) PSYoungGen: 320K->0K(2777600K)
[45.939s][info][gc,heap        ] GC(82) PSOldGen: 178029K->178129K(5592576K)
[45.939s][info][gc,metaspace   ] GC(82) Metaspace: 78534K(82512K)->78534K(82512K) NonClass: 68302K(70320K)->68302K(70320K) Class: 10232K(12192K)->10232K(12192K)
[45.939s][info][gc             ] GC(82) Pause Full (System.gc()) 174M->173M(8174M) 184.130ms
[45.939s][info][gc,cpu         ] GC(82) User=0.19s Sys=0.00s Real=0.18s
[46.543s][info][gc,start       ] GC(83) Pause Young (System.gc())
[46.545s][info][gc,heap        ] GC(83) PSYoungGen: 2368105K->352K(2776064K)
[46.545s][info][gc,heap        ] GC(83) PSOldGen: 178129K->178137K(5592576K)
[46.545s][info][gc,metaspace   ] GC(83) Metaspace: 78555K(82512K)->78555K(82512K) NonClass: 68322K(70320K)->68322K(70320K) Class: 10232K(12192K)->10232K(12192K)
[46.545s][info][gc             ] GC(83) Pause Young (System.gc()) 2486M->174M(8172M) 1.416ms
[46.545s][info][gc,cpu         ] GC(83) User=0.00s Sys=0.00s Real=0.00s
[46.545s][info][gc,start       ] GC(84) Pause Full (System.gc())
[46.546s][info][gc,phases,start] GC(84) Phase 1: Mark live objects
[46.645s][info][gc,phases      ] GC(84) Phase 1: Mark live objects 98.964ms
[46.645s][info][gc,phases,start] GC(84) Phase 2: Compute new object addresses
[46.676s][info][gc,phases      ] GC(84) Phase 2: Compute new object addresses 30.451ms
[46.676s][info][gc,phases,start] GC(84) Phase 3: Adjust pointers
[46.734s][info][gc,phases      ] GC(84) Phase 3: Adjust pointers 57.959ms
[46.734s][info][gc,phases,start] GC(84) Phase 4: Move objects
[46.766s][info][gc,phases      ] GC(84) Phase 4: Move objects 31.636ms
[46.767s][info][gc,heap        ] GC(84) PSYoungGen: 352K->0K(2776064K)
[46.767s][info][gc,heap        ] GC(84) PSOldGen: 178137K->177959K(5592576K)
[46.767s][info][gc,metaspace   ] GC(84) Metaspace: 78555K(82512K)->78555K(82512K) NonClass: 68322K(70320K)->68322K(70320K) Class: 10232K(12192K)->10232K(12192K)
[46.767s][info][gc             ] GC(84) Pause Full (System.gc()) 174M->173M(8172M) 221.651ms
[46.767s][info][gc,cpu         ] GC(84) User=0.20s Sys=0.02s Real=0.22s
[47.375s][info][gc,start       ] GC(85) Pause Young (System.gc())
[47.376s][info][gc,heap        ] GC(85) PSYoungGen: 2368340K->352K(2780672K)
[47.376s][info][gc,heap        ] GC(85) PSOldGen: 177959K->177967K(5592576K)
[47.376s][info][gc,metaspace   ] GC(85) Metaspace: 78621K(82512K)->78621K(82512K) NonClass: 68389K(70320K)->68389K(70320K) Class: 10232K(12192K)->10232K(12192K)
[47.376s][info][gc             ] GC(85) Pause Young (System.gc()) 2486M->174M(8177M) 1.748ms
[47.376s][info][gc,cpu         ] GC(85) User=0.00s Sys=0.00s Real=0.00s
[47.376s][info][gc,start       ] GC(86) Pause Full (System.gc())
[47.378s][info][gc,phases,start] GC(86) Phase 1: Mark live objects
[47.476s][info][gc,phases      ] GC(86) Phase 1: Mark live objects 97.566ms
[47.476s][info][gc,phases,start] GC(86) Phase 2: Compute new object addresses
[47.504s][info][gc,phases      ] GC(86) Phase 2: Compute new object addresses 28.209ms
[47.504s][info][gc,phases,start] GC(86) Phase 3: Adjust pointers
[47.558s][info][gc,phases      ] GC(86) Phase 3: Adjust pointers 53.894ms
[47.558s][info][gc,phases,start] GC(86) Phase 4: Move objects
[47.558s][info][gc,phases      ] GC(86) Phase 4: Move objects 0.035ms
[47.559s][info][gc,heap        ] GC(86) PSYoungGen: 352K->0K(2780672K)
[47.559s][info][gc,heap        ] GC(86) PSOldGen: 177967K->178067K(5592576K)
[47.559s][info][gc,metaspace   ] GC(86) Metaspace: 78621K(82512K)->78621K(82512K) NonClass: 68389K(70320K)->68389K(70320K) Class: 10232K(12192K)->10232K(12192K)
[47.559s][info][gc             ] GC(86) Pause Full (System.gc()) 174M->173M(8177M) 182.201ms
[47.559s][info][gc,cpu         ] GC(86) User=0.19s Sys=0.00s Real=0.17s
[48.173s][info][gc,start       ] GC(87) Pause Young (System.gc())
[48.175s][info][gc,heap        ] GC(87) PSYoungGen: 2401240K->384K(2779136K)
[48.175s][info][gc,heap        ] GC(87) PSOldGen: 178067K->178075K(5592576K)
[48.175s][info][gc,metaspace   ] GC(87) Metaspace: 78663K(82768K)->78663K(82768K) NonClass: 68430K(70576K)->68430K(70576K) Class: 10232K(12192K)->10232K(12192K)
[48.175s][info][gc             ] GC(87) Pause Young (System.gc()) 2518M->174M(8175M) 1.530ms
[48.175s][info][gc,cpu         ] GC(87) User=0.00s Sys=0.00s Real=0.00s
[48.175s][info][gc,start       ] GC(88) Pause Full (System.gc())
[48.177s][info][gc,phases,start] GC(88) Phase 1: Mark live objects
[48.275s][info][gc,phases      ] GC(88) Phase 1: Mark live objects 98.529ms
[48.275s][info][gc,phases,start] GC(88) Phase 2: Compute new object addresses
[48.303s][info][gc,phases      ] GC(88) Phase 2: Compute new object addresses 28.212ms
[48.304s][info][gc,phases,start] GC(88) Phase 3: Adjust pointers
[48.358s][info][gc,phases      ] GC(88) Phase 3: Adjust pointers 54.211ms
[48.358s][info][gc,phases,start] GC(88) Phase 4: Move objects
[48.358s][info][gc,phases      ] GC(88) Phase 4: Move objects 0.049ms
[48.358s][info][gc,heap        ] GC(88) PSYoungGen: 384K->0K(2779136K)
[48.359s][info][gc,heap        ] GC(88) PSOldGen: 178075K->178176K(5592576K)
[48.359s][info][gc,metaspace   ] GC(88) Metaspace: 78663K(82768K)->78663K(82768K) NonClass: 68430K(70576K)->68430K(70576K) Class: 10232K(12192K)->10232K(12192K)
[48.359s][info][gc             ] GC(88) Pause Full (System.gc()) 174M->174M(8175M) 183.426ms
[48.359s][info][gc,cpu         ] GC(88) User=0.19s Sys=0.00s Real=0.19s
[48.966s][info][gc,start       ] GC(89) Pause Young (System.gc())
[48.967s][info][gc,heap        ] GC(89) PSYoungGen: 2366562K->352K(2782720K)
[48.967s][info][gc,heap        ] GC(89) PSOldGen: 178176K->178184K(5592576K)
[48.967s][info][gc,metaspace   ] GC(89) Metaspace: 78760K(82768K)->78760K(82768K) NonClass: 68527K(70576K)->68527K(70576K) Class: 10232K(12192K)->10232K(12192K)
[48.967s][info][gc             ] GC(89) Pause Young (System.gc()) 2485M->174M(8179M) 1.405ms
[48.967s][info][gc,cpu         ] GC(89) User=0.00s Sys=0.00s Real=0.00s
[48.967s][info][gc,start       ] GC(90) Pause Full (System.gc())
[48.969s][info][gc,phases,start] GC(90) Phase 1: Mark live objects
[49.067s][info][gc,phases      ] GC(90) Phase 1: Mark live objects 98.204ms
[49.067s][info][gc,phases,start] GC(90) Phase 2: Compute new object addresses
[49.096s][info][gc,phases      ] GC(90) Phase 2: Compute new object addresses 28.957ms
[49.096s][info][gc,phases,start] GC(90) Phase 3: Adjust pointers
[49.150s][info][gc,phases      ] GC(90) Phase 3: Adjust pointers 54.404ms
[49.150s][info][gc,phases,start] GC(90) Phase 4: Move objects
[49.150s][info][gc,phases      ] GC(90) Phase 4: Move objects 0.071ms
[49.151s][info][gc,heap        ] GC(90) PSYoungGen: 352K->0K(2782720K)
[49.151s][info][gc,heap        ] GC(90) PSOldGen: 178184K->178286K(5592576K)
[49.151s][info][gc,metaspace   ] GC(90) Metaspace: 78760K(82768K)->78760K(82768K) NonClass: 68527K(70576K)->68527K(70576K) Class: 10232K(12192K)->10232K(12192K)
[49.151s][info][gc             ] GC(90) Pause Full (System.gc()) 174M->174M(8179M) 184.023ms
[49.151s][info][gc,cpu         ] GC(90) User=0.17s Sys=0.02s Real=0.17s
[49.758s][info][gc,start       ] GC(91) Pause Young (System.gc())
[49.759s][info][gc,heap        ] GC(91) PSYoungGen: 2374233K->352K(2781696K)
[49.759s][info][gc,heap        ] GC(91) PSOldGen: 178286K->178294K(5592576K)
[49.759s][info][gc,metaspace   ] GC(91) Metaspace: 78778K(82768K)->78778K(82768K) NonClass: 68545K(70576K)->68545K(70576K) Class: 10233K(12192K)->10233K(12192K)
[49.759s][info][gc             ] GC(91) Pause Young (System.gc()) 2492M->174M(8178M) 1.581ms
[49.759s][info][gc,cpu         ] GC(91) User=0.02s Sys=0.00s Real=0.02s
[49.759s][info][gc,start       ] GC(92) Pause Full (System.gc())
[49.761s][info][gc,phases,start] GC(92) Phase 1: Mark live objects
[49.858s][info][gc,phases      ] GC(92) Phase 1: Mark live objects 97.190ms
[49.858s][info][gc,phases,start] GC(92) Phase 2: Compute new object addresses
[49.887s][info][gc,phases      ] GC(92) Phase 2: Compute new object addresses 29.082ms
[49.887s][info][gc,phases,start] GC(92) Phase 3: Adjust pointers
[49.945s][info][gc,phases      ] GC(92) Phase 3: Adjust pointers 58.116ms
[49.946s][info][gc,phases,start] GC(92) Phase 4: Move objects
[49.978s][info][gc,phases      ] GC(92) Phase 4: Move objects 32.571ms
[49.979s][info][gc,heap        ] GC(92) PSYoungGen: 352K->0K(2781696K)
[49.979s][info][gc,heap        ] GC(92) PSOldGen: 178294K->178070K(5592576K)
[49.979s][info][gc,metaspace   ] GC(92) Metaspace: 78778K(82768K)->78778K(82768K) NonClass: 68545K(70576K)->68545K(70576K) Class: 10233K(12192K)->10233K(12192K)
[49.979s][info][gc             ] GC(92) Pause Full (System.gc()) 174M->173M(8178M) 219.517ms
[49.979s][info][gc,cpu         ] GC(92) User=0.22s Sys=0.00s Real=0.22s
[50.581s][info][gc,start       ] GC(93) Pause Young (System.gc())
[50.582s][info][gc,heap        ] GC(93) PSYoungGen: 2375153K->352K(2784768K)
[50.582s][info][gc,heap        ] GC(93) PSOldGen: 178070K->178070K(5592576K)
[50.582s][info][gc,metaspace   ] GC(93) Metaspace: 78785K(82768K)->78785K(82768K) NonClass: 68552K(70576K)->68552K(70576K) Class: 10233K(12192K)->10233K(12192K)
[50.582s][info][gc             ] GC(93) Pause Young (System.gc()) 2493M->174M(8181M) 1.429ms
[50.582s][info][gc,cpu         ] GC(93) User=0.00s Sys=0.00s Real=0.00s
[50.582s][info][gc,start       ] GC(94) Pause Full (System.gc())
[50.584s][info][gc,phases,start] GC(94) Phase 1: Mark live objects
[50.680s][info][gc,phases      ] GC(94) Phase 1: Mark live objects 96.584ms
[50.680s][info][gc,phases,start] GC(94) Phase 2: Compute new object addresses
[50.708s][info][gc,phases      ] GC(94) Phase 2: Compute new object addresses 27.978ms
[50.708s][info][gc,phases,start] GC(94) Phase 3: Adjust pointers
[50.763s][info][gc,phases      ] GC(94) Phase 3: Adjust pointers 54.437ms
[50.763s][info][gc,phases,start] GC(94) Phase 4: Move objects
[50.763s][info][gc,phases      ] GC(94) Phase 4: Move objects 0.035ms
[50.764s][info][gc,heap        ] GC(94) PSYoungGen: 352K->0K(2784768K)
[50.764s][info][gc,heap        ] GC(94) PSOldGen: 178070K->178172K(5592576K)
[50.764s][info][gc,metaspace   ] GC(94) Metaspace: 78785K(82768K)->78785K(82768K) NonClass: 68552K(70576K)->68552K(70576K) Class: 10233K(12192K)->10233K(12192K)
[50.764s][info][gc             ] GC(94) Pause Full (System.gc()) 174M->173M(8181M) 181.446ms
[50.764s][info][gc,cpu         ] GC(94) User=0.17s Sys=0.02s Real=0.19s
[51.373s][info][gc,start       ] GC(95) Pause Young (System.gc())
[51.374s][info][gc,heap        ] GC(95) PSYoungGen: 2353431K->320K(2783744K)
[51.374s][info][gc,heap        ] GC(95) PSOldGen: 178172K->178172K(5592576K)
[51.374s][info][gc,metaspace   ] GC(95) Metaspace: 78817K(82768K)->78817K(82768K) NonClass: 68583K(70576K)->68583K(70576K) Class: 10233K(12192K)->10233K(12192K)
[51.374s][info][gc             ] GC(95) Pause Young (System.gc()) 2472M->174M(8180M) 1.361ms
[51.374s][info][gc,cpu         ] GC(95) User=0.00s Sys=0.00s Real=0.00s
[51.374s][info][gc,start       ] GC(96) Pause Full (System.gc())
[51.376s][info][gc,phases,start] GC(96) Phase 1: Mark live objects
[51.473s][info][gc,phases      ] GC(96) Phase 1: Mark live objects 97.208ms
[51.474s][info][gc,phases,start] GC(96) Phase 2: Compute new object addresses
[51.502s][info][gc,phases      ] GC(96) Phase 2: Compute new object addresses 28.272ms
[51.502s][info][gc,phases,start] GC(96) Phase 3: Adjust pointers
[51.556s][info][gc,phases      ] GC(96) Phase 3: Adjust pointers 54.174ms
[51.556s][info][gc,phases,start] GC(96) Phase 4: Move objects
[51.556s][info][gc,phases      ] GC(96) Phase 4: Move objects 0.046ms
[51.557s][info][gc,heap        ] GC(96) PSYoungGen: 320K->0K(2783744K)
[51.557s][info][gc,heap        ] GC(96) PSOldGen: 178172K->178269K(5592576K)
[51.557s][info][gc,metaspace   ] GC(96) Metaspace: 78817K(82768K)->78817K(82768K) NonClass: 68583K(70576K)->68583K(70576K) Class: 10233K(12192K)->10233K(12192K)
[51.557s][info][gc             ] GC(96) Pause Full (System.gc()) 174M->174M(8180M) 182.551ms
[51.557s][info][gc,cpu         ] GC(96) User=0.19s Sys=0.00s Real=0.18s
[52.164s][info][gc,start       ] GC(97) Pause Young (System.gc())
[52.165s][info][gc,heap        ] GC(97) PSYoungGen: 2381217K->320K(2786304K)
[52.165s][info][gc,heap        ] GC(97) PSOldGen: 178269K->178277K(5592576K)
[52.165s][info][gc,metaspace   ] GC(97) Metaspace: 78943K(83024K)->78943K(83024K) NonClass: 68706K(70832K)->68706K(70832K) Class: 10237K(12192K)->10237K(12192K)
[52.165s][info][gc             ] GC(97) Pause Young (System.gc()) 2499M->174M(8182M) 1.358ms
[52.165s][info][gc,cpu         ] GC(97) User=0.02s Sys=0.00s Real=0.00s
[52.165s][info][gc,start       ] GC(98) Pause Full (System.gc())
[52.167s][info][gc,phases,start] GC(98) Phase 1: Mark live objects
[52.278s][info][gc,phases      ] GC(98) Phase 1: Mark live objects 111.105ms
[52.278s][info][gc,phases,start] GC(98) Phase 2: Compute new object addresses
[52.306s][info][gc,phases      ] GC(98) Phase 2: Compute new object addresses 28.114ms
[52.306s][info][gc,phases,start] GC(98) Phase 3: Adjust pointers
[52.361s][info][gc,phases      ] GC(98) Phase 3: Adjust pointers 55.204ms
[52.362s][info][gc,phases,start] GC(98) Phase 4: Move objects
[52.362s][info][gc,phases      ] GC(98) Phase 4: Move objects 0.066ms
[52.362s][info][gc,heap        ] GC(98) PSYoungGen: 320K->0K(2786304K)
[52.362s][info][gc,heap        ] GC(98) PSOldGen: 178277K->178377K(5592576K)
[52.362s][info][gc,metaspace   ] GC(98) Metaspace: 78943K(83024K)->78939K(83024K) NonClass: 68706K(70832K)->68704K(70832K) Class: 10237K(12192K)->10235K(12192K)
[52.362s][info][gc             ] GC(98) Pause Full (System.gc()) 174M->174M(8182M) 196.849ms
[52.362s][info][gc,cpu         ] GC(98) User=0.19s Sys=0.00s Real=0.19s
[52.970s][info][gc,start       ] GC(99) Pause Young (System.gc())
[52.972s][info][gc,heap        ] GC(99) PSYoungGen: 2358316K->320K(2785792K)
[52.972s][info][gc,heap        ] GC(99) PSOldGen: 178377K->178377K(5592576K)
[52.972s][info][gc,metaspace   ] GC(99) Metaspace: 78965K(83024K)->78965K(83024K) NonClass: 68728K(70832K)->68728K(70832K) Class: 10236K(12192K)->10236K(12192K)
[52.972s][info][gc             ] GC(99) Pause Young (System.gc()) 2477M->174M(8182M) 1.463ms
[52.972s][info][gc,cpu         ] GC(99) User=0.00s Sys=0.00s Real=0.00s
[52.972s][info][gc,start       ] GC(100) Pause Full (System.gc())
[52.974s][info][gc,phases,start] GC(100) Phase 1: Mark live objects
[53.084s][info][gc,phases      ] GC(100) Phase 1: Mark live objects 110.753ms
[53.084s][info][gc,phases,start] GC(100) Phase 2: Compute new object addresses
[53.113s][info][gc,phases      ] GC(100) Phase 2: Compute new object addresses 28.878ms
[53.113s][info][gc,phases,start] GC(100) Phase 3: Adjust pointers
[53.172s][info][gc,phases      ] GC(100) Phase 3: Adjust pointers 59.112ms
[53.173s][info][gc,phases,start] GC(100) Phase 4: Move objects
[53.206s][info][gc,phases      ] GC(100) Phase 4: Move objects 32.991ms
[53.206s][info][gc,heap        ] GC(100) PSYoungGen: 320K->0K(2785792K)
[53.207s][info][gc,heap        ] GC(100) PSOldGen: 178377K->178142K(5592576K)
[53.207s][info][gc,metaspace   ] GC(100) Metaspace: 78965K(83024K)->78963K(83024K) NonClass: 68728K(70832K)->68727K(70832K) Class: 10236K(12192K)->10236K(12192K)
[53.207s][info][gc             ] GC(100) Pause Full (System.gc()) 174M->173M(8182M) 234.719ms
[53.207s][info][gc,cpu         ] GC(100) User=0.23s Sys=0.00s Real=0.24s
[53.805s][info][gc,start       ] GC(101) Pause Young (System.gc())
[53.806s][info][gc,heap        ] GC(101) PSYoungGen: 2372932K->320K(2787840K)
[53.806s][info][gc,heap        ] GC(101) PSOldGen: 178142K->178142K(5592576K)
[53.806s][info][gc,metaspace   ] GC(101) Metaspace: 78968K(83024K)->78968K(83024K) NonClass: 68732K(70832K)->68732K(70832K) Class: 10236K(12192K)->10236K(12192K)
[53.806s][info][gc             ] GC(101) Pause Young (System.gc()) 2491M->174M(8184M) 1.349ms
[53.806s][info][gc,cpu         ] GC(101) User=0.00s Sys=0.00s Real=0.00s
[53.806s][info][gc,start       ] GC(102) Pause Full (System.gc())
[53.808s][info][gc,phases,start] GC(102) Phase 1: Mark live objects
[53.905s][info][gc,phases      ] GC(102) Phase 1: Mark live objects 97.008ms
[53.905s][info][gc,phases,start] GC(102) Phase 2: Compute new object addresses
[53.934s][info][gc,phases      ] GC(102) Phase 2: Compute new object addresses 28.605ms
[53.934s][info][gc,phases,start] GC(102) Phase 3: Adjust pointers
[53.988s][info][gc,phases      ] GC(102) Phase 3: Adjust pointers 54.603ms
[53.988s][info][gc,phases,start] GC(102) Phase 4: Move objects
[53.988s][info][gc,phases      ] GC(102) Phase 4: Move objects 0.037ms
[53.989s][info][gc,heap        ] GC(102) PSYoungGen: 320K->0K(2787840K)
[53.989s][info][gc,heap        ] GC(102) PSOldGen: 178142K->178242K(5592576K)
[53.989s][info][gc,metaspace   ] GC(102) Metaspace: 78968K(83024K)->78968K(83024K) NonClass: 68732K(70832K)->68732K(70832K) Class: 10236K(12192K)->10236K(12192K)
[53.989s][info][gc             ] GC(102) Pause Full (System.gc()) 174M->174M(8184M) 182.645ms
[53.989s][info][gc,cpu         ] GC(102) User=0.17s Sys=0.00s Real=0.19s
[54.586s][info][gc,start       ] GC(103) Pause Young (System.gc())
[54.587s][info][gc,heap        ] GC(103) PSYoungGen: 2382530K->352K(2787328K)
[54.588s][info][gc,heap        ] GC(103) PSOldGen: 178242K->178242K(5592576K)
[54.588s][info][gc,metaspace   ] GC(103) Metaspace: 78975K(83024K)->78975K(83024K) NonClass: 68739K(70832K)->68739K(70832K) Class: 10236K(12192K)->10236K(12192K)
[54.588s][info][gc             ] GC(103) Pause Young (System.gc()) 2500M->174M(8183M) 1.528ms
[54.588s][info][gc,cpu         ] GC(103) User=0.02s Sys=0.00s Real=0.00s
[54.588s][info][gc,start       ] GC(104) Pause Full (System.gc())
[54.589s][info][gc,phases,start] GC(104) Phase 1: Mark live objects
[54.686s][info][gc,phases      ] GC(104) Phase 1: Mark live objects 97.088ms
[54.686s][info][gc,phases,start] GC(104) Phase 2: Compute new object addresses
[54.714s][info][gc,phases      ] GC(104) Phase 2: Compute new object addresses 28.043ms
[54.714s][info][gc,phases,start] GC(104) Phase 3: Adjust pointers
[54.769s][info][gc,phases      ] GC(104) Phase 3: Adjust pointers 54.237ms
[54.769s][info][gc,phases,start] GC(104) Phase 4: Move objects
[54.769s][info][gc,phases      ] GC(104) Phase 4: Move objects 0.035ms
[54.770s][info][gc,heap        ] GC(104) PSYoungGen: 352K->0K(2787328K)
[54.770s][info][gc,heap        ] GC(104) PSOldGen: 178242K->178342K(5592576K)
[54.770s][info][gc,metaspace   ] GC(104) Metaspace: 78975K(83024K)->78975K(83024K) NonClass: 68739K(70832K)->68739K(70832K) Class: 10236K(12192K)->10236K(12192K)
[54.770s][info][gc             ] GC(104) Pause Full (System.gc()) 174M->174M(8183M) 181.902ms
[54.770s][info][gc,cpu         ] GC(104) User=0.17s Sys=0.00s Real=0.19s
[55.371s][info][gc,start       ] GC(105) Pause Young (System.gc())
[55.373s][info][gc,heap        ] GC(105) PSYoungGen: 2357893K->352K(2789376K)
[55.373s][info][gc,heap        ] GC(105) PSOldGen: 178342K->178350K(5592576K)
[55.373s][info][gc,metaspace   ] GC(105) Metaspace: 79020K(83024K)->79020K(83024K) NonClass: 68784K(70832K)->68784K(70832K) Class: 10236K(12192K)->10236K(12192K)
[55.373s][info][gc             ] GC(105) Pause Young (System.gc()) 2476M->174M(8185M) 1.329ms
[55.373s][info][gc,cpu         ] GC(105) User=0.00s Sys=0.00s Real=0.00s
[55.373s][info][gc,start       ] GC(106) Pause Full (System.gc())
[55.374s][info][gc,phases,start] GC(106) Phase 1: Mark live objects
[55.471s][info][gc,phases      ] GC(106) Phase 1: Mark live objects 97.182ms
[55.471s][info][gc,phases,start] GC(106) Phase 2: Compute new object addresses
[55.499s][info][gc,phases      ] GC(106) Phase 2: Compute new object addresses 27.949ms
[55.499s][info][gc,phases,start] GC(106) Phase 3: Adjust pointers
[55.554s][info][gc,phases      ] GC(106) Phase 3: Adjust pointers 54.691ms
[55.554s][info][gc,phases,start] GC(106) Phase 4: Move objects
[55.554s][info][gc,phases      ] GC(106) Phase 4: Move objects 0.056ms
[55.555s][info][gc,heap        ] GC(106) PSYoungGen: 352K->0K(2789376K)
[55.555s][info][gc,heap        ] GC(106) PSOldGen: 178350K->178449K(5592576K)
[55.555s][info][gc,metaspace   ] GC(106) Metaspace: 79020K(83024K)->79020K(83024K) NonClass: 68784K(70832K)->68784K(70832K) Class: 10236K(12192K)->10236K(12192K)
[55.555s][info][gc             ] GC(106) Pause Full (System.gc()) 174M->174M(8185M) 182.271ms
[55.555s][info][gc,cpu         ] GC(106) User=0.17s Sys=0.00s Real=0.17s
[56.156s][info][gc,start       ] GC(107) Pause Young (System.gc())
[56.158s][info][gc,heap        ] GC(107) PSYoungGen: 2361143K->352K(2788352K)
[56.158s][info][gc,heap        ] GC(107) PSOldGen: 178449K->178457K(5592576K)
[56.158s][info][gc,metaspace   ] GC(107) Metaspace: 79055K(83024K)->79055K(83024K) NonClass: 68819K(70832K)->68819K(70832K) Class: 10236K(12192K)->10236K(12192K)
[56.158s][info][gc             ] GC(107) Pause Young (System.gc()) 2480M->174M(8184M) 1.525ms
[56.158s][info][gc,cpu         ] GC(107) User=0.00s Sys=0.00s Real=0.00s
[56.158s][info][gc,start       ] GC(108) Pause Full (System.gc())
[56.160s][info][gc,phases,start] GC(108) Phase 1: Mark live objects
[56.258s][info][gc,phases      ] GC(108) Phase 1: Mark live objects 98.261ms
[56.258s][info][gc,phases,start] GC(108) Phase 2: Compute new object addresses
[56.287s][info][gc,phases      ] GC(108) Phase 2: Compute new object addresses 29.336ms
[56.287s][info][gc,phases,start] GC(108) Phase 3: Adjust pointers
[56.346s][info][gc,phases      ] GC(108) Phase 3: Adjust pointers 59.165ms
[56.346s][info][gc,phases,start] GC(108) Phase 4: Move objects
[56.379s][info][gc,phases      ] GC(108) Phase 4: Move objects 32.038ms
[56.379s][info][gc,heap        ] GC(108) PSYoungGen: 352K->0K(2788352K)
[56.379s][info][gc,heap        ] GC(108) PSOldGen: 178457K->178214K(5592576K)
[56.379s][info][gc,metaspace   ] GC(108) Metaspace: 79055K(83024K)->79055K(83024K) NonClass: 68819K(70832K)->68819K(70832K) Class: 10236K(12192K)->10236K(12192K)
[56.379s][info][gc             ] GC(108) Pause Full (System.gc()) 174M->174M(8184M) 221.473ms
[56.380s][info][gc,cpu         ] GC(108) User=0.22s Sys=0.00s Real=0.23s
[56.986s][info][gc,start       ] GC(109) Pause Young (System.gc())
[56.988s][info][gc,heap        ] GC(109) PSYoungGen: 2361840K->320K(2790400K)
[56.988s][info][gc,heap        ] GC(109) PSOldGen: 178214K->178222K(5592576K)
[56.988s][info][gc,metaspace   ] GC(109) Metaspace: 79095K(83024K)->79095K(83024K) NonClass: 68858K(70832K)->68858K(70832K) Class: 10236K(12192K)->10236K(12192K)
[56.988s][info][gc             ] GC(109) Pause Young (System.gc()) 2480M->174M(8186M) 1.475ms
[56.988s][info][gc,cpu         ] GC(109) User=0.00s Sys=0.00s Real=0.00s
[56.988s][info][gc,start       ] GC(110) Pause Full (System.gc())
[56.989s][info][gc,phases,start] GC(110) Phase 1: Mark live objects
[57.086s][info][gc,phases      ] GC(110) Phase 1: Mark live objects 97.190ms
[57.087s][info][gc,phases,start] GC(110) Phase 2: Compute new object addresses
[57.115s][info][gc,phases      ] GC(110) Phase 2: Compute new object addresses 28.054ms
[57.115s][info][gc,phases,start] GC(110) Phase 3: Adjust pointers
[57.169s][info][gc,phases      ] GC(110) Phase 3: Adjust pointers 54.434ms
[57.169s][info][gc,phases,start] GC(110) Phase 4: Move objects
[57.169s][info][gc,phases      ] GC(110) Phase 4: Move objects 0.036ms
[57.170s][info][gc,heap        ] GC(110) PSYoungGen: 320K->0K(2790400K)
[57.170s][info][gc,heap        ] GC(110) PSOldGen: 178222K->178321K(5592576K)
[57.170s][info][gc,metaspace   ] GC(110) Metaspace: 79095K(83024K)->79095K(83024K) NonClass: 68858K(70832K)->68858K(70832K) Class: 10236K(12192K)->10236K(12192K)
[57.170s][info][gc             ] GC(110) Pause Full (System.gc()) 174M->174M(8186M) 182.043ms
[57.170s][info][gc,cpu         ] GC(110) User=0.19s Sys=0.00s Real=0.19s
[57.777s][info][gc,start       ] GC(111) Pause Young (System.gc())
[57.778s][info][gc,heap        ] GC(111) PSYoungGen: 2364872K->320K(2789888K)
[57.778s][info][gc,heap        ] GC(111) PSOldGen: 178321K->178321K(5592576K)
[57.778s][info][gc,metaspace   ] GC(111) Metaspace: 79104K(83024K)->79104K(83024K) NonClass: 68868K(70832K)->68868K(70832K) Class: 10236K(12192K)->10236K(12192K)
[57.778s][info][gc             ] GC(111) Pause Young (System.gc()) 2483M->174M(8186M) 1.318ms
[57.778s][info][gc,cpu         ] GC(111) User=0.00s Sys=0.00s Real=0.00s
[57.778s][info][gc,start       ] GC(112) Pause Full (System.gc())
[57.779s][info][gc,phases,start] GC(112) Phase 1: Mark live objects
[57.877s][info][gc,phases      ] GC(112) Phase 1: Mark live objects 97.590ms
[57.877s][info][gc,phases,start] GC(112) Phase 2: Compute new object addresses
[57.905s][info][gc,phases      ] GC(112) Phase 2: Compute new object addresses 28.166ms
[57.905s][info][gc,phases,start] GC(112) Phase 3: Adjust pointers
[57.960s][info][gc,phases      ] GC(112) Phase 3: Adjust pointers 54.560ms
[57.960s][info][gc,phases,start] GC(112) Phase 4: Move objects
[57.960s][info][gc,phases      ] GC(112) Phase 4: Move objects 0.036ms
[57.961s][info][gc,heap        ] GC(112) PSYoungGen: 320K->0K(2789888K)
[57.961s][info][gc,heap        ] GC(112) PSOldGen: 178321K->178420K(5592576K)
[57.961s][info][gc,metaspace   ] GC(112) Metaspace: 79104K(83024K)->79104K(83024K) NonClass: 68868K(70832K)->68868K(70832K) Class: 10236K(12192K)->10236K(12192K)
[57.961s][info][gc             ] GC(112) Pause Full (System.gc()) 174M->174M(8186M) 182.727ms
[57.961s][info][gc,cpu         ] GC(112) User=0.17s Sys=0.00s Real=0.17s
[58.565s][info][gc,start       ] GC(113) Pause Young (System.gc())
[58.567s][info][gc,heap        ] GC(113) PSYoungGen: 2383152K->352K(2790912K)
[58.567s][info][gc,heap        ] GC(113) PSOldGen: 178420K->178428K(5592576K)
[58.567s][info][gc,metaspace   ] GC(113) Metaspace: 79159K(83280K)->79159K(83280K) NonClass: 68923K(71088K)->68923K(71088K) Class: 10236K(12192K)->10236K(12192K)
[58.567s][info][gc             ] GC(113) Pause Young (System.gc()) 2501M->174M(8187M) 1.372ms
[58.567s][info][gc,cpu         ] GC(113) User=0.00s Sys=0.00s Real=0.00s
[58.567s][info][gc,start       ] GC(114) Pause Full (System.gc())
[58.568s][info][gc,phases,start] GC(114) Phase 1: Mark live objects
[58.665s][info][gc,phases      ] GC(114) Phase 1: Mark live objects 97.178ms
[58.665s][info][gc,phases,start] GC(114) Phase 2: Compute new object addresses
[58.694s][info][gc,phases      ] GC(114) Phase 2: Compute new object addresses 28.530ms
[58.694s][info][gc,phases,start] GC(114) Phase 3: Adjust pointers
[58.749s][info][gc,phases      ] GC(114) Phase 3: Adjust pointers 55.074ms
[58.749s][info][gc,phases,start] GC(114) Phase 4: Move objects
[58.749s][info][gc,phases      ] GC(114) Phase 4: Move objects 0.054ms
[58.750s][info][gc,heap        ] GC(114) PSYoungGen: 352K->0K(2790912K)
[58.750s][info][gc,heap        ] GC(114) PSOldGen: 178428K->178529K(5592576K)
[58.750s][info][gc,metaspace   ] GC(114) Metaspace: 79159K(83280K)->79159K(83280K) NonClass: 68923K(71088K)->68923K(71088K) Class: 10236K(12192K)->10236K(12192K)
[58.750s][info][gc             ] GC(114) Pause Full (System.gc()) 174M->174M(8187M) 183.185ms
[58.750s][info][gc,cpu         ] GC(114) User=0.19s Sys=0.00s Real=0.19s
[59.356s][info][gc,start       ] GC(115) Pause Young (System.gc())
[59.357s][info][gc,heap        ] GC(115) PSYoungGen: 2362474K->352K(2790400K)
[59.357s][info][gc,heap        ] GC(115) PSOldGen: 178529K->178537K(5592576K)
[59.357s][info][gc,metaspace   ] GC(115) Metaspace: 79313K(83280K)->79313K(83280K) NonClass: 69077K(71088K)->69077K(71088K) Class: 10236K(12192K)->10236K(12192K)
[59.357s][info][gc             ] GC(115) Pause Young (System.gc()) 2481M->174M(8186M) 1.407ms
[59.357s][info][gc,cpu         ] GC(115) User=0.00s Sys=0.00s Real=0.00s
[59.358s][info][gc,start       ] GC(116) Pause Full (System.gc())
[59.359s][info][gc,phases,start] GC(116) Phase 1: Mark live objects
[59.457s][info][gc,phases      ] GC(116) Phase 1: Mark live objects 97.637ms
[59.457s][info][gc,phases,start] GC(116) Phase 2: Compute new object addresses
[59.486s][info][gc,phases      ] GC(116) Phase 2: Compute new object addresses 29.391ms
[59.486s][info][gc,phases,start] GC(116) Phase 3: Adjust pointers
[59.544s][info][gc,phases      ] GC(116) Phase 3: Adjust pointers 58.235ms
[59.544s][info][gc,phases,start] GC(116) Phase 4: Move objects
[59.577s][info][gc,phases      ] GC(116) Phase 4: Move objects 32.108ms
[59.577s][info][gc,heap        ] GC(116) PSYoungGen: 352K->0K(2790400K)
[59.577s][info][gc,heap        ] GC(116) PSOldGen: 178537K->178275K(5592576K)
[59.577s][info][gc,metaspace   ] GC(116) Metaspace: 79313K(83280K)->79313K(83280K) NonClass: 69077K(71088K)->69077K(71088K) Class: 10236K(12192K)->10236K(12192K)
[59.577s][info][gc             ] GC(116) Pause Full (System.gc()) 174M->174M(8186M) 219.925ms
[59.578s][info][gc,cpu         ] GC(116) User=0.22s Sys=0.00s Real=0.23s
[60.189s][info][gc,start       ] GC(117) Pause Young (System.gc())
[60.190s][info][gc,heap        ] GC(117) PSYoungGen: 2363321K->256K(2791936K)
[60.190s][info][gc,heap        ] GC(117) PSOldGen: 178275K->178275K(5592576K)
[60.190s][info][gc,metaspace   ] GC(117) Metaspace: 79326K(83280K)->79326K(83280K) NonClass: 69090K(71088K)->69090K(71088K) Class: 10236K(12192K)->10236K(12192K)
[60.190s][info][gc             ] GC(117) Pause Young (System.gc()) 2482M->174M(8188M) 1.548ms
[60.190s][info][gc,cpu         ] GC(117) User=0.00s Sys=0.00s Real=0.01s
[60.190s][info][gc,start       ] GC(118) Pause Full (System.gc())
[60.192s][info][gc,phases,start] GC(118) Phase 1: Mark live objects
[60.289s][info][gc,phases      ] GC(118) Phase 1: Mark live objects 97.254ms
[60.289s][info][gc,phases,start] GC(118) Phase 2: Compute new object addresses
[60.317s][info][gc,phases      ] GC(118) Phase 2: Compute new object addresses 27.983ms
[60.317s][info][gc,phases,start] GC(118) Phase 3: Adjust pointers
[60.372s][info][gc,phases      ] GC(118) Phase 3: Adjust pointers 54.904ms
[60.372s][info][gc,phases,start] GC(118) Phase 4: Move objects
[60.372s][info][gc,phases      ] GC(118) Phase 4: Move objects 0.035ms
[60.373s][info][gc,heap        ] GC(118) PSYoungGen: 256K->0K(2791936K)
[60.373s][info][gc,heap        ] GC(118) PSOldGen: 178275K->178373K(5592576K)
[60.373s][info][gc,metaspace   ] GC(118) Metaspace: 79326K(83280K)->79326K(83280K) NonClass: 69090K(71088K)->69090K(71088K) Class: 10236K(12192K)->10236K(12192K)
[60.373s][info][gc             ] GC(118) Pause Full (System.gc()) 174M->174M(8188M) 182.689ms
[60.373s][info][gc,cpu         ] GC(118) User=0.19s Sys=0.00s Real=0.18s
[60.981s][info][gc,start       ] GC(119) Pause Young (System.gc())
[60.983s][info][gc,heap        ] GC(119) PSYoungGen: 2365450K->288K(2791424K)
[60.983s][info][gc,heap        ] GC(119) PSOldGen: 178373K->178373K(5592576K)
[60.983s][info][gc,metaspace   ] GC(119) Metaspace: 79344K(83280K)->79344K(83280K) NonClass: 69108K(71088K)->69108K(71088K) Class: 10236K(12192K)->10236K(12192K)
[60.983s][info][gc             ] GC(119) Pause Young (System.gc()) 2484M->174M(8187M) 1.329ms
[60.983s][info][gc,cpu         ] GC(119) User=0.00s Sys=0.00s Real=0.00s
[60.983s][info][gc,start       ] GC(120) Pause Full (System.gc())
[60.986s][info][gc,phases,start] GC(120) Phase 1: Mark live objects
[61.084s][info][gc,phases      ] GC(120) Phase 1: Mark live objects 97.984ms
[61.084s][info][gc,phases,start] GC(120) Phase 2: Compute new object addresses
[61.113s][info][gc,phases      ] GC(120) Phase 2: Compute new object addresses 28.851ms
[61.113s][info][gc,phases,start] GC(120) Phase 3: Adjust pointers
[61.168s][info][gc,phases      ] GC(120) Phase 3: Adjust pointers 54.755ms
[61.168s][info][gc,phases,start] GC(120) Phase 4: Move objects
[61.168s][info][gc,phases      ] GC(120) Phase 4: Move objects 0.036ms
[61.169s][info][gc,heap        ] GC(120) PSYoungGen: 288K->0K(2791424K)
[61.169s][info][gc,heap        ] GC(120) PSOldGen: 178373K->178472K(5592576K)
[61.169s][info][gc,metaspace   ] GC(120) Metaspace: 79344K(83280K)->79344K(83280K) NonClass: 69108K(71088K)->69108K(71088K) Class: 10236K(12192K)->10236K(12192K)
[61.169s][info][gc             ] GC(120) Pause Full (System.gc()) 174M->174M(8187M) 185.928ms
[61.169s][info][gc,cpu         ] GC(120) User=0.19s Sys=0.00s Real=0.19s
[61.767s][info][gc,start       ] GC(121) Pause Young (System.gc())
[61.768s][info][gc,heap        ] GC(121) PSYoungGen: 2366658K->352K(2792448K)
[61.768s][info][gc,heap        ] GC(121) PSOldGen: 178472K->178472K(5592576K)
[61.768s][info][gc,metaspace   ] GC(121) Metaspace: 79370K(83280K)->79370K(83280K) NonClass: 69134K(71088K)->69134K(71088K) Class: 10236K(12192K)->10236K(12192K)
[61.768s][info][gc             ] GC(121) Pause Young (System.gc()) 2485M->174M(8188M) 1.423ms
[61.768s][info][gc,cpu         ] GC(121) User=0.00s Sys=0.00s Real=0.01s
[61.769s][info][gc,start       ] GC(122) Pause Full (System.gc())
[61.770s][info][gc,phases,start] GC(122) Phase 1: Mark live objects
[61.868s][info][gc,phases      ] GC(122) Phase 1: Mark live objects 98.125ms
[61.868s][info][gc,phases,start] GC(122) Phase 2: Compute new object addresses
[61.897s][info][gc,phases      ] GC(122) Phase 2: Compute new object addresses 28.293ms
[61.897s][info][gc,phases,start] GC(122) Phase 3: Adjust pointers
[61.951s][info][gc,phases      ] GC(122) Phase 3: Adjust pointers 54.584ms
[61.951s][info][gc,phases,start] GC(122) Phase 4: Move objects
[61.951s][info][gc,phases      ] GC(122) Phase 4: Move objects 0.055ms
[61.952s][info][gc,heap        ] GC(122) PSYoungGen: 352K->0K(2792448K)
[61.952s][info][gc,heap        ] GC(122) PSOldGen: 178472K->178573K(5592576K)
[61.952s][info][gc,metaspace   ] GC(122) Metaspace: 79370K(83280K)->79370K(83280K) NonClass: 69134K(71088K)->69134K(71088K) Class: 10236K(12192K)->10236K(12192K)
[61.952s][info][gc             ] GC(122) Pause Full (System.gc()) 174M->174M(8188M) 183.595ms
[61.952s][info][gc,cpu         ] GC(122) User=0.19s Sys=0.00s Real=0.18s
[62.547s][info][gc,start       ] GC(123) Pause Young (System.gc())
[62.548s][info][gc,heap        ] GC(123) PSYoungGen: 2367888K->320K(2791936K)
[62.548s][info][gc,heap        ] GC(123) PSOldGen: 178573K->178573K(5592576K)
[62.548s][info][gc,metaspace   ] GC(123) Metaspace: 79379K(83536K)->79379K(83536K) NonClass: 69143K(71344K)->69143K(71344K) Class: 10236K(12192K)->10236K(12192K)
[62.548s][info][gc             ] GC(123) Pause Young (System.gc()) 2486M->174M(8188M) 1.500ms
[62.548s][info][gc,cpu         ] GC(123) User=0.00s Sys=0.00s Real=0.00s
[62.548s][info][gc,start       ] GC(124) Pause Full (System.gc())
[62.550s][info][gc,phases,start] GC(124) Phase 1: Mark live objects
[62.648s][info][gc,phases      ] GC(124) Phase 1: Mark live objects 98.019ms
[62.648s][info][gc,phases,start] GC(124) Phase 2: Compute new object addresses
[62.677s][info][gc,phases      ] GC(124) Phase 2: Compute new object addresses 28.879ms
[62.677s][info][gc,phases,start] GC(124) Phase 3: Adjust pointers
[62.736s][info][gc,phases      ] GC(124) Phase 3: Adjust pointers 59.123ms
[62.736s][info][gc,phases,start] GC(124) Phase 4: Move objects
[62.767s][info][gc,phases      ] GC(124) Phase 4: Move objects 30.912ms
[62.768s][info][gc,heap        ] GC(124) PSYoungGen: 320K->0K(2791936K)
[62.768s][info][gc,heap        ] GC(124) PSOldGen: 178573K->178349K(5592576K)
[62.768s][info][gc,metaspace   ] GC(124) Metaspace: 79379K(83536K)->79379K(83536K) NonClass: 69143K(71344K)->69143K(71344K) Class: 10236K(12192K)->10236K(12192K)
[62.768s][info][gc             ] GC(124) Pause Full (System.gc()) 174M->174M(8188M) 219.733ms
[62.768s][info][gc,cpu         ] GC(124) User=0.20s Sys=0.00s Real=0.22s
[63.365s][info][gc,start       ] GC(125) Pause Young (System.gc())
[63.366s][info][gc,heap        ] GC(125) PSYoungGen: 2341307K->320K(2792960K)
[63.366s][info][gc,heap        ] GC(125) PSOldGen: 178349K->178349K(5592576K)
[63.366s][info][gc,metaspace   ] GC(125) Metaspace: 79392K(83536K)->79392K(83536K) NonClass: 69156K(71344K)->69156K(71344K) Class: 10236K(12192K)->10236K(12192K)
[63.366s][info][gc             ] GC(125) Pause Young (System.gc()) 2460M->174M(8189M) 1.350ms
[63.366s][info][gc,cpu         ] GC(125) User=0.00s Sys=0.00s Real=0.00s
[63.366s][info][gc,start       ] GC(126) Pause Full (System.gc())
[63.368s][info][gc,phases,start] GC(126) Phase 1: Mark live objects
[63.465s][info][gc,phases      ] GC(126) Phase 1: Mark live objects 97.417ms
[63.465s][info][gc,phases,start] GC(126) Phase 2: Compute new object addresses
[63.494s][info][gc,phases      ] GC(126) Phase 2: Compute new object addresses 28.324ms
[63.494s][info][gc,phases,start] GC(126) Phase 3: Adjust pointers
[63.549s][info][gc,phases      ] GC(126) Phase 3: Adjust pointers 54.774ms
[63.549s][info][gc,phases,start] GC(126) Phase 4: Move objects
[63.549s][info][gc,phases      ] GC(126) Phase 4: Move objects 0.035ms
[63.549s][info][gc,heap        ] GC(126) PSYoungGen: 320K->0K(2792960K)
[63.549s][info][gc,heap        ] GC(126) PSOldGen: 178349K->178447K(5592576K)
[63.549s][info][gc,metaspace   ] GC(126) Metaspace: 79392K(83536K)->79392K(83536K) NonClass: 69156K(71344K)->69156K(71344K) Class: 10236K(12192K)->10236K(12192K)
[63.549s][info][gc             ] GC(126) Pause Full (System.gc()) 174M->174M(8189M) 182.935ms
[63.549s][info][gc,cpu         ] GC(126) User=0.17s Sys=0.00s Real=0.17s
[64.147s][info][gc,start       ] GC(127) Pause Young (System.gc())
[64.148s][info][gc,heap        ] GC(127) PSYoungGen: 2378987K->320K(2792448K)
[64.148s][info][gc,heap        ] GC(127) PSOldGen: 178447K->178447K(5592576K)
[64.148s][info][gc,metaspace   ] GC(127) Metaspace: 79400K(83536K)->79400K(83536K) NonClass: 69163K(71344K)->69163K(71344K) Class: 10236K(12192K)->10236K(12192K)
[64.148s][info][gc             ] GC(127) Pause Young (System.gc()) 2497M->174M(8188M) 1.380ms
[64.148s][info][gc,cpu         ] GC(127) User=0.00s Sys=0.00s Real=0.00s
[64.148s][info][gc,start       ] GC(128) Pause Full (System.gc())
[64.150s][info][gc,phases,start] GC(128) Phase 1: Mark live objects
[64.248s][info][gc,phases      ] GC(128) Phase 1: Mark live objects 98.353ms
[64.248s][info][gc,phases,start] GC(128) Phase 2: Compute new object addresses
[64.277s][info][gc,phases      ] GC(128) Phase 2: Compute new object addresses 28.553ms
[64.277s][info][gc,phases,start] GC(128) Phase 3: Adjust pointers
[64.332s][info][gc,phases      ] GC(128) Phase 3: Adjust pointers 54.931ms
[64.332s][info][gc,phases,start] GC(128) Phase 4: Move objects
[64.332s][info][gc,phases      ] GC(128) Phase 4: Move objects 0.036ms
[64.332s][info][gc,heap        ] GC(128) PSYoungGen: 320K->0K(2792448K)
[64.332s][info][gc,heap        ] GC(128) PSOldGen: 178447K->178547K(5592576K)
[64.332s][info][gc,metaspace   ] GC(128) Metaspace: 79400K(83536K)->79400K(83536K) NonClass: 69163K(71344K)->69163K(71344K) Class: 10236K(12192K)->10236K(12192K)
[64.332s][info][gc             ] GC(128) Pause Full (System.gc()) 174M->174M(8188M) 184.244ms
[64.332s][info][gc,cpu         ] GC(128) User=0.19s Sys=0.00s Real=0.18s
[64.934s][info][gc,start       ] GC(129) Pause Young (System.gc())
[64.935s][info][gc,heap        ] GC(129) PSYoungGen: 2366352K->288K(2793472K)
[64.935s][info][gc,heap        ] GC(129) PSOldGen: 178547K->178555K(5592576K)
[64.935s][info][gc,metaspace   ] GC(129) Metaspace: 79413K(83536K)->79413K(83536K) NonClass: 69176K(71344K)->69176K(71344K) Class: 10236K(12192K)->10236K(12192K)
[64.935s][info][gc             ] GC(129) Pause Young (System.gc()) 2485M->174M(8189M) 1.364ms
[64.935s][info][gc,cpu         ] GC(129) User=0.00s Sys=0.00s Real=0.00s
[64.935s][info][gc,start       ] GC(130) Pause Full (System.gc())
[64.937s][info][gc,phases,start] GC(130) Phase 1: Mark live objects
[65.035s][info][gc,phases      ] GC(130) Phase 1: Mark live objects 98.213ms
[65.035s][info][gc,phases,start] GC(130) Phase 2: Compute new object addresses
[65.063s][info][gc,phases      ] GC(130) Phase 2: Compute new object addresses 28.353ms
[65.063s][info][gc,phases,start] GC(130) Phase 3: Adjust pointers
[65.118s][info][gc,phases      ] GC(130) Phase 3: Adjust pointers 54.760ms
[65.118s][info][gc,phases,start] GC(130) Phase 4: Move objects
[65.118s][info][gc,phases      ] GC(130) Phase 4: Move objects 0.056ms
[65.119s][info][gc,heap        ] GC(130) PSYoungGen: 288K->0K(2793472K)
[65.119s][info][gc,heap        ] GC(130) PSOldGen: 178555K->178653K(5592576K)
[65.119s][info][gc,metaspace   ] GC(130) Metaspace: 79413K(83536K)->79413K(83536K) NonClass: 69176K(71344K)->69176K(71344K) Class: 10236K(12192K)->10236K(12192K)
[65.119s][info][gc             ] GC(130) Pause Full (System.gc()) 174M->174M(8189M) 183.730ms
[65.119s][info][gc,cpu         ] GC(130) User=0.19s Sys=0.00s Real=0.19s
[65.723s][info][gc,start       ] GC(131) Pause Young (System.gc())
[65.724s][info][gc,heap        ] GC(131) PSYoungGen: 2342051K->320K(2792960K)
[65.724s][info][gc,heap        ] GC(131) PSOldGen: 178653K->178653K(5592576K)
[65.724s][info][gc,metaspace   ] GC(131) Metaspace: 79415K(83536K)->79415K(83536K) NonClass: 69179K(71344K)->69179K(71344K) Class: 10236K(12192K)->10236K(12192K)
[65.724s][info][gc             ] GC(131) Pause Young (System.gc()) 2461M->174M(8189M) 1.411ms
[65.724s][info][gc,cpu         ] GC(131) User=0.00s Sys=0.00s Real=0.00s
[65.724s][info][gc,start       ] GC(132) Pause Full (System.gc())
[65.726s][info][gc,phases,start] GC(132) Phase 1: Mark live objects
[65.825s][info][gc,phases      ] GC(132) Phase 1: Mark live objects 98.675ms
[65.825s][info][gc,phases,start] GC(132) Phase 2: Compute new object addresses
[65.854s][info][gc,phases      ] GC(132) Phase 2: Compute new object addresses 28.976ms
[65.854s][info][gc,phases,start] GC(132) Phase 3: Adjust pointers
[65.913s][info][gc,phases      ] GC(132) Phase 3: Adjust pointers 58.950ms
[65.913s][info][gc,phases,start] GC(132) Phase 4: Move objects
[65.945s][info][gc,phases      ] GC(132) Phase 4: Move objects 32.264ms
[65.946s][info][gc,heap        ] GC(132) PSYoungGen: 320K->0K(2792960K)
[65.946s][info][gc,heap        ] GC(132) PSOldGen: 178653K->178424K(5592576K)
[65.946s][info][gc,metaspace   ] GC(132) Metaspace: 79415K(83536K)->79415K(83536K) NonClass: 69179K(71344K)->69179K(71344K) Class: 10236K(12192K)->10236K(12192K)
[65.946s][info][gc             ] GC(132) Pause Full (System.gc()) 174M->174M(8189M) 221.978ms
[65.946s][info][gc,cpu         ] GC(132) User=0.22s Sys=0.00s Real=0.22s
[66.545s][info][gc,start       ] GC(133) Pause Young (System.gc())
[66.547s][info][gc,heap        ] GC(133) PSYoungGen: 2342576K->352K(2793472K)
[66.547s][info][gc,heap        ] GC(133) PSOldGen: 178424K->178424K(5592576K)
[66.547s][info][gc,metaspace   ] GC(133) Metaspace: 79417K(83536K)->79417K(83536K) NonClass: 69181K(71344K)->69181K(71344K) Class: 10236K(12192K)->10236K(12192K)
[66.547s][info][gc             ] GC(133) Pause Young (System.gc()) 2461M->174M(8189M) 1.476ms
[66.547s][info][gc,cpu         ] GC(133) User=0.00s Sys=0.00s Real=0.00s
[66.547s][info][gc,start       ] GC(134) Pause Full (System.gc())
[66.548s][info][gc,phases,start] GC(134) Phase 1: Mark live objects
[66.647s][info][gc,phases      ] GC(134) Phase 1: Mark live objects 98.582ms
[66.647s][info][gc,phases,start] GC(134) Phase 2: Compute new object addresses
[66.676s][info][gc,phases      ] GC(134) Phase 2: Compute new object addresses 28.423ms
[66.676s][info][gc,phases,start] GC(134) Phase 3: Adjust pointers
[66.731s][info][gc,phases      ] GC(134) Phase 3: Adjust pointers 55.070ms
[66.731s][info][gc,phases,start] GC(134) Phase 4: Move objects
[66.731s][info][gc,phases      ] GC(134) Phase 4: Move objects 0.037ms
[66.731s][info][gc,heap        ] GC(134) PSYoungGen: 352K->0K(2793472K)
[66.731s][info][gc,heap        ] GC(134) PSOldGen: 178424K->178522K(5592576K)
[66.731s][info][gc,metaspace   ] GC(134) Metaspace: 79417K(83536K)->79417K(83536K) NonClass: 69181K(71344K)->69181K(71344K) Class: 10236K(12192K)->10236K(12192K)
[66.731s][info][gc             ] GC(134) Pause Full (System.gc()) 174M->174M(8189M) 184.641ms
[66.732s][info][gc,cpu         ] GC(134) User=0.19s Sys=0.00s Real=0.19s
[67.331s][info][gc,start       ] GC(135) Pause Young (System.gc())
[67.332s][info][gc,heap        ] GC(135) PSYoungGen: 2370131K->288K(2793472K)
[67.332s][info][gc,heap        ] GC(135) PSOldGen: 178522K->178522K(5592576K)
[67.332s][info][gc,metaspace   ] GC(135) Metaspace: 79435K(83536K)->79435K(83536K) NonClass: 69198K(71344K)->69198K(71344K) Class: 10236K(12192K)->10236K(12192K)
[67.332s][info][gc             ] GC(135) Pause Young (System.gc()) 2488M->174M(8189M) 1.337ms
[67.332s][info][gc,cpu         ] GC(135) User=0.00s Sys=0.00s Real=0.00s
[67.332s][info][gc,start       ] GC(136) Pause Full (System.gc())
[67.334s][info][gc,phases,start] GC(136) Phase 1: Mark live objects
[67.433s][info][gc,phases      ] GC(136) Phase 1: Mark live objects 99.419ms
[67.433s][info][gc,phases,start] GC(136) Phase 2: Compute new object addresses
[67.462s][info][gc,phases      ] GC(136) Phase 2: Compute new object addresses 28.587ms
[67.462s][info][gc,phases,start] GC(136) Phase 3: Adjust pointers
[67.517s][info][gc,phases      ] GC(136) Phase 3: Adjust pointers 55.036ms
[67.517s][info][gc,phases,start] GC(136) Phase 4: Move objects
[67.517s][info][gc,phases      ] GC(136) Phase 4: Move objects 0.035ms
[67.518s][info][gc,heap        ] GC(136) PSYoungGen: 288K->0K(2793472K)
[67.518s][info][gc,heap        ] GC(136) PSOldGen: 178522K->178620K(5592576K)
[67.518s][info][gc,metaspace   ] GC(136) Metaspace: 79435K(83536K)->79435K(83536K) NonClass: 69198K(71344K)->69198K(71344K) Class: 10236K(12192K)->10236K(12192K)
[67.518s][info][gc             ] GC(136) Pause Full (System.gc()) 174M->174M(8189M) 185.433ms
[67.518s][info][gc,cpu         ] GC(136) User=0.17s Sys=0.00s Real=0.17s
[68.117s][info][gc,start       ] GC(137) Pause Young (System.gc())
[68.119s][info][gc,heap        ] GC(137) PSYoungGen: 2384535K->320K(2793984K)
[68.119s][info][gc,heap        ] GC(137) PSOldGen: 178620K->178628K(5592576K)
[68.119s][info][gc,metaspace   ] GC(137) Metaspace: 79446K(83536K)->79446K(83536K) NonClass: 69210K(71344K)->69210K(71344K) Class: 10236K(12192K)->10236K(12192K)
[68.119s][info][gc             ] GC(137) Pause Young (System.gc()) 2503M->174M(8190M) 1.468ms
[68.119s][info][gc,cpu         ] GC(137) User=0.00s Sys=0.00s Real=0.00s
[68.119s][info][gc,start       ] GC(138) Pause Full (System.gc())
[68.121s][info][gc,phases,start] GC(138) Phase 1: Mark live objects
[68.221s][info][gc,phases      ] GC(138) Phase 1: Mark live objects 100.166ms
[68.221s][info][gc,phases,start] GC(138) Phase 2: Compute new object addresses
[68.251s][info][gc,phases      ] GC(138) Phase 2: Compute new object addresses 30.204ms
[68.251s][info][gc,phases,start] GC(138) Phase 3: Adjust pointers
[68.308s][info][gc,phases      ] GC(138) Phase 3: Adjust pointers 57.120ms
[68.308s][info][gc,phases,start] GC(138) Phase 4: Move objects
[68.308s][info][gc,phases      ] GC(138) Phase 4: Move objects 0.053ms
[68.309s][info][gc,heap        ] GC(138) PSYoungGen: 320K->0K(2793984K)
[68.309s][info][gc,heap        ] GC(138) PSOldGen: 178628K->178726K(5592576K)
[68.309s][info][gc,metaspace   ] GC(138) Metaspace: 79446K(83536K)->79446K(83536K) NonClass: 69210K(71344K)->69210K(71344K) Class: 10236K(12192K)->10236K(12192K)
[68.309s][info][gc             ] GC(138) Pause Full (System.gc()) 174M->174M(8190M) 190.099ms
[68.309s][info][gc,cpu         ] GC(138) User=0.19s Sys=0.00s Real=0.19s
[68.908s][info][gc,start       ] GC(139) Pause Young (System.gc())
[68.909s][info][gc,heap        ] GC(139) PSYoungGen: 2367816K->352K(2793984K)
[68.909s][info][gc,heap        ] GC(139) PSOldGen: 178726K->178734K(5592576K)
[68.909s][info][gc,metaspace   ] GC(139) Metaspace: 79544K(83536K)->79544K(83536K) NonClass: 69307K(71344K)->69307K(71344K) Class: 10237K(12192K)->10237K(12192K)
[68.909s][info][gc             ] GC(139) Pause Young (System.gc()) 2486M->174M(8190M) 1.438ms
[68.909s][info][gc,cpu         ] GC(139) User=0.00s Sys=0.00s Real=0.00s
[68.909s][info][gc,start       ] GC(140) Pause Full (System.gc())
[68.911s][info][gc,phases,start] GC(140) Phase 1: Mark live objects
[69.010s][info][gc,phases      ] GC(140) Phase 1: Mark live objects 98.586ms
[69.010s][info][gc,phases,start] GC(140) Phase 2: Compute new object addresses
[69.039s][info][gc,phases      ] GC(140) Phase 2: Compute new object addresses 29.174ms
[69.039s][info][gc,phases,start] GC(140) Phase 3: Adjust pointers
[69.098s][info][gc,phases      ] GC(140) Phase 3: Adjust pointers 59.284ms
[69.098s][info][gc,phases,start] GC(140) Phase 4: Move objects
[69.129s][info][gc,phases      ] GC(140) Phase 4: Move objects 30.964ms
[69.130s][info][gc,heap        ] GC(140) PSYoungGen: 352K->0K(2793984K)
[69.130s][info][gc,heap        ] GC(140) PSOldGen: 178734K->178487K(5592576K)
[69.130s][info][gc,metaspace   ] GC(140) Metaspace: 79544K(83536K)->79544K(83536K) NonClass: 69307K(71344K)->69307K(71344K) Class: 10237K(12192K)->10237K(12192K)
[69.130s][info][gc             ] GC(140) Pause Full (System.gc()) 174M->174M(8190M) 220.803ms
[69.130s][info][gc,cpu         ] GC(140) User=0.22s Sys=0.00s Real=0.22s
[69.724s][info][gc,start       ] GC(141) Pause Young (System.gc())
[69.726s][info][gc,heap        ] GC(141) PSYoungGen: 2371041K->352K(2793984K)
[69.726s][info][gc,heap        ] GC(141) PSOldGen: 178487K->178495K(5592576K)
[69.726s][info][gc,metaspace   ] GC(141) Metaspace: 79578K(83536K)->79578K(83536K) NonClass: 69339K(71344K)->69339K(71344K) Class: 10238K(12192K)->10238K(12192K)
[69.726s][info][gc             ] GC(141) Pause Young (System.gc()) 2489M->174M(8190M) 1.294ms
[69.726s][info][gc,cpu         ] GC(141) User=0.00s Sys=0.00s Real=0.00s
[69.726s][info][gc,start       ] GC(142) Pause Full (System.gc())
[69.727s][info][gc,phases,start] GC(142) Phase 1: Mark live objects
[69.825s][info][gc,phases      ] GC(142) Phase 1: Mark live objects 97.595ms
[69.825s][info][gc,phases,start] GC(142) Phase 2: Compute new object addresses
[69.854s][info][gc,phases      ] GC(142) Phase 2: Compute new object addresses 28.679ms
[69.854s][info][gc,phases,start] GC(142) Phase 3: Adjust pointers
[69.909s][info][gc,phases      ] GC(142) Phase 3: Adjust pointers 55.297ms
[69.909s][info][gc,phases,start] GC(142) Phase 4: Move objects
[69.909s][info][gc,phases      ] GC(142) Phase 4: Move objects 0.036ms
[69.910s][info][gc,heap        ] GC(142) PSYoungGen: 352K->0K(2793984K)
[69.910s][info][gc,heap        ] GC(142) PSOldGen: 178495K->178594K(5592576K)
[69.910s][info][gc,metaspace   ] GC(142) Metaspace: 79578K(83536K)->79578K(83536K) NonClass: 69339K(71344K)->69339K(71344K) Class: 10238K(12192K)->10238K(12192K)
[69.910s][info][gc             ] GC(142) Pause Full (System.gc()) 174M->174M(8190M) 184.005ms
[69.910s][info][gc,cpu         ] GC(142) User=0.19s Sys=0.00s Real=0.19s
[70.500s][info][gc,start       ] GC(143) Pause Young (System.gc())
[70.501s][info][gc,heap        ] GC(143) PSYoungGen: 2343038K->352K(2793984K)
[70.501s][info][gc,heap        ] GC(143) PSOldGen: 178594K->178594K(5592576K)
[70.501s][info][gc,metaspace   ] GC(143) Metaspace: 79588K(83536K)->79588K(83536K) NonClass: 69349K(71344K)->69349K(71344K) Class: 10238K(12192K)->10238K(12192K)
[70.501s][info][gc             ] GC(143) Pause Young (System.gc()) 2462M->174M(8190M) 1.386ms
[70.501s][info][gc,cpu         ] GC(143) User=0.00s Sys=0.00s Real=0.00s
[70.501s][info][gc,start       ] GC(144) Pause Full (System.gc())
[70.503s][info][gc,phases,start] GC(144) Phase 1: Mark live objects
[70.602s][info][gc,phases      ] GC(144) Phase 1: Mark live objects 99.324ms
[70.602s][info][gc,phases,start] GC(144) Phase 2: Compute new object addresses
[70.631s][info][gc,phases      ] GC(144) Phase 2: Compute new object addresses 28.355ms
[70.631s][info][gc,phases,start] GC(144) Phase 3: Adjust pointers
[70.686s][info][gc,phases      ] GC(144) Phase 3: Adjust pointers 55.207ms
[70.686s][info][gc,phases,start] GC(144) Phase 4: Move objects
[70.686s][info][gc,phases      ] GC(144) Phase 4: Move objects 0.038ms
[70.687s][info][gc,heap        ] GC(144) PSYoungGen: 352K->0K(2793984K)
[70.687s][info][gc,heap        ] GC(144) PSOldGen: 178594K->178691K(5592576K)
[70.687s][info][gc,metaspace   ] GC(144) Metaspace: 79588K(83536K)->79588K(83536K) NonClass: 69349K(71344K)->69349K(71344K) Class: 10238K(12192K)->10238K(12192K)
[70.687s][info][gc             ] GC(144) Pause Full (System.gc()) 174M->174M(8190M) 185.272ms
[70.687s][info][gc,cpu         ] GC(144) User=0.17s Sys=0.00s Real=0.18s
[71.281s][info][gc,start       ] GC(145) Pause Young (System.gc())
[71.282s][info][gc,heap        ] GC(145) PSYoungGen: 2370399K->320K(2794496K)
[71.282s][info][gc,heap        ] GC(145) PSOldGen: 178691K->178699K(5592576K)
[71.282s][info][gc,metaspace   ] GC(145) Metaspace: 79594K(83536K)->79594K(83536K) NonClass: 69355K(71344K)->69355K(71344K) Class: 10238K(12192K)->10238K(12192K)
[71.282s][info][gc             ] GC(145) Pause Young (System.gc()) 2489M->174M(8190M) 1.460ms
[71.282s][info][gc,cpu         ] GC(145) User=0.00s Sys=0.00s Real=0.00s
[71.283s][info][gc,start       ] GC(146) Pause Full (System.gc())
[71.286s][info][gc,phases,start] GC(146) Phase 1: Mark live objects
[71.385s][info][gc,phases      ] GC(146) Phase 1: Mark live objects 99.085ms
[71.385s][info][gc,phases,start] GC(146) Phase 2: Compute new object addresses
[71.413s][info][gc,phases      ] GC(146) Phase 2: Compute new object addresses 28.007ms
[71.413s][info][gc,phases,start] GC(146) Phase 3: Adjust pointers
[71.469s][info][gc,phases      ] GC(146) Phase 3: Adjust pointers 56.159ms
[71.469s][info][gc,phases,start] GC(146) Phase 4: Move objects
[71.470s][info][gc,phases      ] GC(146) Phase 4: Move objects 0.057ms
[71.470s][info][gc,heap        ] GC(146) PSYoungGen: 320K->0K(2794496K)
[71.470s][info][gc,heap        ] GC(146) PSOldGen: 178699K->178797K(5592576K)
[71.470s][info][gc,metaspace   ] GC(146) Metaspace: 79594K(83536K)->79594K(83536K) NonClass: 69355K(71344K)->69355K(71344K) Class: 10238K(12192K)->10238K(12192K)
[71.470s][info][gc             ] GC(146) Pause Full (System.gc()) 174M->174M(8190M) 187.733ms
[71.470s][info][gc,cpu         ] GC(146) User=0.19s Sys=0.00s Real=0.19s
[72.061s][info][gc,start       ] GC(147) Pause Young (System.gc())
[72.063s][info][gc,heap        ] GC(147) PSYoungGen: 2372370K->320K(2794496K)
[72.063s][info][gc,heap        ] GC(147) PSOldGen: 178797K->178797K(5592576K)
[72.063s][info][gc,metaspace   ] GC(147) Metaspace: 79597K(83536K)->79597K(83536K) NonClass: 69359K(71344K)->69359K(71344K) Class: 10238K(12192K)->10238K(12192K)
[72.063s][info][gc             ] GC(147) Pause Young (System.gc()) 2491M->174M(8190M) 1.494ms
[72.063s][info][gc,cpu         ] GC(147) User=0.00s Sys=0.00s Real=0.00s
[72.063s][info][gc,start       ] GC(148) Pause Full (System.gc())
[72.065s][info][gc,phases,start] GC(148) Phase 1: Mark live objects
[72.163s][info][gc,phases      ] GC(148) Phase 1: Mark live objects 98.212ms
[72.163s][info][gc,phases,start] GC(148) Phase 2: Compute new object addresses
[72.193s][info][gc,phases      ] GC(148) Phase 2: Compute new object addresses 29.815ms
[72.193s][info][gc,phases,start] GC(148) Phase 3: Adjust pointers
[72.254s][info][gc,phases      ] GC(148) Phase 3: Adjust pointers 60.783ms
[72.254s][info][gc,phases,start] GC(148) Phase 4: Move objects
[72.286s][info][gc,phases      ] GC(148) Phase 4: Move objects 32.235ms
[72.287s][info][gc,heap        ] GC(148) PSYoungGen: 320K->0K(2794496K)
[72.287s][info][gc,heap        ] GC(148) PSOldGen: 178797K->178572K(5592576K)
[72.287s][info][gc,metaspace   ] GC(148) Metaspace: 79597K(83536K)->79597K(83536K) NonClass: 69359K(71344K)->69359K(71344K) Class: 10238K(12192K)->10238K(12192K)
[72.287s][info][gc             ] GC(148) Pause Full (System.gc()) 174M->174M(8190M) 223.787ms
[72.287s][info][gc,cpu         ] GC(148) User=0.22s Sys=0.00s Real=0.22s
[72.879s][info][gc,start       ] GC(149) Pause Young (System.gc())
[72.880s][info][gc,heap        ] GC(149) PSYoungGen: 2374871K->352K(2794496K)
[72.880s][info][gc,heap        ] GC(149) PSOldGen: 178572K->178580K(5592576K)
[72.880s][info][gc,metaspace   ] GC(149) Metaspace: 79643K(83792K)->79643K(83792K) NonClass: 69404K(71600K)->69404K(71600K) Class: 10238K(12192K)->10238K(12192K)
[72.880s][info][gc             ] GC(149) Pause Young (System.gc()) 2493M->174M(8190M) 1.333ms
[72.880s][info][gc,cpu         ] GC(149) User=0.00s Sys=0.00s Real=0.00s
[72.880s][info][gc,start       ] GC(150) Pause Full (System.gc())
[72.882s][info][gc,phases,start] GC(150) Phase 1: Mark live objects
[72.980s][info][gc,phases      ] GC(150) Phase 1: Mark live objects 98.362ms
[72.980s][info][gc,phases,start] GC(150) Phase 2: Compute new object addresses
[73.008s][info][gc,phases      ] GC(150) Phase 2: Compute new object addresses 28.150ms
[73.008s][info][gc,phases,start] GC(150) Phase 3: Adjust pointers
[73.063s][info][gc,phases      ] GC(150) Phase 3: Adjust pointers 55.080ms
[73.064s][info][gc,phases,start] GC(150) Phase 4: Move objects
[73.064s][info][gc,phases      ] GC(150) Phase 4: Move objects 0.036ms
[73.064s][info][gc,heap        ] GC(150) PSYoungGen: 352K->0K(2794496K)
[73.064s][info][gc,heap        ] GC(150) PSOldGen: 178580K->178678K(5592576K)
[73.064s][info][gc,metaspace   ] GC(150) Metaspace: 79643K(83792K)->79643K(83792K) NonClass: 69404K(71600K)->69404K(71600K) Class: 10238K(12192K)->10238K(12192K)
[73.064s][info][gc             ] GC(150) Pause Full (System.gc()) 174M->174M(8190M) 184.129ms
[73.064s][info][gc,cpu         ] GC(150) User=0.20s Sys=0.00s Real=0.19s
[73.657s][info][gc,start       ] GC(151) Pause Young (System.gc())
[73.658s][info][gc,heap        ] GC(151) PSYoungGen: 2492815K->320K(2794496K)
[73.658s][info][gc,heap        ] GC(151) PSOldGen: 178678K->178678K(5592576K)
[73.658s][info][gc,metaspace   ] GC(151) Metaspace: 79648K(83792K)->79648K(83792K) NonClass: 69409K(71600K)->69409K(71600K) Class: 10238K(12192K)->10238K(12192K)
[73.658s][info][gc             ] GC(151) Pause Young (System.gc()) 2608M->174M(8190M) 1.334ms
[73.658s][info][gc,cpu         ] GC(151) User=0.00s Sys=0.00s Real=0.00s
[73.658s][info][gc,start       ] GC(152) Pause Full (System.gc())
[73.660s][info][gc,phases,start] GC(152) Phase 1: Mark live objects
[73.757s][info][gc,phases      ] GC(152) Phase 1: Mark live objects 97.723ms
[73.757s][info][gc,phases,start] GC(152) Phase 2: Compute new object addresses
[73.785s][info][gc,phases      ] GC(152) Phase 2: Compute new object addresses 28.060ms
[73.786s][info][gc,phases,start] GC(152) Phase 3: Adjust pointers
[73.841s][info][gc,phases      ] GC(152) Phase 3: Adjust pointers 55.332ms
[73.841s][info][gc,phases,start] GC(152) Phase 4: Move objects
[73.841s][info][gc,phases      ] GC(152) Phase 4: Move objects 0.035ms
[73.842s][info][gc,heap        ] GC(152) PSYoungGen: 320K->0K(2794496K)
[73.842s][info][gc,heap        ] GC(152) PSOldGen: 178678K->178775K(5592576K)
[73.842s][info][gc,metaspace   ] GC(152) Metaspace: 79648K(83792K)->79648K(83792K) NonClass: 69409K(71600K)->69409K(71600K) Class: 10238K(12192K)->10238K(12192K)
[73.842s][info][gc             ] GC(152) Pause Full (System.gc()) 174M->174M(8190M) 183.536ms
[73.842s][info][gc,cpu         ] GC(152) User=0.19s Sys=0.00s Real=0.18s
[74.433s][info][gc,start       ] GC(153) Pause Young (System.gc())
[74.435s][info][gc,heap        ] GC(153) PSYoungGen: 2417925K->320K(2794496K)
[74.435s][info][gc,heap        ] GC(153) PSOldGen: 178775K->178775K(5592576K)
[74.435s][info][gc,metaspace   ] GC(153) Metaspace: 79657K(83792K)->79657K(83792K) NonClass: 69419K(71600K)->69419K(71600K) Class: 10238K(12192K)->10238K(12192K)
[74.435s][info][gc             ] GC(153) Pause Young (System.gc()) 2535M->174M(8190M) 1.500ms
[74.435s][info][gc,cpu         ] GC(153) User=0.00s Sys=0.00s Real=0.00s
[74.435s][info][gc,start       ] GC(154) Pause Full (System.gc())
[74.436s][info][gc,phases,start] GC(154) Phase 1: Mark live objects
[74.534s][info][gc,phases      ] GC(154) Phase 1: Mark live objects 97.908ms
[74.534s][info][gc,phases,start] GC(154) Phase 2: Compute new object addresses
[74.563s][info][gc,phases      ] GC(154) Phase 2: Compute new object addresses 28.280ms
[74.563s][info][gc,phases,start] GC(154) Phase 3: Adjust pointers
[74.618s][info][gc,phases      ] GC(154) Phase 3: Adjust pointers 55.203ms
[74.618s][info][gc,phases,start] GC(154) Phase 4: Move objects
[74.618s][info][gc,phases      ] GC(154) Phase 4: Move objects 0.060ms
[74.619s][info][gc,heap        ] GC(154) PSYoungGen: 320K->0K(2794496K)
[74.619s][info][gc,heap        ] GC(154) PSOldGen: 178775K->178872K(5592576K)
[74.619s][info][gc,metaspace   ] GC(154) Metaspace: 79657K(83792K)->79657K(83792K) NonClass: 69419K(71600K)->69419K(71600K) Class: 10238K(12192K)->10238K(12192K)
[74.619s][info][gc             ] GC(154) Pause Full (System.gc()) 174M->174M(8190M) 184.209ms
[74.619s][info][gc,cpu         ] GC(154) User=0.17s Sys=0.02s Real=0.17s
[75.215s][info][gc,start       ] GC(155) Pause Young (System.gc())
[75.216s][info][gc,heap        ] GC(155) PSYoungGen: 2380644K->352K(2794496K)
[75.216s][info][gc,heap        ] GC(155) PSOldGen: 178872K->178872K(5592576K)
[75.216s][info][gc,metaspace   ] GC(155) Metaspace: 79660K(83792K)->79660K(83792K) NonClass: 69422K(71600K)->69422K(71600K) Class: 10238K(12192K)->10238K(12192K)
[75.216s][info][gc             ] GC(155) Pause Young (System.gc()) 2499M->175M(8190M) 1.468ms
[75.216s][info][gc,cpu         ] GC(155) User=0.00s Sys=0.00s Real=0.00s
[75.216s][info][gc,start       ] GC(156) Pause Full (System.gc())
[75.218s][info][gc,phases,start] GC(156) Phase 1: Mark live objects
[75.317s][info][gc,phases      ] GC(156) Phase 1: Mark live objects 99.383ms
[75.317s][info][gc,phases,start] GC(156) Phase 2: Compute new object addresses
[75.346s][info][gc,phases      ] GC(156) Phase 2: Compute new object addresses 29.077ms
[75.346s][info][gc,phases,start] GC(156) Phase 3: Adjust pointers
[75.406s][info][gc,phases      ] GC(156) Phase 3: Adjust pointers 59.587ms
[75.406s][info][gc,phases,start] GC(156) Phase 4: Move objects
[75.438s][info][gc,phases      ] GC(156) Phase 4: Move objects 32.154ms
[75.439s][info][gc,heap        ] GC(156) PSYoungGen: 352K->0K(2794496K)
[75.439s][info][gc,heap        ] GC(156) PSOldGen: 178872K->178647K(5592576K)
[75.439s][info][gc,metaspace   ] GC(156) Metaspace: 79660K(83792K)->79660K(83792K) NonClass: 69422K(71600K)->69422K(71600K) Class: 10238K(12192K)->10238K(12192K)
[75.439s][info][gc             ] GC(156) Pause Full (System.gc()) 175M->174M(8190M) 222.921ms
[75.439s][info][gc,cpu         ] GC(156) User=0.22s Sys=0.00s Real=0.22s
[76.035s][info][gc,start       ] GC(157) Pause Young (System.gc())
[76.037s][info][gc,heap        ] GC(157) PSYoungGen: 2372831K->320K(2795008K)
[76.037s][info][gc,heap        ] GC(157) PSOldGen: 178647K->178647K(5592576K)
[76.037s][info][gc,metaspace   ] GC(157) Metaspace: 79666K(83792K)->79666K(83792K) NonClass: 69428K(71600K)->69428K(71600K) Class: 10238K(12192K)->10238K(12192K)
[76.037s][info][gc             ] GC(157) Pause Young (System.gc()) 2491M->174M(8191M) 1.486ms
[76.037s][info][gc,cpu         ] GC(157) User=0.00s Sys=0.00s Real=0.00s
[76.037s][info][gc,start       ] GC(158) Pause Full (System.gc())
[76.041s][info][gc,phases,start] GC(158) Phase 1: Mark live objects
[76.139s][info][gc,phases      ] GC(158) Phase 1: Mark live objects 98.266ms
[76.139s][info][gc,phases,start] GC(158) Phase 2: Compute new object addresses
[76.168s][info][gc,phases      ] GC(158) Phase 2: Compute new object addresses 28.546ms
[76.168s][info][gc,phases,start] GC(158) Phase 3: Adjust pointers
[76.226s][info][gc,phases      ] GC(158) Phase 3: Adjust pointers 57.873ms
[76.226s][info][gc,phases,start] GC(158) Phase 4: Move objects
[76.226s][info][gc,phases      ] GC(158) Phase 4: Move objects 0.035ms
[76.226s][info][gc,heap        ] GC(158) PSYoungGen: 320K->0K(2795008K)
[76.227s][info][gc,heap        ] GC(158) PSOldGen: 178647K->178744K(5592576K)
[76.227s][info][gc,metaspace   ] GC(158) Metaspace: 79666K(83792K)->79666K(83792K) NonClass: 69428K(71600K)->69428K(71600K) Class: 10238K(12192K)->10238K(12192K)
[76.227s][info][gc             ] GC(158) Pause Full (System.gc()) 174M->174M(8191M) 189.563ms
[76.227s][info][gc,cpu         ] GC(158) User=0.19s Sys=0.00s Real=0.19s
[76.821s][info][gc,start       ] GC(159) Pause Young (System.gc())
[76.822s][info][gc,heap        ] GC(159) PSYoungGen: 2355104K->320K(2795008K)
[76.822s][info][gc,heap        ] GC(159) PSOldGen: 178744K->178744K(5592576K)
[76.822s][info][gc,metaspace   ] GC(159) Metaspace: 79667K(83792K)->79667K(83792K) NonClass: 69428K(71600K)->69428K(71600K) Class: 10238K(12192K)->10238K(12192K)
[76.822s][info][gc             ] GC(159) Pause Young (System.gc()) 2474M->174M(8191M) 1.586ms
[76.822s][info][gc,cpu         ] GC(159) User=0.00s Sys=0.00s Real=0.00s
[76.822s][info][gc,start       ] GC(160) Pause Full (System.gc())
[76.824s][info][gc,phases,start] GC(160) Phase 1: Mark live objects
[76.922s][info][gc,phases      ] GC(160) Phase 1: Mark live objects 98.076ms
[76.922s][info][gc,phases,start] GC(160) Phase 2: Compute new object addresses
[76.951s][info][gc,phases      ] GC(160) Phase 2: Compute new object addresses 28.762ms
[76.951s][info][gc,phases,start] GC(160) Phase 3: Adjust pointers
[77.006s][info][gc,phases      ] GC(160) Phase 3: Adjust pointers 55.364ms
[77.007s][info][gc,phases,start] GC(160) Phase 4: Move objects
[77.007s][info][gc,phases      ] GC(160) Phase 4: Move objects 0.035ms
[77.007s][info][gc,heap        ] GC(160) PSYoungGen: 320K->0K(2795008K)
[77.007s][info][gc,heap        ] GC(160) PSOldGen: 178744K->178840K(5592576K)
[77.007s][info][gc,metaspace   ] GC(160) Metaspace: 79667K(83792K)->79667K(83792K) NonClass: 69428K(71600K)->69428K(71600K) Class: 10238K(12192K)->10238K(12192K)
[77.007s][info][gc             ] GC(160) Pause Full (System.gc()) 174M->174M(8191M) 184.862ms
[77.007s][info][gc,cpu         ] GC(160) User=0.17s Sys=0.00s Real=0.19s
[77.603s][info][gc,start       ] GC(161) Pause Young (System.gc())
[77.604s][info][gc,heap        ] GC(161) PSYoungGen: 2362001K->320K(2795008K)
[77.604s][info][gc,heap        ] GC(161) PSOldGen: 178840K->178840K(5592576K)
[77.604s][info][gc,metaspace   ] GC(161) Metaspace: 79678K(83792K)->79678K(83792K) NonClass: 69439K(71600K)->69439K(71600K) Class: 10238K(12192K)->10238K(12192K)
[77.604s][info][gc             ] GC(161) Pause Young (System.gc()) 2481M->174M(8191M) 1.526ms
[77.604s][info][gc,cpu         ] GC(161) User=0.00s Sys=0.00s Real=0.00s
[77.605s][info][gc,start       ] GC(162) Pause Full (System.gc())
[77.606s][info][gc,phases,start] GC(162) Phase 1: Mark live objects
[77.704s][info][gc,phases      ] GC(162) Phase 1: Mark live objects 97.876ms
[77.704s][info][gc,phases,start] GC(162) Phase 2: Compute new object addresses
[77.732s][info][gc,phases      ] GC(162) Phase 2: Compute new object addresses 28.361ms
[77.732s][info][gc,phases,start] GC(162) Phase 3: Adjust pointers
[77.788s][info][gc,phases      ] GC(162) Phase 3: Adjust pointers 55.287ms
[77.788s][info][gc,phases,start] GC(162) Phase 4: Move objects
[77.788s][info][gc,phases      ] GC(162) Phase 4: Move objects 0.054ms
[77.788s][info][gc,heap        ] GC(162) PSYoungGen: 320K->0K(2795008K)
[77.788s][info][gc,heap        ] GC(162) PSOldGen: 178840K->178937K(5592576K)
[77.788s][info][gc,metaspace   ] GC(162) Metaspace: 79678K(83792K)->79678K(83792K) NonClass: 69439K(71600K)->69439K(71600K) Class: 10238K(12192K)->10238K(12192K)
[77.789s][info][gc             ] GC(162) Pause Full (System.gc()) 174M->174M(8191M) 183.973ms
[77.789s][info][gc,cpu         ] GC(162) User=0.17s Sys=0.00s Real=0.19s
[78.386s][info][gc,start       ] GC(163) Pause Young (System.gc())
[78.387s][info][gc,heap        ] GC(163) PSYoungGen: 2371995K->320K(2795008K)
[78.387s][info][gc,heap        ] GC(163) PSOldGen: 178937K->178937K(5592576K)
[78.387s][info][gc,metaspace   ] GC(163) Metaspace: 79687K(83792K)->79687K(83792K) NonClass: 69449K(71600K)->69449K(71600K) Class: 10238K(12192K)->10238K(12192K)
[78.387s][info][gc             ] GC(163) Pause Young (System.gc()) 2491M->175M(8191M) 1.493ms
[78.387s][info][gc,cpu         ] GC(163) User=0.00s Sys=0.00s Real=0.00s
[78.387s][info][gc,start       ] GC(164) Pause Full (System.gc())
[78.389s][info][gc,phases,start] GC(164) Phase 1: Mark live objects
[78.487s][info][gc,phases      ] GC(164) Phase 1: Mark live objects 98.393ms
[78.487s][info][gc,phases,start] GC(164) Phase 2: Compute new object addresses
[78.516s][info][gc,phases      ] GC(164) Phase 2: Compute new object addresses 29.085ms
[78.516s][info][gc,phases,start] GC(164) Phase 3: Adjust pointers
[78.577s][info][gc,phases      ] GC(164) Phase 3: Adjust pointers 60.068ms
[78.577s][info][gc,phases,start] GC(164) Phase 4: Move objects
[78.609s][info][gc,phases      ] GC(164) Phase 4: Move objects 32.182ms
[78.610s][info][gc,heap        ] GC(164) PSYoungGen: 320K->0K(2795008K)
[78.610s][info][gc,heap        ] GC(164) PSOldGen: 178937K->178676K(5592576K)
[78.610s][info][gc,metaspace   ] GC(164) Metaspace: 79687K(83792K)->79687K(83792K) NonClass: 69449K(71600K)->69449K(71600K) Class: 10238K(12192K)->10238K(12192K)
[78.610s][info][gc             ] GC(164) Pause Full (System.gc()) 175M->174M(8191M) 222.327ms
[78.610s][info][gc,cpu         ] GC(164) User=0.22s Sys=0.00s Real=0.22s
[79.208s][info][gc,start       ] GC(165) Pause Young (System.gc())
[79.210s][info][gc,heap        ] GC(165) PSYoungGen: 2368044K->352K(2795008K)
[79.210s][info][gc,heap        ] GC(165) PSOldGen: 178676K->178676K(5592576K)
[79.210s][info][gc,metaspace   ] GC(165) Metaspace: 79733K(83792K)->79733K(83792K) NonClass: 69494K(71600K)->69494K(71600K) Class: 10238K(12192K)->10238K(12192K)
[79.210s][info][gc             ] GC(165) Pause Young (System.gc()) 2487M->174M(8191M) 1.378ms
[79.210s][info][gc,cpu         ] GC(165) User=0.00s Sys=0.00s Real=0.00s
[79.210s][info][gc,start       ] GC(166) Pause Full (System.gc())
[79.211s][info][gc,phases,start] GC(166) Phase 1: Mark live objects
[79.310s][info][gc,phases      ] GC(166) Phase 1: Mark live objects 98.438ms
[79.310s][info][gc,phases,start] GC(166) Phase 2: Compute new object addresses
[79.338s][info][gc,phases      ] GC(166) Phase 2: Compute new object addresses 28.258ms
[79.338s][info][gc,phases,start] GC(166) Phase 3: Adjust pointers
[79.394s][info][gc,phases      ] GC(166) Phase 3: Adjust pointers 55.981ms
[79.394s][info][gc,phases,start] GC(166) Phase 4: Move objects
[79.394s][info][gc,phases      ] GC(166) Phase 4: Move objects 0.037ms
[79.395s][info][gc,heap        ] GC(166) PSYoungGen: 352K->0K(2795008K)
[79.395s][info][gc,heap        ] GC(166) PSOldGen: 178676K->178777K(5592576K)
[79.395s][info][gc,metaspace   ] GC(166) Metaspace: 79733K(83792K)->79733K(83792K) NonClass: 69494K(71600K)->69494K(71600K) Class: 10238K(12192K)->10238K(12192K)
[79.395s][info][gc             ] GC(166) Pause Full (System.gc()) 174M->174M(8191M) 185.094ms
[79.395s][info][gc,cpu         ] GC(166) User=0.19s Sys=0.00s Real=0.19s
[79.992s][info][gc,start       ] GC(167) Pause Young (System.gc())
[79.993s][info][gc,heap        ] GC(167) PSYoungGen: 2369859K->352K(2795008K)
[79.993s][info][gc,heap        ] GC(167) PSOldGen: 178777K->178785K(5592576K)
[79.993s][info][gc,metaspace   ] GC(167) Metaspace: 79786K(83792K)->79786K(83792K) NonClass: 69547K(71600K)->69547K(71600K) Class: 10238K(12192K)->10238K(12192K)
[79.993s][info][gc             ] GC(167) Pause Young (System.gc()) 2488M->174M(8191M) 1.327ms
[79.993s][info][gc,cpu         ] GC(167) User=0.08s Sys=0.02s Real=0.00s
[79.993s][info][gc,start       ] GC(168) Pause Full (System.gc())
[79.995s][info][gc,phases,start] GC(168) Phase 1: Mark live objects
[80.093s][info][gc,phases      ] GC(168) Phase 1: Mark live objects 98.685ms
[80.093s][info][gc,phases,start] GC(168) Phase 2: Compute new object addresses
[80.122s][info][gc,phases      ] GC(168) Phase 2: Compute new object addresses 28.278ms
[80.122s][info][gc,phases,start] GC(168) Phase 3: Adjust pointers
[80.177s][info][gc,phases      ] GC(168) Phase 3: Adjust pointers 55.646ms
[80.177s][info][gc,phases,start] GC(168) Phase 4: Move objects
[80.177s][info][gc,phases      ] GC(168) Phase 4: Move objects 0.034ms
[80.178s][info][gc,heap        ] GC(168) PSYoungGen: 352K->0K(2795008K)
[80.178s][info][gc,heap        ] GC(168) PSOldGen: 178785K->178881K(5592576K)
[80.178s][info][gc,metaspace   ] GC(168) Metaspace: 79786K(83792K)->79786K(83792K) NonClass: 69547K(71600K)->69547K(71600K) Class: 10238K(12192K)->10238K(12192K)
[80.178s][info][gc             ] GC(168) Pause Full (System.gc()) 174M->174M(8191M) 185.038ms
[80.178s][info][gc,cpu         ] GC(168) User=0.17s Sys=0.00s Real=0.18s
[80.777s][info][gc,start       ] GC(169) Pause Young (System.gc())
[80.778s][info][gc,heap        ] GC(169) PSYoungGen: 2371380K->320K(2795008K)
[80.778s][info][gc,heap        ] GC(169) PSOldGen: 178881K->178881K(5592576K)
[80.778s][info][gc,metaspace   ] GC(169) Metaspace: 79791K(83792K)->79791K(83792K) NonClass: 69552K(71600K)->69552K(71600K) Class: 10238K(12192K)->10238K(12192K)
[80.778s][info][gc             ] GC(169) Pause Young (System.gc()) 2490M->175M(8191M) 1.310ms
[80.778s][info][gc,cpu         ] GC(169) User=0.00s Sys=0.00s Real=0.00s
[80.779s][info][gc,start       ] GC(170) Pause Full (System.gc())
[80.780s][info][gc,phases,start] GC(170) Phase 1: Mark live objects
[80.880s][info][gc,phases      ] GC(170) Phase 1: Mark live objects 100.048ms
[80.880s][info][gc,phases,start] GC(170) Phase 2: Compute new object addresses
[80.909s][info][gc,phases      ] GC(170) Phase 2: Compute new object addresses 28.388ms
[80.909s][info][gc,phases,start] GC(170) Phase 3: Adjust pointers
[80.965s][info][gc,phases      ] GC(170) Phase 3: Adjust pointers 56.131ms
[80.965s][info][gc,phases,start] GC(170) Phase 4: Move objects
[80.965s][info][gc,phases      ] GC(170) Phase 4: Move objects 0.055ms
[80.965s][info][gc,heap        ] GC(170) PSYoungGen: 320K->0K(2795008K)
[80.966s][info][gc,heap        ] GC(170) PSOldGen: 178881K->178978K(5592576K)
[80.966s][info][gc,metaspace   ] GC(170) Metaspace: 79791K(83792K)->79791K(83792K) NonClass: 69552K(71600K)->69552K(71600K) Class: 10238K(12192K)->10238K(12192K)
[80.966s][info][gc             ] GC(170) Pause Full (System.gc()) 175M->174M(8191M) 187.008ms
[80.966s][info][gc,cpu         ] GC(170) User=0.19s Sys=0.00s Real=0.19s
[81.565s][info][gc,start       ] GC(171) Pause Young (System.gc())
[81.566s][info][gc,heap        ] GC(171) PSYoungGen: 2373677K->352K(2795008K)
[81.566s][info][gc,heap        ] GC(171) PSOldGen: 178978K->178978K(5592576K)
[81.566s][info][gc,metaspace   ] GC(171) Metaspace: 79793K(83792K)->79793K(83792K) NonClass: 69555K(71600K)->69555K(71600K) Class: 10238K(12192K)->10238K(12192K)
[81.566s][info][gc             ] GC(171) Pause Young (System.gc()) 2492M->175M(8191M) 1.360ms
[81.566s][info][gc,cpu         ] GC(171) User=0.00s Sys=0.00s Real=0.00s
[81.566s][info][gc,start       ] GC(172) Pause Full (System.gc())
[81.570s][info][gc,phases,start] GC(172) Phase 1: Mark live objects
[81.668s][info][gc,phases      ] GC(172) Phase 1: Mark live objects 98.342ms
[81.668s][info][gc,phases,start] GC(172) Phase 2: Compute new object addresses
[81.698s][info][gc,phases      ] GC(172) Phase 2: Compute new object addresses 29.275ms
[81.698s][info][gc,phases,start] GC(172) Phase 3: Adjust pointers
[81.757s][info][gc,phases      ] GC(172) Phase 3: Adjust pointers 59.125ms
[81.757s][info][gc,phases,start] GC(172) Phase 4: Move objects
[81.789s][info][gc,phases      ] GC(172) Phase 4: Move objects 32.534ms
[81.790s][info][gc,heap        ] GC(172) PSYoungGen: 352K->0K(2795008K)
[81.790s][info][gc,heap        ] GC(172) PSOldGen: 178978K->178752K(5592576K)
[81.790s][info][gc,metaspace   ] GC(172) Metaspace: 79793K(83792K)->79793K(83792K) NonClass: 69555K(71600K)->69555K(71600K) Class: 10238K(12192K)->10238K(12192K)
[81.790s][info][gc             ] GC(172) Pause Full (System.gc()) 175M->174M(8191M) 223.948ms
[81.790s][info][gc,cpu         ] GC(172) User=0.23s Sys=0.00s Real=0.23s
[82.393s][info][gc,start       ] GC(173) Pause Young (System.gc())
[82.395s][info][gc,heap        ] GC(173) PSYoungGen: 2345781K->320K(2795008K)
[82.395s][info][gc,heap        ] GC(173) PSOldGen: 178752K->178752K(5592576K)
[82.395s][info][gc,metaspace   ] GC(173) Metaspace: 79797K(83792K)->79797K(83792K) NonClass: 69559K(71600K)->69559K(71600K) Class: 10238K(12192K)->10238K(12192K)
[82.395s][info][gc             ] GC(173) Pause Young (System.gc()) 2465M->174M(8191M) 1.421ms
[82.395s][info][gc,cpu         ] GC(173) User=0.00s Sys=0.00s Real=0.01s
[82.395s][info][gc,start       ] GC(174) Pause Full (System.gc())
[82.396s][info][gc,phases,start] GC(174) Phase 1: Mark live objects
[82.494s][info][gc,phases      ] GC(174) Phase 1: Mark live objects 98.048ms
[82.494s][info][gc,phases,start] GC(174) Phase 2: Compute new object addresses
[82.523s][info][gc,phases      ] GC(174) Phase 2: Compute new object addresses 28.117ms
[82.523s][info][gc,phases,start] GC(174) Phase 3: Adjust pointers
[82.578s][info][gc,phases      ] GC(174) Phase 3: Adjust pointers 55.517ms
[82.578s][info][gc,phases,start] GC(174) Phase 4: Move objects
[82.578s][info][gc,phases      ] GC(174) Phase 4: Move objects 0.034ms
[82.579s][info][gc,heap        ] GC(174) PSYoungGen: 320K->0K(2795008K)
[82.579s][info][gc,heap        ] GC(174) PSOldGen: 178752K->178847K(5592576K)
[82.579s][info][gc,metaspace   ] GC(174) Metaspace: 79797K(83792K)->79797K(83792K) NonClass: 69559K(71600K)->69559K(71600K) Class: 10238K(12192K)->10238K(12192K)
[82.579s][info][gc             ] GC(174) Pause Full (System.gc()) 174M->174M(8191M) 184.289ms
[82.579s][info][gc,cpu         ] GC(174) User=0.19s Sys=0.00s Real=0.18s
[83.176s][info][gc,start       ] GC(175) Pause Young (System.gc())
[83.178s][info][gc,heap        ] GC(175) PSYoungGen: 2372776K->352K(2795008K)
[83.178s][info][gc,heap        ] GC(175) PSOldGen: 178847K->178847K(5592576K)
[83.178s][info][gc,metaspace   ] GC(175) Metaspace: 79800K(83792K)->79800K(83792K) NonClass: 69561K(71600K)->69561K(71600K) Class: 10238K(12192K)->10238K(12192K)
[83.178s][info][gc             ] GC(175) Pause Young (System.gc()) 2491M->174M(8191M) 1.353ms
[83.178s][info][gc,cpu         ] GC(175) User=0.00s Sys=0.00s Real=0.00s
[83.178s][info][gc,start       ] GC(176) Pause Full (System.gc())
[83.180s][info][gc,phases,start] GC(176) Phase 1: Mark live objects
[83.276s][info][gc,phases      ] GC(176) Phase 1: Mark live objects 96.694ms
[83.276s][info][gc,phases,start] GC(176) Phase 2: Compute new object addresses
[83.305s][info][gc,phases      ] GC(176) Phase 2: Compute new object addresses 28.698ms
[83.305s][info][gc,phases,start] GC(176) Phase 3: Adjust pointers
[83.361s][info][gc,phases      ] GC(176) Phase 3: Adjust pointers 55.619ms
[83.361s][info][gc,phases,start] GC(176) Phase 4: Move objects
[83.361s][info][gc,phases      ] GC(176) Phase 4: Move objects 0.035ms
[83.362s][info][gc,heap        ] GC(176) PSYoungGen: 352K->0K(2795008K)
[83.362s][info][gc,heap        ] GC(176) PSOldGen: 178847K->178942K(5592576K)
[83.362s][info][gc,metaspace   ] GC(176) Metaspace: 79800K(83792K)->79800K(83792K) NonClass: 69561K(71600K)->69561K(71600K) Class: 10238K(12192K)->10238K(12192K)
[83.362s][info][gc             ] GC(176) Pause Full (System.gc()) 174M->174M(8191M) 183.680ms
[83.362s][info][gc,cpu         ] GC(176) User=0.19s Sys=0.00s Real=0.19s
[83.960s][info][gc,start       ] GC(177) Pause Young (System.gc())
[83.961s][info][gc,heap        ] GC(177) PSYoungGen: 2351593K->320K(2795008K)
[83.961s][info][gc,heap        ] GC(177) PSOldGen: 178942K->178950K(5592576K)
[83.961s][info][gc,metaspace   ] GC(177) Metaspace: 79805K(83792K)->79805K(83792K) NonClass: 69566K(71600K)->69566K(71600K) Class: 10238K(12192K)->10238K(12192K)
[83.961s][info][gc             ] GC(177) Pause Young (System.gc()) 2471M->175M(8191M) 1.431ms
[83.961s][info][gc,cpu         ] GC(177) User=0.05s Sys=0.02s Real=0.00s
[83.961s][info][gc,start       ] GC(178) Pause Full (System.gc())
[83.963s][info][gc,phases,start] GC(178) Phase 1: Mark live objects
[84.061s][info][gc,phases      ] GC(178) Phase 1: Mark live objects 98.280ms
[84.061s][info][gc,phases,start] GC(178) Phase 2: Compute new object addresses
[84.090s][info][gc,phases      ] GC(178) Phase 2: Compute new object addresses 28.391ms
[84.090s][info][gc,phases,start] GC(178) Phase 3: Adjust pointers
[84.145s][info][gc,phases      ] GC(178) Phase 3: Adjust pointers 55.515ms
[84.145s][info][gc,phases,start] GC(178) Phase 4: Move objects
[84.145s][info][gc,phases      ] GC(178) Phase 4: Move objects 0.054ms
[84.146s][info][gc,heap        ] GC(178) PSYoungGen: 320K->0K(2795008K)
[84.146s][info][gc,heap        ] GC(178) PSOldGen: 178950K->179046K(5592576K)
[84.146s][info][gc,metaspace   ] GC(178) Metaspace: 79805K(83792K)->79805K(83792K) NonClass: 69566K(71600K)->69566K(71600K) Class: 10238K(12192K)->10238K(12192K)
[84.146s][info][gc             ] GC(178) Pause Full (System.gc()) 175M->174M(8191M) 184.626ms
[84.146s][info][gc,cpu         ] GC(178) User=0.17s Sys=0.00s Real=0.19s
[84.743s][info][gc,start       ] GC(179) Pause Young (System.gc())
[84.745s][info][gc,heap        ] GC(179) PSYoungGen: 2346218K->320K(2795008K)
[84.745s][info][gc,heap        ] GC(179) PSOldGen: 179046K->179046K(5592576K)
[84.745s][info][gc,metaspace   ] GC(179) Metaspace: 79817K(83792K)->79817K(83792K) NonClass: 69579K(71600K)->69579K(71600K) Class: 10238K(12192K)->10238K(12192K)
[84.745s][info][gc             ] GC(179) Pause Young (System.gc()) 2466M->175M(8191M) 1.426ms
[84.745s][info][gc,cpu         ] GC(179) User=0.00s Sys=0.00s Real=0.00s
[84.745s][info][gc,start       ] GC(180) Pause Full (System.gc())
[84.746s][info][gc,phases,start] GC(180) Phase 1: Mark live objects
[84.845s][info][gc,phases      ] GC(180) Phase 1: Mark live objects 98.345ms
[84.845s][info][gc,phases,start] GC(180) Phase 2: Compute new object addresses
[84.874s][info][gc,phases      ] GC(180) Phase 2: Compute new object addresses 29.597ms
[84.874s][info][gc,phases,start] GC(180) Phase 3: Adjust pointers
[84.933s][info][gc,phases      ] GC(180) Phase 3: Adjust pointers 58.678ms
[84.933s][info][gc,phases,start] GC(180) Phase 4: Move objects
[84.964s][info][gc,phases      ] GC(180) Phase 4: Move objects 31.125ms
[84.965s][info][gc,heap        ] GC(180) PSYoungGen: 320K->0K(2795008K)
[84.965s][info][gc,heap        ] GC(180) PSOldGen: 179046K->178826K(5592576K)
[84.965s][info][gc,metaspace   ] GC(180) Metaspace: 79817K(83792K)->79817K(83792K) NonClass: 69579K(71600K)->69579K(71600K) Class: 10238K(12192K)->10238K(12192K)
[84.965s][info][gc             ] GC(180) Pause Full (System.gc()) 175M->174M(8191M) 220.445ms
[84.965s][info][gc,cpu         ] GC(180) User=0.22s Sys=0.00s Real=0.22s
[85.561s][info][gc,start       ] GC(181) Pause Young (System.gc())
[85.562s][info][gc,heap        ] GC(181) PSYoungGen: 2372804K->320K(2795008K)
[85.562s][info][gc,heap        ] GC(181) PSOldGen: 178826K->178834K(5592576K)
[85.562s][info][gc,metaspace   ] GC(181) Metaspace: 79872K(83792K)->79872K(83792K) NonClass: 69633K(71600K)->69633K(71600K) Class: 10238K(12192K)->10238K(12192K)
[85.562s][info][gc             ] GC(181) Pause Young (System.gc()) 2491M->174M(8191M) 1.476ms
[85.562s][info][gc,cpu         ] GC(181) User=0.00s Sys=0.00s Real=0.00s
[85.562s][info][gc,start       ] GC(182) Pause Full (System.gc())
[85.564s][info][gc,phases,start] GC(182) Phase 1: Mark live objects
[85.663s][info][gc,phases      ] GC(182) Phase 1: Mark live objects 99.128ms
[85.663s][info][gc,phases,start] GC(182) Phase 2: Compute new object addresses
[85.692s][info][gc,phases      ] GC(182) Phase 2: Compute new object addresses 28.490ms
[85.692s][info][gc,phases,start] GC(182) Phase 3: Adjust pointers
[85.747s][info][gc,phases      ] GC(182) Phase 3: Adjust pointers 55.618ms
[85.747s][info][gc,phases,start] GC(182) Phase 4: Move objects
[85.747s][info][gc,phases      ] GC(182) Phase 4: Move objects 0.035ms
[85.748s][info][gc,heap        ] GC(182) PSYoungGen: 320K->0K(2795008K)
[85.748s][info][gc,heap        ] GC(182) PSOldGen: 178834K->178930K(5592576K)
[85.748s][info][gc,metaspace   ] GC(182) Metaspace: 79872K(83792K)->79872K(83792K) NonClass: 69633K(71600K)->69633K(71600K) Class: 10238K(12192K)->10238K(12192K)
[85.748s][info][gc             ] GC(182) Pause Full (System.gc()) 174M->174M(8191M) 185.709ms
[85.748s][info][gc,cpu         ] GC(182) User=0.19s Sys=0.00s Real=0.19s
[86.347s][info][gc,start       ] GC(183) Pause Young (System.gc())
[86.349s][info][gc,heap        ] GC(183) PSYoungGen: 2373673K->320K(2795008K)
[86.349s][info][gc,heap        ] GC(183) PSOldGen: 178930K->178930K(5592576K)
[86.349s][info][gc,metaspace   ] GC(183) Metaspace: 79923K(84048K)->79923K(84048K) NonClass: 69685K(71856K)->69685K(71856K) Class: 10238K(12192K)->10238K(12192K)
[86.349s][info][gc             ] GC(183) Pause Young (System.gc()) 2492M->175M(8191M) 1.724ms
[86.349s][info][gc,cpu         ] GC(183) User=0.00s Sys=0.00s Real=0.00s
[86.349s][info][gc,start       ] GC(184) Pause Full (System.gc())
[86.353s][info][gc,phases,start] GC(184) Phase 1: Mark live objects
[86.452s][info][gc,phases      ] GC(184) Phase 1: Mark live objects 99.073ms
[86.452s][info][gc,phases,start] GC(184) Phase 2: Compute new object addresses
[86.480s][info][gc,phases      ] GC(184) Phase 2: Compute new object addresses 28.323ms
[86.480s][info][gc,phases,start] GC(184) Phase 3: Adjust pointers
[86.536s][info][gc,phases      ] GC(184) Phase 3: Adjust pointers 55.806ms
[86.536s][info][gc,phases,start] GC(184) Phase 4: Move objects
[86.536s][info][gc,phases      ] GC(184) Phase 4: Move objects 0.034ms
[86.537s][info][gc,heap        ] GC(184) PSYoungGen: 320K->0K(2795008K)
[86.537s][info][gc,heap        ] GC(184) PSOldGen: 178930K->179025K(5592576K)
[86.537s][info][gc,metaspace   ] GC(184) Metaspace: 79923K(84048K)->79923K(84048K) NonClass: 69685K(71856K)->69685K(71856K) Class: 10238K(12192K)->10238K(12192K)
[86.537s][info][gc             ] GC(184) Pause Full (System.gc()) 175M->174M(8191M) 187.553ms
[86.537s][info][gc,cpu         ] GC(184) User=0.19s Sys=0.00s Real=0.19s
[87.136s][info][gc,start       ] GC(185) Pause Young (System.gc())
[87.138s][info][gc,heap        ] GC(185) PSYoungGen: 2373702K->320K(2795520K)
[87.138s][info][gc,heap        ] GC(185) PSOldGen: 179025K->179033K(5592576K)
[87.138s][info][gc,metaspace   ] GC(185) Metaspace: 79943K(84048K)->79943K(84048K) NonClass: 69705K(71856K)->69705K(71856K) Class: 10238K(12192K)->10238K(12192K)
[87.138s][info][gc             ] GC(185) Pause Young (System.gc()) 2492M->175M(8191M) 1.645ms
[87.138s][info][gc,cpu         ] GC(185) User=0.00s Sys=0.00s Real=0.01s
[87.138s][info][gc,start       ] GC(186) Pause Full (System.gc())
[87.139s][info][gc,phases,start] GC(186) Phase 1: Mark live objects
[87.239s][info][gc,phases      ] GC(186) Phase 1: Mark live objects 99.576ms
[87.239s][info][gc,phases,start] GC(186) Phase 2: Compute new object addresses
[87.268s][info][gc,phases      ] GC(186) Phase 2: Compute new object addresses 28.604ms
[87.268s][info][gc,phases,start] GC(186) Phase 3: Adjust pointers
[87.324s][info][gc,phases      ] GC(186) Phase 3: Adjust pointers 55.928ms
[87.324s][info][gc,phases,start] GC(186) Phase 4: Move objects
[87.324s][info][gc,phases      ] GC(186) Phase 4: Move objects 0.055ms
[87.324s][info][gc,heap        ] GC(186) PSYoungGen: 320K->0K(2795520K)
[87.324s][info][gc,heap        ] GC(186) PSOldGen: 179033K->179128K(5592576K)
[87.324s][info][gc,metaspace   ] GC(186) Metaspace: 79943K(84048K)->79943K(84048K) NonClass: 69705K(71856K)->69705K(71856K) Class: 10238K(12192K)->10238K(12192K)
[87.325s][info][gc             ] GC(186) Pause Full (System.gc()) 175M->174M(8191M) 186.584ms
[87.325s][info][gc,cpu         ] GC(186) User=0.19s Sys=0.00s Real=0.18s
[87.924s][info][gc,start       ] GC(187) Pause Young (System.gc())
[87.925s][info][gc,heap        ] GC(187) PSYoungGen: 2378409K->352K(2795008K)
[87.925s][info][gc,heap        ] GC(187) PSOldGen: 179128K->179128K(5592576K)
[87.925s][info][gc,metaspace   ] GC(187) Metaspace: 79948K(84048K)->79948K(84048K) NonClass: 69710K(71856K)->69710K(71856K) Class: 10238K(12192K)->10238K(12192K)
[87.925s][info][gc             ] GC(187) Pause Young (System.gc()) 2497M->175M(8191M) 1.319ms
[87.925s][info][gc,cpu         ] GC(187) User=0.00s Sys=0.00s Real=0.00s
[87.926s][info][gc,start       ] GC(188) Pause Full (System.gc())
[87.927s][info][gc,phases,start] GC(188) Phase 1: Mark live objects
[88.025s][info][gc,phases      ] GC(188) Phase 1: Mark live objects 98.117ms
[88.025s][info][gc,phases,start] GC(188) Phase 2: Compute new object addresses
[88.055s][info][gc,phases      ] GC(188) Phase 2: Compute new object addresses 29.461ms
[88.055s][info][gc,phases,start] GC(188) Phase 3: Adjust pointers
[88.113s][info][gc,phases      ] GC(188) Phase 3: Adjust pointers 58.683ms
[88.113s][info][gc,phases,start] GC(188) Phase 4: Move objects
[88.146s][info][gc,phases      ] GC(188) Phase 4: Move objects 32.647ms
[88.147s][info][gc,heap        ] GC(188) PSYoungGen: 352K->0K(2795008K)
[88.147s][info][gc,heap        ] GC(188) PSOldGen: 179128K->178884K(5592576K)
[88.147s][info][gc,metaspace   ] GC(188) Metaspace: 79948K(84048K)->79948K(84048K) NonClass: 69710K(71856K)->69710K(71856K) Class: 10238K(12192K)->10238K(12192K)
[88.147s][info][gc             ] GC(188) Pause Full (System.gc()) 175M->174M(8191M) 221.515ms
[88.147s][info][gc,cpu         ] GC(188) User=0.22s Sys=0.00s Real=0.22s
[88.745s][info][gc,start       ] GC(189) Pause Young (System.gc())
[88.746s][info][gc,heap        ] GC(189) PSYoungGen: 2373568K->320K(2795520K)
[88.746s][info][gc,heap        ] GC(189) PSOldGen: 178884K->178884K(5592576K)
[88.746s][info][gc,metaspace   ] GC(189) Metaspace: 79951K(84048K)->79951K(84048K) NonClass: 69712K(71856K)->69712K(71856K) Class: 10238K(12192K)->10238K(12192K)
[88.746s][info][gc             ] GC(189) Pause Young (System.gc()) 2492M->175M(8191M) 1.622ms
[88.746s][info][gc,cpu         ] GC(189) User=0.00s Sys=0.00s Real=0.00s
[88.746s][info][gc,start       ] GC(190) Pause Full (System.gc())
[88.748s][info][gc,phases,start] GC(190) Phase 1: Mark live objects
[88.847s][info][gc,phases      ] GC(190) Phase 1: Mark live objects 99.710ms
[88.848s][info][gc,phases,start] GC(190) Phase 2: Compute new object addresses
[88.876s][info][gc,phases      ] GC(190) Phase 2: Compute new object addresses 28.666ms
[88.876s][info][gc,phases,start] GC(190) Phase 3: Adjust pointers
[88.932s][info][gc,phases      ] GC(190) Phase 3: Adjust pointers 56.062ms
[88.933s][info][gc,phases,start] GC(190) Phase 4: Move objects
[88.933s][info][gc,phases      ] GC(190) Phase 4: Move objects 0.074ms
[88.933s][info][gc,heap        ] GC(190) PSYoungGen: 320K->0K(2795520K)
[88.933s][info][gc,heap        ] GC(190) PSOldGen: 178884K->178979K(5592576K)
[88.933s][info][gc,metaspace   ] GC(190) Metaspace: 79951K(84048K)->79951K(84048K) NonClass: 69712K(71856K)->69712K(71856K) Class: 10238K(12192K)->10238K(12192K)
[88.933s][info][gc             ] GC(190) Pause Full (System.gc()) 175M->174M(8191M) 187.100ms
[88.933s][info][gc,cpu         ] GC(190) User=0.19s Sys=0.00s Real=0.19s
[89.531s][info][gc,start       ] GC(191) Pause Young (System.gc())
[89.532s][info][gc,heap        ] GC(191) PSYoungGen: 2374803K->320K(2795520K)
[89.532s][info][gc,heap        ] GC(191) PSOldGen: 178979K->178987K(5592576K)
[89.532s][info][gc,metaspace   ] GC(191) Metaspace: 79951K(84048K)->79951K(84048K) NonClass: 69712K(71856K)->69712K(71856K) Class: 10238K(12192K)->10238K(12192K)
[89.532s][info][gc             ] GC(191) Pause Young (System.gc()) 2493M->175M(8191M) 1.352ms
[89.532s][info][gc,cpu         ] GC(191) User=0.00s Sys=0.00s Real=0.00s
[89.532s][info][gc,start       ] GC(192) Pause Full (System.gc())
[89.534s][info][gc,phases,start] GC(192) Phase 1: Mark live objects
[89.633s][info][gc,phases      ] GC(192) Phase 1: Mark live objects 99.519ms
[89.633s][info][gc,phases,start] GC(192) Phase 2: Compute new object addresses
[89.662s][info][gc,phases      ] GC(192) Phase 2: Compute new object addresses 28.442ms
[89.662s][info][gc,phases,start] GC(192) Phase 3: Adjust pointers
[89.718s][info][gc,phases      ] GC(192) Phase 3: Adjust pointers 55.916ms
[89.718s][info][gc,phases,start] GC(192) Phase 4: Move objects
[89.718s][info][gc,phases      ] GC(192) Phase 4: Move objects 0.034ms
[89.718s][info][gc,heap        ] GC(192) PSYoungGen: 320K->0K(2795520K)
[89.718s][info][gc,heap        ] GC(192) PSOldGen: 178987K->179082K(5592576K)
[89.718s][info][gc,metaspace   ] GC(192) Metaspace: 79951K(84048K)->79951K(84048K) NonClass: 69712K(71856K)->69712K(71856K) Class: 10238K(12192K)->10238K(12192K)
[89.718s][info][gc             ] GC(192) Pause Full (System.gc()) 175M->174M(8191M) 186.327ms
[89.718s][info][gc,cpu         ] GC(192) User=0.19s Sys=0.00s Real=0.19s
[90.318s][info][gc,start       ] GC(193) Pause Young (System.gc())
[90.320s][info][gc,heap        ] GC(193) PSYoungGen: 2374772K->320K(2795520K)
[90.320s][info][gc,heap        ] GC(193) PSOldGen: 179082K->179082K(5592576K)
[90.320s][info][gc,metaspace   ] GC(193) Metaspace: 79959K(84048K)->79959K(84048K) NonClass: 69721K(71856K)->69721K(71856K) Class: 10238K(12192K)->10238K(12192K)
[90.320s][info][gc             ] GC(193) Pause Young (System.gc()) 2493M->175M(8191M) 1.291ms
[90.320s][info][gc,cpu         ] GC(193) User=0.00s Sys=0.00s Real=0.00s
[90.320s][info][gc,start       ] GC(194) Pause Full (System.gc())
[90.321s][info][gc,phases,start] GC(194) Phase 1: Mark live objects
[90.420s][info][gc,phases      ] GC(194) Phase 1: Mark live objects 98.782ms
[90.420s][info][gc,phases,start] GC(194) Phase 2: Compute new object addresses
[90.449s][info][gc,phases      ] GC(194) Phase 2: Compute new object addresses 28.800ms
[90.449s][info][gc,phases,start] GC(194) Phase 3: Adjust pointers
[90.505s][info][gc,phases      ] GC(194) Phase 3: Adjust pointers 55.668ms
[90.505s][info][gc,phases,start] GC(194) Phase 4: Move objects
[90.505s][info][gc,phases      ] GC(194) Phase 4: Move objects 0.054ms
[90.505s][info][gc,heap        ] GC(194) PSYoungGen: 320K->0K(2795520K)
[90.505s][info][gc,heap        ] GC(194) PSOldGen: 179082K->179176K(5592576K)
[90.505s][info][gc,metaspace   ] GC(194) Metaspace: 79959K(84048K)->79959K(84048K) NonClass: 69721K(71856K)->69721K(71856K) Class: 10238K(12192K)->10238K(12192K)
[90.505s][info][gc             ] GC(194) Pause Full (System.gc()) 175M->174M(8191M) 185.673ms
[90.505s][info][gc,cpu         ] GC(194) User=0.17s Sys=0.02s Real=0.18s
[91.107s][info][gc,start       ] GC(195) Pause Young (System.gc())
[91.108s][info][gc,heap        ] GC(195) PSYoungGen: 2376542K->384K(2795520K)
[91.108s][info][gc,heap        ] GC(195) PSOldGen: 179176K->179176K(5592576K)
[91.108s][info][gc,metaspace   ] GC(195) Metaspace: 79961K(84048K)->79961K(84048K) NonClass: 69723K(71856K)->69723K(71856K) Class: 10238K(12192K)->10238K(12192K)
[91.108s][info][gc             ] GC(195) Pause Young (System.gc()) 2495M->175M(8191M) 1.410ms
[91.108s][info][gc,cpu         ] GC(195) User=0.00s Sys=0.00s Real=0.00s
[91.108s][info][gc,start       ] GC(196) Pause Full (System.gc())
[91.112s][info][gc,phases,start] GC(196) Phase 1: Mark live objects
[91.213s][info][gc,phases      ] GC(196) Phase 1: Mark live objects 101.304ms
[91.213s][info][gc,phases,start] GC(196) Phase 2: Compute new object addresses
[91.243s][info][gc,phases      ] GC(196) Phase 2: Compute new object addresses 29.809ms
[91.243s][info][gc,phases,start] GC(196) Phase 3: Adjust pointers
[91.304s][info][gc,phases      ] GC(196) Phase 3: Adjust pointers 60.368ms
[91.304s][info][gc,phases,start] GC(196) Phase 4: Move objects
[91.335s][info][gc,phases      ] GC(196) Phase 4: Move objects 30.945ms
[91.336s][info][gc,heap        ] GC(196) PSYoungGen: 384K->0K(2795520K)
[91.336s][info][gc,heap        ] GC(196) PSOldGen: 179176K->178963K(5592576K)
[91.336s][info][gc,metaspace   ] GC(196) Metaspace: 79961K(84048K)->79961K(84048K) NonClass: 69723K(71856K)->69723K(71856K) Class: 10238K(12192K)->10238K(12192K)
[91.336s][info][gc             ] GC(196) Pause Full (System.gc()) 175M->174M(8191M) 227.357ms
[91.336s][info][gc,cpu         ] GC(196) User=0.23s Sys=0.00s Real=0.23s
[91.936s][info][gc,start       ] GC(197) Pause Young (System.gc())
[91.937s][info][gc,heap        ] GC(197) PSYoungGen: 2347793K->352K(2795520K)
[91.937s][info][gc,heap        ] GC(197) PSOldGen: 178963K->178963K(5592576K)
[91.937s][info][gc,metaspace   ] GC(197) Metaspace: 79963K(84048K)->79963K(84048K) NonClass: 69724K(71856K)->69724K(71856K) Class: 10238K(12192K)->10238K(12192K)
[91.937s][info][gc             ] GC(197) Pause Young (System.gc()) 2467M->175M(8191M) 1.266ms
[91.937s][info][gc,cpu         ] GC(197) User=0.00s Sys=0.00s Real=0.01s
[91.937s][info][gc,start       ] GC(198) Pause Full (System.gc())
[91.939s][info][gc,phases,start] GC(198) Phase 1: Mark live objects
[92.037s][info][gc,phases      ] GC(198) Phase 1: Mark live objects 98.317ms
[92.037s][info][gc,phases,start] GC(198) Phase 2: Compute new object addresses
[92.066s][info][gc,phases      ] GC(198) Phase 2: Compute new object addresses 28.588ms
[92.066s][info][gc,phases,start] GC(198) Phase 3: Adjust pointers
[92.122s][info][gc,phases      ] GC(198) Phase 3: Adjust pointers 56.009ms
[92.122s][info][gc,phases,start] GC(198) Phase 4: Move objects
[92.122s][info][gc,phases      ] GC(198) Phase 4: Move objects 0.033ms
[92.123s][info][gc,heap        ] GC(198) PSYoungGen: 352K->0K(2795520K)
[92.123s][info][gc,heap        ] GC(198) PSOldGen: 178963K->179058K(5592576K)
[92.123s][info][gc,metaspace   ] GC(198) Metaspace: 79963K(84048K)->79963K(84048K) NonClass: 69724K(71856K)->69724K(71856K) Class: 10238K(12192K)->10238K(12192K)
[92.123s][info][gc             ] GC(198) Pause Full (System.gc()) 175M->174M(8191M) 185.514ms
[92.123s][info][gc,cpu         ] GC(198) User=0.19s Sys=0.00s Real=0.17s
[92.720s][info][gc,start       ] GC(199) Pause Young (System.gc())
[92.721s][info][gc,heap        ] GC(199) PSYoungGen: 2374511K->320K(2795520K)
[92.721s][info][gc,heap        ] GC(199) PSOldGen: 179058K->179058K(5592576K)
[92.721s][info][gc,metaspace   ] GC(199) Metaspace: 79965K(84048K)->79965K(84048K) NonClass: 69727K(71856K)->69727K(71856K) Class: 10238K(12192K)->10238K(12192K)
[92.721s][info][gc             ] GC(199) Pause Young (System.gc()) 2493M->175M(8191M) 1.422ms
[92.721s][info][gc,cpu         ] GC(199) User=0.00s Sys=0.00s Real=0.00s
[92.721s][info][gc,start       ] GC(200) Pause Full (System.gc())
[92.723s][info][gc,phases,start] GC(200) Phase 1: Mark live objects
[92.822s][info][gc,phases      ] GC(200) Phase 1: Mark live objects 98.672ms
[92.822s][info][gc,phases,start] GC(200) Phase 2: Compute new object addresses
[92.850s][info][gc,phases      ] GC(200) Phase 2: Compute new object addresses 28.177ms
[92.850s][info][gc,phases,start] GC(200) Phase 3: Adjust pointers
[92.906s][info][gc,phases      ] GC(200) Phase 3: Adjust pointers 56.075ms
[92.906s][info][gc,phases,start] GC(200) Phase 4: Move objects
[92.906s][info][gc,phases      ] GC(200) Phase 4: Move objects 0.033ms
[92.907s][info][gc,heap        ] GC(200) PSYoungGen: 320K->0K(2795520K)
[92.907s][info][gc,heap        ] GC(200) PSOldGen: 179058K->179152K(5592576K)
[92.907s][info][gc,metaspace   ] GC(200) Metaspace: 79965K(84048K)->79965K(84048K) NonClass: 69727K(71856K)->69727K(71856K) Class: 10238K(12192K)->10238K(12192K)
[92.907s][info][gc             ] GC(200) Pause Full (System.gc()) 175M->174M(8191M) 185.355ms
[92.907s][info][gc,cpu         ] GC(200) User=0.19s Sys=0.00s Real=0.19s
[93.505s][info][gc,start       ] GC(201) Pause Young (System.gc())
[93.507s][info][gc,heap        ] GC(201) PSYoungGen: 2348009K->352K(2795520K)
[93.507s][info][gc,heap        ] GC(201) PSOldGen: 179152K->179152K(5592576K)
[93.507s][info][gc,metaspace   ] GC(201) Metaspace: 79970K(84048K)->79970K(84048K) NonClass: 69731K(71856K)->69731K(71856K) Class: 10238K(12192K)->10238K(12192K)
[93.507s][info][gc             ] GC(201) Pause Young (System.gc()) 2467M->175M(8191M) 1.407ms
[93.507s][info][gc,cpu         ] GC(201) User=0.00s Sys=0.00s Real=0.00s
[93.507s][info][gc,start       ] GC(202) Pause Full (System.gc())
[93.508s][info][gc,phases,start] GC(202) Phase 1: Mark live objects
[93.607s][info][gc,phases      ] GC(202) Phase 1: Mark live objects 98.624ms
[93.607s][info][gc,phases,start] GC(202) Phase 2: Compute new object addresses
[93.635s][info][gc,phases      ] GC(202) Phase 2: Compute new object addresses 28.120ms
[93.635s][info][gc,phases,start] GC(202) Phase 3: Adjust pointers
[93.691s][info][gc,phases      ] GC(202) Phase 3: Adjust pointers 55.951ms
[93.691s][info][gc,phases,start] GC(202) Phase 4: Move objects
[93.691s][info][gc,phases      ] GC(202) Phase 4: Move objects 0.055ms
[93.692s][info][gc,heap        ] GC(202) PSYoungGen: 352K->0K(2795520K)
[93.692s][info][gc,heap        ] GC(202) PSOldGen: 179152K->179247K(5592576K)
[93.692s][info][gc,metaspace   ] GC(202) Metaspace: 79970K(84048K)->79970K(84048K) NonClass: 69731K(71856K)->69731K(71856K) Class: 10238K(12192K)->10238K(12192K)
[93.692s][info][gc             ] GC(202) Pause Full (System.gc()) 175M->175M(8191M) 185.113ms
[93.692s][info][gc,cpu         ] GC(202) User=0.19s Sys=0.00s Real=0.18s
[94.287s][info][gc,start       ] GC(203) Pause Young (System.gc())
[94.289s][info][gc,heap        ] GC(203) PSYoungGen: 2377455K->320K(2795520K)
[94.289s][info][gc,heap        ] GC(203) PSOldGen: 179247K->179247K(5592576K)
[94.289s][info][gc,metaspace   ] GC(203) Metaspace: 80060K(84048K)->80060K(84048K) NonClass: 69819K(71856K)->69819K(71856K) Class: 10241K(12192K)->10241K(12192K)
[94.289s][info][gc             ] GC(203) Pause Young (System.gc()) 2496M->175M(8191M) 1.759ms
[94.289s][info][gc,cpu         ] GC(203) User=0.00s Sys=0.00s Real=0.00s
[94.289s][info][gc,start       ] GC(204) Pause Full (System.gc())
[94.291s][info][gc,phases,start] GC(204) Phase 1: Mark live objects
[94.391s][info][gc,phases      ] GC(204) Phase 1: Mark live objects 100.185ms
[94.391s][info][gc,phases,start] GC(204) Phase 2: Compute new object addresses
[94.420s][info][gc,phases      ] GC(204) Phase 2: Compute new object addresses 29.403ms
[94.420s][info][gc,phases,start] GC(204) Phase 3: Adjust pointers
[94.479s][info][gc,phases      ] GC(204) Phase 3: Adjust pointers 59.137ms
[94.479s][info][gc,phases,start] GC(204) Phase 4: Move objects
[94.510s][info][gc,phases      ] GC(204) Phase 4: Move objects 30.937ms
[94.511s][info][gc,heap        ] GC(204) PSYoungGen: 320K->0K(2795520K)
[94.511s][info][gc,heap        ] GC(204) PSOldGen: 179247K->179029K(5592576K)
[94.511s][info][gc,metaspace   ] GC(204) Metaspace: 80060K(84048K)->80060K(84048K) NonClass: 69819K(71856K)->69819K(71856K) Class: 10241K(12192K)->10241K(12192K)
[94.511s][info][gc             ] GC(204) Pause Full (System.gc()) 175M->174M(8191M) 222.452ms
[94.511s][info][gc,cpu         ] GC(204) User=0.23s Sys=0.00s Real=0.23s
[95.109s][info][gc,start       ] GC(205) Pause Young (System.gc())
[95.110s][info][gc,heap        ] GC(205) PSYoungGen: 2374075K->352K(2795520K)
[95.110s][info][gc,heap        ] GC(205) PSOldGen: 179029K->179029K(5592576K)
[95.110s][info][gc,metaspace   ] GC(205) Metaspace: 80083K(84048K)->80083K(84048K) NonClass: 69842K(71856K)->69842K(71856K) Class: 10241K(12192K)->10241K(12192K)
[95.110s][info][gc             ] GC(205) Pause Young (System.gc()) 2493M->175M(8191M) 1.284ms
[95.110s][info][gc,cpu         ] GC(205) User=0.00s Sys=0.00s Real=0.00s
[95.110s][info][gc,start       ] GC(206) Pause Full (System.gc())
[95.112s][info][gc,phases,start] GC(206) Phase 1: Mark live objects
[95.212s][info][gc,phases      ] GC(206) Phase 1: Mark live objects 100.492ms
[95.212s][info][gc,phases,start] GC(206) Phase 2: Compute new object addresses
[95.242s][info][gc,phases      ] GC(206) Phase 2: Compute new object addresses 29.172ms
[95.242s][info][gc,phases,start] GC(206) Phase 3: Adjust pointers
[95.298s][info][gc,phases      ] GC(206) Phase 3: Adjust pointers 56.021ms
[95.298s][info][gc,phases,start] GC(206) Phase 4: Move objects
[95.298s][info][gc,phases      ] GC(206) Phase 4: Move objects 0.034ms
[95.298s][info][gc,heap        ] GC(206) PSYoungGen: 352K->0K(2795520K)
[95.298s][info][gc,heap        ] GC(206) PSOldGen: 179029K->179124K(5592576K)
[95.298s][info][gc,metaspace   ] GC(206) Metaspace: 80083K(84048K)->80083K(84048K) NonClass: 69842K(71856K)->69842K(71856K) Class: 10241K(12192K)->10241K(12192K)
[95.298s][info][gc             ] GC(206) Pause Full (System.gc()) 175M->174M(8191M) 188.064ms
[95.298s][info][gc,cpu         ] GC(206) User=0.19s Sys=0.00s Real=0.19s
[95.897s][info][gc,start       ] GC(207) Pause Young (System.gc())
[95.899s][info][gc,heap        ] GC(207) PSYoungGen: 2347876K->320K(2795520K)
[95.899s][info][gc,heap        ] GC(207) PSOldGen: 179124K->179124K(5592576K)
[95.899s][info][gc,metaspace   ] GC(207) Metaspace: 80094K(84048K)->80094K(84048K) NonClass: 69853K(71856K)->69853K(71856K) Class: 10241K(12192K)->10241K(12192K)
[95.899s][info][gc             ] GC(207) Pause Young (System.gc()) 2467M->175M(8191M) 1.467ms
[95.899s][info][gc,cpu         ] GC(207) User=0.08s Sys=0.00s Real=0.00s
[95.899s][info][gc,start       ] GC(208) Pause Full (System.gc())
[95.900s][info][gc,phases,start] GC(208) Phase 1: Mark live objects
[96.000s][info][gc,phases      ] GC(208) Phase 1: Mark live objects 99.234ms
[96.000s][info][gc,phases,start] GC(208) Phase 2: Compute new object addresses
[96.028s][info][gc,phases      ] GC(208) Phase 2: Compute new object addresses 28.462ms
[96.028s][info][gc,phases,start] GC(208) Phase 3: Adjust pointers
[96.086s][info][gc,phases      ] GC(208) Phase 3: Adjust pointers 57.675ms
[96.086s][info][gc,phases,start] GC(208) Phase 4: Move objects
[96.086s][info][gc,phases      ] GC(208) Phase 4: Move objects 0.036ms
[96.087s][info][gc,heap        ] GC(208) PSYoungGen: 320K->0K(2795520K)
[96.087s][info][gc,heap        ] GC(208) PSOldGen: 179124K->179218K(5592576K)
[96.087s][info][gc,metaspace   ] GC(208) Metaspace: 80094K(84048K)->80094K(84048K) NonClass: 69853K(71856K)->69853K(71856K) Class: 10241K(12192K)->10241K(12192K)
[96.087s][info][gc             ] GC(208) Pause Full (System.gc()) 175M->175M(8191M) 187.844ms
[96.087s][info][gc,cpu         ] GC(208) User=0.19s Sys=0.00s Real=0.19s
[96.685s][info][gc,start       ] GC(209) Pause Young (System.gc())
[96.686s][info][gc,heap        ] GC(209) PSYoungGen: 2374460K->352K(2795520K)
[96.686s][info][gc,heap        ] GC(209) PSOldGen: 179218K->179218K(5592576K)
[96.686s][info][gc,metaspace   ] GC(209) Metaspace: 80096K(84048K)->80096K(84048K) NonClass: 69855K(71856K)->69855K(71856K) Class: 10241K(12192K)->10241K(12192K)
[96.686s][info][gc             ] GC(209) Pause Young (System.gc()) 2493M->175M(8191M) 1.479ms
[96.686s][info][gc,cpu         ] GC(209) User=0.00s Sys=0.00s Real=0.00s
[96.686s][info][gc,start       ] GC(210) Pause Full (System.gc())
[96.690s][info][gc,phases,start] GC(210) Phase 1: Mark live objects
[96.789s][info][gc,phases      ] GC(210) Phase 1: Mark live objects 99.582ms
[96.789s][info][gc,phases,start] GC(210) Phase 2: Compute new object addresses
[96.818s][info][gc,phases      ] GC(210) Phase 2: Compute new object addresses 28.719ms
[96.818s][info][gc,phases,start] GC(210) Phase 3: Adjust pointers
[96.874s][info][gc,phases      ] GC(210) Phase 3: Adjust pointers 55.938ms
[96.874s][info][gc,phases,start] GC(210) Phase 4: Move objects
[96.874s][info][gc,phases      ] GC(210) Phase 4: Move objects 0.054ms
[96.875s][info][gc,heap        ] GC(210) PSYoungGen: 352K->0K(2795520K)
[96.875s][info][gc,heap        ] GC(210) PSOldGen: 179218K->179312K(5592576K)
[96.875s][info][gc,metaspace   ] GC(210) Metaspace: 80096K(84048K)->80096K(84048K) NonClass: 69855K(71856K)->69855K(71856K) Class: 10241K(12192K)->10241K(12192K)
[96.875s][info][gc             ] GC(210) Pause Full (System.gc()) 175M->175M(8191M) 188.852ms
[96.875s][info][gc,cpu         ] GC(210) User=0.19s Sys=0.00s Real=0.19s
[97.582s][info][gc,start       ] GC(211) Pause Young (Allocation Failure)
[97.583s][info][gc,heap        ] GC(211) PSYoungGen: 2795008K->416K(2795520K)
[97.583s][info][gc,heap        ] GC(211) PSOldGen: 179312K->179320K(5592576K)
[97.583s][info][gc,metaspace   ] GC(211) Metaspace: 80544K(84816K)->80544K(84816K) NonClass: 70207K(72368K)->70207K(72368K) Class: 10337K(12448K)->10337K(12448K)
[97.583s][info][gc             ] GC(211) Pause Young (Allocation Failure) 2904M->175M(8191M) 1.312ms
[97.583s][info][gc,cpu         ] GC(211) User=0.00s Sys=0.00s Real=0.00s
[97.597s][info][gc,heap,exit   ] Heap
[97.597s][info][gc,heap,exit   ]  PSYoungGen      total 2795520K, used 24139K [0x0000000755580000, 0x0000000800000000, 0x0000000800000000)
[97.597s][info][gc,heap,exit   ]   eden space 2795008K, 0% used [0x0000000755580000,0x0000000756caadc0,0x00000007fff00000)
[97.597s][info][gc,heap,exit   ]   from space 512K, 81% used [0x00000007fff00000,0x00000007fff68020,0x00000007fff80000)
[97.597s][info][gc,heap,exit   ]   to   space 512K, 0% used [0x00000007fff80000,0x00000007fff80000,0x0000000800000000)
[97.597s][info][gc,heap,exit   ]  PSOldGen        total 5592576K, used 179320K [0x0000000600000000, 0x0000000755580000, 0x0000000755580000)
[97.597s][info][gc,heap,exit   ]   object space 5592576K, 3% used [0x0000000600000000,0x000000060af1e3c8,0x0000000755580000)
[97.597s][info][gc,heap,exit   ]  Metaspace       used 80620K, capacity 84705K, committed 84816K, reserved 1122304K
[97.597s][info][gc,heap,exit   ]   class space    used 10355K, capacity 12341K, committed 12448K, reserved 1048576K
