[0.011s][info][gc] Using G1
[0.036s][info][gc,init] Version: 17.0.12+7-adhoc..jdk17u (release)
[0.036s][info][gc,init] CPUs: 6 total, 6 available
[0.036s][info][gc,init] Memory: 15591M
[0.036s][info][gc,init] Large Page Support: Disabled
[0.036s][info][gc,init] NUMA Support: Disabled
[0.036s][info][gc,init] Compressed Oops: Enabled (Zero based)
[0.036s][info][gc,init] Heap Region Size: 4M
[0.036s][info][gc,init] Heap Min Capacity: 8G
[0.036s][info][gc,init] Heap Initial Capacity: 8G
[0.036s][info][gc,init] Heap Max Capacity: 8G
[0.036s][info][gc,init] Pre-touch: Disabled
[0.036s][info][gc,init] Parallel Workers: 6
[0.036s][info][gc,init] Concurrent Workers: 2
[0.036s][info][gc,init] Concurrent Refinement Workers: 6
[0.036s][info][gc,init] Periodic GC: Disabled
[0.044s][info][gc,metaspace] CDS archive(s) mapped at: [0x000001fe59000000-0x000001fe59bc0000-0x000001fe59bc0000), size 12320768, SharedBaseAddress: 0x000001fe59000000, ArchiveRelocationMode: 1.
[0.044s][info][gc,metaspace] Compressed class space mapped at: 0x000001fe5a000000-0x000001fe9a000000, reserved size: 1073741824
[0.044s][info][gc,metaspace] Narrow klass base: 0x000001fe59000000, Narrow klass shift: 0, Narrow klass range: 0x100000000
[3.335s][info][gc,start    ] GC(0) Pause Young (Normal) (G1 Evacuation Pause)
[3.335s][info][gc,task     ] GC(0) Using 6 workers of 6 for evacuation
[3.341s][info][gc,phases   ] GC(0)   Pre Evacuate Collection Set: 0.2ms
[3.341s][info][gc,phases   ] GC(0)   Merge Heap Roots: 0.1ms
[3.341s][info][gc,phases   ] GC(0)   Evacuate Collection Set: 4.4ms
[3.341s][info][gc,phases   ] GC(0)   Post Evacuate Collection Set: 0.7ms
[3.341s][info][gc,phases   ] GC(0)   Other: 0.5ms
[3.341s][info][gc,heap     ] GC(0) Eden regions: 102->0(98)
[3.341s][info][gc,heap     ] GC(0) Survivor regions: 0->4(13)
[3.341s][info][gc,heap     ] GC(0) Old regions: 0->0
[3.341s][info][gc,heap     ] GC(0) Archive regions: 0->0
[3.341s][info][gc,heap     ] GC(0) Humongous regions: 1->0
[3.341s][info][gc,metaspace] GC(0) Metaspace: 14444K(14656K)->14444K(14656K) NonClass: 12798K(12928K)->12798K(12928K) Class: 1645K(1728K)->1645K(1728K)
[3.341s][info][gc          ] GC(0) Pause Young (Normal) (G1 Evacuation Pause) 412M->13M(8192M) 6.101ms
[3.341s][info][gc,cpu      ] GC(0) User=0.00s Sys=0.00s Real=0.01s
[3.493s][info][gc,start    ] GC(1) Pause Young (Normal) (G1 Evacuation Pause)
[3.493s][info][gc,task     ] GC(1) Using 6 workers of 6 for evacuation
[3.498s][info][gc,phases   ] GC(1)   Pre Evacuate Collection Set: 0.1ms
[3.498s][info][gc,phases   ] GC(1)   Merge Heap Roots: 0.1ms
[3.498s][info][gc,phases   ] GC(1)   Evacuate Collection Set: 3.9ms
[3.498s][info][gc,phases   ] GC(1)   Post Evacuate Collection Set: 0.7ms
[3.498s][info][gc,phases   ] GC(1)   Other: 0.1ms
[3.498s][info][gc,heap     ] GC(1) Eden regions: 98->0(98)
[3.498s][info][gc,heap     ] GC(1) Survivor regions: 4->4(13)
[3.498s][info][gc,heap     ] GC(1) Old regions: 0->0
[3.498s][info][gc,heap     ] GC(1) Archive regions: 0->0
[3.498s][info][gc,heap     ] GC(1) Humongous regions: 0->0
[3.498s][info][gc,metaspace] GC(1) Metaspace: 14445K(14656K)->14445K(14656K) NonClass: 12800K(12928K)->12800K(12928K) Class: 1645K(1728K)->1645K(1728K)
[3.498s][info][gc          ] GC(1) Pause Young (Normal) (G1 Evacuation Pause) 405M->13M(8192M) 5.053ms
[3.498s][info][gc,cpu      ] GC(1) User=0.00s Sys=0.00s Real=0.01s
[3.631s][info][gc,start    ] GC(2) Pause Young (Normal) (G1 Evacuation Pause)
[3.631s][info][gc,task     ] GC(2) Using 6 workers of 6 for evacuation
[3.635s][info][gc,phases   ] GC(2)   Pre Evacuate Collection Set: 0.2ms
[3.635s][info][gc,phases   ] GC(2)   Merge Heap Roots: 0.1ms
[3.635s][info][gc,phases   ] GC(2)   Evacuate Collection Set: 2.9ms
[3.635s][info][gc,phases   ] GC(2)   Post Evacuate Collection Set: 0.6ms
[3.635s][info][gc,phases   ] GC(2)   Other: 0.2ms
[3.635s][info][gc,heap     ] GC(2) Eden regions: 98->0(108)
[3.635s][info][gc,heap     ] GC(2) Survivor regions: 4->4(13)
[3.635s][info][gc,heap     ] GC(2) Old regions: 0->0
[3.635s][info][gc,heap     ] GC(2) Archive regions: 0->0
[3.635s][info][gc,heap     ] GC(2) Humongous regions: 0->0
[3.635s][info][gc,metaspace] GC(2) Metaspace: 14448K(14656K)->14448K(14656K) NonClass: 12803K(12928K)->12803K(12928K) Class: 1645K(1728K)->1645K(1728K)
[3.635s][info][gc          ] GC(2) Pause Young (Normal) (G1 Evacuation Pause) 405M->14M(8192M) 4.250ms
[3.635s][info][gc,cpu      ] GC(2) User=0.00s Sys=0.00s Real=0.01s
[3.772s][info][gc,start    ] GC(3) Pause Young (Normal) (G1 Evacuation Pause)
[3.772s][info][gc,task     ] GC(3) Using 6 workers of 6 for evacuation
[3.776s][info][gc,phases   ] GC(3)   Pre Evacuate Collection Set: 0.2ms
[3.776s][info][gc,phases   ] GC(3)   Merge Heap Roots: 0.1ms
[3.776s][info][gc,phases   ] GC(3)   Evacuate Collection Set: 3.0ms
[3.776s][info][gc,phases   ] GC(3)   Post Evacuate Collection Set: 0.6ms
[3.776s][info][gc,phases   ] GC(3)   Other: 0.2ms
[3.776s][info][gc,heap     ] GC(3) Eden regions: 108->0(1224)
[3.776s][info][gc,heap     ] GC(3) Survivor regions: 4->4(14)
[3.776s][info][gc,heap     ] GC(3) Old regions: 0->0
[3.776s][info][gc,heap     ] GC(3) Archive regions: 0->0
[3.776s][info][gc,heap     ] GC(3) Humongous regions: 0->0
[3.776s][info][gc,metaspace] GC(3) Metaspace: 14448K(14656K)->14448K(14656K) NonClass: 12803K(12928K)->12803K(12928K) Class: 1645K(1728K)->1645K(1728K)
[3.776s][info][gc          ] GC(3) Pause Young (Normal) (G1 Evacuation Pause) 446M->14M(8192M) 4.151ms
[3.776s][info][gc,cpu      ] GC(3) User=0.00s Sys=0.00s Real=0.00s
[6.191s][info][gc,start    ] GC(4) Pause Young (Normal) (G1 Evacuation Pause)
[6.191s][info][gc,task     ] GC(4) Using 6 workers of 6 for evacuation
[6.198s][info][gc,phases   ] GC(4)   Pre Evacuate Collection Set: 0.2ms
[6.198s][info][gc,phases   ] GC(4)   Merge Heap Roots: 0.2ms
[6.198s][info][gc,phases   ] GC(4)   Evacuate Collection Set: 4.8ms
[6.198s][info][gc,phases   ] GC(4)   Post Evacuate Collection Set: 1.5ms
[6.198s][info][gc,phases   ] GC(4)   Other: 0.6ms
[6.198s][info][gc,heap     ] GC(4) Eden regions: 1224->0(1224)
[6.198s][info][gc,heap     ] GC(4) Survivor regions: 4->4(154)
[6.198s][info][gc,heap     ] GC(4) Old regions: 0->0
[6.198s][info][gc,heap     ] GC(4) Archive regions: 0->0
[6.198s][info][gc,heap     ] GC(4) Humongous regions: 0->0
[6.198s][info][gc,metaspace] GC(4) Metaspace: 14449K(14656K)->14449K(14656K) NonClass: 12804K(12928K)->12804K(12928K) Class: 1645K(1728K)->1645K(1728K)
[6.198s][info][gc          ] GC(4) Pause Young (Normal) (G1 Evacuation Pause) 4910M->14M(8192M) 7.506ms
[6.198s][info][gc,cpu      ] GC(4) User=0.00s Sys=0.02s Real=0.01s
[7.568s][info][gc,start    ] GC(5) Pause Young (Concurrent Start) (Metadata GC Threshold)
[7.568s][info][gc,task     ] GC(5) Using 6 workers of 6 for evacuation
[7.574s][info][gc,phases   ] GC(5)   Pre Evacuate Collection Set: 0.1ms
[7.574s][info][gc,phases   ] GC(5)   Merge Heap Roots: 0.1ms
[7.574s][info][gc,phases   ] GC(5)   Evacuate Collection Set: 3.8ms
[7.574s][info][gc,phases   ] GC(5)   Post Evacuate Collection Set: 1.1ms
[7.574s][info][gc,phases   ] GC(5)   Other: 0.2ms
[7.574s][info][gc,heap     ] GC(5) Eden regions: 476->0(1222)
[7.574s][info][gc,heap     ] GC(5) Survivor regions: 4->6(154)
[7.574s][info][gc,heap     ] GC(5) Old regions: 0->0
[7.574s][info][gc,heap     ] GC(5) Archive regions: 0->0
[7.574s][info][gc,heap     ] GC(5) Humongous regions: 2->0
[7.574s][info][gc,metaspace] GC(5) Metaspace: 21273K(21504K)->21273K(21504K) NonClass: 18775K(18880K)->18775K(18880K) Class: 2498K(2624K)->2498K(2624K)
[7.574s][info][gc          ] GC(5) Pause Young (Concurrent Start) (Metadata GC Threshold) 1924M->20M(8192M) 5.490ms
[7.574s][info][gc,cpu      ] GC(5) User=0.00s Sys=0.00s Real=0.00s
[7.574s][info][gc          ] GC(6) Concurrent Mark Cycle
[7.574s][info][gc,marking  ] GC(6) Concurrent Clear Claimed Marks
[7.574s][info][gc,marking  ] GC(6) Concurrent Clear Claimed Marks 0.021ms
[7.574s][info][gc,marking  ] GC(6) Concurrent Scan Root Regions
[7.576s][info][gc,marking  ] GC(6) Concurrent Scan Root Regions 2.068ms
[7.576s][info][gc,marking  ] GC(6) Concurrent Mark
[7.576s][info][gc,marking  ] GC(6) Concurrent Mark From Roots
[7.576s][info][gc,task     ] GC(6) Using 2 workers of 2 for marking
[7.577s][info][gc,marking  ] GC(6) Concurrent Mark From Roots 0.529ms
[7.577s][info][gc,marking  ] GC(6) Concurrent Preclean
[7.577s][info][gc,marking  ] GC(6) Concurrent Preclean 0.068ms
[7.578s][info][gc,start    ] GC(6) Pause Remark
[7.579s][info][gc          ] GC(6) Pause Remark 24M->24M(8192M) 1.731ms
[7.579s][info][gc,cpu      ] GC(6) User=0.00s Sys=0.00s Real=0.01s
[7.579s][info][gc,marking  ] GC(6) Concurrent Mark 3.280ms
[7.579s][info][gc,marking  ] GC(6) Concurrent Rebuild Remembered Sets
[7.579s][info][gc,marking  ] GC(6) Concurrent Rebuild Remembered Sets 0.008ms
[7.580s][info][gc,start    ] GC(6) Pause Cleanup
[7.580s][info][gc          ] GC(6) Pause Cleanup 24M->24M(8192M) 0.015ms
[7.580s][info][gc,cpu      ] GC(6) User=0.00s Sys=0.00s Real=0.00s
[7.580s][info][gc,marking  ] GC(6) Concurrent Cleanup for Next Mark
[7.611s][info][gc,marking  ] GC(6) Concurrent Cleanup for Next Mark 31.144ms
[7.611s][info][gc          ] GC(6) Concurrent Mark Cycle 37.259ms
[11.821s][info][gc,start    ] GC(7) Pause Full (System.gc())
[11.821s][info][gc,task     ] GC(7) Using 6 workers of 6 for full compaction
[11.821s][info][gc,phases,start] GC(7) Phase 1: Mark live objects
[11.830s][info][gc,phases      ] GC(7) Phase 1: Mark live objects 8.222ms
[11.830s][info][gc,phases,start] GC(7) Phase 2: Prepare for compaction
[11.840s][info][gc,phases      ] GC(7) Phase 2: Prepare for compaction 9.861ms
[11.840s][info][gc,phases,start] GC(7) Phase 3: Adjust pointers
[11.845s][info][gc,phases      ] GC(7) Phase 3: Adjust pointers 5.704ms
[11.845s][info][gc,phases,start] GC(7) Phase 4: Compact heap
[11.853s][info][gc,phases      ] GC(7) Phase 4: Compact heap 7.240ms
[11.889s][info][gc,heap        ] GC(7) Eden regions: 315->0(1228)
[11.890s][info][gc,heap        ] GC(7) Survivor regions: 6->0(154)
[11.890s][info][gc,heap        ] GC(7) Old regions: 0->12
[11.890s][info][gc,heap        ] GC(7) Archive regions: 0->0
[11.890s][info][gc,heap        ] GC(7) Humongous regions: 271->0
[11.890s][info][gc,metaspace   ] GC(7) Metaspace: 33812K(34112K)->33812K(34112K) NonClass: 29917K(30080K)->29917K(30080K) Class: 3895K(4032K)->3895K(4032K)
[11.890s][info][gc             ] GC(7) Pause Full (System.gc()) 2363M->35M(8192M) 68.533ms
[11.890s][info][gc,cpu         ] GC(7) User=0.22s Sys=0.11s Real=0.07s
[13.062s][info][gc,start       ] GC(8) Pause Young (Normal) (G1 Evacuation Pause)
[13.063s][info][gc,task        ] GC(8) Using 6 workers of 6 for evacuation
[13.064s][info][gc,phases      ] GC(8)   Pre Evacuate Collection Set: 0.1ms
[13.065s][info][gc,phases      ] GC(8)   Merge Heap Roots: 0.2ms
[13.065s][info][gc,phases      ] GC(8)   Evacuate Collection Set: 0.4ms
[13.065s][info][gc,phases      ] GC(8)   Post Evacuate Collection Set: 1.1ms
[13.065s][info][gc,phases      ] GC(8)   Other: 0.2ms
[13.065s][info][gc,heap        ] GC(8) Eden regions: 1228->0(1227)
[13.065s][info][gc,heap        ] GC(8) Survivor regions: 0->1(154)
[13.065s][info][gc,heap        ] GC(8) Old regions: 12->12
[13.065s][info][gc,heap        ] GC(8) Archive regions: 0->0
[13.065s][info][gc,heap        ] GC(8) Humongous regions: 0->0
[13.065s][info][gc,metaspace   ] GC(8) Metaspace: 33892K(34240K)->33892K(34240K) NonClass: 29985K(30144K)->29985K(30144K) Class: 3907K(4096K)->3907K(4096K)
[13.065s][info][gc             ] GC(8) Pause Young (Normal) (G1 Evacuation Pause) 4947M->37M(8192M) 2.182ms
[13.065s][info][gc,cpu         ] GC(8) User=0.00s Sys=0.00s Real=0.00s
[14.281s][info][gc,start       ] GC(9) Pause Young (Normal) (G1 Evacuation Pause)
[14.281s][info][gc,task        ] GC(9) Using 6 workers of 6 for evacuation
[14.282s][info][gc,phases      ] GC(9)   Pre Evacuate Collection Set: 0.1ms
[14.282s][info][gc,phases      ] GC(9)   Merge Heap Roots: 0.1ms
[14.282s][info][gc,phases      ] GC(9)   Evacuate Collection Set: 0.3ms
[14.282s][info][gc,phases      ] GC(9)   Post Evacuate Collection Set: 1.0ms
[14.282s][info][gc,phases      ] GC(9)   Other: 0.2ms
[14.282s][info][gc,heap        ] GC(9) Eden regions: 1227->0(1227)
[14.282s][info][gc,heap        ] GC(9) Survivor regions: 1->1(154)
[14.282s][info][gc,heap        ] GC(9) Old regions: 12->12
[14.282s][info][gc,heap        ] GC(9) Archive regions: 0->0
[14.282s][info][gc,heap        ] GC(9) Humongous regions: 0->0
[14.282s][info][gc,metaspace   ] GC(9) Metaspace: 33893K(34240K)->33893K(34240K) NonClass: 29986K(30144K)->29986K(30144K) Class: 3907K(4096K)->3907K(4096K)
[14.282s][info][gc             ] GC(9) Pause Young (Normal) (G1 Evacuation Pause) 4945M->35M(8192M) 1.798ms
[14.282s][info][gc,cpu         ] GC(9) User=0.00s Sys=0.00s Real=0.00s
[18.748s][info][gc,start       ] GC(10) Pause Full (System.gc())
[18.748s][info][gc,task        ] GC(10) Using 6 workers of 6 for full compaction
[18.748s][info][gc,phases,start] GC(10) Phase 1: Mark live objects
[18.767s][info][gc,phases      ] GC(10) Phase 1: Mark live objects 19.495ms
[18.767s][info][gc,phases,start] GC(10) Phase 2: Prepare for compaction
[18.783s][info][gc,phases      ] GC(10) Phase 2: Prepare for compaction 15.717ms
[18.783s][info][gc,phases,start] GC(10) Phase 3: Adjust pointers
[18.795s][info][gc,phases      ] GC(10) Phase 3: Adjust pointers 11.670ms
[18.795s][info][gc,phases,start] GC(10) Phase 4: Compact heap
[18.812s][info][gc,phases      ] GC(10) Phase 4: Compact heap 17.059ms
[18.828s][info][gc,heap        ] GC(10) Eden regions: 1100->0(1228)
[18.828s][info][gc,heap        ] GC(10) Survivor regions: 1->0(154)
[18.828s][info][gc,heap        ] GC(10) Old regions: 12->26
[18.828s][info][gc,heap        ] GC(10) Archive regions: 0->0
[18.828s][info][gc,heap        ] GC(10) Humongous regions: 484->1
[18.828s][info][gc,metaspace   ] GC(10) Metaspace: 34011K(34368K)->34011K(34368K) NonClass: 30097K(30272K)->30097K(30272K) Class: 3914K(4096K)->3914K(4096K)
[18.828s][info][gc             ] GC(10) Pause Full (System.gc()) 6369M->99M(8192M) 80.190ms
[18.828s][info][gc,cpu         ] GC(10) User=0.33s Sys=0.06s Real=0.08s
[19.682s][info][gc,start       ] GC(11) Pause Young (Normal) (G1 Evacuation Pause)
[19.682s][info][gc,task        ] GC(11) Using 6 workers of 6 for evacuation
[19.684s][info][gc,phases      ] GC(11)   Pre Evacuate Collection Set: 0.1ms
[19.684s][info][gc,phases      ] GC(11)   Merge Heap Roots: 0.1ms
[19.684s][info][gc,phases      ] GC(11)   Evacuate Collection Set: 0.3ms
[19.684s][info][gc,phases      ] GC(11)   Post Evacuate Collection Set: 1.3ms
[19.684s][info][gc,phases      ] GC(11)   Other: 0.2ms
[19.684s][info][gc,heap        ] GC(11) Eden regions: 1228->0(1227)
[19.684s][info][gc,heap        ] GC(11) Survivor regions: 0->1(154)
[19.684s][info][gc,heap        ] GC(11) Old regions: 26->26
[19.684s][info][gc,heap        ] GC(11) Archive regions: 0->0
[19.684s][info][gc,heap        ] GC(11) Humongous regions: 1->1
[19.684s][info][gc,metaspace   ] GC(11) Metaspace: 34014K(34368K)->34014K(34368K) NonClass: 30099K(30272K)->30099K(30272K) Class: 3914K(4096K)->3914K(4096K)
[19.684s][info][gc             ] GC(11) Pause Young (Normal) (G1 Evacuation Pause) 5011M->100M(8192M) 2.238ms
[19.684s][info][gc,cpu         ] GC(11) User=0.00s Sys=0.00s Real=0.01s
[20.705s][info][gc,start       ] GC(12) Pause Young (Normal) (G1 Evacuation Pause)
[20.705s][info][gc,task        ] GC(12) Using 6 workers of 6 for evacuation
[20.707s][info][gc,phases      ] GC(12)   Pre Evacuate Collection Set: 0.1ms
[20.707s][info][gc,phases      ] GC(12)   Merge Heap Roots: 0.1ms
[20.707s][info][gc,phases      ] GC(12)   Evacuate Collection Set: 0.2ms
[20.707s][info][gc,phases      ] GC(12)   Post Evacuate Collection Set: 1.0ms
[20.707s][info][gc,phases      ] GC(12)   Other: 0.2ms
[20.707s][info][gc,heap        ] GC(12) Eden regions: 1227->0(1227)
[20.707s][info][gc,heap        ] GC(12) Survivor regions: 1->1(154)
[20.707s][info][gc,heap        ] GC(12) Old regions: 26->26
[20.707s][info][gc,heap        ] GC(12) Archive regions: 0->0
[20.707s][info][gc,heap        ] GC(12) Humongous regions: 1->1
[20.707s][info][gc,metaspace   ] GC(12) Metaspace: 34014K(34368K)->34014K(34368K) NonClass: 30099K(30272K)->30099K(30272K) Class: 3914K(4096K)->3914K(4096K)
[20.707s][info][gc             ] GC(12) Pause Young (Normal) (G1 Evacuation Pause) 5008M->99M(8192M) 1.960ms
[20.707s][info][gc,cpu         ] GC(12) User=0.00s Sys=0.00s Real=0.00s
[25.733s][info][gc,start       ] GC(13) Pause Full (System.gc())
[25.733s][info][gc,task        ] GC(13) Using 6 workers of 6 for full compaction
[25.733s][info][gc,phases,start] GC(13) Phase 1: Mark live objects
[25.749s][info][gc,phases      ] GC(13) Phase 1: Mark live objects 16.176ms
[25.749s][info][gc,phases,start] GC(13) Phase 2: Prepare for compaction
[25.763s][info][gc,phases      ] GC(13) Phase 2: Prepare for compaction 13.763ms
[25.763s][info][gc,phases,start] GC(13) Phase 3: Adjust pointers
[25.772s][info][gc,phases      ] GC(13) Phase 3: Adjust pointers 9.169ms
[25.772s][info][gc,phases,start] GC(13) Phase 4: Compact heap
[25.785s][info][gc,phases      ] GC(13) Phase 4: Compact heap 12.351ms
[25.801s][info][gc,heap        ] GC(13) Eden regions: 1216->0(1228)
[25.802s][info][gc,heap        ] GC(13) Survivor regions: 1->0(154)
[25.802s][info][gc,heap        ] GC(13) Old regions: 26->26
[25.802s][info][gc,heap        ] GC(13) Archive regions: 0->0
[25.802s][info][gc,heap        ] GC(13) Humongous regions: 797->0
[25.802s][info][gc,metaspace   ] GC(13) Metaspace: 34073K(34432K)->34073K(34432K) NonClass: 30159K(30336K)->30159K(30336K) Class: 3914K(4096K)->3914K(4096K)
[25.802s][info][gc             ] GC(13) Pause Full (System.gc()) 8145M->97M(8192M) 68.688ms
[25.802s][info][gc,cpu         ] GC(13) User=0.28s Sys=0.02s Real=0.07s
[26.649s][info][gc,start       ] GC(14) Pause Young (Normal) (G1 Evacuation Pause)
[26.649s][info][gc,task        ] GC(14) Using 6 workers of 6 for evacuation
[26.651s][info][gc,phases      ] GC(14)   Pre Evacuate Collection Set: 0.1ms
[26.651s][info][gc,phases      ] GC(14)   Merge Heap Roots: 0.1ms
[26.651s][info][gc,phases      ] GC(14)   Evacuate Collection Set: 0.2ms
[26.651s][info][gc,phases      ] GC(14)   Post Evacuate Collection Set: 1.1ms
[26.651s][info][gc,phases      ] GC(14)   Other: 0.2ms
[26.651s][info][gc,heap        ] GC(14) Eden regions: 1228->0(1227)
[26.651s][info][gc,heap        ] GC(14) Survivor regions: 0->1(154)
[26.651s][info][gc,heap        ] GC(14) Old regions: 26->26
[26.651s][info][gc,heap        ] GC(14) Archive regions: 0->0
[26.651s][info][gc,heap        ] GC(14) Humongous regions: 0->0
[26.651s][info][gc,metaspace   ] GC(14) Metaspace: 34075K(34432K)->34075K(34432K) NonClass: 30160K(30336K)->30160K(30336K) Class: 3914K(4096K)->3914K(4096K)
[26.651s][info][gc             ] GC(14) Pause Young (Normal) (G1 Evacuation Pause) 5009M->97M(8192M) 1.829ms
[26.651s][info][gc,cpu         ] GC(14) User=0.00s Sys=0.00s Real=0.00s
[27.663s][info][gc,start       ] GC(15) Pause Young (Normal) (G1 Evacuation Pause)
[27.663s][info][gc,task        ] GC(15) Using 6 workers of 6 for evacuation
[27.665s][info][gc,phases      ] GC(15)   Pre Evacuate Collection Set: 0.1ms
[27.665s][info][gc,phases      ] GC(15)   Merge Heap Roots: 0.1ms
[27.665s][info][gc,phases      ] GC(15)   Evacuate Collection Set: 0.2ms
[27.665s][info][gc,phases      ] GC(15)   Post Evacuate Collection Set: 1.0ms
[27.665s][info][gc,phases      ] GC(15)   Other: 0.2ms
[27.665s][info][gc,heap        ] GC(15) Eden regions: 1227->0(1227)
[27.665s][info][gc,heap        ] GC(15) Survivor regions: 1->1(154)
[27.665s][info][gc,heap        ] GC(15) Old regions: 26->26
[27.665s][info][gc,heap        ] GC(15) Archive regions: 0->0
[27.665s][info][gc,heap        ] GC(15) Humongous regions: 0->0
[27.665s][info][gc,metaspace   ] GC(15) Metaspace: 34075K(34432K)->34075K(34432K) NonClass: 30160K(30336K)->30160K(30336K) Class: 3914K(4096K)->3914K(4096K)
[27.665s][info][gc             ] GC(15) Pause Young (Normal) (G1 Evacuation Pause) 5005M->97M(8192M) 1.774ms
[27.665s][info][gc,cpu         ] GC(15) User=0.00s Sys=0.00s Real=0.00s
[31.694s][info][gc,start       ] GC(16) Pause Full (System.gc())
[31.694s][info][gc,task        ] GC(16) Using 6 workers of 6 for full compaction
[31.694s][info][gc,phases,start] GC(16) Phase 1: Mark live objects
[31.715s][info][gc,phases      ] GC(16) Phase 1: Mark live objects 20.496ms
[31.715s][info][gc,phases,start] GC(16) Phase 2: Prepare for compaction
[31.726s][info][gc,phases      ] GC(16) Phase 2: Prepare for compaction 10.835ms
[31.726s][info][gc,phases,start] GC(16) Phase 3: Adjust pointers
[31.734s][info][gc,phases      ] GC(16) Phase 3: Adjust pointers 8.514ms
[31.734s][info][gc,phases,start] GC(16) Phase 4: Compact heap
[31.743s][info][gc,phases      ] GC(16) Phase 4: Compact heap 8.659ms
[31.759s][info][gc,heap        ] GC(16) Eden regions: 1174->0(1228)
[31.759s][info][gc,heap        ] GC(16) Survivor regions: 1->0(154)
[31.759s][info][gc,heap        ] GC(16) Old regions: 26->31
[31.759s][info][gc,heap        ] GC(16) Archive regions: 0->0
[31.759s][info][gc,heap        ] GC(16) Humongous regions: 662->1
[31.759s][info][gc,metaspace   ] GC(16) Metaspace: 34101K(34496K)->34101K(34496K) NonClass: 30187K(30400K)->30187K(30400K) Class: 3914K(4096K)->3914K(4096K)
[31.759s][info][gc             ] GC(16) Pause Full (System.gc()) 7441M->117M(8192M) 65.382ms
[31.759s][info][gc,cpu         ] GC(16) User=0.36s Sys=0.00s Real=0.08s
[32.589s][info][gc,start       ] GC(17) Pause Young (Normal) (G1 Evacuation Pause)
[32.589s][info][gc,task        ] GC(17) Using 6 workers of 6 for evacuation
[32.591s][info][gc,phases      ] GC(17)   Pre Evacuate Collection Set: 0.1ms
[32.591s][info][gc,phases      ] GC(17)   Merge Heap Roots: 0.1ms
[32.591s][info][gc,phases      ] GC(17)   Evacuate Collection Set: 0.2ms
[32.591s][info][gc,phases      ] GC(17)   Post Evacuate Collection Set: 1.1ms
[32.591s][info][gc,phases      ] GC(17)   Other: 0.2ms
[32.591s][info][gc,heap        ] GC(17) Eden regions: 1228->0(1227)
[32.591s][info][gc,heap        ] GC(17) Survivor regions: 0->1(154)
[32.591s][info][gc,heap        ] GC(17) Old regions: 31->31
[32.591s][info][gc,heap        ] GC(17) Archive regions: 0->0
[32.591s][info][gc,heap        ] GC(17) Humongous regions: 1->1
[32.591s][info][gc,metaspace   ] GC(17) Metaspace: 34102K(34496K)->34102K(34496K) NonClass: 30187K(30400K)->30187K(30400K) Class: 3914K(4096K)->3914K(4096K)
[32.591s][info][gc             ] GC(17) Pause Young (Normal) (G1 Evacuation Pause) 5029M->117M(8192M) 1.755ms
[32.591s][info][gc,cpu         ] GC(17) User=0.00s Sys=0.00s Real=0.00s
[33.598s][info][gc,start       ] GC(18) Pause Young (Normal) (G1 Evacuation Pause)
[33.598s][info][gc,task        ] GC(18) Using 6 workers of 6 for evacuation
[33.600s][info][gc,phases      ] GC(18)   Pre Evacuate Collection Set: 0.1ms
[33.600s][info][gc,phases      ] GC(18)   Merge Heap Roots: 0.1ms
[33.600s][info][gc,phases      ] GC(18)   Evacuate Collection Set: 0.2ms
[33.600s][info][gc,phases      ] GC(18)   Post Evacuate Collection Set: 1.1ms
[33.600s][info][gc,phases      ] GC(18)   Other: 0.2ms
[33.600s][info][gc,heap        ] GC(18) Eden regions: 1227->0(1227)
[33.600s][info][gc,heap        ] GC(18) Survivor regions: 1->1(154)
[33.600s][info][gc,heap        ] GC(18) Old regions: 31->31
[33.600s][info][gc,heap        ] GC(18) Archive regions: 0->0
[33.600s][info][gc,heap        ] GC(18) Humongous regions: 1->1
[33.600s][info][gc,metaspace   ] GC(18) Metaspace: 34102K(34496K)->34102K(34496K) NonClass: 30187K(30400K)->30187K(30400K) Class: 3914K(4096K)->3914K(4096K)
[33.600s][info][gc             ] GC(18) Pause Young (Normal) (G1 Evacuation Pause) 5025M->117M(8192M) 1.828ms
[33.600s][info][gc,cpu         ] GC(18) User=0.00s Sys=0.00s Real=0.02s
[37.468s][info][gc,start       ] GC(19) Pause Full (System.gc())
[37.468s][info][gc,task        ] GC(19) Using 6 workers of 6 for full compaction
[37.469s][info][gc,phases,start] GC(19) Phase 1: Mark live objects
[37.488s][info][gc,phases      ] GC(19) Phase 1: Mark live objects 19.703ms
[37.488s][info][gc,phases,start] GC(19) Phase 2: Prepare for compaction
[37.498s][info][gc,phases      ] GC(19) Phase 2: Prepare for compaction 9.959ms
[37.498s][info][gc,phases,start] GC(19) Phase 3: Adjust pointers
[37.507s][info][gc,phases      ] GC(19) Phase 3: Adjust pointers 8.939ms
[37.507s][info][gc,phases,start] GC(19) Phase 4: Compact heap
[37.516s][info][gc,phases      ] GC(19) Phase 4: Compact heap 8.392ms
[37.533s][info][gc,heap        ] GC(19) Eden regions: 1158->0(1228)
[37.533s][info][gc,heap        ] GC(19) Survivor regions: 1->0(154)
[37.533s][info][gc,heap        ] GC(19) Old regions: 31->32
[37.533s][info][gc,heap        ] GC(19) Archive regions: 0->0
[37.533s][info][gc,heap        ] GC(19) Humongous regions: 644->0
[37.533s][info][gc,metaspace   ] GC(19) Metaspace: 34118K(34496K)->34118K(34496K) NonClass: 30203K(30400K)->30203K(30400K) Class: 3914K(4096K)->3914K(4096K)
[37.533s][info][gc             ] GC(19) Pause Full (System.gc()) 7320M->114M(8192M) 64.319ms
[37.533s][info][gc,cpu         ] GC(19) User=0.33s Sys=0.00s Real=0.07s
[38.348s][info][gc,start       ] GC(20) Pause Young (Normal) (G1 Evacuation Pause)
[38.349s][info][gc,task        ] GC(20) Using 6 workers of 6 for evacuation
[38.350s][info][gc,phases      ] GC(20)   Pre Evacuate Collection Set: 0.1ms
[38.350s][info][gc,phases      ] GC(20)   Merge Heap Roots: 0.1ms
[38.350s][info][gc,phases      ] GC(20)   Evacuate Collection Set: 0.2ms
[38.350s][info][gc,phases      ] GC(20)   Post Evacuate Collection Set: 1.0ms
[38.350s][info][gc,phases      ] GC(20)   Other: 0.2ms
[38.350s][info][gc,heap        ] GC(20) Eden regions: 1228->0(1227)
[38.350s][info][gc,heap        ] GC(20) Survivor regions: 0->1(154)
[38.350s][info][gc,heap        ] GC(20) Old regions: 32->32
[38.350s][info][gc,heap        ] GC(20) Archive regions: 0->0
[38.350s][info][gc,heap        ] GC(20) Humongous regions: 0->0
[38.350s][info][gc,metaspace   ] GC(20) Metaspace: 34118K(34496K)->34118K(34496K) NonClass: 30204K(30400K)->30204K(30400K) Class: 3914K(4096K)->3914K(4096K)
[38.350s][info][gc             ] GC(20) Pause Young (Normal) (G1 Evacuation Pause) 5026M->114M(8192M) 1.745ms
[38.350s][info][gc,cpu         ] GC(20) User=0.00s Sys=0.00s Real=0.00s
[39.358s][info][gc,start       ] GC(21) Pause Young (Normal) (G1 Evacuation Pause)
[39.359s][info][gc,task        ] GC(21) Using 6 workers of 6 for evacuation
[39.360s][info][gc,phases      ] GC(21)   Pre Evacuate Collection Set: 0.1ms
[39.360s][info][gc,phases      ] GC(21)   Merge Heap Roots: 0.1ms
[39.360s][info][gc,phases      ] GC(21)   Evacuate Collection Set: 0.1ms
[39.360s][info][gc,phases      ] GC(21)   Post Evacuate Collection Set: 1.0ms
[39.360s][info][gc,phases      ] GC(21)   Other: 0.2ms
[39.360s][info][gc,heap        ] GC(21) Eden regions: 1227->0(1227)
[39.360s][info][gc,heap        ] GC(21) Survivor regions: 1->1(154)
[39.360s][info][gc,heap        ] GC(21) Old regions: 32->32
[39.360s][info][gc,heap        ] GC(21) Archive regions: 0->0
[39.360s][info][gc,heap        ] GC(21) Humongous regions: 0->0
[39.360s][info][gc,metaspace   ] GC(21) Metaspace: 34118K(34496K)->34118K(34496K) NonClass: 30204K(30400K)->30204K(30400K) Class: 3914K(4096K)->3914K(4096K)
[39.360s][info][gc             ] GC(21) Pause Young (Normal) (G1 Evacuation Pause) 5022M->114M(8192M) 1.729ms
[39.360s][info][gc,cpu         ] GC(21) User=0.00s Sys=0.00s Real=0.00s
[44.057s][info][gc,start       ] GC(22) Pause Young (Normal) (G1 Preventive Collection)
[44.057s][info][gc,task        ] GC(22) Using 6 workers of 6 for evacuation
[44.103s][info][gc             ] GC(22) To-space exhausted
[44.103s][info][gc,phases      ] GC(22)   Pre Evacuate Collection Set: 0.2ms
[44.103s][info][gc,phases      ] GC(22)   Merge Heap Roots: 0.3ms
[44.103s][info][gc,phases      ] GC(22)   Evacuate Collection Set: 7.0ms
[44.103s][info][gc,phases      ] GC(22)   Post Evacuate Collection Set: 38.0ms
[44.103s][info][gc,phases      ] GC(22)   Other: 0.3ms
[44.103s][info][gc,heap        ] GC(22) Eden regions: 1215->0(1227)
[44.103s][info][gc,heap        ] GC(22) Survivor regions: 1->1(1)
[44.103s][info][gc,heap        ] GC(22) Old regions: 32->198
[44.103s][info][gc,heap        ] GC(22) Archive regions: 0->0
[44.103s][info][gc,heap        ] GC(22) Humongous regions: 799->4
[44.103s][info][gc,metaspace   ] GC(22) Metaspace: 34119K(34496K)->34119K(34496K) NonClass: 30204K(30400K)->30204K(30400K) Class: 3914K(4096K)->3914K(4096K)
[44.103s][info][gc             ] GC(22) Pause Young (Normal) (G1 Preventive Collection) 8170M->798M(8192M) 45.804ms
[44.103s][info][gc,cpu         ] GC(22) User=0.23s Sys=0.00s Real=0.04s
[44.552s][info][gc,start       ] GC(23) Pause Full (System.gc())
[44.552s][info][gc,task        ] GC(23) Using 6 workers of 6 for full compaction
[44.553s][info][gc,phases,start] GC(23) Phase 1: Mark live objects
[44.573s][info][gc,phases      ] GC(23) Phase 1: Mark live objects 20.823ms
[44.574s][info][gc,phases,start] GC(23) Phase 2: Prepare for compaction
[44.589s][info][gc,phases      ] GC(23) Phase 2: Prepare for compaction 15.484ms
[44.589s][info][gc,phases,start] GC(23) Phase 3: Adjust pointers
[44.596s][info][gc,phases      ] GC(23) Phase 3: Adjust pointers 7.398ms
[44.597s][info][gc,phases,start] GC(23) Phase 4: Compact heap
[44.601s][info][gc,phases      ] GC(23) Phase 4: Compact heap 4.229ms
[44.633s][info][gc,heap        ] GC(23) Eden regions: 51->0(1228)
[44.633s][info][gc,heap        ] GC(23) Survivor regions: 1->0(1)
[44.633s][info][gc,heap        ] GC(23) Old regions: 198->32
[44.633s][info][gc,heap        ] GC(23) Archive regions: 0->0
[44.633s][info][gc,heap        ] GC(23) Humongous regions: 93->1
[44.633s][info][gc,metaspace   ] GC(23) Metaspace: 34119K(34496K)->34119K(34496K) NonClass: 30205K(30400K)->30205K(30400K) Class: 3914K(4096K)->3914K(4096K)
[44.633s][info][gc             ] GC(23) Pause Full (System.gc()) 1356M->117M(8192M) 81.089ms
[44.633s][info][gc,cpu         ] GC(23) User=0.36s Sys=0.06s Real=0.09s
[45.477s][info][gc,start       ] GC(24) Pause Young (Normal) (G1 Evacuation Pause)
[45.477s][info][gc,task        ] GC(24) Using 6 workers of 6 for evacuation
[45.479s][info][gc,phases      ] GC(24)   Pre Evacuate Collection Set: 0.1ms
[45.479s][info][gc,phases      ] GC(24)   Merge Heap Roots: 0.2ms
[45.479s][info][gc,phases      ] GC(24)   Evacuate Collection Set: 0.2ms
[45.479s][info][gc,phases      ] GC(24)   Post Evacuate Collection Set: 1.1ms
[45.479s][info][gc,phases      ] GC(24)   Other: 0.2ms
[45.479s][info][gc,heap        ] GC(24) Eden regions: 1228->0(1227)
[45.479s][info][gc,heap        ] GC(24) Survivor regions: 0->1(154)
[45.479s][info][gc,heap        ] GC(24) Old regions: 32->32
[45.479s][info][gc,heap        ] GC(24) Archive regions: 0->0
[45.479s][info][gc,heap        ] GC(24) Humongous regions: 1->1
[45.479s][info][gc,metaspace   ] GC(24) Metaspace: 34120K(34496K)->34120K(34496K) NonClass: 30206K(30400K)->30206K(30400K) Class: 3914K(4096K)->3914K(4096K)
[45.479s][info][gc             ] GC(24) Pause Young (Normal) (G1 Evacuation Pause) 5029M->118M(8192M) 1.805ms
[45.479s][info][gc,cpu         ] GC(24) User=0.00s Sys=0.00s Real=0.00s
[46.492s][info][gc,start       ] GC(25) Pause Young (Normal) (G1 Evacuation Pause)
[46.492s][info][gc,task        ] GC(25) Using 6 workers of 6 for evacuation
[46.494s][info][gc,phases      ] GC(25)   Pre Evacuate Collection Set: 0.1ms
[46.494s][info][gc,phases      ] GC(25)   Merge Heap Roots: 0.1ms
[46.494s][info][gc,phases      ] GC(25)   Evacuate Collection Set: 0.2ms
[46.494s][info][gc,phases      ] GC(25)   Post Evacuate Collection Set: 1.2ms
[46.494s][info][gc,phases      ] GC(25)   Other: 0.2ms
[46.494s][info][gc,heap        ] GC(25) Eden regions: 1227->0(1227)
[46.494s][info][gc,heap        ] GC(25) Survivor regions: 1->1(154)
[46.494s][info][gc,heap        ] GC(25) Old regions: 32->32
[46.494s][info][gc,heap        ] GC(25) Archive regions: 0->0
[46.494s][info][gc,heap        ] GC(25) Humongous regions: 1->1
[46.494s][info][gc,metaspace   ] GC(25) Metaspace: 34120K(34496K)->34120K(34496K) NonClass: 30206K(30400K)->30206K(30400K) Class: 3914K(4096K)->3914K(4096K)
[46.494s][info][gc             ] GC(25) Pause Young (Normal) (G1 Evacuation Pause) 5026M->118M(8192M) 2.098ms
[46.494s][info][gc,cpu         ] GC(25) User=0.00s Sys=0.00s Real=0.00s
[50.420s][info][gc,start       ] GC(26) Pause Full (System.gc())
[50.420s][info][gc,task        ] GC(26) Using 6 workers of 6 for full compaction
[50.421s][info][gc,phases,start] GC(26) Phase 1: Mark live objects
[50.440s][info][gc,phases      ] GC(26) Phase 1: Mark live objects 19.184ms
[50.440s][info][gc,phases,start] GC(26) Phase 2: Prepare for compaction
[50.449s][info][gc,phases      ] GC(26) Phase 2: Prepare for compaction 9.192ms
[50.449s][info][gc,phases,start] GC(26) Phase 3: Adjust pointers
[50.458s][info][gc,phases      ] GC(26) Phase 3: Adjust pointers 9.242ms
[50.458s][info][gc,phases,start] GC(26) Phase 4: Compact heap
[50.464s][info][gc,phases      ] GC(26) Phase 4: Compact heap 5.750ms
[50.496s][info][gc,heap        ] GC(26) Eden regions: 1156->0(1228)
[50.496s][info][gc,heap        ] GC(26) Survivor regions: 1->0(154)
[50.496s][info][gc,heap        ] GC(26) Old regions: 32->31
[50.496s][info][gc,heap        ] GC(26) Archive regions: 0->0
[50.496s][info][gc,heap        ] GC(26) Humongous regions: 634->1
[50.496s][info][gc,metaspace   ] GC(26) Metaspace: 34128K(34496K)->34128K(34496K) NonClass: 30214K(30400K)->30214K(30400K) Class: 3914K(4096K)->3914K(4096K)
[50.496s][info][gc             ] GC(26) Pause Full (System.gc()) 7272M->118M(8192M) 75.702ms
[50.496s][info][gc,cpu         ] GC(26) User=0.38s Sys=0.06s Real=0.07s
[51.323s][info][gc,start       ] GC(27) Pause Young (Normal) (G1 Evacuation Pause)
[51.324s][info][gc,task        ] GC(27) Using 6 workers of 6 for evacuation
[51.325s][info][gc,phases      ] GC(27)   Pre Evacuate Collection Set: 0.1ms
[51.325s][info][gc,phases      ] GC(27)   Merge Heap Roots: 0.1ms
[51.325s][info][gc,phases      ] GC(27)   Evacuate Collection Set: 0.2ms
[51.325s][info][gc,phases      ] GC(27)   Post Evacuate Collection Set: 1.1ms
[51.325s][info][gc,phases      ] GC(27)   Other: 0.2ms
[51.325s][info][gc,heap        ] GC(27) Eden regions: 1228->0(1227)
[51.325s][info][gc,heap        ] GC(27) Survivor regions: 0->1(154)
[51.325s][info][gc,heap        ] GC(27) Old regions: 31->31
[51.325s][info][gc,heap        ] GC(27) Archive regions: 0->0
[51.325s][info][gc,heap        ] GC(27) Humongous regions: 1->1
[51.325s][info][gc,metaspace   ] GC(27) Metaspace: 34133K(34496K)->34133K(34496K) NonClass: 30218K(30400K)->30218K(30400K) Class: 3914K(4096K)->3914K(4096K)
[51.325s][info][gc             ] GC(27) Pause Young (Normal) (G1 Evacuation Pause) 5030M->118M(8192M) 1.758ms
[51.325s][info][gc,cpu         ] GC(27) User=0.00s Sys=0.00s Real=0.00s
[52.336s][info][gc,start       ] GC(28) Pause Young (Normal) (G1 Evacuation Pause)
[52.336s][info][gc,task        ] GC(28) Using 6 workers of 6 for evacuation
[52.337s][info][gc,phases      ] GC(28)   Pre Evacuate Collection Set: 0.2ms
[52.337s][info][gc,phases      ] GC(28)   Merge Heap Roots: 0.2ms
[52.337s][info][gc,phases      ] GC(28)   Evacuate Collection Set: 0.1ms
[52.337s][info][gc,phases      ] GC(28)   Post Evacuate Collection Set: 1.0ms
[52.337s][info][gc,phases      ] GC(28)   Other: 0.2ms
[52.337s][info][gc,heap        ] GC(28) Eden regions: 1227->0(1227)
[52.337s][info][gc,heap        ] GC(28) Survivor regions: 1->1(154)
[52.337s][info][gc,heap        ] GC(28) Old regions: 31->31
[52.337s][info][gc,heap        ] GC(28) Archive regions: 0->0
[52.337s][info][gc,heap        ] GC(28) Humongous regions: 1->1
[52.337s][info][gc,metaspace   ] GC(28) Metaspace: 34133K(34496K)->34133K(34496K) NonClass: 30218K(30400K)->30218K(30400K) Class: 3914K(4096K)->3914K(4096K)
[52.337s][info][gc             ] GC(28) Pause Young (Normal) (G1 Evacuation Pause) 5026M->118M(8192M) 1.852ms
[52.337s][info][gc,cpu         ] GC(28) User=0.00s Sys=0.00s Real=0.00s
[56.135s][info][gc,start       ] GC(29) Pause Full (System.gc())
[56.135s][info][gc,task        ] GC(29) Using 6 workers of 6 for full compaction
[56.136s][info][gc,phases,start] GC(29) Phase 1: Mark live objects
[56.156s][info][gc,phases      ] GC(29) Phase 1: Mark live objects 19.848ms
[56.156s][info][gc,phases,start] GC(29) Phase 2: Prepare for compaction
[56.164s][info][gc,phases      ] GC(29) Phase 2: Prepare for compaction 8.491ms
[56.164s][info][gc,phases,start] GC(29) Phase 3: Adjust pointers
[56.173s][info][gc,phases      ] GC(29) Phase 3: Adjust pointers 9.049ms
[56.173s][info][gc,phases,start] GC(29) Phase 4: Compact heap
[56.179s][info][gc,phases      ] GC(29) Phase 4: Compact heap 5.477ms
[56.196s][info][gc,heap        ] GC(29) Eden regions: 1151->0(1228)
[56.196s][info][gc,heap        ] GC(29) Survivor regions: 1->0(154)
[56.196s][info][gc,heap        ] GC(29) Old regions: 31->33
[56.196s][info][gc,heap        ] GC(29) Archive regions: 0->0
[56.196s][info][gc,heap        ] GC(29) Humongous regions: 614->1
[56.196s][info][gc,metaspace   ] GC(29) Metaspace: 34150K(34496K)->34150K(34496K) NonClass: 30236K(30400K)->30236K(30400K) Class: 3914K(4096K)->3914K(4096K)
[56.196s][info][gc             ] GC(29) Pause Full (System.gc()) 7171M->118M(8192M) 60.180ms
[56.196s][info][gc,cpu         ] GC(29) User=0.25s Sys=0.12s Real=0.06s
[57.016s][info][gc,start       ] GC(30) Pause Young (Normal) (G1 Evacuation Pause)
[57.016s][info][gc,task        ] GC(30) Using 6 workers of 6 for evacuation
[57.018s][info][gc,phases      ] GC(30)   Pre Evacuate Collection Set: 0.1ms
[57.018s][info][gc,phases      ] GC(30)   Merge Heap Roots: 0.1ms
[57.018s][info][gc,phases      ] GC(30)   Evacuate Collection Set: 0.2ms
[57.018s][info][gc,phases      ] GC(30)   Post Evacuate Collection Set: 1.1ms
[57.018s][info][gc,phases      ] GC(30)   Other: 0.2ms
[57.018s][info][gc,heap        ] GC(30) Eden regions: 1228->0(1227)
[57.018s][info][gc,heap        ] GC(30) Survivor regions: 0->1(154)
[57.018s][info][gc,heap        ] GC(30) Old regions: 33->33
[57.018s][info][gc,heap        ] GC(30) Archive regions: 0->0
[57.018s][info][gc,heap        ] GC(30) Humongous regions: 1->1
[57.018s][info][gc,metaspace   ] GC(30) Metaspace: 34151K(34496K)->34151K(34496K) NonClass: 30236K(30400K)->30236K(30400K) Class: 3914K(4096K)->3914K(4096K)
[57.018s][info][gc             ] GC(30) Pause Young (Normal) (G1 Evacuation Pause) 5030M->118M(8192M) 1.754ms
[57.018s][info][gc,cpu         ] GC(30) User=0.00s Sys=0.00s Real=0.00s
[58.026s][info][gc,start       ] GC(31) Pause Young (Normal) (G1 Evacuation Pause)
[58.026s][info][gc,task        ] GC(31) Using 6 workers of 6 for evacuation
[58.027s][info][gc,phases      ] GC(31)   Pre Evacuate Collection Set: 0.1ms
[58.027s][info][gc,phases      ] GC(31)   Merge Heap Roots: 0.1ms
[58.027s][info][gc,phases      ] GC(31)   Evacuate Collection Set: 0.2ms
[58.027s][info][gc,phases      ] GC(31)   Post Evacuate Collection Set: 1.1ms
[58.027s][info][gc,phases      ] GC(31)   Other: 0.2ms
[58.027s][info][gc,heap        ] GC(31) Eden regions: 1227->0(1227)
[58.027s][info][gc,heap        ] GC(31) Survivor regions: 1->1(154)
[58.027s][info][gc,heap        ] GC(31) Old regions: 33->33
[58.027s][info][gc,heap        ] GC(31) Archive regions: 0->0
[58.027s][info][gc,heap        ] GC(31) Humongous regions: 1->1
[58.027s][info][gc,metaspace   ] GC(31) Metaspace: 34151K(34496K)->34151K(34496K) NonClass: 30236K(30400K)->30236K(30400K) Class: 3914K(4096K)->3914K(4096K)
[58.027s][info][gc             ] GC(31) Pause Young (Normal) (G1 Evacuation Pause) 5026M->118M(8192M) 1.786ms
[58.027s][info][gc,cpu         ] GC(31) User=0.00s Sys=0.00s Real=0.00s
[61.940s][info][gc,start       ] GC(32) Pause Full (System.gc())
[61.940s][info][gc,task        ] GC(32) Using 6 workers of 6 for full compaction
[61.940s][info][gc,phases,start] GC(32) Phase 1: Mark live objects
[61.959s][info][gc,phases      ] GC(32) Phase 1: Mark live objects 18.304ms
[61.959s][info][gc,phases,start] GC(32) Phase 2: Prepare for compaction
[61.968s][info][gc,phases      ] GC(32) Phase 2: Prepare for compaction 9.180ms
[61.968s][info][gc,phases,start] GC(32) Phase 3: Adjust pointers
[61.976s][info][gc,phases      ] GC(32) Phase 3: Adjust pointers 8.118ms
[61.976s][info][gc,phases,start] GC(32) Phase 4: Compact heap
[61.982s][info][gc,phases      ] GC(32) Phase 4: Compact heap 5.971ms
[61.999s][info][gc,heap        ] GC(32) Eden regions: 1149->0(1228)
[61.999s][info][gc,heap        ] GC(32) Survivor regions: 1->0(154)
[61.999s][info][gc,heap        ] GC(32) Old regions: 33->31
[61.999s][info][gc,heap        ] GC(32) Archive regions: 0->0
[61.999s][info][gc,heap        ] GC(32) Humongous regions: 636->0
[61.999s][info][gc,metaspace   ] GC(32) Metaspace: 34154K(34560K)->34154K(34560K) NonClass: 30239K(30464K)->30239K(30464K) Class: 3914K(4096K)->3914K(4096K)
[61.999s][info][gc             ] GC(32) Pause Full (System.gc()) 7252M->115M(8192M) 58.740ms
[61.999s][info][gc,cpu         ] GC(32) User=0.34s Sys=0.02s Real=0.05s
[62.822s][info][gc,start       ] GC(33) Pause Young (Normal) (G1 Evacuation Pause)
[62.822s][info][gc,task        ] GC(33) Using 6 workers of 6 for evacuation
[62.824s][info][gc,phases      ] GC(33)   Pre Evacuate Collection Set: 0.1ms
[62.824s][info][gc,phases      ] GC(33)   Merge Heap Roots: 0.1ms
[62.824s][info][gc,phases      ] GC(33)   Evacuate Collection Set: 0.2ms
[62.824s][info][gc,phases      ] GC(33)   Post Evacuate Collection Set: 1.3ms
[62.824s][info][gc,phases      ] GC(33)   Other: 0.2ms
[62.824s][info][gc,heap        ] GC(33) Eden regions: 1228->0(1227)
[62.824s][info][gc,heap        ] GC(33) Survivor regions: 0->1(154)
[62.824s][info][gc,heap        ] GC(33) Old regions: 31->31
[62.824s][info][gc,heap        ] GC(33) Archive regions: 0->0
[62.824s][info][gc,heap        ] GC(33) Humongous regions: 0->0
[62.824s][info][gc,metaspace   ] GC(33) Metaspace: 34156K(34560K)->34156K(34560K) NonClass: 30241K(30464K)->30241K(30464K) Class: 3914K(4096K)->3914K(4096K)
[62.824s][info][gc             ] GC(33) Pause Young (Normal) (G1 Evacuation Pause) 5027M->115M(8192M) 2.001ms
[62.824s][info][gc,cpu         ] GC(33) User=0.00s Sys=0.00s Real=0.01s
[63.835s][info][gc,start       ] GC(34) Pause Young (Normal) (G1 Evacuation Pause)
[63.835s][info][gc,task        ] GC(34) Using 6 workers of 6 for evacuation
[63.837s][info][gc,phases      ] GC(34)   Pre Evacuate Collection Set: 0.1ms
[63.837s][info][gc,phases      ] GC(34)   Merge Heap Roots: 0.1ms
[63.837s][info][gc,phases      ] GC(34)   Evacuate Collection Set: 0.2ms
[63.837s][info][gc,phases      ] GC(34)   Post Evacuate Collection Set: 1.1ms
[63.837s][info][gc,phases      ] GC(34)   Other: 0.2ms
[63.837s][info][gc,heap        ] GC(34) Eden regions: 1227->0(1227)
[63.837s][info][gc,heap        ] GC(34) Survivor regions: 1->1(154)
[63.837s][info][gc,heap        ] GC(34) Old regions: 31->31
[63.837s][info][gc,heap        ] GC(34) Archive regions: 0->0
[63.837s][info][gc,heap        ] GC(34) Humongous regions: 0->0
[63.837s][info][gc,metaspace   ] GC(34) Metaspace: 34156K(34560K)->34156K(34560K) NonClass: 30241K(30464K)->30241K(30464K) Class: 3914K(4096K)->3914K(4096K)
[63.837s][info][gc             ] GC(34) Pause Young (Normal) (G1 Evacuation Pause) 5023M->115M(8192M) 1.758ms
[63.837s][info][gc,cpu         ] GC(34) User=0.00s Sys=0.00s Real=0.00s
[68.170s][info][gc,start       ] GC(35) Pause Full (System.gc())
[68.170s][info][gc,task        ] GC(35) Using 6 workers of 6 for full compaction
[68.170s][info][gc,phases,start] GC(35) Phase 1: Mark live objects
[68.189s][info][gc,phases      ] GC(35) Phase 1: Mark live objects 18.621ms
[68.189s][info][gc,phases,start] GC(35) Phase 2: Prepare for compaction
[68.199s][info][gc,phases      ] GC(35) Phase 2: Prepare for compaction 9.999ms
[68.199s][info][gc,phases,start] GC(35) Phase 3: Adjust pointers
[68.209s][info][gc,phases      ] GC(35) Phase 3: Adjust pointers 9.379ms
[68.209s][info][gc,phases,start] GC(35) Phase 4: Compact heap
[68.214s][info][gc,phases      ] GC(35) Phase 4: Compact heap 5.662ms
[68.230s][info][gc,heap        ] GC(35) Eden regions: 1185->0(1228)
[68.230s][info][gc,heap        ] GC(35) Survivor regions: 1->0(154)
[68.230s][info][gc,heap        ] GC(35) Old regions: 31->33
[68.230s][info][gc,heap        ] GC(35) Archive regions: 0->0
[68.230s][info][gc,heap        ] GC(35) Humongous regions: 762->1
[68.230s][info][gc,metaspace   ] GC(35) Metaspace: 34157K(34560K)->34157K(34560K) NonClass: 30243K(30464K)->30243K(30464K) Class: 3914K(4096K)->3914K(4096K)
[68.231s][info][gc             ] GC(35) Pause Full (System.gc()) 7901M->119M(8192M) 60.371ms
[68.231s][info][gc,cpu         ] GC(35) User=0.34s Sys=0.02s Real=0.06s
[69.059s][info][gc,start       ] GC(36) Pause Young (Normal) (G1 Evacuation Pause)
[69.059s][info][gc,task        ] GC(36) Using 6 workers of 6 for evacuation
[69.061s][info][gc,phases      ] GC(36)   Pre Evacuate Collection Set: 0.1ms
[69.061s][info][gc,phases      ] GC(36)   Merge Heap Roots: 0.1ms
[69.061s][info][gc,phases      ] GC(36)   Evacuate Collection Set: 0.2ms
[69.061s][info][gc,phases      ] GC(36)   Post Evacuate Collection Set: 1.0ms
[69.061s][info][gc,phases      ] GC(36)   Other: 0.2ms
[69.061s][info][gc,heap        ] GC(36) Eden regions: 1228->0(1227)
[69.061s][info][gc,heap        ] GC(36) Survivor regions: 0->1(154)
[69.061s][info][gc,heap        ] GC(36) Old regions: 33->33
[69.061s][info][gc,heap        ] GC(36) Archive regions: 0->0
[69.061s][info][gc,heap        ] GC(36) Humongous regions: 1->1
[69.061s][info][gc,metaspace   ] GC(36) Metaspace: 34157K(34560K)->34157K(34560K) NonClass: 30243K(30464K)->30243K(30464K) Class: 3914K(4096K)->3914K(4096K)
[69.061s][info][gc             ] GC(36) Pause Young (Normal) (G1 Evacuation Pause) 5031M->119M(8192M) 1.720ms
[69.061s][info][gc,cpu         ] GC(36) User=0.00s Sys=0.00s Real=0.00s
[70.065s][info][gc,start       ] GC(37) Pause Young (Normal) (G1 Evacuation Pause)
[70.065s][info][gc,task        ] GC(37) Using 6 workers of 6 for evacuation
[70.066s][info][gc,phases      ] GC(37)   Pre Evacuate Collection Set: 0.1ms
[70.066s][info][gc,phases      ] GC(37)   Merge Heap Roots: 0.1ms
[70.066s][info][gc,phases      ] GC(37)   Evacuate Collection Set: 0.2ms
[70.066s][info][gc,phases      ] GC(37)   Post Evacuate Collection Set: 1.1ms
[70.066s][info][gc,phases      ] GC(37)   Other: 0.2ms
[70.066s][info][gc,heap        ] GC(37) Eden regions: 1227->0(1227)
[70.066s][info][gc,heap        ] GC(37) Survivor regions: 1->1(154)
[70.066s][info][gc,heap        ] GC(37) Old regions: 33->33
[70.066s][info][gc,heap        ] GC(37) Archive regions: 0->0
[70.066s][info][gc,heap        ] GC(37) Humongous regions: 1->1
[70.066s][info][gc,metaspace   ] GC(37) Metaspace: 34157K(34560K)->34157K(34560K) NonClass: 30243K(30464K)->30243K(30464K) Class: 3914K(4096K)->3914K(4096K)
[70.066s][info][gc             ] GC(37) Pause Young (Normal) (G1 Evacuation Pause) 5027M->119M(8192M) 1.795ms
[70.066s][info][gc,cpu         ] GC(37) User=0.08s Sys=0.02s Real=0.00s
[73.704s][info][gc,start       ] GC(38) Pause Full (System.gc())
[73.704s][info][gc,task        ] GC(38) Using 6 workers of 6 for full compaction
[73.704s][info][gc,phases,start] GC(38) Phase 1: Mark live objects
[73.724s][info][gc,phases      ] GC(38) Phase 1: Mark live objects 19.623ms
[73.724s][info][gc,phases,start] GC(38) Phase 2: Prepare for compaction
[73.732s][info][gc,phases      ] GC(38) Phase 2: Prepare for compaction 8.267ms
[73.732s][info][gc,phases,start] GC(38) Phase 3: Adjust pointers
[73.741s][info][gc,phases      ] GC(38) Phase 3: Adjust pointers 8.967ms
[73.741s][info][gc,phases,start] GC(38) Phase 4: Compact heap
[73.747s][info][gc,phases      ] GC(38) Phase 4: Compact heap 5.328ms
[73.764s][info][gc,heap        ] GC(38) Eden regions: 1137->0(1228)
[73.764s][info][gc,heap        ] GC(38) Survivor regions: 1->0(154)
[73.764s][info][gc,heap        ] GC(38) Old regions: 33->33
[73.764s][info][gc,heap        ] GC(38) Archive regions: 0->0
[73.764s][info][gc,heap        ] GC(38) Humongous regions: 597->1
[73.764s][info][gc,metaspace   ] GC(38) Metaspace: 34169K(34560K)->34169K(34560K) NonClass: 30254K(30464K)->30254K(30464K) Class: 3914K(4096K)->3914K(4096K)
[73.764s][info][gc             ] GC(38) Pause Full (System.gc()) 7049M->119M(8192M) 59.719ms
[73.764s][info][gc,cpu         ] GC(38) User=0.23s Sys=0.05s Real=0.06s
[74.577s][info][gc,start       ] GC(39) Pause Young (Normal) (G1 Evacuation Pause)
[74.577s][info][gc,task        ] GC(39) Using 6 workers of 6 for evacuation
[74.579s][info][gc,phases      ] GC(39)   Pre Evacuate Collection Set: 0.1ms
[74.579s][info][gc,phases      ] GC(39)   Merge Heap Roots: 0.1ms
[74.579s][info][gc,phases      ] GC(39)   Evacuate Collection Set: 0.2ms
[74.579s][info][gc,phases      ] GC(39)   Post Evacuate Collection Set: 1.1ms
[74.579s][info][gc,phases      ] GC(39)   Other: 0.2ms
[74.579s][info][gc,heap        ] GC(39) Eden regions: 1228->0(1227)
[74.579s][info][gc,heap        ] GC(39) Survivor regions: 0->1(154)
[74.579s][info][gc,heap        ] GC(39) Old regions: 33->33
[74.579s][info][gc,heap        ] GC(39) Archive regions: 0->0
[74.579s][info][gc,heap        ] GC(39) Humongous regions: 1->1
[74.579s][info][gc,metaspace   ] GC(39) Metaspace: 34170K(34560K)->34170K(34560K) NonClass: 30256K(30464K)->30256K(30464K) Class: 3914K(4096K)->3914K(4096K)
[74.579s][info][gc             ] GC(39) Pause Young (Normal) (G1 Evacuation Pause) 5031M->119M(8192M) 1.806ms
[74.579s][info][gc,cpu         ] GC(39) User=0.00s Sys=0.00s Real=0.00s
[75.585s][info][gc,start       ] GC(40) Pause Young (Normal) (G1 Evacuation Pause)
[75.585s][info][gc,task        ] GC(40) Using 6 workers of 6 for evacuation
[75.586s][info][gc,phases      ] GC(40)   Pre Evacuate Collection Set: 0.1ms
[75.586s][info][gc,phases      ] GC(40)   Merge Heap Roots: 0.1ms
[75.586s][info][gc,phases      ] GC(40)   Evacuate Collection Set: 0.2ms
[75.586s][info][gc,phases      ] GC(40)   Post Evacuate Collection Set: 1.1ms
[75.586s][info][gc,phases      ] GC(40)   Other: 0.2ms
[75.586s][info][gc,heap        ] GC(40) Eden regions: 1227->0(1227)
[75.586s][info][gc,heap        ] GC(40) Survivor regions: 1->1(154)
[75.587s][info][gc,heap        ] GC(40) Old regions: 33->33
[75.587s][info][gc,heap        ] GC(40) Archive regions: 0->0
[75.587s][info][gc,heap        ] GC(40) Humongous regions: 1->1
[75.587s][info][gc,metaspace   ] GC(40) Metaspace: 34170K(34560K)->34170K(34560K) NonClass: 30256K(30464K)->30256K(30464K) Class: 3914K(4096K)->3914K(4096K)
[75.587s][info][gc             ] GC(40) Pause Young (Normal) (G1 Evacuation Pause) 5027M->119M(8192M) 1.836ms
[75.587s][info][gc,cpu         ] GC(40) User=0.00s Sys=0.00s Real=0.01s
[79.934s][info][gc,start       ] GC(41) Pause Full (System.gc())
[79.934s][info][gc,task        ] GC(41) Using 6 workers of 6 for full compaction
[79.935s][info][gc,phases,start] GC(41) Phase 1: Mark live objects
[79.953s][info][gc,phases      ] GC(41) Phase 1: Mark live objects 18.451ms
[79.953s][info][gc,phases,start] GC(41) Phase 2: Prepare for compaction
[79.962s][info][gc,phases      ] GC(41) Phase 2: Prepare for compaction 8.602ms
[79.962s][info][gc,phases,start] GC(41) Phase 3: Adjust pointers
[79.971s][info][gc,phases      ] GC(41) Phase 3: Adjust pointers 8.929ms
[79.971s][info][gc,phases,start] GC(41) Phase 4: Compact heap
[79.976s][info][gc,phases      ] GC(41) Phase 4: Compact heap 5.577ms
[79.993s][info][gc,heap        ] GC(41) Eden regions: 1205->0(1228)
[79.993s][info][gc,heap        ] GC(41) Survivor regions: 1->0(154)
[79.993s][info][gc,heap        ] GC(41) Old regions: 33->33
[79.993s][info][gc,heap        ] GC(41) Archive regions: 0->0
[79.993s][info][gc,heap        ] GC(41) Humongous regions: 765->1
[79.993s][info][gc,metaspace   ] GC(41) Metaspace: 34180K(34560K)->34180K(34560K) NonClass: 30266K(30464K)->30266K(30464K) Class: 3914K(4096K)->3914K(4096K)
[79.993s][info][gc             ] GC(41) Pause Full (System.gc()) 7992M->119M(8192M) 59.404ms
[79.994s][info][gc,cpu         ] GC(41) User=0.34s Sys=0.02s Real=0.06s
[80.810s][info][gc,start       ] GC(42) Pause Young (Normal) (G1 Evacuation Pause)
[80.811s][info][gc,task        ] GC(42) Using 6 workers of 6 for evacuation
[80.812s][info][gc,phases      ] GC(42)   Pre Evacuate Collection Set: 0.1ms
[80.812s][info][gc,phases      ] GC(42)   Merge Heap Roots: 0.1ms
[80.812s][info][gc,phases      ] GC(42)   Evacuate Collection Set: 0.2ms
[80.812s][info][gc,phases      ] GC(42)   Post Evacuate Collection Set: 1.0ms
[80.812s][info][gc,phases      ] GC(42)   Other: 0.2ms
[80.812s][info][gc,heap        ] GC(42) Eden regions: 1228->0(1227)
[80.812s][info][gc,heap        ] GC(42) Survivor regions: 0->1(154)
[80.812s][info][gc,heap        ] GC(42) Old regions: 33->33
[80.812s][info][gc,heap        ] GC(42) Archive regions: 0->0
[80.812s][info][gc,heap        ] GC(42) Humongous regions: 1->1
[80.812s][info][gc,metaspace   ] GC(42) Metaspace: 34180K(34560K)->34180K(34560K) NonClass: 30266K(30464K)->30266K(30464K) Class: 3914K(4096K)->3914K(4096K)
[80.812s][info][gc             ] GC(42) Pause Young (Normal) (G1 Evacuation Pause) 5031M->119M(8192M) 1.772ms
[80.812s][info][gc,cpu         ] GC(42) User=0.00s Sys=0.00s Real=0.00s
[81.819s][info][gc,start       ] GC(43) Pause Young (Normal) (G1 Evacuation Pause)
[81.819s][info][gc,task        ] GC(43) Using 6 workers of 6 for evacuation
[81.821s][info][gc,phases      ] GC(43)   Pre Evacuate Collection Set: 0.1ms
[81.821s][info][gc,phases      ] GC(43)   Merge Heap Roots: 0.1ms
[81.821s][info][gc,phases      ] GC(43)   Evacuate Collection Set: 0.2ms
[81.821s][info][gc,phases      ] GC(43)   Post Evacuate Collection Set: 1.1ms
[81.821s][info][gc,phases      ] GC(43)   Other: 0.2ms
[81.821s][info][gc,heap        ] GC(43) Eden regions: 1227->0(1227)
[81.821s][info][gc,heap        ] GC(43) Survivor regions: 1->1(154)
[81.821s][info][gc,heap        ] GC(43) Old regions: 33->33
[81.821s][info][gc,heap        ] GC(43) Archive regions: 0->0
[81.821s][info][gc,heap        ] GC(43) Humongous regions: 1->1
[81.821s][info][gc,metaspace   ] GC(43) Metaspace: 34180K(34560K)->34180K(34560K) NonClass: 30266K(30464K)->30266K(30464K) Class: 3914K(4096K)->3914K(4096K)
[81.821s][info][gc             ] GC(43) Pause Young (Normal) (G1 Evacuation Pause) 5027M->119M(8192M) 1.766ms
[81.821s][info][gc,cpu         ] GC(43) User=0.00s Sys=0.00s Real=0.00s
[86.317s][info][gc,start       ] GC(44) Pause Young (Normal) (G1 Preventive Collection)
[86.317s][info][gc,task        ] GC(44) Using 6 workers of 6 for evacuation
[86.350s][info][gc             ] GC(44) To-space exhausted
[86.350s][info][gc,phases      ] GC(44)   Pre Evacuate Collection Set: 0.2ms
[86.350s][info][gc,phases      ] GC(44)   Merge Heap Roots: 0.2ms
[86.350s][info][gc,phases      ] GC(44)   Evacuate Collection Set: 6.3ms
[86.350s][info][gc,phases      ] GC(44)   Post Evacuate Collection Set: 26.3ms
[86.350s][info][gc,phases      ] GC(44)   Other: 0.3ms
[86.350s][info][gc,heap        ] GC(44) Eden regions: 1212->0(1227)
[86.350s][info][gc,heap        ] GC(44) Survivor regions: 1->1(1)
[86.350s][info][gc,heap        ] GC(44) Old regions: 33->188
[86.350s][info][gc,heap        ] GC(44) Archive regions: 0->0
[86.350s][info][gc,heap        ] GC(44) Humongous regions: 801->7
[86.350s][info][gc,metaspace   ] GC(44) Metaspace: 34183K(34560K)->34183K(34560K) NonClass: 30269K(30464K)->30269K(30464K) Class: 3914K(4096K)->3914K(4096K)
[86.350s][info][gc             ] GC(44) Pause Young (Normal) (G1 Preventive Collection) 8167M->767M(8192M) 33.269ms
[86.350s][info][gc,cpu         ] GC(44) User=0.19s Sys=0.00s Real=0.03s
[86.430s][info][gc,start       ] GC(45) Pause Full (System.gc())
[86.430s][info][gc,task        ] GC(45) Using 6 workers of 6 for full compaction
[86.430s][info][gc,phases,start] GC(45) Phase 1: Mark live objects
[86.448s][info][gc,phases      ] GC(45) Phase 1: Mark live objects 17.790ms
[86.448s][info][gc,phases,start] GC(45) Phase 2: Prepare for compaction
[86.454s][info][gc,phases      ] GC(45) Phase 2: Prepare for compaction 6.144ms
[86.454s][info][gc,phases,start] GC(45) Phase 3: Adjust pointers
[86.462s][info][gc,phases      ] GC(45) Phase 3: Adjust pointers 7.308ms
[86.462s][info][gc,phases,start] GC(45) Phase 4: Compact heap
[86.466s][info][gc,phases      ] GC(45) Phase 4: Compact heap 3.910ms
[86.483s][info][gc,heap        ] GC(45) Eden regions: 12->0(1228)
[86.483s][info][gc,heap        ] GC(45) Survivor regions: 1->0(1)
[86.483s][info][gc,heap        ] GC(45) Old regions: 188->33
[86.483s][info][gc,heap        ] GC(45) Archive regions: 0->0
[86.483s][info][gc,heap        ] GC(45) Humongous regions: 23->0
[86.483s][info][gc,metaspace   ] GC(45) Metaspace: 34185K(34560K)->34185K(34560K) NonClass: 30270K(30464K)->30270K(30464K) Class: 3914K(4096K)->3914K(4096K)
[86.483s][info][gc             ] GC(45) Pause Full (System.gc()) 876M->115M(8192M) 53.147ms
[86.483s][info][gc,cpu         ] GC(45) User=0.23s Sys=0.00s Real=0.05s
[87.308s][info][gc,start       ] GC(46) Pause Young (Normal) (G1 Evacuation Pause)
[87.308s][info][gc,task        ] GC(46) Using 6 workers of 6 for evacuation
[87.310s][info][gc,phases      ] GC(46)   Pre Evacuate Collection Set: 0.1ms
[87.310s][info][gc,phases      ] GC(46)   Merge Heap Roots: 0.1ms
[87.310s][info][gc,phases      ] GC(46)   Evacuate Collection Set: 0.1ms
[87.310s][info][gc,phases      ] GC(46)   Post Evacuate Collection Set: 1.0ms
[87.310s][info][gc,phases      ] GC(46)   Other: 0.2ms
[87.310s][info][gc,heap        ] GC(46) Eden regions: 1228->0(1227)
[87.310s][info][gc,heap        ] GC(46) Survivor regions: 0->1(154)
[87.310s][info][gc,heap        ] GC(46) Old regions: 33->33
[87.310s][info][gc,heap        ] GC(46) Archive regions: 0->0
[87.310s][info][gc,heap        ] GC(46) Humongous regions: 0->0
[87.310s][info][gc,metaspace   ] GC(46) Metaspace: 34185K(34560K)->34185K(34560K) NonClass: 30270K(30464K)->30270K(30464K) Class: 3914K(4096K)->3914K(4096K)
[87.310s][info][gc             ] GC(46) Pause Young (Normal) (G1 Evacuation Pause) 5027M->115M(8192M) 1.640ms
[87.310s][info][gc,cpu         ] GC(46) User=0.00s Sys=0.00s Real=0.00s
[88.315s][info][gc,start       ] GC(47) Pause Young (Normal) (G1 Evacuation Pause)
[88.315s][info][gc,task        ] GC(47) Using 6 workers of 6 for evacuation
[88.316s][info][gc,phases      ] GC(47)   Pre Evacuate Collection Set: 0.2ms
[88.316s][info][gc,phases      ] GC(47)   Merge Heap Roots: 0.2ms
[88.316s][info][gc,phases      ] GC(47)   Evacuate Collection Set: 0.2ms
[88.316s][info][gc,phases      ] GC(47)   Post Evacuate Collection Set: 1.0ms
[88.316s][info][gc,phases      ] GC(47)   Other: 0.2ms
[88.316s][info][gc,heap        ] GC(47) Eden regions: 1227->0(1227)
[88.316s][info][gc,heap        ] GC(47) Survivor regions: 1->1(154)
[88.316s][info][gc,heap        ] GC(47) Old regions: 33->33
[88.316s][info][gc,heap        ] GC(47) Archive regions: 0->0
[88.316s][info][gc,heap        ] GC(47) Humongous regions: 0->0
[88.316s][info][gc,metaspace   ] GC(47) Metaspace: 34185K(34560K)->34185K(34560K) NonClass: 30270K(30464K)->30270K(30464K) Class: 3914K(4096K)->3914K(4096K)
[88.316s][info][gc             ] GC(47) Pause Young (Normal) (G1 Evacuation Pause) 5023M->115M(8192M) 1.843ms
[88.316s][info][gc,cpu         ] GC(47) User=0.02s Sys=0.00s Real=0.01s
[92.010s][info][gc,start       ] GC(48) Pause Full (System.gc())
[92.010s][info][gc,task        ] GC(48) Using 6 workers of 6 for full compaction
[92.010s][info][gc,phases,start] GC(48) Phase 1: Mark live objects
[92.028s][info][gc,phases      ] GC(48) Phase 1: Mark live objects 18.158ms
[92.028s][info][gc,phases,start] GC(48) Phase 2: Prepare for compaction
[92.037s][info][gc,phases      ] GC(48) Phase 2: Prepare for compaction 8.540ms
[92.037s][info][gc,phases,start] GC(48) Phase 3: Adjust pointers
[92.046s][info][gc,phases      ] GC(48) Phase 3: Adjust pointers 9.143ms
[92.046s][info][gc,phases,start] GC(48) Phase 4: Compact heap
[92.052s][info][gc,phases      ] GC(48) Phase 4: Compact heap 5.612ms
[92.068s][info][gc,heap        ] GC(48) Eden regions: 1135->0(1228)
[92.068s][info][gc,heap        ] GC(48) Survivor regions: 1->0(154)
[92.068s][info][gc,heap        ] GC(48) Old regions: 33->33
[92.068s][info][gc,heap        ] GC(48) Archive regions: 0->0
[92.068s][info][gc,heap        ] GC(48) Humongous regions: 644->0
[92.069s][info][gc,metaspace   ] GC(48) Metaspace: 34187K(34560K)->34187K(34560K) NonClass: 30272K(30464K)->30272K(30464K) Class: 3914K(4096K)->3914K(4096K)
[92.069s][info][gc             ] GC(48) Pause Full (System.gc()) 7227M->115M(8192M) 58.948ms
[92.069s][info][gc,cpu         ] GC(48) User=0.25s Sys=0.00s Real=0.07s
[92.890s][info][gc,start       ] GC(49) Pause Young (Normal) (G1 Evacuation Pause)
[92.890s][info][gc,task        ] GC(49) Using 6 workers of 6 for evacuation
[92.891s][info][gc,phases      ] GC(49)   Pre Evacuate Collection Set: 0.1ms
[92.892s][info][gc,phases      ] GC(49)   Merge Heap Roots: 0.1ms
[92.892s][info][gc,phases      ] GC(49)   Evacuate Collection Set: 0.2ms
[92.892s][info][gc,phases      ] GC(49)   Post Evacuate Collection Set: 1.1ms
[92.892s][info][gc,phases      ] GC(49)   Other: 0.2ms
[92.892s][info][gc,heap        ] GC(49) Eden regions: 1228->0(1227)
[92.892s][info][gc,heap        ] GC(49) Survivor regions: 0->1(154)
[92.892s][info][gc,heap        ] GC(49) Old regions: 33->33
[92.892s][info][gc,heap        ] GC(49) Archive regions: 0->0
[92.892s][info][gc,heap        ] GC(49) Humongous regions: 0->0
[92.892s][info][gc,metaspace   ] GC(49) Metaspace: 34189K(34560K)->34189K(34560K) NonClass: 30275K(30464K)->30275K(30464K) Class: 3914K(4096K)->3914K(4096K)
[92.892s][info][gc             ] GC(49) Pause Young (Normal) (G1 Evacuation Pause) 5027M->115M(8192M) 1.782ms
[92.892s][info][gc,cpu         ] GC(49) User=0.00s Sys=0.00s Real=0.00s
[93.898s][info][gc,start       ] GC(50) Pause Young (Normal) (G1 Evacuation Pause)
[93.898s][info][gc,task        ] GC(50) Using 6 workers of 6 for evacuation
[93.899s][info][gc,phases      ] GC(50)   Pre Evacuate Collection Set: 0.1ms
[93.899s][info][gc,phases      ] GC(50)   Merge Heap Roots: 0.1ms
[93.899s][info][gc,phases      ] GC(50)   Evacuate Collection Set: 0.2ms
[93.899s][info][gc,phases      ] GC(50)   Post Evacuate Collection Set: 1.0ms
[93.899s][info][gc,phases      ] GC(50)   Other: 0.2ms
[93.899s][info][gc,heap        ] GC(50) Eden regions: 1227->0(1227)
[93.899s][info][gc,heap        ] GC(50) Survivor regions: 1->1(154)
[93.899s][info][gc,heap        ] GC(50) Old regions: 33->33
[93.899s][info][gc,heap        ] GC(50) Archive regions: 0->0
[93.899s][info][gc,heap        ] GC(50) Humongous regions: 0->0
[93.899s][info][gc,metaspace   ] GC(50) Metaspace: 34189K(34560K)->34189K(34560K) NonClass: 30275K(30464K)->30275K(30464K) Class: 3914K(4096K)->3914K(4096K)
[93.899s][info][gc             ] GC(50) Pause Young (Normal) (G1 Evacuation Pause) 5023M->115M(8192M) 1.738ms
[93.899s][info][gc,cpu         ] GC(50) User=0.00s Sys=0.00s Real=0.00s
[98.305s][info][gc,start       ] GC(51) Pause Full (System.gc())
[98.305s][info][gc,task        ] GC(51) Using 6 workers of 6 for full compaction
[98.306s][info][gc,phases,start] GC(51) Phase 1: Mark live objects
[98.325s][info][gc,phases      ] GC(51) Phase 1: Mark live objects 19.004ms
[98.325s][info][gc,phases,start] GC(51) Phase 2: Prepare for compaction
[98.333s][info][gc,phases      ] GC(51) Phase 2: Prepare for compaction 8.783ms
[98.333s][info][gc,phases,start] GC(51) Phase 3: Adjust pointers
[98.342s][info][gc,phases      ] GC(51) Phase 3: Adjust pointers 8.620ms
[98.342s][info][gc,phases,start] GC(51) Phase 4: Compact heap
[98.348s][info][gc,phases      ] GC(51) Phase 4: Compact heap 5.746ms
[98.365s][info][gc,heap        ] GC(51) Eden regions: 1203->0(1228)
[98.365s][info][gc,heap        ] GC(51) Survivor regions: 1->0(154)
[98.365s][info][gc,heap        ] GC(51) Old regions: 33->34
[98.365s][info][gc,heap        ] GC(51) Archive regions: 0->0
[98.365s][info][gc,heap        ] GC(51) Humongous regions: 782->1
[98.365s][info][gc,metaspace   ] GC(51) Metaspace: 34194K(34560K)->34194K(34560K) NonClass: 30280K(30464K)->30280K(30464K) Class: 3914K(4096K)->3914K(4096K)
[98.365s][info][gc             ] GC(51) Pause Full (System.gc()) 8052M->119M(8192M) 59.563ms
[98.365s][info][gc,cpu         ] GC(51) User=0.20s Sys=0.00s Real=0.06s
[99.183s][info][gc,start       ] GC(52) Pause Young (Normal) (G1 Evacuation Pause)
[99.183s][info][gc,task        ] GC(52) Using 6 workers of 6 for evacuation
[99.185s][info][gc,phases      ] GC(52)   Pre Evacuate Collection Set: 0.1ms
[99.185s][info][gc,phases      ] GC(52)   Merge Heap Roots: 0.1ms
[99.185s][info][gc,phases      ] GC(52)   Evacuate Collection Set: 0.1ms
[99.185s][info][gc,phases      ] GC(52)   Post Evacuate Collection Set: 1.1ms
[99.185s][info][gc,phases      ] GC(52)   Other: 0.2ms
[99.185s][info][gc,heap        ] GC(52) Eden regions: 1228->0(1227)
[99.185s][info][gc,heap        ] GC(52) Survivor regions: 0->1(154)
[99.185s][info][gc,heap        ] GC(52) Old regions: 34->34
[99.185s][info][gc,heap        ] GC(52) Archive regions: 0->0
[99.185s][info][gc,heap        ] GC(52) Humongous regions: 1->1
[99.185s][info][gc,metaspace   ] GC(52) Metaspace: 34199K(34560K)->34199K(34560K) NonClass: 30285K(30464K)->30285K(30464K) Class: 3914K(4096K)->3914K(4096K)
[99.185s][info][gc             ] GC(52) Pause Young (Normal) (G1 Evacuation Pause) 5031M->119M(8192M) 1.738ms
[99.185s][info][gc,cpu         ] GC(52) User=0.00s Sys=0.00s Real=0.00s
[100.199s][info][gc,start       ] GC(53) Pause Young (Normal) (G1 Evacuation Pause)
[100.199s][info][gc,task        ] GC(53) Using 6 workers of 6 for evacuation
[100.201s][info][gc,phases      ] GC(53)   Pre Evacuate Collection Set: 0.2ms
[100.201s][info][gc,phases      ] GC(53)   Merge Heap Roots: 0.2ms
[100.201s][info][gc,phases      ] GC(53)   Evacuate Collection Set: 0.1ms
[100.201s][info][gc,phases      ] GC(53)   Post Evacuate Collection Set: 0.9ms
[100.201s][info][gc,phases      ] GC(53)   Other: 0.2ms
[100.201s][info][gc,heap        ] GC(53) Eden regions: 1227->0(1227)
[100.201s][info][gc,heap        ] GC(53) Survivor regions: 1->1(154)
[100.201s][info][gc,heap        ] GC(53) Old regions: 34->34
[100.201s][info][gc,heap        ] GC(53) Archive regions: 0->0
[100.201s][info][gc,heap        ] GC(53) Humongous regions: 1->1
[100.201s][info][gc,metaspace   ] GC(53) Metaspace: 34199K(34560K)->34199K(34560K) NonClass: 30285K(30464K)->30285K(30464K) Class: 3914K(4096K)->3914K(4096K)
[100.201s][info][gc             ] GC(53) Pause Young (Normal) (G1 Evacuation Pause) 5027M->119M(8192M) 1.785ms
[100.201s][info][gc,cpu         ] GC(53) User=0.00s Sys=0.00s Real=0.00s
[104.592s][info][gc,start       ] GC(54) Pause Young (Normal) (G1 Preventive Collection)
[104.592s][info][gc,task        ] GC(54) Using 6 workers of 6 for evacuation
[104.622s][info][gc             ] GC(54) To-space exhausted
[104.622s][info][gc,phases      ] GC(54)   Pre Evacuate Collection Set: 0.1ms
[104.622s][info][gc,phases      ] GC(54)   Merge Heap Roots: 0.2ms
[104.622s][info][gc,phases      ] GC(54)   Evacuate Collection Set: 5.6ms
[104.622s][info][gc,phases      ] GC(54)   Post Evacuate Collection Set: 23.0ms
[104.622s][info][gc,phases      ] GC(54)   Other: 0.3ms
[104.622s][info][gc,heap        ] GC(54) Eden regions: 1190->0(1227)
[104.622s][info][gc,heap        ] GC(54) Survivor regions: 1->1(1)
[104.622s][info][gc,heap        ] GC(54) Old regions: 34->156
[104.622s][info][gc,heap        ] GC(54) Archive regions: 0->0
[104.622s][info][gc,heap        ] GC(54) Humongous regions: 822->4
[104.622s][info][gc,metaspace   ] GC(54) Metaspace: 34199K(34560K)->34199K(34560K) NonClass: 30285K(30464K)->30285K(30464K) Class: 3914K(4096K)->3914K(4096K)
[104.622s][info][gc             ] GC(54) Pause Young (Normal) (G1 Preventive Collection) 8163M->623M(8192M) 29.247ms
[104.622s][info][gc,cpu         ] GC(54) User=0.19s Sys=0.00s Real=0.03s
[104.895s][info][gc,start       ] GC(55) Pause Full (System.gc())
[104.895s][info][gc,task        ] GC(55) Using 6 workers of 6 for full compaction
[104.895s][info][gc,phases,start] GC(55) Phase 1: Mark live objects
[104.913s][info][gc,phases      ] GC(55) Phase 1: Mark live objects 18.245ms
[104.914s][info][gc,phases,start] GC(55) Phase 2: Prepare for compaction
[104.920s][info][gc,phases      ] GC(55) Phase 2: Prepare for compaction 6.209ms
[104.920s][info][gc,phases,start] GC(55) Phase 3: Adjust pointers
[104.927s][info][gc,phases      ] GC(55) Phase 3: Adjust pointers 7.627ms
[104.928s][info][gc,phases,start] GC(55) Phase 4: Compact heap
[104.931s][info][gc,phases      ] GC(55) Phase 4: Compact heap 3.667ms
[104.948s][info][gc,heap        ] GC(55) Eden regions: 37->0(1228)
[104.948s][info][gc,heap        ] GC(55) Survivor regions: 1->0(1)
[104.948s][info][gc,heap        ] GC(55) Old regions: 156->33
[104.948s][info][gc,heap        ] GC(55) Archive regions: 0->0
[104.948s][info][gc,heap        ] GC(55) Humongous regions: 62->0
[104.948s][info][gc,metaspace   ] GC(55) Metaspace: 34200K(34560K)->34200K(34560K) NonClass: 30285K(30464K)->30285K(30464K) Class: 3914K(4096K)->3914K(4096K)
[104.948s][info][gc             ] GC(55) Pause Full (System.gc()) 1001M->115M(8192M) 53.463ms
[104.948s][info][gc,cpu         ] GC(55) User=0.17s Sys=0.00s Real=0.05s
[105.770s][info][gc,start       ] GC(56) Pause Young (Normal) (G1 Evacuation Pause)
[105.770s][info][gc,task        ] GC(56) Using 6 workers of 6 for evacuation
[105.772s][info][gc,phases      ] GC(56)   Pre Evacuate Collection Set: 0.1ms
[105.772s][info][gc,phases      ] GC(56)   Merge Heap Roots: 0.1ms
[105.772s][info][gc,phases      ] GC(56)   Evacuate Collection Set: 0.2ms
[105.772s][info][gc,phases      ] GC(56)   Post Evacuate Collection Set: 1.1ms
[105.772s][info][gc,phases      ] GC(56)   Other: 0.2ms
[105.772s][info][gc,heap        ] GC(56) Eden regions: 1228->0(1227)
[105.772s][info][gc,heap        ] GC(56) Survivor regions: 0->1(154)
[105.772s][info][gc,heap        ] GC(56) Old regions: 33->33
[105.772s][info][gc,heap        ] GC(56) Archive regions: 0->0
[105.772s][info][gc,heap        ] GC(56) Humongous regions: 0->0
[105.772s][info][gc,metaspace   ] GC(56) Metaspace: 34201K(34560K)->34201K(34560K) NonClass: 30287K(30464K)->30287K(30464K) Class: 3914K(4096K)->3914K(4096K)
[105.772s][info][gc             ] GC(56) Pause Young (Normal) (G1 Evacuation Pause) 5027M->115M(8192M) 1.741ms
[105.772s][info][gc,cpu         ] GC(56) User=0.00s Sys=0.00s Real=0.00s
[106.785s][info][gc,start       ] GC(57) Pause Young (Normal) (G1 Evacuation Pause)
[106.785s][info][gc,task        ] GC(57) Using 6 workers of 6 for evacuation
[106.787s][info][gc,phases      ] GC(57)   Pre Evacuate Collection Set: 0.1ms
[106.787s][info][gc,phases      ] GC(57)   Merge Heap Roots: 0.1ms
[106.787s][info][gc,phases      ] GC(57)   Evacuate Collection Set: 0.2ms
[106.787s][info][gc,phases      ] GC(57)   Post Evacuate Collection Set: 1.1ms
[106.787s][info][gc,phases      ] GC(57)   Other: 0.2ms
[106.787s][info][gc,heap        ] GC(57) Eden regions: 1227->0(1227)
[106.787s][info][gc,heap        ] GC(57) Survivor regions: 1->1(154)
[106.787s][info][gc,heap        ] GC(57) Old regions: 33->33
[106.787s][info][gc,heap        ] GC(57) Archive regions: 0->0
[106.787s][info][gc,heap        ] GC(57) Humongous regions: 0->0
[106.787s][info][gc,metaspace   ] GC(57) Metaspace: 34201K(34560K)->34201K(34560K) NonClass: 30287K(30464K)->30287K(30464K) Class: 3914K(4096K)->3914K(4096K)
[106.787s][info][gc             ] GC(57) Pause Young (Normal) (G1 Evacuation Pause) 5023M->115M(8192M) 1.782ms
[106.787s][info][gc,cpu         ] GC(57) User=0.00s Sys=0.00s Real=0.00s
[111.550s][info][gc,start       ] GC(58) Pause Young (Normal) (G1 Preventive Collection)
[111.550s][info][gc,task        ] GC(58) Using 6 workers of 6 for evacuation
[111.581s][info][gc             ] GC(58) To-space exhausted
[111.581s][info][gc,phases      ] GC(58)   Pre Evacuate Collection Set: 0.2ms
[111.581s][info][gc,phases      ] GC(58)   Merge Heap Roots: 0.2ms
[111.581s][info][gc,phases      ] GC(58)   Evacuate Collection Set: 5.5ms
[111.581s][info][gc,phases      ] GC(58)   Post Evacuate Collection Set: 24.5ms
[111.581s][info][gc,phases      ] GC(58)   Other: 0.4ms
[111.581s][info][gc,heap        ] GC(58) Eden regions: 1211->0(1227)
[111.581s][info][gc,heap        ] GC(58) Survivor regions: 1->1(1)
[111.581s][info][gc,heap        ] GC(58) Old regions: 33->163
[111.581s][info][gc,heap        ] GC(58) Archive regions: 0->0
[111.581s][info][gc,heap        ] GC(58) Humongous regions: 802->1
[111.581s][info][gc,metaspace   ] GC(58) Metaspace: 34202K(34560K)->34202K(34560K) NonClass: 30287K(30464K)->30287K(30464K) Class: 3914K(4096K)->3914K(4096K)
[111.581s][info][gc             ] GC(58) Pause Young (Normal) (G1 Preventive Collection) 8167M->643M(8192M) 30.875ms
[111.581s][info][gc,cpu         ] GC(58) User=0.11s Sys=0.00s Real=0.03s
[111.637s][info][gc,start       ] GC(59) Pause Full (System.gc())
[111.637s][info][gc,task        ] GC(59) Using 6 workers of 6 for full compaction
[111.637s][info][gc,phases,start] GC(59) Phase 1: Mark live objects
[111.653s][info][gc,phases      ] GC(59) Phase 1: Mark live objects 15.823ms
[111.653s][info][gc,phases,start] GC(59) Phase 2: Prepare for compaction
[111.660s][info][gc,phases      ] GC(59) Phase 2: Prepare for compaction 7.089ms
[111.660s][info][gc,phases,start] GC(59) Phase 3: Adjust pointers
[111.667s][info][gc,phases      ] GC(59) Phase 3: Adjust pointers 6.771ms
[111.667s][info][gc,phases,start] GC(59) Phase 4: Compact heap
[111.670s][info][gc,phases      ] GC(59) Phase 4: Compact heap 3.467ms
[111.688s][info][gc,heap        ] GC(59) Eden regions: 8->0(1228)
[111.688s][info][gc,heap        ] GC(59) Survivor regions: 1->0(1)
[111.688s][info][gc,heap        ] GC(59) Old regions: 163->32
[111.688s][info][gc,heap        ] GC(59) Archive regions: 0->0
[111.688s][info][gc,heap        ] GC(59) Humongous regions: 11->1
[111.688s][info][gc,metaspace   ] GC(59) Metaspace: 34203K(34560K)->34203K(34560K) NonClass: 30289K(30464K)->30289K(30464K) Class: 3914K(4096K)->3914K(4096K)
[111.688s][info][gc             ] GC(59) Pause Full (System.gc()) 713M->118M(8192M) 51.088ms
[111.688s][info][gc,cpu         ] GC(59) User=0.20s Sys=0.00s Real=0.05s
[112.518s][info][gc,start       ] GC(60) Pause Young (Normal) (G1 Evacuation Pause)
[112.518s][info][gc,task        ] GC(60) Using 6 workers of 6 for evacuation
[112.520s][info][gc,phases      ] GC(60)   Pre Evacuate Collection Set: 0.2ms
[112.520s][info][gc,phases      ] GC(60)   Merge Heap Roots: 0.2ms
[112.520s][info][gc,phases      ] GC(60)   Evacuate Collection Set: 0.2ms
[112.520s][info][gc,phases      ] GC(60)   Post Evacuate Collection Set: 1.0ms
[112.520s][info][gc,phases      ] GC(60)   Other: 0.2ms
[112.520s][info][gc,heap        ] GC(60) Eden regions: 1228->0(1227)
[112.520s][info][gc,heap        ] GC(60) Survivor regions: 0->1(154)
[112.520s][info][gc,heap        ] GC(60) Old regions: 32->32
[112.520s][info][gc,heap        ] GC(60) Archive regions: 0->0
[112.520s][info][gc,heap        ] GC(60) Humongous regions: 1->1
[112.520s][info][gc,metaspace   ] GC(60) Metaspace: 34203K(34560K)->34203K(34560K) NonClass: 30289K(30464K)->30289K(30464K) Class: 3914K(4096K)->3914K(4096K)
[112.520s][info][gc             ] GC(60) Pause Young (Normal) (G1 Evacuation Pause) 5030M->118M(8192M) 1.906ms
[112.520s][info][gc,cpu         ] GC(60) User=0.09s Sys=0.00s Real=0.01s
[113.530s][info][gc,start       ] GC(61) Pause Young (Normal) (G1 Evacuation Pause)
[113.530s][info][gc,task        ] GC(61) Using 6 workers of 6 for evacuation
[113.531s][info][gc,phases      ] GC(61)   Pre Evacuate Collection Set: 0.1ms
[113.531s][info][gc,phases      ] GC(61)   Merge Heap Roots: 0.1ms
[113.531s][info][gc,phases      ] GC(61)   Evacuate Collection Set: 0.1ms
[113.531s][info][gc,phases      ] GC(61)   Post Evacuate Collection Set: 1.0ms
[113.531s][info][gc,phases      ] GC(61)   Other: 0.2ms
[113.531s][info][gc,heap        ] GC(61) Eden regions: 1227->0(1227)
[113.531s][info][gc,heap        ] GC(61) Survivor regions: 1->1(154)
[113.531s][info][gc,heap        ] GC(61) Old regions: 32->32
[113.531s][info][gc,heap        ] GC(61) Archive regions: 0->0
[113.531s][info][gc,heap        ] GC(61) Humongous regions: 1->1
[113.531s][info][gc,metaspace   ] GC(61) Metaspace: 34203K(34560K)->34203K(34560K) NonClass: 30289K(30464K)->30289K(30464K) Class: 3914K(4096K)->3914K(4096K)
[113.531s][info][gc             ] GC(61) Pause Young (Normal) (G1 Evacuation Pause) 5026M->118M(8192M) 1.673ms
[113.531s][info][gc,cpu         ] GC(61) User=0.00s Sys=0.00s Real=0.00s
[118.076s][info][gc,start       ] GC(62) Pause Young (Normal) (G1 Preventive Collection)
[118.076s][info][gc,task        ] GC(62) Using 6 workers of 6 for evacuation
[118.122s][info][gc             ] GC(62) To-space exhausted
[118.122s][info][gc,phases      ] GC(62)   Pre Evacuate Collection Set: 0.1ms
[118.122s][info][gc,phases      ] GC(62)   Merge Heap Roots: 0.1ms
[118.122s][info][gc,phases      ] GC(62)   Evacuate Collection Set: 6.1ms
[118.122s][info][gc,phases      ] GC(62)   Post Evacuate Collection Set: 39.4ms
[118.122s][info][gc,phases      ] GC(62)   Other: 0.3ms
[118.122s][info][gc,heap        ] GC(62) Eden regions: 1208->0(1227)
[118.122s][info][gc,heap        ] GC(62) Survivor regions: 1->1(1)
[118.122s][info][gc,heap        ] GC(62) Old regions: 32->298
[118.122s][info][gc,heap        ] GC(62) Archive regions: 0->0
[118.122s][info][gc,heap        ] GC(62) Humongous regions: 806->3
[118.122s][info][gc,metaspace   ] GC(62) Metaspace: 34210K(34560K)->34210K(34560K) NonClass: 30295K(30464K)->30295K(30464K) Class: 3914K(4096K)->3914K(4096K)
[118.122s][info][gc             ] GC(62) Pause Young (Normal) (G1 Preventive Collection) 8170M->1190M(8192M) 46.162ms
[118.123s][info][gc,cpu         ] GC(62) User=0.28s Sys=0.00s Real=0.05s
[118.578s][info][gc,start       ] GC(63) Pause Full (System.gc())
[118.578s][info][gc,task        ] GC(63) Using 6 workers of 6 for full compaction
[118.579s][info][gc,phases,start] GC(63) Phase 1: Mark live objects
[118.599s][info][gc,phases      ] GC(63) Phase 1: Mark live objects 20.346ms
[118.599s][info][gc,phases,start] GC(63) Phase 2: Prepare for compaction
[118.606s][info][gc,phases      ] GC(63) Phase 2: Prepare for compaction 6.716ms
[118.606s][info][gc,phases,start] GC(63) Phase 3: Adjust pointers
[118.613s][info][gc,phases      ] GC(63) Phase 3: Adjust pointers 7.177ms
[118.613s][info][gc,phases,start] GC(63) Phase 4: Compact heap
[118.617s][info][gc,phases      ] GC(63) Phase 4: Compact heap 4.043ms
[118.634s][info][gc,heap        ] GC(63) Eden regions: 58->0(1228)
[118.634s][info][gc,heap        ] GC(63) Survivor regions: 1->0(1)
[118.634s][info][gc,heap        ] GC(63) Old regions: 298->33
[118.634s][info][gc,heap        ] GC(63) Archive regions: 0->0
[118.634s][info][gc,heap        ] GC(63) Humongous regions: 103->0
[118.634s][info][gc,metaspace   ] GC(63) Metaspace: 34214K(34560K)->34214K(34560K) NonClass: 30300K(30464K)->30300K(30464K) Class: 3914K(4096K)->3914K(4096K)
[118.634s][info][gc             ] GC(63) Pause Full (System.gc()) 1821M->116M(8192M) 56.058ms
[118.634s][info][gc,cpu         ] GC(63) User=0.22s Sys=0.00s Real=0.05s
[119.450s][info][gc,start       ] GC(64) Pause Young (Normal) (G1 Evacuation Pause)
[119.450s][info][gc,task        ] GC(64) Using 6 workers of 6 for evacuation
[119.452s][info][gc,phases      ] GC(64)   Pre Evacuate Collection Set: 0.1ms
[119.452s][info][gc,phases      ] GC(64)   Merge Heap Roots: 0.1ms
[119.452s][info][gc,phases      ] GC(64)   Evacuate Collection Set: 0.2ms
[119.452s][info][gc,phases      ] GC(64)   Post Evacuate Collection Set: 1.1ms
[119.452s][info][gc,phases      ] GC(64)   Other: 0.2ms
[119.452s][info][gc,heap        ] GC(64) Eden regions: 1228->0(1227)
[119.452s][info][gc,heap        ] GC(64) Survivor regions: 0->1(154)
[119.452s][info][gc,heap        ] GC(64) Old regions: 33->33
[119.452s][info][gc,heap        ] GC(64) Archive regions: 0->0
[119.452s][info][gc,heap        ] GC(64) Humongous regions: 0->0
[119.452s][info][gc,metaspace   ] GC(64) Metaspace: 34216K(34560K)->34216K(34560K) NonClass: 30302K(30464K)->30302K(30464K) Class: 3914K(4096K)->3914K(4096K)
[119.452s][info][gc             ] GC(64) Pause Young (Normal) (G1 Evacuation Pause) 5028M->116M(8192M) 1.800ms
[119.452s][info][gc,cpu         ] GC(64) User=0.00s Sys=0.00s Real=0.00s
[120.451s][info][gc,start       ] GC(65) Pause Young (Normal) (G1 Evacuation Pause)
[120.452s][info][gc,task        ] GC(65) Using 6 workers of 6 for evacuation
[120.453s][info][gc,phases      ] GC(65)   Pre Evacuate Collection Set: 0.1ms
[120.453s][info][gc,phases      ] GC(65)   Merge Heap Roots: 0.1ms
[120.453s][info][gc,phases      ] GC(65)   Evacuate Collection Set: 0.2ms
[120.453s][info][gc,phases      ] GC(65)   Post Evacuate Collection Set: 1.1ms
[120.453s][info][gc,phases      ] GC(65)   Other: 0.2ms
[120.453s][info][gc,heap        ] GC(65) Eden regions: 1227->0(1227)
[120.453s][info][gc,heap        ] GC(65) Survivor regions: 1->1(154)
[120.453s][info][gc,heap        ] GC(65) Old regions: 33->33
[120.453s][info][gc,heap        ] GC(65) Archive regions: 0->0
[120.453s][info][gc,heap        ] GC(65) Humongous regions: 0->0
[120.453s][info][gc,metaspace   ] GC(65) Metaspace: 34216K(34560K)->34216K(34560K) NonClass: 30302K(30464K)->30302K(30464K) Class: 3914K(4096K)->3914K(4096K)
[120.453s][info][gc             ] GC(65) Pause Young (Normal) (G1 Evacuation Pause) 5024M->116M(8192M) 1.823ms
[120.453s][info][gc,cpu         ] GC(65) User=0.00s Sys=0.00s Real=0.00s
[124.121s][info][gc,start       ] GC(66) Pause Full (System.gc())
[124.122s][info][gc,task        ] GC(66) Using 6 workers of 6 for full compaction
[124.122s][info][gc,phases,start] GC(66) Phase 1: Mark live objects
[124.140s][info][gc,phases      ] GC(66) Phase 1: Mark live objects 18.529ms
[124.140s][info][gc,phases,start] GC(66) Phase 2: Prepare for compaction
[124.149s][info][gc,phases      ] GC(66) Phase 2: Prepare for compaction 9.029ms
[124.149s][info][gc,phases,start] GC(66) Phase 3: Adjust pointers
[124.158s][info][gc,phases      ] GC(66) Phase 3: Adjust pointers 8.119ms
[124.158s][info][gc,phases,start] GC(66) Phase 4: Compact heap
[124.163s][info][gc,phases      ] GC(66) Phase 4: Compact heap 5.613ms
[124.180s][info][gc,heap        ] GC(66) Eden regions: 1142->0(1228)
[124.180s][info][gc,heap        ] GC(66) Survivor regions: 1->0(154)
[124.180s][info][gc,heap        ] GC(66) Old regions: 33->34
[124.180s][info][gc,heap        ] GC(66) Archive regions: 0->0
[124.180s][info][gc,heap        ] GC(66) Humongous regions: 588->0
[124.180s][info][gc,metaspace   ] GC(66) Metaspace: 34220K(34560K)->34220K(34560K) NonClass: 30306K(30464K)->30306K(30464K) Class: 3914K(4096K)->3914K(4096K)
[124.180s][info][gc             ] GC(66) Pause Full (System.gc()) 7032M->115M(8192M) 58.751ms
[124.180s][info][gc,cpu         ] GC(66) User=0.25s Sys=0.00s Real=0.06s
[124.999s][info][gc,start       ] GC(67) Pause Young (Normal) (G1 Evacuation Pause)
[124.999s][info][gc,task        ] GC(67) Using 6 workers of 6 for evacuation
[125.001s][info][gc,phases      ] GC(67)   Pre Evacuate Collection Set: 0.1ms
[125.001s][info][gc,phases      ] GC(67)   Merge Heap Roots: 0.1ms
[125.001s][info][gc,phases      ] GC(67)   Evacuate Collection Set: 0.2ms
[125.001s][info][gc,phases      ] GC(67)   Post Evacuate Collection Set: 1.0ms
[125.001s][info][gc,phases      ] GC(67)   Other: 0.2ms
[125.001s][info][gc,heap        ] GC(67) Eden regions: 1228->0(1227)
[125.001s][info][gc,heap        ] GC(67) Survivor regions: 0->1(154)
[125.001s][info][gc,heap        ] GC(67) Old regions: 34->34
[125.001s][info][gc,heap        ] GC(67) Archive regions: 0->0
[125.001s][info][gc,heap        ] GC(67) Humongous regions: 0->0
[125.001s][info][gc,metaspace   ] GC(67) Metaspace: 34221K(34560K)->34221K(34560K) NonClass: 30307K(30464K)->30307K(30464K) Class: 3914K(4096K)->3914K(4096K)
[125.001s][info][gc             ] GC(67) Pause Young (Normal) (G1 Evacuation Pause) 5027M->115M(8192M) 1.765ms
[125.001s][info][gc,cpu         ] GC(67) User=0.00s Sys=0.00s Real=0.00s
[126.001s][info][gc,start       ] GC(68) Pause Young (Normal) (G1 Evacuation Pause)
[126.001s][info][gc,task        ] GC(68) Using 6 workers of 6 for evacuation
[126.003s][info][gc,phases      ] GC(68)   Pre Evacuate Collection Set: 0.1ms
[126.003s][info][gc,phases      ] GC(68)   Merge Heap Roots: 0.1ms
[126.003s][info][gc,phases      ] GC(68)   Evacuate Collection Set: 0.2ms
[126.003s][info][gc,phases      ] GC(68)   Post Evacuate Collection Set: 1.1ms
[126.003s][info][gc,phases      ] GC(68)   Other: 0.2ms
[126.003s][info][gc,heap        ] GC(68) Eden regions: 1227->0(1227)
[126.003s][info][gc,heap        ] GC(68) Survivor regions: 1->1(154)
[126.003s][info][gc,heap        ] GC(68) Old regions: 34->34
[126.003s][info][gc,heap        ] GC(68) Archive regions: 0->0
[126.003s][info][gc,heap        ] GC(68) Humongous regions: 0->0
[126.003s][info][gc,metaspace   ] GC(68) Metaspace: 34221K(34560K)->34221K(34560K) NonClass: 30307K(30464K)->30307K(30464K) Class: 3914K(4096K)->3914K(4096K)
[126.003s][info][gc             ] GC(68) Pause Young (Normal) (G1 Evacuation Pause) 5023M->115M(8192M) 1.782ms
[126.003s][info][gc,cpu         ] GC(68) User=0.00s Sys=0.00s Real=0.00s
[130.099s][info][gc,start       ] GC(69) Pause Full (System.gc())
[130.099s][info][gc,task        ] GC(69) Using 6 workers of 6 for full compaction
[130.099s][info][gc,phases,start] GC(69) Phase 1: Mark live objects
[130.117s][info][gc,phases      ] GC(69) Phase 1: Mark live objects 18.364ms
[130.118s][info][gc,phases,start] GC(69) Phase 2: Prepare for compaction
[130.127s][info][gc,phases      ] GC(69) Phase 2: Prepare for compaction 9.297ms
[130.127s][info][gc,phases,start] GC(69) Phase 3: Adjust pointers
[130.135s][info][gc,phases      ] GC(69) Phase 3: Adjust pointers 8.528ms
[130.135s][info][gc,phases,start] GC(69) Phase 4: Compact heap
[130.142s][info][gc,phases      ] GC(69) Phase 4: Compact heap 6.782ms
[130.158s][info][gc,heap        ] GC(69) Eden regions: 1176->0(1228)
[130.158s][info][gc,heap        ] GC(69) Survivor regions: 1->0(154)
[130.158s][info][gc,heap        ] GC(69) Old regions: 34->32
[130.158s][info][gc,heap        ] GC(69) Archive regions: 0->0
[130.159s][info][gc,heap        ] GC(69) Humongous regions: 730->1
[130.159s][info][gc,metaspace   ] GC(69) Metaspace: 34225K(34560K)->34225K(34560K) NonClass: 30310K(30464K)->30310K(30464K) Class: 3914K(4096K)->3914K(4096K)
[130.159s][info][gc             ] GC(69) Pause Full (System.gc()) 7735M->119M(8192M) 59.750ms
[130.159s][info][gc,cpu         ] GC(69) User=0.27s Sys=0.02s Real=0.06s
[130.980s][info][gc,start       ] GC(70) Pause Young (Normal) (G1 Evacuation Pause)
[130.980s][info][gc,task        ] GC(70) Using 6 workers of 6 for evacuation
[130.981s][info][gc,phases      ] GC(70)   Pre Evacuate Collection Set: 0.1ms
[130.981s][info][gc,phases      ] GC(70)   Merge Heap Roots: 0.1ms
[130.981s][info][gc,phases      ] GC(70)   Evacuate Collection Set: 0.1ms
[130.981s][info][gc,phases      ] GC(70)   Post Evacuate Collection Set: 1.0ms
[130.981s][info][gc,phases      ] GC(70)   Other: 0.2ms
[130.981s][info][gc,heap        ] GC(70) Eden regions: 1228->0(1227)
[130.981s][info][gc,heap        ] GC(70) Survivor regions: 0->1(154)
[130.981s][info][gc,heap        ] GC(70) Old regions: 32->32
[130.981s][info][gc,heap        ] GC(70) Archive regions: 0->0
[130.981s][info][gc,heap        ] GC(70) Humongous regions: 1->1
[130.981s][info][gc,metaspace   ] GC(70) Metaspace: 34225K(34560K)->34225K(34560K) NonClass: 30310K(30464K)->30310K(30464K) Class: 3914K(4096K)->3914K(4096K)
[130.981s][info][gc             ] GC(70) Pause Young (Normal) (G1 Evacuation Pause) 5031M->119M(8192M) 1.679ms
[130.981s][info][gc,cpu         ] GC(70) User=0.00s Sys=0.00s Real=0.00s
[131.983s][info][gc,start       ] GC(71) Pause Young (Normal) (G1 Evacuation Pause)
[131.983s][info][gc,task        ] GC(71) Using 6 workers of 6 for evacuation
[131.985s][info][gc,phases      ] GC(71)   Pre Evacuate Collection Set: 0.1ms
[131.985s][info][gc,phases      ] GC(71)   Merge Heap Roots: 0.1ms
[131.985s][info][gc,phases      ] GC(71)   Evacuate Collection Set: 0.2ms
[131.985s][info][gc,phases      ] GC(71)   Post Evacuate Collection Set: 1.1ms
[131.985s][info][gc,phases      ] GC(71)   Other: 0.2ms
[131.985s][info][gc,heap        ] GC(71) Eden regions: 1227->0(1227)
[131.985s][info][gc,heap        ] GC(71) Survivor regions: 1->1(154)
[131.985s][info][gc,heap        ] GC(71) Old regions: 32->32
[131.985s][info][gc,heap        ] GC(71) Archive regions: 0->0
[131.985s][info][gc,heap        ] GC(71) Humongous regions: 1->1
[131.985s][info][gc,metaspace   ] GC(71) Metaspace: 34225K(34560K)->34225K(34560K) NonClass: 30310K(30464K)->30310K(30464K) Class: 3914K(4096K)->3914K(4096K)
[131.985s][info][gc             ] GC(71) Pause Young (Normal) (G1 Evacuation Pause) 5027M->119M(8192M) 1.809ms
[131.985s][info][gc,cpu         ] GC(71) User=0.00s Sys=0.00s Real=0.00s
[135.987s][info][gc,start       ] GC(72) Pause Full (System.gc())
[135.987s][info][gc,task        ] GC(72) Using 6 workers of 6 for full compaction
[135.987s][info][gc,phases,start] GC(72) Phase 1: Mark live objects
[136.007s][info][gc,phases      ] GC(72) Phase 1: Mark live objects 19.476ms
[136.007s][info][gc,phases,start] GC(72) Phase 2: Prepare for compaction
[136.015s][info][gc,phases      ] GC(72) Phase 2: Prepare for compaction 8.230ms
[136.015s][info][gc,phases,start] GC(72) Phase 3: Adjust pointers
[136.024s][info][gc,phases      ] GC(72) Phase 3: Adjust pointers 8.660ms
[136.024s][info][gc,phases,start] GC(72) Phase 4: Compact heap
[136.030s][info][gc,phases      ] GC(72) Phase 4: Compact heap 5.988ms
[136.047s][info][gc,heap        ] GC(72) Eden regions: 1173->0(1228)
[136.047s][info][gc,heap        ] GC(72) Survivor regions: 1->0(154)
[136.047s][info][gc,heap        ] GC(72) Old regions: 32->32
[136.047s][info][gc,heap        ] GC(72) Archive regions: 0->0
[136.047s][info][gc,heap        ] GC(72) Humongous regions: 675->0
[136.047s][info][gc,metaspace   ] GC(72) Metaspace: 34225K(34560K)->34225K(34560K) NonClass: 30311K(30464K)->30311K(30464K) Class: 3914K(4096K)->3914K(4096K)
[136.047s][info][gc             ] GC(72) Pause Full (System.gc()) 7503M->116M(8192M) 59.801ms
[136.047s][info][gc,cpu         ] GC(72) User=0.25s Sys=0.02s Real=0.06s
[136.865s][info][gc,start       ] GC(73) Pause Young (Normal) (G1 Evacuation Pause)
[136.865s][info][gc,task        ] GC(73) Using 6 workers of 6 for evacuation
[136.867s][info][gc,phases      ] GC(73)   Pre Evacuate Collection Set: 0.2ms
[136.867s][info][gc,phases      ] GC(73)   Merge Heap Roots: 0.1ms
[136.867s][info][gc,phases      ] GC(73)   Evacuate Collection Set: 0.2ms
[136.867s][info][gc,phases      ] GC(73)   Post Evacuate Collection Set: 1.1ms
[136.867s][info][gc,phases      ] GC(73)   Other: 0.2ms
[136.867s][info][gc,heap        ] GC(73) Eden regions: 1228->0(1227)
[136.867s][info][gc,heap        ] GC(73) Survivor regions: 0->1(154)
[136.867s][info][gc,heap        ] GC(73) Old regions: 32->32
[136.867s][info][gc,heap        ] GC(73) Archive regions: 0->0
[136.867s][info][gc,heap        ] GC(73) Humongous regions: 0->0
[136.867s][info][gc,metaspace   ] GC(73) Metaspace: 34225K(34560K)->34225K(34560K) NonClass: 30311K(30464K)->30311K(30464K) Class: 3914K(4096K)->3914K(4096K)
[136.867s][info][gc             ] GC(73) Pause Young (Normal) (G1 Evacuation Pause) 5028M->116M(8192M) 1.839ms
[136.867s][info][gc,cpu         ] GC(73) User=0.00s Sys=0.00s Real=0.00s
[137.881s][info][gc,start       ] GC(74) Pause Young (Normal) (G1 Evacuation Pause)
[137.881s][info][gc,task        ] GC(74) Using 6 workers of 6 for evacuation
[137.882s][info][gc,phases      ] GC(74)   Pre Evacuate Collection Set: 0.1ms
[137.882s][info][gc,phases      ] GC(74)   Merge Heap Roots: 0.1ms
[137.882s][info][gc,phases      ] GC(74)   Evacuate Collection Set: 0.2ms
[137.882s][info][gc,phases      ] GC(74)   Post Evacuate Collection Set: 1.1ms
[137.882s][info][gc,phases      ] GC(74)   Other: 0.2ms
[137.882s][info][gc,heap        ] GC(74) Eden regions: 1227->0(1227)
[137.882s][info][gc,heap        ] GC(74) Survivor regions: 1->1(154)
[137.882s][info][gc,heap        ] GC(74) Old regions: 32->32
[137.882s][info][gc,heap        ] GC(74) Archive regions: 0->0
[137.882s][info][gc,heap        ] GC(74) Humongous regions: 0->0
[137.882s][info][gc,metaspace   ] GC(74) Metaspace: 34225K(34560K)->34225K(34560K) NonClass: 30311K(30464K)->30311K(30464K) Class: 3914K(4096K)->3914K(4096K)
[137.883s][info][gc             ] GC(74) Pause Young (Normal) (G1 Evacuation Pause) 5024M->116M(8192M) 1.801ms
[137.883s][info][gc,cpu         ] GC(74) User=0.00s Sys=0.00s Real=0.00s
[142.169s][info][gc,start       ] GC(75) Pause Full (System.gc())
[142.169s][info][gc,task        ] GC(75) Using 6 workers of 6 for full compaction
[142.170s][info][gc,phases,start] GC(75) Phase 1: Mark live objects
[142.188s][info][gc,phases      ] GC(75) Phase 1: Mark live objects 18.509ms
[142.188s][info][gc,phases,start] GC(75) Phase 2: Prepare for compaction
[142.197s][info][gc,phases      ] GC(75) Phase 2: Prepare for compaction 8.484ms
[142.197s][info][gc,phases,start] GC(75) Phase 3: Adjust pointers
[142.205s][info][gc,phases      ] GC(75) Phase 3: Adjust pointers 8.625ms
[142.205s][info][gc,phases,start] GC(75) Phase 4: Compact heap
[142.210s][info][gc,phases      ] GC(75) Phase 4: Compact heap 4.911ms
[142.227s][info][gc,heap        ] GC(75) Eden regions: 1191->0(1228)
[142.227s][info][gc,heap        ] GC(75) Survivor regions: 1->0(154)
[142.227s][info][gc,heap        ] GC(75) Old regions: 32->33
[142.227s][info][gc,heap        ] GC(75) Archive regions: 0->0
[142.227s][info][gc,heap        ] GC(75) Humongous regions: 745->1
[142.227s][info][gc,metaspace   ] GC(75) Metaspace: 34234K(34624K)->34234K(34624K) NonClass: 30320K(30528K)->30320K(30528K) Class: 3914K(4096K)->3914K(4096K)
[142.227s][info][gc             ] GC(75) Pause Full (System.gc()) 7858M->119M(8192M) 58.035ms
[142.227s][info][gc,cpu         ] GC(75) User=0.36s Sys=0.02s Real=0.06s
[143.050s][info][gc,start       ] GC(76) Pause Young (Normal) (G1 Evacuation Pause)
[143.050s][info][gc,task        ] GC(76) Using 6 workers of 6 for evacuation
[143.051s][info][gc,phases      ] GC(76)   Pre Evacuate Collection Set: 0.1ms
[143.051s][info][gc,phases      ] GC(76)   Merge Heap Roots: 0.1ms
[143.051s][info][gc,phases      ] GC(76)   Evacuate Collection Set: 0.2ms
[143.051s][info][gc,phases      ] GC(76)   Post Evacuate Collection Set: 1.1ms
[143.051s][info][gc,phases      ] GC(76)   Other: 0.2ms
[143.051s][info][gc,heap        ] GC(76) Eden regions: 1228->0(1227)
[143.052s][info][gc,heap        ] GC(76) Survivor regions: 0->1(154)
[143.052s][info][gc,heap        ] GC(76) Old regions: 33->33
[143.052s][info][gc,heap        ] GC(76) Archive regions: 0->0
[143.052s][info][gc,heap        ] GC(76) Humongous regions: 1->1
[143.052s][info][gc,metaspace   ] GC(76) Metaspace: 34239K(34624K)->34239K(34624K) NonClass: 30325K(30528K)->30325K(30528K) Class: 3914K(4096K)->3914K(4096K)
[143.052s][info][gc             ] GC(76) Pause Young (Normal) (G1 Evacuation Pause) 5031M->119M(8192M) 1.748ms
[143.052s][info][gc,cpu         ] GC(76) User=0.09s Sys=0.00s Real=0.00s
[144.062s][info][gc,start       ] GC(77) Pause Young (Normal) (G1 Evacuation Pause)
[144.063s][info][gc,task        ] GC(77) Using 6 workers of 6 for evacuation
[144.064s][info][gc,phases      ] GC(77)   Pre Evacuate Collection Set: 0.1ms
[144.064s][info][gc,phases      ] GC(77)   Merge Heap Roots: 0.1ms
[144.064s][info][gc,phases      ] GC(77)   Evacuate Collection Set: 0.2ms
[144.064s][info][gc,phases      ] GC(77)   Post Evacuate Collection Set: 1.1ms
[144.064s][info][gc,phases      ] GC(77)   Other: 0.2ms
[144.064s][info][gc,heap        ] GC(77) Eden regions: 1227->0(1227)
[144.064s][info][gc,heap        ] GC(77) Survivor regions: 1->1(154)
[144.064s][info][gc,heap        ] GC(77) Old regions: 33->33
[144.064s][info][gc,heap        ] GC(77) Archive regions: 0->0
[144.064s][info][gc,heap        ] GC(77) Humongous regions: 1->1
[144.064s][info][gc,metaspace   ] GC(77) Metaspace: 34239K(34624K)->34239K(34624K) NonClass: 30325K(30528K)->30325K(30528K) Class: 3914K(4096K)->3914K(4096K)
[144.064s][info][gc             ] GC(77) Pause Young (Normal) (G1 Evacuation Pause) 5027M->119M(8192M) 1.776ms
[144.064s][info][gc,cpu         ] GC(77) User=0.00s Sys=0.00s Real=0.00s
[148.469s][info][gc,start       ] GC(78) Pause Full (System.gc())
[148.469s][info][gc,task        ] GC(78) Using 6 workers of 6 for full compaction
[148.469s][info][gc,phases,start] GC(78) Phase 1: Mark live objects
[148.488s][info][gc,phases      ] GC(78) Phase 1: Mark live objects 18.803ms
[148.488s][info][gc,phases,start] GC(78) Phase 2: Prepare for compaction
[148.497s][info][gc,phases      ] GC(78) Phase 2: Prepare for compaction 9.149ms
[148.497s][info][gc,phases,start] GC(78) Phase 3: Adjust pointers
[148.505s][info][gc,phases      ] GC(78) Phase 3: Adjust pointers 7.968ms
[148.505s][info][gc,phases,start] GC(78) Phase 4: Compact heap
[148.511s][info][gc,phases      ] GC(78) Phase 4: Compact heap 6.544ms
[148.529s][info][gc,heap        ] GC(78) Eden regions: 1196->0(1228)
[148.529s][info][gc,heap        ] GC(78) Survivor regions: 1->0(154)
[148.529s][info][gc,heap        ] GC(78) Old regions: 33->32
[148.529s][info][gc,heap        ] GC(78) Archive regions: 0->0
[148.529s][info][gc,heap        ] GC(78) Humongous regions: 773->1
[148.529s][info][gc,metaspace   ] GC(78) Metaspace: 34250K(34624K)->34250K(34624K) NonClass: 30336K(30528K)->30336K(30528K) Class: 3914K(4096K)->3914K(4096K)
[148.529s][info][gc             ] GC(78) Pause Full (System.gc()) 7988M->119M(8192M) 60.504ms
[148.529s][info][gc,cpu         ] GC(78) User=0.38s Sys=0.00s Real=0.06s
[149.350s][info][gc,start       ] GC(79) Pause Young (Normal) (G1 Evacuation Pause)
[149.350s][info][gc,task        ] GC(79) Using 6 workers of 6 for evacuation
[149.352s][info][gc,phases      ] GC(79)   Pre Evacuate Collection Set: 0.1ms
[149.352s][info][gc,phases      ] GC(79)   Merge Heap Roots: 0.1ms
[149.352s][info][gc,phases      ] GC(79)   Evacuate Collection Set: 0.2ms
[149.352s][info][gc,phases      ] GC(79)   Post Evacuate Collection Set: 1.1ms
[149.352s][info][gc,phases      ] GC(79)   Other: 0.2ms
[149.352s][info][gc,heap        ] GC(79) Eden regions: 1228->0(1227)
[149.352s][info][gc,heap        ] GC(79) Survivor regions: 0->1(154)
[149.352s][info][gc,heap        ] GC(79) Old regions: 32->32
[149.352s][info][gc,heap        ] GC(79) Archive regions: 0->0
[149.352s][info][gc,heap        ] GC(79) Humongous regions: 1->1
[149.352s][info][gc,metaspace   ] GC(79) Metaspace: 34251K(34624K)->34251K(34624K) NonClass: 30336K(30528K)->30336K(30528K) Class: 3914K(4096K)->3914K(4096K)
[149.352s][info][gc             ] GC(79) Pause Young (Normal) (G1 Evacuation Pause) 5031M->119M(8192M) 1.809ms
[149.352s][info][gc,cpu         ] GC(79) User=0.00s Sys=0.00s Real=0.00s
[150.363s][info][gc,start       ] GC(80) Pause Young (Normal) (G1 Evacuation Pause)
[150.363s][info][gc,task        ] GC(80) Using 6 workers of 6 for evacuation
[150.364s][info][gc,phases      ] GC(80)   Pre Evacuate Collection Set: 0.1ms
[150.364s][info][gc,phases      ] GC(80)   Merge Heap Roots: 0.1ms
[150.364s][info][gc,phases      ] GC(80)   Evacuate Collection Set: 0.2ms
[150.364s][info][gc,phases      ] GC(80)   Post Evacuate Collection Set: 1.0ms
[150.364s][info][gc,phases      ] GC(80)   Other: 0.2ms
[150.364s][info][gc,heap        ] GC(80) Eden regions: 1227->0(1227)
[150.364s][info][gc,heap        ] GC(80) Survivor regions: 1->1(154)
[150.364s][info][gc,heap        ] GC(80) Old regions: 32->32
[150.364s][info][gc,heap        ] GC(80) Archive regions: 0->0
[150.364s][info][gc,heap        ] GC(80) Humongous regions: 1->1
[150.364s][info][gc,metaspace   ] GC(80) Metaspace: 34251K(34624K)->34251K(34624K) NonClass: 30336K(30528K)->30336K(30528K) Class: 3914K(4096K)->3914K(4096K)
[150.364s][info][gc             ] GC(80) Pause Young (Normal) (G1 Evacuation Pause) 5027M->119M(8192M) 1.708ms
[150.364s][info][gc,cpu         ] GC(80) User=0.09s Sys=0.00s Real=0.00s
[154.362s][info][gc,start       ] GC(81) Pause Full (System.gc())
[154.363s][info][gc,task        ] GC(81) Using 6 workers of 6 for full compaction
[154.363s][info][gc,phases,start] GC(81) Phase 1: Mark live objects
[154.381s][info][gc,phases      ] GC(81) Phase 1: Mark live objects 18.437ms
[154.381s][info][gc,phases,start] GC(81) Phase 2: Prepare for compaction
[154.390s][info][gc,phases      ] GC(81) Phase 2: Prepare for compaction 8.692ms
[154.390s][info][gc,phases,start] GC(81) Phase 3: Adjust pointers
[154.398s][info][gc,phases      ] GC(81) Phase 3: Adjust pointers 7.767ms
[154.398s][info][gc,phases,start] GC(81) Phase 4: Compact heap
[154.403s][info][gc,phases      ] GC(81) Phase 4: Compact heap 5.197ms
[154.419s][info][gc,heap        ] GC(81) Eden regions: 1167->0(1228)
[154.419s][info][gc,heap        ] GC(81) Survivor regions: 1->0(154)
[154.419s][info][gc,heap        ] GC(81) Old regions: 32->33
[154.419s][info][gc,heap        ] GC(81) Archive regions: 0->0
[154.419s][info][gc,heap        ] GC(81) Humongous regions: 689->0
[154.419s][info][gc,metaspace   ] GC(81) Metaspace: 34251K(34624K)->34251K(34624K) NonClass: 30337K(30528K)->30337K(30528K) Class: 3914K(4096K)->3914K(4096K)
[154.419s][info][gc             ] GC(81) Pause Full (System.gc()) 7538M->115M(8192M) 56.415ms
[154.419s][info][gc,cpu         ] GC(81) User=0.30s Sys=0.00s Real=0.06s
[155.238s][info][gc,start       ] GC(82) Pause Young (Normal) (G1 Evacuation Pause)
[155.239s][info][gc,task        ] GC(82) Using 6 workers of 6 for evacuation
[155.240s][info][gc,phases      ] GC(82)   Pre Evacuate Collection Set: 0.1ms
[155.240s][info][gc,phases      ] GC(82)   Merge Heap Roots: 0.1ms
[155.240s][info][gc,phases      ] GC(82)   Evacuate Collection Set: 0.2ms
[155.240s][info][gc,phases      ] GC(82)   Post Evacuate Collection Set: 1.1ms
[155.240s][info][gc,phases      ] GC(82)   Other: 0.2ms
[155.240s][info][gc,heap        ] GC(82) Eden regions: 1228->0(1227)
[155.240s][info][gc,heap        ] GC(82) Survivor regions: 0->1(154)
[155.240s][info][gc,heap        ] GC(82) Old regions: 33->33
[155.240s][info][gc,heap        ] GC(82) Archive regions: 0->0
[155.240s][info][gc,heap        ] GC(82) Humongous regions: 0->0
[155.240s][info][gc,metaspace   ] GC(82) Metaspace: 34251K(34624K)->34251K(34624K) NonClass: 30337K(30528K)->30337K(30528K) Class: 3914K(4096K)->3914K(4096K)
[155.240s][info][gc             ] GC(82) Pause Young (Normal) (G1 Evacuation Pause) 5027M->115M(8192M) 1.799ms
[155.240s][info][gc,cpu         ] GC(82) User=0.00s Sys=0.00s Real=0.00s
[156.245s][info][gc,start       ] GC(83) Pause Young (Normal) (G1 Evacuation Pause)
[156.245s][info][gc,task        ] GC(83) Using 6 workers of 6 for evacuation
[156.247s][info][gc,phases      ] GC(83)   Pre Evacuate Collection Set: 0.1ms
[156.247s][info][gc,phases      ] GC(83)   Merge Heap Roots: 0.1ms
[156.247s][info][gc,phases      ] GC(83)   Evacuate Collection Set: 0.1ms
[156.247s][info][gc,phases      ] GC(83)   Post Evacuate Collection Set: 1.1ms
[156.247s][info][gc,phases      ] GC(83)   Other: 0.2ms
[156.247s][info][gc,heap        ] GC(83) Eden regions: 1227->0(1227)
[156.247s][info][gc,heap        ] GC(83) Survivor regions: 1->1(154)
[156.247s][info][gc,heap        ] GC(83) Old regions: 33->33
[156.247s][info][gc,heap        ] GC(83) Archive regions: 0->0
[156.247s][info][gc,heap        ] GC(83) Humongous regions: 0->0
[156.247s][info][gc,metaspace   ] GC(83) Metaspace: 34251K(34624K)->34251K(34624K) NonClass: 30337K(30528K)->30337K(30528K) Class: 3914K(4096K)->3914K(4096K)
[156.247s][info][gc             ] GC(83) Pause Young (Normal) (G1 Evacuation Pause) 5023M->115M(8192M) 1.784ms
[156.247s][info][gc,cpu         ] GC(83) User=0.00s Sys=0.00s Real=0.00s
[160.191s][info][gc,start       ] GC(84) Pause Full (System.gc())
[160.191s][info][gc,task        ] GC(84) Using 6 workers of 6 for full compaction
[160.192s][info][gc,phases,start] GC(84) Phase 1: Mark live objects
[160.210s][info][gc,phases      ] GC(84) Phase 1: Mark live objects 18.812ms
[160.211s][info][gc,phases,start] GC(84) Phase 2: Prepare for compaction
[160.220s][info][gc,phases      ] GC(84) Phase 2: Prepare for compaction 9.027ms
[160.220s][info][gc,phases,start] GC(84) Phase 3: Adjust pointers
[160.229s][info][gc,phases      ] GC(84) Phase 3: Adjust pointers 8.963ms
[160.229s][info][gc,phases,start] GC(84) Phase 4: Compact heap
[160.234s][info][gc,phases      ] GC(84) Phase 4: Compact heap 5.135ms
[160.250s][info][gc,heap        ] GC(84) Eden regions: 1169->0(1228)
[160.250s][info][gc,heap        ] GC(84) Survivor regions: 1->0(154)
[160.250s][info][gc,heap        ] GC(84) Old regions: 33->33
[160.250s][info][gc,heap        ] GC(84) Archive regions: 0->0
[160.250s][info][gc,heap        ] GC(84) Humongous regions: 662->1
[160.250s][info][gc,metaspace   ] GC(84) Metaspace: 34251K(34624K)->34251K(34624K) NonClass: 30337K(30528K)->30337K(30528K) Class: 3914K(4096K)->3914K(4096K)
[160.250s][info][gc             ] GC(84) Pause Full (System.gc()) 7435M->119M(8192M) 58.651ms
[160.250s][info][gc,cpu         ] GC(84) User=0.20s Sys=0.00s Real=0.06s
[161.070s][info][gc,start       ] GC(85) Pause Young (Normal) (G1 Evacuation Pause)
[161.070s][info][gc,task        ] GC(85) Using 6 workers of 6 for evacuation
[161.072s][info][gc,phases      ] GC(85)   Pre Evacuate Collection Set: 0.1ms
[161.072s][info][gc,phases      ] GC(85)   Merge Heap Roots: 0.1ms
[161.072s][info][gc,phases      ] GC(85)   Evacuate Collection Set: 0.2ms
[161.072s][info][gc,phases      ] GC(85)   Post Evacuate Collection Set: 1.1ms
[161.072s][info][gc,phases      ] GC(85)   Other: 0.2ms
[161.072s][info][gc,heap        ] GC(85) Eden regions: 1228->0(1227)
[161.072s][info][gc,heap        ] GC(85) Survivor regions: 0->1(154)
[161.072s][info][gc,heap        ] GC(85) Old regions: 33->33
[161.072s][info][gc,heap        ] GC(85) Archive regions: 0->0
[161.072s][info][gc,heap        ] GC(85) Humongous regions: 1->1
[161.072s][info][gc,metaspace   ] GC(85) Metaspace: 34251K(34624K)->34251K(34624K) NonClass: 30337K(30528K)->30337K(30528K) Class: 3914K(4096K)->3914K(4096K)
[161.072s][info][gc             ] GC(85) Pause Young (Normal) (G1 Evacuation Pause) 5031M->119M(8192M) 1.803ms
[161.072s][info][gc,cpu         ] GC(85) User=0.00s Sys=0.00s Real=0.00s
[162.075s][info][gc,start       ] GC(86) Pause Young (Normal) (G1 Evacuation Pause)
[162.075s][info][gc,task        ] GC(86) Using 6 workers of 6 for evacuation
[162.077s][info][gc,phases      ] GC(86)   Pre Evacuate Collection Set: 0.1ms
[162.077s][info][gc,phases      ] GC(86)   Merge Heap Roots: 0.1ms
[162.077s][info][gc,phases      ] GC(86)   Evacuate Collection Set: 0.2ms
[162.077s][info][gc,phases      ] GC(86)   Post Evacuate Collection Set: 1.1ms
[162.077s][info][gc,phases      ] GC(86)   Other: 0.2ms
[162.077s][info][gc,heap        ] GC(86) Eden regions: 1227->0(1227)
[162.077s][info][gc,heap        ] GC(86) Survivor regions: 1->1(154)
[162.077s][info][gc,heap        ] GC(86) Old regions: 33->33
[162.077s][info][gc,heap        ] GC(86) Archive regions: 0->0
[162.077s][info][gc,heap        ] GC(86) Humongous regions: 1->1
[162.077s][info][gc,metaspace   ] GC(86) Metaspace: 34251K(34624K)->34251K(34624K) NonClass: 30337K(30528K)->30337K(30528K) Class: 3914K(4096K)->3914K(4096K)
[162.077s][info][gc             ] GC(86) Pause Young (Normal) (G1 Evacuation Pause) 5027M->119M(8192M) 1.828ms
[162.077s][info][gc,cpu         ] GC(86) User=0.00s Sys=0.00s Real=0.00s
[166.225s][info][gc,start       ] GC(87) Pause Full (System.gc())
[166.225s][info][gc,task        ] GC(87) Using 6 workers of 6 for full compaction
[166.225s][info][gc,phases,start] GC(87) Phase 1: Mark live objects
[166.244s][info][gc,phases      ] GC(87) Phase 1: Mark live objects 18.357ms
[166.244s][info][gc,phases,start] GC(87) Phase 2: Prepare for compaction
[166.253s][info][gc,phases      ] GC(87) Phase 2: Prepare for compaction 9.199ms
[166.253s][info][gc,phases,start] GC(87) Phase 3: Adjust pointers
[166.261s][info][gc,phases      ] GC(87) Phase 3: Adjust pointers 8.541ms
[166.261s][info][gc,phases,start] GC(87) Phase 4: Compact heap
[166.267s][info][gc,phases      ] GC(87) Phase 4: Compact heap 5.483ms
[166.284s][info][gc,heap        ] GC(87) Eden regions: 1177->0(1228)
[166.284s][info][gc,heap        ] GC(87) Survivor regions: 1->0(154)
[166.284s][info][gc,heap        ] GC(87) Old regions: 33->34
[166.284s][info][gc,heap        ] GC(87) Archive regions: 0->0
[166.284s][info][gc,heap        ] GC(87) Humongous regions: 762->1
[166.284s][info][gc,metaspace   ] GC(87) Metaspace: 34257K(34624K)->34257K(34624K) NonClass: 30342K(30528K)->30342K(30528K) Class: 3914K(4096K)->3914K(4096K)
[166.284s][info][gc             ] GC(87) Pause Full (System.gc()) 7868M->119M(8192M) 59.061ms
[166.284s][info][gc,cpu         ] GC(87) User=0.27s Sys=0.02s Real=0.06s
[167.103s][info][gc,start       ] GC(88) Pause Young (Normal) (G1 Evacuation Pause)
[167.103s][info][gc,task        ] GC(88) Using 6 workers of 6 for evacuation
[167.105s][info][gc,phases      ] GC(88)   Pre Evacuate Collection Set: 0.1ms
[167.105s][info][gc,phases      ] GC(88)   Merge Heap Roots: 0.1ms
[167.105s][info][gc,phases      ] GC(88)   Evacuate Collection Set: 0.2ms
[167.105s][info][gc,phases      ] GC(88)   Post Evacuate Collection Set: 1.1ms
[167.105s][info][gc,phases      ] GC(88)   Other: 0.2ms
[167.105s][info][gc,heap        ] GC(88) Eden regions: 1228->0(1227)
[167.105s][info][gc,heap        ] GC(88) Survivor regions: 0->1(154)
[167.105s][info][gc,heap        ] GC(88) Old regions: 34->34
[167.105s][info][gc,heap        ] GC(88) Archive regions: 0->0
[167.105s][info][gc,heap        ] GC(88) Humongous regions: 1->1
[167.105s][info][gc,metaspace   ] GC(88) Metaspace: 34258K(34624K)->34258K(34624K) NonClass: 30344K(30528K)->30344K(30528K) Class: 3914K(4096K)->3914K(4096K)
[167.105s][info][gc             ] GC(88) Pause Young (Normal) (G1 Evacuation Pause) 5031M->119M(8192M) 1.751ms
[167.105s][info][gc,cpu         ] GC(88) User=0.00s Sys=0.00s Real=0.00s
[168.108s][info][gc,start       ] GC(89) Pause Young (Normal) (G1 Evacuation Pause)
[168.108s][info][gc,task        ] GC(89) Using 6 workers of 6 for evacuation
[168.109s][info][gc,phases      ] GC(89)   Pre Evacuate Collection Set: 0.1ms
[168.109s][info][gc,phases      ] GC(89)   Merge Heap Roots: 0.1ms
[168.109s][info][gc,phases      ] GC(89)   Evacuate Collection Set: 0.2ms
[168.109s][info][gc,phases      ] GC(89)   Post Evacuate Collection Set: 1.1ms
[168.109s][info][gc,phases      ] GC(89)   Other: 0.2ms
[168.109s][info][gc,heap        ] GC(89) Eden regions: 1227->0(1227)
[168.109s][info][gc,heap        ] GC(89) Survivor regions: 1->1(154)
[168.109s][info][gc,heap        ] GC(89) Old regions: 34->34
[168.109s][info][gc,heap        ] GC(89) Archive regions: 0->0
[168.109s][info][gc,heap        ] GC(89) Humongous regions: 1->1
[168.109s][info][gc,metaspace   ] GC(89) Metaspace: 34258K(34624K)->34258K(34624K) NonClass: 30344K(30528K)->30344K(30528K) Class: 3914K(4096K)->3914K(4096K)
[168.109s][info][gc             ] GC(89) Pause Young (Normal) (G1 Evacuation Pause) 5027M->119M(8192M) 1.796ms
[168.109s][info][gc,cpu         ] GC(89) User=0.00s Sys=0.00s Real=0.00s
[172.002s][info][gc,start       ] GC(90) Pause Full (System.gc())
[172.002s][info][gc,task        ] GC(90) Using 6 workers of 6 for full compaction
[172.002s][info][gc,phases,start] GC(90) Phase 1: Mark live objects
[172.020s][info][gc,phases      ] GC(90) Phase 1: Mark live objects 18.432ms
[172.020s][info][gc,phases,start] GC(90) Phase 2: Prepare for compaction
[172.030s][info][gc,phases      ] GC(90) Phase 2: Prepare for compaction 9.024ms
[172.030s][info][gc,phases,start] GC(90) Phase 3: Adjust pointers
[172.038s][info][gc,phases      ] GC(90) Phase 3: Adjust pointers 8.031ms
[172.038s][info][gc,phases,start] GC(90) Phase 4: Compact heap
[172.043s][info][gc,phases      ] GC(90) Phase 4: Compact heap 5.088ms
[172.060s][info][gc,heap        ] GC(90) Eden regions: 1155->0(1228)
[172.060s][info][gc,heap        ] GC(90) Survivor regions: 1->0(154)
[172.060s][info][gc,heap        ] GC(90) Old regions: 34->33
[172.060s][info][gc,heap        ] GC(90) Archive regions: 0->0
[172.060s][info][gc,heap        ] GC(90) Humongous regions: 666->0
[172.060s][info][gc,metaspace   ] GC(90) Metaspace: 34258K(34624K)->34258K(34624K) NonClass: 30344K(30528K)->30344K(30528K) Class: 3914K(4096K)->3914K(4096K)
[172.060s][info][gc             ] GC(90) Pause Full (System.gc()) 7395M->115M(8192M) 58.598ms
[172.060s][info][gc,cpu         ] GC(90) User=0.30s Sys=0.00s Real=0.06s
[172.896s][info][gc,start       ] GC(91) Pause Young (Normal) (G1 Evacuation Pause)
[172.896s][info][gc,task        ] GC(91) Using 6 workers of 6 for evacuation
[172.898s][info][gc,phases      ] GC(91)   Pre Evacuate Collection Set: 0.1ms
[172.898s][info][gc,phases      ] GC(91)   Merge Heap Roots: 0.1ms
[172.898s][info][gc,phases      ] GC(91)   Evacuate Collection Set: 0.1ms
[172.898s][info][gc,phases      ] GC(91)   Post Evacuate Collection Set: 1.0ms
[172.898s][info][gc,phases      ] GC(91)   Other: 0.2ms
[172.898s][info][gc,heap        ] GC(91) Eden regions: 1228->0(1227)
[172.898s][info][gc,heap        ] GC(91) Survivor regions: 0->1(154)
[172.898s][info][gc,heap        ] GC(91) Old regions: 33->33
[172.898s][info][gc,heap        ] GC(91) Archive regions: 0->0
[172.898s][info][gc,heap        ] GC(91) Humongous regions: 0->0
[172.898s][info][gc,metaspace   ] GC(91) Metaspace: 34258K(34624K)->34258K(34624K) NonClass: 30344K(30528K)->30344K(30528K) Class: 3914K(4096K)->3914K(4096K)
[172.898s][info][gc             ] GC(91) Pause Young (Normal) (G1 Evacuation Pause) 5027M->115M(8192M) 1.671ms
[172.898s][info][gc,cpu         ] GC(91) User=0.00s Sys=0.00s Real=0.00s
[173.910s][info][gc,start       ] GC(92) Pause Young (Normal) (G1 Evacuation Pause)
[173.910s][info][gc,task        ] GC(92) Using 6 workers of 6 for evacuation
[173.912s][info][gc,phases      ] GC(92)   Pre Evacuate Collection Set: 0.1ms
[173.912s][info][gc,phases      ] GC(92)   Merge Heap Roots: 0.1ms
[173.912s][info][gc,phases      ] GC(92)   Evacuate Collection Set: 0.2ms
[173.912s][info][gc,phases      ] GC(92)   Post Evacuate Collection Set: 1.1ms
[173.912s][info][gc,phases      ] GC(92)   Other: 0.2ms
[173.912s][info][gc,heap        ] GC(92) Eden regions: 1227->0(1227)
[173.912s][info][gc,heap        ] GC(92) Survivor regions: 1->1(154)
[173.912s][info][gc,heap        ] GC(92) Old regions: 33->33
[173.912s][info][gc,heap        ] GC(92) Archive regions: 0->0
[173.912s][info][gc,heap        ] GC(92) Humongous regions: 0->0
[173.912s][info][gc,metaspace   ] GC(92) Metaspace: 34258K(34624K)->34258K(34624K) NonClass: 30344K(30528K)->30344K(30528K) Class: 3914K(4096K)->3914K(4096K)
[173.912s][info][gc             ] GC(92) Pause Young (Normal) (G1 Evacuation Pause) 5023M->115M(8192M) 1.808ms
[173.912s][info][gc,cpu         ] GC(92) User=0.00s Sys=0.00s Real=0.00s
[178.217s][info][gc,start       ] GC(93) Pause Full (System.gc())
[178.217s][info][gc,task        ] GC(93) Using 6 workers of 6 for full compaction
[178.217s][info][gc,phases,start] GC(93) Phase 1: Mark live objects
[178.236s][info][gc,phases      ] GC(93) Phase 1: Mark live objects 19.046ms
[178.237s][info][gc,phases,start] GC(93) Phase 2: Prepare for compaction
[178.245s][info][gc,phases      ] GC(93) Phase 2: Prepare for compaction 8.307ms
[178.245s][info][gc,phases,start] GC(93) Phase 3: Adjust pointers
[178.254s][info][gc,phases      ] GC(93) Phase 3: Adjust pointers 9.314ms
[178.254s][info][gc,phases,start] GC(93) Phase 4: Compact heap
[178.259s][info][gc,phases      ] GC(93) Phase 4: Compact heap 5.077ms
[178.277s][info][gc,heap        ] GC(93) Eden regions: 1202->0(1228)
[178.277s][info][gc,heap        ] GC(93) Survivor regions: 1->0(154)
[178.277s][info][gc,heap        ] GC(93) Old regions: 33->33
[178.277s][info][gc,heap        ] GC(93) Archive regions: 0->0
[178.277s][info][gc,heap        ] GC(93) Humongous regions: 766->1
[178.277s][info][gc,metaspace   ] GC(93) Metaspace: 34258K(34624K)->34258K(34624K) NonClass: 30344K(30528K)->30344K(30528K) Class: 3914K(4096K)->3914K(4096K)
[178.277s][info][gc             ] GC(93) Pause Full (System.gc()) 7985M->119M(8192M) 59.619ms
[178.277s][info][gc,cpu         ] GC(93) User=0.34s Sys=0.00s Real=0.07s
[179.102s][info][gc,start       ] GC(94) Pause Young (Normal) (G1 Evacuation Pause)
[179.102s][info][gc,task        ] GC(94) Using 6 workers of 6 for evacuation
[179.103s][info][gc,phases      ] GC(94)   Pre Evacuate Collection Set: 0.1ms
[179.104s][info][gc,phases      ] GC(94)   Merge Heap Roots: 0.1ms
[179.104s][info][gc,phases      ] GC(94)   Evacuate Collection Set: 0.2ms
[179.104s][info][gc,phases      ] GC(94)   Post Evacuate Collection Set: 1.2ms
[179.104s][info][gc,phases      ] GC(94)   Other: 0.2ms
[179.104s][info][gc,heap        ] GC(94) Eden regions: 1228->0(1227)
[179.104s][info][gc,heap        ] GC(94) Survivor regions: 0->1(154)
[179.104s][info][gc,heap        ] GC(94) Old regions: 33->33
[179.104s][info][gc,heap        ] GC(94) Archive regions: 0->0
[179.104s][info][gc,heap        ] GC(94) Humongous regions: 1->1
[179.104s][info][gc,metaspace   ] GC(94) Metaspace: 34258K(34624K)->34258K(34624K) NonClass: 30344K(30528K)->30344K(30528K) Class: 3914K(4096K)->3914K(4096K)
[179.104s][info][gc             ] GC(94) Pause Young (Normal) (G1 Evacuation Pause) 5031M->119M(8192M) 2.014ms
[179.104s][info][gc,cpu         ] GC(94) User=0.00s Sys=0.00s Real=0.01s
[180.110s][info][gc,start       ] GC(95) Pause Young (Normal) (G1 Evacuation Pause)
[180.110s][info][gc,task        ] GC(95) Using 6 workers of 6 for evacuation
[180.112s][info][gc,phases      ] GC(95)   Pre Evacuate Collection Set: 0.1ms
[180.112s][info][gc,phases      ] GC(95)   Merge Heap Roots: 0.1ms
[180.112s][info][gc,phases      ] GC(95)   Evacuate Collection Set: 0.1ms
[180.112s][info][gc,phases      ] GC(95)   Post Evacuate Collection Set: 1.1ms
[180.112s][info][gc,phases      ] GC(95)   Other: 0.2ms
[180.112s][info][gc,heap        ] GC(95) Eden regions: 1227->0(1227)
[180.112s][info][gc,heap        ] GC(95) Survivor regions: 1->1(154)
[180.112s][info][gc,heap        ] GC(95) Old regions: 33->33
[180.112s][info][gc,heap        ] GC(95) Archive regions: 0->0
[180.112s][info][gc,heap        ] GC(95) Humongous regions: 1->1
[180.112s][info][gc,metaspace   ] GC(95) Metaspace: 34258K(34624K)->34258K(34624K) NonClass: 30344K(30528K)->30344K(30528K) Class: 3914K(4096K)->3914K(4096K)
[180.112s][info][gc             ] GC(95) Pause Young (Normal) (G1 Evacuation Pause) 5027M->119M(8192M) 1.768ms
[180.112s][info][gc,cpu         ] GC(95) User=0.00s Sys=0.00s Real=0.00s
[184.476s][info][gc,start       ] GC(96) Pause Full (System.gc())
[184.476s][info][gc,task        ] GC(96) Using 6 workers of 6 for full compaction
[184.476s][info][gc,phases,start] GC(96) Phase 1: Mark live objects
[184.495s][info][gc,phases      ] GC(96) Phase 1: Mark live objects 19.172ms
[184.495s][info][gc,phases,start] GC(96) Phase 2: Prepare for compaction
[184.505s][info][gc,phases      ] GC(96) Phase 2: Prepare for compaction 9.538ms
[184.505s][info][gc,phases,start] GC(96) Phase 3: Adjust pointers
[184.514s][info][gc,phases      ] GC(96) Phase 3: Adjust pointers 9.034ms
[184.514s][info][gc,phases,start] GC(96) Phase 4: Compact heap
[184.519s][info][gc,phases      ] GC(96) Phase 4: Compact heap 5.031ms
[184.535s][info][gc,heap        ] GC(96) Eden regions: 1207->0(1228)
[184.535s][info][gc,heap        ] GC(96) Survivor regions: 1->0(154)
[184.535s][info][gc,heap        ] GC(96) Old regions: 33->32
[184.535s][info][gc,heap        ] GC(96) Archive regions: 0->0
[184.535s][info][gc,heap        ] GC(96) Humongous regions: 750->1
[184.535s][info][gc,metaspace   ] GC(96) Metaspace: 34259K(34624K)->34259K(34624K) NonClass: 30345K(30528K)->30345K(30528K) Class: 3914K(4096K)->3914K(4096K)
[184.535s][info][gc             ] GC(96) Pause Full (System.gc()) 7941M->119M(8192M) 59.560ms
[184.535s][info][gc,cpu         ] GC(96) User=0.28s Sys=0.00s Real=0.06s
[185.356s][info][gc,start       ] GC(97) Pause Young (Normal) (G1 Evacuation Pause)
[185.356s][info][gc,task        ] GC(97) Using 6 workers of 6 for evacuation
[185.357s][info][gc,phases      ] GC(97)   Pre Evacuate Collection Set: 0.1ms
[185.357s][info][gc,phases      ] GC(97)   Merge Heap Roots: 0.1ms
[185.357s][info][gc,phases      ] GC(97)   Evacuate Collection Set: 0.2ms
[185.357s][info][gc,phases      ] GC(97)   Post Evacuate Collection Set: 1.1ms
[185.357s][info][gc,phases      ] GC(97)   Other: 0.2ms
[185.357s][info][gc,heap        ] GC(97) Eden regions: 1228->0(1227)
[185.357s][info][gc,heap        ] GC(97) Survivor regions: 0->1(154)
[185.357s][info][gc,heap        ] GC(97) Old regions: 32->32
[185.357s][info][gc,heap        ] GC(97) Archive regions: 0->0
[185.357s][info][gc,heap        ] GC(97) Humongous regions: 1->1
[185.357s][info][gc,metaspace   ] GC(97) Metaspace: 34260K(34624K)->34260K(34624K) NonClass: 30345K(30528K)->30345K(30528K) Class: 3914K(4096K)->3914K(4096K)
[185.357s][info][gc             ] GC(97) Pause Young (Normal) (G1 Evacuation Pause) 5031M->119M(8192M) 1.800ms
[185.357s][info][gc,cpu         ] GC(97) User=0.00s Sys=0.00s Real=0.00s
[186.366s][info][gc,start       ] GC(98) Pause Young (Normal) (G1 Evacuation Pause)
[186.366s][info][gc,task        ] GC(98) Using 6 workers of 6 for evacuation
[186.367s][info][gc,phases      ] GC(98)   Pre Evacuate Collection Set: 0.1ms
[186.367s][info][gc,phases      ] GC(98)   Merge Heap Roots: 0.1ms
[186.367s][info][gc,phases      ] GC(98)   Evacuate Collection Set: 0.2ms
[186.367s][info][gc,phases      ] GC(98)   Post Evacuate Collection Set: 1.1ms
[186.367s][info][gc,phases      ] GC(98)   Other: 0.2ms
[186.367s][info][gc,heap        ] GC(98) Eden regions: 1227->0(1227)
[186.367s][info][gc,heap        ] GC(98) Survivor regions: 1->1(154)
[186.367s][info][gc,heap        ] GC(98) Old regions: 32->32
[186.367s][info][gc,heap        ] GC(98) Archive regions: 0->0
[186.367s][info][gc,heap        ] GC(98) Humongous regions: 1->1
[186.367s][info][gc,metaspace   ] GC(98) Metaspace: 34260K(34624K)->34260K(34624K) NonClass: 30345K(30528K)->30345K(30528K) Class: 3914K(4096K)->3914K(4096K)
[186.367s][info][gc             ] GC(98) Pause Young (Normal) (G1 Evacuation Pause) 5027M->119M(8192M) 1.774ms
[186.367s][info][gc,cpu         ] GC(98) User=0.00s Sys=0.00s Real=0.00s
[190.469s][info][gc,start       ] GC(99) Pause Full (System.gc())
[190.470s][info][gc,task        ] GC(99) Using 6 workers of 6 for full compaction
[190.470s][info][gc,phases,start] GC(99) Phase 1: Mark live objects
[190.489s][info][gc,phases      ] GC(99) Phase 1: Mark live objects 18.831ms
[190.489s][info][gc,phases,start] GC(99) Phase 2: Prepare for compaction
[190.498s][info][gc,phases      ] GC(99) Phase 2: Prepare for compaction 8.976ms
[190.498s][info][gc,phases,start] GC(99) Phase 3: Adjust pointers
[190.506s][info][gc,phases      ] GC(99) Phase 3: Adjust pointers 8.014ms
[190.506s][info][gc,phases,start] GC(99) Phase 4: Compact heap
[190.511s][info][gc,phases      ] GC(99) Phase 4: Compact heap 5.169ms
[190.528s][info][gc,heap        ] GC(99) Eden regions: 1179->0(1228)
[190.528s][info][gc,heap        ] GC(99) Survivor regions: 1->0(154)
[190.528s][info][gc,heap        ] GC(99) Old regions: 32->33
[190.528s][info][gc,heap        ] GC(99) Archive regions: 0->0
[190.528s][info][gc,heap        ] GC(99) Humongous regions: 724->1
[190.528s][info][gc,metaspace   ] GC(99) Metaspace: 34260K(34624K)->34260K(34624K) NonClass: 30345K(30528K)->30345K(30528K) Class: 3914K(4096K)->3914K(4096K)
[190.528s][info][gc             ] GC(99) Pause Full (System.gc()) 7725M->119M(8192M) 58.559ms
[190.528s][info][gc,cpu         ] GC(99) User=0.25s Sys=0.02s Real=0.07s
[191.349s][info][gc,start       ] GC(100) Pause Young (Normal) (G1 Evacuation Pause)
[191.349s][info][gc,task        ] GC(100) Using 6 workers of 6 for evacuation
[191.351s][info][gc,phases      ] GC(100)   Pre Evacuate Collection Set: 0.1ms
[191.351s][info][gc,phases      ] GC(100)   Merge Heap Roots: 0.1ms
[191.351s][info][gc,phases      ] GC(100)   Evacuate Collection Set: 0.2ms
[191.351s][info][gc,phases      ] GC(100)   Post Evacuate Collection Set: 1.1ms
[191.351s][info][gc,phases      ] GC(100)   Other: 0.2ms
[191.351s][info][gc,heap        ] GC(100) Eden regions: 1228->0(1227)
[191.351s][info][gc,heap        ] GC(100) Survivor regions: 0->1(154)
[191.351s][info][gc,heap        ] GC(100) Old regions: 33->33
[191.351s][info][gc,heap        ] GC(100) Archive regions: 0->0
[191.351s][info][gc,heap        ] GC(100) Humongous regions: 1->1
[191.351s][info][gc,metaspace   ] GC(100) Metaspace: 34260K(34624K)->34260K(34624K) NonClass: 30345K(30528K)->30345K(30528K) Class: 3914K(4096K)->3914K(4096K)
[191.351s][info][gc             ] GC(100) Pause Young (Normal) (G1 Evacuation Pause) 5031M->119M(8192M) 1.796ms
[191.351s][info][gc,cpu         ] GC(100) User=0.00s Sys=0.00s Real=0.00s
[192.367s][info][gc,start       ] GC(101) Pause Young (Normal) (G1 Evacuation Pause)
[192.367s][info][gc,task        ] GC(101) Using 6 workers of 6 for evacuation
[192.369s][info][gc,phases      ] GC(101)   Pre Evacuate Collection Set: 0.1ms
[192.369s][info][gc,phases      ] GC(101)   Merge Heap Roots: 0.1ms
[192.369s][info][gc,phases      ] GC(101)   Evacuate Collection Set: 0.2ms
[192.369s][info][gc,phases      ] GC(101)   Post Evacuate Collection Set: 1.1ms
[192.369s][info][gc,phases      ] GC(101)   Other: 0.2ms
[192.369s][info][gc,heap        ] GC(101) Eden regions: 1227->0(1227)
[192.369s][info][gc,heap        ] GC(101) Survivor regions: 1->1(154)
[192.369s][info][gc,heap        ] GC(101) Old regions: 33->33
[192.369s][info][gc,heap        ] GC(101) Archive regions: 0->0
[192.369s][info][gc,heap        ] GC(101) Humongous regions: 1->1
[192.369s][info][gc,metaspace   ] GC(101) Metaspace: 34260K(34624K)->34260K(34624K) NonClass: 30345K(30528K)->30345K(30528K) Class: 3914K(4096K)->3914K(4096K)
[192.369s][info][gc             ] GC(101) Pause Young (Normal) (G1 Evacuation Pause) 5027M->119M(8192M) 1.799ms
[192.369s][info][gc,cpu         ] GC(101) User=0.00s Sys=0.00s Real=0.00s
[196.559s][info][gc,start       ] GC(102) Pause Full (System.gc())
[196.559s][info][gc,task        ] GC(102) Using 6 workers of 6 for full compaction
[196.559s][info][gc,phases,start] GC(102) Phase 1: Mark live objects
[196.578s][info][gc,phases      ] GC(102) Phase 1: Mark live objects 18.827ms
[196.578s][info][gc,phases,start] GC(102) Phase 2: Prepare for compaction
[196.587s][info][gc,phases      ] GC(102) Phase 2: Prepare for compaction 8.568ms
[196.587s][info][gc,phases,start] GC(102) Phase 3: Adjust pointers
[196.596s][info][gc,phases      ] GC(102) Phase 3: Adjust pointers 8.634ms
[196.596s][info][gc,phases,start] GC(102) Phase 4: Compact heap
[196.601s][info][gc,phases      ] GC(102) Phase 4: Compact heap 5.082ms
[196.618s][info][gc,heap        ] GC(102) Eden regions: 1185->0(1228)
[196.618s][info][gc,heap        ] GC(102) Survivor regions: 1->0(154)
[196.618s][info][gc,heap        ] GC(102) Old regions: 33->33
[196.618s][info][gc,heap        ] GC(102) Archive regions: 0->0
[196.618s][info][gc,heap        ] GC(102) Humongous regions: 761->0
[196.618s][info][gc,metaspace   ] GC(102) Metaspace: 34260K(34624K)->34260K(34624K) NonClass: 30345K(30528K)->30345K(30528K) Class: 3914K(4096K)->3914K(4096K)
[196.618s][info][gc             ] GC(102) Pause Full (System.gc()) 7898M->115M(8192M) 59.194ms
[196.618s][info][gc,cpu         ] GC(102) User=0.34s Sys=0.00s Real=0.05s
[197.432s][info][gc,start       ] GC(103) Pause Young (Normal) (G1 Evacuation Pause)
[197.432s][info][gc,task        ] GC(103) Using 6 workers of 6 for evacuation
[197.434s][info][gc,phases      ] GC(103)   Pre Evacuate Collection Set: 0.1ms
[197.434s][info][gc,phases      ] GC(103)   Merge Heap Roots: 0.1ms
[197.434s][info][gc,phases      ] GC(103)   Evacuate Collection Set: 0.2ms
[197.434s][info][gc,phases      ] GC(103)   Post Evacuate Collection Set: 1.2ms
[197.434s][info][gc,phases      ] GC(103)   Other: 0.2ms
[197.434s][info][gc,heap        ] GC(103) Eden regions: 1228->0(1227)
[197.434s][info][gc,heap        ] GC(103) Survivor regions: 0->1(154)
[197.434s][info][gc,heap        ] GC(103) Old regions: 33->33
[197.434s][info][gc,heap        ] GC(103) Archive regions: 0->0
[197.434s][info][gc,heap        ] GC(103) Humongous regions: 0->0
[197.434s][info][gc,metaspace   ] GC(103) Metaspace: 34260K(34624K)->34260K(34624K) NonClass: 30345K(30528K)->30345K(30528K) Class: 3914K(4096K)->3914K(4096K)
[197.434s][info][gc             ] GC(103) Pause Young (Normal) (G1 Evacuation Pause) 5027M->115M(8192M) 2.045ms
[197.434s][info][gc,cpu         ] GC(103) User=0.00s Sys=0.00s Real=0.01s
[198.443s][info][gc,start       ] GC(104) Pause Young (Normal) (G1 Evacuation Pause)
[198.443s][info][gc,task        ] GC(104) Using 6 workers of 6 for evacuation
[198.445s][info][gc,phases      ] GC(104)   Pre Evacuate Collection Set: 0.1ms
[198.445s][info][gc,phases      ] GC(104)   Merge Heap Roots: 0.1ms
[198.445s][info][gc,phases      ] GC(104)   Evacuate Collection Set: 0.1ms
[198.445s][info][gc,phases      ] GC(104)   Post Evacuate Collection Set: 1.1ms
[198.445s][info][gc,phases      ] GC(104)   Other: 0.2ms
[198.445s][info][gc,heap        ] GC(104) Eden regions: 1227->0(1227)
[198.445s][info][gc,heap        ] GC(104) Survivor regions: 1->1(154)
[198.445s][info][gc,heap        ] GC(104) Old regions: 33->33
[198.445s][info][gc,heap        ] GC(104) Archive regions: 0->0
[198.445s][info][gc,heap        ] GC(104) Humongous regions: 0->0
[198.445s][info][gc,metaspace   ] GC(104) Metaspace: 34260K(34624K)->34260K(34624K) NonClass: 30345K(30528K)->30345K(30528K) Class: 3914K(4096K)->3914K(4096K)
[198.445s][info][gc             ] GC(104) Pause Young (Normal) (G1 Evacuation Pause) 5023M->115M(8192M) 1.814ms
[198.445s][info][gc,cpu         ] GC(104) User=0.00s Sys=0.00s Real=0.00s
[202.723s][info][gc,start       ] GC(105) Pause Full (System.gc())
[202.723s][info][gc,task        ] GC(105) Using 6 workers of 6 for full compaction
[202.723s][info][gc,phases,start] GC(105) Phase 1: Mark live objects
[202.742s][info][gc,phases      ] GC(105) Phase 1: Mark live objects 19.284ms
[202.742s][info][gc,phases,start] GC(105) Phase 2: Prepare for compaction
[202.751s][info][gc,phases      ] GC(105) Phase 2: Prepare for compaction 8.834ms
[202.751s][info][gc,phases,start] GC(105) Phase 3: Adjust pointers
[202.759s][info][gc,phases      ] GC(105) Phase 3: Adjust pointers 8.133ms
[202.759s][info][gc,phases,start] GC(105) Phase 4: Compact heap
[202.765s][info][gc,phases      ] GC(105) Phase 4: Compact heap 5.231ms
[202.781s][info][gc,heap        ] GC(105) Eden regions: 1189->0(1228)
[202.781s][info][gc,heap        ] GC(105) Survivor regions: 1->0(154)
[202.781s][info][gc,heap        ] GC(105) Old regions: 33->33
[202.781s][info][gc,heap        ] GC(105) Archive regions: 0->0
[202.781s][info][gc,heap        ] GC(105) Humongous regions: 761->1
[202.781s][info][gc,metaspace   ] GC(105) Metaspace: 34260K(34624K)->34260K(34624K) NonClass: 30345K(30528K)->30345K(30528K) Class: 3914K(4096K)->3914K(4096K)
[202.781s][info][gc             ] GC(105) Pause Full (System.gc()) 7913M->119M(8192M) 58.782ms
[202.781s][info][gc,cpu         ] GC(105) User=0.20s Sys=0.02s Real=0.06s
[203.596s][info][gc,start       ] GC(106) Pause Young (Normal) (G1 Evacuation Pause)
[203.596s][info][gc,task        ] GC(106) Using 6 workers of 6 for evacuation
[203.598s][info][gc,phases      ] GC(106)   Pre Evacuate Collection Set: 0.1ms
[203.598s][info][gc,phases      ] GC(106)   Merge Heap Roots: 0.1ms
[203.598s][info][gc,phases      ] GC(106)   Evacuate Collection Set: 0.2ms
[203.598s][info][gc,phases      ] GC(106)   Post Evacuate Collection Set: 1.0ms
[203.598s][info][gc,phases      ] GC(106)   Other: 0.2ms
[203.598s][info][gc,heap        ] GC(106) Eden regions: 1228->0(1227)
[203.598s][info][gc,heap        ] GC(106) Survivor regions: 0->1(154)
[203.598s][info][gc,heap        ] GC(106) Old regions: 33->33
[203.598s][info][gc,heap        ] GC(106) Archive regions: 0->0
[203.598s][info][gc,heap        ] GC(106) Humongous regions: 1->1
[203.598s][info][gc,metaspace   ] GC(106) Metaspace: 34260K(34624K)->34260K(34624K) NonClass: 30345K(30528K)->30345K(30528K) Class: 3914K(4096K)->3914K(4096K)
[203.598s][info][gc             ] GC(106) Pause Young (Normal) (G1 Evacuation Pause) 5031M->119M(8192M) 1.692ms
[203.598s][info][gc,cpu         ] GC(106) User=0.06s Sys=0.00s Real=0.00s
[204.608s][info][gc,start       ] GC(107) Pause Young (Normal) (G1 Evacuation Pause)
[204.608s][info][gc,task        ] GC(107) Using 6 workers of 6 for evacuation
[204.610s][info][gc,phases      ] GC(107)   Pre Evacuate Collection Set: 0.1ms
[204.610s][info][gc,phases      ] GC(107)   Merge Heap Roots: 0.1ms
[204.610s][info][gc,phases      ] GC(107)   Evacuate Collection Set: 0.2ms
[204.610s][info][gc,phases      ] GC(107)   Post Evacuate Collection Set: 1.1ms
[204.610s][info][gc,phases      ] GC(107)   Other: 0.2ms
[204.610s][info][gc,heap        ] GC(107) Eden regions: 1227->0(1227)
[204.610s][info][gc,heap        ] GC(107) Survivor regions: 1->1(154)
[204.610s][info][gc,heap        ] GC(107) Old regions: 33->33
[204.610s][info][gc,heap        ] GC(107) Archive regions: 0->0
[204.610s][info][gc,heap        ] GC(107) Humongous regions: 1->1
[204.610s][info][gc,metaspace   ] GC(107) Metaspace: 34260K(34624K)->34260K(34624K) NonClass: 30345K(30528K)->30345K(30528K) Class: 3914K(4096K)->3914K(4096K)
[204.610s][info][gc             ] GC(107) Pause Young (Normal) (G1 Evacuation Pause) 5027M->119M(8192M) 1.839ms
[204.610s][info][gc,cpu         ] GC(107) User=0.00s Sys=0.00s Real=0.00s
[208.487s][info][gc,start       ] GC(108) Pause Full (System.gc())
[208.487s][info][gc,task        ] GC(108) Using 6 workers of 6 for full compaction
[208.487s][info][gc,phases,start] GC(108) Phase 1: Mark live objects
[208.505s][info][gc,phases      ] GC(108) Phase 1: Mark live objects 17.778ms
[208.505s][info][gc,phases,start] GC(108) Phase 2: Prepare for compaction
[208.514s][info][gc,phases      ] GC(108) Phase 2: Prepare for compaction 8.847ms
[208.514s][info][gc,phases,start] GC(108) Phase 3: Adjust pointers
[208.523s][info][gc,phases      ] GC(108) Phase 3: Adjust pointers 8.503ms
[208.523s][info][gc,phases,start] GC(108) Phase 4: Compact heap
[208.527s][info][gc,phases      ] GC(108) Phase 4: Compact heap 4.814ms
[208.545s][info][gc,heap        ] GC(108) Eden regions: 1154->0(1228)
[208.545s][info][gc,heap        ] GC(108) Survivor regions: 1->0(154)
[208.545s][info][gc,heap        ] GC(108) Old regions: 33->34
[208.545s][info][gc,heap        ] GC(108) Archive regions: 0->0
[208.545s][info][gc,heap        ] GC(108) Humongous regions: 661->1
[208.545s][info][gc,metaspace   ] GC(108) Metaspace: 34262K(34624K)->34262K(34624K) NonClass: 30348K(30528K)->30348K(30528K) Class: 3914K(4096K)->3914K(4096K)
[208.545s][info][gc             ] GC(108) Pause Full (System.gc()) 7374M->119M(8192M) 57.914ms
[208.545s][info][gc,cpu         ] GC(108) User=0.36s Sys=0.00s Real=0.06s
[209.368s][info][gc,start       ] GC(109) Pause Young (Normal) (G1 Evacuation Pause)
[209.368s][info][gc,task        ] GC(109) Using 6 workers of 6 for evacuation
[209.370s][info][gc,phases      ] GC(109)   Pre Evacuate Collection Set: 0.1ms
[209.370s][info][gc,phases      ] GC(109)   Merge Heap Roots: 0.1ms
[209.370s][info][gc,phases      ] GC(109)   Evacuate Collection Set: 0.2ms
[209.370s][info][gc,phases      ] GC(109)   Post Evacuate Collection Set: 1.1ms
[209.370s][info][gc,phases      ] GC(109)   Other: 0.2ms
[209.370s][info][gc,heap        ] GC(109) Eden regions: 1228->0(1227)
[209.370s][info][gc,heap        ] GC(109) Survivor regions: 0->1(154)
[209.370s][info][gc,heap        ] GC(109) Old regions: 34->34
[209.370s][info][gc,heap        ] GC(109) Archive regions: 0->0
[209.370s][info][gc,heap        ] GC(109) Humongous regions: 1->1
[209.370s][info][gc,metaspace   ] GC(109) Metaspace: 34262K(34624K)->34262K(34624K) NonClass: 30348K(30528K)->30348K(30528K) Class: 3914K(4096K)->3914K(4096K)
[209.370s][info][gc             ] GC(109) Pause Young (Normal) (G1 Evacuation Pause) 5031M->119M(8192M) 1.761ms
[209.370s][info][gc,cpu         ] GC(109) User=0.00s Sys=0.00s Real=0.00s
[210.374s][info][gc,start       ] GC(110) Pause Young (Normal) (G1 Evacuation Pause)
[210.374s][info][gc,task        ] GC(110) Using 6 workers of 6 for evacuation
[210.375s][info][gc,phases      ] GC(110)   Pre Evacuate Collection Set: 0.1ms
[210.375s][info][gc,phases      ] GC(110)   Merge Heap Roots: 0.1ms
[210.375s][info][gc,phases      ] GC(110)   Evacuate Collection Set: 0.1ms
[210.376s][info][gc,phases      ] GC(110)   Post Evacuate Collection Set: 1.1ms
[210.376s][info][gc,phases      ] GC(110)   Other: 0.2ms
[210.376s][info][gc,heap        ] GC(110) Eden regions: 1227->0(1227)
[210.376s][info][gc,heap        ] GC(110) Survivor regions: 1->1(154)
[210.376s][info][gc,heap        ] GC(110) Old regions: 34->34
[210.376s][info][gc,heap        ] GC(110) Archive regions: 0->0
[210.376s][info][gc,heap        ] GC(110) Humongous regions: 1->1
[210.376s][info][gc,metaspace   ] GC(110) Metaspace: 34262K(34624K)->34262K(34624K) NonClass: 30348K(30528K)->30348K(30528K) Class: 3914K(4096K)->3914K(4096K)
[210.376s][info][gc             ] GC(110) Pause Young (Normal) (G1 Evacuation Pause) 5027M->119M(8192M) 1.807ms
[210.376s][info][gc,cpu         ] GC(110) User=0.00s Sys=0.00s Real=0.01s
[214.747s][info][gc,start       ] GC(111) Pause Full (System.gc())
[214.747s][info][gc,task        ] GC(111) Using 6 workers of 6 for full compaction
[214.747s][info][gc,phases,start] GC(111) Phase 1: Mark live objects
[214.766s][info][gc,phases      ] GC(111) Phase 1: Mark live objects 18.678ms
[214.766s][info][gc,phases,start] GC(111) Phase 2: Prepare for compaction
[214.775s][info][gc,phases      ] GC(111) Phase 2: Prepare for compaction 8.699ms
[214.775s][info][gc,phases,start] GC(111) Phase 3: Adjust pointers
[214.783s][info][gc,phases      ] GC(111) Phase 3: Adjust pointers 8.152ms
[214.783s][info][gc,phases,start] GC(111) Phase 4: Compact heap
[214.789s][info][gc,phases      ] GC(111) Phase 4: Compact heap 5.492ms
[214.806s][info][gc,heap        ] GC(111) Eden regions: 1201->0(1228)
[214.806s][info][gc,heap        ] GC(111) Survivor regions: 1->0(154)
[214.806s][info][gc,heap        ] GC(111) Old regions: 34->33
[214.806s][info][gc,heap        ] GC(111) Archive regions: 0->0
[214.806s][info][gc,heap        ] GC(111) Humongous regions: 765->0
[214.806s][info][gc,metaspace   ] GC(111) Metaspace: 34265K(34624K)->34265K(34624K) NonClass: 30351K(30528K)->30351K(30528K) Class: 3914K(4096K)->3914K(4096K)
[214.806s][info][gc             ] GC(111) Pause Full (System.gc()) 7978M->115M(8192M) 58.898ms
[214.806s][info][gc,cpu         ] GC(111) User=0.34s Sys=0.00s Real=0.06s
[215.615s][info][gc,start       ] GC(112) Pause Young (Normal) (G1 Evacuation Pause)
[215.615s][info][gc,task        ] GC(112) Using 6 workers of 6 for evacuation
[215.617s][info][gc,phases      ] GC(112)   Pre Evacuate Collection Set: 0.1ms
[215.617s][info][gc,phases      ] GC(112)   Merge Heap Roots: 0.1ms
[215.617s][info][gc,phases      ] GC(112)   Evacuate Collection Set: 0.2ms
[215.617s][info][gc,phases      ] GC(112)   Post Evacuate Collection Set: 1.1ms
[215.617s][info][gc,phases      ] GC(112)   Other: 0.2ms
[215.617s][info][gc,heap        ] GC(112) Eden regions: 1228->0(1227)
[215.617s][info][gc,heap        ] GC(112) Survivor regions: 0->1(154)
[215.617s][info][gc,heap        ] GC(112) Old regions: 33->33
[215.617s][info][gc,heap        ] GC(112) Archive regions: 0->0
[215.617s][info][gc,heap        ] GC(112) Humongous regions: 0->0
[215.617s][info][gc,metaspace   ] GC(112) Metaspace: 34265K(34624K)->34265K(34624K) NonClass: 30351K(30528K)->30351K(30528K) Class: 3914K(4096K)->3914K(4096K)
[215.617s][info][gc             ] GC(112) Pause Young (Normal) (G1 Evacuation Pause) 5027M->115M(8192M) 1.763ms
[215.617s][info][gc,cpu         ] GC(112) User=0.00s Sys=0.00s Real=0.00s
[216.618s][info][gc,start       ] GC(113) Pause Young (Normal) (G1 Evacuation Pause)
[216.618s][info][gc,task        ] GC(113) Using 6 workers of 6 for evacuation
[216.620s][info][gc,phases      ] GC(113)   Pre Evacuate Collection Set: 0.1ms
[216.620s][info][gc,phases      ] GC(113)   Merge Heap Roots: 0.1ms
[216.620s][info][gc,phases      ] GC(113)   Evacuate Collection Set: 0.2ms
[216.620s][info][gc,phases      ] GC(113)   Post Evacuate Collection Set: 1.1ms
[216.620s][info][gc,phases      ] GC(113)   Other: 0.2ms
[216.620s][info][gc,heap        ] GC(113) Eden regions: 1227->0(1227)
[216.620s][info][gc,heap        ] GC(113) Survivor regions: 1->1(154)
[216.620s][info][gc,heap        ] GC(113) Old regions: 33->33
[216.620s][info][gc,heap        ] GC(113) Archive regions: 0->0
[216.620s][info][gc,heap        ] GC(113) Humongous regions: 0->0
[216.620s][info][gc,metaspace   ] GC(113) Metaspace: 34265K(34624K)->34265K(34624K) NonClass: 30351K(30528K)->30351K(30528K) Class: 3914K(4096K)->3914K(4096K)
[216.620s][info][gc             ] GC(113) Pause Young (Normal) (G1 Evacuation Pause) 5023M->115M(8192M) 1.866ms
[216.620s][info][gc,cpu         ] GC(113) User=0.00s Sys=0.00s Real=0.00s
[220.923s][info][gc,start       ] GC(114) Pause Full (System.gc())
[220.923s][info][gc,task        ] GC(114) Using 6 workers of 6 for full compaction
[220.923s][info][gc,phases,start] GC(114) Phase 1: Mark live objects
[220.943s][info][gc,phases      ] GC(114) Phase 1: Mark live objects 19.534ms
[220.943s][info][gc,phases,start] GC(114) Phase 2: Prepare for compaction
[220.951s][info][gc,phases      ] GC(114) Phase 2: Prepare for compaction 8.561ms
[220.951s][info][gc,phases,start] GC(114) Phase 3: Adjust pointers
[220.960s][info][gc,phases      ] GC(114) Phase 3: Adjust pointers 8.667ms
[220.960s][info][gc,phases,start] GC(114) Phase 4: Compact heap
[220.965s][info][gc,phases      ] GC(114) Phase 4: Compact heap 5.104ms
[220.982s][info][gc,heap        ] GC(114) Eden regions: 1205->0(1228)
[220.982s][info][gc,heap        ] GC(114) Survivor regions: 1->0(154)
[220.982s][info][gc,heap        ] GC(114) Old regions: 33->33
[220.982s][info][gc,heap        ] GC(114) Archive regions: 0->0
[220.982s][info][gc,heap        ] GC(114) Humongous regions: 740->0
[220.982s][info][gc,metaspace   ] GC(114) Metaspace: 34274K(34624K)->34274K(34624K) NonClass: 30360K(30528K)->30360K(30528K) Class: 3914K(4096K)->3914K(4096K)
[220.982s][info][gc             ] GC(114) Pause Full (System.gc()) 7894M->115M(8192M) 59.399ms
[220.982s][info][gc,cpu         ] GC(114) User=0.33s Sys=0.00s Real=0.06s
[221.800s][info][gc,start       ] GC(115) Pause Young (Normal) (G1 Evacuation Pause)
[221.800s][info][gc,task        ] GC(115) Using 6 workers of 6 for evacuation
[221.801s][info][gc,phases      ] GC(115)   Pre Evacuate Collection Set: 0.1ms
[221.801s][info][gc,phases      ] GC(115)   Merge Heap Roots: 0.1ms
[221.801s][info][gc,phases      ] GC(115)   Evacuate Collection Set: 0.1ms
[221.801s][info][gc,phases      ] GC(115)   Post Evacuate Collection Set: 1.1ms
[221.801s][info][gc,phases      ] GC(115)   Other: 0.2ms
[221.801s][info][gc,heap        ] GC(115) Eden regions: 1228->0(1227)
[221.801s][info][gc,heap        ] GC(115) Survivor regions: 0->1(154)
[221.801s][info][gc,heap        ] GC(115) Old regions: 33->33
[221.801s][info][gc,heap        ] GC(115) Archive regions: 0->0
[221.801s][info][gc,heap        ] GC(115) Humongous regions: 0->0
[221.801s][info][gc,metaspace   ] GC(115) Metaspace: 34277K(34624K)->34277K(34624K) NonClass: 30363K(30528K)->30363K(30528K) Class: 3914K(4096K)->3914K(4096K)
[221.801s][info][gc             ] GC(115) Pause Young (Normal) (G1 Evacuation Pause) 5027M->115M(8192M) 1.758ms
[221.801s][info][gc,cpu         ] GC(115) User=0.09s Sys=0.00s Real=0.00s
[222.805s][info][gc,start       ] GC(116) Pause Young (Normal) (G1 Evacuation Pause)
[222.805s][info][gc,task        ] GC(116) Using 6 workers of 6 for evacuation
[222.807s][info][gc,phases      ] GC(116)   Pre Evacuate Collection Set: 0.1ms
[222.807s][info][gc,phases      ] GC(116)   Merge Heap Roots: 0.1ms
[222.807s][info][gc,phases      ] GC(116)   Evacuate Collection Set: 0.2ms
[222.807s][info][gc,phases      ] GC(116)   Post Evacuate Collection Set: 1.1ms
[222.807s][info][gc,phases      ] GC(116)   Other: 0.2ms
[222.807s][info][gc,heap        ] GC(116) Eden regions: 1227->0(1227)
[222.807s][info][gc,heap        ] GC(116) Survivor regions: 1->1(154)
[222.807s][info][gc,heap        ] GC(116) Old regions: 33->33
[222.807s][info][gc,heap        ] GC(116) Archive regions: 0->0
[222.807s][info][gc,heap        ] GC(116) Humongous regions: 0->0
[222.807s][info][gc,metaspace   ] GC(116) Metaspace: 34277K(34624K)->34277K(34624K) NonClass: 30363K(30528K)->30363K(30528K) Class: 3914K(4096K)->3914K(4096K)
[222.807s][info][gc             ] GC(116) Pause Young (Normal) (G1 Evacuation Pause) 5023M->115M(8192M) 1.767ms
[222.807s][info][gc,cpu         ] GC(116) User=0.00s Sys=0.00s Real=0.00s
[227.211s][info][gc,start       ] GC(117) Pause Full (System.gc())
[227.211s][info][gc,task        ] GC(117) Using 6 workers of 6 for full compaction
[227.211s][info][gc,phases,start] GC(117) Phase 1: Mark live objects
[227.230s][info][gc,phases      ] GC(117) Phase 1: Mark live objects 19.261ms
[227.230s][info][gc,phases,start] GC(117) Phase 2: Prepare for compaction
[227.239s][info][gc,phases      ] GC(117) Phase 2: Prepare for compaction 8.458ms
[227.239s][info][gc,phases,start] GC(117) Phase 3: Adjust pointers
[227.248s][info][gc,phases      ] GC(117) Phase 3: Adjust pointers 9.178ms
[227.248s][info][gc,phases,start] GC(117) Phase 4: Compact heap
[227.253s][info][gc,phases      ] GC(117) Phase 4: Compact heap 4.887ms
[227.270s][info][gc,heap        ] GC(117) Eden regions: 1209->0(1228)
[227.271s][info][gc,heap        ] GC(117) Survivor regions: 1->0(154)
[227.271s][info][gc,heap        ] GC(117) Old regions: 33->33
[227.271s][info][gc,heap        ] GC(117) Archive regions: 0->0
[227.271s][info][gc,heap        ] GC(117) Humongous regions: 794->0
[227.271s][info][gc,metaspace   ] GC(117) Metaspace: 34277K(34624K)->34277K(34624K) NonClass: 30363K(30528K)->30363K(30528K) Class: 3914K(4096K)->3914K(4096K)
[227.271s][info][gc             ] GC(117) Pause Full (System.gc()) 8123M->115M(8192M) 59.994ms
[227.271s][info][gc,cpu         ] GC(117) User=0.25s Sys=0.00s Real=0.06s
[228.093s][info][gc,start       ] GC(118) Pause Young (Normal) (G1 Evacuation Pause)
[228.093s][info][gc,task        ] GC(118) Using 6 workers of 6 for evacuation
[228.094s][info][gc,phases      ] GC(118)   Pre Evacuate Collection Set: 0.1ms
[228.094s][info][gc,phases      ] GC(118)   Merge Heap Roots: 0.1ms
[228.094s][info][gc,phases      ] GC(118)   Evacuate Collection Set: 0.2ms
[228.095s][info][gc,phases      ] GC(118)   Post Evacuate Collection Set: 1.0ms
[228.095s][info][gc,phases      ] GC(118)   Other: 0.2ms
[228.095s][info][gc,heap        ] GC(118) Eden regions: 1228->0(1227)
[228.095s][info][gc,heap        ] GC(118) Survivor regions: 0->1(154)
[228.095s][info][gc,heap        ] GC(118) Old regions: 33->33
[228.095s][info][gc,heap        ] GC(118) Archive regions: 0->0
[228.095s][info][gc,heap        ] GC(118) Humongous regions: 0->0
[228.095s][info][gc,metaspace   ] GC(118) Metaspace: 34277K(34624K)->34277K(34624K) NonClass: 30363K(30528K)->30363K(30528K) Class: 3914K(4096K)->3914K(4096K)
[228.095s][info][gc             ] GC(118) Pause Young (Normal) (G1 Evacuation Pause) 5027M->115M(8192M) 1.809ms
[228.095s][info][gc,cpu         ] GC(118) User=0.00s Sys=0.00s Real=0.00s
[229.099s][info][gc,start       ] GC(119) Pause Young (Normal) (G1 Evacuation Pause)
[229.099s][info][gc,task        ] GC(119) Using 6 workers of 6 for evacuation
[229.101s][info][gc,phases      ] GC(119)   Pre Evacuate Collection Set: 0.1ms
[229.101s][info][gc,phases      ] GC(119)   Merge Heap Roots: 0.1ms
[229.101s][info][gc,phases      ] GC(119)   Evacuate Collection Set: 0.2ms
[229.101s][info][gc,phases      ] GC(119)   Post Evacuate Collection Set: 1.1ms
[229.101s][info][gc,phases      ] GC(119)   Other: 0.2ms
[229.101s][info][gc,heap        ] GC(119) Eden regions: 1227->0(1227)
[229.101s][info][gc,heap        ] GC(119) Survivor regions: 1->1(154)
[229.101s][info][gc,heap        ] GC(119) Old regions: 33->33
[229.101s][info][gc,heap        ] GC(119) Archive regions: 0->0
[229.101s][info][gc,heap        ] GC(119) Humongous regions: 0->0
[229.101s][info][gc,metaspace   ] GC(119) Metaspace: 34277K(34624K)->34277K(34624K) NonClass: 30363K(30528K)->30363K(30528K) Class: 3914K(4096K)->3914K(4096K)
[229.101s][info][gc             ] GC(119) Pause Young (Normal) (G1 Evacuation Pause) 5023M->115M(8192M) 1.812ms
[229.101s][info][gc,cpu         ] GC(119) User=0.00s Sys=0.00s Real=0.02s
[233.383s][info][gc,start       ] GC(120) Pause Full (System.gc())
[233.383s][info][gc,task        ] GC(120) Using 6 workers of 6 for full compaction
[233.384s][info][gc,phases,start] GC(120) Phase 1: Mark live objects
[233.402s][info][gc,phases      ] GC(120) Phase 1: Mark live objects 18.063ms
[233.402s][info][gc,phases,start] GC(120) Phase 2: Prepare for compaction
[233.411s][info][gc,phases      ] GC(120) Phase 2: Prepare for compaction 8.981ms
[233.411s][info][gc,phases,start] GC(120) Phase 3: Adjust pointers
[233.419s][info][gc,phases      ] GC(120) Phase 3: Adjust pointers 8.520ms
[233.419s][info][gc,phases,start] GC(120) Phase 4: Compact heap
[233.425s][info][gc,phases      ] GC(120) Phase 4: Compact heap 5.438ms
[233.441s][info][gc,heap        ] GC(120) Eden regions: 1198->0(1228)
[233.441s][info][gc,heap        ] GC(120) Survivor regions: 1->0(154)
[233.441s][info][gc,heap        ] GC(120) Old regions: 33->33
[233.441s][info][gc,heap        ] GC(120) Archive regions: 0->0
[233.441s][info][gc,heap        ] GC(120) Humongous regions: 750->1
[233.441s][info][gc,metaspace   ] GC(120) Metaspace: 34279K(34624K)->34279K(34624K) NonClass: 30365K(30528K)->30365K(30528K) Class: 3914K(4096K)->3914K(4096K)
[233.441s][info][gc             ] GC(120) Pause Full (System.gc()) 7906M->119M(8192M) 58.331ms
[233.442s][info][gc,cpu         ] GC(120) User=0.27s Sys=0.02s Real=0.07s
[234.262s][info][gc,start       ] GC(121) Pause Young (Normal) (G1 Evacuation Pause)
[234.262s][info][gc,task        ] GC(121) Using 6 workers of 6 for evacuation
[234.264s][info][gc,phases      ] GC(121)   Pre Evacuate Collection Set: 0.1ms
[234.264s][info][gc,phases      ] GC(121)   Merge Heap Roots: 0.1ms
[234.264s][info][gc,phases      ] GC(121)   Evacuate Collection Set: 0.1ms
[234.264s][info][gc,phases      ] GC(121)   Post Evacuate Collection Set: 1.1ms
[234.264s][info][gc,phases      ] GC(121)   Other: 0.2ms
[234.264s][info][gc,heap        ] GC(121) Eden regions: 1228->0(1227)
[234.264s][info][gc,heap        ] GC(121) Survivor regions: 0->1(154)
[234.264s][info][gc,heap        ] GC(121) Old regions: 33->33
[234.264s][info][gc,heap        ] GC(121) Archive regions: 0->0
[234.264s][info][gc,heap        ] GC(121) Humongous regions: 1->1
[234.264s][info][gc,metaspace   ] GC(121) Metaspace: 34279K(34624K)->34279K(34624K) NonClass: 30365K(30528K)->30365K(30528K) Class: 3914K(4096K)->3914K(4096K)
[234.264s][info][gc             ] GC(121) Pause Young (Normal) (G1 Evacuation Pause) 5031M->119M(8192M) 1.744ms
[234.264s][info][gc,cpu         ] GC(121) User=0.00s Sys=0.00s Real=0.00s
[235.270s][info][gc,start       ] GC(122) Pause Young (Normal) (G1 Evacuation Pause)
[235.270s][info][gc,task        ] GC(122) Using 6 workers of 6 for evacuation
[235.272s][info][gc,phases      ] GC(122)   Pre Evacuate Collection Set: 0.1ms
[235.272s][info][gc,phases      ] GC(122)   Merge Heap Roots: 0.2ms
[235.272s][info][gc,phases      ] GC(122)   Evacuate Collection Set: 0.2ms
[235.272s][info][gc,phases      ] GC(122)   Post Evacuate Collection Set: 1.1ms
[235.272s][info][gc,phases      ] GC(122)   Other: 0.2ms
[235.272s][info][gc,heap        ] GC(122) Eden regions: 1227->0(1227)
[235.272s][info][gc,heap        ] GC(122) Survivor regions: 1->1(154)
[235.272s][info][gc,heap        ] GC(122) Old regions: 33->33
[235.272s][info][gc,heap        ] GC(122) Archive regions: 0->0
[235.272s][info][gc,heap        ] GC(122) Humongous regions: 1->1
[235.272s][info][gc,metaspace   ] GC(122) Metaspace: 34279K(34624K)->34279K(34624K) NonClass: 30365K(30528K)->30365K(30528K) Class: 3914K(4096K)->3914K(4096K)
[235.272s][info][gc             ] GC(122) Pause Young (Normal) (G1 Evacuation Pause) 5027M->119M(8192M) 1.880ms
[235.272s][info][gc,cpu         ] GC(122) User=0.00s Sys=0.00s Real=0.00s
[239.884s][info][gc,start       ] GC(123) Pause Young (Normal) (G1 Humongous Allocation)
[239.884s][info][gc,task        ] GC(123) Using 6 workers of 6 for evacuation
[239.912s][info][gc             ] GC(123) To-space exhausted
[239.912s][info][gc,phases      ] GC(123)   Pre Evacuate Collection Set: 0.1ms
[239.912s][info][gc,phases      ] GC(123)   Merge Heap Roots: 0.2ms
[239.912s][info][gc,phases      ] GC(123)   Evacuate Collection Set: 6.1ms
[239.912s][info][gc,phases      ] GC(123)   Post Evacuate Collection Set: 21.1ms
[239.912s][info][gc,phases      ] GC(123)   Other: 0.2ms
[239.912s][info][gc,heap        ] GC(123) Eden regions: 1208->0(1227)
[239.912s][info][gc,heap        ] GC(123) Survivor regions: 1->1(1)
[239.912s][info][gc,heap        ] GC(123) Old regions: 33->153
[239.912s][info][gc,heap        ] GC(123) Archive regions: 0->0
[239.912s][info][gc,heap        ] GC(123) Humongous regions: 805->4
[239.912s][info][gc,metaspace   ] GC(123) Metaspace: 34280K(34624K)->34280K(34624K) NonClass: 30366K(30528K)->30366K(30528K) Class: 3914K(4096K)->3914K(4096K)
[239.912s][info][gc             ] GC(123) Pause Young (Normal) (G1 Humongous Allocation) 8167M->611M(8192M) 27.716ms
[239.912s][info][gc,cpu         ] GC(123) User=0.19s Sys=0.00s Real=0.03s
[240.397s][info][gc,start       ] GC(124) Pause Full (System.gc())
[240.398s][info][gc,task        ] GC(124) Using 6 workers of 6 for full compaction
[240.398s][info][gc,phases,start] GC(124) Phase 1: Mark live objects
[240.416s][info][gc,phases      ] GC(124) Phase 1: Mark live objects 18.569ms
[240.416s][info][gc,phases,start] GC(124) Phase 2: Prepare for compaction
[240.423s][info][gc,phases      ] GC(124) Phase 2: Prepare for compaction 6.799ms
[240.423s][info][gc,phases,start] GC(124) Phase 3: Adjust pointers
[240.430s][info][gc,phases      ] GC(124) Phase 3: Adjust pointers 6.794ms
[240.430s][info][gc,phases,start] GC(124) Phase 4: Compact heap
[240.433s][info][gc,phases      ] GC(124) Phase 4: Compact heap 3.234ms
[240.451s][info][gc,heap        ] GC(124) Eden regions: 57->0(1228)
[240.451s][info][gc,heap        ] GC(124) Survivor regions: 1->0(1)
[240.451s][info][gc,heap        ] GC(124) Old regions: 153->33
[240.451s][info][gc,heap        ] GC(124) Archive regions: 0->0
[240.451s][info][gc,heap        ] GC(124) Humongous regions: 110->1
[240.451s][info][gc,metaspace   ] GC(124) Metaspace: 34280K(34624K)->34280K(34624K) NonClass: 30366K(30528K)->30366K(30528K) Class: 3914K(4096K)->3914K(4096K)
[240.451s][info][gc             ] GC(124) Pause Full (System.gc()) 1261M->118M(8192M) 53.250ms
[240.451s][info][gc,cpu         ] GC(124) User=0.28s Sys=0.00s Real=0.06s
[241.273s][info][gc,start       ] GC(125) Pause Young (Normal) (G1 Evacuation Pause)
[241.273s][info][gc,task        ] GC(125) Using 6 workers of 6 for evacuation
[241.274s][info][gc,phases      ] GC(125)   Pre Evacuate Collection Set: 0.1ms
[241.274s][info][gc,phases      ] GC(125)   Merge Heap Roots: 0.1ms
[241.274s][info][gc,phases      ] GC(125)   Evacuate Collection Set: 0.1ms
[241.274s][info][gc,phases      ] GC(125)   Post Evacuate Collection Set: 1.0ms
[241.275s][info][gc,phases      ] GC(125)   Other: 0.2ms
[241.275s][info][gc,heap        ] GC(125) Eden regions: 1228->0(1227)
[241.275s][info][gc,heap        ] GC(125) Survivor regions: 0->1(154)
[241.275s][info][gc,heap        ] GC(125) Old regions: 33->33
[241.275s][info][gc,heap        ] GC(125) Archive regions: 0->0
[241.275s][info][gc,heap        ] GC(125) Humongous regions: 1->1
[241.275s][info][gc,metaspace   ] GC(125) Metaspace: 34280K(34624K)->34280K(34624K) NonClass: 30366K(30528K)->30366K(30528K) Class: 3914K(4096K)->3914K(4096K)
[241.275s][info][gc             ] GC(125) Pause Young (Normal) (G1 Evacuation Pause) 5030M->119M(8192M) 1.688ms
[241.275s][info][gc,cpu         ] GC(125) User=0.00s Sys=0.00s Real=0.00s
[242.275s][info][gc,start       ] GC(126) Pause Young (Normal) (G1 Evacuation Pause)
[242.275s][info][gc,task        ] GC(126) Using 6 workers of 6 for evacuation
[242.277s][info][gc,phases      ] GC(126)   Pre Evacuate Collection Set: 0.1ms
[242.277s][info][gc,phases      ] GC(126)   Merge Heap Roots: 0.1ms
[242.277s][info][gc,phases      ] GC(126)   Evacuate Collection Set: 0.1ms
[242.277s][info][gc,phases      ] GC(126)   Post Evacuate Collection Set: 1.1ms
[242.277s][info][gc,phases      ] GC(126)   Other: 0.2ms
[242.277s][info][gc,heap        ] GC(126) Eden regions: 1227->0(1227)
[242.277s][info][gc,heap        ] GC(126) Survivor regions: 1->1(154)
[242.277s][info][gc,heap        ] GC(126) Old regions: 33->33
[242.277s][info][gc,heap        ] GC(126) Archive regions: 0->0
[242.277s][info][gc,heap        ] GC(126) Humongous regions: 1->1
[242.277s][info][gc,metaspace   ] GC(126) Metaspace: 34280K(34624K)->34280K(34624K) NonClass: 30366K(30528K)->30366K(30528K) Class: 3914K(4096K)->3914K(4096K)
[242.277s][info][gc             ] GC(126) Pause Young (Normal) (G1 Evacuation Pause) 5027M->119M(8192M) 1.784ms
[242.277s][info][gc,cpu         ] GC(126) User=0.00s Sys=0.00s Real=0.00s
[246.291s][info][gc,start       ] GC(127) Pause Full (System.gc())
[246.291s][info][gc,task        ] GC(127) Using 6 workers of 6 for full compaction
[246.291s][info][gc,phases,start] GC(127) Phase 1: Mark live objects
[246.310s][info][gc,phases      ] GC(127) Phase 1: Mark live objects 18.786ms
[246.310s][info][gc,phases,start] GC(127) Phase 2: Prepare for compaction
[246.319s][info][gc,phases      ] GC(127) Phase 2: Prepare for compaction 9.296ms
[246.319s][info][gc,phases,start] GC(127) Phase 3: Adjust pointers
[246.328s][info][gc,phases      ] GC(127) Phase 3: Adjust pointers 8.736ms
[246.328s][info][gc,phases,start] GC(127) Phase 4: Compact heap
[246.334s][info][gc,phases      ] GC(127) Phase 4: Compact heap 5.731ms
[246.350s][info][gc,heap        ] GC(127) Eden regions: 1163->0(1228)
[246.350s][info][gc,heap        ] GC(127) Survivor regions: 1->0(154)
[246.350s][info][gc,heap        ] GC(127) Old regions: 33->34
[246.350s][info][gc,heap        ] GC(127) Archive regions: 0->0
[246.350s][info][gc,heap        ] GC(127) Humongous regions: 707->1
[246.350s][info][gc,metaspace   ] GC(127) Metaspace: 34284K(34624K)->34284K(34624K) NonClass: 30369K(30528K)->30369K(30528K) Class: 3914K(4096K)->3914K(4096K)
[246.350s][info][gc             ] GC(127) Pause Full (System.gc()) 7592M->119M(8192M) 59.480ms
[246.350s][info][gc,cpu         ] GC(127) User=0.28s Sys=0.00s Real=0.06s
[247.170s][info][gc,start       ] GC(128) Pause Young (Normal) (G1 Evacuation Pause)
[247.170s][info][gc,task        ] GC(128) Using 6 workers of 6 for evacuation
[247.172s][info][gc,phases      ] GC(128)   Pre Evacuate Collection Set: 0.1ms
[247.172s][info][gc,phases      ] GC(128)   Merge Heap Roots: 0.1ms
[247.172s][info][gc,phases      ] GC(128)   Evacuate Collection Set: 0.2ms
[247.172s][info][gc,phases      ] GC(128)   Post Evacuate Collection Set: 1.1ms
[247.172s][info][gc,phases      ] GC(128)   Other: 0.2ms
[247.172s][info][gc,heap        ] GC(128) Eden regions: 1228->0(1227)
[247.172s][info][gc,heap        ] GC(128) Survivor regions: 0->1(154)
[247.172s][info][gc,heap        ] GC(128) Old regions: 34->34
[247.172s][info][gc,heap        ] GC(128) Archive regions: 0->0
[247.172s][info][gc,heap        ] GC(128) Humongous regions: 1->1
[247.172s][info][gc,metaspace   ] GC(128) Metaspace: 34284K(34624K)->34284K(34624K) NonClass: 30370K(30528K)->30370K(30528K) Class: 3914K(4096K)->3914K(4096K)
[247.172s][info][gc             ] GC(128) Pause Young (Normal) (G1 Evacuation Pause) 5031M->119M(8192M) 1.771ms
[247.172s][info][gc,cpu         ] GC(128) User=0.00s Sys=0.00s Real=0.00s
[248.174s][info][gc,start       ] GC(129) Pause Young (Normal) (G1 Evacuation Pause)
[248.174s][info][gc,task        ] GC(129) Using 6 workers of 6 for evacuation
[248.176s][info][gc,phases      ] GC(129)   Pre Evacuate Collection Set: 0.1ms
[248.176s][info][gc,phases      ] GC(129)   Merge Heap Roots: 0.1ms
[248.176s][info][gc,phases      ] GC(129)   Evacuate Collection Set: 0.2ms
[248.176s][info][gc,phases      ] GC(129)   Post Evacuate Collection Set: 1.1ms
[248.176s][info][gc,phases      ] GC(129)   Other: 0.2ms
[248.176s][info][gc,heap        ] GC(129) Eden regions: 1227->0(1227)
[248.176s][info][gc,heap        ] GC(129) Survivor regions: 1->1(154)
[248.176s][info][gc,heap        ] GC(129) Old regions: 34->34
[248.176s][info][gc,heap        ] GC(129) Archive regions: 0->0
[248.176s][info][gc,heap        ] GC(129) Humongous regions: 1->1
[248.176s][info][gc,metaspace   ] GC(129) Metaspace: 34284K(34624K)->34284K(34624K) NonClass: 30370K(30528K)->30370K(30528K) Class: 3914K(4096K)->3914K(4096K)
[248.176s][info][gc             ] GC(129) Pause Young (Normal) (G1 Evacuation Pause) 5027M->119M(8192M) 1.840ms
[248.176s][info][gc,cpu         ] GC(129) User=0.09s Sys=0.00s Real=0.00s
[251.961s][info][gc,start       ] GC(130) Pause Full (System.gc())
[251.961s][info][gc,task        ] GC(130) Using 6 workers of 6 for full compaction
[251.961s][info][gc,phases,start] GC(130) Phase 1: Mark live objects
[251.979s][info][gc,phases      ] GC(130) Phase 1: Mark live objects 17.962ms
[251.979s][info][gc,phases,start] GC(130) Phase 2: Prepare for compaction
[251.987s][info][gc,phases      ] GC(130) Phase 2: Prepare for compaction 8.204ms
[251.988s][info][gc,phases,start] GC(130) Phase 3: Adjust pointers
[251.996s][info][gc,phases      ] GC(130) Phase 3: Adjust pointers 8.785ms
[251.996s][info][gc,phases,start] GC(130) Phase 4: Compact heap
[252.002s][info][gc,phases      ] GC(130) Phase 4: Compact heap 5.134ms
[252.019s][info][gc,heap        ] GC(130) Eden regions: 1151->0(1228)
[252.019s][info][gc,heap        ] GC(130) Survivor regions: 1->0(154)
[252.019s][info][gc,heap        ] GC(130) Old regions: 34->32
[252.019s][info][gc,heap        ] GC(130) Archive regions: 0->0
[252.019s][info][gc,heap        ] GC(130) Humongous regions: 630->0
[252.019s][info][gc,metaspace   ] GC(130) Metaspace: 34288K(34624K)->34288K(34624K) NonClass: 30373K(30528K)->30373K(30528K) Class: 3914K(4096K)->3914K(4096K)
[252.019s][info][gc             ] GC(130) Pause Full (System.gc()) 7235M->115M(8192M) 57.751ms
[252.019s][info][gc,cpu         ] GC(130) User=0.28s Sys=0.00s Real=0.05s
[252.837s][info][gc,start       ] GC(131) Pause Young (Normal) (G1 Evacuation Pause)
[252.837s][info][gc,task        ] GC(131) Using 6 workers of 6 for evacuation
[252.839s][info][gc,phases      ] GC(131)   Pre Evacuate Collection Set: 0.1ms
[252.839s][info][gc,phases      ] GC(131)   Merge Heap Roots: 0.1ms
[252.839s][info][gc,phases      ] GC(131)   Evacuate Collection Set: 0.1ms
[252.839s][info][gc,phases      ] GC(131)   Post Evacuate Collection Set: 1.1ms
[252.839s][info][gc,phases      ] GC(131)   Other: 0.2ms
[252.839s][info][gc,heap        ] GC(131) Eden regions: 1228->0(1227)
[252.839s][info][gc,heap        ] GC(131) Survivor regions: 0->1(154)
[252.839s][info][gc,heap        ] GC(131) Old regions: 32->32
[252.839s][info][gc,heap        ] GC(131) Archive regions: 0->0
[252.839s][info][gc,heap        ] GC(131) Humongous regions: 0->0
[252.839s][info][gc,metaspace   ] GC(131) Metaspace: 34291K(34624K)->34291K(34624K) NonClass: 30376K(30528K)->30376K(30528K) Class: 3914K(4096K)->3914K(4096K)
[252.839s][info][gc             ] GC(131) Pause Young (Normal) (G1 Evacuation Pause) 5027M->115M(8192M) 1.740ms
[252.839s][info][gc,cpu         ] GC(131) User=0.00s Sys=0.00s Real=0.00s
[253.852s][info][gc,start       ] GC(132) Pause Young (Normal) (G1 Evacuation Pause)
[253.852s][info][gc,task        ] GC(132) Using 6 workers of 6 for evacuation
[253.854s][info][gc,phases      ] GC(132)   Pre Evacuate Collection Set: 0.1ms
[253.854s][info][gc,phases      ] GC(132)   Merge Heap Roots: 0.1ms
[253.854s][info][gc,phases      ] GC(132)   Evacuate Collection Set: 0.2ms
[253.854s][info][gc,phases      ] GC(132)   Post Evacuate Collection Set: 1.1ms
[253.854s][info][gc,phases      ] GC(132)   Other: 0.2ms
[253.854s][info][gc,heap        ] GC(132) Eden regions: 1227->0(1227)
[253.854s][info][gc,heap        ] GC(132) Survivor regions: 1->1(154)
[253.854s][info][gc,heap        ] GC(132) Old regions: 32->32
[253.854s][info][gc,heap        ] GC(132) Archive regions: 0->0
[253.854s][info][gc,heap        ] GC(132) Humongous regions: 0->0
[253.854s][info][gc,metaspace   ] GC(132) Metaspace: 34291K(34624K)->34291K(34624K) NonClass: 30376K(30528K)->30376K(30528K) Class: 3914K(4096K)->3914K(4096K)
[253.854s][info][gc             ] GC(132) Pause Young (Normal) (G1 Evacuation Pause) 5023M->115M(8192M) 1.844ms
[253.854s][info][gc,cpu         ] GC(132) User=0.00s Sys=0.00s Real=0.00s
[258.476s][info][gc,start       ] GC(133) Pause Young (Normal) (G1 Preventive Collection)
[258.476s][info][gc,task        ] GC(133) Using 6 workers of 6 for evacuation
[258.502s][info][gc             ] GC(133) To-space exhausted
[258.502s][info][gc,phases      ] GC(133)   Pre Evacuate Collection Set: 0.1ms
[258.502s][info][gc,phases      ] GC(133)   Merge Heap Roots: 0.2ms
[258.502s][info][gc,phases      ] GC(133)   Evacuate Collection Set: 6.0ms
[258.502s][info][gc,phases      ] GC(133)   Post Evacuate Collection Set: 18.7ms
[258.502s][info][gc,phases      ] GC(133)   Other: 0.2ms
[258.502s][info][gc,heap        ] GC(133) Eden regions: 1214->0(1227)
[258.502s][info][gc,heap        ] GC(133) Survivor regions: 1->1(1)
[258.502s][info][gc,heap        ] GC(133) Old regions: 32->132
[258.502s][info][gc,heap        ] GC(133) Archive regions: 0->0
[258.502s][info][gc,heap        ] GC(133) Humongous regions: 800->0
[258.502s][info][gc,metaspace   ] GC(133) Metaspace: 34292K(34624K)->34292K(34624K) NonClass: 30378K(30528K)->30378K(30528K) Class: 3914K(4096K)->3914K(4096K)
[258.502s][info][gc             ] GC(133) Pause Young (Normal) (G1 Preventive Collection) 8171M->519M(8192M) 25.359ms
[258.502s][info][gc,cpu         ] GC(133) User=0.09s Sys=0.00s Real=0.03s
[258.933s][info][gc,start       ] GC(134) Pause Full (System.gc())
[258.933s][info][gc,task        ] GC(134) Using 6 workers of 6 for full compaction
[258.933s][info][gc,phases,start] GC(134) Phase 1: Mark live objects
[258.950s][info][gc,phases      ] GC(134) Phase 1: Mark live objects 17.143ms
[258.950s][info][gc,phases,start] GC(134) Phase 2: Prepare for compaction
[258.957s][info][gc,phases      ] GC(134) Phase 2: Prepare for compaction 6.327ms
[258.957s][info][gc,phases,start] GC(134) Phase 3: Adjust pointers
[258.964s][info][gc,phases      ] GC(134) Phase 3: Adjust pointers 7.282ms
[258.964s][info][gc,phases,start] GC(134) Phase 4: Compact heap
[258.967s][info][gc,phases      ] GC(134) Phase 4: Compact heap 3.052ms
[258.985s][info][gc,heap        ] GC(134) Eden regions: 52->0(1228)
[258.985s][info][gc,heap        ] GC(134) Survivor regions: 1->0(1)
[258.985s][info][gc,heap        ] GC(134) Old regions: 132->33
[258.985s][info][gc,heap        ] GC(134) Archive regions: 0->0
[258.985s][info][gc,heap        ] GC(134) Humongous regions: 93->1
[258.985s][info][gc,metaspace   ] GC(134) Metaspace: 34293K(34624K)->34293K(34624K) NonClass: 30379K(30528K)->30379K(30528K) Class: 3914K(4096K)->3914K(4096K)
[258.985s][info][gc             ] GC(134) Pause Full (System.gc()) 1096M->119M(8192M) 52.126ms
[258.985s][info][gc,cpu         ] GC(134) User=0.17s Sys=0.02s Real=0.05s
[259.804s][info][gc,start       ] GC(135) Pause Young (Normal) (G1 Evacuation Pause)
[259.804s][info][gc,task        ] GC(135) Using 6 workers of 6 for evacuation
[259.805s][info][gc,phases      ] GC(135)   Pre Evacuate Collection Set: 0.1ms
[259.805s][info][gc,phases      ] GC(135)   Merge Heap Roots: 0.1ms
[259.805s][info][gc,phases      ] GC(135)   Evacuate Collection Set: 0.2ms
[259.805s][info][gc,phases      ] GC(135)   Post Evacuate Collection Set: 1.1ms
[259.805s][info][gc,phases      ] GC(135)   Other: 0.2ms
[259.805s][info][gc,heap        ] GC(135) Eden regions: 1228->0(1227)
[259.805s][info][gc,heap        ] GC(135) Survivor regions: 0->1(154)
[259.805s][info][gc,heap        ] GC(135) Old regions: 33->33
[259.805s][info][gc,heap        ] GC(135) Archive regions: 0->0
[259.805s][info][gc,heap        ] GC(135) Humongous regions: 1->1
[259.805s][info][gc,metaspace   ] GC(135) Metaspace: 34293K(34624K)->34293K(34624K) NonClass: 30379K(30528K)->30379K(30528K) Class: 3914K(4096K)->3914K(4096K)
[259.805s][info][gc             ] GC(135) Pause Young (Normal) (G1 Evacuation Pause) 5031M->119M(8192M) 1.729ms
[259.805s][info][gc,cpu         ] GC(135) User=0.00s Sys=0.00s Real=0.00s
[260.811s][info][gc,start       ] GC(136) Pause Young (Normal) (G1 Evacuation Pause)
[260.811s][info][gc,task        ] GC(136) Using 6 workers of 6 for evacuation
[260.812s][info][gc,phases      ] GC(136)   Pre Evacuate Collection Set: 0.1ms
[260.812s][info][gc,phases      ] GC(136)   Merge Heap Roots: 0.1ms
[260.813s][info][gc,phases      ] GC(136)   Evacuate Collection Set: 0.2ms
[260.813s][info][gc,phases      ] GC(136)   Post Evacuate Collection Set: 1.1ms
[260.813s][info][gc,phases      ] GC(136)   Other: 0.2ms
[260.813s][info][gc,heap        ] GC(136) Eden regions: 1227->0(1227)
[260.813s][info][gc,heap        ] GC(136) Survivor regions: 1->1(154)
[260.813s][info][gc,heap        ] GC(136) Old regions: 33->33
[260.813s][info][gc,heap        ] GC(136) Archive regions: 0->0
[260.813s][info][gc,heap        ] GC(136) Humongous regions: 1->1
[260.813s][info][gc,metaspace   ] GC(136) Metaspace: 34293K(34624K)->34293K(34624K) NonClass: 30379K(30528K)->30379K(30528K) Class: 3914K(4096K)->3914K(4096K)
[260.813s][info][gc             ] GC(136) Pause Young (Normal) (G1 Evacuation Pause) 5027M->119M(8192M) 1.795ms
[260.813s][info][gc,cpu         ] GC(136) User=0.00s Sys=0.00s Real=0.00s
[265.321s][info][gc,start       ] GC(137) Pause Young (Normal) (G1 Preventive Collection)
[265.321s][info][gc,task        ] GC(137) Using 6 workers of 6 for evacuation
[265.366s][info][gc             ] GC(137) To-space exhausted
[265.366s][info][gc,phases      ] GC(137)   Pre Evacuate Collection Set: 0.1ms
[265.366s][info][gc,phases      ] GC(137)   Merge Heap Roots: 0.2ms
[265.366s][info][gc,phases      ] GC(137)   Evacuate Collection Set: 7.4ms
[265.366s][info][gc,phases      ] GC(137)   Post Evacuate Collection Set: 37.3ms
[265.366s][info][gc,phases      ] GC(137)   Other: 0.2ms
[265.366s][info][gc,heap        ] GC(137) Eden regions: 1210->0(1226)
[265.366s][info][gc,heap        ] GC(137) Survivor regions: 1->2(2)
[265.366s][info][gc,heap        ] GC(137) Old regions: 33->281
[265.366s][info][gc,heap        ] GC(137) Archive regions: 0->0
[265.366s][info][gc,heap        ] GC(137) Humongous regions: 802->5
[265.366s][info][gc,metaspace   ] GC(137) Metaspace: 34293K(34624K)->34293K(34624K) NonClass: 30379K(30528K)->30379K(30528K) Class: 3914K(4096K)->3914K(4096K)
[265.366s][info][gc             ] GC(137) Pause Young (Normal) (G1 Preventive Collection) 8161M->1133M(8192M) 45.365ms
[265.366s][info][gc,cpu         ] GC(137) User=0.27s Sys=0.00s Real=0.04s
[265.822s][info][gc,start       ] GC(138) Pause Full (System.gc())
[265.822s][info][gc,task        ] GC(138) Using 6 workers of 6 for full compaction
[265.822s][info][gc,phases,start] GC(138) Phase 1: Mark live objects
[265.841s][info][gc,phases      ] GC(138) Phase 1: Mark live objects 18.990ms
[265.841s][info][gc,phases,start] GC(138) Phase 2: Prepare for compaction
[265.848s][info][gc,phases      ] GC(138) Phase 2: Prepare for compaction 6.473ms
[265.848s][info][gc,phases,start] GC(138) Phase 3: Adjust pointers
[265.855s][info][gc,phases      ] GC(138) Phase 3: Adjust pointers 7.676ms
[265.855s][info][gc,phases,start] GC(138) Phase 4: Compact heap
[265.859s][info][gc,phases      ] GC(138) Phase 4: Compact heap 3.463ms
[265.876s][info][gc,heap        ] GC(138) Eden regions: 56->0(1228)
[265.876s][info][gc,heap        ] GC(138) Survivor regions: 2->0(2)
[265.876s][info][gc,heap        ] GC(138) Old regions: 281->33
[265.876s][info][gc,heap        ] GC(138) Archive regions: 0->0
[265.876s][info][gc,heap        ] GC(138) Humongous regions: 104->1
[265.876s][info][gc,metaspace   ] GC(138) Metaspace: 34293K(34624K)->34293K(34624K) NonClass: 30379K(30528K)->30379K(30528K) Class: 3914K(4096K)->3914K(4096K)
[265.876s][info][gc             ] GC(138) Pause Full (System.gc()) 1752M->119M(8192M) 54.300ms
[265.876s][info][gc,cpu         ] GC(138) User=0.17s Sys=0.00s Real=0.06s
[266.695s][info][gc,start       ] GC(139) Pause Young (Normal) (G1 Evacuation Pause)
[266.695s][info][gc,task        ] GC(139) Using 6 workers of 6 for evacuation
[266.697s][info][gc,phases      ] GC(139)   Pre Evacuate Collection Set: 0.3ms
[266.697s][info][gc,phases      ] GC(139)   Merge Heap Roots: 0.5ms
[266.697s][info][gc,phases      ] GC(139)   Evacuate Collection Set: 0.6ms
[266.697s][info][gc,phases      ] GC(139)   Post Evacuate Collection Set: 1.2ms
[266.697s][info][gc,phases      ] GC(139)   Other: 0.2ms
[266.698s][info][gc,heap        ] GC(139) Eden regions: 1228->0(1227)
[266.698s][info][gc,heap        ] GC(139) Survivor regions: 0->1(154)
[266.698s][info][gc,heap        ] GC(139) Old regions: 33->33
[266.698s][info][gc,heap        ] GC(139) Archive regions: 0->0
[266.698s][info][gc,heap        ] GC(139) Humongous regions: 1->1
[266.698s][info][gc,metaspace   ] GC(139) Metaspace: 34293K(34624K)->34293K(34624K) NonClass: 30379K(30528K)->30379K(30528K) Class: 3914K(4096K)->3914K(4096K)
[266.698s][info][gc             ] GC(139) Pause Young (Normal) (G1 Evacuation Pause) 5031M->120M(8192M) 3.013ms
[266.698s][info][gc,cpu         ] GC(139) User=0.00s Sys=0.00s Real=0.00s
[267.702s][info][gc,start       ] GC(140) Pause Young (Normal) (G1 Evacuation Pause)
[267.702s][info][gc,task        ] GC(140) Using 6 workers of 6 for evacuation
[267.704s][info][gc,phases      ] GC(140)   Pre Evacuate Collection Set: 0.1ms
[267.704s][info][gc,phases      ] GC(140)   Merge Heap Roots: 0.1ms
[267.704s][info][gc,phases      ] GC(140)   Evacuate Collection Set: 0.2ms
[267.704s][info][gc,phases      ] GC(140)   Post Evacuate Collection Set: 1.0ms
[267.704s][info][gc,phases      ] GC(140)   Other: 0.2ms
[267.704s][info][gc,heap        ] GC(140) Eden regions: 1227->0(1227)
[267.704s][info][gc,heap        ] GC(140) Survivor regions: 1->1(154)
[267.704s][info][gc,heap        ] GC(140) Old regions: 33->33
[267.704s][info][gc,heap        ] GC(140) Archive regions: 0->0
[267.704s][info][gc,heap        ] GC(140) Humongous regions: 1->1
[267.704s][info][gc,metaspace   ] GC(140) Metaspace: 34293K(34624K)->34293K(34624K) NonClass: 30379K(30528K)->30379K(30528K) Class: 3914K(4096K)->3914K(4096K)
[267.704s][info][gc             ] GC(140) Pause Young (Normal) (G1 Evacuation Pause) 5028M->119M(8192M) 1.750ms
[267.704s][info][gc,cpu         ] GC(140) User=0.00s Sys=0.00s Real=0.00s
[272.160s][info][gc,start       ] GC(141) Pause Full (System.gc())
[272.161s][info][gc,task        ] GC(141) Using 6 workers of 6 for full compaction
[272.161s][info][gc,phases,start] GC(141) Phase 1: Mark live objects
[272.178s][info][gc,phases      ] GC(141) Phase 1: Mark live objects 17.303ms
[272.178s][info][gc,phases,start] GC(141) Phase 2: Prepare for compaction
[272.186s][info][gc,phases      ] GC(141) Phase 2: Prepare for compaction 8.228ms
[272.186s][info][gc,phases,start] GC(141) Phase 3: Adjust pointers
[272.195s][info][gc,phases      ] GC(141) Phase 3: Adjust pointers 9.106ms
[272.196s][info][gc,phases,start] GC(141) Phase 4: Compact heap
[272.201s][info][gc,phases      ] GC(141) Phase 4: Compact heap 5.151ms
[272.218s][info][gc,heap        ] GC(141) Eden regions: 1212->0(1228)
[272.218s][info][gc,heap        ] GC(141) Survivor regions: 1->0(154)
[272.218s][info][gc,heap        ] GC(141) Old regions: 33->33
[272.218s][info][gc,heap        ] GC(141) Archive regions: 0->0
[272.218s][info][gc,heap        ] GC(141) Humongous regions: 794->0
[272.218s][info][gc,metaspace   ] GC(141) Metaspace: 34293K(34624K)->34293K(34624K) NonClass: 30379K(30528K)->30379K(30528K) Class: 3914K(4096K)->3914K(4096K)
[272.218s][info][gc             ] GC(141) Pause Full (System.gc()) 8135M->116M(8192M) 57.513ms
[272.218s][info][gc,cpu         ] GC(141) User=0.17s Sys=0.00s Real=0.06s
[273.039s][info][gc,start       ] GC(142) Pause Young (Normal) (G1 Evacuation Pause)
[273.039s][info][gc,task        ] GC(142) Using 6 workers of 6 for evacuation
[273.041s][info][gc,phases      ] GC(142)   Pre Evacuate Collection Set: 0.1ms
[273.041s][info][gc,phases      ] GC(142)   Merge Heap Roots: 0.1ms
[273.041s][info][gc,phases      ] GC(142)   Evacuate Collection Set: 0.2ms
[273.041s][info][gc,phases      ] GC(142)   Post Evacuate Collection Set: 1.1ms
[273.041s][info][gc,phases      ] GC(142)   Other: 0.2ms
[273.041s][info][gc,heap        ] GC(142) Eden regions: 1228->0(1227)
[273.041s][info][gc,heap        ] GC(142) Survivor regions: 0->1(154)
[273.041s][info][gc,heap        ] GC(142) Old regions: 33->33
[273.041s][info][gc,heap        ] GC(142) Archive regions: 0->0
[273.041s][info][gc,heap        ] GC(142) Humongous regions: 0->0
[273.041s][info][gc,metaspace   ] GC(142) Metaspace: 34295K(34624K)->34295K(34624K) NonClass: 30381K(30528K)->30381K(30528K) Class: 3914K(4096K)->3914K(4096K)
[273.041s][info][gc             ] GC(142) Pause Young (Normal) (G1 Evacuation Pause) 5028M->116M(8192M) 1.874ms
[273.041s][info][gc,cpu         ] GC(142) User=0.00s Sys=0.00s Real=0.00s
[274.052s][info][gc,start       ] GC(143) Pause Young (Normal) (G1 Evacuation Pause)
[274.052s][info][gc,task        ] GC(143) Using 6 workers of 6 for evacuation
[274.054s][info][gc,phases      ] GC(143)   Pre Evacuate Collection Set: 0.1ms
[274.054s][info][gc,phases      ] GC(143)   Merge Heap Roots: 0.1ms
[274.054s][info][gc,phases      ] GC(143)   Evacuate Collection Set: 0.1ms
[274.054s][info][gc,phases      ] GC(143)   Post Evacuate Collection Set: 1.1ms
[274.054s][info][gc,phases      ] GC(143)   Other: 0.2ms
[274.054s][info][gc,heap        ] GC(143) Eden regions: 1227->0(1227)
[274.054s][info][gc,heap        ] GC(143) Survivor regions: 1->1(154)
[274.054s][info][gc,heap        ] GC(143) Old regions: 33->33
[274.054s][info][gc,heap        ] GC(143) Archive regions: 0->0
[274.054s][info][gc,heap        ] GC(143) Humongous regions: 0->0
[274.054s][info][gc,metaspace   ] GC(143) Metaspace: 34295K(34624K)->34295K(34624K) NonClass: 30381K(30528K)->30381K(30528K) Class: 3914K(4096K)->3914K(4096K)
[274.054s][info][gc             ] GC(143) Pause Young (Normal) (G1 Evacuation Pause) 5024M->116M(8192M) 1.795ms
[274.054s][info][gc,cpu         ] GC(143) User=0.00s Sys=0.00s Real=0.00s
[278.238s][info][gc,start       ] GC(144) Pause Full (System.gc())
[278.238s][info][gc,task        ] GC(144) Using 6 workers of 6 for full compaction
[278.239s][info][gc,phases,start] GC(144) Phase 1: Mark live objects
[278.257s][info][gc,phases      ] GC(144) Phase 1: Mark live objects 18.589ms
[278.257s][info][gc,phases,start] GC(144) Phase 2: Prepare for compaction
[278.266s][info][gc,phases      ] GC(144) Phase 2: Prepare for compaction 8.241ms
[278.266s][info][gc,phases,start] GC(144) Phase 3: Adjust pointers
[278.275s][info][gc,phases      ] GC(144) Phase 3: Adjust pointers 9.024ms
[278.275s][info][gc,phases,start] GC(144) Phase 4: Compact heap
[278.280s][info][gc,phases      ] GC(144) Phase 4: Compact heap 5.116ms
[278.297s][info][gc,heap        ] GC(144) Eden regions: 1186->0(1228)
[278.297s][info][gc,heap        ] GC(144) Survivor regions: 1->0(154)
[278.297s][info][gc,heap        ] GC(144) Old regions: 33->33
[278.297s][info][gc,heap        ] GC(144) Archive regions: 0->0
[278.297s][info][gc,heap        ] GC(144) Humongous regions: 732->1
[278.297s][info][gc,metaspace   ] GC(144) Metaspace: 34297K(34624K)->34297K(34624K) NonClass: 30383K(30528K)->30383K(30528K) Class: 3914K(4096K)->3914K(4096K)
[278.297s][info][gc             ] GC(144) Pause Full (System.gc()) 7784M->119M(8192M) 58.435ms
[278.297s][info][gc,cpu         ] GC(144) User=0.20s Sys=0.00s Real=0.05s
[279.116s][info][gc,start       ] GC(145) Pause Young (Normal) (G1 Evacuation Pause)
[279.116s][info][gc,task        ] GC(145) Using 6 workers of 6 for evacuation
[279.118s][info][gc,phases      ] GC(145)   Pre Evacuate Collection Set: 0.1ms
[279.118s][info][gc,phases      ] GC(145)   Merge Heap Roots: 0.1ms
[279.118s][info][gc,phases      ] GC(145)   Evacuate Collection Set: 0.2ms
[279.118s][info][gc,phases      ] GC(145)   Post Evacuate Collection Set: 1.1ms
[279.118s][info][gc,phases      ] GC(145)   Other: 0.2ms
[279.118s][info][gc,heap        ] GC(145) Eden regions: 1228->0(1227)
[279.118s][info][gc,heap        ] GC(145) Survivor regions: 0->1(154)
[279.118s][info][gc,heap        ] GC(145) Old regions: 33->33
[279.118s][info][gc,heap        ] GC(145) Archive regions: 0->0
[279.118s][info][gc,heap        ] GC(145) Humongous regions: 1->1
[279.118s][info][gc,metaspace   ] GC(145) Metaspace: 34297K(34624K)->34297K(34624K) NonClass: 30383K(30528K)->30383K(30528K) Class: 3914K(4096K)->3914K(4096K)
[279.118s][info][gc             ] GC(145) Pause Young (Normal) (G1 Evacuation Pause) 5031M->119M(8192M) 1.780ms
[279.118s][info][gc,cpu         ] GC(145) User=0.00s Sys=0.00s Real=0.00s
[280.129s][info][gc,start       ] GC(146) Pause Young (Normal) (G1 Evacuation Pause)
[280.129s][info][gc,task        ] GC(146) Using 6 workers of 6 for evacuation
[280.130s][info][gc,phases      ] GC(146)   Pre Evacuate Collection Set: 0.1ms
[280.130s][info][gc,phases      ] GC(146)   Merge Heap Roots: 0.1ms
[280.130s][info][gc,phases      ] GC(146)   Evacuate Collection Set: 0.2ms
[280.130s][info][gc,phases      ] GC(146)   Post Evacuate Collection Set: 1.1ms
[280.130s][info][gc,phases      ] GC(146)   Other: 0.2ms
[280.130s][info][gc,heap        ] GC(146) Eden regions: 1227->0(1227)
[280.130s][info][gc,heap        ] GC(146) Survivor regions: 1->1(154)
[280.130s][info][gc,heap        ] GC(146) Old regions: 33->33
[280.130s][info][gc,heap        ] GC(146) Archive regions: 0->0
[280.130s][info][gc,heap        ] GC(146) Humongous regions: 1->1
[280.130s][info][gc,metaspace   ] GC(146) Metaspace: 34297K(34624K)->34297K(34624K) NonClass: 30383K(30528K)->30383K(30528K) Class: 3914K(4096K)->3914K(4096K)
[280.130s][info][gc             ] GC(146) Pause Young (Normal) (G1 Evacuation Pause) 5027M->119M(8192M) 1.794ms
[280.130s][info][gc,cpu         ] GC(146) User=0.02s Sys=0.00s Real=0.00s
[284.585s][info][gc,start       ] GC(147) Pause Young (Normal) (G1 Humongous Allocation)
[284.585s][info][gc,task        ] GC(147) Using 6 workers of 6 for evacuation
[284.614s][info][gc             ] GC(147) To-space exhausted
[284.614s][info][gc,phases      ] GC(147)   Pre Evacuate Collection Set: 0.2ms
[284.614s][info][gc,phases      ] GC(147)   Merge Heap Roots: 0.2ms
[284.614s][info][gc,phases      ] GC(147)   Evacuate Collection Set: 6.4ms
[284.614s][info][gc,phases      ] GC(147)   Post Evacuate Collection Set: 21.3ms
[284.614s][info][gc,phases      ] GC(147)   Other: 0.3ms
[284.614s][info][gc,heap        ] GC(147) Eden regions: 1206->0(1227)
[284.614s][info][gc,heap        ] GC(147) Survivor regions: 1->1(1)
[284.614s][info][gc,heap        ] GC(147) Old regions: 33->153
[284.614s][info][gc,heap        ] GC(147) Archive regions: 0->0
[284.614s][info][gc,heap        ] GC(147) Humongous regions: 807->6
[284.614s][info][gc,metaspace   ] GC(147) Metaspace: 34298K(34624K)->34298K(34624K) NonClass: 30384K(30528K)->30384K(30528K) Class: 3914K(4096K)->3914K(4096K)
[284.614s][info][gc             ] GC(147) Pause Young (Normal) (G1 Humongous Allocation) 8166M->618M(8192M) 28.449ms
[284.614s][info][gc,cpu         ] GC(147) User=0.11s Sys=0.00s Real=0.03s
[284.732s][info][gc,start       ] GC(148) Pause Full (System.gc())
[284.733s][info][gc,task        ] GC(148) Using 6 workers of 6 for full compaction
[284.733s][info][gc,phases,start] GC(148) Phase 1: Mark live objects
[284.750s][info][gc,phases      ] GC(148) Phase 1: Mark live objects 17.491ms
[284.751s][info][gc,phases,start] GC(148) Phase 2: Prepare for compaction
[284.757s][info][gc,phases      ] GC(148) Phase 2: Prepare for compaction 6.032ms
[284.757s][info][gc,phases,start] GC(148) Phase 3: Adjust pointers
[284.763s][info][gc,phases      ] GC(148) Phase 3: Adjust pointers 6.818ms
[284.763s][info][gc,phases,start] GC(148) Phase 4: Compact heap
[284.767s][info][gc,phases      ] GC(148) Phase 4: Compact heap 3.520ms
[284.785s][info][gc,heap        ] GC(148) Eden regions: 16->0(1228)
[284.785s][info][gc,heap        ] GC(148) Survivor regions: 1->0(1)
[284.785s][info][gc,heap        ] GC(148) Old regions: 153->32
[284.785s][info][gc,heap        ] GC(148) Archive regions: 0->0
[284.785s][info][gc,heap        ] GC(148) Humongous regions: 28->0
[284.785s][info][gc,metaspace   ] GC(148) Metaspace: 34298K(34624K)->34298K(34624K) NonClass: 30384K(30528K)->30384K(30528K) Class: 3914K(4096K)->3914K(4096K)
[284.785s][info][gc             ] GC(148) Pause Full (System.gc()) 766M->114M(8192M) 52.969ms
[284.785s][info][gc,cpu         ] GC(148) User=0.27s Sys=0.02s Real=0.06s
[285.638s][info][gc,start       ] GC(149) Pause Young (Normal) (G1 Evacuation Pause)
[285.638s][info][gc,task        ] GC(149) Using 6 workers of 6 for evacuation
[285.639s][info][gc,phases      ] GC(149)   Pre Evacuate Collection Set: 0.1ms
[285.639s][info][gc,phases      ] GC(149)   Merge Heap Roots: 0.1ms
[285.639s][info][gc,phases      ] GC(149)   Evacuate Collection Set: 0.1ms
[285.639s][info][gc,phases      ] GC(149)   Post Evacuate Collection Set: 1.0ms
[285.639s][info][gc,phases      ] GC(149)   Other: 0.2ms
[285.639s][info][gc,heap        ] GC(149) Eden regions: 1228->0(1227)
[285.639s][info][gc,heap        ] GC(149) Survivor regions: 0->1(154)
[285.639s][info][gc,heap        ] GC(149) Old regions: 32->32
[285.639s][info][gc,heap        ] GC(149) Archive regions: 0->0
[285.639s][info][gc,heap        ] GC(149) Humongous regions: 0->0
[285.639s][info][gc,metaspace   ] GC(149) Metaspace: 34298K(34624K)->34298K(34624K) NonClass: 30384K(30528K)->30384K(30528K) Class: 3914K(4096K)->3914K(4096K)
[285.639s][info][gc             ] GC(149) Pause Young (Normal) (G1 Evacuation Pause) 5026M->115M(8192M) 1.703ms
[285.639s][info][gc,cpu         ] GC(149) User=0.00s Sys=0.00s Real=0.00s
[286.657s][info][gc,start       ] GC(150) Pause Young (Normal) (G1 Evacuation Pause)
[286.657s][info][gc,task        ] GC(150) Using 6 workers of 6 for evacuation
[286.659s][info][gc,phases      ] GC(150)   Pre Evacuate Collection Set: 0.1ms
[286.659s][info][gc,phases      ] GC(150)   Merge Heap Roots: 0.1ms
[286.659s][info][gc,phases      ] GC(150)   Evacuate Collection Set: 0.2ms
[286.659s][info][gc,phases      ] GC(150)   Post Evacuate Collection Set: 1.0ms
[286.659s][info][gc,phases      ] GC(150)   Other: 0.2ms
[286.659s][info][gc,heap        ] GC(150) Eden regions: 1227->0(1227)
[286.659s][info][gc,heap        ] GC(150) Survivor regions: 1->1(154)
[286.659s][info][gc,heap        ] GC(150) Old regions: 32->32
[286.659s][info][gc,heap        ] GC(150) Archive regions: 0->0
[286.659s][info][gc,heap        ] GC(150) Humongous regions: 0->0
[286.659s][info][gc,metaspace   ] GC(150) Metaspace: 34298K(34624K)->34298K(34624K) NonClass: 30384K(30528K)->30384K(30528K) Class: 3914K(4096K)->3914K(4096K)
[286.659s][info][gc             ] GC(150) Pause Young (Normal) (G1 Evacuation Pause) 5023M->115M(8192M) 1.777ms
[286.659s][info][gc,cpu         ] GC(150) User=0.00s Sys=0.00s Real=0.00s
[290.975s][info][gc,start       ] GC(151) Pause Full (System.gc())
[290.975s][info][gc,task        ] GC(151) Using 6 workers of 6 for full compaction
[290.975s][info][gc,phases,start] GC(151) Phase 1: Mark live objects
[290.993s][info][gc,phases      ] GC(151) Phase 1: Mark live objects 17.855ms
[290.993s][info][gc,phases,start] GC(151) Phase 2: Prepare for compaction
[291.002s][info][gc,phases      ] GC(151) Phase 2: Prepare for compaction 9.027ms
[291.002s][info][gc,phases,start] GC(151) Phase 3: Adjust pointers
[291.011s][info][gc,phases      ] GC(151) Phase 3: Adjust pointers 9.023ms
[291.011s][info][gc,phases,start] GC(151) Phase 4: Compact heap
[291.016s][info][gc,phases      ] GC(151) Phase 4: Compact heap 5.125ms
[291.033s][info][gc,heap        ] GC(151) Eden regions: 1191->0(1228)
[291.033s][info][gc,heap        ] GC(151) Survivor regions: 1->0(154)
[291.033s][info][gc,heap        ] GC(151) Old regions: 32->34
[291.033s][info][gc,heap        ] GC(151) Archive regions: 0->0
[291.033s][info][gc,heap        ] GC(151) Humongous regions: 747->1
[291.033s][info][gc,metaspace   ] GC(151) Metaspace: 34298K(34624K)->34298K(34624K) NonClass: 30384K(30528K)->30384K(30528K) Class: 3914K(4096K)->3914K(4096K)
[291.033s][info][gc             ] GC(151) Pause Full (System.gc()) 7865M->119M(8192M) 58.160ms
[291.033s][info][gc,cpu         ] GC(151) User=0.28s Sys=0.00s Real=0.06s
[291.845s][info][gc,start       ] GC(152) Pause Young (Normal) (G1 Evacuation Pause)
[291.846s][info][gc,task        ] GC(152) Using 6 workers of 6 for evacuation
[291.847s][info][gc,phases      ] GC(152)   Pre Evacuate Collection Set: 0.1ms
[291.847s][info][gc,phases      ] GC(152)   Merge Heap Roots: 0.1ms
[291.847s][info][gc,phases      ] GC(152)   Evacuate Collection Set: 0.2ms
[291.847s][info][gc,phases      ] GC(152)   Post Evacuate Collection Set: 1.1ms
[291.847s][info][gc,phases      ] GC(152)   Other: 0.2ms
[291.847s][info][gc,heap        ] GC(152) Eden regions: 1228->0(1227)
[291.847s][info][gc,heap        ] GC(152) Survivor regions: 0->1(154)
[291.847s][info][gc,heap        ] GC(152) Old regions: 34->34
[291.847s][info][gc,heap        ] GC(152) Archive regions: 0->0
[291.847s][info][gc,heap        ] GC(152) Humongous regions: 1->1
[291.847s][info][gc,metaspace   ] GC(152) Metaspace: 34298K(34624K)->34298K(34624K) NonClass: 30384K(30528K)->30384K(30528K) Class: 3914K(4096K)->3914K(4096K)
[291.847s][info][gc             ] GC(152) Pause Young (Normal) (G1 Evacuation Pause) 5031M->119M(8192M) 1.793ms
[291.847s][info][gc,cpu         ] GC(152) User=0.00s Sys=0.00s Real=0.00s
[292.853s][info][gc,start       ] GC(153) Pause Young (Normal) (G1 Evacuation Pause)
[292.853s][info][gc,task        ] GC(153) Using 6 workers of 6 for evacuation
[292.855s][info][gc,phases      ] GC(153)   Pre Evacuate Collection Set: 0.1ms
[292.855s][info][gc,phases      ] GC(153)   Merge Heap Roots: 0.1ms
[292.855s][info][gc,phases      ] GC(153)   Evacuate Collection Set: 0.1ms
[292.855s][info][gc,phases      ] GC(153)   Post Evacuate Collection Set: 1.1ms
[292.855s][info][gc,phases      ] GC(153)   Other: 0.2ms
[292.855s][info][gc,heap        ] GC(153) Eden regions: 1227->0(1227)
[292.855s][info][gc,heap        ] GC(153) Survivor regions: 1->1(154)
[292.855s][info][gc,heap        ] GC(153) Old regions: 34->34
[292.855s][info][gc,heap        ] GC(153) Archive regions: 0->0
[292.855s][info][gc,heap        ] GC(153) Humongous regions: 1->1
[292.855s][info][gc,metaspace   ] GC(153) Metaspace: 34298K(34624K)->34298K(34624K) NonClass: 30384K(30528K)->30384K(30528K) Class: 3914K(4096K)->3914K(4096K)
[292.855s][info][gc             ] GC(153) Pause Young (Normal) (G1 Evacuation Pause) 5027M->119M(8192M) 1.738ms
[292.855s][info][gc,cpu         ] GC(153) User=0.00s Sys=0.00s Real=0.00s
[296.964s][info][gc,start       ] GC(154) Pause Full (System.gc())
[296.964s][info][gc,task        ] GC(154) Using 6 workers of 6 for full compaction
[296.964s][info][gc,phases,start] GC(154) Phase 1: Mark live objects
[296.983s][info][gc,phases      ] GC(154) Phase 1: Mark live objects 18.588ms
[296.983s][info][gc,phases,start] GC(154) Phase 2: Prepare for compaction
[296.992s][info][gc,phases      ] GC(154) Phase 2: Prepare for compaction 8.699ms
[296.992s][info][gc,phases,start] GC(154) Phase 3: Adjust pointers
[297.000s][info][gc,phases      ] GC(154) Phase 3: Adjust pointers 8.608ms
[297.000s][info][gc,phases,start] GC(154) Phase 4: Compact heap
[297.006s][info][gc,phases      ] GC(154) Phase 4: Compact heap 5.243ms
[297.023s][info][gc,heap        ] GC(154) Eden regions: 1171->0(1228)
[297.023s][info][gc,heap        ] GC(154) Survivor regions: 1->0(154)
[297.023s][info][gc,heap        ] GC(154) Old regions: 34->34
[297.023s][info][gc,heap        ] GC(154) Archive regions: 0->0
[297.023s][info][gc,heap        ] GC(154) Humongous regions: 728->1
[297.023s][info][gc,metaspace   ] GC(154) Metaspace: 34298K(34624K)->34298K(34624K) NonClass: 30384K(30528K)->30384K(30528K) Class: 3914K(4096K)->3914K(4096K)
[297.023s][info][gc             ] GC(154) Pause Full (System.gc()) 7709M->119M(8192M) 58.776ms
[297.023s][info][gc,cpu         ] GC(154) User=0.34s Sys=0.00s Real=0.06s
[297.833s][info][gc,start       ] GC(155) Pause Young (Normal) (G1 Evacuation Pause)
[297.834s][info][gc,task        ] GC(155) Using 6 workers of 6 for evacuation
[297.835s][info][gc,phases      ] GC(155)   Pre Evacuate Collection Set: 0.1ms
[297.835s][info][gc,phases      ] GC(155)   Merge Heap Roots: 0.1ms
[297.835s][info][gc,phases      ] GC(155)   Evacuate Collection Set: 0.2ms
[297.835s][info][gc,phases      ] GC(155)   Post Evacuate Collection Set: 1.1ms
[297.835s][info][gc,phases      ] GC(155)   Other: 0.2ms
[297.835s][info][gc,heap        ] GC(155) Eden regions: 1228->0(1227)
[297.835s][info][gc,heap        ] GC(155) Survivor regions: 0->1(154)
[297.835s][info][gc,heap        ] GC(155) Old regions: 34->34
[297.835s][info][gc,heap        ] GC(155) Archive regions: 0->0
[297.835s][info][gc,heap        ] GC(155) Humongous regions: 1->1
[297.835s][info][gc,metaspace   ] GC(155) Metaspace: 34298K(34624K)->34298K(34624K) NonClass: 30384K(30528K)->30384K(30528K) Class: 3914K(4096K)->3914K(4096K)
[297.835s][info][gc             ] GC(155) Pause Young (Normal) (G1 Evacuation Pause) 5031M->119M(8192M) 1.789ms
[297.835s][info][gc,cpu         ] GC(155) User=0.00s Sys=0.00s Real=0.00s
[298.842s][info][gc,start       ] GC(156) Pause Young (Normal) (G1 Evacuation Pause)
[298.842s][info][gc,task        ] GC(156) Using 6 workers of 6 for evacuation
[298.843s][info][gc,phases      ] GC(156)   Pre Evacuate Collection Set: 0.1ms
[298.844s][info][gc,phases      ] GC(156)   Merge Heap Roots: 0.1ms
[298.844s][info][gc,phases      ] GC(156)   Evacuate Collection Set: 0.1ms
[298.844s][info][gc,phases      ] GC(156)   Post Evacuate Collection Set: 1.0ms
[298.844s][info][gc,phases      ] GC(156)   Other: 0.2ms
[298.844s][info][gc,heap        ] GC(156) Eden regions: 1227->0(1227)
[298.844s][info][gc,heap        ] GC(156) Survivor regions: 1->1(154)
[298.844s][info][gc,heap        ] GC(156) Old regions: 34->34
[298.844s][info][gc,heap        ] GC(156) Archive regions: 0->0
[298.844s][info][gc,heap        ] GC(156) Humongous regions: 1->1
[298.844s][info][gc,metaspace   ] GC(156) Metaspace: 34298K(34624K)->34298K(34624K) NonClass: 30384K(30528K)->30384K(30528K) Class: 3914K(4096K)->3914K(4096K)
[298.844s][info][gc             ] GC(156) Pause Young (Normal) (G1 Evacuation Pause) 5027M->119M(8192M) 1.696ms
[298.844s][info][gc,cpu         ] GC(156) User=0.00s Sys=0.00s Real=0.00s
[302.592s][info][gc,start       ] GC(157) Pause Full (System.gc())
[302.592s][info][gc,task        ] GC(157) Using 6 workers of 6 for full compaction
[302.592s][info][gc,phases,start] GC(157) Phase 1: Mark live objects
[302.610s][info][gc,phases      ] GC(157) Phase 1: Mark live objects 17.761ms
[302.610s][info][gc,phases,start] GC(157) Phase 2: Prepare for compaction
[302.618s][info][gc,phases      ] GC(157) Phase 2: Prepare for compaction 8.223ms
[302.618s][info][gc,phases,start] GC(157) Phase 3: Adjust pointers
[302.627s][info][gc,phases      ] GC(157) Phase 3: Adjust pointers 8.824ms
[302.627s][info][gc,phases,start] GC(157) Phase 4: Compact heap
[302.632s][info][gc,phases      ] GC(157) Phase 4: Compact heap 4.982ms
[302.650s][info][gc,heap        ] GC(157) Eden regions: 1147->0(1228)
[302.650s][info][gc,heap        ] GC(157) Survivor regions: 1->0(154)
[302.650s][info][gc,heap        ] GC(157) Old regions: 34->34
[302.650s][info][gc,heap        ] GC(157) Archive regions: 0->0
[302.650s][info][gc,heap        ] GC(157) Humongous regions: 608->0
[302.650s][info][gc,metaspace   ] GC(157) Metaspace: 34298K(34624K)->34298K(34624K) NonClass: 30384K(30528K)->30384K(30528K) Class: 3914K(4096K)->3914K(4096K)
[302.650s][info][gc             ] GC(157) Pause Full (System.gc()) 7134M->115M(8192M) 57.580ms
[302.650s][info][gc,cpu         ] GC(157) User=0.36s Sys=0.00s Real=0.05s
[303.472s][info][gc,start       ] GC(158) Pause Young (Normal) (G1 Evacuation Pause)
[303.472s][info][gc,task        ] GC(158) Using 6 workers of 6 for evacuation
[303.474s][info][gc,phases      ] GC(158)   Pre Evacuate Collection Set: 0.1ms
[303.474s][info][gc,phases      ] GC(158)   Merge Heap Roots: 0.1ms
[303.474s][info][gc,phases      ] GC(158)   Evacuate Collection Set: 0.2ms
[303.474s][info][gc,phases      ] GC(158)   Post Evacuate Collection Set: 1.1ms
[303.474s][info][gc,phases      ] GC(158)   Other: 0.2ms
[303.474s][info][gc,heap        ] GC(158) Eden regions: 1228->0(1227)
[303.474s][info][gc,heap        ] GC(158) Survivor regions: 0->1(154)
[303.474s][info][gc,heap        ] GC(158) Old regions: 34->34
[303.474s][info][gc,heap        ] GC(158) Archive regions: 0->0
[303.474s][info][gc,heap        ] GC(158) Humongous regions: 0->0
[303.474s][info][gc,metaspace   ] GC(158) Metaspace: 34298K(34624K)->34298K(34624K) NonClass: 30384K(30528K)->30384K(30528K) Class: 3914K(4096K)->3914K(4096K)
[303.474s][info][gc             ] GC(158) Pause Young (Normal) (G1 Evacuation Pause) 5027M->115M(8192M) 1.886ms
[303.474s][info][gc,cpu         ] GC(158) User=0.02s Sys=0.00s Real=0.00s
[304.480s][info][gc,start       ] GC(159) Pause Young (Normal) (G1 Evacuation Pause)
[304.480s][info][gc,task        ] GC(159) Using 6 workers of 6 for evacuation
[304.482s][info][gc,phases      ] GC(159)   Pre Evacuate Collection Set: 0.1ms
[304.482s][info][gc,phases      ] GC(159)   Merge Heap Roots: 0.1ms
[304.482s][info][gc,phases      ] GC(159)   Evacuate Collection Set: 0.1ms
[304.482s][info][gc,phases      ] GC(159)   Post Evacuate Collection Set: 1.0ms
[304.482s][info][gc,phases      ] GC(159)   Other: 0.2ms
[304.482s][info][gc,heap        ] GC(159) Eden regions: 1227->0(1227)
[304.482s][info][gc,heap        ] GC(159) Survivor regions: 1->1(154)
[304.482s][info][gc,heap        ] GC(159) Old regions: 34->34
[304.482s][info][gc,heap        ] GC(159) Archive regions: 0->0
[304.482s][info][gc,heap        ] GC(159) Humongous regions: 0->0
[304.482s][info][gc,metaspace   ] GC(159) Metaspace: 34298K(34624K)->34298K(34624K) NonClass: 30384K(30528K)->30384K(30528K) Class: 3914K(4096K)->3914K(4096K)
[304.482s][info][gc             ] GC(159) Pause Young (Normal) (G1 Evacuation Pause) 5023M->115M(8192M) 1.706ms
[304.482s][info][gc,cpu         ] GC(159) User=0.00s Sys=0.00s Real=0.00s
[309.041s][info][gc,start       ] GC(160) Pause Young (Normal) (G1 Preventive Collection)
[309.041s][info][gc,task        ] GC(160) Using 6 workers of 6 for evacuation
[309.072s][info][gc             ] GC(160) To-space exhausted
[309.072s][info][gc,phases      ] GC(160)   Pre Evacuate Collection Set: 0.1ms
[309.072s][info][gc,phases      ] GC(160)   Merge Heap Roots: 0.2ms
[309.073s][info][gc,phases      ] GC(160)   Evacuate Collection Set: 6.3ms
[309.073s][info][gc,phases      ] GC(160)   Post Evacuate Collection Set: 24.9ms
[309.073s][info][gc,phases      ] GC(160)   Other: 0.2ms
[309.073s][info][gc,heap        ] GC(160) Eden regions: 1210->0(1227)
[309.073s][info][gc,heap        ] GC(160) Survivor regions: 1->1(1)
[309.073s][info][gc,heap        ] GC(160) Old regions: 34->183
[309.073s][info][gc,heap        ] GC(160) Archive regions: 0->0
[309.073s][info][gc,heap        ] GC(160) Humongous regions: 802->0
[309.073s][info][gc,metaspace   ] GC(160) Metaspace: 34298K(34624K)->34298K(34624K) NonClass: 30384K(30528K)->30384K(30528K) Class: 3914K(4096K)->3914K(4096K)
[309.073s][info][gc             ] GC(160) Pause Young (Normal) (G1 Preventive Collection) 8163M->715M(8192M) 31.795ms
[309.073s][info][gc,cpu         ] GC(160) User=0.19s Sys=0.00s Real=0.03s
[309.512s][info][gc,start       ] GC(161) Pause Full (System.gc())
[309.512s][info][gc,task        ] GC(161) Using 6 workers of 6 for full compaction
[309.512s][info][gc,phases,start] GC(161) Phase 1: Mark live objects
[309.530s][info][gc,phases      ] GC(161) Phase 1: Mark live objects 17.964ms
[309.530s][info][gc,phases,start] GC(161) Phase 2: Prepare for compaction
[309.536s][info][gc,phases      ] GC(161) Phase 2: Prepare for compaction 6.237ms
[309.536s][info][gc,phases,start] GC(161) Phase 3: Adjust pointers
[309.543s][info][gc,phases      ] GC(161) Phase 3: Adjust pointers 6.936ms
[309.543s][info][gc,phases,start] GC(161) Phase 4: Compact heap
[309.547s][info][gc,phases      ] GC(161) Phase 4: Compact heap 3.704ms
[309.565s][info][gc,heap        ] GC(161) Eden regions: 56->0(1228)
[309.565s][info][gc,heap        ] GC(161) Survivor regions: 1->0(1)
[309.565s][info][gc,heap        ] GC(161) Old regions: 183->33
[309.565s][info][gc,heap        ] GC(161) Archive regions: 0->0
[309.565s][info][gc,heap        ] GC(161) Humongous regions: 98->1
[309.565s][info][gc,metaspace   ] GC(161) Metaspace: 34313K(34624K)->34313K(34624K) NonClass: 30399K(30528K)->30399K(30528K) Class: 3914K(4096K)->3914K(4096K)
[309.565s][info][gc             ] GC(161) Pause Full (System.gc()) 1327M->119M(8192M) 53.871ms
[309.565s][info][gc,cpu         ] GC(161) User=0.27s Sys=0.00s Real=0.06s
[310.385s][info][gc,start       ] GC(162) Pause Young (Normal) (G1 Evacuation Pause)
[310.385s][info][gc,task        ] GC(162) Using 6 workers of 6 for evacuation
[310.386s][info][gc,phases      ] GC(162)   Pre Evacuate Collection Set: 0.1ms
[310.386s][info][gc,phases      ] GC(162)   Merge Heap Roots: 0.1ms
[310.386s][info][gc,phases      ] GC(162)   Evacuate Collection Set: 0.2ms
[310.386s][info][gc,phases      ] GC(162)   Post Evacuate Collection Set: 1.0ms
[310.386s][info][gc,phases      ] GC(162)   Other: 0.2ms
[310.386s][info][gc,heap        ] GC(162) Eden regions: 1228->0(1227)
[310.386s][info][gc,heap        ] GC(162) Survivor regions: 0->1(154)
[310.386s][info][gc,heap        ] GC(162) Old regions: 33->33
[310.386s][info][gc,heap        ] GC(162) Archive regions: 0->0
[310.386s][info][gc,heap        ] GC(162) Humongous regions: 1->1
[310.386s][info][gc,metaspace   ] GC(162) Metaspace: 34313K(34624K)->34313K(34624K) NonClass: 30399K(30528K)->30399K(30528K) Class: 3914K(4096K)->3914K(4096K)
[310.386s][info][gc             ] GC(162) Pause Young (Normal) (G1 Evacuation Pause) 5031M->119M(8192M) 1.723ms
[310.386s][info][gc,cpu         ] GC(162) User=0.00s Sys=0.00s Real=0.00s
[311.403s][info][gc,start       ] GC(163) Pause Young (Normal) (G1 Evacuation Pause)
[311.403s][info][gc,task        ] GC(163) Using 6 workers of 6 for evacuation
[311.405s][info][gc,phases      ] GC(163)   Pre Evacuate Collection Set: 0.1ms
[311.405s][info][gc,phases      ] GC(163)   Merge Heap Roots: 0.1ms
[311.405s][info][gc,phases      ] GC(163)   Evacuate Collection Set: 0.2ms
[311.405s][info][gc,phases      ] GC(163)   Post Evacuate Collection Set: 1.3ms
[311.405s][info][gc,phases      ] GC(163)   Other: 0.2ms
[311.405s][info][gc,heap        ] GC(163) Eden regions: 1227->0(1227)
[311.405s][info][gc,heap        ] GC(163) Survivor regions: 1->1(154)
[311.405s][info][gc,heap        ] GC(163) Old regions: 33->33
[311.405s][info][gc,heap        ] GC(163) Archive regions: 0->0
[311.405s][info][gc,heap        ] GC(163) Humongous regions: 1->1
[311.405s][info][gc,metaspace   ] GC(163) Metaspace: 34313K(34624K)->34313K(34624K) NonClass: 30399K(30528K)->30399K(30528K) Class: 3914K(4096K)->3914K(4096K)
[311.405s][info][gc             ] GC(163) Pause Young (Normal) (G1 Evacuation Pause) 5027M->119M(8192M) 1.978ms
[311.405s][info][gc,cpu         ] GC(163) User=0.00s Sys=0.00s Real=0.02s
[316.051s][info][gc,start       ] GC(164) Pause Young (Normal) (G1 Preventive Collection)
[316.051s][info][gc,task        ] GC(164) Using 6 workers of 6 for evacuation
[316.074s][info][gc             ] GC(164) To-space exhausted
[316.074s][info][gc,phases      ] GC(164)   Pre Evacuate Collection Set: 0.1ms
[316.074s][info][gc,phases      ] GC(164)   Merge Heap Roots: 0.2ms
[316.074s][info][gc,phases      ] GC(164)   Evacuate Collection Set: 5.5ms
[316.074s][info][gc,phases      ] GC(164)   Post Evacuate Collection Set: 17.4ms
[316.074s][info][gc,phases      ] GC(164)   Other: 0.2ms
[316.074s][info][gc,heap        ] GC(164) Eden regions: 1210->0(1227)
[316.074s][info][gc,heap        ] GC(164) Survivor regions: 1->1(1)
[316.074s][info][gc,heap        ] GC(164) Old regions: 33->124
[316.074s][info][gc,heap        ] GC(164) Archive regions: 0->0
[316.074s][info][gc,heap        ] GC(164) Humongous regions: 803->3
[316.074s][info][gc,metaspace   ] GC(164) Metaspace: 34313K(34624K)->34313K(34624K) NonClass: 30399K(30528K)->30399K(30528K) Class: 3914K(4096K)->3914K(4096K)
[316.074s][info][gc             ] GC(164) Pause Young (Normal) (G1 Preventive Collection) 8167M->495M(8192M) 23.589ms
[316.074s][info][gc,cpu         ] GC(164) User=0.09s Sys=0.00s Real=0.02s
[316.525s][info][gc,start       ] GC(165) Pause Full (System.gc())
[316.525s][info][gc,task        ] GC(165) Using 6 workers of 6 for full compaction
[316.525s][info][gc,phases,start] GC(165) Phase 1: Mark live objects
[316.544s][info][gc,phases      ] GC(165) Phase 1: Mark live objects 18.324ms
[316.544s][info][gc,phases,start] GC(165) Phase 2: Prepare for compaction
[316.549s][info][gc,phases      ] GC(165) Phase 2: Prepare for compaction 5.865ms
[316.550s][info][gc,phases,start] GC(165) Phase 3: Adjust pointers
[316.557s][info][gc,phases      ] GC(165) Phase 3: Adjust pointers 6.969ms
[316.557s][info][gc,phases,start] GC(165) Phase 4: Compact heap
[316.560s][info][gc,phases      ] GC(165) Phase 4: Compact heap 3.796ms
[316.578s][info][gc,heap        ] GC(165) Eden regions: 57->0(1228)
[316.578s][info][gc,heap        ] GC(165) Survivor regions: 1->0(1)
[316.578s][info][gc,heap        ] GC(165) Old regions: 124->33
[316.578s][info][gc,heap        ] GC(165) Archive regions: 0->0
[316.578s][info][gc,heap        ] GC(165) Humongous regions: 100->1
[316.578s][info][gc,metaspace   ] GC(165) Metaspace: 34313K(34624K)->34313K(34624K) NonClass: 30399K(30528K)->30399K(30528K) Class: 3914K(4096K)->3914K(4096K)
[316.578s][info][gc             ] GC(165) Pause Full (System.gc()) 1107M->118M(8192M) 52.920ms
[316.578s][info][gc,cpu         ] GC(165) User=0.25s Sys=0.03s Real=0.05s
[317.395s][info][gc,start       ] GC(166) Pause Young (Normal) (G1 Evacuation Pause)
[317.395s][info][gc,task        ] GC(166) Using 6 workers of 6 for evacuation
[317.397s][info][gc,phases      ] GC(166)   Pre Evacuate Collection Set: 0.1ms
[317.397s][info][gc,phases      ] GC(166)   Merge Heap Roots: 0.1ms
[317.397s][info][gc,phases      ] GC(166)   Evacuate Collection Set: 0.2ms
[317.397s][info][gc,phases      ] GC(166)   Post Evacuate Collection Set: 1.1ms
[317.397s][info][gc,phases      ] GC(166)   Other: 0.2ms
[317.397s][info][gc,heap        ] GC(166) Eden regions: 1228->0(1227)
[317.397s][info][gc,heap        ] GC(166) Survivor regions: 0->1(154)
[317.397s][info][gc,heap        ] GC(166) Old regions: 33->33
[317.397s][info][gc,heap        ] GC(166) Archive regions: 0->0
[317.397s][info][gc,heap        ] GC(166) Humongous regions: 1->1
[317.397s][info][gc,metaspace   ] GC(166) Metaspace: 34313K(34624K)->34313K(34624K) NonClass: 30399K(30528K)->30399K(30528K) Class: 3914K(4096K)->3914K(4096K)
[317.397s][info][gc             ] GC(166) Pause Young (Normal) (G1 Evacuation Pause) 5030M->119M(8192M) 1.786ms
[317.397s][info][gc,cpu         ] GC(166) User=0.00s Sys=0.00s Real=0.00s
[318.405s][info][gc,start       ] GC(167) Pause Young (Normal) (G1 Evacuation Pause)
[318.405s][info][gc,task        ] GC(167) Using 6 workers of 6 for evacuation
[318.407s][info][gc,phases      ] GC(167)   Pre Evacuate Collection Set: 0.1ms
[318.407s][info][gc,phases      ] GC(167)   Merge Heap Roots: 0.1ms
[318.407s][info][gc,phases      ] GC(167)   Evacuate Collection Set: 0.2ms
[318.407s][info][gc,phases      ] GC(167)   Post Evacuate Collection Set: 1.1ms
[318.407s][info][gc,phases      ] GC(167)   Other: 0.2ms
[318.407s][info][gc,heap        ] GC(167) Eden regions: 1227->0(1227)
[318.407s][info][gc,heap        ] GC(167) Survivor regions: 1->1(154)
[318.407s][info][gc,heap        ] GC(167) Old regions: 33->33
[318.407s][info][gc,heap        ] GC(167) Archive regions: 0->0
[318.407s][info][gc,heap        ] GC(167) Humongous regions: 1->1
[318.407s][info][gc,metaspace   ] GC(167) Metaspace: 34313K(34624K)->34313K(34624K) NonClass: 30399K(30528K)->30399K(30528K) Class: 3914K(4096K)->3914K(4096K)
[318.407s][info][gc             ] GC(167) Pause Young (Normal) (G1 Evacuation Pause) 5027M->119M(8192M) 1.838ms
[318.407s][info][gc,cpu         ] GC(167) User=0.00s Sys=0.00s Real=0.00s
[322.270s][info][gc,start       ] GC(168) Pause Full (System.gc())
[322.271s][info][gc,task        ] GC(168) Using 6 workers of 6 for full compaction
[322.271s][info][gc,phases,start] GC(168) Phase 1: Mark live objects
[322.290s][info][gc,phases      ] GC(168) Phase 1: Mark live objects 19.329ms
[322.290s][info][gc,phases,start] GC(168) Phase 2: Prepare for compaction
[322.298s][info][gc,phases      ] GC(168) Phase 2: Prepare for compaction 8.222ms
[322.298s][info][gc,phases,start] GC(168) Phase 3: Adjust pointers
[322.308s][info][gc,phases      ] GC(168) Phase 3: Adjust pointers 9.125ms
[322.308s][info][gc,phases,start] GC(168) Phase 4: Compact heap
[322.314s][info][gc,phases      ] GC(168) Phase 4: Compact heap 6.019ms
[322.331s][info][gc,heap        ] GC(168) Eden regions: 1158->0(1228)
[322.331s][info][gc,heap        ] GC(168) Survivor regions: 1->0(154)
[322.331s][info][gc,heap        ] GC(168) Old regions: 33->33
[322.331s][info][gc,heap        ] GC(168) Archive regions: 0->0
[322.331s][info][gc,heap        ] GC(168) Humongous regions: 635->1
[322.331s][info][gc,metaspace   ] GC(168) Metaspace: 34313K(34624K)->34313K(34624K) NonClass: 30399K(30528K)->30399K(30528K) Class: 3914K(4096K)->3914K(4096K)
[322.331s][info][gc             ] GC(168) Pause Full (System.gc()) 7284M->119M(8192M) 60.453ms
[322.331s][info][gc,cpu         ] GC(168) User=0.23s Sys=0.00s Real=0.06s
[323.147s][info][gc,start       ] GC(169) Pause Young (Normal) (G1 Evacuation Pause)
[323.147s][info][gc,task        ] GC(169) Using 6 workers of 6 for evacuation
[323.149s][info][gc,phases      ] GC(169)   Pre Evacuate Collection Set: 0.1ms
[323.149s][info][gc,phases      ] GC(169)   Merge Heap Roots: 0.1ms
[323.149s][info][gc,phases      ] GC(169)   Evacuate Collection Set: 0.2ms
[323.149s][info][gc,phases      ] GC(169)   Post Evacuate Collection Set: 1.1ms
[323.149s][info][gc,phases      ] GC(169)   Other: 0.2ms
[323.149s][info][gc,heap        ] GC(169) Eden regions: 1228->0(1227)
[323.149s][info][gc,heap        ] GC(169) Survivor regions: 0->1(154)
[323.149s][info][gc,heap        ] GC(169) Old regions: 33->33
[323.149s][info][gc,heap        ] GC(169) Archive regions: 0->0
[323.149s][info][gc,heap        ] GC(169) Humongous regions: 1->1
[323.149s][info][gc,metaspace   ] GC(169) Metaspace: 34313K(34624K)->34313K(34624K) NonClass: 30399K(30528K)->30399K(30528K) Class: 3914K(4096K)->3914K(4096K)
[323.149s][info][gc             ] GC(169) Pause Young (Normal) (G1 Evacuation Pause) 5031M->119M(8192M) 1.815ms
[323.149s][info][gc,cpu         ] GC(169) User=0.00s Sys=0.00s Real=0.00s
[324.146s][info][gc,start       ] GC(170) Pause Young (Normal) (G1 Evacuation Pause)
[324.146s][info][gc,task        ] GC(170) Using 6 workers of 6 for evacuation
[324.147s][info][gc,phases      ] GC(170)   Pre Evacuate Collection Set: 0.1ms
[324.147s][info][gc,phases      ] GC(170)   Merge Heap Roots: 0.1ms
[324.147s][info][gc,phases      ] GC(170)   Evacuate Collection Set: 0.2ms
[324.147s][info][gc,phases      ] GC(170)   Post Evacuate Collection Set: 1.1ms
[324.147s][info][gc,phases      ] GC(170)   Other: 0.2ms
[324.147s][info][gc,heap        ] GC(170) Eden regions: 1227->0(1227)
[324.147s][info][gc,heap        ] GC(170) Survivor regions: 1->1(154)
[324.147s][info][gc,heap        ] GC(170) Old regions: 33->33
[324.147s][info][gc,heap        ] GC(170) Archive regions: 0->0
[324.147s][info][gc,heap        ] GC(170) Humongous regions: 1->1
[324.147s][info][gc,metaspace   ] GC(170) Metaspace: 34313K(34624K)->34313K(34624K) NonClass: 30399K(30528K)->30399K(30528K) Class: 3914K(4096K)->3914K(4096K)
[324.147s][info][gc             ] GC(170) Pause Young (Normal) (G1 Evacuation Pause) 5027M->119M(8192M) 1.789ms
[324.147s][info][gc,cpu         ] GC(170) User=0.00s Sys=0.00s Real=0.00s
[328.166s][info][gc,start       ] GC(171) Pause Full (System.gc())
[328.166s][info][gc,task        ] GC(171) Using 6 workers of 6 for full compaction
[328.166s][info][gc,phases,start] GC(171) Phase 1: Mark live objects
[328.185s][info][gc,phases      ] GC(171) Phase 1: Mark live objects 18.396ms
[328.185s][info][gc,phases,start] GC(171) Phase 2: Prepare for compaction
[328.193s][info][gc,phases      ] GC(171) Phase 2: Prepare for compaction 8.145ms
[328.193s][info][gc,phases,start] GC(171) Phase 3: Adjust pointers
[328.202s][info][gc,phases      ] GC(171) Phase 3: Adjust pointers 9.044ms
[328.202s][info][gc,phases,start] GC(171) Phase 4: Compact heap
[328.207s][info][gc,phases      ] GC(171) Phase 4: Compact heap 5.030ms
[328.224s][info][gc,heap        ] GC(171) Eden regions: 1166->0(1228)
[328.224s][info][gc,heap        ] GC(171) Survivor regions: 1->0(154)
[328.224s][info][gc,heap        ] GC(171) Old regions: 33->34
[328.224s][info][gc,heap        ] GC(171) Archive regions: 0->0
[328.224s][info][gc,heap        ] GC(171) Humongous regions: 688->0
[328.224s][info][gc,metaspace   ] GC(171) Metaspace: 34313K(34624K)->34313K(34624K) NonClass: 30399K(30528K)->30399K(30528K) Class: 3914K(4096K)->3914K(4096K)
[328.224s][info][gc             ] GC(171) Pause Full (System.gc()) 7527M->116M(8192M) 58.327ms
[328.224s][info][gc,cpu         ] GC(171) User=0.25s Sys=0.00s Real=0.05s
[329.050s][info][gc,start       ] GC(172) Pause Young (Normal) (G1 Evacuation Pause)
[329.050s][info][gc,task        ] GC(172) Using 6 workers of 6 for evacuation
[329.051s][info][gc,phases      ] GC(172)   Pre Evacuate Collection Set: 0.1ms
[329.051s][info][gc,phases      ] GC(172)   Merge Heap Roots: 0.1ms
[329.051s][info][gc,phases      ] GC(172)   Evacuate Collection Set: 0.1ms
[329.051s][info][gc,phases      ] GC(172)   Post Evacuate Collection Set: 1.1ms
[329.051s][info][gc,phases      ] GC(172)   Other: 0.2ms
[329.051s][info][gc,heap        ] GC(172) Eden regions: 1228->0(1227)
[329.051s][info][gc,heap        ] GC(172) Survivor regions: 0->1(154)
[329.051s][info][gc,heap        ] GC(172) Old regions: 34->34
[329.051s][info][gc,heap        ] GC(172) Archive regions: 0->0
[329.051s][info][gc,heap        ] GC(172) Humongous regions: 0->0
[329.051s][info][gc,metaspace   ] GC(172) Metaspace: 34313K(34624K)->34313K(34624K) NonClass: 30399K(30528K)->30399K(30528K) Class: 3914K(4096K)->3914K(4096K)
[329.052s][info][gc             ] GC(172) Pause Young (Normal) (G1 Evacuation Pause) 5028M->116M(8192M) 1.695ms
[329.052s][info][gc,cpu         ] GC(172) User=0.08s Sys=0.02s Real=0.00s
[330.053s][info][gc,start       ] GC(173) Pause Young (Normal) (G1 Evacuation Pause)
[330.053s][info][gc,task        ] GC(173) Using 6 workers of 6 for evacuation
[330.055s][info][gc,phases      ] GC(173)   Pre Evacuate Collection Set: 0.1ms
[330.055s][info][gc,phases      ] GC(173)   Merge Heap Roots: 0.1ms
[330.055s][info][gc,phases      ] GC(173)   Evacuate Collection Set: 0.2ms
[330.055s][info][gc,phases      ] GC(173)   Post Evacuate Collection Set: 1.1ms
[330.055s][info][gc,phases      ] GC(173)   Other: 0.2ms
[330.055s][info][gc,heap        ] GC(173) Eden regions: 1227->0(1227)
[330.055s][info][gc,heap        ] GC(173) Survivor regions: 1->1(154)
[330.055s][info][gc,heap        ] GC(173) Old regions: 34->34
[330.055s][info][gc,heap        ] GC(173) Archive regions: 0->0
[330.055s][info][gc,heap        ] GC(173) Humongous regions: 0->0
[330.055s][info][gc,metaspace   ] GC(173) Metaspace: 34313K(34624K)->34313K(34624K) NonClass: 30399K(30528K)->30399K(30528K) Class: 3914K(4096K)->3914K(4096K)
[330.055s][info][gc             ] GC(173) Pause Young (Normal) (G1 Evacuation Pause) 5024M->116M(8192M) 1.751ms
[330.055s][info][gc,cpu         ] GC(173) User=0.00s Sys=0.00s Real=0.00s
[334.237s][info][gc,start       ] GC(174) Pause Full (System.gc())
[334.237s][info][gc,task        ] GC(174) Using 6 workers of 6 for full compaction
[334.237s][info][gc,phases,start] GC(174) Phase 1: Mark live objects
[334.256s][info][gc,phases      ] GC(174) Phase 1: Mark live objects 18.787ms
[334.256s][info][gc,phases,start] GC(174) Phase 2: Prepare for compaction
[334.266s][info][gc,phases      ] GC(174) Phase 2: Prepare for compaction 9.432ms
[334.266s][info][gc,phases,start] GC(174) Phase 3: Adjust pointers
[334.274s][info][gc,phases      ] GC(174) Phase 3: Adjust pointers 8.590ms
[334.274s][info][gc,phases,start] GC(174) Phase 4: Compact heap
[334.282s][info][gc,phases      ] GC(174) Phase 4: Compact heap 7.352ms
[334.299s][info][gc,heap        ] GC(174) Eden regions: 1186->0(1228)
[334.299s][info][gc,heap        ] GC(174) Survivor regions: 1->0(154)
[334.299s][info][gc,heap        ] GC(174) Old regions: 34->33
[334.299s][info][gc,heap        ] GC(174) Archive regions: 0->0
[334.299s][info][gc,heap        ] GC(174) Humongous regions: 720->1
[334.299s][info][gc,metaspace   ] GC(174) Metaspace: 34313K(34624K)->34313K(34624K) NonClass: 30399K(30528K)->30399K(30528K) Class: 3914K(4096K)->3914K(4096K)
[334.299s][info][gc             ] GC(174) Pause Full (System.gc()) 7738M->119M(8192M) 61.497ms
[334.299s][info][gc,cpu         ] GC(174) User=0.28s Sys=0.00s Real=0.06s
[335.123s][info][gc,start       ] GC(175) Pause Young (Normal) (G1 Evacuation Pause)
[335.123s][info][gc,task        ] GC(175) Using 6 workers of 6 for evacuation
[335.124s][info][gc,phases      ] GC(175)   Pre Evacuate Collection Set: 0.1ms
[335.125s][info][gc,phases      ] GC(175)   Merge Heap Roots: 0.1ms
[335.125s][info][gc,phases      ] GC(175)   Evacuate Collection Set: 0.2ms
[335.125s][info][gc,phases      ] GC(175)   Post Evacuate Collection Set: 1.2ms
[335.125s][info][gc,phases      ] GC(175)   Other: 0.2ms
[335.125s][info][gc,heap        ] GC(175) Eden regions: 1228->0(1227)
[335.125s][info][gc,heap        ] GC(175) Survivor regions: 0->1(154)
[335.125s][info][gc,heap        ] GC(175) Old regions: 33->33
[335.125s][info][gc,heap        ] GC(175) Archive regions: 0->0
[335.125s][info][gc,heap        ] GC(175) Humongous regions: 1->1
[335.125s][info][gc,metaspace   ] GC(175) Metaspace: 34314K(34624K)->34314K(34624K) NonClass: 30399K(30528K)->30399K(30528K) Class: 3914K(4096K)->3914K(4096K)
[335.125s][info][gc             ] GC(175) Pause Young (Normal) (G1 Evacuation Pause) 5031M->119M(8192M) 1.874ms
[335.125s][info][gc,cpu         ] GC(175) User=0.00s Sys=0.00s Real=0.00s
[336.118s][info][gc,start       ] GC(176) Pause Young (Normal) (G1 Evacuation Pause)
[336.118s][info][gc,task        ] GC(176) Using 6 workers of 6 for evacuation
[336.120s][info][gc,phases      ] GC(176)   Pre Evacuate Collection Set: 0.1ms
[336.120s][info][gc,phases      ] GC(176)   Merge Heap Roots: 0.1ms
[336.120s][info][gc,phases      ] GC(176)   Evacuate Collection Set: 0.2ms
[336.120s][info][gc,phases      ] GC(176)   Post Evacuate Collection Set: 1.1ms
[336.120s][info][gc,phases      ] GC(176)   Other: 0.2ms
[336.120s][info][gc,heap        ] GC(176) Eden regions: 1227->0(1227)
[336.120s][info][gc,heap        ] GC(176) Survivor regions: 1->1(154)
[336.120s][info][gc,heap        ] GC(176) Old regions: 33->33
[336.120s][info][gc,heap        ] GC(176) Archive regions: 0->0
[336.120s][info][gc,heap        ] GC(176) Humongous regions: 1->1
[336.120s][info][gc,metaspace   ] GC(176) Metaspace: 34314K(34624K)->34314K(34624K) NonClass: 30399K(30528K)->30399K(30528K) Class: 3914K(4096K)->3914K(4096K)
[336.120s][info][gc             ] GC(176) Pause Young (Normal) (G1 Evacuation Pause) 5027M->119M(8192M) 1.815ms
[336.120s][info][gc,cpu         ] GC(176) User=0.00s Sys=0.00s Real=0.00s
[340.569s][info][gc,start       ] GC(177) Pause Young (Normal) (G1 Humongous Allocation)
[340.569s][info][gc,task        ] GC(177) Using 6 workers of 6 for evacuation
[340.596s][info][gc             ] GC(177) To-space exhausted
[340.596s][info][gc,phases      ] GC(177)   Pre Evacuate Collection Set: 0.2ms
[340.596s][info][gc,phases      ] GC(177)   Merge Heap Roots: 0.2ms
[340.596s][info][gc,phases      ] GC(177)   Evacuate Collection Set: 6.4ms
[340.596s][info][gc,phases      ] GC(177)   Post Evacuate Collection Set: 19.3ms
[340.596s][info][gc,phases      ] GC(177)   Other: 0.4ms
[340.596s][info][gc,heap        ] GC(177) Eden regions: 1202->0(1227)
[340.596s][info][gc,heap        ] GC(177) Survivor regions: 1->1(1)
[340.596s][info][gc,heap        ] GC(177) Old regions: 33->132
[340.596s][info][gc,heap        ] GC(177) Archive regions: 0->0
[340.596s][info][gc,heap        ] GC(177) Humongous regions: 811->4
[340.596s][info][gc,metaspace   ] GC(177) Metaspace: 34314K(34624K)->34314K(34624K) NonClass: 30399K(30528K)->30399K(30528K) Class: 3914K(4096K)->3914K(4096K)
[340.596s][info][gc             ] GC(177) Pause Young (Normal) (G1 Humongous Allocation) 8167M->531M(8192M) 26.547ms
[340.596s][info][gc,cpu         ] GC(177) User=0.09s Sys=0.00s Real=0.03s
[340.767s][info][gc,start       ] GC(178) Pause Full (System.gc())
[340.767s][info][gc,task        ] GC(178) Using 6 workers of 6 for full compaction
[340.768s][info][gc,phases,start] GC(178) Phase 1: Mark live objects
[340.787s][info][gc,phases      ] GC(178) Phase 1: Mark live objects 19.117ms
[340.787s][info][gc,phases,start] GC(178) Phase 2: Prepare for compaction
[340.793s][info][gc,phases      ] GC(178) Phase 2: Prepare for compaction 6.472ms
[340.794s][info][gc,phases,start] GC(178) Phase 3: Adjust pointers
[340.800s][info][gc,phases      ] GC(178) Phase 3: Adjust pointers 6.931ms
[340.800s][info][gc,phases,start] GC(178) Phase 4: Compact heap
[340.803s][info][gc,phases      ] GC(178) Phase 4: Compact heap 2.766ms
[340.821s][info][gc,heap        ] GC(178) Eden regions: 25->0(1228)
[340.821s][info][gc,heap        ] GC(178) Survivor regions: 1->0(1)
[340.821s][info][gc,heap        ] GC(178) Old regions: 132->34
[340.821s][info][gc,heap        ] GC(178) Archive regions: 0->0
[340.821s][info][gc,heap        ] GC(178) Humongous regions: 42->1
[340.821s][info][gc,metaspace   ] GC(178) Metaspace: 34314K(34624K)->34314K(34624K) NonClass: 30399K(30528K)->30399K(30528K) Class: 3914K(4096K)->3914K(4096K)
[340.821s][info][gc             ] GC(178) Pause Full (System.gc()) 781M->119M(8192M) 53.597ms
[340.821s][info][gc,cpu         ] GC(178) User=0.25s Sys=0.00s Real=0.06s
[341.633s][info][gc,start       ] GC(179) Pause Young (Normal) (G1 Evacuation Pause)
[341.633s][info][gc,task        ] GC(179) Using 6 workers of 6 for evacuation
[341.635s][info][gc,phases      ] GC(179)   Pre Evacuate Collection Set: 0.1ms
[341.635s][info][gc,phases      ] GC(179)   Merge Heap Roots: 0.1ms
[341.635s][info][gc,phases      ] GC(179)   Evacuate Collection Set: 0.2ms
[341.635s][info][gc,phases      ] GC(179)   Post Evacuate Collection Set: 1.1ms
[341.635s][info][gc,phases      ] GC(179)   Other: 0.2ms
[341.635s][info][gc,heap        ] GC(179) Eden regions: 1228->0(1227)
[341.635s][info][gc,heap        ] GC(179) Survivor regions: 0->1(154)
[341.635s][info][gc,heap        ] GC(179) Old regions: 34->34
[341.635s][info][gc,heap        ] GC(179) Archive regions: 0->0
[341.635s][info][gc,heap        ] GC(179) Humongous regions: 1->1
[341.635s][info][gc,metaspace   ] GC(179) Metaspace: 34314K(34624K)->34314K(34624K) NonClass: 30399K(30528K)->30399K(30528K) Class: 3914K(4096K)->3914K(4096K)
[341.635s][info][gc             ] GC(179) Pause Young (Normal) (G1 Evacuation Pause) 5031M->119M(8192M) 1.785ms
[341.635s][info][gc,cpu         ] GC(179) User=0.00s Sys=0.00s Real=0.00s
[342.647s][info][gc,start       ] GC(180) Pause Young (Normal) (G1 Evacuation Pause)
[342.647s][info][gc,task        ] GC(180) Using 6 workers of 6 for evacuation
[342.649s][info][gc,phases      ] GC(180)   Pre Evacuate Collection Set: 0.1ms
[342.649s][info][gc,phases      ] GC(180)   Merge Heap Roots: 0.1ms
[342.649s][info][gc,phases      ] GC(180)   Evacuate Collection Set: 0.2ms
[342.649s][info][gc,phases      ] GC(180)   Post Evacuate Collection Set: 1.1ms
[342.649s][info][gc,phases      ] GC(180)   Other: 0.2ms
[342.649s][info][gc,heap        ] GC(180) Eden regions: 1227->0(1227)
[342.649s][info][gc,heap        ] GC(180) Survivor regions: 1->1(154)
[342.649s][info][gc,heap        ] GC(180) Old regions: 34->34
[342.649s][info][gc,heap        ] GC(180) Archive regions: 0->0
[342.649s][info][gc,heap        ] GC(180) Humongous regions: 1->1
[342.649s][info][gc,metaspace   ] GC(180) Metaspace: 34314K(34624K)->34314K(34624K) NonClass: 30399K(30528K)->30399K(30528K) Class: 3914K(4096K)->3914K(4096K)
[342.649s][info][gc             ] GC(180) Pause Young (Normal) (G1 Evacuation Pause) 5027M->119M(8192M) 1.899ms
[342.649s][info][gc,cpu         ] GC(180) User=0.00s Sys=0.00s Real=0.02s
[346.569s][info][gc,start       ] GC(181) Pause Full (System.gc())
[346.569s][info][gc,task        ] GC(181) Using 6 workers of 6 for full compaction
[346.570s][info][gc,phases,start] GC(181) Phase 1: Mark live objects
[346.589s][info][gc,phases      ] GC(181) Phase 1: Mark live objects 19.191ms
[346.589s][info][gc,phases,start] GC(181) Phase 2: Prepare for compaction
[346.597s][info][gc,phases      ] GC(181) Phase 2: Prepare for compaction 8.332ms
[346.597s][info][gc,phases,start] GC(181) Phase 3: Adjust pointers
[346.606s][info][gc,phases      ] GC(181) Phase 3: Adjust pointers 8.899ms
[346.606s][info][gc,phases,start] GC(181) Phase 4: Compact heap
[346.611s][info][gc,phases      ] GC(181) Phase 4: Compact heap 5.055ms
[346.628s][info][gc,heap        ] GC(181) Eden regions: 1155->0(1228)
[346.628s][info][gc,heap        ] GC(181) Survivor regions: 1->0(154)
[346.628s][info][gc,heap        ] GC(181) Old regions: 34->34
[346.628s][info][gc,heap        ] GC(181) Archive regions: 0->0
[346.628s][info][gc,heap        ] GC(181) Humongous regions: 653->1
[346.628s][info][gc,metaspace   ] GC(181) Metaspace: 34314K(34624K)->34314K(34624K) NonClass: 30399K(30528K)->30399K(30528K) Class: 3914K(4096K)->3914K(4096K)
[346.628s][info][gc             ] GC(181) Pause Full (System.gc()) 7344M->119M(8192M) 59.038ms
[346.628s][info][gc,cpu         ] GC(181) User=0.25s Sys=0.02s Real=0.06s
[347.449s][info][gc,start       ] GC(182) Pause Young (Normal) (G1 Evacuation Pause)
[347.449s][info][gc,task        ] GC(182) Using 6 workers of 6 for evacuation
[347.451s][info][gc,phases      ] GC(182)   Pre Evacuate Collection Set: 0.1ms
[347.451s][info][gc,phases      ] GC(182)   Merge Heap Roots: 0.1ms
[347.451s][info][gc,phases      ] GC(182)   Evacuate Collection Set: 0.2ms
[347.451s][info][gc,phases      ] GC(182)   Post Evacuate Collection Set: 1.1ms
[347.451s][info][gc,phases      ] GC(182)   Other: 0.2ms
[347.451s][info][gc,heap        ] GC(182) Eden regions: 1228->0(1227)
[347.451s][info][gc,heap        ] GC(182) Survivor regions: 0->1(154)
[347.451s][info][gc,heap        ] GC(182) Old regions: 34->34
[347.451s][info][gc,heap        ] GC(182) Archive regions: 0->0
[347.451s][info][gc,heap        ] GC(182) Humongous regions: 1->1
[347.451s][info][gc,metaspace   ] GC(182) Metaspace: 34315K(34624K)->34315K(34624K) NonClass: 30401K(30528K)->30401K(30528K) Class: 3914K(4096K)->3914K(4096K)
[347.451s][info][gc             ] GC(182) Pause Young (Normal) (G1 Evacuation Pause) 5031M->119M(8192M) 1.730ms
[347.451s][info][gc,cpu         ] GC(182) User=0.00s Sys=0.00s Real=0.00s
[348.459s][info][gc,start       ] GC(183) Pause Young (Normal) (G1 Evacuation Pause)
[348.459s][info][gc,task        ] GC(183) Using 6 workers of 6 for evacuation
[348.461s][info][gc,phases      ] GC(183)   Pre Evacuate Collection Set: 0.1ms
[348.461s][info][gc,phases      ] GC(183)   Merge Heap Roots: 0.1ms
[348.461s][info][gc,phases      ] GC(183)   Evacuate Collection Set: 0.2ms
[348.461s][info][gc,phases      ] GC(183)   Post Evacuate Collection Set: 1.1ms
[348.461s][info][gc,phases      ] GC(183)   Other: 0.2ms
[348.461s][info][gc,heap        ] GC(183) Eden regions: 1227->0(1227)
[348.461s][info][gc,heap        ] GC(183) Survivor regions: 1->1(154)
[348.461s][info][gc,heap        ] GC(183) Old regions: 34->34
[348.461s][info][gc,heap        ] GC(183) Archive regions: 0->0
[348.461s][info][gc,heap        ] GC(183) Humongous regions: 1->1
[348.461s][info][gc,metaspace   ] GC(183) Metaspace: 34315K(34624K)->34315K(34624K) NonClass: 30401K(30528K)->30401K(30528K) Class: 3914K(4096K)->3914K(4096K)
[348.461s][info][gc             ] GC(183) Pause Young (Normal) (G1 Evacuation Pause) 5027M->119M(8192M) 1.791ms
[348.461s][info][gc,cpu         ] GC(183) User=0.00s Sys=0.00s Real=0.00s
[352.824s][info][gc,start       ] GC(184) Pause Full (System.gc())
[352.824s][info][gc,task        ] GC(184) Using 6 workers of 6 for full compaction
[352.824s][info][gc,phases,start] GC(184) Phase 1: Mark live objects
[352.842s][info][gc,phases      ] GC(184) Phase 1: Mark live objects 18.232ms
[352.843s][info][gc,phases,start] GC(184) Phase 2: Prepare for compaction
[352.852s][info][gc,phases      ] GC(184) Phase 2: Prepare for compaction 9.062ms
[352.852s][info][gc,phases,start] GC(184) Phase 3: Adjust pointers
[352.860s][info][gc,phases      ] GC(184) Phase 3: Adjust pointers 8.360ms
[352.860s][info][gc,phases,start] GC(184) Phase 4: Compact heap
[352.865s][info][gc,phases      ] GC(184) Phase 4: Compact heap 5.254ms
[352.882s][info][gc,heap        ] GC(184) Eden regions: 1196->0(1228)
[352.882s][info][gc,heap        ] GC(184) Survivor regions: 1->0(154)
[352.882s][info][gc,heap        ] GC(184) Old regions: 34->34
[352.882s][info][gc,heap        ] GC(184) Archive regions: 0->0
[352.882s][info][gc,heap        ] GC(184) Humongous regions: 803->1
[352.882s][info][gc,metaspace   ] GC(184) Metaspace: 34315K(34624K)->34315K(34624K) NonClass: 30401K(30528K)->30401K(30528K) Class: 3914K(4096K)->3914K(4096K)
[352.882s][info][gc             ] GC(184) Pause Full (System.gc()) 8110M->119M(8192M) 58.357ms
[352.882s][info][gc,cpu         ] GC(184) User=0.34s Sys=0.00s Real=0.06s
[353.693s][info][gc,start       ] GC(185) Pause Young (Normal) (G1 Evacuation Pause)
[353.693s][info][gc,task        ] GC(185) Using 6 workers of 6 for evacuation
[353.694s][info][gc,phases      ] GC(185)   Pre Evacuate Collection Set: 0.1ms
[353.694s][info][gc,phases      ] GC(185)   Merge Heap Roots: 0.1ms
[353.694s][info][gc,phases      ] GC(185)   Evacuate Collection Set: 0.1ms
[353.694s][info][gc,phases      ] GC(185)   Post Evacuate Collection Set: 1.1ms
[353.695s][info][gc,phases      ] GC(185)   Other: 0.2ms
[353.695s][info][gc,heap        ] GC(185) Eden regions: 1228->0(1227)
[353.695s][info][gc,heap        ] GC(185) Survivor regions: 0->1(154)
[353.695s][info][gc,heap        ] GC(185) Old regions: 34->34
[353.695s][info][gc,heap        ] GC(185) Archive regions: 0->0
[353.695s][info][gc,heap        ] GC(185) Humongous regions: 1->1
[353.695s][info][gc,metaspace   ] GC(185) Metaspace: 34316K(34624K)->34316K(34624K) NonClass: 30401K(30528K)->30401K(30528K) Class: 3914K(4096K)->3914K(4096K)
[353.695s][info][gc             ] GC(185) Pause Young (Normal) (G1 Evacuation Pause) 5031M->119M(8192M) 1.756ms
[353.695s][info][gc,cpu         ] GC(185) User=0.00s Sys=0.00s Real=0.00s
[354.709s][info][gc,start       ] GC(186) Pause Young (Normal) (G1 Evacuation Pause)
[354.709s][info][gc,task        ] GC(186) Using 6 workers of 6 for evacuation
[354.711s][info][gc,phases      ] GC(186)   Pre Evacuate Collection Set: 0.1ms
[354.711s][info][gc,phases      ] GC(186)   Merge Heap Roots: 0.2ms
[354.711s][info][gc,phases      ] GC(186)   Evacuate Collection Set: 0.2ms
[354.711s][info][gc,phases      ] GC(186)   Post Evacuate Collection Set: 1.0ms
[354.711s][info][gc,phases      ] GC(186)   Other: 0.2ms
[354.711s][info][gc,heap        ] GC(186) Eden regions: 1227->0(1227)
[354.711s][info][gc,heap        ] GC(186) Survivor regions: 1->1(154)
[354.711s][info][gc,heap        ] GC(186) Old regions: 34->34
[354.711s][info][gc,heap        ] GC(186) Archive regions: 0->0
[354.711s][info][gc,heap        ] GC(186) Humongous regions: 1->1
[354.711s][info][gc,metaspace   ] GC(186) Metaspace: 34316K(34624K)->34316K(34624K) NonClass: 30401K(30528K)->30401K(30528K) Class: 3914K(4096K)->3914K(4096K)
[354.711s][info][gc             ] GC(186) Pause Young (Normal) (G1 Evacuation Pause) 5027M->119M(8192M) 1.864ms
[354.711s][info][gc,cpu         ] GC(186) User=0.00s Sys=0.00s Real=0.02s
[358.905s][info][gc,start       ] GC(187) Pause Full (System.gc())
[358.905s][info][gc,task        ] GC(187) Using 6 workers of 6 for full compaction
[358.905s][info][gc,phases,start] GC(187) Phase 1: Mark live objects
[358.925s][info][gc,phases      ] GC(187) Phase 1: Mark live objects 19.766ms
[358.925s][info][gc,phases,start] GC(187) Phase 2: Prepare for compaction
[358.933s][info][gc,phases      ] GC(187) Phase 2: Prepare for compaction 8.422ms
[358.933s][info][gc,phases,start] GC(187) Phase 3: Adjust pointers
[358.943s][info][gc,phases      ] GC(187) Phase 3: Adjust pointers 9.226ms
[358.943s][info][gc,phases,start] GC(187) Phase 4: Compact heap
[358.947s][info][gc,phases      ] GC(187) Phase 4: Compact heap 4.673ms
[358.964s][info][gc,heap        ] GC(187) Eden regions: 1178->0(1228)
[358.964s][info][gc,heap        ] GC(187) Survivor regions: 1->0(154)
[358.964s][info][gc,heap        ] GC(187) Old regions: 34->34
[358.964s][info][gc,heap        ] GC(187) Archive regions: 0->0
[358.964s][info][gc,heap        ] GC(187) Humongous regions: 767->0
[358.964s][info][gc,metaspace   ] GC(187) Metaspace: 34316K(34624K)->34316K(34624K) NonClass: 30401K(30528K)->30401K(30528K) Class: 3914K(4096K)->3914K(4096K)
[358.964s][info][gc             ] GC(187) Pause Full (System.gc()) 7892M->115M(8192M) 59.192ms
[358.964s][info][gc,cpu         ] GC(187) User=0.34s Sys=0.03s Real=0.06s
[359.774s][info][gc,start       ] GC(188) Pause Young (Normal) (G1 Evacuation Pause)
[359.774s][info][gc,task        ] GC(188) Using 6 workers of 6 for evacuation
[359.776s][info][gc,phases      ] GC(188)   Pre Evacuate Collection Set: 0.1ms
[359.776s][info][gc,phases      ] GC(188)   Merge Heap Roots: 0.1ms
[359.776s][info][gc,phases      ] GC(188)   Evacuate Collection Set: 0.2ms
[359.776s][info][gc,phases      ] GC(188)   Post Evacuate Collection Set: 1.1ms
[359.776s][info][gc,phases      ] GC(188)   Other: 0.2ms
[359.776s][info][gc,heap        ] GC(188) Eden regions: 1228->0(1227)
[359.776s][info][gc,heap        ] GC(188) Survivor regions: 0->1(154)
[359.776s][info][gc,heap        ] GC(188) Old regions: 34->34
[359.776s][info][gc,heap        ] GC(188) Archive regions: 0->0
[359.776s][info][gc,heap        ] GC(188) Humongous regions: 0->0
[359.776s][info][gc,metaspace   ] GC(188) Metaspace: 34316K(34624K)->34316K(34624K) NonClass: 30401K(30528K)->30401K(30528K) Class: 3914K(4096K)->3914K(4096K)
[359.776s][info][gc             ] GC(188) Pause Young (Normal) (G1 Evacuation Pause) 5027M->115M(8192M) 1.759ms
[359.776s][info][gc,cpu         ] GC(188) User=0.00s Sys=0.00s Real=0.00s
[360.790s][info][gc,start       ] GC(189) Pause Young (Normal) (G1 Evacuation Pause)
[360.790s][info][gc,task        ] GC(189) Using 6 workers of 6 for evacuation
[360.792s][info][gc,phases      ] GC(189)   Pre Evacuate Collection Set: 0.1ms
[360.792s][info][gc,phases      ] GC(189)   Merge Heap Roots: 0.1ms
[360.792s][info][gc,phases      ] GC(189)   Evacuate Collection Set: 0.1ms
[360.792s][info][gc,phases      ] GC(189)   Post Evacuate Collection Set: 1.0ms
[360.792s][info][gc,phases      ] GC(189)   Other: 0.2ms
[360.792s][info][gc,heap        ] GC(189) Eden regions: 1227->0(1227)
[360.792s][info][gc,heap        ] GC(189) Survivor regions: 1->1(154)
[360.792s][info][gc,heap        ] GC(189) Old regions: 34->34
[360.792s][info][gc,heap        ] GC(189) Archive regions: 0->0
[360.792s][info][gc,heap        ] GC(189) Humongous regions: 0->0
[360.792s][info][gc,metaspace   ] GC(189) Metaspace: 34316K(34624K)->34316K(34624K) NonClass: 30401K(30528K)->30401K(30528K) Class: 3914K(4096K)->3914K(4096K)
[360.792s][info][gc             ] GC(189) Pause Young (Normal) (G1 Evacuation Pause) 5023M->115M(8192M) 1.715ms
[360.792s][info][gc,cpu         ] GC(189) User=0.00s Sys=0.00s Real=0.00s
[365.296s][info][gc,start       ] GC(190) Pause Young (Normal) (G1 Preventive Collection)
[365.296s][info][gc,task        ] GC(190) Using 6 workers of 6 for evacuation
[365.322s][info][gc             ] GC(190) To-space exhausted
[365.322s][info][gc,phases      ] GC(190)   Pre Evacuate Collection Set: 0.2ms
[365.322s][info][gc,phases      ] GC(190)   Merge Heap Roots: 0.2ms
[365.322s][info][gc,phases      ] GC(190)   Evacuate Collection Set: 6.7ms
[365.322s][info][gc,phases      ] GC(190)   Post Evacuate Collection Set: 18.6ms
[365.322s][info][gc,phases      ] GC(190)   Other: 0.3ms
[365.322s][info][gc,heap        ] GC(190) Eden regions: 1205->0(1226)
[365.322s][info][gc,heap        ] GC(190) Survivor regions: 1->2(2)
[365.322s][info][gc,heap        ] GC(190) Old regions: 34->137
[365.322s][info][gc,heap        ] GC(190) Archive regions: 0->0
[365.322s][info][gc,heap        ] GC(190) Humongous regions: 806->1
[365.322s][info][gc,metaspace   ] GC(190) Metaspace: 34316K(34624K)->34316K(34624K) NonClass: 30401K(30528K)->30401K(30528K) Class: 3914K(4096K)->3914K(4096K)
[365.322s][info][gc             ] GC(190) Pause Young (Normal) (G1 Preventive Collection) 8157M->537M(8192M) 25.971ms
[365.322s][info][gc,cpu         ] GC(190) User=0.17s Sys=0.00s Real=0.03s
[365.832s][info][gc,start       ] GC(191) Pause Full (System.gc())
[365.832s][info][gc,task        ] GC(191) Using 6 workers of 6 for full compaction
[365.832s][info][gc,phases,start] GC(191) Phase 1: Mark live objects
[365.851s][info][gc,phases      ] GC(191) Phase 1: Mark live objects 18.697ms
[365.851s][info][gc,phases,start] GC(191) Phase 2: Prepare for compaction
[365.857s][info][gc,phases      ] GC(191) Phase 2: Prepare for compaction 6.534ms
[365.857s][info][gc,phases,start] GC(191) Phase 3: Adjust pointers
[365.864s][info][gc,phases      ] GC(191) Phase 3: Adjust pointers 6.952ms
[365.864s][info][gc,phases,start] GC(191) Phase 4: Compact heap
[365.868s][info][gc,phases      ] GC(191) Phase 4: Compact heap 3.371ms
[365.885s][info][gc,heap        ] GC(191) Eden regions: 65->0(1228)
[365.885s][info][gc,heap        ] GC(191) Survivor regions: 2->0(2)
[365.885s][info][gc,heap        ] GC(191) Old regions: 137->33
[365.885s][info][gc,heap        ] GC(191) Archive regions: 0->0
[365.885s][info][gc,heap        ] GC(191) Humongous regions: 123->1
[365.885s][info][gc,metaspace   ] GC(191) Metaspace: 34316K(34624K)->34316K(34624K) NonClass: 30401K(30528K)->30401K(30528K) Class: 3914K(4096K)->3914K(4096K)
[365.885s][info][gc             ] GC(191) Pause Full (System.gc()) 1281M->119M(8192M) 53.107ms
[365.885s][info][gc,cpu         ] GC(191) User=0.22s Sys=0.00s Real=0.06s
[366.694s][info][gc,start       ] GC(192) Pause Young (Normal) (G1 Evacuation Pause)
[366.694s][info][gc,task        ] GC(192) Using 6 workers of 6 for evacuation
[366.696s][info][gc,phases      ] GC(192)   Pre Evacuate Collection Set: 0.1ms
[366.696s][info][gc,phases      ] GC(192)   Merge Heap Roots: 0.1ms
[366.696s][info][gc,phases      ] GC(192)   Evacuate Collection Set: 0.2ms
[366.696s][info][gc,phases      ] GC(192)   Post Evacuate Collection Set: 1.1ms
[366.696s][info][gc,phases      ] GC(192)   Other: 0.2ms
[366.696s][info][gc,heap        ] GC(192) Eden regions: 1228->0(1227)
[366.696s][info][gc,heap        ] GC(192) Survivor regions: 0->1(154)
[366.696s][info][gc,heap        ] GC(192) Old regions: 33->33
[366.696s][info][gc,heap        ] GC(192) Archive regions: 0->0
[366.696s][info][gc,heap        ] GC(192) Humongous regions: 1->1
[366.696s][info][gc,metaspace   ] GC(192) Metaspace: 34316K(34624K)->34316K(34624K) NonClass: 30401K(30528K)->30401K(30528K) Class: 3914K(4096K)->3914K(4096K)
[366.696s][info][gc             ] GC(192) Pause Young (Normal) (G1 Evacuation Pause) 5031M->120M(8192M) 1.746ms
[366.696s][info][gc,cpu         ] GC(192) User=0.00s Sys=0.00s Real=0.00s
[367.699s][info][gc,start       ] GC(193) Pause Young (Normal) (G1 Evacuation Pause)
[367.699s][info][gc,task        ] GC(193) Using 6 workers of 6 for evacuation
[367.701s][info][gc,phases      ] GC(193)   Pre Evacuate Collection Set: 0.1ms
[367.701s][info][gc,phases      ] GC(193)   Merge Heap Roots: 0.1ms
[367.701s][info][gc,phases      ] GC(193)   Evacuate Collection Set: 0.1ms
[367.701s][info][gc,phases      ] GC(193)   Post Evacuate Collection Set: 1.1ms
[367.701s][info][gc,phases      ] GC(193)   Other: 0.2ms
[367.701s][info][gc,heap        ] GC(193) Eden regions: 1227->0(1227)
[367.701s][info][gc,heap        ] GC(193) Survivor regions: 1->1(154)
[367.701s][info][gc,heap        ] GC(193) Old regions: 33->33
[367.701s][info][gc,heap        ] GC(193) Archive regions: 0->0
[367.701s][info][gc,heap        ] GC(193) Humongous regions: 1->1
[367.701s][info][gc,metaspace   ] GC(193) Metaspace: 34316K(34624K)->34316K(34624K) NonClass: 30401K(30528K)->30401K(30528K) Class: 3914K(4096K)->3914K(4096K)
[367.701s][info][gc             ] GC(193) Pause Young (Normal) (G1 Evacuation Pause) 5028M->119M(8192M) 1.786ms
[367.701s][info][gc,cpu         ] GC(193) User=0.00s Sys=0.00s Real=0.00s
[372.208s][info][gc,start       ] GC(194) Pause Young (Normal) (G1 Preventive Collection)
[372.208s][info][gc,task        ] GC(194) Using 6 workers of 6 for evacuation
[372.273s][info][gc             ] GC(194) To-space exhausted
[372.273s][info][gc,phases      ] GC(194)   Pre Evacuate Collection Set: 0.2ms
[372.273s][info][gc,phases      ] GC(194)   Merge Heap Roots: 0.2ms
[372.273s][info][gc,phases      ] GC(194)   Evacuate Collection Set: 8.0ms
[372.273s][info][gc,phases      ] GC(194)   Post Evacuate Collection Set: 56.1ms
[372.273s][info][gc,phases      ] GC(194)   Other: 0.3ms
[372.273s][info][gc,heap        ] GC(194) Eden regions: 1213->0(1227)
[372.273s][info][gc,heap        ] GC(194) Survivor regions: 1->1(1)
[372.273s][info][gc,heap        ] GC(194) Old regions: 33->413
[372.273s][info][gc,heap        ] GC(194) Archive regions: 0->0
[372.273s][info][gc,heap        ] GC(194) Humongous regions: 800->4
[372.273s][info][gc,metaspace   ] GC(194) Metaspace: 34316K(34624K)->34316K(34624K) NonClass: 30401K(30528K)->30401K(30528K) Class: 3914K(4096K)->3914K(4096K)
[372.273s][info][gc             ] GC(194) Pause Young (Normal) (G1 Preventive Collection) 8167M->1651M(8192M) 64.942ms
[372.273s][info][gc,cpu         ] GC(194) User=0.38s Sys=0.00s Real=0.06s
[372.435s][info][gc,start       ] GC(195) Pause Full (System.gc())
[372.435s][info][gc,task        ] GC(195) Using 6 workers of 6 for full compaction
[372.435s][info][gc,phases,start] GC(195) Phase 1: Mark live objects
[372.453s][info][gc,phases      ] GC(195) Phase 1: Mark live objects 18.380ms
[372.453s][info][gc,phases,start] GC(195) Phase 2: Prepare for compaction
[372.460s][info][gc,phases      ] GC(195) Phase 2: Prepare for compaction 6.459ms
[372.460s][info][gc,phases,start] GC(195) Phase 3: Adjust pointers
[372.468s][info][gc,phases      ] GC(195) Phase 3: Adjust pointers 8.138ms
[372.468s][info][gc,phases,start] GC(195) Phase 4: Compact heap
[372.472s][info][gc,phases      ] GC(195) Phase 4: Compact heap 3.485ms
[372.489s][info][gc,heap        ] GC(195) Eden regions: 22->0(1228)
[372.489s][info][gc,heap        ] GC(195) Survivor regions: 1->0(1)
[372.489s][info][gc,heap        ] GC(195) Old regions: 413->32
[372.489s][info][gc,heap        ] GC(195) Archive regions: 0->0
[372.489s][info][gc,heap        ] GC(195) Humongous regions: 36->1
[372.489s][info][gc,metaspace   ] GC(195) Metaspace: 34316K(34624K)->34316K(34624K) NonClass: 30401K(30528K)->30401K(30528K) Class: 3914K(4096K)->3914K(4096K)
[372.489s][info][gc             ] GC(195) Pause Full (System.gc()) 1865M->119M(8192M) 54.237ms
[372.489s][info][gc,cpu         ] GC(195) User=0.28s Sys=0.00s Real=0.05s
[373.311s][info][gc,start       ] GC(196) Pause Young (Normal) (G1 Evacuation Pause)
[373.311s][info][gc,task        ] GC(196) Using 6 workers of 6 for evacuation
[373.313s][info][gc,phases      ] GC(196)   Pre Evacuate Collection Set: 0.1ms
[373.313s][info][gc,phases      ] GC(196)   Merge Heap Roots: 0.1ms
[373.313s][info][gc,phases      ] GC(196)   Evacuate Collection Set: 0.2ms
[373.313s][info][gc,phases      ] GC(196)   Post Evacuate Collection Set: 1.2ms
[373.313s][info][gc,phases      ] GC(196)   Other: 0.2ms
[373.313s][info][gc,heap        ] GC(196) Eden regions: 1228->0(1227)
[373.313s][info][gc,heap        ] GC(196) Survivor regions: 0->1(154)
[373.313s][info][gc,heap        ] GC(196) Old regions: 32->32
[373.313s][info][gc,heap        ] GC(196) Archive regions: 0->0
[373.313s][info][gc,heap        ] GC(196) Humongous regions: 1->1
[373.313s][info][gc,metaspace   ] GC(196) Metaspace: 34316K(34688K)->34316K(34688K) NonClass: 30402K(30592K)->30402K(30592K) Class: 3914K(4096K)->3914K(4096K)
[373.313s][info][gc             ] GC(196) Pause Young (Normal) (G1 Evacuation Pause) 5031M->119M(8192M) 2.038ms
[373.313s][info][gc,cpu         ] GC(196) User=0.00s Sys=0.00s Real=0.00s
[374.317s][info][gc,start       ] GC(197) Pause Young (Normal) (G1 Evacuation Pause)
[374.318s][info][gc,task        ] GC(197) Using 6 workers of 6 for evacuation
[374.319s][info][gc,phases      ] GC(197)   Pre Evacuate Collection Set: 0.1ms
[374.319s][info][gc,phases      ] GC(197)   Merge Heap Roots: 0.1ms
[374.319s][info][gc,phases      ] GC(197)   Evacuate Collection Set: 0.2ms
[374.319s][info][gc,phases      ] GC(197)   Post Evacuate Collection Set: 1.1ms
[374.319s][info][gc,phases      ] GC(197)   Other: 0.2ms
[374.319s][info][gc,heap        ] GC(197) Eden regions: 1227->0(1227)
[374.319s][info][gc,heap        ] GC(197) Survivor regions: 1->1(154)
[374.319s][info][gc,heap        ] GC(197) Old regions: 32->32
[374.319s][info][gc,heap        ] GC(197) Archive regions: 0->0
[374.319s][info][gc,heap        ] GC(197) Humongous regions: 1->1
[374.319s][info][gc,metaspace   ] GC(197) Metaspace: 34316K(34688K)->34316K(34688K) NonClass: 30402K(30592K)->30402K(30592K) Class: 3914K(4096K)->3914K(4096K)
[374.319s][info][gc             ] GC(197) Pause Young (Normal) (G1 Evacuation Pause) 5027M->119M(8192M) 1.799ms
[374.319s][info][gc,cpu         ] GC(197) User=0.00s Sys=0.00s Real=0.00s
[378.753s][info][gc,start       ] GC(198) Pause Full (System.gc())
[378.754s][info][gc,task        ] GC(198) Using 6 workers of 6 for full compaction
[378.754s][info][gc,phases,start] GC(198) Phase 1: Mark live objects
[378.773s][info][gc,phases      ] GC(198) Phase 1: Mark live objects 19.055ms
[378.773s][info][gc,phases,start] GC(198) Phase 2: Prepare for compaction
[378.782s][info][gc,phases      ] GC(198) Phase 2: Prepare for compaction 9.065ms
[378.782s][info][gc,phases,start] GC(198) Phase 3: Adjust pointers
[378.790s][info][gc,phases      ] GC(198) Phase 3: Adjust pointers 8.140ms
[378.790s][info][gc,phases,start] GC(198) Phase 4: Compact heap
[378.795s][info][gc,phases      ] GC(198) Phase 4: Compact heap 5.183ms
[378.813s][info][gc,heap        ] GC(198) Eden regions: 1211->0(1228)
[378.813s][info][gc,heap        ] GC(198) Survivor regions: 1->0(154)
[378.813s][info][gc,heap        ] GC(198) Old regions: 32->33
[378.813s][info][gc,heap        ] GC(198) Archive regions: 0->0
[378.813s][info][gc,heap        ] GC(198) Humongous regions: 792->1
[378.813s][info][gc,metaspace   ] GC(198) Metaspace: 34316K(34688K)->34316K(34688K) NonClass: 30402K(30592K)->30402K(30592K) Class: 3914K(4096K)->3914K(4096K)
[378.813s][info][gc             ] GC(198) Pause Full (System.gc()) 8125M->119M(8192M) 59.402ms
[378.813s][info][gc,cpu         ] GC(198) User=0.22s Sys=0.00s Real=0.06s
[379.644s][info][gc,start       ] GC(199) Pause Young (Normal) (G1 Evacuation Pause)
[379.644s][info][gc,task        ] GC(199) Using 6 workers of 6 for evacuation
[379.646s][info][gc,phases      ] GC(199)   Pre Evacuate Collection Set: 0.1ms
[379.646s][info][gc,phases      ] GC(199)   Merge Heap Roots: 0.1ms
[379.646s][info][gc,phases      ] GC(199)   Evacuate Collection Set: 0.1ms
[379.646s][info][gc,phases      ] GC(199)   Post Evacuate Collection Set: 1.2ms
[379.646s][info][gc,phases      ] GC(199)   Other: 0.2ms
[379.646s][info][gc,heap        ] GC(199) Eden regions: 1228->0(1227)
[379.646s][info][gc,heap        ] GC(199) Survivor regions: 0->1(154)
[379.646s][info][gc,heap        ] GC(199) Old regions: 33->33
[379.646s][info][gc,heap        ] GC(199) Archive regions: 0->0
[379.646s][info][gc,heap        ] GC(199) Humongous regions: 1->1
[379.646s][info][gc,metaspace   ] GC(199) Metaspace: 34316K(34688K)->34316K(34688K) NonClass: 30402K(30592K)->30402K(30592K) Class: 3914K(4096K)->3914K(4096K)
[379.646s][info][gc             ] GC(199) Pause Young (Normal) (G1 Evacuation Pause) 5031M->119M(8192M) 1.897ms
[379.646s][info][gc,cpu         ] GC(199) User=0.09s Sys=0.00s Real=0.01s
[380.683s][info][gc,start       ] GC(200) Pause Young (Normal) (G1 Evacuation Pause)
[380.683s][info][gc,task        ] GC(200) Using 6 workers of 6 for evacuation
[380.684s][info][gc,phases      ] GC(200)   Pre Evacuate Collection Set: 0.1ms
[380.684s][info][gc,phases      ] GC(200)   Merge Heap Roots: 0.1ms
[380.684s][info][gc,phases      ] GC(200)   Evacuate Collection Set: 0.1ms
[380.684s][info][gc,phases      ] GC(200)   Post Evacuate Collection Set: 1.1ms
[380.684s][info][gc,phases      ] GC(200)   Other: 0.2ms
[380.684s][info][gc,heap        ] GC(200) Eden regions: 1227->0(1227)
[380.684s][info][gc,heap        ] GC(200) Survivor regions: 1->1(154)
[380.684s][info][gc,heap        ] GC(200) Old regions: 33->33
[380.684s][info][gc,heap        ] GC(200) Archive regions: 0->0
[380.684s][info][gc,heap        ] GC(200) Humongous regions: 1->1
[380.684s][info][gc,metaspace   ] GC(200) Metaspace: 34316K(34688K)->34316K(34688K) NonClass: 30402K(30592K)->30402K(30592K) Class: 3914K(4096K)->3914K(4096K)
[380.684s][info][gc             ] GC(200) Pause Young (Normal) (G1 Evacuation Pause) 5027M->119M(8192M) 1.729ms
[380.684s][info][gc,cpu         ] GC(200) User=0.00s Sys=0.00s Real=0.00s
[385.167s][info][gc,start       ] GC(201) Pause Young (Normal) (G1 Preventive Collection)
[385.167s][info][gc,task        ] GC(201) Using 6 workers of 6 for evacuation
[385.192s][info][gc             ] GC(201) To-space exhausted
[385.192s][info][gc,phases      ] GC(201)   Pre Evacuate Collection Set: 0.1ms
[385.192s][info][gc,phases      ] GC(201)   Merge Heap Roots: 0.2ms
[385.192s][info][gc,phases      ] GC(201)   Evacuate Collection Set: 5.5ms
[385.192s][info][gc,phases      ] GC(201)   Post Evacuate Collection Set: 19.1ms
[385.192s][info][gc,phases      ] GC(201)   Other: 0.2ms
[385.192s][info][gc,heap        ] GC(201) Eden regions: 1208->0(1227)
[385.192s][info][gc,heap        ] GC(201) Survivor regions: 1->1(1)
[385.192s][info][gc,heap        ] GC(201) Old regions: 33->130
[385.192s][info][gc,heap        ] GC(201) Archive regions: 0->0
[385.192s][info][gc,heap        ] GC(201) Humongous regions: 805->4
[385.192s][info][gc,metaspace   ] GC(201) Metaspace: 34316K(34688K)->34316K(34688K) NonClass: 30402K(30592K)->30402K(30592K) Class: 3914K(4096K)->3914K(4096K)
[385.192s][info][gc             ] GC(201) Pause Young (Normal) (G1 Preventive Collection) 8167M->523M(8192M) 25.250ms
[385.192s][info][gc,cpu         ] GC(201) User=0.11s Sys=0.00s Real=0.02s
[385.251s][info][gc,start       ] GC(202) Pause Full (System.gc())
[385.251s][info][gc,task        ] GC(202) Using 6 workers of 6 for full compaction
[385.251s][info][gc,phases,start] GC(202) Phase 1: Mark live objects
[385.267s][info][gc,phases      ] GC(202) Phase 1: Mark live objects 15.307ms
[385.267s][info][gc,phases,start] GC(202) Phase 2: Prepare for compaction
[385.273s][info][gc,phases      ] GC(202) Phase 2: Prepare for compaction 6.524ms
[385.273s][info][gc,phases,start] GC(202) Phase 3: Adjust pointers
[385.280s][info][gc,phases      ] GC(202) Phase 3: Adjust pointers 7.178ms
[385.280s][info][gc,phases,start] GC(202) Phase 4: Compact heap
[385.283s][info][gc,phases      ] GC(202) Phase 4: Compact heap 2.972ms
[385.301s][info][gc,heap        ] GC(202) Eden regions: 10->0(1228)
[385.301s][info][gc,heap        ] GC(202) Survivor regions: 1->0(1)
[385.301s][info][gc,heap        ] GC(202) Old regions: 130->32
[385.301s][info][gc,heap        ] GC(202) Archive regions: 0->0
[385.301s][info][gc,heap        ] GC(202) Humongous regions: 16->1
[385.301s][info][gc,metaspace   ] GC(202) Metaspace: 34316K(34688K)->34316K(34688K) NonClass: 30402K(30592K)->30402K(30592K) Class: 3914K(4096K)->3914K(4096K)
[385.301s][info][gc             ] GC(202) Pause Full (System.gc()) 607M->118M(8192M) 49.781ms
[385.301s][info][gc,cpu         ] GC(202) User=0.23s Sys=0.00s Real=0.05s
[386.124s][info][gc,start       ] GC(203) Pause Young (Normal) (G1 Evacuation Pause)
[386.124s][info][gc,task        ] GC(203) Using 6 workers of 6 for evacuation
[386.125s][info][gc,phases      ] GC(203)   Pre Evacuate Collection Set: 0.1ms
[386.125s][info][gc,phases      ] GC(203)   Merge Heap Roots: 0.1ms
[386.125s][info][gc,phases      ] GC(203)   Evacuate Collection Set: 0.2ms
[386.125s][info][gc,phases      ] GC(203)   Post Evacuate Collection Set: 1.0ms
[386.125s][info][gc,phases      ] GC(203)   Other: 0.2ms
[386.125s][info][gc,heap        ] GC(203) Eden regions: 1228->0(1227)
[386.125s][info][gc,heap        ] GC(203) Survivor regions: 0->1(154)
[386.125s][info][gc,heap        ] GC(203) Old regions: 32->32
[386.125s][info][gc,heap        ] GC(203) Archive regions: 0->0
[386.125s][info][gc,heap        ] GC(203) Humongous regions: 1->1
[386.125s][info][gc,metaspace   ] GC(203) Metaspace: 34324K(34688K)->34324K(34688K) NonClass: 30409K(30592K)->30409K(30592K) Class: 3914K(4096K)->3914K(4096K)
[386.125s][info][gc             ] GC(203) Pause Young (Normal) (G1 Evacuation Pause) 5030M->118M(8192M) 1.727ms
[386.125s][info][gc,cpu         ] GC(203) User=0.00s Sys=0.00s Real=0.00s
[387.128s][info][gc,start       ] GC(204) Pause Young (Normal) (G1 Evacuation Pause)
[387.128s][info][gc,task        ] GC(204) Using 6 workers of 6 for evacuation
[387.129s][info][gc,phases      ] GC(204)   Pre Evacuate Collection Set: 0.1ms
[387.129s][info][gc,phases      ] GC(204)   Merge Heap Roots: 0.1ms
[387.129s][info][gc,phases      ] GC(204)   Evacuate Collection Set: 0.2ms
[387.129s][info][gc,phases      ] GC(204)   Post Evacuate Collection Set: 1.1ms
[387.129s][info][gc,phases      ] GC(204)   Other: 0.2ms
[387.129s][info][gc,heap        ] GC(204) Eden regions: 1227->0(1227)
[387.129s][info][gc,heap        ] GC(204) Survivor regions: 1->1(154)
[387.129s][info][gc,heap        ] GC(204) Old regions: 32->32
[387.129s][info][gc,heap        ] GC(204) Archive regions: 0->0
[387.130s][info][gc,heap        ] GC(204) Humongous regions: 1->1
[387.130s][info][gc,metaspace   ] GC(204) Metaspace: 34324K(34688K)->34324K(34688K) NonClass: 30409K(30592K)->30409K(30592K) Class: 3914K(4096K)->3914K(4096K)
[387.130s][info][gc             ] GC(204) Pause Young (Normal) (G1 Evacuation Pause) 5026M->118M(8192M) 1.774ms
[387.130s][info][gc,cpu         ] GC(204) User=0.09s Sys=0.00s Real=0.00s
[390.925s][info][gc,start       ] GC(205) Pause Full (System.gc())
[390.925s][info][gc,task        ] GC(205) Using 6 workers of 6 for full compaction
[390.925s][info][gc,phases,start] GC(205) Phase 1: Mark live objects
[390.944s][info][gc,phases      ] GC(205) Phase 1: Mark live objects 18.874ms
[390.944s][info][gc,phases,start] GC(205) Phase 2: Prepare for compaction
[390.953s][info][gc,phases      ] GC(205) Phase 2: Prepare for compaction 9.088ms
[390.953s][info][gc,phases,start] GC(205) Phase 3: Adjust pointers
[390.961s][info][gc,phases      ] GC(205) Phase 3: Adjust pointers 8.119ms
[390.961s][info][gc,phases,start] GC(205) Phase 4: Compact heap
[390.967s][info][gc,phases      ] GC(205) Phase 4: Compact heap 5.257ms
[390.983s][info][gc,heap        ] GC(205) Eden regions: 1148->0(1228)
[390.983s][info][gc,heap        ] GC(205) Survivor regions: 1->0(154)
[390.983s][info][gc,heap        ] GC(205) Old regions: 32->33
[390.983s][info][gc,heap        ] GC(205) Archive regions: 0->0
[390.983s][info][gc,heap        ] GC(205) Humongous regions: 637->0
[390.983s][info][gc,metaspace   ] GC(205) Metaspace: 34328K(34688K)->34328K(34688K) NonClass: 30413K(30592K)->30413K(30592K) Class: 3914K(4096K)->3914K(4096K)
[390.983s][info][gc             ] GC(205) Pause Full (System.gc()) 7253M->115M(8192M) 58.174ms
[390.983s][info][gc,cpu         ] GC(205) User=0.28s Sys=0.02s Real=0.06s
[391.790s][info][gc,start       ] GC(206) Pause Young (Normal) (G1 Evacuation Pause)
[391.791s][info][gc,task        ] GC(206) Using 6 workers of 6 for evacuation
[391.792s][info][gc,phases      ] GC(206)   Pre Evacuate Collection Set: 0.1ms
[391.793s][info][gc,phases      ] GC(206)   Merge Heap Roots: 0.1ms
[391.793s][info][gc,phases      ] GC(206)   Evacuate Collection Set: 0.2ms
[391.793s][info][gc,phases      ] GC(206)   Post Evacuate Collection Set: 1.1ms
[391.793s][info][gc,phases      ] GC(206)   Other: 0.2ms
[391.793s][info][gc,heap        ] GC(206) Eden regions: 1228->0(1227)
[391.793s][info][gc,heap        ] GC(206) Survivor regions: 0->1(154)
[391.793s][info][gc,heap        ] GC(206) Old regions: 33->33
[391.793s][info][gc,heap        ] GC(206) Archive regions: 0->0
[391.793s][info][gc,heap        ] GC(206) Humongous regions: 0->0
[391.793s][info][gc,metaspace   ] GC(206) Metaspace: 34328K(34688K)->34328K(34688K) NonClass: 30413K(30592K)->30413K(30592K) Class: 3914K(4096K)->3914K(4096K)
[391.793s][info][gc             ] GC(206) Pause Young (Normal) (G1 Evacuation Pause) 5027M->115M(8192M) 2.119ms
[391.793s][info][gc,cpu         ] GC(206) User=0.00s Sys=0.00s Real=0.00s
[392.805s][info][gc,start       ] GC(207) Pause Young (Normal) (G1 Evacuation Pause)
[392.805s][info][gc,task        ] GC(207) Using 6 workers of 6 for evacuation
[392.806s][info][gc,phases      ] GC(207)   Pre Evacuate Collection Set: 0.1ms
[392.806s][info][gc,phases      ] GC(207)   Merge Heap Roots: 0.1ms
[392.806s][info][gc,phases      ] GC(207)   Evacuate Collection Set: 0.2ms
[392.806s][info][gc,phases      ] GC(207)   Post Evacuate Collection Set: 1.0ms
[392.806s][info][gc,phases      ] GC(207)   Other: 0.2ms
[392.806s][info][gc,heap        ] GC(207) Eden regions: 1227->0(1227)
[392.806s][info][gc,heap        ] GC(207) Survivor regions: 1->1(154)
[392.806s][info][gc,heap        ] GC(207) Old regions: 33->33
[392.806s][info][gc,heap        ] GC(207) Archive regions: 0->0
[392.806s][info][gc,heap        ] GC(207) Humongous regions: 0->0
[392.806s][info][gc,metaspace   ] GC(207) Metaspace: 34328K(34688K)->34328K(34688K) NonClass: 30413K(30592K)->30413K(30592K) Class: 3914K(4096K)->3914K(4096K)
[392.806s][info][gc             ] GC(207) Pause Young (Normal) (G1 Evacuation Pause) 5023M->115M(8192M) 1.721ms
[392.806s][info][gc,cpu         ] GC(207) User=0.00s Sys=0.00s Real=0.00s
[397.380s][info][gc,start       ] GC(208) Pause Young (Normal) (G1 Humongous Allocation)
[397.380s][info][gc,task        ] GC(208) Using 6 workers of 6 for evacuation
[397.415s][info][gc             ] GC(208) To-space exhausted
[397.415s][info][gc,phases      ] GC(208)   Pre Evacuate Collection Set: 0.1ms
[397.415s][info][gc,phases      ] GC(208)   Merge Heap Roots: 0.2ms
[397.415s][info][gc,phases      ] GC(208)   Evacuate Collection Set: 6.4ms
[397.415s][info][gc,phases      ] GC(208)   Post Evacuate Collection Set: 28.8ms
[397.415s][info][gc,phases      ] GC(208)   Other: 0.2ms
[397.415s][info][gc,heap        ] GC(208) Eden regions: 1215->0(1227)
[397.415s][info][gc,heap        ] GC(208) Survivor regions: 1->1(1)
[397.415s][info][gc,heap        ] GC(208) Old regions: 33->213
[397.415s][info][gc,heap        ] GC(208) Archive regions: 0->0
[397.415s][info][gc,heap        ] GC(208) Humongous regions: 798->1
[397.415s][info][gc,metaspace   ] GC(208) Metaspace: 34328K(34688K)->34328K(34688K) NonClass: 30413K(30592K)->30413K(30592K) Class: 3914K(4096K)->3914K(4096K)
[397.415s][info][gc             ] GC(208) Pause Young (Normal) (G1 Humongous Allocation) 8167M->839M(8192M) 35.786ms
[397.415s][info][gc,cpu         ] GC(208) User=0.19s Sys=0.00s Real=0.04s
[397.814s][info][gc,start       ] GC(209) Pause Full (System.gc())
[397.814s][info][gc,task        ] GC(209) Using 6 workers of 6 for full compaction
[397.814s][info][gc,phases,start] GC(209) Phase 1: Mark live objects
[397.833s][info][gc,phases      ] GC(209) Phase 1: Mark live objects 19.058ms
[397.833s][info][gc,phases,start] GC(209) Phase 2: Prepare for compaction
[397.839s][info][gc,phases      ] GC(209) Phase 2: Prepare for compaction 6.089ms
[397.839s][info][gc,phases,start] GC(209) Phase 3: Adjust pointers
[397.847s][info][gc,phases      ] GC(209) Phase 3: Adjust pointers 8.000ms
[397.847s][info][gc,phases,start] GC(209) Phase 4: Compact heap
[397.851s][info][gc,phases      ] GC(209) Phase 4: Compact heap 3.374ms
[397.868s][info][gc,heap        ] GC(209) Eden regions: 49->0(1228)
[397.868s][info][gc,heap        ] GC(209) Survivor regions: 1->0(1)
[397.868s][info][gc,heap        ] GC(209) Old regions: 213->33
[397.868s][info][gc,heap        ] GC(209) Archive regions: 0->0
[397.868s][info][gc,heap        ] GC(209) Humongous regions: 88->1
[397.868s][info][gc,metaspace   ] GC(209) Metaspace: 34328K(34688K)->34328K(34688K) NonClass: 30413K(30592K)->30413K(30592K) Class: 3914K(4096K)->3914K(4096K)
[397.868s][info][gc             ] GC(209) Pause Full (System.gc()) 1382M->119M(8192M) 54.839ms
[397.868s][info][gc,cpu         ] GC(209) User=0.34s Sys=0.00s Real=0.05s
[398.685s][info][gc,start       ] GC(210) Pause Young (Normal) (G1 Evacuation Pause)
[398.685s][info][gc,task        ] GC(210) Using 6 workers of 6 for evacuation
[398.686s][info][gc,phases      ] GC(210)   Pre Evacuate Collection Set: 0.1ms
[398.686s][info][gc,phases      ] GC(210)   Merge Heap Roots: 0.1ms
[398.686s][info][gc,phases      ] GC(210)   Evacuate Collection Set: 0.2ms
[398.686s][info][gc,phases      ] GC(210)   Post Evacuate Collection Set: 1.1ms
[398.687s][info][gc,phases      ] GC(210)   Other: 0.2ms
[398.687s][info][gc,heap        ] GC(210) Eden regions: 1228->0(1227)
[398.687s][info][gc,heap        ] GC(210) Survivor regions: 0->1(154)
[398.687s][info][gc,heap        ] GC(210) Old regions: 33->33
[398.687s][info][gc,heap        ] GC(210) Archive regions: 0->0
[398.687s][info][gc,heap        ] GC(210) Humongous regions: 1->1
[398.687s][info][gc,metaspace   ] GC(210) Metaspace: 34328K(34688K)->34328K(34688K) NonClass: 30413K(30592K)->30413K(30592K) Class: 3914K(4096K)->3914K(4096K)
[398.687s][info][gc             ] GC(210) Pause Young (Normal) (G1 Evacuation Pause) 5031M->119M(8192M) 1.790ms
[398.687s][info][gc,cpu         ] GC(210) User=0.00s Sys=0.00s Real=0.00s
[399.696s][info][gc,start       ] GC(211) Pause Young (Normal) (G1 Evacuation Pause)
[399.696s][info][gc,task        ] GC(211) Using 6 workers of 6 for evacuation
[399.697s][info][gc,phases      ] GC(211)   Pre Evacuate Collection Set: 0.1ms
[399.697s][info][gc,phases      ] GC(211)   Merge Heap Roots: 0.1ms
[399.697s][info][gc,phases      ] GC(211)   Evacuate Collection Set: 0.2ms
[399.697s][info][gc,phases      ] GC(211)   Post Evacuate Collection Set: 1.1ms
[399.697s][info][gc,phases      ] GC(211)   Other: 0.2ms
[399.697s][info][gc,heap        ] GC(211) Eden regions: 1227->0(1227)
[399.697s][info][gc,heap        ] GC(211) Survivor regions: 1->1(154)
[399.697s][info][gc,heap        ] GC(211) Old regions: 33->33
[399.697s][info][gc,heap        ] GC(211) Archive regions: 0->0
[399.697s][info][gc,heap        ] GC(211) Humongous regions: 1->1
[399.698s][info][gc,metaspace   ] GC(211) Metaspace: 34328K(34688K)->34328K(34688K) NonClass: 30413K(30592K)->30413K(30592K) Class: 3914K(4096K)->3914K(4096K)
[399.698s][info][gc             ] GC(211) Pause Young (Normal) (G1 Evacuation Pause) 5027M->119M(8192M) 1.796ms
[399.698s][info][gc,cpu         ] GC(211) User=0.00s Sys=0.00s Real=0.00s
[404.031s][info][gc,start       ] GC(212) Pause Full (System.gc())
[404.032s][info][gc,task        ] GC(212) Using 6 workers of 6 for full compaction
[404.032s][info][gc,phases,start] GC(212) Phase 1: Mark live objects
[404.050s][info][gc,phases      ] GC(212) Phase 1: Mark live objects 18.504ms
[404.050s][info][gc,phases,start] GC(212) Phase 2: Prepare for compaction
[404.059s][info][gc,phases      ] GC(212) Phase 2: Prepare for compaction 9.170ms
[404.060s][info][gc,phases,start] GC(212) Phase 3: Adjust pointers
[404.068s][info][gc,phases      ] GC(212) Phase 3: Adjust pointers 8.571ms
[404.068s][info][gc,phases,start] GC(212) Phase 4: Compact heap
[404.074s][info][gc,phases      ] GC(212) Phase 4: Compact heap 5.947ms
[404.091s][info][gc,heap        ] GC(212) Eden regions: 1184->0(1228)
[404.091s][info][gc,heap        ] GC(212) Survivor regions: 1->0(154)
[404.091s][info][gc,heap        ] GC(212) Old regions: 33->34
[404.091s][info][gc,heap        ] GC(212) Archive regions: 0->0
[404.091s][info][gc,heap        ] GC(212) Humongous regions: 714->1
[404.091s][info][gc,metaspace   ] GC(212) Metaspace: 34328K(34688K)->34328K(34688K) NonClass: 30413K(30592K)->30413K(30592K) Class: 3914K(4096K)->3914K(4096K)
[404.091s][info][gc             ] GC(212) Pause Full (System.gc()) 7705M->119M(8192M) 59.305ms
[404.091s][info][gc,cpu         ] GC(212) User=0.38s Sys=0.00s Real=0.06s
[404.903s][info][gc,start       ] GC(213) Pause Young (Normal) (G1 Evacuation Pause)
[404.904s][info][gc,task        ] GC(213) Using 6 workers of 6 for evacuation
[404.905s][info][gc,phases      ] GC(213)   Pre Evacuate Collection Set: 0.1ms
[404.905s][info][gc,phases      ] GC(213)   Merge Heap Roots: 0.1ms
[404.905s][info][gc,phases      ] GC(213)   Evacuate Collection Set: 0.2ms
[404.905s][info][gc,phases      ] GC(213)   Post Evacuate Collection Set: 1.1ms
[404.905s][info][gc,phases      ] GC(213)   Other: 0.2ms
[404.905s][info][gc,heap        ] GC(213) Eden regions: 1228->0(1227)
[404.905s][info][gc,heap        ] GC(213) Survivor regions: 0->1(154)
[404.905s][info][gc,heap        ] GC(213) Old regions: 34->34
[404.905s][info][gc,heap        ] GC(213) Archive regions: 0->0
[404.905s][info][gc,heap        ] GC(213) Humongous regions: 1->1
[404.905s][info][gc,metaspace   ] GC(213) Metaspace: 34329K(34688K)->34329K(34688K) NonClass: 30414K(30592K)->30414K(30592K) Class: 3914K(4096K)->3914K(4096K)
[404.905s][info][gc             ] GC(213) Pause Young (Normal) (G1 Evacuation Pause) 5031M->119M(8192M) 1.755ms
[404.905s][info][gc,cpu         ] GC(213) User=0.00s Sys=0.00s Real=0.00s
[405.913s][info][gc,start       ] GC(214) Pause Young (Normal) (G1 Evacuation Pause)
[405.913s][info][gc,task        ] GC(214) Using 6 workers of 6 for evacuation
[405.915s][info][gc,phases      ] GC(214)   Pre Evacuate Collection Set: 0.1ms
[405.915s][info][gc,phases      ] GC(214)   Merge Heap Roots: 0.1ms
[405.915s][info][gc,phases      ] GC(214)   Evacuate Collection Set: 0.2ms
[405.915s][info][gc,phases      ] GC(214)   Post Evacuate Collection Set: 1.1ms
[405.915s][info][gc,phases      ] GC(214)   Other: 0.2ms
[405.915s][info][gc,heap        ] GC(214) Eden regions: 1227->0(1227)
[405.915s][info][gc,heap        ] GC(214) Survivor regions: 1->1(154)
[405.915s][info][gc,heap        ] GC(214) Old regions: 34->34
[405.915s][info][gc,heap        ] GC(214) Archive regions: 0->0
[405.915s][info][gc,heap        ] GC(214) Humongous regions: 1->1
[405.915s][info][gc,metaspace   ] GC(214) Metaspace: 34329K(34688K)->34329K(34688K) NonClass: 30414K(30592K)->30414K(30592K) Class: 3914K(4096K)->3914K(4096K)
[405.915s][info][gc             ] GC(214) Pause Young (Normal) (G1 Evacuation Pause) 5027M->119M(8192M) 1.783ms
[405.915s][info][gc,cpu         ] GC(214) User=0.00s Sys=0.00s Real=0.00s
[409.924s][info][gc,start       ] GC(215) Pause Full (System.gc())
[409.924s][info][gc,task        ] GC(215) Using 6 workers of 6 for full compaction
[409.925s][info][gc,phases,start] GC(215) Phase 1: Mark live objects
[409.943s][info][gc,phases      ] GC(215) Phase 1: Mark live objects 18.602ms
[409.943s][info][gc,phases,start] GC(215) Phase 2: Prepare for compaction
[409.952s][info][gc,phases      ] GC(215) Phase 2: Prepare for compaction 8.812ms
[409.952s][info][gc,phases,start] GC(215) Phase 3: Adjust pointers
[409.961s][info][gc,phases      ] GC(215) Phase 3: Adjust pointers 8.947ms
[409.961s][info][gc,phases,start] GC(215) Phase 4: Compact heap
[409.966s][info][gc,phases      ] GC(215) Phase 4: Compact heap 5.275ms
[409.984s][info][gc,heap        ] GC(215) Eden regions: 1164->0(1228)
[409.984s][info][gc,heap        ] GC(215) Survivor regions: 1->0(154)
[409.984s][info][gc,heap        ] GC(215) Old regions: 34->33
[409.984s][info][gc,heap        ] GC(215) Archive regions: 0->0
[409.984s][info][gc,heap        ] GC(215) Humongous regions: 703->0
[409.984s][info][gc,metaspace   ] GC(215) Metaspace: 34329K(34688K)->34329K(34688K) NonClass: 30415K(30592K)->30415K(30592K) Class: 3914K(4096K)->3914K(4096K)
[409.984s][info][gc             ] GC(215) Pause Full (System.gc()) 7579M->115M(8192M) 59.493ms
[409.984s][info][gc,cpu         ] GC(215) User=0.28s Sys=0.00s Real=0.06s
[410.796s][info][gc,start       ] GC(216) Pause Young (Normal) (G1 Evacuation Pause)
[410.796s][info][gc,task        ] GC(216) Using 6 workers of 6 for evacuation
[410.798s][info][gc,phases      ] GC(216)   Pre Evacuate Collection Set: 0.1ms
[410.798s][info][gc,phases      ] GC(216)   Merge Heap Roots: 0.1ms
[410.798s][info][gc,phases      ] GC(216)   Evacuate Collection Set: 0.2ms
[410.798s][info][gc,phases      ] GC(216)   Post Evacuate Collection Set: 1.1ms
[410.798s][info][gc,phases      ] GC(216)   Other: 0.2ms
[410.798s][info][gc,heap        ] GC(216) Eden regions: 1228->0(1227)
[410.798s][info][gc,heap        ] GC(216) Survivor regions: 0->1(154)
[410.798s][info][gc,heap        ] GC(216) Old regions: 33->33
[410.798s][info][gc,heap        ] GC(216) Archive regions: 0->0
[410.798s][info][gc,heap        ] GC(216) Humongous regions: 0->0
[410.798s][info][gc,metaspace   ] GC(216) Metaspace: 34329K(34688K)->34329K(34688K) NonClass: 30415K(30592K)->30415K(30592K) Class: 3914K(4096K)->3914K(4096K)
[410.798s][info][gc             ] GC(216) Pause Young (Normal) (G1 Evacuation Pause) 5027M->115M(8192M) 1.758ms
[410.798s][info][gc,cpu         ] GC(216) User=0.00s Sys=0.00s Real=0.00s
[411.807s][info][gc,start       ] GC(217) Pause Young (Normal) (G1 Evacuation Pause)
[411.808s][info][gc,task        ] GC(217) Using 6 workers of 6 for evacuation
[411.809s][info][gc,phases      ] GC(217)   Pre Evacuate Collection Set: 0.1ms
[411.809s][info][gc,phases      ] GC(217)   Merge Heap Roots: 0.1ms
[411.809s][info][gc,phases      ] GC(217)   Evacuate Collection Set: 0.2ms
[411.809s][info][gc,phases      ] GC(217)   Post Evacuate Collection Set: 1.1ms
[411.809s][info][gc,phases      ] GC(217)   Other: 0.2ms
[411.809s][info][gc,heap        ] GC(217) Eden regions: 1227->0(1227)
[411.809s][info][gc,heap        ] GC(217) Survivor regions: 1->1(154)
[411.809s][info][gc,heap        ] GC(217) Old regions: 33->33
[411.809s][info][gc,heap        ] GC(217) Archive regions: 0->0
[411.809s][info][gc,heap        ] GC(217) Humongous regions: 0->0
[411.809s][info][gc,metaspace   ] GC(217) Metaspace: 34329K(34688K)->34329K(34688K) NonClass: 30415K(30592K)->30415K(30592K) Class: 3914K(4096K)->3914K(4096K)
[411.809s][info][gc             ] GC(217) Pause Young (Normal) (G1 Evacuation Pause) 5023M->115M(8192M) 1.776ms
[411.809s][info][gc,cpu         ] GC(217) User=0.00s Sys=0.00s Real=0.00s
[415.800s][info][gc,start       ] GC(218) Pause Full (System.gc())
[415.800s][info][gc,task        ] GC(218) Using 6 workers of 6 for full compaction
[415.800s][info][gc,phases,start] GC(218) Phase 1: Mark live objects
[415.819s][info][gc,phases      ] GC(218) Phase 1: Mark live objects 18.366ms
[415.819s][info][gc,phases,start] GC(218) Phase 2: Prepare for compaction
[415.827s][info][gc,phases      ] GC(218) Phase 2: Prepare for compaction 8.288ms
[415.827s][info][gc,phases,start] GC(218) Phase 3: Adjust pointers
[415.836s][info][gc,phases      ] GC(218) Phase 3: Adjust pointers 8.807ms
[415.836s][info][gc,phases,start] GC(218) Phase 4: Compact heap
[415.843s][info][gc,phases      ] GC(218) Phase 4: Compact heap 7.372ms
[415.861s][info][gc,heap        ] GC(218) Eden regions: 1167->0(1228)
[415.861s][info][gc,heap        ] GC(218) Survivor regions: 1->0(154)
[415.861s][info][gc,heap        ] GC(218) Old regions: 33->33
[415.861s][info][gc,heap        ] GC(218) Archive regions: 0->0
[415.861s][info][gc,heap        ] GC(218) Humongous regions: 694->1
[415.861s][info][gc,metaspace   ] GC(218) Metaspace: 34329K(34688K)->34329K(34688K) NonClass: 30415K(30592K)->30415K(30592K) Class: 3914K(4096K)->3914K(4096K)
[415.861s][info][gc             ] GC(218) Pause Full (System.gc()) 7555M->119M(8192M) 60.907ms
[415.861s][info][gc,cpu         ] GC(218) User=0.28s Sys=0.02s Real=0.07s
[416.675s][info][gc,start       ] GC(219) Pause Young (Normal) (G1 Evacuation Pause)
[416.675s][info][gc,task        ] GC(219) Using 6 workers of 6 for evacuation
[416.677s][info][gc,phases      ] GC(219)   Pre Evacuate Collection Set: 0.1ms
[416.677s][info][gc,phases      ] GC(219)   Merge Heap Roots: 0.1ms
[416.677s][info][gc,phases      ] GC(219)   Evacuate Collection Set: 0.2ms
[416.677s][info][gc,phases      ] GC(219)   Post Evacuate Collection Set: 1.1ms
[416.677s][info][gc,phases      ] GC(219)   Other: 0.2ms
[416.677s][info][gc,heap        ] GC(219) Eden regions: 1228->0(1227)
[416.677s][info][gc,heap        ] GC(219) Survivor regions: 0->1(154)
[416.677s][info][gc,heap        ] GC(219) Old regions: 33->33
[416.677s][info][gc,heap        ] GC(219) Archive regions: 0->0
[416.677s][info][gc,heap        ] GC(219) Humongous regions: 1->1
[416.677s][info][gc,metaspace   ] GC(219) Metaspace: 34329K(34688K)->34329K(34688K) NonClass: 30415K(30592K)->30415K(30592K) Class: 3914K(4096K)->3914K(4096K)
[416.677s][info][gc             ] GC(219) Pause Young (Normal) (G1 Evacuation Pause) 5031M->119M(8192M) 1.770ms
[416.677s][info][gc,cpu         ] GC(219) User=0.02s Sys=0.00s Real=0.00s
[417.687s][info][gc,start       ] GC(220) Pause Young (Normal) (G1 Evacuation Pause)
[417.687s][info][gc,task        ] GC(220) Using 6 workers of 6 for evacuation
[417.689s][info][gc,phases      ] GC(220)   Pre Evacuate Collection Set: 0.1ms
[417.689s][info][gc,phases      ] GC(220)   Merge Heap Roots: 0.1ms
[417.689s][info][gc,phases      ] GC(220)   Evacuate Collection Set: 0.1ms
[417.689s][info][gc,phases      ] GC(220)   Post Evacuate Collection Set: 1.2ms
[417.689s][info][gc,phases      ] GC(220)   Other: 0.2ms
[417.689s][info][gc,heap        ] GC(220) Eden regions: 1227->0(1227)
[417.689s][info][gc,heap        ] GC(220) Survivor regions: 1->1(154)
[417.689s][info][gc,heap        ] GC(220) Old regions: 33->33
[417.689s][info][gc,heap        ] GC(220) Archive regions: 0->0
[417.689s][info][gc,heap        ] GC(220) Humongous regions: 1->1
[417.689s][info][gc,metaspace   ] GC(220) Metaspace: 34329K(34688K)->34329K(34688K) NonClass: 30415K(30592K)->30415K(30592K) Class: 3914K(4096K)->3914K(4096K)
[417.689s][info][gc             ] GC(220) Pause Young (Normal) (G1 Evacuation Pause) 5027M->119M(8192M) 1.926ms
[417.689s][info][gc,cpu         ] GC(220) User=0.00s Sys=0.00s Real=0.02s
[421.783s][info][gc,start       ] GC(221) Pause Full (System.gc())
[421.783s][info][gc,task        ] GC(221) Using 6 workers of 6 for full compaction
[421.783s][info][gc,phases,start] GC(221) Phase 1: Mark live objects
[421.802s][info][gc,phases      ] GC(221) Phase 1: Mark live objects 19.357ms
[421.802s][info][gc,phases,start] GC(221) Phase 2: Prepare for compaction
[421.811s][info][gc,phases      ] GC(221) Phase 2: Prepare for compaction 9.096ms
[421.811s][info][gc,phases,start] GC(221) Phase 3: Adjust pointers
[421.820s][info][gc,phases      ] GC(221) Phase 3: Adjust pointers 8.174ms
[421.820s][info][gc,phases,start] GC(221) Phase 4: Compact heap
[421.825s][info][gc,phases      ] GC(221) Phase 4: Compact heap 5.199ms
[421.842s][info][gc,heap        ] GC(221) Eden regions: 1177->0(1228)
[421.842s][info][gc,heap        ] GC(221) Survivor regions: 1->0(154)
[421.842s][info][gc,heap        ] GC(221) Old regions: 33->33
[421.842s][info][gc,heap        ] GC(221) Archive regions: 0->0
[421.842s][info][gc,heap        ] GC(221) Humongous regions: 713->1
[421.842s][info][gc,metaspace   ] GC(221) Metaspace: 34329K(34688K)->34329K(34688K) NonClass: 30415K(30592K)->30415K(30592K) Class: 3914K(4096K)->3914K(4096K)
[421.842s][info][gc             ] GC(221) Pause Full (System.gc()) 7671M->119M(8192M) 59.249ms
[421.842s][info][gc,cpu         ] GC(221) User=0.28s Sys=0.02s Real=0.06s
[422.662s][info][gc,start       ] GC(222) Pause Young (Normal) (G1 Evacuation Pause)
[422.663s][info][gc,task        ] GC(222) Using 6 workers of 6 for evacuation
[422.664s][info][gc,phases      ] GC(222)   Pre Evacuate Collection Set: 0.1ms
[422.664s][info][gc,phases      ] GC(222)   Merge Heap Roots: 0.2ms
[422.664s][info][gc,phases      ] GC(222)   Evacuate Collection Set: 0.2ms
[422.664s][info][gc,phases      ] GC(222)   Post Evacuate Collection Set: 1.1ms
[422.664s][info][gc,phases      ] GC(222)   Other: 0.2ms
[422.664s][info][gc,heap        ] GC(222) Eden regions: 1228->0(1227)
[422.664s][info][gc,heap        ] GC(222) Survivor regions: 0->1(154)
[422.664s][info][gc,heap        ] GC(222) Old regions: 33->33
[422.664s][info][gc,heap        ] GC(222) Archive regions: 0->0
[422.664s][info][gc,heap        ] GC(222) Humongous regions: 1->1
[422.664s][info][gc,metaspace   ] GC(222) Metaspace: 34338K(34688K)->34338K(34688K) NonClass: 30424K(30592K)->30424K(30592K) Class: 3914K(4096K)->3914K(4096K)
[422.664s][info][gc             ] GC(222) Pause Young (Normal) (G1 Evacuation Pause) 5031M->119M(8192M) 1.847ms
[422.664s][info][gc,cpu         ] GC(222) User=0.00s Sys=0.00s Real=0.00s
[423.672s][info][gc,start       ] GC(223) Pause Young (Normal) (G1 Evacuation Pause)
[423.672s][info][gc,task        ] GC(223) Using 6 workers of 6 for evacuation
[423.673s][info][gc,phases      ] GC(223)   Pre Evacuate Collection Set: 0.1ms
[423.674s][info][gc,phases      ] GC(223)   Merge Heap Roots: 0.1ms
[423.674s][info][gc,phases      ] GC(223)   Evacuate Collection Set: 0.2ms
[423.674s][info][gc,phases      ] GC(223)   Post Evacuate Collection Set: 1.0ms
[423.674s][info][gc,phases      ] GC(223)   Other: 0.2ms
[423.674s][info][gc,heap        ] GC(223) Eden regions: 1227->0(1227)
[423.674s][info][gc,heap        ] GC(223) Survivor regions: 1->1(154)
[423.674s][info][gc,heap        ] GC(223) Old regions: 33->33
[423.674s][info][gc,heap        ] GC(223) Archive regions: 0->0
[423.674s][info][gc,heap        ] GC(223) Humongous regions: 1->1
[423.674s][info][gc,metaspace   ] GC(223) Metaspace: 34338K(34688K)->34338K(34688K) NonClass: 30424K(30592K)->30424K(30592K) Class: 3914K(4096K)->3914K(4096K)
[423.674s][info][gc             ] GC(223) Pause Young (Normal) (G1 Evacuation Pause) 5027M->119M(8192M) 1.754ms
[423.674s][info][gc,cpu         ] GC(223) User=0.00s Sys=0.00s Real=0.00s
[428.158s][info][gc,start       ] GC(224) Pause Young (Normal) (G1 Humongous Allocation)
[428.158s][info][gc,task        ] GC(224) Using 6 workers of 6 for evacuation
[428.194s][info][gc             ] GC(224) To-space exhausted
[428.194s][info][gc,phases      ] GC(224)   Pre Evacuate Collection Set: 0.1ms
[428.194s][info][gc,phases      ] GC(224)   Merge Heap Roots: 0.2ms
[428.194s][info][gc,phases      ] GC(224)   Evacuate Collection Set: 6.4ms
[428.194s][info][gc,phases      ] GC(224)   Post Evacuate Collection Set: 29.0ms
[428.194s][info][gc,phases      ] GC(224)   Other: 0.3ms
[428.194s][info][gc,heap        ] GC(224) Eden regions: 1206->0(1227)
[428.194s][info][gc,heap        ] GC(224) Survivor regions: 1->1(1)
[428.194s][info][gc,heap        ] GC(224) Old regions: 33->216
[428.194s][info][gc,heap        ] GC(224) Archive regions: 0->0
[428.194s][info][gc,heap        ] GC(224) Humongous regions: 807->4
[428.194s][info][gc,metaspace   ] GC(224) Metaspace: 34338K(34688K)->34338K(34688K) NonClass: 30424K(30592K)->30424K(30592K) Class: 3914K(4096K)->3914K(4096K)
[428.194s][info][gc             ] GC(224) Pause Young (Normal) (G1 Humongous Allocation) 8166M->862M(8192M) 36.142ms
[428.194s][info][gc,cpu         ] GC(224) User=0.27s Sys=0.02s Real=0.04s
[428.598s][info][gc,start       ] GC(225) Pause Full (System.gc())
[428.598s][info][gc,task        ] GC(225) Using 6 workers of 6 for full compaction
[428.598s][info][gc,phases,start] GC(225) Phase 1: Mark live objects
[428.617s][info][gc,phases      ] GC(225) Phase 1: Mark live objects 18.988ms
[428.617s][info][gc,phases,start] GC(225) Phase 2: Prepare for compaction
[428.624s][info][gc,phases      ] GC(225) Phase 2: Prepare for compaction 7.242ms
[428.624s][info][gc,phases,start] GC(225) Phase 3: Adjust pointers
[428.631s][info][gc,phases      ] GC(225) Phase 3: Adjust pointers 7.031ms
[428.631s][info][gc,phases,start] GC(225) Phase 4: Compact heap
[428.635s][info][gc,phases      ] GC(225) Phase 4: Compact heap 3.229ms
[428.651s][info][gc,heap        ] GC(225) Eden regions: 50->0(1228)
[428.652s][info][gc,heap        ] GC(225) Survivor regions: 1->0(1)
[428.652s][info][gc,heap        ] GC(225) Old regions: 216->33
[428.652s][info][gc,heap        ] GC(225) Archive regions: 0->0
[428.652s][info][gc,heap        ] GC(225) Humongous regions: 96->1
[428.652s][info][gc,metaspace   ] GC(225) Metaspace: 34338K(34688K)->34338K(34688K) NonClass: 30424K(30592K)->30424K(30592K) Class: 3914K(4096K)->3914K(4096K)
[428.652s][info][gc             ] GC(225) Pause Full (System.gc()) 1426M->119M(8192M) 53.953ms
[428.652s][info][gc,cpu         ] GC(225) User=0.28s Sys=0.00s Real=0.06s
[429.472s][info][gc,start       ] GC(226) Pause Young (Normal) (G1 Evacuation Pause)
[429.472s][info][gc,task        ] GC(226) Using 6 workers of 6 for evacuation
[429.474s][info][gc,phases      ] GC(226)   Pre Evacuate Collection Set: 0.1ms
[429.474s][info][gc,phases      ] GC(226)   Merge Heap Roots: 0.1ms
[429.474s][info][gc,phases      ] GC(226)   Evacuate Collection Set: 0.2ms
[429.474s][info][gc,phases      ] GC(226)   Post Evacuate Collection Set: 1.3ms
[429.474s][info][gc,phases      ] GC(226)   Other: 0.2ms
[429.474s][info][gc,heap        ] GC(226) Eden regions: 1228->0(1227)
[429.474s][info][gc,heap        ] GC(226) Survivor regions: 0->1(154)
[429.474s][info][gc,heap        ] GC(226) Old regions: 33->33
[429.474s][info][gc,heap        ] GC(226) Archive regions: 0->0
[429.474s][info][gc,heap        ] GC(226) Humongous regions: 1->1
[429.474s][info][gc,metaspace   ] GC(226) Metaspace: 34338K(34688K)->34338K(34688K) NonClass: 30424K(30592K)->30424K(30592K) Class: 3914K(4096K)->3914K(4096K)
[429.474s][info][gc             ] GC(226) Pause Young (Normal) (G1 Evacuation Pause) 5031M->119M(8192M) 2.107ms
[429.474s][info][gc,cpu         ] GC(226) User=0.09s Sys=0.00s Real=0.02s
[430.482s][info][gc,start       ] GC(227) Pause Young (Normal) (G1 Evacuation Pause)
[430.482s][info][gc,task        ] GC(227) Using 6 workers of 6 for evacuation
[430.484s][info][gc,phases      ] GC(227)   Pre Evacuate Collection Set: 0.1ms
[430.484s][info][gc,phases      ] GC(227)   Merge Heap Roots: 0.1ms
[430.484s][info][gc,phases      ] GC(227)   Evacuate Collection Set: 0.2ms
[430.484s][info][gc,phases      ] GC(227)   Post Evacuate Collection Set: 1.1ms
[430.484s][info][gc,phases      ] GC(227)   Other: 0.2ms
[430.484s][info][gc,heap        ] GC(227) Eden regions: 1227->0(1227)
[430.484s][info][gc,heap        ] GC(227) Survivor regions: 1->1(154)
[430.484s][info][gc,heap        ] GC(227) Old regions: 33->33
[430.484s][info][gc,heap        ] GC(227) Archive regions: 0->0
[430.484s][info][gc,heap        ] GC(227) Humongous regions: 1->1
[430.484s][info][gc,metaspace   ] GC(227) Metaspace: 34338K(34688K)->34338K(34688K) NonClass: 30424K(30592K)->30424K(30592K) Class: 3914K(4096K)->3914K(4096K)
[430.484s][info][gc             ] GC(227) Pause Young (Normal) (G1 Evacuation Pause) 5027M->119M(8192M) 1.808ms
[430.484s][info][gc,cpu         ] GC(227) User=0.00s Sys=0.00s Real=0.00s
[434.949s][info][gc,start       ] GC(228) Pause Young (Normal) (G1 Preventive Collection)
[434.949s][info][gc,task        ] GC(228) Using 6 workers of 6 for evacuation
[434.975s][info][gc             ] GC(228) To-space exhausted
[434.975s][info][gc,phases      ] GC(228)   Pre Evacuate Collection Set: 0.2ms
[434.975s][info][gc,phases      ] GC(228)   Merge Heap Roots: 0.3ms
[434.975s][info][gc,phases      ] GC(228)   Evacuate Collection Set: 7.1ms
[434.975s][info][gc,phases      ] GC(228)   Post Evacuate Collection Set: 17.7ms
[434.975s][info][gc,phases      ] GC(228)   Other: 0.4ms
[434.975s][info][gc,heap        ] GC(228) Eden regions: 1209->0(1226)
[434.975s][info][gc,heap        ] GC(228) Survivor regions: 1->2(2)
[434.975s][info][gc,heap        ] GC(228) Old regions: 33->126
[434.975s][info][gc,heap        ] GC(228) Archive regions: 0->0
[434.975s][info][gc,heap        ] GC(228) Humongous regions: 803->6
[434.975s][info][gc,metaspace   ] GC(228) Metaspace: 34338K(34688K)->34338K(34688K) NonClass: 30424K(30592K)->30424K(30592K) Class: 3914K(4096K)->3914K(4096K)
[434.975s][info][gc             ] GC(228) Pause Young (Normal) (G1 Preventive Collection) 8161M->517M(8192M) 25.779ms
[434.975s][info][gc,cpu         ] GC(228) User=0.09s Sys=0.02s Real=0.02s
[435.144s][info][gc,start       ] GC(229) Pause Full (System.gc())
[435.144s][info][gc,task        ] GC(229) Using 6 workers of 6 for full compaction
[435.144s][info][gc,phases,start] GC(229) Phase 1: Mark live objects
[435.162s][info][gc,phases      ] GC(229) Phase 1: Mark live objects 17.660ms
[435.162s][info][gc,phases,start] GC(229) Phase 2: Prepare for compaction
[435.168s][info][gc,phases      ] GC(229) Phase 2: Prepare for compaction 5.724ms
[435.168s][info][gc,phases,start] GC(229) Phase 3: Adjust pointers
[435.175s][info][gc,phases      ] GC(229) Phase 3: Adjust pointers 6.857ms
[435.175s][info][gc,phases,start] GC(229) Phase 4: Compact heap
[435.177s][info][gc,phases      ] GC(229) Phase 4: Compact heap 2.484ms
[435.195s][info][gc,heap        ] GC(229) Eden regions: 24->0(1228)
[435.195s][info][gc,heap        ] GC(229) Survivor regions: 2->0(2)
[435.195s][info][gc,heap        ] GC(229) Old regions: 126->33
[435.195s][info][gc,heap        ] GC(229) Archive regions: 0->0
[435.195s][info][gc,heap        ] GC(229) Humongous regions: 38->0
[435.195s][info][gc,metaspace   ] GC(229) Metaspace: 34338K(34688K)->34338K(34688K) NonClass: 30424K(30592K)->30424K(30592K) Class: 3914K(4096K)->3914K(4096K)
[435.195s][info][gc             ] GC(229) Pause Full (System.gc()) 738M->115M(8192M) 51.065ms
[435.195s][info][gc,cpu         ] GC(229) User=0.38s Sys=0.00s Real=0.05s
[436.012s][info][gc,start       ] GC(230) Pause Young (Normal) (G1 Evacuation Pause)
[436.012s][info][gc,task        ] GC(230) Using 6 workers of 6 for evacuation
[436.013s][info][gc,phases      ] GC(230)   Pre Evacuate Collection Set: 0.1ms
[436.013s][info][gc,phases      ] GC(230)   Merge Heap Roots: 0.1ms
[436.013s][info][gc,phases      ] GC(230)   Evacuate Collection Set: 0.2ms
[436.014s][info][gc,phases      ] GC(230)   Post Evacuate Collection Set: 1.1ms
[436.014s][info][gc,phases      ] GC(230)   Other: 0.2ms
[436.014s][info][gc,heap        ] GC(230) Eden regions: 1228->0(1227)
[436.014s][info][gc,heap        ] GC(230) Survivor regions: 0->1(154)
[436.014s][info][gc,heap        ] GC(230) Old regions: 33->33
[436.014s][info][gc,heap        ] GC(230) Archive regions: 0->0
[436.014s][info][gc,heap        ] GC(230) Humongous regions: 0->0
[436.014s][info][gc,metaspace   ] GC(230) Metaspace: 34338K(34688K)->34338K(34688K) NonClass: 30424K(30592K)->30424K(30592K) Class: 3914K(4096K)->3914K(4096K)
[436.014s][info][gc             ] GC(230) Pause Young (Normal) (G1 Evacuation Pause) 5027M->116M(8192M) 1.719ms
[436.014s][info][gc,cpu         ] GC(230) User=0.00s Sys=0.00s Real=0.00s
[437.025s][info][gc,start       ] GC(231) Pause Young (Normal) (G1 Evacuation Pause)
[437.025s][info][gc,task        ] GC(231) Using 6 workers of 6 for evacuation
[437.027s][info][gc,phases      ] GC(231)   Pre Evacuate Collection Set: 0.1ms
[437.027s][info][gc,phases      ] GC(231)   Merge Heap Roots: 0.1ms
[437.027s][info][gc,phases      ] GC(231)   Evacuate Collection Set: 0.1ms
[437.027s][info][gc,phases      ] GC(231)   Post Evacuate Collection Set: 1.1ms
[437.027s][info][gc,phases      ] GC(231)   Other: 0.2ms
[437.027s][info][gc,heap        ] GC(231) Eden regions: 1227->0(1227)
[437.027s][info][gc,heap        ] GC(231) Survivor regions: 1->1(154)
[437.027s][info][gc,heap        ] GC(231) Old regions: 33->33
[437.027s][info][gc,heap        ] GC(231) Archive regions: 0->0
[437.027s][info][gc,heap        ] GC(231) Humongous regions: 0->0
[437.027s][info][gc,metaspace   ] GC(231) Metaspace: 34338K(34688K)->34338K(34688K) NonClass: 30424K(30592K)->30424K(30592K) Class: 3914K(4096K)->3914K(4096K)
[437.027s][info][gc             ] GC(231) Pause Young (Normal) (G1 Evacuation Pause) 5024M->115M(8192M) 1.836ms
[437.027s][info][gc,cpu         ] GC(231) User=0.00s Sys=0.00s Real=0.00s
[441.431s][info][gc,start       ] GC(232) Pause Full (System.gc())
[441.431s][info][gc,task        ] GC(232) Using 6 workers of 6 for full compaction
[441.431s][info][gc,phases,start] GC(232) Phase 1: Mark live objects
[441.450s][info][gc,phases      ] GC(232) Phase 1: Mark live objects 19.004ms
[441.450s][info][gc,phases,start] GC(232) Phase 2: Prepare for compaction
[441.459s][info][gc,phases      ] GC(232) Phase 2: Prepare for compaction 8.594ms
[441.459s][info][gc,phases,start] GC(232) Phase 3: Adjust pointers
[441.468s][info][gc,phases      ] GC(232) Phase 3: Adjust pointers 9.249ms
[441.468s][info][gc,phases,start] GC(232) Phase 4: Compact heap
[441.473s][info][gc,phases      ] GC(232) Phase 4: Compact heap 4.792ms
[441.490s][info][gc,heap        ] GC(232) Eden regions: 1189->0(1228)
[441.490s][info][gc,heap        ] GC(232) Survivor regions: 1->0(154)
[441.490s][info][gc,heap        ] GC(232) Old regions: 33->33
[441.490s][info][gc,heap        ] GC(232) Archive regions: 0->0
[441.490s][info][gc,heap        ] GC(232) Humongous regions: 756->0
[441.490s][info][gc,metaspace   ] GC(232) Metaspace: 34341K(34688K)->34341K(34688K) NonClass: 30426K(30592K)->30426K(30592K) Class: 3914K(4096K)->3914K(4096K)
[441.490s][info][gc             ] GC(232) Pause Full (System.gc()) 7893M->115M(8192M) 59.248ms
[441.490s][info][gc,cpu         ] GC(232) User=0.23s Sys=0.00s Real=0.07s
[442.307s][info][gc,start       ] GC(233) Pause Young (Normal) (G1 Evacuation Pause)
[442.307s][info][gc,task        ] GC(233) Using 6 workers of 6 for evacuation
[442.309s][info][gc,phases      ] GC(233)   Pre Evacuate Collection Set: 0.1ms
[442.309s][info][gc,phases      ] GC(233)   Merge Heap Roots: 0.1ms
[442.309s][info][gc,phases      ] GC(233)   Evacuate Collection Set: 0.1ms
[442.309s][info][gc,phases      ] GC(233)   Post Evacuate Collection Set: 1.0ms
[442.309s][info][gc,phases      ] GC(233)   Other: 0.2ms
[442.309s][info][gc,heap        ] GC(233) Eden regions: 1228->0(1227)
[442.309s][info][gc,heap        ] GC(233) Survivor regions: 0->1(154)
[442.309s][info][gc,heap        ] GC(233) Old regions: 33->33
[442.309s][info][gc,heap        ] GC(233) Archive regions: 0->0
[442.309s][info][gc,heap        ] GC(233) Humongous regions: 0->0
[442.309s][info][gc,metaspace   ] GC(233) Metaspace: 34341K(34688K)->34341K(34688K) NonClass: 30426K(30592K)->30426K(30592K) Class: 3914K(4096K)->3914K(4096K)
[442.309s][info][gc             ] GC(233) Pause Young (Normal) (G1 Evacuation Pause) 5027M->115M(8192M) 1.691ms
[442.309s][info][gc,cpu         ] GC(233) User=0.00s Sys=0.00s Real=0.00s
[443.319s][info][gc,start       ] GC(234) Pause Young (Normal) (G1 Evacuation Pause)
[443.319s][info][gc,task        ] GC(234) Using 6 workers of 6 for evacuation
[443.321s][info][gc,phases      ] GC(234)   Pre Evacuate Collection Set: 0.1ms
[443.321s][info][gc,phases      ] GC(234)   Merge Heap Roots: 0.1ms
[443.321s][info][gc,phases      ] GC(234)   Evacuate Collection Set: 0.2ms
[443.321s][info][gc,phases      ] GC(234)   Post Evacuate Collection Set: 1.3ms
[443.321s][info][gc,phases      ] GC(234)   Other: 0.2ms
[443.321s][info][gc,heap        ] GC(234) Eden regions: 1227->0(1227)
[443.321s][info][gc,heap        ] GC(234) Survivor regions: 1->1(154)
[443.321s][info][gc,heap        ] GC(234) Old regions: 33->33
[443.321s][info][gc,heap        ] GC(234) Archive regions: 0->0
[443.321s][info][gc,heap        ] GC(234) Humongous regions: 0->0
[443.321s][info][gc,metaspace   ] GC(234) Metaspace: 34341K(34688K)->34341K(34688K) NonClass: 30426K(30592K)->30426K(30592K) Class: 3914K(4096K)->3914K(4096K)
[443.321s][info][gc             ] GC(234) Pause Young (Normal) (G1 Evacuation Pause) 5023M->115M(8192M) 2.034ms
[443.321s][info][gc,cpu         ] GC(234) User=0.00s Sys=0.00s Real=0.02s
[447.798s][info][gc,start       ] GC(235) Pause Full (System.gc())
[447.798s][info][gc,task        ] GC(235) Using 6 workers of 6 for full compaction
[447.798s][info][gc,phases,start] GC(235) Phase 1: Mark live objects
[447.817s][info][gc,phases      ] GC(235) Phase 1: Mark live objects 18.341ms
[447.817s][info][gc,phases,start] GC(235) Phase 2: Prepare for compaction
[447.826s][info][gc,phases      ] GC(235) Phase 2: Prepare for compaction 9.084ms
[447.826s][info][gc,phases,start] GC(235) Phase 3: Adjust pointers
[447.834s][info][gc,phases      ] GC(235) Phase 3: Adjust pointers 8.501ms
[447.835s][info][gc,phases,start] GC(235) Phase 4: Compact heap
[447.840s][info][gc,phases      ] GC(235) Phase 4: Compact heap 5.222ms
[447.857s][info][gc,heap        ] GC(235) Eden regions: 1213->0(1228)
[447.857s][info][gc,heap        ] GC(235) Survivor regions: 1->0(154)
[447.857s][info][gc,heap        ] GC(235) Old regions: 33->33
[447.857s][info][gc,heap        ] GC(235) Archive regions: 0->0
[447.857s][info][gc,heap        ] GC(235) Humongous regions: 798->0
[447.857s][info][gc,metaspace   ] GC(235) Metaspace: 34341K(34688K)->34341K(34688K) NonClass: 30426K(30592K)->30426K(30592K) Class: 3914K(4096K)->3914K(4096K)
[447.857s][info][gc             ] GC(235) Pause Full (System.gc()) 8155M->115M(8192M) 58.601ms
[447.857s][info][gc,cpu         ] GC(235) User=0.36s Sys=0.02s Real=0.06s
[448.682s][info][gc,start       ] GC(236) Pause Young (Normal) (G1 Evacuation Pause)
[448.683s][info][gc,task        ] GC(236) Using 6 workers of 6 for evacuation
[448.684s][info][gc,phases      ] GC(236)   Pre Evacuate Collection Set: 0.1ms
[448.684s][info][gc,phases      ] GC(236)   Merge Heap Roots: 0.1ms
[448.684s][info][gc,phases      ] GC(236)   Evacuate Collection Set: 0.2ms
[448.684s][info][gc,phases      ] GC(236)   Post Evacuate Collection Set: 1.1ms
[448.684s][info][gc,phases      ] GC(236)   Other: 0.2ms
[448.684s][info][gc,heap        ] GC(236) Eden regions: 1228->0(1227)
[448.684s][info][gc,heap        ] GC(236) Survivor regions: 0->1(154)
[448.684s][info][gc,heap        ] GC(236) Old regions: 33->33
[448.684s][info][gc,heap        ] GC(236) Archive regions: 0->0
[448.684s][info][gc,heap        ] GC(236) Humongous regions: 0->0
[448.684s][info][gc,metaspace   ] GC(236) Metaspace: 34341K(34688K)->34341K(34688K) NonClass: 30426K(30592K)->30426K(30592K) Class: 3914K(4096K)->3914K(4096K)
[448.684s][info][gc             ] GC(236) Pause Young (Normal) (G1 Evacuation Pause) 5027M->115M(8192M) 1.756ms
[448.684s][info][gc,cpu         ] GC(236) User=0.00s Sys=0.00s Real=0.00s
[449.696s][info][gc,start       ] GC(237) Pause Young (Normal) (G1 Evacuation Pause)
[449.696s][info][gc,task        ] GC(237) Using 6 workers of 6 for evacuation
[449.697s][info][gc,phases      ] GC(237)   Pre Evacuate Collection Set: 0.1ms
[449.697s][info][gc,phases      ] GC(237)   Merge Heap Roots: 0.1ms
[449.697s][info][gc,phases      ] GC(237)   Evacuate Collection Set: 0.2ms
[449.697s][info][gc,phases      ] GC(237)   Post Evacuate Collection Set: 1.1ms
[449.697s][info][gc,phases      ] GC(237)   Other: 0.2ms
[449.697s][info][gc,heap        ] GC(237) Eden regions: 1227->0(1227)
[449.697s][info][gc,heap        ] GC(237) Survivor regions: 1->1(154)
[449.698s][info][gc,heap        ] GC(237) Old regions: 33->33
[449.698s][info][gc,heap        ] GC(237) Archive regions: 0->0
[449.698s][info][gc,heap        ] GC(237) Humongous regions: 0->0
[449.698s][info][gc,metaspace   ] GC(237) Metaspace: 34341K(34688K)->34341K(34688K) NonClass: 30426K(30592K)->30426K(30592K) Class: 3914K(4096K)->3914K(4096K)
[449.698s][info][gc             ] GC(237) Pause Young (Normal) (G1 Evacuation Pause) 5023M->115M(8192M) 1.912ms
[449.698s][info][gc,cpu         ] GC(237) User=0.00s Sys=0.00s Real=0.02s
[454.178s][info][gc,start       ] GC(238) Pause Full (System.gc())
[454.178s][info][gc,task        ] GC(238) Using 6 workers of 6 for full compaction
[454.178s][info][gc,phases,start] GC(238) Phase 1: Mark live objects
[454.197s][info][gc,phases      ] GC(238) Phase 1: Mark live objects 18.723ms
[454.197s][info][gc,phases,start] GC(238) Phase 2: Prepare for compaction
[454.206s][info][gc,phases      ] GC(238) Phase 2: Prepare for compaction 8.960ms
[454.206s][info][gc,phases,start] GC(238) Phase 3: Adjust pointers
[454.216s][info][gc,phases      ] GC(238) Phase 3: Adjust pointers 9.884ms
[454.216s][info][gc,phases,start] GC(238) Phase 4: Compact heap
[454.220s][info][gc,phases      ] GC(238) Phase 4: Compact heap 4.680ms
[454.237s][info][gc,heap        ] GC(238) Eden regions: 1189->0(1228)
[454.237s][info][gc,heap        ] GC(238) Survivor regions: 1->0(154)
[454.237s][info][gc,heap        ] GC(238) Old regions: 33->33
[454.237s][info][gc,heap        ] GC(238) Archive regions: 0->0
[454.237s][info][gc,heap        ] GC(238) Humongous regions: 738->0
[454.237s][info][gc,metaspace   ] GC(238) Metaspace: 34341K(34688K)->34341K(34688K) NonClass: 30426K(30592K)->30426K(30592K) Class: 3914K(4096K)->3914K(4096K)
[454.237s][info][gc             ] GC(238) Pause Full (System.gc()) 7820M->115M(8192M) 59.470ms
[454.237s][info][gc,cpu         ] GC(238) User=0.23s Sys=0.00s Real=0.07s
[455.058s][info][gc,start       ] GC(239) Pause Young (Normal) (G1 Evacuation Pause)
[455.058s][info][gc,task        ] GC(239) Using 6 workers of 6 for evacuation
[455.059s][info][gc,phases      ] GC(239)   Pre Evacuate Collection Set: 0.1ms
[455.059s][info][gc,phases      ] GC(239)   Merge Heap Roots: 0.1ms
[455.059s][info][gc,phases      ] GC(239)   Evacuate Collection Set: 0.2ms
[455.059s][info][gc,phases      ] GC(239)   Post Evacuate Collection Set: 1.1ms
[455.059s][info][gc,phases      ] GC(239)   Other: 0.2ms
[455.059s][info][gc,heap        ] GC(239) Eden regions: 1228->0(1227)
[455.059s][info][gc,heap        ] GC(239) Survivor regions: 0->1(154)
[455.059s][info][gc,heap        ] GC(239) Old regions: 33->33
[455.059s][info][gc,heap        ] GC(239) Archive regions: 0->0
[455.059s][info][gc,heap        ] GC(239) Humongous regions: 0->0
[455.059s][info][gc,metaspace   ] GC(239) Metaspace: 34341K(34688K)->34341K(34688K) NonClass: 30426K(30592K)->30426K(30592K) Class: 3914K(4096K)->3914K(4096K)
[455.059s][info][gc             ] GC(239) Pause Young (Normal) (G1 Evacuation Pause) 5027M->115M(8192M) 1.747ms
[455.059s][info][gc,cpu         ] GC(239) User=0.00s Sys=0.00s Real=0.00s
[456.068s][info][gc,start       ] GC(240) Pause Young (Normal) (G1 Evacuation Pause)
[456.068s][info][gc,task        ] GC(240) Using 6 workers of 6 for evacuation
[456.070s][info][gc,phases      ] GC(240)   Pre Evacuate Collection Set: 0.1ms
[456.070s][info][gc,phases      ] GC(240)   Merge Heap Roots: 0.1ms
[456.070s][info][gc,phases      ] GC(240)   Evacuate Collection Set: 0.2ms
[456.070s][info][gc,phases      ] GC(240)   Post Evacuate Collection Set: 1.4ms
[456.070s][info][gc,phases      ] GC(240)   Other: 0.2ms
[456.070s][info][gc,heap        ] GC(240) Eden regions: 1227->0(1227)
[456.070s][info][gc,heap        ] GC(240) Survivor regions: 1->1(154)
[456.070s][info][gc,heap        ] GC(240) Old regions: 33->33
[456.070s][info][gc,heap        ] GC(240) Archive regions: 0->0
[456.070s][info][gc,heap        ] GC(240) Humongous regions: 0->0
[456.070s][info][gc,metaspace   ] GC(240) Metaspace: 34341K(34688K)->34341K(34688K) NonClass: 30426K(30592K)->30426K(30592K) Class: 3914K(4096K)->3914K(4096K)
[456.070s][info][gc             ] GC(240) Pause Young (Normal) (G1 Evacuation Pause) 5023M->115M(8192M) 2.060ms
[456.070s][info][gc,cpu         ] GC(240) User=0.00s Sys=0.00s Real=0.02s
[460.578s][info][gc,start       ] GC(241) Pause Young (Normal) (G1 Preventive Collection)
[460.578s][info][gc,task        ] GC(241) Using 6 workers of 6 for evacuation
[460.612s][info][gc             ] GC(241) To-space exhausted
[460.612s][info][gc,phases      ] GC(241)   Pre Evacuate Collection Set: 0.1ms
[460.612s][info][gc,phases      ] GC(241)   Merge Heap Roots: 0.2ms
[460.612s][info][gc,phases      ] GC(241)   Evacuate Collection Set: 6.6ms
[460.612s][info][gc,phases      ] GC(241)   Post Evacuate Collection Set: 26.8ms
[460.612s][info][gc,phases      ] GC(241)   Other: 0.3ms
[460.612s][info][gc,heap        ] GC(241) Eden regions: 1212->0(1227)
[460.612s][info][gc,heap        ] GC(241) Survivor regions: 1->1(1)
[460.612s][info][gc,heap        ] GC(241) Old regions: 33->197
[460.612s][info][gc,heap        ] GC(241) Archive regions: 0->0
[460.612s][info][gc,heap        ] GC(241) Humongous regions: 801->1
[460.612s][info][gc,metaspace   ] GC(241) Metaspace: 34341K(34688K)->34341K(34688K) NonClass: 30426K(30592K)->30426K(30592K) Class: 3914K(4096K)->3914K(4096K)
[460.612s][info][gc             ] GC(241) Pause Young (Normal) (G1 Preventive Collection) 8167M->775M(8192M) 34.218ms
[460.612s][info][gc,cpu         ] GC(241) User=0.19s Sys=0.00s Real=0.03s
[461.049s][info][gc,start       ] GC(242) Pause Full (System.gc())
[461.049s][info][gc,task        ] GC(242) Using 6 workers of 6 for full compaction
[461.049s][info][gc,phases,start] GC(242) Phase 1: Mark live objects
[461.067s][info][gc,phases      ] GC(242) Phase 1: Mark live objects 17.862ms
[461.067s][info][gc,phases,start] GC(242) Phase 2: Prepare for compaction
[461.073s][info][gc,phases      ] GC(242) Phase 2: Prepare for compaction 5.823ms
[461.073s][info][gc,phases,start] GC(242) Phase 3: Adjust pointers
[461.081s][info][gc,phases      ] GC(242) Phase 3: Adjust pointers 7.813ms
[461.081s][info][gc,phases,start] GC(242) Phase 4: Compact heap
[461.084s][info][gc,phases      ] GC(242) Phase 4: Compact heap 3.162ms
[461.101s][info][gc,heap        ] GC(242) Eden regions: 53->0(1228)
[461.101s][info][gc,heap        ] GC(242) Survivor regions: 1->0(1)
[461.101s][info][gc,heap        ] GC(242) Old regions: 197->34
[461.101s][info][gc,heap        ] GC(242) Archive regions: 0->0
[461.101s][info][gc,heap        ] GC(242) Humongous regions: 90->1
[461.101s][info][gc,metaspace   ] GC(242) Metaspace: 34341K(34688K)->34341K(34688K) NonClass: 30426K(30592K)->30426K(30592K) Class: 3914K(4096K)->3914K(4096K)
[461.101s][info][gc             ] GC(242) Pause Full (System.gc()) 1339M->119M(8192M) 52.556ms
[461.101s][info][gc,cpu         ] GC(242) User=0.38s Sys=0.00s Real=0.05s
[461.919s][info][gc,start       ] GC(243) Pause Young (Normal) (G1 Evacuation Pause)
[461.919s][info][gc,task        ] GC(243) Using 6 workers of 6 for evacuation
[461.920s][info][gc,phases      ] GC(243)   Pre Evacuate Collection Set: 0.1ms
[461.920s][info][gc,phases      ] GC(243)   Merge Heap Roots: 0.1ms
[461.920s][info][gc,phases      ] GC(243)   Evacuate Collection Set: 0.1ms
[461.920s][info][gc,phases      ] GC(243)   Post Evacuate Collection Set: 1.0ms
[461.920s][info][gc,phases      ] GC(243)   Other: 0.2ms
[461.920s][info][gc,heap        ] GC(243) Eden regions: 1228->0(1227)
[461.920s][info][gc,heap        ] GC(243) Survivor regions: 0->1(154)
[461.920s][info][gc,heap        ] GC(243) Old regions: 34->34
[461.920s][info][gc,heap        ] GC(243) Archive regions: 0->0
[461.920s][info][gc,heap        ] GC(243) Humongous regions: 1->1
[461.920s][info][gc,metaspace   ] GC(243) Metaspace: 34341K(34688K)->34341K(34688K) NonClass: 30426K(30592K)->30426K(30592K) Class: 3914K(4096K)->3914K(4096K)
[461.921s][info][gc             ] GC(243) Pause Young (Normal) (G1 Evacuation Pause) 5031M->119M(8192M) 1.662ms
[461.921s][info][gc,cpu         ] GC(243) User=0.00s Sys=0.00s Real=0.00s
[462.932s][info][gc,start       ] GC(244) Pause Young (Normal) (G1 Evacuation Pause)
[462.932s][info][gc,task        ] GC(244) Using 6 workers of 6 for evacuation
[462.934s][info][gc,phases      ] GC(244)   Pre Evacuate Collection Set: 0.1ms
[462.934s][info][gc,phases      ] GC(244)   Merge Heap Roots: 0.1ms
[462.934s][info][gc,phases      ] GC(244)   Evacuate Collection Set: 0.2ms
[462.934s][info][gc,phases      ] GC(244)   Post Evacuate Collection Set: 1.1ms
[462.934s][info][gc,phases      ] GC(244)   Other: 0.2ms
[462.934s][info][gc,heap        ] GC(244) Eden regions: 1227->0(1227)
[462.934s][info][gc,heap        ] GC(244) Survivor regions: 1->1(154)
[462.934s][info][gc,heap        ] GC(244) Old regions: 34->34
[462.934s][info][gc,heap        ] GC(244) Archive regions: 0->0
[462.934s][info][gc,heap        ] GC(244) Humongous regions: 1->1
[462.934s][info][gc,metaspace   ] GC(244) Metaspace: 34341K(34688K)->34341K(34688K) NonClass: 30426K(30592K)->30426K(30592K) Class: 3914K(4096K)->3914K(4096K)
[462.934s][info][gc             ] GC(244) Pause Young (Normal) (G1 Evacuation Pause) 5027M->119M(8192M) 1.846ms
[462.934s][info][gc,cpu         ] GC(244) User=0.00s Sys=0.00s Real=0.00s
[467.342s][info][gc,start       ] GC(245) Pause Young (Normal) (G1 Preventive Collection)
[467.342s][info][gc,task        ] GC(245) Using 6 workers of 6 for evacuation
[467.368s][info][gc             ] GC(245) To-space exhausted
[467.369s][info][gc,phases      ] GC(245)   Pre Evacuate Collection Set: 0.1ms
[467.369s][info][gc,phases      ] GC(245)   Merge Heap Roots: 0.2ms
[467.369s][info][gc,phases      ] GC(245)   Evacuate Collection Set: 6.8ms
[467.369s][info][gc,phases      ] GC(245)   Post Evacuate Collection Set: 19.3ms
[467.369s][info][gc,phases      ] GC(245)   Other: 0.2ms
[467.369s][info][gc,heap        ] GC(245) Eden regions: 1212->0(1226)
[467.369s][info][gc,heap        ] GC(245) Survivor regions: 1->2(2)
[467.369s][info][gc,heap        ] GC(245) Old regions: 34->137
[467.369s][info][gc,heap        ] GC(245) Archive regions: 0->0
[467.369s][info][gc,heap        ] GC(245) Humongous regions: 799->4
[467.369s][info][gc,metaspace   ] GC(245) Metaspace: 34341K(34688K)->34341K(34688K) NonClass: 30426K(30592K)->30426K(30592K) Class: 3914K(4096K)->3914K(4096K)
[467.369s][info][gc             ] GC(245) Pause Young (Normal) (G1 Preventive Collection) 8159M->551M(8192M) 26.668ms
[467.369s][info][gc,cpu         ] GC(245) User=0.19s Sys=0.00s Real=0.02s
[467.396s][info][gc,start       ] GC(246) Pause Full (System.gc())
[467.396s][info][gc,task        ] GC(246) Using 6 workers of 6 for full compaction
[467.397s][info][gc,phases,start] GC(246) Phase 1: Mark live objects
[467.412s][info][gc,phases      ] GC(246) Phase 1: Mark live objects 14.923ms
[467.412s][info][gc,phases,start] GC(246) Phase 2: Prepare for compaction
[467.417s][info][gc,phases      ] GC(246) Phase 2: Prepare for compaction 5.483ms
[467.417s][info][gc,phases,start] GC(246) Phase 3: Adjust pointers
[467.424s][info][gc,phases      ] GC(246) Phase 3: Adjust pointers 7.016ms
[467.424s][info][gc,phases,start] GC(246) Phase 4: Compact heap
[467.427s][info][gc,phases      ] GC(246) Phase 4: Compact heap 2.285ms
[467.444s][info][gc,heap        ] GC(246) Eden regions: 3->0(1228)
[467.444s][info][gc,heap        ] GC(246) Survivor regions: 2->0(2)
[467.444s][info][gc,heap        ] GC(246) Old regions: 137->31
[467.444s][info][gc,heap        ] GC(246) Archive regions: 0->0
[467.444s][info][gc,heap        ] GC(246) Humongous regions: 10->1
[467.445s][info][gc,metaspace   ] GC(246) Metaspace: 34341K(34688K)->34341K(34688K) NonClass: 30426K(30592K)->30426K(30592K) Class: 3914K(4096K)->3914K(4096K)
[467.445s][info][gc             ] GC(246) Pause Full (System.gc()) 586M->118M(8192M) 48.171ms
[467.445s][info][gc,cpu         ] GC(246) User=0.12s Sys=0.00s Real=0.06s
[468.265s][info][gc,start       ] GC(247) Pause Young (Normal) (G1 Evacuation Pause)
[468.265s][info][gc,task        ] GC(247) Using 6 workers of 6 for evacuation
[468.266s][info][gc,phases      ] GC(247)   Pre Evacuate Collection Set: 0.1ms
[468.266s][info][gc,phases      ] GC(247)   Merge Heap Roots: 0.1ms
[468.266s][info][gc,phases      ] GC(247)   Evacuate Collection Set: 0.2ms
[468.266s][info][gc,phases      ] GC(247)   Post Evacuate Collection Set: 1.1ms
[468.266s][info][gc,phases      ] GC(247)   Other: 0.2ms
[468.266s][info][gc,heap        ] GC(247) Eden regions: 1228->0(1227)
[468.266s][info][gc,heap        ] GC(247) Survivor regions: 0->1(154)
[468.266s][info][gc,heap        ] GC(247) Old regions: 31->31
[468.266s][info][gc,heap        ] GC(247) Archive regions: 0->0
[468.266s][info][gc,heap        ] GC(247) Humongous regions: 1->1
[468.266s][info][gc,metaspace   ] GC(247) Metaspace: 34341K(34688K)->34341K(34688K) NonClass: 30426K(30592K)->30426K(30592K) Class: 3914K(4096K)->3914K(4096K)
[468.266s][info][gc             ] GC(247) Pause Young (Normal) (G1 Evacuation Pause) 5030M->119M(8192M) 1.817ms
[468.266s][info][gc,cpu         ] GC(247) User=0.00s Sys=0.00s Real=0.01s
[469.277s][info][gc,start       ] GC(248) Pause Young (Normal) (G1 Evacuation Pause)
[469.277s][info][gc,task        ] GC(248) Using 6 workers of 6 for evacuation
[469.278s][info][gc,phases      ] GC(248)   Pre Evacuate Collection Set: 0.1ms
[469.278s][info][gc,phases      ] GC(248)   Merge Heap Roots: 0.1ms
[469.279s][info][gc,phases      ] GC(248)   Evacuate Collection Set: 0.2ms
[469.279s][info][gc,phases      ] GC(248)   Post Evacuate Collection Set: 1.1ms
[469.279s][info][gc,phases      ] GC(248)   Other: 0.2ms
[469.279s][info][gc,heap        ] GC(248) Eden regions: 1227->0(1227)
[469.279s][info][gc,heap        ] GC(248) Survivor regions: 1->1(154)
[469.279s][info][gc,heap        ] GC(248) Old regions: 31->31
[469.279s][info][gc,heap        ] GC(248) Archive regions: 0->0
[469.279s][info][gc,heap        ] GC(248) Humongous regions: 1->1
[469.279s][info][gc,metaspace   ] GC(248) Metaspace: 34341K(34688K)->34341K(34688K) NonClass: 30426K(30592K)->30426K(30592K) Class: 3914K(4096K)->3914K(4096K)
[469.279s][info][gc             ] GC(248) Pause Young (Normal) (G1 Evacuation Pause) 5027M->118M(8192M) 1.782ms
[469.279s][info][gc,cpu         ] GC(248) User=0.00s Sys=0.00s Real=0.01s
[473.831s][info][gc,start       ] GC(249) Pause Young (Normal) (G1 Humongous Allocation)
[473.831s][info][gc,task        ] GC(249) Using 6 workers of 6 for evacuation
[473.890s][info][gc             ] GC(249) To-space exhausted
[473.890s][info][gc,phases      ] GC(249)   Pre Evacuate Collection Set: 0.1ms
[473.890s][info][gc,phases      ] GC(249)   Merge Heap Roots: 0.2ms
[473.890s][info][gc,phases      ] GC(249)   Evacuate Collection Set: 8.3ms
[473.890s][info][gc,phases      ] GC(249)   Post Evacuate Collection Set: 50.3ms
[473.890s][info][gc,phases      ] GC(249)   Other: 0.3ms
[473.890s][info][gc,heap        ] GC(249) Eden regions: 1208->0(1227)
[473.890s][info][gc,heap        ] GC(249) Survivor regions: 1->1(1)
[473.890s][info][gc,heap        ] GC(249) Old regions: 31->369
[473.890s][info][gc,heap        ] GC(249) Archive regions: 0->0
[473.890s][info][gc,heap        ] GC(249) Humongous regions: 807->6
[473.890s][info][gc,metaspace   ] GC(249) Metaspace: 34341K(34688K)->34341K(34688K) NonClass: 30426K(30592K)->30426K(30592K) Class: 3914K(4096K)->3914K(4096K)
[473.890s][info][gc             ] GC(249) Pause Young (Normal) (G1 Humongous Allocation) 8174M->1490M(8192M) 59.308ms
[473.890s][info][gc,cpu         ] GC(249) User=0.38s Sys=0.00s Real=0.06s
[474.355s][info][gc,start       ] GC(250) Pause Full (System.gc())
[474.355s][info][gc,task        ] GC(250) Using 6 workers of 6 for full compaction
[474.355s][info][gc,phases,start] GC(250) Phase 1: Mark live objects
[474.375s][info][gc,phases      ] GC(250) Phase 1: Mark live objects 19.863ms
[474.375s][info][gc,phases,start] GC(250) Phase 2: Prepare for compaction
[474.382s][info][gc,phases      ] GC(250) Phase 2: Prepare for compaction 6.939ms
[474.382s][info][gc,phases,start] GC(250) Phase 3: Adjust pointers
[474.390s][info][gc,phases      ] GC(250) Phase 3: Adjust pointers 7.511ms
[474.390s][info][gc,phases,start] GC(250) Phase 4: Compact heap
[474.394s][info][gc,phases      ] GC(250) Phase 4: Compact heap 3.792ms
[474.411s][info][gc,heap        ] GC(250) Eden regions: 60->0(1228)
[474.411s][info][gc,heap        ] GC(250) Survivor regions: 1->0(1)
[474.411s][info][gc,heap        ] GC(250) Old regions: 369->33
[474.411s][info][gc,heap        ] GC(250) Archive regions: 0->0
[474.411s][info][gc,heap        ] GC(250) Humongous regions: 107->1
[474.411s][info][gc,metaspace   ] GC(250) Metaspace: 34341K(34688K)->34341K(34688K) NonClass: 30426K(30592K)->30426K(30592K) Class: 3914K(4096K)->3914K(4096K)
[474.411s][info][gc             ] GC(250) Pause Full (System.gc()) 2130M->119M(8192M) 56.094ms
[474.411s][info][gc,cpu         ] GC(250) User=0.27s Sys=0.00s Real=0.06s
[475.229s][info][gc,start       ] GC(251) Pause Young (Normal) (G1 Evacuation Pause)
[475.229s][info][gc,task        ] GC(251) Using 6 workers of 6 for evacuation
[475.231s][info][gc,phases      ] GC(251)   Pre Evacuate Collection Set: 0.1ms
[475.231s][info][gc,phases      ] GC(251)   Merge Heap Roots: 0.1ms
[475.231s][info][gc,phases      ] GC(251)   Evacuate Collection Set: 0.2ms
[475.231s][info][gc,phases      ] GC(251)   Post Evacuate Collection Set: 1.3ms
[475.231s][info][gc,phases      ] GC(251)   Other: 0.2ms
[475.231s][info][gc,heap        ] GC(251) Eden regions: 1228->0(1227)
[475.231s][info][gc,heap        ] GC(251) Survivor regions: 0->1(154)
[475.231s][info][gc,heap        ] GC(251) Old regions: 33->33
[475.231s][info][gc,heap        ] GC(251) Archive regions: 0->0
[475.231s][info][gc,heap        ] GC(251) Humongous regions: 1->1
[475.231s][info][gc,metaspace   ] GC(251) Metaspace: 34341K(34688K)->34341K(34688K) NonClass: 30426K(30592K)->30426K(30592K) Class: 3914K(4096K)->3914K(4096K)
[475.231s][info][gc             ] GC(251) Pause Young (Normal) (G1 Evacuation Pause) 5031M->119M(8192M) 1.965ms
[475.231s][info][gc,cpu         ] GC(251) User=0.00s Sys=0.00s Real=0.02s
[476.226s][info][gc,start       ] GC(252) Pause Young (Normal) (G1 Evacuation Pause)
[476.226s][info][gc,task        ] GC(252) Using 6 workers of 6 for evacuation
[476.227s][info][gc,phases      ] GC(252)   Pre Evacuate Collection Set: 0.1ms
[476.227s][info][gc,phases      ] GC(252)   Merge Heap Roots: 0.1ms
[476.227s][info][gc,phases      ] GC(252)   Evacuate Collection Set: 0.2ms
[476.227s][info][gc,phases      ] GC(252)   Post Evacuate Collection Set: 1.1ms
[476.227s][info][gc,phases      ] GC(252)   Other: 0.2ms
[476.228s][info][gc,heap        ] GC(252) Eden regions: 1227->0(1227)
[476.228s][info][gc,heap        ] GC(252) Survivor regions: 1->1(154)
[476.228s][info][gc,heap        ] GC(252) Old regions: 33->33
[476.228s][info][gc,heap        ] GC(252) Archive regions: 0->0
[476.228s][info][gc,heap        ] GC(252) Humongous regions: 1->1
[476.228s][info][gc,metaspace   ] GC(252) Metaspace: 34341K(34688K)->34341K(34688K) NonClass: 30426K(30592K)->30426K(30592K) Class: 3914K(4096K)->3914K(4096K)
[476.228s][info][gc             ] GC(252) Pause Young (Normal) (G1 Evacuation Pause) 5027M->119M(8192M) 1.793ms
[476.228s][info][gc,cpu         ] GC(252) User=0.00s Sys=0.00s Real=0.00s
[480.602s][info][gc,start       ] GC(253) Pause Full (System.gc())
[480.602s][info][gc,task        ] GC(253) Using 6 workers of 6 for full compaction
[480.603s][info][gc,phases,start] GC(253) Phase 1: Mark live objects
[480.621s][info][gc,phases      ] GC(253) Phase 1: Mark live objects 18.132ms
[480.621s][info][gc,phases,start] GC(253) Phase 2: Prepare for compaction
[480.630s][info][gc,phases      ] GC(253) Phase 2: Prepare for compaction 9.088ms
[480.630s][info][gc,phases,start] GC(253) Phase 3: Adjust pointers
[480.638s][info][gc,phases      ] GC(253) Phase 3: Adjust pointers 8.154ms
[480.638s][info][gc,phases,start] GC(253) Phase 4: Compact heap
[480.644s][info][gc,phases      ] GC(253) Phase 4: Compact heap 5.491ms
[480.660s][info][gc,heap        ] GC(253) Eden regions: 1179->0(1228)
[480.660s][info][gc,heap        ] GC(253) Survivor regions: 1->0(154)
[480.660s][info][gc,heap        ] GC(253) Old regions: 33->33
[480.660s][info][gc,heap        ] GC(253) Archive regions: 0->0
[480.660s][info][gc,heap        ] GC(253) Humongous regions: 698->0
[480.660s][info][gc,metaspace   ] GC(253) Metaspace: 34341K(34688K)->34341K(34688K) NonClass: 30426K(30592K)->30426K(30592K) Class: 3914K(4096K)->3914K(4096K)
[480.660s][info][gc             ] GC(253) Pause Full (System.gc()) 7619M->115M(8192M) 57.639ms
[480.660s][info][gc,cpu         ] GC(253) User=0.28s Sys=0.00s Real=0.05s
[481.483s][info][gc,start       ] GC(254) Pause Young (Normal) (G1 Evacuation Pause)
[481.483s][info][gc,task        ] GC(254) Using 6 workers of 6 for evacuation
[481.484s][info][gc,phases      ] GC(254)   Pre Evacuate Collection Set: 0.1ms
[481.484s][info][gc,phases      ] GC(254)   Merge Heap Roots: 0.1ms
[481.484s][info][gc,phases      ] GC(254)   Evacuate Collection Set: 0.2ms
[481.484s][info][gc,phases      ] GC(254)   Post Evacuate Collection Set: 1.1ms
[481.484s][info][gc,phases      ] GC(254)   Other: 0.2ms
[481.484s][info][gc,heap        ] GC(254) Eden regions: 1228->0(1227)
[481.484s][info][gc,heap        ] GC(254) Survivor regions: 0->1(154)
[481.484s][info][gc,heap        ] GC(254) Old regions: 33->33
[481.484s][info][gc,heap        ] GC(254) Archive regions: 0->0
[481.484s][info][gc,heap        ] GC(254) Humongous regions: 0->0
[481.484s][info][gc,metaspace   ] GC(254) Metaspace: 34341K(34688K)->34341K(34688K) NonClass: 30426K(30592K)->30426K(30592K) Class: 3914K(4096K)->3914K(4096K)
[481.484s][info][gc             ] GC(254) Pause Young (Normal) (G1 Evacuation Pause) 5027M->115M(8192M) 1.819ms
[481.484s][info][gc,cpu         ] GC(254) User=0.00s Sys=0.00s Real=0.01s
[482.490s][info][gc,start       ] GC(255) Pause Young (Normal) (G1 Evacuation Pause)
[482.491s][info][gc,task        ] GC(255) Using 6 workers of 6 for evacuation
[482.492s][info][gc,phases      ] GC(255)   Pre Evacuate Collection Set: 0.1ms
[482.492s][info][gc,phases      ] GC(255)   Merge Heap Roots: 0.1ms
[482.492s][info][gc,phases      ] GC(255)   Evacuate Collection Set: 0.2ms
[482.492s][info][gc,phases      ] GC(255)   Post Evacuate Collection Set: 1.1ms
[482.492s][info][gc,phases      ] GC(255)   Other: 0.2ms
[482.492s][info][gc,heap        ] GC(255) Eden regions: 1227->0(1227)
[482.492s][info][gc,heap        ] GC(255) Survivor regions: 1->1(154)
[482.492s][info][gc,heap        ] GC(255) Old regions: 33->33
[482.492s][info][gc,heap        ] GC(255) Archive regions: 0->0
[482.492s][info][gc,heap        ] GC(255) Humongous regions: 0->0
[482.492s][info][gc,metaspace   ] GC(255) Metaspace: 34341K(34688K)->34341K(34688K) NonClass: 30426K(30592K)->30426K(30592K) Class: 3914K(4096K)->3914K(4096K)
[482.492s][info][gc             ] GC(255) Pause Young (Normal) (G1 Evacuation Pause) 5023M->115M(8192M) 1.780ms
[482.492s][info][gc,cpu         ] GC(255) User=0.00s Sys=0.00s Real=0.00s
[486.261s][info][gc,start       ] GC(256) Pause Full (System.gc())
[486.261s][info][gc,task        ] GC(256) Using 6 workers of 6 for full compaction
[486.262s][info][gc,phases,start] GC(256) Phase 1: Mark live objects
[486.281s][info][gc,phases      ] GC(256) Phase 1: Mark live objects 19.004ms
[486.281s][info][gc,phases,start] GC(256) Phase 2: Prepare for compaction
[486.289s][info][gc,phases      ] GC(256) Phase 2: Prepare for compaction 8.230ms
[486.289s][info][gc,phases,start] GC(256) Phase 3: Adjust pointers
[486.298s][info][gc,phases      ] GC(256) Phase 3: Adjust pointers 8.777ms
[486.298s][info][gc,phases,start] GC(256) Phase 4: Compact heap
[486.304s][info][gc,phases      ] GC(256) Phase 4: Compact heap 5.835ms
[486.321s][info][gc,heap        ] GC(256) Eden regions: 1152->0(1228)
[486.321s][info][gc,heap        ] GC(256) Survivor regions: 1->0(154)
[486.321s][info][gc,heap        ] GC(256) Old regions: 33->33
[486.321s][info][gc,heap        ] GC(256) Archive regions: 0->0
[486.321s][info][gc,heap        ] GC(256) Humongous regions: 621->1
[486.321s][info][gc,metaspace   ] GC(256) Metaspace: 34341K(34688K)->34341K(34688K) NonClass: 30426K(30592K)->30426K(30592K) Class: 3914K(4096K)->3914K(4096K)
[486.321s][info][gc             ] GC(256) Pause Full (System.gc()) 7206M->119M(8192M) 59.469ms
[486.321s][info][gc,cpu         ] GC(256) User=0.38s Sys=0.00s Real=0.06s
[487.139s][info][gc,start       ] GC(257) Pause Young (Normal) (G1 Evacuation Pause)
[487.139s][info][gc,task        ] GC(257) Using 6 workers of 6 for evacuation
[487.140s][info][gc,phases      ] GC(257)   Pre Evacuate Collection Set: 0.1ms
[487.141s][info][gc,phases      ] GC(257)   Merge Heap Roots: 0.1ms
[487.141s][info][gc,phases      ] GC(257)   Evacuate Collection Set: 0.2ms
[487.141s][info][gc,phases      ] GC(257)   Post Evacuate Collection Set: 1.1ms
[487.141s][info][gc,phases      ] GC(257)   Other: 0.2ms
[487.141s][info][gc,heap        ] GC(257) Eden regions: 1228->0(1227)
[487.141s][info][gc,heap        ] GC(257) Survivor regions: 0->1(154)
[487.141s][info][gc,heap        ] GC(257) Old regions: 33->33
[487.141s][info][gc,heap        ] GC(257) Archive regions: 0->0
[487.141s][info][gc,heap        ] GC(257) Humongous regions: 1->1
[487.141s][info][gc,metaspace   ] GC(257) Metaspace: 34341K(34688K)->34341K(34688K) NonClass: 30426K(30592K)->30426K(30592K) Class: 3914K(4096K)->3914K(4096K)
[487.141s][info][gc             ] GC(257) Pause Young (Normal) (G1 Evacuation Pause) 5031M->119M(8192M) 1.859ms
[487.141s][info][gc,cpu         ] GC(257) User=0.00s Sys=0.00s Real=0.00s
[488.138s][info][gc,start       ] GC(258) Pause Young (Normal) (G1 Evacuation Pause)
[488.138s][info][gc,task        ] GC(258) Using 6 workers of 6 for evacuation
[488.140s][info][gc,phases      ] GC(258)   Pre Evacuate Collection Set: 0.1ms
[488.140s][info][gc,phases      ] GC(258)   Merge Heap Roots: 0.1ms
[488.140s][info][gc,phases      ] GC(258)   Evacuate Collection Set: 0.1ms
[488.140s][info][gc,phases      ] GC(258)   Post Evacuate Collection Set: 1.0ms
[488.140s][info][gc,phases      ] GC(258)   Other: 0.2ms
[488.140s][info][gc,heap        ] GC(258) Eden regions: 1227->0(1227)
[488.140s][info][gc,heap        ] GC(258) Survivor regions: 1->1(154)
[488.140s][info][gc,heap        ] GC(258) Old regions: 33->33
[488.140s][info][gc,heap        ] GC(258) Archive regions: 0->0
[488.140s][info][gc,heap        ] GC(258) Humongous regions: 1->1
[488.140s][info][gc,metaspace   ] GC(258) Metaspace: 34341K(34688K)->34341K(34688K) NonClass: 30426K(30592K)->30426K(30592K) Class: 3914K(4096K)->3914K(4096K)
[488.140s][info][gc             ] GC(258) Pause Young (Normal) (G1 Evacuation Pause) 5027M->119M(8192M) 1.704ms
[488.140s][info][gc,cpu         ] GC(258) User=0.00s Sys=0.00s Real=0.00s
[491.873s][info][gc,start       ] GC(259) Pause Full (System.gc())
[491.873s][info][gc,task        ] GC(259) Using 6 workers of 6 for full compaction
[491.873s][info][gc,phases,start] GC(259) Phase 1: Mark live objects
[491.891s][info][gc,phases      ] GC(259) Phase 1: Mark live objects 18.119ms
[491.892s][info][gc,phases,start] GC(259) Phase 2: Prepare for compaction
[491.900s][info][gc,phases      ] GC(259) Phase 2: Prepare for compaction 8.232ms
[491.900s][info][gc,phases,start] GC(259) Phase 3: Adjust pointers
[491.909s][info][gc,phases      ] GC(259) Phase 3: Adjust pointers 8.907ms
[491.909s][info][gc,phases,start] GC(259) Phase 4: Compact heap
[491.914s][info][gc,phases      ] GC(259) Phase 4: Compact heap 5.161ms
[491.931s][info][gc,heap        ] GC(259) Eden regions: 1151->0(1228)
[491.931s][info][gc,heap        ] GC(259) Survivor regions: 1->0(154)
[491.931s][info][gc,heap        ] GC(259) Old regions: 33->33
[491.931s][info][gc,heap        ] GC(259) Archive regions: 0->0
[491.931s][info][gc,heap        ] GC(259) Humongous regions: 622->1
[491.931s][info][gc,metaspace   ] GC(259) Metaspace: 34341K(34688K)->34341K(34688K) NonClass: 30426K(30592K)->30426K(30592K) Class: 3914K(4096K)->3914K(4096K)
[491.931s][info][gc             ] GC(259) Pause Full (System.gc()) 7203M->119M(8192M) 58.318ms
[491.931s][info][gc,cpu         ] GC(259) User=0.34s Sys=0.02s Real=0.06s
[492.749s][info][gc,start       ] GC(260) Pause Young (Normal) (G1 Evacuation Pause)
[492.749s][info][gc,task        ] GC(260) Using 6 workers of 6 for evacuation
[492.750s][info][gc,phases      ] GC(260)   Pre Evacuate Collection Set: 0.2ms
[492.750s][info][gc,phases      ] GC(260)   Merge Heap Roots: 0.2ms
[492.750s][info][gc,phases      ] GC(260)   Evacuate Collection Set: 0.1ms
[492.750s][info][gc,phases      ] GC(260)   Post Evacuate Collection Set: 1.0ms
[492.750s][info][gc,phases      ] GC(260)   Other: 0.2ms
[492.750s][info][gc,heap        ] GC(260) Eden regions: 1228->0(1227)
[492.750s][info][gc,heap        ] GC(260) Survivor regions: 0->1(154)
[492.750s][info][gc,heap        ] GC(260) Old regions: 33->33
[492.750s][info][gc,heap        ] GC(260) Archive regions: 0->0
[492.750s][info][gc,heap        ] GC(260) Humongous regions: 1->1
[492.750s][info][gc,metaspace   ] GC(260) Metaspace: 34341K(34688K)->34341K(34688K) NonClass: 30426K(30592K)->30426K(30592K) Class: 3914K(4096K)->3914K(4096K)
[492.751s][info][gc             ] GC(260) Pause Young (Normal) (G1 Evacuation Pause) 5031M->119M(8192M) 1.884ms
[492.751s][info][gc,cpu         ] GC(260) User=0.00s Sys=0.00s Real=0.02s
[493.766s][info][gc,start       ] GC(261) Pause Young (Normal) (G1 Evacuation Pause)
[493.766s][info][gc,task        ] GC(261) Using 6 workers of 6 for evacuation
[493.767s][info][gc,phases      ] GC(261)   Pre Evacuate Collection Set: 0.1ms
[493.767s][info][gc,phases      ] GC(261)   Merge Heap Roots: 0.1ms
[493.767s][info][gc,phases      ] GC(261)   Evacuate Collection Set: 0.2ms
[493.767s][info][gc,phases      ] GC(261)   Post Evacuate Collection Set: 1.1ms
[493.767s][info][gc,phases      ] GC(261)   Other: 0.2ms
[493.767s][info][gc,heap        ] GC(261) Eden regions: 1227->0(1227)
[493.767s][info][gc,heap        ] GC(261) Survivor regions: 1->1(154)
[493.767s][info][gc,heap        ] GC(261) Old regions: 33->33
[493.767s][info][gc,heap        ] GC(261) Archive regions: 0->0
[493.767s][info][gc,heap        ] GC(261) Humongous regions: 1->1
[493.767s][info][gc,metaspace   ] GC(261) Metaspace: 34341K(34688K)->34341K(34688K) NonClass: 30426K(30592K)->30426K(30592K) Class: 3914K(4096K)->3914K(4096K)
[493.767s][info][gc             ] GC(261) Pause Young (Normal) (G1 Evacuation Pause) 5027M->119M(8192M) 1.784ms
[493.767s][info][gc,cpu         ] GC(261) User=0.00s Sys=0.00s Real=0.02s
[497.867s][info][gc,start       ] GC(262) Pause Full (System.gc())
[497.867s][info][gc,task        ] GC(262) Using 6 workers of 6 for full compaction
[497.867s][info][gc,phases,start] GC(262) Phase 1: Mark live objects
[497.886s][info][gc,phases      ] GC(262) Phase 1: Mark live objects 18.808ms
[497.886s][info][gc,phases,start] GC(262) Phase 2: Prepare for compaction
[497.894s][info][gc,phases      ] GC(262) Phase 2: Prepare for compaction 8.323ms
[497.894s][info][gc,phases,start] GC(262) Phase 3: Adjust pointers
[497.903s][info][gc,phases      ] GC(262) Phase 3: Adjust pointers 8.826ms
[497.903s][info][gc,phases,start] GC(262) Phase 4: Compact heap
[497.908s][info][gc,phases      ] GC(262) Phase 4: Compact heap 5.165ms
[497.926s][info][gc,heap        ] GC(262) Eden regions: 1173->0(1228)
[497.926s][info][gc,heap        ] GC(262) Survivor regions: 1->0(154)
[497.926s][info][gc,heap        ] GC(262) Old regions: 33->32
[497.926s][info][gc,heap        ] GC(262) Archive regions: 0->0
[497.926s][info][gc,heap        ] GC(262) Humongous regions: 717->1
[497.926s][info][gc,metaspace   ] GC(262) Metaspace: 34341K(34688K)->34341K(34688K) NonClass: 30426K(30592K)->30426K(30592K) Class: 3914K(4096K)->3914K(4096K)
[497.926s][info][gc             ] GC(262) Pause Full (System.gc()) 7673M->119M(8192M) 59.178ms
[497.926s][info][gc,cpu         ] GC(262) User=0.19s Sys=0.00s Real=0.06s
[498.741s][info][gc,start       ] GC(263) Pause Young (Normal) (G1 Evacuation Pause)
[498.741s][info][gc,task        ] GC(263) Using 6 workers of 6 for evacuation
[498.742s][info][gc,phases      ] GC(263)   Pre Evacuate Collection Set: 0.1ms
[498.742s][info][gc,phases      ] GC(263)   Merge Heap Roots: 0.1ms
[498.742s][info][gc,phases      ] GC(263)   Evacuate Collection Set: 0.1ms
[498.742s][info][gc,phases      ] GC(263)   Post Evacuate Collection Set: 1.0ms
[498.742s][info][gc,phases      ] GC(263)   Other: 0.2ms
[498.742s][info][gc,heap        ] GC(263) Eden regions: 1228->0(1227)
[498.742s][info][gc,heap        ] GC(263) Survivor regions: 0->1(154)
[498.742s][info][gc,heap        ] GC(263) Old regions: 32->32
[498.742s][info][gc,heap        ] GC(263) Archive regions: 0->0
[498.742s][info][gc,heap        ] GC(263) Humongous regions: 1->1
[498.742s][info][gc,metaspace   ] GC(263) Metaspace: 34341K(34688K)->34341K(34688K) NonClass: 30426K(30592K)->30426K(30592K) Class: 3914K(4096K)->3914K(4096K)
[498.742s][info][gc             ] GC(263) Pause Young (Normal) (G1 Evacuation Pause) 5031M->119M(8192M) 1.722ms
[498.742s][info][gc,cpu         ] GC(263) User=0.00s Sys=0.00s Real=0.00s
[499.758s][info][gc,start       ] GC(264) Pause Young (Normal) (G1 Evacuation Pause)
[499.758s][info][gc,task        ] GC(264) Using 6 workers of 6 for evacuation
[499.760s][info][gc,phases      ] GC(264)   Pre Evacuate Collection Set: 0.1ms
[499.760s][info][gc,phases      ] GC(264)   Merge Heap Roots: 0.1ms
[499.760s][info][gc,phases      ] GC(264)   Evacuate Collection Set: 0.2ms
[499.760s][info][gc,phases      ] GC(264)   Post Evacuate Collection Set: 1.1ms
[499.760s][info][gc,phases      ] GC(264)   Other: 0.2ms
[499.760s][info][gc,heap        ] GC(264) Eden regions: 1227->0(1227)
[499.760s][info][gc,heap        ] GC(264) Survivor regions: 1->1(154)
[499.760s][info][gc,heap        ] GC(264) Old regions: 32->32
[499.760s][info][gc,heap        ] GC(264) Archive regions: 0->0
[499.760s][info][gc,heap        ] GC(264) Humongous regions: 1->1
[499.760s][info][gc,metaspace   ] GC(264) Metaspace: 34341K(34688K)->34341K(34688K) NonClass: 30426K(30592K)->30426K(30592K) Class: 3914K(4096K)->3914K(4096K)
[499.760s][info][gc             ] GC(264) Pause Young (Normal) (G1 Evacuation Pause) 5027M->119M(8192M) 1.843ms
[499.760s][info][gc,cpu         ] GC(264) User=0.00s Sys=0.00s Real=0.00s
[504.272s][info][gc,start       ] GC(265) Pause Young (Normal) (G1 Preventive Collection)
[504.272s][info][gc,task        ] GC(265) Using 6 workers of 6 for evacuation
[504.304s][info][gc             ] GC(265) To-space exhausted
[504.304s][info][gc,phases      ] GC(265)   Pre Evacuate Collection Set: 0.1ms
[504.304s][info][gc,phases      ] GC(265)   Merge Heap Roots: 0.2ms
[504.304s][info][gc,phases      ] GC(265)   Evacuate Collection Set: 6.2ms
[504.304s][info][gc,phases      ] GC(265)   Post Evacuate Collection Set: 25.3ms
[504.304s][info][gc,phases      ] GC(265)   Other: 0.2ms
[504.304s][info][gc,heap        ] GC(265) Eden regions: 1205->0(1227)
[504.304s][info][gc,heap        ] GC(265) Survivor regions: 1->1(1)
[504.304s][info][gc,heap        ] GC(265) Old regions: 32->183
[504.304s][info][gc,heap        ] GC(265) Archive regions: 0->0
[504.304s][info][gc,heap        ] GC(265) Humongous regions: 809->3
[504.304s][info][gc,metaspace   ] GC(265) Metaspace: 34341K(34688K)->34341K(34688K) NonClass: 30426K(30592K)->30426K(30592K) Class: 3914K(4096K)->3914K(4096K)
[504.304s][info][gc             ] GC(265) Pause Young (Normal) (G1 Preventive Collection) 8170M->730M(8192M) 32.111ms
[504.304s][info][gc,cpu         ] GC(265) User=0.19s Sys=0.00s Real=0.03s
[504.818s][info][gc,start       ] GC(266) Pause Full (System.gc())
[504.818s][info][gc,task        ] GC(266) Using 6 workers of 6 for full compaction
[504.818s][info][gc,phases,start] GC(266) Phase 1: Mark live objects
[504.838s][info][gc,phases      ] GC(266) Phase 1: Mark live objects 19.180ms
[504.838s][info][gc,phases,start] GC(266) Phase 2: Prepare for compaction
[504.844s][info][gc,phases      ] GC(266) Phase 2: Prepare for compaction 6.717ms
[504.844s][info][gc,phases,start] GC(266) Phase 3: Adjust pointers
[504.851s][info][gc,phases      ] GC(266) Phase 3: Adjust pointers 7.069ms
[504.852s][info][gc,phases,start] GC(266) Phase 4: Compact heap
[504.855s][info][gc,phases      ] GC(266) Phase 4: Compact heap 3.203ms
[504.872s][info][gc,heap        ] GC(266) Eden regions: 60->0(1228)
[504.872s][info][gc,heap        ] GC(266) Survivor regions: 1->0(1)
[504.872s][info][gc,heap        ] GC(266) Old regions: 183->33
[504.872s][info][gc,heap        ] GC(266) Archive regions: 0->0
[504.872s][info][gc,heap        ] GC(266) Humongous regions: 108->1
[504.872s][info][gc,metaspace   ] GC(266) Metaspace: 34341K(34688K)->34341K(34688K) NonClass: 30426K(30592K)->30426K(30592K) Class: 3914K(4096K)->3914K(4096K)
[504.872s][info][gc             ] GC(266) Pause Full (System.gc()) 1389M->118M(8192M) 54.040ms
[504.872s][info][gc,cpu         ] GC(266) User=0.28s Sys=0.00s Real=0.06s
[505.692s][info][gc,start       ] GC(267) Pause Young (Normal) (G1 Evacuation Pause)
[505.692s][info][gc,task        ] GC(267) Using 6 workers of 6 for evacuation
[505.694s][info][gc,phases      ] GC(267)   Pre Evacuate Collection Set: 0.1ms
[505.694s][info][gc,phases      ] GC(267)   Merge Heap Roots: 0.1ms
[505.694s][info][gc,phases      ] GC(267)   Evacuate Collection Set: 0.2ms
[505.694s][info][gc,phases      ] GC(267)   Post Evacuate Collection Set: 1.4ms
[505.694s][info][gc,phases      ] GC(267)   Other: 0.2ms
[505.694s][info][gc,heap        ] GC(267) Eden regions: 1228->0(1227)
[505.694s][info][gc,heap        ] GC(267) Survivor regions: 0->1(154)
[505.694s][info][gc,heap        ] GC(267) Old regions: 33->33
[505.694s][info][gc,heap        ] GC(267) Archive regions: 0->0
[505.694s][info][gc,heap        ] GC(267) Humongous regions: 1->1
[505.694s][info][gc,metaspace   ] GC(267) Metaspace: 34341K(34688K)->34341K(34688K) NonClass: 30426K(30592K)->30426K(30592K) Class: 3914K(4096K)->3914K(4096K)
[505.694s][info][gc             ] GC(267) Pause Young (Normal) (G1 Evacuation Pause) 5030M->119M(8192M) 2.091ms
[505.694s][info][gc,cpu         ] GC(267) User=0.00s Sys=0.00s Real=0.02s
[506.703s][info][gc,start       ] GC(268) Pause Young (Normal) (G1 Evacuation Pause)
[506.703s][info][gc,task        ] GC(268) Using 6 workers of 6 for evacuation
[506.704s][info][gc,phases      ] GC(268)   Pre Evacuate Collection Set: 0.1ms
[506.704s][info][gc,phases      ] GC(268)   Merge Heap Roots: 0.1ms
[506.704s][info][gc,phases      ] GC(268)   Evacuate Collection Set: 0.2ms
[506.704s][info][gc,phases      ] GC(268)   Post Evacuate Collection Set: 1.1ms
[506.704s][info][gc,phases      ] GC(268)   Other: 0.2ms
[506.704s][info][gc,heap        ] GC(268) Eden regions: 1227->0(1227)
[506.704s][info][gc,heap        ] GC(268) Survivor regions: 1->1(154)
[506.704s][info][gc,heap        ] GC(268) Old regions: 33->33
[506.704s][info][gc,heap        ] GC(268) Archive regions: 0->0
[506.704s][info][gc,heap        ] GC(268) Humongous regions: 1->1
[506.704s][info][gc,metaspace   ] GC(268) Metaspace: 34341K(34688K)->34341K(34688K) NonClass: 30426K(30592K)->30426K(30592K) Class: 3914K(4096K)->3914K(4096K)
[506.704s][info][gc             ] GC(268) Pause Young (Normal) (G1 Evacuation Pause) 5027M->119M(8192M) 1.805ms
[506.704s][info][gc,cpu         ] GC(268) User=0.00s Sys=0.00s Real=0.00s
[511.323s][info][gc,start       ] GC(269) Pause Young (Normal) (G1 Humongous Allocation)
[511.323s][info][gc,task        ] GC(269) Using 6 workers of 6 for evacuation
[511.376s][info][gc             ] GC(269) To-space exhausted
[511.376s][info][gc,phases      ] GC(269)   Pre Evacuate Collection Set: 0.1ms
[511.376s][info][gc,phases      ] GC(269)   Merge Heap Roots: 0.2ms
[511.376s][info][gc,phases      ] GC(269)   Evacuate Collection Set: 9.7ms
[511.376s][info][gc,phases      ] GC(269)   Post Evacuate Collection Set: 42.3ms
[511.376s][info][gc,phases      ] GC(269)   Other: 0.3ms
[511.376s][info][gc,heap        ] GC(269) Eden regions: 1212->0(1227)
[511.376s][info][gc,heap        ] GC(269) Survivor regions: 1->1(1)
[511.376s][info][gc,heap        ] GC(269) Old regions: 33->304
[511.376s][info][gc,heap        ] GC(269) Archive regions: 0->0
[511.376s][info][gc,heap        ] GC(269) Humongous regions: 801->7
[511.376s][info][gc,metaspace   ] GC(269) Metaspace: 34341K(34688K)->34341K(34688K) NonClass: 30426K(30592K)->30426K(30592K) Class: 3914K(4096K)->3914K(4096K)
[511.376s][info][gc             ] GC(269) Pause Young (Normal) (G1 Humongous Allocation) 8165M->1225M(8192M) 52.748ms
[511.376s][info][gc,cpu         ] GC(269) User=0.28s Sys=0.00s Real=0.05s
[511.452s][info][gc,start       ] GC(270) Pause Full (System.gc())
[511.452s][info][gc,task        ] GC(270) Using 6 workers of 6 for full compaction
[511.453s][info][gc,phases,start] GC(270) Phase 1: Mark live objects
[511.469s][info][gc,phases      ] GC(270) Phase 1: Mark live objects 16.752ms
[511.469s][info][gc,phases,start] GC(270) Phase 2: Prepare for compaction
[511.476s][info][gc,phases      ] GC(270) Phase 2: Prepare for compaction 6.143ms
[511.476s][info][gc,phases,start] GC(270) Phase 3: Adjust pointers
[511.483s][info][gc,phases      ] GC(270) Phase 3: Adjust pointers 6.988ms
[511.483s][info][gc,phases,start] GC(270) Phase 4: Compact heap
[511.487s][info][gc,phases      ] GC(270) Phase 4: Compact heap 3.813ms
[511.504s][info][gc,heap        ] GC(270) Eden regions: 11->0(1228)
[511.504s][info][gc,heap        ] GC(270) Survivor regions: 1->0(1)
[511.504s][info][gc,heap        ] GC(270) Old regions: 304->34
[511.504s][info][gc,heap        ] GC(270) Archive regions: 0->0
[511.504s][info][gc,heap        ] GC(270) Humongous regions: 21->1
[511.504s][info][gc,metaspace   ] GC(270) Metaspace: 34341K(34688K)->34341K(34688K) NonClass: 30426K(30592K)->30426K(30592K) Class: 3914K(4096K)->3914K(4096K)
[511.504s][info][gc             ] GC(270) Pause Full (System.gc()) 1323M->118M(8192M) 51.883ms
[511.504s][info][gc,cpu         ] GC(270) User=0.28s Sys=0.00s Real=0.05s
[512.320s][info][gc,start       ] GC(271) Pause Young (Normal) (G1 Evacuation Pause)
[512.320s][info][gc,task        ] GC(271) Using 6 workers of 6 for evacuation
[512.322s][info][gc,phases      ] GC(271)   Pre Evacuate Collection Set: 0.1ms
[512.322s][info][gc,phases      ] GC(271)   Merge Heap Roots: 0.1ms
[512.322s][info][gc,phases      ] GC(271)   Evacuate Collection Set: 0.2ms
[512.322s][info][gc,phases      ] GC(271)   Post Evacuate Collection Set: 1.1ms
[512.322s][info][gc,phases      ] GC(271)   Other: 0.2ms
[512.322s][info][gc,heap        ] GC(271) Eden regions: 1228->0(1227)
[512.322s][info][gc,heap        ] GC(271) Survivor regions: 0->1(154)
[512.322s][info][gc,heap        ] GC(271) Old regions: 34->34
[512.322s][info][gc,heap        ] GC(271) Archive regions: 0->0
[512.322s][info][gc,heap        ] GC(271) Humongous regions: 1->1
[512.322s][info][gc,metaspace   ] GC(271) Metaspace: 34341K(34688K)->34341K(34688K) NonClass: 30426K(30592K)->30426K(30592K) Class: 3914K(4096K)->3914K(4096K)
[512.322s][info][gc             ] GC(271) Pause Young (Normal) (G1 Evacuation Pause) 5030M->118M(8192M) 1.776ms
[512.322s][info][gc,cpu         ] GC(271) User=0.00s Sys=0.00s Real=0.00s
[513.341s][info][gc,start       ] GC(272) Pause Young (Normal) (G1 Evacuation Pause)
[513.341s][info][gc,task        ] GC(272) Using 6 workers of 6 for evacuation
[513.342s][info][gc,phases      ] GC(272)   Pre Evacuate Collection Set: 0.1ms
[513.342s][info][gc,phases      ] GC(272)   Merge Heap Roots: 0.1ms
[513.342s][info][gc,phases      ] GC(272)   Evacuate Collection Set: 0.2ms
[513.342s][info][gc,phases      ] GC(272)   Post Evacuate Collection Set: 1.1ms
[513.342s][info][gc,phases      ] GC(272)   Other: 0.2ms
[513.342s][info][gc,heap        ] GC(272) Eden regions: 1227->0(1227)
[513.342s][info][gc,heap        ] GC(272) Survivor regions: 1->1(154)
[513.342s][info][gc,heap        ] GC(272) Old regions: 34->34
[513.342s][info][gc,heap        ] GC(272) Archive regions: 0->0
[513.342s][info][gc,heap        ] GC(272) Humongous regions: 1->1
[513.342s][info][gc,metaspace   ] GC(272) Metaspace: 34341K(34688K)->34341K(34688K) NonClass: 30426K(30592K)->30426K(30592K) Class: 3914K(4096K)->3914K(4096K)
[513.342s][info][gc             ] GC(272) Pause Young (Normal) (G1 Evacuation Pause) 5026M->118M(8192M) 1.817ms
[513.342s][info][gc,cpu         ] GC(272) User=0.00s Sys=0.00s Real=0.00s
[517.792s][info][gc,start       ] GC(273) Pause Full (System.gc())
[517.792s][info][gc,task        ] GC(273) Using 6 workers of 6 for full compaction
[517.792s][info][gc,phases,start] GC(273) Phase 1: Mark live objects
[517.811s][info][gc,phases      ] GC(273) Phase 1: Mark live objects 18.532ms
[517.811s][info][gc,phases,start] GC(273) Phase 2: Prepare for compaction
[517.820s][info][gc,phases      ] GC(273) Phase 2: Prepare for compaction 9.089ms
[517.820s][info][gc,phases,start] GC(273) Phase 3: Adjust pointers
[517.829s][info][gc,phases      ] GC(273) Phase 3: Adjust pointers 8.285ms
[517.829s][info][gc,phases,start] GC(273) Phase 4: Compact heap
[517.834s][info][gc,phases      ] GC(273) Phase 4: Compact heap 5.245ms
[517.851s][info][gc,heap        ] GC(273) Eden regions: 1199->0(1228)
[517.851s][info][gc,heap        ] GC(273) Survivor regions: 1->0(154)
[517.851s][info][gc,heap        ] GC(273) Old regions: 34->34
[517.851s][info][gc,heap        ] GC(273) Archive regions: 0->0
[517.851s][info][gc,heap        ] GC(273) Humongous regions: 759->0
[517.851s][info][gc,metaspace   ] GC(273) Metaspace: 34341K(34688K)->34341K(34688K) NonClass: 30426K(30592K)->30426K(30592K) Class: 3914K(4096K)->3914K(4096K)
[517.851s][info][gc             ] GC(273) Pause Full (System.gc()) 7942M->116M(8192M) 58.627ms
[517.851s][info][gc,cpu         ] GC(273) User=0.28s Sys=0.00s Real=0.07s
[518.671s][info][gc,start       ] GC(274) Pause Young (Normal) (G1 Evacuation Pause)
[518.671s][info][gc,task        ] GC(274) Using 6 workers of 6 for evacuation
[518.673s][info][gc,phases      ] GC(274)   Pre Evacuate Collection Set: 0.1ms
[518.673s][info][gc,phases      ] GC(274)   Merge Heap Roots: 0.1ms
[518.673s][info][gc,phases      ] GC(274)   Evacuate Collection Set: 0.2ms
[518.673s][info][gc,phases      ] GC(274)   Post Evacuate Collection Set: 1.1ms
[518.673s][info][gc,phases      ] GC(274)   Other: 0.2ms
[518.673s][info][gc,heap        ] GC(274) Eden regions: 1228->0(1227)
[518.673s][info][gc,heap        ] GC(274) Survivor regions: 0->1(154)
[518.673s][info][gc,heap        ] GC(274) Old regions: 34->34
[518.673s][info][gc,heap        ] GC(274) Archive regions: 0->0
[518.673s][info][gc,heap        ] GC(274) Humongous regions: 0->0
[518.673s][info][gc,metaspace   ] GC(274) Metaspace: 34341K(34688K)->34341K(34688K) NonClass: 30427K(30592K)->30427K(30592K) Class: 3914K(4096K)->3914K(4096K)
[518.673s][info][gc             ] GC(274) Pause Young (Normal) (G1 Evacuation Pause) 5028M->116M(8192M) 1.783ms
[518.673s][info][gc,cpu         ] GC(274) User=0.00s Sys=0.00s Real=0.00s
[519.680s][info][gc,start       ] GC(275) Pause Young (Normal) (G1 Evacuation Pause)
[519.680s][info][gc,task        ] GC(275) Using 6 workers of 6 for evacuation
[519.682s][info][gc,phases      ] GC(275)   Pre Evacuate Collection Set: 0.1ms
[519.682s][info][gc,phases      ] GC(275)   Merge Heap Roots: 0.1ms
[519.682s][info][gc,phases      ] GC(275)   Evacuate Collection Set: 0.2ms
[519.682s][info][gc,phases      ] GC(275)   Post Evacuate Collection Set: 1.4ms
[519.682s][info][gc,phases      ] GC(275)   Other: 0.2ms
[519.682s][info][gc,heap        ] GC(275) Eden regions: 1227->0(1227)
[519.682s][info][gc,heap        ] GC(275) Survivor regions: 1->1(154)
[519.682s][info][gc,heap        ] GC(275) Old regions: 34->34
[519.682s][info][gc,heap        ] GC(275) Archive regions: 0->0
[519.682s][info][gc,heap        ] GC(275) Humongous regions: 0->0
[519.682s][info][gc,metaspace   ] GC(275) Metaspace: 34341K(34688K)->34341K(34688K) NonClass: 30427K(30592K)->30427K(30592K) Class: 3914K(4096K)->3914K(4096K)
[519.682s][info][gc             ] GC(275) Pause Young (Normal) (G1 Evacuation Pause) 5024M->116M(8192M) 2.093ms
[519.682s][info][gc,cpu         ] GC(275) User=0.00s Sys=0.00s Real=0.01s
[523.810s][info][gc,start       ] GC(276) Pause Full (System.gc())
[523.810s][info][gc,task        ] GC(276) Using 6 workers of 6 for full compaction
[523.811s][info][gc,phases,start] GC(276) Phase 1: Mark live objects
[523.831s][info][gc,phases      ] GC(276) Phase 1: Mark live objects 19.930ms
[523.831s][info][gc,phases,start] GC(276) Phase 2: Prepare for compaction
[523.839s][info][gc,phases      ] GC(276) Phase 2: Prepare for compaction 8.181ms
[523.839s][info][gc,phases,start] GC(276) Phase 3: Adjust pointers
[523.848s][info][gc,phases      ] GC(276) Phase 3: Adjust pointers 8.917ms
[523.848s][info][gc,phases,start] GC(276) Phase 4: Compact heap
[523.853s][info][gc,phases      ] GC(276) Phase 4: Compact heap 4.938ms
[523.870s][info][gc,heap        ] GC(276) Eden regions: 1180->0(1228)
[523.870s][info][gc,heap        ] GC(276) Survivor regions: 1->0(154)
[523.870s][info][gc,heap        ] GC(276) Old regions: 34->33
[523.870s][info][gc,heap        ] GC(276) Archive regions: 0->0
[523.870s][info][gc,heap        ] GC(276) Humongous regions: 718->1
[523.870s][info][gc,metaspace   ] GC(276) Metaspace: 34343K(34688K)->34343K(34688K) NonClass: 30428K(30592K)->30428K(30592K) Class: 3914K(4096K)->3914K(4096K)
[523.870s][info][gc             ] GC(276) Pause Full (System.gc()) 7704M->119M(8192M) 59.737ms
[523.870s][info][gc,cpu         ] GC(276) User=0.31s Sys=0.02s Real=0.06s
[524.688s][info][gc,start       ] GC(277) Pause Young (Normal) (G1 Evacuation Pause)
[524.688s][info][gc,task        ] GC(277) Using 6 workers of 6 for evacuation
[524.690s][info][gc,phases      ] GC(277)   Pre Evacuate Collection Set: 0.1ms
[524.690s][info][gc,phases      ] GC(277)   Merge Heap Roots: 0.1ms
[524.690s][info][gc,phases      ] GC(277)   Evacuate Collection Set: 0.2ms
[524.690s][info][gc,phases      ] GC(277)   Post Evacuate Collection Set: 1.1ms
[524.690s][info][gc,phases      ] GC(277)   Other: 0.2ms
[524.690s][info][gc,heap        ] GC(277) Eden regions: 1228->0(1227)
[524.690s][info][gc,heap        ] GC(277) Survivor regions: 0->1(154)
[524.690s][info][gc,heap        ] GC(277) Old regions: 33->33
[524.690s][info][gc,heap        ] GC(277) Archive regions: 0->0
[524.690s][info][gc,heap        ] GC(277) Humongous regions: 1->1
[524.690s][info][gc,metaspace   ] GC(277) Metaspace: 34343K(34688K)->34343K(34688K) NonClass: 30428K(30592K)->30428K(30592K) Class: 3914K(4096K)->3914K(4096K)
[524.690s][info][gc             ] GC(277) Pause Young (Normal) (G1 Evacuation Pause) 5031M->119M(8192M) 1.791ms
[524.690s][info][gc,cpu         ] GC(277) User=0.00s Sys=0.00s Real=0.00s
[525.698s][info][gc,start       ] GC(278) Pause Young (Normal) (G1 Evacuation Pause)
[525.698s][info][gc,task        ] GC(278) Using 6 workers of 6 for evacuation
[525.699s][info][gc,phases      ] GC(278)   Pre Evacuate Collection Set: 0.1ms
[525.699s][info][gc,phases      ] GC(278)   Merge Heap Roots: 0.2ms
[525.699s][info][gc,phases      ] GC(278)   Evacuate Collection Set: 0.3ms
[525.699s][info][gc,phases      ] GC(278)   Post Evacuate Collection Set: 1.1ms
[525.699s][info][gc,phases      ] GC(278)   Other: 0.2ms
[525.700s][info][gc,heap        ] GC(278) Eden regions: 1227->0(1227)
[525.700s][info][gc,heap        ] GC(278) Survivor regions: 1->1(154)
[525.700s][info][gc,heap        ] GC(278) Old regions: 33->33
[525.700s][info][gc,heap        ] GC(278) Archive regions: 0->0
[525.700s][info][gc,heap        ] GC(278) Humongous regions: 1->1
[525.700s][info][gc,metaspace   ] GC(278) Metaspace: 34343K(34688K)->34343K(34688K) NonClass: 30428K(30592K)->30428K(30592K) Class: 3914K(4096K)->3914K(4096K)
[525.700s][info][gc             ] GC(278) Pause Young (Normal) (G1 Evacuation Pause) 5027M->119M(8192M) 1.994ms
[525.700s][info][gc,cpu         ] GC(278) User=0.00s Sys=0.00s Real=0.01s
[529.397s][info][gc,start       ] GC(279) Pause Full (System.gc())
[529.397s][info][gc,task        ] GC(279) Using 6 workers of 6 for full compaction
[529.398s][info][gc,phases,start] GC(279) Phase 1: Mark live objects
[529.416s][info][gc,phases      ] GC(279) Phase 1: Mark live objects 18.770ms
[529.416s][info][gc,phases,start] GC(279) Phase 2: Prepare for compaction
[529.426s][info][gc,phases      ] GC(279) Phase 2: Prepare for compaction 9.364ms
[529.426s][info][gc,phases,start] GC(279) Phase 3: Adjust pointers
[529.434s][info][gc,phases      ] GC(279) Phase 3: Adjust pointers 8.428ms
[529.434s][info][gc,phases,start] GC(279) Phase 4: Compact heap
[529.440s][info][gc,phases      ] GC(279) Phase 4: Compact heap 5.522ms
[529.457s][info][gc,heap        ] GC(279) Eden regions: 1143->0(1228)
[529.457s][info][gc,heap        ] GC(279) Survivor regions: 1->0(154)
[529.457s][info][gc,heap        ] GC(279) Old regions: 33->33
[529.457s][info][gc,heap        ] GC(279) Archive regions: 0->0
[529.457s][info][gc,heap        ] GC(279) Humongous regions: 629->0
[529.457s][info][gc,metaspace   ] GC(279) Metaspace: 34344K(34688K)->34344K(34688K) NonClass: 30429K(30592K)->30429K(30592K) Class: 3914K(4096K)->3914K(4096K)
[529.457s][info][gc             ] GC(279) Pause Full (System.gc()) 7199M->115M(8192M) 59.942ms
[529.457s][info][gc,cpu         ] GC(279) User=0.30s Sys=0.00s Real=0.06s
[530.276s][info][gc,start       ] GC(280) Pause Young (Normal) (G1 Evacuation Pause)
[530.276s][info][gc,task        ] GC(280) Using 6 workers of 6 for evacuation
[530.277s][info][gc,phases      ] GC(280)   Pre Evacuate Collection Set: 0.1ms
[530.278s][info][gc,phases      ] GC(280)   Merge Heap Roots: 0.2ms
[530.278s][info][gc,phases      ] GC(280)   Evacuate Collection Set: 0.2ms
[530.278s][info][gc,phases      ] GC(280)   Post Evacuate Collection Set: 1.1ms
[530.278s][info][gc,phases      ] GC(280)   Other: 0.2ms
[530.278s][info][gc,heap        ] GC(280) Eden regions: 1228->0(1227)
[530.278s][info][gc,heap        ] GC(280) Survivor regions: 0->1(154)
[530.278s][info][gc,heap        ] GC(280) Old regions: 33->33
[530.278s][info][gc,heap        ] GC(280) Archive regions: 0->0
[530.278s][info][gc,heap        ] GC(280) Humongous regions: 0->0
[530.278s][info][gc,metaspace   ] GC(280) Metaspace: 34344K(34688K)->34344K(34688K) NonClass: 30429K(30592K)->30429K(30592K) Class: 3914K(4096K)->3914K(4096K)
[530.278s][info][gc             ] GC(280) Pause Young (Normal) (G1 Evacuation Pause) 5027M->115M(8192M) 1.885ms
[530.278s][info][gc,cpu         ] GC(280) User=0.00s Sys=0.00s Real=0.02s
[531.279s][info][gc,start       ] GC(281) Pause Young (Normal) (G1 Evacuation Pause)
[531.280s][info][gc,task        ] GC(281) Using 6 workers of 6 for evacuation
[531.281s][info][gc,phases      ] GC(281)   Pre Evacuate Collection Set: 0.1ms
[531.281s][info][gc,phases      ] GC(281)   Merge Heap Roots: 0.1ms
[531.281s][info][gc,phases      ] GC(281)   Evacuate Collection Set: 0.2ms
[531.281s][info][gc,phases      ] GC(281)   Post Evacuate Collection Set: 1.0ms
[531.281s][info][gc,phases      ] GC(281)   Other: 0.2ms
[531.281s][info][gc,heap        ] GC(281) Eden regions: 1227->0(1227)
[531.281s][info][gc,heap        ] GC(281) Survivor regions: 1->1(154)
[531.281s][info][gc,heap        ] GC(281) Old regions: 33->33
[531.281s][info][gc,heap        ] GC(281) Archive regions: 0->0
[531.281s][info][gc,heap        ] GC(281) Humongous regions: 0->0
[531.281s][info][gc,metaspace   ] GC(281) Metaspace: 34344K(34688K)->34344K(34688K) NonClass: 30429K(30592K)->30429K(30592K) Class: 3914K(4096K)->3914K(4096K)
[531.281s][info][gc             ] GC(281) Pause Young (Normal) (G1 Evacuation Pause) 5023M->115M(8192M) 1.720ms
[531.281s][info][gc,cpu         ] GC(281) User=0.00s Sys=0.00s Real=0.00s
[535.694s][info][gc,start       ] GC(282) Pause Full (System.gc())
[535.694s][info][gc,task        ] GC(282) Using 6 workers of 6 for full compaction
[535.694s][info][gc,phases,start] GC(282) Phase 1: Mark live objects
[535.713s][info][gc,phases      ] GC(282) Phase 1: Mark live objects 18.570ms
[535.713s][info][gc,phases,start] GC(282) Phase 2: Prepare for compaction
[535.722s][info][gc,phases      ] GC(282) Phase 2: Prepare for compaction 9.161ms
[535.722s][info][gc,phases,start] GC(282) Phase 3: Adjust pointers
[535.730s][info][gc,phases      ] GC(282) Phase 3: Adjust pointers 8.178ms
[535.730s][info][gc,phases,start] GC(282) Phase 4: Compact heap
[535.736s][info][gc,phases      ] GC(282) Phase 4: Compact heap 5.203ms
[535.753s][info][gc,heap        ] GC(282) Eden regions: 1205->0(1228)
[535.753s][info][gc,heap        ] GC(282) Survivor regions: 1->0(154)
[535.753s][info][gc,heap        ] GC(282) Old regions: 33->33
[535.753s][info][gc,heap        ] GC(282) Archive regions: 0->0
[535.753s][info][gc,heap        ] GC(282) Humongous regions: 805->1
[535.753s][info][gc,metaspace   ] GC(282) Metaspace: 34344K(34688K)->34344K(34688K) NonClass: 30429K(30592K)->30429K(30592K) Class: 3914K(4096K)->3914K(4096K)
[535.753s][info][gc             ] GC(282) Pause Full (System.gc()) 8153M->119M(8192M) 58.738ms
[535.753s][info][gc,cpu         ] GC(282) User=0.28s Sys=0.00s Real=0.06s
[536.574s][info][gc,start       ] GC(283) Pause Young (Normal) (G1 Evacuation Pause)
[536.574s][info][gc,task        ] GC(283) Using 6 workers of 6 for evacuation
[536.576s][info][gc,phases      ] GC(283)   Pre Evacuate Collection Set: 0.1ms
[536.576s][info][gc,phases      ] GC(283)   Merge Heap Roots: 0.1ms
[536.576s][info][gc,phases      ] GC(283)   Evacuate Collection Set: 0.2ms
[536.576s][info][gc,phases      ] GC(283)   Post Evacuate Collection Set: 1.1ms
[536.576s][info][gc,phases      ] GC(283)   Other: 0.2ms
[536.576s][info][gc,heap        ] GC(283) Eden regions: 1228->0(1227)
[536.576s][info][gc,heap        ] GC(283) Survivor regions: 0->1(154)
[536.576s][info][gc,heap        ] GC(283) Old regions: 33->33
[536.576s][info][gc,heap        ] GC(283) Archive regions: 0->0
[536.576s][info][gc,heap        ] GC(283) Humongous regions: 1->1
[536.576s][info][gc,metaspace   ] GC(283) Metaspace: 34344K(34688K)->34344K(34688K) NonClass: 30429K(30592K)->30429K(30592K) Class: 3914K(4096K)->3914K(4096K)
[536.576s][info][gc             ] GC(283) Pause Young (Normal) (G1 Evacuation Pause) 5031M->119M(8192M) 1.794ms
[536.576s][info][gc,cpu         ] GC(283) User=0.00s Sys=0.00s Real=0.00s
[537.588s][info][gc,start       ] GC(284) Pause Young (Normal) (G1 Evacuation Pause)
[537.588s][info][gc,task        ] GC(284) Using 6 workers of 6 for evacuation
[537.589s][info][gc,phases      ] GC(284)   Pre Evacuate Collection Set: 0.1ms
[537.589s][info][gc,phases      ] GC(284)   Merge Heap Roots: 0.1ms
[537.589s][info][gc,phases      ] GC(284)   Evacuate Collection Set: 0.2ms
[537.589s][info][gc,phases      ] GC(284)   Post Evacuate Collection Set: 1.1ms
[537.589s][info][gc,phases      ] GC(284)   Other: 0.2ms
[537.589s][info][gc,heap        ] GC(284) Eden regions: 1227->0(1227)
[537.589s][info][gc,heap        ] GC(284) Survivor regions: 1->1(154)
[537.589s][info][gc,heap        ] GC(284) Old regions: 33->33
[537.589s][info][gc,heap        ] GC(284) Archive regions: 0->0
[537.589s][info][gc,heap        ] GC(284) Humongous regions: 1->1
[537.589s][info][gc,metaspace   ] GC(284) Metaspace: 34344K(34688K)->34344K(34688K) NonClass: 30429K(30592K)->30429K(30592K) Class: 3914K(4096K)->3914K(4096K)
[537.589s][info][gc             ] GC(284) Pause Young (Normal) (G1 Evacuation Pause) 5027M->119M(8192M) 1.801ms
[537.589s][info][gc,cpu         ] GC(284) User=0.00s Sys=0.00s Real=0.00s
[541.928s][info][gc,start       ] GC(285) Pause Full (System.gc())
[541.928s][info][gc,task        ] GC(285) Using 6 workers of 6 for full compaction
[541.928s][info][gc,phases,start] GC(285) Phase 1: Mark live objects
[541.947s][info][gc,phases      ] GC(285) Phase 1: Mark live objects 19.114ms
[541.947s][info][gc,phases,start] GC(285) Phase 2: Prepare for compaction
[541.956s][info][gc,phases      ] GC(285) Phase 2: Prepare for compaction 8.909ms
[541.956s][info][gc,phases,start] GC(285) Phase 3: Adjust pointers
[541.967s][info][gc,phases      ] GC(285) Phase 3: Adjust pointers 10.512ms
[541.967s][info][gc,phases,start] GC(285) Phase 4: Compact heap
[541.972s][info][gc,phases      ] GC(285) Phase 4: Compact heap 5.199ms
[541.989s][info][gc,heap        ] GC(285) Eden regions: 1208->0(1228)
[541.989s][info][gc,heap        ] GC(285) Survivor regions: 1->0(154)
[541.989s][info][gc,heap        ] GC(285) Old regions: 33->33
[541.989s][info][gc,heap        ] GC(285) Archive regions: 0->0
[541.989s][info][gc,heap        ] GC(285) Humongous regions: 754->0
[541.989s][info][gc,metaspace   ] GC(285) Metaspace: 34344K(34688K)->34344K(34688K) NonClass: 30429K(30592K)->30429K(30592K) Class: 3914K(4096K)->3914K(4096K)
[541.989s][info][gc             ] GC(285) Pause Full (System.gc()) 7962M->115M(8192M) 60.981ms
[541.989s][info][gc,cpu         ] GC(285) User=0.27s Sys=0.00s Real=0.06s
[542.804s][info][gc,start       ] GC(286) Pause Young (Normal) (G1 Evacuation Pause)
[542.804s][info][gc,task        ] GC(286) Using 6 workers of 6 for evacuation
[542.806s][info][gc,phases      ] GC(286)   Pre Evacuate Collection Set: 0.1ms
[542.806s][info][gc,phases      ] GC(286)   Merge Heap Roots: 0.1ms
[542.806s][info][gc,phases      ] GC(286)   Evacuate Collection Set: 0.2ms
[542.806s][info][gc,phases      ] GC(286)   Post Evacuate Collection Set: 1.1ms
[542.806s][info][gc,phases      ] GC(286)   Other: 0.2ms
[542.806s][info][gc,heap        ] GC(286) Eden regions: 1228->0(1227)
[542.806s][info][gc,heap        ] GC(286) Survivor regions: 0->1(154)
[542.806s][info][gc,heap        ] GC(286) Old regions: 33->33
[542.806s][info][gc,heap        ] GC(286) Archive regions: 0->0
[542.806s][info][gc,heap        ] GC(286) Humongous regions: 0->0
[542.806s][info][gc,metaspace   ] GC(286) Metaspace: 34344K(34688K)->34344K(34688K) NonClass: 30429K(30592K)->30429K(30592K) Class: 3914K(4096K)->3914K(4096K)
[542.806s][info][gc             ] GC(286) Pause Young (Normal) (G1 Evacuation Pause) 5027M->115M(8192M) 1.802ms
[542.806s][info][gc,cpu         ] GC(286) User=0.00s Sys=0.00s Real=0.00s
[543.818s][info][gc,start       ] GC(287) Pause Young (Normal) (G1 Evacuation Pause)
[543.818s][info][gc,task        ] GC(287) Using 6 workers of 6 for evacuation
[543.819s][info][gc,phases      ] GC(287)   Pre Evacuate Collection Set: 0.1ms
[543.819s][info][gc,phases      ] GC(287)   Merge Heap Roots: 0.1ms
[543.819s][info][gc,phases      ] GC(287)   Evacuate Collection Set: 0.2ms
[543.819s][info][gc,phases      ] GC(287)   Post Evacuate Collection Set: 1.1ms
[543.819s][info][gc,phases      ] GC(287)   Other: 0.2ms
[543.819s][info][gc,heap        ] GC(287) Eden regions: 1227->0(1227)
[543.819s][info][gc,heap        ] GC(287) Survivor regions: 1->1(154)
[543.819s][info][gc,heap        ] GC(287) Old regions: 33->33
[543.819s][info][gc,heap        ] GC(287) Archive regions: 0->0
[543.819s][info][gc,heap        ] GC(287) Humongous regions: 0->0
[543.819s][info][gc,metaspace   ] GC(287) Metaspace: 34344K(34688K)->34344K(34688K) NonClass: 30429K(30592K)->30429K(30592K) Class: 3914K(4096K)->3914K(4096K)
[543.819s][info][gc             ] GC(287) Pause Young (Normal) (G1 Evacuation Pause) 5023M->115M(8192M) 1.795ms
[543.819s][info][gc,cpu         ] GC(287) User=0.00s Sys=0.00s Real=0.00s
[547.611s][info][gc,start       ] GC(288) Pause Full (System.gc())
[547.611s][info][gc,task        ] GC(288) Using 6 workers of 6 for full compaction
[547.611s][info][gc,phases,start] GC(288) Phase 1: Mark live objects
[547.631s][info][gc,phases      ] GC(288) Phase 1: Mark live objects 19.521ms
[547.631s][info][gc,phases,start] GC(288) Phase 2: Prepare for compaction
[547.639s][info][gc,phases      ] GC(288) Phase 2: Prepare for compaction 8.313ms
[547.639s][info][gc,phases,start] GC(288) Phase 3: Adjust pointers
[547.648s][info][gc,phases      ] GC(288) Phase 3: Adjust pointers 8.819ms
[547.648s][info][gc,phases,start] GC(288) Phase 4: Compact heap
[547.653s][info][gc,phases      ] GC(288) Phase 4: Compact heap 4.846ms
[547.670s][info][gc,heap        ] GC(288) Eden regions: 1145->0(1228)
[547.670s][info][gc,heap        ] GC(288) Survivor regions: 1->0(154)
[547.670s][info][gc,heap        ] GC(288) Old regions: 33->33
[547.670s][info][gc,heap        ] GC(288) Archive regions: 0->0
[547.670s][info][gc,heap        ] GC(288) Humongous regions: 660->1
[547.670s][info][gc,metaspace   ] GC(288) Metaspace: 34344K(34688K)->34344K(34688K) NonClass: 30429K(30592K)->30429K(30592K) Class: 3914K(4096K)->3914K(4096K)
[547.670s][info][gc             ] GC(288) Pause Full (System.gc()) 7334M->119M(8192M) 59.027ms
[547.670s][info][gc,cpu         ] GC(288) User=0.30s Sys=0.00s Real=0.07s
[548.494s][info][gc,start       ] GC(289) Pause Young (Normal) (G1 Evacuation Pause)
[548.495s][info][gc,task        ] GC(289) Using 6 workers of 6 for evacuation
[548.496s][info][gc,phases      ] GC(289)   Pre Evacuate Collection Set: 0.1ms
[548.496s][info][gc,phases      ] GC(289)   Merge Heap Roots: 0.1ms
[548.496s][info][gc,phases      ] GC(289)   Evacuate Collection Set: 0.2ms
[548.496s][info][gc,phases      ] GC(289)   Post Evacuate Collection Set: 1.0ms
[548.496s][info][gc,phases      ] GC(289)   Other: 0.2ms
[548.496s][info][gc,heap        ] GC(289) Eden regions: 1228->0(1227)
[548.496s][info][gc,heap        ] GC(289) Survivor regions: 0->1(154)
[548.496s][info][gc,heap        ] GC(289) Old regions: 33->33
[548.496s][info][gc,heap        ] GC(289) Archive regions: 0->0
[548.496s][info][gc,heap        ] GC(289) Humongous regions: 1->1
[548.496s][info][gc,metaspace   ] GC(289) Metaspace: 34347K(34688K)->34347K(34688K) NonClass: 30432K(30592K)->30432K(30592K) Class: 3914K(4096K)->3914K(4096K)
[548.496s][info][gc             ] GC(289) Pause Young (Normal) (G1 Evacuation Pause) 5031M->119M(8192M) 1.765ms
[548.496s][info][gc,cpu         ] GC(289) User=0.00s Sys=0.00s Real=0.00s
[549.507s][info][gc,start       ] GC(290) Pause Young (Normal) (G1 Evacuation Pause)
[549.507s][info][gc,task        ] GC(290) Using 6 workers of 6 for evacuation
[549.508s][info][gc,phases      ] GC(290)   Pre Evacuate Collection Set: 0.1ms
[549.509s][info][gc,phases      ] GC(290)   Merge Heap Roots: 0.1ms
[549.509s][info][gc,phases      ] GC(290)   Evacuate Collection Set: 0.1ms
[549.509s][info][gc,phases      ] GC(290)   Post Evacuate Collection Set: 1.0ms
[549.509s][info][gc,phases      ] GC(290)   Other: 0.2ms
[549.509s][info][gc,heap        ] GC(290) Eden regions: 1227->0(1227)
[549.509s][info][gc,heap        ] GC(290) Survivor regions: 1->1(154)
[549.509s][info][gc,heap        ] GC(290) Old regions: 33->33
[549.509s][info][gc,heap        ] GC(290) Archive regions: 0->0
[549.509s][info][gc,heap        ] GC(290) Humongous regions: 1->1
[549.509s][info][gc,metaspace   ] GC(290) Metaspace: 34347K(34688K)->34347K(34688K) NonClass: 30432K(30592K)->30432K(30592K) Class: 3914K(4096K)->3914K(4096K)
[549.509s][info][gc             ] GC(290) Pause Young (Normal) (G1 Evacuation Pause) 5027M->119M(8192M) 1.723ms
[549.509s][info][gc,cpu         ] GC(290) User=0.00s Sys=0.00s Real=0.00s
[553.731s][info][gc,start       ] GC(291) Pause Full (System.gc())
[553.731s][info][gc,task        ] GC(291) Using 6 workers of 6 for full compaction
[553.732s][info][gc,phases,start] GC(291) Phase 1: Mark live objects
[553.750s][info][gc,phases      ] GC(291) Phase 1: Mark live objects 18.480ms
[553.750s][info][gc,phases,start] GC(291) Phase 2: Prepare for compaction
[553.759s][info][gc,phases      ] GC(291) Phase 2: Prepare for compaction 9.059ms
[553.759s][info][gc,phases,start] GC(291) Phase 3: Adjust pointers
[553.768s][info][gc,phases      ] GC(291) Phase 3: Adjust pointers 8.564ms
[553.768s][info][gc,phases,start] GC(291) Phase 4: Compact heap
[553.773s][info][gc,phases      ] GC(291) Phase 4: Compact heap 5.074ms
[553.790s][info][gc,heap        ] GC(291) Eden regions: 1189->0(1228)
[553.790s][info][gc,heap        ] GC(291) Survivor regions: 1->0(154)
[553.790s][info][gc,heap        ] GC(291) Old regions: 33->34
[553.790s][info][gc,heap        ] GC(291) Archive regions: 0->0
[553.790s][info][gc,heap        ] GC(291) Humongous regions: 771->1
[553.790s][info][gc,metaspace   ] GC(291) Metaspace: 34347K(34688K)->34347K(34688K) NonClass: 30432K(30592K)->30432K(30592K) Class: 3914K(4096K)->3914K(4096K)
[553.790s][info][gc             ] GC(291) Pause Full (System.gc()) 7953M->119M(8192M) 58.359ms
[553.790s][info][gc,cpu         ] GC(291) User=0.36s Sys=0.00s Real=0.06s
[554.618s][info][gc,start       ] GC(292) Pause Young (Normal) (G1 Evacuation Pause)
[554.618s][info][gc,task        ] GC(292) Using 6 workers of 6 for evacuation
[554.620s][info][gc,phases      ] GC(292)   Pre Evacuate Collection Set: 0.1ms
[554.620s][info][gc,phases      ] GC(292)   Merge Heap Roots: 0.2ms
[554.620s][info][gc,phases      ] GC(292)   Evacuate Collection Set: 0.2ms
[554.620s][info][gc,phases      ] GC(292)   Post Evacuate Collection Set: 1.2ms
[554.620s][info][gc,phases      ] GC(292)   Other: 0.2ms
[554.620s][info][gc,heap        ] GC(292) Eden regions: 1228->0(1227)
[554.620s][info][gc,heap        ] GC(292) Survivor regions: 0->1(154)
[554.620s][info][gc,heap        ] GC(292) Old regions: 34->34
[554.620s][info][gc,heap        ] GC(292) Archive regions: 0->0
[554.620s][info][gc,heap        ] GC(292) Humongous regions: 1->1
[554.620s][info][gc,metaspace   ] GC(292) Metaspace: 34347K(34688K)->34347K(34688K) NonClass: 30432K(30592K)->30432K(30592K) Class: 3914K(4096K)->3914K(4096K)
[554.620s][info][gc             ] GC(292) Pause Young (Normal) (G1 Evacuation Pause) 5031M->119M(8192M) 1.880ms
[554.620s][info][gc,cpu         ] GC(292) User=0.00s Sys=0.00s Real=0.00s
[555.626s][info][gc,start       ] GC(293) Pause Young (Normal) (G1 Evacuation Pause)
[555.626s][info][gc,task        ] GC(293) Using 6 workers of 6 for evacuation
[555.628s][info][gc,phases      ] GC(293)   Pre Evacuate Collection Set: 0.1ms
[555.628s][info][gc,phases      ] GC(293)   Merge Heap Roots: 0.1ms
[555.628s][info][gc,phases      ] GC(293)   Evacuate Collection Set: 0.2ms
[555.628s][info][gc,phases      ] GC(293)   Post Evacuate Collection Set: 1.1ms
[555.628s][info][gc,phases      ] GC(293)   Other: 0.2ms
[555.628s][info][gc,heap        ] GC(293) Eden regions: 1227->0(1227)
[555.628s][info][gc,heap        ] GC(293) Survivor regions: 1->1(154)
[555.628s][info][gc,heap        ] GC(293) Old regions: 34->34
[555.628s][info][gc,heap        ] GC(293) Archive regions: 0->0
[555.628s][info][gc,heap        ] GC(293) Humongous regions: 1->1
[555.628s][info][gc,metaspace   ] GC(293) Metaspace: 34347K(34688K)->34347K(34688K) NonClass: 30432K(30592K)->30432K(30592K) Class: 3914K(4096K)->3914K(4096K)
[555.628s][info][gc             ] GC(293) Pause Young (Normal) (G1 Evacuation Pause) 5027M->119M(8192M) 1.796ms
[555.628s][info][gc,cpu         ] GC(293) User=0.00s Sys=0.00s Real=0.00s
[559.611s][info][gc,start       ] GC(294) Pause Full (System.gc())
[559.611s][info][gc,task        ] GC(294) Using 6 workers of 6 for full compaction
[559.612s][info][gc,phases,start] GC(294) Phase 1: Mark live objects
[559.631s][info][gc,phases      ] GC(294) Phase 1: Mark live objects 19.457ms
[559.631s][info][gc,phases,start] GC(294) Phase 2: Prepare for compaction
[559.640s][info][gc,phases      ] GC(294) Phase 2: Prepare for compaction 8.913ms
[559.640s][info][gc,phases,start] GC(294) Phase 3: Adjust pointers
[559.649s][info][gc,phases      ] GC(294) Phase 3: Adjust pointers 8.825ms
[559.649s][info][gc,phases,start] GC(294) Phase 4: Compact heap
[559.654s][info][gc,phases      ] GC(294) Phase 4: Compact heap 5.355ms
[559.672s][info][gc,heap        ] GC(294) Eden regions: 1171->0(1228)
[559.672s][info][gc,heap        ] GC(294) Survivor regions: 1->0(154)
[559.672s][info][gc,heap        ] GC(294) Old regions: 34->33
[559.672s][info][gc,heap        ] GC(294) Archive regions: 0->0
[559.672s][info][gc,heap        ] GC(294) Humongous regions: 677->0
[559.672s][info][gc,metaspace   ] GC(294) Metaspace: 34347K(34688K)->34347K(34688K) NonClass: 30432K(30592K)->30432K(30592K) Class: 3914K(4096K)->3914K(4096K)
[559.672s][info][gc             ] GC(294) Pause Full (System.gc()) 7505M->115M(8192M) 60.487ms
[559.672s][info][gc,cpu         ] GC(294) User=0.30s Sys=0.00s Real=0.06s
[560.498s][info][gc,start       ] GC(295) Pause Young (Normal) (G1 Evacuation Pause)
[560.498s][info][gc,task        ] GC(295) Using 6 workers of 6 for evacuation
[560.500s][info][gc,phases      ] GC(295)   Pre Evacuate Collection Set: 0.1ms
[560.500s][info][gc,phases      ] GC(295)   Merge Heap Roots: 0.1ms
[560.500s][info][gc,phases      ] GC(295)   Evacuate Collection Set: 0.2ms
[560.500s][info][gc,phases      ] GC(295)   Post Evacuate Collection Set: 1.1ms
[560.500s][info][gc,phases      ] GC(295)   Other: 0.2ms
[560.500s][info][gc,heap        ] GC(295) Eden regions: 1228->0(1227)
[560.500s][info][gc,heap        ] GC(295) Survivor regions: 0->1(154)
[560.500s][info][gc,heap        ] GC(295) Old regions: 33->33
[560.500s][info][gc,heap        ] GC(295) Archive regions: 0->0
[560.500s][info][gc,heap        ] GC(295) Humongous regions: 0->0
[560.500s][info][gc,metaspace   ] GC(295) Metaspace: 34347K(34688K)->34347K(34688K) NonClass: 30432K(30592K)->30432K(30592K) Class: 3914K(4096K)->3914K(4096K)
[560.500s][info][gc             ] GC(295) Pause Young (Normal) (G1 Evacuation Pause) 5027M->115M(8192M) 1.796ms
[560.500s][info][gc,cpu         ] GC(295) User=0.00s Sys=0.00s Real=0.00s
[561.520s][info][gc,start       ] GC(296) Pause Young (Normal) (G1 Evacuation Pause)
[561.520s][info][gc,task        ] GC(296) Using 6 workers of 6 for evacuation
[561.522s][info][gc,phases      ] GC(296)   Pre Evacuate Collection Set: 0.1ms
[561.522s][info][gc,phases      ] GC(296)   Merge Heap Roots: 0.1ms
[561.522s][info][gc,phases      ] GC(296)   Evacuate Collection Set: 0.1ms
[561.522s][info][gc,phases      ] GC(296)   Post Evacuate Collection Set: 1.0ms
[561.522s][info][gc,phases      ] GC(296)   Other: 0.2ms
[561.522s][info][gc,heap        ] GC(296) Eden regions: 1227->0(1227)
[561.522s][info][gc,heap        ] GC(296) Survivor regions: 1->1(154)
[561.522s][info][gc,heap        ] GC(296) Old regions: 33->33
[561.522s][info][gc,heap        ] GC(296) Archive regions: 0->0
[561.522s][info][gc,heap        ] GC(296) Humongous regions: 0->0
[561.522s][info][gc,metaspace   ] GC(296) Metaspace: 34347K(34688K)->34347K(34688K) NonClass: 30432K(30592K)->30432K(30592K) Class: 3914K(4096K)->3914K(4096K)
[561.522s][info][gc             ] GC(296) Pause Young (Normal) (G1 Evacuation Pause) 5023M->115M(8192M) 1.754ms
[561.522s][info][gc,cpu         ] GC(296) User=0.00s Sys=0.00s Real=0.00s
[565.714s][info][gc,start       ] GC(297) Pause Full (System.gc())
[565.714s][info][gc,task        ] GC(297) Using 6 workers of 6 for full compaction
[565.714s][info][gc,phases,start] GC(297) Phase 1: Mark live objects
[565.733s][info][gc,phases      ] GC(297) Phase 1: Mark live objects 18.649ms
[565.733s][info][gc,phases,start] GC(297) Phase 2: Prepare for compaction
[565.741s][info][gc,phases      ] GC(297) Phase 2: Prepare for compaction 8.413ms
[565.741s][info][gc,phases,start] GC(297) Phase 3: Adjust pointers
[565.750s][info][gc,phases      ] GC(297) Phase 3: Adjust pointers 8.729ms
[565.750s][info][gc,phases,start] GC(297) Phase 4: Compact heap
[565.755s][info][gc,phases      ] GC(297) Phase 4: Compact heap 5.182ms
[565.773s][info][gc,heap        ] GC(297) Eden regions: 1179->0(1228)
[565.773s][info][gc,heap        ] GC(297) Survivor regions: 1->0(154)
[565.773s][info][gc,heap        ] GC(297) Old regions: 33->34
[565.773s][info][gc,heap        ] GC(297) Archive regions: 0->0
[565.773s][info][gc,heap        ] GC(297) Humongous regions: 700->1
[565.773s][info][gc,metaspace   ] GC(297) Metaspace: 34347K(34688K)->34347K(34688K) NonClass: 30432K(30592K)->30432K(30592K) Class: 3914K(4096K)->3914K(4096K)
[565.773s][info][gc             ] GC(297) Pause Full (System.gc()) 7628M->119M(8192M) 58.738ms
[565.773s][info][gc,cpu         ] GC(297) User=0.28s Sys=0.00s Real=0.06s
[566.603s][info][gc,start       ] GC(298) Pause Young (Normal) (G1 Evacuation Pause)
[566.603s][info][gc,task        ] GC(298) Using 6 workers of 6 for evacuation
[566.604s][info][gc,phases      ] GC(298)   Pre Evacuate Collection Set: 0.1ms
[566.604s][info][gc,phases      ] GC(298)   Merge Heap Roots: 0.1ms
[566.604s][info][gc,phases      ] GC(298)   Evacuate Collection Set: 0.2ms
[566.604s][info][gc,phases      ] GC(298)   Post Evacuate Collection Set: 1.1ms
[566.604s][info][gc,phases      ] GC(298)   Other: 0.2ms
[566.604s][info][gc,heap        ] GC(298) Eden regions: 1228->0(1227)
[566.604s][info][gc,heap        ] GC(298) Survivor regions: 0->1(154)
[566.604s][info][gc,heap        ] GC(298) Old regions: 34->34
[566.604s][info][gc,heap        ] GC(298) Archive regions: 0->0
[566.604s][info][gc,heap        ] GC(298) Humongous regions: 1->1
[566.604s][info][gc,metaspace   ] GC(298) Metaspace: 34347K(34688K)->34347K(34688K) NonClass: 30432K(30592K)->30432K(30592K) Class: 3914K(4096K)->3914K(4096K)
[566.604s][info][gc             ] GC(298) Pause Young (Normal) (G1 Evacuation Pause) 5031M->119M(8192M) 1.737ms
[566.604s][info][gc,cpu         ] GC(298) User=0.00s Sys=0.00s Real=0.00s
[567.612s][info][gc,start       ] GC(299) Pause Young (Normal) (G1 Evacuation Pause)
[567.612s][info][gc,task        ] GC(299) Using 6 workers of 6 for evacuation
[567.613s][info][gc,phases      ] GC(299)   Pre Evacuate Collection Set: 0.1ms
[567.614s][info][gc,phases      ] GC(299)   Merge Heap Roots: 0.1ms
[567.614s][info][gc,phases      ] GC(299)   Evacuate Collection Set: 0.2ms
[567.614s][info][gc,phases      ] GC(299)   Post Evacuate Collection Set: 1.1ms
[567.614s][info][gc,phases      ] GC(299)   Other: 0.2ms
[567.614s][info][gc,heap        ] GC(299) Eden regions: 1227->0(1227)
[567.614s][info][gc,heap        ] GC(299) Survivor regions: 1->1(154)
[567.614s][info][gc,heap        ] GC(299) Old regions: 34->34
[567.614s][info][gc,heap        ] GC(299) Archive regions: 0->0
[567.614s][info][gc,heap        ] GC(299) Humongous regions: 1->1
[567.614s][info][gc,metaspace   ] GC(299) Metaspace: 34347K(34688K)->34347K(34688K) NonClass: 30432K(30592K)->30432K(30592K) Class: 3914K(4096K)->3914K(4096K)
[567.614s][info][gc             ] GC(299) Pause Young (Normal) (G1 Evacuation Pause) 5027M->119M(8192M) 1.821ms
[567.614s][info][gc,cpu         ] GC(299) User=0.06s Sys=0.00s Real=0.00s
[572.117s][info][gc,start       ] GC(300) Pause Young (Normal) (G1 Humongous Allocation)
[572.117s][info][gc,task        ] GC(300) Using 6 workers of 6 for evacuation
[572.155s][info][gc             ] GC(300) To-space exhausted
[572.155s][info][gc,phases      ] GC(300)   Pre Evacuate Collection Set: 0.1ms
[572.155s][info][gc,phases      ] GC(300)   Merge Heap Roots: 0.2ms
[572.155s][info][gc,phases      ] GC(300)   Evacuate Collection Set: 7.2ms
[572.155s][info][gc,phases      ] GC(300)   Post Evacuate Collection Set: 30.3ms
[572.155s][info][gc,phases      ] GC(300)   Other: 0.2ms
[572.155s][info][gc,heap        ] GC(300) Eden regions: 1209->0(1227)
[572.155s][info][gc,heap        ] GC(300) Survivor regions: 1->1(1)
[572.155s][info][gc,heap        ] GC(300) Old regions: 34->225
[572.155s][info][gc,heap        ] GC(300) Archive regions: 0->0
[572.155s][info][gc,heap        ] GC(300) Humongous regions: 803->4
[572.155s][info][gc,metaspace   ] GC(300) Metaspace: 34347K(34688K)->34347K(34688K) NonClass: 30432K(30592K)->30432K(30592K) Class: 3914K(4096K)->3914K(4096K)
[572.155s][info][gc             ] GC(300) Pause Young (Normal) (G1 Humongous Allocation) 8162M->898M(8192M) 38.199ms
[572.155s][info][gc,cpu         ] GC(300) User=0.19s Sys=0.00s Real=0.04s
[572.542s][info][gc,start       ] GC(301) Pause Full (System.gc())
[572.542s][info][gc,task        ] GC(301) Using 6 workers of 6 for full compaction
[572.542s][info][gc,phases,start] GC(301) Phase 1: Mark live objects
[572.561s][info][gc,phases      ] GC(301) Phase 1: Mark live objects 18.959ms
[572.561s][info][gc,phases,start] GC(301) Phase 2: Prepare for compaction
[572.567s][info][gc,phases      ] GC(301) Phase 2: Prepare for compaction 6.232ms
[572.567s][info][gc,phases,start] GC(301) Phase 3: Adjust pointers
[572.575s][info][gc,phases      ] GC(301) Phase 3: Adjust pointers 7.953ms
[572.575s][info][gc,phases,start] GC(301) Phase 4: Compact heap
[572.579s][info][gc,phases      ] GC(301) Phase 4: Compact heap 3.276ms
[572.596s][info][gc,heap        ] GC(301) Eden regions: 50->0(1228)
[572.596s][info][gc,heap        ] GC(301) Survivor regions: 1->0(1)
[572.596s][info][gc,heap        ] GC(301) Old regions: 225->32
[572.596s][info][gc,heap        ] GC(301) Archive regions: 0->0
[572.596s][info][gc,heap        ] GC(301) Humongous regions: 87->1
[572.596s][info][gc,metaspace   ] GC(301) Metaspace: 34347K(34688K)->34347K(34688K) NonClass: 30432K(30592K)->30432K(30592K) Class: 3914K(4096K)->3914K(4096K)
[572.596s][info][gc             ] GC(301) Pause Full (System.gc()) 1428M->119M(8192M) 54.527ms
[572.596s][info][gc,cpu         ] GC(301) User=0.27s Sys=0.00s Real=0.05s
[573.418s][info][gc,start       ] GC(302) Pause Young (Normal) (G1 Evacuation Pause)
[573.418s][info][gc,task        ] GC(302) Using 6 workers of 6 for evacuation
[573.420s][info][gc,phases      ] GC(302)   Pre Evacuate Collection Set: 0.1ms
[573.420s][info][gc,phases      ] GC(302)   Merge Heap Roots: 0.1ms
[573.420s][info][gc,phases      ] GC(302)   Evacuate Collection Set: 0.3ms
[573.420s][info][gc,phases      ] GC(302)   Post Evacuate Collection Set: 1.0ms
[573.420s][info][gc,phases      ] GC(302)   Other: 0.2ms
[573.420s][info][gc,heap        ] GC(302) Eden regions: 1228->0(1227)
[573.420s][info][gc,heap        ] GC(302) Survivor regions: 0->1(154)
[573.420s][info][gc,heap        ] GC(302) Old regions: 32->32
[573.420s][info][gc,heap        ] GC(302) Archive regions: 0->0
[573.420s][info][gc,heap        ] GC(302) Humongous regions: 1->1
[573.420s][info][gc,metaspace   ] GC(302) Metaspace: 34347K(34688K)->34347K(34688K) NonClass: 30432K(30592K)->30432K(30592K) Class: 3914K(4096K)->3914K(4096K)
[573.420s][info][gc             ] GC(302) Pause Young (Normal) (G1 Evacuation Pause) 5031M->119M(8192M) 1.956ms
[573.420s][info][gc,cpu         ] GC(302) User=0.00s Sys=0.00s Real=0.00s
[574.435s][info][gc,start       ] GC(303) Pause Young (Normal) (G1 Evacuation Pause)
[574.435s][info][gc,task        ] GC(303) Using 6 workers of 6 for evacuation
[574.437s][info][gc,phases      ] GC(303)   Pre Evacuate Collection Set: 0.2ms
[574.437s][info][gc,phases      ] GC(303)   Merge Heap Roots: 0.2ms
[574.437s][info][gc,phases      ] GC(303)   Evacuate Collection Set: 0.2ms
[574.437s][info][gc,phases      ] GC(303)   Post Evacuate Collection Set: 1.1ms
[574.437s][info][gc,phases      ] GC(303)   Other: 0.2ms
[574.437s][info][gc,heap        ] GC(303) Eden regions: 1227->0(1227)
[574.437s][info][gc,heap        ] GC(303) Survivor regions: 1->1(154)
[574.437s][info][gc,heap        ] GC(303) Old regions: 32->32
[574.437s][info][gc,heap        ] GC(303) Archive regions: 0->0
[574.437s][info][gc,heap        ] GC(303) Humongous regions: 1->1
[574.437s][info][gc,metaspace   ] GC(303) Metaspace: 34347K(34688K)->34347K(34688K) NonClass: 30432K(30592K)->30432K(30592K) Class: 3914K(4096K)->3914K(4096K)
[574.437s][info][gc             ] GC(303) Pause Young (Normal) (G1 Evacuation Pause) 5027M->119M(8192M) 2.150ms
[574.437s][info][gc,cpu         ] GC(303) User=0.00s Sys=0.00s Real=0.01s
[578.925s][info][gc,start       ] GC(304) Pause Young (Normal) (G1 Preventive Collection)
[578.925s][info][gc,task        ] GC(304) Using 6 workers of 6 for evacuation
[578.963s][info][gc             ] GC(304) To-space exhausted
[578.963s][info][gc,phases      ] GC(304)   Pre Evacuate Collection Set: 0.1ms
[578.963s][info][gc,phases      ] GC(304)   Merge Heap Roots: 0.2ms
[578.963s][info][gc,phases      ] GC(304)   Evacuate Collection Set: 6.6ms
[578.963s][info][gc,phases      ] GC(304)   Post Evacuate Collection Set: 30.7ms
[578.963s][info][gc,phases      ] GC(304)   Other: 0.2ms
[578.963s][info][gc,heap        ] GC(304) Eden regions: 1208->0(1227)
[578.963s][info][gc,heap        ] GC(304) Survivor regions: 1->1(1)
[578.963s][info][gc,heap        ] GC(304) Old regions: 32->226
[578.963s][info][gc,heap        ] GC(304) Archive regions: 0->0
[578.963s][info][gc,heap        ] GC(304) Humongous regions: 806->5
[578.963s][info][gc,metaspace   ] GC(304) Metaspace: 34347K(34688K)->34347K(34688K) NonClass: 30432K(30592K)->30432K(30592K) Class: 3914K(4096K)->3914K(4096K)
[578.963s][info][gc             ] GC(304) Pause Young (Normal) (G1 Preventive Collection) 8171M->911M(8192M) 37.875ms
[578.963s][info][gc,cpu         ] GC(304) User=0.28s Sys=0.00s Real=0.04s
[579.439s][info][gc,start       ] GC(305) Pause Full (System.gc())
[579.439s][info][gc,task        ] GC(305) Using 6 workers of 6 for full compaction
[579.439s][info][gc,phases,start] GC(305) Phase 1: Mark live objects
[579.458s][info][gc,phases      ] GC(305) Phase 1: Mark live objects 19.061ms
[579.458s][info][gc,phases,start] GC(305) Phase 2: Prepare for compaction
[579.465s][info][gc,phases      ] GC(305) Phase 2: Prepare for compaction 6.438ms
[579.465s][info][gc,phases,start] GC(305) Phase 3: Adjust pointers
[579.473s][info][gc,phases      ] GC(305) Phase 3: Adjust pointers 7.767ms
[579.473s][info][gc,phases,start] GC(305) Phase 4: Compact heap
[579.476s][info][gc,phases      ] GC(305) Phase 4: Compact heap 3.302ms
[579.493s][info][gc,heap        ] GC(305) Eden regions: 57->0(1228)
[579.493s][info][gc,heap        ] GC(305) Survivor regions: 1->0(1)
[579.493s][info][gc,heap        ] GC(305) Old regions: 226->32
[579.493s][info][gc,heap        ] GC(305) Archive regions: 0->0
[579.493s][info][gc,heap        ] GC(305) Humongous regions: 110->1
[579.493s][info][gc,metaspace   ] GC(305) Metaspace: 34347K(34688K)->34347K(34688K) NonClass: 30432K(30592K)->30432K(30592K) Class: 3914K(4096K)->3914K(4096K)
[579.493s][info][gc             ] GC(305) Pause Full (System.gc()) 1555M->119M(8192M) 54.535ms
[579.493s][info][gc,cpu         ] GC(305) User=0.27s Sys=0.00s Real=0.05s
[580.312s][info][gc,start       ] GC(306) Pause Young (Normal) (G1 Evacuation Pause)
[580.312s][info][gc,task        ] GC(306) Using 6 workers of 6 for evacuation
[580.314s][info][gc,phases      ] GC(306)   Pre Evacuate Collection Set: 0.1ms
[580.314s][info][gc,phases      ] GC(306)   Merge Heap Roots: 0.1ms
[580.314s][info][gc,phases      ] GC(306)   Evacuate Collection Set: 0.2ms
[580.314s][info][gc,phases      ] GC(306)   Post Evacuate Collection Set: 1.1ms
[580.314s][info][gc,phases      ] GC(306)   Other: 0.2ms
[580.314s][info][gc,heap        ] GC(306) Eden regions: 1228->0(1227)
[580.314s][info][gc,heap        ] GC(306) Survivor regions: 0->1(154)
[580.314s][info][gc,heap        ] GC(306) Old regions: 32->32
[580.314s][info][gc,heap        ] GC(306) Archive regions: 0->0
[580.314s][info][gc,heap        ] GC(306) Humongous regions: 1->1
[580.314s][info][gc,metaspace   ] GC(306) Metaspace: 34347K(34688K)->34347K(34688K) NonClass: 30432K(30592K)->30432K(30592K) Class: 3914K(4096K)->3914K(4096K)
[580.314s][info][gc             ] GC(306) Pause Young (Normal) (G1 Evacuation Pause) 5031M->119M(8192M) 1.766ms
[580.314s][info][gc,cpu         ] GC(306) User=0.00s Sys=0.00s Real=0.00s
[581.322s][info][gc,start       ] GC(307) Pause Young (Normal) (G1 Evacuation Pause)
[581.322s][info][gc,task        ] GC(307) Using 6 workers of 6 for evacuation
[581.324s][info][gc,phases      ] GC(307)   Pre Evacuate Collection Set: 0.1ms
[581.324s][info][gc,phases      ] GC(307)   Merge Heap Roots: 0.1ms
[581.324s][info][gc,phases      ] GC(307)   Evacuate Collection Set: 0.2ms
[581.324s][info][gc,phases      ] GC(307)   Post Evacuate Collection Set: 1.3ms
[581.324s][info][gc,phases      ] GC(307)   Other: 0.2ms
[581.324s][info][gc,heap        ] GC(307) Eden regions: 1227->0(1227)
[581.324s][info][gc,heap        ] GC(307) Survivor regions: 1->1(154)
[581.324s][info][gc,heap        ] GC(307) Old regions: 32->32
[581.324s][info][gc,heap        ] GC(307) Archive regions: 0->0
[581.324s][info][gc,heap        ] GC(307) Humongous regions: 1->1
[581.324s][info][gc,metaspace   ] GC(307) Metaspace: 34347K(34688K)->34347K(34688K) NonClass: 30432K(30592K)->30432K(30592K) Class: 3914K(4096K)->3914K(4096K)
[581.324s][info][gc             ] GC(307) Pause Young (Normal) (G1 Evacuation Pause) 5027M->119M(8192M) 2.034ms
[581.324s][info][gc,cpu         ] GC(307) User=0.00s Sys=0.00s Real=0.01s
[585.537s][info][gc,start       ] GC(308) Pause Full (System.gc())
[585.537s][info][gc,task        ] GC(308) Using 6 workers of 6 for full compaction
[585.537s][info][gc,phases,start] GC(308) Phase 1: Mark live objects
[585.556s][info][gc,phases      ] GC(308) Phase 1: Mark live objects 18.792ms
[585.556s][info][gc,phases,start] GC(308) Phase 2: Prepare for compaction
[585.565s][info][gc,phases      ] GC(308) Phase 2: Prepare for compaction 9.476ms
[585.565s][info][gc,phases,start] GC(308) Phase 3: Adjust pointers
[585.575s][info][gc,phases      ] GC(308) Phase 3: Adjust pointers 9.652ms
[585.575s][info][gc,phases,start] GC(308) Phase 4: Compact heap
[585.582s][info][gc,phases      ] GC(308) Phase 4: Compact heap 6.766ms
[585.599s][info][gc,heap        ] GC(308) Eden regions: 1187->0(1228)
[585.599s][info][gc,heap        ] GC(308) Survivor regions: 1->0(154)
[585.599s][info][gc,heap        ] GC(308) Old regions: 32->32
[585.599s][info][gc,heap        ] GC(308) Archive regions: 0->0
[585.599s][info][gc,heap        ] GC(308) Humongous regions: 744->1
[585.599s][info][gc,metaspace   ] GC(308) Metaspace: 34347K(34688K)->34347K(34688K) NonClass: 30432K(30592K)->30432K(30592K) Class: 3914K(4096K)->3914K(4096K)
[585.599s][info][gc             ] GC(308) Pause Full (System.gc()) 7837M->118M(8192M) 62.164ms
[585.599s][info][gc,cpu         ] GC(308) User=0.19s Sys=0.00s Real=0.06s
[586.424s][info][gc,start       ] GC(309) Pause Young (Normal) (G1 Evacuation Pause)
[586.424s][info][gc,task        ] GC(309) Using 6 workers of 6 for evacuation
[586.426s][info][gc,phases      ] GC(309)   Pre Evacuate Collection Set: 0.1ms
[586.426s][info][gc,phases      ] GC(309)   Merge Heap Roots: 0.1ms
[586.426s][info][gc,phases      ] GC(309)   Evacuate Collection Set: 0.2ms
[586.426s][info][gc,phases      ] GC(309)   Post Evacuate Collection Set: 1.1ms
[586.426s][info][gc,phases      ] GC(309)   Other: 0.2ms
[586.426s][info][gc,heap        ] GC(309) Eden regions: 1228->0(1227)
[586.426s][info][gc,heap        ] GC(309) Survivor regions: 0->1(154)
[586.426s][info][gc,heap        ] GC(309) Old regions: 32->32
[586.426s][info][gc,heap        ] GC(309) Archive regions: 0->0
[586.426s][info][gc,heap        ] GC(309) Humongous regions: 1->1
[586.426s][info][gc,metaspace   ] GC(309) Metaspace: 34347K(34688K)->34347K(34688K) NonClass: 30432K(30592K)->30432K(30592K) Class: 3914K(4096K)->3914K(4096K)
[586.426s][info][gc             ] GC(309) Pause Young (Normal) (G1 Evacuation Pause) 5030M->118M(8192M) 1.749ms
[586.426s][info][gc,cpu         ] GC(309) User=0.02s Sys=0.00s Real=0.00s
[587.439s][info][gc,start       ] GC(310) Pause Young (Normal) (G1 Evacuation Pause)
[587.439s][info][gc,task        ] GC(310) Using 6 workers of 6 for evacuation
[587.440s][info][gc,phases      ] GC(310)   Pre Evacuate Collection Set: 0.1ms
[587.440s][info][gc,phases      ] GC(310)   Merge Heap Roots: 0.1ms
[587.440s][info][gc,phases      ] GC(310)   Evacuate Collection Set: 0.2ms
[587.440s][info][gc,phases      ] GC(310)   Post Evacuate Collection Set: 1.1ms
[587.441s][info][gc,phases      ] GC(310)   Other: 0.2ms
[587.441s][info][gc,heap        ] GC(310) Eden regions: 1227->0(1227)
[587.441s][info][gc,heap        ] GC(310) Survivor regions: 1->1(154)
[587.441s][info][gc,heap        ] GC(310) Old regions: 32->32
[587.441s][info][gc,heap        ] GC(310) Archive regions: 0->0
[587.441s][info][gc,heap        ] GC(310) Humongous regions: 1->1
[587.441s][info][gc,metaspace   ] GC(310) Metaspace: 34347K(34688K)->34347K(34688K) NonClass: 30432K(30592K)->30432K(30592K) Class: 3914K(4096K)->3914K(4096K)
[587.441s][info][gc             ] GC(310) Pause Young (Normal) (G1 Evacuation Pause) 5026M->118M(8192M) 1.900ms
[587.441s][info][gc,cpu         ] GC(310) User=0.00s Sys=0.00s Real=0.00s
[591.597s][info][gc,start       ] GC(311) Pause Full (System.gc())
[591.597s][info][gc,task        ] GC(311) Using 6 workers of 6 for full compaction
[591.597s][info][gc,phases,start] GC(311) Phase 1: Mark live objects
[591.616s][info][gc,phases      ] GC(311) Phase 1: Mark live objects 18.818ms
[591.616s][info][gc,phases,start] GC(311) Phase 2: Prepare for compaction
[591.625s][info][gc,phases      ] GC(311) Phase 2: Prepare for compaction 9.107ms
[591.625s][info][gc,phases,start] GC(311) Phase 3: Adjust pointers
[591.634s][info][gc,phases      ] GC(311) Phase 3: Adjust pointers 8.922ms
[591.634s][info][gc,phases,start] GC(311) Phase 4: Compact heap
[591.640s][info][gc,phases      ] GC(311) Phase 4: Compact heap 5.413ms
[591.657s][info][gc,heap        ] GC(311) Eden regions: 1186->0(1228)
[591.657s][info][gc,heap        ] GC(311) Survivor regions: 1->0(154)
[591.657s][info][gc,heap        ] GC(311) Old regions: 32->33
[591.657s][info][gc,heap        ] GC(311) Archive regions: 0->0
[591.657s][info][gc,heap        ] GC(311) Humongous regions: 709->0
[591.657s][info][gc,metaspace   ] GC(311) Metaspace: 34347K(34688K)->34347K(34688K) NonClass: 30432K(30592K)->30432K(30592K) Class: 3914K(4096K)->3914K(4096K)
[591.657s][info][gc             ] GC(311) Pause Full (System.gc()) 7692M->115M(8192M) 59.617ms
[591.657s][info][gc,cpu         ] GC(311) User=0.28s Sys=0.02s Real=0.06s
[592.492s][info][gc,start       ] GC(312) Pause Young (Normal) (G1 Evacuation Pause)
[592.492s][info][gc,task        ] GC(312) Using 6 workers of 6 for evacuation
[592.494s][info][gc,phases      ] GC(312)   Pre Evacuate Collection Set: 0.1ms
[592.494s][info][gc,phases      ] GC(312)   Merge Heap Roots: 0.1ms
[592.494s][info][gc,phases      ] GC(312)   Evacuate Collection Set: 0.2ms
[592.494s][info][gc,phases      ] GC(312)   Post Evacuate Collection Set: 1.1ms
[592.494s][info][gc,phases      ] GC(312)   Other: 0.2ms
[592.494s][info][gc,heap        ] GC(312) Eden regions: 1228->0(1227)
[592.494s][info][gc,heap        ] GC(312) Survivor regions: 0->1(154)
[592.494s][info][gc,heap        ] GC(312) Old regions: 33->33
[592.494s][info][gc,heap        ] GC(312) Archive regions: 0->0
[592.494s][info][gc,heap        ] GC(312) Humongous regions: 0->0
[592.494s][info][gc,metaspace   ] GC(312) Metaspace: 34347K(34688K)->34347K(34688K) NonClass: 30432K(30592K)->30432K(30592K) Class: 3914K(4096K)->3914K(4096K)
[592.494s][info][gc             ] GC(312) Pause Young (Normal) (G1 Evacuation Pause) 5027M->115M(8192M) 1.828ms
[592.494s][info][gc,cpu         ] GC(312) User=0.00s Sys=0.00s Real=0.00s
[593.503s][info][gc,start       ] GC(313) Pause Young (Normal) (G1 Evacuation Pause)
[593.503s][info][gc,task        ] GC(313) Using 6 workers of 6 for evacuation
[593.504s][info][gc,phases      ] GC(313)   Pre Evacuate Collection Set: 0.1ms
[593.504s][info][gc,phases      ] GC(313)   Merge Heap Roots: 0.1ms
[593.504s][info][gc,phases      ] GC(313)   Evacuate Collection Set: 0.2ms
[593.504s][info][gc,phases      ] GC(313)   Post Evacuate Collection Set: 1.1ms
[593.504s][info][gc,phases      ] GC(313)   Other: 0.2ms
[593.504s][info][gc,heap        ] GC(313) Eden regions: 1227->0(1227)
[593.504s][info][gc,heap        ] GC(313) Survivor regions: 1->1(154)
[593.504s][info][gc,heap        ] GC(313) Old regions: 33->33
[593.505s][info][gc,heap        ] GC(313) Archive regions: 0->0
[593.505s][info][gc,heap        ] GC(313) Humongous regions: 0->0
[593.505s][info][gc,metaspace   ] GC(313) Metaspace: 34347K(34688K)->34347K(34688K) NonClass: 30432K(30592K)->30432K(30592K) Class: 3914K(4096K)->3914K(4096K)
[593.505s][info][gc             ] GC(313) Pause Young (Normal) (G1 Evacuation Pause) 5023M->115M(8192M) 1.795ms
[593.505s][info][gc,cpu         ] GC(313) User=0.09s Sys=0.00s Real=0.00s
[597.545s][info][gc,start       ] GC(314) Pause Full (System.gc())
[597.545s][info][gc,task        ] GC(314) Using 6 workers of 6 for full compaction
[597.545s][info][gc,phases,start] GC(314) Phase 1: Mark live objects
[597.563s][info][gc,phases      ] GC(314) Phase 1: Mark live objects 18.090ms
[597.563s][info][gc,phases,start] GC(314) Phase 2: Prepare for compaction
[597.572s][info][gc,phases      ] GC(314) Phase 2: Prepare for compaction 9.065ms
[597.572s][info][gc,phases,start] GC(314) Phase 3: Adjust pointers
[597.581s][info][gc,phases      ] GC(314) Phase 3: Adjust pointers 8.215ms
[597.581s][info][gc,phases,start] GC(314) Phase 4: Compact heap
[597.586s][info][gc,phases      ] GC(314) Phase 4: Compact heap 5.309ms
[597.602s][info][gc,heap        ] GC(314) Eden regions: 1183->0(1228)
[597.602s][info][gc,heap        ] GC(314) Survivor regions: 1->0(154)
[597.602s][info][gc,heap        ] GC(314) Old regions: 33->33
[597.602s][info][gc,heap        ] GC(314) Archive regions: 0->0
[597.602s][info][gc,heap        ] GC(314) Humongous regions: 692->0
[597.602s][info][gc,metaspace   ] GC(314) Metaspace: 34347K(34688K)->34347K(34688K) NonClass: 30432K(30592K)->30432K(30592K) Class: 3914K(4096K)->3914K(4096K)
[597.602s][info][gc             ] GC(314) Pause Full (System.gc()) 7611M->115M(8192M) 57.485ms
[597.602s][info][gc,cpu         ] GC(314) User=0.36s Sys=0.00s Real=0.06s
[598.420s][info][gc,start       ] GC(315) Pause Young (Normal) (G1 Evacuation Pause)
[598.420s][info][gc,task        ] GC(315) Using 6 workers of 6 for evacuation
[598.422s][info][gc,phases      ] GC(315)   Pre Evacuate Collection Set: 0.1ms
[598.422s][info][gc,phases      ] GC(315)   Merge Heap Roots: 0.2ms
[598.422s][info][gc,phases      ] GC(315)   Evacuate Collection Set: 0.2ms
[598.422s][info][gc,phases      ] GC(315)   Post Evacuate Collection Set: 1.0ms
[598.422s][info][gc,phases      ] GC(315)   Other: 0.2ms
[598.422s][info][gc,heap        ] GC(315) Eden regions: 1228->0(1227)
[598.422s][info][gc,heap        ] GC(315) Survivor regions: 0->1(154)
[598.422s][info][gc,heap        ] GC(315) Old regions: 33->33
[598.422s][info][gc,heap        ] GC(315) Archive regions: 0->0
[598.422s][info][gc,heap        ] GC(315) Humongous regions: 0->0
[598.422s][info][gc,metaspace   ] GC(315) Metaspace: 34347K(34688K)->34347K(34688K) NonClass: 30432K(30592K)->30432K(30592K) Class: 3914K(4096K)->3914K(4096K)
[598.422s][info][gc             ] GC(315) Pause Young (Normal) (G1 Evacuation Pause) 5027M->115M(8192M) 1.867ms
[598.422s][info][gc,cpu         ] GC(315) User=0.00s Sys=0.00s Real=0.02s
[599.429s][info][gc,start       ] GC(316) Pause Young (Normal) (G1 Evacuation Pause)
[599.429s][info][gc,task        ] GC(316) Using 6 workers of 6 for evacuation
[599.430s][info][gc,phases      ] GC(316)   Pre Evacuate Collection Set: 0.1ms
[599.430s][info][gc,phases      ] GC(316)   Merge Heap Roots: 0.1ms
[599.430s][info][gc,phases      ] GC(316)   Evacuate Collection Set: 0.2ms
[599.430s][info][gc,phases      ] GC(316)   Post Evacuate Collection Set: 1.1ms
[599.430s][info][gc,phases      ] GC(316)   Other: 0.2ms
[599.430s][info][gc,heap        ] GC(316) Eden regions: 1227->0(1227)
[599.430s][info][gc,heap        ] GC(316) Survivor regions: 1->1(154)
[599.430s][info][gc,heap        ] GC(316) Old regions: 33->33
[599.430s][info][gc,heap        ] GC(316) Archive regions: 0->0
[599.430s][info][gc,heap        ] GC(316) Humongous regions: 0->0
[599.430s][info][gc,metaspace   ] GC(316) Metaspace: 34347K(34688K)->34347K(34688K) NonClass: 30432K(30592K)->30432K(30592K) Class: 3914K(4096K)->3914K(4096K)
[599.430s][info][gc             ] GC(316) Pause Young (Normal) (G1 Evacuation Pause) 5023M->115M(8192M) 1.838ms
[599.430s][info][gc,cpu         ] GC(316) User=0.00s Sys=0.00s Real=0.01s
[603.156s][info][gc,start       ] GC(317) Pause Full (System.gc())
[603.156s][info][gc,task        ] GC(317) Using 6 workers of 6 for full compaction
[603.156s][info][gc,phases,start] GC(317) Phase 1: Mark live objects
[603.174s][info][gc,phases      ] GC(317) Phase 1: Mark live objects 18.304ms
[603.174s][info][gc,phases,start] GC(317) Phase 2: Prepare for compaction
[603.183s][info][gc,phases      ] GC(317) Phase 2: Prepare for compaction 8.834ms
[603.183s][info][gc,phases,start] GC(317) Phase 3: Adjust pointers
[603.191s][info][gc,phases      ] GC(317) Phase 3: Adjust pointers 7.807ms
[603.191s][info][gc,phases,start] GC(317) Phase 4: Compact heap
[603.197s][info][gc,phases      ] GC(317) Phase 4: Compact heap 5.603ms
[603.213s][info][gc,heap        ] GC(317) Eden regions: 1147->0(1228)
[603.213s][info][gc,heap        ] GC(317) Survivor regions: 1->0(154)
[603.213s][info][gc,heap        ] GC(317) Old regions: 33->34
[603.213s][info][gc,heap        ] GC(317) Archive regions: 0->0
[603.213s][info][gc,heap        ] GC(317) Humongous regions: 650->0
[603.213s][info][gc,metaspace   ] GC(317) Metaspace: 34347K(34688K)->34347K(34688K) NonClass: 30432K(30592K)->30432K(30592K) Class: 3914K(4096K)->3914K(4096K)
[603.213s][info][gc             ] GC(317) Pause Full (System.gc()) 7300M->115M(8192M) 57.837ms
[603.213s][info][gc,cpu         ] GC(317) User=0.28s Sys=0.00s Real=0.06s
[604.024s][info][gc,start       ] GC(318) Pause Young (Normal) (G1 Evacuation Pause)
[604.024s][info][gc,task        ] GC(318) Using 6 workers of 6 for evacuation
[604.026s][info][gc,phases      ] GC(318)   Pre Evacuate Collection Set: 0.1ms
[604.026s][info][gc,phases      ] GC(318)   Merge Heap Roots: 0.1ms
[604.026s][info][gc,phases      ] GC(318)   Evacuate Collection Set: 0.2ms
[604.026s][info][gc,phases      ] GC(318)   Post Evacuate Collection Set: 1.1ms
[604.026s][info][gc,phases      ] GC(318)   Other: 0.2ms
[604.026s][info][gc,heap        ] GC(318) Eden regions: 1228->0(1227)
[604.026s][info][gc,heap        ] GC(318) Survivor regions: 0->1(154)
[604.026s][info][gc,heap        ] GC(318) Old regions: 34->34
[604.026s][info][gc,heap        ] GC(318) Archive regions: 0->0
[604.026s][info][gc,heap        ] GC(318) Humongous regions: 0->0
[604.026s][info][gc,metaspace   ] GC(318) Metaspace: 34347K(34688K)->34347K(34688K) NonClass: 30432K(30592K)->30432K(30592K) Class: 3914K(4096K)->3914K(4096K)
[604.026s][info][gc             ] GC(318) Pause Young (Normal) (G1 Evacuation Pause) 5027M->115M(8192M) 2.083ms
[604.026s][info][gc,cpu         ] GC(318) User=0.00s Sys=0.00s Real=0.00s
[605.023s][info][gc,start       ] GC(319) Pause Young (Normal) (G1 Evacuation Pause)
[605.023s][info][gc,task        ] GC(319) Using 6 workers of 6 for evacuation
[605.024s][info][gc,phases      ] GC(319)   Pre Evacuate Collection Set: 0.1ms
[605.024s][info][gc,phases      ] GC(319)   Merge Heap Roots: 0.1ms
[605.024s][info][gc,phases      ] GC(319)   Evacuate Collection Set: 0.1ms
[605.024s][info][gc,phases      ] GC(319)   Post Evacuate Collection Set: 1.0ms
[605.024s][info][gc,phases      ] GC(319)   Other: 0.2ms
[605.024s][info][gc,heap        ] GC(319) Eden regions: 1227->0(1227)
[605.024s][info][gc,heap        ] GC(319) Survivor regions: 1->1(154)
[605.024s][info][gc,heap        ] GC(319) Old regions: 34->34
[605.024s][info][gc,heap        ] GC(319) Archive regions: 0->0
[605.024s][info][gc,heap        ] GC(319) Humongous regions: 0->0
[605.024s][info][gc,metaspace   ] GC(319) Metaspace: 34347K(34688K)->34347K(34688K) NonClass: 30432K(30592K)->30432K(30592K) Class: 3914K(4096K)->3914K(4096K)
[605.024s][info][gc             ] GC(319) Pause Young (Normal) (G1 Evacuation Pause) 5023M->115M(8192M) 1.727ms
[605.024s][info][gc,cpu         ] GC(319) User=0.00s Sys=0.00s Real=0.00s
[608.932s][info][gc,start       ] GC(320) Pause Full (System.gc())
[608.932s][info][gc,task        ] GC(320) Using 6 workers of 6 for full compaction
[608.933s][info][gc,phases,start] GC(320) Phase 1: Mark live objects
[608.951s][info][gc,phases      ] GC(320) Phase 1: Mark live objects 18.472ms
[608.951s][info][gc,phases,start] GC(320) Phase 2: Prepare for compaction
[608.960s][info][gc,phases      ] GC(320) Phase 2: Prepare for compaction 8.783ms
[608.960s][info][gc,phases,start] GC(320) Phase 3: Adjust pointers
[608.969s][info][gc,phases      ] GC(320) Phase 3: Adjust pointers 8.684ms
[608.969s][info][gc,phases,start] GC(320) Phase 4: Compact heap
[608.974s][info][gc,phases      ] GC(320) Phase 4: Compact heap 4.863ms
[608.990s][info][gc,heap        ] GC(320) Eden regions: 1157->0(1228)
[608.990s][info][gc,heap        ] GC(320) Survivor regions: 1->0(154)
[608.990s][info][gc,heap        ] GC(320) Old regions: 34->33
[608.990s][info][gc,heap        ] GC(320) Archive regions: 0->0
[608.990s][info][gc,heap        ] GC(320) Humongous regions: 675->1
[608.990s][info][gc,metaspace   ] GC(320) Metaspace: 34357K(34688K)->34357K(34688K) NonClass: 30443K(30592K)->30443K(30592K) Class: 3914K(4096K)->3914K(4096K)
[608.990s][info][gc             ] GC(320) Pause Full (System.gc()) 7439M->118M(8192M) 58.227ms
[608.991s][info][gc,cpu         ] GC(320) User=0.20s Sys=0.00s Real=0.06s
[609.808s][info][gc,start       ] GC(321) Pause Young (Normal) (G1 Evacuation Pause)
[609.809s][info][gc,task        ] GC(321) Using 6 workers of 6 for evacuation
[609.810s][info][gc,phases      ] GC(321)   Pre Evacuate Collection Set: 0.1ms
[609.810s][info][gc,phases      ] GC(321)   Merge Heap Roots: 0.1ms
[609.810s][info][gc,phases      ] GC(321)   Evacuate Collection Set: 0.2ms
[609.810s][info][gc,phases      ] GC(321)   Post Evacuate Collection Set: 1.2ms
[609.810s][info][gc,phases      ] GC(321)   Other: 0.2ms
[609.810s][info][gc,heap        ] GC(321) Eden regions: 1228->0(1227)
[609.810s][info][gc,heap        ] GC(321) Survivor regions: 0->1(154)
[609.810s][info][gc,heap        ] GC(321) Old regions: 33->33
[609.810s][info][gc,heap        ] GC(321) Archive regions: 0->0
[609.810s][info][gc,heap        ] GC(321) Humongous regions: 1->1
[609.810s][info][gc,metaspace   ] GC(321) Metaspace: 34365K(34688K)->34365K(34688K) NonClass: 30451K(30592K)->30451K(30592K) Class: 3914K(4096K)->3914K(4096K)
[609.810s][info][gc             ] GC(321) Pause Young (Normal) (G1 Evacuation Pause) 5030M->118M(8192M) 1.952ms
[609.810s][info][gc,cpu         ] GC(321) User=0.00s Sys=0.00s Real=0.02s
[610.817s][info][gc,start       ] GC(322) Pause Young (Normal) (G1 Evacuation Pause)
[610.817s][info][gc,task        ] GC(322) Using 6 workers of 6 for evacuation
[610.818s][info][gc,phases      ] GC(322)   Pre Evacuate Collection Set: 0.1ms
[610.818s][info][gc,phases      ] GC(322)   Merge Heap Roots: 0.1ms
[610.818s][info][gc,phases      ] GC(322)   Evacuate Collection Set: 0.2ms
[610.818s][info][gc,phases      ] GC(322)   Post Evacuate Collection Set: 1.1ms
[610.818s][info][gc,phases      ] GC(322)   Other: 0.2ms
[610.818s][info][gc,heap        ] GC(322) Eden regions: 1227->0(1227)
[610.818s][info][gc,heap        ] GC(322) Survivor regions: 1->1(154)
[610.818s][info][gc,heap        ] GC(322) Old regions: 33->33
[610.818s][info][gc,heap        ] GC(322) Archive regions: 0->0
[610.818s][info][gc,heap        ] GC(322) Humongous regions: 1->1
[610.818s][info][gc,metaspace   ] GC(322) Metaspace: 34365K(34688K)->34365K(34688K) NonClass: 30451K(30592K)->30451K(30592K) Class: 3914K(4096K)->3914K(4096K)
[610.819s][info][gc             ] GC(322) Pause Young (Normal) (G1 Evacuation Pause) 5026M->118M(8192M) 1.800ms
[610.819s][info][gc,cpu         ] GC(322) User=0.00s Sys=0.00s Real=0.00s
[615.109s][info][gc,start       ] GC(323) Pause Full (System.gc())
[615.109s][info][gc,task        ] GC(323) Using 6 workers of 6 for full compaction
[615.109s][info][gc,phases,start] GC(323) Phase 1: Mark live objects
[615.128s][info][gc,phases      ] GC(323) Phase 1: Mark live objects 18.777ms
[615.128s][info][gc,phases,start] GC(323) Phase 2: Prepare for compaction
[615.137s][info][gc,phases      ] GC(323) Phase 2: Prepare for compaction 8.604ms
[615.137s][info][gc,phases,start] GC(323) Phase 3: Adjust pointers
[615.146s][info][gc,phases      ] GC(323) Phase 3: Adjust pointers 9.010ms
[615.146s][info][gc,phases,start] GC(323) Phase 4: Compact heap
[615.151s][info][gc,phases      ] GC(323) Phase 4: Compact heap 5.150ms
[615.168s][info][gc,heap        ] GC(323) Eden regions: 1190->0(1228)
[615.168s][info][gc,heap        ] GC(323) Survivor regions: 1->0(154)
[615.168s][info][gc,heap        ] GC(323) Old regions: 33->33
[615.168s][info][gc,heap        ] GC(323) Archive regions: 0->0
[615.168s][info][gc,heap        ] GC(323) Humongous regions: 768->1
[615.168s][info][gc,metaspace   ] GC(323) Metaspace: 34365K(34688K)->34365K(34688K) NonClass: 30451K(30592K)->30451K(30592K) Class: 3914K(4096K)->3914K(4096K)
[615.168s][info][gc             ] GC(323) Pause Full (System.gc()) 7942M->119M(8192M) 59.098ms
[615.168s][info][gc,cpu         ] GC(323) User=0.36s Sys=0.00s Real=0.06s
[615.980s][info][gc,start       ] GC(324) Pause Young (Normal) (G1 Evacuation Pause)
[615.980s][info][gc,task        ] GC(324) Using 6 workers of 6 for evacuation
[615.981s][info][gc,phases      ] GC(324)   Pre Evacuate Collection Set: 0.2ms
[615.981s][info][gc,phases      ] GC(324)   Merge Heap Roots: 0.2ms
[615.981s][info][gc,phases      ] GC(324)   Evacuate Collection Set: 0.2ms
[615.981s][info][gc,phases      ] GC(324)   Post Evacuate Collection Set: 1.0ms
[615.981s][info][gc,phases      ] GC(324)   Other: 0.2ms
[615.981s][info][gc,heap        ] GC(324) Eden regions: 1228->0(1227)
[615.981s][info][gc,heap        ] GC(324) Survivor regions: 0->1(154)
[615.981s][info][gc,heap        ] GC(324) Old regions: 33->33
[615.981s][info][gc,heap        ] GC(324) Archive regions: 0->0
[615.982s][info][gc,heap        ] GC(324) Humongous regions: 1->1
[615.982s][info][gc,metaspace   ] GC(324) Metaspace: 34365K(34688K)->34365K(34688K) NonClass: 30451K(30592K)->30451K(30592K) Class: 3914K(4096K)->3914K(4096K)
[615.982s][info][gc             ] GC(324) Pause Young (Normal) (G1 Evacuation Pause) 5031M->119M(8192M) 1.874ms
[615.982s][info][gc,cpu         ] GC(324) User=0.00s Sys=0.00s Real=0.00s
[616.977s][info][gc,start       ] GC(325) Pause Young (Normal) (G1 Evacuation Pause)
[616.977s][info][gc,task        ] GC(325) Using 6 workers of 6 for evacuation
[616.979s][info][gc,phases      ] GC(325)   Pre Evacuate Collection Set: 0.1ms
[616.979s][info][gc,phases      ] GC(325)   Merge Heap Roots: 0.1ms
[616.979s][info][gc,phases      ] GC(325)   Evacuate Collection Set: 0.2ms
[616.979s][info][gc,phases      ] GC(325)   Post Evacuate Collection Set: 1.1ms
[616.979s][info][gc,phases      ] GC(325)   Other: 0.2ms
[616.979s][info][gc,heap        ] GC(325) Eden regions: 1227->0(1227)
[616.979s][info][gc,heap        ] GC(325) Survivor regions: 1->1(154)
[616.979s][info][gc,heap        ] GC(325) Old regions: 33->33
[616.979s][info][gc,heap        ] GC(325) Archive regions: 0->0
[616.979s][info][gc,heap        ] GC(325) Humongous regions: 1->1
[616.979s][info][gc,metaspace   ] GC(325) Metaspace: 34365K(34688K)->34365K(34688K) NonClass: 30451K(30592K)->30451K(30592K) Class: 3914K(4096K)->3914K(4096K)
[616.979s][info][gc             ] GC(325) Pause Young (Normal) (G1 Evacuation Pause) 5027M->119M(8192M) 1.814ms
[616.979s][info][gc,cpu         ] GC(325) User=0.00s Sys=0.00s Real=0.00s
[621.198s][info][gc,start       ] GC(326) Pause Full (System.gc())
[621.198s][info][gc,task        ] GC(326) Using 6 workers of 6 for full compaction
[621.198s][info][gc,phases,start] GC(326) Phase 1: Mark live objects
[621.217s][info][gc,phases      ] GC(326) Phase 1: Mark live objects 18.600ms
[621.217s][info][gc,phases,start] GC(326) Phase 2: Prepare for compaction
[621.225s][info][gc,phases      ] GC(326) Phase 2: Prepare for compaction 8.268ms
[621.225s][info][gc,phases,start] GC(326) Phase 3: Adjust pointers
[621.234s][info][gc,phases      ] GC(326) Phase 3: Adjust pointers 9.152ms
[621.234s][info][gc,phases,start] GC(326) Phase 4: Compact heap
[621.239s][info][gc,phases      ] GC(326) Phase 4: Compact heap 5.000ms
[621.257s][info][gc,heap        ] GC(326) Eden regions: 1178->0(1228)
[621.257s][info][gc,heap        ] GC(326) Survivor regions: 1->0(154)
[621.257s][info][gc,heap        ] GC(326) Old regions: 33->34
[621.257s][info][gc,heap        ] GC(326) Archive regions: 0->0
[621.257s][info][gc,heap        ] GC(326) Humongous regions: 725->0
[621.257s][info][gc,metaspace   ] GC(326) Metaspace: 34365K(34688K)->34365K(34688K) NonClass: 30451K(30592K)->30451K(30592K) Class: 3914K(4096K)->3914K(4096K)
[621.257s][info][gc             ] GC(326) Pause Full (System.gc()) 7725M->115M(8192M) 59.022ms
[621.257s][info][gc,cpu         ] GC(326) User=0.30s Sys=0.00s Real=0.06s
[622.071s][info][gc,start       ] GC(327) Pause Young (Normal) (G1 Evacuation Pause)
[622.072s][info][gc,task        ] GC(327) Using 6 workers of 6 for evacuation
[622.073s][info][gc,phases      ] GC(327)   Pre Evacuate Collection Set: 0.1ms
[622.073s][info][gc,phases      ] GC(327)   Merge Heap Roots: 0.1ms
[622.073s][info][gc,phases      ] GC(327)   Evacuate Collection Set: 0.2ms
[622.073s][info][gc,phases      ] GC(327)   Post Evacuate Collection Set: 1.1ms
[622.073s][info][gc,phases      ] GC(327)   Other: 0.2ms
[622.073s][info][gc,heap        ] GC(327) Eden regions: 1228->0(1227)
[622.073s][info][gc,heap        ] GC(327) Survivor regions: 0->1(154)
[622.073s][info][gc,heap        ] GC(327) Old regions: 34->34
[622.073s][info][gc,heap        ] GC(327) Archive regions: 0->0
[622.073s][info][gc,heap        ] GC(327) Humongous regions: 0->0
[622.073s][info][gc,metaspace   ] GC(327) Metaspace: 34365K(34688K)->34365K(34688K) NonClass: 30451K(30592K)->30451K(30592K) Class: 3914K(4096K)->3914K(4096K)
[622.073s][info][gc             ] GC(327) Pause Young (Normal) (G1 Evacuation Pause) 5027M->115M(8192M) 1.784ms
[622.073s][info][gc,cpu         ] GC(327) User=0.00s Sys=0.00s Real=0.00s
[623.083s][info][gc,start       ] GC(328) Pause Young (Normal) (G1 Evacuation Pause)
[623.083s][info][gc,task        ] GC(328) Using 6 workers of 6 for evacuation
[623.084s][info][gc,phases      ] GC(328)   Pre Evacuate Collection Set: 0.1ms
[623.084s][info][gc,phases      ] GC(328)   Merge Heap Roots: 0.1ms
[623.084s][info][gc,phases      ] GC(328)   Evacuate Collection Set: 0.2ms
[623.084s][info][gc,phases      ] GC(328)   Post Evacuate Collection Set: 1.1ms
[623.084s][info][gc,phases      ] GC(328)   Other: 0.2ms
[623.084s][info][gc,heap        ] GC(328) Eden regions: 1227->0(1227)
[623.084s][info][gc,heap        ] GC(328) Survivor regions: 1->1(154)
[623.084s][info][gc,heap        ] GC(328) Old regions: 34->34
[623.084s][info][gc,heap        ] GC(328) Archive regions: 0->0
[623.084s][info][gc,heap        ] GC(328) Humongous regions: 0->0
[623.084s][info][gc,metaspace   ] GC(328) Metaspace: 34365K(34688K)->34365K(34688K) NonClass: 30451K(30592K)->30451K(30592K) Class: 3914K(4096K)->3914K(4096K)
[623.084s][info][gc             ] GC(328) Pause Young (Normal) (G1 Evacuation Pause) 5023M->115M(8192M) 1.767ms
[623.084s][info][gc,cpu         ] GC(328) User=0.00s Sys=0.00s Real=0.00s
[627.541s][info][gc,start       ] GC(329) Pause Young (Normal) (G1 Preventive Collection)
[627.542s][info][gc,task        ] GC(329) Using 6 workers of 6 for evacuation
[627.571s][info][gc             ] GC(329) To-space exhausted
[627.571s][info][gc,phases      ] GC(329)   Pre Evacuate Collection Set: 0.2ms
[627.571s][info][gc,phases      ] GC(329)   Merge Heap Roots: 0.2ms
[627.571s][info][gc,phases      ] GC(329)   Evacuate Collection Set: 5.6ms
[627.571s][info][gc,phases      ] GC(329)   Post Evacuate Collection Set: 22.8ms
[627.571s][info][gc,phases      ] GC(329)   Other: 0.3ms
[627.571s][info][gc,heap        ] GC(329) Eden regions: 1213->0(1227)
[627.571s][info][gc,heap        ] GC(329) Survivor regions: 1->1(1)
[627.571s][info][gc,heap        ] GC(329) Old regions: 34->167
[627.571s][info][gc,heap        ] GC(329) Archive regions: 0->0
[627.571s][info][gc,heap        ] GC(329) Humongous regions: 799->0
[627.571s][info][gc,metaspace   ] GC(329) Metaspace: 34365K(34688K)->34365K(34688K) NonClass: 30451K(30592K)->30451K(30592K) Class: 3914K(4096K)->3914K(4096K)
[627.571s][info][gc             ] GC(329) Pause Young (Normal) (G1 Preventive Collection) 8163M->651M(8192M) 29.242ms
[627.571s][info][gc,cpu         ] GC(329) User=0.16s Sys=0.00s Real=0.03s
[627.608s][info][gc,start       ] GC(330) Pause Full (System.gc())
[627.609s][info][gc,task        ] GC(330) Using 6 workers of 6 for full compaction
[627.609s][info][gc,phases,start] GC(330) Phase 1: Mark live objects
[627.624s][info][gc,phases      ] GC(330) Phase 1: Mark live objects 15.017ms
[627.624s][info][gc,phases,start] GC(330) Phase 2: Prepare for compaction
[627.631s][info][gc,phases      ] GC(330) Phase 2: Prepare for compaction 6.576ms
[627.631s][info][gc,phases,start] GC(330) Phase 3: Adjust pointers
[627.637s][info][gc,phases      ] GC(330) Phase 3: Adjust pointers 6.582ms
[627.637s][info][gc,phases,start] GC(330) Phase 4: Compact heap
[627.640s][info][gc,phases      ] GC(330) Phase 4: Compact heap 2.416ms
[627.657s][info][gc,heap        ] GC(330) Eden regions: 6->0(1228)
[627.657s][info][gc,heap        ] GC(330) Survivor regions: 1->0(1)
[627.657s][info][gc,heap        ] GC(330) Old regions: 167->32
[627.657s][info][gc,heap        ] GC(330) Archive regions: 0->0
[627.657s][info][gc,heap        ] GC(330) Humongous regions: 8->0
[627.657s][info][gc,metaspace   ] GC(330) Metaspace: 34365K(34688K)->34365K(34688K) NonClass: 30451K(30592K)->30451K(30592K) Class: 3914K(4096K)->3914K(4096K)
[627.657s][info][gc             ] GC(330) Pause Full (System.gc()) 704M->114M(8192M) 48.796ms
[627.657s][info][gc,cpu         ] GC(330) User=0.25s Sys=0.00s Real=0.05s
[628.482s][info][gc,start       ] GC(331) Pause Young (Normal) (G1 Evacuation Pause)
[628.483s][info][gc,task        ] GC(331) Using 6 workers of 6 for evacuation
[628.484s][info][gc,phases      ] GC(331)   Pre Evacuate Collection Set: 0.1ms
[628.484s][info][gc,phases      ] GC(331)   Merge Heap Roots: 0.1ms
[628.484s][info][gc,phases      ] GC(331)   Evacuate Collection Set: 0.2ms
[628.484s][info][gc,phases      ] GC(331)   Post Evacuate Collection Set: 1.1ms
[628.484s][info][gc,phases      ] GC(331)   Other: 0.2ms
[628.484s][info][gc,heap        ] GC(331) Eden regions: 1228->0(1227)
[628.484s][info][gc,heap        ] GC(331) Survivor regions: 0->1(154)
[628.484s][info][gc,heap        ] GC(331) Old regions: 32->32
[628.484s][info][gc,heap        ] GC(331) Archive regions: 0->0
[628.484s][info][gc,heap        ] GC(331) Humongous regions: 0->0
[628.484s][info][gc,metaspace   ] GC(331) Metaspace: 34365K(34688K)->34365K(34688K) NonClass: 30451K(30592K)->30451K(30592K) Class: 3914K(4096K)->3914K(4096K)
[628.484s][info][gc             ] GC(331) Pause Young (Normal) (G1 Evacuation Pause) 5026M->115M(8192M) 1.768ms
[628.484s][info][gc,cpu         ] GC(331) User=0.00s Sys=0.00s Real=0.00s
[629.488s][info][gc,start       ] GC(332) Pause Young (Normal) (G1 Evacuation Pause)
[629.488s][info][gc,task        ] GC(332) Using 6 workers of 6 for evacuation
[629.489s][info][gc,phases      ] GC(332)   Pre Evacuate Collection Set: 0.1ms
[629.489s][info][gc,phases      ] GC(332)   Merge Heap Roots: 0.1ms
[629.489s][info][gc,phases      ] GC(332)   Evacuate Collection Set: 0.2ms
[629.489s][info][gc,phases      ] GC(332)   Post Evacuate Collection Set: 1.1ms
[629.490s][info][gc,phases      ] GC(332)   Other: 0.2ms
[629.490s][info][gc,heap        ] GC(332) Eden regions: 1227->0(1227)
[629.490s][info][gc,heap        ] GC(332) Survivor regions: 1->1(154)
[629.490s][info][gc,heap        ] GC(332) Old regions: 32->32
[629.490s][info][gc,heap        ] GC(332) Archive regions: 0->0
[629.490s][info][gc,heap        ] GC(332) Humongous regions: 0->0
[629.490s][info][gc,metaspace   ] GC(332) Metaspace: 34365K(34688K)->34365K(34688K) NonClass: 30451K(30592K)->30451K(30592K) Class: 3914K(4096K)->3914K(4096K)
[629.490s][info][gc             ] GC(332) Pause Young (Normal) (G1 Evacuation Pause) 5023M->114M(8192M) 1.817ms
[629.490s][info][gc,cpu         ] GC(332) User=0.02s Sys=0.00s Real=0.00s
[634.162s][info][gc,heap,exit   ] Heap
[634.162s][info][gc,heap,exit   ]  garbage-first heap   total 8388608K, used 8317584K [0x0000000600000000, 0x0000000800000000)
[634.162s][info][gc,heap,exit   ]   region size 4096K, 1218 young (4988928K), 1 survivors (4096K)
[634.162s][info][gc,heap,exit   ]  Metaspace       used 34452K, committed 34816K, reserved 1114112K
[634.162s][info][gc,heap,exit   ]   class space    used 3931K, committed 4096K, reserved 1048576K
