[0.007s][info][gc,init] Initializing The Z Garbage Collector
[0.007s][info][gc,init] Version: 17.0.12+7-adhoc..jdk17u (release)
[0.007s][info][gc,init] NUMA Support: Disabled
[0.007s][info][gc,init] CPUs: 6 total, 6 available
[0.007s][info][gc,init] Memory: 15591M
[0.008s][info][gc,init] Large Page Support: Disabled
[0.008s][info][gc,init] GC Workers: 2 (dynamic)
[0.008s][info][gc,init] Address Space Type: Contiguous/Unrestricted/Complete
[0.008s][info][gc,init] Address Space Size: 16384M x 3 = 49152M
[0.008s][info][gc,init] Min Capacity: 1024M
[0.008s][info][gc,init] Initial Capacity: 1024M
[0.008s][info][gc,init] Max Capacity: 1024M
[0.008s][info][gc,init] Medium Page Size: 32M
[0.008s][info][gc,init] Pre-touch: Disabled
[0.008s][info][gc,init] Uncommit: Implicitly Disabled (-Xms equals -Xmx)
[0.045s][info][gc,init] Runtime Workers: 4
[0.046s][info][gc     ] Using The Z Garbage Collector
[0.054s][info][gc,metaspace] CDS archive(s) mapped at: [0x0000022998000000-0x0000022998bc0000-0x0000022998bc0000), size 12320768, SharedBaseAddress: 0x0000022998000000, ArchiveRelocationMode: 1.
[0.054s][info][gc,metaspace] Compressed class space mapped at: 0x0000022999000000-0x00000229d9000000, reserved size: 1073741824
[0.054s][info][gc,metaspace] Narrow klass base: 0x0000022998000000, Narrow klass shift: 0, Narrow klass range: 0x100000000
[1.212s][info][gc,start    ] GC(0) Garbage Collection (System.gc())
[1.212s][info][gc,task     ] GC(0) Using 2 workers
[1.212s][info][gc,phases   ] GC(0) Pause Mark Start 0.008ms
[1.234s][info][gc,phases   ] GC(0) Concurrent Mark 21.335ms
[1.234s][info][gc,phases   ] GC(0) Pause Mark End 0.020ms
[1.234s][info][gc,phases   ] GC(0) Concurrent Mark Free 0.001ms
[1.236s][info][gc,phases   ] GC(0) Concurrent Process Non-Strong References 1.669ms
[1.236s][info][gc,phases   ] GC(0) Concurrent Reset Relocation Set 0.004ms
[1.242s][info][gc,phases   ] GC(0) Concurrent Select Relocation Set 5.967ms
[1.242s][info][gc,phases   ] GC(0) Pause Relocate Start 0.011ms
[1.245s][info][gc,phases   ] GC(0) Concurrent Relocate 2.779ms
[1.245s][info][gc,load     ] GC(0) Load: 0.00/0.00/0.00
[1.245s][info][gc,mmu      ] GC(0) MMU: 2ms/99.0%, 5ms/99.6%, 10ms/99.7%, 20ms/99.8%, 50ms/99.9%, 100ms/100.0%
[1.245s][info][gc,marking  ] GC(0) Mark: 2 stripe(s), 1 proactive flush(es), 1 terminate flush(es), 0 completion(s), 0 continuation(s) 
[1.245s][info][gc,marking  ] GC(0) Mark Stack Usage: 32M
[1.245s][info][gc,nmethod  ] GC(0) NMethods: 1184 registered, 0 unregistered
[1.245s][info][gc,metaspace] GC(0) Metaspace: 11M used, 12M committed, 1088M reserved
[1.245s][info][gc,ref      ] GC(0) Soft: 252 encountered, 0 discovered, 0 enqueued
[1.245s][info][gc,ref      ] GC(0) Weak: 797 encountered, 190 discovered, 184 enqueued
[1.245s][info][gc,ref      ] GC(0) Final: 0 encountered, 0 discovered, 0 enqueued
[1.245s][info][gc,ref      ] GC(0) Phantom: 253 encountered, 237 discovered, 209 enqueued
[1.245s][info][gc,reloc    ] GC(0) Small Pages: 20 / 40M, Empty: 0M, Relocated: 3M, In-Place: 0
[1.245s][info][gc,reloc    ] GC(0) Medium Pages: 1 / 32M, Empty: 0M, Relocated: 0M, In-Place: 0
[1.245s][info][gc,reloc    ] GC(0) Large Pages: 0 / 0M, Empty: 0M, Relocated: 0M, In-Place: 0
[1.245s][info][gc,reloc    ] GC(0) Forwarding Usage: 1M
[1.245s][info][gc,heap     ] GC(0) Min Capacity: 1024M(100%)
[1.245s][info][gc,heap     ] GC(0) Max Capacity: 1024M(100%)
[1.245s][info][gc,heap     ] GC(0) Soft Max Capacity: 1024M(100%)
[1.245s][info][gc,heap     ] GC(0)                Mark Start          Mark End        Relocate Start      Relocate End           High               Low         
[1.245s][info][gc,heap     ] GC(0)  Capacity:     1024M (100%)       1024M (100%)       1024M (100%)       1024M (100%)       1024M (100%)       1024M (100%)   
[1.245s][info][gc,heap     ] GC(0)      Free:      952M (93%)         952M (93%)         952M (93%)         984M (96%)         984M (96%)         948M (93%)    
[1.245s][info][gc,heap     ] GC(0)      Used:       72M (7%)           72M (7%)           72M (7%)           40M (4%)           76M (7%)           40M (4%)     
[1.245s][info][gc,heap     ] GC(0)      Live:         -                 6M (1%)            6M (1%)            6M (1%)             -                  -          
[1.245s][info][gc,heap     ] GC(0) Allocated:         -                 0M (0%)            0M (0%)            0M (0%)             -                  -          
[1.245s][info][gc,heap     ] GC(0)   Garbage:         -                65M (6%)           65M (6%)           33M (3%)             -                  -          
[1.245s][info][gc,heap     ] GC(0) Reclaimed:         -                  -                 0M (0%)           32M (3%)             -                  -          
[1.245s][info][gc          ] GC(0) Garbage Collection (System.gc()) 72M(7%)->40M(4%)
[1.579s][info][gc,start    ] GC(1) Garbage Collection (Warmup)
[1.579s][info][gc,task     ] GC(1) Using 2 workers
[1.579s][info][gc,phases   ] GC(1) Pause Mark Start 0.007ms
[1.595s][info][gc,phases   ] GC(1) Concurrent Mark 15.584ms
[1.595s][info][gc,phases   ] GC(1) Pause Mark End 0.129ms
[1.595s][info][gc,phases   ] GC(1) Concurrent Mark Free 0.001ms
[1.597s][info][gc,phases   ] GC(1) Concurrent Process Non-Strong References 1.693ms
[1.597s][info][gc,phases   ] GC(1) Concurrent Reset Relocation Set 0.002ms
[1.599s][info][gc,phases   ] GC(1) Concurrent Select Relocation Set 1.777ms
[1.599s][info][gc,phases   ] GC(1) Pause Relocate Start 0.011ms
[1.602s][info][gc,phases   ] GC(1) Concurrent Relocate 2.246ms
[1.602s][info][gc,load     ] GC(1) Load: 0.00/0.00/0.00
[1.602s][info][gc,mmu      ] GC(1) MMU: 2ms/93.6%, 5ms/97.2%, 10ms/98.6%, 20ms/99.3%, 50ms/99.7%, 100ms/99.9%
[1.602s][info][gc,marking  ] GC(1) Mark: 2 stripe(s), 2 proactive flush(es), 1 terminate flush(es), 1 completion(s), 0 continuation(s) 
[1.602s][info][gc,marking  ] GC(1) Mark Stack Usage: 32M
[1.602s][info][gc,nmethod  ] GC(1) NMethods: 1437 registered, 0 unregistered
[1.602s][info][gc,metaspace] GC(1) Metaspace: 20M used, 21M committed, 1088M reserved
[1.602s][info][gc,ref      ] GC(1) Soft: 304 encountered, 0 discovered, 0 enqueued
[1.602s][info][gc,ref      ] GC(1) Weak: 976 encountered, 727 discovered, 87 enqueued
[1.602s][info][gc,ref      ] GC(1) Final: 0 encountered, 0 discovered, 0 enqueued
[1.602s][info][gc,ref      ] GC(1) Phantom: 129 encountered, 99 discovered, 66 enqueued
[1.602s][info][gc,reloc    ] GC(1) Small Pages: 20 / 40M, Empty: 0M, Relocated: 1M, In-Place: 0
[1.602s][info][gc,reloc    ] GC(1) Medium Pages: 2 / 64M, Empty: 0M, Relocated: 3M, In-Place: 0
[1.602s][info][gc,reloc    ] GC(1) Large Pages: 0 / 0M, Empty: 0M, Relocated: 0M, In-Place: 0
[1.602s][info][gc,reloc    ] GC(1) Forwarding Usage: 0M
[1.602s][info][gc,heap     ] GC(1) Min Capacity: 1024M(100%)
[1.602s][info][gc,heap     ] GC(1) Max Capacity: 1024M(100%)
[1.602s][info][gc,heap     ] GC(1) Soft Max Capacity: 1024M(100%)
[1.602s][info][gc,heap     ] GC(1)                Mark Start          Mark End        Relocate Start      Relocate End           High               Low         
[1.602s][info][gc,heap     ] GC(1)  Capacity:     1024M (100%)       1024M (100%)       1024M (100%)       1024M (100%)       1024M (100%)       1024M (100%)   
[1.602s][info][gc,heap     ] GC(1)      Free:      920M (90%)         916M (89%)         916M (89%)         976M (95%)         976M (95%)         884M (86%)    
[1.602s][info][gc,heap     ] GC(1)      Used:      104M (10%)         108M (11%)         108M (11%)          48M (5%)          140M (14%)          48M (5%)     
[1.602s][info][gc,heap     ] GC(1)      Live:         -                10M (1%)           10M (1%)           10M (1%)             -                  -          
[1.602s][info][gc,heap     ] GC(1) Allocated:         -                 4M (0%)            4M (0%)            3M (0%)             -                  -          
[1.602s][info][gc,heap     ] GC(1)   Garbage:         -                93M (9%)           93M (9%)           33M (3%)             -                  -          
[1.602s][info][gc,heap     ] GC(1) Reclaimed:         -                  -                 0M (0%)           59M (6%)             -                  -          
[1.602s][info][gc          ] GC(1) Garbage Collection (Warmup) 104M(10%)->48M(5%)
[2.888s][info][gc,start    ] GC(2) Garbage Collection (Metadata GC Threshold)
[2.888s][info][gc,task     ] GC(2) Using 2 workers
[2.889s][info][gc,phases   ] GC(2) Pause Mark Start 0.005ms
[2.929s][info][gc,phases   ] GC(2) Concurrent Mark 39.791ms
[2.929s][info][gc,phases   ] GC(2) Pause Mark End 0.066ms
[2.929s][info][gc,phases   ] GC(2) Concurrent Mark Free 0.001ms
[2.933s][info][gc,phases   ] GC(2) Concurrent Process Non-Strong References 3.651ms
[2.933s][info][gc,phases   ] GC(2) Concurrent Reset Relocation Set 0.004ms
[2.936s][info][gc,phases   ] GC(2) Concurrent Select Relocation Set 2.588ms
[2.936s][info][gc,phases   ] GC(2) Pause Relocate Start 0.014ms
[2.945s][info][gc,phases   ] GC(2) Concurrent Relocate 9.183ms
[2.945s][info][gc,load     ] GC(2) Load: 0.00/0.00/0.00
[2.945s][info][gc,mmu      ] GC(2) MMU: 2ms/93.6%, 5ms/97.2%, 10ms/98.6%, 20ms/99.3%, 50ms/99.7%, 100ms/99.9%
[2.945s][info][gc,marking  ] GC(2) Mark: 2 stripe(s), 2 proactive flush(es), 1 terminate flush(es), 1 completion(s), 0 continuation(s) 
[2.945s][info][gc,marking  ] GC(2) Mark Stack Usage: 32M
[2.945s][info][gc,nmethod  ] GC(2) NMethods: 3987 registered, 0 unregistered
[2.945s][info][gc,metaspace] GC(2) Metaspace: 35M used, 35M committed, 1088M reserved
[2.945s][info][gc,ref      ] GC(2) Soft: 545 encountered, 0 discovered, 0 enqueued
[2.945s][info][gc,ref      ] GC(2) Weak: 2709 encountered, 512 discovered, 439 enqueued
[2.945s][info][gc,ref      ] GC(2) Final: 0 encountered, 0 discovered, 0 enqueued
[2.945s][info][gc,ref      ] GC(2) Phantom: 495 encountered, 455 discovered, 419 enqueued
[2.945s][info][gc,reloc    ] GC(2) Small Pages: 47 / 94M, Empty: 0M, Relocated: 13M, In-Place: 0
[2.945s][info][gc,reloc    ] GC(2) Medium Pages: 2 / 64M, Empty: 0M, Relocated: 3M, In-Place: 0
[2.945s][info][gc,reloc    ] GC(2) Large Pages: 0 / 0M, Empty: 0M, Relocated: 0M, In-Place: 0
[2.945s][info][gc,reloc    ] GC(2) Forwarding Usage: 4M
[2.945s][info][gc,heap     ] GC(2) Min Capacity: 1024M(100%)
[2.945s][info][gc,heap     ] GC(2) Max Capacity: 1024M(100%)
[2.945s][info][gc,heap     ] GC(2) Soft Max Capacity: 1024M(100%)
[2.945s][info][gc,heap     ] GC(2)                Mark Start          Mark End        Relocate Start      Relocate End           High               Low         
[2.945s][info][gc,heap     ] GC(2)  Capacity:     1024M (100%)       1024M (100%)       1024M (100%)       1024M (100%)       1024M (100%)       1024M (100%)   
[2.945s][info][gc,heap     ] GC(2)      Free:      866M (85%)         862M (84%)         860M (84%)         956M (93%)         956M (93%)         828M (81%)    
[2.945s][info][gc,heap     ] GC(2)      Used:      158M (15%)         162M (16%)         164M (16%)          68M (7%)          196M (19%)          68M (7%)     
[2.945s][info][gc,heap     ] GC(2)      Live:         -                26M (3%)           26M (3%)           26M (3%)             -                  -          
[2.945s][info][gc,heap     ] GC(2) Allocated:         -                 4M (0%)            6M (1%)            7M (1%)             -                  -          
[2.945s][info][gc,heap     ] GC(2)   Garbage:         -               131M (13%)         131M (13%)          33M (3%)             -                  -          
[2.945s][info][gc,heap     ] GC(2) Reclaimed:         -                  -                 0M (0%)           97M (10%)            -                  -          
[2.945s][info][gc          ] GC(2) Garbage Collection (Metadata GC Threshold) 158M(15%)->68M(7%)
[5.679s][info][gc,start    ] GC(3) Garbage Collection (Warmup)
[5.679s][info][gc,task     ] GC(3) Using 2 workers
[5.680s][info][gc,phases   ] GC(3) Pause Mark Start 0.008ms
[5.758s][info][gc,phases   ] GC(3) Concurrent Mark 77.952ms
[5.758s][info][gc,phases   ] GC(3) Pause Mark End 0.061ms
[5.758s][info][gc,phases   ] GC(3) Concurrent Mark Free 0.000ms
[5.768s][info][gc,phases   ] GC(3) Concurrent Process Non-Strong References 9.773ms
[5.768s][info][gc,phases   ] GC(3) Concurrent Reset Relocation Set 0.006ms
[5.772s][info][gc,phases   ] GC(3) Concurrent Select Relocation Set 3.681ms
[5.772s][info][gc,phases   ] GC(3) Pause Relocate Start 0.020ms
[5.788s][info][gc,phases   ] GC(3) Concurrent Relocate 16.330ms
[5.788s][info][gc,load     ] GC(3) Load: 0.00/0.00/0.00
[5.788s][info][gc,mmu      ] GC(3) MMU: 2ms/93.6%, 5ms/97.2%, 10ms/98.6%, 20ms/99.3%, 50ms/99.7%, 100ms/99.9%
[5.788s][info][gc,marking  ] GC(3) Mark: 2 stripe(s), 2 proactive flush(es), 1 terminate flush(es), 1 completion(s), 0 continuation(s) 
[5.788s][info][gc,marking  ] GC(3) Mark Stack Usage: 32M
[5.788s][info][gc,nmethod  ] GC(3) NMethods: 7521 registered, 1367 unregistered
[5.788s][info][gc,metaspace] GC(3) Metaspace: 44M used, 44M committed, 1088M reserved
[5.788s][info][gc,ref      ] GC(3) Soft: 738 encountered, 0 discovered, 0 enqueued
[5.788s][info][gc,ref      ] GC(3) Weak: 25371 encountered, 12146 discovered, 8312 enqueued
[5.788s][info][gc,ref      ] GC(3) Final: 0 encountered, 0 discovered, 0 enqueued
[5.788s][info][gc,ref      ] GC(3) Phantom: 879 encountered, 849 discovered, 801 enqueued
[5.788s][info][gc,reloc    ] GC(3) Small Pages: 71 / 142M, Empty: 0M, Relocated: 20M, In-Place: 0
[5.788s][info][gc,reloc    ] GC(3) Medium Pages: 2 / 64M, Empty: 0M, Relocated: 4M, In-Place: 0
[5.788s][info][gc,reloc    ] GC(3) Large Pages: 0 / 0M, Empty: 0M, Relocated: 0M, In-Place: 0
[5.788s][info][gc,reloc    ] GC(3) Forwarding Usage: 7M
[5.788s][info][gc,heap     ] GC(3) Min Capacity: 1024M(100%)
[5.788s][info][gc,heap     ] GC(3) Max Capacity: 1024M(100%)
[5.788s][info][gc,heap     ] GC(3) Soft Max Capacity: 1024M(100%)
[5.788s][info][gc,heap     ] GC(3)                Mark Start          Mark End        Relocate Start      Relocate End           High               Low         
[5.788s][info][gc,heap     ] GC(3)  Capacity:     1024M (100%)       1024M (100%)       1024M (100%)       1024M (100%)       1024M (100%)       1024M (100%)   
[5.788s][info][gc,heap     ] GC(3)      Free:      818M (80%)         816M (80%)         814M (79%)         930M (91%)         930M (91%)         776M (76%)    
[5.788s][info][gc,heap     ] GC(3)      Used:      206M (20%)         208M (20%)         210M (21%)          94M (9%)          248M (24%)          94M (9%)     
[5.788s][info][gc,heap     ] GC(3)      Live:         -                48M (5%)           48M (5%)           48M (5%)             -                  -          
[5.788s][info][gc,heap     ] GC(3) Allocated:         -                 2M (0%)            4M (0%)           11M (1%)             -                  -          
[5.788s][info][gc,heap     ] GC(3)   Garbage:         -               157M (15%)         157M (15%)          34M (3%)             -                  -          
[5.788s][info][gc,heap     ] GC(3) Reclaimed:         -                  -                 0M (0%)          123M (12%)            -                  -          
[5.788s][info][gc          ] GC(3) Garbage Collection (Warmup) 206M(20%)->94M(9%)
[10.069s][info][gc,stats    ] === Garbage Collection Statistics =======================================================================================================================
[10.069s][info][gc,stats    ]                                                              Last 10s              Last 10m              Last 10h                Total
[10.069s][info][gc,stats    ]                                                              Avg / Max             Avg / Max             Avg / Max             Avg / Max
[10.069s][info][gc,stats    ]   Collector: Garbage Collection Cycle                     55.259 / 108.978      55.259 / 108.978      55.259 / 108.978      55.259 / 108.978     ms
[10.069s][info][gc,stats    ]  Contention: Mark Segment Reset Contention                     0 / 1                 0 / 1                 0 / 1                 0 / 1           ops/s
[10.069s][info][gc,stats    ]  Contention: Mark SeqNum Reset Contention                      0 / 0                 0 / 0                 0 / 0                 0 / 0           ops/s
[10.070s][info][gc,stats    ]    Critical: Allocation Stall                                  0 / 0                 0 / 0                 0 / 0                 0 / 0           ops/s
[10.070s][info][gc,stats    ]    Critical: Allocation Stall                              0.000 / 0.000         0.000 / 0.000         0.000 / 0.000         0.000 / 0.000       ms
[10.070s][info][gc,stats    ]    Critical: GC Locker Stall                                   0 / 0                 0 / 0                 0 / 0                 0 / 0           ops/s
[10.070s][info][gc,stats    ]    Critical: GC Locker Stall                               0.000 / 0.000         0.000 / 0.000         0.000 / 0.000         0.000 / 0.000       ms
[10.070s][info][gc,stats    ]    Critical: Relocation Stall                                  0 / 0                 0 / 0                 0 / 0                 0 / 0           ops/s
[10.070s][info][gc,stats    ]    Critical: Relocation Stall                              0.000 / 0.000         0.000 / 0.000         0.000 / 0.000         0.000 / 0.000       ms
[10.070s][info][gc,stats    ]      Memory: Allocation Rate                                  61 / 154              61 / 154              61 / 154              61 / 154         MB/s
[10.070s][info][gc,stats    ]      Memory: Out Of Memory                                     0 / 0                 0 / 0                 0 / 0                 0 / 0           ops/s
[10.070s][info][gc,stats    ]      Memory: Page Cache Flush                                  0 / 0                 0 / 0                 0 / 0                 0 / 0           MB/s
[10.070s][info][gc,stats    ]      Memory: Page Cache Hit L1                                13 / 35               13 / 35               13 / 35               13 / 35          ops/s
[10.070s][info][gc,stats    ]      Memory: Page Cache Hit L2                                 0 / 0                 0 / 0                 0 / 0                 0 / 0           ops/s
[10.070s][info][gc,stats    ]      Memory: Page Cache Hit L3                                13 / 24               13 / 24               13 / 24               13 / 24          ops/s
[10.070s][info][gc,stats    ]      Memory: Page Cache Miss                                   0 / 1                 0 / 1                 0 / 1                 0 / 1           ops/s
[10.070s][info][gc,stats    ]      Memory: Uncommit                                          0 / 0                 0 / 0                 0 / 0                 0 / 0           MB/s
[10.070s][info][gc,stats    ]      Memory: Undo Object Allocation Failed                     0 / 0                 0 / 0                 0 / 0                 0 / 0           ops/s
[10.070s][info][gc,stats    ]      Memory: Undo Object Allocation Succeeded                  0 / 1                 0 / 1                 0 / 1                 0 / 1           ops/s
[10.070s][info][gc,stats    ]      Memory: Undo Page Allocation                              0 / 0                 0 / 0                 0 / 0                 0 / 0           ops/s
[10.070s][info][gc,stats    ]       Phase: Concurrent Mark                              38.665 / 77.952       38.665 / 77.952       38.665 / 77.952       38.665 / 77.952      ms
[10.070s][info][gc,stats    ]       Phase: Concurrent Mark Continue                      0.000 / 0.000         0.000 / 0.000         0.000 / 0.000         0.000 / 0.000       ms
[10.070s][info][gc,stats    ]       Phase: Concurrent Mark Free                          0.001 / 0.001         0.001 / 0.001         0.001 / 0.001         0.001 / 0.001       ms
[10.070s][info][gc,stats    ]       Phase: Concurrent Process Non-Strong References      4.196 / 9.773         4.196 / 9.773         4.196 / 9.773         4.196 / 9.773       ms
[10.070s][info][gc,stats    ]       Phase: Concurrent Relocate                           7.634 / 16.330        7.634 / 16.330        7.634 / 16.330        7.634 / 16.330      ms
[10.070s][info][gc,stats    ]       Phase: Concurrent Reset Relocation Set               0.004 / 0.006         0.004 / 0.006         0.004 / 0.006         0.004 / 0.006       ms
[10.070s][info][gc,stats    ]       Phase: Concurrent Select Relocation Set              3.503 / 5.967         3.503 / 5.967         3.503 / 5.967         3.503 / 5.967       ms
[10.070s][info][gc,stats    ]       Phase: Pause Mark End                                0.069 / 0.129         0.069 / 0.129         0.069 / 0.129         0.069 / 0.129       ms
[10.070s][info][gc,stats    ]       Phase: Pause Mark Start                              0.007 / 0.008         0.007 / 0.008         0.007 / 0.008         0.007 / 0.008       ms
[10.070s][info][gc,stats    ]       Phase: Pause Relocate Start                          0.014 / 0.020         0.014 / 0.020         0.014 / 0.020         0.014 / 0.020       ms
[10.070s][info][gc,stats    ]    Subphase: Concurrent Classes Purge                      0.153 / 0.323         0.153 / 0.323         0.153 / 0.323         0.153 / 0.323       ms
[10.070s][info][gc,stats    ]    Subphase: Concurrent Classes Unlink                     3.082 / 7.407         3.082 / 7.407         3.082 / 7.407         3.082 / 7.407       ms
[10.070s][info][gc,stats    ]    Subphase: Concurrent Mark                              32.474 / 76.695       32.474 / 76.695       32.474 / 76.695       32.474 / 76.695      ms
[10.070s][info][gc,stats    ]    Subphase: Concurrent Mark Try Flush                     0.083 / 0.218         0.083 / 0.218         0.083 / 0.218         0.083 / 0.218       ms
[10.070s][info][gc,stats    ]    Subphase: Concurrent Mark Try Terminate                 3.412 / 13.644        3.412 / 13.644        3.412 / 13.644        3.412 / 13.644      ms
[10.070s][info][gc,stats    ]    Subphase: Concurrent References Enqueue                 0.005 / 0.005         0.005 / 0.005         0.005 / 0.005         0.005 / 0.005       ms
[10.070s][info][gc,stats    ]    Subphase: Concurrent References Process                 0.373 / 1.048         0.373 / 1.048         0.373 / 1.048         0.373 / 1.048       ms
[10.070s][info][gc,stats    ]    Subphase: Concurrent Roots ClassLoaderDataGraph         0.080 / 0.216         0.080 / 0.216         0.080 / 0.216         0.080 / 0.216       ms
[10.070s][info][gc,stats    ]    Subphase: Concurrent Roots CodeCache                    0.000 / 0.000         0.000 / 0.000         0.000 / 0.000         0.000 / 0.000       ms
[10.070s][info][gc,stats    ]    Subphase: Concurrent Roots JavaThreads                  0.672 / 2.857         0.672 / 2.857         0.672 / 2.857         0.672 / 2.857       ms
[10.070s][info][gc,stats    ]    Subphase: Concurrent Roots OopStorageSet                0.034 / 0.061         0.034 / 0.061         0.034 / 0.061         0.034 / 0.061       ms
[10.070s][info][gc,stats    ]    Subphase: Concurrent Weak Roots OopStorageSet           0.438 / 0.854         0.438 / 0.854         0.438 / 0.854         0.438 / 0.854       ms
[10.070s][info][gc,stats    ]    Subphase: Pause Mark Try Complete                       0.006 / 0.014         0.006 / 0.014         0.006 / 0.014         0.006 / 0.014       ms
[10.070s][info][gc,stats    ]      System: Java Threads                                     13 / 13               13 / 13               13 / 13               13 / 13          threads
[10.070s][info][gc,stats    ] =========================================================================================================================================================
[10.179s][info][gc,start    ] GC(4) Garbage Collection (Warmup)
[10.179s][info][gc,task     ] GC(4) Using 2 workers
[10.179s][info][gc,phases   ] GC(4) Pause Mark Start 0.008ms
[10.304s][info][gc,phases   ] GC(4) Concurrent Mark 125.180ms
[10.305s][info][gc,phases   ] GC(4) Pause Mark End 0.051ms
[10.305s][info][gc,phases   ] GC(4) Concurrent Mark Free 0.001ms
[10.321s][info][gc,phases   ] GC(4) Concurrent Process Non-Strong References 16.014ms
[10.321s][info][gc,phases   ] GC(4) Concurrent Reset Relocation Set 0.006ms
[10.326s][info][gc,phases   ] GC(4) Concurrent Select Relocation Set 5.204ms
[10.326s][info][gc,phases   ] GC(4) Pause Relocate Start 0.011ms
[10.349s][info][gc,phases   ] GC(4) Concurrent Relocate 22.669ms
[10.349s][info][gc,load     ] GC(4) Load: 0.00/0.00/0.00
[10.349s][info][gc,mmu      ] GC(4) MMU: 2ms/93.6%, 5ms/97.2%, 10ms/98.6%, 20ms/99.3%, 50ms/99.7%, 100ms/99.9%
[10.349s][info][gc,marking  ] GC(4) Mark: 2 stripe(s), 2 proactive flush(es), 1 terminate flush(es), 1 completion(s), 0 continuation(s) 
[10.349s][info][gc,marking  ] GC(4) Mark Stack Usage: 32M
[10.349s][info][gc,nmethod  ] GC(4) NMethods: 11669 registered, 557 unregistered
[10.349s][info][gc,metaspace] GC(4) Metaspace: 54M used, 55M committed, 1088M reserved
[10.349s][info][gc,ref      ] GC(4) Soft: 884 encountered, 0 discovered, 0 enqueued
[10.349s][info][gc,ref      ] GC(4) Weak: 60339 encountered, 24236 discovered, 19213 enqueued
[10.349s][info][gc,ref      ] GC(4) Final: 0 encountered, 0 discovered, 0 enqueued
[10.349s][info][gc,ref      ] GC(4) Phantom: 890 encountered, 854 discovered, 812 enqueued
[10.349s][info][gc,reloc    ] GC(4) Small Pages: 139 / 278M, Empty: 0M, Relocated: 27M, In-Place: 0
[10.349s][info][gc,reloc    ] GC(4) Medium Pages: 1 / 32M, Empty: 0M, Relocated: 0M, In-Place: 0
[10.349s][info][gc,reloc    ] GC(4) Large Pages: 0 / 0M, Empty: 0M, Relocated: 0M, In-Place: 0
[10.349s][info][gc,reloc    ] GC(4) Forwarding Usage: 10M
[10.349s][info][gc,heap     ] GC(4) Min Capacity: 1024M(100%)
[10.349s][info][gc,heap     ] GC(4) Max Capacity: 1024M(100%)
[10.349s][info][gc,heap     ] GC(4) Soft Max Capacity: 1024M(100%)
[10.349s][info][gc,heap     ] GC(4)                Mark Start          Mark End        Relocate Start      Relocate End           High               Low         
[10.349s][info][gc,heap     ] GC(4)  Capacity:     1024M (100%)       1024M (100%)       1024M (100%)       1024M (100%)       1024M (100%)       1024M (100%)   
[10.349s][info][gc,heap     ] GC(4)      Free:      714M (70%)         706M (69%)         706M (69%)         900M (88%)         900M (88%)         698M (68%)    
[10.349s][info][gc,heap     ] GC(4)      Used:      310M (30%)         318M (31%)         318M (31%)         124M (12%)         326M (32%)         124M (12%)    
[10.349s][info][gc,heap     ] GC(4)      Live:         -                71M (7%)           71M (7%)           71M (7%)             -                  -          
[10.349s][info][gc,heap     ] GC(4) Allocated:         -                 8M (1%)            8M (1%)           15M (2%)             -                  -          
[10.349s][info][gc,heap     ] GC(4)   Garbage:         -               238M (23%)         238M (23%)          37M (4%)             -                  -          
[10.349s][info][gc,heap     ] GC(4) Reclaimed:         -                  -                 0M (0%)          201M (20%)            -                  -          
[10.349s][info][gc          ] GC(4) Garbage Collection (Warmup) 310M(30%)->124M(12%)
[12.217s][info][gc,start    ] GC(5) Garbage Collection (System.gc())
[12.217s][info][gc,task     ] GC(5) Using 2 workers
[12.217s][info][gc,phases   ] GC(5) Pause Mark Start 0.006ms
[12.254s][info][gc,phases   ] GC(5) Concurrent Mark 36.172ms
[12.254s][info][gc,phases   ] GC(5) Pause Mark End 0.022ms
[12.254s][info][gc,phases   ] GC(5) Concurrent Mark Free 0.002ms
[12.267s][info][gc,phases   ] GC(5) Concurrent Process Non-Strong References 13.479ms
[12.267s][info][gc,phases   ] GC(5) Concurrent Reset Relocation Set 0.011ms
[12.270s][info][gc,phases   ] GC(5) Concurrent Select Relocation Set 2.039ms
[12.270s][info][gc,phases   ] GC(5) Pause Relocate Start 0.008ms
[12.277s][info][gc,phases   ] GC(5) Concurrent Relocate 6.999ms
[12.277s][info][gc,load     ] GC(5) Load: 0.00/0.00/0.00
[12.277s][info][gc,mmu      ] GC(5) MMU: 2ms/93.6%, 5ms/97.2%, 10ms/98.6%, 20ms/99.3%, 50ms/99.7%, 100ms/99.9%
[12.277s][info][gc,marking  ] GC(5) Mark: 2 stripe(s), 2 proactive flush(es), 1 terminate flush(es), 0 completion(s), 0 continuation(s) 
[12.277s][info][gc,marking  ] GC(5) Mark Stack Usage: 32M
[12.277s][info][gc,nmethod  ] GC(5) NMethods: 12458 registered, 572 unregistered
[12.277s][info][gc,metaspace] GC(5) Metaspace: 55M used, 55M committed, 1088M reserved
[12.277s][info][gc,ref      ] GC(5) Soft: 893 encountered, 0 discovered, 0 enqueued
[12.277s][info][gc,ref      ] GC(5) Weak: 6177 encountered, 97 discovered, 45 enqueued
[12.277s][info][gc,ref      ] GC(5) Final: 0 encountered, 0 discovered, 0 enqueued
[12.277s][info][gc,ref      ] GC(5) Phantom: 122 encountered, 87 discovered, 43 enqueued
[12.277s][info][gc,reloc    ] GC(5) Small Pages: 70 / 140M, Empty: 10M, Relocated: 11M, In-Place: 0
[12.277s][info][gc,reloc    ] GC(5) Medium Pages: 1 / 32M, Empty: 0M, Relocated: 0M, In-Place: 0
[12.277s][info][gc,reloc    ] GC(5) Large Pages: 0 / 0M, Empty: 0M, Relocated: 0M, In-Place: 0
[12.277s][info][gc,reloc    ] GC(5) Forwarding Usage: 5M
[12.277s][info][gc,heap     ] GC(5) Min Capacity: 1024M(100%)
[12.277s][info][gc,heap     ] GC(5) Max Capacity: 1024M(100%)
[12.277s][info][gc,heap     ] GC(5) Soft Max Capacity: 1024M(100%)
[12.277s][info][gc,heap     ] GC(5)                Mark Start          Mark End        Relocate Start      Relocate End           High               Low         
[12.277s][info][gc,heap     ] GC(5)  Capacity:     1024M (100%)       1024M (100%)       1024M (100%)       1024M (100%)       1024M (100%)       1024M (100%)   
[12.277s][info][gc,heap     ] GC(5)      Free:      852M (83%)         852M (83%)         862M (84%)         960M (94%)         960M (94%)         852M (83%)    
[12.277s][info][gc,heap     ] GC(5)      Used:      172M (17%)         172M (17%)         162M (16%)          64M (6%)          172M (17%)          64M (6%)     
[12.277s][info][gc,heap     ] GC(5)      Live:         -                28M (3%)           28M (3%)           28M (3%)             -                  -          
[12.277s][info][gc,heap     ] GC(5) Allocated:         -                 0M (0%)            0M (0%)            0M (0%)             -                  -          
[12.277s][info][gc,heap     ] GC(5)   Garbage:         -               143M (14%)         133M (13%)          35M (3%)             -                  -          
[12.277s][info][gc,heap     ] GC(5) Reclaimed:         -                  -                10M (1%)          108M (11%)            -                  -          
[12.277s][info][gc          ] GC(5) Garbage Collection (System.gc()) 172M(17%)->64M(6%)
[17.572s][info][gc,start    ] GC(6) Garbage Collection (System.gc())
[17.572s][info][gc,task     ] GC(6) Using 2 workers
[17.572s][info][gc,phases   ] GC(6) Pause Mark Start 0.006ms
[17.603s][info][gc,phases   ] GC(6) Concurrent Mark 31.186ms
[17.604s][info][gc,phases   ] GC(6) Pause Mark End 0.020ms
[17.604s][info][gc,phases   ] GC(6) Concurrent Mark Free 0.002ms
[17.620s][info][gc,phases   ] GC(6) Concurrent Process Non-Strong References 16.205ms
[17.620s][info][gc,phases   ] GC(6) Concurrent Reset Relocation Set 0.005ms
[17.622s][info][gc,phases   ] GC(6) Concurrent Select Relocation Set 1.555ms
[17.622s][info][gc,phases   ] GC(6) Pause Relocate Start 0.010ms
[17.623s][info][gc,phases   ] GC(6) Concurrent Relocate 1.363ms
[17.623s][info][gc,load     ] GC(6) Load: 0.00/0.00/0.00
[17.623s][info][gc,mmu      ] GC(6) MMU: 2ms/93.6%, 5ms/97.2%, 10ms/98.6%, 20ms/99.3%, 50ms/99.7%, 100ms/99.9%
[17.623s][info][gc,marking  ] GC(6) Mark: 2 stripe(s), 1 proactive flush(es), 1 terminate flush(es), 0 completion(s), 0 continuation(s) 
[17.623s][info][gc,marking  ] GC(6) Mark Stack Usage: 32M
[17.623s][info][gc,nmethod  ] GC(6) NMethods: 14381 registered, 1496 unregistered
[17.623s][info][gc,metaspace] GC(6) Metaspace: 56M used, 57M committed, 1088M reserved
[17.623s][info][gc,ref      ] GC(6) Soft: 893 encountered, 0 discovered, 0 enqueued
[17.623s][info][gc,ref      ] GC(6) Weak: 6101 encountered, 44 discovered, 25 enqueued
[17.623s][info][gc,ref      ] GC(6) Final: 0 encountered, 0 discovered, 0 enqueued
[17.623s][info][gc,ref      ] GC(6) Phantom: 79 encountered, 48 discovered, 0 enqueued
[17.623s][info][gc,reloc    ] GC(6) Small Pages: 180 / 360M, Empty: 224M, Relocated: 1M, In-Place: 0
[17.624s][info][gc,reloc    ] GC(6) Medium Pages: 2 / 64M, Empty: 32M, Relocated: 0M, In-Place: 0
[17.624s][info][gc,reloc    ] GC(6) Large Pages: 0 / 0M, Empty: 0M, Relocated: 0M, In-Place: 0
[17.624s][info][gc,reloc    ] GC(6) Forwarding Usage: 0M
[17.624s][info][gc,heap     ] GC(6) Min Capacity: 1024M(100%)
[17.624s][info][gc,heap     ] GC(6) Max Capacity: 1024M(100%)
[17.624s][info][gc,heap     ] GC(6) Soft Max Capacity: 1024M(100%)
[17.624s][info][gc,heap     ] GC(6)                Mark Start          Mark End        Relocate Start      Relocate End           High               Low         
[17.624s][info][gc,heap     ] GC(6)  Capacity:     1024M (100%)       1024M (100%)       1024M (100%)       1024M (100%)       1024M (100%)       1024M (100%)   
[17.624s][info][gc,heap     ] GC(6)      Free:      600M (59%)         600M (59%)         856M (84%)         960M (94%)         960M (94%)         600M (59%)    
[17.624s][info][gc,heap     ] GC(6)      Used:      424M (41%)         424M (41%)         168M (16%)          64M (6%)          424M (41%)          64M (6%)     
[17.624s][info][gc,heap     ] GC(6)      Live:         -                28M (3%)           28M (3%)           28M (3%)             -                  -          
[17.624s][info][gc,heap     ] GC(6) Allocated:         -                 0M (0%)            0M (0%)            0M (0%)             -                  -          
[17.624s][info][gc,heap     ] GC(6)   Garbage:         -               395M (39%)         139M (14%)          35M (3%)             -                  -          
[17.624s][info][gc,heap     ] GC(6) Reclaimed:         -                  -               256M (25%)         360M (35%)            -                  -          
[17.624s][info][gc          ] GC(6) Garbage Collection (System.gc()) 424M(41%)->64M(6%)
[20.067s][info][gc,stats    ] === Garbage Collection Statistics =======================================================================================================================
[20.067s][info][gc,stats    ]                                                              Last 10s              Last 10m              Last 10h                Total
[20.067s][info][gc,stats    ]                                                              Avg / Max             Avg / Max             Avg / Max             Avg / Max
[20.067s][info][gc,stats    ]   Collector: Garbage Collection Cycle                     93.746 / 170.238      71.753 / 170.238      71.753 / 170.238      71.753 / 170.238     ms
[20.067s][info][gc,stats    ]  Contention: Mark Segment Reset Contention                     0 / 1                 0 / 1                 0 / 1                 0 / 1           ops/s
[20.067s][info][gc,stats    ]  Contention: Mark SeqNum Reset Contention                      0 / 0                 0 / 0                 0 / 0                 0 / 0           ops/s
[20.067s][info][gc,stats    ]    Critical: Allocation Stall                                  0 / 0                 0 / 0                 0 / 0                 0 / 0           ops/s
[20.067s][info][gc,stats    ]    Critical: Allocation Stall                              0.000 / 0.000         0.000 / 0.000         0.000 / 0.000         0.000 / 0.000       ms
[20.067s][info][gc,stats    ]    Critical: GC Locker Stall                                   0 / 0                 0 / 0                 0 / 0                 0 / 0           ops/s
[20.067s][info][gc,stats    ]    Critical: GC Locker Stall                               0.000 / 0.000         0.000 / 0.000         0.000 / 0.000         0.000 / 0.000       ms
[20.067s][info][gc,stats    ]    Critical: Relocation Stall                                  0 / 0                 0 / 0                 0 / 0                 0 / 0           ops/s
[20.067s][info][gc,stats    ]    Critical: Relocation Stall                              0.000 / 0.000         0.000 / 0.000         0.000 / 0.000         0.000 / 0.000       ms
[20.067s][info][gc,stats    ]      Memory: Allocation Rate                                  71 / 122              66 / 154              66 / 154              66 / 154         MB/s
[20.067s][info][gc,stats    ]      Memory: Out Of Memory                                     0 / 0                 0 / 0                 0 / 0                 0 / 0           ops/s
[20.067s][info][gc,stats    ]      Memory: Page Cache Flush                                  0 / 0                 0 / 0                 0 / 0                 0 / 0           MB/s
[20.067s][info][gc,stats    ]      Memory: Page Cache Hit L1                                30 / 61               22 / 61               22 / 61               22 / 61          ops/s
[20.067s][info][gc,stats    ]      Memory: Page Cache Hit L2                                 0 / 0                 0 / 0                 0 / 0                 0 / 0           ops/s
[20.067s][info][gc,stats    ]      Memory: Page Cache Hit L3                                 4 / 28                9 / 28                9 / 28                9 / 28          ops/s
[20.067s][info][gc,stats    ]      Memory: Page Cache Miss                                   0 / 0                 0 / 1                 0 / 1                 0 / 1           ops/s
[20.067s][info][gc,stats    ]      Memory: Uncommit                                          0 / 0                 0 / 0                 0 / 0                 0 / 0           MB/s
[20.067s][info][gc,stats    ]      Memory: Undo Object Allocation Failed                     0 / 0                 0 / 0                 0 / 0                 0 / 0           ops/s
[20.067s][info][gc,stats    ]      Memory: Undo Object Allocation Succeeded                  0 / 1                 0 / 1                 0 / 1                 0 / 1           ops/s
[20.067s][info][gc,stats    ]      Memory: Undo Page Allocation                              0 / 0                 0 / 0                 0 / 0                 0 / 0           ops/s
[20.067s][info][gc,stats    ]       Phase: Concurrent Mark                              64.180 / 125.180      49.600 / 125.180      49.600 / 125.180      49.600 / 125.180     ms
[20.067s][info][gc,stats    ]       Phase: Concurrent Mark Continue                      0.000 / 0.000         0.000 / 0.000         0.000 / 0.000         0.000 / 0.000       ms
[20.067s][info][gc,stats    ]       Phase: Concurrent Mark Free                          0.002 / 0.002         0.001 / 0.002         0.001 / 0.002         0.001 / 0.002       ms
[20.067s][info][gc,stats    ]       Phase: Concurrent Process Non-Strong References     15.233 / 16.205        8.926 / 16.205        8.926 / 16.205        8.926 / 16.205      ms
[20.067s][info][gc,stats    ]       Phase: Concurrent Relocate                          10.344 / 22.669        8.796 / 22.669        8.796 / 22.669        8.796 / 22.669      ms
[20.067s][info][gc,stats    ]       Phase: Concurrent Reset Relocation Set               0.007 / 0.011         0.005 / 0.011         0.005 / 0.011         0.005 / 0.011       ms
[20.067s][info][gc,stats    ]       Phase: Concurrent Select Relocation Set              2.933 / 5.204         3.259 / 5.967         3.259 / 5.967         3.259 / 5.967       ms
[20.067s][info][gc,stats    ]       Phase: Pause Mark End                                0.031 / 0.051         0.053 / 0.129         0.053 / 0.129         0.053 / 0.129       ms
[20.067s][info][gc,stats    ]       Phase: Pause Mark Start                              0.007 / 0.008         0.007 / 0.008         0.007 / 0.008         0.007 / 0.008       ms
[20.067s][info][gc,stats    ]       Phase: Pause Relocate Start                          0.010 / 0.011         0.012 / 0.020         0.012 / 0.020         0.012 / 0.020       ms
[20.067s][info][gc,stats    ]    Subphase: Concurrent Classes Purge                      0.495 / 0.578         0.300 / 0.578         0.300 / 0.578         0.300 / 0.578       ms
[20.067s][info][gc,stats    ]    Subphase: Concurrent Classes Unlink                    12.955 / 14.074        7.313 / 14.074        7.313 / 14.074        7.313 / 14.074      ms
[20.067s][info][gc,stats    ]    Subphase: Concurrent Mark                              59.025 / 123.683      43.853 / 123.683      43.853 / 123.683      43.853 / 123.683     ms
[20.067s][info][gc,stats    ]    Subphase: Concurrent Mark Try Flush                     0.079 / 0.228         0.081 / 0.228         0.081 / 0.228         0.081 / 0.228       ms
[20.067s][info][gc,stats    ]    Subphase: Concurrent Mark Try Terminate                 3.496 / 13.655        3.448 / 13.655        3.448 / 13.655        3.448 / 13.655      ms
[20.067s][info][gc,stats    ]    Subphase: Concurrent References Enqueue                 0.006 / 0.007         0.005 / 0.007         0.005 / 0.007         0.005 / 0.007       ms
[20.067s][info][gc,stats    ]    Subphase: Concurrent References Process                 0.813 / 2.199         0.561 / 2.199         0.561 / 2.199         0.561 / 2.199       ms
[20.067s][info][gc,stats    ]    Subphase: Concurrent Roots ClassLoaderDataGraph         0.064 / 0.159         0.073 / 0.216         0.073 / 0.216         0.073 / 0.216       ms
[20.067s][info][gc,stats    ]    Subphase: Concurrent Roots CodeCache                    0.000 / 0.000         0.000 / 0.000         0.000 / 0.000         0.000 / 0.000       ms
[20.067s][info][gc,stats    ]    Subphase: Concurrent Roots JavaThreads                  0.332 / 1.266         0.526 / 2.857         0.526 / 2.857         0.526 / 2.857       ms
[20.067s][info][gc,stats    ]    Subphase: Concurrent Roots OopStorageSet                0.016 / 0.032         0.025 / 0.061         0.025 / 0.061         0.025 / 0.061       ms
[20.067s][info][gc,stats    ]    Subphase: Concurrent Weak Roots OopStorageSet           0.775 / 1.280         0.583 / 1.280         0.583 / 1.280         0.583 / 1.280       ms
[20.067s][info][gc,stats    ]    Subphase: Pause Mark Try Complete                       0.003 / 0.005         0.005 / 0.014         0.005 / 0.014         0.005 / 0.014       ms
[20.067s][info][gc,stats    ]      System: Java Threads                                     12 / 13               12 / 13               12 / 13               12 / 13          threads
[20.067s][info][gc,stats    ] =========================================================================================================================================================
[21.589s][info][gc,start    ] GC(7) Garbage Collection (System.gc())
[21.589s][info][gc,task     ] GC(7) Using 2 workers
[21.589s][info][gc,phases   ] GC(7) Pause Mark Start 0.005ms
[21.620s][info][gc,phases   ] GC(7) Concurrent Mark 31.706ms
[21.621s][info][gc,phases   ] GC(7) Pause Mark End 0.022ms
[21.621s][info][gc,phases   ] GC(7) Concurrent Mark Free 0.003ms
[21.638s][info][gc,phases   ] GC(7) Concurrent Process Non-Strong References 17.029ms
[21.638s][info][gc,phases   ] GC(7) Concurrent Reset Relocation Set 0.003ms
[21.639s][info][gc,phases   ] GC(7) Concurrent Select Relocation Set 1.270ms
[21.639s][info][gc,phases   ] GC(7) Pause Relocate Start 0.009ms
[21.640s][info][gc,phases   ] GC(7) Concurrent Relocate 0.734ms
[21.640s][info][gc,load     ] GC(7) Load: 0.00/0.00/0.00
[21.640s][info][gc,mmu      ] GC(7) MMU: 2ms/93.6%, 5ms/97.2%, 10ms/98.6%, 20ms/99.3%, 50ms/99.7%, 100ms/99.9%
[21.640s][info][gc,marking  ] GC(7) Mark: 2 stripe(s), 1 proactive flush(es), 1 terminate flush(es), 0 completion(s), 0 continuation(s) 
[21.640s][info][gc,marking  ] GC(7) Mark Stack Usage: 32M
[21.640s][info][gc,nmethod  ] GC(7) NMethods: 15295 registered, 2164 unregistered
[21.640s][info][gc,metaspace] GC(7) Metaspace: 57M used, 57M committed, 1088M reserved
[21.640s][info][gc,ref      ] GC(7) Soft: 893 encountered, 0 discovered, 0 enqueued
[21.640s][info][gc,ref      ] GC(7) Weak: 6176 encountered, 94 discovered, 70 enqueued
[21.640s][info][gc,ref      ] GC(7) Final: 0 encountered, 0 discovered, 0 enqueued
[21.640s][info][gc,ref      ] GC(7) Phantom: 79 encountered, 47 discovered, 0 enqueued
[21.640s][info][gc,reloc    ] GC(7) Small Pages: 176 / 352M, Empty: 230M, Relocated: 1M, In-Place: 0
[21.640s][info][gc,reloc    ] GC(7) Medium Pages: 2 / 64M, Empty: 32M, Relocated: 0M, In-Place: 0
[21.640s][info][gc,reloc    ] GC(7) Large Pages: 0 / 0M, Empty: 0M, Relocated: 0M, In-Place: 0
[21.640s][info][gc,reloc    ] GC(7) Forwarding Usage: 0M
[21.640s][info][gc,heap     ] GC(7) Min Capacity: 1024M(100%)
[21.640s][info][gc,heap     ] GC(7) Max Capacity: 1024M(100%)
[21.640s][info][gc,heap     ] GC(7) Soft Max Capacity: 1024M(100%)
[21.640s][info][gc,heap     ] GC(7)                Mark Start          Mark End        Relocate Start      Relocate End           High               Low         
[21.640s][info][gc,heap     ] GC(7)  Capacity:     1024M (100%)       1024M (100%)       1024M (100%)       1024M (100%)       1024M (100%)       1024M (100%)   
[21.640s][info][gc,heap     ] GC(7)      Free:      608M (59%)         608M (59%)         870M (85%)         960M (94%)         960M (94%)         608M (59%)    
[21.640s][info][gc,heap     ] GC(7)      Used:      416M (41%)         416M (41%)         154M (15%)          64M (6%)          416M (41%)          64M (6%)     
[21.640s][info][gc,heap     ] GC(7)      Live:         -                28M (3%)           28M (3%)           28M (3%)             -                  -          
[21.640s][info][gc,heap     ] GC(7) Allocated:         -                 0M (0%)            0M (0%)            0M (0%)             -                  -          
[21.640s][info][gc,heap     ] GC(7)   Garbage:         -               387M (38%)         125M (12%)          35M (3%)             -                  -          
[21.640s][info][gc,heap     ] GC(7) Reclaimed:         -                  -               262M (26%)         352M (34%)            -                  -          
[21.640s][info][gc          ] GC(7) Garbage Collection (System.gc()) 416M(41%)->64M(6%)
[25.345s][info][gc,start    ] GC(8) Garbage Collection (System.gc())
[25.345s][info][gc,task     ] GC(8) Using 2 workers
[25.345s][info][gc,phases   ] GC(8) Pause Mark Start 0.008ms
[25.373s][info][gc,phases   ] GC(8) Concurrent Mark 27.812ms
[25.373s][info][gc,phases   ] GC(8) Pause Mark End 0.023ms
[25.373s][info][gc,phases   ] GC(8) Concurrent Mark Free 0.002ms
[25.390s][info][gc,phases   ] GC(8) Concurrent Process Non-Strong References 16.485ms
[25.390s][info][gc,phases   ] GC(8) Concurrent Reset Relocation Set 0.002ms
[25.391s][info][gc,phases   ] GC(8) Concurrent Select Relocation Set 1.796ms
[25.392s][info][gc,phases   ] GC(8) Pause Relocate Start 0.010ms
[25.393s][info][gc,phases   ] GC(8) Concurrent Relocate 0.975ms
[25.393s][info][gc,load     ] GC(8) Load: 0.00/0.00/0.00
[25.393s][info][gc,mmu      ] GC(8) MMU: 2ms/93.6%, 5ms/97.2%, 10ms/98.6%, 20ms/99.3%, 50ms/99.7%, 100ms/99.9%
[25.393s][info][gc,marking  ] GC(8) Mark: 2 stripe(s), 1 proactive flush(es), 1 terminate flush(es), 0 completion(s), 0 continuation(s) 
[25.393s][info][gc,marking  ] GC(8) Mark Stack Usage: 32M
[25.393s][info][gc,nmethod  ] GC(8) NMethods: 15409 registered, 3402 unregistered
[25.393s][info][gc,metaspace] GC(8) Metaspace: 57M used, 58M committed, 1088M reserved
[25.393s][info][gc,ref      ] GC(8) Soft: 893 encountered, 0 discovered, 0 enqueued
[25.393s][info][gc,ref      ] GC(8) Weak: 6101 encountered, 69 discovered, 25 enqueued
[25.393s][info][gc,ref      ] GC(8) Final: 0 encountered, 0 discovered, 0 enqueued
[25.393s][info][gc,ref      ] GC(8) Phantom: 79 encountered, 54 discovered, 0 enqueued
[25.393s][info][gc,reloc    ] GC(8) Small Pages: 174 / 348M, Empty: 204M, Relocated: 1M, In-Place: 0
[25.393s][info][gc,reloc    ] GC(8) Medium Pages: 2 / 64M, Empty: 32M, Relocated: 0M, In-Place: 0
[25.393s][info][gc,reloc    ] GC(8) Large Pages: 0 / 0M, Empty: 0M, Relocated: 0M, In-Place: 0
[25.393s][info][gc,reloc    ] GC(8) Forwarding Usage: 0M
[25.393s][info][gc,heap     ] GC(8) Min Capacity: 1024M(100%)
[25.393s][info][gc,heap     ] GC(8) Max Capacity: 1024M(100%)
[25.393s][info][gc,heap     ] GC(8) Soft Max Capacity: 1024M(100%)
[25.393s][info][gc,heap     ] GC(8)                Mark Start          Mark End        Relocate Start      Relocate End           High               Low         
[25.393s][info][gc,heap     ] GC(8)  Capacity:     1024M (100%)       1024M (100%)       1024M (100%)       1024M (100%)       1024M (100%)       1024M (100%)   
[25.393s][info][gc,heap     ] GC(8)      Free:      612M (60%)         612M (60%)         848M (83%)         960M (94%)         960M (94%)         612M (60%)    
[25.393s][info][gc,heap     ] GC(8)      Used:      412M (40%)         412M (40%)         176M (17%)          64M (6%)          412M (40%)          64M (6%)     
[25.393s][info][gc,heap     ] GC(8)      Live:         -                28M (3%)           28M (3%)           28M (3%)             -                  -          
[25.393s][info][gc,heap     ] GC(8) Allocated:         -                 0M (0%)            0M (0%)            0M (0%)             -                  -          
[25.393s][info][gc,heap     ] GC(8)   Garbage:         -               383M (37%)         147M (14%)          35M (3%)             -                  -          
[25.393s][info][gc,heap     ] GC(8) Reclaimed:         -                  -               236M (23%)         348M (34%)            -                  -          
[25.393s][info][gc          ] GC(8) Garbage Collection (System.gc()) 412M(40%)->64M(6%)
[28.532s][info][gc,start    ] GC(9) Garbage Collection (System.gc())
[28.532s][info][gc,task     ] GC(9) Using 2 workers
[28.532s][info][gc,phases   ] GC(9) Pause Mark Start 0.007ms
[28.559s][info][gc,phases   ] GC(9) Concurrent Mark 26.891ms
[28.559s][info][gc,phases   ] GC(9) Pause Mark End 0.011ms
[28.559s][info][gc,phases   ] GC(9) Concurrent Mark Free 0.001ms
[28.576s][info][gc,phases   ] GC(9) Concurrent Process Non-Strong References 16.791ms
[28.576s][info][gc,phases   ] GC(9) Concurrent Reset Relocation Set 0.003ms
[28.578s][info][gc,phases   ] GC(9) Concurrent Select Relocation Set 1.827ms
[28.578s][info][gc,phases   ] GC(9) Pause Relocate Start 0.008ms
[28.579s][info][gc,phases   ] GC(9) Concurrent Relocate 1.013ms
[28.579s][info][gc,load     ] GC(9) Load: 0.00/0.00/0.00
[28.579s][info][gc,mmu      ] GC(9) MMU: 2ms/93.6%, 5ms/97.2%, 10ms/98.6%, 20ms/99.3%, 50ms/99.7%, 100ms/99.9%
[28.579s][info][gc,marking  ] GC(9) Mark: 2 stripe(s), 1 proactive flush(es), 1 terminate flush(es), 0 completion(s), 0 continuation(s) 
[28.579s][info][gc,marking  ] GC(9) Mark Stack Usage: 32M
[28.579s][info][gc,nmethod  ] GC(9) NMethods: 15807 registered, 4049 unregistered
[28.579s][info][gc,metaspace] GC(9) Metaspace: 57M used, 58M committed, 1088M reserved
[28.579s][info][gc,ref      ] GC(9) Soft: 893 encountered, 0 discovered, 0 enqueued
[28.579s][info][gc,ref      ] GC(9) Weak: 6176 encountered, 108 discovered, 70 enqueued
[28.579s][info][gc,ref      ] GC(9) Final: 0 encountered, 0 discovered, 0 enqueued
[28.579s][info][gc,ref      ] GC(9) Phantom: 79 encountered, 48 discovered, 0 enqueued
[28.579s][info][gc,reloc    ] GC(9) Small Pages: 173 / 346M, Empty: 228M, Relocated: 1M, In-Place: 0
[28.579s][info][gc,reloc    ] GC(9) Medium Pages: 2 / 64M, Empty: 32M, Relocated: 0M, In-Place: 0
[28.579s][info][gc,reloc    ] GC(9) Large Pages: 0 / 0M, Empty: 0M, Relocated: 0M, In-Place: 0
[28.579s][info][gc,reloc    ] GC(9) Forwarding Usage: 0M
[28.579s][info][gc,heap     ] GC(9) Min Capacity: 1024M(100%)
[28.579s][info][gc,heap     ] GC(9) Max Capacity: 1024M(100%)
[28.579s][info][gc,heap     ] GC(9) Soft Max Capacity: 1024M(100%)
[28.579s][info][gc,heap     ] GC(9)                Mark Start          Mark End        Relocate Start      Relocate End           High               Low         
[28.579s][info][gc,heap     ] GC(9)  Capacity:     1024M (100%)       1024M (100%)       1024M (100%)       1024M (100%)       1024M (100%)       1024M (100%)   
[28.579s][info][gc,heap     ] GC(9)      Free:      614M (60%)         614M (60%)         874M (85%)         960M (94%)         960M (94%)         614M (60%)    
[28.579s][info][gc,heap     ] GC(9)      Used:      410M (40%)         410M (40%)         150M (15%)          64M (6%)          410M (40%)          64M (6%)     
[28.579s][info][gc,heap     ] GC(9)      Live:         -                28M (3%)           28M (3%)           28M (3%)             -                  -          
[28.579s][info][gc,heap     ] GC(9) Allocated:         -                 0M (0%)            0M (0%)            0M (0%)             -                  -          
[28.579s][info][gc,heap     ] GC(9)   Garbage:         -               381M (37%)         121M (12%)          35M (3%)             -                  -          
[28.579s][info][gc,heap     ] GC(9) Reclaimed:         -                  -               260M (25%)         346M (34%)            -                  -          
[28.579s][info][gc          ] GC(9) Garbage Collection (System.gc()) 410M(40%)->64M(6%)
[30.081s][info][gc,stats    ] === Garbage Collection Statistics =======================================================================================================================
[30.081s][info][gc,stats    ]                                                              Last 10s              Last 10m              Last 10h                Total
[30.081s][info][gc,stats    ]                                                              Avg / Max             Avg / Max             Avg / Max             Avg / Max
[30.081s][info][gc,stats    ]   Collector: Garbage Collection Cycle                     48.920 / 51.652       64.903 / 170.238      64.903 / 170.238      64.903 / 170.238     ms
[30.081s][info][gc,stats    ]  Contention: Mark Segment Reset Contention                     0 / 1                 0 / 1                 0 / 1                 0 / 1           ops/s
[30.081s][info][gc,stats    ]  Contention: Mark SeqNum Reset Contention                      0 / 1                 0 / 1                 0 / 1                 0 / 1           ops/s
[30.081s][info][gc,stats    ]    Critical: Allocation Stall                                  0 / 0                 0 / 0                 0 / 0                 0 / 0           ops/s
[30.081s][info][gc,stats    ]    Critical: Allocation Stall                              0.000 / 0.000         0.000 / 0.000         0.000 / 0.000         0.000 / 0.000       ms
[30.081s][info][gc,stats    ]    Critical: GC Locker Stall                                   0 / 0                 0 / 0                 0 / 0                 0 / 0           ops/s
[30.081s][info][gc,stats    ]    Critical: GC Locker Stall                               0.000 / 0.000         0.000 / 0.000         0.000 / 0.000         0.000 / 0.000       ms
[30.081s][info][gc,stats    ]    Critical: Relocation Stall                                  0 / 0                 0 / 0                 0 / 0                 0 / 0           ops/s
[30.081s][info][gc,stats    ]    Critical: Relocation Stall                              0.000 / 0.000         0.000 / 0.000         0.000 / 0.000         0.000 / 0.000       ms
[30.081s][info][gc,stats    ]      Memory: Allocation Rate                                 101 / 146              78 / 154              78 / 154              78 / 154         MB/s
[30.081s][info][gc,stats    ]      Memory: Out Of Memory                                     0 / 0                 0 / 0                 0 / 0                 0 / 0           ops/s
[30.081s][info][gc,stats    ]      Memory: Page Cache Flush                                  0 / 0                 0 / 0                 0 / 0                 0 / 0           MB/s
[30.081s][info][gc,stats    ]      Memory: Page Cache Hit L1                                46 / 73               30 / 73               30 / 73               30 / 73          ops/s
[30.081s][info][gc,stats    ]      Memory: Page Cache Hit L2                                 0 / 0                 0 / 0                 0 / 0                 0 / 0           ops/s
[30.082s][info][gc,stats    ]      Memory: Page Cache Hit L3                                 0 / 0                 6 / 28                6 / 28                6 / 28          ops/s
[30.082s][info][gc,stats    ]      Memory: Page Cache Miss                                   0 / 0                 0 / 1                 0 / 1                 0 / 1           ops/s
[30.082s][info][gc,stats    ]      Memory: Uncommit                                          0 / 0                 0 / 0                 0 / 0                 0 / 0           MB/s
[30.082s][info][gc,stats    ]      Memory: Undo Object Allocation Failed                     0 / 0                 0 / 0                 0 / 0                 0 / 0           ops/s
[30.082s][info][gc,stats    ]      Memory: Undo Object Allocation Succeeded                  0 / 0                 0 / 1                 0 / 1                 0 / 1           ops/s
[30.082s][info][gc,stats    ]      Memory: Undo Page Allocation                              0 / 0                 0 / 0                 0 / 0                 0 / 0           ops/s
[30.082s][info][gc,stats    ]       Phase: Concurrent Mark                              28.803 / 31.706       43.361 / 125.180      43.361 / 125.180      43.361 / 125.180     ms
[30.082s][info][gc,stats    ]       Phase: Concurrent Mark Continue                      0.000 / 0.000         0.000 / 0.000         0.000 / 0.000         0.000 / 0.000       ms
[30.082s][info][gc,stats    ]       Phase: Concurrent Mark Free                          0.002 / 0.003         0.001 / 0.003         0.001 / 0.003         0.001 / 0.003       ms
[30.082s][info][gc,stats    ]       Phase: Concurrent Process Non-Strong References     16.768 / 17.029       11.279 / 17.029       11.279 / 17.029       11.279 / 17.029      ms
[30.082s][info][gc,stats    ]       Phase: Concurrent Relocate                           0.907 / 1.013         6.429 / 22.669        6.429 / 22.669        6.429 / 22.669      ms
[30.082s][info][gc,stats    ]       Phase: Concurrent Reset Relocation Set               0.003 / 0.003         0.005 / 0.011         0.005 / 0.011         0.005 / 0.011       ms
[30.082s][info][gc,stats    ]       Phase: Concurrent Select Relocation Set              1.631 / 1.827         2.770 / 5.967         2.770 / 5.967         2.770 / 5.967       ms
[30.082s][info][gc,stats    ]       Phase: Pause Mark End                                0.019 / 0.023         0.042 / 0.129         0.042 / 0.129         0.042 / 0.129       ms
[30.082s][info][gc,stats    ]       Phase: Pause Mark Start                              0.007 / 0.008         0.007 / 0.008         0.007 / 0.008         0.007 / 0.008       ms
[30.082s][info][gc,stats    ]       Phase: Pause Relocate Start                          0.009 / 0.010         0.011 / 0.020         0.011 / 0.020         0.011 / 0.020       ms
[30.082s][info][gc,stats    ]    Subphase: Concurrent Classes Purge                      0.452 / 0.491         0.346 / 0.578         0.346 / 0.578         0.346 / 0.578       ms
[30.082s][info][gc,stats    ]    Subphase: Concurrent Classes Unlink                    15.391 / 15.780        9.736 / 15.780        9.736 / 15.780        9.736 / 15.780      ms
[30.082s][info][gc,stats    ]    Subphase: Concurrent Mark                              24.530 / 31.280       38.056 / 123.683      38.056 / 123.683      38.056 / 123.683     ms
[30.082s][info][gc,stats    ]    Subphase: Concurrent Mark Try Flush                     0.254 / 0.554         0.123 / 0.554         0.123 / 0.554         0.123 / 0.554       ms
[30.082s][info][gc,stats    ]    Subphase: Concurrent Mark Try Terminate                 3.163 / 12.204        3.362 / 13.655        3.362 / 13.655        3.362 / 13.655      ms
[30.082s][info][gc,stats    ]    Subphase: Concurrent References Enqueue                 0.003 / 0.004         0.005 / 0.007         0.005 / 0.007         0.005 / 0.007       ms
[30.082s][info][gc,stats    ]    Subphase: Concurrent References Process                 0.133 / 0.152         0.433 / 2.199         0.433 / 2.199         0.433 / 2.199       ms
[30.082s][info][gc,stats    ]    Subphase: Concurrent Roots ClassLoaderDataGraph         0.058 / 0.103         0.069 / 0.216         0.069 / 0.216         0.069 / 0.216       ms
[30.082s][info][gc,stats    ]    Subphase: Concurrent Roots CodeCache                    0.000 / 0.000         0.000 / 0.000         0.000 / 0.000         0.000 / 0.000       ms
[30.082s][info][gc,stats    ]    Subphase: Concurrent Roots JavaThreads                  0.168 / 0.245         0.419 / 2.857         0.419 / 2.857         0.419 / 2.857       ms
[30.082s][info][gc,stats    ]    Subphase: Concurrent Roots OopStorageSet                0.014 / 0.020         0.021 / 0.061         0.021 / 0.061         0.021 / 0.061       ms
[30.082s][info][gc,stats    ]    Subphase: Concurrent Weak Roots OopStorageSet           0.603 / 0.721         0.589 / 1.280         0.589 / 1.280         0.589 / 1.280       ms
[30.082s][info][gc,stats    ]    Subphase: Pause Mark Try Complete                       0.000 / 0.000         0.005 / 0.014         0.005 / 0.014         0.005 / 0.014       ms
[30.082s][info][gc,stats    ]      System: Java Threads                                     12 / 12               12 / 13               12 / 13               12 / 13          threads
[30.082s][info][gc,stats    ] =========================================================================================================================================================
[31.643s][info][gc,start    ] GC(10) Garbage Collection (System.gc())
[31.643s][info][gc,task     ] GC(10) Using 2 workers
[31.643s][info][gc,phases   ] GC(10) Pause Mark Start 0.006ms
[31.667s][info][gc,phases   ] GC(10) Concurrent Mark 23.387ms
[31.667s][info][gc,phases   ] GC(10) Pause Mark End 0.020ms
[31.667s][info][gc,phases   ] GC(10) Concurrent Mark Free 0.002ms
[31.685s][info][gc,phases   ] GC(10) Concurrent Process Non-Strong References 17.590ms
[31.685s][info][gc,phases   ] GC(10) Concurrent Reset Relocation Set 0.003ms
[31.687s][info][gc,phases   ] GC(10) Concurrent Select Relocation Set 2.101ms
[31.687s][info][gc,phases   ] GC(10) Pause Relocate Start 0.010ms
[31.689s][info][gc,phases   ] GC(10) Concurrent Relocate 1.638ms
[31.689s][info][gc,load     ] GC(10) Load: 0.00/0.00/0.00
[31.689s][info][gc,mmu      ] GC(10) MMU: 2ms/93.6%, 5ms/97.2%, 10ms/98.6%, 20ms/99.3%, 50ms/99.7%, 100ms/99.9%
[31.689s][info][gc,marking  ] GC(10) Mark: 2 stripe(s), 1 proactive flush(es), 1 terminate flush(es), 0 completion(s), 0 continuation(s) 
[31.689s][info][gc,marking  ] GC(10) Mark Stack Usage: 32M
[31.689s][info][gc,nmethod  ] GC(10) NMethods: 16110 registered, 4635 unregistered
[31.689s][info][gc,metaspace] GC(10) Metaspace: 58M used, 58M committed, 1088M reserved
[31.689s][info][gc,ref      ] GC(10) Soft: 893 encountered, 0 discovered, 0 enqueued
[31.689s][info][gc,ref      ] GC(10) Weak: 6101 encountered, 52 discovered, 25 enqueued
[31.689s][info][gc,ref      ] GC(10) Final: 0 encountered, 0 discovered, 0 enqueued
[31.689s][info][gc,ref      ] GC(10) Phantom: 79 encountered, 42 discovered, 0 enqueued
[31.689s][info][gc,reloc    ] GC(10) Small Pages: 171 / 342M, Empty: 208M, Relocated: 1M, In-Place: 0
[31.689s][info][gc,reloc    ] GC(10) Medium Pages: 2 / 64M, Empty: 32M, Relocated: 0M, In-Place: 0
[31.689s][info][gc,reloc    ] GC(10) Large Pages: 0 / 0M, Empty: 0M, Relocated: 0M, In-Place: 0
[31.689s][info][gc,reloc    ] GC(10) Forwarding Usage: 0M
[31.689s][info][gc,heap     ] GC(10) Min Capacity: 1024M(100%)
[31.689s][info][gc,heap     ] GC(10) Max Capacity: 1024M(100%)
[31.689s][info][gc,heap     ] GC(10) Soft Max Capacity: 1024M(100%)
[31.689s][info][gc,heap     ] GC(10)                Mark Start          Mark End        Relocate Start      Relocate End           High               Low         
[31.689s][info][gc,heap     ] GC(10)  Capacity:     1024M (100%)       1024M (100%)       1024M (100%)       1024M (100%)       1024M (100%)       1024M (100%)   
[31.689s][info][gc,heap     ] GC(10)      Free:      618M (60%)         618M (60%)         858M (84%)         960M (94%)         960M (94%)         618M (60%)    
[31.689s][info][gc,heap     ] GC(10)      Used:      406M (40%)         406M (40%)         166M (16%)          64M (6%)          406M (40%)          64M (6%)     
[31.689s][info][gc,heap     ] GC(10)      Live:         -                28M (3%)           28M (3%)           28M (3%)             -                  -          
[31.689s][info][gc,heap     ] GC(10) Allocated:         -                 0M (0%)            0M (0%)            0M (0%)             -                  -          
[31.689s][info][gc,heap     ] GC(10)   Garbage:         -               377M (37%)         137M (13%)          35M (3%)             -                  -          
[31.689s][info][gc,heap     ] GC(10) Reclaimed:         -                  -               240M (23%)         342M (33%)            -                  -          
[31.689s][info][gc          ] GC(10) Garbage Collection (System.gc()) 406M(40%)->64M(6%)
[34.541s][info][gc,start    ] GC(11) Garbage Collection (System.gc())
[34.541s][info][gc,task     ] GC(11) Using 2 workers
[34.542s][info][gc,phases   ] GC(11) Pause Mark Start 0.004ms
[34.571s][info][gc,phases   ] GC(11) Concurrent Mark 29.059ms
[34.571s][info][gc,phases   ] GC(11) Pause Mark End 0.024ms
[34.571s][info][gc,phases   ] GC(11) Concurrent Mark Free 0.001ms
[34.590s][info][gc,phases   ] GC(11) Concurrent Process Non-Strong References 19.126ms
[34.590s][info][gc,phases   ] GC(11) Concurrent Reset Relocation Set 0.002ms
[34.591s][info][gc,phases   ] GC(11) Concurrent Select Relocation Set 1.207ms
[34.591s][info][gc,phases   ] GC(11) Pause Relocate Start 0.010ms
[34.592s][info][gc,phases   ] GC(11) Concurrent Relocate 0.756ms
[34.592s][info][gc,load     ] GC(11) Load: 0.00/0.00/0.00
[34.592s][info][gc,mmu      ] GC(11) MMU: 2ms/93.6%, 5ms/97.2%, 10ms/98.6%, 20ms/99.3%, 50ms/99.7%, 100ms/99.9%
[34.592s][info][gc,marking  ] GC(11) Mark: 2 stripe(s), 1 proactive flush(es), 1 terminate flush(es), 0 completion(s), 0 continuation(s) 
[34.592s][info][gc,marking  ] GC(11) Mark Stack Usage: 32M
[34.592s][info][gc,nmethod  ] GC(11) NMethods: 16596 registered, 4865 unregistered
[34.592s][info][gc,metaspace] GC(11) Metaspace: 58M used, 58M committed, 1088M reserved
[34.592s][info][gc,ref      ] GC(11) Soft: 893 encountered, 0 discovered, 0 enqueued
[34.592s][info][gc,ref      ] GC(11) Weak: 6176 encountered, 95 discovered, 70 enqueued
[34.592s][info][gc,ref      ] GC(11) Final: 0 encountered, 0 discovered, 0 enqueued
[34.592s][info][gc,ref      ] GC(11) Phantom: 79 encountered, 47 discovered, 0 enqueued
[34.592s][info][gc,reloc    ] GC(11) Small Pages: 169 / 338M, Empty: 210M, Relocated: 1M, In-Place: 0
[34.592s][info][gc,reloc    ] GC(11) Medium Pages: 2 / 64M, Empty: 32M, Relocated: 0M, In-Place: 0
[34.592s][info][gc,reloc    ] GC(11) Large Pages: 0 / 0M, Empty: 0M, Relocated: 0M, In-Place: 0
[34.592s][info][gc,reloc    ] GC(11) Forwarding Usage: 0M
[34.592s][info][gc,heap     ] GC(11) Min Capacity: 1024M(100%)
[34.592s][info][gc,heap     ] GC(11) Max Capacity: 1024M(100%)
[34.592s][info][gc,heap     ] GC(11) Soft Max Capacity: 1024M(100%)
[34.592s][info][gc,heap     ] GC(11)                Mark Start          Mark End        Relocate Start      Relocate End           High               Low         
[34.592s][info][gc,heap     ] GC(11)  Capacity:     1024M (100%)       1024M (100%)       1024M (100%)       1024M (100%)       1024M (100%)       1024M (100%)   
[34.592s][info][gc,heap     ] GC(11)      Free:      622M (61%)         622M (61%)         864M (84%)         960M (94%)         960M (94%)         622M (61%)    
[34.592s][info][gc,heap     ] GC(11)      Used:      402M (39%)         402M (39%)         160M (16%)          64M (6%)          402M (39%)          64M (6%)     
[34.592s][info][gc,heap     ] GC(11)      Live:         -                28M (3%)           28M (3%)           28M (3%)             -                  -          
[34.592s][info][gc,heap     ] GC(11) Allocated:         -                 0M (0%)            0M (0%)            0M (0%)             -                  -          
[34.592s][info][gc,heap     ] GC(11)   Garbage:         -               373M (36%)         131M (13%)          35M (3%)             -                  -          
[34.592s][info][gc,heap     ] GC(11) Reclaimed:         -                  -               242M (24%)         338M (33%)            -                  -          
[34.592s][info][gc          ] GC(11) Garbage Collection (System.gc()) 402M(39%)->64M(6%)
[37.176s][info][gc,start    ] GC(12) Garbage Collection (System.gc())
[37.176s][info][gc,task     ] GC(12) Using 2 workers
[37.176s][info][gc,phases   ] GC(12) Pause Mark Start 0.008ms
[37.208s][info][gc,phases   ] GC(12) Concurrent Mark 31.224ms
[37.208s][info][gc,phases   ] GC(12) Pause Mark End 0.024ms
[37.208s][info][gc,phases   ] GC(12) Concurrent Mark Free 0.002ms
[37.228s][info][gc,phases   ] GC(12) Concurrent Process Non-Strong References 19.894ms
[37.228s][info][gc,phases   ] GC(12) Concurrent Reset Relocation Set 0.004ms
[37.229s][info][gc,phases   ] GC(12) Concurrent Select Relocation Set 1.285ms
[37.229s][info][gc,phases   ] GC(12) Pause Relocate Start 0.010ms
[37.231s][info][gc,phases   ] GC(12) Concurrent Relocate 1.009ms
[37.231s][info][gc,load     ] GC(12) Load: 0.00/0.00/0.00
[37.231s][info][gc,mmu      ] GC(12) MMU: 2ms/93.6%, 5ms/97.2%, 10ms/98.6%, 20ms/99.3%, 50ms/99.7%, 100ms/99.9%
[37.231s][info][gc,marking  ] GC(12) Mark: 2 stripe(s), 1 proactive flush(es), 1 terminate flush(es), 0 completion(s), 0 continuation(s) 
[37.231s][info][gc,marking  ] GC(12) Mark Stack Usage: 32M
[37.231s][info][gc,nmethod  ] GC(12) NMethods: 16893 registered, 5162 unregistered
[37.231s][info][gc,metaspace] GC(12) Metaspace: 58M used, 58M committed, 1088M reserved
[37.231s][info][gc,ref      ] GC(12) Soft: 893 encountered, 0 discovered, 0 enqueued
[37.231s][info][gc,ref      ] GC(12) Weak: 6101 encountered, 47 discovered, 25 enqueued
[37.231s][info][gc,ref      ] GC(12) Final: 0 encountered, 0 discovered, 0 enqueued
[37.231s][info][gc,ref      ] GC(12) Phantom: 79 encountered, 55 discovered, 0 enqueued
[37.231s][info][gc,reloc    ] GC(12) Small Pages: 168 / 336M, Empty: 240M, Relocated: 1M, In-Place: 0
[37.231s][info][gc,reloc    ] GC(12) Medium Pages: 2 / 64M, Empty: 32M, Relocated: 0M, In-Place: 0
[37.231s][info][gc,reloc    ] GC(12) Large Pages: 0 / 0M, Empty: 0M, Relocated: 0M, In-Place: 0
[37.231s][info][gc,reloc    ] GC(12) Forwarding Usage: 0M
[37.231s][info][gc,heap     ] GC(12) Min Capacity: 1024M(100%)
[37.231s][info][gc,heap     ] GC(12) Max Capacity: 1024M(100%)
[37.231s][info][gc,heap     ] GC(12) Soft Max Capacity: 1024M(100%)
[37.231s][info][gc,heap     ] GC(12)                Mark Start          Mark End        Relocate Start      Relocate End           High               Low         
[37.231s][info][gc,heap     ] GC(12)  Capacity:     1024M (100%)       1024M (100%)       1024M (100%)       1024M (100%)       1024M (100%)       1024M (100%)   
[37.231s][info][gc,heap     ] GC(12)      Free:      624M (61%)         624M (61%)         896M (88%)         960M (94%)         960M (94%)         624M (61%)    
[37.231s][info][gc,heap     ] GC(12)      Used:      400M (39%)         400M (39%)         128M (12%)          64M (6%)          400M (39%)          64M (6%)     
[37.231s][info][gc,heap     ] GC(12)      Live:         -                28M (3%)           28M (3%)           28M (3%)             -                  -          
[37.231s][info][gc,heap     ] GC(12) Allocated:         -                 0M (0%)            0M (0%)            0M (0%)             -                  -          
[37.231s][info][gc,heap     ] GC(12)   Garbage:         -               371M (36%)          99M (10%)          35M (3%)             -                  -          
[37.231s][info][gc,heap     ] GC(12) Reclaimed:         -                  -               272M (27%)         336M (33%)            -                  -          
[37.231s][info][gc          ] GC(12) Garbage Collection (System.gc()) 400M(39%)->64M(6%)
[39.791s][info][gc,start    ] GC(13) Garbage Collection (System.gc())
[39.791s][info][gc,task     ] GC(13) Using 2 workers
[39.791s][info][gc,phases   ] GC(13) Pause Mark Start 0.004ms
[39.813s][info][gc,phases   ] GC(13) Concurrent Mark 22.659ms
[39.814s][info][gc,phases   ] GC(13) Pause Mark End 0.016ms
[39.814s][info][gc,phases   ] GC(13) Concurrent Mark Free 0.001ms
[39.834s][info][gc,phases   ] GC(13) Concurrent Process Non-Strong References 19.822ms
[39.834s][info][gc,phases   ] GC(13) Concurrent Reset Relocation Set 0.002ms
[39.836s][info][gc,phases   ] GC(13) Concurrent Select Relocation Set 1.881ms
[39.836s][info][gc,phases   ] GC(13) Pause Relocate Start 0.010ms
[39.837s][info][gc,phases   ] GC(13) Concurrent Relocate 1.069ms
[39.837s][info][gc,load     ] GC(13) Load: 0.00/0.00/0.00
[39.837s][info][gc,mmu      ] GC(13) MMU: 2ms/93.6%, 5ms/97.2%, 10ms/98.6%, 20ms/99.3%, 50ms/99.7%, 100ms/99.9%
[39.837s][info][gc,marking  ] GC(13) Mark: 2 stripe(s), 1 proactive flush(es), 1 terminate flush(es), 0 completion(s), 0 continuation(s) 
[39.837s][info][gc,marking  ] GC(13) Mark Stack Usage: 32M
[39.837s][info][gc,nmethod  ] GC(13) NMethods: 16883 registered, 5774 unregistered
[39.837s][info][gc,metaspace] GC(13) Metaspace: 58M used, 59M committed, 1088M reserved
[39.837s][info][gc,ref      ] GC(13) Soft: 893 encountered, 0 discovered, 0 enqueued
[39.837s][info][gc,ref      ] GC(13) Weak: 6176 encountered, 86 discovered, 70 enqueued
[39.837s][info][gc,ref      ] GC(13) Final: 0 encountered, 0 discovered, 0 enqueued
[39.837s][info][gc,ref      ] GC(13) Phantom: 79 encountered, 48 discovered, 0 enqueued
[39.837s][info][gc,reloc    ] GC(13) Small Pages: 167 / 334M, Empty: 206M, Relocated: 1M, In-Place: 0
[39.837s][info][gc,reloc    ] GC(13) Medium Pages: 2 / 64M, Empty: 32M, Relocated: 0M, In-Place: 0
[39.837s][info][gc,reloc    ] GC(13) Large Pages: 0 / 0M, Empty: 0M, Relocated: 0M, In-Place: 0
[39.837s][info][gc,reloc    ] GC(13) Forwarding Usage: 0M
[39.837s][info][gc,heap     ] GC(13) Min Capacity: 1024M(100%)
[39.837s][info][gc,heap     ] GC(13) Max Capacity: 1024M(100%)
[39.837s][info][gc,heap     ] GC(13) Soft Max Capacity: 1024M(100%)
[39.837s][info][gc,heap     ] GC(13)                Mark Start          Mark End        Relocate Start      Relocate End           High               Low         
[39.837s][info][gc,heap     ] GC(13)  Capacity:     1024M (100%)       1024M (100%)       1024M (100%)       1024M (100%)       1024M (100%)       1024M (100%)   
[39.837s][info][gc,heap     ] GC(13)      Free:      626M (61%)         626M (61%)         864M (84%)         960M (94%)         960M (94%)         626M (61%)    
[39.837s][info][gc,heap     ] GC(13)      Used:      398M (39%)         398M (39%)         160M (16%)          64M (6%)          398M (39%)          64M (6%)     
[39.837s][info][gc,heap     ] GC(13)      Live:         -                28M (3%)           28M (3%)           28M (3%)             -                  -          
[39.837s][info][gc,heap     ] GC(13) Allocated:         -                 0M (0%)            0M (0%)            0M (0%)             -                  -          
[39.837s][info][gc,heap     ] GC(13)   Garbage:         -               369M (36%)         131M (13%)          35M (3%)             -                  -          
[39.837s][info][gc,heap     ] GC(13) Reclaimed:         -                  -               238M (23%)         334M (33%)            -                  -          
[39.837s][info][gc          ] GC(13) Garbage Collection (System.gc()) 398M(39%)->64M(6%)
[40.081s][info][gc,stats    ] === Garbage Collection Statistics =======================================================================================================================
[40.081s][info][gc,stats    ]                                                              Last 10s              Last 10m              Last 10h                Total
[40.081s][info][gc,stats    ]                                                              Avg / Max             Avg / Max             Avg / Max             Avg / Max
[40.081s][info][gc,stats    ]   Collector: Garbage Collection Cycle                     49.213 / 54.207       60.421 / 170.238      60.421 / 170.238      60.421 / 170.238     ms
[40.081s][info][gc,stats    ]  Contention: Mark Segment Reset Contention                     0 / 1                 0 / 1                 0 / 1                 0 / 1           ops/s
[40.081s][info][gc,stats    ]  Contention: Mark SeqNum Reset Contention                      0 / 1                 0 / 1                 0 / 1                 0 / 1           ops/s
[40.081s][info][gc,stats    ]    Critical: Allocation Stall                                  0 / 0                 0 / 0                 0 / 0                 0 / 0           ops/s
[40.081s][info][gc,stats    ]    Critical: Allocation Stall                              0.000 / 0.000         0.000 / 0.000         0.000 / 0.000         0.000 / 0.000       ms
[40.081s][info][gc,stats    ]    Critical: GC Locker Stall                                   0 / 0                 0 / 0                 0 / 0                 0 / 0           ops/s
[40.081s][info][gc,stats    ]    Critical: GC Locker Stall                               0.000 / 0.000         0.000 / 0.000         0.000 / 0.000         0.000 / 0.000       ms
[40.081s][info][gc,stats    ]    Critical: Relocation Stall                                  0 / 0                 0 / 0                 0 / 0                 0 / 0           ops/s
[40.081s][info][gc,stats    ]    Critical: Relocation Stall                              0.000 / 0.000         0.000 / 0.000         0.000 / 0.000         0.000 / 0.000       ms
[40.081s][info][gc,stats    ]      Memory: Allocation Rate                                 119 / 200              88 / 200              88 / 200              88 / 200         MB/s
[40.081s][info][gc,stats    ]      Memory: Out Of Memory                                     0 / 0                 0 / 0                 0 / 0                 0 / 0           ops/s
[40.081s][info][gc,stats    ]      Memory: Page Cache Flush                                  0 / 0                 0 / 0                 0 / 0                 0 / 0           MB/s
[40.081s][info][gc,stats    ]      Memory: Page Cache Hit L1                                54 / 87               36 / 87               36 / 87               36 / 87          ops/s
[40.081s][info][gc,stats    ]      Memory: Page Cache Hit L2                                 0 / 0                 0 / 0                 0 / 0                 0 / 0           ops/s
[40.081s][info][gc,stats    ]      Memory: Page Cache Hit L3                                 0 / 0                 4 / 28                4 / 28                4 / 28          ops/s
[40.081s][info][gc,stats    ]      Memory: Page Cache Miss                                   0 / 0                 0 / 1                 0 / 1                 0 / 1           ops/s
[40.081s][info][gc,stats    ]      Memory: Uncommit                                          0 / 0                 0 / 0                 0 / 0                 0 / 0           MB/s
[40.081s][info][gc,stats    ]      Memory: Undo Object Allocation Failed                     0 / 0                 0 / 0                 0 / 0                 0 / 0           ops/s
[40.081s][info][gc,stats    ]      Memory: Undo Object Allocation Succeeded                  0 / 0                 0 / 1                 0 / 1                 0 / 1           ops/s
[40.081s][info][gc,stats    ]      Memory: Undo Page Allocation                              0 / 0                 0 / 0                 0 / 0                 0 / 0           ops/s
[40.081s][info][gc,stats    ]       Phase: Concurrent Mark                              26.582 / 31.224       38.567 / 125.180      38.567 / 125.180      38.567 / 125.180     ms
[40.081s][info][gc,stats    ]       Phase: Concurrent Mark Continue                      0.000 / 0.000         0.000 / 0.000         0.000 / 0.000         0.000 / 0.000       ms
[40.081s][info][gc,stats    ]       Phase: Concurrent Mark Free                          0.002 / 0.002         0.001 / 0.003         0.001 / 0.003         0.001 / 0.003       ms
[40.081s][info][gc,stats    ]       Phase: Concurrent Process Non-Strong References     19.108 / 19.894       13.516 / 19.894       13.516 / 19.894       13.516 / 19.894      ms
[40.081s][info][gc,stats    ]       Phase: Concurrent Relocate                           1.118 / 1.638         4.912 / 22.669        4.912 / 22.669        4.912 / 22.669      ms
[40.081s][info][gc,stats    ]       Phase: Concurrent Reset Relocation Set               0.003 / 0.004         0.004 / 0.011         0.004 / 0.011         0.004 / 0.011       ms
[40.081s][info][gc,stats    ]       Phase: Concurrent Select Relocation Set              1.618 / 2.101         2.441 / 5.967         2.441 / 5.967         2.441 / 5.967       ms
[40.081s][info][gc,stats    ]       Phase: Pause Mark End                                0.021 / 0.024         0.036 / 0.129         0.036 / 0.129         0.036 / 0.129       ms
[40.081s][info][gc,stats    ]       Phase: Pause Mark Start                              0.006 / 0.008         0.006 / 0.008         0.006 / 0.008         0.006 / 0.008       ms
[40.081s][info][gc,stats    ]       Phase: Pause Relocate Start                          0.010 / 0.010         0.011 / 0.020         0.011 / 0.020         0.011 / 0.020       ms
[40.081s][info][gc,stats    ]    Subphase: Concurrent Classes Purge                      0.505 / 0.522         0.391 / 0.578         0.391 / 0.578         0.391 / 0.578       ms
[40.081s][info][gc,stats    ]    Subphase: Concurrent Classes Unlink                    17.434 / 18.263       11.935 / 18.263       11.935 / 18.263       11.935 / 18.263      ms
[40.081s][info][gc,stats    ]    Subphase: Concurrent Mark                              22.565 / 30.838       33.630 / 123.683      33.630 / 123.683      33.630 / 123.683     ms
[40.081s][info][gc,stats    ]    Subphase: Concurrent Mark Try Flush                     0.120 / 0.276         0.122 / 0.554         0.122 / 0.554         0.122 / 0.554       ms
[40.081s][info][gc,stats    ]    Subphase: Concurrent Mark Try Terminate                 2.881 / 13.466        3.225 / 13.655        3.225 / 13.655        3.225 / 13.655      ms
[40.081s][info][gc,stats    ]    Subphase: Concurrent References Enqueue                 0.006 / 0.007         0.005 / 0.007         0.005 / 0.007         0.005 / 0.007       ms
[40.081s][info][gc,stats    ]    Subphase: Concurrent References Process                 0.154 / 0.155         0.353 / 2.199         0.353 / 2.199         0.353 / 2.199       ms
[40.081s][info][gc,stats    ]    Subphase: Concurrent Roots ClassLoaderDataGraph         0.056 / 0.103         0.065 / 0.216         0.065 / 0.216         0.065 / 0.216       ms
[40.082s][info][gc,stats    ]    Subphase: Concurrent Roots CodeCache                    0.000 / 0.000         0.000 / 0.000         0.000 / 0.000         0.000 / 0.000       ms
[40.082s][info][gc,stats    ]    Subphase: Concurrent Roots JavaThreads                  0.168 / 0.334         0.347 / 2.857         0.347 / 2.857         0.347 / 2.857       ms
[40.082s][info][gc,stats    ]    Subphase: Concurrent Roots OopStorageSet                0.013 / 0.018         0.019 / 0.061         0.019 / 0.061         0.019 / 0.061       ms
[40.082s][info][gc,stats    ]    Subphase: Concurrent Weak Roots OopStorageSet           0.780 / 0.868         0.643 / 1.280         0.643 / 1.280         0.643 / 1.280       ms
[40.082s][info][gc,stats    ]    Subphase: Pause Mark Try Complete                       0.000 / 0.000         0.005 / 0.014         0.005 / 0.014         0.005 / 0.014       ms
[40.082s][info][gc,stats    ]      System: Java Threads                                     12 / 12               12 / 13               12 / 13               12 / 13          threads
[40.082s][info][gc,stats    ] =========================================================================================================================================================
[42.194s][info][gc,start    ] GC(14) Garbage Collection (System.gc())
[42.194s][info][gc,task     ] GC(14) Using 2 workers
[42.194s][info][gc,phases   ] GC(14) Pause Mark Start 0.004ms
[42.216s][info][gc,phases   ] GC(14) Concurrent Mark 21.193ms
[42.216s][info][gc,phases   ] GC(14) Pause Mark End 0.009ms
[42.216s][info][gc,phases   ] GC(14) Concurrent Mark Free 0.001ms
[42.235s][info][gc,phases   ] GC(14) Concurrent Process Non-Strong References 19.382ms
[42.235s][info][gc,phases   ] GC(14) Concurrent Reset Relocation Set 0.003ms
[42.237s][info][gc,phases   ] GC(14) Concurrent Select Relocation Set 1.450ms
[42.237s][info][gc,phases   ] GC(14) Pause Relocate Start 0.009ms
[42.238s][info][gc,phases   ] GC(14) Concurrent Relocate 0.743ms
[42.238s][info][gc,load     ] GC(14) Load: 0.00/0.00/0.00
[42.238s][info][gc,mmu      ] GC(14) MMU: 2ms/93.6%, 5ms/97.2%, 10ms/98.6%, 20ms/99.3%, 50ms/99.7%, 100ms/99.9%
[42.238s][info][gc,marking  ] GC(14) Mark: 2 stripe(s), 1 proactive flush(es), 1 terminate flush(es), 0 completion(s), 0 continuation(s) 
[42.238s][info][gc,marking  ] GC(14) Mark Stack Usage: 32M
[42.238s][info][gc,nmethod  ] GC(14) NMethods: 17160 registered, 215 unregistered
[42.238s][info][gc,metaspace] GC(14) Metaspace: 58M used, 59M committed, 1088M reserved
[42.238s][info][gc,ref      ] GC(14) Soft: 893 encountered, 0 discovered, 0 enqueued
[42.238s][info][gc,ref      ] GC(14) Weak: 6101 encountered, 44 discovered, 25 enqueued
[42.238s][info][gc,ref      ] GC(14) Final: 0 encountered, 0 discovered, 0 enqueued
[42.238s][info][gc,ref      ] GC(14) Phantom: 79 encountered, 46 discovered, 0 enqueued
[42.238s][info][gc,reloc    ] GC(14) Small Pages: 166 / 332M, Empty: 216M, Relocated: 1M, In-Place: 0
[42.238s][info][gc,reloc    ] GC(14) Medium Pages: 2 / 64M, Empty: 32M, Relocated: 0M, In-Place: 0
[42.238s][info][gc,reloc    ] GC(14) Large Pages: 0 / 0M, Empty: 0M, Relocated: 0M, In-Place: 0
[42.238s][info][gc,reloc    ] GC(14) Forwarding Usage: 0M
[42.238s][info][gc,heap     ] GC(14) Min Capacity: 1024M(100%)
[42.238s][info][gc,heap     ] GC(14) Max Capacity: 1024M(100%)
[42.238s][info][gc,heap     ] GC(14) Soft Max Capacity: 1024M(100%)
[42.238s][info][gc,heap     ] GC(14)                Mark Start          Mark End        Relocate Start      Relocate End           High               Low         
[42.238s][info][gc,heap     ] GC(14)  Capacity:     1024M (100%)       1024M (100%)       1024M (100%)       1024M (100%)       1024M (100%)       1024M (100%)   
[42.238s][info][gc,heap     ] GC(14)      Free:      628M (61%)         628M (61%)         876M (86%)         960M (94%)         960M (94%)         628M (61%)    
[42.238s][info][gc,heap     ] GC(14)      Used:      396M (39%)         396M (39%)         148M (14%)          64M (6%)          396M (39%)          64M (6%)     
[42.238s][info][gc,heap     ] GC(14)      Live:         -                28M (3%)           28M (3%)           28M (3%)             -                  -          
[42.238s][info][gc,heap     ] GC(14) Allocated:         -                 0M (0%)            0M (0%)            0M (0%)             -                  -          
[42.238s][info][gc,heap     ] GC(14)   Garbage:         -               367M (36%)         119M (12%)          35M (3%)             -                  -          
[42.238s][info][gc,heap     ] GC(14) Reclaimed:         -                  -               248M (24%)         332M (32%)            -                  -          
[42.238s][info][gc          ] GC(14) Garbage Collection (System.gc()) 396M(39%)->64M(6%)
[44.609s][info][gc,start    ] GC(15) Garbage Collection (System.gc())
[44.609s][info][gc,task     ] GC(15) Using 2 workers
[44.609s][info][gc,phases   ] GC(15) Pause Mark Start 0.005ms
[44.632s][info][gc,phases   ] GC(15) Concurrent Mark 23.463ms
[44.633s][info][gc,phases   ] GC(15) Pause Mark End 0.012ms
[44.633s][info][gc,phases   ] GC(15) Concurrent Mark Free 0.001ms
[44.652s][info][gc,phases   ] GC(15) Concurrent Process Non-Strong References 18.995ms
[44.652s][info][gc,phases   ] GC(15) Concurrent Reset Relocation Set 0.002ms
[44.653s][info][gc,phases   ] GC(15) Concurrent Select Relocation Set 1.413ms
[44.653s][info][gc,phases   ] GC(15) Pause Relocate Start 0.010ms
[44.655s][info][gc,phases   ] GC(15) Concurrent Relocate 1.389ms
[44.655s][info][gc,load     ] GC(15) Load: 0.00/0.00/0.00
[44.655s][info][gc,mmu      ] GC(15) MMU: 2ms/93.6%, 5ms/97.2%, 10ms/98.6%, 20ms/99.3%, 50ms/99.7%, 100ms/99.9%
[44.655s][info][gc,marking  ] GC(15) Mark: 2 stripe(s), 1 proactive flush(es), 1 terminate flush(es), 0 completion(s), 0 continuation(s) 
[44.655s][info][gc,marking  ] GC(15) Mark Stack Usage: 32M
[44.655s][info][gc,nmethod  ] GC(15) NMethods: 17427 registered, 523 unregistered
[44.655s][info][gc,metaspace] GC(15) Metaspace: 58M used, 59M committed, 1088M reserved
[44.655s][info][gc,ref      ] GC(15) Soft: 893 encountered, 0 discovered, 0 enqueued
[44.655s][info][gc,ref      ] GC(15) Weak: 6176 encountered, 103 discovered, 70 enqueued
[44.655s][info][gc,ref      ] GC(15) Final: 0 encountered, 0 discovered, 0 enqueued
[44.655s][info][gc,ref      ] GC(15) Phantom: 79 encountered, 40 discovered, 0 enqueued
[44.655s][info][gc,reloc    ] GC(15) Small Pages: 165 / 330M, Empty: 192M, Relocated: 1M, In-Place: 0
[44.655s][info][gc,reloc    ] GC(15) Medium Pages: 2 / 64M, Empty: 32M, Relocated: 0M, In-Place: 0
[44.655s][info][gc,reloc    ] GC(15) Large Pages: 0 / 0M, Empty: 0M, Relocated: 0M, In-Place: 0
[44.655s][info][gc,reloc    ] GC(15) Forwarding Usage: 0M
[44.655s][info][gc,heap     ] GC(15) Min Capacity: 1024M(100%)
[44.655s][info][gc,heap     ] GC(15) Max Capacity: 1024M(100%)
[44.655s][info][gc,heap     ] GC(15) Soft Max Capacity: 1024M(100%)
[44.655s][info][gc,heap     ] GC(15)                Mark Start          Mark End        Relocate Start      Relocate End           High               Low         
[44.655s][info][gc,heap     ] GC(15)  Capacity:     1024M (100%)       1024M (100%)       1024M (100%)       1024M (100%)       1024M (100%)       1024M (100%)   
[44.655s][info][gc,heap     ] GC(15)      Free:      630M (62%)         630M (62%)         854M (83%)         960M (94%)         960M (94%)         630M (62%)    
[44.655s][info][gc,heap     ] GC(15)      Used:      394M (38%)         394M (38%)         170M (17%)          64M (6%)          394M (38%)          64M (6%)     
[44.655s][info][gc,heap     ] GC(15)      Live:         -                28M (3%)           28M (3%)           28M (3%)             -                  -          
[44.655s][info][gc,heap     ] GC(15) Allocated:         -                 0M (0%)            0M (0%)            0M (0%)             -                  -          
[44.655s][info][gc,heap     ] GC(15)   Garbage:         -               365M (36%)         141M (14%)          35M (3%)             -                  -          
[44.655s][info][gc,heap     ] GC(15) Reclaimed:         -                  -               224M (22%)         330M (32%)            -                  -          
[44.655s][info][gc          ] GC(15) Garbage Collection (System.gc()) 394M(38%)->64M(6%)
[46.902s][info][gc,start    ] GC(16) Garbage Collection (System.gc())
[46.902s][info][gc,task     ] GC(16) Using 2 workers
[46.902s][info][gc,phases   ] GC(16) Pause Mark Start 0.006ms
[46.925s][info][gc,phases   ] GC(16) Concurrent Mark 22.375ms
[46.925s][info][gc,phases   ] GC(16) Pause Mark End 0.018ms
[46.925s][info][gc,phases   ] GC(16) Concurrent Mark Free 0.001ms
[46.945s][info][gc,phases   ] GC(16) Concurrent Process Non-Strong References 19.554ms
[46.945s][info][gc,phases   ] GC(16) Concurrent Reset Relocation Set 0.004ms
[46.946s][info][gc,phases   ] GC(16) Concurrent Select Relocation Set 1.282ms
[46.946s][info][gc,phases   ] GC(16) Pause Relocate Start 0.010ms
[46.947s][info][gc,phases   ] GC(16) Concurrent Relocate 0.781ms
[46.947s][info][gc,load     ] GC(16) Load: 0.00/0.00/0.00
[46.947s][info][gc,mmu      ] GC(16) MMU: 2ms/93.6%, 5ms/97.2%, 10ms/98.6%, 20ms/99.3%, 50ms/99.7%, 100ms/99.9%
[46.947s][info][gc,marking  ] GC(16) Mark: 2 stripe(s), 1 proactive flush(es), 1 terminate flush(es), 0 completion(s), 0 continuation(s) 
[46.947s][info][gc,marking  ] GC(16) Mark Stack Usage: 32M
[46.947s][info][gc,nmethod  ] GC(16) NMethods: 17386 registered, 1132 unregistered
[46.947s][info][gc,metaspace] GC(16) Metaspace: 58M used, 59M committed, 1088M reserved
[46.947s][info][gc,ref      ] GC(16) Soft: 893 encountered, 0 discovered, 0 enqueued
[46.947s][info][gc,ref      ] GC(16) Weak: 6101 encountered, 49 discovered, 25 enqueued
[46.947s][info][gc,ref      ] GC(16) Final: 0 encountered, 0 discovered, 0 enqueued
[46.947s][info][gc,ref      ] GC(16) Phantom: 79 encountered, 55 discovered, 0 enqueued
[46.947s][info][gc,reloc    ] GC(16) Small Pages: 164 / 328M, Empty: 202M, Relocated: 1M, In-Place: 0
[46.947s][info][gc,reloc    ] GC(16) Medium Pages: 2 / 64M, Empty: 32M, Relocated: 0M, In-Place: 0
[46.947s][info][gc,reloc    ] GC(16) Large Pages: 0 / 0M, Empty: 0M, Relocated: 0M, In-Place: 0
[46.947s][info][gc,reloc    ] GC(16) Forwarding Usage: 0M
[46.947s][info][gc,heap     ] GC(16) Min Capacity: 1024M(100%)
[46.947s][info][gc,heap     ] GC(16) Max Capacity: 1024M(100%)
[46.947s][info][gc,heap     ] GC(16) Soft Max Capacity: 1024M(100%)
[46.947s][info][gc,heap     ] GC(16)                Mark Start          Mark End        Relocate Start      Relocate End           High               Low         
[46.947s][info][gc,heap     ] GC(16)  Capacity:     1024M (100%)       1024M (100%)       1024M (100%)       1024M (100%)       1024M (100%)       1024M (100%)   
[46.947s][info][gc,heap     ] GC(16)      Free:      632M (62%)         632M (62%)         866M (85%)         960M (94%)         960M (94%)         632M (62%)    
[46.947s][info][gc,heap     ] GC(16)      Used:      392M (38%)         392M (38%)         158M (15%)          64M (6%)          392M (38%)          64M (6%)     
[46.947s][info][gc,heap     ] GC(16)      Live:         -                28M (3%)           28M (3%)           28M (3%)             -                  -          
[46.947s][info][gc,heap     ] GC(16) Allocated:         -                 0M (0%)            0M (0%)            0M (0%)             -                  -          
[46.947s][info][gc,heap     ] GC(16)   Garbage:         -               363M (36%)         129M (13%)          35M (3%)             -                  -          
[46.947s][info][gc,heap     ] GC(16) Reclaimed:         -                  -               234M (23%)         328M (32%)            -                  -          
[46.947s][info][gc          ] GC(16) Garbage Collection (System.gc()) 392M(38%)->64M(6%)
[49.196s][info][gc,start    ] GC(17) Garbage Collection (System.gc())
[49.196s][info][gc,task     ] GC(17) Using 2 workers
[49.196s][info][gc,phases   ] GC(17) Pause Mark Start 0.005ms
[49.217s][info][gc,phases   ] GC(17) Concurrent Mark 21.154ms
[49.217s][info][gc,phases   ] GC(17) Pause Mark End 0.014ms
[49.217s][info][gc,phases   ] GC(17) Concurrent Mark Free 0.002ms
[49.237s][info][gc,phases   ] GC(17) Concurrent Process Non-Strong References 19.280ms
[49.237s][info][gc,phases   ] GC(17) Concurrent Reset Relocation Set 0.003ms
[49.238s][info][gc,phases   ] GC(17) Concurrent Select Relocation Set 1.537ms
[49.238s][info][gc,phases   ] GC(17) Pause Relocate Start 0.010ms
[49.239s][info][gc,phases   ] GC(17) Concurrent Relocate 0.785ms
[49.239s][info][gc,load     ] GC(17) Load: 0.00/0.00/0.00
[49.239s][info][gc,mmu      ] GC(17) MMU: 2ms/93.6%, 5ms/97.2%, 10ms/98.6%, 20ms/99.3%, 50ms/99.7%, 100ms/99.9%
[49.239s][info][gc,marking  ] GC(17) Mark: 2 stripe(s), 1 proactive flush(es), 1 terminate flush(es), 0 completion(s), 0 continuation(s) 
[49.239s][info][gc,marking  ] GC(17) Mark Stack Usage: 32M
[49.239s][info][gc,nmethod  ] GC(17) NMethods: 17517 registered, 1387 unregistered
[49.239s][info][gc,metaspace] GC(17) Metaspace: 58M used, 59M committed, 1088M reserved
[49.239s][info][gc,ref      ] GC(17) Soft: 893 encountered, 0 discovered, 0 enqueued
[49.239s][info][gc,ref      ] GC(17) Weak: 6176 encountered, 125 discovered, 70 enqueued
[49.239s][info][gc,ref      ] GC(17) Final: 0 encountered, 0 discovered, 0 enqueued
[49.239s][info][gc,ref      ] GC(17) Phantom: 79 encountered, 57 discovered, 0 enqueued
[49.239s][info][gc,reloc    ] GC(17) Small Pages: 164 / 328M, Empty: 208M, Relocated: 1M, In-Place: 0
[49.239s][info][gc,reloc    ] GC(17) Medium Pages: 2 / 64M, Empty: 32M, Relocated: 0M, In-Place: 0
[49.239s][info][gc,reloc    ] GC(17) Large Pages: 0 / 0M, Empty: 0M, Relocated: 0M, In-Place: 0
[49.239s][info][gc,reloc    ] GC(17) Forwarding Usage: 0M
[49.239s][info][gc,heap     ] GC(17) Min Capacity: 1024M(100%)
[49.239s][info][gc,heap     ] GC(17) Max Capacity: 1024M(100%)
[49.239s][info][gc,heap     ] GC(17) Soft Max Capacity: 1024M(100%)
[49.239s][info][gc,heap     ] GC(17)                Mark Start          Mark End        Relocate Start      Relocate End           High               Low         
[49.239s][info][gc,heap     ] GC(17)  Capacity:     1024M (100%)       1024M (100%)       1024M (100%)       1024M (100%)       1024M (100%)       1024M (100%)   
[49.239s][info][gc,heap     ] GC(17)      Free:      632M (62%)         632M (62%)         872M (85%)         960M (94%)         960M (94%)         632M (62%)    
[49.239s][info][gc,heap     ] GC(17)      Used:      392M (38%)         392M (38%)         152M (15%)          64M (6%)          392M (38%)          64M (6%)     
[49.239s][info][gc,heap     ] GC(17)      Live:         -                28M (3%)           28M (3%)           28M (3%)             -                  -          
[49.239s][info][gc,heap     ] GC(17) Allocated:         -                 0M (0%)            0M (0%)            0M (0%)             -                  -          
[49.239s][info][gc,heap     ] GC(17)   Garbage:         -               363M (36%)         123M (12%)          35M (3%)             -                  -          
[49.239s][info][gc,heap     ] GC(17) Reclaimed:         -                  -               240M (23%)         328M (32%)            -                  -          
[49.239s][info][gc          ] GC(17) Garbage Collection (System.gc()) 392M(38%)->64M(6%)
[50.080s][info][gc,stats    ] === Garbage Collection Statistics =======================================================================================================================
[50.080s][info][gc,stats    ]                                                              Last 10s              Last 10m              Last 10h                Total
[50.080s][info][gc,stats    ]                                                              Avg / Max             Avg / Max             Avg / Max             Avg / Max
[50.080s][info][gc,stats    ]   Collector: Garbage Collection Cycle                     44.481 / 45.887       56.878 / 170.238      56.878 / 170.238      56.878 / 170.238     ms
[50.080s][info][gc,stats    ]  Contention: Mark Segment Reset Contention                     0 / 1                 0 / 1                 0 / 1                 0 / 1           ops/s
[50.080s][info][gc,stats    ]  Contention: Mark SeqNum Reset Contention                      0 / 1                 0 / 1                 0 / 1                 0 / 1           ops/s
[50.080s][info][gc,stats    ]    Critical: Allocation Stall                                  0 / 0                 0 / 0                 0 / 0                 0 / 0           ops/s
[50.080s][info][gc,stats    ]    Critical: Allocation Stall                              0.000 / 0.000         0.000 / 0.000         0.000 / 0.000         0.000 / 0.000       ms
[50.080s][info][gc,stats    ]    Critical: GC Locker Stall                                   0 / 0                 0 / 0                 0 / 0                 0 / 0           ops/s
[50.080s][info][gc,stats    ]    Critical: GC Locker Stall                               0.000 / 0.000         0.000 / 0.000         0.000 / 0.000         0.000 / 0.000       ms
[50.080s][info][gc,stats    ]    Critical: Relocation Stall                                  0 / 0                 0 / 0                 0 / 0                 0 / 0           ops/s
[50.080s][info][gc,stats    ]    Critical: Relocation Stall                              0.000 / 0.000         0.000 / 0.000         0.000 / 0.000         0.000 / 0.000       ms
[50.080s][info][gc,stats    ]      Memory: Allocation Rate                                 147 / 250             100 / 250             100 / 250             100 / 250         MB/s
[50.080s][info][gc,stats    ]      Memory: Out Of Memory                                     0 / 0                 0 / 0                 0 / 0                 0 / 0           ops/s
[50.080s][info][gc,stats    ]      Memory: Page Cache Flush                                  0 / 0                 0 / 0                 0 / 0                 0 / 0           MB/s
[50.080s][info][gc,stats    ]      Memory: Page Cache Hit L1                                68 / 112              42 / 112              42 / 112              42 / 112         ops/s
[50.080s][info][gc,stats    ]      Memory: Page Cache Hit L2                                 0 / 0                 0 / 0                 0 / 0                 0 / 0           ops/s
[50.080s][info][gc,stats    ]      Memory: Page Cache Hit L3                                 0 / 0                 3 / 28                3 / 28                3 / 28          ops/s
[50.080s][info][gc,stats    ]      Memory: Page Cache Miss                                   0 / 0                 0 / 1                 0 / 1                 0 / 1           ops/s
[50.080s][info][gc,stats    ]      Memory: Uncommit                                          0 / 0                 0 / 0                 0 / 0                 0 / 0           MB/s
[50.080s][info][gc,stats    ]      Memory: Undo Object Allocation Failed                     0 / 0                 0 / 0                 0 / 0                 0 / 0           ops/s
[50.080s][info][gc,stats    ]      Memory: Undo Object Allocation Succeeded                  0 / 0                 0 / 1                 0 / 1                 0 / 1           ops/s
[50.080s][info][gc,stats    ]      Memory: Undo Page Allocation                              0 / 0                 0 / 0                 0 / 0                 0 / 0           ops/s
[50.080s][info][gc,stats    ]       Phase: Concurrent Mark                              22.047 / 23.463       34.896 / 125.180      34.896 / 125.180      34.896 / 125.180     ms
[50.080s][info][gc,stats    ]       Phase: Concurrent Mark Continue                      0.000 / 0.000         0.000 / 0.000         0.000 / 0.000         0.000 / 0.000       ms
[50.080s][info][gc,stats    ]       Phase: Concurrent Mark Free                          0.001 / 0.002         0.001 / 0.003         0.001 / 0.003         0.001 / 0.003       ms
[50.080s][info][gc,stats    ]       Phase: Concurrent Process Non-Strong References     19.303 / 19.554       14.802 / 19.894       14.802 / 19.894       14.802 / 19.894      ms
[50.081s][info][gc,stats    ]       Phase: Concurrent Relocate                           0.924 / 1.389         4.026 / 22.669        4.026 / 22.669        4.026 / 22.669      ms
[50.081s][info][gc,stats    ]       Phase: Concurrent Reset Relocation Set               0.003 / 0.004         0.004 / 0.011         0.004 / 0.011         0.004 / 0.011       ms
[50.081s][info][gc,stats    ]       Phase: Concurrent Select Relocation Set              1.420 / 1.537         2.214 / 5.967         2.214 / 5.967         2.214 / 5.967       ms
[50.081s][info][gc,stats    ]       Phase: Pause Mark End                                0.013 / 0.018         0.031 / 0.129         0.031 / 0.129         0.031 / 0.129       ms
[50.081s][info][gc,stats    ]       Phase: Pause Mark Start                              0.005 / 0.006         0.006 / 0.008         0.006 / 0.008         0.006 / 0.008       ms
[50.081s][info][gc,stats    ]       Phase: Pause Relocate Start                          0.010 / 0.010         0.010 / 0.020         0.010 / 0.020         0.010 / 0.020       ms
[50.081s][info][gc,stats    ]    Subphase: Concurrent Classes Purge                      0.529 / 0.539         0.422 / 0.578         0.422 / 0.578         0.422 / 0.578       ms
[50.081s][info][gc,stats    ]    Subphase: Concurrent Classes Unlink                    17.914 / 18.273       13.264 / 18.273       13.264 / 18.273       13.264 / 18.273      ms
[50.081s][info][gc,stats    ]    Subphase: Concurrent Mark                              20.177 / 23.141       30.640 / 123.683      30.640 / 123.683      30.640 / 123.683     ms
[50.081s][info][gc,stats    ]    Subphase: Concurrent Mark Try Flush                     0.109 / 0.212         0.120 / 0.554         0.120 / 0.554         0.120 / 0.554       ms
[50.081s][info][gc,stats    ]    Subphase: Concurrent Mark Try Terminate                 1.355 / 5.412         2.809 / 13.655        2.809 / 13.655        2.809 / 13.655      ms
[50.081s][info][gc,stats    ]    Subphase: Concurrent References Enqueue                 0.006 / 0.007         0.005 / 0.007         0.005 / 0.007         0.005 / 0.007       ms
[50.081s][info][gc,stats    ]    Subphase: Concurrent References Process                 0.094 / 0.131         0.296 / 2.199         0.296 / 2.199         0.296 / 2.199       ms
[50.081s][info][gc,stats    ]    Subphase: Concurrent Roots ClassLoaderDataGraph         0.064 / 0.150         0.065 / 0.216         0.065 / 0.216         0.065 / 0.216       ms
[50.081s][info][gc,stats    ]    Subphase: Concurrent Roots CodeCache                    0.000 / 0.000         0.000 / 0.000         0.000 / 0.000         0.000 / 0.000       ms
[50.081s][info][gc,stats    ]    Subphase: Concurrent Roots JavaThreads                  0.203 / 0.401         0.315 / 2.857         0.315 / 2.857         0.315 / 2.857       ms
[50.081s][info][gc,stats    ]    Subphase: Concurrent Roots OopStorageSet                0.013 / 0.022         0.017 / 0.061         0.017 / 0.061         0.017 / 0.061       ms
[50.081s][info][gc,stats    ]    Subphase: Concurrent Weak Roots OopStorageSet           0.522 / 0.762         0.616 / 1.280         0.616 / 1.280         0.616 / 1.280       ms
[50.081s][info][gc,stats    ]    Subphase: Pause Mark Try Complete                       0.000 / 0.000         0.005 / 0.014         0.005 / 0.014         0.005 / 0.014       ms
[50.081s][info][gc,stats    ]      System: Java Threads                                     12 / 12               12 / 13               12 / 13               12 / 13          threads
[50.081s][info][gc,stats    ] =========================================================================================================================================================
[51.378s][info][gc,start    ] GC(18) Garbage Collection (System.gc())
[51.378s][info][gc,task     ] GC(18) Using 2 workers
[51.378s][info][gc,phases   ] GC(18) Pause Mark Start 0.009ms
[51.400s][info][gc,phases   ] GC(18) Concurrent Mark 22.282ms
[51.400s][info][gc,phases   ] GC(18) Pause Mark End 0.018ms
[51.400s][info][gc,phases   ] GC(18) Concurrent Mark Free 0.002ms
[51.420s][info][gc,phases   ] GC(18) Concurrent Process Non-Strong References 19.157ms
[51.420s][info][gc,phases   ] GC(18) Concurrent Reset Relocation Set 0.003ms
[51.421s][info][gc,phases   ] GC(18) Concurrent Select Relocation Set 1.231ms
[51.421s][info][gc,phases   ] GC(18) Pause Relocate Start 0.009ms
[51.422s][info][gc,phases   ] GC(18) Concurrent Relocate 0.763ms
[51.422s][info][gc,load     ] GC(18) Load: 0.00/0.00/0.00
[51.422s][info][gc,mmu      ] GC(18) MMU: 2ms/93.6%, 5ms/97.2%, 10ms/98.6%, 20ms/99.3%, 50ms/99.7%, 100ms/99.9%
[51.422s][info][gc,marking  ] GC(18) Mark: 2 stripe(s), 3 proactive flush(es), 1 terminate flush(es), 0 completion(s), 0 continuation(s) 
[51.422s][info][gc,marking  ] GC(18) Mark Stack Usage: 32M
[51.422s][info][gc,nmethod  ] GC(18) NMethods: 17610 registered, 1607 unregistered
[51.422s][info][gc,metaspace] GC(18) Metaspace: 58M used, 59M committed, 1088M reserved
[51.422s][info][gc,ref      ] GC(18) Soft: 893 encountered, 0 discovered, 0 enqueued
[51.422s][info][gc,ref      ] GC(18) Weak: 6101 encountered, 68 discovered, 25 enqueued
[51.422s][info][gc,ref      ] GC(18) Final: 0 encountered, 0 discovered, 0 enqueued
[51.422s][info][gc,ref      ] GC(18) Phantom: 79 encountered, 53 discovered, 0 enqueued
[51.422s][info][gc,reloc    ] GC(18) Small Pages: 164 / 328M, Empty: 232M, Relocated: 1M, In-Place: 0
[51.422s][info][gc,reloc    ] GC(18) Medium Pages: 2 / 64M, Empty: 32M, Relocated: 0M, In-Place: 0
[51.422s][info][gc,reloc    ] GC(18) Large Pages: 0 / 0M, Empty: 0M, Relocated: 0M, In-Place: 0
[51.422s][info][gc,reloc    ] GC(18) Forwarding Usage: 0M
[51.422s][info][gc,heap     ] GC(18) Min Capacity: 1024M(100%)
[51.422s][info][gc,heap     ] GC(18) Max Capacity: 1024M(100%)
[51.422s][info][gc,heap     ] GC(18) Soft Max Capacity: 1024M(100%)
[51.422s][info][gc,heap     ] GC(18)                Mark Start          Mark End        Relocate Start      Relocate End           High               Low         
[51.422s][info][gc,heap     ] GC(18)  Capacity:     1024M (100%)       1024M (100%)       1024M (100%)       1024M (100%)       1024M (100%)       1024M (100%)   
[51.422s][info][gc,heap     ] GC(18)      Free:      632M (62%)         632M (62%)         896M (88%)         960M (94%)         960M (94%)         632M (62%)    
[51.422s][info][gc,heap     ] GC(18)      Used:      392M (38%)         392M (38%)         128M (12%)          64M (6%)          392M (38%)          64M (6%)     
[51.422s][info][gc,heap     ] GC(18)      Live:         -                28M (3%)           28M (3%)           28M (3%)             -                  -          
[51.422s][info][gc,heap     ] GC(18) Allocated:         -                 0M (0%)            0M (0%)            0M (0%)             -                  -          
[51.422s][info][gc,heap     ] GC(18)   Garbage:         -               363M (36%)          99M (10%)          35M (3%)             -                  -          
[51.422s][info][gc,heap     ] GC(18) Reclaimed:         -                  -               264M (26%)         328M (32%)            -                  -          
[51.422s][info][gc          ] GC(18) Garbage Collection (System.gc()) 392M(38%)->64M(6%)
[53.546s][info][gc,start    ] GC(19) Garbage Collection (System.gc())
[53.546s][info][gc,task     ] GC(19) Using 2 workers
[53.546s][info][gc,phases   ] GC(19) Pause Mark Start 0.005ms
[53.567s][info][gc,phases   ] GC(19) Concurrent Mark 20.075ms
[53.567s][info][gc,phases   ] GC(19) Pause Mark End 0.013ms
[53.567s][info][gc,phases   ] GC(19) Concurrent Mark Free 0.001ms
[53.587s][info][gc,phases   ] GC(19) Concurrent Process Non-Strong References 20.174ms
[53.587s][info][gc,phases   ] GC(19) Concurrent Reset Relocation Set 0.002ms
[53.588s][info][gc,phases   ] GC(19) Concurrent Select Relocation Set 1.443ms
[53.589s][info][gc,phases   ] GC(19) Pause Relocate Start 0.009ms
[53.590s][info][gc,phases   ] GC(19) Concurrent Relocate 1.381ms
[53.590s][info][gc,load     ] GC(19) Load: 0.00/0.00/0.00
[53.590s][info][gc,mmu      ] GC(19) MMU: 2ms/93.6%, 5ms/97.2%, 10ms/98.6%, 20ms/99.3%, 50ms/99.7%, 100ms/99.9%
[53.590s][info][gc,marking  ] GC(19) Mark: 2 stripe(s), 1 proactive flush(es), 1 terminate flush(es), 0 completion(s), 0 continuation(s) 
[53.590s][info][gc,marking  ] GC(19) Mark Stack Usage: 32M
[53.590s][info][gc,nmethod  ] GC(19) NMethods: 17869 registered, 1633 unregistered
[53.590s][info][gc,metaspace] GC(19) Metaspace: 59M used, 59M committed, 1088M reserved
[53.590s][info][gc,ref      ] GC(19) Soft: 893 encountered, 0 discovered, 0 enqueued
[53.590s][info][gc,ref      ] GC(19) Weak: 6176 encountered, 100 discovered, 70 enqueued
[53.590s][info][gc,ref      ] GC(19) Final: 0 encountered, 0 discovered, 0 enqueued
[53.590s][info][gc,ref      ] GC(19) Phantom: 79 encountered, 47 discovered, 0 enqueued
[53.590s][info][gc,reloc    ] GC(19) Small Pages: 163 / 326M, Empty: 224M, Relocated: 1M, In-Place: 0
[53.590s][info][gc,reloc    ] GC(19) Medium Pages: 2 / 64M, Empty: 32M, Relocated: 0M, In-Place: 0
[53.590s][info][gc,reloc    ] GC(19) Large Pages: 0 / 0M, Empty: 0M, Relocated: 0M, In-Place: 0
[53.590s][info][gc,reloc    ] GC(19) Forwarding Usage: 0M
[53.590s][info][gc,heap     ] GC(19) Min Capacity: 1024M(100%)
[53.590s][info][gc,heap     ] GC(19) Max Capacity: 1024M(100%)
[53.590s][info][gc,heap     ] GC(19) Soft Max Capacity: 1024M(100%)
[53.590s][info][gc,heap     ] GC(19)                Mark Start          Mark End        Relocate Start      Relocate End           High               Low         
[53.590s][info][gc,heap     ] GC(19)  Capacity:     1024M (100%)       1024M (100%)       1024M (100%)       1024M (100%)       1024M (100%)       1024M (100%)   
[53.590s][info][gc,heap     ] GC(19)      Free:      634M (62%)         634M (62%)         890M (87%)         960M (94%)         960M (94%)         634M (62%)    
[53.590s][info][gc,heap     ] GC(19)      Used:      390M (38%)         390M (38%)         134M (13%)          64M (6%)          390M (38%)          64M (6%)     
[53.590s][info][gc,heap     ] GC(19)      Live:         -                28M (3%)           28M (3%)           28M (3%)             -                  -          
[53.591s][info][gc,heap     ] GC(19) Allocated:         -                 0M (0%)            0M (0%)            0M (0%)             -                  -          
[53.591s][info][gc,heap     ] GC(19)   Garbage:         -               361M (35%)         105M (10%)          35M (3%)             -                  -          
[53.591s][info][gc,heap     ] GC(19) Reclaimed:         -                  -               256M (25%)         326M (32%)            -                  -          
[53.591s][info][gc          ] GC(19) Garbage Collection (System.gc()) 390M(38%)->64M(6%)
[55.708s][info][gc,start    ] GC(20) Garbage Collection (System.gc())
[55.708s][info][gc,task     ] GC(20) Using 2 workers
[55.709s][info][gc,phases   ] GC(20) Pause Mark Start 0.005ms
[55.734s][info][gc,phases   ] GC(20) Concurrent Mark 25.518ms
[55.734s][info][gc,phases   ] GC(20) Pause Mark End 0.026ms
[55.734s][info][gc,phases   ] GC(20) Concurrent Mark Free 0.002ms
[55.755s][info][gc,phases   ] GC(20) Concurrent Process Non-Strong References 20.263ms
[55.755s][info][gc,phases   ] GC(20) Concurrent Reset Relocation Set 0.003ms
[55.756s][info][gc,phases   ] GC(20) Concurrent Select Relocation Set 1.476ms
[55.756s][info][gc,phases   ] GC(20) Pause Relocate Start 0.009ms
[55.758s][info][gc,phases   ] GC(20) Concurrent Relocate 1.080ms
[55.758s][info][gc,load     ] GC(20) Load: 0.00/0.00/0.00
[55.758s][info][gc,mmu      ] GC(20) MMU: 2ms/93.6%, 5ms/97.2%, 10ms/98.6%, 20ms/99.3%, 50ms/99.7%, 100ms/99.9%
[55.758s][info][gc,marking  ] GC(20) Mark: 2 stripe(s), 2 proactive flush(es), 1 terminate flush(es), 0 completion(s), 0 continuation(s) 
[55.758s][info][gc,marking  ] GC(20) Mark Stack Usage: 32M
[55.758s][info][gc,nmethod  ] GC(20) NMethods: 18153 registered, 1633 unregistered
[55.758s][info][gc,metaspace] GC(20) Metaspace: 59M used, 59M committed, 1088M reserved
[55.758s][info][gc,ref      ] GC(20) Soft: 894 encountered, 0 discovered, 0 enqueued
[55.758s][info][gc,ref      ] GC(20) Weak: 6102 encountered, 48 discovered, 25 enqueued
[55.758s][info][gc,ref      ] GC(20) Final: 0 encountered, 0 discovered, 0 enqueued
[55.758s][info][gc,ref      ] GC(20) Phantom: 79 encountered, 57 discovered, 0 enqueued
[55.758s][info][gc,reloc    ] GC(20) Small Pages: 163 / 326M, Empty: 240M, Relocated: 1M, In-Place: 0
[55.758s][info][gc,reloc    ] GC(20) Medium Pages: 2 / 64M, Empty: 32M, Relocated: 0M, In-Place: 0
[55.758s][info][gc,reloc    ] GC(20) Large Pages: 0 / 0M, Empty: 0M, Relocated: 0M, In-Place: 0
[55.758s][info][gc,reloc    ] GC(20) Forwarding Usage: 0M
[55.758s][info][gc,heap     ] GC(20) Min Capacity: 1024M(100%)
[55.758s][info][gc,heap     ] GC(20) Max Capacity: 1024M(100%)
[55.758s][info][gc,heap     ] GC(20) Soft Max Capacity: 1024M(100%)
[55.758s][info][gc,heap     ] GC(20)                Mark Start          Mark End        Relocate Start      Relocate End           High               Low         
[55.758s][info][gc,heap     ] GC(20)  Capacity:     1024M (100%)       1024M (100%)       1024M (100%)       1024M (100%)       1024M (100%)       1024M (100%)   
[55.758s][info][gc,heap     ] GC(20)      Free:      634M (62%)         634M (62%)         906M (88%)         960M (94%)         960M (94%)         634M (62%)    
[55.758s][info][gc,heap     ] GC(20)      Used:      390M (38%)         390M (38%)         118M (12%)          64M (6%)          390M (38%)          64M (6%)     
[55.758s][info][gc,heap     ] GC(20)      Live:         -                28M (3%)           28M (3%)           28M (3%)             -                  -          
[55.758s][info][gc,heap     ] GC(20) Allocated:         -                 0M (0%)            0M (0%)            0M (0%)             -                  -          
[55.758s][info][gc,heap     ] GC(20)   Garbage:         -               361M (35%)          89M (9%)           35M (3%)             -                  -          
[55.758s][info][gc,heap     ] GC(20) Reclaimed:         -                  -               272M (27%)         326M (32%)            -                  -          
[55.758s][info][gc          ] GC(20) Garbage Collection (System.gc()) 390M(38%)->64M(6%)
[57.771s][info][gc,start    ] GC(21) Garbage Collection (System.gc())
[57.771s][info][gc,task     ] GC(21) Using 2 workers
[57.771s][info][gc,phases   ] GC(21) Pause Mark Start 0.005ms
[57.791s][info][gc,phases   ] GC(21) Concurrent Mark 19.682ms
[57.791s][info][gc,phases   ] GC(21) Pause Mark End 0.013ms
[57.791s][info][gc,phases   ] GC(21) Concurrent Mark Free 0.001ms
[57.811s][info][gc,phases   ] GC(21) Concurrent Process Non-Strong References 20.067ms
[57.811s][info][gc,phases   ] GC(21) Concurrent Reset Relocation Set 0.002ms
[57.812s][info][gc,phases   ] GC(21) Concurrent Select Relocation Set 1.186ms
[57.812s][info][gc,phases   ] GC(21) Pause Relocate Start 0.011ms
[57.813s][info][gc,phases   ] GC(21) Concurrent Relocate 0.782ms
[57.813s][info][gc,load     ] GC(21) Load: 0.00/0.00/0.00
[57.813s][info][gc,mmu      ] GC(21) MMU: 2ms/93.6%, 5ms/97.2%, 10ms/98.6%, 20ms/99.3%, 50ms/99.7%, 100ms/99.9%
[57.813s][info][gc,marking  ] GC(21) Mark: 2 stripe(s), 1 proactive flush(es), 1 terminate flush(es), 0 completion(s), 0 continuation(s) 
[57.813s][info][gc,marking  ] GC(21) Mark Stack Usage: 32M
[57.813s][info][gc,nmethod  ] GC(21) NMethods: 17760 registered, 2218 unregistered
[57.813s][info][gc,metaspace] GC(21) Metaspace: 59M used, 59M committed, 1088M reserved
[57.813s][info][gc,ref      ] GC(21) Soft: 894 encountered, 0 discovered, 0 enqueued
[57.813s][info][gc,ref      ] GC(21) Weak: 6177 encountered, 111 discovered, 70 enqueued
[57.813s][info][gc,ref      ] GC(21) Final: 0 encountered, 0 discovered, 0 enqueued
[57.813s][info][gc,ref      ] GC(21) Phantom: 79 encountered, 55 discovered, 0 enqueued
[57.813s][info][gc,reloc    ] GC(21) Small Pages: 164 / 328M, Empty: 228M, Relocated: 1M, In-Place: 0
[57.813s][info][gc,reloc    ] GC(21) Medium Pages: 2 / 64M, Empty: 32M, Relocated: 0M, In-Place: 0
[57.813s][info][gc,reloc    ] GC(21) Large Pages: 0 / 0M, Empty: 0M, Relocated: 0M, In-Place: 0
[57.813s][info][gc,reloc    ] GC(21) Forwarding Usage: 0M
[57.813s][info][gc,heap     ] GC(21) Min Capacity: 1024M(100%)
[57.813s][info][gc,heap     ] GC(21) Max Capacity: 1024M(100%)
[57.813s][info][gc,heap     ] GC(21) Soft Max Capacity: 1024M(100%)
[57.813s][info][gc,heap     ] GC(21)                Mark Start          Mark End        Relocate Start      Relocate End           High               Low         
[57.813s][info][gc,heap     ] GC(21)  Capacity:     1024M (100%)       1024M (100%)       1024M (100%)       1024M (100%)       1024M (100%)       1024M (100%)   
[57.813s][info][gc,heap     ] GC(21)      Free:      632M (62%)         632M (62%)         892M (87%)         960M (94%)         960M (94%)         632M (62%)    
[57.813s][info][gc,heap     ] GC(21)      Used:      392M (38%)         392M (38%)         132M (13%)          64M (6%)          392M (38%)          64M (6%)     
[57.813s][info][gc,heap     ] GC(21)      Live:         -                28M (3%)           28M (3%)           28M (3%)             -                  -          
[57.813s][info][gc,heap     ] GC(21) Allocated:         -                 0M (0%)            0M (0%)            0M (0%)             -                  -          
[57.813s][info][gc,heap     ] GC(21)   Garbage:         -               363M (35%)         103M (10%)          35M (3%)             -                  -          
[57.813s][info][gc,heap     ] GC(21) Reclaimed:         -                  -               260M (25%)         328M (32%)            -                  -          
[57.813s][info][gc          ] GC(21) Garbage Collection (System.gc()) 392M(38%)->64M(6%)
[59.842s][info][gc,start    ] GC(22) Garbage Collection (System.gc())
[59.842s][info][gc,task     ] GC(22) Using 2 workers
[59.842s][info][gc,phases   ] GC(22) Pause Mark Start 0.007ms
[59.864s][info][gc,phases   ] GC(22) Concurrent Mark 21.620ms
[59.864s][info][gc,phases   ] GC(22) Pause Mark End 0.019ms
[59.864s][info][gc,phases   ] GC(22) Concurrent Mark Free 0.001ms
[59.885s][info][gc,phases   ] GC(22) Concurrent Process Non-Strong References 20.585ms
[59.885s][info][gc,phases   ] GC(22) Concurrent Reset Relocation Set 0.002ms
[59.886s][info][gc,phases   ] GC(22) Concurrent Select Relocation Set 1.692ms
[59.887s][info][gc,phases   ] GC(22) Pause Relocate Start 0.009ms
[59.888s][info][gc,phases   ] GC(22) Concurrent Relocate 1.037ms
[59.888s][info][gc,load     ] GC(22) Load: 0.00/0.00/0.00
[59.888s][info][gc,mmu      ] GC(22) MMU: 2ms/93.6%, 5ms/97.2%, 10ms/98.6%, 20ms/99.3%, 50ms/99.7%, 100ms/99.9%
[59.888s][info][gc,marking  ] GC(22) Mark: 2 stripe(s), 2 proactive flush(es), 1 terminate flush(es), 0 completion(s), 0 continuation(s) 
[59.888s][info][gc,marking  ] GC(22) Mark Stack Usage: 32M
[59.888s][info][gc,nmethod  ] GC(22) NMethods: 18047 registered, 2218 unregistered
[59.888s][info][gc,metaspace] GC(22) Metaspace: 59M used, 59M committed, 1088M reserved
[59.888s][info][gc,ref      ] GC(22) Soft: 894 encountered, 0 discovered, 0 enqueued
[59.888s][info][gc,ref      ] GC(22) Weak: 6102 encountered, 45 discovered, 25 enqueued
[59.888s][info][gc,ref      ] GC(22) Final: 0 encountered, 0 discovered, 0 enqueued
[59.888s][info][gc,ref      ] GC(22) Phantom: 79 encountered, 43 discovered, 0 enqueued
[59.888s][info][gc,reloc    ] GC(22) Small Pages: 163 / 326M, Empty: 242M, Relocated: 1M, In-Place: 0
[59.888s][info][gc,reloc    ] GC(22) Medium Pages: 2 / 64M, Empty: 32M, Relocated: 0M, In-Place: 0
[59.888s][info][gc,reloc    ] GC(22) Large Pages: 0 / 0M, Empty: 0M, Relocated: 0M, In-Place: 0
[59.888s][info][gc,reloc    ] GC(22) Forwarding Usage: 0M
[59.888s][info][gc,heap     ] GC(22) Min Capacity: 1024M(100%)
[59.888s][info][gc,heap     ] GC(22) Max Capacity: 1024M(100%)
[59.888s][info][gc,heap     ] GC(22) Soft Max Capacity: 1024M(100%)
[59.888s][info][gc,heap     ] GC(22)                Mark Start          Mark End        Relocate Start      Relocate End           High               Low         
[59.888s][info][gc,heap     ] GC(22)  Capacity:     1024M (100%)       1024M (100%)       1024M (100%)       1024M (100%)       1024M (100%)       1024M (100%)   
[59.888s][info][gc,heap     ] GC(22)      Free:      634M (62%)         634M (62%)         908M (89%)         960M (94%)         960M (94%)         634M (62%)    
[59.888s][info][gc,heap     ] GC(22)      Used:      390M (38%)         390M (38%)         116M (11%)          64M (6%)          390M (38%)          64M (6%)     
[59.888s][info][gc,heap     ] GC(22)      Live:         -                28M (3%)           28M (3%)           28M (3%)             -                  -          
[59.888s][info][gc,heap     ] GC(22) Allocated:         -                 0M (0%)            0M (0%)            0M (0%)             -                  -          
[59.888s][info][gc,heap     ] GC(22)   Garbage:         -               361M (35%)          87M (9%)           35M (3%)             -                  -          
[59.888s][info][gc,heap     ] GC(22) Reclaimed:         -                  -               274M (27%)         326M (32%)            -                  -          
[59.888s][info][gc          ] GC(22) Garbage Collection (System.gc()) 390M(38%)->64M(6%)
[60.068s][info][gc,stats    ] === Garbage Collection Statistics =======================================================================================================================
[60.068s][info][gc,stats    ]                                                              Last 10s              Last 10m              Last 10h                Total
[60.068s][info][gc,stats    ]                                                              Avg / Max             Avg / Max             Avg / Max             Avg / Max
[60.068s][info][gc,stats    ]   Collector: Garbage Collection Cycle                     45.074 / 49.183       54.312 / 170.238      54.312 / 170.238      54.312 / 170.238     ms
[60.068s][info][gc,stats    ]  Contention: Mark Segment Reset Contention                     0 / 1                 0 / 1                 0 / 1                 0 / 1           ops/s
[60.068s][info][gc,stats    ]  Contention: Mark SeqNum Reset Contention                      0 / 1                 0 / 1                 0 / 1                 0 / 1           ops/s
[60.068s][info][gc,stats    ]    Critical: Allocation Stall                                  0 / 0                 0 / 0                 0 / 0                 0 / 0           ops/s
[60.068s][info][gc,stats    ]    Critical: Allocation Stall                              0.000 / 0.000         0.000 / 0.000         0.000 / 0.000         0.000 / 0.000       ms
[60.068s][info][gc,stats    ]    Critical: GC Locker Stall                                   0 / 0                 0 / 0                 0 / 0                 0 / 0           ops/s
[60.068s][info][gc,stats    ]    Critical: GC Locker Stall                               0.000 / 0.000         0.000 / 0.000         0.000 / 0.000         0.000 / 0.000       ms
[60.068s][info][gc,stats    ]    Critical: Relocation Stall                                  0 / 0                 0 / 0                 0 / 0                 0 / 0           ops/s
[60.068s][info][gc,stats    ]    Critical: Relocation Stall                              0.000 / 0.000         0.000 / 0.000         0.000 / 0.000         0.000 / 0.000       ms
[60.068s][info][gc,stats    ]      Memory: Allocation Rate                                 147 / 216             108 / 250             108 / 250             108 / 250         MB/s
[60.068s][info][gc,stats    ]      Memory: Out Of Memory                                     0 / 0                 0 / 0                 0 / 0                 0 / 0           ops/s
[60.068s][info][gc,stats    ]      Memory: Page Cache Flush                                  0 / 0                 0 / 0                 0 / 0                 0 / 0           MB/s
[60.068s][info][gc,stats    ]      Memory: Page Cache Hit L1                                67 / 108              46 / 112              46 / 112              46 / 112         ops/s
[60.068s][info][gc,stats    ]      Memory: Page Cache Hit L2                                 0 / 0                 0 / 0                 0 / 0                 0 / 0           ops/s
[60.068s][info][gc,stats    ]      Memory: Page Cache Hit L3                                 0 / 0                 3 / 28                3 / 28                3 / 28          ops/s
[60.068s][info][gc,stats    ]      Memory: Page Cache Miss                                   0 / 0                 0 / 1                 0 / 1                 0 / 1           ops/s
[60.068s][info][gc,stats    ]      Memory: Uncommit                                          0 / 0                 0 / 0                 0 / 0                 0 / 0           MB/s
[60.068s][info][gc,stats    ]      Memory: Undo Object Allocation Failed                     0 / 0                 0 / 0                 0 / 0                 0 / 0           ops/s
[60.068s][info][gc,stats    ]      Memory: Undo Object Allocation Succeeded                  0 / 0                 0 / 1                 0 / 1                 0 / 1           ops/s
[60.068s][info][gc,stats    ]      Memory: Undo Page Allocation                              0 / 0                 0 / 0                 0 / 0                 0 / 0           ops/s
[60.068s][info][gc,stats    ]       Phase: Concurrent Mark                              21.835 / 25.518       32.057 / 125.180      32.057 / 125.180      32.057 / 125.180     ms
[60.068s][info][gc,stats    ]       Phase: Concurrent Mark Continue                      0.000 / 0.000         0.000 / 0.000         0.000 / 0.000         0.000 / 0.000       ms
[60.068s][info][gc,stats    ]       Phase: Concurrent Mark Free                          0.002 / 0.002         0.001 / 0.003         0.001 / 0.003         0.001 / 0.003       ms
[60.068s][info][gc,stats    ]       Phase: Concurrent Process Non-Strong References     20.049 / 20.585       15.942 / 20.585       15.942 / 20.585       15.942 / 20.585      ms
[60.068s][info][gc,stats    ]       Phase: Concurrent Relocate                           1.009 / 1.381         3.370 / 22.669        3.370 / 22.669        3.370 / 22.669      ms
[60.068s][info][gc,stats    ]       Phase: Concurrent Reset Relocation Set               0.002 / 0.003         0.003 / 0.011         0.003 / 0.011         0.003 / 0.011       ms
[60.068s][info][gc,stats    ]       Phase: Concurrent Select Relocation Set              1.405 / 1.692         2.038 / 5.967         2.038 / 5.967         2.038 / 5.967       ms
[60.068s][info][gc,stats    ]       Phase: Pause Mark End                                0.018 / 0.026         0.028 / 0.129         0.028 / 0.129         0.028 / 0.129       ms
[60.068s][info][gc,stats    ]       Phase: Pause Mark Start                              0.006 / 0.009         0.006 / 0.009         0.006 / 0.009         0.006 / 0.009       ms
[60.068s][info][gc,stats    ]       Phase: Pause Relocate Start                          0.010 / 0.011         0.010 / 0.020         0.010 / 0.020         0.010 / 0.020       ms
[60.068s][info][gc,stats    ]    Subphase: Concurrent Classes Purge                      0.546 / 0.600         0.449 / 0.600         0.449 / 0.600         0.449 / 0.600       ms
[60.068s][info][gc,stats    ]    Subphase: Concurrent Classes Unlink                    18.519 / 18.854       14.406 / 18.854       14.406 / 18.854       14.406 / 18.854      ms
[60.068s][info][gc,stats    ]    Subphase: Concurrent Mark                              19.769 / 24.938       28.277 / 123.683      28.277 / 123.683      28.277 / 123.683     ms
[60.068s][info][gc,stats    ]    Subphase: Concurrent Mark Try Flush                     0.092 / 0.278         0.113 / 0.554         0.113 / 0.554         0.113 / 0.554       ms
[60.068s][info][gc,stats    ]    Subphase: Concurrent Mark Try Terminate                 1.209 / 7.031         2.461 / 13.655        2.461 / 13.655        2.461 / 13.655      ms
[60.068s][info][gc,stats    ]    Subphase: Concurrent References Enqueue                 0.007 / 0.008         0.006 / 0.008         0.006 / 0.008         0.006 / 0.008       ms
[60.068s][info][gc,stats    ]    Subphase: Concurrent References Process                 0.136 / 0.209         0.261 / 2.199         0.261 / 2.199         0.261 / 2.199       ms
[60.068s][info][gc,stats    ]    Subphase: Concurrent Roots ClassLoaderDataGraph         0.063 / 0.157         0.064 / 0.216         0.064 / 0.216         0.064 / 0.216       ms
[60.068s][info][gc,stats    ]    Subphase: Concurrent Roots CodeCache                    0.000 / 0.000         0.000 / 0.000         0.000 / 0.000         0.000 / 0.000       ms
[60.068s][info][gc,stats    ]    Subphase: Concurrent Roots JavaThreads                  0.195 / 0.405         0.289 / 2.857         0.289 / 2.857         0.289 / 2.857       ms
[60.068s][info][gc,stats    ]    Subphase: Concurrent Roots OopStorageSet                0.013 / 0.021         0.017 / 0.061         0.017 / 0.061         0.017 / 0.061       ms
[60.068s][info][gc,stats    ]    Subphase: Concurrent Weak Roots OopStorageSet           0.610 / 0.830         0.615 / 1.280         0.615 / 1.280         0.615 / 1.280       ms
[60.068s][info][gc,stats    ]    Subphase: Pause Mark Try Complete                       0.000 / 0.000         0.005 / 0.014         0.005 / 0.014         0.005 / 0.014       ms
[60.068s][info][gc,stats    ]      System: Java Threads                                     12 / 13               12 / 13               12 / 13               12 / 13          threads
[60.068s][info][gc,stats    ] =========================================================================================================================================================
[61.895s][info][gc,start    ] GC(23) Garbage Collection (System.gc())
[61.896s][info][gc,task     ] GC(23) Using 2 workers
[61.896s][info][gc,phases   ] GC(23) Pause Mark Start 0.007ms
[61.921s][info][gc,phases   ] GC(23) Concurrent Mark 24.889ms
[61.921s][info][gc,phases   ] GC(23) Pause Mark End 0.026ms
[61.921s][info][gc,phases   ] GC(23) Concurrent Mark Free 0.001ms
[61.941s][info][gc,phases   ] GC(23) Concurrent Process Non-Strong References 20.497ms
[61.941s][info][gc,phases   ] GC(23) Concurrent Reset Relocation Set 0.002ms
[61.943s][info][gc,phases   ] GC(23) Concurrent Select Relocation Set 1.542ms
[61.943s][info][gc,phases   ] GC(23) Pause Relocate Start 0.009ms
[61.944s][info][gc,phases   ] GC(23) Concurrent Relocate 0.788ms
[61.944s][info][gc,load     ] GC(23) Load: 0.00/0.00/0.00
[61.944s][info][gc,mmu      ] GC(23) MMU: 2ms/93.6%, 5ms/97.2%, 10ms/98.6%, 20ms/99.3%, 50ms/99.7%, 100ms/99.9%
[61.944s][info][gc,marking  ] GC(23) Mark: 2 stripe(s), 1 proactive flush(es), 1 terminate flush(es), 0 completion(s), 0 continuation(s) 
[61.944s][info][gc,marking  ] GC(23) Mark Stack Usage: 32M
[61.944s][info][gc,nmethod  ] GC(23) NMethods: 18196 registered, 2261 unregistered
[61.944s][info][gc,metaspace] GC(23) Metaspace: 59M used, 59M committed, 1088M reserved
[61.944s][info][gc,ref      ] GC(23) Soft: 894 encountered, 0 discovered, 0 enqueued
[61.944s][info][gc,ref      ] GC(23) Weak: 6177 encountered, 100 discovered, 70 enqueued
[61.944s][info][gc,ref      ] GC(23) Final: 0 encountered, 0 discovered, 0 enqueued
[61.944s][info][gc,ref      ] GC(23) Phantom: 79 encountered, 44 discovered, 0 enqueued
[61.944s][info][gc,reloc    ] GC(23) Small Pages: 164 / 328M, Empty: 248M, Relocated: 1M, In-Place: 0
[61.944s][info][gc,reloc    ] GC(23) Medium Pages: 2 / 64M, Empty: 32M, Relocated: 0M, In-Place: 0
[61.944s][info][gc,reloc    ] GC(23) Large Pages: 0 / 0M, Empty: 0M, Relocated: 0M, In-Place: 0
[61.944s][info][gc,reloc    ] GC(23) Forwarding Usage: 0M
[61.944s][info][gc,heap     ] GC(23) Min Capacity: 1024M(100%)
[61.944s][info][gc,heap     ] GC(23) Max Capacity: 1024M(100%)
[61.944s][info][gc,heap     ] GC(23) Soft Max Capacity: 1024M(100%)
[61.944s][info][gc,heap     ] GC(23)                Mark Start          Mark End        Relocate Start      Relocate End           High               Low         
[61.944s][info][gc,heap     ] GC(23)  Capacity:     1024M (100%)       1024M (100%)       1024M (100%)       1024M (100%)       1024M (100%)       1024M (100%)   
[61.944s][info][gc,heap     ] GC(23)      Free:      632M (62%)         632M (62%)         912M (89%)         960M (94%)         960M (94%)         632M (62%)    
[61.944s][info][gc,heap     ] GC(23)      Used:      392M (38%)         392M (38%)         112M (11%)          64M (6%)          392M (38%)          64M (6%)     
[61.944s][info][gc,heap     ] GC(23)      Live:         -                28M (3%)           28M (3%)           28M (3%)             -                  -          
[61.944s][info][gc,heap     ] GC(23) Allocated:         -                 0M (0%)            0M (0%)            0M (0%)             -                  -          
[61.944s][info][gc,heap     ] GC(23)   Garbage:         -               363M (35%)          83M (8%)           35M (3%)             -                  -          
[61.944s][info][gc,heap     ] GC(23) Reclaimed:         -                  -               280M (27%)         328M (32%)            -                  -          
[61.944s][info][gc          ] GC(23) Garbage Collection (System.gc()) 392M(38%)->64M(6%)
[63.988s][info][gc,start    ] GC(24) Garbage Collection (System.gc())
[63.988s][info][gc,task     ] GC(24) Using 2 workers
[63.988s][info][gc,phases   ] GC(24) Pause Mark Start 0.006ms
[64.011s][info][gc,phases   ] GC(24) Concurrent Mark 22.905ms
[64.011s][info][gc,phases   ] GC(24) Pause Mark End 0.022ms
[64.011s][info][gc,phases   ] GC(24) Concurrent Mark Free 0.002ms
[64.033s][info][gc,phases   ] GC(24) Concurrent Process Non-Strong References 21.814ms
[64.033s][info][gc,phases   ] GC(24) Concurrent Reset Relocation Set 0.002ms
[64.035s][info][gc,phases   ] GC(24) Concurrent Select Relocation Set 1.563ms
[64.035s][info][gc,phases   ] GC(24) Pause Relocate Start 0.009ms
[64.036s][info][gc,phases   ] GC(24) Concurrent Relocate 1.114ms
[64.036s][info][gc,load     ] GC(24) Load: 0.00/0.00/0.00
[64.036s][info][gc,mmu      ] GC(24) MMU: 2ms/93.6%, 5ms/97.2%, 10ms/98.6%, 20ms/99.3%, 50ms/99.7%, 100ms/99.9%
[64.036s][info][gc,marking  ] GC(24) Mark: 2 stripe(s), 1 proactive flush(es), 1 terminate flush(es), 0 completion(s), 0 continuation(s) 
[64.036s][info][gc,marking  ] GC(24) Mark Stack Usage: 32M
[64.036s][info][gc,nmethod  ] GC(24) NMethods: 18382 registered, 2261 unregistered
[64.036s][info][gc,metaspace] GC(24) Metaspace: 59M used, 59M committed, 1088M reserved
[64.036s][info][gc,ref      ] GC(24) Soft: 894 encountered, 0 discovered, 0 enqueued
[64.036s][info][gc,ref      ] GC(24) Weak: 6102 encountered, 49 discovered, 25 enqueued
[64.036s][info][gc,ref      ] GC(24) Final: 0 encountered, 0 discovered, 0 enqueued
[64.036s][info][gc,ref      ] GC(24) Phantom: 79 encountered, 46 discovered, 0 enqueued
[64.036s][info][gc,reloc    ] GC(24) Small Pages: 163 / 326M, Empty: 232M, Relocated: 1M, In-Place: 0
[64.036s][info][gc,reloc    ] GC(24) Medium Pages: 2 / 64M, Empty: 32M, Relocated: 0M, In-Place: 0
[64.036s][info][gc,reloc    ] GC(24) Large Pages: 0 / 0M, Empty: 0M, Relocated: 0M, In-Place: 0
[64.036s][info][gc,reloc    ] GC(24) Forwarding Usage: 0M
[64.036s][info][gc,heap     ] GC(24) Min Capacity: 1024M(100%)
[64.036s][info][gc,heap     ] GC(24) Max Capacity: 1024M(100%)
[64.036s][info][gc,heap     ] GC(24) Soft Max Capacity: 1024M(100%)
[64.036s][info][gc,heap     ] GC(24)                Mark Start          Mark End        Relocate Start      Relocate End           High               Low         
[64.036s][info][gc,heap     ] GC(24)  Capacity:     1024M (100%)       1024M (100%)       1024M (100%)       1024M (100%)       1024M (100%)       1024M (100%)   
[64.036s][info][gc,heap     ] GC(24)      Free:      634M (62%)         634M (62%)         898M (88%)         960M (94%)         960M (94%)         634M (62%)    
[64.036s][info][gc,heap     ] GC(24)      Used:      390M (38%)         390M (38%)         126M (12%)          64M (6%)          390M (38%)          64M (6%)     
[64.036s][info][gc,heap     ] GC(24)      Live:         -                28M (3%)           28M (3%)           28M (3%)             -                  -          
[64.036s][info][gc,heap     ] GC(24) Allocated:         -                 0M (0%)            0M (0%)            0M (0%)             -                  -          
[64.036s][info][gc,heap     ] GC(24)   Garbage:         -               361M (35%)          97M (10%)          35M (3%)             -                  -          
[64.036s][info][gc,heap     ] GC(24) Reclaimed:         -                  -               264M (26%)         326M (32%)            -                  -          
[64.036s][info][gc          ] GC(24) Garbage Collection (System.gc()) 390M(38%)->64M(6%)
[66.009s][info][gc,start    ] GC(25) Garbage Collection (System.gc())
[66.009s][info][gc,task     ] GC(25) Using 2 workers
[66.009s][info][gc,phases   ] GC(25) Pause Mark Start 0.007ms
[66.037s][info][gc,phases   ] GC(25) Concurrent Mark 27.512ms
[66.037s][info][gc,phases   ] GC(25) Pause Mark End 0.023ms
[66.037s][info][gc,phases   ] GC(25) Concurrent Mark Free 0.002ms
[66.058s][info][gc,phases   ] GC(25) Concurrent Process Non-Strong References 20.724ms
[66.058s][info][gc,phases   ] GC(25) Concurrent Reset Relocation Set 0.003ms
[66.059s][info][gc,phases   ] GC(25) Concurrent Select Relocation Set 1.656ms
[66.060s][info][gc,phases   ] GC(25) Pause Relocate Start 0.010ms
[66.060s][info][gc,phases   ] GC(25) Concurrent Relocate 0.803ms
[66.061s][info][gc,load     ] GC(25) Load: 0.00/0.00/0.00
[66.061s][info][gc,mmu      ] GC(25) MMU: 2ms/93.6%, 5ms/97.2%, 10ms/98.6%, 20ms/99.3%, 50ms/99.7%, 100ms/99.9%
[66.061s][info][gc,marking  ] GC(25) Mark: 2 stripe(s), 1 proactive flush(es), 1 terminate flush(es), 0 completion(s), 0 continuation(s) 
[66.061s][info][gc,marking  ] GC(25) Mark Stack Usage: 32M
[66.061s][info][gc,nmethod  ] GC(25) NMethods: 18248 registered, 2544 unregistered
[66.061s][info][gc,metaspace] GC(25) Metaspace: 59M used, 59M committed, 1088M reserved
[66.061s][info][gc,ref      ] GC(25) Soft: 894 encountered, 0 discovered, 0 enqueued
[66.061s][info][gc,ref      ] GC(25) Weak: 6177 encountered, 106 discovered, 70 enqueued
[66.061s][info][gc,ref      ] GC(25) Final: 0 encountered, 0 discovered, 0 enqueued
[66.061s][info][gc,ref      ] GC(25) Phantom: 79 encountered, 40 discovered, 0 enqueued
[66.061s][info][gc,reloc    ] GC(25) Small Pages: 163 / 326M, Empty: 244M, Relocated: 1M, In-Place: 0
[66.061s][info][gc,reloc    ] GC(25) Medium Pages: 2 / 64M, Empty: 32M, Relocated: 0M, In-Place: 0
[66.061s][info][gc,reloc    ] GC(25) Large Pages: 0 / 0M, Empty: 0M, Relocated: 0M, In-Place: 0
[66.061s][info][gc,reloc    ] GC(25) Forwarding Usage: 0M
[66.061s][info][gc,heap     ] GC(25) Min Capacity: 1024M(100%)
[66.061s][info][gc,heap     ] GC(25) Max Capacity: 1024M(100%)
[66.061s][info][gc,heap     ] GC(25) Soft Max Capacity: 1024M(100%)
[66.061s][info][gc,heap     ] GC(25)                Mark Start          Mark End        Relocate Start      Relocate End           High               Low         
[66.061s][info][gc,heap     ] GC(25)  Capacity:     1024M (100%)       1024M (100%)       1024M (100%)       1024M (100%)       1024M (100%)       1024M (100%)   
[66.061s][info][gc,heap     ] GC(25)      Free:      634M (62%)         634M (62%)         910M (89%)         960M (94%)         960M (94%)         634M (62%)    
[66.061s][info][gc,heap     ] GC(25)      Used:      390M (38%)         390M (38%)         114M (11%)          64M (6%)          390M (38%)          64M (6%)     
[66.061s][info][gc,heap     ] GC(25)      Live:         -                28M (3%)           28M (3%)           28M (3%)             -                  -          
[66.061s][info][gc,heap     ] GC(25) Allocated:         -                 0M (0%)            0M (0%)            0M (0%)             -                  -          
[66.061s][info][gc,heap     ] GC(25)   Garbage:         -               361M (35%)          85M (8%)           35M (3%)             -                  -          
[66.061s][info][gc,heap     ] GC(25) Reclaimed:         -                  -               276M (27%)         326M (32%)            -                  -          
[66.061s][info][gc          ] GC(25) Garbage Collection (System.gc()) 390M(38%)->64M(6%)
[68.012s][info][gc,start    ] GC(26) Garbage Collection (System.gc())
[68.012s][info][gc,task     ] GC(26) Using 2 workers
[68.012s][info][gc,phases   ] GC(26) Pause Mark Start 0.008ms
[68.046s][info][gc,phases   ] GC(26) Concurrent Mark 34.147ms
[68.046s][info][gc,phases   ] GC(26) Pause Mark End 0.013ms
[68.047s][info][gc,phases   ] GC(26) Concurrent Mark Free 0.001ms
[68.067s][info][gc,phases   ] GC(26) Concurrent Process Non-Strong References 20.454ms
[68.067s][info][gc,phases   ] GC(26) Concurrent Reset Relocation Set 0.002ms
[68.068s][info][gc,phases   ] GC(26) Concurrent Select Relocation Set 1.179ms
[68.068s][info][gc,phases   ] GC(26) Pause Relocate Start 0.010ms
[68.069s][info][gc,phases   ] GC(26) Concurrent Relocate 0.766ms
[68.069s][info][gc,load     ] GC(26) Load: 0.00/0.00/0.00
[68.069s][info][gc,mmu      ] GC(26) MMU: 2ms/93.6%, 5ms/97.2%, 10ms/98.6%, 20ms/99.3%, 50ms/99.7%, 100ms/99.9%
[68.069s][info][gc,marking  ] GC(26) Mark: 2 stripe(s), 2 proactive flush(es), 1 terminate flush(es), 0 completion(s), 0 continuation(s) 
[68.069s][info][gc,marking  ] GC(26) Mark Stack Usage: 32M
[68.069s][info][gc,nmethod  ] GC(26) NMethods: 18112 registered, 2843 unregistered
[68.069s][info][gc,metaspace] GC(26) Metaspace: 59M used, 59M committed, 1088M reserved
[68.069s][info][gc,ref      ] GC(26) Soft: 894 encountered, 0 discovered, 0 enqueued
[68.069s][info][gc,ref      ] GC(26) Weak: 6102 encountered, 61 discovered, 25 enqueued
[68.069s][info][gc,ref      ] GC(26) Final: 0 encountered, 0 discovered, 0 enqueued
[68.069s][info][gc,ref      ] GC(26) Phantom: 79 encountered, 55 discovered, 0 enqueued
[68.069s][info][gc,reloc    ] GC(26) Small Pages: 163 / 326M, Empty: 254M, Relocated: 1M, In-Place: 0
[68.069s][info][gc,reloc    ] GC(26) Medium Pages: 2 / 64M, Empty: 32M, Relocated: 0M, In-Place: 0
[68.069s][info][gc,reloc    ] GC(26) Large Pages: 0 / 0M, Empty: 0M, Relocated: 0M, In-Place: 0
[68.069s][info][gc,reloc    ] GC(26) Forwarding Usage: 0M
[68.069s][info][gc,heap     ] GC(26) Min Capacity: 1024M(100%)
[68.069s][info][gc,heap     ] GC(26) Max Capacity: 1024M(100%)
[68.069s][info][gc,heap     ] GC(26) Soft Max Capacity: 1024M(100%)
[68.069s][info][gc,heap     ] GC(26)                Mark Start          Mark End        Relocate Start      Relocate End           High               Low         
[68.069s][info][gc,heap     ] GC(26)  Capacity:     1024M (100%)       1024M (100%)       1024M (100%)       1024M (100%)       1024M (100%)       1024M (100%)   
[68.069s][info][gc,heap     ] GC(26)      Free:      634M (62%)         634M (62%)         920M (90%)         960M (94%)         960M (94%)         634M (62%)    
[68.069s][info][gc,heap     ] GC(26)      Used:      390M (38%)         390M (38%)         104M (10%)          64M (6%)          390M (38%)          64M (6%)     
[68.069s][info][gc,heap     ] GC(26)      Live:         -                28M (3%)           28M (3%)           28M (3%)             -                  -          
[68.069s][info][gc,heap     ] GC(26) Allocated:         -                 0M (0%)            0M (0%)            0M (0%)             -                  -          
[68.069s][info][gc,heap     ] GC(26)   Garbage:         -               361M (35%)          75M (7%)           35M (3%)             -                  -          
[68.069s][info][gc,heap     ] GC(26) Reclaimed:         -                  -               286M (28%)         326M (32%)            -                  -          
[68.069s][info][gc          ] GC(26) Garbage Collection (System.gc()) 390M(38%)->64M(6%)
[70.034s][info][gc,start    ] GC(27) Garbage Collection (System.gc())
[70.034s][info][gc,task     ] GC(27) Using 2 workers
[70.035s][info][gc,phases   ] GC(27) Pause Mark Start 0.006ms
[70.055s][info][gc,phases   ] GC(27) Concurrent Mark 20.629ms
[70.055s][info][gc,phases   ] GC(27) Pause Mark End 0.010ms
[70.055s][info][gc,phases   ] GC(27) Concurrent Mark Free 0.002ms
[70.071s][info][gc,stats    ] === Garbage Collection Statistics =======================================================================================================================
[70.071s][info][gc,stats    ]                                                              Last 10s              Last 10m              Last 10h                Total
[70.071s][info][gc,stats    ]                                                              Avg / Max             Avg / Max             Avg / Max             Avg / Max
[70.071s][info][gc,stats    ]   Collector: Garbage Collection Cycle                     51.393 / 57.196       53.880 / 170.238      53.880 / 170.238      53.880 / 170.238     ms
[70.071s][info][gc,stats    ]  Contention: Mark Segment Reset Contention                     0 / 1                 0 / 1                 0 / 1                 0 / 1           ops/s
[70.071s][info][gc,stats    ]  Contention: Mark SeqNum Reset Contention                      0 / 1                 0 / 1                 0 / 1                 0 / 1           ops/s
[70.071s][info][gc,stats    ]    Critical: Allocation Stall                                  0 / 0                 0 / 0                 0 / 0                 0 / 0           ops/s
[70.071s][info][gc,stats    ]    Critical: Allocation Stall                              0.000 / 0.000         0.000 / 0.000         0.000 / 0.000         0.000 / 0.000       ms
[70.071s][info][gc,stats    ]    Critical: GC Locker Stall                                   0 / 0                 0 / 0                 0 / 0                 0 / 0           ops/s
[70.071s][info][gc,stats    ]    Critical: GC Locker Stall                               0.000 / 0.000         0.000 / 0.000         0.000 / 0.000         0.000 / 0.000       ms
[70.071s][info][gc,stats    ]    Critical: Relocation Stall                                  0 / 0                 0 / 0                 0 / 0                 0 / 0           ops/s
[70.071s][info][gc,stats    ]    Critical: Relocation Stall                              0.000 / 0.000         0.000 / 0.000         0.000 / 0.000         0.000 / 0.000       ms
[70.071s][info][gc,stats    ]      Memory: Allocation Rate                                 154 / 276             114 / 276             114 / 276             114 / 276         MB/s
[70.071s][info][gc,stats    ]      Memory: Out Of Memory                                     0 / 0                 0 / 0                 0 / 0                 0 / 0           ops/s
[70.071s][info][gc,stats    ]      Memory: Page Cache Flush                                  0 / 0                 0 / 0                 0 / 0                 0 / 0           MB/s
[70.071s][info][gc,stats    ]      Memory: Page Cache Hit L1                                71 / 138              50 / 138              50 / 138              50 / 138         ops/s
[70.071s][info][gc,stats    ]      Memory: Page Cache Hit L2                                 0 / 0                 0 / 0                 0 / 0                 0 / 0           ops/s
[70.071s][info][gc,stats    ]      Memory: Page Cache Hit L3                                 0 / 0                 2 / 28                2 / 28                2 / 28          ops/s
[70.071s][info][gc,stats    ]      Memory: Page Cache Miss                                   0 / 0                 0 / 1                 0 / 1                 0 / 1           ops/s
[70.071s][info][gc,stats    ]      Memory: Uncommit                                          0 / 0                 0 / 0                 0 / 0                 0 / 0           MB/s
[70.071s][info][gc,stats    ]      Memory: Undo Object Allocation Failed                     0 / 0                 0 / 0                 0 / 0                 0 / 0           ops/s
[70.071s][info][gc,stats    ]      Memory: Undo Object Allocation Succeeded                  0 / 0                 0 / 1                 0 / 1                 0 / 1           ops/s
[70.071s][info][gc,stats    ]      Memory: Undo Page Allocation                              0 / 0                 0 / 0                 0 / 0                 0 / 0           ops/s
[70.071s][info][gc,stats    ]       Phase: Concurrent Mark                              26.017 / 34.147       30.978 / 125.180      30.978 / 125.180      30.978 / 125.180     ms
[70.071s][info][gc,stats    ]       Phase: Concurrent Mark Continue                      0.000 / 0.000         0.000 / 0.000         0.000 / 0.000         0.000 / 0.000       ms
[70.071s][info][gc,stats    ]       Phase: Concurrent Mark Free                          0.002 / 0.002         0.001 / 0.003         0.001 / 0.003         0.001 / 0.003       ms
[70.071s][info][gc,stats    ]       Phase: Concurrent Process Non-Strong References     20.872 / 21.814       16.673 / 21.814       16.673 / 21.814       16.673 / 21.814      ms
[70.071s][info][gc,stats    ]       Phase: Concurrent Relocate                           0.868 / 1.114         2.999 / 22.669        2.999 / 22.669        2.999 / 22.669      ms
[70.071s][info][gc,stats    ]       Phase: Concurrent Reset Relocation Set               0.002 / 0.003         0.003 / 0.011         0.003 / 0.011         0.003 / 0.011       ms
[70.071s][info][gc,stats    ]       Phase: Concurrent Select Relocation Set              1.485 / 1.656         1.956 / 5.967         1.956 / 5.967         1.956 / 5.967       ms
[70.071s][info][gc,stats    ]       Phase: Pause Mark End                                0.019 / 0.026         0.026 / 0.129         0.026 / 0.129         0.026 / 0.129       ms
[70.071s][info][gc,stats    ]       Phase: Pause Mark Start                              0.007 / 0.008         0.006 / 0.009         0.006 / 0.009         0.006 / 0.009       ms
[70.071s][info][gc,stats    ]       Phase: Pause Relocate Start                          0.010 / 0.010         0.010 / 0.020         0.010 / 0.020         0.010 / 0.020       ms
[70.071s][info][gc,stats    ]    Subphase: Concurrent Classes Purge                      0.553 / 0.604         0.464 / 0.604         0.464 / 0.604         0.464 / 0.604       ms
[70.071s][info][gc,stats    ]    Subphase: Concurrent Classes Unlink                    19.073 / 19.885       15.098 / 19.885       15.098 / 19.885       15.098 / 19.885      ms
[70.071s][info][gc,stats    ]    Subphase: Concurrent Mark                              22.407 / 33.806       27.229 / 123.683      27.229 / 123.683      27.229 / 123.683     ms
[70.071s][info][gc,stats    ]    Subphase: Concurrent Mark Try Flush                     0.071 / 0.137         0.105 / 0.554         0.105 / 0.554         0.105 / 0.554       ms
[70.071s][info][gc,stats    ]    Subphase: Concurrent Mark Try Terminate                 2.704 / 16.620        2.505 / 16.620        2.505 / 16.620        2.505 / 16.620      ms
[70.071s][info][gc,stats    ]    Subphase: Concurrent References Enqueue                 0.006 / 0.008         0.006 / 0.008         0.006 / 0.008         0.006 / 0.008       ms
[70.071s][info][gc,stats    ]    Subphase: Concurrent References Process                 0.132 / 0.156         0.238 / 2.199         0.238 / 2.199         0.238 / 2.199       ms
[70.071s][info][gc,stats    ]    Subphase: Concurrent Roots ClassLoaderDataGraph         0.057 / 0.105         0.063 / 0.216         0.063 / 0.216         0.063 / 0.216       ms
[70.071s][info][gc,stats    ]    Subphase: Concurrent Roots CodeCache                    0.000 / 0.000         0.000 / 0.000         0.000 / 0.000         0.000 / 0.000       ms
[70.071s][info][gc,stats    ]    Subphase: Concurrent Roots JavaThreads                  0.161 / 0.285         0.266 / 2.857         0.266 / 2.857         0.266 / 2.857       ms
[70.071s][info][gc,stats    ]    Subphase: Concurrent Roots OopStorageSet                0.012 / 0.022         0.016 / 0.061         0.016 / 0.061         0.016 / 0.061       ms
[70.071s][info][gc,stats    ]    Subphase: Concurrent Weak Roots OopStorageSet           0.777 / 0.952         0.644 / 1.280         0.644 / 1.280         0.644 / 1.280       ms
[70.071s][info][gc,stats    ]    Subphase: Pause Mark Try Complete                       0.000 / 0.000         0.005 / 0.014         0.005 / 0.014         0.005 / 0.014       ms
[70.071s][info][gc,stats    ]      System: Java Threads                                     12 / 13               12 / 13               12 / 13               12 / 13          threads
[70.071s][info][gc,stats    ] =========================================================================================================================================================
[70.076s][info][gc,phases   ] GC(27) Concurrent Process Non-Strong References 20.736ms
[70.076s][info][gc,phases   ] GC(27) Concurrent Reset Relocation Set 0.001ms
[70.077s][info][gc,phases   ] GC(27) Concurrent Select Relocation Set 1.197ms
[70.078s][info][gc,phases   ] GC(27) Pause Relocate Start 0.009ms
[70.078s][info][gc,phases   ] GC(27) Concurrent Relocate 0.779ms
[70.078s][info][gc,load     ] GC(27) Load: 0.00/0.00/0.00
[70.078s][info][gc,mmu      ] GC(27) MMU: 2ms/93.6%, 5ms/97.2%, 10ms/98.6%, 20ms/99.3%, 50ms/99.7%, 100ms/99.9%
[70.078s][info][gc,marking  ] GC(27) Mark: 2 stripe(s), 2 proactive flush(es), 1 terminate flush(es), 0 completion(s), 0 continuation(s) 
[70.078s][info][gc,marking  ] GC(27) Mark Stack Usage: 32M
[70.078s][info][gc,nmethod  ] GC(27) NMethods: 18242 registered, 2843 unregistered
[70.078s][info][gc,metaspace] GC(27) Metaspace: 59M used, 59M committed, 1088M reserved
[70.078s][info][gc,ref      ] GC(27) Soft: 894 encountered, 0 discovered, 0 enqueued
[70.078s][info][gc,ref      ] GC(27) Weak: 6177 encountered, 101 discovered, 70 enqueued
[70.078s][info][gc,ref      ] GC(27) Final: 0 encountered, 0 discovered, 0 enqueued
[70.078s][info][gc,ref      ] GC(27) Phantom: 79 encountered, 42 discovered, 0 enqueued
[70.078s][info][gc,reloc    ] GC(27) Small Pages: 164 / 328M, Empty: 248M, Relocated: 1M, In-Place: 0
[70.079s][info][gc,reloc    ] GC(27) Medium Pages: 2 / 64M, Empty: 32M, Relocated: 0M, In-Place: 0
[70.079s][info][gc,reloc    ] GC(27) Large Pages: 0 / 0M, Empty: 0M, Relocated: 0M, In-Place: 0
[70.079s][info][gc,reloc    ] GC(27) Forwarding Usage: 0M
[70.079s][info][gc,heap     ] GC(27) Min Capacity: 1024M(100%)
[70.079s][info][gc,heap     ] GC(27) Max Capacity: 1024M(100%)
[70.079s][info][gc,heap     ] GC(27) Soft Max Capacity: 1024M(100%)
[70.079s][info][gc,heap     ] GC(27)                Mark Start          Mark End        Relocate Start      Relocate End           High               Low         
[70.079s][info][gc,heap     ] GC(27)  Capacity:     1024M (100%)       1024M (100%)       1024M (100%)       1024M (100%)       1024M (100%)       1024M (100%)   
[70.079s][info][gc,heap     ] GC(27)      Free:      632M (62%)         632M (62%)         912M (89%)         960M (94%)         960M (94%)         632M (62%)    
[70.079s][info][gc,heap     ] GC(27)      Used:      392M (38%)         392M (38%)         112M (11%)          64M (6%)          392M (38%)          64M (6%)     
[70.079s][info][gc,heap     ] GC(27)      Live:         -                28M (3%)           28M (3%)           28M (3%)             -                  -          
[70.079s][info][gc,heap     ] GC(27) Allocated:         -                 0M (0%)            0M (0%)            0M (0%)             -                  -          
[70.079s][info][gc,heap     ] GC(27)   Garbage:         -               363M (35%)          83M (8%)           35M (3%)             -                  -          
[70.079s][info][gc,heap     ] GC(27) Reclaimed:         -                  -               280M (27%)         328M (32%)            -                  -          
[70.079s][info][gc          ] GC(27) Garbage Collection (System.gc()) 392M(38%)->64M(6%)
[72.018s][info][gc,start    ] GC(28) Garbage Collection (System.gc())
[72.018s][info][gc,task     ] GC(28) Using 2 workers
[72.018s][info][gc,phases   ] GC(28) Pause Mark Start 0.007ms
[72.048s][info][gc,phases   ] GC(28) Concurrent Mark 30.231ms
[72.048s][info][gc,phases   ] GC(28) Pause Mark End 0.025ms
[72.048s][info][gc,phases   ] GC(28) Concurrent Mark Free 0.003ms
[72.069s][info][gc,phases   ] GC(28) Concurrent Process Non-Strong References 20.761ms
[72.069s][info][gc,phases   ] GC(28) Concurrent Reset Relocation Set 0.003ms
[72.071s][info][gc,phases   ] GC(28) Concurrent Select Relocation Set 1.353ms
[72.071s][info][gc,phases   ] GC(28) Pause Relocate Start 0.009ms
[72.073s][info][gc,phases   ] GC(28) Concurrent Relocate 1.745ms
[72.073s][info][gc,load     ] GC(28) Load: 0.00/0.00/0.00
[72.073s][info][gc,mmu      ] GC(28) MMU: 2ms/93.6%, 5ms/97.2%, 10ms/98.6%, 20ms/99.3%, 50ms/99.7%, 100ms/99.9%
[72.073s][info][gc,marking  ] GC(28) Mark: 2 stripe(s), 1 proactive flush(es), 1 terminate flush(es), 0 completion(s), 0 continuation(s) 
[72.073s][info][gc,marking  ] GC(28) Mark Stack Usage: 32M
[72.073s][info][gc,nmethod  ] GC(28) NMethods: 18409 registered, 2843 unregistered
[72.073s][info][gc,metaspace] GC(28) Metaspace: 59M used, 59M committed, 1088M reserved
[72.073s][info][gc,ref      ] GC(28) Soft: 894 encountered, 0 discovered, 0 enqueued
[72.073s][info][gc,ref      ] GC(28) Weak: 6102 encountered, 47 discovered, 25 enqueued
[72.073s][info][gc,ref      ] GC(28) Final: 0 encountered, 0 discovered, 0 enqueued
[72.073s][info][gc,ref      ] GC(28) Phantom: 79 encountered, 48 discovered, 0 enqueued
[72.073s][info][gc,reloc    ] GC(28) Small Pages: 164 / 328M, Empty: 250M, Relocated: 1M, In-Place: 0
[72.073s][info][gc,reloc    ] GC(28) Medium Pages: 2 / 64M, Empty: 32M, Relocated: 0M, In-Place: 0
[72.073s][info][gc,reloc    ] GC(28) Large Pages: 0 / 0M, Empty: 0M, Relocated: 0M, In-Place: 0
[72.073s][info][gc,reloc    ] GC(28) Forwarding Usage: 0M
[72.073s][info][gc,heap     ] GC(28) Min Capacity: 1024M(100%)
[72.073s][info][gc,heap     ] GC(28) Max Capacity: 1024M(100%)
[72.073s][info][gc,heap     ] GC(28) Soft Max Capacity: 1024M(100%)
[72.073s][info][gc,heap     ] GC(28)                Mark Start          Mark End        Relocate Start      Relocate End           High               Low         
[72.073s][info][gc,heap     ] GC(28)  Capacity:     1024M (100%)       1024M (100%)       1024M (100%)       1024M (100%)       1024M (100%)       1024M (100%)   
[72.073s][info][gc,heap     ] GC(28)      Free:      632M (62%)         632M (62%)         914M (89%)         960M (94%)         960M (94%)         632M (62%)    
[72.073s][info][gc,heap     ] GC(28)      Used:      392M (38%)         392M (38%)         110M (11%)          64M (6%)          392M (38%)          64M (6%)     
[72.073s][info][gc,heap     ] GC(28)      Live:         -                28M (3%)           28M (3%)           28M (3%)             -                  -          
[72.073s][info][gc,heap     ] GC(28) Allocated:         -                 0M (0%)            0M (0%)            0M (0%)             -                  -          
[72.073s][info][gc,heap     ] GC(28)   Garbage:         -               363M (35%)          81M (8%)           35M (3%)             -                  -          
[72.073s][info][gc,heap     ] GC(28) Reclaimed:         -                  -               282M (28%)         328M (32%)            -                  -          
[72.073s][info][gc          ] GC(28) Garbage Collection (System.gc()) 392M(38%)->64M(6%)
[74.026s][info][gc,start    ] GC(29) Garbage Collection (System.gc())
[74.026s][info][gc,task     ] GC(29) Using 2 workers
[74.026s][info][gc,phases   ] GC(29) Pause Mark Start 0.007ms
[74.057s][info][gc,phases   ] GC(29) Concurrent Mark 31.016ms
[74.057s][info][gc,phases   ] GC(29) Pause Mark End 0.014ms
[74.057s][info][gc,phases   ] GC(29) Concurrent Mark Free 0.001ms
[74.078s][info][gc,phases   ] GC(29) Concurrent Process Non-Strong References 20.822ms
[74.078s][info][gc,phases   ] GC(29) Concurrent Reset Relocation Set 0.002ms
[74.080s][info][gc,phases   ] GC(29) Concurrent Select Relocation Set 1.365ms
[74.080s][info][gc,phases   ] GC(29) Pause Relocate Start 0.009ms
[74.081s][info][gc,phases   ] GC(29) Concurrent Relocate 0.914ms
[74.081s][info][gc,load     ] GC(29) Load: 0.00/0.00/0.00
[74.081s][info][gc,mmu      ] GC(29) MMU: 2ms/93.6%, 5ms/97.2%, 10ms/98.6%, 20ms/99.3%, 50ms/99.7%, 100ms/99.9%
[74.081s][info][gc,marking  ] GC(29) Mark: 2 stripe(s), 1 proactive flush(es), 1 terminate flush(es), 0 completion(s), 0 continuation(s) 
[74.081s][info][gc,marking  ] GC(29) Mark Stack Usage: 32M
[74.081s][info][gc,nmethod  ] GC(29) NMethods: 18484 registered, 2879 unregistered
[74.081s][info][gc,metaspace] GC(29) Metaspace: 59M used, 60M committed, 1088M reserved
[74.081s][info][gc,ref      ] GC(29) Soft: 894 encountered, 0 discovered, 0 enqueued
[74.081s][info][gc,ref      ] GC(29) Weak: 6177 encountered, 105 discovered, 70 enqueued
[74.081s][info][gc,ref      ] GC(29) Final: 0 encountered, 0 discovered, 0 enqueued
[74.081s][info][gc,ref      ] GC(29) Phantom: 79 encountered, 40 discovered, 0 enqueued
[74.081s][info][gc,reloc    ] GC(29) Small Pages: 163 / 326M, Empty: 252M, Relocated: 1M, In-Place: 0
[74.081s][info][gc,reloc    ] GC(29) Medium Pages: 2 / 64M, Empty: 32M, Relocated: 0M, In-Place: 0
[74.081s][info][gc,reloc    ] GC(29) Large Pages: 0 / 0M, Empty: 0M, Relocated: 0M, In-Place: 0
[74.081s][info][gc,reloc    ] GC(29) Forwarding Usage: 0M
[74.081s][info][gc,heap     ] GC(29) Min Capacity: 1024M(100%)
[74.081s][info][gc,heap     ] GC(29) Max Capacity: 1024M(100%)
[74.081s][info][gc,heap     ] GC(29) Soft Max Capacity: 1024M(100%)
[74.081s][info][gc,heap     ] GC(29)                Mark Start          Mark End        Relocate Start      Relocate End           High               Low         
[74.081s][info][gc,heap     ] GC(29)  Capacity:     1024M (100%)       1024M (100%)       1024M (100%)       1024M (100%)       1024M (100%)       1024M (100%)   
[74.081s][info][gc,heap     ] GC(29)      Free:      634M (62%)         634M (62%)         918M (90%)         960M (94%)         960M (94%)         634M (62%)    
[74.081s][info][gc,heap     ] GC(29)      Used:      390M (38%)         390M (38%)         106M (10%)          64M (6%)          390M (38%)          64M (6%)     
[74.081s][info][gc,heap     ] GC(29)      Live:         -                28M (3%)           28M (3%)           28M (3%)             -                  -          
[74.081s][info][gc,heap     ] GC(29) Allocated:         -                 0M (0%)            0M (0%)            0M (0%)             -                  -          
[74.081s][info][gc,heap     ] GC(29)   Garbage:         -               361M (35%)          77M (8%)           35M (3%)             -                  -          
[74.081s][info][gc,heap     ] GC(29) Reclaimed:         -                  -               284M (28%)         326M (32%)            -                  -          
[74.081s][info][gc          ] GC(29) Garbage Collection (System.gc()) 390M(38%)->64M(6%)
[75.992s][info][gc,start    ] GC(30) Garbage Collection (System.gc())
[75.992s][info][gc,task     ] GC(30) Using 2 workers
[75.992s][info][gc,phases   ] GC(30) Pause Mark Start 0.005ms
[76.020s][info][gc,phases   ] GC(30) Concurrent Mark 27.525ms
[76.020s][info][gc,phases   ] GC(30) Pause Mark End 0.015ms
[76.020s][info][gc,phases   ] GC(30) Concurrent Mark Free 0.001ms
[76.041s][info][gc,phases   ] GC(30) Concurrent Process Non-Strong References 21.731ms
[76.041s][info][gc,phases   ] GC(30) Concurrent Reset Relocation Set 0.002ms
[76.043s][info][gc,phases   ] GC(30) Concurrent Select Relocation Set 1.198ms
[76.043s][info][gc,phases   ] GC(30) Pause Relocate Start 0.009ms
[76.044s][info][gc,phases   ] GC(30) Concurrent Relocate 0.774ms
[76.044s][info][gc,load     ] GC(30) Load: 0.00/0.00/0.00
[76.044s][info][gc,mmu      ] GC(30) MMU: 2ms/93.6%, 5ms/97.2%, 10ms/98.6%, 20ms/99.3%, 50ms/99.7%, 100ms/99.9%
[76.044s][info][gc,marking  ] GC(30) Mark: 2 stripe(s), 2 proactive flush(es), 1 terminate flush(es), 0 completion(s), 0 continuation(s) 
[76.044s][info][gc,marking  ] GC(30) Mark Stack Usage: 32M
[76.044s][info][gc,nmethod  ] GC(30) NMethods: 18659 registered, 2879 unregistered
[76.044s][info][gc,metaspace] GC(30) Metaspace: 59M used, 60M committed, 1088M reserved
[76.044s][info][gc,ref      ] GC(30) Soft: 894 encountered, 0 discovered, 0 enqueued
[76.044s][info][gc,ref      ] GC(30) Weak: 6102 encountered, 45 discovered, 25 enqueued
[76.044s][info][gc,ref      ] GC(30) Final: 0 encountered, 0 discovered, 0 enqueued
[76.044s][info][gc,ref      ] GC(30) Phantom: 79 encountered, 48 discovered, 0 enqueued
[76.044s][info][gc,reloc    ] GC(30) Small Pages: 162 / 324M, Empty: 246M, Relocated: 1M, In-Place: 0
[76.044s][info][gc,reloc    ] GC(30) Medium Pages: 2 / 64M, Empty: 32M, Relocated: 0M, In-Place: 0
[76.044s][info][gc,reloc    ] GC(30) Large Pages: 0 / 0M, Empty: 0M, Relocated: 0M, In-Place: 0
[76.044s][info][gc,reloc    ] GC(30) Forwarding Usage: 0M
[76.044s][info][gc,heap     ] GC(30) Min Capacity: 1024M(100%)
[76.044s][info][gc,heap     ] GC(30) Max Capacity: 1024M(100%)
[76.044s][info][gc,heap     ] GC(30) Soft Max Capacity: 1024M(100%)
[76.044s][info][gc,heap     ] GC(30)                Mark Start          Mark End        Relocate Start      Relocate End           High               Low         
[76.044s][info][gc,heap     ] GC(30)  Capacity:     1024M (100%)       1024M (100%)       1024M (100%)       1024M (100%)       1024M (100%)       1024M (100%)   
[76.044s][info][gc,heap     ] GC(30)      Free:      636M (62%)         636M (62%)         914M (89%)         960M (94%)         960M (94%)         636M (62%)    
[76.044s][info][gc,heap     ] GC(30)      Used:      388M (38%)         388M (38%)         110M (11%)          64M (6%)          388M (38%)          64M (6%)     
[76.044s][info][gc,heap     ] GC(30)      Live:         -                28M (3%)           28M (3%)           28M (3%)             -                  -          
[76.044s][info][gc,heap     ] GC(30) Allocated:         -                 0M (0%)            0M (0%)            0M (0%)             -                  -          
[76.044s][info][gc,heap     ] GC(30)   Garbage:         -               359M (35%)          81M (8%)           35M (3%)             -                  -          
[76.044s][info][gc,heap     ] GC(30) Reclaimed:         -                  -               278M (27%)         324M (32%)            -                  -          
[76.044s][info][gc          ] GC(30) Garbage Collection (System.gc()) 388M(38%)->64M(6%)
[77.968s][info][gc,start    ] GC(31) Garbage Collection (System.gc())
[77.968s][info][gc,task     ] GC(31) Using 2 workers
[77.968s][info][gc,phases   ] GC(31) Pause Mark Start 0.008ms
[77.997s][info][gc,phases   ] GC(31) Concurrent Mark 29.248ms
[77.997s][info][gc,phases   ] GC(31) Pause Mark End 0.024ms
[77.998s][info][gc,phases   ] GC(31) Concurrent Mark Free 0.003ms
[78.020s][info][gc,phases   ] GC(31) Concurrent Process Non-Strong References 22.002ms
[78.020s][info][gc,phases   ] GC(31) Concurrent Reset Relocation Set 0.001ms
[78.021s][info][gc,phases   ] GC(31) Concurrent Select Relocation Set 1.329ms
[78.021s][info][gc,phases   ] GC(31) Pause Relocate Start 0.008ms
[78.022s][info][gc,phases   ] GC(31) Concurrent Relocate 0.843ms
[78.022s][info][gc,load     ] GC(31) Load: 0.00/0.00/0.00
[78.022s][info][gc,mmu      ] GC(31) MMU: 2ms/93.6%, 5ms/97.2%, 10ms/98.6%, 20ms/99.3%, 50ms/99.7%, 100ms/99.9%
[78.022s][info][gc,marking  ] GC(31) Mark: 2 stripe(s), 1 proactive flush(es), 1 terminate flush(es), 0 completion(s), 0 continuation(s) 
[78.022s][info][gc,marking  ] GC(31) Mark Stack Usage: 32M
[78.022s][info][gc,nmethod  ] GC(31) NMethods: 18754 registered, 2879 unregistered
[78.022s][info][gc,metaspace] GC(31) Metaspace: 59M used, 60M committed, 1088M reserved
[78.022s][info][gc,ref      ] GC(31) Soft: 894 encountered, 0 discovered, 0 enqueued
[78.022s][info][gc,ref      ] GC(31) Weak: 6177 encountered, 96 discovered, 70 enqueued
[78.022s][info][gc,ref      ] GC(31) Final: 0 encountered, 0 discovered, 0 enqueued
[78.022s][info][gc,ref      ] GC(31) Phantom: 79 encountered, 48 discovered, 0 enqueued
[78.022s][info][gc,reloc    ] GC(31) Small Pages: 163 / 326M, Empty: 248M, Relocated: 1M, In-Place: 0
[78.022s][info][gc,reloc    ] GC(31) Medium Pages: 2 / 64M, Empty: 32M, Relocated: 0M, In-Place: 0
[78.022s][info][gc,reloc    ] GC(31) Large Pages: 0 / 0M, Empty: 0M, Relocated: 0M, In-Place: 0
[78.022s][info][gc,reloc    ] GC(31) Forwarding Usage: 0M
[78.022s][info][gc,heap     ] GC(31) Min Capacity: 1024M(100%)
[78.022s][info][gc,heap     ] GC(31) Max Capacity: 1024M(100%)
[78.022s][info][gc,heap     ] GC(31) Soft Max Capacity: 1024M(100%)
[78.022s][info][gc,heap     ] GC(31)                Mark Start          Mark End        Relocate Start      Relocate End           High               Low         
[78.022s][info][gc,heap     ] GC(31)  Capacity:     1024M (100%)       1024M (100%)       1024M (100%)       1024M (100%)       1024M (100%)       1024M (100%)   
[78.022s][info][gc,heap     ] GC(31)      Free:      634M (62%)         634M (62%)         914M (89%)         960M (94%)         960M (94%)         634M (62%)    
[78.022s][info][gc,heap     ] GC(31)      Used:      390M (38%)         390M (38%)         110M (11%)          64M (6%)          390M (38%)          64M (6%)     
[78.022s][info][gc,heap     ] GC(31)      Live:         -                28M (3%)           28M (3%)           28M (3%)             -                  -          
[78.022s][info][gc,heap     ] GC(31) Allocated:         -                 0M (0%)            0M (0%)            0M (0%)             -                  -          
[78.022s][info][gc,heap     ] GC(31)   Garbage:         -               361M (35%)          81M (8%)           35M (3%)             -                  -          
[78.022s][info][gc,heap     ] GC(31) Reclaimed:         -                  -               280M (27%)         326M (32%)            -                  -          
[78.022s][info][gc          ] GC(31) Garbage Collection (System.gc()) 390M(38%)->64M(6%)
[79.945s][info][gc,start    ] GC(32) Garbage Collection (System.gc())
[79.945s][info][gc,task     ] GC(32) Using 2 workers
[79.945s][info][gc,phases   ] GC(32) Pause Mark Start 0.011ms
[79.977s][info][gc,phases   ] GC(32) Concurrent Mark 31.850ms
[79.977s][info][gc,phases   ] GC(32) Pause Mark End 0.022ms
[79.977s][info][gc,phases   ] GC(32) Concurrent Mark Free 0.002ms
[79.998s][info][gc,phases   ] GC(32) Concurrent Process Non-Strong References 21.170ms
[79.998s][info][gc,phases   ] GC(32) Concurrent Reset Relocation Set 0.002ms
[80.000s][info][gc,phases   ] GC(32) Concurrent Select Relocation Set 1.375ms
[80.000s][info][gc,phases   ] GC(32) Pause Relocate Start 0.008ms
[80.001s][info][gc,phases   ] GC(32) Concurrent Relocate 0.784ms
[80.001s][info][gc,load     ] GC(32) Load: 0.00/0.00/0.00
[80.001s][info][gc,mmu      ] GC(32) MMU: 2ms/93.6%, 5ms/97.2%, 10ms/98.6%, 20ms/99.3%, 50ms/99.7%, 100ms/99.9%
[80.001s][info][gc,marking  ] GC(32) Mark: 2 stripe(s), 1 proactive flush(es), 1 terminate flush(es), 0 completion(s), 0 continuation(s) 
[80.001s][info][gc,marking  ] GC(32) Mark Stack Usage: 32M
[80.001s][info][gc,nmethod  ] GC(32) NMethods: 18645 registered, 3089 unregistered
[80.001s][info][gc,metaspace] GC(32) Metaspace: 59M used, 60M committed, 1088M reserved
[80.001s][info][gc,ref      ] GC(32) Soft: 894 encountered, 0 discovered, 0 enqueued
[80.001s][info][gc,ref      ] GC(32) Weak: 6102 encountered, 40 discovered, 25 enqueued
[80.001s][info][gc,ref      ] GC(32) Final: 0 encountered, 0 discovered, 0 enqueued
[80.001s][info][gc,ref      ] GC(32) Phantom: 79 encountered, 46 discovered, 0 enqueued
[80.001s][info][gc,reloc    ] GC(32) Small Pages: 162 / 324M, Empty: 242M, Relocated: 1M, In-Place: 0
[80.001s][info][gc,reloc    ] GC(32) Medium Pages: 2 / 64M, Empty: 32M, Relocated: 0M, In-Place: 0
[80.001s][info][gc,reloc    ] GC(32) Large Pages: 0 / 0M, Empty: 0M, Relocated: 0M, In-Place: 0
[80.001s][info][gc,reloc    ] GC(32) Forwarding Usage: 0M
[80.001s][info][gc,heap     ] GC(32) Min Capacity: 1024M(100%)
[80.001s][info][gc,heap     ] GC(32) Max Capacity: 1024M(100%)
[80.001s][info][gc,heap     ] GC(32) Soft Max Capacity: 1024M(100%)
[80.001s][info][gc,heap     ] GC(32)                Mark Start          Mark End        Relocate Start      Relocate End           High               Low         
[80.001s][info][gc,heap     ] GC(32)  Capacity:     1024M (100%)       1024M (100%)       1024M (100%)       1024M (100%)       1024M (100%)       1024M (100%)   
[80.001s][info][gc,heap     ] GC(32)      Free:      636M (62%)         636M (62%)         910M (89%)         960M (94%)         960M (94%)         636M (62%)    
[80.001s][info][gc,heap     ] GC(32)      Used:      388M (38%)         388M (38%)         114M (11%)          64M (6%)          388M (38%)          64M (6%)     
[80.001s][info][gc,heap     ] GC(32)      Live:         -                28M (3%)           28M (3%)           28M (3%)             -                  -          
[80.001s][info][gc,heap     ] GC(32) Allocated:         -                 0M (0%)            0M (0%)            0M (0%)             -                  -          
[80.001s][info][gc,heap     ] GC(32)   Garbage:         -               359M (35%)          85M (8%)           35M (3%)             -                  -          
[80.001s][info][gc,heap     ] GC(32) Reclaimed:         -                  -               274M (27%)         324M (32%)            -                  -          
[80.001s][info][gc          ] GC(32) Garbage Collection (System.gc()) 388M(38%)->64M(6%)
[80.070s][info][gc,stats    ] === Garbage Collection Statistics =======================================================================================================================
[80.070s][info][gc,stats    ]                                                              Last 10s              Last 10m              Last 10h                Total
[80.070s][info][gc,stats    ]                                                              Avg / Max             Avg / Max             Avg / Max             Avg / Max
[80.070s][info][gc,stats    ]   Collector: Garbage Collection Cycle                     52.698 / 56.017       53.665 / 170.238      53.665 / 170.238      53.665 / 170.238     ms
[80.070s][info][gc,stats    ]  Contention: Mark Segment Reset Contention                     0 / 1                 0 / 1                 0 / 1                 0 / 1           ops/s
[80.070s][info][gc,stats    ]  Contention: Mark SeqNum Reset Contention                      0 / 1                 0 / 1                 0 / 1                 0 / 1           ops/s
[80.070s][info][gc,stats    ]    Critical: Allocation Stall                                  0 / 0                 0 / 0                 0 / 0                 0 / 0           ops/s
[80.070s][info][gc,stats    ]    Critical: Allocation Stall                              0.000 / 0.000         0.000 / 0.000         0.000 / 0.000         0.000 / 0.000       ms
[80.070s][info][gc,stats    ]    Critical: GC Locker Stall                                   0 / 0                 0 / 0                 0 / 0                 0 / 0           ops/s
[80.071s][info][gc,stats    ]    Critical: GC Locker Stall                               0.000 / 0.000         0.000 / 0.000         0.000 / 0.000         0.000 / 0.000       ms
[80.071s][info][gc,stats    ]    Critical: Relocation Stall                                  0 / 0                 0 / 0                 0 / 0                 0 / 0           ops/s
[80.071s][info][gc,stats    ]    Critical: Relocation Stall                              0.000 / 0.000         0.000 / 0.000         0.000 / 0.000         0.000 / 0.000       ms
[80.071s][info][gc,stats    ]      Memory: Allocation Rate                                 169 / 318             121 / 318             121 / 318             121 / 318         MB/s
[80.071s][info][gc,stats    ]      Memory: Out Of Memory                                     0 / 0                 0 / 0                 0 / 0                 0 / 0           ops/s
[80.071s][info][gc,stats    ]      Memory: Page Cache Flush                                  0 / 0                 0 / 0                 0 / 0                 0 / 0           MB/s
[80.071s][info][gc,stats    ]      Memory: Page Cache Hit L1                                77 / 146              53 / 146              53 / 146              53 / 146         ops/s
[80.071s][info][gc,stats    ]      Memory: Page Cache Hit L2                                 0 / 0                 0 / 0                 0 / 0                 0 / 0           ops/s
[80.071s][info][gc,stats    ]      Memory: Page Cache Hit L3                                 0 / 0                 2 / 28                2 / 28                2 / 28          ops/s
[80.071s][info][gc,stats    ]      Memory: Page Cache Miss                                   0 / 0                 0 / 1                 0 / 1                 0 / 1           ops/s
[80.071s][info][gc,stats    ]      Memory: Uncommit                                          0 / 0                 0 / 0                 0 / 0                 0 / 0           MB/s
[80.071s][info][gc,stats    ]      Memory: Undo Object Allocation Failed                     0 / 0                 0 / 0                 0 / 0                 0 / 0           ops/s
[80.071s][info][gc,stats    ]      Memory: Undo Object Allocation Succeeded                  0 / 0                 0 / 1                 0 / 1                 0 / 1           ops/s
[80.071s][info][gc,stats    ]      Memory: Undo Page Allocation                              0 / 0                 0 / 0                 0 / 0                 0 / 0           ops/s
[80.071s][info][gc,stats    ]       Phase: Concurrent Mark                              29.974 / 31.850       30.826 / 125.180      30.826 / 125.180      30.826 / 125.180     ms
[80.071s][info][gc,stats    ]       Phase: Concurrent Mark Continue                      0.000 / 0.000         0.000 / 0.000         0.000 / 0.000         0.000 / 0.000       ms
[80.071s][info][gc,stats    ]       Phase: Concurrent Mark Free                          0.002 / 0.003         0.002 / 0.003         0.002 / 0.003         0.002 / 0.003       ms
[80.071s][info][gc,stats    ]       Phase: Concurrent Process Non-Strong References     21.204 / 22.002       17.497 / 22.002       17.497 / 22.002       17.497 / 22.002      ms
[80.071s][info][gc,stats    ]       Phase: Concurrent Relocate                           0.973 / 1.745         2.631 / 22.669        2.631 / 22.669        2.631 / 22.669      ms
[80.071s][info][gc,stats    ]       Phase: Concurrent Reset Relocation Set               0.002 / 0.003         0.003 / 0.011         0.003 / 0.011         0.003 / 0.011       ms
[80.071s][info][gc,stats    ]       Phase: Concurrent Select Relocation Set              1.303 / 1.375         1.838 / 5.967         1.838 / 5.967         1.838 / 5.967       ms
[80.071s][info][gc,stats    ]       Phase: Pause Mark End                                0.020 / 0.025         0.025 / 0.129         0.025 / 0.129         0.025 / 0.129       ms
[80.071s][info][gc,stats    ]       Phase: Pause Mark Start                              0.007 / 0.011         0.006 / 0.011         0.006 / 0.011         0.006 / 0.011       ms
[80.071s][info][gc,stats    ]       Phase: Pause Relocate Start                          0.009 / 0.009         0.010 / 0.020         0.010 / 0.020         0.010 / 0.020       ms
[80.071s][info][gc,stats    ]    Subphase: Concurrent Classes Purge                      0.563 / 0.669         0.482 / 0.669         0.482 / 0.669         0.482 / 0.669       ms
[80.071s][info][gc,stats    ]    Subphase: Concurrent Classes Unlink                    19.653 / 20.449       15.926 / 20.449       15.926 / 20.449       15.926 / 20.449      ms
[80.071s][info][gc,stats    ]    Subphase: Concurrent Mark                              24.163 / 31.454       26.764 / 123.683      26.764 / 123.683      26.764 / 123.683     ms
[80.071s][info][gc,stats    ]    Subphase: Concurrent Mark Try Flush                     0.090 / 0.247         0.103 / 0.554         0.103 / 0.554         0.103 / 0.554       ms
[80.071s][info][gc,stats    ]    Subphase: Concurrent Mark Try Terminate                 3.842 / 12.688        2.707 / 16.620        2.707 / 16.620        2.707 / 16.620      ms
[80.071s][info][gc,stats    ]    Subphase: Concurrent References Enqueue                 0.006 / 0.008         0.006 / 0.008         0.006 / 0.008         0.006 / 0.008       ms
[80.071s][info][gc,stats    ]    Subphase: Concurrent References Process                 0.120 / 0.170         0.220 / 2.199         0.220 / 2.199         0.220 / 2.199       ms
[80.071s][info][gc,stats    ]    Subphase: Concurrent Roots ClassLoaderDataGraph         0.058 / 0.107         0.062 / 0.216         0.062 / 0.216         0.062 / 0.216       ms
[80.071s][info][gc,stats    ]    Subphase: Concurrent Roots CodeCache                    0.000 / 0.000         0.000 / 0.000         0.000 / 0.000         0.000 / 0.000       ms
[80.071s][info][gc,stats    ]    Subphase: Concurrent Roots JavaThreads                  0.149 / 0.224         0.248 / 2.857         0.248 / 2.857         0.248 / 2.857       ms
[80.071s][info][gc,stats    ]    Subphase: Concurrent Roots OopStorageSet                0.012 / 0.020         0.015 / 0.061         0.015 / 0.061         0.015 / 0.061       ms
[80.071s][info][gc,stats    ]    Subphase: Concurrent Weak Roots OopStorageSet           0.668 / 0.855         0.647 / 1.280         0.647 / 1.280         0.647 / 1.280       ms
[80.071s][info][gc,stats    ]    Subphase: Pause Mark Try Complete                       0.000 / 0.000         0.005 / 0.014         0.005 / 0.014         0.005 / 0.014       ms
[80.071s][info][gc,stats    ]      System: Java Threads                                     12 / 12               12 / 13               12 / 13               12 / 13          threads
[80.071s][info][gc,stats    ] =========================================================================================================================================================
[81.922s][info][gc,start    ] GC(33) Garbage Collection (System.gc())
[81.922s][info][gc,task     ] GC(33) Using 2 workers
[81.922s][info][gc,phases   ] GC(33) Pause Mark Start 0.004ms
[81.954s][info][gc,phases   ] GC(33) Concurrent Mark 32.262ms
[81.954s][info][gc,phases   ] GC(33) Pause Mark End 0.019ms
[81.954s][info][gc,phases   ] GC(33) Concurrent Mark Free 0.001ms
[81.976s][info][gc,phases   ] GC(33) Concurrent Process Non-Strong References 21.169ms
[81.976s][info][gc,phases   ] GC(33) Concurrent Reset Relocation Set 0.002ms
[81.977s][info][gc,phases   ] GC(33) Concurrent Select Relocation Set 1.520ms
[81.977s][info][gc,phases   ] GC(33) Pause Relocate Start 0.009ms
[81.978s][info][gc,phases   ] GC(33) Concurrent Relocate 1.012ms
[81.979s][info][gc,load     ] GC(33) Load: 0.00/0.00/0.00
[81.979s][info][gc,mmu      ] GC(33) MMU: 2ms/93.6%, 5ms/97.2%, 10ms/98.6%, 20ms/99.3%, 50ms/99.7%, 100ms/99.9%
[81.979s][info][gc,marking  ] GC(33) Mark: 2 stripe(s), 1 proactive flush(es), 1 terminate flush(es), 0 completion(s), 0 continuation(s) 
[81.979s][info][gc,marking  ] GC(33) Mark Stack Usage: 32M
[81.979s][info][gc,nmethod  ] GC(33) NMethods: 18453 registered, 3435 unregistered
[81.979s][info][gc,metaspace] GC(33) Metaspace: 59M used, 60M committed, 1088M reserved
[81.979s][info][gc,ref      ] GC(33) Soft: 894 encountered, 0 discovered, 0 enqueued
[81.979s][info][gc,ref      ] GC(33) Weak: 6177 encountered, 87 discovered, 70 enqueued
[81.979s][info][gc,ref      ] GC(33) Final: 0 encountered, 0 discovered, 0 enqueued
[81.979s][info][gc,ref      ] GC(33) Phantom: 79 encountered, 40 discovered, 0 enqueued
[81.979s][info][gc,reloc    ] GC(33) Small Pages: 163 / 326M, Empty: 244M, Relocated: 1M, In-Place: 0
[81.979s][info][gc,reloc    ] GC(33) Medium Pages: 2 / 64M, Empty: 32M, Relocated: 0M, In-Place: 0
[81.979s][info][gc,reloc    ] GC(33) Large Pages: 0 / 0M, Empty: 0M, Relocated: 0M, In-Place: 0
[81.979s][info][gc,reloc    ] GC(33) Forwarding Usage: 0M
[81.979s][info][gc,heap     ] GC(33) Min Capacity: 1024M(100%)
[81.979s][info][gc,heap     ] GC(33) Max Capacity: 1024M(100%)
[81.979s][info][gc,heap     ] GC(33) Soft Max Capacity: 1024M(100%)
[81.979s][info][gc,heap     ] GC(33)                Mark Start          Mark End        Relocate Start      Relocate End           High               Low         
[81.979s][info][gc,heap     ] GC(33)  Capacity:     1024M (100%)       1024M (100%)       1024M (100%)       1024M (100%)       1024M (100%)       1024M (100%)   
[81.979s][info][gc,heap     ] GC(33)      Free:      634M (62%)         634M (62%)         910M (89%)         960M (94%)         960M (94%)         634M (62%)    
[81.979s][info][gc,heap     ] GC(33)      Used:      390M (38%)         390M (38%)         114M (11%)          64M (6%)          390M (38%)          64M (6%)     
[81.979s][info][gc,heap     ] GC(33)      Live:         -                28M (3%)           28M (3%)           28M (3%)             -                  -          
[81.979s][info][gc,heap     ] GC(33) Allocated:         -                 0M (0%)            0M (0%)            0M (0%)             -                  -          
[81.979s][info][gc,heap     ] GC(33)   Garbage:         -               361M (35%)          85M (8%)           35M (3%)             -                  -          
[81.979s][info][gc,heap     ] GC(33) Reclaimed:         -                  -               276M (27%)         326M (32%)            -                  -          
[81.979s][info][gc          ] GC(33) Garbage Collection (System.gc()) 390M(38%)->64M(6%)
[83.879s][info][gc,start    ] GC(34) Garbage Collection (System.gc())
[83.879s][info][gc,task     ] GC(34) Using 2 workers
[83.879s][info][gc,phases   ] GC(34) Pause Mark Start 0.005ms
[83.902s][info][gc,phases   ] GC(34) Concurrent Mark 22.393ms
[83.902s][info][gc,phases   ] GC(34) Pause Mark End 0.024ms
[83.902s][info][gc,phases   ] GC(34) Concurrent Mark Free 0.002ms
[83.923s][info][gc,phases   ] GC(34) Concurrent Process Non-Strong References 21.189ms
[83.923s][info][gc,phases   ] GC(34) Concurrent Reset Relocation Set 0.003ms
[83.925s][info][gc,phases   ] GC(34) Concurrent Select Relocation Set 1.855ms
[83.925s][info][gc,phases   ] GC(34) Pause Relocate Start 0.009ms
[83.926s][info][gc,phases   ] GC(34) Concurrent Relocate 1.077ms
[83.926s][info][gc,load     ] GC(34) Load: 0.00/0.00/0.00
[83.926s][info][gc,mmu      ] GC(34) MMU: 2ms/93.6%, 5ms/97.2%, 10ms/98.6%, 20ms/99.3%, 50ms/99.7%, 100ms/99.9%
[83.926s][info][gc,marking  ] GC(34) Mark: 2 stripe(s), 1 proactive flush(es), 1 terminate flush(es), 0 completion(s), 0 continuation(s) 
[83.926s][info][gc,marking  ] GC(34) Mark Stack Usage: 32M
[83.926s][info][gc,nmethod  ] GC(34) NMethods: 18562 registered, 3435 unregistered
[83.926s][info][gc,metaspace] GC(34) Metaspace: 59M used, 60M committed, 1088M reserved
[83.926s][info][gc,ref      ] GC(34) Soft: 894 encountered, 0 discovered, 0 enqueued
[83.926s][info][gc,ref      ] GC(34) Weak: 6102 encountered, 43 discovered, 25 enqueued
[83.926s][info][gc,ref      ] GC(34) Final: 0 encountered, 0 discovered, 0 enqueued
[83.926s][info][gc,ref      ] GC(34) Phantom: 79 encountered, 48 discovered, 0 enqueued
[83.926s][info][gc,reloc    ] GC(34) Small Pages: 162 / 324M, Empty: 252M, Relocated: 1M, In-Place: 0
[83.926s][info][gc,reloc    ] GC(34) Medium Pages: 2 / 64M, Empty: 32M, Relocated: 0M, In-Place: 0
[83.926s][info][gc,reloc    ] GC(34) Large Pages: 0 / 0M, Empty: 0M, Relocated: 0M, In-Place: 0
[83.926s][info][gc,reloc    ] GC(34) Forwarding Usage: 0M
[83.926s][info][gc,heap     ] GC(34) Min Capacity: 1024M(100%)
[83.927s][info][gc,heap     ] GC(34) Max Capacity: 1024M(100%)
[83.927s][info][gc,heap     ] GC(34) Soft Max Capacity: 1024M(100%)
[83.927s][info][gc,heap     ] GC(34)                Mark Start          Mark End        Relocate Start      Relocate End           High               Low         
[83.927s][info][gc,heap     ] GC(34)  Capacity:     1024M (100%)       1024M (100%)       1024M (100%)       1024M (100%)       1024M (100%)       1024M (100%)   
[83.927s][info][gc,heap     ] GC(34)      Free:      636M (62%)         636M (62%)         920M (90%)         960M (94%)         960M (94%)         636M (62%)    
[83.927s][info][gc,heap     ] GC(34)      Used:      388M (38%)         388M (38%)         104M (10%)          64M (6%)          388M (38%)          64M (6%)     
[83.927s][info][gc,heap     ] GC(34)      Live:         -                28M (3%)           28M (3%)           28M (3%)             -                  -          
[83.927s][info][gc,heap     ] GC(34) Allocated:         -                 0M (0%)            0M (0%)            0M (0%)             -                  -          
[83.927s][info][gc,heap     ] GC(34)   Garbage:         -               359M (35%)          75M (7%)           35M (3%)             -                  -          
[83.927s][info][gc,heap     ] GC(34) Reclaimed:         -                  -               284M (28%)         324M (32%)            -                  -          
[83.927s][info][gc          ] GC(34) Garbage Collection (System.gc()) 388M(38%)->64M(6%)
[85.813s][info][gc,start    ] GC(35) Garbage Collection (System.gc())
[85.813s][info][gc,task     ] GC(35) Using 2 workers
[85.813s][info][gc,phases   ] GC(35) Pause Mark Start 0.009ms
[85.833s][info][gc,phases   ] GC(35) Concurrent Mark 19.853ms
[85.833s][info][gc,phases   ] GC(35) Pause Mark End 0.010ms
[85.833s][info][gc,phases   ] GC(35) Concurrent Mark Free 0.001ms
[85.853s][info][gc,phases   ] GC(35) Concurrent Process Non-Strong References 19.913ms
[85.853s][info][gc,phases   ] GC(35) Concurrent Reset Relocation Set 0.002ms
[85.854s][info][gc,phases   ] GC(35) Concurrent Select Relocation Set 1.401ms
[85.855s][info][gc,phases   ] GC(35) Pause Relocate Start 0.009ms
[85.855s][info][gc,phases   ] GC(35) Concurrent Relocate 0.772ms
[85.855s][info][gc,load     ] GC(35) Load: 0.00/0.00/0.00
[85.855s][info][gc,mmu      ] GC(35) MMU: 2ms/93.6%, 5ms/97.2%, 10ms/98.6%, 20ms/99.3%, 50ms/99.7%, 100ms/99.9%
[85.855s][info][gc,marking  ] GC(35) Mark: 2 stripe(s), 2 proactive flush(es), 1 terminate flush(es), 0 completion(s), 0 continuation(s) 
[85.855s][info][gc,marking  ] GC(35) Mark Stack Usage: 32M
[85.855s][info][gc,nmethod  ] GC(35) NMethods: 18632 registered, 3435 unregistered
[85.855s][info][gc,metaspace] GC(35) Metaspace: 59M used, 60M committed, 1088M reserved
[85.855s][info][gc,ref      ] GC(35) Soft: 894 encountered, 0 discovered, 0 enqueued
[85.855s][info][gc,ref      ] GC(35) Weak: 6177 encountered, 119 discovered, 70 enqueued
[85.855s][info][gc,ref      ] GC(35) Final: 0 encountered, 0 discovered, 0 enqueued
[85.855s][info][gc,ref      ] GC(35) Phantom: 79 encountered, 45 discovered, 0 enqueued
[85.855s][info][gc,reloc    ] GC(35) Small Pages: 162 / 324M, Empty: 252M, Relocated: 1M, In-Place: 0
[85.855s][info][gc,reloc    ] GC(35) Medium Pages: 2 / 64M, Empty: 32M, Relocated: 0M, In-Place: 0
[85.855s][info][gc,reloc    ] GC(35) Large Pages: 0 / 0M, Empty: 0M, Relocated: 0M, In-Place: 0
[85.855s][info][gc,reloc    ] GC(35) Forwarding Usage: 0M
[85.855s][info][gc,heap     ] GC(35) Min Capacity: 1024M(100%)
[85.855s][info][gc,heap     ] GC(35) Max Capacity: 1024M(100%)
[85.855s][info][gc,heap     ] GC(35) Soft Max Capacity: 1024M(100%)
[85.855s][info][gc,heap     ] GC(35)                Mark Start          Mark End        Relocate Start      Relocate End           High               Low         
[85.855s][info][gc,heap     ] GC(35)  Capacity:     1024M (100%)       1024M (100%)       1024M (100%)       1024M (100%)       1024M (100%)       1024M (100%)   
[85.856s][info][gc,heap     ] GC(35)      Free:      636M (62%)         636M (62%)         920M (90%)         960M (94%)         960M (94%)         636M (62%)    
[85.856s][info][gc,heap     ] GC(35)      Used:      388M (38%)         388M (38%)         104M (10%)          64M (6%)          388M (38%)          64M (6%)     
[85.856s][info][gc,heap     ] GC(35)      Live:         -                28M (3%)           28M (3%)           28M (3%)             -                  -          
[85.856s][info][gc,heap     ] GC(35) Allocated:         -                 0M (0%)            0M (0%)            0M (0%)             -                  -          
[85.856s][info][gc,heap     ] GC(35)   Garbage:         -               359M (35%)          75M (7%)           35M (3%)             -                  -          
[85.856s][info][gc,heap     ] GC(35) Reclaimed:         -                  -               284M (28%)         324M (32%)            -                  -          
[85.856s][info][gc          ] GC(35) Garbage Collection (System.gc()) 388M(38%)->64M(6%)
[87.763s][info][gc,start    ] GC(36) Garbage Collection (System.gc())
[87.763s][info][gc,task     ] GC(36) Using 2 workers
[87.763s][info][gc,phases   ] GC(36) Pause Mark Start 0.010ms
[87.796s][info][gc,phases   ] GC(36) Concurrent Mark 32.998ms
[87.796s][info][gc,phases   ] GC(36) Pause Mark End 0.018ms
[87.796s][info][gc,phases   ] GC(36) Concurrent Mark Free 0.001ms
[87.818s][info][gc,phases   ] GC(36) Concurrent Process Non-Strong References 22.107ms
[87.819s][info][gc,phases   ] GC(36) Concurrent Reset Relocation Set 0.001ms
[87.820s][info][gc,phases   ] GC(36) Concurrent Select Relocation Set 1.207ms
[87.820s][info][gc,phases   ] GC(36) Pause Relocate Start 0.009ms
[87.821s][info][gc,phases   ] GC(36) Concurrent Relocate 1.241ms
[87.821s][info][gc,load     ] GC(36) Load: 0.00/0.00/0.00
[87.821s][info][gc,mmu      ] GC(36) MMU: 2ms/93.6%, 5ms/97.2%, 10ms/98.6%, 20ms/99.3%, 50ms/99.7%, 100ms/99.9%
[87.821s][info][gc,marking  ] GC(36) Mark: 2 stripe(s), 1 proactive flush(es), 1 terminate flush(es), 0 completion(s), 0 continuation(s) 
[87.821s][info][gc,marking  ] GC(36) Mark Stack Usage: 32M
[87.821s][info][gc,nmethod  ] GC(36) NMethods: 18832 registered, 3435 unregistered
[87.821s][info][gc,metaspace] GC(36) Metaspace: 59M used, 60M committed, 1088M reserved
[87.821s][info][gc,ref      ] GC(36) Soft: 894 encountered, 0 discovered, 0 enqueued
[87.821s][info][gc,ref      ] GC(36) Weak: 6102 encountered, 46 discovered, 25 enqueued
[87.821s][info][gc,ref      ] GC(36) Final: 0 encountered, 0 discovered, 0 enqueued
[87.821s][info][gc,ref      ] GC(36) Phantom: 79 encountered, 43 discovered, 0 enqueued
[87.821s][info][gc,reloc    ] GC(36) Small Pages: 162 / 324M, Empty: 252M, Relocated: 1M, In-Place: 0
[87.821s][info][gc,reloc    ] GC(36) Medium Pages: 2 / 64M, Empty: 32M, Relocated: 0M, In-Place: 0
[87.821s][info][gc,reloc    ] GC(36) Large Pages: 0 / 0M, Empty: 0M, Relocated: 0M, In-Place: 0
[87.821s][info][gc,reloc    ] GC(36) Forwarding Usage: 0M
[87.821s][info][gc,heap     ] GC(36) Min Capacity: 1024M(100%)
[87.821s][info][gc,heap     ] GC(36) Max Capacity: 1024M(100%)
[87.821s][info][gc,heap     ] GC(36) Soft Max Capacity: 1024M(100%)
[87.821s][info][gc,heap     ] GC(36)                Mark Start          Mark End        Relocate Start      Relocate End           High               Low         
[87.821s][info][gc,heap     ] GC(36)  Capacity:     1024M (100%)       1024M (100%)       1024M (100%)       1024M (100%)       1024M (100%)       1024M (100%)   
[87.821s][info][gc,heap     ] GC(36)      Free:      636M (62%)         636M (62%)         920M (90%)         960M (94%)         960M (94%)         636M (62%)    
[87.822s][info][gc,heap     ] GC(36)      Used:      388M (38%)         388M (38%)         104M (10%)          64M (6%)          388M (38%)          64M (6%)     
[87.822s][info][gc,heap     ] GC(36)      Live:         -                28M (3%)           28M (3%)           28M (3%)             -                  -          
[87.822s][info][gc,heap     ] GC(36) Allocated:         -                 0M (0%)            0M (0%)            0M (0%)             -                  -          
[87.822s][info][gc,heap     ] GC(36)   Garbage:         -               359M (35%)          75M (7%)           35M (3%)             -                  -          
[87.822s][info][gc,heap     ] GC(36) Reclaimed:         -                  -               284M (28%)         324M (32%)            -                  -          
[87.822s][info][gc          ] GC(36) Garbage Collection (System.gc()) 388M(38%)->64M(6%)
[89.703s][info][gc,start    ] GC(37) Garbage Collection (System.gc())
[89.703s][info][gc,task     ] GC(37) Using 2 workers
[89.703s][info][gc,phases   ] GC(37) Pause Mark Start 0.005ms
[89.728s][info][gc,phases   ] GC(37) Concurrent Mark 24.463ms
[89.728s][info][gc,phases   ] GC(37) Pause Mark End 0.025ms
[89.728s][info][gc,phases   ] GC(37) Concurrent Mark Free 0.003ms
[89.749s][info][gc,phases   ] GC(37) Concurrent Process Non-Strong References 21.245ms
[89.749s][info][gc,phases   ] GC(37) Concurrent Reset Relocation Set 0.001ms
[89.750s][info][gc,phases   ] GC(37) Concurrent Select Relocation Set 1.204ms
[89.751s][info][gc,phases   ] GC(37) Pause Relocate Start 0.009ms
[89.751s][info][gc,phases   ] GC(37) Concurrent Relocate 0.801ms
[89.751s][info][gc,load     ] GC(37) Load: 0.00/0.00/0.00
[89.751s][info][gc,mmu      ] GC(37) MMU: 2ms/93.6%, 5ms/97.2%, 10ms/98.6%, 20ms/99.3%, 50ms/99.7%, 100ms/99.9%
[89.751s][info][gc,marking  ] GC(37) Mark: 2 stripe(s), 1 proactive flush(es), 1 terminate flush(es), 0 completion(s), 0 continuation(s) 
[89.751s][info][gc,marking  ] GC(37) Mark Stack Usage: 32M
[89.751s][info][gc,nmethod  ] GC(37) NMethods: 18904 registered, 3454 unregistered
[89.752s][info][gc,metaspace] GC(37) Metaspace: 59M used, 60M committed, 1088M reserved
[89.752s][info][gc,ref      ] GC(37) Soft: 894 encountered, 0 discovered, 0 enqueued
[89.752s][info][gc,ref      ] GC(37) Weak: 6177 encountered, 119 discovered, 70 enqueued
[89.752s][info][gc,ref      ] GC(37) Final: 0 encountered, 0 discovered, 0 enqueued
[89.752s][info][gc,ref      ] GC(37) Phantom: 79 encountered, 53 discovered, 0 enqueued
[89.752s][info][gc,reloc    ] GC(37) Small Pages: 162 / 324M, Empty: 244M, Relocated: 1M, In-Place: 0
[89.752s][info][gc,reloc    ] GC(37) Medium Pages: 2 / 64M, Empty: 32M, Relocated: 0M, In-Place: 0
[89.752s][info][gc,reloc    ] GC(37) Large Pages: 0 / 0M, Empty: 0M, Relocated: 0M, In-Place: 0
[89.752s][info][gc,reloc    ] GC(37) Forwarding Usage: 0M
[89.752s][info][gc,heap     ] GC(37) Min Capacity: 1024M(100%)
[89.752s][info][gc,heap     ] GC(37) Max Capacity: 1024M(100%)
[89.752s][info][gc,heap     ] GC(37) Soft Max Capacity: 1024M(100%)
[89.752s][info][gc,heap     ] GC(37)                Mark Start          Mark End        Relocate Start      Relocate End           High               Low         
[89.752s][info][gc,heap     ] GC(37)  Capacity:     1024M (100%)       1024M (100%)       1024M (100%)       1024M (100%)       1024M (100%)       1024M (100%)   
[89.752s][info][gc,heap     ] GC(37)      Free:      636M (62%)         636M (62%)         912M (89%)         960M (94%)         960M (94%)         636M (62%)    
[89.752s][info][gc,heap     ] GC(37)      Used:      388M (38%)         388M (38%)         112M (11%)          64M (6%)          388M (38%)          64M (6%)     
[89.752s][info][gc,heap     ] GC(37)      Live:         -                28M (3%)           28M (3%)           28M (3%)             -                  -          
[89.752s][info][gc,heap     ] GC(37) Allocated:         -                 0M (0%)            0M (0%)            0M (0%)             -                  -          
[89.752s][info][gc,heap     ] GC(37)   Garbage:         -               359M (35%)          83M (8%)           35M (3%)             -                  -          
[89.752s][info][gc,heap     ] GC(37) Reclaimed:         -                  -               276M (27%)         324M (32%)            -                  -          
[89.752s][info][gc          ] GC(37) Garbage Collection (System.gc()) 388M(38%)->64M(6%)
[90.072s][info][gc,stats    ] === Garbage Collection Statistics =======================================================================================================================
[90.072s][info][gc,stats    ]                                                              Last 10s              Last 10m              Last 10h                Total
[90.072s][info][gc,stats    ]                                                              Avg / Max             Avg / Max             Avg / Max             Avg / Max
[90.072s][info][gc,stats    ]   Collector: Garbage Collection Cycle                     50.714 / 58.326       53.277 / 170.238      53.277 / 170.238      53.277 / 170.238     ms
[90.072s][info][gc,stats    ]  Contention: Mark Segment Reset Contention                     0 / 1                 0 / 1                 0 / 1                 0 / 1           ops/s
[90.072s][info][gc,stats    ]  Contention: Mark SeqNum Reset Contention                      0 / 1                 0 / 1                 0 / 1                 0 / 1           ops/s
[90.073s][info][gc,stats    ]    Critical: Allocation Stall                                  0 / 0                 0 / 0                 0 / 0                 0 / 0           ops/s
[90.073s][info][gc,stats    ]    Critical: Allocation Stall                              0.000 / 0.000         0.000 / 0.000         0.000 / 0.000         0.000 / 0.000       ms
[90.073s][info][gc,stats    ]    Critical: GC Locker Stall                                   0 / 0                 0 / 0                 0 / 0                 0 / 0           ops/s
[90.073s][info][gc,stats    ]    Critical: GC Locker Stall                               0.000 / 0.000         0.000 / 0.000         0.000 / 0.000         0.000 / 0.000       ms
[90.073s][info][gc,stats    ]    Critical: Relocation Stall                                  0 / 0                 0 / 0                 0 / 0                 0 / 0           ops/s
[90.073s][info][gc,stats    ]    Critical: Relocation Stall                              0.000 / 0.000         0.000 / 0.000         0.000 / 0.000         0.000 / 0.000       ms
[90.073s][info][gc,stats    ]      Memory: Allocation Rate                                 168 / 258             126 / 318             126 / 318             126 / 318         MB/s
[90.073s][info][gc,stats    ]      Memory: Out Of Memory                                     0 / 0                 0 / 0                 0 / 0                 0 / 0           ops/s
[90.073s][info][gc,stats    ]      Memory: Page Cache Flush                                  0 / 0                 0 / 0                 0 / 0                 0 / 0           MB/s
[90.073s][info][gc,stats    ]      Memory: Page Cache Hit L1                                77 / 129              56 / 146              56 / 146              56 / 146         ops/s
[90.073s][info][gc,stats    ]      Memory: Page Cache Hit L2                                 0 / 0                 0 / 0                 0 / 0                 0 / 0           ops/s
[90.073s][info][gc,stats    ]      Memory: Page Cache Hit L3                                 0 / 0                 2 / 28                2 / 28                2 / 28          ops/s
[90.073s][info][gc,stats    ]      Memory: Page Cache Miss                                   0 / 0                 0 / 1                 0 / 1                 0 / 1           ops/s
[90.073s][info][gc,stats    ]      Memory: Uncommit                                          0 / 0                 0 / 0                 0 / 0                 0 / 0           MB/s
[90.073s][info][gc,stats    ]      Memory: Undo Object Allocation Failed                     0 / 0                 0 / 0                 0 / 0                 0 / 0           ops/s
[90.073s][info][gc,stats    ]      Memory: Undo Object Allocation Succeeded                  0 / 0                 0 / 1                 0 / 1                 0 / 1           ops/s
[90.073s][info][gc,stats    ]      Memory: Undo Page Allocation                              0 / 0                 0 / 0                 0 / 0                 0 / 0           ops/s
[90.073s][info][gc,stats    ]       Phase: Concurrent Mark                              26.394 / 32.998       30.243 / 125.180      30.243 / 125.180      30.243 / 125.180     ms
[90.073s][info][gc,stats    ]       Phase: Concurrent Mark Continue                      0.000 / 0.000         0.000 / 0.000         0.000 / 0.000         0.000 / 0.000       ms
[90.073s][info][gc,stats    ]       Phase: Concurrent Mark Free                          0.002 / 0.003         0.002 / 0.003         0.002 / 0.003         0.002 / 0.003       ms
[90.073s][info][gc,stats    ]       Phase: Concurrent Process Non-Strong References     21.125 / 22.107       17.974 / 22.107       17.974 / 22.107       17.974 / 22.107      ms
[90.073s][info][gc,stats    ]       Phase: Concurrent Relocate                           0.981 / 1.241         2.414 / 22.669        2.414 / 22.669        2.414 / 22.669      ms
[90.073s][info][gc,stats    ]       Phase: Concurrent Reset Relocation Set               0.002 / 0.003         0.003 / 0.011         0.003 / 0.011         0.003 / 0.011       ms
[90.073s][info][gc,stats    ]       Phase: Concurrent Select Relocation Set              1.437 / 1.855         1.785 / 5.967         1.785 / 5.967         1.785 / 5.967       ms
[90.073s][info][gc,stats    ]       Phase: Pause Mark End                                0.019 / 0.025         0.025 / 0.129         0.025 / 0.129         0.025 / 0.129       ms
[90.073s][info][gc,stats    ]       Phase: Pause Mark Start                              0.006 / 0.010         0.006 / 0.011         0.006 / 0.011         0.006 / 0.011       ms
[90.073s][info][gc,stats    ]       Phase: Pause Relocate Start                          0.009 / 0.009         0.010 / 0.020         0.010 / 0.020         0.010 / 0.020       ms
[90.073s][info][gc,stats    ]    Subphase: Concurrent Classes Purge                      0.544 / 0.558         0.490 / 0.669         0.490 / 0.669         0.490 / 0.669       ms
[90.073s][info][gc,stats    ]    Subphase: Concurrent Classes Unlink                    19.481 / 20.295       16.394 / 20.449       16.394 / 20.449       16.394 / 20.449      ms
[90.073s][info][gc,stats    ]    Subphase: Concurrent Mark                              22.083 / 32.598       26.149 / 123.683      26.149 / 123.683      26.149 / 123.683     ms
[90.073s][info][gc,stats    ]    Subphase: Concurrent Mark Try Flush                     0.082 / 0.132         0.100 / 0.554         0.100 / 0.554         0.100 / 0.554       ms
[90.073s][info][gc,stats    ]    Subphase: Concurrent Mark Try Terminate                 2.745 / 14.294        2.712 / 16.620        2.712 / 16.620        2.712 / 16.620      ms
[90.073s][info][gc,stats    ]    Subphase: Concurrent References Enqueue                 0.006 / 0.008         0.006 / 0.008         0.006 / 0.008         0.006 / 0.008       ms
[90.073s][info][gc,stats    ]    Subphase: Concurrent References Process                 0.138 / 0.166         0.209 / 2.199         0.209 / 2.199         0.209 / 2.199       ms
[90.073s][info][gc,stats    ]    Subphase: Concurrent Roots ClassLoaderDataGraph         0.069 / 0.163         0.063 / 0.216         0.063 / 0.216         0.063 / 0.216       ms
[90.073s][info][gc,stats    ]    Subphase: Concurrent Roots CodeCache                    0.000 / 0.000         0.000 / 0.000         0.000 / 0.000         0.000 / 0.000       ms
[90.073s][info][gc,stats    ]    Subphase: Concurrent Roots JavaThreads                  0.180 / 0.368         0.239 / 2.857         0.239 / 2.857         0.239 / 2.857       ms
[90.073s][info][gc,stats    ]    Subphase: Concurrent Roots OopStorageSet                0.014 / 0.030         0.015 / 0.061         0.015 / 0.061         0.015 / 0.061       ms
[90.073s][info][gc,stats    ]    Subphase: Concurrent Weak Roots OopStorageSet           0.731 / 0.862         0.658 / 1.280         0.658 / 1.280         0.658 / 1.280       ms
[90.073s][info][gc,stats    ]    Subphase: Pause Mark Try Complete                       0.000 / 0.000         0.005 / 0.014         0.005 / 0.014         0.005 / 0.014       ms
[90.073s][info][gc,stats    ]      System: Java Threads                                     12 / 12               12 / 13               12 / 13               12 / 13          threads
[90.073s][info][gc,stats    ] =========================================================================================================================================================
[91.630s][info][gc,start    ] GC(38) Garbage Collection (System.gc())
[91.630s][info][gc,task     ] GC(38) Using 2 workers
[91.630s][info][gc,phases   ] GC(38) Pause Mark Start 0.005ms
[91.659s][info][gc,phases   ] GC(38) Concurrent Mark 28.511ms
[91.659s][info][gc,phases   ] GC(38) Pause Mark End 0.013ms
[91.659s][info][gc,phases   ] GC(38) Concurrent Mark Free 0.001ms
[91.681s][info][gc,phases   ] GC(38) Concurrent Process Non-Strong References 21.808ms
[91.681s][info][gc,phases   ] GC(38) Concurrent Reset Relocation Set 0.002ms
[91.682s][info][gc,phases   ] GC(38) Concurrent Select Relocation Set 1.673ms
[91.682s][info][gc,phases   ] GC(38) Pause Relocate Start 0.010ms
[91.684s][info][gc,phases   ] GC(38) Concurrent Relocate 1.467ms
[91.684s][info][gc,load     ] GC(38) Load: 0.00/0.00/0.00
[91.684s][info][gc,mmu      ] GC(38) MMU: 2ms/93.6%, 5ms/97.2%, 10ms/98.6%, 20ms/99.3%, 50ms/99.7%, 100ms/99.9%
[91.684s][info][gc,marking  ] GC(38) Mark: 2 stripe(s), 1 proactive flush(es), 1 terminate flush(es), 0 completion(s), 0 continuation(s) 
[91.684s][info][gc,marking  ] GC(38) Mark Stack Usage: 32M
[91.684s][info][gc,nmethod  ] GC(38) NMethods: 18968 registered, 3454 unregistered
[91.684s][info][gc,metaspace] GC(38) Metaspace: 59M used, 60M committed, 1088M reserved
[91.684s][info][gc,ref      ] GC(38) Soft: 894 encountered, 0 discovered, 0 enqueued
[91.684s][info][gc,ref      ] GC(38) Weak: 6102 encountered, 57 discovered, 25 enqueued
[91.684s][info][gc,ref      ] GC(38) Final: 0 encountered, 0 discovered, 0 enqueued
[91.684s][info][gc,ref      ] GC(38) Phantom: 79 encountered, 55 discovered, 0 enqueued
[91.684s][info][gc,reloc    ] GC(38) Small Pages: 162 / 324M, Empty: 252M, Relocated: 1M, In-Place: 0
[91.684s][info][gc,reloc    ] GC(38) Medium Pages: 2 / 64M, Empty: 32M, Relocated: 0M, In-Place: 0
[91.684s][info][gc,reloc    ] GC(38) Large Pages: 0 / 0M, Empty: 0M, Relocated: 0M, In-Place: 0
[91.684s][info][gc,reloc    ] GC(38) Forwarding Usage: 0M
[91.684s][info][gc,heap     ] GC(38) Min Capacity: 1024M(100%)
[91.684s][info][gc,heap     ] GC(38) Max Capacity: 1024M(100%)
[91.684s][info][gc,heap     ] GC(38) Soft Max Capacity: 1024M(100%)
[91.684s][info][gc,heap     ] GC(38)                Mark Start          Mark End        Relocate Start      Relocate End           High               Low         
[91.684s][info][gc,heap     ] GC(38)  Capacity:     1024M (100%)       1024M (100%)       1024M (100%)       1024M (100%)       1024M (100%)       1024M (100%)   
[91.684s][info][gc,heap     ] GC(38)      Free:      636M (62%)         636M (62%)         920M (90%)         960M (94%)         960M (94%)         636M (62%)    
[91.684s][info][gc,heap     ] GC(38)      Used:      388M (38%)         388M (38%)         104M (10%)          64M (6%)          388M (38%)          64M (6%)     
[91.684s][info][gc,heap     ] GC(38)      Live:         -                28M (3%)           28M (3%)           28M (3%)             -                  -          
[91.684s][info][gc,heap     ] GC(38) Allocated:         -                 0M (0%)            0M (0%)            0M (0%)             -                  -          
[91.684s][info][gc,heap     ] GC(38)   Garbage:         -               359M (35%)          75M (7%)           35M (3%)             -                  -          
[91.685s][info][gc,heap     ] GC(38) Reclaimed:         -                  -               284M (28%)         324M (32%)            -                  -          
[91.685s][info][gc          ] GC(38) Garbage Collection (System.gc()) 388M(38%)->64M(6%)
[93.565s][info][gc,start    ] GC(39) Garbage Collection (System.gc())
[93.565s][info][gc,task     ] GC(39) Using 2 workers
[93.565s][info][gc,phases   ] GC(39) Pause Mark Start 0.005ms
[93.591s][info][gc,phases   ] GC(39) Concurrent Mark 26.279ms
[93.591s][info][gc,phases   ] GC(39) Pause Mark End 0.023ms
[93.591s][info][gc,phases   ] GC(39) Concurrent Mark Free 0.004ms
[93.612s][info][gc,phases   ] GC(39) Concurrent Process Non-Strong References 20.587ms
[93.612s][info][gc,phases   ] GC(39) Concurrent Reset Relocation Set 0.002ms
[93.613s][info][gc,phases   ] GC(39) Concurrent Select Relocation Set 1.368ms
[93.614s][info][gc,phases   ] GC(39) Pause Relocate Start 0.009ms
[93.615s][info][gc,phases   ] GC(39) Concurrent Relocate 1.191ms
[93.615s][info][gc,load     ] GC(39) Load: 0.00/0.00/0.00
[93.615s][info][gc,mmu      ] GC(39) MMU: 2ms/93.6%, 5ms/97.2%, 10ms/98.6%, 20ms/99.3%, 50ms/99.7%, 100ms/99.9%
[93.615s][info][gc,marking  ] GC(39) Mark: 2 stripe(s), 1 proactive flush(es), 1 terminate flush(es), 0 completion(s), 0 continuation(s) 
[93.615s][info][gc,marking  ] GC(39) Mark Stack Usage: 32M
[93.615s][info][gc,nmethod  ] GC(39) NMethods: 19062 registered, 3454 unregistered
[93.615s][info][gc,metaspace] GC(39) Metaspace: 59M used, 60M committed, 1088M reserved
[93.615s][info][gc,ref      ] GC(39) Soft: 894 encountered, 0 discovered, 0 enqueued
[93.615s][info][gc,ref      ] GC(39) Weak: 6177 encountered, 97 discovered, 70 enqueued
[93.615s][info][gc,ref      ] GC(39) Final: 0 encountered, 0 discovered, 0 enqueued
[93.615s][info][gc,ref      ] GC(39) Phantom: 79 encountered, 47 discovered, 0 enqueued
[93.615s][info][gc,reloc    ] GC(39) Small Pages: 162 / 324M, Empty: 248M, Relocated: 1M, In-Place: 0
[93.615s][info][gc,reloc    ] GC(39) Medium Pages: 2 / 64M, Empty: 32M, Relocated: 0M, In-Place: 0
[93.615s][info][gc,reloc    ] GC(39) Large Pages: 0 / 0M, Empty: 0M, Relocated: 0M, In-Place: 0
[93.615s][info][gc,reloc    ] GC(39) Forwarding Usage: 0M
[93.615s][info][gc,heap     ] GC(39) Min Capacity: 1024M(100%)
[93.615s][info][gc,heap     ] GC(39) Max Capacity: 1024M(100%)
[93.615s][info][gc,heap     ] GC(39) Soft Max Capacity: 1024M(100%)
[93.615s][info][gc,heap     ] GC(39)                Mark Start          Mark End        Relocate Start      Relocate End           High               Low         
[93.615s][info][gc,heap     ] GC(39)  Capacity:     1024M (100%)       1024M (100%)       1024M (100%)       1024M (100%)       1024M (100%)       1024M (100%)   
[93.615s][info][gc,heap     ] GC(39)      Free:      636M (62%)         636M (62%)         916M (89%)         960M (94%)         960M (94%)         636M (62%)    
[93.615s][info][gc,heap     ] GC(39)      Used:      388M (38%)         388M (38%)         108M (11%)          64M (6%)          388M (38%)          64M (6%)     
[93.615s][info][gc,heap     ] GC(39)      Live:         -                28M (3%)           28M (3%)           28M (3%)             -                  -          
[93.615s][info][gc,heap     ] GC(39) Allocated:         -                 0M (0%)            0M (0%)            0M (0%)             -                  -          
[93.615s][info][gc,heap     ] GC(39)   Garbage:         -               359M (35%)          79M (8%)           35M (3%)             -                  -          
[93.615s][info][gc,heap     ] GC(39) Reclaimed:         -                  -               280M (27%)         324M (32%)            -                  -          
[93.615s][info][gc          ] GC(39) Garbage Collection (System.gc()) 388M(38%)->64M(6%)
[95.508s][info][gc,start    ] GC(40) Garbage Collection (System.gc())
[95.508s][info][gc,task     ] GC(40) Using 2 workers
[95.508s][info][gc,phases   ] GC(40) Pause Mark Start 0.005ms
[95.539s][info][gc,phases   ] GC(40) Concurrent Mark 31.134ms
[95.539s][info][gc,phases   ] GC(40) Pause Mark End 0.011ms
[95.539s][info][gc,phases   ] GC(40) Concurrent Mark Free 0.001ms
[95.560s][info][gc,phases   ] GC(40) Concurrent Process Non-Strong References 21.369ms
[95.560s][info][gc,phases   ] GC(40) Concurrent Reset Relocation Set 0.001ms
[95.562s][info][gc,phases   ] GC(40) Concurrent Select Relocation Set 1.213ms
[95.562s][info][gc,phases   ] GC(40) Pause Relocate Start 0.009ms
[95.563s][info][gc,phases   ] GC(40) Concurrent Relocate 0.791ms
[95.563s][info][gc,load     ] GC(40) Load: 0.00/0.00/0.00
[95.563s][info][gc,mmu      ] GC(40) MMU: 2ms/93.6%, 5ms/97.2%, 10ms/98.6%, 20ms/99.3%, 50ms/99.7%, 100ms/99.9%
[95.563s][info][gc,marking  ] GC(40) Mark: 2 stripe(s), 2 proactive flush(es), 1 terminate flush(es), 0 completion(s), 0 continuation(s) 
[95.563s][info][gc,marking  ] GC(40) Mark Stack Usage: 32M
[95.563s][info][gc,nmethod  ] GC(40) NMethods: 19135 registered, 3454 unregistered
[95.563s][info][gc,metaspace] GC(40) Metaspace: 59M used, 60M committed, 1088M reserved
[95.563s][info][gc,ref      ] GC(40) Soft: 894 encountered, 0 discovered, 0 enqueued
[95.563s][info][gc,ref      ] GC(40) Weak: 6102 encountered, 64 discovered, 25 enqueued
[95.563s][info][gc,ref      ] GC(40) Final: 0 encountered, 0 discovered, 0 enqueued
[95.563s][info][gc,ref      ] GC(40) Phantom: 79 encountered, 55 discovered, 0 enqueued
[95.563s][info][gc,reloc    ] GC(40) Small Pages: 162 / 324M, Empty: 252M, Relocated: 1M, In-Place: 0
[95.563s][info][gc,reloc    ] GC(40) Medium Pages: 2 / 64M, Empty: 32M, Relocated: 0M, In-Place: 0
[95.563s][info][gc,reloc    ] GC(40) Large Pages: 0 / 0M, Empty: 0M, Relocated: 0M, In-Place: 0
[95.563s][info][gc,reloc    ] GC(40) Forwarding Usage: 0M
[95.563s][info][gc,heap     ] GC(40) Min Capacity: 1024M(100%)
[95.563s][info][gc,heap     ] GC(40) Max Capacity: 1024M(100%)
[95.563s][info][gc,heap     ] GC(40) Soft Max Capacity: 1024M(100%)
[95.563s][info][gc,heap     ] GC(40)                Mark Start          Mark End        Relocate Start      Relocate End           High               Low         
[95.563s][info][gc,heap     ] GC(40)  Capacity:     1024M (100%)       1024M (100%)       1024M (100%)       1024M (100%)       1024M (100%)       1024M (100%)   
[95.563s][info][gc,heap     ] GC(40)      Free:      636M (62%)         636M (62%)         920M (90%)         960M (94%)         960M (94%)         636M (62%)    
[95.563s][info][gc,heap     ] GC(40)      Used:      388M (38%)         388M (38%)         104M (10%)          64M (6%)          388M (38%)          64M (6%)     
[95.563s][info][gc,heap     ] GC(40)      Live:         -                28M (3%)           28M (3%)           28M (3%)             -                  -          
[95.563s][info][gc,heap     ] GC(40) Allocated:         -                 0M (0%)            0M (0%)            0M (0%)             -                  -          
[95.563s][info][gc,heap     ] GC(40)   Garbage:         -               359M (35%)          75M (7%)           35M (3%)             -                  -          
[95.563s][info][gc,heap     ] GC(40) Reclaimed:         -                  -               284M (28%)         324M (32%)            -                  -          
[95.563s][info][gc          ] GC(40) Garbage Collection (System.gc()) 388M(38%)->64M(6%)
[97.457s][info][gc,start    ] GC(41) Garbage Collection (System.gc())
[97.457s][info][gc,task     ] GC(41) Using 2 workers
[97.457s][info][gc,phases   ] GC(41) Pause Mark Start 0.007ms
[97.486s][info][gc,phases   ] GC(41) Concurrent Mark 28.564ms
[97.486s][info][gc,phases   ] GC(41) Pause Mark End 0.022ms
[97.486s][info][gc,phases   ] GC(41) Concurrent Mark Free 0.002ms
[97.508s][info][gc,phases   ] GC(41) Concurrent Process Non-Strong References 21.817ms
[97.508s][info][gc,phases   ] GC(41) Concurrent Reset Relocation Set 0.002ms
[97.509s][info][gc,phases   ] GC(41) Concurrent Select Relocation Set 1.413ms
[97.509s][info][gc,phases   ] GC(41) Pause Relocate Start 0.010ms
[97.511s][info][gc,phases   ] GC(41) Concurrent Relocate 1.127ms
[97.511s][info][gc,load     ] GC(41) Load: 0.00/0.00/0.00
[97.511s][info][gc,mmu      ] GC(41) MMU: 2ms/93.6%, 5ms/97.2%, 10ms/98.6%, 20ms/99.3%, 50ms/99.7%, 100ms/99.9%
[97.511s][info][gc,marking  ] GC(41) Mark: 2 stripe(s), 1 proactive flush(es), 1 terminate flush(es), 0 completion(s), 0 continuation(s) 
[97.511s][info][gc,marking  ] GC(41) Mark Stack Usage: 32M
[97.511s][info][gc,nmethod  ] GC(41) NMethods: 19014 registered, 3698 unregistered
[97.511s][info][gc,metaspace] GC(41) Metaspace: 59M used, 60M committed, 1088M reserved
[97.511s][info][gc,ref      ] GC(41) Soft: 894 encountered, 0 discovered, 0 enqueued
[97.511s][info][gc,ref      ] GC(41) Weak: 6177 encountered, 101 discovered, 70 enqueued
[97.511s][info][gc,ref      ] GC(41) Final: 0 encountered, 0 discovered, 0 enqueued
[97.511s][info][gc,ref      ] GC(41) Phantom: 79 encountered, 40 discovered, 0 enqueued
[97.511s][info][gc,reloc    ] GC(41) Small Pages: 163 / 326M, Empty: 250M, Relocated: 1M, In-Place: 0
[97.511s][info][gc,reloc    ] GC(41) Medium Pages: 2 / 64M, Empty: 32M, Relocated: 0M, In-Place: 0
[97.511s][info][gc,reloc    ] GC(41) Large Pages: 0 / 0M, Empty: 0M, Relocated: 0M, In-Place: 0
[97.511s][info][gc,reloc    ] GC(41) Forwarding Usage: 0M
[97.511s][info][gc,heap     ] GC(41) Min Capacity: 1024M(100%)
[97.511s][info][gc,heap     ] GC(41) Max Capacity: 1024M(100%)
[97.511s][info][gc,heap     ] GC(41) Soft Max Capacity: 1024M(100%)
[97.511s][info][gc,heap     ] GC(41)                Mark Start          Mark End        Relocate Start      Relocate End           High               Low         
[97.511s][info][gc,heap     ] GC(41)  Capacity:     1024M (100%)       1024M (100%)       1024M (100%)       1024M (100%)       1024M (100%)       1024M (100%)   
[97.511s][info][gc,heap     ] GC(41)      Free:      634M (62%)         634M (62%)         916M (89%)         960M (94%)         960M (94%)         634M (62%)    
[97.511s][info][gc,heap     ] GC(41)      Used:      390M (38%)         390M (38%)         108M (11%)          64M (6%)          390M (38%)          64M (6%)     
[97.511s][info][gc,heap     ] GC(41)      Live:         -                28M (3%)           28M (3%)           28M (3%)             -                  -          
[97.511s][info][gc,heap     ] GC(41) Allocated:         -                 0M (0%)            0M (0%)            0M (0%)             -                  -          
[97.511s][info][gc,heap     ] GC(41)   Garbage:         -               361M (35%)          79M (8%)           35M (3%)             -                  -          
[97.511s][info][gc,heap     ] GC(41) Reclaimed:         -                  -               282M (28%)         326M (32%)            -                  -          
[97.511s][info][gc          ] GC(41) Garbage Collection (System.gc()) 390M(38%)->64M(6%)
[99.393s][info][gc,start    ] GC(42) Garbage Collection (System.gc())
[99.393s][info][gc,task     ] GC(42) Using 2 workers
[99.393s][info][gc,phases   ] GC(42) Pause Mark Start 0.009ms
[99.416s][info][gc,phases   ] GC(42) Concurrent Mark 23.175ms
[99.417s][info][gc,phases   ] GC(42) Pause Mark End 0.023ms
[99.417s][info][gc,phases   ] GC(42) Concurrent Mark Free 0.003ms
[99.439s][info][gc,phases   ] GC(42) Concurrent Process Non-Strong References 21.692ms
[99.439s][info][gc,phases   ] GC(42) Concurrent Reset Relocation Set 0.002ms
[99.440s][info][gc,phases   ] GC(42) Concurrent Select Relocation Set 1.296ms
[99.440s][info][gc,phases   ] GC(42) Pause Relocate Start 0.010ms
[99.441s][info][gc,phases   ] GC(42) Concurrent Relocate 1.143ms
[99.441s][info][gc,load     ] GC(42) Load: 0.00/0.00/0.00
[99.441s][info][gc,mmu      ] GC(42) MMU: 2ms/93.6%, 5ms/97.2%, 10ms/98.6%, 20ms/99.3%, 50ms/99.7%, 100ms/99.9%
[99.441s][info][gc,marking  ] GC(42) Mark: 2 stripe(s), 1 proactive flush(es), 1 terminate flush(es), 0 completion(s), 0 continuation(s) 
[99.441s][info][gc,marking  ] GC(42) Mark Stack Usage: 32M
[99.441s][info][gc,nmethod  ] GC(42) NMethods: 18724 registered, 4058 unregistered
[99.441s][info][gc,metaspace] GC(42) Metaspace: 59M used, 60M committed, 1088M reserved
[99.441s][info][gc,ref      ] GC(42) Soft: 894 encountered, 0 discovered, 0 enqueued
[99.441s][info][gc,ref      ] GC(42) Weak: 6102 encountered, 52 discovered, 25 enqueued
[99.441s][info][gc,ref      ] GC(42) Final: 0 encountered, 0 discovered, 0 enqueued
[99.441s][info][gc,ref      ] GC(42) Phantom: 79 encountered, 43 discovered, 0 enqueued
[99.441s][info][gc,reloc    ] GC(42) Small Pages: 162 / 324M, Empty: 250M, Relocated: 1M, In-Place: 0
[99.441s][info][gc,reloc    ] GC(42) Medium Pages: 2 / 64M, Empty: 32M, Relocated: 0M, In-Place: 0
[99.441s][info][gc,reloc    ] GC(42) Large Pages: 0 / 0M, Empty: 0M, Relocated: 0M, In-Place: 0
[99.441s][info][gc,reloc    ] GC(42) Forwarding Usage: 0M
[99.441s][info][gc,heap     ] GC(42) Min Capacity: 1024M(100%)
[99.441s][info][gc,heap     ] GC(42) Max Capacity: 1024M(100%)
[99.441s][info][gc,heap     ] GC(42) Soft Max Capacity: 1024M(100%)
[99.441s][info][gc,heap     ] GC(42)                Mark Start          Mark End        Relocate Start      Relocate End           High               Low         
[99.441s][info][gc,heap     ] GC(42)  Capacity:     1024M (100%)       1024M (100%)       1024M (100%)       1024M (100%)       1024M (100%)       1024M (100%)   
[99.441s][info][gc,heap     ] GC(42)      Free:      636M (62%)         636M (62%)         918M (90%)         960M (94%)         960M (94%)         636M (62%)    
[99.441s][info][gc,heap     ] GC(42)      Used:      388M (38%)         388M (38%)         106M (10%)          64M (6%)          388M (38%)          64M (6%)     
[99.441s][info][gc,heap     ] GC(42)      Live:         -                28M (3%)           28M (3%)           28M (3%)             -                  -          
[99.441s][info][gc,heap     ] GC(42) Allocated:         -                 0M (0%)            0M (0%)            0M (0%)             -                  -          
[99.441s][info][gc,heap     ] GC(42)   Garbage:         -               359M (35%)          77M (8%)           35M (3%)             -                  -          
[99.441s][info][gc,heap     ] GC(42) Reclaimed:         -                  -               282M (28%)         324M (32%)            -                  -          
[99.441s][info][gc          ] GC(42) Garbage Collection (System.gc()) 388M(38%)->64M(6%)
[100.075s][info][gc,stats    ] === Garbage Collection Statistics =======================================================================================================================
[100.075s][info][gc,stats    ]                                                              Last 10s              Last 10m              Last 10h                Total
[100.075s][info][gc,stats    ]                                                              Avg / Max             Avg / Max             Avg / Max             Avg / Max
[100.075s][info][gc,stats    ]   Collector: Garbage Collection Cycle                     52.284 / 55.148       53.161 / 170.238      53.161 / 170.238      53.161 / 170.238     ms
[100.075s][info][gc,stats    ]  Contention: Mark Segment Reset Contention                     0 / 1                 0 / 1                 0 / 1                 0 / 1           ops/s
[100.075s][info][gc,stats    ]  Contention: Mark SeqNum Reset Contention                      0 / 1                 0 / 1                 0 / 1                 0 / 1           ops/s
[100.075s][info][gc,stats    ]    Critical: Allocation Stall                                  0 / 0                 0 / 0                 0 / 0                 0 / 0           ops/s
[100.076s][info][gc,stats    ]    Critical: Allocation Stall                              0.000 / 0.000         0.000 / 0.000         0.000 / 0.000         0.000 / 0.000       ms
[100.076s][info][gc,stats    ]    Critical: GC Locker Stall                                   0 / 0                 0 / 0                 0 / 0                 0 / 0           ops/s
[100.076s][info][gc,stats    ]    Critical: GC Locker Stall                               0.000 / 0.000         0.000 / 0.000         0.000 / 0.000         0.000 / 0.000       ms
[100.076s][info][gc,stats    ]    Critical: Relocation Stall                                  0 / 0                 0 / 0                 0 / 0                 0 / 0           ops/s
[100.076s][info][gc,stats    ]    Critical: Relocation Stall                              0.000 / 0.000         0.000 / 0.000         0.000 / 0.000         0.000 / 0.000       ms
[100.076s][info][gc,stats    ]      Memory: Allocation Rate                                 172 / 236             131 / 318             131 / 318             131 / 318         MB/s
[100.076s][info][gc,stats    ]      Memory: Out Of Memory                                     0 / 0                 0 / 0                 0 / 0                 0 / 0           ops/s
[100.076s][info][gc,stats    ]      Memory: Page Cache Flush                                  0 / 0                 0 / 0                 0 / 0                 0 / 0           MB/s
[100.076s][info][gc,stats    ]      Memory: Page Cache Hit L1                                79 / 105              58 / 146              58 / 146              58 / 146         ops/s
[100.076s][info][gc,stats    ]      Memory: Page Cache Hit L2                                 0 / 0                 0 / 0                 0 / 0                 0 / 0           ops/s
[100.076s][info][gc,stats    ]      Memory: Page Cache Hit L3                                 0 / 0                 1 / 28                1 / 28                1 / 28          ops/s
[100.076s][info][gc,stats    ]      Memory: Page Cache Miss                                   0 / 0                 0 / 1                 0 / 1                 0 / 1           ops/s
[100.076s][info][gc,stats    ]      Memory: Uncommit                                          0 / 0                 0 / 0                 0 / 0                 0 / 0           MB/s
[100.076s][info][gc,stats    ]      Memory: Undo Object Allocation Failed                     0 / 0                 0 / 0                 0 / 0                 0 / 0           ops/s
[100.076s][info][gc,stats    ]      Memory: Undo Object Allocation Succeeded                  0 / 0                 0 / 1                 0 / 1                 0 / 1           ops/s
[100.076s][info][gc,stats    ]      Memory: Undo Page Allocation                              0 / 0                 0 / 0                 0 / 0                 0 / 0           ops/s
[100.076s][info][gc,stats    ]       Phase: Concurrent Mark                              27.532 / 31.134       29.927 / 125.180      29.927 / 125.180      29.927 / 125.180     ms
[100.076s][info][gc,stats    ]       Phase: Concurrent Mark Continue                      0.000 / 0.000         0.000 / 0.000         0.000 / 0.000         0.000 / 0.000       ms
[100.076s][info][gc,stats    ]       Phase: Concurrent Mark Free                          0.002 / 0.004         0.002 / 0.004         0.002 / 0.004         0.002 / 0.004       ms
[100.076s][info][gc,stats    ]       Phase: Concurrent Process Non-Strong References     21.455 / 21.817       18.379 / 22.107       18.379 / 22.107       18.379 / 22.107      ms
[100.076s][info][gc,stats    ]       Phase: Concurrent Relocate                           1.144 / 1.467         2.266 / 22.669        2.266 / 22.669        2.266 / 22.669      ms
[100.076s][info][gc,stats    ]       Phase: Concurrent Reset Relocation Set               0.002 / 0.002         0.003 / 0.011         0.003 / 0.011         0.003 / 0.011       ms
[100.076s][info][gc,stats    ]       Phase: Concurrent Select Relocation Set              1.393 / 1.673         1.739 / 5.967         1.739 / 5.967         1.739 / 5.967       ms
[100.076s][info][gc,stats    ]       Phase: Pause Mark End                                0.018 / 0.023         0.024 / 0.129         0.024 / 0.129         0.024 / 0.129       ms
[100.076s][info][gc,stats    ]       Phase: Pause Mark Start                              0.006 / 0.009         0.006 / 0.011         0.006 / 0.011         0.006 / 0.011       ms
[100.076s][info][gc,stats    ]       Phase: Pause Relocate Start                          0.010 / 0.010         0.010 / 0.020         0.010 / 0.020         0.010 / 0.020       ms
[100.076s][info][gc,stats    ]    Subphase: Concurrent Classes Purge                      0.558 / 0.619         0.498 / 0.669         0.498 / 0.669         0.498 / 0.669       ms
[100.076s][info][gc,stats    ]    Subphase: Concurrent Classes Unlink                    19.729 / 20.162       16.781 / 20.449       16.781 / 20.449       16.781 / 20.449      ms
[100.076s][info][gc,stats    ]    Subphase: Concurrent Mark                              22.884 / 30.770       25.769 / 123.683      25.769 / 123.683      25.769 / 123.683     ms
[100.076s][info][gc,stats    ]    Subphase: Concurrent Mark Try Flush                     0.095 / 0.234         0.100 / 0.554         0.100 / 0.554         0.100 / 0.554       ms
[100.076s][info][gc,stats    ]    Subphase: Concurrent Mark Try Terminate                 3.259 / 13.023        2.776 / 16.620        2.776 / 16.620        2.776 / 16.620      ms
[100.076s][info][gc,stats    ]    Subphase: Concurrent References Enqueue                 0.006 / 0.008         0.006 / 0.008         0.006 / 0.008         0.006 / 0.008       ms
[100.076s][info][gc,stats    ]    Subphase: Concurrent References Process                 0.142 / 0.160         0.201 / 2.199         0.201 / 2.199         0.201 / 2.199       ms
[100.076s][info][gc,stats    ]    Subphase: Concurrent Roots ClassLoaderDataGraph         0.063 / 0.161         0.063 / 0.216         0.063 / 0.216         0.063 / 0.216       ms
[100.076s][info][gc,stats    ]    Subphase: Concurrent Roots CodeCache                    0.000 / 0.000         0.000 / 0.000         0.000 / 0.000         0.000 / 0.000       ms
[100.076s][info][gc,stats    ]    Subphase: Concurrent Roots JavaThreads                  0.192 / 0.395         0.234 / 2.857         0.234 / 2.857         0.234 / 2.857       ms
[100.076s][info][gc,stats    ]    Subphase: Concurrent Roots OopStorageSet                0.012 / 0.020         0.015 / 0.061         0.015 / 0.061         0.015 / 0.061       ms
[100.076s][info][gc,stats    ]    Subphase: Concurrent Weak Roots OopStorageSet           0.818 / 0.979         0.677 / 1.280         0.677 / 1.280         0.677 / 1.280       ms
[100.076s][info][gc,stats    ]    Subphase: Pause Mark Try Complete                       0.000 / 0.000         0.005 / 0.014         0.005 / 0.014         0.005 / 0.014       ms
[100.076s][info][gc,stats    ]      System: Java Threads                                     12 / 12               12 / 13               12 / 13               12 / 13          threads
[100.076s][info][gc,stats    ] =========================================================================================================================================================
[101.337s][info][gc,start    ] GC(43) Garbage Collection (System.gc())
[101.337s][info][gc,task     ] GC(43) Using 2 workers
[101.337s][info][gc,phases   ] GC(43) Pause Mark Start 0.005ms
[101.362s][info][gc,phases   ] GC(43) Concurrent Mark 25.343ms
[101.363s][info][gc,phases   ] GC(43) Pause Mark End 0.024ms
[101.363s][info][gc,phases   ] GC(43) Concurrent Mark Free 0.003ms
[101.384s][info][gc,phases   ] GC(43) Concurrent Process Non-Strong References 21.273ms
[101.384s][info][gc,phases   ] GC(43) Concurrent Reset Relocation Set 0.002ms
[101.386s][info][gc,phases   ] GC(43) Concurrent Select Relocation Set 1.413ms
[101.386s][info][gc,phases   ] GC(43) Pause Relocate Start 0.009ms
[101.387s][info][gc,phases   ] GC(43) Concurrent Relocate 1.135ms
[101.387s][info][gc,load     ] GC(43) Load: 0.00/0.00/0.00
[101.387s][info][gc,mmu      ] GC(43) MMU: 2ms/93.6%, 5ms/97.2%, 10ms/98.6%, 20ms/99.3%, 50ms/99.7%, 100ms/99.9%
[101.387s][info][gc,marking  ] GC(43) Mark: 2 stripe(s), 1 proactive flush(es), 1 terminate flush(es), 0 completion(s), 0 continuation(s) 
[101.387s][info][gc,marking  ] GC(43) Mark Stack Usage: 32M
[101.387s][info][gc,nmethod  ] GC(43) NMethods: 18818 registered, 4058 unregistered
[101.387s][info][gc,metaspace] GC(43) Metaspace: 59M used, 60M committed, 1088M reserved
[101.387s][info][gc,ref      ] GC(43) Soft: 894 encountered, 0 discovered, 0 enqueued
[101.387s][info][gc,ref      ] GC(43) Weak: 6177 encountered, 106 discovered, 70 enqueued
[101.387s][info][gc,ref      ] GC(43) Final: 0 encountered, 0 discovered, 0 enqueued
[101.387s][info][gc,ref      ] GC(43) Phantom: 79 encountered, 46 discovered, 0 enqueued
[101.387s][info][gc,reloc    ] GC(43) Small Pages: 162 / 324M, Empty: 242M, Relocated: 1M, In-Place: 0
[101.387s][info][gc,reloc    ] GC(43) Medium Pages: 2 / 64M, Empty: 32M, Relocated: 0M, In-Place: 0
[101.387s][info][gc,reloc    ] GC(43) Large Pages: 0 / 0M, Empty: 0M, Relocated: 0M, In-Place: 0
[101.387s][info][gc,reloc    ] GC(43) Forwarding Usage: 0M
[101.387s][info][gc,heap     ] GC(43) Min Capacity: 1024M(100%)
[101.387s][info][gc,heap     ] GC(43) Max Capacity: 1024M(100%)
[101.387s][info][gc,heap     ] GC(43) Soft Max Capacity: 1024M(100%)
[101.387s][info][gc,heap     ] GC(43)                Mark Start          Mark End        Relocate Start      Relocate End           High               Low         
[101.387s][info][gc,heap     ] GC(43)  Capacity:     1024M (100%)       1024M (100%)       1024M (100%)       1024M (100%)       1024M (100%)       1024M (100%)   
[101.387s][info][gc,heap     ] GC(43)      Free:      636M (62%)         636M (62%)         910M (89%)         960M (94%)         960M (94%)         636M (62%)    
[101.387s][info][gc,heap     ] GC(43)      Used:      388M (38%)         388M (38%)         114M (11%)          64M (6%)          388M (38%)          64M (6%)     
[101.387s][info][gc,heap     ] GC(43)      Live:         -                28M (3%)           28M (3%)           28M (3%)             -                  -          
[101.387s][info][gc,heap     ] GC(43) Allocated:         -                 0M (0%)            0M (0%)            0M (0%)             -                  -          
[101.387s][info][gc,heap     ] GC(43)   Garbage:         -               359M (35%)          85M (8%)           35M (3%)             -                  -          
[101.387s][info][gc,heap     ] GC(43) Reclaimed:         -                  -               274M (27%)         324M (32%)            -                  -          
[101.387s][info][gc          ] GC(43) Garbage Collection (System.gc()) 388M(38%)->64M(6%)
[103.240s][info][gc,start    ] GC(44) Garbage Collection (System.gc())
[103.240s][info][gc,task     ] GC(44) Using 2 workers
[103.240s][info][gc,phases   ] GC(44) Pause Mark Start 0.004ms
[103.263s][info][gc,phases   ] GC(44) Concurrent Mark 22.907ms
[103.263s][info][gc,phases   ] GC(44) Pause Mark End 0.025ms
[103.263s][info][gc,phases   ] GC(44) Concurrent Mark Free 0.003ms
[103.284s][info][gc,phases   ] GC(44) Concurrent Process Non-Strong References 20.910ms
[103.284s][info][gc,phases   ] GC(44) Concurrent Reset Relocation Set 0.001ms
[103.286s][info][gc,phases   ] GC(44) Concurrent Select Relocation Set 1.190ms
[103.286s][info][gc,phases   ] GC(44) Pause Relocate Start 0.011ms
[103.286s][info][gc,phases   ] GC(44) Concurrent Relocate 0.785ms
[103.286s][info][gc,load     ] GC(44) Load: 0.00/0.00/0.00
[103.286s][info][gc,mmu      ] GC(44) MMU: 2ms/93.6%, 5ms/97.2%, 10ms/98.6%, 20ms/99.3%, 50ms/99.7%, 100ms/99.9%
[103.287s][info][gc,marking  ] GC(44) Mark: 2 stripe(s), 1 proactive flush(es), 1 terminate flush(es), 0 completion(s), 0 continuation(s) 
[103.287s][info][gc,marking  ] GC(44) Mark Stack Usage: 32M
[103.287s][info][gc,nmethod  ] GC(44) NMethods: 18867 registered, 4058 unregistered
[103.287s][info][gc,metaspace] GC(44) Metaspace: 59M used, 60M committed, 1088M reserved
[103.287s][info][gc,ref      ] GC(44) Soft: 894 encountered, 0 discovered, 0 enqueued
[103.287s][info][gc,ref      ] GC(44) Weak: 6102 encountered, 46 discovered, 25 enqueued
[103.287s][info][gc,ref      ] GC(44) Final: 0 encountered, 0 discovered, 0 enqueued
[103.287s][info][gc,ref      ] GC(44) Phantom: 79 encountered, 43 discovered, 0 enqueued
[103.287s][info][gc,reloc    ] GC(44) Small Pages: 162 / 324M, Empty: 250M, Relocated: 1M, In-Place: 0
[103.287s][info][gc,reloc    ] GC(44) Medium Pages: 2 / 64M, Empty: 32M, Relocated: 0M, In-Place: 0
[103.287s][info][gc,reloc    ] GC(44) Large Pages: 0 / 0M, Empty: 0M, Relocated: 0M, In-Place: 0
[103.287s][info][gc,reloc    ] GC(44) Forwarding Usage: 0M
[103.287s][info][gc,heap     ] GC(44) Min Capacity: 1024M(100%)
[103.287s][info][gc,heap     ] GC(44) Max Capacity: 1024M(100%)
[103.287s][info][gc,heap     ] GC(44) Soft Max Capacity: 1024M(100%)
[103.287s][info][gc,heap     ] GC(44)                Mark Start          Mark End        Relocate Start      Relocate End           High               Low         
[103.287s][info][gc,heap     ] GC(44)  Capacity:     1024M (100%)       1024M (100%)       1024M (100%)       1024M (100%)       1024M (100%)       1024M (100%)   
[103.287s][info][gc,heap     ] GC(44)      Free:      636M (62%)         636M (62%)         918M (90%)         960M (94%)         960M (94%)         636M (62%)    
[103.287s][info][gc,heap     ] GC(44)      Used:      388M (38%)         388M (38%)         106M (10%)          64M (6%)          388M (38%)          64M (6%)     
[103.287s][info][gc,heap     ] GC(44)      Live:         -                28M (3%)           28M (3%)           28M (3%)             -                  -          
[103.287s][info][gc,heap     ] GC(44) Allocated:         -                 0M (0%)            0M (0%)            0M (0%)             -                  -          
[103.287s][info][gc,heap     ] GC(44)   Garbage:         -               359M (35%)          77M (8%)           35M (3%)             -                  -          
[103.287s][info][gc,heap     ] GC(44) Reclaimed:         -                  -               282M (28%)         324M (32%)            -                  -          
[103.287s][info][gc          ] GC(44) Garbage Collection (System.gc()) 388M(38%)->64M(6%)
[105.145s][info][gc,start    ] GC(45) Garbage Collection (System.gc())
[105.145s][info][gc,task     ] GC(45) Using 2 workers
[105.145s][info][gc,phases   ] GC(45) Pause Mark Start 0.007ms
[105.179s][info][gc,phases   ] GC(45) Concurrent Mark 33.112ms
[105.179s][info][gc,phases   ] GC(45) Pause Mark End 0.019ms
[105.179s][info][gc,phases   ] GC(45) Concurrent Mark Free 0.002ms
[105.202s][info][gc,phases   ] GC(45) Concurrent Process Non-Strong References 23.045ms
[105.202s][info][gc,phases   ] GC(45) Concurrent Reset Relocation Set 0.002ms
[105.203s][info][gc,phases   ] GC(45) Concurrent Select Relocation Set 1.262ms
[105.203s][info][gc,phases   ] GC(45) Pause Relocate Start 0.008ms
[105.204s][info][gc,phases   ] GC(45) Concurrent Relocate 0.791ms
[105.204s][info][gc,load     ] GC(45) Load: 0.00/0.00/0.00
[105.204s][info][gc,mmu      ] GC(45) MMU: 2ms/93.6%, 5ms/97.2%, 10ms/98.6%, 20ms/99.3%, 50ms/99.7%, 100ms/99.9%
[105.204s][info][gc,marking  ] GC(45) Mark: 2 stripe(s), 1 proactive flush(es), 1 terminate flush(es), 0 completion(s), 0 continuation(s) 
[105.204s][info][gc,marking  ] GC(45) Mark Stack Usage: 32M
[105.204s][info][gc,nmethod  ] GC(45) NMethods: 18918 registered, 0 unregistered
[105.204s][info][gc,metaspace] GC(45) Metaspace: 59M used, 60M committed, 1088M reserved
[105.204s][info][gc,ref      ] GC(45) Soft: 894 encountered, 0 discovered, 0 enqueued
[105.204s][info][gc,ref      ] GC(45) Weak: 6177 encountered, 111 discovered, 70 enqueued
[105.204s][info][gc,ref      ] GC(45) Final: 0 encountered, 0 discovered, 0 enqueued
[105.204s][info][gc,ref      ] GC(45) Phantom: 79 encountered, 46 discovered, 0 enqueued
[105.204s][info][gc,reloc    ] GC(45) Small Pages: 162 / 324M, Empty: 248M, Relocated: 1M, In-Place: 0
[105.204s][info][gc,reloc    ] GC(45) Medium Pages: 2 / 64M, Empty: 32M, Relocated: 0M, In-Place: 0
[105.204s][info][gc,reloc    ] GC(45) Large Pages: 0 / 0M, Empty: 0M, Relocated: 0M, In-Place: 0
[105.204s][info][gc,reloc    ] GC(45) Forwarding Usage: 0M
[105.204s][info][gc,heap     ] GC(45) Min Capacity: 1024M(100%)
[105.204s][info][gc,heap     ] GC(45) Max Capacity: 1024M(100%)
[105.204s][info][gc,heap     ] GC(45) Soft Max Capacity: 1024M(100%)
[105.204s][info][gc,heap     ] GC(45)                Mark Start          Mark End        Relocate Start      Relocate End           High               Low         
[105.204s][info][gc,heap     ] GC(45)  Capacity:     1024M (100%)       1024M (100%)       1024M (100%)       1024M (100%)       1024M (100%)       1024M (100%)   
[105.204s][info][gc,heap     ] GC(45)      Free:      636M (62%)         636M (62%)         916M (89%)         960M (94%)         960M (94%)         636M (62%)    
[105.204s][info][gc,heap     ] GC(45)      Used:      388M (38%)         388M (38%)         108M (11%)          64M (6%)          388M (38%)          64M (6%)     
[105.204s][info][gc,heap     ] GC(45)      Live:         -                28M (3%)           28M (3%)           28M (3%)             -                  -          
[105.204s][info][gc,heap     ] GC(45) Allocated:         -                 0M (0%)            0M (0%)            0M (0%)             -                  -          
[105.204s][info][gc,heap     ] GC(45)   Garbage:         -               359M (35%)          79M (8%)           35M (3%)             -                  -          
[105.204s][info][gc,heap     ] GC(45) Reclaimed:         -                  -               280M (27%)         324M (32%)            -                  -          
[105.204s][info][gc          ] GC(45) Garbage Collection (System.gc()) 388M(38%)->64M(6%)
[107.076s][info][gc,start    ] GC(46) Garbage Collection (System.gc())
[107.076s][info][gc,task     ] GC(46) Using 2 workers
[107.076s][info][gc,phases   ] GC(46) Pause Mark Start 0.004ms
[107.109s][info][gc,phases   ] GC(46) Concurrent Mark 33.671ms
[107.110s][info][gc,phases   ] GC(46) Pause Mark End 0.021ms
[107.110s][info][gc,phases   ] GC(46) Concurrent Mark Free 0.002ms
[107.133s][info][gc,phases   ] GC(46) Concurrent Process Non-Strong References 22.677ms
[107.133s][info][gc,phases   ] GC(46) Concurrent Reset Relocation Set 0.003ms
[107.134s][info][gc,phases   ] GC(46) Concurrent Select Relocation Set 1.303ms
[107.134s][info][gc,phases   ] GC(46) Pause Relocate Start 0.010ms
[107.135s][info][gc,phases   ] GC(46) Concurrent Relocate 0.811ms
[107.135s][info][gc,load     ] GC(46) Load: 0.00/0.00/0.00
[107.135s][info][gc,mmu      ] GC(46) MMU: 2ms/93.6%, 5ms/97.2%, 10ms/98.6%, 20ms/99.3%, 50ms/99.7%, 100ms/99.9%
[107.135s][info][gc,marking  ] GC(46) Mark: 2 stripe(s), 1 proactive flush(es), 1 terminate flush(es), 0 completion(s), 0 continuation(s) 
[107.135s][info][gc,marking  ] GC(46) Mark Stack Usage: 32M
[107.135s][info][gc,nmethod  ] GC(46) NMethods: 18973 registered, 0 unregistered
[107.135s][info][gc,metaspace] GC(46) Metaspace: 59M used, 60M committed, 1088M reserved
[107.135s][info][gc,ref      ] GC(46) Soft: 894 encountered, 0 discovered, 0 enqueued
[107.135s][info][gc,ref      ] GC(46) Weak: 6102 encountered, 39 discovered, 25 enqueued
[107.135s][info][gc,ref      ] GC(46) Final: 0 encountered, 0 discovered, 0 enqueued
[107.135s][info][gc,ref      ] GC(46) Phantom: 79 encountered, 47 discovered, 0 enqueued
[107.135s][info][gc,reloc    ] GC(46) Small Pages: 162 / 324M, Empty: 252M, Relocated: 1M, In-Place: 0
[107.135s][info][gc,reloc    ] GC(46) Medium Pages: 2 / 64M, Empty: 32M, Relocated: 0M, In-Place: 0
[107.135s][info][gc,reloc    ] GC(46) Large Pages: 0 / 0M, Empty: 0M, Relocated: 0M, In-Place: 0
[107.135s][info][gc,reloc    ] GC(46) Forwarding Usage: 0M
[107.135s][info][gc,heap     ] GC(46) Min Capacity: 1024M(100%)
[107.135s][info][gc,heap     ] GC(46) Max Capacity: 1024M(100%)
[107.135s][info][gc,heap     ] GC(46) Soft Max Capacity: 1024M(100%)
[107.135s][info][gc,heap     ] GC(46)                Mark Start          Mark End        Relocate Start      Relocate End           High               Low         
[107.135s][info][gc,heap     ] GC(46)  Capacity:     1024M (100%)       1024M (100%)       1024M (100%)       1024M (100%)       1024M (100%)       1024M (100%)   
[107.135s][info][gc,heap     ] GC(46)      Free:      636M (62%)         636M (62%)         920M (90%)         960M (94%)         960M (94%)         636M (62%)    
[107.135s][info][gc,heap     ] GC(46)      Used:      388M (38%)         388M (38%)         104M (10%)          64M (6%)          388M (38%)          64M (6%)     
[107.135s][info][gc,heap     ] GC(46)      Live:         -                28M (3%)           28M (3%)           28M (3%)             -                  -          
[107.135s][info][gc,heap     ] GC(46) Allocated:         -                 0M (0%)            0M (0%)            0M (0%)             -                  -          
[107.135s][info][gc,heap     ] GC(46)   Garbage:         -               359M (35%)          75M (7%)           35M (3%)             -                  -          
[107.135s][info][gc,heap     ] GC(46) Reclaimed:         -                  -               284M (28%)         324M (32%)            -                  -          
[107.135s][info][gc          ] GC(46) Garbage Collection (System.gc()) 388M(38%)->64M(6%)
[108.999s][info][gc,start    ] GC(47) Garbage Collection (System.gc())
[108.999s][info][gc,task     ] GC(47) Using 2 workers
[108.999s][info][gc,phases   ] GC(47) Pause Mark Start 0.007ms
[109.026s][info][gc,phases   ] GC(47) Concurrent Mark 27.325ms
[109.026s][info][gc,phases   ] GC(47) Pause Mark End 0.018ms
[109.026s][info][gc,phases   ] GC(47) Concurrent Mark Free 0.001ms
[109.049s][info][gc,phases   ] GC(47) Concurrent Process Non-Strong References 22.258ms
[109.049s][info][gc,phases   ] GC(47) Concurrent Reset Relocation Set 0.002ms
[109.050s][info][gc,phases   ] GC(47) Concurrent Select Relocation Set 1.351ms
[109.050s][info][gc,phases   ] GC(47) Pause Relocate Start 0.009ms
[109.051s][info][gc,phases   ] GC(47) Concurrent Relocate 0.829ms
[109.051s][info][gc,load     ] GC(47) Load: 0.00/0.00/0.00
[109.051s][info][gc,mmu      ] GC(47) MMU: 2ms/93.6%, 5ms/97.2%, 10ms/98.6%, 20ms/99.3%, 50ms/99.7%, 100ms/99.9%
[109.051s][info][gc,marking  ] GC(47) Mark: 2 stripe(s), 1 proactive flush(es), 1 terminate flush(es), 0 completion(s), 0 continuation(s) 
[109.051s][info][gc,marking  ] GC(47) Mark Stack Usage: 32M
[109.051s][info][gc,nmethod  ] GC(47) NMethods: 19115 registered, 13 unregistered
[109.051s][info][gc,metaspace] GC(47) Metaspace: 59M used, 60M committed, 1088M reserved
[109.051s][info][gc,ref      ] GC(47) Soft: 894 encountered, 0 discovered, 0 enqueued
[109.051s][info][gc,ref      ] GC(47) Weak: 6177 encountered, 98 discovered, 70 enqueued
[109.051s][info][gc,ref      ] GC(47) Final: 0 encountered, 0 discovered, 0 enqueued
[109.051s][info][gc,ref      ] GC(47) Phantom: 79 encountered, 48 discovered, 0 enqueued
[109.051s][info][gc,reloc    ] GC(47) Small Pages: 162 / 324M, Empty: 254M, Relocated: 1M, In-Place: 0
[109.051s][info][gc,reloc    ] GC(47) Medium Pages: 2 / 64M, Empty: 32M, Relocated: 0M, In-Place: 0
[109.051s][info][gc,reloc    ] GC(47) Large Pages: 0 / 0M, Empty: 0M, Relocated: 0M, In-Place: 0
[109.051s][info][gc,reloc    ] GC(47) Forwarding Usage: 0M
[109.051s][info][gc,heap     ] GC(47) Min Capacity: 1024M(100%)
[109.051s][info][gc,heap     ] GC(47) Max Capacity: 1024M(100%)
[109.051s][info][gc,heap     ] GC(47) Soft Max Capacity: 1024M(100%)
[109.051s][info][gc,heap     ] GC(47)                Mark Start          Mark End        Relocate Start      Relocate End           High               Low         
[109.051s][info][gc,heap     ] GC(47)  Capacity:     1024M (100%)       1024M (100%)       1024M (100%)       1024M (100%)       1024M (100%)       1024M (100%)   
[109.051s][info][gc,heap     ] GC(47)      Free:      636M (62%)         636M (62%)         922M (90%)         960M (94%)         960M (94%)         636M (62%)    
[109.051s][info][gc,heap     ] GC(47)      Used:      388M (38%)         388M (38%)         102M (10%)          64M (6%)          388M (38%)          64M (6%)     
[109.051s][info][gc,heap     ] GC(47)      Live:         -                28M (3%)           28M (3%)           28M (3%)             -                  -          
[109.051s][info][gc,heap     ] GC(47) Allocated:         -                 0M (0%)            0M (0%)            0M (0%)             -                  -          
[109.051s][info][gc,heap     ] GC(47)   Garbage:         -               359M (35%)          73M (7%)           35M (3%)             -                  -          
[109.051s][info][gc,heap     ] GC(47) Reclaimed:         -                  -               286M (28%)         324M (32%)            -                  -          
[109.051s][info][gc          ] GC(47) Garbage Collection (System.gc()) 388M(38%)->64M(6%)
[110.078s][info][gc,stats    ] === Garbage Collection Statistics =======================================================================================================================
[110.078s][info][gc,stats    ]                                                              Last 10s              Last 10m              Last 10h                Total
[110.078s][info][gc,stats    ]                                                              Avg / Max             Avg / Max             Avg / Max             Avg / Max
[110.078s][info][gc,stats    ]   Collector: Garbage Collection Cycle                     53.487 / 59.290       53.195 / 170.238      53.195 / 170.238      53.195 / 170.238     ms
[110.078s][info][gc,stats    ]  Contention: Mark Segment Reset Contention                     0 / 2                 0 / 2                 0 / 2                 0 / 2           ops/s
[110.078s][info][gc,stats    ]  Contention: Mark SeqNum Reset Contention                      0 / 1                 0 / 1                 0 / 1                 0 / 1           ops/s
[110.078s][info][gc,stats    ]    Critical: Allocation Stall                                  0 / 0                 0 / 0                 0 / 0                 0 / 0           ops/s
[110.078s][info][gc,stats    ]    Critical: Allocation Stall                              0.000 / 0.000         0.000 / 0.000         0.000 / 0.000         0.000 / 0.000       ms
[110.078s][info][gc,stats    ]    Critical: GC Locker Stall                                   0 / 0                 0 / 0                 0 / 0                 0 / 0           ops/s
[110.078s][info][gc,stats    ]    Critical: GC Locker Stall                               0.000 / 0.000         0.000 / 0.000         0.000 / 0.000         0.000 / 0.000       ms
[110.078s][info][gc,stats    ]    Critical: Relocation Stall                                  0 / 0                 0 / 0                 0 / 0                 0 / 0           ops/s
[110.078s][info][gc,stats    ]    Critical: Relocation Stall                              0.000 / 0.000         0.000 / 0.000         0.000 / 0.000         0.000 / 0.000       ms
[110.078s][info][gc,stats    ]      Memory: Allocation Rate                                 170 / 314             134 / 318             134 / 318             134 / 318         MB/s
[110.078s][info][gc,stats    ]      Memory: Out Of Memory                                     0 / 0                 0 / 0                 0 / 0                 0 / 0           ops/s
[110.078s][info][gc,stats    ]      Memory: Page Cache Flush                                  0 / 0                 0 / 0                 0 / 0                 0 / 0           MB/s
[110.078s][info][gc,stats    ]      Memory: Page Cache Hit L1                                78 / 144              60 / 146              60 / 146              60 / 146         ops/s
[110.078s][info][gc,stats    ]      Memory: Page Cache Hit L2                                 0 / 0                 0 / 0                 0 / 0                 0 / 0           ops/s
[110.078s][info][gc,stats    ]      Memory: Page Cache Hit L3                                 0 / 0                 1 / 28                1 / 28                1 / 28          ops/s
[110.078s][info][gc,stats    ]      Memory: Page Cache Miss                                   0 / 0                 0 / 1                 0 / 1                 0 / 1           ops/s
[110.078s][info][gc,stats    ]      Memory: Uncommit                                          0 / 0                 0 / 0                 0 / 0                 0 / 0           MB/s
[110.078s][info][gc,stats    ]      Memory: Undo Object Allocation Failed                     0 / 0                 0 / 0                 0 / 0                 0 / 0           ops/s
[110.078s][info][gc,stats    ]      Memory: Undo Object Allocation Succeeded                  0 / 0                 0 / 1                 0 / 1                 0 / 1           ops/s
[110.078s][info][gc,stats    ]      Memory: Undo Page Allocation                              0 / 0                 0 / 0                 0 / 0                 0 / 0           ops/s
[110.078s][info][gc,stats    ]       Phase: Concurrent Mark                              28.471 / 33.671       29.776 / 125.180      29.776 / 125.180      29.776 / 125.180     ms
[110.078s][info][gc,stats    ]       Phase: Concurrent Mark Continue                      0.000 / 0.000         0.000 / 0.000         0.000 / 0.000         0.000 / 0.000       ms
[110.078s][info][gc,stats    ]       Phase: Concurrent Mark Free                          0.002 / 0.003         0.002 / 0.004         0.002 / 0.004         0.002 / 0.004       ms
[110.078s][info][gc,stats    ]       Phase: Concurrent Process Non-Strong References     22.033 / 23.045       18.759 / 23.045       18.759 / 23.045       18.759 / 23.045      ms
[110.079s][info][gc,stats    ]       Phase: Concurrent Relocate                           0.870 / 1.135         2.121 / 22.669        2.121 / 22.669        2.121 / 22.669      ms
[110.079s][info][gc,stats    ]       Phase: Concurrent Reset Relocation Set               0.002 / 0.003         0.003 / 0.011         0.003 / 0.011         0.003 / 0.011       ms
[110.079s][info][gc,stats    ]       Phase: Concurrent Select Relocation Set              1.304 / 1.413         1.694 / 5.967         1.694 / 5.967         1.694 / 5.967       ms
[110.079s][info][gc,stats    ]       Phase: Pause Mark End                                0.022 / 0.025         0.024 / 0.129         0.024 / 0.129         0.024 / 0.129       ms
[110.079s][info][gc,stats    ]       Phase: Pause Mark Start                              0.005 / 0.007         0.006 / 0.011         0.006 / 0.011         0.006 / 0.011       ms
[110.079s][info][gc,stats    ]       Phase: Pause Relocate Start                          0.009 / 0.011         0.010 / 0.020         0.010 / 0.020         0.010 / 0.020       ms
[110.079s][info][gc,stats    ]    Subphase: Concurrent Classes Purge                      0.562 / 0.615         0.505 / 0.669         0.505 / 0.669         0.505 / 0.669       ms
[110.079s][info][gc,stats    ]    Subphase: Concurrent Classes Unlink                    20.363 / 21.132       17.154 / 21.132       17.154 / 21.132       17.154 / 21.132      ms
[110.079s][info][gc,stats    ]    Subphase: Concurrent Mark                              23.698 / 33.300       25.553 / 123.683      25.553 / 123.683      25.553 / 123.683     ms
[110.079s][info][gc,stats    ]    Subphase: Concurrent Mark Try Flush                     0.082 / 0.134         0.098 / 0.554         0.098 / 0.554         0.098 / 0.554       ms
[110.079s][info][gc,stats    ]    Subphase: Concurrent Mark Try Terminate                 3.262 / 15.449        2.827 / 16.620        2.827 / 16.620        2.827 / 16.620      ms
[110.079s][info][gc,stats    ]    Subphase: Concurrent References Enqueue                 0.006 / 0.008         0.006 / 0.008         0.006 / 0.008         0.006 / 0.008       ms
[110.079s][info][gc,stats    ]    Subphase: Concurrent References Process                 0.126 / 0.159         0.193 / 2.199         0.193 / 2.199         0.193 / 2.199       ms
[110.079s][info][gc,stats    ]    Subphase: Concurrent Roots ClassLoaderDataGraph         0.058 / 0.110         0.062 / 0.216         0.062 / 0.216         0.062 / 0.216       ms
[110.079s][info][gc,stats    ]    Subphase: Concurrent Roots CodeCache                    0.000 / 0.000         0.000 / 0.000         0.000 / 0.000         0.000 / 0.000       ms
[110.079s][info][gc,stats    ]    Subphase: Concurrent Roots JavaThreads                  0.191 / 0.405         0.229 / 2.857         0.229 / 2.857         0.229 / 2.857       ms
[110.079s][info][gc,stats    ]    Subphase: Concurrent Roots OopStorageSet                0.013 / 0.022         0.015 / 0.061         0.015 / 0.061         0.015 / 0.061       ms
[110.079s][info][gc,stats    ]    Subphase: Concurrent Weak Roots OopStorageSet           0.756 / 0.913         0.685 / 1.280         0.685 / 1.280         0.685 / 1.280       ms
[110.079s][info][gc,stats    ]    Subphase: Pause Mark Try Complete                       0.000 / 0.000         0.005 / 0.014         0.005 / 0.014         0.005 / 0.014       ms
[110.079s][info][gc,stats    ]      System: Java Threads                                     12 / 12               12 / 13               12 / 13               12 / 13          threads
[110.079s][info][gc,stats    ] =========================================================================================================================================================
[110.917s][info][gc,start    ] GC(48) Garbage Collection (System.gc())
[110.917s][info][gc,task     ] GC(48) Using 2 workers
[110.917s][info][gc,phases   ] GC(48) Pause Mark Start 0.005ms
[110.942s][info][gc,phases   ] GC(48) Concurrent Mark 24.849ms
[110.943s][info][gc,phases   ] GC(48) Pause Mark End 0.016ms
[110.943s][info][gc,phases   ] GC(48) Concurrent Mark Free 0.002ms
[110.964s][info][gc,phases   ] GC(48) Concurrent Process Non-Strong References 21.441ms
[110.964s][info][gc,phases   ] GC(48) Concurrent Reset Relocation Set 0.001ms
[110.965s][info][gc,phases   ] GC(48) Concurrent Select Relocation Set 1.191ms
[110.966s][info][gc,phases   ] GC(48) Pause Relocate Start 0.010ms
[110.966s][info][gc,phases   ] GC(48) Concurrent Relocate 0.786ms
[110.966s][info][gc,load     ] GC(48) Load: 0.00/0.00/0.00
[110.966s][info][gc,mmu      ] GC(48) MMU: 2ms/93.6%, 5ms/97.2%, 10ms/98.6%, 20ms/99.3%, 50ms/99.7%, 100ms/99.9%
[110.966s][info][gc,marking  ] GC(48) Mark: 2 stripe(s), 2 proactive flush(es), 1 terminate flush(es), 0 completion(s), 0 continuation(s) 
[110.966s][info][gc,marking  ] GC(48) Mark Stack Usage: 32M
[110.966s][info][gc,nmethod  ] GC(48) NMethods: 19169 registered, 13 unregistered
[110.966s][info][gc,metaspace] GC(48) Metaspace: 59M used, 60M committed, 1088M reserved
[110.966s][info][gc,ref      ] GC(48) Soft: 894 encountered, 0 discovered, 0 enqueued
[110.966s][info][gc,ref      ] GC(48) Weak: 6102 encountered, 62 discovered, 25 enqueued
[110.966s][info][gc,ref      ] GC(48) Final: 0 encountered, 0 discovered, 0 enqueued
[110.966s][info][gc,ref      ] GC(48) Phantom: 79 encountered, 39 discovered, 0 enqueued
[110.966s][info][gc,reloc    ] GC(48) Small Pages: 162 / 324M, Empty: 252M, Relocated: 1M, In-Place: 0
[110.966s][info][gc,reloc    ] GC(48) Medium Pages: 2 / 64M, Empty: 32M, Relocated: 0M, In-Place: 0
[110.966s][info][gc,reloc    ] GC(48) Large Pages: 0 / 0M, Empty: 0M, Relocated: 0M, In-Place: 0
[110.966s][info][gc,reloc    ] GC(48) Forwarding Usage: 0M
[110.966s][info][gc,heap     ] GC(48) Min Capacity: 1024M(100%)
[110.966s][info][gc,heap     ] GC(48) Max Capacity: 1024M(100%)
[110.966s][info][gc,heap     ] GC(48) Soft Max Capacity: 1024M(100%)
[110.966s][info][gc,heap     ] GC(48)                Mark Start          Mark End        Relocate Start      Relocate End           High               Low         
[110.967s][info][gc,heap     ] GC(48)  Capacity:     1024M (100%)       1024M (100%)       1024M (100%)       1024M (100%)       1024M (100%)       1024M (100%)   
[110.967s][info][gc,heap     ] GC(48)      Free:      636M (62%)         636M (62%)         920M (90%)         960M (94%)         960M (94%)         636M (62%)    
[110.967s][info][gc,heap     ] GC(48)      Used:      388M (38%)         388M (38%)         104M (10%)          64M (6%)          388M (38%)          64M (6%)     
[110.967s][info][gc,heap     ] GC(48)      Live:         -                28M (3%)           28M (3%)           28M (3%)             -                  -          
[110.967s][info][gc,heap     ] GC(48) Allocated:         -                 0M (0%)            0M (0%)            0M (0%)             -                  -          
[110.967s][info][gc,heap     ] GC(48)   Garbage:         -               359M (35%)          75M (7%)           35M (3%)             -                  -          
[110.967s][info][gc,heap     ] GC(48) Reclaimed:         -                  -               284M (28%)         324M (32%)            -                  -          
[110.967s][info][gc          ] GC(48) Garbage Collection (System.gc()) 388M(38%)->64M(6%)
[112.835s][info][gc,start    ] GC(49) Garbage Collection (System.gc())
[112.835s][info][gc,task     ] GC(49) Using 2 workers
[112.835s][info][gc,phases   ] GC(49) Pause Mark Start 0.005ms
[112.859s][info][gc,phases   ] GC(49) Concurrent Mark 24.008ms
[112.859s][info][gc,phases   ] GC(49) Pause Mark End 0.019ms
[112.859s][info][gc,phases   ] GC(49) Concurrent Mark Free 0.002ms
[112.881s][info][gc,phases   ] GC(49) Concurrent Process Non-Strong References 21.761ms
[112.881s][info][gc,phases   ] GC(49) Concurrent Reset Relocation Set 0.002ms
[112.883s][info][gc,phases   ] GC(49) Concurrent Select Relocation Set 1.455ms
[112.883s][info][gc,phases   ] GC(49) Pause Relocate Start 0.010ms
[112.884s][info][gc,phases   ] GC(49) Concurrent Relocate 1.237ms
[112.884s][info][gc,load     ] GC(49) Load: 0.00/0.00/0.00
[112.884s][info][gc,mmu      ] GC(49) MMU: 2ms/93.6%, 5ms/97.2%, 10ms/98.6%, 20ms/99.3%, 50ms/99.7%, 100ms/99.9%
[112.884s][info][gc,marking  ] GC(49) Mark: 2 stripe(s), 1 proactive flush(es), 1 terminate flush(es), 0 completion(s), 0 continuation(s) 
[112.884s][info][gc,marking  ] GC(49) Mark Stack Usage: 32M
[112.884s][info][gc,nmethod  ] GC(49) NMethods: 19197 registered, 13 unregistered
[112.884s][info][gc,metaspace] GC(49) Metaspace: 59M used, 60M committed, 1088M reserved
[112.884s][info][gc,ref      ] GC(49) Soft: 894 encountered, 0 discovered, 0 enqueued
[112.884s][info][gc,ref      ] GC(49) Weak: 6177 encountered, 121 discovered, 70 enqueued
[112.884s][info][gc,ref      ] GC(49) Final: 0 encountered, 0 discovered, 0 enqueued
[112.884s][info][gc,ref      ] GC(49) Phantom: 79 encountered, 57 discovered, 0 enqueued
[112.884s][info][gc,reloc    ] GC(49) Small Pages: 163 / 326M, Empty: 260M, Relocated: 1M, In-Place: 0
[112.884s][info][gc,reloc    ] GC(49) Medium Pages: 2 / 64M, Empty: 32M, Relocated: 0M, In-Place: 0
[112.884s][info][gc,reloc    ] GC(49) Large Pages: 0 / 0M, Empty: 0M, Relocated: 0M, In-Place: 0
[112.884s][info][gc,reloc    ] GC(49) Forwarding Usage: 0M
[112.884s][info][gc,heap     ] GC(49) Min Capacity: 1024M(100%)
[112.884s][info][gc,heap     ] GC(49) Max Capacity: 1024M(100%)
[112.884s][info][gc,heap     ] GC(49) Soft Max Capacity: 1024M(100%)
[112.884s][info][gc,heap     ] GC(49)                Mark Start          Mark End        Relocate Start      Relocate End           High               Low         
[112.884s][info][gc,heap     ] GC(49)  Capacity:     1024M (100%)       1024M (100%)       1024M (100%)       1024M (100%)       1024M (100%)       1024M (100%)   
[112.884s][info][gc,heap     ] GC(49)      Free:      634M (62%)         634M (62%)         926M (90%)         960M (94%)         960M (94%)         634M (62%)    
[112.884s][info][gc,heap     ] GC(49)      Used:      390M (38%)         390M (38%)          98M (10%)          64M (6%)          390M (38%)          64M (6%)     
[112.884s][info][gc,heap     ] GC(49)      Live:         -                28M (3%)           28M (3%)           28M (3%)             -                  -          
[112.884s][info][gc,heap     ] GC(49) Allocated:         -                 0M (0%)            0M (0%)            0M (0%)             -                  -          
[112.884s][info][gc,heap     ] GC(49)   Garbage:         -               361M (35%)          69M (7%)           35M (3%)             -                  -          
[112.884s][info][gc,heap     ] GC(49) Reclaimed:         -                  -               292M (29%)         326M (32%)            -                  -          
[112.884s][info][gc          ] GC(49) Garbage Collection (System.gc()) 390M(38%)->64M(6%)
[114.746s][info][gc,start    ] GC(50) Garbage Collection (System.gc())
[114.746s][info][gc,task     ] GC(50) Using 2 workers
[114.746s][info][gc,phases   ] GC(50) Pause Mark Start 0.004ms
[114.775s][info][gc,phases   ] GC(50) Concurrent Mark 28.772ms
[114.775s][info][gc,phases   ] GC(50) Pause Mark End 0.024ms
[114.775s][info][gc,phases   ] GC(50) Concurrent Mark Free 0.002ms
[114.797s][info][gc,phases   ] GC(50) Concurrent Process Non-Strong References 22.178ms
[114.797s][info][gc,phases   ] GC(50) Concurrent Reset Relocation Set 0.002ms
[114.799s][info][gc,phases   ] GC(50) Concurrent Select Relocation Set 1.403ms
[114.799s][info][gc,phases   ] GC(50) Pause Relocate Start 0.009ms
[114.800s][info][gc,phases   ] GC(50) Concurrent Relocate 1.129ms
[114.800s][info][gc,load     ] GC(50) Load: 0.00/0.00/0.00
[114.800s][info][gc,mmu      ] GC(50) MMU: 2ms/93.6%, 5ms/97.2%, 10ms/98.6%, 20ms/99.3%, 50ms/99.7%, 100ms/99.9%
[114.800s][info][gc,marking  ] GC(50) Mark: 2 stripe(s), 1 proactive flush(es), 1 terminate flush(es), 0 completion(s), 0 continuation(s) 
[114.800s][info][gc,marking  ] GC(50) Mark Stack Usage: 32M
[114.800s][info][gc,nmethod  ] GC(50) NMethods: 19253 registered, 13 unregistered
[114.800s][info][gc,metaspace] GC(50) Metaspace: 59M used, 60M committed, 1088M reserved
[114.800s][info][gc,ref      ] GC(50) Soft: 894 encountered, 0 discovered, 0 enqueued
[114.800s][info][gc,ref      ] GC(50) Weak: 6102 encountered, 45 discovered, 25 enqueued
[114.800s][info][gc,ref      ] GC(50) Final: 0 encountered, 0 discovered, 0 enqueued
[114.800s][info][gc,ref      ] GC(50) Phantom: 79 encountered, 55 discovered, 0 enqueued
[114.800s][info][gc,reloc    ] GC(50) Small Pages: 162 / 324M, Empty: 248M, Relocated: 1M, In-Place: 0
[114.800s][info][gc,reloc    ] GC(50) Medium Pages: 2 / 64M, Empty: 32M, Relocated: 0M, In-Place: 0
[114.800s][info][gc,reloc    ] GC(50) Large Pages: 0 / 0M, Empty: 0M, Relocated: 0M, In-Place: 0
[114.800s][info][gc,reloc    ] GC(50) Forwarding Usage: 0M
[114.800s][info][gc,heap     ] GC(50) Min Capacity: 1024M(100%)
[114.800s][info][gc,heap     ] GC(50) Max Capacity: 1024M(100%)
[114.800s][info][gc,heap     ] GC(50) Soft Max Capacity: 1024M(100%)
[114.800s][info][gc,heap     ] GC(50)                Mark Start          Mark End        Relocate Start      Relocate End           High               Low         
[114.800s][info][gc,heap     ] GC(50)  Capacity:     1024M (100%)       1024M (100%)       1024M (100%)       1024M (100%)       1024M (100%)       1024M (100%)   
[114.800s][info][gc,heap     ] GC(50)      Free:      636M (62%)         636M (62%)         916M (89%)         960M (94%)         960M (94%)         636M (62%)    
[114.800s][info][gc,heap     ] GC(50)      Used:      388M (38%)         388M (38%)         108M (11%)          64M (6%)          388M (38%)          64M (6%)     
[114.800s][info][gc,heap     ] GC(50)      Live:         -                28M (3%)           28M (3%)           28M (3%)             -                  -          
[114.800s][info][gc,heap     ] GC(50) Allocated:         -                 0M (0%)            0M (0%)            0M (0%)             -                  -          
[114.800s][info][gc,heap     ] GC(50)   Garbage:         -               359M (35%)          79M (8%)           35M (3%)             -                  -          
[114.800s][info][gc,heap     ] GC(50) Reclaimed:         -                  -               280M (27%)         324M (32%)            -                  -          
[114.800s][info][gc          ] GC(50) Garbage Collection (System.gc()) 388M(38%)->64M(6%)
[116.637s][info][gc,start    ] GC(51) Garbage Collection (System.gc())
[116.637s][info][gc,task     ] GC(51) Using 2 workers
[116.638s][info][gc,phases   ] GC(51) Pause Mark Start 0.005ms
[116.660s][info][gc,phases   ] GC(51) Concurrent Mark 22.199ms
[116.660s][info][gc,phases   ] GC(51) Pause Mark End 0.018ms
[116.660s][info][gc,phases   ] GC(51) Concurrent Mark Free 0.002ms
[116.682s][info][gc,phases   ] GC(51) Concurrent Process Non-Strong References 21.901ms
[116.682s][info][gc,phases   ] GC(51) Concurrent Reset Relocation Set 0.002ms
[116.683s][info][gc,phases   ] GC(51) Concurrent Select Relocation Set 1.293ms
[116.683s][info][gc,phases   ] GC(51) Pause Relocate Start 0.009ms
[116.685s][info][gc,phases   ] GC(51) Concurrent Relocate 1.165ms
[116.685s][info][gc,load     ] GC(51) Load: 0.00/0.00/0.00
[116.685s][info][gc,mmu      ] GC(51) MMU: 2ms/93.6%, 5ms/97.2%, 10ms/98.6%, 20ms/99.3%, 50ms/99.7%, 100ms/99.9%
[116.685s][info][gc,marking  ] GC(51) Mark: 2 stripe(s), 1 proactive flush(es), 1 terminate flush(es), 0 completion(s), 0 continuation(s) 
[116.685s][info][gc,marking  ] GC(51) Mark Stack Usage: 32M
[116.685s][info][gc,nmethod  ] GC(51) NMethods: 19294 registered, 13 unregistered
[116.685s][info][gc,metaspace] GC(51) Metaspace: 59M used, 60M committed, 1088M reserved
[116.685s][info][gc,ref      ] GC(51) Soft: 894 encountered, 0 discovered, 0 enqueued
[116.685s][info][gc,ref      ] GC(51) Weak: 6177 encountered, 106 discovered, 70 enqueued
[116.685s][info][gc,ref      ] GC(51) Final: 0 encountered, 0 discovered, 0 enqueued
[116.685s][info][gc,ref      ] GC(51) Phantom: 79 encountered, 46 discovered, 0 enqueued
[116.685s][info][gc,reloc    ] GC(51) Small Pages: 162 / 324M, Empty: 254M, Relocated: 1M, In-Place: 0
[116.685s][info][gc,reloc    ] GC(51) Medium Pages: 2 / 64M, Empty: 32M, Relocated: 0M, In-Place: 0
[116.685s][info][gc,reloc    ] GC(51) Large Pages: 0 / 0M, Empty: 0M, Relocated: 0M, In-Place: 0
[116.685s][info][gc,reloc    ] GC(51) Forwarding Usage: 0M
[116.685s][info][gc,heap     ] GC(51) Min Capacity: 1024M(100%)
[116.685s][info][gc,heap     ] GC(51) Max Capacity: 1024M(100%)
[116.685s][info][gc,heap     ] GC(51) Soft Max Capacity: 1024M(100%)
[116.685s][info][gc,heap     ] GC(51)                Mark Start          Mark End        Relocate Start      Relocate End           High               Low         
[116.685s][info][gc,heap     ] GC(51)  Capacity:     1024M (100%)       1024M (100%)       1024M (100%)       1024M (100%)       1024M (100%)       1024M (100%)   
[116.685s][info][gc,heap     ] GC(51)      Free:      636M (62%)         636M (62%)         922M (90%)         960M (94%)         960M (94%)         636M (62%)    
[116.685s][info][gc,heap     ] GC(51)      Used:      388M (38%)         388M (38%)         102M (10%)          64M (6%)          388M (38%)          64M (6%)     
[116.685s][info][gc,heap     ] GC(51)      Live:         -                28M (3%)           28M (3%)           28M (3%)             -                  -          
[116.685s][info][gc,heap     ] GC(51) Allocated:         -                 0M (0%)            0M (0%)            0M (0%)             -                  -          
[116.685s][info][gc,heap     ] GC(51)   Garbage:         -               359M (35%)          73M (7%)           35M (3%)             -                  -          
[116.685s][info][gc,heap     ] GC(51) Reclaimed:         -                  -               286M (28%)         324M (32%)            -                  -          
[116.685s][info][gc          ] GC(51) Garbage Collection (System.gc()) 388M(38%)->64M(6%)
[118.535s][info][gc,start    ] GC(52) Garbage Collection (System.gc())
[118.535s][info][gc,task     ] GC(52) Using 2 workers
[118.535s][info][gc,phases   ] GC(52) Pause Mark Start 0.007ms
[118.559s][info][gc,phases   ] GC(52) Concurrent Mark 23.763ms
[118.559s][info][gc,phases   ] GC(52) Pause Mark End 0.023ms
[118.559s][info][gc,phases   ] GC(52) Concurrent Mark Free 0.002ms
[118.580s][info][gc,phases   ] GC(52) Concurrent Process Non-Strong References 20.674ms
[118.580s][info][gc,phases   ] GC(52) Concurrent Reset Relocation Set 0.002ms
[118.581s][info][gc,phases   ] GC(52) Concurrent Select Relocation Set 1.286ms
[118.581s][info][gc,phases   ] GC(52) Pause Relocate Start 0.009ms
[118.582s][info][gc,phases   ] GC(52) Concurrent Relocate 0.781ms
[118.582s][info][gc,load     ] GC(52) Load: 0.00/0.00/0.00
[118.582s][info][gc,mmu      ] GC(52) MMU: 2ms/93.6%, 5ms/97.2%, 10ms/98.6%, 20ms/99.3%, 50ms/99.7%, 100ms/99.9%
[118.582s][info][gc,marking  ] GC(52) Mark: 2 stripe(s), 1 proactive flush(es), 1 terminate flush(es), 0 completion(s), 0 continuation(s) 
[118.582s][info][gc,marking  ] GC(52) Mark Stack Usage: 32M
[118.582s][info][gc,nmethod  ] GC(52) NMethods: 18989 registered, 394 unregistered
[118.582s][info][gc,metaspace] GC(52) Metaspace: 59M used, 60M committed, 1088M reserved
[118.582s][info][gc,ref      ] GC(52) Soft: 894 encountered, 0 discovered, 0 enqueued
[118.582s][info][gc,ref      ] GC(52) Weak: 6102 encountered, 42 discovered, 25 enqueued
[118.582s][info][gc,ref      ] GC(52) Final: 0 encountered, 0 discovered, 0 enqueued
[118.582s][info][gc,ref      ] GC(52) Phantom: 79 encountered, 42 discovered, 0 enqueued
[118.582s][info][gc,reloc    ] GC(52) Small Pages: 162 / 324M, Empty: 258M, Relocated: 1M, In-Place: 0
[118.582s][info][gc,reloc    ] GC(52) Medium Pages: 2 / 64M, Empty: 32M, Relocated: 0M, In-Place: 0
[118.582s][info][gc,reloc    ] GC(52) Large Pages: 0 / 0M, Empty: 0M, Relocated: 0M, In-Place: 0
[118.582s][info][gc,reloc    ] GC(52) Forwarding Usage: 0M
[118.582s][info][gc,heap     ] GC(52) Min Capacity: 1024M(100%)
[118.582s][info][gc,heap     ] GC(52) Max Capacity: 1024M(100%)
[118.582s][info][gc,heap     ] GC(52) Soft Max Capacity: 1024M(100%)
[118.582s][info][gc,heap     ] GC(52)                Mark Start          Mark End        Relocate Start      Relocate End           High               Low         
[118.582s][info][gc,heap     ] GC(52)  Capacity:     1024M (100%)       1024M (100%)       1024M (100%)       1024M (100%)       1024M (100%)       1024M (100%)   
[118.582s][info][gc,heap     ] GC(52)      Free:      636M (62%)         636M (62%)         926M (90%)         960M (94%)         960M (94%)         636M (62%)    
[118.582s][info][gc,heap     ] GC(52)      Used:      388M (38%)         388M (38%)          98M (10%)          64M (6%)          388M (38%)          64M (6%)     
[118.582s][info][gc,heap     ] GC(52)      Live:         -                28M (3%)           28M (3%)           28M (3%)             -                  -          
[118.582s][info][gc,heap     ] GC(52) Allocated:         -                 0M (0%)            0M (0%)            0M (0%)             -                  -          
[118.582s][info][gc,heap     ] GC(52)   Garbage:         -               359M (35%)          69M (7%)           35M (3%)             -                  -          
[118.582s][info][gc,heap     ] GC(52) Reclaimed:         -                  -               290M (28%)         324M (32%)            -                  -          
[118.582s][info][gc          ] GC(52) Garbage Collection (System.gc()) 388M(38%)->64M(6%)
[120.081s][info][gc,stats    ] === Garbage Collection Statistics =======================================================================================================================
[120.081s][info][gc,stats    ]                                                              Last 10s              Last 10m              Last 10h                Total
[120.081s][info][gc,stats    ]                                                              Avg / Max             Avg / Max             Avg / Max             Avg / Max
[120.081s][info][gc,stats    ]   Collector: Garbage Collection Cycle                     49.451 / 54.323       52.842 / 170.238      52.842 / 170.238      52.842 / 170.238     ms
[120.081s][info][gc,stats    ]  Contention: Mark Segment Reset Contention                     0 / 1                 0 / 2                 0 / 2                 0 / 2           ops/s
[120.081s][info][gc,stats    ]  Contention: Mark SeqNum Reset Contention                      0 / 1                 0 / 1                 0 / 1                 0 / 1           ops/s
[120.081s][info][gc,stats    ]    Critical: Allocation Stall                                  0 / 0                 0 / 0                 0 / 0                 0 / 0           ops/s
[120.081s][info][gc,stats    ]    Critical: Allocation Stall                              0.000 / 0.000         0.000 / 0.000         0.000 / 0.000         0.000 / 0.000       ms
[120.081s][info][gc,stats    ]    Critical: GC Locker Stall                                   0 / 0                 0 / 0                 0 / 0                 0 / 0           ops/s
[120.082s][info][gc,stats    ]    Critical: GC Locker Stall                               0.000 / 0.000         0.000 / 0.000         0.000 / 0.000         0.000 / 0.000       ms
[120.082s][info][gc,stats    ]    Critical: Relocation Stall                                  0 / 0                 0 / 0                 0 / 0                 0 / 0           ops/s
[120.082s][info][gc,stats    ]    Critical: Relocation Stall                              0.000 / 0.000         0.000 / 0.000         0.000 / 0.000         0.000 / 0.000       ms
[120.082s][info][gc,stats    ]      Memory: Allocation Rate                                 162 / 250             137 / 318             137 / 318             137 / 318         MB/s
[120.082s][info][gc,stats    ]      Memory: Out Of Memory                                     0 / 0                 0 / 0                 0 / 0                 0 / 0           ops/s
[120.082s][info][gc,stats    ]      Memory: Page Cache Flush                                  0 / 0                 0 / 0                 0 / 0                 0 / 0           MB/s
[120.082s][info][gc,stats    ]      Memory: Page Cache Hit L1                                74 / 125              61 / 146              61 / 146              61 / 146         ops/s
[120.082s][info][gc,stats    ]      Memory: Page Cache Hit L2                                 0 / 0                 0 / 0                 0 / 0                 0 / 0           ops/s
[120.082s][info][gc,stats    ]      Memory: Page Cache Hit L3                                 0 / 0                 1 / 28                1 / 28                1 / 28          ops/s
[120.082s][info][gc,stats    ]      Memory: Page Cache Miss                                   0 / 0                 0 / 1                 0 / 1                 0 / 1           ops/s
[120.082s][info][gc,stats    ]      Memory: Uncommit                                          0 / 0                 0 / 0                 0 / 0                 0 / 0           MB/s
[120.082s][info][gc,stats    ]      Memory: Undo Object Allocation Failed                     0 / 0                 0 / 0                 0 / 0                 0 / 0           ops/s
[120.082s][info][gc,stats    ]      Memory: Undo Object Allocation Succeeded                  0 / 0                 0 / 1                 0 / 1                 0 / 1           ops/s
[120.082s][info][gc,stats    ]      Memory: Undo Page Allocation                              0 / 0                 0 / 0                 0 / 0                 0 / 0           ops/s
[120.082s][info][gc,stats    ]       Phase: Concurrent Mark                              24.718 / 28.772       29.299 / 125.180      29.299 / 125.180      29.299 / 125.180     ms
[120.082s][info][gc,stats    ]       Phase: Concurrent Mark Continue                      0.000 / 0.000         0.000 / 0.000         0.000 / 0.000         0.000 / 0.000       ms
[120.082s][info][gc,stats    ]       Phase: Concurrent Mark Free                          0.002 / 0.002         0.002 / 0.004         0.002 / 0.004         0.002 / 0.004       ms
[120.082s][info][gc,stats    ]       Phase: Concurrent Process Non-Strong References     21.591 / 22.178       19.026 / 23.045       19.026 / 23.045       19.026 / 23.045      ms
[120.082s][info][gc,stats    ]       Phase: Concurrent Relocate                           1.020 / 1.237         2.017 / 22.669        2.017 / 22.669        2.017 / 22.669      ms
[120.082s][info][gc,stats    ]       Phase: Concurrent Reset Relocation Set               0.002 / 0.002         0.003 / 0.011         0.003 / 0.011         0.003 / 0.011       ms
[120.082s][info][gc,stats    ]       Phase: Concurrent Select Relocation Set              1.326 / 1.455         1.659 / 5.967         1.659 / 5.967         1.659 / 5.967       ms
[120.082s][info][gc,stats    ]       Phase: Pause Mark End                                0.020 / 0.024         0.023 / 0.129         0.023 / 0.129         0.023 / 0.129       ms
[120.082s][info][gc,stats    ]       Phase: Pause Mark Start                              0.005 / 0.007         0.006 / 0.011         0.006 / 0.011         0.006 / 0.011       ms
[120.082s][info][gc,stats    ]       Phase: Pause Relocate Start                          0.009 / 0.010         0.010 / 0.020         0.010 / 0.020         0.010 / 0.020       ms
[120.082s][info][gc,stats    ]    Subphase: Concurrent Classes Purge                      0.593 / 0.623         0.513 / 0.669         0.513 / 0.669         0.513 / 0.669       ms
[120.082s][info][gc,stats    ]    Subphase: Concurrent Classes Unlink                    19.865 / 20.509       17.410 / 21.132       17.410 / 21.132       17.410 / 21.132      ms
[120.082s][info][gc,stats    ]    Subphase: Concurrent Mark                              21.388 / 28.197       25.160 / 123.683      25.160 / 123.683      25.160 / 123.683     ms
[120.082s][info][gc,stats    ]    Subphase: Concurrent Mark Try Flush                     0.083 / 0.126         0.097 / 0.554         0.097 / 0.554         0.097 / 0.554       ms
[120.082s][info][gc,stats    ]    Subphase: Concurrent Mark Try Terminate                 2.255 / 10.984        2.772 / 16.620        2.772 / 16.620        2.772 / 16.620      ms
[120.082s][info][gc,stats    ]    Subphase: Concurrent References Enqueue                 0.006 / 0.008         0.006 / 0.008         0.006 / 0.008         0.006 / 0.008       ms
[120.082s][info][gc,stats    ]    Subphase: Concurrent References Process                 0.147 / 0.159         0.189 / 2.199         0.189 / 2.199         0.189 / 2.199       ms
[120.082s][info][gc,stats    ]    Subphase: Concurrent Roots ClassLoaderDataGraph         0.070 / 0.162         0.063 / 0.216         0.063 / 0.216         0.063 / 0.216       ms
[120.082s][info][gc,stats    ]    Subphase: Concurrent Roots CodeCache                    0.000 / 0.000         0.000 / 0.000         0.000 / 0.000         0.000 / 0.000       ms
[120.082s][info][gc,stats    ]    Subphase: Concurrent Roots JavaThreads                  0.201 / 0.410         0.227 / 2.857         0.227 / 2.857         0.227 / 2.857       ms
[120.082s][info][gc,stats    ]    Subphase: Concurrent Roots OopStorageSet                0.013 / 0.022         0.015 / 0.061         0.015 / 0.061         0.015 / 0.061       ms
[120.082s][info][gc,stats    ]    Subphase: Concurrent Weak Roots OopStorageSet           0.785 / 0.896         0.695 / 1.280         0.695 / 1.280         0.695 / 1.280       ms
[120.082s][info][gc,stats    ]    Subphase: Pause Mark Try Complete                       0.000 / 0.000         0.005 / 0.014         0.005 / 0.014         0.005 / 0.014       ms
[120.082s][info][gc,stats    ]      System: Java Threads                                     12 / 13               12 / 13               12 / 13               12 / 13          threads
[120.082s][info][gc,stats    ] =========================================================================================================================================================
[120.438s][info][gc,start    ] GC(53) Garbage Collection (System.gc())
[120.438s][info][gc,task     ] GC(53) Using 2 workers
[120.439s][info][gc,phases   ] GC(53) Pause Mark Start 0.005ms
[120.473s][info][gc,phases   ] GC(53) Concurrent Mark 34.179ms
[120.473s][info][gc,phases   ] GC(53) Pause Mark End 0.020ms
[120.473s][info][gc,phases   ] GC(53) Concurrent Mark Free 0.003ms
[120.496s][info][gc,phases   ] GC(53) Concurrent Process Non-Strong References 22.550ms
[120.496s][info][gc,phases   ] GC(53) Concurrent Reset Relocation Set 0.002ms
[120.497s][info][gc,phases   ] GC(53) Concurrent Select Relocation Set 1.209ms
[120.497s][info][gc,phases   ] GC(53) Pause Relocate Start 0.010ms
[120.498s][info][gc,phases   ] GC(53) Concurrent Relocate 0.801ms
[120.498s][info][gc,load     ] GC(53) Load: 0.00/0.00/0.00
[120.498s][info][gc,mmu      ] GC(53) MMU: 2ms/93.6%, 5ms/97.2%, 10ms/98.6%, 20ms/99.3%, 50ms/99.7%, 100ms/99.9%
[120.498s][info][gc,marking  ] GC(53) Mark: 2 stripe(s), 1 proactive flush(es), 1 terminate flush(es), 0 completion(s), 0 continuation(s) 
[120.498s][info][gc,marking  ] GC(53) Mark Stack Usage: 32M
[120.498s][info][gc,nmethod  ] GC(53) NMethods: 19013 registered, 409 unregistered
[120.498s][info][gc,metaspace] GC(53) Metaspace: 59M used, 60M committed, 1088M reserved
[120.498s][info][gc,ref      ] GC(53) Soft: 894 encountered, 0 discovered, 0 enqueued
[120.498s][info][gc,ref      ] GC(53) Weak: 6177 encountered, 90 discovered, 70 enqueued
[120.498s][info][gc,ref      ] GC(53) Final: 0 encountered, 0 discovered, 0 enqueued
[120.498s][info][gc,ref      ] GC(53) Phantom: 79 encountered, 46 discovered, 0 enqueued
[120.498s][info][gc,reloc    ] GC(53) Small Pages: 162 / 324M, Empty: 256M, Relocated: 1M, In-Place: 0
[120.498s][info][gc,reloc    ] GC(53) Medium Pages: 2 / 64M, Empty: 32M, Relocated: 0M, In-Place: 0
[120.498s][info][gc,reloc    ] GC(53) Large Pages: 0 / 0M, Empty: 0M, Relocated: 0M, In-Place: 0
[120.498s][info][gc,reloc    ] GC(53) Forwarding Usage: 0M
[120.498s][info][gc,heap     ] GC(53) Min Capacity: 1024M(100%)
[120.498s][info][gc,heap     ] GC(53) Max Capacity: 1024M(100%)
[120.498s][info][gc,heap     ] GC(53) Soft Max Capacity: 1024M(100%)
[120.498s][info][gc,heap     ] GC(53)                Mark Start          Mark End        Relocate Start      Relocate End           High               Low         
[120.498s][info][gc,heap     ] GC(53)  Capacity:     1024M (100%)       1024M (100%)       1024M (100%)       1024M (100%)       1024M (100%)       1024M (100%)   
[120.498s][info][gc,heap     ] GC(53)      Free:      636M (62%)         636M (62%)         924M (90%)         960M (94%)         960M (94%)         636M (62%)    
[120.498s][info][gc,heap     ] GC(53)      Used:      388M (38%)         388M (38%)         100M (10%)          64M (6%)          388M (38%)          64M (6%)     
[120.498s][info][gc,heap     ] GC(53)      Live:         -                28M (3%)           28M (3%)           28M (3%)             -                  -          
[120.498s][info][gc,heap     ] GC(53) Allocated:         -                 0M (0%)            0M (0%)            0M (0%)             -                  -          
[120.498s][info][gc,heap     ] GC(53)   Garbage:         -               359M (35%)          71M (7%)           35M (3%)             -                  -          
[120.498s][info][gc,heap     ] GC(53) Reclaimed:         -                  -               288M (28%)         324M (32%)            -                  -          
[120.498s][info][gc          ] GC(53) Garbage Collection (System.gc()) 388M(38%)->64M(6%)
[122.338s][info][gc,start    ] GC(54) Garbage Collection (System.gc())
[122.338s][info][gc,task     ] GC(54) Using 2 workers
[122.338s][info][gc,phases   ] GC(54) Pause Mark Start 0.005ms
[122.373s][info][gc,phases   ] GC(54) Concurrent Mark 34.849ms
[122.373s][info][gc,phases   ] GC(54) Pause Mark End 0.019ms
[122.373s][info][gc,phases   ] GC(54) Concurrent Mark Free 0.002ms
[122.397s][info][gc,phases   ] GC(54) Concurrent Process Non-Strong References 23.215ms
[122.397s][info][gc,phases   ] GC(54) Concurrent Reset Relocation Set 0.002ms
[122.398s][info][gc,phases   ] GC(54) Concurrent Select Relocation Set 1.376ms
[122.398s][info][gc,phases   ] GC(54) Pause Relocate Start 0.007ms
[122.400s][info][gc,phases   ] GC(54) Concurrent Relocate 1.323ms
[122.400s][info][gc,load     ] GC(54) Load: 0.00/0.00/0.00
[122.400s][info][gc,mmu      ] GC(54) MMU: 2ms/93.6%, 5ms/97.2%, 10ms/98.6%, 20ms/99.3%, 50ms/99.7%, 100ms/99.9%
[122.400s][info][gc,marking  ] GC(54) Mark: 2 stripe(s), 2 proactive flush(es), 1 terminate flush(es), 0 completion(s), 0 continuation(s) 
[122.400s][info][gc,marking  ] GC(54) Mark Stack Usage: 32M
[122.400s][info][gc,nmethod  ] GC(54) NMethods: 19068 registered, 409 unregistered
[122.400s][info][gc,metaspace] GC(54) Metaspace: 59M used, 60M committed, 1088M reserved
[122.400s][info][gc,ref      ] GC(54) Soft: 894 encountered, 0 discovered, 0 enqueued
[122.400s][info][gc,ref      ] GC(54) Weak: 6102 encountered, 48 discovered, 25 enqueued
[122.400s][info][gc,ref      ] GC(54) Final: 0 encountered, 0 discovered, 0 enqueued
[122.400s][info][gc,ref      ] GC(54) Phantom: 79 encountered, 48 discovered, 0 enqueued
[122.400s][info][gc,reloc    ] GC(54) Small Pages: 162 / 324M, Empty: 252M, Relocated: 1M, In-Place: 0
[122.400s][info][gc,reloc    ] GC(54) Medium Pages: 2 / 64M, Empty: 32M, Relocated: 0M, In-Place: 0
[122.400s][info][gc,reloc    ] GC(54) Large Pages: 0 / 0M, Empty: 0M, Relocated: 0M, In-Place: 0
[122.400s][info][gc,reloc    ] GC(54) Forwarding Usage: 0M
[122.400s][info][gc,heap     ] GC(54) Min Capacity: 1024M(100%)
[122.400s][info][gc,heap     ] GC(54) Max Capacity: 1024M(100%)
[122.400s][info][gc,heap     ] GC(54) Soft Max Capacity: 1024M(100%)
[122.400s][info][gc,heap     ] GC(54)                Mark Start          Mark End        Relocate Start      Relocate End           High               Low         
[122.400s][info][gc,heap     ] GC(54)  Capacity:     1024M (100%)       1024M (100%)       1024M (100%)       1024M (100%)       1024M (100%)       1024M (100%)   
[122.400s][info][gc,heap     ] GC(54)      Free:      636M (62%)         636M (62%)         920M (90%)         960M (94%)         960M (94%)         636M (62%)    
[122.400s][info][gc,heap     ] GC(54)      Used:      388M (38%)         388M (38%)         104M (10%)          64M (6%)          388M (38%)          64M (6%)     
[122.400s][info][gc,heap     ] GC(54)      Live:         -                28M (3%)           28M (3%)           28M (3%)             -                  -          
[122.400s][info][gc,heap     ] GC(54) Allocated:         -                 0M (0%)            0M (0%)            0M (0%)             -                  -          
[122.400s][info][gc,heap     ] GC(54)   Garbage:         -               359M (35%)          75M (7%)           35M (3%)             -                  -          
[122.400s][info][gc,heap     ] GC(54) Reclaimed:         -                  -               284M (28%)         324M (32%)            -                  -          
[122.400s][info][gc          ] GC(54) Garbage Collection (System.gc()) 388M(38%)->64M(6%)
[124.243s][info][gc,start    ] GC(55) Garbage Collection (System.gc())
[124.244s][info][gc,task     ] GC(55) Using 2 workers
[124.244s][info][gc,phases   ] GC(55) Pause Mark Start 0.005ms
[124.273s][info][gc,phases   ] GC(55) Concurrent Mark 29.001ms
[124.273s][info][gc,phases   ] GC(55) Pause Mark End 0.025ms
[124.273s][info][gc,phases   ] GC(55) Concurrent Mark Free 0.003ms
[124.294s][info][gc,phases   ] GC(55) Concurrent Process Non-Strong References 21.320ms
[124.294s][info][gc,phases   ] GC(55) Concurrent Reset Relocation Set 0.002ms
[124.296s][info][gc,phases   ] GC(55) Concurrent Select Relocation Set 1.474ms
[124.296s][info][gc,phases   ] GC(55) Pause Relocate Start 0.008ms
[124.297s][info][gc,phases   ] GC(55) Concurrent Relocate 1.324ms
[124.297s][info][gc,load     ] GC(55) Load: 0.00/0.00/0.00
[124.297s][info][gc,mmu      ] GC(55) MMU: 2ms/93.6%, 5ms/97.2%, 10ms/98.6%, 20ms/99.3%, 50ms/99.7%, 100ms/99.9%
[124.297s][info][gc,marking  ] GC(55) Mark: 2 stripe(s), 1 proactive flush(es), 1 terminate flush(es), 0 completion(s), 0 continuation(s) 
[124.297s][info][gc,marking  ] GC(55) Mark Stack Usage: 32M
[124.297s][info][gc,nmethod  ] GC(55) NMethods: 19102 registered, 409 unregistered
[124.297s][info][gc,metaspace] GC(55) Metaspace: 59M used, 60M committed, 1088M reserved
[124.297s][info][gc,ref      ] GC(55) Soft: 894 encountered, 0 discovered, 0 enqueued
[124.297s][info][gc,ref      ] GC(55) Weak: 6177 encountered, 101 discovered, 70 enqueued
[124.297s][info][gc,ref      ] GC(55) Final: 0 encountered, 0 discovered, 0 enqueued
[124.297s][info][gc,ref      ] GC(55) Phantom: 79 encountered, 43 discovered, 0 enqueued
[124.297s][info][gc,reloc    ] GC(55) Small Pages: 162 / 324M, Empty: 256M, Relocated: 1M, In-Place: 0
[124.297s][info][gc,reloc    ] GC(55) Medium Pages: 2 / 64M, Empty: 32M, Relocated: 0M, In-Place: 0
[124.297s][info][gc,reloc    ] GC(55) Large Pages: 0 / 0M, Empty: 0M, Relocated: 0M, In-Place: 0
[124.297s][info][gc,reloc    ] GC(55) Forwarding Usage: 0M
[124.297s][info][gc,heap     ] GC(55) Min Capacity: 1024M(100%)
[124.297s][info][gc,heap     ] GC(55) Max Capacity: 1024M(100%)
[124.297s][info][gc,heap     ] GC(55) Soft Max Capacity: 1024M(100%)
[124.298s][info][gc,heap     ] GC(55)                Mark Start          Mark End        Relocate Start      Relocate End           High               Low         
[124.298s][info][gc,heap     ] GC(55)  Capacity:     1024M (100%)       1024M (100%)       1024M (100%)       1024M (100%)       1024M (100%)       1024M (100%)   
[124.298s][info][gc,heap     ] GC(55)      Free:      636M (62%)         636M (62%)         924M (90%)         960M (94%)         960M (94%)         636M (62%)    
[124.298s][info][gc,heap     ] GC(55)      Used:      388M (38%)         388M (38%)         100M (10%)          64M (6%)          388M (38%)          64M (6%)     
[124.298s][info][gc,heap     ] GC(55)      Live:         -                28M (3%)           28M (3%)           28M (3%)             -                  -          
[124.298s][info][gc,heap     ] GC(55) Allocated:         -                 0M (0%)            0M (0%)            0M (0%)             -                  -          
[124.298s][info][gc,heap     ] GC(55)   Garbage:         -               359M (35%)          71M (7%)           35M (3%)             -                  -          
[124.298s][info][gc,heap     ] GC(55) Reclaimed:         -                  -               288M (28%)         324M (32%)            -                  -          
[124.298s][info][gc          ] GC(55) Garbage Collection (System.gc()) 388M(38%)->64M(6%)
[126.148s][info][gc,start    ] GC(56) Garbage Collection (System.gc())
[126.148s][info][gc,task     ] GC(56) Using 2 workers
[126.148s][info][gc,phases   ] GC(56) Pause Mark Start 0.013ms
[126.172s][info][gc,phases   ] GC(56) Concurrent Mark 24.488ms
[126.172s][info][gc,phases   ] GC(56) Pause Mark End 0.019ms
[126.173s][info][gc,phases   ] GC(56) Concurrent Mark Free 0.002ms
[126.195s][info][gc,phases   ] GC(56) Concurrent Process Non-Strong References 22.418ms
[126.195s][info][gc,phases   ] GC(56) Concurrent Reset Relocation Set 0.002ms
[126.197s][info][gc,phases   ] GC(56) Concurrent Select Relocation Set 1.515ms
[126.197s][info][gc,phases   ] GC(56) Pause Relocate Start 0.007ms
[126.198s][info][gc,phases   ] GC(56) Concurrent Relocate 0.782ms
[126.198s][info][gc,load     ] GC(56) Load: 0.00/0.00/0.00
[126.198s][info][gc,mmu      ] GC(56) MMU: 2ms/93.6%, 5ms/97.2%, 10ms/98.6%, 20ms/99.3%, 50ms/99.7%, 100ms/99.9%
[126.198s][info][gc,marking  ] GC(56) Mark: 2 stripe(s), 1 proactive flush(es), 1 terminate flush(es), 0 completion(s), 0 continuation(s) 
[126.198s][info][gc,marking  ] GC(56) Mark Stack Usage: 32M
[126.198s][info][gc,nmethod  ] GC(56) NMethods: 19225 registered, 409 unregistered
[126.198s][info][gc,metaspace] GC(56) Metaspace: 60M used, 60M committed, 1088M reserved
[126.198s][info][gc,ref      ] GC(56) Soft: 894 encountered, 0 discovered, 0 enqueued
[126.198s][info][gc,ref      ] GC(56) Weak: 6102 encountered, 53 discovered, 25 enqueued
[126.198s][info][gc,ref      ] GC(56) Final: 0 encountered, 0 discovered, 0 enqueued
[126.198s][info][gc,ref      ] GC(56) Phantom: 79 encountered, 40 discovered, 0 enqueued
[126.198s][info][gc,reloc    ] GC(56) Small Pages: 162 / 324M, Empty: 250M, Relocated: 1M, In-Place: 0
[126.198s][info][gc,reloc    ] GC(56) Medium Pages: 2 / 64M, Empty: 32M, Relocated: 0M, In-Place: 0
[126.198s][info][gc,reloc    ] GC(56) Large Pages: 0 / 0M, Empty: 0M, Relocated: 0M, In-Place: 0
[126.198s][info][gc,reloc    ] GC(56) Forwarding Usage: 0M
[126.198s][info][gc,heap     ] GC(56) Min Capacity: 1024M(100%)
[126.198s][info][gc,heap     ] GC(56) Max Capacity: 1024M(100%)
[126.198s][info][gc,heap     ] GC(56) Soft Max Capacity: 1024M(100%)
[126.198s][info][gc,heap     ] GC(56)                Mark Start          Mark End        Relocate Start      Relocate End           High               Low         
[126.198s][info][gc,heap     ] GC(56)  Capacity:     1024M (100%)       1024M (100%)       1024M (100%)       1024M (100%)       1024M (100%)       1024M (100%)   
[126.198s][info][gc,heap     ] GC(56)      Free:      636M (62%)         636M (62%)         918M (90%)         960M (94%)         960M (94%)         636M (62%)    
[126.198s][info][gc,heap     ] GC(56)      Used:      388M (38%)         388M (38%)         106M (10%)          64M (6%)          388M (38%)          64M (6%)     
[126.198s][info][gc,heap     ] GC(56)      Live:         -                28M (3%)           28M (3%)           28M (3%)             -                  -          
[126.198s][info][gc,heap     ] GC(56) Allocated:         -                 0M (0%)            0M (0%)            0M (0%)             -                  -          
[126.198s][info][gc,heap     ] GC(56)   Garbage:         -               359M (35%)          77M (8%)           35M (3%)             -                  -          
[126.198s][info][gc,heap     ] GC(56) Reclaimed:         -                  -               282M (28%)         324M (32%)            -                  -          
[126.198s][info][gc          ] GC(56) Garbage Collection (System.gc()) 388M(38%)->64M(6%)
[128.050s][info][gc,start    ] GC(57) Garbage Collection (System.gc())
[128.050s][info][gc,task     ] GC(57) Using 2 workers
[128.050s][info][gc,phases   ] GC(57) Pause Mark Start 0.005ms
[128.072s][info][gc,phases   ] GC(57) Concurrent Mark 22.576ms
[128.072s][info][gc,phases   ] GC(57) Pause Mark End 0.018ms
[128.073s][info][gc,phases   ] GC(57) Concurrent Mark Free 0.001ms
[128.094s][info][gc,phases   ] GC(57) Concurrent Process Non-Strong References 21.512ms
[128.094s][info][gc,phases   ] GC(57) Concurrent Reset Relocation Set 0.002ms
[128.096s][info][gc,phases   ] GC(57) Concurrent Select Relocation Set 1.463ms
[128.096s][info][gc,phases   ] GC(57) Pause Relocate Start 0.009ms
[128.097s][info][gc,phases   ] GC(57) Concurrent Relocate 0.986ms
[128.097s][info][gc,load     ] GC(57) Load: 0.00/0.00/0.00
[128.097s][info][gc,mmu      ] GC(57) MMU: 2ms/93.6%, 5ms/97.2%, 10ms/98.6%, 20ms/99.3%, 50ms/99.7%, 100ms/99.9%
[128.097s][info][gc,marking  ] GC(57) Mark: 2 stripe(s), 2 proactive flush(es), 1 terminate flush(es), 0 completion(s), 0 continuation(s) 
[128.097s][info][gc,marking  ] GC(57) Mark Stack Usage: 32M
[128.097s][info][gc,nmethod  ] GC(57) NMethods: 19261 registered, 409 unregistered
[128.097s][info][gc,metaspace] GC(57) Metaspace: 60M used, 60M committed, 1088M reserved
[128.097s][info][gc,ref      ] GC(57) Soft: 894 encountered, 0 discovered, 0 enqueued
[128.097s][info][gc,ref      ] GC(57) Weak: 6177 encountered, 101 discovered, 70 enqueued
[128.097s][info][gc,ref      ] GC(57) Final: 0 encountered, 0 discovered, 0 enqueued
[128.097s][info][gc,ref      ] GC(57) Phantom: 79 encountered, 48 discovered, 0 enqueued
[128.097s][info][gc,reloc    ] GC(57) Small Pages: 162 / 324M, Empty: 254M, Relocated: 1M, In-Place: 0
[128.097s][info][gc,reloc    ] GC(57) Medium Pages: 2 / 64M, Empty: 32M, Relocated: 0M, In-Place: 0
[128.097s][info][gc,reloc    ] GC(57) Large Pages: 0 / 0M, Empty: 0M, Relocated: 0M, In-Place: 0
[128.097s][info][gc,reloc    ] GC(57) Forwarding Usage: 0M
[128.097s][info][gc,heap     ] GC(57) Min Capacity: 1024M(100%)
[128.097s][info][gc,heap     ] GC(57) Max Capacity: 1024M(100%)
[128.097s][info][gc,heap     ] GC(57) Soft Max Capacity: 1024M(100%)
[128.097s][info][gc,heap     ] GC(57)                Mark Start          Mark End        Relocate Start      Relocate End           High               Low         
[128.097s][info][gc,heap     ] GC(57)  Capacity:     1024M (100%)       1024M (100%)       1024M (100%)       1024M (100%)       1024M (100%)       1024M (100%)   
[128.097s][info][gc,heap     ] GC(57)      Free:      636M (62%)         636M (62%)         922M (90%)         960M (94%)         960M (94%)         636M (62%)    
[128.097s][info][gc,heap     ] GC(57)      Used:      388M (38%)         388M (38%)         102M (10%)          64M (6%)          388M (38%)          64M (6%)     
[128.097s][info][gc,heap     ] GC(57)      Live:         -                28M (3%)           28M (3%)           28M (3%)             -                  -          
[128.097s][info][gc,heap     ] GC(57) Allocated:         -                 0M (0%)            0M (0%)            0M (0%)             -                  -          
[128.097s][info][gc,heap     ] GC(57)   Garbage:         -               359M (35%)          73M (7%)           35M (3%)             -                  -          
[128.097s][info][gc,heap     ] GC(57) Reclaimed:         -                  -               286M (28%)         324M (32%)            -                  -          
[128.097s][info][gc          ] GC(57) Garbage Collection (System.gc()) 388M(38%)->64M(6%)
[129.924s][info][gc,start    ] GC(58) Garbage Collection (System.gc())
[129.924s][info][gc,task     ] GC(58) Using 2 workers
[129.925s][info][gc,phases   ] GC(58) Pause Mark Start 0.006ms
[129.957s][info][gc,phases   ] GC(58) Concurrent Mark 32.205ms
[129.957s][info][gc,phases   ] GC(58) Pause Mark End 0.021ms
[129.957s][info][gc,phases   ] GC(58) Concurrent Mark Free 0.001ms
[129.979s][info][gc,phases   ] GC(58) Concurrent Process Non-Strong References 22.182ms
[129.979s][info][gc,phases   ] GC(58) Concurrent Reset Relocation Set 0.001ms
[129.981s][info][gc,phases   ] GC(58) Concurrent Select Relocation Set 1.210ms
[129.981s][info][gc,phases   ] GC(58) Pause Relocate Start 0.009ms
[129.982s][info][gc,phases   ] GC(58) Concurrent Relocate 1.244ms
[129.982s][info][gc,load     ] GC(58) Load: 0.00/0.00/0.00
[129.982s][info][gc,mmu      ] GC(58) MMU: 2ms/93.6%, 5ms/97.2%, 10ms/98.6%, 20ms/99.3%, 50ms/99.7%, 100ms/99.9%
[129.982s][info][gc,marking  ] GC(58) Mark: 2 stripe(s), 1 proactive flush(es), 1 terminate flush(es), 0 completion(s), 0 continuation(s) 
[129.982s][info][gc,marking  ] GC(58) Mark Stack Usage: 32M
[129.982s][info][gc,nmethod  ] GC(58) NMethods: 19310 registered, 409 unregistered
[129.982s][info][gc,metaspace] GC(58) Metaspace: 60M used, 60M committed, 1088M reserved
[129.982s][info][gc,ref      ] GC(58) Soft: 894 encountered, 0 discovered, 0 enqueued
[129.982s][info][gc,ref      ] GC(58) Weak: 6102 encountered, 43 discovered, 25 enqueued
[129.982s][info][gc,ref      ] GC(58) Final: 0 encountered, 0 discovered, 0 enqueued
[129.982s][info][gc,ref      ] GC(58) Phantom: 79 encountered, 45 discovered, 0 enqueued
[129.982s][info][gc,reloc    ] GC(58) Small Pages: 162 / 324M, Empty: 250M, Relocated: 1M, In-Place: 0
[129.982s][info][gc,reloc    ] GC(58) Medium Pages: 2 / 64M, Empty: 32M, Relocated: 0M, In-Place: 0
[129.982s][info][gc,reloc    ] GC(58) Large Pages: 0 / 0M, Empty: 0M, Relocated: 0M, In-Place: 0
[129.982s][info][gc,reloc    ] GC(58) Forwarding Usage: 0M
[129.982s][info][gc,heap     ] GC(58) Min Capacity: 1024M(100%)
[129.982s][info][gc,heap     ] GC(58) Max Capacity: 1024M(100%)
[129.982s][info][gc,heap     ] GC(58) Soft Max Capacity: 1024M(100%)
[129.982s][info][gc,heap     ] GC(58)                Mark Start          Mark End        Relocate Start      Relocate End           High               Low         
[129.982s][info][gc,heap     ] GC(58)  Capacity:     1024M (100%)       1024M (100%)       1024M (100%)       1024M (100%)       1024M (100%)       1024M (100%)   
[129.982s][info][gc,heap     ] GC(58)      Free:      636M (62%)         636M (62%)         918M (90%)         960M (94%)         960M (94%)         636M (62%)    
[129.982s][info][gc,heap     ] GC(58)      Used:      388M (38%)         388M (38%)         106M (10%)          64M (6%)          388M (38%)          64M (6%)     
[129.982s][info][gc,heap     ] GC(58)      Live:         -                28M (3%)           28M (3%)           28M (3%)             -                  -          
[129.982s][info][gc,heap     ] GC(58) Allocated:         -                 0M (0%)            0M (0%)            0M (0%)             -                  -          
[129.982s][info][gc,heap     ] GC(58)   Garbage:         -               359M (35%)          77M (8%)           35M (3%)             -                  -          
[129.982s][info][gc,heap     ] GC(58) Reclaimed:         -                  -               282M (28%)         324M (32%)            -                  -          
[129.982s][info][gc          ] GC(58) Garbage Collection (System.gc()) 388M(38%)->64M(6%)
[130.067s][info][gc,stats    ] === Garbage Collection Statistics =======================================================================================================================
[130.067s][info][gc,stats    ]                                                              Last 10s              Last 10m              Last 10h                Total
[130.067s][info][gc,stats    ]                                                              Avg / Max             Avg / Max             Avg / Max             Avg / Max
[130.067s][info][gc,stats    ]   Collector: Garbage Collection Cycle                     54.990 / 61.526       53.060 / 170.238      53.060 / 170.238      53.060 / 170.238     ms
[130.067s][info][gc,stats    ]  Contention: Mark Segment Reset Contention                     0 / 1                 0 / 2                 0 / 2                 0 / 2           ops/s
[130.067s][info][gc,stats    ]  Contention: Mark SeqNum Reset Contention                      0 / 1                 0 / 1                 0 / 1                 0 / 1           ops/s
[130.067s][info][gc,stats    ]    Critical: Allocation Stall                                  0 / 0                 0 / 0                 0 / 0                 0 / 0           ops/s
[130.067s][info][gc,stats    ]    Critical: Allocation Stall                              0.000 / 0.000         0.000 / 0.000         0.000 / 0.000         0.000 / 0.000       ms
[130.067s][info][gc,stats    ]    Critical: GC Locker Stall                                   0 / 0                 0 / 0                 0 / 0                 0 / 0           ops/s
[130.067s][info][gc,stats    ]    Critical: GC Locker Stall                               0.000 / 0.000         0.000 / 0.000         0.000 / 0.000         0.000 / 0.000       ms
[130.067s][info][gc,stats    ]    Critical: Relocation Stall                                  0 / 0                 0 / 0                 0 / 0                 0 / 0           ops/s
[130.067s][info][gc,stats    ]    Critical: Relocation Stall                              0.000 / 0.000         0.000 / 0.000         0.000 / 0.000         0.000 / 0.000       ms
[130.067s][info][gc,stats    ]      Memory: Allocation Rate                                 169 / 324             139 / 324             139 / 324             139 / 324         MB/s
[130.067s][info][gc,stats    ]      Memory: Out Of Memory                                     0 / 0                 0 / 0                 0 / 0                 0 / 0           ops/s
[130.067s][info][gc,stats    ]      Memory: Page Cache Flush                                  0 / 0                 0 / 0                 0 / 0                 0 / 0           MB/s
[130.067s][info][gc,stats    ]      Memory: Page Cache Hit L1                                76 / 149              62 / 149              62 / 149              62 / 149         ops/s
[130.067s][info][gc,stats    ]      Memory: Page Cache Hit L2                                 0 / 0                 0 / 0                 0 / 0                 0 / 0           ops/s
[130.067s][info][gc,stats    ]      Memory: Page Cache Hit L3                                 0 / 0                 1 / 28                1 / 28                1 / 28          ops/s
[130.067s][info][gc,stats    ]      Memory: Page Cache Miss                                   0 / 0                 0 / 1                 0 / 1                 0 / 1           ops/s
[130.067s][info][gc,stats    ]      Memory: Uncommit                                          0 / 0                 0 / 0                 0 / 0                 0 / 0           MB/s
[130.067s][info][gc,stats    ]      Memory: Undo Object Allocation Failed                     0 / 0                 0 / 0                 0 / 0                 0 / 0           ops/s
[130.067s][info][gc,stats    ]      Memory: Undo Object Allocation Succeeded                  0 / 0                 0 / 1                 0 / 1                 0 / 1           ops/s
[130.067s][info][gc,stats    ]      Memory: Undo Page Allocation                              0 / 0                 0 / 0                 0 / 0                 0 / 0           ops/s
[130.067s][info][gc,stats    ]       Phase: Concurrent Mark                              29.549 / 34.849       29.324 / 125.180      29.324 / 125.180      29.324 / 125.180     ms
[130.067s][info][gc,stats    ]       Phase: Concurrent Mark Continue                      0.000 / 0.000         0.000 / 0.000         0.000 / 0.000         0.000 / 0.000       ms
[130.067s][info][gc,stats    ]       Phase: Concurrent Mark Free                          0.002 / 0.003         0.002 / 0.004         0.002 / 0.004         0.002 / 0.004       ms
[130.067s][info][gc,stats    ]       Phase: Concurrent Process Non-Strong References     22.200 / 23.215       19.349 / 23.215       19.349 / 23.215       19.349 / 23.215      ms
[130.067s][info][gc,stats    ]       Phase: Concurrent Relocate                           1.077 / 1.324         1.921 / 22.669        1.921 / 22.669        1.921 / 22.669      ms
[130.067s][info][gc,stats    ]       Phase: Concurrent Reset Relocation Set               0.002 / 0.002         0.002 / 0.011         0.002 / 0.011         0.002 / 0.011       ms
[130.067s][info][gc,stats    ]       Phase: Concurrent Select Relocation Set              1.374 / 1.515         1.630 / 5.967         1.630 / 5.967         1.630 / 5.967       ms
[130.067s][info][gc,stats    ]       Phase: Pause Mark End                                0.020 / 0.025         0.023 / 0.129         0.023 / 0.129         0.023 / 0.129       ms
[130.067s][info][gc,stats    ]       Phase: Pause Mark Start                              0.006 / 0.013         0.006 / 0.013         0.006 / 0.013         0.006 / 0.013       ms
[130.067s][info][gc,stats    ]       Phase: Pause Relocate Start                          0.008 / 0.010         0.010 / 0.020         0.010 / 0.020         0.010 / 0.020       ms
[130.067s][info][gc,stats    ]    Subphase: Concurrent Classes Purge                      0.558 / 0.594         0.518 / 0.669         0.518 / 0.669         0.518 / 0.669       ms
[130.067s][info][gc,stats    ]    Subphase: Concurrent Classes Unlink                    20.515 / 21.466       17.726 / 21.466       17.726 / 21.466       17.726 / 21.466      ms
[130.067s][info][gc,stats    ]    Subphase: Concurrent Mark                              23.826 / 34.495       25.025 / 123.683      25.025 / 123.683      25.025 / 123.683     ms
[130.067s][info][gc,stats    ]    Subphase: Concurrent Mark Try Flush                     0.102 / 0.536         0.097 / 0.554         0.097 / 0.554         0.097 / 0.554       ms
[130.067s][info][gc,stats    ]    Subphase: Concurrent Mark Try Terminate                 3.703 / 16.835        2.867 / 16.835        2.867 / 16.835        2.867 / 16.835      ms
[130.067s][info][gc,stats    ]    Subphase: Concurrent References Enqueue                 0.006 / 0.007         0.006 / 0.008         0.006 / 0.008         0.006 / 0.008       ms
[130.067s][info][gc,stats    ]    Subphase: Concurrent References Process                 0.143 / 0.157         0.184 / 2.199         0.184 / 2.199         0.184 / 2.199       ms
[130.067s][info][gc,stats    ]    Subphase: Concurrent Roots ClassLoaderDataGraph         0.070 / 0.153         0.064 / 0.216         0.064 / 0.216         0.064 / 0.216       ms
[130.067s][info][gc,stats    ]    Subphase: Concurrent Roots CodeCache                    0.000 / 0.000         0.000 / 0.000         0.000 / 0.000         0.000 / 0.000       ms
[130.067s][info][gc,stats    ]    Subphase: Concurrent Roots JavaThreads                  0.188 / 0.394         0.223 / 2.857         0.223 / 2.857         0.223 / 2.857       ms
[130.067s][info][gc,stats    ]    Subphase: Concurrent Roots OopStorageSet                0.013 / 0.021         0.014 / 0.061         0.014 / 0.061         0.014 / 0.061       ms
[130.067s][info][gc,stats    ]    Subphase: Concurrent Weak Roots OopStorageSet           0.756 / 0.959         0.701 / 1.280         0.701 / 1.280         0.701 / 1.280       ms
[130.067s][info][gc,stats    ]    Subphase: Pause Mark Try Complete                       0.000 / 0.000         0.005 / 0.014         0.005 / 0.014         0.005 / 0.014       ms
[130.067s][info][gc,stats    ]      System: Java Threads                                     12 / 12               12 / 13               12 / 13               12 / 13          threads
[130.067s][info][gc,stats    ] =========================================================================================================================================================
[131.832s][info][gc,start    ] GC(59) Garbage Collection (System.gc())
[131.832s][info][gc,task     ] GC(59) Using 2 workers
[131.832s][info][gc,phases   ] GC(59) Pause Mark Start 0.005ms
[131.858s][info][gc,phases   ] GC(59) Concurrent Mark 25.018ms
[131.858s][info][gc,phases   ] GC(59) Pause Mark End 0.017ms
[131.858s][info][gc,phases   ] GC(59) Concurrent Mark Free 0.001ms
[131.879s][info][gc,phases   ] GC(59) Concurrent Process Non-Strong References 21.717ms
[131.880s][info][gc,phases   ] GC(59) Concurrent Reset Relocation Set 0.002ms
[131.881s][info][gc,phases   ] GC(59) Concurrent Select Relocation Set 1.376ms
[131.881s][info][gc,phases   ] GC(59) Pause Relocate Start 0.009ms
[131.882s][info][gc,phases   ] GC(59) Concurrent Relocate 0.988ms
[131.882s][info][gc,load     ] GC(59) Load: 0.00/0.00/0.00
[131.882s][info][gc,mmu      ] GC(59) MMU: 2ms/93.6%, 5ms/97.2%, 10ms/98.6%, 20ms/99.3%, 50ms/99.7%, 100ms/99.9%
[131.882s][info][gc,marking  ] GC(59) Mark: 2 stripe(s), 1 proactive flush(es), 1 terminate flush(es), 0 completion(s), 0 continuation(s) 
[131.882s][info][gc,marking  ] GC(59) Mark Stack Usage: 32M
[131.882s][info][gc,nmethod  ] GC(59) NMethods: 19342 registered, 425 unregistered
[131.882s][info][gc,metaspace] GC(59) Metaspace: 60M used, 60M committed, 1088M reserved
[131.882s][info][gc,ref      ] GC(59) Soft: 894 encountered, 0 discovered, 0 enqueued
[131.882s][info][gc,ref      ] GC(59) Weak: 6177 encountered, 116 discovered, 70 enqueued
[131.882s][info][gc,ref      ] GC(59) Final: 0 encountered, 0 discovered, 0 enqueued
[131.882s][info][gc,ref      ] GC(59) Phantom: 79 encountered, 36 discovered, 0 enqueued
[131.882s][info][gc,reloc    ] GC(59) Small Pages: 162 / 324M, Empty: 256M, Relocated: 1M, In-Place: 0
[131.882s][info][gc,reloc    ] GC(59) Medium Pages: 2 / 64M, Empty: 32M, Relocated: 0M, In-Place: 0
[131.882s][info][gc,reloc    ] GC(59) Large Pages: 0 / 0M, Empty: 0M, Relocated: 0M, In-Place: 0
[131.882s][info][gc,reloc    ] GC(59) Forwarding Usage: 0M
[131.882s][info][gc,heap     ] GC(59) Min Capacity: 1024M(100%)
[131.882s][info][gc,heap     ] GC(59) Max Capacity: 1024M(100%)
[131.882s][info][gc,heap     ] GC(59) Soft Max Capacity: 1024M(100%)
[131.882s][info][gc,heap     ] GC(59)                Mark Start          Mark End        Relocate Start      Relocate End           High               Low         
[131.882s][info][gc,heap     ] GC(59)  Capacity:     1024M (100%)       1024M (100%)       1024M (100%)       1024M (100%)       1024M (100%)       1024M (100%)   
[131.882s][info][gc,heap     ] GC(59)      Free:      636M (62%)         636M (62%)         924M (90%)         960M (94%)         960M (94%)         636M (62%)    
[131.882s][info][gc,heap     ] GC(59)      Used:      388M (38%)         388M (38%)         100M (10%)          64M (6%)          388M (38%)          64M (6%)     
[131.882s][info][gc,heap     ] GC(59)      Live:         -                28M (3%)           28M (3%)           28M (3%)             -                  -          
[131.882s][info][gc,heap     ] GC(59) Allocated:         -                 0M (0%)            0M (0%)            0M (0%)             -                  -          
[131.882s][info][gc,heap     ] GC(59)   Garbage:         -               359M (35%)          71M (7%)           35M (3%)             -                  -          
[131.882s][info][gc,heap     ] GC(59) Reclaimed:         -                  -               288M (28%)         324M (32%)            -                  -          
[131.882s][info][gc          ] GC(59) Garbage Collection (System.gc()) 388M(38%)->64M(6%)
[133.742s][info][gc,start    ] GC(60) Garbage Collection (System.gc())
[133.742s][info][gc,task     ] GC(60) Using 2 workers
[133.742s][info][gc,phases   ] GC(60) Pause Mark Start 0.005ms
[133.773s][info][gc,phases   ] GC(60) Concurrent Mark 30.378ms
[133.773s][info][gc,phases   ] GC(60) Pause Mark End 0.015ms
[133.773s][info][gc,phases   ] GC(60) Concurrent Mark Free 0.002ms
[133.796s][info][gc,phases   ] GC(60) Concurrent Process Non-Strong References 22.867ms
[133.796s][info][gc,phases   ] GC(60) Concurrent Reset Relocation Set 0.001ms
[133.797s][info][gc,phases   ] GC(60) Concurrent Select Relocation Set 1.207ms
[133.797s][info][gc,phases   ] GC(60) Pause Relocate Start 0.009ms
[133.798s][info][gc,phases   ] GC(60) Concurrent Relocate 1.257ms
[133.798s][info][gc,load     ] GC(60) Load: 0.00/0.00/0.00
[133.798s][info][gc,mmu      ] GC(60) MMU: 2ms/93.6%, 5ms/97.2%, 10ms/98.6%, 20ms/99.3%, 50ms/99.7%, 100ms/99.9%
[133.798s][info][gc,marking  ] GC(60) Mark: 2 stripe(s), 1 proactive flush(es), 1 terminate flush(es), 0 completion(s), 0 continuation(s) 
[133.798s][info][gc,marking  ] GC(60) Mark Stack Usage: 32M
[133.798s][info][gc,nmethod  ] GC(60) NMethods: 19386 registered, 425 unregistered
[133.798s][info][gc,metaspace] GC(60) Metaspace: 60M used, 60M committed, 1088M reserved
[133.798s][info][gc,ref      ] GC(60) Soft: 894 encountered, 0 discovered, 0 enqueued
[133.798s][info][gc,ref      ] GC(60) Weak: 6102 encountered, 44 discovered, 25 enqueued
[133.799s][info][gc,ref      ] GC(60) Final: 0 encountered, 0 discovered, 0 enqueued
[133.799s][info][gc,ref      ] GC(60) Phantom: 79 encountered, 43 discovered, 0 enqueued
[133.799s][info][gc,reloc    ] GC(60) Small Pages: 162 / 324M, Empty: 252M, Relocated: 1M, In-Place: 0
[133.799s][info][gc,reloc    ] GC(60) Medium Pages: 2 / 64M, Empty: 32M, Relocated: 0M, In-Place: 0
[133.799s][info][gc,reloc    ] GC(60) Large Pages: 0 / 0M, Empty: 0M, Relocated: 0M, In-Place: 0
[133.799s][info][gc,reloc    ] GC(60) Forwarding Usage: 0M
[133.799s][info][gc,heap     ] GC(60) Min Capacity: 1024M(100%)
[133.799s][info][gc,heap     ] GC(60) Max Capacity: 1024M(100%)
[133.799s][info][gc,heap     ] GC(60) Soft Max Capacity: 1024M(100%)
[133.799s][info][gc,heap     ] GC(60)                Mark Start          Mark End        Relocate Start      Relocate End           High               Low         
[133.799s][info][gc,heap     ] GC(60)  Capacity:     1024M (100%)       1024M (100%)       1024M (100%)       1024M (100%)       1024M (100%)       1024M (100%)   
[133.799s][info][gc,heap     ] GC(60)      Free:      636M (62%)         636M (62%)         920M (90%)         960M (94%)         960M (94%)         636M (62%)    
[133.799s][info][gc,heap     ] GC(60)      Used:      388M (38%)         388M (38%)         104M (10%)          64M (6%)          388M (38%)          64M (6%)     
[133.799s][info][gc,heap     ] GC(60)      Live:         -                28M (3%)           28M (3%)           28M (3%)             -                  -          
[133.799s][info][gc,heap     ] GC(60) Allocated:         -                 0M (0%)            0M (0%)            0M (0%)             -                  -          
[133.799s][info][gc,heap     ] GC(60)   Garbage:         -               359M (35%)          75M (7%)           35M (3%)             -                  -          
[133.799s][info][gc,heap     ] GC(60) Reclaimed:         -                  -               284M (28%)         324M (32%)            -                  -          
[133.799s][info][gc          ] GC(60) Garbage Collection (System.gc()) 388M(38%)->64M(6%)
[135.659s][info][gc,start    ] GC(61) Garbage Collection (System.gc())
[135.659s][info][gc,task     ] GC(61) Using 2 workers
[135.659s][info][gc,phases   ] GC(61) Pause Mark Start 0.007ms
[135.690s][info][gc,phases   ] GC(61) Concurrent Mark 31.014ms
[135.690s][info][gc,phases   ] GC(61) Pause Mark End 0.013ms
[135.690s][info][gc,phases   ] GC(61) Concurrent Mark Free 0.001ms
[135.713s][info][gc,phases   ] GC(61) Concurrent Process Non-Strong References 22.583ms
[135.713s][info][gc,phases   ] GC(61) Concurrent Reset Relocation Set 0.002ms
[135.714s][info][gc,phases   ] GC(61) Concurrent Select Relocation Set 1.493ms
[135.714s][info][gc,phases   ] GC(61) Pause Relocate Start 0.009ms
[135.715s][info][gc,phases   ] GC(61) Concurrent Relocate 0.809ms
[135.715s][info][gc,load     ] GC(61) Load: 0.00/0.00/0.00
[135.715s][info][gc,mmu      ] GC(61) MMU: 2ms/93.6%, 5ms/97.2%, 10ms/98.6%, 20ms/99.3%, 50ms/99.7%, 100ms/99.9%
[135.715s][info][gc,marking  ] GC(61) Mark: 2 stripe(s), 1 proactive flush(es), 1 terminate flush(es), 0 completion(s), 0 continuation(s) 
[135.715s][info][gc,marking  ] GC(61) Mark Stack Usage: 32M
[135.715s][info][gc,nmethod  ] GC(61) NMethods: 19465 registered, 425 unregistered
[135.715s][info][gc,metaspace] GC(61) Metaspace: 60M used, 60M committed, 1088M reserved
[135.715s][info][gc,ref      ] GC(61) Soft: 894 encountered, 0 discovered, 0 enqueued
[135.715s][info][gc,ref      ] GC(61) Weak: 6177 encountered, 121 discovered, 70 enqueued
[135.715s][info][gc,ref      ] GC(61) Final: 0 encountered, 0 discovered, 0 enqueued
[135.715s][info][gc,ref      ] GC(61) Phantom: 79 encountered, 55 discovered, 0 enqueued
[135.715s][info][gc,reloc    ] GC(61) Small Pages: 162 / 324M, Empty: 256M, Relocated: 1M, In-Place: 0
[135.715s][info][gc,reloc    ] GC(61) Medium Pages: 2 / 64M, Empty: 32M, Relocated: 0M, In-Place: 0
[135.715s][info][gc,reloc    ] GC(61) Large Pages: 0 / 0M, Empty: 0M, Relocated: 0M, In-Place: 0
[135.715s][info][gc,reloc    ] GC(61) Forwarding Usage: 0M
[135.715s][info][gc,heap     ] GC(61) Min Capacity: 1024M(100%)
[135.715s][info][gc,heap     ] GC(61) Max Capacity: 1024M(100%)
[135.715s][info][gc,heap     ] GC(61) Soft Max Capacity: 1024M(100%)
[135.715s][info][gc,heap     ] GC(61)                Mark Start          Mark End        Relocate Start      Relocate End           High               Low         
[135.715s][info][gc,heap     ] GC(61)  Capacity:     1024M (100%)       1024M (100%)       1024M (100%)       1024M (100%)       1024M (100%)       1024M (100%)   
[135.715s][info][gc,heap     ] GC(61)      Free:      636M (62%)         636M (62%)         924M (90%)         960M (94%)         960M (94%)         636M (62%)    
[135.715s][info][gc,heap     ] GC(61)      Used:      388M (38%)         388M (38%)         100M (10%)          64M (6%)          388M (38%)          64M (6%)     
[135.715s][info][gc,heap     ] GC(61)      Live:         -                28M (3%)           28M (3%)           28M (3%)             -                  -          
[135.715s][info][gc,heap     ] GC(61) Allocated:         -                 0M (0%)            0M (0%)            0M (0%)             -                  -          
[135.715s][info][gc,heap     ] GC(61)   Garbage:         -               359M (35%)          71M (7%)           35M (3%)             -                  -          
[135.715s][info][gc,heap     ] GC(61) Reclaimed:         -                  -               288M (28%)         324M (32%)            -                  -          
[135.715s][info][gc          ] GC(61) Garbage Collection (System.gc()) 388M(38%)->64M(6%)
[137.543s][info][gc,start    ] GC(62) Garbage Collection (System.gc())
[137.543s][info][gc,task     ] GC(62) Using 2 workers
[137.543s][info][gc,phases   ] GC(62) Pause Mark Start 0.012ms
[137.572s][info][gc,phases   ] GC(62) Concurrent Mark 29.265ms
[137.573s][info][gc,phases   ] GC(62) Pause Mark End 0.023ms
[137.573s][info][gc,phases   ] GC(62) Concurrent Mark Free 0.002ms
[137.595s][info][gc,phases   ] GC(62) Concurrent Process Non-Strong References 21.756ms
[137.595s][info][gc,phases   ] GC(62) Concurrent Reset Relocation Set 0.002ms
[137.596s][info][gc,phases   ] GC(62) Concurrent Select Relocation Set 1.380ms
[137.596s][info][gc,phases   ] GC(62) Pause Relocate Start 0.009ms
[137.597s][info][gc,phases   ] GC(62) Concurrent Relocate 1.086ms
[137.597s][info][gc,load     ] GC(62) Load: 0.00/0.00/0.00
[137.597s][info][gc,mmu      ] GC(62) MMU: 2ms/93.6%, 5ms/97.2%, 10ms/98.6%, 20ms/99.3%, 50ms/99.7%, 100ms/99.9%
[137.597s][info][gc,marking  ] GC(62) Mark: 2 stripe(s), 2 proactive flush(es), 1 terminate flush(es), 0 completion(s), 0 continuation(s) 
[137.597s][info][gc,marking  ] GC(62) Mark Stack Usage: 32M
[137.597s][info][gc,nmethod  ] GC(62) NMethods: 19492 registered, 425 unregistered
[137.597s][info][gc,metaspace] GC(62) Metaspace: 60M used, 60M committed, 1088M reserved
[137.597s][info][gc,ref      ] GC(62) Soft: 894 encountered, 0 discovered, 0 enqueued
[137.597s][info][gc,ref      ] GC(62) Weak: 6102 encountered, 60 discovered, 25 enqueued
[137.597s][info][gc,ref      ] GC(62) Final: 0 encountered, 0 discovered, 0 enqueued
[137.597s][info][gc,ref      ] GC(62) Phantom: 79 encountered, 46 discovered, 0 enqueued
[137.597s][info][gc,reloc    ] GC(62) Small Pages: 162 / 324M, Empty: 250M, Relocated: 1M, In-Place: 0
[137.597s][info][gc,reloc    ] GC(62) Medium Pages: 2 / 64M, Empty: 32M, Relocated: 0M, In-Place: 0
[137.597s][info][gc,reloc    ] GC(62) Large Pages: 0 / 0M, Empty: 0M, Relocated: 0M, In-Place: 0
[137.597s][info][gc,reloc    ] GC(62) Forwarding Usage: 0M
[137.597s][info][gc,heap     ] GC(62) Min Capacity: 1024M(100%)
[137.597s][info][gc,heap     ] GC(62) Max Capacity: 1024M(100%)
[137.597s][info][gc,heap     ] GC(62) Soft Max Capacity: 1024M(100%)
[137.597s][info][gc,heap     ] GC(62)                Mark Start          Mark End        Relocate Start      Relocate End           High               Low         
[137.597s][info][gc,heap     ] GC(62)  Capacity:     1024M (100%)       1024M (100%)       1024M (100%)       1024M (100%)       1024M (100%)       1024M (100%)   
[137.597s][info][gc,heap     ] GC(62)      Free:      636M (62%)         636M (62%)         918M (90%)         960M (94%)         960M (94%)         636M (62%)    
[137.597s][info][gc,heap     ] GC(62)      Used:      388M (38%)         388M (38%)         106M (10%)          64M (6%)          388M (38%)          64M (6%)     
[137.597s][info][gc,heap     ] GC(62)      Live:         -                28M (3%)           28M (3%)           28M (3%)             -                  -          
[137.598s][info][gc,heap     ] GC(62) Allocated:         -                 0M (0%)            0M (0%)            0M (0%)             -                  -          
[137.598s][info][gc,heap     ] GC(62)   Garbage:         -               359M (35%)          77M (8%)           35M (3%)             -                  -          
[137.598s][info][gc,heap     ] GC(62) Reclaimed:         -                  -               282M (28%)         324M (32%)            -                  -          
[137.598s][info][gc          ] GC(62) Garbage Collection (System.gc()) 388M(38%)->64M(6%)
[139.428s][info][gc,start    ] GC(63) Garbage Collection (System.gc())
[139.428s][info][gc,task     ] GC(63) Using 2 workers
[139.428s][info][gc,phases   ] GC(63) Pause Mark Start 0.006ms
[139.457s][info][gc,phases   ] GC(63) Concurrent Mark 28.526ms
[139.457s][info][gc,phases   ] GC(63) Pause Mark End 0.022ms
[139.457s][info][gc,phases   ] GC(63) Concurrent Mark Free 0.002ms
[139.480s][info][gc,phases   ] GC(63) Concurrent Process Non-Strong References 22.967ms
[139.480s][info][gc,phases   ] GC(63) Concurrent Reset Relocation Set 0.002ms
[139.482s][info][gc,phases   ] GC(63) Concurrent Select Relocation Set 1.368ms
[139.482s][info][gc,phases   ] GC(63) Pause Relocate Start 0.010ms
[139.483s][info][gc,phases   ] GC(63) Concurrent Relocate 1.077ms
[139.483s][info][gc,load     ] GC(63) Load: 0.00/0.00/0.00
[139.483s][info][gc,mmu      ] GC(63) MMU: 2ms/93.6%, 5ms/97.2%, 10ms/98.6%, 20ms/99.3%, 50ms/99.7%, 100ms/99.9%
[139.483s][info][gc,marking  ] GC(63) Mark: 2 stripe(s), 1 proactive flush(es), 1 terminate flush(es), 0 completion(s), 0 continuation(s) 
[139.483s][info][gc,marking  ] GC(63) Mark Stack Usage: 32M
[139.483s][info][gc,nmethod  ] GC(63) NMethods: 19522 registered, 425 unregistered
[139.483s][info][gc,metaspace] GC(63) Metaspace: 60M used, 60M committed, 1088M reserved
[139.483s][info][gc,ref      ] GC(63) Soft: 894 encountered, 0 discovered, 0 enqueued
[139.483s][info][gc,ref      ] GC(63) Weak: 6177 encountered, 87 discovered, 70 enqueued
[139.483s][info][gc,ref      ] GC(63) Final: 0 encountered, 0 discovered, 0 enqueued
[139.483s][info][gc,ref      ] GC(63) Phantom: 79 encountered, 43 discovered, 0 enqueued
[139.483s][info][gc,reloc    ] GC(63) Small Pages: 162 / 324M, Empty: 254M, Relocated: 1M, In-Place: 0
[139.483s][info][gc,reloc    ] GC(63) Medium Pages: 2 / 64M, Empty: 32M, Relocated: 0M, In-Place: 0
[139.483s][info][gc,reloc    ] GC(63) Large Pages: 0 / 0M, Empty: 0M, Relocated: 0M, In-Place: 0
[139.483s][info][gc,reloc    ] GC(63) Forwarding Usage: 0M
[139.483s][info][gc,heap     ] GC(63) Min Capacity: 1024M(100%)
[139.483s][info][gc,heap     ] GC(63) Max Capacity: 1024M(100%)
[139.483s][info][gc,heap     ] GC(63) Soft Max Capacity: 1024M(100%)
[139.483s][info][gc,heap     ] GC(63)                Mark Start          Mark End        Relocate Start      Relocate End           High               Low         
[139.483s][info][gc,heap     ] GC(63)  Capacity:     1024M (100%)       1024M (100%)       1024M (100%)       1024M (100%)       1024M (100%)       1024M (100%)   
[139.483s][info][gc,heap     ] GC(63)      Free:      636M (62%)         636M (62%)         922M (90%)         960M (94%)         960M (94%)         636M (62%)    
[139.483s][info][gc,heap     ] GC(63)      Used:      388M (38%)         388M (38%)         102M (10%)          64M (6%)          388M (38%)          64M (6%)     
[139.483s][info][gc,heap     ] GC(63)      Live:         -                28M (3%)           28M (3%)           28M (3%)             -                  -          
[139.483s][info][gc,heap     ] GC(63) Allocated:         -                 0M (0%)            0M (0%)            0M (0%)             -                  -          
[139.483s][info][gc,heap     ] GC(63)   Garbage:         -               359M (35%)          73M (7%)           35M (3%)             -                  -          
[139.483s][info][gc,heap     ] GC(63) Reclaimed:         -                  -               286M (28%)         324M (32%)            -                  -          
[139.483s][info][gc          ] GC(63) Garbage Collection (System.gc()) 388M(38%)->64M(6%)
[140.069s][info][gc,stats    ] === Garbage Collection Statistics =======================================================================================================================
[140.069s][info][gc,stats    ]                                                              Last 10s              Last 10m              Last 10h                Total
[140.069s][info][gc,stats    ]                                                              Avg / Max             Avg / Max             Avg / Max             Avg / Max
[140.069s][info][gc,stats    ]   Collector: Garbage Collection Cycle                     54.411 / 56.613       53.166 / 170.238      53.166 / 170.238      53.166 / 170.238     ms
[140.069s][info][gc,stats    ]  Contention: Mark Segment Reset Contention                     0 / 1                 0 / 2                 0 / 2                 0 / 2           ops/s
[140.069s][info][gc,stats    ]  Contention: Mark SeqNum Reset Contention                      0 / 1                 0 / 1                 0 / 1                 0 / 1           ops/s
[140.069s][info][gc,stats    ]    Critical: Allocation Stall                                  0 / 0                 0 / 0                 0 / 0                 0 / 0           ops/s
[140.069s][info][gc,stats    ]    Critical: Allocation Stall                              0.000 / 0.000         0.000 / 0.000         0.000 / 0.000         0.000 / 0.000       ms
[140.069s][info][gc,stats    ]    Critical: GC Locker Stall                                   0 / 0                 0 / 0                 0 / 0                 0 / 0           ops/s
[140.069s][info][gc,stats    ]    Critical: GC Locker Stall                               0.000 / 0.000         0.000 / 0.000         0.000 / 0.000         0.000 / 0.000       ms
[140.069s][info][gc,stats    ]    Critical: Relocation Stall                                  0 / 0                 0 / 0                 0 / 0                 0 / 0           ops/s
[140.069s][info][gc,stats    ]    Critical: Relocation Stall                              0.000 / 0.000         0.000 / 0.000         0.000 / 0.000         0.000 / 0.000       ms
[140.069s][info][gc,stats    ]      Memory: Allocation Rate                                 178 / 254             142 / 324             142 / 324             142 / 324         MB/s
[140.070s][info][gc,stats    ]      Memory: Out Of Memory                                     0 / 0                 0 / 0                 0 / 0                 0 / 0           ops/s
[140.070s][info][gc,stats    ]      Memory: Page Cache Flush                                  0 / 0                 0 / 0                 0 / 0                 0 / 0           MB/s
[140.070s][info][gc,stats    ]      Memory: Page Cache Hit L1                                82 / 127              64 / 149              64 / 149              64 / 149         ops/s
[140.070s][info][gc,stats    ]      Memory: Page Cache Hit L2                                 0 / 0                 0 / 0                 0 / 0                 0 / 0           ops/s
[140.070s][info][gc,stats    ]      Memory: Page Cache Hit L3                                 0 / 0                 1 / 28                1 / 28                1 / 28          ops/s
[140.070s][info][gc,stats    ]      Memory: Page Cache Miss                                   0 / 0                 0 / 1                 0 / 1                 0 / 1           ops/s
[140.070s][info][gc,stats    ]      Memory: Uncommit                                          0 / 0                 0 / 0                 0 / 0                 0 / 0           MB/s
[140.070s][info][gc,stats    ]      Memory: Undo Object Allocation Failed                     0 / 0                 0 / 0                 0 / 0                 0 / 0           ops/s
[140.070s][info][gc,stats    ]      Memory: Undo Object Allocation Succeeded                  0 / 0                 0 / 1                 0 / 1                 0 / 1           ops/s
[140.070s][info][gc,stats    ]      Memory: Undo Page Allocation                              0 / 0                 0 / 0                 0 / 0                 0 / 0           ops/s
[140.070s][info][gc,stats    ]       Phase: Concurrent Mark                              28.840 / 31.014       29.286 / 125.180      29.286 / 125.180      29.286 / 125.180     ms
[140.070s][info][gc,stats    ]       Phase: Concurrent Mark Continue                      0.000 / 0.000         0.000 / 0.000         0.000 / 0.000         0.000 / 0.000       ms
[140.070s][info][gc,stats    ]       Phase: Concurrent Mark Free                          0.002 / 0.002         0.002 / 0.004         0.002 / 0.004         0.002 / 0.004       ms
[140.070s][info][gc,stats    ]       Phase: Concurrent Process Non-Strong References     22.378 / 22.967       19.586 / 23.215       19.586 / 23.215       19.586 / 23.215      ms
[140.070s][info][gc,stats    ]       Phase: Concurrent Relocate                           1.043 / 1.257         1.853 / 22.669        1.853 / 22.669        1.853 / 22.669      ms
[140.070s][info][gc,stats    ]       Phase: Concurrent Reset Relocation Set               0.002 / 0.002         0.002 / 0.011         0.002 / 0.011         0.002 / 0.011       ms
[140.070s][info][gc,stats    ]       Phase: Concurrent Select Relocation Set              1.365 / 1.493         1.609 / 5.967         1.609 / 5.967         1.609 / 5.967       ms
[140.070s][info][gc,stats    ]       Phase: Pause Mark End                                0.018 / 0.023         0.023 / 0.129         0.023 / 0.129         0.023 / 0.129       ms
[140.070s][info][gc,stats    ]       Phase: Pause Mark Start                              0.007 / 0.012         0.006 / 0.013         0.006 / 0.013         0.006 / 0.013       ms
[140.070s][info][gc,stats    ]       Phase: Pause Relocate Start                          0.009 / 0.010         0.010 / 0.020         0.010 / 0.020         0.010 / 0.020       ms
[140.070s][info][gc,stats    ]    Subphase: Concurrent Classes Purge                      0.564 / 0.569         0.521 / 0.669         0.521 / 0.669         0.521 / 0.669       ms
[140.070s][info][gc,stats    ]    Subphase: Concurrent Classes Unlink                    20.635 / 21.194       17.953 / 21.466       17.953 / 21.466       17.953 / 21.466      ms
[140.070s][info][gc,stats    ]    Subphase: Concurrent Mark                              23.329 / 30.500       24.892 / 123.683      24.892 / 123.683      24.892 / 123.683     ms
[140.070s][info][gc,stats    ]    Subphase: Concurrent Mark Try Flush                     0.074 / 0.115         0.096 / 0.554         0.096 / 0.554         0.096 / 0.554       ms
[140.070s][info][gc,stats    ]    Subphase: Concurrent Mark Try Terminate                 3.620 / 12.871        2.926 / 16.835        2.926 / 16.835        2.926 / 16.835      ms
[140.070s][info][gc,stats    ]    Subphase: Concurrent References Enqueue                 0.006 / 0.008         0.006 / 0.008         0.006 / 0.008         0.006 / 0.008       ms
[140.070s][info][gc,stats    ]    Subphase: Concurrent References Process                 0.148 / 0.162         0.181 / 2.199         0.181 / 2.199         0.181 / 2.199       ms
[140.070s][info][gc,stats    ]    Subphase: Concurrent Roots ClassLoaderDataGraph         0.072 / 0.162         0.065 / 0.216         0.065 / 0.216         0.065 / 0.216       ms
[140.070s][info][gc,stats    ]    Subphase: Concurrent Roots CodeCache                    0.000 / 0.000         0.000 / 0.000         0.000 / 0.000         0.000 / 0.000       ms
[140.070s][info][gc,stats    ]    Subphase: Concurrent Roots JavaThreads                  0.191 / 0.370         0.220 / 2.857         0.220 / 2.857         0.220 / 2.857       ms
[140.070s][info][gc,stats    ]    Subphase: Concurrent Roots OopStorageSet                0.015 / 0.024         0.015 / 0.061         0.015 / 0.061         0.015 / 0.061       ms
[140.070s][info][gc,stats    ]    Subphase: Concurrent Weak Roots OopStorageSet           0.821 / 0.874         0.710 / 1.280         0.710 / 1.280         0.710 / 1.280       ms
[140.070s][info][gc,stats    ]    Subphase: Pause Mark Try Complete                       0.000 / 0.000         0.005 / 0.014         0.005 / 0.014         0.005 / 0.014       ms
[140.070s][info][gc,stats    ]      System: Java Threads                                     12 / 12               12 / 13               12 / 13               12 / 13          threads
[140.070s][info][gc,stats    ] =========================================================================================================================================================
[141.321s][info][gc,start    ] GC(64) Garbage Collection (System.gc())
[141.321s][info][gc,task     ] GC(64) Using 2 workers
[141.321s][info][gc,phases   ] GC(64) Pause Mark Start 0.005ms
[141.342s][info][gc,phases   ] GC(64) Concurrent Mark 21.089ms
[141.342s][info][gc,phases   ] GC(64) Pause Mark End 0.021ms
[141.342s][info][gc,phases   ] GC(64) Concurrent Mark Free 0.003ms
[141.365s][info][gc,phases   ] GC(64) Concurrent Process Non-Strong References 22.292ms
[141.365s][info][gc,phases   ] GC(64) Concurrent Reset Relocation Set 0.002ms
[141.366s][info][gc,phases   ] GC(64) Concurrent Select Relocation Set 1.430ms
[141.366s][info][gc,phases   ] GC(64) Pause Relocate Start 0.010ms
[141.367s][info][gc,phases   ] GC(64) Concurrent Relocate 1.247ms
[141.368s][info][gc,load     ] GC(64) Load: 0.00/0.00/0.00
[141.368s][info][gc,mmu      ] GC(64) MMU: 2ms/93.6%, 5ms/97.2%, 10ms/98.6%, 20ms/99.3%, 50ms/99.7%, 100ms/99.9%
[141.368s][info][gc,marking  ] GC(64) Mark: 2 stripe(s), 1 proactive flush(es), 1 terminate flush(es), 0 completion(s), 0 continuation(s) 
[141.368s][info][gc,marking  ] GC(64) Mark Stack Usage: 32M
[141.368s][info][gc,nmethod  ] GC(64) NMethods: 19547 registered, 425 unregistered
[141.368s][info][gc,metaspace] GC(64) Metaspace: 60M used, 60M committed, 1088M reserved
[141.368s][info][gc,ref      ] GC(64) Soft: 894 encountered, 0 discovered, 0 enqueued
[141.368s][info][gc,ref      ] GC(64) Weak: 6102 encountered, 41 discovered, 25 enqueued
[141.368s][info][gc,ref      ] GC(64) Final: 0 encountered, 0 discovered, 0 enqueued
[141.368s][info][gc,ref      ] GC(64) Phantom: 79 encountered, 35 discovered, 0 enqueued
[141.368s][info][gc,reloc    ] GC(64) Small Pages: 162 / 324M, Empty: 258M, Relocated: 1M, In-Place: 0
[141.368s][info][gc,reloc    ] GC(64) Medium Pages: 2 / 64M, Empty: 32M, Relocated: 0M, In-Place: 0
[141.368s][info][gc,reloc    ] GC(64) Large Pages: 0 / 0M, Empty: 0M, Relocated: 0M, In-Place: 0
[141.368s][info][gc,reloc    ] GC(64) Forwarding Usage: 0M
[141.368s][info][gc,heap     ] GC(64) Min Capacity: 1024M(100%)
[141.368s][info][gc,heap     ] GC(64) Max Capacity: 1024M(100%)
[141.368s][info][gc,heap     ] GC(64) Soft Max Capacity: 1024M(100%)
[141.368s][info][gc,heap     ] GC(64)                Mark Start          Mark End        Relocate Start      Relocate End           High               Low         
[141.368s][info][gc,heap     ] GC(64)  Capacity:     1024M (100%)       1024M (100%)       1024M (100%)       1024M (100%)       1024M (100%)       1024M (100%)   
[141.368s][info][gc,heap     ] GC(64)      Free:      636M (62%)         636M (62%)         926M (90%)         960M (94%)         960M (94%)         636M (62%)    
[141.368s][info][gc,heap     ] GC(64)      Used:      388M (38%)         388M (38%)          98M (10%)          64M (6%)          388M (38%)          64M (6%)     
[141.368s][info][gc,heap     ] GC(64)      Live:         -                28M (3%)           28M (3%)           28M (3%)             -                  -          
[141.368s][info][gc,heap     ] GC(64) Allocated:         -                 0M (0%)            0M (0%)            0M (0%)             -                  -          
[141.368s][info][gc,heap     ] GC(64)   Garbage:         -               359M (35%)          69M (7%)           35M (3%)             -                  -          
[141.368s][info][gc,heap     ] GC(64) Reclaimed:         -                  -               290M (28%)         324M (32%)            -                  -          
[141.368s][info][gc          ] GC(64) Garbage Collection (System.gc()) 388M(38%)->64M(6%)
[143.185s][info][gc,start    ] GC(65) Garbage Collection (System.gc())
[143.186s][info][gc,task     ] GC(65) Using 2 workers
[143.186s][info][gc,phases   ] GC(65) Pause Mark Start 0.005ms
[143.209s][info][gc,phases   ] GC(65) Concurrent Mark 23.805ms
[143.210s][info][gc,phases   ] GC(65) Pause Mark End 0.021ms
[143.210s][info][gc,phases   ] GC(65) Concurrent Mark Free 0.002ms
[143.233s][info][gc,phases   ] GC(65) Concurrent Process Non-Strong References 22.942ms
[143.233s][info][gc,phases   ] GC(65) Concurrent Reset Relocation Set 0.002ms
[143.234s][info][gc,phases   ] GC(65) Concurrent Select Relocation Set 1.222ms
[143.234s][info][gc,phases   ] GC(65) Pause Relocate Start 0.009ms
[143.235s][info][gc,phases   ] GC(65) Concurrent Relocate 0.810ms
[143.235s][info][gc,load     ] GC(65) Load: 0.00/0.00/0.00
[143.235s][info][gc,mmu      ] GC(65) MMU: 2ms/93.6%, 5ms/97.2%, 10ms/98.6%, 20ms/99.3%, 50ms/99.7%, 100ms/99.9%
[143.235s][info][gc,marking  ] GC(65) Mark: 2 stripe(s), 1 proactive flush(es), 1 terminate flush(es), 0 completion(s), 0 continuation(s) 
[143.235s][info][gc,marking  ] GC(65) Mark Stack Usage: 32M
[143.235s][info][gc,nmethod  ] GC(65) NMethods: 19574 registered, 425 unregistered
[143.235s][info][gc,metaspace] GC(65) Metaspace: 60M used, 60M committed, 1088M reserved
[143.235s][info][gc,ref      ] GC(65) Soft: 894 encountered, 0 discovered, 0 enqueued
[143.235s][info][gc,ref      ] GC(65) Weak: 6177 encountered, 110 discovered, 70 enqueued
[143.235s][info][gc,ref      ] GC(65) Final: 0 encountered, 0 discovered, 0 enqueued
[143.235s][info][gc,ref      ] GC(65) Phantom: 79 encountered, 55 discovered, 0 enqueued
[143.235s][info][gc,reloc    ] GC(65) Small Pages: 162 / 324M, Empty: 258M, Relocated: 1M, In-Place: 0
[143.235s][info][gc,reloc    ] GC(65) Medium Pages: 2 / 64M, Empty: 32M, Relocated: 0M, In-Place: 0
[143.235s][info][gc,reloc    ] GC(65) Large Pages: 0 / 0M, Empty: 0M, Relocated: 0M, In-Place: 0
[143.235s][info][gc,reloc    ] GC(65) Forwarding Usage: 0M
[143.235s][info][gc,heap     ] GC(65) Min Capacity: 1024M(100%)
[143.235s][info][gc,heap     ] GC(65) Max Capacity: 1024M(100%)
[143.235s][info][gc,heap     ] GC(65) Soft Max Capacity: 1024M(100%)
[143.235s][info][gc,heap     ] GC(65)                Mark Start          Mark End        Relocate Start      Relocate End           High               Low         
[143.235s][info][gc,heap     ] GC(65)  Capacity:     1024M (100%)       1024M (100%)       1024M (100%)       1024M (100%)       1024M (100%)       1024M (100%)   
[143.235s][info][gc,heap     ] GC(65)      Free:      636M (62%)         636M (62%)         926M (90%)         960M (94%)         960M (94%)         636M (62%)    
[143.235s][info][gc,heap     ] GC(65)      Used:      388M (38%)         388M (38%)          98M (10%)          64M (6%)          388M (38%)          64M (6%)     
[143.235s][info][gc,heap     ] GC(65)      Live:         -                28M (3%)           28M (3%)           28M (3%)             -                  -          
[143.235s][info][gc,heap     ] GC(65) Allocated:         -                 0M (0%)            0M (0%)            0M (0%)             -                  -          
[143.235s][info][gc,heap     ] GC(65)   Garbage:         -               359M (35%)          69M (7%)           35M (3%)             -                  -          
[143.235s][info][gc,heap     ] GC(65) Reclaimed:         -                  -               290M (28%)         324M (32%)            -                  -          
[143.235s][info][gc          ] GC(65) Garbage Collection (System.gc()) 388M(38%)->64M(6%)
[145.066s][info][gc,start    ] GC(66) Garbage Collection (System.gc())
[145.066s][info][gc,task     ] GC(66) Using 2 workers
[145.067s][info][gc,phases   ] GC(66) Pause Mark Start 0.006ms
[145.093s][info][gc,phases   ] GC(66) Concurrent Mark 26.214ms
[145.093s][info][gc,phases   ] GC(66) Pause Mark End 0.023ms
[145.093s][info][gc,phases   ] GC(66) Concurrent Mark Free 0.001ms
[145.115s][info][gc,phases   ] GC(66) Concurrent Process Non-Strong References 22.287ms
[145.115s][info][gc,phases   ] GC(66) Concurrent Reset Relocation Set 0.001ms
[145.117s][info][gc,phases   ] GC(66) Concurrent Select Relocation Set 1.210ms
[145.117s][info][gc,phases   ] GC(66) Pause Relocate Start 0.009ms
[145.118s][info][gc,phases   ] GC(66) Concurrent Relocate 0.801ms
[145.118s][info][gc,load     ] GC(66) Load: 0.00/0.00/0.00
[145.118s][info][gc,mmu      ] GC(66) MMU: 2ms/93.6%, 5ms/97.2%, 10ms/98.6%, 20ms/99.3%, 50ms/99.7%, 100ms/99.9%
[145.118s][info][gc,marking  ] GC(66) Mark: 2 stripe(s), 1 proactive flush(es), 1 terminate flush(es), 0 completion(s), 0 continuation(s) 
[145.118s][info][gc,marking  ] GC(66) Mark Stack Usage: 32M
[145.118s][info][gc,nmethod  ] GC(66) NMethods: 19606 registered, 425 unregistered
[145.118s][info][gc,metaspace] GC(66) Metaspace: 60M used, 60M committed, 1088M reserved
[145.118s][info][gc,ref      ] GC(66) Soft: 894 encountered, 0 discovered, 0 enqueued
[145.118s][info][gc,ref      ] GC(66) Weak: 6102 encountered, 50 discovered, 25 enqueued
[145.118s][info][gc,ref      ] GC(66) Final: 0 encountered, 0 discovered, 0 enqueued
[145.118s][info][gc,ref      ] GC(66) Phantom: 79 encountered, 57 discovered, 0 enqueued
[145.118s][info][gc,reloc    ] GC(66) Small Pages: 162 / 324M, Empty: 252M, Relocated: 1M, In-Place: 0
[145.118s][info][gc,reloc    ] GC(66) Medium Pages: 2 / 64M, Empty: 32M, Relocated: 0M, In-Place: 0
[145.118s][info][gc,reloc    ] GC(66) Large Pages: 0 / 0M, Empty: 0M, Relocated: 0M, In-Place: 0
[145.118s][info][gc,reloc    ] GC(66) Forwarding Usage: 0M
[145.118s][info][gc,heap     ] GC(66) Min Capacity: 1024M(100%)
[145.118s][info][gc,heap     ] GC(66) Max Capacity: 1024M(100%)
[145.118s][info][gc,heap     ] GC(66) Soft Max Capacity: 1024M(100%)
[145.118s][info][gc,heap     ] GC(66)                Mark Start          Mark End        Relocate Start      Relocate End           High               Low         
[145.118s][info][gc,heap     ] GC(66)  Capacity:     1024M (100%)       1024M (100%)       1024M (100%)       1024M (100%)       1024M (100%)       1024M (100%)   
[145.118s][info][gc,heap     ] GC(66)      Free:      636M (62%)         636M (62%)         920M (90%)         960M (94%)         960M (94%)         636M (62%)    
[145.118s][info][gc,heap     ] GC(66)      Used:      388M (38%)         388M (38%)         104M (10%)          64M (6%)          388M (38%)          64M (6%)     
[145.118s][info][gc,heap     ] GC(66)      Live:         -                28M (3%)           28M (3%)           28M (3%)             -                  -          
[145.118s][info][gc,heap     ] GC(66) Allocated:         -                 0M (0%)            0M (0%)            0M (0%)             -                  -          
[145.118s][info][gc,heap     ] GC(66)   Garbage:         -               359M (35%)          75M (7%)           35M (3%)             -                  -          
[145.118s][info][gc,heap     ] GC(66) Reclaimed:         -                  -               284M (28%)         324M (32%)            -                  -          
[145.118s][info][gc          ] GC(66) Garbage Collection (System.gc()) 388M(38%)->64M(6%)
[146.941s][info][gc,start    ] GC(67) Garbage Collection (System.gc())
[146.941s][info][gc,task     ] GC(67) Using 2 workers
[146.941s][info][gc,phases   ] GC(67) Pause Mark Start 0.005ms
[146.960s][info][gc,phases   ] GC(67) Concurrent Mark 19.478ms
[146.960s][info][gc,phases   ] GC(67) Pause Mark End 0.015ms
[146.960s][info][gc,phases   ] GC(67) Concurrent Mark Free 0.001ms
[146.982s][info][gc,phases   ] GC(67) Concurrent Process Non-Strong References 21.346ms
[146.982s][info][gc,phases   ] GC(67) Concurrent Reset Relocation Set 0.002ms
[146.983s][info][gc,phases   ] GC(67) Concurrent Select Relocation Set 1.233ms
[146.983s][info][gc,phases   ] GC(67) Pause Relocate Start 0.010ms
[146.984s][info][gc,phases   ] GC(67) Concurrent Relocate 0.805ms
[146.984s][info][gc,load     ] GC(67) Load: 0.00/0.00/0.00
[146.984s][info][gc,mmu      ] GC(67) MMU: 2ms/93.6%, 5ms/97.2%, 10ms/98.6%, 20ms/99.3%, 50ms/99.7%, 100ms/99.9%
[146.984s][info][gc,marking  ] GC(67) Mark: 2 stripe(s), 2 proactive flush(es), 1 terminate flush(es), 0 completion(s), 0 continuation(s) 
[146.984s][info][gc,marking  ] GC(67) Mark Stack Usage: 32M
[146.984s][info][gc,nmethod  ] GC(67) NMethods: 19415 registered, 650 unregistered
[146.984s][info][gc,metaspace] GC(67) Metaspace: 60M used, 60M committed, 1088M reserved
[146.984s][info][gc,ref      ] GC(67) Soft: 894 encountered, 0 discovered, 0 enqueued
[146.984s][info][gc,ref      ] GC(67) Weak: 6177 encountered, 112 discovered, 70 enqueued
[146.984s][info][gc,ref      ] GC(67) Final: 0 encountered, 0 discovered, 0 enqueued
[146.984s][info][gc,ref      ] GC(67) Phantom: 79 encountered, 45 discovered, 0 enqueued
[146.984s][info][gc,reloc    ] GC(67) Small Pages: 161 / 322M, Empty: 250M, Relocated: 1M, In-Place: 0
[146.984s][info][gc,reloc    ] GC(67) Medium Pages: 2 / 64M, Empty: 32M, Relocated: 0M, In-Place: 0
[146.984s][info][gc,reloc    ] GC(67) Large Pages: 0 / 0M, Empty: 0M, Relocated: 0M, In-Place: 0
[146.984s][info][gc,reloc    ] GC(67) Forwarding Usage: 0M
[146.984s][info][gc,heap     ] GC(67) Min Capacity: 1024M(100%)
[146.984s][info][gc,heap     ] GC(67) Max Capacity: 1024M(100%)
[146.984s][info][gc,heap     ] GC(67) Soft Max Capacity: 1024M(100%)
[146.984s][info][gc,heap     ] GC(67)                Mark Start          Mark End        Relocate Start      Relocate End           High               Low         
[146.984s][info][gc,heap     ] GC(67)  Capacity:     1024M (100%)       1024M (100%)       1024M (100%)       1024M (100%)       1024M (100%)       1024M (100%)   
[146.984s][info][gc,heap     ] GC(67)      Free:      638M (62%)         638M (62%)         920M (90%)         960M (94%)         960M (94%)         638M (62%)    
[146.984s][info][gc,heap     ] GC(67)      Used:      386M (38%)         386M (38%)         104M (10%)          64M (6%)          386M (38%)          64M (6%)     
[146.984s][info][gc,heap     ] GC(67)      Live:         -                28M (3%)           28M (3%)           28M (3%)             -                  -          
[146.984s][info][gc,heap     ] GC(67) Allocated:         -                 0M (0%)            0M (0%)            0M (0%)             -                  -          
[146.984s][info][gc,heap     ] GC(67)   Garbage:         -               357M (35%)          75M (7%)           35M (3%)             -                  -          
[146.984s][info][gc,heap     ] GC(67) Reclaimed:         -                  -               282M (28%)         322M (31%)            -                  -          
[146.984s][info][gc          ] GC(67) Garbage Collection (System.gc()) 386M(38%)->64M(6%)
[148.827s][info][gc,start    ] GC(68) Garbage Collection (System.gc())
[148.827s][info][gc,task     ] GC(68) Using 2 workers
[148.827s][info][gc,phases   ] GC(68) Pause Mark Start 0.008ms
[148.860s][info][gc,phases   ] GC(68) Concurrent Mark 32.451ms
[148.860s][info][gc,phases   ] GC(68) Pause Mark End 0.022ms
[148.860s][info][gc,phases   ] GC(68) Concurrent Mark Free 0.002ms
[148.882s][info][gc,phases   ] GC(68) Concurrent Process Non-Strong References 21.836ms
[148.882s][info][gc,phases   ] GC(68) Concurrent Reset Relocation Set 0.001ms
[148.883s][info][gc,phases   ] GC(68) Concurrent Select Relocation Set 1.243ms
[148.883s][info][gc,phases   ] GC(68) Pause Relocate Start 0.009ms
[148.884s][info][gc,phases   ] GC(68) Concurrent Relocate 0.806ms
[148.884s][info][gc,load     ] GC(68) Load: 0.00/0.00/0.00
[148.884s][info][gc,mmu      ] GC(68) MMU: 2ms/93.6%, 5ms/97.2%, 10ms/98.6%, 20ms/99.3%, 50ms/99.7%, 100ms/99.9%
[148.884s][info][gc,marking  ] GC(68) Mark: 2 stripe(s), 2 proactive flush(es), 1 terminate flush(es), 0 completion(s), 0 continuation(s) 
[148.884s][info][gc,marking  ] GC(68) Mark Stack Usage: 32M
[148.884s][info][gc,nmethod  ] GC(68) NMethods: 19436 registered, 852 unregistered
[148.884s][info][gc,metaspace] GC(68) Metaspace: 60M used, 60M committed, 1088M reserved
[148.884s][info][gc,ref      ] GC(68) Soft: 894 encountered, 0 discovered, 0 enqueued
[148.884s][info][gc,ref      ] GC(68) Weak: 6102 encountered, 51 discovered, 25 enqueued
[148.884s][info][gc,ref      ] GC(68) Final: 0 encountered, 0 discovered, 0 enqueued
[148.884s][info][gc,ref      ] GC(68) Phantom: 79 encountered, 57 discovered, 0 enqueued
[148.884s][info][gc,reloc    ] GC(68) Small Pages: 163 / 326M, Empty: 254M, Relocated: 1M, In-Place: 0
[148.884s][info][gc,reloc    ] GC(68) Medium Pages: 2 / 64M, Empty: 32M, Relocated: 0M, In-Place: 0
[148.884s][info][gc,reloc    ] GC(68) Large Pages: 0 / 0M, Empty: 0M, Relocated: 0M, In-Place: 0
[148.884s][info][gc,reloc    ] GC(68) Forwarding Usage: 0M
[148.884s][info][gc,heap     ] GC(68) Min Capacity: 1024M(100%)
[148.884s][info][gc,heap     ] GC(68) Max Capacity: 1024M(100%)
[148.884s][info][gc,heap     ] GC(68) Soft Max Capacity: 1024M(100%)
[148.884s][info][gc,heap     ] GC(68)                Mark Start          Mark End        Relocate Start      Relocate End           High               Low         
[148.884s][info][gc,heap     ] GC(68)  Capacity:     1024M (100%)       1024M (100%)       1024M (100%)       1024M (100%)       1024M (100%)       1024M (100%)   
[148.884s][info][gc,heap     ] GC(68)      Free:      634M (62%)         634M (62%)         920M (90%)         960M (94%)         960M (94%)         634M (62%)    
[148.884s][info][gc,heap     ] GC(68)      Used:      390M (38%)         390M (38%)         104M (10%)          64M (6%)          390M (38%)          64M (6%)     
[148.884s][info][gc,heap     ] GC(68)      Live:         -                28M (3%)           28M (3%)           28M (3%)             -                  -          
[148.884s][info][gc,heap     ] GC(68) Allocated:         -                 0M (0%)            0M (0%)            0M (0%)             -                  -          
[148.884s][info][gc,heap     ] GC(68)   Garbage:         -               361M (35%)          75M (7%)           35M (3%)             -                  -          
[148.884s][info][gc,heap     ] GC(68) Reclaimed:         -                  -               286M (28%)         326M (32%)            -                  -          
[148.884s][info][gc          ] GC(68) Garbage Collection (System.gc()) 390M(38%)->64M(6%)
[150.068s][info][gc,stats    ] === Garbage Collection Statistics =======================================================================================================================
[150.068s][info][gc,stats    ]                                                              Last 10s              Last 10m              Last 10h                Total
[150.069s][info][gc,stats    ]                                                              Avg / Max             Avg / Max             Avg / Max             Avg / Max
[150.069s][info][gc,stats    ]   Collector: Garbage Collection Cycle                     49.697 / 57.143       52.915 / 170.238      52.915 / 170.238      52.915 / 170.238     ms
[150.069s][info][gc,stats    ]  Contention: Mark Segment Reset Contention                     0 / 1                 0 / 2                 0 / 2                 0 / 2           ops/s
[150.069s][info][gc,stats    ]  Contention: Mark SeqNum Reset Contention                      0 / 1                 0 / 1                 0 / 1                 0 / 1           ops/s
[150.069s][info][gc,stats    ]    Critical: Allocation Stall                                  0 / 0                 0 / 0                 0 / 0                 0 / 0           ops/s
[150.069s][info][gc,stats    ]    Critical: Allocation Stall                              0.000 / 0.000         0.000 / 0.000         0.000 / 0.000         0.000 / 0.000       ms
[150.069s][info][gc,stats    ]    Critical: GC Locker Stall                                   0 / 0                 0 / 0                 0 / 0                 0 / 0           ops/s
[150.069s][info][gc,stats    ]    Critical: GC Locker Stall                               0.000 / 0.000         0.000 / 0.000         0.000 / 0.000         0.000 / 0.000       ms
[150.069s][info][gc,stats    ]    Critical: Relocation Stall                                  0 / 0                 0 / 0                 0 / 0                 0 / 0           ops/s
[150.069s][info][gc,stats    ]    Critical: Relocation Stall                              0.000 / 0.000         0.000 / 0.000         0.000 / 0.000         0.000 / 0.000       ms
[150.069s][info][gc,stats    ]      Memory: Allocation Rate                                 171 / 322             144 / 324             144 / 324             144 / 324         MB/s
[150.069s][info][gc,stats    ]      Memory: Out Of Memory                                     0 / 0                 0 / 0                 0 / 0                 0 / 0           ops/s
[150.069s][info][gc,stats    ]      Memory: Page Cache Flush                                  0 / 0                 0 / 0                 0 / 0                 0 / 0           MB/s
[150.069s][info][gc,stats    ]      Memory: Page Cache Hit L1                                79 / 148              65 / 149              65 / 149              65 / 149         ops/s
[150.069s][info][gc,stats    ]      Memory: Page Cache Hit L2                                 0 / 0                 0 / 0                 0 / 0                 0 / 0           ops/s
[150.069s][info][gc,stats    ]      Memory: Page Cache Hit L3                                 0 / 0                 1 / 28                1 / 28                1 / 28          ops/s
[150.069s][info][gc,stats    ]      Memory: Page Cache Miss                                   0 / 0                 0 / 1                 0 / 1                 0 / 1           ops/s
[150.069s][info][gc,stats    ]      Memory: Uncommit                                          0 / 0                 0 / 0                 0 / 0                 0 / 0           MB/s
[150.069s][info][gc,stats    ]      Memory: Undo Object Allocation Failed                     0 / 0                 0 / 0                 0 / 0                 0 / 0           ops/s
[150.069s][info][gc,stats    ]      Memory: Undo Object Allocation Succeeded                  0 / 0                 0 / 1                 0 / 1                 0 / 1           ops/s
[150.069s][info][gc,stats    ]      Memory: Undo Page Allocation                              0 / 0                 0 / 0                 0 / 0                 0 / 0           ops/s
[150.069s][info][gc,stats    ]       Phase: Concurrent Mark                              24.607 / 32.451       28.947 / 125.180      28.947 / 125.180      28.947 / 125.180     ms
[150.069s][info][gc,stats    ]       Phase: Concurrent Mark Continue                      0.000 / 0.000         0.000 / 0.000         0.000 / 0.000         0.000 / 0.000       ms
[150.069s][info][gc,stats    ]       Phase: Concurrent Mark Free                          0.002 / 0.003         0.002 / 0.004         0.002 / 0.004         0.002 / 0.004       ms
[150.069s][info][gc,stats    ]       Phase: Concurrent Process Non-Strong References     22.140 / 22.942       19.771 / 23.215       19.771 / 23.215       19.771 / 23.215      ms
[150.069s][info][gc,stats    ]       Phase: Concurrent Relocate                           0.893 / 1.247         1.783 / 22.669        1.783 / 22.669        1.783 / 22.669      ms
[150.069s][info][gc,stats    ]       Phase: Concurrent Reset Relocation Set               0.002 / 0.002         0.002 / 0.011         0.002 / 0.011         0.002 / 0.011       ms
[150.069s][info][gc,stats    ]       Phase: Concurrent Select Relocation Set              1.268 / 1.430         1.585 / 5.967         1.585 / 5.967         1.585 / 5.967       ms
[150.069s][info][gc,stats    ]       Phase: Pause Mark End                                0.020 / 0.023         0.023 / 0.129         0.023 / 0.129         0.023 / 0.129       ms
[150.069s][info][gc,stats    ]       Phase: Pause Mark Start                              0.006 / 0.008         0.006 / 0.013         0.006 / 0.013         0.006 / 0.013       ms
[150.069s][info][gc,stats    ]       Phase: Pause Relocate Start                          0.010 / 0.010         0.010 / 0.020         0.010 / 0.020         0.010 / 0.020       ms
[150.069s][info][gc,stats    ]    Subphase: Concurrent Classes Purge                      0.561 / 0.572         0.524 / 0.669         0.524 / 0.669         0.524 / 0.669       ms
[150.069s][info][gc,stats    ]    Subphase: Concurrent Classes Unlink                    20.480 / 21.036       18.136 / 21.466       18.136 / 21.466       18.136 / 21.466      ms
[150.069s][info][gc,stats    ]    Subphase: Concurrent Mark                              21.323 / 32.036       24.633 / 123.683      24.633 / 123.683      24.633 / 123.683     ms
[150.069s][info][gc,stats    ]    Subphase: Concurrent Mark Try Flush                     0.067 / 0.116         0.093 / 0.554         0.093 / 0.554         0.093 / 0.554       ms
[150.069s][info][gc,stats    ]    Subphase: Concurrent Mark Try Terminate                 2.046 / 12.099        2.862 / 16.835        2.862 / 16.835        2.862 / 16.835      ms
[150.069s][info][gc,stats    ]    Subphase: Concurrent References Enqueue                 0.006 / 0.008         0.006 / 0.008         0.006 / 0.008         0.006 / 0.008       ms
[150.069s][info][gc,stats    ]    Subphase: Concurrent References Process                 0.137 / 0.155         0.178 / 2.199         0.178 / 2.199         0.178 / 2.199       ms
[150.069s][info][gc,stats    ]    Subphase: Concurrent Roots ClassLoaderDataGraph         0.065 / 0.161         0.065 / 0.216         0.065 / 0.216         0.065 / 0.216       ms
[150.069s][info][gc,stats    ]    Subphase: Concurrent Roots CodeCache                    0.000 / 0.000         0.000 / 0.000         0.000 / 0.000         0.000 / 0.000       ms
[150.069s][info][gc,stats    ]    Subphase: Concurrent Roots JavaThreads                  0.159 / 0.297         0.216 / 2.857         0.216 / 2.857         0.216 / 2.857       ms
[150.069s][info][gc,stats    ]    Subphase: Concurrent Roots OopStorageSet                0.013 / 0.020         0.014 / 0.061         0.014 / 0.061         0.014 / 0.061       ms
[150.069s][info][gc,stats    ]    Subphase: Concurrent Weak Roots OopStorageSet           0.725 / 0.931         0.711 / 1.280         0.711 / 1.280         0.711 / 1.280       ms
[150.069s][info][gc,stats    ]    Subphase: Pause Mark Try Complete                       0.000 / 0.000         0.005 / 0.014         0.005 / 0.014         0.005 / 0.014       ms
[150.069s][info][gc,stats    ]      System: Java Threads                                     12 / 12               12 / 13               12 / 13               12 / 13          threads
[150.069s][info][gc,stats    ] =========================================================================================================================================================
[150.711s][info][gc,start    ] GC(69) Garbage Collection (System.gc())
[150.711s][info][gc,task     ] GC(69) Using 2 workers
[150.712s][info][gc,phases   ] GC(69) Pause Mark Start 0.011ms
[150.743s][info][gc,phases   ] GC(69) Concurrent Mark 30.961ms
[150.743s][info][gc,phases   ] GC(69) Pause Mark End 0.023ms
[150.743s][info][gc,phases   ] GC(69) Concurrent Mark Free 0.003ms
[150.765s][info][gc,phases   ] GC(69) Concurrent Process Non-Strong References 22.333ms
[150.765s][info][gc,phases   ] GC(69) Concurrent Reset Relocation Set 0.001ms
[150.767s][info][gc,phases   ] GC(69) Concurrent Select Relocation Set 1.205ms
[150.767s][info][gc,phases   ] GC(69) Pause Relocate Start 0.010ms
[150.768s][info][gc,phases   ] GC(69) Concurrent Relocate 0.811ms
[150.768s][info][gc,load     ] GC(69) Load: 0.00/0.00/0.00
[150.768s][info][gc,mmu      ] GC(69) MMU: 2ms/93.6%, 5ms/97.2%, 10ms/98.6%, 20ms/99.3%, 50ms/99.7%, 100ms/99.9%
[150.768s][info][gc,marking  ] GC(69) Mark: 2 stripe(s), 2 proactive flush(es), 1 terminate flush(es), 0 completion(s), 0 continuation(s) 
[150.768s][info][gc,marking  ] GC(69) Mark Stack Usage: 32M
[150.768s][info][gc,nmethod  ] GC(69) NMethods: 19471 registered, 852 unregistered
[150.768s][info][gc,metaspace] GC(69) Metaspace: 60M used, 60M committed, 1088M reserved
[150.768s][info][gc,ref      ] GC(69) Soft: 894 encountered, 0 discovered, 0 enqueued
[150.768s][info][gc,ref      ] GC(69) Weak: 6177 encountered, 96 discovered, 70 enqueued
[150.768s][info][gc,ref      ] GC(69) Final: 0 encountered, 0 discovered, 0 enqueued
[150.768s][info][gc,ref      ] GC(69) Phantom: 79 encountered, 47 discovered, 0 enqueued
[150.768s][info][gc,reloc    ] GC(69) Small Pages: 162 / 324M, Empty: 254M, Relocated: 1M, In-Place: 0
[150.768s][info][gc,reloc    ] GC(69) Medium Pages: 2 / 64M, Empty: 32M, Relocated: 0M, In-Place: 0
[150.768s][info][gc,reloc    ] GC(69) Large Pages: 0 / 0M, Empty: 0M, Relocated: 0M, In-Place: 0
[150.768s][info][gc,reloc    ] GC(69) Forwarding Usage: 0M
[150.768s][info][gc,heap     ] GC(69) Min Capacity: 1024M(100%)
[150.768s][info][gc,heap     ] GC(69) Max Capacity: 1024M(100%)
[150.768s][info][gc,heap     ] GC(69) Soft Max Capacity: 1024M(100%)
[150.768s][info][gc,heap     ] GC(69)                Mark Start          Mark End        Relocate Start      Relocate End           High               Low         
[150.768s][info][gc,heap     ] GC(69)  Capacity:     1024M (100%)       1024M (100%)       1024M (100%)       1024M (100%)       1024M (100%)       1024M (100%)   
[150.768s][info][gc,heap     ] GC(69)      Free:      636M (62%)         636M (62%)         922M (90%)         960M (94%)         960M (94%)         636M (62%)    
[150.768s][info][gc,heap     ] GC(69)      Used:      388M (38%)         388M (38%)         102M (10%)          64M (6%)          388M (38%)          64M (6%)     
[150.768s][info][gc,heap     ] GC(69)      Live:         -                28M (3%)           28M (3%)           28M (3%)             -                  -          
[150.768s][info][gc,heap     ] GC(69) Allocated:         -                 0M (0%)            0M (0%)            0M (0%)             -                  -          
[150.768s][info][gc,heap     ] GC(69)   Garbage:         -               359M (35%)          73M (7%)           35M (3%)             -                  -          
[150.768s][info][gc,heap     ] GC(69) Reclaimed:         -                  -               286M (28%)         324M (32%)            -                  -          
[150.768s][info][gc          ] GC(69) Garbage Collection (System.gc()) 388M(38%)->64M(6%)
[152.587s][info][gc,start    ] GC(70) Garbage Collection (System.gc())
[152.587s][info][gc,task     ] GC(70) Using 2 workers
[152.587s][info][gc,phases   ] GC(70) Pause Mark Start 0.006ms
[152.611s][info][gc,phases   ] GC(70) Concurrent Mark 23.835ms
[152.612s][info][gc,phases   ] GC(70) Pause Mark End 0.021ms
[152.612s][info][gc,phases   ] GC(70) Concurrent Mark Free 0.002ms
[152.635s][info][gc,phases   ] GC(70) Concurrent Process Non-Strong References 22.762ms
[152.635s][info][gc,phases   ] GC(70) Concurrent Reset Relocation Set 0.002ms
[152.636s][info][gc,phases   ] GC(70) Concurrent Select Relocation Set 1.662ms
[152.636s][info][gc,phases   ] GC(70) Pause Relocate Start 0.010ms
[152.638s][info][gc,phases   ] GC(70) Concurrent Relocate 1.046ms
[152.638s][info][gc,load     ] GC(70) Load: 0.00/0.00/0.00
[152.638s][info][gc,mmu      ] GC(70) MMU: 2ms/93.6%, 5ms/97.2%, 10ms/98.6%, 20ms/99.3%, 50ms/99.7%, 100ms/99.9%
[152.638s][info][gc,marking  ] GC(70) Mark: 2 stripe(s), 1 proactive flush(es), 1 terminate flush(es), 0 completion(s), 0 continuation(s) 
[152.638s][info][gc,marking  ] GC(70) Mark Stack Usage: 32M
[152.638s][info][gc,nmethod  ] GC(70) NMethods: 19504 registered, 852 unregistered
[152.638s][info][gc,metaspace] GC(70) Metaspace: 60M used, 60M committed, 1088M reserved
[152.638s][info][gc,ref      ] GC(70) Soft: 894 encountered, 0 discovered, 0 enqueued
[152.638s][info][gc,ref      ] GC(70) Weak: 6102 encountered, 44 discovered, 25 enqueued
[152.638s][info][gc,ref      ] GC(70) Final: 0 encountered, 0 discovered, 0 enqueued
[152.638s][info][gc,ref      ] GC(70) Phantom: 79 encountered, 47 discovered, 0 enqueued
[152.638s][info][gc,reloc    ] GC(70) Small Pages: 162 / 324M, Empty: 258M, Relocated: 1M, In-Place: 0
[152.638s][info][gc,reloc    ] GC(70) Medium Pages: 2 / 64M, Empty: 32M, Relocated: 0M, In-Place: 0
[152.638s][info][gc,reloc    ] GC(70) Large Pages: 0 / 0M, Empty: 0M, Relocated: 0M, In-Place: 0
[152.638s][info][gc,reloc    ] GC(70) Forwarding Usage: 0M
[152.638s][info][gc,heap     ] GC(70) Min Capacity: 1024M(100%)
[152.638s][info][gc,heap     ] GC(70) Max Capacity: 1024M(100%)
[152.638s][info][gc,heap     ] GC(70) Soft Max Capacity: 1024M(100%)
[152.638s][info][gc,heap     ] GC(70)                Mark Start          Mark End        Relocate Start      Relocate End           High               Low         
[152.638s][info][gc,heap     ] GC(70)  Capacity:     1024M (100%)       1024M (100%)       1024M (100%)       1024M (100%)       1024M (100%)       1024M (100%)   
[152.638s][info][gc,heap     ] GC(70)      Free:      636M (62%)         636M (62%)         926M (90%)         960M (94%)         960M (94%)         636M (62%)    
[152.638s][info][gc,heap     ] GC(70)      Used:      388M (38%)         388M (38%)          98M (10%)          64M (6%)          388M (38%)          64M (6%)     
[152.638s][info][gc,heap     ] GC(70)      Live:         -                28M (3%)           28M (3%)           28M (3%)             -                  -          
[152.638s][info][gc,heap     ] GC(70) Allocated:         -                 0M (0%)            0M (0%)            0M (0%)             -                  -          
[152.638s][info][gc,heap     ] GC(70)   Garbage:         -               359M (35%)          69M (7%)           35M (3%)             -                  -          
[152.638s][info][gc,heap     ] GC(70) Reclaimed:         -                  -               290M (28%)         324M (32%)            -                  -          
[152.638s][info][gc          ] GC(70) Garbage Collection (System.gc()) 388M(38%)->64M(6%)
[154.477s][info][gc,start    ] GC(71) Garbage Collection (System.gc())
[154.477s][info][gc,task     ] GC(71) Using 2 workers
[154.478s][info][gc,phases   ] GC(71) Pause Mark Start 0.009ms
[154.511s][info][gc,phases   ] GC(71) Concurrent Mark 33.856ms
[154.512s][info][gc,phases   ] GC(71) Pause Mark End 0.024ms
[154.512s][info][gc,phases   ] GC(71) Concurrent Mark Free 0.003ms
[154.535s][info][gc,phases   ] GC(71) Concurrent Process Non-Strong References 23.012ms
[154.535s][info][gc,phases   ] GC(71) Concurrent Reset Relocation Set 0.001ms
[154.536s][info][gc,phases   ] GC(71) Concurrent Select Relocation Set 1.196ms
[154.536s][info][gc,phases   ] GC(71) Pause Relocate Start 0.009ms
[154.537s][info][gc,phases   ] GC(71) Concurrent Relocate 0.807ms
[154.537s][info][gc,load     ] GC(71) Load: 0.00/0.00/0.00
[154.537s][info][gc,mmu      ] GC(71) MMU: 2ms/93.6%, 5ms/97.2%, 10ms/98.6%, 20ms/99.3%, 50ms/99.7%, 100ms/99.9%
[154.537s][info][gc,marking  ] GC(71) Mark: 2 stripe(s), 1 proactive flush(es), 1 terminate flush(es), 0 completion(s), 0 continuation(s) 
[154.537s][info][gc,marking  ] GC(71) Mark Stack Usage: 32M
[154.537s][info][gc,nmethod  ] GC(71) NMethods: 19529 registered, 852 unregistered
[154.537s][info][gc,metaspace] GC(71) Metaspace: 60M used, 60M committed, 1088M reserved
[154.537s][info][gc,ref      ] GC(71) Soft: 894 encountered, 0 discovered, 0 enqueued
[154.537s][info][gc,ref      ] GC(71) Weak: 6177 encountered, 107 discovered, 70 enqueued
[154.537s][info][gc,ref      ] GC(71) Final: 0 encountered, 0 discovered, 0 enqueued
[154.537s][info][gc,ref      ] GC(71) Phantom: 79 encountered, 45 discovered, 0 enqueued
[154.537s][info][gc,reloc    ] GC(71) Small Pages: 162 / 324M, Empty: 254M, Relocated: 1M, In-Place: 0
[154.537s][info][gc,reloc    ] GC(71) Medium Pages: 2 / 64M, Empty: 32M, Relocated: 0M, In-Place: 0
[154.537s][info][gc,reloc    ] GC(71) Large Pages: 0 / 0M, Empty: 0M, Relocated: 0M, In-Place: 0
[154.537s][info][gc,reloc    ] GC(71) Forwarding Usage: 0M
[154.537s][info][gc,heap     ] GC(71) Min Capacity: 1024M(100%)
[154.537s][info][gc,heap     ] GC(71) Max Capacity: 1024M(100%)
[154.537s][info][gc,heap     ] GC(71) Soft Max Capacity: 1024M(100%)
[154.537s][info][gc,heap     ] GC(71)                Mark Start          Mark End        Relocate Start      Relocate End           High               Low         
[154.537s][info][gc,heap     ] GC(71)  Capacity:     1024M (100%)       1024M (100%)       1024M (100%)       1024M (100%)       1024M (100%)       1024M (100%)   
[154.537s][info][gc,heap     ] GC(71)      Free:      636M (62%)         636M (62%)         922M (90%)         960M (94%)         960M (94%)         636M (62%)    
[154.537s][info][gc,heap     ] GC(71)      Used:      388M (38%)         388M (38%)         102M (10%)          64M (6%)          388M (38%)          64M (6%)     
[154.537s][info][gc,heap     ] GC(71)      Live:         -                28M (3%)           28M (3%)           28M (3%)             -                  -          
[154.537s][info][gc,heap     ] GC(71) Allocated:         -                 0M (0%)            0M (0%)            0M (0%)             -                  -          
[154.537s][info][gc,heap     ] GC(71)   Garbage:         -               359M (35%)          73M (7%)           35M (3%)             -                  -          
[154.537s][info][gc,heap     ] GC(71) Reclaimed:         -                  -               286M (28%)         324M (32%)            -                  -          
[154.537s][info][gc          ] GC(71) Garbage Collection (System.gc()) 388M(38%)->64M(6%)
[156.368s][info][gc,start    ] GC(72) Garbage Collection (System.gc())
[156.368s][info][gc,task     ] GC(72) Using 2 workers
[156.368s][info][gc,phases   ] GC(72) Pause Mark Start 0.005ms
[156.396s][info][gc,phases   ] GC(72) Concurrent Mark 27.998ms
[156.396s][info][gc,phases   ] GC(72) Pause Mark End 0.025ms
[156.397s][info][gc,phases   ] GC(72) Concurrent Mark Free 0.003ms
[156.418s][info][gc,phases   ] GC(72) Concurrent Process Non-Strong References 21.533ms
[156.418s][info][gc,phases   ] GC(72) Concurrent Reset Relocation Set 0.002ms
[156.420s][info][gc,phases   ] GC(72) Concurrent Select Relocation Set 1.403ms
[156.420s][info][gc,phases   ] GC(72) Pause Relocate Start 0.009ms
[156.421s][info][gc,phases   ] GC(72) Concurrent Relocate 1.104ms
[156.421s][info][gc,load     ] GC(72) Load: 0.00/0.00/0.00
[156.421s][info][gc,mmu      ] GC(72) MMU: 2ms/93.6%, 5ms/97.2%, 10ms/98.6%, 20ms/99.3%, 50ms/99.7%, 100ms/99.9%
[156.421s][info][gc,marking  ] GC(72) Mark: 2 stripe(s), 1 proactive flush(es), 1 terminate flush(es), 0 completion(s), 0 continuation(s) 
[156.421s][info][gc,marking  ] GC(72) Mark Stack Usage: 32M
[156.421s][info][gc,nmethod  ] GC(72) NMethods: 19547 registered, 852 unregistered
[156.421s][info][gc,metaspace] GC(72) Metaspace: 60M used, 60M committed, 1088M reserved
[156.421s][info][gc,ref      ] GC(72) Soft: 894 encountered, 0 discovered, 0 enqueued
[156.421s][info][gc,ref      ] GC(72) Weak: 6102 encountered, 42 discovered, 25 enqueued
[156.421s][info][gc,ref      ] GC(72) Final: 0 encountered, 0 discovered, 0 enqueued
[156.421s][info][gc,ref      ] GC(72) Phantom: 79 encountered, 47 discovered, 0 enqueued
[156.421s][info][gc,reloc    ] GC(72) Small Pages: 162 / 324M, Empty: 252M, Relocated: 1M, In-Place: 0
[156.421s][info][gc,reloc    ] GC(72) Medium Pages: 2 / 64M, Empty: 32M, Relocated: 0M, In-Place: 0
[156.421s][info][gc,reloc    ] GC(72) Large Pages: 0 / 0M, Empty: 0M, Relocated: 0M, In-Place: 0
[156.421s][info][gc,reloc    ] GC(72) Forwarding Usage: 0M
[156.421s][info][gc,heap     ] GC(72) Min Capacity: 1024M(100%)
[156.421s][info][gc,heap     ] GC(72) Max Capacity: 1024M(100%)
[156.421s][info][gc,heap     ] GC(72) Soft Max Capacity: 1024M(100%)
[156.421s][info][gc,heap     ] GC(72)                Mark Start          Mark End        Relocate Start      Relocate End           High               Low         
[156.421s][info][gc,heap     ] GC(72)  Capacity:     1024M (100%)       1024M (100%)       1024M (100%)       1024M (100%)       1024M (100%)       1024M (100%)   
[156.421s][info][gc,heap     ] GC(72)      Free:      636M (62%)         636M (62%)         920M (90%)         960M (94%)         960M (94%)         636M (62%)    
[156.421s][info][gc,heap     ] GC(72)      Used:      388M (38%)         388M (38%)         104M (10%)          64M (6%)          388M (38%)          64M (6%)     
[156.421s][info][gc,heap     ] GC(72)      Live:         -                28M (3%)           28M (3%)           28M (3%)             -                  -          
[156.421s][info][gc,heap     ] GC(72) Allocated:         -                 0M (0%)            0M (0%)            0M (0%)             -                  -          
[156.421s][info][gc,heap     ] GC(72)   Garbage:         -               359M (35%)          75M (7%)           35M (3%)             -                  -          
[156.421s][info][gc,heap     ] GC(72) Reclaimed:         -                  -               284M (28%)         324M (32%)            -                  -          
[156.421s][info][gc          ] GC(72) Garbage Collection (System.gc()) 388M(38%)->64M(6%)
[158.232s][info][gc,start    ] GC(73) Garbage Collection (System.gc())
[158.232s][info][gc,task     ] GC(73) Using 2 workers
[158.232s][info][gc,phases   ] GC(73) Pause Mark Start 0.005ms
[158.264s][info][gc,phases   ] GC(73) Concurrent Mark 31.718ms
[158.264s][info][gc,phases   ] GC(73) Pause Mark End 0.023ms
[158.264s][info][gc,phases   ] GC(73) Concurrent Mark Free 0.001ms
[158.286s][info][gc,phases   ] GC(73) Concurrent Process Non-Strong References 22.410ms
[158.287s][info][gc,phases   ] GC(73) Concurrent Reset Relocation Set 0.002ms
[158.288s][info][gc,phases   ] GC(73) Concurrent Select Relocation Set 1.579ms
[158.288s][info][gc,phases   ] GC(73) Pause Relocate Start 0.009ms
[158.289s][info][gc,phases   ] GC(73) Concurrent Relocate 1.141ms
[158.289s][info][gc,load     ] GC(73) Load: 0.00/0.00/0.00
[158.289s][info][gc,mmu      ] GC(73) MMU: 2ms/93.6%, 5ms/97.2%, 10ms/98.6%, 20ms/99.3%, 50ms/99.7%, 100ms/99.9%
[158.289s][info][gc,marking  ] GC(73) Mark: 2 stripe(s), 1 proactive flush(es), 1 terminate flush(es), 0 completion(s), 0 continuation(s) 
[158.289s][info][gc,marking  ] GC(73) Mark Stack Usage: 32M
[158.290s][info][gc,nmethod  ] GC(73) NMethods: 19574 registered, 852 unregistered
[158.290s][info][gc,metaspace] GC(73) Metaspace: 60M used, 60M committed, 1088M reserved
[158.290s][info][gc,ref      ] GC(73) Soft: 894 encountered, 0 discovered, 0 enqueued
[158.290s][info][gc,ref      ] GC(73) Weak: 6177 encountered, 91 discovered, 70 enqueued
[158.290s][info][gc,ref      ] GC(73) Final: 0 encountered, 0 discovered, 0 enqueued
[158.290s][info][gc,ref      ] GC(73) Phantom: 79 encountered, 42 discovered, 0 enqueued
[158.290s][info][gc,reloc    ] GC(73) Small Pages: 162 / 324M, Empty: 246M, Relocated: 1M, In-Place: 0
[158.290s][info][gc,reloc    ] GC(73) Medium Pages: 2 / 64M, Empty: 32M, Relocated: 0M, In-Place: 0
[158.290s][info][gc,reloc    ] GC(73) Large Pages: 0 / 0M, Empty: 0M, Relocated: 0M, In-Place: 0
[158.290s][info][gc,reloc    ] GC(73) Forwarding Usage: 0M
[158.290s][info][gc,heap     ] GC(73) Min Capacity: 1024M(100%)
[158.290s][info][gc,heap     ] GC(73) Max Capacity: 1024M(100%)
[158.290s][info][gc,heap     ] GC(73) Soft Max Capacity: 1024M(100%)
[158.290s][info][gc,heap     ] GC(73)                Mark Start          Mark End        Relocate Start      Relocate End           High               Low         
[158.290s][info][gc,heap     ] GC(73)  Capacity:     1024M (100%)       1024M (100%)       1024M (100%)       1024M (100%)       1024M (100%)       1024M (100%)   
[158.290s][info][gc,heap     ] GC(73)      Free:      636M (62%)         636M (62%)         914M (89%)         960M (94%)         960M (94%)         636M (62%)    
[158.290s][info][gc,heap     ] GC(73)      Used:      388M (38%)         388M (38%)         110M (11%)          64M (6%)          388M (38%)          64M (6%)     
[158.290s][info][gc,heap     ] GC(73)      Live:         -                28M (3%)           28M (3%)           28M (3%)             -                  -          
[158.290s][info][gc,heap     ] GC(73) Allocated:         -                 0M (0%)            0M (0%)            0M (0%)             -                  -          
[158.290s][info][gc,heap     ] GC(73)   Garbage:         -               359M (35%)          81M (8%)           35M (3%)             -                  -          
[158.290s][info][gc,heap     ] GC(73) Reclaimed:         -                  -               278M (27%)         324M (32%)            -                  -          
[158.290s][info][gc          ] GC(73) Garbage Collection (System.gc()) 388M(38%)->64M(6%)
[160.069s][info][gc,stats    ] === Garbage Collection Statistics =======================================================================================================================
[160.070s][info][gc,stats    ]                                                              Last 10s              Last 10m              Last 10h                Total
[160.070s][info][gc,stats    ]                                                              Avg / Max             Avg / Max             Avg / Max             Avg / Max
[160.070s][info][gc,stats    ]   Collector: Garbage Collection Cycle                     55.378 / 59.798       53.081 / 170.238      53.081 / 170.238      53.081 / 170.238     ms
[160.070s][info][gc,stats    ]  Contention: Mark Segment Reset Contention                     0 / 1                 0 / 2                 0 / 2                 0 / 2           ops/s
[160.070s][info][gc,stats    ]  Contention: Mark SeqNum Reset Contention                      0 / 1                 0 / 1                 0 / 1                 0 / 1           ops/s
[160.070s][info][gc,stats    ]    Critical: Allocation Stall                                  0 / 0                 0 / 0                 0 / 0                 0 / 0           ops/s
[160.070s][info][gc,stats    ]    Critical: Allocation Stall                              0.000 / 0.000         0.000 / 0.000         0.000 / 0.000         0.000 / 0.000       ms
[160.070s][info][gc,stats    ]    Critical: GC Locker Stall                                   0 / 0                 0 / 0                 0 / 0                 0 / 0           ops/s
[160.070s][info][gc,stats    ]    Critical: GC Locker Stall                               0.000 / 0.000         0.000 / 0.000         0.000 / 0.000         0.000 / 0.000       ms
[160.070s][info][gc,stats    ]    Critical: Relocation Stall                                  0 / 0                 0 / 0                 0 / 0                 0 / 0           ops/s
[160.070s][info][gc,stats    ]    Critical: Relocation Stall                              0.000 / 0.000         0.000 / 0.000         0.000 / 0.000         0.000 / 0.000       ms
[160.070s][info][gc,stats    ]      Memory: Allocation Rate                                 161 / 278             145 / 324             145 / 324             145 / 324         MB/s
[160.070s][info][gc,stats    ]      Memory: Out Of Memory                                     0 / 0                 0 / 0                 0 / 0                 0 / 0           ops/s
[160.070s][info][gc,stats    ]      Memory: Page Cache Flush                                  0 / 0                 0 / 0                 0 / 0                 0 / 0           MB/s
[160.070s][info][gc,stats    ]      Memory: Page Cache Hit L1                                74 / 126              65 / 149              65 / 149              65 / 149         ops/s
[160.070s][info][gc,stats    ]      Memory: Page Cache Hit L2                                 0 / 0                 0 / 0                 0 / 0                 0 / 0           ops/s
[160.070s][info][gc,stats    ]      Memory: Page Cache Hit L3                                 0 / 0                 1 / 28                1 / 28                1 / 28          ops/s
[160.070s][info][gc,stats    ]      Memory: Page Cache Miss                                   0 / 0                 0 / 1                 0 / 1                 0 / 1           ops/s
[160.070s][info][gc,stats    ]      Memory: Uncommit                                          0 / 0                 0 / 0                 0 / 0                 0 / 0           MB/s
[160.070s][info][gc,stats    ]      Memory: Undo Object Allocation Failed                     0 / 0                 0 / 0                 0 / 0                 0 / 0           ops/s
[160.070s][info][gc,stats    ]      Memory: Undo Object Allocation Succeeded                  0 / 0                 0 / 1                 0 / 1                 0 / 1           ops/s
[160.070s][info][gc,stats    ]      Memory: Undo Page Allocation                              0 / 0                 0 / 0                 0 / 0                 0 / 0           ops/s
[160.070s][info][gc,stats    ]       Phase: Concurrent Mark                              29.674 / 33.856       28.996 / 125.180      28.996 / 125.180      28.996 / 125.180     ms
[160.070s][info][gc,stats    ]       Phase: Concurrent Mark Continue                      0.000 / 0.000         0.000 / 0.000         0.000 / 0.000         0.000 / 0.000       ms
[160.070s][info][gc,stats    ]       Phase: Concurrent Mark Free                          0.002 / 0.003         0.002 / 0.004         0.002 / 0.004         0.002 / 0.004       ms
[160.070s][info][gc,stats    ]       Phase: Concurrent Process Non-Strong References     22.410 / 23.012       19.949 / 23.215       19.949 / 23.215       19.949 / 23.215      ms
[160.070s][info][gc,stats    ]       Phase: Concurrent Relocate                           0.982 / 1.141         1.729 / 22.669        1.729 / 22.669        1.729 / 22.669      ms
[160.070s][info][gc,stats    ]       Phase: Concurrent Reset Relocation Set               0.002 / 0.002         0.002 / 0.011         0.002 / 0.011         0.002 / 0.011       ms
[160.070s][info][gc,stats    ]       Phase: Concurrent Select Relocation Set              1.409 / 1.662         1.573 / 5.967         1.573 / 5.967         1.573 / 5.967       ms
[160.070s][info][gc,stats    ]       Phase: Pause Mark End                                0.023 / 0.025         0.023 / 0.129         0.023 / 0.129         0.023 / 0.129       ms
[160.070s][info][gc,stats    ]       Phase: Pause Mark Start                              0.007 / 0.011         0.006 / 0.013         0.006 / 0.013         0.006 / 0.013       ms
[160.070s][info][gc,stats    ]       Phase: Pause Relocate Start                          0.009 / 0.010         0.010 / 0.020         0.010 / 0.020         0.010 / 0.020       ms
[160.070s][info][gc,stats    ]    Subphase: Concurrent Classes Purge                      0.581 / 0.635         0.528 / 0.669         0.528 / 0.669         0.528 / 0.669       ms
[160.070s][info][gc,stats    ]    Subphase: Concurrent Classes Unlink                    20.592 / 20.933       18.302 / 21.466       18.302 / 21.466       18.302 / 21.466      ms
[160.070s][info][gc,stats    ]    Subphase: Concurrent Mark                              23.956 / 33.442       24.588 / 123.683      24.588 / 123.683      24.588 / 123.683     ms
[160.070s][info][gc,stats    ]    Subphase: Concurrent Mark Try Flush                     0.116 / 0.579         0.095 / 0.579         0.095 / 0.579         0.095 / 0.579       ms
[160.070s][info][gc,stats    ]    Subphase: Concurrent Mark Try Terminate                 3.542 / 15.133        2.908 / 16.835        2.908 / 16.835        2.908 / 16.835      ms
[160.070s][info][gc,stats    ]    Subphase: Concurrent References Enqueue                 0.006 / 0.008         0.006 / 0.008         0.006 / 0.008         0.006 / 0.008       ms
[160.070s][info][gc,stats    ]    Subphase: Concurrent References Process                 0.150 / 0.160         0.176 / 2.199         0.176 / 2.199         0.176 / 2.199       ms
[160.070s][info][gc,stats    ]    Subphase: Concurrent Roots ClassLoaderDataGraph         0.061 / 0.107         0.064 / 0.216         0.064 / 0.216         0.064 / 0.216       ms
[160.070s][info][gc,stats    ]    Subphase: Concurrent Roots CodeCache                    0.000 / 0.000         0.000 / 0.000         0.000 / 0.000         0.000 / 0.000       ms
[160.070s][info][gc,stats    ]    Subphase: Concurrent Roots JavaThreads                  0.207 / 0.458         0.215 / 2.857         0.215 / 2.857         0.215 / 2.857       ms
[160.070s][info][gc,stats    ]    Subphase: Concurrent Roots OopStorageSet                0.014 / 0.019         0.014 / 0.061         0.014 / 0.061         0.014 / 0.061       ms
[160.070s][info][gc,stats    ]    Subphase: Concurrent Weak Roots OopStorageSet           0.849 / 1.091         0.721 / 1.280         0.721 / 1.280         0.721 / 1.280       ms
[160.070s][info][gc,stats    ]    Subphase: Pause Mark Try Complete                       0.000 / 0.000         0.005 / 0.014         0.005 / 0.014         0.005 / 0.014       ms
[160.070s][info][gc,stats    ]      System: Java Threads                                     12 / 12               12 / 13               12 / 13               12 / 13          threads
[160.070s][info][gc,stats    ] =========================================================================================================================================================
[160.115s][info][gc,start    ] GC(74) Garbage Collection (System.gc())
[160.115s][info][gc,task     ] GC(74) Using 2 workers
[160.115s][info][gc,phases   ] GC(74) Pause Mark Start 0.005ms
[160.148s][info][gc,phases   ] GC(74) Concurrent Mark 33.063ms
[160.149s][info][gc,phases   ] GC(74) Pause Mark End 0.022ms
[160.149s][info][gc,phases   ] GC(74) Concurrent Mark Free 0.002ms
[160.172s][info][gc,phases   ] GC(74) Concurrent Process Non-Strong References 23.066ms
[160.172s][info][gc,phases   ] GC(74) Concurrent Reset Relocation Set 0.001ms
[160.173s][info][gc,phases   ] GC(74) Concurrent Select Relocation Set 1.193ms
[160.173s][info][gc,phases   ] GC(74) Pause Relocate Start 0.010ms
[160.174s][info][gc,phases   ] GC(74) Concurrent Relocate 0.780ms
[160.174s][info][gc,load     ] GC(74) Load: 0.00/0.00/0.00
[160.174s][info][gc,mmu      ] GC(74) MMU: 2ms/93.6%, 5ms/97.2%, 10ms/98.6%, 20ms/99.3%, 50ms/99.7%, 100ms/99.9%
[160.174s][info][gc,marking  ] GC(74) Mark: 2 stripe(s), 1 proactive flush(es), 1 terminate flush(es), 0 completion(s), 0 continuation(s) 
[160.174s][info][gc,marking  ] GC(74) Mark Stack Usage: 32M
[160.174s][info][gc,nmethod  ] GC(74) NMethods: 19596 registered, 852 unregistered
[160.174s][info][gc,metaspace] GC(74) Metaspace: 60M used, 60M committed, 1088M reserved
[160.174s][info][gc,ref      ] GC(74) Soft: 894 encountered, 0 discovered, 0 enqueued
[160.174s][info][gc,ref      ] GC(74) Weak: 6102 encountered, 40 discovered, 25 enqueued
[160.174s][info][gc,ref      ] GC(74) Final: 0 encountered, 0 discovered, 0 enqueued
[160.174s][info][gc,ref      ] GC(74) Phantom: 79 encountered, 39 discovered, 0 enqueued
[160.174s][info][gc,reloc    ] GC(74) Small Pages: 161 / 322M, Empty: 250M, Relocated: 1M, In-Place: 0
[160.174s][info][gc,reloc    ] GC(74) Medium Pages: 2 / 64M, Empty: 32M, Relocated: 0M, In-Place: 0
[160.174s][info][gc,reloc    ] GC(74) Large Pages: 0 / 0M, Empty: 0M, Relocated: 0M, In-Place: 0
[160.174s][info][gc,reloc    ] GC(74) Forwarding Usage: 0M
[160.174s][info][gc,heap     ] GC(74) Min Capacity: 1024M(100%)
[160.174s][info][gc,heap     ] GC(74) Max Capacity: 1024M(100%)
[160.174s][info][gc,heap     ] GC(74) Soft Max Capacity: 1024M(100%)
[160.174s][info][gc,heap     ] GC(74)                Mark Start          Mark End        Relocate Start      Relocate End           High               Low         
[160.174s][info][gc,heap     ] GC(74)  Capacity:     1024M (100%)       1024M (100%)       1024M (100%)       1024M (100%)       1024M (100%)       1024M (100%)   
[160.174s][info][gc,heap     ] GC(74)      Free:      638M (62%)         638M (62%)         920M (90%)         960M (94%)         960M (94%)         638M (62%)    
[160.174s][info][gc,heap     ] GC(74)      Used:      386M (38%)         386M (38%)         104M (10%)          64M (6%)          386M (38%)          64M (6%)     
[160.174s][info][gc,heap     ] GC(74)      Live:         -                28M (3%)           28M (3%)           28M (3%)             -                  -          
[160.174s][info][gc,heap     ] GC(74) Allocated:         -                 0M (0%)            0M (0%)            0M (0%)             -                  -          
[160.174s][info][gc,heap     ] GC(74)   Garbage:         -               357M (35%)          75M (7%)           35M (3%)             -                  -          
[160.174s][info][gc,heap     ] GC(74) Reclaimed:         -                  -               282M (28%)         322M (31%)            -                  -          
[160.174s][info][gc          ] GC(74) Garbage Collection (System.gc()) 386M(38%)->64M(6%)
[161.993s][info][gc,start    ] GC(75) Garbage Collection (System.gc())
[161.993s][info][gc,task     ] GC(75) Using 2 workers
[161.994s][info][gc,phases   ] GC(75) Pause Mark Start 0.004ms
[162.017s][info][gc,phases   ] GC(75) Concurrent Mark 23.615ms
[162.017s][info][gc,phases   ] GC(75) Pause Mark End 0.017ms
[162.017s][info][gc,phases   ] GC(75) Concurrent Mark Free 0.001ms
[162.040s][info][gc,phases   ] GC(75) Concurrent Process Non-Strong References 22.556ms
[162.040s][info][gc,phases   ] GC(75) Concurrent Reset Relocation Set 0.001ms
[162.042s][info][gc,phases   ] GC(75) Concurrent Select Relocation Set 1.381ms
[162.042s][info][gc,phases   ] GC(75) Pause Relocate Start 0.010ms
[162.043s][info][gc,phases   ] GC(75) Concurrent Relocate 0.856ms
[162.043s][info][gc,load     ] GC(75) Load: 0.00/0.00/0.00
[162.043s][info][gc,mmu      ] GC(75) MMU: 2ms/93.6%, 5ms/97.2%, 10ms/98.6%, 20ms/99.3%, 50ms/99.7%, 100ms/99.9%
[162.043s][info][gc,marking  ] GC(75) Mark: 2 stripe(s), 1 proactive flush(es), 1 terminate flush(es), 0 completion(s), 0 continuation(s) 
[162.043s][info][gc,marking  ] GC(75) Mark Stack Usage: 32M
[162.043s][info][gc,nmethod  ] GC(75) NMethods: 19624 registered, 852 unregistered
[162.043s][info][gc,metaspace] GC(75) Metaspace: 60M used, 60M committed, 1088M reserved
[162.043s][info][gc,ref      ] GC(75) Soft: 894 encountered, 0 discovered, 0 enqueued
[162.043s][info][gc,ref      ] GC(75) Weak: 6177 encountered, 94 discovered, 70 enqueued
[162.043s][info][gc,ref      ] GC(75) Final: 0 encountered, 0 discovered, 0 enqueued
[162.043s][info][gc,ref      ] GC(75) Phantom: 79 encountered, 48 discovered, 0 enqueued
[162.043s][info][gc,reloc    ] GC(75) Small Pages: 161 / 322M, Empty: 252M, Relocated: 1M, In-Place: 0
[162.043s][info][gc,reloc    ] GC(75) Medium Pages: 2 / 64M, Empty: 32M, Relocated: 0M, In-Place: 0
[162.043s][info][gc,reloc    ] GC(75) Large Pages: 0 / 0M, Empty: 0M, Relocated: 0M, In-Place: 0
[162.043s][info][gc,reloc    ] GC(75) Forwarding Usage: 0M
[162.043s][info][gc,heap     ] GC(75) Min Capacity: 1024M(100%)
[162.043s][info][gc,heap     ] GC(75) Max Capacity: 1024M(100%)
[162.043s][info][gc,heap     ] GC(75) Soft Max Capacity: 1024M(100%)
[162.043s][info][gc,heap     ] GC(75)                Mark Start          Mark End        Relocate Start      Relocate End           High               Low         
[162.043s][info][gc,heap     ] GC(75)  Capacity:     1024M (100%)       1024M (100%)       1024M (100%)       1024M (100%)       1024M (100%)       1024M (100%)   
[162.043s][info][gc,heap     ] GC(75)      Free:      638M (62%)         638M (62%)         922M (90%)         960M (94%)         960M (94%)         638M (62%)    
[162.043s][info][gc,heap     ] GC(75)      Used:      386M (38%)         386M (38%)         102M (10%)          64M (6%)          386M (38%)          64M (6%)     
[162.043s][info][gc,heap     ] GC(75)      Live:         -                28M (3%)           28M (3%)           28M (3%)             -                  -          
[162.043s][info][gc,heap     ] GC(75) Allocated:         -                 0M (0%)            0M (0%)            0M (0%)             -                  -          
[162.043s][info][gc,heap     ] GC(75)   Garbage:         -               357M (35%)          73M (7%)           35M (3%)             -                  -          
[162.043s][info][gc,heap     ] GC(75) Reclaimed:         -                  -               284M (28%)         322M (31%)            -                  -          
[162.043s][info][gc          ] GC(75) Garbage Collection (System.gc()) 386M(38%)->64M(6%)
[163.859s][info][gc,start    ] GC(76) Garbage Collection (System.gc())
[163.859s][info][gc,task     ] GC(76) Using 2 workers
[163.859s][info][gc,phases   ] GC(76) Pause Mark Start 0.005ms
[163.887s][info][gc,phases   ] GC(76) Concurrent Mark 27.843ms
[163.887s][info][gc,phases   ] GC(76) Pause Mark End 0.023ms
[163.888s][info][gc,phases   ] GC(76) Concurrent Mark Free 0.002ms
[163.910s][info][gc,phases   ] GC(76) Concurrent Process Non-Strong References 22.002ms
[163.910s][info][gc,phases   ] GC(76) Concurrent Reset Relocation Set 0.002ms
[163.911s][info][gc,phases   ] GC(76) Concurrent Select Relocation Set 1.351ms
[163.911s][info][gc,phases   ] GC(76) Pause Relocate Start 0.009ms
[163.912s][info][gc,phases   ] GC(76) Concurrent Relocate 1.131ms
[163.912s][info][gc,load     ] GC(76) Load: 0.00/0.00/0.00
[163.912s][info][gc,mmu      ] GC(76) MMU: 2ms/93.6%, 5ms/97.2%, 10ms/98.6%, 20ms/99.3%, 50ms/99.7%, 100ms/99.9%
[163.912s][info][gc,marking  ] GC(76) Mark: 2 stripe(s), 2 proactive flush(es), 1 terminate flush(es), 0 completion(s), 0 continuation(s) 
[163.912s][info][gc,marking  ] GC(76) Mark Stack Usage: 32M
[163.912s][info][gc,nmethod  ] GC(76) NMethods: 19665 registered, 852 unregistered
[163.912s][info][gc,metaspace] GC(76) Metaspace: 60M used, 60M committed, 1088M reserved
[163.912s][info][gc,ref      ] GC(76) Soft: 894 encountered, 0 discovered, 0 enqueued
[163.912s][info][gc,ref      ] GC(76) Weak: 6102 encountered, 62 discovered, 25 enqueued
[163.912s][info][gc,ref      ] GC(76) Final: 0 encountered, 0 discovered, 0 enqueued
[163.912s][info][gc,ref      ] GC(76) Phantom: 79 encountered, 39 discovered, 0 enqueued
[163.912s][info][gc,reloc    ] GC(76) Small Pages: 161 / 322M, Empty: 248M, Relocated: 1M, In-Place: 0
[163.912s][info][gc,reloc    ] GC(76) Medium Pages: 2 / 64M, Empty: 32M, Relocated: 0M, In-Place: 0
[163.912s][info][gc,reloc    ] GC(76) Large Pages: 0 / 0M, Empty: 0M, Relocated: 0M, In-Place: 0
[163.912s][info][gc,reloc    ] GC(76) Forwarding Usage: 0M
[163.912s][info][gc,heap     ] GC(76) Min Capacity: 1024M(100%)
[163.913s][info][gc,heap     ] GC(76) Max Capacity: 1024M(100%)
[163.913s][info][gc,heap     ] GC(76) Soft Max Capacity: 1024M(100%)
[163.913s][info][gc,heap     ] GC(76)                Mark Start          Mark End        Relocate Start      Relocate End           High               Low         
[163.913s][info][gc,heap     ] GC(76)  Capacity:     1024M (100%)       1024M (100%)       1024M (100%)       1024M (100%)       1024M (100%)       1024M (100%)   
[163.913s][info][gc,heap     ] GC(76)      Free:      638M (62%)         638M (62%)         918M (90%)         960M (94%)         960M (94%)         638M (62%)    
[163.913s][info][gc,heap     ] GC(76)      Used:      386M (38%)         386M (38%)         106M (10%)          64M (6%)          386M (38%)          64M (6%)     
[163.913s][info][gc,heap     ] GC(76)      Live:         -                28M (3%)           28M (3%)           28M (3%)             -                  -          
[163.913s][info][gc,heap     ] GC(76) Allocated:         -                 0M (0%)            0M (0%)            0M (0%)             -                  -          
[163.913s][info][gc,heap     ] GC(76)   Garbage:         -               357M (35%)          77M (8%)           35M (3%)             -                  -          
[163.913s][info][gc,heap     ] GC(76) Reclaimed:         -                  -               280M (27%)         322M (31%)            -                  -          
[163.913s][info][gc          ] GC(76) Garbage Collection (System.gc()) 386M(38%)->64M(6%)
[165.733s][info][gc,start    ] GC(77) Garbage Collection (System.gc())
[165.733s][info][gc,task     ] GC(77) Using 2 workers
[165.733s][info][gc,phases   ] GC(77) Pause Mark Start 0.005ms
[165.757s][info][gc,phases   ] GC(77) Concurrent Mark 24.310ms
[165.757s][info][gc,phases   ] GC(77) Pause Mark End 0.024ms
[165.757s][info][gc,phases   ] GC(77) Concurrent Mark Free 0.002ms
[165.779s][info][gc,phases   ] GC(77) Concurrent Process Non-Strong References 22.069ms
[165.780s][info][gc,phases   ] GC(77) Concurrent Reset Relocation Set 0.002ms
[165.781s][info][gc,phases   ] GC(77) Concurrent Select Relocation Set 1.221ms
[165.781s][info][gc,phases   ] GC(77) Pause Relocate Start 0.007ms
[165.782s][info][gc,phases   ] GC(77) Concurrent Relocate 0.792ms
[165.782s][info][gc,load     ] GC(77) Load: 0.00/0.00/0.00
[165.782s][info][gc,mmu      ] GC(77) MMU: 2ms/93.6%, 5ms/97.2%, 10ms/98.6%, 20ms/99.3%, 50ms/99.7%, 100ms/99.9%
[165.782s][info][gc,marking  ] GC(77) Mark: 2 stripe(s), 1 proactive flush(es), 1 terminate flush(es), 0 completion(s), 0 continuation(s) 
[165.782s][info][gc,marking  ] GC(77) Mark Stack Usage: 32M
[165.782s][info][gc,nmethod  ] GC(77) NMethods: 19687 registered, 852 unregistered
[165.782s][info][gc,metaspace] GC(77) Metaspace: 60M used, 60M committed, 1088M reserved
[165.782s][info][gc,ref      ] GC(77) Soft: 894 encountered, 0 discovered, 0 enqueued
[165.782s][info][gc,ref      ] GC(77) Weak: 6177 encountered, 114 discovered, 70 enqueued
[165.782s][info][gc,ref      ] GC(77) Final: 0 encountered, 0 discovered, 0 enqueued
[165.782s][info][gc,ref      ] GC(77) Phantom: 79 encountered, 56 discovered, 0 enqueued
[165.782s][info][gc,reloc    ] GC(77) Small Pages: 161 / 322M, Empty: 256M, Relocated: 1M, In-Place: 0
[165.782s][info][gc,reloc    ] GC(77) Medium Pages: 2 / 64M, Empty: 32M, Relocated: 0M, In-Place: 0
[165.782s][info][gc,reloc    ] GC(77) Large Pages: 0 / 0M, Empty: 0M, Relocated: 0M, In-Place: 0
[165.782s][info][gc,reloc    ] GC(77) Forwarding Usage: 0M
[165.782s][info][gc,heap     ] GC(77) Min Capacity: 1024M(100%)
[165.782s][info][gc,heap     ] GC(77) Max Capacity: 1024M(100%)
[165.782s][info][gc,heap     ] GC(77) Soft Max Capacity: 1024M(100%)
[165.782s][info][gc,heap     ] GC(77)                Mark Start          Mark End        Relocate Start      Relocate End           High               Low         
[165.782s][info][gc,heap     ] GC(77)  Capacity:     1024M (100%)       1024M (100%)       1024M (100%)       1024M (100%)       1024M (100%)       1024M (100%)   
[165.782s][info][gc,heap     ] GC(77)      Free:      638M (62%)         638M (62%)         926M (90%)         960M (94%)         960M (94%)         638M (62%)    
[165.782s][info][gc,heap     ] GC(77)      Used:      386M (38%)         386M (38%)          98M (10%)          64M (6%)          386M (38%)          64M (6%)     
[165.782s][info][gc,heap     ] GC(77)      Live:         -                28M (3%)           28M (3%)           28M (3%)             -                  -          
[165.782s][info][gc,heap     ] GC(77) Allocated:         -                 0M (0%)            0M (0%)            0M (0%)             -                  -          
[165.782s][info][gc,heap     ] GC(77)   Garbage:         -               357M (35%)          69M (7%)           35M (3%)             -                  -          
[165.782s][info][gc,heap     ] GC(77) Reclaimed:         -                  -               288M (28%)         322M (31%)            -                  -          
[165.782s][info][gc          ] GC(77) Garbage Collection (System.gc()) 386M(38%)->64M(6%)
[167.599s][info][gc,start    ] GC(78) Garbage Collection (System.gc())
[167.599s][info][gc,task     ] GC(78) Using 2 workers
[167.599s][info][gc,phases   ] GC(78) Pause Mark Start 0.005ms
[167.626s][info][gc,phases   ] GC(78) Concurrent Mark 26.200ms
[167.626s][info][gc,phases   ] GC(78) Pause Mark End 0.018ms
[167.626s][info][gc,phases   ] GC(78) Concurrent Mark Free 0.002ms
[167.648s][info][gc,phases   ] GC(78) Concurrent Process Non-Strong References 22.003ms
[167.648s][info][gc,phases   ] GC(78) Concurrent Reset Relocation Set 0.002ms
[167.649s][info][gc,phases   ] GC(78) Concurrent Select Relocation Set 1.406ms
[167.649s][info][gc,phases   ] GC(78) Pause Relocate Start 0.009ms
[167.651s][info][gc,phases   ] GC(78) Concurrent Relocate 1.112ms
[167.651s][info][gc,load     ] GC(78) Load: 0.00/0.00/0.00
[167.651s][info][gc,mmu      ] GC(78) MMU: 2ms/93.6%, 5ms/97.2%, 10ms/98.6%, 20ms/99.3%, 50ms/99.7%, 100ms/99.9%
[167.651s][info][gc,marking  ] GC(78) Mark: 2 stripe(s), 2 proactive flush(es), 1 terminate flush(es), 0 completion(s), 0 continuation(s) 
[167.651s][info][gc,marking  ] GC(78) Mark Stack Usage: 32M
[167.651s][info][gc,nmethod  ] GC(78) NMethods: 19719 registered, 852 unregistered
[167.651s][info][gc,metaspace] GC(78) Metaspace: 60M used, 60M committed, 1088M reserved
[167.651s][info][gc,ref      ] GC(78) Soft: 894 encountered, 0 discovered, 0 enqueued
[167.651s][info][gc,ref      ] GC(78) Weak: 6102 encountered, 40 discovered, 25 enqueued
[167.651s][info][gc,ref      ] GC(78) Final: 0 encountered, 0 discovered, 0 enqueued
[167.651s][info][gc,ref      ] GC(78) Phantom: 79 encountered, 42 discovered, 0 enqueued
[167.651s][info][gc,reloc    ] GC(78) Small Pages: 161 / 322M, Empty: 256M, Relocated: 1M, In-Place: 0
[167.651s][info][gc,reloc    ] GC(78) Medium Pages: 2 / 64M, Empty: 32M, Relocated: 0M, In-Place: 0
[167.651s][info][gc,reloc    ] GC(78) Large Pages: 0 / 0M, Empty: 0M, Relocated: 0M, In-Place: 0
[167.651s][info][gc,reloc    ] GC(78) Forwarding Usage: 0M
[167.651s][info][gc,heap     ] GC(78) Min Capacity: 1024M(100%)
[167.651s][info][gc,heap     ] GC(78) Max Capacity: 1024M(100%)
[167.651s][info][gc,heap     ] GC(78) Soft Max Capacity: 1024M(100%)
[167.651s][info][gc,heap     ] GC(78)                Mark Start          Mark End        Relocate Start      Relocate End           High               Low         
[167.651s][info][gc,heap     ] GC(78)  Capacity:     1024M (100%)       1024M (100%)       1024M (100%)       1024M (100%)       1024M (100%)       1024M (100%)   
[167.651s][info][gc,heap     ] GC(78)      Free:      638M (62%)         638M (62%)         926M (90%)         960M (94%)         960M (94%)         638M (62%)    
[167.651s][info][gc,heap     ] GC(78)      Used:      386M (38%)         386M (38%)          98M (10%)          64M (6%)          386M (38%)          64M (6%)     
[167.651s][info][gc,heap     ] GC(78)      Live:         -                28M (3%)           28M (3%)           28M (3%)             -                  -          
[167.651s][info][gc,heap     ] GC(78) Allocated:         -                 0M (0%)            0M (0%)            0M (0%)             -                  -          
[167.651s][info][gc,heap     ] GC(78)   Garbage:         -               357M (35%)          69M (7%)           35M (3%)             -                  -          
[167.651s][info][gc,heap     ] GC(78) Reclaimed:         -                  -               288M (28%)         322M (31%)            -                  -          
[167.651s][info][gc          ] GC(78) Garbage Collection (System.gc()) 386M(38%)->64M(6%)
[169.466s][info][gc,start    ] GC(79) Garbage Collection (System.gc())
[169.466s][info][gc,task     ] GC(79) Using 2 workers
[169.466s][info][gc,phases   ] GC(79) Pause Mark Start 0.005ms
[169.492s][info][gc,phases   ] GC(79) Concurrent Mark 25.774ms
[169.492s][info][gc,phases   ] GC(79) Pause Mark End 0.017ms
[169.492s][info][gc,phases   ] GC(79) Concurrent Mark Free 0.002ms
[169.514s][info][gc,phases   ] GC(79) Concurrent Process Non-Strong References 22.116ms
[169.514s][info][gc,phases   ] GC(79) Concurrent Reset Relocation Set 0.001ms
[169.515s][info][gc,phases   ] GC(79) Concurrent Select Relocation Set 1.220ms
[169.515s][info][gc,phases   ] GC(79) Pause Relocate Start 0.010ms
[169.516s][info][gc,phases   ] GC(79) Concurrent Relocate 0.800ms
[169.516s][info][gc,load     ] GC(79) Load: 0.00/0.00/0.00
[169.516s][info][gc,mmu      ] GC(79) MMU: 2ms/93.6%, 5ms/97.2%, 10ms/98.6%, 20ms/99.3%, 50ms/99.7%, 100ms/99.9%
[169.516s][info][gc,marking  ] GC(79) Mark: 2 stripe(s), 1 proactive flush(es), 1 terminate flush(es), 0 completion(s), 0 continuation(s) 
[169.516s][info][gc,marking  ] GC(79) Mark Stack Usage: 32M
[169.516s][info][gc,nmethod  ] GC(79) NMethods: 19741 registered, 852 unregistered
[169.516s][info][gc,metaspace] GC(79) Metaspace: 60M used, 60M committed, 1088M reserved
[169.516s][info][gc,ref      ] GC(79) Soft: 894 encountered, 0 discovered, 0 enqueued
[169.516s][info][gc,ref      ] GC(79) Weak: 6177 encountered, 101 discovered, 70 enqueued
[169.516s][info][gc,ref      ] GC(79) Final: 0 encountered, 0 discovered, 0 enqueued
[169.516s][info][gc,ref      ] GC(79) Phantom: 79 encountered, 53 discovered, 0 enqueued
[169.516s][info][gc,reloc    ] GC(79) Small Pages: 161 / 322M, Empty: 252M, Relocated: 1M, In-Place: 0
[169.516s][info][gc,reloc    ] GC(79) Medium Pages: 2 / 64M, Empty: 32M, Relocated: 0M, In-Place: 0
[169.516s][info][gc,reloc    ] GC(79) Large Pages: 0 / 0M, Empty: 0M, Relocated: 0M, In-Place: 0
[169.516s][info][gc,reloc    ] GC(79) Forwarding Usage: 0M
[169.516s][info][gc,heap     ] GC(79) Min Capacity: 1024M(100%)
[169.516s][info][gc,heap     ] GC(79) Max Capacity: 1024M(100%)
[169.516s][info][gc,heap     ] GC(79) Soft Max Capacity: 1024M(100%)
[169.516s][info][gc,heap     ] GC(79)                Mark Start          Mark End        Relocate Start      Relocate End           High               Low         
[169.516s][info][gc,heap     ] GC(79)  Capacity:     1024M (100%)       1024M (100%)       1024M (100%)       1024M (100%)       1024M (100%)       1024M (100%)   
[169.516s][info][gc,heap     ] GC(79)      Free:      638M (62%)         638M (62%)         922M (90%)         960M (94%)         960M (94%)         638M (62%)    
[169.516s][info][gc,heap     ] GC(79)      Used:      386M (38%)         386M (38%)         102M (10%)          64M (6%)          386M (38%)          64M (6%)     
[169.516s][info][gc,heap     ] GC(79)      Live:         -                28M (3%)           28M (3%)           28M (3%)             -                  -          
[169.516s][info][gc,heap     ] GC(79) Allocated:         -                 0M (0%)            0M (0%)            0M (0%)             -                  -          
[169.516s][info][gc,heap     ] GC(79)   Garbage:         -               357M (35%)          73M (7%)           35M (3%)             -                  -          
[169.516s][info][gc,heap     ] GC(79) Reclaimed:         -                  -               284M (28%)         322M (31%)            -                  -          
[169.516s][info][gc          ] GC(79) Garbage Collection (System.gc()) 386M(38%)->64M(6%)
[170.072s][info][gc,stats    ] === Garbage Collection Statistics =======================================================================================================================
[170.072s][info][gc,stats    ]                                                              Last 10s              Last 10m              Last 10h                Total
[170.072s][info][gc,stats    ]                                                              Avg / Max             Avg / Max             Avg / Max             Avg / Max
[170.072s][info][gc,stats    ]   Collector: Garbage Collection Cycle                     52.065 / 58.873       53.005 / 170.238      53.005 / 170.238      53.005 / 170.238     ms
[170.072s][info][gc,stats    ]  Contention: Mark Segment Reset Contention                     0 / 1                 0 / 2                 0 / 2                 0 / 2           ops/s
[170.072s][info][gc,stats    ]  Contention: Mark SeqNum Reset Contention                      0 / 1                 0 / 1                 0 / 1                 0 / 1           ops/s
[170.072s][info][gc,stats    ]    Critical: Allocation Stall                                  0 / 0                 0 / 0                 0 / 0                 0 / 0           ops/s
[170.072s][info][gc,stats    ]    Critical: Allocation Stall                              0.000 / 0.000         0.000 / 0.000         0.000 / 0.000         0.000 / 0.000       ms
[170.072s][info][gc,stats    ]    Critical: GC Locker Stall                                   0 / 0                 0 / 0                 0 / 0                 0 / 0           ops/s
[170.072s][info][gc,stats    ]    Critical: GC Locker Stall                               0.000 / 0.000         0.000 / 0.000         0.000 / 0.000         0.000 / 0.000       ms
[170.072s][info][gc,stats    ]    Critical: Relocation Stall                                  0 / 0                 0 / 0                 0 / 0                 0 / 0           ops/s
[170.072s][info][gc,stats    ]    Critical: Relocation Stall                              0.000 / 0.000         0.000 / 0.000         0.000 / 0.000         0.000 / 0.000       ms
[170.073s][info][gc,stats    ]      Memory: Allocation Rate                                 183 / 314             147 / 324             147 / 324             147 / 324         MB/s
[170.073s][info][gc,stats    ]      Memory: Out Of Memory                                     0 / 0                 0 / 0                 0 / 0                 0 / 0           ops/s
[170.073s][info][gc,stats    ]      Memory: Page Cache Flush                                  0 / 0                 0 / 0                 0 / 0                 0 / 0           MB/s
[170.073s][info][gc,stats    ]      Memory: Page Cache Hit L1                                83 / 144              66 / 149              66 / 149              66 / 149         ops/s
[170.073s][info][gc,stats    ]      Memory: Page Cache Hit L2                                 0 / 0                 0 / 0                 0 / 0                 0 / 0           ops/s
[170.073s][info][gc,stats    ]      Memory: Page Cache Hit L3                                 0 / 0                 1 / 28                1 / 28                1 / 28          ops/s
[170.073s][info][gc,stats    ]      Memory: Page Cache Miss                                   0 / 0                 0 / 1                 0 / 1                 0 / 1           ops/s
[170.073s][info][gc,stats    ]      Memory: Uncommit                                          0 / 0                 0 / 0                 0 / 0                 0 / 0           MB/s
[170.073s][info][gc,stats    ]      Memory: Undo Object Allocation Failed                     0 / 0                 0 / 0                 0 / 0                 0 / 0           ops/s
[170.073s][info][gc,stats    ]      Memory: Undo Object Allocation Succeeded                  0 / 0                 0 / 1                 0 / 1                 0 / 1           ops/s
[170.073s][info][gc,stats    ]      Memory: Undo Page Allocation                              0 / 0                 0 / 0                 0 / 0                 0 / 0           ops/s
[170.073s][info][gc,stats    ]       Phase: Concurrent Mark                              26.801 / 33.063       28.832 / 125.180      28.832 / 125.180      28.832 / 125.180     ms
[170.073s][info][gc,stats    ]       Phase: Concurrent Mark Continue                      0.000 / 0.000         0.000 / 0.000         0.000 / 0.000         0.000 / 0.000       ms
[170.073s][info][gc,stats    ]       Phase: Concurrent Mark Free                          0.002 / 0.002         0.002 / 0.004         0.002 / 0.004         0.002 / 0.004       ms
[170.073s][info][gc,stats    ]       Phase: Concurrent Process Non-Strong References     22.302 / 23.066       20.126 / 23.215       20.126 / 23.215       20.126 / 23.215      ms
[170.073s][info][gc,stats    ]       Phase: Concurrent Relocate                           0.912 / 1.131         1.668 / 22.669        1.668 / 22.669        1.668 / 22.669      ms
[170.073s][info][gc,stats    ]       Phase: Concurrent Reset Relocation Set               0.002 / 0.002         0.002 / 0.011         0.002 / 0.011         0.002 / 0.011       ms
[170.073s][info][gc,stats    ]       Phase: Concurrent Select Relocation Set              1.295 / 1.406         1.552 / 5.967         1.552 / 5.967         1.552 / 5.967       ms
[170.073s][info][gc,stats    ]       Phase: Pause Mark End                                0.020 / 0.024         0.022 / 0.129         0.022 / 0.129         0.022 / 0.129       ms
[170.073s][info][gc,stats    ]       Phase: Pause Mark Start                              0.005 / 0.005         0.006 / 0.013         0.006 / 0.013         0.006 / 0.013       ms
[170.073s][info][gc,stats    ]       Phase: Pause Relocate Start                          0.009 / 0.010         0.009 / 0.020         0.009 / 0.020         0.009 / 0.020       ms
[170.073s][info][gc,stats    ]    Subphase: Concurrent Classes Purge                      0.578 / 0.641         0.532 / 0.669         0.532 / 0.669         0.532 / 0.669       ms
[170.073s][info][gc,stats    ]    Subphase: Concurrent Classes Unlink                    20.442 / 21.168       18.463 / 21.466       18.463 / 21.466       18.463 / 21.466      ms
[170.073s][info][gc,stats    ]    Subphase: Concurrent Mark                              22.413 / 32.526       24.425 / 123.683      24.425 / 123.683      24.425 / 123.683     ms
[170.073s][info][gc,stats    ]    Subphase: Concurrent Mark Try Flush                     0.064 / 0.115         0.092 / 0.579         0.092 / 0.579         0.092 / 0.579       ms
[170.073s][info][gc,stats    ]    Subphase: Concurrent Mark Try Terminate                 2.844 / 13.982        2.903 / 16.835        2.903 / 16.835        2.903 / 16.835      ms
[170.073s][info][gc,stats    ]    Subphase: Concurrent References Enqueue                 0.005 / 0.007         0.006 / 0.008         0.006 / 0.008         0.006 / 0.008       ms
[170.073s][info][gc,stats    ]    Subphase: Concurrent References Process                 0.147 / 0.171         0.174 / 2.199         0.174 / 2.199         0.174 / 2.199       ms
[170.073s][info][gc,stats    ]    Subphase: Concurrent Roots ClassLoaderDataGraph         0.071 / 0.163         0.065 / 0.216         0.065 / 0.216         0.065 / 0.216       ms
[170.073s][info][gc,stats    ]    Subphase: Concurrent Roots CodeCache                    0.000 / 0.000         0.000 / 0.000         0.000 / 0.000         0.000 / 0.000       ms
[170.073s][info][gc,stats    ]    Subphase: Concurrent Roots JavaThreads                  0.205 / 0.428         0.214 / 2.857         0.214 / 2.857         0.214 / 2.857       ms
[170.073s][info][gc,stats    ]    Subphase: Concurrent Roots OopStorageSet                0.014 / 0.022         0.014 / 0.061         0.014 / 0.061         0.014 / 0.061       ms
[170.073s][info][gc,stats    ]    Subphase: Concurrent Weak Roots OopStorageSet           0.930 / 1.048         0.736 / 1.280         0.736 / 1.280         0.736 / 1.280       ms
[170.073s][info][gc,stats    ]    Subphase: Pause Mark Try Complete                       0.000 / 0.000         0.005 / 0.014         0.005 / 0.014         0.005 / 0.014       ms
[170.073s][info][gc,stats    ]      System: Java Threads                                     12 / 12               12 / 13               12 / 13               12 / 13          threads
[170.073s][info][gc,stats    ] =========================================================================================================================================================
[171.344s][info][gc,start    ] GC(80) Garbage Collection (System.gc())
[171.344s][info][gc,task     ] GC(80) Using 2 workers
[171.344s][info][gc,phases   ] GC(80) Pause Mark Start 0.007ms
[171.375s][info][gc,phases   ] GC(80) Concurrent Mark 30.759ms
[171.375s][info][gc,phases   ] GC(80) Pause Mark End 0.025ms
[171.376s][info][gc,phases   ] GC(80) Concurrent Mark Free 0.002ms
[171.398s][info][gc,phases   ] GC(80) Concurrent Process Non-Strong References 22.298ms
[171.398s][info][gc,phases   ] GC(80) Concurrent Reset Relocation Set 0.002ms
[171.399s][info][gc,phases   ] GC(80) Concurrent Select Relocation Set 1.447ms
[171.400s][info][gc,phases   ] GC(80) Pause Relocate Start 0.009ms
[171.401s][info][gc,phases   ] GC(80) Concurrent Relocate 1.095ms
[171.401s][info][gc,load     ] GC(80) Load: 0.00/0.00/0.00
[171.401s][info][gc,mmu      ] GC(80) MMU: 2ms/93.6%, 5ms/97.2%, 10ms/98.6%, 20ms/99.3%, 50ms/99.7%, 100ms/99.9%
[171.401s][info][gc,marking  ] GC(80) Mark: 2 stripe(s), 1 proactive flush(es), 1 terminate flush(es), 0 completion(s), 0 continuation(s) 
[171.401s][info][gc,marking  ] GC(80) Mark Stack Usage: 32M
[171.401s][info][gc,nmethod  ] GC(80) NMethods: 19754 registered, 852 unregistered
[171.401s][info][gc,metaspace] GC(80) Metaspace: 60M used, 60M committed, 1088M reserved
[171.401s][info][gc,ref      ] GC(80) Soft: 894 encountered, 0 discovered, 0 enqueued
[171.401s][info][gc,ref      ] GC(80) Weak: 6102 encountered, 55 discovered, 25 enqueued
[171.401s][info][gc,ref      ] GC(80) Final: 0 encountered, 0 discovered, 0 enqueued
[171.401s][info][gc,ref      ] GC(80) Phantom: 79 encountered, 43 discovered, 0 enqueued
[171.401s][info][gc,reloc    ] GC(80) Small Pages: 161 / 322M, Empty: 254M, Relocated: 1M, In-Place: 0
[171.401s][info][gc,reloc    ] GC(80) Medium Pages: 2 / 64M, Empty: 32M, Relocated: 0M, In-Place: 0
[171.401s][info][gc,reloc    ] GC(80) Large Pages: 0 / 0M, Empty: 0M, Relocated: 0M, In-Place: 0
[171.401s][info][gc,reloc    ] GC(80) Forwarding Usage: 0M
[171.401s][info][gc,heap     ] GC(80) Min Capacity: 1024M(100%)
[171.401s][info][gc,heap     ] GC(80) Max Capacity: 1024M(100%)
[171.401s][info][gc,heap     ] GC(80) Soft Max Capacity: 1024M(100%)
[171.401s][info][gc,heap     ] GC(80)                Mark Start          Mark End        Relocate Start      Relocate End           High               Low         
[171.401s][info][gc,heap     ] GC(80)  Capacity:     1024M (100%)       1024M (100%)       1024M (100%)       1024M (100%)       1024M (100%)       1024M (100%)   
[171.401s][info][gc,heap     ] GC(80)      Free:      638M (62%)         638M (62%)         924M (90%)         960M (94%)         960M (94%)         638M (62%)    
[171.401s][info][gc,heap     ] GC(80)      Used:      386M (38%)         386M (38%)         100M (10%)          64M (6%)          386M (38%)          64M (6%)     
[171.401s][info][gc,heap     ] GC(80)      Live:         -                28M (3%)           28M (3%)           28M (3%)             -                  -          
[171.401s][info][gc,heap     ] GC(80) Allocated:         -                 0M (0%)            0M (0%)            0M (0%)             -                  -          
[171.401s][info][gc,heap     ] GC(80)   Garbage:         -               357M (35%)          71M (7%)           35M (3%)             -                  -          
[171.401s][info][gc,heap     ] GC(80) Reclaimed:         -                  -               286M (28%)         322M (31%)            -                  -          
[171.401s][info][gc          ] GC(80) Garbage Collection (System.gc()) 386M(38%)->64M(6%)
[173.220s][info][gc,start    ] GC(81) Garbage Collection (System.gc())
[173.220s][info][gc,task     ] GC(81) Using 2 workers
[173.220s][info][gc,phases   ] GC(81) Pause Mark Start 0.005ms
[173.243s][info][gc,phases   ] GC(81) Concurrent Mark 22.915ms
[173.243s][info][gc,phases   ] GC(81) Pause Mark End 0.018ms
[173.243s][info][gc,phases   ] GC(81) Concurrent Mark Free 0.002ms
[173.265s][info][gc,phases   ] GC(81) Concurrent Process Non-Strong References 21.786ms
[173.265s][info][gc,phases   ] GC(81) Concurrent Reset Relocation Set 0.002ms
[173.266s][info][gc,phases   ] GC(81) Concurrent Select Relocation Set 1.229ms
[173.266s][info][gc,phases   ] GC(81) Pause Relocate Start 0.010ms
[173.267s][info][gc,phases   ] GC(81) Concurrent Relocate 0.795ms
[173.267s][info][gc,load     ] GC(81) Load: 0.00/0.00/0.00
[173.267s][info][gc,mmu      ] GC(81) MMU: 2ms/93.6%, 5ms/97.2%, 10ms/98.6%, 20ms/99.3%, 50ms/99.7%, 100ms/99.9%
[173.267s][info][gc,marking  ] GC(81) Mark: 2 stripe(s), 2 proactive flush(es), 1 terminate flush(es), 0 completion(s), 0 continuation(s) 
[173.267s][info][gc,marking  ] GC(81) Mark Stack Usage: 32M
[173.267s][info][gc,nmethod  ] GC(81) NMethods: 19790 registered, 864 unregistered
[173.267s][info][gc,metaspace] GC(81) Metaspace: 60M used, 60M committed, 1088M reserved
[173.267s][info][gc,ref      ] GC(81) Soft: 894 encountered, 0 discovered, 0 enqueued
[173.267s][info][gc,ref      ] GC(81) Weak: 6177 encountered, 124 discovered, 70 enqueued
[173.267s][info][gc,ref      ] GC(81) Final: 0 encountered, 0 discovered, 0 enqueued
[173.267s][info][gc,ref      ] GC(81) Phantom: 79 encountered, 45 discovered, 0 enqueued
[173.267s][info][gc,reloc    ] GC(81) Small Pages: 161 / 322M, Empty: 250M, Relocated: 1M, In-Place: 0
[173.267s][info][gc,reloc    ] GC(81) Medium Pages: 2 / 64M, Empty: 32M, Relocated: 0M, In-Place: 0
[173.267s][info][gc,reloc    ] GC(81) Large Pages: 0 / 0M, Empty: 0M, Relocated: 0M, In-Place: 0
[173.267s][info][gc,reloc    ] GC(81) Forwarding Usage: 0M
[173.267s][info][gc,heap     ] GC(81) Min Capacity: 1024M(100%)
[173.267s][info][gc,heap     ] GC(81) Max Capacity: 1024M(100%)
[173.267s][info][gc,heap     ] GC(81) Soft Max Capacity: 1024M(100%)
[173.267s][info][gc,heap     ] GC(81)                Mark Start          Mark End        Relocate Start      Relocate End           High               Low         
[173.267s][info][gc,heap     ] GC(81)  Capacity:     1024M (100%)       1024M (100%)       1024M (100%)       1024M (100%)       1024M (100%)       1024M (100%)   
[173.267s][info][gc,heap     ] GC(81)      Free:      638M (62%)         638M (62%)         920M (90%)         960M (94%)         960M (94%)         638M (62%)    
[173.267s][info][gc,heap     ] GC(81)      Used:      386M (38%)         386M (38%)         104M (10%)          64M (6%)          386M (38%)          64M (6%)     
[173.267s][info][gc,heap     ] GC(81)      Live:         -                28M (3%)           28M (3%)           28M (3%)             -                  -          
[173.267s][info][gc,heap     ] GC(81) Allocated:         -                 0M (0%)            0M (0%)            0M (0%)             -                  -          
[173.267s][info][gc,heap     ] GC(81)   Garbage:         -               357M (35%)          75M (7%)           35M (3%)             -                  -          
[173.267s][info][gc,heap     ] GC(81) Reclaimed:         -                  -               282M (28%)         322M (31%)            -                  -          
[173.267s][info][gc          ] GC(81) Garbage Collection (System.gc()) 386M(38%)->64M(6%)
[175.086s][info][gc,start    ] GC(82) Garbage Collection (System.gc())
[175.086s][info][gc,task     ] GC(82) Using 2 workers
[175.086s][info][gc,phases   ] GC(82) Pause Mark Start 0.007ms
[175.112s][info][gc,phases   ] GC(82) Concurrent Mark 26.002ms
[175.112s][info][gc,phases   ] GC(82) Pause Mark End 0.019ms
[175.112s][info][gc,phases   ] GC(82) Concurrent Mark Free 0.002ms
[175.134s][info][gc,phases   ] GC(82) Concurrent Process Non-Strong References 21.810ms
[175.134s][info][gc,phases   ] GC(82) Concurrent Reset Relocation Set 0.003ms
[175.136s][info][gc,phases   ] GC(82) Concurrent Select Relocation Set 2.041ms
[175.136s][info][gc,phases   ] GC(82) Pause Relocate Start 0.010ms
[175.137s][info][gc,phases   ] GC(82) Concurrent Relocate 0.901ms
[175.137s][info][gc,load     ] GC(82) Load: 0.00/0.00/0.00
[175.137s][info][gc,mmu      ] GC(82) MMU: 2ms/93.6%, 5ms/97.2%, 10ms/98.6%, 20ms/99.3%, 50ms/99.7%, 100ms/99.9%
[175.137s][info][gc,marking  ] GC(82) Mark: 2 stripe(s), 1 proactive flush(es), 1 terminate flush(es), 0 completion(s), 0 continuation(s) 
[175.137s][info][gc,marking  ] GC(82) Mark Stack Usage: 32M
[175.137s][info][gc,nmethod  ] GC(82) NMethods: 19821 registered, 864 unregistered
[175.137s][info][gc,metaspace] GC(82) Metaspace: 60M used, 60M committed, 1088M reserved
[175.137s][info][gc,ref      ] GC(82) Soft: 894 encountered, 0 discovered, 0 enqueued
[175.137s][info][gc,ref      ] GC(82) Weak: 6102 encountered, 47 discovered, 25 enqueued
[175.137s][info][gc,ref      ] GC(82) Final: 0 encountered, 0 discovered, 0 enqueued
[175.137s][info][gc,ref      ] GC(82) Phantom: 79 encountered, 55 discovered, 0 enqueued
[175.137s][info][gc,reloc    ] GC(82) Small Pages: 161 / 322M, Empty: 258M, Relocated: 1M, In-Place: 0
[175.137s][info][gc,reloc    ] GC(82) Medium Pages: 2 / 64M, Empty: 32M, Relocated: 0M, In-Place: 0
[175.137s][info][gc,reloc    ] GC(82) Large Pages: 0 / 0M, Empty: 0M, Relocated: 0M, In-Place: 0
[175.137s][info][gc,reloc    ] GC(82) Forwarding Usage: 0M
[175.137s][info][gc,heap     ] GC(82) Min Capacity: 1024M(100%)
[175.137s][info][gc,heap     ] GC(82) Max Capacity: 1024M(100%)
[175.137s][info][gc,heap     ] GC(82) Soft Max Capacity: 1024M(100%)
[175.137s][info][gc,heap     ] GC(82)                Mark Start          Mark End        Relocate Start      Relocate End           High               Low         
[175.137s][info][gc,heap     ] GC(82)  Capacity:     1024M (100%)       1024M (100%)       1024M (100%)       1024M (100%)       1024M (100%)       1024M (100%)   
[175.137s][info][gc,heap     ] GC(82)      Free:      638M (62%)         638M (62%)         928M (91%)         960M (94%)         960M (94%)         638M (62%)    
[175.137s][info][gc,heap     ] GC(82)      Used:      386M (38%)         386M (38%)          96M (9%)           64M (6%)          386M (38%)          64M (6%)     
[175.137s][info][gc,heap     ] GC(82)      Live:         -                28M (3%)           28M (3%)           28M (3%)             -                  -          
[175.137s][info][gc,heap     ] GC(82) Allocated:         -                 0M (0%)            0M (0%)            0M (0%)             -                  -          
[175.137s][info][gc,heap     ] GC(82)   Garbage:         -               357M (35%)          67M (7%)           35M (3%)             -                  -          
[175.137s][info][gc,heap     ] GC(82) Reclaimed:         -                  -               290M (28%)         322M (31%)            -                  -          
[175.137s][info][gc          ] GC(82) Garbage Collection (System.gc()) 386M(38%)->64M(6%)
[176.949s][info][gc,start    ] GC(83) Garbage Collection (System.gc())
[176.949s][info][gc,task     ] GC(83) Using 2 workers
[176.949s][info][gc,phases   ] GC(83) Pause Mark Start 0.007ms
[176.980s][info][gc,phases   ] GC(83) Concurrent Mark 30.525ms
[176.980s][info][gc,phases   ] GC(83) Pause Mark End 0.024ms
[176.980s][info][gc,phases   ] GC(83) Concurrent Mark Free 0.003ms
[177.002s][info][gc,phases   ] GC(83) Concurrent Process Non-Strong References 21.539ms
[177.002s][info][gc,phases   ] GC(83) Concurrent Reset Relocation Set 0.002ms
[177.003s][info][gc,phases   ] GC(83) Concurrent Select Relocation Set 1.375ms
[177.004s][info][gc,phases   ] GC(83) Pause Relocate Start 0.010ms
[177.005s][info][gc,phases   ] GC(83) Concurrent Relocate 0.800ms
[177.005s][info][gc,load     ] GC(83) Load: 0.00/0.00/0.00
[177.005s][info][gc,mmu      ] GC(83) MMU: 2ms/93.6%, 5ms/97.2%, 10ms/98.6%, 20ms/99.3%, 50ms/99.7%, 100ms/99.9%
[177.005s][info][gc,marking  ] GC(83) Mark: 2 stripe(s), 1 proactive flush(es), 1 terminate flush(es), 0 completion(s), 0 continuation(s) 
[177.005s][info][gc,marking  ] GC(83) Mark Stack Usage: 32M
[177.005s][info][gc,nmethod  ] GC(83) NMethods: 19835 registered, 864 unregistered
[177.005s][info][gc,metaspace] GC(83) Metaspace: 60M used, 60M committed, 1088M reserved
[177.005s][info][gc,ref      ] GC(83) Soft: 894 encountered, 0 discovered, 0 enqueued
[177.005s][info][gc,ref      ] GC(83) Weak: 6177 encountered, 122 discovered, 70 enqueued
[177.005s][info][gc,ref      ] GC(83) Final: 0 encountered, 0 discovered, 0 enqueued
[177.005s][info][gc,ref      ] GC(83) Phantom: 79 encountered, 55 discovered, 0 enqueued
[177.005s][info][gc,reloc    ] GC(83) Small Pages: 161 / 322M, Empty: 254M, Relocated: 1M, In-Place: 0
[177.005s][info][gc,reloc    ] GC(83) Medium Pages: 2 / 64M, Empty: 32M, Relocated: 0M, In-Place: 0
[177.005s][info][gc,reloc    ] GC(83) Large Pages: 0 / 0M, Empty: 0M, Relocated: 0M, In-Place: 0
[177.005s][info][gc,reloc    ] GC(83) Forwarding Usage: 0M
[177.005s][info][gc,heap     ] GC(83) Min Capacity: 1024M(100%)
[177.005s][info][gc,heap     ] GC(83) Max Capacity: 1024M(100%)
[177.005s][info][gc,heap     ] GC(83) Soft Max Capacity: 1024M(100%)
[177.005s][info][gc,heap     ] GC(83)                Mark Start          Mark End        Relocate Start      Relocate End           High               Low         
[177.005s][info][gc,heap     ] GC(83)  Capacity:     1024M (100%)       1024M (100%)       1024M (100%)       1024M (100%)       1024M (100%)       1024M (100%)   
[177.005s][info][gc,heap     ] GC(83)      Free:      638M (62%)         638M (62%)         924M (90%)         960M (94%)         960M (94%)         638M (62%)    
[177.005s][info][gc,heap     ] GC(83)      Used:      386M (38%)         386M (38%)         100M (10%)          64M (6%)          386M (38%)          64M (6%)     
[177.005s][info][gc,heap     ] GC(83)      Live:         -                28M (3%)           28M (3%)           28M (3%)             -                  -          
[177.005s][info][gc,heap     ] GC(83) Allocated:         -                 0M (0%)            0M (0%)            0M (0%)             -                  -          
[177.005s][info][gc,heap     ] GC(83)   Garbage:         -               357M (35%)          71M (7%)           35M (3%)             -                  -          
[177.005s][info][gc,heap     ] GC(83) Reclaimed:         -                  -               286M (28%)         322M (31%)            -                  -          
[177.005s][info][gc          ] GC(83) Garbage Collection (System.gc()) 386M(38%)->64M(6%)
[178.819s][info][gc,start    ] GC(84) Garbage Collection (System.gc())
[178.819s][info][gc,task     ] GC(84) Using 2 workers
[178.819s][info][gc,phases   ] GC(84) Pause Mark Start 0.006ms
[178.848s][info][gc,phases   ] GC(84) Concurrent Mark 29.041ms
[178.848s][info][gc,phases   ] GC(84) Pause Mark End 0.046ms
[178.848s][info][gc,phases   ] GC(84) Concurrent Mark Free 0.002ms
[178.871s][info][gc,phases   ] GC(84) Concurrent Process Non-Strong References 22.985ms
[178.871s][info][gc,phases   ] GC(84) Concurrent Reset Relocation Set 0.002ms
[178.873s][info][gc,phases   ] GC(84) Concurrent Select Relocation Set 1.408ms
[178.873s][info][gc,phases   ] GC(84) Pause Relocate Start 0.008ms
[178.874s][info][gc,phases   ] GC(84) Concurrent Relocate 0.791ms
[178.874s][info][gc,load     ] GC(84) Load: 0.00/0.00/0.00
[178.874s][info][gc,mmu      ] GC(84) MMU: 2ms/93.6%, 5ms/97.2%, 10ms/98.6%, 20ms/99.3%, 50ms/99.7%, 100ms/99.9%
[178.874s][info][gc,marking  ] GC(84) Mark: 2 stripe(s), 1 proactive flush(es), 1 terminate flush(es), 0 completion(s), 0 continuation(s) 
[178.874s][info][gc,marking  ] GC(84) Mark Stack Usage: 32M
[178.874s][info][gc,nmethod  ] GC(84) NMethods: 19859 registered, 864 unregistered
[178.874s][info][gc,metaspace] GC(84) Metaspace: 60M used, 60M committed, 1088M reserved
[178.874s][info][gc,ref      ] GC(84) Soft: 894 encountered, 0 discovered, 0 enqueued
[178.874s][info][gc,ref      ] GC(84) Weak: 6102 encountered, 58 discovered, 25 enqueued
[178.874s][info][gc,ref      ] GC(84) Final: 0 encountered, 0 discovered, 0 enqueued
[178.874s][info][gc,ref      ] GC(84) Phantom: 79 encountered, 56 discovered, 0 enqueued
[178.874s][info][gc,reloc    ] GC(84) Small Pages: 161 / 322M, Empty: 248M, Relocated: 1M, In-Place: 0
[178.874s][info][gc,reloc    ] GC(84) Medium Pages: 2 / 64M, Empty: 32M, Relocated: 0M, In-Place: 0
[178.874s][info][gc,reloc    ] GC(84) Large Pages: 0 / 0M, Empty: 0M, Relocated: 0M, In-Place: 0
[178.874s][info][gc,reloc    ] GC(84) Forwarding Usage: 0M
[178.874s][info][gc,heap     ] GC(84) Min Capacity: 1024M(100%)
[178.874s][info][gc,heap     ] GC(84) Max Capacity: 1024M(100%)
[178.874s][info][gc,heap     ] GC(84) Soft Max Capacity: 1024M(100%)
[178.874s][info][gc,heap     ] GC(84)                Mark Start          Mark End        Relocate Start      Relocate End           High               Low         
[178.874s][info][gc,heap     ] GC(84)  Capacity:     1024M (100%)       1024M (100%)       1024M (100%)       1024M (100%)       1024M (100%)       1024M (100%)   
[178.874s][info][gc,heap     ] GC(84)      Free:      638M (62%)         638M (62%)         918M (90%)         960M (94%)         960M (94%)         638M (62%)    
[178.874s][info][gc,heap     ] GC(84)      Used:      386M (38%)         386M (38%)         106M (10%)          64M (6%)          386M (38%)          64M (6%)     
[178.874s][info][gc,heap     ] GC(84)      Live:         -                28M (3%)           28M (3%)           28M (3%)             -                  -          
[178.874s][info][gc,heap     ] GC(84) Allocated:         -                 0M (0%)            0M (0%)            0M (0%)             -                  -          
[178.874s][info][gc,heap     ] GC(84)   Garbage:         -               357M (35%)          77M (8%)           35M (3%)             -                  -          
[178.874s][info][gc,heap     ] GC(84) Reclaimed:         -                  -               280M (27%)         322M (31%)            -                  -          
[178.874s][info][gc          ] GC(84) Garbage Collection (System.gc()) 386M(38%)->64M(6%)
[180.073s][info][gc,stats    ] === Garbage Collection Statistics =======================================================================================================================
[180.073s][info][gc,stats    ]                                                              Last 10s              Last 10m              Last 10h                Total
[180.073s][info][gc,stats    ]                                                              Avg / Max             Avg / Max             Avg / Max             Avg / Max
[180.073s][info][gc,stats    ]   Collector: Garbage Collection Cycle                     53.200 / 56.592       53.016 / 170.238      53.016 / 170.238      53.016 / 170.238     ms
[180.073s][info][gc,stats    ]  Contention: Mark Segment Reset Contention                     0 / 1                 0 / 2                 0 / 2                 0 / 2           ops/s
[180.073s][info][gc,stats    ]  Contention: Mark SeqNum Reset Contention                      0 / 1                 0 / 1                 0 / 1                 0 / 1           ops/s
[180.073s][info][gc,stats    ]    Critical: Allocation Stall                                  0 / 0                 0 / 0                 0 / 0                 0 / 0           ops/s
[180.073s][info][gc,stats    ]    Critical: Allocation Stall                              0.000 / 0.000         0.000 / 0.000         0.000 / 0.000         0.000 / 0.000       ms
[180.073s][info][gc,stats    ]    Critical: GC Locker Stall                                   0 / 0                 0 / 0                 0 / 0                 0 / 0           ops/s
[180.073s][info][gc,stats    ]    Critical: GC Locker Stall                               0.000 / 0.000         0.000 / 0.000         0.000 / 0.000         0.000 / 0.000       ms
[180.073s][info][gc,stats    ]    Critical: Relocation Stall                                  0 / 0                 0 / 0                 0 / 0                 0 / 0           ops/s
[180.073s][info][gc,stats    ]    Critical: Relocation Stall                              0.000 / 0.000         0.000 / 0.000         0.000 / 0.000         0.000 / 0.000       ms
[180.073s][info][gc,stats    ]      Memory: Allocation Rate                                 171 / 322             148 / 324             148 / 324             148 / 324         MB/s
[180.073s][info][gc,stats    ]      Memory: Out Of Memory                                     0 / 0                 0 / 0                 0 / 0                 0 / 0           ops/s
[180.073s][info][gc,stats    ]      Memory: Page Cache Flush                                  0 / 0                 0 / 0                 0 / 0                 0 / 0           MB/s
[180.073s][info][gc,stats    ]      Memory: Page Cache Hit L1                                79 / 148              67 / 149              67 / 149              67 / 149         ops/s
[180.073s][info][gc,stats    ]      Memory: Page Cache Hit L2                                 0 / 0                 0 / 0                 0 / 0                 0 / 0           ops/s
[180.073s][info][gc,stats    ]      Memory: Page Cache Hit L3                                 0 / 0                 1 / 28                1 / 28                1 / 28          ops/s
[180.073s][info][gc,stats    ]      Memory: Page Cache Miss                                   0 / 0                 0 / 1                 0 / 1                 0 / 1           ops/s
[180.073s][info][gc,stats    ]      Memory: Uncommit                                          0 / 0                 0 / 0                 0 / 0                 0 / 0           MB/s
[180.073s][info][gc,stats    ]      Memory: Undo Object Allocation Failed                     0 / 0                 0 / 0                 0 / 0                 0 / 0           ops/s
[180.073s][info][gc,stats    ]      Memory: Undo Object Allocation Succeeded                  0 / 0                 0 / 1                 0 / 1                 0 / 1           ops/s
[180.073s][info][gc,stats    ]      Memory: Undo Page Allocation                              0 / 0                 0 / 0                 0 / 0                 0 / 0           ops/s
[180.073s][info][gc,stats    ]       Phase: Concurrent Mark                              27.849 / 30.759       28.774 / 125.180      28.774 / 125.180      28.774 / 125.180     ms
[180.073s][info][gc,stats    ]       Phase: Concurrent Mark Continue                      0.000 / 0.000         0.000 / 0.000         0.000 / 0.000         0.000 / 0.000       ms
[180.073s][info][gc,stats    ]       Phase: Concurrent Mark Free                          0.002 / 0.003         0.002 / 0.004         0.002 / 0.004         0.002 / 0.004       ms
[180.073s][info][gc,stats    ]       Phase: Concurrent Process Non-Strong References     22.083 / 22.985       20.241 / 23.215       20.241 / 23.215       20.241 / 23.215      ms
[180.073s][info][gc,stats    ]       Phase: Concurrent Relocate                           0.876 / 1.095         1.621 / 22.669        1.621 / 22.669        1.621 / 22.669      ms
[180.073s][info][gc,stats    ]       Phase: Concurrent Reset Relocation Set               0.002 / 0.003         0.002 / 0.011         0.002 / 0.011         0.002 / 0.011       ms
[180.073s][info][gc,stats    ]       Phase: Concurrent Select Relocation Set              1.500 / 2.041         1.549 / 5.967         1.549 / 5.967         1.549 / 5.967       ms
[180.073s][info][gc,stats    ]       Phase: Pause Mark End                                0.026 / 0.046         0.023 / 0.129         0.023 / 0.129         0.023 / 0.129       ms
[180.073s][info][gc,stats    ]       Phase: Pause Mark Start                              0.006 / 0.007         0.006 / 0.013         0.006 / 0.013         0.006 / 0.013       ms
[180.073s][info][gc,stats    ]       Phase: Pause Relocate Start                          0.009 / 0.010         0.009 / 0.020         0.009 / 0.020         0.009 / 0.020       ms
[180.073s][info][gc,stats    ]    Subphase: Concurrent Classes Purge                      0.566 / 0.575         0.534 / 0.669         0.534 / 0.669         0.534 / 0.669       ms
[180.073s][info][gc,stats    ]    Subphase: Concurrent Classes Unlink                    20.357 / 21.166       18.574 / 21.466       18.574 / 21.466       18.574 / 21.466      ms
[180.073s][info][gc,stats    ]    Subphase: Concurrent Mark                              23.073 / 30.359       24.345 / 123.683      24.345 / 123.683      24.345 / 123.683     ms
[180.073s][info][gc,stats    ]    Subphase: Concurrent Mark Try Flush                     0.079 / 0.132         0.092 / 0.579         0.092 / 0.579         0.092 / 0.579       ms
[180.073s][info][gc,stats    ]    Subphase: Concurrent Mark Try Terminate                 3.219 / 12.040        2.922 / 16.835        2.922 / 16.835        2.922 / 16.835      ms
[180.074s][info][gc,stats    ]    Subphase: Concurrent References Enqueue                 0.007 / 0.008         0.006 / 0.008         0.006 / 0.008         0.006 / 0.008       ms
[180.074s][info][gc,stats    ]    Subphase: Concurrent References Process                 0.143 / 0.155         0.172 / 2.199         0.172 / 2.199         0.172 / 2.199       ms
[180.074s][info][gc,stats    ]    Subphase: Concurrent Roots ClassLoaderDataGraph         0.058 / 0.104         0.065 / 0.216         0.065 / 0.216         0.065 / 0.216       ms
[180.074s][info][gc,stats    ]    Subphase: Concurrent Roots CodeCache                    0.000 / 0.000         0.000 / 0.000         0.000 / 0.000         0.000 / 0.000       ms
[180.074s][info][gc,stats    ]    Subphase: Concurrent Roots JavaThreads                  0.146 / 0.212         0.210 / 2.857         0.210 / 2.857         0.210 / 2.857       ms
[180.074s][info][gc,stats    ]    Subphase: Concurrent Roots OopStorageSet                0.012 / 0.017         0.014 / 0.061         0.014 / 0.061         0.014 / 0.061       ms
[180.074s][info][gc,stats    ]    Subphase: Concurrent Weak Roots OopStorageSet           0.825 / 0.900         0.741 / 1.280         0.741 / 1.280         0.741 / 1.280       ms
[180.074s][info][gc,stats    ]    Subphase: Pause Mark Try Complete                       0.000 / 0.000         0.005 / 0.014         0.005 / 0.014         0.005 / 0.014       ms
[180.074s][info][gc,stats    ]      System: Java Threads                                     12 / 12               12 / 13               12 / 13               12 / 13          threads
[180.074s][info][gc,stats    ] =========================================================================================================================================================
[180.683s][info][gc,start    ] GC(85) Garbage Collection (System.gc())
[180.683s][info][gc,task     ] GC(85) Using 2 workers
[180.683s][info][gc,phases   ] GC(85) Pause Mark Start 0.004ms
[180.716s][info][gc,phases   ] GC(85) Concurrent Mark 32.983ms
[180.716s][info][gc,phases   ] GC(85) Pause Mark End 0.026ms
[180.716s][info][gc,phases   ] GC(85) Concurrent Mark Free 0.002ms
[180.739s][info][gc,phases   ] GC(85) Concurrent Process Non-Strong References 23.206ms
[180.739s][info][gc,phases   ] GC(85) Concurrent Reset Relocation Set 0.002ms
[180.741s][info][gc,phases   ] GC(85) Concurrent Select Relocation Set 1.285ms
[180.741s][info][gc,phases   ] GC(85) Pause Relocate Start 0.010ms
[180.742s][info][gc,phases   ] GC(85) Concurrent Relocate 0.800ms
[180.742s][info][gc,load     ] GC(85) Load: 0.00/0.00/0.00
[180.742s][info][gc,mmu      ] GC(85) MMU: 2ms/93.6%, 5ms/97.2%, 10ms/98.6%, 20ms/99.3%, 50ms/99.7%, 100ms/99.9%
[180.742s][info][gc,marking  ] GC(85) Mark: 2 stripe(s), 1 proactive flush(es), 1 terminate flush(es), 0 completion(s), 0 continuation(s) 
[180.742s][info][gc,marking  ] GC(85) Mark Stack Usage: 32M
[180.742s][info][gc,nmethod  ] GC(85) NMethods: 19865 registered, 864 unregistered
[180.742s][info][gc,metaspace] GC(85) Metaspace: 60M used, 60M committed, 1088M reserved
[180.742s][info][gc,ref      ] GC(85) Soft: 894 encountered, 0 discovered, 0 enqueued
[180.742s][info][gc,ref      ] GC(85) Weak: 6177 encountered, 111 discovered, 70 enqueued
[180.742s][info][gc,ref      ] GC(85) Final: 0 encountered, 0 discovered, 0 enqueued
[180.742s][info][gc,ref      ] GC(85) Phantom: 79 encountered, 54 discovered, 0 enqueued
[180.742s][info][gc,reloc    ] GC(85) Small Pages: 161 / 322M, Empty: 256M, Relocated: 1M, In-Place: 0
[180.742s][info][gc,reloc    ] GC(85) Medium Pages: 2 / 64M, Empty: 32M, Relocated: 0M, In-Place: 0
[180.742s][info][gc,reloc    ] GC(85) Large Pages: 0 / 0M, Empty: 0M, Relocated: 0M, In-Place: 0
[180.742s][info][gc,reloc    ] GC(85) Forwarding Usage: 0M
[180.742s][info][gc,heap     ] GC(85) Min Capacity: 1024M(100%)
[180.742s][info][gc,heap     ] GC(85) Max Capacity: 1024M(100%)
[180.742s][info][gc,heap     ] GC(85) Soft Max Capacity: 1024M(100%)
[180.742s][info][gc,heap     ] GC(85)                Mark Start          Mark End        Relocate Start      Relocate End           High               Low         
[180.742s][info][gc,heap     ] GC(85)  Capacity:     1024M (100%)       1024M (100%)       1024M (100%)       1024M (100%)       1024M (100%)       1024M (100%)   
[180.742s][info][gc,heap     ] GC(85)      Free:      638M (62%)         638M (62%)         926M (90%)         960M (94%)         960M (94%)         638M (62%)    
[180.742s][info][gc,heap     ] GC(85)      Used:      386M (38%)         386M (38%)          98M (10%)          64M (6%)          386M (38%)          64M (6%)     
[180.742s][info][gc,heap     ] GC(85)      Live:         -                28M (3%)           28M (3%)           28M (3%)             -                  -          
[180.742s][info][gc,heap     ] GC(85) Allocated:         -                 0M (0%)            0M (0%)            0M (0%)             -                  -          
[180.742s][info][gc,heap     ] GC(85)   Garbage:         -               357M (35%)          69M (7%)           35M (3%)             -                  -          
[180.742s][info][gc,heap     ] GC(85) Reclaimed:         -                  -               288M (28%)         322M (31%)            -                  -          
[180.742s][info][gc          ] GC(85) Garbage Collection (System.gc()) 386M(38%)->64M(6%)
[182.544s][info][gc,start    ] GC(86) Garbage Collection (System.gc())
[182.544s][info][gc,task     ] GC(86) Using 2 workers
[182.544s][info][gc,phases   ] GC(86) Pause Mark Start 0.007ms
[182.568s][info][gc,phases   ] GC(86) Concurrent Mark 23.740ms
[182.568s][info][gc,phases   ] GC(86) Pause Mark End 0.015ms
[182.568s][info][gc,phases   ] GC(86) Concurrent Mark Free 0.002ms
[182.592s][info][gc,phases   ] GC(86) Concurrent Process Non-Strong References 23.209ms
[182.592s][info][gc,phases   ] GC(86) Concurrent Reset Relocation Set 0.002ms
[182.594s][info][gc,phases   ] GC(86) Concurrent Select Relocation Set 1.801ms
[182.594s][info][gc,phases   ] GC(86) Pause Relocate Start 0.010ms
[182.595s][info][gc,phases   ] GC(86) Concurrent Relocate 1.013ms
[182.595s][info][gc,load     ] GC(86) Load: 0.00/0.00/0.00
[182.595s][info][gc,mmu      ] GC(86) MMU: 2ms/93.6%, 5ms/97.2%, 10ms/98.6%, 20ms/99.3%, 50ms/99.7%, 100ms/99.9%
[182.595s][info][gc,marking  ] GC(86) Mark: 2 stripe(s), 1 proactive flush(es), 1 terminate flush(es), 0 completion(s), 0 continuation(s) 
[182.595s][info][gc,marking  ] GC(86) Mark Stack Usage: 32M
[182.595s][info][gc,nmethod  ] GC(86) NMethods: 19886 registered, 864 unregistered
[182.595s][info][gc,metaspace] GC(86) Metaspace: 60M used, 60M committed, 1088M reserved
[182.595s][info][gc,ref      ] GC(86) Soft: 894 encountered, 0 discovered, 0 enqueued
[182.595s][info][gc,ref      ] GC(86) Weak: 6102 encountered, 58 discovered, 25 enqueued
[182.595s][info][gc,ref      ] GC(86) Final: 0 encountered, 0 discovered, 0 enqueued
[182.595s][info][gc,ref      ] GC(86) Phantom: 79 encountered, 56 discovered, 0 enqueued
[182.595s][info][gc,reloc    ] GC(86) Small Pages: 161 / 322M, Empty: 256M, Relocated: 1M, In-Place: 0
[182.595s][info][gc,reloc    ] GC(86) Medium Pages: 2 / 64M, Empty: 32M, Relocated: 0M, In-Place: 0
[182.595s][info][gc,reloc    ] GC(86) Large Pages: 0 / 0M, Empty: 0M, Relocated: 0M, In-Place: 0
[182.595s][info][gc,reloc    ] GC(86) Forwarding Usage: 0M
[182.595s][info][gc,heap     ] GC(86) Min Capacity: 1024M(100%)
[182.595s][info][gc,heap     ] GC(86) Max Capacity: 1024M(100%)
[182.595s][info][gc,heap     ] GC(86) Soft Max Capacity: 1024M(100%)
[182.595s][info][gc,heap     ] GC(86)                Mark Start          Mark End        Relocate Start      Relocate End           High               Low         
[182.595s][info][gc,heap     ] GC(86)  Capacity:     1024M (100%)       1024M (100%)       1024M (100%)       1024M (100%)       1024M (100%)       1024M (100%)   
[182.595s][info][gc,heap     ] GC(86)      Free:      638M (62%)         638M (62%)         926M (90%)         960M (94%)         960M (94%)         638M (62%)    
[182.595s][info][gc,heap     ] GC(86)      Used:      386M (38%)         386M (38%)          98M (10%)          64M (6%)          386M (38%)          64M (6%)     
[182.595s][info][gc,heap     ] GC(86)      Live:         -                28M (3%)           28M (3%)           28M (3%)             -                  -          
[182.595s][info][gc,heap     ] GC(86) Allocated:         -                 0M (0%)            0M (0%)            0M (0%)             -                  -          
[182.595s][info][gc,heap     ] GC(86)   Garbage:         -               357M (35%)          69M (7%)           35M (3%)             -                  -          
[182.595s][info][gc,heap     ] GC(86) Reclaimed:         -                  -               288M (28%)         322M (31%)            -                  -          
[182.595s][info][gc          ] GC(86) Garbage Collection (System.gc()) 386M(38%)->64M(6%)
[184.412s][info][gc,start    ] GC(87) Garbage Collection (System.gc())
[184.412s][info][gc,task     ] GC(87) Using 2 workers
[184.412s][info][gc,phases   ] GC(87) Pause Mark Start 0.005ms
[184.437s][info][gc,phases   ] GC(87) Concurrent Mark 24.551ms
[184.437s][info][gc,phases   ] GC(87) Pause Mark End 0.015ms
[184.437s][info][gc,phases   ] GC(87) Concurrent Mark Free 0.002ms
[184.459s][info][gc,phases   ] GC(87) Concurrent Process Non-Strong References 21.699ms
[184.459s][info][gc,phases   ] GC(87) Concurrent Reset Relocation Set 0.002ms
[184.460s][info][gc,phases   ] GC(87) Concurrent Select Relocation Set 1.179ms
[184.460s][info][gc,phases   ] GC(87) Pause Relocate Start 0.010ms
[184.461s][info][gc,phases   ] GC(87) Concurrent Relocate 0.790ms
[184.461s][info][gc,load     ] GC(87) Load: 0.00/0.00/0.00
[184.461s][info][gc,mmu      ] GC(87) MMU: 2ms/93.6%, 5ms/97.2%, 10ms/98.6%, 20ms/99.3%, 50ms/99.7%, 100ms/99.9%
[184.461s][info][gc,marking  ] GC(87) Mark: 2 stripe(s), 1 proactive flush(es), 1 terminate flush(es), 0 completion(s), 0 continuation(s) 
[184.461s][info][gc,marking  ] GC(87) Mark Stack Usage: 32M
[184.461s][info][gc,nmethod  ] GC(87) NMethods: 19902 registered, 864 unregistered
[184.461s][info][gc,metaspace] GC(87) Metaspace: 60M used, 60M committed, 1088M reserved
[184.461s][info][gc,ref      ] GC(87) Soft: 894 encountered, 0 discovered, 0 enqueued
[184.461s][info][gc,ref      ] GC(87) Weak: 6177 encountered, 127 discovered, 70 enqueued
[184.461s][info][gc,ref      ] GC(87) Final: 0 encountered, 0 discovered, 0 enqueued
[184.461s][info][gc,ref      ] GC(87) Phantom: 79 encountered, 57 discovered, 0 enqueued
[184.461s][info][gc,reloc    ] GC(87) Small Pages: 161 / 322M, Empty: 256M, Relocated: 1M, In-Place: 0
[184.461s][info][gc,reloc    ] GC(87) Medium Pages: 2 / 64M, Empty: 32M, Relocated: 0M, In-Place: 0
[184.461s][info][gc,reloc    ] GC(87) Large Pages: 0 / 0M, Empty: 0M, Relocated: 0M, In-Place: 0
[184.461s][info][gc,reloc    ] GC(87) Forwarding Usage: 0M
[184.461s][info][gc,heap     ] GC(87) Min Capacity: 1024M(100%)
[184.461s][info][gc,heap     ] GC(87) Max Capacity: 1024M(100%)
[184.461s][info][gc,heap     ] GC(87) Soft Max Capacity: 1024M(100%)
[184.461s][info][gc,heap     ] GC(87)                Mark Start          Mark End        Relocate Start      Relocate End           High               Low         
[184.461s][info][gc,heap     ] GC(87)  Capacity:     1024M (100%)       1024M (100%)       1024M (100%)       1024M (100%)       1024M (100%)       1024M (100%)   
[184.461s][info][gc,heap     ] GC(87)      Free:      638M (62%)         638M (62%)         926M (90%)         960M (94%)         960M (94%)         638M (62%)    
[184.461s][info][gc,heap     ] GC(87)      Used:      386M (38%)         386M (38%)          98M (10%)          64M (6%)          386M (38%)          64M (6%)     
[184.461s][info][gc,heap     ] GC(87)      Live:         -                28M (3%)           28M (3%)           28M (3%)             -                  -          
[184.461s][info][gc,heap     ] GC(87) Allocated:         -                 0M (0%)            0M (0%)            0M (0%)             -                  -          
[184.461s][info][gc,heap     ] GC(87)   Garbage:         -               357M (35%)          69M (7%)           35M (3%)             -                  -          
[184.461s][info][gc,heap     ] GC(87) Reclaimed:         -                  -               288M (28%)         322M (31%)            -                  -          
[184.461s][info][gc          ] GC(87) Garbage Collection (System.gc()) 386M(38%)->64M(6%)
[186.275s][info][gc,start    ] GC(88) Garbage Collection (System.gc())
[186.275s][info][gc,task     ] GC(88) Using 2 workers
[186.275s][info][gc,phases   ] GC(88) Pause Mark Start 0.005ms
[186.307s][info][gc,phases   ] GC(88) Concurrent Mark 32.660ms
[186.308s][info][gc,phases   ] GC(88) Pause Mark End 0.024ms
[186.308s][info][gc,phases   ] GC(88) Concurrent Mark Free 0.002ms
[186.330s][info][gc,phases   ] GC(88) Concurrent Process Non-Strong References 22.615ms
[186.330s][info][gc,phases   ] GC(88) Concurrent Reset Relocation Set 0.002ms
[186.332s][info][gc,phases   ] GC(88) Concurrent Select Relocation Set 1.228ms
[186.332s][info][gc,phases   ] GC(88) Pause Relocate Start 0.010ms
[186.333s][info][gc,phases   ] GC(88) Concurrent Relocate 0.815ms
[186.333s][info][gc,load     ] GC(88) Load: 0.00/0.00/0.00
[186.333s][info][gc,mmu      ] GC(88) MMU: 2ms/93.6%, 5ms/97.2%, 10ms/98.6%, 20ms/99.3%, 50ms/99.7%, 100ms/99.9%
[186.333s][info][gc,marking  ] GC(88) Mark: 2 stripe(s), 1 proactive flush(es), 1 terminate flush(es), 0 completion(s), 0 continuation(s) 
[186.333s][info][gc,marking  ] GC(88) Mark Stack Usage: 32M
[186.333s][info][gc,nmethod  ] GC(88) NMethods: 19920 registered, 864 unregistered
[186.333s][info][gc,metaspace] GC(88) Metaspace: 60M used, 60M committed, 1088M reserved
[186.333s][info][gc,ref      ] GC(88) Soft: 894 encountered, 0 discovered, 0 enqueued
[186.333s][info][gc,ref      ] GC(88) Weak: 6102 encountered, 58 discovered, 25 enqueued
[186.333s][info][gc,ref      ] GC(88) Final: 0 encountered, 0 discovered, 0 enqueued
[186.333s][info][gc,ref      ] GC(88) Phantom: 79 encountered, 53 discovered, 0 enqueued
[186.333s][info][gc,reloc    ] GC(88) Small Pages: 161 / 322M, Empty: 256M, Relocated: 1M, In-Place: 0
[186.333s][info][gc,reloc    ] GC(88) Medium Pages: 2 / 64M, Empty: 32M, Relocated: 0M, In-Place: 0
[186.333s][info][gc,reloc    ] GC(88) Large Pages: 0 / 0M, Empty: 0M, Relocated: 0M, In-Place: 0
[186.333s][info][gc,reloc    ] GC(88) Forwarding Usage: 0M
[186.333s][info][gc,heap     ] GC(88) Min Capacity: 1024M(100%)
[186.333s][info][gc,heap     ] GC(88) Max Capacity: 1024M(100%)
[186.333s][info][gc,heap     ] GC(88) Soft Max Capacity: 1024M(100%)
[186.333s][info][gc,heap     ] GC(88)                Mark Start          Mark End        Relocate Start      Relocate End           High               Low         
[186.333s][info][gc,heap     ] GC(88)  Capacity:     1024M (100%)       1024M (100%)       1024M (100%)       1024M (100%)       1024M (100%)       1024M (100%)   
[186.333s][info][gc,heap     ] GC(88)      Free:      638M (62%)         638M (62%)         926M (90%)         960M (94%)         960M (94%)         638M (62%)    
[186.333s][info][gc,heap     ] GC(88)      Used:      386M (38%)         386M (38%)          98M (10%)          64M (6%)          386M (38%)          64M (6%)     
[186.333s][info][gc,heap     ] GC(88)      Live:         -                28M (3%)           28M (3%)           28M (3%)             -                  -          
[186.333s][info][gc,heap     ] GC(88) Allocated:         -                 0M (0%)            0M (0%)            0M (0%)             -                  -          
[186.333s][info][gc,heap     ] GC(88)   Garbage:         -               357M (35%)          69M (7%)           35M (3%)             -                  -          
[186.333s][info][gc,heap     ] GC(88) Reclaimed:         -                  -               288M (28%)         322M (31%)            -                  -          
[186.333s][info][gc          ] GC(88) Garbage Collection (System.gc()) 386M(38%)->64M(6%)
[188.131s][info][gc,start    ] GC(89) Garbage Collection (System.gc())
[188.131s][info][gc,task     ] GC(89) Using 2 workers
[188.131s][info][gc,phases   ] GC(89) Pause Mark Start 0.008ms
[188.160s][info][gc,phases   ] GC(89) Concurrent Mark 29.286ms
[188.161s][info][gc,phases   ] GC(89) Pause Mark End 0.023ms
[188.161s][info][gc,phases   ] GC(89) Concurrent Mark Free 0.003ms
[188.183s][info][gc,phases   ] GC(89) Concurrent Process Non-Strong References 21.896ms
[188.183s][info][gc,phases   ] GC(89) Concurrent Reset Relocation Set 0.002ms
[188.184s][info][gc,phases   ] GC(89) Concurrent Select Relocation Set 1.279ms
[188.184s][info][gc,phases   ] GC(89) Pause Relocate Start 0.010ms
[188.185s][info][gc,phases   ] GC(89) Concurrent Relocate 1.022ms
[188.185s][info][gc,load     ] GC(89) Load: 0.00/0.00/0.00
[188.185s][info][gc,mmu      ] GC(89) MMU: 2ms/93.6%, 5ms/97.2%, 10ms/98.6%, 20ms/99.3%, 50ms/99.7%, 100ms/99.9%
[188.185s][info][gc,marking  ] GC(89) Mark: 2 stripe(s), 1 proactive flush(es), 1 terminate flush(es), 0 completion(s), 0 continuation(s) 
[188.185s][info][gc,marking  ] GC(89) Mark Stack Usage: 32M
[188.185s][info][gc,nmethod  ] GC(89) NMethods: 19934 registered, 864 unregistered
[188.185s][info][gc,metaspace] GC(89) Metaspace: 60M used, 60M committed, 1088M reserved
[188.185s][info][gc,ref      ] GC(89) Soft: 894 encountered, 0 discovered, 0 enqueued
[188.185s][info][gc,ref      ] GC(89) Weak: 6177 encountered, 95 discovered, 70 enqueued
[188.185s][info][gc,ref      ] GC(89) Final: 0 encountered, 0 discovered, 0 enqueued
[188.185s][info][gc,ref      ] GC(89) Phantom: 79 encountered, 48 discovered, 0 enqueued
[188.185s][info][gc,reloc    ] GC(89) Small Pages: 161 / 322M, Empty: 252M, Relocated: 1M, In-Place: 0
[188.185s][info][gc,reloc    ] GC(89) Medium Pages: 2 / 64M, Empty: 32M, Relocated: 0M, In-Place: 0
[188.185s][info][gc,reloc    ] GC(89) Large Pages: 0 / 0M, Empty: 0M, Relocated: 0M, In-Place: 0
[188.185s][info][gc,reloc    ] GC(89) Forwarding Usage: 0M
[188.185s][info][gc,heap     ] GC(89) Min Capacity: 1024M(100%)
[188.185s][info][gc,heap     ] GC(89) Max Capacity: 1024M(100%)
[188.185s][info][gc,heap     ] GC(89) Soft Max Capacity: 1024M(100%)
[188.186s][info][gc,heap     ] GC(89)                Mark Start          Mark End        Relocate Start      Relocate End           High               Low         
[188.186s][info][gc,heap     ] GC(89)  Capacity:     1024M (100%)       1024M (100%)       1024M (100%)       1024M (100%)       1024M (100%)       1024M (100%)   
[188.186s][info][gc,heap     ] GC(89)      Free:      638M (62%)         638M (62%)         922M (90%)         960M (94%)         960M (94%)         638M (62%)    
[188.186s][info][gc,heap     ] GC(89)      Used:      386M (38%)         386M (38%)         102M (10%)          64M (6%)          386M (38%)          64M (6%)     
[188.186s][info][gc,heap     ] GC(89)      Live:         -                28M (3%)           28M (3%)           28M (3%)             -                  -          
[188.186s][info][gc,heap     ] GC(89) Allocated:         -                 0M (0%)            0M (0%)            0M (0%)             -                  -          
[188.186s][info][gc,heap     ] GC(89)   Garbage:         -               357M (35%)          73M (7%)           35M (3%)             -                  -          
[188.186s][info][gc,heap     ] GC(89) Reclaimed:         -                  -               284M (28%)         322M (31%)            -                  -          
[188.186s][info][gc          ] GC(89) Garbage Collection (System.gc()) 386M(38%)->64M(6%)
[190.004s][info][gc,start    ] GC(90) Garbage Collection (System.gc())
[190.004s][info][gc,task     ] GC(90) Using 2 workers
[190.004s][info][gc,phases   ] GC(90) Pause Mark Start 0.005ms
[190.029s][info][gc,phases   ] GC(90) Concurrent Mark 25.299ms
[190.029s][info][gc,phases   ] GC(90) Pause Mark End 0.017ms
[190.029s][info][gc,phases   ] GC(90) Concurrent Mark Free 0.002ms
[190.052s][info][gc,phases   ] GC(90) Concurrent Process Non-Strong References 23.125ms
[190.053s][info][gc,phases   ] GC(90) Concurrent Reset Relocation Set 0.002ms
[190.054s][info][gc,phases   ] GC(90) Concurrent Select Relocation Set 1.267ms
[190.054s][info][gc,phases   ] GC(90) Pause Relocate Start 0.010ms
[190.055s][info][gc,phases   ] GC(90) Concurrent Relocate 1.095ms
[190.055s][info][gc,load     ] GC(90) Load: 0.00/0.00/0.00
[190.055s][info][gc,mmu      ] GC(90) MMU: 2ms/93.6%, 5ms/97.2%, 10ms/98.6%, 20ms/99.3%, 50ms/99.7%, 100ms/99.9%
[190.055s][info][gc,marking  ] GC(90) Mark: 2 stripe(s), 1 proactive flush(es), 1 terminate flush(es), 0 completion(s), 0 continuation(s) 
[190.055s][info][gc,marking  ] GC(90) Mark Stack Usage: 32M
[190.055s][info][gc,nmethod  ] GC(90) NMethods: 20077 registered, 864 unregistered
[190.055s][info][gc,metaspace] GC(90) Metaspace: 60M used, 60M committed, 1088M reserved
[190.055s][info][gc,ref      ] GC(90) Soft: 894 encountered, 0 discovered, 0 enqueued
[190.055s][info][gc,ref      ] GC(90) Weak: 6102 encountered, 45 discovered, 25 enqueued
[190.055s][info][gc,ref      ] GC(90) Final: 0 encountered, 0 discovered, 0 enqueued
[190.055s][info][gc,ref      ] GC(90) Phantom: 79 encountered, 41 discovered, 0 enqueued
[190.055s][info][gc,reloc    ] GC(90) Small Pages: 161 / 322M, Empty: 252M, Relocated: 1M, In-Place: 0
[190.055s][info][gc,reloc    ] GC(90) Medium Pages: 2 / 64M, Empty: 32M, Relocated: 0M, In-Place: 0
[190.055s][info][gc,reloc    ] GC(90) Large Pages: 0 / 0M, Empty: 0M, Relocated: 0M, In-Place: 0
[190.055s][info][gc,reloc    ] GC(90) Forwarding Usage: 0M
[190.055s][info][gc,heap     ] GC(90) Min Capacity: 1024M(100%)
[190.055s][info][gc,heap     ] GC(90) Max Capacity: 1024M(100%)
[190.055s][info][gc,heap     ] GC(90) Soft Max Capacity: 1024M(100%)
[190.055s][info][gc,heap     ] GC(90)                Mark Start          Mark End        Relocate Start      Relocate End           High               Low         
[190.055s][info][gc,heap     ] GC(90)  Capacity:     1024M (100%)       1024M (100%)       1024M (100%)       1024M (100%)       1024M (100%)       1024M (100%)   
[190.055s][info][gc,heap     ] GC(90)      Free:      638M (62%)         638M (62%)         922M (90%)         960M (94%)         960M (94%)         638M (62%)    
[190.055s][info][gc,heap     ] GC(90)      Used:      386M (38%)         386M (38%)         102M (10%)          64M (6%)          386M (38%)          64M (6%)     
[190.055s][info][gc,heap     ] GC(90)      Live:         -                28M (3%)           28M (3%)           28M (3%)             -                  -          
[190.055s][info][gc,heap     ] GC(90) Allocated:         -                 0M (0%)            0M (0%)            0M (0%)             -                  -          
[190.055s][info][gc,heap     ] GC(90)   Garbage:         -               357M (35%)          73M (7%)           35M (3%)             -                  -          
[190.055s][info][gc,heap     ] GC(90) Reclaimed:         -                  -               284M (28%)         322M (31%)            -                  -          
[190.055s][info][gc          ] GC(90) Garbage Collection (System.gc()) 386M(38%)->64M(6%)
[190.076s][info][gc,stats    ] === Garbage Collection Statistics =======================================================================================================================
[190.076s][info][gc,stats    ]                                                              Last 10s              Last 10m              Last 10h                Total
[190.076s][info][gc,stats    ]                                                              Avg / Max             Avg / Max             Avg / Max             Avg / Max
[190.076s][info][gc,stats    ]   Collector: Garbage Collection Cycle                     53.752 / 59.035       53.065 / 170.238      53.065 / 170.238      53.065 / 170.238     ms
[190.076s][info][gc,stats    ]  Contention: Mark Segment Reset Contention                     0 / 1                 0 / 2                 0 / 2                 0 / 2           ops/s
[190.076s][info][gc,stats    ]  Contention: Mark SeqNum Reset Contention                      0 / 0                 0 / 1                 0 / 1                 0 / 1           ops/s
[190.076s][info][gc,stats    ]    Critical: Allocation Stall                                  0 / 0                 0 / 0                 0 / 0                 0 / 0           ops/s
[190.076s][info][gc,stats    ]    Critical: Allocation Stall                              0.000 / 0.000         0.000 / 0.000         0.000 / 0.000         0.000 / 0.000       ms
[190.076s][info][gc,stats    ]    Critical: GC Locker Stall                                   0 / 0                 0 / 0                 0 / 0                 0 / 0           ops/s
[190.076s][info][gc,stats    ]    Critical: GC Locker Stall                               0.000 / 0.000         0.000 / 0.000         0.000 / 0.000         0.000 / 0.000       ms
[190.077s][info][gc,stats    ]    Critical: Relocation Stall                                  0 / 0                 0 / 0                 0 / 0                 0 / 0           ops/s
[190.077s][info][gc,stats    ]    Critical: Relocation Stall                              0.000 / 0.000         0.000 / 0.000         0.000 / 0.000         0.000 / 0.000       ms
[190.077s][info][gc,stats    ]      Memory: Allocation Rate                                 165 / 308             149 / 324             149 / 324             149 / 324         MB/s
[190.077s][info][gc,stats    ]      Memory: Out Of Memory                                     0 / 0                 0 / 0                 0 / 0                 0 / 0           ops/s
[190.077s][info][gc,stats    ]      Memory: Page Cache Flush                                  0 / 0                 0 / 0                 0 / 0                 0 / 0           MB/s
[190.077s][info][gc,stats    ]      Memory: Page Cache Hit L1                                74 / 141              67 / 149              67 / 149              67 / 149         ops/s
[190.077s][info][gc,stats    ]      Memory: Page Cache Hit L2                                 0 / 0                 0 / 0                 0 / 0                 0 / 0           ops/s
[190.077s][info][gc,stats    ]      Memory: Page Cache Hit L3                                 0 / 0                 0 / 28                0 / 28                0 / 28          ops/s
[190.077s][info][gc,stats    ]      Memory: Page Cache Miss                                   0 / 0                 0 / 1                 0 / 1                 0 / 1           ops/s
[190.077s][info][gc,stats    ]      Memory: Uncommit                                          0 / 0                 0 / 0                 0 / 0                 0 / 0           MB/s
[190.077s][info][gc,stats    ]      Memory: Undo Object Allocation Failed                     0 / 0                 0 / 0                 0 / 0                 0 / 0           ops/s
[190.077s][info][gc,stats    ]      Memory: Undo Object Allocation Succeeded                  0 / 0                 0 / 1                 0 / 1                 0 / 1           ops/s
[190.077s][info][gc,stats    ]      Memory: Undo Page Allocation                              0 / 0                 0 / 0                 0 / 0                 0 / 0           ops/s
[190.077s][info][gc,stats    ]       Phase: Concurrent Mark                              28.086 / 32.983       28.729 / 125.180      28.729 / 125.180      28.729 / 125.180     ms
[190.077s][info][gc,stats    ]       Phase: Concurrent Mark Continue                      0.000 / 0.000         0.000 / 0.000         0.000 / 0.000         0.000 / 0.000       ms
[190.077s][info][gc,stats    ]       Phase: Concurrent Mark Free                          0.002 / 0.003         0.002 / 0.004         0.002 / 0.004         0.002 / 0.004       ms
[190.077s][info][gc,stats    ]       Phase: Concurrent Process Non-Strong References     22.625 / 23.209       20.398 / 23.215       20.398 / 23.215       20.398 / 23.215      ms
[190.077s][info][gc,stats    ]       Phase: Concurrent Relocate                           0.922 / 1.095         1.575 / 22.669        1.575 / 22.669        1.575 / 22.669      ms
[190.077s][info][gc,stats    ]       Phase: Concurrent Reset Relocation Set               0.002 / 0.002         0.002 / 0.011         0.002 / 0.011         0.002 / 0.011       ms
[190.077s][info][gc,stats    ]       Phase: Concurrent Select Relocation Set              1.340 / 1.801         1.535 / 5.967         1.535 / 5.967         1.535 / 5.967       ms
[190.077s][info][gc,stats    ]       Phase: Pause Mark End                                0.020 / 0.026         0.022 / 0.129         0.022 / 0.129         0.022 / 0.129       ms
[190.077s][info][gc,stats    ]       Phase: Pause Mark Start                              0.005 / 0.008         0.006 / 0.013         0.006 / 0.013         0.006 / 0.013       ms
[190.077s][info][gc,stats    ]       Phase: Pause Relocate Start                          0.010 / 0.010         0.009 / 0.020         0.009 / 0.020         0.009 / 0.020       ms
[190.077s][info][gc,stats    ]    Subphase: Concurrent Classes Purge                      0.575 / 0.579         0.536 / 0.669         0.536 / 0.669         0.536 / 0.669       ms
[190.077s][info][gc,stats    ]    Subphase: Concurrent Classes Unlink                    20.841 / 21.581       18.724 / 21.581       18.724 / 21.581       18.724 / 21.581      ms
[190.077s][info][gc,stats    ]    Subphase: Concurrent Mark                              22.995 / 32.415       24.256 / 123.683      24.256 / 123.683      24.256 / 123.683     ms
[190.077s][info][gc,stats    ]    Subphase: Concurrent Mark Try Flush                     0.072 / 0.128         0.091 / 0.579         0.091 / 0.579         0.091 / 0.579       ms
[190.077s][info][gc,stats    ]    Subphase: Concurrent Mark Try Terminate                 3.276 / 14.413        2.945 / 16.835        2.945 / 16.835        2.945 / 16.835      ms
[190.077s][info][gc,stats    ]    Subphase: Concurrent References Enqueue                 0.007 / 0.008         0.006 / 0.008         0.006 / 0.008         0.006 / 0.008       ms
[190.077s][info][gc,stats    ]    Subphase: Concurrent References Process                 0.130 / 0.155         0.170 / 2.199         0.170 / 2.199         0.170 / 2.199       ms
[190.077s][info][gc,stats    ]    Subphase: Concurrent Roots ClassLoaderDataGraph         0.064 / 0.140         0.065 / 0.216         0.065 / 0.216         0.065 / 0.216       ms
[190.077s][info][gc,stats    ]    Subphase: Concurrent Roots CodeCache                    0.000 / 0.000         0.000 / 0.000         0.000 / 0.000         0.000 / 0.000       ms
[190.077s][info][gc,stats    ]    Subphase: Concurrent Roots JavaThreads                  0.216 / 0.410         0.211 / 2.857         0.211 / 2.857         0.211 / 2.857       ms
[190.077s][info][gc,stats    ]    Subphase: Concurrent Roots OopStorageSet                0.013 / 0.018         0.014 / 0.061         0.014 / 0.061         0.014 / 0.061       ms
[190.077s][info][gc,stats    ]    Subphase: Concurrent Weak Roots OopStorageSet           0.845 / 1.093         0.748 / 1.280         0.748 / 1.280         0.748 / 1.280       ms
[190.077s][info][gc,stats    ]    Subphase: Pause Mark Try Complete                       0.000 / 0.000         0.005 / 0.014         0.005 / 0.014         0.005 / 0.014       ms
[190.077s][info][gc,stats    ]      System: Java Threads                                     12 / 12               12 / 13               12 / 13               12 / 13          threads
[190.077s][info][gc,stats    ] =========================================================================================================================================================
[191.867s][info][gc,start    ] GC(91) Garbage Collection (System.gc())
[191.867s][info][gc,task     ] GC(91) Using 2 workers
[191.867s][info][gc,phases   ] GC(91) Pause Mark Start 0.009ms
[191.899s][info][gc,phases   ] GC(91) Concurrent Mark 31.501ms
[191.899s][info][gc,phases   ] GC(91) Pause Mark End 0.014ms
[191.899s][info][gc,phases   ] GC(91) Concurrent Mark Free 0.001ms
[191.921s][info][gc,phases   ] GC(91) Concurrent Process Non-Strong References 22.355ms
[191.921s][info][gc,phases   ] GC(91) Concurrent Reset Relocation Set 0.001ms
[191.923s][info][gc,phases   ] GC(91) Concurrent Select Relocation Set 1.188ms
[191.923s][info][gc,phases   ] GC(91) Pause Relocate Start 0.009ms
[191.923s][info][gc,phases   ] GC(91) Concurrent Relocate 0.789ms
[191.923s][info][gc,load     ] GC(91) Load: 0.00/0.00/0.00
[191.923s][info][gc,mmu      ] GC(91) MMU: 2ms/93.6%, 5ms/97.2%, 10ms/98.6%, 20ms/99.3%, 50ms/99.7%, 100ms/99.9%
[191.923s][info][gc,marking  ] GC(91) Mark: 2 stripe(s), 1 proactive flush(es), 1 terminate flush(es), 0 completion(s), 0 continuation(s) 
[191.923s][info][gc,marking  ] GC(91) Mark Stack Usage: 32M
[191.924s][info][gc,nmethod  ] GC(91) NMethods: 20107 registered, 864 unregistered
[191.924s][info][gc,metaspace] GC(91) Metaspace: 60M used, 60M committed, 1088M reserved
[191.924s][info][gc,ref      ] GC(91) Soft: 894 encountered, 0 discovered, 0 enqueued
[191.924s][info][gc,ref      ] GC(91) Weak: 6177 encountered, 96 discovered, 70 enqueued
[191.924s][info][gc,ref      ] GC(91) Final: 0 encountered, 0 discovered, 0 enqueued
[191.924s][info][gc,ref      ] GC(91) Phantom: 79 encountered, 48 discovered, 0 enqueued
[191.924s][info][gc,reloc    ] GC(91) Small Pages: 161 / 322M, Empty: 252M, Relocated: 1M, In-Place: 0
[191.924s][info][gc,reloc    ] GC(91) Medium Pages: 2 / 64M, Empty: 32M, Relocated: 0M, In-Place: 0
[191.924s][info][gc,reloc    ] GC(91) Large Pages: 0 / 0M, Empty: 0M, Relocated: 0M, In-Place: 0
[191.924s][info][gc,reloc    ] GC(91) Forwarding Usage: 0M
[191.924s][info][gc,heap     ] GC(91) Min Capacity: 1024M(100%)
[191.924s][info][gc,heap     ] GC(91) Max Capacity: 1024M(100%)
[191.924s][info][gc,heap     ] GC(91) Soft Max Capacity: 1024M(100%)
[191.924s][info][gc,heap     ] GC(91)                Mark Start          Mark End        Relocate Start      Relocate End           High               Low         
[191.924s][info][gc,heap     ] GC(91)  Capacity:     1024M (100%)       1024M (100%)       1024M (100%)       1024M (100%)       1024M (100%)       1024M (100%)   
[191.924s][info][gc,heap     ] GC(91)      Free:      638M (62%)         638M (62%)         922M (90%)         960M (94%)         960M (94%)         638M (62%)    
[191.924s][info][gc,heap     ] GC(91)      Used:      386M (38%)         386M (38%)         102M (10%)          64M (6%)          386M (38%)          64M (6%)     
[191.924s][info][gc,heap     ] GC(91)      Live:         -                28M (3%)           28M (3%)           28M (3%)             -                  -          
[191.924s][info][gc,heap     ] GC(91) Allocated:         -                 0M (0%)            0M (0%)            0M (0%)             -                  -          
[191.924s][info][gc,heap     ] GC(91)   Garbage:         -               357M (35%)          73M (7%)           35M (3%)             -                  -          
[191.924s][info][gc,heap     ] GC(91) Reclaimed:         -                  -               284M (28%)         322M (31%)            -                  -          
[191.924s][info][gc          ] GC(91) Garbage Collection (System.gc()) 386M(38%)->64M(6%)
[193.740s][info][gc,start    ] GC(92) Garbage Collection (System.gc())
[193.740s][info][gc,task     ] GC(92) Using 2 workers
[193.740s][info][gc,phases   ] GC(92) Pause Mark Start 0.008ms
[193.767s][info][gc,phases   ] GC(92) Concurrent Mark 27.254ms
[193.767s][info][gc,phases   ] GC(92) Pause Mark End 0.016ms
[193.767s][info][gc,phases   ] GC(92) Concurrent Mark Free 0.002ms
[193.789s][info][gc,phases   ] GC(92) Concurrent Process Non-Strong References 21.845ms
[193.789s][info][gc,phases   ] GC(92) Concurrent Reset Relocation Set 0.002ms
[193.791s][info][gc,phases   ] GC(92) Concurrent Select Relocation Set 1.647ms
[193.791s][info][gc,phases   ] GC(92) Pause Relocate Start 0.009ms
[193.793s][info][gc,phases   ] GC(92) Concurrent Relocate 1.259ms
[193.793s][info][gc,load     ] GC(92) Load: 0.00/0.00/0.00
[193.793s][info][gc,mmu      ] GC(92) MMU: 2ms/93.6%, 5ms/97.2%, 10ms/98.6%, 20ms/99.3%, 50ms/99.7%, 100ms/99.9%
[193.793s][info][gc,marking  ] GC(92) Mark: 2 stripe(s), 1 proactive flush(es), 1 terminate flush(es), 0 completion(s), 0 continuation(s) 
[193.793s][info][gc,marking  ] GC(92) Mark Stack Usage: 32M
[193.793s][info][gc,nmethod  ] GC(92) NMethods: 20120 registered, 864 unregistered
[193.793s][info][gc,metaspace] GC(92) Metaspace: 60M used, 60M committed, 1088M reserved
[193.793s][info][gc,ref      ] GC(92) Soft: 894 encountered, 0 discovered, 0 enqueued
[193.793s][info][gc,ref      ] GC(92) Weak: 6102 encountered, 42 discovered, 25 enqueued
[193.793s][info][gc,ref      ] GC(92) Final: 0 encountered, 0 discovered, 0 enqueued
[193.793s][info][gc,ref      ] GC(92) Phantom: 79 encountered, 46 discovered, 0 enqueued
[193.793s][info][gc,reloc    ] GC(92) Small Pages: 161 / 322M, Empty: 256M, Relocated: 1M, In-Place: 0
[193.793s][info][gc,reloc    ] GC(92) Medium Pages: 2 / 64M, Empty: 32M, Relocated: 0M, In-Place: 0
[193.793s][info][gc,reloc    ] GC(92) Large Pages: 0 / 0M, Empty: 0M, Relocated: 0M, In-Place: 0
[193.793s][info][gc,reloc    ] GC(92) Forwarding Usage: 0M
[193.793s][info][gc,heap     ] GC(92) Min Capacity: 1024M(100%)
[193.793s][info][gc,heap     ] GC(92) Max Capacity: 1024M(100%)
[193.793s][info][gc,heap     ] GC(92) Soft Max Capacity: 1024M(100%)
[193.793s][info][gc,heap     ] GC(92)                Mark Start          Mark End        Relocate Start      Relocate End           High               Low         
[193.793s][info][gc,heap     ] GC(92)  Capacity:     1024M (100%)       1024M (100%)       1024M (100%)       1024M (100%)       1024M (100%)       1024M (100%)   
[193.793s][info][gc,heap     ] GC(92)      Free:      638M (62%)         638M (62%)         926M (90%)         960M (94%)         960M (94%)         638M (62%)    
[193.793s][info][gc,heap     ] GC(92)      Used:      386M (38%)         386M (38%)          98M (10%)          64M (6%)          386M (38%)          64M (6%)     
[193.793s][info][gc,heap     ] GC(92)      Live:         -                28M (3%)           28M (3%)           28M (3%)             -                  -          
[193.793s][info][gc,heap     ] GC(92) Allocated:         -                 0M (0%)            0M (0%)            0M (0%)             -                  -          
[193.793s][info][gc,heap     ] GC(92)   Garbage:         -               357M (35%)          69M (7%)           35M (3%)             -                  -          
[193.793s][info][gc,heap     ] GC(92) Reclaimed:         -                  -               288M (28%)         322M (31%)            -                  -          
[193.793s][info][gc          ] GC(92) Garbage Collection (System.gc()) 386M(38%)->64M(6%)
[195.619s][info][gc,start    ] GC(93) Garbage Collection (System.gc())
[195.619s][info][gc,task     ] GC(93) Using 2 workers
[195.619s][info][gc,phases   ] GC(93) Pause Mark Start 0.006ms
[195.651s][info][gc,phases   ] GC(93) Concurrent Mark 32.071ms
[195.651s][info][gc,phases   ] GC(93) Pause Mark End 0.022ms
[195.651s][info][gc,phases   ] GC(93) Concurrent Mark Free 0.002ms
[195.675s][info][gc,phases   ] GC(93) Concurrent Process Non-Strong References 23.946ms
[195.675s][info][gc,phases   ] GC(93) Concurrent Reset Relocation Set 0.002ms
[195.677s][info][gc,phases   ] GC(93) Concurrent Select Relocation Set 1.377ms
[195.677s][info][gc,phases   ] GC(93) Pause Relocate Start 0.010ms
[195.678s][info][gc,phases   ] GC(93) Concurrent Relocate 1.217ms
[195.678s][info][gc,load     ] GC(93) Load: 0.00/0.00/0.00
[195.678s][info][gc,mmu      ] GC(93) MMU: 2ms/93.6%, 5ms/97.2%, 10ms/98.6%, 20ms/99.3%, 50ms/99.7%, 100ms/99.9%
[195.678s][info][gc,marking  ] GC(93) Mark: 2 stripe(s), 1 proactive flush(es), 1 terminate flush(es), 0 completion(s), 0 continuation(s) 
[195.678s][info][gc,marking  ] GC(93) Mark Stack Usage: 32M
[195.678s][info][gc,nmethod  ] GC(93) NMethods: 20138 registered, 864 unregistered
[195.678s][info][gc,metaspace] GC(93) Metaspace: 60M used, 60M committed, 1088M reserved
[195.678s][info][gc,ref      ] GC(93) Soft: 894 encountered, 0 discovered, 0 enqueued
[195.678s][info][gc,ref      ] GC(93) Weak: 6177 encountered, 87 discovered, 70 enqueued
[195.678s][info][gc,ref      ] GC(93) Final: 0 encountered, 0 discovered, 0 enqueued
[195.678s][info][gc,ref      ] GC(93) Phantom: 79 encountered, 48 discovered, 0 enqueued
[195.678s][info][gc,reloc    ] GC(93) Small Pages: 162 / 324M, Empty: 254M, Relocated: 1M, In-Place: 0
[195.678s][info][gc,reloc    ] GC(93) Medium Pages: 2 / 64M, Empty: 32M, Relocated: 0M, In-Place: 0
[195.678s][info][gc,reloc    ] GC(93) Large Pages: 0 / 0M, Empty: 0M, Relocated: 0M, In-Place: 0
[195.678s][info][gc,reloc    ] GC(93) Forwarding Usage: 0M
[195.678s][info][gc,heap     ] GC(93) Min Capacity: 1024M(100%)
[195.678s][info][gc,heap     ] GC(93) Max Capacity: 1024M(100%)
[195.678s][info][gc,heap     ] GC(93) Soft Max Capacity: 1024M(100%)
[195.678s][info][gc,heap     ] GC(93)                Mark Start          Mark End        Relocate Start      Relocate End           High               Low         
[195.678s][info][gc,heap     ] GC(93)  Capacity:     1024M (100%)       1024M (100%)       1024M (100%)       1024M (100%)       1024M (100%)       1024M (100%)   
[195.678s][info][gc,heap     ] GC(93)      Free:      636M (62%)         636M (62%)         922M (90%)         960M (94%)         960M (94%)         636M (62%)    
[195.678s][info][gc,heap     ] GC(93)      Used:      388M (38%)         388M (38%)         102M (10%)          64M (6%)          388M (38%)          64M (6%)     
[195.678s][info][gc,heap     ] GC(93)      Live:         -                28M (3%)           28M (3%)           28M (3%)             -                  -          
[195.678s][info][gc,heap     ] GC(93) Allocated:         -                 0M (0%)            0M (0%)            0M (0%)             -                  -          
[195.678s][info][gc,heap     ] GC(93)   Garbage:         -               359M (35%)          73M (7%)           35M (3%)             -                  -          
[195.678s][info][gc,heap     ] GC(93) Reclaimed:         -                  -               286M (28%)         324M (32%)            -                  -          
[195.678s][info][gc          ] GC(93) Garbage Collection (System.gc()) 388M(38%)->64M(6%)
[197.480s][info][gc,start    ] GC(94) Garbage Collection (System.gc())
[197.480s][info][gc,task     ] GC(94) Using 2 workers
[197.480s][info][gc,phases   ] GC(94) Pause Mark Start 0.005ms
[197.505s][info][gc,phases   ] GC(94) Concurrent Mark 24.594ms
[197.505s][info][gc,phases   ] GC(94) Pause Mark End 0.019ms
[197.505s][info][gc,phases   ] GC(94) Concurrent Mark Free 0.002ms
[197.528s][info][gc,phases   ] GC(94) Concurrent Process Non-Strong References 22.933ms
[197.528s][info][gc,phases   ] GC(94) Concurrent Reset Relocation Set 0.002ms
[197.529s][info][gc,phases   ] GC(94) Concurrent Select Relocation Set 1.369ms
[197.529s][info][gc,phases   ] GC(94) Pause Relocate Start 0.010ms
[197.530s][info][gc,phases   ] GC(94) Concurrent Relocate 1.025ms
[197.531s][info][gc,load     ] GC(94) Load: 0.00/0.00/0.00
[197.531s][info][gc,mmu      ] GC(94) MMU: 2ms/93.6%, 5ms/97.2%, 10ms/98.6%, 20ms/99.3%, 50ms/99.7%, 100ms/99.9%
[197.531s][info][gc,marking  ] GC(94) Mark: 2 stripe(s), 1 proactive flush(es), 1 terminate flush(es), 0 completion(s), 0 continuation(s) 
[197.531s][info][gc,marking  ] GC(94) Mark Stack Usage: 32M
[197.531s][info][gc,nmethod  ] GC(94) NMethods: 20150 registered, 864 unregistered
[197.531s][info][gc,metaspace] GC(94) Metaspace: 60M used, 60M committed, 1088M reserved
[197.531s][info][gc,ref      ] GC(94) Soft: 894 encountered, 0 discovered, 0 enqueued
[197.531s][info][gc,ref      ] GC(94) Weak: 6102 encountered, 48 discovered, 25 enqueued
[197.531s][info][gc,ref      ] GC(94) Final: 0 encountered, 0 discovered, 0 enqueued
[197.531s][info][gc,ref      ] GC(94) Phantom: 79 encountered, 56 discovered, 0 enqueued
[197.531s][info][gc,reloc    ] GC(94) Small Pages: 161 / 322M, Empty: 252M, Relocated: 1M, In-Place: 0
[197.531s][info][gc,reloc    ] GC(94) Medium Pages: 2 / 64M, Empty: 32M, Relocated: 0M, In-Place: 0
[197.531s][info][gc,reloc    ] GC(94) Large Pages: 0 / 0M, Empty: 0M, Relocated: 0M, In-Place: 0
[197.531s][info][gc,reloc    ] GC(94) Forwarding Usage: 0M
[197.531s][info][gc,heap     ] GC(94) Min Capacity: 1024M(100%)
[197.531s][info][gc,heap     ] GC(94) Max Capacity: 1024M(100%)
[197.531s][info][gc,heap     ] GC(94) Soft Max Capacity: 1024M(100%)
[197.531s][info][gc,heap     ] GC(94)                Mark Start          Mark End        Relocate Start      Relocate End           High               Low         
[197.531s][info][gc,heap     ] GC(94)  Capacity:     1024M (100%)       1024M (100%)       1024M (100%)       1024M (100%)       1024M (100%)       1024M (100%)   
[197.531s][info][gc,heap     ] GC(94)      Free:      638M (62%)         638M (62%)         922M (90%)         960M (94%)         960M (94%)         638M (62%)    
[197.531s][info][gc,heap     ] GC(94)      Used:      386M (38%)         386M (38%)         102M (10%)          64M (6%)          386M (38%)          64M (6%)     
[197.531s][info][gc,heap     ] GC(94)      Live:         -                28M (3%)           28M (3%)           28M (3%)             -                  -          
[197.531s][info][gc,heap     ] GC(94) Allocated:         -                 0M (0%)            0M (0%)            0M (0%)             -                  -          
[197.531s][info][gc,heap     ] GC(94)   Garbage:         -               357M (35%)          73M (7%)           35M (3%)             -                  -          
[197.531s][info][gc,heap     ] GC(94) Reclaimed:         -                  -               284M (28%)         322M (31%)            -                  -          
[197.531s][info][gc          ] GC(94) Garbage Collection (System.gc()) 386M(38%)->64M(6%)
[199.340s][info][gc,start    ] GC(95) Garbage Collection (System.gc())
[199.340s][info][gc,task     ] GC(95) Using 2 workers
[199.340s][info][gc,phases   ] GC(95) Pause Mark Start 0.007ms
[199.374s][info][gc,phases   ] GC(95) Concurrent Mark 33.782ms
[199.374s][info][gc,phases   ] GC(95) Pause Mark End 0.022ms
[199.374s][info][gc,phases   ] GC(95) Concurrent Mark Free 0.001ms
[199.396s][info][gc,phases   ] GC(95) Concurrent Process Non-Strong References 22.258ms
[199.396s][info][gc,phases   ] GC(95) Concurrent Reset Relocation Set 0.002ms
[199.398s][info][gc,phases   ] GC(95) Concurrent Select Relocation Set 1.367ms
[199.398s][info][gc,phases   ] GC(95) Pause Relocate Start 0.009ms
[199.399s][info][gc,phases   ] GC(95) Concurrent Relocate 0.803ms
[199.399s][info][gc,load     ] GC(95) Load: 0.00/0.00/0.00
[199.399s][info][gc,mmu      ] GC(95) MMU: 2ms/93.6%, 5ms/97.2%, 10ms/98.6%, 20ms/99.3%, 50ms/99.7%, 100ms/99.9%
[199.399s][info][gc,marking  ] GC(95) Mark: 2 stripe(s), 1 proactive flush(es), 1 terminate flush(es), 0 completion(s), 0 continuation(s) 
[199.399s][info][gc,marking  ] GC(95) Mark Stack Usage: 32M
[199.399s][info][gc,nmethod  ] GC(95) NMethods: 20164 registered, 864 unregistered
[199.399s][info][gc,metaspace] GC(95) Metaspace: 60M used, 60M committed, 1088M reserved
[199.399s][info][gc,ref      ] GC(95) Soft: 894 encountered, 0 discovered, 0 enqueued
[199.399s][info][gc,ref      ] GC(95) Weak: 6177 encountered, 102 discovered, 70 enqueued
[199.399s][info][gc,ref      ] GC(95) Final: 0 encountered, 0 discovered, 0 enqueued
[199.399s][info][gc,ref      ] GC(95) Phantom: 79 encountered, 41 discovered, 0 enqueued
[199.399s][info][gc,reloc    ] GC(95) Small Pages: 161 / 322M, Empty: 252M, Relocated: 1M, In-Place: 0
[199.399s][info][gc,reloc    ] GC(95) Medium Pages: 2 / 64M, Empty: 32M, Relocated: 0M, In-Place: 0
[199.399s][info][gc,reloc    ] GC(95) Large Pages: 0 / 0M, Empty: 0M, Relocated: 0M, In-Place: 0
[199.399s][info][gc,reloc    ] GC(95) Forwarding Usage: 0M
[199.399s][info][gc,heap     ] GC(95) Min Capacity: 1024M(100%)
[199.399s][info][gc,heap     ] GC(95) Max Capacity: 1024M(100%)
[199.399s][info][gc,heap     ] GC(95) Soft Max Capacity: 1024M(100%)
[199.399s][info][gc,heap     ] GC(95)                Mark Start          Mark End        Relocate Start      Relocate End           High               Low         
[199.399s][info][gc,heap     ] GC(95)  Capacity:     1024M (100%)       1024M (100%)       1024M (100%)       1024M (100%)       1024M (100%)       1024M (100%)   
[199.399s][info][gc,heap     ] GC(95)      Free:      638M (62%)         638M (62%)         922M (90%)         960M (94%)         960M (94%)         638M (62%)    
[199.399s][info][gc,heap     ] GC(95)      Used:      386M (38%)         386M (38%)         102M (10%)          64M (6%)          386M (38%)          64M (6%)     
[199.399s][info][gc,heap     ] GC(95)      Live:         -                28M (3%)           28M (3%)           28M (3%)             -                  -          
[199.399s][info][gc,heap     ] GC(95) Allocated:         -                 0M (0%)            0M (0%)            0M (0%)             -                  -          
[199.399s][info][gc,heap     ] GC(95)   Garbage:         -               357M (35%)          73M (7%)           35M (3%)             -                  -          
[199.399s][info][gc,heap     ] GC(95) Reclaimed:         -                  -               284M (28%)         322M (31%)            -                  -          
[199.399s][info][gc          ] GC(95) Garbage Collection (System.gc()) 386M(38%)->64M(6%)
[200.081s][info][gc,stats    ] === Garbage Collection Statistics =======================================================================================================================
[200.081s][info][gc,stats    ]                                                              Last 10s              Last 10m              Last 10h                Total
[200.081s][info][gc,stats    ]                                                              Avg / Max             Avg / Max             Avg / Max             Avg / Max
[200.081s][info][gc,stats    ]   Collector: Garbage Collection Cycle                     55.686 / 59.322       53.201 / 170.238      53.201 / 170.238      53.201 / 170.238     ms
[200.081s][info][gc,stats    ]  Contention: Mark Segment Reset Contention                     0 / 2                 0 / 2                 0 / 2                 0 / 2           ops/s
[200.081s][info][gc,stats    ]  Contention: Mark SeqNum Reset Contention                      0 / 1                 0 / 1                 0 / 1                 0 / 1           ops/s
[200.081s][info][gc,stats    ]    Critical: Allocation Stall                                  0 / 0                 0 / 0                 0 / 0                 0 / 0           ops/s
[200.081s][info][gc,stats    ]    Critical: Allocation Stall                              0.000 / 0.000         0.000 / 0.000         0.000 / 0.000         0.000 / 0.000       ms
[200.081s][info][gc,stats    ]    Critical: GC Locker Stall                                   0 / 0                 0 / 0                 0 / 0                 0 / 0           ops/s
[200.081s][info][gc,stats    ]    Critical: GC Locker Stall                               0.000 / 0.000         0.000 / 0.000         0.000 / 0.000         0.000 / 0.000       ms
[200.081s][info][gc,stats    ]    Critical: Relocation Stall                                  0 / 0                 0 / 0                 0 / 0                 0 / 0           ops/s
[200.081s][info][gc,stats    ]    Critical: Relocation Stall                              0.000 / 0.000         0.000 / 0.000         0.000 / 0.000         0.000 / 0.000       ms
[200.081s][info][gc,stats    ]      Memory: Allocation Rate                                 183 / 278             151 / 324             151 / 324             151 / 324         MB/s
[200.081s][info][gc,stats    ]      Memory: Out Of Memory                                     0 / 0                 0 / 0                 0 / 0                 0 / 0           ops/s
[200.081s][info][gc,stats    ]      Memory: Page Cache Flush                                  0 / 0                 0 / 0                 0 / 0                 0 / 0           MB/s
[200.081s][info][gc,stats    ]      Memory: Page Cache Hit L1                                85 / 139              68 / 149              68 / 149              68 / 149         ops/s
[200.081s][info][gc,stats    ]      Memory: Page Cache Hit L2                                 0 / 0                 0 / 0                 0 / 0                 0 / 0           ops/s
[200.081s][info][gc,stats    ]      Memory: Page Cache Hit L3                                 0 / 0                 0 / 28                0 / 28                0 / 28          ops/s
[200.081s][info][gc,stats    ]      Memory: Page Cache Miss                                   0 / 0                 0 / 1                 0 / 1                 0 / 1           ops/s
[200.081s][info][gc,stats    ]      Memory: Uncommit                                          0 / 0                 0 / 0                 0 / 0                 0 / 0           MB/s
[200.081s][info][gc,stats    ]      Memory: Undo Object Allocation Failed                     0 / 0                 0 / 0                 0 / 0                 0 / 0           ops/s
[200.081s][info][gc,stats    ]      Memory: Undo Object Allocation Succeeded                  0 / 0                 0 / 1                 0 / 1                 0 / 1           ops/s
[200.081s][info][gc,stats    ]      Memory: Undo Page Allocation                              0 / 0                 0 / 0                 0 / 0                 0 / 0           ops/s
[200.081s][info][gc,stats    ]       Phase: Concurrent Mark                              29.840 / 33.782       28.787 / 125.180      28.787 / 125.180      28.787 / 125.180     ms
[200.081s][info][gc,stats    ]       Phase: Concurrent Mark Continue                      0.000 / 0.000         0.000 / 0.000         0.000 / 0.000         0.000 / 0.000       ms
[200.081s][info][gc,stats    ]       Phase: Concurrent Mark Free                          0.002 / 0.002         0.002 / 0.004         0.002 / 0.004         0.002 / 0.004       ms
[200.081s][info][gc,stats    ]       Phase: Concurrent Process Non-Strong References     22.667 / 23.946       20.516 / 23.946       20.516 / 23.946       20.516 / 23.946      ms
[200.081s][info][gc,stats    ]       Phase: Concurrent Relocate                           1.019 / 1.259         1.546 / 22.669        1.546 / 22.669        1.546 / 22.669      ms
[200.081s][info][gc,stats    ]       Phase: Concurrent Reset Relocation Set               0.002 / 0.002         0.002 / 0.011         0.002 / 0.011         0.002 / 0.011       ms
[200.081s][info][gc,stats    ]       Phase: Concurrent Select Relocation Set              1.390 / 1.647         1.528 / 5.967         1.528 / 5.967         1.528 / 5.967       ms
[200.081s][info][gc,stats    ]       Phase: Pause Mark End                                0.019 / 0.022         0.022 / 0.129         0.022 / 0.129         0.022 / 0.129       ms
[200.081s][info][gc,stats    ]       Phase: Pause Mark Start                              0.007 / 0.009         0.006 / 0.013         0.006 / 0.013         0.006 / 0.013       ms
[200.081s][info][gc,stats    ]       Phase: Pause Relocate Start                          0.009 / 0.010         0.009 / 0.020         0.009 / 0.020         0.009 / 0.020       ms
[200.081s][info][gc,stats    ]    Subphase: Concurrent Classes Purge                      0.582 / 0.614         0.539 / 0.669         0.539 / 0.669         0.539 / 0.669       ms
[200.081s][info][gc,stats    ]    Subphase: Concurrent Classes Unlink                    20.873 / 22.092       18.836 / 22.092       18.836 / 22.092       18.836 / 22.092      ms
[200.081s][info][gc,stats    ]    Subphase: Concurrent Mark                              23.988 / 33.238       24.242 / 123.683      24.242 / 123.683      24.242 / 123.683     ms
[200.081s][info][gc,stats    ]    Subphase: Concurrent Mark Try Flush                     0.075 / 0.137         0.090 / 0.579         0.090 / 0.579         0.090 / 0.579       ms
[200.081s][info][gc,stats    ]    Subphase: Concurrent Mark Try Terminate                 3.889 / 15.457        2.994 / 16.835        2.994 / 16.835        2.994 / 16.835      ms
[200.081s][info][gc,stats    ]    Subphase: Concurrent References Enqueue                 0.006 / 0.007         0.006 / 0.008         0.006 / 0.008         0.006 / 0.008       ms
[200.081s][info][gc,stats    ]    Subphase: Concurrent References Process                 0.147 / 0.164         0.168 / 2.199         0.168 / 2.199         0.168 / 2.199       ms
[200.081s][info][gc,stats    ]    Subphase: Concurrent Roots ClassLoaderDataGraph         0.065 / 0.155         0.065 / 0.216         0.065 / 0.216         0.065 / 0.216       ms
[200.081s][info][gc,stats    ]    Subphase: Concurrent Roots CodeCache                    0.000 / 0.000         0.000 / 0.000         0.000 / 0.000         0.000 / 0.000       ms
[200.081s][info][gc,stats    ]    Subphase: Concurrent Roots JavaThreads                  0.218 / 0.462         0.211 / 2.857         0.211 / 2.857         0.211 / 2.857       ms
[200.081s][info][gc,stats    ]    Subphase: Concurrent Roots OopStorageSet                0.013 / 0.022         0.014 / 0.061         0.014 / 0.061         0.014 / 0.061       ms
[200.081s][info][gc,stats    ]    Subphase: Concurrent Weak Roots OopStorageSet           0.823 / 0.888         0.752 / 1.280         0.752 / 1.280         0.752 / 1.280       ms
[200.081s][info][gc,stats    ]    Subphase: Pause Mark Try Complete                       0.000 / 0.000         0.005 / 0.014         0.005 / 0.014         0.005 / 0.014       ms
[200.081s][info][gc,stats    ]      System: Java Threads                                     12 / 12               12 / 13               12 / 13               12 / 13          threads
[200.081s][info][gc,stats    ] =========================================================================================================================================================
[201.217s][info][gc,start    ] GC(96) Garbage Collection (System.gc())
[201.217s][info][gc,task     ] GC(96) Using 2 workers
[201.217s][info][gc,phases   ] GC(96) Pause Mark Start 0.004ms
[201.243s][info][gc,phases   ] GC(96) Concurrent Mark 25.716ms
[201.243s][info][gc,phases   ] GC(96) Pause Mark End 0.024ms
[201.243s][info][gc,phases   ] GC(96) Concurrent Mark Free 0.003ms
[201.265s][info][gc,phases   ] GC(96) Concurrent Process Non-Strong References 22.300ms
[201.266s][info][gc,phases   ] GC(96) Concurrent Reset Relocation Set 0.001ms
[201.267s][info][gc,phases   ] GC(96) Concurrent Select Relocation Set 1.214ms
[201.267s][info][gc,phases   ] GC(96) Pause Relocate Start 0.009ms
[201.268s][info][gc,phases   ] GC(96) Concurrent Relocate 0.811ms
[201.268s][info][gc,load     ] GC(96) Load: 0.00/0.00/0.00
[201.268s][info][gc,mmu      ] GC(96) MMU: 2ms/93.6%, 5ms/97.2%, 10ms/98.6%, 20ms/99.3%, 50ms/99.7%, 100ms/99.9%
[201.268s][info][gc,marking  ] GC(96) Mark: 2 stripe(s), 1 proactive flush(es), 1 terminate flush(es), 0 completion(s), 0 continuation(s) 
[201.268s][info][gc,marking  ] GC(96) Mark Stack Usage: 32M
[201.268s][info][gc,nmethod  ] GC(96) NMethods: 20175 registered, 864 unregistered
[201.268s][info][gc,metaspace] GC(96) Metaspace: 60M used, 60M committed, 1088M reserved
[201.268s][info][gc,ref      ] GC(96) Soft: 894 encountered, 0 discovered, 0 enqueued
[201.268s][info][gc,ref      ] GC(96) Weak: 6102 encountered, 46 discovered, 25 enqueued
[201.268s][info][gc,ref      ] GC(96) Final: 0 encountered, 0 discovered, 0 enqueued
[201.268s][info][gc,ref      ] GC(96) Phantom: 79 encountered, 45 discovered, 0 enqueued
[201.268s][info][gc,reloc    ] GC(96) Small Pages: 161 / 322M, Empty: 254M, Relocated: 1M, In-Place: 0
[201.268s][info][gc,reloc    ] GC(96) Medium Pages: 2 / 64M, Empty: 32M, Relocated: 0M, In-Place: 0
[201.268s][info][gc,reloc    ] GC(96) Large Pages: 0 / 0M, Empty: 0M, Relocated: 0M, In-Place: 0
[201.268s][info][gc,reloc    ] GC(96) Forwarding Usage: 0M
[201.268s][info][gc,heap     ] GC(96) Min Capacity: 1024M(100%)
[201.268s][info][gc,heap     ] GC(96) Max Capacity: 1024M(100%)
[201.268s][info][gc,heap     ] GC(96) Soft Max Capacity: 1024M(100%)
[201.268s][info][gc,heap     ] GC(96)                Mark Start          Mark End        Relocate Start      Relocate End           High               Low         
[201.268s][info][gc,heap     ] GC(96)  Capacity:     1024M (100%)       1024M (100%)       1024M (100%)       1024M (100%)       1024M (100%)       1024M (100%)   
[201.268s][info][gc,heap     ] GC(96)      Free:      638M (62%)         638M (62%)         924M (90%)         960M (94%)         960M (94%)         638M (62%)    
[201.268s][info][gc,heap     ] GC(96)      Used:      386M (38%)         386M (38%)         100M (10%)          64M (6%)          386M (38%)          64M (6%)     
[201.268s][info][gc,heap     ] GC(96)      Live:         -                28M (3%)           28M (3%)           28M (3%)             -                  -          
[201.268s][info][gc,heap     ] GC(96) Allocated:         -                 0M (0%)            0M (0%)            0M (0%)             -                  -          
[201.268s][info][gc,heap     ] GC(96)   Garbage:         -               357M (35%)          71M (7%)           35M (3%)             -                  -          
[201.268s][info][gc,heap     ] GC(96) Reclaimed:         -                  -               286M (28%)         322M (31%)            -                  -          
[201.268s][info][gc          ] GC(96) Garbage Collection (System.gc()) 386M(38%)->64M(6%)
[203.074s][info][gc,start    ] GC(97) Garbage Collection (System.gc())
[203.074s][info][gc,task     ] GC(97) Using 2 workers
[203.074s][info][gc,phases   ] GC(97) Pause Mark Start 0.005ms
[203.096s][info][gc,phases   ] GC(97) Concurrent Mark 22.226ms
[203.096s][info][gc,phases   ] GC(97) Pause Mark End 0.022ms
[203.097s][info][gc,phases   ] GC(97) Concurrent Mark Free 0.001ms
[203.119s][info][gc,phases   ] GC(97) Concurrent Process Non-Strong References 22.875ms
[203.119s][info][gc,phases   ] GC(97) Concurrent Reset Relocation Set 0.002ms
[203.121s][info][gc,phases   ] GC(97) Concurrent Select Relocation Set 1.389ms
[203.121s][info][gc,phases   ] GC(97) Pause Relocate Start 0.010ms
[203.122s][info][gc,phases   ] GC(97) Concurrent Relocate 0.783ms
[203.122s][info][gc,load     ] GC(97) Load: 0.00/0.00/0.00
[203.122s][info][gc,mmu      ] GC(97) MMU: 2ms/93.6%, 5ms/97.2%, 10ms/98.6%, 20ms/99.3%, 50ms/99.7%, 100ms/99.9%
[203.122s][info][gc,marking  ] GC(97) Mark: 2 stripe(s), 1 proactive flush(es), 1 terminate flush(es), 0 completion(s), 0 continuation(s) 
[203.122s][info][gc,marking  ] GC(97) Mark Stack Usage: 32M
[203.122s][info][gc,nmethod  ] GC(97) NMethods: 20185 registered, 864 unregistered
[203.122s][info][gc,metaspace] GC(97) Metaspace: 60M used, 60M committed, 1088M reserved
[203.122s][info][gc,ref      ] GC(97) Soft: 894 encountered, 0 discovered, 0 enqueued
[203.122s][info][gc,ref      ] GC(97) Weak: 6177 encountered, 105 discovered, 70 enqueued
[203.122s][info][gc,ref      ] GC(97) Final: 0 encountered, 0 discovered, 0 enqueued
[203.122s][info][gc,ref      ] GC(97) Phantom: 79 encountered, 43 discovered, 0 enqueued
[203.122s][info][gc,reloc    ] GC(97) Small Pages: 161 / 322M, Empty: 254M, Relocated: 1M, In-Place: 0
[203.122s][info][gc,reloc    ] GC(97) Medium Pages: 2 / 64M, Empty: 32M, Relocated: 0M, In-Place: 0
[203.122s][info][gc,reloc    ] GC(97) Large Pages: 0 / 0M, Empty: 0M, Relocated: 0M, In-Place: 0
[203.122s][info][gc,reloc    ] GC(97) Forwarding Usage: 0M
[203.122s][info][gc,heap     ] GC(97) Min Capacity: 1024M(100%)
[203.122s][info][gc,heap     ] GC(97) Max Capacity: 1024M(100%)
[203.122s][info][gc,heap     ] GC(97) Soft Max Capacity: 1024M(100%)
[203.122s][info][gc,heap     ] GC(97)                Mark Start          Mark End        Relocate Start      Relocate End           High               Low         
[203.122s][info][gc,heap     ] GC(97)  Capacity:     1024M (100%)       1024M (100%)       1024M (100%)       1024M (100%)       1024M (100%)       1024M (100%)   
[203.122s][info][gc,heap     ] GC(97)      Free:      638M (62%)         638M (62%)         924M (90%)         960M (94%)         960M (94%)         638M (62%)    
[203.122s][info][gc,heap     ] GC(97)      Used:      386M (38%)         386M (38%)         100M (10%)          64M (6%)          386M (38%)          64M (6%)     
[203.122s][info][gc,heap     ] GC(97)      Live:         -                28M (3%)           28M (3%)           28M (3%)             -                  -          
[203.122s][info][gc,heap     ] GC(97) Allocated:         -                 0M (0%)            0M (0%)            0M (0%)             -                  -          
[203.122s][info][gc,heap     ] GC(97)   Garbage:         -               357M (35%)          71M (7%)           35M (3%)             -                  -          
[203.122s][info][gc,heap     ] GC(97) Reclaimed:         -                  -               286M (28%)         322M (31%)            -                  -          
[203.122s][info][gc          ] GC(97) Garbage Collection (System.gc()) 386M(38%)->64M(6%)
[204.920s][info][gc,start    ] GC(98) Garbage Collection (System.gc())
[204.920s][info][gc,task     ] GC(98) Using 2 workers
[204.920s][info][gc,phases   ] GC(98) Pause Mark Start 0.005ms
[204.949s][info][gc,phases   ] GC(98) Concurrent Mark 28.196ms
[204.949s][info][gc,phases   ] GC(98) Pause Mark End 0.025ms
[204.949s][info][gc,phases   ] GC(98) Concurrent Mark Free 0.003ms
[204.972s][info][gc,phases   ] GC(98) Concurrent Process Non-Strong References 22.483ms
[204.972s][info][gc,phases   ] GC(98) Concurrent Reset Relocation Set 0.001ms
[204.973s][info][gc,phases   ] GC(98) Concurrent Select Relocation Set 1.212ms
[204.973s][info][gc,phases   ] GC(98) Pause Relocate Start 0.010ms
[204.974s][info][gc,phases   ] GC(98) Concurrent Relocate 0.807ms
[204.974s][info][gc,load     ] GC(98) Load: 0.00/0.00/0.00
[204.974s][info][gc,mmu      ] GC(98) MMU: 2ms/93.6%, 5ms/97.2%, 10ms/98.6%, 20ms/99.3%, 50ms/99.7%, 100ms/99.9%
[204.974s][info][gc,marking  ] GC(98) Mark: 2 stripe(s), 1 proactive flush(es), 1 terminate flush(es), 0 completion(s), 0 continuation(s) 
[204.974s][info][gc,marking  ] GC(98) Mark Stack Usage: 32M
[204.974s][info][gc,nmethod  ] GC(98) NMethods: 20208 registered, 864 unregistered
[204.974s][info][gc,metaspace] GC(98) Metaspace: 60M used, 60M committed, 1088M reserved
[204.974s][info][gc,ref      ] GC(98) Soft: 894 encountered, 0 discovered, 0 enqueued
[204.974s][info][gc,ref      ] GC(98) Weak: 6102 encountered, 44 discovered, 25 enqueued
[204.974s][info][gc,ref      ] GC(98) Final: 0 encountered, 0 discovered, 0 enqueued
[204.974s][info][gc,ref      ] GC(98) Phantom: 79 encountered, 47 discovered, 0 enqueued
[204.974s][info][gc,reloc    ] GC(98) Small Pages: 161 / 322M, Empty: 254M, Relocated: 1M, In-Place: 0
[204.974s][info][gc,reloc    ] GC(98) Medium Pages: 2 / 64M, Empty: 32M, Relocated: 0M, In-Place: 0
[204.974s][info][gc,reloc    ] GC(98) Large Pages: 0 / 0M, Empty: 0M, Relocated: 0M, In-Place: 0
[204.974s][info][gc,reloc    ] GC(98) Forwarding Usage: 0M
[204.974s][info][gc,heap     ] GC(98) Min Capacity: 1024M(100%)
[204.974s][info][gc,heap     ] GC(98) Max Capacity: 1024M(100%)
[204.974s][info][gc,heap     ] GC(98) Soft Max Capacity: 1024M(100%)
[204.974s][info][gc,heap     ] GC(98)                Mark Start          Mark End        Relocate Start      Relocate End           High               Low         
[204.974s][info][gc,heap     ] GC(98)  Capacity:     1024M (100%)       1024M (100%)       1024M (100%)       1024M (100%)       1024M (100%)       1024M (100%)   
[204.974s][info][gc,heap     ] GC(98)      Free:      638M (62%)         638M (62%)         924M (90%)         960M (94%)         960M (94%)         638M (62%)    
[204.974s][info][gc,heap     ] GC(98)      Used:      386M (38%)         386M (38%)         100M (10%)          64M (6%)          386M (38%)          64M (6%)     
[204.974s][info][gc,heap     ] GC(98)      Live:         -                28M (3%)           28M (3%)           28M (3%)             -                  -          
[204.974s][info][gc,heap     ] GC(98) Allocated:         -                 0M (0%)            0M (0%)            0M (0%)             -                  -          
[204.974s][info][gc,heap     ] GC(98)   Garbage:         -               357M (35%)          71M (7%)           35M (3%)             -                  -          
[204.974s][info][gc,heap     ] GC(98) Reclaimed:         -                  -               286M (28%)         322M (31%)            -                  -          
[204.974s][info][gc          ] GC(98) Garbage Collection (System.gc()) 386M(38%)->64M(6%)
[206.784s][info][gc,start    ] GC(99) Garbage Collection (System.gc())
[206.784s][info][gc,task     ] GC(99) Using 2 workers
[206.784s][info][gc,phases   ] GC(99) Pause Mark Start 0.005ms
[206.818s][info][gc,phases   ] GC(99) Concurrent Mark 34.123ms
[206.818s][info][gc,phases   ] GC(99) Pause Mark End 0.021ms
[206.818s][info][gc,phases   ] GC(99) Concurrent Mark Free 0.002ms
[206.842s][info][gc,phases   ] GC(99) Concurrent Process Non-Strong References 23.819ms
[206.842s][info][gc,phases   ] GC(99) Concurrent Reset Relocation Set 0.001ms
[206.843s][info][gc,phases   ] GC(99) Concurrent Select Relocation Set 1.216ms
[206.844s][info][gc,phases   ] GC(99) Pause Relocate Start 0.010ms
[206.844s][info][gc,phases   ] GC(99) Concurrent Relocate 0.790ms
[206.844s][info][gc,load     ] GC(99) Load: 0.00/0.00/0.00
[206.844s][info][gc,mmu      ] GC(99) MMU: 2ms/93.6%, 5ms/97.2%, 10ms/98.6%, 20ms/99.3%, 50ms/99.7%, 100ms/99.9%
[206.844s][info][gc,marking  ] GC(99) Mark: 2 stripe(s), 1 proactive flush(es), 1 terminate flush(es), 0 completion(s), 0 continuation(s) 
[206.844s][info][gc,marking  ] GC(99) Mark Stack Usage: 32M
[206.844s][info][gc,nmethod  ] GC(99) NMethods: 20214 registered, 864 unregistered
[206.845s][info][gc,metaspace] GC(99) Metaspace: 60M used, 60M committed, 1088M reserved
[206.845s][info][gc,ref      ] GC(99) Soft: 894 encountered, 0 discovered, 0 enqueued
[206.845s][info][gc,ref      ] GC(99) Weak: 6177 encountered, 113 discovered, 70 enqueued
[206.845s][info][gc,ref      ] GC(99) Final: 0 encountered, 0 discovered, 0 enqueued
[206.845s][info][gc,ref      ] GC(99) Phantom: 79 encountered, 55 discovered, 0 enqueued
[206.845s][info][gc,reloc    ] GC(99) Small Pages: 161 / 322M, Empty: 256M, Relocated: 1M, In-Place: 0
[206.845s][info][gc,reloc    ] GC(99) Medium Pages: 2 / 64M, Empty: 32M, Relocated: 0M, In-Place: 0
[206.845s][info][gc,reloc    ] GC(99) Large Pages: 0 / 0M, Empty: 0M, Relocated: 0M, In-Place: 0
[206.845s][info][gc,reloc    ] GC(99) Forwarding Usage: 0M
[206.845s][info][gc,heap     ] GC(99) Min Capacity: 1024M(100%)
[206.845s][info][gc,heap     ] GC(99) Max Capacity: 1024M(100%)
[206.845s][info][gc,heap     ] GC(99) Soft Max Capacity: 1024M(100%)
[206.845s][info][gc,heap     ] GC(99)                Mark Start          Mark End        Relocate Start      Relocate End           High               Low         
[206.845s][info][gc,heap     ] GC(99)  Capacity:     1024M (100%)       1024M (100%)       1024M (100%)       1024M (100%)       1024M (100%)       1024M (100%)   
[206.845s][info][gc,heap     ] GC(99)      Free:      638M (62%)         638M (62%)         926M (90%)         960M (94%)         960M (94%)         638M (62%)    
[206.845s][info][gc,heap     ] GC(99)      Used:      386M (38%)         386M (38%)          98M (10%)          64M (6%)          386M (38%)          64M (6%)     
[206.845s][info][gc,heap     ] GC(99)      Live:         -                28M (3%)           28M (3%)           28M (3%)             -                  -          
[206.845s][info][gc,heap     ] GC(99) Allocated:         -                 0M (0%)            0M (0%)            0M (0%)             -                  -          
[206.845s][info][gc,heap     ] GC(99)   Garbage:         -               357M (35%)          69M (7%)           35M (3%)             -                  -          
[206.845s][info][gc,heap     ] GC(99) Reclaimed:         -                  -               288M (28%)         322M (31%)            -                  -          
[206.845s][info][gc          ] GC(99) Garbage Collection (System.gc()) 386M(38%)->64M(6%)
[208.650s][info][gc,start    ] GC(100) Garbage Collection (System.gc())
[208.650s][info][gc,task     ] GC(100) Using 2 workers
[208.650s][info][gc,phases   ] GC(100) Pause Mark Start 0.005ms
[208.670s][info][gc,phases   ] GC(100) Concurrent Mark 20.165ms
[208.671s][info][gc,phases   ] GC(100) Pause Mark End 0.017ms
[208.671s][info][gc,phases   ] GC(100) Concurrent Mark Free 0.002ms
[208.694s][info][gc,phases   ] GC(100) Concurrent Process Non-Strong References 23.075ms
[208.694s][info][gc,phases   ] GC(100) Concurrent Reset Relocation Set 0.001ms
[208.695s][info][gc,phases   ] GC(100) Concurrent Select Relocation Set 1.215ms
[208.695s][info][gc,phases   ] GC(100) Pause Relocate Start 0.010ms
[208.696s][info][gc,phases   ] GC(100) Concurrent Relocate 0.791ms
[208.696s][info][gc,load     ] GC(100) Load: 0.00/0.00/0.00
[208.696s][info][gc,mmu      ] GC(100) MMU: 2ms/93.6%, 5ms/97.2%, 10ms/98.6%, 20ms/99.3%, 50ms/99.7%, 100ms/99.9%
[208.696s][info][gc,marking  ] GC(100) Mark: 2 stripe(s), 1 proactive flush(es), 1 terminate flush(es), 0 completion(s), 0 continuation(s) 
[208.696s][info][gc,marking  ] GC(100) Mark Stack Usage: 32M
[208.696s][info][gc,nmethod  ] GC(100) NMethods: 20289 registered, 864 unregistered
[208.696s][info][gc,metaspace] GC(100) Metaspace: 60M used, 61M committed, 1088M reserved
[208.696s][info][gc,ref      ] GC(100) Soft: 894 encountered, 0 discovered, 0 enqueued
[208.696s][info][gc,ref      ] GC(100) Weak: 6102 encountered, 38 discovered, 25 enqueued
[208.696s][info][gc,ref      ] GC(100) Final: 0 encountered, 0 discovered, 0 enqueued
[208.696s][info][gc,ref      ] GC(100) Phantom: 79 encountered, 38 discovered, 0 enqueued
[208.696s][info][gc,reloc    ] GC(100) Small Pages: 161 / 322M, Empty: 248M, Relocated: 1M, In-Place: 0
[208.696s][info][gc,reloc    ] GC(100) Medium Pages: 2 / 64M, Empty: 32M, Relocated: 0M, In-Place: 0
[208.696s][info][gc,reloc    ] GC(100) Large Pages: 0 / 0M, Empty: 0M, Relocated: 0M, In-Place: 0
[208.696s][info][gc,reloc    ] GC(100) Forwarding Usage: 0M
[208.696s][info][gc,heap     ] GC(100) Min Capacity: 1024M(100%)
[208.696s][info][gc,heap     ] GC(100) Max Capacity: 1024M(100%)
[208.696s][info][gc,heap     ] GC(100) Soft Max Capacity: 1024M(100%)
[208.696s][info][gc,heap     ] GC(100)                Mark Start          Mark End        Relocate Start      Relocate End           High               Low         
[208.696s][info][gc,heap     ] GC(100)  Capacity:     1024M (100%)       1024M (100%)       1024M (100%)       1024M (100%)       1024M (100%)       1024M (100%)   
[208.696s][info][gc,heap     ] GC(100)      Free:      638M (62%)         638M (62%)         918M (90%)         960M (94%)         960M (94%)         638M (62%)    
[208.696s][info][gc,heap     ] GC(100)      Used:      386M (38%)         386M (38%)         106M (10%)          64M (6%)          386M (38%)          64M (6%)     
[208.696s][info][gc,heap     ] GC(100)      Live:         -                28M (3%)           28M (3%)           28M (3%)             -                  -          
[208.696s][info][gc,heap     ] GC(100) Allocated:         -                 0M (0%)            0M (0%)            0M (0%)             -                  -          
[208.696s][info][gc,heap     ] GC(100)   Garbage:         -               357M (35%)          77M (8%)           35M (3%)             -                  -          
[208.696s][info][gc,heap     ] GC(100) Reclaimed:         -                  -               280M (27%)         322M (31%)            -                  -          
[208.696s][info][gc          ] GC(100) Garbage Collection (System.gc()) 386M(38%)->64M(6%)
[210.070s][info][gc,stats    ] === Garbage Collection Statistics =======================================================================================================================
[210.070s][info][gc,stats    ]                                                              Last 10s              Last 10m              Last 10h                Total
[210.070s][info][gc,stats    ]                                                              Avg / Max             Avg / Max             Avg / Max             Avg / Max
[210.070s][info][gc,stats    ]   Collector: Garbage Collection Cycle                     51.849 / 60.719       53.134 / 170.238      53.134 / 170.238      53.134 / 170.238     ms
[210.070s][info][gc,stats    ]  Contention: Mark Segment Reset Contention                     0 / 1                 0 / 2                 0 / 2                 0 / 2           ops/s
[210.070s][info][gc,stats    ]  Contention: Mark SeqNum Reset Contention                      0 / 1                 0 / 1                 0 / 1                 0 / 1           ops/s
[210.070s][info][gc,stats    ]    Critical: Allocation Stall                                  0 / 0                 0 / 0                 0 / 0                 0 / 0           ops/s
[210.070s][info][gc,stats    ]    Critical: Allocation Stall                              0.000 / 0.000         0.000 / 0.000         0.000 / 0.000         0.000 / 0.000       ms
[210.070s][info][gc,stats    ]    Critical: GC Locker Stall                                   0 / 0                 0 / 0                 0 / 0                 0 / 0           ops/s
[210.070s][info][gc,stats    ]    Critical: GC Locker Stall                               0.000 / 0.000         0.000 / 0.000         0.000 / 0.000         0.000 / 0.000       ms
[210.070s][info][gc,stats    ]    Critical: Relocation Stall                                  0 / 0                 0 / 0                 0 / 0                 0 / 0           ops/s
[210.070s][info][gc,stats    ]    Critical: Relocation Stall                              0.000 / 0.000         0.000 / 0.000         0.000 / 0.000         0.000 / 0.000       ms
[210.070s][info][gc,stats    ]      Memory: Allocation Rate                                 166 / 322             152 / 324             152 / 324             152 / 324         MB/s
[210.070s][info][gc,stats    ]      Memory: Out Of Memory                                     0 / 0                 0 / 0                 0 / 0                 0 / 0           ops/s
[210.070s][info][gc,stats    ]      Memory: Page Cache Flush                                  0 / 0                 0 / 0                 0 / 0                 0 / 0           MB/s
[210.070s][info][gc,stats    ]      Memory: Page Cache Hit L1                                76 / 148              69 / 149              69 / 149              69 / 149         ops/s
[210.070s][info][gc,stats    ]      Memory: Page Cache Hit L2                                 0 / 0                 0 / 0                 0 / 0                 0 / 0           ops/s
[210.070s][info][gc,stats    ]      Memory: Page Cache Hit L3                                 0 / 0                 0 / 28                0 / 28                0 / 28          ops/s
[210.070s][info][gc,stats    ]      Memory: Page Cache Miss                                   0 / 0                 0 / 1                 0 / 1                 0 / 1           ops/s
[210.070s][info][gc,stats    ]      Memory: Uncommit                                          0 / 0                 0 / 0                 0 / 0                 0 / 0           MB/s
[210.070s][info][gc,stats    ]      Memory: Undo Object Allocation Failed                     0 / 0                 0 / 0                 0 / 0                 0 / 0           ops/s
[210.070s][info][gc,stats    ]      Memory: Undo Object Allocation Succeeded                  0 / 0                 0 / 1                 0 / 1                 0 / 1           ops/s
[210.070s][info][gc,stats    ]      Memory: Undo Page Allocation                              0 / 0                 0 / 0                 0 / 0                 0 / 0           ops/s
[210.070s][info][gc,stats    ]       Phase: Concurrent Mark                              26.085 / 34.123       28.653 / 125.180      28.653 / 125.180      28.653 / 125.180     ms
[210.070s][info][gc,stats    ]       Phase: Concurrent Mark Continue                      0.000 / 0.000         0.000 / 0.000         0.000 / 0.000         0.000 / 0.000       ms
[210.070s][info][gc,stats    ]       Phase: Concurrent Mark Free                          0.002 / 0.003         0.002 / 0.004         0.002 / 0.004         0.002 / 0.004       ms
[210.070s][info][gc,stats    ]       Phase: Concurrent Process Non-Strong References     22.910 / 23.819       20.635 / 23.946       20.635 / 23.946       20.635 / 23.946      ms
[210.070s][info][gc,stats    ]       Phase: Concurrent Relocate                           0.797 / 0.811         1.509 / 22.669        1.509 / 22.669        1.509 / 22.669      ms
[210.070s][info][gc,stats    ]       Phase: Concurrent Reset Relocation Set               0.001 / 0.002         0.002 / 0.011         0.002 / 0.011         0.002 / 0.011       ms
[210.070s][info][gc,stats    ]       Phase: Concurrent Select Relocation Set              1.249 / 1.389         1.514 / 5.967         1.514 / 5.967         1.514 / 5.967       ms
[210.070s][info][gc,stats    ]       Phase: Pause Mark End                                0.022 / 0.025         0.022 / 0.129         0.022 / 0.129         0.022 / 0.129       ms
[210.070s][info][gc,stats    ]       Phase: Pause Mark Start                              0.005 / 0.005         0.006 / 0.013         0.006 / 0.013         0.006 / 0.013       ms
[210.070s][info][gc,stats    ]       Phase: Pause Relocate Start                          0.010 / 0.010         0.009 / 0.020         0.009 / 0.020         0.009 / 0.020       ms
[210.070s][info][gc,stats    ]    Subphase: Concurrent Classes Purge                      0.577 / 0.597         0.541 / 0.669         0.541 / 0.669         0.541 / 0.669       ms
[210.070s][info][gc,stats    ]    Subphase: Concurrent Classes Unlink                    21.121 / 21.960       18.949 / 22.092       18.949 / 22.092       18.949 / 22.092      ms
[210.070s][info][gc,stats    ]    Subphase: Concurrent Mark                              22.095 / 33.751       24.136 / 123.683      24.136 / 123.683      24.136 / 123.683     ms
[210.071s][info][gc,stats    ]    Subphase: Concurrent Mark Try Flush                     0.076 / 0.132         0.089 / 0.579         0.089 / 0.579         0.089 / 0.579       ms
[210.071s][info][gc,stats    ]    Subphase: Concurrent Mark Try Terminate                 2.495 / 15.239        2.968 / 16.835        2.968 / 16.835        2.968 / 16.835      ms
[210.071s][info][gc,stats    ]    Subphase: Concurrent References Enqueue                 0.005 / 0.008         0.006 / 0.008         0.006 / 0.008         0.006 / 0.008       ms
[210.071s][info][gc,stats    ]    Subphase: Concurrent References Process                 0.136 / 0.154         0.167 / 2.199         0.167 / 2.199         0.167 / 2.199       ms
[210.071s][info][gc,stats    ]    Subphase: Concurrent Roots ClassLoaderDataGraph         0.067 / 0.152         0.065 / 0.216         0.065 / 0.216         0.065 / 0.216       ms
[210.071s][info][gc,stats    ]    Subphase: Concurrent Roots CodeCache                    0.000 / 0.000         0.000 / 0.000         0.000 / 0.000         0.000 / 0.000       ms
[210.071s][info][gc,stats    ]    Subphase: Concurrent Roots JavaThreads                  0.162 / 0.298         0.209 / 2.857         0.209 / 2.857         0.209 / 2.857       ms
[210.071s][info][gc,stats    ]    Subphase: Concurrent Roots OopStorageSet                0.013 / 0.020         0.014 / 0.061         0.014 / 0.061         0.014 / 0.061       ms
[210.071s][info][gc,stats    ]    Subphase: Concurrent Weak Roots OopStorageSet           0.844 / 0.993         0.757 / 1.280         0.757 / 1.280         0.757 / 1.280       ms
[210.071s][info][gc,stats    ]    Subphase: Pause Mark Try Complete                       0.000 / 0.000         0.005 / 0.014         0.005 / 0.014         0.005 / 0.014       ms
[210.071s][info][gc,stats    ]      System: Java Threads                                     12 / 12               12 / 13               12 / 13               12 / 13          threads
[210.071s][info][gc,stats    ] =========================================================================================================================================================
[210.501s][info][gc,start    ] GC(101) Garbage Collection (System.gc())
[210.501s][info][gc,task     ] GC(101) Using 2 workers
[210.501s][info][gc,phases   ] GC(101) Pause Mark Start 0.005ms
[210.525s][info][gc,phases   ] GC(101) Concurrent Mark 23.992ms
[210.525s][info][gc,phases   ] GC(101) Pause Mark End 0.018ms
[210.526s][info][gc,phases   ] GC(101) Concurrent Mark Free 0.001ms
[210.548s][info][gc,phases   ] GC(101) Concurrent Process Non-Strong References 22.330ms
[210.548s][info][gc,phases   ] GC(101) Concurrent Reset Relocation Set 0.002ms
[210.549s][info][gc,phases   ] GC(101) Concurrent Select Relocation Set 1.339ms
[210.549s][info][gc,phases   ] GC(101) Pause Relocate Start 0.010ms
[210.550s][info][gc,phases   ] GC(101) Concurrent Relocate 0.801ms
[210.550s][info][gc,load     ] GC(101) Load: 0.00/0.00/0.00
[210.550s][info][gc,mmu      ] GC(101) MMU: 2ms/93.6%, 5ms/97.2%, 10ms/98.6%, 20ms/99.3%, 50ms/99.7%, 100ms/99.9%
[210.550s][info][gc,marking  ] GC(101) Mark: 2 stripe(s), 1 proactive flush(es), 1 terminate flush(es), 0 completion(s), 0 continuation(s) 
[210.550s][info][gc,marking  ] GC(101) Mark Stack Usage: 32M
[210.550s][info][gc,nmethod  ] GC(101) NMethods: 20303 registered, 864 unregistered
[210.550s][info][gc,metaspace] GC(101) Metaspace: 60M used, 61M committed, 1088M reserved
[210.550s][info][gc,ref      ] GC(101) Soft: 894 encountered, 0 discovered, 0 enqueued
[210.550s][info][gc,ref      ] GC(101) Weak: 6177 encountered, 119 discovered, 70 enqueued
[210.550s][info][gc,ref      ] GC(101) Final: 0 encountered, 0 discovered, 0 enqueued
[210.550s][info][gc,ref      ] GC(101) Phantom: 79 encountered, 45 discovered, 0 enqueued
[210.550s][info][gc,reloc    ] GC(101) Small Pages: 161 / 322M, Empty: 254M, Relocated: 1M, In-Place: 0
[210.550s][info][gc,reloc    ] GC(101) Medium Pages: 2 / 64M, Empty: 32M, Relocated: 0M, In-Place: 0
[210.550s][info][gc,reloc    ] GC(101) Large Pages: 0 / 0M, Empty: 0M, Relocated: 0M, In-Place: 0
[210.550s][info][gc,reloc    ] GC(101) Forwarding Usage: 0M
[210.550s][info][gc,heap     ] GC(101) Min Capacity: 1024M(100%)
[210.550s][info][gc,heap     ] GC(101) Max Capacity: 1024M(100%)
[210.550s][info][gc,heap     ] GC(101) Soft Max Capacity: 1024M(100%)
[210.550s][info][gc,heap     ] GC(101)                Mark Start          Mark End        Relocate Start      Relocate End           High               Low         
[210.550s][info][gc,heap     ] GC(101)  Capacity:     1024M (100%)       1024M (100%)       1024M (100%)       1024M (100%)       1024M (100%)       1024M (100%)   
[210.550s][info][gc,heap     ] GC(101)      Free:      638M (62%)         638M (62%)         924M (90%)         960M (94%)         960M (94%)         638M (62%)    
[210.550s][info][gc,heap     ] GC(101)      Used:      386M (38%)         386M (38%)         100M (10%)          64M (6%)          386M (38%)          64M (6%)     
[210.550s][info][gc,heap     ] GC(101)      Live:         -                28M (3%)           28M (3%)           28M (3%)             -                  -          
[210.550s][info][gc,heap     ] GC(101) Allocated:         -                 0M (0%)            0M (0%)            0M (0%)             -                  -          
[210.550s][info][gc,heap     ] GC(101)   Garbage:         -               357M (35%)          71M (7%)           35M (3%)             -                  -          
[210.551s][info][gc,heap     ] GC(101) Reclaimed:         -                  -               286M (28%)         322M (31%)            -                  -          
[210.551s][info][gc          ] GC(101) Garbage Collection (System.gc()) 386M(38%)->64M(6%)
[212.358s][info][gc,start    ] GC(102) Garbage Collection (System.gc())
[212.358s][info][gc,task     ] GC(102) Using 2 workers
[212.358s][info][gc,phases   ] GC(102) Pause Mark Start 0.005ms
[212.379s][info][gc,phases   ] GC(102) Concurrent Mark 21.472ms
[212.380s][info][gc,phases   ] GC(102) Pause Mark End 0.013ms
[212.380s][info][gc,phases   ] GC(102) Concurrent Mark Free 0.002ms
[212.402s][info][gc,phases   ] GC(102) Concurrent Process Non-Strong References 22.628ms
[212.402s][info][gc,phases   ] GC(102) Concurrent Reset Relocation Set 0.002ms
[212.404s][info][gc,phases   ] GC(102) Concurrent Select Relocation Set 1.587ms
[212.404s][info][gc,phases   ] GC(102) Pause Relocate Start 0.007ms
[212.405s][info][gc,phases   ] GC(102) Concurrent Relocate 1.224ms
[212.405s][info][gc,load     ] GC(102) Load: 0.00/0.00/0.00
[212.405s][info][gc,mmu      ] GC(102) MMU: 2ms/93.6%, 5ms/97.2%, 10ms/98.6%, 20ms/99.3%, 50ms/99.7%, 100ms/99.9%
[212.405s][info][gc,marking  ] GC(102) Mark: 2 stripe(s), 1 proactive flush(es), 1 terminate flush(es), 0 completion(s), 0 continuation(s) 
[212.405s][info][gc,marking  ] GC(102) Mark Stack Usage: 32M
[212.405s][info][gc,nmethod  ] GC(102) NMethods: 20314 registered, 864 unregistered
[212.405s][info][gc,metaspace] GC(102) Metaspace: 60M used, 61M committed, 1088M reserved
[212.405s][info][gc,ref      ] GC(102) Soft: 894 encountered, 0 discovered, 0 enqueued
[212.405s][info][gc,ref      ] GC(102) Weak: 6102 encountered, 47 discovered, 25 enqueued
[212.405s][info][gc,ref      ] GC(102) Final: 0 encountered, 0 discovered, 0 enqueued
[212.405s][info][gc,ref      ] GC(102) Phantom: 79 encountered, 38 discovered, 0 enqueued
[212.405s][info][gc,reloc    ] GC(102) Small Pages: 161 / 322M, Empty: 256M, Relocated: 1M, In-Place: 0
[212.405s][info][gc,reloc    ] GC(102) Medium Pages: 2 / 64M, Empty: 32M, Relocated: 0M, In-Place: 0
[212.406s][info][gc,reloc    ] GC(102) Large Pages: 0 / 0M, Empty: 0M, Relocated: 0M, In-Place: 0
[212.406s][info][gc,reloc    ] GC(102) Forwarding Usage: 0M
[212.406s][info][gc,heap     ] GC(102) Min Capacity: 1024M(100%)
[212.406s][info][gc,heap     ] GC(102) Max Capacity: 1024M(100%)
[212.406s][info][gc,heap     ] GC(102) Soft Max Capacity: 1024M(100%)
[212.406s][info][gc,heap     ] GC(102)                Mark Start          Mark End        Relocate Start      Relocate End           High               Low         
[212.406s][info][gc,heap     ] GC(102)  Capacity:     1024M (100%)       1024M (100%)       1024M (100%)       1024M (100%)       1024M (100%)       1024M (100%)   
[212.406s][info][gc,heap     ] GC(102)      Free:      638M (62%)         638M (62%)         926M (90%)         960M (94%)         960M (94%)         638M (62%)    
[212.406s][info][gc,heap     ] GC(102)      Used:      386M (38%)         386M (38%)          98M (10%)          64M (6%)          386M (38%)          64M (6%)     
[212.406s][info][gc,heap     ] GC(102)      Live:         -                28M (3%)           28M (3%)           28M (3%)             -                  -          
[212.406s][info][gc,heap     ] GC(102) Allocated:         -                 0M (0%)            0M (0%)            0M (0%)             -                  -          
[212.406s][info][gc,heap     ] GC(102)   Garbage:         -               357M (35%)          69M (7%)           35M (3%)             -                  -          
[212.406s][info][gc,heap     ] GC(102) Reclaimed:         -                  -               288M (28%)         322M (31%)            -                  -          
[212.406s][info][gc          ] GC(102) Garbage Collection (System.gc()) 386M(38%)->64M(6%)
[214.209s][info][gc,start    ] GC(103) Garbage Collection (System.gc())
[214.209s][info][gc,task     ] GC(103) Using 2 workers
[214.209s][info][gc,phases   ] GC(103) Pause Mark Start 0.007ms
[214.234s][info][gc,phases   ] GC(103) Concurrent Mark 24.666ms
[214.234s][info][gc,phases   ] GC(103) Pause Mark End 0.021ms
[214.234s][info][gc,phases   ] GC(103) Concurrent Mark Free 0.001ms
[214.258s][info][gc,phases   ] GC(103) Concurrent Process Non-Strong References 23.515ms
[214.258s][info][gc,phases   ] GC(103) Concurrent Reset Relocation Set 0.001ms
[214.259s][info][gc,phases   ] GC(103) Concurrent Select Relocation Set 1.351ms
[214.259s][info][gc,phases   ] GC(103) Pause Relocate Start 0.010ms
[214.261s][info][gc,phases   ] GC(103) Concurrent Relocate 1.310ms
[214.261s][info][gc,load     ] GC(103) Load: 0.00/0.00/0.00
[214.261s][info][gc,mmu      ] GC(103) MMU: 2ms/93.6%, 5ms/97.2%, 10ms/98.6%, 20ms/99.3%, 50ms/99.7%, 100ms/99.9%
[214.261s][info][gc,marking  ] GC(103) Mark: 2 stripe(s), 2 proactive flush(es), 1 terminate flush(es), 0 completion(s), 0 continuation(s) 
[214.261s][info][gc,marking  ] GC(103) Mark Stack Usage: 32M
[214.261s][info][gc,nmethod  ] GC(103) NMethods: 20337 registered, 864 unregistered
[214.261s][info][gc,metaspace] GC(103) Metaspace: 60M used, 61M committed, 1088M reserved
[214.261s][info][gc,ref      ] GC(103) Soft: 894 encountered, 0 discovered, 0 enqueued
[214.261s][info][gc,ref      ] GC(103) Weak: 6177 encountered, 125 discovered, 70 enqueued
[214.261s][info][gc,ref      ] GC(103) Final: 0 encountered, 0 discovered, 0 enqueued
[214.261s][info][gc,ref      ] GC(103) Phantom: 79 encountered, 45 discovered, 0 enqueued
[214.261s][info][gc,reloc    ] GC(103) Small Pages: 161 / 322M, Empty: 250M, Relocated: 1M, In-Place: 0
[214.261s][info][gc,reloc    ] GC(103) Medium Pages: 2 / 64M, Empty: 32M, Relocated: 0M, In-Place: 0
[214.261s][info][gc,reloc    ] GC(103) Large Pages: 0 / 0M, Empty: 0M, Relocated: 0M, In-Place: 0
[214.261s][info][gc,reloc    ] GC(103) Forwarding Usage: 0M
[214.261s][info][gc,heap     ] GC(103) Min Capacity: 1024M(100%)
[214.261s][info][gc,heap     ] GC(103) Max Capacity: 1024M(100%)
[214.261s][info][gc,heap     ] GC(103) Soft Max Capacity: 1024M(100%)
[214.261s][info][gc,heap     ] GC(103)                Mark Start          Mark End        Relocate Start      Relocate End           High               Low         
[214.261s][info][gc,heap     ] GC(103)  Capacity:     1024M (100%)       1024M (100%)       1024M (100%)       1024M (100%)       1024M (100%)       1024M (100%)   
[214.261s][info][gc,heap     ] GC(103)      Free:      638M (62%)         638M (62%)         920M (90%)         960M (94%)         960M (94%)         638M (62%)    
[214.261s][info][gc,heap     ] GC(103)      Used:      386M (38%)         386M (38%)         104M (10%)          64M (6%)          386M (38%)          64M (6%)     
[214.261s][info][gc,heap     ] GC(103)      Live:         -                28M (3%)           28M (3%)           28M (3%)             -                  -          
[214.261s][info][gc,heap     ] GC(103) Allocated:         -                 0M (0%)            0M (0%)            0M (0%)             -                  -          
[214.261s][info][gc,heap     ] GC(103)   Garbage:         -               357M (35%)          75M (7%)           35M (3%)             -                  -          
[214.261s][info][gc,heap     ] GC(103) Reclaimed:         -                  -               282M (28%)         322M (31%)            -                  -          
[214.261s][info][gc          ] GC(103) Garbage Collection (System.gc()) 386M(38%)->64M(6%)
[216.081s][info][gc,heap,exit] Heap
[216.081s][info][gc,heap,exit]  ZHeap           used 390M, capacity 1024M, max capacity 1024M
[216.081s][info][gc,heap,exit]  Metaspace       used 61989K, committed 62464K, reserved 1114112K
[216.081s][info][gc,heap,exit]   class space    used 6706K, committed 6912K, reserved 1048576K
