[0.028s][info][gc] Using Serial
[0.028s][info][gc,heap,coops] Heap address: 0x0000000600000000, size: 8192 MB, Compressed Oops mode: Zero based, Oop shift amount: 3
[0.547s][info][gc,start     ] GC(0) Pause Full (System.gc())
[0.547s][info][gc,phases,start] GC(0) Phase 1: Mark live objects
[0.551s][info][gc,phases      ] GC(0) Phase 1: Mark live objects 4.065ms
[0.551s][info][gc,phases,start] GC(0) Phase 2: Compute new object addresses
[0.553s][info][gc,phases      ] GC(0) Phase 2: Compute new object addresses 2.000ms
[0.553s][info][gc,phases,start] GC(0) Phase 3: Adjust pointers
[0.556s][info][gc,phases      ] GC(0) Phase 3: Adjust pointers 2.495ms
[0.558s][info][gc,phases,start] GC(0) Phase 4: Move objects
[0.561s][info][gc,phases      ] GC(0) Phase 4: Move objects 2.384ms
[0.561s][info][gc,heap        ] GC(0) DefNew: 134215K->0K(2516544K)
[0.561s][info][gc,heap        ] GC(0) Tenured: 0K->3392K(5592448K)
[0.561s][info][gc,metaspace   ] GC(0) Metaspace: 13247K(13952K)->13247K(13952K) NonClass: 11806K(12288K)->11806K(12288K) Class: 1441K(1664K)->1441K(1664K)
[0.561s][info][gc             ] GC(0) Pause Full (System.gc()) 131M->3M(7918M) 14.132ms
[0.561s][info][gc,cpu         ] GC(0) User=0.02s Sys=0.00s Real=0.02s
[3.694s][info][gc,start       ] GC(1) Pause Young (Allocation Failure)
[3.697s][info][gc,heap        ] GC(1) DefNew: 2236928K->1842K(2516544K)
[3.697s][info][gc,heap        ] GC(1) Tenured: 3392K->3392K(5592448K)
[3.697s][info][gc,metaspace   ] GC(1) Metaspace: 15356K(15872K)->15356K(15872K) NonClass: 13777K(14080K)->13777K(14080K) Class: 1578K(1792K)->1578K(1792K)
[3.697s][info][gc             ] GC(1) Pause Young (Allocation Failure) 2187M->5M(7918M) 3.346ms
[3.697s][info][gc,cpu         ] GC(1) User=0.00s Sys=0.00s Real=0.00s
[5.481s][info][gc,start       ] GC(2) Pause Young (Allocation Failure)
[5.484s][info][gc,heap        ] GC(2) DefNew: 2238770K->2063K(2516544K)
[5.484s][info][gc,heap        ] GC(2) Tenured: 3392K->3392K(5592448K)
[5.484s][info][gc,metaspace   ] GC(2) Metaspace: 15434K(16128K)->15434K(16128K) NonClass: 13852K(14336K)->13852K(14336K) Class: 1581K(1792K)->1581K(1792K)
[5.484s][info][gc             ] GC(2) Pause Young (Allocation Failure) 2189M->5M(7918M) 3.187ms
[5.484s][info][gc,cpu         ] GC(2) User=0.00s Sys=0.00s Real=0.00s
[6.469s][info][gc,start       ] GC(3) Pause Full (System.gc())
[6.470s][info][gc,phases,start] GC(3) Phase 1: Mark live objects
[6.481s][info][gc,phases      ] GC(3) Phase 1: Mark live objects 11.402ms
[6.481s][info][gc,phases,start] GC(3) Phase 2: Compute new object addresses
[6.536s][info][gc,phases      ] GC(3) Phase 2: Compute new object addresses 54.637ms
[6.536s][info][gc,phases,start] GC(3) Phase 3: Adjust pointers
[6.540s][info][gc,phases      ] GC(3) Phase 3: Adjust pointers 4.754ms
[6.540s][info][gc,phases,start] GC(3) Phase 4: Move objects
[6.541s][info][gc,phases      ] GC(3) Phase 4: Move objects 0.156ms
[6.541s][info][gc,heap        ] GC(3) DefNew: 714230K->0K(2516544K)
[6.541s][info][gc,heap        ] GC(3) Tenured: 3392K->3866K(5592448K)
[6.541s][info][gc,metaspace   ] GC(3) Metaspace: 15551K(16128K)->15551K(16128K) NonClass: 13960K(14336K)->13960K(14336K) Class: 1591K(1792K)->1591K(1792K)
[6.541s][info][gc             ] GC(3) Pause Full (System.gc()) 700M->3M(7918M) 71.689ms
[6.541s][info][gc,cpu         ] GC(3) User=0.06s Sys=0.00s Real=0.08s
[7.779s][info][gc,start       ] GC(4) Pause Young (Allocation Failure)
[7.780s][info][gc,heap        ] GC(4) DefNew: 2236928K->1843K(2516544K)
[7.780s][info][gc,heap        ] GC(4) Tenured: 3866K->3866K(5592448K)
[7.780s][info][gc,metaspace   ] GC(4) Metaspace: 15543K(16128K)->15543K(16128K) NonClass: 13954K(14336K)->13954K(14336K) Class: 1588K(1792K)->1588K(1792K)
[7.780s][info][gc             ] GC(4) Pause Young (Allocation Failure) 2188M->5M(7918M) 1.459ms
[7.780s][info][gc,cpu         ] GC(4) User=0.00s Sys=0.00s Real=0.00s
[8.917s][info][gc,start       ] GC(5) Pause Young (Allocation Failure)
[8.918s][info][gc,heap        ] GC(5) DefNew: 2238771K->1226K(2516544K)
[8.918s][info][gc,heap        ] GC(5) Tenured: 3866K->3866K(5592448K)
[8.918s][info][gc,metaspace   ] GC(5) Metaspace: 15543K(16128K)->15543K(16128K) NonClass: 13954K(14336K)->13954K(14336K) Class: 1588K(1792K)->1588K(1792K)
[8.918s][info][gc             ] GC(5) Pause Young (Allocation Failure) 2190M->4M(7918M) 0.905ms
[8.918s][info][gc,cpu         ] GC(5) User=0.00s Sys=0.00s Real=0.00s
[9.473s][info][gc,start       ] GC(6) Pause Full (System.gc())
[9.474s][info][gc,phases,start] GC(6) Phase 1: Mark live objects
[9.478s][info][gc,phases      ] GC(6) Phase 1: Mark live objects 4.913ms
[9.478s][info][gc,phases,start] GC(6) Phase 2: Compute new object addresses
[9.520s][info][gc,phases      ] GC(6) Phase 2: Compute new object addresses 41.807ms
[9.520s][info][gc,phases,start] GC(6) Phase 3: Adjust pointers
[9.525s][info][gc,phases      ] GC(6) Phase 3: Adjust pointers 4.878ms
[9.525s][info][gc,phases,start] GC(6) Phase 4: Move objects
[9.525s][info][gc,phases      ] GC(6) Phase 4: Move objects 0.013ms
[9.525s][info][gc,heap        ] GC(6) DefNew: 524291K->0K(2516544K)
[9.525s][info][gc,heap        ] GC(6) Tenured: 3866K->3886K(5592448K)
[9.525s][info][gc,metaspace   ] GC(6) Metaspace: 15544K(16128K)->15544K(16128K) NonClass: 13955K(14336K)->13955K(14336K) Class: 1588K(1792K)->1588K(1792K)
[9.525s][info][gc             ] GC(6) Pause Full (System.gc()) 515M->3M(7918M) 51.880ms
[9.525s][info][gc,cpu         ] GC(6) User=0.05s Sys=0.00s Real=0.05s
[10.617s][info][gc,start       ] GC(7) Pause Young (Allocation Failure)
[10.618s][info][gc,heap        ] GC(7) DefNew: 2236928K->1526K(2516544K)
[10.618s][info][gc,heap        ] GC(7) Tenured: 3886K->3886K(5592448K)
[10.618s][info][gc,metaspace   ] GC(7) Metaspace: 15561K(16128K)->15561K(16128K) NonClass: 13970K(14336K)->13970K(14336K) Class: 1590K(1792K)->1590K(1792K)
[10.618s][info][gc             ] GC(7) Pause Young (Allocation Failure) 2188M->5M(7918M) 1.173ms
[10.618s][info][gc,cpu         ] GC(7) User=0.00s Sys=0.00s Real=0.00s
[11.719s][info][gc,start       ] GC(8) Pause Young (Allocation Failure)
[11.720s][info][gc,heap        ] GC(8) DefNew: 2238454K->1546K(2516544K)
[11.720s][info][gc,heap        ] GC(8) Tenured: 3886K->3886K(5592448K)
[11.720s][info][gc,metaspace   ] GC(8) Metaspace: 15561K(16128K)->15561K(16128K) NonClass: 13970K(14336K)->13970K(14336K) Class: 1590K(1792K)->1590K(1792K)
[11.720s][info][gc             ] GC(8) Pause Young (Allocation Failure) 2189M->5M(7918M) 1.132ms
[11.720s][info][gc,cpu         ] GC(8) User=0.00s Sys=0.00s Real=0.00s
[12.047s][info][gc,start       ] GC(9) Pause Full (System.gc())
[12.048s][info][gc,phases,start] GC(9) Phase 1: Mark live objects
[12.053s][info][gc,phases      ] GC(9) Phase 1: Mark live objects 5.478ms
[12.053s][info][gc,phases,start] GC(9) Phase 2: Compute new object addresses
[12.091s][info][gc,phases      ] GC(9) Phase 2: Compute new object addresses 38.435ms
[12.092s][info][gc,phases,start] GC(9) Phase 3: Adjust pointers
[12.097s][info][gc,phases      ] GC(9) Phase 3: Adjust pointers 5.223ms
[12.097s][info][gc,phases,start] GC(9) Phase 4: Move objects
[12.098s][info][gc,phases      ] GC(9) Phase 4: Move objects 0.763ms
[12.098s][info][gc,heap        ] GC(9) DefNew: 488213K->0K(2516544K)
[12.098s][info][gc,heap        ] GC(9) Tenured: 3886K->3861K(5592448K)
[12.098s][info][gc,metaspace   ] GC(9) Metaspace: 15562K(16128K)->15562K(16128K) NonClass: 13971K(14336K)->13971K(14336K) Class: 1590K(1792K)->1590K(1792K)
[12.098s][info][gc             ] GC(9) Pause Full (System.gc()) 480M->3M(7918M) 50.306ms
[12.098s][info][gc,cpu         ] GC(9) User=0.05s Sys=0.00s Real=0.06s
[13.195s][info][gc,start       ] GC(10) Pause Young (Allocation Failure)
[13.196s][info][gc,heap        ] GC(10) DefNew: 2236928K->1251K(2516544K)
[13.196s][info][gc,heap        ] GC(10) Tenured: 3861K->3861K(5592448K)
[13.196s][info][gc,metaspace   ] GC(10) Metaspace: 15563K(16128K)->15563K(16128K) NonClass: 13973K(14336K)->13973K(14336K) Class: 1590K(1792K)->1590K(1792K)
[13.196s][info][gc             ] GC(10) Pause Young (Allocation Failure) 2188M->4M(7918M) 1.113ms
[13.196s][info][gc,cpu         ] GC(10) User=0.00s Sys=0.00s Real=0.00s
[14.283s][info][gc,start       ] GC(11) Pause Young (Allocation Failure)
[14.285s][info][gc,heap        ] GC(11) DefNew: 2238179K->1449K(2516544K)
[14.285s][info][gc,heap        ] GC(11) Tenured: 3861K->3861K(5592448K)
[14.285s][info][gc,metaspace   ] GC(11) Metaspace: 15563K(16128K)->15563K(16128K) NonClass: 13973K(14336K)->13973K(14336K) Class: 1590K(1792K)->1590K(1792K)
[14.285s][info][gc             ] GC(11) Pause Young (Allocation Failure) 2189M->5M(7918M) 1.091ms
[14.285s][info][gc,cpu         ] GC(11) User=0.00s Sys=0.00s Real=0.00s
[14.708s][info][gc,start       ] GC(12) Pause Full (System.gc())
[14.708s][info][gc,phases,start] GC(12) Phase 1: Mark live objects
[14.713s][info][gc,phases      ] GC(12) Phase 1: Mark live objects 5.397ms
[14.713s][info][gc,phases,start] GC(12) Phase 2: Compute new object addresses
[14.751s][info][gc,phases      ] GC(12) Phase 2: Compute new object addresses 38.282ms
[14.751s][info][gc,phases,start] GC(12) Phase 3: Adjust pointers
[14.757s][info][gc,phases      ] GC(12) Phase 3: Adjust pointers 5.138ms
[14.757s][info][gc,phases,start] GC(12) Phase 4: Move objects
[14.757s][info][gc,phases      ] GC(12) Phase 4: Move objects 0.011ms
[14.757s][info][gc,heap        ] GC(12) DefNew: 489552K->0K(2516544K)
[14.757s][info][gc,heap        ] GC(12) Tenured: 3861K->3865K(5592448K)
[14.757s][info][gc,metaspace   ] GC(12) Metaspace: 15563K(16128K)->15563K(16128K) NonClass: 13973K(14336K)->13973K(14336K) Class: 1590K(1792K)->1590K(1792K)
[14.757s][info][gc             ] GC(12) Pause Full (System.gc()) 481M->3M(7918M) 49.146ms
[14.757s][info][gc,cpu         ] GC(12) User=0.05s Sys=0.00s Real=0.04s
[15.849s][info][gc,start       ] GC(13) Pause Young (Allocation Failure)
[15.850s][info][gc,heap        ] GC(13) DefNew: 2236928K->1542K(2516544K)
[15.851s][info][gc,heap        ] GC(13) Tenured: 3865K->3865K(5592448K)
[15.851s][info][gc,metaspace   ] GC(13) Metaspace: 15563K(16128K)->15563K(16128K) NonClass: 13973K(14336K)->13973K(14336K) Class: 1590K(1792K)->1590K(1792K)
[15.851s][info][gc             ] GC(13) Pause Young (Allocation Failure) 2188M->5M(7918M) 1.225ms
[15.851s][info][gc,cpu         ] GC(13) User=0.00s Sys=0.00s Real=0.00s
[16.971s][info][gc,start       ] GC(14) Pause Young (Allocation Failure)
[16.972s][info][gc,heap        ] GC(14) DefNew: 2238470K->1372K(2516544K)
[16.972s][info][gc,heap        ] GC(14) Tenured: 3865K->3865K(5592448K)
[16.972s][info][gc,metaspace   ] GC(14) Metaspace: 15563K(16128K)->15563K(16128K) NonClass: 13973K(14336K)->13973K(14336K) Class: 1590K(1792K)->1590K(1792K)
[16.972s][info][gc             ] GC(14) Pause Young (Allocation Failure) 2189M->5M(7918M) 1.039ms
[16.972s][info][gc,cpu         ] GC(14) User=0.00s Sys=0.00s Real=0.00s
[17.398s][info][gc,start       ] GC(15) Pause Full (System.gc())
[17.398s][info][gc,phases,start] GC(15) Phase 1: Mark live objects
[17.402s][info][gc,phases      ] GC(15) Phase 1: Mark live objects 4.849ms
[17.402s][info][gc,phases,start] GC(15) Phase 2: Compute new object addresses
[17.440s][info][gc,phases      ] GC(15) Phase 2: Compute new object addresses 37.044ms
[17.440s][info][gc,phases,start] GC(15) Phase 3: Adjust pointers
[17.444s][info][gc,phases      ] GC(15) Phase 3: Adjust pointers 4.931ms
[17.445s][info][gc,phases,start] GC(15) Phase 4: Move objects
[17.445s][info][gc,phases      ] GC(15) Phase 4: Move objects 0.010ms
[17.445s][info][gc,heap        ] GC(15) DefNew: 468640K->0K(2516544K)
[17.445s][info][gc,heap        ] GC(15) Tenured: 3865K->3868K(5592448K)
[17.445s][info][gc,metaspace   ] GC(15) Metaspace: 15564K(16128K)->15564K(16128K) NonClass: 13974K(14336K)->13974K(14336K) Class: 1590K(1792K)->1590K(1792K)
[17.445s][info][gc             ] GC(15) Pause Full (System.gc()) 461M->3M(7918M) 47.093ms
[17.445s][info][gc,cpu         ] GC(15) User=0.05s Sys=0.00s Real=0.04s
[18.570s][info][gc,start       ] GC(16) Pause Young (Allocation Failure)
[18.572s][info][gc,heap        ] GC(16) DefNew: 2236928K->1630K(2516544K)
[18.572s][info][gc,heap        ] GC(16) Tenured: 3868K->3868K(5592448K)
[18.572s][info][gc,metaspace   ] GC(16) Metaspace: 15568K(16128K)->15568K(16128K) NonClass: 13978K(14336K)->13978K(14336K) Class: 1590K(1792K)->1590K(1792K)
[18.572s][info][gc             ] GC(16) Pause Young (Allocation Failure) 2188M->5M(7918M) 1.990ms
[18.572s][info][gc,cpu         ] GC(16) User=0.00s Sys=0.00s Real=0.00s
[19.681s][info][gc,start       ] GC(17) Pause Young (Allocation Failure)
[19.682s][info][gc,heap        ] GC(17) DefNew: 2238558K->1686K(2516544K)
[19.682s][info][gc,heap        ] GC(17) Tenured: 3868K->3868K(5592448K)
[19.682s][info][gc,metaspace   ] GC(17) Metaspace: 15568K(16128K)->15568K(16128K) NonClass: 13978K(14336K)->13978K(14336K) Class: 1590K(1792K)->1590K(1792K)
[19.683s][info][gc             ] GC(17) Pause Young (Allocation Failure) 2189M->5M(7918M) 1.307ms
[19.683s][info][gc,cpu         ] GC(17) User=0.00s Sys=0.00s Real=0.00s
[20.140s][info][gc,start       ] GC(18) Pause Full (System.gc())
[20.140s][info][gc,phases,start] GC(18) Phase 1: Mark live objects
[20.145s][info][gc,phases      ] GC(18) Phase 1: Mark live objects 4.900ms
[20.145s][info][gc,phases,start] GC(18) Phase 2: Compute new object addresses
[20.185s][info][gc,phases      ] GC(18) Phase 2: Compute new object addresses 39.929ms
[20.185s][info][gc,phases,start] GC(18) Phase 3: Adjust pointers
[20.190s][info][gc,phases      ] GC(18) Phase 3: Adjust pointers 5.091ms
[20.190s][info][gc,phases,start] GC(18) Phase 4: Move objects
[20.190s][info][gc,phases      ] GC(18) Phase 4: Move objects 0.010ms
[20.190s][info][gc,heap        ] GC(18) DefNew: 475072K->0K(2516544K)
[20.190s][info][gc,heap        ] GC(18) Tenured: 3868K->3872K(5592448K)
[20.190s][info][gc,metaspace   ] GC(18) Metaspace: 15568K(16128K)->15568K(16128K) NonClass: 13978K(14336K)->13978K(14336K) Class: 1590K(1792K)->1590K(1792K)
[20.190s][info][gc             ] GC(18) Pause Full (System.gc()) 467M->3M(7918M) 50.204ms
[20.190s][info][gc,cpu         ] GC(18) User=0.05s Sys=0.00s Real=0.05s
[21.280s][info][gc,start       ] GC(19) Pause Young (Allocation Failure)
[21.281s][info][gc,heap        ] GC(19) DefNew: 2236928K->1538K(2516544K)
[21.281s][info][gc,heap        ] GC(19) Tenured: 3872K->3872K(5592448K)
[21.281s][info][gc,metaspace   ] GC(19) Metaspace: 15574K(16128K)->15574K(16128K) NonClass: 13983K(14336K)->13983K(14336K) Class: 1590K(1792K)->1590K(1792K)
[21.281s][info][gc             ] GC(19) Pause Young (Allocation Failure) 2188M->5M(7918M) 1.180ms
[21.281s][info][gc,cpu         ] GC(19) User=0.00s Sys=0.00s Real=0.00s
[22.351s][info][gc,start       ] GC(20) Pause Young (Allocation Failure)
[22.352s][info][gc,heap        ] GC(20) DefNew: 2238466K->1724K(2516544K)
[22.352s][info][gc,heap        ] GC(20) Tenured: 3872K->3872K(5592448K)
[22.352s][info][gc,metaspace   ] GC(20) Metaspace: 15574K(16128K)->15574K(16128K) NonClass: 13983K(14336K)->13983K(14336K) Class: 1590K(1792K)->1590K(1792K)
[22.352s][info][gc             ] GC(20) Pause Young (Allocation Failure) 2189M->5M(7918M) 1.237ms
[22.352s][info][gc,cpu         ] GC(20) User=0.00s Sys=0.00s Real=0.00s
[22.660s][info][gc,start       ] GC(21) Pause Full (System.gc())
[22.660s][info][gc,phases,start] GC(21) Phase 1: Mark live objects
[22.666s][info][gc,phases      ] GC(21) Phase 1: Mark live objects 5.202ms
[22.666s][info][gc,phases,start] GC(21) Phase 2: Compute new object addresses
[22.705s][info][gc,phases      ] GC(21) Phase 2: Compute new object addresses 39.155ms
[22.705s][info][gc,phases,start] GC(21) Phase 3: Adjust pointers
[22.710s][info][gc,phases      ] GC(21) Phase 3: Adjust pointers 4.970ms
[22.710s][info][gc,phases,start] GC(21) Phase 4: Move objects
[22.710s][info][gc,phases      ] GC(21) Phase 4: Move objects 0.011ms
[22.710s][info][gc,heap        ] GC(21) DefNew: 481359K->0K(2516544K)
[22.710s][info][gc,heap        ] GC(21) Tenured: 3872K->3861K(5592448K)
[22.710s][info][gc,metaspace   ] GC(21) Metaspace: 15577K(16128K)->15577K(16128K) NonClass: 13986K(14336K)->13986K(14336K) Class: 1590K(1792K)->1590K(1792K)
[22.710s][info][gc             ] GC(21) Pause Full (System.gc()) 473M->3M(7918M) 49.717ms
[22.710s][info][gc,cpu         ] GC(21) User=0.05s Sys=0.00s Real=0.06s
[23.783s][info][gc,start       ] GC(22) Pause Young (Allocation Failure)
[23.784s][info][gc,heap        ] GC(22) DefNew: 2236928K->1704K(2516544K)
[23.784s][info][gc,heap        ] GC(22) Tenured: 3861K->3861K(5592448K)
[23.784s][info][gc,metaspace   ] GC(22) Metaspace: 15577K(16128K)->15577K(16128K) NonClass: 13986K(14336K)->13986K(14336K) Class: 1590K(1792K)->1590K(1792K)
[23.784s][info][gc             ] GC(22) Pause Young (Allocation Failure) 2188M->5M(7918M) 1.191ms
[23.784s][info][gc,cpu         ] GC(22) User=0.00s Sys=0.00s Real=0.00s
[24.862s][info][gc,start       ] GC(23) Pause Young (Allocation Failure)
[24.863s][info][gc,heap        ] GC(23) DefNew: 2238632K->1598K(2516544K)
[24.863s][info][gc,heap        ] GC(23) Tenured: 3861K->3861K(5592448K)
[24.863s][info][gc,metaspace   ] GC(23) Metaspace: 15577K(16128K)->15577K(16128K) NonClass: 13986K(14336K)->13986K(14336K) Class: 1590K(1792K)->1590K(1792K)
[24.863s][info][gc             ] GC(23) Pause Young (Allocation Failure) 2189M->5M(7918M) 1.115ms
[24.863s][info][gc,cpu         ] GC(23) User=0.00s Sys=0.00s Real=0.00s
[25.131s][info][gc,start       ] GC(24) Pause Full (System.gc())
[25.131s][info][gc,phases,start] GC(24) Phase 1: Mark live objects
[25.136s][info][gc,phases      ] GC(24) Phase 1: Mark live objects 5.246ms
[25.136s][info][gc,phases,start] GC(24) Phase 2: Compute new object addresses
[25.175s][info][gc,phases      ] GC(24) Phase 2: Compute new object addresses 38.198ms
[25.175s][info][gc,phases,start] GC(24) Phase 3: Adjust pointers
[25.179s][info][gc,phases      ] GC(24) Phase 3: Adjust pointers 4.934ms
[25.180s][info][gc,phases,start] GC(24) Phase 4: Move objects
[25.180s][info][gc,phases      ] GC(24) Phase 4: Move objects 0.010ms
[25.180s][info][gc,heap        ] GC(24) DefNew: 482260K->0K(2516544K)
[25.180s][info][gc,heap        ] GC(24) Tenured: 3861K->3866K(5592448K)
[25.180s][info][gc,metaspace   ] GC(24) Metaspace: 15580K(16128K)->15580K(16128K) NonClass: 13989K(14336K)->13989K(14336K) Class: 1590K(1792K)->1590K(1792K)
[25.180s][info][gc             ] GC(24) Pause Full (System.gc()) 474M->3M(7918M) 48.674ms
[25.180s][info][gc,cpu         ] GC(24) User=0.03s Sys=0.00s Real=0.05s
[26.256s][info][gc,start       ] GC(25) Pause Young (Allocation Failure)
[26.257s][info][gc,heap        ] GC(25) DefNew: 2236928K->1492K(2516544K)
[26.257s][info][gc,heap        ] GC(25) Tenured: 3866K->3866K(5592448K)
[26.257s][info][gc,metaspace   ] GC(25) Metaspace: 15584K(16128K)->15584K(16128K) NonClass: 13994K(14336K)->13994K(14336K) Class: 1590K(1792K)->1590K(1792K)
[26.257s][info][gc             ] GC(25) Pause Young (Allocation Failure) 2188M->5M(7918M) 1.231ms
[26.257s][info][gc,cpu         ] GC(25) User=0.00s Sys=0.00s Real=0.00s
[27.346s][info][gc,start       ] GC(26) Pause Young (Allocation Failure)
[27.347s][info][gc,heap        ] GC(26) DefNew: 2238420K->1561K(2516544K)
[27.347s][info][gc,heap        ] GC(26) Tenured: 3866K->3866K(5592448K)
[27.347s][info][gc,metaspace   ] GC(26) Metaspace: 15586K(16128K)->15586K(16128K) NonClass: 13995K(14336K)->13995K(14336K) Class: 1590K(1792K)->1590K(1792K)
[27.347s][info][gc             ] GC(26) Pause Young (Allocation Failure) 2189M->5M(7918M) 1.122ms
[27.347s][info][gc,cpu         ] GC(26) User=0.00s Sys=0.00s Real=0.00s
[27.628s][info][gc,start       ] GC(27) Pause Full (System.gc())
[27.628s][info][gc,phases,start] GC(27) Phase 1: Mark live objects
[27.633s][info][gc,phases      ] GC(27) Phase 1: Mark live objects 5.422ms
[27.634s][info][gc,phases,start] GC(27) Phase 2: Compute new object addresses
[27.670s][info][gc,phases      ] GC(27) Phase 2: Compute new object addresses 36.856ms
[27.670s][info][gc,phases,start] GC(27) Phase 3: Adjust pointers
[27.675s][info][gc,phases      ] GC(27) Phase 3: Adjust pointers 4.944ms
[27.675s][info][gc,phases,start] GC(27) Phase 4: Move objects
[27.675s][info][gc,phases      ] GC(27) Phase 4: Move objects 0.015ms
[27.675s][info][gc,heap        ] GC(27) DefNew: 465744K->0K(2516544K)
[27.675s][info][gc,heap        ] GC(27) Tenured: 3866K->3871K(5592448K)
[27.675s][info][gc,metaspace   ] GC(27) Metaspace: 15586K(16128K)->15586K(16128K) NonClass: 13995K(14336K)->13995K(14336K) Class: 1590K(1792K)->1590K(1792K)
[27.675s][info][gc             ] GC(27) Pause Full (System.gc()) 458M->3M(7918M) 47.526ms
[27.676s][info][gc,cpu         ] GC(27) User=0.05s Sys=0.00s Real=0.05s
[28.739s][info][gc,start       ] GC(28) Pause Young (Allocation Failure)
[28.740s][info][gc,heap        ] GC(28) DefNew: 2236928K->1582K(2516544K)
[28.740s][info][gc,heap        ] GC(28) Tenured: 3871K->3871K(5592448K)
[28.740s][info][gc,metaspace   ] GC(28) Metaspace: 15591K(16128K)->15591K(16128K) NonClass: 14000K(14336K)->14000K(14336K) Class: 1590K(1792K)->1590K(1792K)
[28.740s][info][gc             ] GC(28) Pause Young (Allocation Failure) 2188M->5M(7918M) 1.205ms
[28.740s][info][gc,cpu         ] GC(28) User=0.00s Sys=0.00s Real=0.00s
[29.820s][info][gc,start       ] GC(29) Pause Young (Allocation Failure)
[29.821s][info][gc,heap        ] GC(29) DefNew: 2238510K->1712K(2516544K)
[29.821s][info][gc,heap        ] GC(29) Tenured: 3871K->3871K(5592448K)
[29.821s][info][gc,metaspace   ] GC(29) Metaspace: 15591K(16128K)->15591K(16128K) NonClass: 14000K(14336K)->14000K(14336K) Class: 1590K(1792K)->1590K(1792K)
[29.821s][info][gc             ] GC(29) Pause Young (Allocation Failure) 2189M->5M(7918M) 1.151ms
[29.821s][info][gc,cpu         ] GC(29) User=0.00s Sys=0.00s Real=0.00s
[30.076s][info][gc,heap,exit   ] Heap
[30.076s][info][gc,heap,exit   ]  def new generation   total 2516544K, used 482709K [0x0000000600000000, 0x00000006aaaa0000, 0x00000006aaaa0000)
[30.076s][info][gc,heap,exit   ]   eden space 2236928K,  21% used [0x0000000600000000, 0x000000061d5b93a8, 0x0000000688880000)
[30.076s][info][gc,heap,exit   ]   from space 279616K,   0% used [0x0000000688880000, 0x0000000688a2c2d8, 0x0000000699990000)
[30.076s][info][gc,heap,exit   ]   to   space 279616K,   0% used [0x0000000699990000, 0x0000000699990000, 0x00000006aaaa0000)
[30.076s][info][gc,heap,exit   ]  tenured generation   total 5592448K, used 3871K [0x00000006aaaa0000, 0x0000000800000000, 0x0000000800000000)
[30.076s][info][gc,heap,exit   ]    the space 5592448K,   0% used [0x00000006aaaa0000, 0x00000006aae67c00, 0x00000006aae67c00, 0x0000000800000000)
[30.076s][info][gc,heap,exit   ]  Metaspace       used 15599K, capacity 15954K, committed 16128K, reserved 1062912K
[30.076s][info][gc,heap,exit   ]   class space    used 1591K, capacity 1710K, committed 1792K, reserved 1048576K
