[0.008s][info][gc] Using G1
[0.014s][info][gc,init] Version: 17.0.12+7-adhoc..jdk17u (release)
[0.017s][info][gc,init] CPUs: 6 total, 6 available
[0.017s][info][gc,init] Memory: 15591M
[0.017s][info][gc,init] Large Page Support: Disabled
[0.017s][info][gc,init] NUMA Support: Disabled
[0.017s][info][gc,init] Compressed Oops: Enabled (32-bit)
[0.017s][info][gc,init] Heap Region Size: 1M
[0.017s][info][gc,init] Heap Min Capacity: 1G
[0.017s][info][gc,init] Heap Initial Capacity: 1G
[0.017s][info][gc,init] Heap Max Capacity: 1G
[0.017s][info][gc,init] Pre-touch: Disabled
[0.017s][info][gc,init] Parallel Workers: 6
[0.017s][info][gc,init] Concurrent Workers: 2
[0.017s][info][gc,init] Concurrent Refinement Workers: 6
[0.017s][info][gc,init] Periodic GC: Disabled
[0.025s][info][gc,metaspace] CDS archive(s) mapped at: [0x00000128b6000000-0x00000128b6bc0000-0x00000128b6bc0000), size 12320768, SharedBaseAddress: 0x00000128b6000000, ArchiveRelocationMode: 1.
[0.025s][info][gc,metaspace] Compressed class space mapped at: 0x00000128b7000000-0x00000128f7000000, reserved size: 1073741824
[0.025s][info][gc,metaspace] Narrow klass base: 0x00000128b6000000, Narrow klass shift: 0, Narrow klass range: 0x100000000
[0.637s][info][gc,start    ] GC(0) Pause Full (System.gc())
[0.638s][info][gc,task     ] GC(0) Using 6 workers of 6 for full compaction
[0.638s][info][gc,phases,start] GC(0) Phase 1: Mark live objects
[0.640s][info][gc,phases      ] GC(0) Phase 1: Mark live objects 1.693ms
[0.640s][info][gc,phases,start] GC(0) Phase 2: Prepare for compaction
[0.640s][info][gc,phases      ] GC(0) Phase 2: Prepare for compaction 0.862ms
[0.641s][info][gc,phases,start] GC(0) Phase 3: Adjust pointers
[0.641s][info][gc,phases      ] GC(0) Phase 3: Adjust pointers 0.665ms
[0.641s][info][gc,phases,start] GC(0) Phase 4: Compact heap
[0.642s][info][gc,phases      ] GC(0) Phase 4: Compact heap 1.069ms
[0.645s][info][gc,heap        ] GC(0) Eden regions: 14->0(51)
[0.645s][info][gc,heap        ] GC(0) Survivor regions: 0->0(0)
[0.645s][info][gc,heap        ] GC(0) Old regions: 0->7
[0.645s][info][gc,heap        ] GC(0) Archive regions: 0->0
[0.645s][info][gc,heap        ] GC(0) Humongous regions: 0->0
[0.645s][info][gc,metaspace   ] GC(0) Metaspace: 3251K(3520K)->3251K(3520K) NonClass: 2930K(3072K)->2930K(3072K) Class: 320K(448K)->320K(448K)
[0.645s][info][gc             ] GC(0) Pause Full (System.gc()) 14M->4M(1024M) 7.559ms
[0.645s][info][gc,cpu         ] GC(0) User=0.00s Sys=0.00s Real=0.01s
[1.348s][info][gc,start       ] GC(1) Pause Young (Normal) (G1 Evacuation Pause)
[1.348s][info][gc,task        ] GC(1) Using 6 workers of 6 for evacuation
[1.350s][info][gc,phases      ] GC(1)   Pre Evacuate Collection Set: 0.1ms
[1.351s][info][gc,phases      ] GC(1)   Merge Heap Roots: 0.1ms
[1.351s][info][gc,phases      ] GC(1)   Evacuate Collection Set: 1.6ms
[1.351s][info][gc,phases      ] GC(1)   Post Evacuate Collection Set: 0.6ms
[1.351s][info][gc,phases      ] GC(1)   Other: 0.1ms
[1.351s][info][gc,heap        ] GC(1) Eden regions: 51->0(94)
[1.351s][info][gc,heap        ] GC(1) Survivor regions: 0->4(7)
[1.351s][info][gc,heap        ] GC(1) Old regions: 7->7
[1.351s][info][gc,heap        ] GC(1) Archive regions: 0->0
[1.351s][info][gc,heap        ] GC(1) Humongous regions: 16->2
[1.351s][info][gc,metaspace   ] GC(1) Metaspace: 13610K(13824K)->13610K(13824K) NonClass: 12063K(12160K)->12063K(12160K) Class: 1546K(1664K)->1546K(1664K)
[1.351s][info][gc             ] GC(1) Pause Young (Normal) (G1 Evacuation Pause) 71M->10M(1024M) 2.571ms
[1.351s][info][gc,cpu         ] GC(1) User=0.02s Sys=0.02s Real=0.01s
[8.252s][info][gc,start       ] GC(2) Pause Full (System.gc())
[8.252s][info][gc,task        ] GC(2) Using 6 workers of 6 for full compaction
[8.252s][info][gc,phases,start] GC(2) Phase 1: Mark live objects
[8.255s][info][gc,phases      ] GC(2) Phase 1: Mark live objects 2.698ms
[8.255s][info][gc,phases,start] GC(2) Phase 2: Prepare for compaction
[8.255s][info][gc,phases      ] GC(2) Phase 2: Prepare for compaction 0.659ms
[8.255s][info][gc,phases,start] GC(2) Phase 3: Adjust pointers
[8.257s][info][gc,phases      ] GC(2) Phase 3: Adjust pointers 1.657ms
[8.257s][info][gc,phases,start] GC(2) Phase 4: Compact heap
[8.258s][info][gc,phases      ] GC(2) Phase 4: Compact heap 0.846ms
[8.261s][info][gc,heap        ] GC(2) Eden regions: 72->0(99)
[8.261s][info][gc,heap        ] GC(2) Survivor regions: 4->0(7)
[8.261s][info][gc,heap        ] GC(2) Old regions: 7->11
[8.261s][info][gc,heap        ] GC(2) Archive regions: 0->0
[8.261s][info][gc,heap        ] GC(2) Humongous regions: 2->0
[8.261s][info][gc,metaspace   ] GC(2) Metaspace: 13957K(14144K)->13957K(14144K) NonClass: 12393K(12480K)->12393K(12480K) Class: 1563K(1664K)->1563K(1664K)
[8.261s][info][gc             ] GC(2) Pause Full (System.gc()) 82M->7M(1024M) 9.530ms
[8.261s][info][gc,cpu         ] GC(2) User=0.00s Sys=0.02s Real=0.01s
[8.280s][info][gc,start       ] GC(3) Pause Full (System.gc())
[8.280s][info][gc,task        ] GC(3) Using 6 workers of 6 for full compaction
[8.280s][info][gc,phases,start] GC(3) Phase 1: Mark live objects
[8.282s][info][gc,phases      ] GC(3) Phase 1: Mark live objects 1.918ms
[8.282s][info][gc,phases,start] GC(3) Phase 2: Prepare for compaction
[8.283s][info][gc,phases      ] GC(3) Phase 2: Prepare for compaction 0.549ms
[8.283s][info][gc,phases,start] GC(3) Phase 3: Adjust pointers
[8.284s][info][gc,phases      ] GC(3) Phase 3: Adjust pointers 1.792ms
[8.285s][info][gc,phases,start] GC(3) Phase 4: Compact heap
[8.285s][info][gc,phases      ] GC(3) Phase 4: Compact heap 0.467ms
[8.288s][info][gc,heap        ] GC(3) Eden regions: 2->0(99)
[8.288s][info][gc,heap        ] GC(3) Survivor regions: 0->0(7)
[8.288s][info][gc,heap        ] GC(3) Old regions: 11->10
[8.288s][info][gc,heap        ] GC(3) Archive regions: 0->0
[8.288s][info][gc,heap        ] GC(3) Humongous regions: 0->0
[8.288s][info][gc,metaspace   ] GC(3) Metaspace: 14011K(14208K)->14011K(14208K) NonClass: 12443K(12544K)->12443K(12544K) Class: 1568K(1664K)->1568K(1664K)
[8.288s][info][gc             ] GC(3) Pause Full (System.gc()) 8M->7M(1024M) 8.473ms
[8.288s][info][gc,cpu         ] GC(3) User=0.00s Sys=0.00s Real=0.01s
[15.221s][info][gc,start       ] GC(4) Pause Full (System.gc())
[15.221s][info][gc,task        ] GC(4) Using 6 workers of 6 for full compaction
[15.221s][info][gc,phases,start] GC(4) Phase 1: Mark live objects
[15.224s][info][gc,phases      ] GC(4) Phase 1: Mark live objects 2.408ms
[15.224s][info][gc,phases,start] GC(4) Phase 2: Prepare for compaction
[15.225s][info][gc,phases      ] GC(4) Phase 2: Prepare for compaction 0.691ms
[15.225s][info][gc,phases,start] GC(4) Phase 3: Adjust pointers
[15.227s][info][gc,phases      ] GC(4) Phase 3: Adjust pointers 1.995ms
[15.227s][info][gc,phases,start] GC(4) Phase 4: Compact heap
[15.227s][info][gc,phases      ] GC(4) Phase 4: Compact heap 0.852ms
[15.230s][info][gc,heap        ] GC(4) Eden regions: 26->0(99)
[15.231s][info][gc,heap        ] GC(4) Survivor regions: 0->0(7)
[15.231s][info][gc,heap        ] GC(4) Old regions: 10->10
[15.231s][info][gc,heap        ] GC(4) Archive regions: 0->0
[15.231s][info][gc,heap        ] GC(4) Humongous regions: 16->0
[15.231s][info][gc,metaspace   ] GC(4) Metaspace: 14109K(14336K)->14109K(14336K) NonClass: 12541K(12672K)->12541K(12672K) Class: 1568K(1664K)->1568K(1664K)
[15.231s][info][gc             ] GC(4) Pause Full (System.gc()) 49M->7M(1024M) 9.465ms
[15.231s][info][gc,cpu         ] GC(4) User=0.03s Sys=0.05s Real=0.00s
[15.235s][info][gc,start       ] GC(5) Pause Full (System.gc())
[15.235s][info][gc,task        ] GC(5) Using 6 workers of 6 for full compaction
[15.235s][info][gc,phases,start] GC(5) Phase 1: Mark live objects
[15.237s][info][gc,phases      ] GC(5) Phase 1: Mark live objects 1.873ms
[15.237s][info][gc,phases,start] GC(5) Phase 2: Prepare for compaction
[15.238s][info][gc,phases      ] GC(5) Phase 2: Prepare for compaction 0.444ms
[15.238s][info][gc,phases,start] GC(5) Phase 3: Adjust pointers
[15.240s][info][gc,phases      ] GC(5) Phase 3: Adjust pointers 1.970ms
[15.240s][info][gc,phases,start] GC(5) Phase 4: Compact heap
[15.241s][info][gc,phases      ] GC(5) Phase 4: Compact heap 0.607ms
[15.244s][info][gc,heap        ] GC(5) Eden regions: 2->0(99)
[15.244s][info][gc,heap        ] GC(5) Survivor regions: 0->0(7)
[15.244s][info][gc,heap        ] GC(5) Old regions: 10->9
[15.244s][info][gc,heap        ] GC(5) Archive regions: 0->0
[15.244s][info][gc,heap        ] GC(5) Humongous regions: 0->0
[15.244s][info][gc,metaspace   ] GC(5) Metaspace: 14109K(14336K)->14109K(14336K) NonClass: 12541K(12672K)->12541K(12672K) Class: 1568K(1664K)->1568K(1664K)
[15.244s][info][gc             ] GC(5) Pause Full (System.gc()) 8M->7M(1024M) 8.512ms
[15.244s][info][gc,cpu         ] GC(5) User=0.00s Sys=0.09s Real=0.00s
[22.157s][info][gc,start       ] GC(6) Pause Full (System.gc())
[22.157s][info][gc,task        ] GC(6) Using 6 workers of 6 for full compaction
[22.157s][info][gc,phases,start] GC(6) Phase 1: Mark live objects
[22.160s][info][gc,phases      ] GC(6) Phase 1: Mark live objects 2.857ms
[22.160s][info][gc,phases,start] GC(6) Phase 2: Prepare for compaction
[22.160s][info][gc,phases      ] GC(6) Phase 2: Prepare for compaction 0.684ms
[22.161s][info][gc,phases,start] GC(6) Phase 3: Adjust pointers
[22.163s][info][gc,phases      ] GC(6) Phase 3: Adjust pointers 2.146ms
[22.163s][info][gc,phases,start] GC(6) Phase 4: Compact heap
[22.163s][info][gc,phases      ] GC(6) Phase 4: Compact heap 0.484ms
[22.166s][info][gc,heap        ] GC(6) Eden regions: 26->0(99)
[22.166s][info][gc,heap        ] GC(6) Survivor regions: 0->0(7)
[22.166s][info][gc,heap        ] GC(6) Old regions: 9->10
[22.166s][info][gc,heap        ] GC(6) Archive regions: 0->0
[22.166s][info][gc,heap        ] GC(6) Humongous regions: 16->0
[22.166s][info][gc,metaspace   ] GC(6) Metaspace: 14163K(14336K)->14163K(14336K) NonClass: 12595K(12672K)->12595K(12672K) Class: 1568K(1664K)->1568K(1664K)
[22.166s][info][gc             ] GC(6) Pause Full (System.gc()) 49M->7M(1024M) 9.650ms
[22.166s][info][gc,cpu         ] GC(6) User=0.03s Sys=0.06s Real=0.01s
[22.171s][info][gc,start       ] GC(7) Pause Full (System.gc())
[22.171s][info][gc,task        ] GC(7) Using 6 workers of 6 for full compaction
[22.171s][info][gc,phases,start] GC(7) Phase 1: Mark live objects
[22.174s][info][gc,phases      ] GC(7) Phase 1: Mark live objects 2.467ms
[22.174s][info][gc,phases,start] GC(7) Phase 2: Prepare for compaction
[22.174s][info][gc,phases      ] GC(7) Phase 2: Prepare for compaction 0.547ms
[22.175s][info][gc,phases,start] GC(7) Phase 3: Adjust pointers
[22.177s][info][gc,phases      ] GC(7) Phase 3: Adjust pointers 2.055ms
[22.177s][info][gc,phases,start] GC(7) Phase 4: Compact heap
[22.177s][info][gc,phases      ] GC(7) Phase 4: Compact heap 0.282ms
[22.181s][info][gc,heap        ] GC(7) Eden regions: 2->0(99)
[22.181s][info][gc,heap        ] GC(7) Survivor regions: 0->0(7)
[22.181s][info][gc,heap        ] GC(7) Old regions: 10->11
[22.181s][info][gc,heap        ] GC(7) Archive regions: 0->0
[22.181s][info][gc,heap        ] GC(7) Humongous regions: 0->0
[22.181s][info][gc,metaspace   ] GC(7) Metaspace: 14164K(14336K)->14164K(14336K) NonClass: 12596K(12672K)->12596K(12672K) Class: 1568K(1664K)->1568K(1664K)
[22.181s][info][gc             ] GC(7) Pause Full (System.gc()) 8M->7M(1024M) 9.694ms
[22.181s][info][gc,cpu         ] GC(7) User=0.05s Sys=0.05s Real=0.01s
[29.102s][info][gc,start       ] GC(8) Pause Full (System.gc())
[29.102s][info][gc,task        ] GC(8) Using 6 workers of 6 for full compaction
[29.103s][info][gc,phases,start] GC(8) Phase 1: Mark live objects
[29.105s][info][gc,phases      ] GC(8) Phase 1: Mark live objects 2.315ms
[29.105s][info][gc,phases,start] GC(8) Phase 2: Prepare for compaction
[29.106s][info][gc,phases      ] GC(8) Phase 2: Prepare for compaction 0.607ms
[29.106s][info][gc,phases,start] GC(8) Phase 3: Adjust pointers
[29.108s][info][gc,phases      ] GC(8) Phase 3: Adjust pointers 2.199ms
[29.108s][info][gc,phases,start] GC(8) Phase 4: Compact heap
[29.108s][info][gc,phases      ] GC(8) Phase 4: Compact heap 0.464ms
[29.111s][info][gc,heap        ] GC(8) Eden regions: 26->0(99)
[29.111s][info][gc,heap        ] GC(8) Survivor regions: 0->0(7)
[29.111s][info][gc,heap        ] GC(8) Old regions: 11->11
[29.111s][info][gc,heap        ] GC(8) Archive regions: 0->0
[29.111s][info][gc,heap        ] GC(8) Humongous regions: 16->0
[29.111s][info][gc,metaspace   ] GC(8) Metaspace: 14234K(14464K)->14234K(14464K) NonClass: 12665K(12800K)->12665K(12800K) Class: 1568K(1664K)->1568K(1664K)
[29.112s][info][gc             ] GC(8) Pause Full (System.gc()) 48M->7M(1024M) 9.133ms
[29.112s][info][gc,cpu         ] GC(8) User=0.00s Sys=0.00s Real=0.01s
[29.118s][info][gc,start       ] GC(9) Pause Full (System.gc())
[29.118s][info][gc,task        ] GC(9) Using 6 workers of 6 for full compaction
[29.118s][info][gc,phases,start] GC(9) Phase 1: Mark live objects
[29.120s][info][gc,phases      ] GC(9) Phase 1: Mark live objects 2.248ms
[29.120s][info][gc,phases,start] GC(9) Phase 2: Prepare for compaction
[29.121s][info][gc,phases      ] GC(9) Phase 2: Prepare for compaction 0.508ms
[29.121s][info][gc,phases,start] GC(9) Phase 3: Adjust pointers
[29.123s][info][gc,phases      ] GC(9) Phase 3: Adjust pointers 2.272ms
[29.123s][info][gc,phases,start] GC(9) Phase 4: Compact heap
[29.123s][info][gc,phases      ] GC(9) Phase 4: Compact heap 0.431ms
[29.127s][info][gc,heap        ] GC(9) Eden regions: 2->0(99)
[29.127s][info][gc,heap        ] GC(9) Survivor regions: 0->0(7)
[29.127s][info][gc,heap        ] GC(9) Old regions: 11->10
[29.127s][info][gc,heap        ] GC(9) Archive regions: 0->0
[29.127s][info][gc,heap        ] GC(9) Humongous regions: 0->0
[29.127s][info][gc,metaspace   ] GC(9) Metaspace: 14236K(14464K)->14236K(14464K) NonClass: 12668K(12800K)->12668K(12800K) Class: 1568K(1664K)->1568K(1664K)
[29.127s][info][gc             ] GC(9) Pause Full (System.gc()) 8M->7M(1024M) 9.174ms
[29.127s][info][gc,cpu         ] GC(9) User=0.00s Sys=0.00s Real=0.01s
[36.031s][info][gc,start       ] GC(10) Pause Full (System.gc())
[36.031s][info][gc,task        ] GC(10) Using 6 workers of 6 for full compaction
[36.031s][info][gc,phases,start] GC(10) Phase 1: Mark live objects
[36.034s][info][gc,phases      ] GC(10) Phase 1: Mark live objects 2.455ms
[36.034s][info][gc,phases,start] GC(10) Phase 2: Prepare for compaction
[36.035s][info][gc,phases      ] GC(10) Phase 2: Prepare for compaction 0.602ms
[36.035s][info][gc,phases,start] GC(10) Phase 3: Adjust pointers
[36.037s][info][gc,phases      ] GC(10) Phase 3: Adjust pointers 2.298ms
[36.037s][info][gc,phases,start] GC(10) Phase 4: Compact heap
[36.038s][info][gc,phases      ] GC(10) Phase 4: Compact heap 0.936ms
[36.041s][info][gc,heap        ] GC(10) Eden regions: 26->0(99)
[36.041s][info][gc,heap        ] GC(10) Survivor regions: 0->0(7)
[36.041s][info][gc,heap        ] GC(10) Old regions: 10->12
[36.041s][info][gc,heap        ] GC(10) Archive regions: 0->0
[36.041s][info][gc,heap        ] GC(10) Humongous regions: 16->0
[36.041s][info][gc,metaspace   ] GC(10) Metaspace: 14266K(14464K)->14266K(14464K) NonClass: 12698K(12800K)->12698K(12800K) Class: 1568K(1664K)->1568K(1664K)
[36.041s][info][gc             ] GC(10) Pause Full (System.gc()) 49M->7M(1024M) 9.937ms
[36.041s][info][gc,cpu         ] GC(10) User=0.00s Sys=0.02s Real=0.01s
[36.046s][info][gc,start       ] GC(11) Pause Full (System.gc())
[36.046s][info][gc,task        ] GC(11) Using 6 workers of 6 for full compaction
[36.046s][info][gc,phases,start] GC(11) Phase 1: Mark live objects
[36.049s][info][gc,phases      ] GC(11) Phase 1: Mark live objects 2.348ms
[36.049s][info][gc,phases,start] GC(11) Phase 2: Prepare for compaction
[36.049s][info][gc,phases      ] GC(11) Phase 2: Prepare for compaction 0.545ms
[36.049s][info][gc,phases,start] GC(11) Phase 3: Adjust pointers
[36.052s][info][gc,phases      ] GC(11) Phase 3: Adjust pointers 2.529ms
[36.052s][info][gc,phases,start] GC(11) Phase 4: Compact heap
[36.052s][info][gc,phases      ] GC(11) Phase 4: Compact heap 0.283ms
[36.055s][info][gc,heap        ] GC(11) Eden regions: 2->0(99)
[36.055s][info][gc,heap        ] GC(11) Survivor regions: 0->0(7)
[36.055s][info][gc,heap        ] GC(11) Old regions: 12->11
[36.055s][info][gc,heap        ] GC(11) Archive regions: 0->0
[36.055s][info][gc,heap        ] GC(11) Humongous regions: 0->0
[36.055s][info][gc,metaspace   ] GC(11) Metaspace: 14271K(14464K)->14271K(14464K) NonClass: 12703K(12800K)->12703K(12800K) Class: 1568K(1664K)->1568K(1664K)
[36.055s][info][gc             ] GC(11) Pause Full (System.gc()) 8M->7M(1024M) 9.313ms
[36.055s][info][gc,cpu         ] GC(11) User=0.00s Sys=0.02s Real=0.00s
[42.963s][info][gc,start       ] GC(12) Pause Full (System.gc())
[42.963s][info][gc,task        ] GC(12) Using 6 workers of 6 for full compaction
[42.963s][info][gc,phases,start] GC(12) Phase 1: Mark live objects
[42.966s][info][gc,phases      ] GC(12) Phase 1: Mark live objects 2.696ms
[42.966s][info][gc,phases,start] GC(12) Phase 2: Prepare for compaction
[42.967s][info][gc,phases      ] GC(12) Phase 2: Prepare for compaction 0.590ms
[42.967s][info][gc,phases,start] GC(12) Phase 3: Adjust pointers
[42.969s][info][gc,phases      ] GC(12) Phase 3: Adjust pointers 2.269ms
[42.969s][info][gc,phases,start] GC(12) Phase 4: Compact heap
[42.970s][info][gc,phases      ] GC(12) Phase 4: Compact heap 0.427ms
[42.973s][info][gc,heap        ] GC(12) Eden regions: 26->0(99)
[42.973s][info][gc,heap        ] GC(12) Survivor regions: 0->0(7)
[42.973s][info][gc,heap        ] GC(12) Old regions: 11->12
[42.973s][info][gc,heap        ] GC(12) Archive regions: 0->0
[42.973s][info][gc,heap        ] GC(12) Humongous regions: 16->0
[42.973s][info][gc,metaspace   ] GC(12) Metaspace: 14312K(14528K)->14312K(14528K) NonClass: 12744K(12864K)->12744K(12864K) Class: 1568K(1664K)->1568K(1664K)
[42.973s][info][gc             ] GC(12) Pause Full (System.gc()) 48M->7M(1024M) 9.592ms
[42.973s][info][gc,cpu         ] GC(12) User=0.00s Sys=0.00s Real=0.00s
[42.978s][info][gc,start       ] GC(13) Pause Full (System.gc())
[42.978s][info][gc,task        ] GC(13) Using 6 workers of 6 for full compaction
[42.979s][info][gc,phases,start] GC(13) Phase 1: Mark live objects
[42.981s][info][gc,phases      ] GC(13) Phase 1: Mark live objects 2.051ms
[42.981s][info][gc,phases,start] GC(13) Phase 2: Prepare for compaction
[42.981s][info][gc,phases      ] GC(13) Phase 2: Prepare for compaction 0.454ms
[42.981s][info][gc,phases,start] GC(13) Phase 3: Adjust pointers
[42.983s][info][gc,phases      ] GC(13) Phase 3: Adjust pointers 2.240ms
[42.983s][info][gc,phases,start] GC(13) Phase 4: Compact heap
[42.984s][info][gc,phases      ] GC(13) Phase 4: Compact heap 0.267ms
[42.987s][info][gc,heap        ] GC(13) Eden regions: 2->0(99)
[42.987s][info][gc,heap        ] GC(13) Survivor regions: 0->0(7)
[42.987s][info][gc,heap        ] GC(13) Old regions: 12->11
[42.987s][info][gc,heap        ] GC(13) Archive regions: 0->0
[42.987s][info][gc,heap        ] GC(13) Humongous regions: 0->0
[42.987s][info][gc,metaspace   ] GC(13) Metaspace: 14314K(14528K)->14314K(14528K) NonClass: 12746K(12864K)->12746K(12864K) Class: 1568K(1664K)->1568K(1664K)
[42.987s][info][gc             ] GC(13) Pause Full (System.gc()) 8M->7M(1024M) 8.586ms
[42.987s][info][gc,cpu         ] GC(13) User=0.00s Sys=0.00s Real=0.01s
[49.900s][info][gc,start       ] GC(14) Pause Full (System.gc())
[49.900s][info][gc,task        ] GC(14) Using 6 workers of 6 for full compaction
[49.900s][info][gc,phases,start] GC(14) Phase 1: Mark live objects
[49.902s][info][gc,phases      ] GC(14) Phase 1: Mark live objects 2.499ms
[49.902s][info][gc,phases,start] GC(14) Phase 2: Prepare for compaction
[49.903s][info][gc,phases      ] GC(14) Phase 2: Prepare for compaction 0.746ms
[49.903s][info][gc,phases,start] GC(14) Phase 3: Adjust pointers
[49.906s][info][gc,phases      ] GC(14) Phase 3: Adjust pointers 2.359ms
[49.906s][info][gc,phases,start] GC(14) Phase 4: Compact heap
[49.906s][info][gc,phases      ] GC(14) Phase 4: Compact heap 0.473ms
[49.909s][info][gc,heap        ] GC(14) Eden regions: 26->0(99)
[49.909s][info][gc,heap        ] GC(14) Survivor regions: 0->0(7)
[49.909s][info][gc,heap        ] GC(14) Old regions: 11->11
[49.909s][info][gc,heap        ] GC(14) Archive regions: 0->0
[49.909s][info][gc,heap        ] GC(14) Humongous regions: 16->0
[49.909s][info][gc,metaspace   ] GC(14) Metaspace: 14340K(14528K)->14340K(14528K) NonClass: 12772K(12864K)->12772K(12864K) Class: 1568K(1664K)->1568K(1664K)
[49.909s][info][gc             ] GC(14) Pause Full (System.gc()) 48M->7M(1024M) 9.896ms
[49.909s][info][gc,cpu         ] GC(14) User=0.00s Sys=0.00s Real=0.00s
[49.915s][info][gc,start       ] GC(15) Pause Full (System.gc())
[49.915s][info][gc,task        ] GC(15) Using 6 workers of 6 for full compaction
[49.915s][info][gc,phases,start] GC(15) Phase 1: Mark live objects
[49.917s][info][gc,phases      ] GC(15) Phase 1: Mark live objects 2.196ms
[49.917s][info][gc,phases,start] GC(15) Phase 2: Prepare for compaction
[49.918s][info][gc,phases      ] GC(15) Phase 2: Prepare for compaction 0.477ms
[49.918s][info][gc,phases,start] GC(15) Phase 3: Adjust pointers
[49.920s][info][gc,phases      ] GC(15) Phase 3: Adjust pointers 2.388ms
[49.920s][info][gc,phases,start] GC(15) Phase 4: Compact heap
[49.921s][info][gc,phases      ] GC(15) Phase 4: Compact heap 0.443ms
[49.924s][info][gc,heap        ] GC(15) Eden regions: 2->0(99)
[49.924s][info][gc,heap        ] GC(15) Survivor regions: 0->0(7)
[49.924s][info][gc,heap        ] GC(15) Old regions: 11->9
[49.924s][info][gc,heap        ] GC(15) Archive regions: 0->0
[49.924s][info][gc,heap        ] GC(15) Humongous regions: 0->0
[49.924s][info][gc,metaspace   ] GC(15) Metaspace: 14340K(14528K)->14340K(14528K) NonClass: 12772K(12864K)->12772K(12864K) Class: 1568K(1664K)->1568K(1664K)
[49.924s][info][gc             ] GC(15) Pause Full (System.gc()) 8M->7M(1024M) 9.573ms
[49.924s][info][gc,cpu         ] GC(15) User=0.00s Sys=0.00s Real=0.01s
[56.816s][info][gc,start       ] GC(16) Pause Full (System.gc())
[56.816s][info][gc,task        ] GC(16) Using 6 workers of 6 for full compaction
[56.816s][info][gc,phases,start] GC(16) Phase 1: Mark live objects
[56.819s][info][gc,phases      ] GC(16) Phase 1: Mark live objects 2.712ms
[56.819s][info][gc,phases,start] GC(16) Phase 2: Prepare for compaction
[56.820s][info][gc,phases      ] GC(16) Phase 2: Prepare for compaction 0.572ms
[56.820s][info][gc,phases,start] GC(16) Phase 3: Adjust pointers
[56.822s][info][gc,phases      ] GC(16) Phase 3: Adjust pointers 2.411ms
[56.822s][info][gc,phases,start] GC(16) Phase 4: Compact heap
[56.823s][info][gc,phases      ] GC(16) Phase 4: Compact heap 0.872ms
[56.826s][info][gc,heap        ] GC(16) Eden regions: 26->0(99)
[56.826s][info][gc,heap        ] GC(16) Survivor regions: 0->0(7)
[56.826s][info][gc,heap        ] GC(16) Old regions: 9->10
[56.826s][info][gc,heap        ] GC(16) Archive regions: 0->0
[56.826s][info][gc,heap        ] GC(16) Humongous regions: 16->0
[56.826s][info][gc,metaspace   ] GC(16) Metaspace: 14357K(14528K)->14357K(14528K) NonClass: 12789K(12864K)->12789K(12864K) Class: 1568K(1664K)->1568K(1664K)
[56.826s][info][gc             ] GC(16) Pause Full (System.gc()) 48M->7M(1024M) 10.237ms
[56.826s][info][gc,cpu         ] GC(16) User=0.03s Sys=0.02s Real=0.01s
[56.832s][info][gc,start       ] GC(17) Pause Full (System.gc())
[56.832s][info][gc,task        ] GC(17) Using 6 workers of 6 for full compaction
[56.832s][info][gc,phases,start] GC(17) Phase 1: Mark live objects
[56.834s][info][gc,phases      ] GC(17) Phase 1: Mark live objects 2.321ms
[56.834s][info][gc,phases,start] GC(17) Phase 2: Prepare for compaction
[56.835s][info][gc,phases      ] GC(17) Phase 2: Prepare for compaction 0.470ms
[56.835s][info][gc,phases,start] GC(17) Phase 3: Adjust pointers
[56.837s][info][gc,phases      ] GC(17) Phase 3: Adjust pointers 2.313ms
[56.837s][info][gc,phases,start] GC(17) Phase 4: Compact heap
[56.838s][info][gc,phases      ] GC(17) Phase 4: Compact heap 0.342ms
[56.841s][info][gc,heap        ] GC(17) Eden regions: 2->0(99)
[56.841s][info][gc,heap        ] GC(17) Survivor regions: 0->0(7)
[56.841s][info][gc,heap        ] GC(17) Old regions: 10->10
[56.841s][info][gc,heap        ] GC(17) Archive regions: 0->0
[56.841s][info][gc,heap        ] GC(17) Humongous regions: 0->0
[56.841s][info][gc,metaspace   ] GC(17) Metaspace: 14363K(14592K)->14363K(14592K) NonClass: 12794K(12928K)->12794K(12928K) Class: 1569K(1664K)->1569K(1664K)
[56.841s][info][gc             ] GC(17) Pause Full (System.gc()) 8M->7M(1024M) 9.266ms
[56.841s][info][gc,cpu         ] GC(17) User=0.02s Sys=0.08s Real=0.01s
[63.746s][info][gc,start       ] GC(18) Pause Full (System.gc())
[63.746s][info][gc,task        ] GC(18) Using 6 workers of 6 for full compaction
[63.746s][info][gc,phases,start] GC(18) Phase 1: Mark live objects
[63.749s][info][gc,phases      ] GC(18) Phase 1: Mark live objects 2.531ms
[63.749s][info][gc,phases,start] GC(18) Phase 2: Prepare for compaction
[63.750s][info][gc,phases      ] GC(18) Phase 2: Prepare for compaction 0.610ms
[63.750s][info][gc,phases,start] GC(18) Phase 3: Adjust pointers
[63.752s][info][gc,phases      ] GC(18) Phase 3: Adjust pointers 2.469ms
[63.752s][info][gc,phases,start] GC(18) Phase 4: Compact heap
[63.753s][info][gc,phases      ] GC(18) Phase 4: Compact heap 0.561ms
[63.756s][info][gc,heap        ] GC(18) Eden regions: 26->0(99)
[63.756s][info][gc,heap        ] GC(18) Survivor regions: 0->0(7)
[63.756s][info][gc,heap        ] GC(18) Old regions: 10->10
[63.756s][info][gc,heap        ] GC(18) Archive regions: 0->0
[63.756s][info][gc,heap        ] GC(18) Humongous regions: 16->0
[63.756s][info][gc,metaspace   ] GC(18) Metaspace: 14412K(14656K)->14412K(14656K) NonClass: 12843K(12992K)->12843K(12992K) Class: 1569K(1664K)->1569K(1664K)
[63.756s][info][gc             ] GC(18) Pause Full (System.gc()) 48M->7M(1024M) 9.869ms
[63.756s][info][gc,cpu         ] GC(18) User=0.00s Sys=0.00s Real=0.00s
[63.761s][info][gc,start       ] GC(19) Pause Full (System.gc())
[63.761s][info][gc,task        ] GC(19) Using 6 workers of 6 for full compaction
[63.761s][info][gc,phases,start] GC(19) Phase 1: Mark live objects
[63.764s][info][gc,phases      ] GC(19) Phase 1: Mark live objects 2.567ms
[63.764s][info][gc,phases,start] GC(19) Phase 2: Prepare for compaction
[63.764s][info][gc,phases      ] GC(19) Phase 2: Prepare for compaction 0.514ms
[63.764s][info][gc,phases,start] GC(19) Phase 3: Adjust pointers
[63.767s][info][gc,phases      ] GC(19) Phase 3: Adjust pointers 2.402ms
[63.767s][info][gc,phases,start] GC(19) Phase 4: Compact heap
[63.768s][info][gc,phases      ] GC(19) Phase 4: Compact heap 0.808ms
[63.771s][info][gc,heap        ] GC(19) Eden regions: 2->0(99)
[63.771s][info][gc,heap        ] GC(19) Survivor regions: 0->0(7)
[63.771s][info][gc,heap        ] GC(19) Old regions: 10->11
[63.771s][info][gc,heap        ] GC(19) Archive regions: 0->0
[63.771s][info][gc,heap        ] GC(19) Humongous regions: 0->0
[63.771s][info][gc,metaspace   ] GC(19) Metaspace: 14412K(14656K)->14412K(14656K) NonClass: 12843K(12992K)->12843K(12992K) Class: 1569K(1664K)->1569K(1664K)
[63.771s][info][gc             ] GC(19) Pause Full (System.gc()) 8M->7M(1024M) 10.268ms
[63.771s][info][gc,cpu         ] GC(19) User=0.00s Sys=0.00s Real=0.00s
[70.676s][info][gc,start       ] GC(20) Pause Full (System.gc())
[70.676s][info][gc,task        ] GC(20) Using 6 workers of 6 for full compaction
[70.676s][info][gc,phases,start] GC(20) Phase 1: Mark live objects
[70.679s][info][gc,phases      ] GC(20) Phase 1: Mark live objects 2.812ms
[70.679s][info][gc,phases,start] GC(20) Phase 2: Prepare for compaction
[70.680s][info][gc,phases      ] GC(20) Phase 2: Prepare for compaction 0.594ms
[70.680s][info][gc,phases,start] GC(20) Phase 3: Adjust pointers
[70.682s][info][gc,phases      ] GC(20) Phase 3: Adjust pointers 2.439ms
[70.682s][info][gc,phases,start] GC(20) Phase 4: Compact heap
[70.683s][info][gc,phases      ] GC(20) Phase 4: Compact heap 0.450ms
[70.686s][info][gc,heap        ] GC(20) Eden regions: 26->0(99)
[70.686s][info][gc,heap        ] GC(20) Survivor regions: 0->0(7)
[70.686s][info][gc,heap        ] GC(20) Old regions: 11->12
[70.686s][info][gc,heap        ] GC(20) Archive regions: 0->0
[70.686s][info][gc,heap        ] GC(20) Humongous regions: 16->0
[70.686s][info][gc,metaspace   ] GC(20) Metaspace: 14441K(14656K)->14441K(14656K) NonClass: 12872K(12992K)->12872K(12992K) Class: 1569K(1664K)->1569K(1664K)
[70.686s][info][gc             ] GC(20) Pause Full (System.gc()) 48M->7M(1024M) 10.166ms
[70.686s][info][gc,cpu         ] GC(20) User=0.06s Sys=0.03s Real=0.01s
[70.801s][info][gc,heap,exit   ] Heap
[70.801s][info][gc,heap,exit   ]  garbage-first heap   total 1048576K, used 9820K [0x00000000c0000000, 0x0000000100000000)
[70.801s][info][gc,heap,exit   ]   region size 1024K, 3 young (3072K), 0 survivors (0K)
[70.801s][info][gc,heap,exit   ]  Metaspace       used 14447K, committed 14656K, reserved 1114112K
[70.801s][info][gc,heap,exit   ]   class space    used 1569K, committed 1664K, reserved 1048576K
