[0.009s][info][gc] Using G1
[0.019s][info][gc,init] Version: 17.0.12+7-adhoc..jdk17u (release)
[0.019s][info][gc,init] CPUs: 6 total, 6 available
[0.020s][info][gc,init] Memory: 15591M
[0.020s][info][gc,init] Large Page Support: Disabled
[0.020s][info][gc,init] NUMA Support: Disabled
[0.020s][info][gc,init] Compressed Oops: Enabled (32-bit)
[0.020s][info][gc,init] Heap Region Size: 1M
[0.020s][info][gc,init] Heap Min Capacity: 2G
[0.020s][info][gc,init] Heap Initial Capacity: 2G
[0.020s][info][gc,init] Heap Max Capacity: 2G
[0.020s][info][gc,init] Pre-touch: Disabled
[0.020s][info][gc,init] Parallel Workers: 6
[0.020s][info][gc,init] Concurrent Workers: 2
[0.022s][info][gc,init] Concurrent Refinement Workers: 6
[0.022s][info][gc,init] Periodic GC: Disabled
[0.029s][info][gc,metaspace] CDS archive(s) mapped at: [0x000001dd51000000-0x000001dd51bc0000-0x000001dd51bc0000), size 12320768, SharedBaseAddress: 0x000001dd51000000, ArchiveRelocationMode: 1.
[0.029s][info][gc,metaspace] Compressed class space mapped at: 0x000001dd52000000-0x000001dd92000000, reserved size: 1073741824
[0.029s][info][gc,metaspace] Narrow klass base: 0x000001dd51000000, Narrow klass shift: 0, Narrow klass range: 0x100000000
[0.589s][info][gc,start    ] GC(0) Pause Full (System.gc())
[0.590s][info][gc,task     ] GC(0) Using 6 workers of 6 for full compaction
[0.590s][info][gc,phases,start] GC(0) Phase 1: Mark live objects
[0.591s][info][gc,phases      ] GC(0) Phase 1: Mark live objects 1.119ms
[0.591s][info][gc,phases,start] GC(0) Phase 2: Prepare for compaction
[0.593s][info][gc,phases      ] GC(0) Phase 2: Prepare for compaction 1.448ms
[0.593s][info][gc,phases,start] GC(0) Phase 3: Adjust pointers
[0.593s][info][gc,phases      ] GC(0) Phase 3: Adjust pointers 0.714ms
[0.593s][info][gc,phases,start] GC(0) Phase 4: Compact heap
[0.594s][info][gc,phases      ] GC(0) Phase 4: Compact heap 0.840ms
[0.598s][info][gc,heap        ] GC(0) Eden regions: 15->0(102)
[0.599s][info][gc,heap        ] GC(0) Survivor regions: 0->0(0)
[0.599s][info][gc,heap        ] GC(0) Old regions: 0->8
[0.599s][info][gc,heap        ] GC(0) Archive regions: 0->0
[0.599s][info][gc,heap        ] GC(0) Humongous regions: 0->0
[0.599s][info][gc,metaspace   ] GC(0) Metaspace: 3281K(3520K)->3281K(3520K) NonClass: 2960K(3072K)->2960K(3072K) Class: 320K(448K)->320K(448K)
[0.599s][info][gc             ] GC(0) Pause Full (System.gc()) 14M->4M(2048M) 9.234ms
[0.599s][info][gc,cpu         ] GC(0) User=0.02s Sys=0.08s Real=0.01s
[1.462s][info][gc,start       ] GC(1) Pause Young (Normal) (G1 Evacuation Pause)
[1.462s][info][gc,task        ] GC(1) Using 6 workers of 6 for evacuation
[1.464s][info][gc,phases      ] GC(1)   Pre Evacuate Collection Set: 0.2ms
[1.465s][info][gc,phases      ] GC(1)   Merge Heap Roots: 0.1ms
[1.465s][info][gc,phases      ] GC(1)   Evacuate Collection Set: 1.9ms
[1.465s][info][gc,phases      ] GC(1)   Post Evacuate Collection Set: 0.6ms
[1.465s][info][gc,phases      ] GC(1)   Other: 0.2ms
[1.465s][info][gc,heap        ] GC(1) Eden regions: 102->0(145)
[1.465s][info][gc,heap        ] GC(1) Survivor regions: 0->4(13)
[1.465s][info][gc,heap        ] GC(1) Old regions: 8->8
[1.465s][info][gc,heap        ] GC(1) Archive regions: 0->0
[1.465s][info][gc,heap        ] GC(1) Humongous regions: 16->0
[1.465s][info][gc,metaspace   ] GC(1) Metaspace: 13815K(14016K)->13815K(14016K) NonClass: 12256K(12352K)->12256K(12352K) Class: 1558K(1664K)->1558K(1664K)
[1.465s][info][gc             ] GC(1) Pause Young (Normal) (G1 Evacuation Pause) 122M->7M(2048M) 3.031ms
[1.465s][info][gc,cpu         ] GC(1) User=0.00s Sys=0.00s Real=0.00s
[8.212s][info][gc,start       ] GC(2) Pause Full (System.gc())
[8.212s][info][gc,task        ] GC(2) Using 6 workers of 6 for full compaction
[8.212s][info][gc,phases,start] GC(2) Phase 1: Mark live objects
[8.215s][info][gc,phases      ] GC(2) Phase 1: Mark live objects 2.204ms
[8.215s][info][gc,phases,start] GC(2) Phase 2: Prepare for compaction
[8.216s][info][gc,phases      ] GC(2) Phase 2: Prepare for compaction 1.215ms
[8.216s][info][gc,phases,start] GC(2) Phase 3: Adjust pointers
[8.218s][info][gc,phases      ] GC(2) Phase 3: Adjust pointers 1.913ms
[8.218s][info][gc,phases,start] GC(2) Phase 4: Compact heap
[8.219s][info][gc,phases      ] GC(2) Phase 4: Compact heap 0.653ms
[8.224s][info][gc,heap        ] GC(2) Eden regions: 21->0(147)
[8.224s][info][gc,heap        ] GC(2) Survivor regions: 4->0(13)
[8.224s][info][gc,heap        ] GC(2) Old regions: 8->10
[8.224s][info][gc,heap        ] GC(2) Archive regions: 0->0
[8.224s][info][gc,heap        ] GC(2) Humongous regions: 0->0
[8.224s][info][gc,metaspace   ] GC(2) Metaspace: 13959K(14144K)->13959K(14144K) NonClass: 12395K(12480K)->12395K(12480K) Class: 1563K(1664K)->1563K(1664K)
[8.224s][info][gc             ] GC(2) Pause Full (System.gc()) 27M->7M(2048M) 11.817ms
[8.224s][info][gc,cpu         ] GC(2) User=0.00s Sys=0.09s Real=0.01s
[8.232s][info][gc,start       ] GC(3) Pause Full (System.gc())
[8.233s][info][gc,task        ] GC(3) Using 6 workers of 6 for full compaction
[8.233s][info][gc,phases,start] GC(3) Phase 1: Mark live objects
[8.235s][info][gc,phases      ] GC(3) Phase 1: Mark live objects 2.325ms
[8.235s][info][gc,phases,start] GC(3) Phase 2: Prepare for compaction
[8.237s][info][gc,phases      ] GC(3) Phase 2: Prepare for compaction 1.631ms
[8.237s][info][gc,phases,start] GC(3) Phase 3: Adjust pointers
[8.239s][info][gc,phases      ] GC(3) Phase 3: Adjust pointers 1.980ms
[8.239s][info][gc,phases,start] GC(3) Phase 4: Compact heap
[8.240s][info][gc,phases      ] GC(3) Phase 4: Compact heap 0.737ms
[8.244s][info][gc,heap        ] GC(3) Eden regions: 1->0(147)
[8.244s][info][gc,heap        ] GC(3) Survivor regions: 0->0(13)
[8.244s][info][gc,heap        ] GC(3) Old regions: 10->10
[8.244s][info][gc,heap        ] GC(3) Archive regions: 0->0
[8.244s][info][gc,heap        ] GC(3) Humongous regions: 0->0
[8.244s][info][gc,metaspace   ] GC(3) Metaspace: 14011K(14208K)->14011K(14208K) NonClass: 12443K(12544K)->12443K(12544K) Class: 1568K(1664K)->1568K(1664K)
[8.244s][info][gc             ] GC(3) Pause Full (System.gc()) 8M->7M(2048M) 11.972ms
[8.244s][info][gc,cpu         ] GC(3) User=0.05s Sys=0.05s Real=0.01s
[15.182s][info][gc,start       ] GC(4) Pause Full (System.gc())
[15.182s][info][gc,task        ] GC(4) Using 6 workers of 6 for full compaction
[15.182s][info][gc,phases,start] GC(4) Phase 1: Mark live objects
[15.185s][info][gc,phases      ] GC(4) Phase 1: Mark live objects 2.551ms
[15.185s][info][gc,phases,start] GC(4) Phase 2: Prepare for compaction
[15.186s][info][gc,phases      ] GC(4) Phase 2: Prepare for compaction 1.053ms
[15.186s][info][gc,phases,start] GC(4) Phase 3: Adjust pointers
[15.188s][info][gc,phases      ] GC(4) Phase 3: Adjust pointers 2.120ms
[15.188s][info][gc,phases,start] GC(4) Phase 4: Compact heap
[15.189s][info][gc,phases      ] GC(4) Phase 4: Compact heap 0.674ms
[15.194s][info][gc,heap        ] GC(4) Eden regions: 26->0(147)
[15.194s][info][gc,heap        ] GC(4) Survivor regions: 0->0(13)
[15.194s][info][gc,heap        ] GC(4) Old regions: 10->10
[15.194s][info][gc,heap        ] GC(4) Archive regions: 0->0
[15.194s][info][gc,heap        ] GC(4) Humongous regions: 16->0
[15.194s][info][gc,metaspace   ] GC(4) Metaspace: 14119K(14336K)->14119K(14336K) NonClass: 12551K(12672K)->12551K(12672K) Class: 1568K(1664K)->1568K(1664K)
[15.194s][info][gc             ] GC(4) Pause Full (System.gc()) 49M->7M(2048M) 12.023ms
[15.194s][info][gc,cpu         ] GC(4) User=0.08s Sys=0.02s Real=0.01s
[15.199s][info][gc,start       ] GC(5) Pause Full (System.gc())
[15.199s][info][gc,task        ] GC(5) Using 6 workers of 6 for full compaction
[15.200s][info][gc,phases,start] GC(5) Phase 1: Mark live objects
[15.201s][info][gc,phases      ] GC(5) Phase 1: Mark live objects 1.908ms
[15.201s][info][gc,phases,start] GC(5) Phase 2: Prepare for compaction
[15.202s][info][gc,phases      ] GC(5) Phase 2: Prepare for compaction 0.830ms
[15.202s][info][gc,phases,start] GC(5) Phase 3: Adjust pointers
[15.205s][info][gc,phases      ] GC(5) Phase 3: Adjust pointers 2.123ms
[15.205s][info][gc,phases,start] GC(5) Phase 4: Compact heap
[15.205s][info][gc,phases      ] GC(5) Phase 4: Compact heap 0.251ms
[15.210s][info][gc,heap        ] GC(5) Eden regions: 2->0(147)
[15.210s][info][gc,heap        ] GC(5) Survivor regions: 0->0(13)
[15.210s][info][gc,heap        ] GC(5) Old regions: 10->9
[15.210s][info][gc,heap        ] GC(5) Archive regions: 0->0
[15.210s][info][gc,heap        ] GC(5) Humongous regions: 0->0
[15.210s][info][gc,metaspace   ] GC(5) Metaspace: 14122K(14336K)->14122K(14336K) NonClass: 12553K(12672K)->12553K(12672K) Class: 1568K(1664K)->1568K(1664K)
[15.210s][info][gc             ] GC(5) Pause Full (System.gc()) 9M->7M(2048M) 10.732ms
[15.210s][info][gc,cpu         ] GC(5) User=0.03s Sys=0.06s Real=0.02s
[22.130s][info][gc,start       ] GC(6) Pause Full (System.gc())
[22.130s][info][gc,task        ] GC(6) Using 6 workers of 6 for full compaction
[22.131s][info][gc,phases,start] GC(6) Phase 1: Mark live objects
[22.133s][info][gc,phases      ] GC(6) Phase 1: Mark live objects 2.451ms
[22.133s][info][gc,phases,start] GC(6) Phase 2: Prepare for compaction
[22.134s][info][gc,phases      ] GC(6) Phase 2: Prepare for compaction 1.127ms
[22.134s][info][gc,phases,start] GC(6) Phase 3: Adjust pointers
[22.136s][info][gc,phases      ] GC(6) Phase 3: Adjust pointers 2.152ms
[22.136s][info][gc,phases,start] GC(6) Phase 4: Compact heap
[22.137s][info][gc,phases      ] GC(6) Phase 4: Compact heap 0.481ms
[22.142s][info][gc,heap        ] GC(6) Eden regions: 26->0(147)
[22.142s][info][gc,heap        ] GC(6) Survivor regions: 0->0(13)
[22.142s][info][gc,heap        ] GC(6) Old regions: 9->10
[22.142s][info][gc,heap        ] GC(6) Archive regions: 0->0
[22.142s][info][gc,heap        ] GC(6) Humongous regions: 16->0
[22.142s][info][gc,metaspace   ] GC(6) Metaspace: 14177K(14336K)->14177K(14336K) NonClass: 12608K(12672K)->12608K(12672K) Class: 1568K(1664K)->1568K(1664K)
[22.142s][info][gc             ] GC(6) Pause Full (System.gc()) 48M->7M(2048M) 11.665ms
[22.142s][info][gc,cpu         ] GC(6) User=0.00s Sys=0.00s Real=0.01s
[22.147s][info][gc,start       ] GC(7) Pause Full (System.gc())
[22.147s][info][gc,task        ] GC(7) Using 6 workers of 6 for full compaction
[22.147s][info][gc,phases,start] GC(7) Phase 1: Mark live objects
[22.150s][info][gc,phases      ] GC(7) Phase 1: Mark live objects 2.428ms
[22.150s][info][gc,phases,start] GC(7) Phase 2: Prepare for compaction
[22.150s][info][gc,phases      ] GC(7) Phase 2: Prepare for compaction 0.795ms
[22.150s][info][gc,phases,start] GC(7) Phase 3: Adjust pointers
[22.153s][info][gc,phases      ] GC(7) Phase 3: Adjust pointers 2.186ms
[22.153s][info][gc,phases,start] GC(7) Phase 4: Compact heap
[22.153s][info][gc,phases      ] GC(7) Phase 4: Compact heap 0.793ms
[22.159s][info][gc,heap        ] GC(7) Eden regions: 2->0(147)
[22.159s][info][gc,heap        ] GC(7) Survivor regions: 0->0(13)
[22.159s][info][gc,heap        ] GC(7) Old regions: 10->10
[22.159s][info][gc,heap        ] GC(7) Archive regions: 0->0
[22.159s][info][gc,heap        ] GC(7) Humongous regions: 0->0
[22.159s][info][gc,metaspace   ] GC(7) Metaspace: 14178K(14336K)->14178K(14336K) NonClass: 12609K(12672K)->12609K(12672K) Class: 1568K(1664K)->1568K(1664K)
[22.159s][info][gc             ] GC(7) Pause Full (System.gc()) 9M->7M(2048M) 11.971ms
[22.159s][info][gc,cpu         ] GC(7) User=0.00s Sys=0.00s Real=0.02s
[29.064s][info][gc,start       ] GC(8) Pause Full (System.gc())
[29.064s][info][gc,task        ] GC(8) Using 6 workers of 6 for full compaction
[29.065s][info][gc,phases,start] GC(8) Phase 1: Mark live objects
[29.067s][info][gc,phases      ] GC(8) Phase 1: Mark live objects 2.608ms
[29.067s][info][gc,phases,start] GC(8) Phase 2: Prepare for compaction
[29.068s][info][gc,phases      ] GC(8) Phase 2: Prepare for compaction 1.118ms
[29.068s][info][gc,phases,start] GC(8) Phase 3: Adjust pointers
[29.071s][info][gc,phases      ] GC(8) Phase 3: Adjust pointers 2.237ms
[29.071s][info][gc,phases,start] GC(8) Phase 4: Compact heap
[29.071s][info][gc,phases      ] GC(8) Phase 4: Compact heap 0.558ms
[29.076s][info][gc,heap        ] GC(8) Eden regions: 26->0(147)
[29.076s][info][gc,heap        ] GC(8) Survivor regions: 0->0(13)
[29.076s][info][gc,heap        ] GC(8) Old regions: 10->12
[29.076s][info][gc,heap        ] GC(8) Archive regions: 0->0
[29.076s][info][gc,heap        ] GC(8) Humongous regions: 16->0
[29.076s][info][gc,metaspace   ] GC(8) Metaspace: 14247K(14464K)->14247K(14464K) NonClass: 12678K(12800K)->12678K(12800K) Class: 1568K(1664K)->1568K(1664K)
[29.076s][info][gc             ] GC(8) Pause Full (System.gc()) 48M->7M(2048M) 12.245ms
[29.076s][info][gc,cpu         ] GC(8) User=0.08s Sys=0.02s Real=0.01s
[29.081s][info][gc,start       ] GC(9) Pause Full (System.gc())
[29.081s][info][gc,task        ] GC(9) Using 6 workers of 6 for full compaction
[29.081s][info][gc,phases,start] GC(9) Phase 1: Mark live objects
[29.083s][info][gc,phases      ] GC(9) Phase 1: Mark live objects 2.107ms
[29.083s][info][gc,phases,start] GC(9) Phase 2: Prepare for compaction
[29.084s][info][gc,phases      ] GC(9) Phase 2: Prepare for compaction 0.898ms
[29.085s][info][gc,phases,start] GC(9) Phase 3: Adjust pointers
[29.087s][info][gc,phases      ] GC(9) Phase 3: Adjust pointers 2.228ms
[29.087s][info][gc,phases,start] GC(9) Phase 4: Compact heap
[29.087s][info][gc,phases      ] GC(9) Phase 4: Compact heap 0.315ms
[29.092s][info][gc,heap        ] GC(9) Eden regions: 2->0(147)
[29.092s][info][gc,heap        ] GC(9) Survivor regions: 0->0(13)
[29.092s][info][gc,heap        ] GC(9) Old regions: 12->10
[29.092s][info][gc,heap        ] GC(9) Archive regions: 0->0
[29.092s][info][gc,heap        ] GC(9) Humongous regions: 0->0
[29.092s][info][gc,metaspace   ] GC(9) Metaspace: 14247K(14464K)->14247K(14464K) NonClass: 12678K(12800K)->12678K(12800K) Class: 1568K(1664K)->1568K(1664K)
[29.092s][info][gc             ] GC(9) Pause Full (System.gc()) 9M->7M(2048M) 11.425ms
[29.092s][info][gc,cpu         ] GC(9) User=0.00s Sys=0.02s Real=0.02s
[35.997s][info][gc,start       ] GC(10) Pause Full (System.gc())
[35.997s][info][gc,task        ] GC(10) Using 6 workers of 6 for full compaction
[35.997s][info][gc,phases,start] GC(10) Phase 1: Mark live objects
[36.000s][info][gc,phases      ] GC(10) Phase 1: Mark live objects 2.359ms
[36.000s][info][gc,phases,start] GC(10) Phase 2: Prepare for compaction
[36.001s][info][gc,phases      ] GC(10) Phase 2: Prepare for compaction 1.007ms
[36.001s][info][gc,phases,start] GC(10) Phase 3: Adjust pointers
[36.003s][info][gc,phases      ] GC(10) Phase 3: Adjust pointers 2.388ms
[36.003s][info][gc,phases,start] GC(10) Phase 4: Compact heap
[36.004s][info][gc,phases      ] GC(10) Phase 4: Compact heap 0.447ms
[36.009s][info][gc,heap        ] GC(10) Eden regions: 26->0(147)
[36.009s][info][gc,heap        ] GC(10) Survivor regions: 0->0(13)
[36.009s][info][gc,heap        ] GC(10) Old regions: 10->10
[36.009s][info][gc,heap        ] GC(10) Archive regions: 0->0
[36.009s][info][gc,heap        ] GC(10) Humongous regions: 16->0
[36.009s][info][gc,metaspace   ] GC(10) Metaspace: 14274K(14464K)->14274K(14464K) NonClass: 12706K(12800K)->12706K(12800K) Class: 1568K(1664K)->1568K(1664K)
[36.009s][info][gc             ] GC(10) Pause Full (System.gc()) 48M->7M(2048M) 11.823ms
[36.009s][info][gc,cpu         ] GC(10) User=0.02s Sys=0.00s Real=0.01s
[36.014s][info][gc,start       ] GC(11) Pause Full (System.gc())
[36.014s][info][gc,task        ] GC(11) Using 6 workers of 6 for full compaction
[36.014s][info][gc,phases,start] GC(11) Phase 1: Mark live objects
[36.016s][info][gc,phases      ] GC(11) Phase 1: Mark live objects 2.121ms
[36.016s][info][gc,phases,start] GC(11) Phase 2: Prepare for compaction
[36.017s][info][gc,phases      ] GC(11) Phase 2: Prepare for compaction 0.851ms
[36.017s][info][gc,phases,start] GC(11) Phase 3: Adjust pointers
[36.020s][info][gc,phases      ] GC(11) Phase 3: Adjust pointers 2.309ms
[36.020s][info][gc,phases,start] GC(11) Phase 4: Compact heap
[36.020s][info][gc,phases      ] GC(11) Phase 4: Compact heap 0.496ms
[36.025s][info][gc,heap        ] GC(11) Eden regions: 2->0(147)
[36.025s][info][gc,heap        ] GC(11) Survivor regions: 0->0(13)
[36.025s][info][gc,heap        ] GC(11) Old regions: 10->10
[36.025s][info][gc,heap        ] GC(11) Archive regions: 0->0
[36.025s][info][gc,heap        ] GC(11) Humongous regions: 0->0
[36.025s][info][gc,metaspace   ] GC(11) Metaspace: 14281K(14464K)->14281K(14464K) NonClass: 12712K(12800K)->12712K(12800K) Class: 1568K(1664K)->1568K(1664K)
[36.026s][info][gc             ] GC(11) Pause Full (System.gc()) 9M->7M(2048M) 11.521ms
[36.026s][info][gc,cpu         ] GC(11) User=0.02s Sys=0.00s Real=0.01s
[42.927s][info][gc,start       ] GC(12) Pause Full (System.gc())
[42.927s][info][gc,task        ] GC(12) Using 6 workers of 6 for full compaction
[42.927s][info][gc,phases,start] GC(12) Phase 1: Mark live objects
[42.930s][info][gc,phases      ] GC(12) Phase 1: Mark live objects 2.355ms
[42.930s][info][gc,phases,start] GC(12) Phase 2: Prepare for compaction
[42.935s][info][gc,phases      ] GC(12) Phase 2: Prepare for compaction 5.238ms
[42.935s][info][gc,phases,start] GC(12) Phase 3: Adjust pointers
[42.937s][info][gc,phases      ] GC(12) Phase 3: Adjust pointers 2.451ms
[42.938s][info][gc,phases,start] GC(12) Phase 4: Compact heap
[42.939s][info][gc,phases      ] GC(12) Phase 4: Compact heap 1.579ms
[42.944s][info][gc,heap        ] GC(12) Eden regions: 26->0(147)
[42.944s][info][gc,heap        ] GC(12) Survivor regions: 0->0(13)
[42.944s][info][gc,heap        ] GC(12) Old regions: 10->10
[42.944s][info][gc,heap        ] GC(12) Archive regions: 0->0
[42.944s][info][gc,heap        ] GC(12) Humongous regions: 16->0
[42.944s][info][gc,metaspace   ] GC(12) Metaspace: 14315K(14528K)->14315K(14528K) NonClass: 12746K(12864K)->12746K(12864K) Class: 1568K(1664K)->1568K(1664K)
[42.944s][info][gc             ] GC(12) Pause Full (System.gc()) 49M->7M(2048M) 17.564ms
[42.945s][info][gc,cpu         ] GC(12) User=0.06s Sys=0.03s Real=0.02s
[42.949s][info][gc,start       ] GC(13) Pause Full (System.gc())
[42.949s][info][gc,task        ] GC(13) Using 6 workers of 6 for full compaction
[42.949s][info][gc,phases,start] GC(13) Phase 1: Mark live objects
[42.951s][info][gc,phases      ] GC(13) Phase 1: Mark live objects 1.981ms
[42.951s][info][gc,phases,start] GC(13) Phase 2: Prepare for compaction
[42.952s][info][gc,phases      ] GC(13) Phase 2: Prepare for compaction 0.832ms
[42.952s][info][gc,phases,start] GC(13) Phase 3: Adjust pointers
[42.955s][info][gc,phases      ] GC(13) Phase 3: Adjust pointers 2.454ms
[42.955s][info][gc,phases,start] GC(13) Phase 4: Compact heap
[42.956s][info][gc,phases      ] GC(13) Phase 4: Compact heap 0.680ms
[42.962s][info][gc,heap        ] GC(13) Eden regions: 2->0(147)
[42.962s][info][gc,heap        ] GC(13) Survivor regions: 0->0(13)
[42.962s][info][gc,heap        ] GC(13) Old regions: 10->9
[42.962s][info][gc,heap        ] GC(13) Archive regions: 0->0
[42.962s][info][gc,heap        ] GC(13) Humongous regions: 0->0
[42.962s][info][gc,metaspace   ] GC(13) Metaspace: 14317K(14528K)->14317K(14528K) NonClass: 12748K(12864K)->12748K(12864K) Class: 1568K(1664K)->1568K(1664K)
[42.962s][info][gc             ] GC(13) Pause Full (System.gc()) 9M->7M(2048M) 13.063ms
[42.962s][info][gc,cpu         ] GC(13) User=0.02s Sys=0.06s Real=0.02s
[49.872s][info][gc,start       ] GC(14) Pause Full (System.gc())
[49.872s][info][gc,task        ] GC(14) Using 6 workers of 6 for full compaction
[49.873s][info][gc,phases,start] GC(14) Phase 1: Mark live objects
[49.875s][info][gc,phases      ] GC(14) Phase 1: Mark live objects 2.352ms
[49.875s][info][gc,phases,start] GC(14) Phase 2: Prepare for compaction
[49.876s][info][gc,phases      ] GC(14) Phase 2: Prepare for compaction 1.012ms
[49.876s][info][gc,phases,start] GC(14) Phase 3: Adjust pointers
[49.879s][info][gc,phases      ] GC(14) Phase 3: Adjust pointers 2.361ms
[49.879s][info][gc,phases,start] GC(14) Phase 4: Compact heap
[49.879s][info][gc,phases      ] GC(14) Phase 4: Compact heap 0.783ms
[49.885s][info][gc,heap        ] GC(14) Eden regions: 26->0(147)
[49.885s][info][gc,heap        ] GC(14) Survivor regions: 0->0(13)
[49.885s][info][gc,heap        ] GC(14) Old regions: 9->10
[49.885s][info][gc,heap        ] GC(14) Archive regions: 0->0
[49.885s][info][gc,heap        ] GC(14) Humongous regions: 16->0
[49.885s][info][gc,metaspace   ] GC(14) Metaspace: 14344K(14528K)->14344K(14528K) NonClass: 12775K(12864K)->12775K(12864K) Class: 1568K(1664K)->1568K(1664K)
[49.885s][info][gc             ] GC(14) Pause Full (System.gc()) 48M->7M(2048M) 12.699ms
[49.885s][info][gc,cpu         ] GC(14) User=0.02s Sys=0.00s Real=0.01s
[49.889s][info][gc,start       ] GC(15) Pause Full (System.gc())
[49.889s][info][gc,task        ] GC(15) Using 6 workers of 6 for full compaction
[49.890s][info][gc,phases,start] GC(15) Phase 1: Mark live objects
[49.892s][info][gc,phases      ] GC(15) Phase 1: Mark live objects 2.307ms
[49.892s][info][gc,phases,start] GC(15) Phase 2: Prepare for compaction
[49.893s][info][gc,phases      ] GC(15) Phase 2: Prepare for compaction 0.823ms
[49.893s][info][gc,phases,start] GC(15) Phase 3: Adjust pointers
[49.896s][info][gc,phases      ] GC(15) Phase 3: Adjust pointers 2.384ms
[49.896s][info][gc,phases,start] GC(15) Phase 4: Compact heap
[49.896s][info][gc,phases      ] GC(15) Phase 4: Compact heap 0.807ms
[49.902s][info][gc,heap        ] GC(15) Eden regions: 2->0(147)
[49.902s][info][gc,heap        ] GC(15) Survivor regions: 0->0(13)
[49.902s][info][gc,heap        ] GC(15) Old regions: 10->11
[49.902s][info][gc,heap        ] GC(15) Archive regions: 0->0
[49.902s][info][gc,heap        ] GC(15) Humongous regions: 0->0
[49.902s][info][gc,metaspace   ] GC(15) Metaspace: 14344K(14528K)->14344K(14528K) NonClass: 12775K(12864K)->12775K(12864K) Class: 1568K(1664K)->1568K(1664K)
[49.902s][info][gc             ] GC(15) Pause Full (System.gc()) 9M->7M(2048M) 13.006ms
[49.902s][info][gc,cpu         ] GC(15) User=0.09s Sys=0.00s Real=0.01s
[56.806s][info][gc,start       ] GC(16) Pause Full (System.gc())
[56.806s][info][gc,task        ] GC(16) Using 6 workers of 6 for full compaction
[56.806s][info][gc,phases,start] GC(16) Phase 1: Mark live objects
[56.809s][info][gc,phases      ] GC(16) Phase 1: Mark live objects 2.472ms
[56.809s][info][gc,phases,start] GC(16) Phase 2: Prepare for compaction
[56.810s][info][gc,phases      ] GC(16) Phase 2: Prepare for compaction 0.990ms
[56.810s][info][gc,phases,start] GC(16) Phase 3: Adjust pointers
[56.813s][info][gc,phases      ] GC(16) Phase 3: Adjust pointers 2.575ms
[56.813s][info][gc,phases,start] GC(16) Phase 4: Compact heap
[56.813s][info][gc,phases      ] GC(16) Phase 4: Compact heap 0.597ms
[56.818s][info][gc,heap        ] GC(16) Eden regions: 26->0(147)
[56.818s][info][gc,heap        ] GC(16) Survivor regions: 0->0(13)
[56.818s][info][gc,heap        ] GC(16) Old regions: 11->10
[56.818s][info][gc,heap        ] GC(16) Archive regions: 0->0
[56.818s][info][gc,heap        ] GC(16) Humongous regions: 16->0
[56.818s][info][gc,metaspace   ] GC(16) Metaspace: 14358K(14528K)->14358K(14528K) NonClass: 12789K(12864K)->12789K(12864K) Class: 1568K(1664K)->1568K(1664K)
[56.818s][info][gc             ] GC(16) Pause Full (System.gc()) 48M->7M(2048M) 12.520ms
[56.818s][info][gc,cpu         ] GC(16) User=0.06s Sys=0.03s Real=0.01s
[56.824s][info][gc,start       ] GC(17) Pause Full (System.gc())
[56.824s][info][gc,task        ] GC(17) Using 6 workers of 6 for full compaction
[56.824s][info][gc,phases,start] GC(17) Phase 1: Mark live objects
[56.826s][info][gc,phases      ] GC(17) Phase 1: Mark live objects 2.059ms
[56.826s][info][gc,phases,start] GC(17) Phase 2: Prepare for compaction
[56.827s][info][gc,phases      ] GC(17) Phase 2: Prepare for compaction 0.904ms
[56.827s][info][gc,phases,start] GC(17) Phase 3: Adjust pointers
[56.830s][info][gc,phases      ] GC(17) Phase 3: Adjust pointers 2.392ms
[56.830s][info][gc,phases,start] GC(17) Phase 4: Compact heap
[56.830s][info][gc,phases      ] GC(17) Phase 4: Compact heap 0.403ms
[56.836s][info][gc,heap        ] GC(17) Eden regions: 2->0(147)
[56.836s][info][gc,heap        ] GC(17) Survivor regions: 0->0(13)
[56.836s][info][gc,heap        ] GC(17) Old regions: 10->10
[56.836s][info][gc,heap        ] GC(17) Archive regions: 0->0
[56.836s][info][gc,heap        ] GC(17) Humongous regions: 0->0
[56.836s][info][gc,metaspace   ] GC(17) Metaspace: 14364K(14592K)->14364K(14592K) NonClass: 12795K(12928K)->12795K(12928K) Class: 1569K(1664K)->1569K(1664K)
[56.836s][info][gc             ] GC(17) Pause Full (System.gc()) 9M->7M(2048M) 11.936ms
[56.836s][info][gc,cpu         ] GC(17) User=0.09s Sys=0.00s Real=0.01s
[63.731s][info][gc,start       ] GC(18) Pause Full (System.gc())
[63.731s][info][gc,task        ] GC(18) Using 6 workers of 6 for full compaction
[63.732s][info][gc,phases,start] GC(18) Phase 1: Mark live objects
[63.734s][info][gc,phases      ] GC(18) Phase 1: Mark live objects 2.583ms
[63.734s][info][gc,phases,start] GC(18) Phase 2: Prepare for compaction
[63.735s][info][gc,phases      ] GC(18) Phase 2: Prepare for compaction 1.047ms
[63.735s][info][gc,phases,start] GC(18) Phase 3: Adjust pointers
[63.738s][info][gc,phases      ] GC(18) Phase 3: Adjust pointers 2.520ms
[63.738s][info][gc,phases,start] GC(18) Phase 4: Compact heap
[63.739s][info][gc,phases      ] GC(18) Phase 4: Compact heap 0.560ms
[63.744s][info][gc,heap        ] GC(18) Eden regions: 26->0(147)
[63.744s][info][gc,heap        ] GC(18) Survivor regions: 0->0(13)
[63.744s][info][gc,heap        ] GC(18) Old regions: 10->10
[63.744s][info][gc,heap        ] GC(18) Archive regions: 0->0
[63.744s][info][gc,heap        ] GC(18) Humongous regions: 16->0
[63.744s][info][gc,metaspace   ] GC(18) Metaspace: 14409K(14656K)->14409K(14656K) NonClass: 12840K(12992K)->12840K(12992K) Class: 1569K(1664K)->1569K(1664K)
[63.744s][info][gc             ] GC(18) Pause Full (System.gc()) 48M->7M(2048M) 12.834ms
[63.744s][info][gc,cpu         ] GC(18) User=0.02s Sys=0.00s Real=0.01s
[63.748s][info][gc,start       ] GC(19) Pause Full (System.gc())
[63.748s][info][gc,task        ] GC(19) Using 6 workers of 6 for full compaction
[63.748s][info][gc,phases,start] GC(19) Phase 1: Mark live objects
[63.751s][info][gc,phases      ] GC(19) Phase 1: Mark live objects 2.075ms
[63.751s][info][gc,phases,start] GC(19) Phase 2: Prepare for compaction
[63.751s][info][gc,phases      ] GC(19) Phase 2: Prepare for compaction 0.841ms
[63.752s][info][gc,phases,start] GC(19) Phase 3: Adjust pointers
[63.754s][info][gc,phases      ] GC(19) Phase 3: Adjust pointers 2.470ms
[63.754s][info][gc,phases,start] GC(19) Phase 4: Compact heap
[63.755s][info][gc,phases      ] GC(19) Phase 4: Compact heap 0.477ms
[63.760s][info][gc,heap        ] GC(19) Eden regions: 2->0(147)
[63.760s][info][gc,heap        ] GC(19) Survivor regions: 0->0(13)
[63.760s][info][gc,heap        ] GC(19) Old regions: 10->10
[63.760s][info][gc,heap        ] GC(19) Archive regions: 0->0
[63.760s][info][gc,heap        ] GC(19) Humongous regions: 0->0
[63.760s][info][gc,metaspace   ] GC(19) Metaspace: 14409K(14656K)->14409K(14656K) NonClass: 12840K(12992K)->12840K(12992K) Class: 1569K(1664K)->1569K(1664K)
[63.760s][info][gc             ] GC(19) Pause Full (System.gc()) 9M->7M(2048M) 12.052ms
[63.760s][info][gc,cpu         ] GC(19) User=0.02s Sys=0.00s Real=0.02s
[70.653s][info][gc,start       ] GC(20) Pause Full (System.gc())
[70.653s][info][gc,task        ] GC(20) Using 6 workers of 6 for full compaction
[70.653s][info][gc,phases,start] GC(20) Phase 1: Mark live objects
[70.656s][info][gc,phases      ] GC(20) Phase 1: Mark live objects 2.848ms
[70.656s][info][gc,phases,start] GC(20) Phase 2: Prepare for compaction
[70.657s][info][gc,phases      ] GC(20) Phase 2: Prepare for compaction 1.109ms
[70.657s][info][gc,phases,start] GC(20) Phase 3: Adjust pointers
[70.660s][info][gc,phases      ] GC(20) Phase 3: Adjust pointers 2.590ms
[70.660s][info][gc,phases,start] GC(20) Phase 4: Compact heap
[70.660s][info][gc,phases      ] GC(20) Phase 4: Compact heap 0.437ms
[70.666s][info][gc,heap        ] GC(20) Eden regions: 26->0(147)
[70.666s][info][gc,heap        ] GC(20) Survivor regions: 0->0(13)
[70.666s][info][gc,heap        ] GC(20) Old regions: 10->10
[70.666s][info][gc,heap        ] GC(20) Archive regions: 0->0
[70.666s][info][gc,heap        ] GC(20) Humongous regions: 16->0
[70.666s][info][gc,metaspace   ] GC(20) Metaspace: 14440K(14656K)->14440K(14656K) NonClass: 12870K(12992K)->12870K(12992K) Class: 1569K(1664K)->1569K(1664K)
[70.666s][info][gc             ] GC(20) Pause Full (System.gc()) 48M->7M(2048M) 12.893ms
[70.666s][info][gc,cpu         ] GC(20) User=0.02s Sys=0.00s Real=0.01s
[70.782s][info][gc,heap,exit   ] Heap
[70.782s][info][gc,heap,exit   ]  garbage-first heap   total 2097152K, used 10325K [0x0000000080000000, 0x0000000100000000)
[70.782s][info][gc,heap,exit   ]   region size 1024K, 3 young (3072K), 0 survivors (0K)
[70.782s][info][gc,heap,exit   ]  Metaspace       used 14446K, committed 14656K, reserved 1114112K
[70.782s][info][gc,heap,exit   ]   class space    used 1569K, committed 1664K, reserved 1048576K
