[0.007s][info][gc,init] CardTable entry size: 512
[0.007s][info][gc     ] Using G1
[0.018s][info][gc,init] Version: 21.0.4+7-adhoc.Administrator.jdk21u (release)
[0.018s][info][gc,init] CPUs: 6 total, 6 available
[0.018s][info][gc,init] Memory: 15591M
[0.018s][info][gc,init] Large Page Support: Disabled
[0.018s][info][gc,init] NUMA Support: Disabled
[0.018s][info][gc,init] Compressed Oops: Enabled (32-bit)
[0.018s][info][gc,init] Heap Region Size: 1M
[0.018s][info][gc,init] Heap Min Capacity: 2G
[0.018s][info][gc,init] Heap Initial Capacity: 2G
[0.018s][info][gc,init] Heap Max Capacity: 2G
[0.018s][info][gc,init] Pre-touch: Disabled
[0.018s][info][gc,init] Parallel Workers: 6
[0.018s][info][gc,init] Concurrent Workers: 2
[0.018s][info][gc,init] Concurrent Refinement Workers: 6
[0.018s][info][gc,init] Periodic GC: Disabled
[0.027s][info][gc,metaspace] CDS archive(s) mapped at: [0x000001c9b1000000-0x000001c9b1c90000-0x000001c9b1c90000), size 13172736, SharedBaseAddress: 0x000001c9b1000000, ArchiveRelocationMode: 1.
[0.027s][info][gc,metaspace] Compressed class space mapped at: 0x000001c9b2000000-0x000001c9f2000000, reserved size: 1073741824
[0.027s][info][gc,metaspace] Narrow klass base: 0x000001c9b1000000, Narrow klass shift: 0, Narrow klass range: 0x100000000
[1.199s][info][gc,start    ] GC(0) Pause Young (Normal) (G1 Evacuation Pause)
[1.200s][info][gc,task     ] GC(0) Using 6 workers of 6 for evacuation
[1.212s][info][gc,phases   ] GC(0)   Pre Evacuate Collection Set: 0.4ms
[1.212s][info][gc,phases   ] GC(0)   Merge Heap Roots: 0.1ms
[1.212s][info][gc,phases   ] GC(0)   Evacuate Collection Set: 10.9ms
[1.212s][info][gc,phases   ] GC(0)   Post Evacuate Collection Set: 0.8ms
[1.212s][info][gc,phases   ] GC(0)   Other: 0.3ms
[1.212s][info][gc,heap     ] GC(0) Eden regions: 102->0(89)
[1.212s][info][gc,heap     ] GC(0) Survivor regions: 0->13(13)
[1.212s][info][gc,heap     ] GC(0) Old regions: 0->11
[1.212s][info][gc,heap     ] GC(0) Humongous regions: 3->3
[1.212s][info][gc,metaspace] GC(0) Metaspace: 10534K(10752K)->10534K(10752K) NonClass: 9239K(9344K)->9239K(9344K) Class: 1294K(1408K)->1294K(1408K)
[1.212s][info][gc          ] GC(0) Pause Young (Normal) (G1 Evacuation Pause) 105M->26M(2048M) 12.728ms
[1.212s][info][gc,cpu      ] GC(0) User=0.00s Sys=0.02s Real=0.01s
[1.286s][info][gc,start    ] GC(1) Pause Young (Normal) (G1 Evacuation Pause)
[1.286s][info][gc,task     ] GC(1) Using 6 workers of 6 for evacuation
[1.301s][info][gc,phases   ] GC(1)   Pre Evacuate Collection Set: 0.4ms
[1.301s][info][gc,phases   ] GC(1)   Merge Heap Roots: 0.1ms
[1.301s][info][gc,phases   ] GC(1)   Evacuate Collection Set: 14.0ms
[1.301s][info][gc,phases   ] GC(1)   Post Evacuate Collection Set: 0.5ms
[1.301s][info][gc,phases   ] GC(1)   Other: 0.1ms
[1.301s][info][gc,heap     ] GC(1) Eden regions: 89->0(89)
[1.301s][info][gc,heap     ] GC(1) Survivor regions: 13->13(13)
[1.301s][info][gc,heap     ] GC(1) Old regions: 11->34
[1.301s][info][gc,heap     ] GC(1) Humongous regions: 6->6
[1.301s][info][gc,metaspace] GC(1) Metaspace: 10545K(10752K)->10545K(10752K) NonClass: 9250K(9344K)->9250K(9344K) Class: 1294K(1408K)->1294K(1408K)
[1.301s][info][gc          ] GC(1) Pause Young (Normal) (G1 Evacuation Pause) 118M->53M(2048M) 15.344ms
[1.301s][info][gc,cpu      ] GC(1) User=0.02s Sys=0.00s Real=0.02s
[1.341s][info][gc,start    ] GC(2) Pause Young (Normal) (G1 Evacuation Pause)
[1.341s][info][gc,task     ] GC(2) Using 6 workers of 6 for evacuation
[1.351s][info][gc,phases   ] GC(2)   Pre Evacuate Collection Set: 0.3ms
[1.351s][info][gc,phases   ] GC(2)   Merge Heap Roots: 0.1ms
[1.351s][info][gc,phases   ] GC(2)   Evacuate Collection Set: 9.7ms
[1.351s][info][gc,phases   ] GC(2)   Post Evacuate Collection Set: 0.4ms
[1.351s][info][gc,phases   ] GC(2)   Other: 0.1ms
[1.351s][info][gc,heap     ] GC(2) Eden regions: 89->0(94)
[1.351s][info][gc,heap     ] GC(2) Survivor regions: 13->8(13)
[1.351s][info][gc,heap     ] GC(2) Old regions: 34->49
[1.351s][info][gc,heap     ] GC(2) Humongous regions: 10->10
[1.351s][info][gc,metaspace] GC(2) Metaspace: 10545K(10752K)->10545K(10752K) NonClass: 9250K(9344K)->9250K(9344K) Class: 1294K(1408K)->1294K(1408K)
[1.351s][info][gc          ] GC(2) Pause Young (Normal) (G1 Evacuation Pause) 146M->65M(2048M) 10.809ms
[1.351s][info][gc,cpu      ] GC(2) User=0.02s Sys=0.00s Real=0.01s
[1.382s][info][gc,start    ] GC(3) Pause Young (Normal) (G1 Evacuation Pause)
[1.382s][info][gc,task     ] GC(3) Using 6 workers of 6 for evacuation
[1.389s][info][gc,phases   ] GC(3)   Pre Evacuate Collection Set: 0.5ms
[1.389s][info][gc,phases   ] GC(3)   Merge Heap Roots: 0.1ms
[1.389s][info][gc,phases   ] GC(3)   Evacuate Collection Set: 6.5ms
[1.389s][info][gc,phases   ] GC(3)   Post Evacuate Collection Set: 0.3ms
[1.389s][info][gc,phases   ] GC(3)   Other: 0.1ms
[1.389s][info][gc,heap     ] GC(3) Eden regions: 94->0(124)
[1.389s][info][gc,heap     ] GC(3) Survivor regions: 8->7(13)
[1.389s][info][gc,heap     ] GC(3) Old regions: 49->57
[1.389s][info][gc,heap     ] GC(3) Humongous regions: 11->11
[1.389s][info][gc,metaspace] GC(3) Metaspace: 10545K(10752K)->10545K(10752K) NonClass: 9250K(9344K)->9250K(9344K) Class: 1294K(1408K)->1294K(1408K)
[1.389s][info][gc          ] GC(3) Pause Young (Normal) (G1 Evacuation Pause) 160M->74M(2048M) 7.756ms
[1.389s][info][gc,cpu      ] GC(3) User=0.00s Sys=0.00s Real=0.00s
[1.454s][info][gc,start    ] GC(4) Pause Full (System.gc())
[1.454s][info][gc,task     ] GC(4) Using 6 workers of 6 for full compaction
[1.455s][info][gc,phases,start] GC(4) Phase 1: Mark live objects
[1.476s][info][gc,phases      ] GC(4) Phase 1: Mark live objects 21.763ms
[1.477s][info][gc,phases,start] GC(4) Phase 2: Prepare compaction
[1.480s][info][gc,phases      ] GC(4) Phase 2: Prepare compaction 3.229ms
[1.480s][info][gc,phases,start] GC(4) Phase 3: Adjust pointers
[1.489s][info][gc,phases      ] GC(4) Phase 3: Adjust pointers 9.539ms
[1.489s][info][gc,phases,start] GC(4) Phase 4: Compact heap
[1.494s][info][gc,phases      ] GC(4) Phase 4: Compact heap 4.140ms
[1.494s][info][gc,phases,start] GC(4) Phase 5: Reset Metadata
[1.497s][info][gc,phases      ] GC(4) Phase 5: Reset Metadata 3.063ms
[1.503s][info][gc,heap        ] GC(4) Eden regions: 65->0(144)
[1.503s][info][gc,heap        ] GC(4) Survivor regions: 7->0(13)
[1.503s][info][gc,heap        ] GC(4) Old regions: 57->72
[1.503s][info][gc,heap        ] GC(4) Humongous regions: 21->7
[1.503s][info][gc,metaspace   ] GC(4) Metaspace: 10554K(10752K)->10554K(10752K) NonClass: 9258K(9344K)->9258K(9344K) Class: 1295K(1408K)->1295K(1408K)
[1.503s][info][gc             ] GC(4) Pause Full (System.gc()) 148M->75M(2048M) 49.005ms
[1.503s][info][gc,cpu         ] GC(4) User=0.03s Sys=0.02s Real=0.05s
[1.797s][info][gc,start       ] GC(5) Pause Young (Normal) (G1 Evacuation Pause)
[1.797s][info][gc,task        ] GC(5) Using 6 workers of 6 for evacuation
[1.800s][info][gc,phases      ] GC(5)   Pre Evacuate Collection Set: 0.2ms
[1.800s][info][gc,phases      ] GC(5)   Merge Heap Roots: 0.1ms
[1.800s][info][gc,phases      ] GC(5)   Evacuate Collection Set: 2.3ms
[1.800s][info][gc,phases      ] GC(5)   Post Evacuate Collection Set: 0.5ms
[1.800s][info][gc,phases      ] GC(5)   Other: 0.1ms
[1.800s][info][gc,heap        ] GC(5) Eden regions: 154->0(292)
[1.800s][info][gc,heap        ] GC(5) Survivor regions: 0->4(20)
[1.800s][info][gc,heap        ] GC(5) Old regions: 72->72
[1.800s][info][gc,heap        ] GC(5) Humongous regions: 7->7
[1.800s][info][gc,metaspace   ] GC(5) Metaspace: 10967K(11200K)->10967K(11200K) NonClass: 9593K(9728K)->9593K(9728K) Class: 1373K(1472K)->1373K(1472K)
[1.800s][info][gc             ] GC(5) Pause Young (Normal) (G1 Evacuation Pause) 229M->79M(2048M) 3.369ms
[1.800s][info][gc,cpu         ] GC(5) User=0.02s Sys=0.00s Real=0.01s
[1.884s][info][gc,start       ] GC(6) Pause Young (Normal) (G1 Evacuation Pause)
[1.884s][info][gc,task        ] GC(6) Using 6 workers of 6 for evacuation
[1.890s][info][gc,phases      ] GC(6)   Pre Evacuate Collection Set: 0.2ms
[1.890s][info][gc,phases      ] GC(6)   Merge Heap Roots: 0.1ms
[1.890s][info][gc,phases      ] GC(6)   Evacuate Collection Set: 4.9ms
[1.890s][info][gc,phases      ] GC(6)   Post Evacuate Collection Set: 0.4ms
[1.890s][info][gc,phases      ] GC(6)   Other: 0.1ms
[1.890s][info][gc,heap        ] GC(6) Eden regions: 310->0(1025)
[1.890s][info][gc,heap        ] GC(6) Survivor regions: 4->9(40)
[1.890s][info][gc,heap        ] GC(6) Old regions: 72->72
[1.890s][info][gc,heap        ] GC(6) Humongous regions: 7->7
[1.890s][info][gc,metaspace   ] GC(6) Metaspace: 10969K(11200K)->10969K(11200K) NonClass: 9595K(9728K)->9595K(9728K) Class: 1373K(1472K)->1373K(1472K)
[1.890s][info][gc             ] GC(6) Pause Young (Normal) (G1 Evacuation Pause) 389M->84M(2048M) 5.968ms
[1.890s][info][gc,cpu         ] GC(6) User=0.00s Sys=0.00s Real=0.00s
[2.076s][info][gc,start       ] GC(7) Pause Young (Normal) (G1 Evacuation Pause)
[2.076s][info][gc,task        ] GC(7) Using 6 workers of 6 for evacuation
[2.095s][info][gc,phases      ] GC(7)   Pre Evacuate Collection Set: 0.2ms
[2.095s][info][gc,phases      ] GC(7)   Merge Heap Roots: 0.1ms
[2.095s][info][gc,phases      ] GC(7)   Evacuate Collection Set: 17.1ms
[2.095s][info][gc,phases      ] GC(7)   Post Evacuate Collection Set: 0.8ms
[2.095s][info][gc,phases      ] GC(7)   Other: 0.3ms
[2.095s][info][gc,heap        ] GC(7) Eden regions: 1099->0(1201)
[2.095s][info][gc,heap        ] GC(7) Survivor regions: 9->27(139)
[2.095s][info][gc,heap        ] GC(7) Old regions: 72->72
[2.095s][info][gc,heap        ] GC(7) Humongous regions: 7->7
[2.095s][info][gc,metaspace   ] GC(7) Metaspace: 10976K(11200K)->10976K(11200K) NonClass: 9602K(9728K)->9602K(9728K) Class: 1373K(1472K)->1373K(1472K)
[2.095s][info][gc             ] GC(7) Pause Young (Normal) (G1 Evacuation Pause) 1183M->102M(2048M) 18.801ms
[2.095s][info][gc,cpu         ] GC(7) User=0.03s Sys=0.00s Real=0.02s
[2.140s][info][gc,start       ] GC(8) Pause Full (System.gc())
[2.140s][info][gc,task        ] GC(8) Using 6 workers of 6 for full compaction
[2.140s][info][gc,phases,start] GC(8) Phase 1: Mark live objects
[2.162s][info][gc,phases      ] GC(8) Phase 1: Mark live objects 21.971ms
[2.162s][info][gc,phases,start] GC(8) Phase 2: Prepare compaction
[2.163s][info][gc,phases      ] GC(8) Phase 2: Prepare compaction 0.580ms
[2.163s][info][gc,phases,start] GC(8) Phase 3: Adjust pointers
[2.169s][info][gc,phases      ] GC(8) Phase 3: Adjust pointers 5.527ms
[2.169s][info][gc,phases,start] GC(8) Phase 4: Compact heap
[2.169s][info][gc,phases      ] GC(8) Phase 4: Compact heap 0.520ms
[2.169s][info][gc,phases,start] GC(8) Phase 5: Reset Metadata
[2.173s][info][gc,phases      ] GC(8) Phase 5: Reset Metadata 3.815ms
[2.177s][info][gc,heap        ] GC(8) Eden regions: 302->0(1228)
[2.177s][info][gc,heap        ] GC(8) Survivor regions: 27->0(139)
[2.177s][info][gc,heap        ] GC(8) Old regions: 72->73
[2.177s][info][gc,heap        ] GC(8) Humongous regions: 7->7
[2.177s][info][gc,metaspace   ] GC(8) Metaspace: 11057K(11264K)->11043K(11264K) NonClass: 9661K(9792K)->9651K(9792K) Class: 1395K(1472K)->1391K(1472K)
[2.177s][info][gc             ] GC(8) Pause Full (System.gc()) 404M->75M(2048M) 37.442ms
[2.177s][info][gc,cpu         ] GC(8) User=0.03s Sys=0.00s Real=0.03s
[2.316s][info][gc,start       ] GC(9) Pause Young (Normal) (G1 Evacuation Pause)
[2.316s][info][gc,task        ] GC(9) Using 6 workers of 6 for evacuation
[2.333s][info][gc,phases      ] GC(9)   Pre Evacuate Collection Set: 0.3ms
[2.333s][info][gc,phases      ] GC(9)   Merge Heap Roots: 0.1ms
[2.333s][info][gc,phases      ] GC(9)   Evacuate Collection Set: 15.8ms
[2.333s][info][gc,phases      ] GC(9)   Post Evacuate Collection Set: 0.7ms
[2.333s][info][gc,phases      ] GC(9)   Other: 0.1ms
[2.333s][info][gc,heap        ] GC(9) Eden regions: 1228->0(1207)
[2.333s][info][gc,heap        ] GC(9) Survivor regions: 0->21(154)
[2.333s][info][gc,heap        ] GC(9) Old regions: 73->73
[2.333s][info][gc,heap        ] GC(9) Humongous regions: 7->7
[2.333s][info][gc,metaspace   ] GC(9) Metaspace: 11043K(11264K)->11043K(11264K) NonClass: 9651K(9792K)->9651K(9792K) Class: 1391K(1472K)->1391K(1472K)
[2.333s][info][gc             ] GC(9) Pause Young (Normal) (G1 Evacuation Pause) 1303M->96M(2048M) 17.272ms
[2.333s][info][gc,cpu         ] GC(9) User=0.02s Sys=0.00s Real=0.02s
[2.413s][info][gc,start       ] GC(10) Pause Full (System.gc())
[2.413s][info][gc,task        ] GC(10) Using 6 workers of 6 for full compaction
[2.413s][info][gc,phases,start] GC(10) Phase 1: Mark live objects
[2.434s][info][gc,phases      ] GC(10) Phase 1: Mark live objects 20.796ms
[2.434s][info][gc,phases,start] GC(10) Phase 2: Prepare compaction
[2.435s][info][gc,phases      ] GC(10) Phase 2: Prepare compaction 0.887ms
[2.435s][info][gc,phases,start] GC(10) Phase 3: Adjust pointers
[2.441s][info][gc,phases      ] GC(10) Phase 3: Adjust pointers 5.952ms
[2.441s][info][gc,phases,start] GC(10) Phase 4: Compact heap
[2.442s][info][gc,phases      ] GC(10) Phase 4: Compact heap 0.714ms
[2.442s][info][gc,phases,start] GC(10) Phase 5: Reset Metadata
[2.445s][info][gc,phases      ] GC(10) Phase 5: Reset Metadata 3.417ms
[2.450s][info][gc,heap        ] GC(10) Eden regions: 631->0(1228)
[2.450s][info][gc,heap        ] GC(10) Survivor regions: 21->0(154)
[2.450s][info][gc,heap        ] GC(10) Old regions: 73->74
[2.450s][info][gc,heap        ] GC(10) Humongous regions: 7->7
[2.450s][info][gc,metaspace   ] GC(10) Metaspace: 11045K(11264K)->11045K(11264K) NonClass: 9653K(9792K)->9653K(9792K) Class: 1391K(1472K)->1391K(1472K)
[2.450s][info][gc             ] GC(10) Pause Full (System.gc()) 727M->75M(2048M) 37.451ms
[2.450s][info][gc,cpu         ] GC(10) User=0.02s Sys=0.00s Real=0.05s
[2.586s][info][gc,start       ] GC(11) Pause Young (Normal) (G1 Evacuation Pause)
[2.586s][info][gc,task        ] GC(11) Using 6 workers of 6 for evacuation
[2.602s][info][gc,phases      ] GC(11)   Pre Evacuate Collection Set: 0.2ms
[2.603s][info][gc,phases      ] GC(11)   Merge Heap Roots: 0.1ms
[2.603s][info][gc,phases      ] GC(11)   Evacuate Collection Set: 15.1ms
[2.603s][info][gc,phases      ] GC(11)   Post Evacuate Collection Set: 0.7ms
[2.603s][info][gc,phases      ] GC(11)   Other: 0.1ms
[2.603s][info][gc,heap        ] GC(11) Eden regions: 1228->0(1207)
[2.603s][info][gc,heap        ] GC(11) Survivor regions: 0->21(154)
[2.603s][info][gc,heap        ] GC(11) Old regions: 74->74
[2.603s][info][gc,heap        ] GC(11) Humongous regions: 7->7
[2.603s][info][gc,metaspace   ] GC(11) Metaspace: 11046K(11264K)->11046K(11264K) NonClass: 9654K(9792K)->9654K(9792K) Class: 1391K(1472K)->1391K(1472K)
[2.603s][info][gc             ] GC(11) Pause Young (Normal) (G1 Evacuation Pause) 1303M->96M(2048M) 16.488ms
[2.603s][info][gc,cpu         ] GC(11) User=0.02s Sys=0.00s Real=0.03s
[2.681s][info][gc,start       ] GC(12) Pause Full (System.gc())
[2.681s][info][gc,task        ] GC(12) Using 6 workers of 6 for full compaction
[2.681s][info][gc,phases,start] GC(12) Phase 1: Mark live objects
[2.702s][info][gc,phases      ] GC(12) Phase 1: Mark live objects 20.780ms
[2.702s][info][gc,phases,start] GC(12) Phase 2: Prepare compaction
[2.703s][info][gc,phases      ] GC(12) Phase 2: Prepare compaction 0.693ms
[2.703s][info][gc,phases,start] GC(12) Phase 3: Adjust pointers
[2.708s][info][gc,phases      ] GC(12) Phase 3: Adjust pointers 5.464ms
[2.708s][info][gc,phases,start] GC(12) Phase 4: Compact heap
[2.709s][info][gc,phases      ] GC(12) Phase 4: Compact heap 0.541ms
[2.709s][info][gc,phases,start] GC(12) Phase 5: Reset Metadata
[2.712s][info][gc,phases      ] GC(12) Phase 5: Reset Metadata 3.464ms
[2.717s][info][gc,heap        ] GC(12) Eden regions: 630->0(1228)
[2.717s][info][gc,heap        ] GC(12) Survivor regions: 21->0(154)
[2.717s][info][gc,heap        ] GC(12) Old regions: 74->74
[2.717s][info][gc,heap        ] GC(12) Humongous regions: 7->7
[2.717s][info][gc,metaspace   ] GC(12) Metaspace: 11049K(11264K)->11049K(11264K) NonClass: 9657K(9792K)->9657K(9792K) Class: 1391K(1472K)->1391K(1472K)
[2.717s][info][gc             ] GC(12) Pause Full (System.gc()) 726M->75M(2048M) 36.212ms
[2.717s][info][gc,cpu         ] GC(12) User=0.03s Sys=0.00s Real=0.05s
[2.848s][info][gc,start       ] GC(13) Pause Young (Normal) (G1 Evacuation Pause)
[2.848s][info][gc,task        ] GC(13) Using 6 workers of 6 for evacuation
[2.864s][info][gc,phases      ] GC(13)   Pre Evacuate Collection Set: 0.2ms
[2.864s][info][gc,phases      ] GC(13)   Merge Heap Roots: 0.1ms
[2.864s][info][gc,phases      ] GC(13)   Evacuate Collection Set: 14.9ms
[2.864s][info][gc,phases      ] GC(13)   Post Evacuate Collection Set: 0.7ms
[2.864s][info][gc,phases      ] GC(13)   Other: 0.1ms
[2.864s][info][gc,heap        ] GC(13) Eden regions: 1228->0(1207)
[2.864s][info][gc,heap        ] GC(13) Survivor regions: 0->21(154)
[2.864s][info][gc,heap        ] GC(13) Old regions: 74->74
[2.864s][info][gc,heap        ] GC(13) Humongous regions: 7->7
[2.864s][info][gc,metaspace   ] GC(13) Metaspace: 11049K(11264K)->11049K(11264K) NonClass: 9657K(9792K)->9657K(9792K) Class: 1391K(1472K)->1391K(1472K)
[2.864s][info][gc             ] GC(13) Pause Young (Normal) (G1 Evacuation Pause) 1303M->96M(2048M) 16.218ms
[2.864s][info][gc,cpu         ] GC(13) User=0.02s Sys=0.00s Real=0.02s
[2.946s][info][gc,start       ] GC(14) Pause Full (System.gc())
[2.946s][info][gc,task        ] GC(14) Using 6 workers of 6 for full compaction
[2.947s][info][gc,phases,start] GC(14) Phase 1: Mark live objects
[2.967s][info][gc,phases      ] GC(14) Phase 1: Mark live objects 20.480ms
[2.967s][info][gc,phases,start] GC(14) Phase 2: Prepare compaction
[2.968s][info][gc,phases      ] GC(14) Phase 2: Prepare compaction 0.775ms
[2.968s][info][gc,phases,start] GC(14) Phase 3: Adjust pointers
[2.974s][info][gc,phases      ] GC(14) Phase 3: Adjust pointers 5.504ms
[2.974s][info][gc,phases,start] GC(14) Phase 4: Compact heap
[2.974s][info][gc,phases      ] GC(14) Phase 4: Compact heap 0.574ms
[2.974s][info][gc,phases,start] GC(14) Phase 5: Reset Metadata
[2.978s][info][gc,phases      ] GC(14) Phase 5: Reset Metadata 3.460ms
[2.983s][info][gc,heap        ] GC(14) Eden regions: 630->0(1228)
[2.983s][info][gc,heap        ] GC(14) Survivor regions: 21->0(154)
[2.983s][info][gc,heap        ] GC(14) Old regions: 74->74
[2.983s][info][gc,heap        ] GC(14) Humongous regions: 7->7
[2.983s][info][gc,metaspace   ] GC(14) Metaspace: 11052K(11264K)->11052K(11264K) NonClass: 9660K(9792K)->9660K(9792K) Class: 1391K(1472K)->1391K(1472K)
[2.983s][info][gc             ] GC(14) Pause Full (System.gc()) 726M->75M(2048M) 36.418ms
[2.983s][info][gc,cpu         ] GC(14) User=0.03s Sys=0.00s Real=0.05s
[3.119s][info][gc,start       ] GC(15) Pause Young (Normal) (G1 Evacuation Pause)
[3.119s][info][gc,task        ] GC(15) Using 6 workers of 6 for evacuation
[3.137s][info][gc,phases      ] GC(15)   Pre Evacuate Collection Set: 0.3ms
[3.137s][info][gc,phases      ] GC(15)   Merge Heap Roots: 0.1ms
[3.137s][info][gc,phases      ] GC(15)   Evacuate Collection Set: 16.4ms
[3.137s][info][gc,phases      ] GC(15)   Post Evacuate Collection Set: 0.6ms
[3.137s][info][gc,phases      ] GC(15)   Other: 0.1ms
[3.137s][info][gc,heap        ] GC(15) Eden regions: 1228->0(1206)
[3.137s][info][gc,heap        ] GC(15) Survivor regions: 0->22(154)
[3.137s][info][gc,heap        ] GC(15) Old regions: 74->74
[3.137s][info][gc,heap        ] GC(15) Humongous regions: 7->7
[3.137s][info][gc,metaspace   ] GC(15) Metaspace: 11055K(11264K)->11055K(11264K) NonClass: 9663K(9792K)->9663K(9792K) Class: 1391K(1472K)->1391K(1472K)
[3.137s][info][gc             ] GC(15) Pause Young (Normal) (G1 Evacuation Pause) 1303M->97M(2048M) 17.636ms
[3.137s][info][gc,cpu         ] GC(15) User=0.02s Sys=0.00s Real=0.02s
[3.210s][info][gc,start       ] GC(16) Pause Full (System.gc())
[3.211s][info][gc,task        ] GC(16) Using 6 workers of 6 for full compaction
[3.211s][info][gc,phases,start] GC(16) Phase 1: Mark live objects
[3.232s][info][gc,phases      ] GC(16) Phase 1: Mark live objects 20.683ms
[3.232s][info][gc,phases,start] GC(16) Phase 2: Prepare compaction
[3.232s][info][gc,phases      ] GC(16) Phase 2: Prepare compaction 0.717ms
[3.232s][info][gc,phases,start] GC(16) Phase 3: Adjust pointers
[3.238s][info][gc,phases      ] GC(16) Phase 3: Adjust pointers 5.618ms
[3.238s][info][gc,phases,start] GC(16) Phase 4: Compact heap
[3.239s][info][gc,phases      ] GC(16) Phase 4: Compact heap 0.543ms
[3.239s][info][gc,phases,start] GC(16) Phase 5: Reset Metadata
[3.242s][info][gc,phases      ] GC(16) Phase 5: Reset Metadata 3.437ms
[3.246s][info][gc,heap        ] GC(16) Eden regions: 629->0(1228)
[3.247s][info][gc,heap        ] GC(16) Survivor regions: 22->0(154)
[3.247s][info][gc,heap        ] GC(16) Old regions: 74->74
[3.247s][info][gc,heap        ] GC(16) Humongous regions: 7->7
[3.247s][info][gc,metaspace   ] GC(16) Metaspace: 11055K(11264K)->11055K(11264K) NonClass: 9663K(9792K)->9663K(9792K) Class: 1391K(1472K)->1391K(1472K)
[3.247s][info][gc             ] GC(16) Pause Full (System.gc()) 726M->75M(2048M) 36.100ms
[3.247s][info][gc,cpu         ] GC(16) User=0.03s Sys=0.00s Real=0.03s
[3.376s][info][gc,start       ] GC(17) Pause Young (Normal) (G1 Evacuation Pause)
[3.376s][info][gc,task        ] GC(17) Using 6 workers of 6 for evacuation
[3.392s][info][gc,phases      ] GC(17)   Pre Evacuate Collection Set: 0.2ms
[3.392s][info][gc,phases      ] GC(17)   Merge Heap Roots: 0.1ms
[3.392s][info][gc,phases      ] GC(17)   Evacuate Collection Set: 14.9ms
[3.392s][info][gc,phases      ] GC(17)   Post Evacuate Collection Set: 0.8ms
[3.392s][info][gc,phases      ] GC(17)   Other: 0.1ms
[3.392s][info][gc,heap        ] GC(17) Eden regions: 1228->0(1207)
[3.392s][info][gc,heap        ] GC(17) Survivor regions: 0->21(154)
[3.392s][info][gc,heap        ] GC(17) Old regions: 74->74
[3.392s][info][gc,heap        ] GC(17) Humongous regions: 7->7
[3.392s][info][gc,metaspace   ] GC(17) Metaspace: 11056K(11264K)->11056K(11264K) NonClass: 9664K(9792K)->9664K(9792K) Class: 1391K(1472K)->1391K(1472K)
[3.392s][info][gc             ] GC(17) Pause Young (Normal) (G1 Evacuation Pause) 1303M->96M(2048M) 16.274ms
[3.392s][info][gc,cpu         ] GC(17) User=0.02s Sys=0.00s Real=0.02s
[3.474s][info][gc,start       ] GC(18) Pause Full (System.gc())
[3.474s][info][gc,task        ] GC(18) Using 6 workers of 6 for full compaction
[3.474s][info][gc,phases,start] GC(18) Phase 1: Mark live objects
[3.495s][info][gc,phases      ] GC(18) Phase 1: Mark live objects 20.422ms
[3.495s][info][gc,phases,start] GC(18) Phase 2: Prepare compaction
[3.495s][info][gc,phases      ] GC(18) Phase 2: Prepare compaction 0.639ms
[3.495s][info][gc,phases,start] GC(18) Phase 3: Adjust pointers
[3.501s][info][gc,phases      ] GC(18) Phase 3: Adjust pointers 5.756ms
[3.501s][info][gc,phases,start] GC(18) Phase 4: Compact heap
[3.502s][info][gc,phases      ] GC(18) Phase 4: Compact heap 0.519ms
[3.502s][info][gc,phases,start] GC(18) Phase 5: Reset Metadata
[3.505s][info][gc,phases      ] GC(18) Phase 5: Reset Metadata 3.448ms
[3.509s][info][gc,heap        ] GC(18) Eden regions: 630->0(1228)
[3.509s][info][gc,heap        ] GC(18) Survivor regions: 21->0(154)
[3.509s][info][gc,heap        ] GC(18) Old regions: 74->74
[3.509s][info][gc,heap        ] GC(18) Humongous regions: 7->7
[3.509s][info][gc,metaspace   ] GC(18) Metaspace: 11056K(11264K)->11056K(11264K) NonClass: 9664K(9792K)->9664K(9792K) Class: 1391K(1472K)->1391K(1472K)
[3.509s][info][gc             ] GC(18) Pause Full (System.gc()) 726M->75M(2048M) 35.677ms
[3.509s][info][gc,cpu         ] GC(18) User=0.02s Sys=0.00s Real=0.03s
[3.639s][info][gc,start       ] GC(19) Pause Young (Normal) (G1 Evacuation Pause)
[3.639s][info][gc,task        ] GC(19) Using 6 workers of 6 for evacuation
[3.656s][info][gc,phases      ] GC(19)   Pre Evacuate Collection Set: 0.3ms
[3.656s][info][gc,phases      ] GC(19)   Merge Heap Roots: 0.1ms
[3.656s][info][gc,phases      ] GC(19)   Evacuate Collection Set: 15.3ms
[3.656s][info][gc,phases      ] GC(19)   Post Evacuate Collection Set: 0.8ms
[3.656s][info][gc,phases      ] GC(19)   Other: 0.1ms
[3.656s][info][gc,heap        ] GC(19) Eden regions: 1228->0(1206)
[3.656s][info][gc,heap        ] GC(19) Survivor regions: 0->22(154)
[3.656s][info][gc,heap        ] GC(19) Old regions: 74->74
[3.656s][info][gc,heap        ] GC(19) Humongous regions: 7->7
[3.656s][info][gc,metaspace   ] GC(19) Metaspace: 11058K(11264K)->11058K(11264K) NonClass: 9666K(9792K)->9666K(9792K) Class: 1391K(1472K)->1391K(1472K)
[3.656s][info][gc             ] GC(19) Pause Young (Normal) (G1 Evacuation Pause) 1303M->97M(2048M) 16.923ms
[3.656s][info][gc,cpu         ] GC(19) User=0.03s Sys=0.00s Real=0.02s
[3.736s][info][gc,start       ] GC(20) Pause Full (System.gc())
[3.736s][info][gc,task        ] GC(20) Using 6 workers of 6 for full compaction
[3.736s][info][gc,phases,start] GC(20) Phase 1: Mark live objects
[3.757s][info][gc,phases      ] GC(20) Phase 1: Mark live objects 20.782ms
[3.757s][info][gc,phases,start] GC(20) Phase 2: Prepare compaction
[3.757s][info][gc,phases      ] GC(20) Phase 2: Prepare compaction 0.706ms
[3.757s][info][gc,phases,start] GC(20) Phase 3: Adjust pointers
[3.763s][info][gc,phases      ] GC(20) Phase 3: Adjust pointers 5.658ms
[3.763s][info][gc,phases,start] GC(20) Phase 4: Compact heap
[3.764s][info][gc,phases      ] GC(20) Phase 4: Compact heap 0.534ms
[3.764s][info][gc,phases,start] GC(20) Phase 5: Reset Metadata
[3.767s][info][gc,phases      ] GC(20) Phase 5: Reset Metadata 3.464ms
[3.772s][info][gc,heap        ] GC(20) Eden regions: 630->0(1228)
[3.772s][info][gc,heap        ] GC(20) Survivor regions: 22->0(154)
[3.772s][info][gc,heap        ] GC(20) Old regions: 74->74
[3.772s][info][gc,heap        ] GC(20) Humongous regions: 7->7
[3.772s][info][gc,metaspace   ] GC(20) Metaspace: 11060K(11264K)->11060K(11264K) NonClass: 9668K(9792K)->9668K(9792K) Class: 1391K(1472K)->1391K(1472K)
[3.772s][info][gc             ] GC(20) Pause Full (System.gc()) 727M->75M(2048M) 36.269ms
[3.772s][info][gc,cpu         ] GC(20) User=0.05s Sys=0.00s Real=0.05s
[3.902s][info][gc,start       ] GC(21) Pause Young (Normal) (G1 Evacuation Pause)
[3.902s][info][gc,task        ] GC(21) Using 6 workers of 6 for evacuation
[3.918s][info][gc,phases      ] GC(21)   Pre Evacuate Collection Set: 0.3ms
[3.918s][info][gc,phases      ] GC(21)   Merge Heap Roots: 0.1ms
[3.918s][info][gc,phases      ] GC(21)   Evacuate Collection Set: 15.4ms
[3.918s][info][gc,phases      ] GC(21)   Post Evacuate Collection Set: 0.6ms
[3.918s][info][gc,phases      ] GC(21)   Other: 0.1ms
[3.918s][info][gc,heap        ] GC(21) Eden regions: 1228->0(1206)
[3.918s][info][gc,heap        ] GC(21) Survivor regions: 0->22(154)
[3.919s][info][gc,heap        ] GC(21) Old regions: 74->74
[3.919s][info][gc,heap        ] GC(21) Humongous regions: 7->7
[3.919s][info][gc,metaspace   ] GC(21) Metaspace: 11061K(11264K)->11061K(11264K) NonClass: 9669K(9792K)->9669K(9792K) Class: 1391K(1472K)->1391K(1472K)
[3.919s][info][gc             ] GC(21) Pause Young (Normal) (G1 Evacuation Pause) 1303M->97M(2048M) 16.765ms
[3.919s][info][gc,cpu         ] GC(21) User=0.02s Sys=0.00s Real=0.02s
[3.995s][info][gc,start       ] GC(22) Pause Full (System.gc())
[3.995s][info][gc,task        ] GC(22) Using 6 workers of 6 for full compaction
[3.995s][info][gc,phases,start] GC(22) Phase 1: Mark live objects
[4.016s][info][gc,phases      ] GC(22) Phase 1: Mark live objects 20.656ms
[4.016s][info][gc,phases,start] GC(22) Phase 2: Prepare compaction
[4.017s][info][gc,phases      ] GC(22) Phase 2: Prepare compaction 0.707ms
[4.017s][info][gc,phases,start] GC(22) Phase 3: Adjust pointers
[4.022s][info][gc,phases      ] GC(22) Phase 3: Adjust pointers 5.662ms
[4.022s][info][gc,phases,start] GC(22) Phase 4: Compact heap
[4.023s][info][gc,phases      ] GC(22) Phase 4: Compact heap 0.535ms
[4.023s][info][gc,phases,start] GC(22) Phase 5: Reset Metadata
[4.026s][info][gc,phases      ] GC(22) Phase 5: Reset Metadata 3.407ms
[4.031s][info][gc,heap        ] GC(22) Eden regions: 631->0(1228)
[4.031s][info][gc,heap        ] GC(22) Survivor regions: 22->0(154)
[4.031s][info][gc,heap        ] GC(22) Old regions: 74->74
[4.031s][info][gc,heap        ] GC(22) Humongous regions: 7->7
[4.031s][info][gc,metaspace   ] GC(22) Metaspace: 11068K(11264K)->11068K(11264K) NonClass: 9676K(9792K)->9676K(9792K) Class: 1391K(1472K)->1391K(1472K)
[4.031s][info][gc             ] GC(22) Pause Full (System.gc()) 727M->75M(2048M) 36.116ms
[4.031s][info][gc,cpu         ] GC(22) User=0.03s Sys=0.00s Real=0.03s
[4.160s][info][gc,start       ] GC(23) Pause Young (Normal) (G1 Evacuation Pause)
[4.160s][info][gc,task        ] GC(23) Using 6 workers of 6 for evacuation
[4.177s][info][gc,phases      ] GC(23)   Pre Evacuate Collection Set: 0.2ms
[4.177s][info][gc,phases      ] GC(23)   Merge Heap Roots: 0.1ms
[4.177s][info][gc,phases      ] GC(23)   Evacuate Collection Set: 14.9ms
[4.177s][info][gc,phases      ] GC(23)   Post Evacuate Collection Set: 0.8ms
[4.177s][info][gc,phases      ] GC(23)   Other: 0.1ms
[4.177s][info][gc,heap        ] GC(23) Eden regions: 1228->0(1207)
[4.177s][info][gc,heap        ] GC(23) Survivor regions: 0->21(154)
[4.177s][info][gc,heap        ] GC(23) Old regions: 74->74
[4.177s][info][gc,heap        ] GC(23) Humongous regions: 7->7
[4.177s][info][gc,metaspace   ] GC(23) Metaspace: 11070K(11264K)->11070K(11264K) NonClass: 9679K(9792K)->9679K(9792K) Class: 1391K(1472K)->1391K(1472K)
[4.177s][info][gc             ] GC(23) Pause Young (Normal) (G1 Evacuation Pause) 1303M->96M(2048M) 16.382ms
[4.177s][info][gc,cpu         ] GC(23) User=0.00s Sys=0.00s Real=0.02s
[4.253s][info][gc,start       ] GC(24) Pause Full (System.gc())
[4.253s][info][gc,task        ] GC(24) Using 6 workers of 6 for full compaction
[4.254s][info][gc,phases,start] GC(24) Phase 1: Mark live objects
[4.274s][info][gc,phases      ] GC(24) Phase 1: Mark live objects 20.495ms
[4.274s][info][gc,phases,start] GC(24) Phase 2: Prepare compaction
[4.275s][info][gc,phases      ] GC(24) Phase 2: Prepare compaction 0.705ms
[4.275s][info][gc,phases,start] GC(24) Phase 3: Adjust pointers
[4.280s][info][gc,phases      ] GC(24) Phase 3: Adjust pointers 5.655ms
[4.281s][info][gc,phases,start] GC(24) Phase 4: Compact heap
[4.281s][info][gc,phases      ] GC(24) Phase 4: Compact heap 0.538ms
[4.281s][info][gc,phases,start] GC(24) Phase 5: Reset Metadata
[4.285s][info][gc,phases      ] GC(24) Phase 5: Reset Metadata 3.602ms
[4.289s][info][gc,heap        ] GC(24) Eden regions: 630->0(1228)
[4.289s][info][gc,heap        ] GC(24) Survivor regions: 21->0(154)
[4.289s][info][gc,heap        ] GC(24) Old regions: 74->74
[4.289s][info][gc,heap        ] GC(24) Humongous regions: 7->7
[4.289s][info][gc,metaspace   ] GC(24) Metaspace: 11084K(11264K)->11084K(11264K) NonClass: 9692K(9792K)->9692K(9792K) Class: 1391K(1472K)->1391K(1472K)
[4.289s][info][gc             ] GC(24) Pause Full (System.gc()) 726M->75M(2048M) 36.219ms
[4.289s][info][gc,cpu         ] GC(24) User=0.05s Sys=0.00s Real=0.05s
[4.420s][info][gc,start       ] GC(25) Pause Young (Normal) (G1 Evacuation Pause)
[4.420s][info][gc,task        ] GC(25) Using 6 workers of 6 for evacuation
[4.437s][info][gc,phases      ] GC(25)   Pre Evacuate Collection Set: 0.2ms
[4.437s][info][gc,phases      ] GC(25)   Merge Heap Roots: 0.1ms
[4.437s][info][gc,phases      ] GC(25)   Evacuate Collection Set: 16.2ms
[4.437s][info][gc,phases      ] GC(25)   Post Evacuate Collection Set: 0.6ms
[4.437s][info][gc,phases      ] GC(25)   Other: 0.1ms
[4.437s][info][gc,heap        ] GC(25) Eden regions: 1228->0(1205)
[4.437s][info][gc,heap        ] GC(25) Survivor regions: 0->23(154)
[4.437s][info][gc,heap        ] GC(25) Old regions: 74->74
[4.437s][info][gc,heap        ] GC(25) Humongous regions: 7->7
[4.438s][info][gc,metaspace   ] GC(25) Metaspace: 11086K(11264K)->11086K(11264K) NonClass: 9694K(9792K)->9694K(9792K) Class: 1391K(1472K)->1391K(1472K)
[4.438s][info][gc             ] GC(25) Pause Young (Normal) (G1 Evacuation Pause) 1303M->98M(2048M) 17.494ms
[4.438s][info][gc,cpu         ] GC(25) User=0.02s Sys=0.00s Real=0.02s
[4.522s][info][gc,start       ] GC(26) Pause Full (System.gc())
[4.522s][info][gc,task        ] GC(26) Using 6 workers of 6 for full compaction
[4.522s][info][gc,phases,start] GC(26) Phase 1: Mark live objects
[4.543s][info][gc,phases      ] GC(26) Phase 1: Mark live objects 20.388ms
[4.543s][info][gc,phases,start] GC(26) Phase 2: Prepare compaction
[4.543s][info][gc,phases      ] GC(26) Phase 2: Prepare compaction 0.585ms
[4.543s][info][gc,phases,start] GC(26) Phase 3: Adjust pointers
[4.549s][info][gc,phases      ] GC(26) Phase 3: Adjust pointers 5.717ms
[4.549s][info][gc,phases,start] GC(26) Phase 4: Compact heap
[4.550s][info][gc,phases      ] GC(26) Phase 4: Compact heap 0.572ms
[4.550s][info][gc,phases,start] GC(26) Phase 5: Reset Metadata
[4.553s][info][gc,phases      ] GC(26) Phase 5: Reset Metadata 3.621ms
[4.558s][info][gc,heap        ] GC(26) Eden regions: 630->0(1228)
[4.558s][info][gc,heap        ] GC(26) Survivor regions: 23->0(154)
[4.558s][info][gc,heap        ] GC(26) Old regions: 74->74
[4.558s][info][gc,heap        ] GC(26) Humongous regions: 7->7
[4.558s][info][gc,metaspace   ] GC(26) Metaspace: 11086K(11264K)->11086K(11264K) NonClass: 9694K(9792K)->9694K(9792K) Class: 1391K(1472K)->1391K(1472K)
[4.558s][info][gc             ] GC(26) Pause Full (System.gc()) 728M->75M(2048M) 35.866ms
[4.558s][info][gc,cpu         ] GC(26) User=0.03s Sys=0.00s Real=0.03s
[4.690s][info][gc,start       ] GC(27) Pause Young (Normal) (G1 Evacuation Pause)
[4.690s][info][gc,task        ] GC(27) Using 6 workers of 6 for evacuation
[4.707s][info][gc,phases      ] GC(27)   Pre Evacuate Collection Set: 0.3ms
[4.707s][info][gc,phases      ] GC(27)   Merge Heap Roots: 0.2ms
[4.707s][info][gc,phases      ] GC(27)   Evacuate Collection Set: 15.5ms
[4.707s][info][gc,phases      ] GC(27)   Post Evacuate Collection Set: 0.7ms
[4.707s][info][gc,phases      ] GC(27)   Other: 0.1ms
[4.707s][info][gc,heap        ] GC(27) Eden regions: 1228->0(1207)
[4.707s][info][gc,heap        ] GC(27) Survivor regions: 0->21(154)
[4.707s][info][gc,heap        ] GC(27) Old regions: 74->74
[4.707s][info][gc,heap        ] GC(27) Humongous regions: 7->7
[4.707s][info][gc,metaspace   ] GC(27) Metaspace: 11087K(11264K)->11087K(11264K) NonClass: 9695K(9792K)->9695K(9792K) Class: 1391K(1472K)->1391K(1472K)
[4.707s][info][gc             ] GC(27) Pause Young (Normal) (G1 Evacuation Pause) 1303M->96M(2048M) 16.899ms
[4.707s][info][gc,cpu         ] GC(27) User=0.03s Sys=0.00s Real=0.03s
[4.784s][info][gc,start       ] GC(28) Pause Full (System.gc())
[4.784s][info][gc,task        ] GC(28) Using 6 workers of 6 for full compaction
[4.785s][info][gc,phases,start] GC(28) Phase 1: Mark live objects
[4.805s][info][gc,phases      ] GC(28) Phase 1: Mark live objects 20.472ms
[4.805s][info][gc,phases,start] GC(28) Phase 2: Prepare compaction
[4.806s][info][gc,phases      ] GC(28) Phase 2: Prepare compaction 0.711ms
[4.806s][info][gc,phases,start] GC(28) Phase 3: Adjust pointers
[4.811s][info][gc,phases      ] GC(28) Phase 3: Adjust pointers 5.518ms
[4.811s][info][gc,phases,start] GC(28) Phase 4: Compact heap
[4.812s][info][gc,phases      ] GC(28) Phase 4: Compact heap 0.518ms
[4.812s][info][gc,phases,start] GC(28) Phase 5: Reset Metadata
[4.816s][info][gc,phases      ] GC(28) Phase 5: Reset Metadata 3.751ms
[4.820s][info][gc,heap        ] GC(28) Eden regions: 630->0(1228)
[4.820s][info][gc,heap        ] GC(28) Survivor regions: 21->0(154)
[4.820s][info][gc,heap        ] GC(28) Old regions: 74->74
[4.820s][info][gc,heap        ] GC(28) Humongous regions: 7->7
[4.820s][info][gc,metaspace   ] GC(28) Metaspace: 11087K(11264K)->11087K(11264K) NonClass: 9695K(9792K)->9695K(9792K) Class: 1391K(1472K)->1391K(1472K)
[4.820s][info][gc             ] GC(28) Pause Full (System.gc()) 726M->75M(2048M) 36.020ms
[4.820s][info][gc,cpu         ] GC(28) User=0.03s Sys=0.00s Real=0.05s
[4.951s][info][gc,start       ] GC(29) Pause Young (Normal) (G1 Evacuation Pause)
[4.951s][info][gc,task        ] GC(29) Using 6 workers of 6 for evacuation
[4.967s][info][gc,phases      ] GC(29)   Pre Evacuate Collection Set: 0.2ms
[4.967s][info][gc,phases      ] GC(29)   Merge Heap Roots: 0.1ms
[4.967s][info][gc,phases      ] GC(29)   Evacuate Collection Set: 14.9ms
[4.967s][info][gc,phases      ] GC(29)   Post Evacuate Collection Set: 0.7ms
[4.967s][info][gc,phases      ] GC(29)   Other: 0.1ms
[4.967s][info][gc,heap        ] GC(29) Eden regions: 1228->0(1207)
[4.967s][info][gc,heap        ] GC(29) Survivor regions: 0->21(154)
[4.967s][info][gc,heap        ] GC(29) Old regions: 74->74
[4.967s][info][gc,heap        ] GC(29) Humongous regions: 7->7
[4.967s][info][gc,metaspace   ] GC(29) Metaspace: 11087K(11264K)->11087K(11264K) NonClass: 9696K(9792K)->9696K(9792K) Class: 1391K(1472K)->1391K(1472K)
[4.967s][info][gc             ] GC(29) Pause Young (Normal) (G1 Evacuation Pause) 1303M->96M(2048M) 16.272ms
[4.967s][info][gc,cpu         ] GC(29) User=0.02s Sys=0.00s Real=0.02s
[5.046s][info][gc,start       ] GC(30) Pause Full (System.gc())
[5.046s][info][gc,task        ] GC(30) Using 6 workers of 6 for full compaction
[5.047s][info][gc,phases,start] GC(30) Phase 1: Mark live objects
[5.068s][info][gc,phases      ] GC(30) Phase 1: Mark live objects 21.330ms
[5.068s][info][gc,phases,start] GC(30) Phase 2: Prepare compaction
[5.069s][info][gc,phases      ] GC(30) Phase 2: Prepare compaction 0.567ms
[5.069s][info][gc,phases,start] GC(30) Phase 3: Adjust pointers
[5.074s][info][gc,phases      ] GC(30) Phase 3: Adjust pointers 5.130ms
[5.074s][info][gc,phases,start] GC(30) Phase 4: Compact heap
[5.074s][info][gc,phases      ] GC(30) Phase 4: Compact heap 0.485ms
[5.074s][info][gc,phases,start] GC(30) Phase 5: Reset Metadata
[5.078s][info][gc,phases      ] GC(30) Phase 5: Reset Metadata 3.534ms
[5.082s][info][gc,heap        ] GC(30) Eden regions: 630->0(1228)
[5.083s][info][gc,heap        ] GC(30) Survivor regions: 21->0(154)
[5.083s][info][gc,heap        ] GC(30) Old regions: 74->74
[5.083s][info][gc,heap        ] GC(30) Humongous regions: 7->7
[5.083s][info][gc,metaspace   ] GC(30) Metaspace: 11091K(11264K)->11091K(11264K) NonClass: 9699K(9792K)->9699K(9792K) Class: 1391K(1472K)->1391K(1472K)
[5.083s][info][gc             ] GC(30) Pause Full (System.gc()) 726M->75M(2048M) 36.290ms
[5.083s][info][gc,cpu         ] GC(30) User=0.03s Sys=0.00s Real=0.03s
[5.213s][info][gc,start       ] GC(31) Pause Young (Normal) (G1 Evacuation Pause)
[5.213s][info][gc,task        ] GC(31) Using 6 workers of 6 for evacuation
[5.230s][info][gc,phases      ] GC(31)   Pre Evacuate Collection Set: 0.2ms
[5.230s][info][gc,phases      ] GC(31)   Merge Heap Roots: 0.2ms
[5.230s][info][gc,phases      ] GC(31)   Evacuate Collection Set: 15.9ms
[5.230s][info][gc,phases      ] GC(31)   Post Evacuate Collection Set: 0.6ms
[5.230s][info][gc,phases      ] GC(31)   Other: 0.1ms
[5.230s][info][gc,heap        ] GC(31) Eden regions: 1228->0(1205)
[5.230s][info][gc,heap        ] GC(31) Survivor regions: 0->23(154)
[5.230s][info][gc,heap        ] GC(31) Old regions: 74->74
[5.230s][info][gc,heap        ] GC(31) Humongous regions: 7->7
[5.230s][info][gc,metaspace   ] GC(31) Metaspace: 11094K(11264K)->11094K(11264K) NonClass: 9702K(9792K)->9702K(9792K) Class: 1391K(1472K)->1391K(1472K)
[5.230s][info][gc             ] GC(31) Pause Young (Normal) (G1 Evacuation Pause) 1303M->98M(2048M) 17.264ms
[5.230s][info][gc,cpu         ] GC(31) User=0.02s Sys=0.00s Real=0.02s
[5.308s][info][gc,start       ] GC(32) Pause Full (System.gc())
[5.308s][info][gc,task        ] GC(32) Using 6 workers of 6 for full compaction
[5.308s][info][gc,phases,start] GC(32) Phase 1: Mark live objects
[5.329s][info][gc,phases      ] GC(32) Phase 1: Mark live objects 21.176ms
[5.329s][info][gc,phases,start] GC(32) Phase 2: Prepare compaction
[5.330s][info][gc,phases      ] GC(32) Phase 2: Prepare compaction 0.687ms
[5.330s][info][gc,phases,start] GC(32) Phase 3: Adjust pointers
[5.335s][info][gc,phases      ] GC(32) Phase 3: Adjust pointers 5.208ms
[5.335s][info][gc,phases,start] GC(32) Phase 4: Compact heap
[5.336s][info][gc,phases      ] GC(32) Phase 4: Compact heap 0.509ms
[5.336s][info][gc,phases,start] GC(32) Phase 5: Reset Metadata
[5.340s][info][gc,phases      ] GC(32) Phase 5: Reset Metadata 3.570ms
[5.344s][info][gc,heap        ] GC(32) Eden regions: 630->0(1228)
[5.344s][info][gc,heap        ] GC(32) Survivor regions: 23->0(154)
[5.344s][info][gc,heap        ] GC(32) Old regions: 74->74
[5.344s][info][gc,heap        ] GC(32) Humongous regions: 7->7
[5.344s][info][gc,metaspace   ] GC(32) Metaspace: 11097K(11328K)->11097K(11328K) NonClass: 9705K(9856K)->9705K(9856K) Class: 1391K(1472K)->1391K(1472K)
[5.344s][info][gc             ] GC(32) Pause Full (System.gc()) 727M->75M(2048M) 36.238ms
[5.344s][info][gc,cpu         ] GC(32) User=0.02s Sys=0.00s Real=0.03s
[5.479s][info][gc,start       ] GC(33) Pause Young (Normal) (G1 Evacuation Pause)
[5.479s][info][gc,task        ] GC(33) Using 6 workers of 6 for evacuation
[5.495s][info][gc,phases      ] GC(33)   Pre Evacuate Collection Set: 0.3ms
[5.496s][info][gc,phases      ] GC(33)   Merge Heap Roots: 0.2ms
[5.496s][info][gc,phases      ] GC(33)   Evacuate Collection Set: 15.1ms
[5.496s][info][gc,phases      ] GC(33)   Post Evacuate Collection Set: 0.9ms
[5.496s][info][gc,phases      ] GC(33)   Other: 0.1ms
[5.496s][info][gc,heap        ] GC(33) Eden regions: 1228->0(1207)
[5.496s][info][gc,heap        ] GC(33) Survivor regions: 0->21(154)
[5.496s][info][gc,heap        ] GC(33) Old regions: 74->74
[5.496s][info][gc,heap        ] GC(33) Humongous regions: 7->7
[5.496s][info][gc,metaspace   ] GC(33) Metaspace: 11102K(11328K)->11102K(11328K) NonClass: 9710K(9856K)->9710K(9856K) Class: 1391K(1472K)->1391K(1472K)
[5.496s][info][gc             ] GC(33) Pause Young (Normal) (G1 Evacuation Pause) 1303M->96M(2048M) 16.835ms
[5.496s][info][gc,cpu         ] GC(33) User=0.06s Sys=0.00s Real=0.03s
[5.574s][info][gc,start       ] GC(34) Pause Full (System.gc())
[5.574s][info][gc,task        ] GC(34) Using 6 workers of 6 for full compaction
[5.574s][info][gc,phases,start] GC(34) Phase 1: Mark live objects
[5.596s][info][gc,phases      ] GC(34) Phase 1: Mark live objects 21.144ms
[5.596s][info][gc,phases,start] GC(34) Phase 2: Prepare compaction
[5.596s][info][gc,phases      ] GC(34) Phase 2: Prepare compaction 0.725ms
[5.596s][info][gc,phases,start] GC(34) Phase 3: Adjust pointers
[5.602s][info][gc,phases      ] GC(34) Phase 3: Adjust pointers 5.273ms
[5.602s][info][gc,phases,start] GC(34) Phase 4: Compact heap
[5.602s][info][gc,phases      ] GC(34) Phase 4: Compact heap 0.501ms
[5.602s][info][gc,phases,start] GC(34) Phase 5: Reset Metadata
[5.606s][info][gc,phases      ] GC(34) Phase 5: Reset Metadata 4.148ms
[5.611s][info][gc,heap        ] GC(34) Eden regions: 630->0(1228)
[5.611s][info][gc,heap        ] GC(34) Survivor regions: 21->0(154)
[5.611s][info][gc,heap        ] GC(34) Old regions: 74->74
[5.611s][info][gc,heap        ] GC(34) Humongous regions: 7->7
[5.611s][info][gc,metaspace   ] GC(34) Metaspace: 11105K(11328K)->11105K(11328K) NonClass: 9713K(9856K)->9713K(9856K) Class: 1391K(1472K)->1391K(1472K)
[5.611s][info][gc             ] GC(34) Pause Full (System.gc()) 726M->75M(2048M) 37.178ms
[5.611s][info][gc,cpu         ] GC(34) User=0.03s Sys=0.00s Real=0.03s
[5.744s][info][gc,start       ] GC(35) Pause Young (Normal) (G1 Evacuation Pause)
[5.744s][info][gc,task        ] GC(35) Using 6 workers of 6 for evacuation
[5.761s][info][gc,phases      ] GC(35)   Pre Evacuate Collection Set: 0.3ms
[5.761s][info][gc,phases      ] GC(35)   Merge Heap Roots: 0.1ms
[5.761s][info][gc,phases      ] GC(35)   Evacuate Collection Set: 15.2ms
[5.761s][info][gc,phases      ] GC(35)   Post Evacuate Collection Set: 0.7ms
[5.761s][info][gc,phases      ] GC(35)   Other: 0.1ms
[5.761s][info][gc,heap        ] GC(35) Eden regions: 1228->0(1207)
[5.761s][info][gc,heap        ] GC(35) Survivor regions: 0->21(154)
[5.761s][info][gc,heap        ] GC(35) Old regions: 74->74
[5.761s][info][gc,heap        ] GC(35) Humongous regions: 7->7
[5.761s][info][gc,metaspace   ] GC(35) Metaspace: 11106K(11328K)->11106K(11328K) NonClass: 9715K(9856K)->9715K(9856K) Class: 1391K(1472K)->1391K(1472K)
[5.761s][info][gc             ] GC(35) Pause Young (Normal) (G1 Evacuation Pause) 1303M->96M(2048M) 16.533ms
[5.761s][info][gc,cpu         ] GC(35) User=0.03s Sys=0.00s Real=0.01s
[5.838s][info][gc,start       ] GC(36) Pause Full (System.gc())
[5.838s][info][gc,task        ] GC(36) Using 6 workers of 6 for full compaction
[5.838s][info][gc,phases,start] GC(36) Phase 1: Mark live objects
[5.859s][info][gc,phases      ] GC(36) Phase 1: Mark live objects 21.208ms
[5.859s][info][gc,phases,start] GC(36) Phase 2: Prepare compaction
[5.860s][info][gc,phases      ] GC(36) Phase 2: Prepare compaction 0.682ms
[5.860s][info][gc,phases,start] GC(36) Phase 3: Adjust pointers
[5.866s][info][gc,phases      ] GC(36) Phase 3: Adjust pointers 5.731ms
[5.866s][info][gc,phases,start] GC(36) Phase 4: Compact heap
[5.866s][info][gc,phases      ] GC(36) Phase 4: Compact heap 0.480ms
[5.866s][info][gc,phases,start] GC(36) Phase 5: Reset Metadata
[5.870s][info][gc,phases      ] GC(36) Phase 5: Reset Metadata 3.478ms
[5.874s][info][gc,heap        ] GC(36) Eden regions: 630->0(1228)
[5.874s][info][gc,heap        ] GC(36) Survivor regions: 21->0(154)
[5.874s][info][gc,heap        ] GC(36) Old regions: 74->74
[5.874s][info][gc,heap        ] GC(36) Humongous regions: 7->7
[5.874s][info][gc,metaspace   ] GC(36) Metaspace: 11109K(11328K)->11109K(11328K) NonClass: 9717K(9856K)->9717K(9856K) Class: 1391K(1472K)->1391K(1472K)
[5.874s][info][gc             ] GC(36) Pause Full (System.gc()) 726M->75M(2048M) 36.642ms
[5.874s][info][gc,cpu         ] GC(36) User=0.05s Sys=0.00s Real=0.05s
[6.005s][info][gc,start       ] GC(37) Pause Young (Normal) (G1 Evacuation Pause)
[6.005s][info][gc,task        ] GC(37) Using 6 workers of 6 for evacuation
[6.021s][info][gc,phases      ] GC(37)   Pre Evacuate Collection Set: 0.3ms
[6.023s][info][gc,phases      ] GC(37)   Merge Heap Roots: 0.1ms
[6.023s][info][gc,phases      ] GC(37)   Evacuate Collection Set: 15.2ms
[6.023s][info][gc,phases      ] GC(37)   Post Evacuate Collection Set: 0.8ms
[6.023s][info][gc,phases      ] GC(37)   Other: 0.1ms
[6.023s][info][gc,heap        ] GC(37) Eden regions: 1228->0(1206)
[6.023s][info][gc,heap        ] GC(37) Survivor regions: 0->22(154)
[6.023s][info][gc,heap        ] GC(37) Old regions: 74->74
[6.023s][info][gc,heap        ] GC(37) Humongous regions: 7->7
[6.023s][info][gc,metaspace   ] GC(37) Metaspace: 11109K(11328K)->11109K(11328K) NonClass: 9718K(9856K)->9718K(9856K) Class: 1391K(1472K)->1391K(1472K)
[6.023s][info][gc             ] GC(37) Pause Young (Normal) (G1 Evacuation Pause) 1303M->97M(2048M) 18.381ms
[6.023s][info][gc,cpu         ] GC(37) User=0.02s Sys=0.00s Real=0.02s
[6.101s][info][gc,start       ] GC(38) Pause Full (System.gc())
[6.101s][info][gc,task        ] GC(38) Using 6 workers of 6 for full compaction
[6.102s][info][gc,phases,start] GC(38) Phase 1: Mark live objects
[6.122s][info][gc,phases      ] GC(38) Phase 1: Mark live objects 20.767ms
[6.122s][info][gc,phases,start] GC(38) Phase 2: Prepare compaction
[6.123s][info][gc,phases      ] GC(38) Phase 2: Prepare compaction 0.607ms
[6.123s][info][gc,phases,start] GC(38) Phase 3: Adjust pointers
[6.128s][info][gc,phases      ] GC(38) Phase 3: Adjust pointers 5.231ms
[6.128s][info][gc,phases,start] GC(38) Phase 4: Compact heap
[6.129s][info][gc,phases      ] GC(38) Phase 4: Compact heap 0.609ms
[6.129s][info][gc,phases,start] GC(38) Phase 5: Reset Metadata
[6.133s][info][gc,phases      ] GC(38) Phase 5: Reset Metadata 3.834ms
[6.137s][info][gc,heap        ] GC(38) Eden regions: 629->0(1228)
[6.137s][info][gc,heap        ] GC(38) Survivor regions: 22->0(154)
[6.137s][info][gc,heap        ] GC(38) Old regions: 74->74
[6.137s][info][gc,heap        ] GC(38) Humongous regions: 7->7
[6.137s][info][gc,metaspace   ] GC(38) Metaspace: 11109K(11328K)->11109K(11328K) NonClass: 9718K(9856K)->9718K(9856K) Class: 1391K(1472K)->1391K(1472K)
[6.137s][info][gc             ] GC(38) Pause Full (System.gc()) 726M->75M(2048M) 36.165ms
[6.137s][info][gc,cpu         ] GC(38) User=0.03s Sys=0.00s Real=0.03s
[6.268s][info][gc,start       ] GC(39) Pause Young (Normal) (G1 Evacuation Pause)
[6.268s][info][gc,task        ] GC(39) Using 6 workers of 6 for evacuation
[6.285s][info][gc,phases      ] GC(39)   Pre Evacuate Collection Set: 0.2ms
[6.286s][info][gc,phases      ] GC(39)   Merge Heap Roots: 0.1ms
[6.286s][info][gc,phases      ] GC(39)   Evacuate Collection Set: 16.1ms
[6.286s][info][gc,phases      ] GC(39)   Post Evacuate Collection Set: 0.7ms
[6.286s][info][gc,phases      ] GC(39)   Other: 0.1ms
[6.286s][info][gc,heap        ] GC(39) Eden regions: 1228->0(1205)
[6.286s][info][gc,heap        ] GC(39) Survivor regions: 0->23(154)
[6.286s][info][gc,heap        ] GC(39) Old regions: 74->74
[6.286s][info][gc,heap        ] GC(39) Humongous regions: 7->7
[6.286s][info][gc,metaspace   ] GC(39) Metaspace: 11111K(11328K)->11111K(11328K) NonClass: 9719K(9856K)->9719K(9856K) Class: 1391K(1472K)->1391K(1472K)
[6.286s][info][gc             ] GC(39) Pause Young (Normal) (G1 Evacuation Pause) 1303M->98M(2048M) 17.452ms
[6.286s][info][gc,cpu         ] GC(39) User=0.02s Sys=0.00s Real=0.02s
[6.365s][info][gc,start       ] GC(40) Pause Full (System.gc())
[6.365s][info][gc,task        ] GC(40) Using 6 workers of 6 for full compaction
[6.365s][info][gc,phases,start] GC(40) Phase 1: Mark live objects
[6.387s][info][gc,phases      ] GC(40) Phase 1: Mark live objects 21.397ms
[6.387s][info][gc,phases,start] GC(40) Phase 2: Prepare compaction
[6.387s][info][gc,phases      ] GC(40) Phase 2: Prepare compaction 0.631ms
[6.387s][info][gc,phases,start] GC(40) Phase 3: Adjust pointers
[6.393s][info][gc,phases      ] GC(40) Phase 3: Adjust pointers 5.135ms
[6.393s][info][gc,phases,start] GC(40) Phase 4: Compact heap
[6.393s][info][gc,phases      ] GC(40) Phase 4: Compact heap 0.593ms
[6.393s][info][gc,phases,start] GC(40) Phase 5: Reset Metadata
[6.397s][info][gc,phases      ] GC(40) Phase 5: Reset Metadata 3.883ms
[6.402s][info][gc,heap        ] GC(40) Eden regions: 630->0(1228)
[6.402s][info][gc,heap        ] GC(40) Survivor regions: 23->0(154)
[6.402s][info][gc,heap        ] GC(40) Old regions: 74->74
[6.402s][info][gc,heap        ] GC(40) Humongous regions: 7->7
[6.402s][info][gc,metaspace   ] GC(40) Metaspace: 11111K(11328K)->11111K(11328K) NonClass: 9719K(9856K)->9719K(9856K) Class: 1391K(1472K)->1391K(1472K)
[6.402s][info][gc             ] GC(40) Pause Full (System.gc()) 727M->75M(2048M) 37.013ms
[6.402s][info][gc,cpu         ] GC(40) User=0.03s Sys=0.00s Real=0.03s
[6.538s][info][gc,start       ] GC(41) Pause Young (Normal) (G1 Evacuation Pause)
[6.538s][info][gc,task        ] GC(41) Using 6 workers of 6 for evacuation
[6.554s][info][gc,phases      ] GC(41)   Pre Evacuate Collection Set: 0.2ms
[6.554s][info][gc,phases      ] GC(41)   Merge Heap Roots: 0.1ms
[6.554s][info][gc,phases      ] GC(41)   Evacuate Collection Set: 15.0ms
[6.554s][info][gc,phases      ] GC(41)   Post Evacuate Collection Set: 0.7ms
[6.554s][info][gc,phases      ] GC(41)   Other: 0.1ms
[6.554s][info][gc,heap        ] GC(41) Eden regions: 1228->0(1207)
[6.554s][info][gc,heap        ] GC(41) Survivor regions: 0->21(154)
[6.554s][info][gc,heap        ] GC(41) Old regions: 74->74
[6.554s][info][gc,heap        ] GC(41) Humongous regions: 7->7
[6.554s][info][gc,metaspace   ] GC(41) Metaspace: 11112K(11328K)->11112K(11328K) NonClass: 9720K(9856K)->9720K(9856K) Class: 1391K(1472K)->1391K(1472K)
[6.554s][info][gc             ] GC(41) Pause Young (Normal) (G1 Evacuation Pause) 1303M->96M(2048M) 16.489ms
[6.554s][info][gc,cpu         ] GC(41) User=0.02s Sys=0.00s Real=0.02s
[6.635s][info][gc,start       ] GC(42) Pause Full (System.gc())
[6.635s][info][gc,task        ] GC(42) Using 6 workers of 6 for full compaction
[6.636s][info][gc,phases,start] GC(42) Phase 1: Mark live objects
[6.657s][info][gc,phases      ] GC(42) Phase 1: Mark live objects 21.251ms
[6.657s][info][gc,phases,start] GC(42) Phase 2: Prepare compaction
[6.658s][info][gc,phases      ] GC(42) Phase 2: Prepare compaction 0.607ms
[6.658s][info][gc,phases,start] GC(42) Phase 3: Adjust pointers
[6.663s][info][gc,phases      ] GC(42) Phase 3: Adjust pointers 5.547ms
[6.663s][info][gc,phases,start] GC(42) Phase 4: Compact heap
[6.664s][info][gc,phases      ] GC(42) Phase 4: Compact heap 0.570ms
[6.664s][info][gc,phases,start] GC(42) Phase 5: Reset Metadata
[6.667s][info][gc,phases      ] GC(42) Phase 5: Reset Metadata 3.484ms
[6.672s][info][gc,heap        ] GC(42) Eden regions: 630->0(1228)
[6.672s][info][gc,heap        ] GC(42) Survivor regions: 21->0(154)
[6.672s][info][gc,heap        ] GC(42) Old regions: 74->74
[6.672s][info][gc,heap        ] GC(42) Humongous regions: 7->7
[6.672s][info][gc,metaspace   ] GC(42) Metaspace: 11114K(11328K)->11114K(11328K) NonClass: 9722K(9856K)->9722K(9856K) Class: 1391K(1472K)->1391K(1472K)
[6.672s][info][gc             ] GC(42) Pause Full (System.gc()) 726M->75M(2048M) 36.780ms
[6.672s][info][gc,cpu         ] GC(42) User=0.03s Sys=0.00s Real=0.05s
[6.802s][info][gc,start       ] GC(43) Pause Young (Normal) (G1 Evacuation Pause)
[6.802s][info][gc,task        ] GC(43) Using 6 workers of 6 for evacuation
[6.818s][info][gc,phases      ] GC(43)   Pre Evacuate Collection Set: 0.2ms
[6.818s][info][gc,phases      ] GC(43)   Merge Heap Roots: 0.1ms
[6.818s][info][gc,phases      ] GC(43)   Evacuate Collection Set: 14.9ms
[6.818s][info][gc,phases      ] GC(43)   Post Evacuate Collection Set: 0.7ms
[6.818s][info][gc,phases      ] GC(43)   Other: 0.1ms
[6.818s][info][gc,heap        ] GC(43) Eden regions: 1228->0(1207)
[6.818s][info][gc,heap        ] GC(43) Survivor regions: 0->21(154)
[6.818s][info][gc,heap        ] GC(43) Old regions: 74->74
[6.819s][info][gc,heap        ] GC(43) Humongous regions: 7->7
[6.819s][info][gc,metaspace   ] GC(43) Metaspace: 11115K(11328K)->11115K(11328K) NonClass: 9724K(9856K)->9724K(9856K) Class: 1391K(1472K)->1391K(1472K)
[6.819s][info][gc             ] GC(43) Pause Young (Normal) (G1 Evacuation Pause) 1303M->96M(2048M) 16.311ms
[6.819s][info][gc,cpu         ] GC(43) User=0.02s Sys=0.00s Real=0.02s
[6.898s][info][gc,start       ] GC(44) Pause Full (System.gc())
[6.898s][info][gc,task        ] GC(44) Using 6 workers of 6 for full compaction
[6.898s][info][gc,phases,start] GC(44) Phase 1: Mark live objects
[6.920s][info][gc,phases      ] GC(44) Phase 1: Mark live objects 21.628ms
[6.920s][info][gc,phases,start] GC(44) Phase 2: Prepare compaction
[6.921s][info][gc,phases      ] GC(44) Phase 2: Prepare compaction 0.588ms
[6.921s][info][gc,phases,start] GC(44) Phase 3: Adjust pointers
[6.926s][info][gc,phases      ] GC(44) Phase 3: Adjust pointers 5.132ms
[6.926s][info][gc,phases,start] GC(44) Phase 4: Compact heap
[6.927s][info][gc,phases      ] GC(44) Phase 4: Compact heap 0.600ms
[6.927s][info][gc,phases,start] GC(44) Phase 5: Reset Metadata
[6.931s][info][gc,phases      ] GC(44) Phase 5: Reset Metadata 4.082ms
[6.935s][info][gc,heap        ] GC(44) Eden regions: 630->0(1228)
[6.936s][info][gc,heap        ] GC(44) Survivor regions: 21->0(154)
[6.936s][info][gc,heap        ] GC(44) Old regions: 74->74
[6.936s][info][gc,heap        ] GC(44) Humongous regions: 7->7
[6.936s][info][gc,metaspace   ] GC(44) Metaspace: 11115K(11328K)->11115K(11328K) NonClass: 9724K(9856K)->9724K(9856K) Class: 1391K(1472K)->1391K(1472K)
[6.936s][info][gc             ] GC(44) Pause Full (System.gc()) 726M->75M(2048M) 37.557ms
[6.936s][info][gc,cpu         ] GC(44) User=0.03s Sys=0.00s Real=0.03s
[7.065s][info][gc,start       ] GC(45) Pause Young (Normal) (G1 Evacuation Pause)
[7.065s][info][gc,task        ] GC(45) Using 6 workers of 6 for evacuation
[7.081s][info][gc,phases      ] GC(45)   Pre Evacuate Collection Set: 0.2ms
[7.081s][info][gc,phases      ] GC(45)   Merge Heap Roots: 0.1ms
[7.081s][info][gc,phases      ] GC(45)   Evacuate Collection Set: 15.1ms
[7.081s][info][gc,phases      ] GC(45)   Post Evacuate Collection Set: 0.8ms
[7.081s][info][gc,phases      ] GC(45)   Other: 0.1ms
[7.081s][info][gc,heap        ] GC(45) Eden regions: 1228->0(1206)
[7.081s][info][gc,heap        ] GC(45) Survivor regions: 0->22(154)
[7.081s][info][gc,heap        ] GC(45) Old regions: 74->74
[7.081s][info][gc,heap        ] GC(45) Humongous regions: 7->7
[7.081s][info][gc,metaspace   ] GC(45) Metaspace: 11115K(11328K)->11115K(11328K) NonClass: 9724K(9856K)->9724K(9856K) Class: 1391K(1472K)->1391K(1472K)
[7.081s][info][gc             ] GC(45) Pause Young (Normal) (G1 Evacuation Pause) 1303M->97M(2048M) 16.569ms
[7.081s][info][gc,cpu         ] GC(45) User=0.02s Sys=0.00s Real=0.02s
[7.158s][info][gc,start       ] GC(46) Pause Full (System.gc())
[7.158s][info][gc,task        ] GC(46) Using 6 workers of 6 for full compaction
[7.158s][info][gc,phases,start] GC(46) Phase 1: Mark live objects
[7.179s][info][gc,phases      ] GC(46) Phase 1: Mark live objects 21.179ms
[7.179s][info][gc,phases,start] GC(46) Phase 2: Prepare compaction
[7.180s][info][gc,phases      ] GC(46) Phase 2: Prepare compaction 0.691ms
[7.180s][info][gc,phases,start] GC(46) Phase 3: Adjust pointers
[7.185s][info][gc,phases      ] GC(46) Phase 3: Adjust pointers 4.982ms
[7.185s][info][gc,phases,start] GC(46) Phase 4: Compact heap
[7.185s][info][gc,phases      ] GC(46) Phase 4: Compact heap 0.485ms
[7.185s][info][gc,phases,start] GC(46) Phase 5: Reset Metadata
[7.189s][info][gc,phases      ] GC(46) Phase 5: Reset Metadata 3.643ms
[7.194s][info][gc,heap        ] GC(46) Eden regions: 630->0(1228)
[7.194s][info][gc,heap        ] GC(46) Survivor regions: 22->0(154)
[7.194s][info][gc,heap        ] GC(46) Old regions: 74->74
[7.194s][info][gc,heap        ] GC(46) Humongous regions: 7->7
[7.194s][info][gc,metaspace   ] GC(46) Metaspace: 11115K(11328K)->11115K(11328K) NonClass: 9724K(9856K)->9724K(9856K) Class: 1391K(1472K)->1391K(1472K)
[7.194s][info][gc             ] GC(46) Pause Full (System.gc()) 726M->75M(2048M) 36.085ms
[7.194s][info][gc,cpu         ] GC(46) User=0.05s Sys=0.00s Real=0.05s
[7.324s][info][gc,start       ] GC(47) Pause Young (Normal) (G1 Evacuation Pause)
[7.324s][info][gc,task        ] GC(47) Using 6 workers of 6 for evacuation
[7.340s][info][gc,phases      ] GC(47)   Pre Evacuate Collection Set: 0.3ms
[7.340s][info][gc,phases      ] GC(47)   Merge Heap Roots: 0.1ms
[7.340s][info][gc,phases      ] GC(47)   Evacuate Collection Set: 15.2ms
[7.340s][info][gc,phases      ] GC(47)   Post Evacuate Collection Set: 0.7ms
[7.340s][info][gc,phases      ] GC(47)   Other: 0.1ms
[7.340s][info][gc,heap        ] GC(47) Eden regions: 1228->0(1206)
[7.340s][info][gc,heap        ] GC(47) Survivor regions: 0->22(154)
[7.340s][info][gc,heap        ] GC(47) Old regions: 74->74
[7.340s][info][gc,heap        ] GC(47) Humongous regions: 7->7
[7.340s][info][gc,metaspace   ] GC(47) Metaspace: 11115K(11328K)->11115K(11328K) NonClass: 9724K(9856K)->9724K(9856K) Class: 1391K(1472K)->1391K(1472K)
[7.340s][info][gc             ] GC(47) Pause Young (Normal) (G1 Evacuation Pause) 1303M->97M(2048M) 16.523ms
[7.340s][info][gc,cpu         ] GC(47) User=0.02s Sys=0.00s Real=0.01s
[7.418s][info][gc,start       ] GC(48) Pause Full (System.gc())
[7.418s][info][gc,task        ] GC(48) Using 6 workers of 6 for full compaction
[7.418s][info][gc,phases,start] GC(48) Phase 1: Mark live objects
[7.439s][info][gc,phases      ] GC(48) Phase 1: Mark live objects 20.607ms
[7.439s][info][gc,phases,start] GC(48) Phase 2: Prepare compaction
[7.440s][info][gc,phases      ] GC(48) Phase 2: Prepare compaction 0.723ms
[7.440s][info][gc,phases,start] GC(48) Phase 3: Adjust pointers
[7.445s][info][gc,phases      ] GC(48) Phase 3: Adjust pointers 5.799ms
[7.446s][info][gc,phases,start] GC(48) Phase 4: Compact heap
[7.446s][info][gc,phases      ] GC(48) Phase 4: Compact heap 0.682ms
[7.446s][info][gc,phases,start] GC(48) Phase 5: Reset Metadata
[7.450s][info][gc,phases      ] GC(48) Phase 5: Reset Metadata 3.716ms
[7.455s][info][gc,heap        ] GC(48) Eden regions: 629->0(1228)
[7.455s][info][gc,heap        ] GC(48) Survivor regions: 22->0(154)
[7.455s][info][gc,heap        ] GC(48) Old regions: 74->74
[7.455s][info][gc,heap        ] GC(48) Humongous regions: 7->7
[7.455s][info][gc,metaspace   ] GC(48) Metaspace: 11120K(11328K)->11120K(11328K) NonClass: 9729K(9856K)->9729K(9856K) Class: 1391K(1472K)->1391K(1472K)
[7.455s][info][gc             ] GC(48) Pause Full (System.gc()) 726M->75M(2048M) 37.188ms
[7.455s][info][gc,cpu         ] GC(48) User=0.03s Sys=0.00s Real=0.03s
[7.588s][info][gc,start       ] GC(49) Pause Young (Normal) (G1 Evacuation Pause)
[7.588s][info][gc,task        ] GC(49) Using 6 workers of 6 for evacuation
[7.605s][info][gc,phases      ] GC(49)   Pre Evacuate Collection Set: 0.2ms
[7.605s][info][gc,phases      ] GC(49)   Merge Heap Roots: 0.1ms
[7.605s][info][gc,phases      ] GC(49)   Evacuate Collection Set: 15.0ms
[7.605s][info][gc,phases      ] GC(49)   Post Evacuate Collection Set: 0.9ms
[7.605s][info][gc,phases      ] GC(49)   Other: 0.1ms
[7.605s][info][gc,heap        ] GC(49) Eden regions: 1228->0(1207)
[7.605s][info][gc,heap        ] GC(49) Survivor regions: 0->21(154)
[7.605s][info][gc,heap        ] GC(49) Old regions: 74->74
[7.605s][info][gc,heap        ] GC(49) Humongous regions: 7->7
[7.605s][info][gc,metaspace   ] GC(49) Metaspace: 11123K(11328K)->11123K(11328K) NonClass: 9731K(9856K)->9731K(9856K) Class: 1391K(1472K)->1391K(1472K)
[7.605s][info][gc             ] GC(49) Pause Young (Normal) (G1 Evacuation Pause) 1303M->96M(2048M) 16.557ms
[7.605s][info][gc,cpu         ] GC(49) User=0.02s Sys=0.00s Real=0.02s
[7.687s][info][gc,start       ] GC(50) Pause Full (System.gc())
[7.687s][info][gc,task        ] GC(50) Using 6 workers of 6 for full compaction
[7.687s][info][gc,phases,start] GC(50) Phase 1: Mark live objects
[7.708s][info][gc,phases      ] GC(50) Phase 1: Mark live objects 20.214ms
[7.708s][info][gc,phases,start] GC(50) Phase 2: Prepare compaction
[7.708s][info][gc,phases      ] GC(50) Phase 2: Prepare compaction 0.663ms
[7.708s][info][gc,phases,start] GC(50) Phase 3: Adjust pointers
[7.714s][info][gc,phases      ] GC(50) Phase 3: Adjust pointers 5.586ms
[7.714s][info][gc,phases,start] GC(50) Phase 4: Compact heap
[7.715s][info][gc,phases      ] GC(50) Phase 4: Compact heap 0.502ms
[7.715s][info][gc,phases,start] GC(50) Phase 5: Reset Metadata
[7.718s][info][gc,phases      ] GC(50) Phase 5: Reset Metadata 3.577ms
[7.723s][info][gc,heap        ] GC(50) Eden regions: 631->0(1228)
[7.723s][info][gc,heap        ] GC(50) Survivor regions: 21->0(154)
[7.723s][info][gc,heap        ] GC(50) Old regions: 74->74
[7.723s][info][gc,heap        ] GC(50) Humongous regions: 7->7
[7.723s][info][gc,metaspace   ] GC(50) Metaspace: 11123K(11328K)->11123K(11328K) NonClass: 9732K(9856K)->9732K(9856K) Class: 1391K(1472K)->1391K(1472K)
[7.723s][info][gc             ] GC(50) Pause Full (System.gc()) 726M->75M(2048M) 35.892ms
[7.723s][info][gc,cpu         ] GC(50) User=0.05s Sys=0.00s Real=0.04s
[7.853s][info][gc,start       ] GC(51) Pause Young (Normal) (G1 Evacuation Pause)
[7.853s][info][gc,task        ] GC(51) Using 6 workers of 6 for evacuation
[7.870s][info][gc,phases      ] GC(51)   Pre Evacuate Collection Set: 0.2ms
[7.870s][info][gc,phases      ] GC(51)   Merge Heap Roots: 0.1ms
[7.870s][info][gc,phases      ] GC(51)   Evacuate Collection Set: 15.0ms
[7.870s][info][gc,phases      ] GC(51)   Post Evacuate Collection Set: 0.7ms
[7.870s][info][gc,phases      ] GC(51)   Other: 0.1ms
[7.870s][info][gc,heap        ] GC(51) Eden regions: 1228->0(1207)
[7.870s][info][gc,heap        ] GC(51) Survivor regions: 0->21(154)
[7.870s][info][gc,heap        ] GC(51) Old regions: 74->74
[7.870s][info][gc,heap        ] GC(51) Humongous regions: 7->7
[7.870s][info][gc,metaspace   ] GC(51) Metaspace: 11130K(11328K)->11130K(11328K) NonClass: 9738K(9856K)->9738K(9856K) Class: 1391K(1472K)->1391K(1472K)
[7.870s][info][gc             ] GC(51) Pause Young (Normal) (G1 Evacuation Pause) 1303M->96M(2048M) 16.409ms
[7.870s][info][gc,cpu         ] GC(51) User=0.02s Sys=0.00s Real=0.02s
[7.950s][info][gc,start       ] GC(52) Pause Full (System.gc())
[7.950s][info][gc,task        ] GC(52) Using 6 workers of 6 for full compaction
[7.950s][info][gc,phases,start] GC(52) Phase 1: Mark live objects
[7.971s][info][gc,phases      ] GC(52) Phase 1: Mark live objects 20.659ms
[7.971s][info][gc,phases,start] GC(52) Phase 2: Prepare compaction
[7.972s][info][gc,phases      ] GC(52) Phase 2: Prepare compaction 0.682ms
[7.972s][info][gc,phases,start] GC(52) Phase 3: Adjust pointers
[7.978s][info][gc,phases      ] GC(52) Phase 3: Adjust pointers 5.820ms
[7.978s][info][gc,phases,start] GC(52) Phase 4: Compact heap
[7.978s][info][gc,phases      ] GC(52) Phase 4: Compact heap 0.502ms
[7.978s][info][gc,phases,start] GC(52) Phase 5: Reset Metadata
[7.982s][info][gc,phases      ] GC(52) Phase 5: Reset Metadata 3.673ms
[7.986s][info][gc,heap        ] GC(52) Eden regions: 630->0(1228)
[7.986s][info][gc,heap        ] GC(52) Survivor regions: 21->0(154)
[7.986s][info][gc,heap        ] GC(52) Old regions: 74->74
[7.986s][info][gc,heap        ] GC(52) Humongous regions: 7->7
[7.986s][info][gc,metaspace   ] GC(52) Metaspace: 11137K(11328K)->11137K(11328K) NonClass: 9746K(9856K)->9746K(9856K) Class: 1391K(1472K)->1391K(1472K)
[7.986s][info][gc             ] GC(52) Pause Full (System.gc()) 726M->75M(2048M) 36.313ms
[7.986s][info][gc,cpu         ] GC(52) User=0.03s Sys=0.00s Real=0.03s
[8.116s][info][gc,start       ] GC(53) Pause Young (Normal) (G1 Evacuation Pause)
[8.116s][info][gc,task        ] GC(53) Using 6 workers of 6 for evacuation
[8.132s][info][gc,phases      ] GC(53)   Pre Evacuate Collection Set: 0.2ms
[8.132s][info][gc,phases      ] GC(53)   Merge Heap Roots: 0.1ms
[8.132s][info][gc,phases      ] GC(53)   Evacuate Collection Set: 15.0ms
[8.132s][info][gc,phases      ] GC(53)   Post Evacuate Collection Set: 0.7ms
[8.132s][info][gc,phases      ] GC(53)   Other: 0.1ms
[8.132s][info][gc,heap        ] GC(53) Eden regions: 1228->0(1207)
[8.132s][info][gc,heap        ] GC(53) Survivor regions: 0->21(154)
[8.132s][info][gc,heap        ] GC(53) Old regions: 74->74
[8.132s][info][gc,heap        ] GC(53) Humongous regions: 7->7
[8.132s][info][gc,metaspace   ] GC(53) Metaspace: 11137K(11328K)->11137K(11328K) NonClass: 9746K(9856K)->9746K(9856K) Class: 1391K(1472K)->1391K(1472K)
[8.132s][info][gc             ] GC(53) Pause Young (Normal) (G1 Evacuation Pause) 1303M->96M(2048M) 16.394ms
[8.132s][info][gc,cpu         ] GC(53) User=0.00s Sys=0.00s Real=0.00s
[8.212s][info][gc,start       ] GC(54) Pause Full (System.gc())
[8.212s][info][gc,task        ] GC(54) Using 6 workers of 6 for full compaction
[8.213s][info][gc,phases,start] GC(54) Phase 1: Mark live objects
[8.233s][info][gc,phases      ] GC(54) Phase 1: Mark live objects 20.602ms
[8.233s][info][gc,phases,start] GC(54) Phase 2: Prepare compaction
[8.234s][info][gc,phases      ] GC(54) Phase 2: Prepare compaction 0.712ms
[8.234s][info][gc,phases,start] GC(54) Phase 3: Adjust pointers
[8.240s][info][gc,phases      ] GC(54) Phase 3: Adjust pointers 5.474ms
[8.240s][info][gc,phases,start] GC(54) Phase 4: Compact heap
[8.240s][info][gc,phases      ] GC(54) Phase 4: Compact heap 0.550ms
[8.240s][info][gc,phases,start] GC(54) Phase 5: Reset Metadata
[8.244s][info][gc,phases      ] GC(54) Phase 5: Reset Metadata 3.684ms
[8.248s][info][gc,heap        ] GC(54) Eden regions: 630->0(1228)
[8.248s][info][gc,heap        ] GC(54) Survivor regions: 21->0(154)
[8.248s][info][gc,heap        ] GC(54) Old regions: 74->74
[8.248s][info][gc,heap        ] GC(54) Humongous regions: 7->7
[8.248s][info][gc,metaspace   ] GC(54) Metaspace: 11137K(11328K)->11137K(11328K) NonClass: 9746K(9856K)->9746K(9856K) Class: 1391K(1472K)->1391K(1472K)
[8.248s][info][gc             ] GC(54) Pause Full (System.gc()) 726M->75M(2048M) 36.216ms
[8.248s][info][gc,cpu         ] GC(54) User=0.03s Sys=0.00s Real=0.03s
[8.380s][info][gc,start       ] GC(55) Pause Young (Normal) (G1 Evacuation Pause)
[8.380s][info][gc,task        ] GC(55) Using 6 workers of 6 for evacuation
[8.396s][info][gc,phases      ] GC(55)   Pre Evacuate Collection Set: 0.3ms
[8.397s][info][gc,phases      ] GC(55)   Merge Heap Roots: 0.1ms
[8.397s][info][gc,phases      ] GC(55)   Evacuate Collection Set: 14.9ms
[8.397s][info][gc,phases      ] GC(55)   Post Evacuate Collection Set: 0.7ms
[8.397s][info][gc,phases      ] GC(55)   Other: 0.1ms
[8.397s][info][gc,heap        ] GC(55) Eden regions: 1228->0(1207)
[8.397s][info][gc,heap        ] GC(55) Survivor regions: 0->21(154)
[8.397s][info][gc,heap        ] GC(55) Old regions: 74->74
[8.397s][info][gc,heap        ] GC(55) Humongous regions: 7->7
[8.397s][info][gc,metaspace   ] GC(55) Metaspace: 11137K(11328K)->11137K(11328K) NonClass: 9746K(9856K)->9746K(9856K) Class: 1391K(1472K)->1391K(1472K)
[8.397s][info][gc             ] GC(55) Pause Young (Normal) (G1 Evacuation Pause) 1303M->96M(2048M) 16.420ms
[8.397s][info][gc,cpu         ] GC(55) User=0.02s Sys=0.00s Real=0.02s
[8.473s][info][gc,start       ] GC(56) Pause Full (System.gc())
[8.473s][info][gc,task        ] GC(56) Using 6 workers of 6 for full compaction
[8.474s][info][gc,phases,start] GC(56) Phase 1: Mark live objects
[8.494s][info][gc,phases      ] GC(56) Phase 1: Mark live objects 20.773ms
[8.494s][info][gc,phases,start] GC(56) Phase 2: Prepare compaction
[8.495s][info][gc,phases      ] GC(56) Phase 2: Prepare compaction 0.768ms
[8.495s][info][gc,phases,start] GC(56) Phase 3: Adjust pointers
[8.500s][info][gc,phases      ] GC(56) Phase 3: Adjust pointers 4.997ms
[8.500s][info][gc,phases,start] GC(56) Phase 4: Compact heap
[8.501s][info][gc,phases      ] GC(56) Phase 4: Compact heap 0.524ms
[8.501s][info][gc,phases,start] GC(56) Phase 5: Reset Metadata
[8.504s][info][gc,phases      ] GC(56) Phase 5: Reset Metadata 3.649ms
[8.509s][info][gc,heap        ] GC(56) Eden regions: 630->0(1228)
[8.509s][info][gc,heap        ] GC(56) Survivor regions: 21->0(154)
[8.509s][info][gc,heap        ] GC(56) Old regions: 74->74
[8.509s][info][gc,heap        ] GC(56) Humongous regions: 7->7
[8.509s][info][gc,metaspace   ] GC(56) Metaspace: 11139K(11328K)->11139K(11328K) NonClass: 9747K(9856K)->9747K(9856K) Class: 1391K(1472K)->1391K(1472K)
[8.509s][info][gc             ] GC(56) Pause Full (System.gc()) 726M->75M(2048M) 35.953ms
[8.509s][info][gc,cpu         ] GC(56) User=0.03s Sys=0.00s Real=0.03s
[8.641s][info][gc,start       ] GC(57) Pause Young (Normal) (G1 Evacuation Pause)
[8.641s][info][gc,task        ] GC(57) Using 6 workers of 6 for evacuation
[8.657s][info][gc,phases      ] GC(57)   Pre Evacuate Collection Set: 0.3ms
[8.657s][info][gc,phases      ] GC(57)   Merge Heap Roots: 0.1ms
[8.657s][info][gc,phases      ] GC(57)   Evacuate Collection Set: 15.0ms
[8.657s][info][gc,phases      ] GC(57)   Post Evacuate Collection Set: 0.8ms
[8.657s][info][gc,phases      ] GC(57)   Other: 0.1ms
[8.657s][info][gc,heap        ] GC(57) Eden regions: 1228->0(1207)
[8.657s][info][gc,heap        ] GC(57) Survivor regions: 0->21(154)
[8.657s][info][gc,heap        ] GC(57) Old regions: 74->74
[8.657s][info][gc,heap        ] GC(57) Humongous regions: 7->7
[8.657s][info][gc,metaspace   ] GC(57) Metaspace: 11141K(11328K)->11141K(11328K) NonClass: 9749K(9856K)->9749K(9856K) Class: 1391K(1472K)->1391K(1472K)
[8.657s][info][gc             ] GC(57) Pause Young (Normal) (G1 Evacuation Pause) 1303M->96M(2048M) 16.545ms
[8.657s][info][gc,cpu         ] GC(57) User=0.03s Sys=0.00s Real=0.02s
[8.734s][info][gc,start       ] GC(58) Pause Full (System.gc())
[8.734s][info][gc,task        ] GC(58) Using 6 workers of 6 for full compaction
[8.734s][info][gc,phases,start] GC(58) Phase 1: Mark live objects
[8.755s][info][gc,phases      ] GC(58) Phase 1: Mark live objects 20.585ms
[8.756s][info][gc,phases,start] GC(58) Phase 2: Prepare compaction
[8.757s][info][gc,phases      ] GC(58) Phase 2: Prepare compaction 0.763ms
[8.757s][info][gc,phases,start] GC(58) Phase 3: Adjust pointers
[8.762s][info][gc,phases      ] GC(58) Phase 3: Adjust pointers 5.430ms
[8.762s][info][gc,phases,start] GC(58) Phase 4: Compact heap
[8.763s][info][gc,phases      ] GC(58) Phase 4: Compact heap 0.500ms
[8.763s][info][gc,phases,start] GC(58) Phase 5: Reset Metadata
[8.767s][info][gc,phases      ] GC(58) Phase 5: Reset Metadata 3.828ms
[8.771s][info][gc,heap        ] GC(58) Eden regions: 630->0(1228)
[8.771s][info][gc,heap        ] GC(58) Survivor regions: 21->0(154)
[8.771s][info][gc,heap        ] GC(58) Old regions: 74->74
[8.771s][info][gc,heap        ] GC(58) Humongous regions: 7->7
[8.771s][info][gc,metaspace   ] GC(58) Metaspace: 11141K(11328K)->11141K(11328K) NonClass: 9750K(9856K)->9750K(9856K) Class: 1391K(1472K)->1391K(1472K)
[8.772s][info][gc             ] GC(58) Pause Full (System.gc()) 725M->75M(2048M) 37.963ms
[8.772s][info][gc,cpu         ] GC(58) User=0.03s Sys=0.00s Real=0.03s
[8.900s][info][gc,start       ] GC(59) Pause Young (Normal) (G1 Evacuation Pause)
[8.900s][info][gc,task        ] GC(59) Using 6 workers of 6 for evacuation
[8.916s][info][gc,phases      ] GC(59)   Pre Evacuate Collection Set: 0.3ms
[8.916s][info][gc,phases      ] GC(59)   Merge Heap Roots: 0.1ms
[8.916s][info][gc,phases      ] GC(59)   Evacuate Collection Set: 14.9ms
[8.916s][info][gc,phases      ] GC(59)   Post Evacuate Collection Set: 0.7ms
[8.916s][info][gc,phases      ] GC(59)   Other: 0.1ms
[8.916s][info][gc,heap        ] GC(59) Eden regions: 1228->0(1207)
[8.916s][info][gc,heap        ] GC(59) Survivor regions: 0->21(154)
[8.916s][info][gc,heap        ] GC(59) Old regions: 74->74
[8.916s][info][gc,heap        ] GC(59) Humongous regions: 7->7
[8.916s][info][gc,metaspace   ] GC(59) Metaspace: 11141K(11328K)->11141K(11328K) NonClass: 9750K(9856K)->9750K(9856K) Class: 1391K(1472K)->1391K(1472K)
[8.916s][info][gc             ] GC(59) Pause Young (Normal) (G1 Evacuation Pause) 1303M->96M(2048M) 16.270ms
[8.916s][info][gc,cpu         ] GC(59) User=0.02s Sys=0.00s Real=0.02s
[8.993s][info][gc,start       ] GC(60) Pause Full (System.gc())
[8.993s][info][gc,task        ] GC(60) Using 6 workers of 6 for full compaction
[8.994s][info][gc,phases,start] GC(60) Phase 1: Mark live objects
[9.015s][info][gc,phases      ] GC(60) Phase 1: Mark live objects 20.895ms
[9.015s][info][gc,phases,start] GC(60) Phase 2: Prepare compaction
[9.015s][info][gc,phases      ] GC(60) Phase 2: Prepare compaction 0.714ms
[9.015s][info][gc,phases,start] GC(60) Phase 3: Adjust pointers
[9.021s][info][gc,phases      ] GC(60) Phase 3: Adjust pointers 5.544ms
[9.021s][info][gc,phases,start] GC(60) Phase 4: Compact heap
[9.022s][info][gc,phases      ] GC(60) Phase 4: Compact heap 0.485ms
[9.022s][info][gc,phases,start] GC(60) Phase 5: Reset Metadata
[9.025s][info][gc,phases      ] GC(60) Phase 5: Reset Metadata 3.632ms
[9.030s][info][gc,heap        ] GC(60) Eden regions: 630->0(1228)
[9.030s][info][gc,heap        ] GC(60) Survivor regions: 21->0(154)
[9.030s][info][gc,heap        ] GC(60) Old regions: 74->74
[9.030s][info][gc,heap        ] GC(60) Humongous regions: 7->7
[9.030s][info][gc,metaspace   ] GC(60) Metaspace: 11142K(11328K)->11142K(11328K) NonClass: 9750K(9856K)->9750K(9856K) Class: 1391K(1472K)->1391K(1472K)
[9.030s][info][gc             ] GC(60) Pause Full (System.gc()) 726M->75M(2048M) 36.680ms
[9.030s][info][gc,cpu         ] GC(60) User=0.05s Sys=0.00s Real=0.05s
[9.160s][info][gc,start       ] GC(61) Pause Young (Normal) (G1 Evacuation Pause)
[9.160s][info][gc,task        ] GC(61) Using 6 workers of 6 for evacuation
[9.176s][info][gc,phases      ] GC(61)   Pre Evacuate Collection Set: 0.2ms
[9.176s][info][gc,phases      ] GC(61)   Merge Heap Roots: 0.1ms
[9.176s][info][gc,phases      ] GC(61)   Evacuate Collection Set: 15.1ms
[9.176s][info][gc,phases      ] GC(61)   Post Evacuate Collection Set: 0.7ms
[9.176s][info][gc,phases      ] GC(61)   Other: 0.1ms
[9.176s][info][gc,heap        ] GC(61) Eden regions: 1228->0(1207)
[9.176s][info][gc,heap        ] GC(61) Survivor regions: 0->21(154)
[9.176s][info][gc,heap        ] GC(61) Old regions: 74->74
[9.176s][info][gc,heap        ] GC(61) Humongous regions: 7->7
[9.176s][info][gc,metaspace   ] GC(61) Metaspace: 11143K(11328K)->11143K(11328K) NonClass: 9751K(9856K)->9751K(9856K) Class: 1391K(1472K)->1391K(1472K)
[9.177s][info][gc             ] GC(61) Pause Young (Normal) (G1 Evacuation Pause) 1303M->96M(2048M) 16.503ms
[9.177s][info][gc,cpu         ] GC(61) User=0.02s Sys=0.00s Real=0.02s
[9.253s][info][gc,start       ] GC(62) Pause Full (System.gc())
[9.253s][info][gc,task        ] GC(62) Using 6 workers of 6 for full compaction
[9.253s][info][gc,phases,start] GC(62) Phase 1: Mark live objects
[9.274s][info][gc,phases      ] GC(62) Phase 1: Mark live objects 20.681ms
[9.274s][info][gc,phases,start] GC(62) Phase 2: Prepare compaction
[9.274s][info][gc,phases      ] GC(62) Phase 2: Prepare compaction 0.720ms
[9.274s][info][gc,phases,start] GC(62) Phase 3: Adjust pointers
[9.280s][info][gc,phases      ] GC(62) Phase 3: Adjust pointers 5.537ms
[9.280s][info][gc,phases,start] GC(62) Phase 4: Compact heap
[9.280s][info][gc,phases      ] GC(62) Phase 4: Compact heap 0.555ms
[9.281s][info][gc,phases,start] GC(62) Phase 5: Reset Metadata
[9.284s][info][gc,phases      ] GC(62) Phase 5: Reset Metadata 3.451ms
[9.288s][info][gc,heap        ] GC(62) Eden regions: 630->0(1228)
[9.289s][info][gc,heap        ] GC(62) Survivor regions: 21->0(154)
[9.289s][info][gc,heap        ] GC(62) Old regions: 74->74
[9.289s][info][gc,heap        ] GC(62) Humongous regions: 7->7
[9.289s][info][gc,metaspace   ] GC(62) Metaspace: 11152K(11328K)->11152K(11328K) NonClass: 9761K(9856K)->9761K(9856K) Class: 1391K(1472K)->1391K(1472K)
[9.289s][info][gc             ] GC(62) Pause Full (System.gc()) 726M->75M(2048M) 36.060ms
[9.289s][info][gc,cpu         ] GC(62) User=0.02s Sys=0.00s Real=0.03s
[9.417s][info][gc,start       ] GC(63) Pause Young (Normal) (G1 Evacuation Pause)
[9.417s][info][gc,task        ] GC(63) Using 6 workers of 6 for evacuation
[9.433s][info][gc,phases      ] GC(63)   Pre Evacuate Collection Set: 0.2ms
[9.433s][info][gc,phases      ] GC(63)   Merge Heap Roots: 0.1ms
[9.433s][info][gc,phases      ] GC(63)   Evacuate Collection Set: 14.9ms
[9.433s][info][gc,phases      ] GC(63)   Post Evacuate Collection Set: 0.7ms
[9.433s][info][gc,phases      ] GC(63)   Other: 0.1ms
[9.433s][info][gc,heap        ] GC(63) Eden regions: 1228->0(1207)
[9.433s][info][gc,heap        ] GC(63) Survivor regions: 0->21(154)
[9.433s][info][gc,heap        ] GC(63) Old regions: 74->74
[9.433s][info][gc,heap        ] GC(63) Humongous regions: 7->7
[9.433s][info][gc,metaspace   ] GC(63) Metaspace: 11153K(11328K)->11153K(11328K) NonClass: 9761K(9856K)->9761K(9856K) Class: 1391K(1472K)->1391K(1472K)
[9.433s][info][gc             ] GC(63) Pause Young (Normal) (G1 Evacuation Pause) 1303M->96M(2048M) 16.238ms
[9.433s][info][gc,cpu         ] GC(63) User=0.02s Sys=0.00s Real=0.02s
[9.516s][info][gc,start       ] GC(64) Pause Full (System.gc())
[9.516s][info][gc,task        ] GC(64) Using 6 workers of 6 for full compaction
[9.516s][info][gc,phases,start] GC(64) Phase 1: Mark live objects
[9.537s][info][gc,phases      ] GC(64) Phase 1: Mark live objects 20.862ms
[9.537s][info][gc,phases,start] GC(64) Phase 2: Prepare compaction
[9.538s][info][gc,phases      ] GC(64) Phase 2: Prepare compaction 0.621ms
[9.538s][info][gc,phases,start] GC(64) Phase 3: Adjust pointers
[9.543s][info][gc,phases      ] GC(64) Phase 3: Adjust pointers 5.328ms
[9.543s][info][gc,phases,start] GC(64) Phase 4: Compact heap
[9.544s][info][gc,phases      ] GC(64) Phase 4: Compact heap 0.614ms
[9.544s][info][gc,phases,start] GC(64) Phase 5: Reset Metadata
[9.548s][info][gc,phases      ] GC(64) Phase 5: Reset Metadata 3.770ms
[9.552s][info][gc,heap        ] GC(64) Eden regions: 630->0(1228)
[9.552s][info][gc,heap        ] GC(64) Survivor regions: 21->0(154)
[9.552s][info][gc,heap        ] GC(64) Old regions: 74->74
[9.552s][info][gc,heap        ] GC(64) Humongous regions: 7->7
[9.552s][info][gc,metaspace   ] GC(64) Metaspace: 11153K(11328K)->11153K(11328K) NonClass: 9761K(9856K)->9761K(9856K) Class: 1391K(1472K)->1391K(1472K)
[9.552s][info][gc             ] GC(64) Pause Full (System.gc()) 725M->75M(2048M) 36.368ms
[9.552s][info][gc,cpu         ] GC(64) User=0.03s Sys=0.00s Real=0.03s
[9.685s][info][gc,start       ] GC(65) Pause Young (Normal) (G1 Evacuation Pause)
[9.685s][info][gc,task        ] GC(65) Using 6 workers of 6 for evacuation
[9.701s][info][gc,phases      ] GC(65)   Pre Evacuate Collection Set: 0.3ms
[9.701s][info][gc,phases      ] GC(65)   Merge Heap Roots: 0.1ms
[9.701s][info][gc,phases      ] GC(65)   Evacuate Collection Set: 14.9ms
[9.701s][info][gc,phases      ] GC(65)   Post Evacuate Collection Set: 0.7ms
[9.701s][info][gc,phases      ] GC(65)   Other: 0.1ms
[9.701s][info][gc,heap        ] GC(65) Eden regions: 1228->0(1207)
[9.701s][info][gc,heap        ] GC(65) Survivor regions: 0->21(154)
[9.701s][info][gc,heap        ] GC(65) Old regions: 74->74
[9.701s][info][gc,heap        ] GC(65) Humongous regions: 7->7
[9.701s][info][gc,metaspace   ] GC(65) Metaspace: 11155K(11328K)->11155K(11328K) NonClass: 9763K(9856K)->9763K(9856K) Class: 1391K(1472K)->1391K(1472K)
[9.701s][info][gc             ] GC(65) Pause Young (Normal) (G1 Evacuation Pause) 1303M->96M(2048M) 16.411ms
[9.701s][info][gc,cpu         ] GC(65) User=0.03s Sys=0.00s Real=0.02s
[9.775s][info][gc,start       ] GC(66) Pause Full (System.gc())
[9.775s][info][gc,task        ] GC(66) Using 6 workers of 6 for full compaction
[9.775s][info][gc,phases,start] GC(66) Phase 1: Mark live objects
[9.796s][info][gc,phases      ] GC(66) Phase 1: Mark live objects 20.770ms
[9.796s][info][gc,phases,start] GC(66) Phase 2: Prepare compaction
[9.797s][info][gc,phases      ] GC(66) Phase 2: Prepare compaction 0.712ms
[9.797s][info][gc,phases,start] GC(66) Phase 3: Adjust pointers
[9.803s][info][gc,phases      ] GC(66) Phase 3: Adjust pointers 5.644ms
[9.803s][info][gc,phases,start] GC(66) Phase 4: Compact heap
[9.803s][info][gc,phases      ] GC(66) Phase 4: Compact heap 0.501ms
[9.803s][info][gc,phases,start] GC(66) Phase 5: Reset Metadata
[9.807s][info][gc,phases      ] GC(66) Phase 5: Reset Metadata 3.537ms
[9.811s][info][gc,heap        ] GC(66) Eden regions: 630->0(1228)
[9.811s][info][gc,heap        ] GC(66) Survivor regions: 21->0(154)
[9.811s][info][gc,heap        ] GC(66) Old regions: 74->74
[9.811s][info][gc,heap        ] GC(66) Humongous regions: 7->7
[9.811s][info][gc,metaspace   ] GC(66) Metaspace: 11170K(11392K)->11170K(11392K) NonClass: 9778K(9920K)->9778K(9920K) Class: 1391K(1472K)->1391K(1472K)
[9.811s][info][gc             ] GC(66) Pause Full (System.gc()) 726M->75M(2048M) 36.341ms
[9.811s][info][gc,cpu         ] GC(66) User=0.03s Sys=0.00s Real=0.03s
[9.941s][info][gc,start       ] GC(67) Pause Young (Normal) (G1 Evacuation Pause)
[9.941s][info][gc,task        ] GC(67) Using 6 workers of 6 for evacuation
[9.957s][info][gc,phases      ] GC(67)   Pre Evacuate Collection Set: 0.2ms
[9.957s][info][gc,phases      ] GC(67)   Merge Heap Roots: 0.2ms
[9.957s][info][gc,phases      ] GC(67)   Evacuate Collection Set: 15.1ms
[9.957s][info][gc,phases      ] GC(67)   Post Evacuate Collection Set: 0.7ms
[9.957s][info][gc,phases      ] GC(67)   Other: 0.1ms
[9.957s][info][gc,heap        ] GC(67) Eden regions: 1228->0(1207)
[9.957s][info][gc,heap        ] GC(67) Survivor regions: 0->21(154)
[9.957s][info][gc,heap        ] GC(67) Old regions: 74->74
[9.957s][info][gc,heap        ] GC(67) Humongous regions: 7->7
[9.957s][info][gc,metaspace   ] GC(67) Metaspace: 11176K(11392K)->11176K(11392K) NonClass: 9784K(9920K)->9784K(9920K) Class: 1391K(1472K)->1391K(1472K)
[9.957s][info][gc             ] GC(67) Pause Young (Normal) (G1 Evacuation Pause) 1303M->96M(2048M) 16.525ms
[9.957s][info][gc,cpu         ] GC(67) User=0.02s Sys=0.00s Real=0.02s
[10.037s][info][gc,start       ] GC(68) Pause Full (System.gc())
[10.037s][info][gc,task        ] GC(68) Using 6 workers of 6 for full compaction
[10.038s][info][gc,phases,start] GC(68) Phase 1: Mark live objects
[10.059s][info][gc,phases      ] GC(68) Phase 1: Mark live objects 21.084ms
[10.059s][info][gc,phases,start] GC(68) Phase 2: Prepare compaction
[10.059s][info][gc,phases      ] GC(68) Phase 2: Prepare compaction 0.721ms
[10.060s][info][gc,phases,start] GC(68) Phase 3: Adjust pointers
[10.065s][info][gc,phases      ] GC(68) Phase 3: Adjust pointers 5.599ms
[10.065s][info][gc,phases,start] GC(68) Phase 4: Compact heap
[10.066s][info][gc,phases      ] GC(68) Phase 4: Compact heap 0.517ms
[10.066s][info][gc,phases,start] GC(68) Phase 5: Reset Metadata
[10.069s][info][gc,phases      ] GC(68) Phase 5: Reset Metadata 3.445ms
[10.074s][info][gc,heap        ] GC(68) Eden regions: 630->0(1228)
[10.074s][info][gc,heap        ] GC(68) Survivor regions: 21->0(154)
[10.074s][info][gc,heap        ] GC(68) Old regions: 74->74
[10.074s][info][gc,heap        ] GC(68) Humongous regions: 7->7
[10.074s][info][gc,metaspace   ] GC(68) Metaspace: 11178K(11392K)->11178K(11392K) NonClass: 9786K(9920K)->9786K(9920K) Class: 1392K(1472K)->1392K(1472K)
[10.074s][info][gc             ] GC(68) Pause Full (System.gc()) 726M->75M(2048M) 36.438ms
[10.074s][info][gc,cpu         ] GC(68) User=0.02s Sys=0.00s Real=0.03s
[10.204s][info][gc,start       ] GC(69) Pause Young (Normal) (G1 Evacuation Pause)
[10.204s][info][gc,task        ] GC(69) Using 6 workers of 6 for evacuation
[10.220s][info][gc,phases      ] GC(69)   Pre Evacuate Collection Set: 0.3ms
[10.220s][info][gc,phases      ] GC(69)   Merge Heap Roots: 0.1ms
[10.220s][info][gc,phases      ] GC(69)   Evacuate Collection Set: 15.2ms
[10.220s][info][gc,phases      ] GC(69)   Post Evacuate Collection Set: 0.7ms
[10.220s][info][gc,phases      ] GC(69)   Other: 0.1ms
[10.220s][info][gc,heap        ] GC(69) Eden regions: 1228->0(1206)
[10.220s][info][gc,heap        ] GC(69) Survivor regions: 0->22(154)
[10.220s][info][gc,heap        ] GC(69) Old regions: 74->74
[10.220s][info][gc,heap        ] GC(69) Humongous regions: 7->7
[10.220s][info][gc,metaspace   ] GC(69) Metaspace: 11180K(11392K)->11180K(11392K) NonClass: 9788K(9920K)->9788K(9920K) Class: 1392K(1472K)->1392K(1472K)
[10.220s][info][gc             ] GC(69) Pause Young (Normal) (G1 Evacuation Pause) 1303M->97M(2048M) 16.593ms
[10.220s][info][gc,cpu         ] GC(69) User=0.02s Sys=0.00s Real=0.02s
[10.298s][info][gc,start       ] GC(70) Pause Full (System.gc())
[10.298s][info][gc,task        ] GC(70) Using 6 workers of 6 for full compaction
[10.299s][info][gc,phases,start] GC(70) Phase 1: Mark live objects
[10.319s][info][gc,phases      ] GC(70) Phase 1: Mark live objects 20.721ms
[10.319s][info][gc,phases,start] GC(70) Phase 2: Prepare compaction
[10.320s][info][gc,phases      ] GC(70) Phase 2: Prepare compaction 0.700ms
[10.320s][info][gc,phases,start] GC(70) Phase 3: Adjust pointers
[10.326s][info][gc,phases      ] GC(70) Phase 3: Adjust pointers 5.618ms
[10.326s][info][gc,phases,start] GC(70) Phase 4: Compact heap
[10.326s][info][gc,phases      ] GC(70) Phase 4: Compact heap 0.563ms
[10.326s][info][gc,phases,start] GC(70) Phase 5: Reset Metadata
[10.330s][info][gc,phases      ] GC(70) Phase 5: Reset Metadata 3.501ms
[10.335s][info][gc,heap        ] GC(70) Eden regions: 629->0(1228)
[10.335s][info][gc,heap        ] GC(70) Survivor regions: 22->0(154)
[10.335s][info][gc,heap        ] GC(70) Old regions: 74->74
[10.335s][info][gc,heap        ] GC(70) Humongous regions: 7->7
[10.335s][info][gc,metaspace   ] GC(70) Metaspace: 11181K(11392K)->11181K(11392K) NonClass: 9788K(9920K)->9788K(9920K) Class: 1392K(1472K)->1392K(1472K)
[10.335s][info][gc             ] GC(70) Pause Full (System.gc()) 726M->75M(2048M) 36.647ms
[10.335s][info][gc,cpu         ] GC(70) User=0.05s Sys=0.00s Real=0.05s
[10.467s][info][gc,start       ] GC(71) Pause Young (Normal) (G1 Evacuation Pause)
[10.467s][info][gc,task        ] GC(71) Using 6 workers of 6 for evacuation
[10.485s][info][gc,phases      ] GC(71)   Pre Evacuate Collection Set: 0.3ms
[10.485s][info][gc,phases      ] GC(71)   Merge Heap Roots: 0.2ms
[10.485s][info][gc,phases      ] GC(71)   Evacuate Collection Set: 16.3ms
[10.485s][info][gc,phases      ] GC(71)   Post Evacuate Collection Set: 0.9ms
[10.485s][info][gc,phases      ] GC(71)   Other: 0.1ms
[10.485s][info][gc,heap        ] GC(71) Eden regions: 1228->0(1205)
[10.485s][info][gc,heap        ] GC(71) Survivor regions: 0->23(154)
[10.485s][info][gc,heap        ] GC(71) Old regions: 74->74
[10.485s][info][gc,heap        ] GC(71) Humongous regions: 7->7
[10.485s][info][gc,metaspace   ] GC(71) Metaspace: 11181K(11392K)->11181K(11392K) NonClass: 9788K(9920K)->9788K(9920K) Class: 1392K(1472K)->1392K(1472K)
[10.485s][info][gc             ] GC(71) Pause Young (Normal) (G1 Evacuation Pause) 1303M->98M(2048M) 18.004ms
[10.485s][info][gc,cpu         ] GC(71) User=0.03s Sys=0.00s Real=0.01s
[10.561s][info][gc,start       ] GC(72) Pause Full (System.gc())
[10.561s][info][gc,task        ] GC(72) Using 6 workers of 6 for full compaction
[10.562s][info][gc,phases,start] GC(72) Phase 1: Mark live objects
[10.583s][info][gc,phases      ] GC(72) Phase 1: Mark live objects 20.934ms
[10.583s][info][gc,phases,start] GC(72) Phase 2: Prepare compaction
[10.583s][info][gc,phases      ] GC(72) Phase 2: Prepare compaction 0.679ms
[10.583s][info][gc,phases,start] GC(72) Phase 3: Adjust pointers
[10.589s][info][gc,phases      ] GC(72) Phase 3: Adjust pointers 5.513ms
[10.589s][info][gc,phases,start] GC(72) Phase 4: Compact heap
[10.589s][info][gc,phases      ] GC(72) Phase 4: Compact heap 0.585ms
[10.590s][info][gc,phases,start] GC(72) Phase 5: Reset Metadata
[10.593s][info][gc,phases      ] GC(72) Phase 5: Reset Metadata 3.590ms
[10.598s][info][gc,heap        ] GC(72) Eden regions: 629->0(1228)
[10.598s][info][gc,heap        ] GC(72) Survivor regions: 23->0(154)
[10.598s][info][gc,heap        ] GC(72) Old regions: 74->74
[10.598s][info][gc,heap        ] GC(72) Humongous regions: 7->7
[10.598s][info][gc,metaspace   ] GC(72) Metaspace: 11181K(11392K)->11181K(11392K) NonClass: 9789K(9920K)->9789K(9920K) Class: 1392K(1472K)->1392K(1472K)
[10.598s][info][gc             ] GC(72) Pause Full (System.gc()) 727M->75M(2048M) 36.962ms
[10.598s][info][gc,cpu         ] GC(72) User=0.03s Sys=0.00s Real=0.03s
[10.729s][info][gc,start       ] GC(73) Pause Young (Normal) (G1 Evacuation Pause)
[10.729s][info][gc,task        ] GC(73) Using 6 workers of 6 for evacuation
[10.745s][info][gc,phases      ] GC(73)   Pre Evacuate Collection Set: 0.3ms
[10.745s][info][gc,phases      ] GC(73)   Merge Heap Roots: 0.2ms
[10.745s][info][gc,phases      ] GC(73)   Evacuate Collection Set: 15.1ms
[10.745s][info][gc,phases      ] GC(73)   Post Evacuate Collection Set: 0.7ms
[10.745s][info][gc,phases      ] GC(73)   Other: 0.1ms
[10.745s][info][gc,heap        ] GC(73) Eden regions: 1228->0(1207)
[10.745s][info][gc,heap        ] GC(73) Survivor regions: 0->21(154)
[10.745s][info][gc,heap        ] GC(73) Old regions: 74->74
[10.745s][info][gc,heap        ] GC(73) Humongous regions: 7->7
[10.745s][info][gc,metaspace   ] GC(73) Metaspace: 11181K(11392K)->11181K(11392K) NonClass: 9789K(9920K)->9789K(9920K) Class: 1392K(1472K)->1392K(1472K)
[10.745s][info][gc             ] GC(73) Pause Young (Normal) (G1 Evacuation Pause) 1303M->96M(2048M) 16.573ms
[10.745s][info][gc,cpu         ] GC(73) User=0.03s Sys=0.00s Real=0.02s
[10.822s][info][gc,start       ] GC(74) Pause Full (System.gc())
[10.822s][info][gc,task        ] GC(74) Using 6 workers of 6 for full compaction
[10.822s][info][gc,phases,start] GC(74) Phase 1: Mark live objects
[10.843s][info][gc,phases      ] GC(74) Phase 1: Mark live objects 20.691ms
[10.843s][info][gc,phases,start] GC(74) Phase 2: Prepare compaction
[10.844s][info][gc,phases      ] GC(74) Phase 2: Prepare compaction 0.678ms
[10.844s][info][gc,phases,start] GC(74) Phase 3: Adjust pointers
[10.849s][info][gc,phases      ] GC(74) Phase 3: Adjust pointers 5.585ms
[10.849s][info][gc,phases,start] GC(74) Phase 4: Compact heap
[10.850s][info][gc,phases      ] GC(74) Phase 4: Compact heap 0.492ms
[10.850s][info][gc,phases,start] GC(74) Phase 5: Reset Metadata
[10.853s][info][gc,phases      ] GC(74) Phase 5: Reset Metadata 3.635ms
[10.858s][info][gc,heap        ] GC(74) Eden regions: 630->0(1228)
[10.858s][info][gc,heap        ] GC(74) Survivor regions: 21->0(154)
[10.858s][info][gc,heap        ] GC(74) Old regions: 74->74
[10.858s][info][gc,heap        ] GC(74) Humongous regions: 7->7
[10.858s][info][gc,metaspace   ] GC(74) Metaspace: 11181K(11392K)->11181K(11392K) NonClass: 9789K(9920K)->9789K(9920K) Class: 1392K(1472K)->1392K(1472K)
[10.858s][info][gc             ] GC(74) Pause Full (System.gc()) 726M->75M(2048M) 36.308ms
[10.858s][info][gc,cpu         ] GC(74) User=0.03s Sys=0.00s Real=0.03s
[10.990s][info][gc,start       ] GC(75) Pause Young (Normal) (G1 Evacuation Pause)
[10.990s][info][gc,task        ] GC(75) Using 6 workers of 6 for evacuation
[11.006s][info][gc,phases      ] GC(75)   Pre Evacuate Collection Set: 0.3ms
[11.006s][info][gc,phases      ] GC(75)   Merge Heap Roots: 0.1ms
[11.007s][info][gc,phases      ] GC(75)   Evacuate Collection Set: 15.3ms
[11.007s][info][gc,phases      ] GC(75)   Post Evacuate Collection Set: 0.8ms
[11.007s][info][gc,phases      ] GC(75)   Other: 0.1ms
[11.007s][info][gc,heap        ] GC(75) Eden regions: 1228->0(1206)
[11.007s][info][gc,heap        ] GC(75) Survivor regions: 0->22(154)
[11.007s][info][gc,heap        ] GC(75) Old regions: 74->74
[11.007s][info][gc,heap        ] GC(75) Humongous regions: 7->7
[11.007s][info][gc,metaspace   ] GC(75) Metaspace: 11181K(11392K)->11181K(11392K) NonClass: 9789K(9920K)->9789K(9920K) Class: 1392K(1472K)->1392K(1472K)
[11.007s][info][gc             ] GC(75) Pause Young (Normal) (G1 Evacuation Pause) 1303M->97M(2048M) 16.861ms
[11.007s][info][gc,cpu         ] GC(75) User=0.02s Sys=0.00s Real=0.02s
[11.082s][info][gc,start       ] GC(76) Pause Full (System.gc())
[11.082s][info][gc,task        ] GC(76) Using 6 workers of 6 for full compaction
[11.082s][info][gc,phases,start] GC(76) Phase 1: Mark live objects
[11.103s][info][gc,phases      ] GC(76) Phase 1: Mark live objects 20.854ms
[11.103s][info][gc,phases,start] GC(76) Phase 2: Prepare compaction
[11.104s][info][gc,phases      ] GC(76) Phase 2: Prepare compaction 0.700ms
[11.104s][info][gc,phases,start] GC(76) Phase 3: Adjust pointers
[11.109s][info][gc,phases      ] GC(76) Phase 3: Adjust pointers 5.565ms
[11.109s][info][gc,phases,start] GC(76) Phase 4: Compact heap
[11.110s][info][gc,phases      ] GC(76) Phase 4: Compact heap 0.628ms
[11.110s][info][gc,phases,start] GC(76) Phase 5: Reset Metadata
[11.114s][info][gc,phases      ] GC(76) Phase 5: Reset Metadata 3.634ms
[11.118s][info][gc,heap        ] GC(76) Eden regions: 630->0(1228)
[11.118s][info][gc,heap        ] GC(76) Survivor regions: 22->0(154)
[11.118s][info][gc,heap        ] GC(76) Old regions: 74->74
[11.118s][info][gc,heap        ] GC(76) Humongous regions: 7->7
[11.118s][info][gc,metaspace   ] GC(76) Metaspace: 11183K(11392K)->11183K(11392K) NonClass: 9791K(9920K)->9791K(9920K) Class: 1392K(1472K)->1392K(1472K)
[11.118s][info][gc             ] GC(76) Pause Full (System.gc()) 726M->75M(2048M) 36.501ms
[11.118s][info][gc,cpu         ] GC(76) User=0.03s Sys=0.00s Real=0.05s
[11.249s][info][gc,start       ] GC(77) Pause Young (Normal) (G1 Evacuation Pause)
[11.249s][info][gc,task        ] GC(77) Using 6 workers of 6 for evacuation
[11.265s][info][gc,phases      ] GC(77)   Pre Evacuate Collection Set: 0.2ms
[11.265s][info][gc,phases      ] GC(77)   Merge Heap Roots: 0.1ms
[11.265s][info][gc,phases      ] GC(77)   Evacuate Collection Set: 15.0ms
[11.265s][info][gc,phases      ] GC(77)   Post Evacuate Collection Set: 0.7ms
[11.265s][info][gc,phases      ] GC(77)   Other: 0.1ms
[11.265s][info][gc,heap        ] GC(77) Eden regions: 1228->0(1207)
[11.265s][info][gc,heap        ] GC(77) Survivor regions: 0->21(154)
[11.265s][info][gc,heap        ] GC(77) Old regions: 74->74
[11.265s][info][gc,heap        ] GC(77) Humongous regions: 7->7
[11.265s][info][gc,metaspace   ] GC(77) Metaspace: 11183K(11392K)->11183K(11392K) NonClass: 9791K(9920K)->9791K(9920K) Class: 1392K(1472K)->1392K(1472K)
[11.265s][info][gc             ] GC(77) Pause Young (Normal) (G1 Evacuation Pause) 1303M->96M(2048M) 16.422ms
[11.265s][info][gc,cpu         ] GC(77) User=0.02s Sys=0.00s Real=0.02s
[11.341s][info][gc,start       ] GC(78) Pause Full (System.gc())
[11.341s][info][gc,task        ] GC(78) Using 6 workers of 6 for full compaction
[11.342s][info][gc,phases,start] GC(78) Phase 1: Mark live objects
[11.363s][info][gc,phases      ] GC(78) Phase 1: Mark live objects 20.928ms
[11.363s][info][gc,phases,start] GC(78) Phase 2: Prepare compaction
[11.363s][info][gc,phases      ] GC(78) Phase 2: Prepare compaction 0.701ms
[11.363s][info][gc,phases,start] GC(78) Phase 3: Adjust pointers
[11.369s][info][gc,phases      ] GC(78) Phase 3: Adjust pointers 5.601ms
[11.369s][info][gc,phases,start] GC(78) Phase 4: Compact heap
[11.370s][info][gc,phases      ] GC(78) Phase 4: Compact heap 0.490ms
[11.370s][info][gc,phases,start] GC(78) Phase 5: Reset Metadata
[11.373s][info][gc,phases      ] GC(78) Phase 5: Reset Metadata 3.663ms
[11.378s][info][gc,heap        ] GC(78) Eden regions: 630->0(1228)
[11.378s][info][gc,heap        ] GC(78) Survivor regions: 21->0(154)
[11.378s][info][gc,heap        ] GC(78) Old regions: 74->74
[11.378s][info][gc,heap        ] GC(78) Humongous regions: 7->7
[11.378s][info][gc,metaspace   ] GC(78) Metaspace: 11183K(11392K)->11183K(11392K) NonClass: 9791K(9920K)->9791K(9920K) Class: 1392K(1472K)->1392K(1472K)
[11.378s][info][gc             ] GC(78) Pause Full (System.gc()) 726M->75M(2048M) 36.587ms
[11.378s][info][gc,cpu         ] GC(78) User=0.02s Sys=0.00s Real=0.03s
[11.513s][info][gc,start       ] GC(79) Pause Young (Normal) (G1 Evacuation Pause)
[11.513s][info][gc,task        ] GC(79) Using 6 workers of 6 for evacuation
[11.530s][info][gc,phases      ] GC(79)   Pre Evacuate Collection Set: 0.2ms
[11.530s][info][gc,phases      ] GC(79)   Merge Heap Roots: 0.2ms
[11.530s][info][gc,phases      ] GC(79)   Evacuate Collection Set: 15.9ms
[11.530s][info][gc,phases      ] GC(79)   Post Evacuate Collection Set: 0.8ms
[11.530s][info][gc,phases      ] GC(79)   Other: 0.1ms
[11.530s][info][gc,heap        ] GC(79) Eden regions: 1228->0(1206)
[11.530s][info][gc,heap        ] GC(79) Survivor regions: 0->22(154)
[11.530s][info][gc,heap        ] GC(79) Old regions: 74->74
[11.530s][info][gc,heap        ] GC(79) Humongous regions: 7->7
[11.530s][info][gc,metaspace   ] GC(79) Metaspace: 11184K(11392K)->11184K(11392K) NonClass: 9791K(9920K)->9791K(9920K) Class: 1392K(1472K)->1392K(1472K)
[11.531s][info][gc             ] GC(79) Pause Young (Normal) (G1 Evacuation Pause) 1303M->97M(2048M) 17.453ms
[11.531s][info][gc,cpu         ] GC(79) User=0.05s Sys=0.00s Real=0.02s
[11.607s][info][gc,start       ] GC(80) Pause Full (System.gc())
[11.607s][info][gc,task        ] GC(80) Using 6 workers of 6 for full compaction
[11.607s][info][gc,phases,start] GC(80) Phase 1: Mark live objects
[11.628s][info][gc,phases      ] GC(80) Phase 1: Mark live objects 20.885ms
[11.628s][info][gc,phases,start] GC(80) Phase 2: Prepare compaction
[11.629s][info][gc,phases      ] GC(80) Phase 2: Prepare compaction 0.709ms
[11.629s][info][gc,phases,start] GC(80) Phase 3: Adjust pointers
[11.635s][info][gc,phases      ] GC(80) Phase 3: Adjust pointers 5.590ms
[11.635s][info][gc,phases,start] GC(80) Phase 4: Compact heap
[11.635s][info][gc,phases      ] GC(80) Phase 4: Compact heap 0.499ms
[11.635s][info][gc,phases,start] GC(80) Phase 5: Reset Metadata
[11.639s][info][gc,phases      ] GC(80) Phase 5: Reset Metadata 3.588ms
[11.643s][info][gc,heap        ] GC(80) Eden regions: 630->0(1228)
[11.643s][info][gc,heap        ] GC(80) Survivor regions: 22->0(154)
[11.643s][info][gc,heap        ] GC(80) Old regions: 74->74
[11.643s][info][gc,heap        ] GC(80) Humongous regions: 7->7
[11.643s][info][gc,metaspace   ] GC(80) Metaspace: 11184K(11392K)->11184K(11392K) NonClass: 9791K(9920K)->9791K(9920K) Class: 1392K(1472K)->1392K(1472K)
[11.643s][info][gc             ] GC(80) Pause Full (System.gc()) 727M->75M(2048M) 36.497ms
[11.643s][info][gc,cpu         ] GC(80) User=0.03s Sys=0.00s Real=0.03s
[11.774s][info][gc,start       ] GC(81) Pause Young (Normal) (G1 Evacuation Pause)
[11.774s][info][gc,task        ] GC(81) Using 6 workers of 6 for evacuation
[11.790s][info][gc,phases      ] GC(81)   Pre Evacuate Collection Set: 0.2ms
[11.790s][info][gc,phases      ] GC(81)   Merge Heap Roots: 0.1ms
[11.790s][info][gc,phases      ] GC(81)   Evacuate Collection Set: 15.3ms
[11.790s][info][gc,phases      ] GC(81)   Post Evacuate Collection Set: 0.7ms
[11.790s][info][gc,phases      ] GC(81)   Other: 0.1ms
[11.790s][info][gc,heap        ] GC(81) Eden regions: 1228->0(1206)
[11.790s][info][gc,heap        ] GC(81) Survivor regions: 0->22(154)
[11.790s][info][gc,heap        ] GC(81) Old regions: 74->74
[11.790s][info][gc,heap        ] GC(81) Humongous regions: 7->7
[11.790s][info][gc,metaspace   ] GC(81) Metaspace: 11184K(11392K)->11184K(11392K) NonClass: 9791K(9920K)->9791K(9920K) Class: 1392K(1472K)->1392K(1472K)
[11.790s][info][gc             ] GC(81) Pause Young (Normal) (G1 Evacuation Pause) 1303M->97M(2048M) 16.594ms
[11.790s][info][gc,cpu         ] GC(81) User=0.02s Sys=0.00s Real=0.02s
[11.867s][info][gc,start       ] GC(82) Pause Full (System.gc())
[11.867s][info][gc,task        ] GC(82) Using 6 workers of 6 for full compaction
[11.868s][info][gc,phases,start] GC(82) Phase 1: Mark live objects
[11.889s][info][gc,phases      ] GC(82) Phase 1: Mark live objects 20.727ms
[11.889s][info][gc,phases,start] GC(82) Phase 2: Prepare compaction
[11.889s][info][gc,phases      ] GC(82) Phase 2: Prepare compaction 0.707ms
[11.889s][info][gc,phases,start] GC(82) Phase 3: Adjust pointers
[11.895s][info][gc,phases      ] GC(82) Phase 3: Adjust pointers 5.684ms
[11.895s][info][gc,phases,start] GC(82) Phase 4: Compact heap
[11.896s][info][gc,phases      ] GC(82) Phase 4: Compact heap 0.552ms
[11.896s][info][gc,phases,start] GC(82) Phase 5: Reset Metadata
[11.899s][info][gc,phases      ] GC(82) Phase 5: Reset Metadata 3.511ms
[11.904s][info][gc,heap        ] GC(82) Eden regions: 631->0(1228)
[11.904s][info][gc,heap        ] GC(82) Survivor regions: 22->0(154)
[11.904s][info][gc,heap        ] GC(82) Old regions: 74->74
[11.904s][info][gc,heap        ] GC(82) Humongous regions: 7->7
[11.904s][info][gc,metaspace   ] GC(82) Metaspace: 11184K(11392K)->11184K(11392K) NonClass: 9791K(9920K)->9791K(9920K) Class: 1392K(1472K)->1392K(1472K)
[11.904s][info][gc             ] GC(82) Pause Full (System.gc()) 727M->75M(2048M) 36.370ms
[11.904s][info][gc,cpu         ] GC(82) User=0.05s Sys=0.00s Real=0.05s
[12.034s][info][gc,start       ] GC(83) Pause Young (Normal) (G1 Evacuation Pause)
[12.034s][info][gc,task        ] GC(83) Using 6 workers of 6 for evacuation
[12.051s][info][gc,phases      ] GC(83)   Pre Evacuate Collection Set: 0.2ms
[12.051s][info][gc,phases      ] GC(83)   Merge Heap Roots: 0.1ms
[12.051s][info][gc,phases      ] GC(83)   Evacuate Collection Set: 15.0ms
[12.051s][info][gc,phases      ] GC(83)   Post Evacuate Collection Set: 0.7ms
[12.051s][info][gc,phases      ] GC(83)   Other: 0.1ms
[12.051s][info][gc,heap        ] GC(83) Eden regions: 1228->0(1207)
[12.051s][info][gc,heap        ] GC(83) Survivor regions: 0->21(154)
[12.051s][info][gc,heap        ] GC(83) Old regions: 74->74
[12.051s][info][gc,heap        ] GC(83) Humongous regions: 7->7
[12.051s][info][gc,metaspace   ] GC(83) Metaspace: 11184K(11392K)->11184K(11392K) NonClass: 9791K(9920K)->9791K(9920K) Class: 1392K(1472K)->1392K(1472K)
[12.051s][info][gc             ] GC(83) Pause Young (Normal) (G1 Evacuation Pause) 1303M->96M(2048M) 16.374ms
[12.051s][info][gc,cpu         ] GC(83) User=0.02s Sys=0.00s Real=0.02s
[12.132s][info][gc,start       ] GC(84) Pause Full (System.gc())
[12.132s][info][gc,task        ] GC(84) Using 6 workers of 6 for full compaction
[12.132s][info][gc,phases,start] GC(84) Phase 1: Mark live objects
[12.153s][info][gc,phases      ] GC(84) Phase 1: Mark live objects 20.561ms
[12.153s][info][gc,phases,start] GC(84) Phase 2: Prepare compaction
[12.154s][info][gc,phases      ] GC(84) Phase 2: Prepare compaction 0.767ms
[12.154s][info][gc,phases,start] GC(84) Phase 3: Adjust pointers
[12.159s][info][gc,phases      ] GC(84) Phase 3: Adjust pointers 5.549ms
[12.160s][info][gc,phases,start] GC(84) Phase 4: Compact heap
[12.160s][info][gc,phases      ] GC(84) Phase 4: Compact heap 0.499ms
[12.160s][info][gc,phases,start] GC(84) Phase 5: Reset Metadata
[12.164s][info][gc,phases      ] GC(84) Phase 5: Reset Metadata 3.519ms
[12.168s][info][gc,heap        ] GC(84) Eden regions: 629->0(1228)
[12.169s][info][gc,heap        ] GC(84) Survivor regions: 21->0(154)
[12.169s][info][gc,heap        ] GC(84) Old regions: 74->74
[12.169s][info][gc,heap        ] GC(84) Humongous regions: 7->7
[12.169s][info][gc,metaspace   ] GC(84) Metaspace: 11184K(11392K)->11184K(11392K) NonClass: 9791K(9920K)->9791K(9920K) Class: 1392K(1472K)->1392K(1472K)
[12.169s][info][gc             ] GC(84) Pause Full (System.gc()) 725M->75M(2048M) 36.462ms
[12.169s][info][gc,cpu         ] GC(84) User=0.02s Sys=0.00s Real=0.03s
[12.300s][info][gc,start       ] GC(85) Pause Young (Normal) (G1 Evacuation Pause)
[12.300s][info][gc,task        ] GC(85) Using 6 workers of 6 for evacuation
[12.317s][info][gc,phases      ] GC(85)   Pre Evacuate Collection Set: 0.3ms
[12.317s][info][gc,phases      ] GC(85)   Merge Heap Roots: 0.1ms
[12.317s][info][gc,phases      ] GC(85)   Evacuate Collection Set: 15.5ms
[12.317s][info][gc,phases      ] GC(85)   Post Evacuate Collection Set: 0.6ms
[12.317s][info][gc,phases      ] GC(85)   Other: 0.1ms
[12.317s][info][gc,heap        ] GC(85) Eden regions: 1228->0(1207)
[12.317s][info][gc,heap        ] GC(85) Survivor regions: 0->21(154)
[12.317s][info][gc,heap        ] GC(85) Old regions: 74->74
[12.317s][info][gc,heap        ] GC(85) Humongous regions: 7->7
[12.317s][info][gc,metaspace   ] GC(85) Metaspace: 11184K(11392K)->11184K(11392K) NonClass: 9791K(9920K)->9791K(9920K) Class: 1392K(1472K)->1392K(1472K)
[12.317s][info][gc             ] GC(85) Pause Young (Normal) (G1 Evacuation Pause) 1303M->96M(2048M) 16.809ms
[12.317s][info][gc,cpu         ] GC(85) User=0.02s Sys=0.00s Real=0.02s
[12.391s][info][gc,start       ] GC(86) Pause Full (System.gc())
[12.391s][info][gc,task        ] GC(86) Using 6 workers of 6 for full compaction
[12.391s][info][gc,phases,start] GC(86) Phase 1: Mark live objects
[12.412s][info][gc,phases      ] GC(86) Phase 1: Mark live objects 20.922ms
[12.412s][info][gc,phases,start] GC(86) Phase 2: Prepare compaction
[12.413s][info][gc,phases      ] GC(86) Phase 2: Prepare compaction 0.697ms
[12.413s][info][gc,phases,start] GC(86) Phase 3: Adjust pointers
[12.418s][info][gc,phases      ] GC(86) Phase 3: Adjust pointers 5.464ms
[12.418s][info][gc,phases,start] GC(86) Phase 4: Compact heap
[12.419s][info][gc,phases      ] GC(86) Phase 4: Compact heap 0.589ms
[12.419s][info][gc,phases,start] GC(86) Phase 5: Reset Metadata
[12.423s][info][gc,phases      ] GC(86) Phase 5: Reset Metadata 3.770ms
[12.427s][info][gc,heap        ] GC(86) Eden regions: 630->0(1228)
[12.427s][info][gc,heap        ] GC(86) Survivor regions: 21->0(154)
[12.427s][info][gc,heap        ] GC(86) Old regions: 74->74
[12.427s][info][gc,heap        ] GC(86) Humongous regions: 7->7
[12.427s][info][gc,metaspace   ] GC(86) Metaspace: 11185K(11392K)->11185K(11392K) NonClass: 9793K(9920K)->9793K(9920K) Class: 1392K(1472K)->1392K(1472K)
[12.427s][info][gc             ] GC(86) Pause Full (System.gc()) 726M->75M(2048M) 36.459ms
[12.427s][info][gc,cpu         ] GC(86) User=0.03s Sys=0.00s Real=0.04s
[12.565s][info][gc,start       ] GC(87) Pause Young (Normal) (G1 Evacuation Pause)
[12.566s][info][gc,task        ] GC(87) Using 6 workers of 6 for evacuation
[12.582s][info][gc,phases      ] GC(87)   Pre Evacuate Collection Set: 0.2ms
[12.582s][info][gc,phases      ] GC(87)   Merge Heap Roots: 0.1ms
[12.582s][info][gc,phases      ] GC(87)   Evacuate Collection Set: 15.1ms
[12.582s][info][gc,phases      ] GC(87)   Post Evacuate Collection Set: 0.8ms
[12.582s][info][gc,phases      ] GC(87)   Other: 0.1ms
[12.582s][info][gc,heap        ] GC(87) Eden regions: 1228->0(1207)
[12.582s][info][gc,heap        ] GC(87) Survivor regions: 0->21(154)
[12.582s][info][gc,heap        ] GC(87) Old regions: 74->74
[12.582s][info][gc,heap        ] GC(87) Humongous regions: 7->7
[12.582s][info][gc,metaspace   ] GC(87) Metaspace: 11185K(11392K)->11185K(11392K) NonClass: 9793K(9920K)->9793K(9920K) Class: 1392K(1472K)->1392K(1472K)
[12.582s][info][gc             ] GC(87) Pause Young (Normal) (G1 Evacuation Pause) 1303M->96M(2048M) 16.529ms
[12.582s][info][gc,cpu         ] GC(87) User=0.02s Sys=0.00s Real=0.02s
[12.660s][info][gc,start       ] GC(88) Pause Full (System.gc())
[12.660s][info][gc,task        ] GC(88) Using 6 workers of 6 for full compaction
[12.660s][info][gc,phases,start] GC(88) Phase 1: Mark live objects
[12.681s][info][gc,phases      ] GC(88) Phase 1: Mark live objects 20.829ms
[12.681s][info][gc,phases,start] GC(88) Phase 2: Prepare compaction
[12.682s][info][gc,phases      ] GC(88) Phase 2: Prepare compaction 0.596ms
[12.682s][info][gc,phases,start] GC(88) Phase 3: Adjust pointers
[12.686s][info][gc,phases      ] GC(88) Phase 3: Adjust pointers 4.739ms
[12.687s][info][gc,phases,start] GC(88) Phase 4: Compact heap
[12.687s][info][gc,phases      ] GC(88) Phase 4: Compact heap 0.494ms
[12.687s][info][gc,phases,start] GC(88) Phase 5: Reset Metadata
[12.691s][info][gc,phases      ] GC(88) Phase 5: Reset Metadata 4.267ms
[12.696s][info][gc,heap        ] GC(88) Eden regions: 630->0(1228)
[12.696s][info][gc,heap        ] GC(88) Survivor regions: 21->0(154)
[12.696s][info][gc,heap        ] GC(88) Old regions: 74->74
[12.696s][info][gc,heap        ] GC(88) Humongous regions: 7->7
[12.696s][info][gc,metaspace   ] GC(88) Metaspace: 11185K(11392K)->11185K(11392K) NonClass: 9793K(9920K)->9793K(9920K) Class: 1392K(1472K)->1392K(1472K)
[12.696s][info][gc             ] GC(88) Pause Full (System.gc()) 726M->75M(2048M) 36.311ms
[12.696s][info][gc,cpu         ] GC(88) User=0.03s Sys=0.00s Real=0.03s
[12.828s][info][gc,start       ] GC(89) Pause Young (Normal) (G1 Evacuation Pause)
[12.828s][info][gc,task        ] GC(89) Using 6 workers of 6 for evacuation
[12.844s][info][gc,phases      ] GC(89)   Pre Evacuate Collection Set: 0.3ms
[12.846s][info][gc,phases      ] GC(89)   Merge Heap Roots: 0.1ms
[12.846s][info][gc,phases      ] GC(89)   Evacuate Collection Set: 15.4ms
[12.846s][info][gc,phases      ] GC(89)   Post Evacuate Collection Set: 0.7ms
[12.846s][info][gc,phases      ] GC(89)   Other: 0.1ms
[12.846s][info][gc,heap        ] GC(89) Eden regions: 1228->0(1206)
[12.846s][info][gc,heap        ] GC(89) Survivor regions: 0->22(154)
[12.846s][info][gc,heap        ] GC(89) Old regions: 74->74
[12.846s][info][gc,heap        ] GC(89) Humongous regions: 7->7
[12.846s][info][gc,metaspace   ] GC(89) Metaspace: 11185K(11392K)->11185K(11392K) NonClass: 9793K(9920K)->9793K(9920K) Class: 1392K(1472K)->1392K(1472K)
[12.846s][info][gc             ] GC(89) Pause Young (Normal) (G1 Evacuation Pause) 1303M->97M(2048M) 18.486ms
[12.846s][info][gc,cpu         ] GC(89) User=0.00s Sys=0.00s Real=0.03s
[12.921s][info][gc,start       ] GC(90) Pause Full (System.gc())
[12.921s][info][gc,task        ] GC(90) Using 6 workers of 6 for full compaction
[12.921s][info][gc,phases,start] GC(90) Phase 1: Mark live objects
[12.942s][info][gc,phases      ] GC(90) Phase 1: Mark live objects 20.804ms
[12.942s][info][gc,phases,start] GC(90) Phase 2: Prepare compaction
[12.943s][info][gc,phases      ] GC(90) Phase 2: Prepare compaction 0.698ms
[12.943s][info][gc,phases,start] GC(90) Phase 3: Adjust pointers
[12.949s][info][gc,phases      ] GC(90) Phase 3: Adjust pointers 5.612ms
[12.949s][info][gc,phases,start] GC(90) Phase 4: Compact heap
[12.949s][info][gc,phases      ] GC(90) Phase 4: Compact heap 0.539ms
[12.949s][info][gc,phases,start] GC(90) Phase 5: Reset Metadata
[12.953s][info][gc,phases      ] GC(90) Phase 5: Reset Metadata 3.451ms
[12.957s][info][gc,heap        ] GC(90) Eden regions: 630->0(1228)
[12.957s][info][gc,heap        ] GC(90) Survivor regions: 22->0(154)
[12.957s][info][gc,heap        ] GC(90) Old regions: 74->74
[12.958s][info][gc,heap        ] GC(90) Humongous regions: 7->7
[12.958s][info][gc,metaspace   ] GC(90) Metaspace: 11185K(11392K)->11185K(11392K) NonClass: 9793K(9920K)->9793K(9920K) Class: 1392K(1472K)->1392K(1472K)
[12.958s][info][gc             ] GC(90) Pause Full (System.gc()) 727M->75M(2048M) 36.519ms
[12.958s][info][gc,cpu         ] GC(90) User=0.05s Sys=0.00s Real=0.05s
[13.089s][info][gc,start       ] GC(91) Pause Young (Normal) (G1 Evacuation Pause)
[13.090s][info][gc,task        ] GC(91) Using 6 workers of 6 for evacuation
[13.106s][info][gc,phases      ] GC(91)   Pre Evacuate Collection Set: 0.3ms
[13.106s][info][gc,phases      ] GC(91)   Merge Heap Roots: 0.1ms
[13.106s][info][gc,phases      ] GC(91)   Evacuate Collection Set: 15.1ms
[13.106s][info][gc,phases      ] GC(91)   Post Evacuate Collection Set: 0.7ms
[13.106s][info][gc,phases      ] GC(91)   Other: 0.1ms
[13.106s][info][gc,heap        ] GC(91) Eden regions: 1228->0(1207)
[13.106s][info][gc,heap        ] GC(91) Survivor regions: 0->21(154)
[13.106s][info][gc,heap        ] GC(91) Old regions: 74->74
[13.106s][info][gc,heap        ] GC(91) Humongous regions: 7->7
[13.106s][info][gc,metaspace   ] GC(91) Metaspace: 11185K(11392K)->11185K(11392K) NonClass: 9793K(9920K)->9793K(9920K) Class: 1392K(1472K)->1392K(1472K)
[13.106s][info][gc             ] GC(91) Pause Young (Normal) (G1 Evacuation Pause) 1303M->96M(2048M) 16.418ms
[13.106s][info][gc,cpu         ] GC(91) User=0.02s Sys=0.00s Real=0.02s
[13.182s][info][gc,start       ] GC(92) Pause Full (System.gc())
[13.182s][info][gc,task        ] GC(92) Using 6 workers of 6 for full compaction
[13.182s][info][gc,phases,start] GC(92) Phase 1: Mark live objects
[13.203s][info][gc,phases      ] GC(92) Phase 1: Mark live objects 20.810ms
[13.203s][info][gc,phases,start] GC(92) Phase 2: Prepare compaction
[13.204s][info][gc,phases      ] GC(92) Phase 2: Prepare compaction 0.724ms
[13.204s][info][gc,phases,start] GC(92) Phase 3: Adjust pointers
[13.210s][info][gc,phases      ] GC(92) Phase 3: Adjust pointers 5.688ms
[13.210s][info][gc,phases,start] GC(92) Phase 4: Compact heap
[13.210s][info][gc,phases      ] GC(92) Phase 4: Compact heap 0.535ms
[13.210s][info][gc,phases,start] GC(92) Phase 5: Reset Metadata
[13.214s][info][gc,phases      ] GC(92) Phase 5: Reset Metadata 3.583ms
[13.218s][info][gc,heap        ] GC(92) Eden regions: 630->0(1228)
[13.218s][info][gc,heap        ] GC(92) Survivor regions: 21->0(154)
[13.218s][info][gc,heap        ] GC(92) Old regions: 74->74
[13.218s][info][gc,heap        ] GC(92) Humongous regions: 7->7
[13.218s][info][gc,metaspace   ] GC(92) Metaspace: 11186K(11392K)->11186K(11392K) NonClass: 9794K(9920K)->9794K(9920K) Class: 1392K(1472K)->1392K(1472K)
[13.218s][info][gc             ] GC(92) Pause Full (System.gc()) 726M->75M(2048M) 36.511ms
[13.218s][info][gc,cpu         ] GC(92) User=0.02s Sys=0.00s Real=0.03s
[13.347s][info][gc,start       ] GC(93) Pause Young (Normal) (G1 Evacuation Pause)
[13.347s][info][gc,task        ] GC(93) Using 6 workers of 6 for evacuation
[13.364s][info][gc,phases      ] GC(93)   Pre Evacuate Collection Set: 0.3ms
[13.364s][info][gc,phases      ] GC(93)   Merge Heap Roots: 0.1ms
[13.364s][info][gc,phases      ] GC(93)   Evacuate Collection Set: 14.9ms
[13.364s][info][gc,phases      ] GC(93)   Post Evacuate Collection Set: 0.8ms
[13.364s][info][gc,phases      ] GC(93)   Other: 0.1ms
[13.364s][info][gc,heap        ] GC(93) Eden regions: 1228->0(1207)
[13.364s][info][gc,heap        ] GC(93) Survivor regions: 0->21(154)
[13.364s][info][gc,heap        ] GC(93) Old regions: 74->74
[13.364s][info][gc,heap        ] GC(93) Humongous regions: 7->7
[13.364s][info][gc,metaspace   ] GC(93) Metaspace: 11186K(11392K)->11186K(11392K) NonClass: 9794K(9920K)->9794K(9920K) Class: 1392K(1472K)->1392K(1472K)
[13.364s][info][gc             ] GC(93) Pause Young (Normal) (G1 Evacuation Pause) 1303M->96M(2048M) 16.509ms
[13.364s][info][gc,cpu         ] GC(93) User=0.00s Sys=0.02s Real=0.03s
[13.440s][info][gc,start       ] GC(94) Pause Full (System.gc())
[13.440s][info][gc,task        ] GC(94) Using 6 workers of 6 for full compaction
[13.440s][info][gc,phases,start] GC(94) Phase 1: Mark live objects
[13.461s][info][gc,phases      ] GC(94) Phase 1: Mark live objects 21.091ms
[13.461s][info][gc,phases,start] GC(94) Phase 2: Prepare compaction
[13.462s][info][gc,phases      ] GC(94) Phase 2: Prepare compaction 0.767ms
[13.462s][info][gc,phases,start] GC(94) Phase 3: Adjust pointers
[13.468s][info][gc,phases      ] GC(94) Phase 3: Adjust pointers 5.601ms
[13.468s][info][gc,phases,start] GC(94) Phase 4: Compact heap
[13.469s][info][gc,phases      ] GC(94) Phase 4: Compact heap 0.675ms
[13.469s][info][gc,phases,start] GC(94) Phase 5: Reset Metadata
[13.472s][info][gc,phases      ] GC(94) Phase 5: Reset Metadata 3.798ms
[13.477s][info][gc,heap        ] GC(94) Eden regions: 630->0(1228)
[13.478s][info][gc,heap        ] GC(94) Survivor regions: 21->0(154)
[13.478s][info][gc,heap        ] GC(94) Old regions: 74->74
[13.478s][info][gc,heap        ] GC(94) Humongous regions: 7->7
[13.478s][info][gc,metaspace   ] GC(94) Metaspace: 11186K(11392K)->11186K(11392K) NonClass: 9794K(9920K)->9794K(9920K) Class: 1392K(1472K)->1392K(1472K)
[13.478s][info][gc             ] GC(94) Pause Full (System.gc()) 726M->75M(2048M) 37.667ms
[13.478s][info][gc,cpu         ] GC(94) User=0.05s Sys=0.00s Real=0.04s
[13.613s][info][gc,start       ] GC(95) Pause Young (Normal) (G1 Evacuation Pause)
[13.613s][info][gc,task        ] GC(95) Using 6 workers of 6 for evacuation
[13.630s][info][gc,phases      ] GC(95)   Pre Evacuate Collection Set: 0.3ms
[13.630s][info][gc,phases      ] GC(95)   Merge Heap Roots: 0.2ms
[13.630s][info][gc,phases      ] GC(95)   Evacuate Collection Set: 15.2ms
[13.630s][info][gc,phases      ] GC(95)   Post Evacuate Collection Set: 0.7ms
[13.630s][info][gc,phases      ] GC(95)   Other: 0.1ms
[13.630s][info][gc,heap        ] GC(95) Eden regions: 1228->0(1207)
[13.630s][info][gc,heap        ] GC(95) Survivor regions: 0->21(154)
[13.630s][info][gc,heap        ] GC(95) Old regions: 74->74
[13.630s][info][gc,heap        ] GC(95) Humongous regions: 7->7
[13.630s][info][gc,metaspace   ] GC(95) Metaspace: 11186K(11392K)->11186K(11392K) NonClass: 9794K(9920K)->9794K(9920K) Class: 1392K(1472K)->1392K(1472K)
[13.630s][info][gc             ] GC(95) Pause Young (Normal) (G1 Evacuation Pause) 1303M->96M(2048M) 16.669ms
[13.630s][info][gc,cpu         ] GC(95) User=0.03s Sys=0.00s Real=0.01s
[13.713s][info][gc,start       ] GC(96) Pause Full (System.gc())
[13.713s][info][gc,task        ] GC(96) Using 6 workers of 6 for full compaction
[13.714s][info][gc,phases,start] GC(96) Phase 1: Mark live objects
[13.734s][info][gc,phases      ] GC(96) Phase 1: Mark live objects 20.791ms
[13.734s][info][gc,phases,start] GC(96) Phase 2: Prepare compaction
[13.735s][info][gc,phases      ] GC(96) Phase 2: Prepare compaction 0.699ms
[13.735s][info][gc,phases,start] GC(96) Phase 3: Adjust pointers
[13.741s][info][gc,phases      ] GC(96) Phase 3: Adjust pointers 6.100ms
[13.741s][info][gc,phases,start] GC(96) Phase 4: Compact heap
[13.742s][info][gc,phases      ] GC(96) Phase 4: Compact heap 0.534ms
[13.742s][info][gc,phases,start] GC(96) Phase 5: Reset Metadata
[13.745s][info][gc,phases      ] GC(96) Phase 5: Reset Metadata 3.396ms
[13.750s][info][gc,heap        ] GC(96) Eden regions: 629->0(1228)
[13.750s][info][gc,heap        ] GC(96) Survivor regions: 21->0(154)
[13.750s][info][gc,heap        ] GC(96) Old regions: 74->74
[13.750s][info][gc,heap        ] GC(96) Humongous regions: 7->7
[13.750s][info][gc,metaspace   ] GC(96) Metaspace: 11186K(11392K)->11186K(11392K) NonClass: 9794K(9920K)->9794K(9920K) Class: 1392K(1472K)->1392K(1472K)
[13.750s][info][gc             ] GC(96) Pause Full (System.gc()) 725M->75M(2048M) 36.563ms
[13.750s][info][gc,cpu         ] GC(96) User=0.03s Sys=0.00s Real=0.03s
[13.880s][info][gc,start       ] GC(97) Pause Young (Normal) (G1 Evacuation Pause)
[13.880s][info][gc,task        ] GC(97) Using 6 workers of 6 for evacuation
[13.896s][info][gc,phases      ] GC(97)   Pre Evacuate Collection Set: 0.3ms
[13.896s][info][gc,phases      ] GC(97)   Merge Heap Roots: 0.1ms
[13.896s][info][gc,phases      ] GC(97)   Evacuate Collection Set: 14.9ms
[13.896s][info][gc,phases      ] GC(97)   Post Evacuate Collection Set: 0.7ms
[13.896s][info][gc,phases      ] GC(97)   Other: 0.1ms
[13.896s][info][gc,heap        ] GC(97) Eden regions: 1228->0(1207)
[13.896s][info][gc,heap        ] GC(97) Survivor regions: 0->21(154)
[13.896s][info][gc,heap        ] GC(97) Old regions: 74->74
[13.896s][info][gc,heap        ] GC(97) Humongous regions: 7->7
[13.896s][info][gc,metaspace   ] GC(97) Metaspace: 11186K(11392K)->11186K(11392K) NonClass: 9794K(9920K)->9794K(9920K) Class: 1392K(1472K)->1392K(1472K)
[13.896s][info][gc             ] GC(97) Pause Young (Normal) (G1 Evacuation Pause) 1303M->96M(2048M) 16.296ms
[13.896s][info][gc,cpu         ] GC(97) User=0.02s Sys=0.00s Real=0.02s
[13.973s][info][gc,start       ] GC(98) Pause Full (System.gc())
[13.973s][info][gc,task        ] GC(98) Using 6 workers of 6 for full compaction
[13.973s][info][gc,phases,start] GC(98) Phase 1: Mark live objects
[13.993s][info][gc,phases      ] GC(98) Phase 1: Mark live objects 20.459ms
[13.994s][info][gc,phases,start] GC(98) Phase 2: Prepare compaction
[13.994s][info][gc,phases      ] GC(98) Phase 2: Prepare compaction 0.702ms
[13.994s][info][gc,phases,start] GC(98) Phase 3: Adjust pointers
[14.000s][info][gc,phases      ] GC(98) Phase 3: Adjust pointers 5.597ms
[14.000s][info][gc,phases,start] GC(98) Phase 4: Compact heap
[14.000s][info][gc,phases      ] GC(98) Phase 4: Compact heap 0.546ms
[14.000s][info][gc,phases,start] GC(98) Phase 5: Reset Metadata
[14.004s][info][gc,phases      ] GC(98) Phase 5: Reset Metadata 3.536ms
[14.009s][info][gc,heap        ] GC(98) Eden regions: 630->0(1228)
[14.009s][info][gc,heap        ] GC(98) Survivor regions: 21->0(154)
[14.009s][info][gc,heap        ] GC(98) Old regions: 74->74
[14.009s][info][gc,heap        ] GC(98) Humongous regions: 7->7
[14.009s][info][gc,metaspace   ] GC(98) Metaspace: 11186K(11392K)->11186K(11392K) NonClass: 9794K(9920K)->9794K(9920K) Class: 1392K(1472K)->1392K(1472K)
[14.009s][info][gc             ] GC(98) Pause Full (System.gc()) 726M->75M(2048M) 36.252ms
[14.009s][info][gc,cpu         ] GC(98) User=0.05s Sys=0.00s Real=0.05s
[14.139s][info][gc,start       ] GC(99) Pause Young (Normal) (G1 Evacuation Pause)
[14.139s][info][gc,task        ] GC(99) Using 6 workers of 6 for evacuation
[14.155s][info][gc,phases      ] GC(99)   Pre Evacuate Collection Set: 0.2ms
[14.155s][info][gc,phases      ] GC(99)   Merge Heap Roots: 0.1ms
[14.155s][info][gc,phases      ] GC(99)   Evacuate Collection Set: 15.0ms
[14.155s][info][gc,phases      ] GC(99)   Post Evacuate Collection Set: 0.7ms
[14.155s][info][gc,phases      ] GC(99)   Other: 0.1ms
[14.155s][info][gc,heap        ] GC(99) Eden regions: 1228->0(1207)
[14.155s][info][gc,heap        ] GC(99) Survivor regions: 0->21(154)
[14.155s][info][gc,heap        ] GC(99) Old regions: 74->74
[14.155s][info][gc,heap        ] GC(99) Humongous regions: 7->7
[14.155s][info][gc,metaspace   ] GC(99) Metaspace: 11186K(11392K)->11186K(11392K) NonClass: 9794K(9920K)->9794K(9920K) Class: 1392K(1472K)->1392K(1472K)
[14.155s][info][gc             ] GC(99) Pause Young (Normal) (G1 Evacuation Pause) 1303M->96M(2048M) 16.418ms
[14.155s][info][gc,cpu         ] GC(99) User=0.02s Sys=0.00s Real=0.02s
[14.233s][info][gc,start       ] GC(100) Pause Full (System.gc())
[14.233s][info][gc,task        ] GC(100) Using 6 workers of 6 for full compaction
[14.234s][info][gc,phases,start] GC(100) Phase 1: Mark live objects
[14.254s][info][gc,phases      ] GC(100) Phase 1: Mark live objects 20.618ms
[14.254s][info][gc,phases,start] GC(100) Phase 2: Prepare compaction
[14.255s][info][gc,phases      ] GC(100) Phase 2: Prepare compaction 0.706ms
[14.255s][info][gc,phases,start] GC(100) Phase 3: Adjust pointers
[14.261s][info][gc,phases      ] GC(100) Phase 3: Adjust pointers 5.724ms
[14.261s][info][gc,phases,start] GC(100) Phase 4: Compact heap
[14.262s][info][gc,phases      ] GC(100) Phase 4: Compact heap 0.500ms
[14.262s][info][gc,phases,start] GC(100) Phase 5: Reset Metadata
[14.265s][info][gc,phases      ] GC(100) Phase 5: Reset Metadata 3.484ms
[14.269s][info][gc,heap        ] GC(100) Eden regions: 630->0(1228)
[14.269s][info][gc,heap        ] GC(100) Survivor regions: 21->0(154)
[14.269s][info][gc,heap        ] GC(100) Old regions: 74->74
[14.269s][info][gc,heap        ] GC(100) Humongous regions: 7->7
[14.269s][info][gc,metaspace   ] GC(100) Metaspace: 11187K(11392K)->11187K(11392K) NonClass: 9795K(9920K)->9795K(9920K) Class: 1392K(1472K)->1392K(1472K)
[14.269s][info][gc             ] GC(100) Pause Full (System.gc()) 726M->75M(2048M) 36.025ms
[14.269s][info][gc,cpu         ] GC(100) User=0.02s Sys=0.00s Real=0.03s
[14.399s][info][gc,start       ] GC(101) Pause Young (Normal) (G1 Evacuation Pause)
[14.399s][info][gc,task        ] GC(101) Using 6 workers of 6 for evacuation
[14.415s][info][gc,phases      ] GC(101)   Pre Evacuate Collection Set: 0.2ms
[14.415s][info][gc,phases      ] GC(101)   Merge Heap Roots: 0.1ms
[14.415s][info][gc,phases      ] GC(101)   Evacuate Collection Set: 15.0ms
[14.415s][info][gc,phases      ] GC(101)   Post Evacuate Collection Set: 0.7ms
[14.415s][info][gc,phases      ] GC(101)   Other: 0.1ms
[14.415s][info][gc,heap        ] GC(101) Eden regions: 1228->0(1207)
[14.415s][info][gc,heap        ] GC(101) Survivor regions: 0->21(154)
[14.415s][info][gc,heap        ] GC(101) Old regions: 74->74
[14.415s][info][gc,heap        ] GC(101) Humongous regions: 7->7
[14.415s][info][gc,metaspace   ] GC(101) Metaspace: 11187K(11392K)->11187K(11392K) NonClass: 9795K(9920K)->9795K(9920K) Class: 1392K(1472K)->1392K(1472K)
[14.415s][info][gc             ] GC(101) Pause Young (Normal) (G1 Evacuation Pause) 1303M->96M(2048M) 16.488ms
[14.415s][info][gc,cpu         ] GC(101) User=0.02s Sys=0.00s Real=0.03s
[14.497s][info][gc,start       ] GC(102) Pause Full (System.gc())
[14.497s][info][gc,task        ] GC(102) Using 6 workers of 6 for full compaction
[14.497s][info][gc,phases,start] GC(102) Phase 1: Mark live objects
[14.518s][info][gc,phases      ] GC(102) Phase 1: Mark live objects 20.940ms
[14.518s][info][gc,phases,start] GC(102) Phase 2: Prepare compaction
[14.519s][info][gc,phases      ] GC(102) Phase 2: Prepare compaction 0.589ms
[14.519s][info][gc,phases,start] GC(102) Phase 3: Adjust pointers
[14.525s][info][gc,phases      ] GC(102) Phase 3: Adjust pointers 5.861ms
[14.525s][info][gc,phases,start] GC(102) Phase 4: Compact heap
[14.525s][info][gc,phases      ] GC(102) Phase 4: Compact heap 0.605ms
[14.525s][info][gc,phases,start] GC(102) Phase 5: Reset Metadata
[14.529s][info][gc,phases      ] GC(102) Phase 5: Reset Metadata 3.529ms
[14.533s][info][gc,heap        ] GC(102) Eden regions: 630->0(1228)
[14.533s][info][gc,heap        ] GC(102) Survivor regions: 21->0(154)
[14.533s][info][gc,heap        ] GC(102) Old regions: 74->74
[14.533s][info][gc,heap        ] GC(102) Humongous regions: 7->7
[14.533s][info][gc,metaspace   ] GC(102) Metaspace: 11188K(11392K)->11188K(11392K) NonClass: 9795K(9920K)->9795K(9920K) Class: 1392K(1472K)->1392K(1472K)
[14.533s][info][gc             ] GC(102) Pause Full (System.gc()) 726M->75M(2048M) 36.521ms
[14.533s][info][gc,cpu         ] GC(102) User=0.03s Sys=0.00s Real=0.04s
[14.665s][info][gc,start       ] GC(103) Pause Young (Normal) (G1 Evacuation Pause)
[14.665s][info][gc,task        ] GC(103) Using 6 workers of 6 for evacuation
[14.682s][info][gc,phases      ] GC(103)   Pre Evacuate Collection Set: 0.3ms
[14.682s][info][gc,phases      ] GC(103)   Merge Heap Roots: 0.1ms
[14.682s][info][gc,phases      ] GC(103)   Evacuate Collection Set: 15.7ms
[14.682s][info][gc,phases      ] GC(103)   Post Evacuate Collection Set: 0.7ms
[14.682s][info][gc,phases      ] GC(103)   Other: 0.1ms
[14.682s][info][gc,heap        ] GC(103) Eden regions: 1228->0(1206)
[14.683s][info][gc,heap        ] GC(103) Survivor regions: 0->22(154)
[14.683s][info][gc,heap        ] GC(103) Old regions: 74->74
[14.683s][info][gc,heap        ] GC(103) Humongous regions: 7->7
[14.683s][info][gc,metaspace   ] GC(103) Metaspace: 11188K(11392K)->11188K(11392K) NonClass: 9795K(9920K)->9795K(9920K) Class: 1392K(1472K)->1392K(1472K)
[14.683s][info][gc             ] GC(103) Pause Young (Normal) (G1 Evacuation Pause) 1303M->97M(2048M) 17.227ms
[14.683s][info][gc,cpu         ] GC(103) User=0.05s Sys=0.00s Real=0.03s
[14.760s][info][gc,start       ] GC(104) Pause Full (System.gc())
[14.760s][info][gc,task        ] GC(104) Using 6 workers of 6 for full compaction
[14.760s][info][gc,phases,start] GC(104) Phase 1: Mark live objects
[14.781s][info][gc,phases      ] GC(104) Phase 1: Mark live objects 20.920ms
[14.781s][info][gc,phases,start] GC(104) Phase 2: Prepare compaction
[14.782s][info][gc,phases      ] GC(104) Phase 2: Prepare compaction 0.709ms
[14.782s][info][gc,phases,start] GC(104) Phase 3: Adjust pointers
[14.787s][info][gc,phases      ] GC(104) Phase 3: Adjust pointers 5.620ms
[14.787s][info][gc,phases,start] GC(104) Phase 4: Compact heap
[14.788s][info][gc,phases      ] GC(104) Phase 4: Compact heap 0.544ms
[14.788s][info][gc,phases,start] GC(104) Phase 5: Reset Metadata
[14.792s][info][gc,phases      ] GC(104) Phase 5: Reset Metadata 3.597ms
[14.796s][info][gc,heap        ] GC(104) Eden regions: 630->0(1228)
[14.796s][info][gc,heap        ] GC(104) Survivor regions: 22->0(154)
[14.796s][info][gc,heap        ] GC(104) Old regions: 74->74
[14.796s][info][gc,heap        ] GC(104) Humongous regions: 7->7
[14.796s][info][gc,metaspace   ] GC(104) Metaspace: 11188K(11392K)->11188K(11392K) NonClass: 9796K(9920K)->9796K(9920K) Class: 1392K(1472K)->1392K(1472K)
[14.796s][info][gc             ] GC(104) Pause Full (System.gc()) 727M->75M(2048M) 36.548ms
[14.796s][info][gc,cpu         ] GC(104) User=0.05s Sys=0.00s Real=0.05s
[14.929s][info][gc,start       ] GC(105) Pause Young (Normal) (G1 Evacuation Pause)
[14.929s][info][gc,task        ] GC(105) Using 6 workers of 6 for evacuation
[14.945s][info][gc,phases      ] GC(105)   Pre Evacuate Collection Set: 0.3ms
[14.946s][info][gc,phases      ] GC(105)   Merge Heap Roots: 0.1ms
[14.946s][info][gc,phases      ] GC(105)   Evacuate Collection Set: 15.0ms
[14.946s][info][gc,phases      ] GC(105)   Post Evacuate Collection Set: 0.7ms
[14.946s][info][gc,phases      ] GC(105)   Other: 0.1ms
[14.946s][info][gc,heap        ] GC(105) Eden regions: 1228->0(1207)
[14.946s][info][gc,heap        ] GC(105) Survivor regions: 0->21(154)
[14.946s][info][gc,heap        ] GC(105) Old regions: 74->74
[14.946s][info][gc,heap        ] GC(105) Humongous regions: 7->7
[14.946s][info][gc,metaspace   ] GC(105) Metaspace: 11188K(11392K)->11188K(11392K) NonClass: 9796K(9920K)->9796K(9920K) Class: 1392K(1472K)->1392K(1472K)
[14.946s][info][gc             ] GC(105) Pause Young (Normal) (G1 Evacuation Pause) 1303M->96M(2048M) 16.423ms
[14.946s][info][gc,cpu         ] GC(105) User=0.02s Sys=0.00s Real=0.02s
[15.023s][info][gc,start       ] GC(106) Pause Full (System.gc())
[15.023s][info][gc,task        ] GC(106) Using 6 workers of 6 for full compaction
[15.024s][info][gc,phases,start] GC(106) Phase 1: Mark live objects
[15.045s][info][gc,phases      ] GC(106) Phase 1: Mark live objects 21.000ms
[15.045s][info][gc,phases,start] GC(106) Phase 2: Prepare compaction
[15.045s][info][gc,phases      ] GC(106) Phase 2: Prepare compaction 0.738ms
[15.046s][info][gc,phases,start] GC(106) Phase 3: Adjust pointers
[15.051s][info][gc,phases      ] GC(106) Phase 3: Adjust pointers 5.535ms
[15.051s][info][gc,phases,start] GC(106) Phase 4: Compact heap
[15.052s][info][gc,phases      ] GC(106) Phase 4: Compact heap 0.544ms
[15.052s][info][gc,phases,start] GC(106) Phase 5: Reset Metadata
[15.055s][info][gc,phases      ] GC(106) Phase 5: Reset Metadata 3.627ms
[15.060s][info][gc,heap        ] GC(106) Eden regions: 630->0(1228)
[15.060s][info][gc,heap        ] GC(106) Survivor regions: 21->0(154)
[15.060s][info][gc,heap        ] GC(106) Old regions: 74->74
[15.060s][info][gc,heap        ] GC(106) Humongous regions: 7->7
[15.060s][info][gc,metaspace   ] GC(106) Metaspace: 11188K(11392K)->11188K(11392K) NonClass: 9796K(9920K)->9796K(9920K) Class: 1392K(1472K)->1392K(1472K)
[15.060s][info][gc             ] GC(106) Pause Full (System.gc()) 726M->75M(2048M) 36.870ms
[15.060s][info][gc,cpu         ] GC(106) User=0.02s Sys=0.02s Real=0.05s
[15.191s][info][gc,start       ] GC(107) Pause Young (Normal) (G1 Evacuation Pause)
[15.191s][info][gc,task        ] GC(107) Using 6 workers of 6 for evacuation
[15.207s][info][gc,phases      ] GC(107)   Pre Evacuate Collection Set: 0.2ms
[15.207s][info][gc,phases      ] GC(107)   Merge Heap Roots: 0.1ms
[15.207s][info][gc,phases      ] GC(107)   Evacuate Collection Set: 15.3ms
[15.207s][info][gc,phases      ] GC(107)   Post Evacuate Collection Set: 0.7ms
[15.207s][info][gc,phases      ] GC(107)   Other: 0.1ms
[15.207s][info][gc,heap        ] GC(107) Eden regions: 1228->0(1207)
[15.207s][info][gc,heap        ] GC(107) Survivor regions: 0->21(154)
[15.207s][info][gc,heap        ] GC(107) Old regions: 74->74
[15.207s][info][gc,heap        ] GC(107) Humongous regions: 7->7
[15.207s][info][gc,metaspace   ] GC(107) Metaspace: 11188K(11392K)->11188K(11392K) NonClass: 9796K(9920K)->9796K(9920K) Class: 1392K(1472K)->1392K(1472K)
[15.207s][info][gc             ] GC(107) Pause Young (Normal) (G1 Evacuation Pause) 1303M->96M(2048M) 16.710ms
[15.207s][info][gc,cpu         ] GC(107) User=0.02s Sys=0.00s Real=0.02s
[15.284s][info][gc,start       ] GC(108) Pause Full (System.gc())
[15.284s][info][gc,task        ] GC(108) Using 6 workers of 6 for full compaction
[15.284s][info][gc,phases,start] GC(108) Phase 1: Mark live objects
[15.305s][info][gc,phases      ] GC(108) Phase 1: Mark live objects 20.900ms
[15.305s][info][gc,phases,start] GC(108) Phase 2: Prepare compaction
[15.306s][info][gc,phases      ] GC(108) Phase 2: Prepare compaction 0.717ms
[15.306s][info][gc,phases,start] GC(108) Phase 3: Adjust pointers
[15.312s][info][gc,phases      ] GC(108) Phase 3: Adjust pointers 5.638ms
[15.312s][info][gc,phases,start] GC(108) Phase 4: Compact heap
[15.312s][info][gc,phases      ] GC(108) Phase 4: Compact heap 0.544ms
[15.312s][info][gc,phases,start] GC(108) Phase 5: Reset Metadata
[15.316s][info][gc,phases      ] GC(108) Phase 5: Reset Metadata 3.430ms
[15.320s][info][gc,heap        ] GC(108) Eden regions: 629->0(1228)
[15.320s][info][gc,heap        ] GC(108) Survivor regions: 21->0(154)
[15.320s][info][gc,heap        ] GC(108) Old regions: 74->74
[15.320s][info][gc,heap        ] GC(108) Humongous regions: 7->7
[15.320s][info][gc,metaspace   ] GC(108) Metaspace: 11194K(11392K)->11194K(11392K) NonClass: 9801K(9920K)->9801K(9920K) Class: 1392K(1472K)->1392K(1472K)
[15.320s][info][gc             ] GC(108) Pause Full (System.gc()) 725M->75M(2048M) 36.459ms
[15.320s][info][gc,cpu         ] GC(108) User=0.03s Sys=0.00s Real=0.03s
[15.450s][info][gc,start       ] GC(109) Pause Young (Normal) (G1 Evacuation Pause)
[15.451s][info][gc,task        ] GC(109) Using 6 workers of 6 for evacuation
[15.467s][info][gc,phases      ] GC(109)   Pre Evacuate Collection Set: 0.2ms
[15.467s][info][gc,phases      ] GC(109)   Merge Heap Roots: 0.2ms
[15.467s][info][gc,phases      ] GC(109)   Evacuate Collection Set: 15.6ms
[15.467s][info][gc,phases      ] GC(109)   Post Evacuate Collection Set: 0.7ms
[15.467s][info][gc,phases      ] GC(109)   Other: 0.1ms
[15.467s][info][gc,heap        ] GC(109) Eden regions: 1228->0(1207)
[15.467s][info][gc,heap        ] GC(109) Survivor regions: 0->21(154)
[15.467s][info][gc,heap        ] GC(109) Old regions: 74->74
[15.468s][info][gc,heap        ] GC(109) Humongous regions: 7->7
[15.468s][info][gc,metaspace   ] GC(109) Metaspace: 11194K(11392K)->11194K(11392K) NonClass: 9801K(9920K)->9801K(9920K) Class: 1392K(1472K)->1392K(1472K)
[15.468s][info][gc             ] GC(109) Pause Young (Normal) (G1 Evacuation Pause) 1303M->96M(2048M) 17.065ms
[15.468s][info][gc,cpu         ] GC(109) User=0.09s Sys=0.00s Real=0.02s
[15.544s][info][gc,start       ] GC(110) Pause Full (System.gc())
[15.544s][info][gc,task        ] GC(110) Using 6 workers of 6 for full compaction
[15.544s][info][gc,phases,start] GC(110) Phase 1: Mark live objects
[15.565s][info][gc,phases      ] GC(110) Phase 1: Mark live objects 20.962ms
[15.567s][info][gc,phases,start] GC(110) Phase 2: Prepare compaction
[15.568s][info][gc,phases      ] GC(110) Phase 2: Prepare compaction 0.638ms
[15.568s][info][gc,phases,start] GC(110) Phase 3: Adjust pointers
[15.574s][info][gc,phases      ] GC(110) Phase 3: Adjust pointers 5.975ms
[15.574s][info][gc,phases,start] GC(110) Phase 4: Compact heap
[15.574s][info][gc,phases      ] GC(110) Phase 4: Compact heap 0.550ms
[15.574s][info][gc,phases,start] GC(110) Phase 5: Reset Metadata
[15.578s][info][gc,phases      ] GC(110) Phase 5: Reset Metadata 3.502ms
[15.582s][info][gc,heap        ] GC(110) Eden regions: 630->0(1228)
[15.582s][info][gc,heap        ] GC(110) Survivor regions: 21->0(154)
[15.582s][info][gc,heap        ] GC(110) Old regions: 74->74
[15.582s][info][gc,heap        ] GC(110) Humongous regions: 7->7
[15.582s][info][gc,metaspace   ] GC(110) Metaspace: 11194K(11392K)->11194K(11392K) NonClass: 9802K(9920K)->9802K(9920K) Class: 1392K(1472K)->1392K(1472K)
[15.582s][info][gc             ] GC(110) Pause Full (System.gc()) 726M->75M(2048M) 38.229ms
[15.582s][info][gc,cpu         ] GC(110) User=0.03s Sys=0.00s Real=0.04s
[15.715s][info][gc,start       ] GC(111) Pause Young (Normal) (G1 Evacuation Pause)
[15.715s][info][gc,task        ] GC(111) Using 6 workers of 6 for evacuation
[15.732s][info][gc,phases      ] GC(111)   Pre Evacuate Collection Set: 0.3ms
[15.732s][info][gc,phases      ] GC(111)   Merge Heap Roots: 0.1ms
[15.732s][info][gc,phases      ] GC(111)   Evacuate Collection Set: 15.3ms
[15.732s][info][gc,phases      ] GC(111)   Post Evacuate Collection Set: 0.7ms
[15.732s][info][gc,phases      ] GC(111)   Other: 0.1ms
[15.732s][info][gc,heap        ] GC(111) Eden regions: 1228->0(1207)
[15.732s][info][gc,heap        ] GC(111) Survivor regions: 0->21(154)
[15.732s][info][gc,heap        ] GC(111) Old regions: 74->74
[15.732s][info][gc,heap        ] GC(111) Humongous regions: 7->7
[15.732s][info][gc,metaspace   ] GC(111) Metaspace: 11194K(11392K)->11194K(11392K) NonClass: 9802K(9920K)->9802K(9920K) Class: 1392K(1472K)->1392K(1472K)
[15.732s][info][gc             ] GC(111) Pause Young (Normal) (G1 Evacuation Pause) 1303M->96M(2048M) 16.717ms
[15.732s][info][gc,cpu         ] GC(111) User=0.03s Sys=0.00s Real=0.02s
[15.809s][info][gc,start       ] GC(112) Pause Full (System.gc())
[15.809s][info][gc,task        ] GC(112) Using 6 workers of 6 for full compaction
[15.810s][info][gc,phases,start] GC(112) Phase 1: Mark live objects
[15.831s][info][gc,phases      ] GC(112) Phase 1: Mark live objects 20.924ms
[15.831s][info][gc,phases,start] GC(112) Phase 2: Prepare compaction
[15.831s][info][gc,phases      ] GC(112) Phase 2: Prepare compaction 0.698ms
[15.831s][info][gc,phases,start] GC(112) Phase 3: Adjust pointers
[15.837s][info][gc,phases      ] GC(112) Phase 3: Adjust pointers 5.589ms
[15.837s][info][gc,phases,start] GC(112) Phase 4: Compact heap
[15.837s][info][gc,phases      ] GC(112) Phase 4: Compact heap 0.498ms
[15.838s][info][gc,phases,start] GC(112) Phase 5: Reset Metadata
[15.841s][info][gc,phases      ] GC(112) Phase 5: Reset Metadata 3.738ms
[15.846s][info][gc,heap        ] GC(112) Eden regions: 630->0(1228)
[15.846s][info][gc,heap        ] GC(112) Survivor regions: 21->0(154)
[15.846s][info][gc,heap        ] GC(112) Old regions: 74->74
[15.846s][info][gc,heap        ] GC(112) Humongous regions: 7->7
[15.846s][info][gc,metaspace   ] GC(112) Metaspace: 11203K(11392K)->11203K(11392K) NonClass: 9811K(9920K)->9811K(9920K) Class: 1392K(1472K)->1392K(1472K)
[15.846s][info][gc             ] GC(112) Pause Full (System.gc()) 726M->75M(2048M) 36.751ms
[15.846s][info][gc,cpu         ] GC(112) User=0.03s Sys=0.00s Real=0.05s
[15.978s][info][gc,start       ] GC(113) Pause Young (Normal) (G1 Evacuation Pause)
[15.978s][info][gc,task        ] GC(113) Using 6 workers of 6 for evacuation
[15.994s][info][gc,phases      ] GC(113)   Pre Evacuate Collection Set: 0.3ms
[15.994s][info][gc,phases      ] GC(113)   Merge Heap Roots: 0.1ms
[15.994s][info][gc,phases      ] GC(113)   Evacuate Collection Set: 15.0ms
[15.994s][info][gc,phases      ] GC(113)   Post Evacuate Collection Set: 0.8ms
[15.994s][info][gc,phases      ] GC(113)   Other: 0.1ms
[15.994s][info][gc,heap        ] GC(113) Eden regions: 1228->0(1207)
[15.994s][info][gc,heap        ] GC(113) Survivor regions: 0->21(154)
[15.994s][info][gc,heap        ] GC(113) Old regions: 74->74
[15.994s][info][gc,heap        ] GC(113) Humongous regions: 7->7
[15.994s][info][gc,metaspace   ] GC(113) Metaspace: 11204K(11392K)->11204K(11392K) NonClass: 9812K(9920K)->9812K(9920K) Class: 1392K(1472K)->1392K(1472K)
[15.994s][info][gc             ] GC(113) Pause Young (Normal) (G1 Evacuation Pause) 1303M->96M(2048M) 16.470ms
[15.994s][info][gc,cpu         ] GC(113) User=0.02s Sys=0.00s Real=0.02s
[16.073s][info][gc,start       ] GC(114) Pause Full (System.gc())
[16.073s][info][gc,task        ] GC(114) Using 6 workers of 6 for full compaction
[16.073s][info][gc,phases,start] GC(114) Phase 1: Mark live objects
[16.094s][info][gc,phases      ] GC(114) Phase 1: Mark live objects 20.651ms
[16.094s][info][gc,phases,start] GC(114) Phase 2: Prepare compaction
[16.095s][info][gc,phases      ] GC(114) Phase 2: Prepare compaction 0.701ms
[16.095s][info][gc,phases,start] GC(114) Phase 3: Adjust pointers
[16.100s][info][gc,phases      ] GC(114) Phase 3: Adjust pointers 5.149ms
[16.100s][info][gc,phases,start] GC(114) Phase 4: Compact heap
[16.100s][info][gc,phases      ] GC(114) Phase 4: Compact heap 0.482ms
[16.101s][info][gc,phases,start] GC(114) Phase 5: Reset Metadata
[16.104s][info][gc,phases      ] GC(114) Phase 5: Reset Metadata 3.746ms
[16.109s][info][gc,heap        ] GC(114) Eden regions: 630->0(1228)
[16.109s][info][gc,heap        ] GC(114) Survivor regions: 21->0(154)
[16.109s][info][gc,heap        ] GC(114) Old regions: 74->74
[16.109s][info][gc,heap        ] GC(114) Humongous regions: 7->7
[16.109s][info][gc,metaspace   ] GC(114) Metaspace: 11204K(11392K)->11204K(11392K) NonClass: 9812K(9920K)->9812K(9920K) Class: 1392K(1472K)->1392K(1472K)
[16.109s][info][gc             ] GC(114) Pause Full (System.gc()) 726M->75M(2048M) 36.142ms
[16.109s][info][gc,cpu         ] GC(114) User=0.03s Sys=0.00s Real=0.03s
[16.239s][info][gc,start       ] GC(115) Pause Young (Normal) (G1 Evacuation Pause)
[16.239s][info][gc,task        ] GC(115) Using 6 workers of 6 for evacuation
[16.256s][info][gc,phases      ] GC(115)   Pre Evacuate Collection Set: 0.2ms
[16.256s][info][gc,phases      ] GC(115)   Merge Heap Roots: 0.1ms
[16.256s][info][gc,phases      ] GC(115)   Evacuate Collection Set: 15.5ms
[16.256s][info][gc,phases      ] GC(115)   Post Evacuate Collection Set: 0.7ms
[16.256s][info][gc,phases      ] GC(115)   Other: 0.1ms
[16.256s][info][gc,heap        ] GC(115) Eden regions: 1228->0(1206)
[16.256s][info][gc,heap        ] GC(115) Survivor regions: 0->22(154)
[16.256s][info][gc,heap        ] GC(115) Old regions: 74->74
[16.256s][info][gc,heap        ] GC(115) Humongous regions: 7->7
[16.256s][info][gc,metaspace   ] GC(115) Metaspace: 11204K(11392K)->11204K(11392K) NonClass: 9812K(9920K)->9812K(9920K) Class: 1392K(1472K)->1392K(1472K)
[16.256s][info][gc             ] GC(115) Pause Young (Normal) (G1 Evacuation Pause) 1303M->97M(2048M) 16.836ms
[16.256s][info][gc,cpu         ] GC(115) User=0.02s Sys=0.00s Real=0.02s
[16.332s][info][gc,start       ] GC(116) Pause Full (System.gc())
[16.332s][info][gc,task        ] GC(116) Using 6 workers of 6 for full compaction
[16.333s][info][gc,phases,start] GC(116) Phase 1: Mark live objects
[16.354s][info][gc,phases      ] GC(116) Phase 1: Mark live objects 20.799ms
[16.354s][info][gc,phases,start] GC(116) Phase 2: Prepare compaction
[16.354s][info][gc,phases      ] GC(116) Phase 2: Prepare compaction 0.706ms
[16.354s][info][gc,phases,start] GC(116) Phase 3: Adjust pointers
[16.360s][info][gc,phases      ] GC(116) Phase 3: Adjust pointers 5.572ms
[16.360s][info][gc,phases,start] GC(116) Phase 4: Compact heap
[16.361s][info][gc,phases      ] GC(116) Phase 4: Compact heap 0.577ms
[16.361s][info][gc,phases,start] GC(116) Phase 5: Reset Metadata
[16.364s][info][gc,phases      ] GC(116) Phase 5: Reset Metadata 3.534ms
[16.369s][info][gc,heap        ] GC(116) Eden regions: 629->0(1228)
[16.369s][info][gc,heap        ] GC(116) Survivor regions: 22->0(154)
[16.369s][info][gc,heap        ] GC(116) Old regions: 74->74
[16.369s][info][gc,heap        ] GC(116) Humongous regions: 7->7
[16.369s][info][gc,metaspace   ] GC(116) Metaspace: 11204K(11392K)->11204K(11392K) NonClass: 9812K(9920K)->9812K(9920K) Class: 1392K(1472K)->1392K(1472K)
[16.369s][info][gc             ] GC(116) Pause Full (System.gc()) 726M->75M(2048M) 36.525ms
[16.369s][info][gc,cpu         ] GC(116) User=0.03s Sys=0.00s Real=0.03s
[16.507s][info][gc,start       ] GC(117) Pause Young (Normal) (G1 Evacuation Pause)
[16.507s][info][gc,task        ] GC(117) Using 6 workers of 6 for evacuation
[16.523s][info][gc,phases      ] GC(117)   Pre Evacuate Collection Set: 0.2ms
[16.523s][info][gc,phases      ] GC(117)   Merge Heap Roots: 0.1ms
[16.523s][info][gc,phases      ] GC(117)   Evacuate Collection Set: 15.3ms
[16.523s][info][gc,phases      ] GC(117)   Post Evacuate Collection Set: 0.8ms
[16.523s][info][gc,phases      ] GC(117)   Other: 0.1ms
[16.523s][info][gc,heap        ] GC(117) Eden regions: 1228->0(1207)
[16.523s][info][gc,heap        ] GC(117) Survivor regions: 0->21(154)
[16.523s][info][gc,heap        ] GC(117) Old regions: 74->74
[16.524s][info][gc,heap        ] GC(117) Humongous regions: 7->7
[16.524s][info][gc,metaspace   ] GC(117) Metaspace: 11204K(11392K)->11204K(11392K) NonClass: 9812K(9920K)->9812K(9920K) Class: 1392K(1472K)->1392K(1472K)
[16.524s][info][gc             ] GC(117) Pause Young (Normal) (G1 Evacuation Pause) 1303M->96M(2048M) 16.786ms
[16.524s][info][gc,cpu         ] GC(117) User=0.06s Sys=0.00s Real=0.02s
[16.601s][info][gc,start       ] GC(118) Pause Full (System.gc())
[16.601s][info][gc,task        ] GC(118) Using 6 workers of 6 for full compaction
[16.601s][info][gc,phases,start] GC(118) Phase 1: Mark live objects
[16.622s][info][gc,phases      ] GC(118) Phase 1: Mark live objects 20.763ms
[16.622s][info][gc,phases,start] GC(118) Phase 2: Prepare compaction
[16.623s][info][gc,phases      ] GC(118) Phase 2: Prepare compaction 0.710ms
[16.623s][info][gc,phases,start] GC(118) Phase 3: Adjust pointers
[16.629s][info][gc,phases      ] GC(118) Phase 3: Adjust pointers 5.544ms
[16.629s][info][gc,phases,start] GC(118) Phase 4: Compact heap
[16.629s][info][gc,phases      ] GC(118) Phase 4: Compact heap 0.558ms
[16.629s][info][gc,phases,start] GC(118) Phase 5: Reset Metadata
[16.633s][info][gc,phases      ] GC(118) Phase 5: Reset Metadata 3.606ms
[16.638s][info][gc,heap        ] GC(118) Eden regions: 629->0(1228)
[16.638s][info][gc,heap        ] GC(118) Survivor regions: 21->0(154)
[16.638s][info][gc,heap        ] GC(118) Old regions: 74->74
[16.638s][info][gc,heap        ] GC(118) Humongous regions: 7->7
[16.638s][info][gc,metaspace   ] GC(118) Metaspace: 11204K(11392K)->11204K(11392K) NonClass: 9812K(9920K)->9812K(9920K) Class: 1392K(1472K)->1392K(1472K)
[16.638s][info][gc             ] GC(118) Pause Full (System.gc()) 725M->75M(2048M) 36.875ms
[16.638s][info][gc,cpu         ] GC(118) User=0.03s Sys=0.00s Real=0.04s
[16.769s][info][gc,start       ] GC(119) Pause Young (Normal) (G1 Evacuation Pause)
[16.770s][info][gc,task        ] GC(119) Using 6 workers of 6 for evacuation
[16.786s][info][gc,phases      ] GC(119)   Pre Evacuate Collection Set: 0.2ms
[16.786s][info][gc,phases      ] GC(119)   Merge Heap Roots: 0.1ms
[16.786s][info][gc,phases      ] GC(119)   Evacuate Collection Set: 15.1ms
[16.786s][info][gc,phases      ] GC(119)   Post Evacuate Collection Set: 0.8ms
[16.786s][info][gc,phases      ] GC(119)   Other: 0.1ms
[16.786s][info][gc,heap        ] GC(119) Eden regions: 1228->0(1207)
[16.786s][info][gc,heap        ] GC(119) Survivor regions: 0->21(154)
[16.786s][info][gc,heap        ] GC(119) Old regions: 74->74
[16.786s][info][gc,heap        ] GC(119) Humongous regions: 7->7
[16.786s][info][gc,metaspace   ] GC(119) Metaspace: 11204K(11392K)->11204K(11392K) NonClass: 9812K(9920K)->9812K(9920K) Class: 1392K(1472K)->1392K(1472K)
[16.786s][info][gc             ] GC(119) Pause Young (Normal) (G1 Evacuation Pause) 1303M->96M(2048M) 16.548ms
[16.786s][info][gc,cpu         ] GC(119) User=0.03s Sys=0.00s Real=0.02s
[16.865s][info][gc,start       ] GC(120) Pause Full (System.gc())
[16.865s][info][gc,task        ] GC(120) Using 6 workers of 6 for full compaction
[16.865s][info][gc,phases,start] GC(120) Phase 1: Mark live objects
[16.886s][info][gc,phases      ] GC(120) Phase 1: Mark live objects 20.999ms
[16.886s][info][gc,phases,start] GC(120) Phase 2: Prepare compaction
[16.887s][info][gc,phases      ] GC(120) Phase 2: Prepare compaction 0.715ms
[16.887s][info][gc,phases,start] GC(120) Phase 3: Adjust pointers
[16.892s][info][gc,phases      ] GC(120) Phase 3: Adjust pointers 5.608ms
[16.892s][info][gc,phases,start] GC(120) Phase 4: Compact heap
[16.893s][info][gc,phases      ] GC(120) Phase 4: Compact heap 0.491ms
[16.893s][info][gc,phases,start] GC(120) Phase 5: Reset Metadata
[16.896s][info][gc,phases      ] GC(120) Phase 5: Reset Metadata 3.467ms
[16.901s][info][gc,heap        ] GC(120) Eden regions: 630->0(1228)
[16.901s][info][gc,heap        ] GC(120) Survivor regions: 21->0(154)
[16.901s][info][gc,heap        ] GC(120) Old regions: 74->74
[16.901s][info][gc,heap        ] GC(120) Humongous regions: 7->7
[16.901s][info][gc,metaspace   ] GC(120) Metaspace: 11204K(11392K)->11204K(11392K) NonClass: 9812K(9920K)->9812K(9920K) Class: 1392K(1472K)->1392K(1472K)
[16.901s][info][gc             ] GC(120) Pause Full (System.gc()) 726M->75M(2048M) 36.535ms
[16.901s][info][gc,cpu         ] GC(120) User=0.05s Sys=0.00s Real=0.05s
[17.036s][info][gc,start       ] GC(121) Pause Young (Normal) (G1 Evacuation Pause)
[17.036s][info][gc,task        ] GC(121) Using 6 workers of 6 for evacuation
[17.052s][info][gc,phases      ] GC(121)   Pre Evacuate Collection Set: 0.2ms
[17.052s][info][gc,phases      ] GC(121)   Merge Heap Roots: 0.1ms
[17.052s][info][gc,phases      ] GC(121)   Evacuate Collection Set: 15.2ms
[17.052s][info][gc,phases      ] GC(121)   Post Evacuate Collection Set: 0.7ms
[17.052s][info][gc,phases      ] GC(121)   Other: 0.1ms
[17.052s][info][gc,heap        ] GC(121) Eden regions: 1228->0(1207)
[17.052s][info][gc,heap        ] GC(121) Survivor regions: 0->21(154)
[17.052s][info][gc,heap        ] GC(121) Old regions: 74->74
[17.052s][info][gc,heap        ] GC(121) Humongous regions: 7->7
[17.052s][info][gc,metaspace   ] GC(121) Metaspace: 11204K(11392K)->11204K(11392K) NonClass: 9812K(9920K)->9812K(9920K) Class: 1392K(1472K)->1392K(1472K)
[17.052s][info][gc             ] GC(121) Pause Young (Normal) (G1 Evacuation Pause) 1303M->96M(2048M) 16.522ms
[17.052s][info][gc,cpu         ] GC(121) User=0.02s Sys=0.00s Real=0.01s
[17.132s][info][gc,start       ] GC(122) Pause Full (System.gc())
[17.132s][info][gc,task        ] GC(122) Using 6 workers of 6 for full compaction
[17.133s][info][gc,phases,start] GC(122) Phase 1: Mark live objects
[17.154s][info][gc,phases      ] GC(122) Phase 1: Mark live objects 21.084ms
[17.154s][info][gc,phases,start] GC(122) Phase 2: Prepare compaction
[17.155s][info][gc,phases      ] GC(122) Phase 2: Prepare compaction 0.709ms
[17.155s][info][gc,phases,start] GC(122) Phase 3: Adjust pointers
[17.160s][info][gc,phases      ] GC(122) Phase 3: Adjust pointers 5.457ms
[17.160s][info][gc,phases,start] GC(122) Phase 4: Compact heap
[17.161s][info][gc,phases      ] GC(122) Phase 4: Compact heap 0.554ms
[17.161s][info][gc,phases,start] GC(122) Phase 5: Reset Metadata
[17.164s][info][gc,phases      ] GC(122) Phase 5: Reset Metadata 3.508ms
[17.169s][info][gc,heap        ] GC(122) Eden regions: 630->0(1228)
[17.169s][info][gc,heap        ] GC(122) Survivor regions: 21->0(154)
[17.169s][info][gc,heap        ] GC(122) Old regions: 74->74
[17.169s][info][gc,heap        ] GC(122) Humongous regions: 7->7
[17.169s][info][gc,metaspace   ] GC(122) Metaspace: 11204K(11392K)->11204K(11392K) NonClass: 9812K(9920K)->9812K(9920K) Class: 1392K(1472K)->1392K(1472K)
[17.169s][info][gc             ] GC(122) Pause Full (System.gc()) 726M->75M(2048M) 36.627ms
[17.169s][info][gc,cpu         ] GC(122) User=0.03s Sys=0.00s Real=0.03s
[17.299s][info][gc,start       ] GC(123) Pause Young (Normal) (G1 Evacuation Pause)
[17.299s][info][gc,task        ] GC(123) Using 6 workers of 6 for evacuation
[17.316s][info][gc,phases      ] GC(123)   Pre Evacuate Collection Set: 0.3ms
[17.316s][info][gc,phases      ] GC(123)   Merge Heap Roots: 0.1ms
[17.316s][info][gc,phases      ] GC(123)   Evacuate Collection Set: 15.0ms
[17.316s][info][gc,phases      ] GC(123)   Post Evacuate Collection Set: 0.7ms
[17.316s][info][gc,phases      ] GC(123)   Other: 0.1ms
[17.316s][info][gc,heap        ] GC(123) Eden regions: 1228->0(1207)
[17.316s][info][gc,heap        ] GC(123) Survivor regions: 0->21(154)
[17.316s][info][gc,heap        ] GC(123) Old regions: 74->74
[17.316s][info][gc,heap        ] GC(123) Humongous regions: 7->7
[17.316s][info][gc,metaspace   ] GC(123) Metaspace: 11204K(11392K)->11204K(11392K) NonClass: 9812K(9920K)->9812K(9920K) Class: 1392K(1472K)->1392K(1472K)
[17.316s][info][gc             ] GC(123) Pause Young (Normal) (G1 Evacuation Pause) 1303M->96M(2048M) 16.340ms
[17.316s][info][gc,cpu         ] GC(123) User=0.02s Sys=0.00s Real=0.02s
[17.392s][info][gc,start       ] GC(124) Pause Full (System.gc())
[17.392s][info][gc,task        ] GC(124) Using 6 workers of 6 for full compaction
[17.393s][info][gc,phases,start] GC(124) Phase 1: Mark live objects
[17.413s][info][gc,phases      ] GC(124) Phase 1: Mark live objects 20.858ms
[17.413s][info][gc,phases,start] GC(124) Phase 2: Prepare compaction
[17.414s][info][gc,phases      ] GC(124) Phase 2: Prepare compaction 0.709ms
[17.414s][info][gc,phases,start] GC(124) Phase 3: Adjust pointers
[17.420s][info][gc,phases      ] GC(124) Phase 3: Adjust pointers 5.665ms
[17.420s][info][gc,phases,start] GC(124) Phase 4: Compact heap
[17.421s][info][gc,phases      ] GC(124) Phase 4: Compact heap 0.555ms
[17.421s][info][gc,phases,start] GC(124) Phase 5: Reset Metadata
[17.424s][info][gc,phases      ] GC(124) Phase 5: Reset Metadata 3.627ms
[17.429s][info][gc,heap        ] GC(124) Eden regions: 630->0(1228)
[17.429s][info][gc,heap        ] GC(124) Survivor regions: 21->0(154)
[17.429s][info][gc,heap        ] GC(124) Old regions: 74->74
[17.429s][info][gc,heap        ] GC(124) Humongous regions: 7->7
[17.429s][info][gc,metaspace   ] GC(124) Metaspace: 11204K(11392K)->11204K(11392K) NonClass: 9812K(9920K)->9812K(9920K) Class: 1392K(1472K)->1392K(1472K)
[17.429s][info][gc             ] GC(124) Pause Full (System.gc()) 726M->75M(2048M) 36.797ms
[17.429s][info][gc,cpu         ] GC(124) User=0.03s Sys=0.00s Real=0.03s
[17.565s][info][gc,start       ] GC(125) Pause Young (Normal) (G1 Evacuation Pause)
[17.565s][info][gc,task        ] GC(125) Using 6 workers of 6 for evacuation
[17.581s][info][gc,phases      ] GC(125)   Pre Evacuate Collection Set: 0.2ms
[17.581s][info][gc,phases      ] GC(125)   Merge Heap Roots: 0.2ms
[17.581s][info][gc,phases      ] GC(125)   Evacuate Collection Set: 15.2ms
[17.581s][info][gc,phases      ] GC(125)   Post Evacuate Collection Set: 0.7ms
[17.581s][info][gc,phases      ] GC(125)   Other: 0.1ms
[17.581s][info][gc,heap        ] GC(125) Eden regions: 1228->0(1207)
[17.581s][info][gc,heap        ] GC(125) Survivor regions: 0->21(154)
[17.581s][info][gc,heap        ] GC(125) Old regions: 74->74
[17.581s][info][gc,heap        ] GC(125) Humongous regions: 7->7
[17.581s][info][gc,metaspace   ] GC(125) Metaspace: 11204K(11392K)->11204K(11392K) NonClass: 9812K(9920K)->9812K(9920K) Class: 1392K(1472K)->1392K(1472K)
[17.581s][info][gc             ] GC(125) Pause Young (Normal) (G1 Evacuation Pause) 1303M->96M(2048M) 16.611ms
[17.582s][info][gc,cpu         ] GC(125) User=0.03s Sys=0.00s Real=0.02s
[17.663s][info][gc,start       ] GC(126) Pause Full (System.gc())
[17.663s][info][gc,task        ] GC(126) Using 6 workers of 6 for full compaction
[17.664s][info][gc,phases,start] GC(126) Phase 1: Mark live objects
[17.684s][info][gc,phases      ] GC(126) Phase 1: Mark live objects 20.462ms
[17.684s][info][gc,phases,start] GC(126) Phase 2: Prepare compaction
[17.685s][info][gc,phases      ] GC(126) Phase 2: Prepare compaction 0.704ms
[17.685s][info][gc,phases,start] GC(126) Phase 3: Adjust pointers
[17.691s][info][gc,phases      ] GC(126) Phase 3: Adjust pointers 5.630ms
[17.691s][info][gc,phases,start] GC(126) Phase 4: Compact heap
[17.691s][info][gc,phases      ] GC(126) Phase 4: Compact heap 0.507ms
[17.691s][info][gc,phases,start] GC(126) Phase 5: Reset Metadata
[17.695s][info][gc,phases      ] GC(126) Phase 5: Reset Metadata 3.455ms
[17.699s][info][gc,heap        ] GC(126) Eden regions: 630->0(1228)
[17.699s][info][gc,heap        ] GC(126) Survivor regions: 21->0(154)
[17.699s][info][gc,heap        ] GC(126) Old regions: 74->74
[17.699s][info][gc,heap        ] GC(126) Humongous regions: 7->7
[17.699s][info][gc,metaspace   ] GC(126) Metaspace: 11208K(11392K)->11208K(11392K) NonClass: 9815K(9920K)->9815K(9920K) Class: 1392K(1472K)->1392K(1472K)
[17.699s][info][gc             ] GC(126) Pause Full (System.gc()) 726M->75M(2048M) 35.927ms
[17.699s][info][gc,cpu         ] GC(126) User=0.03s Sys=0.00s Real=0.05s
[17.829s][info][gc,start       ] GC(127) Pause Young (Normal) (G1 Evacuation Pause)
[17.829s][info][gc,task        ] GC(127) Using 6 workers of 6 for evacuation
[17.846s][info][gc,phases      ] GC(127)   Pre Evacuate Collection Set: 0.2ms
[17.846s][info][gc,phases      ] GC(127)   Merge Heap Roots: 0.1ms
[17.846s][info][gc,phases      ] GC(127)   Evacuate Collection Set: 15.0ms
[17.846s][info][gc,phases      ] GC(127)   Post Evacuate Collection Set: 0.9ms
[17.846s][info][gc,phases      ] GC(127)   Other: 0.1ms
[17.846s][info][gc,heap        ] GC(127) Eden regions: 1228->0(1207)
[17.846s][info][gc,heap        ] GC(127) Survivor regions: 0->21(154)
[17.846s][info][gc,heap        ] GC(127) Old regions: 74->74
[17.846s][info][gc,heap        ] GC(127) Humongous regions: 7->7
[17.846s][info][gc,metaspace   ] GC(127) Metaspace: 11209K(11392K)->11209K(11392K) NonClass: 9817K(9920K)->9817K(9920K) Class: 1392K(1472K)->1392K(1472K)
[17.846s][info][gc             ] GC(127) Pause Young (Normal) (G1 Evacuation Pause) 1303M->96M(2048M) 16.542ms
[17.846s][info][gc,cpu         ] GC(127) User=0.02s Sys=0.00s Real=0.02s
[17.926s][info][gc,start       ] GC(128) Pause Full (System.gc())
[17.926s][info][gc,task        ] GC(128) Using 6 workers of 6 for full compaction
[17.927s][info][gc,phases,start] GC(128) Phase 1: Mark live objects
[17.947s][info][gc,phases      ] GC(128) Phase 1: Mark live objects 20.668ms
[17.947s][info][gc,phases,start] GC(128) Phase 2: Prepare compaction
[17.948s][info][gc,phases      ] GC(128) Phase 2: Prepare compaction 0.667ms
[17.948s][info][gc,phases,start] GC(128) Phase 3: Adjust pointers
[17.954s][info][gc,phases      ] GC(128) Phase 3: Adjust pointers 5.568ms
[17.954s][info][gc,phases,start] GC(128) Phase 4: Compact heap
[17.954s][info][gc,phases      ] GC(128) Phase 4: Compact heap 0.600ms
[17.954s][info][gc,phases,start] GC(128) Phase 5: Reset Metadata
[17.958s][info][gc,phases      ] GC(128) Phase 5: Reset Metadata 3.518ms
[17.963s][info][gc,heap        ] GC(128) Eden regions: 629->0(1228)
[17.963s][info][gc,heap        ] GC(128) Survivor regions: 21->0(154)
[17.963s][info][gc,heap        ] GC(128) Old regions: 74->74
[17.963s][info][gc,heap        ] GC(128) Humongous regions: 7->7
[17.963s][info][gc,metaspace   ] GC(128) Metaspace: 11211K(11392K)->11211K(11392K) NonClass: 9819K(9920K)->9819K(9920K) Class: 1392K(1472K)->1392K(1472K)
[17.963s][info][gc             ] GC(128) Pause Full (System.gc()) 725M->75M(2048M) 36.565ms
[17.963s][info][gc,cpu         ] GC(128) User=0.03s Sys=0.00s Real=0.03s
[18.092s][info][gc,start       ] GC(129) Pause Young (Normal) (G1 Evacuation Pause)
[18.093s][info][gc,task        ] GC(129) Using 6 workers of 6 for evacuation
[18.109s][info][gc,phases      ] GC(129)   Pre Evacuate Collection Set: 0.2ms
[18.109s][info][gc,phases      ] GC(129)   Merge Heap Roots: 0.1ms
[18.109s][info][gc,phases      ] GC(129)   Evacuate Collection Set: 15.4ms
[18.109s][info][gc,phases      ] GC(129)   Post Evacuate Collection Set: 0.6ms
[18.109s][info][gc,phases      ] GC(129)   Other: 0.1ms
[18.109s][info][gc,heap        ] GC(129) Eden regions: 1228->0(1206)
[18.109s][info][gc,heap        ] GC(129) Survivor regions: 0->22(154)
[18.109s][info][gc,heap        ] GC(129) Old regions: 74->74
[18.109s][info][gc,heap        ] GC(129) Humongous regions: 7->7
[18.109s][info][gc,metaspace   ] GC(129) Metaspace: 11211K(11392K)->11211K(11392K) NonClass: 9819K(9920K)->9819K(9920K) Class: 1392K(1472K)->1392K(1472K)
[18.109s][info][gc             ] GC(129) Pause Young (Normal) (G1 Evacuation Pause) 1303M->97M(2048M) 16.743ms
[18.109s][info][gc,cpu         ] GC(129) User=0.02s Sys=0.00s Real=0.02s
[18.187s][info][gc,start       ] GC(130) Pause Full (System.gc())
[18.187s][info][gc,task        ] GC(130) Using 6 workers of 6 for full compaction
[18.187s][info][gc,phases,start] GC(130) Phase 1: Mark live objects
[18.208s][info][gc,phases      ] GC(130) Phase 1: Mark live objects 20.839ms
[18.208s][info][gc,phases,start] GC(130) Phase 2: Prepare compaction
[18.208s][info][gc,phases      ] GC(130) Phase 2: Prepare compaction 0.713ms
[18.208s][info][gc,phases,start] GC(130) Phase 3: Adjust pointers
[18.214s][info][gc,phases      ] GC(130) Phase 3: Adjust pointers 5.485ms
[18.214s][info][gc,phases,start] GC(130) Phase 4: Compact heap
[18.215s][info][gc,phases      ] GC(130) Phase 4: Compact heap 0.589ms
[18.215s][info][gc,phases,start] GC(130) Phase 5: Reset Metadata
[18.218s][info][gc,phases      ] GC(130) Phase 5: Reset Metadata 3.801ms
[18.223s][info][gc,heap        ] GC(130) Eden regions: 630->0(1228)
[18.223s][info][gc,heap        ] GC(130) Survivor regions: 22->0(154)
[18.223s][info][gc,heap        ] GC(130) Old regions: 74->74
[18.223s][info][gc,heap        ] GC(130) Humongous regions: 7->7
[18.223s][info][gc,metaspace   ] GC(130) Metaspace: 11211K(11392K)->11211K(11392K) NonClass: 9819K(9920K)->9819K(9920K) Class: 1392K(1472K)->1392K(1472K)
[18.223s][info][gc             ] GC(130) Pause Full (System.gc()) 727M->75M(2048M) 36.645ms
[18.223s][info][gc,cpu         ] GC(130) User=0.03s Sys=0.00s Real=0.03s
[18.354s][info][gc,start       ] GC(131) Pause Young (Normal) (G1 Evacuation Pause)
[18.354s][info][gc,task        ] GC(131) Using 6 workers of 6 for evacuation
[18.370s][info][gc,phases      ] GC(131)   Pre Evacuate Collection Set: 0.3ms
[18.370s][info][gc,phases      ] GC(131)   Merge Heap Roots: 0.1ms
[18.370s][info][gc,phases      ] GC(131)   Evacuate Collection Set: 15.2ms
[18.370s][info][gc,phases      ] GC(131)   Post Evacuate Collection Set: 0.7ms
[18.370s][info][gc,phases      ] GC(131)   Other: 0.1ms
[18.371s][info][gc,heap        ] GC(131) Eden regions: 1228->0(1206)
[18.371s][info][gc,heap        ] GC(131) Survivor regions: 0->22(154)
[18.371s][info][gc,heap        ] GC(131) Old regions: 74->74
[18.371s][info][gc,heap        ] GC(131) Humongous regions: 7->7
[18.371s][info][gc,metaspace   ] GC(131) Metaspace: 11211K(11392K)->11211K(11392K) NonClass: 9819K(9920K)->9819K(9920K) Class: 1392K(1472K)->1392K(1472K)
[18.371s][info][gc             ] GC(131) Pause Young (Normal) (G1 Evacuation Pause) 1303M->97M(2048M) 16.595ms
[18.371s][info][gc,cpu         ] GC(131) User=0.02s Sys=0.00s Real=0.01s
[18.448s][info][gc,start       ] GC(132) Pause Full (System.gc())
[18.448s][info][gc,task        ] GC(132) Using 6 workers of 6 for full compaction
[18.448s][info][gc,phases,start] GC(132) Phase 1: Mark live objects
[18.471s][info][gc,phases      ] GC(132) Phase 1: Mark live objects 23.446ms
[18.472s][info][gc,phases,start] GC(132) Phase 2: Prepare compaction
[18.472s][info][gc,phases      ] GC(132) Phase 2: Prepare compaction 0.712ms
[18.472s][info][gc,phases,start] GC(132) Phase 3: Adjust pointers
[18.477s][info][gc,phases      ] GC(132) Phase 3: Adjust pointers 5.077ms
[18.477s][info][gc,phases,start] GC(132) Phase 4: Compact heap
[18.478s][info][gc,phases      ] GC(132) Phase 4: Compact heap 0.480ms
[18.478s][info][gc,phases,start] GC(132) Phase 5: Reset Metadata
[18.481s][info][gc,phases      ] GC(132) Phase 5: Reset Metadata 3.353ms
[18.486s][info][gc,heap        ] GC(132) Eden regions: 631->0(1228)
[18.486s][info][gc,heap        ] GC(132) Survivor regions: 22->0(154)
[18.486s][info][gc,heap        ] GC(132) Old regions: 74->74
[18.486s][info][gc,heap        ] GC(132) Humongous regions: 7->7
[18.486s][info][gc,metaspace   ] GC(132) Metaspace: 11211K(11392K)->11211K(11392K) NonClass: 9819K(9920K)->9819K(9920K) Class: 1392K(1472K)->1392K(1472K)
[18.486s][info][gc             ] GC(132) Pause Full (System.gc()) 727M->75M(2048M) 38.458ms
[18.486s][info][gc,cpu         ] GC(132) User=0.05s Sys=0.00s Real=0.04s
[18.618s][info][gc,start       ] GC(133) Pause Young (Normal) (G1 Evacuation Pause)
[18.618s][info][gc,task        ] GC(133) Using 6 workers of 6 for evacuation
[18.634s][info][gc,phases      ] GC(133)   Pre Evacuate Collection Set: 0.3ms
[18.634s][info][gc,phases      ] GC(133)   Merge Heap Roots: 0.1ms
[18.634s][info][gc,phases      ] GC(133)   Evacuate Collection Set: 15.4ms
[18.634s][info][gc,phases      ] GC(133)   Post Evacuate Collection Set: 0.7ms
[18.635s][info][gc,phases      ] GC(133)   Other: 0.1ms
[18.635s][info][gc,heap        ] GC(133) Eden regions: 1228->0(1207)
[18.635s][info][gc,heap        ] GC(133) Survivor regions: 0->21(154)
[18.635s][info][gc,heap        ] GC(133) Old regions: 74->74
[18.635s][info][gc,heap        ] GC(133) Humongous regions: 7->7
[18.635s][info][gc,metaspace   ] GC(133) Metaspace: 11212K(11392K)->11212K(11392K) NonClass: 9820K(9920K)->9820K(9920K) Class: 1392K(1472K)->1392K(1472K)
[18.635s][info][gc             ] GC(133) Pause Young (Normal) (G1 Evacuation Pause) 1303M->96M(2048M) 16.858ms
[18.635s][info][gc,cpu         ] GC(133) User=0.03s Sys=0.00s Real=0.02s
[18.713s][info][gc,start       ] GC(134) Pause Full (System.gc())
[18.713s][info][gc,task        ] GC(134) Using 6 workers of 6 for full compaction
[18.714s][info][gc,phases,start] GC(134) Phase 1: Mark live objects
[18.734s][info][gc,phases      ] GC(134) Phase 1: Mark live objects 20.667ms
[18.734s][info][gc,phases,start] GC(134) Phase 2: Prepare compaction
[18.735s][info][gc,phases      ] GC(134) Phase 2: Prepare compaction 0.709ms
[18.735s][info][gc,phases,start] GC(134) Phase 3: Adjust pointers
[18.741s][info][gc,phases      ] GC(134) Phase 3: Adjust pointers 5.548ms
[18.741s][info][gc,phases,start] GC(134) Phase 4: Compact heap
[18.741s][info][gc,phases      ] GC(134) Phase 4: Compact heap 0.541ms
[18.741s][info][gc,phases,start] GC(134) Phase 5: Reset Metadata
[18.745s][info][gc,phases      ] GC(134) Phase 5: Reset Metadata 3.484ms
[18.749s][info][gc,heap        ] GC(134) Eden regions: 630->0(1228)
[18.749s][info][gc,heap        ] GC(134) Survivor regions: 21->0(154)
[18.749s][info][gc,heap        ] GC(134) Old regions: 74->74
[18.749s][info][gc,heap        ] GC(134) Humongous regions: 7->7
[18.749s][info][gc,metaspace   ] GC(134) Metaspace: 11223K(11392K)->11223K(11392K) NonClass: 9831K(9920K)->9831K(9920K) Class: 1392K(1472K)->1392K(1472K)
[18.749s][info][gc             ] GC(134) Pause Full (System.gc()) 726M->75M(2048M) 35.970ms
[18.749s][info][gc,cpu         ] GC(134) User=0.03s Sys=0.00s Real=0.04s
[18.881s][info][gc,start       ] GC(135) Pause Young (Normal) (G1 Evacuation Pause)
[18.881s][info][gc,task        ] GC(135) Using 6 workers of 6 for evacuation
[18.898s][info][gc,phases      ] GC(135)   Pre Evacuate Collection Set: 0.3ms
[18.898s][info][gc,phases      ] GC(135)   Merge Heap Roots: 0.1ms
[18.898s][info][gc,phases      ] GC(135)   Evacuate Collection Set: 15.5ms
[18.898s][info][gc,phases      ] GC(135)   Post Evacuate Collection Set: 0.7ms
[18.898s][info][gc,phases      ] GC(135)   Other: 0.1ms
[18.898s][info][gc,heap        ] GC(135) Eden regions: 1228->0(1206)
[18.898s][info][gc,heap        ] GC(135) Survivor regions: 0->22(154)
[18.898s][info][gc,heap        ] GC(135) Old regions: 74->74
[18.898s][info][gc,heap        ] GC(135) Humongous regions: 7->7
[18.898s][info][gc,metaspace   ] GC(135) Metaspace: 11223K(11392K)->11223K(11392K) NonClass: 9831K(9920K)->9831K(9920K) Class: 1392K(1472K)->1392K(1472K)
[18.898s][info][gc             ] GC(135) Pause Young (Normal) (G1 Evacuation Pause) 1303M->97M(2048M) 16.909ms
[18.898s][info][gc,cpu         ] GC(135) User=0.02s Sys=0.00s Real=0.02s
[18.977s][info][gc,start       ] GC(136) Pause Full (System.gc())
[18.977s][info][gc,task        ] GC(136) Using 6 workers of 6 for full compaction
[18.977s][info][gc,phases,start] GC(136) Phase 1: Mark live objects
[18.998s][info][gc,phases      ] GC(136) Phase 1: Mark live objects 20.813ms
[18.998s][info][gc,phases,start] GC(136) Phase 2: Prepare compaction
[18.999s][info][gc,phases      ] GC(136) Phase 2: Prepare compaction 0.712ms
[18.999s][info][gc,phases,start] GC(136) Phase 3: Adjust pointers
[19.004s][info][gc,phases      ] GC(136) Phase 3: Adjust pointers 5.768ms
[19.004s][info][gc,phases,start] GC(136) Phase 4: Compact heap
[19.005s][info][gc,phases      ] GC(136) Phase 4: Compact heap 0.526ms
[19.005s][info][gc,phases,start] GC(136) Phase 5: Reset Metadata
[19.008s][info][gc,phases      ] GC(136) Phase 5: Reset Metadata 3.494ms
[19.013s][info][gc,heap        ] GC(136) Eden regions: 630->0(1228)
[19.013s][info][gc,heap        ] GC(136) Survivor regions: 22->0(154)
[19.013s][info][gc,heap        ] GC(136) Old regions: 74->74
[19.013s][info][gc,heap        ] GC(136) Humongous regions: 7->7
[19.013s][info][gc,metaspace   ] GC(136) Metaspace: 11223K(11392K)->11223K(11392K) NonClass: 9831K(9920K)->9831K(9920K) Class: 1392K(1472K)->1392K(1472K)
[19.013s][info][gc             ] GC(136) Pause Full (System.gc()) 726M->75M(2048M) 36.597ms
[19.013s][info][gc,cpu         ] GC(136) User=0.03s Sys=0.00s Real=0.03s
[19.142s][info][gc,start       ] GC(137) Pause Young (Normal) (G1 Evacuation Pause)
[19.143s][info][gc,task        ] GC(137) Using 6 workers of 6 for evacuation
[19.159s][info][gc,phases      ] GC(137)   Pre Evacuate Collection Set: 0.2ms
[19.159s][info][gc,phases      ] GC(137)   Merge Heap Roots: 0.1ms
[19.159s][info][gc,phases      ] GC(137)   Evacuate Collection Set: 15.3ms
[19.159s][info][gc,phases      ] GC(137)   Post Evacuate Collection Set: 0.7ms
[19.159s][info][gc,phases      ] GC(137)   Other: 0.1ms
[19.159s][info][gc,heap        ] GC(137) Eden regions: 1228->0(1206)
[19.159s][info][gc,heap        ] GC(137) Survivor regions: 0->22(154)
[19.159s][info][gc,heap        ] GC(137) Old regions: 74->74
[19.159s][info][gc,heap        ] GC(137) Humongous regions: 7->7
[19.159s][info][gc,metaspace   ] GC(137) Metaspace: 11223K(11392K)->11223K(11392K) NonClass: 9831K(9920K)->9831K(9920K) Class: 1392K(1472K)->1392K(1472K)
[19.159s][info][gc             ] GC(137) Pause Young (Normal) (G1 Evacuation Pause) 1303M->97M(2048M) 16.623ms
[19.159s][info][gc,cpu         ] GC(137) User=0.02s Sys=0.00s Real=0.02s
[19.239s][info][gc,start       ] GC(138) Pause Full (System.gc())
[19.239s][info][gc,task        ] GC(138) Using 6 workers of 6 for full compaction
[19.239s][info][gc,phases,start] GC(138) Phase 1: Mark live objects
[19.260s][info][gc,phases      ] GC(138) Phase 1: Mark live objects 20.605ms
[19.260s][info][gc,phases,start] GC(138) Phase 2: Prepare compaction
[19.261s][info][gc,phases      ] GC(138) Phase 2: Prepare compaction 0.711ms
[19.261s][info][gc,phases,start] GC(138) Phase 3: Adjust pointers
[19.266s][info][gc,phases      ] GC(138) Phase 3: Adjust pointers 5.506ms
[19.266s][info][gc,phases,start] GC(138) Phase 4: Compact heap
[19.267s][info][gc,phases      ] GC(138) Phase 4: Compact heap 0.559ms
[19.267s][info][gc,phases,start] GC(138) Phase 5: Reset Metadata
[19.271s][info][gc,phases      ] GC(138) Phase 5: Reset Metadata 3.671ms
[19.275s][info][gc,heap        ] GC(138) Eden regions: 630->0(1228)
[19.275s][info][gc,heap        ] GC(138) Survivor regions: 22->0(154)
[19.275s][info][gc,heap        ] GC(138) Old regions: 74->74
[19.275s][info][gc,heap        ] GC(138) Humongous regions: 7->7
[19.275s][info][gc,metaspace   ] GC(138) Metaspace: 11223K(11392K)->11223K(11392K) NonClass: 9831K(9920K)->9831K(9920K) Class: 1392K(1472K)->1392K(1472K)
[19.275s][info][gc             ] GC(138) Pause Full (System.gc()) 726M->75M(2048M) 36.283ms
[19.275s][info][gc,cpu         ] GC(138) User=0.03s Sys=0.00s Real=0.03s
[19.405s][info][gc,start       ] GC(139) Pause Young (Normal) (G1 Evacuation Pause)
[19.405s][info][gc,task        ] GC(139) Using 6 workers of 6 for evacuation
[19.421s][info][gc,phases      ] GC(139)   Pre Evacuate Collection Set: 0.3ms
[19.421s][info][gc,phases      ] GC(139)   Merge Heap Roots: 0.1ms
[19.421s][info][gc,phases      ] GC(139)   Evacuate Collection Set: 15.0ms
[19.421s][info][gc,phases      ] GC(139)   Post Evacuate Collection Set: 0.8ms
[19.421s][info][gc,phases      ] GC(139)   Other: 0.1ms
[19.421s][info][gc,heap        ] GC(139) Eden regions: 1228->0(1207)
[19.421s][info][gc,heap        ] GC(139) Survivor regions: 0->21(154)
[19.421s][info][gc,heap        ] GC(139) Old regions: 74->74
[19.421s][info][gc,heap        ] GC(139) Humongous regions: 7->7
[19.421s][info][gc,metaspace   ] GC(139) Metaspace: 11223K(11392K)->11223K(11392K) NonClass: 9831K(9920K)->9831K(9920K) Class: 1392K(1472K)->1392K(1472K)
[19.421s][info][gc             ] GC(139) Pause Young (Normal) (G1 Evacuation Pause) 1303M->96M(2048M) 16.408ms
[19.421s][info][gc,cpu         ] GC(139) User=0.02s Sys=0.00s Real=0.02s
[19.502s][info][gc,start       ] GC(140) Pause Full (System.gc())
[19.502s][info][gc,task        ] GC(140) Using 6 workers of 6 for full compaction
[19.502s][info][gc,phases,start] GC(140) Phase 1: Mark live objects
[19.523s][info][gc,phases      ] GC(140) Phase 1: Mark live objects 21.233ms
[19.523s][info][gc,phases,start] GC(140) Phase 2: Prepare compaction
[19.524s][info][gc,phases      ] GC(140) Phase 2: Prepare compaction 0.552ms
[19.524s][info][gc,phases,start] GC(140) Phase 3: Adjust pointers
[19.529s][info][gc,phases      ] GC(140) Phase 3: Adjust pointers 5.028ms
[19.529s][info][gc,phases,start] GC(140) Phase 4: Compact heap
[19.530s][info][gc,phases      ] GC(140) Phase 4: Compact heap 0.468ms
[19.530s][info][gc,phases,start] GC(140) Phase 5: Reset Metadata
[19.533s][info][gc,phases      ] GC(140) Phase 5: Reset Metadata 3.523ms
[19.538s][info][gc,heap        ] GC(140) Eden regions: 630->0(1228)
[19.538s][info][gc,heap        ] GC(140) Survivor regions: 21->0(154)
[19.538s][info][gc,heap        ] GC(140) Old regions: 74->74
[19.538s][info][gc,heap        ] GC(140) Humongous regions: 7->7
[19.538s][info][gc,metaspace   ] GC(140) Metaspace: 11223K(11392K)->11223K(11392K) NonClass: 9831K(9920K)->9831K(9920K) Class: 1392K(1472K)->1392K(1472K)
[19.538s][info][gc             ] GC(140) Pause Full (System.gc()) 726M->75M(2048M) 36.290ms
[19.538s][info][gc,cpu         ] GC(140) User=0.03s Sys=0.00s Real=0.05s
[19.671s][info][gc,start       ] GC(141) Pause Young (Normal) (G1 Evacuation Pause)
[19.671s][info][gc,task        ] GC(141) Using 6 workers of 6 for evacuation
[19.688s][info][gc,phases      ] GC(141)   Pre Evacuate Collection Set: 0.3ms
[19.688s][info][gc,phases      ] GC(141)   Merge Heap Roots: 0.2ms
[19.688s][info][gc,phases      ] GC(141)   Evacuate Collection Set: 15.5ms
[19.688s][info][gc,phases      ] GC(141)   Post Evacuate Collection Set: 0.7ms
[19.688s][info][gc,phases      ] GC(141)   Other: 0.1ms
[19.688s][info][gc,heap        ] GC(141) Eden regions: 1228->0(1207)
[19.688s][info][gc,heap        ] GC(141) Survivor regions: 0->21(154)
[19.688s][info][gc,heap        ] GC(141) Old regions: 74->74
[19.688s][info][gc,heap        ] GC(141) Humongous regions: 7->7
[19.688s][info][gc,metaspace   ] GC(141) Metaspace: 11223K(11392K)->11223K(11392K) NonClass: 9831K(9920K)->9831K(9920K) Class: 1392K(1472K)->1392K(1472K)
[19.688s][info][gc             ] GC(141) Pause Young (Normal) (G1 Evacuation Pause) 1303M->96M(2048M) 17.043ms
[19.688s][info][gc,cpu         ] GC(141) User=0.03s Sys=0.00s Real=0.02s
[19.765s][info][gc,start       ] GC(142) Pause Full (System.gc())
[19.765s][info][gc,task        ] GC(142) Using 6 workers of 6 for full compaction
[19.766s][info][gc,phases,start] GC(142) Phase 1: Mark live objects
[19.787s][info][gc,phases      ] GC(142) Phase 1: Mark live objects 20.999ms
[19.787s][info][gc,phases,start] GC(142) Phase 2: Prepare compaction
[19.787s][info][gc,phases      ] GC(142) Phase 2: Prepare compaction 0.704ms
[19.788s][info][gc,phases,start] GC(142) Phase 3: Adjust pointers
[19.793s][info][gc,phases      ] GC(142) Phase 3: Adjust pointers 5.536ms
[19.793s][info][gc,phases,start] GC(142) Phase 4: Compact heap
[19.794s][info][gc,phases      ] GC(142) Phase 4: Compact heap 0.536ms
[19.794s][info][gc,phases,start] GC(142) Phase 5: Reset Metadata
[19.797s][info][gc,phases      ] GC(142) Phase 5: Reset Metadata 3.486ms
[19.803s][info][gc,heap        ] GC(142) Eden regions: 630->0(1228)
[19.803s][info][gc,heap        ] GC(142) Survivor regions: 21->0(154)
[19.803s][info][gc,heap        ] GC(142) Old regions: 74->74
[19.803s][info][gc,heap        ] GC(142) Humongous regions: 7->7
[19.803s][info][gc,metaspace   ] GC(142) Metaspace: 11223K(11392K)->11223K(11392K) NonClass: 9831K(9920K)->9831K(9920K) Class: 1392K(1472K)->1392K(1472K)
[19.803s][info][gc             ] GC(142) Pause Full (System.gc()) 726M->75M(2048M) 38.135ms
[19.803s][info][gc,cpu         ] GC(142) User=0.03s Sys=0.00s Real=0.05s
[19.935s][info][gc,start       ] GC(143) Pause Young (Normal) (G1 Evacuation Pause)
[19.935s][info][gc,task        ] GC(143) Using 6 workers of 6 for evacuation
[19.951s][info][gc,phases      ] GC(143)   Pre Evacuate Collection Set: 0.2ms
[19.951s][info][gc,phases      ] GC(143)   Merge Heap Roots: 0.1ms
[19.951s][info][gc,phases      ] GC(143)   Evacuate Collection Set: 15.1ms
[19.951s][info][gc,phases      ] GC(143)   Post Evacuate Collection Set: 0.7ms
[19.951s][info][gc,phases      ] GC(143)   Other: 0.1ms
[19.951s][info][gc,heap        ] GC(143) Eden regions: 1228->0(1207)
[19.951s][info][gc,heap        ] GC(143) Survivor regions: 0->21(154)
[19.951s][info][gc,heap        ] GC(143) Old regions: 74->74
[19.951s][info][gc,heap        ] GC(143) Humongous regions: 7->7
[19.951s][info][gc,metaspace   ] GC(143) Metaspace: 11223K(11392K)->11223K(11392K) NonClass: 9831K(9920K)->9831K(9920K) Class: 1392K(1472K)->1392K(1472K)
[19.951s][info][gc             ] GC(143) Pause Young (Normal) (G1 Evacuation Pause) 1303M->96M(2048M) 16.446ms
[19.951s][info][gc,cpu         ] GC(143) User=0.02s Sys=0.00s Real=0.02s
[20.027s][info][gc,start       ] GC(144) Pause Full (System.gc())
[20.027s][info][gc,task        ] GC(144) Using 6 workers of 6 for full compaction
[20.027s][info][gc,phases,start] GC(144) Phase 1: Mark live objects
[20.048s][info][gc,phases      ] GC(144) Phase 1: Mark live objects 20.843ms
[20.048s][info][gc,phases,start] GC(144) Phase 2: Prepare compaction
[20.049s][info][gc,phases      ] GC(144) Phase 2: Prepare compaction 0.699ms
[20.049s][info][gc,phases,start] GC(144) Phase 3: Adjust pointers
[20.054s][info][gc,phases      ] GC(144) Phase 3: Adjust pointers 5.645ms
[20.054s][info][gc,phases,start] GC(144) Phase 4: Compact heap
[20.055s][info][gc,phases      ] GC(144) Phase 4: Compact heap 0.589ms
[20.055s][info][gc,phases,start] GC(144) Phase 5: Reset Metadata
[20.059s][info][gc,phases      ] GC(144) Phase 5: Reset Metadata 3.801ms
[20.063s][info][gc,heap        ] GC(144) Eden regions: 630->0(1228)
[20.063s][info][gc,heap        ] GC(144) Survivor regions: 21->0(154)
[20.063s][info][gc,heap        ] GC(144) Old regions: 74->74
[20.063s][info][gc,heap        ] GC(144) Humongous regions: 7->7
[20.063s][info][gc,metaspace   ] GC(144) Metaspace: 11223K(11392K)->11223K(11392K) NonClass: 9831K(9920K)->9831K(9920K) Class: 1392K(1472K)->1392K(1472K)
[20.063s][info][gc             ] GC(144) Pause Full (System.gc()) 726M->75M(2048M) 36.712ms
[20.063s][info][gc,cpu         ] GC(144) User=0.03s Sys=0.00s Real=0.03s
[20.193s][info][gc,start       ] GC(145) Pause Young (Normal) (G1 Evacuation Pause)
[20.193s][info][gc,task        ] GC(145) Using 6 workers of 6 for evacuation
[20.210s][info][gc,phases      ] GC(145)   Pre Evacuate Collection Set: 0.3ms
[20.210s][info][gc,phases      ] GC(145)   Merge Heap Roots: 0.1ms
[20.210s][info][gc,phases      ] GC(145)   Evacuate Collection Set: 15.1ms
[20.210s][info][gc,phases      ] GC(145)   Post Evacuate Collection Set: 0.7ms
[20.210s][info][gc,phases      ] GC(145)   Other: 0.1ms
[20.210s][info][gc,heap        ] GC(145) Eden regions: 1228->0(1207)
[20.210s][info][gc,heap        ] GC(145) Survivor regions: 0->21(154)
[20.210s][info][gc,heap        ] GC(145) Old regions: 74->74
[20.210s][info][gc,heap        ] GC(145) Humongous regions: 7->7
[20.210s][info][gc,metaspace   ] GC(145) Metaspace: 11224K(11392K)->11224K(11392K) NonClass: 9831K(9920K)->9831K(9920K) Class: 1392K(1472K)->1392K(1472K)
[20.210s][info][gc             ] GC(145) Pause Young (Normal) (G1 Evacuation Pause) 1303M->96M(2048M) 16.480ms
[20.210s][info][gc,cpu         ] GC(145) User=0.02s Sys=0.00s Real=0.02s
[20.287s][info][gc,start       ] GC(146) Pause Full (System.gc())
[20.287s][info][gc,task        ] GC(146) Using 6 workers of 6 for full compaction
[20.287s][info][gc,phases,start] GC(146) Phase 1: Mark live objects
[20.308s][info][gc,phases      ] GC(146) Phase 1: Mark live objects 21.021ms
[20.308s][info][gc,phases,start] GC(146) Phase 2: Prepare compaction
[20.309s][info][gc,phases      ] GC(146) Phase 2: Prepare compaction 0.717ms
[20.309s][info][gc,phases,start] GC(146) Phase 3: Adjust pointers
[20.315s][info][gc,phases      ] GC(146) Phase 3: Adjust pointers 5.581ms
[20.315s][info][gc,phases,start] GC(146) Phase 4: Compact heap
[20.315s][info][gc,phases      ] GC(146) Phase 4: Compact heap 0.592ms
[20.315s][info][gc,phases,start] GC(146) Phase 5: Reset Metadata
[20.319s][info][gc,phases      ] GC(146) Phase 5: Reset Metadata 3.544ms
[20.324s][info][gc,heap        ] GC(146) Eden regions: 630->0(1228)
[20.324s][info][gc,heap        ] GC(146) Survivor regions: 21->0(154)
[20.324s][info][gc,heap        ] GC(146) Old regions: 74->74
[20.324s][info][gc,heap        ] GC(146) Humongous regions: 7->7
[20.324s][info][gc,metaspace   ] GC(146) Metaspace: 11224K(11392K)->11224K(11392K) NonClass: 9831K(9920K)->9831K(9920K) Class: 1392K(1472K)->1392K(1472K)
[20.324s][info][gc             ] GC(146) Pause Full (System.gc()) 725M->75M(2048M) 36.946ms
[20.324s][info][gc,cpu         ] GC(146) User=0.05s Sys=0.00s Real=0.05s
[20.455s][info][gc,start       ] GC(147) Pause Young (Normal) (G1 Evacuation Pause)
[20.455s][info][gc,task        ] GC(147) Using 6 workers of 6 for evacuation
[20.471s][info][gc,phases      ] GC(147)   Pre Evacuate Collection Set: 0.2ms
[20.471s][info][gc,phases      ] GC(147)   Merge Heap Roots: 0.2ms
[20.471s][info][gc,phases      ] GC(147)   Evacuate Collection Set: 15.3ms
[20.471s][info][gc,phases      ] GC(147)   Post Evacuate Collection Set: 0.8ms
[20.471s][info][gc,phases      ] GC(147)   Other: 0.1ms
[20.471s][info][gc,heap        ] GC(147) Eden regions: 1228->0(1207)
[20.471s][info][gc,heap        ] GC(147) Survivor regions: 0->21(154)
[20.471s][info][gc,heap        ] GC(147) Old regions: 74->74
[20.471s][info][gc,heap        ] GC(147) Humongous regions: 7->7
[20.472s][info][gc,metaspace   ] GC(147) Metaspace: 11224K(11392K)->11224K(11392K) NonClass: 9831K(9920K)->9831K(9920K) Class: 1392K(1472K)->1392K(1472K)
[20.472s][info][gc             ] GC(147) Pause Young (Normal) (G1 Evacuation Pause) 1303M->96M(2048M) 16.882ms
[20.472s][info][gc,cpu         ] GC(147) User=0.06s Sys=0.00s Real=0.02s
[20.553s][info][gc,start       ] GC(148) Pause Full (System.gc())
[20.553s][info][gc,task        ] GC(148) Using 6 workers of 6 for full compaction
[20.553s][info][gc,phases,start] GC(148) Phase 1: Mark live objects
[20.574s][info][gc,phases      ] GC(148) Phase 1: Mark live objects 20.794ms
[20.574s][info][gc,phases,start] GC(148) Phase 2: Prepare compaction
[20.575s][info][gc,phases      ] GC(148) Phase 2: Prepare compaction 0.745ms
[20.575s][info][gc,phases,start] GC(148) Phase 3: Adjust pointers
[20.581s][info][gc,phases      ] GC(148) Phase 3: Adjust pointers 5.622ms
[20.581s][info][gc,phases,start] GC(148) Phase 4: Compact heap
[20.581s][info][gc,phases      ] GC(148) Phase 4: Compact heap 0.517ms
[20.581s][info][gc,phases,start] GC(148) Phase 5: Reset Metadata
[20.585s][info][gc,phases      ] GC(148) Phase 5: Reset Metadata 3.725ms
[20.590s][info][gc,heap        ] GC(148) Eden regions: 630->0(1228)
[20.590s][info][gc,heap        ] GC(148) Survivor regions: 21->0(154)
[20.590s][info][gc,heap        ] GC(148) Old regions: 74->74
[20.590s][info][gc,heap        ] GC(148) Humongous regions: 7->7
[20.590s][info][gc,metaspace   ] GC(148) Metaspace: 11224K(11392K)->11224K(11392K) NonClass: 9831K(9920K)->9831K(9920K) Class: 1392K(1472K)->1392K(1472K)
[20.590s][info][gc             ] GC(148) Pause Full (System.gc()) 726M->75M(2048M) 36.908ms
[20.590s][info][gc,cpu         ] GC(148) User=0.03s Sys=0.00s Real=0.04s
[20.722s][info][gc,start       ] GC(149) Pause Young (Normal) (G1 Evacuation Pause)
[20.722s][info][gc,task        ] GC(149) Using 6 workers of 6 for evacuation
[20.739s][info][gc,phases      ] GC(149)   Pre Evacuate Collection Set: 0.3ms
[20.739s][info][gc,phases      ] GC(149)   Merge Heap Roots: 0.1ms
[20.739s][info][gc,phases      ] GC(149)   Evacuate Collection Set: 15.5ms
[20.739s][info][gc,phases      ] GC(149)   Post Evacuate Collection Set: 0.7ms
[20.739s][info][gc,phases      ] GC(149)   Other: 0.1ms
[20.739s][info][gc,heap        ] GC(149) Eden regions: 1228->0(1207)
[20.739s][info][gc,heap        ] GC(149) Survivor regions: 0->21(154)
[20.739s][info][gc,heap        ] GC(149) Old regions: 74->74
[20.739s][info][gc,heap        ] GC(149) Humongous regions: 7->7
[20.739s][info][gc,metaspace   ] GC(149) Metaspace: 11224K(11392K)->11224K(11392K) NonClass: 9831K(9920K)->9831K(9920K) Class: 1392K(1472K)->1392K(1472K)
[20.739s][info][gc             ] GC(149) Pause Young (Normal) (G1 Evacuation Pause) 1303M->96M(2048M) 16.844ms
[20.739s][info][gc,cpu         ] GC(149) User=0.03s Sys=0.00s Real=0.01s
[20.814s][info][gc,start       ] GC(150) Pause Full (System.gc())
[20.814s][info][gc,task        ] GC(150) Using 6 workers of 6 for full compaction
[20.815s][info][gc,phases,start] GC(150) Phase 1: Mark live objects
[20.835s][info][gc,phases      ] GC(150) Phase 1: Mark live objects 20.576ms
[20.835s][info][gc,phases,start] GC(150) Phase 2: Prepare compaction
[20.836s][info][gc,phases      ] GC(150) Phase 2: Prepare compaction 0.701ms
[20.836s][info][gc,phases,start] GC(150) Phase 3: Adjust pointers
[20.842s][info][gc,phases      ] GC(150) Phase 3: Adjust pointers 5.666ms
[20.842s][info][gc,phases,start] GC(150) Phase 4: Compact heap
[20.842s][info][gc,phases      ] GC(150) Phase 4: Compact heap 0.544ms
[20.842s][info][gc,phases,start] GC(150) Phase 5: Reset Metadata
[20.846s][info][gc,phases      ] GC(150) Phase 5: Reset Metadata 3.467ms
[20.850s][info][gc,heap        ] GC(150) Eden regions: 630->0(1228)
[20.850s][info][gc,heap        ] GC(150) Survivor regions: 21->0(154)
[20.850s][info][gc,heap        ] GC(150) Old regions: 74->74
[20.850s][info][gc,heap        ] GC(150) Humongous regions: 7->7
[20.850s][info][gc,metaspace   ] GC(150) Metaspace: 11224K(11392K)->11224K(11392K) NonClass: 9831K(9920K)->9831K(9920K) Class: 1392K(1472K)->1392K(1472K)
[20.850s][info][gc             ] GC(150) Pause Full (System.gc()) 726M->75M(2048M) 36.216ms
[20.850s][info][gc,cpu         ] GC(150) User=0.03s Sys=0.00s Real=0.04s
[20.979s][info][gc,start       ] GC(151) Pause Young (Normal) (G1 Evacuation Pause)
[20.979s][info][gc,task        ] GC(151) Using 6 workers of 6 for evacuation
[20.996s][info][gc,phases      ] GC(151)   Pre Evacuate Collection Set: 0.3ms
[20.996s][info][gc,phases      ] GC(151)   Merge Heap Roots: 0.1ms
[20.996s][info][gc,phases      ] GC(151)   Evacuate Collection Set: 15.2ms
[20.996s][info][gc,phases      ] GC(151)   Post Evacuate Collection Set: 0.7ms
[20.996s][info][gc,phases      ] GC(151)   Other: 0.1ms
[20.996s][info][gc,heap        ] GC(151) Eden regions: 1228->0(1206)
[20.996s][info][gc,heap        ] GC(151) Survivor regions: 0->22(154)
[20.996s][info][gc,heap        ] GC(151) Old regions: 74->74
[20.996s][info][gc,heap        ] GC(151) Humongous regions: 7->7
[20.996s][info][gc,metaspace   ] GC(151) Metaspace: 11225K(11392K)->11225K(11392K) NonClass: 9833K(9920K)->9833K(9920K) Class: 1392K(1472K)->1392K(1472K)
[20.996s][info][gc             ] GC(151) Pause Young (Normal) (G1 Evacuation Pause) 1303M->97M(2048M) 16.594ms
[20.996s][info][gc,cpu         ] GC(151) User=0.02s Sys=0.00s Real=0.02s
[21.072s][info][gc,start       ] GC(152) Pause Full (System.gc())
[21.072s][info][gc,task        ] GC(152) Using 6 workers of 6 for full compaction
[21.073s][info][gc,phases,start] GC(152) Phase 1: Mark live objects
[21.094s][info][gc,phases      ] GC(152) Phase 1: Mark live objects 20.883ms
[21.094s][info][gc,phases,start] GC(152) Phase 2: Prepare compaction
[21.094s][info][gc,phases      ] GC(152) Phase 2: Prepare compaction 0.727ms
[21.094s][info][gc,phases,start] GC(152) Phase 3: Adjust pointers
[21.100s][info][gc,phases      ] GC(152) Phase 3: Adjust pointers 5.614ms
[21.100s][info][gc,phases,start] GC(152) Phase 4: Compact heap
[21.101s][info][gc,phases      ] GC(152) Phase 4: Compact heap 0.599ms
[21.101s][info][gc,phases,start] GC(152) Phase 5: Reset Metadata
[21.104s][info][gc,phases      ] GC(152) Phase 5: Reset Metadata 3.664ms
[21.109s][info][gc,heap        ] GC(152) Eden regions: 630->0(1228)
[21.109s][info][gc,heap        ] GC(152) Survivor regions: 22->0(154)
[21.109s][info][gc,heap        ] GC(152) Old regions: 74->74
[21.109s][info][gc,heap        ] GC(152) Humongous regions: 7->7
[21.109s][info][gc,metaspace   ] GC(152) Metaspace: 11225K(11392K)->11225K(11392K) NonClass: 9833K(9920K)->9833K(9920K) Class: 1392K(1472K)->1392K(1472K)
[21.109s][info][gc             ] GC(152) Pause Full (System.gc()) 726M->75M(2048M) 37.152ms
[21.109s][info][gc,cpu         ] GC(152) User=0.05s Sys=0.00s Real=0.05s
[21.240s][info][gc,start       ] GC(153) Pause Young (Normal) (G1 Evacuation Pause)
[21.240s][info][gc,task        ] GC(153) Using 6 workers of 6 for evacuation
[21.256s][info][gc,phases      ] GC(153)   Pre Evacuate Collection Set: 0.3ms
[21.256s][info][gc,phases      ] GC(153)   Merge Heap Roots: 0.1ms
[21.256s][info][gc,phases      ] GC(153)   Evacuate Collection Set: 15.3ms
[21.256s][info][gc,phases      ] GC(153)   Post Evacuate Collection Set: 0.7ms
[21.256s][info][gc,phases      ] GC(153)   Other: 0.1ms
[21.256s][info][gc,heap        ] GC(153) Eden regions: 1228->0(1207)
[21.256s][info][gc,heap        ] GC(153) Survivor regions: 0->21(154)
[21.256s][info][gc,heap        ] GC(153) Old regions: 74->74
[21.256s][info][gc,heap        ] GC(153) Humongous regions: 7->7
[21.256s][info][gc,metaspace   ] GC(153) Metaspace: 11225K(11392K)->11225K(11392K) NonClass: 9833K(9920K)->9833K(9920K) Class: 1392K(1472K)->1392K(1472K)
[21.256s][info][gc             ] GC(153) Pause Young (Normal) (G1 Evacuation Pause) 1303M->96M(2048M) 16.758ms
[21.256s][info][gc,cpu         ] GC(153) User=0.02s Sys=0.00s Real=0.02s
[21.334s][info][gc,start       ] GC(154) Pause Full (System.gc())
[21.334s][info][gc,task        ] GC(154) Using 6 workers of 6 for full compaction
[21.335s][info][gc,phases,start] GC(154) Phase 1: Mark live objects
[21.355s][info][gc,phases      ] GC(154) Phase 1: Mark live objects 20.577ms
[21.355s][info][gc,phases,start] GC(154) Phase 2: Prepare compaction
[21.356s][info][gc,phases      ] GC(154) Phase 2: Prepare compaction 0.707ms
[21.356s][info][gc,phases,start] GC(154) Phase 3: Adjust pointers
[21.362s][info][gc,phases      ] GC(154) Phase 3: Adjust pointers 5.641ms
[21.362s][info][gc,phases,start] GC(154) Phase 4: Compact heap
[21.362s][info][gc,phases      ] GC(154) Phase 4: Compact heap 0.557ms
[21.362s][info][gc,phases,start] GC(154) Phase 5: Reset Metadata
[21.366s][info][gc,phases      ] GC(154) Phase 5: Reset Metadata 3.634ms
[21.371s][info][gc,heap        ] GC(154) Eden regions: 630->0(1228)
[21.371s][info][gc,heap        ] GC(154) Survivor regions: 21->0(154)
[21.371s][info][gc,heap        ] GC(154) Old regions: 74->74
[21.371s][info][gc,heap        ] GC(154) Humongous regions: 7->7
[21.371s][info][gc,metaspace   ] GC(154) Metaspace: 11225K(11392K)->11225K(11392K) NonClass: 9833K(9920K)->9833K(9920K) Class: 1392K(1472K)->1392K(1472K)
[21.371s][info][gc             ] GC(154) Pause Full (System.gc()) 726M->75M(2048M) 36.312ms
[21.371s][info][gc,cpu         ] GC(154) User=0.03s Sys=0.00s Real=0.03s
[21.505s][info][gc,start       ] GC(155) Pause Young (Normal) (G1 Evacuation Pause)
[21.506s][info][gc,task        ] GC(155) Using 6 workers of 6 for evacuation
[21.522s][info][gc,phases      ] GC(155)   Pre Evacuate Collection Set: 0.2ms
[21.523s][info][gc,phases      ] GC(155)   Merge Heap Roots: 0.1ms
[21.523s][info][gc,phases      ] GC(155)   Evacuate Collection Set: 15.7ms
[21.523s][info][gc,phases      ] GC(155)   Post Evacuate Collection Set: 0.8ms
[21.523s][info][gc,phases      ] GC(155)   Other: 0.1ms
[21.523s][info][gc,heap        ] GC(155) Eden regions: 1228->0(1207)
[21.523s][info][gc,heap        ] GC(155) Survivor regions: 0->21(154)
[21.523s][info][gc,heap        ] GC(155) Old regions: 74->74
[21.523s][info][gc,heap        ] GC(155) Humongous regions: 7->7
[21.523s][info][gc,metaspace   ] GC(155) Metaspace: 11225K(11392K)->11225K(11392K) NonClass: 9833K(9920K)->9833K(9920K) Class: 1392K(1472K)->1392K(1472K)
[21.523s][info][gc             ] GC(155) Pause Young (Normal) (G1 Evacuation Pause) 1303M->96M(2048M) 17.215ms
[21.523s][info][gc,cpu         ] GC(155) User=0.03s Sys=0.00s Real=0.02s
[21.597s][info][gc,start       ] GC(156) Pause Full (System.gc())
[21.597s][info][gc,task        ] GC(156) Using 6 workers of 6 for full compaction
[21.597s][info][gc,phases,start] GC(156) Phase 1: Mark live objects
[21.617s][info][gc,phases      ] GC(156) Phase 1: Mark live objects 20.603ms
[21.618s][info][gc,phases,start] GC(156) Phase 2: Prepare compaction
[21.618s][info][gc,phases      ] GC(156) Phase 2: Prepare compaction 0.632ms
[21.618s][info][gc,phases,start] GC(156) Phase 3: Adjust pointers
[21.623s][info][gc,phases      ] GC(156) Phase 3: Adjust pointers 5.069ms
[21.623s][info][gc,phases,start] GC(156) Phase 4: Compact heap
[21.624s][info][gc,phases      ] GC(156) Phase 4: Compact heap 0.507ms
[21.624s][info][gc,phases,start] GC(156) Phase 5: Reset Metadata
[21.628s][info][gc,phases      ] GC(156) Phase 5: Reset Metadata 3.693ms
[21.632s][info][gc,heap        ] GC(156) Eden regions: 630->0(1228)
[21.632s][info][gc,heap        ] GC(156) Survivor regions: 21->0(154)
[21.632s][info][gc,heap        ] GC(156) Old regions: 74->74
[21.632s][info][gc,heap        ] GC(156) Humongous regions: 7->7
[21.632s][info][gc,metaspace   ] GC(156) Metaspace: 11225K(11392K)->11225K(11392K) NonClass: 9833K(9920K)->9833K(9920K) Class: 1392K(1472K)->1392K(1472K)
[21.632s][info][gc             ] GC(156) Pause Full (System.gc()) 726M->75M(2048M) 35.725ms
[21.632s][info][gc,cpu         ] GC(156) User=0.03s Sys=0.00s Real=0.03s
[21.764s][info][gc,start       ] GC(157) Pause Young (Normal) (G1 Evacuation Pause)
[21.764s][info][gc,task        ] GC(157) Using 6 workers of 6 for evacuation
[21.781s][info][gc,phases      ] GC(157)   Pre Evacuate Collection Set: 0.3ms
[21.781s][info][gc,phases      ] GC(157)   Merge Heap Roots: 0.1ms
[21.781s][info][gc,phases      ] GC(157)   Evacuate Collection Set: 15.1ms
[21.781s][info][gc,phases      ] GC(157)   Post Evacuate Collection Set: 0.8ms
[21.781s][info][gc,phases      ] GC(157)   Other: 0.1ms
[21.781s][info][gc,heap        ] GC(157) Eden regions: 1228->0(1207)
[21.781s][info][gc,heap        ] GC(157) Survivor regions: 0->21(154)
[21.781s][info][gc,heap        ] GC(157) Old regions: 74->74
[21.781s][info][gc,heap        ] GC(157) Humongous regions: 7->7
[21.781s][info][gc,metaspace   ] GC(157) Metaspace: 11225K(11392K)->11225K(11392K) NonClass: 9833K(9920K)->9833K(9920K) Class: 1392K(1472K)->1392K(1472K)
[21.781s][info][gc             ] GC(157) Pause Young (Normal) (G1 Evacuation Pause) 1303M->96M(2048M) 16.561ms
[21.781s][info][gc,cpu         ] GC(157) User=0.02s Sys=0.00s Real=0.02s
[21.862s][info][gc,start       ] GC(158) Pause Full (System.gc())
[21.862s][info][gc,task        ] GC(158) Using 6 workers of 6 for full compaction
[21.862s][info][gc,phases,start] GC(158) Phase 1: Mark live objects
[21.883s][info][gc,phases      ] GC(158) Phase 1: Mark live objects 20.981ms
[21.883s][info][gc,phases,start] GC(158) Phase 2: Prepare compaction
[21.884s][info][gc,phases      ] GC(158) Phase 2: Prepare compaction 0.731ms
[21.884s][info][gc,phases,start] GC(158) Phase 3: Adjust pointers
[21.889s][info][gc,phases      ] GC(158) Phase 3: Adjust pointers 5.633ms
[21.889s][info][gc,phases,start] GC(158) Phase 4: Compact heap
[21.890s][info][gc,phases      ] GC(158) Phase 4: Compact heap 0.540ms
[21.890s][info][gc,phases,start] GC(158) Phase 5: Reset Metadata
[21.894s][info][gc,phases      ] GC(158) Phase 5: Reset Metadata 3.607ms
[21.898s][info][gc,heap        ] GC(158) Eden regions: 630->0(1228)
[21.898s][info][gc,heap        ] GC(158) Survivor regions: 21->0(154)
[21.898s][info][gc,heap        ] GC(158) Old regions: 74->74
[21.898s][info][gc,heap        ] GC(158) Humongous regions: 7->7
[21.898s][info][gc,metaspace   ] GC(158) Metaspace: 11225K(11392K)->11225K(11392K) NonClass: 9833K(9920K)->9833K(9920K) Class: 1392K(1472K)->1392K(1472K)
[21.898s][info][gc             ] GC(158) Pause Full (System.gc()) 726M->75M(2048M) 36.778ms
[21.898s][info][gc,cpu         ] GC(158) User=0.03s Sys=0.00s Real=0.03s
[22.029s][info][gc,start       ] GC(159) Pause Young (Normal) (G1 Evacuation Pause)
[22.029s][info][gc,task        ] GC(159) Using 6 workers of 6 for evacuation
[22.046s][info][gc,phases      ] GC(159)   Pre Evacuate Collection Set: 0.3ms
[22.046s][info][gc,phases      ] GC(159)   Merge Heap Roots: 0.1ms
[22.046s][info][gc,phases      ] GC(159)   Evacuate Collection Set: 15.3ms
[22.046s][info][gc,phases      ] GC(159)   Post Evacuate Collection Set: 0.8ms
[22.046s][info][gc,phases      ] GC(159)   Other: 0.1ms
[22.046s][info][gc,heap        ] GC(159) Eden regions: 1228->0(1206)
[22.046s][info][gc,heap        ] GC(159) Survivor regions: 0->22(154)
[22.046s][info][gc,heap        ] GC(159) Old regions: 74->74
[22.046s][info][gc,heap        ] GC(159) Humongous regions: 7->7
[22.046s][info][gc,metaspace   ] GC(159) Metaspace: 11225K(11392K)->11225K(11392K) NonClass: 9833K(9920K)->9833K(9920K) Class: 1392K(1472K)->1392K(1472K)
[22.046s][info][gc             ] GC(159) Pause Young (Normal) (G1 Evacuation Pause) 1303M->97M(2048M) 16.806ms
[22.046s][info][gc,cpu         ] GC(159) User=0.03s Sys=0.00s Real=0.02s
[22.121s][info][gc,start       ] GC(160) Pause Full (System.gc())
[22.121s][info][gc,task        ] GC(160) Using 6 workers of 6 for full compaction
[22.121s][info][gc,phases,start] GC(160) Phase 1: Mark live objects
[22.142s][info][gc,phases      ] GC(160) Phase 1: Mark live objects 20.711ms
[22.142s][info][gc,phases,start] GC(160) Phase 2: Prepare compaction
[22.143s][info][gc,phases      ] GC(160) Phase 2: Prepare compaction 0.672ms
[22.143s][info][gc,phases,start] GC(160) Phase 3: Adjust pointers
[22.148s][info][gc,phases      ] GC(160) Phase 3: Adjust pointers 5.007ms
[22.148s][info][gc,phases,start] GC(160) Phase 4: Compact heap
[22.148s][info][gc,phases      ] GC(160) Phase 4: Compact heap 0.650ms
[22.148s][info][gc,phases,start] GC(160) Phase 5: Reset Metadata
[22.153s][info][gc,phases      ] GC(160) Phase 5: Reset Metadata 4.248ms
[22.157s][info][gc,heap        ] GC(160) Eden regions: 630->0(1228)
[22.157s][info][gc,heap        ] GC(160) Survivor regions: 22->0(154)
[22.157s][info][gc,heap        ] GC(160) Old regions: 74->74
[22.157s][info][gc,heap        ] GC(160) Humongous regions: 7->7
[22.157s][info][gc,metaspace   ] GC(160) Metaspace: 11225K(11392K)->11225K(11392K) NonClass: 9833K(9920K)->9833K(9920K) Class: 1392K(1472K)->1392K(1472K)
[22.157s][info][gc             ] GC(160) Pause Full (System.gc()) 726M->75M(2048M) 36.643ms
[22.157s][info][gc,cpu         ] GC(160) User=0.05s Sys=0.00s Real=0.04s
[22.288s][info][gc,start       ] GC(161) Pause Young (Normal) (G1 Evacuation Pause)
[22.288s][info][gc,task        ] GC(161) Using 6 workers of 6 for evacuation
[22.304s][info][gc,phases      ] GC(161)   Pre Evacuate Collection Set: 0.2ms
[22.304s][info][gc,phases      ] GC(161)   Merge Heap Roots: 0.1ms
[22.304s][info][gc,phases      ] GC(161)   Evacuate Collection Set: 15.1ms
[22.304s][info][gc,phases      ] GC(161)   Post Evacuate Collection Set: 0.7ms
[22.304s][info][gc,phases      ] GC(161)   Other: 0.1ms
[22.304s][info][gc,heap        ] GC(161) Eden regions: 1228->0(1207)
[22.304s][info][gc,heap        ] GC(161) Survivor regions: 0->21(154)
[22.304s][info][gc,heap        ] GC(161) Old regions: 74->74
[22.304s][info][gc,heap        ] GC(161) Humongous regions: 7->7
[22.304s][info][gc,metaspace   ] GC(161) Metaspace: 11225K(11392K)->11225K(11392K) NonClass: 9833K(9920K)->9833K(9920K) Class: 1392K(1472K)->1392K(1472K)
[22.304s][info][gc             ] GC(161) Pause Young (Normal) (G1 Evacuation Pause) 1303M->96M(2048M) 16.431ms
[22.304s][info][gc,cpu         ] GC(161) User=0.02s Sys=0.00s Real=0.02s
[22.383s][info][gc,start       ] GC(162) Pause Full (System.gc())
[22.383s][info][gc,task        ] GC(162) Using 6 workers of 6 for full compaction
[22.384s][info][gc,phases,start] GC(162) Phase 1: Mark live objects
[22.404s][info][gc,phases      ] GC(162) Phase 1: Mark live objects 20.759ms
[22.404s][info][gc,phases,start] GC(162) Phase 2: Prepare compaction
[22.405s][info][gc,phases      ] GC(162) Phase 2: Prepare compaction 0.705ms
[22.405s][info][gc,phases,start] GC(162) Phase 3: Adjust pointers
[22.411s][info][gc,phases      ] GC(162) Phase 3: Adjust pointers 5.575ms
[22.412s][info][gc,phases,start] GC(162) Phase 4: Compact heap
[22.413s][info][gc,phases      ] GC(162) Phase 4: Compact heap 0.508ms
[22.413s][info][gc,phases,start] GC(162) Phase 5: Reset Metadata
[22.416s][info][gc,phases      ] GC(162) Phase 5: Reset Metadata 3.878ms
[22.421s][info][gc,heap        ] GC(162) Eden regions: 630->0(1228)
[22.421s][info][gc,heap        ] GC(162) Survivor regions: 21->0(154)
[22.421s][info][gc,heap        ] GC(162) Old regions: 74->74
[22.421s][info][gc,heap        ] GC(162) Humongous regions: 7->7
[22.421s][info][gc,metaspace   ] GC(162) Metaspace: 11225K(11392K)->11225K(11392K) NonClass: 9833K(9920K)->9833K(9920K) Class: 1392K(1472K)->1392K(1472K)
[22.421s][info][gc             ] GC(162) Pause Full (System.gc()) 726M->75M(2048M) 37.720ms
[22.421s][info][gc,cpu         ] GC(162) User=0.03s Sys=0.00s Real=0.03s
[22.559s][info][gc,start       ] GC(163) Pause Young (Normal) (G1 Evacuation Pause)
[22.559s][info][gc,task        ] GC(163) Using 6 workers of 6 for evacuation
[22.575s][info][gc,phases      ] GC(163)   Pre Evacuate Collection Set: 0.2ms
[22.575s][info][gc,phases      ] GC(163)   Merge Heap Roots: 0.2ms
[22.575s][info][gc,phases      ] GC(163)   Evacuate Collection Set: 15.2ms
[22.575s][info][gc,phases      ] GC(163)   Post Evacuate Collection Set: 0.9ms
[22.575s][info][gc,phases      ] GC(163)   Other: 0.1ms
[22.575s][info][gc,heap        ] GC(163) Eden regions: 1228->0(1206)
[22.575s][info][gc,heap        ] GC(163) Survivor regions: 0->22(154)
[22.575s][info][gc,heap        ] GC(163) Old regions: 74->74
[22.575s][info][gc,heap        ] GC(163) Humongous regions: 7->7
[22.575s][info][gc,metaspace   ] GC(163) Metaspace: 11225K(11392K)->11225K(11392K) NonClass: 9833K(9920K)->9833K(9920K) Class: 1392K(1472K)->1392K(1472K)
[22.575s][info][gc             ] GC(163) Pause Young (Normal) (G1 Evacuation Pause) 1303M->97M(2048M) 16.755ms
[22.575s][info][gc,cpu         ] GC(163) User=0.02s Sys=0.00s Real=0.01s
[22.651s][info][gc,start       ] GC(164) Pause Full (System.gc())
[22.651s][info][gc,task        ] GC(164) Using 6 workers of 6 for full compaction
[22.652s][info][gc,phases,start] GC(164) Phase 1: Mark live objects
[22.672s][info][gc,phases      ] GC(164) Phase 1: Mark live objects 20.565ms
[22.672s][info][gc,phases,start] GC(164) Phase 2: Prepare compaction
[22.673s][info][gc,phases      ] GC(164) Phase 2: Prepare compaction 0.634ms
[22.673s][info][gc,phases,start] GC(164) Phase 3: Adjust pointers
[22.678s][info][gc,phases      ] GC(164) Phase 3: Adjust pointers 5.105ms
[22.678s][info][gc,phases,start] GC(164) Phase 4: Compact heap
[22.679s][info][gc,phases      ] GC(164) Phase 4: Compact heap 0.487ms
[22.679s][info][gc,phases,start] GC(164) Phase 5: Reset Metadata
[22.682s][info][gc,phases      ] GC(164) Phase 5: Reset Metadata 3.806ms
[22.687s][info][gc,heap        ] GC(164) Eden regions: 629->0(1228)
[22.687s][info][gc,heap        ] GC(164) Survivor regions: 22->0(154)
[22.687s][info][gc,heap        ] GC(164) Old regions: 74->74
[22.687s][info][gc,heap        ] GC(164) Humongous regions: 7->7
[22.687s][info][gc,metaspace   ] GC(164) Metaspace: 11225K(11392K)->11225K(11392K) NonClass: 9833K(9920K)->9833K(9920K) Class: 1392K(1472K)->1392K(1472K)
[22.687s][info][gc             ] GC(164) Pause Full (System.gc()) 726M->75M(2048M) 36.004ms
[22.687s][info][gc,cpu         ] GC(164) User=0.03s Sys=0.00s Real=0.03s
[22.818s][info][gc,start       ] GC(165) Pause Young (Normal) (G1 Evacuation Pause)
[22.818s][info][gc,task        ] GC(165) Using 6 workers of 6 for evacuation
[22.834s][info][gc,phases      ] GC(165)   Pre Evacuate Collection Set: 0.3ms
[22.834s][info][gc,phases      ] GC(165)   Merge Heap Roots: 0.1ms
[22.834s][info][gc,phases      ] GC(165)   Evacuate Collection Set: 14.9ms
[22.834s][info][gc,phases      ] GC(165)   Post Evacuate Collection Set: 0.8ms
[22.834s][info][gc,phases      ] GC(165)   Other: 0.1ms
[22.834s][info][gc,heap        ] GC(165) Eden regions: 1228->0(1207)
[22.834s][info][gc,heap        ] GC(165) Survivor regions: 0->21(154)
[22.834s][info][gc,heap        ] GC(165) Old regions: 74->74
[22.834s][info][gc,heap        ] GC(165) Humongous regions: 7->7
[22.834s][info][gc,metaspace   ] GC(165) Metaspace: 11225K(11392K)->11225K(11392K) NonClass: 9833K(9920K)->9833K(9920K) Class: 1392K(1472K)->1392K(1472K)
[22.834s][info][gc             ] GC(165) Pause Young (Normal) (G1 Evacuation Pause) 1303M->96M(2048M) 16.479ms
[22.834s][info][gc,cpu         ] GC(165) User=0.00s Sys=0.00s Real=0.03s
[22.913s][info][gc,start       ] GC(166) Pause Full (System.gc())
[22.913s][info][gc,task        ] GC(166) Using 6 workers of 6 for full compaction
[22.913s][info][gc,phases,start] GC(166) Phase 1: Mark live objects
[22.934s][info][gc,phases      ] GC(166) Phase 1: Mark live objects 20.931ms
[22.934s][info][gc,phases,start] GC(166) Phase 2: Prepare compaction
[22.935s][info][gc,phases      ] GC(166) Phase 2: Prepare compaction 0.719ms
[22.935s][info][gc,phases,start] GC(166) Phase 3: Adjust pointers
[22.941s][info][gc,phases      ] GC(166) Phase 3: Adjust pointers 5.636ms
[22.941s][info][gc,phases,start] GC(166) Phase 4: Compact heap
[22.941s][info][gc,phases      ] GC(166) Phase 4: Compact heap 0.550ms
[22.941s][info][gc,phases,start] GC(166) Phase 5: Reset Metadata
[22.945s][info][gc,phases      ] GC(166) Phase 5: Reset Metadata 3.532ms
[22.949s][info][gc,heap        ] GC(166) Eden regions: 629->0(1228)
[22.950s][info][gc,heap        ] GC(166) Survivor regions: 21->0(154)
[22.950s][info][gc,heap        ] GC(166) Old regions: 74->74
[22.950s][info][gc,heap        ] GC(166) Humongous regions: 7->7
[22.950s][info][gc,metaspace   ] GC(166) Metaspace: 11225K(11392K)->11225K(11392K) NonClass: 9833K(9920K)->9833K(9920K) Class: 1392K(1472K)->1392K(1472K)
[22.950s][info][gc             ] GC(166) Pause Full (System.gc()) 725M->75M(2048M) 36.654ms
[22.950s][info][gc,cpu         ] GC(166) User=0.03s Sys=0.00s Real=0.03s
[23.081s][info][gc,start       ] GC(167) Pause Young (Normal) (G1 Evacuation Pause)
[23.081s][info][gc,task        ] GC(167) Using 6 workers of 6 for evacuation
[23.097s][info][gc,phases      ] GC(167)   Pre Evacuate Collection Set: 0.3ms
[23.097s][info][gc,phases      ] GC(167)   Merge Heap Roots: 0.1ms
[23.098s][info][gc,phases      ] GC(167)   Evacuate Collection Set: 15.4ms
[23.098s][info][gc,phases      ] GC(167)   Post Evacuate Collection Set: 0.7ms
[23.098s][info][gc,phases      ] GC(167)   Other: 0.1ms
[23.098s][info][gc,heap        ] GC(167) Eden regions: 1228->0(1207)
[23.098s][info][gc,heap        ] GC(167) Survivor regions: 0->21(154)
[23.098s][info][gc,heap        ] GC(167) Old regions: 74->74
[23.098s][info][gc,heap        ] GC(167) Humongous regions: 7->7
[23.098s][info][gc,metaspace   ] GC(167) Metaspace: 11225K(11392K)->11225K(11392K) NonClass: 9833K(9920K)->9833K(9920K) Class: 1392K(1472K)->1392K(1472K)
[23.098s][info][gc             ] GC(167) Pause Young (Normal) (G1 Evacuation Pause) 1303M->96M(2048M) 16.791ms
[23.098s][info][gc,cpu         ] GC(167) User=0.02s Sys=0.00s Real=0.02s
[23.173s][info][gc,start       ] GC(168) Pause Full (System.gc())
[23.173s][info][gc,task        ] GC(168) Using 6 workers of 6 for full compaction
[23.173s][info][gc,phases,start] GC(168) Phase 1: Mark live objects
[23.194s][info][gc,phases      ] GC(168) Phase 1: Mark live objects 20.910ms
[23.194s][info][gc,phases,start] GC(168) Phase 2: Prepare compaction
[23.195s][info][gc,phases      ] GC(168) Phase 2: Prepare compaction 0.666ms
[23.195s][info][gc,phases,start] GC(168) Phase 3: Adjust pointers
[23.201s][info][gc,phases      ] GC(168) Phase 3: Adjust pointers 5.491ms
[23.201s][info][gc,phases,start] GC(168) Phase 4: Compact heap
[23.201s][info][gc,phases      ] GC(168) Phase 4: Compact heap 0.525ms
[23.201s][info][gc,phases,start] GC(168) Phase 5: Reset Metadata
[23.205s][info][gc,phases      ] GC(168) Phase 5: Reset Metadata 3.526ms
[23.209s][info][gc,heap        ] GC(168) Eden regions: 630->0(1228)
[23.209s][info][gc,heap        ] GC(168) Survivor regions: 21->0(154)
[23.209s][info][gc,heap        ] GC(168) Old regions: 74->74
[23.210s][info][gc,heap        ] GC(168) Humongous regions: 7->7
[23.210s][info][gc,metaspace   ] GC(168) Metaspace: 11225K(11392K)->11225K(11392K) NonClass: 9833K(9920K)->9833K(9920K) Class: 1392K(1472K)->1392K(1472K)
[23.210s][info][gc             ] GC(168) Pause Full (System.gc()) 726M->75M(2048M) 36.531ms
[23.210s][info][gc,cpu         ] GC(168) User=0.03s Sys=0.00s Real=0.03s
[23.340s][info][gc,start       ] GC(169) Pause Young (Normal) (G1 Evacuation Pause)
[23.340s][info][gc,task        ] GC(169) Using 6 workers of 6 for evacuation
[23.356s][info][gc,phases      ] GC(169)   Pre Evacuate Collection Set: 0.2ms
[23.356s][info][gc,phases      ] GC(169)   Merge Heap Roots: 0.1ms
[23.356s][info][gc,phases      ] GC(169)   Evacuate Collection Set: 15.4ms
[23.356s][info][gc,phases      ] GC(169)   Post Evacuate Collection Set: 0.6ms
[23.356s][info][gc,phases      ] GC(169)   Other: 0.1ms
[23.356s][info][gc,heap        ] GC(169) Eden regions: 1228->0(1206)
[23.356s][info][gc,heap        ] GC(169) Survivor regions: 0->22(154)
[23.356s][info][gc,heap        ] GC(169) Old regions: 74->74
[23.356s][info][gc,heap        ] GC(169) Humongous regions: 7->7
[23.357s][info][gc,metaspace   ] GC(169) Metaspace: 11226K(11456K)->11226K(11456K) NonClass: 9834K(9984K)->9834K(9984K) Class: 1392K(1472K)->1392K(1472K)
[23.357s][info][gc             ] GC(169) Pause Young (Normal) (G1 Evacuation Pause) 1303M->97M(2048M) 16.719ms
[23.357s][info][gc,cpu         ] GC(169) User=0.03s Sys=0.00s Real=0.02s
[23.434s][info][gc,start       ] GC(170) Pause Full (System.gc())
[23.435s][info][gc,task        ] GC(170) Using 6 workers of 6 for full compaction
[23.435s][info][gc,phases,start] GC(170) Phase 1: Mark live objects
[23.456s][info][gc,phases      ] GC(170) Phase 1: Mark live objects 20.989ms
[23.456s][info][gc,phases,start] GC(170) Phase 2: Prepare compaction
[23.457s][info][gc,phases      ] GC(170) Phase 2: Prepare compaction 0.740ms
[23.457s][info][gc,phases,start] GC(170) Phase 3: Adjust pointers
[23.462s][info][gc,phases      ] GC(170) Phase 3: Adjust pointers 5.645ms
[23.462s][info][gc,phases,start] GC(170) Phase 4: Compact heap
[23.463s][info][gc,phases      ] GC(170) Phase 4: Compact heap 0.727ms
[23.463s][info][gc,phases,start] GC(170) Phase 5: Reset Metadata
[23.467s][info][gc,phases      ] GC(170) Phase 5: Reset Metadata 3.674ms
[23.472s][info][gc,heap        ] GC(170) Eden regions: 630->0(1228)
[23.472s][info][gc,heap        ] GC(170) Survivor regions: 22->0(154)
[23.472s][info][gc,heap        ] GC(170) Old regions: 74->74
[23.472s][info][gc,heap        ] GC(170) Humongous regions: 7->7
[23.472s][info][gc,metaspace   ] GC(170) Metaspace: 11226K(11456K)->11226K(11456K) NonClass: 9834K(9984K)->9834K(9984K) Class: 1392K(1472K)->1392K(1472K)
[23.472s][info][gc             ] GC(170) Pause Full (System.gc()) 726M->75M(2048M) 37.483ms
[23.472s][info][gc,cpu         ] GC(170) User=0.03s Sys=0.00s Real=0.03s
[23.605s][info][gc,start       ] GC(171) Pause Young (Normal) (G1 Evacuation Pause)
[23.605s][info][gc,task        ] GC(171) Using 6 workers of 6 for evacuation
[23.621s][info][gc,phases      ] GC(171)   Pre Evacuate Collection Set: 0.2ms
[23.621s][info][gc,phases      ] GC(171)   Merge Heap Roots: 0.1ms
[23.621s][info][gc,phases      ] GC(171)   Evacuate Collection Set: 15.5ms
[23.621s][info][gc,phases      ] GC(171)   Post Evacuate Collection Set: 0.7ms
[23.621s][info][gc,phases      ] GC(171)   Other: 0.1ms
[23.621s][info][gc,heap        ] GC(171) Eden regions: 1228->0(1206)
[23.621s][info][gc,heap        ] GC(171) Survivor regions: 0->22(154)
[23.621s][info][gc,heap        ] GC(171) Old regions: 74->74
[23.621s][info][gc,heap        ] GC(171) Humongous regions: 7->7
[23.621s][info][gc,metaspace   ] GC(171) Metaspace: 11226K(11456K)->11226K(11456K) NonClass: 9834K(9984K)->9834K(9984K) Class: 1392K(1472K)->1392K(1472K)
[23.622s][info][gc             ] GC(171) Pause Young (Normal) (G1 Evacuation Pause) 1303M->97M(2048M) 16.833ms
[23.622s][info][gc,cpu         ] GC(171) User=0.03s Sys=0.00s Real=0.02s
[23.700s][info][gc,start       ] GC(172) Pause Full (System.gc())
[23.700s][info][gc,task        ] GC(172) Using 6 workers of 6 for full compaction
[23.700s][info][gc,phases,start] GC(172) Phase 1: Mark live objects
[23.721s][info][gc,phases      ] GC(172) Phase 1: Mark live objects 20.712ms
[23.721s][info][gc,phases,start] GC(172) Phase 2: Prepare compaction
[23.722s][info][gc,phases      ] GC(172) Phase 2: Prepare compaction 0.714ms
[23.722s][info][gc,phases,start] GC(172) Phase 3: Adjust pointers
[23.727s][info][gc,phases      ] GC(172) Phase 3: Adjust pointers 5.586ms
[23.727s][info][gc,phases,start] GC(172) Phase 4: Compact heap
[23.728s][info][gc,phases      ] GC(172) Phase 4: Compact heap 0.559ms
[23.728s][info][gc,phases,start] GC(172) Phase 5: Reset Metadata
[23.731s][info][gc,phases      ] GC(172) Phase 5: Reset Metadata 3.608ms
[23.736s][info][gc,heap        ] GC(172) Eden regions: 630->0(1228)
[23.736s][info][gc,heap        ] GC(172) Survivor regions: 22->0(154)
[23.736s][info][gc,heap        ] GC(172) Old regions: 74->74
[23.736s][info][gc,heap        ] GC(172) Humongous regions: 7->7
[23.736s][info][gc,metaspace   ] GC(172) Metaspace: 11226K(11456K)->11226K(11456K) NonClass: 9834K(9984K)->9834K(9984K) Class: 1392K(1472K)->1392K(1472K)
[23.736s][info][gc             ] GC(172) Pause Full (System.gc()) 727M->75M(2048M) 36.390ms
[23.736s][info][gc,cpu         ] GC(172) User=0.03s Sys=0.00s Real=0.03s
[23.867s][info][gc,start       ] GC(173) Pause Young (Normal) (G1 Evacuation Pause)
[23.867s][info][gc,task        ] GC(173) Using 6 workers of 6 for evacuation
[23.883s][info][gc,phases      ] GC(173)   Pre Evacuate Collection Set: 0.3ms
[23.883s][info][gc,phases      ] GC(173)   Merge Heap Roots: 0.1ms
[23.883s][info][gc,phases      ] GC(173)   Evacuate Collection Set: 15.0ms
[23.883s][info][gc,phases      ] GC(173)   Post Evacuate Collection Set: 0.7ms
[23.883s][info][gc,phases      ] GC(173)   Other: 0.1ms
[23.883s][info][gc,heap        ] GC(173) Eden regions: 1228->0(1207)
[23.883s][info][gc,heap        ] GC(173) Survivor regions: 0->21(154)
[23.883s][info][gc,heap        ] GC(173) Old regions: 74->74
[23.883s][info][gc,heap        ] GC(173) Humongous regions: 7->7
[23.883s][info][gc,metaspace   ] GC(173) Metaspace: 11226K(11456K)->11226K(11456K) NonClass: 9834K(9984K)->9834K(9984K) Class: 1392K(1472K)->1392K(1472K)
[23.883s][info][gc             ] GC(173) Pause Young (Normal) (G1 Evacuation Pause) 1303M->96M(2048M) 16.449ms
[23.883s][info][gc,cpu         ] GC(173) User=0.02s Sys=0.00s Real=0.01s
[23.961s][info][gc,start       ] GC(174) Pause Full (System.gc())
[23.961s][info][gc,task        ] GC(174) Using 6 workers of 6 for full compaction
[23.961s][info][gc,phases,start] GC(174) Phase 1: Mark live objects
[23.982s][info][gc,phases      ] GC(174) Phase 1: Mark live objects 20.932ms
[23.982s][info][gc,phases,start] GC(174) Phase 2: Prepare compaction
[23.983s][info][gc,phases      ] GC(174) Phase 2: Prepare compaction 0.710ms
[23.983s][info][gc,phases,start] GC(174) Phase 3: Adjust pointers
[23.988s][info][gc,phases      ] GC(174) Phase 3: Adjust pointers 5.530ms
[23.988s][info][gc,phases,start] GC(174) Phase 4: Compact heap
[23.989s][info][gc,phases      ] GC(174) Phase 4: Compact heap 0.541ms
[23.989s][info][gc,phases,start] GC(174) Phase 5: Reset Metadata
[23.992s][info][gc,phases      ] GC(174) Phase 5: Reset Metadata 3.419ms
[23.997s][info][gc,heap        ] GC(174) Eden regions: 630->0(1228)
[23.997s][info][gc,heap        ] GC(174) Survivor regions: 21->0(154)
[23.997s][info][gc,heap        ] GC(174) Old regions: 74->74
[23.997s][info][gc,heap        ] GC(174) Humongous regions: 7->7
[23.997s][info][gc,metaspace   ] GC(174) Metaspace: 11226K(11456K)->11226K(11456K) NonClass: 9834K(9984K)->9834K(9984K) Class: 1392K(1472K)->1392K(1472K)
[23.997s][info][gc             ] GC(174) Pause Full (System.gc()) 726M->75M(2048M) 36.475ms
[23.997s][info][gc,cpu         ] GC(174) User=0.03s Sys=0.00s Real=0.04s
[24.129s][info][gc,start       ] GC(175) Pause Young (Normal) (G1 Evacuation Pause)
[24.129s][info][gc,task        ] GC(175) Using 6 workers of 6 for evacuation
[24.145s][info][gc,phases      ] GC(175)   Pre Evacuate Collection Set: 0.3ms
[24.145s][info][gc,phases      ] GC(175)   Merge Heap Roots: 0.1ms
[24.145s][info][gc,phases      ] GC(175)   Evacuate Collection Set: 15.2ms
[24.145s][info][gc,phases      ] GC(175)   Post Evacuate Collection Set: 0.8ms
[24.146s][info][gc,phases      ] GC(175)   Other: 0.1ms
[24.146s][info][gc,heap        ] GC(175) Eden regions: 1228->0(1206)
[24.146s][info][gc,heap        ] GC(175) Survivor regions: 0->22(154)
[24.146s][info][gc,heap        ] GC(175) Old regions: 74->74
[24.146s][info][gc,heap        ] GC(175) Humongous regions: 7->7
[24.146s][info][gc,metaspace   ] GC(175) Metaspace: 11226K(11456K)->11226K(11456K) NonClass: 9834K(9984K)->9834K(9984K) Class: 1392K(1472K)->1392K(1472K)
[24.146s][info][gc             ] GC(175) Pause Young (Normal) (G1 Evacuation Pause) 1303M->97M(2048M) 16.764ms
[24.146s][info][gc,cpu         ] GC(175) User=0.02s Sys=0.00s Real=0.02s
[24.224s][info][gc,start       ] GC(176) Pause Full (System.gc())
[24.224s][info][gc,task        ] GC(176) Using 6 workers of 6 for full compaction
[24.225s][info][gc,phases,start] GC(176) Phase 1: Mark live objects
[24.245s][info][gc,phases      ] GC(176) Phase 1: Mark live objects 20.724ms
[24.245s][info][gc,phases,start] GC(176) Phase 2: Prepare compaction
[24.246s][info][gc,phases      ] GC(176) Phase 2: Prepare compaction 0.697ms
[24.246s][info][gc,phases,start] GC(176) Phase 3: Adjust pointers
[24.252s][info][gc,phases      ] GC(176) Phase 3: Adjust pointers 5.832ms
[24.252s][info][gc,phases,start] GC(176) Phase 4: Compact heap
[24.253s][info][gc,phases      ] GC(176) Phase 4: Compact heap 0.495ms
[24.253s][info][gc,phases,start] GC(176) Phase 5: Reset Metadata
[24.256s][info][gc,phases      ] GC(176) Phase 5: Reset Metadata 3.397ms
[24.260s][info][gc,heap        ] GC(176) Eden regions: 629->0(1228)
[24.260s][info][gc,heap        ] GC(176) Survivor regions: 22->0(154)
[24.260s][info][gc,heap        ] GC(176) Old regions: 74->74
[24.260s][info][gc,heap        ] GC(176) Humongous regions: 7->7
[24.260s][info][gc,metaspace   ] GC(176) Metaspace: 11228K(11456K)->11228K(11456K) NonClass: 9835K(9984K)->9835K(9984K) Class: 1392K(1472K)->1392K(1472K)
[24.260s][info][gc             ] GC(176) Pause Full (System.gc()) 726M->75M(2048M) 36.235ms
[24.260s][info][gc,cpu         ] GC(176) User=0.03s Sys=0.00s Real=0.04s
[24.391s][info][gc,start       ] GC(177) Pause Young (Normal) (G1 Evacuation Pause)
[24.391s][info][gc,task        ] GC(177) Using 6 workers of 6 for evacuation
[24.408s][info][gc,phases      ] GC(177)   Pre Evacuate Collection Set: 0.2ms
[24.408s][info][gc,phases      ] GC(177)   Merge Heap Roots: 0.2ms
[24.408s][info][gc,phases      ] GC(177)   Evacuate Collection Set: 15.5ms
[24.408s][info][gc,phases      ] GC(177)   Post Evacuate Collection Set: 0.7ms
[24.408s][info][gc,phases      ] GC(177)   Other: 0.1ms
[24.408s][info][gc,heap        ] GC(177) Eden regions: 1228->0(1206)
[24.408s][info][gc,heap        ] GC(177) Survivor regions: 0->22(154)
[24.408s][info][gc,heap        ] GC(177) Old regions: 74->74
[24.408s][info][gc,heap        ] GC(177) Humongous regions: 7->7
[24.408s][info][gc,metaspace   ] GC(177) Metaspace: 11230K(11456K)->11230K(11456K) NonClass: 9838K(9984K)->9838K(9984K) Class: 1392K(1472K)->1392K(1472K)
[24.408s][info][gc             ] GC(177) Pause Young (Normal) (G1 Evacuation Pause) 1303M->97M(2048M) 16.914ms
[24.408s][info][gc,cpu         ] GC(177) User=0.02s Sys=0.00s Real=0.01s
[24.488s][info][gc,start       ] GC(178) Pause Full (System.gc())
[24.488s][info][gc,task        ] GC(178) Using 6 workers of 6 for full compaction
[24.488s][info][gc,phases,start] GC(178) Phase 1: Mark live objects
[24.509s][info][gc,phases      ] GC(178) Phase 1: Mark live objects 20.985ms
[24.509s][info][gc,phases,start] GC(178) Phase 2: Prepare compaction
[24.510s][info][gc,phases      ] GC(178) Phase 2: Prepare compaction 0.579ms
[24.510s][info][gc,phases,start] GC(178) Phase 3: Adjust pointers
[24.515s][info][gc,phases      ] GC(178) Phase 3: Adjust pointers 5.531ms
[24.515s][info][gc,phases,start] GC(178) Phase 4: Compact heap
[24.516s][info][gc,phases      ] GC(178) Phase 4: Compact heap 0.628ms
[24.516s][info][gc,phases,start] GC(178) Phase 5: Reset Metadata
[24.520s][info][gc,phases      ] GC(178) Phase 5: Reset Metadata 3.553ms
[24.524s][info][gc,heap        ] GC(178) Eden regions: 630->0(1228)
[24.524s][info][gc,heap        ] GC(178) Survivor regions: 22->0(154)
[24.524s][info][gc,heap        ] GC(178) Old regions: 74->74
[24.524s][info][gc,heap        ] GC(178) Humongous regions: 7->7
[24.524s][info][gc,metaspace   ] GC(178) Metaspace: 11232K(11456K)->11232K(11456K) NonClass: 9840K(9984K)->9840K(9984K) Class: 1392K(1472K)->1392K(1472K)
[24.524s][info][gc             ] GC(178) Pause Full (System.gc()) 727M->75M(2048M) 36.291ms
[24.524s][info][gc,cpu         ] GC(178) User=0.03s Sys=0.00s Real=0.03s
[24.655s][info][gc,start       ] GC(179) Pause Young (Normal) (G1 Evacuation Pause)
[24.655s][info][gc,task        ] GC(179) Using 6 workers of 6 for evacuation
[24.672s][info][gc,phases      ] GC(179)   Pre Evacuate Collection Set: 0.3ms
[24.672s][info][gc,phases      ] GC(179)   Merge Heap Roots: 0.2ms
[24.672s][info][gc,phases      ] GC(179)   Evacuate Collection Set: 15.3ms
[24.672s][info][gc,phases      ] GC(179)   Post Evacuate Collection Set: 0.9ms
[24.672s][info][gc,phases      ] GC(179)   Other: 0.1ms
[24.672s][info][gc,heap        ] GC(179) Eden regions: 1228->0(1206)
[24.672s][info][gc,heap        ] GC(179) Survivor regions: 0->22(154)
[24.672s][info][gc,heap        ] GC(179) Old regions: 74->74
[24.672s][info][gc,heap        ] GC(179) Humongous regions: 7->7
[24.672s][info][gc,metaspace   ] GC(179) Metaspace: 11232K(11456K)->11232K(11456K) NonClass: 9840K(9984K)->9840K(9984K) Class: 1392K(1472K)->1392K(1472K)
[24.672s][info][gc             ] GC(179) Pause Young (Normal) (G1 Evacuation Pause) 1303M->97M(2048M) 17.036ms
[24.672s][info][gc,cpu         ] GC(179) User=0.03s Sys=0.02s Real=0.03s
[24.747s][info][gc,start       ] GC(180) Pause Full (System.gc())
[24.747s][info][gc,task        ] GC(180) Using 6 workers of 6 for full compaction
[24.747s][info][gc,phases,start] GC(180) Phase 1: Mark live objects
[24.768s][info][gc,phases      ] GC(180) Phase 1: Mark live objects 20.696ms
[24.768s][info][gc,phases,start] GC(180) Phase 2: Prepare compaction
[24.769s][info][gc,phases      ] GC(180) Phase 2: Prepare compaction 0.712ms
[24.769s][info][gc,phases,start] GC(180) Phase 3: Adjust pointers
[24.774s][info][gc,phases      ] GC(180) Phase 3: Adjust pointers 5.517ms
[24.774s][info][gc,phases,start] GC(180) Phase 4: Compact heap
[24.775s][info][gc,phases      ] GC(180) Phase 4: Compact heap 0.564ms
[24.775s][info][gc,phases,start] GC(180) Phase 5: Reset Metadata
[24.778s][info][gc,phases      ] GC(180) Phase 5: Reset Metadata 3.457ms
[24.783s][info][gc,heap        ] GC(180) Eden regions: 630->0(1228)
[24.783s][info][gc,heap        ] GC(180) Survivor regions: 22->0(154)
[24.783s][info][gc,heap        ] GC(180) Old regions: 74->74
[24.783s][info][gc,heap        ] GC(180) Humongous regions: 7->7
[24.783s][info][gc,metaspace   ] GC(180) Metaspace: 11232K(11456K)->11232K(11456K) NonClass: 9840K(9984K)->9840K(9984K) Class: 1392K(1472K)->1392K(1472K)
[24.783s][info][gc             ] GC(180) Pause Full (System.gc()) 727M->75M(2048M) 36.272ms
[24.783s][info][gc,cpu         ] GC(180) User=0.03s Sys=0.00s Real=0.05s
[24.913s][info][gc,start       ] GC(181) Pause Young (Normal) (G1 Evacuation Pause)
[24.913s][info][gc,task        ] GC(181) Using 6 workers of 6 for evacuation
[24.929s][info][gc,phases      ] GC(181)   Pre Evacuate Collection Set: 0.2ms
[24.929s][info][gc,phases      ] GC(181)   Merge Heap Roots: 0.1ms
[24.929s][info][gc,phases      ] GC(181)   Evacuate Collection Set: 15.0ms
[24.929s][info][gc,phases      ] GC(181)   Post Evacuate Collection Set: 0.7ms
[24.929s][info][gc,phases      ] GC(181)   Other: 0.1ms
[24.929s][info][gc,heap        ] GC(181) Eden regions: 1228->0(1207)
[24.929s][info][gc,heap        ] GC(181) Survivor regions: 0->21(154)
[24.929s][info][gc,heap        ] GC(181) Old regions: 74->74
[24.929s][info][gc,heap        ] GC(181) Humongous regions: 7->7
[24.929s][info][gc,metaspace   ] GC(181) Metaspace: 11232K(11456K)->11232K(11456K) NonClass: 9840K(9984K)->9840K(9984K) Class: 1392K(1472K)->1392K(1472K)
[24.929s][info][gc             ] GC(181) Pause Young (Normal) (G1 Evacuation Pause) 1303M->96M(2048M) 16.330ms
[24.929s][info][gc,cpu         ] GC(181) User=0.02s Sys=0.00s Real=0.02s
[25.012s][info][gc,start       ] GC(182) Pause Full (System.gc())
[25.012s][info][gc,task        ] GC(182) Using 6 workers of 6 for full compaction
[25.012s][info][gc,phases,start] GC(182) Phase 1: Mark live objects
[25.033s][info][gc,phases      ] GC(182) Phase 1: Mark live objects 21.026ms
[25.033s][info][gc,phases,start] GC(182) Phase 2: Prepare compaction
[25.034s][info][gc,phases      ] GC(182) Phase 2: Prepare compaction 0.708ms
[25.034s][info][gc,phases,start] GC(182) Phase 3: Adjust pointers
[25.040s][info][gc,phases      ] GC(182) Phase 3: Adjust pointers 5.622ms
[25.040s][info][gc,phases,start] GC(182) Phase 4: Compact heap
[25.040s][info][gc,phases      ] GC(182) Phase 4: Compact heap 0.543ms
[25.040s][info][gc,phases,start] GC(182) Phase 5: Reset Metadata
[25.044s][info][gc,phases      ] GC(182) Phase 5: Reset Metadata 3.535ms
[25.049s][info][gc,heap        ] GC(182) Eden regions: 630->0(1228)
[25.049s][info][gc,heap        ] GC(182) Survivor regions: 21->0(154)
[25.049s][info][gc,heap        ] GC(182) Old regions: 74->74
[25.049s][info][gc,heap        ] GC(182) Humongous regions: 7->7
[25.049s][info][gc,metaspace   ] GC(182) Metaspace: 11232K(11456K)->11232K(11456K) NonClass: 9840K(9984K)->9840K(9984K) Class: 1392K(1472K)->1392K(1472K)
[25.049s][info][gc             ] GC(182) Pause Full (System.gc()) 726M->75M(2048M) 36.883ms
[25.049s][info][gc,cpu         ] GC(182) User=0.03s Sys=0.00s Real=0.05s
[25.181s][info][gc,start       ] GC(183) Pause Young (Normal) (G1 Evacuation Pause)
[25.181s][info][gc,task        ] GC(183) Using 6 workers of 6 for evacuation
[25.197s][info][gc,phases      ] GC(183)   Pre Evacuate Collection Set: 0.3ms
[25.197s][info][gc,phases      ] GC(183)   Merge Heap Roots: 0.1ms
[25.197s][info][gc,phases      ] GC(183)   Evacuate Collection Set: 14.9ms
[25.197s][info][gc,phases      ] GC(183)   Post Evacuate Collection Set: 0.8ms
[25.197s][info][gc,phases      ] GC(183)   Other: 0.1ms
[25.197s][info][gc,heap        ] GC(183) Eden regions: 1228->0(1207)
[25.197s][info][gc,heap        ] GC(183) Survivor regions: 0->21(154)
[25.197s][info][gc,heap        ] GC(183) Old regions: 74->74
[25.197s][info][gc,heap        ] GC(183) Humongous regions: 7->7
[25.197s][info][gc,metaspace   ] GC(183) Metaspace: 11232K(11456K)->11232K(11456K) NonClass: 9840K(9984K)->9840K(9984K) Class: 1392K(1472K)->1392K(1472K)
[25.197s][info][gc             ] GC(183) Pause Young (Normal) (G1 Evacuation Pause) 1303M->96M(2048M) 16.403ms
[25.197s][info][gc,cpu         ] GC(183) User=0.02s Sys=0.00s Real=0.02s
[25.274s][info][gc,start       ] GC(184) Pause Full (System.gc())
[25.274s][info][gc,task        ] GC(184) Using 6 workers of 6 for full compaction
[25.275s][info][gc,phases,start] GC(184) Phase 1: Mark live objects
[25.296s][info][gc,phases      ] GC(184) Phase 1: Mark live objects 21.003ms
[25.296s][info][gc,phases,start] GC(184) Phase 2: Prepare compaction
[25.296s][info][gc,phases      ] GC(184) Phase 2: Prepare compaction 0.690ms
[25.297s][info][gc,phases,start] GC(184) Phase 3: Adjust pointers
[25.302s][info][gc,phases      ] GC(184) Phase 3: Adjust pointers 5.580ms
[25.302s][info][gc,phases,start] GC(184) Phase 4: Compact heap
[25.303s][info][gc,phases      ] GC(184) Phase 4: Compact heap 0.532ms
[25.303s][info][gc,phases,start] GC(184) Phase 5: Reset Metadata
[25.306s][info][gc,phases      ] GC(184) Phase 5: Reset Metadata 3.436ms
[25.310s][info][gc,heap        ] GC(184) Eden regions: 629->0(1228)
[25.311s][info][gc,heap        ] GC(184) Survivor regions: 21->0(154)
[25.311s][info][gc,heap        ] GC(184) Old regions: 74->74
[25.311s][info][gc,heap        ] GC(184) Humongous regions: 7->7
[25.311s][info][gc,metaspace   ] GC(184) Metaspace: 11232K(11456K)->11232K(11456K) NonClass: 9840K(9984K)->9840K(9984K) Class: 1392K(1472K)->1392K(1472K)
[25.311s][info][gc             ] GC(184) Pause Full (System.gc()) 725M->75M(2048M) 36.295ms
[25.311s][info][gc,cpu         ] GC(184) User=0.03s Sys=0.00s Real=0.03s
[25.441s][info][gc,start       ] GC(185) Pause Young (Normal) (G1 Evacuation Pause)
[25.441s][info][gc,task        ] GC(185) Using 6 workers of 6 for evacuation
[25.458s][info][gc,phases      ] GC(185)   Pre Evacuate Collection Set: 0.2ms
[25.458s][info][gc,phases      ] GC(185)   Merge Heap Roots: 0.1ms
[25.458s][info][gc,phases      ] GC(185)   Evacuate Collection Set: 15.3ms
[25.458s][info][gc,phases      ] GC(185)   Post Evacuate Collection Set: 0.8ms
[25.458s][info][gc,phases      ] GC(185)   Other: 0.1ms
[25.458s][info][gc,heap        ] GC(185) Eden regions: 1228->0(1207)
[25.458s][info][gc,heap        ] GC(185) Survivor regions: 0->21(154)
[25.458s][info][gc,heap        ] GC(185) Old regions: 74->74
[25.458s][info][gc,heap        ] GC(185) Humongous regions: 7->7
[25.458s][info][gc,metaspace   ] GC(185) Metaspace: 11232K(11456K)->11232K(11456K) NonClass: 9840K(9984K)->9840K(9984K) Class: 1392K(1472K)->1392K(1472K)
[25.458s][info][gc             ] GC(185) Pause Young (Normal) (G1 Evacuation Pause) 1303M->96M(2048M) 16.872ms
[25.458s][info][gc,cpu         ] GC(185) User=0.03s Sys=0.00s Real=0.02s
[25.540s][info][gc,start       ] GC(186) Pause Full (System.gc())
[25.540s][info][gc,task        ] GC(186) Using 6 workers of 6 for full compaction
[25.541s][info][gc,phases,start] GC(186) Phase 1: Mark live objects
[25.561s][info][gc,phases      ] GC(186) Phase 1: Mark live objects 20.810ms
[25.561s][info][gc,phases,start] GC(186) Phase 2: Prepare compaction
[25.562s][info][gc,phases      ] GC(186) Phase 2: Prepare compaction 0.699ms
[25.562s][info][gc,phases,start] GC(186) Phase 3: Adjust pointers
[25.568s][info][gc,phases      ] GC(186) Phase 3: Adjust pointers 5.566ms
[25.568s][info][gc,phases,start] GC(186) Phase 4: Compact heap
[25.568s][info][gc,phases      ] GC(186) Phase 4: Compact heap 0.548ms
[25.568s][info][gc,phases,start] GC(186) Phase 5: Reset Metadata
[25.572s][info][gc,phases      ] GC(186) Phase 5: Reset Metadata 3.525ms
[25.576s][info][gc,heap        ] GC(186) Eden regions: 630->0(1228)
[25.576s][info][gc,heap        ] GC(186) Survivor regions: 21->0(154)
[25.576s][info][gc,heap        ] GC(186) Old regions: 74->74
[25.576s][info][gc,heap        ] GC(186) Humongous regions: 7->7
[25.576s][info][gc,metaspace   ] GC(186) Metaspace: 11232K(11456K)->11232K(11456K) NonClass: 9840K(9984K)->9840K(9984K) Class: 1392K(1472K)->1392K(1472K)
[25.576s][info][gc             ] GC(186) Pause Full (System.gc()) 726M->75M(2048M) 36.231ms
[25.576s][info][gc,cpu         ] GC(186) User=0.02s Sys=0.02s Real=0.03s
[25.708s][info][gc,start       ] GC(187) Pause Young (Normal) (G1 Evacuation Pause)
[25.708s][info][gc,task        ] GC(187) Using 6 workers of 6 for evacuation
[25.724s][info][gc,phases      ] GC(187)   Pre Evacuate Collection Set: 0.3ms
[25.724s][info][gc,phases      ] GC(187)   Merge Heap Roots: 0.1ms
[25.724s][info][gc,phases      ] GC(187)   Evacuate Collection Set: 14.9ms
[25.724s][info][gc,phases      ] GC(187)   Post Evacuate Collection Set: 0.9ms
[25.724s][info][gc,phases      ] GC(187)   Other: 0.1ms
[25.724s][info][gc,heap        ] GC(187) Eden regions: 1228->0(1207)
[25.724s][info][gc,heap        ] GC(187) Survivor regions: 0->21(154)
[25.724s][info][gc,heap        ] GC(187) Old regions: 74->74
[25.724s][info][gc,heap        ] GC(187) Humongous regions: 7->7
[25.724s][info][gc,metaspace   ] GC(187) Metaspace: 11232K(11456K)->11232K(11456K) NonClass: 9840K(9984K)->9840K(9984K) Class: 1392K(1472K)->1392K(1472K)
[25.724s][info][gc             ] GC(187) Pause Young (Normal) (G1 Evacuation Pause) 1303M->96M(2048M) 16.486ms
[25.724s][info][gc,cpu         ] GC(187) User=0.02s Sys=0.00s Real=0.03s
[25.804s][info][gc,start       ] GC(188) Pause Full (System.gc())
[25.804s][info][gc,task        ] GC(188) Using 6 workers of 6 for full compaction
[25.804s][info][gc,phases,start] GC(188) Phase 1: Mark live objects
[25.825s][info][gc,phases      ] GC(188) Phase 1: Mark live objects 20.710ms
[25.825s][info][gc,phases,start] GC(188) Phase 2: Prepare compaction
[25.825s][info][gc,phases      ] GC(188) Phase 2: Prepare compaction 0.739ms
[25.825s][info][gc,phases,start] GC(188) Phase 3: Adjust pointers
[25.831s][info][gc,phases      ] GC(188) Phase 3: Adjust pointers 5.599ms
[25.831s][info][gc,phases,start] GC(188) Phase 4: Compact heap
[25.832s][info][gc,phases      ] GC(188) Phase 4: Compact heap 0.633ms
[25.832s][info][gc,phases,start] GC(188) Phase 5: Reset Metadata
[25.835s][info][gc,phases      ] GC(188) Phase 5: Reset Metadata 3.678ms
[25.840s][info][gc,heap        ] GC(188) Eden regions: 630->0(1228)
[25.840s][info][gc,heap        ] GC(188) Survivor regions: 21->0(154)
[25.840s][info][gc,heap        ] GC(188) Old regions: 74->74
[25.840s][info][gc,heap        ] GC(188) Humongous regions: 7->7
[25.840s][info][gc,metaspace   ] GC(188) Metaspace: 11232K(11456K)->11232K(11456K) NonClass: 9840K(9984K)->9840K(9984K) Class: 1392K(1472K)->1392K(1472K)
[25.840s][info][gc             ] GC(188) Pause Full (System.gc()) 725M->75M(2048M) 36.359ms
[25.840s][info][gc,cpu         ] GC(188) User=0.03s Sys=0.00s Real=0.03s
[25.971s][info][gc,start       ] GC(189) Pause Young (Normal) (G1 Evacuation Pause)
[25.971s][info][gc,task        ] GC(189) Using 6 workers of 6 for evacuation
[25.987s][info][gc,phases      ] GC(189)   Pre Evacuate Collection Set: 0.2ms
[25.987s][info][gc,phases      ] GC(189)   Merge Heap Roots: 0.1ms
[25.987s][info][gc,phases      ] GC(189)   Evacuate Collection Set: 15.2ms
[25.987s][info][gc,phases      ] GC(189)   Post Evacuate Collection Set: 0.6ms
[25.987s][info][gc,phases      ] GC(189)   Other: 0.1ms
[25.987s][info][gc,heap        ] GC(189) Eden regions: 1228->0(1207)
[25.987s][info][gc,heap        ] GC(189) Survivor regions: 0->21(154)
[25.987s][info][gc,heap        ] GC(189) Old regions: 74->74
[25.987s][info][gc,heap        ] GC(189) Humongous regions: 7->7
[25.987s][info][gc,metaspace   ] GC(189) Metaspace: 11232K(11456K)->11232K(11456K) NonClass: 9840K(9984K)->9840K(9984K) Class: 1392K(1472K)->1392K(1472K)
[25.987s][info][gc             ] GC(189) Pause Young (Normal) (G1 Evacuation Pause) 1303M->96M(2048M) 16.524ms
[25.987s][info][gc,cpu         ] GC(189) User=0.02s Sys=0.00s Real=0.01s
[26.066s][info][gc,start       ] GC(190) Pause Full (System.gc())
[26.066s][info][gc,task        ] GC(190) Using 6 workers of 6 for full compaction
[26.066s][info][gc,phases,start] GC(190) Phase 1: Mark live objects
[26.087s][info][gc,phases      ] GC(190) Phase 1: Mark live objects 21.049ms
[26.087s][info][gc,phases,start] GC(190) Phase 2: Prepare compaction
[26.088s][info][gc,phases      ] GC(190) Phase 2: Prepare compaction 0.707ms
[26.088s][info][gc,phases,start] GC(190) Phase 3: Adjust pointers
[26.093s][info][gc,phases      ] GC(190) Phase 3: Adjust pointers 5.199ms
[26.093s][info][gc,phases,start] GC(190) Phase 4: Compact heap
[26.094s][info][gc,phases      ] GC(190) Phase 4: Compact heap 0.505ms
[26.094s][info][gc,phases,start] GC(190) Phase 5: Reset Metadata
[26.098s][info][gc,phases      ] GC(190) Phase 5: Reset Metadata 3.834ms
[26.103s][info][gc,heap        ] GC(190) Eden regions: 630->0(1228)
[26.103s][info][gc,heap        ] GC(190) Survivor regions: 21->0(154)
[26.103s][info][gc,heap        ] GC(190) Old regions: 74->74
[26.103s][info][gc,heap        ] GC(190) Humongous regions: 7->7
[26.103s][info][gc,metaspace   ] GC(190) Metaspace: 11232K(11456K)->11232K(11456K) NonClass: 9840K(9984K)->9840K(9984K) Class: 1392K(1472K)->1392K(1472K)
[26.103s][info][gc             ] GC(190) Pause Full (System.gc()) 726M->75M(2048M) 36.793ms
[26.103s][info][gc,cpu         ] GC(190) User=0.03s Sys=0.00s Real=0.04s
[26.235s][info][gc,start       ] GC(191) Pause Young (Normal) (G1 Evacuation Pause)
[26.235s][info][gc,task        ] GC(191) Using 6 workers of 6 for evacuation
[26.251s][info][gc,phases      ] GC(191)   Pre Evacuate Collection Set: 0.3ms
[26.251s][info][gc,phases      ] GC(191)   Merge Heap Roots: 0.1ms
[26.251s][info][gc,phases      ] GC(191)   Evacuate Collection Set: 15.2ms
[26.251s][info][gc,phases      ] GC(191)   Post Evacuate Collection Set: 0.7ms
[26.251s][info][gc,phases      ] GC(191)   Other: 0.1ms
[26.251s][info][gc,heap        ] GC(191) Eden regions: 1228->0(1206)
[26.251s][info][gc,heap        ] GC(191) Survivor regions: 0->22(154)
[26.251s][info][gc,heap        ] GC(191) Old regions: 74->74
[26.251s][info][gc,heap        ] GC(191) Humongous regions: 7->7
[26.251s][info][gc,metaspace   ] GC(191) Metaspace: 11233K(11456K)->11233K(11456K) NonClass: 9840K(9984K)->9840K(9984K) Class: 1392K(1472K)->1392K(1472K)
[26.251s][info][gc             ] GC(191) Pause Young (Normal) (G1 Evacuation Pause) 1303M->97M(2048M) 16.628ms
[26.251s][info][gc,cpu         ] GC(191) User=0.02s Sys=0.00s Real=0.02s
[26.326s][info][gc,start       ] GC(192) Pause Full (System.gc())
[26.326s][info][gc,task        ] GC(192) Using 6 workers of 6 for full compaction
[26.326s][info][gc,phases,start] GC(192) Phase 1: Mark live objects
[26.347s][info][gc,phases      ] GC(192) Phase 1: Mark live objects 20.927ms
[26.347s][info][gc,phases,start] GC(192) Phase 2: Prepare compaction
[26.348s][info][gc,phases      ] GC(192) Phase 2: Prepare compaction 0.694ms
[26.348s][info][gc,phases,start] GC(192) Phase 3: Adjust pointers
[26.353s][info][gc,phases      ] GC(192) Phase 3: Adjust pointers 5.466ms
[26.353s][info][gc,phases,start] GC(192) Phase 4: Compact heap
[26.354s][info][gc,phases      ] GC(192) Phase 4: Compact heap 0.573ms
[26.354s][info][gc,phases,start] GC(192) Phase 5: Reset Metadata
[26.357s][info][gc,phases      ] GC(192) Phase 5: Reset Metadata 3.495ms
[26.362s][info][gc,heap        ] GC(192) Eden regions: 629->0(1228)
[26.362s][info][gc,heap        ] GC(192) Survivor regions: 22->0(154)
[26.362s][info][gc,heap        ] GC(192) Old regions: 74->74
[26.362s][info][gc,heap        ] GC(192) Humongous regions: 7->7
[26.362s][info][gc,metaspace   ] GC(192) Metaspace: 11233K(11456K)->11233K(11456K) NonClass: 9840K(9984K)->9840K(9984K) Class: 1392K(1472K)->1392K(1472K)
[26.362s][info][gc             ] GC(192) Pause Full (System.gc()) 725M->75M(2048M) 36.381ms
[26.362s][info][gc,cpu         ] GC(192) User=0.03s Sys=0.00s Real=0.03s
[26.497s][info][gc,start       ] GC(193) Pause Young (Normal) (G1 Evacuation Pause)
[26.499s][info][gc,task        ] GC(193) Using 6 workers of 6 for evacuation
[26.516s][info][gc,phases      ] GC(193)   Pre Evacuate Collection Set: 0.2ms
[26.516s][info][gc,phases      ] GC(193)   Merge Heap Roots: 0.1ms
[26.516s][info][gc,phases      ] GC(193)   Evacuate Collection Set: 16.0ms
[26.516s][info][gc,phases      ] GC(193)   Post Evacuate Collection Set: 0.8ms
[26.516s][info][gc,phases      ] GC(193)   Other: 0.1ms
[26.516s][info][gc,heap        ] GC(193) Eden regions: 1228->0(1205)
[26.516s][info][gc,heap        ] GC(193) Survivor regions: 0->23(154)
[26.516s][info][gc,heap        ] GC(193) Old regions: 74->74
[26.516s][info][gc,heap        ] GC(193) Humongous regions: 7->7
[26.516s][info][gc,metaspace   ] GC(193) Metaspace: 11233K(11456K)->11233K(11456K) NonClass: 9840K(9984K)->9840K(9984K) Class: 1392K(1472K)->1392K(1472K)
[26.517s][info][gc             ] GC(193) Pause Young (Normal) (G1 Evacuation Pause) 1303M->98M(2048M) 19.756ms
[26.517s][info][gc,cpu         ] GC(193) User=0.02s Sys=0.00s Real=0.02s
[26.595s][info][gc,start       ] GC(194) Pause Full (System.gc())
[26.595s][info][gc,task        ] GC(194) Using 6 workers of 6 for full compaction
[26.595s][info][gc,phases,start] GC(194) Phase 1: Mark live objects
[26.616s][info][gc,phases      ] GC(194) Phase 1: Mark live objects 20.409ms
[26.616s][info][gc,phases,start] GC(194) Phase 2: Prepare compaction
[26.616s][info][gc,phases      ] GC(194) Phase 2: Prepare compaction 0.605ms
[26.617s][info][gc,phases,start] GC(194) Phase 3: Adjust pointers
[26.622s][info][gc,phases      ] GC(194) Phase 3: Adjust pointers 5.225ms
[26.622s][info][gc,phases,start] GC(194) Phase 4: Compact heap
[26.622s][info][gc,phases      ] GC(194) Phase 4: Compact heap 0.571ms
[26.622s][info][gc,phases,start] GC(194) Phase 5: Reset Metadata
[26.626s][info][gc,phases      ] GC(194) Phase 5: Reset Metadata 3.357ms
[26.630s][info][gc,heap        ] GC(194) Eden regions: 629->0(1228)
[26.630s][info][gc,heap        ] GC(194) Survivor regions: 23->0(154)
[26.630s][info][gc,heap        ] GC(194) Old regions: 74->74
[26.630s][info][gc,heap        ] GC(194) Humongous regions: 7->7
[26.630s][info][gc,metaspace   ] GC(194) Metaspace: 11233K(11456K)->11233K(11456K) NonClass: 9840K(9984K)->9840K(9984K) Class: 1392K(1472K)->1392K(1472K)
[26.631s][info][gc             ] GC(194) Pause Full (System.gc()) 727M->75M(2048M) 35.586ms
[26.631s][info][gc,cpu         ] GC(194) User=0.03s Sys=0.00s Real=0.03s
[26.763s][info][gc,start       ] GC(195) Pause Young (Normal) (G1 Evacuation Pause)
[26.763s][info][gc,task        ] GC(195) Using 6 workers of 6 for evacuation
[26.779s][info][gc,phases      ] GC(195)   Pre Evacuate Collection Set: 0.2ms
[26.779s][info][gc,phases      ] GC(195)   Merge Heap Roots: 0.1ms
[26.779s][info][gc,phases      ] GC(195)   Evacuate Collection Set: 15.0ms
[26.779s][info][gc,phases      ] GC(195)   Post Evacuate Collection Set: 0.7ms
[26.779s][info][gc,phases      ] GC(195)   Other: 0.1ms
[26.779s][info][gc,heap        ] GC(195) Eden regions: 1228->0(1207)
[26.779s][info][gc,heap        ] GC(195) Survivor regions: 0->21(154)
[26.779s][info][gc,heap        ] GC(195) Old regions: 74->74
[26.779s][info][gc,heap        ] GC(195) Humongous regions: 7->7
[26.779s][info][gc,metaspace   ] GC(195) Metaspace: 11233K(11456K)->11233K(11456K) NonClass: 9840K(9984K)->9840K(9984K) Class: 1392K(1472K)->1392K(1472K)
[26.779s][info][gc             ] GC(195) Pause Young (Normal) (G1 Evacuation Pause) 1303M->96M(2048M) 16.362ms
[26.779s][info][gc,cpu         ] GC(195) User=0.02s Sys=0.00s Real=0.02s
[26.856s][info][gc,start       ] GC(196) Pause Full (System.gc())
[26.856s][info][gc,task        ] GC(196) Using 6 workers of 6 for full compaction
[26.857s][info][gc,phases,start] GC(196) Phase 1: Mark live objects
[26.878s][info][gc,phases      ] GC(196) Phase 1: Mark live objects 20.960ms
[26.878s][info][gc,phases,start] GC(196) Phase 2: Prepare compaction
[26.878s][info][gc,phases      ] GC(196) Phase 2: Prepare compaction 0.704ms
[26.878s][info][gc,phases,start] GC(196) Phase 3: Adjust pointers
[26.884s][info][gc,phases      ] GC(196) Phase 3: Adjust pointers 5.548ms
[26.884s][info][gc,phases,start] GC(196) Phase 4: Compact heap
[26.885s][info][gc,phases      ] GC(196) Phase 4: Compact heap 0.551ms
[26.885s][info][gc,phases,start] GC(196) Phase 5: Reset Metadata
[26.888s][info][gc,phases      ] GC(196) Phase 5: Reset Metadata 3.601ms
[26.893s][info][gc,heap        ] GC(196) Eden regions: 630->0(1228)
[26.893s][info][gc,heap        ] GC(196) Survivor regions: 21->0(154)
[26.893s][info][gc,heap        ] GC(196) Old regions: 74->74
[26.893s][info][gc,heap        ] GC(196) Humongous regions: 7->7
[26.893s][info][gc,metaspace   ] GC(196) Metaspace: 11233K(11456K)->11233K(11456K) NonClass: 9841K(9984K)->9841K(9984K) Class: 1392K(1472K)->1392K(1472K)
[26.893s][info][gc             ] GC(196) Pause Full (System.gc()) 726M->75M(2048M) 36.417ms
[26.893s][info][gc,cpu         ] GC(196) User=0.03s Sys=0.00s Real=0.03s
[27.025s][info][gc,start       ] GC(197) Pause Young (Normal) (G1 Evacuation Pause)
[27.025s][info][gc,task        ] GC(197) Using 6 workers of 6 for evacuation
[27.042s][info][gc,phases      ] GC(197)   Pre Evacuate Collection Set: 0.3ms
[27.042s][info][gc,phases      ] GC(197)   Merge Heap Roots: 0.1ms
[27.042s][info][gc,phases      ] GC(197)   Evacuate Collection Set: 15.4ms
[27.042s][info][gc,phases      ] GC(197)   Post Evacuate Collection Set: 0.6ms
[27.042s][info][gc,phases      ] GC(197)   Other: 0.1ms
[27.042s][info][gc,heap        ] GC(197) Eden regions: 1228->0(1207)
[27.042s][info][gc,heap        ] GC(197) Survivor regions: 0->21(154)
[27.042s][info][gc,heap        ] GC(197) Old regions: 74->74
[27.042s][info][gc,heap        ] GC(197) Humongous regions: 7->7
[27.042s][info][gc,metaspace   ] GC(197) Metaspace: 11233K(11456K)->11233K(11456K) NonClass: 9841K(9984K)->9841K(9984K) Class: 1392K(1472K)->1392K(1472K)
[27.042s][info][gc             ] GC(197) Pause Young (Normal) (G1 Evacuation Pause) 1303M->96M(2048M) 16.663ms
[27.042s][info][gc,cpu         ] GC(197) User=0.02s Sys=0.00s Real=0.02s
[27.118s][info][gc,start       ] GC(198) Pause Full (System.gc())
[27.118s][info][gc,task        ] GC(198) Using 6 workers of 6 for full compaction
[27.118s][info][gc,phases,start] GC(198) Phase 1: Mark live objects
[27.139s][info][gc,phases      ] GC(198) Phase 1: Mark live objects 20.955ms
[27.139s][info][gc,phases,start] GC(198) Phase 2: Prepare compaction
[27.140s][info][gc,phases      ] GC(198) Phase 2: Prepare compaction 0.714ms
[27.140s][info][gc,phases,start] GC(198) Phase 3: Adjust pointers
[27.146s][info][gc,phases      ] GC(198) Phase 3: Adjust pointers 5.478ms
[27.146s][info][gc,phases,start] GC(198) Phase 4: Compact heap
[27.146s][info][gc,phases      ] GC(198) Phase 4: Compact heap 0.619ms
[27.146s][info][gc,phases,start] GC(198) Phase 5: Reset Metadata
[27.150s][info][gc,phases      ] GC(198) Phase 5: Reset Metadata 3.710ms
[27.155s][info][gc,heap        ] GC(198) Eden regions: 629->0(1228)
[27.155s][info][gc,heap        ] GC(198) Survivor regions: 21->0(154)
[27.155s][info][gc,heap        ] GC(198) Old regions: 74->74
[27.155s][info][gc,heap        ] GC(198) Humongous regions: 7->7
[27.155s][info][gc,metaspace   ] GC(198) Metaspace: 11237K(11456K)->11237K(11456K) NonClass: 9844K(9984K)->9844K(9984K) Class: 1392K(1472K)->1392K(1472K)
[27.155s][info][gc             ] GC(198) Pause Full (System.gc()) 725M->75M(2048M) 36.901ms
[27.155s][info][gc,cpu         ] GC(198) User=0.05s Sys=0.00s Real=0.05s
[27.287s][info][gc,start       ] GC(199) Pause Young (Normal) (G1 Evacuation Pause)
[27.287s][info][gc,task        ] GC(199) Using 6 workers of 6 for evacuation
[27.303s][info][gc,phases      ] GC(199)   Pre Evacuate Collection Set: 0.2ms
[27.303s][info][gc,phases      ] GC(199)   Merge Heap Roots: 0.1ms
[27.303s][info][gc,phases      ] GC(199)   Evacuate Collection Set: 15.0ms
[27.303s][info][gc,phases      ] GC(199)   Post Evacuate Collection Set: 0.7ms
[27.303s][info][gc,phases      ] GC(199)   Other: 0.1ms
[27.303s][info][gc,heap        ] GC(199) Eden regions: 1228->0(1207)
[27.303s][info][gc,heap        ] GC(199) Survivor regions: 0->21(154)
[27.303s][info][gc,heap        ] GC(199) Old regions: 74->74
[27.303s][info][gc,heap        ] GC(199) Humongous regions: 7->7
[27.303s][info][gc,metaspace   ] GC(199) Metaspace: 11243K(11456K)->11243K(11456K) NonClass: 9851K(9984K)->9851K(9984K) Class: 1392K(1472K)->1392K(1472K)
[27.303s][info][gc             ] GC(199) Pause Young (Normal) (G1 Evacuation Pause) 1303M->96M(2048M) 16.389ms
[27.304s][info][gc,cpu         ] GC(199) User=0.02s Sys=0.00s Real=0.02s
[27.385s][info][gc,start       ] GC(200) Pause Full (System.gc())
[27.385s][info][gc,task        ] GC(200) Using 6 workers of 6 for full compaction
[27.385s][info][gc,phases,start] GC(200) Phase 1: Mark live objects
[27.406s][info][gc,phases      ] GC(200) Phase 1: Mark live objects 20.841ms
[27.406s][info][gc,phases,start] GC(200) Phase 2: Prepare compaction
[27.407s][info][gc,phases      ] GC(200) Phase 2: Prepare compaction 0.718ms
[27.407s][info][gc,phases,start] GC(200) Phase 3: Adjust pointers
[27.413s][info][gc,phases      ] GC(200) Phase 3: Adjust pointers 5.522ms
[27.413s][info][gc,phases,start] GC(200) Phase 4: Compact heap
[27.413s][info][gc,phases      ] GC(200) Phase 4: Compact heap 0.600ms
[27.413s][info][gc,phases,start] GC(200) Phase 5: Reset Metadata
[27.417s][info][gc,phases      ] GC(200) Phase 5: Reset Metadata 3.699ms
[27.421s][info][gc,heap        ] GC(200) Eden regions: 631->0(1228)
[27.422s][info][gc,heap        ] GC(200) Survivor regions: 21->0(154)
[27.422s][info][gc,heap        ] GC(200) Old regions: 74->74
[27.422s][info][gc,heap        ] GC(200) Humongous regions: 7->7
[27.422s][info][gc,metaspace   ] GC(200) Metaspace: 11243K(11456K)->11243K(11456K) NonClass: 9851K(9984K)->9851K(9984K) Class: 1392K(1472K)->1392K(1472K)
[27.422s][info][gc             ] GC(200) Pause Full (System.gc()) 727M->75M(2048M) 36.677ms
[27.422s][info][gc,cpu         ] GC(200) User=0.05s Sys=0.00s Real=0.05s
[27.560s][info][gc,start       ] GC(201) Pause Young (Normal) (G1 Evacuation Pause)
[27.561s][info][gc,task        ] GC(201) Using 6 workers of 6 for evacuation
[27.578s][info][gc,phases      ] GC(201)   Pre Evacuate Collection Set: 0.3ms
[27.578s][info][gc,phases      ] GC(201)   Merge Heap Roots: 0.2ms
[27.578s][info][gc,phases      ] GC(201)   Evacuate Collection Set: 15.7ms
[27.578s][info][gc,phases      ] GC(201)   Post Evacuate Collection Set: 0.8ms
[27.578s][info][gc,phases      ] GC(201)   Other: 0.1ms
[27.578s][info][gc,heap        ] GC(201) Eden regions: 1228->0(1206)
[27.578s][info][gc,heap        ] GC(201) Survivor regions: 0->22(154)
[27.578s][info][gc,heap        ] GC(201) Old regions: 74->74
[27.578s][info][gc,heap        ] GC(201) Humongous regions: 7->7
[27.578s][info][gc,metaspace   ] GC(201) Metaspace: 11243K(11456K)->11243K(11456K) NonClass: 9851K(9984K)->9851K(9984K) Class: 1392K(1472K)->1392K(1472K)
[27.578s][info][gc             ] GC(201) Pause Young (Normal) (G1 Evacuation Pause) 1303M->97M(2048M) 17.381ms
[27.578s][info][gc,cpu         ] GC(201) User=0.02s Sys=0.00s Real=0.03s
[27.655s][info][gc,start       ] GC(202) Pause Full (System.gc())
[27.655s][info][gc,task        ] GC(202) Using 6 workers of 6 for full compaction
[27.655s][info][gc,phases,start] GC(202) Phase 1: Mark live objects
[27.676s][info][gc,phases      ] GC(202) Phase 1: Mark live objects 20.882ms
[27.676s][info][gc,phases,start] GC(202) Phase 2: Prepare compaction
[27.677s][info][gc,phases      ] GC(202) Phase 2: Prepare compaction 0.710ms
[27.677s][info][gc,phases,start] GC(202) Phase 3: Adjust pointers
[27.682s][info][gc,phases      ] GC(202) Phase 3: Adjust pointers 5.697ms
[27.682s][info][gc,phases,start] GC(202) Phase 4: Compact heap
[27.683s][info][gc,phases      ] GC(202) Phase 4: Compact heap 0.543ms
[27.683s][info][gc,phases,start] GC(202) Phase 5: Reset Metadata
[27.686s][info][gc,phases      ] GC(202) Phase 5: Reset Metadata 3.478ms
[27.691s][info][gc,heap        ] GC(202) Eden regions: 630->0(1228)
[27.691s][info][gc,heap        ] GC(202) Survivor regions: 22->0(154)
[27.691s][info][gc,heap        ] GC(202) Old regions: 74->74
[27.691s][info][gc,heap        ] GC(202) Humongous regions: 7->7
[27.691s][info][gc,metaspace   ] GC(202) Metaspace: 11243K(11456K)->11243K(11456K) NonClass: 9851K(9984K)->9851K(9984K) Class: 1392K(1472K)->1392K(1472K)
[27.691s][info][gc             ] GC(202) Pause Full (System.gc()) 727M->75M(2048M) 36.340ms
[27.691s][info][gc,cpu         ] GC(202) User=0.05s Sys=0.00s Real=0.05s
[27.822s][info][gc,start       ] GC(203) Pause Young (Normal) (G1 Evacuation Pause)
[27.822s][info][gc,task        ] GC(203) Using 6 workers of 6 for evacuation
[27.839s][info][gc,phases      ] GC(203)   Pre Evacuate Collection Set: 0.3ms
[27.839s][info][gc,phases      ] GC(203)   Merge Heap Roots: 0.1ms
[27.839s][info][gc,phases      ] GC(203)   Evacuate Collection Set: 15.3ms
[27.839s][info][gc,phases      ] GC(203)   Post Evacuate Collection Set: 0.7ms
[27.839s][info][gc,phases      ] GC(203)   Other: 0.1ms
[27.839s][info][gc,heap        ] GC(203) Eden regions: 1228->0(1206)
[27.839s][info][gc,heap        ] GC(203) Survivor regions: 0->22(154)
[27.839s][info][gc,heap        ] GC(203) Old regions: 74->74
[27.839s][info][gc,heap        ] GC(203) Humongous regions: 7->7
[27.839s][info][gc,metaspace   ] GC(203) Metaspace: 11243K(11456K)->11243K(11456K) NonClass: 9851K(9984K)->9851K(9984K) Class: 1392K(1472K)->1392K(1472K)
[27.839s][info][gc             ] GC(203) Pause Young (Normal) (G1 Evacuation Pause) 1303M->97M(2048M) 16.722ms
[27.839s][info][gc,cpu         ] GC(203) User=0.02s Sys=0.00s Real=0.02s
[27.914s][info][gc,start       ] GC(204) Pause Full (System.gc())
[27.914s][info][gc,task        ] GC(204) Using 6 workers of 6 for full compaction
[27.914s][info][gc,phases,start] GC(204) Phase 1: Mark live objects
[27.935s][info][gc,phases      ] GC(204) Phase 1: Mark live objects 20.957ms
[27.936s][info][gc,phases,start] GC(204) Phase 2: Prepare compaction
[27.936s][info][gc,phases      ] GC(204) Phase 2: Prepare compaction 0.699ms
[27.936s][info][gc,phases,start] GC(204) Phase 3: Adjust pointers
[27.941s][info][gc,phases      ] GC(204) Phase 3: Adjust pointers 5.200ms
[27.942s][info][gc,phases,start] GC(204) Phase 4: Compact heap
[27.942s][info][gc,phases      ] GC(204) Phase 4: Compact heap 0.497ms
[27.942s][info][gc,phases,start] GC(204) Phase 5: Reset Metadata
[27.946s][info][gc,phases      ] GC(204) Phase 5: Reset Metadata 3.846ms
[27.951s][info][gc,heap        ] GC(204) Eden regions: 630->0(1228)
[27.951s][info][gc,heap        ] GC(204) Survivor regions: 22->0(154)
[27.951s][info][gc,heap        ] GC(204) Old regions: 74->74
[27.951s][info][gc,heap        ] GC(204) Humongous regions: 7->7
[27.951s][info][gc,metaspace   ] GC(204) Metaspace: 11243K(11456K)->11243K(11456K) NonClass: 9851K(9984K)->9851K(9984K) Class: 1392K(1472K)->1392K(1472K)
[27.951s][info][gc             ] GC(204) Pause Full (System.gc()) 727M->75M(2048M) 36.697ms
[27.951s][info][gc,cpu         ] GC(204) User=0.03s Sys=0.00s Real=0.03s
[28.082s][info][gc,start       ] GC(205) Pause Young (Normal) (G1 Evacuation Pause)
[28.082s][info][gc,task        ] GC(205) Using 6 workers of 6 for evacuation
[28.098s][info][gc,phases      ] GC(205)   Pre Evacuate Collection Set: 0.2ms
[28.098s][info][gc,phases      ] GC(205)   Merge Heap Roots: 0.1ms
[28.098s][info][gc,phases      ] GC(205)   Evacuate Collection Set: 15.0ms
[28.098s][info][gc,phases      ] GC(205)   Post Evacuate Collection Set: 0.7ms
[28.098s][info][gc,phases      ] GC(205)   Other: 0.1ms
[28.098s][info][gc,heap        ] GC(205) Eden regions: 1228->0(1207)
[28.098s][info][gc,heap        ] GC(205) Survivor regions: 0->21(154)
[28.098s][info][gc,heap        ] GC(205) Old regions: 74->74
[28.098s][info][gc,heap        ] GC(205) Humongous regions: 7->7
[28.098s][info][gc,metaspace   ] GC(205) Metaspace: 11243K(11456K)->11243K(11456K) NonClass: 9851K(9984K)->9851K(9984K) Class: 1392K(1472K)->1392K(1472K)
[28.098s][info][gc             ] GC(205) Pause Young (Normal) (G1 Evacuation Pause) 1303M->96M(2048M) 16.383ms
[28.098s][info][gc,cpu         ] GC(205) User=0.02s Sys=0.00s Real=0.02s
[28.176s][info][gc,heap,exit   ] Heap
[28.176s][info][gc,heap,exit   ]  garbage-first heap   total 2097152K, used 745330K [0x0000000080000000, 0x0000000100000000)
[28.176s][info][gc,heap,exit   ]   region size 1024K, 652 young (667648K), 21 survivors (21504K)
[28.176s][info][gc,heap,exit   ]  Metaspace       used 11323K, committed 11520K, reserved 1114112K
[28.176s][info][gc,heap,exit   ]   class space    used 1401K, committed 1472K, reserved 1048576K
