[0.017s][info][gc] Using Parallel
[0.017s][info][gc,heap,coops] Heap address: 0x0000000700000000, size: 4096 MB, Compressed Oops mode: Zero based, Oop shift amount: 3
[1.419s][info][gc,start     ] GC(0) Pause Young (Metadata GC Threshold)
[1.424s][info][gc,heap      ] GC(0) PSYoungGen: 83886K->5996K(1223168K)
[1.424s][info][gc,heap      ] GC(0) ParOldGen: 0K->16K(2796544K)
[1.424s][info][gc,metaspace ] GC(0) Metaspace: 20745K(21296K)->20745K(21296K) NonClass: 18282K(18608K)->18282K(18608K) Class: 2462K(2688K)->2462K(2688K)
[1.424s][info][gc           ] GC(0) Pause Young (Metadata GC Threshold) 81M->5M(3925M) 4.514ms
[1.424s][info][gc,cpu       ] GC(0) User=0.02s Sys=0.00s Real=0.02s
[1.424s][info][gc,start     ] GC(1) Pause Full (Metadata GC Threshold)
[1.424s][info][gc,phases,start] GC(1) Marking Phase
[1.428s][info][gc,phases      ] GC(1) Marking Phase 4.020ms
[1.428s][info][gc,phases,start] GC(1) Summary Phase
[1.428s][info][gc,phases      ] GC(1) Summary Phase 0.010ms
[1.428s][info][gc,phases,start] GC(1) Adjust Roots
[1.431s][info][gc,phases      ] GC(1) Adjust Roots 2.620ms
[1.431s][info][gc,phases,start] GC(1) Compaction Phase
[1.435s][info][gc,phases      ] GC(1) Compaction Phase 4.594ms
[1.435s][info][gc,phases,start] GC(1) Post Compact
[1.436s][info][gc,phases      ] GC(1) Post Compact 0.679ms
[1.436s][info][gc,heap        ] GC(1) PSYoungGen: 5996K->0K(1223168K)
[1.436s][info][gc,heap        ] GC(1) ParOldGen: 16K->5873K(2796544K)
[1.436s][info][gc,metaspace   ] GC(1) Metaspace: 20745K(21296K)->20745K(21296K) NonClass: 18282K(18608K)->18282K(18608K) Class: 2462K(2688K)->2462K(2688K)
[1.436s][info][gc             ] GC(1) Pause Full (Metadata GC Threshold) 5M->5M(3925M) 12.177ms
[1.436s][info][gc,cpu         ] GC(1) User=0.00s Sys=0.00s Real=0.00s
[1.448s][info][gc,start       ] GC(2) Pause Young (System.gc())
[1.449s][info][gc,heap        ] GC(2) PSYoungGen: 20971K->192K(1223168K)
[1.449s][info][gc,heap        ] GC(2) ParOldGen: 5873K->5873K(2796544K)
[1.449s][info][gc,metaspace   ] GC(2) Metaspace: 20837K(21680K)->20837K(21680K) NonClass: 18325K(18864K)->18325K(18864K) Class: 2511K(2816K)->2511K(2816K)
[1.449s][info][gc             ] GC(2) Pause Young (System.gc()) 26M->5M(3925M) 0.580ms
[1.449s][info][gc,cpu         ] GC(2) User=0.00s Sys=0.00s Real=0.00s
[1.449s][info][gc,start       ] GC(3) Pause Full (System.gc())
[1.449s][info][gc,phases,start] GC(3) Marking Phase
[1.453s][info][gc,phases      ] GC(3) Marking Phase 3.868ms
[1.453s][info][gc,phases,start] GC(3) Summary Phase
[1.453s][info][gc,phases      ] GC(3) Summary Phase 0.009ms
[1.453s][info][gc,phases,start] GC(3) Adjust Roots
[1.455s][info][gc,phases      ] GC(3) Adjust Roots 2.546ms
[1.455s][info][gc,phases,start] GC(3) Compaction Phase
[1.470s][info][gc,phases      ] GC(3) Compaction Phase 14.995ms
[1.471s][info][gc,phases,start] GC(3) Post Compact
[1.471s][info][gc,phases      ] GC(3) Post Compact 0.610ms
[1.471s][info][gc,heap        ] GC(3) PSYoungGen: 192K->0K(1223168K)
[1.471s][info][gc,heap        ] GC(3) ParOldGen: 5873K->5716K(2796544K)
[1.471s][info][gc,metaspace   ] GC(3) Metaspace: 20837K(21680K)->20837K(21680K) NonClass: 18325K(18864K)->18325K(18864K) Class: 2511K(2816K)->2511K(2816K)
[1.471s][info][gc             ] GC(3) Pause Full (System.gc()) 5M->5M(3925M) 22.298ms
[1.471s][info][gc,cpu         ] GC(3) User=0.00s Sys=0.00s Real=0.03s
[2.214s][info][gc,start       ] GC(4) Pause Young (Metadata GC Threshold)
[2.220s][info][gc,heap        ] GC(4) PSYoungGen: 104857K->11395K(1223168K)
[2.220s][info][gc,heap        ] GC(4) ParOldGen: 5716K->5732K(2796544K)
[2.220s][info][gc,metaspace   ] GC(4) Metaspace: 34990K(36016K)->34990K(36016K) NonClass: 30715K(31152K)->30715K(31152K) Class: 4274K(4864K)->4274K(4864K)
[2.220s][info][gc             ] GC(4) Pause Young (Metadata GC Threshold) 107M->16M(3925M) 6.385ms
[2.220s][info][gc,cpu         ] GC(4) User=0.00s Sys=0.00s Real=0.00s
[2.220s][info][gc,start       ] GC(5) Pause Full (Metadata GC Threshold)
[2.220s][info][gc,phases,start] GC(5) Marking Phase
[2.227s][info][gc,phases      ] GC(5) Marking Phase 7.367ms
[2.227s][info][gc,phases,start] GC(5) Summary Phase
[2.227s][info][gc,phases      ] GC(5) Summary Phase 0.010ms
[2.227s][info][gc,phases,start] GC(5) Adjust Roots
[2.233s][info][gc,phases      ] GC(5) Adjust Roots 5.920ms
[2.233s][info][gc,phases,start] GC(5) Compaction Phase
[2.249s][info][gc,phases      ] GC(5) Compaction Phase 15.694ms
[2.249s][info][gc,phases,start] GC(5) Post Compact
[2.250s][info][gc,phases      ] GC(5) Post Compact 0.636ms
[2.250s][info][gc,heap        ] GC(5) PSYoungGen: 11395K->0K(1223168K)
[2.250s][info][gc,heap        ] GC(5) ParOldGen: 5732K->16893K(2796544K)
[2.250s][info][gc,metaspace   ] GC(5) Metaspace: 34990K(36016K)->34990K(36016K) NonClass: 30715K(31152K)->30715K(31152K) Class: 4274K(4864K)->4274K(4864K)
[2.250s][info][gc             ] GC(5) Pause Full (Metadata GC Threshold) 16M->16M(3925M) 29.879ms
[2.250s][info][gc,cpu         ] GC(5) User=0.03s Sys=0.00s Real=0.03s
[5.651s][info][gc,start       ] GC(6) Pause Young (Metadata GC Threshold)
[5.666s][info][gc,heap        ] GC(6) PSYoungGen: 167774K->19602K(1223168K)
[5.666s][info][gc,heap        ] GC(6) ParOldGen: 16893K->16901K(2796544K)
[5.666s][info][gc,metaspace   ] GC(6) Metaspace: 56879K(60028K)->56879K(60028K) NonClass: 49621K(51324K)->49621K(51324K) Class: 7257K(8704K)->7257K(8704K)
[5.666s][info][gc             ] GC(6) Pause Young (Metadata GC Threshold) 180M->35M(3925M) 14.878ms
[5.666s][info][gc,cpu         ] GC(6) User=0.02s Sys=0.00s Real=0.02s
[5.666s][info][gc,start       ] GC(7) Pause Full (Metadata GC Threshold)
[5.666s][info][gc,phases,start] GC(7) Marking Phase
[5.683s][info][gc,phases      ] GC(7) Marking Phase 17.288ms
[5.683s][info][gc,phases,start] GC(7) Summary Phase
[5.683s][info][gc,phases      ] GC(7) Summary Phase 0.011ms
[5.683s][info][gc,phases,start] GC(7) Adjust Roots
[5.699s][info][gc,phases      ] GC(7) Adjust Roots 15.994ms
[5.699s][info][gc,phases,start] GC(7) Compaction Phase
[5.740s][info][gc,phases      ] GC(7) Compaction Phase 41.275ms
[5.740s][info][gc,phases,start] GC(7) Post Compact
[5.743s][info][gc,phases      ] GC(7) Post Compact 2.379ms
[5.743s][info][gc,heap        ] GC(7) PSYoungGen: 19602K->0K(1223168K)
[5.743s][info][gc,heap        ] GC(7) ParOldGen: 16901K->35845K(2796544K)
[5.743s][info][gc,metaspace   ] GC(7) Metaspace: 56879K(60028K)->56879K(60028K) NonClass: 49621K(51324K)->49621K(51324K) Class: 7257K(8704K)->7257K(8704K)
[5.743s][info][gc             ] GC(7) Pause Full (Metadata GC Threshold) 35M->35M(3925M) 77.194ms
[5.743s][info][gc,cpu         ] GC(7) User=0.08s Sys=0.00s Real=0.08s
[10.818s][info][gc,start       ] GC(8) Pause Young (System.gc())
[10.835s][info][gc,heap        ] GC(8) PSYoungGen: 262216K->23372K(1223168K)
[10.835s][info][gc,heap        ] GC(8) ParOldGen: 35845K->35853K(2796544K)
[10.835s][info][gc,metaspace   ] GC(8) Metaspace: 69846K(75132K)->69846K(75132K) NonClass: 60659K(63612K)->60659K(63612K) Class: 9186K(11520K)->9186K(11520K)
[10.835s][info][gc             ] GC(8) Pause Young (System.gc()) 291M->57M(3925M) 17.307ms
[10.835s][info][gc,cpu         ] GC(8) User=0.00s Sys=0.00s Real=0.01s
[10.835s][info][gc,start       ] GC(9) Pause Full (System.gc())
[10.835s][info][gc,phases,start] GC(9) Marking Phase
[10.854s][info][gc,phases      ] GC(9) Marking Phase 18.984ms
[10.854s][info][gc,phases,start] GC(9) Summary Phase
[10.854s][info][gc,phases      ] GC(9) Summary Phase 0.012ms
[10.854s][info][gc,phases,start] GC(9) Adjust Roots
[10.876s][info][gc,phases      ] GC(9) Adjust Roots 22.317ms
[10.876s][info][gc,phases,start] GC(9) Compaction Phase
[10.918s][info][gc,phases      ] GC(9) Compaction Phase 41.223ms
[10.918s][info][gc,phases,start] GC(9) Post Compact
[10.919s][info][gc,phases      ] GC(9) Post Compact 1.608ms
[10.919s][info][gc,heap        ] GC(9) PSYoungGen: 23372K->0K(1223168K)
[10.919s][info][gc,heap        ] GC(9) ParOldGen: 35853K->22943K(2796544K)
[10.919s][info][gc,metaspace   ] GC(9) Metaspace: 69846K(75132K)->69846K(75132K) NonClass: 60659K(63612K)->60659K(63612K) Class: 9186K(11520K)->9186K(11520K)
[10.920s][info][gc             ] GC(9) Pause Full (System.gc()) 57M->22M(3925M) 84.506ms
[10.920s][info][gc,cpu         ] GC(9) User=0.08s Sys=0.00s Real=0.09s
[15.048s][info][gc,start       ] GC(10) Pause Young (System.gc())
[15.049s][info][gc,heap        ] GC(10) PSYoungGen: 325078K->96K(1223168K)
[15.049s][info][gc,heap        ] GC(10) ParOldGen: 22943K->22951K(2796544K)
[15.049s][info][gc,metaspace   ] GC(10) Metaspace: 71328K(77180K)->71328K(77180K) NonClass: 62141K(65660K)->62141K(65660K) Class: 9186K(11520K)->9186K(11520K)
[15.049s][info][gc             ] GC(10) Pause Young (System.gc()) 339M->22M(3925M) 1.016ms
[15.049s][info][gc,cpu         ] GC(10) User=0.00s Sys=0.00s Real=0.00s
[15.049s][info][gc,start       ] GC(11) Pause Full (System.gc())
[15.049s][info][gc,phases,start] GC(11) Marking Phase
[15.067s][info][gc,phases      ] GC(11) Marking Phase 18.249ms
[15.067s][info][gc,phases,start] GC(11) Summary Phase
[15.067s][info][gc,phases      ] GC(11) Summary Phase 0.010ms
[15.067s][info][gc,phases,start] GC(11) Adjust Roots
[15.086s][info][gc,phases      ] GC(11) Adjust Roots 18.654ms
[15.086s][info][gc,phases,start] GC(11) Compaction Phase
[15.128s][info][gc,phases      ] GC(11) Compaction Phase 41.554ms
[15.128s][info][gc,phases,start] GC(11) Post Compact
[15.128s][info][gc,phases      ] GC(11) Post Compact 0.678ms
[15.128s][info][gc,heap        ] GC(11) PSYoungGen: 96K->0K(1223168K)
[15.128s][info][gc,heap        ] GC(11) ParOldGen: 22951K->22131K(2796544K)
[15.128s][info][gc,metaspace   ] GC(11) Metaspace: 71328K(77180K)->71328K(77180K) NonClass: 62141K(65660K)->62141K(65660K) Class: 9186K(11520K)->9186K(11520K)
[15.128s][info][gc             ] GC(11) Pause Full (System.gc()) 22M->21M(3925M) 79.397ms
[15.128s][info][gc,cpu         ] GC(11) User=0.02s Sys=0.00s Real=0.08s
[18.436s][info][gc,start       ] GC(12) Pause Young (System.gc())
[18.437s][info][gc,heap        ] GC(12) PSYoungGen: 279742K->96K(1223168K)
[18.437s][info][gc,heap        ] GC(12) ParOldGen: 22131K->22139K(2796544K)
[18.437s][info][gc,metaspace   ] GC(12) Metaspace: 72157K(78204K)->72157K(78204K) NonClass: 62970K(66684K)->62970K(66684K) Class: 9186K(11520K)->9186K(11520K)
[18.437s][info][gc             ] GC(12) Pause Young (System.gc()) 294M->21M(3925M) 0.830ms
[18.437s][info][gc,cpu         ] GC(12) User=0.00s Sys=0.00s Real=0.00s
[18.437s][info][gc,start       ] GC(13) Pause Full (System.gc())
[18.437s][info][gc,phases,start] GC(13) Marking Phase
[18.456s][info][gc,phases      ] GC(13) Marking Phase 19.269ms
[18.456s][info][gc,phases,start] GC(13) Summary Phase
[18.456s][info][gc,phases      ] GC(13) Summary Phase 0.010ms
[18.456s][info][gc,phases,start] GC(13) Adjust Roots
[18.470s][info][gc,phases      ] GC(13) Adjust Roots 13.381ms
[18.470s][info][gc,phases,start] GC(13) Compaction Phase
[18.477s][info][gc,phases      ] GC(13) Compaction Phase 7.838ms
[18.477s][info][gc,phases,start] GC(13) Post Compact
[18.478s][info][gc,phases      ] GC(13) Post Compact 0.685ms
[18.478s][info][gc,heap        ] GC(13) PSYoungGen: 96K->0K(1223168K)
[18.478s][info][gc,heap        ] GC(13) ParOldGen: 22139K->22143K(2796544K)
[18.478s][info][gc,metaspace   ] GC(13) Metaspace: 72157K(78204K)->72157K(78204K) NonClass: 62970K(66684K)->62970K(66684K) Class: 9186K(11520K)->9186K(11520K)
[18.478s][info][gc             ] GC(13) Pause Full (System.gc()) 21M->21M(3925M) 41.443ms
[18.478s][info][gc,cpu         ] GC(13) User=0.03s Sys=0.00s Real=0.03s
[21.584s][info][gc,start       ] GC(14) Pause Young (System.gc())
[21.585s][info][gc,heap        ] GC(14) PSYoungGen: 300655K->96K(1223168K)
[21.585s][info][gc,heap        ] GC(14) ParOldGen: 22143K->22151K(2796544K)
[21.585s][info][gc,metaspace   ] GC(14) Metaspace: 72841K(79228K)->72841K(79228K) NonClass: 63654K(67708K)->63654K(67708K) Class: 9186K(11520K)->9186K(11520K)
[21.585s][info][gc             ] GC(14) Pause Young (System.gc()) 315M->21M(3925M) 1.141ms
[21.585s][info][gc,cpu         ] GC(14) User=0.00s Sys=0.00s Real=0.00s
[21.585s][info][gc,start       ] GC(15) Pause Full (System.gc())
[21.585s][info][gc,phases,start] GC(15) Marking Phase
[21.605s][info][gc,phases      ] GC(15) Marking Phase 20.265ms
[21.605s][info][gc,phases,start] GC(15) Summary Phase
[21.605s][info][gc,phases      ] GC(15) Summary Phase 0.009ms
[21.605s][info][gc,phases,start] GC(15) Adjust Roots
[21.619s][info][gc,phases      ] GC(15) Adjust Roots 13.605ms
[21.619s][info][gc,phases,start] GC(15) Compaction Phase
[21.627s][info][gc,phases      ] GC(15) Compaction Phase 7.896ms
[21.627s][info][gc,phases,start] GC(15) Post Compact
[21.628s][info][gc,phases      ] GC(15) Post Compact 0.654ms
[21.628s][info][gc,heap        ] GC(15) PSYoungGen: 96K->0K(1223168K)
[21.628s][info][gc,heap        ] GC(15) ParOldGen: 22151K->22154K(2796544K)
[21.628s][info][gc,metaspace   ] GC(15) Metaspace: 72841K(79228K)->72841K(79228K) NonClass: 63654K(67708K)->63654K(67708K) Class: 9186K(11520K)->9186K(11520K)
[21.628s][info][gc             ] GC(15) Pause Full (System.gc()) 21M->21M(3925M) 42.709ms
[21.628s][info][gc,cpu         ] GC(15) User=0.03s Sys=0.00s Real=0.05s
[24.345s][info][gc,start       ] GC(16) Pause Young (System.gc())
[24.346s][info][gc,heap        ] GC(16) PSYoungGen: 279701K->160K(1223168K)
[24.346s][info][gc,heap        ] GC(16) ParOldGen: 22154K->22162K(2796544K)
[24.346s][info][gc,metaspace   ] GC(16) Metaspace: 73141K(79484K)->73141K(79484K) NonClass: 63955K(67964K)->63955K(67964K) Class: 9186K(11520K)->9186K(11520K)
[24.346s][info][gc             ] GC(16) Pause Young (System.gc()) 294M->21M(3925M) 0.801ms
[24.346s][info][gc,cpu         ] GC(16) User=0.00s Sys=0.00s Real=0.00s
[24.346s][info][gc,start       ] GC(17) Pause Full (System.gc())
[24.346s][info][gc,phases,start] GC(17) Marking Phase
[24.365s][info][gc,phases      ] GC(17) Marking Phase 19.285ms
[24.365s][info][gc,phases,start] GC(17) Summary Phase
[24.365s][info][gc,phases      ] GC(17) Summary Phase 0.009ms
[24.365s][info][gc,phases,start] GC(17) Adjust Roots
[24.379s][info][gc,phases      ] GC(17) Adjust Roots 14.000ms
[24.379s][info][gc,phases,start] GC(17) Compaction Phase
[24.387s][info][gc,phases      ] GC(17) Compaction Phase 7.442ms
[24.387s][info][gc,phases,start] GC(17) Post Compact
[24.387s][info][gc,phases      ] GC(17) Post Compact 0.644ms
[24.387s][info][gc,heap        ] GC(17) PSYoungGen: 160K->0K(1223168K)
[24.387s][info][gc,heap        ] GC(17) ParOldGen: 22162K->22171K(2796544K)
[24.387s][info][gc,metaspace   ] GC(17) Metaspace: 73141K(79484K)->73141K(79484K) NonClass: 63955K(67964K)->63955K(67964K) Class: 9186K(11520K)->9186K(11520K)
[24.387s][info][gc             ] GC(17) Pause Full (System.gc()) 21M->21M(3925M) 41.708ms
[24.388s][info][gc,cpu         ] GC(17) User=0.02s Sys=0.00s Real=0.04s
[27.121s][info][gc,start       ] GC(18) Pause Young (System.gc())
[27.122s][info][gc,heap        ] GC(18) PSYoungGen: 237761K->128K(1223168K)
[27.122s][info][gc,heap        ] GC(18) ParOldGen: 22171K->22171K(2796544K)
[27.122s][info][gc,metaspace   ] GC(18) Metaspace: 73349K(79740K)->73349K(79740K) NonClass: 64163K(68220K)->64163K(68220K) Class: 9186K(11520K)->9186K(11520K)
[27.122s][info][gc             ] GC(18) Pause Young (System.gc()) 253M->21M(3925M) 0.875ms
[27.122s][info][gc,cpu         ] GC(18) User=0.00s Sys=0.00s Real=0.00s
[27.122s][info][gc,start       ] GC(19) Pause Full (System.gc())
[27.122s][info][gc,phases,start] GC(19) Marking Phase
[27.142s][info][gc,phases      ] GC(19) Marking Phase 19.265ms
[27.142s][info][gc,phases,start] GC(19) Summary Phase
[27.142s][info][gc,phases      ] GC(19) Summary Phase 0.010ms
[27.142s][info][gc,phases,start] GC(19) Adjust Roots
[27.156s][info][gc,phases      ] GC(19) Adjust Roots 14.726ms
[27.157s][info][gc,phases,start] GC(19) Compaction Phase
[27.164s][info][gc,phases      ] GC(19) Compaction Phase 7.623ms
[27.164s][info][gc,phases,start] GC(19) Post Compact
[27.165s][info][gc,phases      ] GC(19) Post Compact 0.632ms
[27.165s][info][gc,heap        ] GC(19) PSYoungGen: 128K->0K(1223168K)
[27.165s][info][gc,heap        ] GC(19) ParOldGen: 22171K->22181K(2796544K)
[27.165s][info][gc,metaspace   ] GC(19) Metaspace: 73349K(79740K)->73349K(79740K) NonClass: 64163K(68220K)->64163K(68220K) Class: 9186K(11520K)->9186K(11520K)
[27.165s][info][gc             ] GC(19) Pause Full (System.gc()) 21M->21M(3925M) 42.638ms
[27.165s][info][gc,cpu         ] GC(19) User=0.03s Sys=0.00s Real=0.05s
[29.783s][info][gc,start       ] GC(20) Pause Young (System.gc())
[29.784s][info][gc,heap        ] GC(20) PSYoungGen: 283147K->160K(1223168K)
[29.784s][info][gc,heap        ] GC(20) ParOldGen: 22181K->22189K(2796544K)
[29.784s][info][gc,metaspace   ] GC(20) Metaspace: 73523K(79996K)->73523K(79996K) NonClass: 64337K(68476K)->64337K(68476K) Class: 9186K(11520K)->9186K(11520K)
[29.784s][info][gc             ] GC(20) Pause Young (System.gc()) 298M->21M(3925M) 0.855ms
[29.784s][info][gc,cpu         ] GC(20) User=0.00s Sys=0.00s Real=0.00s
[29.784s][info][gc,start       ] GC(21) Pause Full (System.gc())
[29.784s][info][gc,phases,start] GC(21) Marking Phase
[29.803s][info][gc,phases      ] GC(21) Marking Phase 19.610ms
[29.803s][info][gc,phases,start] GC(21) Summary Phase
[29.803s][info][gc,phases      ] GC(21) Summary Phase 0.009ms
[29.803s][info][gc,phases,start] GC(21) Adjust Roots
[29.818s][info][gc,phases      ] GC(21) Adjust Roots 14.662ms
[29.818s][info][gc,phases,start] GC(21) Compaction Phase
[29.826s][info][gc,phases      ] GC(21) Compaction Phase 7.570ms
[29.826s][info][gc,phases,start] GC(21) Post Compact
[29.827s][info][gc,phases      ] GC(21) Post Compact 0.647ms
[29.827s][info][gc,heap        ] GC(21) PSYoungGen: 160K->0K(1223168K)
[29.827s][info][gc,heap        ] GC(21) ParOldGen: 22189K->22187K(2796544K)
[29.827s][info][gc,metaspace   ] GC(21) Metaspace: 73523K(79996K)->73523K(79996K) NonClass: 64337K(68476K)->64337K(68476K) Class: 9186K(11520K)->9186K(11520K)
[29.827s][info][gc             ] GC(21) Pause Full (System.gc()) 21M->21M(3925M) 42.829ms
[29.827s][info][gc,cpu         ] GC(21) User=0.00s Sys=0.00s Real=0.03s
[32.374s][info][gc,start       ] GC(22) Pause Young (System.gc())
[32.375s][info][gc,heap        ] GC(22) PSYoungGen: 262229K->128K(1223168K)
[32.375s][info][gc,heap        ] GC(22) ParOldGen: 22187K->22195K(2796544K)
[32.375s][info][gc,metaspace   ] GC(22) Metaspace: 73772K(80508K)->73772K(80508K) NonClass: 64585K(68988K)->64585K(68988K) Class: 9186K(11520K)->9186K(11520K)
[32.375s][info][gc             ] GC(22) Pause Young (System.gc()) 277M->21M(3925M) 1.055ms
[32.375s][info][gc,cpu         ] GC(22) User=0.00s Sys=0.00s Real=0.00s
[32.375s][info][gc,start       ] GC(23) Pause Full (System.gc())
[32.375s][info][gc,phases,start] GC(23) Marking Phase
[32.395s][info][gc,phases      ] GC(23) Marking Phase 20.492ms
[32.395s][info][gc,phases,start] GC(23) Summary Phase
[32.395s][info][gc,phases      ] GC(23) Summary Phase 0.009ms
[32.395s][info][gc,phases,start] GC(23) Adjust Roots
[32.410s][info][gc,phases      ] GC(23) Adjust Roots 14.984ms
[32.410s][info][gc,phases,start] GC(23) Compaction Phase
[32.418s][info][gc,phases      ] GC(23) Compaction Phase 7.790ms
[32.418s][info][gc,phases,start] GC(23) Post Compact
[32.419s][info][gc,phases      ] GC(23) Post Compact 0.643ms
[32.419s][info][gc,heap        ] GC(23) PSYoungGen: 128K->0K(1223168K)
[32.419s][info][gc,heap        ] GC(23) ParOldGen: 22195K->22190K(2796544K)
[32.419s][info][gc,metaspace   ] GC(23) Metaspace: 73772K(80508K)->73772K(80508K) NonClass: 64585K(68988K)->64585K(68988K) Class: 9186K(11520K)->9186K(11520K)
[32.419s][info][gc             ] GC(23) Pause Full (System.gc()) 21M->21M(3925M) 44.175ms
[32.419s][info][gc,cpu         ] GC(23) User=0.03s Sys=0.00s Real=0.03s
[34.859s][info][gc,start       ] GC(24) Pause Young (System.gc())
[34.860s][info][gc,heap        ] GC(24) PSYoungGen: 262224K->128K(1223168K)
[34.860s][info][gc,heap        ] GC(24) ParOldGen: 22190K->22198K(2796544K)
[34.860s][info][gc,metaspace   ] GC(24) Metaspace: 73941K(80508K)->73941K(80508K) NonClass: 64754K(68988K)->64754K(68988K) Class: 9186K(11520K)->9186K(11520K)
[34.860s][info][gc             ] GC(24) Pause Young (System.gc()) 277M->21M(3925M) 0.922ms
[34.860s][info][gc,cpu         ] GC(24) User=0.00s Sys=0.00s Real=0.00s
[34.860s][info][gc,start       ] GC(25) Pause Full (System.gc())
[34.860s][info][gc,phases,start] GC(25) Marking Phase
[34.880s][info][gc,phases      ] GC(25) Marking Phase 19.738ms
[34.880s][info][gc,phases,start] GC(25) Summary Phase
[34.880s][info][gc,phases      ] GC(25) Summary Phase 0.010ms
[34.880s][info][gc,phases,start] GC(25) Adjust Roots
[34.896s][info][gc,phases      ] GC(25) Adjust Roots 15.667ms
[34.896s][info][gc,phases,start] GC(25) Compaction Phase
[34.903s][info][gc,phases      ] GC(25) Compaction Phase 7.750ms
[34.903s][info][gc,phases,start] GC(25) Post Compact
[34.904s][info][gc,phases      ] GC(25) Post Compact 0.648ms
[34.904s][info][gc,heap        ] GC(25) PSYoungGen: 128K->0K(1223168K)
[34.904s][info][gc,heap        ] GC(25) ParOldGen: 22198K->22196K(2796544K)
[34.904s][info][gc,metaspace   ] GC(25) Metaspace: 73941K(80508K)->73941K(80508K) NonClass: 64754K(68988K)->64754K(68988K) Class: 9186K(11520K)->9186K(11520K)
[34.904s][info][gc             ] GC(25) Pause Full (System.gc()) 21M->21M(3925M) 44.133ms
[34.904s][info][gc,cpu         ] GC(25) User=0.05s Sys=0.00s Real=0.05s
[37.261s][info][gc,start       ] GC(26) Pause Young (System.gc())
[37.262s][info][gc,heap        ] GC(26) PSYoungGen: 262160K->128K(1223168K)
[37.262s][info][gc,heap        ] GC(26) ParOldGen: 22196K->22204K(2796544K)
[37.262s][info][gc,metaspace   ] GC(26) Metaspace: 74062K(80764K)->74062K(80764K) NonClass: 64875K(69244K)->64875K(69244K) Class: 9186K(11520K)->9186K(11520K)
[37.262s][info][gc             ] GC(26) Pause Young (System.gc()) 277M->21M(3925M) 0.787ms
[37.262s][info][gc,cpu         ] GC(26) User=0.00s Sys=0.00s Real=0.00s
[37.262s][info][gc,start       ] GC(27) Pause Full (System.gc())
[37.262s][info][gc,phases,start] GC(27) Marking Phase
[37.282s][info][gc,phases      ] GC(27) Marking Phase 19.780ms
[37.282s][info][gc,phases,start] GC(27) Summary Phase
[37.282s][info][gc,phases      ] GC(27) Summary Phase 0.009ms
[37.282s][info][gc,phases,start] GC(27) Adjust Roots
[37.297s][info][gc,phases      ] GC(27) Adjust Roots 15.514ms
[37.297s][info][gc,phases,start] GC(27) Compaction Phase
[37.305s][info][gc,phases      ] GC(27) Compaction Phase 8.022ms
[37.305s][info][gc,phases,start] GC(27) Post Compact
[37.306s][info][gc,phases      ] GC(27) Post Compact 0.639ms
[37.306s][info][gc,heap        ] GC(27) PSYoungGen: 128K->0K(1223168K)
[37.306s][info][gc,heap        ] GC(27) ParOldGen: 22204K->22198K(2796544K)
[37.306s][info][gc,metaspace   ] GC(27) Metaspace: 74062K(80764K)->74062K(80764K) NonClass: 64875K(69244K)->64875K(69244K) Class: 9186K(11520K)->9186K(11520K)
[37.306s][info][gc             ] GC(27) Pause Full (System.gc()) 21M->21M(3925M) 44.229ms
[37.306s][info][gc,cpu         ] GC(27) User=0.02s Sys=0.00s Real=0.05s
[39.578s][info][gc,start       ] GC(28) Pause Young (System.gc())
[39.579s][info][gc,heap        ] GC(28) PSYoungGen: 262176K->128K(1223168K)
[39.579s][info][gc,heap        ] GC(28) ParOldGen: 22198K->22206K(2796544K)
[39.579s][info][gc,metaspace   ] GC(28) Metaspace: 74150K(81020K)->74150K(81020K) NonClass: 64963K(69500K)->64963K(69500K) Class: 9187K(11520K)->9187K(11520K)
[39.579s][info][gc             ] GC(28) Pause Young (System.gc()) 277M->21M(3925M) 1.027ms
[39.579s][info][gc,cpu         ] GC(28) User=0.00s Sys=0.00s Real=0.00s
[39.579s][info][gc,start       ] GC(29) Pause Full (System.gc())
[39.579s][info][gc,phases,start] GC(29) Marking Phase
[39.603s][info][gc,phases      ] GC(29) Marking Phase 23.210ms
[39.603s][info][gc,phases,start] GC(29) Summary Phase
[39.603s][info][gc,phases      ] GC(29) Summary Phase 0.010ms
[39.603s][info][gc,phases,start] GC(29) Adjust Roots
[39.619s][info][gc,phases      ] GC(29) Adjust Roots 16.351ms
[39.619s][info][gc,phases,start] GC(29) Compaction Phase
[39.627s][info][gc,phases      ] GC(29) Compaction Phase 7.651ms
[39.627s][info][gc,phases,start] GC(29) Post Compact
[39.628s][info][gc,phases      ] GC(29) Post Compact 0.640ms
[39.628s][info][gc,heap        ] GC(29) PSYoungGen: 128K->0K(1223168K)
[39.628s][info][gc,heap        ] GC(29) ParOldGen: 22206K->22214K(2796544K)
[39.628s][info][gc,metaspace   ] GC(29) Metaspace: 74150K(81020K)->74150K(81020K) NonClass: 64963K(69500K)->64963K(69500K) Class: 9187K(11520K)->9187K(11520K)
[39.628s][info][gc             ] GC(29) Pause Full (System.gc()) 21M->21M(3925M) 48.175ms
[39.628s][info][gc,cpu         ] GC(29) User=0.05s Sys=0.00s Real=0.05s
[41.960s][info][gc,start       ] GC(30) Pause Young (System.gc())
[41.961s][info][gc,heap        ] GC(30) PSYoungGen: 262194K->128K(1223168K)
[41.961s][info][gc,heap        ] GC(30) ParOldGen: 22214K->22222K(2796544K)
[41.961s][info][gc,metaspace   ] GC(30) Metaspace: 74279K(81020K)->74279K(81020K) NonClass: 65092K(69500K)->65092K(69500K) Class: 9187K(11520K)->9187K(11520K)
[41.961s][info][gc             ] GC(30) Pause Young (System.gc()) 277M->21M(3925M) 0.838ms
[41.961s][info][gc,cpu         ] GC(30) User=0.00s Sys=0.00s Real=0.00s
[41.961s][info][gc,start       ] GC(31) Pause Full (System.gc())
[41.961s][info][gc,phases,start] GC(31) Marking Phase
[41.982s][info][gc,phases      ] GC(31) Marking Phase 20.941ms
[41.982s][info][gc,phases,start] GC(31) Summary Phase
[41.982s][info][gc,phases      ] GC(31) Summary Phase 0.009ms
[41.982s][info][gc,phases,start] GC(31) Adjust Roots
[41.999s][info][gc,phases      ] GC(31) Adjust Roots 17.156ms
[41.999s][info][gc,phases,start] GC(31) Compaction Phase
[42.007s][info][gc,phases      ] GC(31) Compaction Phase 7.382ms
[42.007s][info][gc,phases,start] GC(31) Post Compact
[42.007s][info][gc,phases      ] GC(31) Post Compact 0.646ms
[42.007s][info][gc,heap        ] GC(31) PSYoungGen: 128K->0K(1223168K)
[42.007s][info][gc,heap        ] GC(31) ParOldGen: 22222K->22219K(2796544K)
[42.007s][info][gc,metaspace   ] GC(31) Metaspace: 74279K(81020K)->74279K(81020K) NonClass: 65092K(69500K)->65092K(69500K) Class: 9187K(11520K)->9187K(11520K)
[42.007s][info][gc             ] GC(31) Pause Full (System.gc()) 21M->21M(3925M) 46.457ms
[42.007s][info][gc,cpu         ] GC(31) User=0.06s Sys=0.00s Real=0.05s
[44.198s][info][gc,start       ] GC(32) Pause Young (System.gc())
[44.199s][info][gc,heap        ] GC(32) PSYoungGen: 241281K->160K(1223168K)
[44.199s][info][gc,heap        ] GC(32) ParOldGen: 22219K->22219K(2796544K)
[44.199s][info][gc,metaspace   ] GC(32) Metaspace: 74378K(81276K)->74378K(81276K) NonClass: 65191K(69756K)->65191K(69756K) Class: 9187K(11520K)->9187K(11520K)
[44.199s][info][gc             ] GC(32) Pause Young (System.gc()) 257M->21M(3925M) 0.895ms
[44.199s][info][gc,cpu         ] GC(32) User=0.00s Sys=0.00s Real=0.00s
[44.199s][info][gc,start       ] GC(33) Pause Full (System.gc())
[44.199s][info][gc,phases,start] GC(33) Marking Phase
[44.220s][info][gc,phases      ] GC(33) Marking Phase 21.152ms
[44.220s][info][gc,phases,start] GC(33) Summary Phase
[44.220s][info][gc,phases      ] GC(33) Summary Phase 0.009ms
[44.220s][info][gc,phases,start] GC(33) Adjust Roots
[44.238s][info][gc,phases      ] GC(33) Adjust Roots 17.198ms
[44.238s][info][gc,phases,start] GC(33) Compaction Phase
[44.246s][info][gc,phases      ] GC(33) Compaction Phase 8.799ms
[44.246s][info][gc,phases,start] GC(33) Post Compact
[44.247s][info][gc,phases      ] GC(33) Post Compact 0.629ms
[44.247s][info][gc,heap        ] GC(33) PSYoungGen: 160K->0K(1223168K)
[44.247s][info][gc,heap        ] GC(33) ParOldGen: 22219K->22231K(2796544K)
[44.247s][info][gc,metaspace   ] GC(33) Metaspace: 74378K(81276K)->74378K(81276K) NonClass: 65191K(69756K)->65191K(69756K) Class: 9187K(11520K)->9187K(11520K)
[44.247s][info][gc             ] GC(33) Pause Full (System.gc()) 21M->21M(3925M) 48.046ms
[44.247s][info][gc,cpu         ] GC(33) User=0.05s Sys=0.00s Real=0.05s
[46.505s][info][gc,start       ] GC(34) Pause Young (System.gc())
[46.506s][info][gc,heap        ] GC(34) PSYoungGen: 241222K->128K(1223168K)
[46.506s][info][gc,heap        ] GC(34) ParOldGen: 22231K->22231K(2796544K)
[46.506s][info][gc,metaspace   ] GC(34) Metaspace: 74437K(81276K)->74437K(81276K) NonClass: 65250K(69756K)->65250K(69756K) Class: 9187K(11520K)->9187K(11520K)
[46.506s][info][gc             ] GC(34) Pause Young (System.gc()) 257M->21M(3925M) 0.893ms
[46.506s][info][gc,cpu         ] GC(34) User=0.00s Sys=0.00s Real=0.00s
[46.506s][info][gc,start       ] GC(35) Pause Full (System.gc())
[46.506s][info][gc,phases,start] GC(35) Marking Phase
[46.527s][info][gc,phases      ] GC(35) Marking Phase 20.699ms
[46.527s][info][gc,phases,start] GC(35) Summary Phase
[46.527s][info][gc,phases      ] GC(35) Summary Phase 0.009ms
[46.527s][info][gc,phases,start] GC(35) Adjust Roots
[46.544s][info][gc,phases      ] GC(35) Adjust Roots 17.145ms
[46.544s][info][gc,phases,start] GC(35) Compaction Phase
[46.552s][info][gc,phases      ] GC(35) Compaction Phase 7.733ms
[46.552s][info][gc,phases,start] GC(35) Post Compact
[46.552s][info][gc,phases      ] GC(35) Post Compact 0.646ms
[46.552s][info][gc,heap        ] GC(35) PSYoungGen: 128K->0K(1223168K)
[46.552s][info][gc,heap        ] GC(35) ParOldGen: 22231K->22233K(2796544K)
[46.552s][info][gc,metaspace   ] GC(35) Metaspace: 74437K(81276K)->74437K(81276K) NonClass: 65250K(69756K)->65250K(69756K) Class: 9187K(11520K)->9187K(11520K)
[46.552s][info][gc             ] GC(35) Pause Full (System.gc()) 21M->21M(3925M) 46.497ms
[46.552s][info][gc,cpu         ] GC(35) User=0.03s Sys=0.00s Real=0.05s
[48.649s][info][gc,start       ] GC(36) Pause Young (System.gc())
[48.650s][info][gc,heap        ] GC(36) PSYoungGen: 272719K->128K(1223168K)
[48.650s][info][gc,heap        ] GC(36) ParOldGen: 22233K->22241K(2796544K)
[48.650s][info][gc,metaspace   ] GC(36) Metaspace: 74514K(81532K)->74514K(81532K) NonClass: 65327K(70012K)->65327K(70012K) Class: 9187K(11520K)->9187K(11520K)
[48.650s][info][gc             ] GC(36) Pause Young (System.gc()) 288M->21M(3925M) 0.843ms
[48.650s][info][gc,cpu         ] GC(36) User=0.02s Sys=0.00s Real=0.02s
[48.650s][info][gc,start       ] GC(37) Pause Full (System.gc())
[48.650s][info][gc,phases,start] GC(37) Marking Phase
[48.671s][info][gc,phases      ] GC(37) Marking Phase 21.234ms
[48.671s][info][gc,phases,start] GC(37) Summary Phase
[48.671s][info][gc,phases      ] GC(37) Summary Phase 0.009ms
[48.671s][info][gc,phases,start] GC(37) Adjust Roots
[48.689s][info][gc,phases      ] GC(37) Adjust Roots 18.011ms
[48.689s][info][gc,phases,start] GC(37) Compaction Phase
[48.697s][info][gc,phases      ] GC(37) Compaction Phase 7.908ms
[48.697s][info][gc,phases,start] GC(37) Post Compact
[48.698s][info][gc,phases      ] GC(37) Post Compact 0.635ms
[48.698s][info][gc,heap        ] GC(37) PSYoungGen: 128K->0K(1223168K)
[48.698s][info][gc,heap        ] GC(37) ParOldGen: 22241K->22240K(2796544K)
[48.698s][info][gc,metaspace   ] GC(37) Metaspace: 74514K(81532K)->74514K(81532K) NonClass: 65327K(70012K)->65327K(70012K) Class: 9187K(11520K)->9187K(11520K)
[48.698s][info][gc             ] GC(37) Pause Full (System.gc()) 21M->21M(3925M) 48.079ms
[48.698s][info][gc,cpu         ] GC(37) User=0.05s Sys=0.00s Real=0.05s
[50.815s][info][gc,start       ] GC(38) Pause Young (System.gc())
[50.816s][info][gc,heap        ] GC(38) PSYoungGen: 262159K->192K(1223168K)
[50.816s][info][gc,heap        ] GC(38) ParOldGen: 22240K->22248K(2796544K)
[50.816s][info][gc,metaspace   ] GC(38) Metaspace: 74682K(81532K)->74682K(81532K) NonClass: 65486K(70012K)->65486K(70012K) Class: 9195K(11520K)->9195K(11520K)
[50.816s][info][gc             ] GC(38) Pause Young (System.gc()) 277M->21M(3925M) 0.931ms
[50.816s][info][gc,cpu         ] GC(38) User=0.00s Sys=0.00s Real=0.00s
[50.816s][info][gc,start       ] GC(39) Pause Full (System.gc())
[50.816s][info][gc,phases,start] GC(39) Marking Phase
[50.837s][info][gc,phases      ] GC(39) Marking Phase 21.269ms
[50.838s][info][gc,phases,start] GC(39) Summary Phase
[50.838s][info][gc,phases      ] GC(39) Summary Phase 0.010ms
[50.838s][info][gc,phases,start] GC(39) Adjust Roots
[50.857s][info][gc,phases      ] GC(39) Adjust Roots 18.861ms
[50.857s][info][gc,phases,start] GC(39) Compaction Phase
[50.878s][info][gc,phases      ] GC(39) Compaction Phase 21.841ms
[50.878s][info][gc,phases,start] GC(39) Post Compact
[50.879s][info][gc,phases      ] GC(39) Post Compact 0.822ms
[50.879s][info][gc,heap        ] GC(39) PSYoungGen: 192K->0K(1223168K)
[50.879s][info][gc,heap        ] GC(39) ParOldGen: 22248K->22247K(2796544K)
[50.879s][info][gc,metaspace   ] GC(39) Metaspace: 74682K(81532K)->74682K(81532K) NonClass: 65486K(70012K)->65486K(70012K) Class: 9195K(11520K)->9195K(11520K)
[50.879s][info][gc             ] GC(39) Pause Full (System.gc()) 21M->21M(3925M) 63.170ms
[50.879s][info][gc,cpu         ] GC(39) User=0.05s Sys=0.00s Real=0.06s
[52.911s][info][gc,start       ] GC(40) Pause Young (System.gc())
[52.912s][info][gc,heap        ] GC(40) PSYoungGen: 283167K->160K(1223168K)
[52.912s][info][gc,heap        ] GC(40) ParOldGen: 22247K->22255K(2796544K)
[52.912s][info][gc,metaspace   ] GC(40) Metaspace: 74706K(81532K)->74706K(81532K) NonClass: 65510K(70012K)->65510K(70012K) Class: 9195K(11520K)->9195K(11520K)
[52.912s][info][gc             ] GC(40) Pause Young (System.gc()) 298M->21M(3925M) 0.852ms
[52.912s][info][gc,cpu         ] GC(40) User=0.00s Sys=0.00s Real=0.00s
[52.912s][info][gc,start       ] GC(41) Pause Full (System.gc())
[52.912s][info][gc,phases,start] GC(41) Marking Phase
[52.933s][info][gc,phases      ] GC(41) Marking Phase 21.358ms
[52.933s][info][gc,phases,start] GC(41) Summary Phase
[52.933s][info][gc,phases      ] GC(41) Summary Phase 0.009ms
[52.933s][info][gc,phases,start] GC(41) Adjust Roots
[52.952s][info][gc,phases      ] GC(41) Adjust Roots 18.126ms
[52.952s][info][gc,phases,start] GC(41) Compaction Phase
[52.959s][info][gc,phases      ] GC(41) Compaction Phase 7.518ms
[52.959s][info][gc,phases,start] GC(41) Post Compact
[52.960s][info][gc,phases      ] GC(41) Post Compact 0.649ms
[52.960s][info][gc,heap        ] GC(41) PSYoungGen: 160K->0K(1223168K)
[52.960s][info][gc,heap        ] GC(41) ParOldGen: 22255K->22254K(2796544K)
[52.960s][info][gc,metaspace   ] GC(41) Metaspace: 74706K(81532K)->74706K(81532K) NonClass: 65510K(70012K)->65510K(70012K) Class: 9195K(11520K)->9195K(11520K)
[52.960s][info][gc             ] GC(41) Pause Full (System.gc()) 21M->21M(3925M) 47.920ms
[52.960s][info][gc,cpu         ] GC(41) User=0.03s Sys=0.00s Real=0.04s
[55.045s][info][gc,start       ] GC(42) Pause Young (System.gc())
[55.046s][info][gc,heap        ] GC(42) PSYoungGen: 262220K->96K(1223168K)
[55.046s][info][gc,heap        ] GC(42) ParOldGen: 22254K->22262K(2796544K)
[55.046s][info][gc,metaspace   ] GC(42) Metaspace: 74794K(81788K)->74794K(81788K) NonClass: 65599K(70268K)->65599K(70268K) Class: 9195K(11520K)->9195K(11520K)
[55.046s][info][gc             ] GC(42) Pause Young (System.gc()) 277M->21M(3925M) 0.896ms
[55.046s][info][gc,cpu         ] GC(42) User=0.00s Sys=0.00s Real=0.00s
[55.046s][info][gc,start       ] GC(43) Pause Full (System.gc())
[55.046s][info][gc,phases,start] GC(43) Marking Phase
[55.067s][info][gc,phases      ] GC(43) Marking Phase 21.393ms
[55.067s][info][gc,phases,start] GC(43) Summary Phase
[55.067s][info][gc,phases      ] GC(43) Summary Phase 0.009ms
[55.067s][info][gc,phases,start] GC(43) Adjust Roots
[55.086s][info][gc,phases      ] GC(43) Adjust Roots 18.827ms
[55.086s][info][gc,phases,start] GC(43) Compaction Phase
[55.094s][info][gc,phases      ] GC(43) Compaction Phase 7.666ms
[55.094s][info][gc,phases,start] GC(43) Post Compact
[55.095s][info][gc,phases      ] GC(43) Post Compact 0.659ms
[55.095s][info][gc,heap        ] GC(43) PSYoungGen: 96K->0K(1223168K)
[55.095s][info][gc,heap        ] GC(43) ParOldGen: 22262K->22256K(2796544K)
[55.095s][info][gc,metaspace   ] GC(43) Metaspace: 74794K(81788K)->74794K(81788K) NonClass: 65599K(70268K)->65599K(70268K) Class: 9195K(11520K)->9195K(11520K)
[55.095s][info][gc             ] GC(43) Pause Full (System.gc()) 21M->21M(3925M) 48.851ms
[55.095s][info][gc,cpu         ] GC(43) User=0.00s Sys=0.00s Real=0.05s
[57.084s][info][gc,start       ] GC(44) Pause Young (System.gc())
[57.085s][info][gc,heap        ] GC(44) PSYoungGen: 262208K->160K(1223168K)
[57.085s][info][gc,heap        ] GC(44) ParOldGen: 22256K->22264K(2796544K)
[57.085s][info][gc,metaspace   ] GC(44) Metaspace: 74855K(81788K)->74855K(81788K) NonClass: 65659K(70268K)->65659K(70268K) Class: 9195K(11520K)->9195K(11520K)
[57.085s][info][gc             ] GC(44) Pause Young (System.gc()) 277M->21M(3925M) 0.836ms
[57.085s][info][gc,cpu         ] GC(44) User=0.00s Sys=0.00s Real=0.00s
[57.085s][info][gc,start       ] GC(45) Pause Full (System.gc())
[57.085s][info][gc,phases,start] GC(45) Marking Phase
[57.107s][info][gc,phases      ] GC(45) Marking Phase 22.645ms
[57.107s][info][gc,phases,start] GC(45) Summary Phase
[57.107s][info][gc,phases      ] GC(45) Summary Phase 0.009ms
[57.107s][info][gc,phases,start] GC(45) Adjust Roots
[57.127s][info][gc,phases      ] GC(45) Adjust Roots 19.573ms
[57.127s][info][gc,phases,start] GC(45) Compaction Phase
[57.135s][info][gc,phases      ] GC(45) Compaction Phase 7.562ms
[57.135s][info][gc,phases,start] GC(45) Post Compact
[57.135s][info][gc,phases      ] GC(45) Post Compact 0.646ms
[57.135s][info][gc,heap        ] GC(45) PSYoungGen: 160K->0K(1223168K)
[57.135s][info][gc,heap        ] GC(45) ParOldGen: 22264K->22266K(2796544K)
[57.135s][info][gc,metaspace   ] GC(45) Metaspace: 74855K(81788K)->74855K(81788K) NonClass: 65659K(70268K)->65659K(70268K) Class: 9195K(11520K)->9195K(11520K)
[57.135s][info][gc             ] GC(45) Pause Full (System.gc()) 21M->21M(3925M) 50.757ms
[57.135s][info][gc,cpu         ] GC(45) User=0.05s Sys=0.00s Real=0.05s
[59.098s][info][gc,start       ] GC(46) Pause Young (System.gc())
[59.099s][info][gc,heap        ] GC(46) PSYoungGen: 241237K->96K(1223168K)
[59.099s][info][gc,heap        ] GC(46) ParOldGen: 22266K->22266K(2796544K)
[59.099s][info][gc,metaspace   ] GC(46) Metaspace: 74900K(81788K)->74900K(81788K) NonClass: 65704K(70268K)->65704K(70268K) Class: 9195K(11520K)->9195K(11520K)
[59.099s][info][gc             ] GC(46) Pause Young (System.gc()) 257M->21M(3925M) 0.854ms
[59.099s][info][gc,cpu         ] GC(46) User=0.00s Sys=0.00s Real=0.00s
[59.099s][info][gc,start       ] GC(47) Pause Full (System.gc())
[59.099s][info][gc,phases,start] GC(47) Marking Phase
[59.121s][info][gc,phases      ] GC(47) Marking Phase 22.705ms
[59.121s][info][gc,phases,start] GC(47) Summary Phase
[59.121s][info][gc,phases      ] GC(47) Summary Phase 0.010ms
[59.121s][info][gc,phases,start] GC(47) Adjust Roots
[59.141s][info][gc,phases      ] GC(47) Adjust Roots 19.246ms
[59.141s][info][gc,phases,start] GC(47) Compaction Phase
[59.149s][info][gc,phases      ] GC(47) Compaction Phase 7.835ms
[59.149s][info][gc,phases,start] GC(47) Post Compact
[59.149s][info][gc,phases      ] GC(47) Post Compact 0.756ms
[59.149s][info][gc,heap        ] GC(47) PSYoungGen: 96K->0K(1223168K)
[59.149s][info][gc,heap        ] GC(47) ParOldGen: 22266K->22267K(2796544K)
[59.149s][info][gc,metaspace   ] GC(47) Metaspace: 74900K(81788K)->74900K(81788K) NonClass: 65704K(70268K)->65704K(70268K) Class: 9195K(11520K)->9195K(11520K)
[59.149s][info][gc             ] GC(47) Pause Full (System.gc()) 21M->21M(3925M) 50.824ms
[59.149s][info][gc,cpu         ] GC(47) User=0.05s Sys=0.00s Real=0.06s
[61.124s][info][gc,start       ] GC(48) Pause Young (System.gc())
[61.125s][info][gc,heap        ] GC(48) PSYoungGen: 262215K->160K(1223168K)
[61.125s][info][gc,heap        ] GC(48) ParOldGen: 22267K->22275K(2796544K)
[61.125s][info][gc,metaspace   ] GC(48) Metaspace: 74935K(81788K)->74935K(81788K) NonClass: 65739K(70268K)->65739K(70268K) Class: 9195K(11520K)->9195K(11520K)
[61.125s][info][gc             ] GC(48) Pause Young (System.gc()) 277M->21M(3925M) 0.918ms
[61.125s][info][gc,cpu         ] GC(48) User=0.00s Sys=0.00s Real=0.00s
[61.125s][info][gc,start       ] GC(49) Pause Full (System.gc())
[61.125s][info][gc,phases,start] GC(49) Marking Phase
[61.147s][info][gc,phases      ] GC(49) Marking Phase 22.463ms
[61.147s][info][gc,phases,start] GC(49) Summary Phase
[61.148s][info][gc,phases      ] GC(49) Summary Phase 0.009ms
[61.148s][info][gc,phases,start] GC(49) Adjust Roots
[61.167s][info][gc,phases      ] GC(49) Adjust Roots 19.810ms
[61.167s][info][gc,phases,start] GC(49) Compaction Phase
[61.175s][info][gc,phases      ] GC(49) Compaction Phase 7.501ms
[61.175s][info][gc,phases,start] GC(49) Post Compact
[61.176s][info][gc,phases      ] GC(49) Post Compact 0.671ms
[61.176s][info][gc,heap        ] GC(49) PSYoungGen: 160K->0K(1223168K)
[61.176s][info][gc,heap        ] GC(49) ParOldGen: 22275K->22274K(2796544K)
[61.176s][info][gc,metaspace   ] GC(49) Metaspace: 74935K(81788K)->74935K(81788K) NonClass: 65739K(70268K)->65739K(70268K) Class: 9195K(11520K)->9195K(11520K)
[61.176s][info][gc             ] GC(49) Pause Full (System.gc()) 21M->21M(3925M) 50.800ms
[61.176s][info][gc,cpu         ] GC(49) User=0.06s Sys=0.00s Real=0.06s
[63.101s][info][gc,start       ] GC(50) Pause Young (System.gc())
[63.102s][info][gc,heap        ] GC(50) PSYoungGen: 241244K->128K(1223168K)
[63.102s][info][gc,heap        ] GC(50) ParOldGen: 22274K->22274K(2796544K)
[63.102s][info][gc,metaspace   ] GC(50) Metaspace: 74980K(82044K)->74980K(82044K) NonClass: 65785K(70524K)->65785K(70524K) Class: 9195K(11520K)->9195K(11520K)
[63.102s][info][gc             ] GC(50) Pause Young (System.gc()) 257M->21M(3925M) 0.864ms
[63.102s][info][gc,cpu         ] GC(50) User=0.00s Sys=0.00s Real=0.00s
[63.102s][info][gc,start       ] GC(51) Pause Full (System.gc())
[63.102s][info][gc,phases,start] GC(51) Marking Phase
[63.124s][info][gc,phases      ] GC(51) Marking Phase 22.103ms
[63.124s][info][gc,phases,start] GC(51) Summary Phase
[63.124s][info][gc,phases      ] GC(51) Summary Phase 0.009ms
[63.124s][info][gc,phases,start] GC(51) Adjust Roots
[63.144s][info][gc,phases      ] GC(51) Adjust Roots 19.654ms
[63.144s][info][gc,phases,start] GC(51) Compaction Phase
[63.152s][info][gc,phases      ] GC(51) Compaction Phase 7.940ms
[63.152s][info][gc,phases,start] GC(51) Post Compact
[63.152s][info][gc,phases      ] GC(51) Post Compact 0.633ms
[63.153s][info][gc,heap        ] GC(51) PSYoungGen: 128K->0K(1223168K)
[63.153s][info][gc,heap        ] GC(51) ParOldGen: 22274K->22275K(2796544K)
[63.153s][info][gc,metaspace   ] GC(51) Metaspace: 74980K(82044K)->74980K(82044K) NonClass: 65785K(70524K)->65785K(70524K) Class: 9195K(11520K)->9195K(11520K)
[63.153s][info][gc             ] GC(51) Pause Full (System.gc()) 21M->21M(3925M) 50.599ms
[63.153s][info][gc,cpu         ] GC(51) User=0.06s Sys=0.00s Real=0.06s
[65.073s][info][gc,start       ] GC(52) Pause Young (System.gc())
[65.074s][info][gc,heap        ] GC(52) PSYoungGen: 262195K->160K(1223168K)
[65.074s][info][gc,heap        ] GC(52) ParOldGen: 22275K->22283K(2796544K)
[65.074s][info][gc,metaspace   ] GC(52) Metaspace: 74999K(82044K)->74999K(82044K) NonClass: 65803K(70524K)->65803K(70524K) Class: 9195K(11520K)->9195K(11520K)
[65.074s][info][gc             ] GC(52) Pause Young (System.gc()) 277M->21M(3925M) 0.934ms
[65.074s][info][gc,cpu         ] GC(52) User=0.00s Sys=0.00s Real=0.00s
[65.074s][info][gc,start       ] GC(53) Pause Full (System.gc())
[65.074s][info][gc,phases,start] GC(53) Marking Phase
[65.097s][info][gc,phases      ] GC(53) Marking Phase 22.459ms
[65.097s][info][gc,phases,start] GC(53) Summary Phase
[65.097s][info][gc,phases      ] GC(53) Summary Phase 0.009ms
[65.097s][info][gc,phases,start] GC(53) Adjust Roots
[65.117s][info][gc,phases      ] GC(53) Adjust Roots 20.198ms
[65.117s][info][gc,phases,start] GC(53) Compaction Phase
[65.125s][info][gc,phases      ] GC(53) Compaction Phase 7.664ms
[65.125s][info][gc,phases,start] GC(53) Post Compact
[65.125s][info][gc,phases      ] GC(53) Post Compact 0.652ms
[65.125s][info][gc,heap        ] GC(53) PSYoungGen: 160K->0K(1223168K)
[65.125s][info][gc,heap        ] GC(53) ParOldGen: 22283K->22283K(2796544K)
[65.125s][info][gc,metaspace   ] GC(53) Metaspace: 74999K(82044K)->74999K(82044K) NonClass: 65803K(70524K)->65803K(70524K) Class: 9195K(11520K)->9195K(11520K)
[65.125s][info][gc             ] GC(53) Pause Full (System.gc()) 21M->21M(3925M) 51.350ms
[65.125s][info][gc,cpu         ] GC(53) User=0.03s Sys=0.00s Real=0.05s
[67.083s][info][gc,start       ] GC(54) Pause Young (System.gc())
[67.084s][info][gc,heap        ] GC(54) PSYoungGen: 262196K->160K(1223168K)
[67.084s][info][gc,heap        ] GC(54) ParOldGen: 22283K->22291K(2796544K)
[67.084s][info][gc,metaspace   ] GC(54) Metaspace: 75097K(82044K)->75097K(82044K) NonClass: 65901K(70524K)->65901K(70524K) Class: 9195K(11520K)->9195K(11520K)
[67.084s][info][gc             ] GC(54) Pause Young (System.gc()) 277M->21M(3925M) 0.881ms
[67.084s][info][gc,cpu         ] GC(54) User=0.00s Sys=0.00s Real=0.00s
[67.085s][info][gc,start       ] GC(55) Pause Full (System.gc())
[67.085s][info][gc,phases,start] GC(55) Marking Phase
[67.107s][info][gc,phases      ] GC(55) Marking Phase 22.760ms
[67.107s][info][gc,phases,start] GC(55) Summary Phase
[67.107s][info][gc,phases      ] GC(55) Summary Phase 0.010ms
[67.107s][info][gc,phases,start] GC(55) Adjust Roots
[67.128s][info][gc,phases      ] GC(55) Adjust Roots 20.607ms
[67.128s][info][gc,phases,start] GC(55) Compaction Phase
[67.136s][info][gc,phases      ] GC(55) Compaction Phase 7.601ms
[67.136s][info][gc,phases,start] GC(55) Post Compact
[67.136s][info][gc,phases      ] GC(55) Post Compact 0.658ms
[67.136s][info][gc,heap        ] GC(55) PSYoungGen: 160K->0K(1223168K)
[67.136s][info][gc,heap        ] GC(55) ParOldGen: 22291K->22284K(2796544K)
[67.136s][info][gc,metaspace   ] GC(55) Metaspace: 75097K(82044K)->75097K(82044K) NonClass: 65901K(70524K)->65901K(70524K) Class: 9195K(11520K)->9195K(11520K)
[67.136s][info][gc             ] GC(55) Pause Full (System.gc()) 21M->21M(3925M) 51.903ms
[67.136s][info][gc,cpu         ] GC(55) User=0.03s Sys=0.00s Real=0.05s
[69.059s][info][gc,start       ] GC(56) Pause Young (System.gc())
[69.060s][info][gc,heap        ] GC(56) PSYoungGen: 241214K->160K(1223168K)
[69.060s][info][gc,heap        ] GC(56) ParOldGen: 22284K->22284K(2796544K)
[69.060s][info][gc,metaspace   ] GC(56) Metaspace: 75106K(82044K)->75106K(82044K) NonClass: 65910K(70524K)->65910K(70524K) Class: 9195K(11520K)->9195K(11520K)
[69.060s][info][gc             ] GC(56) Pause Young (System.gc()) 257M->21M(3925M) 1.012ms
[69.060s][info][gc,cpu         ] GC(56) User=0.00s Sys=0.00s Real=0.00s
[69.060s][info][gc,start       ] GC(57) Pause Full (System.gc())
[69.060s][info][gc,phases,start] GC(57) Marking Phase
[69.084s][info][gc,phases      ] GC(57) Marking Phase 23.309ms
[69.084s][info][gc,phases,start] GC(57) Summary Phase
[69.084s][info][gc,phases      ] GC(57) Summary Phase 0.009ms
[69.084s][info][gc,phases,start] GC(57) Adjust Roots
[69.104s][info][gc,phases      ] GC(57) Adjust Roots 20.100ms
[69.104s][info][gc,phases,start] GC(57) Compaction Phase
[69.112s][info][gc,phases      ] GC(57) Compaction Phase 7.846ms
[69.112s][info][gc,phases,start] GC(57) Post Compact
[69.113s][info][gc,phases      ] GC(57) Post Compact 0.632ms
[69.113s][info][gc,heap        ] GC(57) PSYoungGen: 160K->0K(1223168K)
[69.113s][info][gc,heap        ] GC(57) ParOldGen: 22284K->22290K(2796544K)
[69.113s][info][gc,metaspace   ] GC(57) Metaspace: 75106K(82044K)->75106K(82044K) NonClass: 65910K(70524K)->65910K(70524K) Class: 9195K(11520K)->9195K(11520K)
[69.113s][info][gc             ] GC(57) Pause Full (System.gc()) 21M->21M(3925M) 52.161ms
[69.113s][info][gc,cpu         ] GC(57) User=0.03s Sys=0.00s Real=0.05s
[71.047s][info][gc,start       ] GC(58) Pause Young (System.gc())
[71.048s][info][gc,heap        ] GC(58) PSYoungGen: 262224K->128K(1223168K)
[71.048s][info][gc,heap        ] GC(58) ParOldGen: 22290K->22298K(2796544K)
[71.048s][info][gc,metaspace   ] GC(58) Metaspace: 75156K(82300K)->75156K(82300K) NonClass: 65960K(70780K)->65960K(70780K) Class: 9195K(11520K)->9195K(11520K)
[71.048s][info][gc             ] GC(58) Pause Young (System.gc()) 277M->21M(3925M) 0.925ms
[71.048s][info][gc,cpu         ] GC(58) User=0.00s Sys=0.00s Real=0.00s
[71.048s][info][gc,start       ] GC(59) Pause Full (System.gc())
[71.048s][info][gc,phases,start] GC(59) Marking Phase
[71.070s][info][gc,phases      ] GC(59) Marking Phase 22.306ms
[71.071s][info][gc,phases,start] GC(59) Summary Phase
[71.071s][info][gc,phases      ] GC(59) Summary Phase 0.009ms
[71.071s][info][gc,phases,start] GC(59) Adjust Roots
[71.091s][info][gc,phases      ] GC(59) Adjust Roots 20.405ms
[71.091s][info][gc,phases,start] GC(59) Compaction Phase
[71.099s][info][gc,phases      ] GC(59) Compaction Phase 7.824ms
[71.099s][info][gc,phases,start] GC(59) Post Compact
[71.100s][info][gc,phases      ] GC(59) Post Compact 0.624ms
[71.100s][info][gc,heap        ] GC(59) PSYoungGen: 128K->0K(1223168K)
[71.100s][info][gc,heap        ] GC(59) ParOldGen: 22298K->22292K(2796544K)
[71.100s][info][gc,metaspace   ] GC(59) Metaspace: 75156K(82300K)->75156K(82300K) NonClass: 65960K(70780K)->65960K(70780K) Class: 9195K(11520K)->9195K(11520K)
[71.100s][info][gc             ] GC(59) Pause Full (System.gc()) 21M->21M(3925M) 51.442ms
[71.100s][info][gc,cpu         ] GC(59) User=0.05s Sys=0.00s Real=0.05s
[72.975s][info][gc,start       ] GC(60) Pause Young (System.gc())
[72.976s][info][gc,heap        ] GC(60) PSYoungGen: 262224K->128K(1223168K)
[72.976s][info][gc,heap        ] GC(60) ParOldGen: 22292K->22292K(2796544K)
[72.976s][info][gc,metaspace   ] GC(60) Metaspace: 75162K(82300K)->75162K(82300K) NonClass: 65966K(70780K)->65966K(70780K) Class: 9195K(11520K)->9195K(11520K)
[72.976s][info][gc             ] GC(60) Pause Young (System.gc()) 277M->21M(3925M) 0.945ms
[72.976s][info][gc,cpu         ] GC(60) User=0.00s Sys=0.00s Real=0.00s
[72.976s][info][gc,start       ] GC(61) Pause Full (System.gc())
[72.976s][info][gc,phases,start] GC(61) Marking Phase
[72.999s][info][gc,phases      ] GC(61) Marking Phase 23.070ms
[72.999s][info][gc,phases,start] GC(61) Summary Phase
[72.999s][info][gc,phases      ] GC(61) Summary Phase 0.009ms
[72.999s][info][gc,phases,start] GC(61) Adjust Roots
[73.020s][info][gc,phases      ] GC(61) Adjust Roots 20.581ms
[73.020s][info][gc,phases,start] GC(61) Compaction Phase
[73.028s][info][gc,phases      ] GC(61) Compaction Phase 8.076ms
[73.028s][info][gc,phases,start] GC(61) Post Compact
[73.029s][info][gc,phases      ] GC(61) Post Compact 0.651ms
[73.029s][info][gc,heap        ] GC(61) PSYoungGen: 128K->0K(1223168K)
[73.029s][info][gc,heap        ] GC(61) ParOldGen: 22292K->22296K(2796544K)
[73.029s][info][gc,metaspace   ] GC(61) Metaspace: 75162K(82300K)->75162K(82300K) NonClass: 65966K(70780K)->65966K(70780K) Class: 9195K(11520K)->9195K(11520K)
[73.029s][info][gc             ] GC(61) Pause Full (System.gc()) 21M->21M(3925M) 52.713ms
[73.029s][info][gc,cpu         ] GC(61) User=0.08s Sys=0.00s Real=0.06s
[74.945s][info][gc,start       ] GC(62) Pause Young (System.gc())
[74.946s][info][gc,heap        ] GC(62) PSYoungGen: 241252K->160K(1223168K)
[74.946s][info][gc,heap        ] GC(62) ParOldGen: 22296K->22296K(2796544K)
[74.946s][info][gc,metaspace   ] GC(62) Metaspace: 75169K(82300K)->75169K(82300K) NonClass: 65973K(70780K)->65973K(70780K) Class: 9195K(11520K)->9195K(11520K)
[74.946s][info][gc             ] GC(62) Pause Young (System.gc()) 257M->21M(3925M) 1.136ms
[74.946s][info][gc,cpu         ] GC(62) User=0.00s Sys=0.00s Real=0.00s
[74.946s][info][gc,start       ] GC(63) Pause Full (System.gc())
[74.946s][info][gc,phases,start] GC(63) Marking Phase
[74.969s][info][gc,phases      ] GC(63) Marking Phase 23.136ms
[74.969s][info][gc,phases,start] GC(63) Summary Phase
[74.969s][info][gc,phases      ] GC(63) Summary Phase 0.009ms
[74.969s][info][gc,phases,start] GC(63) Adjust Roots
[74.990s][info][gc,phases      ] GC(63) Adjust Roots 20.875ms
[74.990s][info][gc,phases,start] GC(63) Compaction Phase
[74.997s][info][gc,phases      ] GC(63) Compaction Phase 7.380ms
[74.997s][info][gc,phases,start] GC(63) Post Compact
[74.998s][info][gc,phases      ] GC(63) Post Compact 0.654ms
[74.998s][info][gc,heap        ] GC(63) PSYoungGen: 160K->0K(1223168K)
[74.998s][info][gc,heap        ] GC(63) ParOldGen: 22296K->22297K(2796544K)
[74.998s][info][gc,metaspace   ] GC(63) Metaspace: 75169K(82300K)->75169K(82300K) NonClass: 65973K(70780K)->65973K(70780K) Class: 9195K(11520K)->9195K(11520K)
[74.998s][info][gc             ] GC(63) Pause Full (System.gc()) 21M->21M(3925M) 52.329ms
[74.998s][info][gc,cpu         ] GC(63) User=0.05s Sys=0.00s Real=0.05s
[76.854s][info][gc,start       ] GC(64) Pause Young (System.gc())
[76.855s][info][gc,heap        ] GC(64) PSYoungGen: 241204K->128K(1223168K)
[76.855s][info][gc,heap        ] GC(64) ParOldGen: 22297K->22297K(2796544K)
[76.855s][info][gc,metaspace   ] GC(64) Metaspace: 75221K(82300K)->75221K(82300K) NonClass: 66025K(70780K)->66025K(70780K) Class: 9195K(11520K)->9195K(11520K)
[76.855s][info][gc             ] GC(64) Pause Young (System.gc()) 257M->21M(3925M) 1.222ms
[76.855s][info][gc,cpu         ] GC(64) User=0.00s Sys=0.00s Real=0.00s
[76.855s][info][gc,start       ] GC(65) Pause Full (System.gc())
[76.855s][info][gc,phases,start] GC(65) Marking Phase
[76.878s][info][gc,phases      ] GC(65) Marking Phase 22.381ms
[76.878s][info][gc,phases,start] GC(65) Summary Phase
[76.878s][info][gc,phases      ] GC(65) Summary Phase 0.009ms
[76.878s][info][gc,phases,start] GC(65) Adjust Roots
[76.898s][info][gc,phases      ] GC(65) Adjust Roots 20.218ms
[76.898s][info][gc,phases,start] GC(65) Compaction Phase
[76.906s][info][gc,phases      ] GC(65) Compaction Phase 7.798ms
[76.906s][info][gc,phases,start] GC(65) Post Compact
[76.906s][info][gc,phases      ] GC(65) Post Compact 0.645ms
[76.906s][info][gc,heap        ] GC(65) PSYoungGen: 128K->0K(1223168K)
[76.906s][info][gc,heap        ] GC(65) ParOldGen: 22297K->22303K(2796544K)
[76.906s][info][gc,metaspace   ] GC(65) Metaspace: 75221K(82300K)->75221K(82300K) NonClass: 66025K(70780K)->66025K(70780K) Class: 9195K(11520K)->9195K(11520K)
[76.906s][info][gc             ] GC(65) Pause Full (System.gc()) 21M->21M(3925M) 51.306ms
[76.906s][info][gc,cpu         ] GC(65) User=0.06s Sys=0.00s Real=0.06s
[78.795s][info][gc,start       ] GC(66) Pause Young (System.gc())
[78.796s][info][gc,heap        ] GC(66) PSYoungGen: 272630K->160K(1223168K)
[78.796s][info][gc,heap        ] GC(66) ParOldGen: 22303K->22311K(2796544K)
[78.796s][info][gc,metaspace   ] GC(66) Metaspace: 75237K(82300K)->75237K(82300K) NonClass: 66041K(70780K)->66041K(70780K) Class: 9195K(11520K)->9195K(11520K)
[78.796s][info][gc             ] GC(66) Pause Young (System.gc()) 288M->21M(3925M) 0.859ms
[78.796s][info][gc,cpu         ] GC(66) User=0.00s Sys=0.00s Real=0.00s
[78.796s][info][gc,start       ] GC(67) Pause Full (System.gc())
[78.796s][info][gc,phases,start] GC(67) Marking Phase
[78.819s][info][gc,phases      ] GC(67) Marking Phase 23.025ms
[78.819s][info][gc,phases,start] GC(67) Summary Phase
[78.819s][info][gc,phases      ] GC(67) Summary Phase 0.010ms
[78.819s][info][gc,phases,start] GC(67) Adjust Roots
[78.840s][info][gc,phases      ] GC(67) Adjust Roots 20.561ms
[78.840s][info][gc,phases,start] GC(67) Compaction Phase
[78.848s][info][gc,phases      ] GC(67) Compaction Phase 7.705ms
[78.848s][info][gc,phases,start] GC(67) Post Compact
[78.849s][info][gc,phases      ] GC(67) Post Compact 0.647ms
[78.849s][info][gc,heap        ] GC(67) PSYoungGen: 160K->0K(1223168K)
[78.849s][info][gc,heap        ] GC(67) ParOldGen: 22311K->22305K(2796544K)
[78.849s][info][gc,metaspace   ] GC(67) Metaspace: 75237K(82300K)->75237K(82300K) NonClass: 66041K(70780K)->66041K(70780K) Class: 9195K(11520K)->9195K(11520K)
[78.849s][info][gc             ] GC(67) Pause Full (System.gc()) 21M->21M(3925M) 52.213ms
[78.849s][info][gc,cpu         ] GC(67) User=0.05s Sys=0.00s Real=0.05s
[80.700s][info][gc,start       ] GC(68) Pause Young (System.gc())
[80.700s][info][gc,heap        ] GC(68) PSYoungGen: 241176K->160K(1223168K)
[80.700s][info][gc,heap        ] GC(68) ParOldGen: 22305K->22305K(2796544K)
[80.700s][info][gc,metaspace   ] GC(68) Metaspace: 75246K(82300K)->75246K(82300K) NonClass: 66050K(70780K)->66050K(70780K) Class: 9195K(11520K)->9195K(11520K)
[80.701s][info][gc             ] GC(68) Pause Young (System.gc()) 257M->21M(3925M) 0.908ms
[80.701s][info][gc,cpu         ] GC(68) User=0.00s Sys=0.00s Real=0.00s
[80.701s][info][gc,start       ] GC(69) Pause Full (System.gc())
[80.701s][info][gc,phases,start] GC(69) Marking Phase
[80.724s][info][gc,phases      ] GC(69) Marking Phase 23.331ms
[80.724s][info][gc,phases,start] GC(69) Summary Phase
[80.724s][info][gc,phases      ] GC(69) Summary Phase 0.009ms
[80.724s][info][gc,phases,start] GC(69) Adjust Roots
[80.745s][info][gc,phases      ] GC(69) Adjust Roots 20.599ms
[80.745s][info][gc,phases,start] GC(69) Compaction Phase
[80.753s][info][gc,phases      ] GC(69) Compaction Phase 8.005ms
[80.753s][info][gc,phases,start] GC(69) Post Compact
[80.753s][info][gc,phases      ] GC(69) Post Compact 0.642ms
[80.753s][info][gc,heap        ] GC(69) PSYoungGen: 160K->0K(1223168K)
[80.753s][info][gc,heap        ] GC(69) ParOldGen: 22305K->22308K(2796544K)
[80.753s][info][gc,metaspace   ] GC(69) Metaspace: 75246K(82300K)->75246K(82300K) NonClass: 66050K(70780K)->66050K(70780K) Class: 9195K(11520K)->9195K(11520K)
[80.753s][info][gc             ] GC(69) Pause Full (System.gc()) 21M->21M(3925M) 52.834ms
[80.753s][info][gc,cpu         ] GC(69) User=0.06s Sys=0.00s Real=0.06s
[82.573s][info][gc,start       ] GC(70) Pause Young (System.gc())
[82.575s][info][gc,heap        ] GC(70) PSYoungGen: 251666K->160K(1223168K)
[82.575s][info][gc,heap        ] GC(70) ParOldGen: 22308K->22308K(2796544K)
[82.575s][info][gc,metaspace   ] GC(70) Metaspace: 75334K(82556K)->75334K(82556K) NonClass: 66138K(71036K)->66138K(71036K) Class: 9195K(11520K)->9195K(11520K)
[82.575s][info][gc             ] GC(70) Pause Young (System.gc()) 267M->21M(3925M) 1.155ms
[82.575s][info][gc,cpu         ] GC(70) User=0.00s Sys=0.00s Real=0.00s
[82.575s][info][gc,start       ] GC(71) Pause Full (System.gc())
[82.575s][info][gc,phases,start] GC(71) Marking Phase
[82.598s][info][gc,phases      ] GC(71) Marking Phase 23.651ms
[82.598s][info][gc,phases,start] GC(71) Summary Phase
[82.598s][info][gc,phases      ] GC(71) Summary Phase 0.009ms
[82.598s][info][gc,phases,start] GC(71) Adjust Roots
[82.619s][info][gc,phases      ] GC(71) Adjust Roots 20.957ms
[82.619s][info][gc,phases,start] GC(71) Compaction Phase
[82.627s][info][gc,phases      ] GC(71) Compaction Phase 7.546ms
[82.627s][info][gc,phases,start] GC(71) Post Compact
[82.628s][info][gc,phases      ] GC(71) Post Compact 0.651ms
[82.628s][info][gc,heap        ] GC(71) PSYoungGen: 160K->0K(1223168K)
[82.628s][info][gc,heap        ] GC(71) ParOldGen: 22308K->22308K(2796544K)
[82.628s][info][gc,metaspace   ] GC(71) Metaspace: 75334K(82556K)->75334K(82556K) NonClass: 66138K(71036K)->66138K(71036K) Class: 9195K(11520K)->9195K(11520K)
[82.628s][info][gc             ] GC(71) Pause Full (System.gc()) 21M->21M(3925M) 53.057ms
[82.628s][info][gc,cpu         ] GC(71) User=0.00s Sys=0.00s Real=0.05s
[84.443s][info][gc,start       ] GC(72) Pause Young (System.gc())
[84.444s][info][gc,heap        ] GC(72) PSYoungGen: 251658K->128K(1223168K)
[84.444s][info][gc,heap        ] GC(72) ParOldGen: 22308K->22308K(2796544K)
[84.444s][info][gc,metaspace   ] GC(72) Metaspace: 75339K(82556K)->75339K(82556K) NonClass: 66143K(71036K)->66143K(71036K) Class: 9195K(11520K)->9195K(11520K)
[84.444s][info][gc             ] GC(72) Pause Young (System.gc()) 267M->21M(3925M) 0.850ms
[84.444s][info][gc,cpu         ] GC(72) User=0.00s Sys=0.00s Real=0.00s
[84.444s][info][gc,start       ] GC(73) Pause Full (System.gc())
[84.444s][info][gc,phases,start] GC(73) Marking Phase
[84.467s][info][gc,phases      ] GC(73) Marking Phase 22.931ms
[84.467s][info][gc,phases,start] GC(73) Summary Phase
[84.467s][info][gc,phases      ] GC(73) Summary Phase 0.009ms
[84.467s][info][gc,phases,start] GC(73) Adjust Roots
[84.488s][info][gc,phases      ] GC(73) Adjust Roots 21.086ms
[84.488s][info][gc,phases,start] GC(73) Compaction Phase
[84.495s][info][gc,phases      ] GC(73) Compaction Phase 7.617ms
[84.495s][info][gc,phases,start] GC(73) Post Compact
[84.496s][info][gc,phases      ] GC(73) Post Compact 0.662ms
[84.496s][info][gc,heap        ] GC(73) PSYoungGen: 128K->0K(1223168K)
[84.496s][info][gc,heap        ] GC(73) ParOldGen: 22308K->22313K(2796544K)
[84.496s][info][gc,metaspace   ] GC(73) Metaspace: 75339K(82556K)->75339K(82556K) NonClass: 66143K(71036K)->66143K(71036K) Class: 9195K(11520K)->9195K(11520K)
[84.496s][info][gc             ] GC(73) Pause Full (System.gc()) 21M->21M(3925M) 52.650ms
[84.496s][info][gc,cpu         ] GC(73) User=0.03s Sys=0.00s Real=0.05s
[86.341s][info][gc,start       ] GC(74) Pause Young (System.gc())
[86.342s][info][gc,heap        ] GC(74) PSYoungGen: 251723K->96K(1223168K)
[86.342s][info][gc,heap        ] GC(74) ParOldGen: 22313K->22313K(2796544K)
[86.342s][info][gc,metaspace   ] GC(74) Metaspace: 75344K(82556K)->75344K(82556K) NonClass: 66148K(71036K)->66148K(71036K) Class: 9195K(11520K)->9195K(11520K)
[86.342s][info][gc             ] GC(74) Pause Young (System.gc()) 267M->21M(3925M) 1.046ms
[86.342s][info][gc,cpu         ] GC(74) User=0.00s Sys=0.00s Real=0.02s
[86.342s][info][gc,start       ] GC(75) Pause Full (System.gc())
[86.342s][info][gc,phases,start] GC(75) Marking Phase
[86.366s][info][gc,phases      ] GC(75) Marking Phase 23.387ms
[86.366s][info][gc,phases,start] GC(75) Summary Phase
[86.366s][info][gc,phases      ] GC(75) Summary Phase 0.010ms
[86.366s][info][gc,phases,start] GC(75) Adjust Roots
[86.386s][info][gc,phases      ] GC(75) Adjust Roots 20.412ms
[86.386s][info][gc,phases,start] GC(75) Compaction Phase
[86.394s][info][gc,phases      ] GC(75) Compaction Phase 7.742ms
[86.394s][info][gc,phases,start] GC(75) Post Compact
[86.395s][info][gc,phases      ] GC(75) Post Compact 0.635ms
[86.395s][info][gc,heap        ] GC(75) PSYoungGen: 96K->0K(1223168K)
[86.395s][info][gc,heap        ] GC(75) ParOldGen: 22313K->22313K(2796544K)
[86.395s][info][gc,metaspace   ] GC(75) Metaspace: 75344K(82556K)->75344K(82556K) NonClass: 66148K(71036K)->66148K(71036K) Class: 9195K(11520K)->9195K(11520K)
[86.395s][info][gc             ] GC(75) Pause Full (System.gc()) 21M->21M(3925M) 52.456ms
[86.395s][info][gc,cpu         ] GC(75) User=0.05s Sys=0.00s Real=0.05s
[88.216s][info][gc,start       ] GC(76) Pause Young (System.gc())
[88.217s][info][gc,heap        ] GC(76) PSYoungGen: 251706K->160K(1223168K)
[88.217s][info][gc,heap        ] GC(76) ParOldGen: 22313K->22313K(2796544K)
[88.217s][info][gc,metaspace   ] GC(76) Metaspace: 75352K(82556K)->75352K(82556K) NonClass: 66156K(71036K)->66156K(71036K) Class: 9195K(11520K)->9195K(11520K)
[88.217s][info][gc             ] GC(76) Pause Young (System.gc()) 267M->21M(3925M) 0.848ms
[88.217s][info][gc,cpu         ] GC(76) User=0.00s Sys=0.00s Real=0.00s
[88.217s][info][gc,start       ] GC(77) Pause Full (System.gc())
[88.217s][info][gc,phases,start] GC(77) Marking Phase
[88.239s][info][gc,phases      ] GC(77) Marking Phase 22.312ms
[88.239s][info][gc,phases,start] GC(77) Summary Phase
[88.239s][info][gc,phases      ] GC(77) Summary Phase 0.009ms
[88.239s][info][gc,phases,start] GC(77) Adjust Roots
[88.260s][info][gc,phases      ] GC(77) Adjust Roots 20.544ms
[88.260s][info][gc,phases,start] GC(77) Compaction Phase
[88.267s][info][gc,phases      ] GC(77) Compaction Phase 7.481ms
[88.267s][info][gc,phases,start] GC(77) Post Compact
[88.268s][info][gc,phases      ] GC(77) Post Compact 0.646ms
[88.268s][info][gc,heap        ] GC(77) PSYoungGen: 160K->0K(1223168K)
[88.268s][info][gc,heap        ] GC(77) ParOldGen: 22313K->22318K(2796544K)
[88.268s][info][gc,metaspace   ] GC(77) Metaspace: 75352K(82556K)->75352K(82556K) NonClass: 66156K(71036K)->66156K(71036K) Class: 9195K(11520K)->9195K(11520K)
[88.268s][info][gc             ] GC(77) Pause Full (System.gc()) 21M->21M(3925M) 51.320ms
[88.268s][info][gc,cpu         ] GC(77) User=0.00s Sys=0.00s Real=0.05s
[90.124s][info][gc,start       ] GC(78) Pause Young (System.gc())
[90.125s][info][gc,heap        ] GC(78) PSYoungGen: 251726K->160K(1223168K)
[90.125s][info][gc,heap        ] GC(78) ParOldGen: 22318K->22318K(2796544K)
[90.125s][info][gc,metaspace   ] GC(78) Metaspace: 75354K(82556K)->75354K(82556K) NonClass: 66158K(71036K)->66158K(71036K) Class: 9195K(11520K)->9195K(11520K)
[90.125s][info][gc             ] GC(78) Pause Young (System.gc()) 267M->21M(3925M) 1.047ms
[90.125s][info][gc,cpu         ] GC(78) User=0.00s Sys=0.00s Real=0.00s
[90.125s][info][gc,start       ] GC(79) Pause Full (System.gc())
[90.125s][info][gc,phases,start] GC(79) Marking Phase
[90.149s][info][gc,phases      ] GC(79) Marking Phase 23.870ms
[90.149s][info][gc,phases,start] GC(79) Summary Phase
[90.149s][info][gc,phases      ] GC(79) Summary Phase 0.009ms
[90.149s][info][gc,phases,start] GC(79) Adjust Roots
[90.170s][info][gc,phases      ] GC(79) Adjust Roots 20.704ms
[90.170s][info][gc,phases,start] GC(79) Compaction Phase
[90.178s][info][gc,phases      ] GC(79) Compaction Phase 7.924ms
[90.178s][info][gc,phases,start] GC(79) Post Compact
[90.179s][info][gc,phases      ] GC(79) Post Compact 0.643ms
[90.179s][info][gc,heap        ] GC(79) PSYoungGen: 160K->0K(1223168K)
[90.179s][info][gc,heap        ] GC(79) ParOldGen: 22318K->22317K(2796544K)
[90.179s][info][gc,metaspace   ] GC(79) Metaspace: 75354K(82556K)->75354K(82556K) NonClass: 66158K(71036K)->66158K(71036K) Class: 9195K(11520K)->9195K(11520K)
[90.179s][info][gc             ] GC(79) Pause Full (System.gc()) 21M->21M(3925M) 53.404ms
[90.179s][info][gc,cpu         ] GC(79) User=0.06s Sys=0.00s Real=0.06s
[91.981s][info][gc,start       ] GC(80) Pause Young (System.gc())
[91.981s][info][gc,heap        ] GC(80) PSYoungGen: 272694K->160K(1223168K)
[91.981s][info][gc,heap        ] GC(80) ParOldGen: 22317K->22325K(2796544K)
[91.981s][info][gc,metaspace   ] GC(80) Metaspace: 75401K(82556K)->75401K(82556K) NonClass: 66205K(71036K)->66205K(71036K) Class: 9195K(11520K)->9195K(11520K)
[91.981s][info][gc             ] GC(80) Pause Young (System.gc()) 288M->21M(3925M) 0.843ms
[91.981s][info][gc,cpu         ] GC(80) User=0.00s Sys=0.00s Real=0.00s
[91.981s][info][gc,start       ] GC(81) Pause Full (System.gc())
[91.981s][info][gc,phases,start] GC(81) Marking Phase
[92.004s][info][gc,phases      ] GC(81) Marking Phase 22.691ms
[92.004s][info][gc,phases,start] GC(81) Summary Phase
[92.004s][info][gc,phases      ] GC(81) Summary Phase 0.009ms
[92.004s][info][gc,phases,start] GC(81) Adjust Roots
[92.025s][info][gc,phases      ] GC(81) Adjust Roots 20.962ms
[92.025s][info][gc,phases,start] GC(81) Compaction Phase
[92.033s][info][gc,phases      ] GC(81) Compaction Phase 7.608ms
[92.033s][info][gc,phases,start] GC(81) Post Compact
[92.034s][info][gc,phases      ] GC(81) Post Compact 0.638ms
[92.034s][info][gc,heap        ] GC(81) PSYoungGen: 160K->0K(1223168K)
[92.034s][info][gc,heap        ] GC(81) ParOldGen: 22325K->22323K(2796544K)
[92.034s][info][gc,metaspace   ] GC(81) Metaspace: 75401K(82556K)->75401K(82556K) NonClass: 66205K(71036K)->66205K(71036K) Class: 9195K(11520K)->9195K(11520K)
[92.034s][info][gc             ] GC(81) Pause Full (System.gc()) 21M->21M(3925M) 52.227ms
[92.034s][info][gc,cpu         ] GC(81) User=0.08s Sys=0.00s Real=0.05s
[93.836s][info][gc,start       ] GC(82) Pause Young (System.gc())
[93.837s][info][gc,heap        ] GC(82) PSYoungGen: 251690K->160K(1223168K)
[93.837s][info][gc,heap        ] GC(82) ParOldGen: 22323K->22323K(2796544K)
[93.837s][info][gc,metaspace   ] GC(82) Metaspace: 75402K(82556K)->75402K(82556K) NonClass: 66206K(71036K)->66206K(71036K) Class: 9195K(11520K)->9195K(11520K)
[93.837s][info][gc             ] GC(82) Pause Young (System.gc()) 267M->21M(3925M) 0.945ms
[93.837s][info][gc,cpu         ] GC(82) User=0.00s Sys=0.00s Real=0.00s
[93.837s][info][gc,start       ] GC(83) Pause Full (System.gc())
[93.837s][info][gc,phases,start] GC(83) Marking Phase
[93.861s][info][gc,phases      ] GC(83) Marking Phase 23.694ms
[93.861s][info][gc,phases,start] GC(83) Summary Phase
[93.861s][info][gc,phases      ] GC(83) Summary Phase 0.015ms
[93.861s][info][gc,phases,start] GC(83) Adjust Roots
[93.882s][info][gc,phases      ] GC(83) Adjust Roots 21.067ms
[93.882s][info][gc,phases,start] GC(83) Compaction Phase
[93.890s][info][gc,phases      ] GC(83) Compaction Phase 7.993ms
[93.890s][info][gc,phases,start] GC(83) Post Compact
[93.891s][info][gc,phases      ] GC(83) Post Compact 0.663ms
[93.891s][info][gc,heap        ] GC(83) PSYoungGen: 160K->0K(1223168K)
[93.891s][info][gc,heap        ] GC(83) ParOldGen: 22323K->22323K(2796544K)
[93.891s][info][gc,metaspace   ] GC(83) Metaspace: 75402K(82556K)->75402K(82556K) NonClass: 66206K(71036K)->66206K(71036K) Class: 9195K(11520K)->9195K(11520K)
[93.891s][info][gc             ] GC(83) Pause Full (System.gc()) 21M->21M(3925M) 53.693ms
[93.891s][info][gc,cpu         ] GC(83) User=0.03s Sys=0.00s Real=0.05s
[95.709s][info][gc,start       ] GC(84) Pause Young (System.gc())
[95.710s][info][gc,heap        ] GC(84) PSYoungGen: 251707K->160K(1223168K)
[95.710s][info][gc,heap        ] GC(84) ParOldGen: 22323K->22323K(2796544K)
[95.710s][info][gc,metaspace   ] GC(84) Metaspace: 75426K(82556K)->75426K(82556K) NonClass: 66230K(71036K)->66230K(71036K) Class: 9195K(11520K)->9195K(11520K)
[95.710s][info][gc             ] GC(84) Pause Young (System.gc()) 267M->21M(3925M) 0.935ms
[95.710s][info][gc,cpu         ] GC(84) User=0.00s Sys=0.00s Real=0.00s
[95.710s][info][gc,start       ] GC(85) Pause Full (System.gc())
[95.710s][info][gc,phases,start] GC(85) Marking Phase
[95.733s][info][gc,phases      ] GC(85) Marking Phase 22.530ms
[95.733s][info][gc,phases,start] GC(85) Summary Phase
[95.733s][info][gc,phases      ] GC(85) Summary Phase 0.009ms
[95.733s][info][gc,phases,start] GC(85) Adjust Roots
[95.754s][info][gc,phases      ] GC(85) Adjust Roots 21.222ms
[95.754s][info][gc,phases,start] GC(85) Compaction Phase
[95.762s][info][gc,phases      ] GC(85) Compaction Phase 7.640ms
[95.762s][info][gc,phases,start] GC(85) Post Compact
[95.762s][info][gc,phases      ] GC(85) Post Compact 0.647ms
[95.763s][info][gc,heap        ] GC(85) PSYoungGen: 160K->0K(1223168K)
[95.763s][info][gc,heap        ] GC(85) ParOldGen: 22323K->22329K(2796544K)
[95.763s][info][gc,metaspace   ] GC(85) Metaspace: 75426K(82556K)->75426K(82556K) NonClass: 66230K(71036K)->66230K(71036K) Class: 9195K(11520K)->9195K(11520K)
[95.763s][info][gc             ] GC(85) Pause Full (System.gc()) 21M->21M(3925M) 52.354ms
[95.763s][info][gc,cpu         ] GC(85) User=0.03s Sys=0.00s Real=0.05s
[97.567s][info][gc,start       ] GC(86) Pause Young (System.gc())
[97.568s][info][gc,heap        ] GC(86) PSYoungGen: 251707K->160K(1223168K)
[97.568s][info][gc,heap        ] GC(86) ParOldGen: 22329K->22329K(2796544K)
[97.568s][info][gc,metaspace   ] GC(86) Metaspace: 75426K(82556K)->75426K(82556K) NonClass: 66231K(71036K)->66231K(71036K) Class: 9195K(11520K)->9195K(11520K)
[97.568s][info][gc             ] GC(86) Pause Young (System.gc()) 267M->21M(3925M) 1.132ms
[97.568s][info][gc,cpu         ] GC(86) User=0.00s Sys=0.00s Real=0.00s
[97.568s][info][gc,start       ] GC(87) Pause Full (System.gc())
[97.568s][info][gc,phases,start] GC(87) Marking Phase
[97.593s][info][gc,phases      ] GC(87) Marking Phase 24.922ms
[97.593s][info][gc,phases,start] GC(87) Summary Phase
[97.593s][info][gc,phases      ] GC(87) Summary Phase 0.009ms
[97.593s][info][gc,phases,start] GC(87) Adjust Roots
[97.615s][info][gc,phases      ] GC(87) Adjust Roots 21.425ms
[97.615s][info][gc,phases,start] GC(87) Compaction Phase
[97.623s][info][gc,phases      ] GC(87) Compaction Phase 7.997ms
[97.623s][info][gc,phases,start] GC(87) Post Compact
[97.623s][info][gc,phases      ] GC(87) Post Compact 0.634ms
[97.624s][info][gc,heap        ] GC(87) PSYoungGen: 160K->0K(1223168K)
[97.624s][info][gc,heap        ] GC(87) ParOldGen: 22329K->22327K(2796544K)
[97.624s][info][gc,metaspace   ] GC(87) Metaspace: 75426K(82556K)->75426K(82556K) NonClass: 66231K(71036K)->66231K(71036K) Class: 9195K(11520K)->9195K(11520K)
[97.624s][info][gc             ] GC(87) Pause Full (System.gc()) 21M->21M(3925M) 55.269ms
[97.624s][info][gc,cpu         ] GC(87) User=0.06s Sys=0.00s Real=0.06s
[99.410s][info][gc,start       ] GC(88) Pause Young (System.gc())
[99.411s][info][gc,heap        ] GC(88) PSYoungGen: 251707K->160K(1223168K)
[99.411s][info][gc,heap        ] GC(88) ParOldGen: 22327K->22327K(2796544K)
[99.411s][info][gc,metaspace   ] GC(88) Metaspace: 75428K(82556K)->75428K(82556K) NonClass: 66232K(71036K)->66232K(71036K) Class: 9195K(11520K)->9195K(11520K)
[99.411s][info][gc             ] GC(88) Pause Young (System.gc()) 267M->21M(3925M) 0.913ms
[99.411s][info][gc,cpu         ] GC(88) User=0.00s Sys=0.00s Real=0.00s
[99.411s][info][gc,start       ] GC(89) Pause Full (System.gc())
[99.411s][info][gc,phases,start] GC(89) Marking Phase
[99.434s][info][gc,phases      ] GC(89) Marking Phase 22.760ms
[99.434s][info][gc,phases,start] GC(89) Summary Phase
[99.434s][info][gc,phases      ] GC(89) Summary Phase 0.009ms
[99.434s][info][gc,phases,start] GC(89) Adjust Roots
[99.455s][info][gc,phases      ] GC(89) Adjust Roots 20.591ms
[99.455s][info][gc,phases,start] GC(89) Compaction Phase
[99.462s][info][gc,phases      ] GC(89) Compaction Phase 7.651ms
[99.462s][info][gc,phases,start] GC(89) Post Compact
[99.463s][info][gc,phases      ] GC(89) Post Compact 0.640ms
[99.463s][info][gc,heap        ] GC(89) PSYoungGen: 160K->0K(1223168K)
[99.463s][info][gc,heap        ] GC(89) ParOldGen: 22327K->22330K(2796544K)
[99.463s][info][gc,metaspace   ] GC(89) Metaspace: 75428K(82556K)->75428K(82556K) NonClass: 66232K(71036K)->66232K(71036K) Class: 9195K(11520K)->9195K(11520K)
[99.463s][info][gc             ] GC(89) Pause Full (System.gc()) 21M->21M(3925M) 51.986ms
[99.463s][info][gc,cpu         ] GC(89) User=0.00s Sys=0.00s Real=0.05s
[101.258s][info][gc,start       ] GC(90) Pause Young (System.gc())
[101.259s][info][gc,heap        ] GC(90) PSYoungGen: 251699K->128K(1223168K)
[101.259s][info][gc,heap        ] GC(90) ParOldGen: 22330K->22330K(2796544K)
[101.259s][info][gc,metaspace   ] GC(90) Metaspace: 75433K(82556K)->75433K(82556K) NonClass: 66238K(71036K)->66238K(71036K) Class: 9195K(11520K)->9195K(11520K)
[101.259s][info][gc             ] GC(90) Pause Young (System.gc()) 267M->21M(3925M) 1.249ms
[101.259s][info][gc,cpu         ] GC(90) User=0.00s Sys=0.00s Real=0.00s
[101.259s][info][gc,start       ] GC(91) Pause Full (System.gc())
[101.259s][info][gc,phases,start] GC(91) Marking Phase
[101.282s][info][gc,phases      ] GC(91) Marking Phase 22.520ms
[101.282s][info][gc,phases,start] GC(91) Summary Phase
[101.282s][info][gc,phases      ] GC(91) Summary Phase 0.009ms
[101.282s][info][gc,phases,start] GC(91) Adjust Roots
[101.302s][info][gc,phases      ] GC(91) Adjust Roots 20.717ms
[101.302s][info][gc,phases,start] GC(91) Compaction Phase
[101.310s][info][gc,phases      ] GC(91) Compaction Phase 8.007ms
[101.311s][info][gc,phases,start] GC(91) Post Compact
[101.311s][info][gc,phases      ] GC(91) Post Compact 0.630ms
[101.311s][info][gc,heap        ] GC(91) PSYoungGen: 128K->0K(1223168K)
[101.311s][info][gc,heap        ] GC(91) ParOldGen: 22330K->22329K(2796544K)
[101.311s][info][gc,metaspace   ] GC(91) Metaspace: 75433K(82556K)->75433K(82556K) NonClass: 66238K(71036K)->66238K(71036K) Class: 9195K(11520K)->9195K(11520K)
[101.311s][info][gc             ] GC(91) Pause Full (System.gc()) 21M->21M(3925M) 52.174ms
[101.311s][info][gc,cpu         ] GC(91) User=0.06s Sys=0.00s Real=0.06s
[103.097s][info][gc,start       ] GC(92) Pause Young (System.gc())
[103.098s][info][gc,heap        ] GC(92) PSYoungGen: 251683K->192K(1223168K)
[103.098s][info][gc,heap        ] GC(92) ParOldGen: 22329K->22329K(2796544K)
[103.098s][info][gc,metaspace   ] GC(92) Metaspace: 75520K(82812K)->75520K(82812K) NonClass: 66323K(71292K)->66323K(71292K) Class: 9196K(11520K)->9196K(11520K)
[103.098s][info][gc             ] GC(92) Pause Young (System.gc()) 267M->21M(3925M) 0.833ms
[103.098s][info][gc,cpu         ] GC(92) User=0.00s Sys=0.00s Real=0.00s
[103.098s][info][gc,start       ] GC(93) Pause Full (System.gc())
[103.098s][info][gc,phases,start] GC(93) Marking Phase
[103.122s][info][gc,phases      ] GC(93) Marking Phase 23.826ms
[103.122s][info][gc,phases,start] GC(93) Summary Phase
[103.122s][info][gc,phases      ] GC(93) Summary Phase 0.009ms
[103.122s][info][gc,phases,start] GC(93) Adjust Roots
[103.145s][info][gc,phases      ] GC(93) Adjust Roots 23.539ms
[103.145s][info][gc,phases,start] GC(93) Compaction Phase
[103.161s][info][gc,phases      ] GC(93) Compaction Phase 15.953ms
[103.161s][info][gc,phases,start] GC(93) Post Compact
[103.162s][info][gc,phases      ] GC(93) Post Compact 0.735ms
[103.162s][info][gc,heap        ] GC(93) PSYoungGen: 192K->0K(1223168K)
[103.162s][info][gc,heap        ] GC(93) ParOldGen: 22329K->22305K(2796544K)
[103.162s][info][gc,metaspace   ] GC(93) Metaspace: 75520K(82812K)->75520K(82812K) NonClass: 66323K(71292K)->66323K(71292K) Class: 9196K(11520K)->9196K(11520K)
[103.162s][info][gc             ] GC(93) Pause Full (System.gc()) 21M->21M(3925M) 64.328ms
[103.162s][info][gc,cpu         ] GC(93) User=0.05s Sys=0.00s Real=0.08s
[105.030s][info][gc,start       ] GC(94) Pause Young (System.gc())
[105.031s][info][gc,heap        ] GC(94) PSYoungGen: 251690K->128K(1223168K)
[105.031s][info][gc,heap        ] GC(94) ParOldGen: 22305K->22305K(2796544K)
[105.031s][info][gc,metaspace   ] GC(94) Metaspace: 75522K(82812K)->75522K(82812K) NonClass: 66325K(71292K)->66325K(71292K) Class: 9196K(11520K)->9196K(11520K)
[105.031s][info][gc             ] GC(94) Pause Young (System.gc()) 267M->21M(3925M) 0.935ms
[105.031s][info][gc,cpu         ] GC(94) User=0.00s Sys=0.00s Real=0.00s
[105.031s][info][gc,start       ] GC(95) Pause Full (System.gc())
[105.031s][info][gc,phases,start] GC(95) Marking Phase
[105.055s][info][gc,phases      ] GC(95) Marking Phase 23.671ms
[105.055s][info][gc,phases,start] GC(95) Summary Phase
[105.055s][info][gc,phases      ] GC(95) Summary Phase 0.009ms
[105.055s][info][gc,phases,start] GC(95) Adjust Roots
[105.076s][info][gc,phases      ] GC(95) Adjust Roots 21.034ms
[105.076s][info][gc,phases,start] GC(95) Compaction Phase
[105.084s][info][gc,phases      ] GC(95) Compaction Phase 7.907ms
[105.084s][info][gc,phases,start] GC(95) Post Compact
[105.085s][info][gc,phases      ] GC(95) Post Compact 0.641ms
[105.085s][info][gc,heap        ] GC(95) PSYoungGen: 128K->0K(1223168K)
[105.085s][info][gc,heap        ] GC(95) ParOldGen: 22305K->22303K(2796544K)
[105.085s][info][gc,metaspace   ] GC(95) Metaspace: 75522K(82812K)->75522K(82812K) NonClass: 66325K(71292K)->66325K(71292K) Class: 9196K(11520K)->9196K(11520K)
[105.085s][info][gc             ] GC(95) Pause Full (System.gc()) 21M->21M(3925M) 53.574ms
[105.085s][info][gc,cpu         ] GC(95) User=0.06s Sys=0.00s Real=0.05s
[106.863s][info][gc,start       ] GC(96) Pause Young (System.gc())
[106.864s][info][gc,heap        ] GC(96) PSYoungGen: 251722K->160K(1223168K)
[106.864s][info][gc,heap        ] GC(96) ParOldGen: 22303K->22303K(2796544K)
[106.864s][info][gc,metaspace   ] GC(96) Metaspace: 75524K(82812K)->75524K(82812K) NonClass: 66327K(71292K)->66327K(71292K) Class: 9196K(11520K)->9196K(11520K)
[106.864s][info][gc             ] GC(96) Pause Young (System.gc()) 267M->21M(3925M) 1.030ms
[106.864s][info][gc,cpu         ] GC(96) User=0.00s Sys=0.00s Real=0.00s
[106.864s][info][gc,start       ] GC(97) Pause Full (System.gc())
[106.864s][info][gc,phases,start] GC(97) Marking Phase
[106.888s][info][gc,phases      ] GC(97) Marking Phase 23.570ms
[106.888s][info][gc,phases,start] GC(97) Summary Phase
[106.888s][info][gc,phases      ] GC(97) Summary Phase 0.010ms
[106.888s][info][gc,phases,start] GC(97) Adjust Roots
[106.909s][info][gc,phases      ] GC(97) Adjust Roots 21.152ms
[106.909s][info][gc,phases,start] GC(97) Compaction Phase
[106.917s][info][gc,phases      ] GC(97) Compaction Phase 8.145ms
[106.917s][info][gc,phases,start] GC(97) Post Compact
[106.918s][info][gc,phases      ] GC(97) Post Compact 0.642ms
[106.918s][info][gc,heap        ] GC(97) PSYoungGen: 160K->0K(1223168K)
[106.918s][info][gc,heap        ] GC(97) ParOldGen: 22303K->22307K(2796544K)
[106.918s][info][gc,metaspace   ] GC(97) Metaspace: 75524K(82812K)->75524K(82812K) NonClass: 66327K(71292K)->66327K(71292K) Class: 9196K(11520K)->9196K(11520K)
[106.918s][info][gc             ] GC(97) Pause Full (System.gc()) 21M->21M(3925M) 53.786ms
[106.918s][info][gc,cpu         ] GC(97) User=0.08s Sys=0.00s Real=0.06s
[108.726s][info][gc,start       ] GC(98) Pause Young (System.gc())
[108.727s][info][gc,heap        ] GC(98) PSYoungGen: 251723K->160K(1223168K)
[108.727s][info][gc,heap        ] GC(98) ParOldGen: 22307K->22307K(2796544K)
[108.727s][info][gc,metaspace   ] GC(98) Metaspace: 75573K(82812K)->75573K(82812K) NonClass: 66375K(71292K)->66375K(71292K) Class: 9197K(11520K)->9197K(11520K)
[108.727s][info][gc             ] GC(98) Pause Young (System.gc()) 267M->21M(3925M) 0.905ms
[108.727s][info][gc,cpu         ] GC(98) User=0.00s Sys=0.00s Real=0.00s
[108.727s][info][gc,start       ] GC(99) Pause Full (System.gc())
[108.727s][info][gc,phases,start] GC(99) Marking Phase
[108.752s][info][gc,phases      ] GC(99) Marking Phase 24.078ms
[108.752s][info][gc,phases,start] GC(99) Summary Phase
[108.752s][info][gc,phases      ] GC(99) Summary Phase 0.010ms
[108.752s][info][gc,phases,start] GC(99) Adjust Roots
[108.773s][info][gc,phases      ] GC(99) Adjust Roots 21.230ms
[108.773s][info][gc,phases,start] GC(99) Compaction Phase
[108.781s][info][gc,phases      ] GC(99) Compaction Phase 8.032ms
[108.781s][info][gc,phases,start] GC(99) Post Compact
[108.782s][info][gc,phases      ] GC(99) Post Compact 0.648ms
[108.782s][info][gc,heap        ] GC(99) PSYoungGen: 160K->0K(1223168K)
[108.782s][info][gc,heap        ] GC(99) ParOldGen: 22307K->22308K(2796544K)
[108.782s][info][gc,metaspace   ] GC(99) Metaspace: 75573K(82812K)->75573K(82812K) NonClass: 66375K(71292K)->66375K(71292K) Class: 9197K(11520K)->9197K(11520K)
[108.782s][info][gc             ] GC(99) Pause Full (System.gc()) 21M->21M(3925M) 54.264ms
[108.782s][info][gc,cpu         ] GC(99) User=0.00s Sys=0.00s Real=0.05s
[110.551s][info][gc,start       ] GC(100) Pause Young (System.gc())
[110.552s][info][gc,heap        ] GC(100) PSYoungGen: 251722K->160K(1223168K)
[110.552s][info][gc,heap        ] GC(100) ParOldGen: 22308K->22308K(2796544K)
[110.552s][info][gc,metaspace   ] GC(100) Metaspace: 75575K(82812K)->75575K(82812K) NonClass: 66377K(71292K)->66377K(71292K) Class: 9197K(11520K)->9197K(11520K)
[110.552s][info][gc             ] GC(100) Pause Young (System.gc()) 267M->21M(3925M) 0.984ms
[110.552s][info][gc,cpu         ] GC(100) User=0.00s Sys=0.00s Real=0.00s
[110.552s][info][gc,start       ] GC(101) Pause Full (System.gc())
[110.552s][info][gc,phases,start] GC(101) Marking Phase
[110.575s][info][gc,phases      ] GC(101) Marking Phase 23.051ms
[110.575s][info][gc,phases,start] GC(101) Summary Phase
[110.575s][info][gc,phases      ] GC(101) Summary Phase 0.009ms
[110.575s][info][gc,phases,start] GC(101) Adjust Roots
[110.596s][info][gc,phases      ] GC(101) Adjust Roots 21.284ms
[110.596s][info][gc,phases,start] GC(101) Compaction Phase
[110.604s][info][gc,phases      ] GC(101) Compaction Phase 7.628ms
[110.604s][info][gc,phases,start] GC(101) Post Compact
[110.605s][info][gc,phases      ] GC(101) Post Compact 0.627ms
[110.605s][info][gc,heap        ] GC(101) PSYoungGen: 160K->0K(1223168K)
[110.605s][info][gc,heap        ] GC(101) ParOldGen: 22308K->22314K(2796544K)
[110.605s][info][gc,metaspace   ] GC(101) Metaspace: 75575K(82812K)->75575K(82812K) NonClass: 66377K(71292K)->66377K(71292K) Class: 9197K(11520K)->9197K(11520K)
[110.605s][info][gc             ] GC(101) Pause Full (System.gc()) 21M->21M(3925M) 52.875ms
[110.605s][info][gc,cpu         ] GC(101) User=0.05s Sys=0.02s Real=0.06s
[112.361s][info][gc,start       ] GC(102) Pause Young (System.gc())
[112.362s][info][gc,heap        ] GC(102) PSYoungGen: 251722K->128K(1223168K)
[112.362s][info][gc,heap        ] GC(102) ParOldGen: 22314K->22314K(2796544K)
[112.362s][info][gc,metaspace   ] GC(102) Metaspace: 75599K(82812K)->75599K(82812K) NonClass: 66401K(71292K)->66401K(71292K) Class: 9197K(11520K)->9197K(11520K)
[112.362s][info][gc             ] GC(102) Pause Young (System.gc()) 267M->21M(3925M) 0.913ms
[112.362s][info][gc,cpu         ] GC(102) User=0.00s Sys=0.00s Real=0.00s
[112.362s][info][gc,start       ] GC(103) Pause Full (System.gc())
[112.362s][info][gc,phases,start] GC(103) Marking Phase
[112.385s][info][gc,phases      ] GC(103) Marking Phase 22.888ms
[112.385s][info][gc,phases,start] GC(103) Summary Phase
[112.385s][info][gc,phases      ] GC(103) Summary Phase 0.009ms
[112.385s][info][gc,phases,start] GC(103) Adjust Roots
[112.406s][info][gc,phases      ] GC(103) Adjust Roots 20.763ms
[112.406s][info][gc,phases,start] GC(103) Compaction Phase
[112.414s][info][gc,phases      ] GC(103) Compaction Phase 8.060ms
[112.414s][info][gc,phases,start] GC(103) Post Compact
[112.415s][info][gc,phases      ] GC(103) Post Compact 0.630ms
[112.415s][info][gc,heap        ] GC(103) PSYoungGen: 128K->0K(1223168K)
[112.415s][info][gc,heap        ] GC(103) ParOldGen: 22314K->22312K(2796544K)
[112.415s][info][gc,metaspace   ] GC(103) Metaspace: 75599K(82812K)->75599K(82812K) NonClass: 66401K(71292K)->66401K(71292K) Class: 9197K(11520K)->9197K(11520K)
[112.415s][info][gc             ] GC(103) Pause Full (System.gc()) 21M->21M(3925M) 52.616ms
[112.415s][info][gc,cpu         ] GC(103) User=0.06s Sys=0.00s Real=0.06s
[114.188s][info][gc,start       ] GC(104) Pause Young (System.gc())
[114.188s][info][gc,heap        ] GC(104) PSYoungGen: 251722K->160K(1223168K)
[114.188s][info][gc,heap        ] GC(104) ParOldGen: 22312K->22312K(2796544K)
[114.188s][info][gc,metaspace   ] GC(104) Metaspace: 75617K(82812K)->75617K(82812K) NonClass: 66419K(71292K)->66419K(71292K) Class: 9197K(11520K)->9197K(11520K)
[114.188s][info][gc             ] GC(104) Pause Young (System.gc()) 267M->21M(3925M) 0.857ms
[114.188s][info][gc,cpu         ] GC(104) User=0.00s Sys=0.00s Real=0.00s
[114.189s][info][gc,start       ] GC(105) Pause Full (System.gc())
[114.189s][info][gc,phases,start] GC(105) Marking Phase
[114.213s][info][gc,phases      ] GC(105) Marking Phase 23.961ms
[114.213s][info][gc,phases,start] GC(105) Summary Phase
[114.213s][info][gc,phases      ] GC(105) Summary Phase 0.008ms
[114.213s][info][gc,phases,start] GC(105) Adjust Roots
[114.233s][info][gc,phases      ] GC(105) Adjust Roots 20.732ms
[114.233s][info][gc,phases,start] GC(105) Compaction Phase
[114.241s][info][gc,phases      ] GC(105) Compaction Phase 7.844ms
[114.241s][info][gc,phases,start] GC(105) Post Compact
[114.242s][info][gc,phases      ] GC(105) Post Compact 0.655ms
[114.242s][info][gc,heap        ] GC(105) PSYoungGen: 160K->0K(1223168K)
[114.242s][info][gc,heap        ] GC(105) ParOldGen: 22312K->22316K(2796544K)
[114.242s][info][gc,metaspace   ] GC(105) Metaspace: 75617K(82812K)->75617K(82812K) NonClass: 66419K(71292K)->66419K(71292K) Class: 9197K(11520K)->9197K(11520K)
[114.242s][info][gc             ] GC(105) Pause Full (System.gc()) 21M->21M(3925M) 53.464ms
[114.242s][info][gc,cpu         ] GC(105) User=0.03s Sys=0.00s Real=0.05s
[116.010s][info][gc,start       ] GC(106) Pause Young (System.gc())
[116.011s][info][gc,heap        ] GC(106) PSYoungGen: 251722K->160K(1223168K)
[116.011s][info][gc,heap        ] GC(106) ParOldGen: 22316K->22316K(2796544K)
[116.011s][info][gc,metaspace   ] GC(106) Metaspace: 75617K(82812K)->75617K(82812K) NonClass: 66419K(71292K)->66419K(71292K) Class: 9197K(11520K)->9197K(11520K)
[116.011s][info][gc             ] GC(106) Pause Young (System.gc()) 267M->21M(3925M) 1.122ms
[116.011s][info][gc,cpu         ] GC(106) User=0.00s Sys=0.00s Real=0.00s
[116.011s][info][gc,start       ] GC(107) Pause Full (System.gc())
[116.011s][info][gc,phases,start] GC(107) Marking Phase
[116.033s][info][gc,phases      ] GC(107) Marking Phase 22.429ms
[116.033s][info][gc,phases,start] GC(107) Summary Phase
[116.033s][info][gc,phases      ] GC(107) Summary Phase 0.009ms
[116.033s][info][gc,phases,start] GC(107) Adjust Roots
[116.054s][info][gc,phases      ] GC(107) Adjust Roots 20.736ms
[116.054s][info][gc,phases,start] GC(107) Compaction Phase
[116.062s][info][gc,phases      ] GC(107) Compaction Phase 7.639ms
[116.062s][info][gc,phases,start] GC(107) Post Compact
[116.063s][info][gc,phases      ] GC(107) Post Compact 0.654ms
[116.063s][info][gc,heap        ] GC(107) PSYoungGen: 160K->0K(1223168K)
[116.063s][info][gc,heap        ] GC(107) ParOldGen: 22316K->22314K(2796544K)
[116.063s][info][gc,metaspace   ] GC(107) Metaspace: 75617K(82812K)->75617K(82812K) NonClass: 66419K(71292K)->66419K(71292K) Class: 9197K(11520K)->9197K(11520K)
[116.063s][info][gc             ] GC(107) Pause Full (System.gc()) 21M->21M(3925M) 51.739ms
[116.063s][info][gc,cpu         ] GC(107) User=0.00s Sys=0.00s Real=0.05s
[117.826s][info][gc,start       ] GC(108) Pause Young (System.gc())
[117.826s][info][gc,heap        ] GC(108) PSYoungGen: 251690K->160K(1223168K)
[117.826s][info][gc,heap        ] GC(108) ParOldGen: 22314K->22314K(2796544K)
[117.826s][info][gc,metaspace   ] GC(108) Metaspace: 75624K(82812K)->75624K(82812K) NonClass: 66426K(71292K)->66426K(71292K) Class: 9197K(11520K)->9197K(11520K)
[117.826s][info][gc             ] GC(108) Pause Young (System.gc()) 267M->21M(3925M) 0.969ms
[117.826s][info][gc,cpu         ] GC(108) User=0.00s Sys=0.00s Real=0.00s
[117.827s][info][gc,start       ] GC(109) Pause Full (System.gc())
[117.827s][info][gc,phases,start] GC(109) Marking Phase
[117.850s][info][gc,phases      ] GC(109) Marking Phase 23.428ms
[117.850s][info][gc,phases,start] GC(109) Summary Phase
[117.850s][info][gc,phases      ] GC(109) Summary Phase 0.009ms
[117.850s][info][gc,phases,start] GC(109) Adjust Roots
[117.871s][info][gc,phases      ] GC(109) Adjust Roots 20.832ms
[117.871s][info][gc,phases,start] GC(109) Compaction Phase
[117.879s][info][gc,phases      ] GC(109) Compaction Phase 7.740ms
[117.879s][info][gc,phases,start] GC(109) Post Compact
[117.879s][info][gc,phases      ] GC(109) Post Compact 0.640ms
[117.879s][info][gc,heap        ] GC(109) PSYoungGen: 160K->0K(1223168K)
[117.879s][info][gc,heap        ] GC(109) ParOldGen: 22314K->22317K(2796544K)
[117.879s][info][gc,metaspace   ] GC(109) Metaspace: 75624K(82812K)->75624K(82812K) NonClass: 66426K(71292K)->66426K(71292K) Class: 9197K(11520K)->9197K(11520K)
[117.880s][info][gc             ] GC(109) Pause Full (System.gc()) 21M->21M(3925M) 52.983ms
[117.880s][info][gc,cpu         ] GC(109) User=0.06s Sys=0.00s Real=0.06s
[119.641s][info][gc,start       ] GC(110) Pause Young (System.gc())
[119.642s][info][gc,heap        ] GC(110) PSYoungGen: 251690K->128K(1223168K)
[119.642s][info][gc,heap        ] GC(110) ParOldGen: 22317K->22317K(2796544K)
[119.642s][info][gc,metaspace   ] GC(110) Metaspace: 75670K(82812K)->75670K(82812K) NonClass: 66473K(71292K)->66473K(71292K) Class: 9197K(11520K)->9197K(11520K)
[119.642s][info][gc             ] GC(110) Pause Young (System.gc()) 267M->21M(3925M) 0.956ms
[119.642s][info][gc,cpu         ] GC(110) User=0.00s Sys=0.00s Real=0.00s
[119.642s][info][gc,start       ] GC(111) Pause Full (System.gc())
[119.642s][info][gc,phases,start] GC(111) Marking Phase
[119.665s][info][gc,phases      ] GC(111) Marking Phase 22.912ms
[119.665s][info][gc,phases,start] GC(111) Summary Phase
[119.665s][info][gc,phases      ] GC(111) Summary Phase 0.009ms
[119.665s][info][gc,phases,start] GC(111) Adjust Roots
[119.686s][info][gc,phases      ] GC(111) Adjust Roots 21.010ms
[119.686s][info][gc,phases,start] GC(111) Compaction Phase
[119.694s][info][gc,phases      ] GC(111) Compaction Phase 7.730ms
[119.694s][info][gc,phases,start] GC(111) Post Compact
[119.694s][info][gc,phases      ] GC(111) Post Compact 0.647ms
[119.694s][info][gc,heap        ] GC(111) PSYoungGen: 128K->0K(1223168K)
[119.694s][info][gc,heap        ] GC(111) ParOldGen: 22317K->22316K(2796544K)
[119.694s][info][gc,metaspace   ] GC(111) Metaspace: 75670K(82812K)->75670K(82812K) NonClass: 66473K(71292K)->66473K(71292K) Class: 9197K(11520K)->9197K(11520K)
[119.694s][info][gc             ] GC(111) Pause Full (System.gc()) 21M->21M(3925M) 52.629ms
[119.694s][info][gc,cpu         ] GC(111) User=0.00s Sys=0.00s Real=0.05s
[121.431s][info][gc,start       ] GC(112) Pause Young (System.gc())
[121.432s][info][gc,heap        ] GC(112) PSYoungGen: 251658K->96K(1223168K)
[121.432s][info][gc,heap        ] GC(112) ParOldGen: 22316K->22316K(2796544K)
[121.432s][info][gc,metaspace   ] GC(112) Metaspace: 75684K(82812K)->75684K(82812K) NonClass: 66487K(71292K)->66487K(71292K) Class: 9197K(11520K)->9197K(11520K)
[121.432s][info][gc             ] GC(112) Pause Young (System.gc()) 267M->21M(3925M) 1.034ms
[121.432s][info][gc,cpu         ] GC(112) User=0.00s Sys=0.00s Real=0.00s
[121.432s][info][gc,start       ] GC(113) Pause Full (System.gc())
[121.432s][info][gc,phases,start] GC(113) Marking Phase
[121.455s][info][gc,phases      ] GC(113) Marking Phase 22.965ms
[121.455s][info][gc,phases,start] GC(113) Summary Phase
[121.455s][info][gc,phases      ] GC(113) Summary Phase 0.010ms
[121.455s][info][gc,phases,start] GC(113) Adjust Roots
[121.476s][info][gc,phases      ] GC(113) Adjust Roots 21.074ms
[121.476s][info][gc,phases,start] GC(113) Compaction Phase
[121.484s][info][gc,phases      ] GC(113) Compaction Phase 8.023ms
[121.484s][info][gc,phases,start] GC(113) Post Compact
[121.485s][info][gc,phases      ] GC(113) Post Compact 0.645ms
[121.485s][info][gc,heap        ] GC(113) PSYoungGen: 96K->0K(1223168K)
[121.485s][info][gc,heap        ] GC(113) ParOldGen: 22316K->22319K(2796544K)
[121.485s][info][gc,metaspace   ] GC(113) Metaspace: 75684K(82812K)->75684K(82812K) NonClass: 66487K(71292K)->66487K(71292K) Class: 9197K(11520K)->9197K(11520K)
[121.485s][info][gc             ] GC(113) Pause Full (System.gc()) 21M->21M(3925M) 52.980ms
[121.485s][info][gc,cpu         ] GC(113) User=0.00s Sys=0.00s Real=0.05s
[123.243s][info][gc,start       ] GC(114) Pause Young (System.gc())
[123.244s][info][gc,heap        ] GC(114) PSYoungGen: 251658K->160K(1223168K)
[123.244s][info][gc,heap        ] GC(114) ParOldGen: 22319K->22319K(2796544K)
[123.244s][info][gc,metaspace   ] GC(114) Metaspace: 75684K(82812K)->75684K(82812K) NonClass: 66487K(71292K)->66487K(71292K) Class: 9197K(11520K)->9197K(11520K)
[123.245s][info][gc             ] GC(114) Pause Young (System.gc()) 267M->21M(3925M) 1.051ms
[123.245s][info][gc,cpu         ] GC(114) User=0.00s Sys=0.00s Real=0.00s
[123.245s][info][gc,start       ] GC(115) Pause Full (System.gc())
[123.245s][info][gc,phases,start] GC(115) Marking Phase
[123.267s][info][gc,phases      ] GC(115) Marking Phase 22.704ms
[123.267s][info][gc,phases,start] GC(115) Summary Phase
[123.267s][info][gc,phases      ] GC(115) Summary Phase 0.009ms
[123.267s][info][gc,phases,start] GC(115) Adjust Roots
[123.288s][info][gc,phases      ] GC(115) Adjust Roots 21.171ms
[123.289s][info][gc,phases,start] GC(115) Compaction Phase
[123.298s][info][gc,phases      ] GC(115) Compaction Phase 8.956ms
[123.298s][info][gc,phases,start] GC(115) Post Compact
[123.298s][info][gc,phases      ] GC(115) Post Compact 0.651ms
[123.298s][info][gc,heap        ] GC(115) PSYoungGen: 160K->0K(1223168K)
[123.298s][info][gc,heap        ] GC(115) ParOldGen: 22319K->22320K(2796544K)
[123.298s][info][gc,metaspace   ] GC(115) Metaspace: 75684K(82812K)->75684K(82812K) NonClass: 66487K(71292K)->66487K(71292K) Class: 9197K(11520K)->9197K(11520K)
[123.298s][info][gc             ] GC(115) Pause Full (System.gc()) 21M->21M(3925M) 53.767ms
[123.298s][info][gc,cpu         ] GC(115) User=0.08s Sys=0.00s Real=0.06s
[125.037s][info][gc,start       ] GC(116) Pause Young (System.gc())
[125.038s][info][gc,heap        ] GC(116) PSYoungGen: 251668K->96K(1223168K)
[125.038s][info][gc,heap        ] GC(116) ParOldGen: 22320K->22320K(2796544K)
[125.038s][info][gc,metaspace   ] GC(116) Metaspace: 75702K(83068K)->75702K(83068K) NonClass: 66504K(71548K)->66504K(71548K) Class: 9197K(11520K)->9197K(11520K)
[125.038s][info][gc             ] GC(116) Pause Young (System.gc()) 267M->21M(3925M) 0.847ms
[125.038s][info][gc,cpu         ] GC(116) User=0.00s Sys=0.00s Real=0.02s
[125.038s][info][gc,start       ] GC(117) Pause Full (System.gc())
[125.038s][info][gc,phases,start] GC(117) Marking Phase
[125.061s][info][gc,phases      ] GC(117) Marking Phase 22.908ms
[125.061s][info][gc,phases,start] GC(117) Summary Phase
[125.061s][info][gc,phases      ] GC(117) Summary Phase 0.009ms
[125.061s][info][gc,phases,start] GC(117) Adjust Roots
[125.082s][info][gc,phases      ] GC(117) Adjust Roots 21.255ms
[125.082s][info][gc,phases,start] GC(117) Compaction Phase
[125.090s][info][gc,phases      ] GC(117) Compaction Phase 7.494ms
[125.090s][info][gc,phases,start] GC(117) Post Compact
[125.091s][info][gc,phases      ] GC(117) Post Compact 0.639ms
[125.091s][info][gc,heap        ] GC(117) PSYoungGen: 96K->0K(1223168K)
[125.091s][info][gc,heap        ] GC(117) ParOldGen: 22320K->22323K(2796544K)
[125.091s][info][gc,metaspace   ] GC(117) Metaspace: 75702K(83068K)->75702K(83068K) NonClass: 66504K(71548K)->66504K(71548K) Class: 9197K(11520K)->9197K(11520K)
[125.091s][info][gc             ] GC(117) Pause Full (System.gc()) 21M->21M(3925M) 52.627ms
[125.091s][info][gc,cpu         ] GC(117) User=0.05s Sys=0.00s Real=0.05s
[126.840s][info][gc,start       ] GC(118) Pause Young (System.gc())
[126.841s][info][gc,heap        ] GC(118) PSYoungGen: 251668K->160K(1223168K)
[126.841s][info][gc,heap        ] GC(118) ParOldGen: 22323K->22323K(2796544K)
[126.841s][info][gc,metaspace   ] GC(118) Metaspace: 75713K(83068K)->75713K(83068K) NonClass: 66515K(71548K)->66515K(71548K) Class: 9197K(11520K)->9197K(11520K)
[126.841s][info][gc             ] GC(118) Pause Young (System.gc()) 267M->21M(3925M) 0.938ms
[126.841s][info][gc,cpu         ] GC(118) User=0.00s Sys=0.00s Real=0.00s
[126.841s][info][gc,start       ] GC(119) Pause Full (System.gc())
[126.841s][info][gc,phases,start] GC(119) Marking Phase
[126.864s][info][gc,phases      ] GC(119) Marking Phase 22.634ms
[126.864s][info][gc,phases,start] GC(119) Summary Phase
[126.864s][info][gc,phases      ] GC(119) Summary Phase 0.009ms
[126.864s][info][gc,phases,start] GC(119) Adjust Roots
[126.885s][info][gc,phases      ] GC(119) Adjust Roots 21.312ms
[126.886s][info][gc,phases,start] GC(119) Compaction Phase
[126.894s][info][gc,phases      ] GC(119) Compaction Phase 7.956ms
[126.894s][info][gc,phases,start] GC(119) Post Compact
[126.894s][info][gc,phases      ] GC(119) Post Compact 0.636ms
[126.894s][info][gc,heap        ] GC(119) PSYoungGen: 160K->0K(1223168K)
[126.894s][info][gc,heap        ] GC(119) ParOldGen: 22323K->22321K(2796544K)
[126.894s][info][gc,metaspace   ] GC(119) Metaspace: 75713K(83068K)->75713K(83068K) NonClass: 66515K(71548K)->66515K(71548K) Class: 9197K(11520K)->9197K(11520K)
[126.894s][info][gc             ] GC(119) Pause Full (System.gc()) 21M->21M(3925M) 52.811ms
[126.894s][info][gc,cpu         ] GC(119) User=0.06s Sys=0.00s Real=0.06s
[128.645s][info][gc,start       ] GC(120) Pause Young (System.gc())
[128.646s][info][gc,heap        ] GC(120) PSYoungGen: 251707K->160K(1223168K)
[128.646s][info][gc,heap        ] GC(120) ParOldGen: 22321K->22321K(2796544K)
[128.646s][info][gc,metaspace   ] GC(120) Metaspace: 75771K(83068K)->75771K(83068K) NonClass: 66574K(71548K)->66574K(71548K) Class: 9197K(11520K)->9197K(11520K)
[128.646s][info][gc             ] GC(120) Pause Young (System.gc()) 267M->21M(3925M) 1.162ms
[128.646s][info][gc,cpu         ] GC(120) User=0.00s Sys=0.00s Real=0.00s
[128.646s][info][gc,start       ] GC(121) Pause Full (System.gc())
[128.646s][info][gc,phases,start] GC(121) Marking Phase
[128.670s][info][gc,phases      ] GC(121) Marking Phase 24.157ms
[128.670s][info][gc,phases,start] GC(121) Summary Phase
[128.670s][info][gc,phases      ] GC(121) Summary Phase 0.009ms
[128.670s][info][gc,phases,start] GC(121) Adjust Roots
[128.692s][info][gc,phases      ] GC(121) Adjust Roots 21.463ms
[128.692s][info][gc,phases,start] GC(121) Compaction Phase
[128.699s][info][gc,phases      ] GC(121) Compaction Phase 7.855ms
[128.700s][info][gc,phases,start] GC(121) Post Compact
[128.700s][info][gc,phases      ] GC(121) Post Compact 0.635ms
[128.700s][info][gc,heap        ] GC(121) PSYoungGen: 160K->0K(1223168K)
[128.700s][info][gc,heap        ] GC(121) ParOldGen: 22321K->22325K(2796544K)
[128.700s][info][gc,metaspace   ] GC(121) Metaspace: 75771K(83068K)->75771K(83068K) NonClass: 66574K(71548K)->66574K(71548K) Class: 9197K(11520K)->9197K(11520K)
[128.700s][info][gc             ] GC(121) Pause Full (System.gc()) 21M->21M(3925M) 54.408ms
[128.700s][info][gc,cpu         ] GC(121) User=0.06s Sys=0.00s Real=0.06s
[130.465s][info][gc,start       ] GC(122) Pause Young (System.gc())
[130.466s][info][gc,heap        ] GC(122) PSYoungGen: 251711K->64K(1223168K)
[130.466s][info][gc,heap        ] GC(122) ParOldGen: 22325K->22325K(2796544K)
[130.466s][info][gc,metaspace   ] GC(122) Metaspace: 75771K(83068K)->75771K(83068K) NonClass: 66574K(71548K)->66574K(71548K) Class: 9197K(11520K)->9197K(11520K)
[130.466s][info][gc             ] GC(122) Pause Young (System.gc()) 267M->21M(3925M) 0.872ms
[130.466s][info][gc,cpu         ] GC(122) User=0.00s Sys=0.00s Real=0.00s
[130.466s][info][gc,start       ] GC(123) Pause Full (System.gc())
[130.466s][info][gc,phases,start] GC(123) Marking Phase
[130.488s][info][gc,phases      ] GC(123) Marking Phase 22.695ms
[130.488s][info][gc,phases,start] GC(123) Summary Phase
[130.488s][info][gc,phases      ] GC(123) Summary Phase 0.009ms
[130.488s][info][gc,phases,start] GC(123) Adjust Roots
[130.509s][info][gc,phases      ] GC(123) Adjust Roots 20.649ms
[130.509s][info][gc,phases,start] GC(123) Compaction Phase
[130.517s][info][gc,phases      ] GC(123) Compaction Phase 8.001ms
[130.517s][info][gc,phases,start] GC(123) Post Compact
[130.518s][info][gc,phases      ] GC(123) Post Compact 0.730ms
[130.518s][info][gc,heap        ] GC(123) PSYoungGen: 64K->0K(1223168K)
[130.518s][info][gc,heap        ] GC(123) ParOldGen: 22325K->22323K(2796544K)
[130.518s][info][gc,metaspace   ] GC(123) Metaspace: 75771K(83068K)->75771K(83068K) NonClass: 66574K(71548K)->66574K(71548K) Class: 9197K(11520K)->9197K(11520K)
[130.518s][info][gc             ] GC(123) Pause Full (System.gc()) 21M->21M(3925M) 52.396ms
[130.518s][info][gc,cpu         ] GC(123) User=0.05s Sys=0.00s Real=0.06s
[132.256s][info][gc,start       ] GC(124) Pause Young (System.gc())
[132.257s][info][gc,heap        ] GC(124) PSYoungGen: 251707K->160K(1223168K)
[132.257s][info][gc,heap        ] GC(124) ParOldGen: 22323K->22323K(2796544K)
[132.257s][info][gc,metaspace   ] GC(124) Metaspace: 75771K(83068K)->75771K(83068K) NonClass: 66574K(71548K)->66574K(71548K) Class: 9197K(11520K)->9197K(11520K)
[132.257s][info][gc             ] GC(124) Pause Young (System.gc()) 267M->21M(3925M) 1.032ms
[132.257s][info][gc,cpu         ] GC(124) User=0.00s Sys=0.00s Real=0.00s
[132.257s][info][gc,start       ] GC(125) Pause Full (System.gc())
[132.257s][info][gc,phases,start] GC(125) Marking Phase
[132.280s][info][gc,phases      ] GC(125) Marking Phase 22.809ms
[132.280s][info][gc,phases,start] GC(125) Summary Phase
[132.280s][info][gc,phases      ] GC(125) Summary Phase 0.009ms
[132.280s][info][gc,phases,start] GC(125) Adjust Roots
[132.301s][info][gc,phases      ] GC(125) Adjust Roots 20.689ms
[132.301s][info][gc,phases,start] GC(125) Compaction Phase
[132.309s][info][gc,phases      ] GC(125) Compaction Phase 7.937ms
[132.309s][info][gc,phases,start] GC(125) Post Compact
[132.309s][info][gc,phases      ] GC(125) Post Compact 0.613ms
[132.309s][info][gc,heap        ] GC(125) PSYoungGen: 160K->0K(1223168K)
[132.309s][info][gc,heap        ] GC(125) ParOldGen: 22323K->22326K(2796544K)
[132.309s][info][gc,metaspace   ] GC(125) Metaspace: 75771K(83068K)->75771K(83068K) NonClass: 66574K(71548K)->66574K(71548K) Class: 9197K(11520K)->9197K(11520K)
[132.309s][info][gc             ] GC(125) Pause Full (System.gc()) 21M->21M(3925M) 52.392ms
[132.309s][info][gc,cpu         ] GC(125) User=0.06s Sys=0.00s Real=0.06s
[134.054s][info][gc,start       ] GC(126) Pause Young (System.gc())
[134.055s][info][gc,heap        ] GC(126) PSYoungGen: 272678K->160K(1223168K)
[134.055s][info][gc,heap        ] GC(126) ParOldGen: 22326K->22334K(2796544K)
[134.055s][info][gc,metaspace   ] GC(126) Metaspace: 75776K(83068K)->75776K(83068K) NonClass: 66579K(71548K)->66579K(71548K) Class: 9197K(11520K)->9197K(11520K)
[134.055s][info][gc             ] GC(126) Pause Young (System.gc()) 288M->21M(3925M) 1.025ms
[134.055s][info][gc,cpu         ] GC(126) User=0.00s Sys=0.00s Real=0.00s
[134.055s][info][gc,start       ] GC(127) Pause Full (System.gc())
[134.055s][info][gc,phases,start] GC(127) Marking Phase
[134.078s][info][gc,phases      ] GC(127) Marking Phase 22.672ms
[134.078s][info][gc,phases,start] GC(127) Summary Phase
[134.078s][info][gc,phases      ] GC(127) Summary Phase 0.009ms
[134.078s][info][gc,phases,start] GC(127) Adjust Roots
[134.098s][info][gc,phases      ] GC(127) Adjust Roots 20.728ms
[134.099s][info][gc,phases,start] GC(127) Compaction Phase
[134.106s][info][gc,phases      ] GC(127) Compaction Phase 7.748ms
[134.106s][info][gc,phases,start] GC(127) Post Compact
[134.107s][info][gc,phases      ] GC(127) Post Compact 0.648ms
[134.107s][info][gc,heap        ] GC(127) PSYoungGen: 160K->0K(1223168K)
[134.107s][info][gc,heap        ] GC(127) ParOldGen: 22334K->22324K(2796544K)
[134.107s][info][gc,metaspace   ] GC(127) Metaspace: 75776K(83068K)->75776K(83068K) NonClass: 66579K(71548K)->66579K(71548K) Class: 9197K(11520K)->9197K(11520K)
[134.107s][info][gc             ] GC(127) Pause Full (System.gc()) 21M->21M(3925M) 52.053ms
[134.107s][info][gc,cpu         ] GC(127) User=0.00s Sys=0.00s Real=0.05s
[135.853s][info][gc,start       ] GC(128) Pause Young (System.gc())
[135.854s][info][gc,heap        ] GC(128) PSYoungGen: 251707K->160K(1223168K)
[135.854s][info][gc,heap        ] GC(128) ParOldGen: 22324K->22324K(2796544K)
[135.854s][info][gc,metaspace   ] GC(128) Metaspace: 75780K(83068K)->75780K(83068K) NonClass: 66583K(71548K)->66583K(71548K) Class: 9197K(11520K)->9197K(11520K)
[135.854s][info][gc             ] GC(128) Pause Young (System.gc()) 267M->21M(3925M) 0.877ms
[135.854s][info][gc,cpu         ] GC(128) User=0.00s Sys=0.00s Real=0.00s
[135.854s][info][gc,start       ] GC(129) Pause Full (System.gc())
[135.854s][info][gc,phases,start] GC(129) Marking Phase
[135.877s][info][gc,phases      ] GC(129) Marking Phase 23.105ms
[135.877s][info][gc,phases,start] GC(129) Summary Phase
[135.877s][info][gc,phases      ] GC(129) Summary Phase 0.009ms
[135.877s][info][gc,phases,start] GC(129) Adjust Roots
[135.898s][info][gc,phases      ] GC(129) Adjust Roots 20.827ms
[135.898s][info][gc,phases,start] GC(129) Compaction Phase
[135.906s][info][gc,phases      ] GC(129) Compaction Phase 7.519ms
[135.906s][info][gc,phases,start] GC(129) Post Compact
[135.907s][info][gc,phases      ] GC(129) Post Compact 0.636ms
[135.907s][info][gc,heap        ] GC(129) PSYoungGen: 160K->0K(1223168K)
[135.907s][info][gc,heap        ] GC(129) ParOldGen: 22324K->22328K(2796544K)
[135.907s][info][gc,metaspace   ] GC(129) Metaspace: 75780K(83068K)->75780K(83068K) NonClass: 66583K(71548K)->66583K(71548K) Class: 9197K(11520K)->9197K(11520K)
[135.907s][info][gc             ] GC(129) Pause Full (System.gc()) 21M->21M(3925M) 52.452ms
[135.907s][info][gc,cpu         ] GC(129) User=0.06s Sys=0.00s Real=0.06s
[137.650s][info][gc,start       ] GC(130) Pause Young (System.gc())
[137.651s][info][gc,heap        ] GC(130) PSYoungGen: 251708K->160K(1223168K)
[137.651s][info][gc,heap        ] GC(130) ParOldGen: 22328K->22328K(2796544K)
[137.651s][info][gc,metaspace   ] GC(130) Metaspace: 75781K(83068K)->75781K(83068K) NonClass: 66583K(71548K)->66583K(71548K) Class: 9197K(11520K)->9197K(11520K)
[137.651s][info][gc             ] GC(130) Pause Young (System.gc()) 267M->21M(3925M) 0.839ms
[137.651s][info][gc,cpu         ] GC(130) User=0.00s Sys=0.00s Real=0.00s
[137.651s][info][gc,start       ] GC(131) Pause Full (System.gc())
[137.651s][info][gc,phases,start] GC(131) Marking Phase
[137.675s][info][gc,phases      ] GC(131) Marking Phase 23.892ms
[137.675s][info][gc,phases,start] GC(131) Summary Phase
[137.675s][info][gc,phases      ] GC(131) Summary Phase 0.010ms
[137.675s][info][gc,phases,start] GC(131) Adjust Roots
[137.696s][info][gc,phases      ] GC(131) Adjust Roots 21.117ms
[137.696s][info][gc,phases,start] GC(131) Compaction Phase
[137.704s][info][gc,phases      ] GC(131) Compaction Phase 7.617ms
[137.704s][info][gc,phases,start] GC(131) Post Compact
[137.704s][info][gc,phases      ] GC(131) Post Compact 0.670ms
[137.705s][info][gc,heap        ] GC(131) PSYoungGen: 160K->0K(1223168K)
[137.705s][info][gc,heap        ] GC(131) ParOldGen: 22328K->22326K(2796544K)
[137.705s][info][gc,metaspace   ] GC(131) Metaspace: 75781K(83068K)->75781K(83068K) NonClass: 66583K(71548K)->66583K(71548K) Class: 9197K(11520K)->9197K(11520K)
[137.705s][info][gc             ] GC(131) Pause Full (System.gc()) 21M->21M(3925M) 53.586ms
[137.705s][info][gc,cpu         ] GC(131) User=0.05s Sys=0.00s Real=0.05s
[139.442s][info][gc,start       ] GC(132) Pause Young (System.gc())
[139.443s][info][gc,heap        ] GC(132) PSYoungGen: 251707K->160K(1223168K)
[139.443s][info][gc,heap        ] GC(132) ParOldGen: 22326K->22326K(2796544K)
[139.443s][info][gc,metaspace   ] GC(132) Metaspace: 75781K(83068K)->75781K(83068K) NonClass: 66584K(71548K)->66584K(71548K) Class: 9197K(11520K)->9197K(11520K)
[139.443s][info][gc             ] GC(132) Pause Young (System.gc()) 267M->21M(3925M) 1.054ms
[139.443s][info][gc,cpu         ] GC(132) User=0.00s Sys=0.00s Real=0.00s
[139.443s][info][gc,start       ] GC(133) Pause Full (System.gc())
[139.443s][info][gc,phases,start] GC(133) Marking Phase
[139.466s][info][gc,phases      ] GC(133) Marking Phase 22.448ms
[139.466s][info][gc,phases,start] GC(133) Summary Phase
[139.466s][info][gc,phases      ] GC(133) Summary Phase 0.011ms
[139.466s][info][gc,phases,start] GC(133) Adjust Roots
[139.487s][info][gc,phases      ] GC(133) Adjust Roots 20.951ms
[139.487s][info][gc,phases,start] GC(133) Compaction Phase
[139.494s][info][gc,phases      ] GC(133) Compaction Phase 7.856ms
[139.494s][info][gc,phases,start] GC(133) Post Compact
[139.495s][info][gc,phases      ] GC(133) Post Compact 0.646ms
[139.495s][info][gc,heap        ] GC(133) PSYoungGen: 160K->0K(1223168K)
[139.495s][info][gc,heap        ] GC(133) ParOldGen: 22326K->22329K(2796544K)
[139.495s][info][gc,metaspace   ] GC(133) Metaspace: 75781K(83068K)->75781K(83068K) NonClass: 66584K(71548K)->66584K(71548K) Class: 9197K(11520K)->9197K(11520K)
[139.495s][info][gc             ] GC(133) Pause Full (System.gc()) 21M->21M(3925M) 52.164ms
[139.495s][info][gc,cpu         ] GC(133) User=0.00s Sys=0.00s Real=0.05s
[141.234s][info][gc,start       ] GC(134) Pause Young (System.gc())
[141.235s][info][gc,heap        ] GC(134) PSYoungGen: 272678K->160K(1223168K)
[141.235s][info][gc,heap        ] GC(134) ParOldGen: 22329K->22337K(2796544K)
[141.235s][info][gc,metaspace   ] GC(134) Metaspace: 75878K(83324K)->75878K(83324K) NonClass: 66680K(71804K)->66680K(71804K) Class: 9197K(11520K)->9197K(11520K)
[141.235s][info][gc             ] GC(134) Pause Young (System.gc()) 288M->21M(3925M) 0.904ms
[141.235s][info][gc,cpu         ] GC(134) User=0.00s Sys=0.00s Real=0.00s
[141.235s][info][gc,start       ] GC(135) Pause Full (System.gc())
[141.235s][info][gc,phases,start] GC(135) Marking Phase
[141.259s][info][gc,phases      ] GC(135) Marking Phase 23.803ms
[141.259s][info][gc,phases,start] GC(135) Summary Phase
[141.259s][info][gc,phases      ] GC(135) Summary Phase 0.009ms
[141.259s][info][gc,phases,start] GC(135) Adjust Roots
[141.280s][info][gc,phases      ] GC(135) Adjust Roots 21.099ms
[141.280s][info][gc,phases,start] GC(135) Compaction Phase
[141.288s][info][gc,phases      ] GC(135) Compaction Phase 8.021ms
[141.288s][info][gc,phases,start] GC(135) Post Compact
[141.289s][info][gc,phases      ] GC(135) Post Compact 0.651ms
[141.289s][info][gc,heap        ] GC(135) PSYoungGen: 160K->0K(1223168K)
[141.289s][info][gc,heap        ] GC(135) ParOldGen: 22337K->22328K(2796544K)
[141.289s][info][gc,metaspace   ] GC(135) Metaspace: 75878K(83324K)->75878K(83324K) NonClass: 66680K(71804K)->66680K(71804K) Class: 9197K(11520K)->9197K(11520K)
[141.289s][info][gc             ] GC(135) Pause Full (System.gc()) 21M->21M(3925M) 53.886ms
[141.289s][info][gc,cpu         ] GC(135) User=0.00s Sys=0.00s Real=0.05s
[143.029s][info][gc,start       ] GC(136) Pause Young (System.gc())
[143.029s][info][gc,heap        ] GC(136) PSYoungGen: 251707K->160K(1223168K)
[143.029s][info][gc,heap        ] GC(136) ParOldGen: 22328K->22328K(2796544K)
[143.029s][info][gc,metaspace   ] GC(136) Metaspace: 75878K(83324K)->75878K(83324K) NonClass: 66680K(71804K)->66680K(71804K) Class: 9197K(11520K)->9197K(11520K)
[143.029s][info][gc             ] GC(136) Pause Young (System.gc()) 267M->21M(3925M) 0.882ms
[143.030s][info][gc,cpu         ] GC(136) User=0.00s Sys=0.00s Real=0.00s
[143.030s][info][gc,start       ] GC(137) Pause Full (System.gc())
[143.030s][info][gc,phases,start] GC(137) Marking Phase
[143.053s][info][gc,phases      ] GC(137) Marking Phase 23.435ms
[143.053s][info][gc,phases,start] GC(137) Summary Phase
[143.053s][info][gc,phases      ] GC(137) Summary Phase 0.010ms
[143.053s][info][gc,phases,start] GC(137) Adjust Roots
[143.074s][info][gc,phases      ] GC(137) Adjust Roots 21.167ms
[143.074s][info][gc,phases,start] GC(137) Compaction Phase
[143.082s][info][gc,phases      ] GC(137) Compaction Phase 7.748ms
[143.082s][info][gc,phases,start] GC(137) Post Compact
[143.083s][info][gc,phases      ] GC(137) Post Compact 0.646ms
[143.083s][info][gc,heap        ] GC(137) PSYoungGen: 160K->0K(1223168K)
[143.083s][info][gc,heap        ] GC(137) ParOldGen: 22328K->22331K(2796544K)
[143.083s][info][gc,metaspace   ] GC(137) Metaspace: 75878K(83324K)->75878K(83324K) NonClass: 66680K(71804K)->66680K(71804K) Class: 9197K(11520K)->9197K(11520K)
[143.083s][info][gc             ] GC(137) Pause Full (System.gc()) 21M->21M(3925M) 53.269ms
[143.083s][info][gc,cpu         ] GC(137) User=0.00s Sys=0.00s Real=0.05s
[144.818s][info][gc,start       ] GC(138) Pause Young (System.gc())
[144.819s][info][gc,heap        ] GC(138) PSYoungGen: 251707K->128K(1223168K)
[144.819s][info][gc,heap        ] GC(138) ParOldGen: 22331K->22331K(2796544K)
[144.819s][info][gc,metaspace   ] GC(138) Metaspace: 75878K(83324K)->75878K(83324K) NonClass: 66681K(71804K)->66681K(71804K) Class: 9197K(11520K)->9197K(11520K)
[144.819s][info][gc             ] GC(138) Pause Young (System.gc()) 267M->21M(3925M) 1.043ms
[144.819s][info][gc,cpu         ] GC(138) User=0.00s Sys=0.00s Real=0.00s
[144.819s][info][gc,start       ] GC(139) Pause Full (System.gc())
[144.819s][info][gc,phases,start] GC(139) Marking Phase
[144.842s][info][gc,phases      ] GC(139) Marking Phase 23.249ms
[144.842s][info][gc,phases,start] GC(139) Summary Phase
[144.842s][info][gc,phases      ] GC(139) Summary Phase 0.009ms
[144.842s][info][gc,phases,start] GC(139) Adjust Roots
[144.863s][info][gc,phases      ] GC(139) Adjust Roots 21.244ms
[144.863s][info][gc,phases,start] GC(139) Compaction Phase
[144.871s][info][gc,phases      ] GC(139) Compaction Phase 7.912ms
[144.871s][info][gc,phases,start] GC(139) Post Compact
[144.872s][info][gc,phases      ] GC(139) Post Compact 0.647ms
[144.872s][info][gc,heap        ] GC(139) PSYoungGen: 128K->0K(1223168K)
[144.872s][info][gc,heap        ] GC(139) ParOldGen: 22331K->22329K(2796544K)
[144.872s][info][gc,metaspace   ] GC(139) Metaspace: 75878K(83324K)->75878K(83324K) NonClass: 66681K(71804K)->66681K(71804K) Class: 9197K(11520K)->9197K(11520K)
[144.872s][info][gc             ] GC(139) Pause Full (System.gc()) 21M->21M(3925M) 53.348ms
[144.872s][info][gc,cpu         ] GC(139) User=0.00s Sys=0.00s Real=0.04s
[146.599s][info][gc,start       ] GC(140) Pause Young (System.gc())
[146.600s][info][gc,heap        ] GC(140) PSYoungGen: 251682K->128K(1223168K)
[146.600s][info][gc,heap        ] GC(140) ParOldGen: 22329K->22329K(2796544K)
[146.600s][info][gc,metaspace   ] GC(140) Metaspace: 75879K(83324K)->75879K(83324K) NonClass: 66681K(71804K)->66681K(71804K) Class: 9197K(11520K)->9197K(11520K)
[146.600s][info][gc             ] GC(140) Pause Young (System.gc()) 267M->21M(3925M) 0.839ms
[146.600s][info][gc,cpu         ] GC(140) User=0.00s Sys=0.00s Real=0.00s
[146.600s][info][gc,start       ] GC(141) Pause Full (System.gc())
[146.600s][info][gc,phases,start] GC(141) Marking Phase
[146.624s][info][gc,phases      ] GC(141) Marking Phase 24.007ms
[146.624s][info][gc,phases,start] GC(141) Summary Phase
[146.624s][info][gc,phases      ] GC(141) Summary Phase 0.009ms
[146.624s][info][gc,phases,start] GC(141) Adjust Roots
[146.646s][info][gc,phases      ] GC(141) Adjust Roots 21.513ms
[146.646s][info][gc,phases,start] GC(141) Compaction Phase
[146.654s][info][gc,phases      ] GC(141) Compaction Phase 7.986ms
[146.654s][info][gc,phases,start] GC(141) Post Compact
[146.655s][info][gc,phases      ] GC(141) Post Compact 0.624ms
[146.655s][info][gc,heap        ] GC(141) PSYoungGen: 128K->0K(1223168K)
[146.655s][info][gc,heap        ] GC(141) ParOldGen: 22329K->22332K(2796544K)
[146.655s][info][gc,metaspace   ] GC(141) Metaspace: 75879K(83324K)->75879K(83324K) NonClass: 66681K(71804K)->66681K(71804K) Class: 9197K(11520K)->9197K(11520K)
[146.655s][info][gc             ] GC(141) Pause Full (System.gc()) 21M->21M(3925M) 54.418ms
[146.655s][info][gc,cpu         ] GC(141) User=0.06s Sys=0.00s Real=0.06s
[148.369s][info][gc,start       ] GC(142) Pause Young (System.gc())
[148.370s][info][gc,heap        ] GC(142) PSYoungGen: 272654K->128K(1223168K)
[148.370s][info][gc,heap        ] GC(142) ParOldGen: 22332K->22340K(2796544K)
[148.370s][info][gc,metaspace   ] GC(142) Metaspace: 75879K(83324K)->75879K(83324K) NonClass: 66682K(71804K)->66682K(71804K) Class: 9197K(11520K)->9197K(11520K)
[148.370s][info][gc             ] GC(142) Pause Young (System.gc()) 288M->21M(3925M) 0.971ms
[148.370s][info][gc,cpu         ] GC(142) User=0.00s Sys=0.00s Real=0.00s
[148.370s][info][gc,start       ] GC(143) Pause Full (System.gc())
[148.370s][info][gc,phases,start] GC(143) Marking Phase
[148.394s][info][gc,phases      ] GC(143) Marking Phase 24.186ms
[148.394s][info][gc,phases,start] GC(143) Summary Phase
[148.394s][info][gc,phases      ] GC(143) Summary Phase 0.009ms
[148.394s][info][gc,phases,start] GC(143) Adjust Roots
[148.415s][info][gc,phases      ] GC(143) Adjust Roots 21.406ms
[148.415s][info][gc,phases,start] GC(143) Compaction Phase
[148.423s][info][gc,phases      ] GC(143) Compaction Phase 7.701ms
[148.423s][info][gc,phases,start] GC(143) Post Compact
[148.424s][info][gc,phases      ] GC(143) Post Compact 0.647ms
[148.424s][info][gc,heap        ] GC(143) PSYoungGen: 128K->0K(1223168K)
[148.424s][info][gc,heap        ] GC(143) ParOldGen: 22340K->22330K(2796544K)
[148.424s][info][gc,metaspace   ] GC(143) Metaspace: 75879K(83324K)->75879K(83324K) NonClass: 66682K(71804K)->66682K(71804K) Class: 9197K(11520K)->9197K(11520K)
[148.424s][info][gc             ] GC(143) Pause Full (System.gc()) 21M->21M(3925M) 54.281ms
[148.424s][info][gc,cpu         ] GC(143) User=0.05s Sys=0.00s Real=0.06s
[150.150s][info][gc,start       ] GC(144) Pause Young (System.gc())
[150.151s][info][gc,heap        ] GC(144) PSYoungGen: 251683K->128K(1223168K)
[150.151s][info][gc,heap        ] GC(144) ParOldGen: 22330K->22330K(2796544K)
[150.151s][info][gc,metaspace   ] GC(144) Metaspace: 75879K(83324K)->75879K(83324K) NonClass: 66682K(71804K)->66682K(71804K) Class: 9197K(11520K)->9197K(11520K)
[150.151s][info][gc             ] GC(144) Pause Young (System.gc()) 267M->21M(3925M) 0.871ms
[150.151s][info][gc,cpu         ] GC(144) User=0.00s Sys=0.00s Real=0.00s
[150.151s][info][gc,start       ] GC(145) Pause Full (System.gc())
[150.151s][info][gc,phases,start] GC(145) Marking Phase
[150.174s][info][gc,phases      ] GC(145) Marking Phase 22.942ms
[150.174s][info][gc,phases,start] GC(145) Summary Phase
[150.174s][info][gc,phases      ] GC(145) Summary Phase 0.009ms
[150.174s][info][gc,phases,start] GC(145) Adjust Roots
[150.195s][info][gc,phases      ] GC(145) Adjust Roots 21.343ms
[150.195s][info][gc,phases,start] GC(145) Compaction Phase
[150.203s][info][gc,phases      ] GC(145) Compaction Phase 7.885ms
[150.203s][info][gc,phases,start] GC(145) Post Compact
[150.204s][info][gc,phases      ] GC(145) Post Compact 0.617ms
[150.204s][info][gc,heap        ] GC(145) PSYoungGen: 128K->0K(1223168K)
[150.204s][info][gc,heap        ] GC(145) ParOldGen: 22330K->22333K(2796544K)
[150.204s][info][gc,metaspace   ] GC(145) Metaspace: 75879K(83324K)->75879K(83324K) NonClass: 66682K(71804K)->66682K(71804K) Class: 9197K(11520K)->9197K(11520K)
[150.204s][info][gc             ] GC(145) Pause Full (System.gc()) 21M->21M(3925M) 53.052ms
[150.204s][info][gc,cpu         ] GC(145) User=0.09s Sys=0.00s Real=0.06s
[151.950s][info][gc,start       ] GC(146) Pause Young (System.gc())
[151.951s][info][gc,heap        ] GC(146) PSYoungGen: 251684K->160K(1223168K)
[151.951s][info][gc,heap        ] GC(146) ParOldGen: 22333K->22333K(2796544K)
[151.951s][info][gc,metaspace   ] GC(146) Metaspace: 75879K(83324K)->75879K(83324K) NonClass: 66682K(71804K)->66682K(71804K) Class: 9197K(11520K)->9197K(11520K)
[151.951s][info][gc             ] GC(146) Pause Young (System.gc()) 267M->21M(3925M) 0.862ms
[151.951s][info][gc,cpu         ] GC(146) User=0.00s Sys=0.00s Real=0.00s
[151.951s][info][gc,start       ] GC(147) Pause Full (System.gc())
[151.951s][info][gc,phases,start] GC(147) Marking Phase
[151.974s][info][gc,phases      ] GC(147) Marking Phase 23.200ms
[151.974s][info][gc,phases,start] GC(147) Summary Phase
[151.974s][info][gc,phases      ] GC(147) Summary Phase 0.009ms
[151.974s][info][gc,phases,start] GC(147) Adjust Roots
[151.996s][info][gc,phases      ] GC(147) Adjust Roots 21.387ms
[151.996s][info][gc,phases,start] GC(147) Compaction Phase
[152.003s][info][gc,phases      ] GC(147) Compaction Phase 7.560ms
[152.003s][info][gc,phases,start] GC(147) Post Compact
[152.004s][info][gc,phases      ] GC(147) Post Compact 0.645ms
[152.004s][info][gc,heap        ] GC(147) PSYoungGen: 160K->0K(1223168K)
[152.004s][info][gc,heap        ] GC(147) ParOldGen: 22333K->22331K(2796544K)
[152.004s][info][gc,metaspace   ] GC(147) Metaspace: 75879K(83324K)->75879K(83324K) NonClass: 66682K(71804K)->66682K(71804K) Class: 9197K(11520K)->9197K(11520K)
[152.004s][info][gc             ] GC(147) Pause Full (System.gc()) 21M->21M(3925M) 53.058ms
[152.004s][info][gc,cpu         ] GC(147) User=0.05s Sys=0.00s Real=0.05s
[153.740s][info][gc,start       ] GC(148) Pause Young (System.gc())
[153.741s][info][gc,heap        ] GC(148) PSYoungGen: 251682K->160K(1223168K)
[153.741s][info][gc,heap        ] GC(148) ParOldGen: 22331K->22331K(2796544K)
[153.741s][info][gc,metaspace   ] GC(148) Metaspace: 75879K(83324K)->75879K(83324K) NonClass: 66682K(71804K)->66682K(71804K) Class: 9197K(11520K)->9197K(11520K)
[153.741s][info][gc             ] GC(148) Pause Young (System.gc()) 267M->21M(3925M) 0.957ms
[153.741s][info][gc,cpu         ] GC(148) User=0.00s Sys=0.00s Real=0.00s
[153.741s][info][gc,start       ] GC(149) Pause Full (System.gc())
[153.741s][info][gc,phases,start] GC(149) Marking Phase
[153.765s][info][gc,phases      ] GC(149) Marking Phase 24.403ms
[153.765s][info][gc,phases,start] GC(149) Summary Phase
[153.765s][info][gc,phases      ] GC(149) Summary Phase 0.010ms
[153.765s][info][gc,phases,start] GC(149) Adjust Roots
[153.787s][info][gc,phases      ] GC(149) Adjust Roots 21.421ms
[153.787s][info][gc,phases,start] GC(149) Compaction Phase
[153.795s][info][gc,phases      ] GC(149) Compaction Phase 7.846ms
[153.795s][info][gc,phases,start] GC(149) Post Compact
[153.795s][info][gc,phases      ] GC(149) Post Compact 0.642ms
[153.795s][info][gc,heap        ] GC(149) PSYoungGen: 160K->0K(1223168K)
[153.795s][info][gc,heap        ] GC(149) ParOldGen: 22331K->22335K(2796544K)
[153.795s][info][gc,metaspace   ] GC(149) Metaspace: 75879K(83324K)->75879K(83324K) NonClass: 66682K(71804K)->66682K(71804K) Class: 9197K(11520K)->9197K(11520K)
[153.795s][info][gc             ] GC(149) Pause Full (System.gc()) 21M->21M(3925M) 54.587ms
[153.795s][info][gc,cpu         ] GC(149) User=0.00s Sys=0.00s Real=0.05s
[155.519s][info][gc,start       ] GC(150) Pause Young (System.gc())
[155.520s][info][gc,heap        ] GC(150) PSYoungGen: 251664K->160K(1223168K)
[155.520s][info][gc,heap        ] GC(150) ParOldGen: 22335K->22335K(2796544K)
[155.520s][info][gc,metaspace   ] GC(150) Metaspace: 75879K(83324K)->75879K(83324K) NonClass: 66682K(71804K)->66682K(71804K) Class: 9197K(11520K)->9197K(11520K)
[155.520s][info][gc             ] GC(150) Pause Young (System.gc()) 267M->21M(3925M) 0.968ms
[155.520s][info][gc,cpu         ] GC(150) User=0.00s Sys=0.00s Real=0.00s
[155.520s][info][gc,start       ] GC(151) Pause Full (System.gc())
[155.520s][info][gc,phases,start] GC(151) Marking Phase
[155.543s][info][gc,phases      ] GC(151) Marking Phase 23.133ms
[155.543s][info][gc,phases,start] GC(151) Summary Phase
[155.543s][info][gc,phases      ] GC(151) Summary Phase 0.010ms
[155.543s][info][gc,phases,start] GC(151) Adjust Roots
[155.564s][info][gc,phases      ] GC(151) Adjust Roots 20.774ms
[155.564s][info][gc,phases,start] GC(151) Compaction Phase
[155.572s][info][gc,phases      ] GC(151) Compaction Phase 7.789ms
[155.572s][info][gc,phases,start] GC(151) Post Compact
[155.573s][info][gc,phases      ] GC(151) Post Compact 0.641ms
[155.573s][info][gc,heap        ] GC(151) PSYoungGen: 160K->0K(1223168K)
[155.573s][info][gc,heap        ] GC(151) ParOldGen: 22335K->22335K(2796544K)
[155.573s][info][gc,metaspace   ] GC(151) Metaspace: 75879K(83324K)->75879K(83324K) NonClass: 66682K(71804K)->66682K(71804K) Class: 9197K(11520K)->9197K(11520K)
[155.573s][info][gc             ] GC(151) Pause Full (System.gc()) 21M->21M(3925M) 52.662ms
[155.573s][info][gc,cpu         ] GC(151) User=0.03s Sys=0.00s Real=0.06s
[157.307s][info][gc,start       ] GC(152) Pause Young (System.gc())
[157.308s][info][gc,heap        ] GC(152) PSYoungGen: 251690K->96K(1223168K)
[157.308s][info][gc,heap        ] GC(152) ParOldGen: 22335K->22335K(2796544K)
[157.308s][info][gc,metaspace   ] GC(152) Metaspace: 75894K(83324K)->75894K(83324K) NonClass: 66697K(71804K)->66697K(71804K) Class: 9197K(11520K)->9197K(11520K)
[157.308s][info][gc             ] GC(152) Pause Young (System.gc()) 267M->21M(3925M) 1.151ms
[157.308s][info][gc,cpu         ] GC(152) User=0.00s Sys=0.00s Real=0.00s
[157.308s][info][gc,start       ] GC(153) Pause Full (System.gc())
[157.308s][info][gc,phases,start] GC(153) Marking Phase
[157.331s][info][gc,phases      ] GC(153) Marking Phase 22.785ms
[157.331s][info][gc,phases,start] GC(153) Summary Phase
[157.331s][info][gc,phases      ] GC(153) Summary Phase 0.009ms
[157.331s][info][gc,phases,start] GC(153) Adjust Roots
[157.352s][info][gc,phases      ] GC(153) Adjust Roots 20.861ms
[157.352s][info][gc,phases,start] GC(153) Compaction Phase
[157.360s][info][gc,phases      ] GC(153) Compaction Phase 7.872ms
[157.360s][info][gc,phases,start] GC(153) Post Compact
[157.360s][info][gc,phases      ] GC(153) Post Compact 0.643ms
[157.360s][info][gc,heap        ] GC(153) PSYoungGen: 96K->0K(1223168K)
[157.361s][info][gc,heap        ] GC(153) ParOldGen: 22335K->22338K(2796544K)
[157.361s][info][gc,metaspace   ] GC(153) Metaspace: 75894K(83324K)->75894K(83324K) NonClass: 66697K(71804K)->66697K(71804K) Class: 9197K(11520K)->9197K(11520K)
[157.361s][info][gc             ] GC(153) Pause Full (System.gc()) 21M->21M(3925M) 52.437ms
[157.361s][info][gc,cpu         ] GC(153) User=0.05s Sys=0.00s Real=0.05s
[159.073s][info][gc,start       ] GC(154) Pause Young (System.gc())
[159.074s][info][gc,heap        ] GC(154) PSYoungGen: 251690K->128K(1223168K)
[159.074s][info][gc,heap        ] GC(154) ParOldGen: 22338K->22338K(2796544K)
[159.074s][info][gc,metaspace   ] GC(154) Metaspace: 75899K(83324K)->75899K(83324K) NonClass: 66702K(71804K)->66702K(71804K) Class: 9197K(11520K)->9197K(11520K)
[159.074s][info][gc             ] GC(154) Pause Young (System.gc()) 267M->21M(3925M) 1.118ms
[159.074s][info][gc,cpu         ] GC(154) User=0.00s Sys=0.00s Real=0.00s
[159.074s][info][gc,start       ] GC(155) Pause Full (System.gc())
[159.074s][info][gc,phases,start] GC(155) Marking Phase
[159.097s][info][gc,phases      ] GC(155) Marking Phase 22.887ms
[159.097s][info][gc,phases,start] GC(155) Summary Phase
[159.097s][info][gc,phases      ] GC(155) Summary Phase 0.009ms
[159.097s][info][gc,phases,start] GC(155) Adjust Roots
[159.118s][info][gc,phases      ] GC(155) Adjust Roots 20.903ms
[159.118s][info][gc,phases,start] GC(155) Compaction Phase
[159.126s][info][gc,phases      ] GC(155) Compaction Phase 7.932ms
[159.126s][info][gc,phases,start] GC(155) Post Compact
[159.127s][info][gc,phases      ] GC(155) Post Compact 0.640ms
[159.127s][info][gc,heap        ] GC(155) PSYoungGen: 128K->0K(1223168K)
[159.127s][info][gc,heap        ] GC(155) ParOldGen: 22338K->22336K(2796544K)
[159.127s][info][gc,metaspace   ] GC(155) Metaspace: 75899K(83324K)->75899K(83324K) NonClass: 66702K(71804K)->66702K(71804K) Class: 9197K(11520K)->9197K(11520K)
[159.127s][info][gc             ] GC(155) Pause Full (System.gc()) 21M->21M(3925M) 52.630ms
[159.127s][info][gc,cpu         ] GC(155) User=0.00s Sys=0.00s Real=0.05s
[160.847s][info][gc,start       ] GC(156) Pause Young (System.gc())
[160.848s][info][gc,heap        ] GC(156) PSYoungGen: 251690K->160K(1223168K)
[160.848s][info][gc,heap        ] GC(156) ParOldGen: 22336K->22336K(2796544K)
[160.848s][info][gc,metaspace   ] GC(156) Metaspace: 75903K(83324K)->75903K(83324K) NonClass: 66705K(71804K)->66705K(71804K) Class: 9197K(11520K)->9197K(11520K)
[160.848s][info][gc             ] GC(156) Pause Young (System.gc()) 267M->21M(3925M) 0.882ms
[160.848s][info][gc,cpu         ] GC(156) User=0.00s Sys=0.00s Real=0.00s
[160.848s][info][gc,start       ] GC(157) Pause Full (System.gc())
[160.848s][info][gc,phases,start] GC(157) Marking Phase
[160.871s][info][gc,phases      ] GC(157) Marking Phase 22.986ms
[160.871s][info][gc,phases,start] GC(157) Summary Phase
[160.871s][info][gc,phases      ] GC(157) Summary Phase 0.009ms
[160.871s][info][gc,phases,start] GC(157) Adjust Roots
[160.892s][info][gc,phases      ] GC(157) Adjust Roots 20.898ms
[160.892s][info][gc,phases,start] GC(157) Compaction Phase
[160.900s][info][gc,phases      ] GC(157) Compaction Phase 7.915ms
[160.900s][info][gc,phases,start] GC(157) Post Compact
[160.901s][info][gc,phases      ] GC(157) Post Compact 0.634ms
[160.901s][info][gc,heap        ] GC(157) PSYoungGen: 160K->0K(1223168K)
[160.901s][info][gc,heap        ] GC(157) ParOldGen: 22336K->22339K(2796544K)
[160.901s][info][gc,metaspace   ] GC(157) Metaspace: 75903K(83324K)->75903K(83324K) NonClass: 66705K(71804K)->66705K(71804K) Class: 9197K(11520K)->9197K(11520K)
[160.901s][info][gc             ] GC(157) Pause Full (System.gc()) 21M->21M(3925M) 52.772ms
[160.901s][info][gc,cpu         ] GC(157) User=0.02s Sys=0.00s Real=0.05s
[162.621s][info][gc,start       ] GC(158) Pause Young (System.gc())
[162.622s][info][gc,heap        ] GC(158) PSYoungGen: 251690K->128K(1223168K)
[162.623s][info][gc,heap        ] GC(158) ParOldGen: 22339K->22339K(2796544K)
[162.623s][info][gc,metaspace   ] GC(158) Metaspace: 75904K(83324K)->75904K(83324K) NonClass: 66706K(71804K)->66706K(71804K) Class: 9197K(11520K)->9197K(11520K)
[162.623s][info][gc             ] GC(158) Pause Young (System.gc()) 267M->21M(3925M) 1.258ms
[162.623s][info][gc,cpu         ] GC(158) User=0.02s Sys=0.00s Real=0.02s
[162.623s][info][gc,start       ] GC(159) Pause Full (System.gc())
[162.623s][info][gc,phases,start] GC(159) Marking Phase
[162.648s][info][gc,phases      ] GC(159) Marking Phase 24.960ms
[162.648s][info][gc,phases,start] GC(159) Summary Phase
[162.648s][info][gc,phases      ] GC(159) Summary Phase 0.010ms
[162.648s][info][gc,phases,start] GC(159) Adjust Roots
[162.669s][info][gc,phases      ] GC(159) Adjust Roots 21.063ms
[162.669s][info][gc,phases,start] GC(159) Compaction Phase
[162.677s][info][gc,phases      ] GC(159) Compaction Phase 8.078ms
[162.677s][info][gc,phases,start] GC(159) Post Compact
[162.678s][info][gc,phases      ] GC(159) Post Compact 0.648ms
[162.678s][info][gc,heap        ] GC(159) PSYoungGen: 128K->0K(1223168K)
[162.678s][info][gc,heap        ] GC(159) ParOldGen: 22339K->22337K(2796544K)
[162.678s][info][gc,metaspace   ] GC(159) Metaspace: 75904K(83324K)->75904K(83324K) NonClass: 66706K(71804K)->66706K(71804K) Class: 9197K(11520K)->9197K(11520K)
[162.678s][info][gc             ] GC(159) Pause Full (System.gc()) 21M->21M(3925M) 55.039ms
[162.678s][info][gc,cpu         ] GC(159) User=0.05s Sys=0.00s Real=0.05s
[164.388s][info][gc,start       ] GC(160) Pause Young (System.gc())
[164.389s][info][gc,heap        ] GC(160) PSYoungGen: 251690K->96K(1223168K)
[164.389s][info][gc,heap        ] GC(160) ParOldGen: 22337K->22337K(2796544K)
[164.389s][info][gc,metaspace   ] GC(160) Metaspace: 75938K(83324K)->75938K(83324K) NonClass: 66740K(71804K)->66740K(71804K) Class: 9197K(11520K)->9197K(11520K)
[164.389s][info][gc             ] GC(160) Pause Young (System.gc()) 267M->21M(3925M) 1.064ms
[164.389s][info][gc,cpu         ] GC(160) User=0.00s Sys=0.00s Real=0.00s
[164.389s][info][gc,start       ] GC(161) Pause Full (System.gc())
[164.389s][info][gc,phases,start] GC(161) Marking Phase
[164.412s][info][gc,phases      ] GC(161) Marking Phase 22.789ms
[164.412s][info][gc,phases,start] GC(161) Summary Phase
[164.412s][info][gc,phases      ] GC(161) Summary Phase 0.009ms
[164.412s][info][gc,phases,start] GC(161) Adjust Roots
[164.433s][info][gc,phases      ] GC(161) Adjust Roots 20.983ms
[164.433s][info][gc,phases,start] GC(161) Compaction Phase
[164.441s][info][gc,phases      ] GC(161) Compaction Phase 7.971ms
[164.441s][info][gc,phases,start] GC(161) Post Compact
[164.442s][info][gc,phases      ] GC(161) Post Compact 0.647ms
[164.442s][info][gc,heap        ] GC(161) PSYoungGen: 96K->0K(1223168K)
[164.442s][info][gc,heap        ] GC(161) ParOldGen: 22337K->22340K(2796544K)
[164.442s][info][gc,metaspace   ] GC(161) Metaspace: 75938K(83324K)->75938K(83324K) NonClass: 66740K(71804K)->66740K(71804K) Class: 9197K(11520K)->9197K(11520K)
[164.442s][info][gc             ] GC(161) Pause Full (System.gc()) 21M->21M(3925M) 52.662ms
[164.442s][info][gc,cpu         ] GC(161) User=0.00s Sys=0.00s Real=0.05s
[166.158s][info][gc,start       ] GC(162) Pause Young (System.gc())
[166.159s][info][gc,heap        ] GC(162) PSYoungGen: 251690K->128K(1223168K)
[166.159s][info][gc,heap        ] GC(162) ParOldGen: 22340K->22340K(2796544K)
[166.159s][info][gc,metaspace   ] GC(162) Metaspace: 75940K(83324K)->75940K(83324K) NonClass: 66742K(71804K)->66742K(71804K) Class: 9197K(11520K)->9197K(11520K)
[166.159s][info][gc             ] GC(162) Pause Young (System.gc()) 267M->21M(3925M) 1.048ms
[166.159s][info][gc,cpu         ] GC(162) User=0.00s Sys=0.00s Real=0.00s
[166.159s][info][gc,start       ] GC(163) Pause Full (System.gc())
[166.159s][info][gc,phases,start] GC(163) Marking Phase
[166.182s][info][gc,phases      ] GC(163) Marking Phase 22.944ms
[166.182s][info][gc,phases,start] GC(163) Summary Phase
[166.182s][info][gc,phases      ] GC(163) Summary Phase 0.010ms
[166.182s][info][gc,phases,start] GC(163) Adjust Roots
[166.203s][info][gc,phases      ] GC(163) Adjust Roots 21.090ms
[166.203s][info][gc,phases,start] GC(163) Compaction Phase
[166.211s][info][gc,phases      ] GC(163) Compaction Phase 7.930ms
[166.211s][info][gc,phases,start] GC(163) Post Compact
[166.212s][info][gc,phases      ] GC(163) Post Compact 0.637ms
[166.212s][info][gc,heap        ] GC(163) PSYoungGen: 128K->0K(1223168K)
[166.212s][info][gc,heap        ] GC(163) ParOldGen: 22340K->22338K(2796544K)
[166.212s][info][gc,metaspace   ] GC(163) Metaspace: 75940K(83324K)->75940K(83324K) NonClass: 66742K(71804K)->66742K(71804K) Class: 9197K(11520K)->9197K(11520K)
[166.212s][info][gc             ] GC(163) Pause Full (System.gc()) 21M->21M(3925M) 52.868ms
[166.212s][info][gc,cpu         ] GC(163) User=0.03s Sys=0.00s Real=0.05s
[167.936s][info][gc,start       ] GC(164) Pause Young (System.gc())
[167.937s][info][gc,heap        ] GC(164) PSYoungGen: 251690K->160K(1223168K)
[167.937s][info][gc,heap        ] GC(164) ParOldGen: 22338K->22338K(2796544K)
[167.937s][info][gc,metaspace   ] GC(164) Metaspace: 75945K(83324K)->75945K(83324K) NonClass: 66748K(71804K)->66748K(71804K) Class: 9197K(11520K)->9197K(11520K)
[167.937s][info][gc             ] GC(164) Pause Young (System.gc()) 267M->21M(3925M) 0.960ms
[167.937s][info][gc,cpu         ] GC(164) User=0.00s Sys=0.00s Real=0.00s
[167.937s][info][gc,start       ] GC(165) Pause Full (System.gc())
[167.937s][info][gc,phases,start] GC(165) Marking Phase
[167.960s][info][gc,phases      ] GC(165) Marking Phase 22.310ms
[167.960s][info][gc,phases,start] GC(165) Summary Phase
[167.960s][info][gc,phases      ] GC(165) Summary Phase 0.009ms
[167.960s][info][gc,phases,start] GC(165) Adjust Roots
[167.981s][info][gc,phases      ] GC(165) Adjust Roots 21.150ms
[167.981s][info][gc,phases,start] GC(165) Compaction Phase
[167.989s][info][gc,phases      ] GC(165) Compaction Phase 7.825ms
[167.989s][info][gc,phases,start] GC(165) Post Compact
[167.990s][info][gc,phases      ] GC(165) Post Compact 0.645ms
[167.990s][info][gc,heap        ] GC(165) PSYoungGen: 160K->0K(1223168K)
[167.990s][info][gc,heap        ] GC(165) ParOldGen: 22338K->22344K(2796544K)
[167.990s][info][gc,metaspace   ] GC(165) Metaspace: 75945K(83324K)->75945K(83324K) NonClass: 66748K(71804K)->66748K(71804K) Class: 9197K(11520K)->9197K(11520K)
[167.990s][info][gc             ] GC(165) Pause Full (System.gc()) 21M->21M(3925M) 52.221ms
[167.990s][info][gc,cpu         ] GC(165) User=0.03s Sys=0.00s Real=0.05s
[169.714s][info][gc,start       ] GC(166) Pause Young (System.gc())
[169.715s][info][gc,heap        ] GC(166) PSYoungGen: 251691K->128K(1223168K)
[169.715s][info][gc,heap        ] GC(166) ParOldGen: 22344K->22344K(2796544K)
[169.715s][info][gc,metaspace   ] GC(166) Metaspace: 75946K(83324K)->75946K(83324K) NonClass: 66748K(71804K)->66748K(71804K) Class: 9197K(11520K)->9197K(11520K)
[169.715s][info][gc             ] GC(166) Pause Young (System.gc()) 267M->21M(3925M) 1.325ms
[169.715s][info][gc,cpu         ] GC(166) User=0.00s Sys=0.00s Real=0.00s
[169.715s][info][gc,start       ] GC(167) Pause Full (System.gc())
[169.715s][info][gc,phases,start] GC(167) Marking Phase
[169.739s][info][gc,phases      ] GC(167) Marking Phase 23.801ms
[169.739s][info][gc,phases,start] GC(167) Summary Phase
[169.739s][info][gc,phases      ] GC(167) Summary Phase 0.009ms
[169.739s][info][gc,phases,start] GC(167) Adjust Roots
[169.760s][info][gc,phases      ] GC(167) Adjust Roots 21.133ms
[169.760s][info][gc,phases,start] GC(167) Compaction Phase
[169.768s][info][gc,phases      ] GC(167) Compaction Phase 8.133ms
[169.769s][info][gc,phases,start] GC(167) Post Compact
[169.769s][info][gc,phases      ] GC(167) Post Compact 0.630ms
[169.769s][info][gc,heap        ] GC(167) PSYoungGen: 128K->0K(1223168K)
[169.769s][info][gc,heap        ] GC(167) ParOldGen: 22344K->22343K(2796544K)
[169.769s][info][gc,metaspace   ] GC(167) Metaspace: 75946K(83324K)->75946K(83324K) NonClass: 66748K(71804K)->66748K(71804K) Class: 9197K(11520K)->9197K(11520K)
[169.769s][info][gc             ] GC(167) Pause Full (System.gc()) 21M->21M(3925M) 53.972ms
[169.769s][info][gc,cpu         ] GC(167) User=0.06s Sys=0.00s Real=0.06s
[171.487s][info][gc,start       ] GC(168) Pause Young (System.gc())
[171.488s][info][gc,heap        ] GC(168) PSYoungGen: 251722K->160K(1223168K)
[171.488s][info][gc,heap        ] GC(168) ParOldGen: 22343K->22343K(2796544K)
[171.488s][info][gc,metaspace   ] GC(168) Metaspace: 75947K(83324K)->75947K(83324K) NonClass: 66749K(71804K)->66749K(71804K) Class: 9197K(11520K)->9197K(11520K)
[171.488s][info][gc             ] GC(168) Pause Young (System.gc()) 267M->21M(3925M) 1.009ms
[171.488s][info][gc,cpu         ] GC(168) User=0.00s Sys=0.00s Real=0.00s
[171.488s][info][gc,start       ] GC(169) Pause Full (System.gc())
[171.488s][info][gc,phases,start] GC(169) Marking Phase
[171.511s][info][gc,phases      ] GC(169) Marking Phase 22.648ms
[171.511s][info][gc,phases,start] GC(169) Summary Phase
[171.511s][info][gc,phases      ] GC(169) Summary Phase 0.013ms
[171.511s][info][gc,phases,start] GC(169) Adjust Roots
[171.532s][info][gc,phases      ] GC(169) Adjust Roots 21.170ms
[171.532s][info][gc,phases,start] GC(169) Compaction Phase
[171.540s][info][gc,phases      ] GC(169) Compaction Phase 7.916ms
[171.540s][info][gc,phases,start] GC(169) Post Compact
[171.541s][info][gc,phases      ] GC(169) Post Compact 0.636ms
[171.541s][info][gc,heap        ] GC(169) PSYoungGen: 160K->0K(1223168K)
[171.541s][info][gc,heap        ] GC(169) ParOldGen: 22343K->22346K(2796544K)
[171.541s][info][gc,metaspace   ] GC(169) Metaspace: 75947K(83324K)->75947K(83324K) NonClass: 66749K(71804K)->66749K(71804K) Class: 9197K(11520K)->9197K(11520K)
[171.541s][info][gc             ] GC(169) Pause Full (System.gc()) 21M->21M(3925M) 52.652ms
[171.541s][info][gc,cpu         ] GC(169) User=0.03s Sys=0.00s Real=0.05s
[173.254s][info][gc,start       ] GC(170) Pause Young (System.gc())
[173.255s][info][gc,heap        ] GC(170) PSYoungGen: 251722K->160K(1223168K)
[173.255s][info][gc,heap        ] GC(170) ParOldGen: 22346K->22346K(2796544K)
[173.255s][info][gc,metaspace   ] GC(170) Metaspace: 75947K(83324K)->75947K(83324K) NonClass: 66749K(71804K)->66749K(71804K) Class: 9197K(11520K)->9197K(11520K)
[173.255s][info][gc             ] GC(170) Pause Young (System.gc()) 267M->21M(3925M) 0.864ms
[173.255s][info][gc,cpu         ] GC(170) User=0.00s Sys=0.00s Real=0.00s
[173.255s][info][gc,start       ] GC(171) Pause Full (System.gc())
[173.255s][info][gc,phases,start] GC(171) Marking Phase
[173.278s][info][gc,phases      ] GC(171) Marking Phase 23.078ms
[173.278s][info][gc,phases,start] GC(171) Summary Phase
[173.278s][info][gc,phases      ] GC(171) Summary Phase 0.009ms
[173.278s][info][gc,phases,start] GC(171) Adjust Roots
[173.300s][info][gc,phases      ] GC(171) Adjust Roots 21.195ms
[173.300s][info][gc,phases,start] GC(171) Compaction Phase
[173.308s][info][gc,phases      ] GC(171) Compaction Phase 8.074ms
[173.308s][info][gc,phases,start] GC(171) Post Compact
[173.308s][info][gc,phases      ] GC(171) Post Compact 0.654ms
[173.308s][info][gc,heap        ] GC(171) PSYoungGen: 160K->0K(1223168K)
[173.308s][info][gc,heap        ] GC(171) ParOldGen: 22346K->22343K(2796544K)
[173.308s][info][gc,metaspace   ] GC(171) Metaspace: 75947K(83324K)->75947K(83324K) NonClass: 66749K(71804K)->66749K(71804K) Class: 9197K(11520K)->9197K(11520K)
[173.308s][info][gc             ] GC(171) Pause Full (System.gc()) 21M->21M(3925M) 53.274ms
[173.308s][info][gc,cpu         ] GC(171) User=0.06s Sys=0.00s Real=0.06s
[175.021s][info][gc,start       ] GC(172) Pause Young (System.gc())
[175.022s][info][gc,heap        ] GC(172) PSYoungGen: 251722K->160K(1223168K)
[175.022s][info][gc,heap        ] GC(172) ParOldGen: 22343K->22343K(2796544K)
[175.022s][info][gc,metaspace   ] GC(172) Metaspace: 75949K(83324K)->75949K(83324K) NonClass: 66751K(71804K)->66751K(71804K) Class: 9197K(11520K)->9197K(11520K)
[175.022s][info][gc             ] GC(172) Pause Young (System.gc()) 267M->21M(3925M) 1.039ms
[175.022s][info][gc,cpu         ] GC(172) User=0.00s Sys=0.00s Real=0.00s
[175.022s][info][gc,start       ] GC(173) Pause Full (System.gc())
[175.022s][info][gc,phases,start] GC(173) Marking Phase
[175.045s][info][gc,phases      ] GC(173) Marking Phase 22.991ms
[175.045s][info][gc,phases,start] GC(173) Summary Phase
[175.045s][info][gc,phases      ] GC(173) Summary Phase 0.009ms
[175.045s][info][gc,phases,start] GC(173) Adjust Roots
[175.066s][info][gc,phases      ] GC(173) Adjust Roots 21.213ms
[175.066s][info][gc,phases,start] GC(173) Compaction Phase
[175.074s][info][gc,phases      ] GC(173) Compaction Phase 8.183ms
[175.074s][info][gc,phases,start] GC(173) Post Compact
[175.075s][info][gc,phases      ] GC(173) Post Compact 0.648ms
[175.075s][info][gc,heap        ] GC(173) PSYoungGen: 160K->0K(1223168K)
[175.075s][info][gc,heap        ] GC(173) ParOldGen: 22343K->22346K(2796544K)
[175.075s][info][gc,metaspace   ] GC(173) Metaspace: 75949K(83324K)->75949K(83324K) NonClass: 66751K(71804K)->66751K(71804K) Class: 9197K(11520K)->9197K(11520K)
[175.075s][info][gc             ] GC(173) Pause Full (System.gc()) 21M->21M(3925M) 53.314ms
[175.075s][info][gc,cpu         ] GC(173) User=0.03s Sys=0.00s Real=0.05s
[176.792s][info][gc,start       ] GC(174) Pause Young (System.gc())
[176.793s][info][gc,heap        ] GC(174) PSYoungGen: 251722K->128K(1223168K)
[176.793s][info][gc,heap        ] GC(174) ParOldGen: 22346K->22346K(2796544K)
[176.793s][info][gc,metaspace   ] GC(174) Metaspace: 75952K(83324K)->75952K(83324K) NonClass: 66755K(71804K)->66755K(71804K) Class: 9197K(11520K)->9197K(11520K)
[176.793s][info][gc             ] GC(174) Pause Young (System.gc()) 267M->21M(3925M) 1.010ms
[176.793s][info][gc,cpu         ] GC(174) User=0.00s Sys=0.00s Real=0.00s
[176.793s][info][gc,start       ] GC(175) Pause Full (System.gc())
[176.793s][info][gc,phases,start] GC(175) Marking Phase
[176.817s][info][gc,phases      ] GC(175) Marking Phase 23.219ms
[176.817s][info][gc,phases,start] GC(175) Summary Phase
[176.817s][info][gc,phases      ] GC(175) Summary Phase 0.009ms
[176.817s][info][gc,phases,start] GC(175) Adjust Roots
[176.839s][info][gc,phases      ] GC(175) Adjust Roots 22.398ms
[176.839s][info][gc,phases,start] GC(175) Compaction Phase
[176.847s][info][gc,phases      ] GC(175) Compaction Phase 7.932ms
[176.847s][info][gc,phases,start] GC(175) Post Compact
[176.848s][info][gc,phases      ] GC(175) Post Compact 0.648ms
[176.848s][info][gc,heap        ] GC(175) PSYoungGen: 128K->0K(1223168K)
[176.848s][info][gc,heap        ] GC(175) ParOldGen: 22346K->22346K(2796544K)
[176.848s][info][gc,metaspace   ] GC(175) Metaspace: 75952K(83324K)->75952K(83324K) NonClass: 66755K(71804K)->66755K(71804K) Class: 9197K(11520K)->9197K(11520K)
[176.848s][info][gc             ] GC(175) Pause Full (System.gc()) 21M->21M(3925M) 54.481ms
[176.848s][info][gc,cpu         ] GC(175) User=0.03s Sys=0.00s Real=0.05s
[178.556s][info][gc,start       ] GC(176) Pause Young (System.gc())
[178.557s][info][gc,heap        ] GC(176) PSYoungGen: 251722K->128K(1223168K)
[178.557s][info][gc,heap        ] GC(176) ParOldGen: 22346K->22346K(2796544K)
[178.557s][info][gc,metaspace   ] GC(176) Metaspace: 75958K(83324K)->75958K(83324K) NonClass: 66760K(71804K)->66760K(71804K) Class: 9197K(11520K)->9197K(11520K)
[178.557s][info][gc             ] GC(176) Pause Young (System.gc()) 267M->21M(3925M) 0.924ms
[178.557s][info][gc,cpu         ] GC(176) User=0.00s Sys=0.00s Real=0.00s
[178.557s][info][gc,start       ] GC(177) Pause Full (System.gc())
[178.557s][info][gc,phases,start] GC(177) Marking Phase
[178.580s][info][gc,phases      ] GC(177) Marking Phase 23.257ms
[178.580s][info][gc,phases,start] GC(177) Summary Phase
[178.580s][info][gc,phases      ] GC(177) Summary Phase 0.009ms
[178.580s][info][gc,phases,start] GC(177) Adjust Roots
[178.602s][info][gc,phases      ] GC(177) Adjust Roots 21.265ms
[178.602s][info][gc,phases,start] GC(177) Compaction Phase
[178.610s][info][gc,phases      ] GC(177) Compaction Phase 7.894ms
[178.610s][info][gc,phases,start] GC(177) Post Compact
[178.610s][info][gc,phases      ] GC(177) Post Compact 0.644ms
[178.610s][info][gc,heap        ] GC(177) PSYoungGen: 128K->0K(1223168K)
[178.610s][info][gc,heap        ] GC(177) ParOldGen: 22346K->22349K(2796544K)
[178.610s][info][gc,metaspace   ] GC(177) Metaspace: 75958K(83324K)->75958K(83324K) NonClass: 66760K(71804K)->66760K(71804K) Class: 9197K(11520K)->9197K(11520K)
[178.610s][info][gc             ] GC(177) Pause Full (System.gc()) 21M->21M(3925M) 53.386ms
[178.611s][info][gc,cpu         ] GC(177) User=0.00s Sys=0.00s Real=0.05s
[180.317s][info][gc,start       ] GC(178) Pause Young (System.gc())
[180.318s][info][gc,heap        ] GC(178) PSYoungGen: 251722K->96K(1223168K)
[180.318s][info][gc,heap        ] GC(178) ParOldGen: 22349K->22349K(2796544K)
[180.318s][info][gc,metaspace   ] GC(178) Metaspace: 76034K(83580K)->76034K(83580K) NonClass: 66837K(72060K)->66837K(72060K) Class: 9197K(11520K)->9197K(11520K)
[180.318s][info][gc             ] GC(178) Pause Young (System.gc()) 267M->21M(3925M) 0.989ms
[180.318s][info][gc,cpu         ] GC(178) User=0.00s Sys=0.00s Real=0.00s
[180.318s][info][gc,start       ] GC(179) Pause Full (System.gc())
[180.318s][info][gc,phases,start] GC(179) Marking Phase
[180.342s][info][gc,phases      ] GC(179) Marking Phase 23.310ms
[180.342s][info][gc,phases,start] GC(179) Summary Phase
[180.342s][info][gc,phases      ] GC(179) Summary Phase 0.009ms
[180.342s][info][gc,phases,start] GC(179) Adjust Roots
[180.363s][info][gc,phases      ] GC(179) Adjust Roots 21.459ms
[180.363s][info][gc,phases,start] GC(179) Compaction Phase
[180.371s][info][gc,phases      ] GC(179) Compaction Phase 8.035ms
[180.371s][info][gc,phases,start] GC(179) Post Compact
[180.372s][info][gc,phases      ] GC(179) Post Compact 0.635ms
[180.372s][info][gc,heap        ] GC(179) PSYoungGen: 96K->0K(1223168K)
[180.372s][info][gc,heap        ] GC(179) ParOldGen: 22349K->22347K(2796544K)
[180.372s][info][gc,metaspace   ] GC(179) Metaspace: 76034K(83580K)->76034K(83580K) NonClass: 66837K(72060K)->66837K(72060K) Class: 9197K(11520K)->9197K(11520K)
[180.372s][info][gc             ] GC(179) Pause Full (System.gc()) 21M->21M(3925M) 53.739ms
[180.372s][info][gc,cpu         ] GC(179) User=0.02s Sys=0.00s Real=0.06s
[182.107s][info][gc,start       ] GC(180) Pause Young (System.gc())
[182.108s][info][gc,heap        ] GC(180) PSYoungGen: 251722K->160K(1223168K)
[182.108s][info][gc,heap        ] GC(180) ParOldGen: 22347K->22347K(2796544K)
[182.108s][info][gc,metaspace   ] GC(180) Metaspace: 76041K(83580K)->76041K(83580K) NonClass: 66844K(72060K)->66844K(72060K) Class: 9197K(11520K)->9197K(11520K)
[182.108s][info][gc             ] GC(180) Pause Young (System.gc()) 267M->21M(3925M) 0.938ms
[182.108s][info][gc,cpu         ] GC(180) User=0.00s Sys=0.00s Real=0.00s
[182.108s][info][gc,start       ] GC(181) Pause Full (System.gc())
[182.108s][info][gc,phases,start] GC(181) Marking Phase
[182.131s][info][gc,phases      ] GC(181) Marking Phase 23.106ms
[182.131s][info][gc,phases,start] GC(181) Summary Phase
[182.131s][info][gc,phases      ] GC(181) Summary Phase 0.009ms
[182.131s][info][gc,phases,start] GC(181) Adjust Roots
[182.152s][info][gc,phases      ] GC(181) Adjust Roots 21.424ms
[182.153s][info][gc,phases,start] GC(181) Compaction Phase
[182.160s][info][gc,phases      ] GC(181) Compaction Phase 7.749ms
[182.160s][info][gc,phases,start] GC(181) Post Compact
[182.161s][info][gc,phases      ] GC(181) Post Compact 0.750ms
[182.161s][info][gc,heap        ] GC(181) PSYoungGen: 160K->0K(1223168K)
[182.161s][info][gc,heap        ] GC(181) ParOldGen: 22347K->22350K(2796544K)
[182.161s][info][gc,metaspace   ] GC(181) Metaspace: 76041K(83580K)->76041K(83580K) NonClass: 66844K(72060K)->66844K(72060K) Class: 9197K(11520K)->9197K(11520K)
[182.161s][info][gc             ] GC(181) Pause Full (System.gc()) 21M->21M(3925M) 53.306ms
[182.161s][info][gc,cpu         ] GC(181) User=0.05s Sys=0.00s Real=0.06s
[183.868s][info][gc,start       ] GC(182) Pause Young (System.gc())
[183.869s][info][gc,heap        ] GC(182) PSYoungGen: 251726K->160K(1223168K)
[183.869s][info][gc,heap        ] GC(182) ParOldGen: 22350K->22350K(2796544K)
[183.869s][info][gc,metaspace   ] GC(182) Metaspace: 76041K(83580K)->76041K(83580K) NonClass: 66844K(72060K)->66844K(72060K) Class: 9197K(11520K)->9197K(11520K)
[183.869s][info][gc             ] GC(182) Pause Young (System.gc()) 267M->21M(3925M) 0.971ms
[183.869s][info][gc,cpu         ] GC(182) User=0.00s Sys=0.00s Real=0.00s
[183.869s][info][gc,start       ] GC(183) Pause Full (System.gc())
[183.869s][info][gc,phases,start] GC(183) Marking Phase
[183.893s][info][gc,phases      ] GC(183) Marking Phase 23.690ms
[183.893s][info][gc,phases,start] GC(183) Summary Phase
[183.893s][info][gc,phases      ] GC(183) Summary Phase 0.010ms
[183.893s][info][gc,phases,start] GC(183) Adjust Roots
[183.915s][info][gc,phases      ] GC(183) Adjust Roots 21.501ms
[183.915s][info][gc,phases,start] GC(183) Compaction Phase
[183.923s][info][gc,phases      ] GC(183) Compaction Phase 8.010ms
[183.923s][info][gc,phases,start] GC(183) Post Compact
[183.923s][info][gc,phases      ] GC(183) Post Compact 0.640ms
[183.923s][info][gc,heap        ] GC(183) PSYoungGen: 160K->0K(1223168K)
[183.923s][info][gc,heap        ] GC(183) ParOldGen: 22350K->22348K(2796544K)
[183.923s][info][gc,metaspace   ] GC(183) Metaspace: 76041K(83580K)->76041K(83580K) NonClass: 66844K(72060K)->66844K(72060K) Class: 9197K(11520K)->9197K(11520K)
[183.923s][info][gc             ] GC(183) Pause Full (System.gc()) 21M->21M(3925M) 54.118ms
[183.923s][info][gc,cpu         ] GC(183) User=0.06s Sys=0.00s Real=0.06s
[185.629s][info][gc,start       ] GC(184) Pause Young (System.gc())
[185.630s][info][gc,heap        ] GC(184) PSYoungGen: 251726K->96K(1223168K)
[185.630s][info][gc,heap        ] GC(184) ParOldGen: 22348K->22348K(2796544K)
[185.630s][info][gc,metaspace   ] GC(184) Metaspace: 76041K(83580K)->76041K(83580K) NonClass: 66844K(72060K)->66844K(72060K) Class: 9197K(11520K)->9197K(11520K)
[185.630s][info][gc             ] GC(184) Pause Young (System.gc()) 267M->21M(3925M) 1.191ms
[185.630s][info][gc,cpu         ] GC(184) User=0.00s Sys=0.00s Real=0.00s
[185.630s][info][gc,start       ] GC(185) Pause Full (System.gc())
[185.630s][info][gc,phases,start] GC(185) Marking Phase
[185.655s][info][gc,phases      ] GC(185) Marking Phase 25.205ms
[185.655s][info][gc,phases,start] GC(185) Summary Phase
[185.655s][info][gc,phases      ] GC(185) Summary Phase 0.009ms
[185.655s][info][gc,phases,start] GC(185) Adjust Roots
[185.677s][info][gc,phases      ] GC(185) Adjust Roots 21.495ms
[185.677s][info][gc,phases,start] GC(185) Compaction Phase
[185.685s][info][gc,phases      ] GC(185) Compaction Phase 8.014ms
[185.685s][info][gc,phases,start] GC(185) Post Compact
[185.686s][info][gc,phases      ] GC(185) Post Compact 0.638ms
[185.686s][info][gc,heap        ] GC(185) PSYoungGen: 96K->0K(1223168K)
[185.686s][info][gc,heap        ] GC(185) ParOldGen: 22348K->22350K(2796544K)
[185.686s][info][gc,metaspace   ] GC(185) Metaspace: 76041K(83580K)->76041K(83580K) NonClass: 66844K(72060K)->66844K(72060K) Class: 9197K(11520K)->9197K(11520K)
[185.686s][info][gc             ] GC(185) Pause Full (System.gc()) 21M->21M(3925M) 55.694ms
[185.686s][info][gc,cpu         ] GC(185) User=0.06s Sys=0.00s Real=0.06s
[187.398s][info][gc,start       ] GC(186) Pause Young (System.gc())
[187.399s][info][gc,heap        ] GC(186) PSYoungGen: 251726K->160K(1223168K)
[187.399s][info][gc,heap        ] GC(186) ParOldGen: 22350K->22350K(2796544K)
[187.399s][info][gc,metaspace   ] GC(186) Metaspace: 76041K(83580K)->76041K(83580K) NonClass: 66844K(72060K)->66844K(72060K) Class: 9197K(11520K)->9197K(11520K)
[187.399s][info][gc             ] GC(186) Pause Young (System.gc()) 267M->21M(3925M) 0.977ms
[187.399s][info][gc,cpu         ] GC(186) User=0.00s Sys=0.00s Real=0.00s
[187.399s][info][gc,start       ] GC(187) Pause Full (System.gc())
[187.399s][info][gc,phases,start] GC(187) Marking Phase
[187.423s][info][gc,phases      ] GC(187) Marking Phase 24.056ms
[187.423s][info][gc,phases,start] GC(187) Summary Phase
[187.423s][info][gc,phases      ] GC(187) Summary Phase 0.009ms
[187.423s][info][gc,phases,start] GC(187) Adjust Roots
[187.445s][info][gc,phases      ] GC(187) Adjust Roots 22.581ms
[187.445s][info][gc,phases,start] GC(187) Compaction Phase
[187.453s][info][gc,phases      ] GC(187) Compaction Phase 7.921ms
[187.453s][info][gc,phases,start] GC(187) Post Compact
[187.454s][info][gc,phases      ] GC(187) Post Compact 0.675ms
[187.454s][info][gc,heap        ] GC(187) PSYoungGen: 160K->0K(1223168K)
[187.454s][info][gc,heap        ] GC(187) ParOldGen: 22350K->22349K(2796544K)
[187.454s][info][gc,metaspace   ] GC(187) Metaspace: 76041K(83580K)->76041K(83580K) NonClass: 66844K(72060K)->66844K(72060K) Class: 9197K(11520K)->9197K(11520K)
[187.454s][info][gc             ] GC(187) Pause Full (System.gc()) 21M->21M(3925M) 55.543ms
[187.454s][info][gc,cpu         ] GC(187) User=0.03s Sys=0.00s Real=0.05s
[189.158s][info][gc,start       ] GC(188) Pause Young (System.gc())
[189.159s][info][gc,heap        ] GC(188) PSYoungGen: 272698K->160K(1223168K)
[189.159s][info][gc,heap        ] GC(188) ParOldGen: 22349K->22349K(2796544K)
[189.159s][info][gc,metaspace   ] GC(188) Metaspace: 76043K(83580K)->76043K(83580K) NonClass: 66845K(72060K)->66845K(72060K) Class: 9197K(11520K)->9197K(11520K)
[189.159s][info][gc             ] GC(188) Pause Young (System.gc()) 288M->21M(3925M) 0.836ms
[189.159s][info][gc,cpu         ] GC(188) User=0.00s Sys=0.00s Real=0.00s
[189.159s][info][gc,start       ] GC(189) Pause Full (System.gc())
[189.159s][info][gc,phases,start] GC(189) Marking Phase
[189.183s][info][gc,phases      ] GC(189) Marking Phase 23.980ms
[189.183s][info][gc,phases,start] GC(189) Summary Phase
[189.183s][info][gc,phases      ] GC(189) Summary Phase 0.009ms
[189.183s][info][gc,phases,start] GC(189) Adjust Roots
[189.205s][info][gc,phases      ] GC(189) Adjust Roots 21.986ms
[189.205s][info][gc,phases,start] GC(189) Compaction Phase
[189.213s][info][gc,phases      ] GC(189) Compaction Phase 7.640ms
[189.213s][info][gc,phases,start] GC(189) Post Compact
[189.214s][info][gc,phases      ] GC(189) Post Compact 0.693ms
[189.214s][info][gc,heap        ] GC(189) PSYoungGen: 160K->0K(1223168K)
[189.214s][info][gc,heap        ] GC(189) ParOldGen: 22349K->22352K(2796544K)
[189.214s][info][gc,metaspace   ] GC(189) Metaspace: 76043K(83580K)->76043K(83580K) NonClass: 66845K(72060K)->66845K(72060K) Class: 9197K(11520K)->9197K(11520K)
[189.214s][info][gc             ] GC(189) Pause Full (System.gc()) 21M->21M(3925M) 54.578ms
[189.214s][info][gc,cpu         ] GC(189) User=0.05s Sys=0.00s Real=0.05s
[190.924s][info][gc,start       ] GC(190) Pause Young (System.gc())
[190.925s][info][gc,heap        ] GC(190) PSYoungGen: 251726K->128K(1223168K)
[190.925s][info][gc,heap        ] GC(190) ParOldGen: 22352K->22352K(2796544K)
[190.925s][info][gc,metaspace   ] GC(190) Metaspace: 76043K(83580K)->76043K(83580K) NonClass: 66845K(72060K)->66845K(72060K) Class: 9197K(11520K)->9197K(11520K)
[190.925s][info][gc             ] GC(190) Pause Young (System.gc()) 267M->21M(3925M) 0.910ms
[190.925s][info][gc,cpu         ] GC(190) User=0.00s Sys=0.00s Real=0.00s
[190.925s][info][gc,start       ] GC(191) Pause Full (System.gc())
[190.925s][info][gc,phases,start] GC(191) Marking Phase
[190.948s][info][gc,phases      ] GC(191) Marking Phase 23.133ms
[190.948s][info][gc,phases,start] GC(191) Summary Phase
[190.948s][info][gc,phases      ] GC(191) Summary Phase 0.009ms
[190.948s][info][gc,phases,start] GC(191) Adjust Roots
[190.970s][info][gc,phases      ] GC(191) Adjust Roots 21.565ms
[190.970s][info][gc,phases,start] GC(191) Compaction Phase
[190.978s][info][gc,phases      ] GC(191) Compaction Phase 8.019ms
[190.978s][info][gc,phases,start] GC(191) Post Compact
[190.979s][info][gc,phases      ] GC(191) Post Compact 0.645ms
[190.979s][info][gc,heap        ] GC(191) PSYoungGen: 128K->0K(1223168K)
[190.979s][info][gc,heap        ] GC(191) ParOldGen: 22352K->22351K(2796544K)
[190.979s][info][gc,metaspace   ] GC(191) Metaspace: 76043K(83580K)->76043K(83580K) NonClass: 66845K(72060K)->66845K(72060K) Class: 9197K(11520K)->9197K(11520K)
[190.979s][info][gc             ] GC(191) Pause Full (System.gc()) 21M->21M(3925M) 53.624ms
[190.979s][info][gc,cpu         ] GC(191) User=0.06s Sys=0.00s Real=0.05s
[192.684s][info][gc,start       ] GC(192) Pause Young (System.gc())
[192.685s][info][gc,heap        ] GC(192) PSYoungGen: 251726K->160K(1223168K)
[192.685s][info][gc,heap        ] GC(192) ParOldGen: 22351K->22351K(2796544K)
[192.685s][info][gc,metaspace   ] GC(192) Metaspace: 76044K(83580K)->76044K(83580K) NonClass: 66846K(72060K)->66846K(72060K) Class: 9197K(11520K)->9197K(11520K)
[192.685s][info][gc             ] GC(192) Pause Young (System.gc()) 267M->21M(3925M) 0.964ms
[192.685s][info][gc,cpu         ] GC(192) User=0.00s Sys=0.00s Real=0.00s
[192.685s][info][gc,start       ] GC(193) Pause Full (System.gc())
[192.685s][info][gc,phases,start] GC(193) Marking Phase
[192.708s][info][gc,phases      ] GC(193) Marking Phase 22.976ms
[192.708s][info][gc,phases,start] GC(193) Summary Phase
[192.708s][info][gc,phases      ] GC(193) Summary Phase 0.009ms
[192.708s][info][gc,phases,start] GC(193) Adjust Roots
[192.730s][info][gc,phases      ] GC(193) Adjust Roots 21.566ms
[192.730s][info][gc,phases,start] GC(193) Compaction Phase
[192.738s][info][gc,phases      ] GC(193) Compaction Phase 7.834ms
[192.738s][info][gc,phases,start] GC(193) Post Compact
[192.739s][info][gc,phases      ] GC(193) Post Compact 0.695ms
[192.739s][info][gc,heap        ] GC(193) PSYoungGen: 160K->0K(1223168K)
[192.739s][info][gc,heap        ] GC(193) ParOldGen: 22351K->22354K(2796544K)
[192.739s][info][gc,metaspace   ] GC(193) Metaspace: 76044K(83580K)->76044K(83580K) NonClass: 66846K(72060K)->66846K(72060K) Class: 9197K(11520K)->9197K(11520K)
[192.739s][info][gc             ] GC(193) Pause Full (System.gc()) 21M->21M(3925M) 53.368ms
[192.739s][info][gc,cpu         ] GC(193) User=0.03s Sys=0.00s Real=0.06s
[194.451s][info][gc,start       ] GC(194) Pause Young (System.gc())
[194.452s][info][gc,heap        ] GC(194) PSYoungGen: 251726K->128K(1223168K)
[194.452s][info][gc,heap        ] GC(194) ParOldGen: 22354K->22354K(2796544K)
[194.452s][info][gc,metaspace   ] GC(194) Metaspace: 76044K(83580K)->76044K(83580K) NonClass: 66846K(72060K)->66846K(72060K) Class: 9197K(11520K)->9197K(11520K)
[194.452s][info][gc             ] GC(194) Pause Young (System.gc()) 267M->21M(3925M) 0.943ms
[194.452s][info][gc,cpu         ] GC(194) User=0.00s Sys=0.00s Real=0.00s
[194.452s][info][gc,start       ] GC(195) Pause Full (System.gc())
[194.452s][info][gc,phases,start] GC(195) Marking Phase
[194.475s][info][gc,phases      ] GC(195) Marking Phase 22.988ms
[194.475s][info][gc,phases,start] GC(195) Summary Phase
[194.475s][info][gc,phases      ] GC(195) Summary Phase 0.008ms
[194.475s][info][gc,phases,start] GC(195) Adjust Roots
[194.496s][info][gc,phases      ] GC(195) Adjust Roots 21.596ms
[194.496s][info][gc,phases,start] GC(195) Compaction Phase
[194.505s][info][gc,phases      ] GC(195) Compaction Phase 8.381ms
[194.505s][info][gc,phases,start] GC(195) Post Compact
[194.505s][info][gc,phases      ] GC(195) Post Compact 0.650ms
[194.505s][info][gc,heap        ] GC(195) PSYoungGen: 128K->0K(1223168K)
[194.505s][info][gc,heap        ] GC(195) ParOldGen: 22354K->22352K(2796544K)
[194.505s][info][gc,metaspace   ] GC(195) Metaspace: 76044K(83580K)->76044K(83580K) NonClass: 66846K(72060K)->66846K(72060K) Class: 9197K(11520K)->9197K(11520K)
[194.506s][info][gc             ] GC(195) Pause Full (System.gc()) 21M->21M(3925M) 53.868ms
[194.506s][info][gc,cpu         ] GC(195) User=0.00s Sys=0.00s Real=0.05s
[196.209s][info][gc,start       ] GC(196) Pause Young (System.gc())
[196.210s][info][gc,heap        ] GC(196) PSYoungGen: 251726K->128K(1223168K)
[196.210s][info][gc,heap        ] GC(196) ParOldGen: 22352K->22352K(2796544K)
[196.210s][info][gc,metaspace   ] GC(196) Metaspace: 76044K(83580K)->76044K(83580K) NonClass: 66846K(72060K)->66846K(72060K) Class: 9197K(11520K)->9197K(11520K)
[196.210s][info][gc             ] GC(196) Pause Young (System.gc()) 267M->21M(3925M) 1.088ms
[196.210s][info][gc,cpu         ] GC(196) User=0.00s Sys=0.00s Real=0.00s
[196.210s][info][gc,start       ] GC(197) Pause Full (System.gc())
[196.210s][info][gc,phases,start] GC(197) Marking Phase
[196.234s][info][gc,phases      ] GC(197) Marking Phase 23.337ms
[196.234s][info][gc,phases,start] GC(197) Summary Phase
[196.234s][info][gc,phases      ] GC(197) Summary Phase 0.009ms
[196.234s][info][gc,phases,start] GC(197) Adjust Roots
[196.255s][info][gc,phases      ] GC(197) Adjust Roots 21.587ms
[196.255s][info][gc,phases,start] GC(197) Compaction Phase
[196.263s][info][gc,phases      ] GC(197) Compaction Phase 8.024ms
[196.263s][info][gc,phases,start] GC(197) Post Compact
[196.264s][info][gc,phases      ] GC(197) Post Compact 0.652ms
[196.264s][info][gc,heap        ] GC(197) PSYoungGen: 128K->0K(1223168K)
[196.264s][info][gc,heap        ] GC(197) ParOldGen: 22352K->22354K(2796544K)
[196.264s][info][gc,metaspace   ] GC(197) Metaspace: 76044K(83580K)->76044K(83580K) NonClass: 66846K(72060K)->66846K(72060K) Class: 9197K(11520K)->9197K(11520K)
[196.264s][info][gc             ] GC(197) Pause Full (System.gc()) 21M->21M(3925M) 53.886ms
[196.264s][info][gc,cpu         ] GC(197) User=0.00s Sys=0.00s Real=0.05s
[197.969s][info][gc,start       ] GC(198) Pause Young (System.gc())
[197.970s][info][gc,heap        ] GC(198) PSYoungGen: 251726K->96K(1223168K)
[197.970s][info][gc,heap        ] GC(198) ParOldGen: 22354K->22354K(2796544K)
[197.970s][info][gc,metaspace   ] GC(198) Metaspace: 76094K(83580K)->76094K(83580K) NonClass: 66897K(72060K)->66897K(72060K) Class: 9197K(11520K)->9197K(11520K)
[197.970s][info][gc             ] GC(198) Pause Young (System.gc()) 267M->21M(3925M) 0.871ms
[197.970s][info][gc,cpu         ] GC(198) User=0.00s Sys=0.00s Real=0.00s
[197.970s][info][gc,start       ] GC(199) Pause Full (System.gc())
[197.970s][info][gc,phases,start] GC(199) Marking Phase
[197.994s][info][gc,phases      ] GC(199) Marking Phase 24.024ms
[197.994s][info][gc,phases,start] GC(199) Summary Phase
[197.994s][info][gc,phases      ] GC(199) Summary Phase 0.009ms
[197.994s][info][gc,phases,start] GC(199) Adjust Roots
[198.016s][info][gc,phases      ] GC(199) Adjust Roots 21.937ms
[198.016s][info][gc,phases,start] GC(199) Compaction Phase
[198.024s][info][gc,phases      ] GC(199) Compaction Phase 8.200ms
[198.024s][info][gc,phases,start] GC(199) Post Compact
[198.025s][info][gc,phases      ] GC(199) Post Compact 0.636ms
[198.025s][info][gc,heap        ] GC(199) PSYoungGen: 96K->0K(1223168K)
[198.025s][info][gc,heap        ] GC(199) ParOldGen: 22354K->22352K(2796544K)
[198.025s][info][gc,metaspace   ] GC(199) Metaspace: 76094K(83580K)->76094K(83580K) NonClass: 66897K(72060K)->66897K(72060K) Class: 9197K(11520K)->9197K(11520K)
[198.025s][info][gc             ] GC(199) Pause Full (System.gc()) 21M->21M(3925M) 55.065ms
[198.025s][info][gc,cpu         ] GC(199) User=0.05s Sys=0.00s Real=0.06s
[199.735s][info][gc,start       ] GC(200) Pause Young (System.gc())
[199.736s][info][gc,heap        ] GC(200) PSYoungGen: 251726K->160K(1223168K)
[199.736s][info][gc,heap        ] GC(200) ParOldGen: 22352K->22352K(2796544K)
[199.736s][info][gc,metaspace   ] GC(200) Metaspace: 76096K(83580K)->76096K(83580K) NonClass: 66898K(72060K)->66898K(72060K) Class: 9197K(11520K)->9197K(11520K)
[199.736s][info][gc             ] GC(200) Pause Young (System.gc()) 267M->21M(3925M) 1.132ms
[199.736s][info][gc,cpu         ] GC(200) User=0.00s Sys=0.00s Real=0.02s
[199.736s][info][gc,start       ] GC(201) Pause Full (System.gc())
[199.736s][info][gc,phases,start] GC(201) Marking Phase
[199.760s][info][gc,phases      ] GC(201) Marking Phase 24.354ms
[199.760s][info][gc,phases,start] GC(201) Summary Phase
[199.760s][info][gc,phases      ] GC(201) Summary Phase 0.009ms
[199.760s][info][gc,phases,start] GC(201) Adjust Roots
[199.782s][info][gc,phases      ] GC(201) Adjust Roots 21.572ms
[199.782s][info][gc,phases,start] GC(201) Compaction Phase
[199.790s][info][gc,phases      ] GC(201) Compaction Phase 7.644ms
[199.790s][info][gc,phases,start] GC(201) Post Compact
[199.790s][info][gc,phases      ] GC(201) Post Compact 0.581ms
[199.790s][info][gc,heap        ] GC(201) PSYoungGen: 160K->0K(1223168K)
[199.790s][info][gc,heap        ] GC(201) ParOldGen: 22352K->22355K(2796544K)
[199.790s][info][gc,metaspace   ] GC(201) Metaspace: 76096K(83580K)->76096K(83580K) NonClass: 66898K(72060K)->66898K(72060K) Class: 9197K(11520K)->9197K(11520K)
[199.790s][info][gc             ] GC(201) Pause Full (System.gc()) 21M->21M(3925M) 54.416ms
[199.790s][info][gc,cpu         ] GC(201) User=0.05s Sys=0.00s Real=0.05s
[201.493s][info][gc,start       ] GC(202) Pause Young (System.gc())
[201.494s][info][gc,heap        ] GC(202) PSYoungGen: 251726K->128K(1223168K)
[201.494s][info][gc,heap        ] GC(202) ParOldGen: 22355K->22355K(2796544K)
[201.494s][info][gc,metaspace   ] GC(202) Metaspace: 76096K(83580K)->76096K(83580K) NonClass: 66898K(72060K)->66898K(72060K) Class: 9197K(11520K)->9197K(11520K)
[201.494s][info][gc             ] GC(202) Pause Young (System.gc()) 267M->21M(3925M) 1.064ms
[201.494s][info][gc,cpu         ] GC(202) User=0.00s Sys=0.00s Real=0.02s
[201.494s][info][gc,start       ] GC(203) Pause Full (System.gc())
[201.494s][info][gc,phases,start] GC(203) Marking Phase
[201.517s][info][gc,phases      ] GC(203) Marking Phase 23.267ms
[201.518s][info][gc,phases,start] GC(203) Summary Phase
[201.518s][info][gc,phases      ] GC(203) Summary Phase 0.009ms
[201.518s][info][gc,phases,start] GC(203) Adjust Roots
[201.539s][info][gc,phases      ] GC(203) Adjust Roots 21.617ms
[201.539s][info][gc,phases,start] GC(203) Compaction Phase
[201.547s][info][gc,phases      ] GC(203) Compaction Phase 7.899ms
[201.547s][info][gc,phases,start] GC(203) Post Compact
[201.548s][info][gc,phases      ] GC(203) Post Compact 0.640ms
[201.548s][info][gc,heap        ] GC(203) PSYoungGen: 128K->0K(1223168K)
[201.548s][info][gc,heap        ] GC(203) ParOldGen: 22355K->22353K(2796544K)
[201.548s][info][gc,metaspace   ] GC(203) Metaspace: 76096K(83580K)->76096K(83580K) NonClass: 66898K(72060K)->66898K(72060K) Class: 9197K(11520K)->9197K(11520K)
[201.548s][info][gc             ] GC(203) Pause Full (System.gc()) 21M->21M(3925M) 53.684ms
[201.548s][info][gc,cpu         ] GC(203) User=0.02s Sys=0.00s Real=0.05s
[203.268s][info][gc,start       ] GC(204) Pause Young (System.gc())
[203.269s][info][gc,heap        ] GC(204) PSYoungGen: 251726K->160K(1223168K)
[203.269s][info][gc,heap        ] GC(204) ParOldGen: 22353K->22353K(2796544K)
[203.269s][info][gc,metaspace   ] GC(204) Metaspace: 76110K(83580K)->76110K(83580K) NonClass: 66912K(72060K)->66912K(72060K) Class: 9197K(11520K)->9197K(11520K)
[203.269s][info][gc             ] GC(204) Pause Young (System.gc()) 267M->21M(3925M) 0.911ms
[203.269s][info][gc,cpu         ] GC(204) User=0.00s Sys=0.00s Real=0.02s
[203.269s][info][gc,start       ] GC(205) Pause Full (System.gc())
[203.269s][info][gc,phases,start] GC(205) Marking Phase
[203.293s][info][gc,phases      ] GC(205) Marking Phase 23.768ms
[203.293s][info][gc,phases,start] GC(205) Summary Phase
[203.293s][info][gc,phases      ] GC(205) Summary Phase 0.009ms
[203.293s][info][gc,phases,start] GC(205) Adjust Roots
[203.315s][info][gc,phases      ] GC(205) Adjust Roots 21.756ms
[203.315s][info][gc,phases,start] GC(205) Compaction Phase
[203.323s][info][gc,phases      ] GC(205) Compaction Phase 8.018ms
[203.323s][info][gc,phases,start] GC(205) Post Compact
[203.323s][info][gc,phases      ] GC(205) Post Compact 0.640ms
[203.323s][info][gc,heap        ] GC(205) PSYoungGen: 160K->0K(1223168K)
[203.323s][info][gc,heap        ] GC(205) ParOldGen: 22353K->22355K(2796544K)
[203.323s][info][gc,metaspace   ] GC(205) Metaspace: 76110K(83580K)->76110K(83580K) NonClass: 66912K(72060K)->66912K(72060K) Class: 9197K(11520K)->9197K(11520K)
[203.323s][info][gc             ] GC(205) Pause Full (System.gc()) 21M->21M(3925M) 54.453ms
[203.324s][info][gc,cpu         ] GC(205) User=0.06s Sys=0.00s Real=0.05s
[205.056s][info][gc,heap,exit   ] Heap
[205.056s][info][gc,heap,exit   ]  PSYoungGen      total 1223168K, used 335612K [0x00000007aab00000, 0x0000000800000000, 0x0000000800000000)
[205.056s][info][gc,heap,exit   ]   eden space 1048576K, 32% used [0x00000007aab00000,0x00000007bf2bf3d8,0x00000007eab00000)
[205.056s][info][gc,heap,exit   ]   from space 174592K, 0% used [0x00000007eab00000,0x00000007eab00000,0x00000007f5580000)
[205.056s][info][gc,heap,exit   ]   to   space 174592K, 0% used [0x00000007f5580000,0x00000007f5580000,0x0000000800000000)
[205.056s][info][gc,heap,exit   ]  ParOldGen       total 2796544K, used 22355K [0x0000000700000000, 0x00000007aab00000, 0x00000007aab00000)
[205.056s][info][gc,heap,exit   ]   object space 2796544K, 0% used [0x0000000700000000,0x00000007015d4fc0,0x00000007aab00000)
[205.056s][info][gc,heap,exit   ]  Metaspace       used 76146K, capacity 83492K, committed 83580K, reserved 1122304K
[205.056s][info][gc,heap,exit   ]   class space    used 9201K, capacity 11475K, committed 11520K, reserved 1048576K
