[0.013s][info][gc] Using Parallel
[0.013s][info][gc,heap,coops] Heap address: 0x0000000080000000, size: 2048 MB, Compressed Oops mode: 32-bit
[0.871s][info][gc,start     ] GC(0) Pause Young (System.gc())
[0.874s][info][gc,heap      ] GC(0) PSYoungGen: 41984K->4693K(611840K)
[0.874s][info][gc,heap      ] GC(0) ParOldGen: 0K->16K(1398272K)
[0.874s][info][gc,metaspace ] GC(0) Metaspace: 10702K(11136K)->10702K(11136K) NonClass: 9725K(9984K)->9725K(9984K) Class: 977K(1152K)->977K(1152K)
[0.874s][info][gc           ] GC(0) Pause Young (System.gc()) 41M->4M(1963M) 3.003ms
[0.874s][info][gc,cpu       ] GC(0) User=0.00s Sys=0.00s Real=0.00s
[0.874s][info][gc,start     ] GC(1) Pause Full (System.gc())
[0.877s][info][gc,phases,start] GC(1) Marking Phase
[0.880s][info][gc,phases      ] GC(1) Marking Phase 2.837ms
[0.880s][info][gc,phases,start] GC(1) Summary Phase
[0.880s][info][gc,phases      ] GC(1) Summary Phase 0.008ms
[0.880s][info][gc,phases,start] GC(1) Adjust Roots
[0.881s][info][gc,phases      ] GC(1) Adjust Roots 1.627ms
[0.881s][info][gc,phases,start] GC(1) Compaction Phase
[0.885s][info][gc,phases      ] GC(1) Compaction Phase 3.499ms
[0.885s][info][gc,phases,start] GC(1) Post Compact
[0.885s][info][gc,phases      ] GC(1) Post Compact 0.299ms
[0.885s][info][gc,heap        ] GC(1) PSYoungGen: 4693K->0K(611840K)
[0.885s][info][gc,heap        ] GC(1) ParOldGen: 16K->4476K(1398272K)
[0.885s][info][gc,metaspace   ] GC(1) Metaspace: 10702K(11136K)->10702K(11136K) NonClass: 9725K(9984K)->9725K(9984K) Class: 977K(1152K)->977K(1152K)
[0.885s][info][gc             ] GC(1) Pause Full (System.gc()) 4M->4M(1963M) 10.809ms
[0.885s][info][gc,cpu         ] GC(1) User=0.02s Sys=0.08s Real=0.01s
[1.297s][info][gc,start       ] GC(2) Pause Young (Metadata GC Threshold)
[1.299s][info][gc,heap        ] GC(2) PSYoungGen: 47237K->1943K(611840K)
[1.299s][info][gc,heap        ] GC(2) ParOldGen: 4476K->4484K(1398272K)
[1.299s][info][gc,metaspace   ] GC(2) Metaspace: 20685K(21296K)->20685K(21296K) NonClass: 18470K(18864K)->18470K(18864K) Class: 2214K(2432K)->2214K(2432K)
[1.299s][info][gc             ] GC(2) Pause Young (Metadata GC Threshold) 50M->6M(1963M) 1.985ms
[1.299s][info][gc,cpu         ] GC(2) User=0.00s Sys=0.00s Real=0.00s
[1.299s][info][gc,start       ] GC(3) Pause Full (Metadata GC Threshold)
[1.299s][info][gc,phases,start] GC(3) Marking Phase
[1.303s][info][gc,phases      ] GC(3) Marking Phase 4.260ms
[1.303s][info][gc,phases,start] GC(3) Summary Phase
[1.303s][info][gc,phases      ] GC(3) Summary Phase 0.010ms
[1.303s][info][gc,phases,start] GC(3) Adjust Roots
[1.306s][info][gc,phases      ] GC(3) Adjust Roots 3.488ms
[1.307s][info][gc,phases,start] GC(3) Compaction Phase
[1.331s][info][gc,phases      ] GC(3) Compaction Phase 24.463ms
[1.331s][info][gc,phases,start] GC(3) Post Compact
[1.332s][info][gc,phases      ] GC(3) Post Compact 0.447ms
[1.332s][info][gc,heap        ] GC(3) PSYoungGen: 1943K->0K(611840K)
[1.332s][info][gc,heap        ] GC(3) ParOldGen: 4484K->6240K(1398272K)
[1.332s][info][gc,metaspace   ] GC(3) Metaspace: 20685K(21296K)->20685K(21296K) NonClass: 18470K(18864K)->18470K(18864K) Class: 2214K(2432K)->2214K(2432K)
[1.332s][info][gc             ] GC(3) Pause Full (Metadata GC Threshold) 6M->6M(1963M) 32.939ms
[1.332s][info][gc,cpu         ] GC(3) User=0.00s Sys=0.02s Real=0.04s
[8.555s][info][gc,start       ] GC(4) Pause Young (System.gc())
[8.556s][info][gc,heap        ] GC(4) PSYoungGen: 130187K->1754K(611840K)
[8.556s][info][gc,heap        ] GC(4) ParOldGen: 6240K->6248K(1398272K)
[8.556s][info][gc,metaspace   ] GC(4) Metaspace: 22391K(23088K)->22391K(23088K) NonClass: 20036K(20400K)->20036K(20400K) Class: 2355K(2688K)->2355K(2688K)
[8.556s][info][gc             ] GC(4) Pause Young (System.gc()) 133M->7M(1963M) 0.819ms
[8.556s][info][gc,cpu         ] GC(4) User=0.00s Sys=0.00s Real=0.00s
[8.556s][info][gc,start       ] GC(5) Pause Full (System.gc())
[8.556s][info][gc,phases,start] GC(5) Marking Phase
[8.561s][info][gc,phases      ] GC(5) Marking Phase 4.745ms
[8.561s][info][gc,phases,start] GC(5) Summary Phase
[8.561s][info][gc,phases      ] GC(5) Summary Phase 0.014ms
[8.561s][info][gc,phases,start] GC(5) Adjust Roots
[8.565s][info][gc,phases      ] GC(5) Adjust Roots 3.690ms
[8.565s][info][gc,phases,start] GC(5) Compaction Phase
[8.590s][info][gc,phases      ] GC(5) Compaction Phase 25.166ms
[8.590s][info][gc,phases,start] GC(5) Post Compact
[8.590s][info][gc,phases      ] GC(5) Post Compact 0.389ms
[8.590s][info][gc,heap        ] GC(5) PSYoungGen: 1754K->0K(611840K)
[8.590s][info][gc,heap        ] GC(5) ParOldGen: 6248K->7804K(1398272K)
[8.590s][info][gc,metaspace   ] GC(5) Metaspace: 22391K(23088K)->22391K(23088K) NonClass: 20036K(20400K)->20036K(20400K) Class: 2355K(2688K)->2355K(2688K)
[8.590s][info][gc             ] GC(5) Pause Full (System.gc()) 7M->7M(1963M) 34.296ms
[8.590s][info][gc,cpu         ] GC(5) User=0.06s Sys=0.00s Real=0.03s
[8.600s][info][gc,start       ] GC(6) Pause Young (System.gc())
[8.601s][info][gc,heap        ] GC(6) PSYoungGen: 20992K->128K(611840K)
[8.601s][info][gc,heap        ] GC(6) ParOldGen: 7804K->7804K(1398272K)
[8.601s][info][gc,metaspace   ] GC(6) Metaspace: 22457K(23344K)->22457K(23344K) NonClass: 20097K(20656K)->20097K(20656K) Class: 2359K(2688K)->2359K(2688K)
[8.601s][info][gc             ] GC(6) Pause Young (System.gc()) 28M->7M(1963M) 0.721ms
[8.601s][info][gc,cpu         ] GC(6) User=0.00s Sys=0.00s Real=0.00s
[8.601s][info][gc,start       ] GC(7) Pause Full (System.gc())
[8.601s][info][gc,phases,start] GC(7) Marking Phase
[8.606s][info][gc,phases      ] GC(7) Marking Phase 5.512ms
[8.606s][info][gc,phases,start] GC(7) Summary Phase
[8.606s][info][gc,phases      ] GC(7) Summary Phase 0.009ms
[8.606s][info][gc,phases,start] GC(7) Adjust Roots
[8.610s][info][gc,phases      ] GC(7) Adjust Roots 3.368ms
[8.610s][info][gc,phases,start] GC(7) Compaction Phase
[8.621s][info][gc,phases      ] GC(7) Compaction Phase 11.728ms
[8.622s][info][gc,phases,start] GC(7) Post Compact
[8.622s][info][gc,phases      ] GC(7) Post Compact 0.378ms
[8.622s][info][gc,heap        ] GC(7) PSYoungGen: 128K->0K(611840K)
[8.622s][info][gc,heap        ] GC(7) ParOldGen: 7804K->7696K(1398272K)
[8.622s][info][gc,metaspace   ] GC(7) Metaspace: 22457K(23344K)->22457K(23344K) NonClass: 20097K(20656K)->20097K(20656K) Class: 2359K(2688K)->2359K(2688K)
[8.622s][info][gc             ] GC(7) Pause Full (System.gc()) 7M->7M(1963M) 21.324ms
[8.622s][info][gc,cpu         ] GC(7) User=0.16s Sys=0.02s Real=0.03s
[15.551s][info][gc,start       ] GC(8) Pause Young (System.gc())
[15.551s][info][gc,heap        ] GC(8) PSYoungGen: 64922K->1836K(611840K)
[15.552s][info][gc,heap        ] GC(8) ParOldGen: 7696K->7704K(1398272K)
[15.552s][info][gc,metaspace   ] GC(8) Metaspace: 22586K(23344K)->22586K(23344K) NonClass: 20226K(20656K)->20226K(20656K) Class: 2359K(2688K)->2359K(2688K)
[15.552s][info][gc             ] GC(8) Pause Young (System.gc()) 70M->9M(1963M) 0.901ms
[15.552s][info][gc,cpu         ] GC(8) User=0.00s Sys=0.00s Real=0.00s
[15.552s][info][gc,start       ] GC(9) Pause Full (System.gc())
[15.552s][info][gc,phases,start] GC(9) Marking Phase
[15.557s][info][gc,phases      ] GC(9) Marking Phase 5.020ms
[15.557s][info][gc,phases,start] GC(9) Summary Phase
[15.557s][info][gc,phases      ] GC(9) Summary Phase 0.009ms
[15.557s][info][gc,phases,start] GC(9) Adjust Roots
[15.560s][info][gc,phases      ] GC(9) Adjust Roots 3.221ms
[15.560s][info][gc,phases,start] GC(9) Compaction Phase
[15.583s][info][gc,phases      ] GC(9) Compaction Phase 23.300ms
[15.583s][info][gc,phases,start] GC(9) Post Compact
[15.584s][info][gc,phases      ] GC(9) Post Compact 0.342ms
[15.584s][info][gc,heap        ] GC(9) PSYoungGen: 1836K->0K(611840K)
[15.584s][info][gc,heap        ] GC(9) ParOldGen: 7704K->7898K(1398272K)
[15.584s][info][gc,metaspace   ] GC(9) Metaspace: 22586K(23344K)->22586K(23344K) NonClass: 20226K(20656K)->20226K(20656K) Class: 2359K(2688K)->2359K(2688K)
[15.584s][info][gc             ] GC(9) Pause Full (System.gc()) 9M->7M(1963M) 32.248ms
[15.584s][info][gc,cpu         ] GC(9) User=0.02s Sys=0.00s Real=0.03s
[15.590s][info][gc,start       ] GC(10) Pause Young (System.gc())
[15.590s][info][gc,heap        ] GC(10) PSYoungGen: 20992K->64K(611840K)
[15.590s][info][gc,heap        ] GC(10) ParOldGen: 7898K->7898K(1398272K)
[15.590s][info][gc,metaspace   ] GC(10) Metaspace: 22586K(23344K)->22586K(23344K) NonClass: 20226K(20656K)->20226K(20656K) Class: 2359K(2688K)->2359K(2688K)
[15.590s][info][gc             ] GC(10) Pause Young (System.gc()) 28M->7M(1963M) 0.410ms
[15.590s][info][gc,cpu         ] GC(10) User=0.00s Sys=0.00s Real=0.00s
[15.590s][info][gc,start       ] GC(11) Pause Full (System.gc())
[15.590s][info][gc,phases,start] GC(11) Marking Phase
[15.595s][info][gc,phases      ] GC(11) Marking Phase 4.980ms
[15.595s][info][gc,phases,start] GC(11) Summary Phase
[15.595s][info][gc,phases      ] GC(11) Summary Phase 0.009ms
[15.595s][info][gc,phases,start] GC(11) Adjust Roots
[15.598s][info][gc,phases      ] GC(11) Adjust Roots 2.236ms
[15.598s][info][gc,phases,start] GC(11) Compaction Phase
[15.602s][info][gc,phases      ] GC(11) Compaction Phase 4.161ms
[15.602s][info][gc,phases,start] GC(11) Post Compact
[15.602s][info][gc,phases      ] GC(11) Post Compact 0.267ms
[15.602s][info][gc,heap        ] GC(11) PSYoungGen: 64K->0K(611840K)
[15.602s][info][gc,heap        ] GC(11) ParOldGen: 7898K->7783K(1398272K)
[15.602s][info][gc,metaspace   ] GC(11) Metaspace: 22586K(23344K)->22586K(23344K) NonClass: 20226K(20656K)->20226K(20656K) Class: 2359K(2688K)->2359K(2688K)
[15.602s][info][gc             ] GC(11) Pause Full (System.gc()) 7M->7M(1963M) 11.859ms
[15.602s][info][gc,cpu         ] GC(11) User=0.09s Sys=0.00s Real=0.01s
[22.528s][info][gc,start       ] GC(12) Pause Young (System.gc())
[22.529s][info][gc,heap        ] GC(12) PSYoungGen: 63563K->1805K(611840K)
[22.529s][info][gc,heap        ] GC(12) ParOldGen: 7783K->7791K(1398272K)
[22.529s][info][gc,metaspace   ] GC(12) Metaspace: 22654K(23344K)->22654K(23344K) NonClass: 20294K(20656K)->20294K(20656K) Class: 2359K(2688K)->2359K(2688K)
[22.529s][info][gc             ] GC(12) Pause Young (System.gc()) 69M->9M(1963M) 1.114ms
[22.529s][info][gc,cpu         ] GC(12) User=0.00s Sys=0.00s Real=0.00s
[22.529s][info][gc,start       ] GC(13) Pause Full (System.gc())
[22.529s][info][gc,phases,start] GC(13) Marking Phase
[22.534s][info][gc,phases      ] GC(13) Marking Phase 4.946ms
[22.534s][info][gc,phases,start] GC(13) Summary Phase
[22.534s][info][gc,phases      ] GC(13) Summary Phase 0.010ms
[22.534s][info][gc,phases,start] GC(13) Adjust Roots
[22.537s][info][gc,phases      ] GC(13) Adjust Roots 2.924ms
[22.537s][info][gc,phases,start] GC(13) Compaction Phase
[22.561s][info][gc,phases      ] GC(13) Compaction Phase 23.662ms
[22.561s][info][gc,phases,start] GC(13) Post Compact
[22.562s][info][gc,phases      ] GC(13) Post Compact 0.613ms
[22.562s][info][gc,heap        ] GC(13) PSYoungGen: 1805K->0K(611840K)
[22.562s][info][gc,heap        ] GC(13) ParOldGen: 7791K->7906K(1398272K)
[22.562s][info][gc,metaspace   ] GC(13) Metaspace: 22654K(23344K)->22654K(23344K) NonClass: 20294K(20656K)->20294K(20656K) Class: 2359K(2688K)->2359K(2688K)
[22.562s][info][gc             ] GC(13) Pause Full (System.gc()) 9M->7M(1963M) 32.461ms
[22.562s][info][gc,cpu         ] GC(13) User=0.08s Sys=0.02s Real=0.03s
[22.570s][info][gc,start       ] GC(14) Pause Young (System.gc())
[22.570s][info][gc,heap        ] GC(14) PSYoungGen: 17493K->96K(611840K)
[22.570s][info][gc,heap        ] GC(14) ParOldGen: 7906K->7906K(1398272K)
[22.570s][info][gc,metaspace   ] GC(14) Metaspace: 22658K(23344K)->22658K(23344K) NonClass: 20298K(20656K)->20298K(20656K) Class: 2359K(2688K)->2359K(2688K)
[22.570s][info][gc             ] GC(14) Pause Young (System.gc()) 24M->7M(1963M) 0.591ms
[22.570s][info][gc,cpu         ] GC(14) User=0.00s Sys=0.02s Real=0.00s
[22.570s][info][gc,start       ] GC(15) Pause Full (System.gc())
[22.570s][info][gc,phases,start] GC(15) Marking Phase
[22.575s][info][gc,phases      ] GC(15) Marking Phase 5.015ms
[22.576s][info][gc,phases,start] GC(15) Summary Phase
[22.576s][info][gc,phases      ] GC(15) Summary Phase 0.014ms
[22.576s][info][gc,phases,start] GC(15) Adjust Roots
[22.578s][info][gc,phases      ] GC(15) Adjust Roots 2.459ms
[22.578s][info][gc,phases,start] GC(15) Compaction Phase
[22.582s][info][gc,phases      ] GC(15) Compaction Phase 3.816ms
[22.582s][info][gc,phases,start] GC(15) Post Compact
[22.582s][info][gc,phases      ] GC(15) Post Compact 0.293ms
[22.582s][info][gc,heap        ] GC(15) PSYoungGen: 96K->0K(611840K)
[22.582s][info][gc,heap        ] GC(15) ParOldGen: 7906K->7778K(1398272K)
[22.582s][info][gc,metaspace   ] GC(15) Metaspace: 22658K(23344K)->22658K(23344K) NonClass: 20298K(20656K)->20298K(20656K) Class: 2359K(2688K)->2359K(2688K)
[22.582s][info][gc             ] GC(15) Pause Full (System.gc()) 7M->7M(1963M) 11.890ms
[22.582s][info][gc,cpu         ] GC(15) User=0.02s Sys=0.00s Real=0.02s
[29.502s][info][gc,start       ] GC(16) Pause Young (System.gc())
[29.503s][info][gc,heap        ] GC(16) PSYoungGen: 53024K->1806K(611840K)
[29.503s][info][gc,heap        ] GC(16) ParOldGen: 7778K->7778K(1398272K)
[29.503s][info][gc,metaspace   ] GC(16) Metaspace: 22720K(23344K)->22720K(23344K) NonClass: 20360K(20656K)->20360K(20656K) Class: 2359K(2688K)->2359K(2688K)
[29.503s][info][gc             ] GC(16) Pause Young (System.gc()) 59M->9M(1963M) 0.888ms
[29.503s][info][gc,cpu         ] GC(16) User=0.00s Sys=0.00s Real=0.00s
[29.503s][info][gc,start       ] GC(17) Pause Full (System.gc())
[29.503s][info][gc,phases,start] GC(17) Marking Phase
[29.509s][info][gc,phases      ] GC(17) Marking Phase 5.322ms
[29.509s][info][gc,phases,start] GC(17) Summary Phase
[29.509s][info][gc,phases      ] GC(17) Summary Phase 0.009ms
[29.509s][info][gc,phases,start] GC(17) Adjust Roots
[29.511s][info][gc,phases      ] GC(17) Adjust Roots 2.509ms
[29.511s][info][gc,phases,start] GC(17) Compaction Phase
[29.515s][info][gc,phases      ] GC(17) Compaction Phase 3.634ms
[29.515s][info][gc,phases,start] GC(17) Post Compact
[29.515s][info][gc,phases      ] GC(17) Post Compact 0.280ms
[29.515s][info][gc,heap        ] GC(17) PSYoungGen: 1806K->0K(611840K)
[29.515s][info][gc,heap        ] GC(17) ParOldGen: 7778K->7911K(1398272K)
[29.515s][info][gc,metaspace   ] GC(17) Metaspace: 22720K(23344K)->22720K(23344K) NonClass: 20360K(20656K)->20360K(20656K) Class: 2359K(2688K)->2359K(2688K)
[29.515s][info][gc             ] GC(17) Pause Full (System.gc()) 9M->7M(1963M) 11.967ms
[29.515s][info][gc,cpu         ] GC(17) User=0.02s Sys=0.00s Real=0.01s
[29.522s][info][gc,start       ] GC(18) Pause Young (System.gc())
[29.522s][info][gc,heap        ] GC(18) PSYoungGen: 17493K->96K(611840K)
[29.522s][info][gc,heap        ] GC(18) ParOldGen: 7911K->7911K(1398272K)
[29.522s][info][gc,metaspace   ] GC(18) Metaspace: 22721K(23344K)->22721K(23344K) NonClass: 20361K(20656K)->20361K(20656K) Class: 2359K(2688K)->2359K(2688K)
[29.522s][info][gc             ] GC(18) Pause Young (System.gc()) 24M->7M(1963M) 0.603ms
[29.522s][info][gc,cpu         ] GC(18) User=0.00s Sys=0.00s Real=0.00s
[29.522s][info][gc,start       ] GC(19) Pause Full (System.gc())
[29.522s][info][gc,phases,start] GC(19) Marking Phase
[29.528s][info][gc,phases      ] GC(19) Marking Phase 5.605ms
[29.528s][info][gc,phases,start] GC(19) Summary Phase
[29.528s][info][gc,phases      ] GC(19) Summary Phase 0.011ms
[29.528s][info][gc,phases,start] GC(19) Adjust Roots
[29.530s][info][gc,phases      ] GC(19) Adjust Roots 2.494ms
[29.530s][info][gc,phases,start] GC(19) Compaction Phase
[29.535s][info][gc,phases      ] GC(19) Compaction Phase 4.527ms
[29.535s][info][gc,phases,start] GC(19) Post Compact
[29.535s][info][gc,phases      ] GC(19) Post Compact 0.279ms
[29.535s][info][gc,heap        ] GC(19) PSYoungGen: 96K->0K(611840K)
[29.535s][info][gc,heap        ] GC(19) ParOldGen: 7911K->7796K(1398272K)
[29.535s][info][gc,metaspace   ] GC(19) Metaspace: 22721K(23344K)->22721K(23344K) NonClass: 20361K(20656K)->20361K(20656K) Class: 2359K(2688K)->2359K(2688K)
[29.535s][info][gc             ] GC(19) Pause Full (System.gc()) 7M->7M(1963M) 13.133ms
[29.535s][info][gc,cpu         ] GC(19) User=0.08s Sys=0.00s Real=0.01s
[36.447s][info][gc,start       ] GC(20) Pause Young (System.gc())
[36.448s][info][gc,heap        ] GC(20) PSYoungGen: 63521K->1790K(611840K)
[36.448s][info][gc,heap        ] GC(20) ParOldGen: 7796K->7804K(1398272K)
[36.448s][info][gc,metaspace   ] GC(20) Metaspace: 22756K(23600K)->22756K(23600K) NonClass: 20396K(20912K)->20396K(20912K) Class: 2359K(2688K)->2359K(2688K)
[36.448s][info][gc             ] GC(20) Pause Young (System.gc()) 69M->9M(1963M) 0.863ms
[36.448s][info][gc,cpu         ] GC(20) User=0.00s Sys=0.00s Real=0.00s
[36.448s][info][gc,start       ] GC(21) Pause Full (System.gc())
[36.448s][info][gc,phases,start] GC(21) Marking Phase
[36.453s][info][gc,phases      ] GC(21) Marking Phase 5.105ms
[36.453s][info][gc,phases,start] GC(21) Summary Phase
[36.453s][info][gc,phases      ] GC(21) Summary Phase 0.009ms
[36.453s][info][gc,phases,start] GC(21) Adjust Roots
[36.455s][info][gc,phases      ] GC(21) Adjust Roots 2.114ms
[36.455s][info][gc,phases,start] GC(21) Compaction Phase
[36.458s][info][gc,phases      ] GC(21) Compaction Phase 2.991ms
[36.458s][info][gc,phases,start] GC(21) Post Compact
[36.458s][info][gc,phases      ] GC(21) Post Compact 0.294ms
[36.458s][info][gc,heap        ] GC(21) PSYoungGen: 1790K->0K(611840K)
[36.458s][info][gc,heap        ] GC(21) ParOldGen: 7804K->7913K(1398272K)
[36.458s][info][gc,metaspace   ] GC(21) Metaspace: 22756K(23600K)->22756K(23600K) NonClass: 20396K(20912K)->20396K(20912K) Class: 2359K(2688K)->2359K(2688K)
[36.458s][info][gc             ] GC(21) Pause Full (System.gc()) 9M->7M(1963M) 10.727ms
[36.458s][info][gc,cpu         ] GC(21) User=0.00s Sys=0.00s Real=0.01s
[36.464s][info][gc,start       ] GC(22) Pause Young (System.gc())
[36.464s][info][gc,heap        ] GC(22) PSYoungGen: 17493K->96K(611840K)
[36.464s][info][gc,heap        ] GC(22) ParOldGen: 7913K->7913K(1398272K)
[36.464s][info][gc,metaspace   ] GC(22) Metaspace: 22757K(23600K)->22757K(23600K) NonClass: 20397K(20912K)->20397K(20912K) Class: 2359K(2688K)->2359K(2688K)
[36.464s][info][gc             ] GC(22) Pause Young (System.gc()) 24M->7M(1963M) 0.445ms
[36.464s][info][gc,cpu         ] GC(22) User=0.00s Sys=0.00s Real=0.00s
[36.464s][info][gc,start       ] GC(23) Pause Full (System.gc())
[36.464s][info][gc,phases,start] GC(23) Marking Phase
[36.469s][info][gc,phases      ] GC(23) Marking Phase 5.254ms
[36.469s][info][gc,phases,start] GC(23) Summary Phase
[36.469s][info][gc,phases      ] GC(23) Summary Phase 0.009ms
[36.469s][info][gc,phases,start] GC(23) Adjust Roots
[36.472s][info][gc,phases      ] GC(23) Adjust Roots 2.091ms
[36.472s][info][gc,phases,start] GC(23) Compaction Phase
[36.475s][info][gc,phases      ] GC(23) Compaction Phase 3.217ms
[36.475s][info][gc,phases,start] GC(23) Post Compact
[36.475s][info][gc,phases      ] GC(23) Post Compact 0.296ms
[36.475s][info][gc,heap        ] GC(23) PSYoungGen: 96K->0K(611840K)
[36.475s][info][gc,heap        ] GC(23) ParOldGen: 7913K->7811K(1398272K)
[36.475s][info][gc,metaspace   ] GC(23) Metaspace: 22757K(23600K)->22757K(23600K) NonClass: 20397K(20912K)->20397K(20912K) Class: 2359K(2688K)->2359K(2688K)
[36.475s][info][gc             ] GC(23) Pause Full (System.gc()) 7M->7M(1963M) 11.082ms
[36.475s][info][gc,cpu         ] GC(23) User=0.00s Sys=0.00s Real=0.01s
[43.377s][info][gc,start       ] GC(24) Pause Young (System.gc())
[43.378s][info][gc,heap        ] GC(24) PSYoungGen: 63520K->1789K(611840K)
[43.378s][info][gc,heap        ] GC(24) ParOldGen: 7811K->7819K(1398272K)
[43.378s][info][gc,metaspace   ] GC(24) Metaspace: 22795K(23600K)->22795K(23600K) NonClass: 20435K(20912K)->20435K(20912K) Class: 2359K(2688K)->2359K(2688K)
[43.378s][info][gc             ] GC(24) Pause Young (System.gc()) 69M->9M(1963M) 0.824ms
[43.378s][info][gc,cpu         ] GC(24) User=0.00s Sys=0.00s Real=0.00s
[43.378s][info][gc,start       ] GC(25) Pause Full (System.gc())
[43.378s][info][gc,phases,start] GC(25) Marking Phase
[43.383s][info][gc,phases      ] GC(25) Marking Phase 4.916ms
[43.383s][info][gc,phases,start] GC(25) Summary Phase
[43.383s][info][gc,phases      ] GC(25) Summary Phase 0.009ms
[43.383s][info][gc,phases,start] GC(25) Adjust Roots
[43.385s][info][gc,phases      ] GC(25) Adjust Roots 2.157ms
[43.385s][info][gc,phases,start] GC(25) Compaction Phase
[43.388s][info][gc,phases      ] GC(25) Compaction Phase 3.383ms
[43.389s][info][gc,phases,start] GC(25) Post Compact
[43.389s][info][gc,phases      ] GC(25) Post Compact 0.284ms
[43.389s][info][gc,heap        ] GC(25) PSYoungGen: 1789K->0K(611840K)
[43.389s][info][gc,heap        ] GC(25) ParOldGen: 7819K->7916K(1398272K)
[43.389s][info][gc,metaspace   ] GC(25) Metaspace: 22795K(23600K)->22795K(23600K) NonClass: 20435K(20912K)->20435K(20912K) Class: 2359K(2688K)->2359K(2688K)
[43.389s][info][gc             ] GC(25) Pause Full (System.gc()) 9M->7M(1963M) 10.968ms
[43.389s][info][gc,cpu         ] GC(25) User=0.02s Sys=0.00s Real=0.01s
[43.396s][info][gc,start       ] GC(26) Pause Young (System.gc())
[43.396s][info][gc,heap        ] GC(26) PSYoungGen: 17493K->64K(611840K)
[43.396s][info][gc,heap        ] GC(26) ParOldGen: 7916K->7916K(1398272K)
[43.396s][info][gc,metaspace   ] GC(26) Metaspace: 22797K(23600K)->22797K(23600K) NonClass: 20437K(20912K)->20437K(20912K) Class: 2359K(2688K)->2359K(2688K)
[43.396s][info][gc             ] GC(26) Pause Young (System.gc()) 24M->7M(1963M) 0.401ms
[43.396s][info][gc,cpu         ] GC(26) User=0.00s Sys=0.00s Real=0.00s
[43.396s][info][gc,start       ] GC(27) Pause Full (System.gc())
[43.396s][info][gc,phases,start] GC(27) Marking Phase
[43.401s][info][gc,phases      ] GC(27) Marking Phase 5.276ms
[43.402s][info][gc,phases,start] GC(27) Summary Phase
[43.402s][info][gc,phases      ] GC(27) Summary Phase 0.009ms
[43.402s][info][gc,phases,start] GC(27) Adjust Roots
[43.404s][info][gc,phases      ] GC(27) Adjust Roots 2.123ms
[43.404s][info][gc,phases,start] GC(27) Compaction Phase
[43.407s][info][gc,phases      ] GC(27) Compaction Phase 2.859ms
[43.407s][info][gc,phases,start] GC(27) Post Compact
[43.407s][info][gc,phases      ] GC(27) Post Compact 0.297ms
[43.407s][info][gc,heap        ] GC(27) PSYoungGen: 64K->0K(611840K)
[43.407s][info][gc,heap        ] GC(27) ParOldGen: 7916K->7793K(1398272K)
[43.407s][info][gc,metaspace   ] GC(27) Metaspace: 22797K(23600K)->22797K(23600K) NonClass: 20437K(20912K)->20437K(20912K) Class: 2359K(2688K)->2359K(2688K)
[43.407s][info][gc             ] GC(27) Pause Full (System.gc()) 7M->7M(1963M) 10.777ms
[43.407s][info][gc,cpu         ] GC(27) User=0.06s Sys=0.02s Real=0.01s
[50.323s][info][gc,start       ] GC(28) Pause Young (System.gc())
[50.324s][info][gc,heap        ] GC(28) PSYoungGen: 63520K->1822K(611840K)
[50.324s][info][gc,heap        ] GC(28) ParOldGen: 7793K->7801K(1398272K)
[50.324s][info][gc,metaspace   ] GC(28) Metaspace: 22822K(23600K)->22822K(23600K) NonClass: 20462K(20912K)->20462K(20912K) Class: 2359K(2688K)->2359K(2688K)
[50.324s][info][gc             ] GC(28) Pause Young (System.gc()) 69M->9M(1963M) 1.094ms
[50.324s][info][gc,cpu         ] GC(28) User=0.00s Sys=0.00s Real=0.00s
[50.324s][info][gc,start       ] GC(29) Pause Full (System.gc())
[50.324s][info][gc,phases,start] GC(29) Marking Phase
[50.329s][info][gc,phases      ] GC(29) Marking Phase 5.096ms
[50.329s][info][gc,phases,start] GC(29) Summary Phase
[50.329s][info][gc,phases      ] GC(29) Summary Phase 0.009ms
[50.329s][info][gc,phases,start] GC(29) Adjust Roots
[50.332s][info][gc,phases      ] GC(29) Adjust Roots 2.219ms
[50.332s][info][gc,phases,start] GC(29) Compaction Phase
[50.334s][info][gc,phases      ] GC(29) Compaction Phase 2.909ms
[50.335s][info][gc,phases,start] GC(29) Post Compact
[50.335s][info][gc,phases      ] GC(29) Post Compact 0.277ms
[50.335s][info][gc,heap        ] GC(29) PSYoungGen: 1822K->0K(611840K)
[50.335s][info][gc,heap        ] GC(29) ParOldGen: 7801K->7919K(1398272K)
[50.335s][info][gc,metaspace   ] GC(29) Metaspace: 22822K(23600K)->22822K(23600K) NonClass: 20462K(20912K)->20462K(20912K) Class: 2359K(2688K)->2359K(2688K)
[50.335s][info][gc             ] GC(29) Pause Full (System.gc()) 9M->7M(1963M) 10.759ms
[50.335s][info][gc,cpu         ] GC(29) User=0.00s Sys=0.00s Real=0.01s
[50.341s][info][gc,start       ] GC(30) Pause Young (System.gc())
[50.341s][info][gc,heap        ] GC(30) PSYoungGen: 17493K->64K(611840K)
[50.341s][info][gc,heap        ] GC(30) ParOldGen: 7919K->7919K(1398272K)
[50.341s][info][gc,metaspace   ] GC(30) Metaspace: 22822K(23600K)->22822K(23600K) NonClass: 20462K(20912K)->20462K(20912K) Class: 2359K(2688K)->2359K(2688K)
[50.341s][info][gc             ] GC(30) Pause Young (System.gc()) 24M->7M(1963M) 0.432ms
[50.341s][info][gc,cpu         ] GC(30) User=0.00s Sys=0.00s Real=0.00s
[50.341s][info][gc,start       ] GC(31) Pause Full (System.gc())
[50.341s][info][gc,phases,start] GC(31) Marking Phase
[50.346s][info][gc,phases      ] GC(31) Marking Phase 4.939ms
[50.346s][info][gc,phases,start] GC(31) Summary Phase
[50.346s][info][gc,phases      ] GC(31) Summary Phase 0.009ms
[50.346s][info][gc,phases,start] GC(31) Adjust Roots
[50.349s][info][gc,phases      ] GC(31) Adjust Roots 2.184ms
[50.349s][info][gc,phases,start] GC(31) Compaction Phase
[50.351s][info][gc,phases      ] GC(31) Compaction Phase 2.615ms
[50.351s][info][gc,phases,start] GC(31) Post Compact
[50.352s][info][gc,phases      ] GC(31) Post Compact 0.271ms
[50.352s][info][gc,heap        ] GC(31) PSYoungGen: 64K->0K(611840K)
[50.352s][info][gc,heap        ] GC(31) ParOldGen: 7919K->7801K(1398272K)
[50.352s][info][gc,metaspace   ] GC(31) Metaspace: 22822K(23600K)->22822K(23600K) NonClass: 20462K(20912K)->20462K(20912K) Class: 2359K(2688K)->2359K(2688K)
[50.352s][info][gc             ] GC(31) Pause Full (System.gc()) 7M->7M(1963M) 10.253ms
[50.352s][info][gc,cpu         ] GC(31) User=0.09s Sys=0.00s Real=0.01s
[57.255s][info][gc,start       ] GC(32) Pause Young (System.gc())
[57.256s][info][gc,heap        ] GC(32) PSYoungGen: 63520K->1869K(611840K)
[57.256s][info][gc,heap        ] GC(32) ParOldGen: 7801K->7809K(1398272K)
[57.256s][info][gc,metaspace   ] GC(32) Metaspace: 22846K(23600K)->22846K(23600K) NonClass: 20486K(20912K)->20486K(20912K) Class: 2359K(2688K)->2359K(2688K)
[57.256s][info][gc             ] GC(32) Pause Young (System.gc()) 69M->9M(1963M) 0.843ms
[57.256s][info][gc,cpu         ] GC(32) User=0.00s Sys=0.00s Real=0.00s
[57.256s][info][gc,start       ] GC(33) Pause Full (System.gc())
[57.256s][info][gc,phases,start] GC(33) Marking Phase
[57.261s][info][gc,phases      ] GC(33) Marking Phase 5.162ms
[57.261s][info][gc,phases,start] GC(33) Summary Phase
[57.261s][info][gc,phases      ] GC(33) Summary Phase 0.009ms
[57.261s][info][gc,phases,start] GC(33) Adjust Roots
[57.264s][info][gc,phases      ] GC(33) Adjust Roots 2.229ms
[57.264s][info][gc,phases,start] GC(33) Compaction Phase
[57.267s][info][gc,phases      ] GC(33) Compaction Phase 2.968ms
[57.267s][info][gc,phases,start] GC(33) Post Compact
[57.267s][info][gc,phases      ] GC(33) Post Compact 0.277ms
[57.267s][info][gc,heap        ] GC(33) PSYoungGen: 1869K->0K(611840K)
[57.267s][info][gc,heap        ] GC(33) ParOldGen: 7809K->7921K(1398272K)
[57.267s][info][gc,metaspace   ] GC(33) Metaspace: 22846K(23600K)->22846K(23600K) NonClass: 20486K(20912K)->20486K(20912K) Class: 2359K(2688K)->2359K(2688K)
[57.267s][info][gc             ] GC(33) Pause Full (System.gc()) 9M->7M(1963M) 10.853ms
[57.267s][info][gc,cpu         ] GC(33) User=0.09s Sys=0.00s Real=0.01s
[57.275s][info][gc,start       ] GC(34) Pause Young (System.gc())
[57.276s][info][gc,heap        ] GC(34) PSYoungGen: 17493K->128K(611840K)
[57.276s][info][gc,heap        ] GC(34) ParOldGen: 7921K->7921K(1398272K)
[57.276s][info][gc,metaspace   ] GC(34) Metaspace: 22852K(23600K)->22852K(23600K) NonClass: 20492K(20912K)->20492K(20912K) Class: 2360K(2688K)->2360K(2688K)
[57.276s][info][gc             ] GC(34) Pause Young (System.gc()) 24M->7M(1963M) 0.426ms
[57.276s][info][gc,cpu         ] GC(34) User=0.00s Sys=0.00s Real=0.00s
[57.276s][info][gc,start       ] GC(35) Pause Full (System.gc())
[57.276s][info][gc,phases,start] GC(35) Marking Phase
[57.281s][info][gc,phases      ] GC(35) Marking Phase 5.018ms
[57.281s][info][gc,phases,start] GC(35) Summary Phase
[57.281s][info][gc,phases      ] GC(35) Summary Phase 0.009ms
[57.281s][info][gc,phases,start] GC(35) Adjust Roots
[57.284s][info][gc,phases      ] GC(35) Adjust Roots 2.744ms
[57.284s][info][gc,phases,start] GC(35) Compaction Phase
[57.287s][info][gc,phases      ] GC(35) Compaction Phase 3.791ms
[57.287s][info][gc,phases,start] GC(35) Post Compact
[57.288s][info][gc,phases      ] GC(35) Post Compact 0.293ms
[57.288s][info][gc,heap        ] GC(35) PSYoungGen: 128K->0K(611840K)
[57.288s][info][gc,heap        ] GC(35) ParOldGen: 7921K->7795K(1398272K)
[57.288s][info][gc,metaspace   ] GC(35) Metaspace: 22852K(23600K)->22852K(23600K) NonClass: 20492K(20912K)->20492K(20912K) Class: 2360K(2688K)->2360K(2688K)
[57.288s][info][gc             ] GC(35) Pause Full (System.gc()) 7M->7M(1963M) 12.089ms
[57.288s][info][gc,cpu         ] GC(35) User=0.00s Sys=0.00s Real=0.02s
[64.190s][info][gc,start       ] GC(36) Pause Young (System.gc())
[64.191s][info][gc,heap        ] GC(36) PSYoungGen: 63515K->1804K(611840K)
[64.191s][info][gc,heap        ] GC(36) ParOldGen: 7795K->7803K(1398272K)
[64.191s][info][gc,metaspace   ] GC(36) Metaspace: 22901K(23600K)->22901K(23600K) NonClass: 20541K(20912K)->20541K(20912K) Class: 2360K(2688K)->2360K(2688K)
[64.191s][info][gc             ] GC(36) Pause Young (System.gc()) 69M->9M(1963M) 1.020ms
[64.191s][info][gc,cpu         ] GC(36) User=0.00s Sys=0.00s Real=0.00s
[64.191s][info][gc,start       ] GC(37) Pause Full (System.gc())
[64.191s][info][gc,phases,start] GC(37) Marking Phase
[64.197s][info][gc,phases      ] GC(37) Marking Phase 5.568ms
[64.197s][info][gc,phases,start] GC(37) Summary Phase
[64.197s][info][gc,phases      ] GC(37) Summary Phase 0.009ms
[64.197s][info][gc,phases,start] GC(37) Adjust Roots
[64.199s][info][gc,phases      ] GC(37) Adjust Roots 2.300ms
[64.199s][info][gc,phases,start] GC(37) Compaction Phase
[64.202s][info][gc,phases      ] GC(37) Compaction Phase 2.950ms
[64.202s][info][gc,phases,start] GC(37) Post Compact
[64.202s][info][gc,phases      ] GC(37) Post Compact 0.340ms
[64.202s][info][gc,heap        ] GC(37) PSYoungGen: 1804K->0K(611840K)
[64.202s][info][gc,heap        ] GC(37) ParOldGen: 7803K->7924K(1398272K)
[64.202s][info][gc,metaspace   ] GC(37) Metaspace: 22901K(23600K)->22901K(23600K) NonClass: 20541K(20912K)->20541K(20912K) Class: 2360K(2688K)->2360K(2688K)
[64.202s][info][gc             ] GC(37) Pause Full (System.gc()) 9M->7M(1963M) 11.434ms
[64.202s][info][gc,cpu         ] GC(37) User=0.02s Sys=0.00s Real=0.01s
[64.208s][info][gc,start       ] GC(38) Pause Young (System.gc())
[64.208s][info][gc,heap        ] GC(38) PSYoungGen: 17493K->96K(611840K)
[64.208s][info][gc,heap        ] GC(38) ParOldGen: 7924K->7924K(1398272K)
[64.208s][info][gc,metaspace   ] GC(38) Metaspace: 22901K(23600K)->22901K(23600K) NonClass: 20541K(20912K)->20541K(20912K) Class: 2360K(2688K)->2360K(2688K)
[64.208s][info][gc             ] GC(38) Pause Young (System.gc()) 24M->7M(1963M) 0.451ms
[64.208s][info][gc,cpu         ] GC(38) User=0.00s Sys=0.00s Real=0.00s
[64.208s][info][gc,start       ] GC(39) Pause Full (System.gc())
[64.208s][info][gc,phases,start] GC(39) Marking Phase
[64.214s][info][gc,phases      ] GC(39) Marking Phase 5.922ms
[64.214s][info][gc,phases,start] GC(39) Summary Phase
[64.214s][info][gc,phases      ] GC(39) Summary Phase 0.022ms
[64.214s][info][gc,phases,start] GC(39) Adjust Roots
[64.216s][info][gc,phases      ] GC(39) Adjust Roots 2.255ms
[64.216s][info][gc,phases,start] GC(39) Compaction Phase
[64.219s][info][gc,phases      ] GC(39) Compaction Phase 2.874ms
[64.219s][info][gc,phases,start] GC(39) Post Compact
[64.220s][info][gc,phases      ] GC(39) Post Compact 0.288ms
[64.220s][info][gc,heap        ] GC(39) PSYoungGen: 96K->0K(611840K)
[64.220s][info][gc,heap        ] GC(39) ParOldGen: 7924K->7815K(1398272K)
[64.220s][info][gc,metaspace   ] GC(39) Metaspace: 22901K(23600K)->22901K(23600K) NonClass: 20541K(20912K)->20541K(20912K) Class: 2360K(2688K)->2360K(2688K)
[64.220s][info][gc             ] GC(39) Pause Full (System.gc()) 7M->7M(1963M) 11.700ms
[64.220s][info][gc,cpu         ] GC(39) User=0.02s Sys=0.00s Real=0.01s
[71.110s][info][gc,start       ] GC(40) Pause Young (System.gc())
[71.111s][info][gc,heap        ] GC(40) PSYoungGen: 63515K->1774K(611840K)
[71.111s][info][gc,heap        ] GC(40) ParOldGen: 7815K->7823K(1398272K)
[71.111s][info][gc,metaspace   ] GC(40) Metaspace: 22919K(23600K)->22919K(23600K) NonClass: 20558K(20912K)->20558K(20912K) Class: 2360K(2688K)->2360K(2688K)
[71.111s][info][gc             ] GC(40) Pause Young (System.gc()) 69M->9M(1963M) 1.268ms
[71.111s][info][gc,cpu         ] GC(40) User=0.00s Sys=0.00s Real=0.00s
[71.111s][info][gc,start       ] GC(41) Pause Full (System.gc())
[71.111s][info][gc,phases,start] GC(41) Marking Phase
[71.117s][info][gc,phases      ] GC(41) Marking Phase 5.460ms
[71.117s][info][gc,phases,start] GC(41) Summary Phase
[71.117s][info][gc,phases      ] GC(41) Summary Phase 0.010ms
[71.117s][info][gc,phases,start] GC(41) Adjust Roots
[71.119s][info][gc,phases      ] GC(41) Adjust Roots 2.363ms
[71.119s][info][gc,phases,start] GC(41) Compaction Phase
[71.122s][info][gc,phases      ] GC(41) Compaction Phase 2.803ms
[71.122s][info][gc,phases,start] GC(41) Post Compact
[71.122s][info][gc,phases      ] GC(41) Post Compact 0.276ms
[71.122s][info][gc,heap        ] GC(41) PSYoungGen: 1774K->0K(611840K)
[71.123s][info][gc,heap        ] GC(41) ParOldGen: 7823K->7926K(1398272K)
[71.123s][info][gc,metaspace   ] GC(41) Metaspace: 22919K(23600K)->22919K(23600K) NonClass: 20558K(20912K)->20558K(20912K) Class: 2360K(2688K)->2360K(2688K)
[71.123s][info][gc             ] GC(41) Pause Full (System.gc()) 9M->7M(1963M) 11.137ms
[71.123s][info][gc,cpu         ] GC(41) User=0.02s Sys=0.00s Real=0.01s
[71.240s][info][gc,heap,exit   ] Heap
[71.240s][info][gc,heap,exit   ]  PSYoungGen      total 611840K, used 29738K [0x00000000d5580000, 0x0000000100000000, 0x0000000100000000)
[71.240s][info][gc,heap,exit   ]   eden space 524800K, 5% used [0x00000000d5580000,0x00000000d728ab48,0x00000000f5600000)
[71.240s][info][gc,heap,exit   ]   from space 87040K, 0% used [0x00000000f5600000,0x00000000f5600000,0x00000000fab00000)
[71.240s][info][gc,heap,exit   ]   to   space 87040K, 0% used [0x00000000fab00000,0x00000000fab00000,0x0000000100000000)
[71.240s][info][gc,heap,exit   ]  ParOldGen       total 1398272K, used 7926K [0x0000000080000000, 0x00000000d5580000, 0x00000000d5580000)
[71.240s][info][gc,heap,exit   ]   object space 1398272K, 0% used [0x0000000080000000,0x00000000807bdbc8,0x00000000d5580000)
[71.240s][info][gc,heap,exit   ]  Metaspace       used 22920K, capacity 23342K, committed 23600K, reserved 1071104K
[71.240s][info][gc,heap,exit   ]   class space    used 2360K, capacity 2568K, committed 2688K, reserved 1048576K
