[0.011s][info][gc] Using Serial
[0.030s][info][gc,init] Version: 17.0.12+7-adhoc..jdk17u (release)
[0.030s][info][gc,init] CPUs: 6 total, 6 available
[0.030s][info][gc,init] Memory: 15591M
[0.030s][info][gc,init] Large Page Support: Disabled
[0.030s][info][gc,init] NUMA Support: Disabled
[0.030s][info][gc,init] Compressed Oops: Enabled (Zero based)
[0.030s][info][gc,init] Heap Min Capacity: 8G
[0.030s][info][gc,init] Heap Initial Capacity: 8G
[0.030s][info][gc,init] Heap Max Capacity: 8G
[0.030s][info][gc,init] Pre-touch: Disabled
[0.039s][info][gc,metaspace] CDS archive(s) mapped at: [0x0000020b80000000-0x0000020b80bc0000-0x0000020b80bc0000), size 12320768, SharedBaseAddress: 0x0000020b80000000, ArchiveRelocationMode: 1.
[0.040s][info][gc,metaspace] Compressed class space mapped at: 0x0000020b81000000-0x0000020bc1000000, reserved size: 1073741824
[0.040s][info][gc,metaspace] Narrow klass base: 0x0000020b80000000, Narrow klass shift: 0, Narrow klass range: 0x100000000
[1.654s][info][gc,start    ] GC(0) Pause Full (Metadata GC Threshold)
[1.654s][info][gc,phases,start] GC(0) Phase 1: Mark live objects
[1.671s][info][gc,phases      ] GC(0) Phase 1: Mark live objects 16.685ms
[1.671s][info][gc,phases,start] GC(0) Phase 2: Compute new object addresses
[1.702s][info][gc,phases      ] GC(0) Phase 2: Compute new object addresses 30.494ms
[1.702s][info][gc,phases,start] GC(0) Phase 3: Adjust pointers
[1.711s][info][gc,phases      ] GC(0) Phase 3: Adjust pointers 9.742ms
[1.712s][info][gc,phases,start] GC(0) Phase 4: Move objects
[1.717s][info][gc,phases      ] GC(0) Phase 4: Move objects 5.910ms
[1.718s][info][gc,heap        ] GC(0) DefNew: 536863K(2516544K)->0K(2516544K) Eden: 536863K(2236928K)->0K(2236928K) From: 0K(279616K)->0K(279616K)
[1.718s][info][gc,heap        ] GC(0) Tenured: 0K(5592448K)->10637K(5592448K)
[1.718s][info][gc,metaspace   ] GC(0) Metaspace: 21212K(21504K)->21212K(21504K) NonClass: 18548K(18752K)->18548K(18752K) Class: 2663K(2752K)->2663K(2752K)
[1.718s][info][gc             ] GC(0) Pause Full (Metadata GC Threshold) 524M->10M(7918M) 64.105ms
[1.718s][info][gc,cpu         ] GC(0) User=0.06s Sys=0.03s Real=0.06s
[3.616s][info][gc,start       ] GC(1) Pause Full (Metadata GC Threshold)
[3.616s][info][gc,phases,start] GC(1) Phase 1: Mark live objects
[3.646s][info][gc,phases      ] GC(1) Phase 1: Mark live objects 30.398ms
[3.646s][info][gc,phases,start] GC(1) Phase 2: Compute new object addresses
[3.681s][info][gc,phases      ] GC(1) Phase 2: Compute new object addresses 34.180ms
[3.681s][info][gc,phases,start] GC(1) Phase 3: Adjust pointers
[3.699s][info][gc,phases      ] GC(1) Phase 3: Adjust pointers 18.070ms
[3.699s][info][gc,phases,start] GC(1) Phase 4: Move objects
[3.705s][info][gc,phases      ] GC(1) Phase 4: Move objects 6.182ms
[3.705s][info][gc,heap        ] GC(1) DefNew: 566689K(2516544K)->0K(2516544K) Eden: 566689K(2236928K)->0K(2236928K) From: 0K(279616K)->0K(279616K)
[3.705s][info][gc,heap        ] GC(1) Tenured: 10637K(5592448K)->19225K(5592448K)
[3.706s][info][gc,metaspace   ] GC(1) Metaspace: 35485K(35840K)->35485K(35840K) NonClass: 30818K(30976K)->30818K(30976K) Class: 4666K(4864K)->4666K(4864K)
[3.706s][info][gc             ] GC(1) Pause Full (Metadata GC Threshold) 563M->18M(7918M) 89.672ms
[3.706s][info][gc,cpu         ] GC(1) User=0.12s Sys=0.00s Real=0.09s
[6.725s][info][gc,start       ] GC(2) Pause Full (Metadata GC Threshold)
[6.725s][info][gc,phases,start] GC(2) Phase 1: Mark live objects
[6.780s][info][gc,phases      ] GC(2) Phase 1: Mark live objects 55.645ms
[6.781s][info][gc,phases,start] GC(2) Phase 2: Compute new object addresses
[6.863s][info][gc,phases      ] GC(2) Phase 2: Compute new object addresses 82.270ms
[6.863s][info][gc,phases,start] GC(2) Phase 3: Adjust pointers
[6.908s][info][gc,phases      ] GC(2) Phase 3: Adjust pointers 44.922ms
[6.908s][info][gc,phases,start] GC(2) Phase 4: Move objects
[6.935s][info][gc,phases      ] GC(2) Phase 4: Move objects 27.634ms
[6.936s][info][gc,heap        ] GC(2) DefNew: 939549K(2516544K)->0K(2516544K) Eden: 939549K(2236928K)->0K(2236928K) From: 0K(279616K)->0K(279616K)
[6.937s][info][gc,heap        ] GC(2) Tenured: 19225K(5592448K)->36086K(5592448K)
[6.937s][info][gc,metaspace   ] GC(2) Metaspace: 59357K(59776K)->59357K(59776K) NonClass: 51304K(51520K)->51304K(51520K) Class: 8052K(8256K)->8052K(8256K)
[6.937s][info][gc             ] GC(2) Pause Full (Metadata GC Threshold) 936M->35M(7918M) 211.898ms
[6.937s][info][gc,cpu         ] GC(2) User=0.20s Sys=0.00s Real=0.21s
[8.258s][info][gc,start       ] GC(3) Pause Full (System.gc())
[8.258s][info][gc,phases,start] GC(3) Phase 1: Mark live objects
[8.313s][info][gc,phases      ] GC(3) Phase 1: Mark live objects 55.011ms
[8.313s][info][gc,phases,start] GC(3) Phase 2: Compute new object addresses
[8.357s][info][gc,phases      ] GC(3) Phase 2: Compute new object addresses 43.777ms
[8.357s][info][gc,phases,start] GC(3) Phase 3: Adjust pointers
[8.386s][info][gc,phases      ] GC(3) Phase 3: Adjust pointers 29.078ms
[8.386s][info][gc,phases,start] GC(3) Phase 4: Move objects
[8.399s][info][gc,phases      ] GC(3) Phase 4: Move objects 12.896ms
[8.400s][info][gc,heap        ] GC(3) DefNew: 1103554K(2516544K)->0K(2516544K) Eden: 1103554K(2236928K)->0K(2236928K) From: 0K(279616K)->0K(279616K)
[8.400s][info][gc,heap        ] GC(3) Tenured: 36086K(5592448K)->38191K(5592448K)
[8.400s][info][gc,metaspace   ] GC(3) Metaspace: 66993K(67456K)->66993K(67456K) NonClass: 57905K(58176K)->57905K(58176K) Class: 9087K(9280K)->9087K(9280K)
[8.400s][info][gc             ] GC(3) Pause Full (System.gc()) 1112M->37M(7918M) 141.558ms
[8.400s][info][gc,cpu         ] GC(3) User=0.36s Sys=0.00s Real=0.14s
[12.861s][info][gc,start       ] GC(4) Pause Young (Allocation Failure)
[12.882s][info][gc,heap        ] GC(4) DefNew: 2236928K(2516544K)->6365K(2516544K) Eden: 2236928K(2236928K)->0K(2236928K) From: 0K(279616K)->6365K(279616K)
[12.882s][info][gc,heap        ] GC(4) Tenured: 38191K(5592448K)->38191K(5592448K)
[12.882s][info][gc,metaspace   ] GC(4) Metaspace: 80443K(81088K)->80443K(81088K) NonClass: 70184K(70528K)->70184K(70528K) Class: 10258K(10560K)->10258K(10560K)
[12.882s][info][gc             ] GC(4) Pause Young (Allocation Failure) 2221M->43M(7918M) 20.967ms
[12.882s][info][gc,cpu         ] GC(4) User=0.05s Sys=0.00s Real=0.02s
[17.479s][info][gc,start       ] GC(5) Pause Young (Allocation Failure)
[17.495s][info][gc,heap        ] GC(5) DefNew: 2243293K(2516544K)->6628K(2516544K) Eden: 2236928K(2236928K)->0K(2236928K) From: 6365K(279616K)->6628K(279616K)
[17.495s][info][gc,heap        ] GC(5) Tenured: 38191K(5592448K)->38191K(5592448K)
[17.495s][info][gc,metaspace   ] GC(5) Metaspace: 81000K(81600K)->81000K(81600K) NonClass: 70735K(71040K)->70735K(71040K) Class: 10265K(10560K)->10265K(10560K)
[17.495s][info][gc             ] GC(5) Pause Young (Allocation Failure) 2228M->43M(7918M) 16.331ms
[17.495s][info][gc,cpu         ] GC(5) User=0.03s Sys=0.00s Real=0.02s
[21.436s][info][gc,start       ] GC(6) Pause Young (Allocation Failure)
[21.450s][info][gc,heap        ] GC(6) DefNew: 2243556K(2516544K)->6802K(2516544K) Eden: 2236928K(2236928K)->0K(2236928K) From: 6628K(279616K)->6802K(279616K)
[21.450s][info][gc,heap        ] GC(6) Tenured: 38191K(5592448K)->38191K(5592448K)
[21.450s][info][gc,metaspace   ] GC(6) Metaspace: 81255K(81856K)->81255K(81856K) NonClass: 70988K(71296K)->70988K(71296K) Class: 10267K(10560K)->10267K(10560K)
[21.450s][info][gc             ] GC(6) Pause Young (Allocation Failure) 2228M->43M(7918M) 14.152ms
[21.450s][info][gc,cpu         ] GC(6) User=0.02s Sys=0.00s Real=0.02s
[26.195s][info][gc,start       ] GC(7) Pause Young (Allocation Failure)
[26.209s][info][gc,heap        ] GC(7) DefNew: 2243730K(2516544K)->6974K(2516544K) Eden: 2236928K(2236928K)->0K(2236928K) From: 6802K(279616K)->6974K(279616K)
[26.209s][info][gc,heap        ] GC(7) Tenured: 38191K(5592448K)->38191K(5592448K)
[26.209s][info][gc,metaspace   ] GC(7) Metaspace: 81447K(82048K)->81447K(82048K) NonClass: 71179K(71488K)->71179K(71488K) Class: 10268K(10560K)->10268K(10560K)
[26.210s][info][gc             ] GC(7) Pause Young (Allocation Failure) 2228M->44M(7918M) 14.543ms
[26.210s][info][gc,cpu         ] GC(7) User=0.00s Sys=0.02s Real=0.02s
[30.334s][info][gc,start       ] GC(8) Pause Full (System.gc())
[30.334s][info][gc,phases,start] GC(8) Phase 1: Mark live objects
[30.406s][info][gc,phases      ] GC(8) Phase 1: Mark live objects 72.025ms
[30.406s][info][gc,phases,start] GC(8) Phase 2: Compute new object addresses
[30.586s][info][gc,phases      ] GC(8) Phase 2: Compute new object addresses 179.903ms
[30.586s][info][gc,phases,start] GC(8) Phase 3: Adjust pointers
[30.621s][info][gc,phases      ] GC(8) Phase 3: Adjust pointers 34.824ms
[30.621s][info][gc,phases,start] GC(8) Phase 4: Move objects
[30.624s][info][gc,phases      ] GC(8) Phase 4: Move objects 3.012ms
[30.626s][info][gc,heap        ] GC(8) DefNew: 1799957K(2516544K)->0K(2516544K) Eden: 1792983K(2236928K)->0K(2236928K) From: 6974K(279616K)->0K(279616K)
[30.626s][info][gc,heap        ] GC(8) Tenured: 38191K(5592448K)->44986K(5592448K)
[30.627s][info][gc,metaspace   ] GC(8) Metaspace: 81562K(82176K)->81480K(82176K) NonClass: 71291K(71616K)->71226K(71616K) Class: 10271K(10560K)->10254K(10560K)
[30.627s][info][gc             ] GC(8) Pause Full (System.gc()) 1795M->43M(7918M) 292.940ms
[30.627s][info][gc,cpu         ] GC(8) User=0.28s Sys=0.00s Real=0.28s
[35.594s][info][gc,start       ] GC(9) Pause Young (Allocation Failure)
[35.598s][info][gc,heap        ] GC(9) DefNew: 2236928K(2516544K)->665K(2516544K) Eden: 2236928K(2236928K)->0K(2236928K) From: 0K(279616K)->665K(279616K)
[35.598s][info][gc,heap        ] GC(9) Tenured: 44986K(5592448K)->44986K(5592448K)
[35.598s][info][gc,metaspace   ] GC(9) Metaspace: 81490K(82176K)->81490K(82176K) NonClass: 71234K(71616K)->71234K(71616K) Class: 10255K(10560K)->10255K(10560K)
[35.598s][info][gc             ] GC(9) Pause Young (Allocation Failure) 2228M->44M(7918M) 3.875ms
[35.598s][info][gc,cpu         ] GC(9) User=0.02s Sys=0.00s Real=0.00s
[40.807s][info][gc,start       ] GC(10) Pause Young (Allocation Failure)
[40.810s][info][gc,heap        ] GC(10) DefNew: 2237593K(2516544K)->576K(2516544K) Eden: 2236928K(2236928K)->0K(2236928K) From: 665K(279616K)->576K(279616K)
[40.810s][info][gc,heap        ] GC(10) Tenured: 44986K(5592448K)->44986K(5592448K)
[40.810s][info][gc,metaspace   ] GC(10) Metaspace: 81546K(82176K)->81546K(82176K) NonClass: 71289K(71616K)->71289K(71616K) Class: 10256K(10560K)->10256K(10560K)
[40.810s][info][gc             ] GC(10) Pause Young (Allocation Failure) 2229M->44M(7918M) 3.044ms
[40.810s][info][gc,cpu         ] GC(10) User=0.00s Sys=0.00s Real=0.00s
[45.444s][info][gc,start       ] GC(11) Pause Young (Allocation Failure)
[45.448s][info][gc,heap        ] GC(11) DefNew: 2237504K(2516544K)->684K(2516544K) Eden: 2236928K(2236928K)->0K(2236928K) From: 576K(279616K)->684K(279616K)
[45.448s][info][gc,heap        ] GC(11) Tenured: 44986K(5592448K)->44986K(5592448K)
[45.448s][info][gc,metaspace   ] GC(11) Metaspace: 81617K(82304K)->81617K(82304K) NonClass: 71360K(71744K)->71360K(71744K) Class: 10256K(10560K)->10256K(10560K)
[45.448s][info][gc             ] GC(11) Pause Young (Allocation Failure) 2228M->44M(7918M) 3.974ms
[45.448s][info][gc,cpu         ] GC(11) User=0.00s Sys=0.00s Real=0.01s
[50.470s][info][gc,start       ] GC(12) Pause Young (Allocation Failure)
[50.474s][info][gc,heap        ] GC(12) DefNew: 2237612K(2516544K)->781K(2516544K) Eden: 2236928K(2236928K)->0K(2236928K) From: 684K(279616K)->781K(279616K)
[50.474s][info][gc,heap        ] GC(12) Tenured: 44986K(5592448K)->44986K(5592448K)
[50.474s][info][gc,metaspace   ] GC(12) Metaspace: 81689K(82304K)->81689K(82304K) NonClass: 71433K(71744K)->71433K(71744K) Class: 10256K(10560K)->10256K(10560K)
[50.474s][info][gc             ] GC(12) Pause Young (Allocation Failure) 2229M->44M(7918M) 3.511ms
[50.474s][info][gc,cpu         ] GC(12) User=0.02s Sys=0.00s Real=0.00s
[53.110s][info][gc,start       ] GC(13) Pause Full (System.gc())
[53.110s][info][gc,phases,start] GC(13) Phase 1: Mark live objects
[53.172s][info][gc,phases      ] GC(13) Phase 1: Mark live objects 61.679ms
[53.172s][info][gc,phases,start] GC(13) Phase 2: Compute new object addresses
[53.283s][info][gc,phases      ] GC(13) Phase 2: Compute new object addresses 111.407ms
[53.283s][info][gc,phases,start] GC(13) Phase 3: Adjust pointers
[53.318s][info][gc,phases      ] GC(13) Phase 3: Adjust pointers 35.286ms
[53.318s][info][gc,phases,start] GC(13) Phase 4: Move objects
[53.319s][info][gc,phases      ] GC(13) Phase 4: Move objects 0.183ms
[53.319s][info][gc,heap        ] GC(13) DefNew: 1056500K(2516544K)->0K(2516544K) Eden: 1055719K(2236928K)->0K(2236928K) From: 781K(279616K)->0K(279616K)
[53.319s][info][gc,heap        ] GC(13) Tenured: 44986K(5592448K)->45414K(5592448K)
[53.319s][info][gc,metaspace   ] GC(13) Metaspace: 81702K(82304K)->81702K(82304K) NonClass: 71444K(71744K)->71444K(71744K) Class: 10257K(10560K)->10257K(10560K)
[53.319s][info][gc             ] GC(13) Pause Full (System.gc()) 1075M->44M(7918M) 209.179ms
[53.319s][info][gc,cpu         ] GC(13) User=0.22s Sys=0.00s Real=0.22s
[58.426s][info][gc,start       ] GC(14) Pause Young (Allocation Failure)
[58.429s][info][gc,heap        ] GC(14) DefNew: 2236928K(2516544K)->562K(2516544K) Eden: 2236928K(2236928K)->0K(2236928K) From: 0K(279616K)->562K(279616K)
[58.429s][info][gc,heap        ] GC(14) Tenured: 45414K(5592448K)->45414K(5592448K)
[58.429s][info][gc,metaspace   ] GC(14) Metaspace: 81719K(82304K)->81719K(82304K) NonClass: 71460K(71744K)->71460K(71744K) Class: 10258K(10560K)->10258K(10560K)
[58.429s][info][gc             ] GC(14) Pause Young (Allocation Failure) 2228M->44M(7918M) 2.664ms
[58.429s][info][gc,cpu         ] GC(14) User=0.00s Sys=0.00s Real=0.00s
[63.612s][info][gc,start       ] GC(15) Pause Young (Allocation Failure)
[63.615s][info][gc,heap        ] GC(15) DefNew: 2237490K(2516544K)->533K(2516544K) Eden: 2236928K(2236928K)->0K(2236928K) From: 562K(279616K)->533K(279616K)
[63.615s][info][gc,heap        ] GC(15) Tenured: 45414K(5592448K)->45414K(5592448K)
[63.615s][info][gc,metaspace   ] GC(15) Metaspace: 81758K(82368K)->81758K(82368K) NonClass: 71499K(71808K)->71499K(71808K) Class: 10259K(10560K)->10259K(10560K)
[63.615s][info][gc             ] GC(15) Pause Young (Allocation Failure) 2229M->44M(7918M) 2.878ms
[63.615s][info][gc,cpu         ] GC(15) User=0.00s Sys=0.00s Real=0.00s
[68.209s][info][gc,start       ] GC(16) Pause Young (Allocation Failure)
[68.211s][info][gc,heap        ] GC(16) DefNew: 2237461K(2516544K)->666K(2516544K) Eden: 2236928K(2236928K)->0K(2236928K) From: 533K(279616K)->666K(279616K)
[68.211s][info][gc,heap        ] GC(16) Tenured: 45414K(5592448K)->45414K(5592448K)
[68.211s][info][gc,metaspace   ] GC(16) Metaspace: 81780K(82368K)->81780K(82368K) NonClass: 71519K(71808K)->71519K(71808K) Class: 10260K(10560K)->10260K(10560K)
[68.211s][info][gc             ] GC(16) Pause Young (Allocation Failure) 2229M->45M(7918M) 2.582ms
[68.211s][info][gc,cpu         ] GC(16) User=0.00s Sys=0.00s Real=0.00s
[73.186s][info][gc,start       ] GC(17) Pause Young (GCLocker Initiated GC)
[73.190s][info][gc,heap        ] GC(17) DefNew: 2241699K(2516544K)->870K(2516544K) Eden: 2236928K(2236928K)->0K(2236928K) From: 4771K(279616K)->870K(279616K)
[73.190s][info][gc,heap        ] GC(17) Tenured: 45414K(5592448K)->45414K(5592448K)
[73.190s][info][gc,metaspace   ] GC(17) Metaspace: 81791K(82432K)->81791K(82432K) NonClass: 71530K(71872K)->71530K(71872K) Class: 10261K(10560K)->10261K(10560K)
[73.190s][info][gc             ] GC(17) Pause Young (GCLocker Initiated GC) 2233M->45M(7918M) 4.077ms
[73.190s][info][gc,cpu         ] GC(17) User=0.00s Sys=0.00s Real=0.00s
[75.618s][info][gc,start       ] GC(18) Pause Full (System.gc())
[75.618s][info][gc,phases,start] GC(18) Phase 1: Mark live objects
[75.679s][info][gc,phases      ] GC(18) Phase 1: Mark live objects 60.738ms
[75.679s][info][gc,phases,start] GC(18) Phase 2: Compute new object addresses
[75.786s][info][gc,phases      ] GC(18) Phase 2: Compute new object addresses 106.967ms
[75.786s][info][gc,phases,start] GC(18) Phase 3: Adjust pointers
[75.821s][info][gc,phases      ] GC(18) Phase 3: Adjust pointers 34.230ms
[75.821s][info][gc,phases,start] GC(18) Phase 4: Move objects
[75.821s][info][gc,phases      ] GC(18) Phase 4: Move objects 0.170ms
[75.821s][info][gc,heap        ] GC(18) DefNew: 1015886K(2516544K)->0K(2516544K) Eden: 1015015K(2236928K)->0K(2236928K) From: 870K(279616K)->0K(279616K)
[75.821s][info][gc,heap        ] GC(18) Tenured: 45414K(5592448K)->45825K(5592448K)
[75.821s][info][gc,metaspace   ] GC(18) Metaspace: 81800K(82432K)->81800K(82432K) NonClass: 71538K(71872K)->71538K(71872K) Class: 10262K(10560K)->10262K(10560K)
[75.821s][info][gc             ] GC(18) Pause Full (System.gc()) 1036M->44M(7918M) 202.619ms
[75.821s][info][gc,cpu         ] GC(18) User=0.22s Sys=0.00s Real=0.21s
[80.851s][info][gc,start       ] GC(19) Pause Young (Allocation Failure)
[80.853s][info][gc,heap        ] GC(19) DefNew: 2236928K(2516544K)->809K(2516544K) Eden: 2236928K(2236928K)->0K(2236928K) From: 0K(279616K)->809K(279616K)
[80.853s][info][gc,heap        ] GC(19) Tenured: 45825K(5592448K)->45825K(5592448K)
[80.853s][info][gc,metaspace   ] GC(19) Metaspace: 81853K(82432K)->81853K(82432K) NonClass: 71591K(71872K)->71591K(71872K) Class: 10262K(10560K)->10262K(10560K)
[80.853s][info][gc             ] GC(19) Pause Young (Allocation Failure) 2229M->45M(7918M) 2.622ms
[80.853s][info][gc,cpu         ] GC(19) User=0.00s Sys=0.00s Real=0.00s
[86.057s][info][gc,start       ] GC(20) Pause Young (Allocation Failure)
[86.060s][info][gc,heap        ] GC(20) DefNew: 2237737K(2516544K)->578K(2516544K) Eden: 2236928K(2236928K)->0K(2236928K) From: 809K(279616K)->578K(279616K)
[86.060s][info][gc,heap        ] GC(20) Tenured: 45825K(5592448K)->45825K(5592448K)
[86.060s][info][gc,metaspace   ] GC(20) Metaspace: 81881K(82496K)->81881K(82496K) NonClass: 71618K(71936K)->71618K(71936K) Class: 10262K(10560K)->10262K(10560K)
[86.060s][info][gc             ] GC(20) Pause Young (Allocation Failure) 2230M->45M(7918M) 3.006ms
[86.060s][info][gc,cpu         ] GC(20) User=0.00s Sys=0.00s Real=0.00s
[90.711s][info][gc,start       ] GC(21) Pause Young (GCLocker Initiated GC)
[90.713s][info][gc,heap        ] GC(21) DefNew: 2237506K(2516544K)->747K(2516544K) Eden: 2236928K(2236928K)->0K(2236928K) From: 578K(279616K)->747K(279616K)
[90.713s][info][gc,heap        ] GC(21) Tenured: 45825K(5592448K)->45825K(5592448K)
[90.713s][info][gc,metaspace   ] GC(21) Metaspace: 81894K(82496K)->81894K(82496K) NonClass: 71631K(71936K)->71631K(71936K) Class: 10263K(10560K)->10263K(10560K)
[90.713s][info][gc             ] GC(21) Pause Young (GCLocker Initiated GC) 2229M->45M(7918M) 2.515ms
[90.713s][info][gc,cpu         ] GC(21) User=0.00s Sys=0.00s Real=0.00s
[95.741s][info][gc,start       ] GC(22) Pause Young (Allocation Failure)
[95.743s][info][gc,heap        ] GC(22) DefNew: 2237675K(2516544K)->717K(2516544K) Eden: 2236928K(2236928K)->0K(2236928K) From: 747K(279616K)->717K(279616K)
[95.743s][info][gc,heap        ] GC(22) Tenured: 45825K(5592448K)->45825K(5592448K)
[95.743s][info][gc,metaspace   ] GC(22) Metaspace: 81901K(82496K)->81901K(82496K) NonClass: 71638K(71936K)->71638K(71936K) Class: 10263K(10560K)->10263K(10560K)
[95.743s][info][gc             ] GC(22) Pause Young (Allocation Failure) 2229M->45M(7918M) 2.788ms
[95.743s][info][gc,cpu         ] GC(22) User=0.00s Sys=0.00s Real=0.00s
[98.206s][info][gc,start       ] GC(23) Pause Full (System.gc())
[98.206s][info][gc,phases,start] GC(23) Phase 1: Mark live objects
[98.267s][info][gc,phases      ] GC(23) Phase 1: Mark live objects 60.698ms
[98.267s][info][gc,phases,start] GC(23) Phase 2: Compute new object addresses
[98.371s][info][gc,phases      ] GC(23) Phase 2: Compute new object addresses 104.011ms
[98.371s][info][gc,phases,start] GC(23) Phase 3: Adjust pointers
[98.407s][info][gc,phases      ] GC(23) Phase 3: Adjust pointers 35.828ms
[98.407s][info][gc,phases,start] GC(23) Phase 4: Move objects
[98.418s][info][gc,phases      ] GC(23) Phase 4: Move objects 10.861ms
[98.418s][info][gc,heap        ] GC(23) DefNew: 983385K(2516544K)->0K(2516544K) Eden: 982667K(2236928K)->0K(2236928K) From: 717K(279616K)->0K(279616K)
[98.418s][info][gc,heap        ] GC(23) Tenured: 45825K(5592448K)->44422K(5592448K)
[98.418s][info][gc,metaspace   ] GC(23) Metaspace: 81912K(82496K)->81912K(82496K) NonClass: 71649K(71936K)->71649K(71936K) Class: 10263K(10560K)->10263K(10560K)
[98.418s][info][gc             ] GC(23) Pause Full (System.gc()) 1005M->43M(7918M) 212.010ms
[98.418s][info][gc,cpu         ] GC(23) User=0.19s Sys=0.02s Real=0.23s
[103.569s][info][gc,start       ] GC(24) Pause Young (Allocation Failure)
[103.572s][info][gc,heap        ] GC(24) DefNew: 2236928K(2516544K)->414K(2516544K) Eden: 2236928K(2236928K)->0K(2236928K) From: 0K(279616K)->414K(279616K)
[103.572s][info][gc,heap        ] GC(24) Tenured: 44422K(5592448K)->44422K(5592448K)
[103.572s][info][gc,metaspace   ] GC(24) Metaspace: 81922K(82496K)->81922K(82496K) NonClass: 71659K(71936K)->71659K(71936K) Class: 10263K(10560K)->10263K(10560K)
[103.572s][info][gc             ] GC(24) Pause Young (Allocation Failure) 2227M->43M(7918M) 2.873ms
[103.572s][info][gc,cpu         ] GC(24) User=0.00s Sys=0.00s Real=0.00s
[108.821s][info][gc,start       ] GC(25) Pause Young (Allocation Failure)
[108.823s][info][gc,heap        ] GC(25) DefNew: 2237342K(2516544K)->593K(2516544K) Eden: 2236928K(2236928K)->0K(2236928K) From: 414K(279616K)->593K(279616K)
[108.823s][info][gc,heap        ] GC(25) Tenured: 44422K(5592448K)->44422K(5592448K)
[108.823s][info][gc,metaspace   ] GC(25) Metaspace: 81936K(82560K)->81936K(82560K) NonClass: 71673K(72000K)->71673K(72000K) Class: 10263K(10560K)->10263K(10560K)
[108.823s][info][gc             ] GC(25) Pause Young (Allocation Failure) 2228M->43M(7918M) 2.464ms
[108.823s][info][gc,cpu         ] GC(25) User=0.00s Sys=0.00s Real=0.00s
[113.553s][info][gc,start       ] GC(26) Pause Young (Allocation Failure)
[113.557s][info][gc,heap        ] GC(26) DefNew: 2237521K(2516544K)->658K(2516544K) Eden: 2236928K(2236928K)->0K(2236928K) From: 593K(279616K)->658K(279616K)
[113.557s][info][gc,heap        ] GC(26) Tenured: 44422K(5592448K)->44422K(5592448K)
[113.557s][info][gc,metaspace   ] GC(26) Metaspace: 82031K(82688K)->82031K(82688K) NonClass: 71768K(72128K)->71768K(72128K) Class: 10263K(10560K)->10263K(10560K)
[113.557s][info][gc             ] GC(26) Pause Young (Allocation Failure) 2228M->44M(7918M) 3.470ms
[113.557s][info][gc,cpu         ] GC(26) User=0.00s Sys=0.00s Real=0.00s
[118.643s][info][gc,start       ] GC(27) Pause Young (Allocation Failure)
[118.646s][info][gc,heap        ] GC(27) DefNew: 2237586K(2516544K)->775K(2516544K) Eden: 2236928K(2236928K)->0K(2236928K) From: 658K(279616K)->775K(279616K)
[118.646s][info][gc,heap        ] GC(27) Tenured: 44422K(5592448K)->44422K(5592448K)
[118.646s][info][gc,metaspace   ] GC(27) Metaspace: 82031K(82688K)->82031K(82688K) NonClass: 71768K(72128K)->71768K(72128K) Class: 10263K(10560K)->10263K(10560K)
[118.646s][info][gc             ] GC(27) Pause Young (Allocation Failure) 2228M->44M(7918M) 3.430ms
[118.646s][info][gc,cpu         ] GC(27) User=0.00s Sys=0.00s Real=0.00s
[121.016s][info][gc,start       ] GC(28) Pause Full (System.gc())
[121.016s][info][gc,phases,start] GC(28) Phase 1: Mark live objects
[121.078s][info][gc,phases      ] GC(28) Phase 1: Mark live objects 61.460ms
[121.078s][info][gc,phases,start] GC(28) Phase 2: Compute new object addresses
[121.181s][info][gc,phases      ] GC(28) Phase 2: Compute new object addresses 102.967ms
[121.181s][info][gc,phases,start] GC(28) Phase 3: Adjust pointers
[121.216s][info][gc,phases      ] GC(28) Phase 3: Adjust pointers 34.580ms
[121.216s][info][gc,phases,start] GC(28) Phase 4: Move objects
[121.216s][info][gc,phases      ] GC(28) Phase 4: Move objects 0.107ms
[121.216s][info][gc,heap        ] GC(28) DefNew: 971948K(2516544K)->0K(2516544K) Eden: 971173K(2236928K)->0K(2236928K) From: 775K(279616K)->0K(279616K)
[121.216s][info][gc,heap        ] GC(28) Tenured: 44422K(5592448K)->44808K(5592448K)
[121.216s][info][gc,metaspace   ] GC(28) Metaspace: 82033K(82688K)->82033K(82688K) NonClass: 71770K(72128K)->71770K(72128K) Class: 10263K(10560K)->10263K(10560K)
[121.216s][info][gc             ] GC(28) Pause Full (System.gc()) 992M->43M(7918M) 199.658ms
[121.216s][info][gc,cpu         ] GC(28) User=0.20s Sys=0.00s Real=0.20s
[126.283s][info][gc,start       ] GC(29) Pause Young (Allocation Failure)
[126.286s][info][gc,heap        ] GC(29) DefNew: 2236928K(2516544K)->430K(2516544K) Eden: 2236928K(2236928K)->0K(2236928K) From: 0K(279616K)->430K(279616K)
[126.286s][info][gc,heap        ] GC(29) Tenured: 44808K(5592448K)->44808K(5592448K)
[126.286s][info][gc,metaspace   ] GC(29) Metaspace: 82038K(82688K)->82038K(82688K) NonClass: 71775K(72128K)->71775K(72128K) Class: 10263K(10560K)->10263K(10560K)
[126.286s][info][gc             ] GC(29) Pause Young (Allocation Failure) 2228M->44M(7918M) 3.107ms
[126.286s][info][gc,cpu         ] GC(29) User=0.02s Sys=0.00s Real=0.00s
[131.531s][info][gc,start       ] GC(30) Pause Young (Allocation Failure)
[131.535s][info][gc,heap        ] GC(30) DefNew: 2237358K(2516544K)->588K(2516544K) Eden: 2236928K(2236928K)->0K(2236928K) From: 430K(279616K)->588K(279616K)
[131.535s][info][gc,heap        ] GC(30) Tenured: 44808K(5592448K)->44808K(5592448K)
[131.535s][info][gc,metaspace   ] GC(30) Metaspace: 82038K(82688K)->82038K(82688K) NonClass: 71775K(72128K)->71775K(72128K) Class: 10263K(10560K)->10263K(10560K)
[131.535s][info][gc             ] GC(30) Pause Young (Allocation Failure) 2228M->44M(7918M) 3.796ms
[131.535s][info][gc,cpu         ] GC(30) User=0.02s Sys=0.02s Real=0.01s
[136.138s][info][gc,start       ] GC(31) Pause Young (Allocation Failure)
[136.141s][info][gc,heap        ] GC(31) DefNew: 2237516K(2516544K)->715K(2516544K) Eden: 2236928K(2236928K)->0K(2236928K) From: 588K(279616K)->715K(279616K)
[136.141s][info][gc,heap        ] GC(31) Tenured: 44808K(5592448K)->44808K(5592448K)
[136.141s][info][gc,metaspace   ] GC(31) Metaspace: 82038K(82688K)->82038K(82688K) NonClass: 71775K(72128K)->71775K(72128K) Class: 10263K(10560K)->10263K(10560K)
[136.141s][info][gc             ] GC(31) Pause Young (Allocation Failure) 2228M->44M(7918M) 3.013ms
[136.141s][info][gc,cpu         ] GC(31) User=0.00s Sys=0.00s Real=0.00s
[141.148s][info][gc,start       ] GC(32) Pause Young (Allocation Failure)
[141.151s][info][gc,heap        ] GC(32) DefNew: 2237643K(2516544K)->718K(2516544K) Eden: 2236928K(2236928K)->0K(2236928K) From: 715K(279616K)->718K(279616K)
[141.151s][info][gc,heap        ] GC(32) Tenured: 44808K(5592448K)->44808K(5592448K)
[141.151s][info][gc,metaspace   ] GC(32) Metaspace: 82038K(82688K)->82038K(82688K) NonClass: 71775K(72128K)->71775K(72128K) Class: 10263K(10560K)->10263K(10560K)
[141.151s][info][gc             ] GC(32) Pause Young (Allocation Failure) 2228M->44M(7918M) 2.998ms
[141.151s][info][gc,cpu         ] GC(32) User=0.00s Sys=0.00s Real=0.00s
[143.560s][info][gc,start       ] GC(33) Pause Full (System.gc())
[143.560s][info][gc,phases,start] GC(33) Phase 1: Mark live objects
[143.622s][info][gc,phases      ] GC(33) Phase 1: Mark live objects 61.690ms
[143.622s][info][gc,phases,start] GC(33) Phase 2: Compute new object addresses
[143.724s][info][gc,phases      ] GC(33) Phase 2: Compute new object addresses 101.667ms
[143.724s][info][gc,phases,start] GC(33) Phase 3: Adjust pointers
[143.758s][info][gc,phases      ] GC(33) Phase 3: Adjust pointers 34.532ms
[143.758s][info][gc,phases,start] GC(33) Phase 4: Move objects
[143.758s][info][gc,phases      ] GC(33) Phase 4: Move objects 0.112ms
[143.759s][info][gc,heap        ] GC(33) DefNew: 965919K(2516544K)->0K(2516544K) Eden: 965201K(2236928K)->0K(2236928K) From: 718K(279616K)->0K(279616K)
[143.759s][info][gc,heap        ] GC(33) Tenured: 44808K(5592448K)->45198K(5592448K)
[143.759s][info][gc,metaspace   ] GC(33) Metaspace: 82043K(82688K)->82043K(82688K) NonClass: 71780K(72128K)->71780K(72128K) Class: 10263K(10560K)->10263K(10560K)
[143.759s][info][gc             ] GC(33) Pause Full (System.gc()) 987M->44M(7918M) 198.426ms
[143.759s][info][gc,cpu         ] GC(33) User=0.20s Sys=0.00s Real=0.21s
[148.890s][info][gc,start       ] GC(34) Pause Young (Allocation Failure)
[148.893s][info][gc,heap        ] GC(34) DefNew: 2236928K(2516544K)->436K(2516544K) Eden: 2236928K(2236928K)->0K(2236928K) From: 0K(279616K)->436K(279616K)
[148.893s][info][gc,heap        ] GC(34) Tenured: 45198K(5592448K)->45198K(5592448K)
[148.893s][info][gc,metaspace   ] GC(34) Metaspace: 82090K(82688K)->82090K(82688K) NonClass: 71827K(72128K)->71827K(72128K) Class: 10263K(10560K)->10263K(10560K)
[148.893s][info][gc             ] GC(34) Pause Young (Allocation Failure) 2228M->44M(7918M) 3.900ms
[148.893s][info][gc,cpu         ] GC(34) User=0.02s Sys=0.00s Real=0.00s
[154.226s][info][gc,start       ] GC(35) Pause Young (Allocation Failure)
[154.229s][info][gc,heap        ] GC(35) DefNew: 2237364K(2516544K)->617K(2516544K) Eden: 2236928K(2236928K)->0K(2236928K) From: 436K(279616K)->617K(279616K)
[154.229s][info][gc,heap        ] GC(35) Tenured: 45198K(5592448K)->45198K(5592448K)
[154.229s][info][gc,metaspace   ] GC(35) Metaspace: 82091K(82688K)->82091K(82688K) NonClass: 71827K(72128K)->71827K(72128K) Class: 10263K(10560K)->10263K(10560K)
[154.229s][info][gc             ] GC(35) Pause Young (Allocation Failure) 2229M->44M(7918M) 2.732ms
[154.229s][info][gc,cpu         ] GC(35) User=0.00s Sys=0.00s Real=0.00s
[158.856s][info][gc,start       ] GC(36) Pause Young (Allocation Failure)
[158.860s][info][gc,heap        ] GC(36) DefNew: 2237545K(2516544K)->687K(2516544K) Eden: 2236928K(2236928K)->0K(2236928K) From: 617K(279616K)->687K(279616K)
[158.860s][info][gc,heap        ] GC(36) Tenured: 45198K(5592448K)->45198K(5592448K)
[158.860s][info][gc,metaspace   ] GC(36) Metaspace: 82104K(82752K)->82104K(82752K) NonClass: 71841K(72192K)->71841K(72192K) Class: 10263K(10560K)->10263K(10560K)
[158.860s][info][gc             ] GC(36) Pause Young (Allocation Failure) 2229M->44M(7918M) 3.591ms
[158.860s][info][gc,cpu         ] GC(36) User=0.00s Sys=0.00s Real=0.00s
[163.923s][info][gc,start       ] GC(37) Pause Young (GCLocker Initiated GC)
[163.926s][info][gc,heap        ] GC(37) DefNew: 2237615K(2516544K)->1247K(2516544K) Eden: 2236928K(2236928K)->0K(2236928K) From: 687K(279616K)->1247K(279616K)
[163.926s][info][gc,heap        ] GC(37) Tenured: 45198K(5592448K)->45198K(5592448K)
[163.926s][info][gc,metaspace   ] GC(37) Metaspace: 82105K(82752K)->82105K(82752K) NonClass: 71841K(72192K)->71841K(72192K) Class: 10263K(10560K)->10263K(10560K)
[163.926s][info][gc             ] GC(37) Pause Young (GCLocker Initiated GC) 2229M->45M(7918M) 2.913ms
[163.926s][info][gc,cpu         ] GC(37) User=0.02s Sys=0.00s Real=0.00s
[166.287s][info][gc,start       ] GC(38) Pause Full (System.gc())
[166.287s][info][gc,phases,start] GC(38) Phase 1: Mark live objects
[166.349s][info][gc,phases      ] GC(38) Phase 1: Mark live objects 62.130ms
[166.349s][info][gc,phases,start] GC(38) Phase 2: Compute new object addresses
[166.453s][info][gc,phases      ] GC(38) Phase 2: Compute new object addresses 104.079ms
[166.453s][info][gc,phases,start] GC(38) Phase 3: Adjust pointers
[166.488s][info][gc,phases      ] GC(38) Phase 3: Adjust pointers 34.899ms
[166.488s][info][gc,phases,start] GC(38) Phase 4: Move objects
[166.488s][info][gc,phases      ] GC(38) Phase 4: Move objects 0.105ms
[166.489s][info][gc,heap        ] GC(38) DefNew: 983452K(2516544K)->0K(2516544K) Eden: 982204K(2236928K)->0K(2236928K) From: 1247K(279616K)->0K(279616K)
[166.489s][info][gc,heap        ] GC(38) Tenured: 45198K(5592448K)->45584K(5592448K)
[166.489s][info][gc,metaspace   ] GC(38) Metaspace: 82105K(82752K)->82105K(82752K) NonClass: 71841K(72192K)->71841K(72192K) Class: 10263K(10560K)->10263K(10560K)
[166.489s][info][gc             ] GC(38) Pause Full (System.gc()) 1004M->44M(7918M) 201.675ms
[166.489s][info][gc,cpu         ] GC(38) User=0.20s Sys=0.00s Real=0.20s
[171.659s][info][gc,start       ] GC(39) Pause Young (Allocation Failure)
[171.662s][info][gc,heap        ] GC(39) DefNew: 2236928K(2516544K)->418K(2516544K) Eden: 2236928K(2236928K)->0K(2236928K) From: 0K(279616K)->418K(279616K)
[171.662s][info][gc,heap        ] GC(39) Tenured: 45584K(5592448K)->45584K(5592448K)
[171.662s][info][gc,metaspace   ] GC(39) Metaspace: 82110K(82752K)->82110K(82752K) NonClass: 71846K(72192K)->71846K(72192K) Class: 10263K(10560K)->10263K(10560K)
[171.662s][info][gc             ] GC(39) Pause Young (Allocation Failure) 2229M->44M(7918M) 2.746ms
[171.662s][info][gc,cpu         ] GC(39) User=0.00s Sys=0.00s Real=0.00s
[176.816s][info][gc,start       ] GC(40) Pause Young (Allocation Failure)
[176.818s][info][gc,heap        ] GC(40) DefNew: 2237346K(2516544K)->608K(2516544K) Eden: 2236928K(2236928K)->0K(2236928K) From: 418K(279616K)->608K(279616K)
[176.818s][info][gc,heap        ] GC(40) Tenured: 45584K(5592448K)->45584K(5592448K)
[176.818s][info][gc,metaspace   ] GC(40) Metaspace: 82118K(82752K)->82118K(82752K) NonClass: 71854K(72192K)->71854K(72192K) Class: 10263K(10560K)->10263K(10560K)
[176.818s][info][gc             ] GC(40) Pause Young (Allocation Failure) 2229M->45M(7918M) 2.580ms
[176.818s][info][gc,cpu         ] GC(40) User=0.00s Sys=0.00s Real=0.00s
[181.310s][info][gc,start       ] GC(41) Pause Young (Allocation Failure)
[181.313s][info][gc,heap        ] GC(41) DefNew: 2237536K(2516544K)->626K(2516544K) Eden: 2236928K(2236928K)->0K(2236928K) From: 608K(279616K)->626K(279616K)
[181.313s][info][gc,heap        ] GC(41) Tenured: 45584K(5592448K)->45584K(5592448K)
[181.313s][info][gc,metaspace   ] GC(41) Metaspace: 82120K(82752K)->82120K(82752K) NonClass: 71856K(72192K)->71856K(72192K) Class: 10263K(10560K)->10263K(10560K)
[181.313s][info][gc             ] GC(41) Pause Young (Allocation Failure) 2229M->45M(7918M) 2.112ms
[181.313s][info][gc,cpu         ] GC(41) User=0.00s Sys=0.00s Real=0.00s
[186.347s][info][gc,start       ] GC(42) Pause Young (Allocation Failure)
[186.349s][info][gc,heap        ] GC(42) DefNew: 2237554K(2516544K)->733K(2516544K) Eden: 2236928K(2236928K)->0K(2236928K) From: 626K(279616K)->733K(279616K)
[186.349s][info][gc,heap        ] GC(42) Tenured: 45584K(5592448K)->45584K(5592448K)
[186.349s][info][gc,metaspace   ] GC(42) Metaspace: 82121K(82752K)->82121K(82752K) NonClass: 71857K(72192K)->71857K(72192K) Class: 10263K(10560K)->10263K(10560K)
[186.349s][info][gc             ] GC(42) Pause Young (Allocation Failure) 2229M->45M(7918M) 2.572ms
[186.349s][info][gc,cpu         ] GC(42) User=0.00s Sys=0.00s Real=0.00s
[188.857s][info][gc,start       ] GC(43) Pause Full (System.gc())
[188.857s][info][gc,phases,start] GC(43) Phase 1: Mark live objects
[188.918s][info][gc,phases      ] GC(43) Phase 1: Mark live objects 61.316ms
[188.918s][info][gc,phases,start] GC(43) Phase 2: Compute new object addresses
[189.023s][info][gc,phases      ] GC(43) Phase 2: Compute new object addresses 104.590ms
[189.023s][info][gc,phases,start] GC(43) Phase 3: Adjust pointers
[189.057s][info][gc,phases      ] GC(43) Phase 3: Adjust pointers 34.412ms
[189.057s][info][gc,phases,start] GC(43) Phase 4: Move objects
[189.059s][info][gc,phases      ] GC(43) Phase 4: Move objects 1.410ms
[189.059s][info][gc,heap        ] GC(43) DefNew: 988851K(2516544K)->0K(2516544K) Eden: 988118K(2236928K)->0K(2236928K) From: 733K(279616K)->0K(279616K)
[189.059s][info][gc,heap        ] GC(43) Tenured: 45584K(5592448K)->44434K(5592448K)
[189.059s][info][gc,metaspace   ] GC(43) Metaspace: 82122K(82752K)->82122K(82752K) NonClass: 71858K(72192K)->71858K(72192K) Class: 10263K(10560K)->10263K(10560K)
[189.059s][info][gc             ] GC(43) Pause Full (System.gc()) 1010M->43M(7918M) 202.299ms
[189.059s][info][gc,cpu         ] GC(43) User=0.20s Sys=0.00s Real=0.20s
[194.125s][info][gc,start       ] GC(44) Pause Young (Allocation Failure)
[194.128s][info][gc,heap        ] GC(44) DefNew: 2236928K(2516544K)->447K(2516544K) Eden: 2236928K(2236928K)->0K(2236928K) From: 0K(279616K)->447K(279616K)
[194.128s][info][gc,heap        ] GC(44) Tenured: 44434K(5592448K)->44434K(5592448K)
[194.128s][info][gc,metaspace   ] GC(44) Metaspace: 82134K(82752K)->82134K(82752K) NonClass: 71870K(72192K)->71870K(72192K) Class: 10263K(10560K)->10263K(10560K)
[194.128s][info][gc             ] GC(44) Pause Young (Allocation Failure) 2227M->43M(7918M) 2.592ms
[194.128s][info][gc,cpu         ] GC(44) User=0.02s Sys=0.00s Real=0.00s
[199.376s][info][gc,start       ] GC(45) Pause Young (Allocation Failure)
[199.379s][info][gc,heap        ] GC(45) DefNew: 2237375K(2516544K)->545K(2516544K) Eden: 2236928K(2236928K)->0K(2236928K) From: 447K(279616K)->545K(279616K)
[199.379s][info][gc,heap        ] GC(45) Tenured: 44434K(5592448K)->44434K(5592448K)
[199.379s][info][gc,metaspace   ] GC(45) Metaspace: 82138K(82752K)->82138K(82752K) NonClass: 71874K(72192K)->71874K(72192K) Class: 10263K(10560K)->10263K(10560K)
[199.379s][info][gc             ] GC(45) Pause Young (Allocation Failure) 2228M->43M(7918M) 2.987ms
[199.379s][info][gc,cpu         ] GC(45) User=0.02s Sys=0.00s Real=0.01s
[203.967s][info][gc,start       ] GC(46) Pause Young (Allocation Failure)
[203.971s][info][gc,heap        ] GC(46) DefNew: 2237473K(2516544K)->592K(2516544K) Eden: 2236928K(2236928K)->0K(2236928K) From: 545K(279616K)->592K(279616K)
[203.971s][info][gc,heap        ] GC(46) Tenured: 44434K(5592448K)->44434K(5592448K)
[203.971s][info][gc,metaspace   ] GC(46) Metaspace: 82140K(82752K)->82140K(82752K) NonClass: 71876K(72192K)->71876K(72192K) Class: 10263K(10560K)->10263K(10560K)
[203.971s][info][gc             ] GC(46) Pause Young (Allocation Failure) 2228M->43M(7918M) 3.204ms
[203.971s][info][gc,cpu         ] GC(46) User=0.00s Sys=0.00s Real=0.00s
[209.001s][info][gc,start       ] GC(47) Pause Young (Allocation Failure)
[209.004s][info][gc,heap        ] GC(47) DefNew: 2237520K(2516544K)->717K(2516544K) Eden: 2236928K(2236928K)->0K(2236928K) From: 592K(279616K)->717K(279616K)
[209.004s][info][gc,heap        ] GC(47) Tenured: 44434K(5592448K)->44434K(5592448K)
[209.004s][info][gc,metaspace   ] GC(47) Metaspace: 82149K(82752K)->82149K(82752K) NonClass: 71885K(72192K)->71885K(72192K) Class: 10263K(10560K)->10263K(10560K)
[209.004s][info][gc             ] GC(47) Pause Young (Allocation Failure) 2228M->44M(7918M) 3.563ms
[209.004s][info][gc,cpu         ] GC(47) User=0.02s Sys=0.00s Real=0.01s
[211.406s][info][gc,start       ] GC(48) Pause Full (System.gc())
[211.406s][info][gc,phases,start] GC(48) Phase 1: Mark live objects
[211.467s][info][gc,phases      ] GC(48) Phase 1: Mark live objects 60.940ms
[211.467s][info][gc,phases,start] GC(48) Phase 2: Compute new object addresses
[211.570s][info][gc,phases      ] GC(48) Phase 2: Compute new object addresses 103.844ms
[211.571s][info][gc,phases,start] GC(48) Phase 3: Adjust pointers
[211.605s][info][gc,phases      ] GC(48) Phase 3: Adjust pointers 34.242ms
[211.605s][info][gc,phases,start] GC(48) Phase 4: Move objects
[211.605s][info][gc,phases      ] GC(48) Phase 4: Move objects 0.108ms
[211.605s][info][gc,heap        ] GC(48) DefNew: 978946K(2516544K)->0K(2516544K) Eden: 978228K(2236928K)->0K(2236928K) From: 717K(279616K)->0K(279616K)
[211.605s][info][gc,heap        ] GC(48) Tenured: 44434K(5592448K)->44820K(5592448K)
[211.605s][info][gc,metaspace   ] GC(48) Metaspace: 82149K(82752K)->82149K(82752K) NonClass: 71885K(72192K)->71885K(72192K) Class: 10263K(10560K)->10263K(10560K)
[211.605s][info][gc             ] GC(48) Pause Full (System.gc()) 999M->43M(7918M) 199.605ms
[211.605s][info][gc,cpu         ] GC(48) User=0.20s Sys=0.00s Real=0.21s
[216.729s][info][gc,start       ] GC(49) Pause Young (Allocation Failure)
[216.732s][info][gc,heap        ] GC(49) DefNew: 2236928K(2516544K)->433K(2516544K) Eden: 2236928K(2236928K)->0K(2236928K) From: 0K(279616K)->433K(279616K)
[216.732s][info][gc,heap        ] GC(49) Tenured: 44820K(5592448K)->44820K(5592448K)
[216.732s][info][gc,metaspace   ] GC(49) Metaspace: 82151K(82752K)->82151K(82752K) NonClass: 71886K(72192K)->71886K(72192K) Class: 10264K(10560K)->10264K(10560K)
[216.732s][info][gc             ] GC(49) Pause Young (Allocation Failure) 2228M->44M(7918M) 3.712ms
[216.732s][info][gc,cpu         ] GC(49) User=0.00s Sys=0.00s Real=0.00s
[221.954s][info][gc,start       ] GC(50) Pause Young (GCLocker Initiated GC)
[221.956s][info][gc,heap        ] GC(50) DefNew: 2237564K(2516544K)->778K(2516544K) Eden: 2236928K(2236928K)->0K(2236928K) From: 636K(279616K)->778K(279616K)
[221.956s][info][gc,heap        ] GC(50) Tenured: 44820K(5592448K)->44820K(5592448K)
[221.956s][info][gc,metaspace   ] GC(50) Metaspace: 82151K(82752K)->82151K(82752K) NonClass: 71886K(72192K)->71886K(72192K) Class: 10264K(10560K)->10264K(10560K)
[221.956s][info][gc             ] GC(50) Pause Young (GCLocker Initiated GC) 2228M->44M(7918M) 2.753ms
[221.956s][info][gc,cpu         ] GC(50) User=0.02s Sys=0.00s Real=0.00s
[226.552s][info][gc,start       ] GC(51) Pause Young (Allocation Failure)
[226.556s][info][gc,heap        ] GC(51) DefNew: 2237652K(2516544K)->747K(2516544K) Eden: 2236873K(2236928K)->0K(2236928K) From: 778K(279616K)->747K(279616K)
[226.556s][info][gc,heap        ] GC(51) Tenured: 44820K(5592448K)->44820K(5592448K)
[226.556s][info][gc,metaspace   ] GC(51) Metaspace: 82152K(82752K)->82152K(82752K) NonClass: 71888K(72192K)->71888K(72192K) Class: 10264K(10560K)->10264K(10560K)
[226.556s][info][gc             ] GC(51) Pause Young (Allocation Failure) 2228M->44M(7918M) 3.611ms
[226.556s][info][gc,cpu         ] GC(51) User=0.00s Sys=0.00s Real=0.00s
[231.597s][info][gc,start       ] GC(52) Pause Young (Allocation Failure)
[231.600s][info][gc,heap        ] GC(52) DefNew: 2237675K(2516544K)->754K(2516544K) Eden: 2236928K(2236928K)->0K(2236928K) From: 747K(279616K)->754K(279616K)
[231.600s][info][gc,heap        ] GC(52) Tenured: 44820K(5592448K)->44820K(5592448K)
[231.600s][info][gc,metaspace   ] GC(52) Metaspace: 82152K(82752K)->82152K(82752K) NonClass: 71888K(72192K)->71888K(72192K) Class: 10264K(10560K)->10264K(10560K)
[231.600s][info][gc             ] GC(52) Pause Young (Allocation Failure) 2229M->44M(7918M) 2.834ms
[231.600s][info][gc,cpu         ] GC(52) User=0.00s Sys=0.00s Real=0.00s
[234.135s][info][gc,heap,exit   ] Heap
[234.136s][info][gc,heap,exit   ]  def new generation   total 2516544K, used 1011961K [0x0000000600000000, 0x00000006aaaa0000, 0x00000006aaaa0000)
[234.136s][info][gc,heap,exit   ]   eden space 2236928K,  45% used [0x0000000600000000, 0x000000063db81c78, 0x0000000688880000)
[234.136s][info][gc,heap,exit   ]   from space 279616K,   0% used [0x0000000688880000, 0x000000068893ca58, 0x0000000699990000)
[234.136s][info][gc,heap,exit   ]   to   space 279616K,   0% used [0x0000000699990000, 0x0000000699990000, 0x00000006aaaa0000)
[234.136s][info][gc,heap,exit   ]  tenured generation   total 5592448K, used 44820K [0x00000006aaaa0000, 0x0000000800000000, 0x0000000800000000)
[234.136s][info][gc,heap,exit   ]    the space 5592448K,   0% used [0x00000006aaaa0000, 0x00000006ad665318, 0x00000006ad665400, 0x0000000800000000)
[234.136s][info][gc,heap,exit   ]  Metaspace       used 82304K, committed 82880K, reserved 1179648K
[234.136s][info][gc,heap,exit   ]   class space    used 10297K, committed 10560K, reserved 1048576K
