[0.010s][info][gc,heap] Heap region size: 1M
[0.021s][info][gc     ] Using G1
[0.021s][info][gc,heap,coops] Heap address: 0x00000000c0000000, size: 1024 MB, Compressed Oops mode: 32-bit
[0.575s][info][gc,start     ] GC(0) Pause Young (Normal) (G1 Evacuation Pause)
[0.576s][info][gc,task      ] GC(0) Using 6 workers of 6 for evacuation
[0.578s][info][gc,phases    ] GC(0)   Pre Evacuate Collection Set: 0.0ms
[0.578s][info][gc,phases    ] GC(0)   Evacuate Collection Set: 2.1ms
[0.578s][info][gc,phases    ] GC(0)   Post Evacuate Collection Set: 0.4ms
[0.578s][info][gc,phases    ] GC(0)   Other: 0.4ms
[0.578s][info][gc,heap      ] GC(0) Eden regions: 51->0(611)
[0.579s][info][gc,heap      ] GC(0) Survivor regions: 0->3(7)
[0.579s][info][gc,heap      ] GC(0) Old regions: 0->0
[0.579s][info][gc,heap      ] GC(0) Humongous regions: 0->0
[0.579s][info][gc,metaspace ] GC(0) Metaspace: 9770K(10240K)->9770K(10240K) NonClass: 8912K(9216K)->8912K(9216K) Class: 858K(1024K)->858K(1024K)
[0.579s][info][gc           ] GC(0) Pause Young (Normal) (G1 Evacuation Pause) 50M->2M(1024M) 3.306ms
[0.579s][info][gc,cpu       ] GC(0) User=0.00s Sys=0.00s Real=0.01s
[4.442s][info][gc,start     ] GC(1) Pause Young (Normal) (G1 Evacuation Pause)
[4.442s][info][gc,task      ] GC(1) Using 6 workers of 6 for evacuation
[4.454s][info][gc,phases    ] GC(1)   Pre Evacuate Collection Set: 0.0ms
[4.454s][info][gc,phases    ] GC(1)   Evacuate Collection Set: 11.1ms
[4.454s][info][gc,phases    ] GC(1)   Post Evacuate Collection Set: 0.9ms
[4.454s][info][gc,phases    ] GC(1)   Other: 0.3ms
[4.454s][info][gc,heap      ] GC(1) Eden regions: 611->0(332)
[4.454s][info][gc,heap      ] GC(1) Survivor regions: 3->19(77)
[4.454s][info][gc,heap      ] GC(1) Old regions: 0->0
[4.454s][info][gc,heap      ] GC(1) Humongous regions: 0->0
[4.454s][info][gc,metaspace ] GC(1) Metaspace: 17340K(17920K)->17340K(17920K) NonClass: 14670K(15104K)->14670K(15104K) Class: 2670K(2816K)->2670K(2816K)
[4.454s][info][gc           ] GC(1) Pause Young (Normal) (G1 Evacuation Pause) 613M->18M(1024M) 12.514ms
[4.454s][info][gc,cpu       ] GC(1) User=0.05s Sys=0.00s Real=0.01s
[4.804s][info][gc,start     ] GC(2) Pause Young (Concurrent Start) (Metadata GC Threshold)
[4.804s][info][gc,task      ] GC(2) Using 6 workers of 6 for evacuation
[4.827s][info][gc,phases    ] GC(2)   Pre Evacuate Collection Set: 0.0ms
[4.827s][info][gc,phases    ] GC(2)   Evacuate Collection Set: 22.4ms
[4.827s][info][gc,phases    ] GC(2)   Post Evacuate Collection Set: 0.6ms
[4.827s][info][gc,phases    ] GC(2)   Other: 0.2ms
[4.827s][info][gc,heap      ] GC(2) Eden regions: 125->0(165)
[4.827s][info][gc,heap      ] GC(2) Survivor regions: 19->22(44)
[4.827s][info][gc,heap      ] GC(2) Old regions: 0->0
[4.827s][info][gc,heap      ] GC(2) Humongous regions: 0->0
[4.827s][info][gc,metaspace ] GC(2) Metaspace: 20742K(21296K)->20742K(21296K) NonClass: 17142K(17584K)->17142K(17584K) Class: 3600K(3712K)->3600K(3712K)
[4.827s][info][gc           ] GC(2) Pause Young (Concurrent Start) (Metadata GC Threshold) 142M->22M(1024M) 23.373ms
[4.827s][info][gc,cpu       ] GC(2) User=0.03s Sys=0.00s Real=0.03s
[4.827s][info][gc           ] GC(3) Concurrent Cycle
[4.827s][info][gc,marking   ] GC(3) Concurrent Clear Claimed Marks
[4.827s][info][gc,marking   ] GC(3) Concurrent Clear Claimed Marks 0.017ms
[4.827s][info][gc,marking   ] GC(3) Concurrent Scan Root Regions
[4.831s][info][gc,marking   ] GC(3) Concurrent Scan Root Regions 3.591ms
[4.831s][info][gc,marking   ] GC(3) Concurrent Mark (4.831s)
[4.831s][info][gc,marking   ] GC(3) Concurrent Mark From Roots
[4.831s][info][gc,task      ] GC(3) Using 2 workers of 2 for marking
[4.831s][info][gc,marking   ] GC(3) Concurrent Mark From Roots 0.278ms
[4.831s][info][gc,marking   ] GC(3) Concurrent Preclean
[4.831s][info][gc,marking   ] GC(3) Concurrent Preclean 0.032ms
[4.831s][info][gc,marking   ] GC(3) Concurrent Mark (4.831s, 4.831s) 0.344ms
[4.832s][info][gc,start     ] GC(3) Pause Remark
[4.833s][info][gc,stringtable] GC(3) Cleaned string and symbol table, strings: 25581 processed, 0 removed, symbols: 54557 processed, 16 removed
[4.833s][info][gc            ] GC(3) Pause Remark 22M->22M(1024M) 1.512ms
[4.833s][info][gc,cpu        ] GC(3) User=0.05s Sys=0.05s Real=0.00s
[4.833s][info][gc,marking    ] GC(3) Concurrent Rebuild Remembered Sets
[4.833s][info][gc,marking    ] GC(3) Concurrent Rebuild Remembered Sets 0.114ms
[4.833s][info][gc,start      ] GC(3) Pause Cleanup
[4.833s][info][gc            ] GC(3) Pause Cleanup 22M->22M(1024M) 0.108ms
[4.833s][info][gc,cpu        ] GC(3) User=0.00s Sys=0.00s Real=0.00s
[4.833s][info][gc,marking    ] GC(3) Concurrent Cleanup for Next Mark
[4.835s][info][gc,marking    ] GC(3) Concurrent Cleanup for Next Mark 1.571ms
[4.835s][info][gc            ] GC(3) Concurrent Cycle 7.756ms
[5.397s][info][gc,task       ] GC(4) Using 6 workers of 6 for full compaction
[5.397s][info][gc,start      ] GC(4) Pause Full (System.gc())
[5.397s][info][gc,phases,start] GC(4) Phase 1: Mark live objects
[5.417s][info][gc,stringtable ] GC(4) Cleaned string and symbol table, strings: 29136 processed, 89 removed, symbols: 67713 processed, 61 removed
[5.417s][info][gc,phases      ] GC(4) Phase 1: Mark live objects 19.832ms
[5.417s][info][gc,phases,start] GC(4) Phase 2: Prepare for compaction
[5.420s][info][gc,phases      ] GC(4) Phase 2: Prepare for compaction 2.982ms
[5.420s][info][gc,phases,start] GC(4) Phase 3: Adjust pointers
[5.424s][info][gc,phases      ] GC(4) Phase 3: Adjust pointers 4.235ms
[5.424s][info][gc,phases,start] GC(4) Phase 4: Compact heap
[5.428s][info][gc,phases      ] GC(4) Phase 4: Compact heap 4.205ms
[5.430s][info][gc,heap        ] GC(4) Eden regions: 29->0(325)
[5.430s][info][gc,heap        ] GC(4) Survivor regions: 22->0(44)
[5.430s][info][gc,heap        ] GC(4) Old regions: 0->25
[5.430s][info][gc,heap        ] GC(4) Humongous regions: 0->0
[5.430s][info][gc,metaspace   ] GC(4) Metaspace: 26456K(27824K)->26399K(27824K) NonClass: 21834K(22960K)->21781K(22960K) Class: 4621K(4864K)->4618K(4864K)
[5.430s][info][gc             ] GC(4) Pause Full (System.gc()) 51M->22M(1024M) 33.722ms
[5.431s][info][gc,cpu         ] GC(4) User=0.09s Sys=0.02s Real=0.05s
[7.407s][info][gc,start       ] GC(5) Pause Young (Normal) (G1 Evacuation Pause)
[7.407s][info][gc,task        ] GC(5) Using 6 workers of 6 for evacuation
[7.410s][info][gc,phases      ] GC(5)   Pre Evacuate Collection Set: 0.0ms
[7.411s][info][gc,phases      ] GC(5)   Evacuate Collection Set: 3.1ms
[7.411s][info][gc,phases      ] GC(5)   Post Evacuate Collection Set: 0.6ms
[7.411s][info][gc,phases      ] GC(5)   Other: 0.2ms
[7.411s][info][gc,heap        ] GC(5) Eden regions: 325->0(472)
[7.411s][info][gc,heap        ] GC(5) Survivor regions: 0->7(41)
[7.411s][info][gc,heap        ] GC(5) Old regions: 25->25
[7.411s][info][gc,heap        ] GC(5) Humongous regions: 0->0
[7.411s][info][gc,metaspace   ] GC(5) Metaspace: 42071K(44848K)->42071K(44848K) NonClass: 34861K(37296K)->34861K(37296K) Class: 7210K(7552K)->7210K(7552K)
[7.411s][info][gc             ] GC(5) Pause Young (Normal) (G1 Evacuation Pause) 347M->29M(1024M) 4.053ms
[7.411s][info][gc,cpu         ] GC(5) User=0.00s Sys=0.00s Real=0.00s
[8.188s][info][gc,start       ] GC(6) Pause Young (Normal) (G1 Evacuation Pause)
[8.188s][info][gc,task        ] GC(6) Using 6 workers of 6 for evacuation
[8.191s][info][gc,phases      ] GC(6)   Pre Evacuate Collection Set: 0.0ms
[8.191s][info][gc,phases      ] GC(6)   Evacuate Collection Set: 2.8ms
[8.191s][info][gc,phases      ] GC(6)   Post Evacuate Collection Set: 0.5ms
[8.191s][info][gc,phases      ] GC(6)   Other: 0.2ms
[8.191s][info][gc,heap        ] GC(6) Eden regions: 470->0(608)
[8.191s][info][gc,heap        ] GC(6) Survivor regions: 7->6(60)
[8.191s][info][gc,heap        ] GC(6) Old regions: 25->25
[8.191s][info][gc,heap        ] GC(6) Humongous regions: 0->0
[8.191s][info][gc,metaspace   ] GC(6) Metaspace: 42239K(44848K)->42239K(44848K) NonClass: 35029K(37296K)->35029K(37296K) Class: 7210K(7552K)->7210K(7552K)
[8.191s][info][gc             ] GC(6) Pause Young (Normal) (G1 Evacuation Pause) 499M->28M(1024M) 3.637ms
[8.191s][info][gc,cpu         ] GC(6) User=0.00s Sys=0.00s Real=0.00s
[9.434s][info][gc,start       ] GC(7) Pause Young (Normal) (G1 Evacuation Pause)
[9.434s][info][gc,task        ] GC(7) Using 6 workers of 6 for evacuation
[9.438s][info][gc,phases      ] GC(7)   Pre Evacuate Collection Set: 0.0ms
[9.438s][info][gc,phases      ] GC(7)   Evacuate Collection Set: 2.8ms
[9.438s][info][gc,phases      ] GC(7)   Post Evacuate Collection Set: 0.6ms
[9.438s][info][gc,phases      ] GC(7)   Other: 0.2ms
[9.438s][info][gc,heap        ] GC(7) Eden regions: 608->0(608)
[9.438s][info][gc,heap        ] GC(7) Survivor regions: 6->6(77)
[9.438s][info][gc,heap        ] GC(7) Old regions: 25->25
[9.438s][info][gc,heap        ] GC(7) Humongous regions: 0->0
[9.438s][info][gc,metaspace   ] GC(7) Metaspace: 42404K(45104K)->42404K(45104K) NonClass: 35193K(37552K)->35193K(37552K) Class: 7210K(7552K)->7210K(7552K)
[9.438s][info][gc             ] GC(7) Pause Young (Normal) (G1 Evacuation Pause) 636M->28M(1024M) 3.694ms
[9.438s][info][gc,cpu         ] GC(7) User=0.00s Sys=0.00s Real=0.02s
[11.414s][info][gc,start       ] GC(8) Pause Young (Normal) (G1 Evacuation Pause)
[11.414s][info][gc,task        ] GC(8) Using 6 workers of 6 for evacuation
[11.435s][info][gc,phases      ] GC(8)   Pre Evacuate Collection Set: 0.0ms
[11.435s][info][gc,phases      ] GC(8)   Evacuate Collection Set: 7.6ms
[11.435s][info][gc,phases      ] GC(8)   Post Evacuate Collection Set: 13.1ms
[11.435s][info][gc,phases      ] GC(8)   Other: 0.3ms
[11.435s][info][gc,heap        ] GC(8) Eden regions: 608->0(591)
[11.435s][info][gc,heap        ] GC(8) Survivor regions: 6->23(77)
[11.435s][info][gc,heap        ] GC(8) Old regions: 25->25
[11.435s][info][gc,heap        ] GC(8) Humongous regions: 0->0
[11.435s][info][gc,metaspace   ] GC(8) Metaspace: 43498K(46256K)->43498K(46256K) NonClass: 36218K(38576K)->36218K(38576K) Class: 7280K(7680K)->7280K(7680K)
[11.435s][info][gc             ] GC(8) Pause Young (Normal) (G1 Evacuation Pause) 636M->45M(1024M) 21.046ms
[11.435s][info][gc,cpu         ] GC(8) User=0.06s Sys=0.03s Real=0.03s
[12.470s][info][gc,start       ] GC(9) Pause Young (Normal) (G1 Evacuation Pause)
[12.470s][info][gc,task        ] GC(9) Using 6 workers of 6 for evacuation
[12.474s][info][gc,phases      ] GC(9)   Pre Evacuate Collection Set: 0.0ms
[12.474s][info][gc,phases      ] GC(9)   Evacuate Collection Set: 2.7ms
[12.474s][info][gc,phases      ] GC(9)   Post Evacuate Collection Set: 0.6ms
[12.474s][info][gc,phases      ] GC(9)   Other: 0.3ms
[12.474s][info][gc,heap        ] GC(9) Eden regions: 591->0(607)
[12.474s][info][gc,heap        ] GC(9) Survivor regions: 23->7(77)
[12.474s][info][gc,heap        ] GC(9) Old regions: 25->25
[12.474s][info][gc,heap        ] GC(9) Humongous regions: 0->0
[12.474s][info][gc,metaspace   ] GC(9) Metaspace: 43541K(46256K)->43541K(46256K) NonClass: 36258K(38576K)->36258K(38576K) Class: 7282K(7680K)->7282K(7680K)
[12.474s][info][gc             ] GC(9) Pause Young (Normal) (G1 Evacuation Pause) 636M->29M(1024M) 3.743ms
[12.474s][info][gc,cpu         ] GC(9) User=0.00s Sys=0.00s Real=0.01s
[13.469s][info][gc,start       ] GC(10) Pause Young (Normal) (G1 Evacuation Pause)
[13.469s][info][gc,task        ] GC(10) Using 6 workers of 6 for evacuation
[13.472s][info][gc,phases      ] GC(10)   Pre Evacuate Collection Set: 0.0ms
[13.472s][info][gc,phases      ] GC(10)   Evacuate Collection Set: 2.7ms
[13.472s][info][gc,phases      ] GC(10)   Post Evacuate Collection Set: 0.6ms
[13.472s][info][gc,phases      ] GC(10)   Other: 0.2ms
[13.472s][info][gc,heap        ] GC(10) Eden regions: 607->0(608)
[13.472s][info][gc,heap        ] GC(10) Survivor regions: 7->6(77)
[13.472s][info][gc,heap        ] GC(10) Old regions: 25->25
[13.472s][info][gc,heap        ] GC(10) Humongous regions: 0->0
[13.472s][info][gc,metaspace   ] GC(10) Metaspace: 43541K(46256K)->43541K(46256K) NonClass: 36259K(38576K)->36259K(38576K) Class: 7282K(7680K)->7282K(7680K)
[13.472s][info][gc             ] GC(10) Pause Young (Normal) (G1 Evacuation Pause) 636M->28M(1024M) 3.554ms
[13.472s][info][gc,cpu         ] GC(10) User=0.00s Sys=0.00s Real=0.00s
[14.998s][info][gc,start       ] GC(11) Pause Young (Normal) (G1 Evacuation Pause)
[14.998s][info][gc,task        ] GC(11) Using 6 workers of 6 for evacuation
[15.013s][info][gc,phases      ] GC(11)   Pre Evacuate Collection Set: 0.0ms
[15.013s][info][gc,phases      ] GC(11)   Evacuate Collection Set: 5.1ms
[15.013s][info][gc,phases      ] GC(11)   Post Evacuate Collection Set: 10.1ms
[15.013s][info][gc,phases      ] GC(11)   Other: 0.2ms
[15.013s][info][gc,heap        ] GC(11) Eden regions: 608->0(591)
[15.013s][info][gc,heap        ] GC(11) Survivor regions: 6->23(77)
[15.013s][info][gc,heap        ] GC(11) Old regions: 25->25
[15.013s][info][gc,heap        ] GC(11) Humongous regions: 0->0
[15.013s][info][gc,metaspace   ] GC(11) Metaspace: 43553K(46256K)->43553K(46256K) NonClass: 36270K(38576K)->36270K(38576K) Class: 7282K(7680K)->7282K(7680K)
[15.013s][info][gc             ] GC(11) Pause Young (Normal) (G1 Evacuation Pause) 636M->45M(1024M) 15.560ms
[15.013s][info][gc,cpu         ] GC(11) User=0.08s Sys=0.02s Real=0.02s
[15.302s][info][gc,task        ] GC(12) Using 6 workers of 6 for full compaction
[15.302s][info][gc,start       ] GC(12) Pause Full (System.gc())
[15.302s][info][gc,phases,start] GC(12) Phase 1: Mark live objects
[15.316s][info][gc,stringtable ] GC(12) Cleaned string and symbol table, strings: 39248 processed, 73 removed, symbols: 94341 processed, 460 removed
[15.316s][info][gc,phases      ] GC(12) Phase 1: Mark live objects 14.114ms
[15.316s][info][gc,phases,start] GC(12) Phase 2: Prepare for compaction
[15.320s][info][gc,phases      ] GC(12) Phase 2: Prepare for compaction 3.447ms
[15.320s][info][gc,phases,start] GC(12) Phase 3: Adjust pointers
[15.327s][info][gc,phases      ] GC(12) Phase 3: Adjust pointers 6.720ms
[15.327s][info][gc,phases,start] GC(12) Phase 4: Compact heap
[15.330s][info][gc,phases      ] GC(12) Phase 4: Compact heap 3.657ms
[15.335s][info][gc,heap        ] GC(12) Eden regions: 141->0(614)
[15.335s][info][gc,heap        ] GC(12) Survivor regions: 23->0(77)
[15.335s][info][gc,heap        ] GC(12) Old regions: 25->31
[15.335s][info][gc,heap        ] GC(12) Humongous regions: 0->0
[15.335s][info][gc,metaspace   ] GC(12) Metaspace: 43643K(46256K)->43611K(46256K) NonClass: 36353K(38576K)->36324K(38576K) Class: 7289K(7680K)->7286K(7680K)
[15.335s][info][gc             ] GC(12) Pause Full (System.gc()) 186M->28M(1024M) 32.656ms
[15.335s][info][gc,cpu         ] GC(12) User=0.09s Sys=0.00s Real=0.04s
[16.191s][info][gc,start       ] GC(13) Pause Young (Normal) (G1 Evacuation Pause)
[16.191s][info][gc,task        ] GC(13) Using 6 workers of 6 for evacuation
[16.193s][info][gc,phases      ] GC(13)   Pre Evacuate Collection Set: 0.0ms
[16.193s][info][gc,phases      ] GC(13)   Evacuate Collection Set: 0.7ms
[16.193s][info][gc,phases      ] GC(13)   Post Evacuate Collection Set: 0.4ms
[16.193s][info][gc,phases      ] GC(13)   Other: 0.2ms
[16.193s][info][gc,heap        ] GC(13) Eden regions: 614->0(611)
[16.193s][info][gc,heap        ] GC(13) Survivor regions: 0->3(77)
[16.193s][info][gc,heap        ] GC(13) Old regions: 31->31
[16.193s][info][gc,heap        ] GC(13) Humongous regions: 0->0
[16.193s][info][gc,metaspace   ] GC(13) Metaspace: 43679K(46512K)->43679K(46512K) NonClass: 36392K(38832K)->36392K(38832K) Class: 7287K(7680K)->7287K(7680K)
[16.193s][info][gc             ] GC(13) Pause Young (Normal) (G1 Evacuation Pause) 642M->31M(1024M) 1.407ms
[16.193s][info][gc,cpu         ] GC(13) User=0.09s Sys=0.00s Real=0.00s
[17.877s][info][gc,start       ] GC(14) Pause Young (Normal) (G1 Evacuation Pause)
[17.877s][info][gc,task        ] GC(14) Using 6 workers of 6 for evacuation
[17.878s][info][gc,phases      ] GC(14)   Pre Evacuate Collection Set: 0.0ms
[17.878s][info][gc,phases      ] GC(14)   Evacuate Collection Set: 0.7ms
[17.878s][info][gc,phases      ] GC(14)   Post Evacuate Collection Set: 0.5ms
[17.878s][info][gc,phases      ] GC(14)   Other: 0.2ms
[17.878s][info][gc,heap        ] GC(14) Eden regions: 611->0(613)
[17.878s][info][gc,heap        ] GC(14) Survivor regions: 3->1(77)
[17.878s][info][gc,heap        ] GC(14) Old regions: 31->31
[17.878s][info][gc,heap        ] GC(14) Humongous regions: 0->0
[17.878s][info][gc,metaspace   ] GC(14) Metaspace: 43679K(46512K)->43679K(46512K) NonClass: 36392K(38832K)->36392K(38832K) Class: 7287K(7680K)->7287K(7680K)
[17.878s][info][gc             ] GC(14) Pause Young (Normal) (G1 Evacuation Pause) 642M->28M(1024M) 1.505ms
[17.878s][info][gc,cpu         ] GC(14) User=0.00s Sys=0.00s Real=0.00s
[18.931s][info][gc,start       ] GC(15) Pause Young (Normal) (G1 Evacuation Pause)
[18.931s][info][gc,task        ] GC(15) Using 6 workers of 6 for evacuation
[18.948s][info][gc,phases      ] GC(15)   Pre Evacuate Collection Set: 0.0ms
[18.948s][info][gc,phases      ] GC(15)   Evacuate Collection Set: 6.3ms
[18.948s][info][gc,phases      ] GC(15)   Post Evacuate Collection Set: 10.2ms
[18.948s][info][gc,phases      ] GC(15)   Other: 0.2ms
[18.948s][info][gc,heap        ] GC(15) Eden regions: 613->0(597)
[18.948s][info][gc,heap        ] GC(15) Survivor regions: 1->17(77)
[18.948s][info][gc,heap        ] GC(15) Old regions: 31->31
[18.948s][info][gc,heap        ] GC(15) Humongous regions: 0->0
[18.948s][info][gc,metaspace   ] GC(15) Metaspace: 43679K(46512K)->43679K(46512K) NonClass: 36392K(38832K)->36392K(38832K) Class: 7287K(7680K)->7287K(7680K)
[18.948s][info][gc             ] GC(15) Pause Young (Normal) (G1 Evacuation Pause) 641M->45M(1024M) 16.817ms
[18.948s][info][gc,cpu         ] GC(15) User=0.09s Sys=0.00s Real=0.02s
[19.692s][info][gc,start       ] GC(16) Pause Young (Normal) (G1 Evacuation Pause)
[19.692s][info][gc,task        ] GC(16) Using 6 workers of 6 for evacuation
[19.693s][info][gc,phases      ] GC(16)   Pre Evacuate Collection Set: 0.0ms
[19.693s][info][gc,phases      ] GC(16)   Evacuate Collection Set: 0.6ms
[19.693s][info][gc,phases      ] GC(16)   Post Evacuate Collection Set: 0.5ms
[19.693s][info][gc,phases      ] GC(16)   Other: 0.3ms
[19.693s][info][gc,heap        ] GC(16) Eden regions: 597->0(612)
[19.693s][info][gc,heap        ] GC(16) Survivor regions: 17->2(77)
[19.693s][info][gc,heap        ] GC(16) Old regions: 31->31
[19.693s][info][gc,heap        ] GC(16) Humongous regions: 0->0
[19.693s][info][gc,metaspace   ] GC(16) Metaspace: 43683K(46512K)->43683K(46512K) NonClass: 36395K(38832K)->36395K(38832K) Class: 7287K(7680K)->7287K(7680K)
[19.693s][info][gc             ] GC(16) Pause Young (Normal) (G1 Evacuation Pause) 642M->30M(1024M) 1.532ms
[19.693s][info][gc,cpu         ] GC(16) User=0.02s Sys=0.00s Real=0.00s
[21.350s][info][gc,start       ] GC(17) Pause Young (Normal) (G1 Evacuation Pause)
[21.350s][info][gc,task        ] GC(17) Using 6 workers of 6 for evacuation
[21.351s][info][gc,phases      ] GC(17)   Pre Evacuate Collection Set: 0.0ms
[21.351s][info][gc,phases      ] GC(17)   Evacuate Collection Set: 0.7ms
[21.351s][info][gc,phases      ] GC(17)   Post Evacuate Collection Set: 0.4ms
[21.352s][info][gc,phases      ] GC(17)   Other: 0.2ms
[21.352s][info][gc,heap        ] GC(17) Eden regions: 612->0(613)
[21.352s][info][gc,heap        ] GC(17) Survivor regions: 2->1(77)
[21.352s][info][gc,heap        ] GC(17) Old regions: 31->31
[21.352s][info][gc,heap        ] GC(17) Humongous regions: 0->0
[21.352s][info][gc,metaspace   ] GC(17) Metaspace: 43683K(46512K)->43683K(46512K) NonClass: 36395K(38832K)->36395K(38832K) Class: 7287K(7680K)->7287K(7680K)
[21.352s][info][gc             ] GC(17) Pause Young (Normal) (G1 Evacuation Pause) 642M->28M(1024M) 1.533ms
[21.352s][info][gc,cpu         ] GC(17) User=0.00s Sys=0.00s Real=0.00s
[22.385s][info][gc,task        ] GC(18) Using 6 workers of 6 for full compaction
[22.385s][info][gc,start       ] GC(18) Pause Full (System.gc())
[22.385s][info][gc,phases,start] GC(18) Phase 1: Mark live objects
[22.407s][info][gc,stringtable ] GC(18) Cleaned string and symbol table, strings: 39248 processed, 9 removed, symbols: 93885 processed, 71 removed
[22.407s][info][gc,phases      ] GC(18) Phase 1: Mark live objects 21.756ms
[22.407s][info][gc,phases,start] GC(18) Phase 2: Prepare for compaction
[22.416s][info][gc,phases      ] GC(18) Phase 2: Prepare for compaction 8.894ms
[22.416s][info][gc,phases,start] GC(18) Phase 3: Adjust pointers
[22.426s][info][gc,phases      ] GC(18) Phase 3: Adjust pointers 10.281ms
[22.426s][info][gc,phases,start] GC(18) Phase 4: Compact heap
[22.437s][info][gc,phases      ] GC(18) Phase 4: Compact heap 10.534ms
[22.441s][info][gc,heap        ] GC(18) Eden regions: 602->0(614)
[22.441s][info][gc,heap        ] GC(18) Survivor regions: 1->0(77)
[22.441s][info][gc,heap        ] GC(18) Old regions: 31->48
[22.441s][info][gc,heap        ] GC(18) Humongous regions: 0->0
[22.441s][info][gc,metaspace   ] GC(18) Metaspace: 43685K(46512K)->43685K(46512K) NonClass: 36398K(38832K)->36398K(38832K) Class: 7287K(7680K)->7287K(7680K)
[22.441s][info][gc             ] GC(18) Pause Full (System.gc()) 630M->44M(1024M) 56.198ms
[22.441s][info][gc,cpu         ] GC(18) User=0.27s Sys=0.00s Real=0.05s
[23.201s][info][gc,start       ] GC(19) Pause Young (Normal) (G1 Evacuation Pause)
[23.201s][info][gc,task        ] GC(19) Using 6 workers of 6 for evacuation
[23.203s][info][gc,phases      ] GC(19)   Pre Evacuate Collection Set: 0.0ms
[23.203s][info][gc,phases      ] GC(19)   Evacuate Collection Set: 0.8ms
[23.203s][info][gc,phases      ] GC(19)   Post Evacuate Collection Set: 0.6ms
[23.203s][info][gc,phases      ] GC(19)   Other: 0.3ms
[23.203s][info][gc,heap        ] GC(19) Eden regions: 614->0(613)
[23.203s][info][gc,heap        ] GC(19) Survivor regions: 0->1(77)
[23.203s][info][gc,heap        ] GC(19) Old regions: 48->48
[23.203s][info][gc,heap        ] GC(19) Humongous regions: 0->0
[23.203s][info][gc,metaspace   ] GC(19) Metaspace: 43758K(46512K)->43758K(46512K) NonClass: 36470K(38832K)->36470K(38832K) Class: 7287K(7680K)->7287K(7680K)
[23.203s][info][gc             ] GC(19) Pause Young (Normal) (G1 Evacuation Pause) 658M->45M(1024M) 1.873ms
[23.203s][info][gc,cpu         ] GC(19) User=0.00s Sys=0.00s Real=0.00s
[24.858s][info][gc,start       ] GC(20) Pause Young (Normal) (G1 Evacuation Pause)
[24.858s][info][gc,task        ] GC(20) Using 6 workers of 6 for evacuation
[24.860s][info][gc,phases      ] GC(20)   Pre Evacuate Collection Set: 0.0ms
[24.860s][info][gc,phases      ] GC(20)   Evacuate Collection Set: 0.5ms
[24.860s][info][gc,phases      ] GC(20)   Post Evacuate Collection Set: 0.5ms
[24.860s][info][gc,phases      ] GC(20)   Other: 0.2ms
[24.860s][info][gc,heap        ] GC(20) Eden regions: 613->0(613)
[24.860s][info][gc,heap        ] GC(20) Survivor regions: 1->1(77)
[24.860s][info][gc,heap        ] GC(20) Old regions: 48->48
[24.860s][info][gc,heap        ] GC(20) Humongous regions: 0->0
[24.860s][info][gc,metaspace   ] GC(20) Metaspace: 43758K(46512K)->43758K(46512K) NonClass: 36470K(38832K)->36470K(38832K) Class: 7287K(7680K)->7287K(7680K)
[24.860s][info][gc             ] GC(20) Pause Young (Normal) (G1 Evacuation Pause) 658M->45M(1024M) 1.411ms
[24.860s][info][gc,cpu         ] GC(20) User=0.00s Sys=0.00s Real=0.00s
[25.885s][info][gc,start       ] GC(21) Pause Young (Normal) (G1 Evacuation Pause)
[25.885s][info][gc,task        ] GC(21) Using 6 workers of 6 for evacuation
[25.901s][info][gc,phases      ] GC(21)   Pre Evacuate Collection Set: 0.0ms
[25.901s][info][gc,phases      ] GC(21)   Evacuate Collection Set: 6.1ms
[25.901s][info][gc,phases      ] GC(21)   Post Evacuate Collection Set: 10.3ms
[25.901s][info][gc,phases      ] GC(21)   Other: 0.2ms
[25.901s][info][gc,heap        ] GC(21) Eden regions: 613->0(597)
[25.901s][info][gc,heap        ] GC(21) Survivor regions: 1->17(77)
[25.901s][info][gc,heap        ] GC(21) Old regions: 48->48
[25.901s][info][gc,heap        ] GC(21) Humongous regions: 0->0
[25.901s][info][gc,metaspace   ] GC(21) Metaspace: 43758K(46512K)->43758K(46512K) NonClass: 36470K(38832K)->36470K(38832K) Class: 7287K(7680K)->7287K(7680K)
[25.901s][info][gc             ] GC(21) Pause Young (Normal) (G1 Evacuation Pause) 658M->61M(1024M) 16.754ms
[25.901s][info][gc,cpu         ] GC(21) User=0.09s Sys=0.00s Real=0.03s
[26.587s][info][gc,start       ] GC(22) Pause Young (Normal) (G1 Evacuation Pause)
[26.587s][info][gc,task        ] GC(22) Using 6 workers of 6 for evacuation
[26.588s][info][gc,phases      ] GC(22)   Pre Evacuate Collection Set: 0.0ms
[26.588s][info][gc,phases      ] GC(22)   Evacuate Collection Set: 0.5ms
[26.588s][info][gc,phases      ] GC(22)   Post Evacuate Collection Set: 0.4ms
[26.588s][info][gc,phases      ] GC(22)   Other: 0.3ms
[26.588s][info][gc,heap        ] GC(22) Eden regions: 597->0(612)
[26.588s][info][gc,heap        ] GC(22) Survivor regions: 17->2(77)
[26.588s][info][gc,heap        ] GC(22) Old regions: 48->48
[26.588s][info][gc,heap        ] GC(22) Humongous regions: 0->0
[26.588s][info][gc,metaspace   ] GC(22) Metaspace: 43758K(46512K)->43758K(46512K) NonClass: 36470K(38832K)->36470K(38832K) Class: 7287K(7680K)->7287K(7680K)
[26.588s][info][gc             ] GC(22) Pause Young (Normal) (G1 Evacuation Pause) 658M->46M(1024M) 1.378ms
[26.588s][info][gc,cpu         ] GC(22) User=0.00s Sys=0.00s Real=0.00s
[28.245s][info][gc,start       ] GC(23) Pause Young (Normal) (G1 Evacuation Pause)
[28.245s][info][gc,task        ] GC(23) Using 6 workers of 6 for evacuation
[28.246s][info][gc,phases      ] GC(23)   Pre Evacuate Collection Set: 0.0ms
[28.246s][info][gc,phases      ] GC(23)   Evacuate Collection Set: 0.6ms
[28.246s][info][gc,phases      ] GC(23)   Post Evacuate Collection Set: 0.5ms
[28.246s][info][gc,phases      ] GC(23)   Other: 0.2ms
[28.246s][info][gc,heap        ] GC(23) Eden regions: 612->0(613)
[28.246s][info][gc,heap        ] GC(23) Survivor regions: 2->1(77)
[28.246s][info][gc,heap        ] GC(23) Old regions: 48->48
[28.246s][info][gc,heap        ] GC(23) Humongous regions: 0->0
[28.246s][info][gc,metaspace   ] GC(23) Metaspace: 43758K(46512K)->43758K(46512K) NonClass: 36470K(38832K)->36470K(38832K) Class: 7287K(7680K)->7287K(7680K)
[28.246s][info][gc             ] GC(23) Pause Young (Normal) (G1 Evacuation Pause) 658M->45M(1024M) 1.536ms
[28.246s][info][gc,cpu         ] GC(23) User=0.00s Sys=0.00s Real=0.00s
[29.268s][info][gc,task        ] GC(24) Using 6 workers of 6 for full compaction
[29.268s][info][gc,start       ] GC(24) Pause Full (System.gc())
[29.268s][info][gc,phases,start] GC(24) Phase 1: Mark live objects
[29.291s][info][gc,stringtable ] GC(24) Cleaned string and symbol table, strings: 39265 processed, 10 removed, symbols: 93818 processed, 1 removed
[29.291s][info][gc,phases      ] GC(24) Phase 1: Mark live objects 23.473ms
[29.291s][info][gc,phases,start] GC(24) Phase 2: Prepare for compaction
[29.300s][info][gc,phases      ] GC(24) Phase 2: Prepare for compaction 8.480ms
[29.300s][info][gc,phases,start] GC(24) Phase 3: Adjust pointers
[29.310s][info][gc,phases      ] GC(24) Phase 3: Adjust pointers 10.319ms
[29.310s][info][gc,phases,start] GC(24) Phase 4: Compact heap
[29.319s][info][gc,phases      ] GC(24) Phase 4: Compact heap 8.714ms
[29.323s][info][gc,heap        ] GC(24) Eden regions: 599->0(614)
[29.323s][info][gc,heap        ] GC(24) Survivor regions: 1->0(77)
[29.323s][info][gc,heap        ] GC(24) Old regions: 48->48
[29.323s][info][gc,heap        ] GC(24) Humongous regions: 0->0
[29.323s][info][gc,metaspace   ] GC(24) Metaspace: 43765K(46512K)->43719K(46512K) NonClass: 36477K(38832K)->36431K(38832K) Class: 7287K(7680K)->7287K(7680K)
[29.324s][info][gc             ] GC(24) Pause Full (System.gc()) 644M->44M(1024M) 55.806ms
[29.324s][info][gc,cpu         ] GC(24) User=0.27s Sys=0.02s Real=0.05s
[30.053s][info][gc,start       ] GC(25) Pause Young (Normal) (G1 Evacuation Pause)
[30.053s][info][gc,task        ] GC(25) Using 6 workers of 6 for evacuation
[30.055s][info][gc,phases      ] GC(25)   Pre Evacuate Collection Set: 0.0ms
[30.055s][info][gc,phases      ] GC(25)   Evacuate Collection Set: 0.8ms
[30.055s][info][gc,phases      ] GC(25)   Post Evacuate Collection Set: 0.6ms
[30.055s][info][gc,phases      ] GC(25)   Other: 0.3ms
[30.055s][info][gc,heap        ] GC(25) Eden regions: 614->0(613)
[30.055s][info][gc,heap        ] GC(25) Survivor regions: 0->1(77)
[30.055s][info][gc,heap        ] GC(25) Old regions: 48->48
[30.055s][info][gc,heap        ] GC(25) Humongous regions: 0->0
[30.055s][info][gc,metaspace   ] GC(25) Metaspace: 43785K(46512K)->43785K(46512K) NonClass: 36497K(38832K)->36497K(38832K) Class: 7287K(7680K)->7287K(7680K)
[30.055s][info][gc             ] GC(25) Pause Young (Normal) (G1 Evacuation Pause) 658M->45M(1024M) 1.861ms
[30.055s][info][gc,cpu         ] GC(25) User=0.00s Sys=0.00s Real=0.00s
[31.605s][info][gc,start       ] GC(26) Pause Young (Normal) (G1 Evacuation Pause)
[31.605s][info][gc,task        ] GC(26) Using 6 workers of 6 for evacuation
[31.606s][info][gc,phases      ] GC(26)   Pre Evacuate Collection Set: 0.0ms
[31.606s][info][gc,phases      ] GC(26)   Evacuate Collection Set: 0.5ms
[31.607s][info][gc,phases      ] GC(26)   Post Evacuate Collection Set: 0.4ms
[31.607s][info][gc,phases      ] GC(26)   Other: 0.3ms
[31.607s][info][gc,heap        ] GC(26) Eden regions: 613->0(613)
[31.607s][info][gc,heap        ] GC(26) Survivor regions: 1->1(77)
[31.607s][info][gc,heap        ] GC(26) Old regions: 48->48
[31.607s][info][gc,heap        ] GC(26) Humongous regions: 0->0
[31.607s][info][gc,metaspace   ] GC(26) Metaspace: 43823K(46512K)->43823K(46512K) NonClass: 36535K(38832K)->36535K(38832K) Class: 7287K(7680K)->7287K(7680K)
[31.607s][info][gc             ] GC(26) Pause Young (Normal) (G1 Evacuation Pause) 658M->45M(1024M) 1.403ms
[31.607s][info][gc,cpu         ] GC(26) User=0.00s Sys=0.00s Real=0.01s
[32.629s][info][gc,start       ] GC(27) Pause Young (Normal) (G1 Evacuation Pause)
[32.629s][info][gc,task        ] GC(27) Using 6 workers of 6 for evacuation
[32.646s][info][gc,phases      ] GC(27)   Pre Evacuate Collection Set: 0.0ms
[32.646s][info][gc,phases      ] GC(27)   Evacuate Collection Set: 6.4ms
[32.646s][info][gc,phases      ] GC(27)   Post Evacuate Collection Set: 10.0ms
[32.646s][info][gc,phases      ] GC(27)   Other: 0.2ms
[32.646s][info][gc,heap        ] GC(27) Eden regions: 613->0(596)
[32.646s][info][gc,heap        ] GC(27) Survivor regions: 1->18(77)
[32.646s][info][gc,heap        ] GC(27) Old regions: 48->48
[32.646s][info][gc,heap        ] GC(27) Humongous regions: 0->0
[32.646s][info][gc,metaspace   ] GC(27) Metaspace: 43823K(46512K)->43823K(46512K) NonClass: 36535K(38832K)->36535K(38832K) Class: 7287K(7680K)->7287K(7680K)
[32.646s][info][gc             ] GC(27) Pause Young (Normal) (G1 Evacuation Pause) 658M->61M(1024M) 16.818ms
[32.646s][info][gc,cpu         ] GC(27) User=0.17s Sys=0.00s Real=0.02s
[33.291s][info][gc,start       ] GC(28) Pause Young (Normal) (G1 Evacuation Pause)
[33.291s][info][gc,task        ] GC(28) Using 6 workers of 6 for evacuation
[33.292s][info][gc,phases      ] GC(28)   Pre Evacuate Collection Set: 0.0ms
[33.292s][info][gc,phases      ] GC(28)   Evacuate Collection Set: 0.5ms
[33.292s][info][gc,phases      ] GC(28)   Post Evacuate Collection Set: 0.5ms
[33.292s][info][gc,phases      ] GC(28)   Other: 0.3ms
[33.292s][info][gc,heap        ] GC(28) Eden regions: 596->0(612)
[33.292s][info][gc,heap        ] GC(28) Survivor regions: 18->2(77)
[33.292s][info][gc,heap        ] GC(28) Old regions: 48->48
[33.292s][info][gc,heap        ] GC(28) Humongous regions: 0->0
[33.292s][info][gc,metaspace   ] GC(28) Metaspace: 43823K(46512K)->43823K(46512K) NonClass: 36535K(38832K)->36535K(38832K) Class: 7287K(7680K)->7287K(7680K)
[33.292s][info][gc             ] GC(28) Pause Young (Normal) (G1 Evacuation Pause) 657M->46M(1024M) 1.422ms
[33.292s][info][gc,cpu         ] GC(28) User=0.00s Sys=0.00s Real=0.00s
[34.807s][info][gc,start       ] GC(29) Pause Young (Normal) (G1 Evacuation Pause)
[34.807s][info][gc,task        ] GC(29) Using 6 workers of 6 for evacuation
[34.809s][info][gc,phases      ] GC(29)   Pre Evacuate Collection Set: 0.0ms
[34.809s][info][gc,phases      ] GC(29)   Evacuate Collection Set: 0.6ms
[34.809s][info][gc,phases      ] GC(29)   Post Evacuate Collection Set: 0.4ms
[34.809s][info][gc,phases      ] GC(29)   Other: 0.4ms
[34.809s][info][gc,heap        ] GC(29) Eden regions: 612->0(613)
[34.809s][info][gc,heap        ] GC(29) Survivor regions: 2->1(77)
[34.809s][info][gc,heap        ] GC(29) Old regions: 48->48
[34.809s][info][gc,heap        ] GC(29) Humongous regions: 0->0
[34.809s][info][gc,metaspace   ] GC(29) Metaspace: 43824K(46512K)->43824K(46512K) NonClass: 36536K(38832K)->36536K(38832K) Class: 7287K(7680K)->7287K(7680K)
[34.809s][info][gc             ] GC(29) Pause Young (Normal) (G1 Evacuation Pause) 658M->45M(1024M) 1.604ms
[34.809s][info][gc,cpu         ] GC(29) User=0.00s Sys=0.00s Real=0.00s
[35.826s][info][gc,task        ] GC(30) Using 6 workers of 6 for full compaction
[35.826s][info][gc,start       ] GC(30) Pause Full (System.gc())
[35.827s][info][gc,phases,start] GC(30) Phase 1: Mark live objects
[35.852s][info][gc,stringtable ] GC(30) Cleaned string and symbol table, strings: 39276 processed, 10 removed, symbols: 93821 processed, 4 removed
[35.852s][info][gc,phases      ] GC(30) Phase 1: Mark live objects 25.626ms
[35.852s][info][gc,phases,start] GC(30) Phase 2: Prepare for compaction
[35.862s][info][gc,phases      ] GC(30) Phase 2: Prepare for compaction 10.159ms
[35.862s][info][gc,phases,start] GC(30) Phase 3: Adjust pointers
[35.873s][info][gc,phases      ] GC(30) Phase 3: Adjust pointers 10.340ms
[35.873s][info][gc,phases,start] GC(30) Phase 4: Compact heap
[35.882s][info][gc,phases      ] GC(30) Phase 4: Compact heap 9.399ms
[35.887s][info][gc,heap        ] GC(30) Eden regions: 600->0(614)
[35.887s][info][gc,heap        ] GC(30) Survivor regions: 1->0(77)
[35.887s][info][gc,heap        ] GC(30) Old regions: 48->47
[35.887s][info][gc,heap        ] GC(30) Humongous regions: 0->0
[35.887s][info][gc,metaspace   ] GC(30) Metaspace: 43842K(46512K)->43796K(46512K) NonClass: 36554K(38832K)->36509K(38832K) Class: 7287K(7680K)->7287K(7680K)
[35.887s][info][gc             ] GC(30) Pause Full (System.gc()) 645M->44M(1024M) 60.762ms
[35.888s][info][gc,cpu         ] GC(30) User=0.28s Sys=0.00s Real=0.06s
[36.590s][info][gc,start       ] GC(31) Pause Young (Normal) (G1 Evacuation Pause)
[36.590s][info][gc,task        ] GC(31) Using 6 workers of 6 for evacuation
[36.592s][info][gc,phases      ] GC(31)   Pre Evacuate Collection Set: 0.0ms
[36.592s][info][gc,phases      ] GC(31)   Evacuate Collection Set: 0.9ms
[36.592s][info][gc,phases      ] GC(31)   Post Evacuate Collection Set: 0.5ms
[36.592s][info][gc,phases      ] GC(31)   Other: 0.3ms
[36.592s][info][gc,heap        ] GC(31) Eden regions: 614->0(613)
[36.592s][info][gc,heap        ] GC(31) Survivor regions: 0->1(77)
[36.592s][info][gc,heap        ] GC(31) Old regions: 47->47
[36.592s][info][gc,heap        ] GC(31) Humongous regions: 0->0
[36.592s][info][gc,metaspace   ] GC(31) Metaspace: 43869K(46512K)->43869K(46512K) NonClass: 36581K(38832K)->36581K(38832K) Class: 7287K(7680K)->7287K(7680K)
[36.592s][info][gc             ] GC(31) Pause Young (Normal) (G1 Evacuation Pause) 658M->45M(1024M) 1.820ms
[36.592s][info][gc,cpu         ] GC(31) User=0.00s Sys=0.00s Real=0.00s
[38.084s][info][gc,start       ] GC(32) Pause Young (Normal) (G1 Evacuation Pause)
[38.084s][info][gc,task        ] GC(32) Using 6 workers of 6 for evacuation
[38.085s][info][gc,phases      ] GC(32)   Pre Evacuate Collection Set: 0.0ms
[38.085s][info][gc,phases      ] GC(32)   Evacuate Collection Set: 0.5ms
[38.085s][info][gc,phases      ] GC(32)   Post Evacuate Collection Set: 0.4ms
[38.085s][info][gc,phases      ] GC(32)   Other: 0.3ms
[38.085s][info][gc,heap        ] GC(32) Eden regions: 613->0(613)
[38.085s][info][gc,heap        ] GC(32) Survivor regions: 1->1(77)
[38.085s][info][gc,heap        ] GC(32) Old regions: 47->47
[38.085s][info][gc,heap        ] GC(32) Humongous regions: 0->0
[38.085s][info][gc,metaspace   ] GC(32) Metaspace: 43881K(46512K)->43881K(46512K) NonClass: 36593K(38832K)->36593K(38832K) Class: 7287K(7680K)->7287K(7680K)
[38.085s][info][gc             ] GC(32) Pause Young (Normal) (G1 Evacuation Pause) 658M->45M(1024M) 1.291ms
[38.085s][info][gc,cpu         ] GC(32) User=0.00s Sys=0.00s Real=0.00s
[39.090s][info][gc,start       ] GC(33) Pause Young (Normal) (G1 Evacuation Pause)
[39.090s][info][gc,task        ] GC(33) Using 6 workers of 6 for evacuation
[39.107s][info][gc,phases      ] GC(33)   Pre Evacuate Collection Set: 0.0ms
[39.107s][info][gc,phases      ] GC(33)   Evacuate Collection Set: 6.0ms
[39.107s][info][gc,phases      ] GC(33)   Post Evacuate Collection Set: 10.8ms
[39.107s][info][gc,phases      ] GC(33)   Other: 0.2ms
[39.107s][info][gc,heap        ] GC(33) Eden regions: 613->0(596)
[39.107s][info][gc,heap        ] GC(33) Survivor regions: 1->18(77)
[39.107s][info][gc,heap        ] GC(33) Old regions: 47->47
[39.107s][info][gc,heap        ] GC(33) Humongous regions: 0->0
[39.107s][info][gc,metaspace   ] GC(33) Metaspace: 43916K(46512K)->43916K(46512K) NonClass: 36628K(38832K)->36628K(38832K) Class: 7287K(7680K)->7287K(7680K)
[39.107s][info][gc             ] GC(33) Pause Young (Normal) (G1 Evacuation Pause) 658M->61M(1024M) 17.188ms
[39.107s][info][gc,cpu         ] GC(33) User=0.09s Sys=0.00s Real=0.02s
[39.681s][info][gc,start       ] GC(34) Pause Young (Normal) (G1 Evacuation Pause)
[39.681s][info][gc,task        ] GC(34) Using 6 workers of 6 for evacuation
[39.683s][info][gc,phases      ] GC(34)   Pre Evacuate Collection Set: 0.0ms
[39.683s][info][gc,phases      ] GC(34)   Evacuate Collection Set: 0.5ms
[39.683s][info][gc,phases      ] GC(34)   Post Evacuate Collection Set: 0.5ms
[39.683s][info][gc,phases      ] GC(34)   Other: 0.2ms
[39.683s][info][gc,heap        ] GC(34) Eden regions: 596->0(612)
[39.683s][info][gc,heap        ] GC(34) Survivor regions: 18->2(77)
[39.683s][info][gc,heap        ] GC(34) Old regions: 47->47
[39.683s][info][gc,heap        ] GC(34) Humongous regions: 0->0
[39.683s][info][gc,metaspace   ] GC(34) Metaspace: 43916K(46512K)->43916K(46512K) NonClass: 36628K(38832K)->36628K(38832K) Class: 7287K(7680K)->7287K(7680K)
[39.683s][info][gc             ] GC(34) Pause Young (Normal) (G1 Evacuation Pause) 657M->46M(1024M) 1.480ms
[39.683s][info][gc,cpu         ] GC(34) User=0.00s Sys=0.00s Real=0.00s
[41.165s][info][gc,start       ] GC(35) Pause Young (Normal) (G1 Evacuation Pause)
[41.165s][info][gc,task        ] GC(35) Using 6 workers of 6 for evacuation
[41.166s][info][gc,phases      ] GC(35)   Pre Evacuate Collection Set: 0.0ms
[41.166s][info][gc,phases      ] GC(35)   Evacuate Collection Set: 0.6ms
[41.166s][info][gc,phases      ] GC(35)   Post Evacuate Collection Set: 0.4ms
[41.166s][info][gc,phases      ] GC(35)   Other: 0.2ms
[41.166s][info][gc,heap        ] GC(35) Eden regions: 612->0(613)
[41.166s][info][gc,heap        ] GC(35) Survivor regions: 2->1(77)
[41.166s][info][gc,heap        ] GC(35) Old regions: 47->47
[41.166s][info][gc,heap        ] GC(35) Humongous regions: 0->0
[41.166s][info][gc,metaspace   ] GC(35) Metaspace: 43938K(46512K)->43938K(46512K) NonClass: 36650K(38832K)->36650K(38832K) Class: 7287K(7680K)->7287K(7680K)
[41.166s][info][gc             ] GC(35) Pause Young (Normal) (G1 Evacuation Pause) 658M->45M(1024M) 1.388ms
[41.166s][info][gc,cpu         ] GC(35) User=0.00s Sys=0.00s Real=0.00s
[42.092s][info][gc,task        ] GC(36) Using 6 workers of 6 for full compaction
[42.092s][info][gc,start       ] GC(36) Pause Full (System.gc())
[42.092s][info][gc,phases,start] GC(36) Phase 1: Mark live objects
[42.118s][info][gc,stringtable ] GC(36) Cleaned string and symbol table, strings: 39315 processed, 10 removed, symbols: 93821 processed, 4 removed
[42.118s][info][gc,phases      ] GC(36) Phase 1: Mark live objects 25.530ms
[42.118s][info][gc,phases,start] GC(36) Phase 2: Prepare for compaction
[42.126s][info][gc,phases      ] GC(36) Phase 2: Prepare for compaction 8.074ms
[42.126s][info][gc,phases,start] GC(36) Phase 3: Adjust pointers
[42.136s][info][gc,phases      ] GC(36) Phase 3: Adjust pointers 9.855ms
[42.136s][info][gc,phases,start] GC(36) Phase 4: Compact heap
[42.144s][info][gc,phases      ] GC(36) Phase 4: Compact heap 8.334ms
[42.149s][info][gc,heap        ] GC(36) Eden regions: 599->0(614)
[42.149s][info][gc,heap        ] GC(36) Survivor regions: 1->0(77)
[42.149s][info][gc,heap        ] GC(36) Old regions: 47->46
[42.149s][info][gc,heap        ] GC(36) Humongous regions: 0->0
[42.149s][info][gc,metaspace   ] GC(36) Metaspace: 43942K(46512K)->43896K(46512K) NonClass: 36654K(38832K)->36609K(38832K) Class: 7287K(7680K)->7287K(7680K)
[42.149s][info][gc             ] GC(36) Pause Full (System.gc()) 644M->44M(1024M) 57.189ms
[42.150s][info][gc,cpu         ] GC(36) User=0.22s Sys=0.02s Real=0.06s
[42.785s][info][gc,start       ] GC(37) Pause Young (Normal) (G1 Evacuation Pause)
[42.785s][info][gc,task        ] GC(37) Using 6 workers of 6 for evacuation
[42.787s][info][gc,phases      ] GC(37)   Pre Evacuate Collection Set: 0.0ms
[42.787s][info][gc,phases      ] GC(37)   Evacuate Collection Set: 0.9ms
[42.787s][info][gc,phases      ] GC(37)   Post Evacuate Collection Set: 0.5ms
[42.787s][info][gc,phases      ] GC(37)   Other: 0.2ms
[42.787s][info][gc,heap        ] GC(37) Eden regions: 614->0(613)
[42.787s][info][gc,heap        ] GC(37) Survivor regions: 0->1(77)
[42.787s][info][gc,heap        ] GC(37) Old regions: 46->46
[42.787s][info][gc,heap        ] GC(37) Humongous regions: 0->0
[42.787s][info][gc,metaspace   ] GC(37) Metaspace: 44007K(46768K)->44007K(46768K) NonClass: 36719K(39088K)->36719K(39088K) Class: 7287K(7680K)->7287K(7680K)
[42.787s][info][gc             ] GC(37) Pause Young (Normal) (G1 Evacuation Pause) 658M->45M(1024M) 1.816ms
[42.787s][info][gc,cpu         ] GC(37) User=0.08s Sys=0.00s Real=0.02s
[44.216s][info][gc,start       ] GC(38) Pause Young (Normal) (G1 Evacuation Pause)
[44.216s][info][gc,task        ] GC(38) Using 6 workers of 6 for evacuation
[44.217s][info][gc,phases      ] GC(38)   Pre Evacuate Collection Set: 0.0ms
[44.217s][info][gc,phases      ] GC(38)   Evacuate Collection Set: 0.6ms
[44.217s][info][gc,phases      ] GC(38)   Post Evacuate Collection Set: 0.5ms
[44.218s][info][gc,phases      ] GC(38)   Other: 0.2ms
[44.218s][info][gc,heap        ] GC(38) Eden regions: 613->0(613)
[44.218s][info][gc,heap        ] GC(38) Survivor regions: 1->1(77)
[44.218s][info][gc,heap        ] GC(38) Old regions: 46->46
[44.218s][info][gc,heap        ] GC(38) Humongous regions: 0->0
[44.218s][info][gc,metaspace   ] GC(38) Metaspace: 44110K(46768K)->44110K(46768K) NonClass: 36822K(39088K)->36822K(39088K) Class: 7287K(7680K)->7287K(7680K)
[44.218s][info][gc             ] GC(38) Pause Young (Normal) (G1 Evacuation Pause) 658M->45M(1024M) 1.462ms
[44.218s][info][gc,cpu         ] GC(38) User=0.00s Sys=0.00s Real=0.00s
[45.142s][info][gc,start       ] GC(39) Pause Young (Normal) (G1 Evacuation Pause)
[45.142s][info][gc,task        ] GC(39) Using 6 workers of 6 for evacuation
[45.160s][info][gc,phases      ] GC(39)   Pre Evacuate Collection Set: 0.0ms
[45.160s][info][gc,phases      ] GC(39)   Evacuate Collection Set: 6.4ms
[45.160s][info][gc,phases      ] GC(39)   Post Evacuate Collection Set: 11.7ms
[45.160s][info][gc,phases      ] GC(39)   Other: 0.2ms
[45.160s][info][gc,heap        ] GC(39) Eden regions: 613->0(597)
[45.160s][info][gc,heap        ] GC(39) Survivor regions: 1->17(77)
[45.160s][info][gc,heap        ] GC(39) Old regions: 46->46
[45.160s][info][gc,heap        ] GC(39) Humongous regions: 0->0
[45.160s][info][gc,metaspace   ] GC(39) Metaspace: 44122K(46768K)->44122K(46768K) NonClass: 36835K(39088K)->36835K(39088K) Class: 7287K(7680K)->7287K(7680K)
[45.160s][info][gc             ] GC(39) Pause Young (Normal) (G1 Evacuation Pause) 658M->61M(1024M) 18.436ms
[45.160s][info][gc,cpu         ] GC(39) User=0.09s Sys=0.00s Real=0.02s
[45.675s][info][gc,start       ] GC(40) Pause Young (Normal) (G1 Evacuation Pause)
[45.675s][info][gc,task        ] GC(40) Using 6 workers of 6 for evacuation
[45.676s][info][gc,phases      ] GC(40)   Pre Evacuate Collection Set: 0.0ms
[45.676s][info][gc,phases      ] GC(40)   Evacuate Collection Set: 0.3ms
[45.676s][info][gc,phases      ] GC(40)   Post Evacuate Collection Set: 0.4ms
[45.676s][info][gc,phases      ] GC(40)   Other: 0.2ms
[45.676s][info][gc,heap        ] GC(40) Eden regions: 597->0(612)
[45.676s][info][gc,heap        ] GC(40) Survivor regions: 17->2(77)
[45.676s][info][gc,heap        ] GC(40) Old regions: 46->46
[45.676s][info][gc,heap        ] GC(40) Humongous regions: 0->0
[45.676s][info][gc,metaspace   ] GC(40) Metaspace: 44122K(46768K)->44122K(46768K) NonClass: 36835K(39088K)->36835K(39088K) Class: 7287K(7680K)->7287K(7680K)
[45.676s][info][gc             ] GC(40) Pause Young (Normal) (G1 Evacuation Pause) 658M->46M(1024M) 1.011ms
[45.676s][info][gc,cpu         ] GC(40) User=0.00s Sys=0.00s Real=0.00s
[46.987s][info][gc,start       ] GC(41) Pause Young (Normal) (G1 Evacuation Pause)
[46.987s][info][gc,task        ] GC(41) Using 6 workers of 6 for evacuation
[46.988s][info][gc,phases      ] GC(41)   Pre Evacuate Collection Set: 0.0ms
[46.988s][info][gc,phases      ] GC(41)   Evacuate Collection Set: 0.5ms
[46.988s][info][gc,phases      ] GC(41)   Post Evacuate Collection Set: 0.4ms
[46.988s][info][gc,phases      ] GC(41)   Other: 0.2ms
[46.988s][info][gc,heap        ] GC(41) Eden regions: 612->0(613)
[46.988s][info][gc,heap        ] GC(41) Survivor regions: 2->1(77)
[46.988s][info][gc,heap        ] GC(41) Old regions: 46->46
[46.988s][info][gc,heap        ] GC(41) Humongous regions: 0->0
[46.988s][info][gc,metaspace   ] GC(41) Metaspace: 44122K(46768K)->44122K(46768K) NonClass: 36835K(39088K)->36835K(39088K) Class: 7287K(7680K)->7287K(7680K)
[46.988s][info][gc             ] GC(41) Pause Young (Normal) (G1 Evacuation Pause) 658M->45M(1024M) 1.262ms
[46.988s][info][gc,cpu         ] GC(41) User=0.00s Sys=0.00s Real=0.00s
[47.859s][info][gc,task        ] GC(42) Using 6 workers of 6 for full compaction
[47.859s][info][gc,start       ] GC(42) Pause Full (System.gc())
[47.859s][info][gc,phases,start] GC(42) Phase 1: Mark live objects
[47.884s][info][gc,stringtable ] GC(42) Cleaned string and symbol table, strings: 39329 processed, 10 removed, symbols: 93821 processed, 4 removed
[47.884s][info][gc,phases      ] GC(42) Phase 1: Mark live objects 25.008ms
[47.884s][info][gc,phases,start] GC(42) Phase 2: Prepare for compaction
[47.893s][info][gc,phases      ] GC(42) Phase 2: Prepare for compaction 8.616ms
[47.893s][info][gc,phases,start] GC(42) Phase 3: Adjust pointers
[47.903s][info][gc,phases      ] GC(42) Phase 3: Adjust pointers 10.236ms
[47.903s][info][gc,phases,start] GC(42) Phase 4: Compact heap
[47.912s][info][gc,phases      ] GC(42) Phase 4: Compact heap 8.738ms
[47.917s][info][gc,heap        ] GC(42) Eden regions: 597->0(614)
[47.917s][info][gc,heap        ] GC(42) Survivor regions: 1->0(77)
[47.917s][info][gc,heap        ] GC(42) Old regions: 46->48
[47.917s][info][gc,heap        ] GC(42) Humongous regions: 0->0
[47.917s][info][gc,metaspace   ] GC(42) Metaspace: 44129K(46768K)->44083K(46768K) NonClass: 36841K(39088K)->36796K(39088K) Class: 7287K(7680K)->7287K(7680K)
[47.917s][info][gc             ] GC(42) Pause Full (System.gc()) 642M->44M(1024M) 58.008ms
[47.917s][info][gc,cpu         ] GC(42) User=0.28s Sys=0.00s Real=0.06s
[48.488s][info][gc,start       ] GC(43) Pause Young (Normal) (G1 Evacuation Pause)
[48.488s][info][gc,task        ] GC(43) Using 6 workers of 6 for evacuation
[48.489s][info][gc,phases      ] GC(43)   Pre Evacuate Collection Set: 0.0ms
[48.489s][info][gc,phases      ] GC(43)   Evacuate Collection Set: 1.0ms
[48.489s][info][gc,phases      ] GC(43)   Post Evacuate Collection Set: 0.5ms
[48.489s][info][gc,phases      ] GC(43)   Other: 0.3ms
[48.489s][info][gc,heap        ] GC(43) Eden regions: 614->0(613)
[48.489s][info][gc,heap        ] GC(43) Survivor regions: 0->1(77)
[48.489s][info][gc,heap        ] GC(43) Old regions: 48->48
[48.489s][info][gc,heap        ] GC(43) Humongous regions: 0->0
[48.490s][info][gc,metaspace   ] GC(43) Metaspace: 44297K(46768K)->44297K(46768K) NonClass: 37009K(39088K)->37009K(39088K) Class: 7287K(7680K)->7287K(7680K)
[48.490s][info][gc             ] GC(43) Pause Young (Normal) (G1 Evacuation Pause) 658M->45M(1024M) 1.960ms
[48.490s][info][gc,cpu         ] GC(43) User=0.02s Sys=0.00s Real=0.00s
[49.748s][info][gc,start       ] GC(44) Pause Young (Normal) (G1 Evacuation Pause)
[49.748s][info][gc,task        ] GC(44) Using 6 workers of 6 for evacuation
[49.749s][info][gc,phases      ] GC(44)   Pre Evacuate Collection Set: 0.0ms
[49.749s][info][gc,phases      ] GC(44)   Evacuate Collection Set: 0.6ms
[49.749s][info][gc,phases      ] GC(44)   Post Evacuate Collection Set: 0.5ms
[49.749s][info][gc,phases      ] GC(44)   Other: 0.2ms
[49.749s][info][gc,heap        ] GC(44) Eden regions: 613->0(613)
[49.749s][info][gc,heap        ] GC(44) Survivor regions: 1->1(77)
[49.749s][info][gc,heap        ] GC(44) Old regions: 48->48
[49.749s][info][gc,heap        ] GC(44) Humongous regions: 0->0
[49.749s][info][gc,metaspace   ] GC(44) Metaspace: 44403K(47024K)->44403K(47024K) NonClass: 37115K(39344K)->37115K(39344K) Class: 7287K(7680K)->7287K(7680K)
[49.749s][info][gc             ] GC(44) Pause Young (Normal) (G1 Evacuation Pause) 658M->45M(1024M) 1.423ms
[49.749s][info][gc,cpu         ] GC(44) User=0.00s Sys=0.00s Real=0.00s
[50.621s][info][gc,start       ] GC(45) Pause Young (Normal) (G1 Evacuation Pause)
[50.621s][info][gc,task        ] GC(45) Using 6 workers of 6 for evacuation
[50.638s][info][gc,phases      ] GC(45)   Pre Evacuate Collection Set: 0.0ms
[50.638s][info][gc,phases      ] GC(45)   Evacuate Collection Set: 6.0ms
[50.638s][info][gc,phases      ] GC(45)   Post Evacuate Collection Set: 10.5ms
[50.638s][info][gc,phases      ] GC(45)   Other: 0.2ms
[50.638s][info][gc,heap        ] GC(45) Eden regions: 613->0(597)
[50.638s][info][gc,heap        ] GC(45) Survivor regions: 1->17(77)
[50.638s][info][gc,heap        ] GC(45) Old regions: 48->48
[50.638s][info][gc,heap        ] GC(45) Humongous regions: 0->0
[50.638s][info][gc,metaspace   ] GC(45) Metaspace: 44599K(47280K)->44599K(47280K) NonClass: 37311K(39600K)->37311K(39600K) Class: 7287K(7680K)->7287K(7680K)
[50.638s][info][gc             ] GC(45) Pause Young (Normal) (G1 Evacuation Pause) 658M->61M(1024M) 16.849ms
[50.638s][info][gc,cpu         ] GC(45) User=0.09s Sys=0.00s Real=0.01s
[51.131s][info][gc,start       ] GC(46) Pause Young (Normal) (G1 Evacuation Pause)
[51.131s][info][gc,task        ] GC(46) Using 6 workers of 6 for evacuation
[51.132s][info][gc,phases      ] GC(46)   Pre Evacuate Collection Set: 0.0ms
[51.132s][info][gc,phases      ] GC(46)   Evacuate Collection Set: 0.5ms
[51.132s][info][gc,phases      ] GC(46)   Post Evacuate Collection Set: 0.5ms
[51.132s][info][gc,phases      ] GC(46)   Other: 0.3ms
[51.132s][info][gc,heap        ] GC(46) Eden regions: 597->0(612)
[51.132s][info][gc,heap        ] GC(46) Survivor regions: 17->2(77)
[51.132s][info][gc,heap        ] GC(46) Old regions: 48->48
[51.132s][info][gc,heap        ] GC(46) Humongous regions: 0->0
[51.132s][info][gc,metaspace   ] GC(46) Metaspace: 44600K(47280K)->44600K(47280K) NonClass: 37312K(39600K)->37312K(39600K) Class: 7287K(7680K)->7287K(7680K)
[51.132s][info][gc             ] GC(46) Pause Young (Normal) (G1 Evacuation Pause) 658M->46M(1024M) 1.370ms
[51.132s][info][gc,cpu         ] GC(46) User=0.00s Sys=0.00s Real=0.00s
[52.339s][info][gc,start       ] GC(47) Pause Young (Normal) (G1 Evacuation Pause)
[52.339s][info][gc,task        ] GC(47) Using 6 workers of 6 for evacuation
[52.340s][info][gc,phases      ] GC(47)   Pre Evacuate Collection Set: 0.0ms
[52.340s][info][gc,phases      ] GC(47)   Evacuate Collection Set: 0.4ms
[52.340s][info][gc,phases      ] GC(47)   Post Evacuate Collection Set: 0.5ms
[52.340s][info][gc,phases      ] GC(47)   Other: 0.3ms
[52.340s][info][gc,heap        ] GC(47) Eden regions: 612->0(613)
[52.340s][info][gc,heap        ] GC(47) Survivor regions: 2->1(77)
[52.340s][info][gc,heap        ] GC(47) Old regions: 48->48
[52.340s][info][gc,heap        ] GC(47) Humongous regions: 0->0
[52.340s][info][gc,metaspace   ] GC(47) Metaspace: 44628K(47280K)->44628K(47280K) NonClass: 37340K(39600K)->37340K(39600K) Class: 7287K(7680K)->7287K(7680K)
[52.340s][info][gc             ] GC(47) Pause Young (Normal) (G1 Evacuation Pause) 658M->45M(1024M) 1.411ms
[52.340s][info][gc,cpu         ] GC(47) User=0.00s Sys=0.00s Real=0.00s
[53.051s][info][gc,task        ] GC(48) Using 6 workers of 6 for full compaction
[53.051s][info][gc,start       ] GC(48) Pause Full (System.gc())
[53.051s][info][gc,phases,start] GC(48) Phase 1: Mark live objects
[53.079s][info][gc,stringtable ] GC(48) Cleaned string and symbol table, strings: 39329 processed, 10 removed, symbols: 93821 processed, 4 removed
[53.079s][info][gc,phases      ] GC(48) Phase 1: Mark live objects 28.585ms
[53.079s][info][gc,phases,start] GC(48) Phase 2: Prepare for compaction
[53.087s][info][gc,phases      ] GC(48) Phase 2: Prepare for compaction 7.734ms
[53.087s][info][gc,phases,start] GC(48) Phase 3: Adjust pointers
[53.098s][info][gc,phases      ] GC(48) Phase 3: Adjust pointers 10.168ms
[53.098s][info][gc,phases,start] GC(48) Phase 4: Compact heap
[53.106s][info][gc,phases      ] GC(48) Phase 4: Compact heap 8.022ms
[53.111s][info][gc,heap        ] GC(48) Eden regions: 597->0(614)
[53.111s][info][gc,heap        ] GC(48) Survivor regions: 1->0(77)
[53.111s][info][gc,heap        ] GC(48) Old regions: 48->46
[53.111s][info][gc,heap        ] GC(48) Humongous regions: 0->0
[53.111s][info][gc,metaspace   ] GC(48) Metaspace: 44630K(47280K)->44584K(47280K) NonClass: 37342K(39600K)->37297K(39600K) Class: 7287K(7680K)->7287K(7680K)
[53.111s][info][gc             ] GC(48) Pause Full (System.gc()) 642M->44M(1024M) 60.402ms
[53.112s][info][gc,cpu         ] GC(48) User=0.28s Sys=0.02s Real=0.06s
[53.686s][info][gc,start       ] GC(49) Pause Young (Normal) (G1 Evacuation Pause)
[53.686s][info][gc,task        ] GC(49) Using 6 workers of 6 for evacuation
[53.688s][info][gc,phases      ] GC(49)   Pre Evacuate Collection Set: 0.0ms
[53.688s][info][gc,phases      ] GC(49)   Evacuate Collection Set: 1.0ms
[53.688s][info][gc,phases      ] GC(49)   Post Evacuate Collection Set: 0.5ms
[53.688s][info][gc,phases      ] GC(49)   Other: 0.2ms
[53.688s][info][gc,heap        ] GC(49) Eden regions: 614->0(613)
[53.688s][info][gc,heap        ] GC(49) Survivor regions: 0->1(77)
[53.688s][info][gc,heap        ] GC(49) Old regions: 46->46
[53.688s][info][gc,heap        ] GC(49) Humongous regions: 0->0
[53.688s][info][gc,metaspace   ] GC(49) Metaspace: 44640K(47280K)->44640K(47280K) NonClass: 37352K(39600K)->37352K(39600K) Class: 7287K(7680K)->7287K(7680K)
[53.688s][info][gc             ] GC(49) Pause Young (Normal) (G1 Evacuation Pause) 658M->45M(1024M) 1.860ms
[53.688s][info][gc,cpu         ] GC(49) User=0.00s Sys=0.00s Real=0.00s
[54.779s][info][gc,start       ] GC(50) Pause Young (Normal) (G1 Evacuation Pause)
[54.780s][info][gc,task        ] GC(50) Using 6 workers of 6 for evacuation
[54.781s][info][gc,phases      ] GC(50)   Pre Evacuate Collection Set: 0.0ms
[54.781s][info][gc,phases      ] GC(50)   Evacuate Collection Set: 0.6ms
[54.781s][info][gc,phases      ] GC(50)   Post Evacuate Collection Set: 0.4ms
[54.781s][info][gc,phases      ] GC(50)   Other: 0.2ms
[54.781s][info][gc,heap        ] GC(50) Eden regions: 613->0(613)
[54.781s][info][gc,heap        ] GC(50) Survivor regions: 1->1(77)
[54.781s][info][gc,heap        ] GC(50) Old regions: 46->46
[54.781s][info][gc,heap        ] GC(50) Humongous regions: 0->0
[54.781s][info][gc,metaspace   ] GC(50) Metaspace: 44640K(47280K)->44640K(47280K) NonClass: 37352K(39600K)->37352K(39600K) Class: 7287K(7680K)->7287K(7680K)
[54.781s][info][gc             ] GC(50) Pause Young (Normal) (G1 Evacuation Pause) 658M->45M(1024M) 1.434ms
[54.781s][info][gc,cpu         ] GC(50) User=0.00s Sys=0.00s Real=0.00s
[55.524s][info][gc,start       ] GC(51) Pause Young (Normal) (G1 Evacuation Pause)
[55.524s][info][gc,task        ] GC(51) Using 6 workers of 6 for evacuation
[55.541s][info][gc,phases      ] GC(51)   Pre Evacuate Collection Set: 0.0ms
[55.541s][info][gc,phases      ] GC(51)   Evacuate Collection Set: 6.4ms
[55.541s][info][gc,phases      ] GC(51)   Post Evacuate Collection Set: 11.0ms
[55.542s][info][gc,phases      ] GC(51)   Other: 0.3ms
[55.542s][info][gc,heap        ] GC(51) Eden regions: 613->0(596)
[55.542s][info][gc,heap        ] GC(51) Survivor regions: 1->18(77)
[55.542s][info][gc,heap        ] GC(51) Old regions: 46->46
[55.542s][info][gc,heap        ] GC(51) Humongous regions: 0->0
[55.542s][info][gc,metaspace   ] GC(51) Metaspace: 44640K(47280K)->44640K(47280K) NonClass: 37352K(39600K)->37352K(39600K) Class: 7287K(7680K)->7287K(7680K)
[55.542s][info][gc             ] GC(51) Pause Young (Normal) (G1 Evacuation Pause) 658M->61M(1024M) 17.745ms
[55.542s][info][gc,cpu         ] GC(51) User=0.09s Sys=0.00s Real=0.02s
[56.031s][info][gc,start       ] GC(52) Pause Young (Normal) (G1 Evacuation Pause)
[56.031s][info][gc,task        ] GC(52) Using 6 workers of 6 for evacuation
[56.032s][info][gc,phases      ] GC(52)   Pre Evacuate Collection Set: 0.0ms
[56.033s][info][gc,phases      ] GC(52)   Evacuate Collection Set: 0.5ms
[56.033s][info][gc,phases      ] GC(52)   Post Evacuate Collection Set: 0.5ms
[56.033s][info][gc,phases      ] GC(52)   Other: 0.2ms
[56.033s][info][gc,heap        ] GC(52) Eden regions: 596->0(612)
[56.033s][info][gc,heap        ] GC(52) Survivor regions: 18->2(77)
[56.033s][info][gc,heap        ] GC(52) Old regions: 46->46
[56.033s][info][gc,heap        ] GC(52) Humongous regions: 0->0
[56.033s][info][gc,metaspace   ] GC(52) Metaspace: 44680K(47280K)->44680K(47280K) NonClass: 37392K(39600K)->37392K(39600K) Class: 7287K(7680K)->7287K(7680K)
[56.033s][info][gc             ] GC(52) Pause Young (Normal) (G1 Evacuation Pause) 657M->46M(1024M) 1.453ms
[56.033s][info][gc,cpu         ] GC(52) User=0.00s Sys=0.00s Real=0.00s
[57.088s][info][gc,start       ] GC(53) Pause Young (Normal) (G1 Evacuation Pause)
[57.088s][info][gc,task        ] GC(53) Using 6 workers of 6 for evacuation
[57.089s][info][gc,phases      ] GC(53)   Pre Evacuate Collection Set: 0.0ms
[57.089s][info][gc,phases      ] GC(53)   Evacuate Collection Set: 0.4ms
[57.089s][info][gc,phases      ] GC(53)   Post Evacuate Collection Set: 0.5ms
[57.089s][info][gc,phases      ] GC(53)   Other: 0.2ms
[57.089s][info][gc,heap        ] GC(53) Eden regions: 612->0(613)
[57.089s][info][gc,heap        ] GC(53) Survivor regions: 2->1(77)
[57.089s][info][gc,heap        ] GC(53) Old regions: 46->46
[57.089s][info][gc,heap        ] GC(53) Humongous regions: 0->0
[57.089s][info][gc,metaspace   ] GC(53) Metaspace: 44783K(47280K)->44783K(47280K) NonClass: 37495K(39600K)->37495K(39600K) Class: 7287K(7680K)->7287K(7680K)
[57.089s][info][gc             ] GC(53) Pause Young (Normal) (G1 Evacuation Pause) 658M->45M(1024M) 1.177ms
[57.089s][info][gc,cpu         ] GC(53) User=0.00s Sys=0.00s Real=0.00s
[57.827s][info][gc,task        ] GC(54) Using 6 workers of 6 for full compaction
[57.827s][info][gc,start       ] GC(54) Pause Full (System.gc())
[57.827s][info][gc,phases,start] GC(54) Phase 1: Mark live objects
[57.855s][info][gc,stringtable ] GC(54) Cleaned string and symbol table, strings: 39348 processed, 10 removed, symbols: 93823 processed, 4 removed
[57.855s][info][gc,phases      ] GC(54) Phase 1: Mark live objects 27.823ms
[57.855s][info][gc,phases,start] GC(54) Phase 2: Prepare for compaction
[57.863s][info][gc,phases      ] GC(54) Phase 2: Prepare for compaction 7.966ms
[57.863s][info][gc,phases,start] GC(54) Phase 3: Adjust pointers
[57.873s][info][gc,phases      ] GC(54) Phase 3: Adjust pointers 10.357ms
[57.873s][info][gc,phases,start] GC(54) Phase 4: Compact heap
[57.882s][info][gc,phases      ] GC(54) Phase 4: Compact heap 8.626ms
[57.887s][info][gc,heap        ] GC(54) Eden regions: 597->0(614)
[57.887s][info][gc,heap        ] GC(54) Survivor regions: 1->0(77)
[57.887s][info][gc,heap        ] GC(54) Old regions: 46->46
[57.887s][info][gc,heap        ] GC(54) Humongous regions: 0->0
[57.887s][info][gc,metaspace   ] GC(54) Metaspace: 44797K(47280K)->44751K(47280K) NonClass: 37508K(39600K)->37463K(39600K) Class: 7288K(7680K)->7287K(7680K)
[57.887s][info][gc             ] GC(54) Pause Full (System.gc()) 642M->44M(1024M) 60.467ms
[57.888s][info][gc,cpu         ] GC(54) User=0.28s Sys=0.00s Real=0.06s
[58.406s][info][gc,start       ] GC(55) Pause Young (Normal) (G1 Evacuation Pause)
[58.406s][info][gc,task        ] GC(55) Using 6 workers of 6 for evacuation
[58.408s][info][gc,phases      ] GC(55)   Pre Evacuate Collection Set: 0.1ms
[58.408s][info][gc,phases      ] GC(55)   Evacuate Collection Set: 0.9ms
[58.408s][info][gc,phases      ] GC(55)   Post Evacuate Collection Set: 0.5ms
[58.408s][info][gc,phases      ] GC(55)   Other: 0.3ms
[58.408s][info][gc,heap        ] GC(55) Eden regions: 614->0(613)
[58.408s][info][gc,heap        ] GC(55) Survivor regions: 0->1(77)
[58.408s][info][gc,heap        ] GC(55) Old regions: 46->46
[58.408s][info][gc,heap        ] GC(55) Humongous regions: 0->0
[58.408s][info][gc,metaspace   ] GC(55) Metaspace: 44808K(47280K)->44808K(47280K) NonClass: 37520K(39600K)->37520K(39600K) Class: 7288K(7680K)->7288K(7680K)
[58.408s][info][gc             ] GC(55) Pause Young (Normal) (G1 Evacuation Pause) 658M->45M(1024M) 1.847ms
[58.408s][info][gc,cpu         ] GC(55) User=0.00s Sys=0.00s Real=0.02s
[59.354s][info][gc,start       ] GC(56) Pause Young (Normal) (G1 Evacuation Pause)
[59.354s][info][gc,task        ] GC(56) Using 6 workers of 6 for evacuation
[59.355s][info][gc,phases      ] GC(56)   Pre Evacuate Collection Set: 0.0ms
[59.355s][info][gc,phases      ] GC(56)   Evacuate Collection Set: 0.6ms
[59.355s][info][gc,phases      ] GC(56)   Post Evacuate Collection Set: 0.6ms
[59.355s][info][gc,phases      ] GC(56)   Other: 0.2ms
[59.355s][info][gc,heap        ] GC(56) Eden regions: 613->0(613)
[59.355s][info][gc,heap        ] GC(56) Survivor regions: 1->1(77)
[59.355s][info][gc,heap        ] GC(56) Old regions: 46->46
[59.355s][info][gc,heap        ] GC(56) Humongous regions: 0->0
[59.355s][info][gc,metaspace   ] GC(56) Metaspace: 44879K(47536K)->44879K(47536K) NonClass: 37591K(39856K)->37591K(39856K) Class: 7288K(7680K)->7288K(7680K)
[59.355s][info][gc             ] GC(56) Pause Young (Normal) (G1 Evacuation Pause) 658M->45M(1024M) 1.531ms
[59.355s][info][gc,cpu         ] GC(56) User=0.00s Sys=0.00s Real=0.00s
[60.078s][info][gc,start       ] GC(57) Pause Young (Normal) (G1 Evacuation Pause)
[60.078s][info][gc,task        ] GC(57) Using 6 workers of 6 for evacuation
[60.095s][info][gc,phases      ] GC(57)   Pre Evacuate Collection Set: 0.0ms
[60.095s][info][gc,phases      ] GC(57)   Evacuate Collection Set: 6.2ms
[60.095s][info][gc,phases      ] GC(57)   Post Evacuate Collection Set: 10.6ms
[60.095s][info][gc,phases      ] GC(57)   Other: 0.2ms
[60.095s][info][gc,heap        ] GC(57) Eden regions: 613->0(596)
[60.095s][info][gc,heap        ] GC(57) Survivor regions: 1->18(77)
[60.095s][info][gc,heap        ] GC(57) Old regions: 46->46
[60.095s][info][gc,heap        ] GC(57) Humongous regions: 0->0
[60.095s][info][gc,metaspace   ] GC(57) Metaspace: 44879K(47536K)->44879K(47536K) NonClass: 37591K(39856K)->37591K(39856K) Class: 7288K(7680K)->7288K(7680K)
[60.095s][info][gc             ] GC(57) Pause Young (Normal) (G1 Evacuation Pause) 658M->61M(1024M) 17.111ms
[60.095s][info][gc,cpu         ] GC(57) User=0.09s Sys=0.00s Real=0.02s
[60.550s][info][gc,start       ] GC(58) Pause Young (Normal) (G1 Evacuation Pause)
[60.550s][info][gc,task        ] GC(58) Using 6 workers of 6 for evacuation
[60.551s][info][gc,phases      ] GC(58)   Pre Evacuate Collection Set: 0.0ms
[60.551s][info][gc,phases      ] GC(58)   Evacuate Collection Set: 0.5ms
[60.551s][info][gc,phases      ] GC(58)   Post Evacuate Collection Set: 0.4ms
[60.551s][info][gc,phases      ] GC(58)   Other: 0.3ms
[60.551s][info][gc,heap        ] GC(58) Eden regions: 596->0(612)
[60.551s][info][gc,heap        ] GC(58) Survivor regions: 18->2(77)
[60.551s][info][gc,heap        ] GC(58) Old regions: 46->46
[60.551s][info][gc,heap        ] GC(58) Humongous regions: 0->0
[60.551s][info][gc,metaspace   ] GC(58) Metaspace: 44930K(47536K)->44930K(47536K) NonClass: 37642K(39856K)->37642K(39856K) Class: 7288K(7680K)->7288K(7680K)
[60.551s][info][gc             ] GC(58) Pause Young (Normal) (G1 Evacuation Pause) 657M->46M(1024M) 1.504ms
[60.551s][info][gc,cpu         ] GC(58) User=0.00s Sys=0.00s Real=0.02s
[61.479s][info][gc,start       ] GC(59) Pause Young (Normal) (G1 Evacuation Pause)
[61.479s][info][gc,task        ] GC(59) Using 6 workers of 6 for evacuation
[61.480s][info][gc,phases      ] GC(59)   Pre Evacuate Collection Set: 0.0ms
[61.480s][info][gc,phases      ] GC(59)   Evacuate Collection Set: 0.5ms
[61.480s][info][gc,phases      ] GC(59)   Post Evacuate Collection Set: 0.4ms
[61.480s][info][gc,phases      ] GC(59)   Other: 0.3ms
[61.480s][info][gc,heap        ] GC(59) Eden regions: 612->0(613)
[61.480s][info][gc,heap        ] GC(59) Survivor regions: 2->1(77)
[61.480s][info][gc,heap        ] GC(59) Old regions: 46->46
[61.480s][info][gc,heap        ] GC(59) Humongous regions: 0->0
[61.480s][info][gc,metaspace   ] GC(59) Metaspace: 44932K(47536K)->44932K(47536K) NonClass: 37643K(39856K)->37643K(39856K) Class: 7288K(7680K)->7288K(7680K)
[61.480s][info][gc             ] GC(59) Pause Young (Normal) (G1 Evacuation Pause) 658M->45M(1024M) 1.318ms
[61.480s][info][gc,cpu         ] GC(59) User=0.00s Sys=0.00s Real=0.02s
[62.208s][info][gc,task        ] GC(60) Using 6 workers of 6 for full compaction
[62.208s][info][gc,start       ] GC(60) Pause Full (System.gc())
[62.208s][info][gc,phases,start] GC(60) Phase 1: Mark live objects
[62.235s][info][gc,stringtable ] GC(60) Cleaned string and symbol table, strings: 39351 processed, 10 removed, symbols: 93823 processed, 4 removed
[62.235s][info][gc,phases      ] GC(60) Phase 1: Mark live objects 26.761ms
[62.235s][info][gc,phases,start] GC(60) Phase 2: Prepare for compaction
[62.243s][info][gc,phases      ] GC(60) Phase 2: Prepare for compaction 7.883ms
[62.243s][info][gc,phases,start] GC(60) Phase 3: Adjust pointers
[62.254s][info][gc,phases      ] GC(60) Phase 3: Adjust pointers 11.091ms
[62.254s][info][gc,phases,start] GC(60) Phase 4: Compact heap
[62.262s][info][gc,phases      ] GC(60) Phase 4: Compact heap 8.178ms
[62.268s][info][gc,heap        ] GC(60) Eden regions: 598->0(614)
[62.268s][info][gc,heap        ] GC(60) Survivor regions: 1->0(77)
[62.268s][info][gc,heap        ] GC(60) Old regions: 46->46
[62.268s][info][gc,heap        ] GC(60) Humongous regions: 0->0
[62.268s][info][gc,metaspace   ] GC(60) Metaspace: 44949K(47536K)->44903K(47536K) NonClass: 37660K(39856K)->37615K(39856K) Class: 7288K(7680K)->7287K(7680K)
[62.268s][info][gc             ] GC(60) Pause Full (System.gc()) 643M->44M(1024M) 59.954ms
[62.268s][info][gc,cpu         ] GC(60) User=0.25s Sys=0.02s Real=0.07s
[62.719s][info][gc,start       ] GC(61) Pause Young (Normal) (G1 Evacuation Pause)
[62.719s][info][gc,task        ] GC(61) Using 6 workers of 6 for evacuation
[62.722s][info][gc,phases      ] GC(61)   Pre Evacuate Collection Set: 0.0ms
[62.722s][info][gc,phases      ] GC(61)   Evacuate Collection Set: 1.3ms
[62.722s][info][gc,phases      ] GC(61)   Post Evacuate Collection Set: 0.5ms
[62.722s][info][gc,phases      ] GC(61)   Other: 0.3ms
[62.722s][info][gc,heap        ] GC(61) Eden regions: 614->0(613)
[62.722s][info][gc,heap        ] GC(61) Survivor regions: 0->1(77)
[62.722s][info][gc,heap        ] GC(61) Old regions: 46->46
[62.722s][info][gc,heap        ] GC(61) Humongous regions: 0->0
[62.722s][info][gc,metaspace   ] GC(61) Metaspace: 44963K(47536K)->44963K(47536K) NonClass: 37674K(39856K)->37674K(39856K) Class: 7288K(7680K)->7288K(7680K)
[62.722s][info][gc             ] GC(61) Pause Young (Normal) (G1 Evacuation Pause) 658M->45M(1024M) 2.281ms
[62.722s][info][gc,cpu         ] GC(61) User=0.00s Sys=0.00s Real=0.00s
[63.638s][info][gc,start       ] GC(62) Pause Young (Normal) (G1 Evacuation Pause)
[63.638s][info][gc,task        ] GC(62) Using 6 workers of 6 for evacuation
[63.639s][info][gc,phases      ] GC(62)   Pre Evacuate Collection Set: 0.0ms
[63.639s][info][gc,phases      ] GC(62)   Evacuate Collection Set: 0.7ms
[63.639s][info][gc,phases      ] GC(62)   Post Evacuate Collection Set: 0.4ms
[63.639s][info][gc,phases      ] GC(62)   Other: 0.2ms
[63.639s][info][gc,heap        ] GC(62) Eden regions: 613->0(613)
[63.639s][info][gc,heap        ] GC(62) Survivor regions: 1->1(77)
[63.639s][info][gc,heap        ] GC(62) Old regions: 46->46
[63.639s][info][gc,heap        ] GC(62) Humongous regions: 0->0
[63.639s][info][gc,metaspace   ] GC(62) Metaspace: 44963K(47536K)->44963K(47536K) NonClass: 37674K(39856K)->37674K(39856K) Class: 7288K(7680K)->7288K(7680K)
[63.639s][info][gc             ] GC(62) Pause Young (Normal) (G1 Evacuation Pause) 658M->45M(1024M) 1.430ms
[63.639s][info][gc,cpu         ] GC(62) User=0.00s Sys=0.00s Real=0.00s
[64.342s][info][gc,start       ] GC(63) Pause Young (Normal) (G1 Evacuation Pause)
[64.343s][info][gc,task        ] GC(63) Using 6 workers of 6 for evacuation
[64.360s][info][gc,phases      ] GC(63)   Pre Evacuate Collection Set: 0.0ms
[64.360s][info][gc,phases      ] GC(63)   Evacuate Collection Set: 6.0ms
[64.360s][info][gc,phases      ] GC(63)   Post Evacuate Collection Set: 10.9ms
[64.360s][info][gc,phases      ] GC(63)   Other: 0.2ms
[64.360s][info][gc,heap        ] GC(63) Eden regions: 613->0(597)
[64.360s][info][gc,heap        ] GC(63) Survivor regions: 1->17(77)
[64.360s][info][gc,heap        ] GC(63) Old regions: 46->46
[64.360s][info][gc,heap        ] GC(63) Humongous regions: 0->0
[64.360s][info][gc,metaspace   ] GC(63) Metaspace: 44964K(47536K)->44964K(47536K) NonClass: 37675K(39856K)->37675K(39856K) Class: 7288K(7680K)->7288K(7680K)
[64.360s][info][gc             ] GC(63) Pause Young (Normal) (G1 Evacuation Pause) 658M->61M(1024M) 17.211ms
[64.360s][info][gc,cpu         ] GC(63) User=0.09s Sys=0.00s Real=0.02s
[64.731s][info][gc,start       ] GC(64) Pause Young (Normal) (G1 Evacuation Pause)
[64.731s][info][gc,task        ] GC(64) Using 6 workers of 6 for evacuation
[64.733s][info][gc,phases      ] GC(64)   Pre Evacuate Collection Set: 0.0ms
[64.733s][info][gc,phases      ] GC(64)   Evacuate Collection Set: 0.5ms
[64.733s][info][gc,phases      ] GC(64)   Post Evacuate Collection Set: 0.4ms
[64.733s][info][gc,phases      ] GC(64)   Other: 0.2ms
[64.733s][info][gc,heap        ] GC(64) Eden regions: 597->0(612)
[64.733s][info][gc,heap        ] GC(64) Survivor regions: 17->2(77)
[64.733s][info][gc,heap        ] GC(64) Old regions: 46->46
[64.733s][info][gc,heap        ] GC(64) Humongous regions: 0->0
[64.733s][info][gc,metaspace   ] GC(64) Metaspace: 44964K(47536K)->44964K(47536K) NonClass: 37675K(39856K)->37675K(39856K) Class: 7288K(7680K)->7288K(7680K)
[64.733s][info][gc             ] GC(64) Pause Young (Normal) (G1 Evacuation Pause) 658M->46M(1024M) 1.390ms
[64.733s][info][gc,cpu         ] GC(64) User=0.00s Sys=0.00s Real=0.00s
[65.665s][info][gc,start       ] GC(65) Pause Young (Normal) (G1 Evacuation Pause)
[65.665s][info][gc,task        ] GC(65) Using 6 workers of 6 for evacuation
[65.667s][info][gc,phases      ] GC(65)   Pre Evacuate Collection Set: 0.0ms
[65.667s][info][gc,phases      ] GC(65)   Evacuate Collection Set: 0.5ms
[65.667s][info][gc,phases      ] GC(65)   Post Evacuate Collection Set: 0.5ms
[65.667s][info][gc,phases      ] GC(65)   Other: 0.2ms
[65.667s][info][gc,heap        ] GC(65) Eden regions: 612->0(613)
[65.667s][info][gc,heap        ] GC(65) Survivor regions: 2->1(77)
[65.667s][info][gc,heap        ] GC(65) Old regions: 46->46
[65.667s][info][gc,heap        ] GC(65) Humongous regions: 0->0
[65.667s][info][gc,metaspace   ] GC(65) Metaspace: 44965K(47536K)->44965K(47536K) NonClass: 37676K(39856K)->37676K(39856K) Class: 7288K(7680K)->7288K(7680K)
[65.667s][info][gc             ] GC(65) Pause Young (Normal) (G1 Evacuation Pause) 658M->45M(1024M) 1.409ms
[65.667s][info][gc,cpu         ] GC(65) User=0.00s Sys=0.00s Real=0.00s
[66.372s][info][gc,heap,exit   ] Heap
[66.373s][info][gc,heap,exit   ]  garbage-first heap   total 1048576K, used 662972K [0x00000000c0000000, 0x0000000100000000)
[66.373s][info][gc,heap,exit   ]   region size 1024K, 604 young (618496K), 1 survivors (1024K)
[66.373s][info][gc,heap,exit   ]  Metaspace       used 45024K, capacity 47347K, committed 47536K, reserved 1089536K
[66.373s][info][gc,heap,exit   ]   class space    used 7296K, capacity 7595K, committed 7680K, reserved 1048576K
