[0.017s][info][gc] Using Parallel
[0.017s][info][gc,heap,coops] Heap address: 0x0000000700000000, size: 4096 MB, Compressed Oops mode: Zero based, Oop shift amount: 3
[2.969s][info][gc,start     ] GC(0) Pause Young (Metadata GC Threshold)
[2.974s][info][gc,heap      ] GC(0) PSYoungGen: 104860K->6668K(1223168K)
[2.974s][info][gc,heap      ] GC(0) ParOldGen: 0K->16K(2796544K)
[2.974s][info][gc,metaspace ] GC(0) Metaspace: 20760K(21296K)->20760K(21296K) NonClass: 18360K(18608K)->18360K(18608K) Class: 2400K(2688K)->2400K(2688K)
[2.974s][info][gc           ] GC(0) Pause Young (Metadata GC Threshold) 102M->6M(3925M) 4.994ms
[2.977s][info][gc,cpu       ] GC(0) User=0.00s Sys=0.02s Real=0.01s
[2.977s][info][gc,start     ] GC(1) Pause Full (Metadata GC Threshold)
[2.977s][info][gc,phases,start] GC(1) Marking Phase
[2.981s][info][gc,phases      ] GC(1) Marking Phase 4.315ms
[2.981s][info][gc,phases,start] GC(1) Summary Phase
[2.981s][info][gc,phases      ] GC(1) Summary Phase 0.010ms
[2.981s][info][gc,phases,start] GC(1) Adjust Roots
[2.984s][info][gc,phases      ] GC(1) Adjust Roots 2.736ms
[2.984s][info][gc,phases,start] GC(1) Compaction Phase
[2.989s][info][gc,phases      ] GC(1) Compaction Phase 5.025ms
[2.989s][info][gc,phases,start] GC(1) Post Compact
[2.990s][info][gc,phases      ] GC(1) Post Compact 0.649ms
[2.990s][info][gc,heap        ] GC(1) PSYoungGen: 6668K->0K(1223168K)
[2.990s][info][gc,heap        ] GC(1) ParOldGen: 16K->6489K(2796544K)
[2.990s][info][gc,metaspace   ] GC(1) Metaspace: 20760K(21296K)->20760K(21296K) NonClass: 18360K(18608K)->18360K(18608K) Class: 2400K(2688K)->2400K(2688K)
[2.990s][info][gc             ] GC(1) Pause Full (Metadata GC Threshold) 6M->6M(3925M) 12.986ms
[2.990s][info][gc,cpu         ] GC(1) User=0.00s Sys=0.00s Real=0.00s
[4.444s][info][gc,start       ] GC(2) Pause Young (Metadata GC Threshold)
[4.446s][info][gc,heap        ] GC(2) PSYoungGen: 146803K->2308K(1223168K)
[4.446s][info][gc,heap        ] GC(2) ParOldGen: 6489K->6497K(2796544K)
[4.446s][info][gc,metaspace   ] GC(2) Metaspace: 34525K(35376K)->34525K(35376K) NonClass: 30230K(30640K)->30230K(30640K) Class: 4294K(4736K)->4294K(4736K)
[4.446s][info][gc             ] GC(2) Pause Young (Metadata GC Threshold) 149M->8M(3925M) 2.287ms
[4.446s][info][gc,cpu         ] GC(2) User=0.00s Sys=0.00s Real=0.00s
[4.446s][info][gc,start       ] GC(3) Pause Full (Metadata GC Threshold)
[4.446s][info][gc,phases,start] GC(3) Marking Phase
[4.452s][info][gc,phases      ] GC(3) Marking Phase 5.690ms
[4.452s][info][gc,phases,start] GC(3) Summary Phase
[4.452s][info][gc,phases      ] GC(3) Summary Phase 0.009ms
[4.452s][info][gc,phases,start] GC(3) Adjust Roots
[4.456s][info][gc,phases      ] GC(3) Adjust Roots 4.356ms
[4.456s][info][gc,phases,start] GC(3) Compaction Phase
[4.477s][info][gc,phases      ] GC(3) Compaction Phase 20.886ms
[4.477s][info][gc,phases,start] GC(3) Post Compact
[4.478s][info][gc,phases      ] GC(3) Post Compact 0.963ms
[4.478s][info][gc,heap        ] GC(3) PSYoungGen: 2308K->0K(1223168K)
[4.478s][info][gc,heap        ] GC(3) ParOldGen: 6497K->8351K(2796544K)
[4.478s][info][gc,metaspace   ] GC(3) Metaspace: 34525K(35376K)->34525K(35376K) NonClass: 30230K(30640K)->30230K(30640K) Class: 4294K(4736K)->4294K(4736K)
[4.479s][info][gc             ] GC(3) Pause Full (Metadata GC Threshold) 8M->8M(3925M) 32.243ms
[4.479s][info][gc,cpu         ] GC(3) User=0.03s Sys=0.00s Real=0.03s
[5.423s][info][gc,start       ] GC(4) Pause Young (System.gc())
[5.425s][info][gc,heap        ] GC(4) PSYoungGen: 139817K->2484K(1223168K)
[5.425s][info][gc,heap        ] GC(4) ParOldGen: 8351K->8359K(2796544K)
[5.425s][info][gc,metaspace   ] GC(4) Metaspace: 43704K(45104K)->43704K(45104K) NonClass: 37915K(38576K)->37915K(38576K) Class: 5789K(6528K)->5789K(6528K)
[5.425s][info][gc             ] GC(4) Pause Young (System.gc()) 144M->10M(3925M) 2.052ms
[5.425s][info][gc,cpu         ] GC(4) User=0.00s Sys=0.00s Real=0.00s
[5.425s][info][gc,start       ] GC(5) Pause Full (System.gc())
[5.425s][info][gc,phases,start] GC(5) Marking Phase
[5.432s][info][gc,phases      ] GC(5) Marking Phase 7.111ms
[5.432s][info][gc,phases,start] GC(5) Summary Phase
[5.432s][info][gc,phases      ] GC(5) Summary Phase 0.010ms
[5.432s][info][gc,phases,start] GC(5) Adjust Roots
[5.439s][info][gc,phases      ] GC(5) Adjust Roots 6.132ms
[5.439s][info][gc,phases,start] GC(5) Compaction Phase
[5.472s][info][gc,phases      ] GC(5) Compaction Phase 33.273ms
[5.472s][info][gc,phases,start] GC(5) Post Compact
[5.473s][info][gc,phases      ] GC(5) Post Compact 0.824ms
[5.473s][info][gc,heap        ] GC(5) PSYoungGen: 2484K->0K(1223168K)
[5.473s][info][gc,heap        ] GC(5) ParOldGen: 8359K->10616K(2796544K)
[5.473s][info][gc,metaspace   ] GC(5) Metaspace: 43704K(45104K)->43704K(45104K) NonClass: 37915K(38576K)->37915K(38576K) Class: 5789K(6528K)->5789K(6528K)
[5.473s][info][gc             ] GC(5) Pause Full (System.gc()) 10M->10M(3925M) 47.748ms
[5.473s][info][gc,cpu         ] GC(5) User=0.05s Sys=0.00s Real=0.05s
[11.614s][info][gc,start       ] GC(6) Pause Young (Allocation Failure)
[11.620s][info][gc,heap        ] GC(6) PSYoungGen: 1048576K->5504K(1223168K)
[11.620s][info][gc,heap        ] GC(6) ParOldGen: 10616K->10624K(2796544K)
[11.620s][info][gc,metaspace   ] GC(6) Metaspace: 62995K(67120K)->62995K(67120K) NonClass: 53308K(55216K)->53308K(55216K) Class: 9687K(11904K)->9687K(11904K)
[11.620s][info][gc             ] GC(6) Pause Young (Allocation Failure) 1034M->15M(3925M) 6.581ms
[11.620s][info][gc,cpu         ] GC(6) User=0.09s Sys=0.00s Real=0.00s
[13.091s][info][gc,start       ] GC(7) Pause Young (Allocation Failure)
[13.096s][info][gc,heap        ] GC(7) PSYoungGen: 1054080K->5376K(1223168K)
[13.096s][info][gc,heap        ] GC(7) ParOldGen: 10624K->10632K(2796544K)
[13.096s][info][gc,metaspace   ] GC(7) Metaspace: 63009K(67376K)->63009K(67376K) NonClass: 53322K(55472K)->53322K(55472K) Class: 9687K(11904K)->9687K(11904K)
[13.096s][info][gc             ] GC(7) Pause Young (Allocation Failure) 1039M->15M(3925M) 5.081ms
[13.096s][info][gc,cpu         ] GC(7) User=0.00s Sys=0.00s Real=0.00s
[14.710s][info][gc,start       ] GC(8) Pause Young (Allocation Failure)
[14.715s][info][gc,heap        ] GC(8) PSYoungGen: 1053952K->5248K(1389568K)
[14.715s][info][gc,heap        ] GC(8) ParOldGen: 10632K->10640K(2796544K)
[14.715s][info][gc,metaspace   ] GC(8) Metaspace: 63258K(67376K)->63258K(67376K) NonClass: 53525K(55472K)->53525K(55472K) Class: 9733K(11904K)->9733K(11904K)
[14.715s][info][gc             ] GC(8) Pause Young (Allocation Failure) 1039M->15M(4088M) 5.178ms
[14.715s][info][gc,cpu         ] GC(8) User=0.02s Sys=0.00s Real=0.02s
[14.859s][info][gc,start       ] GC(9) Pause Young (System.gc())
[14.865s][info][gc,heap        ] GC(9) PSYoungGen: 116088K->5136K(1223168K)
[14.865s][info][gc,heap        ] GC(9) ParOldGen: 10640K->10648K(2796544K)
[14.865s][info][gc,metaspace   ] GC(9) Metaspace: 63306K(67632K)->63306K(67632K) NonClass: 53568K(55728K)->53568K(55728K) Class: 9738K(11904K)->9738K(11904K)
[14.865s][info][gc             ] GC(9) Pause Young (System.gc()) 123M->15M(3925M) 5.857ms
[14.865s][info][gc,cpu         ] GC(9) User=0.02s Sys=0.00s Real=0.00s
[14.865s][info][gc,start       ] GC(10) Pause Full (System.gc())
[14.865s][info][gc,phases,start] GC(10) Marking Phase
[14.893s][info][gc,phases      ] GC(10) Marking Phase 28.088ms
[14.893s][info][gc,phases,start] GC(10) Summary Phase
[14.893s][info][gc,phases      ] GC(10) Summary Phase 0.009ms
[14.893s][info][gc,phases,start] GC(10) Adjust Roots
[14.908s][info][gc,phases      ] GC(10) Adjust Roots 14.741ms
[14.908s][info][gc,phases,start] GC(10) Compaction Phase
[14.939s][info][gc,phases      ] GC(10) Compaction Phase 30.824ms
[14.939s][info][gc,phases,start] GC(10) Post Compact
[14.943s][info][gc,phases      ] GC(10) Post Compact 4.224ms
[14.943s][info][gc,heap        ] GC(10) PSYoungGen: 5136K->0K(1223168K)
[14.943s][info][gc,heap        ] GC(10) ParOldGen: 10648K->15073K(2796544K)
[14.943s][info][gc,metaspace   ] GC(10) Metaspace: 63306K(67632K)->58475K(67632K) NonClass: 53568K(55728K)->50796K(55728K) Class: 9738K(11904K)->7678K(11904K)
[14.943s][info][gc             ] GC(10) Pause Full (System.gc()) 15M->14M(3925M) 78.182ms
[14.943s][info][gc,cpu         ] GC(10) User=0.00s Sys=0.00s Real=0.07s
[17.409s][info][gc,start       ] GC(11) Pause Young (Allocation Failure)
[17.410s][info][gc,heap        ] GC(11) PSYoungGen: 1214976K->640K(1389056K)
[17.410s][info][gc,heap        ] GC(11) ParOldGen: 15073K->15081K(2796544K)
[17.410s][info][gc,metaspace   ] GC(11) Metaspace: 58538K(67632K)->58538K(67632K) NonClass: 50835K(55728K)->50835K(55728K) Class: 7702K(11904K)->7702K(11904K)
[17.410s][info][gc             ] GC(11) Pause Young (Allocation Failure) 1201M->15M(4087M) 1.032ms
[17.410s][info][gc,cpu         ] GC(11) User=0.00s Sys=0.00s Real=0.00s
[19.396s][info][gc,start       ] GC(12) Pause Young (Allocation Failure)
[19.396s][info][gc,heap        ] GC(12) PSYoungGen: 1382016K->640K(1382400K)
[19.396s][info][gc,heap        ] GC(12) ParOldGen: 15081K->15089K(2796544K)
[19.396s][info][gc,metaspace   ] GC(12) Metaspace: 58544K(67632K)->58544K(67632K) NonClass: 50841K(55728K)->50841K(55728K) Class: 7703K(11904K)->7703K(11904K)
[19.396s][info][gc             ] GC(12) Pause Young (Allocation Failure) 1364M->15M(4081M) 0.920ms
[19.396s][info][gc,cpu         ] GC(12) User=0.00s Sys=0.00s Real=0.00s
[20.050s][info][gc,start       ] GC(13) Pause Young (System.gc())
[20.051s][info][gc,heap        ] GC(13) PSYoungGen: 409233K->320K(1389056K)
[20.051s][info][gc,heap        ] GC(13) ParOldGen: 15089K->15097K(2796544K)
[20.051s][info][gc,metaspace   ] GC(13) Metaspace: 58571K(67632K)->58571K(67632K) NonClass: 50867K(55728K)->50867K(55728K) Class: 7703K(11904K)->7703K(11904K)
[20.051s][info][gc             ] GC(13) Pause Young (System.gc()) 414M->15M(4087M) 0.861ms
[20.051s][info][gc,cpu         ] GC(13) User=0.00s Sys=0.00s Real=0.00s
[20.051s][info][gc,start       ] GC(14) Pause Full (System.gc())
[20.051s][info][gc,phases,start] GC(14) Marking Phase
[20.079s][info][gc,phases      ] GC(14) Marking Phase 27.408ms
[20.079s][info][gc,phases,start] GC(14) Summary Phase
[20.079s][info][gc,phases      ] GC(14) Summary Phase 0.010ms
[20.079s][info][gc,phases,start] GC(14) Adjust Roots
[20.088s][info][gc,phases      ] GC(14) Adjust Roots 8.919ms
[20.088s][info][gc,phases,start] GC(14) Compaction Phase
[20.109s][info][gc,phases      ] GC(14) Compaction Phase 21.188ms
[20.109s][info][gc,phases,start] GC(14) Post Compact
[20.110s][info][gc,phases      ] GC(14) Post Compact 1.025ms
[20.110s][info][gc,heap        ] GC(14) PSYoungGen: 320K->0K(1389056K)
[20.110s][info][gc,heap        ] GC(14) ParOldGen: 15097K->15048K(2796544K)
[20.110s][info][gc,metaspace   ] GC(14) Metaspace: 58571K(67632K)->58562K(67632K) NonClass: 50867K(55728K)->50861K(55728K) Class: 7703K(11904K)->7701K(11904K)
[20.110s][info][gc             ] GC(14) Pause Full (System.gc()) 15M->14M(4087M) 58.963ms
[20.110s][info][gc,cpu         ] GC(14) User=0.02s Sys=0.00s Real=0.06s
[22.032s][info][gc,start       ] GC(15) Pause Young (Allocation Failure)
[22.033s][info][gc,heap        ] GC(15) PSYoungGen: 1380352K->672K(1389056K)
[22.033s][info][gc,heap        ] GC(15) ParOldGen: 15048K->15056K(2796544K)
[22.033s][info][gc,metaspace   ] GC(15) Metaspace: 58593K(67632K)->58593K(67632K) NonClass: 50892K(55728K)->50892K(55728K) Class: 7701K(11904K)->7701K(11904K)
[22.033s][info][gc             ] GC(15) Pause Young (Allocation Failure) 1362M->15M(4087M) 1.048ms
[22.033s][info][gc,cpu         ] GC(15) User=0.00s Sys=0.00s Real=0.00s
[23.923s][info][gc,start       ] GC(16) Pause Young (Allocation Failure)
[23.924s][info][gc,heap        ] GC(16) PSYoungGen: 1381024K->256K(1389056K)
[23.924s][info][gc,heap        ] GC(16) ParOldGen: 15056K->15456K(2796544K)
[23.924s][info][gc,metaspace   ] GC(16) Metaspace: 58599K(67632K)->58599K(67632K) NonClass: 50898K(55728K)->50898K(55728K) Class: 7701K(11904K)->7701K(11904K)
[23.924s][info][gc             ] GC(16) Pause Young (Allocation Failure) 1363M->15M(4087M) 0.877ms
[23.924s][info][gc,cpu         ] GC(16) User=0.00s Sys=0.00s Real=0.00s
[24.148s][info][gc,start       ] GC(17) Pause Young (System.gc())
[24.149s][info][gc,heap        ] GC(17) PSYoungGen: 187142K->256K(1389056K)
[24.149s][info][gc,heap        ] GC(17) ParOldGen: 15456K->15488K(2796544K)
[24.149s][info][gc,metaspace   ] GC(17) Metaspace: 58617K(67632K)->58617K(67632K) NonClass: 50916K(55728K)->50916K(55728K) Class: 7701K(11904K)->7701K(11904K)
[24.149s][info][gc             ] GC(17) Pause Young (System.gc()) 197M->15M(4087M) 1.089ms
[24.150s][info][gc,cpu         ] GC(17) User=0.00s Sys=0.00s Real=0.00s
[24.150s][info][gc,start       ] GC(18) Pause Full (System.gc())
[24.150s][info][gc,phases,start] GC(18) Marking Phase
[24.164s][info][gc,phases      ] GC(18) Marking Phase 14.293ms
[24.164s][info][gc,phases,start] GC(18) Summary Phase
[24.164s][info][gc,phases      ] GC(18) Summary Phase 0.010ms
[24.164s][info][gc,phases,start] GC(18) Adjust Roots
[24.172s][info][gc,phases      ] GC(18) Adjust Roots 8.104ms
[24.172s][info][gc,phases,start] GC(18) Compaction Phase
[24.191s][info][gc,phases      ] GC(18) Compaction Phase 18.890ms
[24.191s][info][gc,phases,start] GC(18) Post Compact
[24.192s][info][gc,phases      ] GC(18) Post Compact 0.734ms
[24.192s][info][gc,heap        ] GC(18) PSYoungGen: 256K->0K(1389056K)
[24.192s][info][gc,heap        ] GC(18) ParOldGen: 15488K->15249K(2796544K)
[24.192s][info][gc,metaspace   ] GC(18) Metaspace: 58617K(67632K)->58617K(67632K) NonClass: 50916K(55728K)->50916K(55728K) Class: 7701K(11904K)->7701K(11904K)
[24.192s][info][gc             ] GC(18) Pause Full (System.gc()) 15M->14M(4087M) 42.388ms
[24.192s][info][gc,cpu         ] GC(18) User=0.03s Sys=0.00s Real=0.05s
[26.373s][info][gc,start       ] GC(19) Pause Young (Allocation Failure)
[26.374s][info][gc,heap        ] GC(19) PSYoungGen: 1380352K->608K(1389568K)
[26.374s][info][gc,heap        ] GC(19) ParOldGen: 15249K->15257K(2796544K)
[26.374s][info][gc,metaspace   ] GC(19) Metaspace: 58671K(67632K)->58671K(67632K) NonClass: 50969K(55728K)->50969K(55728K) Class: 7701K(11904K)->7701K(11904K)
[26.374s][info][gc             ] GC(19) Pause Young (Allocation Failure) 1362M->15M(4088M) 1.038ms
[26.374s][info][gc,cpu         ] GC(19) User=0.00s Sys=0.00s Real=0.00s
[28.314s][info][gc,start       ] GC(20) Pause Young (Allocation Failure)
[28.315s][info][gc,heap        ] GC(20) PSYoungGen: 1381472K->224K(1389056K)
[28.315s][info][gc,heap        ] GC(20) ParOldGen: 15257K->15665K(2796544K)
[28.315s][info][gc,metaspace   ] GC(20) Metaspace: 58677K(67632K)->58677K(67632K) NonClass: 50975K(55728K)->50975K(55728K) Class: 7701K(11904K)->7701K(11904K)
[28.315s][info][gc             ] GC(20) Pause Young (Allocation Failure) 1363M->15M(4087M) 0.920ms
[28.315s][info][gc,cpu         ] GC(20) User=0.00s Sys=0.00s Real=0.00s
[28.539s][info][gc,start       ] GC(21) Pause Young (System.gc())
[28.540s][info][gc,heap        ] GC(21) PSYoungGen: 157974K->256K(1390080K)
[28.540s][info][gc,heap        ] GC(21) ParOldGen: 15665K->15713K(2796544K)
[28.540s][info][gc,metaspace   ] GC(21) Metaspace: 58714K(67632K)->58714K(67632K) NonClass: 51012K(55728K)->51012K(55728K) Class: 7701K(11904K)->7701K(11904K)
[28.540s][info][gc             ] GC(21) Pause Young (System.gc()) 169M->15M(4088M) 0.744ms
[28.540s][info][gc,cpu         ] GC(21) User=0.00s Sys=0.00s Real=0.00s
[28.540s][info][gc,start       ] GC(22) Pause Full (System.gc())
[28.540s][info][gc,phases,start] GC(22) Marking Phase
[28.554s][info][gc,phases      ] GC(22) Marking Phase 14.502ms
[28.554s][info][gc,phases,start] GC(22) Summary Phase
[28.554s][info][gc,phases      ] GC(22) Summary Phase 0.031ms
[28.554s][info][gc,phases,start] GC(22) Adjust Roots
[28.563s][info][gc,phases      ] GC(22) Adjust Roots 8.561ms
[28.563s][info][gc,phases,start] GC(22) Compaction Phase
[28.570s][info][gc,phases      ] GC(22) Compaction Phase 7.245ms
[28.570s][info][gc,phases,start] GC(22) Post Compact
[28.571s][info][gc,phases      ] GC(22) Post Compact 0.583ms
[28.571s][info][gc,heap        ] GC(22) PSYoungGen: 256K->0K(1390080K)
[28.571s][info][gc,heap        ] GC(22) ParOldGen: 15713K->15137K(2796544K)
[28.571s][info][gc,metaspace   ] GC(22) Metaspace: 58714K(67632K)->58714K(67632K) NonClass: 51012K(55728K)->51012K(55728K) Class: 7701K(11904K)->7701K(11904K)
[28.571s][info][gc             ] GC(22) Pause Full (System.gc()) 15M->14M(4088M) 31.368ms
[28.571s][info][gc,cpu         ] GC(22) User=0.02s Sys=0.00s Real=0.03s
[30.556s][info][gc,start       ] GC(23) Pause Young (Allocation Failure)
[30.557s][info][gc,heap        ] GC(23) PSYoungGen: 1381888K->640K(1389568K)
[30.557s][info][gc,heap        ] GC(23) ParOldGen: 15137K->15145K(2796544K)
[30.557s][info][gc,metaspace   ] GC(23) Metaspace: 58758K(67632K)->58758K(67632K) NonClass: 51056K(55728K)->51056K(55728K) Class: 7701K(11904K)->7701K(11904K)
[30.557s][info][gc             ] GC(23) Pause Young (Allocation Failure) 1364M->15M(4088M) 1.049ms
[30.557s][info][gc,cpu         ] GC(23) User=0.00s Sys=0.00s Real=0.00s
[32.499s][info][gc,start       ] GC(24) Pause Young (Allocation Failure)
[32.499s][info][gc,heap        ] GC(24) PSYoungGen: 1382528K->224K(1390592K)
[32.499s][info][gc,heap        ] GC(24) ParOldGen: 15145K->15576K(2796544K)
[32.499s][info][gc,metaspace   ] GC(24) Metaspace: 58761K(67632K)->58761K(67632K) NonClass: 51059K(55728K)->51059K(55728K) Class: 7701K(11904K)->7701K(11904K)
[32.499s][info][gc             ] GC(24) Pause Young (Allocation Failure) 1364M->15M(4089M) 0.899ms
[32.499s][info][gc,cpu         ] GC(24) User=0.00s Sys=0.00s Real=0.00s
[32.683s][info][gc,start       ] GC(25) Pause Young (System.gc())
[32.684s][info][gc,heap        ] GC(25) PSYoungGen: 146954K->224K(1390080K)
[32.684s][info][gc,heap        ] GC(25) ParOldGen: 15576K->15608K(2796544K)
[32.684s][info][gc,metaspace   ] GC(25) Metaspace: 58772K(67632K)->58772K(67632K) NonClass: 51071K(55728K)->51071K(55728K) Class: 7701K(11904K)->7701K(11904K)
[32.684s][info][gc             ] GC(25) Pause Young (System.gc()) 158M->15M(4088M) 0.735ms
[32.684s][info][gc,cpu         ] GC(25) User=0.00s Sys=0.00s Real=0.00s
[32.684s][info][gc,start       ] GC(26) Pause Full (System.gc())
[32.684s][info][gc,phases,start] GC(26) Marking Phase
[32.697s][info][gc,phases      ] GC(26) Marking Phase 13.759ms
[32.697s][info][gc,phases,start] GC(26) Summary Phase
[32.697s][info][gc,phases      ] GC(26) Summary Phase 0.009ms
[32.697s][info][gc,phases,start] GC(26) Adjust Roots
[32.706s][info][gc,phases      ] GC(26) Adjust Roots 8.613ms
[32.706s][info][gc,phases,start] GC(26) Compaction Phase
[32.713s][info][gc,phases      ] GC(26) Compaction Phase 7.042ms
[32.713s][info][gc,phases,start] GC(26) Post Compact
[32.714s][info][gc,phases      ] GC(26) Post Compact 0.612ms
[32.714s][info][gc,heap        ] GC(26) PSYoungGen: 224K->0K(1390080K)
[32.714s][info][gc,heap        ] GC(26) ParOldGen: 15608K->15185K(2796544K)
[32.714s][info][gc,metaspace   ] GC(26) Metaspace: 58772K(67632K)->58772K(67632K) NonClass: 51071K(55728K)->51071K(55728K) Class: 7701K(11904K)->7701K(11904K)
[32.714s][info][gc             ] GC(26) Pause Full (System.gc()) 15M->14M(4088M) 30.323ms
[32.714s][info][gc,cpu         ] GC(26) User=0.00s Sys=0.00s Real=0.02s
[34.699s][info][gc,start       ] GC(27) Pause Young (Allocation Failure)
[34.700s][info][gc,heap        ] GC(27) PSYoungGen: 1382912K->672K(1391104K)
[34.700s][info][gc,heap        ] GC(27) ParOldGen: 15185K->15193K(2796544K)
[34.700s][info][gc,metaspace   ] GC(27) Metaspace: 58795K(67888K)->58795K(67888K) NonClass: 51093K(55984K)->51093K(55984K) Class: 7701K(11904K)->7701K(11904K)
[34.700s][info][gc             ] GC(27) Pause Young (Allocation Failure) 1365M->15M(4089M) 0.898ms
[34.700s][info][gc,cpu         ] GC(27) User=0.00s Sys=0.00s Real=0.00s
[36.612s][info][gc,start       ] GC(28) Pause Young (Allocation Failure)
[36.613s][info][gc,heap        ] GC(28) PSYoungGen: 1384608K->256K(1390592K)
[36.613s][info][gc,heap        ] GC(28) ParOldGen: 15193K->15609K(2796544K)
[36.613s][info][gc,metaspace   ] GC(28) Metaspace: 58805K(67888K)->58805K(67888K) NonClass: 51104K(55984K)->51104K(55984K) Class: 7701K(11904K)->7701K(11904K)
[36.613s][info][gc             ] GC(28) Pause Young (Allocation Failure) 1366M->15M(4089M) 0.848ms
[36.613s][info][gc,cpu         ] GC(28) User=0.00s Sys=0.00s Real=0.00s
[36.781s][info][gc,start       ] GC(29) Pause Young (System.gc())
[36.782s][info][gc,heap        ] GC(29) PSYoungGen: 126768K->256K(1391616K)
[36.782s][info][gc,heap        ] GC(29) ParOldGen: 15609K->15657K(2796544K)
[36.782s][info][gc,metaspace   ] GC(29) Metaspace: 58818K(67888K)->58818K(67888K) NonClass: 51117K(55984K)->51117K(55984K) Class: 7701K(11904K)->7701K(11904K)
[36.782s][info][gc             ] GC(29) Pause Young (System.gc()) 139M->15M(4090M) 0.748ms
[36.782s][info][gc,cpu         ] GC(29) User=0.00s Sys=0.00s Real=0.00s
[36.782s][info][gc,start       ] GC(30) Pause Full (System.gc())
[36.782s][info][gc,phases,start] GC(30) Marking Phase
[36.796s][info][gc,phases      ] GC(30) Marking Phase 13.884ms
[36.796s][info][gc,phases,start] GC(30) Summary Phase
[36.796s][info][gc,phases      ] GC(30) Summary Phase 0.009ms
[36.796s][info][gc,phases,start] GC(30) Adjust Roots
[36.804s][info][gc,phases      ] GC(30) Adjust Roots 8.493ms
[36.804s][info][gc,phases,start] GC(30) Compaction Phase
[36.812s][info][gc,phases      ] GC(30) Compaction Phase 7.606ms
[36.812s][info][gc,phases,start] GC(30) Post Compact
[36.813s][info][gc,phases      ] GC(30) Post Compact 0.601ms
[36.813s][info][gc,heap        ] GC(30) PSYoungGen: 256K->0K(1391616K)
[36.813s][info][gc,heap        ] GC(30) ParOldGen: 15657K->15214K(2796544K)
[36.813s][info][gc,metaspace   ] GC(30) Metaspace: 58818K(67888K)->58818K(67888K) NonClass: 51117K(55984K)->51117K(55984K) Class: 7701K(11904K)->7701K(11904K)
[36.813s][info][gc             ] GC(30) Pause Full (System.gc()) 15M->14M(4090M) 30.863ms
[36.813s][info][gc,cpu         ] GC(30) User=0.02s Sys=0.00s Real=0.03s
[38.846s][info][gc,start       ] GC(31) Pause Young (Allocation Failure)
[38.847s][info][gc,heap        ] GC(31) PSYoungGen: 1385472K->608K(1391616K)
[38.847s][info][gc,heap        ] GC(31) ParOldGen: 15214K->15222K(2796544K)
[38.847s][info][gc,metaspace   ] GC(31) Metaspace: 58859K(67888K)->58859K(67888K) NonClass: 51157K(55984K)->51157K(55984K) Class: 7701K(11904K)->7701K(11904K)
[38.847s][info][gc             ] GC(31) Pause Young (Allocation Failure) 1367M->15M(4090M) 1.071ms
[38.847s][info][gc,cpu         ] GC(31) User=0.00s Sys=0.00s Real=0.00s
[40.899s][info][gc,start       ] GC(32) Pause Young (Allocation Failure)
[40.899s][info][gc,heap        ] GC(32) PSYoungGen: 1386080K->224K(1392128K)
[40.899s][info][gc,heap        ] GC(32) ParOldGen: 15222K->15622K(2796544K)
[40.899s][info][gc,metaspace   ] GC(32) Metaspace: 58860K(67888K)->58860K(67888K) NonClass: 51158K(55984K)->51158K(55984K) Class: 7701K(11904K)->7701K(11904K)
[40.899s][info][gc             ] GC(32) Pause Young (Allocation Failure) 1368M->15M(4090M) 0.952ms
[40.899s][info][gc,cpu         ] GC(32) User=0.00s Sys=0.00s Real=0.00s
[41.132s][info][gc,start       ] GC(33) Pause Young (System.gc())
[41.133s][info][gc,heap        ] GC(33) PSYoungGen: 119786K->256K(1392128K)
[41.133s][info][gc,heap        ] GC(33) ParOldGen: 15622K->15662K(2796544K)
[41.133s][info][gc,metaspace   ] GC(33) Metaspace: 58873K(67888K)->58873K(67888K) NonClass: 51171K(55984K)->51171K(55984K) Class: 7701K(11904K)->7701K(11904K)
[41.133s][info][gc             ] GC(33) Pause Young (System.gc()) 132M->15M(4090M) 0.901ms
[41.133s][info][gc,cpu         ] GC(33) User=0.00s Sys=0.00s Real=0.00s
[41.133s][info][gc,start       ] GC(34) Pause Full (System.gc())
[41.133s][info][gc,phases,start] GC(34) Marking Phase
[41.148s][info][gc,phases      ] GC(34) Marking Phase 14.777ms
[41.148s][info][gc,phases,start] GC(34) Summary Phase
[41.148s][info][gc,phases      ] GC(34) Summary Phase 0.009ms
[41.148s][info][gc,phases,start] GC(34) Adjust Roots
[41.156s][info][gc,phases      ] GC(34) Adjust Roots 8.379ms
[41.156s][info][gc,phases,start] GC(34) Compaction Phase
[41.162s][info][gc,phases      ] GC(34) Compaction Phase 6.409ms
[41.163s][info][gc,phases,start] GC(34) Post Compact
[41.163s][info][gc,phases      ] GC(34) Post Compact 0.635ms
[41.163s][info][gc,heap        ] GC(34) PSYoungGen: 256K->0K(1392128K)
[41.163s][info][gc,heap        ] GC(34) ParOldGen: 15662K->15210K(2796544K)
[41.163s][info][gc,metaspace   ] GC(34) Metaspace: 58873K(67888K)->58873K(67888K) NonClass: 51171K(55984K)->51171K(55984K) Class: 7701K(11904K)->7701K(11904K)
[41.163s][info][gc             ] GC(34) Pause Full (System.gc()) 15M->14M(4090M) 30.488ms
[41.163s][info][gc,cpu         ] GC(34) User=0.00s Sys=0.00s Real=0.02s
[43.397s][info][gc,start       ] GC(35) Pause Young (Allocation Failure)
[43.398s][info][gc,heap        ] GC(35) PSYoungGen: 1386496K->640K(1393152K)
[43.398s][info][gc,heap        ] GC(35) ParOldGen: 15210K->15218K(2796544K)
[43.398s][info][gc,metaspace   ] GC(35) Metaspace: 58917K(67888K)->58917K(67888K) NonClass: 51215K(55984K)->51215K(55984K) Class: 7701K(11904K)->7701K(11904K)
[43.398s][info][gc             ] GC(35) Pause Young (Allocation Failure) 1368M->15M(4091M) 0.907ms
[43.398s][info][gc,cpu         ] GC(35) User=0.00s Sys=0.00s Real=0.00s
[45.654s][info][gc,start       ] GC(36) Pause Young (Allocation Failure)
[45.656s][info][gc,heap        ] GC(36) PSYoungGen: 1388672K->288K(1392640K)
[45.656s][info][gc,heap        ] GC(36) ParOldGen: 15218K->15618K(2796544K)
[45.656s][info][gc,metaspace   ] GC(36) Metaspace: 58921K(67888K)->58921K(67888K) NonClass: 51220K(55984K)->51220K(55984K) Class: 7701K(11904K)->7701K(11904K)
[45.656s][info][gc             ] GC(36) Pause Young (Allocation Failure) 1370M->15M(4091M) 1.240ms
[45.656s][info][gc,cpu         ] GC(36) User=0.03s Sys=0.00s Real=0.00s
[45.870s][info][gc,start       ] GC(37) Pause Young (System.gc())
[45.871s][info][gc,heap        ] GC(37) PSYoungGen: 112806K->384K(1393664K)
[45.871s][info][gc,heap        ] GC(37) ParOldGen: 15618K->15650K(2796544K)
[45.871s][info][gc,metaspace   ] GC(37) Metaspace: 58939K(67888K)->58939K(67888K) NonClass: 51237K(55984K)->51237K(55984K) Class: 7701K(11904K)->7701K(11904K)
[45.871s][info][gc             ] GC(37) Pause Young (System.gc()) 125M->15M(4092M) 1.377ms
[45.871s][info][gc,cpu         ] GC(37) User=0.00s Sys=0.00s Real=0.00s
[45.871s][info][gc,start       ] GC(38) Pause Full (System.gc())
[45.871s][info][gc,phases,start] GC(38) Marking Phase
[45.886s][info][gc,phases      ] GC(38) Marking Phase 14.592ms
[45.886s][info][gc,phases,start] GC(38) Summary Phase
[45.886s][info][gc,phases      ] GC(38) Summary Phase 0.009ms
[45.886s][info][gc,phases,start] GC(38) Adjust Roots
[45.894s][info][gc,phases      ] GC(38) Adjust Roots 8.443ms
[45.895s][info][gc,phases,start] GC(38) Compaction Phase
[45.900s][info][gc,phases      ] GC(38) Compaction Phase 5.043ms
[45.900s][info][gc,phases,start] GC(38) Post Compact
[45.900s][info][gc,phases      ] GC(38) Post Compact 0.602ms
[45.900s][info][gc,heap        ] GC(38) PSYoungGen: 384K->0K(1393664K)
[45.900s][info][gc,heap        ] GC(38) ParOldGen: 15650K->15326K(2796544K)
[45.900s][info][gc,metaspace   ] GC(38) Metaspace: 58939K(67888K)->58939K(67888K) NonClass: 51237K(55984K)->51237K(55984K) Class: 7701K(11904K)->7701K(11904K)
[45.900s][info][gc             ] GC(38) Pause Full (System.gc()) 15M->14M(4092M) 28.953ms
[45.900s][info][gc,cpu         ] GC(38) User=0.02s Sys=0.00s Real=0.03s
[48.048s][info][gc,start       ] GC(39) Pause Young (Allocation Failure)
[48.049s][info][gc,heap        ] GC(39) PSYoungGen: 1389056K->576K(1393152K)
[48.049s][info][gc,heap        ] GC(39) ParOldGen: 15326K->15334K(2796544K)
[48.049s][info][gc,metaspace   ] GC(39) Metaspace: 58965K(67888K)->58965K(67888K) NonClass: 51263K(55984K)->51263K(55984K) Class: 7701K(11904K)->7701K(11904K)
[48.049s][info][gc             ] GC(39) Pause Young (Allocation Failure) 1371M->15M(4091M) 0.967ms
[48.049s][info][gc,cpu         ] GC(39) User=0.00s Sys=0.00s Real=0.00s
[50.122s][info][gc,start       ] GC(40) Pause Young (Allocation Failure)
[50.123s][info][gc,heap        ] GC(40) PSYoungGen: 1389632K->192K(1393664K)
[50.123s][info][gc,heap        ] GC(40) ParOldGen: 15334K->15622K(2796544K)
[50.123s][info][gc,metaspace   ] GC(40) Metaspace: 58969K(67888K)->58969K(67888K) NonClass: 51267K(55984K)->51267K(55984K) Class: 7701K(11904K)->7701K(11904K)
[50.123s][info][gc             ] GC(40) Pause Young (Allocation Failure) 1372M->15M(4092M) 0.985ms
[50.123s][info][gc,cpu         ] GC(40) User=0.00s Sys=0.00s Real=0.00s
[50.361s][info][gc,start       ] GC(41) Pause Young (System.gc())
[50.362s][info][gc,heap        ] GC(41) PSYoungGen: 107119K->224K(1393664K)
[50.362s][info][gc,heap        ] GC(41) ParOldGen: 15622K->15686K(2796544K)
[50.362s][info][gc,metaspace   ] GC(41) Metaspace: 58982K(67888K)->58982K(67888K) NonClass: 51280K(55984K)->51280K(55984K) Class: 7701K(11904K)->7701K(11904K)
[50.362s][info][gc             ] GC(41) Pause Young (System.gc()) 119M->15M(4092M) 0.779ms
[50.362s][info][gc,cpu         ] GC(41) User=0.00s Sys=0.00s Real=0.00s
[50.362s][info][gc,start       ] GC(42) Pause Full (System.gc())
[50.362s][info][gc,phases,start] GC(42) Marking Phase
[50.376s][info][gc,phases      ] GC(42) Marking Phase 14.081ms
[50.376s][info][gc,phases,start] GC(42) Summary Phase
[50.376s][info][gc,phases      ] GC(42) Summary Phase 0.009ms
[50.376s][info][gc,phases,start] GC(42) Adjust Roots
[50.384s][info][gc,phases      ] GC(42) Adjust Roots 7.723ms
[50.384s][info][gc,phases,start] GC(42) Compaction Phase
[50.388s][info][gc,phases      ] GC(42) Compaction Phase 3.941ms
[50.388s][info][gc,phases,start] GC(42) Post Compact
[50.389s][info][gc,phases      ] GC(42) Post Compact 0.657ms
[50.389s][info][gc,heap        ] GC(42) PSYoungGen: 224K->0K(1393664K)
[50.389s][info][gc,heap        ] GC(42) ParOldGen: 15686K->15223K(2796544K)
[50.389s][info][gc,metaspace   ] GC(42) Metaspace: 58982K(67888K)->58982K(67888K) NonClass: 51280K(55984K)->51280K(55984K) Class: 7701K(11904K)->7701K(11904K)
[50.389s][info][gc             ] GC(42) Pause Full (System.gc()) 15M->14M(4092M) 26.735ms
[50.389s][info][gc,cpu         ] GC(42) User=0.00s Sys=0.00s Real=0.01s
[52.573s][info][gc,start       ] GC(43) Pause Young (Allocation Failure)
[52.574s][info][gc,heap        ] GC(43) PSYoungGen: 1389568K->640K(1394176K)
[52.574s][info][gc,heap        ] GC(43) ParOldGen: 15223K->15223K(2796544K)
[52.574s][info][gc,metaspace   ] GC(43) Metaspace: 59032K(67888K)->59032K(67888K) NonClass: 51330K(55984K)->51330K(55984K) Class: 7701K(11904K)->7701K(11904K)
[52.574s][info][gc             ] GC(43) Pause Young (Allocation Failure) 1371M->15M(4092M) 0.994ms
[52.574s][info][gc,cpu         ] GC(43) User=0.00s Sys=0.00s Real=0.00s
[54.655s][info][gc,start       ] GC(44) Pause Young (Allocation Failure)
[54.656s][info][gc,heap        ] GC(44) PSYoungGen: 1391232K->256K(1394176K)
[54.656s][info][gc,heap        ] GC(44) ParOldGen: 15223K->15559K(2796544K)
[54.656s][info][gc,metaspace   ] GC(44) Metaspace: 59033K(67888K)->59033K(67888K) NonClass: 51332K(55984K)->51332K(55984K) Class: 7701K(11904K)->7701K(11904K)
[54.656s][info][gc             ] GC(44) Pause Young (Allocation Failure) 1373M->15M(4092M) 0.917ms
[54.656s][info][gc,cpu         ] GC(44) User=0.00s Sys=0.00s Real=0.00s
[54.889s][info][gc,start       ] GC(45) Pause Young (System.gc())
[54.890s][info][gc,heap        ] GC(45) PSYoungGen: 111546K->224K(1394688K)
[54.890s][info][gc,heap        ] GC(45) ParOldGen: 15559K->15607K(2796544K)
[54.890s][info][gc,metaspace   ] GC(45) Metaspace: 59035K(67888K)->59035K(67888K) NonClass: 51333K(55984K)->51333K(55984K) Class: 7701K(11904K)->7701K(11904K)
[54.890s][info][gc             ] GC(45) Pause Young (System.gc()) 124M->15M(4093M) 0.794ms
[54.890s][info][gc,cpu         ] GC(45) User=0.00s Sys=0.00s Real=0.00s
[54.890s][info][gc,start       ] GC(46) Pause Full (System.gc())
[54.890s][info][gc,phases,start] GC(46) Marking Phase
[54.905s][info][gc,phases      ] GC(46) Marking Phase 15.004ms
[54.905s][info][gc,phases,start] GC(46) Summary Phase
[54.905s][info][gc,phases      ] GC(46) Summary Phase 0.072ms
[54.905s][info][gc,phases,start] GC(46) Adjust Roots
[54.914s][info][gc,phases      ] GC(46) Adjust Roots 8.194ms
[54.914s][info][gc,phases,start] GC(46) Compaction Phase
[54.918s][info][gc,phases      ] GC(46) Compaction Phase 4.168ms
[54.918s][info][gc,phases,start] GC(46) Post Compact
[54.919s][info][gc,phases      ] GC(46) Post Compact 1.051ms
[54.919s][info][gc,heap        ] GC(46) PSYoungGen: 224K->0K(1394688K)
[54.919s][info][gc,heap        ] GC(46) ParOldGen: 15607K->15227K(2796544K)
[54.919s][info][gc,metaspace   ] GC(46) Metaspace: 59035K(67888K)->59035K(67888K) NonClass: 51333K(55984K)->51333K(55984K) Class: 7701K(11904K)->7701K(11904K)
[54.919s][info][gc             ] GC(46) Pause Full (System.gc()) 15M->14M(4093M) 28.822ms
[54.919s][info][gc,cpu         ] GC(46) User=0.03s Sys=0.00s Real=0.03s
[57.048s][info][gc,start       ] GC(47) Pause Young (Allocation Failure)
[57.049s][info][gc,heap        ] GC(47) PSYoungGen: 1391616K->672K(1394688K)
[57.049s][info][gc,heap        ] GC(47) ParOldGen: 15227K->15227K(2796544K)
[57.049s][info][gc,metaspace   ] GC(47) Metaspace: 59083K(68144K)->59083K(68144K) NonClass: 51381K(56240K)->51381K(56240K) Class: 7701K(11904K)->7701K(11904K)
[57.049s][info][gc             ] GC(47) Pause Young (Allocation Failure) 1373M->15M(4093M) 0.931ms
[57.049s][info][gc,cpu         ] GC(47) User=0.00s Sys=0.00s Real=0.00s
[59.271s][info][gc,start       ] GC(48) Pause Young (Allocation Failure)
[59.272s][info][gc,heap        ] GC(48) PSYoungGen: 1392288K->192K(1395200K)
[59.272s][info][gc,heap        ] GC(48) ParOldGen: 15227K->15555K(2796544K)
[59.272s][info][gc,metaspace   ] GC(48) Metaspace: 59095K(68144K)->59095K(68144K) NonClass: 51393K(56240K)->51393K(56240K) Class: 7701K(11904K)->7701K(11904K)
[59.272s][info][gc             ] GC(48) Pause Young (Allocation Failure) 1374M->15M(4093M) 0.810ms
[59.272s][info][gc,cpu         ] GC(48) User=0.00s Sys=0.00s Real=0.00s
[59.518s][info][gc,start       ] GC(49) Pause Young (System.gc())
[59.519s][info][gc,heap        ] GC(49) PSYoungGen: 99544K->256K(1394688K)
[59.519s][info][gc,heap        ] GC(49) ParOldGen: 15555K->15619K(2796544K)
[59.519s][info][gc,metaspace   ] GC(49) Metaspace: 59111K(68144K)->59111K(68144K) NonClass: 51410K(56240K)->51410K(56240K) Class: 7701K(11904K)->7701K(11904K)
[59.519s][info][gc             ] GC(49) Pause Young (System.gc()) 112M->15M(4093M) 0.670ms
[59.519s][info][gc,cpu         ] GC(49) User=0.00s Sys=0.00s Real=0.00s
[59.519s][info][gc,start       ] GC(50) Pause Full (System.gc())
[59.519s][info][gc,phases,start] GC(50) Marking Phase
[59.534s][info][gc,phases      ] GC(50) Marking Phase 14.859ms
[59.534s][info][gc,phases,start] GC(50) Summary Phase
[59.534s][info][gc,phases      ] GC(50) Summary Phase 0.010ms
[59.534s][info][gc,phases,start] GC(50) Adjust Roots
[59.542s][info][gc,phases      ] GC(50) Adjust Roots 8.392ms
[59.542s][info][gc,phases,start] GC(50) Compaction Phase
[59.549s][info][gc,phases      ] GC(50) Compaction Phase 6.683ms
[59.549s][info][gc,phases,start] GC(50) Post Compact
[59.549s][info][gc,phases      ] GC(50) Post Compact 0.566ms
[59.549s][info][gc,heap        ] GC(50) PSYoungGen: 256K->0K(1394688K)
[59.549s][info][gc,heap        ] GC(50) ParOldGen: 15619K->15305K(2796544K)
[59.549s][info][gc,metaspace   ] GC(50) Metaspace: 59111K(68144K)->59111K(68144K) NonClass: 51410K(56240K)->51410K(56240K) Class: 7701K(11904K)->7701K(11904K)
[59.549s][info][gc             ] GC(50) Pause Full (System.gc()) 15M->14M(4093M) 30.776ms
[59.549s][info][gc,cpu         ] GC(50) User=0.00s Sys=0.00s Real=0.03s
[61.718s][info][gc,start       ] GC(51) Pause Young (Allocation Failure)
[61.719s][info][gc,heap        ] GC(51) PSYoungGen: 1392128K->608K(1395200K)
[61.719s][info][gc,heap        ] GC(51) ParOldGen: 15305K->15305K(2796544K)
[61.719s][info][gc,metaspace   ] GC(51) Metaspace: 59123K(68144K)->59123K(68144K) NonClass: 51422K(56240K)->51422K(56240K) Class: 7701K(11904K)->7701K(11904K)
[61.720s][info][gc             ] GC(51) Pause Young (Allocation Failure) 1374M->15M(4093M) 1.019ms
[61.720s][info][gc,cpu         ] GC(51) User=0.00s Sys=0.00s Real=0.00s
[63.805s][info][gc,start       ] GC(52) Pause Young (Allocation Failure)
[63.806s][info][gc,heap        ] GC(52) PSYoungGen: 1393248K->256K(1395200K)
[63.806s][info][gc,heap        ] GC(52) ParOldGen: 15305K->15665K(2796544K)
[63.806s][info][gc,metaspace   ] GC(52) Metaspace: 59124K(68144K)->59124K(68144K) NonClass: 51422K(56240K)->51422K(56240K) Class: 7701K(11904K)->7701K(11904K)
[63.806s][info][gc             ] GC(52) Pause Young (Allocation Failure) 1375M->15M(4093M) 0.983ms
[63.806s][info][gc,cpu         ] GC(52) User=0.00s Sys=0.00s Real=0.00s
[63.999s][info][gc,start       ] GC(53) Pause Young (System.gc())
[64.000s][info][gc,heap        ] GC(53) PSYoungGen: 97819K->320K(1395712K)
[64.000s][info][gc,heap        ] GC(53) ParOldGen: 15665K->15713K(2796544K)
[64.000s][info][gc,metaspace   ] GC(53) Metaspace: 59126K(68144K)->59126K(68144K) NonClass: 51424K(56240K)->51424K(56240K) Class: 7701K(11904K)->7701K(11904K)
[64.000s][info][gc             ] GC(53) Pause Young (System.gc()) 110M->15M(4094M) 0.784ms
[64.000s][info][gc,cpu         ] GC(53) User=0.00s Sys=0.00s Real=0.00s
[64.000s][info][gc,start       ] GC(54) Pause Full (System.gc())
[64.000s][info][gc,phases,start] GC(54) Marking Phase
[64.014s][info][gc,phases      ] GC(54) Marking Phase 14.285ms
[64.014s][info][gc,phases,start] GC(54) Summary Phase
[64.014s][info][gc,phases      ] GC(54) Summary Phase 0.009ms
[64.014s][info][gc,phases,start] GC(54) Adjust Roots
[64.022s][info][gc,phases      ] GC(54) Adjust Roots 8.280ms
[64.022s][info][gc,phases,start] GC(54) Compaction Phase
[64.026s][info][gc,phases      ] GC(54) Compaction Phase 3.977ms
[64.027s][info][gc,phases,start] GC(54) Post Compact
[64.027s][info][gc,phases      ] GC(54) Post Compact 0.648ms
[64.027s][info][gc,heap        ] GC(54) PSYoungGen: 320K->0K(1395712K)
[64.027s][info][gc,heap        ] GC(54) ParOldGen: 15713K->15327K(2796544K)
[64.027s][info][gc,metaspace   ] GC(54) Metaspace: 59126K(68144K)->59126K(68144K) NonClass: 51424K(56240K)->51424K(56240K) Class: 7701K(11904K)->7701K(11904K)
[64.027s][info][gc             ] GC(54) Pause Full (System.gc()) 15M->14M(4094M) 27.517ms
[64.027s][info][gc,cpu         ] GC(54) User=0.02s Sys=0.00s Real=0.03s
[66.002s][info][gc,start       ] GC(55) Pause Young (Allocation Failure)
[66.003s][info][gc,heap        ] GC(55) PSYoungGen: 1393152K->512K(1395200K)
[66.003s][info][gc,heap        ] GC(55) ParOldGen: 15327K->15327K(2796544K)
[66.003s][info][gc,metaspace   ] GC(55) Metaspace: 59162K(68144K)->59162K(68144K) NonClass: 51460K(56240K)->51460K(56240K) Class: 7701K(11904K)->7701K(11904K)
[66.003s][info][gc             ] GC(55) Pause Young (Allocation Failure) 1375M->15M(4093M) 0.825ms
[66.003s][info][gc,cpu         ] GC(55) User=0.00s Sys=0.00s Real=0.00s
[67.943s][info][gc,start       ] GC(56) Pause Young (Allocation Failure)
[67.944s][info][gc,heap        ] GC(56) PSYoungGen: 1393664K->224K(1395712K)
[67.944s][info][gc,heap        ] GC(56) ParOldGen: 15327K->15679K(2796544K)
[67.944s][info][gc,metaspace   ] GC(56) Metaspace: 59162K(68144K)->59162K(68144K) NonClass: 51460K(56240K)->51460K(56240K) Class: 7701K(11904K)->7701K(11904K)
[67.944s][info][gc             ] GC(56) Pause Young (Allocation Failure) 1375M->15M(4094M) 0.863ms
[67.944s][info][gc,cpu         ] GC(56) User=0.00s Sys=0.00s Real=0.00s
[68.065s][info][gc,start       ] GC(57) Pause Young (System.gc())
[68.066s][info][gc,heap        ] GC(57) PSYoungGen: 91470K->320K(1395712K)
[68.066s][info][gc,heap        ] GC(57) ParOldGen: 15679K->15719K(2796544K)
[68.066s][info][gc,metaspace   ] GC(57) Metaspace: 59167K(68144K)->59167K(68144K) NonClass: 51465K(56240K)->51465K(56240K) Class: 7701K(11904K)->7701K(11904K)
[68.066s][info][gc             ] GC(57) Pause Young (System.gc()) 104M->15M(4094M) 0.805ms
[68.066s][info][gc,cpu         ] GC(57) User=0.00s Sys=0.00s Real=0.00s
[68.066s][info][gc,start       ] GC(58) Pause Full (System.gc())
[68.066s][info][gc,phases,start] GC(58) Marking Phase
[68.080s][info][gc,phases      ] GC(58) Marking Phase 14.189ms
[68.080s][info][gc,phases,start] GC(58) Summary Phase
[68.080s][info][gc,phases      ] GC(58) Summary Phase 0.009ms
[68.080s][info][gc,phases,start] GC(58) Adjust Roots
[68.088s][info][gc,phases      ] GC(58) Adjust Roots 8.334ms
[68.089s][info][gc,phases,start] GC(58) Compaction Phase
[68.092s][info][gc,phases      ] GC(58) Compaction Phase 3.620ms
[68.092s][info][gc,phases,start] GC(58) Post Compact
[68.093s][info][gc,phases      ] GC(58) Post Compact 0.705ms
[68.093s][info][gc,heap        ] GC(58) PSYoungGen: 320K->0K(1395712K)
[68.093s][info][gc,heap        ] GC(58) ParOldGen: 15719K->15328K(2796544K)
[68.093s][info][gc,metaspace   ] GC(58) Metaspace: 59167K(68144K)->59167K(68144K) NonClass: 51465K(56240K)->51465K(56240K) Class: 7701K(11904K)->7701K(11904K)
[68.093s][info][gc             ] GC(58) Pause Full (System.gc()) 15M->14M(4094M) 27.156ms
[68.093s][info][gc,cpu         ] GC(58) User=0.00s Sys=0.00s Real=0.03s
[70.119s][info][gc,start       ] GC(59) Pause Young (Allocation Failure)
[70.119s][info][gc,heap        ] GC(59) PSYoungGen: 1393664K->576K(1395712K)
[70.119s][info][gc,heap        ] GC(59) ParOldGen: 15328K->15328K(2796544K)
[70.119s][info][gc,metaspace   ] GC(59) Metaspace: 59184K(68144K)->59184K(68144K) NonClass: 51483K(56240K)->51483K(56240K) Class: 7701K(11904K)->7701K(11904K)
[70.119s][info][gc             ] GC(59) Pause Young (Allocation Failure) 1375M->15M(4094M) 0.849ms
[70.119s][info][gc,cpu         ] GC(59) User=0.00s Sys=0.00s Real=0.00s
[72.087s][info][gc,start       ] GC(60) Pause Young (Allocation Failure)
[72.088s][info][gc,heap        ] GC(60) PSYoungGen: 1394240K->256K(1395712K)
[72.088s][info][gc,heap        ] GC(60) ParOldGen: 15328K->15688K(2796544K)
[72.088s][info][gc,metaspace   ] GC(60) Metaspace: 59184K(68144K)->59184K(68144K) NonClass: 51483K(56240K)->51483K(56240K) Class: 7701K(11904K)->7701K(11904K)
[72.088s][info][gc             ] GC(60) Pause Young (Allocation Failure) 1376M->15M(4094M) 0.966ms
[72.088s][info][gc,cpu         ] GC(60) User=0.00s Sys=0.00s Real=0.00s
[72.198s][info][gc,start       ] GC(61) Pause Young (System.gc())
[72.199s][info][gc,heap        ] GC(61) PSYoungGen: 89654K->256K(1396224K)
[72.199s][info][gc,heap        ] GC(61) ParOldGen: 15688K->15728K(2796544K)
[72.199s][info][gc,metaspace   ] GC(61) Metaspace: 59191K(68144K)->59191K(68144K) NonClass: 51489K(56240K)->51489K(56240K) Class: 7701K(11904K)->7701K(11904K)
[72.199s][info][gc             ] GC(61) Pause Young (System.gc()) 102M->15M(4094M) 0.726ms
[72.199s][info][gc,cpu         ] GC(61) User=0.00s Sys=0.00s Real=0.00s
[72.199s][info][gc,start       ] GC(62) Pause Full (System.gc())
[72.199s][info][gc,phases,start] GC(62) Marking Phase
[72.213s][info][gc,phases      ] GC(62) Marking Phase 13.903ms
[72.213s][info][gc,phases,start] GC(62) Summary Phase
[72.213s][info][gc,phases      ] GC(62) Summary Phase 0.009ms
[72.213s][info][gc,phases,start] GC(62) Adjust Roots
[72.221s][info][gc,phases      ] GC(62) Adjust Roots 8.404ms
[72.221s][info][gc,phases,start] GC(62) Compaction Phase
[72.225s][info][gc,phases      ] GC(62) Compaction Phase 3.660ms
[72.225s][info][gc,phases,start] GC(62) Post Compact
[72.226s][info][gc,phases      ] GC(62) Post Compact 0.616ms
[72.226s][info][gc,heap        ] GC(62) PSYoungGen: 256K->0K(1396224K)
[72.226s][info][gc,heap        ] GC(62) ParOldGen: 15728K->15252K(2796544K)
[72.226s][info][gc,metaspace   ] GC(62) Metaspace: 59191K(68144K)->59191K(68144K) NonClass: 51489K(56240K)->51489K(56240K) Class: 7701K(11904K)->7701K(11904K)
[72.226s][info][gc             ] GC(62) Pause Full (System.gc()) 15M->14M(4094M) 26.856ms
[72.226s][info][gc,cpu         ] GC(62) User=0.02s Sys=0.00s Real=0.03s
[74.252s][info][gc,start       ] GC(63) Pause Young (Allocation Failure)
[74.253s][info][gc,heap        ] GC(63) PSYoungGen: 1394688K->608K(1396224K)
[74.253s][info][gc,heap        ] GC(63) ParOldGen: 15252K->15252K(2796544K)
[74.253s][info][gc,metaspace   ] GC(63) Metaspace: 59248K(68144K)->59248K(68144K) NonClass: 51547K(56240K)->51547K(56240K) Class: 7701K(11904K)->7701K(11904K)
[74.253s][info][gc             ] GC(63) Pause Young (Allocation Failure) 1376M->15M(4094M) 0.938ms
[74.253s][info][gc,cpu         ] GC(63) User=0.00s Sys=0.00s Real=0.00s
[76.230s][info][gc,start       ] GC(64) Pause Young (Allocation Failure)
[76.231s][info][gc,heap        ] GC(64) PSYoungGen: 1395296K->288K(1396224K)
[76.231s][info][gc,heap        ] GC(64) ParOldGen: 15252K->15652K(2796544K)
[76.231s][info][gc,metaspace   ] GC(64) Metaspace: 59248K(68144K)->59248K(68144K) NonClass: 51547K(56240K)->51547K(56240K) Class: 7701K(11904K)->7701K(11904K)
[76.231s][info][gc             ] GC(64) Pause Young (Allocation Failure) 1377M->15M(4094M) 0.882ms
[76.231s][info][gc,cpu         ] GC(64) User=0.00s Sys=0.00s Real=0.00s
[76.365s][info][gc,start       ] GC(65) Pause Young (System.gc())
[76.366s][info][gc,heap        ] GC(65) PSYoungGen: 86141K->352K(1396224K)
[76.366s][info][gc,heap        ] GC(65) ParOldGen: 15652K->15684K(2796544K)
[76.366s][info][gc,metaspace   ] GC(65) Metaspace: 59263K(68144K)->59263K(68144K) NonClass: 51562K(56240K)->51562K(56240K) Class: 7701K(11904K)->7701K(11904K)
[76.366s][info][gc             ] GC(65) Pause Young (System.gc()) 99M->15M(4094M) 0.915ms
[76.366s][info][gc,cpu         ] GC(65) User=0.00s Sys=0.00s Real=0.00s
[76.366s][info][gc,start       ] GC(66) Pause Full (System.gc())
[76.366s][info][gc,phases,start] GC(66) Marking Phase
[76.382s][info][gc,phases      ] GC(66) Marking Phase 15.534ms
[76.382s][info][gc,phases,start] GC(66) Summary Phase
[76.382s][info][gc,phases      ] GC(66) Summary Phase 0.010ms
[76.382s][info][gc,phases,start] GC(66) Adjust Roots
[76.390s][info][gc,phases      ] GC(66) Adjust Roots 8.501ms
[76.390s][info][gc,phases,start] GC(66) Compaction Phase
[76.396s][info][gc,phases      ] GC(66) Compaction Phase 5.808ms
[76.396s][info][gc,phases,start] GC(66) Post Compact
[76.397s][info][gc,phases      ] GC(66) Post Compact 0.631ms
[76.397s][info][gc,heap        ] GC(66) PSYoungGen: 352K->0K(1396224K)
[76.397s][info][gc,heap        ] GC(66) ParOldGen: 15684K->15367K(2796544K)
[76.397s][info][gc,metaspace   ] GC(66) Metaspace: 59263K(68144K)->59263K(68144K) NonClass: 51562K(56240K)->51562K(56240K) Class: 7701K(11904K)->7701K(11904K)
[76.397s][info][gc             ] GC(66) Pause Full (System.gc()) 15M->15M(4094M) 30.763ms
[76.397s][info][gc,cpu         ] GC(66) User=0.00s Sys=0.00s Real=0.03s
[78.387s][info][gc,start       ] GC(67) Pause Young (Allocation Failure)
[78.387s][info][gc,heap        ] GC(67) PSYoungGen: 1394688K->480K(1396224K)
[78.387s][info][gc,heap        ] GC(67) ParOldGen: 15367K->15367K(2796544K)
[78.387s][info][gc,metaspace   ] GC(67) Metaspace: 59284K(68144K)->59284K(68144K) NonClass: 51583K(56240K)->51583K(56240K) Class: 7701K(11904K)->7701K(11904K)
[78.387s][info][gc             ] GC(67) Pause Young (Allocation Failure) 1377M->15M(4094M) 0.910ms
[78.387s][info][gc,cpu         ] GC(67) User=0.00s Sys=0.00s Real=0.00s
[80.323s][info][gc,start       ] GC(68) Pause Young (Allocation Failure)
[80.323s][info][gc,heap        ] GC(68) PSYoungGen: 1395168K->256K(1396224K)
[80.323s][info][gc,heap        ] GC(68) ParOldGen: 15367K->15639K(2796544K)
[80.323s][info][gc,metaspace   ] GC(68) Metaspace: 59288K(68144K)->59288K(68144K) NonClass: 51586K(56240K)->51586K(56240K) Class: 7701K(11904K)->7701K(11904K)
[80.323s][info][gc             ] GC(68) Pause Young (Allocation Failure) 1377M->15M(4094M) 0.808ms
[80.323s][info][gc,cpu         ] GC(68) User=0.00s Sys=0.00s Real=0.00s
[80.454s][info][gc,start       ] GC(69) Pause Young (System.gc())
[80.455s][info][gc,heap        ] GC(69) PSYoungGen: 96638K->256K(1396224K)
[80.455s][info][gc,heap        ] GC(69) ParOldGen: 15639K->15679K(2796544K)
[80.455s][info][gc,metaspace   ] GC(69) Metaspace: 59296K(68144K)->59296K(68144K) NonClass: 51595K(56240K)->51595K(56240K) Class: 7701K(11904K)->7701K(11904K)
[80.455s][info][gc             ] GC(69) Pause Young (System.gc()) 109M->15M(4094M) 0.722ms
[80.455s][info][gc,cpu         ] GC(69) User=0.00s Sys=0.00s Real=0.00s
[80.455s][info][gc,start       ] GC(70) Pause Full (System.gc())
[80.455s][info][gc,phases,start] GC(70) Marking Phase
[80.469s][info][gc,phases      ] GC(70) Marking Phase 14.290ms
[80.469s][info][gc,phases,start] GC(70) Summary Phase
[80.469s][info][gc,phases      ] GC(70) Summary Phase 0.009ms
[80.469s][info][gc,phases,start] GC(70) Adjust Roots
[80.477s][info][gc,phases      ] GC(70) Adjust Roots 8.176ms
[80.477s][info][gc,phases,start] GC(70) Compaction Phase
[80.482s][info][gc,phases      ] GC(70) Compaction Phase 4.627ms
[80.482s][info][gc,phases,start] GC(70) Post Compact
[80.483s][info][gc,phases      ] GC(70) Post Compact 0.733ms
[80.483s][info][gc,heap        ] GC(70) PSYoungGen: 256K->0K(1396224K)
[80.483s][info][gc,heap        ] GC(70) ParOldGen: 15679K->15257K(2796544K)
[80.483s][info][gc,metaspace   ] GC(70) Metaspace: 59296K(68144K)->59296K(68144K) NonClass: 51595K(56240K)->51595K(56240K) Class: 7701K(11904K)->7701K(11904K)
[80.483s][info][gc             ] GC(70) Pause Full (System.gc()) 15M->14M(4094M) 28.145ms
[80.483s][info][gc,cpu         ] GC(70) User=0.00s Sys=0.00s Real=0.03s
[82.477s][info][gc,start       ] GC(71) Pause Young (Allocation Failure)
[82.478s][info][gc,heap        ] GC(71) PSYoungGen: 1394688K->640K(1396224K)
[82.478s][info][gc,heap        ] GC(71) ParOldGen: 15257K->15257K(2796544K)
[82.478s][info][gc,metaspace   ] GC(71) Metaspace: 59320K(68144K)->59320K(68144K) NonClass: 51618K(56240K)->51618K(56240K) Class: 7701K(11904K)->7701K(11904K)
[82.478s][info][gc             ] GC(71) Pause Young (Allocation Failure) 1376M->15M(4094M) 1.128ms
[82.478s][info][gc,cpu         ] GC(71) User=0.00s Sys=0.00s Real=0.00s
[84.438s][info][gc,start       ] GC(72) Pause Young (Allocation Failure)
[84.439s][info][gc,heap        ] GC(72) PSYoungGen: 1395328K->256K(1396224K)
[84.439s][info][gc,heap        ] GC(72) ParOldGen: 15257K->15649K(2796544K)
[84.439s][info][gc,metaspace   ] GC(72) Metaspace: 59320K(68144K)->59320K(68144K) NonClass: 51618K(56240K)->51618K(56240K) Class: 7701K(11904K)->7701K(11904K)
[84.439s][info][gc             ] GC(72) Pause Young (Allocation Failure) 1377M->15M(4094M) 0.841ms
[84.439s][info][gc,cpu         ] GC(72) User=0.00s Sys=0.00s Real=0.00s
[84.560s][info][gc,start       ] GC(73) Pause Young (System.gc())
[84.560s][info][gc,heap        ] GC(73) PSYoungGen: 93499K->224K(1396224K)
[84.560s][info][gc,heap        ] GC(73) ParOldGen: 15649K->15689K(2796544K)
[84.560s][info][gc,metaspace   ] GC(73) Metaspace: 59320K(68144K)->59320K(68144K) NonClass: 51618K(56240K)->51618K(56240K) Class: 7701K(11904K)->7701K(11904K)
[84.560s][info][gc             ] GC(73) Pause Young (System.gc()) 106M->15M(4094M) 0.696ms
[84.560s][info][gc,cpu         ] GC(73) User=0.00s Sys=0.00s Real=0.00s
[84.560s][info][gc,start       ] GC(74) Pause Full (System.gc())
[84.560s][info][gc,phases,start] GC(74) Marking Phase
[84.575s][info][gc,phases      ] GC(74) Marking Phase 14.436ms
[84.575s][info][gc,phases,start] GC(74) Summary Phase
[84.575s][info][gc,phases      ] GC(74) Summary Phase 0.009ms
[84.575s][info][gc,phases,start] GC(74) Adjust Roots
[84.583s][info][gc,phases      ] GC(74) Adjust Roots 8.423ms
[84.583s][info][gc,phases,start] GC(74) Compaction Phase
[84.587s][info][gc,phases      ] GC(74) Compaction Phase 3.488ms
[84.587s][info][gc,phases,start] GC(74) Post Compact
[84.587s][info][gc,phases      ] GC(74) Post Compact 0.627ms
[84.588s][info][gc,heap        ] GC(74) PSYoungGen: 224K->0K(1396224K)
[84.588s][info][gc,heap        ] GC(74) ParOldGen: 15689K->15250K(2796544K)
[84.588s][info][gc,metaspace   ] GC(74) Metaspace: 59320K(68144K)->59320K(68144K) NonClass: 51618K(56240K)->51618K(56240K) Class: 7701K(11904K)->7701K(11904K)
[84.588s][info][gc             ] GC(74) Pause Full (System.gc()) 15M->14M(4094M) 27.261ms
[84.588s][info][gc,cpu         ] GC(74) User=0.02s Sys=0.00s Real=0.03s
[86.599s][info][gc,start       ] GC(75) Pause Young (Allocation Failure)
[86.600s][info][gc,heap        ] GC(75) PSYoungGen: 1394688K->640K(1396224K)
[86.600s][info][gc,heap        ] GC(75) ParOldGen: 15250K->15258K(2796544K)
[86.600s][info][gc,metaspace   ] GC(75) Metaspace: 59333K(68144K)->59333K(68144K) NonClass: 51631K(56240K)->51631K(56240K) Class: 7701K(11904K)->7701K(11904K)
[86.600s][info][gc             ] GC(75) Pause Young (Allocation Failure) 1376M->15M(4094M) 0.990ms
[86.600s][info][gc,cpu         ] GC(75) User=0.00s Sys=0.00s Real=0.00s
[88.552s][info][gc,start       ] GC(76) Pause Young (Allocation Failure)
[88.552s][info][gc,heap        ] GC(76) PSYoungGen: 1395328K->224K(1396224K)
[88.553s][info][gc,heap        ] GC(76) ParOldGen: 15258K->15650K(2796544K)
[88.553s][info][gc,metaspace   ] GC(76) Metaspace: 59333K(68144K)->59333K(68144K) NonClass: 51631K(56240K)->51631K(56240K) Class: 7701K(11904K)->7701K(11904K)
[88.553s][info][gc             ] GC(76) Pause Young (Allocation Failure) 1377M->15M(4094M) 0.941ms
[88.553s][info][gc,cpu         ] GC(76) User=0.02s Sys=0.00s Real=0.01s
[88.678s][info][gc,start       ] GC(77) Pause Young (System.gc())
[88.679s][info][gc,heap        ] GC(77) PSYoungGen: 96615K->288K(1396736K)
[88.679s][info][gc,heap        ] GC(77) ParOldGen: 15650K->15690K(2796544K)
[88.679s][info][gc,metaspace   ] GC(77) Metaspace: 59337K(68144K)->59337K(68144K) NonClass: 51636K(56240K)->51636K(56240K) Class: 7701K(11904K)->7701K(11904K)
[88.679s][info][gc             ] GC(77) Pause Young (System.gc()) 109M->15M(4095M) 0.728ms
[88.679s][info][gc,cpu         ] GC(77) User=0.00s Sys=0.00s Real=0.00s
[88.679s][info][gc,start       ] GC(78) Pause Full (System.gc())
[88.679s][info][gc,phases,start] GC(78) Marking Phase
[88.693s][info][gc,phases      ] GC(78) Marking Phase 14.334ms
[88.693s][info][gc,phases,start] GC(78) Summary Phase
[88.694s][info][gc,phases      ] GC(78) Summary Phase 0.023ms
[88.694s][info][gc,phases,start] GC(78) Adjust Roots
[88.702s][info][gc,phases      ] GC(78) Adjust Roots 8.151ms
[88.702s][info][gc,phases,start] GC(78) Compaction Phase
[88.706s][info][gc,phases      ] GC(78) Compaction Phase 3.973ms
[88.706s][info][gc,phases,start] GC(78) Post Compact
[88.706s][info][gc,phases      ] GC(78) Post Compact 0.643ms
[88.706s][info][gc,heap        ] GC(78) PSYoungGen: 288K->0K(1396736K)
[88.706s][info][gc,heap        ] GC(78) ParOldGen: 15690K->15258K(2796544K)
[88.706s][info][gc,metaspace   ] GC(78) Metaspace: 59337K(68144K)->59337K(68144K) NonClass: 51636K(56240K)->51636K(56240K) Class: 7701K(11904K)->7701K(11904K)
[88.706s][info][gc             ] GC(78) Pause Full (System.gc()) 15M->14M(4095M) 27.404ms
[88.707s][info][gc,cpu         ] GC(78) User=0.02s Sys=0.00s Real=0.03s
[90.716s][info][gc,start       ] GC(79) Pause Young (Allocation Failure)
[90.717s][info][gc,heap        ] GC(79) PSYoungGen: 1395200K->608K(1396224K)
[90.717s][info][gc,heap        ] GC(79) ParOldGen: 15258K->15266K(2796544K)
[90.717s][info][gc,metaspace   ] GC(79) Metaspace: 59350K(68144K)->59350K(68144K) NonClass: 51648K(56240K)->51648K(56240K) Class: 7701K(11904K)->7701K(11904K)
[90.717s][info][gc             ] GC(79) Pause Young (Allocation Failure) 1377M->15M(4094M) 1.035ms
[90.717s][info][gc,cpu         ] GC(79) User=0.00s Sys=0.00s Real=0.00s
[92.688s][info][gc,start       ] GC(80) Pause Young (Allocation Failure)
[92.688s][info][gc,heap        ] GC(80) PSYoungGen: 1395808K->256K(1396736K)
[92.688s][info][gc,heap        ] GC(80) ParOldGen: 15266K->15658K(2796544K)
[92.688s][info][gc,metaspace   ] GC(80) Metaspace: 59350K(68144K)->59350K(68144K) NonClass: 51648K(56240K)->51648K(56240K) Class: 7701K(11904K)->7701K(11904K)
[92.688s][info][gc             ] GC(80) Pause Young (Allocation Failure) 1378M->15M(4095M) 0.888ms
[92.689s][info][gc,cpu         ] GC(80) User=0.00s Sys=0.00s Real=0.00s
[92.822s][info][gc,start       ] GC(81) Pause Young (System.gc())
[92.823s][info][gc,heap        ] GC(81) PSYoungGen: 87309K->256K(1396736K)
[92.823s][info][gc,heap        ] GC(81) ParOldGen: 15658K->15706K(2796544K)
[92.823s][info][gc,metaspace   ] GC(81) Metaspace: 59351K(68144K)->59351K(68144K) NonClass: 51649K(56240K)->51649K(56240K) Class: 7701K(11904K)->7701K(11904K)
[92.823s][info][gc             ] GC(81) Pause Young (System.gc()) 100M->15M(4095M) 0.709ms
[92.823s][info][gc,cpu         ] GC(81) User=0.00s Sys=0.00s Real=0.00s
[92.823s][info][gc,start       ] GC(82) Pause Full (System.gc())
[92.823s][info][gc,phases,start] GC(82) Marking Phase
[92.838s][info][gc,phases      ] GC(82) Marking Phase 14.752ms
[92.838s][info][gc,phases,start] GC(82) Summary Phase
[92.838s][info][gc,phases      ] GC(82) Summary Phase 0.009ms
[92.838s][info][gc,phases,start] GC(82) Adjust Roots
[92.847s][info][gc,phases      ] GC(82) Adjust Roots 8.756ms
[92.847s][info][gc,phases,start] GC(82) Compaction Phase
[92.851s][info][gc,phases      ] GC(82) Compaction Phase 3.992ms
[92.851s][info][gc,phases,start] GC(82) Post Compact
[92.851s][info][gc,phases      ] GC(82) Post Compact 0.596ms
[92.851s][info][gc,heap        ] GC(82) PSYoungGen: 256K->0K(1396736K)
[92.851s][info][gc,heap        ] GC(82) ParOldGen: 15706K->15258K(2796544K)
[92.851s][info][gc,metaspace   ] GC(82) Metaspace: 59351K(68144K)->59351K(68144K) NonClass: 51649K(56240K)->51649K(56240K) Class: 7701K(11904K)->7701K(11904K)
[92.851s][info][gc             ] GC(82) Pause Full (System.gc()) 15M->14M(4095M) 28.358ms
[92.851s][info][gc,cpu         ] GC(82) User=0.03s Sys=0.00s Real=0.03s
[94.854s][info][gc,start       ] GC(83) Pause Young (Allocation Failure)
[94.855s][info][gc,heap        ] GC(83) PSYoungGen: 1395712K->640K(1396736K)
[94.855s][info][gc,heap        ] GC(83) ParOldGen: 15258K->15266K(2796544K)
[94.855s][info][gc,metaspace   ] GC(83) Metaspace: 59376K(68144K)->59376K(68144K) NonClass: 51675K(56240K)->51675K(56240K) Class: 7701K(11904K)->7701K(11904K)
[94.855s][info][gc             ] GC(83) Pause Young (Allocation Failure) 1377M->15M(4095M) 1.066ms
[94.855s][info][gc,cpu         ] GC(83) User=0.00s Sys=0.00s Real=0.00s
[97.225s][info][gc,start       ] GC(84) Pause Young (Allocation Failure)
[97.226s][info][gc,heap        ] GC(84) PSYoungGen: 1396352K->288K(1396736K)
[97.226s][info][gc,heap        ] GC(84) ParOldGen: 15266K->15618K(2796544K)
[97.226s][info][gc,metaspace   ] GC(84) Metaspace: 59376K(68144K)->59376K(68144K) NonClass: 51675K(56240K)->51675K(56240K) Class: 7701K(11904K)->7701K(11904K)
[97.226s][info][gc             ] GC(84) Pause Young (Allocation Failure) 1378M->15M(4095M) 1.273ms
[97.226s][info][gc,cpu         ] GC(84) User=0.00s Sys=0.00s Real=0.00s
[97.459s][info][gc,start       ] GC(85) Pause Young (System.gc())
[97.460s][info][gc,heap        ] GC(85) PSYoungGen: 87794K->224K(1396736K)
[97.460s][info][gc,heap        ] GC(85) ParOldGen: 15618K->15674K(2796544K)
[97.460s][info][gc,metaspace   ] GC(85) Metaspace: 59377K(68144K)->59377K(68144K) NonClass: 51675K(56240K)->51675K(56240K) Class: 7701K(11904K)->7701K(11904K)
[97.460s][info][gc             ] GC(85) Pause Young (System.gc()) 100M->15M(4095M) 0.715ms
[97.460s][info][gc,cpu         ] GC(85) User=0.00s Sys=0.00s Real=0.00s
[97.460s][info][gc,start       ] GC(86) Pause Full (System.gc())
[97.460s][info][gc,phases,start] GC(86) Marking Phase
[97.474s][info][gc,phases      ] GC(86) Marking Phase 13.840ms
[97.474s][info][gc,phases,start] GC(86) Summary Phase
[97.474s][info][gc,phases      ] GC(86) Summary Phase 0.009ms
[97.474s][info][gc,phases,start] GC(86) Adjust Roots
[97.483s][info][gc,phases      ] GC(86) Adjust Roots 8.705ms
[97.483s][info][gc,phases,start] GC(86) Compaction Phase
[97.486s][info][gc,phases      ] GC(86) Compaction Phase 3.654ms
[97.486s][info][gc,phases,start] GC(86) Post Compact
[97.487s][info][gc,phases      ] GC(86) Post Compact 0.616ms
[97.487s][info][gc,heap        ] GC(86) PSYoungGen: 224K->0K(1396736K)
[97.487s][info][gc,heap        ] GC(86) ParOldGen: 15674K->15269K(2796544K)
[97.487s][info][gc,metaspace   ] GC(86) Metaspace: 59377K(68144K)->59377K(68144K) NonClass: 51675K(56240K)->51675K(56240K) Class: 7701K(11904K)->7701K(11904K)
[97.487s][info][gc             ] GC(86) Pause Full (System.gc()) 15M->14M(4095M) 27.130ms
[97.487s][info][gc,cpu         ] GC(86) User=0.03s Sys=0.00s Real=0.03s
[99.511s][info][gc,start       ] GC(87) Pause Young (Allocation Failure)
[99.512s][info][gc,heap        ] GC(87) PSYoungGen: 1395712K->608K(1396736K)
[99.512s][info][gc,heap        ] GC(87) ParOldGen: 15269K->15277K(2796544K)
[99.512s][info][gc,metaspace   ] GC(87) Metaspace: 59407K(68400K)->59407K(68400K) NonClass: 51705K(56496K)->51705K(56496K) Class: 7701K(11904K)->7701K(11904K)
[99.512s][info][gc             ] GC(87) Pause Young (Allocation Failure) 1377M->15M(4095M) 0.921ms
[99.512s][info][gc,cpu         ] GC(87) User=0.00s Sys=0.00s Real=0.00s
[101.494s][info][gc,start       ] GC(88) Pause Young (Allocation Failure)
[101.495s][info][gc,heap        ] GC(88) PSYoungGen: 1396320K->224K(1396736K)
[101.495s][info][gc,heap        ] GC(88) ParOldGen: 15277K->15661K(2796544K)
[101.495s][info][gc,metaspace   ] GC(88) Metaspace: 59407K(68400K)->59407K(68400K) NonClass: 51705K(56496K)->51705K(56496K) Class: 7701K(11904K)->7701K(11904K)
[101.495s][info][gc             ] GC(88) Pause Young (Allocation Failure) 1378M->15M(4095M) 0.861ms
[101.495s][info][gc,cpu         ] GC(88) User=0.00s Sys=0.00s Real=0.00s
[101.617s][info][gc,start       ] GC(89) Pause Young (System.gc())
[101.618s][info][gc,heap        ] GC(89) PSYoungGen: 82741K->256K(1396736K)
[101.618s][info][gc,heap        ] GC(89) ParOldGen: 15661K->15693K(2796544K)
[101.618s][info][gc,metaspace   ] GC(89) Metaspace: 59409K(68400K)->59409K(68400K) NonClass: 51707K(56496K)->51707K(56496K) Class: 7701K(11904K)->7701K(11904K)
[101.618s][info][gc             ] GC(89) Pause Young (System.gc()) 96M->15M(4095M) 0.667ms
[101.618s][info][gc,cpu         ] GC(89) User=0.00s Sys=0.00s Real=0.00s
[101.618s][info][gc,start       ] GC(90) Pause Full (System.gc())
[101.618s][info][gc,phases,start] GC(90) Marking Phase
[101.632s][info][gc,phases      ] GC(90) Marking Phase 14.150ms
[101.632s][info][gc,phases,start] GC(90) Summary Phase
[101.632s][info][gc,phases      ] GC(90) Summary Phase 0.009ms
[101.632s][info][gc,phases,start] GC(90) Adjust Roots
[101.641s][info][gc,phases      ] GC(90) Adjust Roots 9.054ms
[101.641s][info][gc,phases,start] GC(90) Compaction Phase
[101.645s][info][gc,phases      ] GC(90) Compaction Phase 3.633ms
[101.645s][info][gc,phases,start] GC(90) Post Compact
[101.645s][info][gc,phases      ] GC(90) Post Compact 0.623ms
[101.645s][info][gc,heap        ] GC(90) PSYoungGen: 256K->0K(1396736K)
[101.645s][info][gc,heap        ] GC(90) ParOldGen: 15693K->15255K(2796544K)
[101.645s][info][gc,metaspace   ] GC(90) Metaspace: 59409K(68400K)->59409K(68400K) NonClass: 51707K(56496K)->51707K(56496K) Class: 7701K(11904K)->7701K(11904K)
[101.645s][info][gc             ] GC(90) Pause Full (System.gc()) 15M->14M(4095M) 27.752ms
[101.645s][info][gc,cpu         ] GC(90) User=0.02s Sys=0.00s Real=0.02s
[103.706s][info][gc,start       ] GC(91) Pause Young (Allocation Failure)
[103.707s][info][gc,heap        ] GC(91) PSYoungGen: 1395712K->640K(1396736K)
[103.707s][info][gc,heap        ] GC(91) ParOldGen: 15255K->15255K(2796544K)
[103.707s][info][gc,metaspace   ] GC(91) Metaspace: 59447K(68400K)->59447K(68400K) NonClass: 51745K(56496K)->51745K(56496K) Class: 7701K(11904K)->7701K(11904K)
[103.707s][info][gc             ] GC(91) Pause Young (Allocation Failure) 1377M->15M(4095M) 0.928ms
[103.707s][info][gc,cpu         ] GC(91) User=0.00s Sys=0.00s Real=0.00s
[105.687s][info][gc,start       ] GC(92) Pause Young (Allocation Failure)
[105.688s][info][gc,heap        ] GC(92) PSYoungGen: 1396352K->224K(1396736K)
[105.688s][info][gc,heap        ] GC(92) ParOldGen: 15255K->15647K(2796544K)
[105.688s][info][gc,metaspace   ] GC(92) Metaspace: 59455K(68400K)->59455K(68400K) NonClass: 51754K(56496K)->51754K(56496K) Class: 7701K(11904K)->7701K(11904K)
[105.688s][info][gc             ] GC(92) Pause Young (Allocation Failure) 1378M->15M(4095M) 0.857ms
[105.688s][info][gc,cpu         ] GC(92) User=0.00s Sys=0.00s Real=0.00s
[105.817s][info][gc,start       ] GC(93) Pause Young (System.gc())
[105.818s][info][gc,heap        ] GC(93) PSYoungGen: 100291K->224K(1396736K)
[105.818s][info][gc,heap        ] GC(93) ParOldGen: 15647K->15695K(2796544K)
[105.818s][info][gc,metaspace   ] GC(93) Metaspace: 59486K(68400K)->59486K(68400K) NonClass: 51785K(56496K)->51785K(56496K) Class: 7701K(11904K)->7701K(11904K)
[105.818s][info][gc             ] GC(93) Pause Young (System.gc()) 113M->15M(4095M) 0.735ms
[105.818s][info][gc,cpu         ] GC(93) User=0.00s Sys=0.00s Real=0.00s
[105.818s][info][gc,start       ] GC(94) Pause Full (System.gc())
[105.818s][info][gc,phases,start] GC(94) Marking Phase
[105.832s][info][gc,phases      ] GC(94) Marking Phase 14.493ms
[105.832s][info][gc,phases,start] GC(94) Summary Phase
[105.832s][info][gc,phases      ] GC(94) Summary Phase 0.009ms
[105.833s][info][gc,phases,start] GC(94) Adjust Roots
[105.841s][info][gc,phases      ] GC(94) Adjust Roots 8.468ms
[105.841s][info][gc,phases,start] GC(94) Compaction Phase
[105.845s][info][gc,phases      ] GC(94) Compaction Phase 3.896ms
[105.845s][info][gc,phases,start] GC(94) Post Compact
[105.846s][info][gc,phases      ] GC(94) Post Compact 0.692ms
[105.846s][info][gc,heap        ] GC(94) PSYoungGen: 224K->0K(1396736K)
[105.846s][info][gc,heap        ] GC(94) ParOldGen: 15695K->15264K(2796544K)
[105.846s][info][gc,metaspace   ] GC(94) Metaspace: 59486K(68400K)->59486K(68400K) NonClass: 51785K(56496K)->51785K(56496K) Class: 7701K(11904K)->7701K(11904K)
[105.846s][info][gc             ] GC(94) Pause Full (System.gc()) 15M->14M(4095M) 27.860ms
[105.846s][info][gc,cpu         ] GC(94) User=0.00s Sys=0.00s Real=0.01s
[107.946s][info][gc,start       ] GC(95) Pause Young (Allocation Failure)
[107.947s][info][gc,heap        ] GC(95) PSYoungGen: 1395712K->608K(1396736K)
[107.947s][info][gc,heap        ] GC(95) ParOldGen: 15264K->15264K(2796544K)
[107.947s][info][gc,metaspace   ] GC(95) Metaspace: 59518K(68400K)->59518K(68400K) NonClass: 51816K(56496K)->51816K(56496K) Class: 7701K(11904K)->7701K(11904K)
[107.947s][info][gc             ] GC(95) Pause Young (Allocation Failure) 1377M->15M(4095M) 0.821ms
[107.947s][info][gc,cpu         ] GC(95) User=0.00s Sys=0.00s Real=0.00s
[109.897s][info][gc,start       ] GC(96) Pause Young (Allocation Failure)
[109.898s][info][gc,heap        ] GC(96) PSYoungGen: 1396320K->320K(1396736K)
[109.898s][info][gc,heap        ] GC(96) ParOldGen: 15264K->15656K(2796544K)
[109.898s][info][gc,metaspace   ] GC(96) Metaspace: 59518K(68400K)->59518K(68400K) NonClass: 51816K(56496K)->51816K(56496K) Class: 7701K(11904K)->7701K(11904K)
[109.898s][info][gc             ] GC(96) Pause Young (Allocation Failure) 1378M->15M(4095M) 1.058ms
[109.898s][info][gc,cpu         ] GC(96) User=0.00s Sys=0.00s Real=0.00s
[110.025s][info][gc,start       ] GC(97) Pause Young (System.gc())
[110.025s][info][gc,heap        ] GC(97) PSYoungGen: 90922K->256K(1396736K)
[110.025s][info][gc,heap        ] GC(97) ParOldGen: 15656K->15704K(2796544K)
[110.025s][info][gc,metaspace   ] GC(97) Metaspace: 59518K(68400K)->59518K(68400K) NonClass: 51816K(56496K)->51816K(56496K) Class: 7701K(11904K)->7701K(11904K)
[110.025s][info][gc             ] GC(97) Pause Young (System.gc()) 104M->15M(4095M) 0.736ms
[110.025s][info][gc,cpu         ] GC(97) User=0.00s Sys=0.00s Real=0.00s
[110.025s][info][gc,start       ] GC(98) Pause Full (System.gc())
[110.025s][info][gc,phases,start] GC(98) Marking Phase
[110.040s][info][gc,phases      ] GC(98) Marking Phase 14.898ms
[110.040s][info][gc,phases,start] GC(98) Summary Phase
[110.040s][info][gc,phases      ] GC(98) Summary Phase 0.009ms
[110.040s][info][gc,phases,start] GC(98) Adjust Roots
[110.049s][info][gc,phases      ] GC(98) Adjust Roots 8.809ms
[110.049s][info][gc,phases,start] GC(98) Compaction Phase
[110.055s][info][gc,phases      ] GC(98) Compaction Phase 6.162ms
[110.055s][info][gc,phases,start] GC(98) Post Compact
[110.056s][info][gc,phases      ] GC(98) Post Compact 0.591ms
[110.056s][info][gc,heap        ] GC(98) PSYoungGen: 256K->0K(1396736K)
[110.056s][info][gc,heap        ] GC(98) ParOldGen: 15704K->15261K(2796544K)
[110.056s][info][gc,metaspace   ] GC(98) Metaspace: 59518K(68400K)->59518K(68400K) NonClass: 51816K(56496K)->51816K(56496K) Class: 7701K(11904K)->7701K(11904K)
[110.056s][info][gc             ] GC(98) Pause Full (System.gc()) 15M->14M(4095M) 30.756ms
[110.056s][info][gc,cpu         ] GC(98) User=0.00s Sys=0.00s Real=0.03s
[112.056s][info][gc,start       ] GC(99) Pause Young (Allocation Failure)
[112.057s][info][gc,heap        ] GC(99) PSYoungGen: 1395712K->608K(1396736K)
[112.057s][info][gc,heap        ] GC(99) ParOldGen: 15261K->15261K(2796544K)
[112.057s][info][gc,metaspace   ] GC(99) Metaspace: 59522K(68400K)->59522K(68400K) NonClass: 51820K(56496K)->51820K(56496K) Class: 7701K(11904K)->7701K(11904K)
[112.057s][info][gc             ] GC(99) Pause Young (Allocation Failure) 1377M->15M(4095M) 0.841ms
[112.057s][info][gc,cpu         ] GC(99) User=0.00s Sys=0.00s Real=0.00s
[114.008s][info][gc,start       ] GC(100) Pause Young (Allocation Failure)
[114.009s][info][gc,heap        ] GC(100) PSYoungGen: 1396320K->288K(1396736K)
[114.009s][info][gc,heap        ] GC(100) ParOldGen: 15261K->15653K(2796544K)
[114.009s][info][gc,metaspace   ] GC(100) Metaspace: 59525K(68400K)->59525K(68400K) NonClass: 51824K(56496K)->51824K(56496K) Class: 7701K(11904K)->7701K(11904K)
[114.009s][info][gc             ] GC(100) Pause Young (Allocation Failure) 1378M->15M(4095M) 0.863ms
[114.009s][info][gc,cpu         ] GC(100) User=0.00s Sys=0.00s Real=0.00s
[114.131s][info][gc,start       ] GC(101) Pause Young (System.gc())
[114.132s][info][gc,heap        ] GC(101) PSYoungGen: 94013K->288K(1396736K)
[114.132s][info][gc,heap        ] GC(101) ParOldGen: 15653K->15693K(2796544K)
[114.132s][info][gc,metaspace   ] GC(101) Metaspace: 59525K(68400K)->59525K(68400K) NonClass: 51824K(56496K)->51824K(56496K) Class: 7701K(11904K)->7701K(11904K)
[114.132s][info][gc             ] GC(101) Pause Young (System.gc()) 107M->15M(4095M) 0.668ms
[114.132s][info][gc,cpu         ] GC(101) User=0.00s Sys=0.00s Real=0.00s
[114.132s][info][gc,start       ] GC(102) Pause Full (System.gc())
[114.132s][info][gc,phases,start] GC(102) Marking Phase
[114.146s][info][gc,phases      ] GC(102) Marking Phase 14.777ms
[114.146s][info][gc,phases,start] GC(102) Summary Phase
[114.147s][info][gc,phases      ] GC(102) Summary Phase 0.009ms
[114.147s][info][gc,phases,start] GC(102) Adjust Roots
[114.155s][info][gc,phases      ] GC(102) Adjust Roots 8.829ms
[114.155s][info][gc,phases,start] GC(102) Compaction Phase
[114.159s][info][gc,phases      ] GC(102) Compaction Phase 3.548ms
[114.159s][info][gc,phases,start] GC(102) Post Compact
[114.160s][info][gc,phases      ] GC(102) Post Compact 0.626ms
[114.160s][info][gc,heap        ] GC(102) PSYoungGen: 288K->0K(1396736K)
[114.160s][info][gc,heap        ] GC(102) ParOldGen: 15693K->15265K(2796544K)
[114.160s][info][gc,metaspace   ] GC(102) Metaspace: 59525K(68400K)->59525K(68400K) NonClass: 51824K(56496K)->51824K(56496K) Class: 7701K(11904K)->7701K(11904K)
[114.160s][info][gc             ] GC(102) Pause Full (System.gc()) 15M->14M(4095M) 28.067ms
[114.160s][info][gc,cpu         ] GC(102) User=0.02s Sys=0.00s Real=0.03s
[116.177s][info][gc,start       ] GC(103) Pause Young (Allocation Failure)
[116.178s][info][gc,heap        ] GC(103) PSYoungGen: 1395712K->576K(1396736K)
[116.178s][info][gc,heap        ] GC(103) ParOldGen: 15265K->15265K(2796544K)
[116.178s][info][gc,metaspace   ] GC(103) Metaspace: 59526K(68400K)->59526K(68400K) NonClass: 51824K(56496K)->51824K(56496K) Class: 7701K(11904K)->7701K(11904K)
[116.178s][info][gc             ] GC(103) Pause Young (Allocation Failure) 1377M->15M(4095M) 0.855ms
[116.178s][info][gc,cpu         ] GC(103) User=0.00s Sys=0.00s Real=0.00s
[118.170s][info][gc,start       ] GC(104) Pause Young (Allocation Failure)
[118.171s][info][gc,heap        ] GC(104) PSYoungGen: 1396288K->256K(1396736K)
[118.171s][info][gc,heap        ] GC(104) ParOldGen: 15265K->15665K(2796544K)
[118.171s][info][gc,metaspace   ] GC(104) Metaspace: 59526K(68400K)->59526K(68400K) NonClass: 51824K(56496K)->51824K(56496K) Class: 7701K(11904K)->7701K(11904K)
[118.171s][info][gc             ] GC(104) Pause Young (Allocation Failure) 1378M->15M(4095M) 0.879ms
[118.171s][info][gc,cpu         ] GC(104) User=0.00s Sys=0.00s Real=0.00s
[118.295s][info][gc,start       ] GC(105) Pause Young (System.gc())
[118.296s][info][gc,heap        ] GC(105) PSYoungGen: 97471K->288K(1396736K)
[118.296s][info][gc,heap        ] GC(105) ParOldGen: 15665K->15713K(2796544K)
[118.296s][info][gc,metaspace   ] GC(105) Metaspace: 59526K(68400K)->59526K(68400K) NonClass: 51824K(56496K)->51824K(56496K) Class: 7701K(11904K)->7701K(11904K)
[118.296s][info][gc             ] GC(105) Pause Young (System.gc()) 110M->15M(4095M) 0.683ms
[118.296s][info][gc,cpu         ] GC(105) User=0.00s Sys=0.00s Real=0.00s
[118.296s][info][gc,start       ] GC(106) Pause Full (System.gc())
[118.296s][info][gc,phases,start] GC(106) Marking Phase
[118.310s][info][gc,phases      ] GC(106) Marking Phase 14.476ms
[118.310s][info][gc,phases,start] GC(106) Summary Phase
[118.311s][info][gc,phases      ] GC(106) Summary Phase 0.009ms
[118.311s][info][gc,phases,start] GC(106) Adjust Roots
[118.319s][info][gc,phases      ] GC(106) Adjust Roots 8.848ms
[118.319s][info][gc,phases,start] GC(106) Compaction Phase
[118.323s][info][gc,phases      ] GC(106) Compaction Phase 3.737ms
[118.323s][info][gc,phases,start] GC(106) Post Compact
[118.324s][info][gc,phases      ] GC(106) Post Compact 0.592ms
[118.324s][info][gc,heap        ] GC(106) PSYoungGen: 288K->0K(1396736K)
[118.324s][info][gc,heap        ] GC(106) ParOldGen: 15713K->15268K(2796544K)
[118.324s][info][gc,metaspace   ] GC(106) Metaspace: 59526K(68400K)->59526K(68400K) NonClass: 51824K(56496K)->51824K(56496K) Class: 7701K(11904K)->7701K(11904K)
[118.324s][info][gc             ] GC(106) Pause Full (System.gc()) 15M->14M(4095M) 27.936ms
[118.324s][info][gc,cpu         ] GC(106) User=0.00s Sys=0.00s Real=0.02s
[120.447s][info][gc,start       ] GC(107) Pause Young (Allocation Failure)
[120.448s][info][gc,heap        ] GC(107) PSYoungGen: 1395712K->608K(1396736K)
[120.448s][info][gc,heap        ] GC(107) ParOldGen: 15268K->15268K(2796544K)
[120.448s][info][gc,metaspace   ] GC(107) Metaspace: 59532K(68400K)->59532K(68400K) NonClass: 51831K(56496K)->51831K(56496K) Class: 7701K(11904K)->7701K(11904K)
[120.448s][info][gc             ] GC(107) Pause Young (Allocation Failure) 1377M->15M(4095M) 1.494ms
[120.448s][info][gc,cpu         ] GC(107) User=0.00s Sys=0.00s Real=0.00s
[122.562s][info][gc,start       ] GC(108) Pause Young (Allocation Failure)
[122.563s][info][gc,heap        ] GC(108) PSYoungGen: 1396320K->256K(1396736K)
[122.563s][info][gc,heap        ] GC(108) ParOldGen: 15268K->15652K(2796544K)
[122.563s][info][gc,metaspace   ] GC(108) Metaspace: 59532K(68400K)->59532K(68400K) NonClass: 51831K(56496K)->51831K(56496K) Class: 7701K(11904K)->7701K(11904K)
[122.563s][info][gc             ] GC(108) Pause Young (Allocation Failure) 1378M->15M(4095M) 0.943ms
[122.563s][info][gc,cpu         ] GC(108) User=0.00s Sys=0.00s Real=0.00s
[122.735s][info][gc,start       ] GC(109) Pause Young (System.gc())
[122.736s][info][gc,heap        ] GC(109) PSYoungGen: 92720K->256K(1396736K)
[122.736s][info][gc,heap        ] GC(109) ParOldGen: 15652K->15700K(2796544K)
[122.736s][info][gc,metaspace   ] GC(109) Metaspace: 59532K(68400K)->59532K(68400K) NonClass: 51831K(56496K)->51831K(56496K) Class: 7701K(11904K)->7701K(11904K)
[122.736s][info][gc             ] GC(109) Pause Young (System.gc()) 105M->15M(4095M) 0.725ms
[122.736s][info][gc,cpu         ] GC(109) User=0.00s Sys=0.00s Real=0.00s
[122.736s][info][gc,start       ] GC(110) Pause Full (System.gc())
[122.736s][info][gc,phases,start] GC(110) Marking Phase
[122.750s][info][gc,phases      ] GC(110) Marking Phase 14.280ms
[122.750s][info][gc,phases,start] GC(110) Summary Phase
[122.750s][info][gc,phases      ] GC(110) Summary Phase 0.015ms
[122.750s][info][gc,phases,start] GC(110) Adjust Roots
[122.759s][info][gc,phases      ] GC(110) Adjust Roots 8.744ms
[122.759s][info][gc,phases,start] GC(110) Compaction Phase
[122.762s][info][gc,phases      ] GC(110) Compaction Phase 3.056ms
[122.762s][info][gc,phases,start] GC(110) Post Compact
[122.763s][info][gc,phases      ] GC(110) Post Compact 0.700ms
[122.763s][info][gc,heap        ] GC(110) PSYoungGen: 256K->0K(1396736K)
[122.763s][info][gc,heap        ] GC(110) ParOldGen: 15700K->15268K(2796544K)
[122.763s][info][gc,metaspace   ] GC(110) Metaspace: 59532K(68400K)->59532K(68400K) NonClass: 51831K(56496K)->51831K(56496K) Class: 7701K(11904K)->7701K(11904K)
[122.763s][info][gc             ] GC(110) Pause Full (System.gc()) 15M->14M(4095M) 27.050ms
[122.763s][info][gc,cpu         ] GC(110) User=0.03s Sys=0.00s Real=0.03s
[124.755s][info][gc,start       ] GC(111) Pause Young (Allocation Failure)
[124.756s][info][gc,heap        ] GC(111) PSYoungGen: 1395712K->608K(1396736K)
[124.756s][info][gc,heap        ] GC(111) ParOldGen: 15268K->15268K(2796544K)
[124.756s][info][gc,metaspace   ] GC(111) Metaspace: 59535K(68400K)->59535K(68400K) NonClass: 51834K(56496K)->51834K(56496K) Class: 7701K(11904K)->7701K(11904K)
[124.757s][info][gc             ] GC(111) Pause Young (Allocation Failure) 1377M->15M(4095M) 1.042ms
[124.757s][info][gc,cpu         ] GC(111) User=0.00s Sys=0.00s Real=0.00s
[126.715s][info][gc,start       ] GC(112) Pause Young (Allocation Failure)
[126.716s][info][gc,heap        ] GC(112) PSYoungGen: 1396320K->224K(1396736K)
[126.716s][info][gc,heap        ] GC(112) ParOldGen: 15268K->15676K(2796544K)
[126.716s][info][gc,metaspace   ] GC(112) Metaspace: 59535K(68400K)->59535K(68400K) NonClass: 51834K(56496K)->51834K(56496K) Class: 7701K(11904K)->7701K(11904K)
[126.716s][info][gc             ] GC(112) Pause Young (Allocation Failure) 1378M->15M(4095M) 0.876ms
[126.716s][info][gc,cpu         ] GC(112) User=0.00s Sys=0.00s Real=0.00s
[126.849s][info][gc,start       ] GC(113) Pause Young (System.gc())
[126.850s][info][gc,heap        ] GC(113) PSYoungGen: 97514K->256K(1396736K)
[126.850s][info][gc,heap        ] GC(113) ParOldGen: 15676K->15708K(2796544K)
[126.850s][info][gc,metaspace   ] GC(113) Metaspace: 59540K(68400K)->59540K(68400K) NonClass: 51838K(56496K)->51838K(56496K) Class: 7701K(11904K)->7701K(11904K)
[126.850s][info][gc             ] GC(113) Pause Young (System.gc()) 110M->15M(4095M) 0.754ms
[126.850s][info][gc,cpu         ] GC(113) User=0.00s Sys=0.00s Real=0.00s
[126.850s][info][gc,start       ] GC(114) Pause Full (System.gc())
[126.850s][info][gc,phases,start] GC(114) Marking Phase
[126.865s][info][gc,phases      ] GC(114) Marking Phase 14.996ms
[126.865s][info][gc,phases,start] GC(114) Summary Phase
[126.865s][info][gc,phases      ] GC(114) Summary Phase 0.009ms
[126.865s][info][gc,phases,start] GC(114) Adjust Roots
[126.874s][info][gc,phases      ] GC(114) Adjust Roots 8.557ms
[126.874s][info][gc,phases,start] GC(114) Compaction Phase
[126.877s][info][gc,phases      ] GC(114) Compaction Phase 3.804ms
[126.878s][info][gc,phases,start] GC(114) Post Compact
[126.878s][info][gc,phases      ] GC(114) Post Compact 0.742ms
[126.878s][info][gc,heap        ] GC(114) PSYoungGen: 256K->0K(1396736K)
[126.878s][info][gc,heap        ] GC(114) ParOldGen: 15708K->15267K(2796544K)
[126.878s][info][gc,metaspace   ] GC(114) Metaspace: 59540K(68400K)->59540K(68400K) NonClass: 51838K(56496K)->51838K(56496K) Class: 7701K(11904K)->7701K(11904K)
[126.878s][info][gc             ] GC(114) Pause Full (System.gc()) 15M->14M(4095M) 28.403ms
[126.878s][info][gc,cpu         ] GC(114) User=0.02s Sys=0.00s Real=0.03s
[128.892s][info][gc,start       ] GC(115) Pause Young (Allocation Failure)
[128.892s][info][gc,heap        ] GC(115) PSYoungGen: 1395712K->544K(1396736K)
[128.892s][info][gc,heap        ] GC(115) ParOldGen: 15267K->15275K(2796544K)
[128.892s][info][gc,metaspace   ] GC(115) Metaspace: 59548K(68400K)->59548K(68400K) NonClass: 51847K(56496K)->51847K(56496K) Class: 7701K(11904K)->7701K(11904K)
[128.892s][info][gc             ] GC(115) Pause Young (Allocation Failure) 1377M->15M(4095M) 0.842ms
[128.892s][info][gc,cpu         ] GC(115) User=0.00s Sys=0.00s Real=0.00s
[130.852s][info][gc,start       ] GC(116) Pause Young (Allocation Failure)
[130.853s][info][gc,heap        ] GC(116) PSYoungGen: 1396256K->224K(1396736K)
[130.853s][info][gc,heap        ] GC(116) ParOldGen: 15275K->15667K(2796544K)
[130.853s][info][gc,metaspace   ] GC(116) Metaspace: 59548K(68400K)->59548K(68400K) NonClass: 51847K(56496K)->51847K(56496K) Class: 7701K(11904K)->7701K(11904K)
[130.853s][info][gc             ] GC(116) Pause Young (Allocation Failure) 1378M->15M(4095M) 0.882ms
[130.853s][info][gc,cpu         ] GC(116) User=0.00s Sys=0.00s Real=0.00s
[130.980s][info][gc,start       ] GC(117) Pause Young (System.gc())
[130.980s][info][gc,heap        ] GC(117) PSYoungGen: 93340K->256K(1396736K)
[130.980s][info][gc,heap        ] GC(117) ParOldGen: 15667K->15715K(2796544K)
[130.980s][info][gc,metaspace   ] GC(117) Metaspace: 59550K(68400K)->59550K(68400K) NonClass: 51848K(56496K)->51848K(56496K) Class: 7701K(11904K)->7701K(11904K)
[130.980s][info][gc             ] GC(117) Pause Young (System.gc()) 106M->15M(4095M) 0.702ms
[130.980s][info][gc,cpu         ] GC(117) User=0.00s Sys=0.00s Real=0.00s
[130.980s][info][gc,start       ] GC(118) Pause Full (System.gc())
[130.980s][info][gc,phases,start] GC(118) Marking Phase
[130.995s][info][gc,phases      ] GC(118) Marking Phase 14.259ms
[130.995s][info][gc,phases,start] GC(118) Summary Phase
[130.995s][info][gc,phases      ] GC(118) Summary Phase 0.009ms
[130.995s][info][gc,phases,start] GC(118) Adjust Roots
[131.003s][info][gc,phases      ] GC(118) Adjust Roots 8.486ms
[131.003s][info][gc,phases,start] GC(118) Compaction Phase
[131.007s][info][gc,phases      ] GC(118) Compaction Phase 3.408ms
[131.007s][info][gc,phases,start] GC(118) Post Compact
[131.007s][info][gc,phases      ] GC(118) Post Compact 0.722ms
[131.007s][info][gc,heap        ] GC(118) PSYoungGen: 256K->0K(1396736K)
[131.007s][info][gc,heap        ] GC(118) ParOldGen: 15715K->15271K(2796544K)
[131.007s][info][gc,metaspace   ] GC(118) Metaspace: 59550K(68400K)->59550K(68400K) NonClass: 51848K(56496K)->51848K(56496K) Class: 7701K(11904K)->7701K(11904K)
[131.007s][info][gc             ] GC(118) Pause Full (System.gc()) 15M->14M(4095M) 27.179ms
[131.007s][info][gc,cpu         ] GC(118) User=0.00s Sys=0.00s Real=0.01s
[133.014s][info][gc,start       ] GC(119) Pause Young (Allocation Failure)
[133.015s][info][gc,heap        ] GC(119) PSYoungGen: 1395712K->608K(1396736K)
[133.015s][info][gc,heap        ] GC(119) ParOldGen: 15271K->15271K(2796544K)
[133.015s][info][gc,metaspace   ] GC(119) Metaspace: 59628K(68400K)->59628K(68400K) NonClass: 51927K(56496K)->51927K(56496K) Class: 7701K(11904K)->7701K(11904K)
[133.015s][info][gc             ] GC(119) Pause Young (Allocation Failure) 1377M->15M(4095M) 0.819ms
[133.015s][info][gc,cpu         ] GC(119) User=0.00s Sys=0.00s Real=0.00s
[134.979s][info][gc,start       ] GC(120) Pause Young (Allocation Failure)
[134.979s][info][gc,heap        ] GC(120) PSYoungGen: 1396320K->224K(1396736K)
[134.979s][info][gc,heap        ] GC(120) ParOldGen: 15271K->15671K(2796544K)
[134.979s][info][gc,metaspace   ] GC(120) Metaspace: 59629K(68400K)->59629K(68400K) NonClass: 51927K(56496K)->51927K(56496K) Class: 7701K(11904K)->7701K(11904K)
[134.979s][info][gc             ] GC(120) Pause Young (Allocation Failure) 1378M->15M(4095M) 0.843ms
[134.979s][info][gc,cpu         ] GC(120) User=0.00s Sys=0.00s Real=0.00s
[135.101s][info][gc,start       ] GC(121) Pause Young (System.gc())
[135.101s][info][gc,heap        ] GC(121) PSYoungGen: 94818K->288K(1396736K)
[135.101s][info][gc,heap        ] GC(121) ParOldGen: 15671K->15711K(2796544K)
[135.101s][info][gc,metaspace   ] GC(121) Metaspace: 59632K(68400K)->59632K(68400K) NonClass: 51930K(56496K)->51930K(56496K) Class: 7701K(11904K)->7701K(11904K)
[135.101s][info][gc             ] GC(121) Pause Young (System.gc()) 107M->15M(4095M) 0.877ms
[135.101s][info][gc,cpu         ] GC(121) User=0.00s Sys=0.00s Real=0.00s
[135.101s][info][gc,start       ] GC(122) Pause Full (System.gc())
[135.101s][info][gc,phases,start] GC(122) Marking Phase
[135.116s][info][gc,phases      ] GC(122) Marking Phase 14.935ms
[135.116s][info][gc,phases,start] GC(122) Summary Phase
[135.116s][info][gc,phases      ] GC(122) Summary Phase 0.009ms
[135.116s][info][gc,phases,start] GC(122) Adjust Roots
[135.125s][info][gc,phases      ] GC(122) Adjust Roots 9.018ms
[135.126s][info][gc,phases,start] GC(122) Compaction Phase
[135.130s][info][gc,phases      ] GC(122) Compaction Phase 4.015ms
[135.130s][info][gc,phases,start] GC(122) Post Compact
[135.130s][info][gc,phases      ] GC(122) Post Compact 0.622ms
[135.130s][info][gc,heap        ] GC(122) PSYoungGen: 288K->0K(1396736K)
[135.130s][info][gc,heap        ] GC(122) ParOldGen: 15711K->15335K(2796544K)
[135.130s][info][gc,metaspace   ] GC(122) Metaspace: 59632K(68400K)->59632K(68400K) NonClass: 51930K(56496K)->51930K(56496K) Class: 7701K(11904K)->7701K(11904K)
[135.130s][info][gc             ] GC(122) Pause Full (System.gc()) 15M->14M(4095M) 28.898ms
[135.130s][info][gc,cpu         ] GC(122) User=0.02s Sys=0.00s Real=0.03s
[137.159s][info][gc,start       ] GC(123) Pause Young (Allocation Failure)
[137.160s][info][gc,heap        ] GC(123) PSYoungGen: 1395712K->544K(1396736K)
[137.160s][info][gc,heap        ] GC(123) ParOldGen: 15335K->15335K(2796544K)
[137.160s][info][gc,metaspace   ] GC(123) Metaspace: 59656K(68656K)->59656K(68656K) NonClass: 51954K(56752K)->51954K(56752K) Class: 7701K(11904K)->7701K(11904K)
[137.160s][info][gc             ] GC(123) Pause Young (Allocation Failure) 1377M->15M(4095M) 0.809ms
[137.160s][info][gc,cpu         ] GC(123) User=0.00s Sys=0.00s Real=0.00s
[139.134s][info][gc,start       ] GC(124) Pause Young (Allocation Failure)
[139.135s][info][gc,heap        ] GC(124) PSYoungGen: 1396256K->192K(1396736K)
[139.135s][info][gc,heap        ] GC(124) ParOldGen: 15335K->15695K(2796544K)
[139.135s][info][gc,metaspace   ] GC(124) Metaspace: 59656K(68656K)->59656K(68656K) NonClass: 51954K(56752K)->51954K(56752K) Class: 7701K(11904K)->7701K(11904K)
[139.135s][info][gc             ] GC(124) Pause Young (Allocation Failure) 1378M->15M(4095M) 0.877ms
[139.135s][info][gc,cpu         ] GC(124) User=0.00s Sys=0.00s Real=0.00s
[139.258s][info][gc,start       ] GC(125) Pause Young (System.gc())
[139.259s][info][gc,heap        ] GC(125) PSYoungGen: 94366K->288K(1396736K)
[139.259s][info][gc,heap        ] GC(125) ParOldGen: 15695K->15727K(2796544K)
[139.259s][info][gc,metaspace   ] GC(125) Metaspace: 59663K(68656K)->59663K(68656K) NonClass: 51961K(56752K)->51961K(56752K) Class: 7701K(11904K)->7701K(11904K)
[139.259s][info][gc             ] GC(125) Pause Young (System.gc()) 107M->15M(4095M) 0.791ms
[139.259s][info][gc,cpu         ] GC(125) User=0.00s Sys=0.00s Real=0.00s
[139.259s][info][gc,start       ] GC(126) Pause Full (System.gc())
[139.259s][info][gc,phases,start] GC(126) Marking Phase
[139.274s][info][gc,phases      ] GC(126) Marking Phase 14.806ms
[139.274s][info][gc,phases,start] GC(126) Summary Phase
[139.274s][info][gc,phases      ] GC(126) Summary Phase 0.009ms
[139.274s][info][gc,phases,start] GC(126) Adjust Roots
[139.282s][info][gc,phases      ] GC(126) Adjust Roots 8.778ms
[139.282s][info][gc,phases,start] GC(126) Compaction Phase
[139.286s][info][gc,phases      ] GC(126) Compaction Phase 3.830ms
[139.286s][info][gc,phases,start] GC(126) Post Compact
[139.287s][info][gc,phases      ] GC(126) Post Compact 0.700ms
[139.287s][info][gc,heap        ] GC(126) PSYoungGen: 288K->0K(1396736K)
[139.287s][info][gc,heap        ] GC(126) ParOldGen: 15727K->15331K(2796544K)
[139.287s][info][gc,metaspace   ] GC(126) Metaspace: 59663K(68656K)->59663K(68656K) NonClass: 51961K(56752K)->51961K(56752K) Class: 7701K(11904K)->7701K(11904K)
[139.287s][info][gc             ] GC(126) Pause Full (System.gc()) 15M->14M(4095M) 28.414ms
[139.287s][info][gc,cpu         ] GC(126) User=0.00s Sys=0.00s Real=0.03s
[141.284s][info][gc,start       ] GC(127) Pause Young (Allocation Failure)
[141.285s][info][gc,heap        ] GC(127) PSYoungGen: 1395712K->608K(1396736K)
[141.285s][info][gc,heap        ] GC(127) ParOldGen: 15331K->15339K(2796544K)
[141.285s][info][gc,metaspace   ] GC(127) Metaspace: 59669K(68656K)->59669K(68656K) NonClass: 51967K(56752K)->51967K(56752K) Class: 7701K(11904K)->7701K(11904K)
[141.285s][info][gc             ] GC(127) Pause Young (Allocation Failure) 1377M->15M(4095M) 0.852ms
[141.285s][info][gc,cpu         ] GC(127) User=0.00s Sys=0.00s Real=0.00s
[143.242s][info][gc,start       ] GC(128) Pause Young (Allocation Failure)
[143.243s][info][gc,heap        ] GC(128) PSYoungGen: 1396320K->288K(1396736K)
[143.243s][info][gc,heap        ] GC(128) ParOldGen: 15339K->15683K(2796544K)
[143.243s][info][gc,metaspace   ] GC(128) Metaspace: 59669K(68656K)->59669K(68656K) NonClass: 51967K(56752K)->51967K(56752K) Class: 7701K(11904K)->7701K(11904K)
[143.243s][info][gc             ] GC(128) Pause Young (Allocation Failure) 1378M->15M(4095M) 0.922ms
[143.243s][info][gc,cpu         ] GC(128) User=0.02s Sys=0.00s Real=0.01s
[143.365s][info][gc,start       ] GC(129) Pause Young (System.gc())
[143.365s][info][gc,heap        ] GC(129) PSYoungGen: 94135K->288K(1396736K)
[143.365s][info][gc,heap        ] GC(129) ParOldGen: 15683K->15731K(2796544K)
[143.365s][info][gc,metaspace   ] GC(129) Metaspace: 59670K(68656K)->59670K(68656K) NonClass: 51968K(56752K)->51968K(56752K) Class: 7701K(11904K)->7701K(11904K)
[143.365s][info][gc             ] GC(129) Pause Young (System.gc()) 107M->15M(4095M) 0.725ms
[143.365s][info][gc,cpu         ] GC(129) User=0.00s Sys=0.00s Real=0.00s
[143.365s][info][gc,start       ] GC(130) Pause Full (System.gc())
[143.365s][info][gc,phases,start] GC(130) Marking Phase
[143.379s][info][gc,phases      ] GC(130) Marking Phase 14.072ms
[143.379s][info][gc,phases,start] GC(130) Summary Phase
[143.379s][info][gc,phases      ] GC(130) Summary Phase 0.009ms
[143.379s][info][gc,phases,start] GC(130) Adjust Roots
[143.388s][info][gc,phases      ] GC(130) Adjust Roots 8.983ms
[143.389s][info][gc,phases,start] GC(130) Compaction Phase
[143.392s][info][gc,phases      ] GC(130) Compaction Phase 3.791ms
[143.392s][info][gc,phases,start] GC(130) Post Compact
[143.393s][info][gc,phases      ] GC(130) Post Compact 0.612ms
[143.393s][info][gc,heap        ] GC(130) PSYoungGen: 288K->0K(1396736K)
[143.393s][info][gc,heap        ] GC(130) ParOldGen: 15731K->15275K(2796544K)
[143.393s][info][gc,metaspace   ] GC(130) Metaspace: 59670K(68656K)->59670K(68656K) NonClass: 51968K(56752K)->51968K(56752K) Class: 7701K(11904K)->7701K(11904K)
[143.393s][info][gc             ] GC(130) Pause Full (System.gc()) 15M->14M(4095M) 27.771ms
[143.393s][info][gc,cpu         ] GC(130) User=0.00s Sys=0.00s Real=0.01s
[145.410s][info][gc,start       ] GC(131) Pause Young (Allocation Failure)
[145.411s][info][gc,heap        ] GC(131) PSYoungGen: 1395712K->640K(1396736K)
[145.411s][info][gc,heap        ] GC(131) ParOldGen: 15275K->15283K(2796544K)
[145.411s][info][gc,metaspace   ] GC(131) Metaspace: 59718K(68656K)->59718K(68656K) NonClass: 52016K(56752K)->52016K(56752K) Class: 7701K(11904K)->7701K(11904K)
[145.411s][info][gc             ] GC(131) Pause Young (Allocation Failure) 1377M->15M(4095M) 0.995ms
[145.411s][info][gc,cpu         ] GC(131) User=0.02s Sys=0.00s Real=0.00s
[147.383s][info][gc,start       ] GC(132) Pause Young (Allocation Failure)
[147.383s][info][gc,heap        ] GC(132) PSYoungGen: 1396352K->256K(1396736K)
[147.384s][info][gc,heap        ] GC(132) ParOldGen: 15283K->15675K(2796544K)
[147.384s][info][gc,metaspace   ] GC(132) Metaspace: 59725K(68656K)->59725K(68656K) NonClass: 52023K(56752K)->52023K(56752K) Class: 7701K(11904K)->7701K(11904K)
[147.384s][info][gc             ] GC(132) Pause Young (Allocation Failure) 1378M->15M(4095M) 0.888ms
[147.384s][info][gc,cpu         ] GC(132) User=0.00s Sys=0.00s Real=0.00s
[147.517s][info][gc,start       ] GC(133) Pause Young (System.gc())
[147.517s][info][gc,heap        ] GC(133) PSYoungGen: 89342K->288K(1396736K)
[147.517s][info][gc,heap        ] GC(133) ParOldGen: 15675K->15715K(2796544K)
[147.517s][info][gc,metaspace   ] GC(133) Metaspace: 59732K(68656K)->59732K(68656K) NonClass: 52031K(56752K)->52031K(56752K) Class: 7701K(11904K)->7701K(11904K)
[147.517s][info][gc             ] GC(133) Pause Young (System.gc()) 102M->15M(4095M) 0.764ms
[147.517s][info][gc,cpu         ] GC(133) User=0.00s Sys=0.00s Real=0.00s
[147.517s][info][gc,start       ] GC(134) Pause Full (System.gc())
[147.517s][info][gc,phases,start] GC(134) Marking Phase
[147.532s][info][gc,phases      ] GC(134) Marking Phase 14.675ms
[147.532s][info][gc,phases,start] GC(134) Summary Phase
[147.532s][info][gc,phases      ] GC(134) Summary Phase 0.011ms
[147.532s][info][gc,phases,start] GC(134) Adjust Roots
[147.541s][info][gc,phases      ] GC(134) Adjust Roots 9.093ms
[147.541s][info][gc,phases,start] GC(134) Compaction Phase
[147.547s][info][gc,phases      ] GC(134) Compaction Phase 5.917ms
[147.547s][info][gc,phases,start] GC(134) Post Compact
[147.548s][info][gc,phases      ] GC(134) Post Compact 0.788ms
[147.548s][info][gc,heap        ] GC(134) PSYoungGen: 288K->0K(1396736K)
[147.548s][info][gc,heap        ] GC(134) ParOldGen: 15715K->15289K(2796544K)
[147.548s][info][gc,metaspace   ] GC(134) Metaspace: 59732K(68656K)->59732K(68656K) NonClass: 52031K(56752K)->52031K(56752K) Class: 7701K(11904K)->7701K(11904K)
[147.548s][info][gc             ] GC(134) Pause Full (System.gc()) 15M->14M(4095M) 30.866ms
[147.548s][info][gc,cpu         ] GC(134) User=0.00s Sys=0.00s Real=0.03s
[149.572s][info][gc,start       ] GC(135) Pause Young (Allocation Failure)
[149.573s][info][gc,heap        ] GC(135) PSYoungGen: 1395712K->608K(1396736K)
[149.573s][info][gc,heap        ] GC(135) ParOldGen: 15289K->15297K(2796544K)
[149.573s][info][gc,metaspace   ] GC(135) Metaspace: 59758K(68656K)->59758K(68656K) NonClass: 52056K(56752K)->52056K(56752K) Class: 7701K(11904K)->7701K(11904K)
[149.573s][info][gc             ] GC(135) Pause Young (Allocation Failure) 1377M->15M(4095M) 0.934ms
[149.573s][info][gc,cpu         ] GC(135) User=0.02s Sys=0.00s Real=0.02s
[151.558s][info][gc,start       ] GC(136) Pause Young (Allocation Failure)
[151.559s][info][gc,heap        ] GC(136) PSYoungGen: 1396320K->288K(1396736K)
[151.559s][info][gc,heap        ] GC(136) ParOldGen: 15297K->15673K(2796544K)
[151.559s][info][gc,metaspace   ] GC(136) Metaspace: 59758K(68656K)->59758K(68656K) NonClass: 52056K(56752K)->52056K(56752K) Class: 7701K(11904K)->7701K(11904K)
[151.559s][info][gc             ] GC(136) Pause Young (Allocation Failure) 1378M->15M(4095M) 0.968ms
[151.559s][info][gc,cpu         ] GC(136) User=0.00s Sys=0.00s Real=0.00s
[151.686s][info][gc,start       ] GC(137) Pause Young (System.gc())
[151.687s][info][gc,heap        ] GC(137) PSYoungGen: 91798K->256K(1396736K)
[151.687s][info][gc,heap        ] GC(137) ParOldGen: 15673K->15721K(2796544K)
[151.687s][info][gc,metaspace   ] GC(137) Metaspace: 59787K(68656K)->59787K(68656K) NonClass: 52085K(56752K)->52085K(56752K) Class: 7701K(11904K)->7701K(11904K)
[151.687s][info][gc             ] GC(137) Pause Young (System.gc()) 104M->15M(4095M) 0.729ms
[151.687s][info][gc,cpu         ] GC(137) User=0.00s Sys=0.00s Real=0.00s
[151.687s][info][gc,start       ] GC(138) Pause Full (System.gc())
[151.687s][info][gc,phases,start] GC(138) Marking Phase
[151.702s][info][gc,phases      ] GC(138) Marking Phase 14.663ms
[151.702s][info][gc,phases,start] GC(138) Summary Phase
[151.702s][info][gc,phases      ] GC(138) Summary Phase 0.009ms
[151.702s][info][gc,phases,start] GC(138) Adjust Roots
[151.711s][info][gc,phases      ] GC(138) Adjust Roots 9.084ms
[151.711s][info][gc,phases,start] GC(138) Compaction Phase
[151.715s][info][gc,phases      ] GC(138) Compaction Phase 3.897ms
[151.715s][info][gc,phases,start] GC(138) Post Compact
[151.715s][info][gc,phases      ] GC(138) Post Compact 0.588ms
[151.715s][info][gc,heap        ] GC(138) PSYoungGen: 256K->0K(1396736K)
[151.715s][info][gc,heap        ] GC(138) ParOldGen: 15721K->15270K(2796544K)
[151.715s][info][gc,metaspace   ] GC(138) Metaspace: 59787K(68656K)->59787K(68656K) NonClass: 52085K(56752K)->52085K(56752K) Class: 7701K(11904K)->7701K(11904K)
[151.716s][info][gc             ] GC(138) Pause Full (System.gc()) 15M->14M(4095M) 28.535ms
[151.716s][info][gc,cpu         ] GC(138) User=0.02s Sys=0.00s Real=0.03s
[153.727s][info][gc,start       ] GC(139) Pause Young (Allocation Failure)
[153.728s][info][gc,heap        ] GC(139) PSYoungGen: 1395712K->608K(1396736K)
[153.728s][info][gc,heap        ] GC(139) ParOldGen: 15270K->15278K(2796544K)
[153.728s][info][gc,metaspace   ] GC(139) Metaspace: 59822K(68656K)->59822K(68656K) NonClass: 52121K(56752K)->52121K(56752K) Class: 7701K(11904K)->7701K(11904K)
[153.728s][info][gc             ] GC(139) Pause Young (Allocation Failure) 1377M->15M(4095M) 0.838ms
[153.728s][info][gc,cpu         ] GC(139) User=0.00s Sys=0.00s Real=0.00s
[155.698s][info][gc,start       ] GC(140) Pause Young (Allocation Failure)
[155.698s][info][gc,heap        ] GC(140) PSYoungGen: 1396320K->224K(1396736K)
[155.698s][info][gc,heap        ] GC(140) ParOldGen: 15278K->15662K(2796544K)
[155.698s][info][gc,metaspace   ] GC(140) Metaspace: 59822K(68656K)->59822K(68656K) NonClass: 52121K(56752K)->52121K(56752K) Class: 7701K(11904K)->7701K(11904K)
[155.699s][info][gc             ] GC(140) Pause Young (Allocation Failure) 1378M->15M(4095M) 0.919ms
[155.699s][info][gc,cpu         ] GC(140) User=0.00s Sys=0.00s Real=0.00s
[155.806s][info][gc,start       ] GC(141) Pause Young (System.gc())
[155.807s][info][gc,heap        ] GC(141) PSYoungGen: 93036K->224K(1396736K)
[155.807s][info][gc,heap        ] GC(141) ParOldGen: 15662K->15710K(2796544K)
[155.807s][info][gc,metaspace   ] GC(141) Metaspace: 59824K(68656K)->59824K(68656K) NonClass: 52123K(56752K)->52123K(56752K) Class: 7701K(11904K)->7701K(11904K)
[155.807s][info][gc             ] GC(141) Pause Young (System.gc()) 106M->15M(4095M) 0.737ms
[155.807s][info][gc,cpu         ] GC(141) User=0.00s Sys=0.00s Real=0.00s
[155.807s][info][gc,start       ] GC(142) Pause Full (System.gc())
[155.807s][info][gc,phases,start] GC(142) Marking Phase
[155.821s][info][gc,phases      ] GC(142) Marking Phase 14.220ms
[155.821s][info][gc,phases,start] GC(142) Summary Phase
[155.821s][info][gc,phases      ] GC(142) Summary Phase 0.009ms
[155.821s][info][gc,phases,start] GC(142) Adjust Roots
[155.830s][info][gc,phases      ] GC(142) Adjust Roots 8.783ms
[155.830s][info][gc,phases,start] GC(142) Compaction Phase
[155.834s][info][gc,phases      ] GC(142) Compaction Phase 3.740ms
[155.834s][info][gc,phases,start] GC(142) Post Compact
[155.834s][info][gc,phases      ] GC(142) Post Compact 0.672ms
[155.834s][info][gc,heap        ] GC(142) PSYoungGen: 224K->0K(1396736K)
[155.834s][info][gc,heap        ] GC(142) ParOldGen: 15710K->15274K(2796544K)
[155.834s][info][gc,metaspace   ] GC(142) Metaspace: 59824K(68656K)->59824K(68656K) NonClass: 52123K(56752K)->52123K(56752K) Class: 7701K(11904K)->7701K(11904K)
[155.834s][info][gc             ] GC(142) Pause Full (System.gc()) 15M->14M(4095M) 27.705ms
[155.834s][info][gc,cpu         ] GC(142) User=0.00s Sys=0.00s Real=0.03s
[157.873s][info][gc,start       ] GC(143) Pause Young (Allocation Failure)
[157.874s][info][gc,heap        ] GC(143) PSYoungGen: 1395712K->576K(1396736K)
[157.874s][info][gc,heap        ] GC(143) ParOldGen: 15274K->15274K(2796544K)
[157.874s][info][gc,metaspace   ] GC(143) Metaspace: 59832K(68656K)->59832K(68656K) NonClass: 52130K(56752K)->52130K(56752K) Class: 7701K(11904K)->7701K(11904K)
[157.874s][info][gc             ] GC(143) Pause Young (Allocation Failure) 1377M->15M(4095M) 0.857ms
[157.874s][info][gc,cpu         ] GC(143) User=0.00s Sys=0.00s Real=0.00s
[159.856s][info][gc,start       ] GC(144) Pause Young (Allocation Failure)
[159.856s][info][gc,heap        ] GC(144) PSYoungGen: 1396288K->192K(1396736K)
[159.856s][info][gc,heap        ] GC(144) ParOldGen: 15274K->15658K(2796544K)
[159.856s][info][gc,metaspace   ] GC(144) Metaspace: 59832K(68656K)->59832K(68656K) NonClass: 52130K(56752K)->52130K(56752K) Class: 7701K(11904K)->7701K(11904K)
[159.857s][info][gc             ] GC(144) Pause Young (Allocation Failure) 1378M->15M(4095M) 0.932ms
[159.857s][info][gc,cpu         ] GC(144) User=0.00s Sys=0.00s Real=0.00s
[159.965s][info][gc,start       ] GC(145) Pause Young (System.gc())
[159.966s][info][gc,heap        ] GC(145) PSYoungGen: 89063K->256K(1396736K)
[159.966s][info][gc,heap        ] GC(145) ParOldGen: 15658K->15706K(2796544K)
[159.966s][info][gc,metaspace   ] GC(145) Metaspace: 59832K(68656K)->59832K(68656K) NonClass: 52130K(56752K)->52130K(56752K) Class: 7701K(11904K)->7701K(11904K)
[159.966s][info][gc             ] GC(145) Pause Young (System.gc()) 102M->15M(4095M) 0.728ms
[159.966s][info][gc,cpu         ] GC(145) User=0.00s Sys=0.00s Real=0.00s
[159.966s][info][gc,start       ] GC(146) Pause Full (System.gc())
[159.966s][info][gc,phases,start] GC(146) Marking Phase
[159.980s][info][gc,phases      ] GC(146) Marking Phase 14.301ms
[159.980s][info][gc,phases,start] GC(146) Summary Phase
[159.980s][info][gc,phases      ] GC(146) Summary Phase 0.009ms
[159.980s][info][gc,phases,start] GC(146) Adjust Roots
[159.989s][info][gc,phases      ] GC(146) Adjust Roots 9.201ms
[159.989s][info][gc,phases,start] GC(146) Compaction Phase
[159.993s][info][gc,phases      ] GC(146) Compaction Phase 3.640ms
[159.993s][info][gc,phases,start] GC(146) Post Compact
[159.994s][info][gc,phases      ] GC(146) Post Compact 0.635ms
[159.994s][info][gc,heap        ] GC(146) PSYoungGen: 256K->0K(1396736K)
[159.994s][info][gc,heap        ] GC(146) ParOldGen: 15706K->15271K(2796544K)
[159.994s][info][gc,metaspace   ] GC(146) Metaspace: 59832K(68656K)->59832K(68656K) NonClass: 52130K(56752K)->52130K(56752K) Class: 7701K(11904K)->7701K(11904K)
[159.994s][info][gc             ] GC(146) Pause Full (System.gc()) 15M->14M(4095M) 28.069ms
[159.994s][info][gc,cpu         ] GC(146) User=0.00s Sys=0.00s Real=0.02s
[162.028s][info][gc,start       ] GC(147) Pause Young (Allocation Failure)
[162.029s][info][gc,heap        ] GC(147) PSYoungGen: 1395712K->608K(1396736K)
[162.029s][info][gc,heap        ] GC(147) ParOldGen: 15271K->15271K(2796544K)
[162.029s][info][gc,metaspace   ] GC(147) Metaspace: 59837K(68656K)->59837K(68656K) NonClass: 52135K(56752K)->52135K(56752K) Class: 7701K(11904K)->7701K(11904K)
[162.029s][info][gc             ] GC(147) Pause Young (Allocation Failure) 1377M->15M(4095M) 0.858ms
[162.029s][info][gc,cpu         ] GC(147) User=0.00s Sys=0.00s Real=0.00s
[164.007s][info][gc,start       ] GC(148) Pause Young (Allocation Failure)
[164.008s][info][gc,heap        ] GC(148) PSYoungGen: 1396320K->288K(1396736K)
[164.008s][info][gc,heap        ] GC(148) ParOldGen: 15271K->15663K(2796544K)
[164.008s][info][gc,metaspace   ] GC(148) Metaspace: 59837K(68656K)->59837K(68656K) NonClass: 52135K(56752K)->52135K(56752K) Class: 7701K(11904K)->7701K(11904K)
[164.008s][info][gc             ] GC(148) Pause Young (Allocation Failure) 1378M->15M(4095M) 0.873ms
[164.008s][info][gc,cpu         ] GC(148) User=0.00s Sys=0.00s Real=0.00s
[164.129s][info][gc,start       ] GC(149) Pause Young (System.gc())
[164.130s][info][gc,heap        ] GC(149) PSYoungGen: 93483K->288K(1396736K)
[164.130s][info][gc,heap        ] GC(149) ParOldGen: 15663K->15703K(2796544K)
[164.130s][info][gc,metaspace   ] GC(149) Metaspace: 59840K(68656K)->59840K(68656K) NonClass: 52138K(56752K)->52138K(56752K) Class: 7701K(11904K)->7701K(11904K)
[164.130s][info][gc             ] GC(149) Pause Young (System.gc()) 106M->15M(4095M) 0.824ms
[164.130s][info][gc,cpu         ] GC(149) User=0.00s Sys=0.00s Real=0.00s
[164.130s][info][gc,start       ] GC(150) Pause Full (System.gc())
[164.130s][info][gc,phases,start] GC(150) Marking Phase
[164.145s][info][gc,phases      ] GC(150) Marking Phase 14.988ms
[164.145s][info][gc,phases,start] GC(150) Summary Phase
[164.145s][info][gc,phases      ] GC(150) Summary Phase 0.013ms
[164.145s][info][gc,phases,start] GC(150) Adjust Roots
[164.154s][info][gc,phases      ] GC(150) Adjust Roots 9.209ms
[164.154s][info][gc,phases,start] GC(150) Compaction Phase
[164.158s][info][gc,phases      ] GC(150) Compaction Phase 3.658ms
[164.158s][info][gc,phases,start] GC(150) Post Compact
[164.159s][info][gc,phases      ] GC(150) Post Compact 0.785ms
[164.159s][info][gc,heap        ] GC(150) PSYoungGen: 288K->0K(1396736K)
[164.159s][info][gc,heap        ] GC(150) ParOldGen: 15703K->15298K(2796544K)
[164.159s][info][gc,metaspace   ] GC(150) Metaspace: 59840K(68656K)->59840K(68656K) NonClass: 52138K(56752K)->52138K(56752K) Class: 7701K(11904K)->7701K(11904K)
[164.159s][info][gc             ] GC(150) Pause Full (System.gc()) 15M->14M(4095M) 28.946ms
[164.159s][info][gc,cpu         ] GC(150) User=0.02s Sys=0.00s Real=0.03s
[166.157s][info][gc,start       ] GC(151) Pause Young (Allocation Failure)
[166.158s][info][gc,heap        ] GC(151) PSYoungGen: 1395712K->576K(1396736K)
[166.158s][info][gc,heap        ] GC(151) ParOldGen: 15298K->15298K(2796544K)
[166.158s][info][gc,metaspace   ] GC(151) Metaspace: 59847K(68656K)->59847K(68656K) NonClass: 52145K(56752K)->52145K(56752K) Class: 7701K(11904K)->7701K(11904K)
[166.158s][info][gc             ] GC(151) Pause Young (Allocation Failure) 1377M->15M(4095M) 0.864ms
[166.158s][info][gc,cpu         ] GC(151) User=0.00s Sys=0.00s Real=0.00s
[168.125s][info][gc,start       ] GC(152) Pause Young (Allocation Failure)
[168.126s][info][gc,heap        ] GC(152) PSYoungGen: 1396288K->256K(1396736K)
[168.126s][info][gc,heap        ] GC(152) ParOldGen: 15298K->15674K(2796544K)
[168.126s][info][gc,metaspace   ] GC(152) Metaspace: 59847K(68656K)->59847K(68656K) NonClass: 52145K(56752K)->52145K(56752K) Class: 7701K(11904K)->7701K(11904K)
[168.126s][info][gc             ] GC(152) Pause Young (Allocation Failure) 1378M->15M(4095M) 0.822ms
[168.126s][info][gc,cpu         ] GC(152) User=0.00s Sys=0.00s Real=0.00s
[168.244s][info][gc,start       ] GC(153) Pause Young (System.gc())
[168.245s][info][gc,heap        ] GC(153) PSYoungGen: 94512K->256K(1396736K)
[168.245s][info][gc,heap        ] GC(153) ParOldGen: 15674K->15706K(2796544K)
[168.245s][info][gc,metaspace   ] GC(153) Metaspace: 59851K(68656K)->59851K(68656K) NonClass: 52149K(56752K)->52149K(56752K) Class: 7701K(11904K)->7701K(11904K)
[168.245s][info][gc             ] GC(153) Pause Young (System.gc()) 107M->15M(4095M) 0.788ms
[168.245s][info][gc,cpu         ] GC(153) User=0.02s Sys=0.00s Real=0.01s
[168.245s][info][gc,start       ] GC(154) Pause Full (System.gc())
[168.245s][info][gc,phases,start] GC(154) Marking Phase
[168.260s][info][gc,phases      ] GC(154) Marking Phase 15.019ms
[168.260s][info][gc,phases,start] GC(154) Summary Phase
[168.260s][info][gc,phases      ] GC(154) Summary Phase 0.009ms
[168.260s][info][gc,phases,start] GC(154) Adjust Roots
[168.269s][info][gc,phases      ] GC(154) Adjust Roots 9.066ms
[168.269s][info][gc,phases,start] GC(154) Compaction Phase
[168.273s][info][gc,phases      ] GC(154) Compaction Phase 3.415ms
[168.273s][info][gc,phases,start] GC(154) Post Compact
[168.273s][info][gc,phases      ] GC(154) Post Compact 0.626ms
[168.273s][info][gc,heap        ] GC(154) PSYoungGen: 256K->0K(1396736K)
[168.273s][info][gc,heap        ] GC(154) ParOldGen: 15706K->15274K(2796544K)
[168.273s][info][gc,metaspace   ] GC(154) Metaspace: 59851K(68656K)->59851K(68656K) NonClass: 52149K(56752K)->52149K(56752K) Class: 7701K(11904K)->7701K(11904K)
[168.273s][info][gc             ] GC(154) Pause Full (System.gc()) 15M->14M(4095M) 28.417ms
[168.274s][info][gc,cpu         ] GC(154) User=0.00s Sys=0.00s Real=0.02s
[170.278s][info][gc,start       ] GC(155) Pause Young (Allocation Failure)
[170.279s][info][gc,heap        ] GC(155) PSYoungGen: 1395712K->608K(1396736K)
[170.279s][info][gc,heap        ] GC(155) ParOldGen: 15274K->15274K(2796544K)
[170.279s][info][gc,metaspace   ] GC(155) Metaspace: 59864K(68656K)->59864K(68656K) NonClass: 52162K(56752K)->52162K(56752K) Class: 7701K(11904K)->7701K(11904K)
[170.279s][info][gc             ] GC(155) Pause Young (Allocation Failure) 1377M->15M(4095M) 0.874ms
[170.279s][info][gc,cpu         ] GC(155) User=0.00s Sys=0.00s Real=0.00s
[172.230s][info][gc,start       ] GC(156) Pause Young (Allocation Failure)
[172.231s][info][gc,heap        ] GC(156) PSYoungGen: 1396320K->224K(1396736K)
[172.231s][info][gc,heap        ] GC(156) ParOldGen: 15274K->15666K(2796544K)
[172.231s][info][gc,metaspace   ] GC(156) Metaspace: 59864K(68656K)->59864K(68656K) NonClass: 52162K(56752K)->52162K(56752K) Class: 7701K(11904K)->7701K(11904K)
[172.231s][info][gc             ] GC(156) Pause Young (Allocation Failure) 1378M->15M(4095M) 0.849ms
[172.231s][info][gc,cpu         ] GC(156) User=0.00s Sys=0.00s Real=0.00s
[172.346s][info][gc,start       ] GC(157) Pause Young (System.gc())
[172.347s][info][gc,heap        ] GC(157) PSYoungGen: 95719K->224K(1396736K)
[172.347s][info][gc,heap        ] GC(157) ParOldGen: 15666K->15706K(2796544K)
[172.347s][info][gc,metaspace   ] GC(157) Metaspace: 59864K(68656K)->59864K(68656K) NonClass: 52162K(56752K)->52162K(56752K) Class: 7701K(11904K)->7701K(11904K)
[172.347s][info][gc             ] GC(157) Pause Young (System.gc()) 108M->15M(4095M) 0.676ms
[172.347s][info][gc,cpu         ] GC(157) User=0.00s Sys=0.00s Real=0.00s
[172.347s][info][gc,start       ] GC(158) Pause Full (System.gc())
[172.347s][info][gc,phases,start] GC(158) Marking Phase
[172.362s][info][gc,phases      ] GC(158) Marking Phase 14.916ms
[172.362s][info][gc,phases,start] GC(158) Summary Phase
[172.362s][info][gc,phases      ] GC(158) Summary Phase 0.010ms
[172.362s][info][gc,phases,start] GC(158) Adjust Roots
[172.371s][info][gc,phases      ] GC(158) Adjust Roots 8.921ms
[172.371s][info][gc,phases,start] GC(158) Compaction Phase
[172.375s][info][gc,phases      ] GC(158) Compaction Phase 3.565ms
[172.375s][info][gc,phases,start] GC(158) Post Compact
[172.375s][info][gc,phases      ] GC(158) Post Compact 0.725ms
[172.375s][info][gc,heap        ] GC(158) PSYoungGen: 224K->0K(1396736K)
[172.375s][info][gc,heap        ] GC(158) ParOldGen: 15706K->15278K(2796544K)
[172.375s][info][gc,metaspace   ] GC(158) Metaspace: 59864K(68656K)->59864K(68656K) NonClass: 52162K(56752K)->52162K(56752K) Class: 7701K(11904K)->7701K(11904K)
[172.376s][info][gc             ] GC(158) Pause Full (System.gc()) 15M->14M(4095M) 28.455ms
[172.376s][info][gc,cpu         ] GC(158) User=0.03s Sys=0.00s Real=0.03s
[174.386s][info][gc,start       ] GC(159) Pause Young (Allocation Failure)
[174.387s][info][gc,heap        ] GC(159) PSYoungGen: 1395712K->704K(1396736K)
[174.387s][info][gc,heap        ] GC(159) ParOldGen: 15278K->15278K(2796544K)
[174.387s][info][gc,metaspace   ] GC(159) Metaspace: 59870K(68656K)->59870K(68656K) NonClass: 52169K(56752K)->52169K(56752K) Class: 7701K(11904K)->7701K(11904K)
[174.387s][info][gc             ] GC(159) Pause Young (Allocation Failure) 1377M->15M(4095M) 0.913ms
[174.387s][info][gc,cpu         ] GC(159) User=0.00s Sys=0.00s Real=0.00s
[176.360s][info][gc,start       ] GC(160) Pause Young (Allocation Failure)
[176.361s][info][gc,heap        ] GC(160) PSYoungGen: 1396416K->224K(1396736K)
[176.361s][info][gc,heap        ] GC(160) ParOldGen: 15278K->15662K(2796544K)
[176.361s][info][gc,metaspace   ] GC(160) Metaspace: 59870K(68656K)->59870K(68656K) NonClass: 52169K(56752K)->52169K(56752K) Class: 7701K(11904K)->7701K(11904K)
[176.361s][info][gc             ] GC(160) Pause Young (Allocation Failure) 1378M->15M(4095M) 0.931ms
[176.361s][info][gc,cpu         ] GC(160) User=0.00s Sys=0.00s Real=0.00s
[176.486s][info][gc,start       ] GC(161) Pause Young (System.gc())
[176.487s][info][gc,heap        ] GC(161) PSYoungGen: 91212K->256K(1396736K)
[176.487s][info][gc,heap        ] GC(161) ParOldGen: 15662K->15702K(2796544K)
[176.487s][info][gc,metaspace   ] GC(161) Metaspace: 59870K(68656K)->59870K(68656K) NonClass: 52169K(56752K)->52169K(56752K) Class: 7701K(11904K)->7701K(11904K)
[176.487s][info][gc             ] GC(161) Pause Young (System.gc()) 104M->15M(4095M) 0.812ms
[176.487s][info][gc,cpu         ] GC(161) User=0.00s Sys=0.00s Real=0.00s
[176.487s][info][gc,start       ] GC(162) Pause Full (System.gc())
[176.487s][info][gc,phases,start] GC(162) Marking Phase
[176.502s][info][gc,phases      ] GC(162) Marking Phase 14.517ms
[176.502s][info][gc,phases,start] GC(162) Summary Phase
[176.502s][info][gc,phases      ] GC(162) Summary Phase 0.009ms
[176.502s][info][gc,phases,start] GC(162) Adjust Roots
[176.511s][info][gc,phases      ] GC(162) Adjust Roots 8.885ms
[176.511s][info][gc,phases,start] GC(162) Compaction Phase
[176.515s][info][gc,phases      ] GC(162) Compaction Phase 3.666ms
[176.515s][info][gc,phases,start] GC(162) Post Compact
[176.515s][info][gc,phases      ] GC(162) Post Compact 0.638ms
[176.515s][info][gc,heap        ] GC(162) PSYoungGen: 256K->0K(1396736K)
[176.515s][info][gc,heap        ] GC(162) ParOldGen: 15702K->15271K(2796544K)
[176.515s][info][gc,metaspace   ] GC(162) Metaspace: 59870K(68656K)->59870K(68656K) NonClass: 52169K(56752K)->52169K(56752K) Class: 7701K(11904K)->7701K(11904K)
[176.515s][info][gc             ] GC(162) Pause Full (System.gc()) 15M->14M(4095M) 28.005ms
[176.515s][info][gc,cpu         ] GC(162) User=0.00s Sys=0.00s Real=0.03s
[178.536s][info][gc,start       ] GC(163) Pause Young (Allocation Failure)
[178.537s][info][gc,heap        ] GC(163) PSYoungGen: 1395712K->576K(1396736K)
[178.537s][info][gc,heap        ] GC(163) ParOldGen: 15271K->15271K(2796544K)
[178.537s][info][gc,metaspace   ] GC(163) Metaspace: 59877K(68656K)->59877K(68656K) NonClass: 52175K(56752K)->52175K(56752K) Class: 7701K(11904K)->7701K(11904K)
[178.537s][info][gc             ] GC(163) Pause Young (Allocation Failure) 1377M->15M(4095M) 0.891ms
[178.537s][info][gc,cpu         ] GC(163) User=0.00s Sys=0.00s Real=0.00s
[180.513s][info][gc,start       ] GC(164) Pause Young (Allocation Failure)
[180.514s][info][gc,heap        ] GC(164) PSYoungGen: 1396288K->192K(1396736K)
[180.514s][info][gc,heap        ] GC(164) ParOldGen: 15271K->15663K(2796544K)
[180.514s][info][gc,metaspace   ] GC(164) Metaspace: 59877K(68656K)->59877K(68656K) NonClass: 52175K(56752K)->52175K(56752K) Class: 7701K(11904K)->7701K(11904K)
[180.514s][info][gc             ] GC(164) Pause Young (Allocation Failure) 1378M->15M(4095M) 0.850ms
[180.514s][info][gc,cpu         ] GC(164) User=0.00s Sys=0.00s Real=0.00s
[180.649s][info][gc,start       ] GC(165) Pause Young (System.gc())
[180.649s][info][gc,heap        ] GC(165) PSYoungGen: 99412K->256K(1396736K)
[180.649s][info][gc,heap        ] GC(165) ParOldGen: 15663K->15695K(2796544K)
[180.649s][info][gc,metaspace   ] GC(165) Metaspace: 59877K(68656K)->59877K(68656K) NonClass: 52175K(56752K)->52175K(56752K) Class: 7701K(11904K)->7701K(11904K)
[180.649s][info][gc             ] GC(165) Pause Young (System.gc()) 112M->15M(4095M) 0.665ms
[180.649s][info][gc,cpu         ] GC(165) User=0.00s Sys=0.00s Real=0.00s
[180.649s][info][gc,start       ] GC(166) Pause Full (System.gc())
[180.649s][info][gc,phases,start] GC(166) Marking Phase
[180.664s][info][gc,phases      ] GC(166) Marking Phase 14.919ms
[180.664s][info][gc,phases,start] GC(166) Summary Phase
[180.664s][info][gc,phases      ] GC(166) Summary Phase 0.009ms
[180.664s][info][gc,phases,start] GC(166) Adjust Roots
[180.674s][info][gc,phases      ] GC(166) Adjust Roots 9.222ms
[180.674s][info][gc,phases,start] GC(166) Compaction Phase
[180.677s][info][gc,phases      ] GC(166) Compaction Phase 3.495ms
[180.677s][info][gc,phases,start] GC(166) Post Compact
[180.678s][info][gc,phases      ] GC(166) Post Compact 0.678ms
[180.678s][info][gc,heap        ] GC(166) PSYoungGen: 256K->0K(1396736K)
[180.678s][info][gc,heap        ] GC(166) ParOldGen: 15695K->15276K(2796544K)
[180.678s][info][gc,metaspace   ] GC(166) Metaspace: 59877K(68656K)->59877K(68656K) NonClass: 52175K(56752K)->52175K(56752K) Class: 7701K(11904K)->7701K(11904K)
[180.678s][info][gc             ] GC(166) Pause Full (System.gc()) 15M->14M(4095M) 28.661ms
[180.678s][info][gc,cpu         ] GC(166) User=0.02s Sys=0.00s Real=0.03s
[182.683s][info][gc,start       ] GC(167) Pause Young (Allocation Failure)
[182.684s][info][gc,heap        ] GC(167) PSYoungGen: 1395712K->608K(1396736K)
[182.684s][info][gc,heap        ] GC(167) ParOldGen: 15276K->15284K(2796544K)
[182.684s][info][gc,metaspace   ] GC(167) Metaspace: 59900K(68912K)->59900K(68912K) NonClass: 52198K(57008K)->52198K(57008K) Class: 7701K(11904K)->7701K(11904K)
[182.684s][info][gc             ] GC(167) Pause Young (Allocation Failure) 1377M->15M(4095M) 0.998ms
[182.684s][info][gc,cpu         ] GC(167) User=0.00s Sys=0.00s Real=0.00s
[184.801s][info][gc,start       ] GC(168) Pause Young (Allocation Failure)
[184.802s][info][gc,heap        ] GC(168) PSYoungGen: 1396320K->256K(1396736K)
[184.802s][info][gc,heap        ] GC(168) ParOldGen: 15284K->15636K(2796544K)
[184.802s][info][gc,metaspace   ] GC(168) Metaspace: 59900K(68912K)->59900K(68912K) NonClass: 52198K(57008K)->52198K(57008K) Class: 7701K(11904K)->7701K(11904K)
[184.802s][info][gc             ] GC(168) Pause Young (Allocation Failure) 1378M->15M(4095M) 0.892ms
[184.802s][info][gc,cpu         ] GC(168) User=0.00s Sys=0.00s Real=0.00s
[184.995s][info][gc,start       ] GC(169) Pause Young (System.gc())
[184.995s][info][gc,heap        ] GC(169) PSYoungGen: 82010K->288K(1396736K)
[184.995s][info][gc,heap        ] GC(169) ParOldGen: 15636K->15692K(2796544K)
[184.995s][info][gc,metaspace   ] GC(169) Metaspace: 59911K(68912K)->59911K(68912K) NonClass: 52209K(57008K)->52209K(57008K) Class: 7701K(11904K)->7701K(11904K)
[184.995s][info][gc             ] GC(169) Pause Young (System.gc()) 95M->15M(4095M) 0.729ms
[184.995s][info][gc,cpu         ] GC(169) User=0.00s Sys=0.00s Real=0.00s
[184.995s][info][gc,start       ] GC(170) Pause Full (System.gc())
[184.995s][info][gc,phases,start] GC(170) Marking Phase
[185.011s][info][gc,phases      ] GC(170) Marking Phase 15.632ms
[185.011s][info][gc,phases,start] GC(170) Summary Phase
[185.011s][info][gc,phases      ] GC(170) Summary Phase 0.010ms
[185.011s][info][gc,phases,start] GC(170) Adjust Roots
[185.020s][info][gc,phases      ] GC(170) Adjust Roots 9.039ms
[185.020s][info][gc,phases,start] GC(170) Compaction Phase
[185.023s][info][gc,phases      ] GC(170) Compaction Phase 3.346ms
[185.024s][info][gc,phases,start] GC(170) Post Compact
[185.024s][info][gc,phases      ] GC(170) Post Compact 0.613ms
[185.024s][info][gc,heap        ] GC(170) PSYoungGen: 288K->0K(1396736K)
[185.024s][info][gc,heap        ] GC(170) ParOldGen: 15692K->15356K(2796544K)
[185.024s][info][gc,metaspace   ] GC(170) Metaspace: 59911K(68912K)->59911K(68912K) NonClass: 52209K(57008K)->52209K(57008K) Class: 7701K(11904K)->7701K(11904K)
[185.024s][info][gc             ] GC(170) Pause Full (System.gc()) 15M->14M(4095M) 28.938ms
[185.024s][info][gc,cpu         ] GC(170) User=0.00s Sys=0.00s Real=0.03s
[187.012s][info][gc,start       ] GC(171) Pause Young (Allocation Failure)
[187.012s][info][gc,heap        ] GC(171) PSYoungGen: 1395712K->608K(1396736K)
[187.012s][info][gc,heap        ] GC(171) ParOldGen: 15356K->15364K(2796544K)
[187.012s][info][gc,metaspace   ] GC(171) Metaspace: 59929K(68912K)->59929K(68912K) NonClass: 52227K(57008K)->52227K(57008K) Class: 7701K(11904K)->7701K(11904K)
[187.012s][info][gc             ] GC(171) Pause Young (Allocation Failure) 1377M->15M(4095M) 0.895ms
[187.012s][info][gc,cpu         ] GC(171) User=0.00s Sys=0.00s Real=0.00s
[188.977s][info][gc,start       ] GC(172) Pause Young (Allocation Failure)
[188.978s][info][gc,heap        ] GC(172) PSYoungGen: 1396320K->256K(1396736K)
[188.978s][info][gc,heap        ] GC(172) ParOldGen: 15364K->15716K(2796544K)
[188.978s][info][gc,metaspace   ] GC(172) Metaspace: 59929K(68912K)->59929K(68912K) NonClass: 52227K(57008K)->52227K(57008K) Class: 7701K(11904K)->7701K(11904K)
[188.978s][info][gc             ] GC(172) Pause Young (Allocation Failure) 1378M->15M(4095M) 0.861ms
[188.978s][info][gc,cpu         ] GC(172) User=0.00s Sys=0.00s Real=0.00s
[189.109s][info][gc,start       ] GC(173) Pause Young (System.gc())
[189.109s][info][gc,heap        ] GC(173) PSYoungGen: 95554K->256K(1396736K)
[189.109s][info][gc,heap        ] GC(173) ParOldGen: 15716K->15764K(2796544K)
[189.109s][info][gc,metaspace   ] GC(173) Metaspace: 59933K(68912K)->59933K(68912K) NonClass: 52231K(57008K)->52231K(57008K) Class: 7701K(11904K)->7701K(11904K)
[189.109s][info][gc             ] GC(173) Pause Young (System.gc()) 108M->15M(4095M) 0.773ms
[189.109s][info][gc,cpu         ] GC(173) User=0.00s Sys=0.00s Real=0.00s
[189.109s][info][gc,start       ] GC(174) Pause Full (System.gc())
[189.109s][info][gc,phases,start] GC(174) Marking Phase
[189.124s][info][gc,phases      ] GC(174) Marking Phase 14.801ms
[189.124s][info][gc,phases,start] GC(174) Summary Phase
[189.124s][info][gc,phases      ] GC(174) Summary Phase 0.009ms
[189.124s][info][gc,phases,start] GC(174) Adjust Roots
[189.134s][info][gc,phases      ] GC(174) Adjust Roots 10.064ms
[189.134s][info][gc,phases,start] GC(174) Compaction Phase
[189.139s][info][gc,phases      ] GC(174) Compaction Phase 4.883ms
[189.139s][info][gc,phases,start] GC(174) Post Compact
[189.140s][info][gc,phases      ] GC(174) Post Compact 0.629ms
[189.140s][info][gc,heap        ] GC(174) PSYoungGen: 256K->0K(1396736K)
[189.140s][info][gc,heap        ] GC(174) ParOldGen: 15764K->15281K(2796544K)
[189.140s][info][gc,metaspace   ] GC(174) Metaspace: 59933K(68912K)->59933K(68912K) NonClass: 52231K(57008K)->52231K(57008K) Class: 7701K(11904K)->7701K(11904K)
[189.140s][info][gc             ] GC(174) Pause Full (System.gc()) 15M->14M(4095M) 30.683ms
[189.140s][info][gc,cpu         ] GC(174) User=0.02s Sys=0.00s Real=0.03s
[191.143s][info][gc,start       ] GC(175) Pause Young (Allocation Failure)
[191.144s][info][gc,heap        ] GC(175) PSYoungGen: 1395712K->608K(1396736K)
[191.144s][info][gc,heap        ] GC(175) ParOldGen: 15281K->15289K(2796544K)
[191.144s][info][gc,metaspace   ] GC(175) Metaspace: 60013K(68912K)->60013K(68912K) NonClass: 52311K(57008K)->52311K(57008K) Class: 7701K(11904K)->7701K(11904K)
[191.144s][info][gc             ] GC(175) Pause Young (Allocation Failure) 1377M->15M(4095M) 0.918ms
[191.144s][info][gc,cpu         ] GC(175) User=0.00s Sys=0.00s Real=0.00s
[193.097s][info][gc,start       ] GC(176) Pause Young (Allocation Failure)
[193.098s][info][gc,heap        ] GC(176) PSYoungGen: 1396320K->288K(1396736K)
[193.098s][info][gc,heap        ] GC(176) ParOldGen: 15289K->15673K(2796544K)
[193.098s][info][gc,metaspace   ] GC(176) Metaspace: 60013K(68912K)->60013K(68912K) NonClass: 52311K(57008K)->52311K(57008K) Class: 7701K(11904K)->7701K(11904K)
[193.098s][info][gc             ] GC(176) Pause Young (Allocation Failure) 1378M->15M(4095M) 0.973ms
[193.098s][info][gc,cpu         ] GC(176) User=0.00s Sys=0.00s Real=0.00s
[193.224s][info][gc,start       ] GC(177) Pause Young (System.gc())
[193.225s][info][gc,heap        ] GC(177) PSYoungGen: 85265K->256K(1396736K)
[193.225s][info][gc,heap        ] GC(177) ParOldGen: 15673K->15721K(2796544K)
[193.225s][info][gc,metaspace   ] GC(177) Metaspace: 60047K(68912K)->60047K(68912K) NonClass: 52345K(57008K)->52345K(57008K) Class: 7701K(11904K)->7701K(11904K)
[193.225s][info][gc             ] GC(177) Pause Young (System.gc()) 98M->15M(4095M) 0.709ms
[193.225s][info][gc,cpu         ] GC(177) User=0.00s Sys=0.00s Real=0.00s
[193.225s][info][gc,start       ] GC(178) Pause Full (System.gc())
[193.225s][info][gc,phases,start] GC(178) Marking Phase
[193.240s][info][gc,phases      ] GC(178) Marking Phase 14.637ms
[193.240s][info][gc,phases,start] GC(178) Summary Phase
[193.240s][info][gc,phases      ] GC(178) Summary Phase 0.009ms
[193.240s][info][gc,phases,start] GC(178) Adjust Roots
[193.249s][info][gc,phases      ] GC(178) Adjust Roots 9.244ms
[193.249s][info][gc,phases,start] GC(178) Compaction Phase
[193.252s][info][gc,phases      ] GC(178) Compaction Phase 3.334ms
[193.252s][info][gc,phases,start] GC(178) Post Compact
[193.253s][info][gc,phases      ] GC(178) Post Compact 0.700ms
[193.253s][info][gc,heap        ] GC(178) PSYoungGen: 256K->0K(1396736K)
[193.253s][info][gc,heap        ] GC(178) ParOldGen: 15721K->15281K(2796544K)
[193.253s][info][gc,metaspace   ] GC(178) Metaspace: 60047K(68912K)->60047K(68912K) NonClass: 52345K(57008K)->52345K(57008K) Class: 7701K(11904K)->7701K(11904K)
[193.253s][info][gc             ] GC(178) Pause Full (System.gc()) 15M->14M(4095M) 28.215ms
[193.253s][info][gc,cpu         ] GC(178) User=0.00s Sys=0.00s Real=0.03s
[195.274s][info][gc,start       ] GC(179) Pause Young (Allocation Failure)
[195.274s][info][gc,heap        ] GC(179) PSYoungGen: 1395712K->608K(1396736K)
[195.274s][info][gc,heap        ] GC(179) ParOldGen: 15281K->15281K(2796544K)
[195.275s][info][gc,metaspace   ] GC(179) Metaspace: 60207K(69168K)->60207K(69168K) NonClass: 52506K(57264K)->52506K(57264K) Class: 7701K(11904K)->7701K(11904K)
[195.275s][info][gc             ] GC(179) Pause Young (Allocation Failure) 1377M->15M(4095M) 0.952ms
[195.275s][info][gc,cpu         ] GC(179) User=0.00s Sys=0.00s Real=0.00s
[197.244s][info][gc,start       ] GC(180) Pause Young (Allocation Failure)
[197.245s][info][gc,heap        ] GC(180) PSYoungGen: 1396320K->224K(1396736K)
[197.245s][info][gc,heap        ] GC(180) ParOldGen: 15281K->15665K(2796544K)
[197.245s][info][gc,metaspace   ] GC(180) Metaspace: 60207K(69168K)->60207K(69168K) NonClass: 52506K(57264K)->52506K(57264K) Class: 7701K(11904K)->7701K(11904K)
[197.245s][info][gc             ] GC(180) Pause Young (Allocation Failure) 1378M->15M(4095M) 0.871ms
[197.245s][info][gc,cpu         ] GC(180) User=0.00s Sys=0.00s Real=0.00s
[197.372s][info][gc,start       ] GC(181) Pause Young (System.gc())
[197.373s][info][gc,heap        ] GC(181) PSYoungGen: 95365K->288K(1396736K)
[197.373s][info][gc,heap        ] GC(181) ParOldGen: 15665K->15705K(2796544K)
[197.373s][info][gc,metaspace   ] GC(181) Metaspace: 60216K(69168K)->60216K(69168K) NonClass: 52514K(57264K)->52514K(57264K) Class: 7701K(11904K)->7701K(11904K)
[197.373s][info][gc             ] GC(181) Pause Young (System.gc()) 108M->15M(4095M) 0.755ms
[197.373s][info][gc,cpu         ] GC(181) User=0.00s Sys=0.00s Real=0.00s
[197.373s][info][gc,start       ] GC(182) Pause Full (System.gc())
[197.373s][info][gc,phases,start] GC(182) Marking Phase
[197.388s][info][gc,phases      ] GC(182) Marking Phase 14.521ms
[197.388s][info][gc,phases,start] GC(182) Summary Phase
[197.388s][info][gc,phases      ] GC(182) Summary Phase 0.009ms
[197.388s][info][gc,phases,start] GC(182) Adjust Roots
[197.397s][info][gc,phases      ] GC(182) Adjust Roots 9.628ms
[197.397s][info][gc,phases,start] GC(182) Compaction Phase
[197.401s][info][gc,phases      ] GC(182) Compaction Phase 3.581ms
[197.401s][info][gc,phases,start] GC(182) Post Compact
[197.402s][info][gc,phases      ] GC(182) Post Compact 0.637ms
[197.402s][info][gc,heap        ] GC(182) PSYoungGen: 288K->0K(1396736K)
[197.402s][info][gc,heap        ] GC(182) ParOldGen: 15705K->15287K(2796544K)
[197.402s][info][gc,metaspace   ] GC(182) Metaspace: 60216K(69168K)->60216K(69168K) NonClass: 52514K(57264K)->52514K(57264K) Class: 7701K(11904K)->7701K(11904K)
[197.402s][info][gc             ] GC(182) Pause Full (System.gc()) 15M->14M(4095M) 28.661ms
[197.402s][info][gc,cpu         ] GC(182) User=0.00s Sys=0.00s Real=0.02s
[199.408s][info][gc,start       ] GC(183) Pause Young (Allocation Failure)
[199.409s][info][gc,heap        ] GC(183) PSYoungGen: 1395712K->640K(1396736K)
[199.409s][info][gc,heap        ] GC(183) ParOldGen: 15287K->15287K(2796544K)
[199.409s][info][gc,metaspace   ] GC(183) Metaspace: 60259K(69168K)->60259K(69168K) NonClass: 52557K(57264K)->52557K(57264K) Class: 7701K(11904K)->7701K(11904K)
[199.409s][info][gc             ] GC(183) Pause Young (Allocation Failure) 1377M->15M(4095M) 0.942ms
[199.409s][info][gc,cpu         ] GC(183) User=0.00s Sys=0.00s Real=0.00s
[201.378s][info][gc,start       ] GC(184) Pause Young (Allocation Failure)
[201.379s][info][gc,heap        ] GC(184) PSYoungGen: 1396352K->256K(1396736K)
[201.379s][info][gc,heap        ] GC(184) ParOldGen: 15287K->15671K(2796544K)
[201.379s][info][gc,metaspace   ] GC(184) Metaspace: 60259K(69168K)->60259K(69168K) NonClass: 52557K(57264K)->52557K(57264K) Class: 7701K(11904K)->7701K(11904K)
[201.379s][info][gc             ] GC(184) Pause Young (Allocation Failure) 1378M->15M(4095M) 0.944ms
[201.379s][info][gc,cpu         ] GC(184) User=0.00s Sys=0.00s Real=0.00s
[201.500s][info][gc,start       ] GC(185) Pause Young (System.gc())
[201.501s][info][gc,heap        ] GC(185) PSYoungGen: 97612K->256K(1396736K)
[201.501s][info][gc,heap        ] GC(185) ParOldGen: 15671K->15711K(2796544K)
[201.501s][info][gc,metaspace   ] GC(185) Metaspace: 60261K(69168K)->60261K(69168K) NonClass: 52559K(57264K)->52559K(57264K) Class: 7701K(11904K)->7701K(11904K)
[201.501s][info][gc             ] GC(185) Pause Young (System.gc()) 110M->15M(4095M) 0.651ms
[201.501s][info][gc,cpu         ] GC(185) User=0.00s Sys=0.00s Real=0.00s
[201.501s][info][gc,start       ] GC(186) Pause Full (System.gc())
[201.501s][info][gc,phases,start] GC(186) Marking Phase
[201.516s][info][gc,phases      ] GC(186) Marking Phase 15.123ms
[201.516s][info][gc,phases,start] GC(186) Summary Phase
[201.516s][info][gc,phases      ] GC(186) Summary Phase 0.009ms
[201.516s][info][gc,phases,start] GC(186) Adjust Roots
[201.526s][info][gc,phases      ] GC(186) Adjust Roots 9.605ms
[201.526s][info][gc,phases,start] GC(186) Compaction Phase
[201.530s][info][gc,phases      ] GC(186) Compaction Phase 3.909ms
[201.530s][info][gc,phases,start] GC(186) Post Compact
[201.531s][info][gc,phases      ] GC(186) Post Compact 0.647ms
[201.531s][info][gc,heap        ] GC(186) PSYoungGen: 256K->0K(1396736K)
[201.531s][info][gc,heap        ] GC(186) ParOldGen: 15711K->15286K(2796544K)
[201.531s][info][gc,metaspace   ] GC(186) Metaspace: 60261K(69168K)->60261K(69168K) NonClass: 52559K(57264K)->52559K(57264K) Class: 7701K(11904K)->7701K(11904K)
[201.531s][info][gc             ] GC(186) Pause Full (System.gc()) 15M->14M(4095M) 29.596ms
[201.531s][info][gc,cpu         ] GC(186) User=0.02s Sys=0.00s Real=0.03s
[203.538s][info][gc,start       ] GC(187) Pause Young (Allocation Failure)
[203.539s][info][gc,heap        ] GC(187) PSYoungGen: 1395712K->672K(1396736K)
[203.539s][info][gc,heap        ] GC(187) ParOldGen: 15286K->15294K(2796544K)
[203.539s][info][gc,metaspace   ] GC(187) Metaspace: 60278K(69168K)->60278K(69168K) NonClass: 52577K(57264K)->52577K(57264K) Class: 7701K(11904K)->7701K(11904K)
[203.539s][info][gc             ] GC(187) Pause Young (Allocation Failure) 1377M->15M(4095M) 0.945ms
[203.539s][info][gc,cpu         ] GC(187) User=0.00s Sys=0.00s Real=0.00s
[205.503s][info][gc,start       ] GC(188) Pause Young (Allocation Failure)
[205.504s][info][gc,heap        ] GC(188) PSYoungGen: 1396384K->256K(1396736K)
[205.504s][info][gc,heap        ] GC(188) ParOldGen: 15294K->15678K(2796544K)
[205.504s][info][gc,metaspace   ] GC(188) Metaspace: 60278K(69168K)->60278K(69168K) NonClass: 52577K(57264K)->52577K(57264K) Class: 7701K(11904K)->7701K(11904K)
[205.504s][info][gc             ] GC(188) Pause Young (Allocation Failure) 1378M->15M(4095M) 0.837ms
[205.504s][info][gc,cpu         ] GC(188) User=0.00s Sys=0.00s Real=0.00s
[205.640s][info][gc,start       ] GC(189) Pause Young (System.gc())
[205.641s][info][gc,heap        ] GC(189) PSYoungGen: 88694K->224K(1396736K)
[205.641s][info][gc,heap        ] GC(189) ParOldGen: 15678K->15726K(2796544K)
[205.641s][info][gc,metaspace   ] GC(189) Metaspace: 60278K(69168K)->60278K(69168K) NonClass: 52577K(57264K)->52577K(57264K) Class: 7701K(11904K)->7701K(11904K)
[205.641s][info][gc             ] GC(189) Pause Young (System.gc()) 101M->15M(4095M) 0.739ms
[205.641s][info][gc,cpu         ] GC(189) User=0.00s Sys=0.00s Real=0.00s
[205.641s][info][gc,start       ] GC(190) Pause Full (System.gc())
[205.641s][info][gc,phases,start] GC(190) Marking Phase
[205.655s][info][gc,phases      ] GC(190) Marking Phase 14.511ms
[205.655s][info][gc,phases,start] GC(190) Summary Phase
[205.655s][info][gc,phases      ] GC(190) Summary Phase 0.014ms
[205.655s][info][gc,phases,start] GC(190) Adjust Roots
[205.665s][info][gc,phases      ] GC(190) Adjust Roots 9.363ms
[205.665s][info][gc,phases,start] GC(190) Compaction Phase
[205.668s][info][gc,phases      ] GC(190) Compaction Phase 3.479ms
[205.668s][info][gc,phases,start] GC(190) Post Compact
[205.669s][info][gc,phases      ] GC(190) Post Compact 0.652ms
[205.669s][info][gc,heap        ] GC(190) PSYoungGen: 224K->0K(1396736K)
[205.669s][info][gc,heap        ] GC(190) ParOldGen: 15726K->15279K(2796544K)
[205.669s][info][gc,metaspace   ] GC(190) Metaspace: 60278K(69168K)->60278K(69168K) NonClass: 52577K(57264K)->52577K(57264K) Class: 7701K(11904K)->7701K(11904K)
[205.669s][info][gc             ] GC(190) Pause Full (System.gc()) 15M->14M(4095M) 28.315ms
[205.669s][info][gc,cpu         ] GC(190) User=0.02s Sys=0.00s Real=0.03s
[207.672s][info][gc,start       ] GC(191) Pause Young (Allocation Failure)
[207.673s][info][gc,heap        ] GC(191) PSYoungGen: 1395712K->576K(1396736K)
[207.673s][info][gc,heap        ] GC(191) ParOldGen: 15279K->15287K(2796544K)
[207.673s][info][gc,metaspace   ] GC(191) Metaspace: 60284K(69168K)->60284K(69168K) NonClass: 52582K(57264K)->52582K(57264K) Class: 7701K(11904K)->7701K(11904K)
[207.673s][info][gc             ] GC(191) Pause Young (Allocation Failure) 1377M->15M(4095M) 1.129ms
[207.673s][info][gc,cpu         ] GC(191) User=0.00s Sys=0.00s Real=0.00s
[209.632s][info][gc,start       ] GC(192) Pause Young (Allocation Failure)
[209.633s][info][gc,heap        ] GC(192) PSYoungGen: 1396288K->224K(1396736K)
[209.633s][info][gc,heap        ] GC(192) ParOldGen: 15287K->15671K(2796544K)
[209.633s][info][gc,metaspace   ] GC(192) Metaspace: 60284K(69168K)->60284K(69168K) NonClass: 52582K(57264K)->52582K(57264K) Class: 7701K(11904K)->7701K(11904K)
[209.633s][info][gc             ] GC(192) Pause Young (Allocation Failure) 1378M->15M(4095M) 0.859ms
[209.633s][info][gc,cpu         ] GC(192) User=0.00s Sys=0.00s Real=0.00s
[209.778s][info][gc,start       ] GC(193) Pause Young (System.gc())
[209.779s][info][gc,heap        ] GC(193) PSYoungGen: 101594K->256K(1396736K)
[209.779s][info][gc,heap        ] GC(193) ParOldGen: 15671K->15719K(2796544K)
[209.779s][info][gc,metaspace   ] GC(193) Metaspace: 60284K(69168K)->60284K(69168K) NonClass: 52582K(57264K)->52582K(57264K) Class: 7701K(11904K)->7701K(11904K)
[209.779s][info][gc             ] GC(193) Pause Young (System.gc()) 114M->15M(4095M) 0.808ms
[209.779s][info][gc,cpu         ] GC(193) User=0.00s Sys=0.00s Real=0.00s
[209.779s][info][gc,start       ] GC(194) Pause Full (System.gc())
[209.779s][info][gc,phases,start] GC(194) Marking Phase
[209.794s][info][gc,phases      ] GC(194) Marking Phase 15.082ms
[209.794s][info][gc,phases,start] GC(194) Summary Phase
[209.794s][info][gc,phases      ] GC(194) Summary Phase 0.009ms
[209.794s][info][gc,phases,start] GC(194) Adjust Roots
[209.803s][info][gc,phases      ] GC(194) Adjust Roots 9.389ms
[209.803s][info][gc,phases,start] GC(194) Compaction Phase
[209.807s][info][gc,phases      ] GC(194) Compaction Phase 3.770ms
[209.807s][info][gc,phases,start] GC(194) Post Compact
[209.808s][info][gc,phases      ] GC(194) Post Compact 0.681ms
[209.808s][info][gc,heap        ] GC(194) PSYoungGen: 256K->0K(1396736K)
[209.808s][info][gc,heap        ] GC(194) ParOldGen: 15719K->15286K(2796544K)
[209.808s][info][gc,metaspace   ] GC(194) Metaspace: 60284K(69168K)->60284K(69168K) NonClass: 52582K(57264K)->52582K(57264K) Class: 7701K(11904K)->7701K(11904K)
[209.808s][info][gc             ] GC(194) Pause Full (System.gc()) 15M->14M(4095M) 29.219ms
[209.808s][info][gc,cpu         ] GC(194) User=0.00s Sys=0.00s Real=0.03s
[211.827s][info][gc,start       ] GC(195) Pause Young (Allocation Failure)
[211.828s][info][gc,heap        ] GC(195) PSYoungGen: 1395712K->608K(1396736K)
[211.828s][info][gc,heap        ] GC(195) ParOldGen: 15286K->15286K(2796544K)
[211.828s][info][gc,metaspace   ] GC(195) Metaspace: 60293K(69168K)->60293K(69168K) NonClass: 52591K(57264K)->52591K(57264K) Class: 7701K(11904K)->7701K(11904K)
[211.828s][info][gc             ] GC(195) Pause Young (Allocation Failure) 1377M->15M(4095M) 0.859ms
[211.828s][info][gc,cpu         ] GC(195) User=0.00s Sys=0.00s Real=0.00s
[213.787s][info][gc,start       ] GC(196) Pause Young (Allocation Failure)
[213.787s][info][gc,heap        ] GC(196) PSYoungGen: 1396320K->224K(1396736K)
[213.788s][info][gc,heap        ] GC(196) ParOldGen: 15286K->15670K(2796544K)
[213.788s][info][gc,metaspace   ] GC(196) Metaspace: 60300K(69168K)->60300K(69168K) NonClass: 52598K(57264K)->52598K(57264K) Class: 7701K(11904K)->7701K(11904K)
[213.788s][info][gc             ] GC(196) Pause Young (Allocation Failure) 1378M->15M(4095M) 0.906ms
[213.788s][info][gc,cpu         ] GC(196) User=0.00s Sys=0.00s Real=0.00s
[213.910s][info][gc,start       ] GC(197) Pause Young (System.gc())
[213.911s][info][gc,heap        ] GC(197) PSYoungGen: 91558K->320K(1396736K)
[213.911s][info][gc,heap        ] GC(197) ParOldGen: 15670K->15710K(2796544K)
[213.911s][info][gc,metaspace   ] GC(197) Metaspace: 60304K(69168K)->60304K(69168K) NonClass: 52602K(57264K)->52602K(57264K) Class: 7701K(11904K)->7701K(11904K)
[213.911s][info][gc             ] GC(197) Pause Young (System.gc()) 104M->15M(4095M) 0.815ms
[213.911s][info][gc,cpu         ] GC(197) User=0.00s Sys=0.00s Real=0.00s
[213.911s][info][gc,start       ] GC(198) Pause Full (System.gc())
[213.911s][info][gc,phases,start] GC(198) Marking Phase
[213.926s][info][gc,phases      ] GC(198) Marking Phase 15.480ms
[213.926s][info][gc,phases,start] GC(198) Summary Phase
[213.926s][info][gc,phases      ] GC(198) Summary Phase 0.009ms
[213.926s][info][gc,phases,start] GC(198) Adjust Roots
[213.936s][info][gc,phases      ] GC(198) Adjust Roots 10.100ms
[213.936s][info][gc,phases,start] GC(198) Compaction Phase
[213.940s][info][gc,phases      ] GC(198) Compaction Phase 3.860ms
[213.940s][info][gc,phases,start] GC(198) Post Compact
[213.941s][info][gc,phases      ] GC(198) Post Compact 0.684ms
[213.941s][info][gc,heap        ] GC(198) PSYoungGen: 320K->0K(1396736K)
[213.941s][info][gc,heap        ] GC(198) ParOldGen: 15710K->15361K(2796544K)
[213.941s][info][gc,metaspace   ] GC(198) Metaspace: 60304K(69168K)->60304K(69168K) NonClass: 52602K(57264K)->52602K(57264K) Class: 7701K(11904K)->7701K(11904K)
[213.941s][info][gc             ] GC(198) Pause Full (System.gc()) 15M->15M(4095M) 30.433ms
[213.941s][info][gc,cpu         ] GC(198) User=0.02s Sys=0.00s Real=0.03s
[215.937s][info][gc,start       ] GC(199) Pause Young (Allocation Failure)
[215.938s][info][gc,heap        ] GC(199) PSYoungGen: 1395712K->608K(1396736K)
[215.938s][info][gc,heap        ] GC(199) ParOldGen: 15361K->15361K(2796544K)
[215.938s][info][gc,metaspace   ] GC(199) Metaspace: 60310K(69168K)->60310K(69168K) NonClass: 52608K(57264K)->52608K(57264K) Class: 7701K(11904K)->7701K(11904K)
[215.938s][info][gc             ] GC(199) Pause Young (Allocation Failure) 1378M->15M(4095M) 0.908ms
[215.938s][info][gc,cpu         ] GC(199) User=0.00s Sys=0.00s Real=0.00s
[217.903s][info][gc,start       ] GC(200) Pause Young (Allocation Failure)
[217.904s][info][gc,heap        ] GC(200) PSYoungGen: 1396320K->192K(1396736K)
[217.904s][info][gc,heap        ] GC(200) ParOldGen: 15361K->15713K(2796544K)
[217.904s][info][gc,metaspace   ] GC(200) Metaspace: 60310K(69168K)->60310K(69168K) NonClass: 52608K(57264K)->52608K(57264K) Class: 7701K(11904K)->7701K(11904K)
[217.904s][info][gc             ] GC(200) Pause Young (Allocation Failure) 1378M->15M(4095M) 0.840ms
[217.904s][info][gc,cpu         ] GC(200) User=0.00s Sys=0.00s Real=0.00s
[218.024s][info][gc,start       ] GC(201) Pause Young (System.gc())
[218.024s][info][gc,heap        ] GC(201) PSYoungGen: 87607K->288K(1396736K)
[218.024s][info][gc,heap        ] GC(201) ParOldGen: 15713K->15753K(2796544K)
[218.024s][info][gc,metaspace   ] GC(201) Metaspace: 60310K(69168K)->60310K(69168K) NonClass: 52608K(57264K)->52608K(57264K) Class: 7701K(11904K)->7701K(11904K)
[218.024s][info][gc             ] GC(201) Pause Young (System.gc()) 100M->15M(4095M) 0.771ms
[218.024s][info][gc,cpu         ] GC(201) User=0.00s Sys=0.00s Real=0.00s
[218.024s][info][gc,start       ] GC(202) Pause Full (System.gc())
[218.024s][info][gc,phases,start] GC(202) Marking Phase
[218.040s][info][gc,phases      ] GC(202) Marking Phase 15.332ms
[218.040s][info][gc,phases,start] GC(202) Summary Phase
[218.040s][info][gc,phases      ] GC(202) Summary Phase 0.009ms
[218.040s][info][gc,phases,start] GC(202) Adjust Roots
[218.049s][info][gc,phases      ] GC(202) Adjust Roots 9.628ms
[218.049s][info][gc,phases,start] GC(202) Compaction Phase
[218.053s][info][gc,phases      ] GC(202) Compaction Phase 3.329ms
[218.053s][info][gc,phases,start] GC(202) Post Compact
[218.054s][info][gc,phases      ] GC(202) Post Compact 0.679ms
[218.054s][info][gc,heap        ] GC(202) PSYoungGen: 288K->0K(1396736K)
[218.054s][info][gc,heap        ] GC(202) ParOldGen: 15753K->15320K(2796544K)
[218.054s][info][gc,metaspace   ] GC(202) Metaspace: 60310K(69168K)->60310K(69168K) NonClass: 52608K(57264K)->52608K(57264K) Class: 7701K(11904K)->7701K(11904K)
[218.054s][info][gc             ] GC(202) Pause Full (System.gc()) 15M->14M(4095M) 29.292ms
[218.054s][info][gc,cpu         ] GC(202) User=0.00s Sys=0.00s Real=0.03s
[220.049s][info][gc,start       ] GC(203) Pause Young (Allocation Failure)
[220.050s][info][gc,heap        ] GC(203) PSYoungGen: 1395712K->640K(1396736K)
[220.050s][info][gc,heap        ] GC(203) ParOldGen: 15320K->15320K(2796544K)
[220.050s][info][gc,metaspace   ] GC(203) Metaspace: 60312K(69168K)->60312K(69168K) NonClass: 52611K(57264K)->52611K(57264K) Class: 7701K(11904K)->7701K(11904K)
[220.050s][info][gc             ] GC(203) Pause Young (Allocation Failure) 1377M->15M(4095M) 0.891ms
[220.050s][info][gc,cpu         ] GC(203) User=0.00s Sys=0.00s Real=0.00s
[221.994s][info][gc,start       ] GC(204) Pause Young (Allocation Failure)
[221.995s][info][gc,heap        ] GC(204) PSYoungGen: 1396352K->224K(1396736K)
[221.995s][info][gc,heap        ] GC(204) ParOldGen: 15320K->15712K(2796544K)
[221.995s][info][gc,metaspace   ] GC(204) Metaspace: 60312K(69168K)->60312K(69168K) NonClass: 52611K(57264K)->52611K(57264K) Class: 7701K(11904K)->7701K(11904K)
[221.995s][info][gc             ] GC(204) Pause Young (Allocation Failure) 1378M->15M(4095M) 0.917ms
[221.995s][info][gc,cpu         ] GC(204) User=0.00s Sys=0.00s Real=0.00s
[222.117s][info][gc,start       ] GC(205) Pause Young (System.gc())
[222.118s][info][gc,heap        ] GC(205) PSYoungGen: 95691K->256K(1396736K)
[222.118s][info][gc,heap        ] GC(205) ParOldGen: 15712K->15752K(2796544K)
[222.118s][info][gc,metaspace   ] GC(205) Metaspace: 60312K(69168K)->60312K(69168K) NonClass: 52611K(57264K)->52611K(57264K) Class: 7701K(11904K)->7701K(11904K)
[222.118s][info][gc             ] GC(205) Pause Young (System.gc()) 108M->15M(4095M) 0.711ms
[222.118s][info][gc,cpu         ] GC(205) User=0.00s Sys=0.00s Real=0.00s
[222.118s][info][gc,start       ] GC(206) Pause Full (System.gc())
[222.118s][info][gc,phases,start] GC(206) Marking Phase
[222.133s][info][gc,phases      ] GC(206) Marking Phase 14.957ms
[222.133s][info][gc,phases,start] GC(206) Summary Phase
[222.133s][info][gc,phases      ] GC(206) Summary Phase 0.009ms
[222.133s][info][gc,phases,start] GC(206) Adjust Roots
[222.142s][info][gc,phases      ] GC(206) Adjust Roots 9.156ms
[222.142s][info][gc,phases,start] GC(206) Compaction Phase
[222.146s][info][gc,phases      ] GC(206) Compaction Phase 4.033ms
[222.146s][info][gc,phases,start] GC(206) Post Compact
[222.147s][info][gc,phases      ] GC(206) Post Compact 0.648ms
[222.147s][info][gc,heap        ] GC(206) PSYoungGen: 256K->0K(1396736K)
[222.147s][info][gc,heap        ] GC(206) ParOldGen: 15752K->15289K(2796544K)
[222.147s][info][gc,metaspace   ] GC(206) Metaspace: 60312K(69168K)->60312K(69168K) NonClass: 52611K(57264K)->52611K(57264K) Class: 7701K(11904K)->7701K(11904K)
[222.147s][info][gc             ] GC(206) Pause Full (System.gc()) 15M->14M(4095M) 29.089ms
[222.147s][info][gc,cpu         ] GC(206) User=0.00s Sys=0.00s Real=0.03s
[224.154s][info][gc,start       ] GC(207) Pause Young (Allocation Failure)
[224.155s][info][gc,heap        ] GC(207) PSYoungGen: 1395712K->608K(1396736K)
[224.155s][info][gc,heap        ] GC(207) ParOldGen: 15289K->15289K(2796544K)
[224.155s][info][gc,metaspace   ] GC(207) Metaspace: 60312K(69168K)->60312K(69168K) NonClass: 52611K(57264K)->52611K(57264K) Class: 7701K(11904K)->7701K(11904K)
[224.155s][info][gc             ] GC(207) Pause Young (Allocation Failure) 1377M->15M(4095M) 0.955ms
[224.155s][info][gc,cpu         ] GC(207) User=0.00s Sys=0.00s Real=0.00s
[226.116s][info][gc,start       ] GC(208) Pause Young (Allocation Failure)
[226.117s][info][gc,heap        ] GC(208) PSYoungGen: 1396320K->256K(1396736K)
[226.117s][info][gc,heap        ] GC(208) ParOldGen: 15289K->15681K(2796544K)
[226.117s][info][gc,metaspace   ] GC(208) Metaspace: 60312K(69168K)->60312K(69168K) NonClass: 52611K(57264K)->52611K(57264K) Class: 7701K(11904K)->7701K(11904K)
[226.117s][info][gc             ] GC(208) Pause Young (Allocation Failure) 1378M->15M(4095M) 0.857ms
[226.117s][info][gc,cpu         ] GC(208) User=0.00s Sys=0.00s Real=0.00s
[226.249s][info][gc,start       ] GC(209) Pause Young (System.gc())
[226.250s][info][gc,heap        ] GC(209) PSYoungGen: 98681K->224K(1396736K)
[226.250s][info][gc,heap        ] GC(209) ParOldGen: 15681K->15721K(2796544K)
[226.250s][info][gc,metaspace   ] GC(209) Metaspace: 60312K(69168K)->60312K(69168K) NonClass: 52611K(57264K)->52611K(57264K) Class: 7701K(11904K)->7701K(11904K)
[226.250s][info][gc             ] GC(209) Pause Young (System.gc()) 111M->15M(4095M) 0.750ms
[226.250s][info][gc,cpu         ] GC(209) User=0.00s Sys=0.00s Real=0.00s
[226.250s][info][gc,start       ] GC(210) Pause Full (System.gc())
[226.250s][info][gc,phases,start] GC(210) Marking Phase
[226.265s][info][gc,phases      ] GC(210) Marking Phase 14.719ms
[226.265s][info][gc,phases,start] GC(210) Summary Phase
[226.265s][info][gc,phases      ] GC(210) Summary Phase 0.009ms
[226.265s][info][gc,phases,start] GC(210) Adjust Roots
[226.274s][info][gc,phases      ] GC(210) Adjust Roots 9.338ms
[226.274s][info][gc,phases,start] GC(210) Compaction Phase
[226.278s][info][gc,phases      ] GC(210) Compaction Phase 4.131ms
[226.278s][info][gc,phases,start] GC(210) Post Compact
[226.279s][info][gc,phases      ] GC(210) Post Compact 0.677ms
[226.279s][info][gc,heap        ] GC(210) PSYoungGen: 224K->0K(1396736K)
[226.279s][info][gc,heap        ] GC(210) ParOldGen: 15721K->15290K(2796544K)
[226.279s][info][gc,metaspace   ] GC(210) Metaspace: 60312K(69168K)->60312K(69168K) NonClass: 52611K(57264K)->52611K(57264K) Class: 7701K(11904K)->7701K(11904K)
[226.279s][info][gc             ] GC(210) Pause Full (System.gc()) 15M->14M(4095M) 29.164ms
[226.279s][info][gc,cpu         ] GC(210) User=0.02s Sys=0.00s Real=0.03s
[228.287s][info][gc,start       ] GC(211) Pause Young (Allocation Failure)
[228.288s][info][gc,heap        ] GC(211) PSYoungGen: 1395712K->640K(1396736K)
[228.288s][info][gc,heap        ] GC(211) ParOldGen: 15290K->15290K(2796544K)
[228.288s][info][gc,metaspace   ] GC(211) Metaspace: 60316K(69168K)->60316K(69168K) NonClass: 52614K(57264K)->52614K(57264K) Class: 7701K(11904K)->7701K(11904K)
[228.288s][info][gc             ] GC(211) Pause Young (Allocation Failure) 1377M->15M(4095M) 0.870ms
[228.288s][info][gc,cpu         ] GC(211) User=0.00s Sys=0.00s Real=0.00s
[230.284s][info][gc,start       ] GC(212) Pause Young (Allocation Failure)
[230.285s][info][gc,heap        ] GC(212) PSYoungGen: 1396352K->256K(1396736K)
[230.285s][info][gc,heap        ] GC(212) ParOldGen: 15290K->15674K(2796544K)
[230.285s][info][gc,metaspace   ] GC(212) Metaspace: 60316K(69168K)->60316K(69168K) NonClass: 52614K(57264K)->52614K(57264K) Class: 7701K(11904K)->7701K(11904K)
[230.285s][info][gc             ] GC(212) Pause Young (Allocation Failure) 1378M->15M(4095M) 0.988ms
[230.285s][info][gc,cpu         ] GC(212) User=0.00s Sys=0.00s Real=0.00s
[230.394s][info][gc,start       ] GC(213) Pause Young (System.gc())
[230.395s][info][gc,heap        ] GC(213) PSYoungGen: 86863K->224K(1396736K)
[230.395s][info][gc,heap        ] GC(213) ParOldGen: 15674K->15722K(2796544K)
[230.395s][info][gc,metaspace   ] GC(213) Metaspace: 60316K(69168K)->60316K(69168K) NonClass: 52614K(57264K)->52614K(57264K) Class: 7701K(11904K)->7701K(11904K)
[230.395s][info][gc             ] GC(213) Pause Young (System.gc()) 100M->15M(4095M) 0.705ms
[230.395s][info][gc,cpu         ] GC(213) User=0.00s Sys=0.00s Real=0.00s
[230.395s][info][gc,start       ] GC(214) Pause Full (System.gc())
[230.395s][info][gc,phases,start] GC(214) Marking Phase
[230.410s][info][gc,phases      ] GC(214) Marking Phase 14.711ms
[230.410s][info][gc,phases,start] GC(214) Summary Phase
[230.410s][info][gc,phases      ] GC(214) Summary Phase 0.009ms
[230.410s][info][gc,phases,start] GC(214) Adjust Roots
[230.419s][info][gc,phases      ] GC(214) Adjust Roots 9.456ms
[230.419s][info][gc,phases,start] GC(214) Compaction Phase
[230.423s][info][gc,phases      ] GC(214) Compaction Phase 3.631ms
[230.423s][info][gc,phases,start] GC(214) Post Compact
[230.424s][info][gc,phases      ] GC(214) Post Compact 0.614ms
[230.424s][info][gc,heap        ] GC(214) PSYoungGen: 224K->0K(1396736K)
[230.424s][info][gc,heap        ] GC(214) ParOldGen: 15722K->15292K(2796544K)
[230.424s][info][gc,metaspace   ] GC(214) Metaspace: 60316K(69168K)->60316K(69168K) NonClass: 52614K(57264K)->52614K(57264K) Class: 7701K(11904K)->7701K(11904K)
[230.424s][info][gc             ] GC(214) Pause Full (System.gc()) 15M->14M(4095M) 28.702ms
[230.424s][info][gc,cpu         ] GC(214) User=0.02s Sys=0.00s Real=0.02s
[232.444s][info][gc,start       ] GC(215) Pause Young (Allocation Failure)
[232.445s][info][gc,heap        ] GC(215) PSYoungGen: 1395712K->704K(1396736K)
[232.445s][info][gc,heap        ] GC(215) ParOldGen: 15292K->15292K(2796544K)
[232.445s][info][gc,metaspace   ] GC(215) Metaspace: 60316K(69168K)->60316K(69168K) NonClass: 52615K(57264K)->52615K(57264K) Class: 7701K(11904K)->7701K(11904K)
[232.445s][info][gc             ] GC(215) Pause Young (Allocation Failure) 1377M->15M(4095M) 0.955ms
[232.445s][info][gc,cpu         ] GC(215) User=0.00s Sys=0.00s Real=0.00s
[234.417s][info][gc,start       ] GC(216) Pause Young (Allocation Failure)
[234.418s][info][gc,heap        ] GC(216) PSYoungGen: 1396416K->256K(1396736K)
[234.418s][info][gc,heap        ] GC(216) ParOldGen: 15292K->15684K(2796544K)
[234.418s][info][gc,metaspace   ] GC(216) Metaspace: 60316K(69168K)->60316K(69168K) NonClass: 52615K(57264K)->52615K(57264K) Class: 7701K(11904K)->7701K(11904K)
[234.418s][info][gc             ] GC(216) Pause Young (Allocation Failure) 1378M->15M(4095M) 0.838ms
[234.418s][info][gc,cpu         ] GC(216) User=0.00s Sys=0.00s Real=0.00s
[234.530s][info][gc,start       ] GC(217) Pause Young (System.gc())
[234.530s][info][gc,heap        ] GC(217) PSYoungGen: 93941K->320K(1396736K)
[234.530s][info][gc,heap        ] GC(217) ParOldGen: 15684K->15732K(2796544K)
[234.530s][info][gc,metaspace   ] GC(217) Metaspace: 60317K(69168K)->60317K(69168K) NonClass: 52615K(57264K)->52615K(57264K) Class: 7701K(11904K)->7701K(11904K)
[234.530s][info][gc             ] GC(217) Pause Young (System.gc()) 107M->15M(4095M) 0.750ms
[234.530s][info][gc,cpu         ] GC(217) User=0.00s Sys=0.00s Real=0.00s
[234.530s][info][gc,start       ] GC(218) Pause Full (System.gc())
[234.530s][info][gc,phases,start] GC(218) Marking Phase
[234.545s][info][gc,phases      ] GC(218) Marking Phase 14.597ms
[234.545s][info][gc,phases,start] GC(218) Summary Phase
[234.545s][info][gc,phases      ] GC(218) Summary Phase 0.009ms
[234.545s][info][gc,phases,start] GC(218) Adjust Roots
[234.555s][info][gc,phases      ] GC(218) Adjust Roots 9.678ms
[234.555s][info][gc,phases,start] GC(218) Compaction Phase
[234.559s][info][gc,phases      ] GC(218) Compaction Phase 3.970ms
[234.559s][info][gc,phases,start] GC(218) Post Compact
[234.559s][info][gc,phases      ] GC(218) Post Compact 0.674ms
[234.560s][info][gc,heap        ] GC(218) PSYoungGen: 320K->0K(1396736K)
[234.560s][info][gc,heap        ] GC(218) ParOldGen: 15732K->15355K(2796544K)
[234.560s][info][gc,metaspace   ] GC(218) Metaspace: 60317K(69168K)->60317K(69168K) NonClass: 52615K(57264K)->52615K(57264K) Class: 7701K(11904K)->7701K(11904K)
[234.560s][info][gc             ] GC(218) Pause Full (System.gc()) 15M->14M(4095M) 29.240ms
[234.560s][info][gc,cpu         ] GC(218) User=0.02s Sys=0.00s Real=0.03s
[236.576s][info][gc,start       ] GC(219) Pause Young (Allocation Failure)
[236.577s][info][gc,heap        ] GC(219) PSYoungGen: 1395712K->576K(1396736K)
[236.577s][info][gc,heap        ] GC(219) ParOldGen: 15355K->15363K(2796544K)
[236.577s][info][gc,metaspace   ] GC(219) Metaspace: 60324K(69168K)->60324K(69168K) NonClass: 52622K(57264K)->52622K(57264K) Class: 7701K(11904K)->7701K(11904K)
[236.577s][info][gc             ] GC(219) Pause Young (Allocation Failure) 1377M->15M(4095M) 0.935ms
[236.577s][info][gc,cpu         ] GC(219) User=0.00s Sys=0.00s Real=0.00s
[238.538s][info][gc,start       ] GC(220) Pause Young (Allocation Failure)
[238.538s][info][gc,heap        ] GC(220) PSYoungGen: 1396288K->192K(1396736K)
[238.538s][info][gc,heap        ] GC(220) ParOldGen: 15363K->15707K(2796544K)
[238.538s][info][gc,metaspace   ] GC(220) Metaspace: 60326K(69168K)->60326K(69168K) NonClass: 52624K(57264K)->52624K(57264K) Class: 7701K(11904K)->7701K(11904K)
[238.538s][info][gc             ] GC(220) Pause Young (Allocation Failure) 1378M->15M(4095M) 0.825ms
[238.538s][info][gc,cpu         ] GC(220) User=0.00s Sys=0.00s Real=0.00s
[238.659s][info][gc,start       ] GC(221) Pause Young (System.gc())
[238.660s][info][gc,heap        ] GC(221) PSYoungGen: 91360K->256K(1396736K)
[238.660s][info][gc,heap        ] GC(221) ParOldGen: 15707K->15739K(2796544K)
[238.660s][info][gc,metaspace   ] GC(221) Metaspace: 60326K(69168K)->60326K(69168K) NonClass: 52624K(57264K)->52624K(57264K) Class: 7701K(11904K)->7701K(11904K)
[238.660s][info][gc             ] GC(221) Pause Young (System.gc()) 104M->15M(4095M) 0.821ms
[238.660s][info][gc,cpu         ] GC(221) User=0.00s Sys=0.00s Real=0.00s
[238.660s][info][gc,start       ] GC(222) Pause Full (System.gc())
[238.660s][info][gc,phases,start] GC(222) Marking Phase
[238.676s][info][gc,phases      ] GC(222) Marking Phase 15.592ms
[238.676s][info][gc,phases,start] GC(222) Summary Phase
[238.676s][info][gc,phases      ] GC(222) Summary Phase 0.009ms
[238.676s][info][gc,phases,start] GC(222) Adjust Roots
[238.685s][info][gc,phases      ] GC(222) Adjust Roots 9.583ms
[238.685s][info][gc,phases,start] GC(222) Compaction Phase
[238.689s][info][gc,phases      ] GC(222) Compaction Phase 3.508ms
[238.689s][info][gc,phases,start] GC(222) Post Compact
[238.689s][info][gc,phases      ] GC(222) Post Compact 0.670ms
[238.689s][info][gc,heap        ] GC(222) PSYoungGen: 256K->0K(1396736K)
[238.690s][info][gc,heap        ] GC(222) ParOldGen: 15739K->15298K(2796544K)
[238.690s][info][gc,metaspace   ] GC(222) Metaspace: 60326K(69168K)->60326K(69168K) NonClass: 52624K(57264K)->52624K(57264K) Class: 7701K(11904K)->7701K(11904K)
[238.690s][info][gc             ] GC(222) Pause Full (System.gc()) 15M->14M(4095M) 29.644ms
[238.690s][info][gc,cpu         ] GC(222) User=0.02s Sys=0.00s Real=0.03s
[240.694s][info][gc,start       ] GC(223) Pause Young (Allocation Failure)
[240.695s][info][gc,heap        ] GC(223) PSYoungGen: 1395712K->576K(1396736K)
[240.695s][info][gc,heap        ] GC(223) ParOldGen: 15298K->15306K(2796544K)
[240.695s][info][gc,metaspace   ] GC(223) Metaspace: 60340K(69168K)->60340K(69168K) NonClass: 52638K(57264K)->52638K(57264K) Class: 7701K(11904K)->7701K(11904K)
[240.695s][info][gc             ] GC(223) Pause Young (Allocation Failure) 1377M->15M(4095M) 0.845ms
[240.695s][info][gc,cpu         ] GC(223) User=0.00s Sys=0.00s Real=0.00s
[242.673s][info][gc,start       ] GC(224) Pause Young (Allocation Failure)
[242.674s][info][gc,heap        ] GC(224) PSYoungGen: 1396288K->256K(1396736K)
[242.674s][info][gc,heap        ] GC(224) ParOldGen: 15306K->15682K(2796544K)
[242.674s][info][gc,metaspace   ] GC(224) Metaspace: 60340K(69168K)->60340K(69168K) NonClass: 52638K(57264K)->52638K(57264K) Class: 7701K(11904K)->7701K(11904K)
[242.674s][info][gc             ] GC(224) Pause Young (Allocation Failure) 1378M->15M(4095M) 0.925ms
[242.674s][info][gc,cpu         ] GC(224) User=0.00s Sys=0.00s Real=0.00s
[242.798s][info][gc,start       ] GC(225) Pause Young (System.gc())
[242.799s][info][gc,heap        ] GC(225) PSYoungGen: 82955K->224K(1396736K)
[242.799s][info][gc,heap        ] GC(225) ParOldGen: 15682K->15730K(2796544K)
[242.799s][info][gc,metaspace   ] GC(225) Metaspace: 60344K(69168K)->60344K(69168K) NonClass: 52643K(57264K)->52643K(57264K) Class: 7701K(11904K)->7701K(11904K)
[242.799s][info][gc             ] GC(225) Pause Young (System.gc()) 96M->15M(4095M) 0.778ms
[242.799s][info][gc,cpu         ] GC(225) User=0.00s Sys=0.00s Real=0.00s
[242.799s][info][gc,start       ] GC(226) Pause Full (System.gc())
[242.799s][info][gc,phases,start] GC(226) Marking Phase
[242.813s][info][gc,phases      ] GC(226) Marking Phase 14.779ms
[242.814s][info][gc,phases,start] GC(226) Summary Phase
[242.814s][info][gc,phases      ] GC(226) Summary Phase 0.009ms
[242.814s][info][gc,phases,start] GC(226) Adjust Roots
[242.824s][info][gc,phases      ] GC(226) Adjust Roots 10.122ms
[242.824s][info][gc,phases,start] GC(226) Compaction Phase
[242.829s][info][gc,phases      ] GC(226) Compaction Phase 5.287ms
[242.829s][info][gc,phases,start] GC(226) Post Compact
[242.830s][info][gc,phases      ] GC(226) Post Compact 0.607ms
[242.830s][info][gc,heap        ] GC(226) PSYoungGen: 224K->0K(1396736K)
[242.830s][info][gc,heap        ] GC(226) ParOldGen: 15730K->15291K(2796544K)
[242.830s][info][gc,metaspace   ] GC(226) Metaspace: 60344K(69168K)->60344K(69168K) NonClass: 52643K(57264K)->52643K(57264K) Class: 7701K(11904K)->7701K(11904K)
[242.830s][info][gc             ] GC(226) Pause Full (System.gc()) 15M->14M(4095M) 31.090ms
[242.830s][info][gc,cpu         ] GC(226) User=0.02s Sys=0.00s Real=0.03s
[244.832s][info][gc,start       ] GC(227) Pause Young (Allocation Failure)
[244.833s][info][gc,heap        ] GC(227) PSYoungGen: 1395712K->640K(1396736K)
[244.833s][info][gc,heap        ] GC(227) ParOldGen: 15291K->15291K(2796544K)
[244.833s][info][gc,metaspace   ] GC(227) Metaspace: 60347K(69168K)->60347K(69168K) NonClass: 52645K(57264K)->52645K(57264K) Class: 7701K(11904K)->7701K(11904K)
[244.833s][info][gc             ] GC(227) Pause Young (Allocation Failure) 1377M->15M(4095M) 0.907ms
[244.833s][info][gc,cpu         ] GC(227) User=0.00s Sys=0.00s Real=0.00s
[247.015s][info][gc,start       ] GC(228) Pause Young (Allocation Failure)
[247.016s][info][gc,heap        ] GC(228) PSYoungGen: 1396352K->224K(1396736K)
[247.016s][info][gc,heap        ] GC(228) ParOldGen: 15291K->15619K(2796544K)
[247.016s][info][gc,metaspace   ] GC(228) Metaspace: 60347K(69168K)->60347K(69168K) NonClass: 52645K(57264K)->52645K(57264K) Class: 7701K(11904K)->7701K(11904K)
[247.016s][info][gc             ] GC(228) Pause Young (Allocation Failure) 1378M->15M(4095M) 0.891ms
[247.016s][info][gc,cpu         ] GC(228) User=0.00s Sys=0.00s Real=0.00s
[247.186s][info][gc,start       ] GC(229) Pause Young (System.gc())
[247.186s][info][gc,heap        ] GC(229) PSYoungGen: 88549K->224K(1396736K)
[247.186s][info][gc,heap        ] GC(229) ParOldGen: 15619K->15667K(2796544K)
[247.186s][info][gc,metaspace   ] GC(229) Metaspace: 60347K(69168K)->60347K(69168K) NonClass: 52645K(57264K)->52645K(57264K) Class: 7701K(11904K)->7701K(11904K)
[247.186s][info][gc             ] GC(229) Pause Young (System.gc()) 101M->15M(4095M) 0.737ms
[247.186s][info][gc,cpu         ] GC(229) User=0.00s Sys=0.00s Real=0.00s
[247.186s][info][gc,start       ] GC(230) Pause Full (System.gc())
[247.186s][info][gc,phases,start] GC(230) Marking Phase
[247.202s][info][gc,phases      ] GC(230) Marking Phase 15.353ms
[247.202s][info][gc,phases,start] GC(230) Summary Phase
[247.202s][info][gc,phases      ] GC(230) Summary Phase 0.013ms
[247.202s][info][gc,phases,start] GC(230) Adjust Roots
[247.211s][info][gc,phases      ] GC(230) Adjust Roots 9.439ms
[247.211s][info][gc,phases,start] GC(230) Compaction Phase
[247.217s][info][gc,phases      ] GC(230) Compaction Phase 5.477ms
[247.217s][info][gc,phases,start] GC(230) Post Compact
[247.218s][info][gc,phases      ] GC(230) Post Compact 0.748ms
[247.218s][info][gc,heap        ] GC(230) PSYoungGen: 224K->0K(1396736K)
[247.218s][info][gc,heap        ] GC(230) ParOldGen: 15667K->15287K(2796544K)
[247.218s][info][gc,metaspace   ] GC(230) Metaspace: 60347K(69168K)->60347K(69168K) NonClass: 52645K(57264K)->52645K(57264K) Class: 7701K(11904K)->7701K(11904K)
[247.218s][info][gc             ] GC(230) Pause Full (System.gc()) 15M->14M(4095M) 31.344ms
[247.218s][info][gc,cpu         ] GC(230) User=0.00s Sys=0.00s Real=0.03s
[249.224s][info][gc,start       ] GC(231) Pause Young (Allocation Failure)
[249.225s][info][gc,heap        ] GC(231) PSYoungGen: 1395712K->672K(1396736K)
[249.225s][info][gc,heap        ] GC(231) ParOldGen: 15287K->15287K(2796544K)
[249.225s][info][gc,metaspace   ] GC(231) Metaspace: 60348K(69168K)->60348K(69168K) NonClass: 52646K(57264K)->52646K(57264K) Class: 7701K(11904K)->7701K(11904K)
[249.225s][info][gc             ] GC(231) Pause Young (Allocation Failure) 1377M->15M(4095M) 0.868ms
[249.225s][info][gc,cpu         ] GC(231) User=0.00s Sys=0.00s Real=0.00s
[251.193s][info][gc,start       ] GC(232) Pause Young (Allocation Failure)
[251.194s][info][gc,heap        ] GC(232) PSYoungGen: 1396384K->224K(1396736K)
[251.194s][info][gc,heap        ] GC(232) ParOldGen: 15287K->15671K(2796544K)
[251.194s][info][gc,metaspace   ] GC(232) Metaspace: 60348K(69168K)->60348K(69168K) NonClass: 52646K(57264K)->52646K(57264K) Class: 7701K(11904K)->7701K(11904K)
[251.194s][info][gc             ] GC(232) Pause Young (Allocation Failure) 1378M->15M(4095M) 0.868ms
[251.194s][info][gc,cpu         ] GC(232) User=0.00s Sys=0.00s Real=0.00s
[251.306s][info][gc,start       ] GC(233) Pause Young (System.gc())
[251.307s][info][gc,heap        ] GC(233) PSYoungGen: 88928K->256K(1396736K)
[251.307s][info][gc,heap        ] GC(233) ParOldGen: 15671K->15719K(2796544K)
[251.307s][info][gc,metaspace   ] GC(233) Metaspace: 60348K(69168K)->60348K(69168K) NonClass: 52646K(57264K)->52646K(57264K) Class: 7701K(11904K)->7701K(11904K)
[251.307s][info][gc             ] GC(233) Pause Young (System.gc()) 102M->15M(4095M) 0.709ms
[251.307s][info][gc,cpu         ] GC(233) User=0.00s Sys=0.00s Real=0.00s
[251.307s][info][gc,start       ] GC(234) Pause Full (System.gc())
[251.307s][info][gc,phases,start] GC(234) Marking Phase
[251.321s][info][gc,phases      ] GC(234) Marking Phase 14.543ms
[251.322s][info][gc,phases,start] GC(234) Summary Phase
[251.322s][info][gc,phases      ] GC(234) Summary Phase 0.009ms
[251.322s][info][gc,phases,start] GC(234) Adjust Roots
[251.331s][info][gc,phases      ] GC(234) Adjust Roots 9.733ms
[251.331s][info][gc,phases,start] GC(234) Compaction Phase
[251.335s][info][gc,phases      ] GC(234) Compaction Phase 3.350ms
[251.335s][info][gc,phases,start] GC(234) Post Compact
[251.335s][info][gc,phases      ] GC(234) Post Compact 0.602ms
[251.335s][info][gc,heap        ] GC(234) PSYoungGen: 256K->0K(1396736K)
[251.335s][info][gc,heap        ] GC(234) ParOldGen: 15719K->15294K(2796544K)
[251.335s][info][gc,metaspace   ] GC(234) Metaspace: 60348K(69168K)->60348K(69168K) NonClass: 52646K(57264K)->52646K(57264K) Class: 7701K(11904K)->7701K(11904K)
[251.335s][info][gc             ] GC(234) Pause Full (System.gc()) 15M->14M(4095M) 28.513ms
[251.335s][info][gc,cpu         ] GC(234) User=0.00s Sys=0.00s Real=0.02s
[253.549s][info][gc,start       ] GC(235) Pause Young (Allocation Failure)
[253.550s][info][gc,heap        ] GC(235) PSYoungGen: 1395712K->672K(1396736K)
[253.550s][info][gc,heap        ] GC(235) ParOldGen: 15294K->15294K(2796544K)
[253.550s][info][gc,metaspace   ] GC(235) Metaspace: 60349K(69168K)->60349K(69168K) NonClass: 52647K(57264K)->52647K(57264K) Class: 7701K(11904K)->7701K(11904K)
[253.550s][info][gc             ] GC(235) Pause Young (Allocation Failure) 1377M->15M(4095M) 0.901ms
[253.550s][info][gc,cpu         ] GC(235) User=0.00s Sys=0.00s Real=0.00s
[255.516s][info][gc,start       ] GC(236) Pause Young (Allocation Failure)
[255.517s][info][gc,heap        ] GC(236) PSYoungGen: 1396384K->224K(1396736K)
[255.517s][info][gc,heap        ] GC(236) ParOldGen: 15294K->15638K(2796544K)
[255.517s][info][gc,metaspace   ] GC(236) Metaspace: 60350K(69168K)->60350K(69168K) NonClass: 52648K(57264K)->52648K(57264K) Class: 7701K(11904K)->7701K(11904K)
[255.517s][info][gc             ] GC(236) Pause Young (Allocation Failure) 1378M->15M(4095M) 0.903ms
[255.517s][info][gc,cpu         ] GC(236) User=0.00s Sys=0.00s Real=0.00s
[255.653s][info][gc,start       ] GC(237) Pause Young (System.gc())
[255.654s][info][gc,heap        ] GC(237) PSYoungGen: 84234K->224K(1396736K)
[255.654s][info][gc,heap        ] GC(237) ParOldGen: 15638K->15694K(2796544K)
[255.654s][info][gc,metaspace   ] GC(237) Metaspace: 60350K(69168K)->60350K(69168K) NonClass: 52648K(57264K)->52648K(57264K) Class: 7701K(11904K)->7701K(11904K)
[255.654s][info][gc             ] GC(237) Pause Young (System.gc()) 97M->15M(4095M) 0.782ms
[255.654s][info][gc,cpu         ] GC(237) User=0.00s Sys=0.00s Real=0.00s
[255.654s][info][gc,start       ] GC(238) Pause Full (System.gc())
[255.654s][info][gc,phases,start] GC(238) Marking Phase
[255.669s][info][gc,phases      ] GC(238) Marking Phase 15.162ms
[255.669s][info][gc,phases,start] GC(238) Summary Phase
[255.669s][info][gc,phases      ] GC(238) Summary Phase 0.010ms
[255.669s][info][gc,phases,start] GC(238) Adjust Roots
[255.679s][info][gc,phases      ] GC(238) Adjust Roots 9.785ms
[255.679s][info][gc,phases,start] GC(238) Compaction Phase
[255.682s][info][gc,phases      ] GC(238) Compaction Phase 3.162ms
[255.682s][info][gc,phases,start] GC(238) Post Compact
[255.683s][info][gc,phases      ] GC(238) Post Compact 0.579ms
[255.683s][info][gc,heap        ] GC(238) PSYoungGen: 224K->0K(1396736K)
[255.683s][info][gc,heap        ] GC(238) ParOldGen: 15694K->15282K(2796544K)
[255.683s][info][gc,metaspace   ] GC(238) Metaspace: 60350K(69168K)->60350K(69168K) NonClass: 52648K(57264K)->52648K(57264K) Class: 7701K(11904K)->7701K(11904K)
[255.683s][info][gc             ] GC(238) Pause Full (System.gc()) 15M->14M(4095M) 28.983ms
[255.683s][info][gc,cpu         ] GC(238) User=0.00s Sys=0.00s Real=0.03s
[257.704s][info][gc,start       ] GC(239) Pause Young (Allocation Failure)
[257.704s][info][gc,heap        ] GC(239) PSYoungGen: 1395712K->544K(1396736K)
[257.704s][info][gc,heap        ] GC(239) ParOldGen: 15282K->15282K(2796544K)
[257.704s][info][gc,metaspace   ] GC(239) Metaspace: 60354K(69168K)->60354K(69168K) NonClass: 52653K(57264K)->52653K(57264K) Class: 7701K(11904K)->7701K(11904K)
[257.704s][info][gc             ] GC(239) Pause Young (Allocation Failure) 1377M->15M(4095M) 0.841ms
[257.704s][info][gc,cpu         ] GC(239) User=0.00s Sys=0.00s Real=0.00s
[259.680s][info][gc,start       ] GC(240) Pause Young (Allocation Failure)
[259.680s][info][gc,heap        ] GC(240) PSYoungGen: 1396256K->288K(1396736K)
[259.681s][info][gc,heap        ] GC(240) ParOldGen: 15282K->15682K(2796544K)
[259.681s][info][gc,metaspace   ] GC(240) Metaspace: 60359K(69168K)->60359K(69168K) NonClass: 52657K(57264K)->52657K(57264K) Class: 7701K(11904K)->7701K(11904K)
[259.681s][info][gc             ] GC(240) Pause Young (Allocation Failure) 1378M->15M(4095M) 0.909ms
[259.681s][info][gc,cpu         ] GC(240) User=0.00s Sys=0.00s Real=0.00s
[259.824s][info][gc,start       ] GC(241) Pause Young (System.gc())
[259.825s][info][gc,heap        ] GC(241) PSYoungGen: 86702K->288K(1396736K)
[259.825s][info][gc,heap        ] GC(241) ParOldGen: 15682K->15730K(2796544K)
[259.825s][info][gc,metaspace   ] GC(241) Metaspace: 60360K(69168K)->60360K(69168K) NonClass: 52659K(57264K)->52659K(57264K) Class: 7701K(11904K)->7701K(11904K)
[259.825s][info][gc             ] GC(241) Pause Young (System.gc()) 99M->15M(4095M) 0.771ms
[259.825s][info][gc,cpu         ] GC(241) User=0.00s Sys=0.00s Real=0.00s
[259.825s][info][gc,start       ] GC(242) Pause Full (System.gc())
[259.825s][info][gc,phases,start] GC(242) Marking Phase
[259.839s][info][gc,phases      ] GC(242) Marking Phase 14.443ms
[259.839s][info][gc,phases,start] GC(242) Summary Phase
[259.839s][info][gc,phases      ] GC(242) Summary Phase 0.009ms
[259.839s][info][gc,phases,start] GC(242) Adjust Roots
[259.849s][info][gc,phases      ] GC(242) Adjust Roots 9.490ms
[259.849s][info][gc,phases,start] GC(242) Compaction Phase
[259.853s][info][gc,phases      ] GC(242) Compaction Phase 3.892ms
[259.853s][info][gc,phases,start] GC(242) Post Compact
[259.853s][info][gc,phases      ] GC(242) Post Compact 0.703ms
[259.853s][info][gc,heap        ] GC(242) PSYoungGen: 288K->0K(1396736K)
[259.853s][info][gc,heap        ] GC(242) ParOldGen: 15730K->15325K(2796544K)
[259.853s][info][gc,metaspace   ] GC(242) Metaspace: 60360K(69168K)->60360K(69168K) NonClass: 52659K(57264K)->52659K(57264K) Class: 7701K(11904K)->7701K(11904K)
[259.854s][info][gc             ] GC(242) Pause Full (System.gc()) 15M->14M(4095M) 28.840ms
[259.854s][info][gc,cpu         ] GC(242) User=0.02s Sys=0.00s Real=0.02s
[261.853s][info][gc,start       ] GC(243) Pause Young (Allocation Failure)
[261.854s][info][gc,heap        ] GC(243) PSYoungGen: 1395712K->640K(1396736K)
[261.854s][info][gc,heap        ] GC(243) ParOldGen: 15325K->15325K(2796544K)
[261.854s][info][gc,metaspace   ] GC(243) Metaspace: 60362K(69168K)->60362K(69168K) NonClass: 52660K(57264K)->52660K(57264K) Class: 7701K(11904K)->7701K(11904K)
[261.854s][info][gc             ] GC(243) Pause Young (Allocation Failure) 1377M->15M(4095M) 0.883ms
[261.854s][info][gc,cpu         ] GC(243) User=0.00s Sys=0.00s Real=0.00s
[263.804s][info][gc,start       ] GC(244) Pause Young (Allocation Failure)
[263.806s][info][gc,heap        ] GC(244) PSYoungGen: 1396352K->224K(1396736K)
[263.806s][info][gc,heap        ] GC(244) ParOldGen: 15325K->15717K(2796544K)
[263.806s][info][gc,metaspace   ] GC(244) Metaspace: 60362K(69168K)->60362K(69168K) NonClass: 52660K(57264K)->52660K(57264K) Class: 7701K(11904K)->7701K(11904K)
[263.806s][info][gc             ] GC(244) Pause Young (Allocation Failure) 1378M->15M(4095M) 1.380ms
[263.806s][info][gc,cpu         ] GC(244) User=0.00s Sys=0.00s Real=0.00s
[263.926s][info][gc,start       ] GC(245) Pause Young (System.gc())
[263.927s][info][gc,heap        ] GC(245) PSYoungGen: 93698K->256K(1396736K)
[263.927s][info][gc,heap        ] GC(245) ParOldGen: 15717K->15765K(2796544K)
[263.927s][info][gc,metaspace   ] GC(245) Metaspace: 60362K(69168K)->60362K(69168K) NonClass: 52660K(57264K)->52660K(57264K) Class: 7701K(11904K)->7701K(11904K)
[263.927s][info][gc             ] GC(245) Pause Young (System.gc()) 106M->15M(4095M) 0.703ms
[263.927s][info][gc,cpu         ] GC(245) User=0.00s Sys=0.00s Real=0.00s
[263.927s][info][gc,start       ] GC(246) Pause Full (System.gc())
[263.927s][info][gc,phases,start] GC(246) Marking Phase
[263.942s][info][gc,phases      ] GC(246) Marking Phase 14.764ms
[263.942s][info][gc,phases,start] GC(246) Summary Phase
[263.942s][info][gc,phases      ] GC(246) Summary Phase 0.010ms
[263.942s][info][gc,phases,start] GC(246) Adjust Roots
[263.951s][info][gc,phases      ] GC(246) Adjust Roots 9.446ms
[263.951s][info][gc,phases,start] GC(246) Compaction Phase
[263.955s][info][gc,phases      ] GC(246) Compaction Phase 3.631ms
[263.955s][info][gc,phases,start] GC(246) Post Compact
[263.956s][info][gc,phases      ] GC(246) Post Compact 0.693ms
[263.956s][info][gc,heap        ] GC(246) PSYoungGen: 256K->0K(1396736K)
[263.956s][info][gc,heap        ] GC(246) ParOldGen: 15765K->15293K(2796544K)
[263.956s][info][gc,metaspace   ] GC(246) Metaspace: 60362K(69168K)->60362K(69168K) NonClass: 52660K(57264K)->52660K(57264K) Class: 7701K(11904K)->7701K(11904K)
[263.956s][info][gc             ] GC(246) Pause Full (System.gc()) 15M->14M(4095M) 28.854ms
[263.956s][info][gc,cpu         ] GC(246) User=0.00s Sys=0.00s Real=0.03s
[266.001s][info][gc,start       ] GC(247) Pause Young (Allocation Failure)
[266.001s][info][gc,heap        ] GC(247) PSYoungGen: 1395712K->608K(1396736K)
[266.001s][info][gc,heap        ] GC(247) ParOldGen: 15293K->15301K(2796544K)
[266.001s][info][gc,metaspace   ] GC(247) Metaspace: 60363K(69168K)->60363K(69168K) NonClass: 52662K(57264K)->52662K(57264K) Class: 7701K(11904K)->7701K(11904K)
[266.001s][info][gc             ] GC(247) Pause Young (Allocation Failure) 1377M->15M(4095M) 0.923ms
[266.002s][info][gc,cpu         ] GC(247) User=0.00s Sys=0.00s Real=0.00s
[267.998s][info][gc,start       ] GC(248) Pause Young (Allocation Failure)
[267.999s][info][gc,heap        ] GC(248) PSYoungGen: 1396320K->224K(1396736K)
[267.999s][info][gc,heap        ] GC(248) ParOldGen: 15301K->15693K(2796544K)
[267.999s][info][gc,metaspace   ] GC(248) Metaspace: 60364K(69168K)->60364K(69168K) NonClass: 52662K(57264K)->52662K(57264K) Class: 7701K(11904K)->7701K(11904K)
[267.999s][info][gc             ] GC(248) Pause Young (Allocation Failure) 1378M->15M(4095M) 0.823ms
[267.999s][info][gc,cpu         ] GC(248) User=0.00s Sys=0.00s Real=0.00s
[268.118s][info][gc,start       ] GC(249) Pause Young (System.gc())
[268.119s][info][gc,heap        ] GC(249) PSYoungGen: 87874K->288K(1396736K)
[268.119s][info][gc,heap        ] GC(249) ParOldGen: 15693K->15741K(2796544K)
[268.119s][info][gc,metaspace   ] GC(249) Metaspace: 60364K(69168K)->60364K(69168K) NonClass: 52663K(57264K)->52663K(57264K) Class: 7701K(11904K)->7701K(11904K)
[268.119s][info][gc             ] GC(249) Pause Young (System.gc()) 101M->15M(4095M) 0.827ms
[268.119s][info][gc,cpu         ] GC(249) User=0.00s Sys=0.00s Real=0.00s
[268.119s][info][gc,start       ] GC(250) Pause Full (System.gc())
[268.119s][info][gc,phases,start] GC(250) Marking Phase
[268.134s][info][gc,phases      ] GC(250) Marking Phase 14.413ms
[268.134s][info][gc,phases,start] GC(250) Summary Phase
[268.134s][info][gc,phases      ] GC(250) Summary Phase 0.009ms
[268.134s][info][gc,phases,start] GC(250) Adjust Roots
[268.142s][info][gc,phases      ] GC(250) Adjust Roots 8.694ms
[268.142s][info][gc,phases,start] GC(250) Compaction Phase
[268.146s][info][gc,phases      ] GC(250) Compaction Phase 3.669ms
[268.146s][info][gc,phases,start] GC(250) Post Compact
[268.147s][info][gc,phases      ] GC(250) Post Compact 0.666ms
[268.147s][info][gc,heap        ] GC(250) PSYoungGen: 288K->0K(1396736K)
[268.147s][info][gc,heap        ] GC(250) ParOldGen: 15741K->15353K(2796544K)
[268.147s][info][gc,metaspace   ] GC(250) Metaspace: 60364K(69168K)->60364K(69168K) NonClass: 52663K(57264K)->52663K(57264K) Class: 7701K(11904K)->7701K(11904K)
[268.147s][info][gc             ] GC(250) Pause Full (System.gc()) 15M->14M(4095M) 27.759ms
[268.147s][info][gc,cpu         ] GC(250) User=0.03s Sys=0.00s Real=0.03s
[270.135s][info][gc,start       ] GC(251) Pause Young (Allocation Failure)
[270.136s][info][gc,heap        ] GC(251) PSYoungGen: 1395712K->608K(1396736K)
[270.136s][info][gc,heap        ] GC(251) ParOldGen: 15353K->15353K(2796544K)
[270.136s][info][gc,metaspace   ] GC(251) Metaspace: 60366K(69168K)->60366K(69168K) NonClass: 52664K(57264K)->52664K(57264K) Class: 7701K(11904K)->7701K(11904K)
[270.136s][info][gc             ] GC(251) Pause Young (Allocation Failure) 1377M->15M(4095M) 0.921ms
[270.136s][info][gc,cpu         ] GC(251) User=0.00s Sys=0.00s Real=0.00s
[272.077s][info][gc,start       ] GC(252) Pause Young (Allocation Failure)
[272.078s][info][gc,heap        ] GC(252) PSYoungGen: 1396320K->256K(1396736K)
[272.078s][info][gc,heap        ] GC(252) ParOldGen: 15353K->15729K(2796544K)
[272.078s][info][gc,metaspace   ] GC(252) Metaspace: 60366K(69168K)->60366K(69168K) NonClass: 52664K(57264K)->52664K(57264K) Class: 7701K(11904K)->7701K(11904K)
[272.078s][info][gc             ] GC(252) Pause Young (Allocation Failure) 1378M->15M(4095M) 0.970ms
[272.078s][info][gc,cpu         ] GC(252) User=0.00s Sys=0.00s Real=0.00s
[272.202s][info][gc,start       ] GC(253) Pause Young (System.gc())
[272.203s][info][gc,heap        ] GC(253) PSYoungGen: 82478K->256K(1396736K)
[272.203s][info][gc,heap        ] GC(253) ParOldGen: 15729K->15777K(2796544K)
[272.203s][info][gc,metaspace   ] GC(253) Metaspace: 60366K(69168K)->60366K(69168K) NonClass: 52664K(57264K)->52664K(57264K) Class: 7701K(11904K)->7701K(11904K)
[272.203s][info][gc             ] GC(253) Pause Young (System.gc()) 95M->15M(4095M) 0.785ms
[272.203s][info][gc,cpu         ] GC(253) User=0.00s Sys=0.00s Real=0.00s
[272.203s][info][gc,start       ] GC(254) Pause Full (System.gc())
[272.203s][info][gc,phases,start] GC(254) Marking Phase
[272.218s][info][gc,phases      ] GC(254) Marking Phase 14.534ms
[272.218s][info][gc,phases,start] GC(254) Summary Phase
[272.218s][info][gc,phases      ] GC(254) Summary Phase 0.009ms
[272.218s][info][gc,phases,start] GC(254) Adjust Roots
[272.227s][info][gc,phases      ] GC(254) Adjust Roots 8.941ms
[272.227s][info][gc,phases,start] GC(254) Compaction Phase
[272.233s][info][gc,phases      ] GC(254) Compaction Phase 6.320ms
[272.233s][info][gc,phases,start] GC(254) Post Compact
[272.234s][info][gc,phases      ] GC(254) Post Compact 0.620ms
[272.234s][info][gc,heap        ] GC(254) PSYoungGen: 256K->0K(1396736K)
[272.234s][info][gc,heap        ] GC(254) ParOldGen: 15777K->15329K(2796544K)
[272.234s][info][gc,metaspace   ] GC(254) Metaspace: 60366K(69168K)->60366K(69168K) NonClass: 52664K(57264K)->52664K(57264K) Class: 7701K(11904K)->7701K(11904K)
[272.234s][info][gc             ] GC(254) Pause Full (System.gc()) 15M->14M(4095M) 30.701ms
[272.234s][info][gc,cpu         ] GC(254) User=0.02s Sys=0.00s Real=0.03s
[274.251s][info][gc,start       ] GC(255) Pause Young (Allocation Failure)
[274.252s][info][gc,heap        ] GC(255) PSYoungGen: 1395712K->640K(1396736K)
[274.252s][info][gc,heap        ] GC(255) ParOldGen: 15329K->15329K(2796544K)
[274.252s][info][gc,metaspace   ] GC(255) Metaspace: 60372K(69168K)->60372K(69168K) NonClass: 52671K(57264K)->52671K(57264K) Class: 7701K(11904K)->7701K(11904K)
[274.252s][info][gc             ] GC(255) Pause Young (Allocation Failure) 1377M->15M(4095M) 0.985ms
[274.252s][info][gc,cpu         ] GC(255) User=0.02s Sys=0.00s Real=0.02s
[276.227s][info][gc,start       ] GC(256) Pause Young (Allocation Failure)
[276.228s][info][gc,heap        ] GC(256) PSYoungGen: 1396352K->256K(1396736K)
[276.228s][info][gc,heap        ] GC(256) ParOldGen: 15329K->15729K(2796544K)
[276.228s][info][gc,metaspace   ] GC(256) Metaspace: 60373K(69168K)->60373K(69168K) NonClass: 52672K(57264K)->52672K(57264K) Class: 7701K(11904K)->7701K(11904K)
[276.228s][info][gc             ] GC(256) Pause Young (Allocation Failure) 1378M->15M(4095M) 0.856ms
[276.228s][info][gc,cpu         ] GC(256) User=0.00s Sys=0.00s Real=0.00s
[276.341s][info][gc,start       ] GC(257) Pause Young (System.gc())
[276.342s][info][gc,heap        ] GC(257) PSYoungGen: 95239K->288K(1396736K)
[276.342s][info][gc,heap        ] GC(257) ParOldGen: 15729K->15777K(2796544K)
[276.342s][info][gc,metaspace   ] GC(257) Metaspace: 60374K(69168K)->60374K(69168K) NonClass: 52672K(57264K)->52672K(57264K) Class: 7701K(11904K)->7701K(11904K)
[276.342s][info][gc             ] GC(257) Pause Young (System.gc()) 108M->15M(4095M) 0.798ms
[276.342s][info][gc,cpu         ] GC(257) User=0.00s Sys=0.00s Real=0.00s
[276.342s][info][gc,start       ] GC(258) Pause Full (System.gc())
[276.342s][info][gc,phases,start] GC(258) Marking Phase
[276.357s][info][gc,phases      ] GC(258) Marking Phase 14.459ms
[276.357s][info][gc,phases,start] GC(258) Summary Phase
[276.357s][info][gc,phases      ] GC(258) Summary Phase 0.009ms
[276.357s][info][gc,phases,start] GC(258) Adjust Roots
[276.366s][info][gc,phases      ] GC(258) Adjust Roots 8.946ms
[276.366s][info][gc,phases,start] GC(258) Compaction Phase
[276.370s][info][gc,phases      ] GC(258) Compaction Phase 3.890ms
[276.370s][info][gc,phases,start] GC(258) Post Compact
[276.370s][info][gc,phases      ] GC(258) Post Compact 0.647ms
[276.370s][info][gc,heap        ] GC(258) PSYoungGen: 288K->0K(1396736K)
[276.370s][info][gc,heap        ] GC(258) ParOldGen: 15777K->15317K(2796544K)
[276.370s][info][gc,metaspace   ] GC(258) Metaspace: 60374K(69168K)->60374K(69168K) NonClass: 52672K(57264K)->52672K(57264K) Class: 7701K(11904K)->7701K(11904K)
[276.370s][info][gc             ] GC(258) Pause Full (System.gc()) 15M->14M(4095M) 28.259ms
[276.370s][info][gc,cpu         ] GC(258) User=0.00s Sys=0.00s Real=0.03s
[278.376s][info][gc,start       ] GC(259) Pause Young (Allocation Failure)
[278.377s][info][gc,heap        ] GC(259) PSYoungGen: 1395712K->672K(1396736K)
[278.377s][info][gc,heap        ] GC(259) ParOldGen: 15317K->15317K(2796544K)
[278.377s][info][gc,metaspace   ] GC(259) Metaspace: 60394K(69168K)->60394K(69168K) NonClass: 52693K(57264K)->52693K(57264K) Class: 7701K(11904K)->7701K(11904K)
[278.377s][info][gc             ] GC(259) Pause Young (Allocation Failure) 1377M->15M(4095M) 0.886ms
[278.377s][info][gc,cpu         ] GC(259) User=0.00s Sys=0.00s Real=0.00s
[280.338s][info][gc,start       ] GC(260) Pause Young (Allocation Failure)
[280.339s][info][gc,heap        ] GC(260) PSYoungGen: 1396384K->192K(1396736K)
[280.339s][info][gc,heap        ] GC(260) ParOldGen: 15317K->15725K(2796544K)
[280.339s][info][gc,metaspace   ] GC(260) Metaspace: 60427K(69424K)->60427K(69424K) NonClass: 52725K(57520K)->52725K(57520K) Class: 7701K(11904K)->7701K(11904K)
[280.339s][info][gc             ] GC(260) Pause Young (Allocation Failure) 1378M->15M(4095M) 0.874ms
[280.339s][info][gc,cpu         ] GC(260) User=0.00s Sys=0.00s Real=0.00s
[280.457s][info][gc,start       ] GC(261) Pause Young (System.gc())
[280.458s][info][gc,heap        ] GC(261) PSYoungGen: 87193K->320K(1396736K)
[280.458s][info][gc,heap        ] GC(261) ParOldGen: 15725K->15765K(2796544K)
[280.458s][info][gc,metaspace   ] GC(261) Metaspace: 60433K(69424K)->60433K(69424K) NonClass: 52731K(57520K)->52731K(57520K) Class: 7701K(11904K)->7701K(11904K)
[280.458s][info][gc             ] GC(261) Pause Young (System.gc()) 100M->15M(4095M) 0.747ms
[280.458s][info][gc,cpu         ] GC(261) User=0.00s Sys=0.00s Real=0.00s
[280.458s][info][gc,start       ] GC(262) Pause Full (System.gc())
[280.458s][info][gc,phases,start] GC(262) Marking Phase
[280.472s][info][gc,phases      ] GC(262) Marking Phase 14.736ms
[280.472s][info][gc,phases,start] GC(262) Summary Phase
[280.472s][info][gc,phases      ] GC(262) Summary Phase 0.010ms
[280.472s][info][gc,phases,start] GC(262) Adjust Roots
[280.481s][info][gc,phases      ] GC(262) Adjust Roots 8.889ms
[280.481s][info][gc,phases,start] GC(262) Compaction Phase
[280.485s][info][gc,phases      ] GC(262) Compaction Phase 3.818ms
[280.485s][info][gc,phases,start] GC(262) Post Compact
[280.486s][info][gc,phases      ] GC(262) Post Compact 0.647ms
[280.486s][info][gc,heap        ] GC(262) PSYoungGen: 320K->0K(1396736K)
[280.486s][info][gc,heap        ] GC(262) ParOldGen: 15765K->15348K(2796544K)
[280.486s][info][gc,metaspace   ] GC(262) Metaspace: 60433K(69424K)->60433K(69424K) NonClass: 52731K(57520K)->52731K(57520K) Class: 7701K(11904K)->7701K(11904K)
[280.486s][info][gc             ] GC(262) Pause Full (System.gc()) 15M->14M(4095M) 28.359ms
[280.486s][info][gc,cpu         ] GC(262) User=0.03s Sys=0.00s Real=0.03s
[282.500s][info][gc,start       ] GC(263) Pause Young (Allocation Failure)
[282.501s][info][gc,heap        ] GC(263) PSYoungGen: 1395712K->576K(1396736K)
[282.501s][info][gc,heap        ] GC(263) ParOldGen: 15348K->15356K(2796544K)
[282.501s][info][gc,metaspace   ] GC(263) Metaspace: 60466K(69424K)->60466K(69424K) NonClass: 52765K(57520K)->52765K(57520K) Class: 7701K(11904K)->7701K(11904K)
[282.501s][info][gc             ] GC(263) Pause Young (Allocation Failure) 1377M->15M(4095M) 0.883ms
[282.501s][info][gc,cpu         ] GC(263) User=0.00s Sys=0.00s Real=0.00s
[284.467s][info][gc,start       ] GC(264) Pause Young (Allocation Failure)
[284.468s][info][gc,heap        ] GC(264) PSYoungGen: 1396288K->256K(1396736K)
[284.468s][info][gc,heap        ] GC(264) ParOldGen: 15356K->15732K(2796544K)
[284.468s][info][gc,metaspace   ] GC(264) Metaspace: 60466K(69424K)->60466K(69424K) NonClass: 52765K(57520K)->52765K(57520K) Class: 7701K(11904K)->7701K(11904K)
[284.468s][info][gc             ] GC(264) Pause Young (Allocation Failure) 1378M->15M(4095M) 0.881ms
[284.468s][info][gc,cpu         ] GC(264) User=0.00s Sys=0.00s Real=0.00s
[284.585s][info][gc,start       ] GC(265) Pause Young (System.gc())
[284.586s][info][gc,heap        ] GC(265) PSYoungGen: 89192K->256K(1396736K)
[284.586s][info][gc,heap        ] GC(265) ParOldGen: 15732K->15780K(2796544K)
[284.586s][info][gc,metaspace   ] GC(265) Metaspace: 60477K(69424K)->60477K(69424K) NonClass: 52776K(57520K)->52776K(57520K) Class: 7701K(11904K)->7701K(11904K)
[284.586s][info][gc             ] GC(265) Pause Young (System.gc()) 102M->15M(4095M) 0.770ms
[284.586s][info][gc,cpu         ] GC(265) User=0.00s Sys=0.00s Real=0.00s
[284.586s][info][gc,start       ] GC(266) Pause Full (System.gc())
[284.586s][info][gc,phases,start] GC(266) Marking Phase
[284.601s][info][gc,phases      ] GC(266) Marking Phase 14.621ms
[284.601s][info][gc,phases,start] GC(266) Summary Phase
[284.601s][info][gc,phases      ] GC(266) Summary Phase 0.009ms
[284.601s][info][gc,phases,start] GC(266) Adjust Roots
[284.610s][info][gc,phases      ] GC(266) Adjust Roots 8.994ms
[284.610s][info][gc,phases,start] GC(266) Compaction Phase
[284.614s][info][gc,phases      ] GC(266) Compaction Phase 3.765ms
[284.614s][info][gc,phases,start] GC(266) Post Compact
[284.614s][info][gc,phases      ] GC(266) Post Compact 0.611ms
[284.615s][info][gc,heap        ] GC(266) PSYoungGen: 256K->0K(1396736K)
[284.615s][info][gc,heap        ] GC(266) ParOldGen: 15780K->15291K(2796544K)
[284.615s][info][gc,metaspace   ] GC(266) Metaspace: 60477K(69424K)->60477K(69424K) NonClass: 52776K(57520K)->52776K(57520K) Class: 7701K(11904K)->7701K(11904K)
[284.615s][info][gc             ] GC(266) Pause Full (System.gc()) 15M->14M(4095M) 28.367ms
[284.615s][info][gc,cpu         ] GC(266) User=0.00s Sys=0.00s Real=0.02s
[286.607s][info][gc,start       ] GC(267) Pause Young (Allocation Failure)
[286.608s][info][gc,heap        ] GC(267) PSYoungGen: 1395712K->640K(1396736K)
[286.608s][info][gc,heap        ] GC(267) ParOldGen: 15291K->15299K(2796544K)
[286.608s][info][gc,metaspace   ] GC(267) Metaspace: 60490K(69424K)->60490K(69424K) NonClass: 52788K(57520K)->52788K(57520K) Class: 7701K(11904K)->7701K(11904K)
[286.608s][info][gc             ] GC(267) Pause Young (Allocation Failure) 1377M->15M(4095M) 0.898ms
[286.608s][info][gc,cpu         ] GC(267) User=0.00s Sys=0.00s Real=0.00s
[288.551s][info][gc,start       ] GC(268) Pause Young (Allocation Failure)
[288.552s][info][gc,heap        ] GC(268) PSYoungGen: 1396352K->256K(1396736K)
[288.552s][info][gc,heap        ] GC(268) ParOldGen: 15299K->15683K(2796544K)
[288.552s][info][gc,metaspace   ] GC(268) Metaspace: 60490K(69424K)->60490K(69424K) NonClass: 52788K(57520K)->52788K(57520K) Class: 7701K(11904K)->7701K(11904K)
[288.552s][info][gc             ] GC(268) Pause Young (Allocation Failure) 1378M->15M(4095M) 0.964ms
[288.552s][info][gc,cpu         ] GC(268) User=0.00s Sys=0.00s Real=0.00s
[288.658s][info][gc,start       ] GC(269) Pause Young (System.gc())
[288.659s][info][gc,heap        ] GC(269) PSYoungGen: 87804K->320K(1396736K)
[288.659s][info][gc,heap        ] GC(269) ParOldGen: 15683K->15723K(2796544K)
[288.659s][info][gc,metaspace   ] GC(269) Metaspace: 60492K(69424K)->60492K(69424K) NonClass: 52790K(57520K)->52790K(57520K) Class: 7701K(11904K)->7701K(11904K)
[288.659s][info][gc             ] GC(269) Pause Young (System.gc()) 101M->15M(4095M) 0.787ms
[288.659s][info][gc,cpu         ] GC(269) User=0.00s Sys=0.00s Real=0.00s
[288.659s][info][gc,start       ] GC(270) Pause Full (System.gc())
[288.659s][info][gc,phases,start] GC(270) Marking Phase
[288.674s][info][gc,phases      ] GC(270) Marking Phase 15.335ms
[288.674s][info][gc,phases,start] GC(270) Summary Phase
[288.674s][info][gc,phases      ] GC(270) Summary Phase 0.015ms
[288.674s][info][gc,phases,start] GC(270) Adjust Roots
[288.684s][info][gc,phases      ] GC(270) Adjust Roots 9.259ms
[288.684s][info][gc,phases,start] GC(270) Compaction Phase
[288.687s][info][gc,phases      ] GC(270) Compaction Phase 3.682ms
[288.687s][info][gc,phases,start] GC(270) Post Compact
[288.688s][info][gc,phases      ] GC(270) Post Compact 0.672ms
[288.688s][info][gc,heap        ] GC(270) PSYoungGen: 320K->0K(1396736K)
[288.688s][info][gc,heap        ] GC(270) ParOldGen: 15723K->15371K(2796544K)
[288.688s][info][gc,metaspace   ] GC(270) Metaspace: 60492K(69424K)->60492K(69424K) NonClass: 52790K(57520K)->52790K(57520K) Class: 7701K(11904K)->7701K(11904K)
[288.688s][info][gc             ] GC(270) Pause Full (System.gc()) 15M->15M(4095M) 29.255ms
[288.688s][info][gc,cpu         ] GC(270) User=0.00s Sys=0.00s Real=0.03s
[290.698s][info][gc,start       ] GC(271) Pause Young (Allocation Failure)
[290.698s][info][gc,heap        ] GC(271) PSYoungGen: 1395712K->640K(1396736K)
[290.698s][info][gc,heap        ] GC(271) ParOldGen: 15371K->15371K(2796544K)
[290.698s][info][gc,metaspace   ] GC(271) Metaspace: 60522K(69424K)->60522K(69424K) NonClass: 52821K(57520K)->52821K(57520K) Class: 7701K(11904K)->7701K(11904K)
[290.698s][info][gc             ] GC(271) Pause Young (Allocation Failure) 1378M->15M(4095M) 0.889ms
[290.699s][info][gc,cpu         ] GC(271) User=0.00s Sys=0.00s Real=0.00s
[292.654s][info][gc,start       ] GC(272) Pause Young (Allocation Failure)
[292.655s][info][gc,heap        ] GC(272) PSYoungGen: 1396352K->224K(1396736K)
[292.655s][info][gc,heap        ] GC(272) ParOldGen: 15371K->15739K(2796544K)
[292.655s][info][gc,metaspace   ] GC(272) Metaspace: 60522K(69424K)->60522K(69424K) NonClass: 52821K(57520K)->52821K(57520K) Class: 7701K(11904K)->7701K(11904K)
[292.655s][info][gc             ] GC(272) Pause Young (Allocation Failure) 1378M->15M(4095M) 0.865ms
[292.655s][info][gc,cpu         ] GC(272) User=0.00s Sys=0.00s Real=0.00s
[292.760s][info][gc,start       ] GC(273) Pause Young (System.gc())
[292.761s][info][gc,heap        ] GC(273) PSYoungGen: 89621K->256K(1396736K)
[292.761s][info][gc,heap        ] GC(273) ParOldGen: 15739K->15771K(2796544K)
[292.761s][info][gc,metaspace   ] GC(273) Metaspace: 60523K(69424K)->60523K(69424K) NonClass: 52821K(57520K)->52821K(57520K) Class: 7701K(11904K)->7701K(11904K)
[292.761s][info][gc             ] GC(273) Pause Young (System.gc()) 102M->15M(4095M) 0.689ms
[292.761s][info][gc,cpu         ] GC(273) User=0.00s Sys=0.00s Real=0.00s
[292.761s][info][gc,start       ] GC(274) Pause Full (System.gc())
[292.761s][info][gc,phases,start] GC(274) Marking Phase
[292.776s][info][gc,phases      ] GC(274) Marking Phase 15.427ms
[292.776s][info][gc,phases,start] GC(274) Summary Phase
[292.776s][info][gc,phases      ] GC(274) Summary Phase 0.009ms
[292.776s][info][gc,phases,start] GC(274) Adjust Roots
[292.785s][info][gc,phases      ] GC(274) Adjust Roots 9.068ms
[292.785s][info][gc,phases,start] GC(274) Compaction Phase
[292.789s][info][gc,phases      ] GC(274) Compaction Phase 3.839ms
[292.789s][info][gc,phases,start] GC(274) Post Compact
[292.790s][info][gc,phases      ] GC(274) Post Compact 0.616ms
[292.790s][info][gc,heap        ] GC(274) PSYoungGen: 256K->0K(1396736K)
[292.790s][info][gc,heap        ] GC(274) ParOldGen: 15771K->15292K(2796544K)
[292.790s][info][gc,metaspace   ] GC(274) Metaspace: 60523K(69424K)->60523K(69424K) NonClass: 52821K(57520K)->52821K(57520K) Class: 7701K(11904K)->7701K(11904K)
[292.790s][info][gc             ] GC(274) Pause Full (System.gc()) 15M->14M(4095M) 29.264ms
[292.790s][info][gc,cpu         ] GC(274) User=0.03s Sys=0.00s Real=0.03s
[294.791s][info][gc,start       ] GC(275) Pause Young (Allocation Failure)
[294.792s][info][gc,heap        ] GC(275) PSYoungGen: 1395712K->608K(1396736K)
[294.792s][info][gc,heap        ] GC(275) ParOldGen: 15292K->15292K(2796544K)
[294.792s][info][gc,metaspace   ] GC(275) Metaspace: 60546K(69424K)->60546K(69424K) NonClass: 52844K(57520K)->52844K(57520K) Class: 7701K(11904K)->7701K(11904K)
[294.792s][info][gc             ] GC(275) Pause Young (Allocation Failure) 1377M->15M(4095M) 0.896ms
[294.792s][info][gc,cpu         ] GC(275) User=0.00s Sys=0.00s Real=0.00s
[296.754s][info][gc,start       ] GC(276) Pause Young (Allocation Failure)
[296.755s][info][gc,heap        ] GC(276) PSYoungGen: 1396320K->224K(1396736K)
[296.755s][info][gc,heap        ] GC(276) ParOldGen: 15292K->15676K(2796544K)
[296.755s][info][gc,metaspace   ] GC(276) Metaspace: 60546K(69424K)->60546K(69424K) NonClass: 52844K(57520K)->52844K(57520K) Class: 7701K(11904K)->7701K(11904K)
[296.755s][info][gc             ] GC(276) Pause Young (Allocation Failure) 1378M->15M(4095M) 0.916ms
[296.755s][info][gc,cpu         ] GC(276) User=0.00s Sys=0.00s Real=0.00s
[296.899s][info][gc,start       ] GC(277) Pause Young (System.gc())
[296.900s][info][gc,heap        ] GC(277) PSYoungGen: 90036K->224K(1396736K)
[296.900s][info][gc,heap        ] GC(277) ParOldGen: 15676K->15724K(2796544K)
[296.900s][info][gc,metaspace   ] GC(277) Metaspace: 60547K(69424K)->60547K(69424K) NonClass: 52846K(57520K)->52846K(57520K) Class: 7701K(11904K)->7701K(11904K)
[296.900s][info][gc             ] GC(277) Pause Young (System.gc()) 103M->15M(4095M) 0.806ms
[296.900s][info][gc,cpu         ] GC(277) User=0.00s Sys=0.00s Real=0.00s
[296.900s][info][gc,start       ] GC(278) Pause Full (System.gc())
[296.900s][info][gc,phases,start] GC(278) Marking Phase
[296.915s][info][gc,phases      ] GC(278) Marking Phase 14.508ms
[296.915s][info][gc,phases,start] GC(278) Summary Phase
[296.915s][info][gc,phases      ] GC(278) Summary Phase 0.009ms
[296.915s][info][gc,phases,start] GC(278) Adjust Roots
[296.924s][info][gc,phases      ] GC(278) Adjust Roots 8.912ms
[296.924s][info][gc,phases,start] GC(278) Compaction Phase
[296.927s][info][gc,phases      ] GC(278) Compaction Phase 3.515ms
[296.927s][info][gc,phases,start] GC(278) Post Compact
[296.928s][info][gc,phases      ] GC(278) Post Compact 0.748ms
[296.928s][info][gc,heap        ] GC(278) PSYoungGen: 224K->0K(1396736K)
[296.928s][info][gc,heap        ] GC(278) ParOldGen: 15724K->15285K(2796544K)
[296.928s][info][gc,metaspace   ] GC(278) Metaspace: 60547K(69424K)->60547K(69424K) NonClass: 52846K(57520K)->52846K(57520K) Class: 7701K(11904K)->7701K(11904K)
[296.928s][info][gc             ] GC(278) Pause Full (System.gc()) 15M->14M(4095M) 27.972ms
[296.928s][info][gc,cpu         ] GC(278) User=0.02s Sys=0.00s Real=0.03s
[298.925s][info][gc,start       ] GC(279) Pause Young (Allocation Failure)
[298.926s][info][gc,heap        ] GC(279) PSYoungGen: 1395712K->608K(1396736K)
[298.926s][info][gc,heap        ] GC(279) ParOldGen: 15285K->15285K(2796544K)
[298.926s][info][gc,metaspace   ] GC(279) Metaspace: 60602K(69424K)->60602K(69424K) NonClass: 52900K(57520K)->52900K(57520K) Class: 7701K(11904K)->7701K(11904K)
[298.926s][info][gc             ] GC(279) Pause Young (Allocation Failure) 1377M->15M(4095M) 0.964ms
[298.926s][info][gc,cpu         ] GC(279) User=0.02s Sys=0.00s Real=0.00s
[300.883s][info][gc,start       ] GC(280) Pause Young (Allocation Failure)
[300.884s][info][gc,heap        ] GC(280) PSYoungGen: 1396320K->256K(1396736K)
[300.884s][info][gc,heap        ] GC(280) ParOldGen: 15285K->15669K(2796544K)
[300.884s][info][gc,metaspace   ] GC(280) Metaspace: 60602K(69424K)->60602K(69424K) NonClass: 52900K(57520K)->52900K(57520K) Class: 7701K(11904K)->7701K(11904K)
[300.884s][info][gc             ] GC(280) Pause Young (Allocation Failure) 1378M->15M(4095M) 1.001ms
[300.884s][info][gc,cpu         ] GC(280) User=0.00s Sys=0.00s Real=0.00s
[300.999s][info][gc,start       ] GC(281) Pause Young (System.gc())
[300.999s][info][gc,heap        ] GC(281) PSYoungGen: 89636K->256K(1396736K)
[300.999s][info][gc,heap        ] GC(281) ParOldGen: 15669K->15717K(2796544K)
[300.999s][info][gc,metaspace   ] GC(281) Metaspace: 60602K(69424K)->60602K(69424K) NonClass: 52901K(57520K)->52901K(57520K) Class: 7701K(11904K)->7701K(11904K)
[300.999s][info][gc             ] GC(281) Pause Young (System.gc()) 102M->15M(4095M) 0.762ms
[300.999s][info][gc,cpu         ] GC(281) User=0.00s Sys=0.00s Real=0.00s
[300.999s][info][gc,start       ] GC(282) Pause Full (System.gc())
[300.999s][info][gc,phases,start] GC(282) Marking Phase
[301.014s][info][gc,phases      ] GC(282) Marking Phase 14.828ms
[301.014s][info][gc,phases,start] GC(282) Summary Phase
[301.014s][info][gc,phases      ] GC(282) Summary Phase 0.009ms
[301.014s][info][gc,phases,start] GC(282) Adjust Roots
[301.023s][info][gc,phases      ] GC(282) Adjust Roots 8.993ms
[301.023s][info][gc,phases,start] GC(282) Compaction Phase
[301.027s][info][gc,phases      ] GC(282) Compaction Phase 3.876ms
[301.027s][info][gc,phases,start] GC(282) Post Compact
[301.028s][info][gc,phases      ] GC(282) Post Compact 0.647ms
[301.028s][info][gc,heap        ] GC(282) PSYoungGen: 256K->0K(1396736K)
[301.028s][info][gc,heap        ] GC(282) ParOldGen: 15717K->15309K(2796544K)
[301.028s][info][gc,metaspace   ] GC(282) Metaspace: 60602K(69424K)->60602K(69424K) NonClass: 52901K(57520K)->52901K(57520K) Class: 7701K(11904K)->7701K(11904K)
[301.028s][info][gc             ] GC(282) Pause Full (System.gc()) 15M->14M(4095M) 28.634ms
[301.028s][info][gc,cpu         ] GC(282) User=0.02s Sys=0.00s Real=0.03s
[303.032s][info][gc,start       ] GC(283) Pause Young (Allocation Failure)
[303.032s][info][gc,heap        ] GC(283) PSYoungGen: 1395712K->576K(1396736K)
[303.032s][info][gc,heap        ] GC(283) ParOldGen: 15309K->15309K(2796544K)
[303.032s][info][gc,metaspace   ] GC(283) Metaspace: 60618K(69424K)->60618K(69424K) NonClass: 52917K(57520K)->52917K(57520K) Class: 7701K(11904K)->7701K(11904K)
[303.032s][info][gc             ] GC(283) Pause Young (Allocation Failure) 1377M->15M(4095M) 0.830ms
[303.032s][info][gc,cpu         ] GC(283) User=0.00s Sys=0.00s Real=0.00s
[304.992s][info][gc,start       ] GC(284) Pause Young (Allocation Failure)
[304.993s][info][gc,heap        ] GC(284) PSYoungGen: 1396288K->224K(1396736K)
[304.993s][info][gc,heap        ] GC(284) ParOldGen: 15309K->15677K(2796544K)
[304.993s][info][gc,metaspace   ] GC(284) Metaspace: 60618K(69424K)->60618K(69424K) NonClass: 52917K(57520K)->52917K(57520K) Class: 7701K(11904K)->7701K(11904K)
[304.993s][info][gc             ] GC(284) Pause Young (Allocation Failure) 1378M->15M(4095M) 0.844ms
[304.993s][info][gc,cpu         ] GC(284) User=0.00s Sys=0.00s Real=0.00s
[305.112s][info][gc,start       ] GC(285) Pause Young (System.gc())
[305.113s][info][gc,heap        ] GC(285) PSYoungGen: 93856K->256K(1396736K)
[305.113s][info][gc,heap        ] GC(285) ParOldGen: 15677K->15725K(2796544K)
[305.113s][info][gc,metaspace   ] GC(285) Metaspace: 60618K(69424K)->60618K(69424K) NonClass: 52917K(57520K)->52917K(57520K) Class: 7701K(11904K)->7701K(11904K)
[305.113s][info][gc             ] GC(285) Pause Young (System.gc()) 106M->15M(4095M) 0.744ms
[305.113s][info][gc,cpu         ] GC(285) User=0.00s Sys=0.00s Real=0.00s
[305.113s][info][gc,start       ] GC(286) Pause Full (System.gc())
[305.113s][info][gc,phases,start] GC(286) Marking Phase
[305.128s][info][gc,phases      ] GC(286) Marking Phase 14.260ms
[305.128s][info][gc,phases,start] GC(286) Summary Phase
[305.128s][info][gc,phases      ] GC(286) Summary Phase 0.009ms
[305.128s][info][gc,phases,start] GC(286) Adjust Roots
[305.137s][info][gc,phases      ] GC(286) Adjust Roots 9.053ms
[305.137s][info][gc,phases,start] GC(286) Compaction Phase
[305.140s][info][gc,phases      ] GC(286) Compaction Phase 3.451ms
[305.140s][info][gc,phases,start] GC(286) Post Compact
[305.141s][info][gc,phases      ] GC(286) Post Compact 0.606ms
[305.141s][info][gc,heap        ] GC(286) PSYoungGen: 256K->0K(1396736K)
[305.141s][info][gc,heap        ] GC(286) ParOldGen: 15725K->15294K(2796544K)
[305.141s][info][gc,metaspace   ] GC(286) Metaspace: 60618K(69424K)->60618K(69424K) NonClass: 52917K(57520K)->52917K(57520K) Class: 7701K(11904K)->7701K(11904K)
[305.141s][info][gc             ] GC(286) Pause Full (System.gc()) 15M->14M(4095M) 27.662ms
[305.141s][info][gc,cpu         ] GC(286) User=0.02s Sys=0.00s Real=0.03s
[307.164s][info][gc,start       ] GC(287) Pause Young (Allocation Failure)
[307.165s][info][gc,heap        ] GC(287) PSYoungGen: 1395712K->576K(1396736K)
[307.165s][info][gc,heap        ] GC(287) ParOldGen: 15294K->15294K(2796544K)
[307.165s][info][gc,metaspace   ] GC(287) Metaspace: 60634K(69424K)->60634K(69424K) NonClass: 52932K(57520K)->52932K(57520K) Class: 7701K(11904K)->7701K(11904K)
[307.165s][info][gc             ] GC(287) Pause Young (Allocation Failure) 1377M->15M(4095M) 0.836ms
[307.165s][info][gc,cpu         ] GC(287) User=0.00s Sys=0.00s Real=0.00s
[309.385s][info][gc,start       ] GC(288) Pause Young (Allocation Failure)
[309.386s][info][gc,heap        ] GC(288) PSYoungGen: 1396288K->256K(1396736K)
[309.386s][info][gc,heap        ] GC(288) ParOldGen: 15294K->15678K(2796544K)
[309.386s][info][gc,metaspace   ] GC(288) Metaspace: 60634K(69424K)->60634K(69424K) NonClass: 52932K(57520K)->52932K(57520K) Class: 7701K(11904K)->7701K(11904K)
[309.386s][info][gc             ] GC(288) Pause Young (Allocation Failure) 1378M->15M(4095M) 0.945ms
[309.386s][info][gc,cpu         ] GC(288) User=0.00s Sys=0.00s Real=0.00s
[309.582s][info][gc,start       ] GC(289) Pause Young (System.gc())
[309.584s][info][gc,heap        ] GC(289) PSYoungGen: 90357K->224K(1396736K)
[309.584s][info][gc,heap        ] GC(289) ParOldGen: 15678K->15718K(2796544K)
[309.584s][info][gc,metaspace   ] GC(289) Metaspace: 60634K(69424K)->60634K(69424K) NonClass: 52932K(57520K)->52932K(57520K) Class: 7701K(11904K)->7701K(11904K)
[309.584s][info][gc             ] GC(289) Pause Young (System.gc()) 103M->15M(4095M) 1.707ms
[309.584s][info][gc,cpu         ] GC(289) User=0.00s Sys=0.00s Real=0.00s
[309.584s][info][gc,start       ] GC(290) Pause Full (System.gc())
[309.584s][info][gc,phases,start] GC(290) Marking Phase
[309.599s][info][gc,phases      ] GC(290) Marking Phase 15.175ms
[309.599s][info][gc,phases,start] GC(290) Summary Phase
[309.599s][info][gc,phases      ] GC(290) Summary Phase 0.009ms
[309.599s][info][gc,phases,start] GC(290) Adjust Roots
[309.608s][info][gc,phases      ] GC(290) Adjust Roots 9.068ms
[309.608s][info][gc,phases,start] GC(290) Compaction Phase
[309.612s][info][gc,phases      ] GC(290) Compaction Phase 3.845ms
[309.612s][info][gc,phases,start] GC(290) Post Compact
[309.613s][info][gc,phases      ] GC(290) Post Compact 0.596ms
[309.613s][info][gc,heap        ] GC(290) PSYoungGen: 224K->0K(1396736K)
[309.613s][info][gc,heap        ] GC(290) ParOldGen: 15718K->15312K(2796544K)
[309.613s][info][gc,metaspace   ] GC(290) Metaspace: 60634K(69424K)->60634K(69424K) NonClass: 52932K(57520K)->52932K(57520K) Class: 7701K(11904K)->7701K(11904K)
[309.613s][info][gc             ] GC(290) Pause Full (System.gc()) 15M->14M(4095M) 28.955ms
[309.613s][info][gc,cpu         ] GC(290) User=0.00s Sys=0.00s Real=0.01s
[311.570s][info][gc,start       ] GC(291) Pause Young (Allocation Failure)
[311.571s][info][gc,heap        ] GC(291) PSYoungGen: 1395712K->608K(1396736K)
[311.571s][info][gc,heap        ] GC(291) ParOldGen: 15312K->15312K(2796544K)
[311.571s][info][gc,metaspace   ] GC(291) Metaspace: 60647K(69424K)->60647K(69424K) NonClass: 52946K(57520K)->52946K(57520K) Class: 7701K(11904K)->7701K(11904K)
[311.571s][info][gc             ] GC(291) Pause Young (Allocation Failure) 1377M->15M(4095M) 0.896ms
[311.571s][info][gc,cpu         ] GC(291) User=0.00s Sys=0.00s Real=0.00s
[313.479s][info][gc,start       ] GC(292) Pause Young (Allocation Failure)
[313.480s][info][gc,heap        ] GC(292) PSYoungGen: 1396320K->224K(1396736K)
[313.480s][info][gc,heap        ] GC(292) ParOldGen: 15312K->15696K(2796544K)
[313.480s][info][gc,metaspace   ] GC(292) Metaspace: 60647K(69424K)->60647K(69424K) NonClass: 52946K(57520K)->52946K(57520K) Class: 7701K(11904K)->7701K(11904K)
[313.480s][info][gc             ] GC(292) Pause Young (Allocation Failure) 1378M->15M(4095M) 0.898ms
[313.480s][info][gc,cpu         ] GC(292) User=0.00s Sys=0.00s Real=0.00s
[313.588s][info][gc,start       ] GC(293) Pause Young (System.gc())
[313.589s][info][gc,heap        ] GC(293) PSYoungGen: 87492K->288K(1396736K)
[313.589s][info][gc,heap        ] GC(293) ParOldGen: 15696K->15744K(2796544K)
[313.589s][info][gc,metaspace   ] GC(293) Metaspace: 60647K(69424K)->60647K(69424K) NonClass: 52946K(57520K)->52946K(57520K) Class: 7701K(11904K)->7701K(11904K)
[313.589s][info][gc             ] GC(293) Pause Young (System.gc()) 100M->15M(4095M) 0.803ms
[313.589s][info][gc,cpu         ] GC(293) User=0.00s Sys=0.00s Real=0.00s
[313.589s][info][gc,start       ] GC(294) Pause Full (System.gc())
[313.589s][info][gc,phases,start] GC(294) Marking Phase
[313.603s][info][gc,phases      ] GC(294) Marking Phase 14.198ms
[313.603s][info][gc,phases,start] GC(294) Summary Phase
[313.603s][info][gc,phases      ] GC(294) Summary Phase 0.009ms
[313.603s][info][gc,phases,start] GC(294) Adjust Roots
[313.612s][info][gc,phases      ] GC(294) Adjust Roots 9.041ms
[313.612s][info][gc,phases,start] GC(294) Compaction Phase
[313.616s][info][gc,phases      ] GC(294) Compaction Phase 3.601ms
[313.616s][info][gc,phases,start] GC(294) Post Compact
[313.617s][info][gc,phases      ] GC(294) Post Compact 0.678ms
[313.617s][info][gc,heap        ] GC(294) PSYoungGen: 288K->0K(1396736K)
[313.617s][info][gc,heap        ] GC(294) ParOldGen: 15744K->15370K(2796544K)
[313.617s][info][gc,metaspace   ] GC(294) Metaspace: 60647K(69424K)->60647K(69424K) NonClass: 52946K(57520K)->52946K(57520K) Class: 7701K(11904K)->7701K(11904K)
[313.617s][info][gc             ] GC(294) Pause Full (System.gc()) 15M->15M(4095M) 27.802ms
[313.617s][info][gc,cpu         ] GC(294) User=0.02s Sys=0.00s Real=0.03s
[315.624s][info][gc,start       ] GC(295) Pause Young (Allocation Failure)
[315.625s][info][gc,heap        ] GC(295) PSYoungGen: 1395712K->576K(1396736K)
[315.625s][info][gc,heap        ] GC(295) ParOldGen: 15370K->15370K(2796544K)
[315.625s][info][gc,metaspace   ] GC(295) Metaspace: 60649K(69424K)->60649K(69424K) NonClass: 52947K(57520K)->52947K(57520K) Class: 7701K(11904K)->7701K(11904K)
[315.625s][info][gc             ] GC(295) Pause Young (Allocation Failure) 1378M->15M(4095M) 0.837ms
[315.625s][info][gc,cpu         ] GC(295) User=0.00s Sys=0.00s Real=0.00s
[317.582s][info][gc,start       ] GC(296) Pause Young (Allocation Failure)
[317.583s][info][gc,heap        ] GC(296) PSYoungGen: 1396288K->256K(1396736K)
[317.583s][info][gc,heap        ] GC(296) ParOldGen: 15370K->15738K(2796544K)
[317.583s][info][gc,metaspace   ] GC(296) Metaspace: 60649K(69424K)->60649K(69424K) NonClass: 52947K(57520K)->52947K(57520K) Class: 7701K(11904K)->7701K(11904K)
[317.583s][info][gc             ] GC(296) Pause Young (Allocation Failure) 1378M->15M(4095M) 0.972ms
[317.583s][info][gc,cpu         ] GC(296) User=0.02s Sys=0.00s Real=0.02s
[317.708s][info][gc,start       ] GC(297) Pause Young (System.gc())
[317.709s][info][gc,heap        ] GC(297) PSYoungGen: 88810K->288K(1396736K)
[317.709s][info][gc,heap        ] GC(297) ParOldGen: 15738K->15786K(2796544K)
[317.709s][info][gc,metaspace   ] GC(297) Metaspace: 60649K(69424K)->60649K(69424K) NonClass: 52948K(57520K)->52948K(57520K) Class: 7701K(11904K)->7701K(11904K)
[317.709s][info][gc             ] GC(297) Pause Young (System.gc()) 102M->15M(4095M) 0.760ms
[317.709s][info][gc,cpu         ] GC(297) User=0.00s Sys=0.00s Real=0.00s
[317.709s][info][gc,start       ] GC(298) Pause Full (System.gc())
[317.709s][info][gc,phases,start] GC(298) Marking Phase
[317.724s][info][gc,phases      ] GC(298) Marking Phase 14.880ms
[317.724s][info][gc,phases,start] GC(298) Summary Phase
[317.724s][info][gc,phases      ] GC(298) Summary Phase 0.009ms
[317.724s][info][gc,phases,start] GC(298) Adjust Roots
[317.733s][info][gc,phases      ] GC(298) Adjust Roots 9.111ms
[317.733s][info][gc,phases,start] GC(298) Compaction Phase
[317.737s][info][gc,phases      ] GC(298) Compaction Phase 3.874ms
[317.737s][info][gc,phases,start] GC(298) Post Compact
[317.738s][info][gc,phases      ] GC(298) Post Compact 0.768ms
[317.738s][info][gc,heap        ] GC(298) PSYoungGen: 288K->0K(1396736K)
[317.738s][info][gc,heap        ] GC(298) ParOldGen: 15786K->15340K(2796544K)
[317.738s][info][gc,metaspace   ] GC(298) Metaspace: 60649K(69424K)->60649K(69424K) NonClass: 52948K(57520K)->52948K(57520K) Class: 7701K(11904K)->7701K(11904K)
[317.738s][info][gc             ] GC(298) Pause Full (System.gc()) 15M->14M(4095M) 28.903ms
[317.738s][info][gc,cpu         ] GC(298) User=0.03s Sys=0.00s Real=0.03s
[319.744s][info][gc,start       ] GC(299) Pause Young (Allocation Failure)
[319.745s][info][gc,heap        ] GC(299) PSYoungGen: 1395712K->576K(1396736K)
[319.745s][info][gc,heap        ] GC(299) ParOldGen: 15340K->15340K(2796544K)
[319.745s][info][gc,metaspace   ] GC(299) Metaspace: 60649K(69424K)->60649K(69424K) NonClass: 52948K(57520K)->52948K(57520K) Class: 7701K(11904K)->7701K(11904K)
[319.745s][info][gc             ] GC(299) Pause Young (Allocation Failure) 1377M->15M(4095M) 0.852ms
[319.745s][info][gc,cpu         ] GC(299) User=0.00s Sys=0.00s Real=0.00s
[321.704s][info][gc,start       ] GC(300) Pause Young (Allocation Failure)
[321.705s][info][gc,heap        ] GC(300) PSYoungGen: 1396288K->192K(1396736K)
[321.705s][info][gc,heap        ] GC(300) ParOldGen: 15340K->15692K(2796544K)
[321.705s][info][gc,metaspace   ] GC(300) Metaspace: 60649K(69424K)->60649K(69424K) NonClass: 52948K(57520K)->52948K(57520K) Class: 7701K(11904K)->7701K(11904K)
[321.705s][info][gc             ] GC(300) Pause Young (Allocation Failure) 1378M->15M(4095M) 0.792ms
[321.705s][info][gc,cpu         ] GC(300) User=0.00s Sys=0.00s Real=0.00s
[321.833s][info][gc,start       ] GC(301) Pause Young (System.gc())
[321.834s][info][gc,heap        ] GC(301) PSYoungGen: 95982K->256K(1396736K)
[321.834s][info][gc,heap        ] GC(301) ParOldGen: 15692K->15732K(2796544K)
[321.834s][info][gc,metaspace   ] GC(301) Metaspace: 60649K(69424K)->60649K(69424K) NonClass: 52948K(57520K)->52948K(57520K) Class: 7701K(11904K)->7701K(11904K)
[321.834s][info][gc             ] GC(301) Pause Young (System.gc()) 109M->15M(4095M) 0.743ms
[321.834s][info][gc,cpu         ] GC(301) User=0.00s Sys=0.00s Real=0.00s
[321.834s][info][gc,start       ] GC(302) Pause Full (System.gc())
[321.834s][info][gc,phases,start] GC(302) Marking Phase
[321.849s][info][gc,phases      ] GC(302) Marking Phase 14.655ms
[321.849s][info][gc,phases,start] GC(302) Summary Phase
[321.849s][info][gc,phases      ] GC(302) Summary Phase 0.009ms
[321.849s][info][gc,phases,start] GC(302) Adjust Roots
[321.858s][info][gc,phases      ] GC(302) Adjust Roots 9.536ms
[321.858s][info][gc,phases,start] GC(302) Compaction Phase
[321.862s][info][gc,phases      ] GC(302) Compaction Phase 3.597ms
[321.862s][info][gc,phases,start] GC(302) Post Compact
[321.863s][info][gc,phases      ] GC(302) Post Compact 0.588ms
[321.863s][info][gc,heap        ] GC(302) PSYoungGen: 256K->0K(1396736K)
[321.863s][info][gc,heap        ] GC(302) ParOldGen: 15732K->15294K(2796544K)
[321.863s][info][gc,metaspace   ] GC(302) Metaspace: 60649K(69424K)->60649K(69424K) NonClass: 52948K(57520K)->52948K(57520K) Class: 7701K(11904K)->7701K(11904K)
[321.863s][info][gc             ] GC(302) Pause Full (System.gc()) 15M->14M(4095M) 28.674ms
[321.863s][info][gc,cpu         ] GC(302) User=0.00s Sys=0.00s Real=0.02s
[323.854s][info][gc,start       ] GC(303) Pause Young (Allocation Failure)
[323.854s][info][gc,heap        ] GC(303) PSYoungGen: 1395712K->608K(1396736K)
[323.854s][info][gc,heap        ] GC(303) ParOldGen: 15294K->15294K(2796544K)
[323.854s][info][gc,metaspace   ] GC(303) Metaspace: 60649K(69424K)->60649K(69424K) NonClass: 52948K(57520K)->52948K(57520K) Class: 7701K(11904K)->7701K(11904K)
[323.854s][info][gc             ] GC(303) Pause Young (Allocation Failure) 1377M->15M(4095M) 0.887ms
[323.854s][info][gc,cpu         ] GC(303) User=0.00s Sys=0.00s Real=0.00s
[325.806s][info][gc,start       ] GC(304) Pause Young (Allocation Failure)
[325.807s][info][gc,heap        ] GC(304) PSYoungGen: 1396320K->256K(1396736K)
[325.807s][info][gc,heap        ] GC(304) ParOldGen: 15294K->15678K(2796544K)
[325.807s][info][gc,metaspace   ] GC(304) Metaspace: 60649K(69424K)->60649K(69424K) NonClass: 52948K(57520K)->52948K(57520K) Class: 7701K(11904K)->7701K(11904K)
[325.807s][info][gc             ] GC(304) Pause Young (Allocation Failure) 1378M->15M(4095M) 0.966ms
[325.807s][info][gc,cpu         ] GC(304) User=0.00s Sys=0.00s Real=0.00s
[325.941s][info][gc,start       ] GC(305) Pause Young (System.gc())
[325.942s][info][gc,heap        ] GC(305) PSYoungGen: 89768K->384K(1396736K)
[325.942s][info][gc,heap        ] GC(305) ParOldGen: 15678K->15718K(2796544K)
[325.942s][info][gc,metaspace   ] GC(305) Metaspace: 60649K(69424K)->60649K(69424K) NonClass: 52948K(57520K)->52948K(57520K) Class: 7701K(11904K)->7701K(11904K)
[325.942s][info][gc             ] GC(305) Pause Young (System.gc()) 102M->15M(4095M) 0.866ms
[325.942s][info][gc,cpu         ] GC(305) User=0.00s Sys=0.00s Real=0.00s
[325.942s][info][gc,start       ] GC(306) Pause Full (System.gc())
[325.942s][info][gc,phases,start] GC(306) Marking Phase
[325.958s][info][gc,phases      ] GC(306) Marking Phase 15.579ms
[325.958s][info][gc,phases,start] GC(306) Summary Phase
[325.958s][info][gc,phases      ] GC(306) Summary Phase 0.009ms
[325.958s][info][gc,phases,start] GC(306) Adjust Roots
[325.967s][info][gc,phases      ] GC(306) Adjust Roots 9.347ms
[325.967s][info][gc,phases,start] GC(306) Compaction Phase
[325.971s][info][gc,phases      ] GC(306) Compaction Phase 3.913ms
[325.971s][info][gc,phases,start] GC(306) Post Compact
[325.972s][info][gc,phases      ] GC(306) Post Compact 0.658ms
[325.972s][info][gc,heap        ] GC(306) PSYoungGen: 384K->0K(1396736K)
[325.972s][info][gc,heap        ] GC(306) ParOldGen: 15718K->15411K(2796544K)
[325.972s][info][gc,metaspace   ] GC(306) Metaspace: 60649K(69424K)->60649K(69424K) NonClass: 52948K(57520K)->52948K(57520K) Class: 7701K(11904K)->7701K(11904K)
[325.972s][info][gc             ] GC(306) Pause Full (System.gc()) 15M->15M(4095M) 29.803ms
[325.972s][info][gc,cpu         ] GC(306) User=0.00s Sys=0.00s Real=0.03s
[327.976s][info][gc,start       ] GC(307) Pause Young (Allocation Failure)
[327.977s][info][gc,heap        ] GC(307) PSYoungGen: 1395712K->480K(1396736K)
[327.977s][info][gc,heap        ] GC(307) ParOldGen: 15411K->15411K(2796544K)
[327.977s][info][gc,metaspace   ] GC(307) Metaspace: 60650K(69424K)->60650K(69424K) NonClass: 52948K(57520K)->52948K(57520K) Class: 7701K(11904K)->7701K(11904K)
[327.977s][info][gc             ] GC(307) Pause Young (Allocation Failure) 1378M->15M(4095M) 1.042ms
[327.977s][info][gc,cpu         ] GC(307) User=0.00s Sys=0.00s Real=0.00s
[329.940s][info][gc,start       ] GC(308) Pause Young (Allocation Failure)
[329.942s][info][gc,heap        ] GC(308) PSYoungGen: 1396192K->192K(1396736K)
[329.942s][info][gc,heap        ] GC(308) ParOldGen: 15411K->15683K(2796544K)
[329.942s][info][gc,metaspace   ] GC(308) Metaspace: 60650K(69424K)->60650K(69424K) NonClass: 52948K(57520K)->52948K(57520K) Class: 7701K(11904K)->7701K(11904K)
[329.942s][info][gc             ] GC(308) Pause Young (Allocation Failure) 1378M->15M(4095M) 1.515ms
[329.942s][info][gc,cpu         ] GC(308) User=0.00s Sys=0.00s Real=0.02s
[330.073s][info][gc,start       ] GC(309) Pause Young (System.gc())
[330.074s][info][gc,heap        ] GC(309) PSYoungGen: 92838K->256K(1396736K)
[330.074s][info][gc,heap        ] GC(309) ParOldGen: 15683K->15723K(2796544K)
[330.074s][info][gc,metaspace   ] GC(309) Metaspace: 60650K(69424K)->60650K(69424K) NonClass: 52948K(57520K)->52948K(57520K) Class: 7701K(11904K)->7701K(11904K)
[330.074s][info][gc             ] GC(309) Pause Young (System.gc()) 105M->15M(4095M) 0.789ms
[330.074s][info][gc,cpu         ] GC(309) User=0.00s Sys=0.00s Real=0.00s
[330.074s][info][gc,start       ] GC(310) Pause Full (System.gc())
[330.074s][info][gc,phases,start] GC(310) Marking Phase
[330.088s][info][gc,phases      ] GC(310) Marking Phase 14.642ms
[330.088s][info][gc,phases,start] GC(310) Summary Phase
[330.088s][info][gc,phases      ] GC(310) Summary Phase 0.009ms
[330.088s][info][gc,phases,start] GC(310) Adjust Roots
[330.097s][info][gc,phases      ] GC(310) Adjust Roots 8.932ms
[330.097s][info][gc,phases,start] GC(310) Compaction Phase
[330.101s][info][gc,phases      ] GC(310) Compaction Phase 3.768ms
[330.101s][info][gc,phases,start] GC(310) Post Compact
[330.102s][info][gc,phases      ] GC(310) Post Compact 0.669ms
[330.102s][info][gc,heap        ] GC(310) PSYoungGen: 256K->0K(1396736K)
[330.102s][info][gc,heap        ] GC(310) ParOldGen: 15723K->15314K(2796544K)
[330.102s][info][gc,metaspace   ] GC(310) Metaspace: 60650K(69424K)->60650K(69424K) NonClass: 52948K(57520K)->52948K(57520K) Class: 7701K(11904K)->7701K(11904K)
[330.102s][info][gc             ] GC(310) Pause Full (System.gc()) 15M->14M(4095M) 28.340ms
[330.102s][info][gc,cpu         ] GC(310) User=0.00s Sys=0.00s Real=0.02s
[332.100s][info][gc,start       ] GC(311) Pause Young (Allocation Failure)
[332.101s][info][gc,heap        ] GC(311) PSYoungGen: 1395712K->640K(1396736K)
[332.101s][info][gc,heap        ] GC(311) ParOldGen: 15314K->15322K(2796544K)
[332.101s][info][gc,metaspace   ] GC(311) Metaspace: 60655K(69424K)->60655K(69424K) NonClass: 52954K(57520K)->52954K(57520K) Class: 7701K(11904K)->7701K(11904K)
[332.101s][info][gc             ] GC(311) Pause Young (Allocation Failure) 1377M->15M(4095M) 0.863ms
[332.101s][info][gc,cpu         ] GC(311) User=0.00s Sys=0.00s Real=0.00s
[334.054s][info][gc,start       ] GC(312) Pause Young (Allocation Failure)
[334.055s][info][gc,heap        ] GC(312) PSYoungGen: 1396352K->224K(1396736K)
[334.055s][info][gc,heap        ] GC(312) ParOldGen: 15322K->15730K(2796544K)
[334.055s][info][gc,metaspace   ] GC(312) Metaspace: 60655K(69424K)->60655K(69424K) NonClass: 52954K(57520K)->52954K(57520K) Class: 7701K(11904K)->7701K(11904K)
[334.055s][info][gc             ] GC(312) Pause Young (Allocation Failure) 1378M->15M(4095M) 0.880ms
[334.055s][info][gc,cpu         ] GC(312) User=0.00s Sys=0.00s Real=0.00s
[334.171s][info][gc,start       ] GC(313) Pause Young (System.gc())
[334.171s][info][gc,heap        ] GC(313) PSYoungGen: 87671K->256K(1396736K)
[334.171s][info][gc,heap        ] GC(313) ParOldGen: 15730K->15778K(2796544K)
[334.171s][info][gc,metaspace   ] GC(313) Metaspace: 60655K(69424K)->60655K(69424K) NonClass: 52954K(57520K)->52954K(57520K) Class: 7701K(11904K)->7701K(11904K)
[334.171s][info][gc             ] GC(313) Pause Young (System.gc()) 100M->15M(4095M) 0.689ms
[334.171s][info][gc,cpu         ] GC(313) User=0.00s Sys=0.00s Real=0.00s
[334.171s][info][gc,start       ] GC(314) Pause Full (System.gc())
[334.171s][info][gc,phases,start] GC(314) Marking Phase
[334.186s][info][gc,phases      ] GC(314) Marking Phase 14.257ms
[334.186s][info][gc,phases,start] GC(314) Summary Phase
[334.186s][info][gc,phases      ] GC(314) Summary Phase 0.009ms
[334.186s][info][gc,phases,start] GC(314) Adjust Roots
[334.195s][info][gc,phases      ] GC(314) Adjust Roots 9.300ms
[334.195s][info][gc,phases,start] GC(314) Compaction Phase
[334.199s][info][gc,phases      ] GC(314) Compaction Phase 3.693ms
[334.199s][info][gc,phases,start] GC(314) Post Compact
[334.199s][info][gc,phases      ] GC(314) Post Compact 0.651ms
[334.200s][info][gc,heap        ] GC(314) PSYoungGen: 256K->0K(1396736K)
[334.200s][info][gc,heap        ] GC(314) ParOldGen: 15778K->15306K(2796544K)
[334.200s][info][gc,metaspace   ] GC(314) Metaspace: 60655K(69424K)->60655K(69424K) NonClass: 52954K(57520K)->52954K(57520K) Class: 7701K(11904K)->7701K(11904K)
[334.200s][info][gc             ] GC(314) Pause Full (System.gc()) 15M->14M(4095M) 28.182ms
[334.200s][info][gc,cpu         ] GC(314) User=0.05s Sys=0.00s Real=0.04s
[336.194s][info][gc,start       ] GC(315) Pause Young (Allocation Failure)
[336.195s][info][gc,heap        ] GC(315) PSYoungGen: 1395712K->608K(1396736K)
[336.195s][info][gc,heap        ] GC(315) ParOldGen: 15306K->15306K(2796544K)
[336.195s][info][gc,metaspace   ] GC(315) Metaspace: 60657K(69424K)->60657K(69424K) NonClass: 52956K(57520K)->52956K(57520K) Class: 7701K(11904K)->7701K(11904K)
[336.195s][info][gc             ] GC(315) Pause Young (Allocation Failure) 1377M->15M(4095M) 0.849ms
[336.195s][info][gc,cpu         ] GC(315) User=0.00s Sys=0.00s Real=0.00s
[338.151s][info][gc,start       ] GC(316) Pause Young (Allocation Failure)
[338.152s][info][gc,heap        ] GC(316) PSYoungGen: 1396320K->224K(1396736K)
[338.152s][info][gc,heap        ] GC(316) ParOldGen: 15306K->15682K(2796544K)
[338.152s][info][gc,metaspace   ] GC(316) Metaspace: 60657K(69424K)->60657K(69424K) NonClass: 52956K(57520K)->52956K(57520K) Class: 7701K(11904K)->7701K(11904K)
[338.152s][info][gc             ] GC(316) Pause Young (Allocation Failure) 1378M->15M(4095M) 0.831ms
[338.152s][info][gc,cpu         ] GC(316) User=0.00s Sys=0.00s Real=0.00s
[338.279s][info][gc,start       ] GC(317) Pause Young (System.gc())
[338.280s][info][gc,heap        ] GC(317) PSYoungGen: 94516K->256K(1396736K)
[338.280s][info][gc,heap        ] GC(317) ParOldGen: 15682K->15730K(2796544K)
[338.280s][info][gc,metaspace   ] GC(317) Metaspace: 60657K(69424K)->60657K(69424K) NonClass: 52956K(57520K)->52956K(57520K) Class: 7701K(11904K)->7701K(11904K)
[338.280s][info][gc             ] GC(317) Pause Young (System.gc()) 107M->15M(4095M) 0.744ms
[338.280s][info][gc,cpu         ] GC(317) User=0.00s Sys=0.00s Real=0.00s
[338.280s][info][gc,start       ] GC(318) Pause Full (System.gc())
[338.280s][info][gc,phases,start] GC(318) Marking Phase
[338.294s][info][gc,phases      ] GC(318) Marking Phase 14.350ms
[338.294s][info][gc,phases,start] GC(318) Summary Phase
[338.294s][info][gc,phases      ] GC(318) Summary Phase 0.009ms
[338.294s][info][gc,phases,start] GC(318) Adjust Roots
[338.303s][info][gc,phases      ] GC(318) Adjust Roots 8.796ms
[338.303s][info][gc,phases,start] GC(318) Compaction Phase
[338.307s][info][gc,phases      ] GC(318) Compaction Phase 3.835ms
[338.307s][info][gc,phases,start] GC(318) Post Compact
[338.308s][info][gc,phases      ] GC(318) Post Compact 0.752ms
[338.308s][info][gc,heap        ] GC(318) PSYoungGen: 256K->0K(1396736K)
[338.308s][info][gc,heap        ] GC(318) ParOldGen: 15730K->15293K(2796544K)
[338.308s][info][gc,metaspace   ] GC(318) Metaspace: 60657K(69424K)->60657K(69424K) NonClass: 52956K(57520K)->52956K(57520K) Class: 7701K(11904K)->7701K(11904K)
[338.308s][info][gc             ] GC(318) Pause Full (System.gc()) 15M->14M(4095M) 28.001ms
[338.308s][info][gc,cpu         ] GC(318) User=0.00s Sys=0.00s Real=0.03s
[340.305s][info][gc,start       ] GC(319) Pause Young (Allocation Failure)
[340.306s][info][gc,heap        ] GC(319) PSYoungGen: 1395712K->576K(1396736K)
[340.306s][info][gc,heap        ] GC(319) ParOldGen: 15293K->15293K(2796544K)
[340.306s][info][gc,metaspace   ] GC(319) Metaspace: 60657K(69424K)->60657K(69424K) NonClass: 52956K(57520K)->52956K(57520K) Class: 7701K(11904K)->7701K(11904K)
[340.306s][info][gc             ] GC(319) Pause Young (Allocation Failure) 1377M->15M(4095M) 0.911ms
[340.306s][info][gc,cpu         ] GC(319) User=0.00s Sys=0.00s Real=0.00s
[342.255s][info][gc,start       ] GC(320) Pause Young (Allocation Failure)
[342.256s][info][gc,heap        ] GC(320) PSYoungGen: 1396288K->224K(1396736K)
[342.256s][info][gc,heap        ] GC(320) ParOldGen: 15293K->15685K(2796544K)
[342.256s][info][gc,metaspace   ] GC(320) Metaspace: 60657K(69424K)->60657K(69424K) NonClass: 52956K(57520K)->52956K(57520K) Class: 7701K(11904K)->7701K(11904K)
[342.256s][info][gc             ] GC(320) Pause Young (Allocation Failure) 1378M->15M(4095M) 0.847ms
[342.256s][info][gc,cpu         ] GC(320) User=0.00s Sys=0.00s Real=0.00s
[342.383s][info][gc,start       ] GC(321) Pause Young (System.gc())
[342.383s][info][gc,heap        ] GC(321) PSYoungGen: 84804K->320K(1396736K)
[342.383s][info][gc,heap        ] GC(321) ParOldGen: 15685K->15725K(2796544K)
[342.383s][info][gc,metaspace   ] GC(321) Metaspace: 60657K(69424K)->60657K(69424K) NonClass: 52956K(57520K)->52956K(57520K) Class: 7701K(11904K)->7701K(11904K)
[342.383s][info][gc             ] GC(321) Pause Young (System.gc()) 98M->15M(4095M) 0.766ms
[342.383s][info][gc,cpu         ] GC(321) User=0.00s Sys=0.00s Real=0.00s
[342.383s][info][gc,start       ] GC(322) Pause Full (System.gc())
[342.383s][info][gc,phases,start] GC(322) Marking Phase
[342.398s][info][gc,phases      ] GC(322) Marking Phase 14.691ms
[342.398s][info][gc,phases,start] GC(322) Summary Phase
[342.398s][info][gc,phases      ] GC(322) Summary Phase 0.009ms
[342.398s][info][gc,phases,start] GC(322) Adjust Roots
[342.408s][info][gc,phases      ] GC(322) Adjust Roots 9.344ms
[342.408s][info][gc,phases,start] GC(322) Compaction Phase
[342.411s][info][gc,phases      ] GC(322) Compaction Phase 3.605ms
[342.411s][info][gc,phases,start] GC(322) Post Compact
[342.412s][info][gc,phases      ] GC(322) Post Compact 0.652ms
[342.412s][info][gc,heap        ] GC(322) PSYoungGen: 320K->0K(1396736K)
[342.412s][info][gc,heap        ] GC(322) ParOldGen: 15725K->15375K(2796544K)
[342.412s][info][gc,metaspace   ] GC(322) Metaspace: 60657K(69424K)->60657K(69424K) NonClass: 52956K(57520K)->52956K(57520K) Class: 7701K(11904K)->7701K(11904K)
[342.412s][info][gc             ] GC(322) Pause Full (System.gc()) 15M->15M(4095M) 28.599ms
[342.412s][info][gc,cpu         ] GC(322) User=0.00s Sys=0.00s Real=0.02s
[344.420s][info][gc,start       ] GC(323) Pause Young (Allocation Failure)
[344.421s][info][gc,heap        ] GC(323) PSYoungGen: 1395712K->576K(1396736K)
[344.421s][info][gc,heap        ] GC(323) ParOldGen: 15375K->15375K(2796544K)
[344.421s][info][gc,metaspace   ] GC(323) Metaspace: 60657K(69424K)->60657K(69424K) NonClass: 52956K(57520K)->52956K(57520K) Class: 7701K(11904K)->7701K(11904K)
[344.421s][info][gc             ] GC(323) Pause Young (Allocation Failure) 1378M->15M(4095M) 0.853ms
[344.421s][info][gc,cpu         ] GC(323) User=0.00s Sys=0.00s Real=0.00s
[346.391s][info][gc,start       ] GC(324) Pause Young (Allocation Failure)
[346.392s][info][gc,heap        ] GC(324) PSYoungGen: 1396288K->288K(1396736K)
[346.392s][info][gc,heap        ] GC(324) ParOldGen: 15375K->15719K(2796544K)
[346.392s][info][gc,metaspace   ] GC(324) Metaspace: 60657K(69424K)->60657K(69424K) NonClass: 52956K(57520K)->52956K(57520K) Class: 7701K(11904K)->7701K(11904K)
[346.392s][info][gc             ] GC(324) Pause Young (Allocation Failure) 1378M->15M(4095M) 0.872ms
[346.392s][info][gc,cpu         ] GC(324) User=0.00s Sys=0.00s Real=0.00s
[346.526s][info][gc,start       ] GC(325) Pause Young (System.gc())
[346.526s][info][gc,heap        ] GC(325) PSYoungGen: 88369K->256K(1396736K)
[346.527s][info][gc,heap        ] GC(325) ParOldGen: 15719K->15767K(2796544K)
[346.527s][info][gc,metaspace   ] GC(325) Metaspace: 60657K(69424K)->60657K(69424K) NonClass: 52956K(57520K)->52956K(57520K) Class: 7701K(11904K)->7701K(11904K)
[346.527s][info][gc             ] GC(325) Pause Young (System.gc()) 101M->15M(4095M) 0.721ms
[346.527s][info][gc,cpu         ] GC(325) User=0.00s Sys=0.00s Real=0.00s
[346.527s][info][gc,start       ] GC(326) Pause Full (System.gc())
[346.527s][info][gc,phases,start] GC(326) Marking Phase
[346.541s][info][gc,phases      ] GC(326) Marking Phase 14.575ms
[346.541s][info][gc,phases,start] GC(326) Summary Phase
[346.541s][info][gc,phases      ] GC(326) Summary Phase 0.010ms
[346.541s][info][gc,phases,start] GC(326) Adjust Roots
[346.550s][info][gc,phases      ] GC(326) Adjust Roots 9.152ms
[346.550s][info][gc,phases,start] GC(326) Compaction Phase
[346.554s][info][gc,phases      ] GC(326) Compaction Phase 3.854ms
[346.554s][info][gc,phases,start] GC(326) Post Compact
[346.555s][info][gc,phases      ] GC(326) Post Compact 0.652ms
[346.555s][info][gc,heap        ] GC(326) PSYoungGen: 256K->0K(1396736K)
[346.555s][info][gc,heap        ] GC(326) ParOldGen: 15767K->15287K(2796544K)
[346.555s][info][gc,metaspace   ] GC(326) Metaspace: 60657K(69424K)->60657K(69424K) NonClass: 52956K(57520K)->52956K(57520K) Class: 7701K(11904K)->7701K(11904K)
[346.555s][info][gc             ] GC(326) Pause Full (System.gc()) 15M->14M(4095M) 28.536ms
[346.555s][info][gc,cpu         ] GC(326) User=0.00s Sys=0.00s Real=0.03s
[348.565s][info][gc,start       ] GC(327) Pause Young (Allocation Failure)
[348.565s][info][gc,heap        ] GC(327) PSYoungGen: 1395712K->672K(1396736K)
[348.565s][info][gc,heap        ] GC(327) ParOldGen: 15287K->15287K(2796544K)
[348.565s][info][gc,metaspace   ] GC(327) Metaspace: 60658K(69424K)->60658K(69424K) NonClass: 52956K(57520K)->52956K(57520K) Class: 7701K(11904K)->7701K(11904K)
[348.566s][info][gc             ] GC(327) Pause Young (Allocation Failure) 1377M->15M(4095M) 0.890ms
[348.566s][info][gc,cpu         ] GC(327) User=0.00s Sys=0.00s Real=0.00s
[350.561s][info][gc,start       ] GC(328) Pause Young (Allocation Failure)
[350.562s][info][gc,heap        ] GC(328) PSYoungGen: 1396384K->224K(1396736K)
[350.562s][info][gc,heap        ] GC(328) ParOldGen: 15287K->15671K(2796544K)
[350.562s][info][gc,metaspace   ] GC(328) Metaspace: 60658K(69424K)->60658K(69424K) NonClass: 52956K(57520K)->52956K(57520K) Class: 7701K(11904K)->7701K(11904K)
[350.562s][info][gc             ] GC(328) Pause Young (Allocation Failure) 1378M->15M(4095M) 0.813ms
[350.562s][info][gc,cpu         ] GC(328) User=0.00s Sys=0.00s Real=0.00s
[350.674s][info][gc,start       ] GC(329) Pause Young (System.gc())
[350.675s][info][gc,heap        ] GC(329) PSYoungGen: 84997K->256K(1396736K)
[350.675s][info][gc,heap        ] GC(329) ParOldGen: 15671K->15711K(2796544K)
[350.675s][info][gc,metaspace   ] GC(329) Metaspace: 60658K(69424K)->60658K(69424K) NonClass: 52956K(57520K)->52956K(57520K) Class: 7701K(11904K)->7701K(11904K)
[350.675s][info][gc             ] GC(329) Pause Young (System.gc()) 98M->15M(4095M) 0.693ms
[350.675s][info][gc,cpu         ] GC(329) User=0.00s Sys=0.00s Real=0.00s
[350.675s][info][gc,start       ] GC(330) Pause Full (System.gc())
[350.675s][info][gc,phases,start] GC(330) Marking Phase
[350.689s][info][gc,phases      ] GC(330) Marking Phase 14.095ms
[350.689s][info][gc,phases,start] GC(330) Summary Phase
[350.689s][info][gc,phases      ] GC(330) Summary Phase 0.009ms
[350.689s][info][gc,phases,start] GC(330) Adjust Roots
[350.698s][info][gc,phases      ] GC(330) Adjust Roots 9.149ms
[350.698s][info][gc,phases,start] GC(330) Compaction Phase
[350.702s][info][gc,phases      ] GC(330) Compaction Phase 3.818ms
[350.702s][info][gc,phases,start] GC(330) Post Compact
[350.703s][info][gc,phases      ] GC(330) Post Compact 0.643ms
[350.703s][info][gc,heap        ] GC(330) PSYoungGen: 256K->0K(1396736K)
[350.703s][info][gc,heap        ] GC(330) ParOldGen: 15711K->15287K(2796544K)
[350.703s][info][gc,metaspace   ] GC(330) Metaspace: 60658K(69424K)->60658K(69424K) NonClass: 52956K(57520K)->52956K(57520K) Class: 7701K(11904K)->7701K(11904K)
[350.703s][info][gc             ] GC(330) Pause Full (System.gc()) 15M->14M(4095M) 27.998ms
[350.703s][info][gc,cpu         ] GC(330) User=0.03s Sys=0.00s Real=0.02s
[352.699s][info][gc,start       ] GC(331) Pause Young (Allocation Failure)
[352.700s][info][gc,heap        ] GC(331) PSYoungGen: 1395712K->608K(1396736K)
[352.700s][info][gc,heap        ] GC(331) ParOldGen: 15287K->15287K(2796544K)
[352.700s][info][gc,metaspace   ] GC(331) Metaspace: 60658K(69424K)->60658K(69424K) NonClass: 52956K(57520K)->52956K(57520K) Class: 7701K(11904K)->7701K(11904K)
[352.700s][info][gc             ] GC(331) Pause Young (Allocation Failure) 1377M->15M(4095M) 0.848ms
[352.700s][info][gc,cpu         ] GC(331) User=0.00s Sys=0.00s Real=0.00s
[354.667s][info][gc,start       ] GC(332) Pause Young (Allocation Failure)
[354.667s][info][gc,heap        ] GC(332) PSYoungGen: 1396320K->256K(1396736K)
[354.667s][info][gc,heap        ] GC(332) ParOldGen: 15287K->15671K(2796544K)
[354.667s][info][gc,metaspace   ] GC(332) Metaspace: 60658K(69424K)->60658K(69424K) NonClass: 52956K(57520K)->52956K(57520K) Class: 7701K(11904K)->7701K(11904K)
[354.667s][info][gc             ] GC(332) Pause Young (Allocation Failure) 1378M->15M(4095M) 0.838ms
[354.667s][info][gc,cpu         ] GC(332) User=0.00s Sys=0.00s Real=0.00s
[354.789s][info][gc,start       ] GC(333) Pause Young (System.gc())
[354.790s][info][gc,heap        ] GC(333) PSYoungGen: 100048K->320K(1396736K)
[354.790s][info][gc,heap        ] GC(333) ParOldGen: 15671K->15719K(2796544K)
[354.790s][info][gc,metaspace   ] GC(333) Metaspace: 60658K(69424K)->60658K(69424K) NonClass: 52956K(57520K)->52956K(57520K) Class: 7701K(11904K)->7701K(11904K)
[354.790s][info][gc             ] GC(333) Pause Young (System.gc()) 113M->15M(4095M) 0.760ms
[354.790s][info][gc,cpu         ] GC(333) User=0.00s Sys=0.00s Real=0.00s
[354.790s][info][gc,start       ] GC(334) Pause Full (System.gc())
[354.790s][info][gc,phases,start] GC(334) Marking Phase
[354.805s][info][gc,phases      ] GC(334) Marking Phase 14.675ms
[354.805s][info][gc,phases,start] GC(334) Summary Phase
[354.805s][info][gc,phases      ] GC(334) Summary Phase 0.009ms
[354.805s][info][gc,phases,start] GC(334) Adjust Roots
[354.814s][info][gc,phases      ] GC(334) Adjust Roots 9.248ms
[354.814s][info][gc,phases,start] GC(334) Compaction Phase
[354.817s][info][gc,phases      ] GC(334) Compaction Phase 3.574ms
[354.818s][info][gc,phases,start] GC(334) Post Compact
[354.818s][info][gc,phases      ] GC(334) Post Compact 0.704ms
[354.818s][info][gc,heap        ] GC(334) PSYoungGen: 320K->0K(1396736K)
[354.818s][info][gc,heap        ] GC(334) ParOldGen: 15719K->15379K(2796544K)
[354.818s][info][gc,metaspace   ] GC(334) Metaspace: 60658K(69424K)->60658K(69424K) NonClass: 52956K(57520K)->52956K(57520K) Class: 7701K(11904K)->7701K(11904K)
[354.818s][info][gc             ] GC(334) Pause Full (System.gc()) 15M->15M(4095M) 28.505ms
[354.818s][info][gc,cpu         ] GC(334) User=0.02s Sys=0.00s Real=0.03s
[356.833s][info][gc,start       ] GC(335) Pause Young (Allocation Failure)
[356.834s][info][gc,heap        ] GC(335) PSYoungGen: 1395712K->608K(1396736K)
[356.834s][info][gc,heap        ] GC(335) ParOldGen: 15379K->15379K(2796544K)
[356.834s][info][gc,metaspace   ] GC(335) Metaspace: 60658K(69424K)->60658K(69424K) NonClass: 52956K(57520K)->52956K(57520K) Class: 7701K(11904K)->7701K(11904K)
[356.834s][info][gc             ] GC(335) Pause Young (Allocation Failure) 1378M->15M(4095M) 0.954ms
[356.834s][info][gc,cpu         ] GC(335) User=0.00s Sys=0.00s Real=0.00s
[358.795s][info][gc,start       ] GC(336) Pause Young (Allocation Failure)
[358.795s][info][gc,heap        ] GC(336) PSYoungGen: 1396320K->256K(1396736K)
[358.795s][info][gc,heap        ] GC(336) ParOldGen: 15379K->15731K(2796544K)
[358.795s][info][gc,metaspace   ] GC(336) Metaspace: 60658K(69424K)->60658K(69424K) NonClass: 52956K(57520K)->52956K(57520K) Class: 7701K(11904K)->7701K(11904K)
[358.796s][info][gc             ] GC(336) Pause Young (Allocation Failure) 1378M->15M(4095M) 0.898ms
[358.796s][info][gc,cpu         ] GC(336) User=0.00s Sys=0.00s Real=0.00s
[358.916s][info][gc,start       ] GC(337) Pause Young (System.gc())
[358.917s][info][gc,heap        ] GC(337) PSYoungGen: 89522K->256K(1396736K)
[358.917s][info][gc,heap        ] GC(337) ParOldGen: 15731K->15771K(2796544K)
[358.917s][info][gc,metaspace   ] GC(337) Metaspace: 60658K(69424K)->60658K(69424K) NonClass: 52956K(57520K)->52956K(57520K) Class: 7701K(11904K)->7701K(11904K)
[358.917s][info][gc             ] GC(337) Pause Young (System.gc()) 102M->15M(4095M) 0.732ms
[358.917s][info][gc,cpu         ] GC(337) User=0.00s Sys=0.00s Real=0.00s
[358.917s][info][gc,start       ] GC(338) Pause Full (System.gc())
[358.917s][info][gc,phases,start] GC(338) Marking Phase
[358.932s][info][gc,phases      ] GC(338) Marking Phase 14.600ms
[358.932s][info][gc,phases,start] GC(338) Summary Phase
[358.932s][info][gc,phases      ] GC(338) Summary Phase 0.009ms
[358.932s][info][gc,phases,start] GC(338) Adjust Roots
[358.941s][info][gc,phases      ] GC(338) Adjust Roots 9.129ms
[358.941s][info][gc,phases,start] GC(338) Compaction Phase
[358.945s][info][gc,phases      ] GC(338) Compaction Phase 3.887ms
[358.945s][info][gc,phases,start] GC(338) Post Compact
[358.945s][info][gc,phases      ] GC(338) Post Compact 0.669ms
[358.945s][info][gc,heap        ] GC(338) PSYoungGen: 256K->0K(1396736K)
[358.945s][info][gc,heap        ] GC(338) ParOldGen: 15771K->15295K(2796544K)
[358.945s][info][gc,metaspace   ] GC(338) Metaspace: 60658K(69424K)->60658K(69424K) NonClass: 52956K(57520K)->52956K(57520K) Class: 7701K(11904K)->7701K(11904K)
[358.946s][info][gc             ] GC(338) Pause Full (System.gc()) 15M->14M(4095M) 28.590ms
[358.946s][info][gc,cpu         ] GC(338) User=0.00s Sys=0.00s Real=0.02s
[360.941s][info][gc,start       ] GC(339) Pause Young (Allocation Failure)
[360.942s][info][gc,heap        ] GC(339) PSYoungGen: 1395712K->640K(1396736K)
[360.942s][info][gc,heap        ] GC(339) ParOldGen: 15295K->15295K(2796544K)
[360.942s][info][gc,metaspace   ] GC(339) Metaspace: 60658K(69424K)->60658K(69424K) NonClass: 52956K(57520K)->52956K(57520K) Class: 7701K(11904K)->7701K(11904K)
[360.942s][info][gc             ] GC(339) Pause Young (Allocation Failure) 1377M->15M(4095M) 0.875ms
[360.942s][info][gc,cpu         ] GC(339) User=0.00s Sys=0.00s Real=0.00s
[362.897s][info][gc,start       ] GC(340) Pause Young (Allocation Failure)
[362.898s][info][gc,heap        ] GC(340) PSYoungGen: 1396352K->224K(1396736K)
[362.898s][info][gc,heap        ] GC(340) ParOldGen: 15295K->15687K(2796544K)
[362.898s][info][gc,metaspace   ] GC(340) Metaspace: 60658K(69424K)->60658K(69424K) NonClass: 52956K(57520K)->52956K(57520K) Class: 7701K(11904K)->7701K(11904K)
[362.898s][info][gc             ] GC(340) Pause Young (Allocation Failure) 1378M->15M(4095M) 0.948ms
[362.898s][info][gc,cpu         ] GC(340) User=0.00s Sys=0.00s Real=0.00s
[363.015s][info][gc,start       ] GC(341) Pause Young (System.gc())
[363.015s][info][gc,heap        ] GC(341) PSYoungGen: 93489K->224K(1396736K)
[363.015s][info][gc,heap        ] GC(341) ParOldGen: 15687K->15735K(2796544K)
[363.015s][info][gc,metaspace   ] GC(341) Metaspace: 60658K(69424K)->60658K(69424K) NonClass: 52956K(57520K)->52956K(57520K) Class: 7701K(11904K)->7701K(11904K)
[363.015s][info][gc             ] GC(341) Pause Young (System.gc()) 106M->15M(4095M) 0.723ms
[363.015s][info][gc,cpu         ] GC(341) User=0.00s Sys=0.00s Real=0.00s
[363.015s][info][gc,start       ] GC(342) Pause Full (System.gc())
[363.015s][info][gc,phases,start] GC(342) Marking Phase
[363.030s][info][gc,phases      ] GC(342) Marking Phase 14.469ms
[363.030s][info][gc,phases,start] GC(342) Summary Phase
[363.030s][info][gc,phases      ] GC(342) Summary Phase 0.009ms
[363.030s][info][gc,phases,start] GC(342) Adjust Roots
[363.039s][info][gc,phases      ] GC(342) Adjust Roots 9.034ms
[363.039s][info][gc,phases,start] GC(342) Compaction Phase
[363.043s][info][gc,phases      ] GC(342) Compaction Phase 3.501ms
[363.043s][info][gc,phases,start] GC(342) Post Compact
[363.043s][info][gc,phases      ] GC(342) Post Compact 0.648ms
[363.043s][info][gc,heap        ] GC(342) PSYoungGen: 224K->0K(1396736K)
[363.043s][info][gc,heap        ] GC(342) ParOldGen: 15735K->15294K(2796544K)
[363.043s][info][gc,metaspace   ] GC(342) Metaspace: 60658K(69424K)->60658K(69424K) NonClass: 52956K(57520K)->52956K(57520K) Class: 7701K(11904K)->7701K(11904K)
[363.043s][info][gc             ] GC(342) Pause Full (System.gc()) 15M->14M(4095M) 27.932ms
[363.043s][info][gc,cpu         ] GC(342) User=0.00s Sys=0.00s Real=0.03s
[365.110s][info][gc,start       ] GC(343) Pause Young (Allocation Failure)
[365.111s][info][gc,heap        ] GC(343) PSYoungGen: 1395712K->608K(1396736K)
[365.111s][info][gc,heap        ] GC(343) ParOldGen: 15294K->15294K(2796544K)
[365.111s][info][gc,metaspace   ] GC(343) Metaspace: 60662K(69424K)->60662K(69424K) NonClass: 52961K(57520K)->52961K(57520K) Class: 7701K(11904K)->7701K(11904K)
[365.111s][info][gc             ] GC(343) Pause Young (Allocation Failure) 1377M->15M(4095M) 0.999ms
[365.111s][info][gc,cpu         ] GC(343) User=0.00s Sys=0.00s Real=0.00s
[367.072s][info][gc,start       ] GC(344) Pause Young (Allocation Failure)
[367.072s][info][gc,heap        ] GC(344) PSYoungGen: 1396320K->256K(1396736K)
[367.073s][info][gc,heap        ] GC(344) ParOldGen: 15294K->15686K(2796544K)
[367.073s][info][gc,metaspace   ] GC(344) Metaspace: 60662K(69424K)->60662K(69424K) NonClass: 52961K(57520K)->52961K(57520K) Class: 7701K(11904K)->7701K(11904K)
[367.073s][info][gc             ] GC(344) Pause Young (Allocation Failure) 1378M->15M(4095M) 0.860ms
[367.073s][info][gc,cpu         ] GC(344) User=0.00s Sys=0.00s Real=0.00s
[367.213s][info][gc,start       ] GC(345) Pause Young (System.gc())
[367.213s][info][gc,heap        ] GC(345) PSYoungGen: 94207K->224K(1396736K)
[367.213s][info][gc,heap        ] GC(345) ParOldGen: 15686K->15734K(2796544K)
[367.213s][info][gc,metaspace   ] GC(345) Metaspace: 60668K(69424K)->60668K(69424K) NonClass: 52966K(57520K)->52966K(57520K) Class: 7701K(11904K)->7701K(11904K)
[367.213s][info][gc             ] GC(345) Pause Young (System.gc()) 107M->15M(4095M) 0.777ms
[367.213s][info][gc,cpu         ] GC(345) User=0.00s Sys=0.00s Real=0.00s
[367.213s][info][gc,start       ] GC(346) Pause Full (System.gc())
[367.213s][info][gc,phases,start] GC(346) Marking Phase
[367.229s][info][gc,phases      ] GC(346) Marking Phase 15.041ms
[367.229s][info][gc,phases,start] GC(346) Summary Phase
[367.229s][info][gc,phases      ] GC(346) Summary Phase 0.009ms
[367.229s][info][gc,phases,start] GC(346) Adjust Roots
[367.238s][info][gc,phases      ] GC(346) Adjust Roots 9.400ms
[367.238s][info][gc,phases,start] GC(346) Compaction Phase
[367.241s][info][gc,phases      ] GC(346) Compaction Phase 3.241ms
[367.241s][info][gc,phases,start] GC(346) Post Compact
[367.242s][info][gc,phases      ] GC(346) Post Compact 0.594ms
[367.242s][info][gc,heap        ] GC(346) PSYoungGen: 224K->0K(1396736K)
[367.242s][info][gc,heap        ] GC(346) ParOldGen: 15734K->15305K(2796544K)
[367.242s][info][gc,metaspace   ] GC(346) Metaspace: 60668K(69424K)->60668K(69424K) NonClass: 52966K(57520K)->52966K(57520K) Class: 7701K(11904K)->7701K(11904K)
[367.242s][info][gc             ] GC(346) Pause Full (System.gc()) 15M->14M(4095M) 28.549ms
[367.242s][info][gc,cpu         ] GC(346) User=0.00s Sys=0.00s Real=0.03s
[369.247s][info][gc,start       ] GC(347) Pause Young (Allocation Failure)
[369.248s][info][gc,heap        ] GC(347) PSYoungGen: 1395712K->608K(1396736K)
[369.248s][info][gc,heap        ] GC(347) ParOldGen: 15305K->15313K(2796544K)
[369.248s][info][gc,metaspace   ] GC(347) Metaspace: 60748K(69424K)->60748K(69424K) NonClass: 53047K(57520K)->53047K(57520K) Class: 7701K(11904K)->7701K(11904K)
[369.248s][info][gc             ] GC(347) Pause Young (Allocation Failure) 1377M->15M(4095M) 0.879ms
[369.248s][info][gc,cpu         ] GC(347) User=0.00s Sys=0.00s Real=0.00s
[371.417s][info][gc,start       ] GC(348) Pause Young (Allocation Failure)
[371.417s][info][gc,heap        ] GC(348) PSYoungGen: 1396320K->224K(1396736K)
[371.417s][info][gc,heap        ] GC(348) ParOldGen: 15313K->15657K(2796544K)
[371.417s][info][gc,metaspace   ] GC(348) Metaspace: 60753K(69424K)->60753K(69424K) NonClass: 53051K(57520K)->53051K(57520K) Class: 7701K(11904K)->7701K(11904K)
[371.417s][info][gc             ] GC(348) Pause Young (Allocation Failure) 1378M->15M(4095M) 0.798ms
[371.417s][info][gc,cpu         ] GC(348) User=0.00s Sys=0.00s Real=0.00s
[371.586s][info][gc,start       ] GC(349) Pause Young (System.gc())
[371.587s][info][gc,heap        ] GC(349) PSYoungGen: 87561K->224K(1396736K)
[371.587s][info][gc,heap        ] GC(349) ParOldGen: 15657K->15705K(2796544K)
[371.587s][info][gc,metaspace   ] GC(349) Metaspace: 60837K(69680K)->60837K(69680K) NonClass: 53135K(57776K)->53135K(57776K) Class: 7701K(11904K)->7701K(11904K)
[371.587s][info][gc             ] GC(349) Pause Young (System.gc()) 100M->15M(4095M) 0.790ms
[371.587s][info][gc,cpu         ] GC(349) User=0.00s Sys=0.00s Real=0.00s
[371.587s][info][gc,start       ] GC(350) Pause Full (System.gc())
[371.587s][info][gc,phases,start] GC(350) Marking Phase
[371.604s][info][gc,phases      ] GC(350) Marking Phase 17.052ms
[371.604s][info][gc,phases,start] GC(350) Summary Phase
[371.604s][info][gc,phases      ] GC(350) Summary Phase 0.009ms
[371.604s][info][gc,phases,start] GC(350) Adjust Roots
[371.614s][info][gc,phases      ] GC(350) Adjust Roots 9.782ms
[371.614s][info][gc,phases,start] GC(350) Compaction Phase
[371.617s][info][gc,phases      ] GC(350) Compaction Phase 3.488ms
[371.617s][info][gc,phases,start] GC(350) Post Compact
[371.618s][info][gc,phases      ] GC(350) Post Compact 0.786ms
[371.618s][info][gc,heap        ] GC(350) PSYoungGen: 224K->0K(1396736K)
[371.618s][info][gc,heap        ] GC(350) ParOldGen: 15705K->15295K(2796544K)
[371.618s][info][gc,metaspace   ] GC(350) Metaspace: 60837K(69680K)->60837K(69680K) NonClass: 53135K(57776K)->53135K(57776K) Class: 7701K(11904K)->7701K(11904K)
[371.618s][info][gc             ] GC(350) Pause Full (System.gc()) 15M->14M(4095M) 31.414ms
[371.618s][info][gc,cpu         ] GC(350) User=0.02s Sys=0.00s Real=0.03s
[373.703s][info][gc,start       ] GC(351) Pause Young (Allocation Failure)
[373.704s][info][gc,heap        ] GC(351) PSYoungGen: 1395712K->640K(1396736K)
[373.704s][info][gc,heap        ] GC(351) ParOldGen: 15295K->15295K(2796544K)
[373.704s][info][gc,metaspace   ] GC(351) Metaspace: 60987K(69680K)->60987K(69680K) NonClass: 53286K(57776K)->53286K(57776K) Class: 7701K(11904K)->7701K(11904K)
[373.704s][info][gc             ] GC(351) Pause Young (Allocation Failure) 1377M->15M(4095M) 0.893ms
[373.704s][info][gc,cpu         ] GC(351) User=0.00s Sys=0.00s Real=0.00s
[375.671s][info][gc,start       ] GC(352) Pause Young (Allocation Failure)
[375.672s][info][gc,heap        ] GC(352) PSYoungGen: 1396352K->224K(1396736K)
[375.672s][info][gc,heap        ] GC(352) ParOldGen: 15295K->15695K(2796544K)
[375.672s][info][gc,metaspace   ] GC(352) Metaspace: 60987K(69680K)->60987K(69680K) NonClass: 53286K(57776K)->53286K(57776K) Class: 7701K(11904K)->7701K(11904K)
[375.672s][info][gc             ] GC(352) Pause Young (Allocation Failure) 1378M->15M(4095M) 0.882ms
[375.672s][info][gc,cpu         ] GC(352) User=0.00s Sys=0.00s Real=0.00s
[375.807s][info][gc,start       ] GC(353) Pause Young (System.gc())
[375.808s][info][gc,heap        ] GC(353) PSYoungGen: 100120K->256K(1396736K)
[375.808s][info][gc,heap        ] GC(353) ParOldGen: 15695K->15743K(2796544K)
[375.808s][info][gc,metaspace   ] GC(353) Metaspace: 60989K(69680K)->60989K(69680K) NonClass: 53287K(57776K)->53287K(57776K) Class: 7701K(11904K)->7701K(11904K)
[375.808s][info][gc             ] GC(353) Pause Young (System.gc()) 113M->15M(4095M) 0.778ms
[375.808s][info][gc,cpu         ] GC(353) User=0.00s Sys=0.00s Real=0.00s
[375.808s][info][gc,start       ] GC(354) Pause Full (System.gc())
[375.808s][info][gc,phases,start] GC(354) Marking Phase
[375.822s][info][gc,phases      ] GC(354) Marking Phase 14.322ms
[375.822s][info][gc,phases,start] GC(354) Summary Phase
[375.822s][info][gc,phases      ] GC(354) Summary Phase 0.009ms
[375.822s][info][gc,phases,start] GC(354) Adjust Roots
[375.831s][info][gc,phases      ] GC(354) Adjust Roots 9.372ms
[375.831s][info][gc,phases,start] GC(354) Compaction Phase
[375.835s][info][gc,phases      ] GC(354) Compaction Phase 3.327ms
[375.835s][info][gc,phases,start] GC(354) Post Compact
[375.836s][info][gc,phases      ] GC(354) Post Compact 0.613ms
[375.836s][info][gc,heap        ] GC(354) PSYoungGen: 256K->0K(1396736K)
[375.836s][info][gc,heap        ] GC(354) ParOldGen: 15743K->15294K(2796544K)
[375.836s][info][gc,metaspace   ] GC(354) Metaspace: 60989K(69680K)->60989K(69680K) NonClass: 53287K(57776K)->53287K(57776K) Class: 7701K(11904K)->7701K(11904K)
[375.836s][info][gc             ] GC(354) Pause Full (System.gc()) 15M->14M(4095M) 27.925ms
[375.836s][info][gc,cpu         ] GC(354) User=0.00s Sys=0.00s Real=0.02s
[377.811s][info][gc,start       ] GC(355) Pause Young (Allocation Failure)
[377.812s][info][gc,heap        ] GC(355) PSYoungGen: 1395712K->672K(1396736K)
[377.812s][info][gc,heap        ] GC(355) ParOldGen: 15294K->15302K(2796544K)
[377.812s][info][gc,metaspace   ] GC(355) Metaspace: 61112K(69936K)->61112K(69936K) NonClass: 53411K(58032K)->53411K(58032K) Class: 7701K(11904K)->7701K(11904K)
[377.812s][info][gc             ] GC(355) Pause Young (Allocation Failure) 1377M->15M(4095M) 1.267ms
[377.812s][info][gc,cpu         ] GC(355) User=0.02s Sys=0.00s Real=0.01s
[379.758s][info][gc,start       ] GC(356) Pause Young (Allocation Failure)
[379.759s][info][gc,heap        ] GC(356) PSYoungGen: 1396384K->256K(1396736K)
[379.759s][info][gc,heap        ] GC(356) ParOldGen: 15302K->15702K(2796544K)
[379.759s][info][gc,metaspace   ] GC(356) Metaspace: 61112K(69936K)->61112K(69936K) NonClass: 53411K(58032K)->53411K(58032K) Class: 7701K(11904K)->7701K(11904K)
[379.759s][info][gc             ] GC(356) Pause Young (Allocation Failure) 1378M->15M(4095M) 0.888ms
[379.759s][info][gc,cpu         ] GC(356) User=0.00s Sys=0.00s Real=0.00s
[379.870s][info][gc,start       ] GC(357) Pause Young (System.gc())
[379.871s][info][gc,heap        ] GC(357) PSYoungGen: 90979K->224K(1396736K)
[379.871s][info][gc,heap        ] GC(357) ParOldGen: 15702K->15742K(2796544K)
[379.871s][info][gc,metaspace   ] GC(357) Metaspace: 61112K(69936K)->61112K(69936K) NonClass: 53411K(58032K)->53411K(58032K) Class: 7701K(11904K)->7701K(11904K)
[379.871s][info][gc             ] GC(357) Pause Young (System.gc()) 104M->15M(4095M) 0.780ms
[379.871s][info][gc,cpu         ] GC(357) User=0.00s Sys=0.00s Real=0.00s
[379.871s][info][gc,start       ] GC(358) Pause Full (System.gc())
[379.871s][info][gc,phases,start] GC(358) Marking Phase
[379.886s][info][gc,phases      ] GC(358) Marking Phase 15.267ms
[379.886s][info][gc,phases,start] GC(358) Summary Phase
[379.886s][info][gc,phases      ] GC(358) Summary Phase 0.010ms
[379.886s][info][gc,phases,start] GC(358) Adjust Roots
[379.896s][info][gc,phases      ] GC(358) Adjust Roots 9.731ms
[379.896s][info][gc,phases,start] GC(358) Compaction Phase
[379.902s][info][gc,phases      ] GC(358) Compaction Phase 5.971ms
[379.902s][info][gc,phases,start] GC(358) Post Compact
[379.903s][info][gc,phases      ] GC(358) Post Compact 0.641ms
[379.903s][info][gc,heap        ] GC(358) PSYoungGen: 224K->0K(1396736K)
[379.903s][info][gc,heap        ] GC(358) ParOldGen: 15742K->15298K(2796544K)
[379.903s][info][gc,metaspace   ] GC(358) Metaspace: 61112K(69936K)->61112K(69936K) NonClass: 53411K(58032K)->53411K(58032K) Class: 7701K(11904K)->7701K(11904K)
[379.903s][info][gc             ] GC(358) Pause Full (System.gc()) 15M->14M(4095M) 31.933ms
[379.903s][info][gc,cpu         ] GC(358) User=0.02s Sys=0.00s Real=0.03s
[381.901s][info][gc,start       ] GC(359) Pause Young (Allocation Failure)
[381.902s][info][gc,heap        ] GC(359) PSYoungGen: 1395712K->640K(1396736K)
[381.902s][info][gc,heap        ] GC(359) ParOldGen: 15298K->15298K(2796544K)
[381.902s][info][gc,metaspace   ] GC(359) Metaspace: 61209K(69936K)->61209K(69936K) NonClass: 53507K(58032K)->53507K(58032K) Class: 7701K(11904K)->7701K(11904K)
[381.902s][info][gc             ] GC(359) Pause Young (Allocation Failure) 1377M->15M(4095M) 0.941ms
[381.902s][info][gc,cpu         ] GC(359) User=0.00s Sys=0.00s Real=0.00s
[383.861s][info][gc,start       ] GC(360) Pause Young (Allocation Failure)
[383.862s][info][gc,heap        ] GC(360) PSYoungGen: 1396352K->288K(1396736K)
[383.862s][info][gc,heap        ] GC(360) ParOldGen: 15298K->15682K(2796544K)
[383.862s][info][gc,metaspace   ] GC(360) Metaspace: 61209K(69936K)->61209K(69936K) NonClass: 53507K(58032K)->53507K(58032K) Class: 7701K(11904K)->7701K(11904K)
[383.862s][info][gc             ] GC(360) Pause Young (Allocation Failure) 1378M->15M(4095M) 0.889ms
[383.862s][info][gc,cpu         ] GC(360) User=0.00s Sys=0.00s Real=0.00s
[383.980s][info][gc,start       ] GC(361) Pause Young (System.gc())
[383.980s][info][gc,heap        ] GC(361) PSYoungGen: 88964K->256K(1396736K)
[383.980s][info][gc,heap        ] GC(361) ParOldGen: 15682K->15730K(2796544K)
[383.980s][info][gc,metaspace   ] GC(361) Metaspace: 61209K(69936K)->61209K(69936K) NonClass: 53507K(58032K)->53507K(58032K) Class: 7701K(11904K)->7701K(11904K)
[383.980s][info][gc             ] GC(361) Pause Young (System.gc()) 102M->15M(4095M) 0.751ms
[383.980s][info][gc,cpu         ] GC(361) User=0.00s Sys=0.00s Real=0.00s
[383.981s][info][gc,start       ] GC(362) Pause Full (System.gc())
[383.981s][info][gc,phases,start] GC(362) Marking Phase
[383.995s][info][gc,phases      ] GC(362) Marking Phase 14.242ms
[383.995s][info][gc,phases,start] GC(362) Summary Phase
[383.995s][info][gc,phases      ] GC(362) Summary Phase 0.009ms
[383.995s][info][gc,phases,start] GC(362) Adjust Roots
[384.004s][info][gc,phases      ] GC(362) Adjust Roots 9.519ms
[384.004s][info][gc,phases,start] GC(362) Compaction Phase
[384.010s][info][gc,phases      ] GC(362) Compaction Phase 5.384ms
[384.010s][info][gc,phases,start] GC(362) Post Compact
[384.010s][info][gc,phases      ] GC(362) Post Compact 0.627ms
[384.011s][info][gc,heap        ] GC(362) PSYoungGen: 256K->0K(1396736K)
[384.011s][info][gc,heap        ] GC(362) ParOldGen: 15730K->15299K(2796544K)
[384.011s][info][gc,metaspace   ] GC(362) Metaspace: 61209K(69936K)->61209K(69936K) NonClass: 53507K(58032K)->53507K(58032K) Class: 7701K(11904K)->7701K(11904K)
[384.011s][info][gc             ] GC(362) Pause Full (System.gc()) 15M->14M(4095M) 30.054ms
[384.011s][info][gc,cpu         ] GC(362) User=0.03s Sys=0.00s Real=0.03s
[386.039s][info][gc,start       ] GC(363) Pause Young (Allocation Failure)
[386.040s][info][gc,heap        ] GC(363) PSYoungGen: 1395712K->608K(1396736K)
[386.040s][info][gc,heap        ] GC(363) ParOldGen: 15299K->15299K(2796544K)
[386.040s][info][gc,metaspace   ] GC(363) Metaspace: 61300K(69936K)->61300K(69936K) NonClass: 53599K(58032K)->53599K(58032K) Class: 7701K(11904K)->7701K(11904K)
[386.040s][info][gc             ] GC(363) Pause Young (Allocation Failure) 1377M->15M(4095M) 0.907ms
[386.040s][info][gc,cpu         ] GC(363) User=0.00s Sys=0.00s Real=0.00s
[388.035s][info][gc,start       ] GC(364) Pause Young (Allocation Failure)
[388.036s][info][gc,heap        ] GC(364) PSYoungGen: 1396320K->224K(1396736K)
[388.036s][info][gc,heap        ] GC(364) ParOldGen: 15299K->15691K(2796544K)
[388.036s][info][gc,metaspace   ] GC(364) Metaspace: 61300K(69936K)->61300K(69936K) NonClass: 53599K(58032K)->53599K(58032K) Class: 7701K(11904K)->7701K(11904K)
[388.036s][info][gc             ] GC(364) Pause Young (Allocation Failure) 1378M->15M(4095M) 0.894ms
[388.036s][info][gc,cpu         ] GC(364) User=0.00s Sys=0.00s Real=0.00s
[388.161s][info][gc,start       ] GC(365) Pause Young (System.gc())
[388.162s][info][gc,heap        ] GC(365) PSYoungGen: 94339K->224K(1396736K)
[388.162s][info][gc,heap        ] GC(365) ParOldGen: 15691K->15731K(2796544K)
[388.162s][info][gc,metaspace   ] GC(365) Metaspace: 61301K(69936K)->61301K(69936K) NonClass: 53599K(58032K)->53599K(58032K) Class: 7701K(11904K)->7701K(11904K)
[388.162s][info][gc             ] GC(365) Pause Young (System.gc()) 107M->15M(4095M) 0.738ms
[388.162s][info][gc,cpu         ] GC(365) User=0.00s Sys=0.00s Real=0.00s
[388.162s][info][gc,start       ] GC(366) Pause Full (System.gc())
[388.162s][info][gc,phases,start] GC(366) Marking Phase
[388.176s][info][gc,phases      ] GC(366) Marking Phase 13.957ms
[388.176s][info][gc,phases,start] GC(366) Summary Phase
[388.176s][info][gc,phases      ] GC(366) Summary Phase 0.009ms
[388.176s][info][gc,phases,start] GC(366) Adjust Roots
[388.186s][info][gc,phases      ] GC(366) Adjust Roots 9.396ms
[388.186s][info][gc,phases,start] GC(366) Compaction Phase
[388.191s][info][gc,phases      ] GC(366) Compaction Phase 5.283ms
[388.191s][info][gc,phases,start] GC(366) Post Compact
[388.192s][info][gc,phases      ] GC(366) Post Compact 0.606ms
[388.192s][info][gc,heap        ] GC(366) PSYoungGen: 224K->0K(1396736K)
[388.192s][info][gc,heap        ] GC(366) ParOldGen: 15731K->15297K(2796544K)
[388.192s][info][gc,metaspace   ] GC(366) Metaspace: 61301K(69936K)->61301K(69936K) NonClass: 53599K(58032K)->53599K(58032K) Class: 7701K(11904K)->7701K(11904K)
[388.192s][info][gc             ] GC(366) Pause Full (System.gc()) 15M->14M(4095M) 29.631ms
[388.192s][info][gc,cpu         ] GC(366) User=0.02s Sys=0.00s Real=0.03s
[390.210s][info][gc,start       ] GC(367) Pause Young (Allocation Failure)
[390.211s][info][gc,heap        ] GC(367) PSYoungGen: 1395712K->640K(1396736K)
[390.211s][info][gc,heap        ] GC(367) ParOldGen: 15297K->15305K(2796544K)
[390.211s][info][gc,metaspace   ] GC(367) Metaspace: 61359K(69936K)->61359K(69936K) NonClass: 53657K(58032K)->53657K(58032K) Class: 7701K(11904K)->7701K(11904K)
[390.211s][info][gc             ] GC(367) Pause Young (Allocation Failure) 1377M->15M(4095M) 0.841ms
[390.211s][info][gc,cpu         ] GC(367) User=0.00s Sys=0.00s Real=0.00s
[392.183s][info][gc,start       ] GC(368) Pause Young (Allocation Failure)
[392.184s][info][gc,heap        ] GC(368) PSYoungGen: 1396352K->256K(1396736K)
[392.184s][info][gc,heap        ] GC(368) ParOldGen: 15305K->15697K(2796544K)
[392.184s][info][gc,metaspace   ] GC(368) Metaspace: 61359K(69936K)->61359K(69936K) NonClass: 53657K(58032K)->53657K(58032K) Class: 7701K(11904K)->7701K(11904K)
[392.184s][info][gc             ] GC(368) Pause Young (Allocation Failure) 1378M->15M(4095M) 0.966ms
[392.184s][info][gc,cpu         ] GC(368) User=0.00s Sys=0.00s Real=0.00s
[392.306s][info][gc,start       ] GC(369) Pause Young (System.gc())
[392.307s][info][gc,heap        ] GC(369) PSYoungGen: 92437K->320K(1396736K)
[392.307s][info][gc,heap        ] GC(369) ParOldGen: 15697K->15737K(2796544K)
[392.307s][info][gc,metaspace   ] GC(369) Metaspace: 61360K(69936K)->61360K(69936K) NonClass: 53658K(58032K)->53658K(58032K) Class: 7701K(11904K)->7701K(11904K)
[392.307s][info][gc             ] GC(369) Pause Young (System.gc()) 105M->15M(4095M) 0.814ms
[392.307s][info][gc,cpu         ] GC(369) User=0.00s Sys=0.00s Real=0.00s
[392.307s][info][gc,start       ] GC(370) Pause Full (System.gc())
[392.307s][info][gc,phases,start] GC(370) Marking Phase
[392.321s][info][gc,phases      ] GC(370) Marking Phase 14.429ms
[392.321s][info][gc,phases,start] GC(370) Summary Phase
[392.321s][info][gc,phases      ] GC(370) Summary Phase 0.009ms
[392.321s][info][gc,phases,start] GC(370) Adjust Roots
[392.331s][info][gc,phases      ] GC(370) Adjust Roots 9.510ms
[392.331s][info][gc,phases,start] GC(370) Compaction Phase
[392.335s][info][gc,phases      ] GC(370) Compaction Phase 3.821ms
[392.335s][info][gc,phases,start] GC(370) Post Compact
[392.335s][info][gc,phases      ] GC(370) Post Compact 0.635ms
[392.335s][info][gc,heap        ] GC(370) PSYoungGen: 320K->0K(1396736K)
[392.335s][info][gc,heap        ] GC(370) ParOldGen: 15737K->15382K(2796544K)
[392.335s][info][gc,metaspace   ] GC(370) Metaspace: 61360K(69936K)->61360K(69936K) NonClass: 53658K(58032K)->53658K(58032K) Class: 7701K(11904K)->7701K(11904K)
[392.335s][info][gc             ] GC(370) Pause Full (System.gc()) 15M->15M(4095M) 28.691ms
[392.335s][info][gc,cpu         ] GC(370) User=0.02s Sys=0.00s Real=0.02s
[394.339s][info][gc,start       ] GC(371) Pause Young (Allocation Failure)
[394.340s][info][gc,heap        ] GC(371) PSYoungGen: 1395712K->576K(1396736K)
[394.340s][info][gc,heap        ] GC(371) ParOldGen: 15382K->15390K(2796544K)
[394.340s][info][gc,metaspace   ] GC(371) Metaspace: 61407K(69936K)->61407K(69936K) NonClass: 53705K(58032K)->53705K(58032K) Class: 7701K(11904K)->7701K(11904K)
[394.340s][info][gc             ] GC(371) Pause Young (Allocation Failure) 1378M->15M(4095M) 0.847ms
[394.340s][info][gc,cpu         ] GC(371) User=0.00s Sys=0.00s Real=0.00s
[396.292s][info][gc,start       ] GC(372) Pause Young (Allocation Failure)
[396.293s][info][gc,heap        ] GC(372) PSYoungGen: 1396288K->288K(1396736K)
[396.293s][info][gc,heap        ] GC(372) ParOldGen: 15390K->15750K(2796544K)
[396.293s][info][gc,metaspace   ] GC(372) Metaspace: 61407K(69936K)->61407K(69936K) NonClass: 53705K(58032K)->53705K(58032K) Class: 7701K(11904K)->7701K(11904K)
[396.293s][info][gc             ] GC(372) Pause Young (Allocation Failure) 1378M->15M(4095M) 0.939ms
[396.293s][info][gc,cpu         ] GC(372) User=0.00s Sys=0.00s Real=0.01s
[396.416s][info][gc,start       ] GC(373) Pause Young (System.gc())
[396.416s][info][gc,heap        ] GC(373) PSYoungGen: 89899K->256K(1396736K)
[396.416s][info][gc,heap        ] GC(373) ParOldGen: 15750K->15798K(2796544K)
[396.416s][info][gc,metaspace   ] GC(373) Metaspace: 61407K(69936K)->61407K(69936K) NonClass: 53705K(58032K)->53705K(58032K) Class: 7701K(11904K)->7701K(11904K)
[396.416s][info][gc             ] GC(373) Pause Young (System.gc()) 103M->15M(4095M) 0.704ms
[396.417s][info][gc,cpu         ] GC(373) User=0.00s Sys=0.00s Real=0.00s
[396.417s][info][gc,start       ] GC(374) Pause Full (System.gc())
[396.417s][info][gc,phases,start] GC(374) Marking Phase
[396.431s][info][gc,phases      ] GC(374) Marking Phase 14.540ms
[396.431s][info][gc,phases,start] GC(374) Summary Phase
[396.431s][info][gc,phases      ] GC(374) Summary Phase 0.009ms
[396.431s][info][gc,phases,start] GC(374) Adjust Roots
[396.441s][info][gc,phases      ] GC(374) Adjust Roots 9.349ms
[396.441s][info][gc,phases,start] GC(374) Compaction Phase
[396.444s][info][gc,phases      ] GC(374) Compaction Phase 3.479ms
[396.444s][info][gc,phases,start] GC(374) Post Compact
[396.445s][info][gc,phases      ] GC(374) Post Compact 0.686ms
[396.445s][info][gc,heap        ] GC(374) PSYoungGen: 256K->0K(1396736K)
[396.445s][info][gc,heap        ] GC(374) ParOldGen: 15798K->15293K(2796544K)
[396.445s][info][gc,metaspace   ] GC(374) Metaspace: 61407K(69936K)->61407K(69936K) NonClass: 53705K(58032K)->53705K(58032K) Class: 7701K(11904K)->7701K(11904K)
[396.445s][info][gc             ] GC(374) Pause Full (System.gc()) 15M->14M(4095M) 28.348ms
[396.445s][info][gc,cpu         ] GC(374) User=0.00s Sys=0.00s Real=0.02s
[398.452s][info][gc,start       ] GC(375) Pause Young (Allocation Failure)
[398.453s][info][gc,heap        ] GC(375) PSYoungGen: 1395712K->608K(1396736K)
[398.453s][info][gc,heap        ] GC(375) ParOldGen: 15293K->15293K(2796544K)
[398.453s][info][gc,metaspace   ] GC(375) Metaspace: 61427K(70192K)->61427K(70192K) NonClass: 53725K(58288K)->53725K(58288K) Class: 7701K(11904K)->7701K(11904K)
[398.453s][info][gc             ] GC(375) Pause Young (Allocation Failure) 1377M->15M(4095M) 0.965ms
[398.453s][info][gc,cpu         ] GC(375) User=0.00s Sys=0.00s Real=0.00s
[400.427s][info][gc,start       ] GC(376) Pause Young (Allocation Failure)
[400.427s][info][gc,heap        ] GC(376) PSYoungGen: 1396320K->192K(1396736K)
[400.427s][info][gc,heap        ] GC(376) ParOldGen: 15293K->15677K(2796544K)
[400.427s][info][gc,metaspace   ] GC(376) Metaspace: 61427K(70192K)->61427K(70192K) NonClass: 53725K(58288K)->53725K(58288K) Class: 7701K(11904K)->7701K(11904K)
[400.427s][info][gc             ] GC(376) Pause Young (Allocation Failure) 1378M->15M(4095M) 0.831ms
[400.427s][info][gc,cpu         ] GC(376) User=0.00s Sys=0.00s Real=0.00s
[400.549s][info][gc,start       ] GC(377) Pause Young (System.gc())
[400.550s][info][gc,heap        ] GC(377) PSYoungGen: 91497K->256K(1396736K)
[400.550s][info][gc,heap        ] GC(377) ParOldGen: 15677K->15717K(2796544K)
[400.550s][info][gc,metaspace   ] GC(377) Metaspace: 61427K(70192K)->61427K(70192K) NonClass: 53725K(58288K)->53725K(58288K) Class: 7701K(11904K)->7701K(11904K)
[400.550s][info][gc             ] GC(377) Pause Young (System.gc()) 104M->15M(4095M) 0.755ms
[400.550s][info][gc,cpu         ] GC(377) User=0.00s Sys=0.00s Real=0.00s
[400.550s][info][gc,start       ] GC(378) Pause Full (System.gc())
[400.550s][info][gc,phases,start] GC(378) Marking Phase
[400.564s][info][gc,phases      ] GC(378) Marking Phase 14.313ms
[400.564s][info][gc,phases,start] GC(378) Summary Phase
[400.564s][info][gc,phases      ] GC(378) Summary Phase 0.009ms
[400.564s][info][gc,phases,start] GC(378) Adjust Roots
[400.574s][info][gc,phases      ] GC(378) Adjust Roots 9.372ms
[400.574s][info][gc,phases,start] GC(378) Compaction Phase
[400.578s][info][gc,phases      ] GC(378) Compaction Phase 3.724ms
[400.578s][info][gc,phases,start] GC(378) Post Compact
[400.578s][info][gc,phases      ] GC(378) Post Compact 0.665ms
[400.578s][info][gc,heap        ] GC(378) PSYoungGen: 256K->0K(1396736K)
[400.578s][info][gc,heap        ] GC(378) ParOldGen: 15717K->15296K(2796544K)
[400.578s][info][gc,metaspace   ] GC(378) Metaspace: 61427K(70192K)->61427K(70192K) NonClass: 53725K(58288K)->53725K(58288K) Class: 7701K(11904K)->7701K(11904K)
[400.578s][info][gc             ] GC(378) Pause Full (System.gc()) 15M->14M(4095M) 28.366ms
[400.578s][info][gc,cpu         ] GC(378) User=0.03s Sys=0.00s Real=0.03s
[402.583s][info][gc,start       ] GC(379) Pause Young (Allocation Failure)
[402.583s][info][gc,heap        ] GC(379) PSYoungGen: 1395712K->640K(1396736K)
[402.584s][info][gc,heap        ] GC(379) ParOldGen: 15296K->15304K(2796544K)
[402.584s][info][gc,metaspace   ] GC(379) Metaspace: 61454K(70192K)->61454K(70192K) NonClass: 53753K(58288K)->53753K(58288K) Class: 7701K(11904K)->7701K(11904K)
[402.584s][info][gc             ] GC(379) Pause Young (Allocation Failure) 1377M->15M(4095M) 0.955ms
[402.584s][info][gc,cpu         ] GC(379) User=0.00s Sys=0.00s Real=0.00s
[404.545s][info][gc,start       ] GC(380) Pause Young (Allocation Failure)
[404.546s][info][gc,heap        ] GC(380) PSYoungGen: 1396352K->288K(1396736K)
[404.546s][info][gc,heap        ] GC(380) ParOldGen: 15304K->15704K(2796544K)
[404.546s][info][gc,metaspace   ] GC(380) Metaspace: 61454K(70192K)->61454K(70192K) NonClass: 53753K(58288K)->53753K(58288K) Class: 7701K(11904K)->7701K(11904K)
[404.546s][info][gc             ] GC(380) Pause Young (Allocation Failure) 1378M->15M(4095M) 0.859ms
[404.546s][info][gc,cpu         ] GC(380) User=0.00s Sys=0.00s Real=0.00s
[404.669s][info][gc,start       ] GC(381) Pause Young (System.gc())
[404.670s][info][gc,heap        ] GC(381) PSYoungGen: 94259K->288K(1396736K)
[404.670s][info][gc,heap        ] GC(381) ParOldGen: 15704K->15752K(2796544K)
[404.670s][info][gc,metaspace   ] GC(381) Metaspace: 61454K(70192K)->61454K(70192K) NonClass: 53753K(58288K)->53753K(58288K) Class: 7701K(11904K)->7701K(11904K)
[404.670s][info][gc             ] GC(381) Pause Young (System.gc()) 107M->15M(4095M) 0.772ms
[404.670s][info][gc,cpu         ] GC(381) User=0.00s Sys=0.00s Real=0.00s
[404.670s][info][gc,start       ] GC(382) Pause Full (System.gc())
[404.670s][info][gc,phases,start] GC(382) Marking Phase
[404.685s][info][gc,phases      ] GC(382) Marking Phase 15.292ms
[404.685s][info][gc,phases,start] GC(382) Summary Phase
[404.685s][info][gc,phases      ] GC(382) Summary Phase 0.008ms
[404.685s][info][gc,phases,start] GC(382) Adjust Roots
[404.695s][info][gc,phases      ] GC(382) Adjust Roots 9.432ms
[404.695s][info][gc,phases,start] GC(382) Compaction Phase
[404.699s][info][gc,phases      ] GC(382) Compaction Phase 3.923ms
[404.699s][info][gc,phases,start] GC(382) Post Compact
[404.699s][info][gc,phases      ] GC(382) Post Compact 0.575ms
[404.699s][info][gc,heap        ] GC(382) PSYoungGen: 288K->0K(1396736K)
[404.699s][info][gc,heap        ] GC(382) ParOldGen: 15752K->15311K(2796544K)
[404.699s][info][gc,metaspace   ] GC(382) Metaspace: 61454K(70192K)->61454K(70192K) NonClass: 53753K(58288K)->53753K(58288K) Class: 7701K(11904K)->7701K(11904K)
[404.699s][info][gc             ] GC(382) Pause Full (System.gc()) 15M->14M(4095M) 29.499ms
[404.699s][info][gc,cpu         ] GC(382) User=0.02s Sys=0.00s Real=0.03s
[406.704s][info][gc,start       ] GC(383) Pause Young (Allocation Failure)
[406.705s][info][gc,heap        ] GC(383) PSYoungGen: 1395712K->608K(1396736K)
[406.705s][info][gc,heap        ] GC(383) ParOldGen: 15311K->15311K(2796544K)
[406.705s][info][gc,metaspace   ] GC(383) Metaspace: 61472K(70192K)->61472K(70192K) NonClass: 53770K(58288K)->53770K(58288K) Class: 7701K(11904K)->7701K(11904K)
[406.705s][info][gc             ] GC(383) Pause Young (Allocation Failure) 1377M->15M(4095M) 0.881ms
[406.705s][info][gc,cpu         ] GC(383) User=0.00s Sys=0.00s Real=0.00s
[408.664s][info][gc,start       ] GC(384) Pause Young (Allocation Failure)
[408.665s][info][gc,heap        ] GC(384) PSYoungGen: 1396320K->224K(1396736K)
[408.665s][info][gc,heap        ] GC(384) ParOldGen: 15311K->15687K(2796544K)
[408.665s][info][gc,metaspace   ] GC(384) Metaspace: 61472K(70192K)->61472K(70192K) NonClass: 53770K(58288K)->53770K(58288K) Class: 7701K(11904K)->7701K(11904K)
[408.665s][info][gc             ] GC(384) Pause Young (Allocation Failure) 1378M->15M(4095M) 0.830ms
[408.665s][info][gc,cpu         ] GC(384) User=0.00s Sys=0.00s Real=0.00s
[408.783s][info][gc,start       ] GC(385) Pause Young (System.gc())
[408.784s][info][gc,heap        ] GC(385) PSYoungGen: 92939K->256K(1396736K)
[408.784s][info][gc,heap        ] GC(385) ParOldGen: 15687K->15735K(2796544K)
[408.784s][info][gc,metaspace   ] GC(385) Metaspace: 61472K(70192K)->61472K(70192K) NonClass: 53770K(58288K)->53770K(58288K) Class: 7701K(11904K)->7701K(11904K)
[408.784s][info][gc             ] GC(385) Pause Young (System.gc()) 106M->15M(4095M) 0.754ms
[408.784s][info][gc,cpu         ] GC(385) User=0.00s Sys=0.00s Real=0.00s
[408.784s][info][gc,start       ] GC(386) Pause Full (System.gc())
[408.784s][info][gc,phases,start] GC(386) Marking Phase
[408.799s][info][gc,phases      ] GC(386) Marking Phase 14.859ms
[408.799s][info][gc,phases,start] GC(386) Summary Phase
[408.799s][info][gc,phases      ] GC(386) Summary Phase 0.009ms
[408.799s][info][gc,phases,start] GC(386) Adjust Roots
[408.809s][info][gc,phases      ] GC(386) Adjust Roots 9.482ms
[408.809s][info][gc,phases,start] GC(386) Compaction Phase
[408.813s][info][gc,phases      ] GC(386) Compaction Phase 4.044ms
[408.813s][info][gc,phases,start] GC(386) Post Compact
[408.813s][info][gc,phases      ] GC(386) Post Compact 0.626ms
[408.813s][info][gc,heap        ] GC(386) PSYoungGen: 256K->0K(1396736K)
[408.813s][info][gc,heap        ] GC(386) ParOldGen: 15735K->15296K(2796544K)
[408.813s][info][gc,metaspace   ] GC(386) Metaspace: 61472K(70192K)->61472K(70192K) NonClass: 53770K(58288K)->53770K(58288K) Class: 7701K(11904K)->7701K(11904K)
[408.813s][info][gc             ] GC(386) Pause Full (System.gc()) 15M->14M(4095M) 29.273ms
[408.813s][info][gc,cpu         ] GC(386) User=0.00s Sys=0.00s Real=0.02s
[410.818s][info][gc,start       ] GC(387) Pause Young (Allocation Failure)
[410.819s][info][gc,heap        ] GC(387) PSYoungGen: 1395712K->576K(1396736K)
[410.819s][info][gc,heap        ] GC(387) ParOldGen: 15296K->15304K(2796544K)
[410.819s][info][gc,metaspace   ] GC(387) Metaspace: 61493K(70192K)->61493K(70192K) NonClass: 53791K(58288K)->53791K(58288K) Class: 7701K(11904K)->7701K(11904K)
[410.819s][info][gc             ] GC(387) Pause Young (Allocation Failure) 1377M->15M(4095M) 0.941ms
[410.819s][info][gc,cpu         ] GC(387) User=0.00s Sys=0.00s Real=0.00s
[412.772s][info][gc,start       ] GC(388) Pause Young (Allocation Failure)
[412.773s][info][gc,heap        ] GC(388) PSYoungGen: 1396288K->224K(1396736K)
[412.773s][info][gc,heap        ] GC(388) ParOldGen: 15304K->15688K(2796544K)
[412.773s][info][gc,metaspace   ] GC(388) Metaspace: 61498K(70192K)->61498K(70192K) NonClass: 53796K(58288K)->53796K(58288K) Class: 7701K(11904K)->7701K(11904K)
[412.773s][info][gc             ] GC(388) Pause Young (Allocation Failure) 1378M->15M(4095M) 0.916ms
[412.773s][info][gc,cpu         ] GC(388) User=0.00s Sys=0.00s Real=0.00s
[412.889s][info][gc,start       ] GC(389) Pause Young (System.gc())
[412.890s][info][gc,heap        ] GC(389) PSYoungGen: 97870K->320K(1396736K)
[412.890s][info][gc,heap        ] GC(389) ParOldGen: 15688K->15728K(2796544K)
[412.890s][info][gc,metaspace   ] GC(389) Metaspace: 61513K(70192K)->61513K(70192K) NonClass: 53811K(58288K)->53811K(58288K) Class: 7701K(11904K)->7701K(11904K)
[412.890s][info][gc             ] GC(389) Pause Young (System.gc()) 110M->15M(4095M) 0.868ms
[412.890s][info][gc,cpu         ] GC(389) User=0.00s Sys=0.00s Real=0.00s
[412.890s][info][gc,start       ] GC(390) Pause Full (System.gc())
[412.890s][info][gc,phases,start] GC(390) Marking Phase
[412.906s][info][gc,phases      ] GC(390) Marking Phase 15.585ms
[412.906s][info][gc,phases,start] GC(390) Summary Phase
[412.906s][info][gc,phases      ] GC(390) Summary Phase 0.009ms
[412.906s][info][gc,phases,start] GC(390) Adjust Roots
[412.916s][info][gc,phases      ] GC(390) Adjust Roots 9.711ms
[412.916s][info][gc,phases,start] GC(390) Compaction Phase
[412.920s][info][gc,phases      ] GC(390) Compaction Phase 3.978ms
[412.920s][info][gc,phases,start] GC(390) Post Compact
[412.920s][info][gc,phases      ] GC(390) Post Compact 0.625ms
[412.920s][info][gc,heap        ] GC(390) PSYoungGen: 320K->0K(1396736K)
[412.920s][info][gc,heap        ] GC(390) ParOldGen: 15728K->15384K(2796544K)
[412.920s][info][gc,metaspace   ] GC(390) Metaspace: 61513K(70192K)->61513K(70192K) NonClass: 53811K(58288K)->53811K(58288K) Class: 7701K(11904K)->7701K(11904K)
[412.920s][info][gc             ] GC(390) Pause Full (System.gc()) 15M->15M(4095M) 30.180ms
[412.920s][info][gc,cpu         ] GC(390) User=0.02s Sys=0.00s Real=0.03s
[414.894s][info][gc,start       ] GC(391) Pause Young (Allocation Failure)
[414.894s][info][gc,heap        ] GC(391) PSYoungGen: 1395712K->576K(1396736K)
[414.894s][info][gc,heap        ] GC(391) ParOldGen: 15384K->15384K(2796544K)
[414.894s][info][gc,metaspace   ] GC(391) Metaspace: 61520K(70192K)->61520K(70192K) NonClass: 53818K(58288K)->53818K(58288K) Class: 7701K(11904K)->7701K(11904K)
[414.894s][info][gc             ] GC(391) Pause Young (Allocation Failure) 1378M->15M(4095M) 0.862ms
[414.894s][info][gc,cpu         ] GC(391) User=0.00s Sys=0.00s Real=0.00s
[416.839s][info][gc,start       ] GC(392) Pause Young (Allocation Failure)
[416.840s][info][gc,heap        ] GC(392) PSYoungGen: 1396288K->288K(1396736K)
[416.840s][info][gc,heap        ] GC(392) ParOldGen: 15384K->15712K(2796544K)
[416.840s][info][gc,metaspace   ] GC(392) Metaspace: 61520K(70192K)->61520K(70192K) NonClass: 53818K(58288K)->53818K(58288K) Class: 7701K(11904K)->7701K(11904K)
[416.840s][info][gc             ] GC(392) Pause Young (Allocation Failure) 1378M->15M(4095M) 0.841ms
[416.840s][info][gc,cpu         ] GC(392) User=0.00s Sys=0.00s Real=0.00s
[416.955s][info][gc,start       ] GC(393) Pause Young (System.gc())
[416.956s][info][gc,heap        ] GC(393) PSYoungGen: 86732K->224K(1396736K)
[416.956s][info][gc,heap        ] GC(393) ParOldGen: 15712K->15760K(2796544K)
[416.956s][info][gc,metaspace   ] GC(393) Metaspace: 61520K(70192K)->61520K(70192K) NonClass: 53818K(58288K)->53818K(58288K) Class: 7701K(11904K)->7701K(11904K)
[416.956s][info][gc             ] GC(393) Pause Young (System.gc()) 100M->15M(4095M) 0.823ms
[416.956s][info][gc,cpu         ] GC(393) User=0.00s Sys=0.00s Real=0.00s
[416.956s][info][gc,start       ] GC(394) Pause Full (System.gc())
[416.956s][info][gc,phases,start] GC(394) Marking Phase
[416.971s][info][gc,phases      ] GC(394) Marking Phase 14.739ms
[416.971s][info][gc,phases,start] GC(394) Summary Phase
[416.971s][info][gc,phases      ] GC(394) Summary Phase 0.008ms
[416.971s][info][gc,phases,start] GC(394) Adjust Roots
[416.980s][info][gc,phases      ] GC(394) Adjust Roots 9.621ms
[416.980s][info][gc,phases,start] GC(394) Compaction Phase
[416.984s][info][gc,phases      ] GC(394) Compaction Phase 3.634ms
[416.984s][info][gc,phases,start] GC(394) Post Compact
[416.985s][info][gc,phases      ] GC(394) Post Compact 0.620ms
[416.985s][info][gc,heap        ] GC(394) PSYoungGen: 224K->0K(1396736K)
[416.985s][info][gc,heap        ] GC(394) ParOldGen: 15760K->15311K(2796544K)
[416.985s][info][gc,metaspace   ] GC(394) Metaspace: 61520K(70192K)->61520K(70192K) NonClass: 53818K(58288K)->53818K(58288K) Class: 7701K(11904K)->7701K(11904K)
[416.985s][info][gc             ] GC(394) Pause Full (System.gc()) 15M->14M(4095M) 28.882ms
[416.985s][info][gc,cpu         ] GC(394) User=0.00s Sys=0.00s Real=0.02s
[418.997s][info][gc,start       ] GC(395) Pause Young (Allocation Failure)
[418.998s][info][gc,heap        ] GC(395) PSYoungGen: 1395712K->608K(1396736K)
[418.998s][info][gc,heap        ] GC(395) ParOldGen: 15311K->15311K(2796544K)
[418.998s][info][gc,metaspace   ] GC(395) Metaspace: 61520K(70192K)->61520K(70192K) NonClass: 53818K(58288K)->53818K(58288K) Class: 7701K(11904K)->7701K(11904K)
[418.998s][info][gc             ] GC(395) Pause Young (Allocation Failure) 1377M->15M(4095M) 0.890ms
[418.998s][info][gc,cpu         ] GC(395) User=0.00s Sys=0.00s Real=0.00s
[420.989s][info][gc,start       ] GC(396) Pause Young (Allocation Failure)
[420.989s][info][gc,heap        ] GC(396) PSYoungGen: 1396320K->224K(1396736K)
[420.989s][info][gc,heap        ] GC(396) ParOldGen: 15311K->15687K(2796544K)
[420.989s][info][gc,metaspace   ] GC(396) Metaspace: 61520K(70192K)->61520K(70192K) NonClass: 53818K(58288K)->53818K(58288K) Class: 7701K(11904K)->7701K(11904K)
[420.989s][info][gc             ] GC(396) Pause Young (Allocation Failure) 1378M->15M(4095M) 0.816ms
[420.989s][info][gc,cpu         ] GC(396) User=0.00s Sys=0.00s Real=0.00s
[421.112s][info][gc,start       ] GC(397) Pause Young (System.gc())
[421.113s][info][gc,heap        ] GC(397) PSYoungGen: 93467K->320K(1396736K)
[421.113s][info][gc,heap        ] GC(397) ParOldGen: 15687K->15735K(2796544K)
[421.113s][info][gc,metaspace   ] GC(397) Metaspace: 61520K(70192K)->61520K(70192K) NonClass: 53818K(58288K)->53818K(58288K) Class: 7701K(11904K)->7701K(11904K)
[421.113s][info][gc             ] GC(397) Pause Young (System.gc()) 106M->15M(4095M) 0.870ms
[421.113s][info][gc,cpu         ] GC(397) User=0.02s Sys=0.00s Real=0.02s
[421.113s][info][gc,start       ] GC(398) Pause Full (System.gc())
[421.113s][info][gc,phases,start] GC(398) Marking Phase
[421.127s][info][gc,phases      ] GC(398) Marking Phase 14.521ms
[421.127s][info][gc,phases,start] GC(398) Summary Phase
[421.127s][info][gc,phases      ] GC(398) Summary Phase 0.011ms
[421.127s][info][gc,phases,start] GC(398) Adjust Roots
[421.137s][info][gc,phases      ] GC(398) Adjust Roots 9.657ms
[421.137s][info][gc,phases,start] GC(398) Compaction Phase
[421.140s][info][gc,phases      ] GC(398) Compaction Phase 3.472ms
[421.141s][info][gc,phases,start] GC(398) Post Compact
[421.141s][info][gc,phases      ] GC(398) Post Compact 0.680ms
[421.141s][info][gc,heap        ] GC(398) PSYoungGen: 320K->0K(1396736K)
[421.141s][info][gc,heap        ] GC(398) ParOldGen: 15735K->15379K(2796544K)
[421.141s][info][gc,metaspace   ] GC(398) Metaspace: 61520K(70192K)->61520K(70192K) NonClass: 53818K(58288K)->53818K(58288K) Class: 7701K(11904K)->7701K(11904K)
[421.141s][info][gc             ] GC(398) Pause Full (System.gc()) 15M->15M(4095M) 28.619ms
[421.141s][info][gc,cpu         ] GC(398) User=0.00s Sys=0.00s Real=0.02s
[423.150s][info][gc,start       ] GC(399) Pause Young (Allocation Failure)
[423.151s][info][gc,heap        ] GC(399) PSYoungGen: 1395712K->576K(1396736K)
[423.151s][info][gc,heap        ] GC(399) ParOldGen: 15379K->15379K(2796544K)
[423.151s][info][gc,metaspace   ] GC(399) Metaspace: 61520K(70192K)->61520K(70192K) NonClass: 53818K(58288K)->53818K(58288K) Class: 7701K(11904K)->7701K(11904K)
[423.151s][info][gc             ] GC(399) Pause Young (Allocation Failure) 1378M->15M(4095M) 0.900ms
[423.151s][info][gc,cpu         ] GC(399) User=0.00s Sys=0.00s Real=0.00s
[425.114s][info][gc,start       ] GC(400) Pause Young (Allocation Failure)
[425.115s][info][gc,heap        ] GC(400) PSYoungGen: 1396288K->224K(1396736K)
[425.115s][info][gc,heap        ] GC(400) ParOldGen: 15379K->15723K(2796544K)
[425.115s][info][gc,metaspace   ] GC(400) Metaspace: 61520K(70192K)->61520K(70192K) NonClass: 53818K(58288K)->53818K(58288K) Class: 7701K(11904K)->7701K(11904K)
[425.115s][info][gc             ] GC(400) Pause Young (Allocation Failure) 1378M->15M(4095M) 0.821ms
[425.115s][info][gc,cpu         ] GC(400) User=0.00s Sys=0.00s Real=0.00s
[425.230s][info][gc,start       ] GC(401) Pause Young (System.gc())
[425.230s][info][gc,heap        ] GC(401) PSYoungGen: 92291K->256K(1396736K)
[425.230s][info][gc,heap        ] GC(401) ParOldGen: 15723K->15771K(2796544K)
[425.230s][info][gc,metaspace   ] GC(401) Metaspace: 61520K(70192K)->61520K(70192K) NonClass: 53818K(58288K)->53818K(58288K) Class: 7701K(11904K)->7701K(11904K)
[425.230s][info][gc             ] GC(401) Pause Young (System.gc()) 105M->15M(4095M) 0.763ms
[425.230s][info][gc,cpu         ] GC(401) User=0.00s Sys=0.00s Real=0.00s
[425.230s][info][gc,start       ] GC(402) Pause Full (System.gc())
[425.230s][info][gc,phases,start] GC(402) Marking Phase
[425.245s][info][gc,phases      ] GC(402) Marking Phase 14.735ms
[425.245s][info][gc,phases,start] GC(402) Summary Phase
[425.245s][info][gc,phases      ] GC(402) Summary Phase 0.009ms
[425.245s][info][gc,phases,start] GC(402) Adjust Roots
[425.255s][info][gc,phases      ] GC(402) Adjust Roots 9.345ms
[425.255s][info][gc,phases,start] GC(402) Compaction Phase
[425.258s][info][gc,phases      ] GC(402) Compaction Phase 3.786ms
[425.258s][info][gc,phases,start] GC(402) Post Compact
[425.259s][info][gc,phases      ] GC(402) Post Compact 0.624ms
[425.259s][info][gc,heap        ] GC(402) PSYoungGen: 256K->0K(1396736K)
[425.259s][info][gc,heap        ] GC(402) ParOldGen: 15771K->15303K(2796544K)
[425.259s][info][gc,metaspace   ] GC(402) Metaspace: 61520K(70192K)->61520K(70192K) NonClass: 53818K(58288K)->53818K(58288K) Class: 7701K(11904K)->7701K(11904K)
[425.259s][info][gc             ] GC(402) Pause Full (System.gc()) 15M->14M(4095M) 28.787ms
[425.259s][info][gc,cpu         ] GC(402) User=0.03s Sys=0.00s Real=0.03s
[427.256s][info][gc,start       ] GC(403) Pause Young (Allocation Failure)
[427.257s][info][gc,heap        ] GC(403) PSYoungGen: 1395712K->608K(1396736K)
[427.257s][info][gc,heap        ] GC(403) ParOldGen: 15303K->15303K(2796544K)
[427.257s][info][gc,metaspace   ] GC(403) Metaspace: 61520K(70192K)->61520K(70192K) NonClass: 53818K(58288K)->53818K(58288K) Class: 7701K(11904K)->7701K(11904K)
[427.257s][info][gc             ] GC(403) Pause Young (Allocation Failure) 1377M->15M(4095M) 0.979ms
[427.257s][info][gc,cpu         ] GC(403) User=0.00s Sys=0.00s Real=0.00s
[429.198s][info][gc,start       ] GC(404) Pause Young (Allocation Failure)
[429.199s][info][gc,heap        ] GC(404) PSYoungGen: 1396320K->224K(1396736K)
[429.199s][info][gc,heap        ] GC(404) ParOldGen: 15303K->15695K(2796544K)
[429.199s][info][gc,metaspace   ] GC(404) Metaspace: 61520K(70192K)->61520K(70192K) NonClass: 53818K(58288K)->53818K(58288K) Class: 7701K(11904K)->7701K(11904K)
[429.199s][info][gc             ] GC(404) Pause Young (Allocation Failure) 1378M->15M(4095M) 0.915ms
[429.199s][info][gc,cpu         ] GC(404) User=0.00s Sys=0.00s Real=0.00s
[429.335s][info][gc,heap,exit   ] Heap
[429.335s][info][gc,heap,exit   ]  PSYoungGen      total 1396736K, used 91728K [0x00000007aab00000, 0x0000000800000000, 0x0000000800000000)
[429.335s][info][gc,heap,exit   ]   eden space 1395712K, 6% used [0x00000007aab00000,0x00000007b045c328,0x00000007ffe00000)
[429.336s][info][gc,heap,exit   ]   from space 1024K, 21% used [0x00000007ffe00000,0x00000007ffe38000,0x00000007fff00000)
[429.336s][info][gc,heap,exit   ]   to   space 1024K, 0% used [0x00000007fff00000,0x00000007fff00000,0x0000000800000000)
[429.336s][info][gc,heap,exit   ]  ParOldGen       total 2796544K, used 15695K [0x0000000700000000, 0x00000007aab00000, 0x00000007aab00000)
[429.336s][info][gc,heap,exit   ]   object space 2796544K, 0% used [0x0000000700000000,0x0000000700f53e68,0x00000007aab00000)
[429.336s][info][gc,heap,exit   ]  Metaspace       used 61609K, capacity 63978K, committed 70192K, reserved 1107968K
[429.336s][info][gc,heap,exit   ]   class space    used 7721K, capacity 8737K, committed 11904K, reserved 1048576K
