[0.007s][info][gc] Min heap equals to max heap, disabling ShenandoahUncommit
[0.010s][info][gc] Heuristics ergonomically sets -XX:+ExplicitGCInvokesConcurrent
[0.010s][info][gc] Heuristics ergonomically sets -XX:+ShenandoahImplicitGCInvokesConcurrent
[0.010s][info][gc] Using Shenandoah
[0.025s][info][gc,ergo] Pacer for Idle. Initial: 163M, Alloc Tax Rate: 1.0x
[0.025s][info][gc,init] Version: 17.0.12+7-adhoc..jdk17u (release)
[0.025s][info][gc,init] CPUs: 6 total, 6 available
[0.025s][info][gc,init] Memory: 15591M
[0.025s][info][gc,init] Large Page Support: Disabled
[0.025s][info][gc,init] NUMA Support: Disabled
[0.025s][info][gc,init] Compressed Oops: Enabled (Zero based)
[0.025s][info][gc,init] Heap Min Capacity: 8G
[0.025s][info][gc,init] Heap Initial Capacity: 8G
[0.025s][info][gc,init] Heap Max Capacity: 8G
[0.025s][info][gc,init] Pre-touch: Disabled
[0.025s][info][gc,init] Mode: Snapshot-At-The-Beginning (SATB)
[0.025s][info][gc,init] Heuristics: Adaptive
[0.025s][info][gc,init] Heap Region Count: 2048
[0.025s][info][gc,init] Heap Region Size: 4M
[0.025s][info][gc,init] TLAB Size Max: 4M
[0.025s][info][gc,init] Humongous Object Threshold: 4M
[0.025s][info][gc,init] Parallel Workers: 3
[0.025s][info][gc,init] Concurrent Workers: 1
[0.031s][info][gc,metaspace] CDS archive(s) mapped at: [0x000002cd3f000000-0x000002cd3fbc0000-0x000002cd3fbc0000), size 12320768, SharedBaseAddress: 0x000002cd3f000000, ArchiveRelocationMode: 1.
[0.031s][info][gc,metaspace] Compressed class space mapped at: 0x000002cd40000000-0x000002cd80000000, reserved size: 1073741824
[0.032s][info][gc,metaspace] Narrow klass base: 0x000002cd3f000000, Narrow klass shift: 0, Narrow klass range: 0x100000000
[0.936s][info][gc          ] Trigger: Explicit GC request (System.gc())
[0.936s][info][gc,ergo     ] Free: 7760M, Max: 4096K regular, 7760M humongous, Frag: 0% external, 0% internal; Reserve: 412M, Max: 4096K
[0.936s][info][gc,start    ] GC(0) Concurrent reset
[0.936s][info][gc,task     ] GC(0) Using 1 of 3 workers for concurrent reset
[0.937s][info][gc,ergo     ] GC(0) Pacer for Reset. Non-Taxable: 8192M
[0.937s][info][gc          ] GC(0) Concurrent reset 0.349ms
[0.937s][info][gc,start    ] GC(0) Pause Init Mark (unload classes)
[0.937s][info][gc,task     ] GC(0) Using 3 of 3 workers for init marking
[0.938s][info][gc,ref      ] GC(0) Clearing All SoftReferences
[0.938s][info][gc,ergo     ] GC(0) Pacer for Mark. Expected Live: 819M, Free: 7760M, Non-Taxable: 776M, Alloc Tax Rate: 0.1x
[0.938s][info][gc          ] GC(0) Pause Init Mark (unload classes) 0.496ms
[0.938s][info][gc,start    ] GC(0) Concurrent marking roots
[0.938s][info][gc,task     ] GC(0) Using 1 of 3 workers for concurrent marking roots
[0.938s][info][gc          ] GC(0) Concurrent marking roots 0.444ms
[0.938s][info][gc,start    ] GC(0) Concurrent marking (unload classes)
[0.938s][info][gc,task     ] GC(0) Using 1 of 3 workers for concurrent marking
[0.941s][info][gc          ] GC(0) Concurrent marking (unload classes) 3.167ms
[0.941s][info][gc,start    ] GC(0) Pause Final Mark (unload classes)
[0.941s][info][gc,task     ] GC(0) Using 3 of 3 workers for final marking
[0.942s][info][gc,ergo     ] GC(0) Adaptive CSet Selection. Target Free: 1160M, Actual Free: 8172M, Max CSet: 341M, Min Garbage: 0B
[0.942s][info][gc,ergo     ] GC(0) Collectable Garbage: 17409K (100%), Immediate: 0B (0%), CSet: 17409K (100%)
[0.942s][info][gc,ergo     ] GC(0) Pacer for Evacuation. Used CSet: 20480K, Free: 7760M, Non-Taxable: 776M, Alloc Tax Rate: 1.1x
[0.942s][info][gc          ] GC(0) Pause Final Mark (unload classes) 0.450ms
[0.942s][info][gc,start    ] GC(0) Concurrent thread roots
[0.942s][info][gc,task     ] GC(0) Using 1 of 3 workers for Concurrent thread roots
[0.942s][info][gc          ] GC(0) Concurrent thread roots 0.558ms
[0.942s][info][gc,start    ] GC(0) Concurrent weak references
[0.943s][info][gc,task     ] GC(0) Using 1 of 3 workers for concurrent weak references
[0.943s][info][gc,ref      ] GC(0) Encountered references: Soft: 127, Weak: 348, Final: 3, Phantom: 78
[0.943s][info][gc,ref      ] GC(0) Discovered  references: Soft: 94, Weak: 204, Final: 1, Phantom: 58
[0.943s][info][gc,ref      ] GC(0) Enqueued    references: Soft: 52, Weak: 70, Final: 0, Phantom: 37
[0.943s][info][gc          ] GC(0) Concurrent weak references 0.202ms
[0.943s][info][gc,start    ] GC(0) Concurrent weak roots
[0.943s][info][gc,task     ] GC(0) Using 1 of 3 workers for concurrent weak root
[0.943s][info][gc          ] GC(0) Concurrent weak roots 0.449ms
[0.943s][info][gc,start    ] GC(0) Concurrent cleanup
[0.943s][info][gc          ] GC(0) Concurrent cleanup 20M->20M(8192M) 0.018ms
[0.943s][info][gc,ergo     ] GC(0) Free: 7760M, Max: 4096K regular, 7760M humongous, Frag: 0% external, 0% internal; Reserve: 411M, Max: 4096K
[0.943s][info][gc,start    ] GC(0) Concurrent class unloading
[0.943s][info][gc,task     ] GC(0) Using 1 of 3 workers for concurrent class unloading
[0.945s][info][gc          ] GC(0) Concurrent class unloading 1.524ms
[0.945s][info][gc,start    ] GC(0) Concurrent strong roots
[0.945s][info][gc,task     ] GC(0) Using 1 of 3 workers for concurrent strong root
[0.945s][info][gc          ] GC(0) Concurrent strong roots 0.238ms
[0.945s][info][gc,start    ] GC(0) Concurrent evacuation
[0.945s][info][gc,task     ] GC(0) Using 1 of 3 workers for concurrent evacuation
[0.947s][info][gc          ] GC(0) Concurrent evacuation 1.665ms
[0.947s][info][gc,start    ] GC(0) Pause Init Update Refs
[0.947s][info][gc,ergo     ] GC(0) Pacer for Update Refs. Used: 24576K, Free: 7760M, Non-Taxable: 776M, Alloc Tax Rate: 1.1x
[0.947s][info][gc          ] GC(0) Pause Init Update Refs 0.035ms
[0.947s][info][gc,start    ] GC(0) Concurrent update references
[0.947s][info][gc,task     ] GC(0) Using 1 of 3 workers for concurrent reference update
[0.949s][info][gc          ] GC(0) Concurrent update references 2.334ms
[0.949s][info][gc,start    ] GC(0) Concurrent update thread roots
[0.950s][info][gc          ] GC(0) Concurrent update thread roots 0.510ms
[0.950s][info][gc,start    ] GC(0) Pause Final Update Refs
[0.950s][info][gc,task     ] GC(0) Using 3 of 3 workers for final reference update
[0.950s][info][gc          ] GC(0) Pause Final Update Refs 0.107ms
[0.950s][info][gc,start    ] GC(0) Concurrent cleanup
[0.950s][info][gc          ] GC(0) Concurrent cleanup 24M->4M(8192M) 0.055ms
[0.950s][info][gc,ergo     ] Free: 7776M, Max: 4096K regular, 7776M humongous, Frag: 0% external, 0% internal; Reserve: 412M, Max: 4096K
[0.950s][info][gc,stats    ] 
[0.950s][info][gc,stats    ] All times are wall-clock times, except per-root-class counters, that are sum over
[0.950s][info][gc,stats    ] all workers. Dividing the <total> over the root stage time estimates parallelism.
[0.950s][info][gc,stats    ] 
[0.950s][info][gc,stats    ] Concurrent Reset                    417 us
[0.950s][info][gc,stats    ] Pause Init Mark (G)                 733 us
[0.950s][info][gc,stats    ] Pause Init Mark (N)                 509 us
[0.950s][info][gc,stats    ]   Update Region States              114 us
[0.950s][info][gc,stats    ] Concurrent Mark Roots               462 us, parallelism: 0.77x
[0.950s][info][gc,stats    ]   CMR: <total>                      354 us
[0.950s][info][gc,stats    ]   CMR: Thread Roots                 230 us, workers (us): 230, ---, ---, 
[0.950s][info][gc,stats    ]   CMR: VM Strong Roots               36 us, workers (us):  36, ---, ---, 
[0.950s][info][gc,stats    ]   CMR: CLDG Roots                    87 us, workers (us):  87, ---, ---, 
[0.950s][info][gc,stats    ] Concurrent Marking                 3226 us
[0.950s][info][gc,stats    ] Pause Final Mark (G)                625 us
[0.951s][info][gc,stats    ] Pause Final Mark (N)                472 us
[0.951s][info][gc,stats    ]   Finish Mark                       130 us
[0.951s][info][gc,stats    ]   Update Region States               78 us
[0.951s][info][gc,stats    ]   Choose Collection Set              99 us
[0.951s][info][gc,stats    ]   Rebuild Free Set                   21 us
[0.951s][info][gc,stats    ] Concurrent Thread Roots             579 us, parallelism: 0.81x
[0.951s][info][gc,stats    ]   CTR: <total>                      471 us
[0.951s][info][gc,stats    ]   CTR: Thread Roots                 471 us, workers (us): 471, ---, ---, 
[0.951s][info][gc,stats    ] Concurrent Weak References          210 us, parallelism: 0.21x
[0.951s][info][gc,stats    ]   CWRF: <total>                      44 us
[0.951s][info][gc,stats    ]   CWRF: Weak References              44 us, workers (us):  44, ---, ---, 
[0.951s][info][gc,stats    ] Concurrent Weak Roots               468 us
[0.951s][info][gc,stats    ]   Roots                             365 us, parallelism: 0.85x
[0.951s][info][gc,stats    ]     CWR: <total>                    310 us
[0.951s][info][gc,stats    ]     CWR: Code Cache Roots           145 us, workers (us): 145, ---, ---, 
[0.951s][info][gc,stats    ]     CWR: VM Weak Roots              163 us, workers (us): 163, ---, ---, 
[0.951s][info][gc,stats    ]     CWR: CLDG Roots                   2 us, workers (us):   2, ---, ---, 
[0.951s][info][gc,stats    ]   Rendezvous                         67 us
[0.951s][info][gc,stats    ] Concurrent Cleanup                   27 us
[0.951s][info][gc,stats    ] Concurrent Class Unloading         1570 us
[0.951s][info][gc,stats    ]   Unlink Stale                     1356 us
[0.951s][info][gc,stats    ]     System Dictionary                78 us
[0.951s][info][gc,stats    ]     Weak Class Links                577 us
[0.951s][info][gc,stats    ]     Code Roots                      699 us
[0.951s][info][gc,stats    ]   Rendezvous                         59 us
[0.951s][info][gc,stats    ]   Purge Unlinked                     91 us
[0.951s][info][gc,stats    ]     Code Roots                       58 us
[0.951s][info][gc,stats    ]     CLDG                             32 us
[0.951s][info][gc,stats    ]     Exception Caches                  0 us
[0.951s][info][gc,stats    ] Concurrent Strong Roots             259 us, parallelism: 0.67x
[0.951s][info][gc,stats    ]   CSR: <total>                      173 us
[0.951s][info][gc,stats    ]   CSR: VM Strong Roots                8 us, workers (us):   8, ---, ---, 
[0.951s][info][gc,stats    ]   CSR: CLDG Roots                   165 us, workers (us): 165, ---, ---, 
[0.951s][info][gc,stats    ] Concurrent Evacuation              1735 us
[0.951s][info][gc,stats    ] Pause Init Update Refs (G)          157 us
[0.951s][info][gc,stats    ] Pause Init Update Refs (N)           43 us
[0.951s][info][gc,stats    ]   Manage GCLABs                       2 us
[0.951s][info][gc,stats    ] Concurrent Update Refs             2411 us
[0.951s][info][gc,stats    ] Concurrent Update Thread Roots      549 us
[0.951s][info][gc,stats    ] Pause Final Update Refs (G)         200 us
[0.951s][info][gc,stats    ] Pause Final Update Refs (N)         126 us
[0.951s][info][gc,stats    ]   Update Region States               66 us
[0.951s][info][gc,stats    ]   Trash Collection Set                2 us
[0.951s][info][gc,stats    ]   Rebuild Free Set                    9 us
[0.951s][info][gc,stats    ] Concurrent Cleanup                   76 us
[0.951s][info][gc,stats    ] 
[0.951s][info][gc,stats    ] Allocation pacing accrued:
[0.951s][info][gc,stats    ]       0 of   926 ms (  0.0%): <total>
[0.951s][info][gc,stats    ]       0 of   926 ms (  0.0%): <average total>
[0.951s][info][gc,stats    ] 
[0.951s][info][gc,metaspace] Metaspace: 3021K(3136K)->3005K(3136K) NonClass: 2698K(2752K)->2686K(2752K) Class: 323K(384K)->319K(384K)
[0.951s][info][gc,ergo     ] Pacer for Idle. Initial: 163M, Alloc Tax Rate: 1.0x
[4.095s][info][gc          ] Trigger: Explicit GC request (System.gc())
[4.095s][info][gc,ergo     ] Free: 7388M, Max: 4096K regular, 7388M humongous, Frag: 0% external, 0% internal; Reserve: 412M, Max: 4096K
[4.096s][info][gc,start    ] GC(1) Concurrent reset
[4.096s][info][gc,task     ] GC(1) Using 1 of 3 workers for concurrent reset
[4.096s][info][gc,ergo     ] GC(1) Pacer for Reset. Non-Taxable: 8192M
[4.096s][info][gc          ] GC(1) Concurrent reset 0.473ms
[4.096s][info][gc,start    ] GC(1) Pause Init Mark (unload classes)
[4.096s][info][gc,task     ] GC(1) Using 3 of 3 workers for init marking
[4.096s][info][gc,ref      ] GC(1) Clearing All SoftReferences
[4.096s][info][gc,ergo     ] GC(1) Pacer for Mark. Expected Live: 3070K, Free: 7388M, Non-Taxable: 738M, Alloc Tax Rate: 0.0x
[4.096s][info][gc          ] GC(1) Pause Init Mark (unload classes) 0.184ms
[4.096s][info][gc,start    ] GC(1) Concurrent marking roots
[4.096s][info][gc,task     ] GC(1) Using 1 of 3 workers for concurrent marking roots
[4.097s][info][gc          ] GC(1) Concurrent marking roots 0.632ms
[4.097s][info][gc,start    ] GC(1) Concurrent marking (unload classes)
[4.097s][info][gc,task     ] GC(1) Using 1 of 3 workers for concurrent marking
[4.268s][info][gc          ] GC(1) Concurrent marking (unload classes) 171.158ms
[4.268s][info][gc,start    ] GC(1) Pause Final Mark (unload classes)
[4.268s][info][gc,task     ] GC(1) Using 3 of 3 workers for final marking
[4.269s][info][gc,ergo     ] GC(1) Adaptive CSet Selection. Target Free: 1160M, Actual Free: 7840M, Max CSet: 341M, Min Garbage: 0B
[4.269s][info][gc,ergo     ] GC(1) Collectable Garbage: 245M (97%), Immediate: 41609K (16%), CSet: 204M (81%)
[4.269s][info][gc,ergo     ] GC(1) Pacer for Evacuation. Used CSet: 291M, Free: 7436M, Non-Taxable: 743M, Alloc Tax Rate: 1.1x
[4.269s][info][gc          ] GC(1) Pause Final Mark (unload classes) 0.481ms
[4.269s][info][gc,start    ] GC(1) Concurrent thread roots
[4.269s][info][gc,task     ] GC(1) Using 1 of 3 workers for Concurrent thread roots
[4.270s][info][gc          ] GC(1) Concurrent thread roots 0.692ms
[4.270s][info][gc,start    ] GC(1) Concurrent weak references
[4.270s][info][gc,task     ] GC(1) Using 1 of 3 workers for concurrent weak references
[4.275s][info][gc,ref      ] GC(1) Encountered references: Soft: 35245, Weak: 507, Final: 4, Phantom: 1712
[4.275s][info][gc,ref      ] GC(1) Discovered  references: Soft: 35152, Weak: 293, Final: 2, Phantom: 1701
[4.275s][info][gc,ref      ] GC(1) Enqueued    references: Soft: 35097, Weak: 55, Final: 1, Phantom: 1670
[4.275s][info][gc          ] GC(1) Concurrent weak references 5.358ms
[4.275s][info][gc,start    ] GC(1) Concurrent weak roots
[4.275s][info][gc,task     ] GC(1) Using 1 of 3 workers for concurrent weak root
[4.277s][info][gc          ] GC(1) Concurrent weak roots 1.600ms
[4.277s][info][gc,start    ] GC(1) Concurrent cleanup
[4.277s][info][gc          ] GC(1) Concurrent cleanup 389M->352M(8192M) 0.030ms
[4.277s][info][gc,ergo     ] GC(1) Free: 7428M, Max: 4096K regular, 7384M humongous, Frag: 1% external, 0% internal; Reserve: 410M, Max: 4096K
[4.277s][info][gc,start    ] GC(1) Concurrent class unloading
[4.277s][info][gc,task     ] GC(1) Using 1 of 3 workers for concurrent class unloading
[4.283s][info][gc          ] GC(1) Concurrent class unloading 6.118ms
[4.283s][info][gc,start    ] GC(1) Concurrent strong roots
[4.283s][info][gc,task     ] GC(1) Using 1 of 3 workers for concurrent strong root
[4.283s][info][gc          ] GC(1) Concurrent strong roots 0.413ms
[4.283s][info][gc,start    ] GC(1) Concurrent evacuation
[4.283s][info][gc,task     ] GC(1) Using 1 of 3 workers for concurrent evacuation
[4.342s][info][gc          ] GC(1) Concurrent evacuation 58.768ms
[4.342s][info][gc,start    ] GC(1) Pause Init Update Refs
[4.342s][info][gc,ergo     ] GC(1) Pacer for Update Refs. Used: 443M, Free: 7428M, Non-Taxable: 742M, Alloc Tax Rate: 1.1x
[4.342s][info][gc          ] GC(1) Pause Init Update Refs 0.108ms
[4.342s][info][gc,start    ] GC(1) Concurrent update references
[4.342s][info][gc,task     ] GC(1) Using 1 of 3 workers for concurrent reference update
[4.420s][info][gc          ] GC(1) Concurrent update references 78.032ms
[4.421s][info][gc,start    ] GC(1) Concurrent update thread roots
[4.421s][info][gc          ] GC(1) Concurrent update thread roots 0.779ms
[4.421s][info][gc,start    ] GC(1) Pause Final Update Refs
[4.421s][info][gc,task     ] GC(1) Using 3 of 3 workers for final reference update
[4.422s][info][gc          ] GC(1) Pause Final Update Refs 0.264ms
[4.422s][info][gc,start    ] GC(1) Concurrent cleanup
[4.422s][info][gc          ] GC(1) Concurrent cleanup 443M->151M(8192M) 0.034ms
[4.422s][info][gc,ergo     ] Free: 7628M, Max: 4096K regular, 7296M humongous, Frag: 5% external, 0% internal; Reserve: 412M, Max: 4096K
[4.422s][info][gc,stats    ] 
[4.422s][info][gc,stats    ] All times are wall-clock times, except per-root-class counters, that are sum over
[4.422s][info][gc,stats    ] all workers. Dividing the <total> over the root stage time estimates parallelism.
[4.422s][info][gc,stats    ] 
[4.422s][info][gc,stats    ] Concurrent Reset                    532 us
[4.422s][info][gc,stats    ] Pause Init Mark (G)                 323 us
[4.422s][info][gc,stats    ] Pause Init Mark (N)                 193 us
[4.422s][info][gc,stats    ]   Update Region States               93 us
[4.422s][info][gc,stats    ] Concurrent Mark Roots               650 us, parallelism: 0.71x
[4.422s][info][gc,stats    ]   CMR: <total>                      460 us
[4.422s][info][gc,stats    ]   CMR: Thread Roots                 282 us, workers (us): 282, ---, ---, 
[4.422s][info][gc,stats    ]   CMR: VM Strong Roots               40 us, workers (us):  40, ---, ---, 
[4.422s][info][gc,stats    ]   CMR: CLDG Roots                   138 us, workers (us): 138, ---, ---, 
[4.422s][info][gc,stats    ] Concurrent Marking               171228 us
[4.422s][info][gc,stats    ] Pause Final Mark (G)                637 us
[4.422s][info][gc,stats    ] Pause Final Mark (N)                503 us
[4.422s][info][gc,stats    ]   Finish Mark                       139 us
[4.422s][info][gc,stats    ]   Update Region States               74 us
[4.422s][info][gc,stats    ]   Choose Collection Set             117 us
[4.422s][info][gc,stats    ]   Rebuild Free Set                   21 us
[4.422s][info][gc,stats    ] Concurrent Thread Roots             717 us, parallelism: 0.83x
[4.422s][info][gc,stats    ]   CTR: <total>                      593 us
[4.422s][info][gc,stats    ]   CTR: Thread Roots                 593 us, workers (us): 593, ---, ---, 
[4.422s][info][gc,stats    ] Concurrent Weak References         5375 us, parallelism: 0.95x
[4.422s][info][gc,stats    ]   CWRF: <total>                    5127 us
[4.422s][info][gc,stats    ]   CWRF: Weak References            5127 us, workers (us): 5127, ---, ---, 
[4.422s][info][gc,stats    ] Concurrent Weak Roots              1656 us
[4.422s][info][gc,stats    ]   Roots                            1511 us, parallelism: 0.89x
[4.422s][info][gc,stats    ]     CWR: <total>                   1344 us
[4.422s][info][gc,stats    ]     CWR: Code Cache Roots           685 us, workers (us): 685, ---, ---, 
[4.422s][info][gc,stats    ]     CWR: VM Weak Roots              654 us, workers (us): 654, ---, ---, 
[4.422s][info][gc,stats    ]     CWR: CLDG Roots                   5 us, workers (us):   5, ---, ---, 
[4.422s][info][gc,stats    ]   Rendezvous                         53 us
[4.422s][info][gc,stats    ] Concurrent Cleanup                   38 us
[4.422s][info][gc,stats    ] Concurrent Class Unloading         6170 us
[4.422s][info][gc,stats    ]   Unlink Stale                     5810 us
[4.422s][info][gc,stats    ]     System Dictionary               119 us
[4.422s][info][gc,stats    ]     Weak Class Links               2299 us
[4.422s][info][gc,stats    ]     Code Roots                     3389 us
[4.422s][info][gc,stats    ]   Rendezvous                         73 us
[4.422s][info][gc,stats    ]   Purge Unlinked                    214 us
[4.422s][info][gc,stats    ]     Code Roots                      171 us
[4.422s][info][gc,stats    ]     CLDG                             43 us
[4.422s][info][gc,stats    ]     Exception Caches                  0 us
[4.422s][info][gc,stats    ] Concurrent Strong Roots             449 us, parallelism: 0.81x
[4.422s][info][gc,stats    ]   CSR: <total>                      362 us
[4.422s][info][gc,stats    ]   CSR: VM Strong Roots               14 us, workers (us):  14, ---, ---, 
[4.422s][info][gc,stats    ]   CSR: CLDG Roots                   348 us, workers (us): 348, ---, ---, 
[4.422s][info][gc,stats    ] Concurrent Evacuation             58840 us
[4.422s][info][gc,stats    ] Pause Init Update Refs (G)          281 us
[4.422s][info][gc,stats    ] Pause Init Update Refs (N)          130 us
[4.422s][info][gc,stats    ]   Manage GCLABs                       7 us
[4.422s][info][gc,stats    ] Concurrent Update Refs            78102 us
[4.422s][info][gc,stats    ] Concurrent Update Thread Roots      798 us
[4.422s][info][gc,stats    ] Pause Final Update Refs (G)         393 us
[4.422s][info][gc,stats    ] Pause Final Update Refs (N)         316 us
[4.422s][info][gc,stats    ]   Update Region States              115 us
[4.422s][info][gc,stats    ]   Trash Collection Set                7 us
[4.422s][info][gc,stats    ]   Rebuild Free Set                   25 us
[4.422s][info][gc,stats    ] Concurrent Cleanup                   44 us
[4.422s][info][gc,stats    ] 
[4.422s][info][gc,stats    ] Allocation pacing accrued:
[4.422s][info][gc,stats    ]       0 of  3471 ms (  0.0%): <total>
[4.422s][info][gc,stats    ]       0 of  3471 ms (  0.0%): <average total>
[4.422s][info][gc,stats    ] 
[4.422s][info][gc,metaspace] Metaspace: 12125K(12288K)->12101K(12288K) NonClass: 10777K(10880K)->10762K(10880K) Class: 1348K(1408K)->1339K(1408K)
[4.422s][info][gc,ergo     ] Pacer for Idle. Initial: 163M, Alloc Tax Rate: 1.0x
[6.754s][info][gc          ] Trigger: Explicit GC request (System.gc())
[6.755s][info][gc,ergo     ] Free: 7260M, Max: 4096K regular, 7260M humongous, Frag: 0% external, 0% internal; Reserve: 412M, Max: 4096K
[6.755s][info][gc,start    ] GC(2) Concurrent reset
[6.755s][info][gc,task     ] GC(2) Using 1 of 3 workers for concurrent reset
[6.755s][info][gc,ergo     ] GC(2) Pacer for Reset. Non-Taxable: 8192M
[6.756s][info][gc          ] GC(2) Concurrent reset 1.550ms
[6.756s][info][gc,start    ] GC(2) Pause Init Mark (unload classes)
[6.756s][info][gc,task     ] GC(2) Using 3 of 3 workers for init marking
[6.756s][info][gc,ref      ] GC(2) Clearing All SoftReferences
[6.756s][info][gc,ergo     ] GC(2) Pacer for Mark. Expected Live: 69169K, Free: 7260M, Non-Taxable: 726M, Alloc Tax Rate: 0.0x
[6.756s][info][gc          ] GC(2) Pause Init Mark (unload classes) 0.196ms
[6.757s][info][gc,start    ] GC(2) Concurrent marking roots
[6.757s][info][gc,task     ] GC(2) Using 1 of 3 workers for concurrent marking roots
[6.757s][info][gc          ] GC(2) Concurrent marking roots 0.493ms
[6.757s][info][gc,start    ] GC(2) Concurrent marking (unload classes)
[6.757s][info][gc,task     ] GC(2) Using 1 of 3 workers for concurrent marking
[6.926s][info][gc          ] GC(2) Concurrent marking (unload classes) 168.867ms
[6.926s][info][gc,start    ] GC(2) Pause Final Mark (unload classes)
[6.926s][info][gc,task     ] GC(2) Using 3 of 3 workers for final marking
[6.926s][info][gc,ergo     ] GC(2) Adaptive CSet Selection. Target Free: 1160M, Actual Free: 7760M, Max CSet: 341M, Min Garbage: 0B
[6.926s][info][gc,ergo     ] GC(2) Collectable Garbage: 374M (98%), Immediate: 90761K (23%), CSet: 286M (75%)
[6.927s][info][gc,ergo     ] GC(2) Pacer for Evacuation. Used CSet: 371M, Free: 7356M, Non-Taxable: 735M, Alloc Tax Rate: 1.1x
[6.927s][info][gc          ] GC(2) Pause Final Mark (unload classes) 0.474ms
[6.927s][info][gc,start    ] GC(2) Concurrent thread roots
[6.927s][info][gc,task     ] GC(2) Using 1 of 3 workers for Concurrent thread roots
[6.927s][info][gc          ] GC(2) Concurrent thread roots 0.403ms
[6.927s][info][gc,start    ] GC(2) Concurrent weak references
[6.927s][info][gc,task     ] GC(2) Using 1 of 3 workers for concurrent weak references
[6.932s][info][gc,ref      ] GC(2) Encountered references: Soft: 35210, Weak: 461, Final: 4, Phantom: 1668
[6.932s][info][gc,ref      ] GC(2) Discovered  references: Soft: 35117, Weak: 247, Final: 2, Phantom: 1650
[6.932s][info][gc,ref      ] GC(2) Enqueued    references: Soft: 35062, Weak: 9, Final: 1, Phantom: 1626
[6.932s][info][gc          ] GC(2) Concurrent weak references 5.182ms
[6.932s][info][gc,start    ] GC(2) Concurrent weak roots
[6.932s][info][gc,task     ] GC(2) Using 1 of 3 workers for concurrent weak root
[6.934s][info][gc          ] GC(2) Concurrent weak roots 1.524ms
[6.934s][info][gc,start    ] GC(2) Concurrent cleanup
[6.934s][info][gc          ] GC(2) Concurrent cleanup 513M->425M(8192M) 0.029ms
[6.934s][info][gc,ergo     ] GC(2) Free: 7356M, Max: 4096K regular, 7312M humongous, Frag: 1% external, 0% internal; Reserve: 410M, Max: 4096K
[6.934s][info][gc,start    ] GC(2) Concurrent class unloading
[6.934s][info][gc,task     ] GC(2) Using 1 of 3 workers for concurrent class unloading
[6.938s][info][gc          ] GC(2) Concurrent class unloading 4.043ms
[6.938s][info][gc,start    ] GC(2) Concurrent strong roots
[6.938s][info][gc,task     ] GC(2) Using 1 of 3 workers for concurrent strong root
[6.938s][info][gc          ] GC(2) Concurrent strong roots 0.181ms
[6.938s][info][gc,start    ] GC(2) Concurrent evacuation
[6.938s][info][gc,task     ] GC(2) Using 1 of 3 workers for concurrent evacuation
[6.992s][info][gc          ] GC(2) Concurrent evacuation 53.806ms
[6.992s][info][gc,start    ] GC(2) Pause Init Update Refs
[6.993s][info][gc,ergo     ] GC(2) Pacer for Update Refs. Used: 511M, Free: 7356M, Non-Taxable: 735M, Alloc Tax Rate: 1.1x
[6.993s][info][gc          ] GC(2) Pause Init Update Refs 0.110ms
[6.993s][info][gc,start    ] GC(2) Concurrent update references
[6.993s][info][gc,task     ] GC(2) Using 1 of 3 workers for concurrent reference update
[7.069s][info][gc          ] GC(2) Concurrent update references 76.795ms
[7.069s][info][gc,start    ] GC(2) Concurrent update thread roots
[7.070s][info][gc          ] GC(2) Concurrent update thread roots 0.677ms
[7.070s][info][gc,start    ] GC(2) Pause Final Update Refs
[7.070s][info][gc,task     ] GC(2) Using 3 of 3 workers for final reference update
[7.070s][info][gc          ] GC(2) Pause Final Update Refs 0.128ms
[7.070s][info][gc,start    ] GC(2) Concurrent cleanup
[7.070s][info][gc          ] GC(2) Concurrent cleanup 511M->140M(8192M) 0.036ms
[7.070s][info][gc,ergo     ] Free: 7640M, Max: 4096K regular, 7592M humongous, Frag: 1% external, 0% internal; Reserve: 412M, Max: 4096K
[7.071s][info][gc,stats    ] 
[7.071s][info][gc,stats    ] All times are wall-clock times, except per-root-class counters, that are sum over
[7.071s][info][gc,stats    ] all workers. Dividing the <total> over the root stage time estimates parallelism.
[7.071s][info][gc,stats    ] 
[7.071s][info][gc,stats    ] Concurrent Reset                   1618 us
[7.071s][info][gc,stats    ] Pause Init Mark (G)                 359 us
[7.071s][info][gc,stats    ] Pause Init Mark (N)                 213 us
[7.071s][info][gc,stats    ]   Update Region States               75 us
[7.071s][info][gc,stats    ] Concurrent Mark Roots               512 us, parallelism: 0.72x
[7.071s][info][gc,stats    ]   CMR: <total>                      368 us
[7.071s][info][gc,stats    ]   CMR: Thread Roots                 298 us, workers (us): 298, ---, ---, 
[7.071s][info][gc,stats    ]   CMR: VM Strong Roots               21 us, workers (us):  21, ---, ---, 
[7.071s][info][gc,stats    ]   CMR: CLDG Roots                    49 us, workers (us):  49, ---, ---, 
[7.071s][info][gc,stats    ] Concurrent Marking               168936 us
[7.071s][info][gc,stats    ] Pause Final Mark (G)                622 us
[7.071s][info][gc,stats    ] Pause Final Mark (N)                496 us
[7.071s][info][gc,stats    ]   Finish Mark                        98 us
[7.071s][info][gc,stats    ]   Update Region States               95 us
[7.071s][info][gc,stats    ]   Choose Collection Set             125 us
[7.071s][info][gc,stats    ]   Rebuild Free Set                   22 us
[7.071s][info][gc,stats    ] Concurrent Thread Roots             421 us, parallelism: 0.72x
[7.071s][info][gc,stats    ]   CTR: <total>                      302 us
[7.071s][info][gc,stats    ]   CTR: Thread Roots                 302 us, workers (us): 302, ---, ---, 
[7.071s][info][gc,stats    ] Concurrent Weak References         5200 us, parallelism: 0.95x
[7.071s][info][gc,stats    ]   CWRF: <total>                    4945 us
[7.071s][info][gc,stats    ]   CWRF: Weak References            4945 us, workers (us): 4945, ---, ---, 
[7.071s][info][gc,stats    ] Concurrent Weak Roots              1571 us
[7.071s][info][gc,stats    ]   Roots                            1395 us, parallelism: 0.89x
[7.071s][info][gc,stats    ]     CWR: <total>                   1239 us
[7.071s][info][gc,stats    ]     CWR: Code Cache Roots           816 us, workers (us): 816, ---, ---, 
[7.071s][info][gc,stats    ]     CWR: VM Weak Roots              418 us, workers (us): 418, ---, ---, 
[7.071s][info][gc,stats    ]     CWR: CLDG Roots                   5 us, workers (us):   5, ---, ---, 
[7.071s][info][gc,stats    ]   Rendezvous                         90 us
[7.071s][info][gc,stats    ] Concurrent Cleanup                   38 us
[7.071s][info][gc,stats    ] Concurrent Class Unloading         4090 us
[7.071s][info][gc,stats    ]   Unlink Stale                     3800 us
[7.071s][info][gc,stats    ]     System Dictionary                 4 us
[7.071s][info][gc,stats    ]     Weak Class Links                  0 us
[7.071s][info][gc,stats    ]     Code Roots                     3795 us
[7.071s][info][gc,stats    ]   Rendezvous                         62 us
[7.071s][info][gc,stats    ]   Purge Unlinked                    162 us
[7.071s][info][gc,stats    ]     Code Roots                      156 us
[7.071s][info][gc,stats    ]     CLDG                              6 us
[7.071s][info][gc,stats    ]     Exception Caches                  0 us
[7.071s][info][gc,stats    ] Concurrent Strong Roots             199 us, parallelism: 0.62x
[7.071s][info][gc,stats    ]   CSR: <total>                      123 us
[7.071s][info][gc,stats    ]   CSR: VM Strong Roots                8 us, workers (us):   8, ---, ---, 
[7.071s][info][gc,stats    ]   CSR: CLDG Roots                   115 us, workers (us): 115, ---, ---, 
[7.071s][info][gc,stats    ] Concurrent Evacuation             53879 us
[7.071s][info][gc,stats    ] Pause Init Update Refs (G)          557 us
[7.071s][info][gc,stats    ] Pause Init Update Refs (N)          132 us
[7.071s][info][gc,stats    ]   Manage GCLABs                       6 us
[7.071s][info][gc,stats    ] Concurrent Update Refs            76867 us
[7.071s][info][gc,stats    ] Concurrent Update Thread Roots      716 us
[7.071s][info][gc,stats    ] Pause Final Update Refs (G)         219 us
[7.071s][info][gc,stats    ] Pause Final Update Refs (N)         145 us
[7.071s][info][gc,stats    ]   Update Region States               41 us
[7.071s][info][gc,stats    ]   Trash Collection Set                3 us
[7.071s][info][gc,stats    ]   Rebuild Free Set                   14 us
[7.071s][info][gc,stats    ] Concurrent Cleanup                   46 us
[7.071s][info][gc,stats    ] 
[7.071s][info][gc,stats    ] Allocation pacing accrued:
[7.071s][info][gc,stats    ]       0 of  2649 ms (  0.0%): <total>
[7.071s][info][gc,stats    ]       0 of  2649 ms (  0.0%): <average total>
[7.071s][info][gc,stats    ] 
[7.071s][info][gc,metaspace] Metaspace: 12117K(12288K)->12121K(12288K) NonClass: 10778K(10880K)->10781K(10880K) Class: 1339K(1408K)->1339K(1408K)
[7.071s][info][gc,ergo     ] Pacer for Idle. Initial: 163M, Alloc Tax Rate: 1.0x
[8.878s][info][gc          ] Trigger: Explicit GC request (System.gc())
[8.878s][info][gc,ergo     ] Free: 7272M, Max: 4096K regular, 7272M humongous, Frag: 0% external, 0% internal; Reserve: 412M, Max: 4096K
[8.878s][info][gc,start    ] GC(3) Concurrent reset
[8.878s][info][gc,task     ] GC(3) Using 1 of 3 workers for concurrent reset
[8.878s][info][gc,ergo     ] GC(3) Pacer for Reset. Non-Taxable: 8192M
[8.881s][info][gc          ] GC(3) Concurrent reset 2.227ms
[8.881s][info][gc,start    ] GC(3) Pause Init Mark (unload classes)
[8.881s][info][gc,task     ] GC(3) Using 3 of 3 workers for init marking
[8.881s][info][gc,ref      ] GC(3) Clearing All SoftReferences
[8.881s][info][gc,ergo     ] GC(3) Pacer for Mark. Expected Live: 91202K, Free: 7272M, Non-Taxable: 727M, Alloc Tax Rate: 0.0x
[8.881s][info][gc          ] GC(3) Pause Init Mark (unload classes) 0.140ms
[8.881s][info][gc,start    ] GC(3) Concurrent marking roots
[8.881s][info][gc,task     ] GC(3) Using 1 of 3 workers for concurrent marking roots
[8.882s][info][gc          ] GC(3) Concurrent marking roots 0.528ms
[8.882s][info][gc,start    ] GC(3) Concurrent marking (unload classes)
[8.882s][info][gc,task     ] GC(3) Using 1 of 3 workers for concurrent marking
[9.051s][info][gc          ] GC(3) Concurrent marking (unload classes) 168.972ms
[9.051s][info][gc,start    ] GC(3) Pause Final Mark (unload classes)
[9.051s][info][gc,task     ] GC(3) Using 3 of 3 workers for final marking
[9.051s][info][gc,ergo     ] GC(3) Adaptive CSet Selection. Target Free: 1160M, Actual Free: 7800M, Max CSet: 341M, Min Garbage: 0B
[9.051s][info][gc,ergo     ] GC(3) Collectable Garbage: 363M (98%), Immediate: 116M (31%), CSet: 246M (66%)
[9.051s][info][gc,ergo     ] GC(3) Pacer for Evacuation. Used CSet: 331M, Free: 7396M, Non-Taxable: 739M, Alloc Tax Rate: 1.1x
[9.051s][info][gc          ] GC(3) Pause Final Mark (unload classes) 0.490ms
[9.051s][info][gc,start    ] GC(3) Concurrent thread roots
[9.051s][info][gc,task     ] GC(3) Using 1 of 3 workers for Concurrent thread roots
[9.052s][info][gc          ] GC(3) Concurrent thread roots 0.306ms
[9.052s][info][gc,start    ] GC(3) Concurrent weak references
[9.052s][info][gc,task     ] GC(3) Using 1 of 3 workers for concurrent weak references
[9.057s][info][gc,ref      ] GC(3) Encountered references: Soft: 35210, Weak: 461, Final: 4, Phantom: 1668
[9.057s][info][gc,ref      ] GC(3) Discovered  references: Soft: 35117, Weak: 247, Final: 2, Phantom: 1656
[9.057s][info][gc,ref      ] GC(3) Enqueued    references: Soft: 35062, Weak: 9, Final: 1, Phantom: 1626
[9.057s][info][gc          ] GC(3) Concurrent weak references 5.111ms
[9.057s][info][gc,start    ] GC(3) Concurrent weak roots
[9.057s][info][gc,task     ] GC(3) Using 1 of 3 workers for concurrent weak root
[9.058s][info][gc          ] GC(3) Concurrent weak roots 1.546ms
[9.058s][info][gc,start    ] GC(3) Concurrent cleanup
[9.058s][info][gc          ] GC(3) Concurrent cleanup 501M->385M(8192M) 0.043ms
[9.058s][info][gc,ergo     ] GC(3) Free: 7396M, Max: 4096K regular, 7336M humongous, Frag: 1% external, 0% internal; Reserve: 410M, Max: 4096K
[9.058s][info][gc,start    ] GC(3) Concurrent class unloading
[9.058s][info][gc,task     ] GC(3) Using 1 of 3 workers for concurrent class unloading
[9.062s][info][gc          ] GC(3) Concurrent class unloading 3.321ms
[9.062s][info][gc,start    ] GC(3) Concurrent strong roots
[9.062s][info][gc,task     ] GC(3) Using 1 of 3 workers for concurrent strong root
[9.062s][info][gc          ] GC(3) Concurrent strong roots 0.164ms
[9.062s][info][gc,start    ] GC(3) Concurrent evacuation
[9.062s][info][gc,task     ] GC(3) Using 1 of 3 workers for concurrent evacuation
[9.109s][info][gc          ] GC(3) Concurrent evacuation 47.301ms
[9.109s][info][gc,start    ] GC(3) Pause Init Update Refs
[9.109s][info][gc,ergo     ] GC(3) Pacer for Update Refs. Used: 471M, Free: 7396M, Non-Taxable: 739M, Alloc Tax Rate: 1.1x
[9.110s][info][gc          ] GC(3) Pause Init Update Refs 0.086ms
[9.110s][info][gc,start    ] GC(3) Concurrent update references
[9.110s][info][gc,task     ] GC(3) Using 1 of 3 workers for concurrent reference update
[9.186s][info][gc          ] GC(3) Concurrent update references 76.491ms
[9.186s][info][gc,start    ] GC(3) Concurrent update thread roots
[9.187s][info][gc          ] GC(3) Concurrent update thread roots 0.730ms
[9.187s][info][gc,start    ] GC(3) Pause Final Update Refs
[9.187s][info][gc,task     ] GC(3) Using 3 of 3 workers for final reference update
[9.187s][info][gc          ] GC(3) Pause Final Update Refs 0.225ms
[9.187s][info][gc,start    ] GC(3) Concurrent cleanup
[9.187s][info][gc          ] GC(3) Concurrent cleanup 471M->140M(8192M) 0.064ms
[9.187s][info][gc,ergo     ] Free: 7640M, Max: 4096K regular, 7588M humongous, Frag: 1% external, 0% internal; Reserve: 412M, Max: 4096K
[9.187s][info][gc,stats    ] 
[9.187s][info][gc,stats    ] All times are wall-clock times, except per-root-class counters, that are sum over
[9.187s][info][gc,stats    ] all workers. Dividing the <total> over the root stage time estimates parallelism.
[9.187s][info][gc,stats    ] 
[9.187s][info][gc,stats    ] Concurrent Reset                   2373 us
[9.187s][info][gc,stats    ] Pause Init Mark (G)                 267 us
[9.187s][info][gc,stats    ] Pause Init Mark (N)                 149 us
[9.187s][info][gc,stats    ]   Update Region States               52 us
[9.187s][info][gc,stats    ] Concurrent Mark Roots               539 us, parallelism: 0.84x
[9.187s][info][gc,stats    ]   CMR: <total>                      450 us
[9.187s][info][gc,stats    ]   CMR: Thread Roots                 379 us, workers (us): 379, ---, ---, 
[9.188s][info][gc,stats    ]   CMR: VM Strong Roots                6 us, workers (us):   6, ---, ---, 
[9.188s][info][gc,stats    ]   CMR: CLDG Roots                    65 us, workers (us):  65, ---, ---, 
[9.188s][info][gc,stats    ] Concurrent Marking               169046 us
[9.188s][info][gc,stats    ] Pause Final Mark (G)                619 us
[9.188s][info][gc,stats    ] Pause Final Mark (N)                512 us
[9.188s][info][gc,stats    ]   Finish Mark                       144 us
[9.188s][info][gc,stats    ]   Update Region States               76 us
[9.188s][info][gc,stats    ]   Choose Collection Set             122 us
[9.188s][info][gc,stats    ]   Rebuild Free Set                   23 us
[9.188s][info][gc,stats    ] Concurrent Thread Roots             324 us, parallelism: 0.74x
[9.188s][info][gc,stats    ]   CTR: <total>                      239 us
[9.188s][info][gc,stats    ]   CTR: Thread Roots                 239 us, workers (us): 239, ---, ---, 
[9.188s][info][gc,stats    ] Concurrent Weak References         5129 us, parallelism: 0.95x
[9.188s][info][gc,stats    ]   CWRF: <total>                    4892 us
[9.188s][info][gc,stats    ]   CWRF: Weak References            4892 us, workers (us): 4892, ---, ---, 
[9.188s][info][gc,stats    ] Concurrent Weak Roots              1608 us
[9.188s][info][gc,stats    ]   Roots                            1440 us, parallelism: 0.85x
[9.188s][info][gc,stats    ]     CWR: <total>                   1221 us
[9.188s][info][gc,stats    ]     CWR: Code Cache Roots           806 us, workers (us): 806, ---, ---, 
[9.188s][info][gc,stats    ]     CWR: VM Weak Roots              412 us, workers (us): 412, ---, ---, 
[9.188s][info][gc,stats    ]     CWR: CLDG Roots                   4 us, workers (us):   4, ---, ---, 
[9.188s][info][gc,stats    ]   Rendezvous                         66 us
[9.188s][info][gc,stats    ] Concurrent Cleanup                   62 us
[9.188s][info][gc,stats    ] Concurrent Class Unloading         3380 us
[9.188s][info][gc,stats    ]   Unlink Stale                     3042 us
[9.188s][info][gc,stats    ]     System Dictionary                 5 us
[9.188s][info][gc,stats    ]     Weak Class Links                  0 us
[9.188s][info][gc,stats    ]     Code Roots                     3035 us
[9.188s][info][gc,stats    ]   Rendezvous                         87 us
[9.188s][info][gc,stats    ]   Purge Unlinked                    156 us
[9.188s][info][gc,stats    ]     Code Roots                      152 us
[9.188s][info][gc,stats    ]     CLDG                              4 us
[9.188s][info][gc,stats    ]     Exception Caches                  0 us
[9.188s][info][gc,stats    ] Concurrent Strong Roots             174 us, parallelism: 0.69x
[9.188s][info][gc,stats    ]   CSR: <total>                      121 us
[9.188s][info][gc,stats    ]   CSR: VM Strong Roots                8 us, workers (us):   8, ---, ---, 
[9.188s][info][gc,stats    ]   CSR: CLDG Roots                   113 us, workers (us): 113, ---, ---, 
[9.188s][info][gc,stats    ] Concurrent Evacuation             47360 us
[9.188s][info][gc,stats    ] Pause Init Update Refs (G)          208 us
[9.188s][info][gc,stats    ] Pause Init Update Refs (N)          103 us
[9.188s][info][gc,stats    ]   Manage GCLABs                       6 us
[9.188s][info][gc,stats    ] Concurrent Update Refs            76564 us
[9.188s][info][gc,stats    ] Concurrent Update Thread Roots      769 us
[9.188s][info][gc,stats    ] Pause Final Update Refs (G)         383 us
[9.188s][info][gc,stats    ] Pause Final Update Refs (N)         260 us
[9.188s][info][gc,stats    ]   Update Region States               89 us
[9.188s][info][gc,stats    ]   Trash Collection Set                9 us
[9.188s][info][gc,stats    ]   Rebuild Free Set                   27 us
[9.188s][info][gc,stats    ] Concurrent Cleanup                   84 us
[9.188s][info][gc,stats    ] 
[9.188s][info][gc,stats    ] Allocation pacing accrued:
[9.188s][info][gc,stats    ]       0 of  2117 ms (  0.0%): <total>
[9.188s][info][gc,stats    ]       0 of  2117 ms (  0.0%): <average total>
[9.188s][info][gc,stats    ] 
[9.188s][info][gc,metaspace] Metaspace: 12139K(12288K)->12139K(12288K) NonClass: 10799K(10880K)->10799K(10880K) Class: 1340K(1408K)->1340K(1408K)
[9.188s][info][gc,ergo     ] Pacer for Idle. Initial: 163M, Alloc Tax Rate: 1.0x
[10.802s][info][gc          ] Trigger: Explicit GC request (System.gc())
[10.803s][info][gc,ergo     ] Free: 7280M, Max: 4096K regular, 7280M humongous, Frag: 0% external, 0% internal; Reserve: 412M, Max: 4096K
[10.803s][info][gc,start    ] GC(4) Concurrent reset
[10.803s][info][gc,task     ] GC(4) Using 1 of 3 workers for concurrent reset
[10.803s][info][gc,ergo     ] GC(4) Pacer for Reset. Non-Taxable: 8192M
[10.804s][info][gc          ] GC(4) Concurrent reset 1.633ms
[10.804s][info][gc,start    ] GC(4) Pause Init Mark (unload classes)
[10.804s][info][gc,task     ] GC(4) Using 3 of 3 workers for init marking
[10.805s][info][gc,ref      ] GC(4) Clearing All SoftReferences
[10.805s][info][gc,ergo     ] GC(4) Pacer for Mark. Expected Live: 102219K, Free: 7280M, Non-Taxable: 728M, Alloc Tax Rate: 0.0x
[10.805s][info][gc          ] GC(4) Pause Init Mark (unload classes) 0.161ms
[10.805s][info][gc,start    ] GC(4) Concurrent marking roots
[10.805s][info][gc,task     ] GC(4) Using 1 of 3 workers for concurrent marking roots
[10.805s][info][gc          ] GC(4) Concurrent marking roots 0.443ms
[10.805s][info][gc,start    ] GC(4) Concurrent marking (unload classes)
[10.805s][info][gc,task     ] GC(4) Using 1 of 3 workers for concurrent marking
[10.973s][info][gc          ] GC(4) Concurrent marking (unload classes) 167.405ms
[10.973s][info][gc,start    ] GC(4) Pause Final Mark (unload classes)
[10.973s][info][gc,task     ] GC(4) Using 3 of 3 workers for final marking
[10.973s][info][gc,ergo     ] GC(4) Adaptive CSet Selection. Target Free: 1160M, Actual Free: 7828M, Max CSet: 341M, Min Garbage: 0B
[10.973s][info][gc,ergo     ] GC(4) Collectable Garbage: 354M (98%), Immediate: 136M (37%), CSet: 217M (60%)
[10.973s][info][gc,ergo     ] GC(4) Pacer for Evacuation. Used CSet: 299M, Free: 7424M, Non-Taxable: 742M, Alloc Tax Rate: 1.1x
[10.973s][info][gc          ] GC(4) Pause Final Mark (unload classes) 0.394ms
[10.973s][info][gc,start    ] GC(4) Concurrent thread roots
[10.973s][info][gc,task     ] GC(4) Using 1 of 3 workers for Concurrent thread roots
[10.973s][info][gc          ] GC(4) Concurrent thread roots 0.307ms
[10.973s][info][gc,start    ] GC(4) Concurrent weak references
[10.973s][info][gc,task     ] GC(4) Using 1 of 3 workers for concurrent weak references
[10.979s][info][gc,ref      ] GC(4) Encountered references: Soft: 35210, Weak: 461, Final: 4, Phantom: 1668
[10.979s][info][gc,ref      ] GC(4) Discovered  references: Soft: 35117, Weak: 247, Final: 2, Phantom: 1656
[10.979s][info][gc,ref      ] GC(4) Enqueued    references: Soft: 35062, Weak: 9, Final: 1, Phantom: 1626
[10.979s][info][gc          ] GC(4) Concurrent weak references 5.280ms
[10.979s][info][gc,start    ] GC(4) Concurrent weak roots
[10.979s][info][gc,task     ] GC(4) Using 1 of 3 workers for concurrent weak root
[10.980s][info][gc          ] GC(4) Concurrent weak roots 1.166ms
[10.980s][info][gc,start    ] GC(4) Concurrent cleanup
[10.980s][info][gc          ] GC(4) Concurrent cleanup 497M->361M(8192M) 0.041ms
[10.980s][info][gc,ergo     ] GC(4) Free: 7420M, Max: 4096K regular, 7332M humongous, Frag: 2% external, 0% internal; Reserve: 410M, Max: 4096K
[10.980s][info][gc,start    ] GC(4) Concurrent class unloading
[10.980s][info][gc,task     ] GC(4) Using 1 of 3 workers for concurrent class unloading
[10.984s][info][gc          ] GC(4) Concurrent class unloading 3.458ms
[10.984s][info][gc,start    ] GC(4) Concurrent strong roots
[10.984s][info][gc,task     ] GC(4) Using 1 of 3 workers for concurrent strong root
[10.984s][info][gc          ] GC(4) Concurrent strong roots 0.173ms
[10.984s][info][gc,start    ] GC(4) Concurrent evacuation
[10.984s][info][gc,task     ] GC(4) Using 1 of 3 workers for concurrent evacuation
[11.031s][info][gc          ] GC(4) Concurrent evacuation 47.541ms
[11.032s][info][gc,start    ] GC(4) Pause Init Update Refs
[11.032s][info][gc,ergo     ] GC(4) Pacer for Update Refs. Used: 443M, Free: 7420M, Non-Taxable: 742M, Alloc Tax Rate: 1.1x
[11.032s][info][gc          ] GC(4) Pause Init Update Refs 0.111ms
[11.032s][info][gc,start    ] GC(4) Concurrent update references
[11.032s][info][gc,task     ] GC(4) Using 1 of 3 workers for concurrent reference update
[11.108s][info][gc          ] GC(4) Concurrent update references 76.357ms
[11.108s][info][gc,start    ] GC(4) Concurrent update thread roots
[11.109s][info][gc          ] GC(4) Concurrent update thread roots 0.711ms
[11.109s][info][gc,start    ] GC(4) Pause Final Update Refs
[11.109s][info][gc,task     ] GC(4) Using 3 of 3 workers for final reference update
[11.109s][info][gc          ] GC(4) Pause Final Update Refs 0.215ms
[11.109s][info][gc,start    ] GC(4) Concurrent cleanup
[11.109s][info][gc          ] GC(4) Concurrent cleanup 443M->143M(8192M) 0.035ms
[11.109s][info][gc,ergo     ] Free: 7636M, Max: 4096K regular, 7280M humongous, Frag: 5% external, 0% internal; Reserve: 412M, Max: 4096K
[11.109s][info][gc,stats    ] 
[11.109s][info][gc,stats    ] All times are wall-clock times, except per-root-class counters, that are sum over
[11.109s][info][gc,stats    ] all workers. Dividing the <total> over the root stage time estimates parallelism.
[11.109s][info][gc,stats    ] 
[11.109s][info][gc,stats    ] Concurrent Reset                   1680 us
[11.109s][info][gc,stats    ] Pause Init Mark (G)                 362 us
[11.109s][info][gc,stats    ] Pause Init Mark (N)                 174 us
[11.109s][info][gc,stats    ]   Update Region States               55 us
[11.109s][info][gc,stats    ] Concurrent Mark Roots               464 us, parallelism: 0.77x
[11.109s][info][gc,stats    ]   CMR: <total>                      357 us
[11.109s][info][gc,stats    ]   CMR: Thread Roots                 309 us, workers (us): 309, ---, ---, 
[11.109s][info][gc,stats    ]   CMR: VM Strong Roots                6 us, workers (us):   6, ---, ---, 
[11.109s][info][gc,stats    ]   CMR: CLDG Roots                    42 us, workers (us):  42, ---, ---, 
[11.109s][info][gc,stats    ] Concurrent Marking               167476 us
[11.109s][info][gc,stats    ] Pause Final Mark (G)                524 us
[11.109s][info][gc,stats    ] Pause Final Mark (N)                415 us
[11.109s][info][gc,stats    ]   Finish Mark                        96 us
[11.109s][info][gc,stats    ]   Update Region States               50 us
[11.109s][info][gc,stats    ]   Choose Collection Set              96 us
[11.109s][info][gc,stats    ]   Rebuild Free Set                   22 us
[11.109s][info][gc,stats    ] Concurrent Thread Roots             326 us, parallelism: 0.74x
[11.110s][info][gc,stats    ]   CTR: <total>                      240 us
[11.110s][info][gc,stats    ]   CTR: Thread Roots                 240 us, workers (us): 240, ---, ---, 
[11.110s][info][gc,stats    ] Concurrent Weak References         5304 us, parallelism: 0.96x
[11.110s][info][gc,stats    ]   CWRF: <total>                    5075 us
[11.110s][info][gc,stats    ]   CWRF: Weak References            5075 us, workers (us): 5075, ---, ---, 
[11.110s][info][gc,stats    ] Concurrent Weak Roots              1219 us
[11.110s][info][gc,stats    ]   Roots                            1063 us, parallelism: 0.95x
[11.110s][info][gc,stats    ]     CWR: <total>                   1014 us
[11.110s][info][gc,stats    ]     CWR: Code Cache Roots           777 us, workers (us): 777, ---, ---, 
[11.110s][info][gc,stats    ]     CWR: VM Weak Roots              234 us, workers (us): 234, ---, ---, 
[11.110s][info][gc,stats    ]     CWR: CLDG Roots                   4 us, workers (us):   4, ---, ---, 
[11.110s][info][gc,stats    ]   Rendezvous                         65 us
[11.110s][info][gc,stats    ] Concurrent Cleanup                   59 us
[11.110s][info][gc,stats    ] Concurrent Class Unloading         3507 us
[11.110s][info][gc,stats    ]   Unlink Stale                     3175 us
[11.110s][info][gc,stats    ]     System Dictionary                 4 us
[11.110s][info][gc,stats    ]     Weak Class Links                  0 us
[11.110s][info][gc,stats    ]     Code Roots                     3169 us
[11.110s][info][gc,stats    ]   Rendezvous                         99 us
[11.110s][info][gc,stats    ]   Purge Unlinked                    147 us
[11.110s][info][gc,stats    ]     Code Roots                      140 us
[11.110s][info][gc,stats    ]     CLDG                              6 us
[11.110s][info][gc,stats    ]     Exception Caches                  0 us
[11.110s][info][gc,stats    ] Concurrent Strong Roots             192 us, parallelism: 0.63x
[11.110s][info][gc,stats    ]   CSR: <total>                      120 us
[11.110s][info][gc,stats    ]   CSR: VM Strong Roots                8 us, workers (us):   8, ---, ---, 
[11.110s][info][gc,stats    ]   CSR: CLDG Roots                   112 us, workers (us): 112, ---, ---, 
[11.110s][info][gc,stats    ] Concurrent Evacuation             47613 us
[11.110s][info][gc,stats    ] Pause Init Update Refs (G)          369 us
[11.110s][info][gc,stats    ] Pause Init Update Refs (N)          133 us
[11.110s][info][gc,stats    ]   Manage GCLABs                       6 us
[11.110s][info][gc,stats    ] Concurrent Update Refs            76430 us
[11.110s][info][gc,stats    ] Concurrent Update Thread Roots      750 us
[11.110s][info][gc,stats    ] Pause Final Update Refs (G)         354 us
[11.110s][info][gc,stats    ] Pause Final Update Refs (N)         243 us
[11.110s][info][gc,stats    ]   Update Region States               92 us
[11.110s][info][gc,stats    ]   Trash Collection Set                8 us
[11.110s][info][gc,stats    ]   Rebuild Free Set                   27 us
[11.110s][info][gc,stats    ] Concurrent Cleanup                   45 us
[11.110s][info][gc,stats    ] 
[11.110s][info][gc,stats    ] Allocation pacing accrued:
[11.110s][info][gc,stats    ]       0 of  1922 ms (  0.0%): <total>
[11.110s][info][gc,stats    ]       0 of  1922 ms (  0.0%): <average total>
[11.110s][info][gc,stats    ] 
[11.110s][info][gc,metaspace] Metaspace: 12158K(12352K)->12158K(12352K) NonClass: 10818K(10944K)->10818K(10944K) Class: 1340K(1408K)->1340K(1408K)
[11.110s][info][gc,ergo     ] Pacer for Idle. Initial: 163M, Alloc Tax Rate: 1.0x
[12.689s][info][gc          ] Trigger: Explicit GC request (System.gc())
[12.689s][info][gc,ergo     ] Free: 7276M, Max: 4096K regular, 7268M humongous, Frag: 1% external, 0% internal; Reserve: 412M, Max: 4096K
[12.689s][info][gc,start    ] GC(5) Concurrent reset
[12.689s][info][gc,task     ] GC(5) Using 1 of 3 workers for concurrent reset
[12.689s][info][gc,ergo     ] GC(5) Pacer for Reset. Non-Taxable: 8192M
[12.692s][info][gc          ] GC(5) Concurrent reset 2.644ms
[12.692s][info][gc,start    ] GC(5) Pause Init Mark (unload classes)
[12.692s][info][gc,task     ] GC(5) Using 3 of 3 workers for init marking
[12.692s][info][gc,ref      ] GC(5) Clearing All SoftReferences
[12.692s][info][gc,ergo     ] GC(5) Pacer for Mark. Expected Live: 106M, Free: 7276M, Non-Taxable: 727M, Alloc Tax Rate: 0.0x
[12.692s][info][gc          ] GC(5) Pause Init Mark (unload classes) 0.152ms
[12.692s][info][gc,start    ] GC(5) Concurrent marking roots
[12.692s][info][gc,task     ] GC(5) Using 1 of 3 workers for concurrent marking roots
[12.693s][info][gc          ] GC(5) Concurrent marking roots 0.496ms
[12.693s][info][gc,start    ] GC(5) Concurrent marking (unload classes)
[12.693s][info][gc,task     ] GC(5) Using 1 of 3 workers for concurrent marking
[12.860s][info][gc          ] GC(5) Concurrent marking (unload classes) 167.443ms
[12.860s][info][gc,start    ] GC(5) Pause Final Mark (unload classes)
[12.860s][info][gc,task     ] GC(5) Using 3 of 3 workers for final marking
[12.860s][info][gc,ergo     ] GC(5) Adaptive CSet Selection. Target Free: 1160M, Actual Free: 7832M, Max CSet: 341M, Min Garbage: 0B
[12.860s][info][gc,ergo     ] GC(5) Collectable Garbage: 358M (98%), Immediate: 144M (39%), CSet: 213M (58%)
[12.861s][info][gc,ergo     ] GC(5) Pacer for Evacuation. Used CSet: 295M, Free: 7428M, Non-Taxable: 742M, Alloc Tax Rate: 1.1x
[12.861s][info][gc          ] GC(5) Pause Final Mark (unload classes) 0.365ms
[12.861s][info][gc,start    ] GC(5) Concurrent thread roots
[12.861s][info][gc,task     ] GC(5) Using 1 of 3 workers for Concurrent thread roots
[12.861s][info][gc          ] GC(5) Concurrent thread roots 0.614ms
[12.861s][info][gc,start    ] GC(5) Concurrent weak references
[12.861s][info][gc,task     ] GC(5) Using 1 of 3 workers for concurrent weak references
[12.866s][info][gc,ref      ] GC(5) Encountered references: Soft: 35210, Weak: 461, Final: 4, Phantom: 1668
[12.866s][info][gc,ref      ] GC(5) Discovered  references: Soft: 35117, Weak: 247, Final: 2, Phantom: 1650
[12.866s][info][gc,ref      ] GC(5) Enqueued    references: Soft: 35062, Weak: 9, Final: 1, Phantom: 1626
[12.866s][info][gc          ] GC(5) Concurrent weak references 5.261ms
[12.866s][info][gc,start    ] GC(5) Concurrent weak roots
[12.866s][info][gc,task     ] GC(5) Using 1 of 3 workers for concurrent weak root
[12.868s][info][gc          ] GC(5) Concurrent weak roots 1.543ms
[12.868s][info][gc,start    ] GC(5) Concurrent cleanup
[12.868s][info][gc          ] GC(5) Concurrent cleanup 501M->356M(8192M) 0.027ms
[12.868s][info][gc,ergo     ] GC(5) Free: 7424M, Max: 4096K regular, 7340M humongous, Frag: 2% external, 0% internal; Reserve: 410M, Max: 4096K
[12.868s][info][gc,start    ] GC(5) Concurrent class unloading
[12.868s][info][gc,task     ] GC(5) Using 1 of 3 workers for concurrent class unloading
[12.872s][info][gc          ] GC(5) Concurrent class unloading 3.472ms
[12.872s][info][gc,start    ] GC(5) Concurrent strong roots
[12.872s][info][gc,task     ] GC(5) Using 1 of 3 workers for concurrent strong root
[12.872s][info][gc          ] GC(5) Concurrent strong roots 0.228ms
[12.872s][info][gc,start    ] GC(5) Concurrent evacuation
[12.872s][info][gc,task     ] GC(5) Using 1 of 3 workers for concurrent evacuation
[12.917s][info][gc          ] GC(5) Concurrent evacuation 45.553ms
[12.918s][info][gc,start    ] GC(5) Pause Init Update Refs
[12.918s][info][gc,ergo     ] GC(5) Pacer for Update Refs. Used: 439M, Free: 7424M, Non-Taxable: 742M, Alloc Tax Rate: 1.1x
[12.918s][info][gc          ] GC(5) Pause Init Update Refs 0.111ms
[12.918s][info][gc,start    ] GC(5) Concurrent update references
[12.918s][info][gc,task     ] GC(5) Using 1 of 3 workers for concurrent reference update
[12.994s][info][gc          ] GC(5) Concurrent update references 75.920ms
[12.994s][info][gc,start    ] GC(5) Concurrent update thread roots
[12.995s][info][gc          ] GC(5) Concurrent update thread roots 0.722ms
[12.995s][info][gc,start    ] GC(5) Pause Final Update Refs
[12.995s][info][gc,task     ] GC(5) Using 3 of 3 workers for final reference update
[12.995s][info][gc          ] GC(5) Pause Final Update Refs 0.242ms
[12.995s][info][gc,start    ] GC(5) Concurrent cleanup
[12.995s][info][gc          ] GC(5) Concurrent cleanup 439M->143M(8192M) 0.034ms
[12.995s][info][gc,ergo     ] Free: 7636M, Max: 4096K regular, 7284M humongous, Frag: 5% external, 0% internal; Reserve: 412M, Max: 4096K
[12.995s][info][gc,stats    ] 
[12.995s][info][gc,stats    ] All times are wall-clock times, except per-root-class counters, that are sum over
[12.995s][info][gc,stats    ] all workers. Dividing the <total> over the root stage time estimates parallelism.
[12.995s][info][gc,stats    ] 
[12.995s][info][gc,stats    ] Concurrent Reset                   2696 us
[12.995s][info][gc,stats    ] Pause Init Mark (G)                 240 us
[12.995s][info][gc,stats    ] Pause Init Mark (N)                 160 us
[12.995s][info][gc,stats    ]   Update Region States               69 us
[12.995s][info][gc,stats    ] Concurrent Mark Roots               549 us, parallelism: 0.71x
[12.995s][info][gc,stats    ]   CMR: <total>                      388 us
[12.995s][info][gc,stats    ]   CMR: Thread Roots                 337 us, workers (us): 337, ---, ---, 
[12.995s][info][gc,stats    ]   CMR: VM Strong Roots                5 us, workers (us):   5, ---, ---, 
[12.995s][info][gc,stats    ]   CMR: CLDG Roots                    46 us, workers (us):  46, ---, ---, 
[12.995s][info][gc,stats    ] Concurrent Marking               167492 us
[12.995s][info][gc,stats    ] Pause Final Mark (G)                455 us
[12.995s][info][gc,stats    ] Pause Final Mark (N)                382 us
[12.995s][info][gc,stats    ]   Finish Mark                       108 us
[12.995s][info][gc,stats    ]   Update Region States               63 us
[12.995s][info][gc,stats    ]   Choose Collection Set              75 us
[12.995s][info][gc,stats    ]   Rebuild Free Set                   17 us
[12.995s][info][gc,stats    ] Concurrent Thread Roots             642 us, parallelism: 0.81x
[12.995s][info][gc,stats    ]   CTR: <total>                      520 us
[12.995s][info][gc,stats    ]   CTR: Thread Roots                 520 us, workers (us): 520, ---, ---, 
[12.995s][info][gc,stats    ] Concurrent Weak References         5279 us, parallelism: 0.96x
[12.995s][info][gc,stats    ]   CWRF: <total>                    5065 us
[12.995s][info][gc,stats    ]   CWRF: Weak References            5065 us, workers (us): 5065, ---, ---, 
[12.995s][info][gc,stats    ] Concurrent Weak Roots              1594 us
[12.995s][info][gc,stats    ]   Roots                            1412 us, parallelism: 0.93x
[12.995s][info][gc,stats    ]     CWR: <total>                   1314 us
[12.995s][info][gc,stats    ]     CWR: Code Cache Roots           894 us, workers (us): 894, ---, ---, 
[12.995s][info][gc,stats    ]     CWR: VM Weak Roots              416 us, workers (us): 416, ---, ---, 
[12.995s][info][gc,stats    ]     CWR: CLDG Roots                   4 us, workers (us):   4, ---, ---, 
[12.995s][info][gc,stats    ]   Rendezvous                         95 us
[12.995s][info][gc,stats    ] Concurrent Cleanup                   36 us
[12.995s][info][gc,stats    ] Concurrent Class Unloading         3540 us
[12.995s][info][gc,stats    ]   Unlink Stale                     3162 us
[12.995s][info][gc,stats    ]     System Dictionary                 4 us
[12.995s][info][gc,stats    ]     Weak Class Links                  0 us
[12.995s][info][gc,stats    ]     Code Roots                     3156 us
[12.995s][info][gc,stats    ]   Rendezvous                        119 us
[12.995s][info][gc,stats    ]   Purge Unlinked                    170 us
[12.995s][info][gc,stats    ]     Code Roots                      157 us
[12.995s][info][gc,stats    ]     CLDG                             12 us
[12.995s][info][gc,stats    ]     Exception Caches                  0 us
[12.995s][info][gc,stats    ] Concurrent Strong Roots             267 us, parallelism: 0.45x
[12.995s][info][gc,stats    ]   CSR: <total>                      119 us
[12.995s][info][gc,stats    ]   CSR: VM Strong Roots                8 us, workers (us):   8, ---, ---, 
[12.995s][info][gc,stats    ]   CSR: CLDG Roots                   111 us, workers (us): 111, ---, ---, 
[12.995s][info][gc,stats    ] Concurrent Evacuation             45623 us
[12.995s][info][gc,stats    ] Pause Init Update Refs (G)          338 us
[12.995s][info][gc,stats    ] Pause Init Update Refs (N)          133 us
[12.995s][info][gc,stats    ]   Manage GCLABs                       6 us
[12.995s][info][gc,stats    ] Concurrent Update Refs            75992 us
[12.995s][info][gc,stats    ] Concurrent Update Thread Roots      762 us
[12.996s][info][gc,stats    ] Pause Final Update Refs (G)         383 us
[12.996s][info][gc,stats    ] Pause Final Update Refs (N)         271 us
[12.996s][info][gc,stats    ]   Update Region States               91 us
[12.996s][info][gc,stats    ]   Trash Collection Set                8 us
[12.996s][info][gc,stats    ]   Rebuild Free Set                   28 us
[12.996s][info][gc,stats    ] Concurrent Cleanup                   44 us
[12.996s][info][gc,stats    ] 
[12.996s][info][gc,stats    ] Allocation pacing accrued:
[12.996s][info][gc,stats    ]       0 of  1886 ms (  0.0%): <total>
[12.996s][info][gc,stats    ]       0 of  1886 ms (  0.0%): <average total>
[12.996s][info][gc,stats    ] 
[12.996s][info][gc,metaspace] Metaspace: 12166K(12352K)->12167K(12352K) NonClass: 10826K(10944K)->10827K(10944K) Class: 1340K(1408K)->1340K(1408K)
[12.996s][info][gc,ergo     ] Pacer for Idle. Initial: 163M, Alloc Tax Rate: 1.0x
[14.566s][info][gc          ] Trigger: Explicit GC request (System.gc())
[14.566s][info][gc,ergo     ] Free: 7280M, Max: 4096K regular, 7272M humongous, Frag: 1% external, 0% internal; Reserve: 412M, Max: 4096K
[14.566s][info][gc,start    ] GC(6) Concurrent reset
[14.566s][info][gc,task     ] GC(6) Using 1 of 3 workers for concurrent reset
[14.566s][info][gc,ergo     ] GC(6) Pacer for Reset. Non-Taxable: 8192M
[14.568s][info][gc          ] GC(6) Concurrent reset 1.697ms
[14.568s][info][gc,start    ] GC(6) Pause Init Mark (unload classes)
[14.568s][info][gc,task     ] GC(6) Using 3 of 3 workers for init marking
[14.568s][info][gc,ref      ] GC(6) Clearing All SoftReferences
[14.568s][info][gc,ergo     ] GC(6) Pacer for Mark. Expected Live: 132M, Free: 7280M, Non-Taxable: 728M, Alloc Tax Rate: 0.0x
[14.568s][info][gc          ] GC(6) Pause Init Mark (unload classes) 0.195ms
[14.568s][info][gc,start    ] GC(6) Concurrent marking roots
[14.568s][info][gc,task     ] GC(6) Using 1 of 3 workers for concurrent marking roots
[14.568s][info][gc          ] GC(6) Concurrent marking roots 0.384ms
[14.568s][info][gc,start    ] GC(6) Concurrent marking (unload classes)
[14.568s][info][gc,task     ] GC(6) Using 1 of 3 workers for concurrent marking
[14.736s][info][gc          ] GC(6) Concurrent marking (unload classes) 167.991ms
[14.737s][info][gc,start    ] GC(6) Pause Final Mark (unload classes)
[14.737s][info][gc,task     ] GC(6) Using 3 of 3 workers for final marking
[14.737s][info][gc,ergo     ] GC(6) Adaptive CSet Selection. Target Free: 1160M, Actual Free: 7844M, Max CSet: 341M, Min Garbage: 0B
[14.737s][info][gc,ergo     ] GC(6) Collectable Garbage: 354M (98%), Immediate: 152M (42%), CSet: 201M (55%)
[14.737s][info][gc,ergo     ] GC(6) Pacer for Evacuation. Used CSet: 283M, Free: 7440M, Non-Taxable: 744M, Alloc Tax Rate: 1.1x
[14.737s][info][gc          ] GC(6) Pause Final Mark (unload classes) 0.545ms
[14.737s][info][gc,start    ] GC(6) Concurrent thread roots
[14.737s][info][gc,task     ] GC(6) Using 1 of 3 workers for Concurrent thread roots
[14.738s][info][gc          ] GC(6) Concurrent thread roots 0.548ms
[14.738s][info][gc,start    ] GC(6) Concurrent weak references
[14.738s][info][gc,task     ] GC(6) Using 1 of 3 workers for concurrent weak references
[14.743s][info][gc,ref      ] GC(6) Encountered references: Soft: 35210, Weak: 461, Final: 4, Phantom: 1668
[14.743s][info][gc,ref      ] GC(6) Discovered  references: Soft: 35117, Weak: 247, Final: 2, Phantom: 1650
[14.743s][info][gc,ref      ] GC(6) Enqueued    references: Soft: 35062, Weak: 9, Final: 1, Phantom: 1626
[14.743s][info][gc          ] GC(6) Concurrent weak references 5.382ms
[14.743s][info][gc,start    ] GC(6) Concurrent weak roots
[14.743s][info][gc,task     ] GC(6) Using 1 of 3 workers for concurrent weak root
[14.745s][info][gc          ] GC(6) Concurrent weak roots 1.639ms
[14.745s][info][gc,start    ] GC(6) Concurrent cleanup
[14.745s][info][gc          ] GC(6) Concurrent cleanup 493M->341M(8192M) 0.051ms
[14.745s][info][gc,ergo     ] GC(6) Free: 7440M, Max: 4096K regular, 7348M humongous, Frag: 2% external, 0% internal; Reserve: 410M, Max: 4096K
[14.745s][info][gc,start    ] GC(6) Concurrent class unloading
[14.745s][info][gc,task     ] GC(6) Using 1 of 3 workers for concurrent class unloading
[14.749s][info][gc          ] GC(6) Concurrent class unloading 3.598ms
[14.749s][info][gc,start    ] GC(6) Concurrent strong roots
[14.749s][info][gc,task     ] GC(6) Using 1 of 3 workers for concurrent strong root
[14.749s][info][gc          ] GC(6) Concurrent strong roots 0.226ms
[14.749s][info][gc,start    ] GC(6) Concurrent evacuation
[14.749s][info][gc,task     ] GC(6) Using 1 of 3 workers for concurrent evacuation
[14.794s][info][gc          ] GC(6) Concurrent evacuation 44.973ms
[14.794s][info][gc,start    ] GC(6) Pause Init Update Refs
[14.794s][info][gc,ergo     ] GC(6) Pacer for Update Refs. Used: 423M, Free: 7440M, Non-Taxable: 744M, Alloc Tax Rate: 1.1x
[14.794s][info][gc          ] GC(6) Pause Init Update Refs 0.108ms
[14.794s][info][gc,start    ] GC(6) Concurrent update references
[14.794s][info][gc,task     ] GC(6) Using 1 of 3 workers for concurrent reference update
[14.872s][info][gc          ] GC(6) Concurrent update references 78.049ms
[14.872s][info][gc,start    ] GC(6) Concurrent update thread roots
[14.873s][info][gc          ] GC(6) Concurrent update thread roots 0.665ms
[14.873s][info][gc,start    ] GC(6) Pause Final Update Refs
[14.873s][info][gc,task     ] GC(6) Using 3 of 3 workers for final reference update
[14.873s][info][gc          ] GC(6) Pause Final Update Refs 0.215ms
[14.873s][info][gc,start    ] GC(6) Concurrent cleanup
[14.873s][info][gc          ] GC(6) Concurrent cleanup 423M->140M(8192M) 0.034ms
[14.873s][info][gc,ergo     ] Free: 7640M, Max: 4096K regular, 7592M humongous, Frag: 1% external, 0% internal; Reserve: 412M, Max: 4096K
[14.873s][info][gc,stats    ] 
[14.873s][info][gc,stats    ] All times are wall-clock times, except per-root-class counters, that are sum over
[14.873s][info][gc,stats    ] all workers. Dividing the <total> over the root stage time estimates parallelism.
[14.873s][info][gc,stats    ] 
[14.873s][info][gc,stats    ] Concurrent Reset                   1770 us
[14.873s][info][gc,stats    ] Pause Init Mark (G)                 341 us
[14.873s][info][gc,stats    ] Pause Init Mark (N)                 203 us
[14.874s][info][gc,stats    ]   Update Region States               84 us
[14.874s][info][gc,stats    ] Concurrent Mark Roots               412 us, parallelism: 0.73x
[14.874s][info][gc,stats    ]   CMR: <total>                      302 us
[14.874s][info][gc,stats    ]   CMR: Thread Roots                 254 us, workers (us): 254, ---, ---, 
[14.874s][info][gc,stats    ]   CMR: VM Strong Roots                5 us, workers (us):   5, ---, ---, 
[14.874s][info][gc,stats    ]   CMR: CLDG Roots                    44 us, workers (us):  44, ---, ---, 
[14.874s][info][gc,stats    ] Concurrent Marking               168060 us
[14.874s][info][gc,stats    ] Pause Final Mark (G)                692 us
[14.874s][info][gc,stats    ] Pause Final Mark (N)                567 us
[14.874s][info][gc,stats    ]   Finish Mark                       156 us
[14.874s][info][gc,stats    ]   Update Region States              115 us
[14.874s][info][gc,stats    ]   Choose Collection Set             120 us
[14.874s][info][gc,stats    ]   Rebuild Free Set                   22 us
[14.874s][info][gc,stats    ] Concurrent Thread Roots             570 us, parallelism: 0.79x
[14.874s][info][gc,stats    ]   CTR: <total>                      451 us
[14.874s][info][gc,stats    ]   CTR: Thread Roots                 451 us, workers (us): 451, ---, ---, 
[14.874s][info][gc,stats    ] Concurrent Weak References         5405 us, parallelism: 0.91x
[14.874s][info][gc,stats    ]   CWRF: <total>                    4935 us
[14.874s][info][gc,stats    ]   CWRF: Weak References            4935 us, workers (us): 4935, ---, ---, 
[14.874s][info][gc,stats    ] Concurrent Weak Roots              1719 us
[14.874s][info][gc,stats    ]   Roots                            1503 us, parallelism: 0.92x
[14.874s][info][gc,stats    ]     CWR: <total>                   1379 us
[14.874s][info][gc,stats    ]     CWR: Code Cache Roots           964 us, workers (us): 964, ---, ---, 
[14.874s][info][gc,stats    ]     CWR: VM Weak Roots              409 us, workers (us): 409, ---, ---, 
[14.874s][info][gc,stats    ]     CWR: CLDG Roots                   5 us, workers (us):   5, ---, ---, 
[14.874s][info][gc,stats    ]   Rendezvous                         87 us
[14.874s][info][gc,stats    ] Concurrent Cleanup                   76 us
[14.874s][info][gc,stats    ] Concurrent Class Unloading         3666 us
[14.874s][info][gc,stats    ]   Unlink Stale                     3230 us
[14.874s][info][gc,stats    ]     System Dictionary                 7 us
[14.874s][info][gc,stats    ]     Weak Class Links                  0 us
[14.874s][info][gc,stats    ]     Code Roots                     3221 us
[14.874s][info][gc,stats    ]   Rendezvous                        130 us
[14.874s][info][gc,stats    ]   Purge Unlinked                    192 us
[14.874s][info][gc,stats    ]     Code Roots                      181 us
[14.874s][info][gc,stats    ]     CLDG                             11 us
[14.874s][info][gc,stats    ]     Exception Caches                  0 us
[14.874s][info][gc,stats    ] Concurrent Strong Roots             265 us, parallelism: 0.45x
[14.874s][info][gc,stats    ]   CSR: <total>                      120 us
[14.874s][info][gc,stats    ]   CSR: VM Strong Roots                8 us, workers (us):   8, ---, ---, 
[14.874s][info][gc,stats    ]   CSR: CLDG Roots                   113 us, workers (us): 113, ---, ---, 
[14.874s][info][gc,stats    ] Concurrent Evacuation             45041 us
[14.874s][info][gc,stats    ] Pause Init Update Refs (G)          283 us
[14.874s][info][gc,stats    ] Pause Init Update Refs (N)          130 us
[14.874s][info][gc,stats    ]   Manage GCLABs                       6 us
[14.874s][info][gc,stats    ] Concurrent Update Refs            78119 us
[14.874s][info][gc,stats    ] Concurrent Update Thread Roots      685 us
[14.874s][info][gc,stats    ] Pause Final Update Refs (G)         312 us
[14.874s][info][gc,stats    ] Pause Final Update Refs (N)         243 us
[14.874s][info][gc,stats    ]   Update Region States               78 us
[14.874s][info][gc,stats    ]   Trash Collection Set                9 us
[14.874s][info][gc,stats    ]   Rebuild Free Set                   27 us
[14.875s][info][gc,stats    ] Concurrent Cleanup                   45 us
[14.875s][info][gc,stats    ] 
[14.875s][info][gc,stats    ] Allocation pacing accrued:
[14.875s][info][gc,stats    ]       0 of  1879 ms (  0.0%): <total>
[14.875s][info][gc,stats    ]       0 of  1879 ms (  0.0%): <average total>
[14.875s][info][gc,stats    ] 
[14.875s][info][gc,metaspace] Metaspace: 12173K(12352K)->12173K(12352K) NonClass: 10833K(10944K)->10833K(10944K) Class: 1340K(1408K)->1340K(1408K)
[14.875s][info][gc,ergo     ] Pacer for Idle. Initial: 163M, Alloc Tax Rate: 1.0x
[16.434s][info][gc          ] Trigger: Explicit GC request (System.gc())
[16.434s][info][gc,ergo     ] Free: 7284M, Max: 4096K regular, 7284M humongous, Frag: 0% external, 0% internal; Reserve: 412M, Max: 4096K
[16.434s][info][gc,start    ] GC(7) Concurrent reset
[16.434s][info][gc,task     ] GC(7) Using 1 of 3 workers for concurrent reset
[16.434s][info][gc,ergo     ] GC(7) Pacer for Reset. Non-Taxable: 8192M
[16.435s][info][gc          ] GC(7) Concurrent reset 1.359ms
[16.435s][info][gc,start    ] GC(7) Pause Init Mark (unload classes)
[16.435s][info][gc,task     ] GC(7) Using 3 of 3 workers for init marking
[16.435s][info][gc,ref      ] GC(7) Clearing All SoftReferences
[16.435s][info][gc,ergo     ] GC(7) Pacer for Mark. Expected Live: 132M, Free: 7284M, Non-Taxable: 728M, Alloc Tax Rate: 0.0x
[16.435s][info][gc          ] GC(7) Pause Init Mark (unload classes) 0.152ms
[16.436s][info][gc,start    ] GC(7) Concurrent marking roots
[16.436s][info][gc,task     ] GC(7) Using 1 of 3 workers for concurrent marking roots
[16.436s][info][gc          ] GC(7) Concurrent marking roots 0.515ms
[16.436s][info][gc,start    ] GC(7) Concurrent marking (unload classes)
[16.436s][info][gc,task     ] GC(7) Using 1 of 3 workers for concurrent marking
[16.604s][info][gc          ] GC(7) Concurrent marking (unload classes) 168.079ms
[16.604s][info][gc,start    ] GC(7) Pause Final Mark (unload classes)
[16.604s][info][gc,task     ] GC(7) Using 3 of 3 workers for final marking
[16.605s][info][gc,ergo     ] GC(7) Adaptive CSet Selection. Target Free: 1160M, Actual Free: 7852M, Max CSet: 341M, Min Garbage: 0B
[16.605s][info][gc,ergo     ] GC(7) Collectable Garbage: 350M (98%), Immediate: 156M (43%), CSet: 193M (54%)
[16.605s][info][gc,ergo     ] GC(7) Pacer for Evacuation. Used CSet: 275M, Free: 7448M, Non-Taxable: 744M, Alloc Tax Rate: 1.1x
[16.605s][info][gc          ] GC(7) Pause Final Mark (unload classes) 0.488ms
[16.605s][info][gc,start    ] GC(7) Concurrent thread roots
[16.605s][info][gc,task     ] GC(7) Using 1 of 3 workers for Concurrent thread roots
[16.605s][info][gc          ] GC(7) Concurrent thread roots 0.310ms
[16.605s][info][gc,start    ] GC(7) Concurrent weak references
[16.605s][info][gc,task     ] GC(7) Using 1 of 3 workers for concurrent weak references
[16.610s][info][gc,ref      ] GC(7) Encountered references: Soft: 35210, Weak: 461, Final: 4, Phantom: 1668
[16.610s][info][gc,ref      ] GC(7) Discovered  references: Soft: 35117, Weak: 247, Final: 2, Phantom: 1650
[16.610s][info][gc,ref      ] GC(7) Enqueued    references: Soft: 35062, Weak: 9, Final: 1, Phantom: 1626
[16.610s][info][gc          ] GC(7) Concurrent weak references 5.038ms
[16.610s][info][gc,start    ] GC(7) Concurrent weak roots
[16.610s][info][gc,task     ] GC(7) Using 1 of 3 workers for concurrent weak root
[16.612s][info][gc          ] GC(7) Concurrent weak roots 1.399ms
[16.612s][info][gc,start    ] GC(7) Concurrent cleanup
[16.612s][info][gc          ] GC(7) Concurrent cleanup 489M->333M(8192M) 0.028ms
[16.612s][info][gc,ergo     ] GC(7) Free: 7448M, Max: 4096K regular, 7376M humongous, Frag: 1% external, 0% internal; Reserve: 410M, Max: 4096K
[16.612s][info][gc,start    ] GC(7) Concurrent class unloading
[16.612s][info][gc,task     ] GC(7) Using 1 of 3 workers for concurrent class unloading
[16.615s][info][gc          ] GC(7) Concurrent class unloading 3.468ms
[16.615s][info][gc,start    ] GC(7) Concurrent strong roots
[16.615s][info][gc,task     ] GC(7) Using 1 of 3 workers for concurrent strong root
[16.616s][info][gc          ] GC(7) Concurrent strong roots 0.315ms
[16.616s][info][gc,start    ] GC(7) Concurrent evacuation
[16.616s][info][gc,task     ] GC(7) Using 1 of 3 workers for concurrent evacuation
[16.661s][info][gc          ] GC(7) Concurrent evacuation 45.187ms
[16.661s][info][gc,start    ] GC(7) Pause Init Update Refs
[16.661s][info][gc,ergo     ] GC(7) Pacer for Update Refs. Used: 415M, Free: 7448M, Non-Taxable: 744M, Alloc Tax Rate: 1.1x
[16.661s][info][gc          ] GC(7) Pause Init Update Refs 0.108ms
[16.661s][info][gc,start    ] GC(7) Concurrent update references
[16.661s][info][gc,task     ] GC(7) Using 1 of 3 workers for concurrent reference update
[16.737s][info][gc          ] GC(7) Concurrent update references 75.787ms
[16.737s][info][gc,start    ] GC(7) Concurrent update thread roots
[16.738s][info][gc          ] GC(7) Concurrent update thread roots 0.727ms
[16.738s][info][gc,start    ] GC(7) Pause Final Update Refs
[16.738s][info][gc,task     ] GC(7) Using 3 of 3 workers for final reference update
[16.738s][info][gc          ] GC(7) Pause Final Update Refs 0.213ms
[16.738s][info][gc,start    ] GC(7) Concurrent cleanup
[16.738s][info][gc          ] GC(7) Concurrent cleanup 415M->140M(8192M) 0.035ms
[16.738s][info][gc,ergo     ] Free: 7640M, Max: 4096K regular, 7588M humongous, Frag: 1% external, 0% internal; Reserve: 412M, Max: 4096K
[16.738s][info][gc,stats    ] 
[16.738s][info][gc,stats    ] All times are wall-clock times, except per-root-class counters, that are sum over
[16.738s][info][gc,stats    ] all workers. Dividing the <total> over the root stage time estimates parallelism.
[16.738s][info][gc,stats    ] 
[16.738s][info][gc,stats    ] Concurrent Reset                   1427 us
[16.738s][info][gc,stats    ] Pause Init Mark (G)                 273 us
[16.738s][info][gc,stats    ] Pause Init Mark (N)                 160 us
[16.738s][info][gc,stats    ]   Update Region States               74 us
[16.738s][info][gc,stats    ] Concurrent Mark Roots               553 us, parallelism: 0.67x
[16.738s][info][gc,stats    ]   CMR: <total>                      371 us
[16.738s][info][gc,stats    ]   CMR: Thread Roots                 322 us, workers (us): 322, ---, ---, 
[16.738s][info][gc,stats    ]   CMR: VM Strong Roots                5 us, workers (us):   5, ---, ---, 
[16.738s][info][gc,stats    ]   CMR: CLDG Roots                    44 us, workers (us):  44, ---, ---, 
[16.738s][info][gc,stats    ] Concurrent Marking               168151 us
[16.738s][info][gc,stats    ] Pause Final Mark (G)                626 us
[16.738s][info][gc,stats    ] Pause Final Mark (N)                510 us
[16.738s][info][gc,stats    ]   Finish Mark                       144 us
[16.738s][info][gc,stats    ]   Update Region States               79 us
[16.738s][info][gc,stats    ]   Choose Collection Set             119 us
[16.738s][info][gc,stats    ]   Rebuild Free Set                   22 us
[16.738s][info][gc,stats    ] Concurrent Thread Roots             328 us, parallelism: 0.74x
[16.738s][info][gc,stats    ]   CTR: <total>                      244 us
[16.738s][info][gc,stats    ]   CTR: Thread Roots                 244 us, workers (us): 244, ---, ---, 
[16.738s][info][gc,stats    ] Concurrent Weak References         5057 us, parallelism: 0.96x
[16.738s][info][gc,stats    ]   CWRF: <total>                    4850 us
[16.738s][info][gc,stats    ]   CWRF: Weak References            4850 us, workers (us): 4850, ---, ---, 
[16.738s][info][gc,stats    ] Concurrent Weak Roots              1448 us
[16.738s][info][gc,stats    ]   Roots                            1285 us, parallelism: 0.92x
[16.738s][info][gc,stats    ]     CWR: <total>                   1180 us
[16.738s][info][gc,stats    ]     CWR: Code Cache Roots           782 us, workers (us): 782, ---, ---, 
[16.738s][info][gc,stats    ]     CWR: VM Weak Roots              394 us, workers (us): 394, ---, ---, 
[16.739s][info][gc,stats    ]     CWR: CLDG Roots                   4 us, workers (us):   4, ---, ---, 
[16.739s][info][gc,stats    ]   Rendezvous                         75 us
[16.739s][info][gc,stats    ] Concurrent Cleanup                   37 us
[16.739s][info][gc,stats    ] Concurrent Class Unloading         3518 us
[16.739s][info][gc,stats    ]   Unlink Stale                     3216 us
[16.739s][info][gc,stats    ]     System Dictionary                 5 us
[16.739s][info][gc,stats    ]     Weak Class Links                  0 us
[16.739s][info][gc,stats    ]     Code Roots                     3209 us
[16.739s][info][gc,stats    ]   Rendezvous                         89 us
[16.739s][info][gc,stats    ]   Purge Unlinked                    143 us
[16.739s][info][gc,stats    ]     Code Roots                      136 us
[16.739s][info][gc,stats    ]     CLDG                              6 us
[16.739s][info][gc,stats    ]     Exception Caches                  0 us
[16.739s][info][gc,stats    ] Concurrent Strong Roots             339 us, parallelism: 0.65x
[16.739s][info][gc,stats    ]   CSR: <total>                      221 us
[16.739s][info][gc,stats    ]   CSR: VM Strong Roots               12 us, workers (us):  12, ---, ---, 
[16.739s][info][gc,stats    ]   CSR: CLDG Roots                   209 us, workers (us): 209, ---, ---, 
[16.739s][info][gc,stats    ] Concurrent Evacuation             45257 us
[16.739s][info][gc,stats    ] Pause Init Update Refs (G)          344 us
[16.739s][info][gc,stats    ] Pause Init Update Refs (N)          130 us
[16.739s][info][gc,stats    ]   Manage GCLABs                       5 us
[16.739s][info][gc,stats    ] Concurrent Update Refs            75860 us
[16.739s][info][gc,stats    ] Concurrent Update Thread Roots      772 us
[16.739s][info][gc,stats    ] Pause Final Update Refs (G)         351 us
[16.739s][info][gc,stats    ] Pause Final Update Refs (N)         241 us
[16.739s][info][gc,stats    ]   Update Region States               93 us
[16.739s][info][gc,stats    ]   Trash Collection Set                8 us
[16.739s][info][gc,stats    ]   Rebuild Free Set                   27 us
[16.739s][info][gc,stats    ] Concurrent Cleanup                   45 us
[16.739s][info][gc,stats    ] 
[16.739s][info][gc,stats    ] Allocation pacing accrued:
[16.739s][info][gc,stats    ]       0 of  1864 ms (  0.0%): <total>
[16.739s][info][gc,stats    ]       0 of  1864 ms (  0.0%): <average total>
[16.739s][info][gc,stats    ] 
[16.739s][info][gc,metaspace] Metaspace: 12199K(12352K)->12199K(12352K) NonClass: 10859K(10944K)->10859K(10944K) Class: 1340K(1408K)->1340K(1408K)
[16.739s][info][gc,ergo     ] Pacer for Idle. Initial: 163M, Alloc Tax Rate: 1.0x
[18.295s][info][gc          ] Trigger: Explicit GC request (System.gc())
[18.295s][info][gc,ergo     ] Free: 7284M, Max: 4096K regular, 7284M humongous, Frag: 0% external, 0% internal; Reserve: 412M, Max: 4096K
[18.295s][info][gc,start    ] GC(8) Concurrent reset
[18.295s][info][gc,task     ] GC(8) Using 1 of 3 workers for concurrent reset
[18.295s][info][gc,ergo     ] GC(8) Pacer for Reset. Non-Taxable: 8192M
[18.296s][info][gc          ] GC(8) Concurrent reset 1.567ms
[18.296s][info][gc,start    ] GC(8) Pause Init Mark (unload classes)
[18.296s][info][gc,task     ] GC(8) Using 3 of 3 workers for init marking
[18.297s][info][gc,ref      ] GC(8) Clearing All SoftReferences
[18.297s][info][gc,ergo     ] GC(8) Pacer for Mark. Expected Live: 132M, Free: 7284M, Non-Taxable: 728M, Alloc Tax Rate: 0.0x
[18.297s][info][gc          ] GC(8) Pause Init Mark (unload classes) 0.140ms
[18.297s][info][gc,start    ] GC(8) Concurrent marking roots
[18.297s][info][gc,task     ] GC(8) Using 1 of 3 workers for concurrent marking roots
[18.297s][info][gc          ] GC(8) Concurrent marking roots 0.382ms
[18.297s][info][gc,start    ] GC(8) Concurrent marking (unload classes)
[18.297s][info][gc,task     ] GC(8) Using 1 of 3 workers for concurrent marking
[18.465s][info][gc          ] GC(8) Concurrent marking (unload classes) 167.741ms
[18.465s][info][gc,start    ] GC(8) Pause Final Mark (unload classes)
[18.465s][info][gc,task     ] GC(8) Using 3 of 3 workers for final marking
[18.465s][info][gc,ergo     ] GC(8) Adaptive CSet Selection. Target Free: 1160M, Actual Free: 7852M, Max CSet: 341M, Min Garbage: 0B
[18.465s][info][gc,ergo     ] GC(8) Collectable Garbage: 350M (98%), Immediate: 156M (43%), CSet: 193M (54%)
[18.465s][info][gc,ergo     ] GC(8) Pacer for Evacuation. Used CSet: 276M, Free: 7448M, Non-Taxable: 744M, Alloc Tax Rate: 1.1x
[18.465s][info][gc          ] GC(8) Pause Final Mark (unload classes) 0.284ms
[18.465s][info][gc,start    ] GC(8) Concurrent thread roots
[18.465s][info][gc,task     ] GC(8) Using 1 of 3 workers for Concurrent thread roots
[18.466s][info][gc          ] GC(8) Concurrent thread roots 0.573ms
[18.466s][info][gc,start    ] GC(8) Concurrent weak references
[18.466s][info][gc,task     ] GC(8) Using 1 of 3 workers for concurrent weak references
[18.471s][info][gc,ref      ] GC(8) Encountered references: Soft: 35211, Weak: 462, Final: 4, Phantom: 1668
[18.471s][info][gc,ref      ] GC(8) Discovered  references: Soft: 35118, Weak: 247, Final: 2, Phantom: 1650
[18.471s][info][gc,ref      ] GC(8) Enqueued    references: Soft: 35063, Weak: 9, Final: 1, Phantom: 1626
[18.471s][info][gc          ] GC(8) Concurrent weak references 5.208ms
[18.471s][info][gc,start    ] GC(8) Concurrent weak roots
[18.471s][info][gc,task     ] GC(8) Using 1 of 3 workers for concurrent weak root
[18.472s][info][gc          ] GC(8) Concurrent weak roots 1.364ms
[18.472s][info][gc,start    ] GC(8) Concurrent cleanup
[18.472s][info][gc          ] GC(8) Concurrent cleanup 490M->333M(8192M) 0.025ms
[18.473s][info][gc,ergo     ] GC(8) Free: 7448M, Max: 4096K regular, 7376M humongous, Frag: 1% external, 0% internal; Reserve: 410M, Max: 4096K
[18.473s][info][gc,start    ] GC(8) Concurrent class unloading
[18.473s][info][gc,task     ] GC(8) Using 1 of 3 workers for concurrent class unloading
[18.476s][info][gc          ] GC(8) Concurrent class unloading 3.917ms
[18.477s][info][gc,start    ] GC(8) Concurrent strong roots
[18.477s][info][gc,task     ] GC(8) Using 1 of 3 workers for concurrent strong root
[18.477s][info][gc          ] GC(8) Concurrent strong roots 0.227ms
[18.477s][info][gc,start    ] GC(8) Concurrent evacuation
[18.477s][info][gc,task     ] GC(8) Using 1 of 3 workers for concurrent evacuation
[18.522s][info][gc          ] GC(8) Concurrent evacuation 45.197ms
[18.522s][info][gc,start    ] GC(8) Pause Init Update Refs
[18.522s][info][gc,ergo     ] GC(8) Pacer for Update Refs. Used: 416M, Free: 7448M, Non-Taxable: 744M, Alloc Tax Rate: 1.1x
[18.522s][info][gc          ] GC(8) Pause Init Update Refs 0.058ms
[18.522s][info][gc,start    ] GC(8) Concurrent update references
[18.522s][info][gc,task     ] GC(8) Using 1 of 3 workers for concurrent reference update
[18.598s][info][gc          ] GC(8) Concurrent update references 76.060ms
[18.598s][info][gc,start    ] GC(8) Concurrent update thread roots
[18.599s][info][gc          ] GC(8) Concurrent update thread roots 0.439ms
[18.599s][info][gc,start    ] GC(8) Pause Final Update Refs
[18.599s][info][gc,task     ] GC(8) Using 3 of 3 workers for final reference update
[18.599s][info][gc          ] GC(8) Pause Final Update Refs 0.206ms
[18.599s][info][gc,start    ] GC(8) Concurrent cleanup
[18.599s][info][gc          ] GC(8) Concurrent cleanup 416M->140M(8192M) 0.032ms
[18.599s][info][gc,ergo     ] Free: 7640M, Max: 4096K regular, 7592M humongous, Frag: 1% external, 0% internal; Reserve: 412M, Max: 4096K
[18.599s][info][gc,stats    ] 
[18.599s][info][gc,stats    ] All times are wall-clock times, except per-root-class counters, that are sum over
[18.599s][info][gc,stats    ] all workers. Dividing the <total> over the root stage time estimates parallelism.
[18.599s][info][gc,stats    ] 
[18.599s][info][gc,stats    ] Concurrent Reset                   1649 us
[18.599s][info][gc,stats    ] Pause Init Mark (G)                 260 us
[18.599s][info][gc,stats    ] Pause Init Mark (N)                 148 us
[18.599s][info][gc,stats    ]   Update Region States               59 us
[18.599s][info][gc,stats    ] Concurrent Mark Roots               410 us, parallelism: 0.73x
[18.599s][info][gc,stats    ]   CMR: <total>                      301 us
[18.599s][info][gc,stats    ]   CMR: Thread Roots                 251 us, workers (us): 251, ---, ---, 
[18.599s][info][gc,stats    ]   CMR: VM Strong Roots                5 us, workers (us):   5, ---, ---, 
[18.599s][info][gc,stats    ]   CMR: CLDG Roots                    45 us, workers (us):  45, ---, ---, 
[18.599s][info][gc,stats    ] Concurrent Marking               167812 us
[18.599s][info][gc,stats    ] Pause Final Mark (G)                396 us
[18.599s][info][gc,stats    ] Pause Final Mark (N)                293 us
[18.599s][info][gc,stats    ]   Finish Mark                        83 us
[18.599s][info][gc,stats    ]   Update Region States               34 us
[18.599s][info][gc,stats    ]   Choose Collection Set              48 us
[18.599s][info][gc,stats    ]   Rebuild Free Set                    8 us
[18.599s][info][gc,stats    ] Concurrent Thread Roots             591 us, parallelism: 0.76x
[18.599s][info][gc,stats    ]   CTR: <total>                      447 us
[18.599s][info][gc,stats    ]   CTR: Thread Roots                 447 us, workers (us): 447, ---, ---, 
[18.599s][info][gc,stats    ] Concurrent Weak References         5226 us, parallelism: 0.95x
[18.599s][info][gc,stats    ]   CWRF: <total>                    4990 us
[18.599s][info][gc,stats    ]   CWRF: Weak References            4990 us, workers (us): 4990, ---, ---, 
[18.599s][info][gc,stats    ] Concurrent Weak Roots              1384 us
[18.599s][info][gc,stats    ]   Roots                            1238 us, parallelism: 0.95x
[18.599s][info][gc,stats    ]     CWR: <total>                   1175 us
[18.599s][info][gc,stats    ]     CWR: Code Cache Roots           791 us, workers (us): 791, ---, ---, 
[18.599s][info][gc,stats    ]     CWR: VM Weak Roots              381 us, workers (us): 381, ---, ---, 
[18.599s][info][gc,stats    ]     CWR: CLDG Roots                   3 us, workers (us):   3, ---, ---, 
[18.599s][info][gc,stats    ]   Rendezvous                         90 us
[18.599s][info][gc,stats    ] Concurrent Cleanup                   34 us
[18.599s][info][gc,stats    ] Concurrent Class Unloading         3984 us
[18.599s][info][gc,stats    ]   Unlink Stale                     3594 us
[18.599s][info][gc,stats    ]     System Dictionary                 4 us
[18.599s][info][gc,stats    ]     Weak Class Links                  0 us
[18.599s][info][gc,stats    ]     Code Roots                     3588 us
[18.599s][info][gc,stats    ]   Rendezvous                        114 us
[18.599s][info][gc,stats    ]   Purge Unlinked                    188 us
[18.599s][info][gc,stats    ]     Code Roots                      177 us
[18.600s][info][gc,stats    ]     CLDG                             11 us
[18.600s][info][gc,stats    ]     Exception Caches                  0 us
[18.600s][info][gc,stats    ] Concurrent Strong Roots             267 us, parallelism: 0.46x
[18.600s][info][gc,stats    ]   CSR: <total>                      121 us
[18.600s][info][gc,stats    ]   CSR: VM Strong Roots                8 us, workers (us):   8, ---, ---, 
[18.600s][info][gc,stats    ]   CSR: CLDG Roots                   113 us, workers (us): 113, ---, ---, 
[18.600s][info][gc,stats    ] Concurrent Evacuation             45268 us
[18.600s][info][gc,stats    ] Pause Init Update Refs (G)          127 us
[18.600s][info][gc,stats    ] Pause Init Update Refs (N)           67 us
[18.600s][info][gc,stats    ]   Manage GCLABs                       3 us
[18.600s][info][gc,stats    ] Concurrent Update Refs            76128 us
[18.600s][info][gc,stats    ] Concurrent Update Thread Roots      458 us
[18.600s][info][gc,stats    ] Pause Final Update Refs (G)         367 us
[18.600s][info][gc,stats    ] Pause Final Update Refs (N)         262 us
[18.600s][info][gc,stats    ]   Update Region States               72 us
[18.600s][info][gc,stats    ]   Trash Collection Set                8 us
[18.600s][info][gc,stats    ]   Rebuild Free Set                   32 us
[18.600s][info][gc,stats    ] Concurrent Cleanup                   42 us
[18.600s][info][gc,stats    ] 
[18.600s][info][gc,stats    ] Allocation pacing accrued:
[18.600s][info][gc,stats    ]       0 of  1861 ms (  0.0%): <total>
[18.600s][info][gc,stats    ]       0 of  1861 ms (  0.0%): <average total>
[18.600s][info][gc,stats    ] 
[18.600s][info][gc,metaspace] Metaspace: 12214K(12352K)->12214K(12352K) NonClass: 10873K(10944K)->10873K(10944K) Class: 1340K(1408K)->1340K(1408K)
[18.600s][info][gc,ergo     ] Pacer for Idle. Initial: 163M, Alloc Tax Rate: 1.0x
[20.166s][info][gc          ] Trigger: Explicit GC request (System.gc())
[20.166s][info][gc,ergo     ] Free: 7284M, Max: 4096K regular, 7284M humongous, Frag: 0% external, 0% internal; Reserve: 412M, Max: 4096K
[20.166s][info][gc,start    ] GC(9) Concurrent reset
[20.166s][info][gc,task     ] GC(9) Using 1 of 3 workers for concurrent reset
[20.166s][info][gc,ergo     ] GC(9) Pacer for Reset. Non-Taxable: 8192M
[20.168s][info][gc          ] GC(9) Concurrent reset 2.064ms
[20.168s][info][gc,start    ] GC(9) Pause Init Mark (unload classes)
[20.168s][info][gc,task     ] GC(9) Using 3 of 3 workers for init marking
[20.169s][info][gc,ref      ] GC(9) Clearing All SoftReferences
[20.169s][info][gc,ergo     ] GC(9) Pacer for Mark. Expected Live: 132M, Free: 7284M, Non-Taxable: 728M, Alloc Tax Rate: 0.0x
[20.169s][info][gc          ] GC(9) Pause Init Mark (unload classes) 0.139ms
[20.169s][info][gc,start    ] GC(9) Concurrent marking roots
[20.169s][info][gc,task     ] GC(9) Using 1 of 3 workers for concurrent marking roots
[20.169s][info][gc          ] GC(9) Concurrent marking roots 0.396ms
[20.169s][info][gc,start    ] GC(9) Concurrent marking (unload classes)
[20.169s][info][gc,task     ] GC(9) Using 1 of 3 workers for concurrent marking
[20.337s][info][gc          ] GC(9) Concurrent marking (unload classes) 167.786ms
[20.337s][info][gc,start    ] GC(9) Pause Final Mark (unload classes)
[20.337s][info][gc,task     ] GC(9) Using 3 of 3 workers for final marking
[20.337s][info][gc,ergo     ] GC(9) Adaptive CSet Selection. Target Free: 1160M, Actual Free: 7856M, Max CSet: 341M, Min Garbage: 0B
[20.337s][info][gc,ergo     ] GC(9) Collectable Garbage: 350M (98%), Immediate: 160M (45%), CSet: 189M (53%)
[20.337s][info][gc,ergo     ] GC(9) Pacer for Evacuation. Used CSet: 271M, Free: 7452M, Non-Taxable: 745M, Alloc Tax Rate: 1.1x
[20.337s][info][gc          ] GC(9) Pause Final Mark (unload classes) 0.414ms
[20.338s][info][gc,start    ] GC(9) Concurrent thread roots
[20.338s][info][gc,task     ] GC(9) Using 1 of 3 workers for Concurrent thread roots
[20.338s][info][gc          ] GC(9) Concurrent thread roots 0.570ms
[20.338s][info][gc,start    ] GC(9) Concurrent weak references
[20.338s][info][gc,task     ] GC(9) Using 1 of 3 workers for concurrent weak references
[20.343s][info][gc,ref      ] GC(9) Encountered references: Soft: 35210, Weak: 462, Final: 4, Phantom: 1668
[20.343s][info][gc,ref      ] GC(9) Discovered  references: Soft: 35117, Weak: 247, Final: 2, Phantom: 1650
[20.343s][info][gc,ref      ] GC(9) Enqueued    references: Soft: 35062, Weak: 9, Final: 1, Phantom: 1626
[20.343s][info][gc          ] GC(9) Concurrent weak references 5.075ms
[20.343s][info][gc,start    ] GC(9) Concurrent weak roots
[20.343s][info][gc,task     ] GC(9) Using 1 of 3 workers for concurrent weak root
[20.345s][info][gc          ] GC(9) Concurrent weak roots 1.481ms
[20.345s][info][gc,start    ] GC(9) Concurrent cleanup
[20.345s][info][gc          ] GC(9) Concurrent cleanup 489M->329M(8192M) 0.027ms
[20.345s][info][gc,ergo     ] GC(9) Free: 7452M, Max: 4096K regular, 7380M humongous, Frag: 1% external, 0% internal; Reserve: 410M, Max: 4096K
[20.345s][info][gc,start    ] GC(9) Concurrent class unloading
[20.345s][info][gc,task     ] GC(9) Using 1 of 3 workers for concurrent class unloading
[20.348s][info][gc          ] GC(9) Concurrent class unloading 3.702ms
[20.349s][info][gc,start    ] GC(9) Concurrent strong roots
[20.349s][info][gc,task     ] GC(9) Using 1 of 3 workers for concurrent strong root
[20.349s][info][gc          ] GC(9) Concurrent strong roots 0.225ms
[20.349s][info][gc,start    ] GC(9) Concurrent evacuation
[20.349s][info][gc,task     ] GC(9) Using 1 of 3 workers for concurrent evacuation
[20.394s][info][gc          ] GC(9) Concurrent evacuation 44.754ms
[20.394s][info][gc,start    ] GC(9) Pause Init Update Refs
[20.394s][info][gc,ergo     ] GC(9) Pacer for Update Refs. Used: 411M, Free: 7452M, Non-Taxable: 745M, Alloc Tax Rate: 1.1x
[20.394s][info][gc          ] GC(9) Pause Init Update Refs 0.112ms
[20.394s][info][gc,start    ] GC(9) Concurrent update references
[20.394s][info][gc,task     ] GC(9) Using 1 of 3 workers for concurrent reference update
[20.471s][info][gc          ] GC(9) Concurrent update references 76.564ms
[20.471s][info][gc,start    ] GC(9) Concurrent update thread roots
[20.471s][info][gc          ] GC(9) Concurrent update thread roots 0.665ms
[20.471s][info][gc,start    ] GC(9) Pause Final Update Refs
[20.471s][info][gc,task     ] GC(9) Using 3 of 3 workers for final reference update
[20.472s][info][gc          ] GC(9) Pause Final Update Refs 0.201ms
[20.472s][info][gc,start    ] GC(9) Concurrent cleanup
[20.472s][info][gc          ] GC(9) Concurrent cleanup 411M->140M(8192M) 0.034ms
[20.472s][info][gc,ergo     ] Free: 7640M, Max: 4096K regular, 7588M humongous, Frag: 1% external, 0% internal; Reserve: 412M, Max: 4096K
[20.472s][info][gc,stats    ] 
[20.472s][info][gc,stats    ] All times are wall-clock times, except per-root-class counters, that are sum over
[20.472s][info][gc,stats    ] all workers. Dividing the <total> over the root stage time estimates parallelism.
[20.472s][info][gc,stats    ] 
[20.472s][info][gc,stats    ] Concurrent Reset                   2132 us
[20.472s][info][gc,stats    ] Pause Init Mark (G)                 283 us
[20.472s][info][gc,stats    ] Pause Init Mark (N)                 147 us
[20.472s][info][gc,stats    ]   Update Region States               58 us
[20.472s][info][gc,stats    ] Concurrent Mark Roots               415 us, parallelism: 0.74x
[20.472s][info][gc,stats    ]   CMR: <total>                      305 us
[20.472s][info][gc,stats    ]   CMR: Thread Roots                 258 us, workers (us): 258, ---, ---, 
[20.472s][info][gc,stats    ]   CMR: VM Strong Roots                4 us, workers (us):   4, ---, ---, 
[20.472s][info][gc,stats    ]   CMR: CLDG Roots                    43 us, workers (us):  43, ---, ---, 
[20.472s][info][gc,stats    ] Concurrent Marking               167854 us
[20.472s][info][gc,stats    ] Pause Final Mark (G)                570 us
[20.472s][info][gc,stats    ] Pause Final Mark (N)                436 us
[20.472s][info][gc,stats    ]   Finish Mark                        98 us
[20.472s][info][gc,stats    ]   Update Region States               71 us
[20.472s][info][gc,stats    ]   Choose Collection Set              95 us
[20.472s][info][gc,stats    ]   Rebuild Free Set                   22 us
[20.472s][info][gc,stats    ] Concurrent Thread Roots             590 us, parallelism: 0.75x
[20.472s][info][gc,stats    ]   CTR: <total>                      441 us
[20.472s][info][gc,stats    ]   CTR: Thread Roots                 441 us, workers (us): 441, ---, ---, 
[20.472s][info][gc,stats    ] Concurrent Weak References         5092 us, parallelism: 0.96x
[20.472s][info][gc,stats    ]   CWRF: <total>                    4889 us
[20.472s][info][gc,stats    ]   CWRF: Weak References            4889 us, workers (us): 4889, ---, ---, 
[20.472s][info][gc,stats    ] Concurrent Weak Roots              1531 us
[20.472s][info][gc,stats    ]   Roots                            1385 us, parallelism: 0.94x
[20.472s][info][gc,stats    ]     CWR: <total>                   1308 us
[20.472s][info][gc,stats    ]     CWR: Code Cache Roots           910 us, workers (us): 910, ---, ---, 
[20.472s][info][gc,stats    ]     CWR: VM Weak Roots              394 us, workers (us): 394, ---, ---, 
[20.472s][info][gc,stats    ]     CWR: CLDG Roots                   5 us, workers (us):   5, ---, ---, 
[20.472s][info][gc,stats    ]   Rendezvous                         57 us
[20.472s][info][gc,stats    ] Concurrent Cleanup                   37 us
[20.472s][info][gc,stats    ] Concurrent Class Unloading         3769 us
[20.472s][info][gc,stats    ]   Unlink Stale                     3344 us
[20.472s][info][gc,stats    ]     System Dictionary                 4 us
[20.472s][info][gc,stats    ]     Weak Class Links                  0 us
[20.472s][info][gc,stats    ]     Code Roots                     3338 us
[20.472s][info][gc,stats    ]   Rendezvous                        141 us
[20.472s][info][gc,stats    ]   Purge Unlinked                    195 us
[20.472s][info][gc,stats    ]     Code Roots                      184 us
[20.472s][info][gc,stats    ]     CLDG                             11 us
[20.472s][info][gc,stats    ]     Exception Caches                  0 us
[20.472s][info][gc,stats    ] Concurrent Strong Roots             264 us, parallelism: 0.45x
[20.472s][info][gc,stats    ]   CSR: <total>                      119 us
[20.472s][info][gc,stats    ]   CSR: VM Strong Roots                9 us, workers (us):   9, ---, ---, 
[20.472s][info][gc,stats    ]   CSR: CLDG Roots                   111 us, workers (us): 111, ---, ---, 
[20.472s][info][gc,stats    ] Concurrent Evacuation             44823 us
[20.472s][info][gc,stats    ] Pause Init Update Refs (G)          297 us
[20.472s][info][gc,stats    ] Pause Init Update Refs (N)          133 us
[20.472s][info][gc,stats    ]   Manage GCLABs                       6 us
[20.472s][info][gc,stats    ] Concurrent Update Refs            76644 us
[20.472s][info][gc,stats    ] Concurrent Update Thread Roots      685 us
[20.472s][info][gc,stats    ] Pause Final Update Refs (G)         305 us
[20.472s][info][gc,stats    ] Pause Final Update Refs (N)         229 us
[20.472s][info][gc,stats    ]   Update Region States               72 us
[20.472s][info][gc,stats    ]   Trash Collection Set                8 us
[20.472s][info][gc,stats    ]   Rebuild Free Set                   27 us
[20.472s][info][gc,stats    ] Concurrent Cleanup                   44 us
[20.472s][info][gc,stats    ] 
[20.472s][info][gc,stats    ] Allocation pacing accrued:
[20.472s][info][gc,stats    ]       0 of  1872 ms (  0.0%): <total>
[20.472s][info][gc,stats    ]       0 of  1872 ms (  0.0%): <average total>
[20.472s][info][gc,stats    ] 
[20.472s][info][gc,metaspace] Metaspace: 12222K(12352K)->12222K(12352K) NonClass: 10881K(10944K)->10881K(10944K) Class: 1340K(1408K)->1340K(1408K)
[20.472s][info][gc,ergo     ] Pacer for Idle. Initial: 163M, Alloc Tax Rate: 1.0x
[22.132s][info][gc          ] Cancelling GC: Stopping VM
[22.148s][info][gc,heap,exit] Heap
[22.148s][info][gc,heap,exit] Shenandoah Heap
[22.148s][info][gc,heap,exit]  8192M max, 8192M soft max, 8192M committed, 492M used
[22.148s][info][gc,heap,exit]  2048 x 4096K regions
[22.148s][info][gc,heap,exit] Status: cancelled
[22.148s][info][gc,heap,exit] Reserved region:
[22.148s][info][gc,heap,exit]  - [0x0000000600000000, 0x0000000800000000) 
[22.148s][info][gc,heap,exit] Collection set:
[22.148s][info][gc,heap,exit]  - map (vanilla): 0x0000000000011800
[22.148s][info][gc,heap,exit]  - map (biased):  0x0000000000010000
[22.148s][info][gc,heap,exit] 
[22.148s][info][gc,heap,exit]  Metaspace       used 12228K, committed 12416K, reserved 1114112K
[22.148s][info][gc,heap,exit]   class space    used 1340K, committed 1408K, reserved 1048576K
[22.148s][info][gc,stats    ] 
[22.148s][info][gc,stats    ] GC STATISTICS:
[22.148s][info][gc,stats    ]   "(G)" (gross) pauses include VM time: time to notify and block threads, do the pre-
[22.148s][info][gc,stats    ]         and post-safepoint housekeeping. Use -Xlog:safepoint+stats to dissect.
[22.148s][info][gc,stats    ]   "(N)" (net) pauses are the times spent in the actual GC code.
[22.148s][info][gc,stats    ]   "a" is average time for each phase, look at levels to see if average makes sense.
[22.148s][info][gc,stats    ]   "lvls" are quantiles: 0% (minimum), 25%, 50% (median), 75%, 100% (maximum).
[22.148s][info][gc,stats    ] 
[22.148s][info][gc,stats    ]   All times are wall-clock times, except per-root-class counters, that are sum over
[22.148s][info][gc,stats    ]   all workers. Dividing the <total> over the root stage time estimates parallelism.
[22.148s][info][gc,stats    ] 
[22.148s][info][gc,stats    ]   Pacing delays are measured from entering the pacing code till exiting it. Therefore,
[22.148s][info][gc,stats    ]   observed pacing delays may be higher than the threshold when paced thread spent more
[22.148s][info][gc,stats    ]   time in the pacing code. It usually happens when thread is de-scheduled while paced,
[22.148s][info][gc,stats    ]   OS takes longer to unblock the thread, or JVM experiences an STW pause.
[22.148s][info][gc,stats    ] 
[22.148s][info][gc,stats    ]   Higher delay would prevent application outpacing the GC, but it will hide the GC latencies
[22.148s][info][gc,stats    ]   from the STW pause times. Pacing affects the individual threads, and so it would also be
[22.148s][info][gc,stats    ]   invisible to the usual profiling tools, but would add up to end-to-end application latency.
[22.149s][info][gc,stats    ]   Raise max pacing delay with care.
[22.149s][info][gc,stats    ] 
[22.149s][info][gc,stats    ] Concurrent Reset               =    0.016 s (a =     1629 us) (n =    10) (lvls, us =      416,      531,     1641,     1758,     2696)
[22.149s][info][gc,stats    ] Pause Init Mark (G)            =    0.003 s (a =      344 us) (n =    10) (lvls, us =      238,      260,      281,      340,      733)
[22.149s][info][gc,stats    ] Pause Init Mark (N)            =    0.002 s (a =      206 us) (n =    10) (lvls, us =      146,      146,      158,      191,      509)
[22.149s][info][gc,stats    ]   Update Region States         =    0.001 s (a =       73 us) (n =    10) (lvls, us =       52,       55,       69,       75,      114)
[22.149s][info][gc,stats    ] Concurrent Mark Roots          =    0.005 s (a =      497 us) (n =    10) (lvls, us =      408,      410,      463,      539,      650)
[22.149s][info][gc,stats    ]   CMR: <total>                 =    0.004 s (a =      366 us) (n =    10) (lvls, us =      301,      301,      355,      369,      460)
[22.149s][info][gc,stats    ]   CMR: Thread Roots            =    0.003 s (a =      292 us) (n =    10) (lvls, us =      229,      250,      281,      309,      379)
[22.149s][info][gc,stats    ]   CMR: VM Strong Roots         =    0.000 s (a =       14 us) (n =    10) (lvls, us =        4,        5,        5,        6,       40)
[22.149s][info][gc,stats    ]   CMR: CLDG Roots              =    0.001 s (a =       60 us) (n =    10) (lvls, us =       42,       43,       45,       48,      138)
[22.149s][info][gc,stats    ] Concurrent Marking             =    1.519 s (a =   151928 us) (n =    10) (lvls, us =     3223,   166016,   166016,   167969,   171228)
[22.149s][info][gc,stats    ] Pause Final Mark (G)           =    0.006 s (a =      577 us) (n =    10) (lvls, us =      395,      455,      617,      623,      692)
[22.149s][info][gc,stats    ] Pause Final Mark (N)           =    0.005 s (a =      459 us) (n =    10) (lvls, us =      291,      381,      471,      502,      567)
[22.149s][info][gc,stats    ]   Finish Mark                  =    0.001 s (a =      120 us) (n =    10) (lvls, us =       83,       96,      107,      139,      156)
[22.149s][info][gc,stats    ]   Update Region States         =    0.001 s (a =       73 us) (n =    10) (lvls, us =       34,       50,       74,       78,      115)
[22.149s][info][gc,stats    ]   Choose Collection Set        =    0.001 s (a =      101 us) (n =    10) (lvls, us =       47,       75,       99,      117,      125)
[22.149s][info][gc,stats    ]   Rebuild Free Set             =    0.000 s (a =       20 us) (n =    10) (lvls, us =        8,       17,       22,       22,       23)
[22.149s][info][gc,stats    ] Concurrent Thread Roots        =    0.005 s (a =      509 us) (n =    10) (lvls, us =      322,      324,      568,      588,      717)
[22.149s][info][gc,stats    ]   CTR: <total>                 =    0.004 s (a =      395 us) (n =    10) (lvls, us =      238,      238,      439,      449,      593)
[22.149s][info][gc,stats    ]   CTR: Thread Roots            =    0.004 s (a =      395 us) (n =    10) (lvls, us =      238,      238,      439,      449,      593)
[22.149s][info][gc,stats    ] Concurrent Weak References     =    0.047 s (a =     4728 us) (n =    10) (lvls, us =      209,     5039,     5195,     5273,     5405)
[22.149s][info][gc,stats    ]   CWRF: <total>                =    0.045 s (a =     4481 us) (n =    10) (lvls, us =       44,     4844,     4922,     4980,     5127)
[22.149s][info][gc,stats    ]   CWRF: Weak References        =    0.045 s (a =     4481 us) (n =    10) (lvls, us =       44,     4844,     4922,     4980,     5127)
[22.149s][info][gc,stats    ] Concurrent Weak Roots          =    0.014 s (a =     1420 us) (n =    10) (lvls, us =      467,     1211,     1523,     1582,     1719)
[22.149s][info][gc,stats    ]   Roots                        =    0.013 s (a =     1260 us) (n =    10) (lvls, us =      363,     1055,     1367,     1406,     1511)
[22.149s][info][gc,stats    ]     CWR: <total>               =    0.011 s (a =     1148 us) (n =    10) (lvls, us =      309,      996,     1211,     1289,     1379)
[22.149s][info][gc,stats    ]     CWR: Code Cache Roots      =    0.008 s (a =      757 us) (n =    10) (lvls, us =      145,      684,      789,      814,      964)
[22.149s][info][gc,stats    ]     CWR: VM Weak Roots         =    0.004 s (a =      387 us) (n =    10) (lvls, us =      162,      232,      393,      410,      654)
[22.149s][info][gc,stats    ]     CWR: CLDG Roots            =    0.000 s (a =        4 us) (n =    10) (lvls, us =        2,        3,        4,        4,        5)
[22.149s][info][gc,stats    ]   Rendezvous                   =    0.001 s (a =       75 us) (n =    10) (lvls, us =       53,       57,       67,       87,       95)
[22.149s][info][gc,stats    ] Concurrent Cleanup             =    0.000 s (a =       44 us) (n =    10) (lvls, us =       27,       34,       37,       38,       76)
[22.149s][info][gc,stats    ] Concurrent Class Unloading     =    0.037 s (a =     3719 us) (n =    10) (lvls, us =     1562,     3379,     3535,     3750,     6170)
[22.149s][info][gc,stats    ]   Unlink Stale                 =    0.034 s (a =     3373 us) (n =    10) (lvls, us =     1348,     3027,     3203,     3340,     5810)
[22.149s][info][gc,stats    ]     System Dictionary          =    0.000 s (a =       23 us) (n =    10) (lvls, us =        4,        4,        4,        5,      119)
[22.149s][info][gc,stats    ]     Weak Class Links           =    0.003 s (a =      288 us) (n =    10) (lvls, us =        0,        0,        0,        0,     2299)
[22.149s][info][gc,stats    ]     Code Roots                 =    0.031 s (a =     3060 us) (n =    10) (lvls, us =      699,     3027,     3203,     3320,     3795)
[22.149s][info][gc,stats    ]   Rendezvous                   =    0.001 s (a =       97 us) (n =    10) (lvls, us =       59,       62,       89,      113,      141)
[22.149s][info][gc,stats    ]   Purge Unlinked               =    0.002 s (a =      166 us) (n =    10) (lvls, us =       91,      143,      162,      188,      214)
[22.149s][info][gc,stats    ]     Code Roots                 =    0.002 s (a =      151 us) (n =    10) (lvls, us =       58,      135,      154,      170,      184)
[22.149s][info][gc,stats    ]     CLDG                       =    0.000 s (a =       14 us) (n =    10) (lvls, us =        4,        6,       11,       11,       43)
[22.149s][info][gc,stats    ]     Exception Caches           =    0.000 s (a =        0 us) (n =    10) (lvls, us =        0,        0,        0,        0,        0)
[22.149s][info][gc,stats    ] Concurrent Strong Roots        =    0.003 s (a =      267 us) (n =    10) (lvls, us =      174,      191,      264,      266,      449)
[22.149s][info][gc,stats    ]   CSR: <total>                 =    0.002 s (a =      160 us) (n =    10) (lvls, us =      117,      119,      119,      123,      362)
[22.149s][info][gc,stats    ]   CSR: VM Strong Roots         =    0.000 s (a =        9 us) (n =    10) (lvls, us =        8,        8,        8,        8,       14)
[22.149s][info][gc,stats    ]   CSR: CLDG Roots              =    0.002 s (a =      151 us) (n =    10) (lvls, us =      109,      109,      111,      113,      348)
[22.149s][info][gc,stats    ] Concurrent Evacuation          =    0.435 s (a =    43544 us) (n =    10) (lvls, us =     1719,    44727,    45117,    47266,    58840)
[22.149s][info][gc,stats    ] Pause Init Update Refs (G)     =    0.003 s (a =      296 us) (n =    10) (lvls, us =      127,      156,      281,      338,      557)
[22.149s][info][gc,stats    ] Pause Init Update Refs (N)     =    0.001 s (a =      113 us) (n =    10) (lvls, us =       42,       67,      129,      131,      133)
[22.149s][info][gc,stats    ]   Manage GCLABs                =    0.000 s (a =        5 us) (n =    10) (lvls, us =        2,        3,        5,        6,        7)
[22.149s][info][gc,stats    ] Concurrent Update Refs         =    0.693 s (a =    69312 us) (n =    10) (lvls, us =     2402,    75781,    76367,    76562,    78119)
[22.149s][info][gc,stats    ] Concurrent Update Thread Roots =    0.007 s (a =      694 us) (n =    10) (lvls, us =      457,      549,      715,      760,      798)
[22.149s][info][gc,stats    ] Pause Final Update Refs (G)    =    0.003 s (a =      327 us) (n =    10) (lvls, us =      199,      219,      350,      365,      393)
[22.149s][info][gc,stats    ] Pause Final Update Refs (N)    =    0.002 s (a =      233 us) (n =    10) (lvls, us =      125,      145,      242,      260,      316)
[22.149s][info][gc,stats    ]   Update Region States         =    0.001 s (a =       81 us) (n =    10) (lvls, us =       41,       66,       78,       91,      115)
[22.149s][info][gc,stats    ]   Trash Collection Set         =    0.000 s (a =        7 us) (n =    10) (lvls, us =        2,        3,        8,        8,        9)
[22.149s][info][gc,stats    ]   Rebuild Free Set             =    0.000 s (a =       24 us) (n =    10) (lvls, us =        9,       13,       27,       27,       32)
[22.149s][info][gc,stats    ] Concurrent Cleanup             =    0.001 s (a =       51 us) (n =    10) (lvls, us =       42,       44,       45,       45,       84)
[22.149s][info][gc,stats    ] 
[22.149s][info][gc,stats    ] 
[22.149s][info][gc,stats    ] Under allocation pressure, concurrent cycles may cancel, and either continue cycle
[22.149s][info][gc,stats    ] under stop-the-world pause or result in stop-the-world Full GC. Increase heap size,
[22.149s][info][gc,stats    ] tune GC heuristics, set more aggressive pacing delay, or lower allocation rate
[22.149s][info][gc,stats    ] to avoid Degenerated and Full GC cycles.
[22.149s][info][gc,stats    ] 
[22.149s][info][gc,stats    ]    10 successful concurrent GCs
[22.149s][info][gc,stats    ]      10 invoked explicitly
[22.149s][info][gc,stats    ]       0 invoked implicitly
[22.149s][info][gc,stats    ] 
[22.149s][info][gc,stats    ]     0 Degenerated GCs
[22.149s][info][gc,stats    ]       0 caused by allocation failure
[22.149s][info][gc,stats    ]       0 upgraded to Full GC
[22.149s][info][gc,stats    ] 
[22.149s][info][gc,stats    ]     0 Full GCs
[22.149s][info][gc,stats    ]       0 invoked explicitly
[22.149s][info][gc,stats    ]       0 invoked implicitly
[22.149s][info][gc,stats    ]       0 caused by allocation failure
[22.149s][info][gc,stats    ]       0 upgraded from Degenerated GC
[22.149s][info][gc,stats    ] 
[22.149s][info][gc,stats    ] 
