[0.007s][info][gc,init] CardTable entry size: 512
[0.007s][info][gc     ] Using Parallel
[0.017s][info][gc,init] Version: 21.0.4+7-adhoc.Administrator.jdk21u (release)
[0.017s][info][gc,init] CPUs: 6 total, 6 available
[0.017s][info][gc,init] Memory: 15591M
[0.017s][info][gc,init] Large Page Support: Disabled
[0.017s][info][gc,init] NUMA Support: Disabled
[0.017s][info][gc,init] Compressed Oops: Enabled (Zero based)
[0.017s][info][gc,init] Alignments: Space 512K, Generation 512K, Heap 2M
[0.017s][info][gc,init] Heap Min Capacity: 4G
[0.017s][info][gc,init] Heap Initial Capacity: 4G
[0.017s][info][gc,init] Heap Max Capacity: 4G
[0.020s][info][gc,init] Pre-touch: Disabled
[0.020s][info][gc,init] Parallel Workers: 6
[0.029s][info][gc,metaspace] CDS archive(s) mapped at: [0x0000022563000000-0x0000022563c90000-0x0000022563c90000), size 13172736, SharedBaseAddress: 0x0000022563000000, ArchiveRelocationMode: 1.
[0.029s][info][gc,metaspace] Compressed class space mapped at: 0x0000022564000000-0x00000225a4000000, reserved size: 1073741824
[0.029s][info][gc,metaspace] Narrow klass base: 0x0000022563000000, Narrow klass shift: 0, Narrow klass range: 0x100000000
[6.877s][info][gc,start    ] GC(0) Pause Young (Metadata GC Threshold)
[6.885s][info][gc,heap     ] GC(0) PSYoungGen: 293632K(1223168K)->16388K(1223168K) Eden: 293632K(1048576K)->0K(1048576K) From: 0K(174592K)->16388K(174592K)
[6.885s][info][gc,heap     ] GC(0) ParOldGen: 0K(2796544K)->32K(2796544K)
[6.885s][info][gc,metaspace] GC(0) Metaspace: 21235K(21504K)->21235K(21504K) NonClass: 18873K(19008K)->18873K(19008K) Class: 2361K(2496K)->2361K(2496K)
[6.885s][info][gc          ] GC(0) Pause Young (Metadata GC Threshold) 286M->16M(3925M) 7.535ms
[6.885s][info][gc,cpu      ] GC(0) User=0.00s Sys=0.00s Real=0.02s
[6.885s][info][gc,start    ] GC(1) Pause Full (Metadata GC Threshold)
[6.885s][info][gc,phases,start] GC(1) Marking Phase
[6.890s][info][gc,phases      ] GC(1) Marking Phase 5.417ms
[6.890s][info][gc,phases,start] GC(1) Summary Phase
[6.890s][info][gc,phases      ] GC(1) Summary Phase 0.014ms
[6.890s][info][gc,phases,start] GC(1) Adjust Roots
[6.893s][info][gc,phases      ] GC(1) Adjust Roots 2.712ms
[6.893s][info][gc,phases,start] GC(1) Compaction Phase
[6.899s][info][gc,phases      ] GC(1) Compaction Phase 6.478ms
[6.899s][info][gc,phases,start] GC(1) Post Compact
[6.901s][info][gc,phases      ] GC(1) Post Compact 1.815ms
[6.901s][info][gc,heap        ] GC(1) PSYoungGen: 16388K(1223168K)->0K(1223168K) Eden: 0K(1048576K)->0K(1048576K) From: 16388K(174592K)->0K(174592K)
[6.901s][info][gc,heap        ] GC(1) ParOldGen: 32K(2796544K)->16122K(2796544K)
[6.901s][info][gc,metaspace   ] GC(1) Metaspace: 21235K(21504K)->21235K(21504K) NonClass: 18873K(19008K)->18873K(19008K) Class: 2361K(2496K)->2361K(2496K)
[6.901s][info][gc             ] GC(1) Pause Full (Metadata GC Threshold) 16M->15M(3925M) 16.700ms
[6.901s][info][gc,cpu         ] GC(1) User=0.00s Sys=0.00s Real=0.02s
[7.847s][info][gc,start       ] GC(2) Pause Young (Metadata GC Threshold)
[7.852s][info][gc,heap        ] GC(2) PSYoungGen: 209717K(1223168K)->8780K(1223168K) Eden: 209717K(1048576K)->0K(1048576K) From: 0K(174592K)->8780K(174592K)
[7.852s][info][gc,heap        ] GC(2) ParOldGen: 16122K(2796544K)->16130K(2796544K)
[7.852s][info][gc,metaspace   ] GC(2) Metaspace: 35304K(35840K)->35304K(35840K) NonClass: 31177K(31424K)->31177K(31424K) Class: 4127K(4416K)->4127K(4416K)
[7.852s][info][gc             ] GC(2) Pause Young (Metadata GC Threshold) 220M->24M(3925M) 4.827ms
[7.852s][info][gc,cpu         ] GC(2) User=0.00s Sys=0.00s Real=0.00s
[7.852s][info][gc,start       ] GC(3) Pause Full (Metadata GC Threshold)
[7.852s][info][gc,phases,start] GC(3) Marking Phase
[7.863s][info][gc,phases      ] GC(3) Marking Phase 10.329ms
[7.863s][info][gc,phases,start] GC(3) Summary Phase
[7.863s][info][gc,phases      ] GC(3) Summary Phase 0.010ms
[7.863s][info][gc,phases,start] GC(3) Adjust Roots
[7.867s][info][gc,phases      ] GC(3) Adjust Roots 4.279ms
[7.867s][info][gc,phases,start] GC(3) Compaction Phase
[7.879s][info][gc,phases      ] GC(3) Compaction Phase 11.823ms
[7.879s][info][gc,phases,start] GC(3) Post Compact
[7.880s][info][gc,phases      ] GC(3) Post Compact 1.125ms
[7.880s][info][gc,heap        ] GC(3) PSYoungGen: 8780K(1223168K)->0K(1223168K) Eden: 0K(1048576K)->0K(1048576K) From: 8780K(174592K)->0K(174592K)
[7.880s][info][gc,heap        ] GC(3) ParOldGen: 16130K(2796544K)->24456K(2796544K)
[7.880s][info][gc,metaspace   ] GC(3) Metaspace: 35304K(35840K)->35304K(35840K) NonClass: 31177K(31424K)->31177K(31424K) Class: 4127K(4416K)->4127K(4416K)
[7.880s][info][gc             ] GC(3) Pause Full (Metadata GC Threshold) 24M->23M(3925M) 27.859ms
[7.880s][info][gc,cpu         ] GC(3) User=0.03s Sys=0.00s Real=0.03s
[9.970s][info][gc,start       ] GC(4) Pause Young (Metadata GC Threshold)
[9.974s][info][gc,heap        ] GC(4) PSYoungGen: 500410K(1223168K)->6297K(1223168K) Eden: 500410K(1048576K)->0K(1048576K) From: 0K(174592K)->6297K(174592K)
[9.974s][info][gc,heap        ] GC(4) ParOldGen: 24456K(2796544K)->24464K(2796544K)
[9.974s][info][gc,metaspace   ] GC(4) Metaspace: 58897K(59776K)->58897K(59776K) NonClass: 51319K(51840K)->51319K(51840K) Class: 7578K(7936K)->7578K(7936K)
[9.974s][info][gc             ] GC(4) Pause Young (Metadata GC Threshold) 512M->30M(3925M) 4.038ms
[9.974s][info][gc,cpu         ] GC(4) User=0.00s Sys=0.00s Real=0.00s
[9.974s][info][gc,start       ] GC(5) Pause Full (Metadata GC Threshold)
[9.974s][info][gc,phases,start] GC(5) Marking Phase
[9.986s][info][gc,phases      ] GC(5) Marking Phase 12.458ms
[9.986s][info][gc,phases,start] GC(5) Summary Phase
[9.986s][info][gc,phases      ] GC(5) Summary Phase 0.010ms
[9.987s][info][gc,phases,start] GC(5) Adjust Roots
[9.992s][info][gc,phases      ] GC(5) Adjust Roots 5.731ms
[9.992s][info][gc,phases,start] GC(5) Compaction Phase
[10.006s][info][gc,phases      ] GC(5) Compaction Phase 14.081ms
[10.006s][info][gc,phases,start] GC(5) Post Compact
[10.008s][info][gc,phases      ] GC(5) Post Compact 1.373ms
[10.008s][info][gc,heap        ] GC(5) PSYoungGen: 6297K(1223168K)->0K(1223168K) Eden: 0K(1048576K)->0K(1048576K) From: 6297K(174592K)->0K(174592K)
[10.008s][info][gc,heap        ] GC(5) ParOldGen: 24464K(2796544K)->30133K(2796544K)
[10.008s][info][gc,metaspace   ] GC(5) Metaspace: 58897K(59776K)->58897K(59776K) NonClass: 51319K(51840K)->51319K(51840K) Class: 7578K(7936K)->7578K(7936K)
[10.008s][info][gc             ] GC(5) Pause Full (Metadata GC Threshold) 30M->29M(3925M) 33.933ms
[10.008s][info][gc,cpu         ] GC(5) User=0.03s Sys=0.00s Real=0.03s
[10.940s][info][gc,start       ] GC(6) Pause Young (Allocation Failure)
[11.083s][info][gc,heap        ] GC(6) PSYoungGen: 1048576K(1223168K)->174564K(1223168K) Eden: 1048576K(1048576K)->0K(1048576K) From: 0K(174592K)->174564K(174592K)
[11.083s][info][gc,heap        ] GC(6) ParOldGen: 30133K(2796544K)->76293K(2796544K)
[11.083s][info][gc,metaspace   ] GC(6) Metaspace: 64504K(65472K)->64504K(65472K) NonClass: 56311K(56896K)->56311K(56896K) Class: 8193K(8576K)->8193K(8576K)
[11.083s][info][gc             ] GC(6) Pause Young (Allocation Failure) 1053M->244M(3925M) 143.003ms
[11.083s][info][gc,cpu         ] GC(6) User=0.62s Sys=0.12s Real=0.14s
[11.563s][info][gc,start       ] GC(7) Pause Young (Allocation Failure)
[11.694s][info][gc,heap        ] GC(7) PSYoungGen: 1223140K(1223168K)->174575K(1223168K) Eden: 1048576K(1048576K)->0K(1048576K) From: 174564K(174592K)->174575K(174592K)
[11.695s][info][gc,heap        ] GC(7) ParOldGen: 76293K(2796544K)->137117K(2796544K)
[11.695s][info][gc,metaspace   ] GC(7) Metaspace: 64519K(65472K)->64519K(65472K) NonClass: 56325K(56896K)->56325K(56896K) Class: 8193K(8576K)->8193K(8576K)
[11.695s][info][gc             ] GC(7) Pause Young (Allocation Failure) 1268M->304M(3925M) 132.018ms
[11.695s][info][gc,cpu         ] GC(7) User=0.66s Sys=0.11s Real=0.14s
[12.088s][info][gc,start       ] GC(8) Pause Young (Allocation Failure)
[12.308s][info][gc,heap        ] GC(8) PSYoungGen: 1223151K(1223168K)->174564K(776704K) Eden: 1048576K(1048576K)->0K(602112K) From: 174575K(174592K)->174564K(174592K)
[12.308s][info][gc,heap        ] GC(8) ParOldGen: 137117K(2796544K)->321429K(2796544K)
[12.308s][info][gc,metaspace   ] GC(8) Metaspace: 64548K(65472K)->64548K(65472K) NonClass: 56349K(56896K)->56349K(56896K) Class: 8198K(8576K)->8198K(8576K)
[12.308s][info][gc             ] GC(8) Pause Young (Allocation Failure) 1328M->484M(3489M) 220.023ms
[12.308s][info][gc,cpu         ] GC(8) User=1.19s Sys=0.08s Real=0.22s
[12.998s][info][gc,start       ] GC(9) Pause Young (Allocation Failure)
[13.111s][info][gc,heap        ] GC(9) PSYoungGen: 776676K(776704K)->214180K(816640K) Eden: 602112K(602112K)->0K(602112K) From: 174564K(174592K)->214180K(214528K)
[13.111s][info][gc,heap        ] GC(9) ParOldGen: 321429K(2796544K)->321437K(2796544K)
[13.111s][info][gc,metaspace   ] GC(9) Metaspace: 64835K(65728K)->64835K(65728K) NonClass: 56627K(57152K)->56627K(57152K) Class: 8208K(8576K)->8208K(8576K)
[13.111s][info][gc             ] GC(9) Pause Young (Allocation Failure) 1072M->523M(3528M) 113.779ms
[13.111s][info][gc,cpu         ] GC(9) User=0.55s Sys=0.00s Real=0.11s
[13.617s][info][gc,start       ] GC(10) Pause Young (Allocation Failure)
[13.797s][info][gc,heap        ] GC(10) PSYoungGen: 816292K(816640K)->399328K(865280K) Eden: 602112K(602112K)->0K(465920K) From: 214180K(214528K)->399328K(399360K)
[13.797s][info][gc,heap        ] GC(10) ParOldGen: 321437K(2796544K)->468898K(2796544K)
[13.797s][info][gc,metaspace   ] GC(10) Metaspace: 64862K(65792K)->64862K(65792K) NonClass: 56653K(57216K)->56653K(57216K) Class: 8208K(8576K)->8208K(8576K)
[13.797s][info][gc             ] GC(10) Pause Young (Allocation Failure) 1111M->847M(3576M) 179.989ms
[13.797s][info][gc,cpu         ] GC(10) User=1.00s Sys=0.03s Real=0.19s
[14.304s][info][gc,start       ] GC(11) Pause Young (Allocation Failure)
[14.526s][info][gc,heap        ] GC(11) PSYoungGen: 865248K(865280K)->465904K(931840K) Eden: 465920K(465920K)->0K(465920K) From: 399328K(399360K)->465904K(465920K)
[14.526s][info][gc,heap        ] GC(11) ParOldGen: 468898K(2796544K)->711098K(2796544K)
[14.526s][info][gc,metaspace   ] GC(11) Metaspace: 64968K(65920K)->64968K(65920K) NonClass: 56760K(57344K)->56760K(57344K) Class: 8208K(8576K)->8208K(8576K)
[14.526s][info][gc             ] GC(11) Pause Young (Allocation Failure) 1302M->1149M(3641M) 222.062ms
[14.526s][info][gc,cpu         ] GC(11) User=1.23s Sys=0.09s Real=0.23s
[15.335s][info][gc,start       ] GC(12) Pause Young (Allocation Failure)
[15.549s][info][gc,heap        ] GC(12) PSYoungGen: 931824K(931840K)->322250K(931840K) Eden: 465920K(465920K)->0K(465920K) From: 465904K(465920K)->322250K(465920K)
[15.549s][info][gc,heap        ] GC(12) ParOldGen: 711098K(2796544K)->1042754K(2796544K)
[15.549s][info][gc,metaspace   ] GC(12) Metaspace: 65093K(66048K)->65093K(66048K) NonClass: 56885K(57472K)->56885K(57472K) Class: 8208K(8576K)->8208K(8576K)
[15.549s][info][gc             ] GC(12) Pause Young (Allocation Failure) 1604M->1333M(3641M) 214.300ms
[15.549s][info][gc,cpu         ] GC(12) User=1.14s Sys=0.14s Real=0.22s
[16.468s][info][gc,start       ] GC(13) Pause Young (Allocation Failure)
[16.579s][info][gc,heap        ] GC(13) PSYoungGen: 788170K(931840K)->36288K(931840K) Eden: 465920K(465920K)->0K(465920K) From: 322250K(465920K)->36288K(465920K)
[16.579s][info][gc,heap        ] GC(13) ParOldGen: 1042754K(2796544K)->1287735K(2796544K)
[16.579s][info][gc,metaspace   ] GC(13) Metaspace: 65378K(66240K)->65378K(66240K) NonClass: 57166K(57664K)->57166K(57664K) Class: 8212K(8576K)->8212K(8576K)
[16.579s][info][gc             ] GC(13) Pause Young (Allocation Failure) 1788M->1292M(3641M) 111.138ms
[16.579s][info][gc,cpu         ] GC(13) User=0.50s Sys=0.12s Real=0.11s
[17.116s][info][gc,start       ] GC(14) Pause Young (Allocation Failure)
[17.220s][info][gc,heap        ] GC(14) PSYoungGen: 502208K(931840K)->281760K(931840K) Eden: 465920K(465920K)->0K(465920K) From: 36288K(465920K)->281760K(465920K)
[17.220s][info][gc,heap        ] GC(14) ParOldGen: 1287735K(2796544K)->1319271K(2796544K)
[17.220s][info][gc,metaspace   ] GC(14) Metaspace: 65380K(66240K)->65380K(66240K) NonClass: 57167K(57664K)->57167K(57664K) Class: 8212K(8576K)->8212K(8576K)
[17.220s][info][gc             ] GC(14) Pause Young (Allocation Failure) 1747M->1563M(3641M) 103.393ms
[17.220s][info][gc,cpu         ] GC(14) User=0.58s Sys=0.00s Real=0.11s
[17.694s][info][gc,start       ] GC(15) Pause Young (Allocation Failure)
[17.907s][info][gc,heap        ] GC(15) PSYoungGen: 747680K(931840K)->264960K(931840K) Eden: 465920K(465920K)->0K(465920K) From: 281760K(465920K)->264960K(465920K)
[17.907s][info][gc,heap        ] GC(15) ParOldGen: 1319271K(2796544K)->1557560K(2796544K)
[17.907s][info][gc,metaspace   ] GC(15) Metaspace: 65383K(66304K)->65383K(66304K) NonClass: 57170K(57728K)->57170K(57728K) Class: 8212K(8576K)->8212K(8576K)
[17.907s][info][gc             ] GC(15) Pause Young (Allocation Failure) 2018M->1779M(3641M) 213.410ms
[17.907s][info][gc,cpu         ] GC(15) User=0.66s Sys=0.56s Real=0.20s
[18.353s][info][gc,start       ] GC(16) Pause Young (Allocation Failure)
[18.558s][info][gc,heap        ] GC(16) PSYoungGen: 730880K(931840K)->213505K(931840K) Eden: 465920K(465920K)->0K(465920K) From: 264960K(465920K)->213505K(465920K)
[18.558s][info][gc,heap        ] GC(16) ParOldGen: 1557560K(2796544K)->1769188K(2796544K)
[18.558s][info][gc,metaspace   ] GC(16) Metaspace: 65398K(66432K)->65398K(66432K) NonClass: 57182K(57792K)->57182K(57792K) Class: 8216K(8640K)->8216K(8640K)
[18.558s][info][gc             ] GC(16) Pause Young (Allocation Failure) 2234M->1936M(3641M) 205.005ms
[18.558s][info][gc,cpu         ] GC(16) User=0.53s Sys=0.77s Real=0.21s
[19.636s][info][gc,start       ] GC(17) Pause Young (Allocation Failure)
[19.829s][info][gc,heap        ] GC(17) PSYoungGen: 674821K(931840K)->114258K(931840K) Eden: 461316K(465920K)->0K(465920K) From: 213505K(465920K)->114258K(465920K)
[19.829s][info][gc,heap        ] GC(17) ParOldGen: 1769188K(2796544K)->1979121K(2796544K)
[19.829s][info][gc,metaspace   ] GC(17) Metaspace: 65501K(66496K)->65501K(66496K) NonClass: 57273K(57856K)->57273K(57856K) Class: 8227K(8640K)->8227K(8640K)
[19.829s][info][gc             ] GC(17) Pause Young (Allocation Failure) 2386M->2044M(3641M) 192.428ms
[19.829s][info][gc,cpu         ] GC(17) User=0.53s Sys=0.59s Real=0.19s
[21.577s][info][gc,start       ] GC(18) Pause Young (Allocation Failure)
[21.747s][info][gc,heap        ] GC(18) PSYoungGen: 580178K(931840K)->253248K(931840K) Eden: 465920K(465920K)->0K(465920K) From: 114258K(465920K)->253248K(465920K)
[21.747s][info][gc,heap        ] GC(18) ParOldGen: 1979121K(2796544K)->2073850K(2796544K)
[21.747s][info][gc,metaspace   ] GC(18) Metaspace: 65632K(66624K)->65632K(66624K) NonClass: 57396K(57984K)->57396K(57984K) Class: 8235K(8640K)->8235K(8640K)
[21.747s][info][gc             ] GC(18) Pause Young (Allocation Failure) 2499M->2272M(3641M) 170.076ms
[21.747s][info][gc,cpu         ] GC(18) User=0.69s Sys=0.27s Real=0.17s
[22.129s][info][gc,start       ] GC(19) Pause Young (Allocation Failure)
[22.356s][info][gc,heap        ] GC(19) PSYoungGen: 719168K(931840K)->133242K(931840K) Eden: 465920K(465920K)->0K(465920K) From: 253248K(465920K)->133242K(465920K)
[22.356s][info][gc,heap        ] GC(19) ParOldGen: 2073850K(2796544K)->2326239K(2796544K)
[22.356s][info][gc,metaspace   ] GC(19) Metaspace: 65663K(66624K)->65663K(66624K) NonClass: 57427K(57984K)->57427K(57984K) Class: 8235K(8640K)->8235K(8640K)
[22.356s][info][gc             ] GC(19) Pause Young (Allocation Failure) 2727M->2401M(3641M) 227.251ms
[22.356s][info][gc,cpu         ] GC(19) User=0.70s Sys=0.61s Real=0.24s
[22.529s][info][gc,start       ] GC(20) Pause Young (Allocation Failure)
[22.685s][info][gc,heap        ] GC(20) PSYoungGen: 599162K(931840K)->48285K(931840K) Eden: 465920K(465920K)->0K(465920K) From: 133242K(465920K)->48285K(465920K)
[22.685s][info][gc,heap        ] GC(20) ParOldGen: 2326239K(2796544K)->2467865K(2796544K)
[22.685s][info][gc,metaspace   ] GC(20) Metaspace: 65666K(66624K)->65666K(66624K) NonClass: 57430K(57984K)->57430K(57984K) Class: 8235K(8640K)->8235K(8640K)
[22.685s][info][gc             ] GC(20) Pause Young (Allocation Failure) 2856M->2457M(3641M) 156.584ms
[22.685s][info][gc,cpu         ] GC(20) User=0.47s Sys=0.38s Real=0.16s
[23.951s][info][gc,start       ] GC(21) Pause Full (Ergonomics)
[23.952s][info][gc,phases,start] GC(21) Marking Phase
[24.018s][info][gc,phases      ] GC(21) Marking Phase 65.996ms
[24.018s][info][gc,phases,start] GC(21) Summary Phase
[24.018s][info][gc,phases      ] GC(21) Summary Phase 0.070ms
[24.018s][info][gc,phases,start] GC(21) Adjust Roots
[24.025s][info][gc,phases      ] GC(21) Adjust Roots 6.989ms
[24.025s][info][gc,phases,start] GC(21) Compaction Phase
[24.097s][info][gc,phases      ] GC(21) Compaction Phase 72.481ms
[24.097s][info][gc,phases,start] GC(21) Post Compact
[24.175s][info][gc,phases      ] GC(21) Post Compact 77.359ms
[24.175s][info][gc,heap        ] GC(21) PSYoungGen: 514205K(931840K)->0K(931840K) Eden: 465920K(465920K)->0K(465920K) From: 48285K(465920K)->0K(465920K)
[24.175s][info][gc,heap        ] GC(21) ParOldGen: 2467865K(2796544K)->240737K(2796544K)
[24.175s][info][gc,metaspace   ] GC(21) Metaspace: 66080K(67072K)->66080K(67072K) NonClass: 57809K(58368K)->57809K(58368K) Class: 8271K(8704K)->8271K(8704K)
[24.175s][info][gc             ] GC(21) Pause Full (Ergonomics) 2912M->235M(3641M) 223.284ms
[24.175s][info][gc,cpu         ] GC(21) User=0.53s Sys=0.11s Real=0.24s
[25.143s][info][gc,start       ] GC(22) Pause Young (Allocation Failure)
[25.146s][info][gc,heap        ] GC(22) PSYoungGen: 465920K(931840K)->10390K(931840K) Eden: 465920K(465920K)->0K(465920K) From: 0K(465920K)->10390K(465920K)
[25.146s][info][gc,heap        ] GC(22) ParOldGen: 240737K(2796544K)->240737K(2796544K)
[25.146s][info][gc,metaspace   ] GC(22) Metaspace: 66110K(67072K)->66110K(67072K) NonClass: 57838K(58368K)->57838K(58368K) Class: 8271K(8704K)->8271K(8704K)
[25.146s][info][gc             ] GC(22) Pause Young (Allocation Failure) 690M->245M(3641M) 3.631ms
[25.146s][info][gc,cpu         ] GC(22) User=0.02s Sys=0.00s Real=0.01s
[25.609s][info][gc,start       ] GC(23) Pause Young (System.gc())
[25.610s][info][gc,heap        ] GC(23) PSYoungGen: 86966K(931840K)->208K(931840K) Eden: 76575K(465920K)->0K(465920K) From: 10390K(465920K)->208K(465920K)
[25.610s][info][gc,heap        ] GC(23) ParOldGen: 240737K(2796544K)->243417K(2796544K)
[25.610s][info][gc,metaspace   ] GC(23) Metaspace: 66205K(67264K)->66205K(67264K) NonClass: 57918K(58496K)->57918K(58496K) Class: 8286K(8768K)->8286K(8768K)
[25.610s][info][gc             ] GC(23) Pause Young (System.gc()) 320M->237M(3641M) 1.744ms
[25.610s][info][gc,cpu         ] GC(23) User=0.00s Sys=0.00s Real=0.00s
[25.610s][info][gc,start       ] GC(24) Pause Full (System.gc())
[25.610s][info][gc,phases,start] GC(24) Marking Phase
[25.636s][info][gc,phases      ] GC(24) Marking Phase 25.505ms
[25.636s][info][gc,phases,start] GC(24) Summary Phase
[25.636s][info][gc,phases      ] GC(24) Summary Phase 0.021ms
[25.636s][info][gc,phases,start] GC(24) Adjust Roots
[25.643s][info][gc,phases      ] GC(24) Adjust Roots 6.883ms
[25.643s][info][gc,phases,start] GC(24) Compaction Phase
[25.660s][info][gc,phases      ] GC(24) Compaction Phase 16.609ms
[25.660s][info][gc,phases,start] GC(24) Post Compact
[25.662s][info][gc,phases      ] GC(24) Post Compact 1.947ms
[25.662s][info][gc,heap        ] GC(24) PSYoungGen: 208K(931840K)->0K(931840K) Eden: 0K(465920K)->0K(465920K) From: 208K(465920K)->0K(465920K)
[25.662s][info][gc,heap        ] GC(24) ParOldGen: 243417K(2796544K)->56195K(2796544K)
[25.662s][info][gc,metaspace   ] GC(24) Metaspace: 66205K(67264K)->66205K(67264K) NonClass: 57918K(58496K)->57918K(58496K) Class: 8286K(8768K)->8286K(8768K)
[25.662s][info][gc             ] GC(24) Pause Full (System.gc()) 237M->54M(3641M) 51.323ms
[25.662s][info][gc,cpu         ] GC(24) User=0.03s Sys=0.00s Real=0.05s
[28.124s][info][gc,start       ] GC(25) Pause Young (Allocation Failure)
[28.134s][info][gc,heap        ] GC(25) PSYoungGen: 465920K(931840K)->12064K(931840K) Eden: 465920K(465920K)->0K(465920K) From: 0K(465920K)->12064K(465920K)
[28.134s][info][gc,heap        ] GC(25) ParOldGen: 56195K(2796544K)->56258K(2796544K)
[28.134s][info][gc,metaspace   ] GC(25) Metaspace: 101103K(102592K)->101103K(102592K) NonClass: 87295K(88128K)->87295K(88128K) Class: 13808K(14464K)->13808K(14464K)
[28.134s][info][gc             ] GC(25) Pause Young (Allocation Failure) 509M->66M(3641M) 10.835ms
[28.135s][info][gc,cpu         ] GC(25) User=0.02s Sys=0.00s Real=0.02s
[28.778s][info][gc,start       ] GC(26) Pause Young (Allocation Failure)
[28.784s][info][gc,heap        ] GC(26) PSYoungGen: 477984K(931840K)->5232K(931840K) Eden: 465920K(465920K)->0K(465920K) From: 12064K(465920K)->5232K(465920K)
[28.784s][info][gc,heap        ] GC(26) ParOldGen: 56258K(2796544K)->61682K(2796544K)
[28.784s][info][gc,metaspace   ] GC(26) Metaspace: 102226K(103808K)->102226K(103808K) NonClass: 88369K(89280K)->88369K(89280K) Class: 13856K(14528K)->13856K(14528K)
[28.784s][info][gc             ] GC(26) Pause Young (Allocation Failure) 521M->65M(3641M) 6.325ms
[28.784s][info][gc,cpu         ] GC(26) User=0.00s Sys=0.00s Real=0.00s
[29.763s][info][gc,start       ] GC(27) Pause Young (Allocation Failure)
[29.765s][info][gc,heap        ] GC(27) PSYoungGen: 471152K(931840K)->3264K(931840K) Eden: 465920K(465920K)->0K(465920K) From: 5232K(465920K)->3264K(465920K)
[29.766s][info][gc,heap        ] GC(27) ParOldGen: 61682K(2796544K)->62018K(2796544K)
[29.766s][info][gc,metaspace   ] GC(27) Metaspace: 103982K(105408K)->103982K(105408K) NonClass: 89975K(90752K)->89975K(90752K) Class: 14006K(14656K)->14006K(14656K)
[29.766s][info][gc             ] GC(27) Pause Young (Allocation Failure) 520M->63M(3641M) 2.810ms
[29.766s][info][gc,cpu         ] GC(27) User=0.00s Sys=0.00s Real=0.00s
[30.526s][info][gc,start       ] GC(28) Pause Young (Allocation Failure)
[30.534s][info][gc,heap        ] GC(28) PSYoungGen: 469184K(931840K)->12416K(931840K) Eden: 465920K(465920K)->0K(465920K) From: 3264K(465920K)->12416K(465920K)
[30.534s][info][gc,heap        ] GC(28) ParOldGen: 62018K(2796544K)->62322K(2796544K)
[30.534s][info][gc,metaspace   ] GC(28) Metaspace: 104734K(106176K)->104734K(106176K) NonClass: 90649K(91456K)->90649K(91456K) Class: 14084K(14720K)->14084K(14720K)
[30.534s][info][gc             ] GC(28) Pause Young (Allocation Failure) 518M->72M(3641M) 7.977ms
[30.534s][info][gc,cpu         ] GC(28) User=0.02s Sys=0.00s Real=0.02s
[30.799s][info][gc,start       ] GC(29) Pause Young (Allocation Failure)
[30.810s][info][gc,heap        ] GC(29) PSYoungGen: 478336K(931840K)->11648K(941056K) Eden: 465920K(465920K)->0K(475136K) From: 12416K(465920K)->11648K(465920K)
[30.810s][info][gc,heap        ] GC(29) ParOldGen: 62322K(2796544K)->74650K(2796544K)
[30.810s][info][gc,metaspace   ] GC(29) Metaspace: 104766K(106176K)->104766K(106176K) NonClass: 90678K(91456K)->90678K(91456K) Class: 14087K(14720K)->14087K(14720K)
[30.810s][info][gc             ] GC(29) Pause Young (Allocation Failure) 527M->84M(3650M) 10.643ms
[30.810s][info][gc,cpu         ] GC(29) User=0.00s Sys=0.00s Real=0.00s
[31.013s][info][gc,start       ] GC(30) Pause Young (Allocation Failure)
[31.020s][info][gc,heap        ] GC(30) PSYoungGen: 486784K(941056K)->320K(931840K) Eden: 475136K(475136K)->0K(475136K) From: 11648K(465920K)->320K(456704K)
[31.020s][info][gc,heap        ] GC(30) ParOldGen: 74650K(2796544K)->86258K(2796544K)
[31.020s][info][gc,metaspace   ] GC(30) Metaspace: 104766K(106176K)->104766K(106176K) NonClass: 90678K(91456K)->90678K(91456K) Class: 14087K(14720K)->14087K(14720K)
[31.020s][info][gc             ] GC(30) Pause Young (Allocation Failure) 548M->84M(3641M) 6.490ms
[31.020s][info][gc,cpu         ] GC(30) User=0.02s Sys=0.00s Real=0.01s
[31.190s][info][gc,start       ] GC(31) Pause Young (System.gc())
[31.190s][info][gc,heap        ] GC(31) PSYoungGen: 335802K(931840K)->192K(978432K) Eden: 335482K(475136K)->0K(540160K) From: 320K(456704K)->192K(438272K)
[31.191s][info][gc,heap        ] GC(31) ParOldGen: 86258K(2796544K)->86466K(2796544K)
[31.191s][info][gc,metaspace   ] GC(31) Metaspace: 104787K(106304K)->104787K(106304K) NonClass: 90694K(91520K)->90694K(91520K) Class: 14092K(14784K)->14092K(14784K)
[31.191s][info][gc             ] GC(31) Pause Young (System.gc()) 412M->84M(3686M) 0.743ms
[31.191s][info][gc,cpu         ] GC(31) User=0.00s Sys=0.00s Real=0.00s
[31.191s][info][gc,start       ] GC(32) Pause Full (System.gc())
[31.191s][info][gc,phases,start] GC(32) Marking Phase
[31.235s][info][gc,phases      ] GC(32) Marking Phase 44.673ms
[31.235s][info][gc,phases,start] GC(32) Summary Phase
[31.235s][info][gc,phases      ] GC(32) Summary Phase 0.010ms
[31.235s][info][gc,phases,start] GC(32) Adjust Roots
[31.250s][info][gc,phases      ] GC(32) Adjust Roots 14.569ms
[31.250s][info][gc,phases,start] GC(32) Compaction Phase
[31.271s][info][gc,phases      ] GC(32) Compaction Phase 20.702ms
[31.271s][info][gc,phases,start] GC(32) Post Compact
[31.273s][info][gc,phases      ] GC(32) Post Compact 1.746ms
[31.273s][info][gc,heap        ] GC(32) PSYoungGen: 192K(978432K)->0K(978432K) Eden: 0K(540160K)->0K(540160K) From: 192K(438272K)->0K(438272K)
[31.273s][info][gc,heap        ] GC(32) ParOldGen: 86466K(2796544K)->62254K(2796544K)
[31.273s][info][gc,metaspace   ] GC(32) Metaspace: 104787K(106304K)->104566K(106304K) NonClass: 90694K(91520K)->90537K(91520K) Class: 14092K(14784K)->14029K(14784K)
[31.273s][info][gc             ] GC(32) Pause Full (System.gc()) 84M->60M(3686M) 82.033ms
[31.273s][info][gc,cpu         ] GC(32) User=0.05s Sys=0.00s Real=0.08s
[31.707s][info][gc,start       ] GC(33) Pause Young (Allocation Failure)
[31.724s][info][gc,heap        ] GC(33) PSYoungGen: 540160K(978432K)->18304K(959488K) Eden: 540160K(540160K)->0K(540160K) From: 0K(438272K)->18304K(419328K)
[31.724s][info][gc,heap        ] GC(33) ParOldGen: 62254K(2796544K)->62262K(2796544K)
[31.724s][info][gc,metaspace   ] GC(33) Metaspace: 104578K(106304K)->104578K(106304K) NonClass: 90549K(91520K)->90549K(91520K) Class: 14029K(14784K)->14029K(14784K)
[31.724s][info][gc             ] GC(33) Pause Young (Allocation Failure) 588M->78M(3668M) 16.429ms
[31.724s][info][gc,cpu         ] GC(33) User=0.03s Sys=0.00s Real=0.02s
[32.096s][info][gc,start       ] GC(34) Pause Young (Allocation Failure)
[32.099s][info][gc,heap        ] GC(34) PSYoungGen: 558464K(959488K)->4032K(1020928K) Eden: 540160K(540160K)->0K(624128K) From: 18304K(419328K)->4032K(396800K)
[32.099s][info][gc,heap        ] GC(34) ParOldGen: 62262K(2796544K)->62542K(2796544K)
[32.099s][info][gc,metaspace   ] GC(34) Metaspace: 104580K(106304K)->104580K(106304K) NonClass: 90549K(91520K)->90549K(91520K) Class: 14031K(14784K)->14031K(14784K)
[32.099s][info][gc             ] GC(34) Pause Young (Allocation Failure) 606M->65M(3728M) 2.767ms
[32.099s][info][gc,cpu         ] GC(34) User=0.02s Sys=0.00s Real=0.02s
[32.419s][info][gc,start       ] GC(35) Pause Young (Allocation Failure)
[32.431s][info][gc,heap        ] GC(35) PSYoungGen: 628160K(1020928K)->20064K(1000960K) Eden: 624128K(624128K)->0K(624128K) From: 4032K(396800K)->20064K(376832K)
[32.431s][info][gc,heap        ] GC(35) ParOldGen: 62542K(2796544K)->66238K(2796544K)
[32.431s][info][gc,metaspace   ] GC(35) Metaspace: 104580K(106304K)->104580K(106304K) NonClass: 90549K(91520K)->90549K(91520K) Class: 14031K(14784K)->14031K(14784K)
[32.431s][info][gc             ] GC(35) Pause Young (Allocation Failure) 674M->84M(3708M) 11.802ms
[32.431s][info][gc,cpu         ] GC(35) User=0.02s Sys=0.00s Real=0.02s
[32.697s][info][gc,start       ] GC(36) Pause Young (Allocation Failure)
[32.706s][info][gc,heap        ] GC(36) PSYoungGen: 644192K(1000960K)->352K(1061376K) Eden: 624128K(624128K)->0K(707072K) From: 20064K(376832K)->352K(354304K)
[32.706s][info][gc,heap        ] GC(36) ParOldGen: 66238K(2796544K)->86286K(2796544K)
[32.706s][info][gc,metaspace   ] GC(36) Metaspace: 104581K(106304K)->104581K(106304K) NonClass: 90550K(91520K)->90550K(91520K) Class: 14031K(14784K)->14031K(14784K)
[32.706s][info][gc             ] GC(36) Pause Young (Allocation Failure) 693M->84M(3767M) 9.027ms
[32.706s][info][gc,cpu         ] GC(36) User=0.00s Sys=0.00s Real=0.00s
[32.805s][info][gc,start       ] GC(37) Pause Young (System.gc())
[32.805s][info][gc,heap        ] GC(37) PSYoungGen: 191755K(1061376K)->192K(1043456K) Eden: 191403K(707072K)->0K(707072K) From: 352K(354304K)->192K(336384K)
[32.805s][info][gc,heap        ] GC(37) ParOldGen: 86286K(2796544K)->86510K(2796544K)
[32.805s][info][gc,metaspace   ] GC(37) Metaspace: 104581K(106304K)->104581K(106304K) NonClass: 90550K(91520K)->90550K(91520K) Class: 14031K(14784K)->14031K(14784K)
[32.805s][info][gc             ] GC(37) Pause Young (System.gc()) 271M->84M(3750M) 0.616ms
[32.805s][info][gc,cpu         ] GC(37) User=0.00s Sys=0.00s Real=0.00s
[32.805s][info][gc,start       ] GC(38) Pause Full (System.gc())
[32.805s][info][gc,phases,start] GC(38) Marking Phase
[32.843s][info][gc,phases      ] GC(38) Marking Phase 37.407ms
[32.843s][info][gc,phases,start] GC(38) Summary Phase
[32.843s][info][gc,phases      ] GC(38) Summary Phase 0.010ms
[32.843s][info][gc,phases,start] GC(38) Adjust Roots
[32.853s][info][gc,phases      ] GC(38) Adjust Roots 9.760ms
[32.853s][info][gc,phases,start] GC(38) Compaction Phase
[32.859s][info][gc,phases      ] GC(38) Compaction Phase 6.108ms
[32.859s][info][gc,phases,start] GC(38) Post Compact
[32.860s][info][gc,phases      ] GC(38) Post Compact 1.262ms
[32.860s][info][gc,heap        ] GC(38) PSYoungGen: 192K(1043456K)->0K(1043456K) Eden: 0K(707072K)->0K(707072K) From: 192K(336384K)->0K(336384K)
[32.860s][info][gc,heap        ] GC(38) ParOldGen: 86510K(2796544K)->62506K(2796544K)
[32.860s][info][gc,metaspace   ] GC(38) Metaspace: 104581K(106304K)->104581K(106304K) NonClass: 90550K(91520K)->90550K(91520K) Class: 14031K(14784K)->14031K(14784K)
[32.860s][info][gc             ] GC(38) Pause Full (System.gc()) 84M->61M(3750M) 54.866ms
[32.860s][info][gc,cpu         ] GC(38) User=0.03s Sys=0.00s Real=0.06s
[33.405s][info][gc,start       ] GC(39) Pause Young (Allocation Failure)
[33.406s][info][gc,heap        ] GC(39) PSYoungGen: 707072K(1043456K)->480K(1097216K) Eden: 707072K(707072K)->0K(779264K) From: 0K(336384K)->480K(317952K)
[33.406s][info][gc,heap        ] GC(39) ParOldGen: 62506K(2796544K)->62514K(2796544K)
[33.406s][info][gc,metaspace   ] GC(39) Metaspace: 104584K(106304K)->104584K(106304K) NonClass: 90553K(91520K)->90553K(91520K) Class: 14031K(14784K)->14031K(14784K)
[33.406s][info][gc             ] GC(39) Pause Young (Allocation Failure) 751M->61M(3802M) 1.117ms
[33.406s][info][gc,cpu         ] GC(39) User=0.00s Sys=0.00s Real=0.00s
[33.825s][info][gc,start       ] GC(40) Pause Young (Allocation Failure)
[33.837s][info][gc,heap        ] GC(40) PSYoungGen: 779744K(1097216K)->21952K(1079808K) Eden: 779264K(779264K)->0K(779264K) From: 480K(317952K)->21952K(300544K)
[33.837s][info][gc,heap        ] GC(40) ParOldGen: 62514K(2796544K)->62786K(2796544K)
[33.837s][info][gc,metaspace   ] GC(40) Metaspace: 104585K(106304K)->104585K(106304K) NonClass: 90553K(91520K)->90553K(91520K) Class: 14031K(14784K)->14031K(14784K)
[33.837s][info][gc             ] GC(40) Pause Young (Allocation Failure) 822M->82M(3785M) 11.495ms
[33.837s][info][gc,cpu         ] GC(40) User=0.00s Sys=0.00s Real=0.01s
[34.181s][info][gc,start       ] GC(41) Pause Young (Allocation Failure)
[34.191s][info][gc,heap        ] GC(41) PSYoungGen: 801216K(1079808K)->2080K(1134592K) Eden: 779264K(779264K)->0K(855552K) From: 21952K(300544K)->2080K(279040K)
[34.191s][info][gc,heap        ] GC(41) ParOldGen: 62786K(2796544K)->84682K(2796544K)
[34.191s][info][gc,metaspace   ] GC(41) Metaspace: 104585K(106304K)->104585K(106304K) NonClass: 90553K(91520K)->90553K(91520K) Class: 14031K(14784K)->14031K(14784K)
[34.191s][info][gc             ] GC(41) Pause Young (Allocation Failure) 843M->84M(3839M) 10.308ms
[34.191s][info][gc,cpu         ] GC(41) User=0.02s Sys=0.00s Real=0.02s
[34.315s][info][gc,start       ] GC(42) Pause Young (System.gc())
[34.317s][info][gc,heap        ] GC(42) PSYoungGen: 251933K(1134592K)->160K(1118720K) Eden: 249853K(855552K)->0K(855552K) From: 2080K(279040K)->160K(263168K)
[34.317s][info][gc,heap        ] GC(42) ParOldGen: 84682K(2796544K)->86450K(2796544K)
[34.317s][info][gc,metaspace   ] GC(42) Metaspace: 104585K(106304K)->104585K(106304K) NonClass: 90553K(91520K)->90553K(91520K) Class: 14031K(14784K)->14031K(14784K)
[34.317s][info][gc             ] GC(42) Pause Young (System.gc()) 328M->84M(3823M) 1.649ms
[34.317s][info][gc,cpu         ] GC(42) User=0.00s Sys=0.00s Real=0.00s
[34.317s][info][gc,start       ] GC(43) Pause Full (System.gc())
[34.317s][info][gc,phases,start] GC(43) Marking Phase
[34.346s][info][gc,phases      ] GC(43) Marking Phase 29.370ms
[34.346s][info][gc,phases,start] GC(43) Summary Phase
[34.346s][info][gc,phases      ] GC(43) Summary Phase 0.009ms
[34.346s][info][gc,phases,start] GC(43) Adjust Roots
[34.356s][info][gc,phases      ] GC(43) Adjust Roots 9.787ms
[34.356s][info][gc,phases,start] GC(43) Compaction Phase
[34.363s][info][gc,phases      ] GC(43) Compaction Phase 6.527ms
[34.363s][info][gc,phases,start] GC(43) Post Compact
[34.364s][info][gc,phases      ] GC(43) Post Compact 1.076ms
[34.364s][info][gc,heap        ] GC(43) PSYoungGen: 160K(1118720K)->0K(1118720K) Eden: 0K(855552K)->0K(855552K) From: 160K(263168K)->0K(263168K)
[34.364s][info][gc,heap        ] GC(43) ParOldGen: 86450K(2796544K)->62744K(2796544K)
[34.364s][info][gc,metaspace   ] GC(43) Metaspace: 104585K(106304K)->104585K(106304K) NonClass: 90553K(91520K)->90553K(91520K) Class: 14031K(14784K)->14031K(14784K)
[34.364s][info][gc             ] GC(43) Pause Full (System.gc()) 84M->61M(3823M) 47.071ms
[34.364s][info][gc,cpu         ] GC(43) User=0.03s Sys=0.00s Real=0.05s
[34.972s][info][gc,start       ] GC(44) Pause Young (Allocation Failure)
[34.973s][info][gc,heap        ] GC(44) PSYoungGen: 855552K(1118720K)->896K(1165312K) Eden: 855552K(855552K)->0K(918016K) From: 0K(263168K)->896K(247296K)
[34.974s][info][gc,heap        ] GC(44) ParOldGen: 62744K(2796544K)->62744K(2796544K)
[34.974s][info][gc,metaspace   ] GC(44) Metaspace: 104587K(106304K)->104587K(106304K) NonClass: 90556K(91520K)->90556K(91520K) Class: 14031K(14784K)->14031K(14784K)
[34.974s][info][gc             ] GC(44) Pause Young (Allocation Failure) 896M->62M(3869M) 1.439ms
[34.974s][info][gc,cpu         ] GC(44) User=0.00s Sys=0.00s Real=0.00s
[35.448s][info][gc,start       ] GC(45) Pause Young (Allocation Failure)
[35.461s][info][gc,heap        ] GC(45) PSYoungGen: 918912K(1165312K)->23776K(1150464K) Eden: 918016K(918016K)->0K(918016K) From: 896K(247296K)->23776K(232448K)
[35.461s][info][gc,heap        ] GC(45) ParOldGen: 62744K(2796544K)->63024K(2796544K)
[35.461s][info][gc,metaspace   ] GC(45) Metaspace: 104587K(106304K)->104587K(106304K) NonClass: 90556K(91520K)->90556K(91520K) Class: 14031K(14784K)->14031K(14784K)
[35.461s][info][gc             ] GC(45) Pause Young (Allocation Failure) 958M->84M(3854M) 12.362ms
[35.461s][info][gc,cpu         ] GC(45) User=0.02s Sys=0.00s Real=0.02s
[35.791s][info][gc,start       ] GC(46) Pause Young (System.gc())
[35.792s][info][gc,heap        ] GC(46) PSYoungGen: 773361K(1150464K)->160K(1196544K) Eden: 749585K(918016K)->0K(982528K) From: 23776K(232448K)->160K(214016K)
[35.792s][info][gc,heap        ] GC(46) ParOldGen: 63024K(2796544K)->63064K(2796544K)
[35.792s][info][gc,metaspace   ] GC(46) Metaspace: 104587K(106304K)->104587K(106304K) NonClass: 90556K(91520K)->90556K(91520K) Class: 14031K(14784K)->14031K(14784K)
[35.792s][info][gc             ] GC(46) Pause Young (System.gc()) 816M->61M(3899M) 0.600ms
[35.792s][info][gc,cpu         ] GC(46) User=0.00s Sys=0.00s Real=0.00s
[35.792s][info][gc,start       ] GC(47) Pause Full (System.gc())
[35.792s][info][gc,phases,start] GC(47) Marking Phase
[35.823s][info][gc,phases      ] GC(47) Marking Phase 31.140ms
[35.823s][info][gc,phases,start] GC(47) Summary Phase
[35.823s][info][gc,phases      ] GC(47) Summary Phase 0.009ms
[35.823s][info][gc,phases,start] GC(47) Adjust Roots
[35.833s][info][gc,phases      ] GC(47) Adjust Roots 10.215ms
[35.833s][info][gc,phases,start] GC(47) Compaction Phase
[35.839s][info][gc,phases      ] GC(47) Compaction Phase 5.321ms
[35.839s][info][gc,phases,start] GC(47) Post Compact
[35.839s][info][gc,phases      ] GC(47) Post Compact 0.802ms
[35.839s][info][gc,heap        ] GC(47) PSYoungGen: 160K(1196544K)->0K(1196544K) Eden: 0K(982528K)->0K(982528K) From: 160K(214016K)->0K(214016K)
[35.839s][info][gc,heap        ] GC(47) ParOldGen: 63064K(2796544K)->62978K(2796544K)
[35.839s][info][gc,metaspace   ] GC(47) Metaspace: 104587K(106304K)->104587K(106304K) NonClass: 90556K(91520K)->90556K(91520K) Class: 14031K(14784K)->14031K(14784K)
[35.840s][info][gc             ] GC(47) Pause Full (System.gc()) 61M->61M(3899M) 47.781ms
[35.840s][info][gc,cpu         ] GC(47) User=0.03s Sys=0.00s Real=0.04s
[36.501s][info][gc,start       ] GC(48) Pause Young (Allocation Failure)
[36.503s][info][gc,heap        ] GC(48) PSYoungGen: 982528K(1196544K)->1248K(1183744K) Eden: 982528K(982528K)->0K(982528K) From: 0K(214016K)->1248K(201216K)
[36.503s][info][gc,heap        ] GC(48) ParOldGen: 62978K(2796544K)->62978K(2796544K)
[36.503s][info][gc,metaspace   ] GC(48) Metaspace: 104589K(106304K)->104589K(106304K) NonClass: 90557K(91520K)->90557K(91520K) Class: 14031K(14784K)->14031K(14784K)
[36.503s][info][gc             ] GC(48) Pause Young (Allocation Failure) 1021M->62M(3887M) 1.597ms
[36.503s][info][gc,cpu         ] GC(48) User=0.00s Sys=0.00s Real=0.00s
[36.972s][info][gc,start       ] GC(49) Pause Young (Allocation Failure)
[36.984s][info][gc,heap        ] GC(49) PSYoungGen: 983776K(1183744K)->23424K(1225216K) Eden: 982528K(982528K)->0K(1036800K) From: 1248K(201216K)->23424K(188416K)
[36.984s][info][gc,heap        ] GC(49) ParOldGen: 62978K(2796544K)->63642K(2796544K)
[36.984s][info][gc,metaspace   ] GC(49) Metaspace: 104589K(106304K)->104589K(106304K) NonClass: 90557K(91520K)->90557K(91520K) Class: 14031K(14784K)->14031K(14784K)
[36.984s][info][gc             ] GC(49) Pause Young (Allocation Failure) 1022M->85M(3927M) 12.143ms
[36.984s][info][gc,cpu         ] GC(49) User=0.02s Sys=0.00s Real=0.02s
[37.233s][info][gc,start       ] GC(50) Pause Young (System.gc())
[37.237s][info][gc,heap        ] GC(50) PSYoungGen: 581114K(1225216K)->160K(1209344K) Eden: 557690K(1036800K)->0K(1036800K) From: 23424K(188416K)->160K(172544K)
[37.237s][info][gc,heap        ] GC(50) ParOldGen: 63642K(2796544K)->69202K(2796544K)
[37.237s][info][gc,metaspace   ] GC(50) Metaspace: 104596K(106304K)->104596K(106304K) NonClass: 90558K(91520K)->90558K(91520K) Class: 14038K(14784K)->14038K(14784K)
[37.237s][info][gc             ] GC(50) Pause Young (System.gc()) 629M->67M(3912M) 4.172ms
[37.237s][info][gc,cpu         ] GC(50) User=0.03s Sys=0.00s Real=0.02s
[37.237s][info][gc,start       ] GC(51) Pause Full (System.gc())
[37.237s][info][gc,phases,start] GC(51) Marking Phase
[37.265s][info][gc,phases      ] GC(51) Marking Phase 28.257ms
[37.265s][info][gc,phases,start] GC(51) Summary Phase
[37.265s][info][gc,phases      ] GC(51) Summary Phase 0.009ms
[37.265s][info][gc,phases,start] GC(51) Adjust Roots
[37.275s][info][gc,phases      ] GC(51) Adjust Roots 9.515ms
[37.275s][info][gc,phases,start] GC(51) Compaction Phase
[37.281s][info][gc,phases      ] GC(51) Compaction Phase 6.119ms
[37.281s][info][gc,phases,start] GC(51) Post Compact
[37.282s][info][gc,phases      ] GC(51) Post Compact 1.018ms
[37.282s][info][gc,heap        ] GC(51) PSYoungGen: 160K(1209344K)->0K(1209344K) Eden: 0K(1036800K)->0K(1036800K) From: 160K(172544K)->0K(172544K)
[37.282s][info][gc,heap        ] GC(51) ParOldGen: 69202K(2796544K)->63216K(2796544K)
[37.282s][info][gc,metaspace   ] GC(51) Metaspace: 104596K(106304K)->104596K(106304K) NonClass: 90558K(91520K)->90558K(91520K) Class: 14038K(14784K)->14038K(14784K)
[37.282s][info][gc             ] GC(51) Pause Full (System.gc()) 67M->61M(3912M) 45.265ms
[37.282s][info][gc,cpu         ] GC(51) User=0.00s Sys=0.00s Real=0.05s
[37.992s][info][gc,start       ] GC(52) Pause Young (Allocation Failure)
[37.994s][info][gc,heap        ] GC(52) PSYoungGen: 1036800K(1209344K)->2784K(1245696K) Eden: 1036800K(1036800K)->0K(1083392K) From: 0K(172544K)->2784K(162304K)
[37.994s][info][gc,heap        ] GC(52) ParOldGen: 63216K(2796544K)->63216K(2796544K)
[37.994s][info][gc,metaspace   ] GC(52) Metaspace: 104609K(106304K)->104609K(106304K) NonClass: 90570K(91520K)->90570K(91520K) Class: 14038K(14784K)->14038K(14784K)
[37.994s][info][gc             ] GC(52) Pause Young (Allocation Failure) 1074M->64M(3947M) 2.220ms
[37.994s][info][gc,cpu         ] GC(52) User=0.02s Sys=0.00s Real=0.02s
[38.512s][info][gc,start       ] GC(53) Pause Young (Allocation Failure)
[38.524s][info][gc,heap        ] GC(53) PSYoungGen: 1086176K(1245696K)->21792K(1235456K) Eden: 1083392K(1083392K)->0K(1083392K) From: 2784K(162304K)->21792K(152064K)
[38.524s][info][gc,heap        ] GC(53) ParOldGen: 63216K(2796544K)->65744K(2796544K)
[38.524s][info][gc,metaspace   ] GC(53) Metaspace: 104609K(106304K)->104609K(106304K) NonClass: 90570K(91520K)->90570K(91520K) Class: 14038K(14784K)->14038K(14784K)
[38.524s][info][gc             ] GC(53) Pause Young (Allocation Failure) 1122M->85M(3937M) 11.978ms
[38.524s][info][gc,cpu         ] GC(53) User=0.00s Sys=0.00s Real=0.00s
[38.705s][info][gc,start       ] GC(54) Pause Young (System.gc())
[38.710s][info][gc,heap        ] GC(54) PSYoungGen: 424843K(1235456K)->160K(1266688K) Eden: 403051K(1083392K)->0K(1127424K) From: 21792K(152064K)->160K(139264K)
[38.710s][info][gc,heap        ] GC(54) ParOldGen: 65744K(2796544K)->75456K(2796544K)
[38.710s][info][gc,metaspace   ] GC(54) Metaspace: 104609K(106304K)->104609K(106304K) NonClass: 90570K(91520K)->90570K(91520K) Class: 14038K(14784K)->14038K(14784K)
[38.710s][info][gc             ] GC(54) Pause Young (System.gc()) 479M->73M(3968M) 5.409ms
[38.710s][info][gc,cpu         ] GC(54) User=0.00s Sys=0.00s Real=0.00s
[38.710s][info][gc,start       ] GC(55) Pause Full (System.gc())
[38.710s][info][gc,phases,start] GC(55) Marking Phase
[38.738s][info][gc,phases      ] GC(55) Marking Phase 27.422ms
[38.738s][info][gc,phases,start] GC(55) Summary Phase
[38.738s][info][gc,phases      ] GC(55) Summary Phase 0.010ms
[38.738s][info][gc,phases,start] GC(55) Adjust Roots
[38.748s][info][gc,phases      ] GC(55) Adjust Roots 10.149ms
[38.748s][info][gc,phases,start] GC(55) Compaction Phase
[38.755s][info][gc,phases      ] GC(55) Compaction Phase 6.335ms
[38.755s][info][gc,phases,start] GC(55) Post Compact
[38.756s][info][gc,phases      ] GC(55) Post Compact 1.035ms
[38.756s][info][gc,heap        ] GC(55) PSYoungGen: 160K(1266688K)->0K(1266688K) Eden: 0K(1127424K)->0K(1127424K) From: 160K(139264K)->0K(139264K)
[38.756s][info][gc,heap        ] GC(55) ParOldGen: 75456K(2796544K)->63531K(2796544K)
[38.756s][info][gc,metaspace   ] GC(55) Metaspace: 104609K(106304K)->104609K(106304K) NonClass: 90570K(91520K)->90570K(91520K) Class: 14038K(14784K)->14038K(14784K)
[38.756s][info][gc             ] GC(55) Pause Full (System.gc()) 73M->62M(3968M) 45.245ms
[38.756s][info][gc,cpu         ] GC(55) User=0.02s Sys=0.00s Real=0.05s
[39.499s][info][gc,start       ] GC(56) Pause Young (Allocation Failure)
[39.503s][info][gc,heap        ] GC(56) PSYoungGen: 1127424K(1266688K)->6304K(1258496K) Eden: 1127424K(1127424K)->0K(1127424K) From: 0K(139264K)->6304K(131072K)
[39.503s][info][gc,heap        ] GC(56) ParOldGen: 63531K(2796544K)->63539K(2796544K)
[39.503s][info][gc,metaspace   ] GC(56) Metaspace: 104621K(106304K)->104621K(106304K) NonClass: 90583K(91520K)->90583K(91520K) Class: 14038K(14784K)->14038K(14784K)
[39.503s][info][gc             ] GC(56) Pause Young (Allocation Failure) 1163M->68M(3960M) 3.765ms
[39.503s][info][gc,cpu         ] GC(56) User=0.00s Sys=0.00s Real=0.00s
[40.086s][info][gc,start       ] GC(57) Pause Young (Allocation Failure)
[40.097s][info][gc,heap        ] GC(57) PSYoungGen: 1133728K(1258496K)->24224K(1284096K) Eden: 1127424K(1127424K)->0K(1162240K) From: 6304K(131072K)->24224K(121856K)
[40.097s][info][gc,heap        ] GC(57) ParOldGen: 63539K(2796544K)->63539K(2796544K)
[40.097s][info][gc,metaspace   ] GC(57) Metaspace: 104621K(106304K)->104621K(106304K) NonClass: 90583K(91520K)->90583K(91520K) Class: 14038K(14784K)->14038K(14784K)
[40.097s][info][gc             ] GC(57) Pause Young (Allocation Failure) 1169M->85M(3985M) 11.251ms
[40.097s][info][gc,cpu         ] GC(57) User=0.02s Sys=0.00s Real=0.01s
[40.228s][info][gc,start       ] GC(58) Pause Young (System.gc())
[40.228s][info][gc,heap        ] GC(58) PSYoungGen: 292157K(1284096K)->192K(1275904K) Eden: 267933K(1162240K)->0K(1162240K) From: 24224K(121856K)->192K(113664K)
[40.228s][info][gc,heap        ] GC(58) ParOldGen: 63539K(2796544K)->63803K(2796544K)
[40.228s][info][gc,metaspace   ] GC(58) Metaspace: 104622K(106304K)->104622K(106304K) NonClass: 90583K(91520K)->90583K(91520K) Class: 14038K(14784K)->14038K(14784K)
[40.228s][info][gc             ] GC(58) Pause Young (System.gc()) 347M->62M(3977M) 0.656ms
[40.228s][info][gc,cpu         ] GC(58) User=0.00s Sys=0.00s Real=0.00s
[40.228s][info][gc,start       ] GC(59) Pause Full (System.gc())
[40.228s][info][gc,phases,start] GC(59) Marking Phase
[40.259s][info][gc,phases      ] GC(59) Marking Phase 30.871ms
[40.259s][info][gc,phases,start] GC(59) Summary Phase
[40.259s][info][gc,phases      ] GC(59) Summary Phase 0.009ms
[40.259s][info][gc,phases,start] GC(59) Adjust Roots
[40.268s][info][gc,phases      ] GC(59) Adjust Roots 8.587ms
[40.268s][info][gc,phases,start] GC(59) Compaction Phase
[40.274s][info][gc,phases      ] GC(59) Compaction Phase 6.605ms
[40.275s][info][gc,phases,start] GC(59) Post Compact
[40.276s][info][gc,phases      ] GC(59) Post Compact 1.126ms
[40.276s][info][gc,heap        ] GC(59) PSYoungGen: 192K(1275904K)->0K(1275904K) Eden: 0K(1162240K)->0K(1162240K) From: 192K(113664K)->0K(113664K)
[40.276s][info][gc,heap        ] GC(59) ParOldGen: 63803K(2796544K)->63766K(2796544K)
[40.276s][info][gc,metaspace   ] GC(59) Metaspace: 104622K(106304K)->104622K(106304K) NonClass: 90583K(91520K)->90583K(91520K) Class: 14038K(14784K)->14038K(14784K)
[40.276s][info][gc             ] GC(59) Pause Full (System.gc()) 62M->62M(3977M) 47.463ms
[40.276s][info][gc,cpu         ] GC(59) User=0.05s Sys=0.00s Real=0.05s
[41.027s][info][gc,start       ] GC(60) Pause Young (Allocation Failure)
[41.033s][info][gc,heap        ] GC(60) PSYoungGen: 1162240K(1275904K)->8256K(1297920K) Eden: 1162240K(1162240K)->0K(1190400K) From: 0K(113664K)->8256K(107520K)
[41.034s][info][gc,heap        ] GC(60) ParOldGen: 63766K(2796544K)->63766K(2796544K)
[41.034s][info][gc,metaspace   ] GC(60) Metaspace: 104630K(106368K)->104630K(106368K) NonClass: 90591K(91584K)->90591K(91584K) Class: 14038K(14784K)->14038K(14784K)
[41.034s][info][gc             ] GC(60) Pause Young (Allocation Failure) 1197M->70M(3998M) 6.995ms
[41.034s][info][gc,cpu         ] GC(60) User=0.00s Sys=0.00s Real=0.02s
[41.598s][info][gc,start       ] GC(61) Pause Young (Allocation Failure)
[41.609s][info][gc,heap        ] GC(61) PSYoungGen: 1198656K(1297920K)->24160K(1290240K) Eden: 1190400K(1190400K)->0K(1190400K) From: 8256K(107520K)->24160K(99840K)
[41.609s][info][gc,heap        ] GC(61) ParOldGen: 63766K(2796544K)->63766K(2796544K)
[41.609s][info][gc,metaspace   ] GC(61) Metaspace: 104630K(106368K)->104630K(106368K) NonClass: 90591K(91584K)->90591K(91584K) Class: 14038K(14784K)->14038K(14784K)
[41.609s][info][gc             ] GC(61) Pause Young (Allocation Failure) 1232M->85M(3991M) 10.334ms
[41.609s][info][gc,cpu         ] GC(61) User=0.00s Sys=0.00s Real=0.00s
[41.696s][info][gc,start       ] GC(62) Pause Young (System.gc())
[41.696s][info][gc,heap        ] GC(62) PSYoungGen: 187451K(1290240K)->320K(1308160K) Eden: 163291K(1190400K)->0K(1213440K) From: 24160K(99840K)->320K(94720K)
[41.696s][info][gc,heap        ] GC(62) ParOldGen: 63766K(2796544K)->63766K(2796544K)
[41.696s][info][gc,metaspace   ] GC(62) Metaspace: 104630K(106368K)->104630K(106368K) NonClass: 90591K(91584K)->90591K(91584K) Class: 14038K(14784K)->14038K(14784K)
[41.696s][info][gc             ] GC(62) Pause Young (System.gc()) 245M->62M(4008M) 0.564ms
[41.696s][info][gc,cpu         ] GC(62) User=0.00s Sys=0.00s Real=0.00s
[41.696s][info][gc,start       ] GC(63) Pause Full (System.gc())
[41.696s][info][gc,phases,start] GC(63) Marking Phase
[41.725s][info][gc,phases      ] GC(63) Marking Phase 28.892ms
[41.725s][info][gc,phases,start] GC(63) Summary Phase
[41.725s][info][gc,phases      ] GC(63) Summary Phase 0.010ms
[41.725s][info][gc,phases,start] GC(63) Adjust Roots
[41.734s][info][gc,phases      ] GC(63) Adjust Roots 8.775ms
[41.734s][info][gc,phases,start] GC(63) Compaction Phase
[41.740s][info][gc,phases      ] GC(63) Compaction Phase 5.869ms
[41.740s][info][gc,phases,start] GC(63) Post Compact
[41.741s][info][gc,phases      ] GC(63) Post Compact 0.870ms
[41.741s][info][gc,heap        ] GC(63) PSYoungGen: 320K(1308160K)->0K(1308160K) Eden: 0K(1213440K)->0K(1213440K) From: 320K(94720K)->0K(94720K)
[41.741s][info][gc,heap        ] GC(63) ParOldGen: 63766K(2796544K)->64000K(2796544K)
[41.741s][info][gc,metaspace   ] GC(63) Metaspace: 104630K(106368K)->104630K(106368K) NonClass: 90591K(91584K)->90591K(91584K) Class: 14038K(14784K)->14038K(14784K)
[41.741s][info][gc             ] GC(63) Pause Full (System.gc()) 62M->62M(4008M) 44.690ms
[41.741s][info][gc,cpu         ] GC(63) User=0.03s Sys=0.00s Real=0.05s
[42.529s][info][gc,start       ] GC(64) Pause Young (Allocation Failure)
[42.535s][info][gc,heap        ] GC(64) PSYoungGen: 1213440K(1308160K)->10560K(1303040K) Eden: 1213440K(1213440K)->0K(1213440K) From: 0K(94720K)->10560K(89600K)
[42.535s][info][gc,heap        ] GC(64) ParOldGen: 64000K(2796544K)->64000K(2796544K)
[42.535s][info][gc,metaspace   ] GC(64) Metaspace: 104630K(106368K)->104630K(106368K) NonClass: 90592K(91584K)->90592K(91584K) Class: 14038K(14784K)->14038K(14784K)
[42.535s][info][gc             ] GC(64) Pause Young (Allocation Failure) 1247M->72M(4003M) 6.158ms
[42.535s][info][gc,cpu         ] GC(64) User=0.03s Sys=0.00s Real=0.02s
[43.086s][info][gc,start       ] GC(65) Pause Young (Allocation Failure)
[43.095s][info][gc,heap        ] GC(65) PSYoungGen: 1224000K(1303040K)->24192K(1318400K) Eden: 1213440K(1213440K)->0K(1235456K) From: 10560K(89600K)->24192K(82944K)
[43.095s][info][gc,heap        ] GC(65) ParOldGen: 64000K(2796544K)->64000K(2796544K)
[43.095s][info][gc,metaspace   ] GC(65) Metaspace: 104630K(106368K)->104630K(106368K) NonClass: 90592K(91584K)->90592K(91584K) Class: 14038K(14784K)->14038K(14784K)
[43.095s][info][gc             ] GC(65) Pause Young (Allocation Failure) 1257M->86M(4018M) 9.939ms
[43.095s][info][gc,cpu         ] GC(65) User=0.02s Sys=0.00s Real=0.02s
[43.142s][info][gc,start       ] GC(66) Pause Young (System.gc())
[43.142s][info][gc,heap        ] GC(66) PSYoungGen: 122755K(1318400K)->352K(1314816K) Eden: 98563K(1235456K)->0K(1235456K) From: 24192K(82944K)->352K(79360K)
[43.142s][info][gc,heap        ] GC(66) ParOldGen: 64000K(2796544K)->64000K(2796544K)
[43.143s][info][gc,metaspace   ] GC(66) Metaspace: 104630K(106368K)->104630K(106368K) NonClass: 90592K(91584K)->90592K(91584K) Class: 14038K(14784K)->14038K(14784K)
[43.143s][info][gc             ] GC(66) Pause Young (System.gc()) 182M->62M(4015M) 0.753ms
[43.143s][info][gc,cpu         ] GC(66) User=0.00s Sys=0.00s Real=0.01s
[43.143s][info][gc,start       ] GC(67) Pause Full (System.gc())
[43.143s][info][gc,phases,start] GC(67) Marking Phase
[43.168s][info][gc,phases      ] GC(67) Marking Phase 25.107ms
[43.168s][info][gc,phases,start] GC(67) Summary Phase
[43.168s][info][gc,phases      ] GC(67) Summary Phase 0.010ms
[43.168s][info][gc,phases,start] GC(67) Adjust Roots
[43.176s][info][gc,phases      ] GC(67) Adjust Roots 8.366ms
[43.176s][info][gc,phases,start] GC(67) Compaction Phase
[43.182s][info][gc,phases      ] GC(67) Compaction Phase 5.347ms
[43.182s][info][gc,phases,start] GC(67) Post Compact
[43.182s][info][gc,phases      ] GC(67) Post Compact 0.742ms
[43.182s][info][gc,heap        ] GC(67) PSYoungGen: 352K(1314816K)->0K(1314816K) Eden: 0K(1235456K)->0K(1235456K) From: 352K(79360K)->0K(79360K)
[43.182s][info][gc,heap        ] GC(67) ParOldGen: 64000K(2796544K)->64233K(2796544K)
[43.182s][info][gc,metaspace   ] GC(67) Metaspace: 104630K(106368K)->104630K(106368K) NonClass: 90592K(91584K)->90592K(91584K) Class: 14038K(14784K)->14038K(14784K)
[43.182s][info][gc             ] GC(67) Pause Full (System.gc()) 62M->62M(4015M) 39.846ms
[43.182s][info][gc,cpu         ] GC(67) User=0.02s Sys=0.00s Real=0.03s
[43.989s][info][gc,start       ] GC(68) Pause Young (Allocation Failure)
[43.995s][info][gc,heap        ] GC(68) PSYoungGen: 1235456K(1314816K)->11232K(1327616K) Eden: 1235456K(1235456K)->0K(1251840K) From: 0K(79360K)->11232K(75776K)
[43.995s][info][gc,heap        ] GC(68) ParOldGen: 64233K(2796544K)->64233K(2796544K)
[43.995s][info][gc,metaspace   ] GC(68) Metaspace: 104631K(106368K)->104631K(106368K) NonClass: 90593K(91584K)->90593K(91584K) Class: 14038K(14784K)->14038K(14784K)
[43.995s][info][gc             ] GC(68) Pause Young (Allocation Failure) 1269M->73M(4027M) 6.469ms
[43.995s][info][gc,cpu         ] GC(68) User=0.02s Sys=0.00s Real=0.02s
[44.613s][info][gc,start       ] GC(69) Pause Young (Allocation Failure)
[44.619s][info][gc,heap        ] GC(69) PSYoungGen: 1263072K(1327616K)->12224K(1321984K) Eden: 1251840K(1251840K)->0K(1251840K) From: 11232K(75776K)->12224K(70144K)
[44.619s][info][gc,heap        ] GC(69) ParOldGen: 64233K(2796544K)->64233K(2796544K)
[44.619s][info][gc,metaspace   ] GC(69) Metaspace: 104631K(106368K)->104631K(106368K) NonClass: 90593K(91584K)->90593K(91584K) Class: 14038K(14784K)->14038K(14784K)
[44.619s][info][gc             ] GC(69) Pause Young (Allocation Failure) 1296M->74M(4022M) 5.709ms
[44.619s][info][gc,cpu         ] GC(69) User=0.00s Sys=0.00s Real=0.00s
[44.644s][info][gc,start       ] GC(70) Pause Young (System.gc())
[44.645s][info][gc,heap        ] GC(70) PSYoungGen: 52082K(1321984K)->352K(1335808K) Eden: 39858K(1251840K)->0K(1271296K) From: 12224K(70144K)->352K(64512K)
[44.645s][info][gc,heap        ] GC(70) ParOldGen: 64233K(2796544K)->64233K(2796544K)
[44.645s][info][gc,metaspace   ] GC(70) Metaspace: 104631K(106368K)->104631K(106368K) NonClass: 90593K(91584K)->90593K(91584K) Class: 14038K(14784K)->14038K(14784K)
[44.645s][info][gc             ] GC(70) Pause Young (System.gc()) 113M->63M(4035M) 0.819ms
[44.645s][info][gc,cpu         ] GC(70) User=0.00s Sys=0.00s Real=0.00s
[44.645s][info][gc,start       ] GC(71) Pause Full (System.gc())
[44.645s][info][gc,phases,start] GC(71) Marking Phase
[44.671s][info][gc,phases      ] GC(71) Marking Phase 25.353ms
[44.671s][info][gc,phases,start] GC(71) Summary Phase
[44.671s][info][gc,phases      ] GC(71) Summary Phase 0.010ms
[44.671s][info][gc,phases,start] GC(71) Adjust Roots
[44.679s][info][gc,phases      ] GC(71) Adjust Roots 8.560ms
[44.679s][info][gc,phases,start] GC(71) Compaction Phase
[44.685s][info][gc,phases      ] GC(71) Compaction Phase 5.113ms
[44.685s][info][gc,phases,start] GC(71) Post Compact
[44.685s][info][gc,phases      ] GC(71) Post Compact 0.800ms
[44.685s][info][gc,heap        ] GC(71) PSYoungGen: 352K(1335808K)->0K(1335808K) Eden: 0K(1271296K)->0K(1271296K) From: 352K(64512K)->0K(64512K)
[44.685s][info][gc,heap        ] GC(71) ParOldGen: 64233K(2796544K)->64467K(2796544K)
[44.685s][info][gc,metaspace   ] GC(71) Metaspace: 104631K(106368K)->104631K(106368K) NonClass: 90593K(91584K)->90593K(91584K) Class: 14038K(14784K)->14038K(14784K)
[44.685s][info][gc             ] GC(71) Pause Full (System.gc()) 63M->62M(4035M) 40.138ms
[44.685s][info][gc,cpu         ] GC(71) User=0.03s Sys=0.00s Real=0.05s
[45.494s][info][gc,start       ] GC(72) Pause Young (Allocation Failure)
[45.501s][info][gc,heap        ] GC(72) PSYoungGen: 1271296K(1335808K)->12864K(1333248K) Eden: 1271296K(1271296K)->0K(1271296K) From: 0K(64512K)->12864K(61952K)
[45.501s][info][gc,heap        ] GC(72) ParOldGen: 64467K(2796544K)->64467K(2796544K)
[45.501s][info][gc,metaspace   ] GC(72) Metaspace: 104637K(106368K)->104637K(106368K) NonClass: 90598K(91584K)->90598K(91584K) Class: 14038K(14784K)->14038K(14784K)
[45.501s][info][gc             ] GC(72) Pause Young (Allocation Failure) 1304M->75M(4033M) 7.127ms
[45.501s][info][gc,cpu         ] GC(72) User=0.00s Sys=0.00s Real=0.00s
[46.075s][info][gc,start       ] GC(73) Pause Young (System.gc())
[46.076s][info][gc,heap        ] GC(73) PSYoungGen: 1256984K(1333248K)->352K(1342976K) Eden: 1244120K(1271296K)->0K(1285632K) From: 12864K(61952K)->352K(57344K)
[46.076s][info][gc,heap        ] GC(73) ParOldGen: 64467K(2796544K)->64467K(2796544K)
[46.076s][info][gc,metaspace   ] GC(73) Metaspace: 104638K(106368K)->104638K(106368K) NonClass: 90599K(91584K)->90599K(91584K) Class: 14038K(14784K)->14038K(14784K)
[46.076s][info][gc             ] GC(73) Pause Young (System.gc()) 1290M->63M(4042M) 0.609ms
[46.076s][info][gc,cpu         ] GC(73) User=0.00s Sys=0.00s Real=0.00s
[46.076s][info][gc,start       ] GC(74) Pause Full (System.gc())
[46.076s][info][gc,phases,start] GC(74) Marking Phase
[46.101s][info][gc,phases      ] GC(74) Marking Phase 25.088ms
[46.101s][info][gc,phases,start] GC(74) Summary Phase
[46.101s][info][gc,phases      ] GC(74) Summary Phase 0.009ms
[46.101s][info][gc,phases,start] GC(74) Adjust Roots
[46.110s][info][gc,phases      ] GC(74) Adjust Roots 8.726ms
[46.110s][info][gc,phases,start] GC(74) Compaction Phase
[46.117s][info][gc,phases      ] GC(74) Compaction Phase 7.005ms
[46.117s][info][gc,phases,start] GC(74) Post Compact
[46.118s][info][gc,phases      ] GC(74) Post Compact 1.089ms
[46.118s][info][gc,heap        ] GC(74) PSYoungGen: 352K(1342976K)->0K(1342976K) Eden: 0K(1285632K)->0K(1285632K) From: 352K(57344K)->0K(57344K)
[46.118s][info][gc,heap        ] GC(74) ParOldGen: 64467K(2796544K)->64516K(2796544K)
[46.118s][info][gc,metaspace   ] GC(74) Metaspace: 104638K(106368K)->104638K(106368K) NonClass: 90599K(91584K)->90599K(91584K) Class: 14038K(14784K)->14038K(14784K)
[46.118s][info][gc             ] GC(74) Pause Full (System.gc()) 63M->63M(4042M) 42.243ms
[46.118s][info][gc,cpu         ] GC(74) User=0.05s Sys=0.00s Real=0.05s
[46.920s][info][gc,start       ] GC(75) Pause Young (Allocation Failure)
[46.928s][info][gc,heap        ] GC(75) PSYoungGen: 1285632K(1342976K)->13600K(1340416K) Eden: 1285632K(1285632K)->0K(1285632K) From: 0K(57344K)->13600K(54784K)
[46.928s][info][gc,heap        ] GC(75) ParOldGen: 64516K(2796544K)->64516K(2796544K)
[46.928s][info][gc,metaspace   ] GC(75) Metaspace: 104639K(106368K)->104639K(106368K) NonClass: 90600K(91584K)->90600K(91584K) Class: 14038K(14784K)->14038K(14784K)
[46.928s][info][gc             ] GC(75) Pause Young (Allocation Failure) 1318M->76M(4040M) 7.306ms
[46.928s][info][gc,cpu         ] GC(75) User=0.00s Sys=0.00s Real=0.00s
[47.523s][info][gc,start       ] GC(76) Pause Young (System.gc())
[47.523s][info][gc,heap        ] GC(76) PSYoungGen: 1246437K(1340416K)->320K(1348608K) Eden: 1232837K(1285632K)->0K(1297408K) From: 13600K(54784K)->320K(51200K)
[47.523s][info][gc,heap        ] GC(76) ParOldGen: 64516K(2796544K)->64516K(2796544K)
[47.523s][info][gc,metaspace   ] GC(76) Metaspace: 104643K(106368K)->104643K(106368K) NonClass: 90604K(91584K)->90604K(91584K) Class: 14038K(14784K)->14038K(14784K)
[47.523s][info][gc             ] GC(76) Pause Young (System.gc()) 1280M->63M(4048M) 0.649ms
[47.523s][info][gc,cpu         ] GC(76) User=0.00s Sys=0.00s Real=0.00s
[47.523s][info][gc,start       ] GC(77) Pause Full (System.gc())
[47.523s][info][gc,phases,start] GC(77) Marking Phase
[47.549s][info][gc,phases      ] GC(77) Marking Phase 25.555ms
[47.549s][info][gc,phases,start] GC(77) Summary Phase
[47.549s][info][gc,phases      ] GC(77) Summary Phase 0.010ms
[47.549s][info][gc,phases,start] GC(77) Adjust Roots
[47.558s][info][gc,phases      ] GC(77) Adjust Roots 8.804ms
[47.558s][info][gc,phases,start] GC(77) Compaction Phase
[47.565s][info][gc,phases      ] GC(77) Compaction Phase 6.781ms
[47.565s][info][gc,phases,start] GC(77) Post Compact
[47.566s][info][gc,phases      ] GC(77) Post Compact 0.991ms
[47.566s][info][gc,heap        ] GC(77) PSYoungGen: 320K(1348608K)->0K(1348608K) Eden: 0K(1297408K)->0K(1297408K) From: 320K(51200K)->0K(51200K)
[47.566s][info][gc,heap        ] GC(77) ParOldGen: 64516K(2796544K)->64516K(2796544K)
[47.566s][info][gc,metaspace   ] GC(77) Metaspace: 104643K(106368K)->104643K(106368K) NonClass: 90604K(91584K)->90604K(91584K) Class: 14038K(14784K)->14038K(14784K)
[47.566s][info][gc             ] GC(77) Pause Full (System.gc()) 63M->63M(4048M) 42.481ms
[47.566s][info][gc,cpu         ] GC(77) User=0.02s Sys=0.00s Real=0.05s
[48.377s][info][gc,start       ] GC(78) Pause Young (Allocation Failure)
[48.385s][info][gc,heap        ] GC(78) PSYoungGen: 1297408K(1348608K)->14032K(1346560K) Eden: 1297408K(1297408K)->0K(1297408K) From: 0K(51200K)->14032K(49152K)
[48.385s][info][gc,heap        ] GC(78) ParOldGen: 64516K(2796544K)->64516K(2796544K)
[48.385s][info][gc,metaspace   ] GC(78) Metaspace: 104644K(106368K)->104644K(106368K) NonClass: 90606K(91584K)->90606K(91584K) Class: 14038K(14784K)->14038K(14784K)
[48.385s][info][gc             ] GC(78) Pause Young (Allocation Failure) 1330M->76M(4046M) 7.739ms
[48.385s][info][gc,cpu         ] GC(78) User=0.03s Sys=0.00s Real=0.01s
[48.947s][info][gc,start       ] GC(79) Pause Young (System.gc())
[48.948s][info][gc,heap        ] GC(79) PSYoungGen: 1232785K(1346560K)->352K(1352704K) Eden: 1218753K(1297408K)->0K(1306112K) From: 14032K(49152K)->352K(46592K)
[48.950s][info][gc,heap        ] GC(79) ParOldGen: 64516K(2796544K)->64516K(2796544K)
[48.950s][info][gc,metaspace   ] GC(79) Metaspace: 104646K(106368K)->104646K(106368K) NonClass: 90607K(91584K)->90607K(91584K) Class: 14038K(14784K)->14038K(14784K)
[48.950s][info][gc             ] GC(79) Pause Young (System.gc()) 1266M->63M(4052M) 2.539ms
[48.950s][info][gc,cpu         ] GC(79) User=0.00s Sys=0.00s Real=0.02s
[48.950s][info][gc,start       ] GC(80) Pause Full (System.gc())
[48.950s][info][gc,phases,start] GC(80) Marking Phase
[48.976s][info][gc,phases      ] GC(80) Marking Phase 25.594ms
[48.976s][info][gc,phases,start] GC(80) Summary Phase
[48.976s][info][gc,phases      ] GC(80) Summary Phase 0.009ms
[48.976s][info][gc,phases,start] GC(80) Adjust Roots
[48.984s][info][gc,phases      ] GC(80) Adjust Roots 8.729ms
[48.984s][info][gc,phases,start] GC(80) Compaction Phase
[48.990s][info][gc,phases      ] GC(80) Compaction Phase 5.550ms
[48.990s][info][gc,phases,start] GC(80) Post Compact
[48.991s][info][gc,phases      ] GC(80) Post Compact 0.868ms
[48.991s][info][gc,heap        ] GC(80) PSYoungGen: 352K(1352704K)->0K(1352704K) Eden: 0K(1306112K)->0K(1306112K) From: 352K(46592K)->0K(46592K)
[48.991s][info][gc,heap        ] GC(80) ParOldGen: 64516K(2796544K)->64517K(2796544K)
[48.991s][info][gc,metaspace   ] GC(80) Metaspace: 104646K(106368K)->104646K(106368K) NonClass: 90607K(91584K)->90607K(91584K) Class: 14038K(14784K)->14038K(14784K)
[48.991s][info][gc             ] GC(80) Pause Full (System.gc()) 63M->63M(4052M) 41.035ms
[48.991s][info][gc,cpu         ] GC(80) User=0.00s Sys=0.00s Real=0.03s
[49.808s][info][gc,start       ] GC(81) Pause Young (Allocation Failure)
[49.816s][info][gc,heap        ] GC(81) PSYoungGen: 1306112K(1352704K)->14400K(1351168K) Eden: 1306112K(1306112K)->0K(1306112K) From: 0K(46592K)->14400K(45056K)
[49.816s][info][gc,heap        ] GC(81) ParOldGen: 64517K(2796544K)->64517K(2796544K)
[49.816s][info][gc,metaspace   ] GC(81) Metaspace: 104646K(106368K)->104646K(106368K) NonClass: 90607K(91584K)->90607K(91584K) Class: 14038K(14784K)->14038K(14784K)
[49.816s][info][gc             ] GC(81) Pause Young (Allocation Failure) 1338M->77M(4050M) 7.910ms
[49.816s][info][gc,cpu         ] GC(81) User=0.02s Sys=0.00s Real=0.02s
[50.372s][info][gc,start       ] GC(82) Pause Young (System.gc())
[50.373s][info][gc,heap        ] GC(82) PSYoungGen: 1222221K(1351168K)->288K(1356288K) Eden: 1207821K(1306112K)->0K(1313280K) From: 14400K(45056K)->288K(43008K)
[50.373s][info][gc,heap        ] GC(82) ParOldGen: 64517K(2796544K)->64517K(2796544K)
[50.373s][info][gc,metaspace   ] GC(82) Metaspace: 104646K(106368K)->104646K(106368K) NonClass: 90607K(91584K)->90607K(91584K) Class: 14038K(14784K)->14038K(14784K)
[50.373s][info][gc             ] GC(82) Pause Young (System.gc()) 1256M->63M(4055M) 0.621ms
[50.373s][info][gc,cpu         ] GC(82) User=0.00s Sys=0.00s Real=0.00s
[50.373s][info][gc,start       ] GC(83) Pause Full (System.gc())
[50.373s][info][gc,phases,start] GC(83) Marking Phase
[50.399s][info][gc,phases      ] GC(83) Marking Phase 25.949ms
[50.399s][info][gc,phases,start] GC(83) Summary Phase
[50.399s][info][gc,phases      ] GC(83) Summary Phase 0.010ms
[50.399s][info][gc,phases,start] GC(83) Adjust Roots
[50.407s][info][gc,phases      ] GC(83) Adjust Roots 8.284ms
[50.408s][info][gc,phases,start] GC(83) Compaction Phase
[50.414s][info][gc,phases      ] GC(83) Compaction Phase 6.363ms
[50.414s][info][gc,phases,start] GC(83) Post Compact
[50.415s][info][gc,phases      ] GC(83) Post Compact 0.740ms
[50.415s][info][gc,heap        ] GC(83) PSYoungGen: 288K(1356288K)->0K(1356288K) Eden: 0K(1313280K)->0K(1313280K) From: 288K(43008K)->0K(43008K)
[50.415s][info][gc,heap        ] GC(83) ParOldGen: 64517K(2796544K)->64517K(2796544K)
[50.415s][info][gc,metaspace   ] GC(83) Metaspace: 104646K(106368K)->104646K(106368K) NonClass: 90607K(91584K)->90607K(91584K) Class: 14038K(14784K)->14038K(14784K)
[50.415s][info][gc             ] GC(83) Pause Full (System.gc()) 63M->63M(4055M) 41.626ms
[50.415s][info][gc,cpu         ] GC(83) User=0.03s Sys=0.00s Real=0.05s
[51.220s][info][gc,start       ] GC(84) Pause Young (Allocation Failure)
[51.228s][info][gc,heap        ] GC(84) PSYoungGen: 1313280K(1356288K)->14656K(1354752K) Eden: 1313280K(1313280K)->0K(1313280K) From: 0K(43008K)->14656K(41472K)
[51.228s][info][gc,heap        ] GC(84) ParOldGen: 64517K(2796544K)->64517K(2796544K)
[51.228s][info][gc,metaspace   ] GC(84) Metaspace: 104661K(106368K)->104661K(106368K) NonClass: 90623K(91584K)->90623K(91584K) Class: 14038K(14784K)->14038K(14784K)
[51.228s][info][gc             ] GC(84) Pause Young (Allocation Failure) 1345M->77M(4054M) 7.860ms
[51.228s][info][gc,cpu         ] GC(84) User=0.00s Sys=0.00s Real=0.00s
[51.767s][info][gc,start       ] GC(85) Pause Young (System.gc())
[51.767s][info][gc,heap        ] GC(85) PSYoungGen: 1213500K(1354752K)->320K(1358848K) Eden: 1198844K(1313280K)->0K(1318400K) From: 14656K(41472K)->320K(40448K)
[51.768s][info][gc,heap        ] GC(85) ParOldGen: 64517K(2796544K)->64517K(2796544K)
[51.768s][info][gc,metaspace   ] GC(85) Metaspace: 104663K(106368K)->104663K(106368K) NonClass: 90625K(91584K)->90625K(91584K) Class: 14038K(14784K)->14038K(14784K)
[51.768s][info][gc             ] GC(85) Pause Young (System.gc()) 1248M->63M(4058M) 0.624ms
[51.768s][info][gc,cpu         ] GC(85) User=0.00s Sys=0.00s Real=0.00s
[51.768s][info][gc,start       ] GC(86) Pause Full (System.gc())
[51.768s][info][gc,phases,start] GC(86) Marking Phase
[51.793s][info][gc,phases      ] GC(86) Marking Phase 25.633ms
[51.793s][info][gc,phases,start] GC(86) Summary Phase
[51.793s][info][gc,phases      ] GC(86) Summary Phase 0.011ms
[51.793s][info][gc,phases,start] GC(86) Adjust Roots
[51.802s][info][gc,phases      ] GC(86) Adjust Roots 9.015ms
[51.802s][info][gc,phases,start] GC(86) Compaction Phase
[51.808s][info][gc,phases      ] GC(86) Compaction Phase 5.711ms
[51.808s][info][gc,phases,start] GC(86) Post Compact
[51.809s][info][gc,phases      ] GC(86) Post Compact 0.785ms
[51.809s][info][gc,heap        ] GC(86) PSYoungGen: 320K(1358848K)->0K(1358848K) Eden: 0K(1318400K)->0K(1318400K) From: 320K(40448K)->0K(40448K)
[51.809s][info][gc,heap        ] GC(86) ParOldGen: 64517K(2796544K)->64520K(2796544K)
[51.809s][info][gc,metaspace   ] GC(86) Metaspace: 104663K(106368K)->104663K(106368K) NonClass: 90625K(91584K)->90625K(91584K) Class: 14038K(14784K)->14038K(14784K)
[51.809s][info][gc             ] GC(86) Pause Full (System.gc()) 63M->63M(4058M) 41.422ms
[51.809s][info][gc,cpu         ] GC(86) User=0.02s Sys=0.00s Real=0.05s
[52.621s][info][gc,start       ] GC(87) Pause Young (Allocation Failure)
[52.629s][info][gc,heap        ] GC(87) PSYoungGen: 1318400K(1358848K)->14592K(1357312K) Eden: 1318400K(1318400K)->0K(1318400K) From: 0K(40448K)->14592K(38912K)
[52.629s][info][gc,heap        ] GC(87) ParOldGen: 64520K(2796544K)->64520K(2796544K)
[52.629s][info][gc,metaspace   ] GC(87) Metaspace: 104673K(106368K)->104673K(106368K) NonClass: 90634K(91584K)->90634K(91584K) Class: 14039K(14784K)->14039K(14784K)
[52.629s][info][gc             ] GC(87) Pause Young (Allocation Failure) 1350M->77M(4056M) 7.932ms
[52.629s][info][gc,cpu         ] GC(87) User=0.02s Sys=0.00s Real=0.01s
[53.172s][info][gc,start       ] GC(88) Pause Young (System.gc())
[53.173s][info][gc,heap        ] GC(88) PSYoungGen: 1206241K(1357312K)->352K(1360896K) Eden: 1191649K(1318400K)->0K(1323008K) From: 14592K(38912K)->352K(37888K)
[53.173s][info][gc,heap        ] GC(88) ParOldGen: 64520K(2796544K)->64520K(2796544K)
[53.173s][info][gc,metaspace   ] GC(88) Metaspace: 104676K(106368K)->104676K(106368K) NonClass: 90637K(91584K)->90637K(91584K) Class: 14039K(14784K)->14039K(14784K)
[53.173s][info][gc             ] GC(88) Pause Young (System.gc()) 1240M->63M(4060M) 0.921ms
[53.173s][info][gc,cpu         ] GC(88) User=0.00s Sys=0.00s Real=0.00s
[53.173s][info][gc,start       ] GC(89) Pause Full (System.gc())
[53.173s][info][gc,phases,start] GC(89) Marking Phase
[53.199s][info][gc,phases      ] GC(89) Marking Phase 25.912ms
[53.199s][info][gc,phases,start] GC(89) Summary Phase
[53.199s][info][gc,phases      ] GC(89) Summary Phase 0.010ms
[53.199s][info][gc,phases,start] GC(89) Adjust Roots
[53.207s][info][gc,phases      ] GC(89) Adjust Roots 8.537ms
[53.207s][info][gc,phases,start] GC(89) Compaction Phase
[53.215s][info][gc,phases      ] GC(89) Compaction Phase 7.345ms
[53.215s][info][gc,phases,start] GC(89) Post Compact
[53.216s][info][gc,phases      ] GC(89) Post Compact 0.906ms
[53.216s][info][gc,heap        ] GC(89) PSYoungGen: 352K(1360896K)->0K(1360896K) Eden: 0K(1323008K)->0K(1323008K) From: 352K(37888K)->0K(37888K)
[53.216s][info][gc,heap        ] GC(89) ParOldGen: 64520K(2796544K)->64522K(2796544K)
[53.216s][info][gc,metaspace   ] GC(89) Metaspace: 104676K(106368K)->104676K(106368K) NonClass: 90637K(91584K)->90637K(91584K) Class: 14039K(14784K)->14039K(14784K)
[53.216s][info][gc             ] GC(89) Pause Full (System.gc()) 63M->63M(4060M) 43.009ms
[53.216s][info][gc,cpu         ] GC(89) User=0.03s Sys=0.00s Real=0.05s
[54.042s][info][gc,start       ] GC(90) Pause Young (Allocation Failure)
[54.050s][info][gc,heap        ] GC(90) PSYoungGen: 1323008K(1360896K)->14912K(1359872K) Eden: 1323008K(1323008K)->0K(1323008K) From: 0K(37888K)->14912K(36864K)
[54.050s][info][gc,heap        ] GC(90) ParOldGen: 64522K(2796544K)->64522K(2796544K)
[54.050s][info][gc,metaspace   ] GC(90) Metaspace: 104676K(106368K)->104676K(106368K) NonClass: 90637K(91584K)->90637K(91584K) Class: 14039K(14784K)->14039K(14784K)
[54.050s][info][gc             ] GC(90) Pause Young (Allocation Failure) 1355M->77M(4059M) 7.964ms
[54.050s][info][gc,cpu         ] GC(90) User=0.00s Sys=0.00s Real=0.00s
[54.588s][info][gc,start       ] GC(91) Pause Young (System.gc())
[54.588s][info][gc,heap        ] GC(91) PSYoungGen: 1202645K(1359872K)->384K(1362432K) Eden: 1187733K(1323008K)->0K(1326080K) From: 14912K(36864K)->384K(36352K)
[54.588s][info][gc,heap        ] GC(91) ParOldGen: 64522K(2796544K)->64522K(2796544K)
[54.588s][info][gc,metaspace   ] GC(91) Metaspace: 104676K(106368K)->104676K(106368K) NonClass: 90637K(91584K)->90637K(91584K) Class: 14039K(14784K)->14039K(14784K)
[54.588s][info][gc             ] GC(91) Pause Young (System.gc()) 1237M->63M(4061M) 0.579ms
[54.588s][info][gc,cpu         ] GC(91) User=0.00s Sys=0.00s Real=0.00s
[54.588s][info][gc,start       ] GC(92) Pause Full (System.gc())
[54.588s][info][gc,phases,start] GC(92) Marking Phase
[54.614s][info][gc,phases      ] GC(92) Marking Phase 26.016ms
[54.614s][info][gc,phases,start] GC(92) Summary Phase
[54.614s][info][gc,phases      ] GC(92) Summary Phase 0.009ms
[54.614s][info][gc,phases,start] GC(92) Adjust Roots
[54.623s][info][gc,phases      ] GC(92) Adjust Roots 8.697ms
[54.623s][info][gc,phases,start] GC(92) Compaction Phase
[54.631s][info][gc,phases      ] GC(92) Compaction Phase 7.491ms
[54.631s][info][gc,phases,start] GC(92) Post Compact
[54.632s][info][gc,phases      ] GC(92) Post Compact 0.849ms
[54.632s][info][gc,heap        ] GC(92) PSYoungGen: 384K(1362432K)->0K(1362432K) Eden: 0K(1326080K)->0K(1326080K) From: 384K(36352K)->0K(36352K)
[54.632s][info][gc,heap        ] GC(92) ParOldGen: 64522K(2796544K)->64524K(2796544K)
[54.632s][info][gc,metaspace   ] GC(92) Metaspace: 104676K(106368K)->104676K(106368K) NonClass: 90637K(91584K)->90637K(91584K) Class: 14039K(14784K)->14039K(14784K)
[54.632s][info][gc             ] GC(92) Pause Full (System.gc()) 63M->63M(4061M) 43.350ms
[54.632s][info][gc,cpu         ] GC(92) User=0.02s Sys=0.00s Real=0.04s
[55.447s][info][gc,start       ] GC(93) Pause Young (Allocation Failure)
[55.455s][info][gc,heap        ] GC(93) PSYoungGen: 1326080K(1362432K)->15072K(1361408K) Eden: 1326080K(1326080K)->0K(1326080K) From: 0K(36352K)->15072K(35328K)
[55.455s][info][gc,heap        ] GC(93) ParOldGen: 64524K(2796544K)->64524K(2796544K)
[55.455s][info][gc,metaspace   ] GC(93) Metaspace: 104678K(106368K)->104678K(106368K) NonClass: 90639K(91584K)->90639K(91584K) Class: 14039K(14784K)->14039K(14784K)
[55.455s][info][gc             ] GC(93) Pause Young (Allocation Failure) 1358M->77M(4060M) 8.346ms
[55.455s][info][gc,cpu         ] GC(93) User=0.02s Sys=0.00s Real=0.02s
[56.000s][info][gc,start       ] GC(94) Pause Young (System.gc())
[56.001s][info][gc,heap        ] GC(94) PSYoungGen: 1200773K(1361408K)->288K(1363968K) Eden: 1185700K(1326080K)->0K(1329152K) From: 15072K(35328K)->288K(34816K)
[56.001s][info][gc,heap        ] GC(94) ParOldGen: 64524K(2796544K)->64524K(2796544K)
[56.001s][info][gc,metaspace   ] GC(94) Metaspace: 104680K(106368K)->104680K(106368K) NonClass: 90641K(91584K)->90641K(91584K) Class: 14039K(14784K)->14039K(14784K)
[56.001s][info][gc             ] GC(94) Pause Young (System.gc()) 1235M->63M(4063M) 0.602ms
[56.001s][info][gc,cpu         ] GC(94) User=0.00s Sys=0.00s Real=0.00s
[56.001s][info][gc,start       ] GC(95) Pause Full (System.gc())
[56.001s][info][gc,phases,start] GC(95) Marking Phase
[56.027s][info][gc,phases      ] GC(95) Marking Phase 25.755ms
[56.027s][info][gc,phases,start] GC(95) Summary Phase
[56.027s][info][gc,phases      ] GC(95) Summary Phase 0.010ms
[56.027s][info][gc,phases,start] GC(95) Adjust Roots
[56.035s][info][gc,phases      ] GC(95) Adjust Roots 8.342ms
[56.035s][info][gc,phases,start] GC(95) Compaction Phase
[56.040s][info][gc,phases      ] GC(95) Compaction Phase 5.131ms
[56.041s][info][gc,phases,start] GC(95) Post Compact
[56.041s][info][gc,phases      ] GC(95) Post Compact 0.971ms
[56.042s][info][gc,heap        ] GC(95) PSYoungGen: 288K(1363968K)->0K(1363968K) Eden: 0K(1329152K)->0K(1329152K) From: 288K(34816K)->0K(34816K)
[56.042s][info][gc,heap        ] GC(95) ParOldGen: 64524K(2796544K)->64543K(2796544K)
[56.042s][info][gc,metaspace   ] GC(95) Metaspace: 104680K(106368K)->104680K(106368K) NonClass: 90641K(91584K)->90641K(91584K) Class: 14039K(14784K)->14039K(14784K)
[56.042s][info][gc             ] GC(95) Pause Full (System.gc()) 63M->63M(4063M) 40.498ms
[56.042s][info][gc,cpu         ] GC(95) User=0.00s Sys=0.00s Real=0.03s
[56.854s][info][gc,start       ] GC(96) Pause Young (Allocation Failure)
[56.862s][info][gc,heap        ] GC(96) PSYoungGen: 1329152K(1363968K)->15232K(1362944K) Eden: 1329152K(1329152K)->0K(1329152K) From: 0K(34816K)->15232K(33792K)
[56.862s][info][gc,heap        ] GC(96) ParOldGen: 64543K(2796544K)->64543K(2796544K)
[56.862s][info][gc,metaspace   ] GC(96) Metaspace: 104681K(106368K)->104681K(106368K) NonClass: 90642K(91584K)->90642K(91584K) Class: 14039K(14784K)->14039K(14784K)
[56.862s][info][gc             ] GC(96) Pause Young (Allocation Failure) 1361M->77M(4062M) 8.287ms
[56.862s][info][gc,cpu         ] GC(96) User=0.02s Sys=0.00s Real=0.02s
[57.396s][info][gc,start       ] GC(97) Pause Young (System.gc())
[57.397s][info][gc,heap        ] GC(97) PSYoungGen: 1195395K(1362944K)->352K(1364992K) Eden: 1180163K(1329152K)->0K(1331200K) From: 15232K(33792K)->352K(33792K)
[57.397s][info][gc,heap        ] GC(97) ParOldGen: 64543K(2796544K)->64543K(2796544K)
[57.397s][info][gc,metaspace   ] GC(97) Metaspace: 104688K(106368K)->104688K(106368K) NonClass: 90649K(91584K)->90649K(91584K) Class: 14039K(14784K)->14039K(14784K)
[57.397s][info][gc             ] GC(97) Pause Young (System.gc()) 1230M->63M(4064M) 0.475ms
[57.397s][info][gc,cpu         ] GC(97) User=0.00s Sys=0.00s Real=0.00s
[57.397s][info][gc,start       ] GC(98) Pause Full (System.gc())
[57.397s][info][gc,phases,start] GC(98) Marking Phase
[57.422s][info][gc,phases      ] GC(98) Marking Phase 25.365ms
[57.422s][info][gc,phases,start] GC(98) Summary Phase
[57.422s][info][gc,phases      ] GC(98) Summary Phase 0.009ms
[57.422s][info][gc,phases,start] GC(98) Adjust Roots
[57.431s][info][gc,phases      ] GC(98) Adjust Roots 8.560ms
[57.431s][info][gc,phases,start] GC(98) Compaction Phase
[57.437s][info][gc,phases      ] GC(98) Compaction Phase 6.019ms
[57.437s][info][gc,phases,start] GC(98) Post Compact
[57.438s][info][gc,phases      ] GC(98) Post Compact 0.832ms
[57.438s][info][gc,heap        ] GC(98) PSYoungGen: 352K(1364992K)->0K(1364992K) Eden: 0K(1331200K)->0K(1331200K) From: 352K(33792K)->0K(33792K)
[57.438s][info][gc,heap        ] GC(98) ParOldGen: 64543K(2796544K)->64543K(2796544K)
[57.438s][info][gc,metaspace   ] GC(98) Metaspace: 104688K(106368K)->104688K(106368K) NonClass: 90649K(91584K)->90649K(91584K) Class: 14039K(14784K)->14039K(14784K)
[57.438s][info][gc             ] GC(98) Pause Full (System.gc()) 63M->63M(4064M) 41.067ms
[57.438s][info][gc,cpu         ] GC(98) User=0.03s Sys=0.00s Real=0.04s
[58.259s][info][gc,start       ] GC(99) Pause Young (Allocation Failure)
[58.267s][info][gc,heap        ] GC(99) PSYoungGen: 1331200K(1364992K)->15104K(1363968K) Eden: 1331200K(1331200K)->0K(1331200K) From: 0K(33792K)->15104K(32768K)
[58.267s][info][gc,heap        ] GC(99) ParOldGen: 64543K(2796544K)->64543K(2796544K)
[58.267s][info][gc,metaspace   ] GC(99) Metaspace: 104688K(106368K)->104688K(106368K) NonClass: 90649K(91584K)->90649K(91584K) Class: 14039K(14784K)->14039K(14784K)
[58.267s][info][gc             ] GC(99) Pause Young (Allocation Failure) 1363M->77M(4063M) 7.952ms
[58.267s][info][gc,cpu         ] GC(99) User=0.00s Sys=0.00s Real=0.00s
[58.815s][info][gc,start       ] GC(100) Pause Young (System.gc())
[58.816s][info][gc,heap        ] GC(100) PSYoungGen: 1205642K(1363968K)->352K(1365504K) Eden: 1190538K(1331200K)->0K(1332224K) From: 15104K(32768K)->352K(33280K)
[58.816s][info][gc,heap        ] GC(100) ParOldGen: 64543K(2796544K)->64543K(2796544K)
[58.816s][info][gc,metaspace   ] GC(100) Metaspace: 104689K(106368K)->104689K(106368K) NonClass: 90650K(91584K)->90650K(91584K) Class: 14039K(14784K)->14039K(14784K)
[58.816s][info][gc             ] GC(100) Pause Young (System.gc()) 1240M->63M(4064M) 0.544ms
[58.816s][info][gc,cpu         ] GC(100) User=0.00s Sys=0.00s Real=0.00s
[58.816s][info][gc,start       ] GC(101) Pause Full (System.gc())
[58.816s][info][gc,phases,start] GC(101) Marking Phase
[58.841s][info][gc,phases      ] GC(101) Marking Phase 25.602ms
[58.841s][info][gc,phases,start] GC(101) Summary Phase
[58.841s][info][gc,phases      ] GC(101) Summary Phase 0.010ms
[58.841s][info][gc,phases,start] GC(101) Adjust Roots
[58.850s][info][gc,phases      ] GC(101) Adjust Roots 8.320ms
[58.850s][info][gc,phases,start] GC(101) Compaction Phase
[58.855s][info][gc,phases      ] GC(101) Compaction Phase 5.444ms
[58.855s][info][gc,phases,start] GC(101) Post Compact
[58.856s][info][gc,phases      ] GC(101) Post Compact 0.911ms
[58.856s][info][gc,heap        ] GC(101) PSYoungGen: 352K(1365504K)->0K(1365504K) Eden: 0K(1332224K)->0K(1332224K) From: 352K(33280K)->0K(33280K)
[58.856s][info][gc,heap        ] GC(101) ParOldGen: 64543K(2796544K)->64544K(2796544K)
[58.856s][info][gc,metaspace   ] GC(101) Metaspace: 104689K(106368K)->104689K(106368K) NonClass: 90650K(91584K)->90650K(91584K) Class: 14039K(14784K)->14039K(14784K)
[58.856s][info][gc             ] GC(101) Pause Full (System.gc()) 63M->63M(4064M) 40.611ms
[58.856s][info][gc,cpu         ] GC(101) User=0.03s Sys=0.00s Real=0.05s
[59.670s][info][gc,start       ] GC(102) Pause Young (Allocation Failure)
[59.678s][info][gc,heap        ] GC(102) PSYoungGen: 1332224K(1365504K)->15072K(1364480K) Eden: 1332224K(1332224K)->0K(1332224K) From: 0K(33280K)->15072K(32256K)
[59.678s][info][gc,heap        ] GC(102) ParOldGen: 64544K(2796544K)->64544K(2796544K)
[59.678s][info][gc,metaspace   ] GC(102) Metaspace: 104690K(106368K)->104690K(106368K) NonClass: 90651K(91584K)->90651K(91584K) Class: 14039K(14784K)->14039K(14784K)
[59.678s][info][gc             ] GC(102) Pause Young (Allocation Failure) 1364M->77M(4063M) 8.237ms
[59.678s][info][gc,cpu         ] GC(102) User=0.00s Sys=0.00s Real=0.02s
[60.235s][info][gc,start       ] GC(103) Pause Young (System.gc())
[60.235s][info][gc,heap        ] GC(103) PSYoungGen: 1206492K(1364480K)->352K(1366528K) Eden: 1191420K(1332224K)->0K(1334272K) From: 15072K(32256K)->352K(32256K)
[60.235s][info][gc,heap        ] GC(103) ParOldGen: 64544K(2796544K)->64544K(2796544K)
[60.235s][info][gc,metaspace   ] GC(103) Metaspace: 104690K(106368K)->104690K(106368K) NonClass: 90651K(91584K)->90651K(91584K) Class: 14039K(14784K)->14039K(14784K)
[60.235s][info][gc             ] GC(103) Pause Young (System.gc()) 1241M->63M(4065M) 0.614ms
[60.235s][info][gc,cpu         ] GC(103) User=0.00s Sys=0.00s Real=0.00s
[60.235s][info][gc,start       ] GC(104) Pause Full (System.gc())
[60.235s][info][gc,phases,start] GC(104) Marking Phase
[60.261s][info][gc,phases      ] GC(104) Marking Phase 25.769ms
[60.261s][info][gc,phases,start] GC(104) Summary Phase
[60.261s][info][gc,phases      ] GC(104) Summary Phase 0.009ms
[60.261s][info][gc,phases,start] GC(104) Adjust Roots
[60.269s][info][gc,phases      ] GC(104) Adjust Roots 8.283ms
[60.269s][info][gc,phases,start] GC(104) Compaction Phase
[60.275s][info][gc,phases      ] GC(104) Compaction Phase 6.003ms
[60.275s][info][gc,phases,start] GC(104) Post Compact
[60.276s][info][gc,phases      ] GC(104) Post Compact 0.839ms
[60.276s][info][gc,heap        ] GC(104) PSYoungGen: 352K(1366528K)->0K(1366528K) Eden: 0K(1334272K)->0K(1334272K) From: 352K(32256K)->0K(32256K)
[60.276s][info][gc,heap        ] GC(104) ParOldGen: 64544K(2796544K)->64544K(2796544K)
[60.276s][info][gc,metaspace   ] GC(104) Metaspace: 104690K(106368K)->104690K(106368K) NonClass: 90651K(91584K)->90651K(91584K) Class: 14039K(14784K)->14039K(14784K)
[60.276s][info][gc             ] GC(104) Pause Full (System.gc()) 63M->63M(4065M) 41.215ms
[60.276s][info][gc,cpu         ] GC(104) User=0.08s Sys=0.00s Real=0.05s
[61.105s][info][gc,start       ] GC(105) Pause Young (Allocation Failure)
[61.114s][info][gc,heap        ] GC(105) PSYoungGen: 1334272K(1366528K)->15360K(1365504K) Eden: 1334272K(1334272K)->0K(1334272K) From: 0K(32256K)->15360K(31232K)
[61.114s][info][gc,heap        ] GC(105) ParOldGen: 64544K(2796544K)->64544K(2796544K)
[61.114s][info][gc,metaspace   ] GC(105) Metaspace: 104694K(106368K)->104694K(106368K) NonClass: 90655K(91584K)->90655K(91584K) Class: 14039K(14784K)->14039K(14784K)
[61.114s][info][gc             ] GC(105) Pause Young (Allocation Failure) 1366M->78M(4064M) 8.374ms
[61.114s][info][gc,cpu         ] GC(105) User=0.02s Sys=0.00s Real=0.02s
[61.669s][info][gc,start       ] GC(106) Pause Young (System.gc())
[61.669s][info][gc,heap        ] GC(106) PSYoungGen: 1185715K(1365504K)->320K(1367040K) Eden: 1170355K(1334272K)->0K(1335296K) From: 15360K(31232K)->320K(31744K)
[61.669s][info][gc,heap        ] GC(106) ParOldGen: 64544K(2796544K)->64544K(2796544K)
[61.669s][info][gc,metaspace   ] GC(106) Metaspace: 104698K(106368K)->104698K(106368K) NonClass: 90659K(91584K)->90659K(91584K) Class: 14039K(14784K)->14039K(14784K)
[61.669s][info][gc             ] GC(106) Pause Young (System.gc()) 1220M->63M(4066M) 0.513ms
[61.669s][info][gc,cpu         ] GC(106) User=0.00s Sys=0.00s Real=0.00s
[61.669s][info][gc,start       ] GC(107) Pause Full (System.gc())
[61.669s][info][gc,phases,start] GC(107) Marking Phase
[61.698s][info][gc,phases      ] GC(107) Marking Phase 28.585ms
[61.698s][info][gc,phases,start] GC(107) Summary Phase
[61.698s][info][gc,phases      ] GC(107) Summary Phase 0.009ms
[61.698s][info][gc,phases,start] GC(107) Adjust Roots
[61.706s][info][gc,phases      ] GC(107) Adjust Roots 8.448ms
[61.706s][info][gc,phases,start] GC(107) Compaction Phase
[61.712s][info][gc,phases      ] GC(107) Compaction Phase 5.275ms
[61.712s][info][gc,phases,start] GC(107) Post Compact
[61.713s][info][gc,phases      ] GC(107) Post Compact 0.890ms
[61.713s][info][gc,heap        ] GC(107) PSYoungGen: 320K(1367040K)->0K(1367040K) Eden: 0K(1335296K)->0K(1335296K) From: 320K(31744K)->0K(31744K)
[61.713s][info][gc,heap        ] GC(107) ParOldGen: 64544K(2796544K)->64544K(2796544K)
[61.713s][info][gc,metaspace   ] GC(107) Metaspace: 104698K(106368K)->104698K(106368K) NonClass: 90659K(91584K)->90659K(91584K) Class: 14039K(14784K)->14039K(14784K)
[61.713s][info][gc             ] GC(107) Pause Full (System.gc()) 63M->63M(4066M) 43.489ms
[61.713s][info][gc,cpu         ] GC(107) User=0.03s Sys=0.00s Real=0.05s
[62.529s][info][gc,start       ] GC(108) Pause Young (Allocation Failure)
[62.538s][info][gc,heap        ] GC(108) PSYoungGen: 1335296K(1367040K)->15392K(1366016K) Eden: 1335296K(1335296K)->0K(1335296K) From: 0K(31744K)->15392K(30720K)
[62.538s][info][gc,heap        ] GC(108) ParOldGen: 64544K(2796544K)->64544K(2796544K)
[62.538s][info][gc,metaspace   ] GC(108) Metaspace: 104707K(106368K)->104707K(106368K) NonClass: 90668K(91584K)->90668K(91584K) Class: 14039K(14784K)->14039K(14784K)
[62.538s][info][gc             ] GC(108) Pause Young (Allocation Failure) 1367M->78M(4065M) 8.457ms
[62.538s][info][gc,cpu         ] GC(108) User=0.02s Sys=0.00s Real=0.02s
[63.078s][info][gc,start       ] GC(109) Pause Young (System.gc())
[63.078s][info][gc,heap        ] GC(109) PSYoungGen: 1185024K(1366016K)->352K(1367040K) Eden: 1169632K(1335296K)->0K(1335296K) From: 15392K(30720K)->352K(31744K)
[63.078s][info][gc,heap        ] GC(109) ParOldGen: 64544K(2796544K)->64544K(2796544K)
[63.078s][info][gc,metaspace   ] GC(109) Metaspace: 104711K(106368K)->104711K(106368K) NonClass: 90672K(91584K)->90672K(91584K) Class: 14039K(14784K)->14039K(14784K)
[63.078s][info][gc             ] GC(109) Pause Young (System.gc()) 1220M->63M(4066M) 0.630ms
[63.078s][info][gc,cpu         ] GC(109) User=0.00s Sys=0.00s Real=0.00s
[63.078s][info][gc,start       ] GC(110) Pause Full (System.gc())
[63.078s][info][gc,phases,start] GC(110) Marking Phase
[63.103s][info][gc,phases      ] GC(110) Marking Phase 24.675ms
[63.103s][info][gc,phases,start] GC(110) Summary Phase
[63.103s][info][gc,phases      ] GC(110) Summary Phase 0.010ms
[63.103s][info][gc,phases,start] GC(110) Adjust Roots
[63.113s][info][gc,phases      ] GC(110) Adjust Roots 9.546ms
[63.113s][info][gc,phases,start] GC(110) Compaction Phase
[63.118s][info][gc,phases      ] GC(110) Compaction Phase 5.372ms
[63.118s][info][gc,phases,start] GC(110) Post Compact
[63.119s][info][gc,phases      ] GC(110) Post Compact 0.818ms
[63.119s][info][gc,heap        ] GC(110) PSYoungGen: 352K(1367040K)->0K(1367040K) Eden: 0K(1335296K)->0K(1335296K) From: 352K(31744K)->0K(31744K)
[63.119s][info][gc,heap        ] GC(110) ParOldGen: 64544K(2796544K)->64545K(2796544K)
[63.119s][info][gc,metaspace   ] GC(110) Metaspace: 104711K(106368K)->104711K(106368K) NonClass: 90672K(91584K)->90672K(91584K) Class: 14039K(14784K)->14039K(14784K)
[63.119s][info][gc             ] GC(110) Pause Full (System.gc()) 63M->63M(4066M) 40.700ms
[63.119s][info][gc,cpu         ] GC(110) User=0.03s Sys=0.00s Real=0.05s
[63.932s][info][gc,start       ] GC(111) Pause Young (Allocation Failure)
[63.940s][info][gc,heap        ] GC(111) PSYoungGen: 1335296K(1367040K)->15392K(1366016K) Eden: 1335296K(1335296K)->0K(1335296K) From: 0K(31744K)->15392K(30720K)
[63.940s][info][gc,heap        ] GC(111) ParOldGen: 64545K(2796544K)->64545K(2796544K)
[63.940s][info][gc,metaspace   ] GC(111) Metaspace: 104713K(106368K)->104713K(106368K) NonClass: 90674K(91584K)->90674K(91584K) Class: 14039K(14784K)->14039K(14784K)
[63.940s][info][gc             ] GC(111) Pause Young (Allocation Failure) 1367M->78M(4065M) 8.136ms
[63.940s][info][gc,cpu         ] GC(111) User=0.00s Sys=0.00s Real=0.00s
[64.476s][info][gc,start       ] GC(112) Pause Young (System.gc())
[64.477s][info][gc,heap        ] GC(112) PSYoungGen: 1185095K(1366016K)->288K(1367552K) Eden: 1169703K(1335296K)->0K(1336320K) From: 15392K(30720K)->288K(31232K)
[64.477s][info][gc,heap        ] GC(112) ParOldGen: 64545K(2796544K)->64545K(2796544K)
[64.477s][info][gc,metaspace   ] GC(112) Metaspace: 104713K(106368K)->104713K(106368K) NonClass: 90674K(91584K)->90674K(91584K) Class: 14039K(14784K)->14039K(14784K)
[64.477s][info][gc             ] GC(112) Pause Young (System.gc()) 1220M->63M(4066M) 0.592ms
[64.477s][info][gc,cpu         ] GC(112) User=0.00s Sys=0.00s Real=0.00s
[64.477s][info][gc,start       ] GC(113) Pause Full (System.gc())
[64.477s][info][gc,phases,start] GC(113) Marking Phase
[64.502s][info][gc,phases      ] GC(113) Marking Phase 24.929ms
[64.502s][info][gc,phases,start] GC(113) Summary Phase
[64.502s][info][gc,phases      ] GC(113) Summary Phase 0.010ms
[64.502s][info][gc,phases,start] GC(113) Adjust Roots
[64.511s][info][gc,phases      ] GC(113) Adjust Roots 9.184ms
[64.511s][info][gc,phases,start] GC(113) Compaction Phase
[64.517s][info][gc,phases      ] GC(113) Compaction Phase 5.422ms
[64.517s][info][gc,phases,start] GC(113) Post Compact
[64.518s][info][gc,phases      ] GC(113) Post Compact 0.985ms
[64.518s][info][gc,heap        ] GC(113) PSYoungGen: 288K(1367552K)->0K(1367552K) Eden: 0K(1336320K)->0K(1336320K) From: 288K(31232K)->0K(31232K)
[64.518s][info][gc,heap        ] GC(113) ParOldGen: 64545K(2796544K)->64545K(2796544K)
[64.518s][info][gc,metaspace   ] GC(113) Metaspace: 104713K(106368K)->104713K(106368K) NonClass: 90674K(91584K)->90674K(91584K) Class: 14039K(14784K)->14039K(14784K)
[64.518s][info][gc             ] GC(113) Pause Full (System.gc()) 63M->63M(4066M) 40.832ms
[64.518s][info][gc,cpu         ] GC(113) User=0.00s Sys=0.00s Real=0.05s
[65.336s][info][gc,start       ] GC(114) Pause Young (Allocation Failure)
[65.345s][info][gc,heap        ] GC(114) PSYoungGen: 1336320K(1367552K)->15360K(1366528K) Eden: 1336320K(1336320K)->0K(1336320K) From: 0K(31232K)->15360K(30208K)
[65.345s][info][gc,heap        ] GC(114) ParOldGen: 64545K(2796544K)->64545K(2796544K)
[65.345s][info][gc,metaspace   ] GC(114) Metaspace: 104713K(106368K)->104713K(106368K) NonClass: 90674K(91584K)->90674K(91584K) Class: 14039K(14784K)->14039K(14784K)
[65.345s][info][gc             ] GC(114) Pause Young (Allocation Failure) 1368M->78M(4065M) 8.455ms
[65.345s][info][gc,cpu         ] GC(114) User=0.00s Sys=0.00s Real=0.00s
[65.886s][info][gc,start       ] GC(115) Pause Young (System.gc())
[65.887s][info][gc,heap        ] GC(115) PSYoungGen: 1192693K(1366528K)->288K(1367552K) Eden: 1177333K(1336320K)->0K(1336832K) From: 15360K(30208K)->288K(30720K)
[65.887s][info][gc,heap        ] GC(115) ParOldGen: 64545K(2796544K)->64545K(2796544K)
[65.887s][info][gc,metaspace   ] GC(115) Metaspace: 104713K(106368K)->104713K(106368K) NonClass: 90674K(91584K)->90674K(91584K) Class: 14039K(14784K)->14039K(14784K)
[65.887s][info][gc             ] GC(115) Pause Young (System.gc()) 1227M->63M(4066M) 0.510ms
[65.887s][info][gc,cpu         ] GC(115) User=0.00s Sys=0.00s Real=0.00s
[65.887s][info][gc,start       ] GC(116) Pause Full (System.gc())
[65.887s][info][gc,phases,start] GC(116) Marking Phase
[65.912s][info][gc,phases      ] GC(116) Marking Phase 25.270ms
[65.912s][info][gc,phases,start] GC(116) Summary Phase
[65.912s][info][gc,phases      ] GC(116) Summary Phase 0.009ms
[65.912s][info][gc,phases,start] GC(116) Adjust Roots
[65.921s][info][gc,phases      ] GC(116) Adjust Roots 8.409ms
[65.921s][info][gc,phases,start] GC(116) Compaction Phase
[65.926s][info][gc,phases      ] GC(116) Compaction Phase 5.464ms
[65.926s][info][gc,phases,start] GC(116) Post Compact
[65.927s][info][gc,phases      ] GC(116) Post Compact 0.885ms
[65.927s][info][gc,heap        ] GC(116) PSYoungGen: 288K(1367552K)->0K(1367552K) Eden: 0K(1336832K)->0K(1336832K) From: 288K(30720K)->0K(30720K)
[65.927s][info][gc,heap        ] GC(116) ParOldGen: 64545K(2796544K)->64547K(2796544K)
[65.927s][info][gc,metaspace   ] GC(116) Metaspace: 104713K(106368K)->104713K(106368K) NonClass: 90674K(91584K)->90674K(91584K) Class: 14039K(14784K)->14039K(14784K)
[65.927s][info][gc             ] GC(116) Pause Full (System.gc()) 63M->63M(4066M) 40.313ms
[65.927s][info][gc,cpu         ] GC(116) User=0.00s Sys=0.00s Real=0.03s
[66.744s][info][gc,start       ] GC(117) Pause Young (Allocation Failure)
[66.753s][info][gc,heap        ] GC(117) PSYoungGen: 1336832K(1367552K)->15392K(1367040K) Eden: 1336832K(1336832K)->0K(1336832K) From: 0K(30720K)->15392K(30208K)
[66.753s][info][gc,heap        ] GC(117) ParOldGen: 64547K(2796544K)->64547K(2796544K)
[66.753s][info][gc,metaspace   ] GC(117) Metaspace: 104714K(106368K)->104714K(106368K) NonClass: 90675K(91584K)->90675K(91584K) Class: 14039K(14784K)->14039K(14784K)
[66.753s][info][gc             ] GC(117) Pause Young (Allocation Failure) 1368M->78M(4066M) 8.536ms
[66.753s][info][gc,cpu         ] GC(117) User=0.02s Sys=0.00s Real=0.02s
[67.306s][info][gc,start       ] GC(118) Pause Young (System.gc())
[67.307s][info][gc,heap        ] GC(118) PSYoungGen: 1186295K(1367040K)->352K(1368064K) Eden: 1170903K(1336832K)->0K(1337344K) From: 15392K(30208K)->352K(30720K)
[67.307s][info][gc,heap        ] GC(118) ParOldGen: 64547K(2796544K)->64547K(2796544K)
[67.307s][info][gc,metaspace   ] GC(118) Metaspace: 104717K(106368K)->104717K(106368K) NonClass: 90678K(91584K)->90678K(91584K) Class: 14039K(14784K)->14039K(14784K)
[67.307s][info][gc             ] GC(118) Pause Young (System.gc()) 1221M->63M(4067M) 0.601ms
[67.307s][info][gc,cpu         ] GC(118) User=0.00s Sys=0.00s Real=0.00s
[67.307s][info][gc,start       ] GC(119) Pause Full (System.gc())
[67.307s][info][gc,phases,start] GC(119) Marking Phase
[67.332s][info][gc,phases      ] GC(119) Marking Phase 25.420ms
[67.332s][info][gc,phases,start] GC(119) Summary Phase
[67.332s][info][gc,phases      ] GC(119) Summary Phase 0.010ms
[67.332s][info][gc,phases,start] GC(119) Adjust Roots
[67.341s][info][gc,phases      ] GC(119) Adjust Roots 8.431ms
[67.341s][info][gc,phases,start] GC(119) Compaction Phase
[67.347s][info][gc,phases      ] GC(119) Compaction Phase 5.767ms
[67.347s][info][gc,phases,start] GC(119) Post Compact
[67.348s][info][gc,phases      ] GC(119) Post Compact 0.878ms
[67.348s][info][gc,heap        ] GC(119) PSYoungGen: 352K(1368064K)->0K(1368064K) Eden: 0K(1337344K)->0K(1337344K) From: 352K(30720K)->0K(30720K)
[67.348s][info][gc,heap        ] GC(119) ParOldGen: 64547K(2796544K)->64547K(2796544K)
[67.348s][info][gc,metaspace   ] GC(119) Metaspace: 104717K(106368K)->104717K(106368K) NonClass: 90678K(91584K)->90678K(91584K) Class: 14039K(14784K)->14039K(14784K)
[67.348s][info][gc             ] GC(119) Pause Full (System.gc()) 63M->63M(4067M) 40.792ms
[67.348s][info][gc,cpu         ] GC(119) User=0.05s Sys=0.00s Real=0.05s
[68.160s][info][gc,start       ] GC(120) Pause Young (Allocation Failure)
[68.168s][info][gc,heap        ] GC(120) PSYoungGen: 1337344K(1368064K)->15040K(1367040K) Eden: 1337344K(1337344K)->0K(1337344K) From: 0K(30720K)->15040K(29696K)
[68.168s][info][gc,heap        ] GC(120) ParOldGen: 64547K(2796544K)->64547K(2796544K)
[68.168s][info][gc,metaspace   ] GC(120) Metaspace: 104717K(106368K)->104717K(106368K) NonClass: 90678K(91584K)->90678K(91584K) Class: 14039K(14784K)->14039K(14784K)
[68.168s][info][gc             ] GC(120) Pause Young (Allocation Failure) 1369M->77M(4066M) 8.337ms
[68.168s][info][gc,cpu         ] GC(120) User=0.02s Sys=0.00s Real=0.01s
[68.710s][info][gc,start       ] GC(121) Pause Young (System.gc())
[68.710s][info][gc,heap        ] GC(121) PSYoungGen: 1204571K(1367040K)->288K(1368064K) Eden: 1189531K(1337344K)->0K(1337344K) From: 15040K(29696K)->288K(30720K)
[68.710s][info][gc,heap        ] GC(121) ParOldGen: 64547K(2796544K)->64547K(2796544K)
[68.710s][info][gc,metaspace   ] GC(121) Metaspace: 104717K(106368K)->104717K(106368K) NonClass: 90678K(91584K)->90678K(91584K) Class: 14039K(14784K)->14039K(14784K)
[68.710s][info][gc             ] GC(121) Pause Young (System.gc()) 1239M->63M(4067M) 0.700ms
[68.710s][info][gc,cpu         ] GC(121) User=0.00s Sys=0.00s Real=0.00s
[68.710s][info][gc,start       ] GC(122) Pause Full (System.gc())
[68.710s][info][gc,phases,start] GC(122) Marking Phase
[68.737s][info][gc,phases      ] GC(122) Marking Phase 26.688ms
[68.737s][info][gc,phases,start] GC(122) Summary Phase
[68.737s][info][gc,phases      ] GC(122) Summary Phase 0.012ms
[68.737s][info][gc,phases,start] GC(122) Adjust Roots
[68.746s][info][gc,phases      ] GC(122) Adjust Roots 8.373ms
[68.746s][info][gc,phases,start] GC(122) Compaction Phase
[68.757s][info][gc,phases      ] GC(122) Compaction Phase 11.468ms
[68.757s][info][gc,phases,start] GC(122) Post Compact
[68.758s][info][gc,phases      ] GC(122) Post Compact 0.718ms
[68.758s][info][gc,heap        ] GC(122) PSYoungGen: 288K(1368064K)->0K(1368064K) Eden: 0K(1337344K)->0K(1337344K) From: 288K(30720K)->0K(30720K)
[68.758s][info][gc,heap        ] GC(122) ParOldGen: 64547K(2796544K)->64547K(2796544K)
[68.758s][info][gc,metaspace   ] GC(122) Metaspace: 104717K(106368K)->104717K(106368K) NonClass: 90678K(91584K)->90678K(91584K) Class: 14039K(14784K)->14039K(14784K)
[68.758s][info][gc             ] GC(122) Pause Full (System.gc()) 63M->63M(4067M) 47.573ms
[68.758s][info][gc,cpu         ] GC(122) User=0.05s Sys=0.00s Real=0.06s
[69.573s][info][gc,start       ] GC(123) Pause Young (Allocation Failure)
[69.581s][info][gc,heap        ] GC(123) PSYoungGen: 1337344K(1368064K)->15136K(1367040K) Eden: 1337344K(1337344K)->0K(1337344K) From: 0K(30720K)->15136K(29696K)
[69.581s][info][gc,heap        ] GC(123) ParOldGen: 64547K(2796544K)->64547K(2796544K)
[69.581s][info][gc,metaspace   ] GC(123) Metaspace: 104720K(106368K)->104720K(106368K) NonClass: 90681K(91584K)->90681K(91584K) Class: 14039K(14784K)->14039K(14784K)
[69.581s][info][gc             ] GC(123) Pause Young (Allocation Failure) 1369M->77M(4066M) 8.490ms
[69.581s][info][gc,cpu         ] GC(123) User=0.02s Sys=0.00s Real=0.02s
[70.128s][info][gc,start       ] GC(124) Pause Young (System.gc())
[70.128s][info][gc,heap        ] GC(124) PSYoungGen: 1204606K(1367040K)->320K(1368064K) Eden: 1189470K(1337344K)->0K(1337856K) From: 15136K(29696K)->320K(30208K)
[70.128s][info][gc,heap        ] GC(124) ParOldGen: 64547K(2796544K)->64547K(2796544K)
[70.128s][info][gc,metaspace   ] GC(124) Metaspace: 104721K(106368K)->104721K(106368K) NonClass: 90682K(91584K)->90682K(91584K) Class: 14039K(14784K)->14039K(14784K)
[70.128s][info][gc             ] GC(124) Pause Young (System.gc()) 1239M->63M(4067M) 0.540ms
[70.128s][info][gc,cpu         ] GC(124) User=0.00s Sys=0.00s Real=0.00s
[70.128s][info][gc,start       ] GC(125) Pause Full (System.gc())
[70.128s][info][gc,phases,start] GC(125) Marking Phase
[70.154s][info][gc,phases      ] GC(125) Marking Phase 26.339ms
[70.155s][info][gc,phases,start] GC(125) Summary Phase
[70.155s][info][gc,phases      ] GC(125) Summary Phase 0.010ms
[70.155s][info][gc,phases,start] GC(125) Adjust Roots
[70.164s][info][gc,phases      ] GC(125) Adjust Roots 9.009ms
[70.164s][info][gc,phases,start] GC(125) Compaction Phase
[70.175s][info][gc,phases      ] GC(125) Compaction Phase 10.986ms
[70.175s][info][gc,phases,start] GC(125) Post Compact
[70.175s][info][gc,phases      ] GC(125) Post Compact 0.727ms
[70.175s][info][gc,heap        ] GC(125) PSYoungGen: 320K(1368064K)->0K(1368064K) Eden: 0K(1337856K)->0K(1337856K) From: 320K(30208K)->0K(30208K)
[70.175s][info][gc,heap        ] GC(125) ParOldGen: 64547K(2796544K)->64545K(2796544K)
[70.175s][info][gc,metaspace   ] GC(125) Metaspace: 104721K(106368K)->104721K(106368K) NonClass: 90682K(91584K)->90682K(91584K) Class: 14039K(14784K)->14039K(14784K)
[70.176s][info][gc             ] GC(125) Pause Full (System.gc()) 63M->63M(4067M) 47.372ms
[70.176s][info][gc,cpu         ] GC(125) User=0.03s Sys=0.00s Real=0.05s
[71.026s][info][gc,start       ] GC(126) Pause Young (Allocation Failure)
[71.036s][info][gc,heap        ] GC(126) PSYoungGen: 1337856K(1368064K)->15552K(1367552K) Eden: 1337856K(1337856K)->0K(1337856K) From: 0K(30208K)->15552K(29696K)
[71.036s][info][gc,heap        ] GC(126) ParOldGen: 64545K(2796544K)->64545K(2796544K)
[71.036s][info][gc,metaspace   ] GC(126) Metaspace: 104722K(106368K)->104722K(106368K) NonClass: 90683K(91584K)->90683K(91584K) Class: 14039K(14784K)->14039K(14784K)
[71.036s][info][gc             ] GC(126) Pause Young (Allocation Failure) 1369M->78M(4066M) 9.472ms
[71.036s][info][gc,cpu         ] GC(126) User=0.00s Sys=0.00s Real=0.00s
[71.579s][info][gc,start       ] GC(127) Pause Young (System.gc())
[71.579s][info][gc,heap        ] GC(127) PSYoungGen: 1188665K(1367552K)->352K(1368064K) Eden: 1173113K(1337856K)->0K(1337856K) From: 15552K(29696K)->352K(30208K)
[71.579s][info][gc,heap        ] GC(127) ParOldGen: 64545K(2796544K)->64545K(2796544K)
[71.579s][info][gc,metaspace   ] GC(127) Metaspace: 104724K(106368K)->104724K(106368K) NonClass: 90685K(91584K)->90685K(91584K) Class: 14039K(14784K)->14039K(14784K)
[71.579s][info][gc             ] GC(127) Pause Young (System.gc()) 1223M->63M(4067M) 0.531ms
[71.579s][info][gc,cpu         ] GC(127) User=0.00s Sys=0.00s Real=0.00s
[71.579s][info][gc,start       ] GC(128) Pause Full (System.gc())
[71.579s][info][gc,phases,start] GC(128) Marking Phase
[71.605s][info][gc,phases      ] GC(128) Marking Phase 26.054ms
[71.605s][info][gc,phases,start] GC(128) Summary Phase
[71.605s][info][gc,phases      ] GC(128) Summary Phase 0.009ms
[71.605s][info][gc,phases,start] GC(128) Adjust Roots
[71.614s][info][gc,phases      ] GC(128) Adjust Roots 8.477ms
[71.614s][info][gc,phases,start] GC(128) Compaction Phase
[71.620s][info][gc,phases      ] GC(128) Compaction Phase 5.797ms
[71.620s][info][gc,phases,start] GC(128) Post Compact
[71.621s][info][gc,phases      ] GC(128) Post Compact 0.788ms
[71.621s][info][gc,heap        ] GC(128) PSYoungGen: 352K(1368064K)->0K(1368064K) Eden: 0K(1337856K)->0K(1337856K) From: 352K(30208K)->0K(30208K)
[71.621s][info][gc,heap        ] GC(128) ParOldGen: 64545K(2796544K)->64545K(2796544K)
[71.621s][info][gc,metaspace   ] GC(128) Metaspace: 104724K(106368K)->104724K(106368K) NonClass: 90685K(91584K)->90685K(91584K) Class: 14039K(14784K)->14039K(14784K)
[71.621s][info][gc             ] GC(128) Pause Full (System.gc()) 63M->63M(4067M) 41.414ms
[71.621s][info][gc,cpu         ] GC(128) User=0.03s Sys=0.00s Real=0.05s
[72.467s][info][gc,start       ] GC(129) Pause Young (Allocation Failure)
[72.475s][info][gc,heap        ] GC(129) PSYoungGen: 1337856K(1368064K)->15616K(1367552K) Eden: 1337856K(1337856K)->0K(1337856K) From: 0K(30208K)->15616K(29696K)
[72.475s][info][gc,heap        ] GC(129) ParOldGen: 64545K(2796544K)->64545K(2796544K)
[72.475s][info][gc,metaspace   ] GC(129) Metaspace: 104724K(106368K)->104724K(106368K) NonClass: 90685K(91584K)->90685K(91584K) Class: 14039K(14784K)->14039K(14784K)
[72.475s][info][gc             ] GC(129) Pause Young (Allocation Failure) 1369M->78M(4066M) 8.493ms
[72.475s][info][gc,cpu         ] GC(129) User=0.00s Sys=0.00s Real=0.01s
[73.008s][info][gc,start       ] GC(130) Pause Young (System.gc())
[73.009s][info][gc,heap        ] GC(130) PSYoungGen: 1194837K(1367552K)->352K(1368064K) Eden: 1179221K(1337856K)->0K(1337856K) From: 15616K(29696K)->352K(30208K)
[73.009s][info][gc,heap        ] GC(130) ParOldGen: 64545K(2796544K)->64545K(2796544K)
[73.009s][info][gc,metaspace   ] GC(130) Metaspace: 104733K(106432K)->104733K(106432K) NonClass: 90694K(91648K)->90694K(91648K) Class: 14039K(14784K)->14039K(14784K)
[73.009s][info][gc             ] GC(130) Pause Young (System.gc()) 1229M->63M(4067M) 0.725ms
[73.009s][info][gc,cpu         ] GC(130) User=0.00s Sys=0.00s Real=0.00s
[73.009s][info][gc,start       ] GC(131) Pause Full (System.gc())
[73.009s][info][gc,phases,start] GC(131) Marking Phase
[73.035s][info][gc,phases      ] GC(131) Marking Phase 25.751ms
[73.035s][info][gc,phases,start] GC(131) Summary Phase
[73.035s][info][gc,phases      ] GC(131) Summary Phase 0.010ms
[73.035s][info][gc,phases,start] GC(131) Adjust Roots
[73.043s][info][gc,phases      ] GC(131) Adjust Roots 8.441ms
[73.043s][info][gc,phases,start] GC(131) Compaction Phase
[73.049s][info][gc,phases      ] GC(131) Compaction Phase 6.169ms
[73.049s][info][gc,phases,start] GC(131) Post Compact
[73.050s][info][gc,phases      ] GC(131) Post Compact 0.834ms
[73.050s][info][gc,heap        ] GC(131) PSYoungGen: 352K(1368064K)->0K(1368064K) Eden: 0K(1337856K)->0K(1337856K) From: 352K(30208K)->0K(30208K)
[73.050s][info][gc,heap        ] GC(131) ParOldGen: 64545K(2796544K)->64545K(2796544K)
[73.050s][info][gc,metaspace   ] GC(131) Metaspace: 104733K(106432K)->104733K(106432K) NonClass: 90694K(91648K)->90694K(91648K) Class: 14039K(14784K)->14039K(14784K)
[73.050s][info][gc             ] GC(131) Pause Full (System.gc()) 63M->63M(4067M) 41.527ms
[73.050s][info][gc,cpu         ] GC(131) User=0.00s Sys=0.00s Real=0.03s
[73.889s][info][gc,start       ] GC(132) Pause Young (Allocation Failure)
[73.898s][info][gc,heap        ] GC(132) PSYoungGen: 1337856K(1368064K)->15328K(1367552K) Eden: 1337856K(1337856K)->0K(1337856K) From: 0K(30208K)->15328K(29696K)
[73.898s][info][gc,heap        ] GC(132) ParOldGen: 64545K(2796544K)->64545K(2796544K)
[73.898s][info][gc,metaspace   ] GC(132) Metaspace: 104734K(106432K)->104734K(106432K) NonClass: 90695K(91648K)->90695K(91648K) Class: 14039K(14784K)->14039K(14784K)
[73.898s][info][gc             ] GC(132) Pause Young (Allocation Failure) 1369M->78M(4066M) 8.243ms
[73.898s][info][gc,cpu         ] GC(132) User=0.00s Sys=0.00s Real=0.00s
[74.447s][info][gc,start       ] GC(133) Pause Young (System.gc())
[74.448s][info][gc,heap        ] GC(133) PSYoungGen: 1194213K(1367552K)->352K(1368576K) Eden: 1178885K(1337856K)->0K(1338368K) From: 15328K(29696K)->352K(30208K)
[74.448s][info][gc,heap        ] GC(133) ParOldGen: 64545K(2796544K)->64545K(2796544K)
[74.448s][info][gc,metaspace   ] GC(133) Metaspace: 104734K(106432K)->104734K(106432K) NonClass: 90695K(91648K)->90695K(91648K) Class: 14039K(14784K)->14039K(14784K)
[74.448s][info][gc             ] GC(133) Pause Young (System.gc()) 1229M->63M(4067M) 0.555ms
[74.448s][info][gc,cpu         ] GC(133) User=0.00s Sys=0.00s Real=0.00s
[74.448s][info][gc,start       ] GC(134) Pause Full (System.gc())
[74.448s][info][gc,phases,start] GC(134) Marking Phase
[74.473s][info][gc,phases      ] GC(134) Marking Phase 24.916ms
[74.473s][info][gc,phases,start] GC(134) Summary Phase
[74.473s][info][gc,phases      ] GC(134) Summary Phase 0.009ms
[74.473s][info][gc,phases,start] GC(134) Adjust Roots
[74.481s][info][gc,phases      ] GC(134) Adjust Roots 8.400ms
[74.481s][info][gc,phases,start] GC(134) Compaction Phase
[74.488s][info][gc,phases      ] GC(134) Compaction Phase 6.192ms
[74.488s][info][gc,phases,start] GC(134) Post Compact
[74.489s][info][gc,phases      ] GC(134) Post Compact 0.807ms
[74.489s][info][gc,heap        ] GC(134) PSYoungGen: 352K(1368576K)->0K(1368576K) Eden: 0K(1338368K)->0K(1338368K) From: 352K(30208K)->0K(30208K)
[74.489s][info][gc,heap        ] GC(134) ParOldGen: 64545K(2796544K)->64545K(2796544K)
[74.489s][info][gc,metaspace   ] GC(134) Metaspace: 104734K(106432K)->104734K(106432K) NonClass: 90695K(91648K)->90695K(91648K) Class: 14039K(14784K)->14039K(14784K)
[74.489s][info][gc             ] GC(134) Pause Full (System.gc()) 63M->63M(4067M) 40.601ms
[74.489s][info][gc,cpu         ] GC(134) User=0.02s Sys=0.00s Real=0.05s
[75.322s][info][gc,start       ] GC(135) Pause Young (Allocation Failure)
[75.331s][info][gc,heap        ] GC(135) PSYoungGen: 1338368K(1368576K)->15520K(1367552K) Eden: 1338368K(1338368K)->0K(1338368K) From: 0K(30208K)->15520K(29184K)
[75.331s][info][gc,heap        ] GC(135) ParOldGen: 64545K(2796544K)->64545K(2796544K)
[75.331s][info][gc,metaspace   ] GC(135) Metaspace: 104735K(106432K)->104735K(106432K) NonClass: 90696K(91648K)->90696K(91648K) Class: 14039K(14784K)->14039K(14784K)
[75.331s][info][gc             ] GC(135) Pause Young (Allocation Failure) 1370M->78M(4066M) 8.363ms
[75.331s][info][gc,cpu         ] GC(135) User=0.00s Sys=0.00s Real=0.00s
[75.870s][info][gc,start       ] GC(136) Pause Young (System.gc())
[75.871s][info][gc,heap        ] GC(136) PSYoungGen: 1194699K(1367552K)->320K(1368576K) Eden: 1179179K(1338368K)->0K(1338368K) From: 15520K(29184K)->320K(30208K)
[75.871s][info][gc,heap        ] GC(136) ParOldGen: 64545K(2796544K)->64545K(2796544K)
[75.871s][info][gc,metaspace   ] GC(136) Metaspace: 104735K(106432K)->104735K(106432K) NonClass: 90696K(91648K)->90696K(91648K) Class: 14039K(14784K)->14039K(14784K)
[75.871s][info][gc             ] GC(136) Pause Young (System.gc()) 1229M->63M(4067M) 0.600ms
[75.871s][info][gc,cpu         ] GC(136) User=0.00s Sys=0.00s Real=0.00s
[75.871s][info][gc,start       ] GC(137) Pause Full (System.gc())
[75.871s][info][gc,phases,start] GC(137) Marking Phase
[75.896s][info][gc,phases      ] GC(137) Marking Phase 24.768ms
[75.896s][info][gc,phases,start] GC(137) Summary Phase
[75.896s][info][gc,phases      ] GC(137) Summary Phase 0.009ms
[75.896s][info][gc,phases,start] GC(137) Adjust Roots
[75.904s][info][gc,phases      ] GC(137) Adjust Roots 8.782ms
[75.904s][info][gc,phases,start] GC(137) Compaction Phase
[75.910s][info][gc,phases      ] GC(137) Compaction Phase 5.883ms
[75.910s][info][gc,phases,start] GC(137) Post Compact
[75.911s][info][gc,phases      ] GC(137) Post Compact 0.911ms
[75.911s][info][gc,heap        ] GC(137) PSYoungGen: 320K(1368576K)->0K(1368576K) Eden: 0K(1338368K)->0K(1338368K) From: 320K(30208K)->0K(30208K)
[75.911s][info][gc,heap        ] GC(137) ParOldGen: 64545K(2796544K)->64545K(2796544K)
[75.911s][info][gc,metaspace   ] GC(137) Metaspace: 104735K(106432K)->104735K(106432K) NonClass: 90696K(91648K)->90696K(91648K) Class: 14039K(14784K)->14039K(14784K)
[75.911s][info][gc             ] GC(137) Pause Full (System.gc()) 63M->63M(4067M) 40.626ms
[75.911s][info][gc,cpu         ] GC(137) User=0.02s Sys=0.00s Real=0.03s
[76.757s][info][gc,start       ] GC(138) Pause Young (Allocation Failure)
[76.765s][info][gc,heap        ] GC(138) PSYoungGen: 1338368K(1368576K)->15296K(1367552K) Eden: 1338368K(1338368K)->0K(1338368K) From: 0K(30208K)->15296K(29184K)
[76.765s][info][gc,heap        ] GC(138) ParOldGen: 64545K(2796544K)->64545K(2796544K)
[76.765s][info][gc,metaspace   ] GC(138) Metaspace: 104736K(106432K)->104736K(106432K) NonClass: 90697K(91648K)->90697K(91648K) Class: 14039K(14784K)->14039K(14784K)
[76.765s][info][gc             ] GC(138) Pause Young (Allocation Failure) 1370M->77M(4066M) 8.454ms
[76.765s][info][gc,cpu         ] GC(138) User=0.02s Sys=0.00s Real=0.02s
[77.322s][info][gc,start       ] GC(139) Pause Young (System.gc())
[77.323s][info][gc,heap        ] GC(139) PSYoungGen: 1195167K(1367552K)->320K(1368576K) Eden: 1179871K(1338368K)->0K(1338368K) From: 15296K(29184K)->320K(30208K)
[77.323s][info][gc,heap        ] GC(139) ParOldGen: 64545K(2796544K)->64545K(2796544K)
[77.323s][info][gc,metaspace   ] GC(139) Metaspace: 104736K(106432K)->104736K(106432K) NonClass: 90697K(91648K)->90697K(91648K) Class: 14039K(14784K)->14039K(14784K)
[77.323s][info][gc             ] GC(139) Pause Young (System.gc()) 1230M->63M(4067M) 0.790ms
[77.323s][info][gc,cpu         ] GC(139) User=0.00s Sys=0.00s Real=0.00s
[77.323s][info][gc,start       ] GC(140) Pause Full (System.gc())
[77.323s][info][gc,phases,start] GC(140) Marking Phase
[77.349s][info][gc,phases      ] GC(140) Marking Phase 25.934ms
[77.349s][info][gc,phases,start] GC(140) Summary Phase
[77.349s][info][gc,phases      ] GC(140) Summary Phase 0.010ms
[77.349s][info][gc,phases,start] GC(140) Adjust Roots
[77.357s][info][gc,phases      ] GC(140) Adjust Roots 8.529ms
[77.357s][info][gc,phases,start] GC(140) Compaction Phase
[77.364s][info][gc,phases      ] GC(140) Compaction Phase 6.713ms
[77.364s][info][gc,phases,start] GC(140) Post Compact
[77.365s][info][gc,phases      ] GC(140) Post Compact 0.815ms
[77.365s][info][gc,heap        ] GC(140) PSYoungGen: 320K(1368576K)->0K(1368576K) Eden: 0K(1338368K)->0K(1338368K) From: 320K(30208K)->0K(30208K)
[77.365s][info][gc,heap        ] GC(140) ParOldGen: 64545K(2796544K)->64545K(2796544K)
[77.365s][info][gc,metaspace   ] GC(140) Metaspace: 104736K(106432K)->104736K(106432K) NonClass: 90697K(91648K)->90697K(91648K) Class: 14039K(14784K)->14039K(14784K)
[77.365s][info][gc             ] GC(140) Pause Full (System.gc()) 63M->63M(4067M) 42.293ms
[77.365s][info][gc,cpu         ] GC(140) User=0.05s Sys=0.00s Real=0.05s
[78.224s][info][gc,start       ] GC(141) Pause Young (Allocation Failure)
[78.233s][info][gc,heap        ] GC(141) PSYoungGen: 1338368K(1368576K)->15584K(1367552K) Eden: 1338368K(1338368K)->0K(1338368K) From: 0K(30208K)->15584K(29184K)
[78.233s][info][gc,heap        ] GC(141) ParOldGen: 64545K(2796544K)->64545K(2796544K)
[78.233s][info][gc,metaspace   ] GC(141) Metaspace: 104744K(106432K)->104744K(106432K) NonClass: 90705K(91648K)->90705K(91648K) Class: 14039K(14784K)->14039K(14784K)
[78.233s][info][gc             ] GC(141) Pause Young (Allocation Failure) 1370M->78M(4066M) 8.515ms
[78.233s][info][gc,cpu         ] GC(141) User=0.02s Sys=0.00s Real=0.02s
[78.771s][info][gc,start       ] GC(142) Pause Young (System.gc())
[78.772s][info][gc,heap        ] GC(142) PSYoungGen: 1186256K(1367552K)->352K(1368576K) Eden: 1170672K(1338368K)->0K(1338368K) From: 15584K(29184K)->352K(30208K)
[78.772s][info][gc,heap        ] GC(142) ParOldGen: 64545K(2796544K)->64545K(2796544K)
[78.772s][info][gc,metaspace   ] GC(142) Metaspace: 104744K(106432K)->104744K(106432K) NonClass: 90705K(91648K)->90705K(91648K) Class: 14039K(14784K)->14039K(14784K)
[78.772s][info][gc             ] GC(142) Pause Young (System.gc()) 1221M->63M(4067M) 0.777ms
[78.772s][info][gc,cpu         ] GC(142) User=0.00s Sys=0.00s Real=0.00s
[78.772s][info][gc,start       ] GC(143) Pause Full (System.gc())
[78.772s][info][gc,phases,start] GC(143) Marking Phase
[78.798s][info][gc,phases      ] GC(143) Marking Phase 26.026ms
[78.798s][info][gc,phases,start] GC(143) Summary Phase
[78.798s][info][gc,phases      ] GC(143) Summary Phase 0.009ms
[78.798s][info][gc,phases,start] GC(143) Adjust Roots
[78.806s][info][gc,phases      ] GC(143) Adjust Roots 8.146ms
[78.806s][info][gc,phases,start] GC(143) Compaction Phase
[78.813s][info][gc,phases      ] GC(143) Compaction Phase 7.137ms
[78.813s][info][gc,phases,start] GC(143) Post Compact
[78.815s][info][gc,phases      ] GC(143) Post Compact 1.083ms
[78.815s][info][gc,heap        ] GC(143) PSYoungGen: 352K(1368576K)->0K(1368576K) Eden: 0K(1338368K)->0K(1338368K) From: 352K(30208K)->0K(30208K)
[78.815s][info][gc,heap        ] GC(143) ParOldGen: 64545K(2796544K)->64546K(2796544K)
[78.815s][info][gc,metaspace   ] GC(143) Metaspace: 104744K(106432K)->104744K(106432K) NonClass: 90705K(91648K)->90705K(91648K) Class: 14039K(14784K)->14039K(14784K)
[78.815s][info][gc             ] GC(143) Pause Full (System.gc()) 63M->63M(4067M) 42.704ms
[78.815s][info][gc,cpu         ] GC(143) User=0.02s Sys=0.00s Real=0.05s
[79.665s][info][gc,start       ] GC(144) Pause Young (Allocation Failure)
[79.674s][info][gc,heap        ] GC(144) PSYoungGen: 1338368K(1368576K)->15296K(1367552K) Eden: 1338368K(1338368K)->0K(1338368K) From: 0K(30208K)->15296K(29184K)
[79.674s][info][gc,heap        ] GC(144) ParOldGen: 64546K(2796544K)->64546K(2796544K)
[79.674s][info][gc,metaspace   ] GC(144) Metaspace: 104749K(106432K)->104749K(106432K) NonClass: 90710K(91648K)->90710K(91648K) Class: 14039K(14784K)->14039K(14784K)
[79.674s][info][gc             ] GC(144) Pause Young (Allocation Failure) 1370M->77M(4066M) 8.329ms
[79.674s][info][gc,cpu         ] GC(144) User=0.00s Sys=0.00s Real=0.00s
[80.227s][info][gc,start       ] GC(145) Pause Young (System.gc())
[80.228s][info][gc,heap        ] GC(145) PSYoungGen: 1195661K(1367552K)->320K(1368576K) Eden: 1180364K(1338368K)->0K(1338368K) From: 15296K(29184K)->320K(30208K)
[80.228s][info][gc,heap        ] GC(145) ParOldGen: 64546K(2796544K)->64546K(2796544K)
[80.228s][info][gc,metaspace   ] GC(145) Metaspace: 104754K(106432K)->104754K(106432K) NonClass: 90715K(91648K)->90715K(91648K) Class: 14039K(14784K)->14039K(14784K)
[80.228s][info][gc             ] GC(145) Pause Young (System.gc()) 1230M->63M(4067M) 0.593ms
[80.228s][info][gc,cpu         ] GC(145) User=0.00s Sys=0.00s Real=0.00s
[80.228s][info][gc,start       ] GC(146) Pause Full (System.gc())
[80.228s][info][gc,phases,start] GC(146) Marking Phase
[80.254s][info][gc,phases      ] GC(146) Marking Phase 26.048ms
[80.254s][info][gc,phases,start] GC(146) Summary Phase
[80.254s][info][gc,phases      ] GC(146) Summary Phase 0.009ms
[80.254s][info][gc,phases,start] GC(146) Adjust Roots
[80.263s][info][gc,phases      ] GC(146) Adjust Roots 8.760ms
[80.263s][info][gc,phases,start] GC(146) Compaction Phase
[80.274s][info][gc,phases      ] GC(146) Compaction Phase 11.302ms
[80.274s][info][gc,phases,start] GC(146) Post Compact
[80.275s][info][gc,phases      ] GC(146) Post Compact 0.923ms
[80.275s][info][gc,heap        ] GC(146) PSYoungGen: 320K(1368576K)->0K(1368576K) Eden: 0K(1338368K)->0K(1338368K) From: 320K(30208K)->0K(30208K)
[80.275s][info][gc,heap        ] GC(146) ParOldGen: 64546K(2796544K)->64543K(2796544K)
[80.275s][info][gc,metaspace   ] GC(146) Metaspace: 104754K(106432K)->104754K(106432K) NonClass: 90715K(91648K)->90715K(91648K) Class: 14039K(14784K)->14039K(14784K)
[80.275s][info][gc             ] GC(146) Pause Full (System.gc()) 63M->63M(4067M) 47.347ms
[80.275s][info][gc,cpu         ] GC(146) User=0.02s Sys=0.00s Real=0.05s
[81.112s][info][gc,start       ] GC(147) Pause Young (Allocation Failure)
[81.120s][info][gc,heap        ] GC(147) PSYoungGen: 1338368K(1368576K)->15456K(1367552K) Eden: 1338368K(1338368K)->0K(1338368K) From: 0K(30208K)->15456K(29184K)
[81.120s][info][gc,heap        ] GC(147) ParOldGen: 64543K(2796544K)->64543K(2796544K)
[81.120s][info][gc,metaspace   ] GC(147) Metaspace: 104754K(106432K)->104754K(106432K) NonClass: 90715K(91648K)->90715K(91648K) Class: 14039K(14784K)->14039K(14784K)
[81.120s][info][gc             ] GC(147) Pause Young (Allocation Failure) 1370M->78M(4066M) 8.216ms
[81.120s][info][gc,cpu         ] GC(147) User=0.00s Sys=0.00s Real=0.00s
[81.688s][info][gc,start       ] GC(148) Pause Young (System.gc())
[81.688s][info][gc,heap        ] GC(148) PSYoungGen: 1189903K(1367552K)->384K(1368576K) Eden: 1174446K(1338368K)->0K(1338368K) From: 15456K(29184K)->384K(30208K)
[81.689s][info][gc,heap        ] GC(148) ParOldGen: 64543K(2796544K)->64543K(2796544K)
[81.689s][info][gc,metaspace   ] GC(148) Metaspace: 104754K(106432K)->104754K(106432K) NonClass: 90715K(91648K)->90715K(91648K) Class: 14039K(14784K)->14039K(14784K)
[81.689s][info][gc             ] GC(148) Pause Young (System.gc()) 1225M->63M(4067M) 0.597ms
[81.689s][info][gc,cpu         ] GC(148) User=0.00s Sys=0.00s Real=0.00s
[81.689s][info][gc,start       ] GC(149) Pause Full (System.gc())
[81.689s][info][gc,phases,start] GC(149) Marking Phase
[81.715s][info][gc,phases      ] GC(149) Marking Phase 26.474ms
[81.715s][info][gc,phases,start] GC(149) Summary Phase
[81.715s][info][gc,phases      ] GC(149) Summary Phase 0.009ms
[81.715s][info][gc,phases,start] GC(149) Adjust Roots
[81.724s][info][gc,phases      ] GC(149) Adjust Roots 9.245ms
[81.724s][info][gc,phases,start] GC(149) Compaction Phase
[81.730s][info][gc,phases      ] GC(149) Compaction Phase 5.417ms
[81.730s][info][gc,phases,start] GC(149) Post Compact
[81.731s][info][gc,phases      ] GC(149) Post Compact 0.802ms
[81.731s][info][gc,heap        ] GC(149) PSYoungGen: 384K(1368576K)->0K(1368576K) Eden: 0K(1338368K)->0K(1338368K) From: 384K(30208K)->0K(30208K)
[81.731s][info][gc,heap        ] GC(149) ParOldGen: 64543K(2796544K)->64544K(2796544K)
[81.731s][info][gc,metaspace   ] GC(149) Metaspace: 104754K(106432K)->104754K(106432K) NonClass: 90715K(91648K)->90715K(91648K) Class: 14039K(14784K)->14039K(14784K)
[81.731s][info][gc             ] GC(149) Pause Full (System.gc()) 63M->63M(4067M) 42.240ms
[81.731s][info][gc,cpu         ] GC(149) User=0.02s Sys=0.00s Real=0.03s
[82.579s][info][gc,start       ] GC(150) Pause Young (Allocation Failure)
[82.587s][info][gc,heap        ] GC(150) PSYoungGen: 1338368K(1368576K)->15584K(1367552K) Eden: 1338368K(1338368K)->0K(1338368K) From: 0K(30208K)->15584K(29184K)
[82.587s][info][gc,heap        ] GC(150) ParOldGen: 64544K(2796544K)->64544K(2796544K)
[82.587s][info][gc,metaspace   ] GC(150) Metaspace: 104754K(106432K)->104754K(106432K) NonClass: 90715K(91648K)->90715K(91648K) Class: 14039K(14784K)->14039K(14784K)
[82.587s][info][gc             ] GC(150) Pause Young (Allocation Failure) 1370M->78M(4066M) 8.708ms
[82.587s][info][gc,cpu         ] GC(150) User=0.02s Sys=0.00s Real=0.02s
[83.161s][info][gc,start       ] GC(151) Pause Young (System.gc())
[83.162s][info][gc,heap        ] GC(151) PSYoungGen: 1195390K(1367552K)->352K(1368576K) Eden: 1179806K(1338368K)->0K(1338368K) From: 15584K(29184K)->352K(30208K)
[83.162s][info][gc,heap        ] GC(151) ParOldGen: 64544K(2796544K)->64544K(2796544K)
[83.162s][info][gc,metaspace   ] GC(151) Metaspace: 104757K(106432K)->104757K(106432K) NonClass: 90718K(91648K)->90718K(91648K) Class: 14039K(14784K)->14039K(14784K)
[83.162s][info][gc             ] GC(151) Pause Young (System.gc()) 1230M->63M(4067M) 0.660ms
[83.162s][info][gc,cpu         ] GC(151) User=0.00s Sys=0.00s Real=0.00s
[83.162s][info][gc,start       ] GC(152) Pause Full (System.gc())
[83.162s][info][gc,phases,start] GC(152) Marking Phase
[83.188s][info][gc,phases      ] GC(152) Marking Phase 26.397ms
[83.189s][info][gc,phases,start] GC(152) Summary Phase
[83.189s][info][gc,phases      ] GC(152) Summary Phase 0.010ms
[83.189s][info][gc,phases,start] GC(152) Adjust Roots
[83.197s][info][gc,phases      ] GC(152) Adjust Roots 8.416ms
[83.197s][info][gc,phases,start] GC(152) Compaction Phase
[83.202s][info][gc,phases      ] GC(152) Compaction Phase 5.329ms
[83.202s][info][gc,phases,start] GC(152) Post Compact
[83.203s][info][gc,phases      ] GC(152) Post Compact 0.949ms
[83.203s][info][gc,heap        ] GC(152) PSYoungGen: 352K(1368576K)->0K(1368576K) Eden: 0K(1338368K)->0K(1338368K) From: 352K(30208K)->0K(30208K)
[83.203s][info][gc,heap        ] GC(152) ParOldGen: 64544K(2796544K)->64544K(2796544K)
[83.203s][info][gc,metaspace   ] GC(152) Metaspace: 104757K(106432K)->104757K(106432K) NonClass: 90718K(91648K)->90718K(91648K) Class: 14039K(14784K)->14039K(14784K)
[83.203s][info][gc             ] GC(152) Pause Full (System.gc()) 63M->63M(4067M) 41.369ms
[83.203s][info][gc,cpu         ] GC(152) User=0.02s Sys=0.00s Real=0.05s
[84.032s][info][gc,start       ] GC(153) Pause Young (Allocation Failure)
[84.041s][info][gc,heap        ] GC(153) PSYoungGen: 1338368K(1368576K)->15584K(1367552K) Eden: 1338368K(1338368K)->0K(1338368K) From: 0K(30208K)->15584K(29184K)
[84.041s][info][gc,heap        ] GC(153) ParOldGen: 64544K(2796544K)->64544K(2796544K)
[84.041s][info][gc,metaspace   ] GC(153) Metaspace: 104757K(106432K)->104757K(106432K) NonClass: 90718K(91648K)->90718K(91648K) Class: 14039K(14784K)->14039K(14784K)
[84.041s][info][gc             ] GC(153) Pause Young (Allocation Failure) 1370M->78M(4066M) 8.929ms
[84.041s][info][gc,cpu         ] GC(153) User=0.00s Sys=0.00s Real=0.00s
[84.592s][info][gc,start       ] GC(154) Pause Young (System.gc())
[84.592s][info][gc,heap        ] GC(154) PSYoungGen: 1187121K(1367552K)->352K(1368576K) Eden: 1171537K(1338368K)->0K(1338368K) From: 15584K(29184K)->352K(30208K)
[84.592s][info][gc,heap        ] GC(154) ParOldGen: 64544K(2796544K)->64544K(2796544K)
[84.592s][info][gc,metaspace   ] GC(154) Metaspace: 104757K(106432K)->104757K(106432K) NonClass: 90718K(91648K)->90718K(91648K) Class: 14039K(14784K)->14039K(14784K)
[84.592s][info][gc             ] GC(154) Pause Young (System.gc()) 1222M->63M(4067M) 0.615ms
[84.592s][info][gc,cpu         ] GC(154) User=0.00s Sys=0.00s Real=0.00s
[84.592s][info][gc,start       ] GC(155) Pause Full (System.gc())
[84.592s][info][gc,phases,start] GC(155) Marking Phase
[84.617s][info][gc,phases      ] GC(155) Marking Phase 24.363ms
[84.617s][info][gc,phases,start] GC(155) Summary Phase
[84.617s][info][gc,phases      ] GC(155) Summary Phase 0.010ms
[84.617s][info][gc,phases,start] GC(155) Adjust Roots
[84.626s][info][gc,phases      ] GC(155) Adjust Roots 9.475ms
[84.626s][info][gc,phases,start] GC(155) Compaction Phase
[84.632s][info][gc,phases      ] GC(155) Compaction Phase 5.158ms
[84.632s][info][gc,phases,start] GC(155) Post Compact
[84.632s][info][gc,phases      ] GC(155) Post Compact 0.892ms
[84.632s][info][gc,heap        ] GC(155) PSYoungGen: 352K(1368576K)->0K(1368576K) Eden: 0K(1338368K)->0K(1338368K) From: 352K(30208K)->0K(30208K)
[84.633s][info][gc,heap        ] GC(155) ParOldGen: 64544K(2796544K)->64544K(2796544K)
[84.633s][info][gc,metaspace   ] GC(155) Metaspace: 104757K(106432K)->104757K(106432K) NonClass: 90718K(91648K)->90718K(91648K) Class: 14039K(14784K)->14039K(14784K)
[84.633s][info][gc             ] GC(155) Pause Full (System.gc()) 63M->63M(4067M) 40.173ms
[84.633s][info][gc,cpu         ] GC(155) User=0.00s Sys=0.00s Real=0.03s
[85.459s][info][gc,start       ] GC(156) Pause Young (Allocation Failure)
[85.467s][info][gc,heap        ] GC(156) PSYoungGen: 1338368K(1368576K)->15232K(1367552K) Eden: 1338368K(1338368K)->0K(1338368K) From: 0K(30208K)->15232K(29184K)
[85.467s][info][gc,heap        ] GC(156) ParOldGen: 64544K(2796544K)->64544K(2796544K)
[85.467s][info][gc,metaspace   ] GC(156) Metaspace: 104759K(106432K)->104759K(106432K) NonClass: 90720K(91648K)->90720K(91648K) Class: 14039K(14784K)->14039K(14784K)
[85.467s][info][gc             ] GC(156) Pause Young (Allocation Failure) 1370M->77M(4066M) 8.116ms
[85.467s][info][gc,cpu         ] GC(156) User=0.00s Sys=0.00s Real=0.00s
[86.000s][info][gc,start       ] GC(157) Pause Young (System.gc())
[86.000s][info][gc,heap        ] GC(157) PSYoungGen: 1210673K(1367552K)->352K(1368576K) Eden: 1195441K(1338368K)->0K(1338368K) From: 15232K(29184K)->352K(30208K)
[86.000s][info][gc,heap        ] GC(157) ParOldGen: 64544K(2796544K)->64544K(2796544K)
[86.000s][info][gc,metaspace   ] GC(157) Metaspace: 104759K(106432K)->104759K(106432K) NonClass: 90720K(91648K)->90720K(91648K) Class: 14039K(14784K)->14039K(14784K)
[86.000s][info][gc             ] GC(157) Pause Young (System.gc()) 1245M->63M(4067M) 0.537ms
[86.000s][info][gc,cpu         ] GC(157) User=0.00s Sys=0.00s Real=0.00s
[86.000s][info][gc,start       ] GC(158) Pause Full (System.gc())
[86.000s][info][gc,phases,start] GC(158) Marking Phase
[86.025s][info][gc,phases      ] GC(158) Marking Phase 24.943ms
[86.025s][info][gc,phases,start] GC(158) Summary Phase
[86.025s][info][gc,phases      ] GC(158) Summary Phase 0.009ms
[86.025s][info][gc,phases,start] GC(158) Adjust Roots
[86.034s][info][gc,phases      ] GC(158) Adjust Roots 8.913ms
[86.034s][info][gc,phases,start] GC(158) Compaction Phase
[86.047s][info][gc,phases      ] GC(158) Compaction Phase 12.993ms
[86.047s][info][gc,phases,start] GC(158) Post Compact
[86.048s][info][gc,phases      ] GC(158) Post Compact 0.818ms
[86.048s][info][gc,heap        ] GC(158) PSYoungGen: 352K(1368576K)->0K(1368576K) Eden: 0K(1338368K)->0K(1338368K) From: 352K(30208K)->0K(30208K)
[86.048s][info][gc,heap        ] GC(158) ParOldGen: 64544K(2796544K)->63994K(2796544K)
[86.048s][info][gc,metaspace   ] GC(158) Metaspace: 104759K(106432K)->104759K(106432K) NonClass: 90720K(91648K)->90720K(91648K) Class: 14039K(14784K)->14039K(14784K)
[86.048s][info][gc             ] GC(158) Pause Full (System.gc()) 63M->62M(4067M) 47.976ms
[86.048s][info][gc,cpu         ] GC(158) User=0.00s Sys=0.00s Real=0.04s
[86.877s][info][gc,start       ] GC(159) Pause Young (Allocation Failure)
[86.886s][info][gc,heap        ] GC(159) PSYoungGen: 1338368K(1368576K)->15616K(1367552K) Eden: 1338368K(1338368K)->0K(1338368K) From: 0K(30208K)->15616K(29184K)
[86.886s][info][gc,heap        ] GC(159) ParOldGen: 63994K(2796544K)->63994K(2796544K)
[86.886s][info][gc,metaspace   ] GC(159) Metaspace: 104760K(106432K)->104760K(106432K) NonClass: 90721K(91648K)->90721K(91648K) Class: 14039K(14784K)->14039K(14784K)
[86.886s][info][gc             ] GC(159) Pause Young (Allocation Failure) 1369M->77M(4066M) 8.649ms
[86.886s][info][gc,cpu         ] GC(159) User=0.02s Sys=0.00s Real=0.02s
[87.445s][info][gc,start       ] GC(160) Pause Young (System.gc())
[87.446s][info][gc,heap        ] GC(160) PSYoungGen: 1187367K(1367552K)->320K(1368576K) Eden: 1171750K(1338368K)->0K(1338368K) From: 15616K(29184K)->320K(30208K)
[87.446s][info][gc,heap        ] GC(160) ParOldGen: 63994K(2796544K)->63994K(2796544K)
[87.446s][info][gc,metaspace   ] GC(160) Metaspace: 104761K(106432K)->104761K(106432K) NonClass: 90722K(91648K)->90722K(91648K) Class: 14039K(14784K)->14039K(14784K)
[87.446s][info][gc             ] GC(160) Pause Young (System.gc()) 1222M->62M(4067M) 0.618ms
[87.446s][info][gc,cpu         ] GC(160) User=0.00s Sys=0.00s Real=0.00s
[87.446s][info][gc,start       ] GC(161) Pause Full (System.gc())
[87.446s][info][gc,phases,start] GC(161) Marking Phase
[87.471s][info][gc,phases      ] GC(161) Marking Phase 24.934ms
[87.471s][info][gc,phases,start] GC(161) Summary Phase
[87.471s][info][gc,phases      ] GC(161) Summary Phase 0.010ms
[87.471s][info][gc,phases,start] GC(161) Adjust Roots
[87.479s][info][gc,phases      ] GC(161) Adjust Roots 8.219ms
[87.479s][info][gc,phases,start] GC(161) Compaction Phase
[87.485s][info][gc,phases      ] GC(161) Compaction Phase 6.323ms
[87.485s][info][gc,phases,start] GC(161) Post Compact
[87.486s][info][gc,phases      ] GC(161) Post Compact 0.898ms
[87.486s][info][gc,heap        ] GC(161) PSYoungGen: 320K(1368576K)->0K(1368576K) Eden: 0K(1338368K)->0K(1338368K) From: 320K(30208K)->0K(30208K)
[87.486s][info][gc,heap        ] GC(161) ParOldGen: 63994K(2796544K)->63994K(2796544K)
[87.486s][info][gc,metaspace   ] GC(161) Metaspace: 104761K(106432K)->104761K(106432K) NonClass: 90722K(91648K)->90722K(91648K) Class: 14039K(14784K)->14039K(14784K)
[87.486s][info][gc             ] GC(161) Pause Full (System.gc()) 62M->62M(4067M) 40.659ms
[87.486s][info][gc,cpu         ] GC(161) User=0.03s Sys=0.00s Real=0.05s
[88.306s][info][gc,start       ] GC(162) Pause Young (Allocation Failure)
[88.315s][info][gc,heap        ] GC(162) PSYoungGen: 1338368K(1368576K)->15296K(1367552K) Eden: 1338368K(1338368K)->0K(1338368K) From: 0K(30208K)->15296K(29184K)
[88.315s][info][gc,heap        ] GC(162) ParOldGen: 63994K(2796544K)->63994K(2796544K)
[88.315s][info][gc,metaspace   ] GC(162) Metaspace: 104771K(106432K)->104771K(106432K) NonClass: 90732K(91648K)->90732K(91648K) Class: 14039K(14784K)->14039K(14784K)
[88.315s][info][gc             ] GC(162) Pause Young (Allocation Failure) 1369M->77M(4066M) 8.214ms
[88.315s][info][gc,cpu         ] GC(162) User=0.02s Sys=0.00s Real=0.01s
[88.846s][info][gc,start       ] GC(163) Pause Young (System.gc())
[88.846s][info][gc,heap        ] GC(163) PSYoungGen: 1194793K(1367552K)->320K(1368576K) Eden: 1179496K(1338368K)->0K(1338368K) From: 15296K(29184K)->320K(30208K)
[88.846s][info][gc,heap        ] GC(163) ParOldGen: 63994K(2796544K)->63994K(2796544K)
[88.846s][info][gc,metaspace   ] GC(163) Metaspace: 104771K(106432K)->104771K(106432K) NonClass: 90732K(91648K)->90732K(91648K) Class: 14039K(14784K)->14039K(14784K)
[88.846s][info][gc             ] GC(163) Pause Young (System.gc()) 1229M->62M(4067M) 0.505ms
[88.846s][info][gc,cpu         ] GC(163) User=0.00s Sys=0.00s Real=0.00s
[88.846s][info][gc,start       ] GC(164) Pause Full (System.gc())
[88.846s][info][gc,phases,start] GC(164) Marking Phase
[88.872s][info][gc,phases      ] GC(164) Marking Phase 25.207ms
[88.872s][info][gc,phases,start] GC(164) Summary Phase
[88.872s][info][gc,phases      ] GC(164) Summary Phase 0.009ms
[88.872s][info][gc,phases,start] GC(164) Adjust Roots
[88.881s][info][gc,phases      ] GC(164) Adjust Roots 9.061ms
[88.881s][info][gc,phases,start] GC(164) Compaction Phase
[88.887s][info][gc,phases      ] GC(164) Compaction Phase 6.581ms
[88.887s][info][gc,phases,start] GC(164) Post Compact
[88.888s][info][gc,phases      ] GC(164) Post Compact 0.837ms
[88.888s][info][gc,heap        ] GC(164) PSYoungGen: 320K(1368576K)->0K(1368576K) Eden: 0K(1338368K)->0K(1338368K) From: 320K(30208K)->0K(30208K)
[88.888s][info][gc,heap        ] GC(164) ParOldGen: 63994K(2796544K)->63996K(2796544K)
[88.888s][info][gc,metaspace   ] GC(164) Metaspace: 104771K(106432K)->104771K(106432K) NonClass: 90732K(91648K)->90732K(91648K) Class: 14039K(14784K)->14039K(14784K)
[88.888s][info][gc             ] GC(164) Pause Full (System.gc()) 62M->62M(4067M) 42.071ms
[88.888s][info][gc,cpu         ] GC(164) User=0.00s Sys=0.00s Real=0.03s
[89.706s][info][gc,start       ] GC(165) Pause Young (Allocation Failure)
[89.714s][info][gc,heap        ] GC(165) PSYoungGen: 1338368K(1368576K)->15264K(1367552K) Eden: 1338368K(1338368K)->0K(1338368K) From: 0K(30208K)->15264K(29184K)
[89.714s][info][gc,heap        ] GC(165) ParOldGen: 63996K(2796544K)->63996K(2796544K)
[89.714s][info][gc,metaspace   ] GC(165) Metaspace: 104772K(106432K)->104772K(106432K) NonClass: 90733K(91648K)->90733K(91648K) Class: 14039K(14784K)->14039K(14784K)
[89.714s][info][gc             ] GC(165) Pause Young (Allocation Failure) 1369M->77M(4066M) 8.453ms
[89.714s][info][gc,cpu         ] GC(165) User=0.00s Sys=0.00s Real=0.01s
[90.253s][info][gc,start       ] GC(166) Pause Young (System.gc())
[90.254s][info][gc,heap        ] GC(166) PSYoungGen: 1194866K(1367552K)->320K(1368576K) Eden: 1179602K(1338368K)->0K(1338880K) From: 15264K(29184K)->320K(29696K)
[90.254s][info][gc,heap        ] GC(166) ParOldGen: 63996K(2796544K)->63996K(2796544K)
[90.254s][info][gc,metaspace   ] GC(166) Metaspace: 104772K(106432K)->104772K(106432K) NonClass: 90733K(91648K)->90733K(91648K) Class: 14039K(14784K)->14039K(14784K)
[90.254s][info][gc             ] GC(166) Pause Young (System.gc()) 1229M->62M(4067M) 1.018ms
[90.254s][info][gc,cpu         ] GC(166) User=0.00s Sys=0.00s Real=0.00s
[90.254s][info][gc,start       ] GC(167) Pause Full (System.gc())
[90.254s][info][gc,phases,start] GC(167) Marking Phase
[90.280s][info][gc,phases      ] GC(167) Marking Phase 25.543ms
[90.280s][info][gc,phases,start] GC(167) Summary Phase
[90.280s][info][gc,phases      ] GC(167) Summary Phase 0.009ms
[90.280s][info][gc,phases,start] GC(167) Adjust Roots
[90.289s][info][gc,phases      ] GC(167) Adjust Roots 8.829ms
[90.289s][info][gc,phases,start] GC(167) Compaction Phase
[90.297s][info][gc,phases      ] GC(167) Compaction Phase 8.120ms
[90.297s][info][gc,phases,start] GC(167) Post Compact
[90.298s][info][gc,phases      ] GC(167) Post Compact 0.723ms
[90.298s][info][gc,heap        ] GC(167) PSYoungGen: 320K(1368576K)->0K(1368576K) Eden: 0K(1338880K)->0K(1338880K) From: 320K(29696K)->0K(29696K)
[90.298s][info][gc,heap        ] GC(167) ParOldGen: 63996K(2796544K)->63995K(2796544K)
[90.298s][info][gc,metaspace   ] GC(167) Metaspace: 104772K(106432K)->104772K(106432K) NonClass: 90733K(91648K)->90733K(91648K) Class: 14039K(14784K)->14039K(14784K)
[90.298s][info][gc             ] GC(167) Pause Full (System.gc()) 62M->62M(4067M) 43.510ms
[90.298s][info][gc,cpu         ] GC(167) User=0.02s Sys=0.00s Real=0.05s
[91.117s][info][gc,start       ] GC(168) Pause Young (Allocation Failure)
[91.125s][info][gc,heap        ] GC(168) PSYoungGen: 1338880K(1368576K)->15424K(1354752K) Eden: 1338880K(1338880K)->0K(1338880K) From: 0K(29696K)->15424K(15872K)
[91.125s][info][gc,heap        ] GC(168) ParOldGen: 63995K(2796544K)->63995K(2796544K)
[91.125s][info][gc,metaspace   ] GC(168) Metaspace: 104776K(106432K)->104776K(106432K) NonClass: 90737K(91648K)->90737K(91648K) Class: 14039K(14784K)->14039K(14784K)
[91.125s][info][gc             ] GC(168) Pause Young (Allocation Failure) 1369M->77M(4054M) 8.537ms
[91.125s][info][gc,cpu         ] GC(168) User=0.02s Sys=0.00s Real=0.02s
[91.658s][info][gc,start       ] GC(169) Pause Young (System.gc())
[91.658s][info][gc,heap        ] GC(169) PSYoungGen: 1185608K(1354752K)->352K(1368576K) Eden: 1170184K(1338880K)->0K(1338368K) From: 15424K(15872K)->352K(30208K)
[91.658s][info][gc,heap        ] GC(169) ParOldGen: 63995K(2796544K)->63995K(2796544K)
[91.658s][info][gc,metaspace   ] GC(169) Metaspace: 104776K(106432K)->104776K(106432K) NonClass: 90737K(91648K)->90737K(91648K) Class: 14039K(14784K)->14039K(14784K)
[91.658s][info][gc             ] GC(169) Pause Young (System.gc()) 1220M->62M(4067M) 0.671ms
[91.658s][info][gc,cpu         ] GC(169) User=0.00s Sys=0.00s Real=0.00s
[91.658s][info][gc,start       ] GC(170) Pause Full (System.gc())
[91.658s][info][gc,phases,start] GC(170) Marking Phase
[91.684s][info][gc,phases      ] GC(170) Marking Phase 26.039ms
[91.684s][info][gc,phases,start] GC(170) Summary Phase
[91.684s][info][gc,phases      ] GC(170) Summary Phase 0.009ms
[91.684s][info][gc,phases,start] GC(170) Adjust Roots
[91.693s][info][gc,phases      ] GC(170) Adjust Roots 8.340ms
[91.693s][info][gc,phases,start] GC(170) Compaction Phase
[91.699s][info][gc,phases      ] GC(170) Compaction Phase 6.339ms
[91.699s][info][gc,phases,start] GC(170) Post Compact
[91.700s][info][gc,phases      ] GC(170) Post Compact 0.832ms
[91.700s][info][gc,heap        ] GC(170) PSYoungGen: 352K(1368576K)->0K(1368576K) Eden: 0K(1338368K)->0K(1338368K) From: 352K(30208K)->0K(30208K)
[91.700s][info][gc,heap        ] GC(170) ParOldGen: 63995K(2796544K)->63995K(2796544K)
[91.700s][info][gc,metaspace   ] GC(170) Metaspace: 104776K(106432K)->104776K(106432K) NonClass: 90737K(91648K)->90737K(91648K) Class: 14039K(14784K)->14039K(14784K)
[91.700s][info][gc             ] GC(170) Pause Full (System.gc()) 62M->62M(4067M) 41.865ms
[91.700s][info][gc,cpu         ] GC(170) User=0.02s Sys=0.00s Real=0.03s
[92.526s][info][gc,start       ] GC(171) Pause Young (Allocation Failure)
[92.534s][info][gc,heap        ] GC(171) PSYoungGen: 1338368K(1368576K)->15488K(1367552K) Eden: 1338368K(1338368K)->0K(1338368K) From: 0K(30208K)->15488K(29184K)
[92.534s][info][gc,heap        ] GC(171) ParOldGen: 63995K(2796544K)->63995K(2796544K)
[92.534s][info][gc,metaspace   ] GC(171) Metaspace: 104776K(106432K)->104776K(106432K) NonClass: 90737K(91648K)->90737K(91648K) Class: 14039K(14784K)->14039K(14784K)
[92.534s][info][gc             ] GC(171) Pause Young (Allocation Failure) 1369M->77M(4066M) 8.422ms
[92.534s][info][gc,cpu         ] GC(171) User=0.00s Sys=0.00s Real=0.00s
[93.070s][info][gc,start       ] GC(172) Pause Young (System.gc())
[93.071s][info][gc,heap        ] GC(172) PSYoungGen: 1187419K(1367552K)->288K(1368576K) Eden: 1171931K(1338368K)->0K(1338368K) From: 15488K(29184K)->288K(30208K)
[93.071s][info][gc,heap        ] GC(172) ParOldGen: 63995K(2796544K)->63995K(2796544K)
[93.071s][info][gc,metaspace   ] GC(172) Metaspace: 104776K(106432K)->104776K(106432K) NonClass: 90737K(91648K)->90737K(91648K) Class: 14039K(14784K)->14039K(14784K)
[93.071s][info][gc             ] GC(172) Pause Young (System.gc()) 1222M->62M(4067M) 0.829ms
[93.071s][info][gc,cpu         ] GC(172) User=0.00s Sys=0.00s Real=0.00s
[93.071s][info][gc,start       ] GC(173) Pause Full (System.gc())
[93.071s][info][gc,phases,start] GC(173) Marking Phase
[93.095s][info][gc,phases      ] GC(173) Marking Phase 24.597ms
[93.095s][info][gc,phases,start] GC(173) Summary Phase
[93.095s][info][gc,phases      ] GC(173) Summary Phase 0.010ms
[93.095s][info][gc,phases,start] GC(173) Adjust Roots
[93.104s][info][gc,phases      ] GC(173) Adjust Roots 8.601ms
[93.104s][info][gc,phases,start] GC(173) Compaction Phase
[93.111s][info][gc,phases      ] GC(173) Compaction Phase 6.881ms
[93.111s][info][gc,phases,start] GC(173) Post Compact
[93.112s][info][gc,phases      ] GC(173) Post Compact 0.896ms
[93.112s][info][gc,heap        ] GC(173) PSYoungGen: 288K(1368576K)->0K(1368576K) Eden: 0K(1338368K)->0K(1338368K) From: 288K(30208K)->0K(30208K)
[93.112s][info][gc,heap        ] GC(173) ParOldGen: 63995K(2796544K)->63996K(2796544K)
[93.112s][info][gc,metaspace   ] GC(173) Metaspace: 104776K(106432K)->104776K(106432K) NonClass: 90737K(91648K)->90737K(91648K) Class: 14039K(14784K)->14039K(14784K)
[93.112s][info][gc             ] GC(173) Pause Full (System.gc()) 62M->62M(4067M) 41.383ms
[93.112s][info][gc,cpu         ] GC(173) User=0.05s Sys=0.00s Real=0.04s
[93.928s][info][gc,start       ] GC(174) Pause Young (Allocation Failure)
[93.937s][info][gc,heap        ] GC(174) PSYoungGen: 1338368K(1368576K)->15520K(1367552K) Eden: 1338368K(1338368K)->0K(1338368K) From: 0K(30208K)->15520K(29184K)
[93.939s][info][gc,heap        ] GC(174) ParOldGen: 63996K(2796544K)->63996K(2796544K)
[93.939s][info][gc,metaspace   ] GC(174) Metaspace: 104776K(106432K)->104776K(106432K) NonClass: 90737K(91648K)->90737K(91648K) Class: 14039K(14784K)->14039K(14784K)
[93.939s][info][gc             ] GC(174) Pause Young (Allocation Failure) 1369M->77M(4066M) 10.836ms
[93.939s][info][gc,cpu         ] GC(174) User=0.02s Sys=0.00s Real=0.02s
[94.470s][info][gc,start       ] GC(175) Pause Young (System.gc())
[94.470s][info][gc,heap        ] GC(175) PSYoungGen: 1189582K(1367552K)->320K(1368576K) Eden: 1174062K(1338368K)->0K(1338368K) From: 15520K(29184K)->320K(30208K)
[94.471s][info][gc,heap        ] GC(175) ParOldGen: 63996K(2796544K)->63996K(2796544K)
[94.471s][info][gc,metaspace   ] GC(175) Metaspace: 104776K(106432K)->104776K(106432K) NonClass: 90737K(91648K)->90737K(91648K) Class: 14039K(14784K)->14039K(14784K)
[94.471s][info][gc             ] GC(175) Pause Young (System.gc()) 1224M->62M(4067M) 0.673ms
[94.471s][info][gc,cpu         ] GC(175) User=0.00s Sys=0.00s Real=0.00s
[94.471s][info][gc,start       ] GC(176) Pause Full (System.gc())
[94.471s][info][gc,phases,start] GC(176) Marking Phase
[94.496s][info][gc,phases      ] GC(176) Marking Phase 25.023ms
[94.496s][info][gc,phases,start] GC(176) Summary Phase
[94.496s][info][gc,phases      ] GC(176) Summary Phase 0.010ms
[94.496s][info][gc,phases,start] GC(176) Adjust Roots
[94.504s][info][gc,phases      ] GC(176) Adjust Roots 8.533ms
[94.504s][info][gc,phases,start] GC(176) Compaction Phase
[94.510s][info][gc,phases      ] GC(176) Compaction Phase 5.656ms
[94.510s][info][gc,phases,start] GC(176) Post Compact
[94.511s][info][gc,phases      ] GC(176) Post Compact 0.924ms
[94.511s][info][gc,heap        ] GC(176) PSYoungGen: 320K(1368576K)->0K(1368576K) Eden: 0K(1338368K)->0K(1338368K) From: 320K(30208K)->0K(30208K)
[94.511s][info][gc,heap        ] GC(176) ParOldGen: 63996K(2796544K)->63996K(2796544K)
[94.511s][info][gc,metaspace   ] GC(176) Metaspace: 104776K(106432K)->104776K(106432K) NonClass: 90737K(91648K)->90737K(91648K) Class: 14039K(14784K)->14039K(14784K)
[94.511s][info][gc             ] GC(176) Pause Full (System.gc()) 62M->62M(4067M) 40.456ms
[94.511s][info][gc,cpu         ] GC(176) User=0.00s Sys=0.00s Real=0.03s
[95.330s][info][gc,start       ] GC(177) Pause Young (Allocation Failure)
[95.338s][info][gc,heap        ] GC(177) PSYoungGen: 1338368K(1368576K)->15296K(1367552K) Eden: 1338368K(1338368K)->0K(1338368K) From: 0K(30208K)->15296K(29184K)
[95.338s][info][gc,heap        ] GC(177) ParOldGen: 63996K(2796544K)->63996K(2796544K)
[95.338s][info][gc,metaspace   ] GC(177) Metaspace: 104778K(106432K)->104778K(106432K) NonClass: 90739K(91648K)->90739K(91648K) Class: 14039K(14784K)->14039K(14784K)
[95.338s][info][gc             ] GC(177) Pause Young (Allocation Failure) 1369M->77M(4066M) 8.224ms
[95.338s][info][gc,cpu         ] GC(177) User=0.00s Sys=0.00s Real=0.00s
[95.877s][info][gc,start       ] GC(178) Pause Young (System.gc())
[95.877s][info][gc,heap        ] GC(178) PSYoungGen: 1194594K(1367552K)->352K(1368576K) Eden: 1179298K(1338368K)->0K(1338368K) From: 15296K(29184K)->352K(30208K)
[95.877s][info][gc,heap        ] GC(178) ParOldGen: 63996K(2796544K)->63996K(2796544K)
[95.877s][info][gc,metaspace   ] GC(178) Metaspace: 104778K(106432K)->104778K(106432K) NonClass: 90739K(91648K)->90739K(91648K) Class: 14039K(14784K)->14039K(14784K)
[95.877s][info][gc             ] GC(178) Pause Young (System.gc()) 1229M->62M(4067M) 0.610ms
[95.877s][info][gc,cpu         ] GC(178) User=0.00s Sys=0.00s Real=0.00s
[95.877s][info][gc,start       ] GC(179) Pause Full (System.gc())
[95.877s][info][gc,phases,start] GC(179) Marking Phase
[95.903s][info][gc,phases      ] GC(179) Marking Phase 25.323ms
[95.903s][info][gc,phases,start] GC(179) Summary Phase
[95.903s][info][gc,phases      ] GC(179) Summary Phase 0.010ms
[95.903s][info][gc,phases,start] GC(179) Adjust Roots
[95.911s][info][gc,phases      ] GC(179) Adjust Roots 8.382ms
[95.911s][info][gc,phases,start] GC(179) Compaction Phase
[95.917s][info][gc,phases      ] GC(179) Compaction Phase 5.908ms
[95.917s][info][gc,phases,start] GC(179) Post Compact
[95.918s][info][gc,phases      ] GC(179) Post Compact 0.739ms
[95.918s][info][gc,heap        ] GC(179) PSYoungGen: 352K(1368576K)->0K(1368576K) Eden: 0K(1338368K)->0K(1338368K) From: 352K(30208K)->0K(30208K)
[95.918s][info][gc,heap        ] GC(179) ParOldGen: 63996K(2796544K)->63996K(2796544K)
[95.918s][info][gc,metaspace   ] GC(179) Metaspace: 104778K(106432K)->104778K(106432K) NonClass: 90739K(91648K)->90739K(91648K) Class: 14039K(14784K)->14039K(14784K)
[95.918s][info][gc             ] GC(179) Pause Full (System.gc()) 62M->62M(4067M) 40.635ms
[95.918s][info][gc,cpu         ] GC(179) User=0.03s Sys=0.00s Real=0.05s
[96.738s][info][gc,start       ] GC(180) Pause Young (Allocation Failure)
[96.746s][info][gc,heap        ] GC(180) PSYoungGen: 1338368K(1368576K)->15328K(1367552K) Eden: 1338368K(1338368K)->0K(1338368K) From: 0K(30208K)->15328K(29184K)
[96.746s][info][gc,heap        ] GC(180) ParOldGen: 63996K(2796544K)->63996K(2796544K)
[96.746s][info][gc,metaspace   ] GC(180) Metaspace: 104778K(106432K)->104778K(106432K) NonClass: 90739K(91648K)->90739K(91648K) Class: 14039K(14784K)->14039K(14784K)
[96.746s][info][gc             ] GC(180) Pause Young (Allocation Failure) 1369M->77M(4066M) 8.352ms
[96.746s][info][gc,cpu         ] GC(180) User=0.02s Sys=0.00s Real=0.02s
[97.286s][info][gc,start       ] GC(181) Pause Young (System.gc())
[97.287s][info][gc,heap        ] GC(181) PSYoungGen: 1194839K(1367552K)->352K(1368576K) Eden: 1179511K(1338368K)->0K(1338880K) From: 15328K(29184K)->352K(29696K)
[97.287s][info][gc,heap        ] GC(181) ParOldGen: 63996K(2796544K)->63996K(2796544K)
[97.287s][info][gc,metaspace   ] GC(181) Metaspace: 104778K(106432K)->104778K(106432K) NonClass: 90739K(91648K)->90739K(91648K) Class: 14039K(14784K)->14039K(14784K)
[97.287s][info][gc             ] GC(181) Pause Young (System.gc()) 1229M->62M(4067M) 0.567ms
[97.287s][info][gc,cpu         ] GC(181) User=0.00s Sys=0.00s Real=0.00s
[97.287s][info][gc,start       ] GC(182) Pause Full (System.gc())
[97.287s][info][gc,phases,start] GC(182) Marking Phase
[97.312s][info][gc,phases      ] GC(182) Marking Phase 25.044ms
[97.312s][info][gc,phases,start] GC(182) Summary Phase
[97.312s][info][gc,phases      ] GC(182) Summary Phase 0.010ms
[97.312s][info][gc,phases,start] GC(182) Adjust Roots
[97.321s][info][gc,phases      ] GC(182) Adjust Roots 8.886ms
[97.321s][info][gc,phases,start] GC(182) Compaction Phase
[97.328s][info][gc,phases      ] GC(182) Compaction Phase 7.008ms
[97.328s][info][gc,phases,start] GC(182) Post Compact
[97.329s][info][gc,phases      ] GC(182) Post Compact 0.894ms
[97.329s][info][gc,heap        ] GC(182) PSYoungGen: 352K(1368576K)->0K(1368576K) Eden: 0K(1338880K)->0K(1338880K) From: 352K(29696K)->0K(29696K)
[97.329s][info][gc,heap        ] GC(182) ParOldGen: 63996K(2796544K)->63996K(2796544K)
[97.329s][info][gc,metaspace   ] GC(182) Metaspace: 104778K(106432K)->104778K(106432K) NonClass: 90739K(91648K)->90739K(91648K) Class: 14039K(14784K)->14039K(14784K)
[97.329s][info][gc             ] GC(182) Pause Full (System.gc()) 62M->62M(4067M) 42.123ms
[97.329s][info][gc,cpu         ] GC(182) User=0.03s Sys=0.00s Real=0.05s
[98.147s][info][gc,start       ] GC(183) Pause Young (Allocation Failure)
[98.155s][info][gc,heap        ] GC(183) PSYoungGen: 1338880K(1368576K)->15552K(1354752K) Eden: 1338880K(1338880K)->0K(1338880K) From: 0K(29696K)->15552K(15872K)
[98.155s][info][gc,heap        ] GC(183) ParOldGen: 63996K(2796544K)->63996K(2796544K)
[98.155s][info][gc,metaspace   ] GC(183) Metaspace: 104779K(106432K)->104779K(106432K) NonClass: 90740K(91648K)->90740K(91648K) Class: 14039K(14784K)->14039K(14784K)
[98.155s][info][gc             ] GC(183) Pause Young (Allocation Failure) 1369M->77M(4054M) 8.431ms
[98.155s][info][gc,cpu         ] GC(183) User=0.00s Sys=0.00s Real=0.00s
[98.683s][info][gc,start       ] GC(184) Pause Young (System.gc())
[98.683s][info][gc,heap        ] GC(184) PSYoungGen: 1188075K(1354752K)->352K(1368576K) Eden: 1172523K(1338880K)->0K(1338368K) From: 15552K(15872K)->352K(30208K)
[98.683s][info][gc,heap        ] GC(184) ParOldGen: 63996K(2796544K)->63996K(2796544K)
[98.683s][info][gc,metaspace   ] GC(184) Metaspace: 104783K(106432K)->104783K(106432K) NonClass: 90744K(91648K)->90744K(91648K) Class: 14039K(14784K)->14039K(14784K)
[98.683s][info][gc             ] GC(184) Pause Young (System.gc()) 1222M->62M(4067M) 0.547ms
[98.683s][info][gc,cpu         ] GC(184) User=0.00s Sys=0.00s Real=0.00s
[98.683s][info][gc,start       ] GC(185) Pause Full (System.gc())
[98.683s][info][gc,phases,start] GC(185) Marking Phase
[98.709s][info][gc,phases      ] GC(185) Marking Phase 25.738ms
[98.709s][info][gc,phases,start] GC(185) Summary Phase
[98.709s][info][gc,phases      ] GC(185) Summary Phase 0.010ms
[98.709s][info][gc,phases,start] GC(185) Adjust Roots
[98.718s][info][gc,phases      ] GC(185) Adjust Roots 9.126ms
[98.718s][info][gc,phases,start] GC(185) Compaction Phase
[98.725s][info][gc,phases      ] GC(185) Compaction Phase 6.657ms
[98.725s][info][gc,phases,start] GC(185) Post Compact
[98.726s][info][gc,phases      ] GC(185) Post Compact 0.889ms
[98.726s][info][gc,heap        ] GC(185) PSYoungGen: 352K(1368576K)->0K(1368576K) Eden: 0K(1338368K)->0K(1338368K) From: 352K(30208K)->0K(30208K)
[98.726s][info][gc,heap        ] GC(185) ParOldGen: 63996K(2796544K)->63996K(2796544K)
[98.726s][info][gc,metaspace   ] GC(185) Metaspace: 104783K(106432K)->104783K(106432K) NonClass: 90744K(91648K)->90744K(91648K) Class: 14039K(14784K)->14039K(14784K)
[98.726s][info][gc             ] GC(185) Pause Full (System.gc()) 62M->62M(4067M) 42.716ms
[98.726s][info][gc,cpu         ] GC(185) User=0.03s Sys=0.00s Real=0.05s
[99.544s][info][gc,start       ] GC(186) Pause Young (Allocation Failure)
[99.552s][info][gc,heap        ] GC(186) PSYoungGen: 1338368K(1368576K)->15264K(1367552K) Eden: 1338368K(1338368K)->0K(1338368K) From: 0K(30208K)->15264K(29184K)
[99.552s][info][gc,heap        ] GC(186) ParOldGen: 63996K(2796544K)->63996K(2796544K)
[99.552s][info][gc,metaspace   ] GC(186) Metaspace: 104792K(106432K)->104792K(106432K) NonClass: 90753K(91648K)->90753K(91648K) Class: 14039K(14784K)->14039K(14784K)
[99.552s][info][gc             ] GC(186) Pause Young (Allocation Failure) 1369M->77M(4066M) 8.376ms
[99.552s][info][gc,cpu         ] GC(186) User=0.02s Sys=0.00s Real=0.02s
[100.083s][info][gc,start       ] GC(187) Pause Young (System.gc())
[100.083s][info][gc,heap        ] GC(187) PSYoungGen: 1194891K(1367552K)->352K(1368576K) Eden: 1179627K(1338368K)->0K(1338880K) From: 15264K(29184K)->352K(29696K)
[100.083s][info][gc,heap        ] GC(187) ParOldGen: 63996K(2796544K)->63996K(2796544K)
[100.083s][info][gc,metaspace   ] GC(187) Metaspace: 104795K(106432K)->104795K(106432K) NonClass: 90756K(91648K)->90756K(91648K) Class: 14039K(14784K)->14039K(14784K)
[100.083s][info][gc             ] GC(187) Pause Young (System.gc()) 1229M->62M(4067M) 0.586ms
[100.083s][info][gc,cpu         ] GC(187) User=0.00s Sys=0.00s Real=0.00s
[100.083s][info][gc,start       ] GC(188) Pause Full (System.gc())
[100.083s][info][gc,phases,start] GC(188) Marking Phase
[100.108s][info][gc,phases      ] GC(188) Marking Phase 24.627ms
[100.108s][info][gc,phases,start] GC(188) Summary Phase
[100.108s][info][gc,phases      ] GC(188) Summary Phase 0.010ms
[100.108s][info][gc,phases,start] GC(188) Adjust Roots
[100.117s][info][gc,phases      ] GC(188) Adjust Roots 8.697ms
[100.117s][info][gc,phases,start] GC(188) Compaction Phase
[100.122s][info][gc,phases      ] GC(188) Compaction Phase 5.523ms
[100.122s][info][gc,phases,start] GC(188) Post Compact
[100.123s][info][gc,phases      ] GC(188) Post Compact 0.801ms
[100.123s][info][gc,heap        ] GC(188) PSYoungGen: 352K(1368576K)->0K(1368576K) Eden: 0K(1338880K)->0K(1338880K) From: 352K(29696K)->0K(29696K)
[100.123s][info][gc,heap        ] GC(188) ParOldGen: 63996K(2796544K)->63996K(2796544K)
[100.123s][info][gc,metaspace   ] GC(188) Metaspace: 104795K(106432K)->104795K(106432K) NonClass: 90756K(91648K)->90756K(91648K) Class: 14039K(14784K)->14039K(14784K)
[100.123s][info][gc             ] GC(188) Pause Full (System.gc()) 62M->62M(4067M) 39.915ms
[100.123s][info][gc,cpu         ] GC(188) User=0.00s Sys=0.00s Real=0.03s
[100.943s][info][gc,start       ] GC(189) Pause Young (Allocation Failure)
[100.951s][info][gc,heap        ] GC(189) PSYoungGen: 1338880K(1368576K)->15520K(1354752K) Eden: 1338880K(1338880K)->0K(1338880K) From: 0K(29696K)->15520K(15872K)
[100.951s][info][gc,heap        ] GC(189) ParOldGen: 63996K(2796544K)->63996K(2796544K)
[100.951s][info][gc,metaspace   ] GC(189) Metaspace: 104799K(106432K)->104799K(106432K) NonClass: 90760K(91648K)->90760K(91648K) Class: 14039K(14784K)->14039K(14784K)
[100.951s][info][gc             ] GC(189) Pause Young (Allocation Failure) 1369M->77M(4054M) 8.429ms
[100.951s][info][gc,cpu         ] GC(189) User=0.02s Sys=0.00s Real=0.02s
[101.494s][info][gc,start       ] GC(190) Pause Young (System.gc())
[101.494s][info][gc,heap        ] GC(190) PSYoungGen: 1184894K(1354752K)->320K(1368576K) Eden: 1169374K(1338880K)->0K(1338368K) From: 15520K(15872K)->320K(30208K)
[101.494s][info][gc,heap        ] GC(190) ParOldGen: 63996K(2796544K)->63996K(2796544K)
[101.494s][info][gc,metaspace   ] GC(190) Metaspace: 104799K(106432K)->104799K(106432K) NonClass: 90760K(91648K)->90760K(91648K) Class: 14039K(14784K)->14039K(14784K)
[101.494s][info][gc             ] GC(190) Pause Young (System.gc()) 1219M->62M(4067M) 0.573ms
[101.494s][info][gc,cpu         ] GC(190) User=0.00s Sys=0.00s Real=0.00s
[101.494s][info][gc,start       ] GC(191) Pause Full (System.gc())
[101.494s][info][gc,phases,start] GC(191) Marking Phase
[101.522s][info][gc,phases      ] GC(191) Marking Phase 27.378ms
[101.522s][info][gc,phases,start] GC(191) Summary Phase
[101.522s][info][gc,phases      ] GC(191) Summary Phase 0.010ms
[101.522s][info][gc,phases,start] GC(191) Adjust Roots
[101.531s][info][gc,phases      ] GC(191) Adjust Roots 9.408ms
[101.531s][info][gc,phases,start] GC(191) Compaction Phase
[101.537s][info][gc,phases      ] GC(191) Compaction Phase 5.502ms
[101.537s][info][gc,phases,start] GC(191) Post Compact
[101.538s][info][gc,phases      ] GC(191) Post Compact 0.843ms
[101.538s][info][gc,heap        ] GC(191) PSYoungGen: 320K(1368576K)->0K(1368576K) Eden: 0K(1338368K)->0K(1338368K) From: 320K(30208K)->0K(30208K)
[101.538s][info][gc,heap        ] GC(191) ParOldGen: 63996K(2796544K)->63996K(2796544K)
[101.538s][info][gc,metaspace   ] GC(191) Metaspace: 104799K(106432K)->104799K(106432K) NonClass: 90760K(91648K)->90760K(91648K) Class: 14039K(14784K)->14039K(14784K)
[101.538s][info][gc             ] GC(191) Pause Full (System.gc()) 62M->62M(4067M) 43.427ms
[101.538s][info][gc,cpu         ] GC(191) User=0.02s Sys=0.00s Real=0.05s
[102.366s][info][gc,start       ] GC(192) Pause Young (Allocation Failure)
[102.374s][info][gc,heap        ] GC(192) PSYoungGen: 1338368K(1368576K)->15456K(1367552K) Eden: 1338368K(1338368K)->0K(1338368K) From: 0K(30208K)->15456K(29184K)
[102.374s][info][gc,heap        ] GC(192) ParOldGen: 63996K(2796544K)->63996K(2796544K)
[102.374s][info][gc,metaspace   ] GC(192) Metaspace: 104800K(106432K)->104800K(106432K) NonClass: 90761K(91648K)->90761K(91648K) Class: 14039K(14784K)->14039K(14784K)
[102.374s][info][gc             ] GC(192) Pause Young (Allocation Failure) 1369M->77M(4066M) 8.270ms
[102.374s][info][gc,cpu         ] GC(192) User=0.00s Sys=0.00s Real=0.00s
[102.914s][info][gc,start       ] GC(193) Pause Young (System.gc())
[102.915s][info][gc,heap        ] GC(193) PSYoungGen: 1187366K(1367552K)->352K(1368576K) Eden: 1171910K(1338368K)->0K(1338368K) From: 15456K(29184K)->352K(30208K)
[102.915s][info][gc,heap        ] GC(193) ParOldGen: 63996K(2796544K)->63996K(2796544K)
[102.915s][info][gc,metaspace   ] GC(193) Metaspace: 104802K(106432K)->104802K(106432K) NonClass: 90763K(91648K)->90763K(91648K) Class: 14039K(14784K)->14039K(14784K)
[102.915s][info][gc             ] GC(193) Pause Young (System.gc()) 1222M->62M(4067M) 0.589ms
[102.915s][info][gc,cpu         ] GC(193) User=0.00s Sys=0.00s Real=0.00s
[102.915s][info][gc,start       ] GC(194) Pause Full (System.gc())
[102.915s][info][gc,phases,start] GC(194) Marking Phase
[102.939s][info][gc,phases      ] GC(194) Marking Phase 24.651ms
[102.939s][info][gc,phases,start] GC(194) Summary Phase
[102.939s][info][gc,phases      ] GC(194) Summary Phase 0.010ms
[102.939s][info][gc,phases,start] GC(194) Adjust Roots
[102.948s][info][gc,phases      ] GC(194) Adjust Roots 8.687ms
[102.948s][info][gc,phases,start] GC(194) Compaction Phase
[102.954s][info][gc,phases      ] GC(194) Compaction Phase 5.414ms
[102.954s][info][gc,phases,start] GC(194) Post Compact
[102.954s][info][gc,phases      ] GC(194) Post Compact 0.822ms
[102.954s][info][gc,heap        ] GC(194) PSYoungGen: 352K(1368576K)->0K(1368576K) Eden: 0K(1338368K)->0K(1338368K) From: 352K(30208K)->0K(30208K)
[102.955s][info][gc,heap        ] GC(194) ParOldGen: 63996K(2796544K)->63996K(2796544K)
[102.955s][info][gc,metaspace   ] GC(194) Metaspace: 104802K(106432K)->104802K(106432K) NonClass: 90763K(91648K)->90763K(91648K) Class: 14039K(14784K)->14039K(14784K)
[102.955s][info][gc             ] GC(194) Pause Full (System.gc()) 62M->62M(4067M) 39.861ms
[102.955s][info][gc,cpu         ] GC(194) User=0.02s Sys=0.00s Real=0.03s
[103.784s][info][gc,start       ] GC(195) Pause Young (Allocation Failure)
[103.792s][info][gc,heap        ] GC(195) PSYoungGen: 1338368K(1368576K)->15456K(1367552K) Eden: 1338368K(1338368K)->0K(1338368K) From: 0K(30208K)->15456K(29184K)
[103.792s][info][gc,heap        ] GC(195) ParOldGen: 63996K(2796544K)->63996K(2796544K)
[103.792s][info][gc,metaspace   ] GC(195) Metaspace: 104803K(106432K)->104803K(106432K) NonClass: 90764K(91648K)->90764K(91648K) Class: 14039K(14784K)->14039K(14784K)
[103.792s][info][gc             ] GC(195) Pause Young (Allocation Failure) 1369M->77M(4066M) 8.433ms
[103.792s][info][gc,cpu         ] GC(195) User=0.02s Sys=0.00s Real=0.02s
[104.334s][info][gc,start       ] GC(196) Pause Young (System.gc())
[104.334s][info][gc,heap        ] GC(196) PSYoungGen: 1187367K(1367552K)->320K(1368576K) Eden: 1171911K(1338368K)->0K(1338368K) From: 15456K(29184K)->320K(30208K)
[104.334s][info][gc,heap        ] GC(196) ParOldGen: 63996K(2796544K)->63996K(2796544K)
[104.334s][info][gc,metaspace   ] GC(196) Metaspace: 104803K(106432K)->104803K(106432K) NonClass: 90764K(91648K)->90764K(91648K) Class: 14039K(14784K)->14039K(14784K)
[104.334s][info][gc             ] GC(196) Pause Young (System.gc()) 1222M->62M(4067M) 0.650ms
[104.334s][info][gc,cpu         ] GC(196) User=0.02s Sys=0.00s Real=0.01s
[104.334s][info][gc,start       ] GC(197) Pause Full (System.gc())
[104.334s][info][gc,phases,start] GC(197) Marking Phase
[104.359s][info][gc,phases      ] GC(197) Marking Phase 24.976ms
[104.359s][info][gc,phases,start] GC(197) Summary Phase
[104.359s][info][gc,phases      ] GC(197) Summary Phase 0.010ms
[104.359s][info][gc,phases,start] GC(197) Adjust Roots
[104.368s][info][gc,phases      ] GC(197) Adjust Roots 8.360ms
[104.368s][info][gc,phases,start] GC(197) Compaction Phase
[104.375s][info][gc,phases      ] GC(197) Compaction Phase 6.929ms
[104.375s][info][gc,phases,start] GC(197) Post Compact
[104.376s][info][gc,phases      ] GC(197) Post Compact 0.795ms
[104.376s][info][gc,heap        ] GC(197) PSYoungGen: 320K(1368576K)->0K(1368576K) Eden: 0K(1338368K)->0K(1338368K) From: 320K(30208K)->0K(30208K)
[104.376s][info][gc,heap        ] GC(197) ParOldGen: 63996K(2796544K)->63996K(2796544K)
[104.376s][info][gc,metaspace   ] GC(197) Metaspace: 104803K(106432K)->104803K(106432K) NonClass: 90764K(91648K)->90764K(91648K) Class: 14039K(14784K)->14039K(14784K)
[104.376s][info][gc             ] GC(197) Pause Full (System.gc()) 62M->62M(4067M) 41.369ms
[104.376s][info][gc,cpu         ] GC(197) User=0.02s Sys=0.00s Real=0.03s
[105.193s][info][gc,start       ] GC(198) Pause Young (Allocation Failure)
[105.201s][info][gc,heap        ] GC(198) PSYoungGen: 1338368K(1368576K)->15424K(1367552K) Eden: 1338368K(1338368K)->0K(1338368K) From: 0K(30208K)->15424K(29184K)
[105.201s][info][gc,heap        ] GC(198) ParOldGen: 63996K(2796544K)->63996K(2796544K)
[105.201s][info][gc,metaspace   ] GC(198) Metaspace: 104804K(106432K)->104804K(106432K) NonClass: 90765K(91648K)->90765K(91648K) Class: 14039K(14784K)->14039K(14784K)
[105.201s][info][gc             ] GC(198) Pause Young (Allocation Failure) 1369M->77M(4066M) 8.312ms
[105.201s][info][gc,cpu         ] GC(198) User=0.02s Sys=0.00s Real=0.01s
[105.729s][info][gc,start       ] GC(199) Pause Young (System.gc())
[105.730s][info][gc,heap        ] GC(199) PSYoungGen: 1187235K(1367552K)->352K(1368576K) Eden: 1171811K(1338368K)->0K(1338368K) From: 15424K(29184K)->352K(30208K)
[105.730s][info][gc,heap        ] GC(199) ParOldGen: 63996K(2796544K)->63996K(2796544K)
[105.730s][info][gc,metaspace   ] GC(199) Metaspace: 104804K(106432K)->104804K(106432K) NonClass: 90765K(91648K)->90765K(91648K) Class: 14039K(14784K)->14039K(14784K)
[105.730s][info][gc             ] GC(199) Pause Young (System.gc()) 1221M->62M(4067M) 0.611ms
[105.730s][info][gc,cpu         ] GC(199) User=0.00s Sys=0.00s Real=0.00s
[105.730s][info][gc,start       ] GC(200) Pause Full (System.gc())
[105.730s][info][gc,phases,start] GC(200) Marking Phase
[105.756s][info][gc,phases      ] GC(200) Marking Phase 26.362ms
[105.756s][info][gc,phases,start] GC(200) Summary Phase
[105.756s][info][gc,phases      ] GC(200) Summary Phase 0.010ms
[105.756s][info][gc,phases,start] GC(200) Adjust Roots
[105.765s][info][gc,phases      ] GC(200) Adjust Roots 8.299ms
[105.765s][info][gc,phases,start] GC(200) Compaction Phase
[105.771s][info][gc,phases      ] GC(200) Compaction Phase 5.997ms
[105.771s][info][gc,phases,start] GC(200) Post Compact
[105.772s][info][gc,phases      ] GC(200) Post Compact 0.746ms
[105.772s][info][gc,heap        ] GC(200) PSYoungGen: 352K(1368576K)->0K(1368576K) Eden: 0K(1338368K)->0K(1338368K) From: 352K(30208K)->0K(30208K)
[105.772s][info][gc,heap        ] GC(200) ParOldGen: 63996K(2796544K)->63996K(2796544K)
[105.772s][info][gc,metaspace   ] GC(200) Metaspace: 104804K(106432K)->104804K(106432K) NonClass: 90765K(91648K)->90765K(91648K) Class: 14039K(14784K)->14039K(14784K)
[105.772s][info][gc             ] GC(200) Pause Full (System.gc()) 62M->62M(4067M) 41.693ms
[105.772s][info][gc,cpu         ] GC(200) User=0.02s Sys=0.00s Real=0.05s
[106.590s][info][gc,start       ] GC(201) Pause Young (Allocation Failure)
[106.598s][info][gc,heap        ] GC(201) PSYoungGen: 1338368K(1368576K)->15648K(1367552K) Eden: 1338368K(1338368K)->0K(1338368K) From: 0K(30208K)->15648K(29184K)
[106.598s][info][gc,heap        ] GC(201) ParOldGen: 63996K(2796544K)->63996K(2796544K)
[106.598s][info][gc,metaspace   ] GC(201) Metaspace: 104806K(106432K)->104806K(106432K) NonClass: 90767K(91648K)->90767K(91648K) Class: 14039K(14784K)->14039K(14784K)
[106.598s][info][gc             ] GC(201) Pause Young (Allocation Failure) 1369M->77M(4066M) 8.436ms
[106.598s][info][gc,cpu         ] GC(201) User=0.03s Sys=0.00s Real=0.01s
[107.144s][info][gc,start       ] GC(202) Pause Young (System.gc())
[107.145s][info][gc,heap        ] GC(202) PSYoungGen: 1187469K(1367552K)->320K(1368576K) Eden: 1171821K(1338368K)->0K(1338368K) From: 15648K(29184K)->320K(30208K)
[107.145s][info][gc,heap        ] GC(202) ParOldGen: 63996K(2796544K)->63996K(2796544K)
[107.145s][info][gc,metaspace   ] GC(202) Metaspace: 104806K(106432K)->104806K(106432K) NonClass: 90767K(91648K)->90767K(91648K) Class: 14039K(14784K)->14039K(14784K)
[107.145s][info][gc             ] GC(202) Pause Young (System.gc()) 1222M->62M(4067M) 0.902ms
[107.145s][info][gc,cpu         ] GC(202) User=0.00s Sys=0.00s Real=0.00s
[107.145s][info][gc,start       ] GC(203) Pause Full (System.gc())
[107.145s][info][gc,phases,start] GC(203) Marking Phase
[107.171s][info][gc,phases      ] GC(203) Marking Phase 25.957ms
[107.171s][info][gc,phases,start] GC(203) Summary Phase
[107.171s][info][gc,phases      ] GC(203) Summary Phase 0.010ms
[107.171s][info][gc,phases,start] GC(203) Adjust Roots
[107.180s][info][gc,phases      ] GC(203) Adjust Roots 8.313ms
[107.180s][info][gc,phases,start] GC(203) Compaction Phase
[107.186s][info][gc,phases      ] GC(203) Compaction Phase 5.821ms
[107.186s][info][gc,phases,start] GC(203) Post Compact
[107.186s][info][gc,phases      ] GC(203) Post Compact 0.742ms
[107.186s][info][gc,heap        ] GC(203) PSYoungGen: 320K(1368576K)->0K(1368576K) Eden: 0K(1338368K)->0K(1338368K) From: 320K(30208K)->0K(30208K)
[107.186s][info][gc,heap        ] GC(203) ParOldGen: 63996K(2796544K)->63996K(2796544K)
[107.186s][info][gc,metaspace   ] GC(203) Metaspace: 104806K(106432K)->104806K(106432K) NonClass: 90767K(91648K)->90767K(91648K) Class: 14039K(14784K)->14039K(14784K)
[107.186s][info][gc             ] GC(203) Pause Full (System.gc()) 62M->62M(4067M) 41.132ms
[107.186s][info][gc,cpu         ] GC(203) User=0.02s Sys=0.00s Real=0.03s
[107.999s][info][gc,start       ] GC(204) Pause Young (Allocation Failure)
[108.007s][info][gc,heap        ] GC(204) PSYoungGen: 1338368K(1368576K)->15392K(1367552K) Eden: 1338368K(1338368K)->0K(1338368K) From: 0K(30208K)->15392K(29184K)
[108.007s][info][gc,heap        ] GC(204) ParOldGen: 63996K(2796544K)->63996K(2796544K)
[108.007s][info][gc,metaspace   ] GC(204) Metaspace: 104806K(106432K)->104806K(106432K) NonClass: 90767K(91648K)->90767K(91648K) Class: 14039K(14784K)->14039K(14784K)
[108.007s][info][gc             ] GC(204) Pause Young (Allocation Failure) 1369M->77M(4066M) 8.327ms
[108.007s][info][gc,cpu         ] GC(204) User=0.00s Sys=0.00s Real=0.00s
[108.543s][info][gc,start       ] GC(205) Pause Young (System.gc())
[108.544s][info][gc,heap        ] GC(205) PSYoungGen: 1187330K(1367552K)->288K(1368576K) Eden: 1171938K(1338368K)->0K(1338368K) From: 15392K(29184K)->288K(30208K)
[108.544s][info][gc,heap        ] GC(205) ParOldGen: 63996K(2796544K)->63996K(2796544K)
[108.544s][info][gc,metaspace   ] GC(205) Metaspace: 104806K(106432K)->104806K(106432K) NonClass: 90767K(91648K)->90767K(91648K) Class: 14039K(14784K)->14039K(14784K)
[108.544s][info][gc             ] GC(205) Pause Young (System.gc()) 1221M->62M(4067M) 0.662ms
[108.544s][info][gc,cpu         ] GC(205) User=0.00s Sys=0.00s Real=0.00s
[108.544s][info][gc,start       ] GC(206) Pause Full (System.gc())
[108.544s][info][gc,phases,start] GC(206) Marking Phase
[108.569s][info][gc,phases      ] GC(206) Marking Phase 24.925ms
[108.569s][info][gc,phases,start] GC(206) Summary Phase
[108.569s][info][gc,phases      ] GC(206) Summary Phase 0.010ms
[108.569s][info][gc,phases,start] GC(206) Adjust Roots
[108.578s][info][gc,phases      ] GC(206) Adjust Roots 9.185ms
[108.578s][info][gc,phases,start] GC(206) Compaction Phase
[108.585s][info][gc,phases      ] GC(206) Compaction Phase 6.321ms
[108.585s][info][gc,phases,start] GC(206) Post Compact
[108.586s][info][gc,phases      ] GC(206) Post Compact 0.872ms
[108.586s][info][gc,heap        ] GC(206) PSYoungGen: 288K(1368576K)->0K(1368576K) Eden: 0K(1338368K)->0K(1338368K) From: 288K(30208K)->0K(30208K)
[108.586s][info][gc,heap        ] GC(206) ParOldGen: 63996K(2796544K)->63996K(2796544K)
[108.586s][info][gc,metaspace   ] GC(206) Metaspace: 104806K(106432K)->104806K(106432K) NonClass: 90767K(91648K)->90767K(91648K) Class: 14039K(14784K)->14039K(14784K)
[108.586s][info][gc             ] GC(206) Pause Full (System.gc()) 62M->62M(4067M) 41.631ms
[108.586s][info][gc,cpu         ] GC(206) User=0.02s Sys=0.00s Real=0.03s
[109.403s][info][gc,start       ] GC(207) Pause Young (Allocation Failure)
[109.411s][info][gc,heap        ] GC(207) PSYoungGen: 1338368K(1368576K)->15360K(1367552K) Eden: 1338368K(1338368K)->0K(1338368K) From: 0K(30208K)->15360K(29184K)
[109.411s][info][gc,heap        ] GC(207) ParOldGen: 63996K(2796544K)->63996K(2796544K)
[109.411s][info][gc,metaspace   ] GC(207) Metaspace: 104807K(106432K)->104807K(106432K) NonClass: 90768K(91648K)->90768K(91648K) Class: 14039K(14784K)->14039K(14784K)
[109.411s][info][gc             ] GC(207) Pause Young (Allocation Failure) 1369M->77M(4066M) 8.082ms
[109.411s][info][gc,cpu         ] GC(207) User=0.00s Sys=0.00s Real=0.00s
[109.937s][info][gc,start       ] GC(208) Pause Young (System.gc())
[109.937s][info][gc,heap        ] GC(208) PSYoungGen: 1194875K(1367552K)->352K(1368576K) Eden: 1179515K(1338368K)->0K(1338368K) From: 15360K(29184K)->352K(30208K)
[109.937s][info][gc,heap        ] GC(208) ParOldGen: 63996K(2796544K)->63996K(2796544K)
[109.937s][info][gc,metaspace   ] GC(208) Metaspace: 104808K(106432K)->104808K(106432K) NonClass: 90769K(91648K)->90769K(91648K) Class: 14039K(14784K)->14039K(14784K)
[109.937s][info][gc             ] GC(208) Pause Young (System.gc()) 1229M->62M(4067M) 0.534ms
[109.937s][info][gc,cpu         ] GC(208) User=0.00s Sys=0.00s Real=0.00s
[109.937s][info][gc,start       ] GC(209) Pause Full (System.gc())
[109.937s][info][gc,phases,start] GC(209) Marking Phase
[109.962s][info][gc,phases      ] GC(209) Marking Phase 24.752ms
[109.962s][info][gc,phases,start] GC(209) Summary Phase
[109.962s][info][gc,phases      ] GC(209) Summary Phase 0.009ms
[109.962s][info][gc,phases,start] GC(209) Adjust Roots
[109.971s][info][gc,phases      ] GC(209) Adjust Roots 8.520ms
[109.971s][info][gc,phases,start] GC(209) Compaction Phase
[109.977s][info][gc,phases      ] GC(209) Compaction Phase 6.725ms
[109.978s][info][gc,phases,start] GC(209) Post Compact
[109.978s][info][gc,phases      ] GC(209) Post Compact 0.747ms
[109.978s][info][gc,heap        ] GC(209) PSYoungGen: 352K(1368576K)->0K(1368576K) Eden: 0K(1338368K)->0K(1338368K) From: 352K(30208K)->0K(30208K)
[109.978s][info][gc,heap        ] GC(209) ParOldGen: 63996K(2796544K)->63996K(2796544K)
[109.978s][info][gc,metaspace   ] GC(209) Metaspace: 104808K(106432K)->104808K(106432K) NonClass: 90769K(91648K)->90769K(91648K) Class: 14039K(14784K)->14039K(14784K)
[109.978s][info][gc             ] GC(209) Pause Full (System.gc()) 62M->62M(4067M) 41.018ms
[109.978s][info][gc,cpu         ] GC(209) User=0.03s Sys=0.00s Real=0.05s
[110.800s][info][gc,start       ] GC(210) Pause Young (Allocation Failure)
[110.808s][info][gc,heap        ] GC(210) PSYoungGen: 1338368K(1368576K)->15648K(1367552K) Eden: 1338368K(1338368K)->0K(1338368K) From: 0K(30208K)->15648K(29184K)
[110.808s][info][gc,heap        ] GC(210) ParOldGen: 63996K(2796544K)->63996K(2796544K)
[110.808s][info][gc,metaspace   ] GC(210) Metaspace: 104817K(106432K)->104817K(106432K) NonClass: 90778K(91648K)->90778K(91648K) Class: 14039K(14784K)->14039K(14784K)
[110.808s][info][gc             ] GC(210) Pause Young (Allocation Failure) 1369M->77M(4066M) 8.381ms
[110.808s][info][gc,cpu         ] GC(210) User=0.02s Sys=0.00s Real=0.02s
[111.351s][info][gc,start       ] GC(211) Pause Young (System.gc())
[111.352s][info][gc,heap        ] GC(211) PSYoungGen: 1189842K(1367552K)->320K(1368576K) Eden: 1174194K(1338368K)->0K(1338368K) From: 15648K(29184K)->320K(30208K)
[111.352s][info][gc,heap        ] GC(211) ParOldGen: 63996K(2796544K)->63996K(2796544K)
[111.352s][info][gc,metaspace   ] GC(211) Metaspace: 104817K(106432K)->104817K(106432K) NonClass: 90778K(91648K)->90778K(91648K) Class: 14039K(14784K)->14039K(14784K)
[111.352s][info][gc             ] GC(211) Pause Young (System.gc()) 1224M->62M(4067M) 0.687ms
[111.352s][info][gc,cpu         ] GC(211) User=0.00s Sys=0.00s Real=0.00s
[111.352s][info][gc,start       ] GC(212) Pause Full (System.gc())
[111.352s][info][gc,phases,start] GC(212) Marking Phase
[111.377s][info][gc,phases      ] GC(212) Marking Phase 25.527ms
[111.377s][info][gc,phases,start] GC(212) Summary Phase
[111.377s][info][gc,phases      ] GC(212) Summary Phase 0.014ms
[111.377s][info][gc,phases,start] GC(212) Adjust Roots
[111.386s][info][gc,phases      ] GC(212) Adjust Roots 8.536ms
[111.386s][info][gc,phases,start] GC(212) Compaction Phase
[111.391s][info][gc,phases      ] GC(212) Compaction Phase 5.430ms
[111.391s][info][gc,phases,start] GC(212) Post Compact
[111.392s][info][gc,phases      ] GC(212) Post Compact 0.772ms
[111.392s][info][gc,heap        ] GC(212) PSYoungGen: 320K(1368576K)->0K(1368576K) Eden: 0K(1338368K)->0K(1338368K) From: 320K(30208K)->0K(30208K)
[111.392s][info][gc,heap        ] GC(212) ParOldGen: 63996K(2796544K)->63996K(2796544K)
[111.392s][info][gc,metaspace   ] GC(212) Metaspace: 104817K(106432K)->104817K(106432K) NonClass: 90778K(91648K)->90778K(91648K) Class: 14039K(14784K)->14039K(14784K)
[111.392s][info][gc             ] GC(212) Pause Full (System.gc()) 62M->62M(4067M) 40.581ms
[111.392s][info][gc,cpu         ] GC(212) User=0.02s Sys=0.00s Real=0.04s
[112.209s][info][gc,start       ] GC(213) Pause Young (Allocation Failure)
[112.217s][info][gc,heap        ] GC(213) PSYoungGen: 1338368K(1368576K)->15520K(1367552K) Eden: 1338368K(1338368K)->0K(1338368K) From: 0K(30208K)->15520K(29184K)
[112.217s][info][gc,heap        ] GC(213) ParOldGen: 63996K(2796544K)->63996K(2796544K)
[112.217s][info][gc,metaspace   ] GC(213) Metaspace: 104823K(106432K)->104823K(106432K) NonClass: 90784K(91648K)->90784K(91648K) Class: 14039K(14784K)->14039K(14784K)
[112.217s][info][gc             ] GC(213) Pause Young (Allocation Failure) 1369M->77M(4066M) 8.273ms
[112.217s][info][gc,cpu         ] GC(213) User=0.00s Sys=0.00s Real=0.00s
[112.751s][info][gc,start       ] GC(214) Pause Young (System.gc())
[112.752s][info][gc,heap        ] GC(214) PSYoungGen: 1187063K(1367552K)->320K(1368576K) Eden: 1171543K(1338368K)->0K(1338368K) From: 15520K(29184K)->320K(30208K)
[112.752s][info][gc,heap        ] GC(214) ParOldGen: 63996K(2796544K)->63996K(2796544K)
[112.752s][info][gc,metaspace   ] GC(214) Metaspace: 104829K(106432K)->104829K(106432K) NonClass: 90790K(91648K)->90790K(91648K) Class: 14039K(14784K)->14039K(14784K)
[112.752s][info][gc             ] GC(214) Pause Young (System.gc()) 1221M->62M(4067M) 0.751ms
[112.752s][info][gc,cpu         ] GC(214) User=0.00s Sys=0.00s Real=0.00s
[112.752s][info][gc,start       ] GC(215) Pause Full (System.gc())
[112.752s][info][gc,phases,start] GC(215) Marking Phase
[112.777s][info][gc,phases      ] GC(215) Marking Phase 25.253ms
[112.777s][info][gc,phases,start] GC(215) Summary Phase
[112.777s][info][gc,phases      ] GC(215) Summary Phase 0.009ms
[112.777s][info][gc,phases,start] GC(215) Adjust Roots
[112.787s][info][gc,phases      ] GC(215) Adjust Roots 9.517ms
[112.787s][info][gc,phases,start] GC(215) Compaction Phase
[112.792s][info][gc,phases      ] GC(215) Compaction Phase 5.388ms
[112.792s][info][gc,phases,start] GC(215) Post Compact
[112.793s][info][gc,phases      ] GC(215) Post Compact 0.805ms
[112.793s][info][gc,heap        ] GC(215) PSYoungGen: 320K(1368576K)->0K(1368576K) Eden: 0K(1338368K)->0K(1338368K) From: 320K(30208K)->0K(30208K)
[112.793s][info][gc,heap        ] GC(215) ParOldGen: 63996K(2796544K)->63996K(2796544K)
[112.793s][info][gc,metaspace   ] GC(215) Metaspace: 104829K(106432K)->104829K(106432K) NonClass: 90790K(91648K)->90790K(91648K) Class: 14039K(14784K)->14039K(14784K)
[112.793s][info][gc             ] GC(215) Pause Full (System.gc()) 62M->62M(4067M) 41.261ms
[112.793s][info][gc,cpu         ] GC(215) User=0.02s Sys=0.00s Real=0.03s
[113.612s][info][gc,start       ] GC(216) Pause Young (Allocation Failure)
[113.621s][info][gc,heap        ] GC(216) PSYoungGen: 1338368K(1368576K)->15360K(1367552K) Eden: 1338368K(1338368K)->0K(1338368K) From: 0K(30208K)->15360K(29184K)
[113.621s][info][gc,heap        ] GC(216) ParOldGen: 63996K(2796544K)->63996K(2796544K)
[113.621s][info][gc,metaspace   ] GC(216) Metaspace: 104829K(106432K)->104829K(106432K) NonClass: 90790K(91648K)->90790K(91648K) Class: 14039K(14784K)->14039K(14784K)
[113.621s][info][gc             ] GC(216) Pause Young (Allocation Failure) 1369M->77M(4066M) 8.980ms
[113.621s][info][gc,cpu         ] GC(216) User=0.02s Sys=0.00s Real=0.00s
[114.153s][info][gc,start       ] GC(217) Pause Young (System.gc())
[114.153s][info][gc,heap        ] GC(217) PSYoungGen: 1194867K(1367552K)->320K(1368576K) Eden: 1179506K(1338368K)->0K(1338368K) From: 15360K(29184K)->320K(30208K)
[114.153s][info][gc,heap        ] GC(217) ParOldGen: 63996K(2796544K)->63996K(2796544K)
[114.153s][info][gc,metaspace   ] GC(217) Metaspace: 104833K(106496K)->104833K(106496K) NonClass: 90794K(91712K)->90794K(91712K) Class: 14039K(14784K)->14039K(14784K)
[114.153s][info][gc             ] GC(217) Pause Young (System.gc()) 1229M->62M(4067M) 0.631ms
[114.153s][info][gc,cpu         ] GC(217) User=0.00s Sys=0.00s Real=0.01s
[114.153s][info][gc,start       ] GC(218) Pause Full (System.gc())
[114.153s][info][gc,phases,start] GC(218) Marking Phase
[114.180s][info][gc,phases      ] GC(218) Marking Phase 26.286ms
[114.180s][info][gc,phases,start] GC(218) Summary Phase
[114.180s][info][gc,phases      ] GC(218) Summary Phase 0.010ms
[114.180s][info][gc,phases,start] GC(218) Adjust Roots
[114.188s][info][gc,phases      ] GC(218) Adjust Roots 8.723ms
[114.188s][info][gc,phases,start] GC(218) Compaction Phase
[114.195s][info][gc,phases      ] GC(218) Compaction Phase 6.167ms
[114.195s][info][gc,phases,start] GC(218) Post Compact
[114.196s][info][gc,phases      ] GC(218) Post Compact 0.810ms
[114.196s][info][gc,heap        ] GC(218) PSYoungGen: 320K(1368576K)->0K(1368576K) Eden: 0K(1338368K)->0K(1338368K) From: 320K(30208K)->0K(30208K)
[114.196s][info][gc,heap        ] GC(218) ParOldGen: 63996K(2796544K)->63996K(2796544K)
[114.196s][info][gc,metaspace   ] GC(218) Metaspace: 104833K(106496K)->104833K(106496K) NonClass: 90794K(91712K)->90794K(91712K) Class: 14039K(14784K)->14039K(14784K)
[114.196s][info][gc             ] GC(218) Pause Full (System.gc()) 62M->62M(4067M) 42.283ms
[114.196s][info][gc,cpu         ] GC(218) User=0.02s Sys=0.00s Real=0.04s
[115.015s][info][gc,start       ] GC(219) Pause Young (Allocation Failure)
[115.024s][info][gc,heap        ] GC(219) PSYoungGen: 1338368K(1368576K)->15520K(1367552K) Eden: 1338368K(1338368K)->0K(1338368K) From: 0K(30208K)->15520K(29184K)
[115.024s][info][gc,heap        ] GC(219) ParOldGen: 63996K(2796544K)->63996K(2796544K)
[115.024s][info][gc,metaspace   ] GC(219) Metaspace: 104833K(106496K)->104833K(106496K) NonClass: 90794K(91712K)->90794K(91712K) Class: 14039K(14784K)->14039K(14784K)
[115.024s][info][gc             ] GC(219) Pause Young (Allocation Failure) 1369M->77M(4066M) 9.279ms
[115.024s][info][gc,cpu         ] GC(219) User=0.00s Sys=0.00s Real=0.01s
[115.558s][info][gc,start       ] GC(220) Pause Young (System.gc())
[115.559s][info][gc,heap        ] GC(220) PSYoungGen: 1187064K(1367552K)->384K(1368576K) Eden: 1171544K(1338368K)->0K(1338368K) From: 15520K(29184K)->384K(30208K)
[115.559s][info][gc,heap        ] GC(220) ParOldGen: 63996K(2796544K)->63996K(2796544K)
[115.559s][info][gc,metaspace   ] GC(220) Metaspace: 104833K(106496K)->104833K(106496K) NonClass: 90794K(91712K)->90794K(91712K) Class: 14039K(14784K)->14039K(14784K)
[115.559s][info][gc             ] GC(220) Pause Young (System.gc()) 1221M->62M(4067M) 0.720ms
[115.559s][info][gc,cpu         ] GC(220) User=0.00s Sys=0.00s Real=0.00s
[115.559s][info][gc,start       ] GC(221) Pause Full (System.gc())
[115.559s][info][gc,phases,start] GC(221) Marking Phase
[115.584s][info][gc,phases      ] GC(221) Marking Phase 25.245ms
[115.584s][info][gc,phases,start] GC(221) Summary Phase
[115.584s][info][gc,phases      ] GC(221) Summary Phase 0.009ms
[115.584s][info][gc,phases,start] GC(221) Adjust Roots
[115.592s][info][gc,phases      ] GC(221) Adjust Roots 8.306ms
[115.593s][info][gc,phases,start] GC(221) Compaction Phase
[115.598s][info][gc,phases      ] GC(221) Compaction Phase 5.881ms
[115.598s][info][gc,phases,start] GC(221) Post Compact
[115.599s][info][gc,phases      ] GC(221) Post Compact 0.945ms
[115.599s][info][gc,heap        ] GC(221) PSYoungGen: 384K(1368576K)->0K(1368576K) Eden: 0K(1338368K)->0K(1338368K) From: 384K(30208K)->0K(30208K)
[115.600s][info][gc,heap        ] GC(221) ParOldGen: 63996K(2796544K)->63996K(2796544K)
[115.600s][info][gc,metaspace   ] GC(221) Metaspace: 104833K(106496K)->104833K(106496K) NonClass: 90794K(91712K)->90794K(91712K) Class: 14039K(14784K)->14039K(14784K)
[115.600s][info][gc             ] GC(221) Pause Full (System.gc()) 62M->62M(4067M) 40.676ms
[115.600s][info][gc,cpu         ] GC(221) User=0.00s Sys=0.00s Real=0.04s
[116.413s][info][gc,start       ] GC(222) Pause Young (Allocation Failure)
[116.421s][info][gc,heap        ] GC(222) PSYoungGen: 1338368K(1368576K)->15264K(1367552K) Eden: 1338368K(1338368K)->0K(1338368K) From: 0K(30208K)->15264K(29184K)
[116.421s][info][gc,heap        ] GC(222) ParOldGen: 63996K(2796544K)->63996K(2796544K)
[116.421s][info][gc,metaspace   ] GC(222) Metaspace: 104833K(106496K)->104833K(106496K) NonClass: 90794K(91712K)->90794K(91712K) Class: 14039K(14784K)->14039K(14784K)
[116.421s][info][gc             ] GC(222) Pause Young (Allocation Failure) 1369M->77M(4066M) 8.103ms
[116.421s][info][gc,cpu         ] GC(222) User=0.00s Sys=0.00s Real=0.00s
[116.978s][info][gc,start       ] GC(223) Pause Young (System.gc())
[116.978s][info][gc,heap        ] GC(223) PSYoungGen: 1199855K(1367552K)->352K(1368576K) Eden: 1184591K(1338368K)->0K(1338368K) From: 15264K(29184K)->352K(30208K)
[116.978s][info][gc,heap        ] GC(223) ParOldGen: 63996K(2796544K)->63996K(2796544K)
[116.978s][info][gc,metaspace   ] GC(223) Metaspace: 104833K(106496K)->104833K(106496K) NonClass: 90794K(91712K)->90794K(91712K) Class: 14039K(14784K)->14039K(14784K)
[116.978s][info][gc             ] GC(223) Pause Young (System.gc()) 1234M->62M(4067M) 0.489ms
[116.978s][info][gc,cpu         ] GC(223) User=0.00s Sys=0.00s Real=0.00s
[116.978s][info][gc,start       ] GC(224) Pause Full (System.gc())
[116.978s][info][gc,phases,start] GC(224) Marking Phase
[117.005s][info][gc,phases      ] GC(224) Marking Phase 26.965ms
[117.005s][info][gc,phases,start] GC(224) Summary Phase
[117.005s][info][gc,phases      ] GC(224) Summary Phase 0.009ms
[117.005s][info][gc,phases,start] GC(224) Adjust Roots
[117.014s][info][gc,phases      ] GC(224) Adjust Roots 9.117ms
[117.014s][info][gc,phases,start] GC(224) Compaction Phase
[117.021s][info][gc,phases      ] GC(224) Compaction Phase 7.043ms
[117.021s][info][gc,phases,start] GC(224) Post Compact
[117.022s][info][gc,phases      ] GC(224) Post Compact 0.943ms
[117.022s][info][gc,heap        ] GC(224) PSYoungGen: 352K(1368576K)->0K(1368576K) Eden: 0K(1338368K)->0K(1338368K) From: 352K(30208K)->0K(30208K)
[117.022s][info][gc,heap        ] GC(224) ParOldGen: 63996K(2796544K)->63996K(2796544K)
[117.022s][info][gc,metaspace   ] GC(224) Metaspace: 104833K(106496K)->104833K(106496K) NonClass: 90794K(91712K)->90794K(91712K) Class: 14039K(14784K)->14039K(14784K)
[117.023s][info][gc             ] GC(224) Pause Full (System.gc()) 62M->62M(4067M) 44.397ms
[117.023s][info][gc,cpu         ] GC(224) User=0.02s Sys=0.00s Real=0.05s
[117.838s][info][gc,start       ] GC(225) Pause Young (Allocation Failure)
[117.846s][info][gc,heap        ] GC(225) PSYoungGen: 1338368K(1368576K)->15456K(1367552K) Eden: 1338368K(1338368K)->0K(1338368K) From: 0K(30208K)->15456K(29184K)
[117.846s][info][gc,heap        ] GC(225) ParOldGen: 63996K(2796544K)->63996K(2796544K)
[117.846s][info][gc,metaspace   ] GC(225) Metaspace: 104834K(106496K)->104834K(106496K) NonClass: 90795K(91712K)->90795K(91712K) Class: 14039K(14784K)->14039K(14784K)
[117.846s][info][gc             ] GC(225) Pause Young (Allocation Failure) 1369M->77M(4066M) 8.286ms
[117.846s][info][gc,cpu         ] GC(225) User=0.00s Sys=0.00s Real=0.02s
[118.386s][info][gc,start       ] GC(226) Pause Young (System.gc())
[118.387s][info][gc,heap        ] GC(226) PSYoungGen: 1187276K(1367552K)->320K(1368576K) Eden: 1171820K(1338368K)->0K(1338368K) From: 15456K(29184K)->320K(30208K)
[118.387s][info][gc,heap        ] GC(226) ParOldGen: 63996K(2796544K)->63996K(2796544K)
[118.387s][info][gc,metaspace   ] GC(226) Metaspace: 104834K(106496K)->104834K(106496K) NonClass: 90795K(91712K)->90795K(91712K) Class: 14039K(14784K)->14039K(14784K)
[118.387s][info][gc             ] GC(226) Pause Young (System.gc()) 1221M->62M(4067M) 0.859ms
[118.387s][info][gc,cpu         ] GC(226) User=0.00s Sys=0.00s Real=0.00s
[118.387s][info][gc,start       ] GC(227) Pause Full (System.gc())
[118.387s][info][gc,phases,start] GC(227) Marking Phase
[118.412s][info][gc,phases      ] GC(227) Marking Phase 25.249ms
[118.412s][info][gc,phases,start] GC(227) Summary Phase
[118.412s][info][gc,phases      ] GC(227) Summary Phase 0.010ms
[118.412s][info][gc,phases,start] GC(227) Adjust Roots
[118.420s][info][gc,phases      ] GC(227) Adjust Roots 8.216ms
[118.421s][info][gc,phases,start] GC(227) Compaction Phase
[118.427s][info][gc,phases      ] GC(227) Compaction Phase 6.231ms
[118.427s][info][gc,phases,start] GC(227) Post Compact
[118.428s][info][gc,phases      ] GC(227) Post Compact 0.841ms
[118.428s][info][gc,heap        ] GC(227) PSYoungGen: 320K(1368576K)->0K(1368576K) Eden: 0K(1338368K)->0K(1338368K) From: 320K(30208K)->0K(30208K)
[118.428s][info][gc,heap        ] GC(227) ParOldGen: 63996K(2796544K)->63996K(2796544K)
[118.428s][info][gc,metaspace   ] GC(227) Metaspace: 104834K(106496K)->104834K(106496K) NonClass: 90795K(91712K)->90795K(91712K) Class: 14039K(14784K)->14039K(14784K)
[118.428s][info][gc             ] GC(227) Pause Full (System.gc()) 62M->62M(4067M) 40.845ms
[118.428s][info][gc,cpu         ] GC(227) User=0.03s Sys=0.00s Real=0.05s
[119.239s][info][gc,start       ] GC(228) Pause Young (Allocation Failure)
[119.247s][info][gc,heap        ] GC(228) PSYoungGen: 1338368K(1368576K)->15584K(1367552K) Eden: 1338368K(1338368K)->0K(1338368K) From: 0K(30208K)->15584K(29184K)
[119.247s][info][gc,heap        ] GC(228) ParOldGen: 63996K(2796544K)->63996K(2796544K)
[119.247s][info][gc,metaspace   ] GC(228) Metaspace: 104836K(106496K)->104836K(106496K) NonClass: 90797K(91712K)->90797K(91712K) Class: 14039K(14784K)->14039K(14784K)
[119.247s][info][gc             ] GC(228) Pause Young (Allocation Failure) 1369M->77M(4066M) 8.545ms
[119.247s][info][gc,cpu         ] GC(228) User=0.02s Sys=0.00s Real=0.02s
[119.784s][info][gc,start       ] GC(229) Pause Young (System.gc())
[119.784s][info][gc,heap        ] GC(229) PSYoungGen: 1187133K(1367552K)->320K(1368576K) Eden: 1171549K(1338368K)->0K(1338368K) From: 15584K(29184K)->320K(30208K)
[119.784s][info][gc,heap        ] GC(229) ParOldGen: 63996K(2796544K)->63996K(2796544K)
[119.784s][info][gc,metaspace   ] GC(229) Metaspace: 104836K(106496K)->104836K(106496K) NonClass: 90797K(91712K)->90797K(91712K) Class: 14039K(14784K)->14039K(14784K)
[119.784s][info][gc             ] GC(229) Pause Young (System.gc()) 1221M->62M(4067M) 0.698ms
[119.784s][info][gc,cpu         ] GC(229) User=0.00s Sys=0.00s Real=0.00s
[119.784s][info][gc,start       ] GC(230) Pause Full (System.gc())
[119.784s][info][gc,phases,start] GC(230) Marking Phase
[119.810s][info][gc,phases      ] GC(230) Marking Phase 25.359ms
[119.810s][info][gc,phases,start] GC(230) Summary Phase
[119.810s][info][gc,phases      ] GC(230) Summary Phase 0.010ms
[119.810s][info][gc,phases,start] GC(230) Adjust Roots
[119.818s][info][gc,phases      ] GC(230) Adjust Roots 8.239ms
[119.818s][info][gc,phases,start] GC(230) Compaction Phase
[119.824s][info][gc,phases      ] GC(230) Compaction Phase 6.064ms
[119.824s][info][gc,phases,start] GC(230) Post Compact
[119.825s][info][gc,phases      ] GC(230) Post Compact 1.003ms
[119.827s][info][gc,heap        ] GC(230) PSYoungGen: 320K(1368576K)->0K(1368576K) Eden: 0K(1338368K)->0K(1338368K) From: 320K(30208K)->0K(30208K)
[119.827s][info][gc,heap        ] GC(230) ParOldGen: 63996K(2796544K)->63996K(2796544K)
[119.827s][info][gc,metaspace   ] GC(230) Metaspace: 104836K(106496K)->104836K(106496K) NonClass: 90797K(91712K)->90797K(91712K) Class: 14039K(14784K)->14039K(14784K)
[119.827s][info][gc             ] GC(230) Pause Full (System.gc()) 62M->62M(4067M) 42.864ms
[119.827s][info][gc,cpu         ] GC(230) User=0.05s Sys=0.00s Real=0.05s
[120.655s][info][gc,start       ] GC(231) Pause Young (Allocation Failure)
[120.663s][info][gc,heap        ] GC(231) PSYoungGen: 1338368K(1368576K)->15552K(1367552K) Eden: 1338368K(1338368K)->0K(1338368K) From: 0K(30208K)->15552K(29184K)
[120.663s][info][gc,heap        ] GC(231) ParOldGen: 63996K(2796544K)->63996K(2796544K)
[120.663s][info][gc,metaspace   ] GC(231) Metaspace: 104847K(106496K)->104847K(106496K) NonClass: 90808K(91712K)->90808K(91712K) Class: 14039K(14784K)->14039K(14784K)
[120.663s][info][gc             ] GC(231) Pause Young (Allocation Failure) 1369M->77M(4066M) 8.533ms
[120.663s][info][gc,cpu         ] GC(231) User=0.02s Sys=0.00s Real=0.02s
[121.203s][info][gc,start       ] GC(232) Pause Young (System.gc())
[121.203s][info][gc,heap        ] GC(232) PSYoungGen: 1187374K(1367552K)->384K(1368576K) Eden: 1171822K(1338368K)->0K(1338368K) From: 15552K(29184K)->384K(30208K)
[121.203s][info][gc,heap        ] GC(232) ParOldGen: 63996K(2796544K)->63996K(2796544K)
[121.203s][info][gc,metaspace   ] GC(232) Metaspace: 104859K(106496K)->104859K(106496K) NonClass: 90820K(91712K)->90820K(91712K) Class: 14039K(14784K)->14039K(14784K)
[121.203s][info][gc             ] GC(232) Pause Young (System.gc()) 1222M->62M(4067M) 0.542ms
[121.203s][info][gc,cpu         ] GC(232) User=0.00s Sys=0.00s Real=0.00s
[121.203s][info][gc,start       ] GC(233) Pause Full (System.gc())
[121.203s][info][gc,phases,start] GC(233) Marking Phase
[121.228s][info][gc,phases      ] GC(233) Marking Phase 25.381ms
[121.229s][info][gc,phases,start] GC(233) Summary Phase
[121.229s][info][gc,phases      ] GC(233) Summary Phase 0.010ms
[121.229s][info][gc,phases,start] GC(233) Adjust Roots
[121.237s][info][gc,phases      ] GC(233) Adjust Roots 8.363ms
[121.237s][info][gc,phases,start] GC(233) Compaction Phase
[121.243s][info][gc,phases      ] GC(233) Compaction Phase 6.484ms
[121.244s][info][gc,phases,start] GC(233) Post Compact
[121.244s][info][gc,phases      ] GC(233) Post Compact 0.865ms
[121.244s][info][gc,heap        ] GC(233) PSYoungGen: 384K(1368576K)->0K(1368576K) Eden: 0K(1338368K)->0K(1338368K) From: 384K(30208K)->0K(30208K)
[121.244s][info][gc,heap        ] GC(233) ParOldGen: 63996K(2796544K)->63996K(2796544K)
[121.244s][info][gc,metaspace   ] GC(233) Metaspace: 104859K(106496K)->104859K(106496K) NonClass: 90820K(91712K)->90820K(91712K) Class: 14039K(14784K)->14039K(14784K)
[121.244s][info][gc             ] GC(233) Pause Full (System.gc()) 62M->62M(4067M) 41.392ms
[121.244s][info][gc,cpu         ] GC(233) User=0.03s Sys=0.00s Real=0.05s
[122.060s][info][gc,start       ] GC(234) Pause Young (Allocation Failure)
[122.068s][info][gc,heap        ] GC(234) PSYoungGen: 1338368K(1368576K)->15616K(1367552K) Eden: 1338368K(1338368K)->0K(1338368K) From: 0K(30208K)->15616K(29184K)
[122.069s][info][gc,heap        ] GC(234) ParOldGen: 63996K(2796544K)->63996K(2796544K)
[122.069s][info][gc,metaspace   ] GC(234) Metaspace: 104887K(106496K)->104887K(106496K) NonClass: 90848K(91712K)->90848K(91712K) Class: 14039K(14784K)->14039K(14784K)
[122.069s][info][gc             ] GC(234) Pause Young (Allocation Failure) 1369M->77M(4066M) 8.381ms
[122.069s][info][gc,cpu         ] GC(234) User=0.02s Sys=0.00s Real=0.02s
[122.612s][info][gc,start       ] GC(235) Pause Young (System.gc())
[122.613s][info][gc,heap        ] GC(235) PSYoungGen: 1189799K(1367552K)->352K(1368576K) Eden: 1174183K(1338368K)->0K(1338368K) From: 15616K(29184K)->352K(30208K)
[122.613s][info][gc,heap        ] GC(235) ParOldGen: 63996K(2796544K)->63996K(2796544K)
[122.613s][info][gc,metaspace   ] GC(235) Metaspace: 104887K(106496K)->104887K(106496K) NonClass: 90848K(91712K)->90848K(91712K) Class: 14039K(14784K)->14039K(14784K)
[122.613s][info][gc             ] GC(235) Pause Young (System.gc()) 1224M->62M(4067M) 0.743ms
[122.613s][info][gc,cpu         ] GC(235) User=0.03s Sys=0.00s Real=0.02s
[122.613s][info][gc,start       ] GC(236) Pause Full (System.gc())
[122.613s][info][gc,phases,start] GC(236) Marking Phase
[122.643s][info][gc,phases      ] GC(236) Marking Phase 29.675ms
[122.643s][info][gc,phases,start] GC(236) Summary Phase
[122.643s][info][gc,phases      ] GC(236) Summary Phase 0.010ms
[122.643s][info][gc,phases,start] GC(236) Adjust Roots
[122.651s][info][gc,phases      ] GC(236) Adjust Roots 8.427ms
[122.651s][info][gc,phases,start] GC(236) Compaction Phase
[122.657s][info][gc,phases      ] GC(236) Compaction Phase 5.575ms
[122.657s][info][gc,phases,start] GC(236) Post Compact
[122.658s][info][gc,phases      ] GC(236) Post Compact 0.894ms
[122.658s][info][gc,heap        ] GC(236) PSYoungGen: 352K(1368576K)->0K(1368576K) Eden: 0K(1338368K)->0K(1338368K) From: 352K(30208K)->0K(30208K)
[122.658s][info][gc,heap        ] GC(236) ParOldGen: 63996K(2796544K)->63996K(2796544K)
[122.658s][info][gc,metaspace   ] GC(236) Metaspace: 104887K(106496K)->104887K(106496K) NonClass: 90848K(91712K)->90848K(91712K) Class: 14039K(14784K)->14039K(14784K)
[122.658s][info][gc             ] GC(236) Pause Full (System.gc()) 62M->62M(4067M) 44.881ms
[122.658s][info][gc,cpu         ] GC(236) User=0.03s Sys=0.00s Real=0.03s
[123.473s][info][gc,start       ] GC(237) Pause Young (Allocation Failure)
[123.482s][info][gc,heap        ] GC(237) PSYoungGen: 1338368K(1368576K)->15360K(1367552K) Eden: 1338368K(1338368K)->0K(1338368K) From: 0K(30208K)->15360K(29184K)
[123.482s][info][gc,heap        ] GC(237) ParOldGen: 63996K(2796544K)->63996K(2796544K)
[123.482s][info][gc,metaspace   ] GC(237) Metaspace: 104887K(106496K)->104887K(106496K) NonClass: 90848K(91712K)->90848K(91712K) Class: 14039K(14784K)->14039K(14784K)
[123.482s][info][gc             ] GC(237) Pause Young (Allocation Failure) 1369M->77M(4066M) 8.369ms
[123.482s][info][gc,cpu         ] GC(237) User=0.00s Sys=0.00s Real=0.01s
[124.014s][info][gc,start       ] GC(238) Pause Young (System.gc())
[124.015s][info][gc,heap        ] GC(238) PSYoungGen: 1194867K(1367552K)->352K(1368576K) Eden: 1179507K(1338368K)->0K(1338368K) From: 15360K(29184K)->352K(30208K)
[124.015s][info][gc,heap        ] GC(238) ParOldGen: 63996K(2796544K)->63996K(2796544K)
[124.015s][info][gc,metaspace   ] GC(238) Metaspace: 104887K(106496K)->104887K(106496K) NonClass: 90848K(91712K)->90848K(91712K) Class: 14039K(14784K)->14039K(14784K)
[124.015s][info][gc             ] GC(238) Pause Young (System.gc()) 1229M->62M(4067M) 0.850ms
[124.015s][info][gc,cpu         ] GC(238) User=0.00s Sys=0.00s Real=0.00s
[124.015s][info][gc,start       ] GC(239) Pause Full (System.gc())
[124.015s][info][gc,phases,start] GC(239) Marking Phase
[124.041s][info][gc,phases      ] GC(239) Marking Phase 26.706ms
[124.041s][info][gc,phases,start] GC(239) Summary Phase
[124.041s][info][gc,phases      ] GC(239) Summary Phase 0.012ms
[124.041s][info][gc,phases,start] GC(239) Adjust Roots
[124.050s][info][gc,phases      ] GC(239) Adjust Roots 8.364ms
[124.050s][info][gc,phases,start] GC(239) Compaction Phase
[124.056s][info][gc,phases      ] GC(239) Compaction Phase 6.570ms
[124.057s][info][gc,phases,start] GC(239) Post Compact
[124.058s][info][gc,phases      ] GC(239) Post Compact 1.043ms
[124.058s][info][gc,heap        ] GC(239) PSYoungGen: 352K(1368576K)->0K(1368576K) Eden: 0K(1338368K)->0K(1338368K) From: 352K(30208K)->0K(30208K)
[124.058s][info][gc,heap        ] GC(239) ParOldGen: 63996K(2796544K)->63996K(2796544K)
[124.058s][info][gc,metaspace   ] GC(239) Metaspace: 104887K(106496K)->104887K(106496K) NonClass: 90848K(91712K)->90848K(91712K) Class: 14039K(14784K)->14039K(14784K)
[124.058s][info][gc             ] GC(239) Pause Full (System.gc()) 62M->62M(4067M) 42.978ms
[124.058s][info][gc,cpu         ] GC(239) User=0.02s Sys=0.00s Real=0.05s
[124.865s][info][gc,start       ] GC(240) Pause Young (Allocation Failure)
[124.873s][info][gc,heap        ] GC(240) PSYoungGen: 1338368K(1368576K)->15424K(1367552K) Eden: 1338368K(1338368K)->0K(1338368K) From: 0K(30208K)->15424K(29184K)
[124.873s][info][gc,heap        ] GC(240) ParOldGen: 63996K(2796544K)->63996K(2796544K)
[124.873s][info][gc,metaspace   ] GC(240) Metaspace: 104887K(106496K)->104887K(106496K) NonClass: 90848K(91712K)->90848K(91712K) Class: 14039K(14784K)->14039K(14784K)
[124.873s][info][gc             ] GC(240) Pause Young (Allocation Failure) 1369M->77M(4066M) 8.252ms
[124.873s][info][gc,cpu         ] GC(240) User=0.00s Sys=0.00s Real=0.02s
[125.413s][info][gc,start       ] GC(241) Pause Young (System.gc())
[125.414s][info][gc,heap        ] GC(241) PSYoungGen: 1187334K(1367552K)->384K(1368576K) Eden: 1171910K(1338368K)->0K(1338368K) From: 15424K(29184K)->384K(30208K)
[125.414s][info][gc,heap        ] GC(241) ParOldGen: 63996K(2796544K)->63996K(2796544K)
[125.414s][info][gc,metaspace   ] GC(241) Metaspace: 104887K(106496K)->104887K(106496K) NonClass: 90848K(91712K)->90848K(91712K) Class: 14039K(14784K)->14039K(14784K)
[125.414s][info][gc             ] GC(241) Pause Young (System.gc()) 1222M->62M(4067M) 0.781ms
[125.414s][info][gc,cpu         ] GC(241) User=0.00s Sys=0.00s Real=0.00s
[125.414s][info][gc,start       ] GC(242) Pause Full (System.gc())
[125.414s][info][gc,phases,start] GC(242) Marking Phase
[125.440s][info][gc,phases      ] GC(242) Marking Phase 25.639ms
[125.440s][info][gc,phases,start] GC(242) Summary Phase
[125.440s][info][gc,phases      ] GC(242) Summary Phase 0.010ms
[125.440s][info][gc,phases,start] GC(242) Adjust Roots
[125.449s][info][gc,phases      ] GC(242) Adjust Roots 8.882ms
[125.449s][info][gc,phases,start] GC(242) Compaction Phase
[125.455s][info][gc,phases      ] GC(242) Compaction Phase 6.050ms
[125.455s][info][gc,phases,start] GC(242) Post Compact
[125.456s][info][gc,phases      ] GC(242) Post Compact 0.874ms
[125.456s][info][gc,heap        ] GC(242) PSYoungGen: 384K(1368576K)->0K(1368576K) Eden: 0K(1338368K)->0K(1338368K) From: 384K(30208K)->0K(30208K)
[125.456s][info][gc,heap        ] GC(242) ParOldGen: 63996K(2796544K)->63996K(2796544K)
[125.456s][info][gc,metaspace   ] GC(242) Metaspace: 104887K(106496K)->104887K(106496K) NonClass: 90848K(91712K)->90848K(91712K) Class: 14039K(14784K)->14039K(14784K)
[125.456s][info][gc             ] GC(242) Pause Full (System.gc()) 62M->62M(4067M) 41.742ms
[125.456s][info][gc,cpu         ] GC(242) User=0.02s Sys=0.00s Real=0.05s
[126.271s][info][gc,start       ] GC(243) Pause Young (Allocation Failure)
[126.279s][info][gc,heap        ] GC(243) PSYoungGen: 1338368K(1368576K)->15328K(1367552K) Eden: 1338368K(1338368K)->0K(1338368K) From: 0K(30208K)->15328K(29184K)
[126.279s][info][gc,heap        ] GC(243) ParOldGen: 63996K(2796544K)->63996K(2796544K)
[126.279s][info][gc,metaspace   ] GC(243) Metaspace: 104887K(106496K)->104887K(106496K) NonClass: 90848K(91712K)->90848K(91712K) Class: 14039K(14784K)->14039K(14784K)
[126.279s][info][gc             ] GC(243) Pause Young (Allocation Failure) 1369M->77M(4066M) 8.058ms
[126.279s][info][gc,cpu         ] GC(243) User=0.02s Sys=0.00s Real=0.01s
[126.818s][info][gc,start       ] GC(244) Pause Young (System.gc())
[126.818s][info][gc,heap        ] GC(244) PSYoungGen: 1194818K(1367552K)->352K(1368576K) Eden: 1179490K(1338368K)->0K(1338368K) From: 15328K(29184K)->352K(30208K)
[126.818s][info][gc,heap        ] GC(244) ParOldGen: 63996K(2796544K)->63996K(2796544K)
[126.818s][info][gc,metaspace   ] GC(244) Metaspace: 104887K(106496K)->104887K(106496K) NonClass: 90848K(91712K)->90848K(91712K) Class: 14039K(14784K)->14039K(14784K)
[126.818s][info][gc             ] GC(244) Pause Young (System.gc()) 1229M->62M(4067M) 0.538ms
[126.818s][info][gc,cpu         ] GC(244) User=0.00s Sys=0.00s Real=0.00s
[126.818s][info][gc,start       ] GC(245) Pause Full (System.gc())
[126.818s][info][gc,phases,start] GC(245) Marking Phase
[126.843s][info][gc,phases      ] GC(245) Marking Phase 24.865ms
[126.843s][info][gc,phases,start] GC(245) Summary Phase
[126.843s][info][gc,phases      ] GC(245) Summary Phase 0.010ms
[126.843s][info][gc,phases,start] GC(245) Adjust Roots
[126.852s][info][gc,phases      ] GC(245) Adjust Roots 8.491ms
[126.852s][info][gc,phases,start] GC(245) Compaction Phase
[126.858s][info][gc,phases      ] GC(245) Compaction Phase 6.112ms
[126.858s][info][gc,phases,start] GC(245) Post Compact
[126.859s][info][gc,phases      ] GC(245) Post Compact 0.821ms
[126.859s][info][gc,heap        ] GC(245) PSYoungGen: 352K(1368576K)->0K(1368576K) Eden: 0K(1338368K)->0K(1338368K) From: 352K(30208K)->0K(30208K)
[126.859s][info][gc,heap        ] GC(245) ParOldGen: 63996K(2796544K)->63996K(2796544K)
[126.859s][info][gc,metaspace   ] GC(245) Metaspace: 104887K(106496K)->104887K(106496K) NonClass: 90848K(91712K)->90848K(91712K) Class: 14039K(14784K)->14039K(14784K)
[126.859s][info][gc             ] GC(245) Pause Full (System.gc()) 62M->62M(4067M) 40.609ms
[126.859s][info][gc,cpu         ] GC(245) User=0.00s Sys=0.00s Real=0.05s
[127.671s][info][gc,start       ] GC(246) Pause Young (Allocation Failure)
[127.679s][info][gc,heap        ] GC(246) PSYoungGen: 1338368K(1368576K)->15232K(1367552K) Eden: 1338368K(1338368K)->0K(1338368K) From: 0K(30208K)->15232K(29184K)
[127.679s][info][gc,heap        ] GC(246) ParOldGen: 63996K(2796544K)->63996K(2796544K)
[127.679s][info][gc,metaspace   ] GC(246) Metaspace: 104887K(106496K)->104887K(106496K) NonClass: 90848K(91712K)->90848K(91712K) Class: 14039K(14784K)->14039K(14784K)
[127.679s][info][gc             ] GC(246) Pause Young (Allocation Failure) 1369M->77M(4066M) 8.324ms
[127.679s][info][gc,cpu         ] GC(246) User=0.02s Sys=0.00s Real=0.02s
[128.218s][info][gc,start       ] GC(247) Pause Young (System.gc())
[128.219s][info][gc,heap        ] GC(247) PSYoungGen: 1199886K(1367552K)->320K(1368576K) Eden: 1184654K(1338368K)->0K(1338880K) From: 15232K(29184K)->320K(29696K)
[128.219s][info][gc,heap        ] GC(247) ParOldGen: 63996K(2796544K)->63996K(2796544K)
[128.219s][info][gc,metaspace   ] GC(247) Metaspace: 104887K(106496K)->104887K(106496K) NonClass: 90848K(91712K)->90848K(91712K) Class: 14039K(14784K)->14039K(14784K)
[128.219s][info][gc             ] GC(247) Pause Young (System.gc()) 1234M->62M(4067M) 0.601ms
[128.219s][info][gc,cpu         ] GC(247) User=0.00s Sys=0.00s Real=0.00s
[128.219s][info][gc,start       ] GC(248) Pause Full (System.gc())
[128.219s][info][gc,phases,start] GC(248) Marking Phase
[128.246s][info][gc,phases      ] GC(248) Marking Phase 27.038ms
[128.246s][info][gc,phases,start] GC(248) Summary Phase
[128.246s][info][gc,phases      ] GC(248) Summary Phase 0.010ms
[128.246s][info][gc,phases,start] GC(248) Adjust Roots
[128.255s][info][gc,phases      ] GC(248) Adjust Roots 8.559ms
[128.255s][info][gc,phases,start] GC(248) Compaction Phase
[128.261s][info][gc,phases      ] GC(248) Compaction Phase 6.381ms
[128.261s][info][gc,phases,start] GC(248) Post Compact
[128.262s][info][gc,phases      ] GC(248) Post Compact 0.747ms
[128.262s][info][gc,heap        ] GC(248) PSYoungGen: 320K(1368576K)->0K(1368576K) Eden: 0K(1338880K)->0K(1338880K) From: 320K(29696K)->0K(29696K)
[128.262s][info][gc,heap        ] GC(248) ParOldGen: 63996K(2796544K)->63996K(2796544K)
[128.262s][info][gc,metaspace   ] GC(248) Metaspace: 104887K(106496K)->104887K(106496K) NonClass: 90848K(91712K)->90848K(91712K) Class: 14039K(14784K)->14039K(14784K)
[128.262s][info][gc             ] GC(248) Pause Full (System.gc()) 62M->62M(4067M) 43.028ms
[128.262s][info][gc,cpu         ] GC(248) User=0.03s Sys=0.00s Real=0.05s
[129.080s][info][gc,start       ] GC(249) Pause Young (Allocation Failure)
[129.088s][info][gc,heap        ] GC(249) PSYoungGen: 1338880K(1368576K)->15488K(1354752K) Eden: 1338880K(1338880K)->0K(1338880K) From: 0K(29696K)->15488K(15872K)
[129.088s][info][gc,heap        ] GC(249) ParOldGen: 63996K(2796544K)->63996K(2796544K)
[129.088s][info][gc,metaspace   ] GC(249) Metaspace: 104888K(106496K)->104888K(106496K) NonClass: 90849K(91712K)->90849K(91712K) Class: 14039K(14784K)->14039K(14784K)
[129.088s][info][gc             ] GC(249) Pause Young (Allocation Failure) 1369M->77M(4054M) 8.378ms
[129.088s][info][gc,cpu         ] GC(249) User=0.00s Sys=0.00s Real=0.00s
[129.616s][info][gc,start       ] GC(250) Pause Young (System.gc())
[129.616s][info][gc,heap        ] GC(250) PSYoungGen: 1187762K(1354752K)->352K(1368576K) Eden: 1172274K(1338880K)->0K(1338368K) From: 15488K(15872K)->352K(30208K)
[129.617s][info][gc,heap        ] GC(250) ParOldGen: 63996K(2796544K)->63996K(2796544K)
[129.617s][info][gc,metaspace   ] GC(250) Metaspace: 104888K(106496K)->104888K(106496K) NonClass: 90849K(91712K)->90849K(91712K) Class: 14039K(14784K)->14039K(14784K)
[129.617s][info][gc             ] GC(250) Pause Young (System.gc()) 1222M->62M(4067M) 0.630ms
[129.617s][info][gc,cpu         ] GC(250) User=0.00s Sys=0.00s Real=0.00s
[129.617s][info][gc,start       ] GC(251) Pause Full (System.gc())
[129.617s][info][gc,phases,start] GC(251) Marking Phase
[129.643s][info][gc,phases      ] GC(251) Marking Phase 26.207ms
[129.643s][info][gc,phases,start] GC(251) Summary Phase
[129.643s][info][gc,phases      ] GC(251) Summary Phase 0.010ms
[129.643s][info][gc,phases,start] GC(251) Adjust Roots
[129.652s][info][gc,phases      ] GC(251) Adjust Roots 8.809ms
[129.652s][info][gc,phases,start] GC(251) Compaction Phase
[129.658s][info][gc,phases      ] GC(251) Compaction Phase 5.830ms
[129.658s][info][gc,phases,start] GC(251) Post Compact
[129.659s][info][gc,phases      ] GC(251) Post Compact 0.864ms
[129.659s][info][gc,heap        ] GC(251) PSYoungGen: 352K(1368576K)->0K(1368576K) Eden: 0K(1338368K)->0K(1338368K) From: 352K(30208K)->0K(30208K)
[129.659s][info][gc,heap        ] GC(251) ParOldGen: 63996K(2796544K)->63996K(2796544K)
[129.659s][info][gc,metaspace   ] GC(251) Metaspace: 104888K(106496K)->104888K(106496K) NonClass: 90849K(91712K)->90849K(91712K) Class: 14039K(14784K)->14039K(14784K)
[129.659s][info][gc             ] GC(251) Pause Full (System.gc()) 62M->62M(4067M) 42.001ms
[129.659s][info][gc,cpu         ] GC(251) User=0.03s Sys=0.00s Real=0.05s
[130.476s][info][gc,start       ] GC(252) Pause Young (Allocation Failure)
[130.484s][info][gc,heap        ] GC(252) PSYoungGen: 1338368K(1368576K)->15520K(1367552K) Eden: 1338368K(1338368K)->0K(1338368K) From: 0K(30208K)->15520K(29184K)
[130.484s][info][gc,heap        ] GC(252) ParOldGen: 63996K(2796544K)->64004K(2796544K)
[130.484s][info][gc,metaspace   ] GC(252) Metaspace: 104890K(106496K)->104890K(106496K) NonClass: 90851K(91712K)->90851K(91712K) Class: 14039K(14784K)->14039K(14784K)
[130.485s][info][gc             ] GC(252) Pause Young (Allocation Failure) 1369M->77M(4066M) 8.144ms
[130.485s][info][gc,cpu         ] GC(252) User=0.02s Sys=0.00s Real=0.01s
[131.021s][info][gc,start       ] GC(253) Pause Young (System.gc())
[131.021s][info][gc,heap        ] GC(253) PSYoungGen: 1187341K(1367552K)->320K(1368576K) Eden: 1171821K(1338368K)->0K(1338368K) From: 15520K(29184K)->320K(30208K)
[131.021s][info][gc,heap        ] GC(253) ParOldGen: 64004K(2796544K)->64004K(2796544K)
[131.021s][info][gc,metaspace   ] GC(253) Metaspace: 104890K(106496K)->104890K(106496K) NonClass: 90851K(91712K)->90851K(91712K) Class: 14039K(14784K)->14039K(14784K)
[131.021s][info][gc             ] GC(253) Pause Young (System.gc()) 1222M->62M(4067M) 0.541ms
[131.021s][info][gc,cpu         ] GC(253) User=0.00s Sys=0.00s Real=0.00s
[131.021s][info][gc,start       ] GC(254) Pause Full (System.gc())
[131.021s][info][gc,phases,start] GC(254) Marking Phase
[131.047s][info][gc,phases      ] GC(254) Marking Phase 26.107ms
[131.048s][info][gc,phases,start] GC(254) Summary Phase
[131.048s][info][gc,phases      ] GC(254) Summary Phase 0.011ms
[131.048s][info][gc,phases,start] GC(254) Adjust Roots
[131.056s][info][gc,phases      ] GC(254) Adjust Roots 8.916ms
[131.057s][info][gc,phases,start] GC(254) Compaction Phase
[131.062s][info][gc,phases      ] GC(254) Compaction Phase 5.640ms
[131.062s][info][gc,phases,start] GC(254) Post Compact
[131.063s][info][gc,phases      ] GC(254) Post Compact 0.729ms
[131.063s][info][gc,heap        ] GC(254) PSYoungGen: 320K(1368576K)->0K(1368576K) Eden: 0K(1338368K)->0K(1338368K) From: 320K(30208K)->0K(30208K)
[131.063s][info][gc,heap        ] GC(254) ParOldGen: 64004K(2796544K)->63996K(2796544K)
[131.063s][info][gc,metaspace   ] GC(254) Metaspace: 104890K(106496K)->104890K(106496K) NonClass: 90851K(91712K)->90851K(91712K) Class: 14039K(14784K)->14039K(14784K)
[131.063s][info][gc             ] GC(254) Pause Full (System.gc()) 62M->62M(4067M) 41.682ms
[131.063s][info][gc,cpu         ] GC(254) User=0.05s Sys=0.00s Real=0.05s
[131.880s][info][gc,start       ] GC(255) Pause Young (Allocation Failure)
[131.888s][info][gc,heap        ] GC(255) PSYoungGen: 1338368K(1368576K)->15456K(1367552K) Eden: 1338368K(1338368K)->0K(1338368K) From: 0K(30208K)->15456K(29184K)
[131.888s][info][gc,heap        ] GC(255) ParOldGen: 63996K(2796544K)->63996K(2796544K)
[131.888s][info][gc,metaspace   ] GC(255) Metaspace: 104890K(106496K)->104890K(106496K) NonClass: 90851K(91712K)->90851K(91712K) Class: 14039K(14784K)->14039K(14784K)
[131.888s][info][gc             ] GC(255) Pause Young (Allocation Failure) 1369M->77M(4066M) 8.473ms
[131.888s][info][gc,cpu         ] GC(255) User=0.02s Sys=0.00s Real=0.02s
[132.419s][info][gc,start       ] GC(256) Pause Young (System.gc())
[132.419s][info][gc,heap        ] GC(256) PSYoungGen: 1189644K(1367552K)->320K(1368576K) Eden: 1174188K(1338368K)->0K(1338368K) From: 15456K(29184K)->320K(30208K)
[132.419s][info][gc,heap        ] GC(256) ParOldGen: 63996K(2796544K)->63996K(2796544K)
[132.419s][info][gc,metaspace   ] GC(256) Metaspace: 104890K(106496K)->104890K(106496K) NonClass: 90851K(91712K)->90851K(91712K) Class: 14039K(14784K)->14039K(14784K)
[132.420s][info][gc             ] GC(256) Pause Young (System.gc()) 1224M->62M(4067M) 0.768ms
[132.420s][info][gc,cpu         ] GC(256) User=0.00s Sys=0.00s Real=0.00s
[132.420s][info][gc,start       ] GC(257) Pause Full (System.gc())
[132.420s][info][gc,phases,start] GC(257) Marking Phase
[132.445s][info][gc,phases      ] GC(257) Marking Phase 25.470ms
[132.445s][info][gc,phases,start] GC(257) Summary Phase
[132.445s][info][gc,phases      ] GC(257) Summary Phase 0.010ms
[132.445s][info][gc,phases,start] GC(257) Adjust Roots
[132.454s][info][gc,phases      ] GC(257) Adjust Roots 9.122ms
[132.454s][info][gc,phases,start] GC(257) Compaction Phase
[132.460s][info][gc,phases      ] GC(257) Compaction Phase 5.745ms
[132.460s][info][gc,phases,start] GC(257) Post Compact
[132.461s][info][gc,phases      ] GC(257) Post Compact 0.809ms
[132.461s][info][gc,heap        ] GC(257) PSYoungGen: 320K(1368576K)->0K(1368576K) Eden: 0K(1338368K)->0K(1338368K) From: 320K(30208K)->0K(30208K)
[132.461s][info][gc,heap        ] GC(257) ParOldGen: 63996K(2796544K)->63996K(2796544K)
[132.461s][info][gc,metaspace   ] GC(257) Metaspace: 104890K(106496K)->104890K(106496K) NonClass: 90851K(91712K)->90851K(91712K) Class: 14039K(14784K)->14039K(14784K)
[132.461s][info][gc             ] GC(257) Pause Full (System.gc()) 62M->62M(4067M) 41.411ms
[132.461s][info][gc,cpu         ] GC(257) User=0.00s Sys=0.00s Real=0.05s
[133.282s][info][gc,start       ] GC(258) Pause Young (Allocation Failure)
[133.291s][info][gc,heap        ] GC(258) PSYoungGen: 1338368K(1368576K)->15424K(1367552K) Eden: 1338368K(1338368K)->0K(1338368K) From: 0K(30208K)->15424K(29184K)
[133.291s][info][gc,heap        ] GC(258) ParOldGen: 63996K(2796544K)->63996K(2796544K)
[133.291s][info][gc,metaspace   ] GC(258) Metaspace: 104890K(106496K)->104890K(106496K) NonClass: 90851K(91712K)->90851K(91712K) Class: 14039K(14784K)->14039K(14784K)
[133.291s][info][gc             ] GC(258) Pause Young (Allocation Failure) 1369M->77M(4066M) 8.366ms
[133.291s][info][gc,cpu         ] GC(258) User=0.03s Sys=0.00s Real=0.02s
[133.825s][info][gc,start       ] GC(259) Pause Young (System.gc())
[133.825s][info][gc,heap        ] GC(259) PSYoungGen: 1187239K(1367552K)->352K(1368576K) Eden: 1171815K(1338368K)->0K(1338368K) From: 15424K(29184K)->352K(30208K)
[133.825s][info][gc,heap        ] GC(259) ParOldGen: 63996K(2796544K)->63996K(2796544K)
[133.825s][info][gc,metaspace   ] GC(259) Metaspace: 104890K(106496K)->104890K(106496K) NonClass: 90851K(91712K)->90851K(91712K) Class: 14039K(14784K)->14039K(14784K)
[133.825s][info][gc             ] GC(259) Pause Young (System.gc()) 1221M->62M(4067M) 0.670ms
[133.826s][info][gc,cpu         ] GC(259) User=0.00s Sys=0.00s Real=0.00s
[133.826s][info][gc,start       ] GC(260) Pause Full (System.gc())
[133.826s][info][gc,phases,start] GC(260) Marking Phase
[133.851s][info][gc,phases      ] GC(260) Marking Phase 25.314ms
[133.851s][info][gc,phases,start] GC(260) Summary Phase
[133.851s][info][gc,phases      ] GC(260) Summary Phase 0.010ms
[133.851s][info][gc,phases,start] GC(260) Adjust Roots
[133.860s][info][gc,phases      ] GC(260) Adjust Roots 8.576ms
[133.860s][info][gc,phases,start] GC(260) Compaction Phase
[133.866s][info][gc,phases      ] GC(260) Compaction Phase 6.832ms
[133.866s][info][gc,phases,start] GC(260) Post Compact
[133.868s][info][gc,phases      ] GC(260) Post Compact 1.035ms
[133.868s][info][gc,heap        ] GC(260) PSYoungGen: 352K(1368576K)->0K(1368576K) Eden: 0K(1338368K)->0K(1338368K) From: 352K(30208K)->0K(30208K)
[133.868s][info][gc,heap        ] GC(260) ParOldGen: 63996K(2796544K)->63996K(2796544K)
[133.868s][info][gc,metaspace   ] GC(260) Metaspace: 104890K(106496K)->104890K(106496K) NonClass: 90851K(91712K)->90851K(91712K) Class: 14039K(14784K)->14039K(14784K)
[133.868s][info][gc             ] GC(260) Pause Full (System.gc()) 62M->62M(4067M) 42.059ms
[133.868s][info][gc,cpu         ] GC(260) User=0.05s Sys=0.00s Real=0.05s
[134.692s][info][gc,start       ] GC(261) Pause Young (Allocation Failure)
[134.701s][info][gc,heap        ] GC(261) PSYoungGen: 1338368K(1368576K)->15488K(1367552K) Eden: 1338368K(1338368K)->0K(1338368K) From: 0K(30208K)->15488K(29184K)
[134.701s][info][gc,heap        ] GC(261) ParOldGen: 63996K(2796544K)->63996K(2796544K)
[134.701s][info][gc,metaspace   ] GC(261) Metaspace: 104891K(106496K)->104891K(106496K) NonClass: 90852K(91712K)->90852K(91712K) Class: 14039K(14784K)->14039K(14784K)
[134.701s][info][gc             ] GC(261) Pause Young (Allocation Failure) 1369M->77M(4066M) 8.378ms
[134.701s][info][gc,cpu         ] GC(261) User=0.02s Sys=0.00s Real=0.01s
[135.245s][info][gc,start       ] GC(262) Pause Young (System.gc())
[135.245s][info][gc,heap        ] GC(262) PSYoungGen: 1187655K(1367552K)->352K(1368576K) Eden: 1172167K(1338368K)->0K(1338368K) From: 15488K(29184K)->352K(30208K)
[135.245s][info][gc,heap        ] GC(262) ParOldGen: 63996K(2796544K)->63996K(2796544K)
[135.245s][info][gc,metaspace   ] GC(262) Metaspace: 104891K(106496K)->104891K(106496K) NonClass: 90852K(91712K)->90852K(91712K) Class: 14039K(14784K)->14039K(14784K)
[135.245s][info][gc             ] GC(262) Pause Young (System.gc()) 1222M->62M(4067M) 0.661ms
[135.245s][info][gc,cpu         ] GC(262) User=0.00s Sys=0.00s Real=0.00s
[135.245s][info][gc,start       ] GC(263) Pause Full (System.gc())
[135.245s][info][gc,phases,start] GC(263) Marking Phase
[135.271s][info][gc,phases      ] GC(263) Marking Phase 25.240ms
[135.271s][info][gc,phases,start] GC(263) Summary Phase
[135.271s][info][gc,phases      ] GC(263) Summary Phase 0.010ms
[135.271s][info][gc,phases,start] GC(263) Adjust Roots
[135.280s][info][gc,phases      ] GC(263) Adjust Roots 9.376ms
[135.280s][info][gc,phases,start] GC(263) Compaction Phase
[135.286s][info][gc,phases      ] GC(263) Compaction Phase 5.539ms
[135.286s][info][gc,phases,start] GC(263) Post Compact
[135.287s][info][gc,phases      ] GC(263) Post Compact 0.770ms
[135.287s][info][gc,heap        ] GC(263) PSYoungGen: 352K(1368576K)->0K(1368576K) Eden: 0K(1338368K)->0K(1338368K) From: 352K(30208K)->0K(30208K)
[135.287s][info][gc,heap        ] GC(263) ParOldGen: 63996K(2796544K)->63996K(2796544K)
[135.287s][info][gc,metaspace   ] GC(263) Metaspace: 104891K(106496K)->104891K(106496K) NonClass: 90852K(91712K)->90852K(91712K) Class: 14039K(14784K)->14039K(14784K)
[135.287s][info][gc             ] GC(263) Pause Full (System.gc()) 62M->62M(4067M) 41.219ms
[135.287s][info][gc,cpu         ] GC(263) User=0.00s Sys=0.00s Real=0.05s
[136.111s][info][gc,start       ] GC(264) Pause Young (Allocation Failure)
[136.120s][info][gc,heap        ] GC(264) PSYoungGen: 1338368K(1368576K)->15520K(1367552K) Eden: 1338368K(1338368K)->0K(1338368K) From: 0K(30208K)->15520K(29184K)
[136.120s][info][gc,heap        ] GC(264) ParOldGen: 63996K(2796544K)->63996K(2796544K)
[136.120s][info][gc,metaspace   ] GC(264) Metaspace: 104891K(106496K)->104891K(106496K) NonClass: 90852K(91712K)->90852K(91712K) Class: 14039K(14784K)->14039K(14784K)
[136.120s][info][gc             ] GC(264) Pause Young (Allocation Failure) 1369M->77M(4066M) 8.466ms
[136.120s][info][gc,cpu         ] GC(264) User=0.02s Sys=0.00s Real=0.01s
[136.647s][info][gc,start       ] GC(265) Pause Young (System.gc())
[136.647s][info][gc,heap        ] GC(265) PSYoungGen: 1187327K(1367552K)->320K(1368576K) Eden: 1171807K(1338368K)->0K(1338368K) From: 15520K(29184K)->320K(30208K)
[136.647s][info][gc,heap        ] GC(265) ParOldGen: 63996K(2796544K)->63996K(2796544K)
[136.647s][info][gc,metaspace   ] GC(265) Metaspace: 104891K(106496K)->104891K(106496K) NonClass: 90852K(91712K)->90852K(91712K) Class: 14039K(14784K)->14039K(14784K)
[136.647s][info][gc             ] GC(265) Pause Young (System.gc()) 1221M->62M(4067M) 0.741ms
[136.648s][info][gc,cpu         ] GC(265) User=0.00s Sys=0.00s Real=0.00s
[136.648s][info][gc,start       ] GC(266) Pause Full (System.gc())
[136.648s][info][gc,phases,start] GC(266) Marking Phase
[136.673s][info][gc,phases      ] GC(266) Marking Phase 25.503ms
[136.673s][info][gc,phases,start] GC(266) Summary Phase
[136.673s][info][gc,phases      ] GC(266) Summary Phase 0.009ms
[136.673s][info][gc,phases,start] GC(266) Adjust Roots
[136.682s][info][gc,phases      ] GC(266) Adjust Roots 8.446ms
[136.682s][info][gc,phases,start] GC(266) Compaction Phase
[136.687s][info][gc,phases      ] GC(266) Compaction Phase 5.567ms
[136.687s][info][gc,phases,start] GC(266) Post Compact
[136.688s][info][gc,phases      ] GC(266) Post Compact 0.828ms
[136.688s][info][gc,heap        ] GC(266) PSYoungGen: 320K(1368576K)->0K(1368576K) Eden: 0K(1338368K)->0K(1338368K) From: 320K(30208K)->0K(30208K)
[136.688s][info][gc,heap        ] GC(266) ParOldGen: 63996K(2796544K)->63996K(2796544K)
[136.688s][info][gc,metaspace   ] GC(266) Metaspace: 104891K(106496K)->104891K(106496K) NonClass: 90852K(91712K)->90852K(91712K) Class: 14039K(14784K)->14039K(14784K)
[136.688s][info][gc             ] GC(266) Pause Full (System.gc()) 62M->62M(4067M) 40.619ms
[136.688s][info][gc,cpu         ] GC(266) User=0.02s Sys=0.00s Real=0.05s
[137.509s][info][gc,start       ] GC(267) Pause Young (Allocation Failure)
[137.517s][info][gc,heap        ] GC(267) PSYoungGen: 1338368K(1368576K)->15264K(1367552K) Eden: 1338368K(1338368K)->0K(1338368K) From: 0K(30208K)->15264K(29184K)
[137.517s][info][gc,heap        ] GC(267) ParOldGen: 63996K(2796544K)->64004K(2796544K)
[137.517s][info][gc,metaspace   ] GC(267) Metaspace: 104893K(106496K)->104893K(106496K) NonClass: 90854K(91712K)->90854K(91712K) Class: 14039K(14784K)->14039K(14784K)
[137.517s][info][gc             ] GC(267) Pause Young (Allocation Failure) 1369M->77M(4066M) 8.175ms
[137.517s][info][gc,cpu         ] GC(267) User=0.00s Sys=0.00s Real=0.00s
[138.047s][info][gc,start       ] GC(268) Pause Young (System.gc())
[138.048s][info][gc,heap        ] GC(268) PSYoungGen: 1194766K(1367552K)->320K(1368576K) Eden: 1179501K(1338368K)->0K(1338368K) From: 15264K(29184K)->320K(30208K)
[138.048s][info][gc,heap        ] GC(268) ParOldGen: 64004K(2796544K)->64004K(2796544K)
[138.048s][info][gc,metaspace   ] GC(268) Metaspace: 104894K(106496K)->104894K(106496K) NonClass: 90855K(91712K)->90855K(91712K) Class: 14039K(14784K)->14039K(14784K)
[138.048s][info][gc             ] GC(268) Pause Young (System.gc()) 1229M->62M(4067M) 0.601ms
[138.048s][info][gc,cpu         ] GC(268) User=0.00s Sys=0.00s Real=0.00s
[138.048s][info][gc,start       ] GC(269) Pause Full (System.gc())
[138.048s][info][gc,phases,start] GC(269) Marking Phase
[138.072s][info][gc,phases      ] GC(269) Marking Phase 24.393ms
[138.072s][info][gc,phases,start] GC(269) Summary Phase
[138.072s][info][gc,phases      ] GC(269) Summary Phase 0.014ms
[138.072s][info][gc,phases,start] GC(269) Adjust Roots
[138.082s][info][gc,phases      ] GC(269) Adjust Roots 9.268ms
[138.082s][info][gc,phases,start] GC(269) Compaction Phase
[138.087s][info][gc,phases      ] GC(269) Compaction Phase 5.572ms
[138.087s][info][gc,phases,start] GC(269) Post Compact
[138.088s][info][gc,phases      ] GC(269) Post Compact 0.864ms
[138.088s][info][gc,heap        ] GC(269) PSYoungGen: 320K(1368576K)->0K(1368576K) Eden: 0K(1338368K)->0K(1338368K) From: 320K(30208K)->0K(30208K)
[138.088s][info][gc,heap        ] GC(269) ParOldGen: 64004K(2796544K)->63996K(2796544K)
[138.088s][info][gc,metaspace   ] GC(269) Metaspace: 104894K(106496K)->104894K(106496K) NonClass: 90855K(91712K)->90855K(91712K) Class: 14039K(14784K)->14039K(14784K)
[138.088s][info][gc             ] GC(269) Pause Full (System.gc()) 62M->62M(4067M) 40.393ms
[138.088s][info][gc,cpu         ] GC(269) User=0.06s Sys=0.00s Real=0.05s
[138.912s][info][gc,start       ] GC(270) Pause Young (Allocation Failure)
[138.921s][info][gc,heap        ] GC(270) PSYoungGen: 1338368K(1368576K)->15552K(1367552K) Eden: 1338368K(1338368K)->0K(1338368K) From: 0K(30208K)->15552K(29184K)
[138.923s][info][gc,heap        ] GC(270) ParOldGen: 63996K(2796544K)->64004K(2796544K)
[138.923s][info][gc,metaspace   ] GC(270) Metaspace: 104900K(106496K)->104900K(106496K) NonClass: 90861K(91712K)->90861K(91712K) Class: 14039K(14784K)->14039K(14784K)
[138.923s][info][gc             ] GC(270) Pause Young (Allocation Failure) 1369M->77M(4066M) 10.489ms
[138.923s][info][gc,cpu         ] GC(270) User=0.02s Sys=0.00s Real=0.02s
[139.478s][info][gc,start       ] GC(271) Pause Young (System.gc())
[139.478s][info][gc,heap        ] GC(271) PSYoungGen: 1187103K(1367552K)->352K(1368576K) Eden: 1171551K(1338368K)->0K(1338368K) From: 15552K(29184K)->352K(30208K)
[139.478s][info][gc,heap        ] GC(271) ParOldGen: 64004K(2796544K)->64004K(2796544K)
[139.478s][info][gc,metaspace   ] GC(271) Metaspace: 104900K(106496K)->104900K(106496K) NonClass: 90861K(91712K)->90861K(91712K) Class: 14039K(14784K)->14039K(14784K)
[139.478s][info][gc             ] GC(271) Pause Young (System.gc()) 1221M->62M(4067M) 0.508ms
[139.478s][info][gc,cpu         ] GC(271) User=0.00s Sys=0.00s Real=0.00s
[139.479s][info][gc,start       ] GC(272) Pause Full (System.gc())
[139.479s][info][gc,phases,start] GC(272) Marking Phase
[139.503s][info][gc,phases      ] GC(272) Marking Phase 24.937ms
[139.504s][info][gc,phases,start] GC(272) Summary Phase
[139.504s][info][gc,phases      ] GC(272) Summary Phase 0.010ms
[139.504s][info][gc,phases,start] GC(272) Adjust Roots
[139.512s][info][gc,phases      ] GC(272) Adjust Roots 8.552ms
[139.512s][info][gc,phases,start] GC(272) Compaction Phase
[139.517s][info][gc,phases      ] GC(272) Compaction Phase 5.250ms
[139.517s][info][gc,phases,start] GC(272) Post Compact
[139.518s][info][gc,phases      ] GC(272) Post Compact 0.898ms
[139.518s][info][gc,heap        ] GC(272) PSYoungGen: 352K(1368576K)->0K(1368576K) Eden: 0K(1338368K)->0K(1338368K) From: 352K(30208K)->0K(30208K)
[139.518s][info][gc,heap        ] GC(272) ParOldGen: 64004K(2796544K)->63996K(2796544K)
[139.518s][info][gc,metaspace   ] GC(272) Metaspace: 104900K(106496K)->104900K(106496K) NonClass: 90861K(91712K)->90861K(91712K) Class: 14039K(14784K)->14039K(14784K)
[139.518s][info][gc             ] GC(272) Pause Full (System.gc()) 62M->62M(4067M) 39.931ms
[139.518s][info][gc,cpu         ] GC(272) User=0.00s Sys=0.00s Real=0.05s
[140.348s][info][gc,start       ] GC(273) Pause Young (Allocation Failure)
[140.356s][info][gc,heap        ] GC(273) PSYoungGen: 1338368K(1368576K)->15424K(1367552K) Eden: 1338368K(1338368K)->0K(1338368K) From: 0K(30208K)->15424K(29184K)
[140.356s][info][gc,heap        ] GC(273) ParOldGen: 63996K(2796544K)->63996K(2796544K)
[140.356s][info][gc,metaspace   ] GC(273) Metaspace: 104900K(106496K)->104900K(106496K) NonClass: 90861K(91712K)->90861K(91712K) Class: 14039K(14784K)->14039K(14784K)
[140.356s][info][gc             ] GC(273) Pause Young (Allocation Failure) 1369M->77M(4066M) 8.324ms
[140.356s][info][gc,cpu         ] GC(273) User=0.00s Sys=0.00s Real=0.00s
[140.887s][info][gc,start       ] GC(274) Pause Young (System.gc())
[140.887s][info][gc,heap        ] GC(274) PSYoungGen: 1181779K(1367552K)->288K(1368576K) Eden: 1166355K(1338368K)->0K(1338368K) From: 15424K(29184K)->288K(30208K)
[140.887s][info][gc,heap        ] GC(274) ParOldGen: 63996K(2796544K)->63996K(2796544K)
[140.887s][info][gc,metaspace   ] GC(274) Metaspace: 104900K(106496K)->104900K(106496K) NonClass: 90861K(91712K)->90861K(91712K) Class: 14039K(14784K)->14039K(14784K)
[140.887s][info][gc             ] GC(274) Pause Young (System.gc()) 1216M->62M(4067M) 0.611ms
[140.887s][info][gc,cpu         ] GC(274) User=0.00s Sys=0.00s Real=0.00s
[140.887s][info][gc,start       ] GC(275) Pause Full (System.gc())
[140.887s][info][gc,phases,start] GC(275) Marking Phase
[140.913s][info][gc,phases      ] GC(275) Marking Phase 25.256ms
[140.913s][info][gc,phases,start] GC(275) Summary Phase
[140.913s][info][gc,phases      ] GC(275) Summary Phase 0.010ms
[140.913s][info][gc,phases,start] GC(275) Adjust Roots
[140.921s][info][gc,phases      ] GC(275) Adjust Roots 8.240ms
[140.921s][info][gc,phases,start] GC(275) Compaction Phase
[140.928s][info][gc,phases      ] GC(275) Compaction Phase 7.177ms
[140.928s][info][gc,phases,start] GC(275) Post Compact
[140.929s][info][gc,phases      ] GC(275) Post Compact 0.823ms
[140.929s][info][gc,heap        ] GC(275) PSYoungGen: 288K(1368576K)->0K(1368576K) Eden: 0K(1338368K)->0K(1338368K) From: 288K(30208K)->0K(30208K)
[140.929s][info][gc,heap        ] GC(275) ParOldGen: 63996K(2796544K)->63996K(2796544K)
[140.929s][info][gc,metaspace   ] GC(275) Metaspace: 104900K(106496K)->104900K(106496K) NonClass: 90861K(91712K)->90861K(91712K) Class: 14039K(14784K)->14039K(14784K)
[140.929s][info][gc             ] GC(275) Pause Full (System.gc()) 62M->62M(4067M) 41.795ms
[140.929s][info][gc,cpu         ] GC(275) User=0.03s Sys=0.00s Real=0.05s
[141.759s][info][gc,start       ] GC(276) Pause Young (Allocation Failure)
[141.767s][info][gc,heap        ] GC(276) PSYoungGen: 1338368K(1368576K)->15584K(1367552K) Eden: 1338368K(1338368K)->0K(1338368K) From: 0K(30208K)->15584K(29184K)
[141.767s][info][gc,heap        ] GC(276) ParOldGen: 63996K(2796544K)->63996K(2796544K)
[141.767s][info][gc,metaspace   ] GC(276) Metaspace: 104900K(106496K)->104900K(106496K) NonClass: 90861K(91712K)->90861K(91712K) Class: 14039K(14784K)->14039K(14784K)
[141.767s][info][gc             ] GC(276) Pause Young (Allocation Failure) 1369M->77M(4066M) 8.158ms
[141.767s][info][gc,cpu         ] GC(276) User=0.00s Sys=0.00s Real=0.00s
[142.317s][info][gc,start       ] GC(277) Pause Young (System.gc())
[142.317s][info][gc,heap        ] GC(277) PSYoungGen: 1189509K(1367552K)->352K(1368576K) Eden: 1173925K(1338368K)->0K(1338368K) From: 15584K(29184K)->352K(30208K)
[142.317s][info][gc,heap        ] GC(277) ParOldGen: 63996K(2796544K)->63996K(2796544K)
[142.317s][info][gc,metaspace   ] GC(277) Metaspace: 104900K(106496K)->104900K(106496K) NonClass: 90861K(91712K)->90861K(91712K) Class: 14039K(14784K)->14039K(14784K)
[142.317s][info][gc             ] GC(277) Pause Young (System.gc()) 1224M->62M(4067M) 0.659ms
[142.317s][info][gc,cpu         ] GC(277) User=0.00s Sys=0.00s Real=0.00s
[142.317s][info][gc,start       ] GC(278) Pause Full (System.gc())
[142.317s][info][gc,phases,start] GC(278) Marking Phase
[142.343s][info][gc,phases      ] GC(278) Marking Phase 25.544ms
[142.343s][info][gc,phases,start] GC(278) Summary Phase
[142.343s][info][gc,phases      ] GC(278) Summary Phase 0.011ms
[142.343s][info][gc,phases,start] GC(278) Adjust Roots
[142.352s][info][gc,phases      ] GC(278) Adjust Roots 8.717ms
[142.352s][info][gc,phases,start] GC(278) Compaction Phase
[142.358s][info][gc,phases      ] GC(278) Compaction Phase 6.269ms
[142.358s][info][gc,phases,start] GC(278) Post Compact
[142.359s][info][gc,phases      ] GC(278) Post Compact 0.867ms
[142.359s][info][gc,heap        ] GC(278) PSYoungGen: 352K(1368576K)->0K(1368576K) Eden: 0K(1338368K)->0K(1338368K) From: 352K(30208K)->0K(30208K)
[142.359s][info][gc,heap        ] GC(278) ParOldGen: 63996K(2796544K)->63997K(2796544K)
[142.359s][info][gc,metaspace   ] GC(278) Metaspace: 104900K(106496K)->104900K(106496K) NonClass: 90861K(91712K)->90861K(91712K) Class: 14039K(14784K)->14039K(14784K)
[142.359s][info][gc             ] GC(278) Pause Full (System.gc()) 62M->62M(4067M) 41.697ms
[142.359s][info][gc,cpu         ] GC(278) User=0.00s Sys=0.00s Real=0.04s
[143.180s][info][gc,start       ] GC(279) Pause Young (Allocation Failure)
[143.188s][info][gc,heap        ] GC(279) PSYoungGen: 1338368K(1368576K)->15520K(1367552K) Eden: 1338368K(1338368K)->0K(1338368K) From: 0K(30208K)->15520K(29184K)
[143.188s][info][gc,heap        ] GC(279) ParOldGen: 63997K(2796544K)->63997K(2796544K)
[143.188s][info][gc,metaspace   ] GC(279) Metaspace: 104900K(106496K)->104900K(106496K) NonClass: 90861K(91712K)->90861K(91712K) Class: 14039K(14784K)->14039K(14784K)
[143.188s][info][gc             ] GC(279) Pause Young (Allocation Failure) 1369M->77M(4066M) 8.498ms
[143.188s][info][gc,cpu         ] GC(279) User=0.02s Sys=0.00s Real=0.02s
[143.730s][info][gc,start       ] GC(280) Pause Young (System.gc())
[143.731s][info][gc,heap        ] GC(280) PSYoungGen: 1187336K(1367552K)->320K(1368576K) Eden: 1171816K(1338368K)->0K(1338368K) From: 15520K(29184K)->320K(30208K)
[143.731s][info][gc,heap        ] GC(280) ParOldGen: 63997K(2796544K)->63997K(2796544K)
[143.731s][info][gc,metaspace   ] GC(280) Metaspace: 104900K(106496K)->104900K(106496K) NonClass: 90861K(91712K)->90861K(91712K) Class: 14039K(14784K)->14039K(14784K)
[143.731s][info][gc             ] GC(280) Pause Young (System.gc()) 1222M->62M(4067M) 0.642ms
[143.731s][info][gc,cpu         ] GC(280) User=0.00s Sys=0.00s Real=0.00s
[143.731s][info][gc,start       ] GC(281) Pause Full (System.gc())
[143.731s][info][gc,phases,start] GC(281) Marking Phase
[143.756s][info][gc,phases      ] GC(281) Marking Phase 25.295ms
[143.756s][info][gc,phases,start] GC(281) Summary Phase
[143.756s][info][gc,phases      ] GC(281) Summary Phase 0.010ms
[143.756s][info][gc,phases,start] GC(281) Adjust Roots
[143.765s][info][gc,phases      ] GC(281) Adjust Roots 8.407ms
[143.765s][info][gc,phases,start] GC(281) Compaction Phase
[143.771s][info][gc,phases      ] GC(281) Compaction Phase 6.125ms
[143.771s][info][gc,phases,start] GC(281) Post Compact
[143.772s][info][gc,phases      ] GC(281) Post Compact 0.828ms
[143.772s][info][gc,heap        ] GC(281) PSYoungGen: 320K(1368576K)->0K(1368576K) Eden: 0K(1338368K)->0K(1338368K) From: 320K(30208K)->0K(30208K)
[143.772s][info][gc,heap        ] GC(281) ParOldGen: 63997K(2796544K)->63996K(2796544K)
[143.772s][info][gc,metaspace   ] GC(281) Metaspace: 104900K(106496K)->104900K(106496K) NonClass: 90861K(91712K)->90861K(91712K) Class: 14039K(14784K)->14039K(14784K)
[143.772s][info][gc             ] GC(281) Pause Full (System.gc()) 62M->62M(4067M) 40.950ms
[143.772s][info][gc,cpu         ] GC(281) User=0.03s Sys=0.00s Real=0.05s
[144.588s][info][gc,start       ] GC(282) Pause Young (Allocation Failure)
[144.597s][info][gc,heap        ] GC(282) PSYoungGen: 1338368K(1368576K)->15488K(1367552K) Eden: 1338368K(1338368K)->0K(1338368K) From: 0K(30208K)->15488K(29184K)
[144.597s][info][gc,heap        ] GC(282) ParOldGen: 63996K(2796544K)->63996K(2796544K)
[144.597s][info][gc,metaspace   ] GC(282) Metaspace: 104901K(106496K)->104901K(106496K) NonClass: 90862K(91712K)->90862K(91712K) Class: 14039K(14784K)->14039K(14784K)
[144.597s][info][gc             ] GC(282) Pause Young (Allocation Failure) 1369M->77M(4066M) 8.628ms
[144.597s][info][gc,cpu         ] GC(282) User=0.00s Sys=0.00s Real=0.02s
[145.122s][info][gc,start       ] GC(283) Pause Young (System.gc())
[145.123s][info][gc,heap        ] GC(283) PSYoungGen: 1187398K(1367552K)->352K(1368576K) Eden: 1171910K(1338368K)->0K(1338368K) From: 15488K(29184K)->352K(30208K)
[145.123s][info][gc,heap        ] GC(283) ParOldGen: 63996K(2796544K)->63996K(2796544K)
[145.123s][info][gc,metaspace   ] GC(283) Metaspace: 104901K(106496K)->104901K(106496K) NonClass: 90862K(91712K)->90862K(91712K) Class: 14039K(14784K)->14039K(14784K)
[145.123s][info][gc             ] GC(283) Pause Young (System.gc()) 1222M->62M(4067M) 0.767ms
[145.123s][info][gc,cpu         ] GC(283) User=0.00s Sys=0.00s Real=0.00s
[145.123s][info][gc,start       ] GC(284) Pause Full (System.gc())
[145.123s][info][gc,phases,start] GC(284) Marking Phase
[145.149s][info][gc,phases      ] GC(284) Marking Phase 26.250ms
[145.150s][info][gc,phases,start] GC(284) Summary Phase
[145.150s][info][gc,phases      ] GC(284) Summary Phase 0.010ms
[145.150s][info][gc,phases,start] GC(284) Adjust Roots
[145.158s][info][gc,phases      ] GC(284) Adjust Roots 8.484ms
[145.158s][info][gc,phases,start] GC(284) Compaction Phase
[145.164s][info][gc,phases      ] GC(284) Compaction Phase 5.694ms
[145.164s][info][gc,phases,start] GC(284) Post Compact
[145.165s][info][gc,phases      ] GC(284) Post Compact 0.845ms
[145.165s][info][gc,heap        ] GC(284) PSYoungGen: 352K(1368576K)->0K(1368576K) Eden: 0K(1338368K)->0K(1338368K) From: 352K(30208K)->0K(30208K)
[145.165s][info][gc,heap        ] GC(284) ParOldGen: 63996K(2796544K)->63996K(2796544K)
[145.165s][info][gc,metaspace   ] GC(284) Metaspace: 104901K(106496K)->104901K(106496K) NonClass: 90862K(91712K)->90862K(91712K) Class: 14039K(14784K)->14039K(14784K)
[145.165s][info][gc             ] GC(284) Pause Full (System.gc()) 62M->62M(4067M) 41.576ms
[145.165s][info][gc,cpu         ] GC(284) User=0.03s Sys=0.00s Real=0.04s
[145.981s][info][gc,start       ] GC(285) Pause Young (Allocation Failure)
[145.989s][info][gc,heap        ] GC(285) PSYoungGen: 1338368K(1368576K)->15584K(1367552K) Eden: 1338368K(1338368K)->0K(1338368K) From: 0K(30208K)->15584K(29184K)
[145.989s][info][gc,heap        ] GC(285) ParOldGen: 63996K(2796544K)->64004K(2796544K)
[145.989s][info][gc,metaspace   ] GC(285) Metaspace: 104913K(106496K)->104913K(106496K) NonClass: 90874K(91712K)->90874K(91712K) Class: 14039K(14784K)->14039K(14784K)
[145.989s][info][gc             ] GC(285) Pause Young (Allocation Failure) 1369M->77M(4066M) 8.150ms
[145.989s][info][gc,cpu         ] GC(285) User=0.00s Sys=0.00s Real=0.00s
[146.522s][info][gc,start       ] GC(286) Pause Young (System.gc())
[146.522s][info][gc,heap        ] GC(286) PSYoungGen: 1187128K(1367552K)->320K(1368576K) Eden: 1171544K(1338368K)->0K(1338368K) From: 15584K(29184K)->320K(30208K)
[146.522s][info][gc,heap        ] GC(286) ParOldGen: 64004K(2796544K)->64004K(2796544K)
[146.522s][info][gc,metaspace   ] GC(286) Metaspace: 104913K(106496K)->104913K(106496K) NonClass: 90874K(91712K)->90874K(91712K) Class: 14039K(14784K)->14039K(14784K)
[146.522s][info][gc             ] GC(286) Pause Young (System.gc()) 1221M->62M(4067M) 0.499ms
[146.522s][info][gc,cpu         ] GC(286) User=0.00s Sys=0.00s Real=0.00s
[146.522s][info][gc,start       ] GC(287) Pause Full (System.gc())
[146.522s][info][gc,phases,start] GC(287) Marking Phase
[146.548s][info][gc,phases      ] GC(287) Marking Phase 25.541ms
[146.548s][info][gc,phases,start] GC(287) Summary Phase
[146.548s][info][gc,phases      ] GC(287) Summary Phase 0.010ms
[146.548s][info][gc,phases,start] GC(287) Adjust Roots
[146.556s][info][gc,phases      ] GC(287) Adjust Roots 8.375ms
[146.556s][info][gc,phases,start] GC(287) Compaction Phase
[146.562s][info][gc,phases      ] GC(287) Compaction Phase 6.020ms
[146.562s][info][gc,phases,start] GC(287) Post Compact
[146.563s][info][gc,phases      ] GC(287) Post Compact 0.744ms
[146.563s][info][gc,heap        ] GC(287) PSYoungGen: 320K(1368576K)->0K(1368576K) Eden: 0K(1338368K)->0K(1338368K) From: 320K(30208K)->0K(30208K)
[146.563s][info][gc,heap        ] GC(287) ParOldGen: 64004K(2796544K)->63996K(2796544K)
[146.563s][info][gc,metaspace   ] GC(287) Metaspace: 104913K(106496K)->104913K(106496K) NonClass: 90874K(91712K)->90874K(91712K) Class: 14039K(14784K)->14039K(14784K)
[146.563s][info][gc             ] GC(287) Pause Full (System.gc()) 62M->62M(4067M) 40.962ms
[146.563s][info][gc,cpu         ] GC(287) User=0.03s Sys=0.00s Real=0.05s
[147.376s][info][gc,start       ] GC(288) Pause Young (Allocation Failure)
[147.385s][info][gc,heap        ] GC(288) PSYoungGen: 1338368K(1368576K)->15264K(1367552K) Eden: 1338368K(1338368K)->0K(1338368K) From: 0K(30208K)->15264K(29184K)
[147.385s][info][gc,heap        ] GC(288) ParOldGen: 63996K(2796544K)->63996K(2796544K)
[147.385s][info][gc,metaspace   ] GC(288) Metaspace: 104913K(106496K)->104913K(106496K) NonClass: 90874K(91712K)->90874K(91712K) Class: 14039K(14784K)->14039K(14784K)
[147.385s][info][gc             ] GC(288) Pause Young (Allocation Failure) 1369M->77M(4066M) 8.428ms
[147.385s][info][gc,cpu         ] GC(288) User=0.02s Sys=0.00s Real=0.02s
[147.910s][info][gc,start       ] GC(289) Pause Young (System.gc())
[147.911s][info][gc,heap        ] GC(289) PSYoungGen: 1194765K(1367552K)->288K(1368576K) Eden: 1179501K(1338368K)->0K(1338368K) From: 15264K(29184K)->288K(30208K)
[147.911s][info][gc,heap        ] GC(289) ParOldGen: 63996K(2796544K)->63996K(2796544K)
[147.911s][info][gc,metaspace   ] GC(289) Metaspace: 104913K(106496K)->104913K(106496K) NonClass: 90874K(91712K)->90874K(91712K) Class: 14039K(14784K)->14039K(14784K)
[147.911s][info][gc             ] GC(289) Pause Young (System.gc()) 1229M->62M(4067M) 0.699ms
[147.911s][info][gc,cpu         ] GC(289) User=0.02s Sys=0.00s Real=0.02s
[147.911s][info][gc,start       ] GC(290) Pause Full (System.gc())
[147.911s][info][gc,phases,start] GC(290) Marking Phase
[147.937s][info][gc,phases      ] GC(290) Marking Phase 25.571ms
[147.937s][info][gc,phases,start] GC(290) Summary Phase
[147.937s][info][gc,phases      ] GC(290) Summary Phase 0.010ms
[147.937s][info][gc,phases,start] GC(290) Adjust Roots
[147.946s][info][gc,phases      ] GC(290) Adjust Roots 8.794ms
[147.946s][info][gc,phases,start] GC(290) Compaction Phase
[147.951s][info][gc,phases      ] GC(290) Compaction Phase 5.506ms
[147.951s][info][gc,phases,start] GC(290) Post Compact
[147.952s][info][gc,phases      ] GC(290) Post Compact 0.904ms
[147.952s][info][gc,heap        ] GC(290) PSYoungGen: 288K(1368576K)->0K(1368576K) Eden: 0K(1338368K)->0K(1338368K) From: 288K(30208K)->0K(30208K)
[147.952s][info][gc,heap        ] GC(290) ParOldGen: 63996K(2796544K)->63996K(2796544K)
[147.952s][info][gc,metaspace   ] GC(290) Metaspace: 104913K(106496K)->104913K(106496K) NonClass: 90874K(91712K)->90874K(91712K) Class: 14039K(14784K)->14039K(14784K)
[147.952s][info][gc             ] GC(290) Pause Full (System.gc()) 62M->62M(4067M) 41.060ms
[147.952s][info][gc,cpu         ] GC(290) User=0.02s Sys=0.00s Real=0.03s
[148.767s][info][gc,start       ] GC(291) Pause Young (Allocation Failure)
[148.775s][info][gc,heap        ] GC(291) PSYoungGen: 1338368K(1368576K)->15424K(1367552K) Eden: 1338368K(1338368K)->0K(1338368K) From: 0K(30208K)->15424K(29184K)
[148.775s][info][gc,heap        ] GC(291) ParOldGen: 63996K(2796544K)->63996K(2796544K)
[148.775s][info][gc,metaspace   ] GC(291) Metaspace: 104913K(106496K)->104913K(106496K) NonClass: 90874K(91712K)->90874K(91712K) Class: 14039K(14784K)->14039K(14784K)
[148.775s][info][gc             ] GC(291) Pause Young (Allocation Failure) 1369M->77M(4066M) 8.230ms
[148.775s][info][gc,cpu         ] GC(291) User=0.00s Sys=0.00s Real=0.00s
[149.326s][info][gc,start       ] GC(292) Pause Young (System.gc())
[149.326s][info][gc,heap        ] GC(292) PSYoungGen: 1192205K(1367552K)->352K(1368576K) Eden: 1176781K(1338368K)->0K(1338368K) From: 15424K(29184K)->352K(30208K)
[149.326s][info][gc,heap        ] GC(292) ParOldGen: 63996K(2796544K)->63996K(2796544K)
[149.326s][info][gc,metaspace   ] GC(292) Metaspace: 104913K(106496K)->104913K(106496K) NonClass: 90874K(91712K)->90874K(91712K) Class: 14039K(14784K)->14039K(14784K)
[149.326s][info][gc             ] GC(292) Pause Young (System.gc()) 1226M->62M(4067M) 0.501ms
[149.326s][info][gc,cpu         ] GC(292) User=0.00s Sys=0.00s Real=0.00s
[149.327s][info][gc,start       ] GC(293) Pause Full (System.gc())
[149.327s][info][gc,phases,start] GC(293) Marking Phase
[149.352s][info][gc,phases      ] GC(293) Marking Phase 25.607ms
[149.352s][info][gc,phases,start] GC(293) Summary Phase
[149.352s][info][gc,phases      ] GC(293) Summary Phase 0.010ms
[149.352s][info][gc,phases,start] GC(293) Adjust Roots
[149.361s][info][gc,phases      ] GC(293) Adjust Roots 8.924ms
[149.361s][info][gc,phases,start] GC(293) Compaction Phase
[149.367s][info][gc,phases      ] GC(293) Compaction Phase 5.597ms
[149.367s][info][gc,phases,start] GC(293) Post Compact
[149.368s][info][gc,phases      ] GC(293) Post Compact 0.836ms
[149.368s][info][gc,heap        ] GC(293) PSYoungGen: 352K(1368576K)->0K(1368576K) Eden: 0K(1338368K)->0K(1338368K) From: 352K(30208K)->0K(30208K)
[149.368s][info][gc,heap        ] GC(293) ParOldGen: 63996K(2796544K)->63996K(2796544K)
[149.368s][info][gc,metaspace   ] GC(293) Metaspace: 104913K(106496K)->104913K(106496K) NonClass: 90874K(91712K)->90874K(91712K) Class: 14039K(14784K)->14039K(14784K)
[149.368s][info][gc             ] GC(293) Pause Full (System.gc()) 62M->62M(4067M) 41.264ms
[149.368s][info][gc,cpu         ] GC(293) User=0.00s Sys=0.00s Real=0.03s
[150.200s][info][gc,start       ] GC(294) Pause Young (Allocation Failure)
[150.208s][info][gc,heap        ] GC(294) PSYoungGen: 1338368K(1368576K)->15648K(1367552K) Eden: 1338368K(1338368K)->0K(1338368K) From: 0K(30208K)->15648K(29184K)
[150.209s][info][gc,heap        ] GC(294) ParOldGen: 63996K(2796544K)->63996K(2796544K)
[150.209s][info][gc,metaspace   ] GC(294) Metaspace: 104913K(106496K)->104913K(106496K) NonClass: 90874K(91712K)->90874K(91712K) Class: 14039K(14784K)->14039K(14784K)
[150.209s][info][gc             ] GC(294) Pause Young (Allocation Failure) 1369M->77M(4066M) 8.511ms
[150.209s][info][gc,cpu         ] GC(294) User=0.02s Sys=0.00s Real=0.02s
[150.741s][info][gc,start       ] GC(295) Pause Young (System.gc())
[150.742s][info][gc,heap        ] GC(295) PSYoungGen: 1189832K(1367552K)->288K(1368576K) Eden: 1174183K(1338368K)->0K(1338368K) From: 15648K(29184K)->288K(30208K)
[150.742s][info][gc,heap        ] GC(295) ParOldGen: 63996K(2796544K)->63996K(2796544K)
[150.742s][info][gc,metaspace   ] GC(295) Metaspace: 104913K(106496K)->104913K(106496K) NonClass: 90874K(91712K)->90874K(91712K) Class: 14039K(14784K)->14039K(14784K)
[150.742s][info][gc             ] GC(295) Pause Young (System.gc()) 1224M->62M(4067M) 0.553ms
[150.742s][info][gc,cpu         ] GC(295) User=0.00s Sys=0.00s Real=0.00s
[150.742s][info][gc,start       ] GC(296) Pause Full (System.gc())
[150.742s][info][gc,phases,start] GC(296) Marking Phase
[150.767s][info][gc,phases      ] GC(296) Marking Phase 25.319ms
[150.767s][info][gc,phases,start] GC(296) Summary Phase
[150.767s][info][gc,phases      ] GC(296) Summary Phase 0.011ms
[150.767s][info][gc,phases,start] GC(296) Adjust Roots
[150.776s][info][gc,phases      ] GC(296) Adjust Roots 9.059ms
[150.776s][info][gc,phases,start] GC(296) Compaction Phase
[150.784s][info][gc,phases      ] GC(296) Compaction Phase 7.243ms
[150.784s][info][gc,phases,start] GC(296) Post Compact
[150.785s][info][gc,phases      ] GC(296) Post Compact 0.890ms
[150.785s][info][gc,heap        ] GC(296) PSYoungGen: 288K(1368576K)->0K(1368576K) Eden: 0K(1338368K)->0K(1338368K) From: 288K(30208K)->0K(30208K)
[150.785s][info][gc,heap        ] GC(296) ParOldGen: 63996K(2796544K)->63995K(2796544K)
[150.785s][info][gc,metaspace   ] GC(296) Metaspace: 104913K(106496K)->104913K(106496K) NonClass: 90874K(91712K)->90874K(91712K) Class: 14039K(14784K)->14039K(14784K)
[150.785s][info][gc             ] GC(296) Pause Full (System.gc()) 62M->62M(4067M) 42.808ms
[150.785s][info][gc,cpu         ] GC(296) User=0.02s Sys=0.00s Real=0.03s
[151.604s][info][gc,start       ] GC(297) Pause Young (Allocation Failure)
[151.612s][info][gc,heap        ] GC(297) PSYoungGen: 1338368K(1368576K)->15488K(1367552K) Eden: 1338368K(1338368K)->0K(1338368K) From: 0K(30208K)->15488K(29184K)
[151.612s][info][gc,heap        ] GC(297) ParOldGen: 63995K(2796544K)->63995K(2796544K)
[151.612s][info][gc,metaspace   ] GC(297) Metaspace: 104924K(106496K)->104924K(106496K) NonClass: 90885K(91712K)->90885K(91712K) Class: 14039K(14784K)->14039K(14784K)
[151.612s][info][gc             ] GC(297) Pause Young (Allocation Failure) 1369M->77M(4066M) 8.278ms
[151.612s][info][gc,cpu         ] GC(297) User=0.00s Sys=0.00s Real=0.00s
[152.149s][info][gc,start       ] GC(298) Pause Young (System.gc())
[152.150s][info][gc,heap        ] GC(298) PSYoungGen: 1187309K(1367552K)->288K(1368576K) Eden: 1171821K(1338368K)->0K(1338368K) From: 15488K(29184K)->288K(30208K)
[152.150s][info][gc,heap        ] GC(298) ParOldGen: 63995K(2796544K)->63995K(2796544K)
[152.150s][info][gc,metaspace   ] GC(298) Metaspace: 104924K(106496K)->104924K(106496K) NonClass: 90885K(91712K)->90885K(91712K) Class: 14039K(14784K)->14039K(14784K)
[152.150s][info][gc             ] GC(298) Pause Young (System.gc()) 1221M->62M(4067M) 0.561ms
[152.150s][info][gc,cpu         ] GC(298) User=0.00s Sys=0.00s Real=0.00s
[152.150s][info][gc,start       ] GC(299) Pause Full (System.gc())
[152.150s][info][gc,phases,start] GC(299) Marking Phase
[152.175s][info][gc,phases      ] GC(299) Marking Phase 24.997ms
[152.175s][info][gc,phases,start] GC(299) Summary Phase
[152.175s][info][gc,phases      ] GC(299) Summary Phase 0.010ms
[152.175s][info][gc,phases,start] GC(299) Adjust Roots
[152.184s][info][gc,phases      ] GC(299) Adjust Roots 8.564ms
[152.184s][info][gc,phases,start] GC(299) Compaction Phase
[152.190s][info][gc,phases      ] GC(299) Compaction Phase 5.955ms
[152.190s][info][gc,phases,start] GC(299) Post Compact
[152.191s][info][gc,phases      ] GC(299) Post Compact 0.819ms
[152.191s][info][gc,heap        ] GC(299) PSYoungGen: 288K(1368576K)->0K(1368576K) Eden: 0K(1338368K)->0K(1338368K) From: 288K(30208K)->0K(30208K)
[152.191s][info][gc,heap        ] GC(299) ParOldGen: 63995K(2796544K)->63995K(2796544K)
[152.191s][info][gc,metaspace   ] GC(299) Metaspace: 104924K(106496K)->104924K(106496K) NonClass: 90885K(91712K)->90885K(91712K) Class: 14039K(14784K)->14039K(14784K)
[152.191s][info][gc             ] GC(299) Pause Full (System.gc()) 62M->62M(4067M) 40.630ms
[152.191s][info][gc,cpu         ] GC(299) User=0.05s Sys=0.00s Real=0.05s
[153.005s][info][gc,start       ] GC(300) Pause Young (Allocation Failure)
[153.013s][info][gc,heap        ] GC(300) PSYoungGen: 1338368K(1368576K)->15456K(1367552K) Eden: 1338368K(1338368K)->0K(1338368K) From: 0K(30208K)->15456K(29184K)
[153.013s][info][gc,heap        ] GC(300) ParOldGen: 63995K(2796544K)->63995K(2796544K)
[153.013s][info][gc,metaspace   ] GC(300) Metaspace: 104925K(106496K)->104925K(106496K) NonClass: 90886K(91712K)->90886K(91712K) Class: 14039K(14784K)->14039K(14784K)
[153.013s][info][gc             ] GC(300) Pause Young (Allocation Failure) 1369M->77M(4066M) 8.307ms
[153.013s][info][gc,cpu         ] GC(300) User=0.00s Sys=0.00s Real=0.00s
[153.536s][info][gc,start       ] GC(301) Pause Young (System.gc())
[153.536s][info][gc,heap        ] GC(301) PSYoungGen: 1187272K(1367552K)->384K(1368576K) Eden: 1171816K(1338368K)->0K(1338368K) From: 15456K(29184K)->384K(30208K)
[153.536s][info][gc,heap        ] GC(301) ParOldGen: 63995K(2796544K)->63995K(2796544K)
[153.536s][info][gc,metaspace   ] GC(301) Metaspace: 104925K(106496K)->104925K(106496K) NonClass: 90886K(91712K)->90886K(91712K) Class: 14039K(14784K)->14039K(14784K)
[153.536s][info][gc             ] GC(301) Pause Young (System.gc()) 1221M->62M(4067M) 0.699ms
[153.536s][info][gc,cpu         ] GC(301) User=0.00s Sys=0.00s Real=0.00s
[153.536s][info][gc,start       ] GC(302) Pause Full (System.gc())
[153.537s][info][gc,phases,start] GC(302) Marking Phase
[153.562s][info][gc,phases      ] GC(302) Marking Phase 25.947ms
[153.563s][info][gc,phases,start] GC(302) Summary Phase
[153.563s][info][gc,phases      ] GC(302) Summary Phase 0.010ms
[153.563s][info][gc,phases,start] GC(302) Adjust Roots
[153.571s][info][gc,phases      ] GC(302) Adjust Roots 8.720ms
[153.571s][info][gc,phases,start] GC(302) Compaction Phase
[153.577s][info][gc,phases      ] GC(302) Compaction Phase 5.582ms
[153.577s][info][gc,phases,start] GC(302) Post Compact
[153.578s][info][gc,phases      ] GC(302) Post Compact 0.768ms
[153.578s][info][gc,heap        ] GC(302) PSYoungGen: 384K(1368576K)->0K(1368576K) Eden: 0K(1338368K)->0K(1338368K) From: 384K(30208K)->0K(30208K)
[153.578s][info][gc,heap        ] GC(302) ParOldGen: 63995K(2796544K)->63995K(2796544K)
[153.578s][info][gc,metaspace   ] GC(302) Metaspace: 104925K(106496K)->104925K(106496K) NonClass: 90886K(91712K)->90886K(91712K) Class: 14039K(14784K)->14039K(14784K)
[153.578s][info][gc             ] GC(302) Pause Full (System.gc()) 62M->62M(4067M) 41.313ms
[153.578s][info][gc,cpu         ] GC(302) User=0.02s Sys=0.00s Real=0.03s
[154.396s][info][gc,start       ] GC(303) Pause Young (Allocation Failure)
[154.404s][info][gc,heap        ] GC(303) PSYoungGen: 1338368K(1368576K)->15584K(1367552K) Eden: 1338368K(1338368K)->0K(1338368K) From: 0K(30208K)->15584K(29184K)
[154.404s][info][gc,heap        ] GC(303) ParOldGen: 63995K(2796544K)->63995K(2796544K)
[154.404s][info][gc,metaspace   ] GC(303) Metaspace: 104925K(106496K)->104925K(106496K) NonClass: 90886K(91712K)->90886K(91712K) Class: 14039K(14784K)->14039K(14784K)
[154.404s][info][gc             ] GC(303) Pause Young (Allocation Failure) 1369M->77M(4066M) 8.469ms
[154.404s][info][gc,cpu         ] GC(303) User=0.02s Sys=0.00s Real=0.01s
[154.947s][info][gc,start       ] GC(304) Pause Young (System.gc())
[154.948s][info][gc,heap        ] GC(304) PSYoungGen: 1187138K(1367552K)->288K(1368576K) Eden: 1171554K(1338368K)->0K(1338368K) From: 15584K(29184K)->288K(30208K)
[154.948s][info][gc,heap        ] GC(304) ParOldGen: 63995K(2796544K)->63995K(2796544K)
[154.948s][info][gc,metaspace   ] GC(304) Metaspace: 104925K(106496K)->104925K(106496K) NonClass: 90886K(91712K)->90886K(91712K) Class: 14039K(14784K)->14039K(14784K)
[154.948s][info][gc             ] GC(304) Pause Young (System.gc()) 1221M->62M(4067M) 0.577ms
[154.948s][info][gc,cpu         ] GC(304) User=0.00s Sys=0.00s Real=0.00s
[154.948s][info][gc,start       ] GC(305) Pause Full (System.gc())
[154.948s][info][gc,phases,start] GC(305) Marking Phase
[154.973s][info][gc,phases      ] GC(305) Marking Phase 25.286ms
[154.973s][info][gc,phases,start] GC(305) Summary Phase
[154.973s][info][gc,phases      ] GC(305) Summary Phase 0.010ms
[154.973s][info][gc,phases,start] GC(305) Adjust Roots
[154.982s][info][gc,phases      ] GC(305) Adjust Roots 8.900ms
[154.982s][info][gc,phases,start] GC(305) Compaction Phase
[154.988s][info][gc,phases      ] GC(305) Compaction Phase 5.879ms
[154.988s][info][gc,phases,start] GC(305) Post Compact
[154.989s][info][gc,phases      ] GC(305) Post Compact 0.861ms
[154.989s][info][gc,heap        ] GC(305) PSYoungGen: 288K(1368576K)->0K(1368576K) Eden: 0K(1338368K)->0K(1338368K) From: 288K(30208K)->0K(30208K)
[154.989s][info][gc,heap        ] GC(305) ParOldGen: 63995K(2796544K)->63995K(2796544K)
[154.989s][info][gc,metaspace   ] GC(305) Metaspace: 104925K(106496K)->104925K(106496K) NonClass: 90886K(91712K)->90886K(91712K) Class: 14039K(14784K)->14039K(14784K)
[154.989s][info][gc             ] GC(305) Pause Full (System.gc()) 62M->62M(4067M) 41.206ms
[154.989s][info][gc,cpu         ] GC(305) User=0.02s Sys=0.00s Real=0.05s
[155.821s][info][gc,start       ] GC(306) Pause Young (Allocation Failure)
[155.830s][info][gc,heap        ] GC(306) PSYoungGen: 1338368K(1368576K)->15616K(1367552K) Eden: 1338368K(1338368K)->0K(1338368K) From: 0K(30208K)->15616K(29184K)
[155.830s][info][gc,heap        ] GC(306) ParOldGen: 63995K(2796544K)->63995K(2796544K)
[155.830s][info][gc,metaspace   ] GC(306) Metaspace: 104925K(106496K)->104925K(106496K) NonClass: 90886K(91712K)->90886K(91712K) Class: 14039K(14784K)->14039K(14784K)
[155.830s][info][gc             ] GC(306) Pause Young (Allocation Failure) 1369M->77M(4066M) 8.527ms
[155.830s][info][gc,cpu         ] GC(306) User=0.02s Sys=0.00s Real=0.02s
[156.370s][info][gc,start       ] GC(307) Pause Young (System.gc())
[156.371s][info][gc,heap        ] GC(307) PSYoungGen: 1187438K(1367552K)->320K(1368576K) Eden: 1171822K(1338368K)->0K(1338368K) From: 15616K(29184K)->320K(30208K)
[156.371s][info][gc,heap        ] GC(307) ParOldGen: 63995K(2796544K)->63995K(2796544K)
[156.371s][info][gc,metaspace   ] GC(307) Metaspace: 104925K(106496K)->104925K(106496K) NonClass: 90886K(91712K)->90886K(91712K) Class: 14039K(14784K)->14039K(14784K)
[156.371s][info][gc             ] GC(307) Pause Young (System.gc()) 1222M->62M(4067M) 0.785ms
[156.371s][info][gc,cpu         ] GC(307) User=0.00s Sys=0.00s Real=0.00s
[156.371s][info][gc,start       ] GC(308) Pause Full (System.gc())
[156.371s][info][gc,phases,start] GC(308) Marking Phase
[156.398s][info][gc,phases      ] GC(308) Marking Phase 26.466ms
[156.398s][info][gc,phases,start] GC(308) Summary Phase
[156.398s][info][gc,phases      ] GC(308) Summary Phase 0.010ms
[156.398s][info][gc,phases,start] GC(308) Adjust Roots
[156.406s][info][gc,phases      ] GC(308) Adjust Roots 8.678ms
[156.406s][info][gc,phases,start] GC(308) Compaction Phase
[156.413s][info][gc,phases      ] GC(308) Compaction Phase 6.632ms
[156.413s][info][gc,phases,start] GC(308) Post Compact
[156.414s][info][gc,phases      ] GC(308) Post Compact 0.858ms
[156.414s][info][gc,heap        ] GC(308) PSYoungGen: 320K(1368576K)->0K(1368576K) Eden: 0K(1338368K)->0K(1338368K) From: 320K(30208K)->0K(30208K)
[156.414s][info][gc,heap        ] GC(308) ParOldGen: 63995K(2796544K)->63995K(2796544K)
[156.414s][info][gc,metaspace   ] GC(308) Metaspace: 104925K(106496K)->104925K(106496K) NonClass: 90886K(91712K)->90886K(91712K) Class: 14039K(14784K)->14039K(14784K)
[156.414s][info][gc             ] GC(308) Pause Full (System.gc()) 62M->62M(4067M) 42.930ms
[156.414s][info][gc,cpu         ] GC(308) User=0.05s Sys=0.00s Real=0.05s
[157.236s][info][gc,start       ] GC(309) Pause Young (Allocation Failure)
[157.244s][info][gc,heap        ] GC(309) PSYoungGen: 1338368K(1368576K)->15488K(1367552K) Eden: 1338368K(1338368K)->0K(1338368K) From: 0K(30208K)->15488K(29184K)
[157.244s][info][gc,heap        ] GC(309) ParOldGen: 63995K(2796544K)->64003K(2796544K)
[157.244s][info][gc,metaspace   ] GC(309) Metaspace: 104925K(106496K)->104925K(106496K) NonClass: 90886K(91712K)->90886K(91712K) Class: 14039K(14784K)->14039K(14784K)
[157.244s][info][gc             ] GC(309) Pause Young (Allocation Failure) 1369M->77M(4066M) 8.480ms
[157.244s][info][gc,cpu         ] GC(309) User=0.02s Sys=0.00s Real=0.02s
[157.773s][info][gc,start       ] GC(310) Pause Young (System.gc())
[157.774s][info][gc,heap        ] GC(310) PSYoungGen: 1187401K(1367552K)->352K(1368576K) Eden: 1171913K(1338368K)->0K(1338368K) From: 15488K(29184K)->352K(30208K)
[157.774s][info][gc,heap        ] GC(310) ParOldGen: 64003K(2796544K)->64003K(2796544K)
[157.774s][info][gc,metaspace   ] GC(310) Metaspace: 104928K(106496K)->104928K(106496K) NonClass: 90889K(91712K)->90889K(91712K) Class: 14039K(14784K)->14039K(14784K)
[157.774s][info][gc             ] GC(310) Pause Young (System.gc()) 1222M->62M(4067M) 0.495ms
[157.774s][info][gc,cpu         ] GC(310) User=0.00s Sys=0.00s Real=0.00s
[157.774s][info][gc,start       ] GC(311) Pause Full (System.gc())
[157.774s][info][gc,phases,start] GC(311) Marking Phase
[157.799s][info][gc,phases      ] GC(311) Marking Phase 25.401ms
[157.799s][info][gc,phases,start] GC(311) Summary Phase
[157.799s][info][gc,phases      ] GC(311) Summary Phase 0.010ms
[157.799s][info][gc,phases,start] GC(311) Adjust Roots
[157.808s][info][gc,phases      ] GC(311) Adjust Roots 8.459ms
[157.808s][info][gc,phases,start] GC(311) Compaction Phase
[157.814s][info][gc,phases      ] GC(311) Compaction Phase 5.824ms
[157.814s][info][gc,phases,start] GC(311) Post Compact
[157.815s][info][gc,phases      ] GC(311) Post Compact 0.843ms
[157.815s][info][gc,heap        ] GC(311) PSYoungGen: 352K(1368576K)->0K(1368576K) Eden: 0K(1338368K)->0K(1338368K) From: 352K(30208K)->0K(30208K)
[157.815s][info][gc,heap        ] GC(311) ParOldGen: 64003K(2796544K)->63995K(2796544K)
[157.815s][info][gc,metaspace   ] GC(311) Metaspace: 104928K(106496K)->104928K(106496K) NonClass: 90889K(91712K)->90889K(91712K) Class: 14039K(14784K)->14039K(14784K)
[157.815s][info][gc             ] GC(311) Pause Full (System.gc()) 62M->62M(4067M) 40.981ms
[157.815s][info][gc,cpu         ] GC(311) User=0.00s Sys=0.00s Real=0.06s
[158.628s][info][gc,start       ] GC(312) Pause Young (Allocation Failure)
[158.637s][info][gc,heap        ] GC(312) PSYoungGen: 1338368K(1368576K)->15456K(1367552K) Eden: 1338368K(1338368K)->0K(1338368K) From: 0K(30208K)->15456K(29184K)
[158.637s][info][gc,heap        ] GC(312) ParOldGen: 63995K(2796544K)->63995K(2796544K)
[158.637s][info][gc,metaspace   ] GC(312) Metaspace: 104928K(106496K)->104928K(106496K) NonClass: 90889K(91712K)->90889K(91712K) Class: 14039K(14784K)->14039K(14784K)
[158.637s][info][gc             ] GC(312) Pause Young (Allocation Failure) 1369M->77M(4066M) 8.340ms
[158.637s][info][gc,cpu         ] GC(312) User=0.00s Sys=0.00s Real=0.00s
[159.181s][info][gc,start       ] GC(313) Pause Young (System.gc())
[159.181s][info][gc,heap        ] GC(313) PSYoungGen: 1187282K(1367552K)->320K(1368576K) Eden: 1171826K(1338368K)->0K(1338368K) From: 15456K(29184K)->320K(30208K)
[159.181s][info][gc,heap        ] GC(313) ParOldGen: 63995K(2796544K)->63995K(2796544K)
[159.181s][info][gc,metaspace   ] GC(313) Metaspace: 104928K(106496K)->104928K(106496K) NonClass: 90889K(91712K)->90889K(91712K) Class: 14039K(14784K)->14039K(14784K)
[159.181s][info][gc             ] GC(313) Pause Young (System.gc()) 1221M->62M(4067M) 0.624ms
[159.181s][info][gc,cpu         ] GC(313) User=0.00s Sys=0.00s Real=0.00s
[159.181s][info][gc,start       ] GC(314) Pause Full (System.gc())
[159.181s][info][gc,phases,start] GC(314) Marking Phase
[159.207s][info][gc,phases      ] GC(314) Marking Phase 25.569ms
[159.207s][info][gc,phases,start] GC(314) Summary Phase
[159.207s][info][gc,phases      ] GC(314) Summary Phase 0.010ms
[159.207s][info][gc,phases,start] GC(314) Adjust Roots
[159.215s][info][gc,phases      ] GC(314) Adjust Roots 8.510ms
[159.216s][info][gc,phases,start] GC(314) Compaction Phase
[159.222s][info][gc,phases      ] GC(314) Compaction Phase 6.491ms
[159.222s][info][gc,phases,start] GC(314) Post Compact
[159.223s][info][gc,phases      ] GC(314) Post Compact 0.920ms
[159.223s][info][gc,heap        ] GC(314) PSYoungGen: 320K(1368576K)->0K(1368576K) Eden: 0K(1338368K)->0K(1338368K) From: 320K(30208K)->0K(30208K)
[159.223s][info][gc,heap        ] GC(314) ParOldGen: 63995K(2796544K)->63994K(2796544K)
[159.223s][info][gc,metaspace   ] GC(314) Metaspace: 104928K(106496K)->104928K(106496K) NonClass: 90889K(91712K)->90889K(91712K) Class: 14039K(14784K)->14039K(14784K)
[159.223s][info][gc             ] GC(314) Pause Full (System.gc()) 62M->62M(4067M) 41.775ms
[159.223s][info][gc,cpu         ] GC(314) User=0.05s Sys=0.00s Real=0.05s
[160.054s][info][gc,start       ] GC(315) Pause Young (Allocation Failure)
[160.062s][info][gc,heap        ] GC(315) PSYoungGen: 1338368K(1368576K)->15424K(1367552K) Eden: 1338368K(1338368K)->0K(1338368K) From: 0K(30208K)->15424K(29184K)
[160.062s][info][gc,heap        ] GC(315) ParOldGen: 63994K(2796544K)->63994K(2796544K)
[160.062s][info][gc,metaspace   ] GC(315) Metaspace: 104928K(106496K)->104928K(106496K) NonClass: 90889K(91712K)->90889K(91712K) Class: 14039K(14784K)->14039K(14784K)
[160.062s][info][gc             ] GC(315) Pause Young (Allocation Failure) 1369M->77M(4066M) 8.901ms
[160.063s][info][gc,cpu         ] GC(315) User=0.00s Sys=0.00s Real=0.01s
[160.590s][info][gc,start       ] GC(316) Pause Young (System.gc())
[160.591s][info][gc,heap        ] GC(316) PSYoungGen: 1190229K(1367552K)->320K(1368576K) Eden: 1174805K(1338368K)->0K(1338368K) From: 15424K(29184K)->320K(30208K)
[160.591s][info][gc,heap        ] GC(316) ParOldGen: 63994K(2796544K)->63994K(2796544K)
[160.591s][info][gc,metaspace   ] GC(316) Metaspace: 104928K(106496K)->104928K(106496K) NonClass: 90889K(91712K)->90889K(91712K) Class: 14039K(14784K)->14039K(14784K)
[160.591s][info][gc             ] GC(316) Pause Young (System.gc()) 1224M->62M(4067M) 1.040ms
[160.591s][info][gc,cpu         ] GC(316) User=0.00s Sys=0.00s Real=0.00s
[160.591s][info][gc,start       ] GC(317) Pause Full (System.gc())
[160.591s][info][gc,phases,start] GC(317) Marking Phase
[160.617s][info][gc,phases      ] GC(317) Marking Phase 25.419ms
[160.617s][info][gc,phases,start] GC(317) Summary Phase
[160.617s][info][gc,phases      ] GC(317) Summary Phase 0.009ms
[160.617s][info][gc,phases,start] GC(317) Adjust Roots
[160.626s][info][gc,phases      ] GC(317) Adjust Roots 8.886ms
[160.626s][info][gc,phases,start] GC(317) Compaction Phase
[160.631s][info][gc,phases      ] GC(317) Compaction Phase 5.481ms
[160.631s][info][gc,phases,start] GC(317) Post Compact
[160.632s][info][gc,phases      ] GC(317) Post Compact 0.833ms
[160.632s][info][gc,heap        ] GC(317) PSYoungGen: 320K(1368576K)->0K(1368576K) Eden: 0K(1338368K)->0K(1338368K) From: 320K(30208K)->0K(30208K)
[160.632s][info][gc,heap        ] GC(317) ParOldGen: 63994K(2796544K)->63994K(2796544K)
[160.632s][info][gc,metaspace   ] GC(317) Metaspace: 104928K(106496K)->104928K(106496K) NonClass: 90889K(91712K)->90889K(91712K) Class: 14039K(14784K)->14039K(14784K)
[160.632s][info][gc             ] GC(317) Pause Full (System.gc()) 62M->62M(4067M) 40.881ms
[160.632s][info][gc,cpu         ] GC(317) User=0.00s Sys=0.00s Real=0.03s
[161.484s][info][gc,start       ] GC(318) Pause Young (Allocation Failure)
[161.492s][info][gc,heap        ] GC(318) PSYoungGen: 1338368K(1368576K)->15456K(1367552K) Eden: 1338368K(1338368K)->0K(1338368K) From: 0K(30208K)->15456K(29184K)
[161.492s][info][gc,heap        ] GC(318) ParOldGen: 63994K(2796544K)->63994K(2796544K)
[161.492s][info][gc,metaspace   ] GC(318) Metaspace: 104928K(106496K)->104928K(106496K) NonClass: 90889K(91712K)->90889K(91712K) Class: 14039K(14784K)->14039K(14784K)
[161.492s][info][gc             ] GC(318) Pause Young (Allocation Failure) 1369M->77M(4066M) 8.188ms
[161.492s][info][gc,cpu         ] GC(318) User=0.03s Sys=0.00s Real=0.00s
[162.030s][info][gc,start       ] GC(319) Pause Young (System.gc())
[162.031s][info][gc,heap        ] GC(319) PSYoungGen: 1194364K(1367552K)->320K(1368576K) Eden: 1178908K(1338368K)->0K(1338368K) From: 15456K(29184K)->320K(30208K)
[162.031s][info][gc,heap        ] GC(319) ParOldGen: 63994K(2796544K)->63994K(2796544K)
[162.031s][info][gc,metaspace   ] GC(319) Metaspace: 104928K(106496K)->104928K(106496K) NonClass: 90889K(91712K)->90889K(91712K) Class: 14039K(14784K)->14039K(14784K)
[162.031s][info][gc             ] GC(319) Pause Young (System.gc()) 1228M->62M(4067M) 0.721ms
[162.031s][info][gc,cpu         ] GC(319) User=0.00s Sys=0.00s Real=0.00s
[162.031s][info][gc,start       ] GC(320) Pause Full (System.gc())
[162.031s][info][gc,phases,start] GC(320) Marking Phase
[162.059s][info][gc,phases      ] GC(320) Marking Phase 28.234ms
[162.059s][info][gc,phases,start] GC(320) Summary Phase
[162.059s][info][gc,phases      ] GC(320) Summary Phase 0.010ms
[162.059s][info][gc,phases,start] GC(320) Adjust Roots
[162.068s][info][gc,phases      ] GC(320) Adjust Roots 8.423ms
[162.068s][info][gc,phases,start] GC(320) Compaction Phase
[162.073s][info][gc,phases      ] GC(320) Compaction Phase 5.350ms
[162.073s][info][gc,phases,start] GC(320) Post Compact
[162.074s][info][gc,phases      ] GC(320) Post Compact 0.838ms
[162.074s][info][gc,heap        ] GC(320) PSYoungGen: 320K(1368576K)->0K(1368576K) Eden: 0K(1338368K)->0K(1338368K) From: 320K(30208K)->0K(30208K)
[162.074s][info][gc,heap        ] GC(320) ParOldGen: 63994K(2796544K)->63995K(2796544K)
[162.074s][info][gc,metaspace   ] GC(320) Metaspace: 104928K(106496K)->104928K(106496K) NonClass: 90889K(91712K)->90889K(91712K) Class: 14039K(14784K)->14039K(14784K)
[162.074s][info][gc             ] GC(320) Pause Full (System.gc()) 62M->62M(4067M) 43.150ms
[162.074s][info][gc,cpu         ] GC(320) User=0.00s Sys=0.00s Real=0.05s
[162.913s][info][gc,start       ] GC(321) Pause Young (Allocation Failure)
[162.921s][info][gc,heap        ] GC(321) PSYoungGen: 1338368K(1368576K)->15648K(1367552K) Eden: 1338368K(1338368K)->0K(1338368K) From: 0K(30208K)->15648K(29184K)
[162.921s][info][gc,heap        ] GC(321) ParOldGen: 63995K(2796544K)->63995K(2796544K)
[162.921s][info][gc,metaspace   ] GC(321) Metaspace: 104928K(106496K)->104928K(106496K) NonClass: 90889K(91712K)->90889K(91712K) Class: 14039K(14784K)->14039K(14784K)
[162.921s][info][gc             ] GC(321) Pause Young (Allocation Failure) 1369M->77M(4066M) 8.647ms
[162.921s][info][gc,cpu         ] GC(321) User=0.02s Sys=0.00s Real=0.02s
[163.503s][info][gc,start       ] GC(322) Pause Young (System.gc())
[163.503s][info][gc,heap        ] GC(322) PSYoungGen: 1195131K(1367552K)->320K(1368576K) Eden: 1179482K(1338368K)->0K(1338368K) From: 15648K(29184K)->320K(30208K)
[163.503s][info][gc,heap        ] GC(322) ParOldGen: 63995K(2796544K)->63995K(2796544K)
[163.503s][info][gc,metaspace   ] GC(322) Metaspace: 104928K(106496K)->104928K(106496K) NonClass: 90889K(91712K)->90889K(91712K) Class: 14039K(14784K)->14039K(14784K)
[163.503s][info][gc             ] GC(322) Pause Young (System.gc()) 1229M->62M(4067M) 0.746ms
[163.503s][info][gc,cpu         ] GC(322) User=0.00s Sys=0.00s Real=0.00s
[163.503s][info][gc,start       ] GC(323) Pause Full (System.gc())
[163.503s][info][gc,phases,start] GC(323) Marking Phase
[163.529s][info][gc,phases      ] GC(323) Marking Phase 25.160ms
[163.529s][info][gc,phases,start] GC(323) Summary Phase
[163.529s][info][gc,phases      ] GC(323) Summary Phase 0.010ms
[163.529s][info][gc,phases,start] GC(323) Adjust Roots
[163.538s][info][gc,phases      ] GC(323) Adjust Roots 9.811ms
[163.538s][info][gc,phases,start] GC(323) Compaction Phase
[163.545s][info][gc,phases      ] GC(323) Compaction Phase 6.883ms
[163.545s][info][gc,phases,start] GC(323) Post Compact
[163.546s][info][gc,phases      ] GC(323) Post Compact 0.736ms
[163.546s][info][gc,heap        ] GC(323) PSYoungGen: 320K(1368576K)->0K(1368576K) Eden: 0K(1338368K)->0K(1338368K) From: 320K(30208K)->0K(30208K)
[163.546s][info][gc,heap        ] GC(323) ParOldGen: 63995K(2796544K)->63994K(2796544K)
[163.546s][info][gc,metaspace   ] GC(323) Metaspace: 104928K(106496K)->104928K(106496K) NonClass: 90889K(91712K)->90889K(91712K) Class: 14039K(14784K)->14039K(14784K)
[163.546s][info][gc             ] GC(323) Pause Full (System.gc()) 62M->62M(4067M) 42.935ms
[163.546s][info][gc,cpu         ] GC(323) User=0.03s Sys=0.00s Real=0.05s
[164.380s][info][gc,start       ] GC(324) Pause Young (Allocation Failure)
[164.388s][info][gc,heap        ] GC(324) PSYoungGen: 1338368K(1368576K)->15584K(1367552K) Eden: 1338368K(1338368K)->0K(1338368K) From: 0K(30208K)->15584K(29184K)
[164.388s][info][gc,heap        ] GC(324) ParOldGen: 63994K(2796544K)->63994K(2796544K)
[164.388s][info][gc,metaspace   ] GC(324) Metaspace: 104929K(106496K)->104929K(106496K) NonClass: 90890K(91712K)->90890K(91712K) Class: 14039K(14784K)->14039K(14784K)
[164.388s][info][gc             ] GC(324) Pause Young (Allocation Failure) 1369M->77M(4066M) 8.253ms
[164.388s][info][gc,cpu         ] GC(324) User=0.00s Sys=0.00s Real=0.00s
[164.940s][info][gc,start       ] GC(325) Pause Young (System.gc())
[164.941s][info][gc,heap        ] GC(325) PSYoungGen: 1186972K(1367552K)->320K(1368576K) Eden: 1171388K(1338368K)->0K(1338368K) From: 15584K(29184K)->320K(30208K)
[164.941s][info][gc,heap        ] GC(325) ParOldGen: 63994K(2796544K)->63994K(2796544K)
[164.941s][info][gc,metaspace   ] GC(325) Metaspace: 104929K(106496K)->104929K(106496K) NonClass: 90890K(91712K)->90890K(91712K) Class: 14039K(14784K)->14039K(14784K)
[164.941s][info][gc             ] GC(325) Pause Young (System.gc()) 1221M->62M(4067M) 0.559ms
[164.941s][info][gc,cpu         ] GC(325) User=0.00s Sys=0.00s Real=0.02s
[164.941s][info][gc,start       ] GC(326) Pause Full (System.gc())
[164.941s][info][gc,phases,start] GC(326) Marking Phase
[164.967s][info][gc,phases      ] GC(326) Marking Phase 25.463ms
[164.967s][info][gc,phases,start] GC(326) Summary Phase
[164.967s][info][gc,phases      ] GC(326) Summary Phase 0.010ms
[164.967s][info][gc,phases,start] GC(326) Adjust Roots
[164.976s][info][gc,phases      ] GC(326) Adjust Roots 9.041ms
[164.976s][info][gc,phases,start] GC(326) Compaction Phase
[164.982s][info][gc,phases      ] GC(326) Compaction Phase 5.773ms
[164.982s][info][gc,phases,start] GC(326) Post Compact
[164.982s][info][gc,phases      ] GC(326) Post Compact 0.825ms
[164.983s][info][gc,heap        ] GC(326) PSYoungGen: 320K(1368576K)->0K(1368576K) Eden: 0K(1338368K)->0K(1338368K) From: 320K(30208K)->0K(30208K)
[164.983s][info][gc,heap        ] GC(326) ParOldGen: 63994K(2796544K)->63994K(2796544K)
[164.983s][info][gc,metaspace   ] GC(326) Metaspace: 104929K(106496K)->104929K(106496K) NonClass: 90890K(91712K)->90890K(91712K) Class: 14039K(14784K)->14039K(14784K)
[164.983s][info][gc             ] GC(326) Pause Full (System.gc()) 62M->62M(4067M) 41.396ms
[164.983s][info][gc,cpu         ] GC(326) User=0.00s Sys=0.00s Real=0.03s
[165.813s][info][gc,start       ] GC(327) Pause Young (Allocation Failure)
[165.821s][info][gc,heap        ] GC(327) PSYoungGen: 1338368K(1368576K)->15552K(1367552K) Eden: 1338368K(1338368K)->0K(1338368K) From: 0K(30208K)->15552K(29184K)
[165.822s][info][gc,heap        ] GC(327) ParOldGen: 63994K(2796544K)->63994K(2796544K)
[165.822s][info][gc,metaspace   ] GC(327) Metaspace: 104936K(106496K)->104936K(106496K) NonClass: 90896K(91712K)->90896K(91712K) Class: 14039K(14784K)->14039K(14784K)
[165.822s][info][gc             ] GC(327) Pause Young (Allocation Failure) 1369M->77M(4066M) 8.569ms
[165.822s][info][gc,cpu         ] GC(327) User=0.02s Sys=0.00s Real=0.01s
[166.361s][info][gc,start       ] GC(328) Pause Young (System.gc())
[166.362s][info][gc,heap        ] GC(328) PSYoungGen: 1181991K(1367552K)->288K(1368576K) Eden: 1166439K(1338368K)->0K(1338368K) From: 15552K(29184K)->288K(30208K)
[166.362s][info][gc,heap        ] GC(328) ParOldGen: 63994K(2796544K)->63994K(2796544K)
[166.362s][info][gc,metaspace   ] GC(328) Metaspace: 104945K(106496K)->104945K(106496K) NonClass: 90906K(91712K)->90906K(91712K) Class: 14039K(14784K)->14039K(14784K)
[166.362s][info][gc             ] GC(328) Pause Young (System.gc()) 1216M->62M(4067M) 0.535ms
[166.362s][info][gc,cpu         ] GC(328) User=0.00s Sys=0.00s Real=0.00s
[166.362s][info][gc,start       ] GC(329) Pause Full (System.gc())
[166.362s][info][gc,phases,start] GC(329) Marking Phase
[166.388s][info][gc,phases      ] GC(329) Marking Phase 26.075ms
[166.388s][info][gc,phases,start] GC(329) Summary Phase
[166.388s][info][gc,phases      ] GC(329) Summary Phase 0.010ms
[166.388s][info][gc,phases,start] GC(329) Adjust Roots
[166.397s][info][gc,phases      ] GC(329) Adjust Roots 8.836ms
[166.397s][info][gc,phases,start] GC(329) Compaction Phase
[166.404s][info][gc,phases      ] GC(329) Compaction Phase 7.205ms
[166.404s][info][gc,phases,start] GC(329) Post Compact
[166.405s][info][gc,phases      ] GC(329) Post Compact 0.886ms
[166.405s][info][gc,heap        ] GC(329) PSYoungGen: 288K(1368576K)->0K(1368576K) Eden: 0K(1338368K)->0K(1338368K) From: 288K(30208K)->0K(30208K)
[166.405s][info][gc,heap        ] GC(329) ParOldGen: 63994K(2796544K)->63994K(2796544K)
[166.405s][info][gc,metaspace   ] GC(329) Metaspace: 104945K(106496K)->104945K(106496K) NonClass: 90906K(91712K)->90906K(91712K) Class: 14039K(14784K)->14039K(14784K)
[166.405s][info][gc             ] GC(329) Pause Full (System.gc()) 62M->62M(4067M) 43.297ms
[166.405s][info][gc,cpu         ] GC(329) User=0.00s Sys=0.00s Real=0.04s
[167.257s][info][gc,start       ] GC(330) Pause Young (Allocation Failure)
[167.266s][info][gc,heap        ] GC(330) PSYoungGen: 1338368K(1368576K)->15520K(1367552K) Eden: 1338368K(1338368K)->0K(1338368K) From: 0K(30208K)->15520K(29184K)
[167.266s][info][gc,heap        ] GC(330) ParOldGen: 63994K(2796544K)->63994K(2796544K)
[167.266s][info][gc,metaspace   ] GC(330) Metaspace: 104953K(106496K)->104953K(106496K) NonClass: 90914K(91712K)->90914K(91712K) Class: 14039K(14784K)->14039K(14784K)
[167.266s][info][gc             ] GC(330) Pause Young (Allocation Failure) 1369M->77M(4066M) 8.393ms
[167.266s][info][gc,cpu         ] GC(330) User=0.02s Sys=0.00s Real=0.00s
[167.814s][info][gc,start       ] GC(331) Pause Young (System.gc())
[167.814s][info][gc,heap        ] GC(331) PSYoungGen: 1186057K(1367552K)->352K(1368576K) Eden: 1170537K(1338368K)->0K(1338368K) From: 15520K(29184K)->352K(30208K)
[167.814s][info][gc,heap        ] GC(331) ParOldGen: 63994K(2796544K)->63994K(2796544K)
[167.814s][info][gc,metaspace   ] GC(331) Metaspace: 104953K(106496K)->104953K(106496K) NonClass: 90914K(91712K)->90914K(91712K) Class: 14039K(14784K)->14039K(14784K)
[167.814s][info][gc             ] GC(331) Pause Young (System.gc()) 1220M->62M(4067M) 0.614ms
[167.815s][info][gc,cpu         ] GC(331) User=0.00s Sys=0.00s Real=0.00s
[167.815s][info][gc,start       ] GC(332) Pause Full (System.gc())
[167.815s][info][gc,phases,start] GC(332) Marking Phase
[167.840s][info][gc,phases      ] GC(332) Marking Phase 25.813ms
[167.840s][info][gc,phases,start] GC(332) Summary Phase
[167.840s][info][gc,phases      ] GC(332) Summary Phase 0.010ms
[167.840s][info][gc,phases,start] GC(332) Adjust Roots
[167.849s][info][gc,phases      ] GC(332) Adjust Roots 8.388ms
[167.849s][info][gc,phases,start] GC(332) Compaction Phase
[167.855s][info][gc,phases      ] GC(332) Compaction Phase 6.386ms
[167.855s][info][gc,phases,start] GC(332) Post Compact
[167.857s][info][gc,phases      ] GC(332) Post Compact 1.274ms
[167.857s][info][gc,heap        ] GC(332) PSYoungGen: 352K(1368576K)->0K(1368576K) Eden: 0K(1338368K)->0K(1338368K) From: 352K(30208K)->0K(30208K)
[167.857s][info][gc,heap        ] GC(332) ParOldGen: 63994K(2796544K)->63994K(2796544K)
[167.857s][info][gc,metaspace   ] GC(332) Metaspace: 104953K(106496K)->104953K(106496K) NonClass: 90914K(91712K)->90914K(91712K) Class: 14039K(14784K)->14039K(14784K)
[167.857s][info][gc             ] GC(332) Pause Full (System.gc()) 62M->62M(4067M) 42.180ms
[167.857s][info][gc,cpu         ] GC(332) User=0.03s Sys=0.00s Real=0.05s
[168.689s][info][gc,start       ] GC(333) Pause Young (Allocation Failure)
[168.698s][info][gc,heap        ] GC(333) PSYoungGen: 1338368K(1368576K)->15392K(1367552K) Eden: 1338368K(1338368K)->0K(1338368K) From: 0K(30208K)->15392K(29184K)
[168.698s][info][gc,heap        ] GC(333) ParOldGen: 63994K(2796544K)->63994K(2796544K)
[168.698s][info][gc,metaspace   ] GC(333) Metaspace: 104953K(106496K)->104953K(106496K) NonClass: 90914K(91712K)->90914K(91712K) Class: 14039K(14784K)->14039K(14784K)
[168.698s][info][gc             ] GC(333) Pause Young (Allocation Failure) 1369M->77M(4066M) 8.170ms
[168.698s][info][gc,cpu         ] GC(333) User=0.00s Sys=0.00s Real=0.00s
[169.242s][info][gc,start       ] GC(334) Pause Young (System.gc())
[169.243s][info][gc,heap        ] GC(334) PSYoungGen: 1187475K(1367552K)->384K(1368576K) Eden: 1172083K(1338368K)->0K(1338368K) From: 15392K(29184K)->384K(30208K)
[169.243s][info][gc,heap        ] GC(334) ParOldGen: 63994K(2796544K)->63994K(2796544K)
[169.243s][info][gc,metaspace   ] GC(334) Metaspace: 104953K(106496K)->104953K(106496K) NonClass: 90914K(91712K)->90914K(91712K) Class: 14039K(14784K)->14039K(14784K)
[169.243s][info][gc             ] GC(334) Pause Young (System.gc()) 1222M->62M(4067M) 0.740ms
[169.243s][info][gc,cpu         ] GC(334) User=0.00s Sys=0.00s Real=0.00s
[169.243s][info][gc,start       ] GC(335) Pause Full (System.gc())
[169.243s][info][gc,phases,start] GC(335) Marking Phase
[169.269s][info][gc,phases      ] GC(335) Marking Phase 25.936ms
[169.269s][info][gc,phases,start] GC(335) Summary Phase
[169.269s][info][gc,phases      ] GC(335) Summary Phase 0.010ms
[169.269s][info][gc,phases,start] GC(335) Adjust Roots
[169.278s][info][gc,phases      ] GC(335) Adjust Roots 9.133ms
[169.278s][info][gc,phases,start] GC(335) Compaction Phase
[169.284s][info][gc,phases      ] GC(335) Compaction Phase 6.180ms
[169.285s][info][gc,phases,start] GC(335) Post Compact
[169.285s][info][gc,phases      ] GC(335) Post Compact 0.827ms
[169.285s][info][gc,heap        ] GC(335) PSYoungGen: 384K(1368576K)->0K(1368576K) Eden: 0K(1338368K)->0K(1338368K) From: 384K(30208K)->0K(30208K)
[169.285s][info][gc,heap        ] GC(335) ParOldGen: 63994K(2796544K)->63994K(2796544K)
[169.285s][info][gc,metaspace   ] GC(335) Metaspace: 104953K(106496K)->104953K(106496K) NonClass: 90914K(91712K)->90914K(91712K) Class: 14039K(14784K)->14039K(14784K)
[169.285s][info][gc             ] GC(335) Pause Full (System.gc()) 62M->62M(4067M) 42.397ms
[169.285s][info][gc,cpu         ] GC(335) User=0.03s Sys=0.00s Real=0.05s
[170.109s][info][gc,start       ] GC(336) Pause Young (Allocation Failure)
[170.117s][info][gc,heap        ] GC(336) PSYoungGen: 1338368K(1368576K)->15424K(1367552K) Eden: 1338368K(1338368K)->0K(1338368K) From: 0K(30208K)->15424K(29184K)
[170.118s][info][gc,heap        ] GC(336) ParOldGen: 63994K(2796544K)->63994K(2796544K)
[170.118s][info][gc,metaspace   ] GC(336) Metaspace: 104953K(106496K)->104953K(106496K) NonClass: 90914K(91712K)->90914K(91712K) Class: 14039K(14784K)->14039K(14784K)
[170.118s][info][gc             ] GC(336) Pause Young (Allocation Failure) 1369M->77M(4066M) 8.454ms
[170.118s][info][gc,cpu         ] GC(336) User=0.02s Sys=0.00s Real=0.02s
[170.678s][info][gc,start       ] GC(337) Pause Young (System.gc())
[170.679s][info][gc,heap        ] GC(337) PSYoungGen: 1189718K(1367552K)->352K(1368576K) Eden: 1174294K(1338368K)->0K(1338368K) From: 15424K(29184K)->352K(30208K)
[170.679s][info][gc,heap        ] GC(337) ParOldGen: 63994K(2796544K)->63994K(2796544K)
[170.679s][info][gc,metaspace   ] GC(337) Metaspace: 104953K(106496K)->104953K(106496K) NonClass: 90914K(91712K)->90914K(91712K) Class: 14039K(14784K)->14039K(14784K)
[170.679s][info][gc             ] GC(337) Pause Young (System.gc()) 1224M->62M(4067M) 0.526ms
[170.679s][info][gc,cpu         ] GC(337) User=0.00s Sys=0.00s Real=0.00s
[170.679s][info][gc,start       ] GC(338) Pause Full (System.gc())
[170.679s][info][gc,phases,start] GC(338) Marking Phase
[170.704s][info][gc,phases      ] GC(338) Marking Phase 25.311ms
[170.704s][info][gc,phases,start] GC(338) Summary Phase
[170.704s][info][gc,phases      ] GC(338) Summary Phase 0.010ms
[170.704s][info][gc,phases,start] GC(338) Adjust Roots
[170.713s][info][gc,phases      ] GC(338) Adjust Roots 8.479ms
[170.713s][info][gc,phases,start] GC(338) Compaction Phase
[170.719s][info][gc,phases      ] GC(338) Compaction Phase 5.873ms
[170.719s][info][gc,phases,start] GC(338) Post Compact
[170.720s][info][gc,phases      ] GC(338) Post Compact 0.879ms
[170.720s][info][gc,heap        ] GC(338) PSYoungGen: 352K(1368576K)->0K(1368576K) Eden: 0K(1338368K)->0K(1338368K) From: 352K(30208K)->0K(30208K)
[170.720s][info][gc,heap        ] GC(338) ParOldGen: 63994K(2796544K)->63994K(2796544K)
[170.720s][info][gc,metaspace   ] GC(338) Metaspace: 104953K(106496K)->104953K(106496K) NonClass: 90914K(91712K)->90914K(91712K) Class: 14039K(14784K)->14039K(14784K)
[170.720s][info][gc             ] GC(338) Pause Full (System.gc()) 62M->62M(4067M) 40.827ms
[170.720s][info][gc,cpu         ] GC(338) User=0.03s Sys=0.00s Real=0.05s
[171.551s][info][gc,start       ] GC(339) Pause Young (Allocation Failure)
[171.559s][info][gc,heap        ] GC(339) PSYoungGen: 1338368K(1368576K)->15584K(1367552K) Eden: 1338368K(1338368K)->0K(1338368K) From: 0K(30208K)->15584K(29184K)
[171.559s][info][gc,heap        ] GC(339) ParOldGen: 63994K(2796544K)->63994K(2796544K)
[171.559s][info][gc,metaspace   ] GC(339) Metaspace: 104953K(106496K)->104953K(106496K) NonClass: 90914K(91712K)->90914K(91712K) Class: 14039K(14784K)->14039K(14784K)
[171.559s][info][gc             ] GC(339) Pause Young (Allocation Failure) 1369M->77M(4066M) 8.076ms
[171.559s][info][gc,cpu         ] GC(339) User=0.00s Sys=0.00s Real=0.00s
[172.566s][info][gc,heap,exit   ] Heap
[172.566s][info][gc,heap,exit   ]  PSYoungGen      total 1367552K, used 1247498K [0x00000007aab00000, 0x0000000800000000, 0x0000000800000000)
[172.566s][info][gc,heap,exit   ]   eden space 1338368K, 92% used [0x00000007aab00000,0x00000007f5e0a9f8,0x00000007fc600000)
[172.566s][info][gc,heap,exit   ]   from space 29184K, 53% used [0x00000007fc600000,0x00000007fd538040,0x00000007fe280000)
[172.566s][info][gc,heap,exit   ]   to   space 30208K, 0% used [0x00000007fe280000,0x00000007fe280000,0x0000000800000000)
[172.566s][info][gc,heap,exit   ]  ParOldGen       total 2796544K, used 63994K [0x0000000700000000, 0x00000007aab00000, 0x00000007aab00000)
[172.566s][info][gc,heap,exit   ]   object space 2796544K, 2% used [0x0000000700000000,0x0000000703e7ebe8,0x00000007aab00000)
[172.566s][info][gc,heap,exit   ]  Metaspace       used 105199K, committed 106688K, reserved 1179648K
[172.566s][info][gc,heap,exit   ]   class space    used 14084K, committed 14784K, reserved 1048576K
