[0.008s][info][gc] Using Parallel
[0.018s][info][gc,init] Version: 17.0.12+7-adhoc..jdk17u (release)
[0.018s][info][gc,init] CPUs: 6 total, 6 available
[0.018s][info][gc,init] Memory: 15591M
[0.018s][info][gc,init] Large Page Support: Disabled
[0.018s][info][gc,init] NUMA Support: Disabled
[0.018s][info][gc,init] Compressed Oops: Enabled (Zero based)
[0.018s][info][gc,init] Alignments: Space 512K, Generation 512K, Heap 2M
[0.018s][info][gc,init] Heap Min Capacity: 4G
[0.018s][info][gc,init] Heap Initial Capacity: 4G
[0.018s][info][gc,init] Heap Max Capacity: 4G
[0.018s][info][gc,init] Pre-touch: Disabled
[0.018s][info][gc,init] Parallel Workers: 6
[0.031s][info][gc,metaspace] CDS archive(s) mapped at: [0x00000237df000000-0x00000237dfbc0000-0x00000237dfbc0000), size 12320768, SharedBaseAddress: 0x00000237df000000, ArchiveRelocationMode: 1.
[0.031s][info][gc,metaspace] Compressed class space mapped at: 0x00000237e0000000-0x0000023820000000, reserved size: 1073741824
[0.031s][info][gc,metaspace] Narrow klass base: 0x00000237df000000, Narrow klass shift: 0, Narrow klass range: 0x100000000
[7.344s][info][gc,start    ] GC(0) Pause Young (Metadata GC Threshold)
[7.355s][info][gc,heap     ] GC(0) PSYoungGen: 126041K(1223168K)->18965K(1223168K) Eden: 126041K(1048576K)->0K(1048576K) From: 0K(174592K)->18965K(174592K)
[7.355s][info][gc,heap     ] GC(0) ParOldGen: 0K(2796544K)->88K(2796544K)
[7.355s][info][gc,metaspace] GC(0) Metaspace: 21260K(21504K)->21260K(21504K) NonClass: 18552K(18688K)->18552K(18688K) Class: 2708K(2816K)->2708K(2816K)
[7.355s][info][gc          ] GC(0) Pause Young (Metadata GC Threshold) 123M->18M(3925M) 10.736ms
[7.355s][info][gc,cpu      ] GC(0) User=0.05s Sys=0.03s Real=0.01s
[7.355s][info][gc,start    ] GC(1) Pause Full (Metadata GC Threshold)
[7.355s][info][gc,phases,start] GC(1) Marking Phase
[7.360s][info][gc,phases      ] GC(1) Marking Phase 4.663ms
[7.360s][info][gc,phases,start] GC(1) Summary Phase
[7.360s][info][gc,phases      ] GC(1) Summary Phase 0.025ms
[7.360s][info][gc,phases,start] GC(1) Adjust Roots
[7.362s][info][gc,phases      ] GC(1) Adjust Roots 2.244ms
[7.362s][info][gc,phases,start] GC(1) Compaction Phase
[7.369s][info][gc,phases      ] GC(1) Compaction Phase 7.203ms
[7.370s][info][gc,phases,start] GC(1) Post Compact
[7.371s][info][gc,phases      ] GC(1) Post Compact 1.430ms
[7.371s][info][gc,heap        ] GC(1) PSYoungGen: 18965K(1223168K)->0K(1223168K) Eden: 0K(1048576K)->0K(1048576K) From: 18965K(174592K)->0K(174592K)
[7.371s][info][gc,heap        ] GC(1) ParOldGen: 88K(2796544K)->18794K(2796544K)
[7.371s][info][gc,metaspace   ] GC(1) Metaspace: 21260K(21504K)->21260K(21504K) NonClass: 18552K(18688K)->18552K(18688K) Class: 2708K(2816K)->2708K(2816K)
[7.371s][info][gc             ] GC(1) Pause Full (Metadata GC Threshold) 18M->18M(3925M) 15.859ms
[7.371s][info][gc,cpu         ] GC(1) User=0.05s Sys=0.03s Real=0.02s
[8.244s][info][gc,start       ] GC(2) Pause Young (Metadata GC Threshold)
[8.249s][info][gc,heap        ] GC(2) PSYoungGen: 272647K(1223168K)->4212K(1223168K) Eden: 272647K(1048576K)->0K(1048576K) From: 0K(174592K)->4212K(174592K)
[8.249s][info][gc,heap        ] GC(2) ParOldGen: 18794K(2796544K)->18802K(2796544K)
[8.249s][info][gc,metaspace   ] GC(2) Metaspace: 35504K(35840K)->35504K(35840K) NonClass: 31003K(31168K)->31003K(31168K) Class: 4501K(4672K)->4501K(4672K)
[8.249s][info][gc             ] GC(2) Pause Young (Metadata GC Threshold) 284M->22M(3925M) 4.446ms
[8.249s][info][gc,cpu         ] GC(2) User=0.00s Sys=0.00s Real=0.01s
[8.249s][info][gc,start       ] GC(3) Pause Full (Metadata GC Threshold)
[8.249s][info][gc,phases,start] GC(3) Marking Phase
[8.255s][info][gc,phases      ] GC(3) Marking Phase 6.502ms
[8.255s][info][gc,phases,start] GC(3) Summary Phase
[8.255s][info][gc,phases      ] GC(3) Summary Phase 0.010ms
[8.255s][info][gc,phases,start] GC(3) Adjust Roots
[8.259s][info][gc,phases      ] GC(3) Adjust Roots 3.346ms
[8.259s][info][gc,phases,start] GC(3) Compaction Phase
[8.269s][info][gc,phases      ] GC(3) Compaction Phase 10.134ms
[8.269s][info][gc,phases,start] GC(3) Post Compact
[8.270s][info][gc,phases      ] GC(3) Post Compact 0.919ms
[8.270s][info][gc,heap        ] GC(3) PSYoungGen: 4212K(1223168K)->0K(1223168K) Eden: 0K(1048576K)->0K(1048576K) From: 4212K(174592K)->0K(174592K)
[8.270s][info][gc,heap        ] GC(3) ParOldGen: 18802K(2796544K)->22733K(2796544K)
[8.270s][info][gc,metaspace   ] GC(3) Metaspace: 35504K(35840K)->35504K(35840K) NonClass: 31003K(31168K)->31003K(31168K) Class: 4501K(4672K)->4501K(4672K)
[8.270s][info][gc             ] GC(3) Pause Full (Metadata GC Threshold) 22M->22M(3925M) 21.269ms
[8.270s][info][gc,cpu         ] GC(3) User=0.00s Sys=0.02s Real=0.02s
[10.121s][info][gc,start       ] GC(4) Pause Young (Allocation Failure)
[10.128s][info][gc,heap        ] GC(4) PSYoungGen: 1048576K(1223168K)->6832K(1223168K) Eden: 1048576K(1048576K)->0K(1048576K) From: 0K(174592K)->6832K(174592K)
[10.128s][info][gc,heap        ] GC(4) ParOldGen: 22733K(2796544K)->22741K(2796544K)
[10.128s][info][gc,metaspace   ] GC(4) Metaspace: 57534K(57920K)->57534K(57920K) NonClass: 50507K(50688K)->50507K(50688K) Class: 7026K(7232K)->7026K(7232K)
[10.128s][info][gc             ] GC(4) Pause Young (Allocation Failure) 1046M->28M(3925M) 6.851ms
[10.128s][info][gc,cpu         ] GC(4) User=0.00s Sys=0.00s Real=0.01s
[10.193s][info][gc,start       ] GC(5) Pause Young (Metadata GC Threshold)
[10.198s][info][gc,heap        ] GC(5) PSYoungGen: 27856K(1223168K)->6960K(1223168K) Eden: 21023K(1048576K)->0K(1048576K) From: 6832K(174592K)->6960K(174592K)
[10.198s][info][gc,heap        ] GC(5) ParOldGen: 22741K(2796544K)->22741K(2796544K)
[10.198s][info][gc,metaspace   ] GC(5) Metaspace: 59406K(59776K)->59406K(59776K) NonClass: 52174K(52352K)->52174K(52352K) Class: 7231K(7424K)->7231K(7424K)
[10.198s][info][gc             ] GC(5) Pause Young (Metadata GC Threshold) 49M->29M(3925M) 4.370ms
[10.198s][info][gc,cpu         ] GC(5) User=0.00s Sys=0.00s Real=0.00s
[10.198s][info][gc,start       ] GC(6) Pause Full (Metadata GC Threshold)
[10.198s][info][gc,phases,start] GC(6) Marking Phase
[10.207s][info][gc,phases      ] GC(6) Marking Phase 9.630ms
[10.207s][info][gc,phases,start] GC(6) Summary Phase
[10.207s][info][gc,phases      ] GC(6) Summary Phase 0.010ms
[10.207s][info][gc,phases,start] GC(6) Adjust Roots
[10.212s][info][gc,phases      ] GC(6) Adjust Roots 4.590ms
[10.212s][info][gc,phases,start] GC(6) Compaction Phase
[10.225s][info][gc,phases      ] GC(6) Compaction Phase 12.847ms
[10.225s][info][gc,phases,start] GC(6) Post Compact
[10.226s][info][gc,phases      ] GC(6) Post Compact 1.252ms
[10.226s][info][gc,heap        ] GC(6) PSYoungGen: 6960K(1223168K)->0K(1223168K) Eden: 0K(1048576K)->0K(1048576K) From: 6960K(174592K)->0K(174592K)
[10.226s][info][gc,heap        ] GC(6) ParOldGen: 22741K(2796544K)->29080K(2796544K)
[10.226s][info][gc,metaspace   ] GC(6) Metaspace: 59406K(59776K)->59406K(59776K) NonClass: 52174K(52352K)->52174K(52352K) Class: 7231K(7424K)->7231K(7424K)
[10.226s][info][gc             ] GC(6) Pause Full (Metadata GC Threshold) 29M->28M(3925M) 28.629ms
[10.226s][info][gc,cpu         ] GC(6) User=0.09s Sys=0.05s Real=0.03s
[11.423s][info][gc,start       ] GC(7) Pause Young (System.gc())
[11.427s][info][gc,heap        ] GC(7) PSYoungGen: 115487K(1223168K)->4627K(1223168K) Eden: 115487K(1048576K)->0K(1048576K) From: 0K(174592K)->4627K(174592K)
[11.427s][info][gc,heap        ] GC(7) ParOldGen: 29080K(2796544K)->29088K(2796544K)
[11.427s][info][gc,metaspace   ] GC(7) Metaspace: 80991K(81536K)->80991K(81536K) NonClass: 70766K(71104K)->70766K(71104K) Class: 10225K(10432K)->10225K(10432K)
[11.427s][info][gc             ] GC(7) Pause Young (System.gc()) 141M->32M(3925M) 4.323ms
[11.427s][info][gc,cpu         ] GC(7) User=0.03s Sys=0.00s Real=0.01s
[11.427s][info][gc,start       ] GC(8) Pause Full (System.gc())
[11.427s][info][gc,phases,start] GC(8) Marking Phase
[11.440s][info][gc,phases      ] GC(8) Marking Phase 12.784ms
[11.440s][info][gc,phases,start] GC(8) Summary Phase
[11.440s][info][gc,phases      ] GC(8) Summary Phase 0.010ms
[11.440s][info][gc,phases,start] GC(8) Adjust Roots
[11.447s][info][gc,phases      ] GC(8) Adjust Roots 6.540ms
[11.447s][info][gc,phases,start] GC(8) Compaction Phase
[11.464s][info][gc,phases      ] GC(8) Compaction Phase 16.828ms
[11.464s][info][gc,phases,start] GC(8) Post Compact
[11.465s][info][gc,phases      ] GC(8) Post Compact 1.183ms
[11.465s][info][gc,heap        ] GC(8) PSYoungGen: 4627K(1223168K)->0K(1223168K) Eden: 0K(1048576K)->0K(1048576K) From: 4627K(174592K)->0K(174592K)
[11.465s][info][gc,heap        ] GC(8) ParOldGen: 29088K(2796544K)->33321K(2796544K)
[11.465s][info][gc,metaspace   ] GC(8) Metaspace: 80991K(81536K)->80991K(81536K) NonClass: 70766K(71104K)->70766K(71104K) Class: 10225K(10432K)->10225K(10432K)
[11.465s][info][gc             ] GC(8) Pause Full (System.gc()) 32M->32M(3925M) 37.732ms
[11.465s][info][gc,cpu         ] GC(8) User=0.08s Sys=0.05s Real=0.03s
[13.543s][info][gc,start       ] GC(9) Pause Young (Allocation Failure)
[13.551s][info][gc,heap        ] GC(9) PSYoungGen: 1048576K(1223168K)->25736K(1371136K) Eden: 1048576K(1048576K)->0K(1196544K) From: 0K(174592K)->25736K(174592K)
[13.551s][info][gc,heap        ] GC(9) ParOldGen: 33321K(2796544K)->33329K(2796544K)
[13.551s][info][gc,metaspace   ] GC(9) Metaspace: 101253K(102528K)->101253K(102528K) NonClass: 87675K(88384K)->87675K(88384K) Class: 13577K(14144K)->13577K(14144K)
[13.551s][info][gc             ] GC(9) Pause Young (Allocation Failure) 1056M->57M(4070M) 8.367ms
[13.551s][info][gc,cpu         ] GC(9) User=0.00s Sys=0.00s Real=0.01s
[15.308s][info][gc,start       ] GC(10) Pause Young (Allocation Failure)
[15.324s][info][gc,heap        ] GC(10) PSYoungGen: 1222280K(1371136K)->26598K(1223168K) Eden: 1196544K(1196544K)->0K(1196544K) From: 25736K(174592K)->26598K(26624K)
[15.324s][info][gc,heap        ] GC(10) ParOldGen: 33329K(2796544K)->56021K(2796544K)
[15.324s][info][gc,metaspace   ] GC(10) Metaspace: 107581K(109312K)->107581K(109312K) NonClass: 93010K(93952K)->93010K(93952K) Class: 14571K(15360K)->14571K(15360K)
[15.324s][info][gc             ] GC(10) Pause Young (Allocation Failure) 1226M->80M(3925M) 15.810ms
[15.324s][info][gc,cpu         ] GC(10) User=0.08s Sys=0.02s Real=0.01s
[16.330s][info][gc,start       ] GC(11) Pause Young (Allocation Failure)
[16.348s][info][gc,heap        ] GC(11) PSYoungGen: 1219268K(1223168K)->43519K(1320448K) Eden: 1192670K(1196544K)->0K(1276928K) From: 26598K(26624K)->43519K(43520K)
[16.348s][info][gc,heap        ] GC(11) ParOldGen: 56021K(2796544K)->74186K(2796544K)
[16.348s][info][gc,metaspace   ] GC(11) Metaspace: 108362K(110080K)->108362K(110080K) NonClass: 93697K(94656K)->93697K(94656K) Class: 14664K(15424K)->14664K(15424K)
[16.348s][info][gc             ] GC(11) Pause Young (Allocation Failure) 1245M->114M(4020M) 17.499ms
[16.348s][info][gc,cpu         ] GC(11) User=0.06s Sys=0.03s Real=0.02s
[19.729s][info][gc,start       ] GC(12) Pause Young (Allocation Failure)
[19.745s][info][gc,heap        ] GC(12) PSYoungGen: 1320447K(1320448K)->58289K(1335296K) Eden: 1276928K(1276928K)->0K(1276928K) From: 43519K(43520K)->58289K(58368K)
[19.745s][info][gc,heap        ] GC(12) ParOldGen: 74186K(2796544K)->74202K(2796544K)
[19.745s][info][gc,metaspace   ] GC(12) Metaspace: 112066K(113920K)->112066K(113920K) NonClass: 97073K(98048K)->97073K(98048K) Class: 14993K(15872K)->14993K(15872K)
[19.745s][info][gc             ] GC(12) Pause Young (Allocation Failure) 1361M->129M(4035M) 16.302ms
[19.745s][info][gc,cpu         ] GC(12) User=0.03s Sys=0.02s Real=0.02s
[25.210s][info][gc,start       ] GC(13) Pause Young (Allocation Failure)
[25.222s][info][gc,heap        ] GC(13) PSYoungGen: 1335217K(1335296K)->34075K(1321984K) Eden: 1276928K(1276928K)->0K(1259520K) From: 58289K(58368K)->34075K(62464K)
[25.222s][info][gc,heap        ] GC(13) ParOldGen: 74202K(2796544K)->88011K(2796544K)
[25.222s][info][gc,metaspace   ] GC(13) Metaspace: 113288K(115200K)->113288K(115200K) NonClass: 98213K(99264K)->98213K(99264K) Class: 15075K(15936K)->15075K(15936K)
[25.222s][info][gc             ] GC(13) Pause Young (Allocation Failure) 1376M->119M(4022M) 11.640ms
[25.222s][info][gc,cpu         ] GC(13) User=0.00s Sys=0.00s Real=0.01s
[26.228s][info][gc,start       ] GC(14) Pause Young (System.gc())
[26.238s][info][gc,heap        ] GC(14) PSYoungGen: 210818K(1321984K)->8301K(1328640K) Eden: 176742K(1259520K)->0K(1259520K) From: 34075K(62464K)->8301K(69120K)
[26.238s][info][gc,heap        ] GC(14) ParOldGen: 88011K(2796544K)->100500K(2796544K)
[26.238s][info][gc,metaspace   ] GC(14) Metaspace: 126399K(128384K)->126399K(128384K) NonClass: 109727K(110784K)->109727K(110784K) Class: 16672K(17600K)->16672K(17600K)
[26.238s][info][gc             ] GC(14) Pause Young (System.gc()) 291M->106M(4028M) 9.903ms
[26.238s][info][gc,cpu         ] GC(14) User=0.00s Sys=0.00s Real=0.01s
[26.238s][info][gc,start       ] GC(15) Pause Full (System.gc())
[26.238s][info][gc,phases,start] GC(15) Marking Phase
[26.275s][info][gc,phases      ] GC(15) Marking Phase 36.704ms
[26.275s][info][gc,phases,start] GC(15) Summary Phase
[26.275s][info][gc,phases      ] GC(15) Summary Phase 0.011ms
[26.275s][info][gc,phases,start] GC(15) Adjust Roots
[26.286s][info][gc,phases      ] GC(15) Adjust Roots 10.722ms
[26.286s][info][gc,phases,start] GC(15) Compaction Phase
[26.313s][info][gc,phases      ] GC(15) Compaction Phase 27.105ms
[26.313s][info][gc,phases,start] GC(15) Post Compact
[26.316s][info][gc,phases      ] GC(15) Post Compact 3.013ms
[26.316s][info][gc,heap        ] GC(15) PSYoungGen: 8301K(1328640K)->0K(1328640K) Eden: 0K(1259520K)->0K(1259520K) From: 8301K(69120K)->0K(69120K)
[26.316s][info][gc,heap        ] GC(15) ParOldGen: 100500K(2796544K)->60077K(2796544K)
[26.316s][info][gc,metaspace   ] GC(15) Metaspace: 126399K(128384K)->125162K(128384K) NonClass: 109727K(110784K)->108815K(110784K) Class: 16672K(17600K)->16346K(17600K)
[26.316s][info][gc             ] GC(15) Pause Full (System.gc()) 106M->58M(4028M) 77.870ms
[26.316s][info][gc,cpu         ] GC(15) User=0.19s Sys=0.05s Real=0.08s
[26.756s][info][gc,start       ] GC(16) Pause Young (Allocation Failure)
[26.762s][info][gc,heap        ] GC(16) PSYoungGen: 1256514K(1328640K)->34452K(1330176K) Eden: 1256514K(1259520K)->0K(1262080K) From: 0K(69120K)->34452K(68096K)
[26.763s][info][gc,heap        ] GC(16) ParOldGen: 60077K(2796544K)->60085K(2796544K)
[26.763s][info][gc,metaspace   ] GC(16) Metaspace: 125180K(128384K)->125180K(128384K) NonClass: 108833K(110784K)->108833K(110784K) Class: 16347K(17600K)->16347K(17600K)
[26.763s][info][gc             ] GC(16) Pause Young (Allocation Failure) 1285M->92M(4030M) 6.497ms
[26.763s][info][gc,cpu         ] GC(16) User=0.00s Sys=0.00s Real=0.01s
[27.406s][info][gc,start       ] GC(17) Pause Young (Allocation Failure)
[27.417s][info][gc,heap        ] GC(17) PSYoungGen: 1296532K(1330176K)->51235K(1313792K) Eden: 1262080K(1262080K)->0K(1262080K) From: 34452K(68096K)->51235K(51712K)
[27.417s][info][gc,heap        ] GC(17) ParOldGen: 60085K(2796544K)->84207K(2796544K)
[27.417s][info][gc,metaspace   ] GC(17) Metaspace: 125200K(128384K)->125200K(128384K) NonClass: 108852K(110784K)->108852K(110784K) Class: 16347K(17600K)->16347K(17600K)
[27.417s][info][gc             ] GC(17) Pause Young (Allocation Failure) 1324M->132M(4014M) 11.677ms
[27.417s][info][gc,cpu         ] GC(17) User=0.09s Sys=0.00s Real=0.01s
[32.216s][info][gc,start       ] GC(18) Pause Young (Allocation Failure)
[32.224s][info][gc,heap        ] GC(18) PSYoungGen: 1313315K(1313792K)->8767K(1326080K) Eden: 1262080K(1262080K)->0K(1253376K) From: 51235K(51712K)->8767K(72704K)
[32.224s][info][gc,heap        ] GC(18) ParOldGen: 84207K(2796544K)->110481K(2796544K)
[32.224s][info][gc,metaspace   ] GC(18) Metaspace: 125578K(128448K)->125578K(128448K) NonClass: 109230K(110848K)->109230K(110848K) Class: 16348K(17600K)->16348K(17600K)
[32.224s][info][gc             ] GC(18) Pause Young (Allocation Failure) 1364M->116M(4026M) 7.649ms
[32.224s][info][gc,cpu         ] GC(18) User=0.00s Sys=0.00s Real=0.00s
[34.432s][info][gc,start       ] GC(19) Pause Young (System.gc())
[34.436s][info][gc,heap        ] GC(19) PSYoungGen: 677324K(1326080K)->3332K(1325056K) Eden: 668557K(1253376K)->0K(1253376K) From: 8767K(72704K)->3332K(71680K)
[34.436s][info][gc,heap        ] GC(19) ParOldGen: 110481K(2796544K)->117119K(2796544K)
[34.436s][info][gc,metaspace   ] GC(19) Metaspace: 125887K(128576K)->125887K(128576K) NonClass: 109539K(110976K)->109539K(110976K) Class: 16348K(17600K)->16348K(17600K)
[34.436s][info][gc             ] GC(19) Pause Young (System.gc()) 769M->117M(4025M) 3.473ms
[34.436s][info][gc,cpu         ] GC(19) User=0.00s Sys=0.00s Real=0.00s
[34.436s][info][gc,start       ] GC(20) Pause Full (System.gc())
[34.436s][info][gc,phases,start] GC(20) Marking Phase
[34.464s][info][gc,phases      ] GC(20) Marking Phase 28.433ms
[34.464s][info][gc,phases,start] GC(20) Summary Phase
[34.464s][info][gc,phases      ] GC(20) Summary Phase 0.011ms
[34.464s][info][gc,phases,start] GC(20) Adjust Roots
[34.476s][info][gc,phases      ] GC(20) Adjust Roots 11.029ms
[34.476s][info][gc,phases,start] GC(20) Compaction Phase
[34.494s][info][gc,phases      ] GC(20) Compaction Phase 18.696ms
[34.494s][info][gc,phases,start] GC(20) Post Compact
[34.495s][info][gc,phases      ] GC(20) Post Compact 1.027ms
[34.495s][info][gc,heap        ] GC(20) PSYoungGen: 3332K(1325056K)->0K(1325056K) Eden: 0K(1253376K)->0K(1253376K) From: 3332K(71680K)->0K(71680K)
[34.495s][info][gc,heap        ] GC(20) ParOldGen: 117119K(2796544K)->63696K(2796544K)
[34.495s][info][gc,metaspace   ] GC(20) Metaspace: 125887K(128576K)->125887K(128576K) NonClass: 109539K(110976K)->109539K(110976K) Class: 16348K(17600K)->16348K(17600K)
[34.495s][info][gc             ] GC(20) Pause Full (System.gc()) 117M->62M(4025M) 59.503ms
[34.496s][info][gc,cpu         ] GC(20) User=0.20s Sys=0.00s Real=0.06s
[34.953s][info][gc,start       ] GC(21) Pause Young (Allocation Failure)
[34.959s][info][gc,heap        ] GC(21) PSYoungGen: 1250657K(1325056K)->32306K(1328128K) Eden: 1250657K(1253376K)->0K(1256960K) From: 0K(71680K)->32306K(71168K)
[34.959s][info][gc,heap        ] GC(21) ParOldGen: 63696K(2796544K)->63704K(2796544K)
[34.959s][info][gc,metaspace   ] GC(21) Metaspace: 126138K(128768K)->126138K(128768K) NonClass: 109773K(111168K)->109773K(111168K) Class: 16365K(17600K)->16365K(17600K)
[34.959s][info][gc             ] GC(21) Pause Young (Allocation Failure) 1283M->93M(4028M) 6.192ms
[34.959s][info][gc,cpu         ] GC(21) User=0.08s Sys=0.00s Real=0.01s
[35.528s][info][gc,start       ] GC(22) Pause Young (Allocation Failure)
[35.543s][info][gc,heap        ] GC(22) PSYoungGen: 1289266K(1328128K)->60847K(1317888K) Eden: 1256960K(1256960K)->0K(1256960K) From: 32306K(71168K)->60847K(60928K)
[35.543s][info][gc,heap        ] GC(22) ParOldGen: 63704K(2796544K)->87871K(2796544K)
[35.543s][info][gc,metaspace   ] GC(22) Metaspace: 126161K(128768K)->126161K(128768K) NonClass: 109795K(111168K)->109795K(111168K) Class: 16365K(17600K)->16365K(17600K)
[35.543s][info][gc             ] GC(22) Pause Young (Allocation Failure) 1321M->145M(4018M) 14.276ms
[35.543s][info][gc,cpu         ] GC(22) User=0.09s Sys=0.00s Real=0.01s
[40.151s][info][gc,start       ] GC(23) Pause Young (Allocation Failure)
[40.158s][info][gc,heap        ] GC(23) PSYoungGen: 1317807K(1317888K)->15217K(1321984K) Eden: 1256960K(1256960K)->0K(1243648K) From: 60847K(60928K)->15217K(78336K)
[40.158s][info][gc,heap        ] GC(23) ParOldGen: 87871K(2796544K)->110979K(2796544K)
[40.158s][info][gc,metaspace   ] GC(23) Metaspace: 126254K(128768K)->126254K(128768K) NonClass: 109888K(111168K)->109888K(111168K) Class: 16365K(17600K)->16365K(17600K)
[40.158s][info][gc             ] GC(23) Pause Young (Allocation Failure) 1372M->123M(4022M) 7.322ms
[40.158s][info][gc,cpu         ] GC(23) User=0.00s Sys=0.00s Real=0.01s
[42.546s][info][gc,start       ] GC(24) Pause Young (System.gc())
[42.549s][info][gc,heap        ] GC(24) PSYoungGen: 705604K(1321984K)->3340K(1319424K) Eden: 690386K(1243648K)->0K(1243648K) From: 15217K(78336K)->3340K(75776K)
[42.549s][info][gc,heap        ] GC(24) ParOldGen: 110979K(2796544K)->117554K(2796544K)
[42.549s][info][gc,metaspace   ] GC(24) Metaspace: 126333K(128768K)->126333K(128768K) NonClass: 109967K(111168K)->109967K(111168K) Class: 16366K(17600K)->16366K(17600K)
[42.549s][info][gc             ] GC(24) Pause Young (System.gc()) 797M->118M(4019M) 2.977ms
[42.549s][info][gc,cpu         ] GC(24) User=0.00s Sys=0.00s Real=0.00s
[42.549s][info][gc,start       ] GC(25) Pause Full (System.gc())
[42.549s][info][gc,phases,start] GC(25) Marking Phase
[42.578s][info][gc,phases      ] GC(25) Marking Phase 28.779ms
[42.578s][info][gc,phases,start] GC(25) Summary Phase
[42.578s][info][gc,phases      ] GC(25) Summary Phase 0.010ms
[42.578s][info][gc,phases,start] GC(25) Adjust Roots
[42.589s][info][gc,phases      ] GC(25) Adjust Roots 11.638ms
[42.589s][info][gc,phases,start] GC(25) Compaction Phase
[42.604s][info][gc,phases      ] GC(25) Compaction Phase 15.088ms
[42.604s][info][gc,phases,start] GC(25) Post Compact
[42.606s][info][gc,phases      ] GC(25) Post Compact 1.203ms
[42.606s][info][gc,heap        ] GC(25) PSYoungGen: 3340K(1319424K)->0K(1319424K) Eden: 0K(1243648K)->0K(1243648K) From: 3340K(75776K)->0K(75776K)
[42.606s][info][gc,heap        ] GC(25) ParOldGen: 117554K(2796544K)->64121K(2796544K)
[42.606s][info][gc,metaspace   ] GC(25) Metaspace: 126333K(128768K)->126333K(128768K) NonClass: 109967K(111168K)->109967K(111168K) Class: 16366K(17600K)->16366K(17600K)
[42.606s][info][gc             ] GC(25) Pause Full (System.gc()) 118M->62M(4019M) 57.019ms
[42.606s][info][gc,cpu         ] GC(25) User=0.22s Sys=0.00s Real=0.06s
[43.045s][info][gc,start       ] GC(26) Pause Young (Allocation Failure)
[43.051s][info][gc,heap        ] GC(26) PSYoungGen: 1243422K(1319424K)->33595K(1324544K) Eden: 1243422K(1243648K)->0K(1249792K) From: 0K(75776K)->33595K(74752K)
[43.051s][info][gc,heap        ] GC(26) ParOldGen: 64121K(2796544K)->64129K(2796544K)
[43.051s][info][gc,metaspace   ] GC(26) Metaspace: 126474K(128832K)->126474K(128832K) NonClass: 110108K(111232K)->110108K(111232K) Class: 16366K(17600K)->16366K(17600K)
[43.051s][info][gc             ] GC(26) Pause Young (Allocation Failure) 1276M->95M(4024M) 6.330ms
[43.051s][info][gc,cpu         ] GC(26) User=0.00s Sys=0.00s Real=0.01s
[43.596s][info][gc,start       ] GC(27) Pause Young (Allocation Failure)
[43.611s][info][gc,heap        ] GC(27) PSYoungGen: 1283387K(1324544K)->68453K(1318400K) Eden: 1249792K(1249792K)->0K(1249792K) From: 33595K(74752K)->68453K(68608K)
[43.611s][info][gc,heap        ] GC(27) ParOldGen: 64129K(2796544K)->88264K(2796544K)
[43.611s][info][gc,metaspace   ] GC(27) Metaspace: 126495K(128832K)->126495K(128832K) NonClass: 110127K(111232K)->110127K(111232K) Class: 16367K(17600K)->16367K(17600K)
[43.611s][info][gc             ] GC(27) Pause Young (Allocation Failure) 1315M->153M(4018M) 14.380ms
[43.611s][info][gc,cpu         ] GC(27) User=0.09s Sys=0.00s Real=0.02s
[48.093s][info][gc,start       ] GC(28) Pause Young (Allocation Failure)
[48.101s][info][gc,heap        ] GC(28) PSYoungGen: 1318245K(1318400K)->12985K(1313280K) Eden: 1249792K(1249792K)->0K(1233920K) From: 68453K(68608K)->12985K(79360K)
[48.101s][info][gc,heap        ] GC(28) ParOldGen: 88264K(2796544K)->114490K(2796544K)
[48.101s][info][gc,metaspace   ] GC(28) Metaspace: 126527K(128896K)->126527K(128896K) NonClass: 110160K(111296K)->110160K(111296K) Class: 16367K(17600K)->16367K(17600K)
[48.101s][info][gc             ] GC(28) Pause Young (Allocation Failure) 1373M->124M(4013M) 7.555ms
[48.101s][info][gc,cpu         ] GC(28) User=0.05s Sys=0.00s Real=0.01s
[50.454s][info][gc,start       ] GC(29) Pause Young (System.gc())
[50.456s][info][gc,heap        ] GC(29) PSYoungGen: 671753K(1313280K)->3340K(1315840K) Eden: 658767K(1233920K)->0K(1233920K) From: 12985K(79360K)->3340K(81920K)
[50.456s][info][gc,heap        ] GC(29) ParOldGen: 114490K(2796544K)->116313K(2796544K)
[50.456s][info][gc,metaspace   ] GC(29) Metaspace: 126633K(128960K)->126633K(128960K) NonClass: 110265K(111360K)->110265K(111360K) Class: 16367K(17600K)->16367K(17600K)
[50.457s][info][gc             ] GC(29) Pause Young (System.gc()) 767M->116M(4016M) 2.972ms
[50.457s][info][gc,cpu         ] GC(29) User=0.00s Sys=0.00s Real=0.00s
[50.457s][info][gc,start       ] GC(30) Pause Full (System.gc())
[50.457s][info][gc,phases,start] GC(30) Marking Phase
[50.488s][info][gc,phases      ] GC(30) Marking Phase 31.121ms
[50.488s][info][gc,phases,start] GC(30) Summary Phase
[50.488s][info][gc,phases      ] GC(30) Summary Phase 0.010ms
[50.488s][info][gc,phases,start] GC(30) Adjust Roots
[50.500s][info][gc,phases      ] GC(30) Adjust Roots 12.205ms
[50.500s][info][gc,phases,start] GC(30) Compaction Phase
[50.514s][info][gc,phases      ] GC(30) Compaction Phase 13.764ms
[50.514s][info][gc,phases,start] GC(30) Post Compact
[50.515s][info][gc,phases      ] GC(30) Post Compact 1.014ms
[50.515s][info][gc,heap        ] GC(30) PSYoungGen: 3340K(1315840K)->0K(1315840K) Eden: 0K(1233920K)->0K(1233920K) From: 3340K(81920K)->0K(81920K)
[50.515s][info][gc,heap        ] GC(30) ParOldGen: 116313K(2796544K)->64499K(2796544K)
[50.515s][info][gc,metaspace   ] GC(30) Metaspace: 126633K(128960K)->126633K(128960K) NonClass: 110265K(111360K)->110265K(111360K) Class: 16367K(17600K)->16367K(17600K)
[50.515s][info][gc             ] GC(30) Pause Full (System.gc()) 116M->62M(4016M) 58.403ms
[50.515s][info][gc,cpu         ] GC(30) User=0.30s Sys=0.00s Real=0.06s
[50.947s][info][gc,start       ] GC(31) Pause Young (Allocation Failure)
[50.954s][info][gc,heap        ] GC(31) PSYoungGen: 1230985K(1315840K)->37516K(1318400K) Eden: 1230985K(1233920K)->0K(1238016K) From: 0K(81920K)->37516K(80384K)
[50.954s][info][gc,heap        ] GC(31) ParOldGen: 64499K(2796544K)->64499K(2796544K)
[50.954s][info][gc,metaspace   ] GC(31) Metaspace: 126752K(129024K)->126752K(129024K) NonClass: 110384K(111424K)->110384K(111424K) Class: 16367K(17600K)->16367K(17600K)
[50.954s][info][gc             ] GC(31) Pause Young (Allocation Failure) 1265M->99M(4018M) 6.612ms
[50.954s][info][gc,cpu         ] GC(31) User=0.00s Sys=0.00s Real=0.01s
[51.472s][info][gc,start       ] GC(32) Pause Young (Allocation Failure)
[51.486s][info][gc,heap        ] GC(32) PSYoungGen: 1275532K(1318400K)->68805K(1307136K) Eden: 1238016K(1238016K)->0K(1238016K) From: 37516K(80384K)->68805K(69120K)
[51.486s][info][gc,heap        ] GC(32) ParOldGen: 64499K(2796544K)->88645K(2796544K)
[51.486s][info][gc,metaspace   ] GC(32) Metaspace: 126755K(129024K)->126755K(129024K) NonClass: 110387K(111424K)->110387K(111424K) Class: 16367K(17600K)->16367K(17600K)
[51.486s][info][gc             ] GC(32) Pause Young (Allocation Failure) 1308M->153M(4007M) 13.756ms
[51.486s][info][gc,cpu         ] GC(32) User=0.09s Sys=0.00s Real=0.01s
[55.999s][info][gc,start       ] GC(33) Pause Young (Allocation Failure)
[56.006s][info][gc,heap        ] GC(33) PSYoungGen: 1306821K(1307136K)->10121K(1310208K) Eden: 1238016K(1238016K)->0K(1220608K) From: 68805K(69120K)->10121K(89600K)
[56.006s][info][gc,heap        ] GC(33) ParOldGen: 88645K(2796544K)->114863K(2796544K)
[56.006s][info][gc,metaspace   ] GC(33) Metaspace: 126784K(129152K)->126784K(129152K) NonClass: 110416K(111552K)->110416K(111552K) Class: 16367K(17600K)->16367K(17600K)
[56.006s][info][gc             ] GC(33) Pause Young (Allocation Failure) 1362M->122M(4010M) 6.828ms
[56.006s][info][gc,cpu         ] GC(33) User=0.05s Sys=0.02s Real=0.01s
[58.345s][info][gc,start       ] GC(34) Pause Young (System.gc())
[58.349s][info][gc,heap        ] GC(34) PSYoungGen: 676630K(1310208K)->3308K(1308160K) Eden: 666509K(1220608K)->0K(1220608K) From: 10121K(89600K)->3308K(87552K)
[58.349s][info][gc,heap        ] GC(34) ParOldGen: 114863K(2796544K)->116672K(2796544K)
[58.349s][info][gc,metaspace   ] GC(34) Metaspace: 126881K(129152K)->126881K(129152K) NonClass: 110513K(111552K)->110513K(111552K) Class: 16367K(17600K)->16367K(17600K)
[58.349s][info][gc             ] GC(34) Pause Young (System.gc()) 772M->117M(4008M) 3.546ms
[58.349s][info][gc,cpu         ] GC(34) User=0.06s Sys=0.00s Real=0.00s
[58.349s][info][gc,start       ] GC(35) Pause Full (System.gc())
[58.349s][info][gc,phases,start] GC(35) Marking Phase
[58.382s][info][gc,phases      ] GC(35) Marking Phase 32.715ms
[58.382s][info][gc,phases,start] GC(35) Summary Phase
[58.382s][info][gc,phases      ] GC(35) Summary Phase 0.011ms
[58.382s][info][gc,phases,start] GC(35) Adjust Roots
[58.393s][info][gc,phases      ] GC(35) Adjust Roots 11.513ms
[58.393s][info][gc,phases,start] GC(35) Compaction Phase
[58.409s][info][gc,phases      ] GC(35) Compaction Phase 16.224ms
[58.410s][info][gc,phases,start] GC(35) Post Compact
[58.411s][info][gc,phases      ] GC(35) Post Compact 0.993ms
[58.411s][info][gc,heap        ] GC(35) PSYoungGen: 3308K(1308160K)->0K(1308160K) Eden: 0K(1220608K)->0K(1220608K) From: 3308K(87552K)->0K(87552K)
[58.411s][info][gc,heap        ] GC(35) ParOldGen: 116672K(2796544K)->64892K(2796544K)
[58.411s][info][gc,metaspace   ] GC(35) Metaspace: 126881K(129152K)->126881K(129152K) NonClass: 110513K(111552K)->110513K(111552K) Class: 16367K(17600K)->16367K(17600K)
[58.411s][info][gc             ] GC(35) Pause Full (System.gc()) 117M->63M(4008M) 61.803ms
[58.411s][info][gc,cpu         ] GC(35) User=0.12s Sys=0.03s Real=0.06s
[58.843s][info][gc,start       ] GC(36) Pause Young (Allocation Failure)
[58.848s][info][gc,heap        ] GC(36) PSYoungGen: 1218667K(1308160K)->31274K(1315840K) Eden: 1218667K(1220608K)->0K(1229824K) From: 0K(87552K)->31274K(86016K)
[58.849s][info][gc,heap        ] GC(36) ParOldGen: 64892K(2796544K)->64900K(2796544K)
[58.849s][info][gc,metaspace   ] GC(36) Metaspace: 126994K(129280K)->126994K(129280K) NonClass: 110626K(111680K)->110626K(111680K) Class: 16368K(17600K)->16368K(17600K)
[58.849s][info][gc             ] GC(36) Pause Young (Allocation Failure) 1253M->93M(4016M) 5.178ms
[58.849s][info][gc,cpu         ] GC(36) User=0.00s Sys=0.00s Real=0.00s
[59.294s][info][gc,start       ] GC(37) Pause Young (Allocation Failure)
[59.307s][info][gc,heap        ] GC(37) PSYoungGen: 1261098K(1315840K)->64575K(1294848K) Eden: 1229824K(1229824K)->0K(1229824K) From: 31274K(86016K)->64575K(65024K)
[59.307s][info][gc,heap        ] GC(37) ParOldGen: 64900K(2796544K)->89027K(2796544K)
[59.307s][info][gc,metaspace   ] GC(37) Metaspace: 126994K(129280K)->126994K(129280K) NonClass: 110626K(111680K)->110626K(111680K) Class: 16368K(17600K)->16368K(17600K)
[59.307s][info][gc             ] GC(37) Pause Young (Allocation Failure) 1294M->150M(3995M) 13.156ms
[59.307s][info][gc,cpu         ] GC(37) User=0.06s Sys=0.00s Real=0.01s
[63.741s][info][gc,start       ] GC(38) Pause Young (Allocation Failure)
[63.748s][info][gc,heap        ] GC(38) PSYoungGen: 1294399K(1294848K)->14591K(1310720K) Eden: 1229824K(1229824K)->0K(1220608K) From: 64575K(65024K)->14591K(90112K)
[63.748s][info][gc,heap        ] GC(38) ParOldGen: 89027K(2796544K)->115237K(2796544K)
[63.748s][info][gc,metaspace   ] GC(38) Metaspace: 127015K(129280K)->127015K(129280K) NonClass: 110646K(111680K)->110646K(111680K) Class: 16369K(17600K)->16369K(17600K)
[63.748s][info][gc             ] GC(38) Pause Young (Allocation Failure) 1351M->126M(4011M) 6.831ms
[63.748s][info][gc,cpu         ] GC(38) User=0.00s Sys=0.00s Real=0.01s
[66.106s][info][gc,start       ] GC(39) Pause Young (System.gc())
[66.109s][info][gc,heap        ] GC(39) PSYoungGen: 704166K(1310720K)->3276K(1307648K) Eden: 689574K(1220608K)->0K(1220608K) From: 14591K(90112K)->3276K(87040K)
[66.109s][info][gc,heap        ] GC(39) ParOldGen: 115237K(2796544K)->117006K(2796544K)
[66.109s][info][gc,metaspace   ] GC(39) Metaspace: 127098K(129280K)->127098K(129280K) NonClass: 110728K(111680K)->110728K(111680K) Class: 16369K(17600K)->16369K(17600K)
[66.109s][info][gc             ] GC(39) Pause Young (System.gc()) 800M->117M(4008M) 2.709ms
[66.109s][info][gc,cpu         ] GC(39) User=0.00s Sys=0.00s Real=0.00s
[66.109s][info][gc,start       ] GC(40) Pause Full (System.gc())
[66.109s][info][gc,phases,start] GC(40) Marking Phase
[66.141s][info][gc,phases      ] GC(40) Marking Phase 31.849ms
[66.141s][info][gc,phases,start] GC(40) Summary Phase
[66.141s][info][gc,phases      ] GC(40) Summary Phase 0.016ms
[66.141s][info][gc,phases,start] GC(40) Adjust Roots
[66.153s][info][gc,phases      ] GC(40) Adjust Roots 11.836ms
[66.153s][info][gc,phases,start] GC(40) Compaction Phase
[66.165s][info][gc,phases      ] GC(40) Compaction Phase 12.795ms
[66.166s][info][gc,phases,start] GC(40) Post Compact
[66.166s][info][gc,phases      ] GC(40) Post Compact 0.973ms
[66.167s][info][gc,heap        ] GC(40) PSYoungGen: 3276K(1307648K)->0K(1307648K) Eden: 0K(1220608K)->0K(1220608K) From: 3276K(87040K)->0K(87040K)
[66.167s][info][gc,heap        ] GC(40) ParOldGen: 117006K(2796544K)->65275K(2796544K)
[66.167s][info][gc,metaspace   ] GC(40) Metaspace: 127098K(129280K)->127098K(129280K) NonClass: 110728K(111680K)->110728K(111680K) Class: 16369K(17600K)->16369K(17600K)
[66.167s][info][gc             ] GC(40) Pause Full (System.gc()) 117M->63M(4008M) 57.885ms
[66.167s][info][gc,cpu         ] GC(40) User=0.23s Sys=0.00s Real=0.06s
[66.595s][info][gc,start       ] GC(41) Pause Young (Allocation Failure)
[66.601s][info][gc,heap        ] GC(41) PSYoungGen: 1217041K(1307648K)->38498K(1313280K) Eden: 1217041K(1220608K)->0K(1227264K) From: 0K(87040K)->38498K(86016K)
[66.601s][info][gc,heap        ] GC(41) ParOldGen: 65275K(2796544K)->65275K(2796544K)
[66.601s][info][gc,metaspace   ] GC(41) Metaspace: 127182K(129344K)->127182K(129344K) NonClass: 110813K(111744K)->110813K(111744K) Class: 16369K(17600K)->16369K(17600K)
[66.601s][info][gc             ] GC(41) Pause Young (Allocation Failure) 1252M->101M(4013M) 6.004ms
[66.601s][info][gc,cpu         ] GC(41) User=0.09s Sys=0.00s Real=0.00s
[67.049s][info][gc,start       ] GC(42) Pause Young (Allocation Failure)
[67.062s][info][gc,heap        ] GC(42) PSYoungGen: 1265762K(1313280K)->64892K(1292288K) Eden: 1227264K(1227264K)->0K(1227264K) From: 38498K(86016K)->64892K(65024K)
[67.063s][info][gc,heap        ] GC(42) ParOldGen: 65275K(2796544K)->89399K(2796544K)
[67.063s][info][gc,metaspace   ] GC(42) Metaspace: 127189K(129344K)->127189K(129344K) NonClass: 110820K(111744K)->110820K(111744K) Class: 16369K(17600K)->16369K(17600K)
[67.063s][info][gc             ] GC(42) Pause Young (Allocation Failure) 1299M->150M(3993M) 13.199ms
[67.063s][info][gc,cpu         ] GC(42) User=0.09s Sys=0.00s Real=0.01s
[71.411s][info][gc,start       ] GC(43) Pause Young (Allocation Failure)
[71.419s][info][gc,heap        ] GC(43) PSYoungGen: 1292156K(1292288K)->14771K(1308672K) Eden: 1227264K(1227264K)->0K(1216000K) From: 64892K(65024K)->14771K(92672K)
[71.419s][info][gc,heap        ] GC(43) ParOldGen: 89399K(2796544K)->115610K(2796544K)
[71.419s][info][gc,metaspace   ] GC(43) Metaspace: 127207K(129344K)->127207K(129344K) NonClass: 110838K(111744K)->110838K(111744K) Class: 16369K(17600K)->16369K(17600K)
[71.419s][info][gc             ] GC(43) Pause Young (Allocation Failure) 1349M->127M(4009M) 7.556ms
[71.419s][info][gc,cpu         ] GC(43) User=0.00s Sys=0.00s Real=0.01s
[73.737s][info][gc,start       ] GC(44) Pause Young (System.gc())
[73.740s][info][gc,heap        ] GC(44) PSYoungGen: 704468K(1308672K)->3276K(1305088K) Eden: 689696K(1216000K)->0K(1216000K) From: 14771K(92672K)->3276K(89088K)
[73.740s][info][gc,heap        ] GC(44) ParOldGen: 115610K(2796544K)->117368K(2796544K)
[73.740s][info][gc,metaspace   ] GC(44) Metaspace: 127250K(129408K)->127250K(129408K) NonClass: 110881K(111808K)->110881K(111808K) Class: 16369K(17600K)->16369K(17600K)
[73.740s][info][gc             ] GC(44) Pause Young (System.gc()) 800M->117M(4005M) 2.389ms
[73.740s][info][gc,cpu         ] GC(44) User=0.09s Sys=0.00s Real=0.00s
[73.740s][info][gc,start       ] GC(45) Pause Full (System.gc())
[73.740s][info][gc,phases,start] GC(45) Marking Phase
[73.771s][info][gc,phases      ] GC(45) Marking Phase 30.738ms
[73.771s][info][gc,phases,start] GC(45) Summary Phase
[73.771s][info][gc,phases      ] GC(45) Summary Phase 0.011ms
[73.771s][info][gc,phases,start] GC(45) Adjust Roots
[73.783s][info][gc,phases      ] GC(45) Adjust Roots 12.240ms
[73.783s][info][gc,phases,start] GC(45) Compaction Phase
[73.798s][info][gc,phases      ] GC(45) Compaction Phase 14.496ms
[73.798s][info][gc,phases,start] GC(45) Post Compact
[73.799s][info][gc,phases      ] GC(45) Post Compact 0.983ms
[73.799s][info][gc,heap        ] GC(45) PSYoungGen: 3276K(1305088K)->0K(1305088K) Eden: 0K(1216000K)->0K(1216000K) From: 3276K(89088K)->0K(89088K)
[73.799s][info][gc,heap        ] GC(45) ParOldGen: 117368K(2796544K)->65663K(2796544K)
[73.799s][info][gc,metaspace   ] GC(45) Metaspace: 127250K(129408K)->127250K(129408K) NonClass: 110881K(111808K)->110881K(111808K) Class: 16369K(17600K)->16369K(17600K)
[73.799s][info][gc             ] GC(45) Pause Full (System.gc()) 117M->64M(4005M) 58.803ms
[73.799s][info][gc,cpu         ] GC(45) User=0.12s Sys=0.00s Real=0.06s
[74.234s][info][gc,start       ] GC(46) Pause Young (Allocation Failure)
[74.240s][info][gc,heap        ] GC(46) PSYoungGen: 1214957K(1305088K)->31976K(1314304K) Eden: 1214957K(1216000K)->0K(1226752K) From: 0K(89088K)->31976K(87552K)
[74.240s][info][gc,heap        ] GC(46) ParOldGen: 65663K(2796544K)->65663K(2796544K)
[74.240s][info][gc,metaspace   ] GC(46) Metaspace: 127326K(129472K)->127326K(129472K) NonClass: 110957K(111872K)->110957K(111872K) Class: 16369K(17600K)->16369K(17600K)
[74.240s][info][gc             ] GC(46) Pause Young (Allocation Failure) 1250M->95M(4014M) 5.944ms
[74.240s][info][gc,cpu         ] GC(46) User=0.05s Sys=0.00s Real=0.01s
[74.677s][info][gc,start       ] GC(47) Pause Young (Allocation Failure)
[74.692s][info][gc,heap        ] GC(47) PSYoungGen: 1258728K(1314304K)->65183K(1292288K) Eden: 1226752K(1226752K)->0K(1226752K) From: 31976K(87552K)->65183K(65536K)
[74.692s][info][gc,heap        ] GC(47) ParOldGen: 65663K(2796544K)->89772K(2796544K)
[74.692s][info][gc,metaspace   ] GC(47) Metaspace: 127331K(129472K)->127331K(129472K) NonClass: 110962K(111872K)->110962K(111872K) Class: 16369K(17600K)->16369K(17600K)
[74.693s][info][gc             ] GC(47) Pause Young (Allocation Failure) 1293M->151M(3993M) 15.425ms
[74.693s][info][gc,cpu         ] GC(47) User=0.09s Sys=0.00s Real=0.01s
[79.022s][info][gc,start       ] GC(48) Pause Young (Allocation Failure)
[79.030s][info][gc,heap        ] GC(48) PSYoungGen: 1291935K(1292288K)->15740K(1309184K) Eden: 1226752K(1226752K)->0K(1217536K) From: 65183K(65536K)->15740K(91648K)
[79.030s][info][gc,heap        ] GC(48) ParOldGen: 89772K(2796544K)->115981K(2796544K)
[79.030s][info][gc,metaspace   ] GC(48) Metaspace: 127369K(129472K)->127369K(129472K) NonClass: 111000K(111872K)->111000K(111872K) Class: 16369K(17600K)->16369K(17600K)
[79.030s][info][gc             ] GC(48) Pause Young (Allocation Failure) 1349M->128M(4009M) 7.293ms
[79.030s][info][gc,cpu         ] GC(48) User=0.00s Sys=0.00s Real=0.01s
[81.445s][info][gc,start       ] GC(49) Pause Young (System.gc())
[81.447s][info][gc,heap        ] GC(49) PSYoungGen: 699607K(1309184K)->3244K(1306112K) Eden: 683867K(1217536K)->0K(1217536K) From: 15740K(91648K)->3244K(88576K)
[81.447s][info][gc,heap        ] GC(49) ParOldGen: 115981K(2796544K)->117724K(2796544K)
[81.447s][info][gc,metaspace   ] GC(49) Metaspace: 127430K(129536K)->127430K(129536K) NonClass: 111061K(111936K)->111061K(111936K) Class: 16369K(17600K)->16369K(17600K)
[81.447s][info][gc             ] GC(49) Pause Young (System.gc()) 796M->118M(4006M) 2.704ms
[81.447s][info][gc,cpu         ] GC(49) User=0.00s Sys=0.00s Real=0.00s
[81.447s][info][gc,start       ] GC(50) Pause Full (System.gc())
[81.447s][info][gc,phases,start] GC(50) Marking Phase
[81.478s][info][gc,phases      ] GC(50) Marking Phase 30.081ms
[81.478s][info][gc,phases,start] GC(50) Summary Phase
[81.478s][info][gc,phases      ] GC(50) Summary Phase 0.011ms
[81.478s][info][gc,phases,start] GC(50) Adjust Roots
[81.490s][info][gc,phases      ] GC(50) Adjust Roots 12.569ms
[81.490s][info][gc,phases,start] GC(50) Compaction Phase
[81.505s][info][gc,phases      ] GC(50) Compaction Phase 14.828ms
[81.505s][info][gc,phases,start] GC(50) Post Compact
[81.506s][info][gc,phases      ] GC(50) Post Compact 1.143ms
[81.506s][info][gc,heap        ] GC(50) PSYoungGen: 3244K(1306112K)->0K(1306112K) Eden: 0K(1217536K)->0K(1217536K) From: 3244K(88576K)->0K(88576K)
[81.506s][info][gc,heap        ] GC(50) ParOldGen: 117724K(2796544K)->66040K(2796544K)
[81.506s][info][gc,metaspace   ] GC(50) Metaspace: 127430K(129536K)->127430K(129536K) NonClass: 111061K(111936K)->111061K(111936K) Class: 16369K(17600K)->16369K(17600K)
[81.506s][info][gc             ] GC(50) Pause Full (System.gc()) 118M->64M(4006M) 58.974ms
[81.506s][info][gc,cpu         ] GC(50) User=0.12s Sys=0.02s Real=0.06s
[81.926s][info][gc,start       ] GC(51) Pause Young (Allocation Failure)
[81.932s][info][gc,heap        ] GC(51) PSYoungGen: 1214150K(1306112K)->38448K(1312256K) Eden: 1214150K(1217536K)->0K(1225216K) From: 0K(88576K)->38448K(87040K)
[81.932s][info][gc,heap        ] GC(51) ParOldGen: 66040K(2796544K)->66048K(2796544K)
[81.932s][info][gc,metaspace   ] GC(51) Metaspace: 127465K(129536K)->127465K(129536K) NonClass: 111096K(111936K)->111096K(111936K) Class: 16369K(17600K)->16369K(17600K)
[81.932s][info][gc             ] GC(51) Pause Young (Allocation Failure) 1250M->102M(4012M) 6.364ms
[81.932s][info][gc,cpu         ] GC(51) User=0.06s Sys=0.00s Real=0.00s
[82.366s][info][gc,start       ] GC(52) Pause Young (Allocation Failure)
[82.379s][info][gc,heap        ] GC(52) PSYoungGen: 1263664K(1312256K)->62346K(1287680K) Eden: 1225216K(1225216K)->0K(1225216K) From: 38448K(87040K)->62346K(62464K)
[82.379s][info][gc,heap        ] GC(52) ParOldGen: 66048K(2796544K)->90162K(2796544K)
[82.379s][info][gc,metaspace   ] GC(52) Metaspace: 127469K(129536K)->127469K(129536K) NonClass: 111100K(111936K)->111100K(111936K) Class: 16369K(17600K)->16369K(17600K)
[82.379s][info][gc             ] GC(52) Pause Young (Allocation Failure) 1298M->148M(3988M) 12.880ms
[82.379s][info][gc,cpu         ] GC(52) User=0.00s Sys=0.00s Real=0.01s
[86.640s][info][gc,start       ] GC(53) Pause Young (Allocation Failure)
[86.647s][info][gc,heap        ] GC(53) PSYoungGen: 1287562K(1287680K)->14821K(1308672K) Eden: 1225216K(1225216K)->0K(1216512K) From: 62346K(62464K)->14821K(92160K)
[86.647s][info][gc,heap        ] GC(53) ParOldGen: 90162K(2796544K)->114802K(2796544K)
[86.647s][info][gc,metaspace   ] GC(53) Metaspace: 127474K(129536K)->127474K(129536K) NonClass: 111105K(111936K)->111105K(111936K) Class: 16369K(17600K)->16369K(17600K)
[86.647s][info][gc             ] GC(53) Pause Young (Allocation Failure) 1345M->126M(4009M) 6.521ms
[86.647s][info][gc,cpu         ] GC(53) User=0.09s Sys=0.00s Real=0.01s
[89.079s][info][gc,start       ] GC(54) Pause Young (System.gc())
[89.082s][info][gc,heap        ] GC(54) PSYoungGen: 708015K(1308672K)->3291K(1305600K) Eden: 693193K(1216512K)->0K(1216512K) From: 14821K(92160K)->3291K(89088K)
[89.082s][info][gc,heap        ] GC(54) ParOldGen: 114802K(2796544K)->118101K(2796544K)
[89.082s][info][gc,metaspace   ] GC(54) Metaspace: 127518K(129600K)->127518K(129600K) NonClass: 111149K(112000K)->111149K(112000K) Class: 16369K(17600K)->16369K(17600K)
[89.082s][info][gc             ] GC(54) Pause Young (System.gc()) 803M->118M(4006M) 3.154ms
[89.082s][info][gc,cpu         ] GC(54) User=0.00s Sys=0.00s Real=0.00s
[89.082s][info][gc,start       ] GC(55) Pause Full (System.gc())
[89.082s][info][gc,phases,start] GC(55) Marking Phase
[89.115s][info][gc,phases      ] GC(55) Marking Phase 32.741ms
[89.115s][info][gc,phases,start] GC(55) Summary Phase
[89.115s][info][gc,phases      ] GC(55) Summary Phase 0.011ms
[89.115s][info][gc,phases,start] GC(55) Adjust Roots
[89.127s][info][gc,phases      ] GC(55) Adjust Roots 12.664ms
[89.127s][info][gc,phases,start] GC(55) Compaction Phase
[89.139s][info][gc,phases      ] GC(55) Compaction Phase 11.957ms
[89.140s][info][gc,phases,start] GC(55) Post Compact
[89.141s][info][gc,phases      ] GC(55) Post Compact 1.010ms
[89.141s][info][gc,heap        ] GC(55) PSYoungGen: 3291K(1305600K)->0K(1305600K) Eden: 0K(1216512K)->0K(1216512K) From: 3291K(89088K)->0K(89088K)
[89.141s][info][gc,heap        ] GC(55) ParOldGen: 118101K(2796544K)->66415K(2796544K)
[89.141s][info][gc,metaspace   ] GC(55) Metaspace: 127518K(129600K)->127518K(129600K) NonClass: 111149K(112000K)->111149K(112000K) Class: 16369K(17600K)->16369K(17600K)
[89.141s][info][gc             ] GC(55) Pause Full (System.gc()) 118M->64M(4006M) 58.728ms
[89.141s][info][gc,cpu         ] GC(55) User=0.20s Sys=0.00s Real=0.06s
[89.583s][info][gc,start       ] GC(56) Pause Young (Allocation Failure)
[89.589s][info][gc,heap        ] GC(56) PSYoungGen: 1216512K(1305600K)->34065K(1313280K) Eden: 1216512K(1216512K)->0K(1225728K) From: 0K(89088K)->34065K(87552K)
[89.589s][info][gc,heap        ] GC(56) ParOldGen: 66415K(2796544K)->66423K(2796544K)
[89.589s][info][gc,metaspace   ] GC(56) Metaspace: 127595K(129600K)->127595K(129600K) NonClass: 111226K(112000K)->111226K(112000K) Class: 16369K(17600K)->16369K(17600K)
[89.589s][info][gc             ] GC(56) Pause Young (Allocation Failure) 1252M->98M(4013M) 6.225ms
[89.589s][info][gc,cpu         ] GC(56) User=0.06s Sys=0.00s Real=0.01s
[90.038s][info][gc,start       ] GC(57) Pause Young (Allocation Failure)
[90.051s][info][gc,heap        ] GC(57) PSYoungGen: 1259793K(1313280K)->64898K(1290752K) Eden: 1225728K(1225728K)->0K(1225728K) From: 34065K(87552K)->64898K(65024K)
[90.051s][info][gc,heap        ] GC(57) ParOldGen: 66423K(2796544K)->90529K(2796544K)
[90.051s][info][gc,metaspace   ] GC(57) Metaspace: 127616K(129664K)->127616K(129664K) NonClass: 111247K(112064K)->111247K(112064K) Class: 16369K(17600K)->16369K(17600K)
[90.051s][info][gc             ] GC(57) Pause Young (Allocation Failure) 1295M->151M(3991M) 13.136ms
[90.051s][info][gc,cpu         ] GC(57) User=0.00s Sys=0.00s Real=0.01s
[94.402s][info][gc,start       ] GC(58) Pause Young (Allocation Failure)
[94.410s][info][gc,heap        ] GC(58) PSYoungGen: 1290626K(1290752K)->15533K(1308672K) Eden: 1225728K(1225728K)->0K(1216512K) From: 64898K(65024K)->15533K(92160K)
[94.410s][info][gc,heap        ] GC(58) ParOldGen: 90529K(2796544K)->116747K(2796544K)
[94.410s][info][gc,metaspace   ] GC(58) Metaspace: 127650K(129664K)->127650K(129664K) NonClass: 111280K(112064K)->111280K(112064K) Class: 16369K(17600K)->16369K(17600K)
[94.410s][info][gc             ] GC(58) Pause Young (Allocation Failure) 1348M->129M(4009M) 7.297ms
[94.410s][info][gc,cpu         ] GC(58) User=0.00s Sys=0.00s Real=0.01s
[96.868s][info][gc,start       ] GC(59) Pause Young (System.gc())
[96.871s][info][gc,heap        ] GC(59) PSYoungGen: 699088K(1308672K)->3276K(1305600K) Eden: 683554K(1216512K)->0K(1216512K) From: 15533K(92160K)->3276K(89088K)
[96.871s][info][gc,heap        ] GC(59) ParOldGen: 116747K(2796544K)->120093K(2796544K)
[96.871s][info][gc,metaspace   ] GC(59) Metaspace: 127683K(129728K)->127683K(129728K) NonClass: 111313K(112128K)->111313K(112128K) Class: 16369K(17600K)->16369K(17600K)
[96.871s][info][gc             ] GC(59) Pause Young (System.gc()) 796M->120M(4006M) 3.170ms
[96.871s][info][gc,cpu         ] GC(59) User=0.00s Sys=0.00s Real=0.01s
[96.871s][info][gc,start       ] GC(60) Pause Full (System.gc())
[96.871s][info][gc,phases,start] GC(60) Marking Phase
[96.904s][info][gc,phases      ] GC(60) Marking Phase 32.711ms
[96.904s][info][gc,phases,start] GC(60) Summary Phase
[96.904s][info][gc,phases      ] GC(60) Summary Phase 0.011ms
[96.904s][info][gc,phases,start] GC(60) Adjust Roots
[96.917s][info][gc,phases      ] GC(60) Adjust Roots 12.521ms
[96.917s][info][gc,phases,start] GC(60) Compaction Phase
[96.929s][info][gc,phases      ] GC(60) Compaction Phase 12.479ms
[96.929s][info][gc,phases,start] GC(60) Post Compact
[96.930s][info][gc,phases      ] GC(60) Post Compact 1.030ms
[96.930s][info][gc,heap        ] GC(60) PSYoungGen: 3276K(1305600K)->0K(1305600K) Eden: 0K(1216512K)->0K(1216512K) From: 3276K(89088K)->0K(89088K)
[96.930s][info][gc,heap        ] GC(60) ParOldGen: 120093K(2796544K)->66777K(2796544K)
[96.930s][info][gc,metaspace   ] GC(60) Metaspace: 127683K(129728K)->127683K(129728K) NonClass: 111313K(112128K)->111313K(112128K) Class: 16369K(17600K)->16369K(17600K)
[96.930s][info][gc             ] GC(60) Pause Full (System.gc()) 120M->65M(4006M) 59.077ms
[96.930s][info][gc,cpu         ] GC(60) User=0.22s Sys=0.00s Real=0.06s
[97.402s][info][gc,start       ] GC(61) Pause Young (Allocation Failure)
[97.408s][info][gc,heap        ] GC(61) PSYoungGen: 1213542K(1305600K)->29594K(1315328K) Eden: 1213542K(1216512K)->0K(1227776K) From: 0K(89088K)->29594K(87552K)
[97.408s][info][gc,heap        ] GC(61) ParOldGen: 66777K(2796544K)->66777K(2796544K)
[97.408s][info][gc,metaspace   ] GC(61) Metaspace: 127728K(129728K)->127728K(129728K) NonClass: 111359K(112128K)->111359K(112128K) Class: 16369K(17600K)->16369K(17600K)
[97.408s][info][gc             ] GC(61) Pause Young (Allocation Failure) 1250M->94M(4015M) 6.094ms
[97.408s][info][gc,cpu         ] GC(61) User=0.00s Sys=0.00s Real=0.01s
[97.847s][info][gc,start       ] GC(62) Pause Young (Allocation Failure)
[97.861s][info][gc,heap        ] GC(62) PSYoungGen: 1257370K(1315328K)->64866K(1292800K) Eden: 1227776K(1227776K)->0K(1227776K) From: 29594K(87552K)->64866K(65024K)
[97.861s][info][gc,heap        ] GC(62) ParOldGen: 66777K(2796544K)->90894K(2796544K)
[97.861s][info][gc,metaspace   ] GC(62) Metaspace: 127728K(129728K)->127728K(129728K) NonClass: 111359K(112128K)->111359K(112128K) Class: 16369K(17600K)->16369K(17600K)
[97.861s][info][gc             ] GC(62) Pause Young (Allocation Failure) 1293M->152M(3993M) 13.197ms
[97.861s][info][gc,cpu         ] GC(62) User=0.09s Sys=0.00s Real=0.01s
[102.232s][info][gc,start       ] GC(63) Pause Young (Allocation Failure)
[102.240s][info][gc,heap        ] GC(63) PSYoungGen: 1292642K(1292800K)->15431K(1310208K) Eden: 1227776K(1227776K)->0K(1219584K) From: 64866K(65024K)->15431K(90624K)
[102.240s][info][gc,heap        ] GC(63) ParOldGen: 90894K(2796544K)->117096K(2796544K)
[102.240s][info][gc,metaspace   ] GC(63) Metaspace: 127745K(129728K)->127745K(129728K) NonClass: 111376K(112128K)->111376K(112128K) Class: 16369K(17600K)->16369K(17600K)
[102.240s][info][gc             ] GC(63) Pause Young (Allocation Failure) 1351M->129M(4010M) 7.896ms
[102.240s][info][gc,cpu         ] GC(63) User=0.06s Sys=0.00s Real=0.01s
[104.622s][info][gc,start       ] GC(64) Pause Young (System.gc())
[104.625s][info][gc,heap        ] GC(64) PSYoungGen: 698191K(1310208K)->3244K(1307136K) Eden: 682759K(1219584K)->0K(1219584K) From: 15431K(90624K)->3244K(87552K)
[104.625s][info][gc,heap        ] GC(64) ParOldGen: 117096K(2796544K)->118823K(2796544K)
[104.625s][info][gc,metaspace   ] GC(64) Metaspace: 127790K(129792K)->127790K(129792K) NonClass: 111420K(112192K)->111420K(112192K) Class: 16369K(17600K)->16369K(17600K)
[104.625s][info][gc             ] GC(64) Pause Young (System.gc()) 796M->119M(4007M) 2.973ms
[104.625s][info][gc,cpu         ] GC(64) User=0.00s Sys=0.00s Real=0.00s
[104.625s][info][gc,start       ] GC(65) Pause Full (System.gc())
[104.625s][info][gc,phases,start] GC(65) Marking Phase
[104.659s][info][gc,phases      ] GC(65) Marking Phase 33.159ms
[104.659s][info][gc,phases,start] GC(65) Summary Phase
[104.659s][info][gc,phases      ] GC(65) Summary Phase 0.010ms
[104.659s][info][gc,phases,start] GC(65) Adjust Roots
[104.672s][info][gc,phases      ] GC(65) Adjust Roots 13.153ms
[104.672s][info][gc,phases,start] GC(65) Compaction Phase
[104.687s][info][gc,phases      ] GC(65) Compaction Phase 14.898ms
[104.687s][info][gc,phases,start] GC(65) Post Compact
[104.688s][info][gc,phases      ] GC(65) Post Compact 1.212ms
[104.688s][info][gc,heap        ] GC(65) PSYoungGen: 3244K(1307136K)->0K(1307136K) Eden: 0K(1219584K)->0K(1219584K) From: 3244K(87552K)->0K(87552K)
[104.688s][info][gc,heap        ] GC(65) ParOldGen: 118823K(2796544K)->67142K(2796544K)
[104.688s][info][gc,metaspace   ] GC(65) Metaspace: 127790K(129792K)->127790K(129792K) NonClass: 111420K(112192K)->111420K(112192K) Class: 16369K(17600K)->16369K(17600K)
[104.688s][info][gc             ] GC(65) Pause Full (System.gc()) 119M->65M(4007M) 62.792ms
[104.688s][info][gc,cpu         ] GC(65) User=0.22s Sys=0.00s Real=0.06s
[105.113s][info][gc,start       ] GC(66) Pause Young (Allocation Failure)
[105.118s][info][gc,heap        ] GC(66) PSYoungGen: 1217576K(1307136K)->26854K(1317376K) Eden: 1217576K(1219584K)->0K(1230848K) From: 0K(87552K)->26854K(86528K)
[105.118s][info][gc,heap        ] GC(66) ParOldGen: 67142K(2796544K)->67142K(2796544K)
[105.118s][info][gc,metaspace   ] GC(66) Metaspace: 127835K(129856K)->127835K(129856K) NonClass: 111465K(112256K)->111465K(112256K) Class: 16370K(17600K)->16370K(17600K)
[105.118s][info][gc             ] GC(66) Pause Young (Allocation Failure) 1254M->91M(4017M) 5.411ms
[105.118s][info][gc,cpu         ] GC(66) User=0.03s Sys=0.02s Real=0.01s
[105.541s][info][gc,start       ] GC(67) Pause Young (Allocation Failure)
[105.555s][info][gc,heap        ] GC(67) PSYoungGen: 1257702K(1317376K)->66047K(1296896K) Eden: 1230848K(1230848K)->0K(1230848K) From: 26854K(86528K)->66047K(66048K)
[105.555s][info][gc,heap        ] GC(67) ParOldGen: 67142K(2796544K)->91249K(2796544K)
[105.555s][info][gc,metaspace   ] GC(67) Metaspace: 127844K(129856K)->127844K(129856K) NonClass: 111474K(112256K)->111474K(112256K) Class: 16370K(17600K)->16370K(17600K)
[105.555s][info][gc             ] GC(67) Pause Young (Allocation Failure) 1293M->153M(3997M) 13.366ms
[105.555s][info][gc,cpu         ] GC(67) User=0.09s Sys=0.00s Real=0.01s
[109.913s][info][gc,start       ] GC(68) Pause Young (Allocation Failure)
[109.921s][info][gc,heap        ] GC(68) PSYoungGen: 1296895K(1296896K)->16785K(1311744K) Eden: 1230848K(1230848K)->0K(1222144K) From: 66047K(66048K)->16785K(89600K)
[109.921s][info][gc,heap        ] GC(68) ParOldGen: 91249K(2796544K)->117451K(2796544K)
[109.921s][info][gc,metaspace   ] GC(68) Metaspace: 127856K(129856K)->127856K(129856K) NonClass: 111485K(112256K)->111485K(112256K) Class: 16370K(17600K)->16370K(17600K)
[109.921s][info][gc             ] GC(68) Pause Young (Allocation Failure) 1355M->131M(4012M) 7.332ms
[109.921s][info][gc,cpu         ] GC(68) User=0.00s Sys=0.00s Real=0.01s
[112.340s][info][gc,start       ] GC(69) Pause Young (System.gc())
[112.343s][info][gc,heap        ] GC(69) PSYoungGen: 694511K(1311744K)->3299K(1308160K) Eden: 677726K(1222144K)->0K(1222144K) From: 16785K(89600K)->3299K(86016K)
[112.343s][info][gc,heap        ] GC(69) ParOldGen: 117451K(2796544K)->119177K(2796544K)
[112.343s][info][gc,metaspace   ] GC(69) Metaspace: 127906K(129856K)->127906K(129856K) NonClass: 111535K(112256K)->111535K(112256K) Class: 16370K(17600K)->16370K(17600K)
[112.343s][info][gc             ] GC(69) Pause Young (System.gc()) 792M->119M(4008M) 3.044ms
[112.343s][info][gc,cpu         ] GC(69) User=0.00s Sys=0.00s Real=0.01s
[112.343s][info][gc,start       ] GC(70) Pause Full (System.gc())
[112.343s][info][gc,phases,start] GC(70) Marking Phase
[112.380s][info][gc,phases      ] GC(70) Marking Phase 36.974ms
[112.380s][info][gc,phases,start] GC(70) Summary Phase
[112.380s][info][gc,phases      ] GC(70) Summary Phase 0.021ms
[112.380s][info][gc,phases,start] GC(70) Adjust Roots
[112.394s][info][gc,phases      ] GC(70) Adjust Roots 13.665ms
[112.394s][info][gc,phases,start] GC(70) Compaction Phase
[112.407s][info][gc,phases      ] GC(70) Compaction Phase 13.120ms
[112.407s][info][gc,phases,start] GC(70) Post Compact
[112.408s][info][gc,phases      ] GC(70) Post Compact 1.031ms
[112.408s][info][gc,heap        ] GC(70) PSYoungGen: 3299K(1308160K)->0K(1308160K) Eden: 0K(1222144K)->0K(1222144K) From: 3299K(86016K)->0K(86016K)
[112.408s][info][gc,heap        ] GC(70) ParOldGen: 119177K(2796544K)->67530K(2796544K)
[112.408s][info][gc,metaspace   ] GC(70) Metaspace: 127906K(129856K)->127906K(129856K) NonClass: 111535K(112256K)->111535K(112256K) Class: 16370K(17600K)->16370K(17600K)
[112.408s][info][gc             ] GC(70) Pause Full (System.gc()) 119M->65M(4008M) 65.178ms
[112.408s][info][gc,cpu         ] GC(70) User=0.23s Sys=0.00s Real=0.07s
[112.910s][info][gc,start       ] GC(71) Pause Young (Allocation Failure)
[112.916s][info][gc,heap        ] GC(71) PSYoungGen: 1220738K(1308160K)->34124K(1315840K) Eden: 1220738K(1222144K)->0K(1230848K) From: 0K(86016K)->34124K(84992K)
[112.916s][info][gc,heap        ] GC(71) ParOldGen: 67530K(2796544K)->67538K(2796544K)
[112.916s][info][gc,metaspace   ] GC(71) Metaspace: 127951K(129984K)->127951K(129984K) NonClass: 111580K(112384K)->111580K(112384K) Class: 16370K(17600K)->16370K(17600K)
[112.916s][info][gc             ] GC(71) Pause Young (Allocation Failure) 1258M->99M(4016M) 5.969ms
[112.916s][info][gc,cpu         ] GC(71) User=0.02s Sys=0.00s Real=0.01s
[113.345s][info][gc,start       ] GC(72) Pause Young (Allocation Failure)
[113.358s][info][gc,heap        ] GC(72) PSYoungGen: 1264972K(1315840K)->65951K(1296896K) Eden: 1230848K(1230848K)->0K(1230848K) From: 34124K(84992K)->65951K(66048K)
[113.358s][info][gc,heap        ] GC(72) ParOldGen: 67538K(2796544K)->91645K(2796544K)
[113.358s][info][gc,metaspace   ] GC(72) Metaspace: 127954K(129984K)->127954K(129984K) NonClass: 111583K(112384K)->111583K(112384K) Class: 16370K(17600K)->16370K(17600K)
[113.358s][info][gc             ] GC(72) Pause Young (Allocation Failure) 1301M->153M(3997M) 13.245ms
[113.358s][info][gc,cpu         ] GC(72) User=0.09s Sys=0.00s Real=0.01s
[117.719s][info][gc,start       ] GC(73) Pause Young (Allocation Failure)
[117.726s][info][gc,heap        ] GC(73) PSYoungGen: 1296799K(1296896K)->16929K(1310720K) Eden: 1230848K(1230848K)->0K(1220096K) From: 65951K(66048K)->16929K(90624K)
[117.726s][info][gc,heap        ] GC(73) ParOldGen: 91645K(2796544K)->117855K(2796544K)
[117.726s][info][gc,metaspace   ] GC(73) Metaspace: 127974K(129984K)->127974K(129984K) NonClass: 111604K(112384K)->111604K(112384K) Class: 16370K(17600K)->16370K(17600K)
[117.726s][info][gc             ] GC(73) Pause Young (Allocation Failure) 1355M->131M(4011M) 7.715ms
[117.727s][info][gc,cpu         ] GC(73) User=0.09s Sys=0.00s Real=0.01s
[120.042s][info][gc,start       ] GC(74) Pause Young (System.gc())
[120.044s][info][gc,heap        ] GC(74) PSYoungGen: 694582K(1310720K)->3253K(1307136K) Eden: 677652K(1220096K)->0K(1220096K) From: 16929K(90624K)->3253K(87040K)
[120.044s][info][gc,heap        ] GC(74) ParOldGen: 117855K(2796544K)->119581K(2796544K)
[120.044s][info][gc,metaspace   ] GC(74) Metaspace: 128014K(129984K)->128014K(129984K) NonClass: 111641K(112384K)->111641K(112384K) Class: 16372K(17600K)->16372K(17600K)
[120.044s][info][gc             ] GC(74) Pause Young (System.gc()) 793M->119M(4007M) 2.174ms
[120.044s][info][gc,cpu         ] GC(74) User=0.00s Sys=0.00s Real=0.00s
[120.044s][info][gc,start       ] GC(75) Pause Full (System.gc())
[120.044s][info][gc,phases,start] GC(75) Marking Phase
[120.076s][info][gc,phases      ] GC(75) Marking Phase 31.770ms
[120.076s][info][gc,phases,start] GC(75) Summary Phase
[120.076s][info][gc,phases      ] GC(75) Summary Phase 0.010ms
[120.076s][info][gc,phases,start] GC(75) Adjust Roots
[120.089s][info][gc,phases      ] GC(75) Adjust Roots 13.391ms
[120.089s][info][gc,phases,start] GC(75) Compaction Phase
[120.102s][info][gc,phases      ] GC(75) Compaction Phase 13.258ms
[120.103s][info][gc,phases,start] GC(75) Post Compact
[120.104s][info][gc,phases      ] GC(75) Post Compact 1.006ms
[120.104s][info][gc,heap        ] GC(75) PSYoungGen: 3253K(1307136K)->0K(1307136K) Eden: 0K(1220096K)->0K(1220096K) From: 3253K(87040K)->0K(87040K)
[120.104s][info][gc,heap        ] GC(75) ParOldGen: 119581K(2796544K)->67896K(2796544K)
[120.104s][info][gc,metaspace   ] GC(75) Metaspace: 128014K(129984K)->128014K(129984K) NonClass: 111641K(112384K)->111641K(112384K) Class: 16372K(17600K)->16372K(17600K)
[120.104s][info][gc             ] GC(75) Pause Full (System.gc()) 119M->66M(4007M) 59.764ms
[120.104s][info][gc,cpu         ] GC(75) User=0.22s Sys=0.00s Real=0.07s
[120.511s][info][gc,start       ] GC(76) Pause Young (Allocation Failure)
[120.517s][info][gc,heap        ] GC(76) PSYoungGen: 1217347K(1307136K)->34134K(1314816K) Eden: 1217347K(1220096K)->0K(1228800K) From: 0K(87040K)->34134K(86016K)
[120.517s][info][gc,heap        ] GC(76) ParOldGen: 67896K(2796544K)->67904K(2796544K)
[120.517s][info][gc,metaspace   ] GC(76) Metaspace: 128042K(130048K)->128042K(130048K) NonClass: 111670K(112448K)->111670K(112448K) Class: 16372K(17600K)->16372K(17600K)
[120.517s][info][gc             ] GC(76) Pause Young (Allocation Failure) 1255M->99M(4015M) 6.247ms
[120.518s][info][gc,cpu         ] GC(76) User=0.00s Sys=0.00s Real=0.01s
[120.955s][info][gc,start       ] GC(77) Pause Young (Allocation Failure)
[120.968s][info][gc,heap        ] GC(77) PSYoungGen: 1262934K(1314816K)->64074K(1293312K) Eden: 1228800K(1228800K)->0K(1228800K) From: 34134K(86016K)->64074K(64512K)
[120.968s][info][gc,heap        ] GC(77) ParOldGen: 67904K(2796544K)->92021K(2796544K)
[120.968s][info][gc,metaspace   ] GC(77) Metaspace: 128044K(130048K)->128044K(130048K) NonClass: 111671K(112448K)->111671K(112448K) Class: 16372K(17600K)->16372K(17600K)
[120.968s][info][gc             ] GC(77) Pause Young (Allocation Failure) 1299M->152M(3994M) 13.165ms
[120.968s][info][gc,cpu         ] GC(77) User=0.09s Sys=0.00s Real=0.01s
[125.323s][info][gc,start       ] GC(78) Pause Young (Allocation Failure)
[125.331s][info][gc,heap        ] GC(78) PSYoungGen: 1292874K(1293312K)->17570K(1310720K) Eden: 1228800K(1228800K)->0K(1220096K) From: 64074K(64512K)->17570K(90624K)
[125.331s][info][gc,heap        ] GC(78) ParOldGen: 92021K(2796544K)->116709K(2796544K)
[125.331s][info][gc,metaspace   ] GC(78) Metaspace: 128105K(130048K)->128105K(130048K) NonClass: 111733K(112448K)->111733K(112448K) Class: 16372K(17600K)->16372K(17600K)
[125.331s][info][gc             ] GC(78) Pause Young (Allocation Failure) 1352M->131M(4011M) 8.040ms
[125.331s][info][gc,cpu         ] GC(78) User=0.00s Sys=0.00s Real=0.01s
[127.648s][info][gc,start       ] GC(79) Pause Young (System.gc())
[127.650s][info][gc,heap        ] GC(79) PSYoungGen: 700757K(1310720K)->3260K(1307136K) Eden: 683186K(1220096K)->0K(1220096K) From: 17570K(90624K)->3260K(87040K)
[127.650s][info][gc,heap        ] GC(79) ParOldGen: 116709K(2796544K)->121518K(2796544K)
[127.650s][info][gc,metaspace   ] GC(79) Metaspace: 128158K(130112K)->128158K(130112K) NonClass: 111785K(112512K)->111785K(112512K) Class: 16372K(17600K)->16372K(17600K)
[127.650s][info][gc             ] GC(79) Pause Young (System.gc()) 798M->121M(4007M) 2.743ms
[127.650s][info][gc,cpu         ] GC(79) User=0.00s Sys=0.00s Real=0.01s
[127.650s][info][gc,start       ] GC(80) Pause Full (System.gc())
[127.650s][info][gc,phases,start] GC(80) Marking Phase
[127.685s][info][gc,phases      ] GC(80) Marking Phase 34.550ms
[127.685s][info][gc,phases,start] GC(80) Summary Phase
[127.685s][info][gc,phases      ] GC(80) Summary Phase 0.011ms
[127.685s][info][gc,phases,start] GC(80) Adjust Roots
[127.699s][info][gc,phases      ] GC(80) Adjust Roots 13.848ms
[127.699s][info][gc,phases,start] GC(80) Compaction Phase
[127.713s][info][gc,phases      ] GC(80) Compaction Phase 13.564ms
[127.713s][info][gc,phases,start] GC(80) Post Compact
[127.714s][info][gc,phases      ] GC(80) Post Compact 1.125ms
[127.714s][info][gc,heap        ] GC(80) PSYoungGen: 3260K(1307136K)->0K(1307136K) Eden: 0K(1220096K)->0K(1220096K) From: 3260K(87040K)->0K(87040K)
[127.714s][info][gc,heap        ] GC(80) ParOldGen: 121518K(2796544K)->68314K(2796544K)
[127.714s][info][gc,metaspace   ] GC(80) Metaspace: 128158K(130112K)->128158K(130112K) NonClass: 111785K(112512K)->111785K(112512K) Class: 16372K(17600K)->16372K(17600K)
[127.714s][info][gc             ] GC(80) Pause Full (System.gc()) 121M->66M(4007M) 63.463ms
[127.714s][info][gc,cpu         ] GC(80) User=0.22s Sys=0.00s Real=0.06s
[128.104s][info][gc,start       ] GC(81) Pause Young (Allocation Failure)
[128.111s][info][gc,heap        ] GC(81) PSYoungGen: 1217767K(1307136K)->42357K(1312256K) Eden: 1217767K(1220096K)->0K(1226240K) From: 0K(87040K)->42357K(86016K)
[128.111s][info][gc,heap        ] GC(81) ParOldGen: 68314K(2796544K)->68314K(2796544K)
[128.111s][info][gc,metaspace   ] GC(81) Metaspace: 128200K(130176K)->128200K(130176K) NonClass: 111826K(112576K)->111826K(112576K) Class: 16373K(17600K)->16373K(17600K)
[128.111s][info][gc             ] GC(81) Pause Young (Allocation Failure) 1255M->108M(4012M) 6.979ms
[128.111s][info][gc,cpu         ] GC(81) User=0.00s Sys=0.00s Real=0.01s
[128.542s][info][gc,start       ] GC(82) Pause Young (Allocation Failure)
[128.555s][info][gc,heap        ] GC(82) PSYoungGen: 1268597K(1312256K)->62778K(1289216K) Eden: 1226240K(1226240K)->0K(1226240K) From: 42357K(86016K)->62778K(62976K)
[128.555s][info][gc,heap        ] GC(82) ParOldGen: 68314K(2796544K)->92425K(2796544K)
[128.555s][info][gc,metaspace   ] GC(82) Metaspace: 128206K(130176K)->128206K(130176K) NonClass: 111832K(112576K)->111832K(112576K) Class: 16373K(17600K)->16373K(17600K)
[128.555s][info][gc             ] GC(82) Pause Young (Allocation Failure) 1305M->151M(3990M) 12.851ms
[128.555s][info][gc,cpu         ] GC(82) User=0.09s Sys=0.00s Real=0.01s
[132.866s][info][gc,start       ] GC(83) Pause Young (Allocation Failure)
[132.873s][info][gc,heap        ] GC(83) PSYoungGen: 1289018K(1289216K)->16424K(1308672K) Eden: 1226240K(1226240K)->0K(1216000K) From: 62778K(62976K)->16424K(92672K)
[132.873s][info][gc,heap        ] GC(83) ParOldGen: 92425K(2796544K)->117065K(2796544K)
[132.873s][info][gc,metaspace   ] GC(83) Metaspace: 128213K(130176K)->128213K(130176K) NonClass: 111839K(112576K)->111839K(112576K) Class: 16373K(17600K)->16373K(17600K)
[132.873s][info][gc             ] GC(83) Pause Young (Allocation Failure) 1349M->130M(4009M) 7.021ms
[132.873s][info][gc,cpu         ] GC(83) User=0.00s Sys=0.00s Real=0.01s
[135.209s][info][gc,start       ] GC(84) Pause Young (System.gc())
[135.212s][info][gc,heap        ] GC(84) PSYoungGen: 705825K(1308672K)->3276K(1305088K) Eden: 689400K(1216000K)->0K(1216000K) From: 16424K(92672K)->3276K(89088K)
[135.212s][info][gc,heap        ] GC(84) ParOldGen: 117065K(2796544K)->120370K(2796544K)
[135.212s][info][gc,metaspace   ] GC(84) Metaspace: 128273K(130240K)->128273K(130240K) NonClass: 111899K(112640K)->111899K(112640K) Class: 16373K(17600K)->16373K(17600K)
[135.212s][info][gc             ] GC(84) Pause Young (System.gc()) 803M->120M(4005M) 2.629ms
[135.212s][info][gc,cpu         ] GC(84) User=0.00s Sys=0.00s Real=0.01s
[135.212s][info][gc,start       ] GC(85) Pause Full (System.gc())
[135.212s][info][gc,phases,start] GC(85) Marking Phase
[135.244s][info][gc,phases      ] GC(85) Marking Phase 31.821ms
[135.244s][info][gc,phases,start] GC(85) Summary Phase
[135.244s][info][gc,phases      ] GC(85) Summary Phase 0.011ms
[135.244s][info][gc,phases,start] GC(85) Adjust Roots
[135.257s][info][gc,phases      ] GC(85) Adjust Roots 12.975ms
[135.257s][info][gc,phases,start] GC(85) Compaction Phase
[135.271s][info][gc,phases      ] GC(85) Compaction Phase 14.264ms
[135.271s][info][gc,phases,start] GC(85) Post Compact
[135.272s][info][gc,phases      ] GC(85) Post Compact 1.003ms
[135.272s][info][gc,heap        ] GC(85) PSYoungGen: 3276K(1305088K)->0K(1305088K) Eden: 0K(1216000K)->0K(1216000K) From: 3276K(89088K)->0K(89088K)
[135.272s][info][gc,heap        ] GC(85) ParOldGen: 120370K(2796544K)->68688K(2796544K)
[135.272s][info][gc,metaspace   ] GC(85) Metaspace: 128273K(130240K)->128273K(130240K) NonClass: 111899K(112640K)->111899K(112640K) Class: 16373K(17600K)->16373K(17600K)
[135.272s][info][gc             ] GC(85) Pause Full (System.gc()) 120M->67M(4005M) 60.392ms
[135.272s][info][gc,cpu         ] GC(85) User=0.17s Sys=0.00s Real=0.06s
[135.675s][info][gc,start       ] GC(86) Pause Young (Allocation Failure)
[135.682s][info][gc,heap        ] GC(86) PSYoungGen: 1214486K(1305088K)->46443K(1307648K) Eden: 1214486K(1216000K)->0K(1219584K) From: 0K(89088K)->46443K(88064K)
[135.682s][info][gc,heap        ] GC(86) ParOldGen: 68688K(2796544K)->68688K(2796544K)
[135.682s][info][gc,metaspace   ] GC(86) Metaspace: 128336K(130240K)->128336K(130240K) NonClass: 111952K(112640K)->111952K(112640K) Class: 16383K(17600K)->16383K(17600K)
[135.682s][info][gc             ] GC(86) Pause Young (Allocation Failure) 1253M->112M(4008M) 7.679ms
[135.682s][info][gc,cpu         ] GC(86) User=0.08s Sys=0.00s Real=0.01s
[136.125s][info][gc,start       ] GC(87) Pause Young (Allocation Failure)
[136.137s][info][gc,heap        ] GC(87) PSYoungGen: 1266027K(1307648K)->55565K(1275392K) Eden: 1219584K(1219584K)->0K(1219584K) From: 46443K(88064K)->55565K(55808K)
[136.137s][info][gc,heap        ] GC(87) ParOldGen: 68688K(2796544K)->92818K(2796544K)
[136.137s][info][gc,metaspace   ] GC(87) Metaspace: 128336K(130240K)->128336K(130240K) NonClass: 111952K(112640K)->111952K(112640K) Class: 16383K(17600K)->16383K(17600K)
[136.137s][info][gc             ] GC(87) Pause Young (Allocation Failure) 1303M->144M(3976M) 12.400ms
[136.137s][info][gc,cpu         ] GC(87) User=0.06s Sys=0.00s Real=0.01s
[140.437s][info][gc,start       ] GC(88) Pause Young (Allocation Failure)
[140.443s][info][gc,heap        ] GC(88) PSYoungGen: 1275149K(1275392K)->15178K(1308160K) Eden: 1219584K(1219584K)->0K(1215488K) From: 55565K(55808K)->15178K(92672K)
[140.443s][info][gc,heap        ] GC(88) ParOldGen: 92818K(2796544K)->113597K(2796544K)
[140.443s][info][gc,metaspace   ] GC(88) Metaspace: 128353K(130240K)->128353K(130240K) NonClass: 111969K(112640K)->111969K(112640K) Class: 16383K(17600K)->16383K(17600K)
[140.443s][info][gc             ] GC(88) Pause Young (Allocation Failure) 1335M->125M(4008M) 6.108ms
[140.443s][info][gc,cpu         ] GC(88) User=0.09s Sys=0.00s Real=0.00s
[142.856s][info][gc,start       ] GC(89) Pause Young (System.gc())
[142.859s][info][gc,heap        ] GC(89) PSYoungGen: 723710K(1308160K)->3219K(1305088K) Eden: 708531K(1215488K)->0K(1215488K) From: 15178K(92672K)->3219K(89600K)
[142.859s][info][gc,heap        ] GC(89) ParOldGen: 113597K(2796544K)->120723K(2796544K)
[142.859s][info][gc,metaspace   ] GC(89) Metaspace: 128391K(130240K)->128391K(130240K) NonClass: 112005K(112640K)->112005K(112640K) Class: 16386K(17600K)->16386K(17600K)
[142.859s][info][gc             ] GC(89) Pause Young (System.gc()) 817M->121M(4005M) 3.029ms
[142.859s][info][gc,cpu         ] GC(89) User=0.00s Sys=0.00s Real=0.01s
[142.859s][info][gc,start       ] GC(90) Pause Full (System.gc())
[142.859s][info][gc,phases,start] GC(90) Marking Phase
[142.892s][info][gc,phases      ] GC(90) Marking Phase 32.972ms
[142.892s][info][gc,phases,start] GC(90) Summary Phase
[142.892s][info][gc,phases      ] GC(90) Summary Phase 0.011ms
[142.892s][info][gc,phases,start] GC(90) Adjust Roots
[142.905s][info][gc,phases      ] GC(90) Adjust Roots 12.950ms
[142.905s][info][gc,phases,start] GC(90) Compaction Phase
[142.920s][info][gc,phases      ] GC(90) Compaction Phase 15.006ms
[142.921s][info][gc,phases,start] GC(90) Post Compact
[142.922s][info][gc,phases      ] GC(90) Post Compact 1.069ms
[142.922s][info][gc,heap        ] GC(90) PSYoungGen: 3219K(1305088K)->0K(1305088K) Eden: 0K(1215488K)->0K(1215488K) From: 3219K(89600K)->0K(89600K)
[142.922s][info][gc,heap        ] GC(90) ParOldGen: 120723K(2796544K)->69079K(2796544K)
[142.922s][info][gc,metaspace   ] GC(90) Metaspace: 128391K(130240K)->128391K(130240K) NonClass: 112005K(112640K)->112005K(112640K) Class: 16386K(17600K)->16386K(17600K)
[142.922s][info][gc             ] GC(90) Pause Full (System.gc()) 121M->67M(4005M) 62.334ms
[142.922s][info][gc,cpu         ] GC(90) User=0.19s Sys=0.00s Real=0.06s
[143.321s][info][gc,start       ] GC(91) Pause Young (Allocation Failure)
[143.328s][info][gc,heap        ] GC(91) PSYoungGen: 1212923K(1305088K)->42762K(1309696K) Eden: 1212923K(1215488K)->0K(1221120K) From: 0K(89600K)->42762K(88576K)
[143.328s][info][gc,heap        ] GC(91) ParOldGen: 69079K(2796544K)->69079K(2796544K)
[143.328s][info][gc,metaspace   ] GC(91) Metaspace: 128425K(130304K)->128425K(130304K) NonClass: 112038K(112704K)->112038K(112704K) Class: 16386K(17600K)->16386K(17600K)
[143.328s][info][gc             ] GC(91) Pause Young (Allocation Failure) 1251M->109M(4010M) 7.003ms
[143.328s][info][gc,cpu         ] GC(91) User=0.00s Sys=0.00s Real=0.01s
[143.748s][info][gc,start       ] GC(92) Pause Young (Allocation Failure)
[143.761s][info][gc,heap        ] GC(92) PSYoungGen: 1263882K(1309696K)->64578K(1286144K) Eden: 1221120K(1221120K)->0K(1221120K) From: 42762K(88576K)->64578K(65024K)
[143.761s][info][gc,heap        ] GC(92) ParOldGen: 69079K(2796544K)->93193K(2796544K)
[143.761s][info][gc,metaspace   ] GC(92) Metaspace: 128426K(130304K)->128426K(130304K) NonClass: 112039K(112704K)->112039K(112704K) Class: 16386K(17600K)->16386K(17600K)
[143.761s][info][gc             ] GC(92) Pause Young (Allocation Failure) 1301M->154M(3987M) 13.141ms
[143.761s][info][gc,cpu         ] GC(92) User=0.09s Sys=0.00s Real=0.01s
[148.074s][info][gc,start       ] GC(93) Pause Young (Allocation Failure)
[148.081s][info][gc,heap        ] GC(93) PSYoungGen: 1285698K(1286144K)->14544K(1305600K) Eden: 1221120K(1221120K)->0K(1210368K) From: 64578K(65024K)->14544K(95232K)
[148.081s][info][gc,heap        ] GC(93) ParOldGen: 93193K(2796544K)->119403K(2796544K)
[148.081s][info][gc,metaspace   ] GC(93) Metaspace: 128446K(130304K)->128446K(130304K) NonClass: 112059K(112704K)->112059K(112704K) Class: 16386K(17600K)->16386K(17600K)
[148.081s][info][gc             ] GC(93) Pause Young (Allocation Failure) 1346M->130M(4006M) 7.329ms
[148.081s][info][gc,cpu         ] GC(93) User=0.00s Sys=0.00s Real=0.02s
[150.452s][info][gc,start       ] GC(94) Pause Young (System.gc())
[150.454s][info][gc,heap        ] GC(94) PSYoungGen: 710111K(1305600K)->3245K(1302528K) Eden: 695567K(1210368K)->0K(1210368K) From: 14544K(95232K)->3245K(92160K)
[150.454s][info][gc,heap        ] GC(94) ParOldGen: 119403K(2796544K)->121124K(2796544K)
[150.454s][info][gc,metaspace   ] GC(94) Metaspace: 128511K(130368K)->128511K(130368K) NonClass: 112123K(112768K)->112123K(112768K) Class: 16387K(17600K)->16387K(17600K)
[150.454s][info][gc             ] GC(94) Pause Young (System.gc()) 810M->121M(4003M) 2.863ms
[150.454s][info][gc,cpu         ] GC(94) User=0.00s Sys=0.00s Real=0.01s
[150.455s][info][gc,start       ] GC(95) Pause Full (System.gc())
[150.455s][info][gc,phases,start] GC(95) Marking Phase
[150.488s][info][gc,phases      ] GC(95) Marking Phase 33.526ms
[150.488s][info][gc,phases,start] GC(95) Summary Phase
[150.488s][info][gc,phases      ] GC(95) Summary Phase 0.010ms
[150.488s][info][gc,phases,start] GC(95) Adjust Roots
[150.502s][info][gc,phases      ] GC(95) Adjust Roots 13.494ms
[150.502s][info][gc,phases,start] GC(95) Compaction Phase
[150.518s][info][gc,phases      ] GC(95) Compaction Phase 16.758ms
[150.519s][info][gc,phases,start] GC(95) Post Compact
[150.520s][info][gc,phases      ] GC(95) Post Compact 0.987ms
[150.520s][info][gc,heap        ] GC(95) PSYoungGen: 3245K(1302528K)->0K(1302528K) Eden: 0K(1210368K)->0K(1210368K) From: 3245K(92160K)->0K(92160K)
[150.520s][info][gc,heap        ] GC(95) ParOldGen: 121124K(2796544K)->69443K(2796544K)
[150.520s][info][gc,metaspace   ] GC(95) Metaspace: 128511K(130368K)->128511K(130368K) NonClass: 112123K(112768K)->112123K(112768K) Class: 16387K(17600K)->16387K(17600K)
[150.520s][info][gc             ] GC(95) Pause Full (System.gc()) 121M->67M(4003M) 65.115ms
[150.520s][info][gc,cpu         ] GC(95) User=0.25s Sys=0.00s Real=0.06s
[150.926s][info][gc,start       ] GC(96) Pause Young (Allocation Failure)
[150.933s][info][gc,heap        ] GC(96) PSYoungGen: 1209212K(1302528K)->34284K(1311232K) Eden: 1209212K(1210368K)->0K(1220608K) From: 0K(92160K)->34284K(90624K)
[150.933s][info][gc,heap        ] GC(96) ParOldGen: 69443K(2796544K)->69451K(2796544K)
[150.933s][info][gc,metaspace   ] GC(96) Metaspace: 128552K(130368K)->128552K(130368K) NonClass: 112165K(112768K)->112165K(112768K) Class: 16387K(17600K)->16387K(17600K)
[150.933s][info][gc             ] GC(96) Pause Young (Allocation Failure) 1248M->101M(4011M) 6.376ms
[150.933s][info][gc,cpu         ] GC(96) User=0.05s Sys=0.00s Real=0.01s
[151.359s][info][gc,start       ] GC(97) Pause Young (Allocation Failure)
[151.370s][info][gc,heap        ] GC(97) PSYoungGen: 1254513K(1311232K)->52293K(1307136K) Eden: 1220228K(1220608K)->0K(1220608K) From: 34284K(90624K)->52293K(86528K)
[151.370s][info][gc,heap        ] GC(97) ParOldGen: 69451K(2796544K)->93557K(2796544K)
[151.370s][info][gc,metaspace   ] GC(97) Metaspace: 128553K(130368K)->128553K(130368K) NonClass: 112165K(112768K)->112165K(112768K) Class: 16387K(17600K)->16387K(17600K)
[151.370s][info][gc             ] GC(97) Pause Young (Allocation Failure) 1292M->142M(4007M) 11.366ms
[151.370s][info][gc,cpu         ] GC(97) User=0.09s Sys=0.00s Real=0.01s
[155.634s][info][gc,start       ] GC(98) Pause Young (Allocation Failure)
[155.639s][info][gc,heap        ] GC(98) PSYoungGen: 1268840K(1307136K)->16315K(1311232K) Eden: 1216546K(1220608K)->0K(1221632K) From: 52293K(86528K)->16315K(89600K)
[155.639s][info][gc,heap        ] GC(98) ParOldGen: 93557K(2796544K)->112001K(2796544K)
[155.639s][info][gc,metaspace   ] GC(98) Metaspace: 128557K(130368K)->128557K(130368K) NonClass: 112170K(112768K)->112170K(112768K) Class: 16387K(17600K)->16387K(17600K)
[155.639s][info][gc             ] GC(98) Pause Young (Allocation Failure) 1330M->125M(4011M) 5.787ms
[155.639s][info][gc,cpu         ] GC(98) User=0.00s Sys=0.00s Real=0.01s
[158.003s][info][gc,start       ] GC(99) Pause Young (System.gc())
[158.006s][info][gc,heap        ] GC(99) PSYoungGen: 731170K(1311232K)->3267K(1308160K) Eden: 714855K(1221632K)->0K(1221632K) From: 16315K(89600K)->3267K(86528K)
[158.006s][info][gc,heap        ] GC(99) ParOldGen: 112001K(2796544K)->121478K(2796544K)
[158.006s][info][gc,metaspace   ] GC(99) Metaspace: 128578K(130432K)->128578K(130432K) NonClass: 112191K(112832K)->112191K(112832K) Class: 16387K(17600K)->16387K(17600K)
[158.006s][info][gc             ] GC(99) Pause Young (System.gc()) 823M->121M(4008M) 3.383ms
[158.006s][info][gc,cpu         ] GC(99) User=0.09s Sys=0.00s Real=0.00s
[158.006s][info][gc,start       ] GC(100) Pause Full (System.gc())
[158.006s][info][gc,phases,start] GC(100) Marking Phase
[158.040s][info][gc,phases      ] GC(100) Marking Phase 33.386ms
[158.040s][info][gc,phases,start] GC(100) Summary Phase
[158.040s][info][gc,phases      ] GC(100) Summary Phase 0.011ms
[158.040s][info][gc,phases,start] GC(100) Adjust Roots
[158.053s][info][gc,phases      ] GC(100) Adjust Roots 13.459ms
[158.053s][info][gc,phases,start] GC(100) Compaction Phase
[158.065s][info][gc,phases      ] GC(100) Compaction Phase 12.230ms
[158.065s][info][gc,phases,start] GC(100) Post Compact
[158.066s][info][gc,phases      ] GC(100) Post Compact 1.037ms
[158.067s][info][gc,heap        ] GC(100) PSYoungGen: 3267K(1308160K)->0K(1308160K) Eden: 0K(1221632K)->0K(1221632K) From: 3267K(86528K)->0K(86528K)
[158.067s][info][gc,heap        ] GC(100) ParOldGen: 121478K(2796544K)->69909K(2796544K)
[158.067s][info][gc,metaspace   ] GC(100) Metaspace: 128578K(130432K)->128578K(130432K) NonClass: 112191K(112832K)->112191K(112832K) Class: 16387K(17600K)->16387K(17600K)
[158.067s][info][gc             ] GC(100) Pause Full (System.gc()) 121M->68M(4008M) 60.431ms
[158.067s][info][gc,cpu         ] GC(100) User=0.11s Sys=0.00s Real=0.06s
[158.467s][info][gc,start       ] GC(101) Pause Young (Allocation Failure)
[158.473s][info][gc,heap        ] GC(101) PSYoungGen: 1220388K(1308160K)->31963K(1316352K) Eden: 1220388K(1221632K)->0K(1231360K) From: 0K(86528K)->31963K(84992K)
[158.473s][info][gc,heap        ] GC(101) ParOldGen: 69909K(2796544K)->69917K(2796544K)
[158.473s][info][gc,metaspace   ] GC(101) Metaspace: 128624K(130432K)->128624K(130432K) NonClass: 112237K(112832K)->112237K(112832K) Class: 16387K(17600K)->16387K(17600K)
[158.473s][info][gc             ] GC(101) Pause Young (Allocation Failure) 1260M->99M(4016M) 6.112ms
[158.473s][info][gc,cpu         ] GC(101) User=0.00s Sys=0.00s Real=0.01s
[158.918s][info][gc,start       ] GC(102) Pause Young (Allocation Failure)
[158.932s][info][gc,heap        ] GC(102) PSYoungGen: 1263323K(1316352K)->66411K(1297920K) Eden: 1231360K(1231360K)->0K(1231360K) From: 31963K(84992K)->66411K(66560K)
[158.932s][info][gc,heap        ] GC(102) ParOldGen: 69917K(2796544K)->94022K(2796544K)
[158.932s][info][gc,metaspace   ] GC(102) Metaspace: 128650K(130496K)->128650K(130496K) NonClass: 112262K(112896K)->112262K(112896K) Class: 16387K(17600K)->16387K(17600K)
[158.932s][info][gc             ] GC(102) Pause Young (Allocation Failure) 1301M->156M(3998M) 13.370ms
[158.932s][info][gc,cpu         ] GC(102) User=0.09s Sys=0.00s Real=0.01s
[163.265s][info][gc,start       ] GC(103) Pause Young (Allocation Failure)
[163.273s][info][gc,heap        ] GC(103) PSYoungGen: 1297771K(1297920K)->16833K(1310720K) Eden: 1231360K(1231360K)->0K(1220608K) From: 66411K(66560K)->16833K(90112K)
[163.273s][info][gc,heap        ] GC(103) ParOldGen: 94022K(2796544K)->120224K(2796544K)
[163.273s][info][gc,metaspace   ] GC(103) Metaspace: 128744K(130496K)->128744K(130496K) NonClass: 112339K(112896K)->112339K(112896K) Class: 16404K(17600K)->16404K(17600K)
[163.273s][info][gc             ] GC(103) Pause Young (Allocation Failure) 1359M->133M(4011M) 8.345ms
[163.273s][info][gc,cpu         ] GC(103) User=0.08s Sys=0.00s Real=0.01s
[165.571s][info][gc,start       ] GC(104) Pause Young (System.gc())
[165.574s][info][gc,heap        ] GC(104) PSYoungGen: 694826K(1310720K)->3212K(1307648K) Eden: 677992K(1220608K)->0K(1220608K) From: 16833K(90112K)->3212K(87040K)
[165.574s][info][gc,heap        ] GC(104) ParOldGen: 120224K(2796544K)->122033K(2796544K)
[165.574s][info][gc,metaspace   ] GC(104) Metaspace: 128765K(130560K)->128765K(130560K) NonClass: 112360K(112960K)->112360K(112960K) Class: 16404K(17600K)->16404K(17600K)
[165.574s][info][gc             ] GC(104) Pause Young (System.gc()) 795M->122M(4008M) 2.758ms
[165.574s][info][gc,cpu         ] GC(104) User=0.00s Sys=0.00s Real=0.00s
[165.574s][info][gc,start       ] GC(105) Pause Full (System.gc())
[165.574s][info][gc,phases,start] GC(105) Marking Phase
[165.608s][info][gc,phases      ] GC(105) Marking Phase 34.278ms
[165.608s][info][gc,phases,start] GC(105) Summary Phase
[165.608s][info][gc,phases      ] GC(105) Summary Phase 0.011ms
[165.608s][info][gc,phases,start] GC(105) Adjust Roots
[165.622s][info][gc,phases      ] GC(105) Adjust Roots 13.918ms
[165.622s][info][gc,phases,start] GC(105) Compaction Phase
[165.639s][info][gc,phases      ] GC(105) Compaction Phase 16.787ms
[165.639s][info][gc,phases,start] GC(105) Post Compact
[165.641s][info][gc,phases      ] GC(105) Post Compact 1.254ms
[165.641s][info][gc,heap        ] GC(105) PSYoungGen: 3212K(1307648K)->0K(1307648K) Eden: 0K(1220608K)->0K(1220608K) From: 3212K(87040K)->0K(87040K)
[165.641s][info][gc,heap        ] GC(105) ParOldGen: 122033K(2796544K)->69942K(2796544K)
[165.641s][info][gc,metaspace   ] GC(105) Metaspace: 128765K(130560K)->128765K(130560K) NonClass: 112360K(112960K)->112360K(112960K) Class: 16404K(17600K)->16404K(17600K)
[165.641s][info][gc             ] GC(105) Pause Full (System.gc()) 122M->68M(4008M) 66.557ms
[165.641s][info][gc,cpu         ] GC(105) User=0.19s Sys=0.00s Real=0.06s
[166.042s][info][gc,start       ] GC(106) Pause Young (Allocation Failure)
[166.047s][info][gc,heap        ] GC(106) PSYoungGen: 1220608K(1307648K)->33689K(1315328K) Eden: 1220608K(1220608K)->0K(1229824K) From: 0K(87040K)->33689K(85504K)
[166.048s][info][gc,heap        ] GC(106) ParOldGen: 69942K(2796544K)->69942K(2796544K)
[166.048s][info][gc,metaspace   ] GC(106) Metaspace: 128778K(130560K)->128778K(130560K) NonClass: 112373K(112960K)->112373K(112960K) Class: 16404K(17600K)->16404K(17600K)
[166.048s][info][gc             ] GC(106) Pause Young (Allocation Failure) 1260M->101M(4015M) 5.627ms
[166.048s][info][gc,cpu         ] GC(106) User=0.00s Sys=0.00s Real=0.01s
[166.468s][info][gc,start       ] GC(107) Pause Young (Allocation Failure)
[166.479s][info][gc,heap        ] GC(107) PSYoungGen: 1263513K(1315328K)->47058K(1312256K) Eden: 1229824K(1229824K)->0K(1229824K) From: 33689K(85504K)->47058K(82432K)
[166.479s][info][gc,heap        ] GC(107) ParOldGen: 69942K(2796544K)->94056K(2796544K)
[166.479s][info][gc,metaspace   ] GC(107) Metaspace: 128788K(130560K)->128788K(130560K) NonClass: 112383K(112960K)->112383K(112960K) Class: 16404K(17600K)->16404K(17600K)
[166.479s][info][gc             ] GC(107) Pause Young (Allocation Failure) 1302M->137M(4012M) 11.079ms
[166.479s][info][gc,cpu         ] GC(107) User=0.09s Sys=0.00s Real=0.01s
[170.852s][info][gc,start       ] GC(108) Pause Young (Allocation Failure)
[170.860s][info][gc,heap        ] GC(108) PSYoungGen: 1276882K(1312256K)->15992K(1316864K) Eden: 1229824K(1229824K)->0K(1232896K) From: 47058K(82432K)->15992K(83968K)
[170.860s][info][gc,heap        ] GC(108) ParOldGen: 94056K(2796544K)->120250K(2796544K)
[170.860s][info][gc,metaspace   ] GC(108) Metaspace: 128789K(130560K)->128789K(130560K) NonClass: 112384K(112960K)->112384K(112960K) Class: 16404K(17600K)->16404K(17600K)
[170.860s][info][gc             ] GC(108) Pause Young (Allocation Failure) 1338M->133M(4017M) 7.301ms
[170.860s][info][gc,cpu         ] GC(108) User=0.00s Sys=0.00s Real=0.01s
[173.191s][info][gc,start       ] GC(109) Pause Young (System.gc())
[173.194s][info][gc,heap        ] GC(109) PSYoungGen: 700766K(1316864K)->3228K(1313792K) Eden: 684774K(1232896K)->0K(1232896K) From: 15992K(83968K)->3228K(80896K)
[173.194s][info][gc,heap        ] GC(109) ParOldGen: 120250K(2796544K)->125094K(2796544K)
[173.194s][info][gc,metaspace   ] GC(109) Metaspace: 128852K(130624K)->128852K(130624K) NonClass: 112448K(113024K)->112448K(113024K) Class: 16404K(17600K)->16404K(17600K)
[173.194s][info][gc             ] GC(109) Pause Young (System.gc()) 801M->125M(4014M) 3.051ms
[173.194s][info][gc,cpu         ] GC(109) User=0.06s Sys=0.00s Real=0.01s
[173.194s][info][gc,start       ] GC(110) Pause Full (System.gc())
[173.194s][info][gc,phases,start] GC(110) Marking Phase
[173.230s][info][gc,phases      ] GC(110) Marking Phase 35.093ms
[173.230s][info][gc,phases,start] GC(110) Summary Phase
[173.230s][info][gc,phases      ] GC(110) Summary Phase 0.011ms
[173.230s][info][gc,phases,start] GC(110) Adjust Roots
[173.243s][info][gc,phases      ] GC(110) Adjust Roots 13.832ms
[173.243s][info][gc,phases,start] GC(110) Compaction Phase
[173.258s][info][gc,phases      ] GC(110) Compaction Phase 14.970ms
[173.259s][info][gc,phases,start] GC(110) Post Compact
[173.260s][info][gc,phases      ] GC(110) Post Compact 1.047ms
[173.260s][info][gc,heap        ] GC(110) PSYoungGen: 3228K(1313792K)->0K(1313792K) Eden: 0K(1232896K)->0K(1232896K) From: 3228K(80896K)->0K(80896K)
[173.260s][info][gc,heap        ] GC(110) ParOldGen: 125094K(2796544K)->70311K(2796544K)
[173.260s][info][gc,metaspace   ] GC(110) Metaspace: 128852K(130624K)->128852K(130624K) NonClass: 112448K(113024K)->112448K(113024K) Class: 16404K(17600K)->16404K(17600K)
[173.260s][info][gc             ] GC(110) Pause Full (System.gc()) 125M->68M(4014M) 65.294ms
[173.260s][info][gc,cpu         ] GC(110) User=0.19s Sys=0.00s Real=0.06s
[173.696s][info][gc,start       ] GC(111) Pause Young (Allocation Failure)
[173.702s][info][gc,heap        ] GC(111) PSYoungGen: 1232574K(1313792K)->38225K(1318400K) Eden: 1232574K(1232896K)->0K(1238528K) From: 0K(80896K)->38225K(79872K)
[173.702s][info][gc,heap        ] GC(111) ParOldGen: 70311K(2796544K)->70319K(2796544K)
[173.703s][info][gc,metaspace   ] GC(111) Metaspace: 128884K(130688K)->128884K(130688K) NonClass: 112480K(113088K)->112480K(113088K) Class: 16404K(17600K)->16404K(17600K)
[173.703s][info][gc             ] GC(111) Pause Young (Allocation Failure) 1272M->106M(4018M) 6.564ms
[173.703s][info][gc,cpu         ] GC(111) User=0.00s Sys=0.00s Real=0.01s
[174.169s][info][gc,start       ] GC(112) Pause Young (Allocation Failure)
[174.180s][info][gc,heap        ] GC(112) PSYoungGen: 1276753K(1318400K)->46442K(1285120K) Eden: 1238528K(1238528K)->0K(1238528K) From: 38225K(79872K)->46442K(46592K)
[174.180s][info][gc,heap        ] GC(112) ParOldGen: 70319K(2796544K)->94435K(2796544K)
[174.180s][info][gc,metaspace   ] GC(112) Metaspace: 128884K(130688K)->128884K(130688K) NonClass: 112480K(113088K)->112480K(113088K) Class: 16404K(17600K)->16404K(17600K)
[174.180s][info][gc             ] GC(112) Pause Young (Allocation Failure) 1315M->137M(3986M) 10.930ms
[174.180s][info][gc,cpu         ] GC(112) User=0.08s Sys=0.00s Real=0.01s
[178.482s][info][gc,start       ] GC(113) Pause Young (Allocation Failure)
[178.489s][info][gc,heap        ] GC(113) PSYoungGen: 1284970K(1285120K)->11533K(1318912K) Eden: 1238528K(1238528K)->0K(1238016K) From: 46442K(46592K)->11533K(80896K)
[178.489s][info][gc,heap        ] GC(113) ParOldGen: 94435K(2796544K)->120691K(2796544K)
[178.489s][info][gc,metaspace   ] GC(113) Metaspace: 128893K(130688K)->128893K(130688K) NonClass: 112489K(113088K)->112489K(113088K) Class: 16404K(17600K)->16404K(17600K)
[178.489s][info][gc             ] GC(113) Pause Young (Allocation Failure) 1347M->129M(4019M) 6.897ms
[178.489s][info][gc,cpu         ] GC(113) User=0.00s Sys=0.00s Real=0.01s
[180.782s][info][gc,start       ] GC(114) Pause Young (System.gc())
[180.785s][info][gc,heap        ] GC(114) PSYoungGen: 664706K(1318912K)->3228K(1316864K) Eden: 653173K(1238016K)->0K(1238016K) From: 11533K(80896K)->3228K(78848K)
[180.785s][info][gc,heap        ] GC(114) ParOldGen: 120691K(2796544K)->123910K(2796544K)
[180.785s][info][gc,metaspace   ] GC(114) Metaspace: 128921K(130688K)->128921K(130688K) NonClass: 112517K(113088K)->112517K(113088K) Class: 16404K(17600K)->16404K(17600K)
[180.785s][info][gc             ] GC(114) Pause Young (System.gc()) 766M->124M(4017M) 2.976ms
[180.785s][info][gc,cpu         ] GC(114) User=0.00s Sys=0.00s Real=0.01s
[180.785s][info][gc,start       ] GC(115) Pause Full (System.gc())
[180.785s][info][gc,phases,start] GC(115) Marking Phase
[180.823s][info][gc,phases      ] GC(115) Marking Phase 37.801ms
[180.823s][info][gc,phases,start] GC(115) Summary Phase
[180.823s][info][gc,phases      ] GC(115) Summary Phase 0.011ms
[180.823s][info][gc,phases,start] GC(115) Adjust Roots
[180.838s][info][gc,phases      ] GC(115) Adjust Roots 14.691ms
[180.838s][info][gc,phases,start] GC(115) Compaction Phase
[180.853s][info][gc,phases      ] GC(115) Compaction Phase 15.669ms
[180.853s][info][gc,phases,start] GC(115) Post Compact
[180.854s][info][gc,phases      ] GC(115) Post Compact 1.087ms
[180.855s][info][gc,heap        ] GC(115) PSYoungGen: 3228K(1316864K)->0K(1316864K) Eden: 0K(1238016K)->0K(1238016K) From: 3228K(78848K)->0K(78848K)
[180.855s][info][gc,heap        ] GC(115) ParOldGen: 123910K(2796544K)->70407K(2796544K)
[180.855s][info][gc,metaspace   ] GC(115) Metaspace: 128921K(130688K)->128921K(130688K) NonClass: 112517K(113088K)->112517K(113088K) Class: 16404K(17600K)->16404K(17600K)
[180.855s][info][gc             ] GC(115) Pause Full (System.gc()) 124M->68M(4017M) 69.603ms
[180.855s][info][gc,cpu         ] GC(115) User=0.28s Sys=0.00s Real=0.07s
[181.256s][info][gc,start       ] GC(116) Pause Young (Allocation Failure)
[181.262s][info][gc,heap        ] GC(116) PSYoungGen: 1234965K(1316864K)->29896K(1323520K) Eden: 1234965K(1238016K)->0K(1245696K) From: 0K(78848K)->29896K(77824K)
[181.262s][info][gc,heap        ] GC(116) ParOldGen: 70407K(2796544K)->70415K(2796544K)
[181.262s][info][gc,metaspace   ] GC(116) Metaspace: 128965K(130752K)->128965K(130752K) NonClass: 112560K(113152K)->112560K(113152K) Class: 16404K(17600K)->16404K(17600K)
[181.262s][info][gc             ] GC(116) Pause Young (Allocation Failure) 1274M->97M(4023M) 5.971ms
[181.262s][info][gc,cpu         ] GC(116) User=0.00s Sys=0.00s Real=0.01s
[181.752s][info][gc,start       ] GC(117) Pause Young (Allocation Failure)
[181.762s][info][gc,heap        ] GC(117) PSYoungGen: 1275592K(1323520K)->37421K(1319936K) Eden: 1245696K(1245696K)->0K(1245696K) From: 29896K(77824K)->37421K(74240K)
[181.762s][info][gc,heap        ] GC(117) ParOldGen: 70415K(2796544K)->94518K(2796544K)
[181.762s][info][gc,metaspace   ] GC(117) Metaspace: 128965K(130752K)->128965K(130752K) NonClass: 112560K(113152K)->112560K(113152K) Class: 16404K(17600K)->16404K(17600K)
[181.763s][info][gc             ] GC(117) Pause Young (Allocation Failure) 1314M->128M(4020M) 10.154ms
[181.763s][info][gc,cpu         ] GC(117) User=0.09s Sys=0.00s Real=0.01s
[186.353s][info][gc,start       ] GC(118) Pause Young (Allocation Failure)
[186.360s][info][gc,heap        ] GC(118) PSYoungGen: 1282536K(1319936K)->8590K(1325568K) Eden: 1245114K(1245696K)->0K(1251328K) From: 37421K(74240K)->8590K(74240K)
[186.360s][info][gc,heap        ] GC(118) ParOldGen: 94518K(2796544K)->120728K(2796544K)
[186.360s][info][gc,metaspace   ] GC(118) Metaspace: 128965K(130752K)->128965K(130752K) NonClass: 112560K(113152K)->112560K(113152K) Class: 16404K(17600K)->16404K(17600K)
[186.360s][info][gc             ] GC(118) Pause Young (Allocation Failure) 1344M->126M(4025M) 6.792ms
[186.360s][info][gc,cpu         ] GC(118) User=0.00s Sys=0.00s Real=0.00s
[188.517s][info][gc,start       ] GC(119) Pause Young (System.gc())
[188.520s][info][gc,heap        ] GC(119) PSYoungGen: 638903K(1325568K)->3188K(1323520K) Eden: 630313K(1251328K)->0K(1251328K) From: 8590K(74240K)->3188K(72192K)
[188.520s][info][gc,heap        ] GC(119) ParOldGen: 120728K(2796544K)->122446K(2796544K)
[188.520s][info][gc,metaspace   ] GC(119) Metaspace: 128971K(130752K)->128971K(130752K) NonClass: 112567K(113152K)->112567K(113152K) Class: 16404K(17600K)->16404K(17600K)
[188.520s][info][gc             ] GC(119) Pause Young (System.gc()) 741M->122M(4023M) 3.150ms
[188.520s][info][gc,cpu         ] GC(119) User=0.00s Sys=0.00s Real=0.00s
[188.520s][info][gc,start       ] GC(120) Pause Full (System.gc())
[188.520s][info][gc,phases,start] GC(120) Marking Phase
[188.555s][info][gc,phases      ] GC(120) Marking Phase 34.875ms
[188.555s][info][gc,phases,start] GC(120) Summary Phase
[188.555s][info][gc,phases      ] GC(120) Summary Phase 0.011ms
[188.555s][info][gc,phases,start] GC(120) Adjust Roots
[188.570s][info][gc,phases      ] GC(120) Adjust Roots 15.214ms
[188.570s][info][gc,phases,start] GC(120) Compaction Phase
[188.587s][info][gc,phases      ] GC(120) Compaction Phase 16.405ms
[188.587s][info][gc,phases,start] GC(120) Post Compact
[188.588s][info][gc,phases      ] GC(120) Post Compact 1.079ms
[188.588s][info][gc,heap        ] GC(120) PSYoungGen: 3188K(1323520K)->0K(1323520K) Eden: 0K(1251328K)->0K(1251328K) From: 3188K(72192K)->0K(72192K)
[188.588s][info][gc,heap        ] GC(120) ParOldGen: 122446K(2796544K)->70786K(2796544K)
[188.588s][info][gc,metaspace   ] GC(120) Metaspace: 128971K(130752K)->128971K(130752K) NonClass: 112567K(113152K)->112567K(113152K) Class: 16404K(17600K)->16404K(17600K)
[188.588s][info][gc             ] GC(120) Pause Full (System.gc()) 122M->69M(4023M) 67.901ms
[188.588s][info][gc,cpu         ] GC(120) User=0.19s Sys=0.00s Real=0.07s
[188.996s][info][gc,start       ] GC(121) Pause Young (Allocation Failure)
[189.002s][info][gc,heap        ] GC(121) PSYoungGen: 1247717K(1323520K)->28385K(1329152K) Eden: 1247717K(1251328K)->0K(1257984K) From: 0K(72192K)->28385K(71168K)
[189.003s][info][gc,heap        ] GC(121) ParOldGen: 70786K(2796544K)->70786K(2796544K)
[189.003s][info][gc,metaspace   ] GC(121) Metaspace: 128981K(130752K)->128981K(130752K) NonClass: 112576K(113152K)->112576K(113152K) Class: 16404K(17600K)->16404K(17600K)
[189.003s][info][gc             ] GC(121) Pause Young (Allocation Failure) 1287M->96M(4029M) 6.066ms
[189.003s][info][gc,cpu         ] GC(121) User=0.00s Sys=0.00s Real=0.01s
[189.505s][info][gc,start       ] GC(122) Pause Young (Allocation Failure)
[189.514s][info][gc,heap        ] GC(122) PSYoungGen: 1286369K(1329152K)->37683K(1326592K) Eden: 1257984K(1257984K)->0K(1257984K) From: 28385K(71168K)->37683K(68608K)
[189.514s][info][gc,heap        ] GC(122) ParOldGen: 70786K(2796544K)->94900K(2796544K)
[189.514s][info][gc,metaspace   ] GC(122) Metaspace: 128981K(130752K)->128981K(130752K) NonClass: 112576K(113152K)->112576K(113152K) Class: 16404K(17600K)->16404K(17600K)
[189.514s][info][gc             ] GC(122) Pause Young (Allocation Failure) 1325M->129M(4026M) 9.271ms
[189.514s][info][gc,cpu         ] GC(122) User=0.06s Sys=0.00s Real=0.01s
[194.327s][info][gc,start       ] GC(123) Pause Young (Allocation Failure)
[194.334s][info][gc,heap        ] GC(123) PSYoungGen: 1295667K(1326592K)->9266K(1330176K) Eden: 1257984K(1257984K)->0K(1260544K) From: 37683K(68608K)->9266K(69632K)
[194.334s][info][gc,heap        ] GC(123) ParOldGen: 94900K(2796544K)->121229K(2796544K)
[194.334s][info][gc,metaspace   ] GC(123) Metaspace: 128993K(130752K)->128993K(130752K) NonClass: 112588K(113152K)->112588K(113152K) Class: 16404K(17600K)->16404K(17600K)
[194.334s][info][gc             ] GC(123) Pause Young (Allocation Failure) 1357M->127M(4030M) 7.095ms
[194.334s][info][gc,cpu         ] GC(123) User=0.08s Sys=0.00s Real=0.01s
[196.160s][info][gc,start       ] GC(124) Pause Young (System.gc())
[196.163s][info][gc,heap        ] GC(124) PSYoungGen: 605593K(1330176K)->3121K(1328128K) Eden: 596327K(1260544K)->0K(1260544K) From: 9266K(69632K)->3121K(67584K)
[196.163s][info][gc,heap        ] GC(124) ParOldGen: 121229K(2796544K)->127674K(2796544K)
[196.163s][info][gc,metaspace   ] GC(124) Metaspace: 129020K(130816K)->129020K(130816K) NonClass: 112615K(113216K)->112615K(113216K) Class: 16404K(17600K)->16404K(17600K)
[196.163s][info][gc             ] GC(124) Pause Young (System.gc()) 709M->127M(4028M) 3.087ms
[196.163s][info][gc,cpu         ] GC(124) User=0.08s Sys=0.00s Real=0.01s
[196.163s][info][gc,start       ] GC(125) Pause Full (System.gc())
[196.163s][info][gc,phases,start] GC(125) Marking Phase
[196.197s][info][gc,phases      ] GC(125) Marking Phase 34.040ms
[196.197s][info][gc,phases,start] GC(125) Summary Phase
[196.197s][info][gc,phases      ] GC(125) Summary Phase 0.011ms
[196.197s][info][gc,phases,start] GC(125) Adjust Roots
[196.212s][info][gc,phases      ] GC(125) Adjust Roots 14.608ms
[196.212s][info][gc,phases,start] GC(125) Compaction Phase
[196.227s][info][gc,phases      ] GC(125) Compaction Phase 14.656ms
[196.227s][info][gc,phases,start] GC(125) Post Compact
[196.228s][info][gc,phases      ] GC(125) Post Compact 1.075ms
[196.228s][info][gc,heap        ] GC(125) PSYoungGen: 3121K(1328128K)->0K(1328128K) Eden: 0K(1260544K)->0K(1260544K) From: 3121K(67584K)->0K(67584K)
[196.228s][info][gc,heap        ] GC(125) ParOldGen: 127674K(2796544K)->70820K(2796544K)
[196.228s][info][gc,metaspace   ] GC(125) Metaspace: 129020K(130816K)->129020K(130816K) NonClass: 112615K(113216K)->112615K(113216K) Class: 16404K(17600K)->16404K(17600K)
[196.228s][info][gc             ] GC(125) Pause Full (System.gc()) 127M->69M(4028M) 64.718ms
[196.228s][info][gc,cpu         ] GC(125) User=0.20s Sys=0.00s Real=0.06s
[196.714s][info][gc,start       ] GC(126) Pause Young (Allocation Failure)
[196.719s][info][gc,heap        ] GC(126) PSYoungGen: 1260544K(1328128K)->25133K(1334272K) Eden: 1260544K(1260544K)->0K(1267712K) From: 0K(67584K)->25133K(66560K)
[196.719s][info][gc,heap        ] GC(126) ParOldGen: 70820K(2796544K)->70820K(2796544K)
[196.719s][info][gc,metaspace   ] GC(126) Metaspace: 129030K(130816K)->129030K(130816K) NonClass: 112626K(113216K)->112626K(113216K) Class: 16404K(17600K)->16404K(17600K)
[196.719s][info][gc             ] GC(126) Pause Young (Allocation Failure) 1300M->93M(4034M) 4.462ms
[196.719s][info][gc,cpu         ] GC(126) User=0.00s Sys=0.00s Real=0.01s
[197.097s][info][gc,start       ] GC(127) Pause Young (Allocation Failure)
[197.108s][info][gc,heap        ] GC(127) PSYoungGen: 1292845K(1334272K)->47888K(1315840K) Eden: 1267712K(1267712K)->0K(1267712K) From: 25133K(66560K)->47888K(48128K)
[197.108s][info][gc,heap        ] GC(127) ParOldGen: 70820K(2796544K)->94987K(2796544K)
[197.108s][info][gc,metaspace   ] GC(127) Metaspace: 129030K(130816K)->129030K(130816K) NonClass: 112626K(113216K)->112626K(113216K) Class: 16404K(17600K)->16404K(17600K)
[197.108s][info][gc             ] GC(127) Pause Young (Allocation Failure) 1331M->139M(4016M) 10.954ms
[197.108s][info][gc,cpu         ] GC(127) User=0.06s Sys=0.00s Real=0.01s
[202.008s][info][gc,start       ] GC(128) Pause Young (Allocation Failure)
[202.015s][info][gc,heap        ] GC(128) PSYoungGen: 1315600K(1315840K)->10608K(1330688K) Eden: 1267712K(1267712K)->0K(1261568K) From: 47888K(48128K)->10608K(69120K)
[202.015s][info][gc,heap        ] GC(128) ParOldGen: 94987K(2796544K)->124277K(2796544K)
[202.015s][info][gc,metaspace   ] GC(128) Metaspace: 129030K(130816K)->129030K(130816K) NonClass: 112626K(113216K)->112626K(113216K) Class: 16404K(17600K)->16404K(17600K)
[202.015s][info][gc             ] GC(128) Pause Young (Allocation Failure) 1377M->131M(4030M) 6.872ms
[202.015s][info][gc,cpu         ] GC(128) User=0.00s Sys=0.00s Real=0.01s
[203.682s][info][gc,start       ] GC(129) Pause Young (System.gc())
[203.685s][info][gc,heap        ] GC(129) PSYoungGen: 560596K(1330688K)->2995K(1328640K) Eden: 549987K(1261568K)->0K(1261568K) From: 10608K(69120K)->2995K(67072K)
[203.685s][info][gc,heap        ] GC(129) ParOldGen: 124277K(2796544K)->129364K(2796544K)
[203.685s][info][gc,metaspace   ] GC(129) Metaspace: 129050K(130816K)->129050K(130816K) NonClass: 112646K(113216K)->112646K(113216K) Class: 16404K(17600K)->16404K(17600K)
[203.685s][info][gc             ] GC(129) Pause Young (System.gc()) 668M->129M(4028M) 3.210ms
[203.685s][info][gc,cpu         ] GC(129) User=0.00s Sys=0.00s Real=0.00s
[203.685s][info][gc,start       ] GC(130) Pause Full (System.gc())
[203.685s][info][gc,phases,start] GC(130) Marking Phase
[203.721s][info][gc,phases      ] GC(130) Marking Phase 35.881ms
[203.721s][info][gc,phases,start] GC(130) Summary Phase
[203.721s][info][gc,phases      ] GC(130) Summary Phase 0.010ms
[203.721s][info][gc,phases,start] GC(130) Adjust Roots
[203.736s][info][gc,phases      ] GC(130) Adjust Roots 14.489ms
[203.736s][info][gc,phases,start] GC(130) Compaction Phase
[203.752s][info][gc,phases      ] GC(130) Compaction Phase 16.230ms
[203.752s][info][gc,phases,start] GC(130) Post Compact
[203.753s][info][gc,phases      ] GC(130) Post Compact 1.017ms
[203.753s][info][gc,heap        ] GC(130) PSYoungGen: 2995K(1328640K)->0K(1328640K) Eden: 0K(1261568K)->0K(1261568K) From: 2995K(67072K)->0K(67072K)
[203.753s][info][gc,heap        ] GC(130) ParOldGen: 129364K(2796544K)->71136K(2796544K)
[203.753s][info][gc,metaspace   ] GC(130) Metaspace: 129050K(130816K)->129050K(130816K) NonClass: 112646K(113216K)->112646K(113216K) Class: 16404K(17600K)->16404K(17600K)
[203.753s][info][gc             ] GC(130) Pause Full (System.gc()) 129M->69M(4028M) 67.944ms
[203.753s][info][gc,cpu         ] GC(130) User=0.19s Sys=0.00s Real=0.07s
[204.256s][info][gc,start       ] GC(131) Pause Young (Allocation Failure)
[204.260s][info][gc,heap        ] GC(131) PSYoungGen: 1259492K(1328640K)->24380K(1334784K) Eden: 1259492K(1261568K)->0K(1268736K) From: 0K(67072K)->24380K(66048K)
[204.260s][info][gc,heap        ] GC(131) ParOldGen: 71136K(2796544K)->71136K(2796544K)
[204.260s][info][gc,metaspace   ] GC(131) Metaspace: 129073K(130816K)->129073K(130816K) NonClass: 112669K(113216K)->112669K(113216K) Class: 16404K(17600K)->16404K(17600K)
[204.260s][info][gc             ] GC(131) Pause Young (Allocation Failure) 1299M->93M(4034M) 4.005ms
[204.261s][info][gc,cpu         ] GC(131) User=0.00s Sys=0.00s Real=0.00s
[204.651s][info][gc,start       ] GC(132) Pause Young (Allocation Failure)
[204.662s][info][gc,heap        ] GC(132) PSYoungGen: 1293116K(1334784K)->49352K(1318400K) Eden: 1268736K(1268736K)->0K(1268736K) From: 24380K(66048K)->49352K(49664K)
[204.662s][info][gc,heap        ] GC(132) ParOldGen: 71136K(2796544K)->95297K(2796544K)
[204.662s][info][gc,metaspace   ] GC(132) Metaspace: 129073K(130816K)->129073K(130816K) NonClass: 112669K(113216K)->112669K(113216K) Class: 16404K(17600K)->16404K(17600K)
[204.662s][info][gc             ] GC(132) Pause Young (Allocation Failure) 1332M->141M(4018M) 11.329ms
[204.662s][info][gc,cpu         ] GC(132) User=0.09s Sys=0.00s Real=0.01s
[209.561s][info][gc,start       ] GC(133) Pause Young (Allocation Failure)
[209.567s][info][gc,heap        ] GC(133) PSYoungGen: 1318088K(1318400K)->5257K(1330176K) Eden: 1268736K(1268736K)->0K(1261056K) From: 49352K(49664K)->5257K(69120K)
[209.567s][info][gc,heap        ] GC(133) ParOldGen: 95297K(2796544K)->126142K(2796544K)
[209.567s][info][gc,metaspace   ] GC(133) Metaspace: 129074K(130816K)->129074K(130816K) NonClass: 112670K(113216K)->112670K(113216K) Class: 16404K(17600K)->16404K(17600K)
[209.567s][info][gc             ] GC(133) Pause Young (Allocation Failure) 1380M->128M(4030M) 6.010ms
[209.567s][info][gc,cpu         ] GC(133) User=0.00s Sys=0.00s Real=0.00s
[211.250s][info][gc,start       ] GC(134) Pause Young (System.gc())
[211.253s][info][gc,heap        ] GC(134) PSYoungGen: 569939K(1330176K)->3034K(1328640K) Eden: 564681K(1261056K)->0K(1261056K) From: 5257K(69120K)->3034K(67584K)
[211.253s][info][gc,heap        ] GC(134) ParOldGen: 126142K(2796544K)->128010K(2796544K)
[211.253s][info][gc,metaspace   ] GC(134) Metaspace: 129079K(130816K)->129079K(130816K) NonClass: 112675K(113216K)->112675K(113216K) Class: 16404K(17600K)->16404K(17600K)
[211.253s][info][gc             ] GC(134) Pause Young (System.gc()) 679M->127M(4028M) 2.453ms
[211.253s][info][gc,cpu         ] GC(134) User=0.00s Sys=0.00s Real=0.00s
[211.253s][info][gc,start       ] GC(135) Pause Full (System.gc())
[211.253s][info][gc,phases,start] GC(135) Marking Phase
[211.286s][info][gc,phases      ] GC(135) Marking Phase 32.950ms
[211.286s][info][gc,phases,start] GC(135) Summary Phase
[211.286s][info][gc,phases      ] GC(135) Summary Phase 0.011ms
[211.286s][info][gc,phases,start] GC(135) Adjust Roots
[211.299s][info][gc,phases      ] GC(135) Adjust Roots 13.573ms
[211.299s][info][gc,phases,start] GC(135) Compaction Phase
[211.314s][info][gc,phases      ] GC(135) Compaction Phase 14.330ms
[211.314s][info][gc,phases,start] GC(135) Post Compact
[211.315s][info][gc,phases      ] GC(135) Post Compact 1.024ms
[211.315s][info][gc,heap        ] GC(135) PSYoungGen: 3034K(1328640K)->0K(1328640K) Eden: 0K(1261056K)->0K(1261056K) From: 3034K(67584K)->0K(67584K)
[211.315s][info][gc,heap        ] GC(135) ParOldGen: 128010K(2796544K)->71229K(2796544K)
[211.315s][info][gc,metaspace   ] GC(135) Metaspace: 129079K(130816K)->129079K(130816K) NonClass: 112675K(113216K)->112675K(113216K) Class: 16404K(17600K)->16404K(17600K)
[211.315s][info][gc             ] GC(135) Pause Full (System.gc()) 127M->69M(4028M) 62.245ms
[211.315s][info][gc,cpu         ] GC(135) User=0.22s Sys=0.00s Real=0.06s
[211.804s][info][gc,start       ] GC(136) Pause Young (Allocation Failure)
[211.807s][info][gc,heap        ] GC(136) PSYoungGen: 1261056K(1328640K)->24365K(1334272K) Eden: 1261056K(1261056K)->0K(1267712K) From: 0K(67584K)->24365K(66560K)
[211.807s][info][gc,heap        ] GC(136) ParOldGen: 71229K(2796544K)->71229K(2796544K)
[211.808s][info][gc,metaspace   ] GC(136) Metaspace: 129116K(130880K)->129116K(130880K) NonClass: 112712K(113280K)->112712K(113280K) Class: 16404K(17600K)->16404K(17600K)
[211.808s][info][gc             ] GC(136) Pause Young (Allocation Failure) 1301M->93M(4034M) 3.953ms
[211.808s][info][gc,cpu         ] GC(136) User=0.00s Sys=0.00s Real=0.01s
[212.190s][info][gc,start       ] GC(137) Pause Young (Allocation Failure)
[212.201s][info][gc,heap        ] GC(137) PSYoungGen: 1292077K(1334272K)->44414K(1312256K) Eden: 1267712K(1267712K)->0K(1267712K) From: 24365K(66560K)->44414K(44544K)
[212.201s][info][gc,heap        ] GC(137) ParOldGen: 71229K(2796544K)->95398K(2796544K)
[212.201s][info][gc,metaspace   ] GC(137) Metaspace: 129117K(130880K)->129117K(130880K) NonClass: 112712K(113280K)->112712K(113280K) Class: 16404K(17600K)->16404K(17600K)
[212.201s][info][gc             ] GC(137) Pause Young (Allocation Failure) 1331M->136M(4012M) 10.405ms
[212.201s][info][gc,cpu         ] GC(137) User=0.06s Sys=0.00s Real=0.02s
[217.169s][info][gc,start       ] GC(138) Pause Young (Allocation Failure)
[217.175s][info][gc,heap        ] GC(138) PSYoungGen: 1312126K(1312256K)->6321K(1331200K) Eden: 1267712K(1267712K)->0K(1263104K) From: 44414K(44544K)->6321K(68096K)
[217.175s][info][gc,heap        ] GC(138) ParOldGen: 95398K(2796544K)->124689K(2796544K)
[217.175s][info][gc,metaspace   ] GC(138) Metaspace: 129137K(130880K)->129137K(130880K) NonClass: 112728K(113280K)->112728K(113280K) Class: 16408K(17600K)->16408K(17600K)
[217.175s][info][gc             ] GC(138) Pause Young (Allocation Failure) 1374M->127M(4031M) 5.781ms
[217.175s][info][gc,cpu         ] GC(138) User=0.00s Sys=0.00s Real=0.01s
[218.863s][info][gc,start       ] GC(139) Pause Young (System.gc())
[218.866s][info][gc,heap        ] GC(139) PSYoungGen: 571527K(1331200K)->3091K(1329664K) Eden: 565205K(1263104K)->0K(1263104K) From: 6321K(68096K)->3091K(66560K)
[218.866s][info][gc,heap        ] GC(139) ParOldGen: 124689K(2796544K)->129649K(2796544K)
[218.866s][info][gc,metaspace   ] GC(139) Metaspace: 129161K(130944K)->129161K(130944K) NonClass: 112752K(113344K)->112752K(113344K) Class: 16408K(17600K)->16408K(17600K)
[218.866s][info][gc             ] GC(139) Pause Young (System.gc()) 679M->129M(4029M) 2.993ms
[218.866s][info][gc,cpu         ] GC(139) User=0.06s Sys=0.00s Real=0.01s
[218.866s][info][gc,start       ] GC(140) Pause Full (System.gc())
[218.866s][info][gc,phases,start] GC(140) Marking Phase
[218.900s][info][gc,phases      ] GC(140) Marking Phase 34.704ms
[218.900s][info][gc,phases,start] GC(140) Summary Phase
[218.900s][info][gc,phases      ] GC(140) Summary Phase 0.010ms
[218.900s][info][gc,phases,start] GC(140) Adjust Roots
[218.916s][info][gc,phases      ] GC(140) Adjust Roots 15.384ms
[218.916s][info][gc,phases,start] GC(140) Compaction Phase
[218.932s][info][gc,phases      ] GC(140) Compaction Phase 16.031ms
[218.932s][info][gc,phases,start] GC(140) Post Compact
[218.933s][info][gc,phases      ] GC(140) Post Compact 1.067ms
[218.933s][info][gc,heap        ] GC(140) PSYoungGen: 3091K(1329664K)->0K(1329664K) Eden: 0K(1263104K)->0K(1263104K) From: 3091K(66560K)->0K(66560K)
[218.933s][info][gc,heap        ] GC(140) ParOldGen: 129649K(2796544K)->71336K(2796544K)
[218.933s][info][gc,metaspace   ] GC(140) Metaspace: 129161K(130944K)->129161K(130944K) NonClass: 112752K(113344K)->112752K(113344K) Class: 16408K(17600K)->16408K(17600K)
[218.933s][info][gc             ] GC(140) Pause Full (System.gc()) 129M->69M(4029M) 67.519ms
[218.933s][info][gc,cpu         ] GC(140) User=0.16s Sys=0.00s Real=0.06s
[219.417s][info][gc,start       ] GC(141) Pause Young (Allocation Failure)
[219.421s][info][gc,heap        ] GC(141) PSYoungGen: 1263104K(1329664K)->24930K(1335296K) Eden: 1263104K(1263104K)->0K(1270272K) From: 0K(66560K)->24930K(65024K)
[219.421s][info][gc,heap        ] GC(141) ParOldGen: 71336K(2796544K)->71336K(2796544K)
[219.421s][info][gc,metaspace   ] GC(141) Metaspace: 129165K(130944K)->129165K(130944K) NonClass: 112756K(113344K)->112756K(113344K) Class: 16408K(17600K)->16408K(17600K)
[219.421s][info][gc             ] GC(141) Pause Young (Allocation Failure) 1303M->94M(4035M) 4.126ms
[219.421s][info][gc,cpu         ] GC(141) User=0.00s Sys=0.00s Real=0.00s
[219.804s][info][gc,start       ] GC(142) Pause Young (Allocation Failure)
[219.815s][info][gc,heap        ] GC(142) PSYoungGen: 1295202K(1335296K)->49744K(1320448K) Eden: 1270272K(1270272K)->0K(1270272K) From: 24930K(65024K)->49744K(50176K)
[219.815s][info][gc,heap        ] GC(142) ParOldGen: 71336K(2796544K)->95513K(2796544K)
[219.815s][info][gc,metaspace   ] GC(142) Metaspace: 129165K(130944K)->129165K(130944K) NonClass: 112756K(113344K)->112756K(113344K) Class: 16408K(17600K)->16408K(17600K)
[219.815s][info][gc             ] GC(142) Pause Young (Allocation Failure) 1334M->141M(4020M) 11.081ms
[219.815s][info][gc,cpu         ] GC(142) User=0.00s Sys=0.00s Real=0.02s
[224.681s][info][gc,start       ] GC(143) Pause Young (Allocation Failure)
[224.687s][info][gc,heap        ] GC(143) PSYoungGen: 1320016K(1320448K)->7955K(1330688K) Eden: 1270272K(1270272K)->0K(1261568K) From: 49744K(50176K)->7955K(69120K)
[224.687s][info][gc,heap        ] GC(143) ParOldGen: 95513K(2796544K)->124866K(2796544K)
[224.687s][info][gc,metaspace   ] GC(143) Metaspace: 129167K(131008K)->129167K(131008K) NonClass: 112758K(113408K)->112758K(113408K) Class: 16408K(17600K)->16408K(17600K)
[224.687s][info][gc             ] GC(143) Pause Young (Allocation Failure) 1382M->129M(4030M) 6.392ms
[224.687s][info][gc,cpu         ] GC(143) User=0.00s Sys=0.00s Real=0.01s
[226.352s][info][gc,start       ] GC(144) Pause Young (System.gc())
[226.355s][info][gc,heap        ] GC(144) PSYoungGen: 563268K(1330688K)->3035K(1328640K) Eden: 555312K(1261568K)->0K(1261568K) From: 7955K(69120K)->3035K(67072K)
[226.355s][info][gc,heap        ] GC(144) ParOldGen: 124866K(2796544K)->129811K(2796544K)
[226.355s][info][gc,metaspace   ] GC(144) Metaspace: 129383K(131200K)->129383K(131200K) NonClass: 112974K(113600K)->112974K(113600K) Class: 16408K(17600K)->16408K(17600K)
[226.355s][info][gc             ] GC(144) Pause Young (System.gc()) 672M->129M(4028M) 3.038ms
[226.355s][info][gc,cpu         ] GC(144) User=0.00s Sys=0.00s Real=0.00s
[226.355s][info][gc,start       ] GC(145) Pause Full (System.gc())
[226.355s][info][gc,phases,start] GC(145) Marking Phase
[226.389s][info][gc,phases      ] GC(145) Marking Phase 34.643ms
[226.390s][info][gc,phases,start] GC(145) Summary Phase
[226.390s][info][gc,phases      ] GC(145) Summary Phase 0.011ms
[226.390s][info][gc,phases,start] GC(145) Adjust Roots
[226.403s][info][gc,phases      ] GC(145) Adjust Roots 13.642ms
[226.403s][info][gc,phases,start] GC(145) Compaction Phase
[226.417s][info][gc,phases      ] GC(145) Compaction Phase 13.521ms
[226.417s][info][gc,phases,start] GC(145) Post Compact
[226.418s][info][gc,phases      ] GC(145) Post Compact 1.157ms
[226.418s][info][gc,heap        ] GC(145) PSYoungGen: 3035K(1328640K)->0K(1328640K) Eden: 0K(1261568K)->0K(1261568K) From: 3035K(67072K)->0K(67072K)
[226.418s][info][gc,heap        ] GC(145) ParOldGen: 129811K(2796544K)->71702K(2796544K)
[226.418s][info][gc,metaspace   ] GC(145) Metaspace: 129383K(131200K)->129383K(131200K) NonClass: 112974K(113600K)->112974K(113600K) Class: 16408K(17600K)->16408K(17600K)
[226.418s][info][gc             ] GC(145) Pause Full (System.gc()) 129M->70M(4028M) 63.308ms
[226.418s][info][gc,cpu         ] GC(145) User=0.20s Sys=0.02s Real=0.06s
[226.899s][info][gc,start       ] GC(146) Pause Young (Allocation Failure)
[226.903s][info][gc,heap        ] GC(146) PSYoungGen: 1261568K(1328640K)->24348K(1334784K) Eden: 1261568K(1261568K)->0K(1269248K) From: 0K(67072K)->24348K(65536K)
[226.903s][info][gc,heap        ] GC(146) ParOldGen: 71702K(2796544K)->71702K(2796544K)
[226.903s][info][gc,metaspace   ] GC(146) Metaspace: 129397K(131200K)->129397K(131200K) NonClass: 112988K(113600K)->112988K(113600K) Class: 16408K(17600K)->16408K(17600K)
[226.903s][info][gc             ] GC(146) Pause Young (Allocation Failure) 1302M->93M(4034M) 4.207ms
[226.903s][info][gc,cpu         ] GC(146) User=0.00s Sys=0.00s Real=0.00s
[227.282s][info][gc,start       ] GC(147) Pause Young (Allocation Failure)
[227.293s][info][gc,heap        ] GC(147) PSYoungGen: 1293596K(1334784K)->50273K(1319936K) Eden: 1269248K(1269248K)->0K(1269248K) From: 24348K(65536K)->50273K(50688K)
[227.293s][info][gc,heap        ] GC(147) ParOldGen: 71702K(2796544K)->95869K(2796544K)
[227.293s][info][gc,metaspace   ] GC(147) Metaspace: 129397K(131200K)->129397K(131200K) NonClass: 112988K(113600K)->112988K(113600K) Class: 16408K(17600K)->16408K(17600K)
[227.293s][info][gc             ] GC(147) Pause Young (Allocation Failure) 1333M->142M(4020M) 11.229ms
[227.293s][info][gc,cpu         ] GC(147) User=0.09s Sys=0.00s Real=0.02s
[232.138s][info][gc,start       ] GC(148) Pause Young (Allocation Failure)
[232.145s][info][gc,heap        ] GC(148) PSYoungGen: 1319521K(1319936K)->8979K(1330176K) Eden: 1269248K(1269248K)->0K(1260544K) From: 50273K(50688K)->8979K(69632K)
[232.145s][info][gc,heap        ] GC(148) ParOldGen: 95869K(2796544K)->124371K(2796544K)
[232.145s][info][gc,metaspace   ] GC(148) Metaspace: 129399K(131200K)->129399K(131200K) NonClass: 112990K(113600K)->112990K(113600K) Class: 16408K(17600K)->16408K(17600K)
[232.145s][info][gc             ] GC(148) Pause Young (Allocation Failure) 1382M->130M(4030M) 6.890ms
[232.145s][info][gc,cpu         ] GC(148) User=0.00s Sys=0.00s Real=0.01s
[233.843s][info][gc,start       ] GC(149) Pause Young (System.gc())
[233.846s][info][gc,heap        ] GC(149) PSYoungGen: 562373K(1330176K)->2995K(1328128K) Eden: 553393K(1260544K)->0K(1260544K) From: 8979K(69632K)->2995K(67584K)
[233.846s][info][gc,heap        ] GC(149) ParOldGen: 124371K(2796544K)->130207K(2796544K)
[233.846s][info][gc,metaspace   ] GC(149) Metaspace: 129440K(131264K)->129440K(131264K) NonClass: 113031K(113664K)->113031K(113664K) Class: 16408K(17600K)->16408K(17600K)
[233.846s][info][gc             ] GC(149) Pause Young (System.gc()) 670M->130M(4028M) 3.209ms
[233.846s][info][gc,cpu         ] GC(149) User=0.00s Sys=0.00s Real=0.00s
[233.846s][info][gc,start       ] GC(150) Pause Full (System.gc())
[233.846s][info][gc,phases,start] GC(150) Marking Phase
[233.880s][info][gc,phases      ] GC(150) Marking Phase 34.213ms
[233.880s][info][gc,phases,start] GC(150) Summary Phase
[233.880s][info][gc,phases      ] GC(150) Summary Phase 0.011ms
[233.880s][info][gc,phases,start] GC(150) Adjust Roots
[233.895s][info][gc,phases      ] GC(150) Adjust Roots 14.489ms
[233.895s][info][gc,phases,start] GC(150) Compaction Phase
[233.913s][info][gc,phases      ] GC(150) Compaction Phase 17.639ms
[233.913s][info][gc,phases,start] GC(150) Post Compact
[233.914s][info][gc,phases      ] GC(150) Post Compact 1.108ms
[233.914s][info][gc,heap        ] GC(150) PSYoungGen: 2995K(1328128K)->0K(1328128K) Eden: 0K(1260544K)->0K(1260544K) From: 2995K(67584K)->0K(67584K)
[233.914s][info][gc,heap        ] GC(150) ParOldGen: 130207K(2796544K)->71793K(2796544K)
[233.914s][info][gc,metaspace   ] GC(150) Metaspace: 129440K(131264K)->129440K(131264K) NonClass: 113031K(113664K)->113031K(113664K) Class: 16408K(17600K)->16408K(17600K)
[233.914s][info][gc             ] GC(150) Pause Full (System.gc()) 130M->70M(4028M) 67.781ms
[233.914s][info][gc,cpu         ] GC(150) User=0.14s Sys=0.02s Real=0.07s
[234.407s][info][gc,start       ] GC(151) Pause Young (Allocation Failure)
[234.411s][info][gc,heap        ] GC(151) PSYoungGen: 1260544K(1328128K)->25348K(1334272K) Eden: 1260544K(1260544K)->0K(1268224K) From: 0K(67584K)->25348K(66048K)
[234.411s][info][gc,heap        ] GC(151) ParOldGen: 71793K(2796544K)->71793K(2796544K)
[234.411s][info][gc,metaspace   ] GC(151) Metaspace: 129487K(131328K)->129487K(131328K) NonClass: 113078K(113728K)->113078K(113728K) Class: 16408K(17600K)->16408K(17600K)
[234.411s][info][gc             ] GC(151) Pause Young (Allocation Failure) 1301M->94M(4034M) 4.350ms
[234.411s][info][gc,cpu         ] GC(151) User=0.00s Sys=0.00s Real=0.00s
[234.785s][info][gc,start       ] GC(152) Pause Young (Allocation Failure)
[234.797s][info][gc,heap        ] GC(152) PSYoungGen: 1293194K(1334272K)->51133K(1319424K) Eden: 1267846K(1268224K)->0K(1268224K) From: 25348K(66048K)->51133K(51200K)
[234.797s][info][gc,heap        ] GC(152) ParOldGen: 71793K(2796544K)->95970K(2796544K)
[234.797s][info][gc,metaspace   ] GC(152) Metaspace: 129487K(131328K)->129487K(131328K) NonClass: 113078K(113728K)->113078K(113728K) Class: 16408K(17600K)->16408K(17600K)
[234.797s][info][gc             ] GC(152) Pause Young (Allocation Failure) 1332M->143M(4019M) 11.228ms
[234.797s][info][gc,cpu         ] GC(152) User=0.09s Sys=0.00s Real=0.01s
[239.576s][info][gc,start       ] GC(153) Pause Young (Allocation Failure)
[239.582s][info][gc,heap        ] GC(153) PSYoungGen: 1319357K(1319424K)->7757K(1329152K) Eden: 1268224K(1268224K)->0K(1258496K) From: 51133K(51200K)->7757K(70656K)
[239.583s][info][gc,heap        ] GC(153) ParOldGen: 95970K(2796544K)->126091K(2796544K)
[239.583s][info][gc,metaspace   ] GC(153) Metaspace: 129490K(131328K)->129490K(131328K) NonClass: 113081K(113728K)->113081K(113728K) Class: 16408K(17600K)->16408K(17600K)
[239.583s][info][gc             ] GC(153) Pause Young (Allocation Failure) 1382M->130M(4029M) 6.521ms
[239.583s][info][gc,cpu         ] GC(153) User=0.00s Sys=0.00s Real=0.01s
[241.243s][info][gc,start       ] GC(154) Pause Young (System.gc())
[241.247s][info][gc,heap        ] GC(154) PSYoungGen: 559818K(1329152K)->3059K(1327104K) Eden: 552061K(1258496K)->0K(1258496K) From: 7757K(70656K)->3059K(68608K)
[241.247s][info][gc,heap        ] GC(154) ParOldGen: 126091K(2796544K)->130262K(2796544K)
[241.247s][info][gc,metaspace   ] GC(154) Metaspace: 129502K(131328K)->129502K(131328K) NonClass: 113093K(113728K)->113093K(113728K) Class: 16408K(17600K)->16408K(17600K)
[241.247s][info][gc             ] GC(154) Pause Young (System.gc()) 669M->130M(4027M) 4.001ms
[241.247s][info][gc,cpu         ] GC(154) User=0.00s Sys=0.00s Real=0.02s
[241.247s][info][gc,start       ] GC(155) Pause Full (System.gc())
[241.247s][info][gc,phases,start] GC(155) Marking Phase
[241.283s][info][gc,phases      ] GC(155) Marking Phase 35.539ms
[241.283s][info][gc,phases,start] GC(155) Summary Phase
[241.283s][info][gc,phases      ] GC(155) Summary Phase 0.012ms
[241.283s][info][gc,phases,start] GC(155) Adjust Roots
[241.297s][info][gc,phases      ] GC(155) Adjust Roots 14.178ms
[241.297s][info][gc,phases,start] GC(155) Compaction Phase
[241.311s][info][gc,phases      ] GC(155) Compaction Phase 14.267ms
[241.311s][info][gc,phases,start] GC(155) Post Compact
[241.312s][info][gc,phases      ] GC(155) Post Compact 1.081ms
[241.313s][info][gc,heap        ] GC(155) PSYoungGen: 3059K(1327104K)->0K(1327104K) Eden: 0K(1258496K)->0K(1258496K) From: 3059K(68608K)->0K(68608K)
[241.313s][info][gc,heap        ] GC(155) ParOldGen: 130262K(2796544K)->72158K(2796544K)
[241.313s][info][gc,metaspace   ] GC(155) Metaspace: 129502K(131328K)->129502K(131328K) NonClass: 113093K(113728K)->113093K(113728K) Class: 16408K(17600K)->16408K(17600K)
[241.313s][info][gc             ] GC(155) Pause Full (System.gc()) 130M->70M(4027M) 65.400ms
[241.313s][info][gc,cpu         ] GC(155) User=0.20s Sys=0.00s Real=0.06s
[241.815s][info][gc,start       ] GC(156) Pause Young (Allocation Failure)
[241.819s][info][gc,heap        ] GC(156) PSYoungGen: 1255863K(1327104K)->24380K(1333760K) Eden: 1255863K(1258496K)->0K(1266688K) From: 0K(68608K)->24380K(67072K)
[241.819s][info][gc,heap        ] GC(156) ParOldGen: 72158K(2796544K)->72158K(2796544K)
[241.819s][info][gc,metaspace   ] GC(156) Metaspace: 129513K(131328K)->129513K(131328K) NonClass: 113105K(113728K)->113105K(113728K) Class: 16408K(17600K)->16408K(17600K)
[241.819s][info][gc             ] GC(156) Pause Young (Allocation Failure) 1296M->94M(4033M) 3.981ms
[241.819s][info][gc,cpu         ] GC(156) User=0.09s Sys=0.00s Real=0.01s
[242.197s][info][gc,start       ] GC(157) Pause Young (Allocation Failure)
[242.208s][info][gc,heap        ] GC(157) PSYoungGen: 1291068K(1333760K)->46363K(1313280K) Eden: 1266688K(1266688K)->0K(1266688K) From: 24380K(67072K)->46363K(46592K)
[242.208s][info][gc,heap        ] GC(157) ParOldGen: 72158K(2796544K)->96326K(2796544K)
[242.208s][info][gc,metaspace   ] GC(157) Metaspace: 129513K(131328K)->129513K(131328K) NonClass: 113105K(113728K)->113105K(113728K) Class: 16408K(17600K)->16408K(17600K)
[242.208s][info][gc             ] GC(157) Pause Young (Allocation Failure) 1331M->139M(4013M) 10.580ms
[242.208s][info][gc,cpu         ] GC(157) User=0.00s Sys=0.00s Real=0.01s
[247.061s][info][gc,start       ] GC(158) Pause Young (Allocation Failure)
[247.067s][info][gc,heap        ] GC(158) PSYoungGen: 1313051K(1313280K)->8694K(1330688K) Eden: 1266688K(1266688K)->0K(1261056K) From: 46363K(46592K)->8694K(69632K)
[247.067s][info][gc,heap        ] GC(158) ParOldGen: 96326K(2796544K)->124101K(2796544K)
[247.067s][info][gc,metaspace   ] GC(158) Metaspace: 129513K(131328K)->129513K(131328K) NonClass: 113105K(113728K)->113105K(113728K) Class: 16408K(17600K)->16408K(17600K)
[247.067s][info][gc             ] GC(158) Pause Young (Allocation Failure) 1376M->129M(4030M) 6.460ms
[247.067s][info][gc,cpu         ] GC(158) User=0.00s Sys=0.00s Real=0.00s
[248.783s][info][gc,start       ] GC(159) Pause Young (System.gc())
[248.786s][info][gc,heap        ] GC(159) PSYoungGen: 573262K(1330688K)->2970K(1328128K) Eden: 564568K(1261056K)->0K(1261056K) From: 8694K(69632K)->2970K(67072K)
[248.786s][info][gc,heap        ] GC(159) ParOldGen: 124101K(2796544K)->130608K(2796544K)
[248.786s][info][gc,metaspace   ] GC(159) Metaspace: 129524K(131328K)->129524K(131328K) NonClass: 113115K(113728K)->113115K(113728K) Class: 16408K(17600K)->16408K(17600K)
[248.786s][info][gc             ] GC(159) Pause Young (System.gc()) 681M->130M(4028M) 3.192ms
[248.786s][info][gc,cpu         ] GC(159) User=0.00s Sys=0.00s Real=0.01s
[248.786s][info][gc,start       ] GC(160) Pause Full (System.gc())
[248.786s][info][gc,phases,start] GC(160) Marking Phase
[248.820s][info][gc,phases      ] GC(160) Marking Phase 34.314ms
[248.820s][info][gc,phases,start] GC(160) Summary Phase
[248.820s][info][gc,phases      ] GC(160) Summary Phase 0.011ms
[248.820s][info][gc,phases,start] GC(160) Adjust Roots
[248.835s][info][gc,phases      ] GC(160) Adjust Roots 14.172ms
[248.835s][info][gc,phases,start] GC(160) Compaction Phase
[248.848s][info][gc,phases      ] GC(160) Compaction Phase 12.939ms
[248.848s][info][gc,phases,start] GC(160) Post Compact
[248.849s][info][gc,phases      ] GC(160) Post Compact 1.056ms
[248.849s][info][gc,heap        ] GC(160) PSYoungGen: 2970K(1328128K)->0K(1328128K) Eden: 0K(1261056K)->0K(1261056K) From: 2970K(67072K)->0K(67072K)
[248.849s][info][gc,heap        ] GC(160) ParOldGen: 130608K(2796544K)->72260K(2796544K)
[248.849s][info][gc,metaspace   ] GC(160) Metaspace: 129524K(131328K)->129524K(131328K) NonClass: 113115K(113728K)->113115K(113728K) Class: 16408K(17600K)->16408K(17600K)
[248.849s][info][gc             ] GC(160) Pause Full (System.gc()) 130M->70M(4028M) 62.813ms
[248.849s][info][gc,cpu         ] GC(160) User=0.08s Sys=0.00s Real=0.06s
[249.324s][info][gc,start       ] GC(161) Pause Young (Allocation Failure)
[249.329s][info][gc,heap        ] GC(161) PSYoungGen: 1261056K(1328128K)->24656K(1334784K) Eden: 1261056K(1261056K)->0K(1268736K) From: 0K(67072K)->24656K(66048K)
[249.329s][info][gc,heap        ] GC(161) ParOldGen: 72260K(2796544K)->72260K(2796544K)
[249.329s][info][gc,metaspace   ] GC(161) Metaspace: 129541K(131328K)->129541K(131328K) NonClass: 113132K(113728K)->113132K(113728K) Class: 16408K(17600K)->16408K(17600K)
[249.329s][info][gc             ] GC(161) Pause Young (Allocation Failure) 1302M->94M(4034M) 5.149ms
[249.329s][info][gc,cpu         ] GC(161) User=0.00s Sys=0.00s Real=0.01s
[249.761s][info][gc,start       ] GC(162) Pause Young (Allocation Failure)
[249.776s][info][gc,heap        ] GC(162) PSYoungGen: 1293392K(1334784K)->46628K(1315840K) Eden: 1268736K(1268736K)->0K(1268736K) From: 24656K(66048K)->46628K(47104K)
[249.776s][info][gc,heap        ] GC(162) ParOldGen: 72260K(2796544K)->96365K(2796544K)
[249.776s][info][gc,metaspace   ] GC(162) Metaspace: 129541K(131328K)->129541K(131328K) NonClass: 113132K(113728K)->113132K(113728K) Class: 16408K(17600K)->16408K(17600K)
[249.776s][info][gc             ] GC(162) Pause Young (Allocation Failure) 1333M->139M(4016M) 14.768ms
[249.776s][info][gc,cpu         ] GC(162) User=0.06s Sys=0.00s Real=0.02s
[254.571s][info][gc,start       ] GC(163) Pause Young (Allocation Failure)
[254.577s][info][gc,heap        ] GC(163) PSYoungGen: 1315364K(1315840K)->7891K(1331200K) Eden: 1268736K(1268736K)->0K(1262592K) From: 46628K(47104K)->7891K(68608K)
[254.578s][info][gc,heap        ] GC(163) ParOldGen: 96365K(2796544K)->124981K(2796544K)
[254.578s][info][gc,metaspace   ] GC(163) Metaspace: 129541K(131328K)->129541K(131328K) NonClass: 113132K(113728K)->113132K(113728K) Class: 16408K(17600K)->16408K(17600K)
[254.578s][info][gc             ] GC(163) Pause Young (Allocation Failure) 1378M->129M(4031M) 6.319ms
[254.578s][info][gc,cpu         ] GC(163) User=0.00s Sys=0.00s Real=0.00s
[256.256s][info][gc,start       ] GC(164) Pause Young (System.gc())
[256.259s][info][gc,heap        ] GC(164) PSYoungGen: 569082K(1331200K)->3027K(1329152K) Eden: 561191K(1262592K)->0K(1262592K) From: 7891K(68608K)->3027K(66560K)
[256.259s][info][gc,heap        ] GC(164) ParOldGen: 124981K(2796544K)->130731K(2796544K)
[256.259s][info][gc,metaspace   ] GC(164) Metaspace: 129550K(131392K)->129550K(131392K) NonClass: 113142K(113792K)->113142K(113792K) Class: 16408K(17600K)->16408K(17600K)
[256.259s][info][gc             ] GC(164) Pause Young (System.gc()) 677M->130M(4029M) 3.277ms
[256.259s][info][gc,cpu         ] GC(164) User=0.00s Sys=0.00s Real=0.00s
[256.259s][info][gc,start       ] GC(165) Pause Full (System.gc())
[256.259s][info][gc,phases,start] GC(165) Marking Phase
[256.295s][info][gc,phases      ] GC(165) Marking Phase 35.344ms
[256.295s][info][gc,phases,start] GC(165) Summary Phase
[256.295s][info][gc,phases      ] GC(165) Summary Phase 0.011ms
[256.295s][info][gc,phases,start] GC(165) Adjust Roots
[256.310s][info][gc,phases      ] GC(165) Adjust Roots 14.904ms
[256.310s][info][gc,phases,start] GC(165) Compaction Phase
[256.329s][info][gc,phases      ] GC(165) Compaction Phase 19.272ms
[256.329s][info][gc,phases,start] GC(165) Post Compact
[256.330s][info][gc,phases      ] GC(165) Post Compact 1.035ms
[256.330s][info][gc,heap        ] GC(165) PSYoungGen: 3027K(1329152K)->0K(1329152K) Eden: 0K(1262592K)->0K(1262592K) From: 3027K(66560K)->0K(66560K)
[256.330s][info][gc,heap        ] GC(165) ParOldGen: 130731K(2796544K)->72617K(2796544K)
[256.330s][info][gc,metaspace   ] GC(165) Metaspace: 129550K(131392K)->129550K(131392K) NonClass: 113142K(113792K)->113142K(113792K) Class: 16408K(17600K)->16408K(17600K)
[256.330s][info][gc             ] GC(165) Pause Full (System.gc()) 130M->70M(4029M) 70.904ms
[256.330s][info][gc,cpu         ] GC(165) User=0.19s Sys=0.00s Real=0.07s
[256.843s][info][gc,start       ] GC(166) Pause Young (Allocation Failure)
[256.847s][info][gc,heap        ] GC(166) PSYoungGen: 1259251K(1329152K)->24394K(1335296K) Eden: 1259251K(1262592K)->0K(1270272K) From: 0K(66560K)->24394K(65024K)
[256.847s][info][gc,heap        ] GC(166) ParOldGen: 72617K(2796544K)->72617K(2796544K)
[256.847s][info][gc,metaspace   ] GC(166) Metaspace: 129623K(131456K)->129623K(131456K) NonClass: 113214K(113856K)->113214K(113856K) Class: 16408K(17600K)->16408K(17600K)
[256.847s][info][gc             ] GC(166) Pause Young (Allocation Failure) 1300M->94M(4035M) 3.901ms
[256.847s][info][gc,cpu         ] GC(166) User=0.00s Sys=0.00s Real=0.00s
[257.221s][info][gc,start       ] GC(167) Pause Young (Allocation Failure)
[257.232s][info][gc,heap        ] GC(167) PSYoungGen: 1294666K(1335296K)->48997K(1319424K) Eden: 1270272K(1270272K)->0K(1270272K) From: 24394K(65024K)->48997K(49152K)
[257.232s][info][gc,heap        ] GC(167) ParOldGen: 72617K(2796544K)->96783K(2796544K)
[257.232s][info][gc,metaspace   ] GC(167) Metaspace: 129623K(131456K)->129623K(131456K) NonClass: 113214K(113856K)->113214K(113856K) Class: 16408K(17600K)->16408K(17600K)
[257.232s][info][gc             ] GC(167) Pause Young (Allocation Failure) 1335M->142M(4019M) 11.136ms
[257.232s][info][gc,cpu         ] GC(167) User=0.09s Sys=0.00s Real=0.02s
[261.965s][info][gc,start       ] GC(168) Pause Young (Allocation Failure)
[261.970s][info][gc,heap        ] GC(168) PSYoungGen: 1319269K(1319424K)->9505K(1331200K) Eden: 1270272K(1270272K)->0K(1262080K) From: 48997K(49152K)->9505K(69120K)
[261.970s][info][gc,heap        ] GC(168) ParOldGen: 96783K(2796544K)->122993K(2796544K)
[261.970s][info][gc,metaspace   ] GC(168) Metaspace: 129623K(131456K)->129623K(131456K) NonClass: 113214K(113856K)->113214K(113856K) Class: 16408K(17600K)->16408K(17600K)
[261.970s][info][gc             ] GC(168) Pause Young (Allocation Failure) 1382M->129M(4031M) 5.673ms
[261.970s][info][gc,cpu         ] GC(168) User=0.00s Sys=0.00s Real=0.00s
[263.666s][info][gc,start       ] GC(169) Pause Young (System.gc())
[263.669s][info][gc,heap        ] GC(169) PSYoungGen: 571621K(1331200K)->2995K(1328640K) Eden: 562115K(1262080K)->0K(1262080K) From: 9505K(69120K)->2995K(66560K)
[263.669s][info][gc,heap        ] GC(169) ParOldGen: 122993K(2796544K)->131109K(2796544K)
[263.669s][info][gc,metaspace   ] GC(169) Metaspace: 129661K(131456K)->129661K(131456K) NonClass: 113253K(113856K)->113253K(113856K) Class: 16408K(17600K)->16408K(17600K)
[263.669s][info][gc             ] GC(169) Pause Young (System.gc()) 678M->130M(4028M) 2.934ms
[263.669s][info][gc,cpu         ] GC(169) User=0.00s Sys=0.00s Real=0.00s
[263.669s][info][gc,start       ] GC(170) Pause Full (System.gc())
[263.669s][info][gc,phases,start] GC(170) Marking Phase
[263.703s][info][gc,phases      ] GC(170) Marking Phase 34.138ms
[263.703s][info][gc,phases,start] GC(170) Summary Phase
[263.703s][info][gc,phases      ] GC(170) Summary Phase 0.010ms
[263.703s][info][gc,phases,start] GC(170) Adjust Roots
[263.718s][info][gc,phases      ] GC(170) Adjust Roots 14.915ms
[263.718s][info][gc,phases,start] GC(170) Compaction Phase
[263.732s][info][gc,phases      ] GC(170) Compaction Phase 13.859ms
[263.732s][info][gc,phases,start] GC(170) Post Compact
[263.733s][info][gc,phases      ] GC(170) Post Compact 1.097ms
[263.733s][info][gc,heap        ] GC(170) PSYoungGen: 2995K(1328640K)->0K(1328640K) Eden: 0K(1262080K)->0K(1262080K) From: 2995K(66560K)->0K(66560K)
[263.733s][info][gc,heap        ] GC(170) ParOldGen: 131109K(2796544K)->72719K(2796544K)
[263.733s][info][gc,metaspace   ] GC(170) Metaspace: 129661K(131456K)->129661K(131456K) NonClass: 113253K(113856K)->113253K(113856K) Class: 16408K(17600K)->16408K(17600K)
[263.733s][info][gc             ] GC(170) Pause Full (System.gc()) 130M->71M(4028M) 64.352ms
[263.733s][info][gc,cpu         ] GC(170) User=0.20s Sys=0.00s Real=0.06s
[264.204s][info][gc,start       ] GC(171) Pause Young (Allocation Failure)
[264.208s][info][gc,heap        ] GC(171) PSYoungGen: 1258565K(1328640K)->24394K(1335296K) Eden: 1258565K(1262080K)->0K(1269760K) From: 0K(66560K)->24394K(65536K)
[264.208s][info][gc,heap        ] GC(171) ParOldGen: 72719K(2796544K)->72719K(2796544K)
[264.208s][info][gc,metaspace   ] GC(171) Metaspace: 129666K(131456K)->129666K(131456K) NonClass: 113257K(113856K)->113257K(113856K) Class: 16408K(17600K)->16408K(17600K)
[264.208s][info][gc             ] GC(171) Pause Young (Allocation Failure) 1300M->94M(4035M) 3.987ms
[264.209s][info][gc,cpu         ] GC(171) User=0.09s Sys=0.00s Real=0.01s
[264.581s][info][gc,start       ] GC(172) Pause Young (Allocation Failure)
[264.591s][info][gc,heap        ] GC(172) PSYoungGen: 1294154K(1335296K)->46875K(1316864K) Eden: 1269760K(1269760K)->0K(1269760K) From: 24394K(65536K)->46875K(47104K)
[264.592s][info][gc,heap        ] GC(172) ParOldGen: 72719K(2796544K)->96885K(2796544K)
[264.592s][info][gc,metaspace   ] GC(172) Metaspace: 129666K(131456K)->129666K(131456K) NonClass: 113257K(113856K)->113257K(113856K) Class: 16408K(17600K)->16408K(17600K)
[264.592s][info][gc             ] GC(172) Pause Young (Allocation Failure) 1334M->140M(4017M) 10.748ms
[264.592s][info][gc,cpu         ] GC(172) User=0.02s Sys=0.00s Real=0.02s
[269.440s][info][gc,start       ] GC(173) Pause Young (Allocation Failure)
[269.446s][info][gc,heap        ] GC(173) PSYoungGen: 1316635K(1316864K)->8844K(1331712K) Eden: 1269760K(1269760K)->0K(1263616K) From: 46875K(47104K)->8844K(68096K)
[269.446s][info][gc,heap        ] GC(173) ParOldGen: 96885K(2796544K)->124632K(2796544K)
[269.446s][info][gc,metaspace   ] GC(173) Metaspace: 129667K(131456K)->129667K(131456K) NonClass: 113258K(113856K)->113258K(113856K) Class: 16408K(17600K)->16408K(17600K)
[269.446s][info][gc             ] GC(173) Pause Young (Allocation Failure) 1380M->130M(4031M) 6.519ms
[269.446s][info][gc,cpu         ] GC(173) User=0.09s Sys=0.00s Real=0.01s
[271.120s][info][gc,start       ] GC(174) Pause Young (System.gc())
[271.123s][info][gc,heap        ] GC(174) PSYoungGen: 567726K(1331712K)->3002K(1329664K) Eden: 558881K(1263616K)->0K(1263616K) From: 8844K(68096K)->3002K(66048K)
[271.123s][info][gc,heap        ] GC(174) ParOldGen: 124632K(2796544K)->131201K(2796544K)
[271.123s][info][gc,metaspace   ] GC(174) Metaspace: 129669K(131456K)->129669K(131456K) NonClass: 113260K(113856K)->113260K(113856K) Class: 16408K(17600K)->16408K(17600K)
[271.123s][info][gc             ] GC(174) Pause Young (System.gc()) 676M->131M(4029M) 3.418ms
[271.123s][info][gc,cpu         ] GC(174) User=0.00s Sys=0.00s Real=0.00s
[271.123s][info][gc,start       ] GC(175) Pause Full (System.gc())
[271.123s][info][gc,phases,start] GC(175) Marking Phase
[271.159s][info][gc,phases      ] GC(175) Marking Phase 35.275ms
[271.159s][info][gc,phases,start] GC(175) Summary Phase
[271.159s][info][gc,phases      ] GC(175) Summary Phase 0.010ms
[271.159s][info][gc,phases,start] GC(175) Adjust Roots
[271.173s][info][gc,phases      ] GC(175) Adjust Roots 14.294ms
[271.173s][info][gc,phases,start] GC(175) Compaction Phase
[271.188s][info][gc,phases      ] GC(175) Compaction Phase 14.935ms
[271.188s][info][gc,phases,start] GC(175) Post Compact
[271.189s][info][gc,phases      ] GC(175) Post Compact 1.050ms
[271.189s][info][gc,heap        ] GC(175) PSYoungGen: 3002K(1329664K)->0K(1329664K) Eden: 0K(1263616K)->0K(1263616K) From: 3002K(66048K)->0K(66048K)
[271.189s][info][gc,heap        ] GC(175) ParOldGen: 131201K(2796544K)->73080K(2796544K)
[271.189s][info][gc,metaspace   ] GC(175) Metaspace: 129669K(131456K)->129669K(131456K) NonClass: 113260K(113856K)->113260K(113856K) Class: 16408K(17600K)->16408K(17600K)
[271.189s][info][gc             ] GC(175) Pause Full (System.gc()) 131M->71M(4029M) 65.879ms
[271.189s][info][gc,cpu         ] GC(175) User=0.22s Sys=0.00s Real=0.06s
[271.678s][info][gc,start       ] GC(176) Pause Young (Allocation Failure)
[271.682s][info][gc,heap        ] GC(176) PSYoungGen: 1263613K(1329664K)->24904K(1335296K) Eden: 1263613K(1263616K)->0K(1270272K) From: 0K(66048K)->24904K(65024K)
[271.682s][info][gc,heap        ] GC(176) ParOldGen: 73080K(2796544K)->73080K(2796544K)
[271.682s][info][gc,metaspace   ] GC(176) Metaspace: 129673K(131456K)->129673K(131456K) NonClass: 113264K(113856K)->113264K(113856K) Class: 16408K(17600K)->16408K(17600K)
[271.682s][info][gc             ] GC(176) Pause Young (Allocation Failure) 1305M->95M(4035M) 4.433ms
[271.682s][info][gc,cpu         ] GC(176) User=0.00s Sys=0.00s Real=0.00s
[272.069s][info][gc,start       ] GC(177) Pause Young (Allocation Failure)
[272.080s][info][gc,heap        ] GC(177) PSYoungGen: 1295176K(1335296K)->48297K(1318912K) Eden: 1270272K(1270272K)->0K(1270272K) From: 24904K(65024K)->48297K(48640K)
[272.080s][info][gc,heap        ] GC(177) ParOldGen: 73080K(2796544K)->97233K(2796544K)
[272.080s][info][gc,metaspace   ] GC(177) Metaspace: 129673K(131456K)->129673K(131456K) NonClass: 113264K(113856K)->113264K(113856K) Class: 16408K(17600K)->16408K(17600K)
[272.080s][info][gc             ] GC(177) Pause Young (Allocation Failure) 1336M->142M(4019M) 10.980ms
[272.080s][info][gc,cpu         ] GC(177) User=0.00s Sys=0.00s Real=0.01s
[277.015s][info][gc,start       ] GC(178) Pause Young (Allocation Failure)
[277.021s][info][gc,heap        ] GC(178) PSYoungGen: 1318569K(1318912K)->7538K(1331200K) Eden: 1270272K(1270272K)->0K(1262592K) From: 48297K(48640K)->7538K(68608K)
[277.021s][info][gc,heap        ] GC(178) ParOldGen: 97233K(2796544K)->127346K(2796544K)
[277.021s][info][gc,metaspace   ] GC(178) Metaspace: 129675K(131520K)->129675K(131520K) NonClass: 113266K(113920K)->113266K(113920K) Class: 16408K(17600K)->16408K(17600K)
[277.021s][info][gc             ] GC(178) Pause Young (Allocation Failure) 1382M->131M(4031M) 6.407ms
[277.021s][info][gc,cpu         ] GC(178) User=0.08s Sys=0.02s Real=0.01s
[278.663s][info][gc,start       ] GC(179) Pause Young (System.gc())
[278.668s][info][gc,heap        ] GC(179) PSYoungGen: 565904K(1331200K)->2978K(1329152K) Eden: 558366K(1262592K)->0K(1262592K) From: 7538K(68608K)->2978K(66560K)
[278.668s][info][gc,heap        ] GC(179) ParOldGen: 127346K(2796544K)->131517K(2796544K)
[278.668s][info][gc,metaspace   ] GC(179) Metaspace: 129712K(131520K)->129712K(131520K) NonClass: 113303K(113920K)->113303K(113920K) Class: 16408K(17600K)->16408K(17600K)
[278.668s][info][gc             ] GC(179) Pause Young (System.gc()) 677M->131M(4029M) 4.991ms
[278.668s][info][gc,cpu         ] GC(179) User=0.00s Sys=0.00s Real=0.01s
[278.668s][info][gc,start       ] GC(180) Pause Full (System.gc())
[278.668s][info][gc,phases,start] GC(180) Marking Phase
[278.703s][info][gc,phases      ] GC(180) Marking Phase 34.705ms
[278.703s][info][gc,phases,start] GC(180) Summary Phase
[278.703s][info][gc,phases      ] GC(180) Summary Phase 0.011ms
[278.703s][info][gc,phases,start] GC(180) Adjust Roots
[278.718s][info][gc,phases      ] GC(180) Adjust Roots 14.813ms
[278.718s][info][gc,phases,start] GC(180) Compaction Phase
[278.734s][info][gc,phases      ] GC(180) Compaction Phase 16.300ms
[278.734s][info][gc,phases,start] GC(180) Post Compact
[278.736s][info][gc,phases      ] GC(180) Post Compact 1.263ms
[278.736s][info][gc,heap        ] GC(180) PSYoungGen: 2978K(1329152K)->0K(1329152K) Eden: 0K(1262592K)->0K(1262592K) From: 2978K(66560K)->0K(66560K)
[278.736s][info][gc,heap        ] GC(180) ParOldGen: 131517K(2796544K)->72909K(2796544K)
[278.736s][info][gc,metaspace   ] GC(180) Metaspace: 129712K(131520K)->129712K(131520K) NonClass: 113303K(113920K)->113303K(113920K) Class: 16408K(17600K)->16408K(17600K)
[278.736s][info][gc             ] GC(180) Pause Full (System.gc()) 131M->71M(4029M) 67.434ms
[278.736s][info][gc,cpu         ] GC(180) User=0.22s Sys=0.00s Real=0.07s
[279.206s][info][gc,start       ] GC(181) Pause Young (Allocation Failure)
[279.210s][info][gc,heap        ] GC(181) PSYoungGen: 1262592K(1329152K)->25301K(1334784K) Eden: 1262592K(1262592K)->0K(1269760K) From: 0K(66560K)->25301K(65024K)
[279.210s][info][gc,heap        ] GC(181) ParOldGen: 72909K(2796544K)->72909K(2796544K)
[279.210s][info][gc,metaspace   ] GC(181) Metaspace: 129729K(131520K)->129729K(131520K) NonClass: 113320K(113920K)->113320K(113920K) Class: 16408K(17600K)->16408K(17600K)
[279.210s][info][gc             ] GC(181) Pause Young (Allocation Failure) 1304M->95M(4034M) 4.186ms
[279.210s][info][gc,cpu         ] GC(181) User=0.09s Sys=0.00s Real=0.00s
[279.586s][info][gc,start       ] GC(182) Pause Young (Allocation Failure)
[279.598s][info][gc,heap        ] GC(182) PSYoungGen: 1295061K(1334784K)->49461K(1319424K) Eden: 1269760K(1269760K)->0K(1269760K) From: 25301K(65024K)->49461K(49664K)
[279.598s][info][gc,heap        ] GC(182) ParOldGen: 72909K(2796544K)->97076K(2796544K)
[279.598s][info][gc,metaspace   ] GC(182) Metaspace: 129729K(131520K)->129729K(131520K) NonClass: 113320K(113920K)->113320K(113920K) Class: 16408K(17600K)->16408K(17600K)
[279.598s][info][gc             ] GC(182) Pause Young (Allocation Failure) 1335M->143M(4019M) 11.153ms
[279.598s][info][gc,cpu         ] GC(182) User=0.00s Sys=0.00s Real=0.01s
[284.468s][info][gc,start       ] GC(183) Pause Young (Allocation Failure)
[284.475s][info][gc,heap        ] GC(183) PSYoungGen: 1319221K(1319424K)->11376K(1331200K) Eden: 1269760K(1269760K)->0K(1261568K) From: 49461K(49664K)->11376K(69632K)
[284.475s][info][gc,heap        ] GC(183) ParOldGen: 97076K(2796544K)->124796K(2796544K)
[284.475s][info][gc,metaspace   ] GC(183) Metaspace: 129729K(131520K)->129729K(131520K) NonClass: 113320K(113920K)->113320K(113920K) Class: 16408K(17600K)->16408K(17600K)
[284.475s][info][gc             ] GC(183) Pause Young (Allocation Failure) 1383M->132M(4031M) 7.133ms
[284.475s][info][gc,cpu         ] GC(183) User=0.09s Sys=0.00s Real=0.02s
[286.110s][info][gc,start       ] GC(184) Pause Young (System.gc())
[286.113s][info][gc,heap        ] GC(184) PSYoungGen: 559315K(1331200K)->2971K(1328128K) Eden: 547938K(1261568K)->0K(1261568K) From: 11376K(69632K)->2971K(66560K)
[286.113s][info][gc,heap        ] GC(184) ParOldGen: 124796K(2796544K)->131365K(2796544K)
[286.113s][info][gc,metaspace   ] GC(184) Metaspace: 129734K(131520K)->129734K(131520K) NonClass: 113325K(113920K)->113325K(113920K) Class: 16408K(17600K)->16408K(17600K)
[286.113s][info][gc             ] GC(184) Pause Young (System.gc()) 668M->131M(4028M) 3.127ms
[286.113s][info][gc,cpu         ] GC(184) User=0.00s Sys=0.00s Real=0.00s
[286.113s][info][gc,start       ] GC(185) Pause Full (System.gc())
[286.113s][info][gc,phases,start] GC(185) Marking Phase
[286.150s][info][gc,phases      ] GC(185) Marking Phase 37.192ms
[286.150s][info][gc,phases,start] GC(185) Summary Phase
[286.150s][info][gc,phases      ] GC(185) Summary Phase 0.022ms
[286.150s][info][gc,phases,start] GC(185) Adjust Roots
[286.166s][info][gc,phases      ] GC(185) Adjust Roots 15.129ms
[286.166s][info][gc,phases,start] GC(185) Compaction Phase
[286.180s][info][gc,phases      ] GC(185) Compaction Phase 13.821ms
[286.180s][info][gc,phases,start] GC(185) Post Compact
[286.181s][info][gc,phases      ] GC(185) Post Compact 1.055ms
[286.181s][info][gc,heap        ] GC(185) PSYoungGen: 2971K(1328128K)->0K(1328128K) Eden: 0K(1261568K)->0K(1261568K) From: 2971K(66560K)->0K(66560K)
[286.181s][info][gc,heap        ] GC(185) ParOldGen: 131365K(2796544K)->73270K(2796544K)
[286.181s][info][gc,metaspace   ] GC(185) Metaspace: 129734K(131520K)->129734K(131520K) NonClass: 113325K(113920K)->113325K(113920K) Class: 16408K(17600K)->16408K(17600K)
[286.181s][info][gc             ] GC(185) Pause Full (System.gc()) 131M->71M(4028M) 67.541ms
[286.181s][info][gc,cpu         ] GC(185) User=0.23s Sys=0.00s Real=0.07s
[286.670s][info][gc,start       ] GC(186) Pause Young (Allocation Failure)
[286.674s][info][gc,heap        ] GC(186) PSYoungGen: 1261568K(1328128K)->24703K(1334784K) Eden: 1261568K(1261568K)->0K(1269248K) From: 0K(66560K)->24703K(65536K)
[286.674s][info][gc,heap        ] GC(186) ParOldGen: 73270K(2796544K)->73270K(2796544K)
[286.674s][info][gc,metaspace   ] GC(186) Metaspace: 129752K(131584K)->129752K(131584K) NonClass: 113344K(113984K)->113344K(113984K) Class: 16408K(17600K)->16408K(17600K)
[286.674s][info][gc             ] GC(186) Pause Young (Allocation Failure) 1303M->95M(4034M) 3.948ms
[286.674s][info][gc,cpu         ] GC(186) User=0.00s Sys=0.00s Real=0.01s
[287.063s][info][gc,start       ] GC(187) Pause Young (Allocation Failure)
[287.074s][info][gc,heap        ] GC(187) PSYoungGen: 1293951K(1334784K)->47880K(1317376K) Eden: 1269248K(1269248K)->0K(1269248K) From: 24703K(65536K)->47880K(48128K)
[287.074s][info][gc,heap        ] GC(187) ParOldGen: 73270K(2796544K)->97439K(2796544K)
[287.074s][info][gc,metaspace   ] GC(187) Metaspace: 129752K(131584K)->129752K(131584K) NonClass: 113344K(113984K)->113344K(113984K) Class: 16408K(17600K)->16408K(17600K)
[287.074s][info][gc             ] GC(187) Pause Young (Allocation Failure) 1335M->141M(4017M) 10.876ms
[287.074s][info][gc,cpu         ] GC(187) User=0.06s Sys=0.02s Real=0.02s
[291.999s][info][gc,start       ] GC(188) Pause Young (Allocation Failure)
[292.005s][info][gc,heap        ] GC(188) PSYoungGen: 1317128K(1317376K)->8523K(1331200K) Eden: 1269248K(1269248K)->0K(1262592K) From: 47880K(48128K)->8523K(68608K)
[292.005s][info][gc,heap        ] GC(188) ParOldGen: 97439K(2796544K)->125176K(2796544K)
[292.005s][info][gc,metaspace   ] GC(188) Metaspace: 129755K(131584K)->129755K(131584K) NonClass: 113347K(113984K)->113347K(113984K) Class: 16408K(17600K)->16408K(17600K)
[292.005s][info][gc             ] GC(188) Pause Young (Allocation Failure) 1381M->130M(4031M) 6.600ms
[292.005s][info][gc,cpu         ] GC(188) User=0.08s Sys=0.02s Real=0.01s
[293.760s][info][gc,start       ] GC(189) Pause Young (System.gc())
[293.763s][info][gc,heap        ] GC(189) PSYoungGen: 570267K(1331200K)->2995K(1329152K) Eden: 561743K(1262592K)->0K(1262592K) From: 8523K(68608K)->2995K(66560K)
[293.763s][info][gc,heap        ] GC(189) ParOldGen: 125176K(2796544K)->131748K(2796544K)
[293.763s][info][gc,metaspace   ] GC(189) Metaspace: 129760K(131584K)->129760K(131584K) NonClass: 113351K(113984K)->113351K(113984K) Class: 16408K(17600K)->16408K(17600K)
[293.763s][info][gc             ] GC(189) Pause Young (System.gc()) 679M->131M(4029M) 2.867ms
[293.763s][info][gc,cpu         ] GC(189) User=0.00s Sys=0.00s Real=0.00s
[293.763s][info][gc,start       ] GC(190) Pause Full (System.gc())
[293.763s][info][gc,phases,start] GC(190) Marking Phase
[293.799s][info][gc,phases      ] GC(190) Marking Phase 36.005ms
[293.799s][info][gc,phases,start] GC(190) Summary Phase
[293.799s][info][gc,phases      ] GC(190) Summary Phase 0.011ms
[293.799s][info][gc,phases,start] GC(190) Adjust Roots
[293.813s][info][gc,phases      ] GC(190) Adjust Roots 14.320ms
[293.814s][info][gc,phases,start] GC(190) Compaction Phase
[293.827s][info][gc,phases      ] GC(190) Compaction Phase 13.800ms
[293.827s][info][gc,phases,start] GC(190) Post Compact
[293.828s][info][gc,phases      ] GC(190) Post Compact 1.062ms
[293.829s][info][gc,heap        ] GC(190) PSYoungGen: 2995K(1329152K)->0K(1329152K) Eden: 0K(1262592K)->0K(1262592K) From: 2995K(66560K)->0K(66560K)
[293.829s][info][gc,heap        ] GC(190) ParOldGen: 131748K(2796544K)->72994K(2796544K)
[293.829s][info][gc,metaspace   ] GC(190) Metaspace: 129760K(131584K)->129760K(131584K) NonClass: 113351K(113984K)->113351K(113984K) Class: 16408K(17600K)->16408K(17600K)
[293.829s][info][gc             ] GC(190) Pause Full (System.gc()) 131M->71M(4029M) 65.547ms
[293.829s][info][gc,cpu         ] GC(190) User=0.22s Sys=0.00s Real=0.06s
[294.309s][info][gc,start       ] GC(191) Pause Young (Allocation Failure)
[294.313s][info][gc,heap        ] GC(191) PSYoungGen: 1262592K(1329152K)->25180K(1334784K) Eden: 1262592K(1262592K)->0K(1269248K) From: 0K(66560K)->25180K(65536K)
[294.313s][info][gc,heap        ] GC(191) ParOldGen: 72994K(2796544K)->73002K(2796544K)
[294.313s][info][gc,metaspace   ] GC(191) Metaspace: 129855K(131648K)->129855K(131648K) NonClass: 113446K(114048K)->113446K(114048K) Class: 16408K(17600K)->16408K(17600K)
[294.313s][info][gc             ] GC(191) Pause Young (Allocation Failure) 1304M->95M(4034M) 4.194ms
[294.313s][info][gc,cpu         ] GC(191) User=0.00s Sys=0.00s Real=0.00s
[294.682s][info][gc,start       ] GC(192) Pause Young (Allocation Failure)
[294.693s][info][gc,heap        ] GC(192) PSYoungGen: 1294428K(1334784K)->48917K(1318400K) Eden: 1269248K(1269248K)->0K(1269248K) From: 25180K(65536K)->48917K(49152K)
[294.693s][info][gc,heap        ] GC(192) ParOldGen: 73002K(2796544K)->97169K(2796544K)
[294.693s][info][gc,metaspace   ] GC(192) Metaspace: 129856K(131648K)->129856K(131648K) NonClass: 113447K(114048K)->113447K(114048K) Class: 16408K(17600K)->16408K(17600K)
[294.693s][info][gc             ] GC(192) Pause Young (Allocation Failure) 1335M->142M(4018M) 11.080ms
[294.693s][info][gc,cpu         ] GC(192) User=0.09s Sys=0.00s Real=0.02s
[299.602s][info][gc,start       ] GC(193) Pause Young (Allocation Failure)
[299.609s][info][gc,heap        ] GC(193) PSYoungGen: 1318165K(1318400K)->10136K(1330688K) Eden: 1269248K(1269248K)->0K(1261568K) From: 48917K(49152K)->10136K(69120K)
[299.609s][info][gc,heap        ] GC(193) ParOldGen: 97169K(2796544K)->125679K(2796544K)
[299.609s][info][gc,metaspace   ] GC(193) Metaspace: 129856K(131648K)->129856K(131648K) NonClass: 113447K(114048K)->113447K(114048K) Class: 16408K(17600K)->16408K(17600K)
[299.609s][info][gc             ] GC(193) Pause Young (Allocation Failure) 1382M->132M(4030M) 6.724ms
[299.609s][info][gc,cpu         ] GC(193) User=0.00s Sys=0.00s Real=0.01s
[301.290s][info][gc,start       ] GC(194) Pause Young (System.gc())
[301.293s][info][gc,heap        ] GC(194) PSYoungGen: 561141K(1330688K)->3035K(1328640K) Eden: 551004K(1261568K)->0K(1261568K) From: 10136K(69120K)->3035K(67072K)
[301.293s][info][gc,heap        ] GC(194) ParOldGen: 125679K(2796544K)->131451K(2796544K)
[301.293s][info][gc,metaspace   ] GC(194) Metaspace: 129874K(131712K)->129874K(131712K) NonClass: 113465K(114112K)->113465K(114112K) Class: 16408K(17600K)->16408K(17600K)
[301.293s][info][gc             ] GC(194) Pause Young (System.gc()) 670M->131M(4028M) 3.447ms
[301.293s][info][gc,cpu         ] GC(194) User=0.00s Sys=0.00s Real=0.01s
[301.293s][info][gc,start       ] GC(195) Pause Full (System.gc())
[301.293s][info][gc,phases,start] GC(195) Marking Phase
[301.329s][info][gc,phases      ] GC(195) Marking Phase 35.726ms
[301.329s][info][gc,phases,start] GC(195) Summary Phase
[301.329s][info][gc,phases      ] GC(195) Summary Phase 0.011ms
[301.329s][info][gc,phases,start] GC(195) Adjust Roots
[301.344s][info][gc,phases      ] GC(195) Adjust Roots 14.482ms
[301.344s][info][gc,phases,start] GC(195) Compaction Phase
[301.356s][info][gc,phases      ] GC(195) Compaction Phase 11.821ms
[301.356s][info][gc,phases,start] GC(195) Post Compact
[301.357s][info][gc,phases      ] GC(195) Post Compact 1.100ms
[301.357s][info][gc,heap        ] GC(195) PSYoungGen: 3035K(1328640K)->0K(1328640K) Eden: 0K(1261568K)->0K(1261568K) From: 3035K(67072K)->0K(67072K)
[301.357s][info][gc,heap        ] GC(195) ParOldGen: 131451K(2796544K)->73357K(2796544K)
[301.357s][info][gc,metaspace   ] GC(195) Metaspace: 129874K(131712K)->129874K(131712K) NonClass: 113465K(114112K)->113465K(114112K) Class: 16408K(17600K)->16408K(17600K)
[301.357s][info][gc             ] GC(195) Pause Full (System.gc()) 131M->71M(4028M) 63.484ms
[301.357s][info][gc,cpu         ] GC(195) User=0.22s Sys=0.00s Real=0.06s
[301.846s][info][gc,start       ] GC(196) Pause Young (Allocation Failure)
[301.850s][info][gc,heap        ] GC(196) PSYoungGen: 1259014K(1328640K)->24380K(1335296K) Eden: 1259014K(1261568K)->0K(1269760K) From: 0K(67072K)->24380K(65536K)
[301.850s][info][gc,heap        ] GC(196) ParOldGen: 73357K(2796544K)->73357K(2796544K)
[301.850s][info][gc,metaspace   ] GC(196) Metaspace: 129896K(131712K)->129896K(131712K) NonClass: 113487K(114112K)->113487K(114112K) Class: 16408K(17600K)->16408K(17600K)
[301.850s][info][gc             ] GC(196) Pause Young (Allocation Failure) 1301M->95M(4035M) 4.048ms
[301.850s][info][gc,cpu         ] GC(196) User=0.09s Sys=0.00s Real=0.00s
[302.238s][info][gc,start       ] GC(197) Pause Young (Allocation Failure)
[302.249s][info][gc,heap        ] GC(197) PSYoungGen: 1294140K(1335296K)->48466K(1318400K) Eden: 1269760K(1269760K)->0K(1269760K) From: 24380K(65536K)->48466K(48640K)
[302.249s][info][gc,heap        ] GC(197) ParOldGen: 73357K(2796544K)->97526K(2796544K)
[302.249s][info][gc,metaspace   ] GC(197) Metaspace: 129896K(131712K)->129896K(131712K) NonClass: 113487K(114112K)->113487K(114112K) Class: 16408K(17600K)->16408K(17600K)
[302.249s][info][gc             ] GC(197) Pause Young (Allocation Failure) 1335M->142M(4018M) 10.863ms
[302.249s][info][gc,cpu         ] GC(197) User=0.09s Sys=0.00s Real=0.01s
[307.242s][info][gc,start       ] GC(198) Pause Young (Allocation Failure)
[307.249s][info][gc,heap        ] GC(198) PSYoungGen: 1318226K(1318400K)->10340K(1331200K) Eden: 1269760K(1269760K)->0K(1262592K) From: 48466K(48640K)->10340K(68608K)
[307.249s][info][gc,heap        ] GC(198) ParOldGen: 97526K(2796544K)->123700K(2796544K)
[307.249s][info][gc,metaspace   ] GC(198) Metaspace: 129896K(131712K)->129896K(131712K) NonClass: 113487K(114112K)->113487K(114112K) Class: 16408K(17600K)->16408K(17600K)
[307.249s][info][gc             ] GC(198) Pause Young (Allocation Failure) 1382M->130M(4031M) 6.781ms
[307.249s][info][gc,cpu         ] GC(198) User=0.00s Sys=0.00s Real=0.01s
[308.933s][info][gc,start       ] GC(199) Pause Young (System.gc())
[308.936s][info][gc,heap        ] GC(199) PSYoungGen: 574641K(1331200K)->3010K(1329152K) Eden: 564300K(1262592K)->0K(1262592K) From: 10340K(68608K)->3010K(66560K)
[308.936s][info][gc,heap        ] GC(199) ParOldGen: 123700K(2796544K)->131831K(2796544K)
[308.936s][info][gc,metaspace   ] GC(199) Metaspace: 129899K(131712K)->129899K(131712K) NonClass: 113490K(114112K)->113490K(114112K) Class: 16408K(17600K)->16408K(17600K)
[308.936s][info][gc             ] GC(199) Pause Young (System.gc()) 681M->131M(4029M) 3.739ms
[308.936s][info][gc,cpu         ] GC(199) User=0.00s Sys=0.00s Real=0.00s
[308.937s][info][gc,start       ] GC(200) Pause Full (System.gc())
[308.937s][info][gc,phases,start] GC(200) Marking Phase
[308.973s][info][gc,phases      ] GC(200) Marking Phase 36.416ms
[308.973s][info][gc,phases,start] GC(200) Summary Phase
[308.973s][info][gc,phases      ] GC(200) Summary Phase 0.011ms
[308.973s][info][gc,phases,start] GC(200) Adjust Roots
[308.988s][info][gc,phases      ] GC(200) Adjust Roots 14.842ms
[308.988s][info][gc,phases,start] GC(200) Compaction Phase
[309.003s][info][gc,phases      ] GC(200) Compaction Phase 15.200ms
[309.003s][info][gc,phases,start] GC(200) Post Compact
[309.004s][info][gc,phases      ] GC(200) Post Compact 1.167ms
[309.004s][info][gc,heap        ] GC(200) PSYoungGen: 3010K(1329152K)->0K(1329152K) Eden: 0K(1262592K)->0K(1262592K) From: 3010K(66560K)->0K(66560K)
[309.004s][info][gc,heap        ] GC(200) ParOldGen: 131831K(2796544K)->73075K(2796544K)
[309.004s][info][gc,metaspace   ] GC(200) Metaspace: 129899K(131712K)->129899K(131712K) NonClass: 113490K(114112K)->113490K(114112K) Class: 16408K(17600K)->16408K(17600K)
[309.004s][info][gc             ] GC(200) Pause Full (System.gc()) 131M->71M(4029M) 67.969ms
[309.005s][info][gc,cpu         ] GC(200) User=0.27s Sys=0.02s Real=0.07s
[309.472s][info][gc,start       ] GC(201) Pause Young (Allocation Failure)
[309.476s][info][gc,heap        ] GC(201) PSYoungGen: 1262592K(1329152K)->25423K(1334784K) Eden: 1262592K(1262592K)->0K(1269248K) From: 0K(66560K)->25423K(65536K)
[309.476s][info][gc,heap        ] GC(201) ParOldGen: 73075K(2796544K)->73075K(2796544K)
[309.476s][info][gc,metaspace   ] GC(201) Metaspace: 129925K(131712K)->129925K(131712K) NonClass: 113516K(114112K)->113516K(114112K) Class: 16408K(17600K)->16408K(17600K)
[309.476s][info][gc             ] GC(201) Pause Young (Allocation Failure) 1304M->96M(4034M) 4.373ms
[309.477s][info][gc,cpu         ] GC(201) User=0.09s Sys=0.00s Real=0.00s
[309.854s][info][gc,start       ] GC(202) Pause Young (Allocation Failure)
[309.864s][info][gc,heap        ] GC(202) PSYoungGen: 1293947K(1334784K)->45755K(1315328K) Eden: 1268524K(1269248K)->0K(1269248K) From: 25423K(65536K)->45755K(46080K)
[309.864s][info][gc,heap        ] GC(202) ParOldGen: 73075K(2796544K)->97242K(2796544K)
[309.864s][info][gc,metaspace   ] GC(202) Metaspace: 129925K(131712K)->129925K(131712K) NonClass: 113516K(114112K)->113516K(114112K) Class: 16408K(17600K)->16408K(17600K)
[309.865s][info][gc             ] GC(202) Pause Young (Allocation Failure) 1334M->139M(4015M) 10.981ms
[309.865s][info][gc,cpu         ] GC(202) User=0.02s Sys=0.00s Real=0.01s
[314.728s][info][gc,start       ] GC(203) Pause Young (Allocation Failure)
[314.734s][info][gc,heap        ] GC(203) PSYoungGen: 1315003K(1315328K)->8343K(1331712K) Eden: 1269248K(1269248K)->0K(1263616K) From: 45755K(46080K)->8343K(68096K)
[314.734s][info][gc,heap        ] GC(203) ParOldGen: 97242K(2796544K)->125032K(2796544K)
[314.734s][info][gc,metaspace   ] GC(203) Metaspace: 129928K(131712K)->129928K(131712K) NonClass: 113520K(114112K)->113520K(114112K) Class: 16408K(17600K)->16408K(17600K)
[314.734s][info][gc             ] GC(203) Pause Young (Allocation Failure) 1379M->130M(4031M) 5.956ms
[314.734s][info][gc,cpu         ] GC(203) User=0.00s Sys=0.00s Real=0.01s
[316.402s][info][gc,start       ] GC(204) Pause Young (System.gc())
[316.405s][info][gc,heap        ] GC(204) PSYoungGen: 569360K(1331712K)->2995K(1329664K) Eden: 561017K(1263616K)->0K(1263616K) From: 8343K(68096K)->2995K(66048K)
[316.405s][info][gc,heap        ] GC(204) ParOldGen: 125032K(2796544K)->131555K(2796544K)
[316.405s][info][gc,metaspace   ] GC(204) Metaspace: 129943K(131776K)->129943K(131776K) NonClass: 113534K(114176K)->113534K(114176K) Class: 16408K(17600K)->16408K(17600K)
[316.405s][info][gc             ] GC(204) Pause Young (System.gc()) 678M->131M(4029M) 2.850ms
[316.405s][info][gc,cpu         ] GC(204) User=0.00s Sys=0.00s Real=0.00s
[316.405s][info][gc,start       ] GC(205) Pause Full (System.gc())
[316.405s][info][gc,phases,start] GC(205) Marking Phase
[316.441s][info][gc,phases      ] GC(205) Marking Phase 35.485ms
[316.441s][info][gc,phases,start] GC(205) Summary Phase
[316.441s][info][gc,phases      ] GC(205) Summary Phase 0.011ms
[316.441s][info][gc,phases,start] GC(205) Adjust Roots
[316.456s][info][gc,phases      ] GC(205) Adjust Roots 15.216ms
[316.456s][info][gc,phases,start] GC(205) Compaction Phase
[316.468s][info][gc,phases      ] GC(205) Compaction Phase 12.400ms
[316.468s][info][gc,phases,start] GC(205) Post Compact
[316.469s][info][gc,phases      ] GC(205) Post Compact 1.058ms
[316.469s][info][gc,heap        ] GC(205) PSYoungGen: 2995K(1329664K)->0K(1329664K) Eden: 0K(1263616K)->0K(1263616K) From: 2995K(66048K)->0K(66048K)
[316.470s][info][gc,heap        ] GC(205) ParOldGen: 131555K(2796544K)->72648K(2796544K)
[316.470s][info][gc,metaspace   ] GC(205) Metaspace: 129943K(131776K)->129943K(131776K) NonClass: 113534K(114176K)->113534K(114176K) Class: 16408K(17600K)->16408K(17600K)
[316.470s][info][gc             ] GC(205) Pause Full (System.gc()) 131M->70M(4029M) 64.533ms
[316.470s][info][gc,cpu         ] GC(205) User=0.30s Sys=0.00s Real=0.06s
[316.949s][info][gc,start       ] GC(206) Pause Young (Allocation Failure)
[316.953s][info][gc,heap        ] GC(206) PSYoungGen: 1263616K(1329664K)->24979K(1335808K) Eden: 1263616K(1263616K)->0K(1271296K) From: 0K(66048K)->24979K(64512K)
[316.953s][info][gc,heap        ] GC(206) ParOldGen: 72648K(2796544K)->72648K(2796544K)
[316.953s][info][gc,metaspace   ] GC(206) Metaspace: 130075K(131904K)->130075K(131904K) NonClass: 113666K(114304K)->113666K(114304K) Class: 16408K(17600K)->16408K(17600K)
[316.953s][info][gc             ] GC(206) Pause Young (Allocation Failure) 1304M->95M(4035M) 4.114ms
[316.953s][info][gc,cpu         ] GC(206) User=0.00s Sys=0.00s Real=0.00s
[317.323s][info][gc,start       ] GC(207) Pause Young (Allocation Failure)
[317.334s][info][gc,heap        ] GC(207) PSYoungGen: 1296275K(1335808K)->48030K(1319424K) Eden: 1271296K(1271296K)->0K(1271296K) From: 24979K(64512K)->48030K(48128K)
[317.334s][info][gc,heap        ] GC(207) ParOldGen: 72648K(2796544K)->96822K(2796544K)
[317.334s][info][gc,metaspace   ] GC(207) Metaspace: 130075K(131904K)->130075K(131904K) NonClass: 113666K(114304K)->113666K(114304K) Class: 16408K(17600K)->16408K(17600K)
[317.334s][info][gc             ] GC(207) Pause Young (Allocation Failure) 1336M->141M(4019M) 10.981ms
[317.334s][info][gc,cpu         ] GC(207) User=0.09s Sys=0.00s Real=0.01s
[322.285s][info][gc,start       ] GC(208) Pause Young (Allocation Failure)
[322.293s][info][gc,heap        ] GC(208) PSYoungGen: 1319326K(1319424K)->9648K(1331712K) Eden: 1271296K(1271296K)->0K(1263616K) From: 48030K(48128K)->9648K(68096K)
[322.293s][info][gc,heap        ] GC(208) ParOldGen: 96822K(2796544K)->128449K(2796544K)
[322.293s][info][gc,metaspace   ] GC(208) Metaspace: 130075K(131904K)->130075K(131904K) NonClass: 113666K(114304K)->113666K(114304K) Class: 16408K(17600K)->16408K(17600K)
[322.293s][info][gc             ] GC(208) Pause Young (Allocation Failure) 1382M->134M(4031M) 8.785ms
[322.293s][info][gc,cpu         ] GC(208) User=0.03s Sys=0.00s Real=0.01s
[323.903s][info][gc,start       ] GC(209) Pause Young (System.gc())
[323.905s][info][gc,heap        ] GC(209) PSYoungGen: 549374K(1331712K)->2971K(1329664K) Eden: 539725K(1263616K)->0K(1263616K) From: 9648K(68096K)->2971K(66048K)
[323.905s][info][gc,heap        ] GC(209) ParOldGen: 128449K(2796544K)->131098K(2796544K)
[323.905s][info][gc,metaspace   ] GC(209) Metaspace: 130081K(131904K)->130081K(131904K) NonClass: 113672K(114304K)->113672K(114304K) Class: 16408K(17600K)->16408K(17600K)
[323.905s][info][gc             ] GC(209) Pause Young (System.gc()) 661M->130M(4029M) 2.776ms
[323.905s][info][gc,cpu         ] GC(209) User=0.00s Sys=0.00s Real=0.00s
[323.906s][info][gc,start       ] GC(210) Pause Full (System.gc())
[323.906s][info][gc,phases,start] GC(210) Marking Phase
[323.941s][info][gc,phases      ] GC(210) Marking Phase 35.521ms
[323.941s][info][gc,phases,start] GC(210) Summary Phase
[323.941s][info][gc,phases      ] GC(210) Summary Phase 0.011ms
[323.941s][info][gc,phases,start] GC(210) Adjust Roots
[323.956s][info][gc,phases      ] GC(210) Adjust Roots 14.946ms
[323.956s][info][gc,phases,start] GC(210) Compaction Phase
[323.971s][info][gc,phases      ] GC(210) Compaction Phase 14.674ms
[323.971s][info][gc,phases,start] GC(210) Post Compact
[323.972s][info][gc,phases      ] GC(210) Post Compact 1.055ms
[323.972s][info][gc,heap        ] GC(210) PSYoungGen: 2971K(1329664K)->0K(1329664K) Eden: 0K(1263616K)->0K(1263616K) From: 2971K(66048K)->0K(66048K)
[323.972s][info][gc,heap        ] GC(210) ParOldGen: 131098K(2796544K)->73015K(2796544K)
[323.972s][info][gc,metaspace   ] GC(210) Metaspace: 130081K(131904K)->130081K(131904K) NonClass: 113672K(114304K)->113672K(114304K) Class: 16408K(17600K)->16408K(17600K)
[323.972s][info][gc             ] GC(210) Pause Full (System.gc()) 130M->71M(4029M) 66.553ms
[323.972s][info][gc,cpu         ] GC(210) User=0.23s Sys=0.00s Real=0.07s
[324.461s][info][gc,start       ] GC(211) Pause Young (Allocation Failure)
[324.466s][info][gc,heap        ] GC(211) PSYoungGen: 1263616K(1329664K)->25294K(1335296K) Eden: 1263616K(1263616K)->0K(1270272K) From: 0K(66048K)->25294K(65024K)
[324.466s][info][gc,heap        ] GC(211) ParOldGen: 73015K(2796544K)->73023K(2796544K)
[324.466s][info][gc,metaspace   ] GC(211) Metaspace: 130132K(131904K)->130132K(131904K) NonClass: 113723K(114304K)->113723K(114304K) Class: 16408K(17600K)->16408K(17600K)
[324.466s][info][gc             ] GC(211) Pause Young (Allocation Failure) 1305M->96M(4035M) 4.196ms
[324.466s][info][gc,cpu         ] GC(211) User=0.00s Sys=0.00s Real=0.00s
[324.846s][info][gc,start       ] GC(212) Pause Young (Allocation Failure)
[324.857s][info][gc,heap        ] GC(212) PSYoungGen: 1295566K(1335296K)->47884K(1318400K) Eden: 1270272K(1270272K)->0K(1270272K) From: 25294K(65024K)->47884K(48128K)
[324.857s][info][gc,heap        ] GC(212) ParOldGen: 73023K(2796544K)->97187K(2796544K)
[324.857s][info][gc,metaspace   ] GC(212) Metaspace: 130132K(131968K)->130132K(131968K) NonClass: 113723K(114368K)->113723K(114368K) Class: 16408K(17600K)->16408K(17600K)
[324.857s][info][gc             ] GC(212) Pause Young (Allocation Failure) 1336M->141M(4018M) 10.950ms
[324.857s][info][gc,cpu         ] GC(212) User=0.09s Sys=0.00s Real=0.01s
[329.732s][info][gc,start       ] GC(213) Pause Young (Allocation Failure)
[329.739s][info][gc,heap        ] GC(213) PSYoungGen: 1318156K(1318400K)->10235K(1331712K) Eden: 1270272K(1270272K)->0K(1263104K) From: 47884K(48128K)->10235K(68608K)
[329.739s][info][gc,heap        ] GC(213) ParOldGen: 97187K(2796544K)->126478K(2796544K)
[329.739s][info][gc,metaspace   ] GC(213) Metaspace: 130134K(131968K)->130134K(131968K) NonClass: 113725K(114368K)->113725K(114368K) Class: 16408K(17600K)->16408K(17600K)
[329.739s][info][gc             ] GC(213) Pause Young (Allocation Failure) 1382M->133M(4031M) 7.545ms
[329.739s][info][gc,cpu         ] GC(213) User=0.08s Sys=0.00s Real=0.01s
[331.377s][info][gc,start       ] GC(214) Pause Young (System.gc())
[331.379s][info][gc,heap        ] GC(214) PSYoungGen: 555629K(1331712K)->3074K(1329152K) Eden: 545394K(1263104K)->0K(1263104K) From: 10235K(68608K)->3074K(66048K)
[331.379s][info][gc,heap        ] GC(214) ParOldGen: 126478K(2796544K)->131430K(2796544K)
[331.379s][info][gc,metaspace   ] GC(214) Metaspace: 130136K(131968K)->130136K(131968K) NonClass: 113727K(114368K)->113727K(114368K) Class: 16408K(17600K)->16408K(17600K)
[331.379s][info][gc             ] GC(214) Pause Young (System.gc()) 666M->131M(4029M) 2.470ms
[331.379s][info][gc,cpu         ] GC(214) User=0.00s Sys=0.00s Real=0.00s
[331.379s][info][gc,start       ] GC(215) Pause Full (System.gc())
[331.379s][info][gc,phases,start] GC(215) Marking Phase
[331.415s][info][gc,phases      ] GC(215) Marking Phase 35.639ms
[331.415s][info][gc,phases,start] GC(215) Summary Phase
[331.415s][info][gc,phases      ] GC(215) Summary Phase 0.011ms
[331.415s][info][gc,phases,start] GC(215) Adjust Roots
[331.429s][info][gc,phases      ] GC(215) Adjust Roots 14.025ms
[331.429s][info][gc,phases,start] GC(215) Compaction Phase
[331.441s][info][gc,phases      ] GC(215) Compaction Phase 11.999ms
[331.441s][info][gc,phases,start] GC(215) Post Compact
[331.442s][info][gc,phases      ] GC(215) Post Compact 1.173ms
[331.442s][info][gc,heap        ] GC(215) PSYoungGen: 3074K(1329152K)->0K(1329152K) Eden: 0K(1263104K)->0K(1263104K) From: 3074K(66048K)->0K(66048K)
[331.442s][info][gc,heap        ] GC(215) ParOldGen: 131430K(2796544K)->72735K(2796544K)
[331.442s][info][gc,metaspace   ] GC(215) Metaspace: 130136K(131968K)->130136K(131968K) NonClass: 113727K(114368K)->113727K(114368K) Class: 16408K(17600K)->16408K(17600K)
[331.442s][info][gc             ] GC(215) Pause Full (System.gc()) 131M->71M(4029M) 63.187ms
[331.442s][info][gc,cpu         ] GC(215) User=0.14s Sys=0.00s Real=0.06s
[331.929s][info][gc,start       ] GC(216) Pause Young (Allocation Failure)
[331.933s][info][gc,heap        ] GC(216) PSYoungGen: 1263104K(1329152K)->25414K(1335296K) Eden: 1263104K(1263104K)->0K(1270272K) From: 0K(66048K)->25414K(65024K)
[331.933s][info][gc,heap        ] GC(216) ParOldGen: 72735K(2796544K)->72735K(2796544K)
[331.933s][info][gc,metaspace   ] GC(216) Metaspace: 130181K(131968K)->130181K(131968K) NonClass: 113772K(114368K)->113772K(114368K) Class: 16408K(17600K)->16408K(17600K)
[331.933s][info][gc             ] GC(216) Pause Young (Allocation Failure) 1304M->95M(4035M) 4.241ms
[331.933s][info][gc,cpu         ] GC(216) User=0.00s Sys=0.00s Real=0.00s
[332.317s][info][gc,start       ] GC(217) Pause Young (Allocation Failure)
[332.329s][info][gc,heap        ] GC(217) PSYoungGen: 1295510K(1335296K)->54685K(1325056K) Eden: 1270095K(1270272K)->0K(1270272K) From: 25414K(65024K)->54685K(54784K)
[332.329s][info][gc,heap        ] GC(217) ParOldGen: 72735K(2796544K)->96896K(2796544K)
[332.329s][info][gc,metaspace   ] GC(217) Metaspace: 130181K(131968K)->130181K(131968K) NonClass: 113772K(114368K)->113772K(114368K) Class: 16408K(17600K)->16408K(17600K)
[332.329s][info][gc             ] GC(217) Pause Young (Allocation Failure) 1336M->148M(4025M) 11.735ms
[332.329s][info][gc,cpu         ] GC(217) User=0.02s Sys=0.00s Real=0.01s
[337.340s][info][gc,start       ] GC(218) Pause Young (Allocation Failure)
[337.347s][info][gc,heap        ] GC(218) PSYoungGen: 1324957K(1325056K)->8664K(1329152K) Eden: 1270272K(1270272K)->0K(1258496K) From: 54685K(54784K)->8664K(70656K)
[337.347s][info][gc,heap        ] GC(218) ParOldGen: 96896K(2796544K)->127009K(2796544K)
[337.347s][info][gc,metaspace   ] GC(218) Metaspace: 130182K(131968K)->130182K(131968K) NonClass: 113773K(114368K)->113773K(114368K) Class: 16408K(17600K)->16408K(17600K)
[337.347s][info][gc             ] GC(218) Pause Young (Allocation Failure) 1388M->132M(4029M) 6.550ms
[337.347s][info][gc,cpu         ] GC(218) User=0.00s Sys=0.00s Real=0.01s
[339.005s][info][gc,start       ] GC(219) Pause Young (System.gc())
[339.007s][info][gc,heap        ] GC(219) PSYoungGen: 562884K(1329152K)->3042K(1327104K) Eden: 554220K(1258496K)->0K(1258496K) From: 8664K(70656K)->3042K(68608K)
[339.007s][info][gc,heap        ] GC(219) ParOldGen: 127009K(2796544K)->131172K(2796544K)
[339.007s][info][gc,metaspace   ] GC(219) Metaspace: 130207K(132032K)->130207K(132032K) NonClass: 113799K(114432K)->113799K(114432K) Class: 16408K(17600K)->16408K(17600K)
[339.007s][info][gc             ] GC(219) Pause Young (System.gc()) 673M->131M(4027M) 2.769ms
[339.008s][info][gc,cpu         ] GC(219) User=0.03s Sys=0.00s Real=0.00s
[339.008s][info][gc,start       ] GC(220) Pause Full (System.gc())
[339.008s][info][gc,phases,start] GC(220) Marking Phase
[339.043s][info][gc,phases      ] GC(220) Marking Phase 35.680ms
[339.043s][info][gc,phases,start] GC(220) Summary Phase
[339.043s][info][gc,phases      ] GC(220) Summary Phase 0.011ms
[339.043s][info][gc,phases,start] GC(220) Adjust Roots
[339.058s][info][gc,phases      ] GC(220) Adjust Roots 14.940ms
[339.058s][info][gc,phases,start] GC(220) Compaction Phase
[339.071s][info][gc,phases      ] GC(220) Compaction Phase 12.535ms
[339.071s][info][gc,phases,start] GC(220) Post Compact
[339.072s][info][gc,phases      ] GC(220) Post Compact 1.115ms
[339.072s][info][gc,heap        ] GC(220) PSYoungGen: 3042K(1327104K)->0K(1327104K) Eden: 0K(1258496K)->0K(1258496K) From: 3042K(68608K)->0K(68608K)
[339.072s][info][gc,heap        ] GC(220) ParOldGen: 131172K(2796544K)->73108K(2796544K)
[339.072s][info][gc,metaspace   ] GC(220) Metaspace: 130207K(132032K)->130207K(132032K) NonClass: 113799K(114432K)->113799K(114432K) Class: 16408K(17600K)->16408K(17600K)
[339.072s][info][gc             ] GC(220) Pause Full (System.gc()) 131M->71M(4027M) 64.633ms
[339.072s][info][gc,cpu         ] GC(220) User=0.22s Sys=0.00s Real=0.06s
[339.545s][info][gc,start       ] GC(221) Pause Young (Allocation Failure)
[339.549s][info][gc,heap        ] GC(221) PSYoungGen: 1258496K(1327104K)->24432K(1333248K) Eden: 1258496K(1258496K)->0K(1265664K) From: 0K(68608K)->24432K(67584K)
[339.549s][info][gc,heap        ] GC(221) ParOldGen: 73108K(2796544K)->73108K(2796544K)
[339.549s][info][gc,metaspace   ] GC(221) Metaspace: 130295K(132096K)->130295K(132096K) NonClass: 113886K(114496K)->113886K(114496K) Class: 16408K(17600K)->16408K(17600K)
[339.549s][info][gc             ] GC(221) Pause Young (Allocation Failure) 1300M->95M(4033M) 4.216ms
[339.549s][info][gc,cpu         ] GC(221) User=0.00s Sys=0.00s Real=0.00s
[339.943s][info][gc,start       ] GC(222) Pause Young (Allocation Failure)
[339.953s][info][gc,heap        ] GC(222) PSYoungGen: 1290096K(1333248K)->45465K(1311232K) Eden: 1265664K(1265664K)->0K(1265664K) From: 24432K(67584K)->45465K(45568K)
[339.953s][info][gc,heap        ] GC(222) ParOldGen: 73108K(2796544K)->97211K(2796544K)
[339.953s][info][gc,metaspace   ] GC(222) Metaspace: 130295K(132096K)->130295K(132096K) NonClass: 113886K(114496K)->113886K(114496K) Class: 16408K(17600K)->16408K(17600K)
[339.953s][info][gc             ] GC(222) Pause Young (Allocation Failure) 1331M->139M(4011M) 10.603ms
[339.954s][info][gc,cpu         ] GC(222) User=0.00s Sys=0.00s Real=0.02s
[344.880s][info][gc,start       ] GC(223) Pause Young (Allocation Failure)
[344.885s][info][gc,heap        ] GC(223) PSYoungGen: 1310550K(1311232K)->7188K(1330688K) Eden: 1265084K(1265664K)->0K(1261568K) From: 45465K(45568K)->7188K(69120K)
[344.885s][info][gc,heap        ] GC(223) ParOldGen: 97211K(2796544K)->125000K(2796544K)
[344.885s][info][gc,metaspace   ] GC(223) Metaspace: 130296K(132096K)->130296K(132096K) NonClass: 113888K(114496K)->113888K(114496K) Class: 16408K(17600K)->16408K(17600K)
[344.886s][info][gc             ] GC(223) Pause Young (Allocation Failure) 1374M->129M(4030M) 5.677ms
[344.886s][info][gc,cpu         ] GC(223) User=0.02s Sys=0.00s Real=0.02s
[346.566s][info][gc,start       ] GC(224) Pause Young (System.gc())
[346.569s][info][gc,heap        ] GC(224) PSYoungGen: 578368K(1330688K)->3050K(1328640K) Eden: 571180K(1261568K)->0K(1261568K) From: 7188K(69120K)->3050K(67072K)
[346.569s][info][gc,heap        ] GC(224) ParOldGen: 125000K(2796544K)->131576K(2796544K)
[346.569s][info][gc,metaspace   ] GC(224) Metaspace: 130356K(132160K)->130356K(132160K) NonClass: 113947K(114560K)->113947K(114560K) Class: 16408K(17600K)->16408K(17600K)
[346.569s][info][gc             ] GC(224) Pause Young (System.gc()) 686M->131M(4028M) 2.827ms
[346.569s][info][gc,cpu         ] GC(224) User=0.08s Sys=0.00s Real=0.00s
[346.569s][info][gc,start       ] GC(225) Pause Full (System.gc())
[346.569s][info][gc,phases,start] GC(225) Marking Phase
[346.605s][info][gc,phases      ] GC(225) Marking Phase 35.802ms
[346.605s][info][gc,phases,start] GC(225) Summary Phase
[346.605s][info][gc,phases      ] GC(225) Summary Phase 0.011ms
[346.605s][info][gc,phases,start] GC(225) Adjust Roots
[346.620s][info][gc,phases      ] GC(225) Adjust Roots 14.996ms
[346.620s][info][gc,phases,start] GC(225) Compaction Phase
[346.633s][info][gc,phases      ] GC(225) Compaction Phase 12.791ms
[346.633s][info][gc,phases,start] GC(225) Post Compact
[346.634s][info][gc,phases      ] GC(225) Post Compact 1.047ms
[346.634s][info][gc,heap        ] GC(225) PSYoungGen: 3050K(1328640K)->0K(1328640K) Eden: 0K(1261568K)->0K(1261568K) From: 3050K(67072K)->0K(67072K)
[346.634s][info][gc,heap        ] GC(225) ParOldGen: 131576K(2796544K)->72913K(2796544K)
[346.634s][info][gc,metaspace   ] GC(225) Metaspace: 130356K(132160K)->130356K(132160K) NonClass: 113947K(114560K)->113947K(114560K) Class: 16408K(17600K)->16408K(17600K)
[346.634s][info][gc             ] GC(225) Pause Full (System.gc()) 131M->71M(4028M) 64.979ms
[346.634s][info][gc,cpu         ] GC(225) User=0.19s Sys=0.03s Real=0.06s
[347.148s][info][gc,start       ] GC(226) Pause Young (Allocation Failure)
[347.152s][info][gc,heap        ] GC(226) PSYoungGen: 1261568K(1328640K)->24639K(1334784K) Eden: 1261568K(1261568K)->0K(1268736K) From: 0K(67072K)->24639K(66048K)
[347.152s][info][gc,heap        ] GC(226) ParOldGen: 72913K(2796544K)->72921K(2796544K)
[347.152s][info][gc,metaspace   ] GC(226) Metaspace: 130383K(132160K)->130383K(132160K) NonClass: 113974K(114560K)->113974K(114560K) Class: 16408K(17600K)->16408K(17600K)
[347.152s][info][gc             ] GC(226) Pause Young (Allocation Failure) 1303M->95M(4034M) 4.247ms
[347.152s][info][gc,cpu         ] GC(226) User=0.00s Sys=0.00s Real=0.01s
[347.526s][info][gc,start       ] GC(227) Pause Young (Allocation Failure)
[347.537s][info][gc,heap        ] GC(227) PSYoungGen: 1293077K(1334784K)->47368K(1316352K) Eden: 1268437K(1268736K)->0K(1268736K) From: 24639K(66048K)->47368K(47616K)
[347.537s][info][gc,heap        ] GC(227) ParOldGen: 72921K(2796544K)->97098K(2796544K)
[347.537s][info][gc,metaspace   ] GC(227) Metaspace: 130383K(132160K)->130383K(132160K) NonClass: 113974K(114560K)->113974K(114560K) Class: 16408K(17600K)->16408K(17600K)
[347.537s][info][gc             ] GC(227) Pause Young (Allocation Failure) 1333M->141M(4016M) 10.864ms
[347.537s][info][gc,cpu         ] GC(227) User=0.09s Sys=0.00s Real=0.01s
[352.333s][info][gc,start       ] GC(228) Pause Young (Allocation Failure)
[352.340s][info][gc,heap        ] GC(228) PSYoungGen: 1316104K(1316352K)->8794K(1331200K) Eden: 1268736K(1268736K)->0K(1262592K) From: 47368K(47616K)->8794K(68608K)
[352.340s][info][gc,heap        ] GC(228) ParOldGen: 97098K(2796544K)->124834K(2796544K)
[352.340s][info][gc,metaspace   ] GC(228) Metaspace: 130383K(132160K)->130383K(132160K) NonClass: 113974K(114560K)->113974K(114560K) Class: 16408K(17600K)->16408K(17600K)
[352.340s][info][gc             ] GC(228) Pause Young (Allocation Failure) 1380M->130M(4031M) 6.295ms
[352.340s][info][gc,cpu         ] GC(228) User=0.00s Sys=0.00s Real=0.01s
[354.034s][info][gc,start       ] GC(229) Pause Young (System.gc())
[354.037s][info][gc,heap        ] GC(229) PSYoungGen: 569583K(1331200K)->3066K(1329152K) Eden: 560789K(1262592K)->0K(1262592K) From: 8794K(68608K)->3066K(66560K)
[354.037s][info][gc,heap        ] GC(229) ParOldGen: 124834K(2796544K)->131403K(2796544K)
[354.037s][info][gc,metaspace   ] GC(229) Metaspace: 130396K(132224K)->130396K(132224K) NonClass: 113987K(114624K)->113987K(114624K) Class: 16408K(17600K)->16408K(17600K)
[354.037s][info][gc             ] GC(229) Pause Young (System.gc()) 678M->131M(4029M) 2.864ms
[354.037s][info][gc,cpu         ] GC(229) User=0.09s Sys=0.00s Real=0.01s
[354.037s][info][gc,start       ] GC(230) Pause Full (System.gc())
[354.037s][info][gc,phases,start] GC(230) Marking Phase
[354.073s][info][gc,phases      ] GC(230) Marking Phase 35.688ms
[354.073s][info][gc,phases,start] GC(230) Summary Phase
[354.073s][info][gc,phases      ] GC(230) Summary Phase 0.010ms
[354.073s][info][gc,phases,start] GC(230) Adjust Roots
[354.088s][info][gc,phases      ] GC(230) Adjust Roots 14.988ms
[354.088s][info][gc,phases,start] GC(230) Compaction Phase
[354.102s][info][gc,phases      ] GC(230) Compaction Phase 13.759ms
[354.102s][info][gc,phases,start] GC(230) Post Compact
[354.103s][info][gc,phases      ] GC(230) Post Compact 1.057ms
[354.103s][info][gc,heap        ] GC(230) PSYoungGen: 3066K(1329152K)->0K(1329152K) Eden: 0K(1262592K)->0K(1262592K) From: 3066K(66560K)->0K(66560K)
[354.103s][info][gc,heap        ] GC(230) ParOldGen: 131403K(2796544K)->73194K(2796544K)
[354.103s][info][gc,metaspace   ] GC(230) Metaspace: 130396K(132224K)->130396K(132224K) NonClass: 113987K(114624K)->113987K(114624K) Class: 16408K(17600K)->16408K(17600K)
[354.103s][info][gc             ] GC(230) Pause Full (System.gc()) 131M->71M(4029M) 65.842ms
[354.103s][info][gc,cpu         ] GC(230) User=0.12s Sys=0.00s Real=0.06s
[354.612s][info][gc,start       ] GC(231) Pause Young (Allocation Failure)
[354.616s][info][gc,heap        ] GC(231) PSYoungGen: 1262592K(1329152K)->24974K(1334784K) Eden: 1262592K(1262592K)->0K(1269248K) From: 0K(66560K)->24974K(65536K)
[354.616s][info][gc,heap        ] GC(231) ParOldGen: 73194K(2796544K)->73194K(2796544K)
[354.616s][info][gc,metaspace   ] GC(231) Metaspace: 130397K(132224K)->130397K(132224K) NonClass: 113988K(114624K)->113988K(114624K) Class: 16408K(17600K)->16408K(17600K)
[354.616s][info][gc             ] GC(231) Pause Young (Allocation Failure) 1304M->95M(4034M) 4.169ms
[354.616s][info][gc,cpu         ] GC(231) User=0.09s Sys=0.00s Real=0.00s
[354.990s][info][gc,start       ] GC(232) Pause Young (Allocation Failure)
[355.001s][info][gc,heap        ] GC(232) PSYoungGen: 1294222K(1334784K)->45462K(1314816K) Eden: 1269248K(1269248K)->0K(1269248K) From: 24974K(65536K)->45462K(45568K)
[355.001s][info][gc,heap        ] GC(232) ParOldGen: 73194K(2796544K)->97361K(2796544K)
[355.001s][info][gc,metaspace   ] GC(232) Metaspace: 130397K(132224K)->130397K(132224K) NonClass: 113988K(114624K)->113988K(114624K) Class: 16408K(17600K)->16408K(17600K)
[355.001s][info][gc             ] GC(232) Pause Young (Allocation Failure) 1335M->139M(4015M) 11.049ms
[355.001s][info][gc,cpu         ] GC(232) User=0.00s Sys=0.00s Real=0.01s
[360.028s][info][gc,start       ] GC(233) Pause Young (Allocation Failure)
[360.035s][info][gc,heap        ] GC(233) PSYoungGen: 1314710K(1314816K)->6651K(1331712K) Eden: 1269248K(1269248K)->0K(1263616K) From: 45462K(45568K)->6651K(68096K)
[360.035s][info][gc,heap        ] GC(233) ParOldGen: 97361K(2796544K)->128214K(2796544K)
[360.035s][info][gc,metaspace   ] GC(233) Metaspace: 130398K(132224K)->130398K(132224K) NonClass: 113989K(114624K)->113989K(114624K) Class: 16408K(17600K)->16408K(17600K)
[360.035s][info][gc             ] GC(233) Pause Young (Allocation Failure) 1378M->131M(4031M) 6.793ms
[360.035s][info][gc,cpu         ] GC(233) User=0.00s Sys=0.00s Real=0.01s
[361.695s][info][gc,start       ] GC(234) Pause Young (System.gc())
[361.698s][info][gc,heap        ] GC(234) PSYoungGen: 564145K(1331712K)->2986K(1329664K) Eden: 557494K(1263616K)->0K(1263616K) From: 6651K(68096K)->2986K(66048K)
[361.698s][info][gc,heap        ] GC(234) ParOldGen: 128214K(2796544K)->131666K(2796544K)
[361.698s][info][gc,metaspace   ] GC(234) Metaspace: 130398K(132224K)->130398K(132224K) NonClass: 113989K(114624K)->113989K(114624K) Class: 16408K(17600K)->16408K(17600K)
[361.698s][info][gc             ] GC(234) Pause Young (System.gc()) 676M->131M(4029M) 2.808ms
[361.698s][info][gc,cpu         ] GC(234) User=0.00s Sys=0.00s Real=0.00s
[361.698s][info][gc,start       ] GC(235) Pause Full (System.gc())
[361.698s][info][gc,phases,start] GC(235) Marking Phase
[361.737s][info][gc,phases      ] GC(235) Marking Phase 38.420ms
[361.737s][info][gc,phases,start] GC(235) Summary Phase
[361.737s][info][gc,phases      ] GC(235) Summary Phase 0.010ms
[361.737s][info][gc,phases,start] GC(235) Adjust Roots
[361.752s][info][gc,phases      ] GC(235) Adjust Roots 15.082ms
[361.752s][info][gc,phases,start] GC(235) Compaction Phase
[361.767s][info][gc,phases      ] GC(235) Compaction Phase 15.441ms
[361.767s][info][gc,phases,start] GC(235) Post Compact
[361.769s][info][gc,phases      ] GC(235) Post Compact 1.318ms
[361.769s][info][gc,heap        ] GC(235) PSYoungGen: 2986K(1329664K)->0K(1329664K) Eden: 0K(1263616K)->0K(1263616K) From: 2986K(66048K)->0K(66048K)
[361.769s][info][gc,heap        ] GC(235) ParOldGen: 131666K(2796544K)->72898K(2796544K)
[361.769s][info][gc,metaspace   ] GC(235) Metaspace: 130398K(132224K)->130398K(132224K) NonClass: 113989K(114624K)->113989K(114624K) Class: 16408K(17600K)->16408K(17600K)
[361.769s][info][gc             ] GC(235) Pause Full (System.gc()) 131M->71M(4029M) 70.619ms
[361.769s][info][gc,cpu         ] GC(235) User=0.19s Sys=0.00s Real=0.07s
[362.284s][info][gc,start       ] GC(236) Pause Young (Allocation Failure)
[362.288s][info][gc,heap        ] GC(236) PSYoungGen: 1263616K(1329664K)->25007K(1335296K) Eden: 1263616K(1263616K)->0K(1270784K) From: 0K(66048K)->25007K(64512K)
[362.288s][info][gc,heap        ] GC(236) ParOldGen: 72898K(2796544K)->72898K(2796544K)
[362.288s][info][gc,metaspace   ] GC(236) Metaspace: 130398K(132224K)->130398K(132224K) NonClass: 113989K(114624K)->113989K(114624K) Class: 16408K(17600K)->16408K(17600K)
[362.288s][info][gc             ] GC(236) Pause Young (Allocation Failure) 1305M->95M(4035M) 4.223ms
[362.288s][info][gc,cpu         ] GC(236) User=0.09s Sys=0.00s Real=0.00s
[362.669s][info][gc,start       ] GC(237) Pause Young (Allocation Failure)
[362.680s][info][gc,heap        ] GC(237) PSYoungGen: 1295791K(1335296K)->51741K(1323008K) Eden: 1270784K(1270784K)->0K(1270784K) From: 25007K(64512K)->51741K(52224K)
[362.680s][info][gc,heap        ] GC(237) ParOldGen: 72898K(2796544K)->97057K(2796544K)
[362.680s][info][gc,metaspace   ] GC(237) Metaspace: 130398K(132224K)->130398K(132224K) NonClass: 113989K(114624K)->113989K(114624K) Class: 16408K(17600K)->16408K(17600K)
[362.681s][info][gc             ] GC(237) Pause Young (Allocation Failure) 1336M->145M(4023M) 11.402ms
[362.681s][info][gc,cpu         ] GC(237) User=0.09s Sys=0.00s Real=0.01s
[367.609s][info][gc,start       ] GC(238) Pause Young (Allocation Failure)
[367.617s][info][gc,heap        ] GC(238) PSYoungGen: 1322525K(1323008K)->10299K(1330176K) Eden: 1270784K(1270784K)->0K(1260032K) From: 51741K(52224K)->10299K(70144K)
[367.617s][info][gc,heap        ] GC(238) ParOldGen: 97057K(2796544K)->127129K(2796544K)
[367.617s][info][gc,metaspace   ] GC(238) Metaspace: 130399K(132224K)->130399K(132224K) NonClass: 113990K(114624K)->113990K(114624K) Class: 16408K(17600K)->16408K(17600K)
[367.617s][info][gc             ] GC(238) Pause Young (Allocation Failure) 1386M->134M(4030M) 7.499ms
[367.617s][info][gc,cpu         ] GC(238) User=0.08s Sys=0.00s Real=0.02s
[369.264s][info][gc,start       ] GC(239) Pause Young (System.gc())
[369.266s][info][gc,heap        ] GC(239) PSYoungGen: 557095K(1330176K)->3018K(1327616K) Eden: 546796K(1260032K)->0K(1260032K) From: 10299K(70144K)->3018K(67584K)
[369.266s][info][gc,heap        ] GC(239) ParOldGen: 127129K(2796544K)->131346K(2796544K)
[369.266s][info][gc,metaspace   ] GC(239) Metaspace: 130399K(132224K)->130399K(132224K) NonClass: 113990K(114624K)->113990K(114624K) Class: 16408K(17600K)->16408K(17600K)
[369.266s][info][gc             ] GC(239) Pause Young (System.gc()) 668M->131M(4027M) 2.702ms
[369.266s][info][gc,cpu         ] GC(239) User=0.00s Sys=0.00s Real=0.01s
[369.266s][info][gc,start       ] GC(240) Pause Full (System.gc())
[369.266s][info][gc,phases,start] GC(240) Marking Phase
[369.303s][info][gc,phases      ] GC(240) Marking Phase 36.384ms
[369.303s][info][gc,phases,start] GC(240) Summary Phase
[369.303s][info][gc,phases      ] GC(240) Summary Phase 0.010ms
[369.303s][info][gc,phases,start] GC(240) Adjust Roots
[369.318s][info][gc,phases      ] GC(240) Adjust Roots 14.872ms
[369.318s][info][gc,phases,start] GC(240) Compaction Phase
[369.331s][info][gc,phases      ] GC(240) Compaction Phase 13.140ms
[369.331s][info][gc,phases,start] GC(240) Post Compact
[369.332s][info][gc,phases      ] GC(240) Post Compact 1.198ms
[369.332s][info][gc,heap        ] GC(240) PSYoungGen: 3018K(1327616K)->0K(1327616K) Eden: 0K(1260032K)->0K(1260032K) From: 3018K(67584K)->0K(67584K)
[369.332s][info][gc,heap        ] GC(240) ParOldGen: 131346K(2796544K)->73269K(2796544K)
[369.332s][info][gc,metaspace   ] GC(240) Metaspace: 130399K(132224K)->130399K(132224K) NonClass: 113990K(114624K)->113990K(114624K) Class: 16408K(17600K)->16408K(17600K)
[369.332s][info][gc             ] GC(240) Pause Full (System.gc()) 131M->71M(4027M) 65.988ms
[369.333s][info][gc,cpu         ] GC(240) User=0.12s Sys=0.00s Real=0.06s
[369.809s][info][gc,start       ] GC(241) Pause Young (Allocation Failure)
[369.813s][info][gc,heap        ] GC(241) PSYoungGen: 1258380K(1327616K)->24394K(1334784K) Eden: 1258380K(1260032K)->0K(1268736K) From: 0K(67584K)->24394K(66048K)
[369.813s][info][gc,heap        ] GC(241) ParOldGen: 73269K(2796544K)->73269K(2796544K)
[369.813s][info][gc,metaspace   ] GC(241) Metaspace: 130403K(132224K)->130403K(132224K) NonClass: 113994K(114624K)->113994K(114624K) Class: 16408K(17600K)->16408K(17600K)
[369.813s][info][gc             ] GC(241) Pause Young (Allocation Failure) 1300M->95M(4034M) 4.064ms
[369.813s][info][gc,cpu         ] GC(241) User=0.00s Sys=0.00s Real=0.01s
[370.191s][info][gc,start       ] GC(242) Pause Young (Allocation Failure)
[370.204s][info][gc,heap        ] GC(242) PSYoungGen: 1293130K(1334784K)->46313K(1315328K) Eden: 1268736K(1268736K)->0K(1268736K) From: 24394K(66048K)->46313K(46592K)
[370.204s][info][gc,heap        ] GC(242) ParOldGen: 73269K(2796544K)->97432K(2796544K)
[370.204s][info][gc,metaspace   ] GC(242) Metaspace: 130403K(132224K)->130403K(132224K) NonClass: 113994K(114624K)->113994K(114624K) Class: 16408K(17600K)->16408K(17600K)
[370.204s][info][gc             ] GC(242) Pause Young (Allocation Failure) 1334M->140M(4015M) 12.283ms
[370.204s][info][gc,cpu         ] GC(242) User=0.08s Sys=0.00s Real=0.01s
[375.142s][info][gc,start       ] GC(243) Pause Young (Allocation Failure)
[375.148s][info][gc,heap        ] GC(243) PSYoungGen: 1315049K(1315328K)->8643K(1331200K) Eden: 1268736K(1268736K)->0K(1262592K) From: 46313K(46592K)->8643K(68608K)
[375.148s][info][gc,heap        ] GC(243) ParOldGen: 97432K(2796544K)->125169K(2796544K)
[375.148s][info][gc,metaspace   ] GC(243) Metaspace: 130403K(132224K)->130403K(132224K) NonClass: 113994K(114624K)->113994K(114624K) Class: 16408K(17600K)->16408K(17600K)
[375.148s][info][gc             ] GC(243) Pause Young (Allocation Failure) 1379M->130M(4031M) 6.250ms
[375.148s][info][gc,cpu         ] GC(243) User=0.09s Sys=0.00s Real=0.01s
[376.827s][info][gc,start       ] GC(244) Pause Young (System.gc())
[376.830s][info][gc,heap        ] GC(244) PSYoungGen: 565612K(1331200K)->2971K(1329152K) Eden: 556968K(1262592K)->0K(1262592K) From: 8643K(68608K)->2971K(66560K)
[376.830s][info][gc,heap        ] GC(244) ParOldGen: 125169K(2796544K)->131730K(2796544K)
[376.830s][info][gc,metaspace   ] GC(244) Metaspace: 130405K(132224K)->130405K(132224K) NonClass: 113996K(114624K)->113996K(114624K) Class: 16408K(17600K)->16408K(17600K)
[376.830s][info][gc             ] GC(244) Pause Young (System.gc()) 674M->131M(4029M) 2.755ms
[376.830s][info][gc,cpu         ] GC(244) User=0.00s Sys=0.00s Real=0.00s
[376.830s][info][gc,start       ] GC(245) Pause Full (System.gc())
[376.830s][info][gc,phases,start] GC(245) Marking Phase
[376.865s][info][gc,phases      ] GC(245) Marking Phase 35.122ms
[376.865s][info][gc,phases,start] GC(245) Summary Phase
[376.865s][info][gc,phases      ] GC(245) Summary Phase 0.010ms
[376.865s][info][gc,phases,start] GC(245) Adjust Roots
[376.880s][info][gc,phases      ] GC(245) Adjust Roots 14.830ms
[376.880s][info][gc,phases,start] GC(245) Compaction Phase
[376.893s][info][gc,phases      ] GC(245) Compaction Phase 13.067ms
[376.894s][info][gc,phases,start] GC(245) Post Compact
[376.895s][info][gc,phases      ] GC(245) Post Compact 1.090ms
[376.895s][info][gc,heap        ] GC(245) PSYoungGen: 2971K(1329152K)->0K(1329152K) Eden: 0K(1262592K)->0K(1262592K) From: 2971K(66560K)->0K(66560K)
[376.895s][info][gc,heap        ] GC(245) ParOldGen: 131730K(2796544K)->72996K(2796544K)
[376.895s][info][gc,metaspace   ] GC(245) Metaspace: 130405K(132224K)->130405K(132224K) NonClass: 113996K(114624K)->113996K(114624K) Class: 16408K(17600K)->16408K(17600K)
[376.895s][info][gc             ] GC(245) Pause Full (System.gc()) 131M->71M(4029M) 64.439ms
[376.895s][info][gc,cpu         ] GC(245) User=0.14s Sys=0.00s Real=0.06s
[377.406s][info][gc,start       ] GC(246) Pause Young (Allocation Failure)
[377.410s][info][gc,heap        ] GC(246) PSYoungGen: 1262592K(1329152K)->25071K(1335296K) Eden: 1262592K(1262592K)->0K(1270272K) From: 0K(66560K)->25071K(65024K)
[377.410s][info][gc,heap        ] GC(246) ParOldGen: 72996K(2796544K)->72996K(2796544K)
[377.410s][info][gc,metaspace   ] GC(246) Metaspace: 130438K(132224K)->130438K(132224K) NonClass: 114029K(114624K)->114029K(114624K) Class: 16408K(17600K)->16408K(17600K)
[377.410s][info][gc             ] GC(246) Pause Young (Allocation Failure) 1304M->95M(4035M) 4.177ms
[377.410s][info][gc,cpu         ] GC(246) User=0.00s Sys=0.00s Real=0.00s
[377.794s][info][gc,start       ] GC(247) Pause Young (Allocation Failure)
[377.805s][info][gc,heap        ] GC(247) PSYoungGen: 1295343K(1335296K)->47242K(1317888K) Eden: 1270272K(1270272K)->0K(1270272K) From: 25071K(65024K)->47242K(47616K)
[377.805s][info][gc,heap        ] GC(247) ParOldGen: 72996K(2796544K)->97170K(2796544K)
[377.805s][info][gc,metaspace   ] GC(247) Metaspace: 130438K(132224K)->130438K(132224K) NonClass: 114029K(114624K)->114029K(114624K) Class: 16408K(17600K)->16408K(17600K)
[377.805s][info][gc             ] GC(247) Pause Young (Allocation Failure) 1336M->141M(4018M) 11.000ms
[377.805s][info][gc,cpu         ] GC(247) User=0.08s Sys=0.00s Real=0.01s
[382.751s][info][gc,start       ] GC(248) Pause Young (Allocation Failure)
[382.759s][info][gc,heap        ] GC(248) PSYoungGen: 1317514K(1317888K)->10362K(1331712K) Eden: 1270272K(1270272K)->0K(1263104K) From: 47242K(47616K)->10362K(68608K)
[382.759s][info][gc,heap        ] GC(248) ParOldGen: 97170K(2796544K)->128024K(2796544K)
[382.759s][info][gc,metaspace   ] GC(248) Metaspace: 130438K(132224K)->130438K(132224K) NonClass: 114029K(114624K)->114029K(114624K) Class: 16408K(17600K)->16408K(17600K)
[382.759s][info][gc             ] GC(248) Pause Young (Allocation Failure) 1381M->135M(4031M) 8.039ms
[382.759s][info][gc,cpu         ] GC(248) User=0.08s Sys=0.00s Real=0.02s
[384.407s][info][gc,start       ] GC(249) Pause Young (System.gc())
[384.409s][info][gc,heap        ] GC(249) PSYoungGen: 550608K(1331712K)->3002K(1329152K) Eden: 540246K(1263104K)->0K(1263104K) From: 10362K(68608K)->3002K(66048K)
[384.409s][info][gc,heap        ] GC(249) ParOldGen: 128024K(2796544K)->131476K(2796544K)
[384.409s][info][gc,metaspace   ] GC(249) Metaspace: 130463K(132288K)->130463K(132288K) NonClass: 114054K(114688K)->114054K(114688K) Class: 16408K(17600K)->16408K(17600K)
[384.409s][info][gc             ] GC(249) Pause Young (System.gc()) 662M->131M(4029M) 2.226ms
[384.409s][info][gc,cpu         ] GC(249) User=0.00s Sys=0.00s Real=0.00s
[384.409s][info][gc,start       ] GC(250) Pause Full (System.gc())
[384.409s][info][gc,phases,start] GC(250) Marking Phase
[384.446s][info][gc,phases      ] GC(250) Marking Phase 36.580ms
[384.446s][info][gc,phases,start] GC(250) Summary Phase
[384.446s][info][gc,phases      ] GC(250) Summary Phase 0.010ms
[384.446s][info][gc,phases,start] GC(250) Adjust Roots
[384.461s][info][gc,phases      ] GC(250) Adjust Roots 14.948ms
[384.461s][info][gc,phases,start] GC(250) Compaction Phase
[384.472s][info][gc,phases      ] GC(250) Compaction Phase 11.082ms
[384.472s][info][gc,phases,start] GC(250) Post Compact
[384.473s][info][gc,phases      ] GC(250) Post Compact 1.134ms
[384.473s][info][gc,heap        ] GC(250) PSYoungGen: 3002K(1329152K)->0K(1329152K) Eden: 0K(1263104K)->0K(1263104K) From: 3002K(66048K)->0K(66048K)
[384.473s][info][gc,heap        ] GC(250) ParOldGen: 131476K(2796544K)->73362K(2796544K)
[384.473s][info][gc,metaspace   ] GC(250) Metaspace: 130463K(132288K)->130463K(132288K) NonClass: 114054K(114688K)->114054K(114688K) Class: 16408K(17600K)->16408K(17600K)
[384.473s][info][gc             ] GC(250) Pause Full (System.gc()) 131M->71M(4029M) 64.075ms
[384.473s][info][gc,cpu         ] GC(250) User=0.14s Sys=0.00s Real=0.08s
[384.950s][info][gc,start       ] GC(251) Pause Young (Allocation Failure)
[384.954s][info][gc,heap        ] GC(251) PSYoungGen: 1263104K(1329152K)->25133K(1335296K) Eden: 1263104K(1263104K)->0K(1270784K) From: 0K(66048K)->25133K(64512K)
[384.954s][info][gc,heap        ] GC(251) ParOldGen: 73362K(2796544K)->73362K(2796544K)
[384.954s][info][gc,metaspace   ] GC(251) Metaspace: 130463K(132288K)->130463K(132288K) NonClass: 114054K(114688K)->114054K(114688K) Class: 16408K(17600K)->16408K(17600K)
[384.954s][info][gc             ] GC(251) Pause Young (Allocation Failure) 1305M->96M(4035M) 4.079ms
[384.954s][info][gc,cpu         ] GC(251) User=0.00s Sys=0.00s Real=0.00s
[385.359s][info][gc,start       ] GC(252) Pause Young (Allocation Failure)
[385.370s][info][gc,heap        ] GC(252) PSYoungGen: 1295812K(1335296K)->47957K(1318912K) Eden: 1270679K(1270784K)->0K(1270784K) From: 25133K(64512K)->47957K(48128K)
[385.370s][info][gc,heap        ] GC(252) ParOldGen: 73362K(2796544K)->97525K(2796544K)
[385.370s][info][gc,metaspace   ] GC(252) Metaspace: 130463K(132288K)->130463K(132288K) NonClass: 114054K(114688K)->114054K(114688K) Class: 16408K(17600K)->16408K(17600K)
[385.370s][info][gc             ] GC(252) Pause Young (Allocation Failure) 1337M->142M(4019M) 10.880ms
[385.370s][info][gc,cpu         ] GC(252) User=0.09s Sys=0.00s Real=0.01s
[390.340s][info][gc,start       ] GC(253) Pause Young (Allocation Failure)
[390.347s][info][gc,heap        ] GC(253) PSYoungGen: 1318741K(1318912K)->9267K(1331712K) Eden: 1270784K(1270784K)->0K(1263616K) From: 47957K(48128K)->9267K(68096K)
[390.347s][info][gc,heap        ] GC(253) ParOldGen: 97525K(2796544K)->129152K(2796544K)
[390.347s][info][gc,metaspace   ] GC(253) Metaspace: 130463K(132288K)->130463K(132288K) NonClass: 114054K(114688K)->114054K(114688K) Class: 16408K(17600K)->16408K(17600K)
[390.347s][info][gc             ] GC(253) Pause Young (Allocation Failure) 1383M->135M(4031M) 7.195ms
[390.347s][info][gc,cpu         ] GC(253) User=0.00s Sys=0.00s Real=0.01s
[391.971s][info][gc,start       ] GC(254) Pause Young (System.gc())
[391.973s][info][gc,heap        ] GC(254) PSYoungGen: 552049K(1331712K)->2995K(1329664K) Eden: 542782K(1263616K)->0K(1263616K) From: 9267K(68096K)->2995K(66048K)
[391.973s][info][gc,heap        ] GC(254) ParOldGen: 129152K(2796544K)->131817K(2796544K)
[391.973s][info][gc,metaspace   ] GC(254) Metaspace: 130464K(132288K)->130464K(132288K) NonClass: 114055K(114688K)->114055K(114688K) Class: 16408K(17600K)->16408K(17600K)
[391.973s][info][gc             ] GC(254) Pause Young (System.gc()) 665M->131M(4029M) 2.522ms
[391.974s][info][gc,cpu         ] GC(254) User=0.00s Sys=0.00s Real=0.00s
[391.974s][info][gc,start       ] GC(255) Pause Full (System.gc())
[391.974s][info][gc,phases,start] GC(255) Marking Phase
[392.011s][info][gc,phases      ] GC(255) Marking Phase 37.188ms
[392.011s][info][gc,phases,start] GC(255) Summary Phase
[392.011s][info][gc,phases      ] GC(255) Summary Phase 0.010ms
[392.011s][info][gc,phases,start] GC(255) Adjust Roots
[392.026s][info][gc,phases      ] GC(255) Adjust Roots 14.803ms
[392.026s][info][gc,phases,start] GC(255) Compaction Phase
[392.039s][info][gc,phases      ] GC(255) Compaction Phase 13.263ms
[392.039s][info][gc,phases,start] GC(255) Post Compact
[392.040s][info][gc,phases      ] GC(255) Post Compact 1.094ms
[392.040s][info][gc,heap        ] GC(255) PSYoungGen: 2995K(1329664K)->0K(1329664K) Eden: 0K(1263616K)->0K(1263616K) From: 2995K(66048K)->0K(66048K)
[392.040s][info][gc,heap        ] GC(255) ParOldGen: 131817K(2796544K)->73080K(2796544K)
[392.040s][info][gc,metaspace   ] GC(255) Metaspace: 130464K(132288K)->130464K(132288K) NonClass: 114055K(114688K)->114055K(114688K) Class: 16408K(17600K)->16408K(17600K)
[392.040s][info][gc             ] GC(255) Pause Full (System.gc()) 131M->71M(4029M) 66.673ms
[392.040s][info][gc,cpu         ] GC(255) User=0.14s Sys=0.00s Real=0.06s
[392.527s][info][gc,start       ] GC(256) Pause Young (Allocation Failure)
[392.531s][info][gc,heap        ] GC(256) PSYoungGen: 1263616K(1329664K)->25736K(1335296K) Eden: 1263616K(1263616K)->0K(1270272K) From: 0K(66048K)->25736K(65024K)
[392.531s][info][gc,heap        ] GC(256) ParOldGen: 73080K(2796544K)->73080K(2796544K)
[392.531s][info][gc,metaspace   ] GC(256) Metaspace: 130512K(132288K)->130512K(132288K) NonClass: 114104K(114688K)->114104K(114688K) Class: 16408K(17600K)->16408K(17600K)
[392.531s][info][gc             ] GC(256) Pause Young (Allocation Failure) 1305M->96M(4035M) 4.445ms
[392.531s][info][gc,cpu         ] GC(256) User=0.00s Sys=0.00s Real=0.01s
[392.922s][info][gc,start       ] GC(257) Pause Young (Allocation Failure)
[392.932s][info][gc,heap        ] GC(257) PSYoungGen: 1296008K(1335296K)->45827K(1316352K) Eden: 1270272K(1270272K)->0K(1270272K) From: 25736K(65024K)->45827K(46080K)
[392.932s][info][gc,heap        ] GC(257) ParOldGen: 73080K(2796544K)->97235K(2796544K)
[392.932s][info][gc,metaspace   ] GC(257) Metaspace: 130512K(132288K)->130512K(132288K) NonClass: 114104K(114688K)->114104K(114688K) Class: 16408K(17600K)->16408K(17600K)
[392.932s][info][gc             ] GC(257) Pause Young (Allocation Failure) 1337M->139M(4016M) 10.527ms
[392.932s][info][gc,cpu         ] GC(257) User=0.08s Sys=0.00s Real=0.01s
[397.775s][info][gc,start       ] GC(258) Pause Young (Allocation Failure)
[397.782s][info][gc,heap        ] GC(258) PSYoungGen: 1316099K(1316352K)->7886K(1331712K) Eden: 1270272K(1270272K)->0K(1264128K) From: 45827K(46080K)->7886K(67584K)
[397.782s][info][gc,heap        ] GC(258) ParOldGen: 97235K(2796544K)->128089K(2796544K)
[397.782s][info][gc,metaspace   ] GC(258) Metaspace: 130513K(132288K)->130513K(132288K) NonClass: 114104K(114688K)->114104K(114688K) Class: 16408K(17600K)->16408K(17600K)
[397.782s][info][gc             ] GC(258) Pause Young (Allocation Failure) 1380M->132M(4031M) 6.825ms
[397.782s][info][gc,cpu         ] GC(258) User=0.00s Sys=0.00s Real=0.01s
[399.427s][info][gc,start       ] GC(259) Pause Young (System.gc())
[399.430s][info][gc,heap        ] GC(259) PSYoungGen: 558647K(1331712K)->3003K(1330176K) Eden: 550761K(1264128K)->0K(1264128K) From: 7886K(67584K)->3003K(66048K)
[399.430s][info][gc,heap        ] GC(259) ParOldGen: 128089K(2796544K)->131535K(2796544K)
[399.430s][info][gc,metaspace   ] GC(259) Metaspace: 130513K(132288K)->130513K(132288K) NonClass: 114104K(114688K)->114104K(114688K) Class: 16408K(17600K)->16408K(17600K)
[399.430s][info][gc             ] GC(259) Pause Young (System.gc()) 670M->131M(4030M) 2.580ms
[399.430s][info][gc,cpu         ] GC(259) User=0.00s Sys=0.00s Real=0.02s
[399.430s][info][gc,start       ] GC(260) Pause Full (System.gc())
[399.430s][info][gc,phases,start] GC(260) Marking Phase
[399.465s][info][gc,phases      ] GC(260) Marking Phase 35.345ms
[399.465s][info][gc,phases,start] GC(260) Summary Phase
[399.466s][info][gc,phases      ] GC(260) Summary Phase 0.010ms
[399.466s][info][gc,phases,start] GC(260) Adjust Roots
[399.481s][info][gc,phases      ] GC(260) Adjust Roots 15.260ms
[399.481s][info][gc,phases,start] GC(260) Compaction Phase
[399.494s][info][gc,phases      ] GC(260) Compaction Phase 12.859ms
[399.494s][info][gc,phases,start] GC(260) Post Compact
[399.495s][info][gc,phases      ] GC(260) Post Compact 1.034ms
[399.495s][info][gc,heap        ] GC(260) PSYoungGen: 3003K(1330176K)->0K(1330176K) Eden: 0K(1264128K)->0K(1264128K) From: 3003K(66048K)->0K(66048K)
[399.495s][info][gc,heap        ] GC(260) ParOldGen: 131535K(2796544K)->72644K(2796544K)
[399.495s][info][gc,metaspace   ] GC(260) Metaspace: 130513K(132288K)->130513K(132288K) NonClass: 114104K(114688K)->114104K(114688K) Class: 16408K(17600K)->16408K(17600K)
[399.495s][info][gc             ] GC(260) Pause Full (System.gc()) 131M->70M(4030M) 64.819ms
[399.495s][info][gc,cpu         ] GC(260) User=0.22s Sys=0.00s Real=0.06s
[399.978s][info][gc,start       ] GC(261) Pause Young (Allocation Failure)
[399.982s][info][gc,heap        ] GC(261) PSYoungGen: 1264128K(1330176K)->25254K(1335296K) Eden: 1264128K(1264128K)->0K(1270784K) From: 0K(66048K)->25254K(64512K)
[399.982s][info][gc,heap        ] GC(261) ParOldGen: 72644K(2796544K)->72644K(2796544K)
[399.982s][info][gc,metaspace   ] GC(261) Metaspace: 130554K(132352K)->130554K(132352K) NonClass: 114145K(114752K)->114145K(114752K) Class: 16408K(17600K)->16408K(17600K)
[399.982s][info][gc             ] GC(261) Pause Young (Allocation Failure) 1305M->95M(4035M) 4.125ms
[399.983s][info][gc,cpu         ] GC(261) User=0.00s Sys=0.00s Real=0.00s
[400.362s][info][gc,start       ] GC(262) Pause Young (Allocation Failure)
[400.373s][info][gc,heap        ] GC(262) PSYoungGen: 1295060K(1335296K)->45386K(1316352K) Eden: 1269806K(1270784K)->0K(1270784K) From: 25254K(64512K)->45386K(45568K)
[400.373s][info][gc,heap        ] GC(262) ParOldGen: 72644K(2796544K)->96819K(2796544K)
[400.373s][info][gc,metaspace   ] GC(262) Metaspace: 130556K(132352K)->130556K(132352K) NonClass: 114147K(114752K)->114147K(114752K) Class: 16408K(17600K)->16408K(17600K)
[400.373s][info][gc             ] GC(262) Pause Young (Allocation Failure) 1335M->138M(4016M) 10.615ms
[400.373s][info][gc,cpu         ] GC(262) User=0.08s Sys=0.00s Real=0.02s
[405.324s][info][gc,start       ] GC(263) Pause Young (Allocation Failure)
[405.331s][info][gc,heap        ] GC(263) PSYoungGen: 1316170K(1316352K)->9830K(1332736K) Eden: 1270784K(1270784K)->0K(1265152K) From: 45386K(45568K)->9830K(67584K)
[405.331s][info][gc,heap        ] GC(263) ParOldGen: 96819K(2796544K)->127681K(2796544K)
[405.331s][info][gc,metaspace   ] GC(263) Metaspace: 130556K(132352K)->130556K(132352K) NonClass: 114147K(114752K)->114147K(114752K) Class: 16408K(17600K)->16408K(17600K)
[405.331s][info][gc             ] GC(263) Pause Young (Allocation Failure) 1379M->134M(4032M) 6.886ms
[405.331s][info][gc,cpu         ] GC(263) User=0.00s Sys=0.00s Real=0.01s
[406.963s][info][gc,start       ] GC(264) Pause Young (System.gc())
[406.966s][info][gc,heap        ] GC(264) PSYoungGen: 552366K(1332736K)->2970K(1330176K) Eden: 542536K(1265152K)->0K(1265152K) From: 9830K(67584K)->2970K(65024K)
[406.966s][info][gc,heap        ] GC(264) ParOldGen: 127681K(2796544K)->131133K(2796544K)
[406.966s][info][gc,metaspace   ] GC(264) Metaspace: 130575K(132352K)->130575K(132352K) NonClass: 114166K(114752K)->114166K(114752K) Class: 16408K(17600K)->16408K(17600K)
[406.966s][info][gc             ] GC(264) Pause Young (System.gc()) 664M->130M(4030M) 3.119ms
[406.966s][info][gc,cpu         ] GC(264) User=0.00s Sys=0.00s Real=0.00s
[406.966s][info][gc,start       ] GC(265) Pause Full (System.gc())
[406.966s][info][gc,phases,start] GC(265) Marking Phase
[407.002s][info][gc,phases      ] GC(265) Marking Phase 36.287ms
[407.002s][info][gc,phases,start] GC(265) Summary Phase
[407.002s][info][gc,phases      ] GC(265) Summary Phase 0.010ms
[407.002s][info][gc,phases,start] GC(265) Adjust Roots
[407.018s][info][gc,phases      ] GC(265) Adjust Roots 15.304ms
[407.018s][info][gc,phases,start] GC(265) Compaction Phase
[407.030s][info][gc,phases      ] GC(265) Compaction Phase 12.340ms
[407.030s][info][gc,phases,start] GC(265) Post Compact
[407.031s][info][gc,phases      ] GC(265) Post Compact 1.016ms
[407.031s][info][gc,heap        ] GC(265) PSYoungGen: 2970K(1330176K)->0K(1330176K) Eden: 0K(1265152K)->0K(1265152K) From: 2970K(65024K)->0K(65024K)
[407.031s][info][gc,heap        ] GC(265) ParOldGen: 131133K(2796544K)->73008K(2796544K)
[407.031s][info][gc,metaspace   ] GC(265) Metaspace: 130575K(132352K)->130575K(132352K) NonClass: 114166K(114752K)->114166K(114752K) Class: 16408K(17600K)->16408K(17600K)
[407.031s][info][gc             ] GC(265) Pause Full (System.gc()) 130M->71M(4030M) 65.272ms
[407.031s][info][gc,cpu         ] GC(265) User=0.22s Sys=0.00s Real=0.07s
[407.532s][info][gc,start       ] GC(266) Pause Young (Allocation Failure)
[407.536s][info][gc,heap        ] GC(266) PSYoungGen: 1265152K(1330176K)->28351K(1334784K) Eden: 1265152K(1265152K)->0K(1270784K) From: 0K(65024K)->28351K(64000K)
[407.537s][info][gc,heap        ] GC(266) ParOldGen: 73008K(2796544K)->73008K(2796544K)
[407.537s][info][gc,metaspace   ] GC(266) Metaspace: 130601K(132416K)->130601K(132416K) NonClass: 114192K(114816K)->114192K(114816K) Class: 16408K(17600K)->16408K(17600K)
[407.537s][info][gc             ] GC(266) Pause Young (Allocation Failure) 1306M->98M(4034M) 4.871ms
[407.537s][info][gc,cpu         ] GC(266) User=0.09s Sys=0.00s Real=0.01s
[407.909s][info][gc,start       ] GC(267) Pause Young (Allocation Failure)
[407.919s][info][gc,heap        ] GC(267) PSYoungGen: 1299135K(1334784K)->46194K(1317376K) Eden: 1270784K(1270784K)->0K(1270784K) From: 28351K(64000K)->46194K(46592K)
[407.919s][info][gc,heap        ] GC(267) ParOldGen: 73008K(2796544K)->97190K(2796544K)
[407.919s][info][gc,metaspace   ] GC(267) Metaspace: 130601K(132416K)->130601K(132416K) NonClass: 114192K(114816K)->114192K(114816K) Class: 16408K(17600K)->16408K(17600K)
[407.920s][info][gc             ] GC(267) Pause Young (Allocation Failure) 1339M->140M(4017M) 10.644ms
[407.920s][info][gc,cpu         ] GC(267) User=0.09s Sys=0.00s Real=0.02s
[412.957s][info][gc,start       ] GC(268) Pause Young (Allocation Failure)
[412.964s][info][gc,heap        ] GC(268) PSYoungGen: 1316978K(1317376K)->9429K(1331712K) Eden: 1270784K(1270784K)->0K(1263616K) From: 46194K(46592K)->9429K(68096K)
[412.964s][info][gc,heap        ] GC(268) ParOldGen: 97190K(2796544K)->129606K(2796544K)
[412.964s][info][gc,metaspace   ] GC(268) Metaspace: 130601K(132416K)->130601K(132416K) NonClass: 114192K(114816K)->114192K(114816K) Class: 16408K(17600K)->16408K(17600K)
[412.964s][info][gc             ] GC(268) Pause Young (Allocation Failure) 1381M->135M(4031M) 7.484ms
[412.964s][info][gc,cpu         ] GC(268) User=0.09s Sys=0.00s Real=0.02s
[414.619s][info][gc,start       ] GC(269) Pause Young (System.gc())
[414.621s][info][gc,heap        ] GC(269) PSYoungGen: 546286K(1331712K)->2971K(1329664K) Eden: 536856K(1263616K)->0K(1263616K) From: 9429K(68096K)->2971K(66048K)
[414.621s][info][gc,heap        ] GC(269) ParOldGen: 129606K(2796544K)->131490K(2796544K)
[414.621s][info][gc,metaspace   ] GC(269) Metaspace: 130614K(132416K)->130614K(132416K) NonClass: 114206K(114816K)->114206K(114816K) Class: 16408K(17600K)->16408K(17600K)
[414.621s][info][gc             ] GC(269) Pause Young (System.gc()) 660M->131M(4029M) 2.103ms
[414.621s][info][gc,cpu         ] GC(269) User=0.00s Sys=0.00s Real=0.00s
[414.621s][info][gc,start       ] GC(270) Pause Full (System.gc())
[414.621s][info][gc,phases,start] GC(270) Marking Phase
[414.658s][info][gc,phases      ] GC(270) Marking Phase 36.837ms
[414.658s][info][gc,phases,start] GC(270) Summary Phase
[414.658s][info][gc,phases      ] GC(270) Summary Phase 0.011ms
[414.658s][info][gc,phases,start] GC(270) Adjust Roots
[414.673s][info][gc,phases      ] GC(270) Adjust Roots 15.172ms
[414.673s][info][gc,phases,start] GC(270) Compaction Phase
[414.686s][info][gc,phases      ] GC(270) Compaction Phase 12.449ms
[414.686s][info][gc,phases,start] GC(270) Post Compact
[414.687s][info][gc,phases      ] GC(270) Post Compact 1.076ms
[414.687s][info][gc,heap        ] GC(270) PSYoungGen: 2971K(1329664K)->0K(1329664K) Eden: 0K(1263616K)->0K(1263616K) From: 2971K(66048K)->0K(66048K)
[414.687s][info][gc,heap        ] GC(270) ParOldGen: 131490K(2796544K)->72739K(2796544K)
[414.687s][info][gc,metaspace   ] GC(270) Metaspace: 130614K(132416K)->130614K(132416K) NonClass: 114206K(114816K)->114206K(114816K) Class: 16408K(17600K)->16408K(17600K)
[414.687s][info][gc             ] GC(270) Pause Full (System.gc()) 131M->71M(4029M) 65.870ms
[414.687s][info][gc,cpu         ] GC(270) User=0.22s Sys=0.00s Real=0.07s
[415.218s][info][gc,start       ] GC(271) Pause Young (Allocation Failure)
[415.222s][info][gc,heap        ] GC(271) PSYoungGen: 1263616K(1329664K)->25446K(1335296K) Eden: 1263616K(1263616K)->0K(1270784K) From: 0K(66048K)->25446K(64512K)
[415.222s][info][gc,heap        ] GC(271) ParOldGen: 72739K(2796544K)->72739K(2796544K)
[415.222s][info][gc,metaspace   ] GC(271) Metaspace: 130616K(132416K)->130616K(132416K) NonClass: 114207K(114816K)->114207K(114816K) Class: 16408K(17600K)->16408K(17600K)
[415.222s][info][gc             ] GC(271) Pause Young (Allocation Failure) 1305M->95M(4035M) 4.243ms
[415.222s][info][gc,cpu         ] GC(271) User=0.00s Sys=0.00s Real=0.00s
[415.602s][info][gc,start       ] GC(272) Pause Young (Allocation Failure)
[415.612s][info][gc,heap        ] GC(272) PSYoungGen: 1296230K(1335296K)->46090K(1317376K) Eden: 1270784K(1270784K)->0K(1270784K) From: 25446K(64512K)->46090K(46592K)
[415.612s][info][gc,heap        ] GC(272) ParOldGen: 72739K(2796544K)->96900K(2796544K)
[415.612s][info][gc,metaspace   ] GC(272) Metaspace: 130616K(132416K)->130616K(132416K) NonClass: 114207K(114816K)->114207K(114816K) Class: 16408K(17600K)->16408K(17600K)
[415.612s][info][gc             ] GC(272) Pause Young (Allocation Failure) 1336M->139M(4017M) 10.399ms
[415.612s][info][gc,cpu         ] GC(272) User=0.00s Sys=0.00s Real=0.01s
[420.488s][info][gc,start       ] GC(273) Pause Young (Allocation Failure)
[420.495s][info][gc,heap        ] GC(273) PSYoungGen: 1316874K(1317376K)->8571K(1332224K) Eden: 1270784K(1270784K)->0K(1264640K) From: 46090K(46592K)->8571K(67584K)
[420.495s][info][gc,heap        ] GC(273) ParOldGen: 96900K(2796544K)->129316K(2796544K)
[420.495s][info][gc,metaspace   ] GC(273) Metaspace: 130616K(132416K)->130616K(132416K) NonClass: 114207K(114816K)->114207K(114816K) Class: 16408K(17600K)->16408K(17600K)
[420.495s][info][gc             ] GC(273) Pause Young (Allocation Failure) 1380M->134M(4032M) 7.097ms
[420.495s][info][gc,cpu         ] GC(273) User=0.09s Sys=0.00s Real=0.01s
[422.118s][info][gc,start       ] GC(274) Pause Young (System.gc())
[422.120s][info][gc,heap        ] GC(274) PSYoungGen: 547875K(1332224K)->3018K(1330176K) Eden: 539303K(1264640K)->0K(1264640K) From: 8571K(67584K)->3018K(65536K)
[422.120s][info][gc,heap        ] GC(274) ParOldGen: 129316K(2796544K)->131189K(2796544K)
[422.120s][info][gc,metaspace   ] GC(274) Metaspace: 130617K(132416K)->130617K(132416K) NonClass: 114208K(114816K)->114208K(114816K) Class: 16408K(17600K)->16408K(17600K)
[422.120s][info][gc             ] GC(274) Pause Young (System.gc()) 661M->131M(4030M) 2.419ms
[422.120s][info][gc,cpu         ] GC(274) User=0.00s Sys=0.00s Real=0.01s
[422.120s][info][gc,start       ] GC(275) Pause Full (System.gc())
[422.120s][info][gc,phases,start] GC(275) Marking Phase
[422.156s][info][gc,phases      ] GC(275) Marking Phase 36.001ms
[422.156s][info][gc,phases,start] GC(275) Summary Phase
[422.156s][info][gc,phases      ] GC(275) Summary Phase 0.010ms
[422.156s][info][gc,phases,start] GC(275) Adjust Roots
[422.172s][info][gc,phases      ] GC(275) Adjust Roots 15.311ms
[422.172s][info][gc,phases,start] GC(275) Compaction Phase
[422.183s][info][gc,phases      ] GC(275) Compaction Phase 11.881ms
[422.184s][info][gc,phases,start] GC(275) Post Compact
[422.185s][info][gc,phases      ] GC(275) Post Compact 1.090ms
[422.185s][info][gc,heap        ] GC(275) PSYoungGen: 3018K(1330176K)->0K(1330176K) Eden: 0K(1264640K)->0K(1264640K) From: 3018K(65536K)->0K(65536K)
[422.185s][info][gc,heap        ] GC(275) ParOldGen: 131189K(2796544K)->73103K(2796544K)
[422.185s][info][gc,metaspace   ] GC(275) Metaspace: 130617K(132416K)->130617K(132416K) NonClass: 114208K(114816K)->114208K(114816K) Class: 16408K(17600K)->16408K(17600K)
[422.185s][info][gc             ] GC(275) Pause Full (System.gc()) 131M->71M(4030M) 64.575ms
[422.185s][info][gc,cpu         ] GC(275) User=0.22s Sys=0.00s Real=0.06s
[422.677s][info][gc,start       ] GC(276) Pause Young (Allocation Failure)
[422.681s][info][gc,heap        ] GC(276) PSYoungGen: 1264640K(1330176K)->28426K(1334784K) Eden: 1264640K(1264640K)->0K(1270272K) From: 0K(65536K)->28426K(64512K)
[422.682s][info][gc,heap        ] GC(276) ParOldGen: 73103K(2796544K)->73103K(2796544K)
[422.682s][info][gc,metaspace   ] GC(276) Metaspace: 130628K(132416K)->130628K(132416K) NonClass: 114219K(114816K)->114219K(114816K) Class: 16408K(17600K)->16408K(17600K)
[422.682s][info][gc             ] GC(276) Pause Young (Allocation Failure) 1306M->99M(4034M) 4.820ms
[422.682s][info][gc,cpu         ] GC(276) User=0.02s Sys=0.00s Real=0.01s
[423.057s][info][gc,start       ] GC(277) Pause Young (Allocation Failure)
[423.068s][info][gc,heap        ] GC(277) PSYoungGen: 1298698K(1334784K)->46571K(1316864K) Eden: 1270272K(1270272K)->0K(1270272K) From: 28426K(64512K)->46571K(46592K)
[423.068s][info][gc,heap        ] GC(277) ParOldGen: 73103K(2796544K)->97274K(2796544K)
[423.068s][info][gc,metaspace   ] GC(277) Metaspace: 130628K(132416K)->130628K(132416K) NonClass: 114219K(114816K)->114219K(114816K) Class: 16408K(17600K)->16408K(17600K)
[423.068s][info][gc             ] GC(277) Pause Young (Allocation Failure) 1339M->140M(4017M) 10.693ms
[423.068s][info][gc,cpu         ] GC(277) User=0.09s Sys=0.00s Real=0.01s
[428.097s][info][gc,start       ] GC(278) Pause Young (Allocation Failure)
[428.104s][info][gc,heap        ] GC(278) PSYoungGen: 1316843K(1316864K)->8728K(1331200K) Eden: 1270272K(1270272K)->0K(1262592K) From: 46571K(46592K)->8728K(68608K)
[428.104s][info][gc,heap        ] GC(278) ParOldGen: 97274K(2796544K)->129698K(2796544K)
[428.104s][info][gc,metaspace   ] GC(278) Metaspace: 130628K(132416K)->130628K(132416K) NonClass: 114219K(114816K)->114219K(114816K) Class: 16408K(17600K)->16408K(17600K)
[428.104s][info][gc             ] GC(278) Pause Young (Allocation Failure) 1380M->135M(4031M) 7.155ms
[428.104s][info][gc,cpu         ] GC(278) User=0.09s Sys=0.00s Real=0.01s
[429.741s][info][gc,start       ] GC(279) Pause Young (System.gc())
[429.743s][info][gc,heap        ] GC(279) PSYoungGen: 551722K(1331200K)->3003K(1329152K) Eden: 542993K(1262592K)->0K(1262592K) From: 8728K(68608K)->3003K(66560K)
[429.743s][info][gc,heap        ] GC(279) ParOldGen: 129698K(2796544K)->131564K(2796544K)
[429.743s][info][gc,metaspace   ] GC(279) Metaspace: 130630K(132416K)->130630K(132416K) NonClass: 114221K(114816K)->114221K(114816K) Class: 16408K(17600K)->16408K(17600K)
[429.743s][info][gc             ] GC(279) Pause Young (System.gc()) 665M->131M(4029M) 2.178ms
[429.743s][info][gc,cpu         ] GC(279) User=0.00s Sys=0.00s Real=0.01s
[429.743s][info][gc,start       ] GC(280) Pause Full (System.gc())
[429.743s][info][gc,phases,start] GC(280) Marking Phase
[429.779s][info][gc,phases      ] GC(280) Marking Phase 35.926ms
[429.779s][info][gc,phases,start] GC(280) Summary Phase
[429.779s][info][gc,phases      ] GC(280) Summary Phase 0.011ms
[429.779s][info][gc,phases,start] GC(280) Adjust Roots
[429.794s][info][gc,phases      ] GC(280) Adjust Roots 14.743ms
[429.794s][info][gc,phases,start] GC(280) Compaction Phase
[429.806s][info][gc,phases      ] GC(280) Compaction Phase 12.245ms
[429.806s][info][gc,phases,start] GC(280) Post Compact
[429.807s][info][gc,phases      ] GC(280) Post Compact 1.212ms
[429.808s][info][gc,heap        ] GC(280) PSYoungGen: 3003K(1329152K)->0K(1329152K) Eden: 0K(1262592K)->0K(1262592K) From: 3003K(66560K)->0K(66560K)
[429.808s][info][gc,heap        ] GC(280) ParOldGen: 131564K(2796544K)->72826K(2796544K)
[429.808s][info][gc,metaspace   ] GC(280) Metaspace: 130630K(132416K)->130630K(132416K) NonClass: 114221K(114816K)->114221K(114816K) Class: 16408K(17600K)->16408K(17600K)
[429.808s][info][gc             ] GC(280) Pause Full (System.gc()) 131M->71M(4029M) 64.454ms
[429.808s][info][gc,cpu         ] GC(280) User=0.22s Sys=0.00s Real=0.06s
[430.275s][info][gc,start       ] GC(281) Pause Young (Allocation Failure)
[430.278s][info][gc,heap        ] GC(281) PSYoungGen: 1258925K(1329152K)->24348K(1335296K) Eden: 1258925K(1262592K)->0K(1270272K) From: 0K(66560K)->24348K(65024K)
[430.278s][info][gc,heap        ] GC(281) ParOldGen: 72826K(2796544K)->72826K(2796544K)
[430.278s][info][gc,metaspace   ] GC(281) Metaspace: 130643K(132416K)->130643K(132416K) NonClass: 114234K(114816K)->114234K(114816K) Class: 16408K(17600K)->16408K(17600K)
[430.278s][info][gc             ] GC(281) Pause Young (Allocation Failure) 1300M->94M(4035M) 3.917ms
[430.279s][info][gc,cpu         ] GC(281) User=0.00s Sys=0.00s Real=0.01s
[430.656s][info][gc,start       ] GC(282) Pause Young (Allocation Failure)
[430.667s][info][gc,heap        ] GC(282) PSYoungGen: 1294620K(1335296K)->47840K(1318400K) Eden: 1270272K(1270272K)->0K(1270272K) From: 24348K(65024K)->47840K(48128K)
[430.667s][info][gc,heap        ] GC(282) ParOldGen: 72826K(2796544K)->97008K(2796544K)
[430.667s][info][gc,metaspace   ] GC(282) Metaspace: 130646K(132416K)->130646K(132416K) NonClass: 114237K(114816K)->114237K(114816K) Class: 16408K(17600K)->16408K(17600K)
[430.667s][info][gc             ] GC(282) Pause Young (Allocation Failure) 1335M->141M(4018M) 10.965ms
[430.667s][info][gc,cpu         ] GC(282) User=0.09s Sys=0.00s Real=0.01s
[435.425s][info][gc,start       ] GC(283) Pause Young (Allocation Failure)
[435.431s][info][gc,heap        ] GC(283) PSYoungGen: 1318112K(1318400K)->9595K(1331712K) Eden: 1270272K(1270272K)->0K(1263104K) From: 47840K(48128K)->9595K(68608K)
[435.431s][info][gc,heap        ] GC(283) ParOldGen: 97008K(2796544K)->124752K(2796544K)
[435.431s][info][gc,metaspace   ] GC(283) Metaspace: 130646K(132416K)->130646K(132416K) NonClass: 114237K(114816K)->114237K(114816K) Class: 16408K(17600K)->16408K(17600K)
[435.431s][info][gc             ] GC(283) Pause Young (Allocation Failure) 1381M->131M(4031M) 6.193ms
[435.431s][info][gc,cpu         ] GC(283) User=0.08s Sys=0.00s Real=0.01s
[437.097s][info][gc,start       ] GC(284) Pause Young (System.gc())
[437.099s][info][gc,heap        ] GC(284) PSYoungGen: 563541K(1331712K)->3027K(1329152K) Eden: 553945K(1263104K)->0K(1263104K) From: 9595K(68608K)->3027K(66048K)
[437.099s][info][gc,heap        ] GC(284) ParOldGen: 124752K(2796544K)->131313K(2796544K)
[437.099s][info][gc,metaspace   ] GC(284) Metaspace: 130667K(132480K)->130667K(132480K) NonClass: 114259K(114880K)->114259K(114880K) Class: 16408K(17600K)->16408K(17600K)
[437.099s][info][gc             ] GC(284) Pause Young (System.gc()) 672M->131M(4029M) 2.616ms
[437.100s][info][gc,cpu         ] GC(284) User=0.09s Sys=0.00s Real=0.01s
[437.100s][info][gc,start       ] GC(285) Pause Full (System.gc())
[437.100s][info][gc,phases,start] GC(285) Marking Phase
[437.136s][info][gc,phases      ] GC(285) Marking Phase 36.558ms
[437.136s][info][gc,phases,start] GC(285) Summary Phase
[437.136s][info][gc,phases      ] GC(285) Summary Phase 0.010ms
[437.136s][info][gc,phases,start] GC(285) Adjust Roots
[437.152s][info][gc,phases      ] GC(285) Adjust Roots 15.491ms
[437.152s][info][gc,phases,start] GC(285) Compaction Phase
[437.165s][info][gc,phases      ] GC(285) Compaction Phase 13.618ms
[437.165s][info][gc,phases,start] GC(285) Post Compact
[437.167s][info][gc,phases      ] GC(285) Post Compact 1.092ms
[437.167s][info][gc,heap        ] GC(285) PSYoungGen: 3027K(1329152K)->0K(1329152K) Eden: 0K(1263104K)->0K(1263104K) From: 3027K(66048K)->0K(66048K)
[437.167s][info][gc,heap        ] GC(285) ParOldGen: 131313K(2796544K)->73184K(2796544K)
[437.167s][info][gc,metaspace   ] GC(285) Metaspace: 130667K(132480K)->130667K(132480K) NonClass: 114259K(114880K)->114259K(114880K) Class: 16408K(17600K)->16408K(17600K)
[437.167s][info][gc             ] GC(285) Pause Full (System.gc()) 131M->71M(4029M) 67.071ms
[437.167s][info][gc,cpu         ] GC(285) User=0.12s Sys=0.02s Real=0.07s
[437.660s][info][gc,start       ] GC(286) Pause Young (Allocation Failure)
[437.664s][info][gc,heap        ] GC(286) PSYoungGen: 1263104K(1329152K)->25212K(1335296K) Eden: 1263104K(1263104K)->0K(1270272K) From: 0K(66048K)->25212K(65024K)
[437.664s][info][gc,heap        ] GC(286) ParOldGen: 73184K(2796544K)->73184K(2796544K)
[437.664s][info][gc,metaspace   ] GC(286) Metaspace: 130695K(132480K)->130695K(132480K) NonClass: 114286K(114880K)->114286K(114880K) Class: 16408K(17600K)->16408K(17600K)
[437.664s][info][gc             ] GC(286) Pause Young (Allocation Failure) 1304M->96M(4035M) 4.198ms
[437.664s][info][gc,cpu         ] GC(286) User=0.08s Sys=0.02s Real=0.00s
[438.051s][info][gc,start       ] GC(287) Pause Young (Allocation Failure)
[438.062s][info][gc,heap        ] GC(287) PSYoungGen: 1295484K(1335296K)->48151K(1318912K) Eden: 1270272K(1270272K)->0K(1270272K) From: 25212K(65024K)->48151K(48640K)
[438.062s][info][gc,heap        ] GC(287) ParOldGen: 73184K(2796544K)->97356K(2796544K)
[438.062s][info][gc,metaspace   ] GC(287) Metaspace: 130695K(132480K)->130695K(132480K) NonClass: 114286K(114880K)->114286K(114880K) Class: 16408K(17600K)->16408K(17600K)
[438.062s][info][gc             ] GC(287) Pause Young (Allocation Failure) 1336M->142M(4019M) 11.256ms
[438.062s][info][gc,cpu         ] GC(287) User=0.09s Sys=0.00s Real=0.02s
[442.941s][info][gc,start       ] GC(288) Pause Young (Allocation Failure)
[442.948s][info][gc,heap        ] GC(288) PSYoungGen: 1318423K(1318912K)->9570K(1331200K) Eden: 1270272K(1270272K)->0K(1262592K) From: 48151K(48640K)->9570K(68608K)
[442.948s][info][gc,heap        ] GC(288) ParOldGen: 97356K(2796544K)->128982K(2796544K)
[442.948s][info][gc,metaspace   ] GC(288) Metaspace: 130699K(132480K)->130699K(132480K) NonClass: 114290K(114880K)->114290K(114880K) Class: 16408K(17600K)->16408K(17600K)
[442.948s][info][gc             ] GC(288) Pause Young (Allocation Failure) 1382M->135M(4031M) 7.177ms
[442.948s][info][gc,cpu         ] GC(288) User=0.09s Sys=0.00s Real=0.01s
[444.598s][info][gc,start       ] GC(289) Pause Young (System.gc())
[444.601s][info][gc,heap        ] GC(289) PSYoungGen: 549383K(1331200K)->2995K(1329152K) Eden: 539812K(1262592K)->0K(1262592K) From: 9570K(68608K)->2995K(66560K)
[444.601s][info][gc,heap        ] GC(289) ParOldGen: 128982K(2796544K)->131645K(2796544K)
[444.601s][info][gc,metaspace   ] GC(289) Metaspace: 130709K(132480K)->130709K(132480K) NonClass: 114301K(114880K)->114301K(114880K) Class: 16408K(17600K)->16408K(17600K)
[444.601s][info][gc             ] GC(289) Pause Young (System.gc()) 662M->131M(4029M) 2.319ms
[444.601s][info][gc,cpu         ] GC(289) User=0.05s Sys=0.00s Real=0.00s
[444.601s][info][gc,start       ] GC(290) Pause Full (System.gc())
[444.601s][info][gc,phases,start] GC(290) Marking Phase
[444.637s][info][gc,phases      ] GC(290) Marking Phase 36.608ms
[444.637s][info][gc,phases,start] GC(290) Summary Phase
[444.637s][info][gc,phases      ] GC(290) Summary Phase 0.011ms
[444.638s][info][gc,phases,start] GC(290) Adjust Roots
[444.653s][info][gc,phases      ] GC(290) Adjust Roots 15.814ms
[444.653s][info][gc,phases,start] GC(290) Compaction Phase
[444.666s][info][gc,phases      ] GC(290) Compaction Phase 12.802ms
[444.666s][info][gc,phases,start] GC(290) Post Compact
[444.667s][info][gc,phases      ] GC(290) Post Compact 1.051ms
[444.667s][info][gc,heap        ] GC(290) PSYoungGen: 2995K(1329152K)->0K(1329152K) Eden: 0K(1262592K)->0K(1262592K) From: 2995K(66560K)->0K(66560K)
[444.667s][info][gc,heap        ] GC(290) ParOldGen: 131645K(2796544K)->72881K(2796544K)
[444.667s][info][gc,metaspace   ] GC(290) Metaspace: 130709K(132480K)->130709K(132480K) NonClass: 114301K(114880K)->114301K(114880K) Class: 16408K(17600K)->16408K(17600K)
[444.667s][info][gc             ] GC(290) Pause Full (System.gc()) 131M->71M(4029M) 66.613ms
[444.667s][info][gc,cpu         ] GC(290) User=0.19s Sys=0.00s Real=0.06s
[445.158s][info][gc,start       ] GC(291) Pause Young (Allocation Failure)
[445.162s][info][gc,heap        ] GC(291) PSYoungGen: 1262592K(1329152K)->25134K(1335296K) Eden: 1262592K(1262592K)->0K(1270272K) From: 0K(66560K)->25134K(65024K)
[445.162s][info][gc,heap        ] GC(291) ParOldGen: 72881K(2796544K)->72881K(2796544K)
[445.162s][info][gc,metaspace   ] GC(291) Metaspace: 130729K(132544K)->130729K(132544K) NonClass: 114320K(114944K)->114320K(114944K) Class: 16408K(17600K)->16408K(17600K)
[445.162s][info][gc             ] GC(291) Pause Young (Allocation Failure) 1304M->95M(4035M) 4.324ms
[445.162s][info][gc,cpu         ] GC(291) User=0.06s Sys=0.00s Real=0.00s
[445.546s][info][gc,start       ] GC(292) Pause Young (Allocation Failure)
[445.557s][info][gc,heap        ] GC(292) PSYoungGen: 1295406K(1335296K)->50147K(1320448K) Eden: 1270272K(1270272K)->0K(1270272K) From: 25134K(65024K)->50147K(50176K)
[445.557s][info][gc,heap        ] GC(292) ParOldGen: 72881K(2796544K)->97047K(2796544K)
[445.557s][info][gc,metaspace   ] GC(292) Metaspace: 130729K(132544K)->130729K(132544K) NonClass: 114320K(114944K)->114320K(114944K) Class: 16408K(17600K)->16408K(17600K)
[445.557s][info][gc             ] GC(292) Pause Young (Allocation Failure) 1336M->143M(4020M) 11.311ms
[445.557s][info][gc,cpu         ] GC(292) User=0.09s Sys=0.00s Real=0.02s
[450.458s][info][gc,start       ] GC(293) Pause Young (Allocation Failure)
[450.465s][info][gc,heap        ] GC(293) PSYoungGen: 1320419K(1320448K)->10281K(1330688K) Eden: 1270272K(1270272K)->0K(1261568K) From: 50147K(50176K)->10281K(69120K)
[450.465s][info][gc,heap        ] GC(293) ParOldGen: 97047K(2796544K)->125613K(2796544K)
[450.465s][info][gc,metaspace   ] GC(293) Metaspace: 130731K(132544K)->130731K(132544K) NonClass: 114322K(114944K)->114322K(114944K) Class: 16408K(17600K)->16408K(17600K)
[450.465s][info][gc             ] GC(293) Pause Young (Allocation Failure) 1384M->132M(4030M) 6.763ms
[450.465s][info][gc,cpu         ] GC(293) User=0.00s Sys=0.00s Real=0.02s
[452.105s][info][gc,start       ] GC(294) Pause Young (System.gc())
[452.107s][info][gc,heap        ] GC(294) PSYoungGen: 560311K(1330688K)->3042K(1328640K) Eden: 550029K(1261568K)->0K(1261568K) From: 10281K(69120K)->3042K(67072K)
[452.107s][info][gc,heap        ] GC(294) ParOldGen: 125613K(2796544K)->131339K(2796544K)
[452.107s][info][gc,metaspace   ] GC(294) Metaspace: 130732K(132544K)->130732K(132544K) NonClass: 114323K(114944K)->114323K(114944K) Class: 16408K(17600K)->16408K(17600K)
[452.107s][info][gc             ] GC(294) Pause Young (System.gc()) 669M->131M(4028M) 2.661ms
[452.108s][info][gc,cpu         ] GC(294) User=0.00s Sys=0.00s Real=0.01s
[452.108s][info][gc,start       ] GC(295) Pause Full (System.gc())
[452.108s][info][gc,phases,start] GC(295) Marking Phase
[452.144s][info][gc,phases      ] GC(295) Marking Phase 36.548ms
[452.144s][info][gc,phases,start] GC(295) Summary Phase
[452.144s][info][gc,phases      ] GC(295) Summary Phase 0.011ms
[452.144s][info][gc,phases,start] GC(295) Adjust Roots
[452.159s][info][gc,phases      ] GC(295) Adjust Roots 15.124ms
[452.159s][info][gc,phases,start] GC(295) Compaction Phase
[452.172s][info][gc,phases      ] GC(295) Compaction Phase 12.720ms
[452.172s][info][gc,phases,start] GC(295) Post Compact
[452.173s][info][gc,phases      ] GC(295) Post Compact 1.068ms
[452.173s][info][gc,heap        ] GC(295) PSYoungGen: 3042K(1328640K)->0K(1328640K) Eden: 0K(1261568K)->0K(1261568K) From: 3042K(67072K)->0K(67072K)
[452.173s][info][gc,heap        ] GC(295) ParOldGen: 131339K(2796544K)->73243K(2796544K)
[452.173s][info][gc,metaspace   ] GC(295) Metaspace: 130732K(132544K)->130732K(132544K) NonClass: 114323K(114944K)->114323K(114944K) Class: 16408K(17600K)->16408K(17600K)
[452.173s][info][gc             ] GC(295) Pause Full (System.gc()) 131M->71M(4028M) 65.788ms
[452.173s][info][gc,cpu         ] GC(295) User=0.28s Sys=0.02s Real=0.06s
[452.647s][info][gc,start       ] GC(296) Pause Young (Allocation Failure)
[452.651s][info][gc,heap        ] GC(296) PSYoungGen: 1261568K(1328640K)->25000K(1334784K) Eden: 1261568K(1261568K)->0K(1269248K) From: 0K(67072K)->25000K(65536K)
[452.652s][info][gc,heap        ] GC(296) ParOldGen: 73243K(2796544K)->73243K(2796544K)
[452.652s][info][gc,metaspace   ] GC(296) Metaspace: 130736K(132544K)->130736K(132544K) NonClass: 114327K(114944K)->114327K(114944K) Class: 16408K(17600K)->16408K(17600K)
[452.652s][info][gc             ] GC(296) Pause Young (Allocation Failure) 1303M->95M(4034M) 4.073ms
[452.652s][info][gc,cpu         ] GC(296) User=0.00s Sys=0.00s Real=0.00s
[453.038s][info][gc,start       ] GC(297) Pause Young (Allocation Failure)
[453.048s][info][gc,heap        ] GC(297) PSYoungGen: 1294248K(1334784K)->46327K(1315840K) Eden: 1269248K(1269248K)->0K(1269248K) From: 25000K(65536K)->46327K(46592K)
[453.049s][info][gc,heap        ] GC(297) ParOldGen: 73243K(2796544K)->97404K(2796544K)
[453.049s][info][gc,metaspace   ] GC(297) Metaspace: 130736K(132544K)->130736K(132544K) NonClass: 114327K(114944K)->114327K(114944K) Class: 16408K(17600K)->16408K(17600K)
[453.049s][info][gc             ] GC(297) Pause Young (Allocation Failure) 1335M->140M(4016M) 10.691ms
[453.049s][info][gc,cpu         ] GC(297) User=0.00s Sys=0.00s Real=0.01s
[457.993s][info][gc,start       ] GC(298) Pause Young (Allocation Failure)
[458.000s][info][gc,heap        ] GC(298) PSYoungGen: 1315575K(1315840K)->9562K(1331712K) Eden: 1269248K(1269248K)->0K(1263616K) From: 46327K(46592K)->9562K(68096K)
[458.000s][info][gc,heap        ] GC(298) ParOldGen: 97404K(2796544K)->128249K(2796544K)
[458.000s][info][gc,metaspace   ] GC(298) Metaspace: 130736K(132544K)->130736K(132544K) NonClass: 114327K(114944K)->114327K(114944K) Class: 16408K(17600K)->16408K(17600K)
[458.000s][info][gc             ] GC(298) Pause Young (Allocation Failure) 1379M->134M(4031M) 6.936ms
[458.000s][info][gc,cpu         ] GC(298) User=0.00s Sys=0.00s Real=0.02s
[459.624s][info][gc,start       ] GC(299) Pause Young (System.gc())
[459.627s][info][gc,heap        ] GC(299) PSYoungGen: 554566K(1331712K)->3003K(1329664K) Eden: 545003K(1263616K)->0K(1263616K) From: 9562K(68096K)->3003K(66048K)
[459.627s][info][gc,heap        ] GC(299) ParOldGen: 128249K(2796544K)->131687K(2796544K)
[459.627s][info][gc,metaspace   ] GC(299) Metaspace: 130736K(132544K)->130736K(132544K) NonClass: 114327K(114944K)->114327K(114944K) Class: 16408K(17600K)->16408K(17600K)
[459.627s][info][gc             ] GC(299) Pause Young (System.gc()) 666M->131M(4029M) 2.671ms
[459.627s][info][gc,cpu         ] GC(299) User=0.00s Sys=0.00s Real=0.01s
[459.627s][info][gc,start       ] GC(300) Pause Full (System.gc())
[459.627s][info][gc,phases,start] GC(300) Marking Phase
[459.663s][info][gc,phases      ] GC(300) Marking Phase 36.225ms
[459.663s][info][gc,phases,start] GC(300) Summary Phase
[459.663s][info][gc,phases      ] GC(300) Summary Phase 0.010ms
[459.663s][info][gc,phases,start] GC(300) Adjust Roots
[459.679s][info][gc,phases      ] GC(300) Adjust Roots 15.440ms
[459.679s][info][gc,phases,start] GC(300) Compaction Phase
[459.692s][info][gc,phases      ] GC(300) Compaction Phase 12.604ms
[459.692s][info][gc,phases,start] GC(300) Post Compact
[459.693s][info][gc,phases      ] GC(300) Post Compact 1.045ms
[459.693s][info][gc,heap        ] GC(300) PSYoungGen: 3003K(1329664K)->0K(1329664K) Eden: 0K(1263616K)->0K(1263616K) From: 3003K(66048K)->0K(66048K)
[459.693s][info][gc,heap        ] GC(300) ParOldGen: 131687K(2796544K)->72985K(2796544K)
[459.693s][info][gc,metaspace   ] GC(300) Metaspace: 130736K(132544K)->130736K(132544K) NonClass: 114327K(114944K)->114327K(114944K) Class: 16408K(17600K)->16408K(17600K)
[459.693s][info][gc             ] GC(300) Pause Full (System.gc()) 131M->71M(4029M) 65.637ms
[459.693s][info][gc,cpu         ] GC(300) User=0.12s Sys=0.02s Real=0.06s
[460.189s][info][gc,start       ] GC(301) Pause Young (Allocation Failure)
[460.193s][info][gc,heap        ] GC(301) PSYoungGen: 1263616K(1329664K)->26193K(1334784K) Eden: 1263616K(1263616K)->0K(1269760K) From: 0K(66048K)->26193K(65024K)
[460.193s][info][gc,heap        ] GC(301) ParOldGen: 72985K(2796544K)->72985K(2796544K)
[460.193s][info][gc,metaspace   ] GC(301) Metaspace: 130746K(132544K)->130746K(132544K) NonClass: 114337K(114944K)->114337K(114944K) Class: 16408K(17600K)->16408K(17600K)
[460.193s][info][gc             ] GC(301) Pause Young (Allocation Failure) 1305M->96M(4034M) 4.489ms
[460.193s][info][gc,cpu         ] GC(301) User=0.09s Sys=0.00s Real=0.00s
[460.569s][info][gc,start       ] GC(302) Pause Young (Allocation Failure)
[460.580s][info][gc,heap        ] GC(302) PSYoungGen: 1295953K(1334784K)->51090K(1320960K) Eden: 1269760K(1269760K)->0K(1269760K) From: 26193K(65024K)->51090K(51200K)
[460.580s][info][gc,heap        ] GC(302) ParOldGen: 72985K(2796544K)->97164K(2796544K)
[460.580s][info][gc,metaspace   ] GC(302) Metaspace: 130746K(132544K)->130746K(132544K) NonClass: 114337K(114944K)->114337K(114944K) Class: 16408K(17600K)->16408K(17600K)
[460.580s][info][gc             ] GC(302) Pause Young (Allocation Failure) 1336M->144M(4021M) 11.506ms
[460.580s][info][gc,cpu         ] GC(302) User=0.00s Sys=0.00s Real=0.01s
[465.349s][info][gc,start       ] GC(303) Pause Young (Allocation Failure)
[465.356s][info][gc,heap        ] GC(303) PSYoungGen: 1320850K(1320960K)->8338K(1329664K) Eden: 1269760K(1269760K)->0K(1260032K) From: 51090K(51200K)->8338K(69632K)
[465.356s][info][gc,heap        ] GC(303) ParOldGen: 97164K(2796544K)->128791K(2796544K)
[465.356s][info][gc,metaspace   ] GC(303) Metaspace: 130746K(132544K)->130746K(132544K) NonClass: 114337K(114944K)->114337K(114944K) Class: 16408K(17600K)->16408K(17600K)
[465.356s][info][gc             ] GC(303) Pause Young (Allocation Failure) 1384M->133M(4029M) 7.170ms
[465.356s][info][gc,cpu         ] GC(303) User=0.00s Sys=0.00s Real=0.01s
[466.969s][info][gc,start       ] GC(304) Pause Young (System.gc())
[466.972s][info][gc,heap        ] GC(304) PSYoungGen: 554332K(1329664K)->3002K(1328128K) Eden: 545993K(1260032K)->0K(1260032K) From: 8338K(69632K)->3002K(68096K)
[466.972s][info][gc,heap        ] GC(304) ParOldGen: 128791K(2796544K)->131453K(2796544K)
[466.972s][info][gc,metaspace   ] GC(304) Metaspace: 130747K(132544K)->130747K(132544K) NonClass: 114338K(114944K)->114338K(114944K) Class: 16408K(17600K)->16408K(17600K)
[466.972s][info][gc             ] GC(304) Pause Young (System.gc()) 667M->131M(4028M) 2.659ms
[466.972s][info][gc,cpu         ] GC(304) User=0.00s Sys=0.00s Real=0.01s
[466.972s][info][gc,start       ] GC(305) Pause Full (System.gc())
[466.972s][info][gc,phases,start] GC(305) Marking Phase
[467.008s][info][gc,phases      ] GC(305) Marking Phase 35.845ms
[467.008s][info][gc,phases,start] GC(305) Summary Phase
[467.008s][info][gc,phases      ] GC(305) Summary Phase 0.010ms
[467.008s][info][gc,phases,start] GC(305) Adjust Roots
[467.022s][info][gc,phases      ] GC(305) Adjust Roots 14.800ms
[467.023s][info][gc,phases,start] GC(305) Compaction Phase
[467.037s][info][gc,phases      ] GC(305) Compaction Phase 14.349ms
[467.037s][info][gc,phases,start] GC(305) Post Compact
[467.038s][info][gc,phases      ] GC(305) Post Compact 0.989ms
[467.038s][info][gc,heap        ] GC(305) PSYoungGen: 3002K(1328128K)->0K(1328128K) Eden: 0K(1260032K)->0K(1260032K) From: 3002K(68096K)->0K(68096K)
[467.038s][info][gc,heap        ] GC(305) ParOldGen: 131453K(2796544K)->73351K(2796544K)
[467.038s][info][gc,metaspace   ] GC(305) Metaspace: 130747K(132544K)->130747K(132544K) NonClass: 114338K(114944K)->114338K(114944K) Class: 16408K(17600K)->16408K(17600K)
[467.038s][info][gc             ] GC(305) Pause Full (System.gc()) 131M->71M(4028M) 66.314ms
[467.038s][info][gc,cpu         ] GC(305) User=0.17s Sys=0.00s Real=0.06s
[467.505s][info][gc,start       ] GC(306) Pause Young (Allocation Failure)
[467.509s][info][gc,heap        ] GC(306) PSYoungGen: 1256628K(1328128K)->24426K(1334272K) Eden: 1256628K(1260032K)->0K(1267712K) From: 0K(68096K)->24426K(66560K)
[467.509s][info][gc,heap        ] GC(306) ParOldGen: 73351K(2796544K)->73351K(2796544K)
[467.509s][info][gc,metaspace   ] GC(306) Metaspace: 130747K(132544K)->130747K(132544K) NonClass: 114338K(114944K)->114338K(114944K) Class: 16408K(17600K)->16408K(17600K)
[467.509s][info][gc             ] GC(306) Pause Young (Allocation Failure) 1298M->95M(4034M) 4.021ms
[467.509s][info][gc,cpu         ] GC(306) User=0.02s Sys=0.00s Real=0.00s
[467.884s][info][gc,start       ] GC(307) Pause Young (Allocation Failure)
[467.895s][info][gc,heap        ] GC(307) PSYoungGen: 1292138K(1334272K)->44163K(1312256K) Eden: 1267712K(1267712K)->0K(1267712K) From: 24426K(66560K)->44163K(44544K)
[467.895s][info][gc,heap        ] GC(307) ParOldGen: 73351K(2796544K)->97514K(2796544K)
[467.895s][info][gc,metaspace   ] GC(307) Metaspace: 130747K(132544K)->130747K(132544K) NonClass: 114338K(114944K)->114338K(114944K) Class: 16408K(17600K)->16408K(17600K)
[467.895s][info][gc             ] GC(307) Pause Young (Allocation Failure) 1333M->138M(4012M) 10.405ms
[467.895s][info][gc,cpu         ] GC(307) User=0.00s Sys=0.00s Real=0.02s
[472.787s][info][gc,start       ] GC(308) Pause Young (Allocation Failure)
[472.793s][info][gc,heap        ] GC(308) PSYoungGen: 1311875K(1312256K)->7099K(1331712K) Eden: 1267712K(1267712K)->0K(1263616K) From: 44163K(44544K)->7099K(68096K)
[472.793s][info][gc,heap        ] GC(308) ParOldGen: 97514K(2796544K)->126846K(2796544K)
[472.793s][info][gc,metaspace   ] GC(308) Metaspace: 130747K(132544K)->130747K(132544K) NonClass: 114339K(114944K)->114339K(114944K) Class: 16408K(17600K)->16408K(17600K)
[472.793s][info][gc             ] GC(308) Pause Young (Allocation Failure) 1376M->130M(4031M) 6.420ms
[472.793s][info][gc,cpu         ] GC(308) User=0.00s Sys=0.00s Real=0.01s
[474.476s][info][gc,start       ] GC(309) Pause Young (System.gc())
[474.479s][info][gc,heap        ] GC(309) PSYoungGen: 566562K(1331712K)->3075K(1329664K) Eden: 559462K(1263616K)->0K(1263616K) From: 7099K(68096K)->3075K(66048K)
[474.479s][info][gc,heap        ] GC(309) ParOldGen: 126846K(2796544K)->131868K(2796544K)
[474.479s][info][gc,metaspace   ] GC(309) Metaspace: 130748K(132544K)->130748K(132544K) NonClass: 114339K(114944K)->114339K(114944K) Class: 16408K(17600K)->16408K(17600K)
[474.479s][info][gc             ] GC(309) Pause Young (System.gc()) 677M->131M(4029M) 3.082ms
[474.479s][info][gc,cpu         ] GC(309) User=0.00s Sys=0.00s Real=0.00s
[474.479s][info][gc,start       ] GC(310) Pause Full (System.gc())
[474.479s][info][gc,phases,start] GC(310) Marking Phase
[474.516s][info][gc,phases      ] GC(310) Marking Phase 37.430ms
[474.516s][info][gc,phases,start] GC(310) Summary Phase
[474.516s][info][gc,phases      ] GC(310) Summary Phase 0.011ms
[474.516s][info][gc,phases,start] GC(310) Adjust Roots
[474.531s][info][gc,phases      ] GC(310) Adjust Roots 14.974ms
[474.531s][info][gc,phases,start] GC(310) Compaction Phase
[474.544s][info][gc,phases      ] GC(310) Compaction Phase 12.817ms
[474.544s][info][gc,phases,start] GC(310) Post Compact
[474.545s][info][gc,phases      ] GC(310) Post Compact 1.092ms
[474.545s][info][gc,heap        ] GC(310) PSYoungGen: 3075K(1329664K)->0K(1329664K) Eden: 0K(1263616K)->0K(1263616K) From: 3075K(66048K)->0K(66048K)
[474.546s][info][gc,heap        ] GC(310) ParOldGen: 131868K(2796544K)->73078K(2796544K)
[474.546s][info][gc,metaspace   ] GC(310) Metaspace: 130748K(132544K)->130748K(132544K) NonClass: 114339K(114944K)->114339K(114944K) Class: 16408K(17600K)->16408K(17600K)
[474.546s][info][gc             ] GC(310) Pause Full (System.gc()) 131M->71M(4029M) 66.608ms
[474.546s][info][gc,cpu         ] GC(310) User=0.20s Sys=0.02s Real=0.07s
[475.053s][info][gc,start       ] GC(311) Pause Young (Allocation Failure)
[475.057s][info][gc,heap        ] GC(311) PSYoungGen: 1263616K(1329664K)->25044K(1335296K) Eden: 1263616K(1263616K)->0K(1270272K) From: 0K(66048K)->25044K(65024K)
[475.057s][info][gc,heap        ] GC(311) ParOldGen: 73078K(2796544K)->73078K(2796544K)
[475.057s][info][gc,metaspace   ] GC(311) Metaspace: 130751K(132544K)->130751K(132544K) NonClass: 114343K(114944K)->114343K(114944K) Class: 16408K(17600K)->16408K(17600K)
[475.057s][info][gc             ] GC(311) Pause Young (Allocation Failure) 1305M->95M(4035M) 4.031ms
[475.057s][info][gc,cpu         ] GC(311) User=0.00s Sys=0.00s Real=0.00s
[475.426s][info][gc,start       ] GC(312) Pause Young (Allocation Failure)
[475.437s][info][gc,heap        ] GC(312) PSYoungGen: 1295316K(1335296K)->47278K(1317888K) Eden: 1270272K(1270272K)->0K(1270272K) From: 25044K(65024K)->47278K(47616K)
[475.437s][info][gc,heap        ] GC(312) ParOldGen: 73078K(2796544K)->97255K(2796544K)
[475.437s][info][gc,metaspace   ] GC(312) Metaspace: 130751K(132544K)->130751K(132544K) NonClass: 114343K(114944K)->114343K(114944K) Class: 16408K(17600K)->16408K(17600K)
[475.437s][info][gc             ] GC(312) Pause Young (Allocation Failure) 1336M->141M(4018M) 11.175ms
[475.437s][info][gc,cpu         ] GC(312) User=0.09s Sys=0.00s Real=0.01s
[480.376s][info][gc,start       ] GC(313) Pause Young (Allocation Failure)
[480.383s][info][gc,heap        ] GC(313) PSYoungGen: 1317550K(1317888K)->11277K(1332224K) Eden: 1270272K(1270272K)->0K(1264128K) From: 47278K(47616K)->11277K(68096K)
[480.383s][info][gc,heap        ] GC(313) ParOldGen: 97255K(2796544K)->126594K(2796544K)
[480.383s][info][gc,metaspace   ] GC(313) Metaspace: 130752K(132544K)->130752K(132544K) NonClass: 114343K(114944K)->114343K(114944K) Class: 16408K(17600K)->16408K(17600K)
[480.383s][info][gc             ] GC(313) Pause Young (Allocation Failure) 1381M->134M(4032M) 7.484ms
[480.383s][info][gc,cpu         ] GC(313) User=0.08s Sys=0.00s Real=0.01s
[482.027s][info][gc,start       ] GC(314) Pause Young (System.gc())
[482.030s][info][gc,heap        ] GC(314) PSYoungGen: 559224K(1332224K)->2995K(1329664K) Eden: 547947K(1264128K)->0K(1264128K) From: 11277K(68096K)->2995K(65536K)
[482.030s][info][gc,heap        ] GC(314) ParOldGen: 126594K(2796544K)->131555K(2796544K)
[482.030s][info][gc,metaspace   ] GC(314) Metaspace: 130752K(132544K)->130752K(132544K) NonClass: 114343K(114944K)->114343K(114944K) Class: 16408K(17600K)->16408K(17600K)
[482.030s][info][gc             ] GC(314) Pause Young (System.gc()) 669M->131M(4029M) 2.534ms
[482.030s][info][gc,cpu         ] GC(314) User=0.00s Sys=0.00s Real=0.00s
[482.030s][info][gc,start       ] GC(315) Pause Full (System.gc())
[482.030s][info][gc,phases,start] GC(315) Marking Phase
[482.066s][info][gc,phases      ] GC(315) Marking Phase 35.562ms
[482.066s][info][gc,phases,start] GC(315) Summary Phase
[482.066s][info][gc,phases      ] GC(315) Summary Phase 0.010ms
[482.066s][info][gc,phases,start] GC(315) Adjust Roots
[482.081s][info][gc,phases      ] GC(315) Adjust Roots 14.818ms
[482.081s][info][gc,phases,start] GC(315) Compaction Phase
[482.093s][info][gc,phases      ] GC(315) Compaction Phase 12.407ms
[482.093s][info][gc,phases,start] GC(315) Post Compact
[482.094s][info][gc,phases      ] GC(315) Post Compact 1.056ms
[482.094s][info][gc,heap        ] GC(315) PSYoungGen: 2995K(1329664K)->0K(1329664K) Eden: 0K(1264128K)->0K(1264128K) From: 2995K(65536K)->0K(65536K)
[482.094s][info][gc,heap        ] GC(315) ParOldGen: 131555K(2796544K)->73445K(2796544K)
[482.094s][info][gc,metaspace   ] GC(315) Metaspace: 130752K(132544K)->130752K(132544K) NonClass: 114343K(114944K)->114343K(114944K) Class: 16408K(17600K)->16408K(17600K)
[482.094s][info][gc             ] GC(315) Pause Full (System.gc()) 131M->71M(4029M) 64.189ms
[482.094s][info][gc,cpu         ] GC(315) User=0.27s Sys=0.02s Real=0.06s
[482.574s][info][gc,start       ] GC(316) Pause Young (Allocation Failure)
[482.579s][info][gc,heap        ] GC(316) PSYoungGen: 1264128K(1329664K)->25394K(1335808K) Eden: 1264128K(1264128K)->0K(1271296K) From: 0K(65536K)->25394K(64512K)
[482.579s][info][gc,heap        ] GC(316) ParOldGen: 73445K(2796544K)->73445K(2796544K)
[482.579s][info][gc,metaspace   ] GC(316) Metaspace: 130752K(132544K)->130752K(132544K) NonClass: 114343K(114944K)->114343K(114944K) Class: 16408K(17600K)->16408K(17600K)
[482.579s][info][gc             ] GC(316) Pause Young (Allocation Failure) 1306M->96M(4035M) 4.336ms
[482.579s][info][gc,cpu         ] GC(316) User=0.00s Sys=0.00s Real=0.01s
[482.947s][info][gc,start       ] GC(317) Pause Young (Allocation Failure)
[482.957s][info][gc,heap        ] GC(317) PSYoungGen: 1296690K(1335808K)->46476K(1317888K) Eden: 1271296K(1271296K)->0K(1271296K) From: 25394K(64512K)->46476K(46592K)
[482.957s][info][gc,heap        ] GC(317) ParOldGen: 73445K(2796544K)->97606K(2796544K)
[482.957s][info][gc,metaspace   ] GC(317) Metaspace: 130752K(132544K)->130752K(132544K) NonClass: 114343K(114944K)->114343K(114944K) Class: 16408K(17600K)->16408K(17600K)
[482.957s][info][gc             ] GC(317) Pause Young (Allocation Failure) 1338M->140M(4018M) 10.884ms
[482.957s][info][gc,cpu         ] GC(317) User=0.00s Sys=0.00s Real=0.01s
[487.974s][info][gc,start       ] GC(318) Pause Young (Allocation Failure)
[487.982s][info][gc,heap        ] GC(318) PSYoungGen: 1317772K(1317888K)->9519K(1332224K) Eden: 1271296K(1271296K)->0K(1264640K) From: 46476K(46592K)->9519K(67584K)
[487.982s][info][gc,heap        ] GC(318) ParOldGen: 97606K(2796544K)->130084K(2796544K)
[487.982s][info][gc,metaspace   ] GC(318) Metaspace: 130752K(132544K)->130752K(132544K) NonClass: 114343K(114944K)->114343K(114944K) Class: 16408K(17600K)->16408K(17600K)
[487.982s][info][gc             ] GC(318) Pause Young (Allocation Failure) 1382M->136M(4032M) 7.908ms
[487.982s][info][gc,cpu         ] GC(318) User=0.00s Sys=0.00s Real=0.02s
[489.589s][info][gc,start       ] GC(319) Pause Young (System.gc())
[489.591s][info][gc,heap        ] GC(319) PSYoungGen: 548416K(1332224K)->2986K(1330176K) Eden: 538897K(1264640K)->0K(1264640K) From: 9519K(67584K)->2986K(65536K)
[489.591s][info][gc,heap        ] GC(319) ParOldGen: 130084K(2796544K)->131912K(2796544K)
[489.591s][info][gc,metaspace   ] GC(319) Metaspace: 130754K(132544K)->130754K(132544K) NonClass: 114345K(114944K)->114345K(114944K) Class: 16408K(17600K)->16408K(17600K)
[489.591s][info][gc             ] GC(319) Pause Young (System.gc()) 662M->131M(4030M) 2.159ms
[489.591s][info][gc,cpu         ] GC(319) User=0.00s Sys=0.00s Real=0.00s
[489.591s][info][gc,start       ] GC(320) Pause Full (System.gc())
[489.591s][info][gc,phases,start] GC(320) Marking Phase
[489.627s][info][gc,phases      ] GC(320) Marking Phase 35.849ms
[489.627s][info][gc,phases,start] GC(320) Summary Phase
[489.627s][info][gc,phases      ] GC(320) Summary Phase 0.011ms
[489.627s][info][gc,phases,start] GC(320) Adjust Roots
[489.642s][info][gc,phases      ] GC(320) Adjust Roots 14.837ms
[489.642s][info][gc,phases,start] GC(320) Compaction Phase
[489.656s][info][gc,phases      ] GC(320) Compaction Phase 13.929ms
[489.656s][info][gc,phases,start] GC(320) Post Compact
[489.657s][info][gc,phases      ] GC(320) Post Compact 1.101ms
[489.657s][info][gc,heap        ] GC(320) PSYoungGen: 2986K(1330176K)->0K(1330176K) Eden: 0K(1264640K)->0K(1264640K) From: 2986K(65536K)->0K(65536K)
[489.657s][info][gc,heap        ] GC(320) ParOldGen: 131912K(2796544K)->73159K(2796544K)
[489.657s][info][gc,metaspace   ] GC(320) Metaspace: 130754K(132544K)->130754K(132544K) NonClass: 114345K(114944K)->114345K(114944K) Class: 16408K(17600K)->16408K(17600K)
[489.657s][info][gc             ] GC(320) Pause Full (System.gc()) 131M->71M(4030M) 66.064ms
[489.657s][info][gc,cpu         ] GC(320) User=0.22s Sys=0.00s Real=0.07s
[490.156s][info][gc,start       ] GC(321) Pause Young (Allocation Failure)
[490.160s][info][gc,heap        ] GC(321) PSYoungGen: 1264640K(1330176K)->27891K(1334784K) Eden: 1264640K(1264640K)->0K(1270272K) From: 0K(65536K)->27891K(64512K)
[490.160s][info][gc,heap        ] GC(321) ParOldGen: 73159K(2796544K)->73159K(2796544K)
[490.160s][info][gc,metaspace   ] GC(321) Metaspace: 130784K(132608K)->130784K(132608K) NonClass: 114375K(115008K)->114375K(115008K) Class: 16408K(17600K)->16408K(17600K)
[490.160s][info][gc             ] GC(321) Pause Young (Allocation Failure) 1306M->98M(4034M) 4.802ms
[490.161s][info][gc,cpu         ] GC(321) User=0.00s Sys=0.00s Real=0.01s
[490.529s][info][gc,start       ] GC(322) Pause Young (Allocation Failure)
[490.540s][info][gc,heap        ] GC(322) PSYoungGen: 1298163K(1334784K)->46098K(1316864K) Eden: 1270272K(1270272K)->0K(1270272K) From: 27891K(64512K)->46098K(46592K)
[490.540s][info][gc,heap        ] GC(322) ParOldGen: 73159K(2796544K)->97346K(2796544K)
[490.540s][info][gc,metaspace   ] GC(322) Metaspace: 130784K(132608K)->130784K(132608K) NonClass: 114375K(115008K)->114375K(115008K) Class: 16408K(17600K)->16408K(17600K)
[490.540s][info][gc             ] GC(322) Pause Young (Allocation Failure) 1339M->140M(4017M) 10.643ms
[490.540s][info][gc,cpu         ] GC(322) User=0.09s Sys=0.00s Real=0.01s
[495.342s][info][gc,start       ] GC(323) Pause Young (Allocation Failure)
[495.350s][info][gc,heap        ] GC(323) PSYoungGen: 1316370K(1316864K)->9459K(1331712K) Eden: 1270272K(1270272K)->0K(1263616K) From: 46098K(46592K)->9459K(68096K)
[495.350s][info][gc,heap        ] GC(323) ParOldGen: 97346K(2796544K)->129755K(2796544K)
[495.350s][info][gc,metaspace   ] GC(323) Metaspace: 130784K(132608K)->130784K(132608K) NonClass: 114375K(115008K)->114375K(115008K) Class: 16408K(17600K)->16408K(17600K)
[495.350s][info][gc             ] GC(323) Pause Young (Allocation Failure) 1380M->135M(4031M) 8.203ms
[495.350s][info][gc,cpu         ] GC(323) User=0.08s Sys=0.00s Real=0.02s
[496.963s][info][gc,start       ] GC(324) Pause Young (System.gc())
[496.965s][info][gc,heap        ] GC(324) PSYoungGen: 548394K(1331712K)->2995K(1329664K) Eden: 538935K(1263616K)->0K(1263616K) From: 9459K(68096K)->2995K(66048K)
[496.965s][info][gc,heap        ] GC(324) ParOldGen: 129755K(2796544K)->131628K(2796544K)
[496.965s][info][gc,metaspace   ] GC(324) Metaspace: 130784K(132608K)->130784K(132608K) NonClass: 114375K(115008K)->114375K(115008K) Class: 16408K(17600K)->16408K(17600K)
[496.965s][info][gc             ] GC(324) Pause Young (System.gc()) 662M->131M(4029M) 2.285ms
[496.965s][info][gc,cpu         ] GC(324) User=0.00s Sys=0.00s Real=0.00s
[496.965s][info][gc,start       ] GC(325) Pause Full (System.gc())
[496.965s][info][gc,phases,start] GC(325) Marking Phase
[497.001s][info][gc,phases      ] GC(325) Marking Phase 35.681ms
[497.001s][info][gc,phases,start] GC(325) Summary Phase
[497.001s][info][gc,phases      ] GC(325) Summary Phase 0.011ms
[497.001s][info][gc,phases,start] GC(325) Adjust Roots
[497.017s][info][gc,phases      ] GC(325) Adjust Roots 15.878ms
[497.017s][info][gc,phases,start] GC(325) Compaction Phase
[497.029s][info][gc,phases      ] GC(325) Compaction Phase 12.584ms
[497.029s][info][gc,phases,start] GC(325) Post Compact
[497.030s][info][gc,phases      ] GC(325) Post Compact 1.047ms
[497.030s][info][gc,heap        ] GC(325) PSYoungGen: 2995K(1329664K)->0K(1329664K) Eden: 0K(1263616K)->0K(1263616K) From: 2995K(66048K)->0K(66048K)
[497.030s][info][gc,heap        ] GC(325) ParOldGen: 131628K(2796544K)->72726K(2796544K)
[497.030s][info][gc,metaspace   ] GC(325) Metaspace: 130784K(132608K)->130784K(132608K) NonClass: 114375K(115008K)->114375K(115008K) Class: 16408K(17600K)->16408K(17600K)
[497.030s][info][gc             ] GC(325) Pause Full (System.gc()) 131M->71M(4029M) 65.511ms
[497.031s][info][gc,cpu         ] GC(325) User=0.20s Sys=0.00s Real=0.06s
[497.519s][info][gc,start       ] GC(326) Pause Young (Allocation Failure)
[497.523s][info][gc,heap        ] GC(326) PSYoungGen: 1263616K(1329664K)->25353K(1335296K) Eden: 1263616K(1263616K)->0K(1270784K) From: 0K(66048K)->25353K(64512K)
[497.523s][info][gc,heap        ] GC(326) ParOldGen: 72726K(2796544K)->72734K(2796544K)
[497.523s][info][gc,metaspace   ] GC(326) Metaspace: 130847K(132672K)->130847K(132672K) NonClass: 114439K(115072K)->114439K(115072K) Class: 16408K(17600K)->16408K(17600K)
[497.523s][info][gc             ] GC(326) Pause Young (Allocation Failure) 1305M->95M(4035M) 4.351ms
[497.523s][info][gc,cpu         ] GC(326) User=0.09s Sys=0.00s Real=0.00s
[497.905s][info][gc,start       ] GC(327) Pause Young (Allocation Failure)
[497.916s][info][gc,heap        ] GC(327) PSYoungGen: 1296137K(1335296K)->47319K(1318400K) Eden: 1270784K(1270784K)->0K(1270784K) From: 25353K(64512K)->47319K(47616K)
[497.916s][info][gc,heap        ] GC(327) ParOldGen: 72734K(2796544K)->96906K(2796544K)
[497.916s][info][gc,metaspace   ] GC(327) Metaspace: 130849K(132672K)->130849K(132672K) NonClass: 114441K(115072K)->114441K(115072K) Class: 16408K(17600K)->16408K(17600K)
[497.916s][info][gc             ] GC(327) Pause Young (Allocation Failure) 1336M->140M(4018M) 11.441ms
[497.916s][info][gc,cpu         ] GC(327) User=0.08s Sys=0.00s Real=0.01s
[502.722s][info][gc,start       ] GC(328) Pause Young (Allocation Failure)
[502.729s][info][gc,heap        ] GC(328) PSYoungGen: 1318103K(1318400K)->10163K(1331712K) Eden: 1270784K(1270784K)->0K(1263616K) From: 47319K(47616K)->10163K(68096K)
[502.729s][info][gc,heap        ] GC(328) ParOldGen: 96906K(2796544K)->127752K(2796544K)
[502.729s][info][gc,metaspace   ] GC(328) Metaspace: 130851K(132672K)->130851K(132672K) NonClass: 114443K(115072K)->114443K(115072K) Class: 16408K(17600K)->16408K(17600K)
[502.729s][info][gc             ] GC(328) Pause Young (Allocation Failure) 1381M->134M(4031M) 7.131ms
[502.729s][info][gc,cpu         ] GC(328) User=0.09s Sys=0.00s Real=0.01s
[504.344s][info][gc,start       ] GC(329) Pause Young (System.gc())
[504.347s][info][gc,heap        ] GC(329) PSYoungGen: 547358K(1331712K)->2971K(1329664K) Eden: 537195K(1263616K)->0K(1263616K) From: 10163K(68096K)->2971K(66048K)
[504.347s][info][gc,heap        ] GC(329) ParOldGen: 127752K(2796544K)->131188K(2796544K)
[504.347s][info][gc,metaspace   ] GC(329) Metaspace: 130987K(132800K)->130987K(132800K) NonClass: 114578K(115200K)->114578K(115200K) Class: 16408K(17600K)->16408K(17600K)
[504.347s][info][gc             ] GC(329) Pause Young (System.gc()) 659M->131M(4029M) 2.973ms
[504.347s][info][gc,cpu         ] GC(329) User=0.00s Sys=0.00s Real=0.00s
[504.347s][info][gc,start       ] GC(330) Pause Full (System.gc())
[504.347s][info][gc,phases,start] GC(330) Marking Phase
[504.383s][info][gc,phases      ] GC(330) Marking Phase 36.145ms
[504.383s][info][gc,phases,start] GC(330) Summary Phase
[504.383s][info][gc,phases      ] GC(330) Summary Phase 0.011ms
[504.383s][info][gc,phases,start] GC(330) Adjust Roots
[504.398s][info][gc,phases      ] GC(330) Adjust Roots 15.236ms
[504.398s][info][gc,phases,start] GC(330) Compaction Phase
[504.412s][info][gc,phases      ] GC(330) Compaction Phase 13.095ms
[504.412s][info][gc,phases,start] GC(330) Post Compact
[504.413s][info][gc,phases      ] GC(330) Post Compact 1.058ms
[504.413s][info][gc,heap        ] GC(330) PSYoungGen: 2971K(1329664K)->0K(1329664K) Eden: 0K(1263616K)->0K(1263616K) From: 2971K(66048K)->0K(66048K)
[504.413s][info][gc,heap        ] GC(330) ParOldGen: 131188K(2796544K)->73083K(2796544K)
[504.413s][info][gc,metaspace   ] GC(330) Metaspace: 130987K(132800K)->130987K(132800K) NonClass: 114578K(115200K)->114578K(115200K) Class: 16408K(17600K)->16408K(17600K)
[504.413s][info][gc             ] GC(330) Pause Full (System.gc()) 131M->71M(4029M) 65.871ms
[504.413s][info][gc,cpu         ] GC(330) User=0.14s Sys=0.02s Real=0.07s
[504.912s][info][gc,start       ] GC(331) Pause Young (Allocation Failure)
[504.916s][info][gc,heap        ] GC(331) PSYoungGen: 1263616K(1329664K)->24968K(1335808K) Eden: 1263616K(1263616K)->0K(1271296K) From: 0K(66048K)->24968K(64512K)
[504.916s][info][gc,heap        ] GC(331) ParOldGen: 73083K(2796544K)->73083K(2796544K)
[504.916s][info][gc,metaspace   ] GC(331) Metaspace: 130989K(132800K)->130989K(132800K) NonClass: 114580K(115200K)->114580K(115200K) Class: 16408K(17600K)->16408K(17600K)
[504.916s][info][gc             ] GC(331) Pause Young (Allocation Failure) 1305M->95M(4035M) 4.258ms
[504.917s][info][gc,cpu         ] GC(331) User=0.00s Sys=0.00s Real=0.00s
[505.293s][info][gc,start       ] GC(332) Pause Young (Allocation Failure)
[505.303s][info][gc,heap        ] GC(332) PSYoungGen: 1296253K(1335808K)->45929K(1317376K) Eden: 1271285K(1271296K)->0K(1271296K) From: 24968K(64512K)->45929K(46080K)
[505.303s][info][gc,heap        ] GC(332) ParOldGen: 73083K(2796544K)->97254K(2796544K)
[505.303s][info][gc,metaspace   ] GC(332) Metaspace: 130989K(132800K)->130989K(132800K) NonClass: 114580K(115200K)->114580K(115200K) Class: 16408K(17600K)->16408K(17600K)
[505.303s][info][gc             ] GC(332) Pause Young (Allocation Failure) 1337M->139M(4017M) 10.474ms
[505.303s][info][gc,cpu         ] GC(332) User=0.09s Sys=0.00s Real=0.01s
[510.151s][info][gc,start       ] GC(333) Pause Young (Allocation Failure)
[510.158s][info][gc,heap        ] GC(333) PSYoungGen: 1317225K(1317376K)->8729K(1332224K) Eden: 1271296K(1271296K)->0K(1264640K) From: 45929K(46080K)->8729K(67584K)
[510.159s][info][gc,heap        ] GC(333) ParOldGen: 97254K(2796544K)->129670K(2796544K)
[510.159s][info][gc,metaspace   ] GC(333) Metaspace: 130989K(132800K)->130989K(132800K) NonClass: 114580K(115200K)->114580K(115200K) Class: 16408K(17600K)->16408K(17600K)
[510.159s][info][gc             ] GC(333) Pause Young (Allocation Failure) 1381M->135M(4032M) 7.898ms
[510.159s][info][gc,cpu         ] GC(333) User=0.00s Sys=0.00s Real=0.02s
[511.772s][info][gc,start       ] GC(334) Pause Young (System.gc())
[511.774s][info][gc,heap        ] GC(334) PSYoungGen: 550616K(1332224K)->3002K(1330176K) Eden: 541886K(1264640K)->0K(1264640K) From: 8729K(67584K)->3002K(65536K)
[511.774s][info][gc,heap        ] GC(334) ParOldGen: 129670K(2796544K)->131544K(2796544K)
[511.774s][info][gc,metaspace   ] GC(334) Metaspace: 130991K(132800K)->130991K(132800K) NonClass: 114583K(115200K)->114583K(115200K) Class: 16408K(17600K)->16408K(17600K)
[511.774s][info][gc             ] GC(334) Pause Young (System.gc()) 664M->131M(4030M) 2.071ms
[511.774s][info][gc,cpu         ] GC(334) User=0.00s Sys=0.00s Real=0.01s
[511.774s][info][gc,start       ] GC(335) Pause Full (System.gc())
[511.774s][info][gc,phases,start] GC(335) Marking Phase
[511.810s][info][gc,phases      ] GC(335) Marking Phase 35.929ms
[511.810s][info][gc,phases,start] GC(335) Summary Phase
[511.810s][info][gc,phases      ] GC(335) Summary Phase 0.011ms
[511.810s][info][gc,phases,start] GC(335) Adjust Roots
[511.826s][info][gc,phases      ] GC(335) Adjust Roots 16.089ms
[511.826s][info][gc,phases,start] GC(335) Compaction Phase
[511.838s][info][gc,phases      ] GC(335) Compaction Phase 12.244ms
[511.838s][info][gc,phases,start] GC(335) Post Compact
[511.839s][info][gc,phases      ] GC(335) Post Compact 1.063ms
[511.840s][info][gc,heap        ] GC(335) PSYoungGen: 3002K(1330176K)->0K(1330176K) Eden: 0K(1264640K)->0K(1264640K) From: 3002K(65536K)->0K(65536K)
[511.840s][info][gc,heap        ] GC(335) ParOldGen: 131544K(2796544K)->72810K(2796544K)
[511.840s][info][gc,metaspace   ] GC(335) Metaspace: 130991K(132800K)->130991K(132800K) NonClass: 114583K(115200K)->114583K(115200K) Class: 16408K(17600K)->16408K(17600K)
[511.840s][info][gc             ] GC(335) Pause Full (System.gc()) 131M->71M(4030M) 65.647ms
[511.840s][info][gc,cpu         ] GC(335) User=0.22s Sys=0.00s Real=0.06s
[512.322s][info][gc,start       ] GC(336) Pause Young (Allocation Failure)
[512.326s][info][gc,heap        ] GC(336) PSYoungGen: 1261557K(1330176K)->24411K(1336320K) Eden: 1261557K(1264640K)->0K(1272320K) From: 0K(65536K)->24411K(64000K)
[512.326s][info][gc,heap        ] GC(336) ParOldGen: 72810K(2796544K)->72810K(2796544K)
[512.326s][info][gc,metaspace   ] GC(336) Metaspace: 130998K(132800K)->130998K(132800K) NonClass: 114590K(115200K)->114590K(115200K) Class: 16408K(17600K)->16408K(17600K)
[512.326s][info][gc             ] GC(336) Pause Young (Allocation Failure) 1303M->94M(4036M) 3.922ms
[512.326s][info][gc,cpu         ] GC(336) User=0.00s Sys=0.00s Real=0.01s
[512.705s][info][gc,start       ] GC(337) Pause Young (Allocation Failure)
[512.715s][info][gc,heap        ] GC(337) PSYoungGen: 1296731K(1336320K)->46938K(1319424K) Eden: 1272320K(1272320K)->0K(1272320K) From: 24411K(64000K)->46938K(47104K)
[512.716s][info][gc,heap        ] GC(337) ParOldGen: 72810K(2796544K)->96978K(2796544K)
[512.716s][info][gc,metaspace   ] GC(337) Metaspace: 130998K(132800K)->130998K(132800K) NonClass: 114590K(115200K)->114590K(115200K) Class: 16408K(17600K)->16408K(17600K)
[512.716s][info][gc             ] GC(337) Pause Young (Allocation Failure) 1337M->140M(4019M) 10.863ms
[512.716s][info][gc,cpu         ] GC(337) User=0.06s Sys=0.00s Real=0.02s
[517.640s][info][gc,start       ] GC(338) Pause Young (Allocation Failure)
[517.647s][info][gc,heap        ] GC(338) PSYoungGen: 1319258K(1319424K)->9007K(1332736K) Eden: 1272320K(1272320K)->0K(1265664K) From: 46938K(47104K)->9007K(67072K)
[517.647s][info][gc,heap        ] GC(338) ParOldGen: 96978K(2796544K)->124715K(2796544K)
[517.647s][info][gc,metaspace   ] GC(338) Metaspace: 131000K(132800K)->131000K(132800K) NonClass: 114591K(115200K)->114591K(115200K) Class: 16408K(17600K)->16408K(17600K)
[517.647s][info][gc             ] GC(338) Pause Young (Allocation Failure) 1383M->130M(4032M) 6.219ms
[517.647s][info][gc,cpu         ] GC(338) User=0.09s Sys=0.00s Real=0.01s
[519.292s][info][gc,start       ] GC(339) Pause Young (System.gc())
[519.295s][info][gc,heap        ] GC(339) PSYoungGen: 564108K(1332736K)->3034K(1330688K) Eden: 555100K(1265664K)->0K(1265664K) From: 9007K(67072K)->3034K(65024K)
[519.295s][info][gc,heap        ] GC(339) ParOldGen: 124715K(2796544K)->131284K(2796544K)
[519.295s][info][gc,metaspace   ] GC(339) Metaspace: 131000K(132800K)->131000K(132800K) NonClass: 114591K(115200K)->114591K(115200K) Class: 16408K(17600K)->16408K(17600K)
[519.295s][info][gc             ] GC(339) Pause Young (System.gc()) 672M->131M(4030M) 2.670ms
[519.295s][info][gc,cpu         ] GC(339) User=0.00s Sys=0.00s Real=0.00s
[519.295s][info][gc,start       ] GC(340) Pause Full (System.gc())
[519.295s][info][gc,phases,start] GC(340) Marking Phase
[519.331s][info][gc,phases      ] GC(340) Marking Phase 36.297ms
[519.331s][info][gc,phases,start] GC(340) Summary Phase
[519.332s][info][gc,phases      ] GC(340) Summary Phase 0.011ms
[519.332s][info][gc,phases,start] GC(340) Adjust Roots
[519.347s][info][gc,phases      ] GC(340) Adjust Roots 15.125ms
[519.347s][info][gc,phases,start] GC(340) Compaction Phase
[519.360s][info][gc,phases      ] GC(340) Compaction Phase 12.817ms
[519.360s][info][gc,phases,start] GC(340) Post Compact
[519.361s][info][gc,phases      ] GC(340) Post Compact 1.041ms
[519.361s][info][gc,heap        ] GC(340) PSYoungGen: 3034K(1330688K)->0K(1330688K) Eden: 0K(1265664K)->0K(1265664K) From: 3034K(65024K)->0K(65024K)
[519.361s][info][gc,heap        ] GC(340) ParOldGen: 131284K(2796544K)->73184K(2796544K)
[519.361s][info][gc,metaspace   ] GC(340) Metaspace: 131000K(132800K)->131000K(132800K) NonClass: 114591K(115200K)->114591K(115200K) Class: 16408K(17600K)->16408K(17600K)
[519.361s][info][gc             ] GC(340) Pause Full (System.gc()) 131M->71M(4030M) 65.628ms
[519.361s][info][gc,cpu         ] GC(340) User=0.28s Sys=0.02s Real=0.06s
[519.871s][info][gc,start       ] GC(341) Pause Young (Allocation Failure)
[519.875s][info][gc,heap        ] GC(341) PSYoungGen: 1265664K(1330688K)->25052K(1336320K) Eden: 1265664K(1265664K)->0K(1272320K) From: 0K(65024K)->25052K(64000K)
[519.875s][info][gc,heap        ] GC(341) ParOldGen: 73184K(2796544K)->73184K(2796544K)
[519.875s][info][gc,metaspace   ] GC(341) Metaspace: 131002K(132800K)->131002K(132800K) NonClass: 114593K(115200K)->114593K(115200K) Class: 16408K(17600K)->16408K(17600K)
[519.875s][info][gc             ] GC(341) Pause Young (Allocation Failure) 1307M->95M(4036M) 4.323ms
[519.876s][info][gc,cpu         ] GC(341) User=0.00s Sys=0.00s Real=0.00s
[520.252s][info][gc,start       ] GC(342) Pause Young (Allocation Failure)
[520.262s][info][gc,heap        ] GC(342) PSYoungGen: 1297372K(1336320K)->46014K(1318400K) Eden: 1272320K(1272320K)->0K(1272320K) From: 25052K(64000K)->46014K(46080K)
[520.262s][info][gc,heap        ] GC(342) ParOldGen: 73184K(2796544K)->97355K(2796544K)
[520.262s][info][gc,metaspace   ] GC(342) Metaspace: 131002K(132800K)->131002K(132800K) NonClass: 114593K(115200K)->114593K(115200K) Class: 16408K(17600K)->16408K(17600K)
[520.263s][info][gc             ] GC(342) Pause Young (Allocation Failure) 1338M->140M(4018M) 10.686ms
[520.263s][info][gc,cpu         ] GC(342) User=0.09s Sys=0.00s Real=0.01s
[525.115s][info][gc,start       ] GC(343) Pause Young (Allocation Failure)
[525.122s][info][gc,heap        ] GC(343) PSYoungGen: 1318334K(1318400K)->8612K(1332736K) Eden: 1272320K(1272320K)->0K(1265664K) From: 46014K(46080K)->8612K(67072K)
[525.122s][info][gc,heap        ] GC(343) ParOldGen: 97355K(2796544K)->129779K(2796544K)
[525.122s][info][gc,metaspace   ] GC(343) Metaspace: 131002K(132800K)->131002K(132800K) NonClass: 114593K(115200K)->114593K(115200K) Class: 16408K(17600K)->16408K(17600K)
[525.122s][info][gc             ] GC(343) Pause Young (Allocation Failure) 1382M->135M(4032M) 7.033ms
[525.122s][info][gc,cpu         ] GC(343) User=0.00s Sys=0.00s Real=0.01s
[526.734s][info][gc,start       ] GC(344) Pause Young (System.gc())
[526.737s][info][gc,heap        ] GC(344) PSYoungGen: 552158K(1332736K)->3003K(1330688K) Eden: 543545K(1265664K)->0K(1265664K) From: 8612K(67072K)->3003K(65024K)
[526.737s][info][gc,heap        ] GC(344) ParOldGen: 129779K(2796544K)->131653K(2796544K)
[526.737s][info][gc,metaspace   ] GC(344) Metaspace: 131002K(132800K)->131002K(132800K) NonClass: 114594K(115200K)->114594K(115200K) Class: 16408K(17600K)->16408K(17600K)
[526.737s][info][gc             ] GC(344) Pause Young (System.gc()) 665M->131M(4030M) 2.139ms
[526.737s][info][gc,cpu         ] GC(344) User=0.00s Sys=0.00s Real=0.00s
[526.737s][info][gc,start       ] GC(345) Pause Full (System.gc())
[526.737s][info][gc,phases,start] GC(345) Marking Phase
[526.773s][info][gc,phases      ] GC(345) Marking Phase 36.367ms
[526.773s][info][gc,phases,start] GC(345) Summary Phase
[526.773s][info][gc,phases      ] GC(345) Summary Phase 0.010ms
[526.773s][info][gc,phases,start] GC(345) Adjust Roots
[526.788s][info][gc,phases      ] GC(345) Adjust Roots 14.998ms
[526.788s][info][gc,phases,start] GC(345) Compaction Phase
[526.802s][info][gc,phases      ] GC(345) Compaction Phase 13.688ms
[526.802s][info][gc,phases,start] GC(345) Post Compact
[526.803s][info][gc,phases      ] GC(345) Post Compact 1.197ms
[526.803s][info][gc,heap        ] GC(345) PSYoungGen: 3003K(1330688K)->0K(1330688K) Eden: 0K(1265664K)->0K(1265664K) From: 3003K(65024K)->0K(65024K)
[526.803s][info][gc,heap        ] GC(345) ParOldGen: 131653K(2796544K)->72893K(2796544K)
[526.803s][info][gc,metaspace   ] GC(345) Metaspace: 131002K(132800K)->131002K(132800K) NonClass: 114594K(115200K)->114594K(115200K) Class: 16408K(17600K)->16408K(17600K)
[526.803s][info][gc             ] GC(345) Pause Full (System.gc()) 131M->71M(4030M) 66.601ms
[526.803s][info][gc,cpu         ] GC(345) User=0.16s Sys=0.00s Real=0.07s
[527.287s][info][gc,start       ] GC(346) Pause Young (Allocation Failure)
[527.291s][info][gc,heap        ] GC(346) PSYoungGen: 1265664K(1330688K)->25384K(1336320K) Eden: 1265664K(1265664K)->0K(1272320K) From: 0K(65024K)->25384K(64000K)
[527.291s][info][gc,heap        ] GC(346) ParOldGen: 72893K(2796544K)->72893K(2796544K)
[527.291s][info][gc,metaspace   ] GC(346) Metaspace: 131002K(132800K)->131002K(132800K) NonClass: 114594K(115200K)->114594K(115200K) Class: 16408K(17600K)->16408K(17600K)
[527.291s][info][gc             ] GC(346) Pause Young (Allocation Failure) 1307M->95M(4036M) 4.260ms
[527.291s][info][gc,cpu         ] GC(346) User=0.00s Sys=0.00s Real=0.00s
[527.672s][info][gc,start       ] GC(347) Pause Young (Allocation Failure)
[527.682s][info][gc,heap        ] GC(347) PSYoungGen: 1297704K(1336320K)->47880K(1320448K) Eden: 1272320K(1272320K)->0K(1272320K) From: 25384K(64000K)->47880K(48128K)
[527.682s][info][gc,heap        ] GC(347) ParOldGen: 72893K(2796544K)->97096K(2796544K)
[527.682s][info][gc,metaspace   ] GC(347) Metaspace: 131002K(132800K)->131002K(132800K) NonClass: 114594K(115200K)->114594K(115200K) Class: 16408K(17600K)->16408K(17600K)
[527.682s][info][gc             ] GC(347) Pause Young (Allocation Failure) 1338M->141M(4020M) 10.639ms
[527.682s][info][gc,cpu         ] GC(347) User=0.09s Sys=0.00s Real=0.01s
[532.590s][info][gc,start       ] GC(348) Pause Young (Allocation Failure)
[532.597s][info][gc,heap        ] GC(348) PSYoungGen: 1320200K(1320448K)->11812K(1332736K) Eden: 1272320K(1272320K)->0K(1265152K) From: 47880K(48128K)->11812K(67584K)
[532.598s][info][gc,heap        ] GC(348) ParOldGen: 97096K(2796544K)->126379K(2796544K)
[532.598s][info][gc,metaspace   ] GC(348) Metaspace: 131002K(132800K)->131002K(132800K) NonClass: 114594K(115200K)->114594K(115200K) Class: 16408K(17600K)->16408K(17600K)
[532.598s][info][gc             ] GC(348) Pause Young (Allocation Failure) 1384M->134M(4032M) 7.856ms
[532.598s][info][gc,cpu         ] GC(348) User=0.00s Sys=0.00s Real=0.01s
[534.245s][info][gc,start       ] GC(349) Pause Young (System.gc())
[534.247s][info][gc,heap        ] GC(349) PSYoungGen: 550526K(1332736K)->2995K(1330176K) Eden: 538714K(1265152K)->0K(1265152K) From: 11812K(67584K)->2995K(65024K)
[534.247s][info][gc,heap        ] GC(349) ParOldGen: 126379K(2796544K)->131385K(2796544K)
[534.247s][info][gc,metaspace   ] GC(349) Metaspace: 131002K(132800K)->131002K(132800K) NonClass: 114594K(115200K)->114594K(115200K) Class: 16408K(17600K)->16408K(17600K)
[534.247s][info][gc             ] GC(349) Pause Young (System.gc()) 661M->131M(4030M) 2.592ms
[534.247s][info][gc,cpu         ] GC(349) User=0.00s Sys=0.00s Real=0.00s
[534.247s][info][gc,start       ] GC(350) Pause Full (System.gc())
[534.247s][info][gc,phases,start] GC(350) Marking Phase
[534.283s][info][gc,phases      ] GC(350) Marking Phase 35.962ms
[534.283s][info][gc,phases,start] GC(350) Summary Phase
[534.283s][info][gc,phases      ] GC(350) Summary Phase 0.010ms
[534.283s][info][gc,phases,start] GC(350) Adjust Roots
[534.299s][info][gc,phases      ] GC(350) Adjust Roots 15.503ms
[534.299s][info][gc,phases,start] GC(350) Compaction Phase
[534.312s][info][gc,phases      ] GC(350) Compaction Phase 12.766ms
[534.312s][info][gc,phases,start] GC(350) Post Compact
[534.313s][info][gc,phases      ] GC(350) Post Compact 1.039ms
[534.313s][info][gc,heap        ] GC(350) PSYoungGen: 2995K(1330176K)->0K(1330176K) Eden: 0K(1265152K)->0K(1265152K) From: 2995K(65024K)->0K(65024K)
[534.313s][info][gc,heap        ] GC(350) ParOldGen: 131385K(2796544K)->73256K(2796544K)
[534.313s][info][gc,metaspace   ] GC(350) Metaspace: 131002K(132800K)->131002K(132800K) NonClass: 114594K(115200K)->114594K(115200K) Class: 16408K(17600K)->16408K(17600K)
[534.313s][info][gc             ] GC(350) Pause Full (System.gc()) 131M->71M(4030M) 65.610ms
[534.313s][info][gc,cpu         ] GC(350) User=0.20s Sys=0.02s Real=0.06s
[534.789s][info][gc,start       ] GC(351) Pause Young (Allocation Failure)
[534.794s][info][gc,heap        ] GC(351) PSYoungGen: 1265152K(1330176K)->25838K(1335808K) Eden: 1265152K(1265152K)->0K(1271808K) From: 0K(65024K)->25838K(64000K)
[534.794s][info][gc,heap        ] GC(351) ParOldGen: 73256K(2796544K)->73256K(2796544K)
[534.794s][info][gc,metaspace   ] GC(351) Metaspace: 131006K(132800K)->131006K(132800K) NonClass: 114597K(115200K)->114597K(115200K) Class: 16408K(17600K)->16408K(17600K)
[534.794s][info][gc             ] GC(351) Pause Young (Allocation Failure) 1307M->96M(4035M) 4.647ms
[534.794s][info][gc,cpu         ] GC(351) User=0.00s Sys=0.00s Real=0.01s
[535.206s][info][gc,start       ] GC(352) Pause Young (Allocation Failure)
[535.216s][info][gc,heap        ] GC(352) PSYoungGen: 1297646K(1335808K)->45970K(1317888K) Eden: 1271808K(1271808K)->0K(1271808K) From: 25838K(64000K)->45970K(46080K)
[535.216s][info][gc,heap        ] GC(352) ParOldGen: 73256K(2796544K)->97426K(2796544K)
[535.216s][info][gc,metaspace   ] GC(352) Metaspace: 131006K(132800K)->131006K(132800K) NonClass: 114597K(115200K)->114597K(115200K) Class: 16408K(17600K)->16408K(17600K)
[535.216s][info][gc             ] GC(352) Pause Young (Allocation Failure) 1338M->140M(4018M) 10.591ms
[535.216s][info][gc,cpu         ] GC(352) User=0.09s Sys=0.00s Real=0.01s
[540.307s][info][gc,start       ] GC(353) Pause Young (Allocation Failure)
[540.314s][info][gc,heap        ] GC(353) PSYoungGen: 1317778K(1317888K)->8953K(1332736K) Eden: 1271808K(1271808K)->0K(1265664K) From: 45970K(46080K)->8953K(67072K)
[540.314s][info][gc,heap        ] GC(353) ParOldGen: 97426K(2796544K)->129843K(2796544K)
[540.314s][info][gc,metaspace   ] GC(353) Metaspace: 131007K(132800K)->131007K(132800K) NonClass: 114598K(115200K)->114598K(115200K) Class: 16408K(17600K)->16408K(17600K)
[540.314s][info][gc             ] GC(353) Pause Young (Allocation Failure) 1382M->135M(4032M) 7.043ms
[540.314s][info][gc,cpu         ] GC(353) User=0.00s Sys=0.00s Real=0.01s
[541.926s][info][gc,start       ] GC(354) Pause Young (System.gc())
[541.928s][info][gc,heap        ] GC(354) PSYoungGen: 548527K(1332736K)->3035K(1330688K) Eden: 539574K(1265664K)->0K(1265664K) From: 8953K(67072K)->3035K(65024K)
[541.928s][info][gc,heap        ] GC(354) ParOldGen: 129843K(2796544K)->131724K(2796544K)
[541.928s][info][gc,metaspace   ] GC(354) Metaspace: 131007K(132800K)->131007K(132800K) NonClass: 114598K(115200K)->114598K(115200K) Class: 16408K(17600K)->16408K(17600K)
[541.928s][info][gc             ] GC(354) Pause Young (System.gc()) 662M->131M(4030M) 2.189ms
[541.928s][info][gc,cpu         ] GC(354) User=0.09s Sys=0.00s Real=0.01s
[541.928s][info][gc,start       ] GC(355) Pause Full (System.gc())
[541.928s][info][gc,phases,start] GC(355) Marking Phase
[541.965s][info][gc,phases      ] GC(355) Marking Phase 37.053ms
[541.965s][info][gc,phases,start] GC(355) Summary Phase
[541.965s][info][gc,phases      ] GC(355) Summary Phase 0.010ms
[541.965s][info][gc,phases,start] GC(355) Adjust Roots
[541.980s][info][gc,phases      ] GC(355) Adjust Roots 15.030ms
[541.980s][info][gc,phases,start] GC(355) Compaction Phase
[541.993s][info][gc,phases      ] GC(355) Compaction Phase 12.518ms
[541.993s][info][gc,phases,start] GC(355) Post Compact
[541.994s][info][gc,phases      ] GC(355) Post Compact 1.042ms
[541.994s][info][gc,heap        ] GC(355) PSYoungGen: 3035K(1330688K)->0K(1330688K) Eden: 0K(1265664K)->0K(1265664K) From: 3035K(65024K)->0K(65024K)
[541.994s][info][gc,heap        ] GC(355) ParOldGen: 131724K(2796544K)->72957K(2796544K)
[541.994s][info][gc,metaspace   ] GC(355) Metaspace: 131007K(132800K)->131007K(132800K) NonClass: 114598K(115200K)->114598K(115200K) Class: 16408K(17600K)->16408K(17600K)
[541.994s][info][gc             ] GC(355) Pause Full (System.gc()) 131M->71M(4030M) 65.989ms
[541.994s][info][gc,cpu         ] GC(355) User=0.22s Sys=0.00s Real=0.06s
[542.462s][info][gc,start       ] GC(356) Pause Young (Allocation Failure)
[542.466s][info][gc,heap        ] GC(356) PSYoungGen: 1265664K(1330688K)->24974K(1336320K) Eden: 1265664K(1265664K)->0K(1272320K) From: 0K(65024K)->24974K(64000K)
[542.466s][info][gc,heap        ] GC(356) ParOldGen: 72957K(2796544K)->72957K(2796544K)
[542.466s][info][gc,metaspace   ] GC(356) Metaspace: 131007K(132800K)->131007K(132800K) NonClass: 114598K(115200K)->114598K(115200K) Class: 16408K(17600K)->16408K(17600K)
[542.466s][info][gc             ] GC(356) Pause Young (Allocation Failure) 1307M->95M(4036M) 4.171ms
[542.466s][info][gc,cpu         ] GC(356) User=0.00s Sys=0.00s Real=0.00s
[542.848s][info][gc,start       ] GC(357) Pause Young (Allocation Failure)
[542.858s][info][gc,heap        ] GC(357) PSYoungGen: 1297294K(1336320K)->46174K(1318912K) Eden: 1272320K(1272320K)->0K(1272320K) From: 24974K(64000K)->46174K(46592K)
[542.858s][info][gc,heap        ] GC(357) ParOldGen: 72957K(2796544K)->97136K(2796544K)
[542.858s][info][gc,metaspace   ] GC(357) Metaspace: 131007K(132800K)->131007K(132800K) NonClass: 114598K(115200K)->114598K(115200K) Class: 16408K(17600K)->16408K(17600K)
[542.858s][info][gc             ] GC(357) Pause Young (Allocation Failure) 1338M->139M(4019M) 10.512ms
[542.858s][info][gc,cpu         ] GC(357) User=0.09s Sys=0.00s Real=0.01s
[547.841s][info][gc,start       ] GC(358) Pause Young (Allocation Failure)
[547.847s][info][gc,heap        ] GC(358) PSYoungGen: 1318494K(1318912K)->8412K(1332736K) Eden: 1272320K(1272320K)->0K(1265664K) From: 46174K(46592K)->8412K(67072K)
[547.847s][info][gc,heap        ] GC(358) ParOldGen: 97136K(2796544K)->129552K(2796544K)
[547.848s][info][gc,metaspace   ] GC(358) Metaspace: 131007K(132800K)->131007K(132800K) NonClass: 114598K(115200K)->114598K(115200K) Class: 16408K(17600K)->16408K(17600K)
[547.848s][info][gc             ] GC(358) Pause Young (Allocation Failure) 1382M->134M(4032M) 6.918ms
[547.848s][info][gc,cpu         ] GC(358) User=0.00s Sys=0.00s Real=0.01s
[549.470s][info][gc,start       ] GC(359) Pause Young (System.gc())
[549.472s][info][gc,heap        ] GC(359) PSYoungGen: 548564K(1332736K)->3034K(1330688K) Eden: 540152K(1265664K)->0K(1265664K) From: 8412K(67072K)->3034K(65024K)
[549.472s][info][gc,heap        ] GC(359) ParOldGen: 129552K(2796544K)->131436K(2796544K)
[549.472s][info][gc,metaspace   ] GC(359) Metaspace: 131007K(132800K)->131007K(132800K) NonClass: 114598K(115200K)->114598K(115200K) Class: 16408K(17600K)->16408K(17600K)
[549.472s][info][gc             ] GC(359) Pause Young (System.gc()) 662M->131M(4030M) 2.217ms
[549.472s][info][gc,cpu         ] GC(359) User=0.00s Sys=0.00s Real=0.01s
[549.472s][info][gc,start       ] GC(360) Pause Full (System.gc())
[549.472s][info][gc,phases,start] GC(360) Marking Phase
[549.509s][info][gc,phases      ] GC(360) Marking Phase 36.733ms
[549.509s][info][gc,phases,start] GC(360) Summary Phase
[549.509s][info][gc,phases      ] GC(360) Summary Phase 0.022ms
[549.509s][info][gc,phases,start] GC(360) Adjust Roots
[549.524s][info][gc,phases      ] GC(360) Adjust Roots 15.478ms
[549.524s][info][gc,phases,start] GC(360) Compaction Phase
[549.537s][info][gc,phases      ] GC(360) Compaction Phase 12.340ms
[549.537s][info][gc,phases,start] GC(360) Post Compact
[549.538s][info][gc,phases      ] GC(360) Post Compact 1.044ms
[549.538s][info][gc,heap        ] GC(360) PSYoungGen: 3034K(1330688K)->0K(1330688K) Eden: 0K(1265664K)->0K(1265664K) From: 3034K(65024K)->0K(65024K)
[549.538s][info][gc,heap        ] GC(360) ParOldGen: 131436K(2796544K)->73331K(2796544K)
[549.538s][info][gc,metaspace   ] GC(360) Metaspace: 131007K(132800K)->131007K(132800K) NonClass: 114598K(115200K)->114598K(115200K) Class: 16408K(17600K)->16408K(17600K)
[549.538s][info][gc             ] GC(360) Pause Full (System.gc()) 131M->71M(4030M) 66.005ms
[549.538s][info][gc,cpu         ] GC(360) User=0.17s Sys=0.00s Real=0.06s
[550.042s][info][gc,start       ] GC(361) Pause Young (Allocation Failure)
[550.047s][info][gc,heap        ] GC(361) PSYoungGen: 1265664K(1330688K)->25946K(1335808K) Eden: 1265664K(1265664K)->0K(1271808K) From: 0K(65024K)->25946K(64000K)
[550.047s][info][gc,heap        ] GC(361) ParOldGen: 73331K(2796544K)->73331K(2796544K)
[550.047s][info][gc,metaspace   ] GC(361) Metaspace: 131008K(132800K)->131008K(132800K) NonClass: 114600K(115200K)->114600K(115200K) Class: 16408K(17600K)->16408K(17600K)
[550.047s][info][gc             ] GC(361) Pause Young (Allocation Failure) 1307M->96M(4035M) 4.416ms
[550.047s][info][gc,cpu         ] GC(361) User=0.00s Sys=0.00s Real=0.00s
[550.417s][info][gc,start       ] GC(362) Pause Young (Allocation Failure)
[550.428s][info][gc,heap        ] GC(362) PSYoungGen: 1297754K(1335808K)->49837K(1321984K) Eden: 1271808K(1271808K)->0K(1271808K) From: 25946K(64000K)->49837K(50176K)
[550.428s][info][gc,heap        ] GC(362) ParOldGen: 73331K(2796544K)->97514K(2796544K)
[550.428s][info][gc,metaspace   ] GC(362) Metaspace: 131008K(132800K)->131008K(132800K) NonClass: 114600K(115200K)->114600K(115200K) Class: 16408K(17600K)->16408K(17600K)
[550.428s][info][gc             ] GC(362) Pause Young (Allocation Failure) 1338M->143M(4022M) 10.919ms
[550.428s][info][gc,cpu         ] GC(362) User=0.09s Sys=0.00s Real=0.01s
[555.597s][info][gc,start       ] GC(363) Pause Young (Allocation Failure)
[555.604s][info][gc,heap        ] GC(363) PSYoungGen: 1321645K(1321984K)->8575K(1331200K) Eden: 1271808K(1271808K)->0K(1262592K) From: 49837K(50176K)->8575K(68608K)
[555.604s][info][gc,heap        ] GC(363) ParOldGen: 97514K(2796544K)->129971K(2796544K)
[555.604s][info][gc,metaspace   ] GC(363) Metaspace: 131008K(132800K)->131008K(132800K) NonClass: 114600K(115200K)->114600K(115200K) Class: 16408K(17600K)->16408K(17600K)
[555.604s][info][gc             ] GC(363) Pause Young (Allocation Failure) 1385M->135M(4031M) 7.088ms
[555.604s][info][gc,cpu         ] GC(363) User=0.09s Sys=0.00s Real=0.01s
[557.440s][info][gc,start       ] GC(364) Pause Young (System.gc())
[557.443s][info][gc,heap        ] GC(364) PSYoungGen: 549400K(1331200K)->3002K(1329152K) Eden: 540824K(1262592K)->0K(1262592K) From: 8575K(68608K)->3002K(66560K)
[557.443s][info][gc,heap        ] GC(364) ParOldGen: 129971K(2796544K)->131798K(2796544K)
[557.443s][info][gc,metaspace   ] GC(364) Metaspace: 131008K(132800K)->131008K(132800K) NonClass: 114600K(115200K)->114600K(115200K) Class: 16408K(17600K)->16408K(17600K)
[557.443s][info][gc             ] GC(364) Pause Young (System.gc()) 663M->131M(4029M) 2.563ms
[557.443s][info][gc,cpu         ] GC(364) User=0.08s Sys=0.00s Real=0.00s
[557.443s][info][gc,start       ] GC(365) Pause Full (System.gc())
[557.443s][info][gc,phases,start] GC(365) Marking Phase
[557.482s][info][gc,phases      ] GC(365) Marking Phase 38.783ms
[557.482s][info][gc,phases,start] GC(365) Summary Phase
[557.482s][info][gc,phases      ] GC(365) Summary Phase 0.018ms
[557.482s][info][gc,phases,start] GC(365) Adjust Roots
[557.499s][info][gc,phases      ] GC(365) Adjust Roots 17.050ms
[557.499s][info][gc,phases,start] GC(365) Compaction Phase
[557.514s][info][gc,phases      ] GC(365) Compaction Phase 14.907ms
[557.514s][info][gc,phases,start] GC(365) Post Compact
[557.515s][info][gc,phases      ] GC(365) Post Compact 1.281ms
[557.516s][info][gc,heap        ] GC(365) PSYoungGen: 3002K(1329152K)->0K(1329152K) Eden: 0K(1262592K)->0K(1262592K) From: 3002K(66560K)->0K(66560K)
[557.516s][info][gc,heap        ] GC(365) ParOldGen: 131798K(2796544K)->73061K(2796544K)
[557.516s][info][gc,metaspace   ] GC(365) Metaspace: 131008K(132800K)->131008K(132800K) NonClass: 114600K(115200K)->114600K(115200K) Class: 16408K(17600K)->16408K(17600K)
[557.516s][info][gc             ] GC(365) Pause Full (System.gc()) 131M->71M(4029M) 72.482ms
[557.516s][info][gc,cpu         ] GC(365) User=0.12s Sys=0.00s Real=0.07s
[558.036s][info][gc,start       ] GC(366) Pause Young (Allocation Failure)
[558.040s][info][gc,heap        ] GC(366) PSYoungGen: 1262587K(1329152K)->24557K(1335296K) Eden: 1262587K(1262592K)->0K(1269760K) From: 0K(66560K)->24557K(65536K)
[558.040s][info][gc,heap        ] GC(366) ParOldGen: 73061K(2796544K)->73061K(2796544K)
[558.040s][info][gc,metaspace   ] GC(366) Metaspace: 131010K(132800K)->131010K(132800K) NonClass: 114601K(115200K)->114601K(115200K) Class: 16408K(17600K)->16408K(17600K)
[558.040s][info][gc             ] GC(366) Pause Young (Allocation Failure) 1304M->95M(4035M) 4.014ms
[558.040s][info][gc,cpu         ] GC(366) User=0.09s Sys=0.00s Real=0.01s
[558.426s][info][gc,start       ] GC(367) Pause Young (Allocation Failure)
[558.437s][info][gc,heap        ] GC(367) PSYoungGen: 1294317K(1335296K)->44994K(1314816K) Eden: 1269760K(1269760K)->0K(1269760K) From: 24557K(65536K)->44994K(45056K)
[558.437s][info][gc,heap        ] GC(367) ParOldGen: 73061K(2796544K)->97238K(2796544K)
[558.437s][info][gc,metaspace   ] GC(367) Metaspace: 131010K(132800K)->131010K(132800K) NonClass: 114601K(115200K)->114601K(115200K) Class: 16408K(17600K)->16408K(17600K)
[558.437s][info][gc             ] GC(367) Pause Young (Allocation Failure) 1335M->138M(4015M) 10.772ms
[558.437s][info][gc,cpu         ] GC(367) User=0.08s Sys=0.00s Real=0.01s
[563.348s][info][gc,start       ] GC(368) Pause Young (Allocation Failure)
[563.354s][info][gc,heap        ] GC(368) PSYoungGen: 1314754K(1314816K)->6865K(1332224K) Eden: 1269760K(1269760K)->0K(1264640K) From: 44994K(45056K)->6865K(67584K)
[563.354s][info][gc,heap        ] GC(368) ParOldGen: 97238K(2796544K)->126583K(2796544K)
[563.354s][info][gc,metaspace   ] GC(368) Metaspace: 131016K(132800K)->131016K(132800K) NonClass: 114607K(115200K)->114607K(115200K) Class: 16408K(17600K)->16408K(17600K)
[563.354s][info][gc             ] GC(368) Pause Young (Allocation Failure) 1378M->130M(4032M) 6.201ms
[563.354s][info][gc,cpu         ] GC(368) User=0.08s Sys=0.02s Real=0.00s
[565.044s][info][gc,start       ] GC(369) Pause Young (System.gc())
[565.046s][info][gc,heap        ] GC(369) PSYoungGen: 566429K(1332224K)->3002K(1330176K) Eden: 559564K(1264640K)->0K(1264640K) From: 6865K(67584K)->3002K(65536K)
[565.046s][info][gc,heap        ] GC(369) ParOldGen: 126583K(2796544K)->131536K(2796544K)
[565.046s][info][gc,metaspace   ] GC(369) Metaspace: 131016K(132800K)->131016K(132800K) NonClass: 114607K(115200K)->114607K(115200K) Class: 16408K(17600K)->16408K(17600K)
[565.046s][info][gc             ] GC(369) Pause Young (System.gc()) 676M->131M(4030M) 2.537ms
[565.046s][info][gc,cpu         ] GC(369) User=0.00s Sys=0.00s Real=0.00s
[565.047s][info][gc,start       ] GC(370) Pause Full (System.gc())
[565.047s][info][gc,phases,start] GC(370) Marking Phase
[565.083s][info][gc,phases      ] GC(370) Marking Phase 36.322ms
[565.083s][info][gc,phases,start] GC(370) Summary Phase
[565.083s][info][gc,phases      ] GC(370) Summary Phase 0.011ms
[565.083s][info][gc,phases,start] GC(370) Adjust Roots
[565.098s][info][gc,phases      ] GC(370) Adjust Roots 15.172ms
[565.098s][info][gc,phases,start] GC(370) Compaction Phase
[565.111s][info][gc,phases      ] GC(370) Compaction Phase 13.065ms
[565.111s][info][gc,phases,start] GC(370) Post Compact
[565.112s][info][gc,phases      ] GC(370) Post Compact 1.045ms
[565.112s][info][gc,heap        ] GC(370) PSYoungGen: 3002K(1330176K)->0K(1330176K) Eden: 0K(1264640K)->0K(1264640K) From: 3002K(65536K)->0K(65536K)
[565.112s][info][gc,heap        ] GC(370) ParOldGen: 131536K(2796544K)->73424K(2796544K)
[565.112s][info][gc,metaspace   ] GC(370) Metaspace: 131016K(132800K)->131016K(132800K) NonClass: 114607K(115200K)->114607K(115200K) Class: 16408K(17600K)->16408K(17600K)
[565.113s][info][gc             ] GC(370) Pause Full (System.gc()) 131M->71M(4030M) 65.958ms
[565.113s][info][gc,cpu         ] GC(370) User=0.14s Sys=0.00s Real=0.06s
[565.634s][info][gc,start       ] GC(371) Pause Young (Allocation Failure)
[565.638s][info][gc,heap        ] GC(371) PSYoungGen: 1264640K(1330176K)->25147K(1335808K) Eden: 1264640K(1264640K)->0K(1271296K) From: 0K(65536K)->25147K(64512K)
[565.638s][info][gc,heap        ] GC(371) ParOldGen: 73424K(2796544K)->73424K(2796544K)
[565.638s][info][gc,metaspace   ] GC(371) Metaspace: 131019K(132800K)->131019K(132800K) NonClass: 114610K(115200K)->114610K(115200K) Class: 16408K(17600K)->16408K(17600K)
[565.638s][info][gc             ] GC(371) Pause Young (Allocation Failure) 1306M->96M(4035M) 4.405ms
[565.638s][info][gc,cpu         ] GC(371) User=0.00s Sys=0.00s Real=0.00s
[566.023s][info][gc,start       ] GC(372) Pause Young (Allocation Failure)
[566.033s][info][gc,heap        ] GC(372) PSYoungGen: 1296330K(1335808K)->48733K(1320448K) Eden: 1271183K(1271296K)->0K(1271296K) From: 25147K(64512K)->48733K(49152K)
[566.033s][info][gc,heap        ] GC(372) ParOldGen: 73424K(2796544K)->97582K(2796544K)
[566.033s][info][gc,metaspace   ] GC(372) Metaspace: 131019K(132800K)->131019K(132800K) NonClass: 114610K(115200K)->114610K(115200K) Class: 16408K(17600K)->16408K(17600K)
[566.033s][info][gc             ] GC(372) Pause Young (Allocation Failure) 1337M->142M(4020M) 10.979ms
[566.034s][info][gc,cpu         ] GC(372) User=0.00s Sys=0.00s Real=0.02s
[570.913s][info][gc,start       ] GC(373) Pause Young (Allocation Failure)
[570.920s][info][gc,heap        ] GC(373) PSYoungGen: 1320029K(1320448K)->9651K(1331712K) Eden: 1271296K(1271296K)->0K(1263104K) From: 48733K(49152K)->9651K(68608K)
[570.921s][info][gc,heap        ] GC(373) ParOldGen: 97582K(2796544K)->127695K(2796544K)
[570.921s][info][gc,metaspace   ] GC(373) Metaspace: 131021K(132800K)->131021K(132800K) NonClass: 114612K(115200K)->114612K(115200K) Class: 16408K(17600K)->16408K(17600K)
[570.921s][info][gc             ] GC(373) Pause Young (Allocation Failure) 1384M->134M(4031M) 7.551ms
[570.921s][info][gc,cpu         ] GC(373) User=0.00s Sys=0.00s Real=0.01s
[572.326s][info][gc,start       ] GC(374) Pause Young (System.gc())
[572.328s][info][gc,heap        ] GC(374) PSYoungGen: 555881K(1331712K)->3002K(1329152K) Eden: 546230K(1263104K)->0K(1263104K) From: 9651K(68608K)->3002K(66048K)
[572.328s][info][gc,heap        ] GC(374) ParOldGen: 127695K(2796544K)->131874K(2796544K)
[572.328s][info][gc,metaspace   ] GC(374) Metaspace: 131028K(132800K)->131028K(132800K) NonClass: 114619K(115200K)->114619K(115200K) Class: 16408K(17600K)->16408K(17600K)
[572.328s][info][gc             ] GC(374) Pause Young (System.gc()) 667M->131M(4029M) 2.361ms
[572.328s][info][gc,cpu         ] GC(374) User=0.00s Sys=0.00s Real=0.01s
[572.328s][info][gc,start       ] GC(375) Pause Full (System.gc())
[572.328s][info][gc,phases,start] GC(375) Marking Phase
[572.363s][info][gc,phases      ] GC(375) Marking Phase 34.363ms
[572.363s][info][gc,phases,start] GC(375) Summary Phase
[572.363s][info][gc,phases      ] GC(375) Summary Phase 0.010ms
[572.363s][info][gc,phases,start] GC(375) Adjust Roots
[572.378s][info][gc,phases      ] GC(375) Adjust Roots 14.976ms
[572.378s][info][gc,phases,start] GC(375) Compaction Phase
[572.388s][info][gc,phases      ] GC(375) Compaction Phase 9.935ms
[572.388s][info][gc,phases,start] GC(375) Post Compact
[572.389s][info][gc,phases      ] GC(375) Post Compact 1.041ms
[572.389s][info][gc,heap        ] GC(375) PSYoungGen: 3002K(1329152K)->0K(1329152K) Eden: 0K(1263104K)->0K(1263104K) From: 3002K(66048K)->0K(66048K)
[572.389s][info][gc,heap        ] GC(375) ParOldGen: 131874K(2796544K)->73153K(2796544K)
[572.389s][info][gc,metaspace   ] GC(375) Metaspace: 131028K(132800K)->131028K(132800K) NonClass: 114619K(115200K)->114619K(115200K) Class: 16408K(17600K)->16408K(17600K)
[572.389s][info][gc             ] GC(375) Pause Full (System.gc()) 131M->71M(4029M) 60.656ms
[572.389s][info][gc,cpu         ] GC(375) User=0.28s Sys=0.02s Real=0.06s
[572.834s][info][gc,start       ] GC(376) Pause Young (Allocation Failure)
[572.838s][info][gc,heap        ] GC(376) PSYoungGen: 1263104K(1329152K)->25255K(1335296K) Eden: 1263104K(1263104K)->0K(1270272K) From: 0K(66048K)->25255K(65024K)
[572.838s][info][gc,heap        ] GC(376) ParOldGen: 73153K(2796544K)->73153K(2796544K)
[572.838s][info][gc,metaspace   ] GC(376) Metaspace: 131030K(132800K)->131030K(132800K) NonClass: 114622K(115200K)->114622K(115200K) Class: 16408K(17600K)->16408K(17600K)
[572.838s][info][gc             ] GC(376) Pause Young (Allocation Failure) 1304M->96M(4035M) 4.338ms
[572.838s][info][gc,cpu         ] GC(376) User=0.00s Sys=0.00s Real=0.00s
[573.208s][info][gc,start       ] GC(377) Pause Young (Allocation Failure)
[573.219s][info][gc,heap        ] GC(377) PSYoungGen: 1295527K(1335296K)->47299K(1317888K) Eden: 1270272K(1270272K)->0K(1270272K) From: 25255K(65024K)->47299K(47616K)
[573.219s][info][gc,heap        ] GC(377) ParOldGen: 73153K(2796544K)->97324K(2796544K)
[573.219s][info][gc,metaspace   ] GC(377) Metaspace: 131030K(132800K)->131030K(132800K) NonClass: 114622K(115200K)->114622K(115200K) Class: 16408K(17600K)->16408K(17600K)
[573.219s][info][gc             ] GC(377) Pause Young (Allocation Failure) 1336M->141M(4018M) 10.823ms
[573.219s][info][gc,cpu         ] GC(377) User=0.02s Sys=0.00s Real=0.02s
[577.400s][info][gc,start       ] GC(378) Pause Young (Allocation Failure)
[577.407s][info][gc,heap        ] GC(378) PSYoungGen: 1317571K(1317888K)->8745K(1331712K) Eden: 1270272K(1270272K)->0K(1263616K) From: 47299K(47616K)->8745K(68096K)
[577.407s][info][gc,heap        ] GC(378) ParOldGen: 97324K(2796544K)->128178K(2796544K)
[577.407s][info][gc,metaspace   ] GC(378) Metaspace: 131030K(132800K)->131030K(132800K) NonClass: 114622K(115200K)->114622K(115200K) Class: 16408K(17600K)->16408K(17600K)
[577.407s][info][gc             ] GC(378) Pause Young (Allocation Failure) 1381M->133M(4031M) 7.056ms
[577.407s][info][gc,cpu         ] GC(378) User=0.00s Sys=0.00s Real=0.01s
[578.801s][info][gc,start       ] GC(379) Pause Young (System.gc())
[578.804s][info][gc,heap        ] GC(379) PSYoungGen: 552886K(1331712K)->2995K(1329664K) Eden: 544140K(1263616K)->0K(1263616K) From: 8745K(68096K)->2995K(66048K)
[578.804s][info][gc,heap        ] GC(379) ParOldGen: 128178K(2796544K)->131624K(2796544K)
[578.804s][info][gc,metaspace   ] GC(379) Metaspace: 131056K(132864K)->131056K(132864K) NonClass: 114647K(115264K)->114647K(115264K) Class: 16408K(17600K)->16408K(17600K)
[578.804s][info][gc             ] GC(379) Pause Young (System.gc()) 665M->131M(4029M) 2.922ms
[578.804s][info][gc,cpu         ] GC(379) User=0.09s Sys=0.00s Real=0.01s
[578.805s][info][gc,start       ] GC(380) Pause Full (System.gc())
[578.805s][info][gc,phases,start] GC(380) Marking Phase
[578.840s][info][gc,phases      ] GC(380) Marking Phase 35.543ms
[578.840s][info][gc,phases,start] GC(380) Summary Phase
[578.840s][info][gc,phases      ] GC(380) Summary Phase 0.010ms
[578.840s][info][gc,phases,start] GC(380) Adjust Roots
[578.855s][info][gc,phases      ] GC(380) Adjust Roots 14.629ms
[578.855s][info][gc,phases,start] GC(380) Compaction Phase
[578.865s][info][gc,phases      ] GC(380) Compaction Phase 10.082ms
[578.865s][info][gc,phases,start] GC(380) Post Compact
[578.866s][info][gc,phases      ] GC(380) Post Compact 1.042ms
[578.866s][info][gc,heap        ] GC(380) PSYoungGen: 2995K(1329664K)->0K(1329664K) Eden: 0K(1263616K)->0K(1263616K) From: 2995K(66048K)->0K(66048K)
[578.866s][info][gc,heap        ] GC(380) ParOldGen: 131624K(2796544K)->73523K(2796544K)
[578.866s][info][gc,metaspace   ] GC(380) Metaspace: 131056K(132864K)->131056K(132864K) NonClass: 114647K(115264K)->114647K(115264K) Class: 16408K(17600K)->16408K(17600K)
[578.866s][info][gc             ] GC(380) Pause Full (System.gc()) 131M->71M(4029M) 61.643ms
[578.866s][info][gc,cpu         ] GC(380) User=0.20s Sys=0.00s Real=0.06s
[579.277s][info][gc,start       ] GC(381) Pause Young (Allocation Failure)
[579.281s][info][gc,heap        ] GC(381) PSYoungGen: 1263616K(1329664K)->24714K(1335296K) Eden: 1263616K(1263616K)->0K(1270272K) From: 0K(66048K)->24714K(65024K)
[579.281s][info][gc,heap        ] GC(381) ParOldGen: 73523K(2796544K)->73523K(2796544K)
[579.281s][info][gc,metaspace   ] GC(381) Metaspace: 131056K(132864K)->131056K(132864K) NonClass: 114647K(115264K)->114647K(115264K) Class: 16408K(17600K)->16408K(17600K)
[579.281s][info][gc             ] GC(381) Pause Young (Allocation Failure) 1305M->95M(4035M) 4.102ms
[579.281s][info][gc,cpu         ] GC(381) User=0.00s Sys=0.00s Real=0.01s
[579.626s][info][gc,start       ] GC(382) Pause Young (Allocation Failure)
[579.637s][info][gc,heap        ] GC(382) PSYoungGen: 1294986K(1335296K)->46312K(1316864K) Eden: 1270272K(1270272K)->0K(1270272K) From: 24714K(65024K)->46312K(46592K)
[579.637s][info][gc,heap        ] GC(382) ParOldGen: 73523K(2796544K)->97694K(2796544K)
[579.637s][info][gc,metaspace   ] GC(382) Metaspace: 131056K(132864K)->131056K(132864K) NonClass: 114647K(115264K)->114647K(115264K) Class: 16408K(17600K)->16408K(17600K)
[579.637s][info][gc             ] GC(382) Pause Young (Allocation Failure) 1336M->140M(4017M) 10.536ms
[579.637s][info][gc,cpu         ] GC(382) User=0.09s Sys=0.00s Real=0.02s
[583.752s][info][gc,start       ] GC(383) Pause Young (Allocation Failure)
[583.759s][info][gc,heap        ] GC(383) PSYoungGen: 1316584K(1316864K)->9741K(1332224K) Eden: 1270272K(1270272K)->0K(1264640K) From: 46312K(46592K)->9741K(67584K)
[583.759s][info][gc,heap        ] GC(383) ParOldGen: 97694K(2796544K)->128548K(2796544K)
[583.759s][info][gc,metaspace   ] GC(383) Metaspace: 131056K(132864K)->131056K(132864K) NonClass: 114647K(115264K)->114647K(115264K) Class: 16408K(17600K)->16408K(17600K)
[583.759s][info][gc             ] GC(383) Pause Young (Allocation Failure) 1381M->135M(4032M) 7.394ms
[583.759s][info][gc,cpu         ] GC(383) User=0.08s Sys=0.00s Real=0.02s
[585.164s][info][gc,start       ] GC(384) Pause Young (System.gc())
[585.166s][info][gc,heap        ] GC(384) PSYoungGen: 553941K(1332224K)->3035K(1330176K) Eden: 544199K(1264640K)->0K(1264640K) From: 9741K(67584K)->3035K(65536K)
[585.166s][info][gc,heap        ] GC(384) ParOldGen: 128548K(2796544K)->132000K(2796544K)
[585.166s][info][gc,metaspace   ] GC(384) Metaspace: 131056K(132864K)->131056K(132864K) NonClass: 114647K(115264K)->114647K(115264K) Class: 16408K(17600K)->16408K(17600K)
[585.166s][info][gc             ] GC(384) Pause Young (System.gc()) 666M->131M(4030M) 2.300ms
[585.166s][info][gc,cpu         ] GC(384) User=0.00s Sys=0.00s Real=0.00s
[585.166s][info][gc,start       ] GC(385) Pause Full (System.gc())
[585.166s][info][gc,phases,start] GC(385) Marking Phase
[585.201s][info][gc,phases      ] GC(385) Marking Phase 34.823ms
[585.201s][info][gc,phases,start] GC(385) Summary Phase
[585.201s][info][gc,phases      ] GC(385) Summary Phase 0.011ms
[585.201s][info][gc,phases,start] GC(385) Adjust Roots
[585.216s][info][gc,phases      ] GC(385) Adjust Roots 15.028ms
[585.216s][info][gc,phases,start] GC(385) Compaction Phase
[585.226s][info][gc,phases      ] GC(385) Compaction Phase 10.331ms
[585.227s][info][gc,phases,start] GC(385) Post Compact
[585.228s][info][gc,phases      ] GC(385) Post Compact 1.029ms
[585.228s][info][gc,heap        ] GC(385) PSYoungGen: 3035K(1330176K)->0K(1330176K) Eden: 0K(1264640K)->0K(1264640K) From: 3035K(65536K)->0K(65536K)
[585.228s][info][gc,heap        ] GC(385) ParOldGen: 132000K(2796544K)->73222K(2796544K)
[585.228s][info][gc,metaspace   ] GC(385) Metaspace: 131056K(132864K)->131056K(132864K) NonClass: 114647K(115264K)->114647K(115264K) Class: 16408K(17600K)->16408K(17600K)
[585.228s][info][gc             ] GC(385) Pause Full (System.gc()) 131M->71M(4030M) 61.566ms
[585.228s][info][gc,cpu         ] GC(385) User=0.22s Sys=0.00s Real=0.06s
[585.661s][info][gc,start       ] GC(386) Pause Young (Allocation Failure)
[585.665s][info][gc,heap        ] GC(386) PSYoungGen: 1264640K(1330176K)->25148K(1335808K) Eden: 1264640K(1264640K)->0K(1271296K) From: 0K(65536K)->25148K(64512K)
[585.665s][info][gc,heap        ] GC(386) ParOldGen: 73222K(2796544K)->73230K(2796544K)
[585.665s][info][gc,metaspace   ] GC(386) Metaspace: 131078K(132864K)->131078K(132864K) NonClass: 114670K(115264K)->114670K(115264K) Class: 16408K(17600K)->16408K(17600K)
[585.665s][info][gc             ] GC(386) Pause Young (Allocation Failure) 1306M->96M(4035M) 4.098ms
[585.665s][info][gc,cpu         ] GC(386) User=0.09s Sys=0.00s Real=0.00s
[586.008s][info][gc,start       ] GC(387) Pause Young (Allocation Failure)
[586.019s][info][gc,heap        ] GC(387) PSYoungGen: 1296444K(1335808K)->48087K(1319424K) Eden: 1271296K(1271296K)->0K(1271296K) From: 25148K(64512K)->48087K(48128K)
[586.019s][info][gc,heap        ] GC(387) ParOldGen: 73230K(2796544K)->97397K(2796544K)
[586.019s][info][gc,metaspace   ] GC(387) Metaspace: 131078K(132864K)->131078K(132864K) NonClass: 114670K(115264K)->114670K(115264K) Class: 16408K(17600K)->16408K(17600K)
[586.019s][info][gc             ] GC(387) Pause Young (Allocation Failure) 1337M->142M(4019M) 10.869ms
[586.019s][info][gc,cpu         ] GC(387) User=0.00s Sys=0.00s Real=0.01s
[590.102s][info][gc,start       ] GC(388) Pause Young (Allocation Failure)
[590.109s][info][gc,heap        ] GC(388) PSYoungGen: 1319383K(1319424K)->9562K(1331712K) Eden: 1271296K(1271296K)->0K(1263616K) From: 48087K(48128K)->9562K(68096K)
[590.109s][info][gc,heap        ] GC(388) ParOldGen: 97397K(2796544K)->129086K(2796544K)
[590.109s][info][gc,metaspace   ] GC(388) Metaspace: 131082K(132864K)->131082K(132864K) NonClass: 114674K(115264K)->114674K(115264K) Class: 16408K(17600K)->16408K(17600K)
[590.109s][info][gc             ] GC(388) Pause Young (Allocation Failure) 1383M->135M(4031M) 6.915ms
[590.109s][info][gc,cpu         ] GC(388) User=0.00s Sys=0.00s Real=0.01s
[591.514s][info][gc,start       ] GC(389) Pause Young (System.gc())
[591.517s][info][gc,heap        ] GC(389) PSYoungGen: 552963K(1331712K)->3003K(1329664K) Eden: 543401K(1263616K)->0K(1263616K) From: 9562K(68096K)->3003K(66048K)
[591.517s][info][gc,heap        ] GC(389) ParOldGen: 129086K(2796544K)->131687K(2796544K)
[591.517s][info][gc,metaspace   ] GC(389) Metaspace: 131086K(132864K)->131086K(132864K) NonClass: 114678K(115264K)->114678K(115264K) Class: 16408K(17600K)->16408K(17600K)
[591.517s][info][gc             ] GC(389) Pause Young (System.gc()) 666M->131M(4029M) 2.270ms
[591.517s][info][gc,cpu         ] GC(389) User=0.00s Sys=0.00s Real=0.00s
[591.517s][info][gc,start       ] GC(390) Pause Full (System.gc())
[591.517s][info][gc,phases,start] GC(390) Marking Phase
[591.552s][info][gc,phases      ] GC(390) Marking Phase 34.766ms
[591.552s][info][gc,phases,start] GC(390) Summary Phase
[591.552s][info][gc,phases      ] GC(390) Summary Phase 0.011ms
[591.552s][info][gc,phases,start] GC(390) Adjust Roots
[591.566s][info][gc,phases      ] GC(390) Adjust Roots 14.786ms
[591.566s][info][gc,phases,start] GC(390) Compaction Phase
[591.577s][info][gc,phases      ] GC(390) Compaction Phase 10.126ms
[591.577s][info][gc,phases,start] GC(390) Post Compact
[591.578s][info][gc,phases      ] GC(390) Post Compact 1.103ms
[591.578s][info][gc,heap        ] GC(390) PSYoungGen: 3003K(1329664K)->0K(1329664K) Eden: 0K(1263616K)->0K(1263616K) From: 3003K(66048K)->0K(66048K)
[591.578s][info][gc,heap        ] GC(390) ParOldGen: 131687K(2796544K)->72792K(2796544K)
[591.578s][info][gc,metaspace   ] GC(390) Metaspace: 131086K(132864K)->131086K(132864K) NonClass: 114678K(115264K)->114678K(115264K) Class: 16408K(17600K)->16408K(17600K)
[591.578s][info][gc             ] GC(390) Pause Full (System.gc()) 131M->71M(4029M) 61.096ms
[591.578s][info][gc,cpu         ] GC(390) User=0.20s Sys=0.00s Real=0.06s
[592.005s][info][gc,start       ] GC(391) Pause Young (Allocation Failure)
[592.009s][info][gc,heap        ] GC(391) PSYoungGen: 1263616K(1329664K)->24925K(1335808K) Eden: 1263616K(1263616K)->0K(1271296K) From: 0K(66048K)->24925K(64512K)
[592.009s][info][gc,heap        ] GC(391) ParOldGen: 72792K(2796544K)->72800K(2796544K)
[592.009s][info][gc,metaspace   ] GC(391) Metaspace: 131104K(132864K)->131104K(132864K) NonClass: 114694K(115264K)->114694K(115264K) Class: 16410K(17600K)->16410K(17600K)
[592.009s][info][gc             ] GC(391) Pause Young (Allocation Failure) 1305M->95M(4035M) 4.516ms
[592.010s][info][gc,cpu         ] GC(391) User=0.00s Sys=0.00s Real=0.00s
[592.372s][info][gc,start       ] GC(392) Pause Young (Allocation Failure)
[592.383s][info][gc,heap        ] GC(392) PSYoungGen: 1295658K(1335808K)->49295K(1320960K) Eden: 1270733K(1271296K)->0K(1271296K) From: 24925K(64512K)->49295K(49664K)
[592.383s][info][gc,heap        ] GC(392) ParOldGen: 72800K(2796544K)->96969K(2796544K)
[592.383s][info][gc,metaspace   ] GC(392) Metaspace: 131108K(132864K)->131108K(132864K) NonClass: 114698K(115264K)->114698K(115264K) Class: 16410K(17600K)->16410K(17600K)
[592.383s][info][gc             ] GC(392) Pause Young (Allocation Failure) 1336M->142M(4021M) 10.938ms
[592.383s][info][gc,cpu         ] GC(392) User=0.09s Sys=0.00s Real=0.01s
[596.480s][info][gc,start       ] GC(393) Pause Young (Allocation Failure)
[596.486s][info][gc,heap        ] GC(393) PSYoungGen: 1320591K(1320960K)->9510K(1331200K) Eden: 1271296K(1271296K)->0K(1262592K) From: 49295K(49664K)->9510K(68608K)
[596.486s][info][gc,heap        ] GC(393) ParOldGen: 96969K(2796544K)->125479K(2796544K)
[596.486s][info][gc,metaspace   ] GC(393) Metaspace: 131112K(132864K)->131112K(132864K) NonClass: 114701K(115264K)->114701K(115264K) Class: 16410K(17600K)->16410K(17600K)
[596.486s][info][gc             ] GC(393) Pause Young (Allocation Failure) 1384M->131M(4031M) 6.391ms
[596.486s][info][gc,cpu         ] GC(393) User=0.00s Sys=0.00s Real=0.01s
[597.908s][info][gc,start       ] GC(394) Pause Young (System.gc())
[597.912s][info][gc,heap        ] GC(394) PSYoungGen: 561893K(1331200K)->3098K(1329152K) Eden: 552383K(1262592K)->0K(1262592K) From: 9510K(68608K)->3098K(66560K)
[597.912s][info][gc,heap        ] GC(394) ParOldGen: 125479K(2796544K)->131220K(2796544K)
[597.912s][info][gc,metaspace   ] GC(394) Metaspace: 131119K(132928K)->131119K(132928K) NonClass: 114709K(115328K)->114709K(115328K) Class: 16410K(17600K)->16410K(17600K)
[597.912s][info][gc             ] GC(394) Pause Young (System.gc()) 671M->131M(4029M) 4.176ms
[597.912s][info][gc,cpu         ] GC(394) User=0.05s Sys=0.00s Real=0.01s
[597.912s][info][gc,start       ] GC(395) Pause Full (System.gc())
[597.912s][info][gc,phases,start] GC(395) Marking Phase
[597.947s][info][gc,phases      ] GC(395) Marking Phase 34.798ms
[597.947s][info][gc,phases,start] GC(395) Summary Phase
[597.947s][info][gc,phases      ] GC(395) Summary Phase 0.011ms
[597.947s][info][gc,phases,start] GC(395) Adjust Roots
[597.963s][info][gc,phases      ] GC(395) Adjust Roots 15.607ms
[597.963s][info][gc,phases,start] GC(395) Compaction Phase
[597.974s][info][gc,phases      ] GC(395) Compaction Phase 10.672ms
[597.974s][info][gc,phases,start] GC(395) Post Compact
[597.975s][info][gc,phases      ] GC(395) Post Compact 1.311ms
[597.975s][info][gc,heap        ] GC(395) PSYoungGen: 3098K(1329152K)->0K(1329152K) Eden: 0K(1262592K)->0K(1262592K) From: 3098K(66560K)->0K(66560K)
[597.975s][info][gc,heap        ] GC(395) ParOldGen: 131220K(2796544K)->73167K(2796544K)
[597.975s][info][gc,metaspace   ] GC(395) Metaspace: 131119K(132928K)->131119K(132928K) NonClass: 114709K(115328K)->114709K(115328K) Class: 16410K(17600K)->16410K(17600K)
[597.975s][info][gc             ] GC(395) Pause Full (System.gc()) 131M->71M(4029M) 62.700ms
[597.975s][info][gc,cpu         ] GC(395) User=0.05s Sys=0.02s Real=0.06s
[598.396s][info][gc,start       ] GC(396) Pause Young (Allocation Failure)
[598.400s][info][gc,heap        ] GC(396) PSYoungGen: 1262592K(1329152K)->25035K(1335296K) Eden: 1262592K(1262592K)->0K(1270272K) From: 0K(66560K)->25035K(65024K)
[598.400s][info][gc,heap        ] GC(396) ParOldGen: 73167K(2796544K)->73167K(2796544K)
[598.400s][info][gc,metaspace   ] GC(396) Metaspace: 131121K(132928K)->131121K(132928K) NonClass: 114711K(115328K)->114711K(115328K) Class: 16410K(17600K)->16410K(17600K)
[598.400s][info][gc             ] GC(396) Pause Young (Allocation Failure) 1304M->95M(4035M) 4.114ms
[598.400s][info][gc,cpu         ] GC(396) User=0.00s Sys=0.00s Real=0.00s
[598.740s][info][gc,start       ] GC(397) Pause Young (Allocation Failure)
[598.752s][info][gc,heap        ] GC(397) PSYoungGen: 1295307K(1335296K)->49872K(1320448K) Eden: 1270272K(1270272K)->0K(1270272K) From: 25035K(65024K)->49872K(50176K)
[598.752s][info][gc,heap        ] GC(397) ParOldGen: 73167K(2796544K)->97328K(2796544K)
[598.752s][info][gc,metaspace   ] GC(397) Metaspace: 131122K(132928K)->131122K(132928K) NonClass: 114711K(115328K)->114711K(115328K) Class: 16410K(17600K)->16410K(17600K)
[598.752s][info][gc             ] GC(397) Pause Young (Allocation Failure) 1336M->143M(4020M) 11.187ms
[598.752s][info][gc,cpu         ] GC(397) User=0.00s Sys=0.00s Real=0.01s
[602.836s][info][gc,start       ] GC(398) Pause Young (Allocation Failure)
[602.843s][info][gc,heap        ] GC(398) PSYoungGen: 1320144K(1320448K)->8234K(1330688K) Eden: 1270272K(1270272K)->0K(1261568K) From: 49872K(50176K)->8234K(69120K)
[602.843s][info][gc,heap        ] GC(398) ParOldGen: 97328K(2796544K)->126611K(2796544K)
[602.843s][info][gc,metaspace   ] GC(398) Metaspace: 131122K(132928K)->131122K(132928K) NonClass: 114711K(115328K)->114711K(115328K) Class: 16410K(17600K)->16410K(17600K)
[602.843s][info][gc             ] GC(398) Pause Young (Allocation Failure) 1384M->131M(4030M) 6.820ms
[602.843s][info][gc,cpu         ] GC(398) User=0.00s Sys=0.00s Real=0.01s
[604.263s][info][gc,start       ] GC(399) Pause Young (System.gc())
[604.266s][info][gc,heap        ] GC(399) PSYoungGen: 560931K(1330688K)->3075K(1328640K) Eden: 552696K(1261568K)->0K(1261568K) From: 8234K(69120K)->3075K(67072K)
[604.266s][info][gc,heap        ] GC(399) ParOldGen: 126611K(2796544K)->131571K(2796544K)
[604.266s][info][gc,metaspace   ] GC(399) Metaspace: 131122K(132928K)->131122K(132928K) NonClass: 114711K(115328K)->114711K(115328K) Class: 16410K(17600K)->16410K(17600K)
[604.266s][info][gc             ] GC(399) Pause Young (System.gc()) 671M->131M(4028M) 2.619ms
[604.266s][info][gc,cpu         ] GC(399) User=0.00s Sys=0.00s Real=0.01s
[604.266s][info][gc,start       ] GC(400) Pause Full (System.gc())
[604.266s][info][gc,phases,start] GC(400) Marking Phase
[604.300s][info][gc,phases      ] GC(400) Marking Phase 34.438ms
[604.301s][info][gc,phases,start] GC(400) Summary Phase
[604.301s][info][gc,phases      ] GC(400) Summary Phase 0.010ms
[604.301s][info][gc,phases,start] GC(400) Adjust Roots
[604.316s][info][gc,phases      ] GC(400) Adjust Roots 15.243ms
[604.316s][info][gc,phases,start] GC(400) Compaction Phase
[604.326s][info][gc,phases      ] GC(400) Compaction Phase 9.861ms
[604.326s][info][gc,phases,start] GC(400) Post Compact
[604.327s][info][gc,phases      ] GC(400) Post Compact 1.057ms
[604.327s][info][gc,heap        ] GC(400) PSYoungGen: 3075K(1328640K)->0K(1328640K) Eden: 0K(1261568K)->0K(1261568K) From: 3075K(67072K)->0K(67072K)
[604.327s][info][gc,heap        ] GC(400) ParOldGen: 131571K(2796544K)->72890K(2796544K)
[604.327s][info][gc,metaspace   ] GC(400) Metaspace: 131122K(132928K)->131122K(132928K) NonClass: 114711K(115328K)->114711K(115328K) Class: 16410K(17600K)->16410K(17600K)
[604.327s][info][gc             ] GC(400) Pause Full (System.gc()) 131M->71M(4028M) 60.938ms
[604.327s][info][gc,cpu         ] GC(400) User=0.23s Sys=0.00s Real=0.06s
[604.746s][info][gc,start       ] GC(401) Pause Young (Allocation Failure)
[604.750s][info][gc,heap        ] GC(401) PSYoungGen: 1257577K(1328640K)->24394K(1334784K) Eden: 1257577K(1261568K)->0K(1268736K) From: 0K(67072K)->24394K(66048K)
[604.750s][info][gc,heap        ] GC(401) ParOldGen: 72890K(2796544K)->72890K(2796544K)
[604.750s][info][gc,metaspace   ] GC(401) Metaspace: 131122K(132928K)->131122K(132928K) NonClass: 114711K(115328K)->114711K(115328K) Class: 16410K(17600K)->16410K(17600K)
[604.750s][info][gc             ] GC(401) Pause Young (Allocation Failure) 1299M->95M(4034M) 4.006ms
[604.750s][info][gc,cpu         ] GC(401) User=0.00s Sys=0.00s Real=0.02s
[605.112s][info][gc,start       ] GC(402) Pause Young (Allocation Failure)
[605.123s][info][gc,heap        ] GC(402) PSYoungGen: 1293130K(1334784K)->46169K(1315328K) Eden: 1268736K(1268736K)->0K(1268736K) From: 24394K(66048K)->46169K(46592K)
[605.123s][info][gc,heap        ] GC(402) ParOldGen: 72890K(2796544K)->97056K(2796544K)
[605.123s][info][gc,metaspace   ] GC(402) Metaspace: 131122K(132928K)->131122K(132928K) NonClass: 114711K(115328K)->114711K(115328K) Class: 16410K(17600K)->16410K(17600K)
[605.123s][info][gc             ] GC(402) Pause Young (Allocation Failure) 1334M->139M(4015M) 10.746ms
[605.123s][info][gc,cpu         ] GC(402) User=0.08s Sys=0.00s Real=0.01s
[609.170s][info][gc,start       ] GC(403) Pause Young (Allocation Failure)
[609.176s][info][gc,heap        ] GC(403) PSYoungGen: 1314905K(1315328K)->8282K(1331200K) Eden: 1268736K(1268736K)->0K(1263104K) From: 46169K(46592K)->8282K(68096K)
[609.176s][info][gc,heap        ] GC(403) ParOldGen: 97056K(2796544K)->124785K(2796544K)
[609.176s][info][gc,metaspace   ] GC(403) Metaspace: 131122K(132928K)->131122K(132928K) NonClass: 114711K(115328K)->114711K(115328K) Class: 16410K(17600K)->16410K(17600K)
[609.176s][info][gc             ] GC(403) Pause Young (Allocation Failure) 1378M->129M(4031M) 5.746ms
[609.176s][info][gc,cpu         ] GC(403) User=0.00s Sys=0.00s Real=0.01s
[610.615s][info][gc,start       ] GC(404) Pause Young (System.gc())
[610.618s][info][gc,heap        ] GC(404) PSYoungGen: 567263K(1331200K)->2995K(1329664K) Eden: 558980K(1263104K)->0K(1263104K) From: 8282K(68096K)->2995K(66560K)
[610.618s][info][gc,heap        ] GC(404) ParOldGen: 124785K(2796544K)->131348K(2796544K)
[610.618s][info][gc,metaspace   ] GC(404) Metaspace: 131122K(132928K)->131122K(132928K) NonClass: 114711K(115328K)->114711K(115328K) Class: 16410K(17600K)->16410K(17600K)
[610.618s][info][gc             ] GC(404) Pause Young (System.gc()) 675M->131M(4029M) 2.997ms
[610.618s][info][gc,cpu         ] GC(404) User=0.00s Sys=0.00s Real=0.01s
[610.618s][info][gc,start       ] GC(405) Pause Full (System.gc())
[610.618s][info][gc,phases,start] GC(405) Marking Phase
[610.653s][info][gc,phases      ] GC(405) Marking Phase 34.304ms
[610.653s][info][gc,phases,start] GC(405) Summary Phase
[610.653s][info][gc,phases      ] GC(405) Summary Phase 0.011ms
[610.653s][info][gc,phases,start] GC(405) Adjust Roots
[610.668s][info][gc,phases      ] GC(405) Adjust Roots 14.926ms
[610.668s][info][gc,phases,start] GC(405) Compaction Phase
[610.677s][info][gc,phases      ] GC(405) Compaction Phase 9.350ms
[610.677s][info][gc,phases,start] GC(405) Post Compact
[610.678s][info][gc,phases      ] GC(405) Post Compact 1.037ms
[610.678s][info][gc,heap        ] GC(405) PSYoungGen: 2995K(1329664K)->0K(1329664K) Eden: 0K(1263104K)->0K(1263104K) From: 2995K(66560K)->0K(66560K)
[610.678s][info][gc,heap        ] GC(405) ParOldGen: 131348K(2796544K)->73250K(2796544K)
[610.678s][info][gc,metaspace   ] GC(405) Metaspace: 131122K(132928K)->131122K(132928K) NonClass: 114711K(115328K)->114711K(115328K) Class: 16410K(17600K)->16410K(17600K)
[610.678s][info][gc             ] GC(405) Pause Full (System.gc()) 131M->71M(4029M) 59.919ms
[610.678s][info][gc,cpu         ] GC(405) User=0.17s Sys=0.00s Real=0.06s
[611.100s][info][gc,start       ] GC(406) Pause Young (Allocation Failure)
[611.105s][info][gc,heap        ] GC(406) PSYoungGen: 1263104K(1329664K)->26844K(1334784K) Eden: 1263104K(1263104K)->0K(1269760K) From: 0K(66560K)->26844K(65024K)
[611.105s][info][gc,heap        ] GC(406) ParOldGen: 73250K(2796544K)->73250K(2796544K)
[611.105s][info][gc,metaspace   ] GC(406) Metaspace: 131124K(132928K)->131124K(132928K) NonClass: 114714K(115328K)->114714K(115328K) Class: 16410K(17600K)->16410K(17600K)
[611.105s][info][gc             ] GC(406) Pause Young (Allocation Failure) 1305M->97M(4034M) 4.654ms
[611.105s][info][gc,cpu         ] GC(406) User=0.00s Sys=0.00s Real=0.01s
[611.436s][info][gc,start       ] GC(407) Pause Young (Allocation Failure)
[611.447s][info][gc,heap        ] GC(407) PSYoungGen: 1296604K(1334784K)->50442K(1320448K) Eden: 1269760K(1269760K)->0K(1269760K) From: 26844K(65024K)->50442K(50688K)
[611.447s][info][gc,heap        ] GC(407) ParOldGen: 73250K(2796544K)->97416K(2796544K)
[611.447s][info][gc,metaspace   ] GC(407) Metaspace: 131124K(132928K)->131124K(132928K) NonClass: 114714K(115328K)->114714K(115328K) Class: 16410K(17600K)->16410K(17600K)
[611.447s][info][gc             ] GC(407) Pause Young (Allocation Failure) 1337M->144M(4020M) 11.280ms
[611.447s][info][gc,cpu         ] GC(407) User=0.09s Sys=0.00s Real=0.01s
[615.541s][info][gc,start       ] GC(408) Pause Young (Allocation Failure)
[615.547s][info][gc,heap        ] GC(408) PSYoungGen: 1320202K(1320448K)->8783K(1329664K) Eden: 1269760K(1269760K)->0K(1259520K) From: 50442K(50688K)->8783K(70144K)
[615.547s][info][gc,heap        ] GC(408) ParOldGen: 97416K(2796544K)->128270K(2796544K)
[615.547s][info][gc,metaspace   ] GC(408) Metaspace: 131124K(132928K)->131124K(132928K) NonClass: 114714K(115328K)->114714K(115328K) Class: 16410K(17600K)->16410K(17600K)
[615.547s][info][gc             ] GC(408) Pause Young (Allocation Failure) 1384M->133M(4029M) 6.705ms
[615.547s][info][gc,cpu         ] GC(408) User=0.00s Sys=0.00s Real=0.01s
[616.938s][info][gc,start       ] GC(409) Pause Young (System.gc())
[616.940s][info][gc,heap        ] GC(409) PSYoungGen: 554842K(1329664K)->3003K(1327616K) Eden: 546058K(1259520K)->0K(1259520K) From: 8783K(70144K)->3003K(68096K)
[616.940s][info][gc,heap        ] GC(409) ParOldGen: 128270K(2796544K)->131701K(2796544K)
[616.940s][info][gc,metaspace   ] GC(409) Metaspace: 131130K(132928K)->131130K(132928K) NonClass: 114720K(115328K)->114720K(115328K) Class: 16410K(17600K)->16410K(17600K)
[616.940s][info][gc             ] GC(409) Pause Young (System.gc()) 667M->131M(4027M) 2.167ms
[616.940s][info][gc,cpu         ] GC(409) User=0.00s Sys=0.00s Real=0.01s
[616.940s][info][gc,start       ] GC(410) Pause Full (System.gc())
[616.940s][info][gc,phases,start] GC(410) Marking Phase
[616.976s][info][gc,phases      ] GC(410) Marking Phase 35.417ms
[616.976s][info][gc,phases,start] GC(410) Summary Phase
[616.976s][info][gc,phases      ] GC(410) Summary Phase 0.010ms
[616.976s][info][gc,phases,start] GC(410) Adjust Roots
[616.991s][info][gc,phases      ] GC(410) Adjust Roots 15.202ms
[616.991s][info][gc,phases,start] GC(410) Compaction Phase
[617.000s][info][gc,phases      ] GC(410) Compaction Phase 9.254ms
[617.000s][info][gc,phases,start] GC(410) Post Compact
[617.001s][info][gc,phases      ] GC(410) Post Compact 1.070ms
[617.002s][info][gc,heap        ] GC(410) PSYoungGen: 3003K(1327616K)->0K(1327616K) Eden: 0K(1259520K)->0K(1259520K) From: 3003K(68096K)->0K(68096K)
[617.002s][info][gc,heap        ] GC(410) ParOldGen: 131701K(2796544K)->72978K(2796544K)
[617.002s][info][gc,metaspace   ] GC(410) Metaspace: 131130K(132928K)->131130K(132928K) NonClass: 114720K(115328K)->114720K(115328K) Class: 16410K(17600K)->16410K(17600K)
[617.002s][info][gc             ] GC(410) Pause Full (System.gc()) 131M->71M(4027M) 61.247ms
[617.002s][info][gc,cpu         ] GC(410) User=0.14s Sys=0.00s Real=0.06s
[617.388s][info][gc,start       ] GC(411) Pause Young (Allocation Failure)
[617.392s][info][gc,heap        ] GC(411) PSYoungGen: 1259334K(1327616K)->24510K(1334272K) Eden: 1259334K(1259520K)->0K(1267712K) From: 0K(68096K)->24510K(66560K)
[617.392s][info][gc,heap        ] GC(411) ParOldGen: 72978K(2796544K)->72978K(2796544K)
[617.392s][info][gc,metaspace   ] GC(411) Metaspace: 131131K(132928K)->131131K(132928K) NonClass: 114721K(115328K)->114721K(115328K) Class: 16410K(17600K)->16410K(17600K)
[617.392s][info][gc             ] GC(411) Pause Young (Allocation Failure) 1301M->95M(4034M) 4.510ms
[617.392s][info][gc,cpu         ] GC(411) User=0.00s Sys=0.00s Real=0.00s
[617.753s][info][gc,start       ] GC(412) Pause Young (Allocation Failure)
[617.764s][info][gc,heap        ] GC(412) PSYoungGen: 1291771K(1334272K)->48267K(1316352K) Eden: 1267260K(1267712K)->0K(1267712K) From: 24510K(66560K)->48267K(48640K)
[617.764s][info][gc,heap        ] GC(412) ParOldGen: 72978K(2796544K)->97079K(2796544K)
[617.764s][info][gc,metaspace   ] GC(412) Metaspace: 131131K(132928K)->131131K(132928K) NonClass: 114721K(115328K)->114721K(115328K) Class: 16410K(17600K)->16410K(17600K)
[617.764s][info][gc             ] GC(412) Pause Young (Allocation Failure) 1332M->141M(4016M) 10.849ms
[617.764s][info][gc,cpu         ] GC(412) User=0.09s Sys=0.00s Real=0.01s
[621.801s][info][gc,start       ] GC(413) Pause Young (Allocation Failure)
[621.807s][info][gc,heap        ] GC(413) PSYoungGen: 1315979K(1316352K)->9587K(1330688K) Eden: 1267712K(1267712K)->0K(1261056K) From: 48267K(48640K)->9587K(69632K)
[621.807s][info][gc,heap        ] GC(413) ParOldGen: 97079K(2796544K)->123280K(2796544K)
[621.807s][info][gc,metaspace   ] GC(413) Metaspace: 131131K(132928K)->131131K(132928K) NonClass: 114721K(115328K)->114721K(115328K) Class: 16410K(17600K)->16410K(17600K)
[621.807s][info][gc             ] GC(413) Pause Young (Allocation Failure) 1379M->129M(4030M) 5.721ms
[621.807s][info][gc,cpu         ] GC(413) User=0.09s Sys=0.00s Real=0.00s
[623.259s][info][gc,start       ] GC(414) Pause Young (System.gc())
[623.262s][info][gc,heap        ] GC(414) PSYoungGen: 575116K(1330688K)->3002K(1328128K) Eden: 565528K(1261056K)->0K(1261056K) From: 9587K(69632K)->3002K(67072K)
[623.262s][info][gc,heap        ] GC(414) ParOldGen: 123280K(2796544K)->131484K(2796544K)
[623.262s][info][gc,metaspace   ] GC(414) Metaspace: 131140K(132928K)->131140K(132928K) NonClass: 114730K(115328K)->114730K(115328K) Class: 16410K(17600K)->16410K(17600K)
[623.262s][info][gc             ] GC(414) Pause Young (System.gc()) 682M->131M(4028M) 3.148ms
[623.262s][info][gc,cpu         ] GC(414) User=0.00s Sys=0.00s Real=0.02s
[623.262s][info][gc,start       ] GC(415) Pause Full (System.gc())
[623.262s][info][gc,phases,start] GC(415) Marking Phase
[623.296s][info][gc,phases      ] GC(415) Marking Phase 34.594ms
[623.296s][info][gc,phases,start] GC(415) Summary Phase
[623.297s][info][gc,phases      ] GC(415) Summary Phase 0.011ms
[623.297s][info][gc,phases,start] GC(415) Adjust Roots
[623.312s][info][gc,phases      ] GC(415) Adjust Roots 15.292ms
[623.312s][info][gc,phases,start] GC(415) Compaction Phase
[623.322s][info][gc,phases      ] GC(415) Compaction Phase 9.990ms
[623.322s][info][gc,phases,start] GC(415) Post Compact
[623.323s][info][gc,phases      ] GC(415) Post Compact 1.380ms
[623.323s][info][gc,heap        ] GC(415) PSYoungGen: 3002K(1328128K)->0K(1328128K) Eden: 0K(1261056K)->0K(1261056K) From: 3002K(67072K)->0K(67072K)
[623.323s][info][gc,heap        ] GC(415) ParOldGen: 131484K(2796544K)->73329K(2796544K)
[623.323s][info][gc,metaspace   ] GC(415) Metaspace: 131140K(132928K)->131140K(132928K) NonClass: 114730K(115328K)->114730K(115328K) Class: 16410K(17600K)->16410K(17600K)
[623.323s][info][gc             ] GC(415) Pause Full (System.gc()) 131M->71M(4028M) 61.609ms
[623.323s][info][gc,cpu         ] GC(415) User=0.22s Sys=0.00s Real=0.06s
[623.730s][info][gc,start       ] GC(416) Pause Young (Allocation Failure)
[623.734s][info][gc,heap        ] GC(416) PSYoungGen: 1261056K(1328128K)->24942K(1334784K) Eden: 1261056K(1261056K)->0K(1268736K) From: 0K(67072K)->24942K(66048K)
[623.734s][info][gc,heap        ] GC(416) ParOldGen: 73329K(2796544K)->73337K(2796544K)
[623.734s][info][gc,metaspace   ] GC(416) Metaspace: 131150K(132928K)->131150K(132928K) NonClass: 114740K(115328K)->114740K(115328K) Class: 16410K(17600K)->16410K(17600K)
[623.734s][info][gc             ] GC(416) Pause Young (Allocation Failure) 1303M->95M(4034M) 4.267ms
[623.734s][info][gc,cpu         ] GC(416) User=0.00s Sys=0.00s Real=0.00s
[624.077s][info][gc,start       ] GC(417) Pause Young (Allocation Failure)
[624.088s][info][gc,heap        ] GC(417) PSYoungGen: 1293678K(1334784K)->47074K(1315840K) Eden: 1268736K(1268736K)->0K(1268736K) From: 24942K(66048K)->47074K(47104K)
[624.088s][info][gc,heap        ] GC(417) ParOldGen: 73337K(2796544K)->97498K(2796544K)
[624.088s][info][gc,metaspace   ] GC(417) Metaspace: 131150K(132928K)->131150K(132928K) NonClass: 114740K(115328K)->114740K(115328K) Class: 16410K(17600K)->16410K(17600K)
[624.088s][info][gc             ] GC(417) Pause Young (Allocation Failure) 1334M->141M(4016M) 10.687ms
[624.088s][info][gc,cpu         ] GC(417) User=0.08s Sys=0.00s Real=0.01s
[628.146s][info][gc,start       ] GC(418) Pause Young (Allocation Failure)
[628.152s][info][gc,heap        ] GC(418) PSYoungGen: 1315810K(1315840K)->7752K(1330688K) Eden: 1268736K(1268736K)->0K(1262080K) From: 47074K(47104K)->7752K(68608K)
[628.152s][info][gc,heap        ] GC(418) ParOldGen: 97498K(2796544K)->126781K(2796544K)
[628.152s][info][gc,metaspace   ] GC(418) Metaspace: 131150K(132928K)->131150K(132928K) NonClass: 114740K(115328K)->114740K(115328K) Class: 16410K(17600K)->16410K(17600K)
[628.152s][info][gc             ] GC(418) Pause Young (Allocation Failure) 1380M->131M(4030M) 6.147ms
[628.152s][info][gc,cpu         ] GC(418) User=0.00s Sys=0.00s Real=0.01s
[629.569s][info][gc,start       ] GC(419) Pause Young (System.gc())
[629.571s][info][gc,heap        ] GC(419) PSYoungGen: 562307K(1330688K)->2979K(1329152K) Eden: 554555K(1262080K)->0K(1262080K) From: 7752K(68608K)->2979K(67072K)
[629.571s][info][gc,heap        ] GC(419) ParOldGen: 126781K(2796544K)->131780K(2796544K)
[629.571s][info][gc,metaspace   ] GC(419) Metaspace: 131153K(132928K)->131153K(132928K) NonClass: 114743K(115328K)->114743K(115328K) Class: 16410K(17600K)->16410K(17600K)
[629.571s][info][gc             ] GC(419) Pause Young (System.gc()) 672M->131M(4029M) 2.450ms
[629.571s][info][gc,cpu         ] GC(419) User=0.00s Sys=0.00s Real=0.00s
[629.571s][info][gc,start       ] GC(420) Pause Full (System.gc())
[629.571s][info][gc,phases,start] GC(420) Marking Phase
[629.606s][info][gc,phases      ] GC(420) Marking Phase 34.522ms
[629.606s][info][gc,phases,start] GC(420) Summary Phase
[629.606s][info][gc,phases      ] GC(420) Summary Phase 0.011ms
[629.606s][info][gc,phases,start] GC(420) Adjust Roots
[629.621s][info][gc,phases      ] GC(420) Adjust Roots 14.965ms
[629.621s][info][gc,phases,start] GC(420) Compaction Phase
[629.630s][info][gc,phases      ] GC(420) Compaction Phase 9.372ms
[629.630s][info][gc,phases,start] GC(420) Post Compact
[629.631s][info][gc,phases      ] GC(420) Post Compact 1.030ms
[629.632s][info][gc,heap        ] GC(420) PSYoungGen: 2979K(1329152K)->0K(1329152K) Eden: 0K(1262080K)->0K(1262080K) From: 2979K(67072K)->0K(67072K)
[629.632s][info][gc,heap        ] GC(420) ParOldGen: 131780K(2796544K)->73051K(2796544K)
[629.632s][info][gc,metaspace   ] GC(420) Metaspace: 131153K(132928K)->131153K(132928K) NonClass: 114743K(115328K)->114743K(115328K) Class: 16410K(17600K)->16410K(17600K)
[629.632s][info][gc             ] GC(420) Pause Full (System.gc()) 131M->71M(4029M) 60.200ms
[629.632s][info][gc,cpu         ] GC(420) User=0.19s Sys=0.00s Real=0.06s
[630.047s][info][gc,start       ] GC(421) Pause Young (Allocation Failure)
[630.051s][info][gc,heap        ] GC(421) PSYoungGen: 1262080K(1329152K)->25326K(1334784K) Eden: 1262080K(1262080K)->0K(1269248K) From: 0K(67072K)->25326K(65536K)
[630.051s][info][gc,heap        ] GC(421) ParOldGen: 73051K(2796544K)->73051K(2796544K)
[630.051s][info][gc,metaspace   ] GC(421) Metaspace: 131155K(132928K)->131155K(132928K) NonClass: 114745K(115328K)->114745K(115328K) Class: 16410K(17600K)->16410K(17600K)
[630.051s][info][gc             ] GC(421) Pause Young (Allocation Failure) 1303M->96M(4034M) 4.237ms
[630.051s][info][gc,cpu         ] GC(421) User=0.00s Sys=0.00s Real=0.00s
[630.392s][info][gc,start       ] GC(422) Pause Young (Allocation Failure)
[630.403s][info][gc,heap        ] GC(422) PSYoungGen: 1294574K(1334784K)->51792K(1321472K) Eden: 1269248K(1269248K)->0K(1269248K) From: 25326K(65536K)->51792K(52224K)
[630.403s][info][gc,heap        ] GC(422) ParOldGen: 73051K(2796544K)->97228K(2796544K)
[630.403s][info][gc,metaspace   ] GC(422) Metaspace: 131155K(132928K)->131155K(132928K) NonClass: 114745K(115328K)->114745K(115328K) Class: 16410K(17600K)->16410K(17600K)
[630.403s][info][gc             ] GC(422) Pause Young (Allocation Failure) 1335M->145M(4021M) 11.345ms
[630.403s][info][gc,cpu         ] GC(422) User=0.09s Sys=0.00s Real=0.01s
[634.480s][info][gc,start       ] GC(423) Pause Young (Allocation Failure)
[634.487s][info][gc,heap        ] GC(423) PSYoungGen: 1321040K(1321472K)->10535K(1329664K) Eden: 1269248K(1269248K)->0K(1259008K) From: 51792K(52224K)->10535K(70656K)
[634.487s][info][gc,heap        ] GC(423) ParOldGen: 97228K(2796544K)->126518K(2796544K)
[634.487s][info][gc,metaspace   ] GC(423) Metaspace: 131155K(132928K)->131155K(132928K) NonClass: 114745K(115328K)->114745K(115328K) Class: 16410K(17600K)->16410K(17600K)
[634.487s][info][gc             ] GC(423) Pause Young (Allocation Failure) 1385M->133M(4029M) 7.148ms
[634.487s][info][gc,cpu         ] GC(423) User=0.00s Sys=0.00s Real=0.01s
[635.875s][info][gc,start       ] GC(424) Pause Young (System.gc())
[635.878s][info][gc,heap        ] GC(424) PSYoungGen: 553884K(1329664K)->3003K(1327104K) Eden: 543349K(1259008K)->0K(1259008K) From: 10535K(70656K)->3003K(68096K)
[635.878s][info][gc,heap        ] GC(424) ParOldGen: 126518K(2796544K)->131525K(2796544K)
[635.878s][info][gc,metaspace   ] GC(424) Metaspace: 131159K(132928K)->131159K(132928K) NonClass: 114748K(115328K)->114748K(115328K) Class: 16410K(17600K)->16410K(17600K)
[635.878s][info][gc             ] GC(424) Pause Young (System.gc()) 664M->131M(4027M) 2.525ms
[635.878s][info][gc,cpu         ] GC(424) User=0.00s Sys=0.00s Real=0.00s
[635.878s][info][gc,start       ] GC(425) Pause Full (System.gc())
[635.878s][info][gc,phases,start] GC(425) Marking Phase
[635.915s][info][gc,phases      ] GC(425) Marking Phase 36.814ms
[635.915s][info][gc,phases,start] GC(425) Summary Phase
[635.915s][info][gc,phases      ] GC(425) Summary Phase 0.011ms
[635.915s][info][gc,phases,start] GC(425) Adjust Roots
[635.930s][info][gc,phases      ] GC(425) Adjust Roots 14.781ms
[635.930s][info][gc,phases,start] GC(425) Compaction Phase
[635.940s][info][gc,phases      ] GC(425) Compaction Phase 9.861ms
[635.940s][info][gc,phases,start] GC(425) Post Compact
[635.941s][info][gc,phases      ] GC(425) Post Compact 1.068ms
[635.941s][info][gc,heap        ] GC(425) PSYoungGen: 3003K(1327104K)->0K(1327104K) Eden: 0K(1259008K)->0K(1259008K) From: 3003K(68096K)->0K(68096K)
[635.941s][info][gc,heap        ] GC(425) ParOldGen: 131525K(2796544K)->73409K(2796544K)
[635.941s][info][gc,metaspace   ] GC(425) Metaspace: 131159K(132928K)->131159K(132928K) NonClass: 114748K(115328K)->114748K(115328K) Class: 16410K(17600K)->16410K(17600K)
[635.941s][info][gc             ] GC(425) Pause Full (System.gc()) 131M->71M(4027M) 62.834ms
[635.941s][info][gc,cpu         ] GC(425) User=0.12s Sys=0.00s Real=0.06s
[636.363s][info][gc,start       ] GC(426) Pause Young (Allocation Failure)
[636.367s][info][gc,heap        ] GC(426) PSYoungGen: 1256666K(1327104K)->24394K(1334272K) Eden: 1256666K(1259008K)->0K(1267712K) From: 0K(68096K)->24394K(66560K)
[636.367s][info][gc,heap        ] GC(426) ParOldGen: 73409K(2796544K)->73409K(2796544K)
[636.367s][info][gc,metaspace   ] GC(426) Metaspace: 131190K(132928K)->131190K(132928K) NonClass: 114776K(115328K)->114776K(115328K) Class: 16413K(17600K)->16413K(17600K)
[636.367s][info][gc             ] GC(426) Pause Young (Allocation Failure) 1298M->95M(4034M) 3.975ms
[636.367s][info][gc,cpu         ] GC(426) User=0.06s Sys=0.03s Real=0.01s
[636.715s][info][gc,start       ] GC(427) Pause Young (Allocation Failure)
[636.726s][info][gc,heap        ] GC(427) PSYoungGen: 1292068K(1334272K)->46848K(1314816K) Eden: 1267674K(1267712K)->0K(1267712K) From: 24394K(66560K)->46848K(47104K)
[636.726s][info][gc,heap        ] GC(427) ParOldGen: 73409K(2796544K)->97576K(2796544K)
[636.726s][info][gc,metaspace   ] GC(427) Metaspace: 131190K(132928K)->131190K(132928K) NonClass: 114776K(115328K)->114776K(115328K) Class: 16413K(17600K)->16413K(17600K)
[636.726s][info][gc             ] GC(427) Pause Young (Allocation Failure) 1333M->141M(4015M) 10.911ms
[636.726s][info][gc,cpu         ] GC(427) User=0.09s Sys=0.00s Real=0.01s
[640.771s][info][gc,start       ] GC(428) Pause Young (Allocation Failure)
[640.777s][info][gc,heap        ] GC(428) PSYoungGen: 1314560K(1314816K)->8192K(1330688K) Eden: 1267712K(1267712K)->0K(1261568K) From: 46848K(47104K)->8192K(69120K)
[640.777s][info][gc,heap        ] GC(428) ParOldGen: 97576K(2796544K)->125296K(2796544K)
[640.777s][info][gc,metaspace   ] GC(428) Metaspace: 131197K(132928K)->131197K(132928K) NonClass: 114783K(115328K)->114783K(115328K) Class: 16413K(17600K)->16413K(17600K)
[640.777s][info][gc             ] GC(428) Pause Young (Allocation Failure) 1379M->130M(4030M) 6.008ms
[640.777s][info][gc,cpu         ] GC(428) User=0.00s Sys=0.00s Real=0.01s
[642.216s][info][gc,start       ] GC(429) Pause Young (System.gc())
[642.219s][info][gc,heap        ] GC(429) PSYoungGen: 564795K(1330688K)->2970K(1328640K) Eden: 556602K(1261568K)->0K(1261568K) From: 8192K(69120K)->2970K(67072K)
[642.219s][info][gc,heap        ] GC(429) ParOldGen: 125296K(2796544K)->131857K(2796544K)
[642.219s][info][gc,metaspace   ] GC(429) Metaspace: 131197K(132928K)->131197K(132928K) NonClass: 114783K(115328K)->114783K(115328K) Class: 16413K(17600K)->16413K(17600K)
[642.219s][info][gc             ] GC(429) Pause Young (System.gc()) 673M->131M(4028M) 2.783ms
[642.219s][info][gc,cpu         ] GC(429) User=0.00s Sys=0.00s Real=0.01s
[642.219s][info][gc,start       ] GC(430) Pause Full (System.gc())
[642.219s][info][gc,phases,start] GC(430) Marking Phase
[642.254s][info][gc,phases      ] GC(430) Marking Phase 34.558ms
[642.254s][info][gc,phases,start] GC(430) Summary Phase
[642.254s][info][gc,phases      ] GC(430) Summary Phase 0.010ms
[642.254s][info][gc,phases,start] GC(430) Adjust Roots
[642.269s][info][gc,phases      ] GC(430) Adjust Roots 15.081ms
[642.269s][info][gc,phases,start] GC(430) Compaction Phase
[642.280s][info][gc,phases      ] GC(430) Compaction Phase 10.686ms
[642.280s][info][gc,phases,start] GC(430) Post Compact
[642.281s][info][gc,phases      ] GC(430) Post Compact 1.159ms
[642.281s][info][gc,heap        ] GC(430) PSYoungGen: 2970K(1328640K)->0K(1328640K) Eden: 0K(1261568K)->0K(1261568K) From: 2970K(67072K)->0K(67072K)
[642.281s][info][gc,heap        ] GC(430) ParOldGen: 131857K(2796544K)->73134K(2796544K)
[642.281s][info][gc,metaspace   ] GC(430) Metaspace: 131197K(132928K)->131197K(132928K) NonClass: 114783K(115328K)->114783K(115328K) Class: 16413K(17600K)->16413K(17600K)
[642.281s][info][gc             ] GC(430) Pause Full (System.gc()) 131M->71M(4028M) 61.786ms
[642.281s][info][gc,cpu         ] GC(430) User=0.30s Sys=0.00s Real=0.06s
[642.704s][info][gc,start       ] GC(431) Pause Young (Allocation Failure)
[642.708s][info][gc,heap        ] GC(431) PSYoungGen: 1261568K(1328640K)->25287K(1334784K) Eden: 1261568K(1261568K)->0K(1269248K) From: 0K(67072K)->25287K(65536K)
[642.708s][info][gc,heap        ] GC(431) ParOldGen: 73134K(2796544K)->73142K(2796544K)
[642.708s][info][gc,metaspace   ] GC(431) Metaspace: 131267K(132992K)->131267K(132992K) NonClass: 114852K(115392K)->114852K(115392K) Class: 16414K(17600K)->16414K(17600K)
[642.708s][info][gc             ] GC(431) Pause Young (Allocation Failure) 1303M->96M(4034M) 4.403ms
[642.709s][info][gc,cpu         ] GC(431) User=0.03s Sys=0.00s Real=0.00s
[643.091s][info][gc,start       ] GC(432) Pause Young (Allocation Failure)
[643.102s][info][gc,heap        ] GC(432) PSYoungGen: 1294535K(1334784K)->45432K(1314816K) Eden: 1269248K(1269248K)->0K(1269248K) From: 25287K(65536K)->45432K(45568K)
[643.102s][info][gc,heap        ] GC(432) ParOldGen: 73142K(2796544K)->97311K(2796544K)
[643.102s][info][gc,metaspace   ] GC(432) Metaspace: 131267K(132992K)->131267K(132992K) NonClass: 114852K(115392K)->114852K(115392K) Class: 16414K(17600K)->16414K(17600K)
[643.102s][info][gc             ] GC(432) Pause Young (Allocation Failure) 1335M->139M(4015M) 11.271ms
[643.103s][info][gc,cpu         ] GC(432) User=0.08s Sys=0.00s Real=0.02s
[647.289s][info][gc,start       ] GC(433) Pause Young (Allocation Failure)
[647.295s][info][gc,heap        ] GC(433) PSYoungGen: 1314680K(1314816K)->8785K(1331712K) Eden: 1269248K(1269248K)->0K(1263616K) From: 45432K(45568K)->8785K(68096K)
[647.295s][info][gc,heap        ] GC(433) ParOldGen: 97311K(2796544K)->128219K(2796544K)
[647.295s][info][gc,metaspace   ] GC(433) Metaspace: 131267K(132992K)->131267K(132992K) NonClass: 114852K(115392K)->114852K(115392K) Class: 16414K(17600K)->16414K(17600K)
[647.295s][info][gc             ] GC(433) Pause Young (Allocation Failure) 1378M->133M(4031M) 6.612ms
[647.295s][info][gc,cpu         ] GC(433) User=0.00s Sys=0.00s Real=0.01s
[648.769s][info][gc,start       ] GC(434) Pause Young (System.gc())
[648.771s][info][gc,heap        ] GC(434) PSYoungGen: 554869K(1331712K)->2995K(1329664K) Eden: 546084K(1263616K)->0K(1263616K) From: 8785K(68096K)->2995K(66048K)
[648.771s][info][gc,heap        ] GC(434) ParOldGen: 128219K(2796544K)->131592K(2796544K)
[648.771s][info][gc,metaspace   ] GC(434) Metaspace: 131274K(133056K)->131274K(133056K) NonClass: 114859K(115456K)->114859K(115456K) Class: 16414K(17600K)->16414K(17600K)
[648.771s][info][gc             ] GC(434) Pause Young (System.gc()) 667M->131M(4029M) 2.203ms
[648.771s][info][gc,cpu         ] GC(434) User=0.09s Sys=0.00s Real=0.00s
[648.771s][info][gc,start       ] GC(435) Pause Full (System.gc())
[648.771s][info][gc,phases,start] GC(435) Marking Phase
[648.806s][info][gc,phases      ] GC(435) Marking Phase 34.621ms
[648.806s][info][gc,phases,start] GC(435) Summary Phase
[648.806s][info][gc,phases      ] GC(435) Summary Phase 0.010ms
[648.806s][info][gc,phases,start] GC(435) Adjust Roots
[648.821s][info][gc,phases      ] GC(435) Adjust Roots 15.018ms
[648.821s][info][gc,phases,start] GC(435) Compaction Phase
[648.831s][info][gc,phases      ] GC(435) Compaction Phase 9.629ms
[648.831s][info][gc,phases,start] GC(435) Post Compact
[648.832s][info][gc,phases      ] GC(435) Post Compact 1.076ms
[648.832s][info][gc,heap        ] GC(435) PSYoungGen: 2995K(1329664K)->0K(1329664K) Eden: 0K(1263616K)->0K(1263616K) From: 2995K(66048K)->0K(66048K)
[648.832s][info][gc,heap        ] GC(435) ParOldGen: 131592K(2796544K)->73512K(2796544K)
[648.832s][info][gc,metaspace   ] GC(435) Metaspace: 131274K(133056K)->131274K(133056K) NonClass: 114859K(115456K)->114859K(115456K) Class: 16414K(17600K)->16414K(17600K)
[648.832s][info][gc             ] GC(435) Pause Full (System.gc()) 131M->71M(4029M) 60.638ms
[648.832s][info][gc,cpu         ] GC(435) User=0.05s Sys=0.00s Real=0.07s
[649.264s][info][gc,start       ] GC(436) Pause Young (Allocation Failure)
[649.268s][info][gc,heap        ] GC(436) PSYoungGen: 1263616K(1329664K)->25294K(1335296K) Eden: 1263616K(1263616K)->0K(1270272K) From: 0K(66048K)->25294K(65024K)
[649.268s][info][gc,heap        ] GC(436) ParOldGen: 73512K(2796544K)->73512K(2796544K)
[649.268s][info][gc,metaspace   ] GC(436) Metaspace: 131357K(133120K)->131357K(133120K) NonClass: 114942K(115520K)->114942K(115520K) Class: 16414K(17600K)->16414K(17600K)
[649.268s][info][gc             ] GC(436) Pause Young (Allocation Failure) 1305M->96M(4035M) 4.114ms
[649.268s][info][gc,cpu         ] GC(436) User=0.00s Sys=0.00s Real=0.00s
[649.620s][info][gc,start       ] GC(437) Pause Young (Allocation Failure)
[649.630s][info][gc,heap        ] GC(437) PSYoungGen: 1295566K(1335296K)->49386K(1319936K) Eden: 1270272K(1270272K)->0K(1270272K) From: 25294K(65024K)->49386K(49664K)
[649.630s][info][gc,heap        ] GC(437) ParOldGen: 73512K(2796544K)->97676K(2796544K)
[649.630s][info][gc,metaspace   ] GC(437) Metaspace: 131357K(133120K)->131357K(133120K) NonClass: 114942K(115520K)->114942K(115520K) Class: 16414K(17600K)->16414K(17600K)
[649.630s][info][gc             ] GC(437) Pause Young (Allocation Failure) 1336M->143M(4020M) 10.939ms
[649.631s][info][gc,cpu         ] GC(437) User=0.09s Sys=0.00s Real=0.01s
[653.701s][info][gc,start       ] GC(438) Pause Young (Allocation Failure)
[653.708s][info][gc,heap        ] GC(438) PSYoungGen: 1319658K(1319936K)->8894K(1330688K) Eden: 1270272K(1270272K)->0K(1261568K) From: 49386K(49664K)->8894K(69120K)
[653.708s][info][gc,heap        ] GC(438) ParOldGen: 97676K(2796544K)->127748K(2796544K)
[653.708s][info][gc,metaspace   ] GC(438) Metaspace: 131361K(133184K)->131361K(133184K) NonClass: 114947K(115584K)->114947K(115584K) Class: 16414K(17600K)->16414K(17600K)
[653.708s][info][gc             ] GC(438) Pause Young (Allocation Failure) 1384M->133M(4030M) 6.698ms
[653.708s][info][gc,cpu         ] GC(438) User=0.00s Sys=0.00s Real=0.02s
[655.102s][info][gc,start       ] GC(439) Pause Young (System.gc())
[655.105s][info][gc,heap        ] GC(439) PSYoungGen: 561484K(1330688K)->3042K(1328640K) Eden: 552590K(1261568K)->0K(1261568K) From: 8894K(69120K)->3042K(67072K)
[655.105s][info][gc,heap        ] GC(439) ParOldGen: 127748K(2796544K)->131919K(2796544K)
[655.105s][info][gc,metaspace   ] GC(439) Metaspace: 131376K(133184K)->131376K(133184K) NonClass: 114962K(115584K)->114962K(115584K) Class: 16414K(17600K)->16414K(17600K)
[655.105s][info][gc             ] GC(439) Pause Young (System.gc()) 673M->131M(4028M) 2.708ms
[655.105s][info][gc,cpu         ] GC(439) User=0.00s Sys=0.00s Real=0.01s
[655.105s][info][gc,start       ] GC(440) Pause Full (System.gc())
[655.105s][info][gc,phases,start] GC(440) Marking Phase
[655.140s][info][gc,phases      ] GC(440) Marking Phase 34.941ms
[655.140s][info][gc,phases,start] GC(440) Summary Phase
[655.140s][info][gc,phases      ] GC(440) Summary Phase 0.011ms
[655.140s][info][gc,phases,start] GC(440) Adjust Roots
[655.156s][info][gc,phases      ] GC(440) Adjust Roots 15.510ms
[655.156s][info][gc,phases,start] GC(440) Compaction Phase
[655.166s][info][gc,phases      ] GC(440) Compaction Phase 10.374ms
[655.166s][info][gc,phases,start] GC(440) Post Compact
[655.167s][info][gc,phases      ] GC(440) Post Compact 1.060ms
[655.167s][info][gc,heap        ] GC(440) PSYoungGen: 3042K(1328640K)->0K(1328640K) Eden: 0K(1261568K)->0K(1261568K) From: 3042K(67072K)->0K(67072K)
[655.167s][info][gc,heap        ] GC(440) ParOldGen: 131919K(2796544K)->73234K(2796544K)
[655.167s][info][gc,metaspace   ] GC(440) Metaspace: 131376K(133184K)->131376K(133184K) NonClass: 114962K(115584K)->114962K(115584K) Class: 16414K(17600K)->16414K(17600K)
[655.167s][info][gc             ] GC(440) Pause Full (System.gc()) 131M->71M(4028M) 62.206ms
[655.167s][info][gc,cpu         ] GC(440) User=0.17s Sys=0.03s Real=0.06s
[655.594s][info][gc,start       ] GC(441) Pause Young (Allocation Failure)
[655.598s][info][gc,heap        ] GC(441) PSYoungGen: 1261568K(1328640K)->25262K(1334784K) Eden: 1261568K(1261568K)->0K(1269248K) From: 0K(67072K)->25262K(65536K)
[655.598s][info][gc,heap        ] GC(441) ParOldGen: 73234K(2796544K)->73234K(2796544K)
[655.598s][info][gc,metaspace   ] GC(441) Metaspace: 131376K(133184K)->131376K(133184K) NonClass: 114962K(115584K)->114962K(115584K) Class: 16414K(17600K)->16414K(17600K)
[655.598s][info][gc             ] GC(441) Pause Young (Allocation Failure) 1303M->96M(4034M) 4.204ms
[655.598s][info][gc,cpu         ] GC(441) User=0.00s Sys=0.00s Real=0.00s
[655.962s][info][gc,start       ] GC(442) Pause Young (Allocation Failure)
[655.973s][info][gc,heap        ] GC(442) PSYoungGen: 1294510K(1334784K)->47451K(1316864K) Eden: 1269248K(1269248K)->0K(1269248K) From: 25262K(65536K)->47451K(47616K)
[655.973s][info][gc,heap        ] GC(442) ParOldGen: 73234K(2796544K)->97397K(2796544K)
[655.973s][info][gc,metaspace   ] GC(442) Metaspace: 131376K(133184K)->131376K(133184K) NonClass: 114962K(115584K)->114962K(115584K) Class: 16414K(17600K)->16414K(17600K)
[655.973s][info][gc             ] GC(442) Pause Young (Allocation Failure) 1335M->141M(4017M) 10.698ms
[655.973s][info][gc,cpu         ] GC(442) User=0.00s Sys=0.00s Real=0.01s
[660.072s][info][gc,start       ] GC(443) Pause Young (Allocation Failure)
[660.079s][info][gc,heap        ] GC(443) PSYoungGen: 1316699K(1316864K)->9785K(1331200K) Eden: 1269248K(1269248K)->0K(1262592K) From: 47451K(47616K)->9785K(68608K)
[660.079s][info][gc,heap        ] GC(443) ParOldGen: 97397K(2796544K)->126688K(2796544K)
[660.079s][info][gc,metaspace   ] GC(443) Metaspace: 131378K(133184K)->131378K(133184K) NonClass: 114964K(115584K)->114964K(115584K) Class: 16414K(17600K)->16414K(17600K)
[660.079s][info][gc             ] GC(443) Pause Young (Allocation Failure) 1380M->133M(4031M) 6.975ms
[660.079s][info][gc,cpu         ] GC(443) User=0.00s Sys=0.00s Real=0.01s
[661.473s][info][gc,start       ] GC(444) Pause Young (System.gc())
[661.475s][info][gc,heap        ] GC(444) PSYoungGen: 557567K(1331200K)->2978K(1329152K) Eden: 547781K(1262592K)->0K(1262592K) From: 9785K(68608K)->2978K(66560K)
[661.475s][info][gc,heap        ] GC(444) ParOldGen: 126688K(2796544K)->131687K(2796544K)
[661.475s][info][gc,metaspace   ] GC(444) Metaspace: 131379K(133184K)->131379K(133184K) NonClass: 114965K(115584K)->114965K(115584K) Class: 16414K(17600K)->16414K(17600K)
[661.475s][info][gc             ] GC(444) Pause Young (System.gc()) 668M->131M(4029M) 2.486ms
[661.475s][info][gc,cpu         ] GC(444) User=0.09s Sys=0.00s Real=0.01s
[661.475s][info][gc,start       ] GC(445) Pause Full (System.gc())
[661.475s][info][gc,phases,start] GC(445) Marking Phase
[661.511s][info][gc,phases      ] GC(445) Marking Phase 35.222ms
[661.511s][info][gc,phases,start] GC(445) Summary Phase
[661.511s][info][gc,phases      ] GC(445) Summary Phase 0.011ms
[661.511s][info][gc,phases,start] GC(445) Adjust Roots
[661.526s][info][gc,phases      ] GC(445) Adjust Roots 15.192ms
[661.526s][info][gc,phases,start] GC(445) Compaction Phase
[661.535s][info][gc,phases      ] GC(445) Compaction Phase 9.400ms
[661.535s][info][gc,phases,start] GC(445) Post Compact
[661.537s][info][gc,phases      ] GC(445) Post Compact 1.063ms
[661.537s][info][gc,heap        ] GC(445) PSYoungGen: 2978K(1329152K)->0K(1329152K) Eden: 0K(1262592K)->0K(1262592K) From: 2978K(66560K)->0K(66560K)
[661.537s][info][gc,heap        ] GC(445) ParOldGen: 131687K(2796544K)->73595K(2796544K)
[661.537s][info][gc,metaspace   ] GC(445) Metaspace: 131379K(133184K)->131379K(133184K) NonClass: 114965K(115584K)->114965K(115584K) Class: 16414K(17600K)->16414K(17600K)
[661.537s][info][gc             ] GC(445) Pause Full (System.gc()) 131M->71M(4029M) 61.206ms
[661.537s][info][gc,cpu         ] GC(445) User=0.05s Sys=0.00s Real=0.06s
[661.952s][info][gc,start       ] GC(446) Pause Young (Allocation Failure)
[661.957s][info][gc,heap        ] GC(446) PSYoungGen: 1262592K(1329152K)->25020K(1335296K) Eden: 1262592K(1262592K)->0K(1270272K) From: 0K(66560K)->25020K(65024K)
[661.957s][info][gc,heap        ] GC(446) ParOldGen: 73595K(2796544K)->73595K(2796544K)
[661.957s][info][gc,metaspace   ] GC(446) Metaspace: 131380K(133184K)->131380K(133184K) NonClass: 114965K(115584K)->114965K(115584K) Class: 16414K(17600K)->16414K(17600K)
[661.957s][info][gc             ] GC(446) Pause Young (Allocation Failure) 1304M->96M(4035M) 4.816ms
[661.957s][info][gc,cpu         ] GC(446) User=0.00s Sys=0.00s Real=0.00s
[662.291s][info][gc,start       ] GC(447) Pause Young (Allocation Failure)
[662.302s][info][gc,heap        ] GC(447) PSYoungGen: 1295292K(1335296K)->46500K(1316864K) Eden: 1270272K(1270272K)->0K(1270272K) From: 25020K(65024K)->46500K(46592K)
[662.302s][info][gc,heap        ] GC(447) ParOldGen: 73595K(2796544K)->97756K(2796544K)
[662.302s][info][gc,metaspace   ] GC(447) Metaspace: 131380K(133184K)->131380K(133184K) NonClass: 114965K(115584K)->114965K(115584K) Class: 16414K(17600K)->16414K(17600K)
[662.302s][info][gc             ] GC(447) Pause Young (Allocation Failure) 1336M->140M(4017M) 10.590ms
[662.302s][info][gc,cpu         ] GC(447) User=0.00s Sys=0.00s Real=0.01s
[666.362s][info][gc,start       ] GC(448) Pause Young (Allocation Failure)
[666.369s][info][gc,heap        ] GC(448) PSYoungGen: 1316772K(1316864K)->8255K(1331712K) Eden: 1270272K(1270272K)->0K(1263616K) From: 46500K(46592K)->8255K(68096K)
[666.369s][info][gc,heap        ] GC(448) ParOldGen: 97756K(2796544K)->128618K(2796544K)
[666.369s][info][gc,metaspace   ] GC(448) Metaspace: 131380K(133184K)->131380K(133184K) NonClass: 114965K(115584K)->114965K(115584K) Class: 16414K(17600K)->16414K(17600K)
[666.369s][info][gc             ] GC(448) Pause Young (Allocation Failure) 1381M->133M(4031M) 6.433ms
[666.369s][info][gc,cpu         ] GC(448) User=0.09s Sys=0.00s Real=0.01s
[667.770s][info][gc,start       ] GC(449) Pause Young (System.gc())
[667.772s][info][gc,heap        ] GC(449) PSYoungGen: 553795K(1331712K)->2970K(1329664K) Eden: 545539K(1263616K)->0K(1263616K) From: 8255K(68096K)->2970K(66048K)
[667.772s][info][gc,heap        ] GC(449) ParOldGen: 128618K(2796544K)->132054K(2796544K)
[667.772s][info][gc,metaspace   ] GC(449) Metaspace: 131380K(133184K)->131380K(133184K) NonClass: 114966K(115584K)->114966K(115584K) Class: 16414K(17600K)->16414K(17600K)
[667.772s][info][gc             ] GC(449) Pause Young (System.gc()) 666M->131M(4029M) 2.352ms
[667.772s][info][gc,cpu         ] GC(449) User=0.06s Sys=0.02s Real=0.01s
[667.772s][info][gc,start       ] GC(450) Pause Full (System.gc())
[667.772s][info][gc,phases,start] GC(450) Marking Phase
[667.807s][info][gc,phases      ] GC(450) Marking Phase 34.491ms
[667.807s][info][gc,phases,start] GC(450) Summary Phase
[667.807s][info][gc,phases      ] GC(450) Summary Phase 0.011ms
[667.807s][info][gc,phases,start] GC(450) Adjust Roots
[667.822s][info][gc,phases      ] GC(450) Adjust Roots 15.276ms
[667.822s][info][gc,phases,start] GC(450) Compaction Phase
[667.832s][info][gc,phases      ] GC(450) Compaction Phase 10.259ms
[667.832s][info][gc,phases,start] GC(450) Post Compact
[667.833s][info][gc,phases      ] GC(450) Post Compact 0.987ms
[667.833s][info][gc,heap        ] GC(450) PSYoungGen: 2970K(1329664K)->0K(1329664K) Eden: 0K(1263616K)->0K(1263616K) From: 2970K(66048K)->0K(66048K)
[667.833s][info][gc,heap        ] GC(450) ParOldGen: 132054K(2796544K)->73317K(2796544K)
[667.833s][info][gc,metaspace   ] GC(450) Metaspace: 131380K(133184K)->131380K(133184K) NonClass: 114966K(115584K)->114966K(115584K) Class: 16414K(17600K)->16414K(17600K)
[667.833s][info][gc             ] GC(450) Pause Full (System.gc()) 131M->71M(4029M) 61.337ms
[667.833s][info][gc,cpu         ] GC(450) User=0.03s Sys=0.02s Real=0.06s
[668.246s][info][gc,start       ] GC(451) Pause Young (Allocation Failure)
[668.250s][info][gc,heap        ] GC(451) PSYoungGen: 1263616K(1329664K)->25243K(1335296K) Eden: 1263616K(1263616K)->0K(1270272K) From: 0K(66048K)->25243K(65024K)
[668.250s][info][gc,heap        ] GC(451) ParOldGen: 73317K(2796544K)->73317K(2796544K)
[668.250s][info][gc,metaspace   ] GC(451) Metaspace: 131380K(133184K)->131380K(133184K) NonClass: 114966K(115584K)->114966K(115584K) Class: 16414K(17600K)->16414K(17600K)
[668.250s][info][gc             ] GC(451) Pause Young (Allocation Failure) 1305M->96M(4035M) 4.370ms
[668.250s][info][gc,cpu         ] GC(451) User=0.00s Sys=0.00s Real=0.00s
[668.593s][info][gc,start       ] GC(452) Pause Young (Allocation Failure)
[668.604s][info][gc,heap        ] GC(452) PSYoungGen: 1295515K(1335296K)->49524K(1319936K) Eden: 1270272K(1270272K)->0K(1270272K) From: 25243K(65024K)->49524K(49664K)
[668.604s][info][gc,heap        ] GC(452) ParOldGen: 73317K(2796544K)->97475K(2796544K)
[668.604s][info][gc,metaspace   ] GC(452) Metaspace: 131380K(133184K)->131380K(133184K) NonClass: 114966K(115584K)->114966K(115584K) Class: 16414K(17600K)->16414K(17600K)
[668.604s][info][gc             ] GC(452) Pause Young (Allocation Failure) 1336M->143M(4020M) 11.029ms
[668.604s][info][gc,cpu         ] GC(452) User=0.09s Sys=0.00s Real=0.01s
[672.653s][info][gc,start       ] GC(453) Pause Young (Allocation Failure)
[672.659s][info][gc,heap        ] GC(453) PSYoungGen: 1319796K(1319936K)->9177K(1330688K) Eden: 1270272K(1270272K)->0K(1261568K) From: 49524K(49664K)->9177K(69120K)
[672.659s][info][gc,heap        ] GC(453) ParOldGen: 97475K(2796544K)->125196K(2796544K)
[672.659s][info][gc,metaspace   ] GC(453) Metaspace: 131380K(133184K)->131380K(133184K) NonClass: 114966K(115584K)->114966K(115584K) Class: 16414K(17600K)->16414K(17600K)
[672.659s][info][gc             ] GC(453) Pause Young (Allocation Failure) 1384M->131M(4030M) 6.067ms
[672.659s][info][gc,cpu         ] GC(453) User=0.00s Sys=0.00s Real=0.00s
[674.080s][info][gc,start       ] GC(454) Pause Young (System.gc())
[674.083s][info][gc,heap        ] GC(454) PSYoungGen: 562530K(1330688K)->2995K(1328640K) Eden: 553353K(1261568K)->0K(1261568K) From: 9177K(69120K)->2995K(67072K)
[674.083s][info][gc,heap        ] GC(454) ParOldGen: 125196K(2796544K)->131837K(2796544K)
[674.083s][info][gc,metaspace   ] GC(454) Metaspace: 131380K(133184K)->131380K(133184K) NonClass: 114966K(115584K)->114966K(115584K) Class: 16414K(17600K)->16414K(17600K)
[674.083s][info][gc             ] GC(454) Pause Young (System.gc()) 671M->131M(4028M) 2.976ms
[674.084s][info][gc,cpu         ] GC(454) User=0.05s Sys=0.00s Real=0.01s
[674.084s][info][gc,start       ] GC(455) Pause Full (System.gc())
[674.084s][info][gc,phases,start] GC(455) Marking Phase
[674.119s][info][gc,phases      ] GC(455) Marking Phase 35.066ms
[674.119s][info][gc,phases,start] GC(455) Summary Phase
[674.119s][info][gc,phases      ] GC(455) Summary Phase 0.010ms
[674.119s][info][gc,phases,start] GC(455) Adjust Roots
[674.134s][info][gc,phases      ] GC(455) Adjust Roots 15.371ms
[674.134s][info][gc,phases,start] GC(455) Compaction Phase
[674.145s][info][gc,phases      ] GC(455) Compaction Phase 10.691ms
[674.145s][info][gc,phases,start] GC(455) Post Compact
[674.146s][info][gc,phases      ] GC(455) Post Compact 1.049ms
[674.146s][info][gc,heap        ] GC(455) PSYoungGen: 2995K(1328640K)->0K(1328640K) Eden: 0K(1261568K)->0K(1261568K) From: 2995K(67072K)->0K(67072K)
[674.146s][info][gc,heap        ] GC(455) ParOldGen: 131837K(2796544K)->72879K(2796544K)
[674.146s][info][gc,metaspace   ] GC(455) Metaspace: 131380K(133184K)->131380K(133184K) NonClass: 114966K(115584K)->114966K(115584K) Class: 16414K(17600K)->16414K(17600K)
[674.146s][info][gc             ] GC(455) Pause Full (System.gc()) 131M->71M(4028M) 62.492ms
[674.146s][info][gc,cpu         ] GC(455) User=0.05s Sys=0.00s Real=0.06s
[674.560s][info][gc,start       ] GC(456) Pause Young (Allocation Failure)
[674.564s][info][gc,heap        ] GC(456) PSYoungGen: 1261568K(1328640K)->25018K(1334784K) Eden: 1261568K(1261568K)->0K(1269248K) From: 0K(67072K)->25018K(65536K)
[674.564s][info][gc,heap        ] GC(456) ParOldGen: 72879K(2796544K)->72879K(2796544K)
[674.564s][info][gc,metaspace   ] GC(456) Metaspace: 131380K(133184K)->131380K(133184K) NonClass: 114966K(115584K)->114966K(115584K) Class: 16414K(17600K)->16414K(17600K)
[674.564s][info][gc             ] GC(456) Pause Young (Allocation Failure) 1303M->95M(4034M) 4.090ms
[674.564s][info][gc,cpu         ] GC(456) User=0.00s Sys=0.00s Real=0.00s
[674.911s][info][gc,start       ] GC(457) Pause Young (Allocation Failure)
[674.922s][info][gc,heap        ] GC(457) PSYoungGen: 1294266K(1334784K)->45961K(1315328K) Eden: 1269248K(1269248K)->0K(1269248K) From: 25018K(65536K)->45961K(46080K)
[674.922s][info][gc,heap        ] GC(457) ParOldGen: 72879K(2796544K)->97089K(2796544K)
[674.922s][info][gc,metaspace   ] GC(457) Metaspace: 131380K(133184K)->131380K(133184K) NonClass: 114966K(115584K)->114966K(115584K) Class: 16414K(17600K)->16414K(17600K)
[674.922s][info][gc             ] GC(457) Pause Young (Allocation Failure) 1335M->139M(4015M) 10.607ms
[674.922s][info][gc,cpu         ] GC(457) User=0.00s Sys=0.00s Real=0.01s
[678.986s][info][gc,start       ] GC(458) Pause Young (Allocation Failure)
[678.993s][info][gc,heap        ] GC(458) PSYoungGen: 1315209K(1315328K)->7170K(1331200K) Eden: 1269248K(1269248K)->0K(1263104K) From: 45961K(46080K)->7170K(68096K)
[678.993s][info][gc,heap        ] GC(458) ParOldGen: 97089K(2796544K)->127943K(2796544K)
[678.993s][info][gc,metaspace   ] GC(458) Metaspace: 131380K(133184K)->131380K(133184K) NonClass: 114966K(115584K)->114966K(115584K) Class: 16414K(17600K)->16414K(17600K)
[678.993s][info][gc             ] GC(458) Pause Young (Allocation Failure) 1379M->131M(4031M) 6.258ms
[678.993s][info][gc,cpu         ] GC(458) User=0.09s Sys=0.00s Real=0.01s
[680.401s][info][gc,start       ] GC(459) Pause Young (System.gc())
[680.404s][info][gc,heap        ] GC(459) PSYoungGen: 561772K(1331200K)->3106K(1329664K) Eden: 554601K(1263104K)->0K(1263104K) From: 7170K(68096K)->3106K(66560K)
[680.404s][info][gc,heap        ] GC(459) ParOldGen: 127943K(2796544K)->131309K(2796544K)
[680.404s][info][gc,metaspace   ] GC(459) Metaspace: 131381K(133184K)->131381K(133184K) NonClass: 114966K(115584K)->114966K(115584K) Class: 16414K(17600K)->16414K(17600K)
[680.404s][info][gc             ] GC(459) Pause Young (System.gc()) 673M->131M(4029M) 2.298ms
[680.404s][info][gc,cpu         ] GC(459) User=0.00s Sys=0.00s Real=0.01s
[680.404s][info][gc,start       ] GC(460) Pause Full (System.gc())
[680.404s][info][gc,phases,start] GC(460) Marking Phase
[680.439s][info][gc,phases      ] GC(460) Marking Phase 35.380ms
[680.439s][info][gc,phases,start] GC(460) Summary Phase
[680.439s][info][gc,phases      ] GC(460) Summary Phase 0.010ms
[680.439s][info][gc,phases,start] GC(460) Adjust Roots
[680.455s][info][gc,phases      ] GC(460) Adjust Roots 15.328ms
[680.455s][info][gc,phases,start] GC(460) Compaction Phase
[680.466s][info][gc,phases      ] GC(460) Compaction Phase 11.151ms
[680.466s][info][gc,phases,start] GC(460) Post Compact
[680.467s][info][gc,phases      ] GC(460) Post Compact 1.026ms
[680.467s][info][gc,heap        ] GC(460) PSYoungGen: 3106K(1329664K)->0K(1329664K) Eden: 0K(1263104K)->0K(1263104K) From: 3106K(66560K)->0K(66560K)
[680.467s][info][gc,heap        ] GC(460) ParOldGen: 131309K(2796544K)->73240K(2796544K)
[680.467s][info][gc,metaspace   ] GC(460) Metaspace: 131381K(133184K)->131381K(133184K) NonClass: 114966K(115584K)->114966K(115584K) Class: 16414K(17600K)->16414K(17600K)
[680.467s][info][gc             ] GC(460) Pause Full (System.gc()) 131M->71M(4029M) 63.209ms
[680.467s][info][gc,cpu         ] GC(460) User=0.17s Sys=0.00s Real=0.06s
[680.869s][info][gc,start       ] GC(461) Pause Young (Allocation Failure)
[680.873s][info][gc,heap        ] GC(461) PSYoungGen: 1262230K(1329664K)->24410K(1335296K) Eden: 1262230K(1263104K)->0K(1270272K) From: 0K(66560K)->24410K(65024K)
[680.873s][info][gc,heap        ] GC(461) ParOldGen: 73240K(2796544K)->73240K(2796544K)
[680.873s][info][gc,metaspace   ] GC(461) Metaspace: 131382K(133184K)->131382K(133184K) NonClass: 114968K(115584K)->114968K(115584K) Class: 16414K(17600K)->16414K(17600K)
[680.873s][info][gc             ] GC(461) Pause Young (Allocation Failure) 1304M->95M(4035M) 4.124ms
[680.873s][info][gc,cpu         ] GC(461) User=0.00s Sys=0.00s Real=0.01s
[681.227s][info][gc,start       ] GC(462) Pause Young (Allocation Failure)
[681.238s][info][gc,heap        ] GC(462) PSYoungGen: 1294682K(1335296K)->50632K(1320960K) Eden: 1270272K(1270272K)->0K(1270272K) From: 24410K(65024K)->50632K(50688K)
[681.238s][info][gc,heap        ] GC(462) ParOldGen: 73240K(2796544K)->97398K(2796544K)
[681.238s][info][gc,metaspace   ] GC(462) Metaspace: 131382K(133184K)->131382K(133184K) NonClass: 114968K(115584K)->114968K(115584K) Class: 16414K(17600K)->16414K(17600K)
[681.238s][info][gc             ] GC(462) Pause Young (Allocation Failure) 1335M->144M(4021M) 11.218ms
[681.238s][info][gc,cpu         ] GC(462) User=0.00s Sys=0.00s Real=0.01s
[685.400s][info][gc,start       ] GC(463) Pause Young (Allocation Failure)
[685.406s][info][gc,heap        ] GC(463) PSYoungGen: 1320904K(1320960K)->6930K(1330176K) Eden: 1270272K(1270272K)->0K(1260544K) From: 50632K(50688K)->6930K(69632K)
[685.406s][info][gc,heap        ] GC(463) ParOldGen: 97398K(2796544K)->126746K(2796544K)
[685.406s][info][gc,metaspace   ] GC(463) Metaspace: 131382K(133184K)->131382K(133184K) NonClass: 114968K(115584K)->114968K(115584K) Class: 16414K(17600K)->16414K(17600K)
[685.406s][info][gc             ] GC(463) Pause Young (Allocation Failure) 1385M->130M(4030M) 6.277ms
[685.406s][info][gc,cpu         ] GC(463) User=0.00s Sys=0.00s Real=0.00s
[686.828s][info][gc,start       ] GC(464) Pause Young (System.gc())
[686.831s][info][gc,heap        ] GC(464) PSYoungGen: 564613K(1330176K)->3050K(1328128K) Eden: 557682K(1260544K)->0K(1260544K) From: 6930K(69632K)->3050K(67584K)
[686.831s][info][gc,heap        ] GC(464) ParOldGen: 126746K(2796544K)->131682K(2796544K)
[686.831s][info][gc,metaspace   ] GC(464) Metaspace: 131385K(133184K)->131385K(133184K) NonClass: 114971K(115584K)->114971K(115584K) Class: 16414K(17600K)->16414K(17600K)
[686.831s][info][gc             ] GC(464) Pause Young (System.gc()) 675M->131M(4028M) 2.540ms
[686.831s][info][gc,cpu         ] GC(464) User=0.00s Sys=0.00s Real=0.01s
[686.831s][info][gc,start       ] GC(465) Pause Full (System.gc())
[686.831s][info][gc,phases,start] GC(465) Marking Phase
[686.866s][info][gc,phases      ] GC(465) Marking Phase 35.063ms
[686.866s][info][gc,phases,start] GC(465) Summary Phase
[686.866s][info][gc,phases      ] GC(465) Summary Phase 0.010ms
[686.866s][info][gc,phases,start] GC(465) Adjust Roots
[686.881s][info][gc,phases      ] GC(465) Adjust Roots 15.490ms
[686.881s][info][gc,phases,start] GC(465) Compaction Phase
[686.891s][info][gc,phases      ] GC(465) Compaction Phase 9.755ms
[686.891s][info][gc,phases,start] GC(465) Post Compact
[686.892s][info][gc,phases      ] GC(465) Post Compact 1.059ms
[686.892s][info][gc,heap        ] GC(465) PSYoungGen: 3050K(1328128K)->0K(1328128K) Eden: 0K(1260544K)->0K(1260544K) From: 3050K(67584K)->0K(67584K)
[686.892s][info][gc,heap        ] GC(465) ParOldGen: 131682K(2796544K)->72971K(2796544K)
[686.892s][info][gc,metaspace   ] GC(465) Metaspace: 131385K(133184K)->131385K(133184K) NonClass: 114971K(115584K)->114971K(115584K) Class: 16414K(17600K)->16414K(17600K)
[686.892s][info][gc             ] GC(465) Pause Full (System.gc()) 131M->71M(4028M) 61.682ms
[686.892s][info][gc,cpu         ] GC(465) User=0.14s Sys=0.00s Real=0.06s
[687.304s][info][gc,start       ] GC(466) Pause Young (Allocation Failure)
[687.308s][info][gc,heap        ] GC(466) PSYoungGen: 1260544K(1328128K)->25364K(1334272K) Eden: 1260544K(1260544K)->0K(1268224K) From: 0K(67584K)->25364K(66048K)
[687.308s][info][gc,heap        ] GC(466) ParOldGen: 72971K(2796544K)->72971K(2796544K)
[687.308s][info][gc,metaspace   ] GC(466) Metaspace: 131385K(133184K)->131385K(133184K) NonClass: 114971K(115584K)->114971K(115584K) Class: 16414K(17600K)->16414K(17600K)
[687.308s][info][gc             ] GC(466) Pause Young (Allocation Failure) 1302M->96M(4034M) 4.204ms
[687.308s][info][gc,cpu         ] GC(466) User=0.00s Sys=0.00s Real=0.00s
[687.643s][info][gc,start       ] GC(467) Pause Young (Allocation Failure)
[687.653s][info][gc,heap        ] GC(467) PSYoungGen: 1293588K(1334272K)->46376K(1314816K) Eden: 1268224K(1268224K)->0K(1268224K) From: 25364K(66048K)->46376K(46592K)
[687.653s][info][gc,heap        ] GC(467) ParOldGen: 72971K(2796544K)->97140K(2796544K)
[687.653s][info][gc,metaspace   ] GC(467) Metaspace: 131385K(133184K)->131385K(133184K) NonClass: 114971K(115584K)->114971K(115584K) Class: 16414K(17600K)->16414K(17600K)
[687.653s][info][gc             ] GC(467) Pause Young (Allocation Failure) 1334M->140M(4015M) 10.507ms
[687.653s][info][gc,cpu         ] GC(467) User=0.09s Sys=0.00s Real=0.01s
[691.738s][info][gc,start       ] GC(468) Pause Young (Allocation Failure)
[691.745s][info][gc,heap        ] GC(468) PSYoungGen: 1314600K(1314816K)->9711K(1331200K) Eden: 1268224K(1268224K)->0K(1262080K) From: 46376K(46592K)->9711K(69120K)
[691.745s][info][gc,heap        ] GC(468) ParOldGen: 97140K(2796544K)->128001K(2796544K)
[691.745s][info][gc,metaspace   ] GC(468) Metaspace: 131385K(133184K)->131385K(133184K) NonClass: 114971K(115584K)->114971K(115584K) Class: 16414K(17600K)->16414K(17600K)
[691.745s][info][gc             ] GC(468) Pause Young (Allocation Failure) 1378M->134M(4031M) 7.324ms
[691.745s][info][gc,cpu         ] GC(468) User=0.05s Sys=0.03s Real=0.01s
[693.127s][info][gc,start       ] GC(469) Pause Young (System.gc())
[693.129s][info][gc,heap        ] GC(469) PSYoungGen: 553167K(1331200K)->2970K(1328640K) Eden: 543456K(1262080K)->0K(1262080K) From: 9711K(69120K)->2970K(66560K)
[693.129s][info][gc,heap        ] GC(469) ParOldGen: 128001K(2796544K)->131391K(2796544K)
[693.129s][info][gc,metaspace   ] GC(469) Metaspace: 131385K(133184K)->131385K(133184K) NonClass: 114971K(115584K)->114971K(115584K) Class: 16414K(17600K)->16414K(17600K)
[693.129s][info][gc             ] GC(469) Pause Young (System.gc()) 665M->131M(4028M) 2.259ms
[693.129s][info][gc,cpu         ] GC(469) User=0.00s Sys=0.00s Real=0.00s
[693.129s][info][gc,start       ] GC(470) Pause Full (System.gc())
[693.129s][info][gc,phases,start] GC(470) Marking Phase
[693.164s][info][gc,phases      ] GC(470) Marking Phase 35.566ms
[693.165s][info][gc,phases,start] GC(470) Summary Phase
[693.165s][info][gc,phases      ] GC(470) Summary Phase 0.010ms
[693.165s][info][gc,phases,start] GC(470) Adjust Roots
[693.181s][info][gc,phases      ] GC(470) Adjust Roots 16.526ms
[693.181s][info][gc,phases,start] GC(470) Compaction Phase
[693.191s][info][gc,phases      ] GC(470) Compaction Phase 10.205ms
[693.191s][info][gc,phases,start] GC(470) Post Compact
[693.192s][info][gc,phases      ] GC(470) Post Compact 1.048ms
[693.193s][info][gc,heap        ] GC(470) PSYoungGen: 2970K(1328640K)->0K(1328640K) Eden: 0K(1262080K)->0K(1262080K) From: 2970K(66560K)->0K(66560K)
[693.193s][info][gc,heap        ] GC(470) ParOldGen: 131391K(2796544K)->73325K(2796544K)
[693.193s][info][gc,metaspace   ] GC(470) Metaspace: 131385K(133184K)->131385K(133184K) NonClass: 114971K(115584K)->114971K(115584K) Class: 16414K(17600K)->16414K(17600K)
[693.193s][info][gc             ] GC(470) Pause Full (System.gc()) 131M->71M(4028M) 63.666ms
[693.193s][info][gc,cpu         ] GC(470) User=0.14s Sys=0.00s Real=0.06s
[693.596s][info][gc,start       ] GC(471) Pause Young (Allocation Failure)
[693.600s][info][gc,heap        ] GC(471) PSYoungGen: 1260600K(1328640K)->24330K(1335296K) Eden: 1260600K(1262080K)->0K(1270272K) From: 0K(66560K)->24330K(65024K)
[693.600s][info][gc,heap        ] GC(471) ParOldGen: 73325K(2796544K)->73325K(2796544K)
[693.600s][info][gc,metaspace   ] GC(471) Metaspace: 131385K(133184K)->131385K(133184K) NonClass: 114971K(115584K)->114971K(115584K) Class: 16414K(17600K)->16414K(17600K)
[693.600s][info][gc             ] GC(471) Pause Young (Allocation Failure) 1302M->95M(4035M) 3.944ms
[693.600s][info][gc,cpu         ] GC(471) User=0.09s Sys=0.00s Real=0.00s
[693.940s][info][gc,start       ] GC(472) Pause Young (Allocation Failure)
[693.951s][info][gc,heap        ] GC(472) PSYoungGen: 1294023K(1335296K)->45312K(1315840K) Eden: 1269692K(1270272K)->0K(1270272K) From: 24330K(65024K)->45312K(45568K)
[693.951s][info][gc,heap        ] GC(472) ParOldGen: 73325K(2796544K)->97484K(2796544K)
[693.951s][info][gc,metaspace   ] GC(472) Metaspace: 131385K(133184K)->131385K(133184K) NonClass: 114971K(115584K)->114971K(115584K) Class: 16414K(17600K)->16414K(17600K)
[693.951s][info][gc             ] GC(472) Pause Young (Allocation Failure) 1335M->139M(4016M) 10.686ms
[693.951s][info][gc,cpu         ] GC(472) User=0.09s Sys=0.00s Real=0.02s
[698.001s][info][gc,start       ] GC(473) Pause Young (Allocation Failure)
[698.007s][info][gc,heap        ] GC(473) PSYoungGen: 1315584K(1315840K)->8749K(1332224K) Eden: 1270272K(1270272K)->0K(1264640K) From: 45312K(45568K)->8749K(67584K)
[698.007s][info][gc,heap        ] GC(473) ParOldGen: 97484K(2796544K)->125220K(2796544K)
[698.007s][info][gc,metaspace   ] GC(473) Metaspace: 131386K(133184K)->131386K(133184K) NonClass: 114972K(115584K)->114972K(115584K) Class: 16414K(17600K)->16414K(17600K)
[698.007s][info][gc             ] GC(473) Pause Young (Allocation Failure) 1379M->130M(4032M) 6.286ms
[698.007s][info][gc,cpu         ] GC(473) User=0.09s Sys=0.00s Real=0.00s
[699.436s][info][gc,start       ] GC(474) Pause Young (System.gc())
[699.439s][info][gc,heap        ] GC(474) PSYoungGen: 571706K(1332224K)->3035K(1330176K) Eden: 562957K(1264640K)->0K(1264640K) From: 8749K(67584K)->3035K(65536K)
[699.439s][info][gc,heap        ] GC(474) ParOldGen: 125220K(2796544K)->131781K(2796544K)
[699.439s][info][gc,metaspace   ] GC(474) Metaspace: 131386K(133184K)->131386K(133184K) NonClass: 114972K(115584K)->114972K(115584K) Class: 16414K(17600K)->16414K(17600K)
[699.439s][info][gc             ] GC(474) Pause Young (System.gc()) 680M->131M(4030M) 2.675ms
[699.439s][info][gc,cpu         ] GC(474) User=0.00s Sys=0.00s Real=0.01s
[699.439s][info][gc,start       ] GC(475) Pause Full (System.gc())
[699.439s][info][gc,phases,start] GC(475) Marking Phase
[699.474s][info][gc,phases      ] GC(475) Marking Phase 35.222ms
[699.474s][info][gc,phases,start] GC(475) Summary Phase
[699.474s][info][gc,phases      ] GC(475) Summary Phase 0.011ms
[699.474s][info][gc,phases,start] GC(475) Adjust Roots
[699.490s][info][gc,phases      ] GC(475) Adjust Roots 15.682ms
[699.490s][info][gc,phases,start] GC(475) Compaction Phase
[699.501s][info][gc,phases      ] GC(475) Compaction Phase 11.173ms
[699.501s][info][gc,phases,start] GC(475) Post Compact
[699.502s][info][gc,phases      ] GC(475) Post Compact 1.021ms
[699.502s][info][gc,heap        ] GC(475) PSYoungGen: 3035K(1330176K)->0K(1330176K) Eden: 0K(1264640K)->0K(1264640K) From: 3035K(65536K)->0K(65536K)
[699.502s][info][gc,heap        ] GC(475) ParOldGen: 131781K(2796544K)->73057K(2796544K)
[699.502s][info][gc,metaspace   ] GC(475) Metaspace: 131386K(133184K)->131386K(133184K) NonClass: 114972K(115584K)->114972K(115584K) Class: 16414K(17600K)->16414K(17600K)
[699.502s][info][gc             ] GC(475) Pause Full (System.gc()) 131M->71M(4030M) 63.459ms
[699.502s][info][gc,cpu         ] GC(475) User=0.14s Sys=0.00s Real=0.06s
[699.908s][info][gc,start       ] GC(476) Pause Young (Allocation Failure)
[699.912s][info][gc,heap        ] GC(476) PSYoungGen: 1262891K(1330176K)->24397K(1336320K) Eden: 1262891K(1264640K)->0K(1272320K) From: 0K(65536K)->24397K(64000K)
[699.912s][info][gc,heap        ] GC(476) ParOldGen: 73057K(2796544K)->73057K(2796544K)
[699.912s][info][gc,metaspace   ] GC(476) Metaspace: 131389K(133184K)->131389K(133184K) NonClass: 114974K(115584K)->114974K(115584K) Class: 16414K(17600K)->16414K(17600K)
[699.912s][info][gc             ] GC(476) Pause Young (Allocation Failure) 1304M->95M(4036M) 4.254ms
[699.912s][info][gc,cpu         ] GC(476) User=0.09s Sys=0.00s Real=0.01s
[700.269s][info][gc,start       ] GC(477) Pause Young (Allocation Failure)
[700.280s][info][gc,heap        ] GC(477) PSYoungGen: 1296717K(1336320K)->48136K(1320960K) Eden: 1272320K(1272320K)->0K(1272320K) From: 24397K(64000K)->48136K(48640K)
[700.280s][info][gc,heap        ] GC(477) ParOldGen: 73057K(2796544K)->97231K(2796544K)
[700.280s][info][gc,metaspace   ] GC(477) Metaspace: 131389K(133184K)->131389K(133184K) NonClass: 114974K(115584K)->114974K(115584K) Class: 16414K(17600K)->16414K(17600K)
[700.280s][info][gc             ] GC(477) Pause Young (Allocation Failure) 1337M->141M(4021M) 10.847ms
[700.280s][info][gc,cpu         ] GC(477) User=0.09s Sys=0.00s Real=0.02s
[704.352s][info][gc,start       ] GC(478) Pause Young (Allocation Failure)
[704.358s][info][gc,heap        ] GC(478) PSYoungGen: 1320456K(1320960K)->11974K(1332736K) Eden: 1272320K(1272320K)->0K(1264640K) From: 48136K(48640K)->11974K(68096K)
[704.359s][info][gc,heap        ] GC(478) ParOldGen: 97231K(2796544K)->124959K(2796544K)
[704.359s][info][gc,metaspace   ] GC(478) Metaspace: 131389K(133184K)->131389K(133184K) NonClass: 114974K(115584K)->114974K(115584K) Class: 16414K(17600K)->16414K(17600K)
[704.359s][info][gc             ] GC(478) Pause Young (Allocation Failure) 1384M->133M(4032M) 6.683ms
[704.359s][info][gc,cpu         ] GC(478) User=0.00s Sys=0.00s Real=0.01s
[705.754s][info][gc,start       ] GC(479) Pause Young (System.gc())
[705.757s][info][gc,heap        ] GC(479) PSYoungGen: 558929K(1332736K)->3059K(1329664K) Eden: 546954K(1264640K)->0K(1264640K) From: 11974K(68096K)->3059K(65024K)
[705.757s][info][gc,heap        ] GC(479) ParOldGen: 124959K(2796544K)->131450K(2796544K)
[705.757s][info][gc,metaspace   ] GC(479) Metaspace: 131389K(133184K)->131389K(133184K) NonClass: 114974K(115584K)->114974K(115584K) Class: 16414K(17600K)->16414K(17600K)
[705.757s][info][gc             ] GC(479) Pause Young (System.gc()) 667M->131M(4029M) 2.692ms
[705.757s][info][gc,cpu         ] GC(479) User=0.09s Sys=0.00s Real=0.01s
[705.757s][info][gc,start       ] GC(480) Pause Full (System.gc())
[705.757s][info][gc,phases,start] GC(480) Marking Phase
[705.792s][info][gc,phases      ] GC(480) Marking Phase 34.923ms
[705.792s][info][gc,phases,start] GC(480) Summary Phase
[705.792s][info][gc,phases      ] GC(480) Summary Phase 0.010ms
[705.792s][info][gc,phases,start] GC(480) Adjust Roots
[705.808s][info][gc,phases      ] GC(480) Adjust Roots 15.514ms
[705.808s][info][gc,phases,start] GC(480) Compaction Phase
[705.817s][info][gc,phases      ] GC(480) Compaction Phase 9.520ms
[705.817s][info][gc,phases,start] GC(480) Post Compact
[705.818s][info][gc,phases      ] GC(480) Post Compact 1.049ms
[705.818s][info][gc,heap        ] GC(480) PSYoungGen: 3059K(1329664K)->0K(1329664K) Eden: 0K(1264640K)->0K(1264640K) From: 3059K(65024K)->0K(65024K)
[705.818s][info][gc,heap        ] GC(480) ParOldGen: 131450K(2796544K)->73416K(2796544K)
[705.818s][info][gc,metaspace   ] GC(480) Metaspace: 131389K(133184K)->131389K(133184K) NonClass: 114974K(115584K)->114974K(115584K) Class: 16414K(17600K)->16414K(17600K)
[705.818s][info][gc             ] GC(480) Pause Full (System.gc()) 131M->71M(4029M) 61.328ms
[705.818s][info][gc,cpu         ] GC(480) User=0.05s Sys=0.00s Real=0.06s
[706.235s][info][gc,start       ] GC(481) Pause Young (Allocation Failure)
[706.239s][info][gc,heap        ] GC(481) PSYoungGen: 1264640K(1329664K)->25030K(1336320K) Eden: 1264640K(1264640K)->0K(1272320K) From: 0K(65024K)->25030K(64000K)
[706.239s][info][gc,heap        ] GC(481) ParOldGen: 73416K(2796544K)->73416K(2796544K)
[706.239s][info][gc,metaspace   ] GC(481) Metaspace: 131401K(133184K)->131401K(133184K) NonClass: 114987K(115584K)->114987K(115584K) Class: 16414K(17600K)->16414K(17600K)
[706.239s][info][gc             ] GC(481) Pause Young (Allocation Failure) 1306M->96M(4036M) 4.066ms
[706.239s][info][gc,cpu         ] GC(481) User=0.00s Sys=0.00s Real=0.00s
[706.578s][info][gc,start       ] GC(482) Pause Young (Allocation Failure)
[706.589s][info][gc,heap        ] GC(482) PSYoungGen: 1296714K(1336320K)->48049K(1320448K) Eden: 1271684K(1272320K)->0K(1272320K) From: 25030K(64000K)->48049K(48128K)
[706.589s][info][gc,heap        ] GC(482) ParOldGen: 73416K(2796544K)->97585K(2796544K)
[706.589s][info][gc,metaspace   ] GC(482) Metaspace: 131401K(133184K)->131401K(133184K) NonClass: 114987K(115584K)->114987K(115584K) Class: 16414K(17600K)->16414K(17600K)
[706.589s][info][gc             ] GC(482) Pause Young (Allocation Failure) 1338M->142M(4020M) 10.870ms
[706.589s][info][gc,cpu         ] GC(482) User=0.08s Sys=0.02s Real=0.02s
[710.706s][info][gc,start       ] GC(483) Pause Young (Allocation Failure)
[710.713s][info][gc,heap        ] GC(483) PSYoungGen: 1320369K(1320448K)->9961K(1332224K) Eden: 1272320K(1272320K)->0K(1264640K) From: 48049K(48128K)->9961K(67584K)
[710.713s][info][gc,heap        ] GC(483) ParOldGen: 97585K(2796544K)->129212K(2796544K)
[710.713s][info][gc,metaspace   ] GC(483) Metaspace: 131401K(133184K)->131401K(133184K) NonClass: 114987K(115584K)->114987K(115584K) Class: 16414K(17600K)->16414K(17600K)
[710.713s][info][gc             ] GC(483) Pause Young (Allocation Failure) 1384M->135M(4032M) 7.100ms
[710.713s][info][gc,cpu         ] GC(483) User=0.09s Sys=0.00s Real=0.01s
[712.088s][info][gc,start       ] GC(484) Pause Young (System.gc())
[712.091s][info][gc,heap        ] GC(484) PSYoungGen: 548663K(1332224K)->2978K(1330176K) Eden: 538702K(1264640K)->0K(1264640K) From: 9961K(67584K)->2978K(65536K)
[712.091s][info][gc,heap        ] GC(484) ParOldGen: 129212K(2796544K)->131813K(2796544K)
[712.091s][info][gc,metaspace   ] GC(484) Metaspace: 131401K(133184K)->131401K(133184K) NonClass: 114987K(115584K)->114987K(115584K) Class: 16414K(17600K)->16414K(17600K)
[712.091s][info][gc             ] GC(484) Pause Young (System.gc()) 661M->131M(4030M) 2.363ms
[712.091s][info][gc,cpu         ] GC(484) User=0.00s Sys=0.00s Real=0.00s
[712.091s][info][gc,start       ] GC(485) Pause Full (System.gc())
[712.091s][info][gc,phases,start] GC(485) Marking Phase
[712.126s][info][gc,phases      ] GC(485) Marking Phase 35.564ms
[712.126s][info][gc,phases,start] GC(485) Summary Phase
[712.126s][info][gc,phases      ] GC(485) Summary Phase 0.011ms
[712.126s][info][gc,phases,start] GC(485) Adjust Roots
[712.142s][info][gc,phases      ] GC(485) Adjust Roots 15.792ms
[712.142s][info][gc,phases,start] GC(485) Compaction Phase
[712.152s][info][gc,phases      ] GC(485) Compaction Phase 10.231ms
[712.153s][info][gc,phases,start] GC(485) Post Compact
[712.154s][info][gc,phases      ] GC(485) Post Compact 1.067ms
[712.154s][info][gc,heap        ] GC(485) PSYoungGen: 2978K(1330176K)->0K(1330176K) Eden: 0K(1264640K)->0K(1264640K) From: 2978K(65536K)->0K(65536K)
[712.154s][info][gc,heap        ] GC(485) ParOldGen: 131813K(2796544K)->73118K(2796544K)
[712.154s][info][gc,metaspace   ] GC(485) Metaspace: 131401K(133184K)->131401K(133184K) NonClass: 114987K(115584K)->114987K(115584K) Class: 16414K(17600K)->16414K(17600K)
[712.154s][info][gc             ] GC(485) Pause Full (System.gc()) 131M->71M(4030M) 62.993ms
[712.154s][info][gc,cpu         ] GC(485) User=0.22s Sys=0.00s Real=0.06s
[712.578s][info][gc,start       ] GC(486) Pause Young (Allocation Failure)
[712.582s][info][gc,heap        ] GC(486) PSYoungGen: 1264640K(1330176K)->25075K(1335808K) Eden: 1264640K(1264640K)->0K(1271296K) From: 0K(65536K)->25075K(64512K)
[712.582s][info][gc,heap        ] GC(486) ParOldGen: 73118K(2796544K)->73118K(2796544K)
[712.582s][info][gc,metaspace   ] GC(486) Metaspace: 131444K(133248K)->131444K(133248K) NonClass: 115029K(115648K)->115029K(115648K) Class: 16414K(17600K)->16414K(17600K)
[712.582s][info][gc             ] GC(486) Pause Young (Allocation Failure) 1306M->95M(4035M) 4.011ms
[712.582s][info][gc,cpu         ] GC(486) User=0.00s Sys=0.00s Real=0.00s
[712.931s][info][gc,start       ] GC(487) Pause Young (Allocation Failure)
[712.942s][info][gc,heap        ] GC(487) PSYoungGen: 1296371K(1335808K)->47182K(1318912K) Eden: 1271296K(1271296K)->0K(1271296K) From: 25075K(64512K)->47182K(47616K)
[712.942s][info][gc,heap        ] GC(487) ParOldGen: 73118K(2796544K)->97279K(2796544K)
[712.942s][info][gc,metaspace   ] GC(487) Metaspace: 131444K(133248K)->131444K(133248K) NonClass: 115030K(115648K)->115030K(115648K) Class: 16414K(17600K)->16414K(17600K)
[712.942s][info][gc             ] GC(487) Pause Young (Allocation Failure) 1337M->141M(4019M) 10.748ms
[712.942s][info][gc,cpu         ] GC(487) User=0.00s Sys=0.00s Real=0.01s
[717.069s][info][gc,start       ] GC(488) Pause Young (Allocation Failure)
[717.076s][info][gc,heap        ] GC(488) PSYoungGen: 1318447K(1318912K)->10714K(1332224K) Eden: 1271264K(1271296K)->0K(1264640K) From: 47182K(47616K)->10714K(67584K)
[717.076s][info][gc,heap        ] GC(488) ParOldGen: 97279K(2796544K)->126561K(2796544K)
[717.076s][info][gc,metaspace   ] GC(488) Metaspace: 131444K(133248K)->131444K(133248K) NonClass: 115030K(115648K)->115030K(115648K) Class: 16414K(17600K)->16414K(17600K)
[717.076s][info][gc             ] GC(488) Pause Young (Allocation Failure) 1382M->134M(4032M) 7.036ms
[717.076s][info][gc,cpu         ] GC(488) User=0.00s Sys=0.00s Real=0.02s
[718.472s][info][gc,start       ] GC(489) Pause Young (System.gc())
[718.475s][info][gc,heap        ] GC(489) PSYoungGen: 552253K(1332224K)->3003K(1330176K) Eden: 541538K(1264640K)->0K(1264640K) From: 10714K(67584K)->3003K(65536K)
[718.475s][info][gc,heap        ] GC(489) ParOldGen: 126561K(2796544K)->131560K(2796544K)
[718.475s][info][gc,metaspace   ] GC(489) Metaspace: 131455K(133248K)->131455K(133248K) NonClass: 115040K(115648K)->115040K(115648K) Class: 16414K(17600K)->16414K(17600K)
[718.475s][info][gc             ] GC(489) Pause Young (System.gc()) 662M->131M(4030M) 2.688ms
[718.475s][info][gc,cpu         ] GC(489) User=0.09s Sys=0.00s Real=0.01s
[718.475s][info][gc,start       ] GC(490) Pause Full (System.gc())
[718.475s][info][gc,phases,start] GC(490) Marking Phase
[718.510s][info][gc,phases      ] GC(490) Marking Phase 35.665ms
[718.510s][info][gc,phases,start] GC(490) Summary Phase
[718.510s][info][gc,phases      ] GC(490) Summary Phase 0.011ms
[718.510s][info][gc,phases,start] GC(490) Adjust Roots
[718.526s][info][gc,phases      ] GC(490) Adjust Roots 15.665ms
[718.526s][info][gc,phases,start] GC(490) Compaction Phase
[718.536s][info][gc,phases      ] GC(490) Compaction Phase 9.952ms
[718.536s][info][gc,phases,start] GC(490) Post Compact
[718.537s][info][gc,phases      ] GC(490) Post Compact 1.063ms
[718.537s][info][gc,heap        ] GC(490) PSYoungGen: 3003K(1330176K)->0K(1330176K) Eden: 0K(1264640K)->0K(1264640K) From: 3003K(65536K)->0K(65536K)
[718.537s][info][gc,heap        ] GC(490) ParOldGen: 131560K(2796544K)->73491K(2796544K)
[718.537s][info][gc,metaspace   ] GC(490) Metaspace: 131455K(133248K)->131455K(133248K) NonClass: 115040K(115648K)->115040K(115648K) Class: 16414K(17600K)->16414K(17600K)
[718.537s][info][gc             ] GC(490) Pause Full (System.gc()) 131M->71M(4030M) 62.676ms
[718.537s][info][gc,cpu         ] GC(490) User=0.08s Sys=0.00s Real=0.06s
[718.958s][info][gc,start       ] GC(491) Pause Young (Allocation Failure)
[718.963s][info][gc,heap        ] GC(491) PSYoungGen: 1264640K(1330176K)->25084K(1335808K) Eden: 1264640K(1264640K)->0K(1271808K) From: 0K(65536K)->25084K(64000K)
[718.963s][info][gc,heap        ] GC(491) ParOldGen: 73491K(2796544K)->73491K(2796544K)
[718.963s][info][gc,metaspace   ] GC(491) Metaspace: 131456K(133248K)->131456K(133248K) NonClass: 115041K(115648K)->115041K(115648K) Class: 16414K(17600K)->16414K(17600K)
[718.963s][info][gc             ] GC(491) Pause Young (Allocation Failure) 1306M->96M(4035M) 5.092ms
[718.963s][info][gc,cpu         ] GC(491) User=0.02s Sys=0.00s Real=0.01s
[719.305s][info][gc,start       ] GC(492) Pause Young (Allocation Failure)
[719.316s][info][gc,heap        ] GC(492) PSYoungGen: 1296892K(1335808K)->49333K(1321472K) Eden: 1271808K(1271808K)->0K(1271808K) From: 25084K(64000K)->49333K(49664K)
[719.316s][info][gc,heap        ] GC(492) ParOldGen: 73491K(2796544K)->97658K(2796544K)
[719.316s][info][gc,metaspace   ] GC(492) Metaspace: 131456K(133248K)->131456K(133248K) NonClass: 115041K(115648K)->115041K(115648K) Class: 16414K(17600K)->16414K(17600K)
[719.316s][info][gc             ] GC(492) Pause Young (Allocation Failure) 1338M->143M(4021M) 10.995ms
[719.316s][info][gc,cpu         ] GC(492) User=0.00s Sys=0.00s Real=0.01s
[723.350s][info][gc,start       ] GC(493) Pause Young (Allocation Failure)
[723.356s][info][gc,heap        ] GC(493) PSYoungGen: 1321141K(1321472K)->8895K(1331712K) Eden: 1271808K(1271808K)->0K(1263616K) From: 49333K(49664K)->8895K(68096K)
[723.356s][info][gc,heap        ] GC(493) ParOldGen: 97658K(2796544K)->125386K(2796544K)
[723.356s][info][gc,metaspace   ] GC(493) Metaspace: 131456K(133248K)->131456K(133248K) NonClass: 115041K(115648K)->115041K(115648K) Class: 16414K(17600K)->16414K(17600K)
[723.356s][info][gc             ] GC(493) Pause Young (Allocation Failure) 1385M->131M(4031M) 6.023ms
[723.356s][info][gc,cpu         ] GC(493) User=0.00s Sys=0.00s Real=0.01s
[724.772s][info][gc,start       ] GC(494) Pause Young (System.gc())
[724.775s][info][gc,heap        ] GC(494) PSYoungGen: 566675K(1331712K)->2995K(1329664K) Eden: 557780K(1263616K)->0K(1263616K) From: 8895K(68096K)->2995K(66048K)
[724.775s][info][gc,heap        ] GC(494) ParOldGen: 125386K(2796544K)->131958K(2796544K)
[724.775s][info][gc,metaspace   ] GC(494) Metaspace: 131458K(133248K)->131458K(133248K) NonClass: 115043K(115648K)->115043K(115648K) Class: 16414K(17600K)->16414K(17600K)
[724.775s][info][gc             ] GC(494) Pause Young (System.gc()) 675M->131M(4029M) 2.819ms
[724.775s][info][gc,cpu         ] GC(494) User=0.00s Sys=0.00s Real=0.01s
[724.775s][info][gc,start       ] GC(495) Pause Full (System.gc())
[724.775s][info][gc,phases,start] GC(495) Marking Phase
[724.811s][info][gc,phases      ] GC(495) Marking Phase 35.735ms
[724.811s][info][gc,phases,start] GC(495) Summary Phase
[724.811s][info][gc,phases      ] GC(495) Summary Phase 0.011ms
[724.811s][info][gc,phases,start] GC(495) Adjust Roots
[724.826s][info][gc,phases      ] GC(495) Adjust Roots 15.218ms
[724.826s][info][gc,phases,start] GC(495) Compaction Phase
[724.836s][info][gc,phases      ] GC(495) Compaction Phase 9.936ms
[724.836s][info][gc,phases,start] GC(495) Post Compact
[724.837s][info][gc,phases      ] GC(495) Post Compact 1.044ms
[724.837s][info][gc,heap        ] GC(495) PSYoungGen: 2995K(1329664K)->0K(1329664K) Eden: 0K(1263616K)->0K(1263616K) From: 2995K(66048K)->0K(66048K)
[724.837s][info][gc,heap        ] GC(495) ParOldGen: 131958K(2796544K)->73218K(2796544K)
[724.837s][info][gc,metaspace   ] GC(495) Metaspace: 131458K(133248K)->131458K(133248K) NonClass: 115043K(115648K)->115043K(115648K) Class: 16414K(17600K)->16414K(17600K)
[724.837s][info][gc             ] GC(495) Pause Full (System.gc()) 131M->71M(4029M) 62.283ms
[724.837s][info][gc,cpu         ] GC(495) User=0.20s Sys=0.00s Real=0.06s
[725.257s][info][gc,start       ] GC(496) Pause Young (Allocation Failure)
[725.261s][info][gc,heap        ] GC(496) PSYoungGen: 1263616K(1329664K)->25177K(1335296K) Eden: 1263616K(1263616K)->0K(1270272K) From: 0K(66048K)->25177K(65024K)
[725.261s][info][gc,heap        ] GC(496) ParOldGen: 73218K(2796544K)->73218K(2796544K)
[725.261s][info][gc,metaspace   ] GC(496) Metaspace: 131458K(133248K)->131458K(133248K) NonClass: 115043K(115648K)->115043K(115648K) Class: 16414K(17600K)->16414K(17600K)
[725.261s][info][gc             ] GC(496) Pause Young (Allocation Failure) 1305M->96M(4035M) 4.190ms
[725.261s][info][gc,cpu         ] GC(496) User=0.00s Sys=0.00s Real=0.00s
[725.609s][info][gc,start       ] GC(497) Pause Young (Allocation Failure)
[725.620s][info][gc,heap        ] GC(497) PSYoungGen: 1295300K(1335296K)->49635K(1319936K) Eden: 1270122K(1270272K)->0K(1270272K) From: 25177K(65024K)->49635K(49664K)
[725.620s][info][gc,heap        ] GC(497) ParOldGen: 73218K(2796544K)->97379K(2796544K)
[725.620s][info][gc,metaspace   ] GC(497) Metaspace: 131458K(133248K)->131458K(133248K) NonClass: 115043K(115648K)->115043K(115648K) Class: 16414K(17600K)->16414K(17600K)
[725.620s][info][gc             ] GC(497) Pause Young (Allocation Failure) 1336M->143M(4020M) 11.017ms
[725.620s][info][gc,cpu         ] GC(497) User=0.09s Sys=0.00s Real=0.02s
[729.697s][info][gc,start       ] GC(498) Pause Young (Allocation Failure)
[729.703s][info][gc,heap        ] GC(498) PSYoungGen: 1319907K(1319936K)->9512K(1330688K) Eden: 1270272K(1270272K)->0K(1261568K) From: 49635K(49664K)->9512K(69120K)
[729.703s][info][gc,heap        ] GC(498) ParOldGen: 97379K(2796544K)->125889K(2796544K)
[729.703s][info][gc,metaspace   ] GC(498) Metaspace: 131458K(133248K)->131458K(133248K) NonClass: 115043K(115648K)->115043K(115648K) Class: 16414K(17600K)->16414K(17600K)
[729.703s][info][gc             ] GC(498) Pause Young (Allocation Failure) 1384M->132M(4030M) 6.275ms
[729.703s][info][gc,cpu         ] GC(498) User=0.00s Sys=0.00s Real=0.01s
[731.135s][info][gc,start       ] GC(499) Pause Young (System.gc())
[731.138s][info][gc,heap        ] GC(499) PSYoungGen: 561275K(1330688K)->3002K(1328640K) Eden: 551762K(1261568K)->0K(1261568K) From: 9512K(69120K)->3002K(67072K)
[731.138s][info][gc,heap        ] GC(499) ParOldGen: 125889K(2796544K)->131606K(2796544K)
[731.138s][info][gc,metaspace   ] GC(499) Metaspace: 131458K(133248K)->131458K(133248K) NonClass: 115043K(115648K)->115043K(115648K) Class: 16414K(17600K)->16414K(17600K)
[731.138s][info][gc             ] GC(499) Pause Young (System.gc()) 671M->131M(4028M) 2.806ms
[731.138s][info][gc,cpu         ] GC(499) User=0.00s Sys=0.00s Real=0.00s
[731.138s][info][gc,start       ] GC(500) Pause Full (System.gc())
[731.138s][info][gc,phases,start] GC(500) Marking Phase
[731.173s][info][gc,phases      ] GC(500) Marking Phase 34.985ms
[731.173s][info][gc,phases,start] GC(500) Summary Phase
[731.173s][info][gc,phases      ] GC(500) Summary Phase 0.010ms
[731.173s][info][gc,phases,start] GC(500) Adjust Roots
[731.189s][info][gc,phases      ] GC(500) Adjust Roots 15.596ms
[731.189s][info][gc,phases,start] GC(500) Compaction Phase
[731.198s][info][gc,phases      ] GC(500) Compaction Phase 9.428ms
[731.198s][info][gc,phases,start] GC(500) Post Compact
[731.199s][info][gc,phases      ] GC(500) Post Compact 1.048ms
[731.199s][info][gc,heap        ] GC(500) PSYoungGen: 3002K(1328640K)->0K(1328640K) Eden: 0K(1261568K)->0K(1261568K) From: 3002K(67072K)->0K(67072K)
[731.199s][info][gc,heap        ] GC(500) ParOldGen: 131606K(2796544K)->73580K(2796544K)
[731.199s][info][gc,metaspace   ] GC(500) Metaspace: 131458K(133248K)->131458K(133248K) NonClass: 115043K(115648K)->115043K(115648K) Class: 16414K(17600K)->16414K(17600K)
[731.199s][info][gc             ] GC(500) Pause Full (System.gc()) 131M->71M(4028M) 61.379ms
[731.199s][info][gc,cpu         ] GC(500) User=0.19s Sys=0.03s Real=0.06s
[731.619s][info][gc,start       ] GC(501) Pause Young (Allocation Failure)
[731.623s][info][gc,heap        ] GC(501) PSYoungGen: 1261567K(1328640K)->24362K(1334784K) Eden: 1261567K(1261568K)->0K(1269248K) From: 0K(67072K)->24362K(65536K)
[731.623s][info][gc,heap        ] GC(501) ParOldGen: 73580K(2796544K)->73580K(2796544K)
[731.623s][info][gc,metaspace   ] GC(501) Metaspace: 131458K(133248K)->131458K(133248K) NonClass: 115044K(115648K)->115044K(115648K) Class: 16414K(17600K)->16414K(17600K)
[731.623s][info][gc             ] GC(501) Pause Young (Allocation Failure) 1303M->95M(4034M) 4.104ms
[731.623s][info][gc,cpu         ] GC(501) User=0.00s Sys=0.00s Real=0.01s
[731.977s][info][gc,start       ] GC(502) Pause Young (Allocation Failure)
[731.989s][info][gc,heap        ] GC(502) PSYoungGen: 1293610K(1334784K)->46192K(1315840K) Eden: 1269248K(1269248K)->0K(1269248K) From: 24362K(65536K)->46192K(46592K)
[731.989s][info][gc,heap        ] GC(502) ParOldGen: 73580K(2796544K)->97747K(2796544K)
[731.989s][info][gc,metaspace   ] GC(502) Metaspace: 131458K(133248K)->131458K(133248K) NonClass: 115044K(115648K)->115044K(115648K) Class: 16414K(17600K)->16414K(17600K)
[731.989s][info][gc             ] GC(502) Pause Young (Allocation Failure) 1335M->140M(4016M) 11.462ms
[731.989s][info][gc,cpu         ] GC(502) User=0.00s Sys=0.00s Real=0.01s
[736.065s][info][gc,start       ] GC(503) Pause Young (Allocation Failure)
[736.072s][info][gc,heap        ] GC(503) PSYoungGen: 1315440K(1315840K)->9517K(1331712K) Eden: 1269248K(1269248K)->0K(1263616K) From: 46192K(46592K)->9517K(68096K)
[736.072s][info][gc,heap        ] GC(503) ParOldGen: 97747K(2796544K)->128584K(2796544K)
[736.072s][info][gc,metaspace   ] GC(503) Metaspace: 131458K(133248K)->131458K(133248K) NonClass: 115044K(115648K)->115044K(115648K) Class: 16414K(17600K)->16414K(17600K)
[736.072s][info][gc             ] GC(503) Pause Young (Allocation Failure) 1380M->134M(4031M) 7.520ms
[736.072s][info][gc,cpu         ] GC(503) User=0.08s Sys=0.00s Real=0.01s
[737.446s][info][gc,start       ] GC(504) Pause Young (System.gc())
[737.449s][info][gc,heap        ] GC(504) PSYoungGen: 550880K(1331712K)->3059K(1329664K) Eden: 541363K(1263616K)->0K(1263616K) From: 9517K(68096K)->3059K(66048K)
[737.449s][info][gc,heap        ] GC(504) ParOldGen: 128584K(2796544K)->131966K(2796544K)
[737.449s][info][gc,metaspace   ] GC(504) Metaspace: 131458K(133248K)->131458K(133248K) NonClass: 115044K(115648K)->115044K(115648K) Class: 16414K(17600K)->16414K(17600K)
[737.449s][info][gc             ] GC(504) Pause Young (System.gc()) 663M->131M(4029M) 2.420ms
[737.449s][info][gc,cpu         ] GC(504) User=0.00s Sys=0.00s Real=0.00s
[737.449s][info][gc,start       ] GC(505) Pause Full (System.gc())
[737.449s][info][gc,phases,start] GC(505) Marking Phase
[737.484s][info][gc,phases      ] GC(505) Marking Phase 35.356ms
[737.484s][info][gc,phases,start] GC(505) Summary Phase
[737.484s][info][gc,phases      ] GC(505) Summary Phase 0.010ms
[737.484s][info][gc,phases,start] GC(505) Adjust Roots
[737.500s][info][gc,phases      ] GC(505) Adjust Roots 15.574ms
[737.500s][info][gc,phases,start] GC(505) Compaction Phase
[737.510s][info][gc,phases      ] GC(505) Compaction Phase 10.113ms
[737.510s][info][gc,phases,start] GC(505) Post Compact
[737.511s][info][gc,phases      ] GC(505) Post Compact 1.045ms
[737.511s][info][gc,heap        ] GC(505) PSYoungGen: 3059K(1329664K)->0K(1329664K) Eden: 0K(1263616K)->0K(1263616K) From: 3059K(66048K)->0K(66048K)
[737.511s][info][gc,heap        ] GC(505) ParOldGen: 131966K(2796544K)->73307K(2796544K)
[737.511s][info][gc,metaspace   ] GC(505) Metaspace: 131458K(133248K)->131458K(133248K) NonClass: 115044K(115648K)->115044K(115648K) Class: 16414K(17600K)->16414K(17600K)
[737.511s][info][gc             ] GC(505) Pause Full (System.gc()) 131M->71M(4029M) 62.415ms
[737.511s][info][gc,cpu         ] GC(505) User=0.22s Sys=0.00s Real=0.06s
[737.932s][info][gc,start       ] GC(506) Pause Young (Allocation Failure)
[737.936s][info][gc,heap        ] GC(506) PSYoungGen: 1263616K(1329664K)->25078K(1335808K) Eden: 1263616K(1263616K)->0K(1271296K) From: 0K(66048K)->25078K(64512K)
[737.936s][info][gc,heap        ] GC(506) ParOldGen: 73307K(2796544K)->73307K(2796544K)
[737.936s][info][gc,metaspace   ] GC(506) Metaspace: 131459K(133248K)->131459K(133248K) NonClass: 115044K(115648K)->115044K(115648K) Class: 16414K(17600K)->16414K(17600K)
[737.937s][info][gc             ] GC(506) Pause Young (Allocation Failure) 1305M->96M(4035M) 4.077ms
[737.937s][info][gc,cpu         ] GC(506) User=0.00s Sys=0.00s Real=0.00s
[738.282s][info][gc,start       ] GC(507) Pause Young (Allocation Failure)
[738.292s][info][gc,heap        ] GC(507) PSYoungGen: 1296374K(1335808K)->47876K(1319424K) Eden: 1271296K(1271296K)->0K(1271296K) From: 25078K(64512K)->47876K(48128K)
[738.292s][info][gc,heap        ] GC(507) ParOldGen: 73307K(2796544K)->97468K(2796544K)
[738.292s][info][gc,metaspace   ] GC(507) Metaspace: 131459K(133248K)->131459K(133248K) NonClass: 115044K(115648K)->115044K(115648K) Class: 16414K(17600K)->16414K(17600K)
[738.292s][info][gc             ] GC(507) Pause Young (Allocation Failure) 1337M->141M(4019M) 10.547ms
[738.292s][info][gc,cpu         ] GC(507) User=0.09s Sys=0.00s Real=0.01s
[742.378s][info][gc,start       ] GC(508) Pause Young (Allocation Failure)
[742.385s][info][gc,heap        ] GC(508) PSYoungGen: 1319172K(1319424K)->9475K(1331712K) Eden: 1271296K(1271296K)->0K(1263616K) From: 47876K(48128K)->9475K(68096K)
[742.385s][info][gc,heap        ] GC(508) ParOldGen: 97468K(2796544K)->129151K(2796544K)
[742.385s][info][gc,metaspace   ] GC(508) Metaspace: 131459K(133248K)->131459K(133248K) NonClass: 115044K(115648K)->115044K(115648K) Class: 16414K(17600K)->16414K(17600K)
[742.385s][info][gc             ] GC(508) Pause Young (Allocation Failure) 1383M->135M(4031M) 6.996ms
[742.385s][info][gc,cpu         ] GC(508) User=0.09s Sys=0.00s Real=0.02s
[744.036s][info][gc,heap,exit   ] Heap
[744.036s][info][gc,heap,exit   ]  PSYoungGen      total 1331712K, used 691929K [0x00000007aab00000, 0x0000000800000000, 0x0000000800000000)
[744.036s][info][gc,heap,exit   ]   eden space 1263616K, 54% used [0x00000007aab00000,0x00000007d4575850,0x00000007f7d00000)
[744.036s][info][gc,heap,exit   ]   from space 68096K, 13% used [0x00000007fbd80000,0x00000007fc6c0ea0,0x0000000800000000)
[744.036s][info][gc,heap,exit   ]   to   space 66048K, 0% used [0x00000007f7d00000,0x00000007f7d00000,0x00000007fbd80000)
[744.036s][info][gc,heap,exit   ]  ParOldGen       total 2796544K, used 129151K [0x0000000700000000, 0x00000007aab00000, 0x00000007aab00000)
[744.036s][info][gc,heap,exit   ]   object space 2796544K, 4% used [0x0000000700000000,0x0000000707e1fdc0,0x00000007aab00000)
[744.036s][info][gc,heap,exit   ]  Metaspace       used 131885K, committed 133568K, reserved 1179648K
[744.036s][info][gc,heap,exit   ]   class space    used 16507K, committed 17600K, reserved 1048576K
