[0.008s][info][gc] Using Serial
[0.024s][info][gc,init] Version: 17.0.12+7-adhoc..jdk17u (release)
[0.024s][info][gc,init] CPUs: 6 total, 6 available
[0.024s][info][gc,init] Memory: 15591M
[0.024s][info][gc,init] Large Page Support: Disabled
[0.024s][info][gc,init] NUMA Support: Disabled
[0.024s][info][gc,init] Compressed Oops: Enabled (Zero based)
[0.024s][info][gc,init] Heap Min Capacity: 8G
[0.024s][info][gc,init] Heap Initial Capacity: 8G
[0.024s][info][gc,init] Heap Max Capacity: 8G
[0.024s][info][gc,init] Pre-touch: Disabled
[0.031s][info][gc,metaspace] CDS archive(s) mapped at: [0x000002499e000000-0x000002499ebc0000-0x000002499ebc0000), size 12320768, SharedBaseAddress: 0x000002499e000000, ArchiveRelocationMode: 1.
[0.034s][info][gc,metaspace] Compressed class space mapped at: 0x000002499f000000-0x00000249df000000, reserved size: 1073741824
[0.034s][info][gc,metaspace] Narrow klass base: 0x000002499e000000, Narrow klass shift: 0, Narrow klass range: 0x100000000
[0.968s][info][gc,start    ] GC(0) Pause Full (System.gc())
[0.968s][info][gc,phases,start] GC(0) Phase 1: Mark live objects
[0.981s][info][gc,phases      ] GC(0) Phase 1: Mark live objects 13.030ms
[0.981s][info][gc,phases,start] GC(0) Phase 2: Compute new object addresses
[0.990s][info][gc,phases      ] GC(0) Phase 2: Compute new object addresses 8.554ms
[0.990s][info][gc,phases,start] GC(0) Phase 3: Adjust pointers
[0.999s][info][gc,phases      ] GC(0) Phase 3: Adjust pointers 8.993ms
[0.999s][info][gc,phases,start] GC(0) Phase 4: Move objects
[1.008s][info][gc,phases      ] GC(0) Phase 4: Move objects 9.214ms
[1.009s][info][gc,heap        ] GC(0) DefNew: 178954K(2516544K)->0K(2516544K) Eden: 178954K(2236928K)->0K(2236928K) From: 0K(279616K)->0K(279616K)
[1.009s][info][gc,heap        ] GC(0) Tenured: 0K(5592448K)->26455K(5592448K)
[1.009s][info][gc,metaspace   ] GC(0) Metaspace: 11659K(11904K)->11659K(11904K) NonClass: 10072K(10240K)->10072K(10240K) Class: 1586K(1664K)->1586K(1664K)
[1.009s][info][gc             ] GC(0) Pause Full (System.gc()) 174M->25M(7918M) 40.929ms
[1.009s][info][gc,cpu         ] GC(0) User=0.02s Sys=0.02s Real=0.05s
[1.288s][info][gc,start       ] GC(1) Pause Full (System.gc())
[1.289s][info][gc,phases,start] GC(1) Phase 1: Mark live objects
[1.300s][info][gc,phases      ] GC(1) Phase 1: Mark live objects 11.772ms
[1.300s][info][gc,phases,start] GC(1) Phase 2: Compute new object addresses
[1.319s][info][gc,phases      ] GC(1) Phase 2: Compute new object addresses 18.837ms
[1.319s][info][gc,phases,start] GC(1) Phase 3: Adjust pointers
[1.327s][info][gc,phases      ] GC(1) Phase 3: Adjust pointers 7.398ms
[1.327s][info][gc,phases,start] GC(1) Phase 4: Move objects
[1.327s][info][gc,phases      ] GC(1) Phase 4: Move objects 0.071ms
[1.327s][info][gc,heap        ] GC(1) DefNew: 134215K(2516544K)->0K(2516544K) Eden: 134215K(2236928K)->0K(2236928K) From: 0K(279616K)->0K(279616K)
[1.327s][info][gc,heap        ] GC(1) Tenured: 26455K(5592448K)->26582K(5592448K)
[1.327s][info][gc,metaspace   ] GC(1) Metaspace: 12147K(12416K)->12147K(12416K) NonClass: 10491K(10624K)->10491K(10624K) Class: 1655K(1792K)->1655K(1792K)
[1.327s][info][gc             ] GC(1) Pause Full (System.gc()) 156M->25M(7918M) 38.424ms
[1.327s][info][gc,cpu         ] GC(1) User=0.03s Sys=0.02s Real=0.04s
[1.524s][info][gc,start       ] GC(2) Pause Full (System.gc())
[1.524s][info][gc,phases,start] GC(2) Phase 1: Mark live objects
[1.536s][info][gc,phases      ] GC(2) Phase 1: Mark live objects 11.826ms
[1.536s][info][gc,phases,start] GC(2) Phase 2: Compute new object addresses
[1.564s][info][gc,phases      ] GC(2) Phase 2: Compute new object addresses 27.975ms
[1.564s][info][gc,phases,start] GC(2) Phase 3: Adjust pointers
[1.571s][info][gc,phases      ] GC(2) Phase 3: Adjust pointers 7.240ms
[1.571s][info][gc,phases,start] GC(2) Phase 4: Move objects
[1.571s][info][gc,phases      ] GC(2) Phase 4: Move objects 0.011ms
[1.571s][info][gc,heap        ] GC(2) DefNew: 178954K(2516544K)->0K(2516544K) Eden: 178954K(2236928K)->0K(2236928K) From: 0K(279616K)->0K(279616K)
[1.572s][info][gc,heap        ] GC(2) Tenured: 26582K(5592448K)->26582K(5592448K)
[1.572s][info][gc,metaspace   ] GC(2) Metaspace: 12151K(12416K)->12151K(12416K) NonClass: 10495K(10624K)->10495K(10624K) Class: 1655K(1792K)->1655K(1792K)
[1.572s][info][gc             ] GC(2) Pause Full (System.gc()) 200M->25M(7918M) 47.420ms
[1.572s][info][gc,cpu         ] GC(2) User=0.05s Sys=0.00s Real=0.05s
[1.760s][info][gc,start       ] GC(3) Pause Full (System.gc())
[1.760s][info][gc,phases,start] GC(3) Phase 1: Mark live objects
[1.771s][info][gc,phases      ] GC(3) Phase 1: Mark live objects 11.376ms
[1.771s][info][gc,phases,start] GC(3) Phase 2: Compute new object addresses
[1.797s][info][gc,phases      ] GC(3) Phase 2: Compute new object addresses 26.151ms
[1.797s][info][gc,phases,start] GC(3) Phase 3: Adjust pointers
[1.805s][info][gc,phases      ] GC(3) Phase 3: Adjust pointers 7.525ms
[1.805s][info][gc,phases,start] GC(3) Phase 4: Move objects
[1.810s][info][gc,phases      ] GC(3) Phase 4: Move objects 4.925ms
[1.810s][info][gc,heap        ] GC(3) DefNew: 134215K(2516544K)->0K(2516544K) Eden: 134215K(2236928K)->0K(2236928K) From: 0K(279616K)->0K(279616K)
[1.810s][info][gc,heap        ] GC(3) Tenured: 26582K(5592448K)->26553K(5592448K)
[1.810s][info][gc,metaspace   ] GC(3) Metaspace: 12156K(12416K)->12156K(12416K) NonClass: 10500K(10624K)->10500K(10624K) Class: 1655K(1792K)->1655K(1792K)
[1.810s][info][gc             ] GC(3) Pause Full (System.gc()) 157M->25M(7918M) 50.349ms
[1.810s][info][gc,cpu         ] GC(3) User=0.06s Sys=0.00s Real=0.05s
[1.983s][info][gc,start       ] GC(4) Pause Full (System.gc())
[1.983s][info][gc,phases,start] GC(4) Phase 1: Mark live objects
[1.995s][info][gc,phases      ] GC(4) Phase 1: Mark live objects 11.660ms
[1.995s][info][gc,phases,start] GC(4) Phase 2: Compute new object addresses
[2.018s][info][gc,phases      ] GC(4) Phase 2: Compute new object addresses 22.974ms
[2.018s][info][gc,phases,start] GC(4) Phase 3: Adjust pointers
[2.026s][info][gc,phases      ] GC(4) Phase 3: Adjust pointers 7.673ms
[2.026s][info][gc,phases,start] GC(4) Phase 4: Move objects
[2.026s][info][gc,phases      ] GC(4) Phase 4: Move objects 0.010ms
[2.026s][info][gc,heap        ] GC(4) DefNew: 178954K(2516544K)->0K(2516544K) Eden: 178954K(2236928K)->0K(2236928K) From: 0K(279616K)->0K(279616K)
[2.026s][info][gc,heap        ] GC(4) Tenured: 26553K(5592448K)->26554K(5592448K)
[2.026s][info][gc,metaspace   ] GC(4) Metaspace: 12178K(12416K)->12178K(12416K) NonClass: 10521K(10624K)->10521K(10624K) Class: 1656K(1792K)->1656K(1792K)
[2.026s][info][gc             ] GC(4) Pause Full (System.gc()) 200M->25M(7918M) 42.628ms
[2.026s][info][gc,cpu         ] GC(4) User=0.03s Sys=0.00s Real=0.04s
[2.199s][info][gc,start       ] GC(5) Pause Full (System.gc())
[2.199s][info][gc,phases,start] GC(5) Phase 1: Mark live objects
[2.210s][info][gc,phases      ] GC(5) Phase 1: Mark live objects 11.458ms
[2.210s][info][gc,phases,start] GC(5) Phase 2: Compute new object addresses
[2.233s][info][gc,phases      ] GC(5) Phase 2: Compute new object addresses 23.020ms
[2.234s][info][gc,phases,start] GC(5) Phase 3: Adjust pointers
[2.241s][info][gc,phases      ] GC(5) Phase 3: Adjust pointers 7.307ms
[2.241s][info][gc,phases,start] GC(5) Phase 4: Move objects
[2.241s][info][gc,phases      ] GC(5) Phase 4: Move objects 0.009ms
[2.241s][info][gc,heap        ] GC(5) DefNew: 134215K(2516544K)->0K(2516544K) Eden: 134215K(2236928K)->0K(2236928K) From: 0K(279616K)->0K(279616K)
[2.241s][info][gc,heap        ] GC(5) Tenured: 26554K(5592448K)->26554K(5592448K)
[2.241s][info][gc,metaspace   ] GC(5) Metaspace: 12185K(12416K)->12185K(12416K) NonClass: 10529K(10624K)->10529K(10624K) Class: 1656K(1792K)->1656K(1792K)
[2.241s][info][gc             ] GC(5) Pause Full (System.gc()) 157M->25M(7918M) 42.139ms
[2.241s][info][gc,cpu         ] GC(5) User=0.06s Sys=0.00s Real=0.03s
[2.415s][info][gc,start       ] GC(6) Pause Full (System.gc())
[2.415s][info][gc,phases,start] GC(6) Phase 1: Mark live objects
[2.427s][info][gc,phases      ] GC(6) Phase 1: Mark live objects 11.999ms
[2.427s][info][gc,phases,start] GC(6) Phase 2: Compute new object addresses
[2.450s][info][gc,phases      ] GC(6) Phase 2: Compute new object addresses 23.412ms
[2.450s][info][gc,phases,start] GC(6) Phase 3: Adjust pointers
[2.458s][info][gc,phases      ] GC(6) Phase 3: Adjust pointers 7.965ms
[2.458s][info][gc,phases,start] GC(6) Phase 4: Move objects
[2.458s][info][gc,phases      ] GC(6) Phase 4: Move objects 0.010ms
[2.458s][info][gc,heap        ] GC(6) DefNew: 134215K(2516544K)->0K(2516544K) Eden: 134215K(2236928K)->0K(2236928K) From: 0K(279616K)->0K(279616K)
[2.458s][info][gc,heap        ] GC(6) Tenured: 26554K(5592448K)->26554K(5592448K)
[2.458s][info][gc,metaspace   ] GC(6) Metaspace: 12194K(12416K)->12194K(12416K) NonClass: 10537K(10624K)->10537K(10624K) Class: 1656K(1792K)->1656K(1792K)
[2.459s][info][gc             ] GC(6) Pause Full (System.gc()) 157M->25M(7918M) 43.730ms
[2.459s][info][gc,cpu         ] GC(6) User=0.05s Sys=0.00s Real=0.05s
[2.631s][info][gc,start       ] GC(7) Pause Full (System.gc())
[2.631s][info][gc,phases,start] GC(7) Phase 1: Mark live objects
[2.642s][info][gc,phases      ] GC(7) Phase 1: Mark live objects 11.459ms
[2.642s][info][gc,phases,start] GC(7) Phase 2: Compute new object addresses
[2.665s][info][gc,phases      ] GC(7) Phase 2: Compute new object addresses 22.968ms
[2.665s][info][gc,phases,start] GC(7) Phase 3: Adjust pointers
[2.673s][info][gc,phases      ] GC(7) Phase 3: Adjust pointers 7.662ms
[2.673s][info][gc,phases,start] GC(7) Phase 4: Move objects
[2.673s][info][gc,phases      ] GC(7) Phase 4: Move objects 0.011ms
[2.673s][info][gc,heap        ] GC(7) DefNew: 178954K(2516544K)->0K(2516544K) Eden: 178954K(2236928K)->0K(2236928K) From: 0K(279616K)->0K(279616K)
[2.673s][info][gc,heap        ] GC(7) Tenured: 26554K(5592448K)->26554K(5592448K)
[2.673s][info][gc,metaspace   ] GC(7) Metaspace: 12194K(12416K)->12194K(12416K) NonClass: 10538K(10624K)->10538K(10624K) Class: 1656K(1792K)->1656K(1792K)
[2.673s][info][gc             ] GC(7) Pause Full (System.gc()) 200M->25M(7918M) 42.411ms
[2.673s][info][gc,cpu         ] GC(7) User=0.05s Sys=0.00s Real=0.03s
[2.846s][info][gc,start       ] GC(8) Pause Full (System.gc())
[2.846s][info][gc,phases,start] GC(8) Phase 1: Mark live objects
[2.858s][info][gc,phases      ] GC(8) Phase 1: Mark live objects 12.026ms
[2.858s][info][gc,phases,start] GC(8) Phase 2: Compute new object addresses
[2.881s][info][gc,phases      ] GC(8) Phase 2: Compute new object addresses 23.172ms
[2.881s][info][gc,phases,start] GC(8) Phase 3: Adjust pointers
[2.889s][info][gc,phases      ] GC(8) Phase 3: Adjust pointers 7.769ms
[2.889s][info][gc,phases,start] GC(8) Phase 4: Move objects
[2.889s][info][gc,phases      ] GC(8) Phase 4: Move objects 0.010ms
[2.889s][info][gc,heap        ] GC(8) DefNew: 134215K(2516544K)->0K(2516544K) Eden: 134215K(2236928K)->0K(2236928K) From: 0K(279616K)->0K(279616K)
[2.889s][info][gc,heap        ] GC(8) Tenured: 26554K(5592448K)->26554K(5592448K)
[2.889s][info][gc,metaspace   ] GC(8) Metaspace: 12199K(12416K)->12199K(12416K) NonClass: 10543K(10624K)->10543K(10624K) Class: 1656K(1792K)->1656K(1792K)
[2.889s][info][gc             ] GC(8) Pause Full (System.gc()) 157M->25M(7918M) 43.287ms
[2.889s][info][gc,cpu         ] GC(8) User=0.05s Sys=0.00s Real=0.05s
[3.061s][info][gc,start       ] GC(9) Pause Full (System.gc())
[3.061s][info][gc,phases,start] GC(9) Phase 1: Mark live objects
[3.073s][info][gc,phases      ] GC(9) Phase 1: Mark live objects 11.505ms
[3.073s][info][gc,phases,start] GC(9) Phase 2: Compute new object addresses
[3.096s][info][gc,phases      ] GC(9) Phase 2: Compute new object addresses 23.107ms
[3.096s][info][gc,phases,start] GC(9) Phase 3: Adjust pointers
[3.103s][info][gc,phases      ] GC(9) Phase 3: Adjust pointers 7.333ms
[3.103s][info][gc,phases,start] GC(9) Phase 4: Move objects
[3.103s][info][gc,phases      ] GC(9) Phase 4: Move objects 0.010ms
[3.103s][info][gc,heap        ] GC(9) DefNew: 178954K(2516544K)->0K(2516544K) Eden: 178954K(2236928K)->0K(2236928K) From: 0K(279616K)->0K(279616K)
[3.103s][info][gc,heap        ] GC(9) Tenured: 26554K(5592448K)->26555K(5592448K)
[3.103s][info][gc,metaspace   ] GC(9) Metaspace: 12210K(12480K)->12210K(12480K) NonClass: 10552K(10688K)->10552K(10688K) Class: 1658K(1792K)->1658K(1792K)
[3.103s][info][gc             ] GC(9) Pause Full (System.gc()) 200M->25M(7918M) 42.254ms
[3.103s][info][gc,cpu         ] GC(9) User=0.03s Sys=0.00s Real=0.04s
[3.275s][info][gc,start       ] GC(10) Pause Full (System.gc())
[3.275s][info][gc,phases,start] GC(10) Phase 1: Mark live objects
[3.287s][info][gc,phases      ] GC(10) Phase 1: Mark live objects 11.953ms
[3.287s][info][gc,phases,start] GC(10) Phase 2: Compute new object addresses
[3.310s][info][gc,phases      ] GC(10) Phase 2: Compute new object addresses 22.674ms
[3.310s][info][gc,phases,start] GC(10) Phase 3: Adjust pointers
[3.317s][info][gc,phases      ] GC(10) Phase 3: Adjust pointers 7.577ms
[3.317s][info][gc,phases,start] GC(10) Phase 4: Move objects
[3.317s][info][gc,phases      ] GC(10) Phase 4: Move objects 0.009ms
[3.317s][info][gc,heap        ] GC(10) DefNew: 134215K(2516544K)->0K(2516544K) Eden: 134215K(2236928K)->0K(2236928K) From: 0K(279616K)->0K(279616K)
[3.317s][info][gc,heap        ] GC(10) Tenured: 26555K(5592448K)->26555K(5592448K)
[3.317s][info][gc,metaspace   ] GC(10) Metaspace: 12213K(12480K)->12213K(12480K) NonClass: 10555K(10688K)->10555K(10688K) Class: 1658K(1792K)->1658K(1792K)
[3.317s][info][gc             ] GC(10) Pause Full (System.gc()) 157M->25M(7918M) 42.512ms
[3.317s][info][gc,cpu         ] GC(10) User=0.05s Sys=0.00s Real=0.04s
[3.490s][info][gc,start       ] GC(11) Pause Full (System.gc())
[3.490s][info][gc,phases,start] GC(11) Phase 1: Mark live objects
[3.502s][info][gc,phases      ] GC(11) Phase 1: Mark live objects 11.925ms
[3.502s][info][gc,phases,start] GC(11) Phase 2: Compute new object addresses
[3.525s][info][gc,phases      ] GC(11) Phase 2: Compute new object addresses 22.952ms
[3.525s][info][gc,phases,start] GC(11) Phase 3: Adjust pointers
[3.532s][info][gc,phases      ] GC(11) Phase 3: Adjust pointers 7.536ms
[3.532s][info][gc,phases,start] GC(11) Phase 4: Move objects
[3.532s][info][gc,phases      ] GC(11) Phase 4: Move objects 0.010ms
[3.532s][info][gc,heap        ] GC(11) DefNew: 178954K(2516544K)->0K(2516544K) Eden: 178954K(2236928K)->0K(2236928K) From: 0K(279616K)->0K(279616K)
[3.532s][info][gc,heap        ] GC(11) Tenured: 26555K(5592448K)->26554K(5592448K)
[3.532s][info][gc,metaspace   ] GC(11) Metaspace: 12220K(12480K)->12220K(12480K) NonClass: 10562K(10688K)->10562K(10688K) Class: 1658K(1792K)->1658K(1792K)
[3.532s][info][gc             ] GC(11) Pause Full (System.gc()) 200M->25M(7918M) 42.736ms
[3.532s][info][gc,cpu         ] GC(11) User=0.05s Sys=0.00s Real=0.05s
[3.706s][info][gc,start       ] GC(12) Pause Full (System.gc())
[3.706s][info][gc,phases,start] GC(12) Phase 1: Mark live objects
[3.718s][info][gc,phases      ] GC(12) Phase 1: Mark live objects 11.928ms
[3.718s][info][gc,phases,start] GC(12) Phase 2: Compute new object addresses
[3.741s][info][gc,phases      ] GC(12) Phase 2: Compute new object addresses 22.794ms
[3.741s][info][gc,phases,start] GC(12) Phase 3: Adjust pointers
[3.749s][info][gc,phases      ] GC(12) Phase 3: Adjust pointers 7.900ms
[3.749s][info][gc,phases,start] GC(12) Phase 4: Move objects
[3.749s][info][gc,phases      ] GC(12) Phase 4: Move objects 0.009ms
[3.749s][info][gc,heap        ] GC(12) DefNew: 134215K(2516544K)->0K(2516544K) Eden: 134215K(2236928K)->0K(2236928K) From: 0K(279616K)->0K(279616K)
[3.749s][info][gc,heap        ] GC(12) Tenured: 26554K(5592448K)->26554K(5592448K)
[3.749s][info][gc,metaspace   ] GC(12) Metaspace: 12221K(12480K)->12221K(12480K) NonClass: 10563K(10688K)->10563K(10688K) Class: 1658K(1792K)->1658K(1792K)
[3.749s][info][gc             ] GC(12) Pause Full (System.gc()) 157M->25M(7918M) 42.977ms
[3.749s][info][gc,cpu         ] GC(12) User=0.05s Sys=0.00s Real=0.05s
[3.924s][info][gc,start       ] GC(13) Pause Full (System.gc())
[3.924s][info][gc,phases,start] GC(13) Phase 1: Mark live objects
[3.936s][info][gc,phases      ] GC(13) Phase 1: Mark live objects 11.614ms
[3.936s][info][gc,phases,start] GC(13) Phase 2: Compute new object addresses
[3.959s][info][gc,phases      ] GC(13) Phase 2: Compute new object addresses 22.747ms
[3.959s][info][gc,phases,start] GC(13) Phase 3: Adjust pointers
[3.966s][info][gc,phases      ] GC(13) Phase 3: Adjust pointers 7.526ms
[3.966s][info][gc,phases,start] GC(13) Phase 4: Move objects
[3.966s][info][gc,phases      ] GC(13) Phase 4: Move objects 0.009ms
[3.966s][info][gc,heap        ] GC(13) DefNew: 134215K(2516544K)->0K(2516544K) Eden: 134215K(2236928K)->0K(2236928K) From: 0K(279616K)->0K(279616K)
[3.966s][info][gc,heap        ] GC(13) Tenured: 26554K(5592448K)->26554K(5592448K)
[3.966s][info][gc,metaspace   ] GC(13) Metaspace: 12227K(12480K)->12227K(12480K) NonClass: 10569K(10688K)->10569K(10688K) Class: 1658K(1792K)->1658K(1792K)
[3.966s][info][gc             ] GC(13) Pause Full (System.gc()) 157M->25M(7918M) 42.215ms
[3.966s][info][gc,cpu         ] GC(13) User=0.05s Sys=0.00s Real=0.05s
[4.138s][info][gc,start       ] GC(14) Pause Full (System.gc())
[4.138s][info][gc,phases,start] GC(14) Phase 1: Mark live objects
[4.150s][info][gc,phases      ] GC(14) Phase 1: Mark live objects 11.729ms
[4.150s][info][gc,phases,start] GC(14) Phase 2: Compute new object addresses
[4.172s][info][gc,phases      ] GC(14) Phase 2: Compute new object addresses 22.747ms
[4.172s][info][gc,phases,start] GC(14) Phase 3: Adjust pointers
[4.180s][info][gc,phases      ] GC(14) Phase 3: Adjust pointers 7.348ms
[4.180s][info][gc,phases,start] GC(14) Phase 4: Move objects
[4.180s][info][gc,phases      ] GC(14) Phase 4: Move objects 0.009ms
[4.180s][info][gc,heap        ] GC(14) DefNew: 134215K(2516544K)->0K(2516544K) Eden: 134215K(2236928K)->0K(2236928K) From: 0K(279616K)->0K(279616K)
[4.180s][info][gc,heap        ] GC(14) Tenured: 26554K(5592448K)->26554K(5592448K)
[4.180s][info][gc,metaspace   ] GC(14) Metaspace: 12241K(12544K)->12241K(12544K) NonClass: 10583K(10752K)->10583K(10752K) Class: 1658K(1792K)->1658K(1792K)
[4.180s][info][gc             ] GC(14) Pause Full (System.gc()) 157M->25M(7918M) 42.131ms
[4.180s][info][gc,cpu         ] GC(14) User=0.03s Sys=0.00s Real=0.03s
[4.352s][info][gc,start       ] GC(15) Pause Full (System.gc())
[4.352s][info][gc,phases,start] GC(15) Phase 1: Mark live objects
[4.363s][info][gc,phases      ] GC(15) Phase 1: Mark live objects 11.683ms
[4.363s][info][gc,phases,start] GC(15) Phase 2: Compute new object addresses
[4.386s][info][gc,phases      ] GC(15) Phase 2: Compute new object addresses 22.947ms
[4.386s][info][gc,phases,start] GC(15) Phase 3: Adjust pointers
[4.394s][info][gc,phases      ] GC(15) Phase 3: Adjust pointers 7.451ms
[4.394s][info][gc,phases,start] GC(15) Phase 4: Move objects
[4.394s][info][gc,phases      ] GC(15) Phase 4: Move objects 0.009ms
[4.394s][info][gc,heap        ] GC(15) DefNew: 134215K(2516544K)->0K(2516544K) Eden: 134215K(2236928K)->0K(2236928K) From: 0K(279616K)->0K(279616K)
[4.394s][info][gc,heap        ] GC(15) Tenured: 26554K(5592448K)->26555K(5592448K)
[4.394s][info][gc,metaspace   ] GC(15) Metaspace: 12256K(12544K)->12256K(12544K) NonClass: 10597K(10752K)->10597K(10752K) Class: 1658K(1792K)->1658K(1792K)
[4.394s][info][gc             ] GC(15) Pause Full (System.gc()) 157M->25M(7918M) 42.395ms
[4.394s][info][gc,cpu         ] GC(15) User=0.05s Sys=0.00s Real=0.05s
[4.568s][info][gc,start       ] GC(16) Pause Full (System.gc())
[4.568s][info][gc,phases,start] GC(16) Phase 1: Mark live objects
[4.579s][info][gc,phases      ] GC(16) Phase 1: Mark live objects 11.672ms
[4.579s][info][gc,phases,start] GC(16) Phase 2: Compute new object addresses
[4.602s][info][gc,phases      ] GC(16) Phase 2: Compute new object addresses 22.855ms
[4.602s][info][gc,phases,start] GC(16) Phase 3: Adjust pointers
[4.610s][info][gc,phases      ] GC(16) Phase 3: Adjust pointers 7.626ms
[4.610s][info][gc,phases,start] GC(16) Phase 4: Move objects
[4.610s][info][gc,phases      ] GC(16) Phase 4: Move objects 0.017ms
[4.610s][info][gc,heap        ] GC(16) DefNew: 134215K(2516544K)->0K(2516544K) Eden: 134215K(2236928K)->0K(2236928K) From: 0K(279616K)->0K(279616K)
[4.610s][info][gc,heap        ] GC(16) Tenured: 26555K(5592448K)->26555K(5592448K)
[4.610s][info][gc,metaspace   ] GC(16) Metaspace: 12256K(12544K)->12256K(12544K) NonClass: 10597K(10752K)->10597K(10752K) Class: 1658K(1792K)->1658K(1792K)
[4.610s][info][gc             ] GC(16) Pause Full (System.gc()) 157M->25M(7918M) 42.502ms
[4.610s][info][gc,cpu         ] GC(16) User=0.05s Sys=0.00s Real=0.03s
[4.782s][info][gc,start       ] GC(17) Pause Full (System.gc())
[4.782s][info][gc,phases,start] GC(17) Phase 1: Mark live objects
[4.794s][info][gc,phases      ] GC(17) Phase 1: Mark live objects 12.150ms
[4.794s][info][gc,phases,start] GC(17) Phase 2: Compute new object addresses
[4.817s][info][gc,phases      ] GC(17) Phase 2: Compute new object addresses 22.601ms
[4.817s][info][gc,phases,start] GC(17) Phase 3: Adjust pointers
[4.824s][info][gc,phases      ] GC(17) Phase 3: Adjust pointers 7.372ms
[4.824s][info][gc,phases,start] GC(17) Phase 4: Move objects
[4.824s][info][gc,phases      ] GC(17) Phase 4: Move objects 0.010ms
[4.825s][info][gc,heap        ] GC(17) DefNew: 134215K(2516544K)->0K(2516544K) Eden: 134215K(2236928K)->0K(2236928K) From: 0K(279616K)->0K(279616K)
[4.825s][info][gc,heap        ] GC(17) Tenured: 26555K(5592448K)->26555K(5592448K)
[4.825s][info][gc,metaspace   ] GC(17) Metaspace: 12258K(12544K)->12258K(12544K) NonClass: 10599K(10752K)->10599K(10752K) Class: 1658K(1792K)->1658K(1792K)
[4.825s][info][gc             ] GC(17) Pause Full (System.gc()) 157M->25M(7918M) 42.439ms
[4.825s][info][gc,cpu         ] GC(17) User=0.05s Sys=0.00s Real=0.05s
[4.995s][info][gc,start       ] GC(18) Pause Full (System.gc())
[4.996s][info][gc,phases,start] GC(18) Phase 1: Mark live objects
[5.007s][info][gc,phases      ] GC(18) Phase 1: Mark live objects 11.517ms
[5.007s][info][gc,phases,start] GC(18) Phase 2: Compute new object addresses
[5.030s][info][gc,phases      ] GC(18) Phase 2: Compute new object addresses 23.034ms
[5.030s][info][gc,phases,start] GC(18) Phase 3: Adjust pointers
[5.038s][info][gc,phases      ] GC(18) Phase 3: Adjust pointers 7.878ms
[5.038s][info][gc,phases,start] GC(18) Phase 4: Move objects
[5.038s][info][gc,phases      ] GC(18) Phase 4: Move objects 0.010ms
[5.038s][info][gc,heap        ] GC(18) DefNew: 134215K(2516544K)->0K(2516544K) Eden: 134215K(2236928K)->0K(2236928K) From: 0K(279616K)->0K(279616K)
[5.038s][info][gc,heap        ] GC(18) Tenured: 26555K(5592448K)->26555K(5592448K)
[5.038s][info][gc,metaspace   ] GC(18) Metaspace: 12260K(12544K)->12260K(12544K) NonClass: 10602K(10752K)->10602K(10752K) Class: 1658K(1792K)->1658K(1792K)
[5.038s][info][gc             ] GC(18) Pause Full (System.gc()) 157M->25M(7918M) 42.752ms
[5.038s][info][gc,cpu         ] GC(18) User=0.05s Sys=0.00s Real=0.05s
[5.209s][info][gc,start       ] GC(19) Pause Full (System.gc())
[5.210s][info][gc,phases,start] GC(19) Phase 1: Mark live objects
[5.221s][info][gc,phases      ] GC(19) Phase 1: Mark live objects 11.769ms
[5.221s][info][gc,phases,start] GC(19) Phase 2: Compute new object addresses
[5.244s][info][gc,phases      ] GC(19) Phase 2: Compute new object addresses 22.943ms
[5.244s][info][gc,phases,start] GC(19) Phase 3: Adjust pointers
[5.252s][info][gc,phases      ] GC(19) Phase 3: Adjust pointers 7.834ms
[5.252s][info][gc,phases,start] GC(19) Phase 4: Move objects
[5.252s][info][gc,phases      ] GC(19) Phase 4: Move objects 0.009ms
[5.252s][info][gc,heap        ] GC(19) DefNew: 134215K(2516544K)->0K(2516544K) Eden: 134215K(2236928K)->0K(2236928K) From: 0K(279616K)->0K(279616K)
[5.252s][info][gc,heap        ] GC(19) Tenured: 26555K(5592448K)->26554K(5592448K)
[5.252s][info][gc,metaspace   ] GC(19) Metaspace: 12262K(12544K)->12262K(12544K) NonClass: 10604K(10752K)->10604K(10752K) Class: 1658K(1792K)->1658K(1792K)
[5.252s][info][gc             ] GC(19) Pause Full (System.gc()) 157M->25M(7918M) 42.853ms
[5.252s][info][gc,cpu         ] GC(19) User=0.05s Sys=0.00s Real=0.03s
[5.426s][info][gc,start       ] GC(20) Pause Full (System.gc())
[5.426s][info][gc,phases,start] GC(20) Phase 1: Mark live objects
[5.438s][info][gc,phases      ] GC(20) Phase 1: Mark live objects 11.980ms
[5.438s][info][gc,phases,start] GC(20) Phase 2: Compute new object addresses
[5.461s][info][gc,phases      ] GC(20) Phase 2: Compute new object addresses 23.292ms
[5.461s][info][gc,phases,start] GC(20) Phase 3: Adjust pointers
[5.469s][info][gc,phases      ] GC(20) Phase 3: Adjust pointers 7.453ms
[5.469s][info][gc,phases,start] GC(20) Phase 4: Move objects
[5.469s][info][gc,phases      ] GC(20) Phase 4: Move objects 0.010ms
[5.469s][info][gc,heap        ] GC(20) DefNew: 134215K(2516544K)->0K(2516544K) Eden: 134215K(2236928K)->0K(2236928K) From: 0K(279616K)->0K(279616K)
[5.469s][info][gc,heap        ] GC(20) Tenured: 26554K(5592448K)->26554K(5592448K)
[5.469s][info][gc,metaspace   ] GC(20) Metaspace: 12263K(12544K)->12263K(12544K) NonClass: 10604K(10752K)->10604K(10752K) Class: 1658K(1792K)->1658K(1792K)
[5.469s][info][gc             ] GC(20) Pause Full (System.gc()) 157M->25M(7918M) 43.018ms
[5.469s][info][gc,cpu         ] GC(20) User=0.05s Sys=0.00s Real=0.04s
[5.640s][info][gc,start       ] GC(21) Pause Full (System.gc())
[5.640s][info][gc,phases,start] GC(21) Phase 1: Mark live objects
[5.651s][info][gc,phases      ] GC(21) Phase 1: Mark live objects 11.432ms
[5.651s][info][gc,phases,start] GC(21) Phase 2: Compute new object addresses
[5.674s][info][gc,phases      ] GC(21) Phase 2: Compute new object addresses 22.889ms
[5.674s][info][gc,phases,start] GC(21) Phase 3: Adjust pointers
[5.682s][info][gc,phases      ] GC(21) Phase 3: Adjust pointers 7.620ms
[5.682s][info][gc,phases,start] GC(21) Phase 4: Move objects
[5.682s][info][gc,phases      ] GC(21) Phase 4: Move objects 0.009ms
[5.682s][info][gc,heap        ] GC(21) DefNew: 134215K(2516544K)->0K(2516544K) Eden: 134215K(2236928K)->0K(2236928K) From: 0K(279616K)->0K(279616K)
[5.682s][info][gc,heap        ] GC(21) Tenured: 26554K(5592448K)->26555K(5592448K)
[5.682s][info][gc,metaspace   ] GC(21) Metaspace: 12266K(12544K)->12266K(12544K) NonClass: 10608K(10752K)->10608K(10752K) Class: 1658K(1792K)->1658K(1792K)
[5.682s][info][gc             ] GC(21) Pause Full (System.gc()) 157M->25M(7918M) 42.235ms
[5.682s][info][gc,cpu         ] GC(21) User=0.03s Sys=0.00s Real=0.04s
[5.854s][info][gc,start       ] GC(22) Pause Full (System.gc())
[5.854s][info][gc,phases,start] GC(22) Phase 1: Mark live objects
[5.866s][info][gc,phases      ] GC(22) Phase 1: Mark live objects 11.654ms
[5.866s][info][gc,phases,start] GC(22) Phase 2: Compute new object addresses
[5.888s][info][gc,phases      ] GC(22) Phase 2: Compute new object addresses 22.795ms
[5.888s][info][gc,phases,start] GC(22) Phase 3: Adjust pointers
[5.896s][info][gc,phases      ] GC(22) Phase 3: Adjust pointers 7.984ms
[5.896s][info][gc,phases,start] GC(22) Phase 4: Move objects
[5.896s][info][gc,phases      ] GC(22) Phase 4: Move objects 0.010ms
[5.897s][info][gc,heap        ] GC(22) DefNew: 178954K(2516544K)->0K(2516544K) Eden: 178954K(2236928K)->0K(2236928K) From: 0K(279616K)->0K(279616K)
[5.897s][info][gc,heap        ] GC(22) Tenured: 26555K(5592448K)->26556K(5592448K)
[5.897s][info][gc,metaspace   ] GC(22) Metaspace: 12274K(12544K)->12274K(12544K) NonClass: 10615K(10752K)->10615K(10752K) Class: 1658K(1792K)->1658K(1792K)
[5.897s][info][gc             ] GC(22) Pause Full (System.gc()) 200M->25M(7918M) 42.749ms
[5.897s][info][gc,cpu         ] GC(22) User=0.05s Sys=0.00s Real=0.05s
[6.069s][info][gc,start       ] GC(23) Pause Full (System.gc())
[6.069s][info][gc,phases,start] GC(23) Phase 1: Mark live objects
[6.080s][info][gc,phases      ] GC(23) Phase 1: Mark live objects 11.653ms
[6.080s][info][gc,phases,start] GC(23) Phase 2: Compute new object addresses
[6.103s][info][gc,phases      ] GC(23) Phase 2: Compute new object addresses 22.811ms
[6.103s][info][gc,phases,start] GC(23) Phase 3: Adjust pointers
[6.111s][info][gc,phases      ] GC(23) Phase 3: Adjust pointers 7.403ms
[6.111s][info][gc,phases,start] GC(23) Phase 4: Move objects
[6.111s][info][gc,phases      ] GC(23) Phase 4: Move objects 0.010ms
[6.111s][info][gc,heap        ] GC(23) DefNew: 134215K(2516544K)->0K(2516544K) Eden: 134215K(2236928K)->0K(2236928K) From: 0K(279616K)->0K(279616K)
[6.111s][info][gc,heap        ] GC(23) Tenured: 26556K(5592448K)->26555K(5592448K)
[6.111s][info][gc,metaspace   ] GC(23) Metaspace: 12280K(12544K)->12280K(12544K) NonClass: 10621K(10752K)->10621K(10752K) Class: 1658K(1792K)->1658K(1792K)
[6.111s][info][gc             ] GC(23) Pause Full (System.gc()) 157M->25M(7918M) 42.235ms
[6.111s][info][gc,cpu         ] GC(23) User=0.05s Sys=0.00s Real=0.03s
[6.283s][info][gc,start       ] GC(24) Pause Full (System.gc())
[6.283s][info][gc,phases,start] GC(24) Phase 1: Mark live objects
[6.295s][info][gc,phases      ] GC(24) Phase 1: Mark live objects 12.057ms
[6.295s][info][gc,phases,start] GC(24) Phase 2: Compute new object addresses
[6.318s][info][gc,phases      ] GC(24) Phase 2: Compute new object addresses 22.776ms
[6.318s][info][gc,phases,start] GC(24) Phase 3: Adjust pointers
[6.325s][info][gc,phases      ] GC(24) Phase 3: Adjust pointers 7.362ms
[6.325s][info][gc,phases,start] GC(24) Phase 4: Move objects
[6.325s][info][gc,phases      ] GC(24) Phase 4: Move objects 0.010ms
[6.325s][info][gc,heap        ] GC(24) DefNew: 134215K(2516544K)->0K(2516544K) Eden: 134215K(2236928K)->0K(2236928K) From: 0K(279616K)->0K(279616K)
[6.325s][info][gc,heap        ] GC(24) Tenured: 26555K(5592448K)->26555K(5592448K)
[6.325s][info][gc,metaspace   ] GC(24) Metaspace: 12281K(12544K)->12281K(12544K) NonClass: 10623K(10752K)->10623K(10752K) Class: 1658K(1792K)->1658K(1792K)
[6.325s][info][gc             ] GC(24) Pause Full (System.gc()) 157M->25M(7918M) 42.544ms
[6.325s][info][gc,cpu         ] GC(24) User=0.03s Sys=0.00s Real=0.03s
[6.497s][info][gc,start       ] GC(25) Pause Full (System.gc())
[6.498s][info][gc,phases,start] GC(25) Phase 1: Mark live objects
[6.510s][info][gc,phases      ] GC(25) Phase 1: Mark live objects 12.048ms
[6.510s][info][gc,phases,start] GC(25) Phase 2: Compute new object addresses
[6.532s][info][gc,phases      ] GC(25) Phase 2: Compute new object addresses 22.823ms
[6.532s][info][gc,phases,start] GC(25) Phase 3: Adjust pointers
[6.540s][info][gc,phases      ] GC(25) Phase 3: Adjust pointers 7.320ms
[6.540s][info][gc,phases,start] GC(25) Phase 4: Move objects
[6.540s][info][gc,phases      ] GC(25) Phase 4: Move objects 0.010ms
[6.540s][info][gc,heap        ] GC(25) DefNew: 134215K(2516544K)->0K(2516544K) Eden: 134215K(2236928K)->0K(2236928K) From: 0K(279616K)->0K(279616K)
[6.540s][info][gc,heap        ] GC(25) Tenured: 26555K(5592448K)->26555K(5592448K)
[6.540s][info][gc,metaspace   ] GC(25) Metaspace: 12282K(12544K)->12282K(12544K) NonClass: 10623K(10752K)->10623K(10752K) Class: 1658K(1792K)->1658K(1792K)
[6.540s][info][gc             ] GC(25) Pause Full (System.gc()) 157M->25M(7918M) 42.514ms
[6.540s][info][gc,cpu         ] GC(25) User=0.03s Sys=0.00s Real=0.04s
[6.711s][info][gc,start       ] GC(26) Pause Full (System.gc())
[6.711s][info][gc,phases,start] GC(26) Phase 1: Mark live objects
[6.723s][info][gc,phases      ] GC(26) Phase 1: Mark live objects 11.936ms
[6.723s][info][gc,phases,start] GC(26) Phase 2: Compute new object addresses
[6.746s][info][gc,phases      ] GC(26) Phase 2: Compute new object addresses 23.077ms
[6.746s][info][gc,phases,start] GC(26) Phase 3: Adjust pointers
[6.754s][info][gc,phases      ] GC(26) Phase 3: Adjust pointers 7.835ms
[6.754s][info][gc,phases,start] GC(26) Phase 4: Move objects
[6.754s][info][gc,phases      ] GC(26) Phase 4: Move objects 0.009ms
[6.754s][info][gc,heap        ] GC(26) DefNew: 134215K(2516544K)->0K(2516544K) Eden: 134215K(2236928K)->0K(2236928K) From: 0K(279616K)->0K(279616K)
[6.754s][info][gc,heap        ] GC(26) Tenured: 26555K(5592448K)->26555K(5592448K)
[6.754s][info][gc,metaspace   ] GC(26) Metaspace: 12285K(12544K)->12285K(12544K) NonClass: 10626K(10752K)->10626K(10752K) Class: 1658K(1792K)->1658K(1792K)
[6.754s][info][gc             ] GC(26) Pause Full (System.gc()) 157M->25M(7918M) 43.235ms
[6.754s][info][gc,cpu         ] GC(26) User=0.05s Sys=0.00s Real=0.03s
[6.926s][info][gc,start       ] GC(27) Pause Full (System.gc())
[6.926s][info][gc,phases,start] GC(27) Phase 1: Mark live objects
[6.938s][info][gc,phases      ] GC(27) Phase 1: Mark live objects 11.728ms
[6.938s][info][gc,phases,start] GC(27) Phase 2: Compute new object addresses
[6.961s][info][gc,phases      ] GC(27) Phase 2: Compute new object addresses 23.058ms
[6.961s][info][gc,phases,start] GC(27) Phase 3: Adjust pointers
[6.968s][info][gc,phases      ] GC(27) Phase 3: Adjust pointers 7.440ms
[6.968s][info][gc,phases,start] GC(27) Phase 4: Move objects
[6.968s][info][gc,phases      ] GC(27) Phase 4: Move objects 0.010ms
[6.968s][info][gc,heap        ] GC(27) DefNew: 134215K(2516544K)->0K(2516544K) Eden: 134215K(2236928K)->0K(2236928K) From: 0K(279616K)->0K(279616K)
[6.968s][info][gc,heap        ] GC(27) Tenured: 26555K(5592448K)->26555K(5592448K)
[6.968s][info][gc,metaspace   ] GC(27) Metaspace: 12285K(12544K)->12285K(12544K) NonClass: 10626K(10752K)->10626K(10752K) Class: 1658K(1792K)->1658K(1792K)
[6.968s][info][gc             ] GC(27) Pause Full (System.gc()) 157M->25M(7918M) 42.569ms
[6.968s][info][gc,cpu         ] GC(27) User=0.05s Sys=0.00s Real=0.05s
[7.141s][info][gc,start       ] GC(28) Pause Full (System.gc())
[7.141s][info][gc,phases,start] GC(28) Phase 1: Mark live objects
[7.153s][info][gc,phases      ] GC(28) Phase 1: Mark live objects 11.896ms
[7.153s][info][gc,phases,start] GC(28) Phase 2: Compute new object addresses
[7.176s][info][gc,phases      ] GC(28) Phase 2: Compute new object addresses 22.968ms
[7.176s][info][gc,phases,start] GC(28) Phase 3: Adjust pointers
[7.183s][info][gc,phases      ] GC(28) Phase 3: Adjust pointers 7.768ms
[7.183s][info][gc,phases,start] GC(28) Phase 4: Move objects
[7.183s][info][gc,phases      ] GC(28) Phase 4: Move objects 0.009ms
[7.183s][info][gc,heap        ] GC(28) DefNew: 134215K(2516544K)->0K(2516544K) Eden: 134215K(2236928K)->0K(2236928K) From: 0K(279616K)->0K(279616K)
[7.183s][info][gc,heap        ] GC(28) Tenured: 26555K(5592448K)->26555K(5592448K)
[7.183s][info][gc,metaspace   ] GC(28) Metaspace: 12285K(12544K)->12285K(12544K) NonClass: 10626K(10752K)->10626K(10752K) Class: 1658K(1792K)->1658K(1792K)
[7.183s][info][gc             ] GC(28) Pause Full (System.gc()) 157M->25M(7918M) 42.959ms
[7.183s][info][gc,cpu         ] GC(28) User=0.03s Sys=0.00s Real=0.03s
[7.354s][info][gc,start       ] GC(29) Pause Full (System.gc())
[7.354s][info][gc,phases,start] GC(29) Phase 1: Mark live objects
[7.367s][info][gc,phases      ] GC(29) Phase 1: Mark live objects 12.214ms
[7.367s][info][gc,phases,start] GC(29) Phase 2: Compute new object addresses
[7.389s][info][gc,phases      ] GC(29) Phase 2: Compute new object addresses 22.765ms
[7.389s][info][gc,phases,start] GC(29) Phase 3: Adjust pointers
[7.397s][info][gc,phases      ] GC(29) Phase 3: Adjust pointers 7.649ms
[7.397s][info][gc,phases,start] GC(29) Phase 4: Move objects
[7.397s][info][gc,phases      ] GC(29) Phase 4: Move objects 0.010ms
[7.397s][info][gc,heap        ] GC(29) DefNew: 178954K(2516544K)->0K(2516544K) Eden: 178954K(2236928K)->0K(2236928K) From: 0K(279616K)->0K(279616K)
[7.397s][info][gc,heap        ] GC(29) Tenured: 26555K(5592448K)->26555K(5592448K)
[7.397s][info][gc,metaspace   ] GC(29) Metaspace: 12292K(12544K)->12292K(12544K) NonClass: 10634K(10752K)->10634K(10752K) Class: 1658K(1792K)->1658K(1792K)
[7.397s][info][gc             ] GC(29) Pause Full (System.gc()) 200M->25M(7918M) 42.980ms
[7.397s][info][gc,cpu         ] GC(29) User=0.05s Sys=0.00s Real=0.05s
[7.569s][info][gc,start       ] GC(30) Pause Full (System.gc())
[7.570s][info][gc,phases,start] GC(30) Phase 1: Mark live objects
[7.582s][info][gc,phases      ] GC(30) Phase 1: Mark live objects 12.067ms
[7.582s][info][gc,phases,start] GC(30) Phase 2: Compute new object addresses
[7.605s][info][gc,phases      ] GC(30) Phase 2: Compute new object addresses 22.937ms
[7.605s][info][gc,phases,start] GC(30) Phase 3: Adjust pointers
[7.612s][info][gc,phases      ] GC(30) Phase 3: Adjust pointers 7.540ms
[7.612s][info][gc,phases,start] GC(30) Phase 4: Move objects
[7.612s][info][gc,phases      ] GC(30) Phase 4: Move objects 0.009ms
[7.612s][info][gc,heap        ] GC(30) DefNew: 178954K(2516544K)->0K(2516544K) Eden: 178954K(2236928K)->0K(2236928K) From: 0K(279616K)->0K(279616K)
[7.612s][info][gc,heap        ] GC(30) Tenured: 26555K(5592448K)->26556K(5592448K)
[7.612s][info][gc,metaspace   ] GC(30) Metaspace: 12309K(12608K)->12309K(12608K) NonClass: 10650K(10816K)->10650K(10816K) Class: 1658K(1792K)->1658K(1792K)
[7.612s][info][gc             ] GC(30) Pause Full (System.gc()) 200M->25M(7918M) 42.939ms
[7.612s][info][gc,cpu         ] GC(30) User=0.05s Sys=0.00s Real=0.04s
[7.786s][info][gc,start       ] GC(31) Pause Full (System.gc())
[7.786s][info][gc,phases,start] GC(31) Phase 1: Mark live objects
[7.797s][info][gc,phases      ] GC(31) Phase 1: Mark live objects 11.713ms
[7.797s][info][gc,phases,start] GC(31) Phase 2: Compute new object addresses
[7.820s][info][gc,phases      ] GC(31) Phase 2: Compute new object addresses 22.706ms
[7.820s][info][gc,phases,start] GC(31) Phase 3: Adjust pointers
[7.828s][info][gc,phases      ] GC(31) Phase 3: Adjust pointers 7.473ms
[7.828s][info][gc,phases,start] GC(31) Phase 4: Move objects
[7.828s][info][gc,phases      ] GC(31) Phase 4: Move objects 0.009ms
[7.828s][info][gc,heap        ] GC(31) DefNew: 156585K(2516544K)->0K(2516544K) Eden: 156585K(2236928K)->0K(2236928K) From: 0K(279616K)->0K(279616K)
[7.828s][info][gc,heap        ] GC(31) Tenured: 26556K(5592448K)->26555K(5592448K)
[7.828s][info][gc,metaspace   ] GC(31) Metaspace: 12314K(12608K)->12314K(12608K) NonClass: 10655K(10816K)->10655K(10816K) Class: 1658K(1792K)->1658K(1792K)
[7.828s][info][gc             ] GC(31) Pause Full (System.gc()) 178M->25M(7918M) 42.211ms
[7.828s][info][gc,cpu         ] GC(31) User=0.05s Sys=0.00s Real=0.05s
[7.999s][info][gc,start       ] GC(32) Pause Full (System.gc())
[7.999s][info][gc,phases,start] GC(32) Phase 1: Mark live objects
[8.011s][info][gc,phases      ] GC(32) Phase 1: Mark live objects 11.827ms
[8.011s][info][gc,phases,start] GC(32) Phase 2: Compute new object addresses
[8.034s][info][gc,phases      ] GC(32) Phase 2: Compute new object addresses 22.908ms
[8.034s][info][gc,phases,start] GC(32) Phase 3: Adjust pointers
[8.041s][info][gc,phases      ] GC(32) Phase 3: Adjust pointers 7.530ms
[8.042s][info][gc,phases,start] GC(32) Phase 4: Move objects
[8.042s][info][gc,phases      ] GC(32) Phase 4: Move objects 0.009ms
[8.042s][info][gc,heap        ] GC(32) DefNew: 134215K(2516544K)->0K(2516544K) Eden: 134215K(2236928K)->0K(2236928K) From: 0K(279616K)->0K(279616K)
[8.042s][info][gc,heap        ] GC(32) Tenured: 26555K(5592448K)->26556K(5592448K)
[8.042s][info][gc,metaspace   ] GC(32) Metaspace: 12321K(12608K)->12321K(12608K) NonClass: 10663K(10816K)->10663K(10816K) Class: 1658K(1792K)->1658K(1792K)
[8.042s][info][gc             ] GC(32) Pause Full (System.gc()) 157M->25M(7918M) 42.583ms
[8.042s][info][gc,cpu         ] GC(32) User=0.03s Sys=0.00s Real=0.05s
[8.213s][info][gc,start       ] GC(33) Pause Full (System.gc())
[8.213s][info][gc,phases,start] GC(33) Phase 1: Mark live objects
[8.225s][info][gc,phases      ] GC(33) Phase 1: Mark live objects 12.332ms
[8.226s][info][gc,phases,start] GC(33) Phase 2: Compute new object addresses
[8.249s][info][gc,phases      ] GC(33) Phase 2: Compute new object addresses 22.971ms
[8.249s][info][gc,phases,start] GC(33) Phase 3: Adjust pointers
[8.256s][info][gc,phases      ] GC(33) Phase 3: Adjust pointers 7.477ms
[8.256s][info][gc,phases,start] GC(33) Phase 4: Move objects
[8.256s][info][gc,phases      ] GC(33) Phase 4: Move objects 0.010ms
[8.256s][info][gc,heap        ] GC(33) DefNew: 134215K(2516544K)->0K(2516544K) Eden: 134215K(2236928K)->0K(2236928K) From: 0K(279616K)->0K(279616K)
[8.256s][info][gc,heap        ] GC(33) Tenured: 26556K(5592448K)->26556K(5592448K)
[8.256s][info][gc,metaspace   ] GC(33) Metaspace: 12322K(12608K)->12322K(12608K) NonClass: 10663K(10816K)->10663K(10816K) Class: 1658K(1792K)->1658K(1792K)
[8.256s][info][gc             ] GC(33) Pause Full (System.gc()) 157M->25M(7918M) 43.186ms
[8.256s][info][gc,cpu         ] GC(33) User=0.05s Sys=0.00s Real=0.05s
[8.428s][info][gc,start       ] GC(34) Pause Full (System.gc())
[8.428s][info][gc,phases,start] GC(34) Phase 1: Mark live objects
[8.441s][info][gc,phases      ] GC(34) Phase 1: Mark live objects 12.729ms
[8.441s][info][gc,phases,start] GC(34) Phase 2: Compute new object addresses
[8.464s][info][gc,phases      ] GC(34) Phase 2: Compute new object addresses 22.871ms
[8.464s][info][gc,phases,start] GC(34) Phase 3: Adjust pointers
[8.471s][info][gc,phases      ] GC(34) Phase 3: Adjust pointers 7.893ms
[8.472s][info][gc,phases,start] GC(34) Phase 4: Move objects
[8.472s][info][gc,phases      ] GC(34) Phase 4: Move objects 0.009ms
[8.472s][info][gc,heap        ] GC(34) DefNew: 134215K(2516544K)->0K(2516544K) Eden: 134215K(2236928K)->0K(2236928K) From: 0K(279616K)->0K(279616K)
[8.472s][info][gc,heap        ] GC(34) Tenured: 26556K(5592448K)->26556K(5592448K)
[8.472s][info][gc,metaspace   ] GC(34) Metaspace: 12322K(12608K)->12322K(12608K) NonClass: 10663K(10816K)->10663K(10816K) Class: 1658K(1792K)->1658K(1792K)
[8.472s][info][gc             ] GC(34) Pause Full (System.gc()) 157M->25M(7918M) 43.827ms
[8.472s][info][gc,cpu         ] GC(34) User=0.05s Sys=0.00s Real=0.05s
[8.642s][info][gc,start       ] GC(35) Pause Full (System.gc())
[8.642s][info][gc,phases,start] GC(35) Phase 1: Mark live objects
[8.654s][info][gc,phases      ] GC(35) Phase 1: Mark live objects 11.582ms
[8.654s][info][gc,phases,start] GC(35) Phase 2: Compute new object addresses
[8.677s][info][gc,phases      ] GC(35) Phase 2: Compute new object addresses 23.401ms
[8.677s][info][gc,phases,start] GC(35) Phase 3: Adjust pointers
[8.685s][info][gc,phases      ] GC(35) Phase 3: Adjust pointers 7.522ms
[8.685s][info][gc,phases,start] GC(35) Phase 4: Move objects
[8.685s][info][gc,phases      ] GC(35) Phase 4: Move objects 0.010ms
[8.685s][info][gc,heap        ] GC(35) DefNew: 134215K(2516544K)->0K(2516544K) Eden: 134215K(2236928K)->0K(2236928K) From: 0K(279616K)->0K(279616K)
[8.685s][info][gc,heap        ] GC(35) Tenured: 26556K(5592448K)->26556K(5592448K)
[8.685s][info][gc,metaspace   ] GC(35) Metaspace: 12325K(12608K)->12325K(12608K) NonClass: 10666K(10816K)->10666K(10816K) Class: 1658K(1792K)->1658K(1792K)
[8.685s][info][gc             ] GC(35) Pause Full (System.gc()) 157M->25M(7918M) 42.791ms
[8.685s][info][gc,cpu         ] GC(35) User=0.02s Sys=0.00s Real=0.04s
[8.858s][info][gc,start       ] GC(36) Pause Full (System.gc())
[8.858s][info][gc,phases,start] GC(36) Phase 1: Mark live objects
[8.870s][info][gc,phases      ] GC(36) Phase 1: Mark live objects 11.900ms
[8.870s][info][gc,phases,start] GC(36) Phase 2: Compute new object addresses
[8.893s][info][gc,phases      ] GC(36) Phase 2: Compute new object addresses 23.119ms
[8.893s][info][gc,phases,start] GC(36) Phase 3: Adjust pointers
[8.900s][info][gc,phases      ] GC(36) Phase 3: Adjust pointers 7.442ms
[8.900s][info][gc,phases,start] GC(36) Phase 4: Move objects
[8.901s][info][gc,phases      ] GC(36) Phase 4: Move objects 0.010ms
[8.901s][info][gc,heap        ] GC(36) DefNew: 134215K(2516544K)->0K(2516544K) Eden: 134215K(2236928K)->0K(2236928K) From: 0K(279616K)->0K(279616K)
[8.901s][info][gc,heap        ] GC(36) Tenured: 26556K(5592448K)->26556K(5592448K)
[8.901s][info][gc,metaspace   ] GC(36) Metaspace: 12325K(12608K)->12325K(12608K) NonClass: 10666K(10816K)->10666K(10816K) Class: 1658K(1792K)->1658K(1792K)
[8.901s][info][gc             ] GC(36) Pause Full (System.gc()) 157M->25M(7918M) 42.781ms
[8.901s][info][gc,cpu         ] GC(36) User=0.03s Sys=0.00s Real=0.04s
[9.071s][info][gc,start       ] GC(37) Pause Full (System.gc())
[9.071s][info][gc,phases,start] GC(37) Phase 1: Mark live objects
[9.083s][info][gc,phases      ] GC(37) Phase 1: Mark live objects 11.614ms
[9.083s][info][gc,phases,start] GC(37) Phase 2: Compute new object addresses
[9.106s][info][gc,phases      ] GC(37) Phase 2: Compute new object addresses 22.758ms
[9.106s][info][gc,phases,start] GC(37) Phase 3: Adjust pointers
[9.113s][info][gc,phases      ] GC(37) Phase 3: Adjust pointers 7.666ms
[9.113s][info][gc,phases,start] GC(37) Phase 4: Move objects
[9.113s][info][gc,phases      ] GC(37) Phase 4: Move objects 0.010ms
[9.113s][info][gc,heap        ] GC(37) DefNew: 134215K(2516544K)->0K(2516544K) Eden: 134215K(2236928K)->0K(2236928K) From: 0K(279616K)->0K(279616K)
[9.113s][info][gc,heap        ] GC(37) Tenured: 26556K(5592448K)->26558K(5592448K)
[9.113s][info][gc,metaspace   ] GC(37) Metaspace: 12326K(12608K)->12326K(12608K) NonClass: 10668K(10816K)->10668K(10816K) Class: 1658K(1792K)->1658K(1792K)
[9.113s][info][gc             ] GC(37) Pause Full (System.gc()) 157M->25M(7918M) 42.365ms
[9.113s][info][gc,cpu         ] GC(37) User=0.05s Sys=0.00s Real=0.03s
[9.288s][info][gc,start       ] GC(38) Pause Full (System.gc())
[9.288s][info][gc,phases,start] GC(38) Phase 1: Mark live objects
[9.300s][info][gc,phases      ] GC(38) Phase 1: Mark live objects 11.982ms
[9.300s][info][gc,phases,start] GC(38) Phase 2: Compute new object addresses
[9.323s][info][gc,phases      ] GC(38) Phase 2: Compute new object addresses 22.809ms
[9.323s][info][gc,phases,start] GC(38) Phase 3: Adjust pointers
[9.331s][info][gc,phases      ] GC(38) Phase 3: Adjust pointers 7.591ms
[9.331s][info][gc,phases,start] GC(38) Phase 4: Move objects
[9.331s][info][gc,phases      ] GC(38) Phase 4: Move objects 0.010ms
[9.331s][info][gc,heap        ] GC(38) DefNew: 134215K(2516544K)->0K(2516544K) Eden: 134215K(2236928K)->0K(2236928K) From: 0K(279616K)->0K(279616K)
[9.331s][info][gc,heap        ] GC(38) Tenured: 26558K(5592448K)->26558K(5592448K)
[9.331s][info][gc,metaspace   ] GC(38) Metaspace: 12326K(12608K)->12326K(12608K) NonClass: 10668K(10816K)->10668K(10816K) Class: 1658K(1792K)->1658K(1792K)
[9.331s][info][gc             ] GC(38) Pause Full (System.gc()) 157M->25M(7918M) 42.751ms
[9.331s][info][gc,cpu         ] GC(38) User=0.05s Sys=0.00s Real=0.05s
[9.504s][info][gc,start       ] GC(39) Pause Full (System.gc())
[9.504s][info][gc,phases,start] GC(39) Phase 1: Mark live objects
[9.516s][info][gc,phases      ] GC(39) Phase 1: Mark live objects 11.704ms
[9.516s][info][gc,phases,start] GC(39) Phase 2: Compute new object addresses
[9.539s][info][gc,phases      ] GC(39) Phase 2: Compute new object addresses 22.818ms
[9.539s][info][gc,phases,start] GC(39) Phase 3: Adjust pointers
[9.546s][info][gc,phases      ] GC(39) Phase 3: Adjust pointers 7.627ms
[9.547s][info][gc,phases,start] GC(39) Phase 4: Move objects
[9.547s][info][gc,phases      ] GC(39) Phase 4: Move objects 0.010ms
[9.547s][info][gc,heap        ] GC(39) DefNew: 134215K(2516544K)->0K(2516544K) Eden: 134215K(2236928K)->0K(2236928K) From: 0K(279616K)->0K(279616K)
[9.547s][info][gc,heap        ] GC(39) Tenured: 26558K(5592448K)->26558K(5592448K)
[9.547s][info][gc,metaspace   ] GC(39) Metaspace: 12327K(12608K)->12327K(12608K) NonClass: 10669K(10816K)->10669K(10816K) Class: 1658K(1792K)->1658K(1792K)
[9.547s][info][gc             ] GC(39) Pause Full (System.gc()) 157M->25M(7918M) 42.459ms
[9.547s][info][gc,cpu         ] GC(39) User=0.05s Sys=0.00s Real=0.04s
[9.717s][info][gc,start       ] GC(40) Pause Full (System.gc())
[9.717s][info][gc,phases,start] GC(40) Phase 1: Mark live objects
[9.729s][info][gc,phases      ] GC(40) Phase 1: Mark live objects 12.496ms
[9.729s][info][gc,phases,start] GC(40) Phase 2: Compute new object addresses
[9.752s][info][gc,phases      ] GC(40) Phase 2: Compute new object addresses 22.802ms
[9.752s][info][gc,phases,start] GC(40) Phase 3: Adjust pointers
[9.760s][info][gc,phases      ] GC(40) Phase 3: Adjust pointers 7.558ms
[9.760s][info][gc,phases,start] GC(40) Phase 4: Move objects
[9.760s][info][gc,phases      ] GC(40) Phase 4: Move objects 0.016ms
[9.760s][info][gc,heap        ] GC(40) DefNew: 134215K(2516544K)->0K(2516544K) Eden: 134215K(2236928K)->0K(2236928K) From: 0K(279616K)->0K(279616K)
[9.760s][info][gc,heap        ] GC(40) Tenured: 26558K(5592448K)->26558K(5592448K)
[9.760s][info][gc,metaspace   ] GC(40) Metaspace: 12329K(12608K)->12329K(12608K) NonClass: 10670K(10816K)->10670K(10816K) Class: 1658K(1792K)->1658K(1792K)
[9.760s][info][gc             ] GC(40) Pause Full (System.gc()) 157M->25M(7918M) 43.244ms
[9.760s][info][gc,cpu         ] GC(40) User=0.03s Sys=0.00s Real=0.05s
[9.930s][info][gc,start       ] GC(41) Pause Full (System.gc())
[9.930s][info][gc,phases,start] GC(41) Phase 1: Mark live objects
[9.943s][info][gc,phases      ] GC(41) Phase 1: Mark live objects 12.177ms
[9.943s][info][gc,phases,start] GC(41) Phase 2: Compute new object addresses
[9.965s][info][gc,phases      ] GC(41) Phase 2: Compute new object addresses 22.804ms
[9.966s][info][gc,phases,start] GC(41) Phase 3: Adjust pointers
[9.973s][info][gc,phases      ] GC(41) Phase 3: Adjust pointers 7.474ms
[9.973s][info][gc,phases,start] GC(41) Phase 4: Move objects
[9.973s][info][gc,phases      ] GC(41) Phase 4: Move objects 0.010ms
[9.973s][info][gc,heap        ] GC(41) DefNew: 134215K(2516544K)->0K(2516544K) Eden: 134215K(2236928K)->0K(2236928K) From: 0K(279616K)->0K(279616K)
[9.973s][info][gc,heap        ] GC(41) Tenured: 26558K(5592448K)->26558K(5592448K)
[9.973s][info][gc,metaspace   ] GC(41) Metaspace: 12329K(12608K)->12329K(12608K) NonClass: 10670K(10816K)->10670K(10816K) Class: 1658K(1792K)->1658K(1792K)
[9.973s][info][gc             ] GC(41) Pause Full (System.gc()) 157M->25M(7918M) 42.767ms
[9.973s][info][gc,cpu         ] GC(41) User=0.05s Sys=0.00s Real=0.05s
[10.143s][info][gc,start       ] GC(42) Pause Full (System.gc())
[10.143s][info][gc,phases,start] GC(42) Phase 1: Mark live objects
[10.156s][info][gc,phases      ] GC(42) Phase 1: Mark live objects 12.459ms
[10.156s][info][gc,phases,start] GC(42) Phase 2: Compute new object addresses
[10.179s][info][gc,phases      ] GC(42) Phase 2: Compute new object addresses 22.981ms
[10.179s][info][gc,phases,start] GC(42) Phase 3: Adjust pointers
[10.186s][info][gc,phases      ] GC(42) Phase 3: Adjust pointers 7.418ms
[10.186s][info][gc,phases,start] GC(42) Phase 4: Move objects
[10.186s][info][gc,phases      ] GC(42) Phase 4: Move objects 0.010ms
[10.186s][info][gc,heap        ] GC(42) DefNew: 134215K(2516544K)->0K(2516544K) Eden: 134215K(2236928K)->0K(2236928K) From: 0K(279616K)->0K(279616K)
[10.186s][info][gc,heap        ] GC(42) Tenured: 26558K(5592448K)->26558K(5592448K)
[10.186s][info][gc,metaspace   ] GC(42) Metaspace: 12337K(12608K)->12337K(12608K) NonClass: 10679K(10816K)->10679K(10816K) Class: 1658K(1792K)->1658K(1792K)
[10.186s][info][gc             ] GC(42) Pause Full (System.gc()) 157M->25M(7918M) 43.209ms
[10.186s][info][gc,cpu         ] GC(42) User=0.05s Sys=0.00s Real=0.05s
[10.359s][info][gc,start       ] GC(43) Pause Full (System.gc())
[10.359s][info][gc,phases,start] GC(43) Phase 1: Mark live objects
[10.371s][info][gc,phases      ] GC(43) Phase 1: Mark live objects 12.185ms
[10.371s][info][gc,phases,start] GC(43) Phase 2: Compute new object addresses
[10.394s][info][gc,phases      ] GC(43) Phase 2: Compute new object addresses 22.809ms
[10.394s][info][gc,phases,start] GC(43) Phase 3: Adjust pointers
[10.401s][info][gc,phases      ] GC(43) Phase 3: Adjust pointers 7.512ms
[10.401s][info][gc,phases,start] GC(43) Phase 4: Move objects
[10.401s][info][gc,phases      ] GC(43) Phase 4: Move objects 0.009ms
[10.401s][info][gc,heap        ] GC(43) DefNew: 134215K(2516544K)->0K(2516544K) Eden: 134215K(2236928K)->0K(2236928K) From: 0K(279616K)->0K(279616K)
[10.401s][info][gc,heap        ] GC(43) Tenured: 26558K(5592448K)->26558K(5592448K)
[10.401s][info][gc,metaspace   ] GC(43) Metaspace: 12341K(12608K)->12341K(12608K) NonClass: 10683K(10816K)->10683K(10816K) Class: 1658K(1792K)->1658K(1792K)
[10.402s][info][gc             ] GC(43) Pause Full (System.gc()) 157M->25M(7918M) 42.901ms
[10.402s][info][gc,cpu         ] GC(43) User=0.03s Sys=0.00s Real=0.05s
[10.574s][info][gc,start       ] GC(44) Pause Full (System.gc())
[10.574s][info][gc,phases,start] GC(44) Phase 1: Mark live objects
[10.586s][info][gc,phases      ] GC(44) Phase 1: Mark live objects 12.163ms
[10.586s][info][gc,phases,start] GC(44) Phase 2: Compute new object addresses
[10.609s][info][gc,phases      ] GC(44) Phase 2: Compute new object addresses 22.980ms
[10.609s][info][gc,phases,start] GC(44) Phase 3: Adjust pointers
[10.617s][info][gc,phases      ] GC(44) Phase 3: Adjust pointers 7.492ms
[10.617s][info][gc,phases,start] GC(44) Phase 4: Move objects
[10.617s][info][gc,phases      ] GC(44) Phase 4: Move objects 0.010ms
[10.617s][info][gc,heap        ] GC(44) DefNew: 134215K(2516544K)->0K(2516544K) Eden: 134215K(2236928K)->0K(2236928K) From: 0K(279616K)->0K(279616K)
[10.617s][info][gc,heap        ] GC(44) Tenured: 26558K(5592448K)->26558K(5592448K)
[10.617s][info][gc,metaspace   ] GC(44) Metaspace: 12341K(12608K)->12341K(12608K) NonClass: 10683K(10816K)->10683K(10816K) Class: 1658K(1792K)->1658K(1792K)
[10.617s][info][gc             ] GC(44) Pause Full (System.gc()) 157M->25M(7918M) 42.946ms
[10.617s][info][gc,cpu         ] GC(44) User=0.03s Sys=0.00s Real=0.05s
[10.788s][info][gc,start       ] GC(45) Pause Full (System.gc())
[10.788s][info][gc,phases,start] GC(45) Phase 1: Mark live objects
[10.800s][info][gc,phases      ] GC(45) Phase 1: Mark live objects 12.047ms
[10.800s][info][gc,phases,start] GC(45) Phase 2: Compute new object addresses
[10.823s][info][gc,phases      ] GC(45) Phase 2: Compute new object addresses 23.064ms
[10.823s][info][gc,phases,start] GC(45) Phase 3: Adjust pointers
[10.831s][info][gc,phases      ] GC(45) Phase 3: Adjust pointers 7.537ms
[10.831s][info][gc,phases,start] GC(45) Phase 4: Move objects
[10.831s][info][gc,phases      ] GC(45) Phase 4: Move objects 0.009ms
[10.831s][info][gc,heap        ] GC(45) DefNew: 134215K(2516544K)->0K(2516544K) Eden: 134215K(2236928K)->0K(2236928K) From: 0K(279616K)->0K(279616K)
[10.831s][info][gc,heap        ] GC(45) Tenured: 26558K(5592448K)->26558K(5592448K)
[10.831s][info][gc,metaspace   ] GC(45) Metaspace: 12342K(12608K)->12342K(12608K) NonClass: 10684K(10816K)->10684K(10816K) Class: 1658K(1792K)->1658K(1792K)
[10.831s][info][gc             ] GC(45) Pause Full (System.gc()) 157M->25M(7918M) 42.982ms
[10.831s][info][gc,cpu         ] GC(45) User=0.05s Sys=0.00s Real=0.05s
[11.002s][info][gc,start       ] GC(46) Pause Full (System.gc())
[11.002s][info][gc,phases,start] GC(46) Phase 1: Mark live objects
[11.014s][info][gc,phases      ] GC(46) Phase 1: Mark live objects 12.020ms
[11.014s][info][gc,phases,start] GC(46) Phase 2: Compute new object addresses
[11.037s][info][gc,phases      ] GC(46) Phase 2: Compute new object addresses 22.761ms
[11.037s][info][gc,phases,start] GC(46) Phase 3: Adjust pointers
[11.045s][info][gc,phases      ] GC(46) Phase 3: Adjust pointers 8.176ms
[11.045s][info][gc,phases,start] GC(46) Phase 4: Move objects
[11.045s][info][gc,phases      ] GC(46) Phase 4: Move objects 0.010ms
[11.045s][info][gc,heap        ] GC(46) DefNew: 134215K(2516544K)->0K(2516544K) Eden: 134215K(2236928K)->0K(2236928K) From: 0K(279616K)->0K(279616K)
[11.045s][info][gc,heap        ] GC(46) Tenured: 26558K(5592448K)->26558K(5592448K)
[11.045s][info][gc,metaspace   ] GC(46) Metaspace: 12342K(12608K)->12342K(12608K) NonClass: 10684K(10816K)->10684K(10816K) Class: 1658K(1792K)->1658K(1792K)
[11.045s][info][gc             ] GC(46) Pause Full (System.gc()) 157M->25M(7918M) 43.283ms
[11.045s][info][gc,cpu         ] GC(46) User=0.05s Sys=0.00s Real=0.05s
[11.217s][info][gc,start       ] GC(47) Pause Full (System.gc())
[11.217s][info][gc,phases,start] GC(47) Phase 1: Mark live objects
[11.228s][info][gc,phases      ] GC(47) Phase 1: Mark live objects 11.755ms
[11.228s][info][gc,phases,start] GC(47) Phase 2: Compute new object addresses
[11.251s][info][gc,phases      ] GC(47) Phase 2: Compute new object addresses 22.844ms
[11.251s][info][gc,phases,start] GC(47) Phase 3: Adjust pointers
[11.259s][info][gc,phases      ] GC(47) Phase 3: Adjust pointers 8.024ms
[11.259s][info][gc,phases,start] GC(47) Phase 4: Move objects
[11.259s][info][gc,phases      ] GC(47) Phase 4: Move objects 0.010ms
[11.259s][info][gc,heap        ] GC(47) DefNew: 134215K(2516544K)->0K(2516544K) Eden: 134215K(2236928K)->0K(2236928K) From: 0K(279616K)->0K(279616K)
[11.259s][info][gc,heap        ] GC(47) Tenured: 26558K(5592448K)->26558K(5592448K)
[11.259s][info][gc,metaspace   ] GC(47) Metaspace: 12342K(12608K)->12342K(12608K) NonClass: 10684K(10816K)->10684K(10816K) Class: 1658K(1792K)->1658K(1792K)
[11.259s][info][gc             ] GC(47) Pause Full (System.gc()) 157M->25M(7918M) 42.955ms
[11.260s][info][gc,cpu         ] GC(47) User=0.03s Sys=0.00s Real=0.03s
[11.431s][info][gc,start       ] GC(48) Pause Full (System.gc())
[11.431s][info][gc,phases,start] GC(48) Phase 1: Mark live objects
[11.443s][info][gc,phases      ] GC(48) Phase 1: Mark live objects 12.092ms
[11.443s][info][gc,phases,start] GC(48) Phase 2: Compute new object addresses
[11.466s][info][gc,phases      ] GC(48) Phase 2: Compute new object addresses 23.148ms
[11.466s][info][gc,phases,start] GC(48) Phase 3: Adjust pointers
[11.474s][info][gc,phases      ] GC(48) Phase 3: Adjust pointers 8.002ms
[11.474s][info][gc,phases,start] GC(48) Phase 4: Move objects
[11.474s][info][gc,phases      ] GC(48) Phase 4: Move objects 0.009ms
[11.474s][info][gc,heap        ] GC(48) DefNew: 134215K(2516544K)->0K(2516544K) Eden: 134215K(2236928K)->0K(2236928K) From: 0K(279616K)->0K(279616K)
[11.474s][info][gc,heap        ] GC(48) Tenured: 26558K(5592448K)->26558K(5592448K)
[11.474s][info][gc,metaspace   ] GC(48) Metaspace: 12342K(12608K)->12342K(12608K) NonClass: 10684K(10816K)->10684K(10816K) Class: 1658K(1792K)->1658K(1792K)
[11.474s][info][gc             ] GC(48) Pause Full (System.gc()) 157M->25M(7918M) 43.596ms
[11.474s][info][gc,cpu         ] GC(48) User=0.05s Sys=0.00s Real=0.05s
[11.646s][info][gc,start       ] GC(49) Pause Full (System.gc())
[11.646s][info][gc,phases,start] GC(49) Phase 1: Mark live objects
[11.659s][info][gc,phases      ] GC(49) Phase 1: Mark live objects 12.480ms
[11.659s][info][gc,phases,start] GC(49) Phase 2: Compute new object addresses
[11.682s][info][gc,phases      ] GC(49) Phase 2: Compute new object addresses 22.845ms
[11.682s][info][gc,phases,start] GC(49) Phase 3: Adjust pointers
[11.689s][info][gc,phases      ] GC(49) Phase 3: Adjust pointers 7.489ms
[11.689s][info][gc,phases,start] GC(49) Phase 4: Move objects
[11.689s][info][gc,phases      ] GC(49) Phase 4: Move objects 0.009ms
[11.689s][info][gc,heap        ] GC(49) DefNew: 134215K(2516544K)->0K(2516544K) Eden: 134215K(2236928K)->0K(2236928K) From: 0K(279616K)->0K(279616K)
[11.689s][info][gc,heap        ] GC(49) Tenured: 26558K(5592448K)->26558K(5592448K)
[11.689s][info][gc,metaspace   ] GC(49) Metaspace: 12342K(12608K)->12342K(12608K) NonClass: 10684K(10816K)->10684K(10816K) Class: 1658K(1792K)->1658K(1792K)
[11.689s][info][gc             ] GC(49) Pause Full (System.gc()) 157M->25M(7918M) 43.140ms
[11.689s][info][gc,cpu         ] GC(49) User=0.05s Sys=0.00s Real=0.03s
[11.862s][info][gc,start       ] GC(50) Pause Full (System.gc())
[11.862s][info][gc,phases,start] GC(50) Phase 1: Mark live objects
[11.875s][info][gc,phases      ] GC(50) Phase 1: Mark live objects 12.114ms
[11.875s][info][gc,phases,start] GC(50) Phase 2: Compute new object addresses
[11.897s][info][gc,phases      ] GC(50) Phase 2: Compute new object addresses 22.732ms
[11.897s][info][gc,phases,start] GC(50) Phase 3: Adjust pointers
[11.905s][info][gc,phases      ] GC(50) Phase 3: Adjust pointers 7.460ms
[11.905s][info][gc,phases,start] GC(50) Phase 4: Move objects
[11.905s][info][gc,phases      ] GC(50) Phase 4: Move objects 0.010ms
[11.905s][info][gc,heap        ] GC(50) DefNew: 134215K(2516544K)->0K(2516544K) Eden: 134215K(2236928K)->0K(2236928K) From: 0K(279616K)->0K(279616K)
[11.905s][info][gc,heap        ] GC(50) Tenured: 26558K(5592448K)->26558K(5592448K)
[11.905s][info][gc,metaspace   ] GC(50) Metaspace: 12357K(12608K)->12357K(12608K) NonClass: 10699K(10816K)->10699K(10816K) Class: 1658K(1792K)->1658K(1792K)
[11.905s][info][gc             ] GC(50) Pause Full (System.gc()) 157M->25M(7918M) 42.640ms
[11.905s][info][gc,cpu         ] GC(50) User=0.05s Sys=0.00s Real=0.04s
[12.077s][info][gc,start       ] GC(51) Pause Full (System.gc())
[12.077s][info][gc,phases,start] GC(51) Phase 1: Mark live objects
[12.089s][info][gc,phases      ] GC(51) Phase 1: Mark live objects 12.171ms
[12.089s][info][gc,phases,start] GC(51) Phase 2: Compute new object addresses
[12.112s][info][gc,phases      ] GC(51) Phase 2: Compute new object addresses 22.935ms
[12.112s][info][gc,phases,start] GC(51) Phase 3: Adjust pointers
[12.119s][info][gc,phases      ] GC(51) Phase 3: Adjust pointers 7.454ms
[12.119s][info][gc,phases,start] GC(51) Phase 4: Move objects
[12.119s][info][gc,phases      ] GC(51) Phase 4: Move objects 0.010ms
[12.119s][info][gc,heap        ] GC(51) DefNew: 134215K(2516544K)->0K(2516544K) Eden: 134215K(2236928K)->0K(2236928K) From: 0K(279616K)->0K(279616K)
[12.119s][info][gc,heap        ] GC(51) Tenured: 26558K(5592448K)->26558K(5592448K)
[12.119s][info][gc,metaspace   ] GC(51) Metaspace: 12358K(12608K)->12358K(12608K) NonClass: 10699K(10816K)->10699K(10816K) Class: 1658K(1792K)->1658K(1792K)
[12.119s][info][gc             ] GC(51) Pause Full (System.gc()) 157M->25M(7918M) 42.847ms
[12.119s][info][gc,cpu         ] GC(51) User=0.03s Sys=0.00s Real=0.04s
[12.293s][info][gc,start       ] GC(52) Pause Full (System.gc())
[12.293s][info][gc,phases,start] GC(52) Phase 1: Mark live objects
[12.305s][info][gc,phases      ] GC(52) Phase 1: Mark live objects 12.092ms
[12.305s][info][gc,phases,start] GC(52) Phase 2: Compute new object addresses
[12.328s][info][gc,phases      ] GC(52) Phase 2: Compute new object addresses 22.730ms
[12.328s][info][gc,phases,start] GC(52) Phase 3: Adjust pointers
[12.335s][info][gc,phases      ] GC(52) Phase 3: Adjust pointers 7.425ms
[12.335s][info][gc,phases,start] GC(52) Phase 4: Move objects
[12.335s][info][gc,phases      ] GC(52) Phase 4: Move objects 0.009ms
[12.335s][info][gc,heap        ] GC(52) DefNew: 134215K(2516544K)->0K(2516544K) Eden: 134215K(2236928K)->0K(2236928K) From: 0K(279616K)->0K(279616K)
[12.335s][info][gc,heap        ] GC(52) Tenured: 26558K(5592448K)->26558K(5592448K)
[12.335s][info][gc,metaspace   ] GC(52) Metaspace: 12358K(12608K)->12358K(12608K) NonClass: 10699K(10816K)->10699K(10816K) Class: 1658K(1792K)->1658K(1792K)
[12.335s][info][gc             ] GC(52) Pause Full (System.gc()) 157M->25M(7918M) 42.564ms
[12.335s][info][gc,cpu         ] GC(52) User=0.05s Sys=0.00s Real=0.05s
[12.509s][info][gc,start       ] GC(53) Pause Full (System.gc())
[12.509s][info][gc,phases,start] GC(53) Phase 1: Mark live objects
[12.521s][info][gc,phases      ] GC(53) Phase 1: Mark live objects 11.825ms
[12.521s][info][gc,phases,start] GC(53) Phase 2: Compute new object addresses
[12.544s][info][gc,phases      ] GC(53) Phase 2: Compute new object addresses 23.005ms
[12.544s][info][gc,phases,start] GC(53) Phase 3: Adjust pointers
[12.551s][info][gc,phases      ] GC(53) Phase 3: Adjust pointers 7.385ms
[12.551s][info][gc,phases,start] GC(53) Phase 4: Move objects
[12.551s][info][gc,phases      ] GC(53) Phase 4: Move objects 0.009ms
[12.551s][info][gc,heap        ] GC(53) DefNew: 134215K(2516544K)->0K(2516544K) Eden: 134215K(2236928K)->0K(2236928K) From: 0K(279616K)->0K(279616K)
[12.551s][info][gc,heap        ] GC(53) Tenured: 26558K(5592448K)->26559K(5592448K)
[12.551s][info][gc,metaspace   ] GC(53) Metaspace: 12358K(12608K)->12358K(12608K) NonClass: 10699K(10816K)->10699K(10816K) Class: 1658K(1792K)->1658K(1792K)
[12.551s][info][gc             ] GC(53) Pause Full (System.gc()) 157M->25M(7918M) 42.549ms
[12.551s][info][gc,cpu         ] GC(53) User=0.05s Sys=0.00s Real=0.03s
[12.721s][info][gc,start       ] GC(54) Pause Full (System.gc())
[12.722s][info][gc,phases,start] GC(54) Phase 1: Mark live objects
[12.734s][info][gc,phases      ] GC(54) Phase 1: Mark live objects 12.385ms
[12.734s][info][gc,phases,start] GC(54) Phase 2: Compute new object addresses
[12.757s][info][gc,phases      ] GC(54) Phase 2: Compute new object addresses 22.943ms
[12.757s][info][gc,phases,start] GC(54) Phase 3: Adjust pointers
[12.765s][info][gc,phases      ] GC(54) Phase 3: Adjust pointers 7.657ms
[12.765s][info][gc,phases,start] GC(54) Phase 4: Move objects
[12.765s][info][gc,phases      ] GC(54) Phase 4: Move objects 0.010ms
[12.765s][info][gc,heap        ] GC(54) DefNew: 134215K(2516544K)->0K(2516544K) Eden: 134215K(2236928K)->0K(2236928K) From: 0K(279616K)->0K(279616K)
[12.765s][info][gc,heap        ] GC(54) Tenured: 26559K(5592448K)->26559K(5592448K)
[12.765s][info][gc,metaspace   ] GC(54) Metaspace: 12358K(12608K)->12358K(12608K) NonClass: 10699K(10816K)->10699K(10816K) Class: 1658K(1792K)->1658K(1792K)
[12.765s][info][gc             ] GC(54) Pause Full (System.gc()) 157M->25M(7918M) 43.316ms
[12.765s][info][gc,cpu         ] GC(54) User=0.05s Sys=0.00s Real=0.05s
[12.936s][info][gc,start       ] GC(55) Pause Full (System.gc())
[12.936s][info][gc,phases,start] GC(55) Phase 1: Mark live objects
[12.948s][info][gc,phases      ] GC(55) Phase 1: Mark live objects 12.034ms
[12.948s][info][gc,phases,start] GC(55) Phase 2: Compute new object addresses
[12.971s][info][gc,phases      ] GC(55) Phase 2: Compute new object addresses 22.960ms
[12.971s][info][gc,phases,start] GC(55) Phase 3: Adjust pointers
[12.979s][info][gc,phases      ] GC(55) Phase 3: Adjust pointers 7.982ms
[12.979s][info][gc,phases,start] GC(55) Phase 4: Move objects
[12.979s][info][gc,phases      ] GC(55) Phase 4: Move objects 0.011ms
[12.979s][info][gc,heap        ] GC(55) DefNew: 134215K(2516544K)->0K(2516544K) Eden: 134215K(2236928K)->0K(2236928K) From: 0K(279616K)->0K(279616K)
[12.979s][info][gc,heap        ] GC(55) Tenured: 26559K(5592448K)->26558K(5592448K)
[12.979s][info][gc,metaspace   ] GC(55) Metaspace: 12358K(12608K)->12358K(12608K) NonClass: 10699K(10816K)->10699K(10816K) Class: 1658K(1792K)->1658K(1792K)
[12.979s][info][gc             ] GC(55) Pause Full (System.gc()) 157M->25M(7918M) 43.326ms
[12.979s][info][gc,cpu         ] GC(55) User=0.03s Sys=0.00s Real=0.05s
[13.150s][info][gc,start       ] GC(56) Pause Full (System.gc())
[13.150s][info][gc,phases,start] GC(56) Phase 1: Mark live objects
[13.162s][info][gc,phases      ] GC(56) Phase 1: Mark live objects 11.959ms
[13.162s][info][gc,phases,start] GC(56) Phase 2: Compute new object addresses
[13.185s][info][gc,phases      ] GC(56) Phase 2: Compute new object addresses 22.854ms
[13.185s][info][gc,phases,start] GC(56) Phase 3: Adjust pointers
[13.193s][info][gc,phases      ] GC(56) Phase 3: Adjust pointers 8.146ms
[13.193s][info][gc,phases,start] GC(56) Phase 4: Move objects
[13.193s][info][gc,phases      ] GC(56) Phase 4: Move objects 0.010ms
[13.193s][info][gc,heap        ] GC(56) DefNew: 134215K(2516544K)->0K(2516544K) Eden: 134215K(2236928K)->0K(2236928K) From: 0K(279616K)->0K(279616K)
[13.193s][info][gc,heap        ] GC(56) Tenured: 26558K(5592448K)->26558K(5592448K)
[13.193s][info][gc,metaspace   ] GC(56) Metaspace: 12358K(12608K)->12358K(12608K) NonClass: 10699K(10816K)->10699K(10816K) Class: 1658K(1792K)->1658K(1792K)
[13.193s][info][gc             ] GC(56) Pause Full (System.gc()) 157M->25M(7918M) 43.279ms
[13.193s][info][gc,cpu         ] GC(56) User=0.06s Sys=0.00s Real=0.03s
[13.366s][info][gc,start       ] GC(57) Pause Full (System.gc())
[13.366s][info][gc,phases,start] GC(57) Phase 1: Mark live objects
[13.378s][info][gc,phases      ] GC(57) Phase 1: Mark live objects 11.759ms
[13.378s][info][gc,phases,start] GC(57) Phase 2: Compute new object addresses
[13.401s][info][gc,phases      ] GC(57) Phase 2: Compute new object addresses 22.726ms
[13.401s][info][gc,phases,start] GC(57) Phase 3: Adjust pointers
[13.409s][info][gc,phases      ] GC(57) Phase 3: Adjust pointers 8.313ms
[13.409s][info][gc,phases,start] GC(57) Phase 4: Move objects
[13.409s][info][gc,phases      ] GC(57) Phase 4: Move objects 0.009ms
[13.409s][info][gc,heap        ] GC(57) DefNew: 134215K(2516544K)->0K(2516544K) Eden: 134215K(2236928K)->0K(2236928K) From: 0K(279616K)->0K(279616K)
[13.409s][info][gc,heap        ] GC(57) Tenured: 26558K(5592448K)->26559K(5592448K)
[13.409s][info][gc,metaspace   ] GC(57) Metaspace: 12358K(12608K)->12358K(12608K) NonClass: 10700K(10816K)->10700K(10816K) Class: 1658K(1792K)->1658K(1792K)
[13.409s][info][gc             ] GC(57) Pause Full (System.gc()) 157M->25M(7918M) 43.104ms
[13.409s][info][gc,cpu         ] GC(57) User=0.05s Sys=0.00s Real=0.05s
[13.581s][info][gc,start       ] GC(58) Pause Full (System.gc())
[13.581s][info][gc,phases,start] GC(58) Phase 1: Mark live objects
[13.594s][info][gc,phases      ] GC(58) Phase 1: Mark live objects 12.377ms
[13.594s][info][gc,phases,start] GC(58) Phase 2: Compute new object addresses
[13.616s][info][gc,phases      ] GC(58) Phase 2: Compute new object addresses 22.780ms
[13.616s][info][gc,phases,start] GC(58) Phase 3: Adjust pointers
[13.624s][info][gc,phases      ] GC(58) Phase 3: Adjust pointers 7.938ms
[13.624s][info][gc,phases,start] GC(58) Phase 4: Move objects
[13.624s][info][gc,phases      ] GC(58) Phase 4: Move objects 0.010ms
[13.624s][info][gc,heap        ] GC(58) DefNew: 134215K(2516544K)->0K(2516544K) Eden: 134215K(2236928K)->0K(2236928K) From: 0K(279616K)->0K(279616K)
[13.624s][info][gc,heap        ] GC(58) Tenured: 26559K(5592448K)->26559K(5592448K)
[13.624s][info][gc,metaspace   ] GC(58) Metaspace: 12359K(12608K)->12359K(12608K) NonClass: 10701K(10816K)->10701K(10816K) Class: 1658K(1792K)->1658K(1792K)
[13.624s][info][gc             ] GC(58) Pause Full (System.gc()) 157M->25M(7918M) 43.405ms
[13.624s][info][gc,cpu         ] GC(58) User=0.05s Sys=0.00s Real=0.03s
[13.796s][info][gc,start       ] GC(59) Pause Full (System.gc())
[13.796s][info][gc,phases,start] GC(59) Phase 1: Mark live objects
[13.808s][info][gc,phases      ] GC(59) Phase 1: Mark live objects 11.973ms
[13.808s][info][gc,phases,start] GC(59) Phase 2: Compute new object addresses
[13.831s][info][gc,phases      ] GC(59) Phase 2: Compute new object addresses 22.805ms
[13.831s][info][gc,phases,start] GC(59) Phase 3: Adjust pointers
[13.839s][info][gc,phases      ] GC(59) Phase 3: Adjust pointers 7.995ms
[13.839s][info][gc,phases,start] GC(59) Phase 4: Move objects
[13.839s][info][gc,phases      ] GC(59) Phase 4: Move objects 0.009ms
[13.839s][info][gc,heap        ] GC(59) DefNew: 134215K(2516544K)->0K(2516544K) Eden: 134215K(2236928K)->0K(2236928K) From: 0K(279616K)->0K(279616K)
[13.839s][info][gc,heap        ] GC(59) Tenured: 26559K(5592448K)->26558K(5592448K)
[13.839s][info][gc,metaspace   ] GC(59) Metaspace: 12359K(12608K)->12359K(12608K) NonClass: 10701K(10816K)->10701K(10816K) Class: 1658K(1792K)->1658K(1792K)
[13.839s][info][gc             ] GC(59) Pause Full (System.gc()) 157M->25M(7918M) 43.062ms
[13.839s][info][gc,cpu         ] GC(59) User=0.03s Sys=0.00s Real=0.05s
[14.011s][info][gc,start       ] GC(60) Pause Full (System.gc())
[14.011s][info][gc,phases,start] GC(60) Phase 1: Mark live objects
[14.023s][info][gc,phases      ] GC(60) Phase 1: Mark live objects 12.335ms
[14.023s][info][gc,phases,start] GC(60) Phase 2: Compute new object addresses
[14.046s][info][gc,phases      ] GC(60) Phase 2: Compute new object addresses 22.847ms
[14.046s][info][gc,phases,start] GC(60) Phase 3: Adjust pointers
[14.054s][info][gc,phases      ] GC(60) Phase 3: Adjust pointers 7.478ms
[14.054s][info][gc,phases,start] GC(60) Phase 4: Move objects
[14.054s][info][gc,phases      ] GC(60) Phase 4: Move objects 0.010ms
[14.054s][info][gc,heap        ] GC(60) DefNew: 134215K(2516544K)->0K(2516544K) Eden: 134215K(2236928K)->0K(2236928K) From: 0K(279616K)->0K(279616K)
[14.054s][info][gc,heap        ] GC(60) Tenured: 26558K(5592448K)->26558K(5592448K)
[14.054s][info][gc,metaspace   ] GC(60) Metaspace: 12359K(12608K)->12359K(12608K) NonClass: 10701K(10816K)->10701K(10816K) Class: 1658K(1792K)->1658K(1792K)
[14.054s][info][gc             ] GC(60) Pause Full (System.gc()) 157M->25M(7918M) 43.001ms
[14.054s][info][gc,cpu         ] GC(60) User=0.05s Sys=0.00s Real=0.05s
[14.224s][info][gc,start       ] GC(61) Pause Full (System.gc())
[14.224s][info][gc,phases,start] GC(61) Phase 1: Mark live objects
[14.236s][info][gc,phases      ] GC(61) Phase 1: Mark live objects 12.035ms
[14.236s][info][gc,phases,start] GC(61) Phase 2: Compute new object addresses
[14.259s][info][gc,phases      ] GC(61) Phase 2: Compute new object addresses 22.939ms
[14.259s][info][gc,phases,start] GC(61) Phase 3: Adjust pointers
[14.267s][info][gc,phases      ] GC(61) Phase 3: Adjust pointers 7.488ms
[14.267s][info][gc,phases,start] GC(61) Phase 4: Move objects
[14.267s][info][gc,phases      ] GC(61) Phase 4: Move objects 0.010ms
[14.267s][info][gc,heap        ] GC(61) DefNew: 134215K(2516544K)->0K(2516544K) Eden: 134215K(2236928K)->0K(2236928K) From: 0K(279616K)->0K(279616K)
[14.267s][info][gc,heap        ] GC(61) Tenured: 26558K(5592448K)->26558K(5592448K)
[14.267s][info][gc,metaspace   ] GC(61) Metaspace: 12363K(12608K)->12363K(12608K) NonClass: 10704K(10816K)->10704K(10816K) Class: 1658K(1792K)->1658K(1792K)
[14.267s][info][gc             ] GC(61) Pause Full (System.gc()) 157M->25M(7918M) 42.867ms
[14.267s][info][gc,cpu         ] GC(61) User=0.05s Sys=0.00s Real=0.03s
[14.441s][info][gc,start       ] GC(62) Pause Full (System.gc())
[14.441s][info][gc,phases,start] GC(62) Phase 1: Mark live objects
[14.453s][info][gc,phases      ] GC(62) Phase 1: Mark live objects 12.511ms
[14.454s][info][gc,phases,start] GC(62) Phase 2: Compute new object addresses
[14.476s][info][gc,phases      ] GC(62) Phase 2: Compute new object addresses 22.878ms
[14.476s][info][gc,phases,start] GC(62) Phase 3: Adjust pointers
[14.484s][info][gc,phases      ] GC(62) Phase 3: Adjust pointers 7.911ms
[14.484s][info][gc,phases,start] GC(62) Phase 4: Move objects
[14.484s][info][gc,phases      ] GC(62) Phase 4: Move objects 0.009ms
[14.484s][info][gc,heap        ] GC(62) DefNew: 134215K(2516544K)->0K(2516544K) Eden: 134215K(2236928K)->0K(2236928K) From: 0K(279616K)->0K(279616K)
[14.484s][info][gc,heap        ] GC(62) Tenured: 26558K(5592448K)->26558K(5592448K)
[14.484s][info][gc,metaspace   ] GC(62) Metaspace: 12379K(12672K)->12379K(12672K) NonClass: 10721K(10880K)->10721K(10880K) Class: 1658K(1792K)->1658K(1792K)
[14.484s][info][gc             ] GC(62) Pause Full (System.gc()) 157M->25M(7918M) 43.603ms
[14.484s][info][gc,cpu         ] GC(62) User=0.05s Sys=0.00s Real=0.04s
[14.656s][info][gc,start       ] GC(63) Pause Full (System.gc())
[14.656s][info][gc,phases,start] GC(63) Phase 1: Mark live objects
[14.668s][info][gc,phases      ] GC(63) Phase 1: Mark live objects 11.936ms
[14.668s][info][gc,phases,start] GC(63) Phase 2: Compute new object addresses
[14.691s][info][gc,phases      ] GC(63) Phase 2: Compute new object addresses 22.997ms
[14.691s][info][gc,phases,start] GC(63) Phase 3: Adjust pointers
[14.699s][info][gc,phases      ] GC(63) Phase 3: Adjust pointers 7.956ms
[14.699s][info][gc,phases,start] GC(63) Phase 4: Move objects
[14.699s][info][gc,phases      ] GC(63) Phase 4: Move objects 0.009ms
[14.699s][info][gc,heap        ] GC(63) DefNew: 134215K(2516544K)->0K(2516544K) Eden: 134215K(2236928K)->0K(2236928K) From: 0K(279616K)->0K(279616K)
[14.699s][info][gc,heap        ] GC(63) Tenured: 26558K(5592448K)->26558K(5592448K)
[14.699s][info][gc,metaspace   ] GC(63) Metaspace: 12382K(12672K)->12382K(12672K) NonClass: 10724K(10880K)->10724K(10880K) Class: 1658K(1792K)->1658K(1792K)
[14.699s][info][gc             ] GC(63) Pause Full (System.gc()) 157M->25M(7918M) 43.193ms
[14.699s][info][gc,cpu         ] GC(63) User=0.03s Sys=0.00s Real=0.05s
[14.869s][info][gc,start       ] GC(64) Pause Full (System.gc())
[14.869s][info][gc,phases,start] GC(64) Phase 1: Mark live objects
[14.881s][info][gc,phases      ] GC(64) Phase 1: Mark live objects 11.973ms
[14.881s][info][gc,phases,start] GC(64) Phase 2: Compute new object addresses
[14.904s][info][gc,phases      ] GC(64) Phase 2: Compute new object addresses 23.165ms
[14.904s][info][gc,phases,start] GC(64) Phase 3: Adjust pointers
[14.912s][info][gc,phases      ] GC(64) Phase 3: Adjust pointers 7.490ms
[14.912s][info][gc,phases,start] GC(64) Phase 4: Move objects
[14.912s][info][gc,phases      ] GC(64) Phase 4: Move objects 0.010ms
[14.912s][info][gc,heap        ] GC(64) DefNew: 178954K(2516544K)->0K(2516544K) Eden: 178954K(2236928K)->0K(2236928K) From: 0K(279616K)->0K(279616K)
[14.912s][info][gc,heap        ] GC(64) Tenured: 26558K(5592448K)->26559K(5592448K)
[14.912s][info][gc,metaspace   ] GC(64) Metaspace: 12388K(12672K)->12388K(12672K) NonClass: 10729K(10880K)->10729K(10880K) Class: 1658K(1792K)->1658K(1792K)
[14.912s][info][gc             ] GC(64) Pause Full (System.gc()) 200M->25M(7918M) 42.927ms
[14.912s][info][gc,cpu         ] GC(64) User=0.05s Sys=0.00s Real=0.05s
[15.083s][info][gc,start       ] GC(65) Pause Full (System.gc())
[15.083s][info][gc,phases,start] GC(65) Phase 1: Mark live objects
[15.095s][info][gc,phases      ] GC(65) Phase 1: Mark live objects 11.926ms
[15.095s][info][gc,phases,start] GC(65) Phase 2: Compute new object addresses
[15.118s][info][gc,phases      ] GC(65) Phase 2: Compute new object addresses 22.930ms
[15.118s][info][gc,phases,start] GC(65) Phase 3: Adjust pointers
[15.126s][info][gc,phases      ] GC(65) Phase 3: Adjust pointers 7.485ms
[15.126s][info][gc,phases,start] GC(65) Phase 4: Move objects
[15.126s][info][gc,phases      ] GC(65) Phase 4: Move objects 0.009ms
[15.126s][info][gc,heap        ] GC(65) DefNew: 134215K(2516544K)->0K(2516544K) Eden: 134215K(2236928K)->0K(2236928K) From: 0K(279616K)->0K(279616K)
[15.126s][info][gc,heap        ] GC(65) Tenured: 26559K(5592448K)->26559K(5592448K)
[15.126s][info][gc,metaspace   ] GC(65) Metaspace: 12400K(12672K)->12400K(12672K) NonClass: 10742K(10880K)->10742K(10880K) Class: 1658K(1792K)->1658K(1792K)
[15.126s][info][gc             ] GC(65) Pause Full (System.gc()) 157M->25M(7918M) 42.631ms
[15.126s][info][gc,cpu         ] GC(65) User=0.05s Sys=0.00s Real=0.03s
[15.297s][info][gc,start       ] GC(66) Pause Full (System.gc())
[15.297s][info][gc,phases,start] GC(66) Phase 1: Mark live objects
[15.310s][info][gc,phases      ] GC(66) Phase 1: Mark live objects 12.332ms
[15.310s][info][gc,phases,start] GC(66) Phase 2: Compute new object addresses
[15.333s][info][gc,phases      ] GC(66) Phase 2: Compute new object addresses 22.814ms
[15.333s][info][gc,phases,start] GC(66) Phase 3: Adjust pointers
[15.341s][info][gc,phases      ] GC(66) Phase 3: Adjust pointers 8.066ms
[15.341s][info][gc,phases,start] GC(66) Phase 4: Move objects
[15.341s][info][gc,phases      ] GC(66) Phase 4: Move objects 0.010ms
[15.341s][info][gc,heap        ] GC(66) DefNew: 134215K(2516544K)->0K(2516544K) Eden: 134215K(2236928K)->0K(2236928K) From: 0K(279616K)->0K(279616K)
[15.341s][info][gc,heap        ] GC(66) Tenured: 26559K(5592448K)->26559K(5592448K)
[15.341s][info][gc,metaspace   ] GC(66) Metaspace: 12400K(12672K)->12400K(12672K) NonClass: 10742K(10880K)->10742K(10880K) Class: 1658K(1792K)->1658K(1792K)
[15.341s][info][gc             ] GC(66) Pause Full (System.gc()) 157M->25M(7918M) 43.507ms
[15.341s][info][gc,cpu         ] GC(66) User=0.03s Sys=0.00s Real=0.05s
[15.515s][info][gc,start       ] GC(67) Pause Full (System.gc())
[15.515s][info][gc,phases,start] GC(67) Phase 1: Mark live objects
[15.527s][info][gc,phases      ] GC(67) Phase 1: Mark live objects 12.251ms
[15.527s][info][gc,phases,start] GC(67) Phase 2: Compute new object addresses
[15.550s][info][gc,phases      ] GC(67) Phase 2: Compute new object addresses 22.880ms
[15.550s][info][gc,phases,start] GC(67) Phase 3: Adjust pointers
[15.558s][info][gc,phases      ] GC(67) Phase 3: Adjust pointers 7.680ms
[15.558s][info][gc,phases,start] GC(67) Phase 4: Move objects
[15.558s][info][gc,phases      ] GC(67) Phase 4: Move objects 0.010ms
[15.558s][info][gc,heap        ] GC(67) DefNew: 134215K(2516544K)->0K(2516544K) Eden: 134215K(2236928K)->0K(2236928K) From: 0K(279616K)->0K(279616K)
[15.558s][info][gc,heap        ] GC(67) Tenured: 26559K(5592448K)->26558K(5592448K)
[15.558s][info][gc,metaspace   ] GC(67) Metaspace: 12400K(12672K)->12400K(12672K) NonClass: 10742K(10880K)->10742K(10880K) Class: 1658K(1792K)->1658K(1792K)
[15.558s][info][gc             ] GC(67) Pause Full (System.gc()) 157M->25M(7918M) 43.156ms
[15.558s][info][gc,cpu         ] GC(67) User=0.02s Sys=0.00s Real=0.03s
[15.728s][info][gc,start       ] GC(68) Pause Full (System.gc())
[15.729s][info][gc,phases,start] GC(68) Phase 1: Mark live objects
[15.741s][info][gc,phases      ] GC(68) Phase 1: Mark live objects 12.090ms
[15.741s][info][gc,phases,start] GC(68) Phase 2: Compute new object addresses
[15.764s][info][gc,phases      ] GC(68) Phase 2: Compute new object addresses 22.814ms
[15.764s][info][gc,phases,start] GC(68) Phase 3: Adjust pointers
[15.771s][info][gc,phases      ] GC(68) Phase 3: Adjust pointers 7.537ms
[15.771s][info][gc,phases,start] GC(68) Phase 4: Move objects
[15.771s][info][gc,phases      ] GC(68) Phase 4: Move objects 0.009ms
[15.771s][info][gc,heap        ] GC(68) DefNew: 134215K(2516544K)->0K(2516544K) Eden: 134215K(2236928K)->0K(2236928K) From: 0K(279616K)->0K(279616K)
[15.771s][info][gc,heap        ] GC(68) Tenured: 26558K(5592448K)->26558K(5592448K)
[15.771s][info][gc,metaspace   ] GC(68) Metaspace: 12401K(12672K)->12401K(12672K) NonClass: 10742K(10880K)->10742K(10880K) Class: 1658K(1792K)->1658K(1792K)
[15.771s][info][gc             ] GC(68) Pause Full (System.gc()) 157M->25M(7918M) 42.782ms
[15.771s][info][gc,cpu         ] GC(68) User=0.05s Sys=0.00s Real=0.05s
[15.942s][info][gc,start       ] GC(69) Pause Full (System.gc())
[15.942s][info][gc,phases,start] GC(69) Phase 1: Mark live objects
[15.954s][info][gc,phases      ] GC(69) Phase 1: Mark live objects 12.113ms
[15.954s][info][gc,phases,start] GC(69) Phase 2: Compute new object addresses
[15.977s][info][gc,phases      ] GC(69) Phase 2: Compute new object addresses 22.913ms
[15.977s][info][gc,phases,start] GC(69) Phase 3: Adjust pointers
[15.985s][info][gc,phases      ] GC(69) Phase 3: Adjust pointers 7.628ms
[15.985s][info][gc,phases,start] GC(69) Phase 4: Move objects
[15.985s][info][gc,phases      ] GC(69) Phase 4: Move objects 0.010ms
[15.985s][info][gc,heap        ] GC(69) DefNew: 134215K(2516544K)->0K(2516544K) Eden: 134215K(2236928K)->0K(2236928K) From: 0K(279616K)->0K(279616K)
[15.985s][info][gc,heap        ] GC(69) Tenured: 26558K(5592448K)->26559K(5592448K)
[15.985s][info][gc,metaspace   ] GC(69) Metaspace: 12401K(12672K)->12401K(12672K) NonClass: 10742K(10880K)->10742K(10880K) Class: 1658K(1792K)->1658K(1792K)
[15.985s][info][gc             ] GC(69) Pause Full (System.gc()) 157M->25M(7918M) 43.006ms
[15.985s][info][gc,cpu         ] GC(69) User=0.05s Sys=0.00s Real=0.05s
[16.155s][info][gc,start       ] GC(70) Pause Full (System.gc())
[16.155s][info][gc,phases,start] GC(70) Phase 1: Mark live objects
[16.167s][info][gc,phases      ] GC(70) Phase 1: Mark live objects 11.851ms
[16.167s][info][gc,phases,start] GC(70) Phase 2: Compute new object addresses
[16.190s][info][gc,phases      ] GC(70) Phase 2: Compute new object addresses 23.016ms
[16.190s][info][gc,phases,start] GC(70) Phase 3: Adjust pointers
[16.197s][info][gc,phases      ] GC(70) Phase 3: Adjust pointers 7.451ms
[16.197s][info][gc,phases,start] GC(70) Phase 4: Move objects
[16.197s][info][gc,phases      ] GC(70) Phase 4: Move objects 0.010ms
[16.198s][info][gc,heap        ] GC(70) DefNew: 134215K(2516544K)->0K(2516544K) Eden: 134215K(2236928K)->0K(2236928K) From: 0K(279616K)->0K(279616K)
[16.198s][info][gc,heap        ] GC(70) Tenured: 26559K(5592448K)->26559K(5592448K)
[16.198s][info][gc,metaspace   ] GC(70) Metaspace: 12401K(12672K)->12401K(12672K) NonClass: 10742K(10880K)->10742K(10880K) Class: 1658K(1792K)->1658K(1792K)
[16.198s][info][gc             ] GC(70) Pause Full (System.gc()) 157M->25M(7918M) 42.643ms
[16.198s][info][gc,cpu         ] GC(70) User=0.03s Sys=0.00s Real=0.03s
[16.370s][info][gc,start       ] GC(71) Pause Full (System.gc())
[16.370s][info][gc,phases,start] GC(71) Phase 1: Mark live objects
[16.382s][info][gc,phases      ] GC(71) Phase 1: Mark live objects 12.233ms
[16.382s][info][gc,phases,start] GC(71) Phase 2: Compute new object addresses
[16.405s][info][gc,phases      ] GC(71) Phase 2: Compute new object addresses 22.886ms
[16.405s][info][gc,phases,start] GC(71) Phase 3: Adjust pointers
[16.413s][info][gc,phases      ] GC(71) Phase 3: Adjust pointers 7.548ms
[16.413s][info][gc,phases,start] GC(71) Phase 4: Move objects
[16.413s][info][gc,phases      ] GC(71) Phase 4: Move objects 0.009ms
[16.413s][info][gc,heap        ] GC(71) DefNew: 134215K(2516544K)->0K(2516544K) Eden: 134215K(2236928K)->0K(2236928K) From: 0K(279616K)->0K(279616K)
[16.413s][info][gc,heap        ] GC(71) Tenured: 26559K(5592448K)->26559K(5592448K)
[16.413s][info][gc,metaspace   ] GC(71) Metaspace: 12401K(12672K)->12401K(12672K) NonClass: 10742K(10880K)->10742K(10880K) Class: 1658K(1792K)->1658K(1792K)
[16.413s][info][gc             ] GC(71) Pause Full (System.gc()) 157M->25M(7918M) 42.963ms
[16.413s][info][gc,cpu         ] GC(71) User=0.05s Sys=0.00s Real=0.05s
[16.584s][info][gc,start       ] GC(72) Pause Full (System.gc())
[16.584s][info][gc,phases,start] GC(72) Phase 1: Mark live objects
[16.596s][info][gc,phases      ] GC(72) Phase 1: Mark live objects 12.218ms
[16.596s][info][gc,phases,start] GC(72) Phase 2: Compute new object addresses
[16.619s][info][gc,phases      ] GC(72) Phase 2: Compute new object addresses 23.256ms
[16.619s][info][gc,phases,start] GC(72) Phase 3: Adjust pointers
[16.627s][info][gc,phases      ] GC(72) Phase 3: Adjust pointers 7.914ms
[16.627s][info][gc,phases,start] GC(72) Phase 4: Move objects
[16.627s][info][gc,phases      ] GC(72) Phase 4: Move objects 0.009ms
[16.627s][info][gc,heap        ] GC(72) DefNew: 134215K(2516544K)->0K(2516544K) Eden: 134215K(2236928K)->0K(2236928K) From: 0K(279616K)->0K(279616K)
[16.627s][info][gc,heap        ] GC(72) Tenured: 26559K(5592448K)->26559K(5592448K)
[16.628s][info][gc,metaspace   ] GC(72) Metaspace: 12401K(12672K)->12401K(12672K) NonClass: 10742K(10880K)->10742K(10880K) Class: 1658K(1792K)->1658K(1792K)
[16.628s][info][gc             ] GC(72) Pause Full (System.gc()) 157M->25M(7918M) 43.699ms
[16.628s][info][gc,cpu         ] GC(72) User=0.05s Sys=0.00s Real=0.05s
[16.798s][info][gc,start       ] GC(73) Pause Full (System.gc())
[16.798s][info][gc,phases,start] GC(73) Phase 1: Mark live objects
[16.811s][info][gc,phases      ] GC(73) Phase 1: Mark live objects 12.319ms
[16.811s][info][gc,phases,start] GC(73) Phase 2: Compute new object addresses
[16.833s][info][gc,phases      ] GC(73) Phase 2: Compute new object addresses 22.788ms
[16.833s][info][gc,phases,start] GC(73) Phase 3: Adjust pointers
[16.841s][info][gc,phases      ] GC(73) Phase 3: Adjust pointers 7.963ms
[16.841s][info][gc,phases,start] GC(73) Phase 4: Move objects
[16.841s][info][gc,phases      ] GC(73) Phase 4: Move objects 0.009ms
[16.841s][info][gc,heap        ] GC(73) DefNew: 134215K(2516544K)->0K(2516544K) Eden: 134215K(2236928K)->0K(2236928K) From: 0K(279616K)->0K(279616K)
[16.842s][info][gc,heap        ] GC(73) Tenured: 26559K(5592448K)->26559K(5592448K)
[16.842s][info][gc,metaspace   ] GC(73) Metaspace: 12401K(12672K)->12401K(12672K) NonClass: 10742K(10880K)->10742K(10880K) Class: 1658K(1792K)->1658K(1792K)
[16.842s][info][gc             ] GC(73) Pause Full (System.gc()) 157M->25M(7918M) 43.394ms
[16.842s][info][gc,cpu         ] GC(73) User=0.05s Sys=0.00s Real=0.03s
[17.014s][info][gc,start       ] GC(74) Pause Full (System.gc())
[17.014s][info][gc,phases,start] GC(74) Phase 1: Mark live objects
[17.025s][info][gc,phases      ] GC(74) Phase 1: Mark live objects 11.822ms
[17.026s][info][gc,phases,start] GC(74) Phase 2: Compute new object addresses
[17.048s][info][gc,phases      ] GC(74) Phase 2: Compute new object addresses 22.708ms
[17.048s][info][gc,phases,start] GC(74) Phase 3: Adjust pointers
[17.056s][info][gc,phases      ] GC(74) Phase 3: Adjust pointers 7.826ms
[17.056s][info][gc,phases,start] GC(74) Phase 4: Move objects
[17.056s][info][gc,phases      ] GC(74) Phase 4: Move objects 0.009ms
[17.056s][info][gc,heap        ] GC(74) DefNew: 134215K(2516544K)->0K(2516544K) Eden: 134215K(2236928K)->0K(2236928K) From: 0K(279616K)->0K(279616K)
[17.056s][info][gc,heap        ] GC(74) Tenured: 26559K(5592448K)->26559K(5592448K)
[17.056s][info][gc,metaspace   ] GC(74) Metaspace: 12401K(12672K)->12401K(12672K) NonClass: 10743K(10880K)->10743K(10880K) Class: 1658K(1792K)->1658K(1792K)
[17.056s][info][gc             ] GC(74) Pause Full (System.gc()) 157M->25M(7918M) 42.684ms
[17.056s][info][gc,cpu         ] GC(74) User=0.03s Sys=0.00s Real=0.04s
[17.227s][info][gc,start       ] GC(75) Pause Full (System.gc())
[17.227s][info][gc,phases,start] GC(75) Phase 1: Mark live objects
[17.239s][info][gc,phases      ] GC(75) Phase 1: Mark live objects 12.032ms
[17.239s][info][gc,phases,start] GC(75) Phase 2: Compute new object addresses
[17.262s][info][gc,phases      ] GC(75) Phase 2: Compute new object addresses 22.895ms
[17.262s][info][gc,phases,start] GC(75) Phase 3: Adjust pointers
[17.270s][info][gc,phases      ] GC(75) Phase 3: Adjust pointers 7.586ms
[17.270s][info][gc,phases,start] GC(75) Phase 4: Move objects
[17.270s][info][gc,phases      ] GC(75) Phase 4: Move objects 0.010ms
[17.270s][info][gc,heap        ] GC(75) DefNew: 134215K(2516544K)->0K(2516544K) Eden: 134215K(2236928K)->0K(2236928K) From: 0K(279616K)->0K(279616K)
[17.270s][info][gc,heap        ] GC(75) Tenured: 26559K(5592448K)->26559K(5592448K)
[17.270s][info][gc,metaspace   ] GC(75) Metaspace: 12401K(12672K)->12401K(12672K) NonClass: 10743K(10880K)->10743K(10880K) Class: 1658K(1792K)->1658K(1792K)
[17.270s][info][gc             ] GC(75) Pause Full (System.gc()) 157M->25M(7918M) 42.843ms
[17.270s][info][gc,cpu         ] GC(75) User=0.05s Sys=0.00s Real=0.04s
[17.442s][info][gc,start       ] GC(76) Pause Full (System.gc())
[17.442s][info][gc,phases,start] GC(76) Phase 1: Mark live objects
[17.454s][info][gc,phases      ] GC(76) Phase 1: Mark live objects 11.827ms
[17.454s][info][gc,phases,start] GC(76) Phase 2: Compute new object addresses
[17.478s][info][gc,phases      ] GC(76) Phase 2: Compute new object addresses 23.836ms
[17.478s][info][gc,phases,start] GC(76) Phase 3: Adjust pointers
[17.486s][info][gc,phases      ] GC(76) Phase 3: Adjust pointers 7.900ms
[17.486s][info][gc,phases,start] GC(76) Phase 4: Move objects
[17.486s][info][gc,phases      ] GC(76) Phase 4: Move objects 0.010ms
[17.486s][info][gc,heap        ] GC(76) DefNew: 134215K(2516544K)->0K(2516544K) Eden: 134215K(2236928K)->0K(2236928K) From: 0K(279616K)->0K(279616K)
[17.486s][info][gc,heap        ] GC(76) Tenured: 26559K(5592448K)->26559K(5592448K)
[17.486s][info][gc,metaspace   ] GC(76) Metaspace: 12401K(12672K)->12401K(12672K) NonClass: 10743K(10880K)->10743K(10880K) Class: 1658K(1792K)->1658K(1792K)
[17.486s][info][gc             ] GC(76) Pause Full (System.gc()) 157M->25M(7918M) 43.873ms
[17.486s][info][gc,cpu         ] GC(76) User=0.05s Sys=0.00s Real=0.05s
[17.657s][info][gc,start       ] GC(77) Pause Full (System.gc())
[17.657s][info][gc,phases,start] GC(77) Phase 1: Mark live objects
[17.669s][info][gc,phases      ] GC(77) Phase 1: Mark live objects 11.938ms
[17.669s][info][gc,phases,start] GC(77) Phase 2: Compute new object addresses
[17.692s][info][gc,phases      ] GC(77) Phase 2: Compute new object addresses 22.854ms
[17.692s][info][gc,phases,start] GC(77) Phase 3: Adjust pointers
[17.700s][info][gc,phases      ] GC(77) Phase 3: Adjust pointers 7.834ms
[17.700s][info][gc,phases,start] GC(77) Phase 4: Move objects
[17.700s][info][gc,phases      ] GC(77) Phase 4: Move objects 0.011ms
[17.700s][info][gc,heap        ] GC(77) DefNew: 134215K(2516544K)->0K(2516544K) Eden: 134215K(2236928K)->0K(2236928K) From: 0K(279616K)->0K(279616K)
[17.700s][info][gc,heap        ] GC(77) Tenured: 26559K(5592448K)->26560K(5592448K)
[17.700s][info][gc,metaspace   ] GC(77) Metaspace: 12401K(12672K)->12401K(12672K) NonClass: 10743K(10880K)->10743K(10880K) Class: 1658K(1792K)->1658K(1792K)
[17.700s][info][gc             ] GC(77) Pause Full (System.gc()) 157M->25M(7918M) 42.981ms
[17.700s][info][gc,cpu         ] GC(77) User=0.03s Sys=0.00s Real=0.03s
[17.870s][info][gc,start       ] GC(78) Pause Full (System.gc())
[17.870s][info][gc,phases,start] GC(78) Phase 1: Mark live objects
[17.883s][info][gc,phases      ] GC(78) Phase 1: Mark live objects 12.779ms
[17.883s][info][gc,phases,start] GC(78) Phase 2: Compute new object addresses
[17.906s][info][gc,phases      ] GC(78) Phase 2: Compute new object addresses 22.708ms
[17.906s][info][gc,phases,start] GC(78) Phase 3: Adjust pointers
[17.914s][info][gc,phases      ] GC(78) Phase 3: Adjust pointers 7.921ms
[17.914s][info][gc,phases,start] GC(78) Phase 4: Move objects
[17.914s][info][gc,phases      ] GC(78) Phase 4: Move objects 0.010ms
[17.914s][info][gc,heap        ] GC(78) DefNew: 134215K(2516544K)->0K(2516544K) Eden: 134215K(2236928K)->0K(2236928K) From: 0K(279616K)->0K(279616K)
[17.914s][info][gc,heap        ] GC(78) Tenured: 26560K(5592448K)->26560K(5592448K)
[17.914s][info][gc,metaspace   ] GC(78) Metaspace: 12404K(12672K)->12404K(12672K) NonClass: 10745K(10880K)->10745K(10880K) Class: 1658K(1792K)->1658K(1792K)
[17.914s][info][gc             ] GC(78) Pause Full (System.gc()) 157M->25M(7918M) 43.800ms
[17.914s][info][gc,cpu         ] GC(78) User=0.05s Sys=0.00s Real=0.05s
[18.084s][info][gc,start       ] GC(79) Pause Full (System.gc())
[18.084s][info][gc,phases,start] GC(79) Phase 1: Mark live objects
[18.096s][info][gc,phases      ] GC(79) Phase 1: Mark live objects 12.027ms
[18.096s][info][gc,phases,start] GC(79) Phase 2: Compute new object addresses
[18.120s][info][gc,phases      ] GC(79) Phase 2: Compute new object addresses 23.135ms
[18.120s][info][gc,phases,start] GC(79) Phase 3: Adjust pointers
[18.127s][info][gc,phases      ] GC(79) Phase 3: Adjust pointers 7.513ms
[18.127s][info][gc,phases,start] GC(79) Phase 4: Move objects
[18.127s][info][gc,phases      ] GC(79) Phase 4: Move objects 0.009ms
[18.127s][info][gc,heap        ] GC(79) DefNew: 134215K(2516544K)->0K(2516544K) Eden: 134215K(2236928K)->0K(2236928K) From: 0K(279616K)->0K(279616K)
[18.127s][info][gc,heap        ] GC(79) Tenured: 26560K(5592448K)->26559K(5592448K)
[18.127s][info][gc,metaspace   ] GC(79) Metaspace: 12405K(12672K)->12405K(12672K) NonClass: 10747K(10880K)->10747K(10880K) Class: 1658K(1792K)->1658K(1792K)
[18.127s][info][gc             ] GC(79) Pause Full (System.gc()) 157M->25M(7918M) 42.985ms
[18.127s][info][gc,cpu         ] GC(79) User=0.05s Sys=0.00s Real=0.05s
[18.298s][info][gc,start       ] GC(80) Pause Full (System.gc())
[18.298s][info][gc,phases,start] GC(80) Phase 1: Mark live objects
[18.310s][info][gc,phases      ] GC(80) Phase 1: Mark live objects 11.820ms
[18.310s][info][gc,phases,start] GC(80) Phase 2: Compute new object addresses
[18.333s][info][gc,phases      ] GC(80) Phase 2: Compute new object addresses 23.100ms
[18.333s][info][gc,phases,start] GC(80) Phase 3: Adjust pointers
[18.341s][info][gc,phases      ] GC(80) Phase 3: Adjust pointers 7.949ms
[18.341s][info][gc,phases,start] GC(80) Phase 4: Move objects
[18.341s][info][gc,phases      ] GC(80) Phase 4: Move objects 0.010ms
[18.341s][info][gc,heap        ] GC(80) DefNew: 134215K(2516544K)->0K(2516544K) Eden: 134215K(2236928K)->0K(2236928K) From: 0K(279616K)->0K(279616K)
[18.341s][info][gc,heap        ] GC(80) Tenured: 26559K(5592448K)->26560K(5592448K)
[18.341s][info][gc,metaspace   ] GC(80) Metaspace: 12405K(12672K)->12405K(12672K) NonClass: 10747K(10880K)->10747K(10880K) Class: 1658K(1792K)->1658K(1792K)
[18.341s][info][gc             ] GC(80) Pause Full (System.gc()) 157M->25M(7918M) 43.188ms
[18.341s][info][gc,cpu         ] GC(80) User=0.05s Sys=0.00s Real=0.04s
[18.514s][info][gc,start       ] GC(81) Pause Full (System.gc())
[18.514s][info][gc,phases,start] GC(81) Phase 1: Mark live objects
[18.526s][info][gc,phases      ] GC(81) Phase 1: Mark live objects 11.746ms
[18.526s][info][gc,phases,start] GC(81) Phase 2: Compute new object addresses
[18.550s][info][gc,phases      ] GC(81) Phase 2: Compute new object addresses 23.554ms
[18.550s][info][gc,phases,start] GC(81) Phase 3: Adjust pointers
[18.558s][info][gc,phases      ] GC(81) Phase 3: Adjust pointers 7.981ms
[18.558s][info][gc,phases,start] GC(81) Phase 4: Move objects
[18.558s][info][gc,phases      ] GC(81) Phase 4: Move objects 0.009ms
[18.558s][info][gc,heap        ] GC(81) DefNew: 134215K(2516544K)->0K(2516544K) Eden: 134215K(2236928K)->0K(2236928K) From: 0K(279616K)->0K(279616K)
[18.558s][info][gc,heap        ] GC(81) Tenured: 26560K(5592448K)->26561K(5592448K)
[18.558s][info][gc,metaspace   ] GC(81) Metaspace: 12405K(12672K)->12405K(12672K) NonClass: 10747K(10880K)->10747K(10880K) Class: 1658K(1792K)->1658K(1792K)
[18.558s][info][gc             ] GC(81) Pause Full (System.gc()) 157M->25M(7918M) 43.615ms
[18.558s][info][gc,cpu         ] GC(81) User=0.03s Sys=0.00s Real=0.05s
[18.728s][info][gc,start       ] GC(82) Pause Full (System.gc())
[18.729s][info][gc,phases,start] GC(82) Phase 1: Mark live objects
[18.740s][info][gc,phases      ] GC(82) Phase 1: Mark live objects 11.894ms
[18.741s][info][gc,phases,start] GC(82) Phase 2: Compute new object addresses
[18.764s][info][gc,phases      ] GC(82) Phase 2: Compute new object addresses 23.428ms
[18.764s][info][gc,phases,start] GC(82) Phase 3: Adjust pointers
[18.772s][info][gc,phases      ] GC(82) Phase 3: Adjust pointers 8.113ms
[18.772s][info][gc,phases,start] GC(82) Phase 4: Move objects
[18.772s][info][gc,phases      ] GC(82) Phase 4: Move objects 0.010ms
[18.772s][info][gc,heap        ] GC(82) DefNew: 134215K(2516544K)->0K(2516544K) Eden: 134215K(2236928K)->0K(2236928K) From: 0K(279616K)->0K(279616K)
[18.772s][info][gc,heap        ] GC(82) Tenured: 26561K(5592448K)->26561K(5592448K)
[18.772s][info][gc,metaspace   ] GC(82) Metaspace: 12405K(12672K)->12405K(12672K) NonClass: 10747K(10880K)->10747K(10880K) Class: 1658K(1792K)->1658K(1792K)
[18.772s][info][gc             ] GC(82) Pause Full (System.gc()) 157M->25M(7918M) 43.776ms
[18.772s][info][gc,cpu         ] GC(82) User=0.03s Sys=0.02s Real=0.03s
[18.944s][info][gc,start       ] GC(83) Pause Full (System.gc())
[18.944s][info][gc,phases,start] GC(83) Phase 1: Mark live objects
[18.957s][info][gc,phases      ] GC(83) Phase 1: Mark live objects 12.256ms
[18.957s][info][gc,phases,start] GC(83) Phase 2: Compute new object addresses
[18.980s][info][gc,phases      ] GC(83) Phase 2: Compute new object addresses 22.795ms
[18.980s][info][gc,phases,start] GC(83) Phase 3: Adjust pointers
[18.987s][info][gc,phases      ] GC(83) Phase 3: Adjust pointers 7.714ms
[18.987s][info][gc,phases,start] GC(83) Phase 4: Move objects
[18.987s][info][gc,phases      ] GC(83) Phase 4: Move objects 0.011ms
[18.987s][info][gc,heap        ] GC(83) DefNew: 134215K(2516544K)->0K(2516544K) Eden: 134215K(2236928K)->0K(2236928K) From: 0K(279616K)->0K(279616K)
[18.987s][info][gc,heap        ] GC(83) Tenured: 26561K(5592448K)->26560K(5592448K)
[18.987s][info][gc,metaspace   ] GC(83) Metaspace: 12406K(12672K)->12406K(12672K) NonClass: 10747K(10880K)->10747K(10880K) Class: 1658K(1792K)->1658K(1792K)
[18.987s][info][gc             ] GC(83) Pause Full (System.gc()) 157M->25M(7918M) 43.073ms
[18.987s][info][gc,cpu         ] GC(83) User=0.05s Sys=0.00s Real=0.05s
[19.158s][info][gc,start       ] GC(84) Pause Full (System.gc())
[19.158s][info][gc,phases,start] GC(84) Phase 1: Mark live objects
[19.171s][info][gc,phases      ] GC(84) Phase 1: Mark live objects 12.684ms
[19.171s][info][gc,phases,start] GC(84) Phase 2: Compute new object addresses
[19.193s][info][gc,phases      ] GC(84) Phase 2: Compute new object addresses 22.810ms
[19.193s][info][gc,phases,start] GC(84) Phase 3: Adjust pointers
[19.201s][info][gc,phases      ] GC(84) Phase 3: Adjust pointers 7.641ms
[19.201s][info][gc,phases,start] GC(84) Phase 4: Move objects
[19.201s][info][gc,phases      ] GC(84) Phase 4: Move objects 0.014ms
[19.201s][info][gc,heap        ] GC(84) DefNew: 134215K(2516544K)->0K(2516544K) Eden: 134215K(2236928K)->0K(2236928K) From: 0K(279616K)->0K(279616K)
[19.201s][info][gc,heap        ] GC(84) Tenured: 26560K(5592448K)->26560K(5592448K)
[19.201s][info][gc,metaspace   ] GC(84) Metaspace: 12406K(12672K)->12406K(12672K) NonClass: 10747K(10880K)->10747K(10880K) Class: 1658K(1792K)->1658K(1792K)
[19.201s][info][gc             ] GC(84) Pause Full (System.gc()) 157M->25M(7918M) 43.473ms
[19.201s][info][gc,cpu         ] GC(84) User=0.05s Sys=0.00s Real=0.05s
[19.371s][info][gc,start       ] GC(85) Pause Full (System.gc())
[19.371s][info][gc,phases,start] GC(85) Phase 1: Mark live objects
[19.384s][info][gc,phases      ] GC(85) Phase 1: Mark live objects 12.531ms
[19.384s][info][gc,phases,start] GC(85) Phase 2: Compute new object addresses
[19.407s][info][gc,phases      ] GC(85) Phase 2: Compute new object addresses 22.863ms
[19.407s][info][gc,phases,start] GC(85) Phase 3: Adjust pointers
[19.415s][info][gc,phases      ] GC(85) Phase 3: Adjust pointers 7.951ms
[19.415s][info][gc,phases,start] GC(85) Phase 4: Move objects
[19.415s][info][gc,phases      ] GC(85) Phase 4: Move objects 0.011ms
[19.415s][info][gc,heap        ] GC(85) DefNew: 134215K(2516544K)->0K(2516544K) Eden: 134215K(2236928K)->0K(2236928K) From: 0K(279616K)->0K(279616K)
[19.415s][info][gc,heap        ] GC(85) Tenured: 26560K(5592448K)->26560K(5592448K)
[19.415s][info][gc,metaspace   ] GC(85) Metaspace: 12406K(12672K)->12406K(12672K) NonClass: 10747K(10880K)->10747K(10880K) Class: 1658K(1792K)->1658K(1792K)
[19.415s][info][gc             ] GC(85) Pause Full (System.gc()) 157M->25M(7918M) 43.690ms
[19.415s][info][gc,cpu         ] GC(85) User=0.03s Sys=0.00s Real=0.03s
[19.586s][info][gc,start       ] GC(86) Pause Full (System.gc())
[19.586s][info][gc,phases,start] GC(86) Phase 1: Mark live objects
[19.599s][info][gc,phases      ] GC(86) Phase 1: Mark live objects 12.187ms
[19.599s][info][gc,phases,start] GC(86) Phase 2: Compute new object addresses
[19.621s][info][gc,phases      ] GC(86) Phase 2: Compute new object addresses 22.633ms
[19.621s][info][gc,phases,start] GC(86) Phase 3: Adjust pointers
[19.629s][info][gc,phases      ] GC(86) Phase 3: Adjust pointers 7.835ms
[19.629s][info][gc,phases,start] GC(86) Phase 4: Move objects
[19.629s][info][gc,phases      ] GC(86) Phase 4: Move objects 0.010ms
[19.629s][info][gc,heap        ] GC(86) DefNew: 134215K(2516544K)->0K(2516544K) Eden: 134215K(2236928K)->0K(2236928K) From: 0K(279616K)->0K(279616K)
[19.629s][info][gc,heap        ] GC(86) Tenured: 26560K(5592448K)->26560K(5592448K)
[19.629s][info][gc,metaspace   ] GC(86) Metaspace: 12411K(12672K)->12411K(12672K) NonClass: 10753K(10880K)->10753K(10880K) Class: 1658K(1792K)->1658K(1792K)
[19.629s][info][gc             ] GC(86) Pause Full (System.gc()) 157M->25M(7918M) 43.004ms
[19.629s][info][gc,cpu         ] GC(86) User=0.05s Sys=0.00s Real=0.05s
[19.799s][info][gc,start       ] GC(87) Pause Full (System.gc())
[19.799s][info][gc,phases,start] GC(87) Phase 1: Mark live objects
[19.811s][info][gc,phases      ] GC(87) Phase 1: Mark live objects 12.089ms
[19.811s][info][gc,phases,start] GC(87) Phase 2: Compute new object addresses
[19.835s][info][gc,phases      ] GC(87) Phase 2: Compute new object addresses 23.258ms
[19.835s][info][gc,phases,start] GC(87) Phase 3: Adjust pointers
[19.842s][info][gc,phases      ] GC(87) Phase 3: Adjust pointers 7.555ms
[19.842s][info][gc,phases,start] GC(87) Phase 4: Move objects
[19.842s][info][gc,phases      ] GC(87) Phase 4: Move objects 0.009ms
[19.842s][info][gc,heap        ] GC(87) DefNew: 134215K(2516544K)->0K(2516544K) Eden: 134215K(2236928K)->0K(2236928K) From: 0K(279616K)->0K(279616K)
[19.842s][info][gc,heap        ] GC(87) Tenured: 26560K(5592448K)->26560K(5592448K)
[19.842s][info][gc,metaspace   ] GC(87) Metaspace: 12411K(12672K)->12411K(12672K) NonClass: 10753K(10880K)->10753K(10880K) Class: 1658K(1792K)->1658K(1792K)
[19.842s][info][gc             ] GC(87) Pause Full (System.gc()) 157M->25M(7918M) 43.275ms
[19.842s][info][gc,cpu         ] GC(87) User=0.05s Sys=0.00s Real=0.05s
[20.012s][info][gc,start       ] GC(88) Pause Full (System.gc())
[20.013s][info][gc,phases,start] GC(88) Phase 1: Mark live objects
[20.025s][info][gc,phases      ] GC(88) Phase 1: Mark live objects 12.283ms
[20.025s][info][gc,phases,start] GC(88) Phase 2: Compute new object addresses
[20.048s][info][gc,phases      ] GC(88) Phase 2: Compute new object addresses 22.854ms
[20.048s][info][gc,phases,start] GC(88) Phase 3: Adjust pointers
[20.055s][info][gc,phases      ] GC(88) Phase 3: Adjust pointers 7.569ms
[20.055s][info][gc,phases,start] GC(88) Phase 4: Move objects
[20.055s][info][gc,phases      ] GC(88) Phase 4: Move objects 0.010ms
[20.055s][info][gc,heap        ] GC(88) DefNew: 134215K(2516544K)->0K(2516544K) Eden: 134215K(2236928K)->0K(2236928K) From: 0K(279616K)->0K(279616K)
[20.055s][info][gc,heap        ] GC(88) Tenured: 26560K(5592448K)->26560K(5592448K)
[20.055s][info][gc,metaspace   ] GC(88) Metaspace: 12411K(12672K)->12411K(12672K) NonClass: 10753K(10880K)->10753K(10880K) Class: 1658K(1792K)->1658K(1792K)
[20.055s][info][gc             ] GC(88) Pause Full (System.gc()) 157M->25M(7918M) 42.993ms
[20.055s][info][gc,cpu         ] GC(88) User=0.03s Sys=0.00s Real=0.03s
[20.227s][info][gc,start       ] GC(89) Pause Full (System.gc())
[20.227s][info][gc,phases,start] GC(89) Phase 1: Mark live objects
[20.239s][info][gc,phases      ] GC(89) Phase 1: Mark live objects 11.917ms
[20.239s][info][gc,phases,start] GC(89) Phase 2: Compute new object addresses
[20.262s][info][gc,phases      ] GC(89) Phase 2: Compute new object addresses 22.735ms
[20.262s][info][gc,phases,start] GC(89) Phase 3: Adjust pointers
[20.270s][info][gc,phases      ] GC(89) Phase 3: Adjust pointers 7.808ms
[20.270s][info][gc,phases,start] GC(89) Phase 4: Move objects
[20.270s][info][gc,phases      ] GC(89) Phase 4: Move objects 0.010ms
[20.270s][info][gc,heap        ] GC(89) DefNew: 134215K(2516544K)->0K(2516544K) Eden: 134215K(2236928K)->0K(2236928K) From: 0K(279616K)->0K(279616K)
[20.270s][info][gc,heap        ] GC(89) Tenured: 26560K(5592448K)->26562K(5592448K)
[20.270s][info][gc,metaspace   ] GC(89) Metaspace: 12411K(12672K)->12411K(12672K) NonClass: 10753K(10880K)->10753K(10880K) Class: 1658K(1792K)->1658K(1792K)
[20.270s][info][gc             ] GC(89) Pause Full (System.gc()) 157M->25M(7918M) 42.805ms
[20.270s][info][gc,cpu         ] GC(89) User=0.05s Sys=0.00s Real=0.04s
[20.443s][info][gc,start       ] GC(90) Pause Full (System.gc())
[20.443s][info][gc,phases,start] GC(90) Phase 1: Mark live objects
[20.455s][info][gc,phases      ] GC(90) Phase 1: Mark live objects 12.475ms
[20.455s][info][gc,phases,start] GC(90) Phase 2: Compute new object addresses
[20.478s][info][gc,phases      ] GC(90) Phase 2: Compute new object addresses 22.965ms
[20.478s][info][gc,phases,start] GC(90) Phase 3: Adjust pointers
[20.486s][info][gc,phases      ] GC(90) Phase 3: Adjust pointers 8.161ms
[20.486s][info][gc,phases,start] GC(90) Phase 4: Move objects
[20.486s][info][gc,phases      ] GC(90) Phase 4: Move objects 0.009ms
[20.487s][info][gc,heap        ] GC(90) DefNew: 134215K(2516544K)->0K(2516544K) Eden: 134215K(2236928K)->0K(2236928K) From: 0K(279616K)->0K(279616K)
[20.487s][info][gc,heap        ] GC(90) Tenured: 26562K(5592448K)->26562K(5592448K)
[20.487s][info][gc,metaspace   ] GC(90) Metaspace: 12411K(12672K)->12411K(12672K) NonClass: 10753K(10880K)->10753K(10880K) Class: 1658K(1792K)->1658K(1792K)
[20.487s][info][gc             ] GC(90) Pause Full (System.gc()) 157M->25M(7918M) 43.921ms
[20.487s][info][gc,cpu         ] GC(90) User=0.05s Sys=0.00s Real=0.04s
[20.660s][info][gc,start       ] GC(91) Pause Full (System.gc())
[20.660s][info][gc,phases,start] GC(91) Phase 1: Mark live objects
[20.673s][info][gc,phases      ] GC(91) Phase 1: Mark live objects 12.592ms
[20.673s][info][gc,phases,start] GC(91) Phase 2: Compute new object addresses
[20.695s][info][gc,phases      ] GC(91) Phase 2: Compute new object addresses 22.754ms
[20.695s][info][gc,phases,start] GC(91) Phase 3: Adjust pointers
[20.704s][info][gc,phases      ] GC(91) Phase 3: Adjust pointers 8.141ms
[20.704s][info][gc,phases,start] GC(91) Phase 4: Move objects
[20.704s][info][gc,phases      ] GC(91) Phase 4: Move objects 0.010ms
[20.704s][info][gc,heap        ] GC(91) DefNew: 134215K(2516544K)->0K(2516544K) Eden: 134215K(2236928K)->0K(2236928K) From: 0K(279616K)->0K(279616K)
[20.704s][info][gc,heap        ] GC(91) Tenured: 26562K(5592448K)->26561K(5592448K)
[20.704s][info][gc,metaspace   ] GC(91) Metaspace: 12411K(12672K)->12411K(12672K) NonClass: 10753K(10880K)->10753K(10880K) Class: 1658K(1792K)->1658K(1792K)
[20.704s][info][gc             ] GC(91) Pause Full (System.gc()) 157M->25M(7918M) 43.819ms
[20.704s][info][gc,cpu         ] GC(91) User=0.05s Sys=0.00s Real=0.05s
[20.876s][info][gc,start       ] GC(92) Pause Full (System.gc())
[20.876s][info][gc,phases,start] GC(92) Phase 1: Mark live objects
[20.888s][info][gc,phases      ] GC(92) Phase 1: Mark live objects 12.151ms
[20.888s][info][gc,phases,start] GC(92) Phase 2: Compute new object addresses
[20.911s][info][gc,phases      ] GC(92) Phase 2: Compute new object addresses 22.876ms
[20.911s][info][gc,phases,start] GC(92) Phase 3: Adjust pointers
[20.918s][info][gc,phases      ] GC(92) Phase 3: Adjust pointers 7.673ms
[20.918s][info][gc,phases,start] GC(92) Phase 4: Move objects
[20.918s][info][gc,phases      ] GC(92) Phase 4: Move objects 0.009ms
[20.919s][info][gc,heap        ] GC(92) DefNew: 134215K(2516544K)->0K(2516544K) Eden: 134215K(2236928K)->0K(2236928K) From: 0K(279616K)->0K(279616K)
[20.919s][info][gc,heap        ] GC(92) Tenured: 26561K(5592448K)->26561K(5592448K)
[20.919s][info][gc,metaspace   ] GC(92) Metaspace: 12411K(12672K)->12411K(12672K) NonClass: 10753K(10880K)->10753K(10880K) Class: 1658K(1792K)->1658K(1792K)
[20.919s][info][gc             ] GC(92) Pause Full (System.gc()) 157M->25M(7918M) 43.018ms
[20.919s][info][gc,cpu         ] GC(92) User=0.03s Sys=0.00s Real=0.03s
[21.089s][info][gc,start       ] GC(93) Pause Full (System.gc())
[21.089s][info][gc,phases,start] GC(93) Phase 1: Mark live objects
[21.101s][info][gc,phases      ] GC(93) Phase 1: Mark live objects 12.083ms
[21.101s][info][gc,phases,start] GC(93) Phase 2: Compute new object addresses
[21.124s][info][gc,phases      ] GC(93) Phase 2: Compute new object addresses 22.874ms
[21.124s][info][gc,phases,start] GC(93) Phase 3: Adjust pointers
[21.131s][info][gc,phases      ] GC(93) Phase 3: Adjust pointers 7.608ms
[21.131s][info][gc,phases,start] GC(93) Phase 4: Move objects
[21.131s][info][gc,phases      ] GC(93) Phase 4: Move objects 0.009ms
[21.131s][info][gc,heap        ] GC(93) DefNew: 134215K(2516544K)->0K(2516544K) Eden: 134215K(2236928K)->0K(2236928K) From: 0K(279616K)->0K(279616K)
[21.131s][info][gc,heap        ] GC(93) Tenured: 26561K(5592448K)->26561K(5592448K)
[21.132s][info][gc,metaspace   ] GC(93) Metaspace: 12413K(12672K)->12413K(12672K) NonClass: 10755K(10880K)->10755K(10880K) Class: 1658K(1792K)->1658K(1792K)
[21.132s][info][gc             ] GC(93) Pause Full (System.gc()) 157M->25M(7918M) 42.914ms
[21.132s][info][gc,cpu         ] GC(93) User=0.05s Sys=0.00s Real=0.04s
[21.302s][info][gc,start       ] GC(94) Pause Full (System.gc())
[21.302s][info][gc,phases,start] GC(94) Phase 1: Mark live objects
[21.315s][info][gc,phases      ] GC(94) Phase 1: Mark live objects 12.293ms
[21.315s][info][gc,phases,start] GC(94) Phase 2: Compute new object addresses
[21.338s][info][gc,phases      ] GC(94) Phase 2: Compute new object addresses 22.827ms
[21.338s][info][gc,phases,start] GC(94) Phase 3: Adjust pointers
[21.346s][info][gc,phases      ] GC(94) Phase 3: Adjust pointers 7.886ms
[21.346s][info][gc,phases,start] GC(94) Phase 4: Move objects
[21.346s][info][gc,phases      ] GC(94) Phase 4: Move objects 0.010ms
[21.346s][info][gc,heap        ] GC(94) DefNew: 134215K(2516544K)->0K(2516544K) Eden: 134215K(2236928K)->0K(2236928K) From: 0K(279616K)->0K(279616K)
[21.346s][info][gc,heap        ] GC(94) Tenured: 26561K(5592448K)->26561K(5592448K)
[21.346s][info][gc,metaspace   ] GC(94) Metaspace: 12415K(12672K)->12415K(12672K) NonClass: 10757K(10880K)->10757K(10880K) Class: 1658K(1792K)->1658K(1792K)
[21.346s][info][gc             ] GC(94) Pause Full (System.gc()) 157M->25M(7918M) 43.342ms
[21.346s][info][gc,cpu         ] GC(94) User=0.05s Sys=0.00s Real=0.04s
[21.518s][info][gc,start       ] GC(95) Pause Full (System.gc())
[21.518s][info][gc,phases,start] GC(95) Phase 1: Mark live objects
[21.531s][info][gc,phases      ] GC(95) Phase 1: Mark live objects 12.403ms
[21.531s][info][gc,phases,start] GC(95) Phase 2: Compute new object addresses
[21.553s][info][gc,phases      ] GC(95) Phase 2: Compute new object addresses 22.626ms
[21.553s][info][gc,phases,start] GC(95) Phase 3: Adjust pointers
[21.561s][info][gc,phases      ] GC(95) Phase 3: Adjust pointers 7.890ms
[21.561s][info][gc,phases,start] GC(95) Phase 4: Move objects
[21.561s][info][gc,phases      ] GC(95) Phase 4: Move objects 0.010ms
[21.561s][info][gc,heap        ] GC(95) DefNew: 134215K(2516544K)->0K(2516544K) Eden: 134215K(2236928K)->0K(2236928K) From: 0K(279616K)->0K(279616K)
[21.561s][info][gc,heap        ] GC(95) Tenured: 26561K(5592448K)->26561K(5592448K)
[21.561s][info][gc,metaspace   ] GC(95) Metaspace: 12415K(12672K)->12415K(12672K) NonClass: 10757K(10880K)->10757K(10880K) Class: 1658K(1792K)->1658K(1792K)
[21.561s][info][gc             ] GC(95) Pause Full (System.gc()) 157M->25M(7918M) 43.233ms
[21.561s][info][gc,cpu         ] GC(95) User=0.05s Sys=0.00s Real=0.05s
[21.733s][info][gc,start       ] GC(96) Pause Full (System.gc())
[21.733s][info][gc,phases,start] GC(96) Phase 1: Mark live objects
[21.745s][info][gc,phases      ] GC(96) Phase 1: Mark live objects 12.181ms
[21.745s][info][gc,phases,start] GC(96) Phase 2: Compute new object addresses
[21.768s][info][gc,phases      ] GC(96) Phase 2: Compute new object addresses 22.974ms
[21.768s][info][gc,phases,start] GC(96) Phase 3: Adjust pointers
[21.776s][info][gc,phases      ] GC(96) Phase 3: Adjust pointers 7.550ms
[21.776s][info][gc,phases,start] GC(96) Phase 4: Move objects
[21.776s][info][gc,phases      ] GC(96) Phase 4: Move objects 0.010ms
[21.776s][info][gc,heap        ] GC(96) DefNew: 134215K(2516544K)->0K(2516544K) Eden: 134215K(2236928K)->0K(2236928K) From: 0K(279616K)->0K(279616K)
[21.776s][info][gc,heap        ] GC(96) Tenured: 26561K(5592448K)->26561K(5592448K)
[21.776s][info][gc,metaspace   ] GC(96) Metaspace: 12424K(12672K)->12424K(12672K) NonClass: 10766K(10880K)->10766K(10880K) Class: 1658K(1792K)->1658K(1792K)
[21.776s][info][gc             ] GC(96) Pause Full (System.gc()) 157M->25M(7918M) 43.007ms
[21.776s][info][gc,cpu         ] GC(96) User=0.03s Sys=0.00s Real=0.05s
[21.946s][info][gc,start       ] GC(97) Pause Full (System.gc())
[21.946s][info][gc,phases,start] GC(97) Phase 1: Mark live objects
[21.958s][info][gc,phases      ] GC(97) Phase 1: Mark live objects 12.226ms
[21.958s][info][gc,phases,start] GC(97) Phase 2: Compute new object addresses
[21.981s][info][gc,phases      ] GC(97) Phase 2: Compute new object addresses 23.010ms
[21.982s][info][gc,phases,start] GC(97) Phase 3: Adjust pointers
[21.989s][info][gc,phases      ] GC(97) Phase 3: Adjust pointers 7.912ms
[21.989s][info][gc,phases,start] GC(97) Phase 4: Move objects
[21.989s][info][gc,phases      ] GC(97) Phase 4: Move objects 0.009ms
[21.990s][info][gc,heap        ] GC(97) DefNew: 134215K(2516544K)->0K(2516544K) Eden: 134215K(2236928K)->0K(2236928K) From: 0K(279616K)->0K(279616K)
[21.990s][info][gc,heap        ] GC(97) Tenured: 26561K(5592448K)->26561K(5592448K)
[21.990s][info][gc,metaspace   ] GC(97) Metaspace: 12430K(12672K)->12430K(12672K) NonClass: 10772K(10880K)->10772K(10880K) Class: 1658K(1792K)->1658K(1792K)
[21.990s][info][gc             ] GC(97) Pause Full (System.gc()) 157M->25M(7918M) 43.484ms
[21.990s][info][gc,cpu         ] GC(97) User=0.05s Sys=0.00s Real=0.03s
[22.160s][info][gc,start       ] GC(98) Pause Full (System.gc())
[22.160s][info][gc,phases,start] GC(98) Phase 1: Mark live objects
[22.172s][info][gc,phases      ] GC(98) Phase 1: Mark live objects 12.306ms
[22.172s][info][gc,phases,start] GC(98) Phase 2: Compute new object addresses
[22.195s][info][gc,phases      ] GC(98) Phase 2: Compute new object addresses 22.758ms
[22.195s][info][gc,phases,start] GC(98) Phase 3: Adjust pointers
[22.204s][info][gc,phases      ] GC(98) Phase 3: Adjust pointers 8.356ms
[22.204s][info][gc,phases,start] GC(98) Phase 4: Move objects
[22.204s][info][gc,phases      ] GC(98) Phase 4: Move objects 0.010ms
[22.204s][info][gc,heap        ] GC(98) DefNew: 134215K(2516544K)->0K(2516544K) Eden: 134215K(2236928K)->0K(2236928K) From: 0K(279616K)->0K(279616K)
[22.204s][info][gc,heap        ] GC(98) Tenured: 26561K(5592448K)->26563K(5592448K)
[22.204s][info][gc,metaspace   ] GC(98) Metaspace: 12430K(12672K)->12430K(12672K) NonClass: 10772K(10880K)->10772K(10880K) Class: 1658K(1792K)->1658K(1792K)
[22.204s][info][gc             ] GC(98) Pause Full (System.gc()) 157M->25M(7918M) 43.780ms
[22.204s][info][gc,cpu         ] GC(98) User=0.05s Sys=0.00s Real=0.05s
[22.375s][info][gc,start       ] GC(99) Pause Full (System.gc())
[22.376s][info][gc,phases,start] GC(99) Phase 1: Mark live objects
[22.388s][info][gc,phases      ] GC(99) Phase 1: Mark live objects 12.408ms
[22.388s][info][gc,phases,start] GC(99) Phase 2: Compute new object addresses
[22.411s][info][gc,phases      ] GC(99) Phase 2: Compute new object addresses 22.871ms
[22.411s][info][gc,phases,start] GC(99) Phase 3: Adjust pointers
[22.419s][info][gc,phases      ] GC(99) Phase 3: Adjust pointers 7.793ms
[22.419s][info][gc,phases,start] GC(99) Phase 4: Move objects
[22.419s][info][gc,phases      ] GC(99) Phase 4: Move objects 0.010ms
[22.419s][info][gc,heap        ] GC(99) DefNew: 134215K(2516544K)->0K(2516544K) Eden: 134215K(2236928K)->0K(2236928K) From: 0K(279616K)->0K(279616K)
[22.419s][info][gc,heap        ] GC(99) Tenured: 26563K(5592448K)->26563K(5592448K)
[22.419s][info][gc,metaspace   ] GC(99) Metaspace: 12431K(12672K)->12431K(12672K) NonClass: 10772K(10880K)->10772K(10880K) Class: 1658K(1792K)->1658K(1792K)
[22.419s][info][gc             ] GC(99) Pause Full (System.gc()) 157M->25M(7918M) 43.363ms
[22.419s][info][gc,cpu         ] GC(99) User=0.03s Sys=0.00s Real=0.03s
[22.595s][info][gc,heap,exit   ] Heap
[22.595s][info][gc,heap,exit   ]  def new generation   total 2516544K, used 313170K [0x0000000600000000, 0x00000006aaaa0000, 0x00000006aaaa0000)
[22.595s][info][gc,heap,exit   ]   eden space 2236928K,  14% used [0x0000000600000000, 0x00000006131d4998, 0x0000000688880000)
[22.595s][info][gc,heap,exit   ]   from space 279616K,   0% used [0x0000000688880000, 0x0000000688880000, 0x0000000699990000)
[22.595s][info][gc,heap,exit   ]   to   space 279616K,   0% used [0x0000000699990000, 0x0000000699990000, 0x00000006aaaa0000)
[22.595s][info][gc,heap,exit   ]  tenured generation   total 5592448K, used 26563K [0x00000006aaaa0000, 0x0000000800000000, 0x0000000800000000)
[22.595s][info][gc,heap,exit   ]    the space 5592448K,   0% used [0x00000006aaaa0000, 0x00000006ac490e08, 0x00000006ac491000, 0x0000000800000000)
[22.595s][info][gc,heap,exit   ]  Metaspace       used 12491K, committed 12736K, reserved 1114112K
[22.595s][info][gc,heap,exit   ]   class space    used 1667K, committed 1792K, reserved 1048576K
