[0.008s][info][gc] Using Serial
[0.012s][info][gc,init] Version: 17.0.12+7-adhoc..jdk17u (release)
[0.012s][info][gc,init] CPUs: 6 total, 6 available
[0.012s][info][gc,init] Memory: 15591M
[0.012s][info][gc,init] Large Page Support: Disabled
[0.012s][info][gc,init] NUMA Support: Disabled
[0.012s][info][gc,init] Compressed Oops: Enabled (32-bit)
[0.012s][info][gc,init] Heap Min Capacity: 2G
[0.012s][info][gc,init] Heap Initial Capacity: 2G
[0.012s][info][gc,init] Heap Max Capacity: 2G
[0.012s][info][gc,init] Pre-touch: Disabled
[0.019s][info][gc,metaspace] CDS archive(s) mapped at: [0x000002e5d8000000-0x000002e5d8bc0000-0x000002e5d8bc0000), size 12320768, SharedBaseAddress: 0x000002e5d8000000, ArchiveRelocationMode: 1.
[0.022s][info][gc,metaspace] Compressed class space mapped at: 0x000002e5d9000000-0x000002e619000000, reserved size: 1073741824
[0.022s][info][gc,metaspace] Narrow klass base: 0x000002e5d8000000, Narrow klass shift: 0, Narrow klass range: 0x100000000
[0.290s][info][gc,start    ] GC(0) Pause Full (System.gc())
[0.290s][info][gc,phases,start] GC(0) Phase 1: Mark live objects
[0.294s][info][gc,phases      ] GC(0) Phase 1: Mark live objects 3.359ms
[0.294s][info][gc,phases,start] GC(0) Phase 2: Compute new object addresses
[0.295s][info][gc,phases      ] GC(0) Phase 2: Compute new object addresses 1.254ms
[0.295s][info][gc,phases,start] GC(0) Phase 3: Adjust pointers
[0.296s][info][gc,phases      ] GC(0) Phase 3: Adjust pointers 1.621ms
[0.297s][info][gc,phases,start] GC(0) Phase 4: Move objects
[0.298s][info][gc,phases      ] GC(0) Phase 4: Move objects 1.080ms
[0.298s][info][gc,heap        ] GC(0) DefNew: 78548K(629120K)->0K(629120K) Eden: 78548K(559232K)->0K(559232K) From: 0K(69888K)->0K(69888K)
[0.298s][info][gc,heap        ] GC(0) Tenured: 0K(1398144K)->2538K(1398144K)
[0.298s][info][gc,metaspace   ] GC(0) Metaspace: 2922K(3136K)->2922K(3136K) NonClass: 2647K(2752K)->2647K(2752K) Class: 275K(384K)->275K(384K)
[0.298s][info][gc             ] GC(0) Pause Full (System.gc()) 76M->2M(1979M) 7.845ms
[0.298s][info][gc,cpu         ] GC(0) User=0.00s Sys=0.00s Real=0.02s
[7.655s][info][gc,start       ] GC(1) Pause Full (System.gc())
[7.655s][info][gc,phases,start] GC(1) Phase 1: Mark live objects
[7.660s][info][gc,phases      ] GC(1) Phase 1: Mark live objects 4.501ms
[7.660s][info][gc,phases,start] GC(1) Phase 2: Compute new object addresses
[7.672s][info][gc,phases      ] GC(1) Phase 2: Compute new object addresses 12.588ms
[7.672s][info][gc,phases,start] GC(1) Phase 3: Adjust pointers
[7.675s][info][gc,phases      ] GC(1) Phase 3: Adjust pointers 2.467ms
[7.675s][info][gc,phases,start] GC(1) Phase 4: Move objects
[7.675s][info][gc,phases      ] GC(1) Phase 4: Move objects 0.151ms
[7.675s][info][gc,heap        ] GC(1) DefNew: 134216K(629120K)->0K(629120K) Eden: 134216K(559232K)->0K(559232K) From: 0K(69888K)->0K(69888K)
[7.675s][info][gc,heap        ] GC(1) Tenured: 2538K(1398144K)->2903K(1398144K)
[7.675s][info][gc,metaspace   ] GC(1) Metaspace: 5408K(5568K)->5408K(5568K) NonClass: 4805K(4864K)->4805K(4864K) Class: 603K(704K)->603K(704K)
[7.675s][info][gc             ] GC(1) Pause Full (System.gc()) 133M->2M(1979M) 20.064ms
[7.675s][info][gc,cpu         ] GC(1) User=0.00s Sys=0.02s Real=0.02s
[14.683s][info][gc,start       ] GC(2) Pause Full (System.gc())
[14.683s][info][gc,phases,start] GC(2) Phase 1: Mark live objects
[14.687s][info][gc,phases      ] GC(2) Phase 1: Mark live objects 3.522ms
[14.687s][info][gc,phases,start] GC(2) Phase 2: Compute new object addresses
[14.699s][info][gc,phases      ] GC(2) Phase 2: Compute new object addresses 11.890ms
[14.699s][info][gc,phases,start] GC(2) Phase 3: Adjust pointers
[14.701s][info][gc,phases      ] GC(2) Phase 3: Adjust pointers 2.452ms
[14.701s][info][gc,phases,start] GC(2) Phase 4: Move objects
[14.701s][info][gc,phases      ] GC(2) Phase 4: Move objects 0.009ms
[14.701s][info][gc,heap        ] GC(2) DefNew: 134216K(629120K)->0K(629120K) Eden: 134216K(559232K)->0K(559232K) From: 0K(69888K)->0K(69888K)
[14.701s][info][gc,heap        ] GC(2) Tenured: 2903K(1398144K)->2904K(1398144K)
[14.701s][info][gc,metaspace   ] GC(2) Metaspace: 5438K(5632K)->5438K(5632K) NonClass: 4835K(4928K)->4835K(4928K) Class: 603K(704K)->603K(704K)
[14.702s][info][gc             ] GC(2) Pause Full (System.gc()) 133M->2M(1979M) 18.201ms
[14.702s][info][gc,cpu         ] GC(2) User=0.02s Sys=0.00s Real=0.02s
[21.704s][info][gc,start       ] GC(3) Pause Full (System.gc())
[21.704s][info][gc,phases,start] GC(3) Phase 1: Mark live objects
[21.708s][info][gc,phases      ] GC(3) Phase 1: Mark live objects 3.698ms
[21.708s][info][gc,phases,start] GC(3) Phase 2: Compute new object addresses
[21.720s][info][gc,phases      ] GC(3) Phase 2: Compute new object addresses 11.812ms
[21.720s][info][gc,phases,start] GC(3) Phase 3: Adjust pointers
[21.722s][info][gc,phases      ] GC(3) Phase 3: Adjust pointers 2.496ms
[21.722s][info][gc,phases,start] GC(3) Phase 4: Move objects
[21.723s][info][gc,phases      ] GC(3) Phase 4: Move objects 0.489ms
[21.723s][info][gc,heap        ] GC(3) DefNew: 123031K(629120K)->0K(629120K) Eden: 123031K(559232K)->0K(559232K) From: 0K(69888K)->0K(69888K)
[21.723s][info][gc,heap        ] GC(3) Tenured: 2904K(1398144K)->2895K(1398144K)
[21.723s][info][gc,metaspace   ] GC(3) Metaspace: 5452K(5632K)->5452K(5632K) NonClass: 4849K(4928K)->4849K(4928K) Class: 603K(704K)->603K(704K)
[21.723s][info][gc             ] GC(3) Pause Full (System.gc()) 122M->2M(1979M) 18.760ms
[21.723s][info][gc,cpu         ] GC(3) User=0.02s Sys=0.00s Real=0.02s
[28.708s][info][gc,start       ] GC(4) Pause Full (System.gc())
[28.708s][info][gc,phases,start] GC(4) Phase 1: Mark live objects
[28.712s][info][gc,phases      ] GC(4) Phase 1: Mark live objects 3.632ms
[28.712s][info][gc,phases,start] GC(4) Phase 2: Compute new object addresses
[28.724s][info][gc,phases      ] GC(4) Phase 2: Compute new object addresses 12.295ms
[28.725s][info][gc,phases,start] GC(4) Phase 3: Adjust pointers
[28.727s][info][gc,phases      ] GC(4) Phase 3: Adjust pointers 2.597ms
[28.728s][info][gc,phases,start] GC(4) Phase 4: Move objects
[28.728s][info][gc,phases      ] GC(4) Phase 4: Move objects 0.010ms
[28.728s][info][gc,heap        ] GC(4) DefNew: 111847K(629120K)->0K(629120K) Eden: 111847K(559232K)->0K(559232K) From: 0K(69888K)->0K(69888K)
[28.728s][info][gc,heap        ] GC(4) Tenured: 2895K(1398144K)->2896K(1398144K)
[28.728s][info][gc,metaspace   ] GC(4) Metaspace: 5462K(5632K)->5462K(5632K) NonClass: 4859K(4928K)->4859K(4928K) Class: 603K(704K)->603K(704K)
[28.728s][info][gc             ] GC(4) Pause Full (System.gc()) 112M->2M(1979M) 19.412ms
[28.728s][info][gc,cpu         ] GC(4) User=0.02s Sys=0.00s Real=0.02s
[35.743s][info][gc,start       ] GC(5) Pause Full (System.gc())
[35.743s][info][gc,phases,start] GC(5) Phase 1: Mark live objects
[35.747s][info][gc,phases      ] GC(5) Phase 1: Mark live objects 4.218ms
[35.747s][info][gc,phases,start] GC(5) Phase 2: Compute new object addresses
[35.759s][info][gc,phases      ] GC(5) Phase 2: Compute new object addresses 11.880ms
[35.759s][info][gc,phases,start] GC(5) Phase 3: Adjust pointers
[35.762s][info][gc,phases      ] GC(5) Phase 3: Adjust pointers 2.500ms
[35.762s][info][gc,phases,start] GC(5) Phase 4: Move objects
[35.762s][info][gc,phases      ] GC(5) Phase 4: Move objects 0.009ms
[35.762s][info][gc,heap        ] GC(5) DefNew: 111846K(629120K)->0K(629120K) Eden: 111846K(559232K)->0K(559232K) From: 0K(69888K)->0K(69888K)
[35.762s][info][gc,heap        ] GC(5) Tenured: 2896K(1398144K)->2897K(1398144K)
[35.762s][info][gc,metaspace   ] GC(5) Metaspace: 5472K(5632K)->5472K(5632K) NonClass: 4869K(4928K)->4869K(4928K) Class: 603K(704K)->603K(704K)
[35.762s][info][gc             ] GC(5) Pause Full (System.gc()) 112M->2M(1979M) 18.859ms
[35.762s][info][gc,cpu         ] GC(5) User=0.02s Sys=0.00s Real=0.02s
[42.752s][info][gc,start       ] GC(6) Pause Full (System.gc())
[42.753s][info][gc,phases,start] GC(6) Phase 1: Mark live objects
[42.756s][info][gc,phases      ] GC(6) Phase 1: Mark live objects 3.655ms
[42.756s][info][gc,phases,start] GC(6) Phase 2: Compute new object addresses
[42.768s][info][gc,phases      ] GC(6) Phase 2: Compute new object addresses 11.949ms
[42.768s][info][gc,phases,start] GC(6) Phase 3: Adjust pointers
[42.771s][info][gc,phases      ] GC(6) Phase 3: Adjust pointers 2.519ms
[42.771s][info][gc,phases,start] GC(6) Phase 4: Move objects
[42.771s][info][gc,phases      ] GC(6) Phase 4: Move objects 0.009ms
[42.771s][info][gc,heap        ] GC(6) DefNew: 111848K(629120K)->0K(629120K) Eden: 111848K(559232K)->0K(559232K) From: 0K(69888K)->0K(69888K)
[42.771s][info][gc,heap        ] GC(6) Tenured: 2897K(1398144K)->2897K(1398144K)
[42.771s][info][gc,metaspace   ] GC(6) Metaspace: 5479K(5632K)->5479K(5632K) NonClass: 4876K(4928K)->4876K(4928K) Class: 603K(704K)->603K(704K)
[42.771s][info][gc             ] GC(6) Pause Full (System.gc()) 112M->2M(1979M) 18.468ms
[42.771s][info][gc,cpu         ] GC(6) User=0.02s Sys=0.00s Real=0.01s
[49.834s][info][gc,start       ] GC(7) Pause Full (System.gc())
[49.834s][info][gc,phases,start] GC(7) Phase 1: Mark live objects
[49.837s][info][gc,phases      ] GC(7) Phase 1: Mark live objects 3.647ms
[49.837s][info][gc,phases,start] GC(7) Phase 2: Compute new object addresses
[49.849s][info][gc,phases      ] GC(7) Phase 2: Compute new object addresses 11.785ms
[49.849s][info][gc,phases,start] GC(7) Phase 3: Adjust pointers
[49.852s][info][gc,phases      ] GC(7) Phase 3: Adjust pointers 2.602ms
[49.852s][info][gc,phases,start] GC(7) Phase 4: Move objects
[49.852s][info][gc,phases      ] GC(7) Phase 4: Move objects 0.011ms
[49.852s][info][gc,heap        ] GC(7) DefNew: 111846K(629120K)->0K(629120K) Eden: 111846K(559232K)->0K(559232K) From: 0K(69888K)->0K(69888K)
[49.852s][info][gc,heap        ] GC(7) Tenured: 2897K(1398144K)->2896K(1398144K)
[49.852s][info][gc,metaspace   ] GC(7) Metaspace: 5481K(5632K)->5481K(5632K) NonClass: 4878K(4928K)->4878K(4928K) Class: 603K(704K)->603K(704K)
[49.852s][info][gc             ] GC(7) Pause Full (System.gc()) 112M->2M(1979M) 18.316ms
[49.852s][info][gc,cpu         ] GC(7) User=0.02s Sys=0.00s Real=0.02s
[56.877s][info][gc,start       ] GC(8) Pause Full (System.gc())
[56.877s][info][gc,phases,start] GC(8) Phase 1: Mark live objects
[56.881s][info][gc,phases      ] GC(8) Phase 1: Mark live objects 3.687ms
[56.881s][info][gc,phases,start] GC(8) Phase 2: Compute new object addresses
[56.893s][info][gc,phases      ] GC(8) Phase 2: Compute new object addresses 12.054ms
[56.893s][info][gc,phases,start] GC(8) Phase 3: Adjust pointers
[56.895s][info][gc,phases      ] GC(8) Phase 3: Adjust pointers 2.557ms
[56.895s][info][gc,phases,start] GC(8) Phase 4: Move objects
[56.895s][info][gc,phases      ] GC(8) Phase 4: Move objects 0.010ms
[56.896s][info][gc,heap        ] GC(8) DefNew: 123031K(629120K)->0K(629120K) Eden: 123031K(559232K)->0K(559232K) From: 0K(69888K)->0K(69888K)
[56.896s][info][gc,heap        ] GC(8) Tenured: 2896K(1398144K)->2898K(1398144K)
[56.896s][info][gc,metaspace   ] GC(8) Metaspace: 5492K(5696K)->5492K(5696K) NonClass: 4888K(4992K)->4888K(4992K) Class: 603K(704K)->603K(704K)
[56.896s][info][gc             ] GC(8) Pause Full (System.gc()) 122M->2M(1979M) 18.562ms
[56.896s][info][gc,cpu         ] GC(8) User=0.02s Sys=0.00s Real=0.02s
[63.841s][info][gc,start       ] GC(9) Pause Full (System.gc())
[63.841s][info][gc,phases,start] GC(9) Phase 1: Mark live objects
[63.844s][info][gc,phases      ] GC(9) Phase 1: Mark live objects 3.716ms
[63.844s][info][gc,phases,start] GC(9) Phase 2: Compute new object addresses
[63.856s][info][gc,phases      ] GC(9) Phase 2: Compute new object addresses 11.709ms
[63.856s][info][gc,phases,start] GC(9) Phase 3: Adjust pointers
[63.859s][info][gc,phases      ] GC(9) Phase 3: Adjust pointers 2.785ms
[63.859s][info][gc,phases,start] GC(9) Phase 4: Move objects
[63.859s][info][gc,phases      ] GC(9) Phase 4: Move objects 0.010ms
[63.859s][info][gc,heap        ] GC(9) DefNew: 111846K(629120K)->0K(629120K) Eden: 111846K(559232K)->0K(559232K) From: 0K(69888K)->0K(69888K)
[63.859s][info][gc,heap        ] GC(9) Tenured: 2898K(1398144K)->2898K(1398144K)
[63.859s][info][gc,metaspace   ] GC(9) Metaspace: 5499K(5696K)->5499K(5696K) NonClass: 4895K(4992K)->4895K(4992K) Class: 603K(704K)->603K(704K)
[63.859s][info][gc             ] GC(9) Pause Full (System.gc()) 112M->2M(1979M) 18.492ms
[63.859s][info][gc,cpu         ] GC(9) User=0.02s Sys=0.00s Real=0.02s
[70.882s][info][gc,heap,exit   ] Heap
[70.882s][info][gc,heap,exit   ]  def new generation   total 629120K, used 111846K [0x0000000080000000, 0x00000000aaaa0000, 0x00000000aaaa0000)
[70.882s][info][gc,heap,exit   ]   eden space 559232K,  20% used [0x0000000080000000, 0x0000000086d39a80, 0x00000000a2220000)
[70.882s][info][gc,heap,exit   ]   from space 69888K,   0% used [0x00000000a2220000, 0x00000000a2220000, 0x00000000a6660000)
[70.882s][info][gc,heap,exit   ]   to   space 69888K,   0% used [0x00000000a6660000, 0x00000000a6660000, 0x00000000aaaa0000)
[70.882s][info][gc,heap,exit   ]  tenured generation   total 1398144K, used 2898K [0x00000000aaaa0000, 0x0000000100000000, 0x0000000100000000)
[70.882s][info][gc,heap,exit   ]    the space 1398144K,   0% used [0x00000000aaaa0000, 0x00000000aad74bb0, 0x00000000aad74c00, 0x0000000100000000)
[70.882s][info][gc,heap,exit   ]  Metaspace       used 5507K, committed 5696K, reserved 1114112K
[70.882s][info][gc,heap,exit   ]   class space    used 603K, committed 704K, reserved 1048576K
