[0.007s][info][gc] Using Parallel
[0.010s][info][gc,init] Version: 17.0.12+7-adhoc..jdk17u (release)
[0.010s][info][gc,init] CPUs: 6 total, 6 available
[0.010s][info][gc,init] Memory: 15591M
[0.010s][info][gc,init] Large Page Support: Disabled
[0.010s][info][gc,init] NUMA Support: Disabled
[0.010s][info][gc,init] Compressed Oops: Enabled (32-bit)
[0.010s][info][gc,init] Alignments: Space 512K, Generation 512K, Heap 2M
[0.010s][info][gc,init] Heap Min Capacity: 1G
[0.010s][info][gc,init] Heap Initial Capacity: 1G
[0.010s][info][gc,init] Heap Max Capacity: 1G
[0.010s][info][gc,init] Pre-touch: Disabled
[0.010s][info][gc,init] Parallel Workers: 6
[0.019s][info][gc,metaspace] CDS archive(s) mapped at: [0x0000027080000000-0x0000027080bc0000-0x0000027080bc0000), size 12320768, SharedBaseAddress: 0x0000027080000000, ArchiveRelocationMode: 1.
[0.019s][info][gc,metaspace] Compressed class space mapped at: 0x0000027081000000-0x00000270c1000000, reserved size: 1073741824
[0.019s][info][gc,metaspace] Narrow klass base: 0x0000027080000000, Narrow klass shift: 0, Narrow klass range: 0x100000000
[1.146s][info][gc,start    ] GC(0) Pause Young (Allocation Failure)
[1.179s][info][gc,heap     ] GC(0) PSYoungGen: 262144K(305664K)->43494K(305664K) Eden: 262144K(262144K)->0K(262144K) From: 0K(43520K)->43494K(43520K)
[1.179s][info][gc,heap     ] GC(0) ParOldGen: 0K(699392K)->10752K(699392K)
[1.179s][info][gc,metaspace] GC(0) Metaspace: 10392K(10624K)->10392K(10624K) NonClass: 9089K(9216K)->9089K(9216K) Class: 1303K(1408K)->1303K(1408K)
[1.179s][info][gc          ] GC(0) Pause Young (Allocation Failure) 256M->52M(981M) 32.837ms
[1.179s][info][gc,cpu      ] GC(0) User=0.12s Sys=0.06s Real=0.04s
[1.277s][info][gc,start    ] GC(1) Pause Young (System.gc())
[1.319s][info][gc,heap     ] GC(1) PSYoungGen: 233713K(305664K)->43510K(305664K) Eden: 190218K(262144K)->0K(262144K) From: 43494K(43520K)->43510K(43520K)
[1.319s][info][gc,heap     ] GC(1) ParOldGen: 10752K(699392K)->32408K(699392K)
[1.319s][info][gc,metaspace] GC(1) Metaspace: 10439K(10688K)->10439K(10688K) NonClass: 9132K(9216K)->9132K(9216K) Class: 1307K(1472K)->1307K(1472K)
[1.319s][info][gc          ] GC(1) Pause Young (System.gc()) 238M->74M(981M) 42.162ms
[1.319s][info][gc,cpu      ] GC(1) User=0.22s Sys=0.06s Real=0.05s
[1.319s][info][gc,start    ] GC(2) Pause Full (System.gc())
[1.319s][info][gc,phases,start] GC(2) Marking Phase
[1.362s][info][gc,phases      ] GC(2) Marking Phase 43.410ms
[1.362s][info][gc,phases,start] GC(2) Summary Phase
[1.362s][info][gc,phases      ] GC(2) Summary Phase 0.036ms
[1.362s][info][gc,phases,start] GC(2) Adjust Roots
[1.364s][info][gc,phases      ] GC(2) Adjust Roots 1.386ms
[1.364s][info][gc,phases,start] GC(2) Compaction Phase
[1.425s][info][gc,phases      ] GC(2) Compaction Phase 60.820ms
[1.425s][info][gc,phases,start] GC(2) Post Compact
[1.426s][info][gc,phases      ] GC(2) Post Compact 0.942ms
[1.426s][info][gc,heap        ] GC(2) PSYoungGen: 43510K(305664K)->0K(305664K) Eden: 0K(262144K)->0K(262144K) From: 43510K(43520K)->0K(43520K)
[1.426s][info][gc,heap        ] GC(2) ParOldGen: 32408K(699392K)->75706K(699392K)
[1.426s][info][gc,metaspace   ] GC(2) Metaspace: 10439K(10688K)->10439K(10688K) NonClass: 9132K(9216K)->9132K(9216K) Class: 1307K(1472K)->1307K(1472K)
[1.426s][info][gc             ] GC(2) Pause Full (System.gc()) 74M->73M(981M) 106.862ms
[1.426s][info][gc,cpu         ] GC(2) User=0.33s Sys=0.03s Real=0.11s
[1.668s][info][gc,start       ] GC(3) Pause Young (Allocation Failure)
[1.671s][info][gc,heap        ] GC(3) PSYoungGen: 262144K(305664K)->4480K(305664K) Eden: 262144K(262144K)->0K(262144K) From: 0K(43520K)->4480K(43520K)
[1.671s][info][gc,heap        ] GC(3) ParOldGen: 75706K(699392K)->75714K(699392K)
[1.671s][info][gc,metaspace   ] GC(3) Metaspace: 10862K(11136K)->10862K(11136K) NonClass: 9473K(9600K)->9473K(9600K) Class: 1389K(1536K)->1389K(1536K)
[1.671s][info][gc             ] GC(3) Pause Young (Allocation Failure) 329M->78M(981M) 3.279ms
[1.671s][info][gc,cpu         ] GC(3) User=0.00s Sys=0.00s Real=0.00s
[1.752s][info][gc,start       ] GC(4) Pause Young (Allocation Failure)
[1.757s][info][gc,heap        ] GC(4) PSYoungGen: 266624K(305664K)->8832K(305664K) Eden: 262144K(262144K)->0K(262144K) From: 4480K(43520K)->8832K(43520K)
[1.757s][info][gc,heap        ] GC(4) ParOldGen: 75714K(699392K)->75722K(699392K)
[1.757s][info][gc,metaspace   ] GC(4) Metaspace: 10865K(11136K)->10865K(11136K) NonClass: 9476K(9600K)->9476K(9600K) Class: 1389K(1536K)->1389K(1536K)
[1.757s][info][gc             ] GC(4) Pause Young (Allocation Failure) 334M->82M(981M) 4.728ms
[1.757s][info][gc,cpu         ] GC(4) User=0.08s Sys=0.00s Real=0.01s
[1.795s][info][gc,start       ] GC(5) Pause Young (Allocation Failure)
[1.800s][info][gc,heap        ] GC(5) PSYoungGen: 270976K(305664K)->12910K(305664K) Eden: 262144K(262144K)->0K(262144K) From: 8832K(43520K)->12910K(43520K)
[1.800s][info][gc,heap        ] GC(5) ParOldGen: 75722K(699392K)->75722K(699392K)
[1.800s][info][gc,metaspace   ] GC(5) Metaspace: 10869K(11200K)->10869K(11200K) NonClass: 9480K(9664K)->9480K(9664K) Class: 1389K(1536K)->1389K(1536K)
[1.800s][info][gc             ] GC(5) Pause Young (Allocation Failure) 338M->86M(981M) 5.001ms
[1.800s][info][gc,cpu         ] GC(5) User=0.00s Sys=0.00s Real=0.00s
[1.835s][info][gc,start       ] GC(6) Pause Young (Allocation Failure)
[1.841s][info][gc,heap        ] GC(6) PSYoungGen: 275054K(305664K)->17251K(244224K) Eden: 262144K(262144K)->0K(200704K) From: 12910K(43520K)->17251K(43520K)
[1.841s][info][gc,heap        ] GC(6) ParOldGen: 75722K(699392K)->75722K(699392K)
[1.841s][info][gc,metaspace   ] GC(6) Metaspace: 10870K(11200K)->10870K(11200K) NonClass: 9481K(9664K)->9481K(9664K) Class: 1389K(1536K)->1389K(1536K)
[1.841s][info][gc             ] GC(6) Pause Young (Allocation Failure) 342M->90M(921M) 5.373ms
[1.841s][info][gc,cpu         ] GC(6) User=0.00s Sys=0.00s Real=0.01s
[1.868s][info][gc,start       ] GC(7) Pause Young (Allocation Failure)
[1.874s][info][gc,heap        ] GC(7) PSYoungGen: 217955K(244224K)->20531K(274944K) Eden: 200704K(200704K)->0K(200704K) From: 17251K(43520K)->20531K(74240K)
[1.874s][info][gc,heap        ] GC(7) ParOldGen: 75722K(699392K)->75722K(699392K)
[1.874s][info][gc,metaspace   ] GC(7) Metaspace: 10870K(11200K)->10870K(11200K) NonClass: 9481K(9664K)->9481K(9664K) Class: 1389K(1536K)->1389K(1536K)
[1.874s][info][gc             ] GC(7) Pause Young (Allocation Failure) 286M->93M(951M) 5.640ms
[1.874s][info][gc,cpu         ] GC(7) User=0.00s Sys=0.00s Real=0.01s
[1.901s][info][gc,start       ] GC(8) Pause Young (Allocation Failure)
[1.908s][info][gc,heap        ] GC(8) PSYoungGen: 221235K(274944K)->19703K(283648K) Eden: 200704K(200704K)->0K(214528K) From: 20531K(74240K)->19703K(69120K)
[1.908s][info][gc,heap        ] GC(8) ParOldGen: 75722K(699392K)->79706K(699392K)
[1.908s][info][gc,metaspace   ] GC(8) Metaspace: 10873K(11200K)->10873K(11200K) NonClass: 9483K(9664K)->9483K(9664K) Class: 1389K(1536K)->1389K(1536K)
[1.908s][info][gc             ] GC(8) Pause Young (Allocation Failure) 289M->97M(960M) 6.862ms
[1.908s][info][gc,cpu         ] GC(8) User=0.00s Sys=0.00s Real=0.01s
[1.938s][info][gc,start       ] GC(9) Pause Young (Allocation Failure)
[1.946s][info][gc,heap        ] GC(9) PSYoungGen: 234231K(283648K)->16038K(280064K) Eden: 214528K(214528K)->0K(214528K) From: 19703K(69120K)->16038K(65536K)
[1.946s][info][gc,heap        ] GC(9) ParOldGen: 79706K(699392K)->87799K(699392K)
[1.946s][info][gc,metaspace   ] GC(9) Metaspace: 10873K(11200K)->10873K(11200K) NonClass: 9484K(9664K)->9484K(9664K) Class: 1389K(1536K)->1389K(1536K)
[1.946s][info][gc             ] GC(9) Pause Young (Allocation Failure) 306M->101M(956M) 8.066ms
[1.946s][info][gc,cpu         ] GC(9) User=0.09s Sys=0.00s Real=0.01s
[1.981s][info][gc,start       ] GC(10) Pause Young (Allocation Failure)
[1.988s][info][gc,heap        ] GC(10) PSYoungGen: 230566K(280064K)->12695K(288256K) Eden: 214528K(214528K)->0K(225280K) From: 16038K(65536K)->12695K(62976K)
[1.988s][info][gc,heap        ] GC(10) ParOldGen: 87799K(699392K)->94663K(699392K)
[1.988s][info][gc,metaspace   ] GC(10) Metaspace: 10873K(11200K)->10873K(11200K) NonClass: 9484K(9664K)->9484K(9664K) Class: 1389K(1536K)->1389K(1536K)
[1.988s][info][gc             ] GC(10) Pause Young (Allocation Failure) 310M->104M(964M) 7.491ms
[1.988s][info][gc,cpu         ] GC(10) User=0.00s Sys=0.00s Real=0.01s
[2.030s][info][gc,start       ] GC(11) Pause Young (System.gc())
[2.036s][info][gc,heap        ] GC(11) PSYoungGen: 77694K(288256K)->8290K(286208K) Eden: 64998K(225280K)->0K(225280K) From: 12695K(62976K)->8290K(60928K)
[2.036s][info][gc,heap        ] GC(11) ParOldGen: 94663K(699392K)->102776K(699392K)
[2.036s][info][gc,metaspace   ] GC(11) Metaspace: 10976K(11200K)->10976K(11200K) NonClass: 9565K(9664K)->9565K(9664K) Class: 1410K(1536K)->1410K(1536K)
[2.036s][info][gc             ] GC(11) Pause Young (System.gc()) 168M->108M(962M) 6.235ms
[2.036s][info][gc,cpu         ] GC(11) User=0.09s Sys=0.00s Real=0.02s
[2.036s][info][gc,start       ] GC(12) Pause Full (System.gc())
[2.036s][info][gc,phases,start] GC(12) Marking Phase
[2.083s][info][gc,phases      ] GC(12) Marking Phase 46.431ms
[2.083s][info][gc,phases,start] GC(12) Summary Phase
[2.083s][info][gc,phases      ] GC(12) Summary Phase 0.010ms
[2.083s][info][gc,phases,start] GC(12) Adjust Roots
[2.085s][info][gc,phases      ] GC(12) Adjust Roots 1.747ms
[2.085s][info][gc,phases,start] GC(12) Compaction Phase
[2.101s][info][gc,phases      ] GC(12) Compaction Phase 16.514ms
[2.101s][info][gc,phases,start] GC(12) Post Compact
[2.102s][info][gc,phases      ] GC(12) Post Compact 0.762ms
[2.102s][info][gc,heap        ] GC(12) PSYoungGen: 8290K(286208K)->0K(286208K) Eden: 0K(225280K)->0K(225280K) From: 8290K(60928K)->0K(60928K)
[2.102s][info][gc,heap        ] GC(12) ParOldGen: 102776K(699392K)->75856K(699392K)
[2.102s][info][gc,metaspace   ] GC(12) Metaspace: 10976K(11200K)->10964K(11200K) NonClass: 9565K(9664K)->9556K(9664K) Class: 1410K(1536K)->1407K(1536K)
[2.102s][info][gc             ] GC(12) Pause Full (System.gc()) 108M->74M(962M) 65.735ms
[2.102s][info][gc,cpu         ] GC(12) User=0.19s Sys=0.02s Real=0.06s
[2.150s][info][gc,start       ] GC(13) Pause Young (Allocation Failure)
[2.153s][info][gc,heap        ] GC(13) PSYoungGen: 225280K(286208K)->3840K(290304K) Eden: 225280K(225280K)->0K(230400K) From: 0K(60928K)->3840K(59904K)
[2.153s][info][gc,heap        ] GC(13) ParOldGen: 75856K(699392K)->75856K(699392K)
[2.153s][info][gc,metaspace   ] GC(13) Metaspace: 10964K(11200K)->10964K(11200K) NonClass: 9556K(9664K)->9556K(9664K) Class: 1407K(1536K)->1407K(1536K)
[2.153s][info][gc             ] GC(13) Pause Young (Allocation Failure) 294M->77M(966M) 2.664ms
[2.153s][info][gc,cpu         ] GC(13) User=0.00s Sys=0.00s Real=0.00s
[2.185s][info][gc,start       ] GC(14) Pause Young (Allocation Failure)
[2.189s][info][gc,heap        ] GC(14) PSYoungGen: 234240K(290304K)->4224K(289280K) Eden: 230400K(230400K)->0K(230400K) From: 3840K(59904K)->4224K(58880K)
[2.189s][info][gc,heap        ] GC(14) ParOldGen: 75856K(699392K)->79367K(699392K)
[2.189s][info][gc,metaspace   ] GC(14) Metaspace: 10964K(11200K)->10964K(11200K) NonClass: 9556K(9664K)->9556K(9664K) Class: 1407K(1536K)->1407K(1536K)
[2.189s][info][gc             ] GC(14) Pause Young (Allocation Failure) 302M->81M(965M) 3.741ms
[2.189s][info][gc,cpu         ] GC(14) User=0.00s Sys=0.00s Real=0.00s
[2.223s][info][gc,start       ] GC(15) Pause Young (Allocation Failure)
[2.227s][info][gc,heap        ] GC(15) PSYoungGen: 234624K(289280K)->4251K(292864K) Eden: 230400K(230400K)->0K(235008K) From: 4224K(58880K)->4251K(57856K)
[2.227s][info][gc,heap        ] GC(15) ParOldGen: 79367K(699392K)->83313K(699392K)
[2.227s][info][gc,metaspace   ] GC(15) Metaspace: 10964K(11200K)->10964K(11200K) NonClass: 9556K(9664K)->9556K(9664K) Class: 1407K(1536K)->1407K(1536K)
[2.227s][info][gc             ] GC(15) Pause Young (Allocation Failure) 306M->85M(969M) 4.720ms
[2.227s][info][gc,cpu         ] GC(15) User=0.03s Sys=0.00s Real=0.01s
[2.260s][info][gc,start       ] GC(16) Pause Young (Allocation Failure)
[2.265s][info][gc,heap        ] GC(16) PSYoungGen: 239259K(292864K)->4632K(291328K) Eden: 235008K(235008K)->0K(235008K) From: 4251K(57856K)->4632K(56320K)
[2.265s][info][gc,heap        ] GC(16) ParOldGen: 83313K(699392K)->87356K(699392K)
[2.265s][info][gc,metaspace   ] GC(16) Metaspace: 10964K(11200K)->10964K(11200K) NonClass: 9556K(9664K)->9556K(9664K) Class: 1407K(1536K)->1407K(1536K)
[2.265s][info][gc             ] GC(16) Pause Young (Allocation Failure) 315M->89M(967M) 4.514ms
[2.265s][info][gc,cpu         ] GC(16) User=0.00s Sys=0.00s Real=0.01s
[2.297s][info][gc,start       ] GC(17) Pause Young (Allocation Failure)
[2.301s][info][gc,heap        ] GC(17) PSYoungGen: 239640K(291328K)->4304K(296448K) Eden: 235008K(235008K)->0K(241664K) From: 4632K(56320K)->4304K(54784K)
[2.301s][info][gc,heap        ] GC(17) ParOldGen: 87356K(699392K)->91566K(699392K)
[2.301s][info][gc,metaspace   ] GC(17) Metaspace: 10964K(11200K)->10964K(11200K) NonClass: 9556K(9664K)->9556K(9664K) Class: 1407K(1536K)->1407K(1536K)
[2.301s][info][gc             ] GC(17) Pause Young (Allocation Failure) 319M->93M(972M) 4.169ms
[2.301s][info][gc,cpu         ] GC(17) User=0.00s Sys=0.00s Real=0.00s
[2.335s][info][gc,start       ] GC(18) Pause Young (Allocation Failure)
[2.340s][info][gc,heap        ] GC(18) PSYoungGen: 245968K(296448K)->4998K(294400K) Eden: 241664K(241664K)->0K(241664K) From: 4304K(54784K)->4998K(52736K)
[2.340s][info][gc,heap        ] GC(18) ParOldGen: 91566K(699392K)->95643K(699392K)
[2.340s][info][gc,metaspace   ] GC(18) Metaspace: 10964K(11200K)->10964K(11200K) NonClass: 9556K(9664K)->9556K(9664K) Class: 1407K(1536K)->1407K(1536K)
[2.340s][info][gc             ] GC(18) Pause Young (Allocation Failure) 329M->98M(970M) 5.164ms
[2.340s][info][gc,cpu         ] GC(18) User=0.00s Sys=0.00s Real=0.01s
[2.374s][info][gc,start       ] GC(19) Pause Young (Allocation Failure)
[2.379s][info][gc,heap        ] GC(19) PSYoungGen: 246662K(294400K)->6064K(301056K) Eden: 241664K(241664K)->0K(250368K) From: 4998K(52736K)->6064K(50688K)
[2.379s][info][gc,heap        ] GC(19) ParOldGen: 95643K(699392K)->100147K(699392K)
[2.379s][info][gc,metaspace   ] GC(19) Metaspace: 10964K(11200K)->10964K(11200K) NonClass: 9556K(9664K)->9556K(9664K) Class: 1407K(1536K)->1407K(1536K)
[2.379s][info][gc             ] GC(19) Pause Young (Allocation Failure) 334M->103M(977M) 4.907ms
[2.379s][info][gc,cpu         ] GC(19) User=0.00s Sys=0.00s Real=0.01s
[2.426s][info][gc,start       ] GC(20) Pause Young (Allocation Failure)
[2.431s][info][gc,heap        ] GC(20) PSYoungGen: 256432K(301056K)->5563K(298496K) Eden: 250368K(250368K)->0K(250368K) From: 6064K(50688K)->5563K(48128K)
[2.431s][info][gc,heap        ] GC(20) ParOldGen: 100147K(699392K)->105761K(699392K)
[2.431s][info][gc,metaspace   ] GC(20) Metaspace: 10964K(11200K)->10964K(11200K) NonClass: 9556K(9664K)->9556K(9664K) Class: 1407K(1536K)->1407K(1536K)
[2.431s][info][gc             ] GC(20) Pause Young (Allocation Failure) 348M->108M(974M) 5.250ms
[2.432s][info][gc,cpu         ] GC(20) User=0.09s Sys=0.00s Real=0.02s
[2.446s][info][gc,start       ] GC(21) Pause Young (System.gc())
[2.449s][info][gc,heap        ] GC(21) PSYoungGen: 40627K(298496K)->3158K(305152K) Eden: 35064K(250368K)->0K(259072K) From: 5563K(48128K)->3158K(46080K)
[2.449s][info][gc,heap        ] GC(21) ParOldGen: 105761K(699392K)->111069K(699392K)
[2.449s][info][gc,metaspace   ] GC(21) Metaspace: 10965K(11200K)->10965K(11200K) NonClass: 9558K(9664K)->9558K(9664K) Class: 1407K(1536K)->1407K(1536K)
[2.450s][info][gc             ] GC(21) Pause Young (System.gc()) 142M->111M(981M) 3.602ms
[2.450s][info][gc,cpu         ] GC(21) User=0.00s Sys=0.00s Real=0.00s
[2.450s][info][gc,start       ] GC(22) Pause Full (System.gc())
[2.450s][info][gc,phases,start] GC(22) Marking Phase
[2.499s][info][gc,phases      ] GC(22) Marking Phase 49.137ms
[2.499s][info][gc,phases,start] GC(22) Summary Phase
[2.499s][info][gc,phases      ] GC(22) Summary Phase 0.021ms
[2.499s][info][gc,phases,start] GC(22) Adjust Roots
[2.500s][info][gc,phases      ] GC(22) Adjust Roots 1.178ms
[2.500s][info][gc,phases,start] GC(22) Compaction Phase
[2.508s][info][gc,phases      ] GC(22) Compaction Phase 7.703ms
[2.508s][info][gc,phases,start] GC(22) Post Compact
[2.508s][info][gc,phases      ] GC(22) Post Compact 0.456ms
[2.508s][info][gc,heap        ] GC(22) PSYoungGen: 3158K(305152K)->0K(305152K) Eden: 0K(259072K)->0K(259072K) From: 3158K(46080K)->0K(46080K)
[2.508s][info][gc,heap        ] GC(22) ParOldGen: 111069K(699392K)->75855K(699392K)
[2.508s][info][gc,metaspace   ] GC(22) Metaspace: 10965K(11200K)->10965K(11200K) NonClass: 9558K(9664K)->9558K(9664K) Class: 1407K(1536K)->1407K(1536K)
[2.508s][info][gc             ] GC(22) Pause Full (System.gc()) 111M->74M(981M) 58.748ms
[2.508s][info][gc,cpu         ] GC(22) User=0.38s Sys=0.00s Real=0.06s
[2.545s][info][gc,start       ] GC(23) Pause Young (Allocation Failure)
[2.548s][info][gc,heap        ] GC(23) PSYoungGen: 259072K(305152K)->4416K(303104K) Eden: 259072K(259072K)->0K(259072K) From: 0K(46080K)->4416K(44032K)
[2.548s][info][gc,heap        ] GC(23) ParOldGen: 75855K(699392K)->75855K(699392K)
[2.548s][info][gc,metaspace   ] GC(23) Metaspace: 10965K(11200K)->10965K(11200K) NonClass: 9558K(9664K)->9558K(9664K) Class: 1407K(1536K)->1407K(1536K)
[2.548s][info][gc             ] GC(23) Pause Young (Allocation Failure) 327M->78M(979M) 2.839ms
[2.548s][info][gc,cpu         ] GC(23) User=0.00s Sys=0.00s Real=0.00s
[2.584s][info][gc,start       ] GC(24) Pause Young (Allocation Failure)
[2.589s][info][gc,heap        ] GC(24) PSYoungGen: 263488K(303104K)->4688K(309248K) Eden: 259072K(259072K)->0K(267264K) From: 4416K(44032K)->4688K(41984K)
[2.589s][info][gc,heap        ] GC(24) ParOldGen: 75855K(699392K)->79908K(699392K)
[2.589s][info][gc,metaspace   ] GC(24) Metaspace: 10965K(11200K)->10965K(11200K) NonClass: 9558K(9664K)->9558K(9664K) Class: 1407K(1536K)->1407K(1536K)
[2.589s][info][gc             ] GC(24) Pause Young (Allocation Failure) 331M->82M(985M) 4.382ms
[2.589s][info][gc,cpu         ] GC(24) User=0.00s Sys=0.00s Real=0.00s
[2.627s][info][gc,start       ] GC(25) Pause Young (Allocation Failure)
[2.632s][info][gc,heap        ] GC(25) PSYoungGen: 271952K(309248K)->5997K(307200K) Eden: 267264K(267264K)->0K(267264K) From: 4688K(41984K)->5997K(39936K)
[2.632s][info][gc,heap        ] GC(25) ParOldGen: 79908K(699392K)->84068K(699392K)
[2.632s][info][gc,metaspace   ] GC(25) Metaspace: 10966K(11200K)->10966K(11200K) NonClass: 9559K(9664K)->9559K(9664K) Class: 1407K(1536K)->1407K(1536K)
[2.632s][info][gc             ] GC(25) Pause Young (Allocation Failure) 343M->87M(983M) 5.247ms
[2.632s][info][gc,cpu         ] GC(25) User=0.09s Sys=0.00s Real=0.00s
[2.669s][info][gc,start       ] GC(26) Pause Young (Allocation Failure)
[2.673s][info][gc,heap        ] GC(26) PSYoungGen: 273261K(307200K)->4640K(313344K) Eden: 267264K(267264K)->0K(275968K) From: 5997K(39936K)->4640K(37376K)
[2.674s][info][gc,heap        ] GC(26) ParOldGen: 84068K(699392K)->89793K(699392K)
[2.674s][info][gc,metaspace   ] GC(26) Metaspace: 10966K(11200K)->10966K(11200K) NonClass: 9559K(9664K)->9559K(9664K) Class: 1407K(1536K)->1407K(1536K)
[2.674s][info][gc             ] GC(26) Pause Young (Allocation Failure) 348M->92M(989M) 4.975ms
[2.674s][info][gc,cpu         ] GC(26) User=0.00s Sys=0.00s Real=0.01s
[2.711s][info][gc,start       ] GC(27) Pause Young (Allocation Failure)
[2.717s][info][gc,heap        ] GC(27) PSYoungGen: 280608K(313344K)->4784K(311808K) Eden: 275968K(275968K)->0K(275968K) From: 4640K(37376K)->4784K(35840K)
[2.717s][info][gc,heap        ] GC(27) ParOldGen: 89793K(699392K)->94242K(699392K)
[2.717s][info][gc,metaspace   ] GC(27) Metaspace: 10966K(11200K)->10966K(11200K) NonClass: 9559K(9664K)->9559K(9664K) Class: 1407K(1536K)->1407K(1536K)
[2.717s][info][gc             ] GC(27) Pause Young (Allocation Failure) 361M->96M(987M) 5.170ms
[2.717s][info][gc,cpu         ] GC(27) User=0.00s Sys=0.00s Real=0.00s
[2.754s][info][gc,start       ] GC(28) Pause Young (Allocation Failure)
[2.759s][info][gc,heap        ] GC(28) PSYoungGen: 280752K(311808K)->6394K(317440K) Eden: 275968K(275968K)->0K(283648K) From: 4784K(35840K)->6394K(33792K)
[2.759s][info][gc,heap        ] GC(28) ParOldGen: 94242K(699392K)->98474K(699392K)
[2.759s][info][gc,metaspace   ] GC(28) Metaspace: 10966K(11200K)->10966K(11200K) NonClass: 9559K(9664K)->9559K(9664K) Class: 1407K(1536K)->1407K(1536K)
[2.759s][info][gc             ] GC(28) Pause Young (Allocation Failure) 366M->102M(993M) 5.016ms
[2.759s][info][gc,cpu         ] GC(28) User=0.09s Sys=0.00s Real=0.00s
[2.809s][info][gc,start       ] GC(29) Pause Young (Allocation Failure)
[2.815s][info][gc,heap        ] GC(29) PSYoungGen: 290042K(317440K)->6851K(315392K) Eden: 283648K(283648K)->0K(283648K) From: 6394K(33792K)->6851K(31744K)
[2.815s][info][gc,heap        ] GC(29) ParOldGen: 98474K(699392K)->103990K(699392K)
[2.815s][info][gc,metaspace   ] GC(29) Metaspace: 10966K(11200K)->10966K(11200K) NonClass: 9559K(9664K)->9559K(9664K) Class: 1407K(1536K)->1407K(1536K)
[2.815s][info][gc             ] GC(29) Pause Young (Allocation Failure) 379M->108M(991M) 6.099ms
[2.815s][info][gc,cpu         ] GC(29) User=0.00s Sys=0.00s Real=0.01s
[2.827s][info][gc,start       ] GC(30) Pause Young (System.gc())
[2.831s][info][gc,heap        ] GC(30) PSYoungGen: 43340K(315392K)->3202K(320512K) Eden: 36488K(283648K)->0K(290816K) From: 6851K(31744K)->3202K(29696K)
[2.831s][info][gc,heap        ] GC(30) ParOldGen: 103990K(699392K)->110552K(699392K)
[2.831s][info][gc,metaspace   ] GC(30) Metaspace: 10969K(11200K)->10969K(11200K) NonClass: 9561K(9664K)->9561K(9664K) Class: 1407K(1536K)->1407K(1536K)
[2.831s][info][gc             ] GC(30) Pause Young (System.gc()) 143M->111M(996M) 3.464ms
[2.831s][info][gc,cpu         ] GC(30) User=0.00s Sys=0.00s Real=0.01s
[2.831s][info][gc,start       ] GC(31) Pause Full (System.gc())
[2.831s][info][gc,phases,start] GC(31) Marking Phase
[2.875s][info][gc,phases      ] GC(31) Marking Phase 44.572ms
[2.875s][info][gc,phases,start] GC(31) Summary Phase
[2.875s][info][gc,phases      ] GC(31) Summary Phase 0.010ms
[2.875s][info][gc,phases,start] GC(31) Adjust Roots
[2.877s][info][gc,phases      ] GC(31) Adjust Roots 1.604ms
[2.877s][info][gc,phases,start] GC(31) Compaction Phase
[2.885s][info][gc,phases      ] GC(31) Compaction Phase 8.072ms
[2.885s][info][gc,phases,start] GC(31) Post Compact
[2.885s][info][gc,phases      ] GC(31) Post Compact 0.357ms
[2.885s][info][gc,heap        ] GC(31) PSYoungGen: 3202K(320512K)->0K(320512K) Eden: 0K(290816K)->0K(290816K) From: 3202K(29696K)->0K(29696K)
[2.885s][info][gc,heap        ] GC(31) ParOldGen: 110552K(699392K)->75856K(699392K)
[2.885s][info][gc,metaspace   ] GC(31) Metaspace: 10969K(11200K)->10969K(11200K) NonClass: 9561K(9664K)->9561K(9664K) Class: 1407K(1536K)->1407K(1536K)
[2.885s][info][gc             ] GC(31) Pause Full (System.gc()) 111M->74M(996M) 54.833ms
[2.885s][info][gc,cpu         ] GC(31) User=0.38s Sys=0.00s Real=0.06s
[2.927s][info][gc,start       ] GC(32) Pause Young (Allocation Failure)
[2.930s][info][gc,heap        ] GC(32) PSYoungGen: 290816K(320512K)->4960K(319488K) Eden: 290816K(290816K)->0K(290816K) From: 0K(29696K)->4960K(28672K)
[2.930s][info][gc,heap        ] GC(32) ParOldGen: 75856K(699392K)->75856K(699392K)
[2.930s][info][gc,metaspace   ] GC(32) Metaspace: 10969K(11200K)->10969K(11200K) NonClass: 9561K(9664K)->9561K(9664K) Class: 1407K(1536K)->1407K(1536K)
[2.930s][info][gc             ] GC(32) Pause Young (Allocation Failure) 358M->78M(995M) 3.633ms
[2.930s][info][gc,cpu         ] GC(32) User=0.00s Sys=0.00s Real=0.00s
[2.970s][info][gc,start       ] GC(33) Pause Young (Allocation Failure)
[2.975s][info][gc,heap        ] GC(33) PSYoungGen: 295776K(319488K)->5088K(323584K) Eden: 290816K(290816K)->0K(296960K) From: 4960K(28672K)->5088K(26624K)
[2.975s][info][gc,heap        ] GC(33) ParOldGen: 75856K(699392K)->80551K(699392K)
[2.975s][info][gc,metaspace   ] GC(33) Metaspace: 10969K(11200K)->10969K(11200K) NonClass: 9561K(9664K)->9561K(9664K) Class: 1407K(1536K)->1407K(1536K)
[2.975s][info][gc             ] GC(33) Pause Young (Allocation Failure) 362M->83M(999M) 5.117ms
[2.975s][info][gc,cpu         ] GC(33) User=0.09s Sys=0.00s Real=0.01s
[3.015s][info][gc,start       ] GC(34) Pause Young (Allocation Failure)
[3.021s][info][gc,heap        ] GC(34) PSYoungGen: 302048K(323584K)->6125K(322560K) Eden: 296960K(296960K)->0K(296960K) From: 5088K(26624K)->6125K(25600K)
[3.021s][info][gc,heap        ] GC(34) ParOldGen: 80551K(699392K)->85067K(699392K)
[3.021s][info][gc,metaspace   ] GC(34) Metaspace: 10969K(11200K)->10969K(11200K) NonClass: 9561K(9664K)->9561K(9664K) Class: 1407K(1536K)->1407K(1536K)
[3.021s][info][gc             ] GC(34) Pause Young (Allocation Failure) 373M->89M(998M) 5.388ms
[3.021s][info][gc,cpu         ] GC(34) User=0.09s Sys=0.00s Real=0.01s
[3.061s][info][gc,start       ] GC(35) Pause Young (Allocation Failure)
[3.066s][info][gc,heap        ] GC(35) PSYoungGen: 303085K(322560K)->5296K(326656K) Eden: 296960K(296960K)->0K(303104K) From: 6125K(25600K)->5296K(23552K)
[3.066s][info][gc,heap        ] GC(35) ParOldGen: 85067K(699392K)->90735K(699392K)
[3.066s][info][gc,metaspace   ] GC(35) Metaspace: 10969K(11200K)->10969K(11200K) NonClass: 9561K(9664K)->9561K(9664K) Class: 1407K(1536K)->1407K(1536K)
[3.066s][info][gc             ] GC(35) Pause Young (Allocation Failure) 379M->93M(1002M) 4.991ms
[3.066s][info][gc,cpu         ] GC(35) User=0.00s Sys=0.00s Real=0.01s
[3.109s][info][gc,start       ] GC(36) Pause Young (Allocation Failure)
[3.115s][info][gc,heap        ] GC(36) PSYoungGen: 308400K(326656K)->7091K(325632K) Eden: 303104K(303104K)->0K(303104K) From: 5296K(23552K)->7091K(22528K)
[3.115s][info][gc,heap        ] GC(36) ParOldGen: 90735K(699392K)->95760K(699392K)
[3.115s][info][gc,metaspace   ] GC(36) Metaspace: 10969K(11200K)->10969K(11200K) NonClass: 9562K(9664K)->9562K(9664K) Class: 1407K(1536K)->1407K(1536K)
[3.115s][info][gc             ] GC(36) Pause Young (Allocation Failure) 389M->100M(1001M) 5.953ms
[3.115s][info][gc,cpu         ] GC(36) User=0.09s Sys=0.00s Real=0.00s
[3.157s][info][gc,start       ] GC(37) Pause Young (Allocation Failure)
[3.163s][info][gc,heap        ] GC(37) PSYoungGen: 310195K(325632K)->5776K(329216K) Eden: 303104K(303104K)->0K(308224K) From: 7091K(22528K)->5776K(20992K)
[3.163s][info][gc,heap        ] GC(37) ParOldGen: 95760K(699392K)->102556K(699392K)
[3.163s][info][gc,metaspace   ] GC(37) Metaspace: 10969K(11200K)->10969K(11200K) NonClass: 9562K(9664K)->9562K(9664K) Class: 1407K(1536K)->1407K(1536K)
[3.163s][info][gc             ] GC(37) Pause Young (Allocation Failure) 396M->105M(1004M) 5.842ms
[3.163s][info][gc,cpu         ] GC(37) User=0.09s Sys=0.00s Real=0.01s
[3.200s][info][gc,start       ] GC(38) Pause Young (System.gc())
[3.206s][info][gc,heap        ] GC(38) PSYoungGen: 152627K(329216K)->6764K(328192K) Eden: 146851K(308224K)->0K(308224K) From: 5776K(20992K)->6764K(19968K)
[3.206s][info][gc,heap        ] GC(38) ParOldGen: 102556K(699392K)->107365K(699392K)
[3.206s][info][gc,metaspace   ] GC(38) Metaspace: 10973K(11200K)->10973K(11200K) NonClass: 9566K(9664K)->9566K(9664K) Class: 1407K(1536K)->1407K(1536K)
[3.206s][info][gc             ] GC(38) Pause Young (System.gc()) 249M->111M(1003M) 5.319ms
[3.206s][info][gc,cpu         ] GC(38) User=0.00s Sys=0.00s Real=0.02s
[3.206s][info][gc,start       ] GC(39) Pause Full (System.gc())
[3.206s][info][gc,phases,start] GC(39) Marking Phase
[3.241s][info][gc,phases      ] GC(39) Marking Phase 34.689ms
[3.241s][info][gc,phases,start] GC(39) Summary Phase
[3.241s][info][gc,phases      ] GC(39) Summary Phase 0.011ms
[3.241s][info][gc,phases,start] GC(39) Adjust Roots
[3.242s][info][gc,phases      ] GC(39) Adjust Roots 1.198ms
[3.242s][info][gc,phases,start] GC(39) Compaction Phase
[3.250s][info][gc,phases      ] GC(39) Compaction Phase 8.298ms
[3.250s][info][gc,phases,start] GC(39) Post Compact
[3.251s][info][gc,phases      ] GC(39) Post Compact 0.446ms
[3.251s][info][gc,heap        ] GC(39) PSYoungGen: 6764K(328192K)->0K(328192K) Eden: 0K(308224K)->0K(308224K) From: 6764K(19968K)->0K(19968K)
[3.251s][info][gc,heap        ] GC(39) ParOldGen: 107365K(699392K)->75856K(699392K)
[3.251s][info][gc,metaspace   ] GC(39) Metaspace: 10973K(11200K)->10973K(11200K) NonClass: 9566K(9664K)->9566K(9664K) Class: 1407K(1536K)->1407K(1536K)
[3.251s][info][gc             ] GC(39) Pause Full (System.gc()) 111M->74M(1003M) 44.884ms
[3.251s][info][gc,cpu         ] GC(39) User=0.16s Sys=0.00s Real=0.05s
[3.295s][info][gc,start       ] GC(40) Pause Young (Allocation Failure)
[3.298s][info][gc,heap        ] GC(40) PSYoungGen: 308224K(328192K)->5280K(331264K) Eden: 308224K(308224K)->0K(312832K) From: 0K(19968K)->5280K(18432K)
[3.298s][info][gc,heap        ] GC(40) ParOldGen: 75856K(699392K)->75856K(699392K)
[3.298s][info][gc,metaspace   ] GC(40) Metaspace: 10974K(11200K)->10974K(11200K) NonClass: 9567K(9664K)->9567K(9664K) Class: 1407K(1536K)->1407K(1536K)
[3.298s][info][gc             ] GC(40) Pause Young (Allocation Failure) 375M->79M(1006M) 3.530ms
[3.298s][info][gc,cpu         ] GC(40) User=0.00s Sys=0.00s Real=0.00s
[3.342s][info][gc,start       ] GC(41) Pause Young (Allocation Failure)
[3.347s][info][gc,heap        ] GC(41) PSYoungGen: 318112K(331264K)->5424K(330752K) Eden: 312832K(312832K)->0K(312832K) From: 5280K(18432K)->5424K(17920K)
[3.347s][info][gc,heap        ] GC(41) ParOldGen: 75856K(699392K)->80871K(699392K)
[3.347s][info][gc,metaspace   ] GC(41) Metaspace: 10976K(11264K)->10976K(11264K) NonClass: 9568K(9728K)->9568K(9728K) Class: 1407K(1536K)->1407K(1536K)
[3.347s][info][gc             ] GC(41) Pause Young (Allocation Failure) 384M->84M(1006M) 5.306ms
[3.348s][info][gc,cpu         ] GC(41) User=0.00s Sys=0.00s Real=0.00s
[3.390s][info][gc,start       ] GC(42) Pause Young (Allocation Failure)
[3.396s][info][gc,heap        ] GC(42) PSYoungGen: 318256K(330752K)->6268K(333312K) Eden: 312832K(312832K)->0K(316416K) From: 5424K(17920K)->6268K(16896K)
[3.396s][info][gc,heap        ] GC(42) ParOldGen: 80871K(699392K)->85711K(699392K)
[3.396s][info][gc,metaspace   ] GC(42) Metaspace: 10977K(11264K)->10977K(11264K) NonClass: 9570K(9728K)->9570K(9728K) Class: 1407K(1536K)->1407K(1536K)
[3.396s][info][gc             ] GC(42) Pause Young (Allocation Failure) 389M->89M(1008M) 5.823ms
[3.396s][info][gc,cpu         ] GC(42) User=0.09s Sys=0.00s Real=0.01s
[3.439s][info][gc,start       ] GC(43) Pause Young (Allocation Failure)
[3.444s][info][gc,heap        ] GC(43) PSYoungGen: 322684K(333312K)->5744K(332288K) Eden: 316416K(316416K)->0K(316416K) From: 6268K(16896K)->5744K(15872K)
[3.444s][info][gc,heap        ] GC(43) ParOldGen: 85711K(699392K)->91535K(699392K)
[3.444s][info][gc,metaspace   ] GC(43) Metaspace: 10977K(11264K)->10977K(11264K) NonClass: 9570K(9728K)->9570K(9728K) Class: 1407K(1536K)->1407K(1536K)
[3.444s][info][gc             ] GC(43) Pause Young (Allocation Failure) 398M->94M(1007M) 5.456ms
[3.444s][info][gc,cpu         ] GC(43) User=0.09s Sys=0.00s Real=0.00s
[3.488s][info][gc,start       ] GC(44) Pause Young (Allocation Failure)
[3.494s][info][gc,heap        ] GC(44) PSYoungGen: 322160K(332288K)->8512K(334336K) Eden: 316416K(316416K)->0K(319488K) From: 5744K(15872K)->8512K(14848K)
[3.494s][info][gc,heap        ] GC(44) ParOldGen: 91535K(699392K)->96860K(699392K)
[3.494s][info][gc,metaspace   ] GC(44) Metaspace: 10977K(11264K)->10977K(11264K) NonClass: 9570K(9728K)->9570K(9728K) Class: 1407K(1536K)->1407K(1536K)
[3.494s][info][gc             ] GC(44) Pause Young (Allocation Failure) 403M->102M(1009M) 6.499ms
[3.495s][info][gc,cpu         ] GC(44) User=0.09s Sys=0.00s Real=0.01s
[3.549s][info][gc,start       ] GC(45) Pause Young (Allocation Failure)
[3.555s][info][gc,heap        ] GC(45) PSYoungGen: 328000K(334336K)->5743K(334336K) Eden: 319488K(319488K)->0K(319488K) From: 8512K(14848K)->5743K(14848K)
[3.555s][info][gc,heap        ] GC(45) ParOldGen: 96860K(699392K)->105037K(699392K)
[3.555s][info][gc,metaspace   ] GC(45) Metaspace: 10977K(11264K)->10977K(11264K) NonClass: 9570K(9728K)->9570K(9728K) Class: 1407K(1536K)->1407K(1536K)
[3.555s][info][gc             ] GC(45) Pause Young (Allocation Failure) 414M->108M(1009M) 6.519ms
[3.555s][info][gc,cpu         ] GC(45) User=0.09s Sys=0.00s Real=0.01s
[3.571s][info][gc,start       ] GC(46) Pause Young (System.gc())
[3.575s][info][gc,heap        ] GC(46) PSYoungGen: 49145K(334336K)->4424K(335360K) Eden: 43401K(319488K)->0K(321024K) From: 5743K(14848K)->4424K(14336K)
[3.575s][info][gc,heap        ] GC(46) ParOldGen: 105037K(699392K)->110516K(699392K)
[3.575s][info][gc,metaspace   ] GC(46) Metaspace: 10979K(11264K)->10979K(11264K) NonClass: 9571K(9728K)->9571K(9728K) Class: 1407K(1536K)->1407K(1536K)
[3.575s][info][gc             ] GC(46) Pause Young (System.gc()) 150M->112M(1010M) 4.198ms
[3.575s][info][gc,cpu         ] GC(46) User=0.00s Sys=0.00s Real=0.01s
[3.575s][info][gc,start       ] GC(47) Pause Full (System.gc())
[3.575s][info][gc,phases,start] GC(47) Marking Phase
[3.623s][info][gc,phases      ] GC(47) Marking Phase 47.661ms
[3.623s][info][gc,phases,start] GC(47) Summary Phase
[3.623s][info][gc,phases      ] GC(47) Summary Phase 0.010ms
[3.623s][info][gc,phases,start] GC(47) Adjust Roots
[3.624s][info][gc,phases      ] GC(47) Adjust Roots 1.573ms
[3.624s][info][gc,phases,start] GC(47) Compaction Phase
[3.632s][info][gc,phases      ] GC(47) Compaction Phase 7.752ms
[3.632s][info][gc,phases,start] GC(47) Post Compact
[3.633s][info][gc,phases      ] GC(47) Post Compact 0.385ms
[3.633s][info][gc,heap        ] GC(47) PSYoungGen: 4424K(335360K)->0K(335360K) Eden: 0K(321024K)->0K(321024K) From: 4424K(14336K)->0K(14336K)
[3.633s][info][gc,heap        ] GC(47) ParOldGen: 110516K(699392K)->75856K(699392K)
[3.633s][info][gc,metaspace   ] GC(47) Metaspace: 10979K(11264K)->10979K(11264K) NonClass: 9571K(9728K)->9571K(9728K) Class: 1407K(1536K)->1407K(1536K)
[3.633s][info][gc             ] GC(47) Pause Full (System.gc()) 112M->74M(1010M) 57.612ms
[3.633s][info][gc,cpu         ] GC(47) User=0.38s Sys=0.00s Real=0.06s
[3.678s][info][gc,start       ] GC(48) Pause Young (Allocation Failure)
[3.682s][info][gc,heap        ] GC(48) PSYoungGen: 321024K(335360K)->5440K(334848K) Eden: 321024K(321024K)->0K(321024K) From: 0K(14336K)->5440K(13824K)
[3.682s][info][gc,heap        ] GC(48) ParOldGen: 75856K(699392K)->75856K(699392K)
[3.682s][info][gc,metaspace   ] GC(48) Metaspace: 10981K(11264K)->10981K(11264K) NonClass: 9573K(9728K)->9573K(9728K) Class: 1407K(1536K)->1407K(1536K)
[3.682s][info][gc             ] GC(48) Pause Young (Allocation Failure) 387M->79M(1010M) 3.610ms
[3.682s][info][gc,cpu         ] GC(48) User=0.00s Sys=0.00s Real=0.00s
[3.726s][info][gc,start       ] GC(49) Pause Young (Allocation Failure)
[3.731s][info][gc,heap        ] GC(49) PSYoungGen: 326464K(334848K)->5504K(336384K) Eden: 321024K(321024K)->0K(323072K) From: 5440K(13824K)->5504K(13312K)
[3.731s][info][gc,heap        ] GC(49) ParOldGen: 75856K(699392K)->81120K(699392K)
[3.731s][info][gc,metaspace   ] GC(49) Metaspace: 10981K(11264K)->10981K(11264K) NonClass: 9573K(9728K)->9573K(9728K) Class: 1407K(1536K)->1407K(1536K)
[3.731s][info][gc             ] GC(49) Pause Young (Allocation Failure) 392M->84M(1011M) 5.570ms
[3.731s][info][gc,cpu         ] GC(49) User=0.00s Sys=0.00s Real=0.01s
[3.776s][info][gc,start       ] GC(50) Pause Young (Allocation Failure)
[3.781s][info][gc,heap        ] GC(50) PSYoungGen: 328576K(336384K)->6591K(335872K) Eden: 323072K(323072K)->0K(323072K) From: 5504K(13312K)->6591K(12800K)
[3.781s][info][gc,heap        ] GC(50) ParOldGen: 81120K(699392K)->86094K(699392K)
[3.781s][info][gc,metaspace   ] GC(50) Metaspace: 10981K(11264K)->10981K(11264K) NonClass: 9573K(9728K)->9573K(9728K) Class: 1407K(1536K)->1407K(1536K)
[3.781s][info][gc             ] GC(50) Pause Young (Allocation Failure) 400M->90M(1011M) 5.907ms
[3.782s][info][gc,cpu         ] GC(50) User=0.00s Sys=0.00s Real=0.01s
[3.826s][info][gc,start       ] GC(51) Pause Young (Allocation Failure)
[3.831s][info][gc,heap        ] GC(51) PSYoungGen: 329663K(335872K)->5808K(337408K) Eden: 323072K(323072K)->0K(325120K) From: 6591K(12800K)->5808K(12288K)
[3.831s][info][gc,heap        ] GC(51) ParOldGen: 86094K(699392K)->92226K(699392K)
[3.831s][info][gc,metaspace   ] GC(51) Metaspace: 10981K(11264K)->10981K(11264K) NonClass: 9573K(9728K)->9573K(9728K) Class: 1407K(1536K)->1407K(1536K)
[3.831s][info][gc             ] GC(51) Pause Young (Allocation Failure) 406M->95M(1012M) 5.542ms
[3.831s][info][gc,cpu         ] GC(51) User=0.00s Sys=0.00s Real=0.01s
[3.875s][info][gc,start       ] GC(52) Pause Young (Allocation Failure)
[3.881s][info][gc,heap        ] GC(52) PSYoungGen: 330928K(337408K)->8162K(336896K) Eden: 325120K(325120K)->0K(325120K) From: 5808K(12288K)->8162K(11776K)
[3.881s][info][gc,heap        ] GC(52) ParOldGen: 92226K(699392K)->97491K(699392K)
[3.881s][info][gc,metaspace   ] GC(52) Metaspace: 10981K(11264K)->10981K(11264K) NonClass: 9573K(9728K)->9573K(9728K) Class: 1407K(1536K)->1407K(1536K)
[3.881s][info][gc             ] GC(52) Pause Young (Allocation Failure) 413M->103M(1012M) 6.170ms
[3.881s][info][gc,cpu         ] GC(52) User=0.08s Sys=0.02s Real=0.01s
[3.947s][info][gc,start       ] GC(53) Pause Young (System.gc())
[3.954s][info][gc,heap        ] GC(53) PSYoungGen: 323321K(336896K)->8477K(336384K) Eden: 315158K(325120K)->0K(324608K) From: 8162K(11776K)->8477K(11776K)
[3.954s][info][gc,heap        ] GC(53) ParOldGen: 97491K(699392K)->104759K(699392K)
[3.954s][info][gc,metaspace   ] GC(53) Metaspace: 10981K(11264K)->10981K(11264K) NonClass: 9573K(9728K)->9573K(9728K) Class: 1407K(1536K)->1407K(1536K)
[3.954s][info][gc             ] GC(53) Pause Young (System.gc()) 410M->110M(1011M) 7.311ms
[3.954s][info][gc,cpu         ] GC(53) User=0.00s Sys=0.00s Real=0.01s
[3.954s][info][gc,start       ] GC(54) Pause Full (System.gc())
[3.954s][info][gc,phases,start] GC(54) Marking Phase
[4.033s][info][gc,phases      ] GC(54) Marking Phase 78.876ms
[4.033s][info][gc,phases,start] GC(54) Summary Phase
[4.033s][info][gc,phases      ] GC(54) Summary Phase 0.010ms
[4.033s][info][gc,phases,start] GC(54) Adjust Roots
[4.034s][info][gc,phases      ] GC(54) Adjust Roots 1.085ms
[4.034s][info][gc,phases,start] GC(54) Compaction Phase
[4.043s][info][gc,phases      ] GC(54) Compaction Phase 8.392ms
[4.043s][info][gc,phases,start] GC(54) Post Compact
[4.043s][info][gc,phases      ] GC(54) Post Compact 0.421ms
[4.043s][info][gc,heap        ] GC(54) PSYoungGen: 8477K(336384K)->0K(336384K) Eden: 0K(324608K)->0K(324608K) From: 8477K(11776K)->0K(11776K)
[4.043s][info][gc,heap        ] GC(54) ParOldGen: 104759K(699392K)->75856K(699392K)
[4.043s][info][gc,metaspace   ] GC(54) Metaspace: 10981K(11264K)->10981K(11264K) NonClass: 9573K(9728K)->9573K(9728K) Class: 1407K(1536K)->1407K(1536K)
[4.043s][info][gc             ] GC(54) Pause Full (System.gc()) 110M->74M(1011M) 89.031ms
[4.043s][info][gc,cpu         ] GC(54) User=0.56s Sys=0.00s Real=0.09s
[4.090s][info][gc,start       ] GC(55) Pause Young (Allocation Failure)
[4.095s][info][gc,heap        ] GC(55) PSYoungGen: 324608K(336384K)->5504K(336896K) Eden: 324608K(324608K)->0K(324608K) From: 0K(11776K)->5504K(12288K)
[4.095s][info][gc,heap        ] GC(55) ParOldGen: 75856K(699392K)->75856K(699392K)
[4.095s][info][gc,metaspace   ] GC(55) Metaspace: 10983K(11264K)->10983K(11264K) NonClass: 9576K(9728K)->9576K(9728K) Class: 1407K(1536K)->1407K(1536K)
[4.095s][info][gc             ] GC(55) Pause Young (Allocation Failure) 391M->79M(1012M) 4.960ms
[4.095s][info][gc,cpu         ] GC(55) User=0.00s Sys=0.00s Real=0.00s
[4.140s][info][gc,start       ] GC(56) Pause Young (Allocation Failure)
[4.146s][info][gc,heap        ] GC(56) PSYoungGen: 330112K(336896K)->5568K(337408K) Eden: 324608K(324608K)->0K(325632K) From: 5504K(12288K)->5568K(11776K)
[4.146s][info][gc,heap        ] GC(56) ParOldGen: 75856K(699392K)->81168K(699392K)
[4.146s][info][gc,metaspace   ] GC(56) Metaspace: 10984K(11264K)->10984K(11264K) NonClass: 9577K(9728K)->9577K(9728K) Class: 1407K(1536K)->1407K(1536K)
[4.146s][info][gc             ] GC(56) Pause Young (Allocation Failure) 396M->84M(1012M) 5.845ms
[4.146s][info][gc,cpu         ] GC(56) User=0.09s Sys=0.00s Real=0.00s
[4.191s][info][gc,start       ] GC(57) Pause Young (Allocation Failure)
[4.196s][info][gc,heap        ] GC(57) PSYoungGen: 331200K(337408K)->6526K(337408K) Eden: 325632K(325632K)->0K(325632K) From: 5568K(11776K)->6526K(11776K)
[4.197s][info][gc,heap        ] GC(57) ParOldGen: 81168K(699392K)->86199K(699392K)
[4.197s][info][gc,metaspace   ] GC(57) Metaspace: 10985K(11264K)->10985K(11264K) NonClass: 9578K(9728K)->9578K(9728K) Class: 1407K(1536K)->1407K(1536K)
[4.197s][info][gc             ] GC(57) Pause Young (Allocation Failure) 402M->90M(1012M) 6.049ms
[4.197s][info][gc,cpu         ] GC(57) User=0.09s Sys=0.00s Real=0.00s
[4.244s][info][gc,start       ] GC(58) Pause Young (Allocation Failure)
[4.250s][info][gc,heap        ] GC(58) PSYoungGen: 332158K(337408K)->5840K(338432K) Eden: 325632K(325632K)->0K(327168K) From: 6526K(11776K)->5840K(11264K)
[4.250s][info][gc,heap        ] GC(58) ParOldGen: 86199K(699392K)->92307K(699392K)
[4.250s][info][gc,metaspace   ] GC(58) Metaspace: 10985K(11264K)->10985K(11264K) NonClass: 9578K(9728K)->9578K(9728K) Class: 1407K(1536K)->1407K(1536K)
[4.250s][info][gc             ] GC(58) Pause Young (Allocation Failure) 408M->95M(1013M) 6.500ms
[4.250s][info][gc,cpu         ] GC(58) User=0.00s Sys=0.00s Real=0.01s
[4.295s][info][gc,start       ] GC(59) Pause Young (Allocation Failure)
[4.302s][info][gc,heap        ] GC(59) PSYoungGen: 333008K(338432K)->8863K(337920K) Eden: 327168K(327168K)->0K(327168K) From: 5840K(11264K)->8863K(10752K)
[4.302s][info][gc,heap        ] GC(59) ParOldGen: 92307K(699392K)->97653K(699392K)
[4.302s][info][gc,metaspace   ] GC(59) Metaspace: 10985K(11264K)->10985K(11264K) NonClass: 9578K(9728K)->9578K(9728K) Class: 1407K(1536K)->1407K(1536K)
[4.302s][info][gc             ] GC(59) Pause Young (Allocation Failure) 415M->104M(1013M) 6.719ms
[4.302s][info][gc,cpu         ] GC(59) User=0.09s Sys=0.00s Real=0.01s
[4.359s][info][gc,start       ] GC(60) Pause Young (System.gc())
[4.366s][info][gc,heap        ] GC(60) PSYoungGen: 308380K(337920K)->8646K(336896K) Eden: 299516K(327168K)->0K(325632K) From: 8863K(10752K)->8646K(11264K)
[4.366s][info][gc,heap        ] GC(60) ParOldGen: 97653K(699392K)->104784K(699392K)
[4.366s][info][gc,metaspace   ] GC(60) Metaspace: 10988K(11264K)->10988K(11264K) NonClass: 9581K(9728K)->9581K(9728K) Class: 1407K(1536K)->1407K(1536K)
[4.366s][info][gc             ] GC(60) Pause Young (System.gc()) 396M->110M(1012M) 7.710ms
[4.366s][info][gc,cpu         ] GC(60) User=0.09s Sys=0.00s Real=0.01s
[4.367s][info][gc,start       ] GC(61) Pause Full (System.gc())
[4.367s][info][gc,phases,start] GC(61) Marking Phase
[4.413s][info][gc,phases      ] GC(61) Marking Phase 46.265ms
[4.413s][info][gc,phases,start] GC(61) Summary Phase
[4.413s][info][gc,phases      ] GC(61) Summary Phase 0.010ms
[4.413s][info][gc,phases,start] GC(61) Adjust Roots
[4.414s][info][gc,phases      ] GC(61) Adjust Roots 1.161ms
[4.414s][info][gc,phases,start] GC(61) Compaction Phase
[4.422s][info][gc,phases      ] GC(61) Compaction Phase 7.643ms
[4.422s][info][gc,phases,start] GC(61) Post Compact
[4.422s][info][gc,phases      ] GC(61) Post Compact 0.363ms
[4.422s][info][gc,heap        ] GC(61) PSYoungGen: 8646K(336896K)->0K(336896K) Eden: 0K(325632K)->0K(325632K) From: 8646K(11264K)->0K(11264K)
[4.422s][info][gc,heap        ] GC(61) ParOldGen: 104784K(699392K)->75856K(699392K)
[4.422s][info][gc,metaspace   ] GC(61) Metaspace: 10988K(11264K)->10988K(11264K) NonClass: 9581K(9728K)->9581K(9728K) Class: 1407K(1536K)->1407K(1536K)
[4.422s][info][gc             ] GC(61) Pause Full (System.gc()) 110M->74M(1012M) 55.648ms
[4.422s][info][gc,cpu         ] GC(61) User=0.28s Sys=0.00s Real=0.06s
[4.468s][info][gc,start       ] GC(62) Pause Young (Allocation Failure)
[4.472s][info][gc,heap        ] GC(62) PSYoungGen: 325632K(336896K)->5504K(337408K) Eden: 325632K(325632K)->0K(325632K) From: 0K(11264K)->5504K(11776K)
[4.472s][info][gc,heap        ] GC(62) ParOldGen: 75856K(699392K)->75856K(699392K)
[4.472s][info][gc,metaspace   ] GC(62) Metaspace: 10988K(11264K)->10988K(11264K) NonClass: 9581K(9728K)->9581K(9728K) Class: 1407K(1536K)->1407K(1536K)
[4.472s][info][gc             ] GC(62) Pause Young (Allocation Failure) 392M->79M(1012M) 3.822ms
[4.472s][info][gc,cpu         ] GC(62) User=0.00s Sys=0.00s Real=0.00s
[4.518s][info][gc,start       ] GC(63) Pause Young (Allocation Failure)
[4.523s][info][gc,heap        ] GC(63) PSYoungGen: 331136K(337408K)->5664K(337920K) Eden: 325632K(325632K)->0K(326656K) From: 5504K(11776K)->5664K(11264K)
[4.523s][info][gc,heap        ] GC(63) ParOldGen: 75856K(699392K)->81117K(699392K)
[4.523s][info][gc,metaspace   ] GC(63) Metaspace: 10989K(11264K)->10989K(11264K) NonClass: 9582K(9728K)->9582K(9728K) Class: 1407K(1536K)->1407K(1536K)
[4.523s][info][gc             ] GC(63) Pause Young (Allocation Failure) 397M->84M(1013M) 5.424ms
[4.523s][info][gc,cpu         ] GC(63) User=0.09s Sys=0.00s Real=0.00s
[4.568s][info][gc,start       ] GC(64) Pause Young (Allocation Failure)
[4.574s][info][gc,heap        ] GC(64) PSYoungGen: 332320K(337920K)->7077K(337920K) Eden: 326656K(326656K)->0K(326656K) From: 5664K(11264K)->7077K(11264K)
[4.574s][info][gc,heap        ] GC(64) ParOldGen: 81117K(699392K)->86187K(699392K)
[4.574s][info][gc,metaspace   ] GC(64) Metaspace: 10989K(11264K)->10989K(11264K) NonClass: 9582K(9728K)->9582K(9728K) Class: 1407K(1536K)->1407K(1536K)
[4.574s][info][gc             ] GC(64) Pause Young (Allocation Failure) 403M->91M(1013M) 6.043ms
[4.574s][info][gc,cpu         ] GC(64) User=0.00s Sys=0.00s Real=0.00s
[4.618s][info][gc,start       ] GC(65) Pause Young (Allocation Failure)
[4.624s][info][gc,heap        ] GC(65) PSYoungGen: 333733K(337920K)->5872K(338432K) Eden: 326656K(326656K)->0K(327680K) From: 7077K(11264K)->5872K(10752K)
[4.624s][info][gc,heap        ] GC(65) ParOldGen: 86187K(699392K)->92824K(699392K)
[4.624s][info][gc,metaspace   ] GC(65) Metaspace: 10989K(11264K)->10989K(11264K) NonClass: 9582K(9728K)->9582K(9728K) Class: 1407K(1536K)->1407K(1536K)
[4.624s][info][gc             ] GC(65) Pause Young (Allocation Failure) 410M->96M(1013M) 5.537ms
[4.624s][info][gc,cpu         ] GC(65) User=0.00s Sys=0.00s Real=0.00s
[4.668s][info][gc,start       ] GC(66) Pause Young (Allocation Failure)
[4.675s][info][gc,heap        ] GC(66) PSYoungGen: 333552K(338432K)->8022K(338432K) Eden: 327680K(327680K)->0K(327680K) From: 5872K(10752K)->8022K(10752K)
[4.675s][info][gc,heap        ] GC(66) ParOldGen: 92824K(699392K)->98074K(699392K)
[4.675s][info][gc,metaspace   ] GC(66) Metaspace: 10990K(11264K)->10990K(11264K) NonClass: 9582K(9728K)->9582K(9728K) Class: 1407K(1536K)->1407K(1536K)
[4.675s][info][gc             ] GC(66) Pause Young (Allocation Failure) 416M->103M(1013M) 6.371ms
[4.675s][info][gc,cpu         ] GC(66) User=0.00s Sys=0.00s Real=0.01s
[4.737s][info][gc,start       ] GC(67) Pause Young (System.gc())
[4.745s][info][gc,heap        ] GC(67) PSYoungGen: 303880K(338432K)->9089K(337408K) Eden: 295857K(327680K)->0K(326656K) From: 8022K(10752K)->9089K(10752K)
[4.745s][info][gc,heap        ] GC(67) ParOldGen: 98074K(699392K)->104274K(699392K)
[4.745s][info][gc,metaspace   ] GC(67) Metaspace: 10996K(11264K)->10996K(11264K) NonClass: 9588K(9728K)->9588K(9728K) Class: 1407K(1536K)->1407K(1536K)
[4.745s][info][gc             ] GC(67) Pause Young (System.gc()) 392M->110M(1012M) 8.202ms
[4.745s][info][gc,cpu         ] GC(67) User=0.08s Sys=0.00s Real=0.01s
[4.745s][info][gc,start       ] GC(68) Pause Full (System.gc())
[4.745s][info][gc,phases,start] GC(68) Marking Phase
[4.800s][info][gc,phases      ] GC(68) Marking Phase 54.571ms
[4.800s][info][gc,phases,start] GC(68) Summary Phase
[4.800s][info][gc,phases      ] GC(68) Summary Phase 0.010ms
[4.800s][info][gc,phases,start] GC(68) Adjust Roots
[4.801s][info][gc,phases      ] GC(68) Adjust Roots 1.140ms
[4.801s][info][gc,phases,start] GC(68) Compaction Phase
[4.809s][info][gc,phases      ] GC(68) Compaction Phase 7.694ms
[4.809s][info][gc,phases,start] GC(68) Post Compact
[4.809s][info][gc,phases      ] GC(68) Post Compact 0.410ms
[4.809s][info][gc,heap        ] GC(68) PSYoungGen: 9089K(337408K)->0K(337408K) Eden: 0K(326656K)->0K(326656K) From: 9089K(10752K)->0K(10752K)
[4.809s][info][gc,heap        ] GC(68) ParOldGen: 104274K(699392K)->75856K(699392K)
[4.809s][info][gc,metaspace   ] GC(68) Metaspace: 10996K(11264K)->10996K(11264K) NonClass: 9588K(9728K)->9588K(9728K) Class: 1407K(1536K)->1407K(1536K)
[4.809s][info][gc             ] GC(68) Pause Full (System.gc()) 110M->74M(1012M) 64.081ms
[4.809s][info][gc,cpu         ] GC(68) User=0.38s Sys=0.00s Real=0.06s
[4.855s][info][gc,start       ] GC(69) Pause Young (Allocation Failure)
[4.859s][info][gc,heap        ] GC(69) PSYoungGen: 326656K(337408K)->5504K(337920K) Eden: 326656K(326656K)->0K(326656K) From: 0K(10752K)->5504K(11264K)
[4.859s][info][gc,heap        ] GC(69) ParOldGen: 75856K(699392K)->75856K(699392K)
[4.859s][info][gc,metaspace   ] GC(69) Metaspace: 10999K(11264K)->10999K(11264K) NonClass: 9592K(9728K)->9592K(9728K) Class: 1407K(1536K)->1407K(1536K)
[4.859s][info][gc             ] GC(69) Pause Young (Allocation Failure) 393M->79M(1013M) 3.910ms
[4.859s][info][gc,cpu         ] GC(69) User=0.00s Sys=0.00s Real=0.00s
[4.904s][info][gc,start       ] GC(70) Pause Young (Allocation Failure)
[4.910s][info][gc,heap        ] GC(70) PSYoungGen: 332160K(337920K)->5648K(338432K) Eden: 326656K(326656K)->0K(327168K) From: 5504K(11264K)->5648K(11264K)
[4.910s][info][gc,heap        ] GC(70) ParOldGen: 75856K(699392K)->81180K(699392K)
[4.910s][info][gc,metaspace   ] GC(70) Metaspace: 10999K(11264K)->10999K(11264K) NonClass: 9592K(9728K)->9592K(9728K) Class: 1407K(1536K)->1407K(1536K)
[4.910s][info][gc             ] GC(70) Pause Young (Allocation Failure) 398M->84M(1013M) 5.769ms
[4.910s][info][gc,cpu         ] GC(70) User=0.00s Sys=0.00s Real=0.01s
[4.954s][info][gc,start       ] GC(71) Pause Young (Allocation Failure)
[4.960s][info][gc,heap        ] GC(71) PSYoungGen: 332816K(338432K)->6666K(337920K) Eden: 327168K(327168K)->0K(327168K) From: 5648K(11264K)->6666K(10752K)
[4.960s][info][gc,heap        ] GC(71) ParOldGen: 81180K(699392K)->86279K(699392K)
[4.960s][info][gc,metaspace   ] GC(71) Metaspace: 10999K(11264K)->10999K(11264K) NonClass: 9592K(9728K)->9592K(9728K) Class: 1407K(1536K)->1407K(1536K)
[4.960s][info][gc             ] GC(71) Pause Young (Allocation Failure) 404M->90M(1013M) 5.992ms
[4.960s][info][gc,cpu         ] GC(71) User=0.09s Sys=0.00s Real=0.01s
[5.005s][info][gc,start       ] GC(72) Pause Young (Allocation Failure)
[5.011s][info][gc,heap        ] GC(72) PSYoungGen: 333834K(337920K)->7112K(338944K) Eden: 327168K(327168K)->0K(328704K) From: 6666K(10752K)->7112K(10240K)
[5.011s][info][gc,heap        ] GC(72) ParOldGen: 86279K(699392K)->91781K(699392K)
[5.011s][info][gc,metaspace   ] GC(72) Metaspace: 11000K(11264K)->11000K(11264K) NonClass: 9592K(9728K)->9592K(9728K) Class: 1407K(1536K)->1407K(1536K)
[5.011s][info][gc             ] GC(72) Pause Young (Allocation Failure) 410M->96M(1014M) 6.416ms
[5.011s][info][gc,cpu         ] GC(72) User=0.00s Sys=0.00s Real=0.01s
[5.056s][info][gc,start       ] GC(73) Pause Young (Allocation Failure)
[5.064s][info][gc,heap        ] GC(73) PSYoungGen: 335816K(338944K)->7806K(338944K) Eden: 328704K(328704K)->0K(328704K) From: 7112K(10240K)->7806K(10240K)
[5.064s][info][gc,heap        ] GC(73) ParOldGen: 91781K(699392K)->97761K(699392K)
[5.064s][info][gc,metaspace   ] GC(73) Metaspace: 11000K(11264K)->11000K(11264K) NonClass: 9592K(9728K)->9592K(9728K) Class: 1407K(1536K)->1407K(1536K)
[5.064s][info][gc             ] GC(73) Pause Young (Allocation Failure) 417M->103M(1014M) 8.627ms
[5.064s][info][gc,cpu         ] GC(73) User=0.00s Sys=0.00s Real=0.01s
[5.124s][info][gc,start       ] GC(74) Pause Young (System.gc())
[5.131s][info][gc,heap        ] GC(74) PSYoungGen: 300541K(338944K)->8457K(337920K) Eden: 292735K(328704K)->0K(327680K) From: 7806K(10240K)->8457K(10240K)
[5.131s][info][gc,heap        ] GC(74) ParOldGen: 97761K(699392K)->104510K(699392K)
[5.131s][info][gc,metaspace   ] GC(74) Metaspace: 11012K(11264K)->11012K(11264K) NonClass: 9604K(9728K)->9604K(9728K) Class: 1407K(1536K)->1407K(1536K)
[5.131s][info][gc             ] GC(74) Pause Young (System.gc()) 388M->110M(1013M) 6.920ms
[5.131s][info][gc,cpu         ] GC(74) User=0.09s Sys=0.00s Real=0.01s
[5.131s][info][gc,start       ] GC(75) Pause Full (System.gc())
[5.131s][info][gc,phases,start] GC(75) Marking Phase
[5.177s][info][gc,phases      ] GC(75) Marking Phase 45.454ms
[5.177s][info][gc,phases,start] GC(75) Summary Phase
[5.177s][info][gc,phases      ] GC(75) Summary Phase 0.010ms
[5.177s][info][gc,phases,start] GC(75) Adjust Roots
[5.178s][info][gc,phases      ] GC(75) Adjust Roots 1.180ms
[5.178s][info][gc,phases,start] GC(75) Compaction Phase
[5.186s][info][gc,phases      ] GC(75) Compaction Phase 8.110ms
[5.186s][info][gc,phases,start] GC(75) Post Compact
[5.186s][info][gc,phases      ] GC(75) Post Compact 0.361ms
[5.186s][info][gc,heap        ] GC(75) PSYoungGen: 8457K(337920K)->0K(337920K) Eden: 0K(327680K)->0K(327680K) From: 8457K(10240K)->0K(10240K)
[5.186s][info][gc,heap        ] GC(75) ParOldGen: 104510K(699392K)->75856K(699392K)
[5.186s][info][gc,metaspace   ] GC(75) Metaspace: 11012K(11264K)->11012K(11264K) NonClass: 9604K(9728K)->9604K(9728K) Class: 1407K(1536K)->1407K(1536K)
[5.186s][info][gc             ] GC(75) Pause Full (System.gc()) 110M->74M(1013M) 55.328ms
[5.186s][info][gc,cpu         ] GC(75) User=0.20s Sys=0.00s Real=0.06s
[5.235s][info][gc,start       ] GC(76) Pause Young (Allocation Failure)
[5.240s][info][gc,heap        ] GC(76) PSYoungGen: 327680K(337920K)->5568K(338432K) Eden: 327680K(327680K)->0K(327680K) From: 0K(10240K)->5568K(10752K)
[5.240s][info][gc,heap        ] GC(76) ParOldGen: 75856K(699392K)->75856K(699392K)
[5.240s][info][gc,metaspace   ] GC(76) Metaspace: 11013K(11264K)->11013K(11264K) NonClass: 9606K(9728K)->9606K(9728K) Class: 1407K(1536K)->1407K(1536K)
[5.240s][info][gc             ] GC(76) Pause Young (Allocation Failure) 394M->79M(1013M) 4.171ms
[5.240s][info][gc,cpu         ] GC(76) User=0.08s Sys=0.00s Real=0.00s
[5.285s][info][gc,start       ] GC(77) Pause Young (Allocation Failure)
[5.291s][info][gc,heap        ] GC(77) PSYoungGen: 333248K(338432K)->5648K(338944K) Eden: 327680K(327680K)->0K(328192K) From: 5568K(10752K)->5648K(10752K)
[5.291s][info][gc,heap        ] GC(77) ParOldGen: 75856K(699392K)->81265K(699392K)
[5.291s][info][gc,metaspace   ] GC(77) Metaspace: 11013K(11264K)->11013K(11264K) NonClass: 9606K(9728K)->9606K(9728K) Class: 1407K(1536K)->1407K(1536K)
[5.291s][info][gc             ] GC(77) Pause Young (Allocation Failure) 399M->84M(1014M) 6.039ms
[5.291s][info][gc,cpu         ] GC(77) User=0.09s Sys=0.00s Real=0.01s
[5.336s][info][gc,start       ] GC(78) Pause Young (Allocation Failure)
[5.342s][info][gc,heap        ] GC(78) PSYoungGen: 333840K(338944K)->6545K(338432K) Eden: 328192K(328192K)->0K(328192K) From: 5648K(10752K)->6545K(10240K)
[5.342s][info][gc,heap        ] GC(78) ParOldGen: 81265K(699392K)->86411K(699392K)
[5.342s][info][gc,metaspace   ] GC(78) Metaspace: 11013K(11264K)->11013K(11264K) NonClass: 9606K(9728K)->9606K(9728K) Class: 1407K(1536K)->1407K(1536K)
[5.342s][info][gc             ] GC(78) Pause Young (Allocation Failure) 405M->90M(1013M) 5.932ms
[5.342s][info][gc,cpu         ] GC(78) User=0.00s Sys=0.00s Real=0.00s
[5.389s][info][gc,start       ] GC(79) Pause Young (Allocation Failure)
[5.395s][info][gc,heap        ] GC(79) PSYoungGen: 334737K(338432K)->5760K(339456K) Eden: 328192K(328192K)->0K(329216K) From: 6545K(10240K)->5760K(10240K)
[5.395s][info][gc,heap        ] GC(79) ParOldGen: 86411K(699392K)->92554K(699392K)
[5.395s][info][gc,metaspace   ] GC(79) Metaspace: 11013K(11264K)->11013K(11264K) NonClass: 9606K(9728K)->9606K(9728K) Class: 1407K(1536K)->1407K(1536K)
[5.395s][info][gc             ] GC(79) Pause Young (Allocation Failure) 411M->96M(1014M) 5.614ms
[5.395s][info][gc,cpu         ] GC(79) User=0.00s Sys=0.00s Real=0.00s
[5.439s][info][gc,start       ] GC(80) Pause Young (Allocation Failure)
[5.446s][info][gc,heap        ] GC(80) PSYoungGen: 334976K(339456K)->8867K(338944K) Eden: 329216K(329216K)->0K(329216K) From: 5760K(10240K)->8867K(9728K)
[5.446s][info][gc,heap        ] GC(80) ParOldGen: 92554K(699392K)->97856K(699392K)
[5.446s][info][gc,metaspace   ] GC(80) Metaspace: 11019K(11264K)->11019K(11264K) NonClass: 9612K(9728K)->9612K(9728K) Class: 1407K(1536K)->1407K(1536K)
[5.446s][info][gc             ] GC(80) Pause Young (Allocation Failure) 417M->104M(1014M) 6.276ms
[5.446s][info][gc,cpu         ] GC(80) User=0.09s Sys=0.00s Real=0.01s
[5.505s][info][gc,start       ] GC(81) Pause Young (System.gc())
[5.512s][info][gc,heap        ] GC(81) PSYoungGen: 296231K(338944K)->7567K(338944K) Eden: 287363K(329216K)->0K(328704K) From: 8867K(9728K)->7567K(10240K)
[5.512s][info][gc,heap        ] GC(81) ParOldGen: 97856K(699392K)->105847K(699392K)
[5.512s][info][gc,metaspace   ] GC(81) Metaspace: 11019K(11264K)->11019K(11264K) NonClass: 9612K(9728K)->9612K(9728K) Class: 1407K(1536K)->1407K(1536K)
[5.512s][info][gc             ] GC(81) Pause Young (System.gc()) 384M->110M(1014M) 7.159ms
[5.512s][info][gc,cpu         ] GC(81) User=0.02s Sys=0.00s Real=0.02s
[5.512s][info][gc,start       ] GC(82) Pause Full (System.gc())
[5.512s][info][gc,phases,start] GC(82) Marking Phase
[5.556s][info][gc,phases      ] GC(82) Marking Phase 44.428ms
[5.556s][info][gc,phases,start] GC(82) Summary Phase
[5.556s][info][gc,phases      ] GC(82) Summary Phase 0.010ms
[5.556s][info][gc,phases,start] GC(82) Adjust Roots
[5.558s][info][gc,phases      ] GC(82) Adjust Roots 1.704ms
[5.558s][info][gc,phases,start] GC(82) Compaction Phase
[5.566s][info][gc,phases      ] GC(82) Compaction Phase 8.046ms
[5.566s][info][gc,phases,start] GC(82) Post Compact
[5.567s][info][gc,phases      ] GC(82) Post Compact 0.364ms
[5.567s][info][gc,heap        ] GC(82) PSYoungGen: 7567K(338944K)->0K(338944K) Eden: 0K(328704K)->0K(328704K) From: 7567K(10240K)->0K(10240K)
[5.567s][info][gc,heap        ] GC(82) ParOldGen: 105847K(699392K)->75856K(699392K)
[5.567s][info][gc,metaspace   ] GC(82) Metaspace: 11019K(11264K)->11019K(11264K) NonClass: 9612K(9728K)->9612K(9728K) Class: 1407K(1536K)->1407K(1536K)
[5.567s][info][gc             ] GC(82) Pause Full (System.gc()) 110M->74M(1014M) 54.757ms
[5.567s][info][gc,cpu         ] GC(82) User=0.27s Sys=0.02s Real=0.05s
[5.613s][info][gc,start       ] GC(83) Pause Young (Allocation Failure)
[5.617s][info][gc,heap        ] GC(83) PSYoungGen: 328704K(338944K)->5568K(338944K) Eden: 328704K(328704K)->0K(328704K) From: 0K(10240K)->5568K(10240K)
[5.617s][info][gc,heap        ] GC(83) ParOldGen: 75856K(699392K)->75856K(699392K)
[5.617s][info][gc,metaspace   ] GC(83) Metaspace: 11020K(11264K)->11020K(11264K) NonClass: 9612K(9728K)->9612K(9728K) Class: 1407K(1536K)->1407K(1536K)
[5.617s][info][gc             ] GC(83) Pause Young (Allocation Failure) 395M->79M(1014M) 3.714ms
[5.617s][info][gc,cpu         ] GC(83) User=0.09s Sys=0.00s Real=0.00s
[5.662s][info][gc,start       ] GC(84) Pause Young (Allocation Failure)
[5.667s][info][gc,heap        ] GC(84) PSYoungGen: 334272K(338944K)->5664K(338944K) Eden: 328704K(328704K)->0K(328704K) From: 5568K(10240K)->5664K(10240K)
[5.667s][info][gc,heap        ] GC(84) ParOldGen: 75856K(699392K)->81239K(699392K)
[5.667s][info][gc,metaspace   ] GC(84) Metaspace: 11020K(11264K)->11020K(11264K) NonClass: 9612K(9728K)->9612K(9728K) Class: 1407K(1536K)->1407K(1536K)
[5.667s][info][gc             ] GC(84) Pause Young (Allocation Failure) 400M->84M(1014M) 5.686ms
[5.667s][info][gc,cpu         ] GC(84) User=0.00s Sys=0.00s Real=0.01s
[5.712s][info][gc,start       ] GC(85) Pause Young (Allocation Failure)
[5.718s][info][gc,heap        ] GC(85) PSYoungGen: 334368K(338944K)->6669K(338944K) Eden: 328704K(328704K)->0K(328704K) From: 5664K(10240K)->6669K(10240K)
[5.719s][info][gc,heap        ] GC(85) ParOldGen: 81239K(699392K)->86343K(699392K)
[5.719s][info][gc,metaspace   ] GC(85) Metaspace: 11023K(11264K)->11023K(11264K) NonClass: 9616K(9728K)->9616K(9728K) Class: 1407K(1536K)->1407K(1536K)
[5.719s][info][gc             ] GC(85) Pause Young (Allocation Failure) 405M->90M(1014M) 6.066ms
[5.719s][info][gc,cpu         ] GC(85) User=0.00s Sys=0.00s Real=0.01s
[5.764s][info][gc,start       ] GC(86) Pause Young (Allocation Failure)
[5.769s][info][gc,heap        ] GC(86) PSYoungGen: 335373K(338944K)->5856K(339456K) Eden: 328704K(328704K)->0K(329728K) From: 6669K(10240K)->5856K(9728K)
[5.769s][info][gc,heap        ] GC(86) ParOldGen: 86343K(699392K)->92590K(699392K)
[5.769s][info][gc,metaspace   ] GC(86) Metaspace: 11023K(11264K)->11023K(11264K) NonClass: 9616K(9728K)->9616K(9728K) Class: 1407K(1536K)->1407K(1536K)
[5.769s][info][gc             ] GC(86) Pause Young (Allocation Failure) 411M->96M(1014M) 5.634ms
[5.769s][info][gc,cpu         ] GC(86) User=0.00s Sys=0.00s Real=0.01s
[5.814s][info][gc,start       ] GC(87) Pause Young (Allocation Failure)
[5.820s][info][gc,heap        ] GC(87) PSYoungGen: 335584K(339456K)->8053K(339456K) Eden: 329728K(329728K)->0K(329728K) From: 5856K(9728K)->8053K(9728K)
[5.820s][info][gc,heap        ] GC(87) ParOldGen: 92590K(699392K)->97906K(699392K)
[5.820s][info][gc,metaspace   ] GC(87) Metaspace: 11026K(11264K)->11026K(11264K) NonClass: 9618K(9728K)->9618K(9728K) Class: 1407K(1536K)->1407K(1536K)
[5.820s][info][gc             ] GC(87) Pause Young (Allocation Failure) 418M->103M(1014M) 6.345ms
[5.820s][info][gc,cpu         ] GC(87) User=0.09s Sys=0.00s Real=0.01s
[5.875s][info][gc,start       ] GC(88) Pause Young (System.gc())
[5.882s][info][gc,heap        ] GC(88) PSYoungGen: 291815K(339456K)->8406K(338432K) Eden: 283761K(329728K)->0K(328704K) From: 8053K(9728K)->8406K(9728K)
[5.882s][info][gc,heap        ] GC(88) ParOldGen: 97906K(699392K)->104837K(699392K)
[5.882s][info][gc,metaspace   ] GC(88) Metaspace: 11026K(11264K)->11026K(11264K) NonClass: 9618K(9728K)->9618K(9728K) Class: 1407K(1536K)->1407K(1536K)
[5.882s][info][gc             ] GC(88) Pause Young (System.gc()) 380M->110M(1013M) 6.805ms
[5.882s][info][gc,cpu         ] GC(88) User=0.09s Sys=0.00s Real=0.01s
[5.882s][info][gc,start       ] GC(89) Pause Full (System.gc())
[5.882s][info][gc,phases,start] GC(89) Marking Phase
[5.925s][info][gc,phases      ] GC(89) Marking Phase 42.914ms
[5.925s][info][gc,phases,start] GC(89) Summary Phase
[5.925s][info][gc,phases      ] GC(89) Summary Phase 0.010ms
[5.925s][info][gc,phases,start] GC(89) Adjust Roots
[5.926s][info][gc,phases      ] GC(89) Adjust Roots 1.219ms
[5.926s][info][gc,phases,start] GC(89) Compaction Phase
[5.934s][info][gc,phases      ] GC(89) Compaction Phase 7.589ms
[5.934s][info][gc,phases,start] GC(89) Post Compact
[5.934s][info][gc,phases      ] GC(89) Post Compact 0.356ms
[5.934s][info][gc,heap        ] GC(89) PSYoungGen: 8406K(338432K)->0K(338432K) Eden: 0K(328704K)->0K(328704K) From: 8406K(9728K)->0K(9728K)
[5.934s][info][gc,heap        ] GC(89) ParOldGen: 104837K(699392K)->75856K(699392K)
[5.934s][info][gc,metaspace   ] GC(89) Metaspace: 11026K(11264K)->11026K(11264K) NonClass: 9618K(9728K)->9618K(9728K) Class: 1407K(1536K)->1407K(1536K)
[5.934s][info][gc             ] GC(89) Pause Full (System.gc()) 110M->74M(1013M) 52.286ms
[5.934s][info][gc,cpu         ] GC(89) User=0.25s Sys=0.03s Real=0.05s
[5.981s][info][gc,start       ] GC(90) Pause Young (Allocation Failure)
[5.984s][info][gc,heap        ] GC(90) PSYoungGen: 328704K(338432K)->5568K(338944K) Eden: 328704K(328704K)->0K(328704K) From: 0K(9728K)->5568K(10240K)
[5.984s][info][gc,heap        ] GC(90) ParOldGen: 75856K(699392K)->75856K(699392K)
[5.984s][info][gc,metaspace   ] GC(90) Metaspace: 11026K(11264K)->11026K(11264K) NonClass: 9618K(9728K)->9618K(9728K) Class: 1407K(1536K)->1407K(1536K)
[5.984s][info][gc             ] GC(90) Pause Young (Allocation Failure) 395M->79M(1014M) 3.793ms
[5.985s][info][gc,cpu         ] GC(90) User=0.00s Sys=0.00s Real=0.00s
[6.030s][info][gc,start       ] GC(91) Pause Young (Allocation Failure)
[6.036s][info][gc,heap        ] GC(91) PSYoungGen: 334272K(338944K)->5680K(338944K) Eden: 328704K(328704K)->0K(328704K) From: 5568K(10240K)->5680K(10240K)
[6.036s][info][gc,heap        ] GC(91) ParOldGen: 75856K(699392K)->81220K(699392K)
[6.036s][info][gc,metaspace   ] GC(91) Metaspace: 11026K(11264K)->11026K(11264K) NonClass: 9618K(9728K)->9618K(9728K) Class: 1407K(1536K)->1407K(1536K)
[6.036s][info][gc             ] GC(91) Pause Young (Allocation Failure) 400M->84M(1014M) 5.918ms
[6.036s][info][gc,cpu         ] GC(91) User=0.00s Sys=0.00s Real=0.01s
[6.081s][info][gc,start       ] GC(92) Pause Young (Allocation Failure)
[6.086s][info][gc,heap        ] GC(92) PSYoungGen: 334384K(338944K)->6711K(338944K) Eden: 328704K(328704K)->0K(328704K) From: 5680K(10240K)->6711K(10240K)
[6.086s][info][gc,heap        ] GC(92) ParOldGen: 81220K(699392K)->86359K(699392K)
[6.086s][info][gc,metaspace   ] GC(92) Metaspace: 11026K(11264K)->11026K(11264K) NonClass: 9618K(9728K)->9618K(9728K) Class: 1407K(1536K)->1407K(1536K)
[6.086s][info][gc             ] GC(92) Pause Young (Allocation Failure) 405M->90M(1014M) 5.924ms
[6.086s][info][gc,cpu         ] GC(92) User=0.09s Sys=0.00s Real=0.00s
[6.133s][info][gc,start       ] GC(93) Pause Young (Allocation Failure)
[6.139s][info][gc,heap        ] GC(93) PSYoungGen: 335415K(338944K)->6304K(339456K) Eden: 328704K(328704K)->0K(329728K) From: 6711K(10240K)->6304K(9728K)
[6.139s][info][gc,heap        ] GC(93) ParOldGen: 86359K(699392K)->92557K(699392K)
[6.139s][info][gc,metaspace   ] GC(93) Metaspace: 11026K(11264K)->11026K(11264K) NonClass: 9618K(9728K)->9618K(9728K) Class: 1407K(1536K)->1407K(1536K)
[6.139s][info][gc             ] GC(93) Pause Young (Allocation Failure) 411M->96M(1014M) 5.748ms
[6.139s][info][gc,cpu         ] GC(93) User=0.00s Sys=0.00s Real=0.01s
[6.183s][info][gc,start       ] GC(94) Pause Young (Allocation Failure)
[6.190s][info][gc,heap        ] GC(94) PSYoungGen: 336032K(339456K)->7631K(339456K) Eden: 329728K(329728K)->0K(329728K) From: 6304K(9728K)->7631K(9728K)
[6.190s][info][gc,heap        ] GC(94) ParOldGen: 92557K(699392K)->98302K(699392K)
[6.190s][info][gc,metaspace   ] GC(94) Metaspace: 11026K(11264K)->11026K(11264K) NonClass: 9618K(9728K)->9618K(9728K) Class: 1407K(1536K)->1407K(1536K)
[6.190s][info][gc             ] GC(94) Pause Young (Allocation Failure) 418M->103M(1014M) 6.553ms
[6.190s][info][gc,cpu         ] GC(94) User=0.00s Sys=0.00s Real=0.01s
[6.246s][info][gc,start       ] GC(95) Pause Young (System.gc())
[6.252s][info][gc,heap        ] GC(95) PSYoungGen: 289763K(339456K)->8323K(339456K) Eden: 282131K(329728K)->0K(329728K) From: 7631K(9728K)->8323K(9728K)
[6.252s][info][gc,heap        ] GC(95) ParOldGen: 98302K(699392K)->104780K(699392K)
[6.252s][info][gc,metaspace   ] GC(95) Metaspace: 11028K(11264K)->11028K(11264K) NonClass: 9620K(9728K)->9620K(9728K) Class: 1407K(1536K)->1407K(1536K)
[6.252s][info][gc             ] GC(95) Pause Young (System.gc()) 378M->110M(1014M) 6.428ms
[6.252s][info][gc,cpu         ] GC(95) User=0.00s Sys=0.00s Real=0.01s
[6.252s][info][gc,start       ] GC(96) Pause Full (System.gc())
[6.252s][info][gc,phases,start] GC(96) Marking Phase
[6.296s][info][gc,phases      ] GC(96) Marking Phase 43.798ms
[6.296s][info][gc,phases,start] GC(96) Summary Phase
[6.296s][info][gc,phases      ] GC(96) Summary Phase 0.010ms
[6.296s][info][gc,phases,start] GC(96) Adjust Roots
[6.298s][info][gc,phases      ] GC(96) Adjust Roots 1.549ms
[6.298s][info][gc,phases,start] GC(96) Compaction Phase
[6.306s][info][gc,phases      ] GC(96) Compaction Phase 7.804ms
[6.306s][info][gc,phases,start] GC(96) Post Compact
[6.306s][info][gc,phases      ] GC(96) Post Compact 0.358ms
[6.306s][info][gc,heap        ] GC(96) PSYoungGen: 8323K(339456K)->0K(339456K) Eden: 0K(329728K)->0K(329728K) From: 8323K(9728K)->0K(9728K)
[6.306s][info][gc,heap        ] GC(96) ParOldGen: 104780K(699392K)->75856K(699392K)
[6.306s][info][gc,metaspace   ] GC(96) Metaspace: 11028K(11264K)->11028K(11264K) NonClass: 9620K(9728K)->9620K(9728K) Class: 1407K(1536K)->1407K(1536K)
[6.306s][info][gc             ] GC(96) Pause Full (System.gc()) 110M->74M(1014M) 53.722ms
[6.306s][info][gc,cpu         ] GC(96) User=0.38s Sys=0.00s Real=0.05s
[6.353s][info][gc,start       ] GC(97) Pause Young (Allocation Failure)
[6.357s][info][gc,heap        ] GC(97) PSYoungGen: 329728K(339456K)->5568K(339456K) Eden: 329728K(329728K)->0K(329728K) From: 0K(9728K)->5568K(9728K)
[6.357s][info][gc,heap        ] GC(97) ParOldGen: 75856K(699392K)->75856K(699392K)
[6.357s][info][gc,metaspace   ] GC(97) Metaspace: 11032K(11264K)->11032K(11264K) NonClass: 9625K(9728K)->9625K(9728K) Class: 1407K(1536K)->1407K(1536K)
[6.357s][info][gc             ] GC(97) Pause Young (Allocation Failure) 396M->79M(1014M) 3.640ms
[6.357s][info][gc,cpu         ] GC(97) User=0.00s Sys=0.00s Real=0.00s
[6.402s][info][gc,start       ] GC(98) Pause Young (Allocation Failure)
[6.408s][info][gc,heap        ] GC(98) PSYoungGen: 335296K(339456K)->5664K(339456K) Eden: 329728K(329728K)->0K(329728K) From: 5568K(9728K)->5664K(9728K)
[6.408s][info][gc,heap        ] GC(98) ParOldGen: 75856K(699392K)->81271K(699392K)
[6.408s][info][gc,metaspace   ] GC(98) Metaspace: 11032K(11264K)->11032K(11264K) NonClass: 9625K(9728K)->9625K(9728K) Class: 1407K(1536K)->1407K(1536K)
[6.408s][info][gc             ] GC(98) Pause Young (Allocation Failure) 401M->84M(1014M) 5.945ms
[6.408s][info][gc,cpu         ] GC(98) User=0.00s Sys=0.00s Real=0.00s
[6.453s][info][gc,start       ] GC(99) Pause Young (Allocation Failure)
[6.459s][info][gc,heap        ] GC(99) PSYoungGen: 335392K(339456K)->6576K(339456K) Eden: 329728K(329728K)->0K(329728K) From: 5664K(9728K)->6576K(9728K)
[6.459s][info][gc,heap        ] GC(99) ParOldGen: 81271K(699392K)->86417K(699392K)
[6.459s][info][gc,metaspace   ] GC(99) Metaspace: 11032K(11264K)->11032K(11264K) NonClass: 9625K(9728K)->9625K(9728K) Class: 1407K(1536K)->1407K(1536K)
[6.459s][info][gc             ] GC(99) Pause Young (Allocation Failure) 406M->90M(1014M) 5.954ms
[6.459s][info][gc,cpu         ] GC(99) User=0.09s Sys=0.00s Real=0.01s
[6.505s][info][gc,start       ] GC(100) Pause Young (Allocation Failure)
[6.511s][info][gc,heap        ] GC(100) PSYoungGen: 336304K(339456K)->5856K(339968K) Eden: 329728K(329728K)->0K(330240K) From: 6576K(9728K)->5856K(9728K)
[6.511s][info][gc,heap        ] GC(100) ParOldGen: 86417K(699392K)->92635K(699392K)
[6.511s][info][gc,metaspace   ] GC(100) Metaspace: 11032K(11264K)->11032K(11264K) NonClass: 9625K(9728K)->9625K(9728K) Class: 1407K(1536K)->1407K(1536K)
[6.511s][info][gc             ] GC(100) Pause Young (Allocation Failure) 412M->96M(1015M) 5.820ms
[6.511s][info][gc,cpu         ] GC(100) User=0.00s Sys=0.00s Real=0.00s
[6.555s][info][gc,start       ] GC(101) Pause Young (Allocation Failure)
[6.562s][info][gc,heap        ] GC(101) PSYoungGen: 336096K(339968K)->8879K(339456K) Eden: 330240K(330240K)->0K(330240K) From: 5856K(9728K)->8879K(9216K)
[6.562s][info][gc,heap        ] GC(101) ParOldGen: 92635K(699392K)->97978K(699392K)
[6.562s][info][gc,metaspace   ] GC(101) Metaspace: 11034K(11264K)->11034K(11264K) NonClass: 9626K(9728K)->9626K(9728K) Class: 1407K(1536K)->1407K(1536K)
[6.562s][info][gc             ] GC(101) Pause Young (Allocation Failure) 418M->104M(1014M) 6.361ms
[6.562s][info][gc,cpu         ] GC(101) User=0.00s Sys=0.00s Real=0.01s
[6.614s][info][gc,start       ] GC(102) Pause Young (System.gc())
[6.621s][info][gc,heap        ] GC(102) PSYoungGen: 284882K(339456K)->7424K(339456K) Eden: 276003K(330240K)->0K(329728K) From: 8879K(9216K)->7424K(9728K)
[6.621s][info][gc,heap        ] GC(102) ParOldGen: 97978K(699392K)->105996K(699392K)
[6.621s][info][gc,metaspace   ] GC(102) Metaspace: 11035K(11264K)->11035K(11264K) NonClass: 9628K(9728K)->9628K(9728K) Class: 1407K(1536K)->1407K(1536K)
[6.621s][info][gc             ] GC(102) Pause Young (System.gc()) 373M->110M(1014M) 6.647ms
[6.621s][info][gc,cpu         ] GC(102) User=0.00s Sys=0.02s Real=0.02s
[6.621s][info][gc,start       ] GC(103) Pause Full (System.gc())
[6.621s][info][gc,phases,start] GC(103) Marking Phase
[6.665s][info][gc,phases      ] GC(103) Marking Phase 43.789ms
[6.665s][info][gc,phases,start] GC(103) Summary Phase
[6.665s][info][gc,phases      ] GC(103) Summary Phase 0.020ms
[6.665s][info][gc,phases,start] GC(103) Adjust Roots
[6.666s][info][gc,phases      ] GC(103) Adjust Roots 1.158ms
[6.666s][info][gc,phases,start] GC(103) Compaction Phase
[6.674s][info][gc,phases      ] GC(103) Compaction Phase 8.031ms
[6.674s][info][gc,phases,start] GC(103) Post Compact
[6.674s][info][gc,phases      ] GC(103) Post Compact 0.421ms
[6.674s][info][gc,heap        ] GC(103) PSYoungGen: 7424K(339456K)->0K(339456K) Eden: 0K(329728K)->0K(329728K) From: 7424K(9728K)->0K(9728K)
[6.674s][info][gc,heap        ] GC(103) ParOldGen: 105996K(699392K)->75856K(699392K)
[6.674s][info][gc,metaspace   ] GC(103) Metaspace: 11035K(11264K)->11035K(11264K) NonClass: 9628K(9728K)->9628K(9728K) Class: 1407K(1536K)->1407K(1536K)
[6.674s][info][gc             ] GC(103) Pause Full (System.gc()) 110M->74M(1014M) 53.653ms
[6.674s][info][gc,cpu         ] GC(103) User=0.28s Sys=0.00s Real=0.05s
[6.721s][info][gc,start       ] GC(104) Pause Young (Allocation Failure)
[6.725s][info][gc,heap        ] GC(104) PSYoungGen: 329728K(339456K)->5568K(339456K) Eden: 329728K(329728K)->0K(329728K) From: 0K(9728K)->5568K(9728K)
[6.725s][info][gc,heap        ] GC(104) ParOldGen: 75856K(699392K)->75856K(699392K)
[6.725s][info][gc,metaspace   ] GC(104) Metaspace: 11040K(11328K)->11040K(11328K) NonClass: 9633K(9792K)->9633K(9792K) Class: 1407K(1536K)->1407K(1536K)
[6.725s][info][gc             ] GC(104) Pause Young (Allocation Failure) 396M->79M(1014M) 4.170ms
[6.725s][info][gc,cpu         ] GC(104) User=0.08s Sys=0.00s Real=0.00s
[6.770s][info][gc,start       ] GC(105) Pause Young (Allocation Failure)
[6.776s][info][gc,heap        ] GC(105) PSYoungGen: 335296K(339456K)->5664K(339456K) Eden: 329728K(329728K)->0K(329728K) From: 5568K(9728K)->5664K(9728K)
[6.776s][info][gc,heap        ] GC(105) ParOldGen: 75856K(699392K)->81281K(699392K)
[6.776s][info][gc,metaspace   ] GC(105) Metaspace: 11040K(11328K)->11040K(11328K) NonClass: 9633K(9792K)->9633K(9792K) Class: 1407K(1536K)->1407K(1536K)
[6.776s][info][gc             ] GC(105) Pause Young (Allocation Failure) 401M->84M(1014M) 6.103ms
[6.776s][info][gc,cpu         ] GC(105) User=0.02s Sys=0.00s Real=0.01s
[6.821s][info][gc,start       ] GC(106) Pause Young (Allocation Failure)
[6.827s][info][gc,heap        ] GC(106) PSYoungGen: 335392K(339456K)->6751K(339456K) Eden: 329728K(329728K)->0K(329728K) From: 5664K(9728K)->6751K(9728K)
[6.827s][info][gc,heap        ] GC(106) ParOldGen: 81281K(699392K)->86444K(699392K)
[6.827s][info][gc,metaspace   ] GC(106) Metaspace: 11040K(11328K)->11040K(11328K) NonClass: 9633K(9792K)->9633K(9792K) Class: 1407K(1536K)->1407K(1536K)
[6.827s][info][gc             ] GC(106) Pause Young (Allocation Failure) 406M->91M(1014M) 6.160ms
[6.827s][info][gc,cpu         ] GC(106) User=0.00s Sys=0.00s Real=0.01s
[6.872s][info][gc,start       ] GC(107) Pause Young (Allocation Failure)
[6.877s][info][gc,heap        ] GC(107) PSYoungGen: 336479K(339456K)->6008K(339968K) Eden: 329728K(329728K)->0K(330240K) From: 6751K(9728K)->6008K(9728K)
[6.877s][info][gc,heap        ] GC(107) ParOldGen: 86444K(699392K)->92698K(699392K)
[6.877s][info][gc,metaspace   ] GC(107) Metaspace: 11040K(11328K)->11040K(11328K) NonClass: 9633K(9792K)->9633K(9792K) Class: 1407K(1536K)->1407K(1536K)
[6.877s][info][gc             ] GC(107) Pause Young (Allocation Failure) 413M->96M(1015M) 5.764ms
[6.877s][info][gc,cpu         ] GC(107) User=0.00s Sys=0.00s Real=0.00s
[6.922s][info][gc,start       ] GC(108) Pause Young (Allocation Failure)
[6.928s][info][gc,heap        ] GC(108) PSYoungGen: 336248K(339968K)->8258K(339456K) Eden: 330240K(330240K)->0K(330240K) From: 6008K(9728K)->8258K(9216K)
[6.928s][info][gc,heap        ] GC(108) ParOldGen: 92698K(699392K)->97923K(699392K)
[6.928s][info][gc,metaspace   ] GC(108) Metaspace: 11040K(11328K)->11040K(11328K) NonClass: 9633K(9792K)->9633K(9792K) Class: 1407K(1536K)->1407K(1536K)
[6.928s][info][gc             ] GC(108) Pause Young (Allocation Failure) 418M->103M(1014M) 5.967ms
[6.928s][info][gc,cpu         ] GC(108) User=0.09s Sys=0.00s Real=0.01s
[6.986s][info][gc,start       ] GC(109) Pause Young (System.gc())
[6.994s][info][gc,heap        ] GC(109) PSYoungGen: 285134K(339456K)->8999K(338432K) Eden: 276876K(330240K)->0K(328704K) From: 8258K(9216K)->8999K(9728K)
[6.994s][info][gc,heap        ] GC(109) ParOldGen: 97923K(699392K)->104253K(699392K)
[6.994s][info][gc,metaspace   ] GC(109) Metaspace: 11043K(11328K)->11043K(11328K) NonClass: 9635K(9792K)->9635K(9792K) Class: 1407K(1536K)->1407K(1536K)
[6.994s][info][gc             ] GC(109) Pause Young (System.gc()) 374M->110M(1013M) 7.813ms
[6.994s][info][gc,cpu         ] GC(109) User=0.09s Sys=0.00s Real=0.01s
[6.994s][info][gc,start       ] GC(110) Pause Full (System.gc())
[6.994s][info][gc,phases,start] GC(110) Marking Phase
[7.051s][info][gc,phases      ] GC(110) Marking Phase 57.125ms
[7.051s][info][gc,phases,start] GC(110) Summary Phase
[7.051s][info][gc,phases      ] GC(110) Summary Phase 0.010ms
[7.051s][info][gc,phases,start] GC(110) Adjust Roots
[7.053s][info][gc,phases      ] GC(110) Adjust Roots 1.229ms
[7.053s][info][gc,phases,start] GC(110) Compaction Phase
[7.061s][info][gc,phases      ] GC(110) Compaction Phase 7.810ms
[7.061s][info][gc,phases,start] GC(110) Post Compact
[7.061s][info][gc,phases      ] GC(110) Post Compact 0.385ms
[7.061s][info][gc,heap        ] GC(110) PSYoungGen: 8999K(338432K)->0K(338432K) Eden: 0K(328704K)->0K(328704K) From: 8999K(9728K)->0K(9728K)
[7.061s][info][gc,heap        ] GC(110) ParOldGen: 104253K(699392K)->75856K(699392K)
[7.061s][info][gc,metaspace   ] GC(110) Metaspace: 11043K(11328K)->11043K(11328K) NonClass: 9635K(9792K)->9635K(9792K) Class: 1407K(1536K)->1407K(1536K)
[7.061s][info][gc             ] GC(110) Pause Full (System.gc()) 110M->74M(1013M) 66.801ms
[7.061s][info][gc,cpu         ] GC(110) User=0.28s Sys=0.02s Real=0.07s
[7.109s][info][gc,start       ] GC(111) Pause Young (Allocation Failure)
[7.113s][info][gc,heap        ] GC(111) PSYoungGen: 328704K(338432K)->5664K(338944K) Eden: 328704K(328704K)->0K(328704K) From: 0K(9728K)->5664K(10240K)
[7.113s][info][gc,heap        ] GC(111) ParOldGen: 75856K(699392K)->75856K(699392K)
[7.113s][info][gc,metaspace   ] GC(111) Metaspace: 11048K(11328K)->11048K(11328K) NonClass: 9641K(9792K)->9641K(9792K) Class: 1407K(1536K)->1407K(1536K)
[7.113s][info][gc             ] GC(111) Pause Young (Allocation Failure) 395M->79M(1014M) 4.210ms
[7.113s][info][gc,cpu         ] GC(111) User=0.00s Sys=0.00s Real=0.00s
[7.159s][info][gc,start       ] GC(112) Pause Young (Allocation Failure)
[7.165s][info][gc,heap        ] GC(112) PSYoungGen: 334368K(338944K)->5728K(338944K) Eden: 328704K(328704K)->0K(328704K) From: 5664K(10240K)->5728K(10240K)
[7.165s][info][gc,heap        ] GC(112) ParOldGen: 75856K(699392K)->81233K(699392K)
[7.165s][info][gc,metaspace   ] GC(112) Metaspace: 11048K(11328K)->11048K(11328K) NonClass: 9641K(9792K)->9641K(9792K) Class: 1407K(1536K)->1407K(1536K)
[7.165s][info][gc             ] GC(112) Pause Young (Allocation Failure) 400M->84M(1014M) 5.980ms
[7.165s][info][gc,cpu         ] GC(112) User=0.08s Sys=0.02s Real=0.00s
[7.211s][info][gc,start       ] GC(113) Pause Young (Allocation Failure)
[7.218s][info][gc,heap        ] GC(113) PSYoungGen: 334432K(338944K)->6703K(338944K) Eden: 328704K(328704K)->0K(328704K) From: 5728K(10240K)->6703K(10240K)
[7.218s][info][gc,heap        ] GC(113) ParOldGen: 81233K(699392K)->86381K(699392K)
[7.218s][info][gc,metaspace   ] GC(113) Metaspace: 11048K(11328K)->11048K(11328K) NonClass: 9641K(9792K)->9641K(9792K) Class: 1407K(1536K)->1407K(1536K)
[7.218s][info][gc             ] GC(113) Pause Young (Allocation Failure) 405M->90M(1014M) 6.464ms
[7.218s][info][gc,cpu         ] GC(113) User=0.00s Sys=0.00s Real=0.01s
[7.263s][info][gc,start       ] GC(114) Pause Young (Allocation Failure)
[7.269s][info][gc,heap        ] GC(114) PSYoungGen: 335407K(338944K)->5744K(339456K) Eden: 328704K(328704K)->0K(329728K) From: 6703K(10240K)->5744K(9728K)
[7.269s][info][gc,heap        ] GC(114) ParOldGen: 86381K(699392K)->92686K(699392K)
[7.269s][info][gc,metaspace   ] GC(114) Metaspace: 11048K(11328K)->11048K(11328K) NonClass: 9641K(9792K)->9641K(9792K) Class: 1407K(1536K)->1407K(1536K)
[7.269s][info][gc             ] GC(114) Pause Young (Allocation Failure) 411M->96M(1014M) 5.789ms
[7.269s][info][gc,cpu         ] GC(114) User=0.00s Sys=0.00s Real=0.00s
[7.314s][info][gc,start       ] GC(115) Pause Young (Allocation Failure)
[7.321s][info][gc,heap        ] GC(115) PSYoungGen: 335472K(339456K)->8548K(338432K) Eden: 329728K(329728K)->0K(329728K) From: 5744K(9728K)->8548K(8704K)
[7.321s][info][gc,heap        ] GC(115) ParOldGen: 92686K(699392K)->97958K(699392K)
[7.321s][info][gc,metaspace   ] GC(115) Metaspace: 11048K(11328K)->11048K(11328K) NonClass: 9641K(9792K)->9641K(9792K) Class: 1407K(1536K)->1407K(1536K)
[7.321s][info][gc             ] GC(115) Pause Young (Allocation Failure) 418M->104M(1013M) 7.156ms
[7.321s][info][gc,cpu         ] GC(115) User=0.08s Sys=0.00s Real=0.01s
[7.384s][info][gc,start       ] GC(116) Pause Young (System.gc())
[7.391s][info][gc,heap        ] GC(116) PSYoungGen: 292854K(338432K)->7528K(338944K) Eden: 284305K(329728K)->0K(328704K) From: 8548K(8704K)->7528K(10240K)
[7.391s][info][gc,heap        ] GC(116) ParOldGen: 97958K(699392K)->105684K(699392K)
[7.391s][info][gc,metaspace   ] GC(116) Metaspace: 11050K(11328K)->11050K(11328K) NonClass: 9643K(9792K)->9643K(9792K) Class: 1407K(1536K)->1407K(1536K)
[7.391s][info][gc             ] GC(116) Pause Young (System.gc()) 381M->110M(1014M) 6.897ms
[7.391s][info][gc,cpu         ] GC(116) User=0.00s Sys=0.00s Real=0.01s
[7.391s][info][gc,start       ] GC(117) Pause Full (System.gc())
[7.391s][info][gc,phases,start] GC(117) Marking Phase
[7.435s][info][gc,phases      ] GC(117) Marking Phase 43.737ms
[7.435s][info][gc,phases,start] GC(117) Summary Phase
[7.435s][info][gc,phases      ] GC(117) Summary Phase 0.010ms
[7.435s][info][gc,phases,start] GC(117) Adjust Roots
[7.436s][info][gc,phases      ] GC(117) Adjust Roots 1.220ms
[7.436s][info][gc,phases,start] GC(117) Compaction Phase
[7.445s][info][gc,phases      ] GC(117) Compaction Phase 8.399ms
[7.445s][info][gc,phases,start] GC(117) Post Compact
[7.445s][info][gc,phases      ] GC(117) Post Compact 0.417ms
[7.445s][info][gc,heap        ] GC(117) PSYoungGen: 7528K(338944K)->0K(338944K) Eden: 0K(328704K)->0K(328704K) From: 7528K(10240K)->0K(10240K)
[7.445s][info][gc,heap        ] GC(117) ParOldGen: 105684K(699392K)->75856K(699392K)
[7.445s][info][gc,metaspace   ] GC(117) Metaspace: 11050K(11328K)->11050K(11328K) NonClass: 9643K(9792K)->9643K(9792K) Class: 1407K(1536K)->1407K(1536K)
[7.445s][info][gc             ] GC(117) Pause Full (System.gc()) 110M->74M(1014M) 54.028ms
[7.445s][info][gc,cpu         ] GC(117) User=0.38s Sys=0.00s Real=0.05s
[7.492s][info][gc,start       ] GC(118) Pause Young (Allocation Failure)
[7.495s][info][gc,heap        ] GC(118) PSYoungGen: 328704K(338944K)->5536K(338944K) Eden: 328704K(328704K)->0K(328704K) From: 0K(10240K)->5536K(10240K)
[7.496s][info][gc,heap        ] GC(118) ParOldGen: 75856K(699392K)->75856K(699392K)
[7.496s][info][gc,metaspace   ] GC(118) Metaspace: 11052K(11328K)->11052K(11328K) NonClass: 9645K(9792K)->9645K(9792K) Class: 1407K(1536K)->1407K(1536K)
[7.496s][info][gc             ] GC(118) Pause Young (Allocation Failure) 395M->79M(1014M) 3.666ms
[7.496s][info][gc,cpu         ] GC(118) User=0.00s Sys=0.00s Real=0.00s
[7.541s][info][gc,start       ] GC(119) Pause Young (Allocation Failure)
[7.547s][info][gc,heap        ] GC(119) PSYoungGen: 334240K(338944K)->5632K(339456K) Eden: 328704K(328704K)->0K(329216K) From: 5536K(10240K)->5632K(10240K)
[7.547s][info][gc,heap        ] GC(119) ParOldGen: 75856K(699392K)->81297K(699392K)
[7.547s][info][gc,metaspace   ] GC(119) Metaspace: 11052K(11328K)->11052K(11328K) NonClass: 9645K(9792K)->9645K(9792K) Class: 1407K(1536K)->1407K(1536K)
[7.547s][info][gc             ] GC(119) Pause Young (Allocation Failure) 400M->84M(1014M) 5.914ms
[7.547s][info][gc,cpu         ] GC(119) User=0.00s Sys=0.00s Real=0.00s
[7.591s][info][gc,start       ] GC(120) Pause Young (Allocation Failure)
[7.597s][info][gc,heap        ] GC(120) PSYoungGen: 334848K(339456K)->6558K(338944K) Eden: 329216K(329216K)->0K(329216K) From: 5632K(10240K)->6558K(9728K)
[7.597s][info][gc,heap        ] GC(120) ParOldGen: 81297K(699392K)->86403K(699392K)
[7.597s][info][gc,metaspace   ] GC(120) Metaspace: 11052K(11328K)->11052K(11328K) NonClass: 9645K(9792K)->9645K(9792K) Class: 1407K(1536K)->1407K(1536K)
[7.597s][info][gc             ] GC(120) Pause Young (Allocation Failure) 406M->90M(1014M) 5.845ms
[7.597s][info][gc,cpu         ] GC(120) User=0.00s Sys=0.00s Real=0.01s
[7.642s][info][gc,start       ] GC(121) Pause Young (Allocation Failure)
[7.648s][info][gc,heap        ] GC(121) PSYoungGen: 335774K(338944K)->5824K(339968K) Eden: 329216K(329216K)->0K(330240K) From: 6558K(9728K)->5824K(9728K)
[7.648s][info][gc,heap        ] GC(121) ParOldGen: 86403K(699392K)->92587K(699392K)
[7.648s][info][gc,metaspace   ] GC(121) Metaspace: 11054K(11328K)->11054K(11328K) NonClass: 9647K(9792K)->9647K(9792K) Class: 1407K(1536K)->1407K(1536K)
[7.648s][info][gc             ] GC(121) Pause Young (Allocation Failure) 412M->96M(1015M) 5.829ms
[7.648s][info][gc,cpu         ] GC(121) User=0.09s Sys=0.00s Real=0.00s
[7.693s][info][gc,start       ] GC(122) Pause Young (Allocation Failure)
[7.699s][info][gc,heap        ] GC(122) PSYoungGen: 336064K(339968K)->8328K(339456K) Eden: 330240K(330240K)->0K(330240K) From: 5824K(9728K)->8328K(9216K)
[7.699s][info][gc,heap        ] GC(122) ParOldGen: 92587K(699392K)->97896K(699392K)
[7.699s][info][gc,metaspace   ] GC(122) Metaspace: 11054K(11328K)->11054K(11328K) NonClass: 9647K(9792K)->9647K(9792K) Class: 1407K(1536K)->1407K(1536K)
[7.699s][info][gc             ] GC(122) Pause Young (Allocation Failure) 418M->103M(1014M) 6.260ms
[7.699s][info][gc,cpu         ] GC(122) User=0.00s Sys=0.00s Real=0.01s
[7.759s][info][gc,start       ] GC(123) Pause Young (System.gc())
[7.766s][info][gc,heap        ] GC(123) PSYoungGen: 291803K(339456K)->8685K(338432K) Eden: 283474K(330240K)->0K(328704K) From: 8328K(9216K)->8685K(9728K)
[7.766s][info][gc,heap        ] GC(123) ParOldGen: 97896K(699392K)->104737K(699392K)
[7.766s][info][gc,metaspace   ] GC(123) Metaspace: 11054K(11328K)->11054K(11328K) NonClass: 9647K(9792K)->9647K(9792K) Class: 1407K(1536K)->1407K(1536K)
[7.766s][info][gc             ] GC(123) Pause Young (System.gc()) 380M->110M(1013M) 7.503ms
[7.767s][info][gc,cpu         ] GC(123) User=0.00s Sys=0.00s Real=0.01s
[7.767s][info][gc,start       ] GC(124) Pause Full (System.gc())
[7.767s][info][gc,phases,start] GC(124) Marking Phase
[7.815s][info][gc,phases      ] GC(124) Marking Phase 48.601ms
[7.816s][info][gc,phases,start] GC(124) Summary Phase
[7.816s][info][gc,phases      ] GC(124) Summary Phase 0.030ms
[7.816s][info][gc,phases,start] GC(124) Adjust Roots
[7.817s][info][gc,phases      ] GC(124) Adjust Roots 1.457ms
[7.817s][info][gc,phases,start] GC(124) Compaction Phase
[7.825s][info][gc,phases      ] GC(124) Compaction Phase 8.050ms
[7.825s][info][gc,phases,start] GC(124) Post Compact
[7.826s][info][gc,phases      ] GC(124) Post Compact 0.398ms
[7.826s][info][gc,heap        ] GC(124) PSYoungGen: 8685K(338432K)->0K(338432K) Eden: 0K(328704K)->0K(328704K) From: 8685K(9728K)->0K(9728K)
[7.826s][info][gc,heap        ] GC(124) ParOldGen: 104737K(699392K)->75856K(699392K)
[7.826s][info][gc,metaspace   ] GC(124) Metaspace: 11054K(11328K)->11054K(11328K) NonClass: 9647K(9792K)->9647K(9792K) Class: 1407K(1536K)->1407K(1536K)
[7.826s][info][gc             ] GC(124) Pause Full (System.gc()) 110M->74M(1013M) 59.110ms
[7.826s][info][gc,cpu         ] GC(124) User=0.27s Sys=0.02s Real=0.06s
[7.872s][info][gc,start       ] GC(125) Pause Young (Allocation Failure)
[7.876s][info][gc,heap        ] GC(125) PSYoungGen: 328704K(338432K)->5568K(338944K) Eden: 328704K(328704K)->0K(328704K) From: 0K(9728K)->5568K(10240K)
[7.876s][info][gc,heap        ] GC(125) ParOldGen: 75856K(699392K)->75856K(699392K)
[7.876s][info][gc,metaspace   ] GC(125) Metaspace: 11056K(11328K)->11056K(11328K) NonClass: 9649K(9792K)->9649K(9792K) Class: 1407K(1536K)->1407K(1536K)
[7.876s][info][gc             ] GC(125) Pause Young (Allocation Failure) 395M->79M(1014M) 4.139ms
[7.876s][info][gc,cpu         ] GC(125) User=0.00s Sys=0.00s Real=0.01s
[7.921s][info][gc,start       ] GC(126) Pause Young (Allocation Failure)
[7.927s][info][gc,heap        ] GC(126) PSYoungGen: 334272K(338944K)->5648K(338944K) Eden: 328704K(328704K)->0K(328704K) From: 5568K(10240K)->5648K(10240K)
[7.927s][info][gc,heap        ] GC(126) ParOldGen: 75856K(699392K)->81285K(699392K)
[7.927s][info][gc,metaspace   ] GC(126) Metaspace: 11056K(11328K)->11056K(11328K) NonClass: 9649K(9792K)->9649K(9792K) Class: 1407K(1536K)->1407K(1536K)
[7.927s][info][gc             ] GC(126) Pause Young (Allocation Failure) 400M->84M(1014M) 5.331ms
[7.927s][info][gc,cpu         ] GC(126) User=0.09s Sys=0.00s Real=0.00s
[7.971s][info][gc,start       ] GC(127) Pause Young (Allocation Failure)
[7.977s][info][gc,heap        ] GC(127) PSYoungGen: 334352K(338944K)->6671K(338944K) Eden: 328704K(328704K)->0K(328704K) From: 5648K(10240K)->6671K(10240K)
[7.977s][info][gc,heap        ] GC(127) ParOldGen: 81285K(699392K)->86376K(699392K)
[7.977s][info][gc,metaspace   ] GC(127) Metaspace: 11056K(11328K)->11056K(11328K) NonClass: 9649K(9792K)->9649K(9792K) Class: 1407K(1536K)->1407K(1536K)
[7.977s][info][gc             ] GC(127) Pause Young (Allocation Failure) 405M->90M(1014M) 6.181ms
[7.977s][info][gc,cpu         ] GC(127) User=0.09s Sys=0.00s Real=0.01s
[8.022s][info][gc,start       ] GC(128) Pause Young (Allocation Failure)
[8.028s][info][gc,heap        ] GC(128) PSYoungGen: 335375K(338944K)->5824K(339456K) Eden: 328704K(328704K)->0K(329728K) From: 6671K(10240K)->5824K(9728K)
[8.028s][info][gc,heap        ] GC(128) ParOldGen: 86376K(699392K)->92668K(699392K)
[8.028s][info][gc,metaspace   ] GC(128) Metaspace: 11056K(11328K)->11056K(11328K) NonClass: 9649K(9792K)->9649K(9792K) Class: 1407K(1536K)->1407K(1536K)
[8.028s][info][gc             ] GC(128) Pause Young (Allocation Failure) 411M->96M(1014M) 5.670ms
[8.028s][info][gc,cpu         ] GC(128) User=0.00s Sys=0.00s Real=0.01s
[8.072s][info][gc,start       ] GC(129) Pause Young (Allocation Failure)
[8.078s][info][gc,heap        ] GC(129) PSYoungGen: 335552K(339456K)->8574K(338432K) Eden: 329728K(329728K)->0K(329728K) From: 5824K(9728K)->8574K(8704K)
[8.078s][info][gc,heap        ] GC(129) ParOldGen: 92668K(699392K)->97963K(699392K)
[8.078s][info][gc,metaspace   ] GC(129) Metaspace: 11056K(11328K)->11056K(11328K) NonClass: 9649K(9792K)->9649K(9792K) Class: 1407K(1536K)->1407K(1536K)
[8.078s][info][gc             ] GC(129) Pause Young (Allocation Failure) 418M->104M(1013M) 6.200ms
[8.078s][info][gc,cpu         ] GC(129) User=0.00s Sys=0.00s Real=0.01s
[8.142s][info][gc,start       ] GC(130) Pause Young (System.gc())
[8.149s][info][gc,heap        ] GC(130) PSYoungGen: 291323K(338432K)->7568K(338944K) Eden: 282748K(329728K)->0K(328704K) From: 8574K(8704K)->7568K(10240K)
[8.149s][info][gc,heap        ] GC(130) ParOldGen: 97963K(699392K)->105697K(699392K)
[8.149s][info][gc,metaspace   ] GC(130) Metaspace: 11056K(11328K)->11056K(11328K) NonClass: 9649K(9792K)->9649K(9792K) Class: 1407K(1536K)->1407K(1536K)
[8.149s][info][gc             ] GC(130) Pause Young (System.gc()) 380M->110M(1014M) 6.936ms
[8.149s][info][gc,cpu         ] GC(130) User=0.09s Sys=0.00s Real=0.01s
[8.149s][info][gc,start       ] GC(131) Pause Full (System.gc())
[8.149s][info][gc,phases,start] GC(131) Marking Phase
[8.192s][info][gc,phases      ] GC(131) Marking Phase 43.389ms
[8.192s][info][gc,phases,start] GC(131) Summary Phase
[8.192s][info][gc,phases      ] GC(131) Summary Phase 0.010ms
[8.192s][info][gc,phases,start] GC(131) Adjust Roots
[8.194s][info][gc,phases      ] GC(131) Adjust Roots 1.560ms
[8.194s][info][gc,phases,start] GC(131) Compaction Phase
[8.202s][info][gc,phases      ] GC(131) Compaction Phase 8.070ms
[8.202s][info][gc,phases,start] GC(131) Post Compact
[8.202s][info][gc,phases      ] GC(131) Post Compact 0.453ms
[8.202s][info][gc,heap        ] GC(131) PSYoungGen: 7568K(338944K)->0K(338944K) Eden: 0K(328704K)->0K(328704K) From: 7568K(10240K)->0K(10240K)
[8.202s][info][gc,heap        ] GC(131) ParOldGen: 105697K(699392K)->75856K(699392K)
[8.202s][info][gc,metaspace   ] GC(131) Metaspace: 11056K(11328K)->11056K(11328K) NonClass: 9649K(9792K)->9649K(9792K) Class: 1407K(1536K)->1407K(1536K)
[8.202s][info][gc             ] GC(131) Pause Full (System.gc()) 110M->74M(1014M) 53.750ms
[8.202s][info][gc,cpu         ] GC(131) User=0.20s Sys=0.00s Real=0.05s
[8.252s][info][gc,start       ] GC(132) Pause Young (Allocation Failure)
[8.256s][info][gc,heap        ] GC(132) PSYoungGen: 328704K(338944K)->5568K(338944K) Eden: 328704K(328704K)->0K(328704K) From: 0K(10240K)->5568K(10240K)
[8.256s][info][gc,heap        ] GC(132) ParOldGen: 75856K(699392K)->75856K(699392K)
[8.256s][info][gc,metaspace   ] GC(132) Metaspace: 11058K(11328K)->11058K(11328K) NonClass: 9650K(9792K)->9650K(9792K) Class: 1407K(1536K)->1407K(1536K)
[8.256s][info][gc             ] GC(132) Pause Young (Allocation Failure) 395M->79M(1014M) 4.229ms
[8.256s][info][gc,cpu         ] GC(132) User=0.09s Sys=0.00s Real=0.01s
[8.301s][info][gc,start       ] GC(133) Pause Young (Allocation Failure)
[8.307s][info][gc,heap        ] GC(133) PSYoungGen: 334272K(338944K)->5712K(339456K) Eden: 328704K(328704K)->0K(329216K) From: 5568K(10240K)->5712K(10240K)
[8.307s][info][gc,heap        ] GC(133) ParOldGen: 75856K(699392K)->81204K(699392K)
[8.307s][info][gc,metaspace   ] GC(133) Metaspace: 11058K(11328K)->11058K(11328K) NonClass: 9650K(9792K)->9650K(9792K) Class: 1407K(1536K)->1407K(1536K)
[8.307s][info][gc             ] GC(133) Pause Young (Allocation Failure) 400M->84M(1014M) 5.819ms
[8.307s][info][gc,cpu         ] GC(133) User=0.08s Sys=0.00s Real=0.01s
[8.353s][info][gc,start       ] GC(134) Pause Young (Allocation Failure)
[8.359s][info][gc,heap        ] GC(134) PSYoungGen: 334928K(339456K)->6718K(338944K) Eden: 329216K(329216K)->0K(329216K) From: 5712K(10240K)->6718K(9728K)
[8.359s][info][gc,heap        ] GC(134) ParOldGen: 81204K(699392K)->86348K(699392K)
[8.359s][info][gc,metaspace   ] GC(134) Metaspace: 11058K(11328K)->11058K(11328K) NonClass: 9650K(9792K)->9650K(9792K) Class: 1407K(1536K)->1407K(1536K)
[8.359s][info][gc             ] GC(134) Pause Young (Allocation Failure) 406M->90M(1014M) 6.065ms
[8.359s][info][gc,cpu         ] GC(134) User=0.00s Sys=0.00s Real=0.00s
[8.404s][info][gc,start       ] GC(135) Pause Young (Allocation Failure)
[8.409s][info][gc,heap        ] GC(135) PSYoungGen: 335934K(338944K)->5728K(339456K) Eden: 329216K(329216K)->0K(329728K) From: 6718K(9728K)->5728K(9728K)
[8.409s][info][gc,heap        ] GC(135) ParOldGen: 86348K(699392K)->92714K(699392K)
[8.409s][info][gc,metaspace   ] GC(135) Metaspace: 11058K(11328K)->11058K(11328K) NonClass: 9650K(9792K)->9650K(9792K) Class: 1407K(1536K)->1407K(1536K)
[8.409s][info][gc             ] GC(135) Pause Young (Allocation Failure) 412M->96M(1014M) 5.525ms
[8.409s][info][gc,cpu         ] GC(135) User=0.00s Sys=0.00s Real=0.01s
[8.454s][info][gc,start       ] GC(136) Pause Young (Allocation Failure)
[8.460s][info][gc,heap        ] GC(136) PSYoungGen: 335456K(339456K)->8865K(338944K) Eden: 329728K(329728K)->0K(329728K) From: 5728K(9728K)->8865K(9216K)
[8.460s][info][gc,heap        ] GC(136) ParOldGen: 92714K(699392K)->97940K(699392K)
[8.460s][info][gc,metaspace   ] GC(136) Metaspace: 11058K(11328K)->11058K(11328K) NonClass: 9650K(9792K)->9650K(9792K) Class: 1407K(1536K)->1407K(1536K)
[8.461s][info][gc             ] GC(136) Pause Young (Allocation Failure) 418M->104M(1014M) 6.613ms
[8.461s][info][gc,cpu         ] GC(136) User=0.09s Sys=0.00s Real=0.01s
[8.515s][info][gc,start       ] GC(137) Pause Young (System.gc())
[8.523s][info][gc,heap        ] GC(137) PSYoungGen: 290166K(338944K)->8834K(337920K) Eden: 281300K(329728K)->0K(327680K) From: 8865K(9216K)->8834K(10240K)
[8.523s][info][gc,heap        ] GC(137) ParOldGen: 97940K(699392K)->104881K(699392K)
[8.523s][info][gc,metaspace   ] GC(137) Metaspace: 11059K(11328K)->11059K(11328K) NonClass: 9652K(9792K)->9652K(9792K) Class: 1407K(1536K)->1407K(1536K)
[8.523s][info][gc             ] GC(137) Pause Young (System.gc()) 379M->111M(1013M) 8.309ms
[8.523s][info][gc,cpu         ] GC(137) User=0.09s Sys=0.00s Real=0.01s
[8.523s][info][gc,start       ] GC(138) Pause Full (System.gc())
[8.523s][info][gc,phases,start] GC(138) Marking Phase
[8.570s][info][gc,phases      ] GC(138) Marking Phase 47.176ms
[8.570s][info][gc,phases,start] GC(138) Summary Phase
[8.570s][info][gc,phases      ] GC(138) Summary Phase 0.010ms
[8.570s][info][gc,phases,start] GC(138) Adjust Roots
[8.572s][info][gc,phases      ] GC(138) Adjust Roots 1.193ms
[8.572s][info][gc,phases,start] GC(138) Compaction Phase
[8.581s][info][gc,phases      ] GC(138) Compaction Phase 9.028ms
[8.581s][info][gc,phases,start] GC(138) Post Compact
[8.581s][info][gc,phases      ] GC(138) Post Compact 0.365ms
[8.581s][info][gc,heap        ] GC(138) PSYoungGen: 8834K(337920K)->0K(337920K) Eden: 0K(327680K)->0K(327680K) From: 8834K(10240K)->0K(10240K)
[8.581s][info][gc,heap        ] GC(138) ParOldGen: 104881K(699392K)->75856K(699392K)
[8.581s][info][gc,metaspace   ] GC(138) Metaspace: 11059K(11328K)->11059K(11328K) NonClass: 9652K(9792K)->9652K(9792K) Class: 1407K(1536K)->1407K(1536K)
[8.581s][info][gc             ] GC(138) Pause Full (System.gc()) 111M->74M(1013M) 58.019ms
[8.581s][info][gc,cpu         ] GC(138) User=0.28s Sys=0.00s Real=0.06s
[8.628s][info][gc,start       ] GC(139) Pause Young (Allocation Failure)
[8.631s][info][gc,heap        ] GC(139) PSYoungGen: 327680K(337920K)->5536K(338432K) Eden: 327680K(327680K)->0K(327680K) From: 0K(10240K)->5536K(10752K)
[8.631s][info][gc,heap        ] GC(139) ParOldGen: 75856K(699392K)->75856K(699392K)
[8.631s][info][gc,metaspace   ] GC(139) Metaspace: 11060K(11328K)->11060K(11328K) NonClass: 9653K(9792K)->9653K(9792K) Class: 1407K(1536K)->1407K(1536K)
[8.631s][info][gc             ] GC(139) Pause Young (Allocation Failure) 394M->79M(1013M) 3.693ms
[8.631s][info][gc,cpu         ] GC(139) User=0.09s Sys=0.00s Real=0.00s
[8.676s][info][gc,start       ] GC(140) Pause Young (Allocation Failure)
[8.681s][info][gc,heap        ] GC(140) PSYoungGen: 333216K(338432K)->5808K(338944K) Eden: 327680K(327680K)->0K(328704K) From: 5536K(10752K)->5808K(10240K)
[8.681s][info][gc,heap        ] GC(140) ParOldGen: 75856K(699392K)->81045K(699392K)
[8.681s][info][gc,metaspace   ] GC(140) Metaspace: 11060K(11328K)->11060K(11328K) NonClass: 9653K(9792K)->9653K(9792K) Class: 1407K(1536K)->1407K(1536K)
[8.681s][info][gc             ] GC(140) Pause Young (Allocation Failure) 399M->84M(1014M) 5.627ms
[8.681s][info][gc,cpu         ] GC(140) User=0.09s Sys=0.00s Real=0.00s
[8.726s][info][gc,start       ] GC(141) Pause Young (Allocation Failure)
[8.732s][info][gc,heap        ] GC(141) PSYoungGen: 334512K(338944K)->6506K(338944K) Eden: 328704K(328704K)->0K(328704K) From: 5808K(10240K)->6506K(10240K)
[8.732s][info][gc,heap        ] GC(141) ParOldGen: 81045K(699392K)->86221K(699392K)
[8.732s][info][gc,metaspace   ] GC(141) Metaspace: 11060K(11328K)->11060K(11328K) NonClass: 9653K(9792K)->9653K(9792K) Class: 1407K(1536K)->1407K(1536K)
[8.732s][info][gc             ] GC(141) Pause Young (Allocation Failure) 405M->90M(1014M) 6.054ms
[8.732s][info][gc,cpu         ] GC(141) User=0.00s Sys=0.00s Real=0.01s
[8.777s][info][gc,start       ] GC(142) Pause Young (Allocation Failure)
[8.783s][info][gc,heap        ] GC(142) PSYoungGen: 335210K(338944K)->6891K(339456K) Eden: 328704K(328704K)->0K(329216K) From: 6506K(10240K)->6891K(10240K)
[8.783s][info][gc,heap        ] GC(142) ParOldGen: 86221K(699392K)->92094K(699392K)
[8.783s][info][gc,metaspace   ] GC(142) Metaspace: 11060K(11328K)->11060K(11328K) NonClass: 9653K(9792K)->9653K(9792K) Class: 1407K(1536K)->1407K(1536K)
[8.783s][info][gc             ] GC(142) Pause Young (Allocation Failure) 411M->96M(1014M) 6.414ms
[8.783s][info][gc,cpu         ] GC(142) User=0.00s Sys=0.00s Real=0.01s
[8.828s][info][gc,start       ] GC(143) Pause Young (Allocation Failure)
[8.833s][info][gc,heap        ] GC(143) PSYoungGen: 336107K(339456K)->7195K(338944K) Eden: 329216K(329216K)->0K(329216K) From: 6891K(10240K)->7195K(9728K)
[8.833s][info][gc,heap        ] GC(143) ParOldGen: 92094K(699392K)->98476K(699392K)
[8.833s][info][gc,metaspace   ] GC(143) Metaspace: 11060K(11328K)->11060K(11328K) NonClass: 9653K(9792K)->9653K(9792K) Class: 1407K(1536K)->1407K(1536K)
[8.833s][info][gc             ] GC(143) Pause Young (Allocation Failure) 418M->103M(1014M) 5.864ms
[8.833s][info][gc,cpu         ] GC(143) User=0.09s Sys=0.00s Real=0.01s
[8.894s][info][gc,start       ] GC(144) Pause Young (System.gc())
[8.901s][info][gc,heap        ] GC(144) PSYoungGen: 294467K(338944K)->8288K(338944K) Eden: 287272K(329216K)->0K(329216K) From: 7195K(9728K)->8288K(9728K)
[8.901s][info][gc,heap        ] GC(144) ParOldGen: 98476K(699392K)->104799K(699392K)
[8.901s][info][gc,metaspace   ] GC(144) Metaspace: 11064K(11328K)->11064K(11328K) NonClass: 9657K(9792K)->9657K(9792K) Class: 1407K(1536K)->1407K(1536K)
[8.901s][info][gc             ] GC(144) Pause Young (System.gc()) 383M->110M(1014M) 7.165ms
[8.901s][info][gc,cpu         ] GC(144) User=0.09s Sys=0.00s Real=0.01s
[8.901s][info][gc,start       ] GC(145) Pause Full (System.gc())
[8.902s][info][gc,phases,start] GC(145) Marking Phase
[8.946s][info][gc,phases      ] GC(145) Marking Phase 44.440ms
[8.946s][info][gc,phases,start] GC(145) Summary Phase
[8.946s][info][gc,phases      ] GC(145) Summary Phase 0.011ms
[8.946s][info][gc,phases,start] GC(145) Adjust Roots
[8.947s][info][gc,phases      ] GC(145) Adjust Roots 1.265ms
[8.947s][info][gc,phases,start] GC(145) Compaction Phase
[8.955s][info][gc,phases      ] GC(145) Compaction Phase 7.920ms
[8.955s][info][gc,phases,start] GC(145) Post Compact
[8.956s][info][gc,phases      ] GC(145) Post Compact 0.444ms
[8.956s][info][gc,heap        ] GC(145) PSYoungGen: 8288K(338944K)->0K(338944K) Eden: 0K(329216K)->0K(329216K) From: 8288K(9728K)->0K(9728K)
[8.956s][info][gc,heap        ] GC(145) ParOldGen: 104799K(699392K)->75856K(699392K)
[8.956s][info][gc,metaspace   ] GC(145) Metaspace: 11064K(11328K)->11064K(11328K) NonClass: 9657K(9792K)->9657K(9792K) Class: 1407K(1536K)->1407K(1536K)
[8.956s][info][gc             ] GC(145) Pause Full (System.gc()) 110M->74M(1014M) 54.329ms
[8.956s][info][gc,cpu         ] GC(145) User=0.28s Sys=0.00s Real=0.05s
[9.002s][info][gc,start       ] GC(146) Pause Young (Allocation Failure)
[9.006s][info][gc,heap        ] GC(146) PSYoungGen: 329216K(338944K)->5568K(338944K) Eden: 329216K(329216K)->0K(329216K) From: 0K(9728K)->5568K(9728K)
[9.006s][info][gc,heap        ] GC(146) ParOldGen: 75856K(699392K)->75856K(699392K)
[9.006s][info][gc,metaspace   ] GC(146) Metaspace: 11064K(11328K)->11064K(11328K) NonClass: 9657K(9792K)->9657K(9792K) Class: 1407K(1536K)->1407K(1536K)
[9.006s][info][gc             ] GC(146) Pause Young (Allocation Failure) 395M->79M(1014M) 3.870ms
[9.006s][info][gc,cpu         ] GC(146) User=0.09s Sys=0.00s Real=0.00s
[9.050s][info][gc,start       ] GC(147) Pause Young (Allocation Failure)
[9.056s][info][gc,heap        ] GC(147) PSYoungGen: 334784K(338944K)->5768K(339456K) Eden: 329216K(329216K)->0K(329728K) From: 5568K(9728K)->5768K(9728K)
[9.056s][info][gc,heap        ] GC(147) ParOldGen: 75856K(699392K)->81073K(699392K)
[9.056s][info][gc,metaspace   ] GC(147) Metaspace: 11064K(11328K)->11064K(11328K) NonClass: 9657K(9792K)->9657K(9792K) Class: 1407K(1536K)->1407K(1536K)
[9.056s][info][gc             ] GC(147) Pause Young (Allocation Failure) 401M->84M(1014M) 5.609ms
[9.056s][info][gc,cpu         ] GC(147) User=0.09s Sys=0.00s Real=0.00s
[9.101s][info][gc,start       ] GC(148) Pause Young (Allocation Failure)
[9.107s][info][gc,heap        ] GC(148) PSYoungGen: 335496K(339456K)->6559K(339456K) Eden: 329728K(329728K)->0K(329728K) From: 5768K(9728K)->6559K(9728K)
[9.107s][info][gc,heap        ] GC(148) ParOldGen: 81073K(699392K)->86237K(699392K)
[9.107s][info][gc,metaspace   ] GC(148) Metaspace: 11064K(11328K)->11064K(11328K) NonClass: 9657K(9792K)->9657K(9792K) Class: 1407K(1536K)->1407K(1536K)
[9.107s][info][gc             ] GC(148) Pause Young (Allocation Failure) 406M->90M(1014M) 6.243ms
[9.107s][info][gc,cpu         ] GC(148) User=0.00s Sys=0.00s Real=0.01s
[9.153s][info][gc,start       ] GC(149) Pause Young (Allocation Failure)
[9.159s][info][gc,heap        ] GC(149) PSYoungGen: 336287K(339456K)->7028K(339968K) Eden: 329728K(329728K)->0K(330240K) From: 6559K(9728K)->7028K(9728K)
[9.159s][info][gc,heap        ] GC(149) ParOldGen: 86237K(699392K)->91919K(699392K)
[9.159s][info][gc,metaspace   ] GC(149) Metaspace: 11064K(11328K)->11064K(11328K) NonClass: 9657K(9792K)->9657K(9792K) Class: 1407K(1536K)->1407K(1536K)
[9.159s][info][gc             ] GC(149) Pause Young (Allocation Failure) 412M->96M(1015M) 6.111ms
[9.159s][info][gc,cpu         ] GC(149) User=0.00s Sys=0.00s Real=0.01s
[9.205s][info][gc,start       ] GC(150) Pause Young (Allocation Failure)
[9.211s][info][gc,heap        ] GC(150) PSYoungGen: 337268K(339968K)->6722K(339456K) Eden: 330240K(330240K)->0K(330240K) From: 7028K(9728K)->6722K(9216K)
[9.211s][info][gc,heap        ] GC(150) ParOldGen: 91919K(699392K)->98386K(699392K)
[9.211s][info][gc,metaspace   ] GC(150) Metaspace: 11064K(11328K)->11064K(11328K) NonClass: 9657K(9792K)->9657K(9792K) Class: 1407K(1536K)->1407K(1536K)
[9.211s][info][gc             ] GC(150) Pause Young (Allocation Failure) 419M->102M(1014M) 6.198ms
[9.211s][info][gc,cpu         ] GC(150) User=0.08s Sys=0.00s Real=0.00s
[9.273s][info][gc,start       ] GC(151) Pause Young (System.gc())
[9.280s][info][gc,heap        ] GC(151) PSYoungGen: 288146K(339456K)->9208K(333824K) Eden: 281424K(330240K)->0K(324608K) From: 6722K(9216K)->9208K(9216K)
[9.280s][info][gc,heap        ] GC(151) ParOldGen: 98386K(699392K)->104590K(699392K)
[9.280s][info][gc,metaspace   ] GC(151) Metaspace: 11064K(11328K)->11064K(11328K) NonClass: 9657K(9792K)->9657K(9792K) Class: 1407K(1536K)->1407K(1536K)
[9.280s][info][gc             ] GC(151) Pause Young (System.gc()) 377M->111M(1009M) 7.319ms
[9.280s][info][gc,cpu         ] GC(151) User=0.00s Sys=0.00s Real=0.01s
[9.280s][info][gc,start       ] GC(152) Pause Full (System.gc())
[9.280s][info][gc,phases,start] GC(152) Marking Phase
[9.321s][info][gc,phases      ] GC(152) Marking Phase 40.818ms
[9.321s][info][gc,phases,start] GC(152) Summary Phase
[9.321s][info][gc,phases      ] GC(152) Summary Phase 0.011ms
[9.321s][info][gc,phases,start] GC(152) Adjust Roots
[9.323s][info][gc,phases      ] GC(152) Adjust Roots 1.459ms
[9.323s][info][gc,phases,start] GC(152) Compaction Phase
[9.330s][info][gc,phases      ] GC(152) Compaction Phase 7.753ms
[9.330s][info][gc,phases,start] GC(152) Post Compact
[9.331s][info][gc,phases      ] GC(152) Post Compact 0.361ms
[9.331s][info][gc,heap        ] GC(152) PSYoungGen: 9208K(333824K)->0K(333824K) Eden: 0K(324608K)->0K(324608K) From: 9208K(9216K)->0K(9216K)
[9.331s][info][gc,heap        ] GC(152) ParOldGen: 104590K(699392K)->75856K(699392K)
[9.331s][info][gc,metaspace   ] GC(152) Metaspace: 11064K(11328K)->11064K(11328K) NonClass: 9657K(9792K)->9657K(9792K) Class: 1407K(1536K)->1407K(1536K)
[9.331s][info][gc             ] GC(152) Pause Full (System.gc()) 111M->74M(1009M) 50.646ms
[9.331s][info][gc,cpu         ] GC(152) User=0.28s Sys=0.00s Real=0.05s
[9.377s][info][gc,start       ] GC(153) Pause Young (Allocation Failure)
[9.381s][info][gc,heap        ] GC(153) PSYoungGen: 324608K(333824K)->5568K(336896K) Eden: 324608K(324608K)->0K(324608K) From: 0K(9216K)->5568K(12288K)
[9.381s][info][gc,heap        ] GC(153) ParOldGen: 75856K(699392K)->75856K(699392K)
[9.381s][info][gc,metaspace   ] GC(153) Metaspace: 11064K(11328K)->11064K(11328K) NonClass: 9657K(9792K)->9657K(9792K) Class: 1407K(1536K)->1407K(1536K)
[9.381s][info][gc             ] GC(153) Pause Young (Allocation Failure) 391M->79M(1012M) 3.607ms
[9.381s][info][gc,cpu         ] GC(153) User=0.09s Sys=0.00s Real=0.00s
[9.425s][info][gc,start       ] GC(154) Pause Young (Allocation Failure)
[9.431s][info][gc,heap        ] GC(154) PSYoungGen: 330176K(336896K)->5584K(337408K) Eden: 324608K(324608K)->0K(325120K) From: 5568K(12288K)->5584K(12288K)
[9.431s][info][gc,heap        ] GC(154) ParOldGen: 75856K(699392K)->81189K(699392K)
[9.431s][info][gc,metaspace   ] GC(154) Metaspace: 11064K(11328K)->11064K(11328K) NonClass: 9657K(9792K)->9657K(9792K) Class: 1407K(1536K)->1407K(1536K)
[9.431s][info][gc             ] GC(154) Pause Young (Allocation Failure) 396M->84M(1012M) 6.034ms
[9.431s][info][gc,cpu         ] GC(154) User=0.09s Sys=0.00s Real=0.01s
[9.475s][info][gc,start       ] GC(155) Pause Young (Allocation Failure)
[9.481s][info][gc,heap        ] GC(155) PSYoungGen: 330704K(337408K)->6672K(336896K) Eden: 325120K(325120K)->0K(325120K) From: 5584K(12288K)->6672K(11776K)
[9.481s][info][gc,heap        ] GC(155) ParOldGen: 81189K(699392K)->86249K(699392K)
[9.481s][info][gc,metaspace   ] GC(155) Metaspace: 11064K(11328K)->11064K(11328K) NonClass: 9657K(9792K)->9657K(9792K) Class: 1407K(1536K)->1407K(1536K)
[9.481s][info][gc             ] GC(155) Pause Young (Allocation Failure) 402M->90M(1012M) 6.136ms
[9.481s][info][gc,cpu         ] GC(155) User=0.00s Sys=0.00s Real=0.01s
[9.525s][info][gc,start       ] GC(156) Pause Young (Allocation Failure)
[9.531s][info][gc,heap        ] GC(156) PSYoungGen: 331792K(336896K)->6912K(337920K) Eden: 325120K(325120K)->0K(326144K) From: 6672K(11776K)->6912K(11776K)
[9.531s][info][gc,heap        ] GC(156) ParOldGen: 86249K(699392K)->91843K(699392K)
[9.531s][info][gc,metaspace   ] GC(156) Metaspace: 11064K(11328K)->11064K(11328K) NonClass: 9657K(9792K)->9657K(9792K) Class: 1407K(1536K)->1407K(1536K)
[9.531s][info][gc             ] GC(156) Pause Young (Allocation Failure) 408M->96M(1013M) 6.529ms
[9.531s][info][gc,cpu         ] GC(156) User=0.00s Sys=0.00s Real=0.01s
[9.577s][info][gc,start       ] GC(157) Pause Young (Allocation Failure)
[9.583s][info][gc,heap        ] GC(157) PSYoungGen: 333056K(337920K)->7659K(337408K) Eden: 326144K(326144K)->0K(326144K) From: 6912K(11776K)->7659K(11264K)
[9.583s][info][gc,heap        ] GC(157) ParOldGen: 91843K(699392K)->97962K(699392K)
[9.583s][info][gc,metaspace   ] GC(157) Metaspace: 11064K(11328K)->11064K(11328K) NonClass: 9657K(9792K)->9657K(9792K) Class: 1407K(1536K)->1407K(1536K)
[9.583s][info][gc             ] GC(157) Pause Young (Allocation Failure) 414M->103M(1012M) 5.976ms
[9.583s][info][gc,cpu         ] GC(157) User=0.00s Sys=0.00s Real=0.00s
[9.645s][info][gc,start       ] GC(158) Pause Young (System.gc())
[9.652s][info][gc,heap        ] GC(158) PSYoungGen: 310004K(337408K)->8621K(337408K) Eden: 302344K(326144K)->0K(326144K) From: 7659K(11264K)->8621K(11264K)
[9.652s][info][gc,heap        ] GC(158) ParOldGen: 97962K(699392K)->104760K(699392K)
[9.652s][info][gc,metaspace   ] GC(158) Metaspace: 11069K(11328K)->11069K(11328K) NonClass: 9662K(9792K)->9662K(9792K) Class: 1407K(1536K)->1407K(1536K)
[9.652s][info][gc             ] GC(158) Pause Young (System.gc()) 398M->110M(1012M) 7.534ms
[9.652s][info][gc,cpu         ] GC(158) User=0.09s Sys=0.00s Real=0.02s
[9.652s][info][gc,start       ] GC(159) Pause Full (System.gc())
[9.652s][info][gc,phases,start] GC(159) Marking Phase
[9.695s][info][gc,phases      ] GC(159) Marking Phase 42.931ms
[9.695s][info][gc,phases,start] GC(159) Summary Phase
[9.695s][info][gc,phases      ] GC(159) Summary Phase 0.010ms
[9.695s][info][gc,phases,start] GC(159) Adjust Roots
[9.697s][info][gc,phases      ] GC(159) Adjust Roots 1.731ms
[9.697s][info][gc,phases,start] GC(159) Compaction Phase
[9.705s][info][gc,phases      ] GC(159) Compaction Phase 8.095ms
[9.705s][info][gc,phases,start] GC(159) Post Compact
[9.706s][info][gc,phases      ] GC(159) Post Compact 0.428ms
[9.706s][info][gc,heap        ] GC(159) PSYoungGen: 8621K(337408K)->0K(337408K) Eden: 0K(326144K)->0K(326144K) From: 8621K(11264K)->0K(11264K)
[9.706s][info][gc,heap        ] GC(159) ParOldGen: 104760K(699392K)->75856K(699392K)
[9.706s][info][gc,metaspace   ] GC(159) Metaspace: 11069K(11328K)->11069K(11328K) NonClass: 9662K(9792K)->9662K(9792K) Class: 1407K(1536K)->1407K(1536K)
[9.706s][info][gc             ] GC(159) Pause Full (System.gc()) 110M->74M(1012M) 53.436ms
[9.706s][info][gc,cpu         ] GC(159) User=0.27s Sys=0.02s Real=0.05s
[9.752s][info][gc,start       ] GC(160) Pause Young (Allocation Failure)
[9.756s][info][gc,heap        ] GC(160) PSYoungGen: 326144K(337408K)->5536K(337408K) Eden: 326144K(326144K)->0K(326144K) From: 0K(11264K)->5536K(11264K)
[9.756s][info][gc,heap        ] GC(160) ParOldGen: 75856K(699392K)->75856K(699392K)
[9.756s][info][gc,metaspace   ] GC(160) Metaspace: 11076K(11328K)->11076K(11328K) NonClass: 9669K(9792K)->9669K(9792K) Class: 1407K(1536K)->1407K(1536K)
[9.756s][info][gc             ] GC(160) Pause Young (Allocation Failure) 392M->79M(1012M) 3.945ms
[9.756s][info][gc,cpu         ] GC(160) User=0.08s Sys=0.00s Real=0.00s
[9.800s][info][gc,start       ] GC(161) Pause Young (Allocation Failure)
[9.807s][info][gc,heap        ] GC(161) PSYoungGen: 331680K(337408K)->5632K(337920K) Eden: 326144K(326144K)->0K(326656K) From: 5536K(11264K)->5632K(11264K)
[9.807s][info][gc,heap        ] GC(161) ParOldGen: 75856K(699392K)->81140K(699392K)
[9.807s][info][gc,metaspace   ] GC(161) Metaspace: 11076K(11328K)->11076K(11328K) NonClass: 9669K(9792K)->9669K(9792K) Class: 1407K(1536K)->1407K(1536K)
[9.807s][info][gc             ] GC(161) Pause Young (Allocation Failure) 397M->84M(1013M) 6.298ms
[9.807s][info][gc,cpu         ] GC(161) User=0.09s Sys=0.00s Real=0.01s
[9.851s][info][gc,start       ] GC(162) Pause Young (Allocation Failure)
[9.857s][info][gc,heap        ] GC(162) PSYoungGen: 332288K(337920K)->6688K(337920K) Eden: 326656K(326656K)->0K(326656K) From: 5632K(11264K)->6688K(11264K)
[9.857s][info][gc,heap        ] GC(162) ParOldGen: 81140K(699392K)->86254K(699392K)
[9.857s][info][gc,metaspace   ] GC(162) Metaspace: 11076K(11328K)->11076K(11328K) NonClass: 9669K(9792K)->9669K(9792K) Class: 1407K(1536K)->1407K(1536K)
[9.857s][info][gc             ] GC(162) Pause Young (Allocation Failure) 403M->90M(1013M) 5.959ms
[9.857s][info][gc,cpu         ] GC(162) User=0.00s Sys=0.00s Real=0.01s
[9.901s][info][gc,start       ] GC(163) Pause Young (Allocation Failure)
[9.907s][info][gc,heap        ] GC(163) PSYoungGen: 333344K(337920K)->6245K(338944K) Eden: 326656K(326656K)->0K(328192K) From: 6688K(11264K)->6245K(10752K)
[9.907s][info][gc,heap        ] GC(163) ParOldGen: 86254K(699392K)->92494K(699392K)
[9.907s][info][gc,metaspace   ] GC(163) Metaspace: 11076K(11328K)->11076K(11328K) NonClass: 9669K(9792K)->9669K(9792K) Class: 1407K(1536K)->1407K(1536K)
[9.907s][info][gc             ] GC(163) Pause Young (Allocation Failure) 409M->96M(1014M) 5.840ms
[9.907s][info][gc,cpu         ] GC(163) User=0.00s Sys=0.00s Real=0.01s
[9.951s][info][gc,start       ] GC(164) Pause Young (Allocation Failure)
[9.957s][info][gc,heap        ] GC(164) PSYoungGen: 334437K(338944K)->7794K(338432K) Eden: 328192K(328192K)->0K(328192K) From: 6245K(10752K)->7794K(10240K)
[9.957s][info][gc,heap        ] GC(164) ParOldGen: 92494K(699392K)->98294K(699392K)
[9.957s][info][gc,metaspace   ] GC(164) Metaspace: 11076K(11328K)->11076K(11328K) NonClass: 9669K(9792K)->9669K(9792K) Class: 1407K(1536K)->1407K(1536K)
[9.957s][info][gc             ] GC(164) Pause Young (Allocation Failure) 416M->103M(1013M) 6.178ms
[9.957s][info][gc,cpu         ] GC(164) User=0.00s Sys=0.00s Real=0.01s
[10.013s][info][gc,start       ] GC(165) Pause Young (System.gc())
[10.021s][info][gc,heap        ] GC(165) PSYoungGen: 301782K(338432K)->9297K(337920K) Eden: 293988K(328192K)->0K(327680K) From: 7794K(10240K)->9297K(10240K)
[10.021s][info][gc,heap        ] GC(165) ParOldGen: 98294K(699392K)->104142K(699392K)
[10.021s][info][gc,metaspace   ] GC(165) Metaspace: 11076K(11328K)->11076K(11328K) NonClass: 9669K(9792K)->9669K(9792K) Class: 1407K(1536K)->1407K(1536K)
[10.021s][info][gc             ] GC(165) Pause Young (System.gc()) 390M->110M(1013M) 7.719ms
[10.021s][info][gc,cpu         ] GC(165) User=0.09s Sys=0.00s Real=0.01s
[10.021s][info][gc,start       ] GC(166) Pause Full (System.gc())
[10.021s][info][gc,phases,start] GC(166) Marking Phase
[10.084s][info][gc,phases      ] GC(166) Marking Phase 63.029ms
[10.084s][info][gc,phases,start] GC(166) Summary Phase
[10.084s][info][gc,phases      ] GC(166) Summary Phase 0.010ms
[10.084s][info][gc,phases,start] GC(166) Adjust Roots
[10.086s][info][gc,phases      ] GC(166) Adjust Roots 1.245ms
[10.086s][info][gc,phases,start] GC(166) Compaction Phase
[10.094s][info][gc,phases      ] GC(166) Compaction Phase 8.218ms
[10.094s][info][gc,phases,start] GC(166) Post Compact
[10.094s][info][gc,phases      ] GC(166) Post Compact 0.363ms
[10.094s][info][gc,heap        ] GC(166) PSYoungGen: 9297K(337920K)->0K(337920K) Eden: 0K(327680K)->0K(327680K) From: 9297K(10240K)->0K(10240K)
[10.094s][info][gc,heap        ] GC(166) ParOldGen: 104142K(699392K)->75856K(699392K)
[10.094s][info][gc,metaspace   ] GC(166) Metaspace: 11076K(11328K)->11076K(11328K) NonClass: 9669K(9792K)->9669K(9792K) Class: 1407K(1536K)->1407K(1536K)
[10.094s][info][gc             ] GC(166) Pause Full (System.gc()) 110M->74M(1013M) 73.069ms
[10.094s][info][gc,cpu         ] GC(166) User=0.30s Sys=0.00s Real=0.07s
[10.142s][info][gc,start       ] GC(167) Pause Young (Allocation Failure)
[10.146s][info][gc,heap        ] GC(167) PSYoungGen: 327680K(337920K)->5504K(338432K) Eden: 327680K(327680K)->0K(327680K) From: 0K(10240K)->5504K(10752K)
[10.146s][info][gc,heap        ] GC(167) ParOldGen: 75856K(699392K)->75856K(699392K)
[10.146s][info][gc,metaspace   ] GC(167) Metaspace: 11082K(11328K)->11082K(11328K) NonClass: 9675K(9792K)->9675K(9792K) Class: 1407K(1536K)->1407K(1536K)
[10.146s][info][gc             ] GC(167) Pause Young (Allocation Failure) 394M->79M(1013M) 3.927ms
[10.146s][info][gc,cpu         ] GC(167) User=0.09s Sys=0.00s Real=0.00s
[10.191s][info][gc,start       ] GC(168) Pause Young (Allocation Failure)
[10.197s][info][gc,heap        ] GC(168) PSYoungGen: 333184K(338432K)->5680K(338432K) Eden: 327680K(327680K)->0K(327680K) From: 5504K(10752K)->5680K(10752K)
[10.197s][info][gc,heap        ] GC(168) ParOldGen: 75856K(699392K)->81223K(699392K)
[10.197s][info][gc,metaspace   ] GC(168) Metaspace: 11082K(11328K)->11082K(11328K) NonClass: 9675K(9792K)->9675K(9792K) Class: 1407K(1536K)->1407K(1536K)
[10.197s][info][gc             ] GC(168) Pause Young (Allocation Failure) 399M->84M(1013M) 6.014ms
[10.197s][info][gc,cpu         ] GC(168) User=0.09s Sys=0.00s Real=0.01s
[10.245s][info][gc,start       ] GC(169) Pause Young (Allocation Failure)
[10.251s][info][gc,heap        ] GC(169) PSYoungGen: 333360K(338432K)->6569K(338432K) Eden: 327680K(327680K)->0K(327680K) From: 5680K(10752K)->6569K(10752K)
[10.251s][info][gc,heap        ] GC(169) ParOldGen: 81223K(699392K)->86327K(699392K)
[10.251s][info][gc,metaspace   ] GC(169) Metaspace: 11082K(11328K)->11082K(11328K) NonClass: 9675K(9792K)->9675K(9792K) Class: 1407K(1536K)->1407K(1536K)
[10.251s][info][gc             ] GC(169) Pause Young (Allocation Failure) 404M->90M(1013M) 6.433ms
[10.251s][info][gc,cpu         ] GC(169) User=0.00s Sys=0.00s Real=0.01s
[10.297s][info][gc,start       ] GC(170) Pause Young (Allocation Failure)
[10.303s][info][gc,heap        ] GC(170) PSYoungGen: 334249K(338432K)->5760K(338944K) Eden: 327680K(327680K)->0K(328192K) From: 6569K(10752K)->5760K(10752K)
[10.303s][info][gc,heap        ] GC(170) ParOldGen: 86327K(699392K)->92499K(699392K)
[10.303s][info][gc,metaspace   ] GC(170) Metaspace: 11082K(11328K)->11082K(11328K) NonClass: 9675K(9792K)->9675K(9792K) Class: 1407K(1536K)->1407K(1536K)
[10.303s][info][gc             ] GC(170) Pause Young (Allocation Failure) 410M->95M(1014M) 5.804ms
[10.303s][info][gc,cpu         ] GC(170) User=0.09s Sys=0.00s Real=0.01s
[10.349s][info][gc,start       ] GC(171) Pause Young (Allocation Failure)
[10.355s][info][gc,heap        ] GC(171) PSYoungGen: 333952K(338944K)->8256K(338432K) Eden: 328192K(328192K)->0K(328192K) From: 5760K(10752K)->8256K(10240K)
[10.355s][info][gc,heap        ] GC(171) ParOldGen: 92499K(699392K)->97805K(699392K)
[10.355s][info][gc,metaspace   ] GC(171) Metaspace: 11082K(11328K)->11082K(11328K) NonClass: 9675K(9792K)->9675K(9792K) Class: 1407K(1536K)->1407K(1536K)
[10.355s][info][gc             ] GC(171) Pause Young (Allocation Failure) 416M->103M(1013M) 6.189ms
[10.355s][info][gc,cpu         ] GC(171) User=0.00s Sys=0.00s Real=0.01s
[10.415s][info][gc,start       ] GC(172) Pause Young (System.gc())
[10.423s][info][gc,heap        ] GC(172) PSYoungGen: 295944K(338432K)->9364K(337408K) Eden: 287687K(328192K)->0K(326656K) From: 8256K(10240K)->9364K(10752K)
[10.423s][info][gc,heap        ] GC(172) ParOldGen: 97805K(699392K)->103994K(699392K)
[10.423s][info][gc,metaspace   ] GC(172) Metaspace: 11082K(11328K)->11082K(11328K) NonClass: 9675K(9792K)->9675K(9792K) Class: 1407K(1536K)->1407K(1536K)
[10.423s][info][gc             ] GC(172) Pause Young (System.gc()) 384M->110M(1012M) 8.295ms
[10.423s][info][gc,cpu         ] GC(172) User=0.00s Sys=0.00s Real=0.01s
[10.423s][info][gc,start       ] GC(173) Pause Full (System.gc())
[10.423s][info][gc,phases,start] GC(173) Marking Phase
[10.466s][info][gc,phases      ] GC(173) Marking Phase 42.629ms
[10.466s][info][gc,phases,start] GC(173) Summary Phase
[10.466s][info][gc,phases      ] GC(173) Summary Phase 0.010ms
[10.466s][info][gc,phases,start] GC(173) Adjust Roots
[10.467s][info][gc,phases      ] GC(173) Adjust Roots 1.199ms
[10.467s][info][gc,phases,start] GC(173) Compaction Phase
[10.475s][info][gc,phases      ] GC(173) Compaction Phase 7.807ms
[10.475s][info][gc,phases,start] GC(173) Post Compact
[10.475s][info][gc,phases      ] GC(173) Post Compact 0.397ms
[10.476s][info][gc,heap        ] GC(173) PSYoungGen: 9364K(337408K)->0K(337408K) Eden: 0K(326656K)->0K(326656K) From: 9364K(10752K)->0K(10752K)
[10.476s][info][gc,heap        ] GC(173) ParOldGen: 103994K(699392K)->75856K(699392K)
[10.476s][info][gc,metaspace   ] GC(173) Metaspace: 11082K(11328K)->11082K(11328K) NonClass: 9675K(9792K)->9675K(9792K) Class: 1407K(1536K)->1407K(1536K)
[10.476s][info][gc             ] GC(173) Pause Full (System.gc()) 110M->74M(1012M) 52.271ms
[10.476s][info][gc,cpu         ] GC(173) User=0.38s Sys=0.00s Real=0.05s
[10.522s][info][gc,start       ] GC(174) Pause Young (Allocation Failure)
[10.526s][info][gc,heap        ] GC(174) PSYoungGen: 326656K(337408K)->5568K(337920K) Eden: 326656K(326656K)->0K(326656K) From: 0K(10752K)->5568K(11264K)
[10.526s][info][gc,heap        ] GC(174) ParOldGen: 75856K(699392K)->75856K(699392K)
[10.526s][info][gc,metaspace   ] GC(174) Metaspace: 11082K(11328K)->11082K(11328K) NonClass: 9675K(9792K)->9675K(9792K) Class: 1407K(1536K)->1407K(1536K)
[10.526s][info][gc             ] GC(174) Pause Young (Allocation Failure) 393M->79M(1013M) 3.598ms
[10.526s][info][gc,cpu         ] GC(174) User=0.00s Sys=0.00s Real=0.00s
[10.572s][info][gc,start       ] GC(175) Pause Young (Allocation Failure)
[10.578s][info][gc,heap        ] GC(175) PSYoungGen: 332224K(337920K)->5568K(338432K) Eden: 326656K(326656K)->0K(327168K) From: 5568K(11264K)->5568K(11264K)
[10.578s][info][gc,heap        ] GC(175) ParOldGen: 75856K(699392K)->81229K(699392K)
[10.578s][info][gc,metaspace   ] GC(175) Metaspace: 11082K(11328K)->11082K(11328K) NonClass: 9675K(9792K)->9675K(9792K) Class: 1407K(1536K)->1407K(1536K)
[10.578s][info][gc             ] GC(175) Pause Young (Allocation Failure) 398M->84M(1013M) 5.849ms
[10.578s][info][gc,cpu         ] GC(175) User=0.00s Sys=0.00s Real=0.01s
[10.622s][info][gc,start       ] GC(176) Pause Young (Allocation Failure)
[10.627s][info][gc,heap        ] GC(176) PSYoungGen: 332736K(338432K)->6569K(337920K) Eden: 327168K(327168K)->0K(327168K) From: 5568K(11264K)->6569K(10752K)
[10.628s][info][gc,heap        ] GC(176) ParOldGen: 81229K(699392K)->86278K(699392K)
[10.628s][info][gc,metaspace   ] GC(176) Metaspace: 11082K(11328K)->11082K(11328K) NonClass: 9675K(9792K)->9675K(9792K) Class: 1407K(1536K)->1407K(1536K)
[10.628s][info][gc             ] GC(176) Pause Young (Allocation Failure) 404M->90M(1013M) 5.773ms
[10.628s][info][gc,cpu         ] GC(176) User=0.00s Sys=0.00s Real=0.01s
[10.672s][info][gc,start       ] GC(177) Pause Young (Allocation Failure)
[10.678s][info][gc,heap        ] GC(177) PSYoungGen: 333737K(337920K)->5840K(338944K) Eden: 327168K(327168K)->0K(328192K) From: 6569K(10752K)->5840K(10752K)
[10.678s][info][gc,heap        ] GC(177) ParOldGen: 86278K(699392K)->92451K(699392K)
[10.678s][info][gc,metaspace   ] GC(177) Metaspace: 11082K(11328K)->11082K(11328K) NonClass: 9675K(9792K)->9675K(9792K) Class: 1407K(1536K)->1407K(1536K)
[10.678s][info][gc             ] GC(177) Pause Young (Allocation Failure) 410M->95M(1014M) 5.773ms
[10.678s][info][gc,cpu         ] GC(177) User=0.09s Sys=0.00s Real=0.01s
[10.722s][info][gc,start       ] GC(178) Pause Young (Allocation Failure)
[10.728s][info][gc,heap        ] GC(178) PSYoungGen: 334032K(338944K)->8267K(338432K) Eden: 328192K(328192K)->0K(328192K) From: 5840K(10752K)->8267K(10240K)
[10.728s][info][gc,heap        ] GC(178) ParOldGen: 92451K(699392K)->97756K(699392K)
[10.728s][info][gc,metaspace   ] GC(178) Metaspace: 11082K(11328K)->11082K(11328K) NonClass: 9675K(9792K)->9675K(9792K) Class: 1407K(1536K)->1407K(1536K)
[10.728s][info][gc             ] GC(178) Pause Young (Allocation Failure) 416M->103M(1013M) 6.273ms
[10.728s][info][gc,cpu         ] GC(178) User=0.09s Sys=0.00s Real=0.01s
[10.791s][info][gc,start       ] GC(179) Pause Young (System.gc())
[10.798s][info][gc,heap        ] GC(179) PSYoungGen: 301800K(338432K)->8831K(338432K) Eden: 293532K(328192K)->0K(327680K) From: 8267K(10240K)->8831K(10752K)
[10.798s][info][gc,heap        ] GC(179) ParOldGen: 97756K(699392K)->104560K(699392K)
[10.798s][info][gc,metaspace   ] GC(179) Metaspace: 11082K(11328K)->11082K(11328K) NonClass: 9675K(9792K)->9675K(9792K) Class: 1407K(1536K)->1407K(1536K)
[10.798s][info][gc             ] GC(179) Pause Young (System.gc()) 390M->110M(1013M) 7.415ms
[10.798s][info][gc,cpu         ] GC(179) User=0.00s Sys=0.00s Real=0.01s
[10.798s][info][gc,start       ] GC(180) Pause Full (System.gc())
[10.798s][info][gc,phases,start] GC(180) Marking Phase
[10.842s][info][gc,phases      ] GC(180) Marking Phase 43.663ms
[10.842s][info][gc,phases,start] GC(180) Summary Phase
[10.842s][info][gc,phases      ] GC(180) Summary Phase 0.011ms
[10.842s][info][gc,phases,start] GC(180) Adjust Roots
[10.844s][info][gc,phases      ] GC(180) Adjust Roots 1.799ms
[10.844s][info][gc,phases,start] GC(180) Compaction Phase
[10.852s][info][gc,phases      ] GC(180) Compaction Phase 8.226ms
[10.852s][info][gc,phases,start] GC(180) Post Compact
[10.852s][info][gc,phases      ] GC(180) Post Compact 0.363ms
[10.852s][info][gc,heap        ] GC(180) PSYoungGen: 8831K(338432K)->0K(338432K) Eden: 0K(327680K)->0K(327680K) From: 8831K(10752K)->0K(10752K)
[10.852s][info][gc,heap        ] GC(180) ParOldGen: 104560K(699392K)->75856K(699392K)
[10.852s][info][gc,metaspace   ] GC(180) Metaspace: 11082K(11328K)->11082K(11328K) NonClass: 9675K(9792K)->9675K(9792K) Class: 1407K(1536K)->1407K(1536K)
[10.852s][info][gc             ] GC(180) Pause Full (System.gc()) 110M->74M(1013M) 54.276ms
[10.852s][info][gc,cpu         ] GC(180) User=0.38s Sys=0.00s Real=0.06s
[10.898s][info][gc,start       ] GC(181) Pause Young (Allocation Failure)
[10.901s][info][gc,heap        ] GC(181) PSYoungGen: 327680K(338432K)->5504K(338432K) Eden: 327680K(327680K)->0K(327680K) From: 0K(10752K)->5504K(10752K)
[10.902s][info][gc,heap        ] GC(181) ParOldGen: 75856K(699392K)->75856K(699392K)
[10.902s][info][gc,metaspace   ] GC(181) Metaspace: 11082K(11328K)->11082K(11328K) NonClass: 9675K(9792K)->9675K(9792K) Class: 1407K(1536K)->1407K(1536K)
[10.902s][info][gc             ] GC(181) Pause Young (Allocation Failure) 394M->79M(1013M) 3.748ms
[10.902s][info][gc,cpu         ] GC(181) User=0.00s Sys=0.00s Real=0.00s
[10.946s][info][gc,start       ] GC(182) Pause Young (Allocation Failure)
[10.952s][info][gc,heap        ] GC(182) PSYoungGen: 333184K(338432K)->5616K(338432K) Eden: 327680K(327680K)->0K(327680K) From: 5504K(10752K)->5616K(10752K)
[10.952s][info][gc,heap        ] GC(182) ParOldGen: 75856K(699392K)->81216K(699392K)
[10.952s][info][gc,metaspace   ] GC(182) Metaspace: 11082K(11328K)->11082K(11328K) NonClass: 9675K(9792K)->9675K(9792K) Class: 1407K(1536K)->1407K(1536K)
[10.952s][info][gc             ] GC(182) Pause Young (Allocation Failure) 399M->84M(1013M) 6.033ms
[10.952s][info][gc,cpu         ] GC(182) User=0.00s Sys=0.00s Real=0.01s
[10.996s][info][gc,start       ] GC(183) Pause Young (Allocation Failure)
[11.002s][info][gc,heap        ] GC(183) PSYoungGen: 333296K(338432K)->6748K(338432K) Eden: 327680K(327680K)->0K(327680K) From: 5616K(10752K)->6748K(10752K)
[11.002s][info][gc,heap        ] GC(183) ParOldGen: 81216K(699392K)->86313K(699392K)
[11.002s][info][gc,metaspace   ] GC(183) Metaspace: 11082K(11328K)->11082K(11328K) NonClass: 9675K(9792K)->9675K(9792K) Class: 1407K(1536K)->1407K(1536K)
[11.002s][info][gc             ] GC(183) Pause Young (Allocation Failure) 404M->90M(1013M) 6.235ms
[11.002s][info][gc,cpu         ] GC(183) User=0.00s Sys=0.00s Real=0.01s
[11.047s][info][gc,start       ] GC(184) Pause Young (Allocation Failure)
[11.053s][info][gc,heap        ] GC(184) PSYoungGen: 334428K(338432K)->7113K(338944K) Eden: 327680K(327680K)->0K(328704K) From: 6748K(10752K)->7113K(10240K)
[11.053s][info][gc,heap        ] GC(184) ParOldGen: 86313K(699392K)->91836K(699392K)
[11.053s][info][gc,metaspace   ] GC(184) Metaspace: 11082K(11328K)->11082K(11328K) NonClass: 9675K(9792K)->9675K(9792K) Class: 1407K(1536K)->1407K(1536K)
[11.053s][info][gc             ] GC(184) Pause Young (Allocation Failure) 410M->96M(1014M) 6.492ms
[11.053s][info][gc,cpu         ] GC(184) User=0.09s Sys=0.00s Real=0.01s
[11.098s][info][gc,start       ] GC(185) Pause Young (Allocation Failure)
[11.103s][info][gc,heap        ] GC(185) PSYoungGen: 335817K(338944K)->7151K(338944K) Eden: 328704K(328704K)->0K(328704K) From: 7113K(10240K)->7151K(10240K)
[11.103s][info][gc,heap        ] GC(185) ParOldGen: 91836K(699392K)->98476K(699392K)
[11.103s][info][gc,metaspace   ] GC(185) Metaspace: 11082K(11328K)->11082K(11328K) NonClass: 9675K(9792K)->9675K(9792K) Class: 1407K(1536K)->1407K(1536K)
[11.103s][info][gc             ] GC(185) Pause Young (Allocation Failure) 417M->103M(1014M) 5.830ms
[11.103s][info][gc,cpu         ] GC(185) User=0.09s Sys=0.00s Real=0.01s
[11.162s][info][gc,start       ] GC(186) Pause Young (System.gc())
[11.169s][info][gc,heap        ] GC(186) PSYoungGen: 296731K(338944K)->8164K(338432K) Eden: 289580K(328704K)->0K(328704K) From: 7151K(10240K)->8164K(9728K)
[11.169s][info][gc,heap        ] GC(186) ParOldGen: 98476K(699392K)->104758K(699392K)
[11.169s][info][gc,metaspace   ] GC(186) Metaspace: 11086K(11328K)->11086K(11328K) NonClass: 9679K(9792K)->9679K(9792K) Class: 1407K(1536K)->1407K(1536K)
[11.169s][info][gc             ] GC(186) Pause Young (System.gc()) 385M->110M(1013M) 6.982ms
[11.169s][info][gc,cpu         ] GC(186) User=0.00s Sys=0.00s Real=0.02s
[11.169s][info][gc,start       ] GC(187) Pause Full (System.gc())
[11.169s][info][gc,phases,start] GC(187) Marking Phase
[11.224s][info][gc,phases      ] GC(187) Marking Phase 55.502ms
[11.224s][info][gc,phases,start] GC(187) Summary Phase
[11.224s][info][gc,phases      ] GC(187) Summary Phase 0.010ms
[11.224s][info][gc,phases,start] GC(187) Adjust Roots
[11.226s][info][gc,phases      ] GC(187) Adjust Roots 1.314ms
[11.226s][info][gc,phases,start] GC(187) Compaction Phase
[11.234s][info][gc,phases      ] GC(187) Compaction Phase 8.131ms
[11.234s][info][gc,phases,start] GC(187) Post Compact
[11.234s][info][gc,phases      ] GC(187) Post Compact 0.407ms
[11.234s][info][gc,heap        ] GC(187) PSYoungGen: 8164K(338432K)->0K(338432K) Eden: 0K(328704K)->0K(328704K) From: 8164K(9728K)->0K(9728K)
[11.234s][info][gc,heap        ] GC(187) ParOldGen: 104758K(699392K)->75856K(699392K)
[11.234s][info][gc,metaspace   ] GC(187) Metaspace: 11086K(11328K)->11086K(11328K) NonClass: 9679K(9792K)->9679K(9792K) Class: 1407K(1536K)->1407K(1536K)
[11.235s][info][gc             ] GC(187) Pause Full (System.gc()) 110M->74M(1013M) 65.695ms
[11.235s][info][gc,cpu         ] GC(187) User=0.28s Sys=0.02s Real=0.06s
[11.283s][info][gc,start       ] GC(188) Pause Young (Allocation Failure)
[11.287s][info][gc,heap        ] GC(188) PSYoungGen: 328704K(338432K)->5536K(338944K) Eden: 328704K(328704K)->0K(328704K) From: 0K(9728K)->5536K(10240K)
[11.287s][info][gc,heap        ] GC(188) ParOldGen: 75856K(699392K)->75856K(699392K)
[11.287s][info][gc,metaspace   ] GC(188) Metaspace: 11088K(11328K)->11088K(11328K) NonClass: 9681K(9792K)->9681K(9792K) Class: 1407K(1536K)->1407K(1536K)
[11.287s][info][gc             ] GC(188) Pause Young (Allocation Failure) 395M->79M(1014M) 3.743ms
[11.287s][info][gc,cpu         ] GC(188) User=0.09s Sys=0.00s Real=0.00s
[11.332s][info][gc,start       ] GC(189) Pause Young (Allocation Failure)
[11.338s][info][gc,heap        ] GC(189) PSYoungGen: 334240K(338944K)->5648K(338944K) Eden: 328704K(328704K)->0K(328704K) From: 5536K(10240K)->5648K(10240K)
[11.338s][info][gc,heap        ] GC(189) ParOldGen: 75856K(699392K)->81214K(699392K)
[11.338s][info][gc,metaspace   ] GC(189) Metaspace: 11088K(11328K)->11088K(11328K) NonClass: 9681K(9792K)->9681K(9792K) Class: 1407K(1536K)->1407K(1536K)
[11.338s][info][gc             ] GC(189) Pause Young (Allocation Failure) 400M->84M(1014M) 5.907ms
[11.338s][info][gc,cpu         ] GC(189) User=0.09s Sys=0.00s Real=0.00s
[11.383s][info][gc,start       ] GC(190) Pause Young (Allocation Failure)
[11.389s][info][gc,heap        ] GC(190) PSYoungGen: 334352K(338944K)->6527K(338944K) Eden: 328704K(328704K)->0K(328704K) From: 5648K(10240K)->6527K(10240K)
[11.389s][info][gc,heap        ] GC(190) ParOldGen: 81214K(699392K)->86331K(699392K)
[11.389s][info][gc,metaspace   ] GC(190) Metaspace: 11088K(11328K)->11088K(11328K) NonClass: 9681K(9792K)->9681K(9792K) Class: 1407K(1536K)->1407K(1536K)
[11.389s][info][gc             ] GC(190) Pause Young (Allocation Failure) 405M->90M(1014M) 6.177ms
[11.389s][info][gc,cpu         ] GC(190) User=0.00s Sys=0.00s Real=0.01s
[11.433s][info][gc,start       ] GC(191) Pause Young (Allocation Failure)
[11.439s][info][gc,heap        ] GC(191) PSYoungGen: 335231K(338944K)->5792K(339456K) Eden: 328704K(328704K)->0K(329728K) From: 6527K(10240K)->5792K(9728K)
[11.439s][info][gc,heap        ] GC(191) ParOldGen: 86331K(699392K)->92532K(699392K)
[11.439s][info][gc,metaspace   ] GC(191) Metaspace: 11088K(11328K)->11088K(11328K) NonClass: 9681K(9792K)->9681K(9792K) Class: 1407K(1536K)->1407K(1536K)
[11.439s][info][gc             ] GC(191) Pause Young (Allocation Failure) 411M->96M(1014M) 5.779ms
[11.439s][info][gc,cpu         ] GC(191) User=0.00s Sys=0.00s Real=0.01s
[11.483s][info][gc,start       ] GC(192) Pause Young (Allocation Failure)
[11.490s][info][gc,heap        ] GC(192) PSYoungGen: 335520K(339456K)->8297K(339456K) Eden: 329728K(329728K)->0K(329728K) From: 5792K(9728K)->8297K(9728K)
[11.490s][info][gc,heap        ] GC(192) ParOldGen: 92532K(699392K)->97810K(699392K)
[11.490s][info][gc,metaspace   ] GC(192) Metaspace: 11088K(11328K)->11088K(11328K) NonClass: 9681K(9792K)->9681K(9792K) Class: 1407K(1536K)->1407K(1536K)
[11.490s][info][gc             ] GC(192) Pause Young (Allocation Failure) 418M->103M(1014M) 6.442ms
[11.490s][info][gc,cpu         ] GC(192) User=0.09s Sys=0.00s Real=0.00s
[11.548s][info][gc,start       ] GC(193) Pause Young (System.gc())
[11.556s][info][gc,heap        ] GC(193) PSYoungGen: 292411K(339456K)->8696K(338432K) Eden: 284114K(329728K)->0K(328704K) From: 8297K(9728K)->8696K(9728K)
[11.556s][info][gc,heap        ] GC(193) ParOldGen: 97810K(699392K)->104657K(699392K)
[11.556s][info][gc,metaspace   ] GC(193) Metaspace: 11088K(11328K)->11088K(11328K) NonClass: 9681K(9792K)->9681K(9792K) Class: 1407K(1536K)->1407K(1536K)
[11.556s][info][gc             ] GC(193) Pause Young (System.gc()) 381M->110M(1013M) 8.201ms
[11.556s][info][gc,cpu         ] GC(193) User=0.08s Sys=0.00s Real=0.01s
[11.556s][info][gc,start       ] GC(194) Pause Full (System.gc())
[11.556s][info][gc,phases,start] GC(194) Marking Phase
[11.610s][info][gc,phases      ] GC(194) Marking Phase 53.627ms
[11.610s][info][gc,phases,start] GC(194) Summary Phase
[11.610s][info][gc,phases      ] GC(194) Summary Phase 0.010ms
[11.610s][info][gc,phases,start] GC(194) Adjust Roots
[11.611s][info][gc,phases      ] GC(194) Adjust Roots 1.260ms
[11.611s][info][gc,phases,start] GC(194) Compaction Phase
[11.619s][info][gc,phases      ] GC(194) Compaction Phase 7.723ms
[11.619s][info][gc,phases,start] GC(194) Post Compact
[11.619s][info][gc,phases      ] GC(194) Post Compact 0.370ms
[11.619s][info][gc,heap        ] GC(194) PSYoungGen: 8696K(338432K)->0K(338432K) Eden: 0K(328704K)->0K(328704K) From: 8696K(9728K)->0K(9728K)
[11.619s][info][gc,heap        ] GC(194) ParOldGen: 104657K(699392K)->75856K(699392K)
[11.619s][info][gc,metaspace   ] GC(194) Metaspace: 11088K(11328K)->11088K(11328K) NonClass: 9681K(9792K)->9681K(9792K) Class: 1407K(1536K)->1407K(1536K)
[11.619s][info][gc             ] GC(194) Pause Full (System.gc()) 110M->74M(1013M) 63.245ms
[11.619s][info][gc,cpu         ] GC(194) User=0.38s Sys=0.00s Real=0.06s
[11.666s][info][gc,start       ] GC(195) Pause Young (Allocation Failure)
[11.670s][info][gc,heap        ] GC(195) PSYoungGen: 328704K(338432K)->5568K(338944K) Eden: 328704K(328704K)->0K(328704K) From: 0K(9728K)->5568K(10240K)
[11.670s][info][gc,heap        ] GC(195) ParOldGen: 75856K(699392K)->75856K(699392K)
[11.670s][info][gc,metaspace   ] GC(195) Metaspace: 11088K(11328K)->11088K(11328K) NonClass: 9681K(9792K)->9681K(9792K) Class: 1407K(1536K)->1407K(1536K)
[11.670s][info][gc             ] GC(195) Pause Young (Allocation Failure) 395M->79M(1014M) 3.873ms
[11.670s][info][gc,cpu         ] GC(195) User=0.00s Sys=0.00s Real=0.00s
[11.714s][info][gc,start       ] GC(196) Pause Young (Allocation Failure)
[11.721s][info][gc,heap        ] GC(196) PSYoungGen: 334272K(338944K)->5680K(338944K) Eden: 328704K(328704K)->0K(328704K) From: 5568K(10240K)->5680K(10240K)
[11.721s][info][gc,heap        ] GC(196) ParOldGen: 75856K(699392K)->81233K(699392K)
[11.721s][info][gc,metaspace   ] GC(196) Metaspace: 11088K(11328K)->11088K(11328K) NonClass: 9681K(9792K)->9681K(9792K) Class: 1407K(1536K)->1407K(1536K)
[11.721s][info][gc             ] GC(196) Pause Young (Allocation Failure) 400M->84M(1014M) 6.476ms
[11.721s][info][gc,cpu         ] GC(196) User=0.00s Sys=0.00s Real=0.01s
[11.765s][info][gc,start       ] GC(197) Pause Young (Allocation Failure)
[11.771s][info][gc,heap        ] GC(197) PSYoungGen: 334384K(338944K)->6683K(338944K) Eden: 328704K(328704K)->0K(328704K) From: 5680K(10240K)->6683K(10240K)
[11.771s][info][gc,heap        ] GC(197) ParOldGen: 81233K(699392K)->86382K(699392K)
[11.771s][info][gc,metaspace   ] GC(197) Metaspace: 11088K(11328K)->11088K(11328K) NonClass: 9681K(9792K)->9681K(9792K) Class: 1407K(1536K)->1407K(1536K)
[11.771s][info][gc             ] GC(197) Pause Young (Allocation Failure) 405M->90M(1014M) 5.960ms
[11.771s][info][gc,cpu         ] GC(197) User=0.09s Sys=0.00s Real=0.01s
[11.815s][info][gc,start       ] GC(198) Pause Young (Allocation Failure)
[11.821s][info][gc,heap        ] GC(198) PSYoungGen: 335387K(338944K)->6563K(339456K) Eden: 328704K(328704K)->0K(329728K) From: 6683K(10240K)->6563K(9728K)
[11.821s][info][gc,heap        ] GC(198) ParOldGen: 86382K(699392K)->92319K(699392K)
[11.821s][info][gc,metaspace   ] GC(198) Metaspace: 11088K(11328K)->11088K(11328K) NonClass: 9681K(9792K)->9681K(9792K) Class: 1407K(1536K)->1407K(1536K)
[11.821s][info][gc             ] GC(198) Pause Young (Allocation Failure) 411M->96M(1014M) 6.037ms
[11.821s][info][gc,cpu         ] GC(198) User=0.06s Sys=0.02s Real=0.01s
[11.866s][info][gc,start       ] GC(199) Pause Young (Allocation Failure)
[11.872s][info][gc,heap        ] GC(199) PSYoungGen: 336291K(339456K)->7858K(339456K) Eden: 329728K(329728K)->0K(329728K) From: 6563K(9728K)->7858K(9728K)
[11.872s][info][gc,heap        ] GC(199) ParOldGen: 92319K(699392K)->98425K(699392K)
[11.872s][info][gc,metaspace   ] GC(199) Metaspace: 11088K(11328K)->11088K(11328K) NonClass: 9681K(9792K)->9681K(9792K) Class: 1407K(1536K)->1407K(1536K)
[11.872s][info][gc             ] GC(199) Pause Young (Allocation Failure) 418M->103M(1014M) 6.120ms
[11.872s][info][gc,cpu         ] GC(199) User=0.00s Sys=0.00s Real=0.01s
[11.933s][info][gc,start       ] GC(200) Pause Young (System.gc())
[11.941s][info][gc,heap        ] GC(200) PSYoungGen: 292020K(339456K)->9129K(338432K) Eden: 284162K(329728K)->0K(328704K) From: 7858K(9728K)->9129K(9728K)
[11.941s][info][gc,heap        ] GC(200) ParOldGen: 98425K(699392K)->104306K(699392K)
[11.941s][info][gc,metaspace   ] GC(200) Metaspace: 11089K(11328K)->11089K(11328K) NonClass: 9682K(9792K)->9682K(9792K) Class: 1407K(1536K)->1407K(1536K)
[11.941s][info][gc             ] GC(200) Pause Young (System.gc()) 381M->110M(1013M) 7.909ms
[11.941s][info][gc,cpu         ] GC(200) User=0.00s Sys=0.00s Real=0.01s
[11.941s][info][gc,start       ] GC(201) Pause Full (System.gc())
[11.941s][info][gc,phases,start] GC(201) Marking Phase
[11.990s][info][gc,phases      ] GC(201) Marking Phase 48.923ms
[11.990s][info][gc,phases,start] GC(201) Summary Phase
[11.990s][info][gc,phases      ] GC(201) Summary Phase 0.009ms
[11.990s][info][gc,phases,start] GC(201) Adjust Roots
[11.992s][info][gc,phases      ] GC(201) Adjust Roots 1.699ms
[11.992s][info][gc,phases,start] GC(201) Compaction Phase
[12.000s][info][gc,phases      ] GC(201) Compaction Phase 8.153ms
[12.000s][info][gc,phases,start] GC(201) Post Compact
[12.000s][info][gc,phases      ] GC(201) Post Compact 0.358ms
[12.000s][info][gc,heap        ] GC(201) PSYoungGen: 9129K(338432K)->0K(338432K) Eden: 0K(328704K)->0K(328704K) From: 9129K(9728K)->0K(9728K)
[12.000s][info][gc,heap        ] GC(201) ParOldGen: 104306K(699392K)->75856K(699392K)
[12.000s][info][gc,metaspace   ] GC(201) Metaspace: 11089K(11328K)->11089K(11328K) NonClass: 9682K(9792K)->9682K(9792K) Class: 1407K(1536K)->1407K(1536K)
[12.000s][info][gc             ] GC(201) Pause Full (System.gc()) 110M->74M(1013M) 59.358ms
[12.000s][info][gc,cpu         ] GC(201) User=0.30s Sys=0.00s Real=0.06s
[12.047s][info][gc,start       ] GC(202) Pause Young (Allocation Failure)
[12.051s][info][gc,heap        ] GC(202) PSYoungGen: 328704K(338432K)->5568K(338944K) Eden: 328704K(328704K)->0K(328704K) From: 0K(9728K)->5568K(10240K)
[12.051s][info][gc,heap        ] GC(202) ParOldGen: 75856K(699392K)->75856K(699392K)
[12.051s][info][gc,metaspace   ] GC(202) Metaspace: 11090K(11328K)->11090K(11328K) NonClass: 9683K(9792K)->9683K(9792K) Class: 1407K(1536K)->1407K(1536K)
[12.051s][info][gc             ] GC(202) Pause Young (Allocation Failure) 395M->79M(1014M) 3.690ms
[12.051s][info][gc,cpu         ] GC(202) User=0.00s Sys=0.00s Real=0.00s
[12.095s][info][gc,start       ] GC(203) Pause Young (Allocation Failure)
[12.101s][info][gc,heap        ] GC(203) PSYoungGen: 334272K(338944K)->5712K(338944K) Eden: 328704K(328704K)->0K(328704K) From: 5568K(10240K)->5712K(10240K)
[12.101s][info][gc,heap        ] GC(203) ParOldGen: 75856K(699392K)->81267K(699392K)
[12.101s][info][gc,metaspace   ] GC(203) Metaspace: 11090K(11328K)->11090K(11328K) NonClass: 9683K(9792K)->9683K(9792K) Class: 1407K(1536K)->1407K(1536K)
[12.101s][info][gc             ] GC(203) Pause Young (Allocation Failure) 400M->84M(1014M) 5.967ms
[12.101s][info][gc,cpu         ] GC(203) User=0.09s Sys=0.00s Real=0.01s
[12.147s][info][gc,start       ] GC(204) Pause Young (Allocation Failure)
[12.153s][info][gc,heap        ] GC(204) PSYoungGen: 334416K(338944K)->6590K(338944K) Eden: 328704K(328704K)->0K(328704K) From: 5712K(10240K)->6590K(10240K)
[12.153s][info][gc,heap        ] GC(204) ParOldGen: 81267K(699392K)->86365K(699392K)
[12.153s][info][gc,metaspace   ] GC(204) Metaspace: 11090K(11328K)->11090K(11328K) NonClass: 9683K(9792K)->9683K(9792K) Class: 1407K(1536K)->1407K(1536K)
[12.153s][info][gc             ] GC(204) Pause Young (Allocation Failure) 405M->90M(1014M) 6.188ms
[12.153s][info][gc,cpu         ] GC(204) User=0.00s Sys=0.00s Real=0.01s
[12.198s][info][gc,start       ] GC(205) Pause Young (Allocation Failure)
[12.204s][info][gc,heap        ] GC(205) PSYoungGen: 335294K(338944K)->5792K(339456K) Eden: 328704K(328704K)->0K(329728K) From: 6590K(10240K)->5792K(9728K)
[12.204s][info][gc,heap        ] GC(205) ParOldGen: 86365K(699392K)->92563K(699392K)
[12.204s][info][gc,metaspace   ] GC(205) Metaspace: 11090K(11328K)->11090K(11328K) NonClass: 9683K(9792K)->9683K(9792K) Class: 1407K(1536K)->1407K(1536K)
[12.204s][info][gc             ] GC(205) Pause Young (Allocation Failure) 411M->96M(1014M) 6.001ms
[12.204s][info][gc,cpu         ] GC(205) User=0.00s Sys=0.00s Real=0.01s
[12.252s][info][gc,start       ] GC(206) Pause Young (Allocation Failure)
[12.259s][info][gc,heap        ] GC(206) PSYoungGen: 335520K(339456K)->8943K(338944K) Eden: 329728K(329728K)->0K(329728K) From: 5792K(9728K)->8943K(9216K)
[12.259s][info][gc,heap        ] GC(206) ParOldGen: 92563K(699392K)->97884K(699392K)
[12.259s][info][gc,metaspace   ] GC(206) Metaspace: 11090K(11328K)->11090K(11328K) NonClass: 9683K(9792K)->9683K(9792K) Class: 1407K(1536K)->1407K(1536K)
[12.259s][info][gc             ] GC(206) Pause Young (Allocation Failure) 418M->104M(1014M) 6.701ms
[12.259s][info][gc,cpu         ] GC(206) User=0.09s Sys=0.00s Real=0.00s
[12.318s][info][gc,start       ] GC(207) Pause Young (System.gc())
[12.325s][info][gc,heap        ] GC(207) PSYoungGen: 289936K(338944K)->8301K(337920K) Eden: 280993K(329728K)->0K(327680K) From: 8943K(9216K)->8301K(10240K)
[12.325s][info][gc,heap        ] GC(207) ParOldGen: 97884K(699392K)->105031K(699392K)
[12.325s][info][gc,metaspace   ] GC(207) Metaspace: 11098K(11328K)->11098K(11328K) NonClass: 9691K(9792K)->9691K(9792K) Class: 1407K(1536K)->1407K(1536K)
[12.325s][info][gc             ] GC(207) Pause Young (System.gc()) 378M->110M(1013M) 7.518ms
[12.325s][info][gc,cpu         ] GC(207) User=0.02s Sys=0.00s Real=0.02s
[12.326s][info][gc,start       ] GC(208) Pause Full (System.gc())
[12.326s][info][gc,phases,start] GC(208) Marking Phase
[12.370s][info][gc,phases      ] GC(208) Marking Phase 44.129ms
[12.370s][info][gc,phases,start] GC(208) Summary Phase
[12.370s][info][gc,phases      ] GC(208) Summary Phase 0.010ms
[12.370s][info][gc,phases,start] GC(208) Adjust Roots
[12.371s][info][gc,phases      ] GC(208) Adjust Roots 1.290ms
[12.371s][info][gc,phases,start] GC(208) Compaction Phase
[12.379s][info][gc,phases      ] GC(208) Compaction Phase 7.600ms
[12.379s][info][gc,phases,start] GC(208) Post Compact
[12.379s][info][gc,phases      ] GC(208) Post Compact 0.374ms
[12.379s][info][gc,heap        ] GC(208) PSYoungGen: 8301K(337920K)->0K(337920K) Eden: 0K(327680K)->0K(327680K) From: 8301K(10240K)->0K(10240K)
[12.379s][info][gc,heap        ] GC(208) ParOldGen: 105031K(699392K)->75856K(699392K)
[12.379s][info][gc,metaspace   ] GC(208) Metaspace: 11098K(11328K)->11098K(11328K) NonClass: 9691K(9792K)->9691K(9792K) Class: 1407K(1536K)->1407K(1536K)
[12.379s][info][gc             ] GC(208) Pause Full (System.gc()) 110M->74M(1013M) 53.658ms
[12.379s][info][gc,cpu         ] GC(208) User=0.28s Sys=0.00s Real=0.05s
[12.426s][info][gc,start       ] GC(209) Pause Young (Allocation Failure)
[12.430s][info][gc,heap        ] GC(209) PSYoungGen: 327680K(337920K)->5568K(338432K) Eden: 327680K(327680K)->0K(327680K) From: 0K(10240K)->5568K(10752K)
[12.430s][info][gc,heap        ] GC(209) ParOldGen: 75856K(699392K)->75856K(699392K)
[12.430s][info][gc,metaspace   ] GC(209) Metaspace: 11100K(11328K)->11100K(11328K) NonClass: 9693K(9792K)->9693K(9792K) Class: 1407K(1536K)->1407K(1536K)
[12.430s][info][gc             ] GC(209) Pause Young (Allocation Failure) 394M->79M(1013M) 3.719ms
[12.430s][info][gc,cpu         ] GC(209) User=0.09s Sys=0.00s Real=0.00s
[12.474s][info][gc,start       ] GC(210) Pause Young (Allocation Failure)
[12.480s][info][gc,heap        ] GC(210) PSYoungGen: 333248K(338432K)->5584K(338944K) Eden: 327680K(327680K)->0K(328704K) From: 5568K(10752K)->5584K(10240K)
[12.480s][info][gc,heap        ] GC(210) ParOldGen: 75856K(699392K)->81220K(699392K)
[12.480s][info][gc,metaspace   ] GC(210) Metaspace: 11100K(11328K)->11100K(11328K) NonClass: 9693K(9792K)->9693K(9792K) Class: 1407K(1536K)->1407K(1536K)
[12.480s][info][gc             ] GC(210) Pause Young (Allocation Failure) 399M->84M(1014M) 6.133ms
[12.480s][info][gc,cpu         ] GC(210) User=0.00s Sys=0.00s Real=0.01s
[12.525s][info][gc,start       ] GC(211) Pause Young (Allocation Failure)
[12.531s][info][gc,heap        ] GC(211) PSYoungGen: 334288K(338944K)->6571K(338944K) Eden: 328704K(328704K)->0K(328704K) From: 5584K(10240K)->6571K(10240K)
[12.531s][info][gc,heap        ] GC(211) ParOldGen: 81220K(699392K)->86341K(699392K)
[12.531s][info][gc,metaspace   ] GC(211) Metaspace: 11100K(11328K)->11100K(11328K) NonClass: 9693K(9792K)->9693K(9792K) Class: 1407K(1536K)->1407K(1536K)
[12.531s][info][gc             ] GC(211) Pause Young (Allocation Failure) 405M->90M(1014M) 6.005ms
[12.531s][info][gc,cpu         ] GC(211) User=0.00s Sys=0.00s Real=0.01s
[12.576s][info][gc,start       ] GC(212) Pause Young (Allocation Failure)
[12.582s][info][gc,heap        ] GC(212) PSYoungGen: 335275K(338944K)->5856K(339456K) Eden: 328704K(328704K)->0K(329216K) From: 6571K(10240K)->5856K(10240K)
[12.582s][info][gc,heap        ] GC(212) ParOldGen: 86341K(699392K)->92498K(699392K)
[12.582s][info][gc,metaspace   ] GC(212) Metaspace: 11100K(11328K)->11100K(11328K) NonClass: 9693K(9792K)->9693K(9792K) Class: 1407K(1536K)->1407K(1536K)
[12.582s][info][gc             ] GC(212) Pause Young (Allocation Failure) 411M->96M(1014M) 5.791ms
[12.582s][info][gc,cpu         ] GC(212) User=0.00s Sys=0.00s Real=0.00s
[12.626s][info][gc,start       ] GC(213) Pause Young (Allocation Failure)
[12.633s][info][gc,heap        ] GC(213) PSYoungGen: 335072K(339456K)->8802K(338944K) Eden: 329216K(329216K)->0K(329216K) From: 5856K(10240K)->8802K(9728K)
[12.633s][info][gc,heap        ] GC(213) ParOldGen: 92498K(699392K)->97847K(699392K)
[12.633s][info][gc,metaspace   ] GC(213) Metaspace: 11100K(11328K)->11100K(11328K) NonClass: 9693K(9792K)->9693K(9792K) Class: 1407K(1536K)->1407K(1536K)
[12.633s][info][gc             ] GC(213) Pause Young (Allocation Failure) 417M->104M(1014M) 6.612ms
[12.633s][info][gc,cpu         ] GC(213) User=0.09s Sys=0.00s Real=0.01s
[12.687s][info][gc,start       ] GC(214) Pause Young (System.gc())
[12.695s][info][gc,heap        ] GC(214) PSYoungGen: 297235K(338944K)->8409K(337920K) Eden: 288433K(329216K)->0K(327680K) From: 8802K(9728K)->8409K(10240K)
[12.695s][info][gc,heap        ] GC(214) ParOldGen: 97847K(699392K)->104966K(699392K)
[12.695s][info][gc,metaspace   ] GC(214) Metaspace: 11101K(11328K)->11101K(11328K) NonClass: 9694K(9792K)->9694K(9792K) Class: 1407K(1536K)->1407K(1536K)
[12.695s][info][gc             ] GC(214) Pause Young (System.gc()) 385M->110M(1013M) 7.700ms
[12.695s][info][gc,cpu         ] GC(214) User=0.09s Sys=0.00s Real=0.01s
[12.695s][info][gc,start       ] GC(215) Pause Full (System.gc())
[12.695s][info][gc,phases,start] GC(215) Marking Phase
[12.745s][info][gc,phases      ] GC(215) Marking Phase 50.422ms
[12.745s][info][gc,phases,start] GC(215) Summary Phase
[12.745s][info][gc,phases      ] GC(215) Summary Phase 0.010ms
[12.745s][info][gc,phases,start] GC(215) Adjust Roots
[12.747s][info][gc,phases      ] GC(215) Adjust Roots 1.266ms
[12.747s][info][gc,phases,start] GC(215) Compaction Phase
[12.755s][info][gc,phases      ] GC(215) Compaction Phase 8.262ms
[12.755s][info][gc,phases,start] GC(215) Post Compact
[12.756s][info][gc,phases      ] GC(215) Post Compact 0.377ms
[12.756s][info][gc,heap        ] GC(215) PSYoungGen: 8409K(337920K)->0K(337920K) Eden: 0K(327680K)->0K(327680K) From: 8409K(10240K)->0K(10240K)
[12.756s][info][gc,heap        ] GC(215) ParOldGen: 104966K(699392K)->75856K(699392K)
[12.756s][info][gc,metaspace   ] GC(215) Metaspace: 11101K(11328K)->11101K(11328K) NonClass: 9694K(9792K)->9694K(9792K) Class: 1407K(1536K)->1407K(1536K)
[12.756s][info][gc             ] GC(215) Pause Full (System.gc()) 110M->74M(1013M) 60.595ms
[12.756s][info][gc,cpu         ] GC(215) User=0.36s Sys=0.00s Real=0.06s
[12.802s][info][gc,start       ] GC(216) Pause Young (Allocation Failure)
[12.806s][info][gc,heap        ] GC(216) PSYoungGen: 327680K(337920K)->5568K(338432K) Eden: 327680K(327680K)->0K(327680K) From: 0K(10240K)->5568K(10752K)
[12.806s][info][gc,heap        ] GC(216) ParOldGen: 75856K(699392K)->75856K(699392K)
[12.806s][info][gc,metaspace   ] GC(216) Metaspace: 11103K(11328K)->11103K(11328K) NonClass: 9696K(9792K)->9696K(9792K) Class: 1407K(1536K)->1407K(1536K)
[12.806s][info][gc             ] GC(216) Pause Young (Allocation Failure) 394M->79M(1013M) 3.897ms
[12.806s][info][gc,cpu         ] GC(216) User=0.00s Sys=0.00s Real=0.00s
[12.851s][info][gc,start       ] GC(217) Pause Young (Allocation Failure)
[12.857s][info][gc,heap        ] GC(217) PSYoungGen: 333248K(338432K)->5664K(338944K) Eden: 327680K(327680K)->0K(328192K) From: 5568K(10752K)->5664K(10752K)
[12.857s][info][gc,heap        ] GC(217) ParOldGen: 75856K(699392K)->81216K(699392K)
[12.857s][info][gc,metaspace   ] GC(217) Metaspace: 11103K(11328K)->11103K(11328K) NonClass: 9696K(9792K)->9696K(9792K) Class: 1407K(1536K)->1407K(1536K)
[12.857s][info][gc             ] GC(217) Pause Young (Allocation Failure) 399M->84M(1014M) 5.918ms
[12.857s][info][gc,cpu         ] GC(217) User=0.00s Sys=0.00s Real=0.01s
[12.901s][info][gc,start       ] GC(218) Pause Young (Allocation Failure)
[12.907s][info][gc,heap        ] GC(218) PSYoungGen: 333856K(338944K)->6739K(338432K) Eden: 328192K(328192K)->0K(328192K) From: 5664K(10752K)->6739K(10240K)
[12.907s][info][gc,heap        ] GC(218) ParOldGen: 81216K(699392K)->86347K(699392K)
[12.907s][info][gc,metaspace   ] GC(218) Metaspace: 11103K(11328K)->11103K(11328K) NonClass: 9696K(9792K)->9696K(9792K) Class: 1407K(1536K)->1407K(1536K)
[12.907s][info][gc             ] GC(218) Pause Young (Allocation Failure) 405M->90M(1013M) 6.034ms
[12.907s][info][gc,cpu         ] GC(218) User=0.00s Sys=0.00s Real=0.01s
[12.951s][info][gc,start       ] GC(219) Pause Young (Allocation Failure)
[12.958s][info][gc,heap        ] GC(219) PSYoungGen: 334931K(338432K)->6649K(339456K) Eden: 328192K(328192K)->0K(329216K) From: 6739K(10240K)->6649K(10240K)
[12.958s][info][gc,heap        ] GC(219) ParOldGen: 86347K(699392K)->92355K(699392K)
[12.958s][info][gc,metaspace   ] GC(219) Metaspace: 11103K(11328K)->11103K(11328K) NonClass: 9696K(9792K)->9696K(9792K) Class: 1407K(1536K)->1407K(1536K)
[12.958s][info][gc             ] GC(219) Pause Young (Allocation Failure) 411M->96M(1014M) 6.140ms
[12.958s][info][gc,cpu         ] GC(219) User=0.00s Sys=0.00s Real=0.00s
[13.002s][info][gc,start       ] GC(220) Pause Young (Allocation Failure)
[13.008s][info][gc,heap        ] GC(220) PSYoungGen: 335865K(339456K)->7194K(338944K) Eden: 329216K(329216K)->0K(329216K) From: 6649K(10240K)->7194K(9728K)
[13.008s][info][gc,heap        ] GC(220) ParOldGen: 92355K(699392K)->98532K(699392K)
[13.008s][info][gc,metaspace   ] GC(220) Metaspace: 11109K(11392K)->11109K(11392K) NonClass: 9702K(9856K)->9702K(9856K) Class: 1407K(1536K)->1407K(1536K)
[13.008s][info][gc             ] GC(220) Pause Young (Allocation Failure) 418M->103M(1014M) 5.924ms
[13.008s][info][gc,cpu         ] GC(220) User=0.09s Sys=0.00s Real=0.01s
[13.066s][info][gc,start       ] GC(221) Pause Young (System.gc())
[13.073s][info][gc,heap        ] GC(221) PSYoungGen: 292804K(338944K)->8527K(338432K) Eden: 285609K(329216K)->0K(328704K) From: 7194K(9728K)->8527K(9728K)
[13.073s][info][gc,heap        ] GC(221) ParOldGen: 98532K(699392K)->104759K(699392K)
[13.073s][info][gc,metaspace   ] GC(221) Metaspace: 11119K(11392K)->11119K(11392K) NonClass: 9712K(9856K)->9712K(9856K) Class: 1407K(1536K)->1407K(1536K)
[13.073s][info][gc             ] GC(221) Pause Young (System.gc()) 382M->110M(1013M) 7.348ms
[13.073s][info][gc,cpu         ] GC(221) User=0.09s Sys=0.00s Real=0.01s
[13.073s][info][gc,start       ] GC(222) Pause Full (System.gc())
[13.073s][info][gc,phases,start] GC(222) Marking Phase
[13.116s][info][gc,phases      ] GC(222) Marking Phase 42.742ms
[13.116s][info][gc,phases,start] GC(222) Summary Phase
[13.116s][info][gc,phases      ] GC(222) Summary Phase 0.010ms
[13.116s][info][gc,phases,start] GC(222) Adjust Roots
[13.118s][info][gc,phases      ] GC(222) Adjust Roots 1.762ms
[13.118s][info][gc,phases,start] GC(222) Compaction Phase
[13.126s][info][gc,phases      ] GC(222) Compaction Phase 8.122ms
[13.126s][info][gc,phases,start] GC(222) Post Compact
[13.126s][info][gc,phases      ] GC(222) Post Compact 0.457ms
[13.127s][info][gc,heap        ] GC(222) PSYoungGen: 8527K(338432K)->0K(338432K) Eden: 0K(328704K)->0K(328704K) From: 8527K(9728K)->0K(9728K)
[13.127s][info][gc,heap        ] GC(222) ParOldGen: 104759K(699392K)->75856K(699392K)
[13.127s][info][gc,metaspace   ] GC(222) Metaspace: 11119K(11392K)->11119K(11392K) NonClass: 9712K(9856K)->9712K(9856K) Class: 1407K(1536K)->1407K(1536K)
[13.127s][info][gc             ] GC(222) Pause Full (System.gc()) 110M->74M(1013M) 53.352ms
[13.127s][info][gc,cpu         ] GC(222) User=0.20s Sys=0.00s Real=0.05s
[13.173s][info][gc,start       ] GC(223) Pause Young (Allocation Failure)
[13.177s][info][gc,heap        ] GC(223) PSYoungGen: 328704K(338432K)->5568K(338944K) Eden: 328704K(328704K)->0K(328704K) From: 0K(9728K)->5568K(10240K)
[13.177s][info][gc,heap        ] GC(223) ParOldGen: 75856K(699392K)->75856K(699392K)
[13.177s][info][gc,metaspace   ] GC(223) Metaspace: 11119K(11392K)->11119K(11392K) NonClass: 9712K(9856K)->9712K(9856K) Class: 1407K(1536K)->1407K(1536K)
[13.177s][info][gc             ] GC(223) Pause Young (Allocation Failure) 395M->79M(1014M) 3.634ms
[13.177s][info][gc,cpu         ] GC(223) User=0.09s Sys=0.00s Real=0.00s
[13.225s][info][gc,start       ] GC(224) Pause Young (Allocation Failure)
[13.231s][info][gc,heap        ] GC(224) PSYoungGen: 334272K(338944K)->5648K(339456K) Eden: 328704K(328704K)->0K(329216K) From: 5568K(10240K)->5648K(10240K)
[13.231s][info][gc,heap        ] GC(224) ParOldGen: 75856K(699392K)->81208K(699392K)
[13.231s][info][gc,metaspace   ] GC(224) Metaspace: 11119K(11392K)->11119K(11392K) NonClass: 9712K(9856K)->9712K(9856K) Class: 1407K(1536K)->1407K(1536K)
[13.231s][info][gc             ] GC(224) Pause Young (Allocation Failure) 400M->84M(1014M) 6.639ms
[13.231s][info][gc,cpu         ] GC(224) User=0.00s Sys=0.00s Real=0.01s
[13.277s][info][gc,start       ] GC(225) Pause Young (Allocation Failure)
[13.283s][info][gc,heap        ] GC(225) PSYoungGen: 334864K(339456K)->6800K(338944K) Eden: 329216K(329216K)->0K(329216K) From: 5648K(10240K)->6800K(9728K)
[13.286s][info][gc,heap        ] GC(225) ParOldGen: 81208K(699392K)->86337K(699392K)
[13.286s][info][gc,metaspace   ] GC(225) Metaspace: 11119K(11392K)->11119K(11392K) NonClass: 9712K(9856K)->9712K(9856K) Class: 1407K(1536K)->1407K(1536K)
[13.286s][info][gc             ] GC(225) Pause Young (Allocation Failure) 406M->90M(1014M) 8.628ms
[13.286s][info][gc,cpu         ] GC(225) User=0.00s Sys=0.00s Real=0.01s
[13.332s][info][gc,start       ] GC(226) Pause Young (Allocation Failure)
[13.338s][info][gc,heap        ] GC(226) PSYoungGen: 336016K(338944K)->6953K(339456K) Eden: 329216K(329216K)->0K(329728K) From: 6800K(9728K)->6953K(9728K)
[13.338s][info][gc,heap        ] GC(226) ParOldGen: 86337K(699392K)->92043K(699392K)
[13.338s][info][gc,metaspace   ] GC(226) Metaspace: 11119K(11392K)->11119K(11392K) NonClass: 9712K(9856K)->9712K(9856K) Class: 1407K(1536K)->1407K(1536K)
[13.338s][info][gc             ] GC(226) Pause Young (Allocation Failure) 412M->96M(1014M) 6.168ms
[13.338s][info][gc,cpu         ] GC(226) User=0.09s Sys=0.00s Real=0.01s
[13.382s][info][gc,start       ] GC(227) Pause Young (Allocation Failure)
[13.388s][info][gc,heap        ] GC(227) PSYoungGen: 336681K(339456K)->8279K(339456K) Eden: 329728K(329728K)->0K(329728K) From: 6953K(9728K)->8279K(9728K)
[13.389s][info][gc,heap        ] GC(227) ParOldGen: 92043K(699392K)->97650K(699392K)
[13.389s][info][gc,metaspace   ] GC(227) Metaspace: 11119K(11392K)->11119K(11392K) NonClass: 9712K(9856K)->9712K(9856K) Class: 1407K(1536K)->1407K(1536K)
[13.389s][info][gc             ] GC(227) Pause Young (Allocation Failure) 418M->103M(1014M) 6.102ms
[13.389s][info][gc,cpu         ] GC(227) User=0.00s Sys=0.00s Real=0.01s
[13.449s][info][gc,start       ] GC(228) Pause Young (System.gc())
[13.456s][info][gc,heap        ] GC(228) PSYoungGen: 291712K(339456K)->8552K(338432K) Eden: 283433K(329728K)->0K(328704K) From: 8279K(9728K)->8552K(9728K)
[13.456s][info][gc,heap        ] GC(228) ParOldGen: 97650K(699392K)->104941K(699392K)
[13.456s][info][gc,metaspace   ] GC(228) Metaspace: 11121K(11392K)->11121K(11392K) NonClass: 9714K(9856K)->9714K(9856K) Class: 1407K(1536K)->1407K(1536K)
[13.456s][info][gc             ] GC(228) Pause Young (System.gc()) 380M->110M(1013M) 7.295ms
[13.456s][info][gc,cpu         ] GC(228) User=0.00s Sys=0.00s Real=0.01s
[13.456s][info][gc,start       ] GC(229) Pause Full (System.gc())
[13.456s][info][gc,phases,start] GC(229) Marking Phase
[13.500s][info][gc,phases      ] GC(229) Marking Phase 44.082ms
[13.500s][info][gc,phases,start] GC(229) Summary Phase
[13.500s][info][gc,phases      ] GC(229) Summary Phase 0.010ms
[13.500s][info][gc,phases,start] GC(229) Adjust Roots
[13.501s][info][gc,phases      ] GC(229) Adjust Roots 1.292ms
[13.501s][info][gc,phases,start] GC(229) Compaction Phase
[13.509s][info][gc,phases      ] GC(229) Compaction Phase 7.858ms
[13.509s][info][gc,phases,start] GC(229) Post Compact
[13.510s][info][gc,phases      ] GC(229) Post Compact 0.361ms
[13.510s][info][gc,heap        ] GC(229) PSYoungGen: 8552K(338432K)->0K(338432K) Eden: 0K(328704K)->0K(328704K) From: 8552K(9728K)->0K(9728K)
[13.510s][info][gc,heap        ] GC(229) ParOldGen: 104941K(699392K)->75856K(699392K)
[13.510s][info][gc,metaspace   ] GC(229) Metaspace: 11121K(11392K)->11121K(11392K) NonClass: 9714K(9856K)->9714K(9856K) Class: 1407K(1536K)->1407K(1536K)
[13.510s][info][gc             ] GC(229) Pause Full (System.gc()) 110M->74M(1013M) 53.808ms
[13.510s][info][gc,cpu         ] GC(229) User=0.38s Sys=0.00s Real=0.05s
[13.556s][info][gc,start       ] GC(230) Pause Young (Allocation Failure)
[13.560s][info][gc,heap        ] GC(230) PSYoungGen: 328704K(338432K)->5600K(338944K) Eden: 328704K(328704K)->0K(328704K) From: 0K(9728K)->5600K(10240K)
[13.560s][info][gc,heap        ] GC(230) ParOldGen: 75856K(699392K)->75856K(699392K)
[13.560s][info][gc,metaspace   ] GC(230) Metaspace: 11121K(11392K)->11121K(11392K) NonClass: 9714K(9856K)->9714K(9856K) Class: 1407K(1536K)->1407K(1536K)
[13.560s][info][gc             ] GC(230) Pause Young (Allocation Failure) 395M->79M(1014M) 3.803ms
[13.560s][info][gc,cpu         ] GC(230) User=0.00s Sys=0.00s Real=0.00s
[13.606s][info][gc,start       ] GC(231) Pause Young (Allocation Failure)
[13.611s][info][gc,heap        ] GC(231) PSYoungGen: 334304K(338944K)->5851K(338944K) Eden: 328704K(328704K)->0K(328704K) From: 5600K(10240K)->5851K(10240K)
[13.611s][info][gc,heap        ] GC(231) ParOldGen: 75856K(699392K)->81060K(699392K)
[13.611s][info][gc,metaspace   ] GC(231) Metaspace: 11121K(11392K)->11121K(11392K) NonClass: 9714K(9856K)->9714K(9856K) Class: 1407K(1536K)->1407K(1536K)
[13.611s][info][gc             ] GC(231) Pause Young (Allocation Failure) 400M->84M(1014M) 5.657ms
[13.612s][info][gc,cpu         ] GC(231) User=0.00s Sys=0.00s Real=0.01s
[13.656s][info][gc,start       ] GC(232) Pause Young (Allocation Failure)
[13.663s][info][gc,heap        ] GC(232) PSYoungGen: 334555K(338944K)->6590K(338944K) Eden: 328704K(328704K)->0K(328704K) From: 5851K(10240K)->6590K(10240K)
[13.663s][info][gc,heap        ] GC(232) ParOldGen: 81060K(699392K)->86316K(699392K)
[13.663s][info][gc,metaspace   ] GC(232) Metaspace: 11121K(11392K)->11121K(11392K) NonClass: 9714K(9856K)->9714K(9856K) Class: 1407K(1536K)->1407K(1536K)
[13.663s][info][gc             ] GC(232) Pause Young (Allocation Failure) 405M->90M(1014M) 6.215ms
[13.663s][info][gc,cpu         ] GC(232) User=0.09s Sys=0.00s Real=0.01s
[13.707s][info][gc,start       ] GC(233) Pause Young (Allocation Failure)
[13.712s][info][gc,heap        ] GC(233) PSYoungGen: 335294K(338944K)->6470K(339456K) Eden: 328704K(328704K)->0K(329728K) From: 6590K(10240K)->6470K(9728K)
[13.712s][info][gc,heap        ] GC(233) ParOldGen: 86316K(699392K)->92419K(699392K)
[13.712s][info][gc,metaspace   ] GC(233) Metaspace: 11121K(11392K)->11121K(11392K) NonClass: 9714K(9856K)->9714K(9856K) Class: 1407K(1536K)->1407K(1536K)
[13.712s][info][gc             ] GC(233) Pause Young (Allocation Failure) 411M->96M(1014M) 5.710ms
[13.713s][info][gc,cpu         ] GC(233) User=0.09s Sys=0.00s Real=0.01s
[13.757s][info][gc,start       ] GC(234) Pause Young (Allocation Failure)
[13.763s][info][gc,heap        ] GC(234) PSYoungGen: 336198K(339456K)->7000K(339456K) Eden: 329728K(329728K)->0K(329728K) From: 6470K(9728K)->7000K(9728K)
[13.763s][info][gc,heap        ] GC(234) ParOldGen: 92419K(699392K)->98234K(699392K)
[13.763s][info][gc,metaspace   ] GC(234) Metaspace: 11121K(11392K)->11121K(11392K) NonClass: 9714K(9856K)->9714K(9856K) Class: 1407K(1536K)->1407K(1536K)
[13.763s][info][gc             ] GC(234) Pause Young (Allocation Failure) 418M->102M(1014M) 5.931ms
[13.763s][info][gc,cpu         ] GC(234) User=0.00s Sys=0.00s Real=0.00s
[13.821s][info][gc,start       ] GC(235) Pause Young (System.gc())
[13.829s][info][gc,heap        ] GC(235) PSYoungGen: 289158K(339456K)->9209K(333824K) Eden: 282157K(329728K)->0K(324608K) From: 7000K(9728K)->9209K(9216K)
[13.829s][info][gc,heap        ] GC(235) ParOldGen: 98234K(699392K)->104580K(699392K)
[13.829s][info][gc,metaspace   ] GC(235) Metaspace: 11121K(11392K)->11121K(11392K) NonClass: 9714K(9856K)->9714K(9856K) Class: 1407K(1536K)->1407K(1536K)
[13.829s][info][gc             ] GC(235) Pause Young (System.gc()) 378M->111M(1009M) 7.459ms
[13.829s][info][gc,cpu         ] GC(235) User=0.00s Sys=0.00s Real=0.01s
[13.829s][info][gc,start       ] GC(236) Pause Full (System.gc())
[13.829s][info][gc,phases,start] GC(236) Marking Phase
[13.873s][info][gc,phases      ] GC(236) Marking Phase 43.936ms
[13.873s][info][gc,phases,start] GC(236) Summary Phase
[13.873s][info][gc,phases      ] GC(236) Summary Phase 0.011ms
[13.873s][info][gc,phases,start] GC(236) Adjust Roots
[13.874s][info][gc,phases      ] GC(236) Adjust Roots 1.289ms
[13.874s][info][gc,phases,start] GC(236) Compaction Phase
[13.882s][info][gc,phases      ] GC(236) Compaction Phase 7.642ms
[13.882s][info][gc,phases,start] GC(236) Post Compact
[13.882s][info][gc,phases      ] GC(236) Post Compact 0.394ms
[13.882s][info][gc,heap        ] GC(236) PSYoungGen: 9209K(333824K)->0K(333824K) Eden: 0K(324608K)->0K(324608K) From: 9209K(9216K)->0K(9216K)
[13.882s][info][gc,heap        ] GC(236) ParOldGen: 104580K(699392K)->75856K(699392K)
[13.883s][info][gc,metaspace   ] GC(236) Metaspace: 11121K(11392K)->11121K(11392K) NonClass: 9714K(9856K)->9714K(9856K) Class: 1407K(1536K)->1407K(1536K)
[13.883s][info][gc             ] GC(236) Pause Full (System.gc()) 111M->74M(1009M) 53.515ms
[13.883s][info][gc,cpu         ] GC(236) User=0.38s Sys=0.00s Real=0.06s
[13.928s][info][gc,start       ] GC(237) Pause Young (Allocation Failure)
[13.932s][info][gc,heap        ] GC(237) PSYoungGen: 324608K(333824K)->5472K(336896K) Eden: 324608K(324608K)->0K(324608K) From: 0K(9216K)->5472K(12288K)
[13.932s][info][gc,heap        ] GC(237) ParOldGen: 75856K(699392K)->75856K(699392K)
[13.932s][info][gc,metaspace   ] GC(237) Metaspace: 11121K(11392K)->11121K(11392K) NonClass: 9714K(9856K)->9714K(9856K) Class: 1407K(1536K)->1407K(1536K)
[13.932s][info][gc             ] GC(237) Pause Young (Allocation Failure) 391M->79M(1012M) 3.700ms
[13.932s][info][gc,cpu         ] GC(237) User=0.00s Sys=0.00s Real=0.00s
[13.976s][info][gc,start       ] GC(238) Pause Young (Allocation Failure)
[13.982s][info][gc,heap        ] GC(238) PSYoungGen: 330080K(336896K)->5600K(336896K) Eden: 324608K(324608K)->0K(324608K) From: 5472K(12288K)->5600K(12288K)
[13.982s][info][gc,heap        ] GC(238) ParOldGen: 75856K(699392K)->81153K(699392K)
[13.982s][info][gc,metaspace   ] GC(238) Metaspace: 11121K(11392K)->11121K(11392K) NonClass: 9714K(9856K)->9714K(9856K) Class: 1407K(1536K)->1407K(1536K)
[13.982s][info][gc             ] GC(238) Pause Young (Allocation Failure) 396M->84M(1012M) 5.626ms
[13.982s][info][gc,cpu         ] GC(238) User=0.00s Sys=0.00s Real=0.00s
[14.026s][info][gc,start       ] GC(239) Pause Young (Allocation Failure)
[14.032s][info][gc,heap        ] GC(239) PSYoungGen: 330208K(336896K)->6660K(336896K) Eden: 324608K(324608K)->0K(324608K) From: 5600K(12288K)->6660K(12288K)
[14.032s][info][gc,heap        ] GC(239) ParOldGen: 81153K(699392K)->86255K(699392K)
[14.032s][info][gc,metaspace   ] GC(239) Metaspace: 11121K(11392K)->11121K(11392K) NonClass: 9714K(9856K)->9714K(9856K) Class: 1407K(1536K)->1407K(1536K)
[14.032s][info][gc             ] GC(239) Pause Young (Allocation Failure) 401M->90M(1012M) 6.079ms
[14.032s][info][gc,cpu         ] GC(239) User=0.00s Sys=0.00s Real=0.01s
[14.076s][info][gc,start       ] GC(240) Pause Young (Allocation Failure)
[14.081s][info][gc,heap        ] GC(240) PSYoungGen: 331268K(336896K)->5760K(337408K) Eden: 324608K(324608K)->0K(325632K) From: 6660K(12288K)->5760K(11776K)
[14.081s][info][gc,heap        ] GC(240) ParOldGen: 86255K(699392K)->92487K(699392K)
[14.081s][info][gc,metaspace   ] GC(240) Metaspace: 11121K(11392K)->11121K(11392K) NonClass: 9714K(9856K)->9714K(9856K) Class: 1407K(1536K)->1407K(1536K)
[14.081s][info][gc             ] GC(240) Pause Young (Allocation Failure) 407M->95M(1012M) 5.434ms
[14.081s][info][gc,cpu         ] GC(240) User=0.00s Sys=0.00s Real=0.01s
[14.126s][info][gc,start       ] GC(241) Pause Young (Allocation Failure)
[14.132s][info][gc,heap        ] GC(241) PSYoungGen: 331392K(337408K)->8174K(337408K) Eden: 325632K(325632K)->0K(325632K) From: 5760K(11776K)->8174K(11776K)
[14.132s][info][gc,heap        ] GC(241) ParOldGen: 92487K(699392K)->97689K(699392K)
[14.132s][info][gc,metaspace   ] GC(241) Metaspace: 11121K(11392K)->11121K(11392K) NonClass: 9714K(9856K)->9714K(9856K) Class: 1407K(1536K)->1407K(1536K)
[14.132s][info][gc             ] GC(241) Pause Young (Allocation Failure) 413M->103M(1012M) 6.327ms
[14.132s][info][gc,cpu         ] GC(241) User=0.09s Sys=0.00s Real=0.00s
[14.195s][info][gc,start       ] GC(242) Pause Young (System.gc())
[14.203s][info][gc,heap        ] GC(242) PSYoungGen: 310978K(337408K)->8353K(337408K) Eden: 302803K(325632K)->0K(325632K) From: 8174K(11776K)->8353K(11776K)
[14.203s][info][gc,heap        ] GC(242) ParOldGen: 97689K(699392K)->104970K(699392K)
[14.203s][info][gc,metaspace   ] GC(242) Metaspace: 11121K(11392K)->11121K(11392K) NonClass: 9714K(9856K)->9714K(9856K) Class: 1407K(1536K)->1407K(1536K)
[14.203s][info][gc             ] GC(242) Pause Young (System.gc()) 399M->110M(1012M) 7.949ms
[14.203s][info][gc,cpu         ] GC(242) User=0.00s Sys=0.00s Real=0.01s
[14.203s][info][gc,start       ] GC(243) Pause Full (System.gc())
[14.203s][info][gc,phases,start] GC(243) Marking Phase
[14.235s][info][gc,phases      ] GC(243) Marking Phase 32.387ms
[14.235s][info][gc,phases,start] GC(243) Summary Phase
[14.235s][info][gc,phases      ] GC(243) Summary Phase 0.010ms
[14.235s][info][gc,phases,start] GC(243) Adjust Roots
[14.237s][info][gc,phases      ] GC(243) Adjust Roots 1.359ms
[14.237s][info][gc,phases,start] GC(243) Compaction Phase
[14.244s][info][gc,phases      ] GC(243) Compaction Phase 7.763ms
[14.244s][info][gc,phases,start] GC(243) Post Compact
[14.245s][info][gc,phases      ] GC(243) Post Compact 0.406ms
[14.245s][info][gc,heap        ] GC(243) PSYoungGen: 8353K(337408K)->0K(337408K) Eden: 0K(325632K)->0K(325632K) From: 8353K(11776K)->0K(11776K)
[14.245s][info][gc,heap        ] GC(243) ParOldGen: 104970K(699392K)->75856K(699392K)
[14.245s][info][gc,metaspace   ] GC(243) Metaspace: 11121K(11392K)->11121K(11392K) NonClass: 9714K(9856K)->9714K(9856K) Class: 1407K(1536K)->1407K(1536K)
[14.245s][info][gc             ] GC(243) Pause Full (System.gc()) 110M->74M(1012M) 42.145ms
[14.245s][info][gc,cpu         ] GC(243) User=0.28s Sys=0.00s Real=0.04s
[14.293s][info][gc,start       ] GC(244) Pause Young (Allocation Failure)
[14.297s][info][gc,heap        ] GC(244) PSYoungGen: 325632K(337408K)->5536K(337408K) Eden: 325632K(325632K)->0K(325632K) From: 0K(11776K)->5536K(11776K)
[14.297s][info][gc,heap        ] GC(244) ParOldGen: 75856K(699392K)->75856K(699392K)
[14.297s][info][gc,metaspace   ] GC(244) Metaspace: 11121K(11392K)->11121K(11392K) NonClass: 9714K(9856K)->9714K(9856K) Class: 1407K(1536K)->1407K(1536K)
[14.297s][info][gc             ] GC(244) Pause Young (Allocation Failure) 392M->79M(1012M) 3.739ms
[14.297s][info][gc,cpu         ] GC(244) User=0.00s Sys=0.00s Real=0.00s
[14.341s][info][gc,start       ] GC(245) Pause Young (Allocation Failure)
[14.347s][info][gc,heap        ] GC(245) PSYoungGen: 331168K(337408K)->5632K(337920K) Eden: 325632K(325632K)->0K(326656K) From: 5536K(11776K)->5632K(11264K)
[14.347s][info][gc,heap        ] GC(245) ParOldGen: 75856K(699392K)->81185K(699392K)
[14.347s][info][gc,metaspace   ] GC(245) Metaspace: 11121K(11392K)->11121K(11392K) NonClass: 9714K(9856K)->9714K(9856K) Class: 1407K(1536K)->1407K(1536K)
[14.347s][info][gc             ] GC(245) Pause Young (Allocation Failure) 397M->84M(1013M) 5.796ms
[14.347s][info][gc,cpu         ] GC(245) User=0.00s Sys=0.00s Real=0.01s
[14.392s][info][gc,start       ] GC(246) Pause Young (Allocation Failure)
[14.397s][info][gc,heap        ] GC(246) PSYoungGen: 332288K(337920K)->6747K(337920K) Eden: 326656K(326656K)->0K(326656K) From: 5632K(11264K)->6747K(11264K)
[14.397s][info][gc,heap        ] GC(246) ParOldGen: 81185K(699392K)->86278K(699392K)
[14.398s][info][gc,metaspace   ] GC(246) Metaspace: 11121K(11392K)->11121K(11392K) NonClass: 9714K(9856K)->9714K(9856K) Class: 1407K(1536K)->1407K(1536K)
[14.398s][info][gc             ] GC(246) Pause Young (Allocation Failure) 403M->90M(1013M) 5.911ms
[14.398s][info][gc,cpu         ] GC(246) User=0.09s Sys=0.00s Real=0.01s
[14.442s][info][gc,start       ] GC(247) Pause Young (Allocation Failure)
[14.448s][info][gc,heap        ] GC(247) PSYoungGen: 333403K(337920K)->6235K(338432K) Eden: 326656K(326656K)->0K(327680K) From: 6747K(11264K)->6235K(10752K)
[14.448s][info][gc,heap        ] GC(247) ParOldGen: 86278K(699392K)->92482K(699392K)
[14.448s][info][gc,metaspace   ] GC(247) Metaspace: 11121K(11392K)->11121K(11392K) NonClass: 9714K(9856K)->9714K(9856K) Class: 1407K(1536K)->1407K(1536K)
[14.448s][info][gc             ] GC(247) Pause Young (Allocation Failure) 409M->96M(1013M) 5.840ms
[14.448s][info][gc,cpu         ] GC(247) User=0.09s Sys=0.00s Real=0.00s
[14.493s][info][gc,start       ] GC(248) Pause Young (Allocation Failure)
[14.499s][info][gc,heap        ] GC(248) PSYoungGen: 333915K(338432K)->7589K(338432K) Eden: 327680K(327680K)->0K(327680K) From: 6235K(10752K)->7589K(10752K)
[14.499s][info][gc,heap        ] GC(248) ParOldGen: 92482K(699392K)->98186K(699392K)
[14.499s][info][gc,metaspace   ] GC(248) Metaspace: 11121K(11392K)->11121K(11392K) NonClass: 9714K(9856K)->9714K(9856K) Class: 1407K(1536K)->1407K(1536K)
[14.499s][info][gc             ] GC(248) Pause Young (Allocation Failure) 416M->103M(1013M) 6.381ms
[14.499s][info][gc,cpu         ] GC(248) User=0.00s Sys=0.00s Real=0.01s
[14.556s][info][gc,start       ] GC(249) Pause Young (System.gc())
[14.563s][info][gc,heap        ] GC(249) PSYoungGen: 298765K(338432K)->8491K(338432K) Eden: 291176K(327680K)->0K(327680K) From: 7589K(10752K)->8491K(10752K)
[14.563s][info][gc,heap        ] GC(249) ParOldGen: 98186K(699392K)->104635K(699392K)
[14.563s][info][gc,metaspace   ] GC(249) Metaspace: 11121K(11392K)->11121K(11392K) NonClass: 9714K(9856K)->9714K(9856K) Class: 1407K(1536K)->1407K(1536K)
[14.563s][info][gc             ] GC(249) Pause Young (System.gc()) 387M->110M(1013M) 7.020ms
[14.563s][info][gc,cpu         ] GC(249) User=0.00s Sys=0.00s Real=0.01s
[14.563s][info][gc,start       ] GC(250) Pause Full (System.gc())
[14.563s][info][gc,phases,start] GC(250) Marking Phase
[14.612s][info][gc,phases      ] GC(250) Marking Phase 48.627ms
[14.612s][info][gc,phases,start] GC(250) Summary Phase
[14.612s][info][gc,phases      ] GC(250) Summary Phase 0.022ms
[14.612s][info][gc,phases,start] GC(250) Adjust Roots
[14.613s][info][gc,phases      ] GC(250) Adjust Roots 1.337ms
[14.613s][info][gc,phases,start] GC(250) Compaction Phase
[14.621s][info][gc,phases      ] GC(250) Compaction Phase 7.751ms
[14.621s][info][gc,phases,start] GC(250) Post Compact
[14.622s][info][gc,phases      ] GC(250) Post Compact 0.396ms
[14.622s][info][gc,heap        ] GC(250) PSYoungGen: 8491K(338432K)->0K(338432K) Eden: 0K(327680K)->0K(327680K) From: 8491K(10752K)->0K(10752K)
[14.622s][info][gc,heap        ] GC(250) ParOldGen: 104635K(699392K)->75856K(699392K)
[14.622s][info][gc,metaspace   ] GC(250) Metaspace: 11121K(11392K)->11121K(11392K) NonClass: 9714K(9856K)->9714K(9856K) Class: 1407K(1536K)->1407K(1536K)
[14.622s][info][gc             ] GC(250) Pause Full (System.gc()) 110M->74M(1013M) 58.403ms
[14.622s][info][gc,cpu         ] GC(250) User=0.36s Sys=0.00s Real=0.06s
[14.668s][info][gc,start       ] GC(251) Pause Young (Allocation Failure)
[14.672s][info][gc,heap        ] GC(251) PSYoungGen: 327680K(338432K)->5568K(338432K) Eden: 327680K(327680K)->0K(327680K) From: 0K(10752K)->5568K(10752K)
[14.672s][info][gc,heap        ] GC(251) ParOldGen: 75856K(699392K)->75856K(699392K)
[14.672s][info][gc,metaspace   ] GC(251) Metaspace: 11121K(11392K)->11121K(11392K) NonClass: 9714K(9856K)->9714K(9856K) Class: 1407K(1536K)->1407K(1536K)
[14.672s][info][gc             ] GC(251) Pause Young (Allocation Failure) 394M->79M(1013M) 3.688ms
[14.672s][info][gc,cpu         ] GC(251) User=0.00s Sys=0.00s Real=0.00s
[14.716s][info][gc,start       ] GC(252) Pause Young (Allocation Failure)
[14.722s][info][gc,heap        ] GC(252) PSYoungGen: 333248K(338432K)->5696K(338432K) Eden: 327680K(327680K)->0K(327680K) From: 5568K(10752K)->5696K(10752K)
[14.722s][info][gc,heap        ] GC(252) ParOldGen: 75856K(699392K)->81258K(699392K)
[14.722s][info][gc,metaspace   ] GC(252) Metaspace: 11121K(11392K)->11121K(11392K) NonClass: 9714K(9856K)->9714K(9856K) Class: 1407K(1536K)->1407K(1536K)
[14.722s][info][gc             ] GC(252) Pause Young (Allocation Failure) 399M->84M(1013M) 5.865ms
[14.722s][info][gc,cpu         ] GC(252) User=0.00s Sys=0.00s Real=0.00s
[14.767s][info][gc,start       ] GC(253) Pause Young (Allocation Failure)
[14.773s][info][gc,heap        ] GC(253) PSYoungGen: 333376K(338432K)->6581K(338432K) Eden: 327680K(327680K)->0K(327680K) From: 5696K(10752K)->6581K(10752K)
[14.773s][info][gc,heap        ] GC(253) ParOldGen: 81258K(699392K)->86338K(699392K)
[14.773s][info][gc,metaspace   ] GC(253) Metaspace: 11121K(11392K)->11121K(11392K) NonClass: 9714K(9856K)->9714K(9856K) Class: 1407K(1536K)->1407K(1536K)
[14.773s][info][gc             ] GC(253) Pause Young (Allocation Failure) 404M->90M(1013M) 6.169ms
[14.773s][info][gc,cpu         ] GC(253) User=0.09s Sys=0.00s Real=0.00s
[14.817s][info][gc,start       ] GC(254) Pause Young (Allocation Failure)
[14.823s][info][gc,heap        ] GC(254) PSYoungGen: 334261K(338432K)->5808K(338944K) Eden: 327680K(327680K)->0K(328704K) From: 6581K(10752K)->5808K(10240K)
[14.823s][info][gc,heap        ] GC(254) ParOldGen: 86338K(699392K)->92486K(699392K)
[14.823s][info][gc,metaspace   ] GC(254) Metaspace: 11121K(11392K)->11121K(11392K) NonClass: 9714K(9856K)->9714K(9856K) Class: 1407K(1536K)->1407K(1536K)
[14.823s][info][gc             ] GC(254) Pause Young (Allocation Failure) 410M->95M(1014M) 5.891ms
[14.823s][info][gc,cpu         ] GC(254) User=0.02s Sys=0.00s Real=0.00s
[14.867s][info][gc,start       ] GC(255) Pause Young (Allocation Failure)
[14.874s][info][gc,heap        ] GC(255) PSYoungGen: 334512K(338944K)->8861K(337920K) Eden: 328704K(328704K)->0K(328704K) From: 5808K(10240K)->8861K(9216K)
[14.874s][info][gc,heap        ] GC(255) ParOldGen: 92486K(699392K)->97808K(699392K)
[14.874s][info][gc,metaspace   ] GC(255) Metaspace: 11121K(11392K)->11121K(11392K) NonClass: 9714K(9856K)->9714K(9856K) Class: 1407K(1536K)->1407K(1536K)
[14.874s][info][gc             ] GC(255) Pause Young (Allocation Failure) 416M->104M(1013M) 6.338ms
[14.874s][info][gc,cpu         ] GC(255) User=0.00s Sys=0.00s Real=0.01s
[14.932s][info][gc,start       ] GC(256) Pause Young (System.gc())
[14.939s][info][gc,heap        ] GC(256) PSYoungGen: 296356K(337920K)->7651K(338432K) Eden: 287495K(328704K)->0K(327680K) From: 8861K(9216K)->7651K(10752K)
[14.939s][info][gc,heap        ] GC(256) ParOldGen: 97808K(699392K)->105793K(699392K)
[14.939s][info][gc,metaspace   ] GC(256) Metaspace: 11123K(11392K)->11123K(11392K) NonClass: 9716K(9856K)->9716K(9856K) Class: 1407K(1536K)->1407K(1536K)
[14.939s][info][gc             ] GC(256) Pause Young (System.gc()) 384M->110M(1013M) 6.875ms
[14.939s][info][gc,cpu         ] GC(256) User=0.00s Sys=0.00s Real=0.01s
[14.939s][info][gc,start       ] GC(257) Pause Full (System.gc())
[14.939s][info][gc,phases,start] GC(257) Marking Phase
[14.990s][info][gc,phases      ] GC(257) Marking Phase 50.891ms
[14.990s][info][gc,phases,start] GC(257) Summary Phase
[14.990s][info][gc,phases      ] GC(257) Summary Phase 0.010ms
[14.990s][info][gc,phases,start] GC(257) Adjust Roots
[14.991s][info][gc,phases      ] GC(257) Adjust Roots 1.551ms
[14.991s][info][gc,phases,start] GC(257) Compaction Phase
[14.999s][info][gc,phases      ] GC(257) Compaction Phase 8.011ms
[14.999s][info][gc,phases,start] GC(257) Post Compact
[15.000s][info][gc,phases      ] GC(257) Post Compact 0.361ms
[15.000s][info][gc,heap        ] GC(257) PSYoungGen: 7651K(338432K)->0K(338432K) Eden: 0K(327680K)->0K(327680K) From: 7651K(10752K)->0K(10752K)
[15.000s][info][gc,heap        ] GC(257) ParOldGen: 105793K(699392K)->75856K(699392K)
[15.000s][info][gc,metaspace   ] GC(257) Metaspace: 11123K(11392K)->11123K(11392K) NonClass: 9716K(9856K)->9716K(9856K) Class: 1407K(1536K)->1407K(1536K)
[15.000s][info][gc             ] GC(257) Pause Full (System.gc()) 110M->74M(1013M) 61.025ms
[15.000s][info][gc,cpu         ] GC(257) User=0.28s Sys=0.02s Real=0.06s
[15.046s][info][gc,start       ] GC(258) Pause Young (Allocation Failure)
[15.050s][info][gc,heap        ] GC(258) PSYoungGen: 327680K(338432K)->5568K(338432K) Eden: 327680K(327680K)->0K(327680K) From: 0K(10752K)->5568K(10752K)
[15.050s][info][gc,heap        ] GC(258) ParOldGen: 75856K(699392K)->75856K(699392K)
[15.050s][info][gc,metaspace   ] GC(258) Metaspace: 11123K(11392K)->11123K(11392K) NonClass: 9716K(9856K)->9716K(9856K) Class: 1407K(1536K)->1407K(1536K)
[15.050s][info][gc             ] GC(258) Pause Young (Allocation Failure) 394M->79M(1013M) 3.671ms
[15.050s][info][gc,cpu         ] GC(258) User=0.00s Sys=0.00s Real=0.00s
[15.094s][info][gc,start       ] GC(259) Pause Young (Allocation Failure)
[15.100s][info][gc,heap        ] GC(259) PSYoungGen: 333248K(338432K)->5632K(338944K) Eden: 327680K(327680K)->0K(328704K) From: 5568K(10752K)->5632K(10240K)
[15.100s][info][gc,heap        ] GC(259) ParOldGen: 75856K(699392K)->81258K(699392K)
[15.100s][info][gc,metaspace   ] GC(259) Metaspace: 11123K(11392K)->11123K(11392K) NonClass: 9716K(9856K)->9716K(9856K) Class: 1407K(1536K)->1407K(1536K)
[15.100s][info][gc             ] GC(259) Pause Young (Allocation Failure) 399M->84M(1014M) 6.013ms
[15.100s][info][gc,cpu         ] GC(259) User=0.08s Sys=0.00s Real=0.01s
[15.146s][info][gc,start       ] GC(260) Pause Young (Allocation Failure)
[15.152s][info][gc,heap        ] GC(260) PSYoungGen: 334336K(338944K)->6550K(338944K) Eden: 328704K(328704K)->0K(328704K) From: 5632K(10240K)->6550K(10240K)
[15.152s][info][gc,heap        ] GC(260) ParOldGen: 81258K(699392K)->86361K(699392K)
[15.152s][info][gc,metaspace   ] GC(260) Metaspace: 11123K(11392K)->11123K(11392K) NonClass: 9716K(9856K)->9716K(9856K) Class: 1407K(1536K)->1407K(1536K)
[15.152s][info][gc             ] GC(260) Pause Young (Allocation Failure) 405M->90M(1014M) 5.992ms
[15.152s][info][gc,cpu         ] GC(260) User=0.00s Sys=0.00s Real=0.01s
[15.196s][info][gc,start       ] GC(261) Pause Young (Allocation Failure)
[15.202s][info][gc,heap        ] GC(261) PSYoungGen: 335254K(338944K)->5872K(339456K) Eden: 328704K(328704K)->0K(329216K) From: 6550K(10240K)->5872K(10240K)
[15.202s][info][gc,heap        ] GC(261) ParOldGen: 86361K(699392K)->92510K(699392K)
[15.202s][info][gc,metaspace   ] GC(261) Metaspace: 11123K(11392K)->11123K(11392K) NonClass: 9716K(9856K)->9716K(9856K) Class: 1407K(1536K)->1407K(1536K)
[15.202s][info][gc             ] GC(261) Pause Young (Allocation Failure) 411M->96M(1014M) 5.852ms
[15.202s][info][gc,cpu         ] GC(261) User=0.00s Sys=0.00s Real=0.01s
[15.251s][info][gc,start       ] GC(262) Pause Young (Allocation Failure)
[15.258s][info][gc,heap        ] GC(262) PSYoungGen: 335088K(339456K)->8797K(338944K) Eden: 329216K(329216K)->0K(329216K) From: 5872K(10240K)->8797K(9728K)
[15.258s][info][gc,heap        ] GC(262) ParOldGen: 92510K(699392K)->97848K(699392K)
[15.258s][info][gc,metaspace   ] GC(262) Metaspace: 11123K(11392K)->11123K(11392K) NonClass: 9716K(9856K)->9716K(9856K) Class: 1407K(1536K)->1407K(1536K)
[15.258s][info][gc             ] GC(262) Pause Young (Allocation Failure) 417M->104M(1014M) 6.815ms
[15.258s][info][gc,cpu         ] GC(262) User=0.09s Sys=0.00s Real=0.01s
[15.318s][info][gc,start       ] GC(263) Pause Young (System.gc())
[15.325s][info][gc,heap        ] GC(263) PSYoungGen: 294365K(338944K)->7562K(338944K) Eden: 285567K(329216K)->0K(328704K) From: 8797K(9728K)->7562K(10240K)
[15.325s][info][gc,heap        ] GC(263) ParOldGen: 97848K(699392K)->105823K(699392K)
[15.325s][info][gc,metaspace   ] GC(263) Metaspace: 11124K(11392K)->11124K(11392K) NonClass: 9716K(9856K)->9716K(9856K) Class: 1407K(1536K)->1407K(1536K)
[15.325s][info][gc             ] GC(263) Pause Young (System.gc()) 383M->110M(1014M) 6.587ms
[15.325s][info][gc,cpu         ] GC(263) User=0.00s Sys=0.00s Real=0.02s
[15.325s][info][gc,start       ] GC(264) Pause Full (System.gc())
[15.325s][info][gc,phases,start] GC(264) Marking Phase
[15.370s][info][gc,phases      ] GC(264) Marking Phase 44.468ms
[15.370s][info][gc,phases,start] GC(264) Summary Phase
[15.370s][info][gc,phases      ] GC(264) Summary Phase 0.010ms
[15.370s][info][gc,phases,start] GC(264) Adjust Roots
[15.371s][info][gc,phases      ] GC(264) Adjust Roots 1.242ms
[15.371s][info][gc,phases,start] GC(264) Compaction Phase
[15.379s][info][gc,phases      ] GC(264) Compaction Phase 8.181ms
[15.379s][info][gc,phases,start] GC(264) Post Compact
[15.379s][info][gc,phases      ] GC(264) Post Compact 0.359ms
[15.380s][info][gc,heap        ] GC(264) PSYoungGen: 7562K(338944K)->0K(338944K) Eden: 0K(328704K)->0K(328704K) From: 7562K(10240K)->0K(10240K)
[15.380s][info][gc,heap        ] GC(264) ParOldGen: 105823K(699392K)->75856K(699392K)
[15.380s][info][gc,metaspace   ] GC(264) Metaspace: 11124K(11392K)->11124K(11392K) NonClass: 9716K(9856K)->9716K(9856K) Class: 1407K(1536K)->1407K(1536K)
[15.380s][info][gc             ] GC(264) Pause Full (System.gc()) 110M->74M(1014M) 54.469ms
[15.380s][info][gc,cpu         ] GC(264) User=0.28s Sys=0.00s Real=0.05s
[15.426s][info][gc,start       ] GC(265) Pause Young (Allocation Failure)
[15.430s][info][gc,heap        ] GC(265) PSYoungGen: 328704K(338944K)->5568K(338944K) Eden: 328704K(328704K)->0K(328704K) From: 0K(10240K)->5568K(10240K)
[15.430s][info][gc,heap        ] GC(265) ParOldGen: 75856K(699392K)->75856K(699392K)
[15.430s][info][gc,metaspace   ] GC(265) Metaspace: 11124K(11392K)->11124K(11392K) NonClass: 9716K(9856K)->9716K(9856K) Class: 1407K(1536K)->1407K(1536K)
[15.430s][info][gc             ] GC(265) Pause Young (Allocation Failure) 395M->79M(1014M) 3.730ms
[15.430s][info][gc,cpu         ] GC(265) User=0.09s Sys=0.00s Real=0.00s
[15.474s][info][gc,start       ] GC(266) Pause Young (Allocation Failure)
[15.480s][info][gc,heap        ] GC(266) PSYoungGen: 334272K(338944K)->5696K(338944K) Eden: 328704K(328704K)->0K(328704K) From: 5568K(10240K)->5696K(10240K)
[15.480s][info][gc,heap        ] GC(266) ParOldGen: 75856K(699392K)->81231K(699392K)
[15.480s][info][gc,metaspace   ] GC(266) Metaspace: 11124K(11392K)->11124K(11392K) NonClass: 9716K(9856K)->9716K(9856K) Class: 1407K(1536K)->1407K(1536K)
[15.480s][info][gc             ] GC(266) Pause Young (Allocation Failure) 400M->84M(1014M) 6.170ms
[15.480s][info][gc,cpu         ] GC(266) User=0.00s Sys=0.00s Real=0.01s
[15.525s][info][gc,start       ] GC(267) Pause Young (Allocation Failure)
[15.531s][info][gc,heap        ] GC(267) PSYoungGen: 334400K(338944K)->6503K(338944K) Eden: 328704K(328704K)->0K(328704K) From: 5696K(10240K)->6503K(10240K)
[15.531s][info][gc,heap        ] GC(267) ParOldGen: 81231K(699392K)->86393K(699392K)
[15.532s][info][gc,metaspace   ] GC(267) Metaspace: 11124K(11392K)->11124K(11392K) NonClass: 9716K(9856K)->9716K(9856K) Class: 1407K(1536K)->1407K(1536K)
[15.532s][info][gc             ] GC(267) Pause Young (Allocation Failure) 405M->90M(1014M) 6.143ms
[15.532s][info][gc,cpu         ] GC(267) User=0.00s Sys=0.00s Real=0.01s
[15.576s][info][gc,start       ] GC(268) Pause Young (Allocation Failure)
[15.582s][info][gc,heap        ] GC(268) PSYoungGen: 335207K(338944K)->5792K(339456K) Eden: 328704K(328704K)->0K(329728K) From: 6503K(10240K)->5792K(9728K)
[15.582s][info][gc,heap        ] GC(268) ParOldGen: 86393K(699392K)->92524K(699392K)
[15.582s][info][gc,metaspace   ] GC(268) Metaspace: 11124K(11392K)->11124K(11392K) NonClass: 9716K(9856K)->9716K(9856K) Class: 1407K(1536K)->1407K(1536K)
[15.582s][info][gc             ] GC(268) Pause Young (Allocation Failure) 411M->96M(1014M) 5.834ms
[15.582s][info][gc,cpu         ] GC(268) User=0.00s Sys=0.00s Real=0.00s
[15.627s][info][gc,start       ] GC(269) Pause Young (Allocation Failure)
[15.634s][info][gc,heap        ] GC(269) PSYoungGen: 335520K(339456K)->8261K(338432K) Eden: 329728K(329728K)->0K(329728K) From: 5792K(9728K)->8261K(8704K)
[15.634s][info][gc,heap        ] GC(269) ParOldGen: 92524K(699392K)->97868K(699392K)
[15.634s][info][gc,metaspace   ] GC(269) Metaspace: 11124K(11392K)->11124K(11392K) NonClass: 9716K(9856K)->9716K(9856K) Class: 1407K(1536K)->1407K(1536K)
[15.634s][info][gc             ] GC(269) Pause Young (Allocation Failure) 418M->103M(1013M) 6.302ms
[15.634s][info][gc,cpu         ] GC(269) User=0.09s Sys=0.00s Real=0.01s
[15.694s][info][gc,start       ] GC(270) Pause Young (System.gc())
[15.702s][info][gc,heap        ] GC(270) PSYoungGen: 290182K(338432K)->9288K(337920K) Eden: 281921K(329728K)->0K(327680K) From: 8261K(8704K)->9288K(10240K)
[15.702s][info][gc,heap        ] GC(270) ParOldGen: 97868K(699392K)->104088K(699392K)
[15.702s][info][gc,metaspace   ] GC(270) Metaspace: 11124K(11392K)->11124K(11392K) NonClass: 9716K(9856K)->9716K(9856K) Class: 1407K(1536K)->1407K(1536K)
[15.702s][info][gc             ] GC(270) Pause Young (System.gc()) 378M->110M(1013M) 8.245ms
[15.702s][info][gc,cpu         ] GC(270) User=0.00s Sys=0.00s Real=0.01s
[15.702s][info][gc,start       ] GC(271) Pause Full (System.gc())
[15.702s][info][gc,phases,start] GC(271) Marking Phase
[15.759s][info][gc,phases      ] GC(271) Marking Phase 56.851ms
[15.759s][info][gc,phases,start] GC(271) Summary Phase
[15.759s][info][gc,phases      ] GC(271) Summary Phase 0.011ms
[15.759s][info][gc,phases,start] GC(271) Adjust Roots
[15.761s][info][gc,phases      ] GC(271) Adjust Roots 1.775ms
[15.761s][info][gc,phases,start] GC(271) Compaction Phase
[15.769s][info][gc,phases      ] GC(271) Compaction Phase 8.074ms
[15.769s][info][gc,phases,start] GC(271) Post Compact
[15.769s][info][gc,phases      ] GC(271) Post Compact 0.360ms
[15.769s][info][gc,heap        ] GC(271) PSYoungGen: 9288K(337920K)->0K(337920K) Eden: 0K(327680K)->0K(327680K) From: 9288K(10240K)->0K(10240K)
[15.769s][info][gc,heap        ] GC(271) ParOldGen: 104088K(699392K)->75856K(699392K)
[15.769s][info][gc,metaspace   ] GC(271) Metaspace: 11124K(11392K)->11124K(11392K) NonClass: 9716K(9856K)->9716K(9856K) Class: 1407K(1536K)->1407K(1536K)
[15.769s][info][gc             ] GC(271) Pause Full (System.gc()) 110M->74M(1013M) 67.279ms
[15.769s][info][gc,cpu         ] GC(271) User=0.38s Sys=0.00s Real=0.07s
[15.815s][info][gc,start       ] GC(272) Pause Young (Allocation Failure)
[15.819s][info][gc,heap        ] GC(272) PSYoungGen: 327680K(337920K)->5568K(338432K) Eden: 327680K(327680K)->0K(327680K) From: 0K(10240K)->5568K(10752K)
[15.819s][info][gc,heap        ] GC(272) ParOldGen: 75856K(699392K)->75856K(699392K)
[15.819s][info][gc,metaspace   ] GC(272) Metaspace: 11124K(11392K)->11124K(11392K) NonClass: 9716K(9856K)->9716K(9856K) Class: 1407K(1536K)->1407K(1536K)
[15.819s][info][gc             ] GC(272) Pause Young (Allocation Failure) 394M->79M(1013M) 3.926ms
[15.819s][info][gc,cpu         ] GC(272) User=0.09s Sys=0.00s Real=0.00s
[15.864s][info][gc,start       ] GC(273) Pause Young (Allocation Failure)
[15.870s][info][gc,heap        ] GC(273) PSYoungGen: 333248K(338432K)->5600K(338944K) Eden: 327680K(327680K)->0K(328192K) From: 5568K(10752K)->5600K(10752K)
[15.870s][info][gc,heap        ] GC(273) ParOldGen: 75856K(699392K)->81210K(699392K)
[15.870s][info][gc,metaspace   ] GC(273) Metaspace: 11124K(11392K)->11124K(11392K) NonClass: 9716K(9856K)->9716K(9856K) Class: 1407K(1536K)->1407K(1536K)
[15.870s][info][gc             ] GC(273) Pause Young (Allocation Failure) 399M->84M(1014M) 5.860ms
[15.870s][info][gc,cpu         ] GC(273) User=0.02s Sys=0.00s Real=0.01s
[15.915s][info][gc,start       ] GC(274) Pause Young (Allocation Failure)
[15.921s][info][gc,heap        ] GC(274) PSYoungGen: 333792K(338944K)->6619K(338432K) Eden: 328192K(328192K)->0K(328192K) From: 5600K(10752K)->6619K(10240K)
[15.921s][info][gc,heap        ] GC(274) ParOldGen: 81210K(699392K)->86301K(699392K)
[15.921s][info][gc,metaspace   ] GC(274) Metaspace: 11124K(11392K)->11124K(11392K) NonClass: 9716K(9856K)->9716K(9856K) Class: 1407K(1536K)->1407K(1536K)
[15.921s][info][gc             ] GC(274) Pause Young (Allocation Failure) 405M->90M(1013M) 5.977ms
[15.921s][info][gc,cpu         ] GC(274) User=0.00s Sys=0.00s Real=0.01s
[15.965s][info][gc,start       ] GC(275) Pause Young (Allocation Failure)
[15.971s][info][gc,heap        ] GC(275) PSYoungGen: 334811K(338432K)->5776K(339456K) Eden: 328192K(328192K)->0K(329216K) From: 6619K(10240K)->5776K(10240K)
[15.971s][info][gc,heap        ] GC(275) ParOldGen: 86301K(699392K)->92513K(699392K)
[15.971s][info][gc,metaspace   ] GC(275) Metaspace: 11124K(11392K)->11124K(11392K) NonClass: 9716K(9856K)->9716K(9856K) Class: 1407K(1536K)->1407K(1536K)
[15.971s][info][gc             ] GC(275) Pause Young (Allocation Failure) 411M->95M(1014M) 5.906ms
[15.971s][info][gc,cpu         ] GC(275) User=0.00s Sys=0.00s Real=0.01s
[16.015s][info][gc,start       ] GC(276) Pause Young (Allocation Failure)
[16.024s][info][gc,heap        ] GC(276) PSYoungGen: 334992K(339456K)->8269K(338944K) Eden: 329216K(329216K)->0K(329216K) From: 5776K(10240K)->8269K(9728K)
[16.024s][info][gc,heap        ] GC(276) ParOldGen: 92513K(699392K)->97804K(699392K)
[16.024s][info][gc,metaspace   ] GC(276) Metaspace: 11124K(11392K)->11124K(11392K) NonClass: 9716K(9856K)->9716K(9856K) Class: 1407K(1536K)->1407K(1536K)
[16.024s][info][gc             ] GC(276) Pause Young (Allocation Failure) 417M->103M(1014M) 8.810ms
[16.024s][info][gc,cpu         ] GC(276) User=0.09s Sys=0.00s Real=0.01s
[16.085s][info][gc,start       ] GC(277) Pause Young (System.gc())
[16.092s][info][gc,heap        ] GC(277) PSYoungGen: 295395K(338944K)->8764K(337920K) Eden: 287126K(329216K)->0K(327680K) From: 8269K(9728K)->8764K(10240K)
[16.093s][info][gc,heap        ] GC(277) ParOldGen: 97804K(699392K)->104637K(699392K)
[16.093s][info][gc,metaspace   ] GC(277) Metaspace: 11127K(11392K)->11127K(11392K) NonClass: 9720K(9856K)->9720K(9856K) Class: 1407K(1536K)->1407K(1536K)
[16.093s][info][gc             ] GC(277) Pause Young (System.gc()) 383M->110M(1013M) 7.472ms
[16.093s][info][gc,cpu         ] GC(277) User=0.00s Sys=0.00s Real=0.02s
[16.093s][info][gc,start       ] GC(278) Pause Full (System.gc())
[16.093s][info][gc,phases,start] GC(278) Marking Phase
[16.135s][info][gc,phases      ] GC(278) Marking Phase 42.655ms
[16.135s][info][gc,phases,start] GC(278) Summary Phase
[16.135s][info][gc,phases      ] GC(278) Summary Phase 0.010ms
[16.135s][info][gc,phases,start] GC(278) Adjust Roots
[16.137s][info][gc,phases      ] GC(278) Adjust Roots 1.342ms
[16.137s][info][gc,phases,start] GC(278) Compaction Phase
[16.145s][info][gc,phases      ] GC(278) Compaction Phase 7.799ms
[16.145s][info][gc,phases,start] GC(278) Post Compact
[16.145s][info][gc,phases      ] GC(278) Post Compact 0.357ms
[16.145s][info][gc,heap        ] GC(278) PSYoungGen: 8764K(337920K)->0K(337920K) Eden: 0K(327680K)->0K(327680K) From: 8764K(10240K)->0K(10240K)
[16.145s][info][gc,heap        ] GC(278) ParOldGen: 104637K(699392K)->75856K(699392K)
[16.145s][info][gc,metaspace   ] GC(278) Metaspace: 11127K(11392K)->11127K(11392K) NonClass: 9720K(9856K)->9720K(9856K) Class: 1407K(1536K)->1407K(1536K)
[16.145s][info][gc             ] GC(278) Pause Full (System.gc()) 110M->74M(1013M) 52.383ms
[16.145s][info][gc,cpu         ] GC(278) User=0.27s Sys=0.02s Real=0.05s
[16.191s][info][gc,start       ] GC(279) Pause Young (Allocation Failure)
[16.195s][info][gc,heap        ] GC(279) PSYoungGen: 327680K(337920K)->5568K(338432K) Eden: 327680K(327680K)->0K(327680K) From: 0K(10240K)->5568K(10752K)
[16.195s][info][gc,heap        ] GC(279) ParOldGen: 75856K(699392K)->75856K(699392K)
[16.195s][info][gc,metaspace   ] GC(279) Metaspace: 11127K(11392K)->11127K(11392K) NonClass: 9720K(9856K)->9720K(9856K) Class: 1407K(1536K)->1407K(1536K)
[16.195s][info][gc             ] GC(279) Pause Young (Allocation Failure) 394M->79M(1013M) 3.639ms
[16.195s][info][gc,cpu         ] GC(279) User=0.09s Sys=0.00s Real=0.00s
[16.244s][info][gc,start       ] GC(280) Pause Young (Allocation Failure)
[16.250s][info][gc,heap        ] GC(280) PSYoungGen: 333248K(338432K)->5779K(338944K) Eden: 327680K(327680K)->0K(328192K) From: 5568K(10752K)->5779K(10752K)
[16.250s][info][gc,heap        ] GC(280) ParOldGen: 75856K(699392K)->81086K(699392K)
[16.250s][info][gc,metaspace   ] GC(280) Metaspace: 11127K(11392K)->11127K(11392K) NonClass: 9720K(9856K)->9720K(9856K) Class: 1407K(1536K)->1407K(1536K)
[16.250s][info][gc             ] GC(280) Pause Young (Allocation Failure) 399M->84M(1014M) 5.659ms
[16.250s][info][gc,cpu         ] GC(280) User=0.00s Sys=0.00s Real=0.00s
[16.295s][info][gc,start       ] GC(281) Pause Young (Allocation Failure)
[16.301s][info][gc,heap        ] GC(281) PSYoungGen: 333971K(338944K)->6375K(338432K) Eden: 328192K(328192K)->0K(328192K) From: 5779K(10752K)->6375K(10240K)
[16.301s][info][gc,heap        ] GC(281) ParOldGen: 81086K(699392K)->86430K(699392K)
[16.301s][info][gc,metaspace   ] GC(281) Metaspace: 11127K(11392K)->11127K(11392K) NonClass: 9720K(9856K)->9720K(9856K) Class: 1407K(1536K)->1407K(1536K)
[16.301s][info][gc             ] GC(281) Pause Young (Allocation Failure) 405M->90M(1013M) 5.800ms
[16.301s][info][gc,cpu         ] GC(281) User=0.00s Sys=0.00s Real=0.01s
[16.345s][info][gc,start       ] GC(282) Pause Young (Allocation Failure)
[16.351s][info][gc,heap        ] GC(282) PSYoungGen: 334567K(338432K)->6739K(339456K) Eden: 328192K(328192K)->0K(329216K) From: 6375K(10240K)->6739K(10240K)
[16.351s][info][gc,heap        ] GC(282) ParOldGen: 86430K(699392K)->92037K(699392K)
[16.351s][info][gc,metaspace   ] GC(282) Metaspace: 11127K(11392K)->11127K(11392K) NonClass: 9720K(9856K)->9720K(9856K) Class: 1407K(1536K)->1407K(1536K)
[16.351s][info][gc             ] GC(282) Pause Young (Allocation Failure) 411M->96M(1014M) 5.917ms
[16.351s][info][gc,cpu         ] GC(282) User=0.09s Sys=0.00s Real=0.00s
[16.396s][info][gc,start       ] GC(283) Pause Young (Allocation Failure)
[16.402s][info][gc,heap        ] GC(283) PSYoungGen: 335955K(339456K)->7153K(338944K) Eden: 329216K(329216K)->0K(329216K) From: 6739K(10240K)->7153K(9728K)
[16.402s][info][gc,heap        ] GC(283) ParOldGen: 92037K(699392K)->98229K(699392K)
[16.402s][info][gc,metaspace   ] GC(283) Metaspace: 11127K(11392K)->11127K(11392K) NonClass: 9720K(9856K)->9720K(9856K) Class: 1407K(1536K)->1407K(1536K)
[16.402s][info][gc             ] GC(283) Pause Young (Allocation Failure) 417M->102M(1014M) 6.347ms
[16.402s][info][gc,cpu         ] GC(283) User=0.00s Sys=0.00s Real=0.01s
[16.462s][info][gc,start       ] GC(284) Pause Young (System.gc())
[16.469s][info][gc,heap        ] GC(284) PSYoungGen: 293407K(338944K)->8676K(338432K) Eden: 286253K(329216K)->0K(328704K) From: 7153K(9728K)->8676K(9728K)
[16.469s][info][gc,heap        ] GC(284) ParOldGen: 98229K(699392K)->104783K(699392K)
[16.469s][info][gc,metaspace   ] GC(284) Metaspace: 11128K(11392K)->11128K(11392K) NonClass: 9720K(9856K)->9720K(9856K) Class: 1407K(1536K)->1407K(1536K)
[16.469s][info][gc             ] GC(284) Pause Young (System.gc()) 382M->110M(1013M) 6.670ms
[16.469s][info][gc,cpu         ] GC(284) User=0.00s Sys=0.00s Real=0.01s
[16.469s][info][gc,start       ] GC(285) Pause Full (System.gc())
[16.469s][info][gc,phases,start] GC(285) Marking Phase
[16.522s][info][gc,phases      ] GC(285) Marking Phase 53.288ms
[16.522s][info][gc,phases,start] GC(285) Summary Phase
[16.522s][info][gc,phases      ] GC(285) Summary Phase 0.010ms
[16.522s][info][gc,phases,start] GC(285) Adjust Roots
[16.524s][info][gc,phases      ] GC(285) Adjust Roots 1.690ms
[16.524s][info][gc,phases,start] GC(285) Compaction Phase
[16.532s][info][gc,phases      ] GC(285) Compaction Phase 7.991ms
[16.532s][info][gc,phases,start] GC(285) Post Compact
[16.532s][info][gc,phases      ] GC(285) Post Compact 0.416ms
[16.532s][info][gc,heap        ] GC(285) PSYoungGen: 8676K(338432K)->0K(338432K) Eden: 0K(328704K)->0K(328704K) From: 8676K(9728K)->0K(9728K)
[16.532s][info][gc,heap        ] GC(285) ParOldGen: 104783K(699392K)->75856K(699392K)
[16.532s][info][gc,metaspace   ] GC(285) Metaspace: 11128K(11392K)->11128K(11392K) NonClass: 9720K(9856K)->9720K(9856K) Class: 1407K(1536K)->1407K(1536K)
[16.532s][info][gc             ] GC(285) Pause Full (System.gc()) 110M->74M(1013M) 63.605ms
[16.532s][info][gc,cpu         ] GC(285) User=0.30s Sys=0.02s Real=0.06s
[16.580s][info][gc,start       ] GC(286) Pause Young (Allocation Failure)
[16.584s][info][gc,heap        ] GC(286) PSYoungGen: 328704K(338432K)->5632K(338944K) Eden: 328704K(328704K)->0K(328704K) From: 0K(9728K)->5632K(10240K)
[16.584s][info][gc,heap        ] GC(286) ParOldGen: 75856K(699392K)->75856K(699392K)
[16.584s][info][gc,metaspace   ] GC(286) Metaspace: 11129K(11392K)->11129K(11392K) NonClass: 9721K(9856K)->9721K(9856K) Class: 1407K(1536K)->1407K(1536K)
[16.584s][info][gc             ] GC(286) Pause Young (Allocation Failure) 395M->79M(1014M) 4.039ms
[16.584s][info][gc,cpu         ] GC(286) User=0.06s Sys=0.00s Real=0.00s
[16.629s][info][gc,start       ] GC(287) Pause Young (Allocation Failure)
[16.635s][info][gc,heap        ] GC(287) PSYoungGen: 334336K(338944K)->5616K(339456K) Eden: 328704K(328704K)->0K(329216K) From: 5632K(10240K)->5616K(10240K)
[16.635s][info][gc,heap        ] GC(287) ParOldGen: 75856K(699392K)->81282K(699392K)
[16.635s][info][gc,metaspace   ] GC(287) Metaspace: 11129K(11392K)->11129K(11392K) NonClass: 9721K(9856K)->9721K(9856K) Class: 1407K(1536K)->1407K(1536K)
[16.635s][info][gc             ] GC(287) Pause Young (Allocation Failure) 400M->84M(1014M) 6.129ms
[16.635s][info][gc,cpu         ] GC(287) User=0.09s Sys=0.00s Real=0.01s
[16.679s][info][gc,start       ] GC(288) Pause Young (Allocation Failure)
[16.685s][info][gc,heap        ] GC(288) PSYoungGen: 334832K(339456K)->6679K(338944K) Eden: 329216K(329216K)->0K(329216K) From: 5616K(10240K)->6679K(9728K)
[16.685s][info][gc,heap        ] GC(288) ParOldGen: 81282K(699392K)->86350K(699392K)
[16.685s][info][gc,metaspace   ] GC(288) Metaspace: 11129K(11392K)->11129K(11392K) NonClass: 9721K(9856K)->9721K(9856K) Class: 1407K(1536K)->1407K(1536K)
[16.685s][info][gc             ] GC(288) Pause Young (Allocation Failure) 406M->90M(1014M) 6.072ms
[16.685s][info][gc,cpu         ] GC(288) User=0.00s Sys=0.00s Real=0.01s
[16.730s][info][gc,start       ] GC(289) Pause Young (Allocation Failure)
[16.736s][info][gc,heap        ] GC(289) PSYoungGen: 335895K(338944K)->5856K(339456K) Eden: 329216K(329216K)->0K(329728K) From: 6679K(9728K)->5856K(9728K)
[16.736s][info][gc,heap        ] GC(289) ParOldGen: 86350K(699392K)->92672K(699392K)
[16.736s][info][gc,metaspace   ] GC(289) Metaspace: 11129K(11392K)->11129K(11392K) NonClass: 9721K(9856K)->9721K(9856K) Class: 1407K(1536K)->1407K(1536K)
[16.736s][info][gc             ] GC(289) Pause Young (Allocation Failure) 412M->96M(1014M) 5.603ms
[16.736s][info][gc,cpu         ] GC(289) User=0.00s Sys=0.00s Real=0.00s
[16.780s][info][gc,start       ] GC(290) Pause Young (Allocation Failure)
[16.786s][info][gc,heap        ] GC(290) PSYoungGen: 335584K(339456K)->7627K(339456K) Eden: 329728K(329728K)->0K(329728K) From: 5856K(9728K)->7627K(9728K)
[16.787s][info][gc,heap        ] GC(290) ParOldGen: 92672K(699392K)->97989K(699392K)
[16.787s][info][gc,metaspace   ] GC(290) Metaspace: 11129K(11392K)->11129K(11392K) NonClass: 9721K(9856K)->9721K(9856K) Class: 1407K(1536K)->1407K(1536K)
[16.787s][info][gc             ] GC(290) Pause Young (Allocation Failure) 418M->103M(1014M) 6.125ms
[16.787s][info][gc,cpu         ] GC(290) User=0.09s Sys=0.00s Real=0.01s
[16.848s][info][gc,start       ] GC(291) Pause Young (System.gc())
[16.854s][info][gc,heap        ] GC(291) PSYoungGen: 288829K(339456K)->8630K(338432K) Eden: 281201K(329728K)->0K(328704K) From: 7627K(9728K)->8630K(9728K)
[16.854s][info][gc,heap        ] GC(291) ParOldGen: 97989K(699392K)->104786K(699392K)
[16.854s][info][gc,metaspace   ] GC(291) Metaspace: 11129K(11392K)->11129K(11392K) NonClass: 9721K(9856K)->9721K(9856K) Class: 1407K(1536K)->1407K(1536K)
[16.854s][info][gc             ] GC(291) Pause Young (System.gc()) 377M->110M(1013M) 6.430ms
[16.854s][info][gc,cpu         ] GC(291) User=0.09s Sys=0.00s Real=0.01s
[16.855s][info][gc,start       ] GC(292) Pause Full (System.gc())
[16.855s][info][gc,phases,start] GC(292) Marking Phase
[16.898s][info][gc,phases      ] GC(292) Marking Phase 43.478ms
[16.898s][info][gc,phases,start] GC(292) Summary Phase
[16.898s][info][gc,phases      ] GC(292) Summary Phase 0.011ms
[16.898s][info][gc,phases,start] GC(292) Adjust Roots
[16.899s][info][gc,phases      ] GC(292) Adjust Roots 1.409ms
[16.900s][info][gc,phases,start] GC(292) Compaction Phase
[16.907s][info][gc,phases      ] GC(292) Compaction Phase 7.732ms
[16.907s][info][gc,phases,start] GC(292) Post Compact
[16.908s][info][gc,phases      ] GC(292) Post Compact 0.357ms
[16.908s][info][gc,heap        ] GC(292) PSYoungGen: 8630K(338432K)->0K(338432K) Eden: 0K(328704K)->0K(328704K) From: 8630K(9728K)->0K(9728K)
[16.908s][info][gc,heap        ] GC(292) ParOldGen: 104786K(699392K)->75856K(699392K)
[16.908s][info][gc,metaspace   ] GC(292) Metaspace: 11129K(11392K)->11129K(11392K) NonClass: 9721K(9856K)->9721K(9856K) Class: 1407K(1536K)->1407K(1536K)
[16.908s][info][gc             ] GC(292) Pause Full (System.gc()) 110M->74M(1013M) 53.234ms
[16.908s][info][gc,cpu         ] GC(292) User=0.28s Sys=0.00s Real=0.05s
[16.954s][info][gc,start       ] GC(293) Pause Young (Allocation Failure)
[16.958s][info][gc,heap        ] GC(293) PSYoungGen: 328704K(338432K)->5568K(338944K) Eden: 328704K(328704K)->0K(328704K) From: 0K(9728K)->5568K(10240K)
[16.958s][info][gc,heap        ] GC(293) ParOldGen: 75856K(699392K)->75856K(699392K)
[16.958s][info][gc,metaspace   ] GC(293) Metaspace: 11129K(11392K)->11129K(11392K) NonClass: 9721K(9856K)->9721K(9856K) Class: 1407K(1536K)->1407K(1536K)
[16.958s][info][gc             ] GC(293) Pause Young (Allocation Failure) 395M->79M(1014M) 3.659ms
[16.958s][info][gc,cpu         ] GC(293) User=0.09s Sys=0.00s Real=0.00s
[17.002s][info][gc,start       ] GC(294) Pause Young (Allocation Failure)
[17.008s][info][gc,heap        ] GC(294) PSYoungGen: 334272K(338944K)->5712K(339456K) Eden: 328704K(328704K)->0K(329216K) From: 5568K(10240K)->5712K(10240K)
[17.008s][info][gc,heap        ] GC(294) ParOldGen: 75856K(699392K)->81224K(699392K)
[17.008s][info][gc,metaspace   ] GC(294) Metaspace: 11129K(11392K)->11129K(11392K) NonClass: 9721K(9856K)->9721K(9856K) Class: 1407K(1536K)->1407K(1536K)
[17.008s][info][gc             ] GC(294) Pause Young (Allocation Failure) 400M->84M(1014M) 5.878ms
[17.008s][info][gc,cpu         ] GC(294) User=0.09s Sys=0.00s Real=0.00s
[17.053s][info][gc,start       ] GC(295) Pause Young (Allocation Failure)
[17.059s][info][gc,heap        ] GC(295) PSYoungGen: 334928K(339456K)->6787K(338944K) Eden: 329216K(329216K)->0K(329216K) From: 5712K(10240K)->6787K(9728K)
[17.059s][info][gc,heap        ] GC(295) ParOldGen: 81224K(699392K)->86340K(699392K)
[17.059s][info][gc,metaspace   ] GC(295) Metaspace: 11129K(11392K)->11129K(11392K) NonClass: 9721K(9856K)->9721K(9856K) Class: 1407K(1536K)->1407K(1536K)
[17.059s][info][gc             ] GC(295) Pause Young (Allocation Failure) 406M->90M(1014M) 6.140ms
[17.059s][info][gc,cpu         ] GC(295) User=0.00s Sys=0.00s Real=0.01s
[17.103s][info][gc,start       ] GC(296) Pause Young (Allocation Failure)
[17.110s][info][gc,heap        ] GC(296) PSYoungGen: 336003K(338944K)->6993K(339456K) Eden: 329216K(329216K)->0K(329728K) From: 6787K(9728K)->6993K(9728K)
[17.110s][info][gc,heap        ] GC(296) ParOldGen: 86340K(699392K)->92046K(699392K)
[17.110s][info][gc,metaspace   ] GC(296) Metaspace: 11129K(11392K)->11129K(11392K) NonClass: 9721K(9856K)->9721K(9856K) Class: 1407K(1536K)->1407K(1536K)
[17.110s][info][gc             ] GC(296) Pause Young (Allocation Failure) 412M->96M(1014M) 6.441ms
[17.110s][info][gc,cpu         ] GC(296) User=0.00s Sys=0.00s Real=0.01s
[17.156s][info][gc,start       ] GC(297) Pause Young (Allocation Failure)
[17.162s][info][gc,heap        ] GC(297) PSYoungGen: 336721K(339456K)->7981K(339456K) Eden: 329728K(329728K)->0K(329728K) From: 6993K(9728K)->7981K(9728K)
[17.162s][info][gc,heap        ] GC(297) ParOldGen: 92046K(699392K)->97942K(699392K)
[17.162s][info][gc,metaspace   ] GC(297) Metaspace: 11129K(11392K)->11129K(11392K) NonClass: 9721K(9856K)->9721K(9856K) Class: 1407K(1536K)->1407K(1536K)
[17.162s][info][gc             ] GC(297) Pause Young (Allocation Failure) 418M->103M(1014M) 6.192ms
[17.162s][info][gc,cpu         ] GC(297) User=0.09s Sys=0.00s Real=0.01s
[17.219s][info][gc,start       ] GC(298) Pause Young (System.gc())
[17.227s][info][gc,heap        ] GC(298) PSYoungGen: 290195K(339456K)->9373K(338432K) Eden: 282214K(329728K)->0K(328704K) From: 7981K(9728K)->9373K(9728K)
[17.227s][info][gc,heap        ] GC(298) ParOldGen: 97942K(699392K)->104060K(699392K)
[17.227s][info][gc,metaspace   ] GC(298) Metaspace: 11129K(11392K)->11129K(11392K) NonClass: 9721K(9856K)->9721K(9856K) Class: 1407K(1536K)->1407K(1536K)
[17.227s][info][gc             ] GC(298) Pause Young (System.gc()) 379M->110M(1013M) 8.417ms
[17.227s][info][gc,cpu         ] GC(298) User=0.09s Sys=0.00s Real=0.01s
[17.227s][info][gc,start       ] GC(299) Pause Full (System.gc())
[17.227s][info][gc,phases,start] GC(299) Marking Phase
[17.271s][info][gc,phases      ] GC(299) Marking Phase 43.976ms
[17.271s][info][gc,phases,start] GC(299) Summary Phase
[17.271s][info][gc,phases      ] GC(299) Summary Phase 0.010ms
[17.271s][info][gc,phases,start] GC(299) Adjust Roots
[17.273s][info][gc,phases      ] GC(299) Adjust Roots 1.346ms
[17.273s][info][gc,phases,start] GC(299) Compaction Phase
[17.281s][info][gc,phases      ] GC(299) Compaction Phase 8.385ms
[17.281s][info][gc,phases,start] GC(299) Post Compact
[17.282s][info][gc,phases      ] GC(299) Post Compact 0.378ms
[17.282s][info][gc,heap        ] GC(299) PSYoungGen: 9373K(338432K)->0K(338432K) Eden: 0K(328704K)->0K(328704K) From: 9373K(9728K)->0K(9728K)
[17.282s][info][gc,heap        ] GC(299) ParOldGen: 104060K(699392K)->75856K(699392K)
[17.282s][info][gc,metaspace   ] GC(299) Metaspace: 11129K(11392K)->11129K(11392K) NonClass: 9721K(9856K)->9721K(9856K) Class: 1407K(1536K)->1407K(1536K)
[17.282s][info][gc             ] GC(299) Pause Full (System.gc()) 110M->74M(1013M) 54.392ms
[17.282s][info][gc,cpu         ] GC(299) User=0.19s Sys=0.00s Real=0.05s
[17.328s][info][gc,start       ] GC(300) Pause Young (Allocation Failure)
[17.332s][info][gc,heap        ] GC(300) PSYoungGen: 328704K(338432K)->5568K(338944K) Eden: 328704K(328704K)->0K(328704K) From: 0K(9728K)->5568K(10240K)
[17.332s][info][gc,heap        ] GC(300) ParOldGen: 75856K(699392K)->75856K(699392K)
[17.332s][info][gc,metaspace   ] GC(300) Metaspace: 11129K(11392K)->11129K(11392K) NonClass: 9721K(9856K)->9721K(9856K) Class: 1407K(1536K)->1407K(1536K)
[17.332s][info][gc             ] GC(300) Pause Young (Allocation Failure) 395M->79M(1014M) 3.739ms
[17.332s][info][gc,cpu         ] GC(300) User=0.00s Sys=0.00s Real=0.00s
[17.377s][info][gc,start       ] GC(301) Pause Young (Allocation Failure)
[17.383s][info][gc,heap        ] GC(301) PSYoungGen: 334272K(338944K)->5728K(338944K) Eden: 328704K(328704K)->0K(328704K) From: 5568K(10240K)->5728K(10240K)
[17.383s][info][gc,heap        ] GC(301) ParOldGen: 75856K(699392K)->81247K(699392K)
[17.383s][info][gc,metaspace   ] GC(301) Metaspace: 11129K(11392K)->11129K(11392K) NonClass: 9721K(9856K)->9721K(9856K) Class: 1407K(1536K)->1407K(1536K)
[17.383s][info][gc             ] GC(301) Pause Young (Allocation Failure) 400M->84M(1014M) 5.930ms
[17.383s][info][gc,cpu         ] GC(301) User=0.09s Sys=0.00s Real=0.00s
[17.428s][info][gc,start       ] GC(302) Pause Young (Allocation Failure)
[17.434s][info][gc,heap        ] GC(302) PSYoungGen: 334432K(338944K)->6536K(338944K) Eden: 328704K(328704K)->0K(328704K) From: 5728K(10240K)->6536K(10240K)
[17.434s][info][gc,heap        ] GC(302) ParOldGen: 81247K(699392K)->86367K(699392K)
[17.434s][info][gc,metaspace   ] GC(302) Metaspace: 11129K(11392K)->11129K(11392K) NonClass: 9721K(9856K)->9721K(9856K) Class: 1407K(1536K)->1407K(1536K)
[17.434s][info][gc             ] GC(302) Pause Young (Allocation Failure) 405M->90M(1014M) 6.137ms
[17.434s][info][gc,cpu         ] GC(302) User=0.00s Sys=0.00s Real=0.01s
[17.479s][info][gc,start       ] GC(303) Pause Young (Allocation Failure)
[17.485s][info][gc,heap        ] GC(303) PSYoungGen: 335240K(338944K)->5792K(339456K) Eden: 328704K(328704K)->0K(329728K) From: 6536K(10240K)->5792K(9728K)
[17.485s][info][gc,heap        ] GC(303) ParOldGen: 86367K(699392K)->92540K(699392K)
[17.485s][info][gc,metaspace   ] GC(303) Metaspace: 11129K(11392K)->11129K(11392K) NonClass: 9721K(9856K)->9721K(9856K) Class: 1407K(1536K)->1407K(1536K)
[17.485s][info][gc             ] GC(303) Pause Young (Allocation Failure) 411M->96M(1014M) 5.908ms
[17.485s][info][gc,cpu         ] GC(303) User=0.00s Sys=0.00s Real=0.01s
[17.529s][info][gc,start       ] GC(304) Pause Young (Allocation Failure)
[17.535s][info][gc,heap        ] GC(304) PSYoungGen: 335520K(339456K)->8250K(338432K) Eden: 329728K(329728K)->0K(329728K) From: 5792K(9728K)->8250K(8704K)
[17.535s][info][gc,heap        ] GC(304) ParOldGen: 92540K(699392K)->97879K(699392K)
[17.535s][info][gc,metaspace   ] GC(304) Metaspace: 11129K(11392K)->11129K(11392K) NonClass: 9721K(9856K)->9721K(9856K) Class: 1407K(1536K)->1407K(1536K)
[17.535s][info][gc             ] GC(304) Pause Young (Allocation Failure) 418M->103M(1013M) 6.255ms
[17.535s][info][gc,cpu         ] GC(304) User=0.00s Sys=0.00s Real=0.01s
[17.594s][info][gc,start       ] GC(305) Pause Young (System.gc())
[17.601s][info][gc,heap        ] GC(305) PSYoungGen: 292906K(338432K)->8395K(338944K) Eden: 284655K(329728K)->0K(328704K) From: 8250K(8704K)->8395K(10240K)
[17.601s][info][gc,heap        ] GC(305) ParOldGen: 97879K(699392K)->105020K(699392K)
[17.601s][info][gc,metaspace   ] GC(305) Metaspace: 11132K(11392K)->11132K(11392K) NonClass: 9724K(9856K)->9724K(9856K) Class: 1407K(1536K)->1407K(1536K)
[17.601s][info][gc             ] GC(305) Pause Young (System.gc()) 381M->110M(1014M) 7.074ms
[17.601s][info][gc,cpu         ] GC(305) User=0.08s Sys=0.00s Real=0.01s
[17.601s][info][gc,start       ] GC(306) Pause Full (System.gc())
[17.601s][info][gc,phases,start] GC(306) Marking Phase
[17.649s][info][gc,phases      ] GC(306) Marking Phase 47.675ms
[17.649s][info][gc,phases,start] GC(306) Summary Phase
[17.649s][info][gc,phases      ] GC(306) Summary Phase 0.011ms
[17.649s][info][gc,phases,start] GC(306) Adjust Roots
[17.650s][info][gc,phases      ] GC(306) Adjust Roots 1.417ms
[17.650s][info][gc,phases,start] GC(306) Compaction Phase
[17.658s][info][gc,phases      ] GC(306) Compaction Phase 8.013ms
[17.658s][info][gc,phases,start] GC(306) Post Compact
[17.659s][info][gc,phases      ] GC(306) Post Compact 0.360ms
[17.659s][info][gc,heap        ] GC(306) PSYoungGen: 8395K(338944K)->0K(338944K) Eden: 0K(328704K)->0K(328704K) From: 8395K(10240K)->0K(10240K)
[17.659s][info][gc,heap        ] GC(306) ParOldGen: 105020K(699392K)->75856K(699392K)
[17.659s][info][gc,metaspace   ] GC(306) Metaspace: 11132K(11392K)->11132K(11392K) NonClass: 9724K(9856K)->9724K(9856K) Class: 1407K(1536K)->1407K(1536K)
[17.659s][info][gc             ] GC(306) Pause Full (System.gc()) 110M->74M(1014M) 57.694ms
[17.659s][info][gc,cpu         ] GC(306) User=0.28s Sys=0.00s Real=0.06s
[17.705s][info][gc,start       ] GC(307) Pause Young (Allocation Failure)
[17.709s][info][gc,heap        ] GC(307) PSYoungGen: 328704K(338944K)->5568K(338944K) Eden: 328704K(328704K)->0K(328704K) From: 0K(10240K)->5568K(10240K)
[17.709s][info][gc,heap        ] GC(307) ParOldGen: 75856K(699392K)->75856K(699392K)
[17.709s][info][gc,metaspace   ] GC(307) Metaspace: 11133K(11392K)->11133K(11392K) NonClass: 9725K(9856K)->9725K(9856K) Class: 1407K(1536K)->1407K(1536K)
[17.709s][info][gc             ] GC(307) Pause Young (Allocation Failure) 395M->79M(1014M) 3.646ms
[17.709s][info][gc,cpu         ] GC(307) User=0.09s Sys=0.00s Real=0.00s
[17.754s][info][gc,start       ] GC(308) Pause Young (Allocation Failure)
[17.760s][info][gc,heap        ] GC(308) PSYoungGen: 334272K(338944K)->5632K(338944K) Eden: 328704K(328704K)->0K(328704K) From: 5568K(10240K)->5632K(10240K)
[17.760s][info][gc,heap        ] GC(308) ParOldGen: 75856K(699392K)->81236K(699392K)
[17.760s][info][gc,metaspace   ] GC(308) Metaspace: 11133K(11392K)->11133K(11392K) NonClass: 9725K(9856K)->9725K(9856K) Class: 1407K(1536K)->1407K(1536K)
[17.760s][info][gc             ] GC(308) Pause Young (Allocation Failure) 400M->84M(1014M) 6.303ms
[17.760s][info][gc,cpu         ] GC(308) User=0.09s Sys=0.00s Real=0.01s
[17.804s][info][gc,start       ] GC(309) Pause Young (Allocation Failure)
[17.810s][info][gc,heap        ] GC(309) PSYoungGen: 334336K(338944K)->6717K(338944K) Eden: 328704K(328704K)->0K(328704K) From: 5632K(10240K)->6717K(10240K)
[17.810s][info][gc,heap        ] GC(309) ParOldGen: 81236K(699392K)->86380K(699392K)
[17.810s][info][gc,metaspace   ] GC(309) Metaspace: 11133K(11392K)->11133K(11392K) NonClass: 9725K(9856K)->9725K(9856K) Class: 1407K(1536K)->1407K(1536K)
[17.810s][info][gc             ] GC(309) Pause Young (Allocation Failure) 405M->90M(1014M) 6.014ms
[17.810s][info][gc,cpu         ] GC(309) User=0.00s Sys=0.00s Real=0.01s
[17.855s][info][gc,start       ] GC(310) Pause Young (Allocation Failure)
[17.860s][info][gc,heap        ] GC(310) PSYoungGen: 335421K(338944K)->5840K(339456K) Eden: 328704K(328704K)->0K(329728K) From: 6717K(10240K)->5840K(9728K)
[17.860s][info][gc,heap        ] GC(310) ParOldGen: 86380K(699392K)->92686K(699392K)
[17.860s][info][gc,metaspace   ] GC(310) Metaspace: 11133K(11392K)->11133K(11392K) NonClass: 9725K(9856K)->9725K(9856K) Class: 1407K(1536K)->1407K(1536K)
[17.860s][info][gc             ] GC(310) Pause Young (Allocation Failure) 411M->96M(1014M) 5.673ms
[17.860s][info][gc,cpu         ] GC(310) User=0.00s Sys=0.00s Real=0.01s
[17.905s][info][gc,start       ] GC(311) Pause Young (Allocation Failure)
[17.911s][info][gc,heap        ] GC(311) PSYoungGen: 335568K(339456K)->8849K(338944K) Eden: 329728K(329728K)->0K(329728K) From: 5840K(9728K)->8849K(9216K)
[17.911s][info][gc,heap        ] GC(311) ParOldGen: 92686K(699392K)->97931K(699392K)
[17.911s][info][gc,metaspace   ] GC(311) Metaspace: 11133K(11392K)->11133K(11392K) NonClass: 9725K(9856K)->9725K(9856K) Class: 1407K(1536K)->1407K(1536K)
[17.911s][info][gc             ] GC(311) Pause Young (Allocation Failure) 418M->104M(1014M) 6.336ms
[17.911s][info][gc,cpu         ] GC(311) User=0.02s Sys=0.00s Real=0.01s
[17.972s][info][gc,start       ] GC(312) Pause Young (System.gc())
[17.979s][info][gc,heap        ] GC(312) PSYoungGen: 294415K(338944K)->8868K(337920K) Eden: 285566K(329728K)->0K(327680K) From: 8849K(9216K)->8868K(10240K)
[17.979s][info][gc,heap        ] GC(312) ParOldGen: 97931K(699392K)->104890K(699392K)
[17.979s][info][gc,metaspace   ] GC(312) Metaspace: 11140K(11392K)->11140K(11392K) NonClass: 9732K(9856K)->9732K(9856K) Class: 1407K(1536K)->1407K(1536K)
[17.979s][info][gc             ] GC(312) Pause Young (System.gc()) 383M->111M(1013M) 7.679ms
[17.979s][info][gc,cpu         ] GC(312) User=0.08s Sys=0.00s Real=0.02s
[17.979s][info][gc,start       ] GC(313) Pause Full (System.gc())
[17.979s][info][gc,phases,start] GC(313) Marking Phase
[18.037s][info][gc,phases      ] GC(313) Marking Phase 57.154ms
[18.037s][info][gc,phases,start] GC(313) Summary Phase
[18.037s][info][gc,phases      ] GC(313) Summary Phase 0.010ms
[18.037s][info][gc,phases,start] GC(313) Adjust Roots
[18.038s][info][gc,phases      ] GC(313) Adjust Roots 1.297ms
[18.038s][info][gc,phases,start] GC(313) Compaction Phase
[18.046s][info][gc,phases      ] GC(313) Compaction Phase 8.062ms
[18.046s][info][gc,phases,start] GC(313) Post Compact
[18.046s][info][gc,phases      ] GC(313) Post Compact 0.363ms
[18.046s][info][gc,heap        ] GC(313) PSYoungGen: 8868K(337920K)->0K(337920K) Eden: 0K(327680K)->0K(327680K) From: 8868K(10240K)->0K(10240K)
[18.046s][info][gc,heap        ] GC(313) ParOldGen: 104890K(699392K)->75856K(699392K)
[18.046s][info][gc,metaspace   ] GC(313) Metaspace: 11140K(11392K)->11140K(11392K) NonClass: 9732K(9856K)->9732K(9856K) Class: 1407K(1536K)->1407K(1536K)
[18.047s][info][gc             ] GC(313) Pause Full (System.gc()) 111M->74M(1013M) 67.109ms
[18.047s][info][gc,cpu         ] GC(313) User=0.30s Sys=0.00s Real=0.07s
[18.093s][info][gc,start       ] GC(314) Pause Young (Allocation Failure)
[18.096s][info][gc,heap        ] GC(314) PSYoungGen: 327680K(337920K)->5600K(338432K) Eden: 327680K(327680K)->0K(327680K) From: 0K(10240K)->5600K(10752K)
[18.096s][info][gc,heap        ] GC(314) ParOldGen: 75856K(699392K)->75856K(699392K)
[18.096s][info][gc,metaspace   ] GC(314) Metaspace: 11146K(11392K)->11146K(11392K) NonClass: 9738K(9856K)->9738K(9856K) Class: 1407K(1536K)->1407K(1536K)
[18.096s][info][gc             ] GC(314) Pause Young (Allocation Failure) 394M->79M(1013M) 3.648ms
[18.096s][info][gc,cpu         ] GC(314) User=0.00s Sys=0.00s Real=0.00s
[18.142s][info][gc,start       ] GC(315) Pause Young (Allocation Failure)
[18.148s][info][gc,heap        ] GC(315) PSYoungGen: 333280K(338432K)->5616K(338432K) Eden: 327680K(327680K)->0K(327680K) From: 5600K(10752K)->5616K(10752K)
[18.148s][info][gc,heap        ] GC(315) ParOldGen: 75856K(699392K)->81270K(699392K)
[18.148s][info][gc,metaspace   ] GC(315) Metaspace: 11146K(11392K)->11146K(11392K) NonClass: 9738K(9856K)->9738K(9856K) Class: 1407K(1536K)->1407K(1536K)
[18.148s][info][gc             ] GC(315) Pause Young (Allocation Failure) 399M->84M(1013M) 5.855ms
[18.148s][info][gc,cpu         ] GC(315) User=0.09s Sys=0.00s Real=0.01s
[18.192s][info][gc,start       ] GC(316) Pause Young (Allocation Failure)
[18.198s][info][gc,heap        ] GC(316) PSYoungGen: 333296K(338432K)->6612K(338432K) Eden: 327680K(327680K)->0K(327680K) From: 5616K(10752K)->6612K(10752K)
[18.198s][info][gc,heap        ] GC(316) ParOldGen: 81270K(699392K)->86354K(699392K)
[18.198s][info][gc,metaspace   ] GC(316) Metaspace: 11146K(11392K)->11146K(11392K) NonClass: 9738K(9856K)->9738K(9856K) Class: 1407K(1536K)->1407K(1536K)
[18.198s][info][gc             ] GC(316) Pause Young (Allocation Failure) 404M->90M(1013M) 6.095ms
[18.198s][info][gc,cpu         ] GC(316) User=0.02s Sys=0.00s Real=0.01s
[18.246s][info][gc,start       ] GC(317) Pause Young (Allocation Failure)
[18.252s][info][gc,heap        ] GC(317) PSYoungGen: 334292K(338432K)->5792K(338944K) Eden: 327680K(327680K)->0K(328704K) From: 6612K(10752K)->5792K(10240K)
[18.252s][info][gc,heap        ] GC(317) ParOldGen: 86354K(699392K)->92610K(699392K)
[18.252s][info][gc,metaspace   ] GC(317) Metaspace: 11146K(11392K)->11146K(11392K) NonClass: 9738K(9856K)->9738K(9856K) Class: 1407K(1536K)->1407K(1536K)
[18.252s][info][gc             ] GC(317) Pause Young (Allocation Failure) 410M->96M(1014M) 6.308ms
[18.252s][info][gc,cpu         ] GC(317) User=0.00s Sys=0.00s Real=0.01s
[18.297s][info][gc,start       ] GC(318) Pause Young (Allocation Failure)
[18.304s][info][gc,heap        ] GC(318) PSYoungGen: 334496K(338944K)->7648K(338944K) Eden: 328704K(328704K)->0K(328704K) From: 5792K(10240K)->7648K(10240K)
[18.304s][info][gc,heap        ] GC(318) ParOldGen: 92610K(699392K)->97857K(699392K)
[18.304s][info][gc,metaspace   ] GC(318) Metaspace: 11146K(11392K)->11146K(11392K) NonClass: 9738K(9856K)->9738K(9856K) Class: 1407K(1536K)->1407K(1536K)
[18.304s][info][gc             ] GC(318) Pause Young (Allocation Failure) 417M->103M(1014M) 6.288ms
[18.304s][info][gc,cpu         ] GC(318) User=0.09s Sys=0.00s Real=0.01s
[18.359s][info][gc,start       ] GC(319) Pause Young (System.gc())
[18.367s][info][gc,heap        ] GC(319) PSYoungGen: 295721K(338944K)->8743K(337920K) Eden: 288073K(328704K)->0K(327680K) From: 7648K(10240K)->8743K(10240K)
[18.367s][info][gc,heap        ] GC(319) ParOldGen: 97857K(699392K)->104669K(699392K)
[18.367s][info][gc,metaspace   ] GC(319) Metaspace: 11146K(11392K)->11146K(11392K) NonClass: 9738K(9856K)->9738K(9856K) Class: 1407K(1536K)->1407K(1536K)
[18.367s][info][gc             ] GC(319) Pause Young (System.gc()) 384M->110M(1013M) 7.267ms
[18.367s][info][gc,cpu         ] GC(319) User=0.08s Sys=0.00s Real=0.01s
[18.367s][info][gc,start       ] GC(320) Pause Full (System.gc())
[18.367s][info][gc,phases,start] GC(320) Marking Phase
[18.411s][info][gc,phases      ] GC(320) Marking Phase 44.700ms
[18.411s][info][gc,phases,start] GC(320) Summary Phase
[18.411s][info][gc,phases      ] GC(320) Summary Phase 0.011ms
[18.411s][info][gc,phases,start] GC(320) Adjust Roots
[18.413s][info][gc,phases      ] GC(320) Adjust Roots 1.924ms
[18.413s][info][gc,phases,start] GC(320) Compaction Phase
[18.422s][info][gc,phases      ] GC(320) Compaction Phase 8.427ms
[18.422s][info][gc,phases,start] GC(320) Post Compact
[18.422s][info][gc,phases      ] GC(320) Post Compact 0.385ms
[18.422s][info][gc,heap        ] GC(320) PSYoungGen: 8743K(337920K)->0K(337920K) Eden: 0K(327680K)->0K(327680K) From: 8743K(10240K)->0K(10240K)
[18.422s][info][gc,heap        ] GC(320) ParOldGen: 104669K(699392K)->75856K(699392K)
[18.422s][info][gc,metaspace   ] GC(320) Metaspace: 11146K(11392K)->11146K(11392K) NonClass: 9738K(9856K)->9738K(9856K) Class: 1407K(1536K)->1407K(1536K)
[18.422s][info][gc             ] GC(320) Pause Full (System.gc()) 110M->74M(1013M) 55.705ms
[18.422s][info][gc,cpu         ] GC(320) User=0.19s Sys=0.02s Real=0.06s
[18.469s][info][gc,start       ] GC(321) Pause Young (Allocation Failure)
[18.472s][info][gc,heap        ] GC(321) PSYoungGen: 327680K(337920K)->5600K(338432K) Eden: 327680K(327680K)->0K(327680K) From: 0K(10240K)->5600K(10752K)
[18.473s][info][gc,heap        ] GC(321) ParOldGen: 75856K(699392K)->75856K(699392K)
[18.473s][info][gc,metaspace   ] GC(321) Metaspace: 11147K(11392K)->11147K(11392K) NonClass: 9739K(9856K)->9739K(9856K) Class: 1407K(1536K)->1407K(1536K)
[18.473s][info][gc             ] GC(321) Pause Young (Allocation Failure) 394M->79M(1013M) 3.759ms
[18.473s][info][gc,cpu         ] GC(321) User=0.00s Sys=0.00s Real=0.00s
[18.517s][info][gc,start       ] GC(322) Pause Young (Allocation Failure)
[18.523s][info][gc,heap        ] GC(322) PSYoungGen: 333280K(338432K)->5648K(338944K) Eden: 327680K(327680K)->0K(328704K) From: 5600K(10752K)->5648K(10240K)
[18.523s][info][gc,heap        ] GC(322) ParOldGen: 75856K(699392K)->81237K(699392K)
[18.523s][info][gc,metaspace   ] GC(322) Metaspace: 11147K(11392K)->11147K(11392K) NonClass: 9739K(9856K)->9739K(9856K) Class: 1407K(1536K)->1407K(1536K)
[18.523s][info][gc             ] GC(322) Pause Young (Allocation Failure) 399M->84M(1014M) 5.910ms
[18.523s][info][gc,cpu         ] GC(322) User=0.09s Sys=0.00s Real=0.00s
[18.568s][info][gc,start       ] GC(323) Pause Young (Allocation Failure)
[18.574s][info][gc,heap        ] GC(323) PSYoungGen: 334352K(338944K)->6705K(338944K) Eden: 328704K(328704K)->0K(328704K) From: 5648K(10240K)->6705K(10240K)
[18.574s][info][gc,heap        ] GC(323) ParOldGen: 81237K(699392K)->86342K(699392K)
[18.574s][info][gc,metaspace   ] GC(323) Metaspace: 11147K(11392K)->11147K(11392K) NonClass: 9739K(9856K)->9739K(9856K) Class: 1407K(1536K)->1407K(1536K)
[18.574s][info][gc             ] GC(323) Pause Young (Allocation Failure) 405M->90M(1014M) 6.004ms
[18.574s][info][gc,cpu         ] GC(323) User=0.00s Sys=0.00s Real=0.01s
[18.619s][info][gc,start       ] GC(324) Pause Young (Allocation Failure)
[18.625s][info][gc,heap        ] GC(324) PSYoungGen: 335409K(338944K)->6749K(339456K) Eden: 328704K(328704K)->0K(329728K) From: 6705K(10240K)->6749K(9728K)
[18.625s][info][gc,heap        ] GC(324) ParOldGen: 86342K(699392K)->92083K(699392K)
[18.625s][info][gc,metaspace   ] GC(324) Metaspace: 11147K(11392K)->11147K(11392K) NonClass: 9739K(9856K)->9739K(9856K) Class: 1407K(1536K)->1407K(1536K)
[18.625s][info][gc             ] GC(324) Pause Young (Allocation Failure) 411M->96M(1014M) 6.228ms
[18.625s][info][gc,cpu         ] GC(324) User=0.00s Sys=0.00s Real=0.01s
[18.671s][info][gc,start       ] GC(325) Pause Young (Allocation Failure)
[18.678s][info][gc,heap        ] GC(325) PSYoungGen: 336477K(339456K)->7447K(339456K) Eden: 329728K(329728K)->0K(329728K) From: 6749K(9728K)->7447K(9728K)
[18.678s][info][gc,heap        ] GC(325) ParOldGen: 92083K(699392K)->98256K(699392K)
[18.678s][info][gc,metaspace   ] GC(325) Metaspace: 11147K(11392K)->11147K(11392K) NonClass: 9739K(9856K)->9739K(9856K) Class: 1407K(1536K)->1407K(1536K)
[18.678s][info][gc             ] GC(325) Pause Young (Allocation Failure) 418M->103M(1014M) 6.775ms
[18.678s][info][gc,cpu         ] GC(325) User=0.09s Sys=0.00s Real=0.01s
[18.732s][info][gc,start       ] GC(326) Pause Young (System.gc())
[18.739s][info][gc,heap        ] GC(326) PSYoungGen: 290055K(339456K)->8380K(338432K) Eden: 282607K(329728K)->0K(328704K) From: 7447K(9728K)->8380K(9728K)
[18.739s][info][gc,heap        ] GC(326) ParOldGen: 98256K(699392K)->105211K(699392K)
[18.739s][info][gc,metaspace   ] GC(326) Metaspace: 11147K(11392K)->11147K(11392K) NonClass: 9739K(9856K)->9739K(9856K) Class: 1407K(1536K)->1407K(1536K)
[18.739s][info][gc             ] GC(326) Pause Young (System.gc()) 379M->110M(1013M) 6.539ms
[18.739s][info][gc,cpu         ] GC(326) User=0.00s Sys=0.00s Real=0.01s
[18.739s][info][gc,start       ] GC(327) Pause Full (System.gc())
[18.739s][info][gc,phases,start] GC(327) Marking Phase
[18.797s][info][gc,phases      ] GC(327) Marking Phase 58.069ms
[18.797s][info][gc,phases,start] GC(327) Summary Phase
[18.797s][info][gc,phases      ] GC(327) Summary Phase 0.010ms
[18.797s][info][gc,phases,start] GC(327) Adjust Roots
[18.799s][info][gc,phases      ] GC(327) Adjust Roots 1.971ms
[18.799s][info][gc,phases,start] GC(327) Compaction Phase
[18.807s][info][gc,phases      ] GC(327) Compaction Phase 7.817ms
[18.807s][info][gc,phases,start] GC(327) Post Compact
[18.807s][info][gc,phases      ] GC(327) Post Compact 0.361ms
[18.807s][info][gc,heap        ] GC(327) PSYoungGen: 8380K(338432K)->0K(338432K) Eden: 0K(328704K)->0K(328704K) From: 8380K(9728K)->0K(9728K)
[18.807s][info][gc,heap        ] GC(327) ParOldGen: 105211K(699392K)->75856K(699392K)
[18.807s][info][gc,metaspace   ] GC(327) Metaspace: 11147K(11392K)->11147K(11392K) NonClass: 9739K(9856K)->9739K(9856K) Class: 1407K(1536K)->1407K(1536K)
[18.807s][info][gc             ] GC(327) Pause Full (System.gc()) 110M->74M(1013M) 68.460ms
[18.807s][info][gc,cpu         ] GC(327) User=0.47s Sys=0.00s Real=0.07s
[18.854s][info][gc,start       ] GC(328) Pause Young (Allocation Failure)
[18.858s][info][gc,heap        ] GC(328) PSYoungGen: 328704K(338432K)->5632K(338944K) Eden: 328704K(328704K)->0K(328704K) From: 0K(9728K)->5632K(10240K)
[18.858s][info][gc,heap        ] GC(328) ParOldGen: 75856K(699392K)->75856K(699392K)
[18.858s][info][gc,metaspace   ] GC(328) Metaspace: 11147K(11392K)->11147K(11392K) NonClass: 9739K(9856K)->9739K(9856K) Class: 1407K(1536K)->1407K(1536K)
[18.858s][info][gc             ] GC(328) Pause Young (Allocation Failure) 395M->79M(1014M) 3.790ms
[18.858s][info][gc,cpu         ] GC(328) User=0.00s Sys=0.00s Real=0.00s
[18.902s][info][gc,start       ] GC(329) Pause Young (Allocation Failure)
[18.908s][info][gc,heap        ] GC(329) PSYoungGen: 334336K(338944K)->5616K(339456K) Eden: 328704K(328704K)->0K(329728K) From: 5632K(10240K)->5616K(9728K)
[18.908s][info][gc,heap        ] GC(329) ParOldGen: 75856K(699392K)->81273K(699392K)
[18.908s][info][gc,metaspace   ] GC(329) Metaspace: 11147K(11392K)->11147K(11392K) NonClass: 9739K(9856K)->9739K(9856K) Class: 1407K(1536K)->1407K(1536K)
[18.908s][info][gc             ] GC(329) Pause Young (Allocation Failure) 400M->84M(1014M) 5.807ms
[18.908s][info][gc,cpu         ] GC(329) User=0.00s Sys=0.00s Real=0.01s
[18.953s][info][gc,start       ] GC(330) Pause Young (Allocation Failure)
[18.959s][info][gc,heap        ] GC(330) PSYoungGen: 335344K(339456K)->6704K(339456K) Eden: 329728K(329728K)->0K(329728K) From: 5616K(9728K)->6704K(9728K)
[18.959s][info][gc,heap        ] GC(330) ParOldGen: 81273K(699392K)->86368K(699392K)
[18.959s][info][gc,metaspace   ] GC(330) Metaspace: 11147K(11392K)->11147K(11392K) NonClass: 9739K(9856K)->9739K(9856K) Class: 1407K(1536K)->1407K(1536K)
[18.959s][info][gc             ] GC(330) Pause Young (Allocation Failure) 406M->90M(1014M) 6.022ms
[18.959s][info][gc,cpu         ] GC(330) User=0.09s Sys=0.00s Real=0.00s
[19.004s][info][gc,start       ] GC(331) Pause Young (Allocation Failure)
[19.010s][info][gc,heap        ] GC(331) PSYoungGen: 336432K(339456K)->5840K(339968K) Eden: 329728K(329728K)->0K(330240K) From: 6704K(9728K)->5840K(9728K)
[19.010s][info][gc,heap        ] GC(331) ParOldGen: 86368K(699392K)->92696K(699392K)
[19.010s][info][gc,metaspace   ] GC(331) Metaspace: 11147K(11392K)->11147K(11392K) NonClass: 9739K(9856K)->9739K(9856K) Class: 1407K(1536K)->1407K(1536K)
[19.010s][info][gc             ] GC(331) Pause Young (Allocation Failure) 412M->96M(1015M) 5.686ms
[19.010s][info][gc,cpu         ] GC(331) User=0.09s Sys=0.00s Real=0.00s
[19.056s][info][gc,start       ] GC(332) Pause Young (Allocation Failure)
[19.063s][info][gc,heap        ] GC(332) PSYoungGen: 336080K(339968K)->8507K(339456K) Eden: 330240K(330240K)->0K(330240K) From: 5840K(9728K)->8507K(9216K)
[19.063s][info][gc,heap        ] GC(332) ParOldGen: 92696K(699392K)->97978K(699392K)
[19.063s][info][gc,metaspace   ] GC(332) Metaspace: 11147K(11392K)->11147K(11392K) NonClass: 9739K(9856K)->9739K(9856K) Class: 1407K(1536K)->1407K(1536K)
[19.063s][info][gc             ] GC(332) Pause Young (Allocation Failure) 418M->103M(1014M) 6.659ms
[19.063s][info][gc,cpu         ] GC(332) User=0.00s Sys=0.00s Real=0.01s
[19.116s][info][gc,start       ] GC(333) Pause Young (System.gc())
[19.123s][info][gc,heap        ] GC(333) PSYoungGen: 289223K(339456K)->8286K(338432K) Eden: 280715K(330240K)->0K(328704K) From: 8507K(9216K)->8286K(9728K)
[19.123s][info][gc,heap        ] GC(333) ParOldGen: 97978K(699392K)->105370K(699392K)
[19.123s][info][gc,metaspace   ] GC(333) Metaspace: 11147K(11392K)->11147K(11392K) NonClass: 9739K(9856K)->9739K(9856K) Class: 1407K(1536K)->1407K(1536K)
[19.123s][info][gc             ] GC(333) Pause Young (System.gc()) 378M->110M(1013M) 6.352ms
[19.123s][info][gc,cpu         ] GC(333) User=0.00s Sys=0.00s Real=0.01s
[19.123s][info][gc,start       ] GC(334) Pause Full (System.gc())
[19.123s][info][gc,phases,start] GC(334) Marking Phase
[19.166s][info][gc,phases      ] GC(334) Marking Phase 42.954ms
[19.166s][info][gc,phases,start] GC(334) Summary Phase
[19.166s][info][gc,phases      ] GC(334) Summary Phase 0.009ms
[19.166s][info][gc,phases,start] GC(334) Adjust Roots
[19.168s][info][gc,phases      ] GC(334) Adjust Roots 1.806ms
[19.168s][info][gc,phases,start] GC(334) Compaction Phase
[19.176s][info][gc,phases      ] GC(334) Compaction Phase 8.016ms
[19.176s][info][gc,phases,start] GC(334) Post Compact
[19.176s][info][gc,phases      ] GC(334) Post Compact 0.365ms
[19.176s][info][gc,heap        ] GC(334) PSYoungGen: 8286K(338432K)->0K(338432K) Eden: 0K(328704K)->0K(328704K) From: 8286K(9728K)->0K(9728K)
[19.176s][info][gc,heap        ] GC(334) ParOldGen: 105370K(699392K)->75856K(699392K)
[19.176s][info][gc,metaspace   ] GC(334) Metaspace: 11147K(11392K)->11147K(11392K) NonClass: 9739K(9856K)->9739K(9856K) Class: 1407K(1536K)->1407K(1536K)
[19.176s][info][gc             ] GC(334) Pause Full (System.gc()) 110M->74M(1013M) 53.365ms
[19.176s][info][gc,cpu         ] GC(334) User=0.28s Sys=0.00s Real=0.05s
[19.226s][info][gc,start       ] GC(335) Pause Young (Allocation Failure)
[19.230s][info][gc,heap        ] GC(335) PSYoungGen: 328704K(338432K)->5584K(338944K) Eden: 328704K(328704K)->0K(328704K) From: 0K(9728K)->5584K(10240K)
[19.230s][info][gc,heap        ] GC(335) ParOldGen: 75856K(699392K)->75856K(699392K)
[19.230s][info][gc,metaspace   ] GC(335) Metaspace: 11147K(11392K)->11147K(11392K) NonClass: 9739K(9856K)->9739K(9856K) Class: 1407K(1536K)->1407K(1536K)
[19.230s][info][gc             ] GC(335) Pause Young (Allocation Failure) 395M->79M(1014M) 4.202ms
[19.230s][info][gc,cpu         ] GC(335) User=0.00s Sys=0.00s Real=0.00s
[19.276s][info][gc,start       ] GC(336) Pause Young (Allocation Failure)
[19.282s][info][gc,heap        ] GC(336) PSYoungGen: 334288K(338944K)->5584K(338944K) Eden: 328704K(328704K)->0K(328704K) From: 5584K(10240K)->5584K(10240K)
[19.282s][info][gc,heap        ] GC(336) ParOldGen: 75856K(699392K)->81271K(699392K)
[19.282s][info][gc,metaspace   ] GC(336) Metaspace: 11147K(11392K)->11147K(11392K) NonClass: 9739K(9856K)->9739K(9856K) Class: 1407K(1536K)->1407K(1536K)
[19.282s][info][gc             ] GC(336) Pause Young (Allocation Failure) 400M->84M(1014M) 6.039ms
[19.282s][info][gc,cpu         ] GC(336) User=0.00s Sys=0.00s Real=0.00s
[19.328s][info][gc,start       ] GC(337) Pause Young (Allocation Failure)
[19.334s][info][gc,heap        ] GC(337) PSYoungGen: 334288K(338944K)->6575K(338944K) Eden: 328704K(328704K)->0K(328704K) From: 5584K(10240K)->6575K(10240K)
[19.334s][info][gc,heap        ] GC(337) ParOldGen: 81271K(699392K)->86383K(699392K)
[19.334s][info][gc,metaspace   ] GC(337) Metaspace: 11147K(11392K)->11147K(11392K) NonClass: 9739K(9856K)->9739K(9856K) Class: 1407K(1536K)->1407K(1536K)
[19.334s][info][gc             ] GC(337) Pause Young (Allocation Failure) 405M->90M(1014M) 6.074ms
[19.334s][info][gc,cpu         ] GC(337) User=0.09s Sys=0.00s Real=0.01s
[19.379s][info][gc,start       ] GC(338) Pause Young (Allocation Failure)
[19.385s][info][gc,heap        ] GC(338) PSYoungGen: 335279K(338944K)->5744K(339456K) Eden: 328704K(328704K)->0K(329728K) From: 6575K(10240K)->5744K(9728K)
[19.385s][info][gc,heap        ] GC(338) ParOldGen: 86383K(699392K)->92594K(699392K)
[19.385s][info][gc,metaspace   ] GC(338) Metaspace: 11147K(11392K)->11147K(11392K) NonClass: 9739K(9856K)->9739K(9856K) Class: 1407K(1536K)->1407K(1536K)
[19.385s][info][gc             ] GC(338) Pause Young (Allocation Failure) 411M->96M(1014M) 5.886ms
[19.385s][info][gc,cpu         ] GC(338) User=0.09s Sys=0.00s Real=0.01s
[19.429s][info][gc,start       ] GC(339) Pause Young (Allocation Failure)
[19.436s][info][gc,heap        ] GC(339) PSYoungGen: 335472K(339456K)->8314K(339456K) Eden: 329728K(329728K)->0K(329728K) From: 5744K(9728K)->8314K(9728K)
[19.436s][info][gc,heap        ] GC(339) ParOldGen: 92594K(699392K)->97888K(699392K)
[19.436s][info][gc,metaspace   ] GC(339) Metaspace: 11147K(11392K)->11147K(11392K) NonClass: 9739K(9856K)->9739K(9856K) Class: 1407K(1536K)->1407K(1536K)
[19.436s][info][gc             ] GC(339) Pause Young (Allocation Failure) 418M->103M(1014M) 6.100ms
[19.436s][info][gc,cpu         ] GC(339) User=0.00s Sys=0.00s Real=0.00s
[19.493s][info][gc,start       ] GC(340) Pause Young (System.gc())
[19.501s][info][gc,heap        ] GC(340) PSYoungGen: 291601K(339456K)->8653K(338432K) Eden: 283287K(329728K)->0K(328704K) From: 8314K(9728K)->8653K(9728K)
[19.501s][info][gc,heap        ] GC(340) ParOldGen: 97888K(699392K)->104717K(699392K)
[19.501s][info][gc,metaspace   ] GC(340) Metaspace: 11147K(11392K)->11147K(11392K) NonClass: 9739K(9856K)->9739K(9856K) Class: 1407K(1536K)->1407K(1536K)
[19.501s][info][gc             ] GC(340) Pause Young (System.gc()) 380M->110M(1013M) 7.694ms
[19.501s][info][gc,cpu         ] GC(340) User=0.00s Sys=0.00s Real=0.01s
[19.501s][info][gc,start       ] GC(341) Pause Full (System.gc())
[19.501s][info][gc,phases,start] GC(341) Marking Phase
[19.542s][info][gc,phases      ] GC(341) Marking Phase 41.074ms
[19.542s][info][gc,phases,start] GC(341) Summary Phase
[19.542s][info][gc,phases      ] GC(341) Summary Phase 0.010ms
[19.542s][info][gc,phases,start] GC(341) Adjust Roots
[19.543s][info][gc,phases      ] GC(341) Adjust Roots 1.301ms
[19.544s][info][gc,phases,start] GC(341) Compaction Phase
[19.552s][info][gc,phases      ] GC(341) Compaction Phase 8.222ms
[19.552s][info][gc,phases,start] GC(341) Post Compact
[19.552s][info][gc,phases      ] GC(341) Post Compact 0.379ms
[19.552s][info][gc,heap        ] GC(341) PSYoungGen: 8653K(338432K)->0K(338432K) Eden: 0K(328704K)->0K(328704K) From: 8653K(9728K)->0K(9728K)
[19.552s][info][gc,heap        ] GC(341) ParOldGen: 104717K(699392K)->75856K(699392K)
[19.552s][info][gc,metaspace   ] GC(341) Metaspace: 11147K(11392K)->11147K(11392K) NonClass: 9739K(9856K)->9739K(9856K) Class: 1407K(1536K)->1407K(1536K)
[19.552s][info][gc             ] GC(341) Pause Full (System.gc()) 110M->74M(1013M) 51.226ms
[19.552s][info][gc,cpu         ] GC(341) User=0.33s Sys=0.00s Real=0.05s
[19.599s][info][gc,start       ] GC(342) Pause Young (Allocation Failure)
[19.603s][info][gc,heap        ] GC(342) PSYoungGen: 328704K(338432K)->5600K(338944K) Eden: 328704K(328704K)->0K(328704K) From: 0K(9728K)->5600K(10240K)
[19.603s][info][gc,heap        ] GC(342) ParOldGen: 75856K(699392K)->75856K(699392K)
[19.603s][info][gc,metaspace   ] GC(342) Metaspace: 11147K(11392K)->11147K(11392K) NonClass: 9739K(9856K)->9739K(9856K) Class: 1407K(1536K)->1407K(1536K)
[19.603s][info][gc             ] GC(342) Pause Young (Allocation Failure) 395M->79M(1014M) 4.071ms
[19.603s][info][gc,cpu         ] GC(342) User=0.00s Sys=0.00s Real=0.00s
[19.647s][info][gc,start       ] GC(343) Pause Young (Allocation Failure)
[19.653s][info][gc,heap        ] GC(343) PSYoungGen: 334304K(338944K)->5616K(338944K) Eden: 328704K(328704K)->0K(328704K) From: 5600K(10240K)->5616K(10240K)
[19.653s][info][gc,heap        ] GC(343) ParOldGen: 75856K(699392K)->81276K(699392K)
[19.653s][info][gc,metaspace   ] GC(343) Metaspace: 11147K(11392K)->11147K(11392K) NonClass: 9739K(9856K)->9739K(9856K) Class: 1407K(1536K)->1407K(1536K)
[19.653s][info][gc             ] GC(343) Pause Young (Allocation Failure) 400M->84M(1014M) 6.100ms
[19.653s][info][gc,cpu         ] GC(343) User=0.00s Sys=0.00s Real=0.01s
[19.698s][info][gc,start       ] GC(344) Pause Young (Allocation Failure)
[19.704s][info][gc,heap        ] GC(344) PSYoungGen: 334320K(338944K)->6539K(338944K) Eden: 328704K(328704K)->0K(328704K) From: 5616K(10240K)->6539K(10240K)
[19.705s][info][gc,heap        ] GC(344) ParOldGen: 81276K(699392K)->86379K(699392K)
[19.705s][info][gc,metaspace   ] GC(344) Metaspace: 11147K(11392K)->11147K(11392K) NonClass: 9739K(9856K)->9739K(9856K) Class: 1407K(1536K)->1407K(1536K)
[19.705s][info][gc             ] GC(344) Pause Young (Allocation Failure) 405M->90M(1014M) 6.251ms
[19.705s][info][gc,cpu         ] GC(344) User=0.00s Sys=0.00s Real=0.01s
[19.749s][info][gc,start       ] GC(345) Pause Young (Allocation Failure)
[19.755s][info][gc,heap        ] GC(345) PSYoungGen: 335243K(338944K)->5792K(339456K) Eden: 328704K(328704K)->0K(329728K) From: 6539K(10240K)->5792K(9728K)
[19.755s][info][gc,heap        ] GC(345) ParOldGen: 86379K(699392K)->92544K(699392K)
[19.755s][info][gc,metaspace   ] GC(345) Metaspace: 11147K(11392K)->11147K(11392K) NonClass: 9739K(9856K)->9739K(9856K) Class: 1407K(1536K)->1407K(1536K)
[19.755s][info][gc             ] GC(345) Pause Young (Allocation Failure) 411M->96M(1014M) 5.683ms
[19.755s][info][gc,cpu         ] GC(345) User=0.09s Sys=0.00s Real=0.01s
[19.800s][info][gc,start       ] GC(346) Pause Young (Allocation Failure)
[19.806s][info][gc,heap        ] GC(346) PSYoungGen: 335520K(339456K)->8866K(338944K) Eden: 329728K(329728K)->0K(329728K) From: 5792K(9728K)->8866K(9216K)
[19.807s][info][gc,heap        ] GC(346) ParOldGen: 92544K(699392K)->97847K(699392K)
[19.807s][info][gc,metaspace   ] GC(346) Metaspace: 11147K(11392K)->11147K(11392K) NonClass: 9739K(9856K)->9739K(9856K) Class: 1407K(1536K)->1407K(1536K)
[19.807s][info][gc             ] GC(346) Pause Young (Allocation Failure) 418M->104M(1014M) 6.649ms
[19.807s][info][gc,cpu         ] GC(346) User=0.09s Sys=0.00s Real=0.01s
[19.863s][info][gc,start       ] GC(347) Pause Young (System.gc())
[19.870s][info][gc,heap        ] GC(347) PSYoungGen: 293052K(338944K)->7587K(338944K) Eden: 284186K(329728K)->0K(328704K) From: 8866K(9216K)->7587K(10240K)
[19.870s][info][gc,heap        ] GC(347) ParOldGen: 97847K(699392K)->105860K(699392K)
[19.870s][info][gc,metaspace   ] GC(347) Metaspace: 11148K(11392K)->11148K(11392K) NonClass: 9740K(9856K)->9740K(9856K) Class: 1407K(1536K)->1407K(1536K)
[19.870s][info][gc             ] GC(347) Pause Young (System.gc()) 381M->110M(1014M) 6.506ms
[19.870s][info][gc,cpu         ] GC(347) User=0.08s Sys=0.00s Real=0.01s
[19.870s][info][gc,start       ] GC(348) Pause Full (System.gc())
[19.870s][info][gc,phases,start] GC(348) Marking Phase
[19.912s][info][gc,phases      ] GC(348) Marking Phase 42.464ms
[19.912s][info][gc,phases,start] GC(348) Summary Phase
[19.912s][info][gc,phases      ] GC(348) Summary Phase 0.010ms
[19.912s][info][gc,phases,start] GC(348) Adjust Roots
[19.914s][info][gc,phases      ] GC(348) Adjust Roots 1.375ms
[19.914s][info][gc,phases,start] GC(348) Compaction Phase
[19.922s][info][gc,phases      ] GC(348) Compaction Phase 7.747ms
[19.922s][info][gc,phases,start] GC(348) Post Compact
[19.922s][info][gc,phases      ] GC(348) Post Compact 0.359ms
[19.922s][info][gc,heap        ] GC(348) PSYoungGen: 7587K(338944K)->0K(338944K) Eden: 0K(328704K)->0K(328704K) From: 7587K(10240K)->0K(10240K)
[19.922s][info][gc,heap        ] GC(348) ParOldGen: 105860K(699392K)->75856K(699392K)
[19.922s][info][gc,metaspace   ] GC(348) Metaspace: 11148K(11392K)->11148K(11392K) NonClass: 9740K(9856K)->9740K(9856K) Class: 1407K(1536K)->1407K(1536K)
[19.922s][info][gc             ] GC(348) Pause Full (System.gc()) 110M->74M(1014M) 52.208ms
[19.922s][info][gc,cpu         ] GC(348) User=0.17s Sys=0.02s Real=0.05s
[19.969s][info][gc,start       ] GC(349) Pause Young (Allocation Failure)
[19.973s][info][gc,heap        ] GC(349) PSYoungGen: 328704K(338944K)->5568K(338944K) Eden: 328704K(328704K)->0K(328704K) From: 0K(10240K)->5568K(10240K)
[19.973s][info][gc,heap        ] GC(349) ParOldGen: 75856K(699392K)->75856K(699392K)
[19.973s][info][gc,metaspace   ] GC(349) Metaspace: 11148K(11392K)->11148K(11392K) NonClass: 9740K(9856K)->9740K(9856K) Class: 1407K(1536K)->1407K(1536K)
[19.973s][info][gc             ] GC(349) Pause Young (Allocation Failure) 395M->79M(1014M) 3.695ms
[19.973s][info][gc,cpu         ] GC(349) User=0.00s Sys=0.00s Real=0.00s
[20.017s][info][gc,start       ] GC(350) Pause Young (Allocation Failure)
[20.023s][info][gc,heap        ] GC(350) PSYoungGen: 334272K(338944K)->5680K(338944K) Eden: 328704K(328704K)->0K(328704K) From: 5568K(10240K)->5680K(10240K)
[20.023s][info][gc,heap        ] GC(350) ParOldGen: 75856K(699392K)->81242K(699392K)
[20.023s][info][gc,metaspace   ] GC(350) Metaspace: 11148K(11392K)->11148K(11392K) NonClass: 9740K(9856K)->9740K(9856K) Class: 1407K(1536K)->1407K(1536K)
[20.023s][info][gc             ] GC(350) Pause Young (Allocation Failure) 400M->84M(1014M) 5.862ms
[20.023s][info][gc,cpu         ] GC(350) User=0.09s Sys=0.00s Real=0.00s
[20.068s][info][gc,start       ] GC(351) Pause Young (Allocation Failure)
[20.074s][info][gc,heap        ] GC(351) PSYoungGen: 334384K(338944K)->6676K(338944K) Eden: 328704K(328704K)->0K(328704K) From: 5680K(10240K)->6676K(10240K)
[20.074s][info][gc,heap        ] GC(351) ParOldGen: 81242K(699392K)->86399K(699392K)
[20.074s][info][gc,metaspace   ] GC(351) Metaspace: 11148K(11392K)->11148K(11392K) NonClass: 9740K(9856K)->9740K(9856K) Class: 1407K(1536K)->1407K(1536K)
[20.074s][info][gc             ] GC(351) Pause Young (Allocation Failure) 405M->90M(1014M) 6.165ms
[20.074s][info][gc,cpu         ] GC(351) User=0.00s Sys=0.00s Real=0.01s
[20.119s][info][gc,start       ] GC(352) Pause Young (Allocation Failure)
[20.125s][info][gc,heap        ] GC(352) PSYoungGen: 335380K(338944K)->6605K(339968K) Eden: 328704K(328704K)->0K(330240K) From: 6676K(10240K)->6605K(9728K)
[20.125s][info][gc,heap        ] GC(352) ParOldGen: 86399K(699392K)->92362K(699392K)
[20.125s][info][gc,metaspace   ] GC(352) Metaspace: 11148K(11392K)->11148K(11392K) NonClass: 9740K(9856K)->9740K(9856K) Class: 1407K(1536K)->1407K(1536K)
[20.125s][info][gc             ] GC(352) Pause Young (Allocation Failure) 411M->96M(1015M) 6.184ms
[20.125s][info][gc,cpu         ] GC(352) User=0.00s Sys=0.00s Real=0.01s
[20.171s][info][gc,start       ] GC(353) Pause Young (Allocation Failure)
[20.176s][info][gc,heap        ] GC(353) PSYoungGen: 336845K(339968K)->7178K(339456K) Eden: 330240K(330240K)->0K(330240K) From: 6605K(9728K)->7178K(9216K)
[20.176s][info][gc,heap        ] GC(353) ParOldGen: 92362K(699392K)->98529K(699392K)
[20.176s][info][gc,metaspace   ] GC(353) Metaspace: 11148K(11392K)->11148K(11392K) NonClass: 9740K(9856K)->9740K(9856K) Class: 1407K(1536K)->1407K(1536K)
[20.176s][info][gc             ] GC(353) Pause Young (Allocation Failure) 419M->103M(1014M) 5.785ms
[20.176s][info][gc,cpu         ] GC(353) User=0.00s Sys=0.00s Real=0.00s
[20.231s][info][gc,start       ] GC(354) Pause Young (System.gc())
[20.237s][info][gc,heap        ] GC(354) PSYoungGen: 290646K(339456K)->8000K(338944K) Eden: 283467K(330240K)->0K(329728K) From: 7178K(9216K)->8000K(9216K)
[20.237s][info][gc,heap        ] GC(354) ParOldGen: 98529K(699392K)->104931K(699392K)
[20.237s][info][gc,metaspace   ] GC(354) Metaspace: 11148K(11392K)->11148K(11392K) NonClass: 9740K(9856K)->9740K(9856K) Class: 1407K(1536K)->1407K(1536K)
[20.238s][info][gc             ] GC(354) Pause Young (System.gc()) 380M->110M(1014M) 6.976ms
[20.238s][info][gc,cpu         ] GC(354) User=0.00s Sys=0.00s Real=0.02s
[20.238s][info][gc,start       ] GC(355) Pause Full (System.gc())
[20.238s][info][gc,phases,start] GC(355) Marking Phase
[20.304s][info][gc,phases      ] GC(355) Marking Phase 66.358ms
[20.304s][info][gc,phases,start] GC(355) Summary Phase
[20.304s][info][gc,phases      ] GC(355) Summary Phase 0.010ms
[20.304s][info][gc,phases,start] GC(355) Adjust Roots
[20.306s][info][gc,phases      ] GC(355) Adjust Roots 1.809ms
[20.306s][info][gc,phases,start] GC(355) Compaction Phase
[20.314s][info][gc,phases      ] GC(355) Compaction Phase 8.130ms
[20.314s][info][gc,phases,start] GC(355) Post Compact
[20.314s][info][gc,phases      ] GC(355) Post Compact 0.412ms
[20.314s][info][gc,heap        ] GC(355) PSYoungGen: 8000K(338944K)->0K(338944K) Eden: 0K(329728K)->0K(329728K) From: 8000K(9216K)->0K(9216K)
[20.314s][info][gc,heap        ] GC(355) ParOldGen: 104931K(699392K)->75856K(699392K)
[20.314s][info][gc,metaspace   ] GC(355) Metaspace: 11148K(11392K)->11148K(11392K) NonClass: 9740K(9856K)->9740K(9856K) Class: 1407K(1536K)->1407K(1536K)
[20.314s][info][gc             ] GC(355) Pause Full (System.gc()) 110M->74M(1014M) 76.931ms
[20.315s][info][gc,cpu         ] GC(355) User=0.47s Sys=0.00s Real=0.07s
[20.361s][info][gc,start       ] GC(356) Pause Young (Allocation Failure)
[20.365s][info][gc,heap        ] GC(356) PSYoungGen: 329728K(338944K)->5568K(339456K) Eden: 329728K(329728K)->0K(329728K) From: 0K(9216K)->5568K(9728K)
[20.365s][info][gc,heap        ] GC(356) ParOldGen: 75856K(699392K)->75856K(699392K)
[20.365s][info][gc,metaspace   ] GC(356) Metaspace: 11148K(11392K)->11148K(11392K) NonClass: 9740K(9856K)->9740K(9856K) Class: 1407K(1536K)->1407K(1536K)
[20.365s][info][gc             ] GC(356) Pause Young (Allocation Failure) 396M->79M(1014M) 3.999ms
[20.365s][info][gc,cpu         ] GC(356) User=0.08s Sys=0.00s Real=0.00s
[20.410s][info][gc,start       ] GC(357) Pause Young (Allocation Failure)
[20.415s][info][gc,heap        ] GC(357) PSYoungGen: 335296K(339456K)->5696K(339456K) Eden: 329728K(329728K)->0K(329728K) From: 5568K(9728K)->5696K(9728K)
[20.416s][info][gc,heap        ] GC(357) ParOldGen: 75856K(699392K)->81251K(699392K)
[20.416s][info][gc,metaspace   ] GC(357) Metaspace: 11148K(11392K)->11148K(11392K) NonClass: 9740K(9856K)->9740K(9856K) Class: 1407K(1536K)->1407K(1536K)
[20.416s][info][gc             ] GC(357) Pause Young (Allocation Failure) 401M->84M(1014M) 5.953ms
[20.416s][info][gc,cpu         ] GC(357) User=0.09s Sys=0.00s Real=0.00s
[20.460s][info][gc,start       ] GC(358) Pause Young (Allocation Failure)
[20.466s][info][gc,heap        ] GC(358) PSYoungGen: 335424K(339456K)->6490K(339456K) Eden: 329728K(329728K)->0K(329728K) From: 5696K(9728K)->6490K(9728K)
[20.466s][info][gc,heap        ] GC(358) ParOldGen: 81251K(699392K)->86430K(699392K)
[20.467s][info][gc,metaspace   ] GC(358) Metaspace: 11148K(11392K)->11148K(11392K) NonClass: 9740K(9856K)->9740K(9856K) Class: 1407K(1536K)->1407K(1536K)
[20.467s][info][gc             ] GC(358) Pause Young (Allocation Failure) 406M->90M(1014M) 6.154ms
[20.467s][info][gc,cpu         ] GC(358) User=0.00s Sys=0.00s Real=0.01s
[20.511s][info][gc,start       ] GC(359) Pause Young (Allocation Failure)
[20.517s][info][gc,heap        ] GC(359) PSYoungGen: 336218K(339456K)->5744K(339968K) Eden: 329728K(329728K)->0K(330752K) From: 6490K(9728K)->5744K(9216K)
[20.517s][info][gc,heap        ] GC(359) ParOldGen: 86430K(699392K)->92594K(699392K)
[20.517s][info][gc,metaspace   ] GC(359) Metaspace: 11148K(11392K)->11148K(11392K) NonClass: 9740K(9856K)->9740K(9856K) Class: 1407K(1536K)->1407K(1536K)
[20.517s][info][gc             ] GC(359) Pause Young (Allocation Failure) 412M->96M(1015M) 5.862ms
[20.517s][info][gc,cpu         ] GC(359) User=0.00s Sys=0.00s Real=0.00s
[20.562s][info][gc,start       ] GC(360) Pause Young (Allocation Failure)
[20.568s][info][gc,heap        ] GC(360) PSYoungGen: 336496K(339968K)->8868K(339968K) Eden: 330752K(330752K)->0K(330752K) From: 5744K(9216K)->8868K(9216K)
[20.568s][info][gc,heap        ] GC(360) ParOldGen: 92594K(699392K)->97924K(699392K)
[20.568s][info][gc,metaspace   ] GC(360) Metaspace: 11148K(11392K)->11148K(11392K) NonClass: 9740K(9856K)->9740K(9856K) Class: 1407K(1536K)->1407K(1536K)
[20.568s][info][gc             ] GC(360) Pause Young (Allocation Failure) 419M->104M(1015M) 6.524ms
[20.568s][info][gc,cpu         ] GC(360) User=0.09s Sys=0.00s Real=0.01s
[20.621s][info][gc,start       ] GC(361) Pause Young (System.gc())
[20.628s][info][gc,heap        ] GC(361) PSYoungGen: 286471K(339968K)->8304K(337920K) Eden: 277602K(330752K)->0K(328704K) From: 8868K(9216K)->8304K(9216K)
[20.628s][info][gc,heap        ] GC(361) ParOldGen: 97924K(699392K)->105058K(699392K)
[20.628s][info][gc,metaspace   ] GC(361) Metaspace: 11148K(11392K)->11148K(11392K) NonClass: 9741K(9856K)->9741K(9856K) Class: 1407K(1536K)->1407K(1536K)
[20.628s][info][gc             ] GC(361) Pause Young (System.gc()) 375M->110M(1013M) 7.480ms
[20.628s][info][gc,cpu         ] GC(361) User=0.00s Sys=0.00s Real=0.02s
[20.628s][info][gc,start       ] GC(362) Pause Full (System.gc())
[20.628s][info][gc,phases,start] GC(362) Marking Phase
[20.665s][info][gc,phases      ] GC(362) Marking Phase 36.877ms
[20.665s][info][gc,phases,start] GC(362) Summary Phase
[20.665s][info][gc,phases      ] GC(362) Summary Phase 0.011ms
[20.665s][info][gc,phases,start] GC(362) Adjust Roots
[20.667s][info][gc,phases      ] GC(362) Adjust Roots 1.309ms
[20.667s][info][gc,phases,start] GC(362) Compaction Phase
[20.674s][info][gc,phases      ] GC(362) Compaction Phase 7.718ms
[20.674s][info][gc,phases,start] GC(362) Post Compact
[20.675s][info][gc,phases      ] GC(362) Post Compact 0.455ms
[20.675s][info][gc,heap        ] GC(362) PSYoungGen: 8304K(337920K)->0K(337920K) Eden: 0K(328704K)->0K(328704K) From: 8304K(9216K)->0K(9216K)
[20.675s][info][gc,heap        ] GC(362) ParOldGen: 105058K(699392K)->75856K(699392K)
[20.675s][info][gc,metaspace   ] GC(362) Metaspace: 11148K(11392K)->11148K(11392K) NonClass: 9741K(9856K)->9741K(9856K) Class: 1407K(1536K)->1407K(1536K)
[20.675s][info][gc             ] GC(362) Pause Full (System.gc()) 110M->74M(1013M) 46.784ms
[20.675s][info][gc,cpu         ] GC(362) User=0.28s Sys=0.00s Real=0.05s
[20.722s][info][gc,start       ] GC(363) Pause Young (Allocation Failure)
[20.726s][info][gc,heap        ] GC(363) PSYoungGen: 328704K(337920K)->5568K(338944K) Eden: 328704K(328704K)->0K(328704K) From: 0K(9216K)->5568K(10240K)
[20.726s][info][gc,heap        ] GC(363) ParOldGen: 75856K(699392K)->75856K(699392K)
[20.726s][info][gc,metaspace   ] GC(363) Metaspace: 11163K(11392K)->11163K(11392K) NonClass: 9756K(9856K)->9756K(9856K) Class: 1407K(1536K)->1407K(1536K)
[20.726s][info][gc             ] GC(363) Pause Young (Allocation Failure) 395M->79M(1014M) 3.663ms
[20.726s][info][gc,cpu         ] GC(363) User=0.09s Sys=0.00s Real=0.00s
[20.771s][info][gc,start       ] GC(364) Pause Young (Allocation Failure)
[20.777s][info][gc,heap        ] GC(364) PSYoungGen: 334272K(338944K)->5616K(339456K) Eden: 328704K(328704K)->0K(329216K) From: 5568K(10240K)->5616K(10240K)
[20.777s][info][gc,heap        ] GC(364) ParOldGen: 75856K(699392K)->81271K(699392K)
[20.777s][info][gc,metaspace   ] GC(364) Metaspace: 11163K(11392K)->11163K(11392K) NonClass: 9756K(9856K)->9756K(9856K) Class: 1407K(1536K)->1407K(1536K)
[20.777s][info][gc             ] GC(364) Pause Young (Allocation Failure) 400M->84M(1014M) 6.085ms
[20.777s][info][gc,cpu         ] GC(364) User=0.00s Sys=0.00s Real=0.01s
[20.822s][info][gc,start       ] GC(365) Pause Young (Allocation Failure)
[20.829s][info][gc,heap        ] GC(365) PSYoungGen: 334832K(339456K)->6605K(338944K) Eden: 329216K(329216K)->0K(329216K) From: 5616K(10240K)->6605K(9728K)
[20.829s][info][gc,heap        ] GC(365) ParOldGen: 81271K(699392K)->86389K(699392K)
[20.829s][info][gc,metaspace   ] GC(365) Metaspace: 11163K(11392K)->11163K(11392K) NonClass: 9756K(9856K)->9756K(9856K) Class: 1407K(1536K)->1407K(1536K)
[20.829s][info][gc             ] GC(365) Pause Young (Allocation Failure) 406M->90M(1014M) 6.154ms
[20.829s][info][gc,cpu         ] GC(365) User=0.00s Sys=0.00s Real=0.00s
[20.874s][info][gc,start       ] GC(366) Pause Young (Allocation Failure)
[20.880s][info][gc,heap        ] GC(366) PSYoungGen: 335821K(338944K)->5808K(339456K) Eden: 329216K(329216K)->0K(329728K) From: 6605K(9728K)->5808K(9728K)
[20.880s][info][gc,heap        ] GC(366) ParOldGen: 86389K(699392K)->92584K(699392K)
[20.880s][info][gc,metaspace   ] GC(366) Metaspace: 11163K(11392K)->11163K(11392K) NonClass: 9756K(9856K)->9756K(9856K) Class: 1407K(1536K)->1407K(1536K)
[20.880s][info][gc             ] GC(366) Pause Young (Allocation Failure) 412M->96M(1014M) 5.940ms
[20.880s][info][gc,cpu         ] GC(366) User=0.00s Sys=0.00s Real=0.01s
[20.924s][info][gc,start       ] GC(367) Pause Young (Allocation Failure)
[20.930s][info][gc,heap        ] GC(367) PSYoungGen: 335536K(339456K)->8271K(339456K) Eden: 329728K(329728K)->0K(329728K) From: 5808K(9728K)->8271K(9728K)
[20.930s][info][gc,heap        ] GC(367) ParOldGen: 92584K(699392K)->97910K(699392K)
[20.930s][info][gc,metaspace   ] GC(367) Metaspace: 11163K(11392K)->11163K(11392K) NonClass: 9756K(9856K)->9756K(9856K) Class: 1407K(1536K)->1407K(1536K)
[20.930s][info][gc             ] GC(367) Pause Young (Allocation Failure) 418M->103M(1014M) 6.282ms
[20.930s][info][gc,cpu         ] GC(367) User=0.09s Sys=0.00s Real=0.01s
[20.983s][info][gc,start       ] GC(368) Pause Young (System.gc())
[20.990s][info][gc,heap        ] GC(368) PSYoungGen: 289282K(339456K)->8687K(338432K) Eden: 281011K(329728K)->0K(328704K) From: 8271K(9728K)->8687K(9728K)
[20.990s][info][gc,heap        ] GC(368) ParOldGen: 97910K(699392K)->104730K(699392K)
[20.990s][info][gc,metaspace   ] GC(368) Metaspace: 11167K(11392K)->11167K(11392K) NonClass: 9759K(9856K)->9759K(9856K) Class: 1407K(1536K)->1407K(1536K)
[20.990s][info][gc             ] GC(368) Pause Young (System.gc()) 378M->110M(1013M) 7.259ms
[20.990s][info][gc,cpu         ] GC(368) User=0.09s Sys=0.00s Real=0.01s
[20.990s][info][gc,start       ] GC(369) Pause Full (System.gc())
[20.990s][info][gc,phases,start] GC(369) Marking Phase
[21.048s][info][gc,phases      ] GC(369) Marking Phase 57.947ms
[21.048s][info][gc,phases,start] GC(369) Summary Phase
[21.048s][info][gc,phases      ] GC(369) Summary Phase 0.011ms
[21.048s][info][gc,phases,start] GC(369) Adjust Roots
[21.050s][info][gc,phases      ] GC(369) Adjust Roots 1.384ms
[21.050s][info][gc,phases,start] GC(369) Compaction Phase
[21.057s][info][gc,phases      ] GC(369) Compaction Phase 7.814ms
[21.057s][info][gc,phases,start] GC(369) Post Compact
[21.058s][info][gc,phases      ] GC(369) Post Compact 0.359ms
[21.058s][info][gc,heap        ] GC(369) PSYoungGen: 8687K(338432K)->0K(338432K) Eden: 0K(328704K)->0K(328704K) From: 8687K(9728K)->0K(9728K)
[21.058s][info][gc,heap        ] GC(369) ParOldGen: 104730K(699392K)->75856K(699392K)
[21.058s][info][gc,metaspace   ] GC(369) Metaspace: 11167K(11392K)->11167K(11392K) NonClass: 9759K(9856K)->9759K(9856K) Class: 1407K(1536K)->1407K(1536K)
[21.058s][info][gc             ] GC(369) Pause Full (System.gc()) 110M->74M(1013M) 67.764ms
[21.058s][info][gc,cpu         ] GC(369) User=0.38s Sys=0.00s Real=0.07s
[21.105s][info][gc,start       ] GC(370) Pause Young (Allocation Failure)
[21.108s][info][gc,heap        ] GC(370) PSYoungGen: 328704K(338432K)->5568K(338944K) Eden: 328704K(328704K)->0K(328704K) From: 0K(9728K)->5568K(10240K)
[21.108s][info][gc,heap        ] GC(370) ParOldGen: 75856K(699392K)->75856K(699392K)
[21.108s][info][gc,metaspace   ] GC(370) Metaspace: 11169K(11456K)->11169K(11456K) NonClass: 9762K(9920K)->9762K(9920K) Class: 1407K(1536K)->1407K(1536K)
[21.108s][info][gc             ] GC(370) Pause Young (Allocation Failure) 395M->79M(1014M) 3.704ms
[21.108s][info][gc,cpu         ] GC(370) User=0.00s Sys=0.00s Real=0.00s
[21.154s][info][gc,start       ] GC(371) Pause Young (Allocation Failure)
[21.159s][info][gc,heap        ] GC(371) PSYoungGen: 334272K(338944K)->5712K(338944K) Eden: 328704K(328704K)->0K(328704K) From: 5568K(10240K)->5712K(10240K)
[21.160s][info][gc,heap        ] GC(371) ParOldGen: 75856K(699392K)->81232K(699392K)
[21.160s][info][gc,metaspace   ] GC(371) Metaspace: 11169K(11456K)->11169K(11456K) NonClass: 9762K(9920K)->9762K(9920K) Class: 1407K(1536K)->1407K(1536K)
[21.160s][info][gc             ] GC(371) Pause Young (Allocation Failure) 400M->84M(1014M) 5.934ms
[21.160s][info][gc,cpu         ] GC(371) User=0.00s Sys=0.00s Real=0.01s
[21.204s][info][gc,start       ] GC(372) Pause Young (Allocation Failure)
[21.210s][info][gc,heap        ] GC(372) PSYoungGen: 334416K(338944K)->6622K(338944K) Eden: 328704K(328704K)->0K(328704K) From: 5712K(10240K)->6622K(10240K)
[21.210s][info][gc,heap        ] GC(372) ParOldGen: 81232K(699392K)->86350K(699392K)
[21.210s][info][gc,metaspace   ] GC(372) Metaspace: 11169K(11456K)->11169K(11456K) NonClass: 9762K(9920K)->9762K(9920K) Class: 1407K(1536K)->1407K(1536K)
[21.210s][info][gc             ] GC(372) Pause Young (Allocation Failure) 405M->90M(1014M) 5.801ms
[21.210s][info][gc,cpu         ] GC(372) User=0.09s Sys=0.00s Real=0.00s
[21.259s][info][gc,start       ] GC(373) Pause Young (Allocation Failure)
[21.265s][info][gc,heap        ] GC(373) PSYoungGen: 335326K(338944K)->5824K(339456K) Eden: 328704K(328704K)->0K(329728K) From: 6622K(10240K)->5824K(9728K)
[21.265s][info][gc,heap        ] GC(373) ParOldGen: 86350K(699392K)->92546K(699392K)
[21.265s][info][gc,metaspace   ] GC(373) Metaspace: 11169K(11456K)->11169K(11456K) NonClass: 9762K(9920K)->9762K(9920K) Class: 1407K(1536K)->1407K(1536K)
[21.265s][info][gc             ] GC(373) Pause Young (Allocation Failure) 411M->96M(1014M) 6.140ms
[21.265s][info][gc,cpu         ] GC(373) User=0.00s Sys=0.00s Real=0.01s
[21.310s][info][gc,start       ] GC(374) Pause Young (Allocation Failure)
[21.316s][info][gc,heap        ] GC(374) PSYoungGen: 335552K(339456K)->8255K(339456K) Eden: 329728K(329728K)->0K(329728K) From: 5824K(9728K)->8255K(9728K)
[21.316s][info][gc,heap        ] GC(374) ParOldGen: 92546K(699392K)->97892K(699392K)
[21.316s][info][gc,metaspace   ] GC(374) Metaspace: 11169K(11456K)->11169K(11456K) NonClass: 9762K(9920K)->9762K(9920K) Class: 1407K(1536K)->1407K(1536K)
[21.316s][info][gc             ] GC(374) Pause Young (Allocation Failure) 418M->103M(1014M) 6.343ms
[21.316s][info][gc,cpu         ] GC(374) User=0.00s Sys=0.00s Real=0.01s
[21.379s][info][gc,start       ] GC(375) Pause Young (System.gc())
[21.385s][info][gc,heap        ] GC(375) PSYoungGen: 290940K(339456K)->8369K(338432K) Eden: 282684K(329728K)->0K(328704K) From: 8255K(9728K)->8369K(9728K)
[21.385s][info][gc,heap        ] GC(375) ParOldGen: 97892K(699392K)->105021K(699392K)
[21.385s][info][gc,metaspace   ] GC(375) Metaspace: 11174K(11456K)->11174K(11456K) NonClass: 9767K(9920K)->9767K(9920K) Class: 1407K(1536K)->1407K(1536K)
[21.385s][info][gc             ] GC(375) Pause Young (System.gc()) 379M->110M(1013M) 6.409ms
[21.385s][info][gc,cpu         ] GC(375) User=0.09s Sys=0.00s Real=0.01s
[21.385s][info][gc,start       ] GC(376) Pause Full (System.gc())
[21.385s][info][gc,phases,start] GC(376) Marking Phase
[21.428s][info][gc,phases      ] GC(376) Marking Phase 42.885ms
[21.428s][info][gc,phases,start] GC(376) Summary Phase
[21.428s][info][gc,phases      ] GC(376) Summary Phase 0.010ms
[21.428s][info][gc,phases,start] GC(376) Adjust Roots
[21.430s][info][gc,phases      ] GC(376) Adjust Roots 1.604ms
[21.430s][info][gc,phases,start] GC(376) Compaction Phase
[21.438s][info][gc,phases      ] GC(376) Compaction Phase 7.833ms
[21.438s][info][gc,phases,start] GC(376) Post Compact
[21.438s][info][gc,phases      ] GC(376) Post Compact 0.361ms
[21.438s][info][gc,heap        ] GC(376) PSYoungGen: 8369K(338432K)->0K(338432K) Eden: 0K(328704K)->0K(328704K) From: 8369K(9728K)->0K(9728K)
[21.438s][info][gc,heap        ] GC(376) ParOldGen: 105021K(699392K)->75856K(699392K)
[21.438s][info][gc,metaspace   ] GC(376) Metaspace: 11174K(11456K)->11174K(11456K) NonClass: 9767K(9920K)->9767K(9920K) Class: 1407K(1536K)->1407K(1536K)
[21.438s][info][gc             ] GC(376) Pause Full (System.gc()) 110M->74M(1013M) 52.936ms
[21.438s][info][gc,cpu         ] GC(376) User=0.17s Sys=0.02s Real=0.05s
[21.485s][info][gc,start       ] GC(377) Pause Young (Allocation Failure)
[21.488s][info][gc,heap        ] GC(377) PSYoungGen: 328704K(338432K)->5568K(338944K) Eden: 328704K(328704K)->0K(328704K) From: 0K(9728K)->5568K(10240K)
[21.488s][info][gc,heap        ] GC(377) ParOldGen: 75856K(699392K)->75856K(699392K)
[21.488s][info][gc,metaspace   ] GC(377) Metaspace: 11174K(11456K)->11174K(11456K) NonClass: 9767K(9920K)->9767K(9920K) Class: 1407K(1536K)->1407K(1536K)
[21.488s][info][gc             ] GC(377) Pause Young (Allocation Failure) 395M->79M(1014M) 3.670ms
[21.488s][info][gc,cpu         ] GC(377) User=0.00s Sys=0.00s Real=0.00s
[21.533s][info][gc,start       ] GC(378) Pause Young (Allocation Failure)
[21.539s][info][gc,heap        ] GC(378) PSYoungGen: 334272K(338944K)->5680K(338944K) Eden: 328704K(328704K)->0K(328704K) From: 5568K(10240K)->5680K(10240K)
[21.539s][info][gc,heap        ] GC(378) ParOldGen: 75856K(699392K)->81265K(699392K)
[21.539s][info][gc,metaspace   ] GC(378) Metaspace: 11174K(11456K)->11174K(11456K) NonClass: 9767K(9920K)->9767K(9920K) Class: 1407K(1536K)->1407K(1536K)
[21.539s][info][gc             ] GC(378) Pause Young (Allocation Failure) 400M->84M(1014M) 5.944ms
[21.539s][info][gc,cpu         ] GC(378) User=0.09s Sys=0.00s Real=0.01s
[21.584s][info][gc,start       ] GC(379) Pause Young (Allocation Failure)
[21.590s][info][gc,heap        ] GC(379) PSYoungGen: 334384K(338944K)->6524K(338944K) Eden: 328704K(328704K)->0K(328704K) From: 5680K(10240K)->6524K(10240K)
[21.590s][info][gc,heap        ] GC(379) ParOldGen: 81265K(699392K)->86416K(699392K)
[21.590s][info][gc,metaspace   ] GC(379) Metaspace: 11174K(11456K)->11174K(11456K) NonClass: 9767K(9920K)->9767K(9920K) Class: 1407K(1536K)->1407K(1536K)
[21.590s][info][gc             ] GC(379) Pause Young (Allocation Failure) 405M->90M(1014M) 5.963ms
[21.590s][info][gc,cpu         ] GC(379) User=0.00s Sys=0.00s Real=0.01s
[21.634s][info][gc,start       ] GC(380) Pause Young (Allocation Failure)
[21.640s][info][gc,heap        ] GC(380) PSYoungGen: 335228K(338944K)->5808K(339456K) Eden: 328704K(328704K)->0K(329728K) From: 6524K(10240K)->5808K(9728K)
[21.640s][info][gc,heap        ] GC(380) ParOldGen: 86416K(699392K)->92571K(699392K)
[21.640s][info][gc,metaspace   ] GC(380) Metaspace: 11174K(11456K)->11174K(11456K) NonClass: 9767K(9920K)->9767K(9920K) Class: 1407K(1536K)->1407K(1536K)
[21.640s][info][gc             ] GC(380) Pause Young (Allocation Failure) 411M->96M(1014M) 5.834ms
[21.640s][info][gc,cpu         ] GC(380) User=0.00s Sys=0.00s Real=0.00s
[21.685s][info][gc,start       ] GC(381) Pause Young (Allocation Failure)
[21.691s][info][gc,heap        ] GC(381) PSYoungGen: 335536K(339456K)->8246K(339456K) Eden: 329728K(329728K)->0K(329728K) From: 5808K(9728K)->8246K(9728K)
[21.691s][info][gc,heap        ] GC(381) ParOldGen: 92571K(699392K)->97906K(699392K)
[21.691s][info][gc,metaspace   ] GC(381) Metaspace: 11174K(11456K)->11174K(11456K) NonClass: 9767K(9920K)->9767K(9920K) Class: 1407K(1536K)->1407K(1536K)
[21.691s][info][gc             ] GC(381) Pause Young (Allocation Failure) 418M->103M(1014M) 6.680ms
[21.691s][info][gc,cpu         ] GC(381) User=0.00s Sys=0.00s Real=0.01s
[21.750s][info][gc,start       ] GC(382) Pause Young (System.gc())
[21.756s][info][gc,heap        ] GC(382) PSYoungGen: 290017K(339456K)->8344K(338432K) Eden: 281771K(329728K)->0K(328704K) From: 8246K(9728K)->8344K(9728K)
[21.756s][info][gc,heap        ] GC(382) ParOldGen: 97906K(699392K)->105062K(699392K)
[21.756s][info][gc,metaspace   ] GC(382) Metaspace: 11186K(11456K)->11186K(11456K) NonClass: 9779K(9920K)->9779K(9920K) Class: 1407K(1536K)->1407K(1536K)
[21.756s][info][gc             ] GC(382) Pause Young (System.gc()) 378M->110M(1013M) 6.380ms
[21.756s][info][gc,cpu         ] GC(382) User=0.09s Sys=0.00s Real=0.01s
[21.756s][info][gc,start       ] GC(383) Pause Full (System.gc())
[21.756s][info][gc,phases,start] GC(383) Marking Phase
[21.799s][info][gc,phases      ] GC(383) Marking Phase 43.301ms
[21.799s][info][gc,phases,start] GC(383) Summary Phase
[21.799s][info][gc,phases      ] GC(383) Summary Phase 0.011ms
[21.799s][info][gc,phases,start] GC(383) Adjust Roots
[21.801s][info][gc,phases      ] GC(383) Adjust Roots 1.318ms
[21.801s][info][gc,phases,start] GC(383) Compaction Phase
[21.809s][info][gc,phases      ] GC(383) Compaction Phase 7.751ms
[21.809s][info][gc,phases,start] GC(383) Post Compact
[21.809s][info][gc,phases      ] GC(383) Post Compact 0.358ms
[21.809s][info][gc,heap        ] GC(383) PSYoungGen: 8344K(338432K)->0K(338432K) Eden: 0K(328704K)->0K(328704K) From: 8344K(9728K)->0K(9728K)
[21.809s][info][gc,heap        ] GC(383) ParOldGen: 105062K(699392K)->75856K(699392K)
[21.809s][info][gc,metaspace   ] GC(383) Metaspace: 11186K(11456K)->11186K(11456K) NonClass: 9779K(9920K)->9779K(9920K) Class: 1407K(1536K)->1407K(1536K)
[21.809s][info][gc             ] GC(383) Pause Full (System.gc()) 110M->74M(1013M) 52.964ms
[21.809s][info][gc,cpu         ] GC(383) User=0.28s Sys=0.00s Real=0.05s
[21.856s][info][gc,start       ] GC(384) Pause Young (Allocation Failure)
[21.859s][info][gc,heap        ] GC(384) PSYoungGen: 328704K(338432K)->5600K(338944K) Eden: 328704K(328704K)->0K(328704K) From: 0K(9728K)->5600K(10240K)
[21.859s][info][gc,heap        ] GC(384) ParOldGen: 75856K(699392K)->75856K(699392K)
[21.859s][info][gc,metaspace   ] GC(384) Metaspace: 11186K(11456K)->11186K(11456K) NonClass: 9779K(9920K)->9779K(9920K) Class: 1407K(1536K)->1407K(1536K)
[21.859s][info][gc             ] GC(384) Pause Young (Allocation Failure) 395M->79M(1014M) 3.800ms
[21.860s][info][gc,cpu         ] GC(384) User=0.00s Sys=0.00s Real=0.00s
[21.905s][info][gc,start       ] GC(385) Pause Young (Allocation Failure)
[21.910s][info][gc,heap        ] GC(385) PSYoungGen: 334304K(338944K)->5664K(338944K) Eden: 328704K(328704K)->0K(328704K) From: 5600K(10240K)->5664K(10240K)
[21.911s][info][gc,heap        ] GC(385) ParOldGen: 75856K(699392K)->81269K(699392K)
[21.911s][info][gc,metaspace   ] GC(385) Metaspace: 11186K(11456K)->11186K(11456K) NonClass: 9779K(9920K)->9779K(9920K) Class: 1407K(1536K)->1407K(1536K)
[21.911s][info][gc             ] GC(385) Pause Young (Allocation Failure) 400M->84M(1014M) 5.875ms
[21.911s][info][gc,cpu         ] GC(385) User=0.00s Sys=0.00s Real=0.01s
[21.955s][info][gc,start       ] GC(386) Pause Young (Allocation Failure)
[21.961s][info][gc,heap        ] GC(386) PSYoungGen: 334368K(338944K)->6512K(338944K) Eden: 328704K(328704K)->0K(328704K) From: 5664K(10240K)->6512K(10240K)
[21.961s][info][gc,heap        ] GC(386) ParOldGen: 81269K(699392K)->86453K(699392K)
[21.961s][info][gc,metaspace   ] GC(386) Metaspace: 11186K(11456K)->11186K(11456K) NonClass: 9779K(9920K)->9779K(9920K) Class: 1407K(1536K)->1407K(1536K)
[21.961s][info][gc             ] GC(386) Pause Young (Allocation Failure) 405M->90M(1014M) 6.155ms
[21.962s][info][gc,cpu         ] GC(386) User=0.09s Sys=0.00s Real=0.01s
[22.006s][info][gc,start       ] GC(387) Pause Young (Allocation Failure)
[22.012s][info][gc,heap        ] GC(387) PSYoungGen: 335216K(338944K)->5808K(339456K) Eden: 328704K(328704K)->0K(329728K) From: 6512K(10240K)->5808K(9728K)
[22.012s][info][gc,heap        ] GC(387) ParOldGen: 86453K(699392K)->92621K(699392K)
[22.012s][info][gc,metaspace   ] GC(387) Metaspace: 11186K(11456K)->11186K(11456K) NonClass: 9779K(9920K)->9779K(9920K) Class: 1407K(1536K)->1407K(1536K)
[22.012s][info][gc             ] GC(387) Pause Young (Allocation Failure) 411M->96M(1014M) 5.774ms
[22.012s][info][gc,cpu         ] GC(387) User=0.00s Sys=0.00s Real=0.01s
[22.056s][info][gc,start       ] GC(388) Pause Young (Allocation Failure)
[22.063s][info][gc,heap        ] GC(388) PSYoungGen: 335536K(339456K)->8290K(339456K) Eden: 329728K(329728K)->0K(329728K) From: 5808K(9728K)->8290K(9728K)
[22.063s][info][gc,heap        ] GC(388) ParOldGen: 92621K(699392K)->97945K(699392K)
[22.063s][info][gc,metaspace   ] GC(388) Metaspace: 11186K(11456K)->11186K(11456K) NonClass: 9779K(9920K)->9779K(9920K) Class: 1407K(1536K)->1407K(1536K)
[22.063s][info][gc             ] GC(388) Pause Young (Allocation Failure) 418M->103M(1014M) 6.371ms
[22.063s][info][gc,cpu         ] GC(388) User=0.00s Sys=0.00s Real=0.01s
[22.123s][info][gc,start       ] GC(389) Pause Young (System.gc())
[22.129s][info][gc,heap        ] GC(389) PSYoungGen: 287811K(339456K)->8292K(338432K) Eden: 279521K(329728K)->0K(328704K) From: 8290K(9728K)->8292K(9728K)
[22.130s][info][gc,heap        ] GC(389) ParOldGen: 97945K(699392K)->105100K(699392K)
[22.130s][info][gc,metaspace   ] GC(389) Metaspace: 11186K(11456K)->11186K(11456K) NonClass: 9779K(9920K)->9779K(9920K) Class: 1407K(1536K)->1407K(1536K)
[22.130s][info][gc             ] GC(389) Pause Young (System.gc()) 376M->110M(1013M) 7.068ms
[22.130s][info][gc,cpu         ] GC(389) User=0.00s Sys=0.00s Real=0.01s
[22.130s][info][gc,start       ] GC(390) Pause Full (System.gc())
[22.130s][info][gc,phases,start] GC(390) Marking Phase
[22.172s][info][gc,phases      ] GC(390) Marking Phase 42.482ms
[22.172s][info][gc,phases,start] GC(390) Summary Phase
[22.172s][info][gc,phases      ] GC(390) Summary Phase 0.011ms
[22.172s][info][gc,phases,start] GC(390) Adjust Roots
[22.174s][info][gc,phases      ] GC(390) Adjust Roots 1.667ms
[22.174s][info][gc,phases,start] GC(390) Compaction Phase
[22.182s][info][gc,phases      ] GC(390) Compaction Phase 8.306ms
[22.182s][info][gc,phases,start] GC(390) Post Compact
[22.183s][info][gc,phases      ] GC(390) Post Compact 0.379ms
[22.183s][info][gc,heap        ] GC(390) PSYoungGen: 8292K(338432K)->0K(338432K) Eden: 0K(328704K)->0K(328704K) From: 8292K(9728K)->0K(9728K)
[22.183s][info][gc,heap        ] GC(390) ParOldGen: 105100K(699392K)->75856K(699392K)
[22.183s][info][gc,metaspace   ] GC(390) Metaspace: 11186K(11456K)->11186K(11456K) NonClass: 9779K(9920K)->9779K(9920K) Class: 1407K(1536K)->1407K(1536K)
[22.183s][info][gc             ] GC(390) Pause Full (System.gc()) 110M->74M(1013M) 53.134ms
[22.183s][info][gc,cpu         ] GC(390) User=0.28s Sys=0.02s Real=0.05s
[22.232s][info][gc,start       ] GC(391) Pause Young (Allocation Failure)
[22.237s][info][gc,heap        ] GC(391) PSYoungGen: 328704K(338432K)->5568K(338944K) Eden: 328704K(328704K)->0K(328704K) From: 0K(9728K)->5568K(10240K)
[22.237s][info][gc,heap        ] GC(391) ParOldGen: 75856K(699392K)->75856K(699392K)
[22.237s][info][gc,metaspace   ] GC(391) Metaspace: 11186K(11456K)->11186K(11456K) NonClass: 9779K(9920K)->9779K(9920K) Class: 1407K(1536K)->1407K(1536K)
[22.237s][info][gc             ] GC(391) Pause Young (Allocation Failure) 395M->79M(1014M) 4.591ms
[22.237s][info][gc,cpu         ] GC(391) User=0.00s Sys=0.00s Real=0.01s
[22.282s][info][gc,start       ] GC(392) Pause Young (Allocation Failure)
[22.288s][info][gc,heap        ] GC(392) PSYoungGen: 334272K(338944K)->5664K(338944K) Eden: 328704K(328704K)->0K(328704K) From: 5568K(10240K)->5664K(10240K)
[22.288s][info][gc,heap        ] GC(392) ParOldGen: 75856K(699392K)->81243K(699392K)
[22.288s][info][gc,metaspace   ] GC(392) Metaspace: 11186K(11456K)->11186K(11456K) NonClass: 9779K(9920K)->9779K(9920K) Class: 1407K(1536K)->1407K(1536K)
[22.288s][info][gc             ] GC(392) Pause Young (Allocation Failure) 400M->84M(1014M) 5.945ms
[22.288s][info][gc,cpu         ] GC(392) User=0.08s Sys=0.00s Real=0.01s
[22.335s][info][gc,start       ] GC(393) Pause Young (Allocation Failure)
[22.341s][info][gc,heap        ] GC(393) PSYoungGen: 334368K(338944K)->6563K(338944K) Eden: 328704K(328704K)->0K(328704K) From: 5664K(10240K)->6563K(10240K)
[22.341s][info][gc,heap        ] GC(393) ParOldGen: 81243K(699392K)->86395K(699392K)
[22.341s][info][gc,metaspace   ] GC(393) Metaspace: 11186K(11456K)->11186K(11456K) NonClass: 9779K(9920K)->9779K(9920K) Class: 1407K(1536K)->1407K(1536K)
[22.341s][info][gc             ] GC(393) Pause Young (Allocation Failure) 405M->90M(1014M) 5.953ms
[22.341s][info][gc,cpu         ] GC(393) User=0.00s Sys=0.00s Real=0.01s
[22.385s][info][gc,start       ] GC(394) Pause Young (Allocation Failure)
[22.391s][info][gc,heap        ] GC(394) PSYoungGen: 335267K(338944K)->5792K(339456K) Eden: 328704K(328704K)->0K(329728K) From: 6563K(10240K)->5792K(9728K)
[22.391s][info][gc,heap        ] GC(394) ParOldGen: 86395K(699392K)->92584K(699392K)
[22.391s][info][gc,metaspace   ] GC(394) Metaspace: 11186K(11456K)->11186K(11456K) NonClass: 9779K(9920K)->9779K(9920K) Class: 1407K(1536K)->1407K(1536K)
[22.391s][info][gc             ] GC(394) Pause Young (Allocation Failure) 411M->96M(1014M) 5.790ms
[22.391s][info][gc,cpu         ] GC(394) User=0.00s Sys=0.00s Real=0.00s
[22.435s][info][gc,start       ] GC(395) Pause Young (Allocation Failure)
[22.442s][info][gc,heap        ] GC(395) PSYoungGen: 335520K(339456K)->8867K(338944K) Eden: 329728K(329728K)->0K(329728K) From: 5792K(9728K)->8867K(9216K)
[22.442s][info][gc,heap        ] GC(395) ParOldGen: 92584K(699392K)->97889K(699392K)
[22.442s][info][gc,metaspace   ] GC(395) Metaspace: 11186K(11456K)->11186K(11456K) NonClass: 9779K(9920K)->9779K(9920K) Class: 1407K(1536K)->1407K(1536K)
[22.442s][info][gc             ] GC(395) Pause Young (Allocation Failure) 418M->104M(1014M) 6.402ms
[22.442s][info][gc,cpu         ] GC(395) User=0.00s Sys=0.00s Real=0.01s
[22.499s][info][gc,start       ] GC(396) Pause Young (System.gc())
[22.506s][info][gc,heap        ] GC(396) PSYoungGen: 290669K(338944K)->8376K(338944K) Eden: 281801K(329728K)->0K(328704K) From: 8867K(9216K)->8376K(10240K)
[22.506s][info][gc,heap        ] GC(396) ParOldGen: 97889K(699392K)->105028K(699392K)
[22.506s][info][gc,metaspace   ] GC(396) Metaspace: 11186K(11456K)->11186K(11456K) NonClass: 9779K(9920K)->9779K(9920K) Class: 1407K(1536K)->1407K(1536K)
[22.506s][info][gc             ] GC(396) Pause Young (System.gc()) 379M->110M(1014M) 7.586ms
[22.506s][info][gc,cpu         ] GC(396) User=0.09s Sys=0.00s Real=0.01s
[22.506s][info][gc,start       ] GC(397) Pause Full (System.gc())
[22.506s][info][gc,phases,start] GC(397) Marking Phase
[22.589s][info][gc,phases      ] GC(397) Marking Phase 82.544ms
[22.589s][info][gc,phases,start] GC(397) Summary Phase
[22.589s][info][gc,phases      ] GC(397) Summary Phase 0.010ms
[22.589s][info][gc,phases,start] GC(397) Adjust Roots
[22.591s][info][gc,phases      ] GC(397) Adjust Roots 1.676ms
[22.591s][info][gc,phases,start] GC(397) Compaction Phase
[22.599s][info][gc,phases      ] GC(397) Compaction Phase 8.267ms
[22.599s][info][gc,phases,start] GC(397) Post Compact
[22.599s][info][gc,phases      ] GC(397) Post Compact 0.399ms
[22.599s][info][gc,heap        ] GC(397) PSYoungGen: 8376K(338944K)->0K(338944K) Eden: 0K(328704K)->0K(328704K) From: 8376K(10240K)->0K(10240K)
[22.599s][info][gc,heap        ] GC(397) ParOldGen: 105028K(699392K)->75856K(699392K)
[22.599s][info][gc,metaspace   ] GC(397) Metaspace: 11186K(11456K)->11186K(11456K) NonClass: 9779K(9920K)->9779K(9920K) Class: 1407K(1536K)->1407K(1536K)
[22.599s][info][gc             ] GC(397) Pause Full (System.gc()) 110M->74M(1014M) 93.128ms
[22.599s][info][gc,cpu         ] GC(397) User=0.52s Sys=0.02s Real=0.09s
[22.646s][info][gc,start       ] GC(398) Pause Young (Allocation Failure)
[22.650s][info][gc,heap        ] GC(398) PSYoungGen: 328704K(338944K)->5600K(338944K) Eden: 328704K(328704K)->0K(328704K) From: 0K(10240K)->5600K(10240K)
[22.650s][info][gc,heap        ] GC(398) ParOldGen: 75856K(699392K)->75856K(699392K)
[22.650s][info][gc,metaspace   ] GC(398) Metaspace: 11186K(11456K)->11186K(11456K) NonClass: 9779K(9920K)->9779K(9920K) Class: 1407K(1536K)->1407K(1536K)
[22.650s][info][gc             ] GC(398) Pause Young (Allocation Failure) 395M->79M(1014M) 3.706ms
[22.650s][info][gc,cpu         ] GC(398) User=0.00s Sys=0.00s Real=0.00s
[22.694s][info][gc,start       ] GC(399) Pause Young (Allocation Failure)
[22.700s][info][gc,heap        ] GC(399) PSYoungGen: 334304K(338944K)->5803K(338944K) Eden: 328704K(328704K)->0K(328704K) From: 5600K(10240K)->5803K(10240K)
[22.700s][info][gc,heap        ] GC(399) ParOldGen: 75856K(699392K)->81097K(699392K)
[22.700s][info][gc,metaspace   ] GC(399) Metaspace: 11186K(11456K)->11186K(11456K) NonClass: 9779K(9920K)->9779K(9920K) Class: 1407K(1536K)->1407K(1536K)
[22.700s][info][gc             ] GC(399) Pause Young (Allocation Failure) 400M->84M(1014M) 5.840ms
[22.700s][info][gc,cpu         ] GC(399) User=0.00s Sys=0.00s Real=0.00s
[22.746s][info][gc,start       ] GC(400) Pause Young (Allocation Failure)
[22.751s][info][gc,heap        ] GC(400) PSYoungGen: 334507K(338944K)->6374K(338944K) Eden: 328704K(328704K)->0K(328704K) From: 5803K(10240K)->6374K(10240K)
[22.751s][info][gc,heap        ] GC(400) ParOldGen: 81097K(699392K)->86350K(699392K)
[22.751s][info][gc,metaspace   ] GC(400) Metaspace: 11186K(11456K)->11186K(11456K) NonClass: 9779K(9920K)->9779K(9920K) Class: 1407K(1536K)->1407K(1536K)
[22.751s][info][gc             ] GC(400) Pause Young (Allocation Failure) 405M->90M(1014M) 5.623ms
[22.751s][info][gc,cpu         ] GC(400) User=0.00s Sys=0.00s Real=0.00s
[22.796s][info][gc,start       ] GC(401) Pause Young (Allocation Failure)
[22.802s][info][gc,heap        ] GC(401) PSYoungGen: 335078K(338944K)->6459K(339456K) Eden: 328704K(328704K)->0K(329728K) From: 6374K(10240K)->6459K(9728K)
[22.802s][info][gc,heap        ] GC(401) ParOldGen: 86350K(699392K)->92347K(699392K)
[22.802s][info][gc,metaspace   ] GC(401) Metaspace: 11186K(11456K)->11186K(11456K) NonClass: 9779K(9920K)->9779K(9920K) Class: 1407K(1536K)->1407K(1536K)
[22.802s][info][gc             ] GC(401) Pause Young (Allocation Failure) 411M->96M(1014M) 5.747ms
[22.802s][info][gc,cpu         ] GC(401) User=0.02s Sys=0.00s Real=0.00s
[22.847s][info][gc,start       ] GC(402) Pause Young (Allocation Failure)
[22.853s][info][gc,heap        ] GC(402) PSYoungGen: 336187K(339456K)->7865K(339456K) Eden: 329728K(329728K)->0K(329728K) From: 6459K(9728K)->7865K(9728K)
[22.853s][info][gc,heap        ] GC(402) ParOldGen: 92347K(699392K)->98346K(699392K)
[22.853s][info][gc,metaspace   ] GC(402) Metaspace: 11186K(11456K)->11186K(11456K) NonClass: 9779K(9920K)->9779K(9920K) Class: 1407K(1536K)->1407K(1536K)
[22.853s][info][gc             ] GC(402) Pause Young (Allocation Failure) 418M->103M(1014M) 6.125ms
[22.853s][info][gc,cpu         ] GC(402) User=0.09s Sys=0.00s Real=0.01s
[22.912s][info][gc,start       ] GC(403) Pause Young (System.gc())
[22.920s][info][gc,heap        ] GC(403) PSYoungGen: 290213K(339456K)->9400K(337408K) Eden: 282348K(329728K)->0K(327680K) From: 7865K(9728K)->9400K(9728K)
[22.920s][info][gc,heap        ] GC(403) ParOldGen: 98346K(699392K)->104122K(699392K)
[22.920s][info][gc,metaspace   ] GC(403) Metaspace: 11186K(11456K)->11186K(11456K) NonClass: 9779K(9920K)->9779K(9920K) Class: 1407K(1536K)->1407K(1536K)
[22.920s][info][gc             ] GC(403) Pause Young (System.gc()) 379M->110M(1012M) 8.225ms
[22.920s][info][gc,cpu         ] GC(403) User=0.00s Sys=0.00s Real=0.01s
[22.920s][info][gc,start       ] GC(404) Pause Full (System.gc())
[22.920s][info][gc,phases,start] GC(404) Marking Phase
[22.961s][info][gc,phases      ] GC(404) Marking Phase 40.863ms
[22.961s][info][gc,phases,start] GC(404) Summary Phase
[22.961s][info][gc,phases      ] GC(404) Summary Phase 0.011ms
[22.961s][info][gc,phases,start] GC(404) Adjust Roots
[22.964s][info][gc,phases      ] GC(404) Adjust Roots 2.333ms
[22.964s][info][gc,phases,start] GC(404) Compaction Phase
[22.972s][info][gc,phases      ] GC(404) Compaction Phase 8.056ms
[22.972s][info][gc,phases,start] GC(404) Post Compact
[22.972s][info][gc,phases      ] GC(404) Post Compact 0.393ms
[22.972s][info][gc,heap        ] GC(404) PSYoungGen: 9400K(337408K)->0K(337408K) Eden: 0K(327680K)->0K(327680K) From: 9400K(9728K)->0K(9728K)
[22.972s][info][gc,heap        ] GC(404) ParOldGen: 104122K(699392K)->75856K(699392K)
[22.972s][info][gc,metaspace   ] GC(404) Metaspace: 11186K(11456K)->11186K(11456K) NonClass: 9779K(9920K)->9779K(9920K) Class: 1407K(1536K)->1407K(1536K)
[22.972s][info][gc             ] GC(404) Pause Full (System.gc()) 110M->74M(1012M) 51.886ms
[22.972s][info][gc,cpu         ] GC(404) User=0.28s Sys=0.00s Real=0.05s
[23.020s][info][gc,start       ] GC(405) Pause Young (Allocation Failure)
[23.023s][info][gc,heap        ] GC(405) PSYoungGen: 327680K(337408K)->5536K(338432K) Eden: 327680K(327680K)->0K(327680K) From: 0K(9728K)->5536K(10752K)
[23.023s][info][gc,heap        ] GC(405) ParOldGen: 75856K(699392K)->75856K(699392K)
[23.023s][info][gc,metaspace   ] GC(405) Metaspace: 11187K(11456K)->11187K(11456K) NonClass: 9779K(9920K)->9779K(9920K) Class: 1407K(1536K)->1407K(1536K)
[23.023s][info][gc             ] GC(405) Pause Young (Allocation Failure) 394M->79M(1013M) 3.707ms
[23.023s][info][gc,cpu         ] GC(405) User=0.09s Sys=0.00s Real=0.00s
[23.068s][info][gc,start       ] GC(406) Pause Young (Allocation Failure)
[23.074s][info][gc,heap        ] GC(406) PSYoungGen: 333216K(338432K)->5696K(338944K) Eden: 327680K(327680K)->0K(328704K) From: 5536K(10752K)->5696K(10240K)
[23.074s][info][gc,heap        ] GC(406) ParOldGen: 75856K(699392K)->81195K(699392K)
[23.074s][info][gc,metaspace   ] GC(406) Metaspace: 11187K(11456K)->11187K(11456K) NonClass: 9779K(9920K)->9779K(9920K) Class: 1407K(1536K)->1407K(1536K)
[23.074s][info][gc             ] GC(406) Pause Young (Allocation Failure) 399M->84M(1014M) 5.958ms
[23.074s][info][gc,cpu         ] GC(406) User=0.00s Sys=0.00s Real=0.00s
[23.120s][info][gc,start       ] GC(407) Pause Young (Allocation Failure)
[23.126s][info][gc,heap        ] GC(407) PSYoungGen: 334400K(338944K)->6577K(338944K) Eden: 328704K(328704K)->0K(328704K) From: 5696K(10240K)->6577K(10240K)
[23.126s][info][gc,heap        ] GC(407) ParOldGen: 81195K(699392K)->86279K(699392K)
[23.126s][info][gc,metaspace   ] GC(407) Metaspace: 11187K(11456K)->11187K(11456K) NonClass: 9779K(9920K)->9779K(9920K) Class: 1407K(1536K)->1407K(1536K)
[23.126s][info][gc             ] GC(407) Pause Young (Allocation Failure) 405M->90M(1014M) 6.216ms
[23.126s][info][gc,cpu         ] GC(407) User=0.00s Sys=0.00s Real=0.01s
[23.171s][info][gc,start       ] GC(408) Pause Young (Allocation Failure)
[23.177s][info][gc,heap        ] GC(408) PSYoungGen: 335281K(338944K)->5824K(339456K) Eden: 328704K(328704K)->0K(329216K) From: 6577K(10240K)->5824K(10240K)
[23.177s][info][gc,heap        ] GC(408) ParOldGen: 86279K(699392K)->92442K(699392K)
[23.177s][info][gc,metaspace   ] GC(408) Metaspace: 11187K(11456K)->11187K(11456K) NonClass: 9779K(9920K)->9779K(9920K) Class: 1407K(1536K)->1407K(1536K)
[23.177s][info][gc             ] GC(408) Pause Young (Allocation Failure) 411M->95M(1014M) 5.974ms
[23.177s][info][gc,cpu         ] GC(408) User=0.09s Sys=0.00s Real=0.01s
[23.224s][info][gc,start       ] GC(409) Pause Young (Allocation Failure)
[23.231s][info][gc,heap        ] GC(409) PSYoungGen: 335040K(339456K)->8840K(338944K) Eden: 329216K(329216K)->0K(329216K) From: 5824K(10240K)->8840K(9728K)
[23.231s][info][gc,heap        ] GC(409) ParOldGen: 92442K(699392K)->97793K(699392K)
[23.231s][info][gc,metaspace   ] GC(409) Metaspace: 11187K(11456K)->11187K(11456K) NonClass: 9779K(9920K)->9779K(9920K) Class: 1407K(1536K)->1407K(1536K)
[23.231s][info][gc             ] GC(409) Pause Young (Allocation Failure) 417M->104M(1014M) 7.470ms
[23.231s][info][gc,cpu         ] GC(409) User=0.00s Sys=0.00s Real=0.01s
[23.287s][info][gc,start       ] GC(410) Pause Young (System.gc())
[23.295s][info][gc,heap        ] GC(410) PSYoungGen: 295429K(338944K)->8386K(337920K) Eden: 286588K(329216K)->0K(327680K) From: 8840K(9728K)->8386K(10240K)
[23.295s][info][gc,heap        ] GC(410) ParOldGen: 97793K(699392K)->104913K(699392K)
[23.295s][info][gc,metaspace   ] GC(410) Metaspace: 11187K(11456K)->11187K(11456K) NonClass: 9779K(9920K)->9779K(9920K) Class: 1407K(1536K)->1407K(1536K)
[23.295s][info][gc             ] GC(410) Pause Young (System.gc()) 384M->110M(1013M) 7.783ms
[23.295s][info][gc,cpu         ] GC(410) User=0.00s Sys=0.00s Real=0.01s
[23.295s][info][gc,start       ] GC(411) Pause Full (System.gc())
[23.295s][info][gc,phases,start] GC(411) Marking Phase
[23.342s][info][gc,phases      ] GC(411) Marking Phase 47.238ms
[23.342s][info][gc,phases,start] GC(411) Summary Phase
[23.342s][info][gc,phases      ] GC(411) Summary Phase 0.010ms
[23.342s][info][gc,phases,start] GC(411) Adjust Roots
[23.344s][info][gc,phases      ] GC(411) Adjust Roots 1.343ms
[23.344s][info][gc,phases,start] GC(411) Compaction Phase
[23.352s][info][gc,phases      ] GC(411) Compaction Phase 7.693ms
[23.352s][info][gc,phases,start] GC(411) Post Compact
[23.352s][info][gc,phases      ] GC(411) Post Compact 0.360ms
[23.352s][info][gc,heap        ] GC(411) PSYoungGen: 8386K(337920K)->0K(337920K) Eden: 0K(327680K)->0K(327680K) From: 8386K(10240K)->0K(10240K)
[23.352s][info][gc,heap        ] GC(411) ParOldGen: 104913K(699392K)->75856K(699392K)
[23.352s][info][gc,metaspace   ] GC(411) Metaspace: 11187K(11456K)->11187K(11456K) NonClass: 9779K(9920K)->9779K(9920K) Class: 1407K(1536K)->1407K(1536K)
[23.352s][info][gc             ] GC(411) Pause Full (System.gc()) 110M->74M(1013M) 56.872ms
[23.352s][info][gc,cpu         ] GC(411) User=0.38s Sys=0.00s Real=0.06s
[23.399s][info][gc,start       ] GC(412) Pause Young (Allocation Failure)
[23.402s][info][gc,heap        ] GC(412) PSYoungGen: 327680K(337920K)->5568K(338432K) Eden: 327680K(327680K)->0K(327680K) From: 0K(10240K)->5568K(10752K)
[23.402s][info][gc,heap        ] GC(412) ParOldGen: 75856K(699392K)->75856K(699392K)
[23.402s][info][gc,metaspace   ] GC(412) Metaspace: 11187K(11456K)->11187K(11456K) NonClass: 9779K(9920K)->9779K(9920K) Class: 1407K(1536K)->1407K(1536K)
[23.402s][info][gc             ] GC(412) Pause Young (Allocation Failure) 394M->79M(1013M) 3.671ms
[23.402s][info][gc,cpu         ] GC(412) User=0.00s Sys=0.00s Real=0.00s
[23.446s][info][gc,start       ] GC(413) Pause Young (Allocation Failure)
[23.452s][info][gc,heap        ] GC(413) PSYoungGen: 333248K(338432K)->5584K(338944K) Eden: 327680K(327680K)->0K(328192K) From: 5568K(10752K)->5584K(10752K)
[23.452s][info][gc,heap        ] GC(413) ParOldGen: 75856K(699392K)->81268K(699392K)
[23.452s][info][gc,metaspace   ] GC(413) Metaspace: 11187K(11456K)->11187K(11456K) NonClass: 9779K(9920K)->9779K(9920K) Class: 1407K(1536K)->1407K(1536K)
[23.452s][info][gc             ] GC(413) Pause Young (Allocation Failure) 399M->84M(1014M) 5.712ms
[23.452s][info][gc,cpu         ] GC(413) User=0.00s Sys=0.00s Real=0.01s
[23.498s][info][gc,start       ] GC(414) Pause Young (Allocation Failure)
[23.504s][info][gc,heap        ] GC(414) PSYoungGen: 333776K(338944K)->6613K(338432K) Eden: 328192K(328192K)->0K(328192K) From: 5584K(10752K)->6613K(10240K)
[23.504s][info][gc,heap        ] GC(414) ParOldGen: 81268K(699392K)->86309K(699392K)
[23.504s][info][gc,metaspace   ] GC(414) Metaspace: 11187K(11456K)->11187K(11456K) NonClass: 9779K(9920K)->9779K(9920K) Class: 1407K(1536K)->1407K(1536K)
[23.504s][info][gc             ] GC(414) Pause Young (Allocation Failure) 405M->90M(1013M) 6.254ms
[23.504s][info][gc,cpu         ] GC(414) User=0.00s Sys=0.00s Real=0.01s
[23.548s][info][gc,start       ] GC(415) Pause Young (Allocation Failure)
[23.554s][info][gc,heap        ] GC(415) PSYoungGen: 334805K(338432K)->5856K(339456K) Eden: 328192K(328192K)->0K(329216K) From: 6613K(10240K)->5856K(10240K)
[23.554s][info][gc,heap        ] GC(415) ParOldGen: 86309K(699392K)->92508K(699392K)
[23.554s][info][gc,metaspace   ] GC(415) Metaspace: 11187K(11456K)->11187K(11456K) NonClass: 9779K(9920K)->9779K(9920K) Class: 1407K(1536K)->1407K(1536K)
[23.554s][info][gc             ] GC(415) Pause Young (Allocation Failure) 411M->96M(1014M) 5.827ms
[23.554s][info][gc,cpu         ] GC(415) User=0.09s Sys=0.00s Real=0.01s
[23.599s][info][gc,start       ] GC(416) Pause Young (Allocation Failure)
[23.605s][info][gc,heap        ] GC(416) PSYoungGen: 335072K(339456K)->8188K(338944K) Eden: 329216K(329216K)->0K(329216K) From: 5856K(10240K)->8188K(9728K)
[23.605s][info][gc,heap        ] GC(416) ParOldGen: 92508K(699392K)->97868K(699392K)
[23.605s][info][gc,metaspace   ] GC(416) Metaspace: 11187K(11456K)->11187K(11456K) NonClass: 9779K(9920K)->9779K(9920K) Class: 1407K(1536K)->1407K(1536K)
[23.605s][info][gc             ] GC(416) Pause Young (Allocation Failure) 417M->103M(1014M) 6.271ms
[23.605s][info][gc,cpu         ] GC(416) User=0.00s Sys=0.00s Real=0.01s
[23.665s][info][gc,start       ] GC(417) Pause Young (System.gc())
[23.671s][info][gc,heap        ] GC(417) PSYoungGen: 296340K(338944K)->7838K(338944K) Eden: 288152K(329216K)->0K(328704K) From: 8188K(9728K)->7838K(10240K)
[23.671s][info][gc,heap        ] GC(417) ParOldGen: 97868K(699392K)->105585K(699392K)
[23.671s][info][gc,metaspace   ] GC(417) Metaspace: 11187K(11456K)->11187K(11456K) NonClass: 9779K(9920K)->9779K(9920K) Class: 1407K(1536K)->1407K(1536K)
[23.671s][info][gc             ] GC(417) Pause Young (System.gc()) 384M->110M(1014M) 6.517ms
[23.671s][info][gc,cpu         ] GC(417) User=0.00s Sys=0.00s Real=0.01s
[23.671s][info][gc,start       ] GC(418) Pause Full (System.gc())
[23.671s][info][gc,phases,start] GC(418) Marking Phase
[23.717s][info][gc,phases      ] GC(418) Marking Phase 46.146ms
[23.717s][info][gc,phases,start] GC(418) Summary Phase
[23.717s][info][gc,phases      ] GC(418) Summary Phase 0.010ms
[23.717s][info][gc,phases,start] GC(418) Adjust Roots
[23.719s][info][gc,phases      ] GC(418) Adjust Roots 1.330ms
[23.719s][info][gc,phases,start] GC(418) Compaction Phase
[23.727s][info][gc,phases      ] GC(418) Compaction Phase 8.200ms
[23.727s][info][gc,phases,start] GC(418) Post Compact
[23.727s][info][gc,phases      ] GC(418) Post Compact 0.407ms
[23.728s][info][gc,heap        ] GC(418) PSYoungGen: 7838K(338944K)->0K(338944K) Eden: 0K(328704K)->0K(328704K) From: 7838K(10240K)->0K(10240K)
[23.728s][info][gc,heap        ] GC(418) ParOldGen: 105585K(699392K)->75856K(699392K)
[23.728s][info][gc,metaspace   ] GC(418) Metaspace: 11187K(11456K)->11187K(11456K) NonClass: 9779K(9920K)->9779K(9920K) Class: 1407K(1536K)->1407K(1536K)
[23.728s][info][gc             ] GC(418) Pause Full (System.gc()) 110M->74M(1014M) 56.332ms
[23.728s][info][gc,cpu         ] GC(418) User=0.33s Sys=0.00s Real=0.05s
[23.774s][info][gc,start       ] GC(419) Pause Young (Allocation Failure)
[23.777s][info][gc,heap        ] GC(419) PSYoungGen: 328704K(338944K)->5568K(338944K) Eden: 328704K(328704K)->0K(328704K) From: 0K(10240K)->5568K(10240K)
[23.778s][info][gc,heap        ] GC(419) ParOldGen: 75856K(699392K)->75856K(699392K)
[23.778s][info][gc,metaspace   ] GC(419) Metaspace: 11187K(11456K)->11187K(11456K) NonClass: 9779K(9920K)->9779K(9920K) Class: 1407K(1536K)->1407K(1536K)
[23.778s][info][gc             ] GC(419) Pause Young (Allocation Failure) 395M->79M(1014M) 3.903ms
[23.778s][info][gc,cpu         ] GC(419) User=0.00s Sys=0.00s Real=0.00s
[23.822s][info][gc,start       ] GC(420) Pause Young (Allocation Failure)
[23.828s][info][gc,heap        ] GC(420) PSYoungGen: 334272K(338944K)->5664K(338944K) Eden: 328704K(328704K)->0K(328704K) From: 5568K(10240K)->5664K(10240K)
[23.828s][info][gc,heap        ] GC(420) ParOldGen: 75856K(699392K)->81247K(699392K)
[23.828s][info][gc,metaspace   ] GC(420) Metaspace: 11187K(11456K)->11187K(11456K) NonClass: 9779K(9920K)->9779K(9920K) Class: 1407K(1536K)->1407K(1536K)
[23.828s][info][gc             ] GC(420) Pause Young (Allocation Failure) 400M->84M(1014M) 5.917ms
[23.828s][info][gc,cpu         ] GC(420) User=0.00s Sys=0.00s Real=0.01s
[23.873s][info][gc,start       ] GC(421) Pause Young (Allocation Failure)
[23.879s][info][gc,heap        ] GC(421) PSYoungGen: 334368K(338944K)->6658K(338944K) Eden: 328704K(328704K)->0K(328704K) From: 5664K(10240K)->6658K(10240K)
[23.879s][info][gc,heap        ] GC(421) ParOldGen: 81247K(699392K)->86404K(699392K)
[23.879s][info][gc,metaspace   ] GC(421) Metaspace: 11187K(11456K)->11187K(11456K) NonClass: 9779K(9920K)->9779K(9920K) Class: 1407K(1536K)->1407K(1536K)
[23.879s][info][gc             ] GC(421) Pause Young (Allocation Failure) 405M->90M(1014M) 6.043ms
[23.879s][info][gc,cpu         ] GC(421) User=0.00s Sys=0.00s Real=0.00s
[23.924s][info][gc,start       ] GC(422) Pause Young (Allocation Failure)
[23.929s][info][gc,heap        ] GC(422) PSYoungGen: 335362K(338944K)->6122K(339456K) Eden: 328704K(328704K)->0K(329728K) From: 6658K(10240K)->6122K(9728K)
[23.929s][info][gc,heap        ] GC(422) ParOldGen: 86404K(699392K)->92466K(699392K)
[23.929s][info][gc,metaspace   ] GC(422) Metaspace: 11187K(11456K)->11187K(11456K) NonClass: 9779K(9920K)->9779K(9920K) Class: 1407K(1536K)->1407K(1536K)
[23.930s][info][gc             ] GC(422) Pause Young (Allocation Failure) 411M->96M(1014M) 5.985ms
[23.930s][info][gc,cpu         ] GC(422) User=0.09s Sys=0.00s Real=0.01s
[23.974s][info][gc,start       ] GC(423) Pause Young (Allocation Failure)
[23.980s][info][gc,heap        ] GC(423) PSYoungGen: 335850K(339456K)->7769K(339456K) Eden: 329728K(329728K)->0K(329728K) From: 6122K(9728K)->7769K(9728K)
[23.980s][info][gc,heap        ] GC(423) ParOldGen: 92466K(699392K)->98144K(699392K)
[23.980s][info][gc,metaspace   ] GC(423) Metaspace: 11187K(11456K)->11187K(11456K) NonClass: 9779K(9920K)->9779K(9920K) Class: 1407K(1536K)->1407K(1536K)
[23.980s][info][gc             ] GC(423) Pause Young (Allocation Failure) 418M->103M(1014M) 6.060ms
[23.980s][info][gc,cpu         ] GC(423) User=0.00s Sys=0.00s Real=0.01s
[24.041s][info][gc,start       ] GC(424) Pause Young (System.gc())
[24.048s][info][gc,heap        ] GC(424) PSYoungGen: 289922K(339456K)->8303K(338432K) Eden: 282153K(329728K)->0K(328704K) From: 7769K(9728K)->8303K(9728K)
[24.048s][info][gc,heap        ] GC(424) ParOldGen: 98144K(699392K)->104921K(699392K)
[24.048s][info][gc,metaspace   ] GC(424) Metaspace: 11187K(11456K)->11187K(11456K) NonClass: 9779K(9920K)->9779K(9920K) Class: 1407K(1536K)->1407K(1536K)
[24.048s][info][gc             ] GC(424) Pause Young (System.gc()) 378M->110M(1013M) 7.228ms
[24.048s][info][gc,cpu         ] GC(424) User=0.00s Sys=0.00s Real=0.02s
[24.048s][info][gc,start       ] GC(425) Pause Full (System.gc())
[24.048s][info][gc,phases,start] GC(425) Marking Phase
[24.092s][info][gc,phases      ] GC(425) Marking Phase 43.826ms
[24.092s][info][gc,phases,start] GC(425) Summary Phase
[24.092s][info][gc,phases      ] GC(425) Summary Phase 0.010ms
[24.092s][info][gc,phases,start] GC(425) Adjust Roots
[24.093s][info][gc,phases      ] GC(425) Adjust Roots 1.329ms
[24.093s][info][gc,phases,start] GC(425) Compaction Phase
[24.101s][info][gc,phases      ] GC(425) Compaction Phase 8.029ms
[24.101s][info][gc,phases,start] GC(425) Post Compact
[24.102s][info][gc,phases      ] GC(425) Post Compact 0.360ms
[24.102s][info][gc,heap        ] GC(425) PSYoungGen: 8303K(338432K)->0K(338432K) Eden: 0K(328704K)->0K(328704K) From: 8303K(9728K)->0K(9728K)
[24.102s][info][gc,heap        ] GC(425) ParOldGen: 104921K(699392K)->75856K(699392K)
[24.102s][info][gc,metaspace   ] GC(425) Metaspace: 11187K(11456K)->11187K(11456K) NonClass: 9779K(9920K)->9779K(9920K) Class: 1407K(1536K)->1407K(1536K)
[24.102s][info][gc             ] GC(425) Pause Full (System.gc()) 110M->74M(1013M) 53.811ms
[24.102s][info][gc,cpu         ] GC(425) User=0.38s Sys=0.00s Real=0.05s
[24.149s][info][gc,start       ] GC(426) Pause Young (Allocation Failure)
[24.153s][info][gc,heap        ] GC(426) PSYoungGen: 328704K(338432K)->5568K(338944K) Eden: 328704K(328704K)->0K(328704K) From: 0K(9728K)->5568K(10240K)
[24.153s][info][gc,heap        ] GC(426) ParOldGen: 75856K(699392K)->75856K(699392K)
[24.153s][info][gc,metaspace   ] GC(426) Metaspace: 11187K(11456K)->11187K(11456K) NonClass: 9780K(9920K)->9780K(9920K) Class: 1407K(1536K)->1407K(1536K)
[24.153s][info][gc             ] GC(426) Pause Young (Allocation Failure) 395M->79M(1014M) 3.798ms
[24.153s][info][gc,cpu         ] GC(426) User=0.00s Sys=0.00s Real=0.00s
[24.197s][info][gc,start       ] GC(427) Pause Young (Allocation Failure)
[24.203s][info][gc,heap        ] GC(427) PSYoungGen: 334272K(338944K)->5696K(339456K) Eden: 328704K(328704K)->0K(329728K) From: 5568K(10240K)->5696K(9728K)
[24.203s][info][gc,heap        ] GC(427) ParOldGen: 75856K(699392K)->81198K(699392K)
[24.203s][info][gc,metaspace   ] GC(427) Metaspace: 11187K(11456K)->11187K(11456K) NonClass: 9780K(9920K)->9780K(9920K) Class: 1407K(1536K)->1407K(1536K)
[24.203s][info][gc             ] GC(427) Pause Young (Allocation Failure) 400M->84M(1014M) 6.071ms
[24.203s][info][gc,cpu         ] GC(427) User=0.00s Sys=0.00s Real=0.01s
[24.251s][info][gc,start       ] GC(428) Pause Young (Allocation Failure)
[24.259s][info][gc,heap        ] GC(428) PSYoungGen: 335424K(339456K)->6712K(339456K) Eden: 329728K(329728K)->0K(329728K) From: 5696K(9728K)->6712K(9728K)
[24.259s][info][gc,heap        ] GC(428) ParOldGen: 81198K(699392K)->86290K(699392K)
[24.259s][info][gc,metaspace   ] GC(428) Metaspace: 11187K(11456K)->11187K(11456K) NonClass: 9780K(9920K)->9780K(9920K) Class: 1407K(1536K)->1407K(1536K)
[24.259s][info][gc             ] GC(428) Pause Young (Allocation Failure) 406M->90M(1014M) 7.445ms
[24.259s][info][gc,cpu         ] GC(428) User=0.08s Sys=0.00s Real=0.01s
[24.305s][info][gc,start       ] GC(429) Pause Young (Allocation Failure)
[24.311s][info][gc,heap        ] GC(429) PSYoungGen: 336440K(339456K)->6178K(339968K) Eden: 329728K(329728K)->0K(330240K) From: 6712K(9728K)->6178K(9728K)
[24.311s][info][gc,heap        ] GC(429) ParOldGen: 86290K(699392K)->92377K(699392K)
[24.311s][info][gc,metaspace   ] GC(429) Metaspace: 11187K(11456K)->11187K(11456K) NonClass: 9780K(9920K)->9780K(9920K) Class: 1407K(1536K)->1407K(1536K)
[24.311s][info][gc             ] GC(429) Pause Young (Allocation Failure) 412M->96M(1015M) 5.940ms
[24.311s][info][gc,cpu         ] GC(429) User=0.00s Sys=0.00s Real=0.01s
[24.356s][info][gc,start       ] GC(430) Pause Young (Allocation Failure)
[24.362s][info][gc,heap        ] GC(430) PSYoungGen: 336418K(339968K)->7301K(339456K) Eden: 330240K(330240K)->0K(330240K) From: 6178K(9728K)->7301K(9216K)
[24.362s][info][gc,heap        ] GC(430) ParOldGen: 92377K(699392K)->98021K(699392K)
[24.362s][info][gc,metaspace   ] GC(430) Metaspace: 11187K(11456K)->11187K(11456K) NonClass: 9780K(9920K)->9780K(9920K) Class: 1407K(1536K)->1407K(1536K)
[24.362s][info][gc             ] GC(430) Pause Young (Allocation Failure) 418M->102M(1014M) 6.272ms
[24.362s][info][gc,cpu         ] GC(430) User=0.00s Sys=0.00s Real=0.01s
[24.414s][info][gc,start       ] GC(431) Pause Young (System.gc())
[24.421s][info][gc,heap        ] GC(431) PSYoungGen: 290323K(339456K)->8584K(338944K) Eden: 283021K(330240K)->0K(329728K) From: 7301K(9216K)->8584K(9216K)
[24.421s][info][gc,heap        ] GC(431) ParOldGen: 98021K(699392K)->104747K(699392K)
[24.421s][info][gc,metaspace   ] GC(431) Metaspace: 11192K(11456K)->11192K(11456K) NonClass: 9784K(9920K)->9784K(9920K) Class: 1407K(1536K)->1407K(1536K)
[24.421s][info][gc             ] GC(431) Pause Young (System.gc()) 379M->110M(1014M) 7.297ms
[24.421s][info][gc,cpu         ] GC(431) User=0.00s Sys=0.00s Real=0.02s
[24.421s][info][gc,start       ] GC(432) Pause Full (System.gc())
[24.421s][info][gc,phases,start] GC(432) Marking Phase
[24.466s][info][gc,phases      ] GC(432) Marking Phase 44.764ms
[24.466s][info][gc,phases,start] GC(432) Summary Phase
[24.466s][info][gc,phases      ] GC(432) Summary Phase 0.010ms
[24.466s][info][gc,phases,start] GC(432) Adjust Roots
[24.468s][info][gc,phases      ] GC(432) Adjust Roots 2.014ms
[24.468s][info][gc,phases,start] GC(432) Compaction Phase
[24.476s][info][gc,phases      ] GC(432) Compaction Phase 7.970ms
[24.476s][info][gc,phases,start] GC(432) Post Compact
[24.477s][info][gc,phases      ] GC(432) Post Compact 0.460ms
[24.477s][info][gc,heap        ] GC(432) PSYoungGen: 8584K(338944K)->0K(338944K) Eden: 0K(329728K)->0K(329728K) From: 8584K(9216K)->0K(9216K)
[24.477s][info][gc,heap        ] GC(432) ParOldGen: 104747K(699392K)->75856K(699392K)
[24.477s][info][gc,metaspace   ] GC(432) Metaspace: 11192K(11456K)->11192K(11456K) NonClass: 9784K(9920K)->9784K(9920K) Class: 1407K(1536K)->1407K(1536K)
[24.477s][info][gc             ] GC(432) Pause Full (System.gc()) 110M->74M(1014M) 55.457ms
[24.477s][info][gc,cpu         ] GC(432) User=0.34s Sys=0.00s Real=0.06s
[24.523s][info][gc,start       ] GC(433) Pause Young (Allocation Failure)
[24.527s][info][gc,heap        ] GC(433) PSYoungGen: 329728K(338944K)->5568K(339456K) Eden: 329728K(329728K)->0K(329728K) From: 0K(9216K)->5568K(9728K)
[24.527s][info][gc,heap        ] GC(433) ParOldGen: 75856K(699392K)->75856K(699392K)
[24.527s][info][gc,metaspace   ] GC(433) Metaspace: 11192K(11456K)->11192K(11456K) NonClass: 9784K(9920K)->9784K(9920K) Class: 1407K(1536K)->1407K(1536K)
[24.527s][info][gc             ] GC(433) Pause Young (Allocation Failure) 396M->79M(1014M) 3.711ms
[24.527s][info][gc,cpu         ] GC(433) User=0.00s Sys=0.00s Real=0.00s
[24.571s][info][gc,start       ] GC(434) Pause Young (Allocation Failure)
[24.577s][info][gc,heap        ] GC(434) PSYoungGen: 335296K(339456K)->5664K(339456K) Eden: 329728K(329728K)->0K(329728K) From: 5568K(9728K)->5664K(9728K)
[24.577s][info][gc,heap        ] GC(434) ParOldGen: 75856K(699392K)->81269K(699392K)
[24.577s][info][gc,metaspace   ] GC(434) Metaspace: 11192K(11456K)->11192K(11456K) NonClass: 9784K(9920K)->9784K(9920K) Class: 1407K(1536K)->1407K(1536K)
[24.577s][info][gc             ] GC(434) Pause Young (Allocation Failure) 401M->84M(1014M) 5.997ms
[24.577s][info][gc,cpu         ] GC(434) User=0.00s Sys=0.00s Real=0.01s
[24.622s][info][gc,start       ] GC(435) Pause Young (Allocation Failure)
[24.627s][info][gc,heap        ] GC(435) PSYoungGen: 335392K(339456K)->6689K(339456K) Eden: 329728K(329728K)->0K(329728K) From: 5664K(9728K)->6689K(9728K)
[24.628s][info][gc,heap        ] GC(435) ParOldGen: 81269K(699392K)->86369K(699392K)
[24.628s][info][gc,metaspace   ] GC(435) Metaspace: 11192K(11456K)->11192K(11456K) NonClass: 9784K(9920K)->9784K(9920K) Class: 1407K(1536K)->1407K(1536K)
[24.628s][info][gc             ] GC(435) Pause Young (Allocation Failure) 406M->90M(1014M) 5.883ms
[24.628s][info][gc,cpu         ] GC(435) User=0.00s Sys=0.00s Real=0.01s
[24.672s][info][gc,start       ] GC(436) Pause Young (Allocation Failure)
[24.678s][info][gc,heap        ] GC(436) PSYoungGen: 336417K(339456K)->5856K(339968K) Eden: 329728K(329728K)->0K(330752K) From: 6689K(9728K)->5856K(9216K)
[24.678s][info][gc,heap        ] GC(436) ParOldGen: 86369K(699392K)->92609K(699392K)
[24.678s][info][gc,metaspace   ] GC(436) Metaspace: 11192K(11456K)->11192K(11456K) NonClass: 9784K(9920K)->9784K(9920K) Class: 1407K(1536K)->1407K(1536K)
[24.678s][info][gc             ] GC(436) Pause Young (Allocation Failure) 412M->96M(1015M) 5.575ms
[24.678s][info][gc,cpu         ] GC(436) User=0.09s Sys=0.00s Real=0.01s
[24.723s][info][gc,start       ] GC(437) Pause Young (Allocation Failure)
[24.729s][info][gc,heap        ] GC(437) PSYoungGen: 336608K(339968K)->8661K(339456K) Eden: 330752K(330752K)->0K(330752K) From: 5856K(9216K)->8661K(8704K)
[24.730s][info][gc,heap        ] GC(437) ParOldGen: 92609K(699392K)->97931K(699392K)
[24.730s][info][gc,metaspace   ] GC(437) Metaspace: 11192K(11456K)->11192K(11456K) NonClass: 9784K(9920K)->9784K(9920K) Class: 1407K(1536K)->1407K(1536K)
[24.730s][info][gc             ] GC(437) Pause Young (Allocation Failure) 419M->104M(1014M) 6.697ms
[24.730s][info][gc,cpu         ] GC(437) User=0.09s Sys=0.00s Real=0.01s
[24.789s][info][gc,start       ] GC(438) Pause Young (System.gc())
[24.797s][info][gc,heap        ] GC(438) PSYoungGen: 288073K(339456K)->8322K(338432K) Eden: 279411K(330752K)->0K(328704K) From: 8661K(8704K)->8322K(9728K)
[24.797s][info][gc,heap        ] GC(438) ParOldGen: 97931K(699392K)->104845K(699392K)
[24.797s][info][gc,metaspace   ] GC(438) Metaspace: 11193K(11456K)->11193K(11456K) NonClass: 9786K(9920K)->9786K(9920K) Class: 1407K(1536K)->1407K(1536K)
[24.797s][info][gc             ] GC(438) Pause Young (System.gc()) 376M->110M(1013M) 7.869ms
[24.797s][info][gc,cpu         ] GC(438) User=0.00s Sys=0.00s Real=0.01s
[24.797s][info][gc,start       ] GC(439) Pause Full (System.gc())
[24.797s][info][gc,phases,start] GC(439) Marking Phase
[24.879s][info][gc,phases      ] GC(439) Marking Phase 81.725ms
[24.879s][info][gc,phases,start] GC(439) Summary Phase
[24.879s][info][gc,phases      ] GC(439) Summary Phase 0.009ms
[24.879s][info][gc,phases,start] GC(439) Adjust Roots
[24.880s][info][gc,phases      ] GC(439) Adjust Roots 1.375ms
[24.880s][info][gc,phases,start] GC(439) Compaction Phase
[24.888s][info][gc,phases      ] GC(439) Compaction Phase 7.811ms
[24.888s][info][gc,phases,start] GC(439) Post Compact
[24.889s][info][gc,phases      ] GC(439) Post Compact 0.355ms
[24.889s][info][gc,heap        ] GC(439) PSYoungGen: 8322K(338432K)->0K(338432K) Eden: 0K(328704K)->0K(328704K) From: 8322K(9728K)->0K(9728K)
[24.889s][info][gc,heap        ] GC(439) ParOldGen: 104845K(699392K)->75856K(699392K)
[24.889s][info][gc,metaspace   ] GC(439) Metaspace: 11193K(11456K)->11193K(11456K) NonClass: 9786K(9920K)->9786K(9920K) Class: 1407K(1536K)->1407K(1536K)
[24.889s][info][gc             ] GC(439) Pause Full (System.gc()) 110M->74M(1013M) 91.478ms
[24.889s][info][gc,cpu         ] GC(439) User=0.48s Sys=0.00s Real=0.09s
[24.935s][info][gc,start       ] GC(440) Pause Young (Allocation Failure)
[24.939s][info][gc,heap        ] GC(440) PSYoungGen: 328704K(338432K)->5536K(338944K) Eden: 328704K(328704K)->0K(328704K) From: 0K(9728K)->5536K(10240K)
[24.939s][info][gc,heap        ] GC(440) ParOldGen: 75856K(699392K)->75856K(699392K)
[24.939s][info][gc,metaspace   ] GC(440) Metaspace: 11194K(11456K)->11194K(11456K) NonClass: 9786K(9920K)->9786K(9920K) Class: 1407K(1536K)->1407K(1536K)
[24.939s][info][gc             ] GC(440) Pause Young (Allocation Failure) 395M->79M(1014M) 3.629ms
[24.939s][info][gc,cpu         ] GC(440) User=0.00s Sys=0.00s Real=0.00s
[24.983s][info][gc,start       ] GC(441) Pause Young (Allocation Failure)
[24.989s][info][gc,heap        ] GC(441) PSYoungGen: 334240K(338944K)->5632K(339456K) Eden: 328704K(328704K)->0K(329216K) From: 5536K(10240K)->5632K(10240K)
[24.989s][info][gc,heap        ] GC(441) ParOldGen: 75856K(699392K)->81220K(699392K)
[24.989s][info][gc,metaspace   ] GC(441) Metaspace: 11194K(11456K)->11194K(11456K) NonClass: 9786K(9920K)->9786K(9920K) Class: 1407K(1536K)->1407K(1536K)
[24.989s][info][gc             ] GC(441) Pause Young (Allocation Failure) 400M->84M(1014M) 5.942ms
[24.989s][info][gc,cpu         ] GC(441) User=0.09s Sys=0.00s Real=0.00s
[25.034s][info][gc,start       ] GC(442) Pause Young (Allocation Failure)
[25.040s][info][gc,heap        ] GC(442) PSYoungGen: 334848K(339456K)->6757K(338944K) Eden: 329216K(329216K)->0K(329216K) From: 5632K(10240K)->6757K(9728K)
[25.040s][info][gc,heap        ] GC(442) ParOldGen: 81220K(699392K)->86367K(699392K)
[25.040s][info][gc,metaspace   ] GC(442) Metaspace: 11194K(11456K)->11194K(11456K) NonClass: 9786K(9920K)->9786K(9920K) Class: 1407K(1536K)->1407K(1536K)
[25.040s][info][gc             ] GC(442) Pause Young (Allocation Failure) 406M->90M(1014M) 6.123ms
[25.040s][info][gc,cpu         ] GC(442) User=0.06s Sys=0.00s Real=0.00s
[25.085s][info][gc,start       ] GC(443) Pause Young (Allocation Failure)
[25.091s][info][gc,heap        ] GC(443) PSYoungGen: 335973K(338944K)->6768K(339968K) Eden: 329216K(329216K)->0K(330240K) From: 6757K(9728K)->6768K(9728K)
[25.091s][info][gc,heap        ] GC(443) ParOldGen: 86367K(699392K)->92224K(699392K)
[25.091s][info][gc,metaspace   ] GC(443) Metaspace: 11194K(11456K)->11194K(11456K) NonClass: 9786K(9920K)->9786K(9920K) Class: 1407K(1536K)->1407K(1536K)
[25.091s][info][gc             ] GC(443) Pause Young (Allocation Failure) 412M->96M(1015M) 5.926ms
[25.091s][info][gc,cpu         ] GC(443) User=0.00s Sys=0.00s Real=0.01s
[25.137s][info][gc,start       ] GC(444) Pause Young (Allocation Failure)
[25.143s][info][gc,heap        ] GC(444) PSYoungGen: 337008K(339968K)->8382K(339456K) Eden: 330240K(330240K)->0K(330240K) From: 6768K(9728K)->8382K(9216K)
[25.143s][info][gc,heap        ] GC(444) ParOldGen: 92224K(699392K)->97844K(699392K)
[25.143s][info][gc,metaspace   ] GC(444) Metaspace: 11194K(11456K)->11194K(11456K) NonClass: 9786K(9920K)->9786K(9920K) Class: 1407K(1536K)->1407K(1536K)
[25.143s][info][gc             ] GC(444) Pause Young (Allocation Failure) 419M->103M(1014M) 6.096ms
[25.143s][info][gc,cpu         ] GC(444) User=0.00s Sys=0.00s Real=0.01s
[25.205s][info][gc,start       ] GC(445) Pause Young (System.gc())
[25.212s][info][gc,heap        ] GC(445) PSYoungGen: 288373K(339456K)->8208K(338432K) Eden: 279991K(330240K)->0K(328704K) From: 8382K(9216K)->8208K(9728K)
[25.212s][info][gc,heap        ] GC(445) ParOldGen: 97844K(699392K)->105117K(699392K)
[25.212s][info][gc,metaspace   ] GC(445) Metaspace: 11194K(11456K)->11194K(11456K) NonClass: 9786K(9920K)->9786K(9920K) Class: 1407K(1536K)->1407K(1536K)
[25.212s][info][gc             ] GC(445) Pause Young (System.gc()) 377M->110M(1013M) 7.734ms
[25.212s][info][gc,cpu         ] GC(445) User=0.08s Sys=0.00s Real=0.01s
[25.212s][info][gc,start       ] GC(446) Pause Full (System.gc())
[25.212s][info][gc,phases,start] GC(446) Marking Phase
[25.257s][info][gc,phases      ] GC(446) Marking Phase 44.535ms
[25.257s][info][gc,phases,start] GC(446) Summary Phase
[25.257s][info][gc,phases      ] GC(446) Summary Phase 0.010ms
[25.257s][info][gc,phases,start] GC(446) Adjust Roots
[25.258s][info][gc,phases      ] GC(446) Adjust Roots 1.449ms
[25.259s][info][gc,phases,start] GC(446) Compaction Phase
[25.268s][info][gc,phases      ] GC(446) Compaction Phase 9.033ms
[25.268s][info][gc,phases,start] GC(446) Post Compact
[25.268s][info][gc,phases      ] GC(446) Post Compact 0.524ms
[25.268s][info][gc,heap        ] GC(446) PSYoungGen: 8208K(338432K)->0K(338432K) Eden: 0K(328704K)->0K(328704K) From: 8208K(9728K)->0K(9728K)
[25.268s][info][gc,heap        ] GC(446) ParOldGen: 105117K(699392K)->75856K(699392K)
[25.268s][info][gc,metaspace   ] GC(446) Metaspace: 11194K(11456K)->11194K(11456K) NonClass: 9786K(9920K)->9786K(9920K) Class: 1407K(1536K)->1407K(1536K)
[25.268s][info][gc             ] GC(446) Pause Full (System.gc()) 110M->74M(1013M) 55.873ms
[25.268s][info][gc,cpu         ] GC(446) User=0.20s Sys=0.00s Real=0.06s
[25.315s][info][gc,start       ] GC(447) Pause Young (Allocation Failure)
[25.319s][info][gc,heap        ] GC(447) PSYoungGen: 328704K(338432K)->5600K(338944K) Eden: 328704K(328704K)->0K(328704K) From: 0K(9728K)->5600K(10240K)
[25.319s][info][gc,heap        ] GC(447) ParOldGen: 75856K(699392K)->75856K(699392K)
[25.319s][info][gc,metaspace   ] GC(447) Metaspace: 11194K(11456K)->11194K(11456K) NonClass: 9786K(9920K)->9786K(9920K) Class: 1407K(1536K)->1407K(1536K)
[25.319s][info][gc             ] GC(447) Pause Young (Allocation Failure) 395M->79M(1014M) 3.689ms
[25.319s][info][gc,cpu         ] GC(447) User=0.09s Sys=0.00s Real=0.00s
[25.364s][info][gc,start       ] GC(448) Pause Young (Allocation Failure)
[25.370s][info][gc,heap        ] GC(448) PSYoungGen: 334304K(338944K)->5616K(339456K) Eden: 328704K(328704K)->0K(329216K) From: 5600K(10240K)->5616K(10240K)
[25.370s][info][gc,heap        ] GC(448) ParOldGen: 75856K(699392K)->81246K(699392K)
[25.370s][info][gc,metaspace   ] GC(448) Metaspace: 11194K(11456K)->11194K(11456K) NonClass: 9786K(9920K)->9786K(9920K) Class: 1407K(1536K)->1407K(1536K)
[25.370s][info][gc             ] GC(448) Pause Young (Allocation Failure) 400M->84M(1014M) 6.002ms
[25.370s][info][gc,cpu         ] GC(448) User=0.09s Sys=0.00s Real=0.01s
[25.414s][info][gc,start       ] GC(449) Pause Young (Allocation Failure)
[25.420s][info][gc,heap        ] GC(449) PSYoungGen: 334832K(339456K)->6705K(338944K) Eden: 329216K(329216K)->0K(329216K) From: 5616K(10240K)->6705K(9728K)
[25.420s][info][gc,heap        ] GC(449) ParOldGen: 81246K(699392K)->86354K(699392K)
[25.420s][info][gc,metaspace   ] GC(449) Metaspace: 11194K(11456K)->11194K(11456K) NonClass: 9786K(9920K)->9786K(9920K) Class: 1407K(1536K)->1407K(1536K)
[25.420s][info][gc             ] GC(449) Pause Young (Allocation Failure) 406M->90M(1014M) 6.017ms
[25.420s][info][gc,cpu         ] GC(449) User=0.00s Sys=0.00s Real=0.01s
[25.465s][info][gc,start       ] GC(450) Pause Young (Allocation Failure)
[25.471s][info][gc,heap        ] GC(450) PSYoungGen: 335921K(338944K)->6738K(339968K) Eden: 329216K(329216K)->0K(330240K) From: 6705K(9728K)->6738K(9728K)
[25.471s][info][gc,heap        ] GC(450) ParOldGen: 86354K(699392K)->92091K(699392K)
[25.471s][info][gc,metaspace   ] GC(450) Metaspace: 11194K(11456K)->11194K(11456K) NonClass: 9786K(9920K)->9786K(9920K) Class: 1407K(1536K)->1407K(1536K)
[25.471s][info][gc             ] GC(450) Pause Young (Allocation Failure) 412M->96M(1015M) 6.215ms
[25.471s][info][gc,cpu         ] GC(450) User=0.00s Sys=0.00s Real=0.01s
[25.516s][info][gc,start       ] GC(451) Pause Young (Allocation Failure)
[25.522s][info][gc,heap        ] GC(451) PSYoungGen: 336978K(339968K)->7982K(339456K) Eden: 330240K(330240K)->0K(330240K) From: 6738K(9728K)->7982K(9216K)
[25.522s][info][gc,heap        ] GC(451) ParOldGen: 92091K(699392K)->98302K(699392K)
[25.522s][info][gc,metaspace   ] GC(451) Metaspace: 11194K(11456K)->11194K(11456K) NonClass: 9786K(9920K)->9786K(9920K) Class: 1407K(1536K)->1407K(1536K)
[25.522s][info][gc             ] GC(451) Pause Young (Allocation Failure) 419M->103M(1014M) 6.483ms
[25.522s][info][gc,cpu         ] GC(451) User=0.09s Sys=0.00s Real=0.01s
[25.585s][info][gc,start       ] GC(452) Pause Young (System.gc())
[25.592s][info][gc,heap        ] GC(452) PSYoungGen: 292645K(339456K)->7571K(339456K) Eden: 284663K(330240K)->0K(329728K) From: 7982K(9216K)->7571K(9728K)
[25.592s][info][gc,heap        ] GC(452) ParOldGen: 98302K(699392K)->105486K(699392K)
[25.592s][info][gc,metaspace   ] GC(452) Metaspace: 11194K(11456K)->11194K(11456K) NonClass: 9786K(9920K)->9786K(9920K) Class: 1407K(1536K)->1407K(1536K)
[25.592s][info][gc             ] GC(452) Pause Young (System.gc()) 381M->110M(1014M) 6.729ms
[25.592s][info][gc,cpu         ] GC(452) User=0.00s Sys=0.00s Real=0.01s
[25.592s][info][gc,start       ] GC(453) Pause Full (System.gc())
[25.592s][info][gc,phases,start] GC(453) Marking Phase
[25.633s][info][gc,phases      ] GC(453) Marking Phase 40.715ms
[25.633s][info][gc,phases,start] GC(453) Summary Phase
[25.633s][info][gc,phases      ] GC(453) Summary Phase 0.049ms
[25.633s][info][gc,phases,start] GC(453) Adjust Roots
[25.634s][info][gc,phases      ] GC(453) Adjust Roots 1.405ms
[25.634s][info][gc,phases,start] GC(453) Compaction Phase
[25.642s][info][gc,phases      ] GC(453) Compaction Phase 7.818ms
[25.642s][info][gc,phases,start] GC(453) Post Compact
[25.643s][info][gc,phases      ] GC(453) Post Compact 0.374ms
[25.643s][info][gc,heap        ] GC(453) PSYoungGen: 7571K(339456K)->0K(339456K) Eden: 0K(329728K)->0K(329728K) From: 7571K(9728K)->0K(9728K)
[25.643s][info][gc,heap        ] GC(453) ParOldGen: 105486K(699392K)->75856K(699392K)
[25.643s][info][gc,metaspace   ] GC(453) Metaspace: 11194K(11456K)->11194K(11456K) NonClass: 9786K(9920K)->9786K(9920K) Class: 1407K(1536K)->1407K(1536K)
[25.643s][info][gc             ] GC(453) Pause Full (System.gc()) 110M->74M(1014M) 50.867ms
[25.643s][info][gc,cpu         ] GC(453) User=0.28s Sys=0.00s Real=0.05s
[25.689s][info][gc,start       ] GC(454) Pause Young (Allocation Failure)
[25.693s][info][gc,heap        ] GC(454) PSYoungGen: 329728K(339456K)->5664K(339456K) Eden: 329728K(329728K)->0K(329728K) From: 0K(9728K)->5664K(9728K)
[25.693s][info][gc,heap        ] GC(454) ParOldGen: 75856K(699392K)->75856K(699392K)
[25.693s][info][gc,metaspace   ] GC(454) Metaspace: 11194K(11456K)->11194K(11456K) NonClass: 9787K(9920K)->9787K(9920K) Class: 1407K(1536K)->1407K(1536K)
[25.693s][info][gc             ] GC(454) Pause Young (Allocation Failure) 396M->79M(1014M) 3.699ms
[25.693s][info][gc,cpu         ] GC(454) User=0.09s Sys=0.00s Real=0.00s
[25.737s][info][gc,start       ] GC(455) Pause Young (Allocation Failure)
[25.743s][info][gc,heap        ] GC(455) PSYoungGen: 335392K(339456K)->5648K(339456K) Eden: 329728K(329728K)->0K(329728K) From: 5664K(9728K)->5648K(9728K)
[25.743s][info][gc,heap        ] GC(455) ParOldGen: 75856K(699392K)->81300K(699392K)
[25.743s][info][gc,metaspace   ] GC(455) Metaspace: 11194K(11456K)->11194K(11456K) NonClass: 9787K(9920K)->9787K(9920K) Class: 1407K(1536K)->1407K(1536K)
[25.744s][info][gc             ] GC(455) Pause Young (Allocation Failure) 401M->84M(1014M) 6.003ms
[25.744s][info][gc,cpu         ] GC(455) User=0.09s Sys=0.00s Real=0.00s
[25.789s][info][gc,start       ] GC(456) Pause Young (Allocation Failure)
[25.795s][info][gc,heap        ] GC(456) PSYoungGen: 335376K(339456K)->6587K(339456K) Eden: 329728K(329728K)->0K(329728K) From: 5648K(9728K)->6587K(9728K)
[25.795s][info][gc,heap        ] GC(456) ParOldGen: 81300K(699392K)->86421K(699392K)
[25.795s][info][gc,metaspace   ] GC(456) Metaspace: 11194K(11456K)->11194K(11456K) NonClass: 9787K(9920K)->9787K(9920K) Class: 1407K(1536K)->1407K(1536K)
[25.795s][info][gc             ] GC(456) Pause Young (Allocation Failure) 406M->90M(1014M) 6.082ms
[25.795s][info][gc,cpu         ] GC(456) User=0.00s Sys=0.00s Real=0.01s
[25.840s][info][gc,start       ] GC(457) Pause Young (Allocation Failure)
[25.846s][info][gc,heap        ] GC(457) PSYoungGen: 336315K(339456K)->5824K(339968K) Eden: 329728K(329728K)->0K(330752K) From: 6587K(9728K)->5824K(9216K)
[25.846s][info][gc,heap        ] GC(457) ParOldGen: 86421K(699392K)->92617K(699392K)
[25.846s][info][gc,metaspace   ] GC(457) Metaspace: 11194K(11456K)->11194K(11456K) NonClass: 9787K(9920K)->9787K(9920K) Class: 1407K(1536K)->1407K(1536K)
[25.846s][info][gc             ] GC(457) Pause Young (Allocation Failure) 412M->96M(1015M) 5.891ms
[25.846s][info][gc,cpu         ] GC(457) User=0.00s Sys=0.00s Real=0.01s
[25.890s][info][gc,start       ] GC(458) Pause Young (Allocation Failure)
[25.896s][info][gc,heap        ] GC(458) PSYoungGen: 336576K(339968K)->8848K(339968K) Eden: 330752K(330752K)->0K(330752K) From: 5824K(9216K)->8848K(9216K)
[25.897s][info][gc,heap        ] GC(458) ParOldGen: 92617K(699392K)->97960K(699392K)
[25.897s][info][gc,metaspace   ] GC(458) Metaspace: 11194K(11456K)->11194K(11456K) NonClass: 9787K(9920K)->9787K(9920K) Class: 1407K(1536K)->1407K(1536K)
[25.897s][info][gc             ] GC(458) Pause Young (Allocation Failure) 419M->104M(1015M) 6.320ms
[25.897s][info][gc,cpu         ] GC(458) User=0.09s Sys=0.00s Real=0.01s
[25.953s][info][gc,start       ] GC(459) Pause Young (System.gc())
[25.959s][info][gc,heap        ] GC(459) PSYoungGen: 286203K(339968K)->7424K(338944K) Eden: 277355K(330752K)->0K(329728K) From: 8848K(9216K)->7424K(9216K)
[25.959s][info][gc,heap        ] GC(459) ParOldGen: 97960K(699392K)->105955K(699392K)
[25.959s][info][gc,metaspace   ] GC(459) Metaspace: 11197K(11456K)->11197K(11456K) NonClass: 9789K(9920K)->9789K(9920K) Class: 1407K(1536K)->1407K(1536K)
[25.959s][info][gc             ] GC(459) Pause Young (System.gc()) 375M->110M(1014M) 6.790ms
[25.959s][info][gc,cpu         ] GC(459) User=0.09s Sys=0.00s Real=0.01s
[25.959s][info][gc,start       ] GC(460) Pause Full (System.gc())
[25.959s][info][gc,phases,start] GC(460) Marking Phase
[26.011s][info][gc,phases      ] GC(460) Marking Phase 51.920ms
[26.011s][info][gc,phases,start] GC(460) Summary Phase
[26.011s][info][gc,phases      ] GC(460) Summary Phase 0.010ms
[26.011s][info][gc,phases,start] GC(460) Adjust Roots
[26.013s][info][gc,phases      ] GC(460) Adjust Roots 1.353ms
[26.013s][info][gc,phases,start] GC(460) Compaction Phase
[26.020s][info][gc,phases      ] GC(460) Compaction Phase 7.701ms
[26.021s][info][gc,phases,start] GC(460) Post Compact
[26.021s][info][gc,phases      ] GC(460) Post Compact 0.363ms
[26.021s][info][gc,heap        ] GC(460) PSYoungGen: 7424K(338944K)->0K(338944K) Eden: 0K(329728K)->0K(329728K) From: 7424K(9216K)->0K(9216K)
[26.021s][info][gc,heap        ] GC(460) ParOldGen: 105955K(699392K)->75856K(699392K)
[26.021s][info][gc,metaspace   ] GC(460) Metaspace: 11197K(11456K)->11197K(11456K) NonClass: 9789K(9920K)->9789K(9920K) Class: 1407K(1536K)->1407K(1536K)
[26.021s][info][gc             ] GC(460) Pause Full (System.gc()) 110M->74M(1014M) 61.568ms
[26.021s][info][gc,cpu         ] GC(460) User=0.31s Sys=0.00s Real=0.06s
[26.068s][info][gc,start       ] GC(461) Pause Young (Allocation Failure)
[26.071s][info][gc,heap        ] GC(461) PSYoungGen: 329728K(338944K)->5568K(339456K) Eden: 329728K(329728K)->0K(329728K) From: 0K(9216K)->5568K(9728K)
[26.071s][info][gc,heap        ] GC(461) ParOldGen: 75856K(699392K)->75856K(699392K)
[26.071s][info][gc,metaspace   ] GC(461) Metaspace: 11197K(11456K)->11197K(11456K) NonClass: 9789K(9920K)->9789K(9920K) Class: 1407K(1536K)->1407K(1536K)
[26.071s][info][gc             ] GC(461) Pause Young (Allocation Failure) 396M->79M(1014M) 3.623ms
[26.071s][info][gc,cpu         ] GC(461) User=0.00s Sys=0.00s Real=0.00s
[26.117s][info][gc,start       ] GC(462) Pause Young (Allocation Failure)
[26.123s][info][gc,heap        ] GC(462) PSYoungGen: 335296K(339456K)->5648K(339456K) Eden: 329728K(329728K)->0K(329728K) From: 5568K(9728K)->5648K(9728K)
[26.123s][info][gc,heap        ] GC(462) ParOldGen: 75856K(699392K)->81266K(699392K)
[26.123s][info][gc,metaspace   ] GC(462) Metaspace: 11197K(11456K)->11197K(11456K) NonClass: 9789K(9920K)->9789K(9920K) Class: 1407K(1536K)->1407K(1536K)
[26.123s][info][gc             ] GC(462) Pause Young (Allocation Failure) 401M->84M(1014M) 5.862ms
[26.123s][info][gc,cpu         ] GC(462) User=0.00s Sys=0.00s Real=0.01s
[26.169s][info][gc,start       ] GC(463) Pause Young (Allocation Failure)
[26.175s][info][gc,heap        ] GC(463) PSYoungGen: 335376K(339456K)->7116K(339456K) Eden: 329728K(329728K)->0K(329728K) From: 5648K(9728K)->7116K(9728K)
[26.175s][info][gc,heap        ] GC(463) ParOldGen: 81266K(699392K)->86365K(699392K)
[26.175s][info][gc,metaspace   ] GC(463) Metaspace: 11197K(11456K)->11197K(11456K) NonClass: 9789K(9920K)->9789K(9920K) Class: 1407K(1536K)->1407K(1536K)
[26.175s][info][gc             ] GC(463) Pause Young (Allocation Failure) 406M->91M(1014M) 6.127ms
[26.175s][info][gc,cpu         ] GC(463) User=0.00s Sys=0.00s Real=0.01s
[26.222s][info][gc,start       ] GC(464) Pause Young (Allocation Failure)
[26.228s][info][gc,heap        ] GC(464) PSYoungGen: 336844K(339456K)->5824K(339968K) Eden: 329728K(329728K)->0K(330240K) From: 7116K(9728K)->5824K(9728K)
[26.228s][info][gc,heap        ] GC(464) ParOldGen: 86365K(699392K)->93084K(699392K)
[26.228s][info][gc,metaspace   ] GC(464) Metaspace: 11197K(11456K)->11197K(11456K) NonClass: 9789K(9920K)->9789K(9920K) Class: 1407K(1536K)->1407K(1536K)
[26.228s][info][gc             ] GC(464) Pause Young (Allocation Failure) 413M->96M(1015M) 6.119ms
[26.228s][info][gc,cpu         ] GC(464) User=0.09s Sys=0.00s Real=0.01s
[26.274s][info][gc,start       ] GC(465) Pause Young (Allocation Failure)
[26.281s][info][gc,heap        ] GC(465) PSYoungGen: 336064K(339968K)->8012K(339456K) Eden: 330240K(330240K)->0K(330240K) From: 5824K(9728K)->8012K(9216K)
[26.281s][info][gc,heap        ] GC(465) ParOldGen: 93084K(699392K)->98363K(699392K)
[26.281s][info][gc,metaspace   ] GC(465) Metaspace: 11197K(11456K)->11197K(11456K) NonClass: 9789K(9920K)->9789K(9920K) Class: 1407K(1536K)->1407K(1536K)
[26.281s][info][gc             ] GC(465) Pause Young (Allocation Failure) 419M->103M(1014M) 6.234ms
[26.281s][info][gc,cpu         ] GC(465) User=0.00s Sys=0.00s Real=0.01s
[26.340s][info][gc,start       ] GC(466) Pause Young (System.gc())
[26.347s][info][gc,heap        ] GC(466) PSYoungGen: 284817K(339456K)->7938K(339456K) Eden: 276805K(330240K)->0K(329728K) From: 8012K(9216K)->7938K(9728K)
[26.347s][info][gc,heap        ] GC(466) ParOldGen: 98363K(699392K)->105346K(699392K)
[26.347s][info][gc,metaspace   ] GC(466) Metaspace: 11197K(11456K)->11197K(11456K) NonClass: 9789K(9920K)->9789K(9920K) Class: 1407K(1536K)->1407K(1536K)
[26.347s][info][gc             ] GC(466) Pause Young (System.gc()) 374M->110M(1014M) 7.257ms
[26.347s][info][gc,cpu         ] GC(466) User=0.00s Sys=0.00s Real=0.01s
[26.347s][info][gc,start       ] GC(467) Pause Full (System.gc())
[26.347s][info][gc,phases,start] GC(467) Marking Phase
[26.392s][info][gc,phases      ] GC(467) Marking Phase 45.208ms
[26.392s][info][gc,phases,start] GC(467) Summary Phase
[26.392s][info][gc,phases      ] GC(467) Summary Phase 0.011ms
[26.392s][info][gc,phases,start] GC(467) Adjust Roots
[26.394s][info][gc,phases      ] GC(467) Adjust Roots 1.361ms
[26.394s][info][gc,phases,start] GC(467) Compaction Phase
[26.401s][info][gc,phases      ] GC(467) Compaction Phase 7.705ms
[26.401s][info][gc,phases,start] GC(467) Post Compact
[26.402s][info][gc,phases      ] GC(467) Post Compact 0.356ms
[26.402s][info][gc,heap        ] GC(467) PSYoungGen: 7938K(339456K)->0K(339456K) Eden: 0K(329728K)->0K(329728K) From: 7938K(9728K)->0K(9728K)
[26.402s][info][gc,heap        ] GC(467) ParOldGen: 105346K(699392K)->75856K(699392K)
[26.402s][info][gc,metaspace   ] GC(467) Metaspace: 11197K(11456K)->11197K(11456K) NonClass: 9789K(9920K)->9789K(9920K) Class: 1407K(1536K)->1407K(1536K)
[26.402s][info][gc             ] GC(467) Pause Full (System.gc()) 110M->74M(1014M) 54.857ms
[26.402s][info][gc,cpu         ] GC(467) User=0.38s Sys=0.00s Real=0.05s
[26.448s][info][gc,start       ] GC(468) Pause Young (Allocation Failure)
[26.452s][info][gc,heap        ] GC(468) PSYoungGen: 329728K(339456K)->5600K(339456K) Eden: 329728K(329728K)->0K(329728K) From: 0K(9728K)->5600K(9728K)
[26.452s][info][gc,heap        ] GC(468) ParOldGen: 75856K(699392K)->75856K(699392K)
[26.452s][info][gc,metaspace   ] GC(468) Metaspace: 11197K(11456K)->11197K(11456K) NonClass: 9789K(9920K)->9789K(9920K) Class: 1407K(1536K)->1407K(1536K)
[26.452s][info][gc             ] GC(468) Pause Young (Allocation Failure) 396M->79M(1014M) 3.670ms
[26.452s][info][gc,cpu         ] GC(468) User=0.00s Sys=0.00s Real=0.00s
[26.497s][info][gc,start       ] GC(469) Pause Young (Allocation Failure)
[26.503s][info][gc,heap        ] GC(469) PSYoungGen: 335328K(339456K)->5744K(339456K) Eden: 329728K(329728K)->0K(329728K) From: 5600K(9728K)->5744K(9728K)
[26.503s][info][gc,heap        ] GC(469) ParOldGen: 75856K(699392K)->81274K(699392K)
[26.503s][info][gc,metaspace   ] GC(469) Metaspace: 11197K(11456K)->11197K(11456K) NonClass: 9789K(9920K)->9789K(9920K) Class: 1407K(1536K)->1407K(1536K)
[26.503s][info][gc             ] GC(469) Pause Young (Allocation Failure) 401M->84M(1014M) 6.027ms
[26.503s][info][gc,cpu         ] GC(469) User=0.00s Sys=0.00s Real=0.01s
[26.548s][info][gc,start       ] GC(470) Pause Young (Allocation Failure)
[26.554s][info][gc,heap        ] GC(470) PSYoungGen: 335472K(339456K)->6739K(339456K) Eden: 329728K(329728K)->0K(329728K) From: 5744K(9728K)->6739K(9728K)
[26.554s][info][gc,heap        ] GC(470) ParOldGen: 81274K(699392K)->86363K(699392K)
[26.554s][info][gc,metaspace   ] GC(470) Metaspace: 11197K(11456K)->11197K(11456K) NonClass: 9789K(9920K)->9789K(9920K) Class: 1407K(1536K)->1407K(1536K)
[26.554s][info][gc             ] GC(470) Pause Young (Allocation Failure) 406M->90M(1014M) 6.075ms
[26.554s][info][gc,cpu         ] GC(470) User=0.09s Sys=0.00s Real=0.01s
[26.598s][info][gc,start       ] GC(471) Pause Young (Allocation Failure)
[26.604s][info][gc,heap        ] GC(471) PSYoungGen: 336467K(339456K)->6087K(339968K) Eden: 329728K(329728K)->0K(330752K) From: 6739K(9728K)->6087K(9216K)
[26.604s][info][gc,heap        ] GC(471) ParOldGen: 86363K(699392K)->92505K(699392K)
[26.604s][info][gc,metaspace   ] GC(471) Metaspace: 11197K(11456K)->11197K(11456K) NonClass: 9789K(9920K)->9789K(9920K) Class: 1407K(1536K)->1407K(1536K)
[26.604s][info][gc             ] GC(471) Pause Young (Allocation Failure) 412M->96M(1015M) 5.918ms
[26.604s][info][gc,cpu         ] GC(471) User=0.00s Sys=0.00s Real=0.01s
[26.649s][info][gc,start       ] GC(472) Pause Young (Allocation Failure)
[26.655s][info][gc,heap        ] GC(472) PSYoungGen: 336839K(339968K)->8032K(338944K) Eden: 330752K(330752K)->0K(330752K) From: 6087K(9216K)->8032K(8192K)
[26.655s][info][gc,heap        ] GC(472) ParOldGen: 92505K(699392K)->98035K(699392K)
[26.655s][info][gc,metaspace   ] GC(472) Metaspace: 11197K(11456K)->11197K(11456K) NonClass: 9789K(9920K)->9789K(9920K) Class: 1407K(1536K)->1407K(1536K)
[26.655s][info][gc             ] GC(472) Pause Young (Allocation Failure) 419M->103M(1014M) 6.312ms
[26.655s][info][gc,cpu         ] GC(472) User=0.00s Sys=0.00s Real=0.01s
[26.718s][info][gc,start       ] GC(473) Pause Young (System.gc())
[26.725s][info][gc,heap        ] GC(473) PSYoungGen: 287485K(338944K)->8320K(339456K) Eden: 279453K(330752K)->0K(329728K) From: 8032K(8192K)->8320K(9728K)
[26.725s][info][gc,heap        ] GC(473) ParOldGen: 98035K(699392K)->104965K(699392K)
[26.725s][info][gc,metaspace   ] GC(473) Metaspace: 11197K(11456K)->11197K(11456K) NonClass: 9789K(9920K)->9789K(9920K) Class: 1407K(1536K)->1407K(1536K)
[26.725s][info][gc             ] GC(473) Pause Young (System.gc()) 376M->110M(1014M) 6.968ms
[26.725s][info][gc,cpu         ] GC(473) User=0.09s Sys=0.00s Real=0.02s
[26.725s][info][gc,start       ] GC(474) Pause Full (System.gc())
[26.725s][info][gc,phases,start] GC(474) Marking Phase
[26.783s][info][gc,phases      ] GC(474) Marking Phase 57.704ms
[26.783s][info][gc,phases,start] GC(474) Summary Phase
[26.783s][info][gc,phases      ] GC(474) Summary Phase 0.010ms
[26.783s][info][gc,phases,start] GC(474) Adjust Roots
[26.784s][info][gc,phases      ] GC(474) Adjust Roots 1.310ms
[26.784s][info][gc,phases,start] GC(474) Compaction Phase
[26.792s][info][gc,phases      ] GC(474) Compaction Phase 8.351ms
[26.792s][info][gc,phases,start] GC(474) Post Compact
[26.793s][info][gc,phases      ] GC(474) Post Compact 0.382ms
[26.793s][info][gc,heap        ] GC(474) PSYoungGen: 8320K(339456K)->0K(339456K) Eden: 0K(329728K)->0K(329728K) From: 8320K(9728K)->0K(9728K)
[26.793s][info][gc,heap        ] GC(474) ParOldGen: 104965K(699392K)->75856K(699392K)
[26.793s][info][gc,metaspace   ] GC(474) Metaspace: 11197K(11456K)->11197K(11456K) NonClass: 9789K(9920K)->9789K(9920K) Class: 1407K(1536K)->1407K(1536K)
[26.793s][info][gc             ] GC(474) Pause Full (System.gc()) 110M->74M(1014M) 67.985ms
[26.793s][info][gc,cpu         ] GC(474) User=0.36s Sys=0.00s Real=0.07s
[26.839s][info][gc,start       ] GC(475) Pause Young (Allocation Failure)
[26.843s][info][gc,heap        ] GC(475) PSYoungGen: 329728K(339456K)->5568K(339456K) Eden: 329728K(329728K)->0K(329728K) From: 0K(9728K)->5568K(9728K)
[26.843s][info][gc,heap        ] GC(475) ParOldGen: 75856K(699392K)->75856K(699392K)
[26.843s][info][gc,metaspace   ] GC(475) Metaspace: 11197K(11456K)->11197K(11456K) NonClass: 9789K(9920K)->9789K(9920K) Class: 1407K(1536K)->1407K(1536K)
[26.843s][info][gc             ] GC(475) Pause Young (Allocation Failure) 396M->79M(1014M) 4.010ms
[26.843s][info][gc,cpu         ] GC(475) User=0.00s Sys=0.00s Real=0.00s
[26.888s][info][gc,start       ] GC(476) Pause Young (Allocation Failure)
[26.894s][info][gc,heap        ] GC(476) PSYoungGen: 335296K(339456K)->5712K(339456K) Eden: 329728K(329728K)->0K(329728K) From: 5568K(9728K)->5712K(9728K)
[26.894s][info][gc,heap        ] GC(476) ParOldGen: 75856K(699392K)->81250K(699392K)
[26.894s][info][gc,metaspace   ] GC(476) Metaspace: 11197K(11456K)->11197K(11456K) NonClass: 9789K(9920K)->9789K(9920K) Class: 1407K(1536K)->1407K(1536K)
[26.894s][info][gc             ] GC(476) Pause Young (Allocation Failure) 401M->84M(1014M) 5.981ms
[26.894s][info][gc,cpu         ] GC(476) User=0.00s Sys=0.00s Real=0.00s
[26.939s][info][gc,start       ] GC(477) Pause Young (Allocation Failure)
[26.945s][info][gc,heap        ] GC(477) PSYoungGen: 335440K(339456K)->6655K(339456K) Eden: 329728K(329728K)->0K(329728K) From: 5712K(9728K)->6655K(9728K)
[26.945s][info][gc,heap        ] GC(477) ParOldGen: 81250K(699392K)->86350K(699392K)
[26.945s][info][gc,metaspace   ] GC(477) Metaspace: 11197K(11456K)->11197K(11456K) NonClass: 9789K(9920K)->9789K(9920K) Class: 1407K(1536K)->1407K(1536K)
[26.945s][info][gc             ] GC(477) Pause Young (Allocation Failure) 406M->90M(1014M) 6.156ms
[26.945s][info][gc,cpu         ] GC(477) User=0.09s Sys=0.00s Real=0.01s
[26.989s][info][gc,start       ] GC(478) Pause Young (Allocation Failure)
[26.995s][info][gc,heap        ] GC(478) PSYoungGen: 336383K(339456K)->5856K(339968K) Eden: 329728K(329728K)->0K(330752K) From: 6655K(9728K)->5856K(9216K)
[26.997s][info][gc,heap        ] GC(478) ParOldGen: 86350K(699392K)->92570K(699392K)
[26.997s][info][gc,metaspace   ] GC(478) Metaspace: 11197K(11456K)->11197K(11456K) NonClass: 9789K(9920K)->9789K(9920K) Class: 1407K(1536K)->1407K(1536K)
[26.997s][info][gc             ] GC(478) Pause Young (Allocation Failure) 412M->96M(1015M) 7.966ms
[26.997s][info][gc,cpu         ] GC(478) User=0.00s Sys=0.00s Real=0.01s
[27.042s][info][gc,start       ] GC(479) Pause Young (Allocation Failure)
[27.049s][info][gc,heap        ] GC(479) PSYoungGen: 336608K(339968K)->8918K(339968K) Eden: 330752K(330752K)->0K(330752K) From: 5856K(9216K)->8918K(9216K)
[27.049s][info][gc,heap        ] GC(479) ParOldGen: 92570K(699392K)->97905K(699392K)
[27.049s][info][gc,metaspace   ] GC(479) Metaspace: 11197K(11456K)->11197K(11456K) NonClass: 9789K(9920K)->9789K(9920K) Class: 1407K(1536K)->1407K(1536K)
[27.049s][info][gc             ] GC(479) Pause Young (Allocation Failure) 419M->104M(1015M) 6.472ms
[27.049s][info][gc,cpu         ] GC(479) User=0.00s Sys=0.00s Real=0.01s
[27.106s][info][gc,start       ] GC(480) Pause Young (System.gc())
[27.113s][info][gc,heap        ] GC(480) PSYoungGen: 287043K(339968K)->8270K(337920K) Eden: 278124K(330752K)->0K(328704K) From: 8918K(9216K)->8270K(9216K)
[27.113s][info][gc,heap        ] GC(480) ParOldGen: 97905K(699392K)->105050K(699392K)
[27.113s][info][gc,metaspace   ] GC(480) Metaspace: 11197K(11456K)->11197K(11456K) NonClass: 9789K(9920K)->9789K(9920K) Class: 1407K(1536K)->1407K(1536K)
[27.113s][info][gc             ] GC(480) Pause Young (System.gc()) 375M->110M(1013M) 7.289ms
[27.113s][info][gc,cpu         ] GC(480) User=0.00s Sys=0.00s Real=0.01s
[27.113s][info][gc,start       ] GC(481) Pause Full (System.gc())
[27.113s][info][gc,phases,start] GC(481) Marking Phase
[27.155s][info][gc,phases      ] GC(481) Marking Phase 41.259ms
[27.155s][info][gc,phases,start] GC(481) Summary Phase
[27.155s][info][gc,phases      ] GC(481) Summary Phase 0.014ms
[27.155s][info][gc,phases,start] GC(481) Adjust Roots
[27.156s][info][gc,phases      ] GC(481) Adjust Roots 1.336ms
[27.156s][info][gc,phases,start] GC(481) Compaction Phase
[27.164s][info][gc,phases      ] GC(481) Compaction Phase 8.098ms
[27.164s][info][gc,phases,start] GC(481) Post Compact
[27.165s][info][gc,phases      ] GC(481) Post Compact 0.379ms
[27.165s][info][gc,heap        ] GC(481) PSYoungGen: 8270K(337920K)->0K(337920K) Eden: 0K(328704K)->0K(328704K) From: 8270K(9216K)->0K(9216K)
[27.165s][info][gc,heap        ] GC(481) ParOldGen: 105050K(699392K)->75856K(699392K)
[27.165s][info][gc,metaspace   ] GC(481) Metaspace: 11197K(11456K)->11197K(11456K) NonClass: 9789K(9920K)->9789K(9920K) Class: 1407K(1536K)->1407K(1536K)
[27.165s][info][gc             ] GC(481) Pause Full (System.gc()) 110M->74M(1013M) 51.349ms
[27.165s][info][gc,cpu         ] GC(481) User=0.38s Sys=0.00s Real=0.05s
[27.214s][info][gc,start       ] GC(482) Pause Young (Allocation Failure)
[27.218s][info][gc,heap        ] GC(482) PSYoungGen: 328704K(337920K)->5600K(338944K) Eden: 328704K(328704K)->0K(328704K) From: 0K(9216K)->5600K(10240K)
[27.218s][info][gc,heap        ] GC(482) ParOldGen: 75856K(699392K)->75856K(699392K)
[27.218s][info][gc,metaspace   ] GC(482) Metaspace: 11197K(11456K)->11197K(11456K) NonClass: 9789K(9920K)->9789K(9920K) Class: 1407K(1536K)->1407K(1536K)
[27.218s][info][gc             ] GC(482) Pause Young (Allocation Failure) 395M->79M(1014M) 4.140ms
[27.218s][info][gc,cpu         ] GC(482) User=0.00s Sys=0.00s Real=0.00s
[27.263s][info][gc,start       ] GC(483) Pause Young (Allocation Failure)
[27.269s][info][gc,heap        ] GC(483) PSYoungGen: 334304K(338944K)->5728K(338944K) Eden: 328704K(328704K)->0K(328704K) From: 5600K(10240K)->5728K(10240K)
[27.269s][info][gc,heap        ] GC(483) ParOldGen: 75856K(699392K)->81211K(699392K)
[27.269s][info][gc,metaspace   ] GC(483) Metaspace: 11197K(11456K)->11197K(11456K) NonClass: 9789K(9920K)->9789K(9920K) Class: 1407K(1536K)->1407K(1536K)
[27.269s][info][gc             ] GC(483) Pause Young (Allocation Failure) 400M->84M(1014M) 5.890ms
[27.269s][info][gc,cpu         ] GC(483) User=0.00s Sys=0.00s Real=0.00s
[27.316s][info][gc,start       ] GC(484) Pause Young (Allocation Failure)
[27.322s][info][gc,heap        ] GC(484) PSYoungGen: 334432K(338944K)->6609K(338944K) Eden: 328704K(328704K)->0K(328704K) From: 5728K(10240K)->6609K(10240K)
[27.322s][info][gc,heap        ] GC(484) ParOldGen: 81211K(699392K)->86316K(699392K)
[27.322s][info][gc,metaspace   ] GC(484) Metaspace: 11197K(11456K)->11197K(11456K) NonClass: 9789K(9920K)->9789K(9920K) Class: 1407K(1536K)->1407K(1536K)
[27.322s][info][gc             ] GC(484) Pause Young (Allocation Failure) 405M->90M(1014M) 6.191ms
[27.322s][info][gc,cpu         ] GC(484) User=0.09s Sys=0.00s Real=0.01s
[27.367s][info][gc,start       ] GC(485) Pause Young (Allocation Failure)
[27.373s][info][gc,heap        ] GC(485) PSYoungGen: 335313K(338944K)->5776K(339456K) Eden: 328704K(328704K)->0K(329728K) From: 6609K(10240K)->5776K(9728K)
[27.373s][info][gc,heap        ] GC(485) ParOldGen: 86316K(699392K)->92567K(699392K)
[27.373s][info][gc,metaspace   ] GC(485) Metaspace: 11197K(11456K)->11197K(11456K) NonClass: 9789K(9920K)->9789K(9920K) Class: 1407K(1536K)->1407K(1536K)
[27.373s][info][gc             ] GC(485) Pause Young (Allocation Failure) 411M->96M(1014M) 5.764ms
[27.373s][info][gc,cpu         ] GC(485) User=0.00s Sys=0.00s Real=0.00s
[27.418s][info][gc,start       ] GC(486) Pause Young (Allocation Failure)
[27.424s][info][gc,heap        ] GC(486) PSYoungGen: 335504K(339456K)->8867K(338944K) Eden: 329728K(329728K)->0K(329728K) From: 5776K(9728K)->8867K(9216K)
[27.424s][info][gc,heap        ] GC(486) ParOldGen: 92567K(699392K)->97871K(699392K)
[27.424s][info][gc,metaspace   ] GC(486) Metaspace: 11197K(11456K)->11197K(11456K) NonClass: 9789K(9920K)->9789K(9920K) Class: 1407K(1536K)->1407K(1536K)
[27.424s][info][gc             ] GC(486) Pause Young (Allocation Failure) 418M->104M(1014M) 6.478ms
[27.424s][info][gc,cpu         ] GC(486) User=0.00s Sys=0.00s Real=0.01s
[27.478s][info][gc,start       ] GC(487) Pause Young (System.gc())
[27.485s][info][gc,heap        ] GC(487) PSYoungGen: 290694K(338944K)->8382K(338944K) Eden: 281827K(329728K)->0K(328704K) From: 8867K(9216K)->8382K(10240K)
[27.485s][info][gc,heap        ] GC(487) ParOldGen: 97871K(699392K)->104999K(699392K)
[27.485s][info][gc,metaspace   ] GC(487) Metaspace: 11197K(11456K)->11197K(11456K) NonClass: 9789K(9920K)->9789K(9920K) Class: 1407K(1536K)->1407K(1536K)
[27.485s][info][gc             ] GC(487) Pause Young (System.gc()) 379M->110M(1014M) 7.328ms
[27.485s][info][gc,cpu         ] GC(487) User=0.00s Sys=0.00s Real=0.01s
[27.485s][info][gc,start       ] GC(488) Pause Full (System.gc())
[27.485s][info][gc,phases,start] GC(488) Marking Phase
[27.529s][info][gc,phases      ] GC(488) Marking Phase 43.652ms
[27.529s][info][gc,phases,start] GC(488) Summary Phase
[27.529s][info][gc,phases      ] GC(488) Summary Phase 0.010ms
[27.529s][info][gc,phases,start] GC(488) Adjust Roots
[27.530s][info][gc,phases      ] GC(488) Adjust Roots 1.365ms
[27.530s][info][gc,phases,start] GC(488) Compaction Phase
[27.538s][info][gc,phases      ] GC(488) Compaction Phase 8.038ms
[27.539s][info][gc,phases,start] GC(488) Post Compact
[27.539s][info][gc,phases      ] GC(488) Post Compact 0.360ms
[27.539s][info][gc,heap        ] GC(488) PSYoungGen: 8382K(338944K)->0K(338944K) Eden: 0K(328704K)->0K(328704K) From: 8382K(10240K)->0K(10240K)
[27.539s][info][gc,heap        ] GC(488) ParOldGen: 104999K(699392K)->75856K(699392K)
[27.539s][info][gc,metaspace   ] GC(488) Metaspace: 11197K(11456K)->11197K(11456K) NonClass: 9789K(9920K)->9789K(9920K) Class: 1407K(1536K)->1407K(1536K)
[27.539s][info][gc             ] GC(488) Pause Full (System.gc()) 110M->74M(1014M) 53.653ms
[27.539s][info][gc,cpu         ] GC(488) User=0.38s Sys=0.00s Real=0.05s
[27.585s][info][gc,start       ] GC(489) Pause Young (Allocation Failure)
[27.589s][info][gc,heap        ] GC(489) PSYoungGen: 328704K(338944K)->5536K(338944K) Eden: 328704K(328704K)->0K(328704K) From: 0K(10240K)->5536K(10240K)
[27.589s][info][gc,heap        ] GC(489) ParOldGen: 75856K(699392K)->75856K(699392K)
[27.589s][info][gc,metaspace   ] GC(489) Metaspace: 11197K(11456K)->11197K(11456K) NonClass: 9789K(9920K)->9789K(9920K) Class: 1407K(1536K)->1407K(1536K)
[27.589s][info][gc             ] GC(489) Pause Young (Allocation Failure) 395M->79M(1014M) 3.636ms
[27.589s][info][gc,cpu         ] GC(489) User=0.00s Sys=0.00s Real=0.00s
[27.634s][info][gc,start       ] GC(490) Pause Young (Allocation Failure)
[27.640s][info][gc,heap        ] GC(490) PSYoungGen: 334240K(338944K)->5664K(338944K) Eden: 328704K(328704K)->0K(328704K) From: 5536K(10240K)->5664K(10240K)
[27.640s][info][gc,heap        ] GC(490) ParOldGen: 75856K(699392K)->81262K(699392K)
[27.640s][info][gc,metaspace   ] GC(490) Metaspace: 11197K(11456K)->11197K(11456K) NonClass: 9789K(9920K)->9789K(9920K) Class: 1407K(1536K)->1407K(1536K)
[27.640s][info][gc             ] GC(490) Pause Young (Allocation Failure) 400M->84M(1014M) 6.012ms
[27.640s][info][gc,cpu         ] GC(490) User=0.00s Sys=0.00s Real=0.01s
[27.684s][info][gc,start       ] GC(491) Pause Young (Allocation Failure)
[27.690s][info][gc,heap        ] GC(491) PSYoungGen: 334368K(338944K)->6630K(338944K) Eden: 328704K(328704K)->0K(328704K) From: 5664K(10240K)->6630K(10240K)
[27.690s][info][gc,heap        ] GC(491) ParOldGen: 81262K(699392K)->86368K(699392K)
[27.690s][info][gc,metaspace   ] GC(491) Metaspace: 11197K(11456K)->11197K(11456K) NonClass: 9789K(9920K)->9789K(9920K) Class: 1407K(1536K)->1407K(1536K)
[27.690s][info][gc             ] GC(491) Pause Young (Allocation Failure) 405M->90M(1014M) 6.197ms
[27.690s][info][gc,cpu         ] GC(491) User=0.00s Sys=0.00s Real=0.01s
[27.735s][info][gc,start       ] GC(492) Pause Young (Allocation Failure)
[27.741s][info][gc,heap        ] GC(492) PSYoungGen: 335334K(338944K)->5776K(339456K) Eden: 328704K(328704K)->0K(329728K) From: 6630K(10240K)->5776K(9728K)
[27.741s][info][gc,heap        ] GC(492) ParOldGen: 86368K(699392K)->92586K(699392K)
[27.741s][info][gc,metaspace   ] GC(492) Metaspace: 11197K(11456K)->11197K(11456K) NonClass: 9789K(9920K)->9789K(9920K) Class: 1407K(1536K)->1407K(1536K)
[27.741s][info][gc             ] GC(492) Pause Young (Allocation Failure) 411M->96M(1014M) 5.824ms
[27.741s][info][gc,cpu         ] GC(492) User=0.09s Sys=0.00s Real=0.01s
[27.786s][info][gc,start       ] GC(493) Pause Young (Allocation Failure)
[27.792s][info][gc,heap        ] GC(493) PSYoungGen: 335504K(339456K)->8231K(338432K) Eden: 329728K(329728K)->0K(329728K) From: 5776K(9728K)->8231K(8704K)
[27.793s][info][gc,heap        ] GC(493) ParOldGen: 92586K(699392K)->97875K(699392K)
[27.793s][info][gc,metaspace   ] GC(493) Metaspace: 11197K(11456K)->11197K(11456K) NonClass: 9789K(9920K)->9789K(9920K) Class: 1407K(1536K)->1407K(1536K)
[27.793s][info][gc             ] GC(493) Pause Young (Allocation Failure) 418M->103M(1013M) 6.427ms
[27.793s][info][gc,cpu         ] GC(493) User=0.00s Sys=0.00s Real=0.01s
[27.846s][info][gc,start       ] GC(494) Pause Young (System.gc())
[27.852s][info][gc,heap        ] GC(494) PSYoungGen: 291246K(338432K)->7725K(338944K) Eden: 283015K(329728K)->0K(328704K) From: 8231K(8704K)->7725K(10240K)
[27.852s][info][gc,heap        ] GC(494) ParOldGen: 97875K(699392K)->105641K(699392K)
[27.852s][info][gc,metaspace   ] GC(494) Metaspace: 11197K(11456K)->11197K(11456K) NonClass: 9789K(9920K)->9789K(9920K) Class: 1407K(1536K)->1407K(1536K)
[27.852s][info][gc             ] GC(494) Pause Young (System.gc()) 380M->110M(1014M) 6.342ms
[27.852s][info][gc,cpu         ] GC(494) User=0.09s Sys=0.00s Real=0.01s
[27.852s][info][gc,start       ] GC(495) Pause Full (System.gc())
[27.852s][info][gc,phases,start] GC(495) Marking Phase
[27.897s][info][gc,phases      ] GC(495) Marking Phase 44.243ms
[27.897s][info][gc,phases,start] GC(495) Summary Phase
[27.897s][info][gc,phases      ] GC(495) Summary Phase 0.010ms
[27.897s][info][gc,phases,start] GC(495) Adjust Roots
[27.898s][info][gc,phases      ] GC(495) Adjust Roots 1.616ms
[27.898s][info][gc,phases,start] GC(495) Compaction Phase
[27.906s][info][gc,phases      ] GC(495) Compaction Phase 8.016ms
[27.906s][info][gc,phases,start] GC(495) Post Compact
[27.907s][info][gc,phases      ] GC(495) Post Compact 0.458ms
[27.907s][info][gc,heap        ] GC(495) PSYoungGen: 7725K(338944K)->0K(338944K) Eden: 0K(328704K)->0K(328704K) From: 7725K(10240K)->0K(10240K)
[27.907s][info][gc,heap        ] GC(495) ParOldGen: 105641K(699392K)->75856K(699392K)
[27.907s][info][gc,metaspace   ] GC(495) Metaspace: 11197K(11456K)->11197K(11456K) NonClass: 9789K(9920K)->9789K(9920K) Class: 1407K(1536K)->1407K(1536K)
[27.907s][info][gc             ] GC(495) Pause Full (System.gc()) 110M->74M(1014M) 54.594ms
[27.907s][info][gc,cpu         ] GC(495) User=0.20s Sys=0.00s Real=0.05s
[27.953s][info][gc,start       ] GC(496) Pause Young (Allocation Failure)
[27.957s][info][gc,heap        ] GC(496) PSYoungGen: 328704K(338944K)->5568K(338944K) Eden: 328704K(328704K)->0K(328704K) From: 0K(10240K)->5568K(10240K)
[27.957s][info][gc,heap        ] GC(496) ParOldGen: 75856K(699392K)->75856K(699392K)
[27.957s][info][gc,metaspace   ] GC(496) Metaspace: 11197K(11456K)->11197K(11456K) NonClass: 9789K(9920K)->9789K(9920K) Class: 1407K(1536K)->1407K(1536K)
[27.957s][info][gc             ] GC(496) Pause Young (Allocation Failure) 395M->79M(1014M) 3.869ms
[27.957s][info][gc,cpu         ] GC(496) User=0.00s Sys=0.00s Real=0.00s
[28.002s][info][gc,start       ] GC(497) Pause Young (Allocation Failure)
[28.008s][info][gc,heap        ] GC(497) PSYoungGen: 334272K(338944K)->5632K(339456K) Eden: 328704K(328704K)->0K(329216K) From: 5568K(10240K)->5632K(10240K)
[28.008s][info][gc,heap        ] GC(497) ParOldGen: 75856K(699392K)->81272K(699392K)
[28.008s][info][gc,metaspace   ] GC(497) Metaspace: 11197K(11456K)->11197K(11456K) NonClass: 9789K(9920K)->9789K(9920K) Class: 1407K(1536K)->1407K(1536K)
[28.008s][info][gc             ] GC(497) Pause Young (Allocation Failure) 400M->84M(1014M) 6.058ms
[28.008s][info][gc,cpu         ] GC(497) User=0.09s Sys=0.00s Real=0.01s
[28.052s][info][gc,start       ] GC(498) Pause Young (Allocation Failure)
[28.058s][info][gc,heap        ] GC(498) PSYoungGen: 334848K(339456K)->6623K(338944K) Eden: 329216K(329216K)->0K(329216K) From: 5632K(10240K)->6623K(9728K)
[28.058s][info][gc,heap        ] GC(498) ParOldGen: 81272K(699392K)->86417K(699392K)
[28.058s][info][gc,metaspace   ] GC(498) Metaspace: 11197K(11456K)->11197K(11456K) NonClass: 9789K(9920K)->9789K(9920K) Class: 1407K(1536K)->1407K(1536K)
[28.058s][info][gc             ] GC(498) Pause Young (Allocation Failure) 406M->90M(1014M) 6.008ms
[28.058s][info][gc,cpu         ] GC(498) User=0.00s Sys=0.00s Real=0.01s
[28.103s][info][gc,start       ] GC(499) Pause Young (Allocation Failure)
[28.109s][info][gc,heap        ] GC(499) PSYoungGen: 335839K(338944K)->5808K(339456K) Eden: 329216K(329216K)->0K(329728K) From: 6623K(9728K)->5808K(9728K)
[28.109s][info][gc,heap        ] GC(499) ParOldGen: 86417K(699392K)->92561K(699392K)
[28.109s][info][gc,metaspace   ] GC(499) Metaspace: 11197K(11456K)->11197K(11456K) NonClass: 9789K(9920K)->9789K(9920K) Class: 1407K(1536K)->1407K(1536K)
[28.109s][info][gc             ] GC(499) Pause Young (Allocation Failure) 412M->96M(1014M) 5.899ms
[28.109s][info][gc,cpu         ] GC(499) User=0.00s Sys=0.00s Real=0.00s
[28.154s][info][gc,start       ] GC(500) Pause Young (Allocation Failure)
[28.160s][info][gc,heap        ] GC(500) PSYoungGen: 335536K(339456K)->8840K(338944K) Eden: 329728K(329728K)->0K(329728K) From: 5808K(9728K)->8840K(9216K)
[28.160s][info][gc,heap        ] GC(500) ParOldGen: 92561K(699392K)->97890K(699392K)
[28.160s][info][gc,metaspace   ] GC(500) Metaspace: 11197K(11456K)->11197K(11456K) NonClass: 9789K(9920K)->9789K(9920K) Class: 1407K(1536K)->1407K(1536K)
[28.160s][info][gc             ] GC(500) Pause Young (Allocation Failure) 418M->104M(1014M) 6.445ms
[28.160s][info][gc,cpu         ] GC(500) User=0.00s Sys=0.00s Real=0.01s
[28.220s][info][gc,start       ] GC(501) Pause Young (System.gc())
[28.228s][info][gc,heap        ] GC(501) PSYoungGen: 291984K(338944K)->7599K(338944K) Eden: 283143K(329728K)->0K(328704K) From: 8840K(9216K)->7599K(10240K)
[28.228s][info][gc,heap        ] GC(501) ParOldGen: 97890K(699392K)->105886K(699392K)
[28.228s][info][gc,metaspace   ] GC(501) Metaspace: 11197K(11456K)->11197K(11456K) NonClass: 9789K(9920K)->9789K(9920K) Class: 1407K(1536K)->1407K(1536K)
[28.228s][info][gc             ] GC(501) Pause Young (System.gc()) 380M->110M(1014M) 8.350ms
[28.228s][info][gc,cpu         ] GC(501) User=0.06s Sys=0.00s Real=0.02s
[28.228s][info][gc,start       ] GC(502) Pause Full (System.gc())
[28.228s][info][gc,phases,start] GC(502) Marking Phase
[28.270s][info][gc,phases      ] GC(502) Marking Phase 41.365ms
[28.270s][info][gc,phases,start] GC(502) Summary Phase
[28.270s][info][gc,phases      ] GC(502) Summary Phase 0.011ms
[28.270s][info][gc,phases,start] GC(502) Adjust Roots
[28.271s][info][gc,phases      ] GC(502) Adjust Roots 1.365ms
[28.271s][info][gc,phases,start] GC(502) Compaction Phase
[28.279s][info][gc,phases      ] GC(502) Compaction Phase 7.736ms
[28.279s][info][gc,phases,start] GC(502) Post Compact
[28.279s][info][gc,phases      ] GC(502) Post Compact 0.357ms
[28.279s][info][gc,heap        ] GC(502) PSYoungGen: 7599K(338944K)->0K(338944K) Eden: 0K(328704K)->0K(328704K) From: 7599K(10240K)->0K(10240K)
[28.279s][info][gc,heap        ] GC(502) ParOldGen: 105886K(699392K)->75856K(699392K)
[28.279s][info][gc,metaspace   ] GC(502) Metaspace: 11197K(11456K)->11197K(11456K) NonClass: 9789K(9920K)->9789K(9920K) Class: 1407K(1536K)->1407K(1536K)
[28.279s][info][gc             ] GC(502) Pause Full (System.gc()) 110M->74M(1014M) 51.064ms
[28.279s][info][gc,cpu         ] GC(502) User=0.20s Sys=0.00s Real=0.05s
[28.325s][info][gc,start       ] GC(503) Pause Young (Allocation Failure)
[28.329s][info][gc,heap        ] GC(503) PSYoungGen: 328704K(338944K)->5600K(338944K) Eden: 328704K(328704K)->0K(328704K) From: 0K(10240K)->5600K(10240K)
[28.329s][info][gc,heap        ] GC(503) ParOldGen: 75856K(699392K)->75856K(699392K)
[28.329s][info][gc,metaspace   ] GC(503) Metaspace: 11197K(11456K)->11197K(11456K) NonClass: 9789K(9920K)->9789K(9920K) Class: 1407K(1536K)->1407K(1536K)
[28.329s][info][gc             ] GC(503) Pause Young (Allocation Failure) 395M->79M(1014M) 3.822ms
[28.329s][info][gc,cpu         ] GC(503) User=0.00s Sys=0.00s Real=0.00s
[28.374s][info][gc,start       ] GC(504) Pause Young (Allocation Failure)
[28.380s][info][gc,heap        ] GC(504) PSYoungGen: 334304K(338944K)->5632K(339456K) Eden: 328704K(328704K)->0K(329216K) From: 5600K(10240K)->5632K(10240K)
[28.380s][info][gc,heap        ] GC(504) ParOldGen: 75856K(699392K)->81296K(699392K)
[28.380s][info][gc,metaspace   ] GC(504) Metaspace: 11197K(11456K)->11197K(11456K) NonClass: 9789K(9920K)->9789K(9920K) Class: 1407K(1536K)->1407K(1536K)
[28.380s][info][gc             ] GC(504) Pause Young (Allocation Failure) 400M->84M(1014M) 5.716ms
[28.380s][info][gc,cpu         ] GC(504) User=0.09s Sys=0.00s Real=0.01s
[28.425s][info][gc,start       ] GC(505) Pause Young (Allocation Failure)
[28.431s][info][gc,heap        ] GC(505) PSYoungGen: 334848K(339456K)->6650K(338944K) Eden: 329216K(329216K)->0K(329216K) From: 5632K(10240K)->6650K(9728K)
[28.431s][info][gc,heap        ] GC(505) ParOldGen: 81296K(699392K)->86402K(699392K)
[28.431s][info][gc,metaspace   ] GC(505) Metaspace: 11197K(11456K)->11197K(11456K) NonClass: 9789K(9920K)->9789K(9920K) Class: 1407K(1536K)->1407K(1536K)
[28.431s][info][gc             ] GC(505) Pause Young (Allocation Failure) 406M->90M(1014M) 6.066ms
[28.431s][info][gc,cpu         ] GC(505) User=0.09s Sys=0.00s Real=0.01s
[28.475s][info][gc,start       ] GC(506) Pause Young (Allocation Failure)
[28.481s][info][gc,heap        ] GC(506) PSYoungGen: 335866K(338944K)->5824K(339968K) Eden: 329216K(329216K)->0K(330240K) From: 6650K(9728K)->5824K(9728K)
[28.481s][info][gc,heap        ] GC(506) ParOldGen: 86402K(699392K)->92596K(699392K)
[28.481s][info][gc,metaspace   ] GC(506) Metaspace: 11197K(11456K)->11197K(11456K) NonClass: 9789K(9920K)->9789K(9920K) Class: 1407K(1536K)->1407K(1536K)
[28.481s][info][gc             ] GC(506) Pause Young (Allocation Failure) 412M->96M(1015M) 5.940ms
[28.481s][info][gc,cpu         ] GC(506) User=0.00s Sys=0.00s Real=0.01s
[28.526s][info][gc,start       ] GC(507) Pause Young (Allocation Failure)
[28.532s][info][gc,heap        ] GC(507) PSYoungGen: 336064K(339968K)->8824K(339456K) Eden: 330240K(330240K)->0K(330240K) From: 5824K(9728K)->8824K(9216K)
[28.532s][info][gc,heap        ] GC(507) ParOldGen: 92596K(699392K)->97919K(699392K)
[28.532s][info][gc,metaspace   ] GC(507) Metaspace: 11197K(11456K)->11197K(11456K) NonClass: 9789K(9920K)->9789K(9920K) Class: 1407K(1536K)->1407K(1536K)
[28.532s][info][gc             ] GC(507) Pause Young (Allocation Failure) 418M->104M(1014M) 6.442ms
[28.532s][info][gc,cpu         ] GC(507) User=0.00s Sys=0.00s Real=0.01s
[28.595s][info][gc,start       ] GC(508) Pause Young (System.gc())
[28.601s][info][gc,heap        ] GC(508) PSYoungGen: 292623K(339456K)->7525K(338432K) Eden: 283798K(330240K)->0K(328704K) From: 8824K(9216K)->7525K(9728K)
[28.602s][info][gc,heap        ] GC(508) ParOldGen: 97919K(699392K)->105911K(699392K)
[28.602s][info][gc,metaspace   ] GC(508) Metaspace: 11197K(11456K)->11197K(11456K) NonClass: 9789K(9920K)->9789K(9920K) Class: 1407K(1536K)->1407K(1536K)
[28.602s][info][gc             ] GC(508) Pause Young (System.gc()) 381M->110M(1013M) 6.443ms
[28.602s][info][gc,cpu         ] GC(508) User=0.09s Sys=0.00s Real=0.02s
[28.602s][info][gc,start       ] GC(509) Pause Full (System.gc())
[28.602s][info][gc,phases,start] GC(509) Marking Phase
[28.656s][info][gc,phases      ] GC(509) Marking Phase 54.616ms
[28.656s][info][gc,phases,start] GC(509) Summary Phase
[28.656s][info][gc,phases      ] GC(509) Summary Phase 0.018ms
[28.656s][info][gc,phases,start] GC(509) Adjust Roots
[28.658s][info][gc,phases      ] GC(509) Adjust Roots 1.958ms
[28.658s][info][gc,phases,start] GC(509) Compaction Phase
[28.666s][info][gc,phases      ] GC(509) Compaction Phase 8.074ms
[28.666s][info][gc,phases,start] GC(509) Post Compact
[28.667s][info][gc,phases      ] GC(509) Post Compact 0.360ms
[28.667s][info][gc,heap        ] GC(509) PSYoungGen: 7525K(338432K)->0K(338432K) Eden: 0K(328704K)->0K(328704K) From: 7525K(9728K)->0K(9728K)
[28.667s][info][gc,heap        ] GC(509) ParOldGen: 105911K(699392K)->75857K(699392K)
[28.667s][info][gc,metaspace   ] GC(509) Metaspace: 11197K(11456K)->11197K(11456K) NonClass: 9789K(9920K)->9789K(9920K) Class: 1407K(1536K)->1407K(1536K)
[28.667s][info][gc             ] GC(509) Pause Full (System.gc()) 110M->74M(1013M) 65.332ms
[28.667s][info][gc,cpu         ] GC(509) User=0.38s Sys=0.00s Real=0.06s
[28.714s][info][gc,start       ] GC(510) Pause Young (Allocation Failure)
[28.718s][info][gc,heap        ] GC(510) PSYoungGen: 328704K(338432K)->5600K(338944K) Eden: 328704K(328704K)->0K(328704K) From: 0K(9728K)->5600K(10240K)
[28.718s][info][gc,heap        ] GC(510) ParOldGen: 75857K(699392K)->75857K(699392K)
[28.718s][info][gc,metaspace   ] GC(510) Metaspace: 11197K(11456K)->11197K(11456K) NonClass: 9789K(9920K)->9789K(9920K) Class: 1407K(1536K)->1407K(1536K)
[28.718s][info][gc             ] GC(510) Pause Young (Allocation Failure) 395M->79M(1014M) 3.709ms
[28.718s][info][gc,cpu         ] GC(510) User=0.00s Sys=0.00s Real=0.00s
[28.762s][info][gc,start       ] GC(511) Pause Young (Allocation Failure)
[28.768s][info][gc,heap        ] GC(511) PSYoungGen: 334304K(338944K)->5664K(339456K) Eden: 328704K(328704K)->0K(329728K) From: 5600K(10240K)->5664K(9728K)
[28.768s][info][gc,heap        ] GC(511) ParOldGen: 75857K(699392K)->81261K(699392K)
[28.768s][info][gc,metaspace   ] GC(511) Metaspace: 11197K(11456K)->11197K(11456K) NonClass: 9789K(9920K)->9789K(9920K) Class: 1407K(1536K)->1407K(1536K)
[28.768s][info][gc             ] GC(511) Pause Young (Allocation Failure) 400M->84M(1014M) 5.994ms
[28.768s][info][gc,cpu         ] GC(511) User=0.00s Sys=0.00s Real=0.01s
[28.814s][info][gc,start       ] GC(512) Pause Young (Allocation Failure)
[28.820s][info][gc,heap        ] GC(512) PSYoungGen: 335392K(339456K)->6690K(339456K) Eden: 329728K(329728K)->0K(329728K) From: 5664K(9728K)->6690K(9728K)
[28.820s][info][gc,heap        ] GC(512) ParOldGen: 81261K(699392K)->86418K(699392K)
[28.820s][info][gc,metaspace   ] GC(512) Metaspace: 11197K(11456K)->11197K(11456K) NonClass: 9789K(9920K)->9789K(9920K) Class: 1407K(1536K)->1407K(1536K)
[28.820s][info][gc             ] GC(512) Pause Young (Allocation Failure) 406M->90M(1014M) 5.936ms
[28.820s][info][gc,cpu         ] GC(512) User=0.09s Sys=0.00s Real=0.00s
[28.864s][info][gc,start       ] GC(513) Pause Young (Allocation Failure)
[28.870s][info][gc,heap        ] GC(513) PSYoungGen: 336418K(339456K)->5808K(339968K) Eden: 329728K(329728K)->0K(330240K) From: 6690K(9728K)->5808K(9728K)
[28.870s][info][gc,heap        ] GC(513) ParOldGen: 86418K(699392K)->92687K(699392K)
[28.870s][info][gc,metaspace   ] GC(513) Metaspace: 11197K(11456K)->11197K(11456K) NonClass: 9789K(9920K)->9789K(9920K) Class: 1407K(1536K)->1407K(1536K)
[28.870s][info][gc             ] GC(513) Pause Young (Allocation Failure) 412M->96M(1015M) 5.518ms
[28.870s][info][gc,cpu         ] GC(513) User=0.00s Sys=0.00s Real=0.01s
[28.915s][info][gc,start       ] GC(514) Pause Young (Allocation Failure)
[28.921s][info][gc,heap        ] GC(514) PSYoungGen: 336048K(339968K)->7715K(339456K) Eden: 330240K(330240K)->0K(330240K) From: 5808K(9728K)->7715K(9216K)
[28.921s][info][gc,heap        ] GC(514) ParOldGen: 92687K(699392K)->97902K(699392K)
[28.921s][info][gc,metaspace   ] GC(514) Metaspace: 11197K(11456K)->11197K(11456K) NonClass: 9789K(9920K)->9789K(9920K) Class: 1407K(1536K)->1407K(1536K)
[28.921s][info][gc             ] GC(514) Pause Young (Allocation Failure) 418M->103M(1014M) 6.213ms
[28.921s][info][gc,cpu         ] GC(514) User=0.00s Sys=0.00s Real=0.01s
[28.974s][info][gc,start       ] GC(515) Pause Young (System.gc())
[28.981s][info][gc,heap        ] GC(515) PSYoungGen: 287504K(339456K)->9279K(338432K) Eden: 279789K(330240K)->0K(328704K) From: 7715K(9216K)->9279K(9728K)
[28.981s][info][gc,heap        ] GC(515) ParOldGen: 97902K(699392K)->104176K(699392K)
[28.981s][info][gc,metaspace   ] GC(515) Metaspace: 11197K(11456K)->11197K(11456K) NonClass: 9789K(9920K)->9789K(9920K) Class: 1407K(1536K)->1407K(1536K)
[28.981s][info][gc             ] GC(515) Pause Young (System.gc()) 376M->110M(1013M) 6.722ms
[28.981s][info][gc,cpu         ] GC(515) User=0.00s Sys=0.00s Real=0.01s
[28.981s][info][gc,start       ] GC(516) Pause Full (System.gc())
[28.981s][info][gc,phases,start] GC(516) Marking Phase
[29.027s][info][gc,phases      ] GC(516) Marking Phase 45.502ms
[29.027s][info][gc,phases,start] GC(516) Summary Phase
[29.027s][info][gc,phases      ] GC(516) Summary Phase 0.010ms
[29.027s][info][gc,phases,start] GC(516) Adjust Roots
[29.028s][info][gc,phases      ] GC(516) Adjust Roots 1.325ms
[29.028s][info][gc,phases,start] GC(516) Compaction Phase
[29.036s][info][gc,phases      ] GC(516) Compaction Phase 8.062ms
[29.036s][info][gc,phases,start] GC(516) Post Compact
[29.036s][info][gc,phases      ] GC(516) Post Compact 0.360ms
[29.037s][info][gc,heap        ] GC(516) PSYoungGen: 9279K(338432K)->0K(338432K) Eden: 0K(328704K)->0K(328704K) From: 9279K(9728K)->0K(9728K)
[29.037s][info][gc,heap        ] GC(516) ParOldGen: 104176K(699392K)->75857K(699392K)
[29.037s][info][gc,metaspace   ] GC(516) Metaspace: 11197K(11456K)->11197K(11456K) NonClass: 9789K(9920K)->9789K(9920K) Class: 1407K(1536K)->1407K(1536K)
[29.037s][info][gc             ] GC(516) Pause Full (System.gc()) 110M->74M(1013M) 55.474ms
[29.037s][info][gc,cpu         ] GC(516) User=0.31s Sys=0.00s Real=0.06s
[29.083s][info][gc,start       ] GC(517) Pause Young (Allocation Failure)
[29.086s][info][gc,heap        ] GC(517) PSYoungGen: 328704K(338432K)->5536K(338944K) Eden: 328704K(328704K)->0K(328704K) From: 0K(9728K)->5536K(10240K)
[29.086s][info][gc,heap        ] GC(517) ParOldGen: 75857K(699392K)->75857K(699392K)
[29.086s][info][gc,metaspace   ] GC(517) Metaspace: 11200K(11456K)->11200K(11456K) NonClass: 9792K(9920K)->9792K(9920K) Class: 1407K(1536K)->1407K(1536K)
[29.086s][info][gc             ] GC(517) Pause Young (Allocation Failure) 395M->79M(1014M) 3.619ms
[29.086s][info][gc,cpu         ] GC(517) User=0.00s Sys=0.00s Real=0.00s
[29.132s][info][gc,start       ] GC(518) Pause Young (Allocation Failure)
[29.138s][info][gc,heap        ] GC(518) PSYoungGen: 334240K(338944K)->5696K(338944K) Eden: 328704K(328704K)->0K(328704K) From: 5536K(10240K)->5696K(10240K)
[29.138s][info][gc,heap        ] GC(518) ParOldGen: 75857K(699392K)->81211K(699392K)
[29.138s][info][gc,metaspace   ] GC(518) Metaspace: 11200K(11456K)->11200K(11456K) NonClass: 9792K(9920K)->9792K(9920K) Class: 1407K(1536K)->1407K(1536K)
[29.138s][info][gc             ] GC(518) Pause Young (Allocation Failure) 400M->84M(1014M) 6.059ms
[29.138s][info][gc,cpu         ] GC(518) User=0.00s Sys=0.00s Real=0.00s
[29.183s][info][gc,start       ] GC(519) Pause Young (Allocation Failure)
[29.189s][info][gc,heap        ] GC(519) PSYoungGen: 334400K(338944K)->6521K(338944K) Eden: 328704K(328704K)->0K(328704K) From: 5696K(10240K)->6521K(10240K)
[29.189s][info][gc,heap        ] GC(519) ParOldGen: 81211K(699392K)->86301K(699392K)
[29.189s][info][gc,metaspace   ] GC(519) Metaspace: 11200K(11456K)->11200K(11456K) NonClass: 9792K(9920K)->9792K(9920K) Class: 1407K(1536K)->1407K(1536K)
[29.189s][info][gc             ] GC(519) Pause Young (Allocation Failure) 405M->90M(1014M) 6.202ms
[29.189s][info][gc,cpu         ] GC(519) User=0.00s Sys=0.00s Real=0.01s
[29.237s][info][gc,start       ] GC(520) Pause Young (Allocation Failure)
[29.243s][info][gc,heap        ] GC(520) PSYoungGen: 335225K(338944K)->5840K(339456K) Eden: 328704K(328704K)->0K(329728K) From: 6521K(10240K)->5840K(9728K)
[29.243s][info][gc,heap        ] GC(520) ParOldGen: 86301K(699392K)->92468K(699392K)
[29.243s][info][gc,metaspace   ] GC(520) Metaspace: 11200K(11456K)->11200K(11456K) NonClass: 9792K(9920K)->9792K(9920K) Class: 1407K(1536K)->1407K(1536K)
[29.243s][info][gc             ] GC(520) Pause Young (Allocation Failure) 411M->96M(1014M) 6.566ms
[29.243s][info][gc,cpu         ] GC(520) User=0.08s Sys=0.00s Real=0.01s
[29.289s][info][gc,start       ] GC(521) Pause Young (Allocation Failure)
[29.295s][info][gc,heap        ] GC(521) PSYoungGen: 335568K(339456K)->8863K(338944K) Eden: 329728K(329728K)->0K(329728K) From: 5840K(9728K)->8863K(9216K)
[29.295s][info][gc,heap        ] GC(521) ParOldGen: 92468K(699392K)->97791K(699392K)
[29.295s][info][gc,metaspace   ] GC(521) Metaspace: 11200K(11456K)->11200K(11456K) NonClass: 9792K(9920K)->9792K(9920K) Class: 1407K(1536K)->1407K(1536K)
[29.295s][info][gc             ] GC(521) Pause Young (Allocation Failure) 418M->104M(1014M) 6.803ms
[29.295s][info][gc,cpu         ] GC(521) User=0.00s Sys=0.00s Real=0.01s
[29.354s][info][gc,start       ] GC(522) Pause Young (System.gc())
[29.362s][info][gc,heap        ] GC(522) PSYoungGen: 295518K(338944K)->8452K(337920K) Eden: 286654K(329728K)->0K(327680K) From: 8863K(9216K)->8452K(10240K)
[29.362s][info][gc,heap        ] GC(522) ParOldGen: 97791K(699392K)->104925K(699392K)
[29.362s][info][gc,metaspace   ] GC(522) Metaspace: 11200K(11456K)->11200K(11456K) NonClass: 9792K(9920K)->9792K(9920K) Class: 1407K(1536K)->1407K(1536K)
[29.362s][info][gc             ] GC(522) Pause Young (System.gc()) 384M->110M(1013M) 7.845ms
[29.362s][info][gc,cpu         ] GC(522) User=0.00s Sys=0.00s Real=0.02s
[29.362s][info][gc,start       ] GC(523) Pause Full (System.gc())
[29.362s][info][gc,phases,start] GC(523) Marking Phase
[29.406s][info][gc,phases      ] GC(523) Marking Phase 44.179ms
[29.406s][info][gc,phases,start] GC(523) Summary Phase
[29.406s][info][gc,phases      ] GC(523) Summary Phase 0.010ms
[29.406s][info][gc,phases,start] GC(523) Adjust Roots
[29.407s][info][gc,phases      ] GC(523) Adjust Roots 1.391ms
[29.408s][info][gc,phases,start] GC(523) Compaction Phase
[29.416s][info][gc,phases      ] GC(523) Compaction Phase 8.538ms
[29.416s][info][gc,phases,start] GC(523) Post Compact
[29.416s][info][gc,phases      ] GC(523) Post Compact 0.364ms
[29.417s][info][gc,heap        ] GC(523) PSYoungGen: 8452K(337920K)->0K(337920K) Eden: 0K(327680K)->0K(327680K) From: 8452K(10240K)->0K(10240K)
[29.417s][info][gc,heap        ] GC(523) ParOldGen: 104925K(699392K)->75857K(699392K)
[29.417s][info][gc,metaspace   ] GC(523) Metaspace: 11200K(11456K)->11200K(11456K) NonClass: 9792K(9920K)->9792K(9920K) Class: 1407K(1536K)->1407K(1536K)
[29.417s][info][gc             ] GC(523) Pause Full (System.gc()) 110M->74M(1013M) 54.760ms
[29.417s][info][gc,cpu         ] GC(523) User=0.36s Sys=0.00s Real=0.05s
[29.463s][info][gc,start       ] GC(524) Pause Young (Allocation Failure)
[29.466s][info][gc,heap        ] GC(524) PSYoungGen: 327680K(337920K)->5568K(338432K) Eden: 327680K(327680K)->0K(327680K) From: 0K(10240K)->5568K(10752K)
[29.467s][info][gc,heap        ] GC(524) ParOldGen: 75857K(699392K)->75857K(699392K)
[29.467s][info][gc,metaspace   ] GC(524) Metaspace: 11200K(11456K)->11200K(11456K) NonClass: 9792K(9920K)->9792K(9920K) Class: 1407K(1536K)->1407K(1536K)
[29.467s][info][gc             ] GC(524) Pause Young (Allocation Failure) 394M->79M(1013M) 3.732ms
[29.467s][info][gc,cpu         ] GC(524) User=0.00s Sys=0.00s Real=0.00s
[29.511s][info][gc,start       ] GC(525) Pause Young (Allocation Failure)
[29.517s][info][gc,heap        ] GC(525) PSYoungGen: 333248K(338432K)->5632K(338944K) Eden: 327680K(327680K)->0K(328704K) From: 5568K(10752K)->5632K(10240K)
[29.517s][info][gc,heap        ] GC(525) ParOldGen: 75857K(699392K)->81260K(699392K)
[29.517s][info][gc,metaspace   ] GC(525) Metaspace: 11200K(11456K)->11200K(11456K) NonClass: 9792K(9920K)->9792K(9920K) Class: 1407K(1536K)->1407K(1536K)
[29.517s][info][gc             ] GC(525) Pause Young (Allocation Failure) 399M->84M(1014M) 6.001ms
[29.517s][info][gc,cpu         ] GC(525) User=0.00s Sys=0.00s Real=0.00s
[29.562s][info][gc,start       ] GC(526) Pause Young (Allocation Failure)
[29.567s][info][gc,heap        ] GC(526) PSYoungGen: 334336K(338944K)->6639K(338944K) Eden: 328704K(328704K)->0K(328704K) From: 5632K(10240K)->6639K(10240K)
[29.568s][info][gc,heap        ] GC(526) ParOldGen: 81260K(699392K)->86327K(699392K)
[29.568s][info][gc,metaspace   ] GC(526) Metaspace: 11200K(11456K)->11200K(11456K) NonClass: 9792K(9920K)->9792K(9920K) Class: 1407K(1536K)->1407K(1536K)
[29.568s][info][gc             ] GC(526) Pause Young (Allocation Failure) 405M->90M(1014M) 5.866ms
[29.568s][info][gc,cpu         ] GC(526) User=0.09s Sys=0.00s Real=0.01s
[29.612s][info][gc,start       ] GC(527) Pause Young (Allocation Failure)
[29.618s][info][gc,heap        ] GC(527) PSYoungGen: 335343K(338944K)->5808K(339456K) Eden: 328704K(328704K)->0K(329728K) From: 6639K(10240K)->5808K(9728K)
[29.618s][info][gc,heap        ] GC(527) ParOldGen: 86327K(699392K)->92568K(699392K)
[29.618s][info][gc,metaspace   ] GC(527) Metaspace: 11200K(11456K)->11200K(11456K) NonClass: 9792K(9920K)->9792K(9920K) Class: 1407K(1536K)->1407K(1536K)
[29.618s][info][gc             ] GC(527) Pause Young (Allocation Failure) 411M->96M(1014M) 5.683ms
[29.618s][info][gc,cpu         ] GC(527) User=0.09s Sys=0.00s Real=0.00s
[29.662s][info][gc,start       ] GC(528) Pause Young (Allocation Failure)
[29.669s][info][gc,heap        ] GC(528) PSYoungGen: 335536K(339456K)->8614K(338432K) Eden: 329728K(329728K)->0K(329728K) From: 5808K(9728K)->8614K(8704K)
[29.669s][info][gc,heap        ] GC(528) ParOldGen: 92568K(699392K)->97866K(699392K)
[29.669s][info][gc,metaspace   ] GC(528) Metaspace: 11200K(11456K)->11200K(11456K) NonClass: 9792K(9920K)->9792K(9920K) Class: 1407K(1536K)->1407K(1536K)
[29.669s][info][gc             ] GC(528) Pause Young (Allocation Failure) 418M->103M(1013M) 6.556ms
[29.669s][info][gc,cpu         ] GC(528) User=0.00s Sys=0.00s Real=0.01s
[29.723s][info][gc,start       ] GC(529) Pause Young (System.gc())
[29.730s][info][gc,heap        ] GC(529) PSYoungGen: 292881K(338432K)->8397K(337920K) Eden: 284267K(329728K)->0K(327680K) From: 8614K(8704K)->8397K(10240K)
[29.733s][info][gc,heap        ] GC(529) ParOldGen: 97866K(699392K)->104796K(699392K)
[29.733s][info][gc,metaspace   ] GC(529) Metaspace: 11200K(11456K)->11200K(11456K) NonClass: 9792K(9920K)->9792K(9920K) Class: 1407K(1536K)->1407K(1536K)
[29.733s][info][gc             ] GC(529) Pause Young (System.gc()) 381M->110M(1013M) 9.967ms
[29.733s][info][gc,cpu         ] GC(529) User=0.09s Sys=0.00s Real=0.02s
[29.733s][info][gc,start       ] GC(530) Pause Full (System.gc())
[29.733s][info][gc,phases,start] GC(530) Marking Phase
[29.785s][info][gc,phases      ] GC(530) Marking Phase 52.422ms
[29.785s][info][gc,phases,start] GC(530) Summary Phase
[29.785s][info][gc,phases      ] GC(530) Summary Phase 0.011ms
[29.785s][info][gc,phases,start] GC(530) Adjust Roots
[29.787s][info][gc,phases      ] GC(530) Adjust Roots 1.588ms
[29.787s][info][gc,phases,start] GC(530) Compaction Phase
[29.795s][info][gc,phases      ] GC(530) Compaction Phase 8.236ms
[29.795s][info][gc,phases,start] GC(530) Post Compact
[29.795s][info][gc,phases      ] GC(530) Post Compact 0.376ms
[29.796s][info][gc,heap        ] GC(530) PSYoungGen: 8397K(337920K)->0K(337920K) Eden: 0K(327680K)->0K(327680K) From: 8397K(10240K)->0K(10240K)
[29.796s][info][gc,heap        ] GC(530) ParOldGen: 104796K(699392K)->75857K(699392K)
[29.796s][info][gc,metaspace   ] GC(530) Metaspace: 11200K(11456K)->11200K(11456K) NonClass: 9792K(9920K)->9792K(9920K) Class: 1407K(1536K)->1407K(1536K)
[29.796s][info][gc             ] GC(530) Pause Full (System.gc()) 110M->74M(1013M) 62.845ms
[29.796s][info][gc,cpu         ] GC(530) User=0.28s Sys=0.00s Real=0.07s
[29.843s][info][gc,start       ] GC(531) Pause Young (Allocation Failure)
[29.846s][info][gc,heap        ] GC(531) PSYoungGen: 327680K(337920K)->5504K(338432K) Eden: 327680K(327680K)->0K(327680K) From: 0K(10240K)->5504K(10752K)
[29.846s][info][gc,heap        ] GC(531) ParOldGen: 75857K(699392K)->75857K(699392K)
[29.846s][info][gc,metaspace   ] GC(531) Metaspace: 11200K(11456K)->11200K(11456K) NonClass: 9792K(9920K)->9792K(9920K) Class: 1407K(1536K)->1407K(1536K)
[29.846s][info][gc             ] GC(531) Pause Young (Allocation Failure) 394M->79M(1013M) 3.675ms
[29.846s][info][gc,cpu         ] GC(531) User=0.00s Sys=0.00s Real=0.00s
[29.891s][info][gc,start       ] GC(532) Pause Young (Allocation Failure)
[29.897s][info][gc,heap        ] GC(532) PSYoungGen: 333184K(338432K)->5616K(338944K) Eden: 327680K(327680K)->0K(328704K) From: 5504K(10752K)->5616K(10240K)
[29.897s][info][gc,heap        ] GC(532) ParOldGen: 75857K(699392K)->81229K(699392K)
[29.897s][info][gc,metaspace   ] GC(532) Metaspace: 11200K(11456K)->11200K(11456K) NonClass: 9792K(9920K)->9792K(9920K) Class: 1407K(1536K)->1407K(1536K)
[29.897s][info][gc             ] GC(532) Pause Young (Allocation Failure) 399M->84M(1014M) 5.939ms
[29.897s][info][gc,cpu         ] GC(532) User=0.09s Sys=0.00s Real=0.01s
[29.942s][info][gc,start       ] GC(533) Pause Young (Allocation Failure)
[29.948s][info][gc,heap        ] GC(533) PSYoungGen: 334320K(338944K)->6616K(338944K) Eden: 328704K(328704K)->0K(328704K) From: 5616K(10240K)->6616K(10240K)
[29.948s][info][gc,heap        ] GC(533) ParOldGen: 81229K(699392K)->86285K(699392K)
[29.948s][info][gc,metaspace   ] GC(533) Metaspace: 11200K(11456K)->11200K(11456K) NonClass: 9792K(9920K)->9792K(9920K) Class: 1407K(1536K)->1407K(1536K)
[29.948s][info][gc             ] GC(533) Pause Young (Allocation Failure) 405M->90M(1014M) 6.065ms
[29.948s][info][gc,cpu         ] GC(533) User=0.09s Sys=0.00s Real=0.00s
[29.992s][info][gc,start       ] GC(534) Pause Young (Allocation Failure)
[29.998s][info][gc,heap        ] GC(534) PSYoungGen: 335320K(338944K)->5856K(339456K) Eden: 328704K(328704K)->0K(329216K) From: 6616K(10240K)->5856K(10240K)
[29.998s][info][gc,heap        ] GC(534) ParOldGen: 86285K(699392K)->92488K(699392K)
[29.998s][info][gc,metaspace   ] GC(534) Metaspace: 11200K(11456K)->11200K(11456K) NonClass: 9792K(9920K)->9792K(9920K) Class: 1407K(1536K)->1407K(1536K)
[29.998s][info][gc             ] GC(534) Pause Young (Allocation Failure) 411M->96M(1014M) 5.970ms
[29.998s][info][gc,cpu         ] GC(534) User=0.00s Sys=0.00s Real=0.01s
[30.042s][info][gc,start       ] GC(535) Pause Young (Allocation Failure)
[30.048s][info][gc,heap        ] GC(535) PSYoungGen: 335072K(339456K)->8298K(338944K) Eden: 329216K(329216K)->0K(329216K) From: 5856K(10240K)->8298K(9728K)
[30.048s][info][gc,heap        ] GC(535) ParOldGen: 92488K(699392K)->97834K(699392K)
[30.049s][info][gc,metaspace   ] GC(535) Metaspace: 11200K(11456K)->11200K(11456K) NonClass: 9792K(9920K)->9792K(9920K) Class: 1407K(1536K)->1407K(1536K)
[30.049s][info][gc             ] GC(535) Pause Young (Allocation Failure) 417M->103M(1014M) 6.196ms
[30.049s][info][gc,cpu         ] GC(535) User=0.00s Sys=0.00s Real=0.01s
[30.103s][info][gc,start       ] GC(536) Pause Young (System.gc())
[30.110s][info][gc,heap        ] GC(536) PSYoungGen: 293411K(338944K)->8764K(337920K) Eden: 285113K(329216K)->0K(327680K) From: 8298K(9728K)->8764K(10240K)
[30.111s][info][gc,heap        ] GC(536) ParOldGen: 97834K(699392K)->104639K(699392K)
[30.111s][info][gc,metaspace   ] GC(536) Metaspace: 11200K(11456K)->11200K(11456K) NonClass: 9792K(9920K)->9792K(9920K) Class: 1407K(1536K)->1407K(1536K)
[30.111s][info][gc             ] GC(536) Pause Young (System.gc()) 382M->110M(1013M) 7.515ms
[30.111s][info][gc,cpu         ] GC(536) User=0.00s Sys=0.00s Real=0.01s
[30.111s][info][gc,start       ] GC(537) Pause Full (System.gc())
[30.111s][info][gc,phases,start] GC(537) Marking Phase
[30.174s][info][gc,phases      ] GC(537) Marking Phase 63.393ms
[30.174s][info][gc,phases,start] GC(537) Summary Phase
[30.174s][info][gc,phases      ] GC(537) Summary Phase 0.010ms
[30.174s][info][gc,phases,start] GC(537) Adjust Roots
[30.175s][info][gc,phases      ] GC(537) Adjust Roots 1.364ms
[30.175s][info][gc,phases,start] GC(537) Compaction Phase
[30.184s][info][gc,phases      ] GC(537) Compaction Phase 8.063ms
[30.184s][info][gc,phases,start] GC(537) Post Compact
[30.184s][info][gc,phases      ] GC(537) Post Compact 0.372ms
[30.184s][info][gc,heap        ] GC(537) PSYoungGen: 8764K(337920K)->0K(337920K) Eden: 0K(327680K)->0K(327680K) From: 8764K(10240K)->0K(10240K)
[30.184s][info][gc,heap        ] GC(537) ParOldGen: 104639K(699392K)->75857K(699392K)
[30.184s][info][gc,metaspace   ] GC(537) Metaspace: 11200K(11456K)->11200K(11456K) NonClass: 9792K(9920K)->9792K(9920K) Class: 1407K(1536K)->1407K(1536K)
[30.184s][info][gc             ] GC(537) Pause Full (System.gc()) 110M->74M(1013M) 73.435ms
[30.184s][info][gc,cpu         ] GC(537) User=0.47s Sys=0.00s Real=0.07s
[30.233s][info][gc,start       ] GC(538) Pause Young (Allocation Failure)
[30.237s][info][gc,heap        ] GC(538) PSYoungGen: 327680K(337920K)->5568K(338432K) Eden: 327680K(327680K)->0K(327680K) From: 0K(10240K)->5568K(10752K)
[30.237s][info][gc,heap        ] GC(538) ParOldGen: 75857K(699392K)->75857K(699392K)
[30.237s][info][gc,metaspace   ] GC(538) Metaspace: 11200K(11456K)->11200K(11456K) NonClass: 9792K(9920K)->9792K(9920K) Class: 1407K(1536K)->1407K(1536K)
[30.237s][info][gc             ] GC(538) Pause Young (Allocation Failure) 394M->79M(1013M) 4.180ms
[30.237s][info][gc,cpu         ] GC(538) User=0.00s Sys=0.00s Real=0.00s
[30.283s][info][gc,start       ] GC(539) Pause Young (Allocation Failure)
[30.289s][info][gc,heap        ] GC(539) PSYoungGen: 333248K(338432K)->5696K(338944K) Eden: 327680K(327680K)->0K(328704K) From: 5568K(10752K)->5696K(10240K)
[30.289s][info][gc,heap        ] GC(539) ParOldGen: 75857K(699392K)->81192K(699392K)
[30.289s][info][gc,metaspace   ] GC(539) Metaspace: 11200K(11456K)->11200K(11456K) NonClass: 9792K(9920K)->9792K(9920K) Class: 1407K(1536K)->1407K(1536K)
[30.289s][info][gc             ] GC(539) Pause Young (Allocation Failure) 399M->84M(1014M) 6.033ms
[30.289s][info][gc,cpu         ] GC(539) User=0.09s Sys=0.00s Real=0.01s
[30.334s][info][gc,start       ] GC(540) Pause Young (Allocation Failure)
[30.341s][info][gc,heap        ] GC(540) PSYoungGen: 334400K(338944K)->6660K(338944K) Eden: 328704K(328704K)->0K(328704K) From: 5696K(10240K)->6660K(10240K)
[30.342s][info][gc,heap        ] GC(540) ParOldGen: 81192K(699392K)->86259K(699392K)
[30.342s][info][gc,metaspace   ] GC(540) Metaspace: 11200K(11456K)->11200K(11456K) NonClass: 9792K(9920K)->9792K(9920K) Class: 1407K(1536K)->1407K(1536K)
[30.342s][info][gc             ] GC(540) Pause Young (Allocation Failure) 405M->90M(1014M) 7.103ms
[30.342s][info][gc,cpu         ] GC(540) User=0.00s Sys=0.00s Real=0.01s
[30.386s][info][gc,start       ] GC(541) Pause Young (Allocation Failure)
[30.392s][info][gc,heap        ] GC(541) PSYoungGen: 335364K(338944K)->5872K(339456K) Eden: 328704K(328704K)->0K(329216K) From: 6660K(10240K)->5872K(10240K)
[30.392s][info][gc,heap        ] GC(541) ParOldGen: 86259K(699392K)->92470K(699392K)
[30.392s][info][gc,metaspace   ] GC(541) Metaspace: 11200K(11456K)->11200K(11456K) NonClass: 9792K(9920K)->9792K(9920K) Class: 1407K(1536K)->1407K(1536K)
[30.392s][info][gc             ] GC(541) Pause Young (Allocation Failure) 411M->96M(1014M) 5.978ms
[30.392s][info][gc,cpu         ] GC(541) User=0.00s Sys=0.00s Real=0.00s
[30.437s][info][gc,start       ] GC(542) Pause Young (Allocation Failure)
[30.443s][info][gc,heap        ] GC(542) PSYoungGen: 335088K(339456K)->8276K(338944K) Eden: 329216K(329216K)->0K(329216K) From: 5872K(10240K)->8276K(9728K)
[30.443s][info][gc,heap        ] GC(542) ParOldGen: 92470K(699392K)->97816K(699392K)
[30.443s][info][gc,metaspace   ] GC(542) Metaspace: 11200K(11456K)->11200K(11456K) NonClass: 9792K(9920K)->9792K(9920K) Class: 1407K(1536K)->1407K(1536K)
[30.443s][info][gc             ] GC(542) Pause Young (Allocation Failure) 417M->103M(1014M) 6.045ms
[30.443s][info][gc,cpu         ] GC(542) User=0.09s Sys=0.00s Real=0.01s
[30.500s][info][gc,start       ] GC(543) Pause Young (System.gc())
[30.508s][info][gc,heap        ] GC(543) PSYoungGen: 293942K(338944K)->9277K(337920K) Eden: 285666K(329216K)->0K(327680K) From: 8276K(9728K)->9277K(10240K)
[30.508s][info][gc,heap        ] GC(543) ParOldGen: 97816K(699392K)->104008K(699392K)
[30.508s][info][gc,metaspace   ] GC(543) Metaspace: 11200K(11456K)->11200K(11456K) NonClass: 9792K(9920K)->9792K(9920K) Class: 1407K(1536K)->1407K(1536K)
[30.508s][info][gc             ] GC(543) Pause Young (System.gc()) 382M->110M(1013M) 7.801ms
[30.508s][info][gc,cpu         ] GC(543) User=0.06s Sys=0.02s Real=0.01s
[30.508s][info][gc,start       ] GC(544) Pause Full (System.gc())
[30.508s][info][gc,phases,start] GC(544) Marking Phase
[30.553s][info][gc,phases      ] GC(544) Marking Phase 45.047ms
[30.553s][info][gc,phases,start] GC(544) Summary Phase
[30.553s][info][gc,phases      ] GC(544) Summary Phase 0.010ms
[30.553s][info][gc,phases,start] GC(544) Adjust Roots
[30.554s][info][gc,phases      ] GC(544) Adjust Roots 1.514ms
[30.554s][info][gc,phases,start] GC(544) Compaction Phase
[30.563s][info][gc,phases      ] GC(544) Compaction Phase 8.219ms
[30.563s][info][gc,phases,start] GC(544) Post Compact
[30.563s][info][gc,phases      ] GC(544) Post Compact 0.367ms
[30.563s][info][gc,heap        ] GC(544) PSYoungGen: 9277K(337920K)->0K(337920K) Eden: 0K(327680K)->0K(327680K) From: 9277K(10240K)->0K(10240K)
[30.563s][info][gc,heap        ] GC(544) ParOldGen: 104008K(699392K)->75857K(699392K)
[30.563s][info][gc,metaspace   ] GC(544) Metaspace: 11200K(11456K)->11200K(11456K) NonClass: 9792K(9920K)->9792K(9920K) Class: 1407K(1536K)->1407K(1536K)
[30.563s][info][gc             ] GC(544) Pause Full (System.gc()) 110M->74M(1013M) 55.391ms
[30.563s][info][gc,cpu         ] GC(544) User=0.20s Sys=0.00s Real=0.06s
[30.609s][info][gc,start       ] GC(545) Pause Young (Allocation Failure)
[30.613s][info][gc,heap        ] GC(545) PSYoungGen: 327680K(337920K)->5536K(338432K) Eden: 327680K(327680K)->0K(327680K) From: 0K(10240K)->5536K(10752K)
[30.613s][info][gc,heap        ] GC(545) ParOldGen: 75857K(699392K)->75857K(699392K)
[30.613s][info][gc,metaspace   ] GC(545) Metaspace: 11200K(11456K)->11200K(11456K) NonClass: 9792K(9920K)->9792K(9920K) Class: 1407K(1536K)->1407K(1536K)
[30.613s][info][gc             ] GC(545) Pause Young (Allocation Failure) 394M->79M(1013M) 3.850ms
[30.613s][info][gc,cpu         ] GC(545) User=0.00s Sys=0.00s Real=0.00s
[30.657s][info][gc,start       ] GC(546) Pause Young (Allocation Failure)
[30.663s][info][gc,heap        ] GC(546) PSYoungGen: 333216K(338432K)->5680K(338432K) Eden: 327680K(327680K)->0K(327680K) From: 5536K(10752K)->5680K(10752K)
[30.664s][info][gc,heap        ] GC(546) ParOldGen: 75857K(699392K)->81184K(699392K)
[30.664s][info][gc,metaspace   ] GC(546) Metaspace: 11200K(11456K)->11200K(11456K) NonClass: 9792K(9920K)->9792K(9920K) Class: 1407K(1536K)->1407K(1536K)
[30.664s][info][gc             ] GC(546) Pause Young (Allocation Failure) 399M->84M(1013M) 6.201ms
[30.664s][info][gc,cpu         ] GC(546) User=0.09s Sys=0.00s Real=0.01s
[30.708s][info][gc,start       ] GC(547) Pause Young (Allocation Failure)
[30.714s][info][gc,heap        ] GC(547) PSYoungGen: 333360K(338432K)->6698K(338432K) Eden: 327680K(327680K)->0K(327680K) From: 5680K(10752K)->6698K(10752K)
[30.714s][info][gc,heap        ] GC(547) ParOldGen: 81184K(699392K)->86305K(699392K)
[30.714s][info][gc,metaspace   ] GC(547) Metaspace: 11200K(11456K)->11200K(11456K) NonClass: 9792K(9920K)->9792K(9920K) Class: 1407K(1536K)->1407K(1536K)
[30.714s][info][gc             ] GC(547) Pause Young (Allocation Failure) 404M->90M(1013M) 5.951ms
[30.714s][info][gc,cpu         ] GC(547) User=0.02s Sys=0.00s Real=0.00s
[30.758s][info][gc,start       ] GC(548) Pause Young (Allocation Failure)
[30.764s][info][gc,heap        ] GC(548) PSYoungGen: 334378K(338432K)->6137K(338944K) Eden: 327680K(327680K)->0K(328704K) From: 6698K(10752K)->6137K(10240K)
[30.764s][info][gc,heap        ] GC(548) ParOldGen: 86305K(699392K)->92383K(699392K)
[30.764s][info][gc,metaspace   ] GC(548) Metaspace: 11200K(11456K)->11200K(11456K) NonClass: 9792K(9920K)->9792K(9920K) Class: 1407K(1536K)->1407K(1536K)
[30.764s][info][gc             ] GC(548) Pause Young (Allocation Failure) 410M->96M(1014M) 5.989ms
[30.764s][info][gc,cpu         ] GC(548) User=0.00s Sys=0.00s Real=0.01s
[30.808s][info][gc,start       ] GC(549) Pause Young (Allocation Failure)
[30.814s][info][gc,heap        ] GC(549) PSYoungGen: 334841K(338944K)->8202K(338944K) Eden: 328704K(328704K)->0K(328704K) From: 6137K(10240K)->8202K(10240K)
[30.814s][info][gc,heap        ] GC(549) ParOldGen: 92383K(699392K)->98067K(699392K)
[30.814s][info][gc,metaspace   ] GC(549) Metaspace: 11200K(11456K)->11200K(11456K) NonClass: 9792K(9920K)->9792K(9920K) Class: 1407K(1536K)->1407K(1536K)
[30.814s][info][gc             ] GC(549) Pause Young (Allocation Failure) 417M->103M(1014M) 6.068ms
[30.814s][info][gc,cpu         ] GC(549) User=0.00s Sys=0.00s Real=0.00s
[30.875s][info][gc,start       ] GC(550) Pause Young (System.gc())
[30.883s][info][gc,heap        ] GC(550) PSYoungGen: 299606K(338944K)->9224K(337920K) Eden: 291404K(328704K)->0K(327680K) From: 8202K(10240K)->9224K(10240K)
[30.883s][info][gc,heap        ] GC(550) ParOldGen: 98067K(699392K)->104345K(699392K)
[30.883s][info][gc,metaspace   ] GC(550) Metaspace: 11200K(11456K)->11200K(11456K) NonClass: 9792K(9920K)->9792K(9920K) Class: 1407K(1536K)->1407K(1536K)
[30.884s][info][gc             ] GC(550) Pause Young (System.gc()) 388M->110M(1013M) 8.017ms
[30.884s][info][gc,cpu         ] GC(550) User=0.09s Sys=0.00s Real=0.01s
[30.884s][info][gc,start       ] GC(551) Pause Full (System.gc())
[30.884s][info][gc,phases,start] GC(551) Marking Phase
[30.937s][info][gc,phases      ] GC(551) Marking Phase 53.057ms
[30.937s][info][gc,phases,start] GC(551) Summary Phase
[30.937s][info][gc,phases      ] GC(551) Summary Phase 0.010ms
[30.937s][info][gc,phases,start] GC(551) Adjust Roots
[30.939s][info][gc,phases      ] GC(551) Adjust Roots 1.894ms
[30.939s][info][gc,phases,start] GC(551) Compaction Phase
[30.947s][info][gc,phases      ] GC(551) Compaction Phase 7.938ms
[30.947s][info][gc,phases,start] GC(551) Post Compact
[30.947s][info][gc,phases      ] GC(551) Post Compact 0.353ms
[30.947s][info][gc,heap        ] GC(551) PSYoungGen: 9224K(337920K)->0K(337920K) Eden: 0K(327680K)->0K(327680K) From: 9224K(10240K)->0K(10240K)
[30.947s][info][gc,heap        ] GC(551) ParOldGen: 104345K(699392K)->75857K(699392K)
[30.947s][info][gc,metaspace   ] GC(551) Metaspace: 11200K(11456K)->11200K(11456K) NonClass: 9792K(9920K)->9792K(9920K) Class: 1407K(1536K)->1407K(1536K)
[30.947s][info][gc             ] GC(551) Pause Full (System.gc()) 110M->74M(1013M) 63.512ms
[30.947s][info][gc,cpu         ] GC(551) User=0.34s Sys=0.00s Real=0.06s
[30.994s][info][gc,start       ] GC(552) Pause Young (Allocation Failure)
[30.997s][info][gc,heap        ] GC(552) PSYoungGen: 327680K(337920K)->5600K(338432K) Eden: 327680K(327680K)->0K(327680K) From: 0K(10240K)->5600K(10752K)
[30.997s][info][gc,heap        ] GC(552) ParOldGen: 75857K(699392K)->75857K(699392K)
[30.997s][info][gc,metaspace   ] GC(552) Metaspace: 11200K(11456K)->11200K(11456K) NonClass: 9792K(9920K)->9792K(9920K) Class: 1407K(1536K)->1407K(1536K)
[30.997s][info][gc             ] GC(552) Pause Young (Allocation Failure) 394M->79M(1013M) 3.702ms
[30.997s][info][gc,cpu         ] GC(552) User=0.00s Sys=0.00s Real=0.00s
[31.042s][info][gc,start       ] GC(553) Pause Young (Allocation Failure)
[31.047s][info][gc,heap        ] GC(553) PSYoungGen: 333280K(338432K)->5680K(338432K) Eden: 327680K(327680K)->0K(327680K) From: 5600K(10752K)->5680K(10752K)
[31.048s][info][gc,heap        ] GC(553) ParOldGen: 75857K(699392K)->81237K(699392K)
[31.048s][info][gc,metaspace   ] GC(553) Metaspace: 11200K(11456K)->11200K(11456K) NonClass: 9792K(9920K)->9792K(9920K) Class: 1407K(1536K)->1407K(1536K)
[31.048s][info][gc             ] GC(553) Pause Young (Allocation Failure) 399M->84M(1013M) 5.830ms
[31.048s][info][gc,cpu         ] GC(553) User=0.00s Sys=0.00s Real=0.01s
[31.092s][info][gc,start       ] GC(554) Pause Young (Allocation Failure)
[31.098s][info][gc,heap        ] GC(554) PSYoungGen: 333360K(338432K)->6535K(338432K) Eden: 327680K(327680K)->0K(327680K) From: 5680K(10752K)->6535K(10752K)
[31.098s][info][gc,heap        ] GC(554) ParOldGen: 81237K(699392K)->86367K(699392K)
[31.098s][info][gc,metaspace   ] GC(554) Metaspace: 11200K(11456K)->11200K(11456K) NonClass: 9792K(9920K)->9792K(9920K) Class: 1407K(1536K)->1407K(1536K)
[31.098s][info][gc             ] GC(554) Pause Young (Allocation Failure) 404M->90M(1013M) 6.161ms
[31.098s][info][gc,cpu         ] GC(554) User=0.09s Sys=0.00s Real=0.01s
[31.144s][info][gc,start       ] GC(555) Pause Young (Allocation Failure)
[31.150s][info][gc,heap        ] GC(555) PSYoungGen: 334215K(338432K)->5856K(338944K) Eden: 327680K(327680K)->0K(328704K) From: 6535K(10752K)->5856K(10240K)
[31.150s][info][gc,heap        ] GC(555) ParOldGen: 86367K(699392K)->92506K(699392K)
[31.150s][info][gc,metaspace   ] GC(555) Metaspace: 11200K(11456K)->11200K(11456K) NonClass: 9792K(9920K)->9792K(9920K) Class: 1407K(1536K)->1407K(1536K)
[31.150s][info][gc             ] GC(555) Pause Young (Allocation Failure) 410M->96M(1014M) 5.808ms
[31.150s][info][gc,cpu         ] GC(555) User=0.08s Sys=0.02s Real=0.01s
[31.194s][info][gc,start       ] GC(556) Pause Young (Allocation Failure)
[31.201s][info][gc,heap        ] GC(556) PSYoungGen: 334560K(338944K)->8786K(337920K) Eden: 328704K(328704K)->0K(328704K) From: 5856K(10240K)->8786K(9216K)
[31.201s][info][gc,heap        ] GC(556) ParOldGen: 92506K(699392K)->97837K(699392K)
[31.201s][info][gc,metaspace   ] GC(556) Metaspace: 11200K(11456K)->11200K(11456K) NonClass: 9792K(9920K)->9792K(9920K) Class: 1407K(1536K)->1407K(1536K)
[31.201s][info][gc             ] GC(556) Pause Young (Allocation Failure) 417M->104M(1013M) 6.578ms
[31.201s][info][gc,cpu         ] GC(556) User=0.00s Sys=0.00s Real=0.01s
[31.264s][info][gc,start       ] GC(557) Pause Young (System.gc())
[31.271s][info][gc,heap        ] GC(557) PSYoungGen: 296651K(337920K)->8420K(338432K) Eden: 287864K(328704K)->0K(327680K) From: 8786K(9216K)->8420K(10752K)
[31.271s][info][gc,heap        ] GC(557) ParOldGen: 97837K(699392K)->104945K(699392K)
[31.271s][info][gc,metaspace   ] GC(557) Metaspace: 11200K(11456K)->11200K(11456K) NonClass: 9792K(9920K)->9792K(9920K) Class: 1407K(1536K)->1407K(1536K)
[31.271s][info][gc             ] GC(557) Pause Young (System.gc()) 385M->110M(1013M) 7.531ms
[31.271s][info][gc,cpu         ] GC(557) User=0.09s Sys=0.00s Real=0.01s
[31.271s][info][gc,start       ] GC(558) Pause Full (System.gc())
[31.271s][info][gc,phases,start] GC(558) Marking Phase
[31.314s][info][gc,phases      ] GC(558) Marking Phase 43.322ms
[31.314s][info][gc,phases,start] GC(558) Summary Phase
[31.314s][info][gc,phases      ] GC(558) Summary Phase 0.010ms
[31.314s][info][gc,phases,start] GC(558) Adjust Roots
[31.316s][info][gc,phases      ] GC(558) Adjust Roots 1.352ms
[31.316s][info][gc,phases,start] GC(558) Compaction Phase
[31.324s][info][gc,phases      ] GC(558) Compaction Phase 8.407ms
[31.324s][info][gc,phases,start] GC(558) Post Compact
[31.325s][info][gc,phases      ] GC(558) Post Compact 0.383ms
[31.325s][info][gc,heap        ] GC(558) PSYoungGen: 8420K(338432K)->0K(338432K) Eden: 0K(327680K)->0K(327680K) From: 8420K(10752K)->0K(10752K)
[31.325s][info][gc,heap        ] GC(558) ParOldGen: 104945K(699392K)->75857K(699392K)
[31.325s][info][gc,metaspace   ] GC(558) Metaspace: 11200K(11456K)->11200K(11456K) NonClass: 9792K(9920K)->9792K(9920K) Class: 1407K(1536K)->1407K(1536K)
[31.325s][info][gc             ] GC(558) Pause Full (System.gc()) 110M->74M(1013M) 53.734ms
[31.325s][info][gc,cpu         ] GC(558) User=0.27s Sys=0.02s Real=0.05s
[31.371s][info][gc,start       ] GC(559) Pause Young (Allocation Failure)
[31.375s][info][gc,heap        ] GC(559) PSYoungGen: 327680K(338432K)->5600K(338432K) Eden: 327680K(327680K)->0K(327680K) From: 0K(10752K)->5600K(10752K)
[31.375s][info][gc,heap        ] GC(559) ParOldGen: 75857K(699392K)->75857K(699392K)
[31.375s][info][gc,metaspace   ] GC(559) Metaspace: 11200K(11456K)->11200K(11456K) NonClass: 9792K(9920K)->9792K(9920K) Class: 1407K(1536K)->1407K(1536K)
[31.375s][info][gc             ] GC(559) Pause Young (Allocation Failure) 394M->79M(1013M) 3.723ms
[31.375s][info][gc,cpu         ] GC(559) User=0.00s Sys=0.00s Real=0.00s
[31.419s][info][gc,start       ] GC(560) Pause Young (Allocation Failure)
[31.425s][info][gc,heap        ] GC(560) PSYoungGen: 333280K(338432K)->5600K(338432K) Eden: 327680K(327680K)->0K(327680K) From: 5600K(10752K)->5600K(10752K)
[31.425s][info][gc,heap        ] GC(560) ParOldGen: 75857K(699392K)->81248K(699392K)
[31.425s][info][gc,metaspace   ] GC(560) Metaspace: 11200K(11456K)->11200K(11456K) NonClass: 9792K(9920K)->9792K(9920K) Class: 1407K(1536K)->1407K(1536K)
[31.425s][info][gc             ] GC(560) Pause Young (Allocation Failure) 399M->84M(1013M) 5.964ms
[31.425s][info][gc,cpu         ] GC(560) User=0.00s Sys=0.00s Real=0.01s
[31.470s][info][gc,start       ] GC(561) Pause Young (Allocation Failure)
[31.476s][info][gc,heap        ] GC(561) PSYoungGen: 333280K(338432K)->6547K(338432K) Eden: 327680K(327680K)->0K(327680K) From: 5600K(10752K)->6547K(10752K)
[31.476s][info][gc,heap        ] GC(561) ParOldGen: 81248K(699392K)->86351K(699392K)
[31.476s][info][gc,metaspace   ] GC(561) Metaspace: 11200K(11456K)->11200K(11456K) NonClass: 9792K(9920K)->9792K(9920K) Class: 1407K(1536K)->1407K(1536K)
[31.476s][info][gc             ] GC(561) Pause Young (Allocation Failure) 404M->90M(1013M) 6.196ms
[31.476s][info][gc,cpu         ] GC(561) User=0.09s Sys=0.00s Real=0.01s
[31.521s][info][gc,start       ] GC(562) Pause Young (Allocation Failure)
[31.527s][info][gc,heap        ] GC(562) PSYoungGen: 334227K(338432K)->5840K(338944K) Eden: 327680K(327680K)->0K(328704K) From: 6547K(10752K)->5840K(10240K)
[31.527s][info][gc,heap        ] GC(562) ParOldGen: 86351K(699392K)->92484K(699392K)
[31.527s][info][gc,metaspace   ] GC(562) Metaspace: 11200K(11456K)->11200K(11456K) NonClass: 9792K(9920K)->9792K(9920K) Class: 1407K(1536K)->1407K(1536K)
[31.527s][info][gc             ] GC(562) Pause Young (Allocation Failure) 410M->96M(1014M) 5.867ms
[31.527s][info][gc,cpu         ] GC(562) User=0.00s Sys=0.00s Real=0.00s
[31.571s][info][gc,start       ] GC(563) Pause Young (Allocation Failure)
[31.577s][info][gc,heap        ] GC(563) PSYoungGen: 334544K(338944K)->8263K(338944K) Eden: 328704K(328704K)->0K(328704K) From: 5840K(10240K)->8263K(10240K)
[31.577s][info][gc,heap        ] GC(563) ParOldGen: 92484K(699392K)->97824K(699392K)
[31.577s][info][gc,metaspace   ] GC(563) Metaspace: 11200K(11456K)->11200K(11456K) NonClass: 9792K(9920K)->9792K(9920K) Class: 1407K(1536K)->1407K(1536K)
[31.577s][info][gc             ] GC(563) Pause Young (Allocation Failure) 417M->103M(1014M) 6.318ms
[31.577s][info][gc,cpu         ] GC(563) User=0.00s Sys=0.00s Real=0.01s
[31.637s][info][gc,start       ] GC(564) Pause Young (System.gc())
[31.644s][info][gc,heap        ] GC(564) PSYoungGen: 295012K(338944K)->8401K(337920K) Eden: 286748K(328704K)->0K(327680K) From: 8263K(10240K)->8401K(10240K)
[31.644s][info][gc,heap        ] GC(564) ParOldGen: 97824K(699392K)->104991K(699392K)
[31.644s][info][gc,metaspace   ] GC(564) Metaspace: 11200K(11456K)->11200K(11456K) NonClass: 9792K(9920K)->9792K(9920K) Class: 1407K(1536K)->1407K(1536K)
[31.644s][info][gc             ] GC(564) Pause Young (System.gc()) 383M->110M(1013M) 6.792ms
[31.644s][info][gc,cpu         ] GC(564) User=0.00s Sys=0.00s Real=0.01s
[31.644s][info][gc,start       ] GC(565) Pause Full (System.gc())
[31.644s][info][gc,phases,start] GC(565) Marking Phase
[31.689s][info][gc,phases      ] GC(565) Marking Phase 44.842ms
[31.689s][info][gc,phases,start] GC(565) Summary Phase
[31.689s][info][gc,phases      ] GC(565) Summary Phase 0.010ms
[31.689s][info][gc,phases,start] GC(565) Adjust Roots
[31.690s][info][gc,phases      ] GC(565) Adjust Roots 1.369ms
[31.690s][info][gc,phases,start] GC(565) Compaction Phase
[31.698s][info][gc,phases      ] GC(565) Compaction Phase 8.232ms
[31.698s][info][gc,phases,start] GC(565) Post Compact
[31.699s][info][gc,phases      ] GC(565) Post Compact 0.370ms
[31.699s][info][gc,heap        ] GC(565) PSYoungGen: 8401K(337920K)->0K(337920K) Eden: 0K(327680K)->0K(327680K) From: 8401K(10240K)->0K(10240K)
[31.699s][info][gc,heap        ] GC(565) ParOldGen: 104991K(699392K)->75857K(699392K)
[31.699s][info][gc,metaspace   ] GC(565) Metaspace: 11200K(11456K)->11200K(11456K) NonClass: 9792K(9920K)->9792K(9920K) Class: 1407K(1536K)->1407K(1536K)
[31.699s][info][gc             ] GC(565) Pause Full (System.gc()) 110M->74M(1013M) 55.052ms
[31.699s][info][gc,cpu         ] GC(565) User=0.38s Sys=0.00s Real=0.06s
[31.745s][info][gc,start       ] GC(566) Pause Young (Allocation Failure)
[31.749s][info][gc,heap        ] GC(566) PSYoungGen: 327680K(337920K)->5568K(338432K) Eden: 327680K(327680K)->0K(327680K) From: 0K(10240K)->5568K(10752K)
[31.749s][info][gc,heap        ] GC(566) ParOldGen: 75857K(699392K)->75857K(699392K)
[31.749s][info][gc,metaspace   ] GC(566) Metaspace: 11200K(11456K)->11200K(11456K) NonClass: 9792K(9920K)->9792K(9920K) Class: 1407K(1536K)->1407K(1536K)
[31.749s][info][gc             ] GC(566) Pause Young (Allocation Failure) 394M->79M(1013M) 3.738ms
[31.749s][info][gc,cpu         ] GC(566) User=0.00s Sys=0.00s Real=0.00s
[31.793s][info][gc,start       ] GC(567) Pause Young (Allocation Failure)
[31.799s][info][gc,heap        ] GC(567) PSYoungGen: 333248K(338432K)->5648K(338944K) Eden: 327680K(327680K)->0K(328192K) From: 5568K(10752K)->5648K(10752K)
[31.799s][info][gc,heap        ] GC(567) ParOldGen: 75857K(699392K)->81225K(699392K)
[31.799s][info][gc,metaspace   ] GC(567) Metaspace: 11200K(11456K)->11200K(11456K) NonClass: 9792K(9920K)->9792K(9920K) Class: 1407K(1536K)->1407K(1536K)
[31.799s][info][gc             ] GC(567) Pause Young (Allocation Failure) 399M->84M(1014M) 5.862ms
[31.799s][info][gc,cpu         ] GC(567) User=0.00s Sys=0.00s Real=0.00s
[31.844s][info][gc,start       ] GC(568) Pause Young (Allocation Failure)
[31.850s][info][gc,heap        ] GC(568) PSYoungGen: 333840K(338944K)->6619K(338432K) Eden: 328192K(328192K)->0K(328192K) From: 5648K(10752K)->6619K(10240K)
[31.850s][info][gc,heap        ] GC(568) ParOldGen: 81225K(699392K)->86328K(699392K)
[31.850s][info][gc,metaspace   ] GC(568) Metaspace: 11200K(11456K)->11200K(11456K) NonClass: 9792K(9920K)->9792K(9920K) Class: 1407K(1536K)->1407K(1536K)
[31.850s][info][gc             ] GC(568) Pause Young (Allocation Failure) 405M->90M(1013M) 5.917ms
[31.850s][info][gc,cpu         ] GC(568) User=0.09s Sys=0.00s Real=0.01s
[31.895s][info][gc,start       ] GC(569) Pause Young (Allocation Failure)
[31.900s][info][gc,heap        ] GC(569) PSYoungGen: 334811K(338432K)->6309K(339456K) Eden: 328192K(328192K)->0K(329216K) From: 6619K(10240K)->6309K(10240K)
[31.900s][info][gc,heap        ] GC(569) ParOldGen: 86328K(699392K)->92531K(699392K)
[31.900s][info][gc,metaspace   ] GC(569) Metaspace: 11200K(11456K)->11200K(11456K) NonClass: 9792K(9920K)->9792K(9920K) Class: 1407K(1536K)->1407K(1536K)
[31.900s][info][gc             ] GC(569) Pause Young (Allocation Failure) 411M->96M(1014M) 5.515ms
[31.900s][info][gc,cpu         ] GC(569) User=0.09s Sys=0.00s Real=0.00s
[31.945s][info][gc,start       ] GC(570) Pause Young (Allocation Failure)
[31.951s][info][gc,heap        ] GC(570) PSYoungGen: 335525K(339456K)->7538K(338944K) Eden: 329216K(329216K)->0K(329216K) From: 6309K(10240K)->7538K(9728K)
[31.951s][info][gc,heap        ] GC(570) ParOldGen: 92531K(699392K)->98275K(699392K)
[31.951s][info][gc,metaspace   ] GC(570) Metaspace: 11200K(11456K)->11200K(11456K) NonClass: 9792K(9920K)->9792K(9920K) Class: 1407K(1536K)->1407K(1536K)
[31.951s][info][gc             ] GC(570) Pause Young (Allocation Failure) 418M->103M(1014M) 6.379ms
[31.951s][info][gc,cpu         ] GC(570) User=0.00s Sys=0.00s Real=0.01s
[32.008s][info][gc,start       ] GC(571) Pause Young (System.gc())
[32.014s][info][gc,heap        ] GC(571) PSYoungGen: 291231K(338944K)->8389K(338432K) Eden: 283693K(329216K)->0K(328704K) From: 7538K(9728K)->8389K(9728K)
[32.014s][info][gc,heap        ] GC(571) ParOldGen: 98275K(699392K)->104750K(699392K)
[32.014s][info][gc,metaspace   ] GC(571) Metaspace: 11200K(11456K)->11200K(11456K) NonClass: 9792K(9920K)->9792K(9920K) Class: 1407K(1536K)->1407K(1536K)
[32.014s][info][gc             ] GC(571) Pause Young (System.gc()) 380M->110M(1013M) 6.639ms
[32.014s][info][gc,cpu         ] GC(571) User=0.00s Sys=0.00s Real=0.01s
[32.014s][info][gc,start       ] GC(572) Pause Full (System.gc())
[32.014s][info][gc,phases,start] GC(572) Marking Phase
[32.056s][info][gc,phases      ] GC(572) Marking Phase 41.998ms
[32.056s][info][gc,phases,start] GC(572) Summary Phase
[32.056s][info][gc,phases      ] GC(572) Summary Phase 0.010ms
[32.056s][info][gc,phases,start] GC(572) Adjust Roots
[32.058s][info][gc,phases      ] GC(572) Adjust Roots 1.329ms
[32.058s][info][gc,phases,start] GC(572) Compaction Phase
[32.065s][info][gc,phases      ] GC(572) Compaction Phase 7.728ms
[32.065s][info][gc,phases,start] GC(572) Post Compact
[32.066s][info][gc,phases      ] GC(572) Post Compact 0.357ms
[32.066s][info][gc,heap        ] GC(572) PSYoungGen: 8389K(338432K)->0K(338432K) Eden: 0K(328704K)->0K(328704K) From: 8389K(9728K)->0K(9728K)
[32.066s][info][gc,heap        ] GC(572) ParOldGen: 104750K(699392K)->75857K(699392K)
[32.066s][info][gc,metaspace   ] GC(572) Metaspace: 11200K(11456K)->11200K(11456K) NonClass: 9792K(9920K)->9792K(9920K) Class: 1407K(1536K)->1407K(1536K)
[32.066s][info][gc             ] GC(572) Pause Full (System.gc()) 110M->74M(1013M) 51.635ms
[32.066s][info][gc,cpu         ] GC(572) User=0.27s Sys=0.00s Real=0.05s
[32.112s][info][gc,start       ] GC(573) Pause Young (Allocation Failure)
[32.116s][info][gc,heap        ] GC(573) PSYoungGen: 328704K(338432K)->5600K(338944K) Eden: 328704K(328704K)->0K(328704K) From: 0K(9728K)->5600K(10240K)
[32.116s][info][gc,heap        ] GC(573) ParOldGen: 75857K(699392K)->75857K(699392K)
[32.116s][info][gc,metaspace   ] GC(573) Metaspace: 11200K(11456K)->11200K(11456K) NonClass: 9792K(9920K)->9792K(9920K) Class: 1407K(1536K)->1407K(1536K)
[32.116s][info][gc             ] GC(573) Pause Young (Allocation Failure) 395M->79M(1014M) 4.102ms
[32.116s][info][gc,cpu         ] GC(573) User=0.08s Sys=0.00s Real=0.00s
[32.161s][info][gc,start       ] GC(574) Pause Young (Allocation Failure)
[32.167s][info][gc,heap        ] GC(574) PSYoungGen: 334304K(338944K)->5648K(339456K) Eden: 328704K(328704K)->0K(329216K) From: 5600K(10240K)->5648K(10240K)
[32.167s][info][gc,heap        ] GC(574) ParOldGen: 75857K(699392K)->81254K(699392K)
[32.167s][info][gc,metaspace   ] GC(574) Metaspace: 11200K(11456K)->11200K(11456K) NonClass: 9792K(9920K)->9792K(9920K) Class: 1407K(1536K)->1407K(1536K)
[32.167s][info][gc             ] GC(574) Pause Young (Allocation Failure) 400M->84M(1014M) 5.782ms
[32.167s][info][gc,cpu         ] GC(574) User=0.00s Sys=0.00s Real=0.01s
[32.214s][info][gc,start       ] GC(575) Pause Young (Allocation Failure)
[32.221s][info][gc,heap        ] GC(575) PSYoungGen: 334864K(339456K)->6713K(338944K) Eden: 329216K(329216K)->0K(329216K) From: 5648K(10240K)->6713K(9728K)
[32.221s][info][gc,heap        ] GC(575) ParOldGen: 81254K(699392K)->86360K(699392K)
[32.221s][info][gc,metaspace   ] GC(575) Metaspace: 11200K(11456K)->11200K(11456K) NonClass: 9792K(9920K)->9792K(9920K) Class: 1407K(1536K)->1407K(1536K)
[32.221s][info][gc             ] GC(575) Pause Young (Allocation Failure) 406M->90M(1014M) 7.244ms
[32.221s][info][gc,cpu         ] GC(575) User=0.00s Sys=0.00s Real=0.01s
[32.266s][info][gc,start       ] GC(576) Pause Young (Allocation Failure)
[32.273s][info][gc,heap        ] GC(576) PSYoungGen: 335929K(338944K)->7070K(339456K) Eden: 329216K(329216K)->0K(329728K) From: 6713K(9728K)->7070K(9728K)
[32.273s][info][gc,heap        ] GC(576) ParOldGen: 86360K(699392K)->91951K(699392K)
[32.273s][info][gc,metaspace   ] GC(576) Metaspace: 11200K(11456K)->11200K(11456K) NonClass: 9792K(9920K)->9792K(9920K) Class: 1407K(1536K)->1407K(1536K)
[32.273s][info][gc             ] GC(576) Pause Young (Allocation Failure) 412M->96M(1014M) 6.822ms
[32.273s][info][gc,cpu         ] GC(576) User=0.09s Sys=0.00s Real=0.01s
[32.319s][info][gc,start       ] GC(577) Pause Young (Allocation Failure)
[32.325s][info][gc,heap        ] GC(577) PSYoungGen: 336798K(339456K)->7850K(339456K) Eden: 329728K(329728K)->0K(329728K) From: 7070K(9728K)->7850K(9728K)
[32.325s][info][gc,heap        ] GC(577) ParOldGen: 91951K(699392K)->97957K(699392K)
[32.325s][info][gc,metaspace   ] GC(577) Metaspace: 11200K(11456K)->11200K(11456K) NonClass: 9792K(9920K)->9792K(9920K) Class: 1407K(1536K)->1407K(1536K)
[32.325s][info][gc             ] GC(577) Pause Young (Allocation Failure) 418M->103M(1014M) 5.929ms
[32.325s][info][gc,cpu         ] GC(577) User=0.00s Sys=0.00s Real=0.01s
[32.383s][info][gc,start       ] GC(578) Pause Young (System.gc())
[32.391s][info][gc,heap        ] GC(578) PSYoungGen: 292579K(339456K)->8238K(339456K) Eden: 284728K(329728K)->0K(329728K) From: 7850K(9728K)->8238K(9728K)
[32.391s][info][gc,heap        ] GC(578) ParOldGen: 97957K(699392K)->104937K(699392K)
[32.391s][info][gc,metaspace   ] GC(578) Metaspace: 11200K(11456K)->11200K(11456K) NonClass: 9792K(9920K)->9792K(9920K) Class: 1407K(1536K)->1407K(1536K)
[32.391s][info][gc             ] GC(578) Pause Young (System.gc()) 381M->110M(1014M) 7.252ms
[32.391s][info][gc,cpu         ] GC(578) User=0.00s Sys=0.00s Real=0.01s
[32.391s][info][gc,start       ] GC(579) Pause Full (System.gc())
[32.391s][info][gc,phases,start] GC(579) Marking Phase
[32.435s][info][gc,phases      ] GC(579) Marking Phase 43.950ms
[32.435s][info][gc,phases,start] GC(579) Summary Phase
[32.435s][info][gc,phases      ] GC(579) Summary Phase 0.011ms
[32.435s][info][gc,phases,start] GC(579) Adjust Roots
[32.436s][info][gc,phases      ] GC(579) Adjust Roots 1.390ms
[32.436s][info][gc,phases,start] GC(579) Compaction Phase
[32.444s][info][gc,phases      ] GC(579) Compaction Phase 8.347ms
[32.444s][info][gc,phases,start] GC(579) Post Compact
[32.445s][info][gc,phases      ] GC(579) Post Compact 0.377ms
[32.445s][info][gc,heap        ] GC(579) PSYoungGen: 8238K(339456K)->0K(339456K) Eden: 0K(329728K)->0K(329728K) From: 8238K(9728K)->0K(9728K)
[32.445s][info][gc,heap        ] GC(579) ParOldGen: 104937K(699392K)->75857K(699392K)
[32.445s][info][gc,metaspace   ] GC(579) Metaspace: 11200K(11456K)->11200K(11456K) NonClass: 9792K(9920K)->9792K(9920K) Class: 1407K(1536K)->1407K(1536K)
[32.445s][info][gc             ] GC(579) Pause Full (System.gc()) 110M->74M(1014M) 54.320ms
[32.445s][info][gc,cpu         ] GC(579) User=0.38s Sys=0.00s Real=0.05s
[32.492s][info][gc,start       ] GC(580) Pause Young (Allocation Failure)
[32.496s][info][gc,heap        ] GC(580) PSYoungGen: 329728K(339456K)->5568K(339456K) Eden: 329728K(329728K)->0K(329728K) From: 0K(9728K)->5568K(9728K)
[32.496s][info][gc,heap        ] GC(580) ParOldGen: 75857K(699392K)->75857K(699392K)
[32.496s][info][gc,metaspace   ] GC(580) Metaspace: 11200K(11456K)->11200K(11456K) NonClass: 9793K(9920K)->9793K(9920K) Class: 1407K(1536K)->1407K(1536K)
[32.496s][info][gc             ] GC(580) Pause Young (Allocation Failure) 396M->79M(1014M) 3.705ms
[32.496s][info][gc,cpu         ] GC(580) User=0.00s Sys=0.00s Real=0.00s
[32.541s][info][gc,start       ] GC(581) Pause Young (Allocation Failure)
[32.547s][info][gc,heap        ] GC(581) PSYoungGen: 335296K(339456K)->5680K(339456K) Eden: 329728K(329728K)->0K(329728K) From: 5568K(9728K)->5680K(9728K)
[32.547s][info][gc,heap        ] GC(581) ParOldGen: 75857K(699392K)->81233K(699392K)
[32.547s][info][gc,metaspace   ] GC(581) Metaspace: 11200K(11456K)->11200K(11456K) NonClass: 9793K(9920K)->9793K(9920K) Class: 1407K(1536K)->1407K(1536K)
[32.547s][info][gc             ] GC(581) Pause Young (Allocation Failure) 401M->84M(1014M) 5.999ms
[32.547s][info][gc,cpu         ] GC(581) User=0.00s Sys=0.00s Real=0.01s
[32.591s][info][gc,start       ] GC(582) Pause Young (Allocation Failure)
[32.597s][info][gc,heap        ] GC(582) PSYoungGen: 335408K(339456K)->6635K(339456K) Eden: 329728K(329728K)->0K(329728K) From: 5680K(9728K)->6635K(9728K)
[32.598s][info][gc,heap        ] GC(582) ParOldGen: 81233K(699392K)->86457K(699392K)
[32.598s][info][gc,metaspace   ] GC(582) Metaspace: 11200K(11456K)->11200K(11456K) NonClass: 9793K(9920K)->9793K(9920K) Class: 1407K(1536K)->1407K(1536K)
[32.598s][info][gc             ] GC(582) Pause Young (Allocation Failure) 406M->90M(1014M) 6.255ms
[32.598s][info][gc,cpu         ] GC(582) User=0.00s Sys=0.00s Real=0.01s
[32.642s][info][gc,start       ] GC(583) Pause Young (Allocation Failure)
[32.649s][info][gc,heap        ] GC(583) PSYoungGen: 336363K(339456K)->7160K(339456K) Eden: 329728K(329728K)->0K(329728K) From: 6635K(9728K)->7160K(9728K)
[32.649s][info][gc,heap        ] GC(583) ParOldGen: 86457K(699392K)->91989K(699392K)
[32.649s][info][gc,metaspace   ] GC(583) Metaspace: 11200K(11456K)->11200K(11456K) NonClass: 9793K(9920K)->9793K(9920K) Class: 1407K(1536K)->1407K(1536K)
[32.649s][info][gc             ] GC(583) Pause Young (Allocation Failure) 412M->96M(1014M) 6.410ms
[32.649s][info][gc,cpu         ] GC(583) User=0.09s Sys=0.00s Real=0.01s
[32.693s][info][gc,start       ] GC(584) Pause Young (Allocation Failure)
[32.699s][info][gc,heap        ] GC(584) PSYoungGen: 336888K(339456K)->7860K(339456K) Eden: 329728K(329728K)->0K(329728K) From: 7160K(9728K)->7860K(9728K)
[32.699s][info][gc,heap        ] GC(584) ParOldGen: 91989K(699392K)->98008K(699392K)
[32.699s][info][gc,metaspace   ] GC(584) Metaspace: 11200K(11456K)->11200K(11456K) NonClass: 9793K(9920K)->9793K(9920K) Class: 1407K(1536K)->1407K(1536K)
[32.699s][info][gc             ] GC(584) Pause Young (Allocation Failure) 418M->103M(1014M) 5.965ms
[32.699s][info][gc,cpu         ] GC(584) User=0.00s Sys=0.00s Real=0.01s
[32.758s][info][gc,start       ] GC(585) Pause Young (System.gc())
[32.766s][info][gc,heap        ] GC(585) PSYoungGen: 285638K(339456K)->8175K(339456K) Eden: 277778K(329728K)->0K(329728K) From: 7860K(9728K)->8175K(9728K)
[32.766s][info][gc,heap        ] GC(585) ParOldGen: 98008K(699392K)->104784K(699392K)
[32.766s][info][gc,metaspace   ] GC(585) Metaspace: 11200K(11456K)->11200K(11456K) NonClass: 9793K(9920K)->9793K(9920K) Class: 1407K(1536K)->1407K(1536K)
[32.766s][info][gc             ] GC(585) Pause Young (System.gc()) 374M->110M(1014M) 7.819ms
[32.766s][info][gc,cpu         ] GC(585) User=0.00s Sys=0.00s Real=0.01s
[32.766s][info][gc,start       ] GC(586) Pause Full (System.gc())
[32.766s][info][gc,phases,start] GC(586) Marking Phase
[32.809s][info][gc,phases      ] GC(586) Marking Phase 43.210ms
[32.809s][info][gc,phases,start] GC(586) Summary Phase
[32.809s][info][gc,phases      ] GC(586) Summary Phase 0.010ms
[32.809s][info][gc,phases,start] GC(586) Adjust Roots
[32.811s][info][gc,phases      ] GC(586) Adjust Roots 1.326ms
[32.811s][info][gc,phases,start] GC(586) Compaction Phase
[32.819s][info][gc,phases      ] GC(586) Compaction Phase 7.995ms
[32.819s][info][gc,phases,start] GC(586) Post Compact
[32.819s][info][gc,phases      ] GC(586) Post Compact 0.403ms
[32.819s][info][gc,heap        ] GC(586) PSYoungGen: 8175K(339456K)->0K(339456K) Eden: 0K(329728K)->0K(329728K) From: 8175K(9728K)->0K(9728K)
[32.819s][info][gc,heap        ] GC(586) ParOldGen: 104784K(699392K)->75857K(699392K)
[32.819s][info][gc,metaspace   ] GC(586) Metaspace: 11200K(11456K)->11200K(11456K) NonClass: 9793K(9920K)->9793K(9920K) Class: 1407K(1536K)->1407K(1536K)
[32.819s][info][gc             ] GC(586) Pause Full (System.gc()) 110M->74M(1014M) 53.172ms
[32.819s][info][gc,cpu         ] GC(586) User=0.36s Sys=0.00s Real=0.05s
[32.866s][info][gc,start       ] GC(587) Pause Young (Allocation Failure)
[32.870s][info][gc,heap        ] GC(587) PSYoungGen: 329728K(339456K)->5600K(339456K) Eden: 329728K(329728K)->0K(329728K) From: 0K(9728K)->5600K(9728K)
[32.870s][info][gc,heap        ] GC(587) ParOldGen: 75857K(699392K)->75857K(699392K)
[32.870s][info][gc,metaspace   ] GC(587) Metaspace: 11200K(11456K)->11200K(11456K) NonClass: 9793K(9920K)->9793K(9920K) Class: 1407K(1536K)->1407K(1536K)
[32.870s][info][gc             ] GC(587) Pause Young (Allocation Failure) 396M->79M(1014M) 3.953ms
[32.870s][info][gc,cpu         ] GC(587) User=0.00s Sys=0.00s Real=0.00s
[32.915s][info][gc,start       ] GC(588) Pause Young (Allocation Failure)
[32.921s][info][gc,heap        ] GC(588) PSYoungGen: 335328K(339456K)->5648K(339456K) Eden: 329728K(329728K)->0K(329728K) From: 5600K(9728K)->5648K(9728K)
[32.921s][info][gc,heap        ] GC(588) ParOldGen: 75857K(699392K)->81273K(699392K)
[32.921s][info][gc,metaspace   ] GC(588) Metaspace: 11200K(11456K)->11200K(11456K) NonClass: 9793K(9920K)->9793K(9920K) Class: 1407K(1536K)->1407K(1536K)
[32.921s][info][gc             ] GC(588) Pause Young (Allocation Failure) 401M->84M(1014M) 5.913ms
[32.921s][info][gc,cpu         ] GC(588) User=0.00s Sys=0.00s Real=0.00s
[32.966s][info][gc,start       ] GC(589) Pause Young (Allocation Failure)
[32.972s][info][gc,heap        ] GC(589) PSYoungGen: 335376K(339456K)->6636K(339456K) Eden: 329728K(329728K)->0K(329728K) From: 5648K(9728K)->6636K(9728K)
[32.972s][info][gc,heap        ] GC(589) ParOldGen: 81273K(699392K)->86368K(699392K)
[32.972s][info][gc,metaspace   ] GC(589) Metaspace: 11200K(11456K)->11200K(11456K) NonClass: 9793K(9920K)->9793K(9920K) Class: 1407K(1536K)->1407K(1536K)
[32.972s][info][gc             ] GC(589) Pause Young (Allocation Failure) 406M->90M(1014M) 5.938ms
[32.972s][info][gc,cpu         ] GC(589) User=0.00s Sys=0.00s Real=0.00s
[33.016s][info][gc,start       ] GC(590) Pause Young (Allocation Failure)
[33.022s][info][gc,heap        ] GC(590) PSYoungGen: 336364K(339456K)->5840K(339968K) Eden: 329728K(329728K)->0K(330240K) From: 6636K(9728K)->5840K(9728K)
[33.022s][info][gc,heap        ] GC(590) ParOldGen: 86368K(699392K)->92589K(699392K)
[33.022s][info][gc,metaspace   ] GC(590) Metaspace: 11200K(11456K)->11200K(11456K) NonClass: 9793K(9920K)->9793K(9920K) Class: 1407K(1536K)->1407K(1536K)
[33.022s][info][gc             ] GC(590) Pause Young (Allocation Failure) 412M->96M(1015M) 5.741ms
[33.022s][info][gc,cpu         ] GC(590) User=0.09s Sys=0.00s Real=0.01s
[33.067s][info][gc,start       ] GC(591) Pause Young (Allocation Failure)
[33.073s][info][gc,heap        ] GC(591) PSYoungGen: 336080K(339968K)->8328K(339456K) Eden: 330240K(330240K)->0K(330240K) From: 5840K(9728K)->8328K(9216K)
[33.073s][info][gc,heap        ] GC(591) ParOldGen: 92589K(699392K)->97887K(699392K)
[33.073s][info][gc,metaspace   ] GC(591) Metaspace: 11200K(11456K)->11200K(11456K) NonClass: 9793K(9920K)->9793K(9920K) Class: 1407K(1536K)->1407K(1536K)
[33.073s][info][gc             ] GC(591) Pause Young (Allocation Failure) 418M->103M(1014M) 6.297ms
[33.073s][info][gc,cpu         ] GC(591) User=0.09s Sys=0.00s Real=0.01s
[33.127s][info][gc,start       ] GC(592) Pause Young (System.gc())
[33.133s][info][gc,heap        ] GC(592) PSYoungGen: 288376K(339456K)->7732K(339456K) Eden: 280047K(330240K)->0K(329728K) From: 8328K(9216K)->7732K(9728K)
[33.133s][info][gc,heap        ] GC(592) ParOldGen: 97887K(699392K)->105664K(699392K)
[33.133s][info][gc,metaspace   ] GC(592) Metaspace: 11200K(11456K)->11200K(11456K) NonClass: 9793K(9920K)->9793K(9920K) Class: 1407K(1536K)->1407K(1536K)
[33.133s][info][gc             ] GC(592) Pause Young (System.gc()) 377M->110M(1014M) 6.473ms
[33.133s][info][gc,cpu         ] GC(592) User=0.09s Sys=0.00s Real=0.01s
[33.133s][info][gc,start       ] GC(593) Pause Full (System.gc())
[33.133s][info][gc,phases,start] GC(593) Marking Phase
[33.178s][info][gc,phases      ] GC(593) Marking Phase 44.255ms
[33.178s][info][gc,phases,start] GC(593) Summary Phase
[33.178s][info][gc,phases      ] GC(593) Summary Phase 0.010ms
[33.178s][info][gc,phases,start] GC(593) Adjust Roots
[33.179s][info][gc,phases      ] GC(593) Adjust Roots 1.402ms
[33.179s][info][gc,phases,start] GC(593) Compaction Phase
[33.188s][info][gc,phases      ] GC(593) Compaction Phase 8.410ms
[33.188s][info][gc,phases,start] GC(593) Post Compact
[33.188s][info][gc,phases      ] GC(593) Post Compact 0.375ms
[33.188s][info][gc,heap        ] GC(593) PSYoungGen: 7732K(339456K)->0K(339456K) Eden: 0K(329728K)->0K(329728K) From: 7732K(9728K)->0K(9728K)
[33.188s][info][gc,heap        ] GC(593) ParOldGen: 105664K(699392K)->75857K(699392K)
[33.188s][info][gc,metaspace   ] GC(593) Metaspace: 11200K(11456K)->11200K(11456K) NonClass: 9793K(9920K)->9793K(9920K) Class: 1407K(1536K)->1407K(1536K)
[33.188s][info][gc             ] GC(593) Pause Full (System.gc()) 110M->74M(1014M) 54.706ms
[33.188s][info][gc,cpu         ] GC(593) User=0.20s Sys=0.00s Real=0.05s
[33.238s][info][gc,start       ] GC(594) Pause Young (Allocation Failure)
[33.242s][info][gc,heap        ] GC(594) PSYoungGen: 329728K(339456K)->5568K(339456K) Eden: 329728K(329728K)->0K(329728K) From: 0K(9728K)->5568K(9728K)
[33.242s][info][gc,heap        ] GC(594) ParOldGen: 75857K(699392K)->75857K(699392K)
[33.242s][info][gc,metaspace   ] GC(594) Metaspace: 11200K(11456K)->11200K(11456K) NonClass: 9793K(9920K)->9793K(9920K) Class: 1407K(1536K)->1407K(1536K)
[33.242s][info][gc             ] GC(594) Pause Young (Allocation Failure) 396M->79M(1014M) 3.745ms
[33.242s][info][gc,cpu         ] GC(594) User=0.09s Sys=0.00s Real=0.00s
[33.287s][info][gc,start       ] GC(595) Pause Young (Allocation Failure)
[33.293s][info][gc,heap        ] GC(595) PSYoungGen: 335296K(339456K)->5664K(339456K) Eden: 329728K(329728K)->0K(329728K) From: 5568K(9728K)->5664K(9728K)
[33.293s][info][gc,heap        ] GC(595) ParOldGen: 75857K(699392K)->81216K(699392K)
[33.293s][info][gc,metaspace   ] GC(595) Metaspace: 11200K(11456K)->11200K(11456K) NonClass: 9793K(9920K)->9793K(9920K) Class: 1407K(1536K)->1407K(1536K)
[33.293s][info][gc             ] GC(595) Pause Young (Allocation Failure) 401M->84M(1014M) 6.478ms
[33.294s][info][gc,cpu         ] GC(595) User=0.00s Sys=0.00s Real=0.01s
[33.339s][info][gc,start       ] GC(596) Pause Young (Allocation Failure)
[33.345s][info][gc,heap        ] GC(596) PSYoungGen: 335392K(339456K)->7157K(339456K) Eden: 329728K(329728K)->0K(329728K) From: 5664K(9728K)->7157K(9728K)
[33.345s][info][gc,heap        ] GC(596) ParOldGen: 81216K(699392K)->86295K(699392K)
[33.345s][info][gc,metaspace   ] GC(596) Metaspace: 11200K(11456K)->11200K(11456K) NonClass: 9793K(9920K)->9793K(9920K) Class: 1407K(1536K)->1407K(1536K)
[33.345s][info][gc             ] GC(596) Pause Young (Allocation Failure) 406M->91M(1014M) 6.150ms
[33.345s][info][gc,cpu         ] GC(596) User=0.00s Sys=0.00s Real=0.01s
[33.391s][info][gc,start       ] GC(597) Pause Young (Allocation Failure)
[33.396s][info][gc,heap        ] GC(597) PSYoungGen: 336885K(339456K)->5856K(339456K) Eden: 329728K(329728K)->0K(329728K) From: 7157K(9728K)->5856K(9728K)
[33.396s][info][gc,heap        ] GC(597) ParOldGen: 86295K(699392K)->93050K(699392K)
[33.396s][info][gc,metaspace   ] GC(597) Metaspace: 11200K(11456K)->11200K(11456K) NonClass: 9793K(9920K)->9793K(9920K) Class: 1407K(1536K)->1407K(1536K)
[33.396s][info][gc             ] GC(597) Pause Young (Allocation Failure) 413M->96M(1014M) 5.619ms
[33.396s][info][gc,cpu         ] GC(597) User=0.09s Sys=0.00s Real=0.00s
[33.441s][info][gc,start       ] GC(598) Pause Young (Allocation Failure)
[33.447s][info][gc,heap        ] GC(598) PSYoungGen: 335584K(339456K)->8043K(339456K) Eden: 329728K(329728K)->0K(329728K) From: 5856K(9728K)->8043K(9728K)
[33.447s][info][gc,heap        ] GC(598) ParOldGen: 93050K(699392K)->98301K(699392K)
[33.447s][info][gc,metaspace   ] GC(598) Metaspace: 11200K(11456K)->11200K(11456K) NonClass: 9793K(9920K)->9793K(9920K) Class: 1407K(1536K)->1407K(1536K)
[33.447s][info][gc             ] GC(598) Pause Young (Allocation Failure) 418M->103M(1014M) 6.169ms
[33.447s][info][gc,cpu         ] GC(598) User=0.09s Sys=0.00s Real=0.01s
[33.502s][info][gc,start       ] GC(599) Pause Young (System.gc())
[33.509s][info][gc,heap        ] GC(599) PSYoungGen: 293163K(339456K)->8856K(338432K) Eden: 285119K(329728K)->0K(328704K) From: 8043K(9728K)->8856K(9728K)
[33.509s][info][gc,heap        ] GC(599) ParOldGen: 98301K(699392K)->104497K(699392K)
[33.509s][info][gc,metaspace   ] GC(599) Metaspace: 11200K(11456K)->11200K(11456K) NonClass: 9793K(9920K)->9793K(9920K) Class: 1407K(1536K)->1407K(1536K)
[33.510s][info][gc             ] GC(599) Pause Young (System.gc()) 382M->110M(1013M) 7.834ms
[33.510s][info][gc,cpu         ] GC(599) User=0.09s Sys=0.00s Real=0.01s
[33.510s][info][gc,start       ] GC(600) Pause Full (System.gc())
[33.510s][info][gc,phases,start] GC(600) Marking Phase
[33.554s][info][gc,phases      ] GC(600) Marking Phase 44.491ms
[33.554s][info][gc,phases,start] GC(600) Summary Phase
[33.554s][info][gc,phases      ] GC(600) Summary Phase 0.010ms
[33.554s][info][gc,phases,start] GC(600) Adjust Roots
[33.555s][info][gc,phases      ] GC(600) Adjust Roots 1.327ms
[33.555s][info][gc,phases,start] GC(600) Compaction Phase
[33.563s][info][gc,phases      ] GC(600) Compaction Phase 7.853ms
[33.563s][info][gc,phases,start] GC(600) Post Compact
[33.564s][info][gc,phases      ] GC(600) Post Compact 0.360ms
[33.564s][info][gc,heap        ] GC(600) PSYoungGen: 8856K(338432K)->0K(338432K) Eden: 0K(328704K)->0K(328704K) From: 8856K(9728K)->0K(9728K)
[33.564s][info][gc,heap        ] GC(600) ParOldGen: 104497K(699392K)->75857K(699392K)
[33.564s][info][gc,metaspace   ] GC(600) Metaspace: 11200K(11456K)->11200K(11456K) NonClass: 9793K(9920K)->9793K(9920K) Class: 1407K(1536K)->1407K(1536K)
[33.564s][info][gc             ] GC(600) Pause Full (System.gc()) 110M->74M(1013M) 54.260ms
[33.564s][info][gc,cpu         ] GC(600) User=0.28s Sys=0.00s Real=0.06s
[33.611s][info][gc,start       ] GC(601) Pause Young (Allocation Failure)
[33.614s][info][gc,heap        ] GC(601) PSYoungGen: 328704K(338432K)->5568K(338944K) Eden: 328704K(328704K)->0K(328704K) From: 0K(9728K)->5568K(10240K)
[33.615s][info][gc,heap        ] GC(601) ParOldGen: 75857K(699392K)->75857K(699392K)
[33.615s][info][gc,metaspace   ] GC(601) Metaspace: 11200K(11456K)->11200K(11456K) NonClass: 9793K(9920K)->9793K(9920K) Class: 1407K(1536K)->1407K(1536K)
[33.615s][info][gc             ] GC(601) Pause Young (Allocation Failure) 395M->79M(1014M) 3.724ms
[33.615s][info][gc,cpu         ] GC(601) User=0.09s Sys=0.00s Real=0.00s
[33.659s][info][gc,start       ] GC(602) Pause Young (Allocation Failure)
[33.665s][info][gc,heap        ] GC(602) PSYoungGen: 334272K(338944K)->5648K(338944K) Eden: 328704K(328704K)->0K(328704K) From: 5568K(10240K)->5648K(10240K)
[33.665s][info][gc,heap        ] GC(602) ParOldGen: 75857K(699392K)->81248K(699392K)
[33.665s][info][gc,metaspace   ] GC(602) Metaspace: 11200K(11456K)->11200K(11456K) NonClass: 9793K(9920K)->9793K(9920K) Class: 1407K(1536K)->1407K(1536K)
[33.665s][info][gc             ] GC(602) Pause Young (Allocation Failure) 400M->84M(1014M) 6.070ms
[33.665s][info][gc,cpu         ] GC(602) User=0.09s Sys=0.00s Real=0.01s
[33.710s][info][gc,start       ] GC(603) Pause Young (Allocation Failure)
[33.716s][info][gc,heap        ] GC(603) PSYoungGen: 334352K(338944K)->6614K(338944K) Eden: 328704K(328704K)->0K(328704K) From: 5648K(10240K)->6614K(10240K)
[33.716s][info][gc,heap        ] GC(603) ParOldGen: 81248K(699392K)->86319K(699392K)
[33.716s][info][gc,metaspace   ] GC(603) Metaspace: 11200K(11456K)->11200K(11456K) NonClass: 9793K(9920K)->9793K(9920K) Class: 1407K(1536K)->1407K(1536K)
[33.716s][info][gc             ] GC(603) Pause Young (Allocation Failure) 405M->90M(1014M) 5.791ms
[33.716s][info][gc,cpu         ] GC(603) User=0.00s Sys=0.00s Real=0.00s
[33.761s][info][gc,start       ] GC(604) Pause Young (Allocation Failure)
[33.766s][info][gc,heap        ] GC(604) PSYoungGen: 335318K(338944K)->5776K(339456K) Eden: 328704K(328704K)->0K(329728K) From: 6614K(10240K)->5776K(9728K)
[33.766s][info][gc,heap        ] GC(604) ParOldGen: 86319K(699392K)->92539K(699392K)
[33.766s][info][gc,metaspace   ] GC(604) Metaspace: 11200K(11456K)->11200K(11456K) NonClass: 9793K(9920K)->9793K(9920K) Class: 1407K(1536K)->1407K(1536K)
[33.766s][info][gc             ] GC(604) Pause Young (Allocation Failure) 411M->96M(1014M) 5.847ms
[33.767s][info][gc,cpu         ] GC(604) User=0.00s Sys=0.00s Real=0.00s
[33.811s][info][gc,start       ] GC(605) Pause Young (Allocation Failure)
[33.817s][info][gc,heap        ] GC(605) PSYoungGen: 335504K(339456K)->8256K(338432K) Eden: 329728K(329728K)->0K(329728K) From: 5776K(9728K)->8256K(8704K)
[33.817s][info][gc,heap        ] GC(605) ParOldGen: 92539K(699392K)->97847K(699392K)
[33.817s][info][gc,metaspace   ] GC(605) Metaspace: 11200K(11456K)->11200K(11456K) NonClass: 9793K(9920K)->9793K(9920K) Class: 1407K(1536K)->1407K(1536K)
[33.817s][info][gc             ] GC(605) Pause Young (Allocation Failure) 418M->103M(1013M) 6.299ms
[33.817s][info][gc,cpu         ] GC(605) User=0.00s Sys=0.00s Real=0.01s
[33.877s][info][gc,start       ] GC(606) Pause Young (System.gc())
[33.884s][info][gc,heap        ] GC(606) PSYoungGen: 294051K(338432K)->8708K(338944K) Eden: 285794K(329728K)->0K(328704K) From: 8256K(8704K)->8708K(10240K)
[33.884s][info][gc,heap        ] GC(606) ParOldGen: 97847K(699392K)->104657K(699392K)
[33.884s][info][gc,metaspace   ] GC(606) Metaspace: 11202K(11456K)->11202K(11456K) NonClass: 9794K(9920K)->9794K(9920K) Class: 1407K(1536K)->1407K(1536K)
[33.884s][info][gc             ] GC(606) Pause Young (System.gc()) 382M->110M(1014M) 7.490ms
[33.884s][info][gc,cpu         ] GC(606) User=0.09s Sys=0.00s Real=0.02s
[33.884s][info][gc,start       ] GC(607) Pause Full (System.gc())
[33.884s][info][gc,phases,start] GC(607) Marking Phase
[33.927s][info][gc,phases      ] GC(607) Marking Phase 42.674ms
[33.927s][info][gc,phases,start] GC(607) Summary Phase
[33.927s][info][gc,phases      ] GC(607) Summary Phase 0.011ms
[33.927s][info][gc,phases,start] GC(607) Adjust Roots
[33.928s][info][gc,phases      ] GC(607) Adjust Roots 1.343ms
[33.928s][info][gc,phases,start] GC(607) Compaction Phase
[33.936s][info][gc,phases      ] GC(607) Compaction Phase 7.731ms
[33.936s][info][gc,phases,start] GC(607) Post Compact
[33.937s][info][gc,phases      ] GC(607) Post Compact 0.437ms
[33.937s][info][gc,heap        ] GC(607) PSYoungGen: 8708K(338944K)->0K(338944K) Eden: 0K(328704K)->0K(328704K) From: 8708K(10240K)->0K(10240K)
[33.937s][info][gc,heap        ] GC(607) ParOldGen: 104657K(699392K)->75857K(699392K)
[33.937s][info][gc,metaspace   ] GC(607) Metaspace: 11202K(11456K)->11202K(11456K) NonClass: 9794K(9920K)->9794K(9920K) Class: 1407K(1536K)->1407K(1536K)
[33.937s][info][gc             ] GC(607) Pause Full (System.gc()) 110M->74M(1014M) 52.435ms
[33.937s][info][gc,cpu         ] GC(607) User=0.19s Sys=0.02s Real=0.05s
[33.983s][info][gc,start       ] GC(608) Pause Young (Allocation Failure)
[33.987s][info][gc,heap        ] GC(608) PSYoungGen: 328704K(338944K)->5568K(338944K) Eden: 328704K(328704K)->0K(328704K) From: 0K(10240K)->5568K(10240K)
[33.987s][info][gc,heap        ] GC(608) ParOldGen: 75857K(699392K)->75857K(699392K)
[33.987s][info][gc,metaspace   ] GC(608) Metaspace: 11205K(11456K)->11205K(11456K) NonClass: 9797K(9920K)->9797K(9920K) Class: 1407K(1536K)->1407K(1536K)
[33.987s][info][gc             ] GC(608) Pause Young (Allocation Failure) 395M->79M(1014M) 4.148ms
[33.987s][info][gc,cpu         ] GC(608) User=0.00s Sys=0.00s Real=0.00s
[34.032s][info][gc,start       ] GC(609) Pause Young (Allocation Failure)
[34.038s][info][gc,heap        ] GC(609) PSYoungGen: 334272K(338944K)->5616K(338944K) Eden: 328704K(328704K)->0K(328704K) From: 5568K(10240K)->5616K(10240K)
[34.038s][info][gc,heap        ] GC(609) ParOldGen: 75857K(699392K)->81273K(699392K)
[34.038s][info][gc,metaspace   ] GC(609) Metaspace: 11205K(11456K)->11205K(11456K) NonClass: 9797K(9920K)->9797K(9920K) Class: 1407K(1536K)->1407K(1536K)
[34.038s][info][gc             ] GC(609) Pause Young (Allocation Failure) 400M->84M(1014M) 6.051ms
[34.038s][info][gc,cpu         ] GC(609) User=0.06s Sys=0.02s Real=0.01s
[34.082s][info][gc,start       ] GC(610) Pause Young (Allocation Failure)
[34.088s][info][gc,heap        ] GC(610) PSYoungGen: 334320K(338944K)->6699K(338944K) Eden: 328704K(328704K)->0K(328704K) From: 5616K(10240K)->6699K(10240K)
[34.088s][info][gc,heap        ] GC(610) ParOldGen: 81273K(699392K)->86386K(699392K)
[34.088s][info][gc,metaspace   ] GC(610) Metaspace: 11205K(11456K)->11205K(11456K) NonClass: 9797K(9920K)->9797K(9920K) Class: 1407K(1536K)->1407K(1536K)
[34.088s][info][gc             ] GC(610) Pause Young (Allocation Failure) 405M->90M(1014M) 5.921ms
[34.088s][info][gc,cpu         ] GC(610) User=0.09s Sys=0.00s Real=0.01s
[34.134s][info][gc,start       ] GC(611) Pause Young (Allocation Failure)
[34.140s][info][gc,heap        ] GC(611) PSYoungGen: 335403K(338944K)->6271K(339456K) Eden: 328704K(328704K)->0K(329728K) From: 6699K(10240K)->6271K(9728K)
[34.140s][info][gc,heap        ] GC(611) ParOldGen: 86386K(699392K)->92580K(699392K)
[34.140s][info][gc,metaspace   ] GC(611) Metaspace: 11205K(11456K)->11205K(11456K) NonClass: 9797K(9920K)->9797K(9920K) Class: 1407K(1536K)->1407K(1536K)
[34.140s][info][gc             ] GC(611) Pause Young (Allocation Failure) 411M->96M(1014M) 6.111ms
[34.140s][info][gc,cpu         ] GC(611) User=0.00s Sys=0.00s Real=0.00s
[34.185s][info][gc,start       ] GC(612) Pause Young (Allocation Failure)
[34.191s][info][gc,heap        ] GC(612) PSYoungGen: 335999K(339456K)->7978K(339456K) Eden: 329728K(329728K)->0K(329728K) From: 6271K(9728K)->7978K(9728K)
[34.191s][info][gc,heap        ] GC(612) ParOldGen: 92580K(699392K)->98356K(699392K)
[34.191s][info][gc,metaspace   ] GC(612) Metaspace: 11205K(11456K)->11205K(11456K) NonClass: 9797K(9920K)->9797K(9920K) Class: 1407K(1536K)->1407K(1536K)
[34.191s][info][gc             ] GC(612) Pause Young (Allocation Failure) 418M->103M(1014M) 6.493ms
[34.191s][info][gc,cpu         ] GC(612) User=0.00s Sys=0.00s Real=0.01s
[34.256s][info][gc,start       ] GC(613) Pause Young (System.gc())
[34.262s][info][gc,heap        ] GC(613) PSYoungGen: 290145K(339456K)->7537K(339456K) Eden: 282166K(329728K)->0K(329728K) From: 7978K(9728K)->7537K(9728K)
[34.262s][info][gc,heap        ] GC(613) ParOldGen: 98356K(699392K)->105516K(699392K)
[34.262s][info][gc,metaspace   ] GC(613) Metaspace: 11208K(11456K)->11208K(11456K) NonClass: 9800K(9920K)->9800K(9920K) Class: 1407K(1536K)->1407K(1536K)
[34.262s][info][gc             ] GC(613) Pause Young (System.gc()) 379M->110M(1014M) 6.446ms
[34.262s][info][gc,cpu         ] GC(613) User=0.00s Sys=0.00s Real=0.02s
[34.262s][info][gc,start       ] GC(614) Pause Full (System.gc())
[34.262s][info][gc,phases,start] GC(614) Marking Phase
[34.310s][info][gc,phases      ] GC(614) Marking Phase 47.722ms
[34.310s][info][gc,phases,start] GC(614) Summary Phase
[34.310s][info][gc,phases      ] GC(614) Summary Phase 0.010ms
[34.310s][info][gc,phases,start] GC(614) Adjust Roots
[34.312s][info][gc,phases      ] GC(614) Adjust Roots 1.566ms
[34.312s][info][gc,phases,start] GC(614) Compaction Phase
[34.319s][info][gc,phases      ] GC(614) Compaction Phase 7.719ms
[34.319s][info][gc,phases,start] GC(614) Post Compact
[34.320s][info][gc,phases      ] GC(614) Post Compact 0.575ms
[34.320s][info][gc,heap        ] GC(614) PSYoungGen: 7537K(339456K)->0K(339456K) Eden: 0K(329728K)->0K(329728K) From: 7537K(9728K)->0K(9728K)
[34.320s][info][gc,heap        ] GC(614) ParOldGen: 105516K(699392K)->75857K(699392K)
[34.320s][info][gc,metaspace   ] GC(614) Metaspace: 11208K(11456K)->11208K(11456K) NonClass: 9800K(9920K)->9800K(9920K) Class: 1407K(1536K)->1407K(1536K)
[34.320s][info][gc             ] GC(614) Pause Full (System.gc()) 110M->74M(1014M) 57.812ms
[34.320s][info][gc,cpu         ] GC(614) User=0.38s Sys=0.00s Real=0.06s
[34.366s][info][gc,start       ] GC(615) Pause Young (Allocation Failure)
[34.370s][info][gc,heap        ] GC(615) PSYoungGen: 329728K(339456K)->5632K(339456K) Eden: 329728K(329728K)->0K(329728K) From: 0K(9728K)->5632K(9728K)
[34.370s][info][gc,heap        ] GC(615) ParOldGen: 75857K(699392K)->75857K(699392K)
[34.370s][info][gc,metaspace   ] GC(615) Metaspace: 11208K(11456K)->11208K(11456K) NonClass: 9800K(9920K)->9800K(9920K) Class: 1407K(1536K)->1407K(1536K)
[34.370s][info][gc             ] GC(615) Pause Young (Allocation Failure) 396M->79M(1014M) 3.747ms
[34.370s][info][gc,cpu         ] GC(615) User=0.00s Sys=0.00s Real=0.00s
[34.416s][info][gc,start       ] GC(616) Pause Young (Allocation Failure)
[34.421s][info][gc,heap        ] GC(616) PSYoungGen: 335360K(339456K)->5712K(339456K) Eden: 329728K(329728K)->0K(329728K) From: 5632K(9728K)->5712K(9728K)
[34.421s][info][gc,heap        ] GC(616) ParOldGen: 75857K(699392K)->81270K(699392K)
[34.421s][info][gc,metaspace   ] GC(616) Metaspace: 11208K(11456K)->11208K(11456K) NonClass: 9800K(9920K)->9800K(9920K) Class: 1407K(1536K)->1407K(1536K)
[34.422s][info][gc             ] GC(616) Pause Young (Allocation Failure) 401M->84M(1014M) 5.920ms
[34.422s][info][gc,cpu         ] GC(616) User=0.00s Sys=0.00s Real=0.01s
[34.467s][info][gc,start       ] GC(617) Pause Young (Allocation Failure)
[34.473s][info][gc,heap        ] GC(617) PSYoungGen: 335440K(339456K)->6662K(339456K) Eden: 329728K(329728K)->0K(329728K) From: 5712K(9728K)->6662K(9728K)
[34.473s][info][gc,heap        ] GC(617) ParOldGen: 81270K(699392K)->86429K(699392K)
[34.473s][info][gc,metaspace   ] GC(617) Metaspace: 11208K(11456K)->11208K(11456K) NonClass: 9800K(9920K)->9800K(9920K) Class: 1407K(1536K)->1407K(1536K)
[34.473s][info][gc             ] GC(617) Pause Young (Allocation Failure) 406M->90M(1014M) 6.059ms
[34.473s][info][gc,cpu         ] GC(617) User=0.00s Sys=0.00s Real=0.00s
[34.518s][info][gc,start       ] GC(618) Pause Young (Allocation Failure)
[34.524s][info][gc,heap        ] GC(618) PSYoungGen: 336390K(339456K)->5856K(339968K) Eden: 329728K(329728K)->0K(330752K) From: 6662K(9728K)->5856K(9216K)
[34.524s][info][gc,heap        ] GC(618) ParOldGen: 86429K(699392K)->92648K(699392K)
[34.524s][info][gc,metaspace   ] GC(618) Metaspace: 11208K(11456K)->11208K(11456K) NonClass: 9800K(9920K)->9800K(9920K) Class: 1407K(1536K)->1407K(1536K)
[34.524s][info][gc             ] GC(618) Pause Young (Allocation Failure) 412M->96M(1015M) 5.853ms
[34.524s][info][gc,cpu         ] GC(618) User=0.09s Sys=0.00s Real=0.01s
[34.569s][info][gc,start       ] GC(619) Pause Young (Allocation Failure)
[34.575s][info][gc,heap        ] GC(619) PSYoungGen: 336608K(339968K)->8890K(339968K) Eden: 330752K(330752K)->0K(330752K) From: 5856K(9216K)->8890K(9216K)
[34.575s][info][gc,heap        ] GC(619) ParOldGen: 92648K(699392K)->97965K(699392K)
[34.575s][info][gc,metaspace   ] GC(619) Metaspace: 11208K(11456K)->11208K(11456K) NonClass: 9800K(9920K)->9800K(9920K) Class: 1407K(1536K)->1407K(1536K)
[34.575s][info][gc             ] GC(619) Pause Young (Allocation Failure) 419M->104M(1015M) 6.652ms
[34.575s][info][gc,cpu         ] GC(619) User=0.00s Sys=0.00s Real=0.01s
[34.634s][info][gc,start       ] GC(620) Pause Young (System.gc())
[34.642s][info][gc,heap        ] GC(620) PSYoungGen: 286338K(339968K)->8312K(337920K) Eden: 277448K(330752K)->0K(328704K) From: 8890K(9216K)->8312K(9216K)
[34.642s][info][gc,heap        ] GC(620) ParOldGen: 97965K(699392K)->105123K(699392K)
[34.642s][info][gc,metaspace   ] GC(620) Metaspace: 11208K(11456K)->11208K(11456K) NonClass: 9800K(9920K)->9800K(9920K) Class: 1407K(1536K)->1407K(1536K)
[34.642s][info][gc             ] GC(620) Pause Young (System.gc()) 375M->110M(1013M) 7.366ms
[34.642s][info][gc,cpu         ] GC(620) User=0.00s Sys=0.00s Real=0.02s
[34.642s][info][gc,start       ] GC(621) Pause Full (System.gc())
[34.642s][info][gc,phases,start] GC(621) Marking Phase
[34.688s][info][gc,phases      ] GC(621) Marking Phase 45.943ms
[34.688s][info][gc,phases,start] GC(621) Summary Phase
[34.688s][info][gc,phases      ] GC(621) Summary Phase 0.010ms
[34.688s][info][gc,phases,start] GC(621) Adjust Roots
[34.689s][info][gc,phases      ] GC(621) Adjust Roots 1.666ms
[34.690s][info][gc,phases,start] GC(621) Compaction Phase
[34.697s][info][gc,phases      ] GC(621) Compaction Phase 7.790ms
[34.697s][info][gc,phases,start] GC(621) Post Compact
[34.698s][info][gc,phases      ] GC(621) Post Compact 0.361ms
[34.698s][info][gc,heap        ] GC(621) PSYoungGen: 8312K(337920K)->0K(337920K) Eden: 0K(328704K)->0K(328704K) From: 8312K(9216K)->0K(9216K)
[34.698s][info][gc,heap        ] GC(621) ParOldGen: 105123K(699392K)->75857K(699392K)
[34.698s][info][gc,metaspace   ] GC(621) Metaspace: 11208K(11456K)->11208K(11456K) NonClass: 9800K(9920K)->9800K(9920K) Class: 1407K(1536K)->1407K(1536K)
[34.698s][info][gc             ] GC(621) Pause Full (System.gc()) 110M->74M(1013M) 56.055ms
[34.698s][info][gc,cpu         ] GC(621) User=0.38s Sys=0.00s Real=0.06s
[34.744s][info][gc,start       ] GC(622) Pause Young (Allocation Failure)
[34.748s][info][gc,heap        ] GC(622) PSYoungGen: 328704K(337920K)->5600K(338944K) Eden: 328704K(328704K)->0K(328704K) From: 0K(9216K)->5600K(10240K)
[34.748s][info][gc,heap        ] GC(622) ParOldGen: 75857K(699392K)->75857K(699392K)
[34.748s][info][gc,metaspace   ] GC(622) Metaspace: 11208K(11456K)->11208K(11456K) NonClass: 9800K(9920K)->9800K(9920K) Class: 1407K(1536K)->1407K(1536K)
[34.748s][info][gc             ] GC(622) Pause Young (Allocation Failure) 395M->79M(1014M) 3.805ms
[34.748s][info][gc,cpu         ] GC(622) User=0.00s Sys=0.00s Real=0.00s
[34.792s][info][gc,start       ] GC(623) Pause Young (Allocation Failure)
[34.799s][info][gc,heap        ] GC(623) PSYoungGen: 334304K(338944K)->5760K(338944K) Eden: 328704K(328704K)->0K(328704K) From: 5600K(10240K)->5760K(10240K)
[34.799s][info][gc,heap        ] GC(623) ParOldGen: 75857K(699392K)->81241K(699392K)
[34.799s][info][gc,metaspace   ] GC(623) Metaspace: 11208K(11456K)->11208K(11456K) NonClass: 9800K(9920K)->9800K(9920K) Class: 1407K(1536K)->1407K(1536K)
[34.799s][info][gc             ] GC(623) Pause Young (Allocation Failure) 400M->84M(1014M) 6.338ms
[34.799s][info][gc,cpu         ] GC(623) User=0.00s Sys=0.00s Real=0.00s
[34.843s][info][gc,start       ] GC(624) Pause Young (Allocation Failure)
[34.849s][info][gc,heap        ] GC(624) PSYoungGen: 334464K(338944K)->6697K(338944K) Eden: 328704K(328704K)->0K(328704K) From: 5760K(10240K)->6697K(10240K)
[34.849s][info][gc,heap        ] GC(624) ParOldGen: 81241K(699392K)->86351K(699392K)
[34.849s][info][gc,metaspace   ] GC(624) Metaspace: 11208K(11456K)->11208K(11456K) NonClass: 9800K(9920K)->9800K(9920K) Class: 1407K(1536K)->1407K(1536K)
[34.849s][info][gc             ] GC(624) Pause Young (Allocation Failure) 405M->90M(1014M) 6.191ms
[34.849s][info][gc,cpu         ] GC(624) User=0.09s Sys=0.00s Real=0.01s
[34.895s][info][gc,start       ] GC(625) Pause Young (Allocation Failure)
[34.900s][info][gc,heap        ] GC(625) PSYoungGen: 335401K(338944K)->5856K(339456K) Eden: 328704K(328704K)->0K(329728K) From: 6697K(10240K)->5856K(9728K)
[34.900s][info][gc,heap        ] GC(625) ParOldGen: 86351K(699392K)->92643K(699392K)
[34.900s][info][gc,metaspace   ] GC(625) Metaspace: 11208K(11456K)->11208K(11456K) NonClass: 9800K(9920K)->9800K(9920K) Class: 1407K(1536K)->1407K(1536K)
[34.900s][info][gc             ] GC(625) Pause Young (Allocation Failure) 411M->96M(1014M) 5.622ms
[34.900s][info][gc,cpu         ] GC(625) User=0.09s Sys=0.00s Real=0.00s
[34.945s][info][gc,start       ] GC(626) Pause Young (Allocation Failure)
[34.951s][info][gc,heap        ] GC(626) PSYoungGen: 335584K(339456K)->8340K(339456K) Eden: 329728K(329728K)->0K(329728K) From: 5856K(9728K)->8340K(9728K)
[34.951s][info][gc,heap        ] GC(626) ParOldGen: 92643K(699392K)->97915K(699392K)
[34.951s][info][gc,metaspace   ] GC(626) Metaspace: 11208K(11456K)->11208K(11456K) NonClass: 9800K(9920K)->9800K(9920K) Class: 1407K(1536K)->1407K(1536K)
[34.951s][info][gc             ] GC(626) Pause Young (Allocation Failure) 418M->103M(1014M) 6.352ms
[34.951s][info][gc,cpu         ] GC(626) User=0.00s Sys=0.00s Real=0.01s
[35.006s][info][gc,start       ] GC(627) Pause Young (System.gc())
[35.014s][info][gc,heap        ] GC(627) PSYoungGen: 290568K(339456K)->8836K(338432K) Eden: 282227K(329728K)->0K(328704K) From: 8340K(9728K)->8836K(9728K)
[35.014s][info][gc,heap        ] GC(627) ParOldGen: 97915K(699392K)->104375K(699392K)
[35.014s][info][gc,metaspace   ] GC(627) Metaspace: 11208K(11456K)->11208K(11456K) NonClass: 9800K(9920K)->9800K(9920K) Class: 1407K(1536K)->1407K(1536K)
[35.014s][info][gc             ] GC(627) Pause Young (System.gc()) 379M->110M(1013M) 8.133ms
[35.014s][info][gc,cpu         ] GC(627) User=0.00s Sys=0.00s Real=0.01s
[35.014s][info][gc,start       ] GC(628) Pause Full (System.gc())
[35.014s][info][gc,phases,start] GC(628) Marking Phase
[35.060s][info][gc,phases      ] GC(628) Marking Phase 45.393ms
[35.060s][info][gc,phases,start] GC(628) Summary Phase
[35.060s][info][gc,phases      ] GC(628) Summary Phase 0.010ms
[35.060s][info][gc,phases,start] GC(628) Adjust Roots
[35.061s][info][gc,phases      ] GC(628) Adjust Roots 1.362ms
[35.061s][info][gc,phases,start] GC(628) Compaction Phase
[35.069s][info][gc,phases      ] GC(628) Compaction Phase 8.361ms
[35.069s][info][gc,phases,start] GC(628) Post Compact
[35.070s][info][gc,phases      ] GC(628) Post Compact 0.376ms
[35.070s][info][gc,heap        ] GC(628) PSYoungGen: 8836K(338432K)->0K(338432K) Eden: 0K(328704K)->0K(328704K) From: 8836K(9728K)->0K(9728K)
[35.070s][info][gc,heap        ] GC(628) ParOldGen: 104375K(699392K)->75857K(699392K)
[35.070s][info][gc,metaspace   ] GC(628) Metaspace: 11208K(11456K)->11208K(11456K) NonClass: 9800K(9920K)->9800K(9920K) Class: 1407K(1536K)->1407K(1536K)
[35.070s][info][gc             ] GC(628) Pause Full (System.gc()) 110M->74M(1013M) 55.730ms
[35.070s][info][gc,cpu         ] GC(628) User=0.38s Sys=0.00s Real=0.06s
[35.116s][info][gc,start       ] GC(629) Pause Young (Allocation Failure)
[35.120s][info][gc,heap        ] GC(629) PSYoungGen: 328704K(338432K)->5600K(338944K) Eden: 328704K(328704K)->0K(328704K) From: 0K(9728K)->5600K(10240K)
[35.120s][info][gc,heap        ] GC(629) ParOldGen: 75857K(699392K)->75857K(699392K)
[35.120s][info][gc,metaspace   ] GC(629) Metaspace: 11208K(11456K)->11208K(11456K) NonClass: 9800K(9920K)->9800K(9920K) Class: 1407K(1536K)->1407K(1536K)
[35.120s][info][gc             ] GC(629) Pause Young (Allocation Failure) 395M->79M(1014M) 4.001ms
[35.120s][info][gc,cpu         ] GC(629) User=0.00s Sys=0.00s Real=0.00s
[35.166s][info][gc,start       ] GC(630) Pause Young (Allocation Failure)
[35.171s][info][gc,heap        ] GC(630) PSYoungGen: 334304K(338944K)->5680K(338944K) Eden: 328704K(328704K)->0K(328704K) From: 5600K(10240K)->5680K(10240K)
[35.171s][info][gc,heap        ] GC(630) ParOldGen: 75857K(699392K)->81257K(699392K)
[35.171s][info][gc,metaspace   ] GC(630) Metaspace: 11208K(11456K)->11208K(11456K) NonClass: 9800K(9920K)->9800K(9920K) Class: 1407K(1536K)->1407K(1536K)
[35.171s][info][gc             ] GC(630) Pause Young (Allocation Failure) 400M->84M(1014M) 5.911ms
[35.171s][info][gc,cpu         ] GC(630) User=0.00s Sys=0.00s Real=0.00s
[35.219s][info][gc,start       ] GC(631) Pause Young (Allocation Failure)
[35.226s][info][gc,heap        ] GC(631) PSYoungGen: 334384K(338944K)->6607K(338944K) Eden: 328704K(328704K)->0K(328704K) From: 5680K(10240K)->6607K(10240K)
[35.226s][info][gc,heap        ] GC(631) ParOldGen: 81257K(699392K)->86418K(699392K)
[35.226s][info][gc,metaspace   ] GC(631) Metaspace: 11208K(11456K)->11208K(11456K) NonClass: 9800K(9920K)->9800K(9920K) Class: 1407K(1536K)->1407K(1536K)
[35.226s][info][gc             ] GC(631) Pause Young (Allocation Failure) 405M->90M(1014M) 6.614ms
[35.226s][info][gc,cpu         ] GC(631) User=0.09s Sys=0.00s Real=0.01s
[35.271s][info][gc,start       ] GC(632) Pause Young (Allocation Failure)
[35.277s][info][gc,heap        ] GC(632) PSYoungGen: 335311K(338944K)->5856K(339456K) Eden: 328704K(328704K)->0K(329728K) From: 6607K(10240K)->5856K(9728K)
[35.277s][info][gc,heap        ] GC(632) ParOldGen: 86418K(699392K)->92559K(699392K)
[35.277s][info][gc,metaspace   ] GC(632) Metaspace: 11208K(11456K)->11208K(11456K) NonClass: 9800K(9920K)->9800K(9920K) Class: 1407K(1536K)->1407K(1536K)
[35.277s][info][gc             ] GC(632) Pause Young (Allocation Failure) 411M->96M(1014M) 5.786ms
[35.277s][info][gc,cpu         ] GC(632) User=0.00s Sys=0.00s Real=0.00s
[35.324s][info][gc,start       ] GC(633) Pause Young (Allocation Failure)
[35.330s][info][gc,heap        ] GC(633) PSYoungGen: 335584K(339456K)->8328K(338432K) Eden: 329728K(329728K)->0K(329728K) From: 5856K(9728K)->8328K(8704K)
[35.330s][info][gc,heap        ] GC(633) ParOldGen: 92559K(699392K)->97927K(699392K)
[35.330s][info][gc,metaspace   ] GC(633) Metaspace: 11208K(11456K)->11208K(11456K) NonClass: 9800K(9920K)->9800K(9920K) Class: 1407K(1536K)->1407K(1536K)
[35.330s][info][gc             ] GC(633) Pause Young (Allocation Failure) 418M->103M(1013M) 6.464ms
[35.330s][info][gc,cpu         ] GC(633) User=0.00s Sys=0.00s Real=0.01s
[35.391s][info][gc,start       ] GC(634) Pause Young (System.gc())
[35.398s][info][gc,heap        ] GC(634) PSYoungGen: 291322K(338432K)->8322K(338944K) Eden: 282994K(329728K)->0K(328704K) From: 8328K(8704K)->8322K(10240K)
[35.398s][info][gc,heap        ] GC(634) ParOldGen: 97927K(699392K)->105058K(699392K)
[35.398s][info][gc,metaspace   ] GC(634) Metaspace: 11208K(11456K)->11208K(11456K) NonClass: 9800K(9920K)->9800K(9920K) Class: 1407K(1536K)->1407K(1536K)
[35.398s][info][gc             ] GC(634) Pause Young (System.gc()) 380M->110M(1014M) 6.710ms
[35.398s][info][gc,cpu         ] GC(634) User=0.06s Sys=0.03s Real=0.02s
[35.398s][info][gc,start       ] GC(635) Pause Full (System.gc())
[35.398s][info][gc,phases,start] GC(635) Marking Phase
[35.442s][info][gc,phases      ] GC(635) Marking Phase 43.821ms
[35.442s][info][gc,phases,start] GC(635) Summary Phase
[35.442s][info][gc,phases      ] GC(635) Summary Phase 0.010ms
[35.442s][info][gc,phases,start] GC(635) Adjust Roots
[35.443s][info][gc,phases      ] GC(635) Adjust Roots 1.371ms
[35.443s][info][gc,phases,start] GC(635) Compaction Phase
[35.451s][info][gc,phases      ] GC(635) Compaction Phase 8.034ms
[35.451s][info][gc,phases,start] GC(635) Post Compact
[35.452s][info][gc,phases      ] GC(635) Post Compact 0.429ms
[35.452s][info][gc,heap        ] GC(635) PSYoungGen: 8322K(338944K)->0K(338944K) Eden: 0K(328704K)->0K(328704K) From: 8322K(10240K)->0K(10240K)
[35.452s][info][gc,heap        ] GC(635) ParOldGen: 105058K(699392K)->75857K(699392K)
[35.452s][info][gc,metaspace   ] GC(635) Metaspace: 11208K(11456K)->11208K(11456K) NonClass: 9800K(9920K)->9800K(9920K) Class: 1407K(1536K)->1407K(1536K)
[35.452s][info][gc             ] GC(635) Pause Full (System.gc()) 110M->74M(1014M) 53.923ms
[35.452s][info][gc,cpu         ] GC(635) User=0.20s Sys=0.00s Real=0.05s
[35.499s][info][gc,start       ] GC(636) Pause Young (Allocation Failure)
[35.503s][info][gc,heap        ] GC(636) PSYoungGen: 328704K(338944K)->5568K(338944K) Eden: 328704K(328704K)->0K(328704K) From: 0K(10240K)->5568K(10240K)
[35.503s][info][gc,heap        ] GC(636) ParOldGen: 75857K(699392K)->75857K(699392K)
[35.503s][info][gc,metaspace   ] GC(636) Metaspace: 11208K(11456K)->11208K(11456K) NonClass: 9800K(9920K)->9800K(9920K) Class: 1407K(1536K)->1407K(1536K)
[35.503s][info][gc             ] GC(636) Pause Young (Allocation Failure) 395M->79M(1014M) 4.054ms
[35.503s][info][gc,cpu         ] GC(636) User=0.00s Sys=0.00s Real=0.00s
[35.548s][info][gc,start       ] GC(637) Pause Young (Allocation Failure)
[35.554s][info][gc,heap        ] GC(637) PSYoungGen: 334272K(338944K)->5712K(338944K) Eden: 328704K(328704K)->0K(328704K) From: 5568K(10240K)->5712K(10240K)
[35.554s][info][gc,heap        ] GC(637) ParOldGen: 75857K(699392K)->81204K(699392K)
[35.554s][info][gc,metaspace   ] GC(637) Metaspace: 11208K(11456K)->11208K(11456K) NonClass: 9800K(9920K)->9800K(9920K) Class: 1407K(1536K)->1407K(1536K)
[35.554s][info][gc             ] GC(637) Pause Young (Allocation Failure) 400M->84M(1014M) 5.997ms
[35.554s][info][gc,cpu         ] GC(637) User=0.09s Sys=0.00s Real=0.00s
[35.598s][info][gc,start       ] GC(638) Pause Young (Allocation Failure)
[35.604s][info][gc,heap        ] GC(638) PSYoungGen: 334416K(338944K)->7072K(338944K) Eden: 328704K(328704K)->0K(328704K) From: 5712K(10240K)->7072K(10240K)
[35.604s][info][gc,heap        ] GC(638) ParOldGen: 81204K(699392K)->86360K(699392K)
[35.604s][info][gc,metaspace   ] GC(638) Metaspace: 11208K(11456K)->11208K(11456K) NonClass: 9800K(9920K)->9800K(9920K) Class: 1407K(1536K)->1407K(1536K)
[35.604s][info][gc             ] GC(638) Pause Young (Allocation Failure) 405M->91M(1014M) 6.124ms
[35.604s][info][gc,cpu         ] GC(638) User=0.09s Sys=0.00s Real=0.01s
[35.649s][info][gc,start       ] GC(639) Pause Young (Allocation Failure)
[35.654s][info][gc,heap        ] GC(639) PSYoungGen: 335776K(338944K)->6147K(339456K) Eden: 328704K(328704K)->0K(329728K) From: 7072K(10240K)->6147K(9728K)
[35.654s][info][gc,heap        ] GC(639) ParOldGen: 86360K(699392K)->92846K(699392K)
[35.654s][info][gc,metaspace   ] GC(639) Metaspace: 11208K(11456K)->11208K(11456K) NonClass: 9800K(9920K)->9800K(9920K) Class: 1407K(1536K)->1407K(1536K)
[35.654s][info][gc             ] GC(639) Pause Young (Allocation Failure) 412M->96M(1014M) 5.823ms
[35.654s][info][gc,cpu         ] GC(639) User=0.00s Sys=0.00s Real=0.00s
[35.699s][info][gc,start       ] GC(640) Pause Young (Allocation Failure)
[35.705s][info][gc,heap        ] GC(640) PSYoungGen: 335875K(339456K)->7969K(339456K) Eden: 329728K(329728K)->0K(329728K) From: 6147K(9728K)->7969K(9728K)
[35.705s][info][gc,heap        ] GC(640) ParOldGen: 92846K(699392K)->98517K(699392K)
[35.705s][info][gc,metaspace   ] GC(640) Metaspace: 11208K(11456K)->11208K(11456K) NonClass: 9800K(9920K)->9800K(9920K) Class: 1407K(1536K)->1407K(1536K)
[35.705s][info][gc             ] GC(640) Pause Young (Allocation Failure) 418M->103M(1014M) 6.138ms
[35.705s][info][gc,cpu         ] GC(640) User=0.00s Sys=0.00s Real=0.01s
[35.761s][info][gc,start       ] GC(641) Pause Young (System.gc())
[35.768s][info][gc,heap        ] GC(641) PSYoungGen: 291282K(339456K)->8313K(338432K) Eden: 283313K(329728K)->0K(328704K) From: 7969K(9728K)->8313K(9728K)
[35.768s][info][gc,heap        ] GC(641) ParOldGen: 98517K(699392K)->105501K(699392K)
[35.768s][info][gc,metaspace   ] GC(641) Metaspace: 11208K(11456K)->11208K(11456K) NonClass: 9800K(9920K)->9800K(9920K) Class: 1407K(1536K)->1407K(1536K)
[35.768s][info][gc             ] GC(641) Pause Young (System.gc()) 380M->111M(1013M) 6.984ms
[35.768s][info][gc,cpu         ] GC(641) User=0.00s Sys=0.00s Real=0.01s
[35.768s][info][gc,start       ] GC(642) Pause Full (System.gc())
[35.768s][info][gc,phases,start] GC(642) Marking Phase
[35.833s][info][gc,phases      ] GC(642) Marking Phase 65.414ms
[35.833s][info][gc,phases,start] GC(642) Summary Phase
[35.833s][info][gc,phases      ] GC(642) Summary Phase 0.010ms
[35.833s][info][gc,phases,start] GC(642) Adjust Roots
[35.835s][info][gc,phases      ] GC(642) Adjust Roots 1.933ms
[35.835s][info][gc,phases,start] GC(642) Compaction Phase
[35.843s][info][gc,phases      ] GC(642) Compaction Phase 7.857ms
[35.843s][info][gc,phases,start] GC(642) Post Compact
[35.844s][info][gc,phases      ] GC(642) Post Compact 0.368ms
[35.844s][info][gc,heap        ] GC(642) PSYoungGen: 8313K(338432K)->0K(338432K) Eden: 0K(328704K)->0K(328704K) From: 8313K(9728K)->0K(9728K)
[35.844s][info][gc,heap        ] GC(642) ParOldGen: 105501K(699392K)->75857K(699392K)
[35.844s][info][gc,metaspace   ] GC(642) Metaspace: 11208K(11456K)->11208K(11456K) NonClass: 9800K(9920K)->9800K(9920K) Class: 1407K(1536K)->1407K(1536K)
[35.844s][info][gc             ] GC(642) Pause Full (System.gc()) 111M->74M(1013M) 75.812ms
[35.844s][info][gc,cpu         ] GC(642) User=0.39s Sys=0.00s Real=0.08s
[35.891s][info][gc,start       ] GC(643) Pause Young (Allocation Failure)
[35.894s][info][gc,heap        ] GC(643) PSYoungGen: 328704K(338432K)->5568K(338944K) Eden: 328704K(328704K)->0K(328704K) From: 0K(9728K)->5568K(10240K)
[35.894s][info][gc,heap        ] GC(643) ParOldGen: 75857K(699392K)->75857K(699392K)
[35.894s][info][gc,metaspace   ] GC(643) Metaspace: 11208K(11456K)->11208K(11456K) NonClass: 9800K(9920K)->9800K(9920K) Class: 1407K(1536K)->1407K(1536K)
[35.894s][info][gc             ] GC(643) Pause Young (Allocation Failure) 395M->79M(1014M) 3.641ms
[35.894s][info][gc,cpu         ] GC(643) User=0.00s Sys=0.00s Real=0.00s
[35.939s][info][gc,start       ] GC(644) Pause Young (Allocation Failure)
[35.945s][info][gc,heap        ] GC(644) PSYoungGen: 334272K(338944K)->5664K(338944K) Eden: 328704K(328704K)->0K(328704K) From: 5568K(10240K)->5664K(10240K)
[35.945s][info][gc,heap        ] GC(644) ParOldGen: 75857K(699392K)->81236K(699392K)
[35.945s][info][gc,metaspace   ] GC(644) Metaspace: 11208K(11456K)->11208K(11456K) NonClass: 9800K(9920K)->9800K(9920K) Class: 1407K(1536K)->1407K(1536K)
[35.945s][info][gc             ] GC(644) Pause Young (Allocation Failure) 400M->84M(1014M) 6.017ms
[35.945s][info][gc,cpu         ] GC(644) User=0.09s Sys=0.00s Real=0.01s
[35.990s][info][gc,start       ] GC(645) Pause Young (Allocation Failure)
[35.996s][info][gc,heap        ] GC(645) PSYoungGen: 334368K(338944K)->6554K(338944K) Eden: 328704K(328704K)->0K(328704K) From: 5664K(10240K)->6554K(10240K)
[35.996s][info][gc,heap        ] GC(645) ParOldGen: 81236K(699392K)->86339K(699392K)
[35.996s][info][gc,metaspace   ] GC(645) Metaspace: 11208K(11456K)->11208K(11456K) NonClass: 9800K(9920K)->9800K(9920K) Class: 1407K(1536K)->1407K(1536K)
[35.996s][info][gc             ] GC(645) Pause Young (Allocation Failure) 405M->90M(1014M) 6.180ms
[35.996s][info][gc,cpu         ] GC(645) User=0.00s Sys=0.00s Real=0.01s
[36.040s][info][gc,start       ] GC(646) Pause Young (Allocation Failure)
[36.046s][info][gc,heap        ] GC(646) PSYoungGen: 335258K(338944K)->5760K(339456K) Eden: 328704K(328704K)->0K(329728K) From: 6554K(10240K)->5760K(9728K)
[36.046s][info][gc,heap        ] GC(646) ParOldGen: 86339K(699392K)->92523K(699392K)
[36.046s][info][gc,metaspace   ] GC(646) Metaspace: 11208K(11456K)->11208K(11456K) NonClass: 9800K(9920K)->9800K(9920K) Class: 1407K(1536K)->1407K(1536K)
[36.046s][info][gc             ] GC(646) Pause Young (Allocation Failure) 411M->95M(1014M) 5.819ms
[36.046s][info][gc,cpu         ] GC(646) User=0.00s Sys=0.00s Real=0.01s
[36.090s][info][gc,start       ] GC(647) Pause Young (Allocation Failure)
[36.097s][info][gc,heap        ] GC(647) PSYoungGen: 335488K(339456K)->8803K(338944K) Eden: 329728K(329728K)->0K(329728K) From: 5760K(9728K)->8803K(9216K)
[36.097s][info][gc,heap        ] GC(647) ParOldGen: 92523K(699392K)->97810K(699392K)
[36.097s][info][gc,metaspace   ] GC(647) Metaspace: 11208K(11456K)->11208K(11456K) NonClass: 9800K(9920K)->9800K(9920K) Class: 1407K(1536K)->1407K(1536K)
[36.097s][info][gc             ] GC(647) Pause Young (Allocation Failure) 417M->104M(1014M) 6.504ms
[36.097s][info][gc,cpu         ] GC(647) User=0.00s Sys=0.00s Real=0.01s
[36.161s][info][gc,start       ] GC(648) Pause Young (System.gc())
[36.167s][info][gc,heap        ] GC(648) PSYoungGen: 294493K(338944K)->7607K(338944K) Eden: 285690K(329728K)->0K(328704K) From: 8803K(9216K)->7607K(10240K)
[36.167s][info][gc,heap        ] GC(648) ParOldGen: 97810K(699392K)->105799K(699392K)
[36.167s][info][gc,metaspace   ] GC(648) Metaspace: 11208K(11456K)->11208K(11456K) NonClass: 9800K(9920K)->9800K(9920K) Class: 1407K(1536K)->1407K(1536K)
[36.168s][info][gc             ] GC(648) Pause Young (System.gc()) 383M->110M(1014M) 6.910ms
[36.168s][info][gc,cpu         ] GC(648) User=0.09s Sys=0.00s Real=0.01s
[36.168s][info][gc,start       ] GC(649) Pause Full (System.gc())
[36.168s][info][gc,phases,start] GC(649) Marking Phase
[36.248s][info][gc,phases      ] GC(649) Marking Phase 80.045ms
[36.248s][info][gc,phases,start] GC(649) Summary Phase
[36.248s][info][gc,phases      ] GC(649) Summary Phase 0.011ms
[36.248s][info][gc,phases,start] GC(649) Adjust Roots
[36.249s][info][gc,phases      ] GC(649) Adjust Roots 1.426ms
[36.249s][info][gc,phases,start] GC(649) Compaction Phase
[36.257s][info][gc,phases      ] GC(649) Compaction Phase 7.939ms
[36.257s][info][gc,phases,start] GC(649) Post Compact
[36.258s][info][gc,phases      ] GC(649) Post Compact 0.497ms
[36.258s][info][gc,heap        ] GC(649) PSYoungGen: 7607K(338944K)->0K(338944K) Eden: 0K(328704K)->0K(328704K) From: 7607K(10240K)->0K(10240K)
[36.258s][info][gc,heap        ] GC(649) ParOldGen: 105799K(699392K)->75857K(699392K)
[36.258s][info][gc,metaspace   ] GC(649) Metaspace: 11208K(11456K)->11208K(11456K) NonClass: 9800K(9920K)->9800K(9920K) Class: 1407K(1536K)->1407K(1536K)
[36.258s][info][gc             ] GC(649) Pause Full (System.gc()) 110M->74M(1014M) 90.197ms
[36.258s][info][gc,cpu         ] GC(649) User=0.55s Sys=0.00s Real=0.09s
[36.306s][info][gc,start       ] GC(650) Pause Young (Allocation Failure)
[36.309s][info][gc,heap        ] GC(650) PSYoungGen: 328704K(338944K)->5536K(338944K) Eden: 328704K(328704K)->0K(328704K) From: 0K(10240K)->5536K(10240K)
[36.309s][info][gc,heap        ] GC(650) ParOldGen: 75857K(699392K)->75857K(699392K)
[36.309s][info][gc,metaspace   ] GC(650) Metaspace: 11208K(11456K)->11208K(11456K) NonClass: 9800K(9920K)->9800K(9920K) Class: 1407K(1536K)->1407K(1536K)
[36.310s][info][gc             ] GC(650) Pause Young (Allocation Failure) 395M->79M(1014M) 3.665ms
[36.310s][info][gc,cpu         ] GC(650) User=0.00s Sys=0.00s Real=0.00s
[36.354s][info][gc,start       ] GC(651) Pause Young (Allocation Failure)
[36.360s][info][gc,heap        ] GC(651) PSYoungGen: 334240K(338944K)->5600K(338944K) Eden: 328704K(328704K)->0K(328704K) From: 5536K(10240K)->5600K(10240K)
[36.360s][info][gc,heap        ] GC(651) ParOldGen: 75857K(699392K)->81231K(699392K)
[36.360s][info][gc,metaspace   ] GC(651) Metaspace: 11208K(11456K)->11208K(11456K) NonClass: 9800K(9920K)->9800K(9920K) Class: 1407K(1536K)->1407K(1536K)
[36.360s][info][gc             ] GC(651) Pause Young (Allocation Failure) 400M->84M(1014M) 6.081ms
[36.360s][info][gc,cpu         ] GC(651) User=0.00s Sys=0.00s Real=0.00s
[36.405s][info][gc,start       ] GC(652) Pause Young (Allocation Failure)
[36.411s][info][gc,heap        ] GC(652) PSYoungGen: 334304K(338944K)->6686K(338944K) Eden: 328704K(328704K)->0K(328704K) From: 5600K(10240K)->6686K(10240K)
[36.411s][info][gc,heap        ] GC(652) ParOldGen: 81231K(699392K)->86356K(699392K)
[36.411s][info][gc,metaspace   ] GC(652) Metaspace: 11208K(11456K)->11208K(11456K) NonClass: 9800K(9920K)->9800K(9920K) Class: 1407K(1536K)->1407K(1536K)
[36.411s][info][gc             ] GC(652) Pause Young (Allocation Failure) 405M->90M(1014M) 6.038ms
[36.411s][info][gc,cpu         ] GC(652) User=0.00s Sys=0.00s Real=0.01s
[36.455s][info][gc,start       ] GC(653) Pause Young (Allocation Failure)
[36.461s][info][gc,heap        ] GC(653) PSYoungGen: 335390K(338944K)->5888K(339456K) Eden: 328704K(328704K)->0K(329728K) From: 6686K(10240K)->5888K(9728K)
[36.461s][info][gc,heap        ] GC(653) ParOldGen: 86356K(699392K)->92629K(699392K)
[36.461s][info][gc,metaspace   ] GC(653) Metaspace: 11208K(11456K)->11208K(11456K) NonClass: 9800K(9920K)->9800K(9920K) Class: 1407K(1536K)->1407K(1536K)
[36.461s][info][gc             ] GC(653) Pause Young (Allocation Failure) 411M->96M(1014M) 5.493ms
[36.461s][info][gc,cpu         ] GC(653) User=0.09s Sys=0.00s Real=0.01s
[36.506s][info][gc,start       ] GC(654) Pause Young (Allocation Failure)
[36.513s][info][gc,heap        ] GC(654) PSYoungGen: 335616K(339456K)->8609K(338432K) Eden: 329728K(329728K)->0K(329728K) From: 5888K(9728K)->8609K(8704K)
[36.513s][info][gc,heap        ] GC(654) ParOldGen: 92629K(699392K)->97963K(699392K)
[36.513s][info][gc,metaspace   ] GC(654) Metaspace: 11208K(11456K)->11208K(11456K) NonClass: 9800K(9920K)->9800K(9920K) Class: 1407K(1536K)->1407K(1536K)
[36.513s][info][gc             ] GC(654) Pause Young (Allocation Failure) 418M->104M(1013M) 6.305ms
[36.513s][info][gc,cpu         ] GC(654) User=0.00s Sys=0.00s Real=0.01s
[36.571s][info][gc,start       ] GC(655) Pause Young (System.gc())
[36.578s][info][gc,heap        ] GC(655) PSYoungGen: 293065K(338432K)->7554K(338944K) Eden: 284455K(329728K)->0K(328704K) From: 8609K(8704K)->7554K(10240K)
[36.578s][info][gc,heap        ] GC(655) ParOldGen: 97963K(699392K)->105715K(699392K)
[36.578s][info][gc,metaspace   ] GC(655) Metaspace: 11208K(11456K)->11208K(11456K) NonClass: 9800K(9920K)->9800K(9920K) Class: 1407K(1536K)->1407K(1536K)
[36.578s][info][gc             ] GC(655) Pause Young (System.gc()) 381M->110M(1014M) 6.665ms
[36.578s][info][gc,cpu         ] GC(655) User=0.00s Sys=0.00s Real=0.01s
[36.578s][info][gc,start       ] GC(656) Pause Full (System.gc())
[36.578s][info][gc,phases,start] GC(656) Marking Phase
[36.621s][info][gc,phases      ] GC(656) Marking Phase 42.730ms
[36.621s][info][gc,phases,start] GC(656) Summary Phase
[36.621s][info][gc,phases      ] GC(656) Summary Phase 0.011ms
[36.621s][info][gc,phases,start] GC(656) Adjust Roots
[36.623s][info][gc,phases      ] GC(656) Adjust Roots 1.606ms
[36.623s][info][gc,phases,start] GC(656) Compaction Phase
[36.631s][info][gc,phases      ] GC(656) Compaction Phase 8.454ms
[36.631s][info][gc,phases,start] GC(656) Post Compact
[36.632s][info][gc,phases      ] GC(656) Post Compact 0.361ms
[36.632s][info][gc,heap        ] GC(656) PSYoungGen: 7554K(338944K)->0K(338944K) Eden: 0K(328704K)->0K(328704K) From: 7554K(10240K)->0K(10240K)
[36.632s][info][gc,heap        ] GC(656) ParOldGen: 105715K(699392K)->75857K(699392K)
[36.632s][info][gc,metaspace   ] GC(656) Metaspace: 11208K(11456K)->11208K(11456K) NonClass: 9800K(9920K)->9800K(9920K) Class: 1407K(1536K)->1407K(1536K)
[36.632s][info][gc             ] GC(656) Pause Full (System.gc()) 110M->74M(1014M) 53.426ms
[36.632s][info][gc,cpu         ] GC(656) User=0.34s Sys=0.02s Real=0.05s
[36.678s][info][gc,start       ] GC(657) Pause Young (Allocation Failure)
[36.681s][info][gc,heap        ] GC(657) PSYoungGen: 328704K(338944K)->5568K(338944K) Eden: 328704K(328704K)->0K(328704K) From: 0K(10240K)->5568K(10240K)
[36.681s][info][gc,heap        ] GC(657) ParOldGen: 75857K(699392K)->75857K(699392K)
[36.681s][info][gc,metaspace   ] GC(657) Metaspace: 11208K(11456K)->11208K(11456K) NonClass: 9800K(9920K)->9800K(9920K) Class: 1407K(1536K)->1407K(1536K)
[36.681s][info][gc             ] GC(657) Pause Young (Allocation Failure) 395M->79M(1014M) 3.619ms
[36.681s][info][gc,cpu         ] GC(657) User=0.00s Sys=0.00s Real=0.00s
[36.726s][info][gc,start       ] GC(658) Pause Young (Allocation Failure)
[36.733s][info][gc,heap        ] GC(658) PSYoungGen: 334272K(338944K)->5728K(339456K) Eden: 328704K(328704K)->0K(329728K) From: 5568K(10240K)->5728K(9728K)
[36.733s][info][gc,heap        ] GC(658) ParOldGen: 75857K(699392K)->81199K(699392K)
[36.733s][info][gc,metaspace   ] GC(658) Metaspace: 11208K(11456K)->11208K(11456K) NonClass: 9800K(9920K)->9800K(9920K) Class: 1407K(1536K)->1407K(1536K)
[36.733s][info][gc             ] GC(658) Pause Young (Allocation Failure) 400M->84M(1014M) 6.279ms
[36.733s][info][gc,cpu         ] GC(658) User=0.00s Sys=0.00s Real=0.01s
[36.777s][info][gc,start       ] GC(659) Pause Young (Allocation Failure)
[36.783s][info][gc,heap        ] GC(659) PSYoungGen: 335456K(339456K)->6812K(339456K) Eden: 329728K(329728K)->0K(329728K) From: 5728K(9728K)->6812K(9728K)
[36.784s][info][gc,heap        ] GC(659) ParOldGen: 81199K(699392K)->86357K(699392K)
[36.784s][info][gc,metaspace   ] GC(659) Metaspace: 11208K(11456K)->11208K(11456K) NonClass: 9800K(9920K)->9800K(9920K) Class: 1407K(1536K)->1407K(1536K)
[36.784s][info][gc             ] GC(659) Pause Young (Allocation Failure) 406M->90M(1014M) 6.051ms
[36.784s][info][gc,cpu         ] GC(659) User=0.00s Sys=0.00s Real=0.01s
[36.828s][info][gc,start       ] GC(660) Pause Young (Allocation Failure)
[36.834s][info][gc,heap        ] GC(660) PSYoungGen: 336540K(339456K)->6315K(339968K) Eden: 329728K(329728K)->0K(330240K) From: 6812K(9728K)->6315K(9728K)
[36.834s][info][gc,heap        ] GC(660) ParOldGen: 86357K(699392K)->92661K(699392K)
[36.834s][info][gc,metaspace   ] GC(660) Metaspace: 11208K(11456K)->11208K(11456K) NonClass: 9800K(9920K)->9800K(9920K) Class: 1407K(1536K)->1407K(1536K)
[36.834s][info][gc             ] GC(660) Pause Young (Allocation Failure) 412M->96M(1015M) 5.860ms
[36.834s][info][gc,cpu         ] GC(660) User=0.09s Sys=0.00s Real=0.01s
[36.878s][info][gc,start       ] GC(661) Pause Young (Allocation Failure)
[36.885s][info][gc,heap        ] GC(661) PSYoungGen: 336555K(339968K)->7804K(339456K) Eden: 330240K(330240K)->0K(330240K) From: 6315K(9728K)->7804K(9216K)
[36.885s][info][gc,heap        ] GC(661) ParOldGen: 92661K(699392K)->98512K(699392K)
[36.885s][info][gc,metaspace   ] GC(661) Metaspace: 11208K(11456K)->11208K(11456K) NonClass: 9800K(9920K)->9800K(9920K) Class: 1407K(1536K)->1407K(1536K)
[36.885s][info][gc             ] GC(661) Pause Young (Allocation Failure) 419M->103M(1014M) 6.557ms
[36.885s][info][gc,cpu         ] GC(661) User=0.08s Sys=0.00s Real=0.01s
[36.944s][info][gc,start       ] GC(662) Pause Young (System.gc())
[36.952s][info][gc,heap        ] GC(662) PSYoungGen: 286125K(339456K)->9050K(338432K) Eden: 278320K(330240K)->0K(328704K) From: 7804K(9216K)->9050K(9728K)
[36.952s][info][gc,heap        ] GC(662) ParOldGen: 98512K(699392K)->104388K(699392K)
[36.952s][info][gc,metaspace   ] GC(662) Metaspace: 11208K(11456K)->11208K(11456K) NonClass: 9800K(9920K)->9800K(9920K) Class: 1407K(1536K)->1407K(1536K)
[36.952s][info][gc             ] GC(662) Pause Young (System.gc()) 375M->110M(1013M) 7.911ms
[36.952s][info][gc,cpu         ] GC(662) User=0.00s Sys=0.00s Real=0.01s
[36.952s][info][gc,start       ] GC(663) Pause Full (System.gc())
[36.952s][info][gc,phases,start] GC(663) Marking Phase
[36.994s][info][gc,phases      ] GC(663) Marking Phase 41.632ms
[36.994s][info][gc,phases,start] GC(663) Summary Phase
[36.994s][info][gc,phases      ] GC(663) Summary Phase 0.010ms
[36.994s][info][gc,phases,start] GC(663) Adjust Roots
[36.995s][info][gc,phases      ] GC(663) Adjust Roots 1.341ms
[36.995s][info][gc,phases,start] GC(663) Compaction Phase
[37.003s][info][gc,phases      ] GC(663) Compaction Phase 7.723ms
[37.003s][info][gc,phases,start] GC(663) Post Compact
[37.003s][info][gc,phases      ] GC(663) Post Compact 0.361ms
[37.003s][info][gc,heap        ] GC(663) PSYoungGen: 9050K(338432K)->0K(338432K) Eden: 0K(328704K)->0K(328704K) From: 9050K(9728K)->0K(9728K)
[37.003s][info][gc,heap        ] GC(663) ParOldGen: 104388K(699392K)->75857K(699392K)
[37.003s][info][gc,metaspace   ] GC(663) Metaspace: 11208K(11456K)->11208K(11456K) NonClass: 9800K(9920K)->9800K(9920K) Class: 1407K(1536K)->1407K(1536K)
[37.003s][info][gc             ] GC(663) Pause Full (System.gc()) 110M->74M(1013M) 51.280ms
[37.003s][info][gc,cpu         ] GC(663) User=0.27s Sys=0.00s Real=0.05s
[37.049s][info][gc,start       ] GC(664) Pause Young (Allocation Failure)
[37.053s][info][gc,heap        ] GC(664) PSYoungGen: 328704K(338432K)->5504K(338944K) Eden: 328704K(328704K)->0K(328704K) From: 0K(9728K)->5504K(10240K)
[37.053s][info][gc,heap        ] GC(664) ParOldGen: 75857K(699392K)->75857K(699392K)
[37.053s][info][gc,metaspace   ] GC(664) Metaspace: 11208K(11456K)->11208K(11456K) NonClass: 9800K(9920K)->9800K(9920K) Class: 1407K(1536K)->1407K(1536K)
[37.053s][info][gc             ] GC(664) Pause Young (Allocation Failure) 395M->79M(1014M) 4.006ms
[37.053s][info][gc,cpu         ] GC(664) User=0.09s Sys=0.00s Real=0.00s
[37.098s][info][gc,start       ] GC(665) Pause Young (Allocation Failure)
[37.104s][info][gc,heap        ] GC(665) PSYoungGen: 334208K(338944K)->5744K(338944K) Eden: 328704K(328704K)->0K(328704K) From: 5504K(10240K)->5744K(10240K)
[37.104s][info][gc,heap        ] GC(665) ParOldGen: 75857K(699392K)->81187K(699392K)
[37.104s][info][gc,metaspace   ] GC(665) Metaspace: 11208K(11456K)->11208K(11456K) NonClass: 9800K(9920K)->9800K(9920K) Class: 1407K(1536K)->1407K(1536K)
[37.104s][info][gc             ] GC(665) Pause Young (Allocation Failure) 400M->84M(1014M) 6.297ms
[37.104s][info][gc,cpu         ] GC(665) User=0.09s Sys=0.00s Real=0.01s
[37.150s][info][gc,start       ] GC(666) Pause Young (Allocation Failure)
[37.155s][info][gc,heap        ] GC(666) PSYoungGen: 334448K(338944K)->6635K(338944K) Eden: 328704K(328704K)->0K(328704K) From: 5744K(10240K)->6635K(10240K)
[37.156s][info][gc,heap        ] GC(666) ParOldGen: 81187K(699392K)->86362K(699392K)
[37.156s][info][gc,metaspace   ] GC(666) Metaspace: 11208K(11456K)->11208K(11456K) NonClass: 9800K(9920K)->9800K(9920K) Class: 1407K(1536K)->1407K(1536K)
[37.156s][info][gc             ] GC(666) Pause Young (Allocation Failure) 405M->90M(1014M) 5.877ms
[37.156s][info][gc,cpu         ] GC(666) User=0.00s Sys=0.00s Real=0.00s
[37.200s][info][gc,start       ] GC(667) Pause Young (Allocation Failure)
[37.206s][info][gc,heap        ] GC(667) PSYoungGen: 335339K(338944K)->6893K(339456K) Eden: 328704K(328704K)->0K(329728K) From: 6635K(10240K)->6893K(9728K)
[37.206s][info][gc,heap        ] GC(667) ParOldGen: 86362K(699392K)->92068K(699392K)
[37.206s][info][gc,metaspace   ] GC(667) Metaspace: 11208K(11456K)->11208K(11456K) NonClass: 9800K(9920K)->9800K(9920K) Class: 1407K(1536K)->1407K(1536K)
[37.206s][info][gc             ] GC(667) Pause Young (Allocation Failure) 411M->96M(1014M) 6.021ms
[37.206s][info][gc,cpu         ] GC(667) User=0.00s Sys=0.00s Real=0.01s
[37.254s][info][gc,start       ] GC(668) Pause Young (Allocation Failure)
[37.260s][info][gc,heap        ] GC(668) PSYoungGen: 336621K(339456K)->8243K(339456K) Eden: 329728K(329728K)->0K(329728K) From: 6893K(9728K)->8243K(9728K)
[37.260s][info][gc,heap        ] GC(668) ParOldGen: 92068K(699392K)->97614K(699392K)
[37.260s][info][gc,metaspace   ] GC(668) Metaspace: 11208K(11456K)->11208K(11456K) NonClass: 9800K(9920K)->9800K(9920K) Class: 1407K(1536K)->1407K(1536K)
[37.260s][info][gc             ] GC(668) Pause Young (Allocation Failure) 418M->103M(1014M) 6.375ms
[37.260s][info][gc,cpu         ] GC(668) User=0.09s Sys=0.00s Real=0.01s
[37.322s][info][gc,start       ] GC(669) Pause Young (System.gc())
[37.331s][info][gc,heap        ] GC(669) PSYoungGen: 293032K(339456K)->8873K(338432K) Eden: 284789K(329728K)->0K(328704K) From: 8243K(9728K)->8873K(9728K)
[37.331s][info][gc,heap        ] GC(669) ParOldGen: 97614K(699392K)->104181K(699392K)
[37.331s][info][gc,metaspace   ] GC(669) Metaspace: 11208K(11456K)->11208K(11456K) NonClass: 9800K(9920K)->9800K(9920K) Class: 1407K(1536K)->1407K(1536K)
[37.331s][info][gc             ] GC(669) Pause Young (System.gc()) 381M->110M(1013M) 8.615ms
[37.331s][info][gc,cpu         ] GC(669) User=0.00s Sys=0.00s Real=0.01s
[37.331s][info][gc,start       ] GC(670) Pause Full (System.gc())
[37.331s][info][gc,phases,start] GC(670) Marking Phase
[37.364s][info][gc,phases      ] GC(670) Marking Phase 32.771ms
[37.364s][info][gc,phases,start] GC(670) Summary Phase
[37.364s][info][gc,phases      ] GC(670) Summary Phase 0.010ms
[37.364s][info][gc,phases,start] GC(670) Adjust Roots
[37.366s][info][gc,phases      ] GC(670) Adjust Roots 2.069ms
[37.366s][info][gc,phases,start] GC(670) Compaction Phase
[37.374s][info][gc,phases      ] GC(670) Compaction Phase 8.004ms
[37.374s][info][gc,phases,start] GC(670) Post Compact
[37.374s][info][gc,phases      ] GC(670) Post Compact 0.353ms
[37.374s][info][gc,heap        ] GC(670) PSYoungGen: 8873K(338432K)->0K(338432K) Eden: 0K(328704K)->0K(328704K) From: 8873K(9728K)->0K(9728K)
[37.374s][info][gc,heap        ] GC(670) ParOldGen: 104181K(699392K)->75857K(699392K)
[37.374s][info][gc,metaspace   ] GC(670) Metaspace: 11208K(11456K)->11208K(11456K) NonClass: 9800K(9920K)->9800K(9920K) Class: 1407K(1536K)->1407K(1536K)
[37.374s][info][gc             ] GC(670) Pause Full (System.gc()) 110M->74M(1013M) 43.452ms
[37.374s][info][gc,cpu         ] GC(670) User=0.27s Sys=0.00s Real=0.04s
[37.421s][info][gc,start       ] GC(671) Pause Young (Allocation Failure)
[37.424s][info][gc,heap        ] GC(671) PSYoungGen: 328704K(338432K)->5568K(338944K) Eden: 328704K(328704K)->0K(328704K) From: 0K(9728K)->5568K(10240K)
[37.424s][info][gc,heap        ] GC(671) ParOldGen: 75857K(699392K)->75857K(699392K)
[37.424s][info][gc,metaspace   ] GC(671) Metaspace: 11208K(11456K)->11208K(11456K) NonClass: 9800K(9920K)->9800K(9920K) Class: 1407K(1536K)->1407K(1536K)
[37.424s][info][gc             ] GC(671) Pause Young (Allocation Failure) 395M->79M(1014M) 3.578ms
[37.424s][info][gc,cpu         ] GC(671) User=0.00s Sys=0.00s Real=0.00s
[37.469s][info][gc,start       ] GC(672) Pause Young (Allocation Failure)
[37.475s][info][gc,heap        ] GC(672) PSYoungGen: 334272K(338944K)->5760K(338944K) Eden: 328704K(328704K)->0K(328704K) From: 5568K(10240K)->5760K(10240K)
[37.475s][info][gc,heap        ] GC(672) ParOldGen: 75857K(699392K)->81158K(699392K)
[37.475s][info][gc,metaspace   ] GC(672) Metaspace: 11208K(11456K)->11208K(11456K) NonClass: 9800K(9920K)->9800K(9920K) Class: 1407K(1536K)->1407K(1536K)
[37.475s][info][gc             ] GC(672) Pause Young (Allocation Failure) 400M->84M(1014M) 5.914ms
[37.475s][info][gc,cpu         ] GC(672) User=0.09s Sys=0.00s Real=0.01s
[37.520s][info][gc,start       ] GC(673) Pause Young (Allocation Failure)
[37.527s][info][gc,heap        ] GC(673) PSYoungGen: 334464K(338944K)->7076K(338944K) Eden: 328704K(328704K)->0K(328704K) From: 5760K(10240K)->7076K(10240K)
[37.527s][info][gc,heap        ] GC(673) ParOldGen: 81158K(699392K)->86311K(699392K)
[37.527s][info][gc,metaspace   ] GC(673) Metaspace: 11208K(11456K)->11208K(11456K) NonClass: 9800K(9920K)->9800K(9920K) Class: 1407K(1536K)->1407K(1536K)
[37.527s][info][gc             ] GC(673) Pause Young (Allocation Failure) 405M->91M(1014M) 6.254ms
[37.527s][info][gc,cpu         ] GC(673) User=0.00s Sys=0.00s Real=0.01s
[37.572s][info][gc,start       ] GC(674) Pause Young (Allocation Failure)
[37.578s][info][gc,heap        ] GC(674) PSYoungGen: 335780K(338944K)->6232K(339456K) Eden: 328704K(328704K)->0K(329728K) From: 7076K(10240K)->6232K(9728K)
[37.578s][info][gc,heap        ] GC(674) ParOldGen: 86311K(699392K)->92685K(699392K)
[37.578s][info][gc,metaspace   ] GC(674) Metaspace: 11208K(11456K)->11208K(11456K) NonClass: 9800K(9920K)->9800K(9920K) Class: 1407K(1536K)->1407K(1536K)
[37.578s][info][gc             ] GC(674) Pause Young (Allocation Failure) 412M->96M(1014M) 6.047ms
[37.578s][info][gc,cpu         ] GC(674) User=0.00s Sys=0.00s Real=0.01s
[37.622s][info][gc,start       ] GC(675) Pause Young (Allocation Failure)
[37.628s][info][gc,heap        ] GC(675) PSYoungGen: 335960K(339456K)->8036K(339456K) Eden: 329728K(329728K)->0K(329728K) From: 6232K(9728K)->8036K(9728K)
[37.628s][info][gc,heap        ] GC(675) ParOldGen: 92685K(699392K)->98211K(699392K)
[37.628s][info][gc,metaspace   ] GC(675) Metaspace: 11208K(11456K)->11208K(11456K) NonClass: 9800K(9920K)->9800K(9920K) Class: 1407K(1536K)->1407K(1536K)
[37.628s][info][gc             ] GC(675) Pause Young (Allocation Failure) 418M->103M(1014M) 6.177ms
[37.628s][info][gc,cpu         ] GC(675) User=0.00s Sys=0.00s Real=0.01s
[37.691s][info][gc,start       ] GC(676) Pause Young (System.gc())
[37.698s][info][gc,heap        ] GC(676) PSYoungGen: 293619K(339456K)->8568K(338432K) Eden: 285583K(329728K)->0K(328704K) From: 8036K(9728K)->8568K(9728K)
[37.698s][info][gc,heap        ] GC(676) ParOldGen: 98211K(699392K)->105281K(699392K)
[37.698s][info][gc,metaspace   ] GC(676) Metaspace: 11209K(11456K)->11209K(11456K) NonClass: 9801K(9920K)->9801K(9920K) Class: 1407K(1536K)->1407K(1536K)
[37.698s][info][gc             ] GC(676) Pause Young (System.gc()) 382M->111M(1013M) 7.242ms
[37.698s][info][gc,cpu         ] GC(676) User=0.09s Sys=0.00s Real=0.01s
[37.698s][info][gc,start       ] GC(677) Pause Full (System.gc())
[37.698s][info][gc,phases,start] GC(677) Marking Phase
[37.750s][info][gc,phases      ] GC(677) Marking Phase 51.566ms
[37.750s][info][gc,phases,start] GC(677) Summary Phase
[37.750s][info][gc,phases      ] GC(677) Summary Phase 0.010ms
[37.750s][info][gc,phases,start] GC(677) Adjust Roots
[37.751s][info][gc,phases      ] GC(677) Adjust Roots 1.595ms
[37.751s][info][gc,phases,start] GC(677) Compaction Phase
[37.759s][info][gc,phases      ] GC(677) Compaction Phase 8.033ms
[37.759s][info][gc,phases,start] GC(677) Post Compact
[37.760s][info][gc,phases      ] GC(677) Post Compact 0.362ms
[37.760s][info][gc,heap        ] GC(677) PSYoungGen: 8568K(338432K)->0K(338432K) Eden: 0K(328704K)->0K(328704K) From: 8568K(9728K)->0K(9728K)
[37.760s][info][gc,heap        ] GC(677) ParOldGen: 105281K(699392K)->75857K(699392K)
[37.760s][info][gc,metaspace   ] GC(677) Metaspace: 11209K(11456K)->11209K(11456K) NonClass: 9801K(9920K)->9801K(9920K) Class: 1407K(1536K)->1407K(1536K)
[37.760s][info][gc             ] GC(677) Pause Full (System.gc()) 111M->74M(1013M) 61.809ms
[37.760s][info][gc,cpu         ] GC(677) User=0.38s Sys=0.00s Real=0.06s
[37.806s][info][gc,start       ] GC(678) Pause Young (Allocation Failure)
[37.810s][info][gc,heap        ] GC(678) PSYoungGen: 328704K(338432K)->5568K(338944K) Eden: 328704K(328704K)->0K(328704K) From: 0K(9728K)->5568K(10240K)
[37.810s][info][gc,heap        ] GC(678) ParOldGen: 75857K(699392K)->75857K(699392K)
[37.810s][info][gc,metaspace   ] GC(678) Metaspace: 11209K(11456K)->11209K(11456K) NonClass: 9801K(9920K)->9801K(9920K) Class: 1407K(1536K)->1407K(1536K)
[37.810s][info][gc             ] GC(678) Pause Young (Allocation Failure) 395M->79M(1014M) 3.651ms
[37.810s][info][gc,cpu         ] GC(678) User=0.00s Sys=0.00s Real=0.00s
[37.854s][info][gc,start       ] GC(679) Pause Young (Allocation Failure)
[37.860s][info][gc,heap        ] GC(679) PSYoungGen: 334272K(338944K)->5632K(338944K) Eden: 328704K(328704K)->0K(328704K) From: 5568K(10240K)->5632K(10240K)
[37.860s][info][gc,heap        ] GC(679) ParOldGen: 75857K(699392K)->81244K(699392K)
[37.860s][info][gc,metaspace   ] GC(679) Metaspace: 11209K(11456K)->11209K(11456K) NonClass: 9801K(9920K)->9801K(9920K) Class: 1407K(1536K)->1407K(1536K)
[37.860s][info][gc             ] GC(679) Pause Young (Allocation Failure) 400M->84M(1014M) 5.847ms
[37.860s][info][gc,cpu         ] GC(679) User=0.00s Sys=0.00s Real=0.00s
[37.905s][info][gc,start       ] GC(680) Pause Young (Allocation Failure)
[37.911s][info][gc,heap        ] GC(680) PSYoungGen: 334336K(338944K)->6718K(338944K) Eden: 328704K(328704K)->0K(328704K) From: 5632K(10240K)->6718K(10240K)
[37.914s][info][gc,heap        ] GC(680) ParOldGen: 81244K(699392K)->86356K(699392K)
[37.914s][info][gc,metaspace   ] GC(680) Metaspace: 11209K(11456K)->11209K(11456K) NonClass: 9801K(9920K)->9801K(9920K) Class: 1407K(1536K)->1407K(1536K)
[37.914s][info][gc             ] GC(680) Pause Young (Allocation Failure) 405M->90M(1014M) 8.263ms
[37.914s][info][gc,cpu         ] GC(680) User=0.09s Sys=0.00s Real=0.01s
[37.959s][info][gc,start       ] GC(681) Pause Young (Allocation Failure)
[37.964s][info][gc,heap        ] GC(681) PSYoungGen: 335422K(338944K)->6332K(339456K) Eden: 328704K(328704K)->0K(329728K) From: 6718K(10240K)->6332K(9728K)
[37.965s][info][gc,heap        ] GC(681) ParOldGen: 86356K(699392K)->92555K(699392K)
[37.965s][info][gc,metaspace   ] GC(681) Metaspace: 11209K(11456K)->11209K(11456K) NonClass: 9801K(9920K)->9801K(9920K) Class: 1407K(1536K)->1407K(1536K)
[37.965s][info][gc             ] GC(681) Pause Young (Allocation Failure) 411M->96M(1014M) 5.705ms
[37.965s][info][gc,cpu         ] GC(681) User=0.00s Sys=0.00s Real=0.00s
[38.009s][info][gc,start       ] GC(682) Pause Young (Allocation Failure)
[38.015s][info][gc,heap        ] GC(682) PSYoungGen: 336060K(339456K)->7594K(339456K) Eden: 329728K(329728K)->0K(329728K) From: 6332K(9728K)->7594K(9728K)
[38.015s][info][gc,heap        ] GC(682) ParOldGen: 92555K(699392K)->98323K(699392K)
[38.015s][info][gc,metaspace   ] GC(682) Metaspace: 11209K(11456K)->11209K(11456K) NonClass: 9801K(9920K)->9801K(9920K) Class: 1407K(1536K)->1407K(1536K)
[38.015s][info][gc             ] GC(682) Pause Young (Allocation Failure) 418M->103M(1014M) 6.325ms
[38.015s][info][gc,cpu         ] GC(682) User=0.00s Sys=0.00s Real=0.01s
[38.075s][info][gc,start       ] GC(683) Pause Young (System.gc())
[38.082s][info][gc,heap        ] GC(683) PSYoungGen: 290035K(339456K)->8359K(338432K) Eden: 282441K(329728K)->0K(328704K) From: 7594K(9728K)->8359K(9728K)
[38.082s][info][gc,heap        ] GC(683) ParOldGen: 98323K(699392K)->104803K(699392K)
[38.082s][info][gc,metaspace   ] GC(683) Metaspace: 11211K(11456K)->11211K(11456K) NonClass: 9803K(9920K)->9803K(9920K) Class: 1407K(1536K)->1407K(1536K)
[38.082s][info][gc             ] GC(683) Pause Young (System.gc()) 379M->110M(1013M) 6.971ms
[38.082s][info][gc,cpu         ] GC(683) User=0.00s Sys=0.00s Real=0.02s
[38.082s][info][gc,start       ] GC(684) Pause Full (System.gc())
[38.082s][info][gc,phases,start] GC(684) Marking Phase
[38.116s][info][gc,phases      ] GC(684) Marking Phase 33.606ms
[38.116s][info][gc,phases,start] GC(684) Summary Phase
[38.116s][info][gc,phases      ] GC(684) Summary Phase 0.010ms
[38.116s][info][gc,phases,start] GC(684) Adjust Roots
[38.117s][info][gc,phases      ] GC(684) Adjust Roots 1.487ms
[38.117s][info][gc,phases,start] GC(684) Compaction Phase
[38.125s][info][gc,phases      ] GC(684) Compaction Phase 7.860ms
[38.125s][info][gc,phases,start] GC(684) Post Compact
[38.126s][info][gc,phases      ] GC(684) Post Compact 0.360ms
[38.126s][info][gc,heap        ] GC(684) PSYoungGen: 8359K(338432K)->0K(338432K) Eden: 0K(328704K)->0K(328704K) From: 8359K(9728K)->0K(9728K)
[38.126s][info][gc,heap        ] GC(684) ParOldGen: 104803K(699392K)->75857K(699392K)
[38.126s][info][gc,metaspace   ] GC(684) Metaspace: 11211K(11456K)->11211K(11456K) NonClass: 9803K(9920K)->9803K(9920K) Class: 1407K(1536K)->1407K(1536K)
[38.126s][info][gc             ] GC(684) Pause Full (System.gc()) 110M->74M(1013M) 43.598ms
[38.126s][info][gc,cpu         ] GC(684) User=0.20s Sys=0.00s Real=0.04s
[38.173s][info][gc,start       ] GC(685) Pause Young (Allocation Failure)
[38.177s][info][gc,heap        ] GC(685) PSYoungGen: 328704K(338432K)->5568K(338944K) Eden: 328704K(328704K)->0K(328704K) From: 0K(9728K)->5568K(10240K)
[38.177s][info][gc,heap        ] GC(685) ParOldGen: 75857K(699392K)->75857K(699392K)
[38.177s][info][gc,metaspace   ] GC(685) Metaspace: 11225K(11456K)->11225K(11456K) NonClass: 9817K(9920K)->9817K(9920K) Class: 1407K(1536K)->1407K(1536K)
[38.177s][info][gc             ] GC(685) Pause Young (Allocation Failure) 395M->79M(1014M) 3.870ms
[38.177s][info][gc,cpu         ] GC(685) User=0.00s Sys=0.00s Real=0.00s
[38.224s][info][gc,start       ] GC(686) Pause Young (Allocation Failure)
[38.230s][info][gc,heap        ] GC(686) PSYoungGen: 334272K(338944K)->5680K(339456K) Eden: 328704K(328704K)->0K(329728K) From: 5568K(10240K)->5680K(9728K)
[38.230s][info][gc,heap        ] GC(686) ParOldGen: 75857K(699392K)->81203K(699392K)
[38.230s][info][gc,metaspace   ] GC(686) Metaspace: 11225K(11456K)->11225K(11456K) NonClass: 9817K(9920K)->9817K(9920K) Class: 1407K(1536K)->1407K(1536K)
[38.230s][info][gc             ] GC(686) Pause Young (Allocation Failure) 400M->84M(1014M) 6.310ms
[38.230s][info][gc,cpu         ] GC(686) User=0.00s Sys=0.00s Real=0.01s
[38.276s][info][gc,start       ] GC(687) Pause Young (Allocation Failure)
[38.282s][info][gc,heap        ] GC(687) PSYoungGen: 335408K(339456K)->7099K(339456K) Eden: 329728K(329728K)->0K(329728K) From: 5680K(9728K)->7099K(9728K)
[38.282s][info][gc,heap        ] GC(687) ParOldGen: 81203K(699392K)->86355K(699392K)
[38.282s][info][gc,metaspace   ] GC(687) Metaspace: 11225K(11456K)->11225K(11456K) NonClass: 9817K(9920K)->9817K(9920K) Class: 1407K(1536K)->1407K(1536K)
[38.282s][info][gc             ] GC(687) Pause Young (Allocation Failure) 406M->91M(1014M) 6.268ms
[38.282s][info][gc,cpu         ] GC(687) User=0.00s Sys=0.00s Real=0.01s
[38.328s][info][gc,start       ] GC(688) Pause Young (Allocation Failure)
[38.334s][info][gc,heap        ] GC(688) PSYoungGen: 336827K(339456K)->5840K(339456K) Eden: 329728K(329728K)->0K(329728K) From: 7099K(9728K)->5840K(9728K)
[38.334s][info][gc,heap        ] GC(688) ParOldGen: 86355K(699392K)->93095K(699392K)
[38.334s][info][gc,metaspace   ] GC(688) Metaspace: 11225K(11456K)->11225K(11456K) NonClass: 9817K(9920K)->9817K(9920K) Class: 1407K(1536K)->1407K(1536K)
[38.334s][info][gc             ] GC(688) Pause Young (Allocation Failure) 413M->96M(1014M) 5.706ms
[38.334s][info][gc,cpu         ] GC(688) User=0.09s Sys=0.00s Real=0.01s
[38.379s][info][gc,start       ] GC(689) Pause Young (Allocation Failure)
[38.385s][info][gc,heap        ] GC(689) PSYoungGen: 335568K(339456K)->7395K(339456K) Eden: 329728K(329728K)->0K(329728K) From: 5840K(9728K)->7395K(9728K)
[38.385s][info][gc,heap        ] GC(689) ParOldGen: 93095K(699392K)->98438K(699392K)
[38.385s][info][gc,metaspace   ] GC(689) Metaspace: 11225K(11456K)->11225K(11456K) NonClass: 9817K(9920K)->9817K(9920K) Class: 1407K(1536K)->1407K(1536K)
[38.385s][info][gc             ] GC(689) Pause Young (Allocation Failure) 418M->103M(1014M) 6.327ms
[38.385s][info][gc,cpu         ] GC(689) User=0.08s Sys=0.00s Real=0.01s
[38.441s][info][gc,start       ] GC(690) Pause Young (System.gc())
[38.449s][info][gc,heap        ] GC(690) PSYoungGen: 289425K(339456K)->9267K(338432K) Eden: 282030K(329728K)->0K(328704K) From: 7395K(9728K)->9267K(9728K)
[38.449s][info][gc,heap        ] GC(690) ParOldGen: 98438K(699392K)->104417K(699392K)
[38.449s][info][gc,metaspace   ] GC(690) Metaspace: 11225K(11456K)->11225K(11456K) NonClass: 9817K(9920K)->9817K(9920K) Class: 1407K(1536K)->1407K(1536K)
[38.449s][info][gc             ] GC(690) Pause Young (System.gc()) 378M->111M(1013M) 7.836ms
[38.449s][info][gc,cpu         ] GC(690) User=0.09s Sys=0.00s Real=0.02s
[38.449s][info][gc,start       ] GC(691) Pause Full (System.gc())
[38.449s][info][gc,phases,start] GC(691) Marking Phase
[38.497s][info][gc,phases      ] GC(691) Marking Phase 47.454ms
[38.497s][info][gc,phases,start] GC(691) Summary Phase
[38.497s][info][gc,phases      ] GC(691) Summary Phase 0.010ms
[38.497s][info][gc,phases,start] GC(691) Adjust Roots
[38.499s][info][gc,phases      ] GC(691) Adjust Roots 1.849ms
[38.499s][info][gc,phases,start] GC(691) Compaction Phase
[38.507s][info][gc,phases      ] GC(691) Compaction Phase 8.190ms
[38.507s][info][gc,phases,start] GC(691) Post Compact
[38.507s][info][gc,phases      ] GC(691) Post Compact 0.389ms
[38.507s][info][gc,heap        ] GC(691) PSYoungGen: 9267K(338432K)->0K(338432K) Eden: 0K(328704K)->0K(328704K) From: 9267K(9728K)->0K(9728K)
[38.507s][info][gc,heap        ] GC(691) ParOldGen: 104417K(699392K)->75857K(699392K)
[38.507s][info][gc,metaspace   ] GC(691) Metaspace: 11225K(11456K)->11225K(11456K) NonClass: 9817K(9920K)->9817K(9920K) Class: 1407K(1536K)->1407K(1536K)
[38.507s][info][gc             ] GC(691) Pause Full (System.gc()) 111M->74M(1013M) 58.150ms
[38.508s][info][gc,cpu         ] GC(691) User=0.36s Sys=0.02s Real=0.06s
[38.554s][info][gc,start       ] GC(692) Pause Young (Allocation Failure)
[38.558s][info][gc,heap        ] GC(692) PSYoungGen: 328704K(338432K)->5664K(338944K) Eden: 328704K(328704K)->0K(328704K) From: 0K(9728K)->5664K(10240K)
[38.558s][info][gc,heap        ] GC(692) ParOldGen: 75857K(699392K)->75857K(699392K)
[38.558s][info][gc,metaspace   ] GC(692) Metaspace: 11225K(11456K)->11225K(11456K) NonClass: 9817K(9920K)->9817K(9920K) Class: 1407K(1536K)->1407K(1536K)
[38.558s][info][gc             ] GC(692) Pause Young (Allocation Failure) 395M->79M(1014M) 3.784ms
[38.558s][info][gc,cpu         ] GC(692) User=0.00s Sys=0.00s Real=0.00s
[38.603s][info][gc,start       ] GC(693) Pause Young (Allocation Failure)
[38.609s][info][gc,heap        ] GC(693) PSYoungGen: 334368K(338944K)->5680K(338944K) Eden: 328704K(328704K)->0K(328704K) From: 5664K(10240K)->5680K(10240K)
[38.609s][info][gc,heap        ] GC(693) ParOldGen: 75857K(699392K)->81258K(699392K)
[38.609s][info][gc,metaspace   ] GC(693) Metaspace: 11225K(11456K)->11225K(11456K) NonClass: 9817K(9920K)->9817K(9920K) Class: 1407K(1536K)->1407K(1536K)
[38.609s][info][gc             ] GC(693) Pause Young (Allocation Failure) 400M->84M(1014M) 6.386ms
[38.609s][info][gc,cpu         ] GC(693) User=0.00s Sys=0.00s Real=0.01s
[38.655s][info][gc,start       ] GC(694) Pause Young (Allocation Failure)
[38.661s][info][gc,heap        ] GC(694) PSYoungGen: 334384K(338944K)->6707K(338944K) Eden: 328704K(328704K)->0K(328704K) From: 5680K(10240K)->6707K(10240K)
[38.661s][info][gc,heap        ] GC(694) ParOldGen: 81258K(699392K)->86374K(699392K)
[38.661s][info][gc,metaspace   ] GC(694) Metaspace: 11225K(11456K)->11225K(11456K) NonClass: 9817K(9920K)->9817K(9920K) Class: 1407K(1536K)->1407K(1536K)
[38.661s][info][gc             ] GC(694) Pause Young (Allocation Failure) 405M->90M(1014M) 6.337ms
[38.661s][info][gc,cpu         ] GC(694) User=0.02s Sys=0.00s Real=0.01s
[38.706s][info][gc,start       ] GC(695) Pause Young (Allocation Failure)
[38.711s][info][gc,heap        ] GC(695) PSYoungGen: 335411K(338944K)->6087K(339456K) Eden: 328704K(328704K)->0K(329728K) From: 6707K(10240K)->6087K(9728K)
[38.711s][info][gc,heap        ] GC(695) ParOldGen: 86374K(699392K)->92588K(699392K)
[38.711s][info][gc,metaspace   ] GC(695) Metaspace: 11225K(11456K)->11225K(11456K) NonClass: 9817K(9920K)->9817K(9920K) Class: 1407K(1536K)->1407K(1536K)
[38.712s][info][gc             ] GC(695) Pause Young (Allocation Failure) 411M->96M(1014M) 5.827ms
[38.712s][info][gc,cpu         ] GC(695) User=0.09s Sys=0.00s Real=0.00s
[38.756s][info][gc,start       ] GC(696) Pause Young (Allocation Failure)
[38.762s][info][gc,heap        ] GC(696) PSYoungGen: 335815K(339456K)->8193K(339456K) Eden: 329728K(329728K)->0K(329728K) From: 6087K(9728K)->8193K(9728K)
[38.762s][info][gc,heap        ] GC(696) ParOldGen: 92588K(699392K)->97851K(699392K)
[38.762s][info][gc,metaspace   ] GC(696) Metaspace: 11225K(11456K)->11225K(11456K) NonClass: 9817K(9920K)->9817K(9920K) Class: 1407K(1536K)->1407K(1536K)
[38.762s][info][gc             ] GC(696) Pause Young (Allocation Failure) 418M->103M(1014M) 6.492ms
[38.762s][info][gc,cpu         ] GC(696) User=0.00s Sys=0.00s Real=0.01s
[38.816s][info][gc,start       ] GC(697) Pause Young (System.gc())
[38.823s][info][gc,heap        ] GC(697) PSYoungGen: 291905K(339456K)->9149K(338432K) Eden: 283711K(329728K)->0K(328704K) From: 8193K(9728K)->9149K(9728K)
[38.823s][info][gc,heap        ] GC(697) ParOldGen: 97851K(699392K)->104144K(699392K)
[38.823s][info][gc,metaspace   ] GC(697) Metaspace: 11225K(11456K)->11225K(11456K) NonClass: 9817K(9920K)->9817K(9920K) Class: 1407K(1536K)->1407K(1536K)
[38.824s][info][gc             ] GC(697) Pause Young (System.gc()) 380M->110M(1013M) 7.670ms
[38.824s][info][gc,cpu         ] GC(697) User=0.08s Sys=0.00s Real=0.02s
[38.824s][info][gc,start       ] GC(698) Pause Full (System.gc())
[38.824s][info][gc,phases,start] GC(698) Marking Phase
[38.867s][info][gc,phases      ] GC(698) Marking Phase 42.972ms
[38.867s][info][gc,phases,start] GC(698) Summary Phase
[38.867s][info][gc,phases      ] GC(698) Summary Phase 0.009ms
[38.867s][info][gc,phases,start] GC(698) Adjust Roots
[38.868s][info][gc,phases      ] GC(698) Adjust Roots 1.839ms
[38.868s][info][gc,phases,start] GC(698) Compaction Phase
[38.877s][info][gc,phases      ] GC(698) Compaction Phase 8.275ms
[38.877s][info][gc,phases,start] GC(698) Post Compact
[38.877s][info][gc,phases      ] GC(698) Post Compact 0.366ms
[38.877s][info][gc,heap        ] GC(698) PSYoungGen: 9149K(338432K)->0K(338432K) Eden: 0K(328704K)->0K(328704K) From: 9149K(9728K)->0K(9728K)
[38.877s][info][gc,heap        ] GC(698) ParOldGen: 104144K(699392K)->75857K(699392K)
[38.877s][info][gc,metaspace   ] GC(698) Metaspace: 11225K(11456K)->11225K(11456K) NonClass: 9817K(9920K)->9817K(9920K) Class: 1407K(1536K)->1407K(1536K)
[38.877s][info][gc             ] GC(698) Pause Full (System.gc()) 110M->74M(1013M) 53.675ms
[38.877s][info][gc,cpu         ] GC(698) User=0.25s Sys=0.00s Real=0.05s
[38.924s][info][gc,start       ] GC(699) Pause Young (Allocation Failure)
[38.928s][info][gc,heap        ] GC(699) PSYoungGen: 328704K(338432K)->5600K(338944K) Eden: 328704K(328704K)->0K(328704K) From: 0K(9728K)->5600K(10240K)
[38.928s][info][gc,heap        ] GC(699) ParOldGen: 75857K(699392K)->75857K(699392K)
[38.928s][info][gc,metaspace   ] GC(699) Metaspace: 11225K(11456K)->11225K(11456K) NonClass: 9817K(9920K)->9817K(9920K) Class: 1407K(1536K)->1407K(1536K)
[38.928s][info][gc             ] GC(699) Pause Young (Allocation Failure) 395M->79M(1014M) 3.661ms
[38.928s][info][gc,cpu         ] GC(699) User=0.09s Sys=0.00s Real=0.00s
[38.973s][info][gc,start       ] GC(700) Pause Young (Allocation Failure)
[38.979s][info][gc,heap        ] GC(700) PSYoungGen: 334304K(338944K)->5616K(338944K) Eden: 328704K(328704K)->0K(328704K) From: 5600K(10240K)->5616K(10240K)
[38.979s][info][gc,heap        ] GC(700) ParOldGen: 75857K(699392K)->81274K(699392K)
[38.979s][info][gc,metaspace   ] GC(700) Metaspace: 11225K(11456K)->11225K(11456K) NonClass: 9817K(9920K)->9817K(9920K) Class: 1407K(1536K)->1407K(1536K)
[38.979s][info][gc             ] GC(700) Pause Young (Allocation Failure) 400M->84M(1014M) 5.991ms
[38.979s][info][gc,cpu         ] GC(700) User=0.09s Sys=0.00s Real=0.00s
[39.023s][info][gc,start       ] GC(701) Pause Young (Allocation Failure)
[39.029s][info][gc,heap        ] GC(701) PSYoungGen: 334320K(338944K)->6509K(338944K) Eden: 328704K(328704K)->0K(328704K) From: 5616K(10240K)->6509K(10240K)
[39.029s][info][gc,heap        ] GC(701) ParOldGen: 81274K(699392K)->86431K(699392K)
[39.029s][info][gc,metaspace   ] GC(701) Metaspace: 11225K(11456K)->11225K(11456K) NonClass: 9817K(9920K)->9817K(9920K) Class: 1407K(1536K)->1407K(1536K)
[39.029s][info][gc             ] GC(701) Pause Young (Allocation Failure) 405M->90M(1014M) 6.056ms
[39.029s][info][gc,cpu         ] GC(701) User=0.00s Sys=0.00s Real=0.01s
[39.074s][info][gc,start       ] GC(702) Pause Young (Allocation Failure)
[39.079s][info][gc,heap        ] GC(702) PSYoungGen: 335213K(338944K)->5776K(339456K) Eden: 328704K(328704K)->0K(329216K) From: 6509K(10240K)->5776K(10240K)
[39.079s][info][gc,heap        ] GC(702) ParOldGen: 86431K(699392K)->92581K(699392K)
[39.079s][info][gc,metaspace   ] GC(702) Metaspace: 11225K(11456K)->11225K(11456K) NonClass: 9817K(9920K)->9817K(9920K) Class: 1407K(1536K)->1407K(1536K)
[39.079s][info][gc             ] GC(702) Pause Young (Allocation Failure) 411M->96M(1014M) 5.805ms
[39.079s][info][gc,cpu         ] GC(702) User=0.00s Sys=0.00s Real=0.00s
[39.127s][info][gc,start       ] GC(703) Pause Young (Allocation Failure)
[39.134s][info][gc,heap        ] GC(703) PSYoungGen: 334992K(339456K)->8820K(338944K) Eden: 329216K(329216K)->0K(329216K) From: 5776K(10240K)->8820K(9728K)
[39.134s][info][gc,heap        ] GC(703) ParOldGen: 92581K(699392K)->97874K(699392K)
[39.134s][info][gc,metaspace   ] GC(703) Metaspace: 11225K(11456K)->11225K(11456K) NonClass: 9817K(9920K)->9817K(9920K) Class: 1407K(1536K)->1407K(1536K)
[39.134s][info][gc             ] GC(703) Pause Young (Allocation Failure) 417M->104M(1014M) 6.491ms
[39.134s][info][gc,cpu         ] GC(703) User=0.09s Sys=0.00s Real=0.01s
[39.196s][info][gc,start       ] GC(704) Pause Young (System.gc())
[39.203s][info][gc,heap        ] GC(704) PSYoungGen: 291211K(338944K)->7545K(338944K) Eden: 282391K(329216K)->0K(328704K) From: 8820K(9728K)->7545K(10240K)
[39.203s][info][gc,heap        ] GC(704) ParOldGen: 97874K(699392K)->105892K(699392K)
[39.203s][info][gc,metaspace   ] GC(704) Metaspace: 11225K(11456K)->11225K(11456K) NonClass: 9817K(9920K)->9817K(9920K) Class: 1407K(1536K)->1407K(1536K)
[39.203s][info][gc             ] GC(704) Pause Young (System.gc()) 379M->110M(1014M) 6.918ms
[39.203s][info][gc,cpu         ] GC(704) User=0.00s Sys=0.00s Real=0.01s
[39.203s][info][gc,start       ] GC(705) Pause Full (System.gc())
[39.203s][info][gc,phases,start] GC(705) Marking Phase
[39.242s][info][gc,phases      ] GC(705) Marking Phase 39.313ms
[39.242s][info][gc,phases,start] GC(705) Summary Phase
[39.242s][info][gc,phases      ] GC(705) Summary Phase 0.010ms
[39.242s][info][gc,phases,start] GC(705) Adjust Roots
[39.244s][info][gc,phases      ] GC(705) Adjust Roots 1.356ms
[39.244s][info][gc,phases,start] GC(705) Compaction Phase
[39.252s][info][gc,phases      ] GC(705) Compaction Phase 8.258ms
[39.252s][info][gc,phases,start] GC(705) Post Compact
[39.252s][info][gc,phases      ] GC(705) Post Compact 0.362ms
[39.252s][info][gc,heap        ] GC(705) PSYoungGen: 7545K(338944K)->0K(338944K) Eden: 0K(328704K)->0K(328704K) From: 7545K(10240K)->0K(10240K)
[39.252s][info][gc,heap        ] GC(705) ParOldGen: 105892K(699392K)->75858K(699392K)
[39.252s][info][gc,metaspace   ] GC(705) Metaspace: 11225K(11456K)->11225K(11456K) NonClass: 9817K(9920K)->9817K(9920K) Class: 1407K(1536K)->1407K(1536K)
[39.252s][info][gc             ] GC(705) Pause Full (System.gc()) 110M->74M(1014M) 49.560ms
[39.252s][info][gc,cpu         ] GC(705) User=0.25s Sys=0.02s Real=0.05s
[39.299s][info][gc,start       ] GC(706) Pause Young (Allocation Failure)
[39.302s][info][gc,heap        ] GC(706) PSYoungGen: 328704K(338944K)->5568K(338944K) Eden: 328704K(328704K)->0K(328704K) From: 0K(10240K)->5568K(10240K)
[39.302s][info][gc,heap        ] GC(706) ParOldGen: 75858K(699392K)->75858K(699392K)
[39.302s][info][gc,metaspace   ] GC(706) Metaspace: 11225K(11456K)->11225K(11456K) NonClass: 9817K(9920K)->9817K(9920K) Class: 1407K(1536K)->1407K(1536K)
[39.302s][info][gc             ] GC(706) Pause Young (Allocation Failure) 395M->79M(1014M) 3.660ms
[39.302s][info][gc,cpu         ] GC(706) User=0.09s Sys=0.00s Real=0.00s
[39.347s][info][gc,start       ] GC(707) Pause Young (Allocation Failure)
[39.353s][info][gc,heap        ] GC(707) PSYoungGen: 334272K(338944K)->5728K(338944K) Eden: 328704K(328704K)->0K(328704K) From: 5568K(10240K)->5728K(10240K)
[39.353s][info][gc,heap        ] GC(707) ParOldGen: 75858K(699392K)->81272K(699392K)
[39.353s][info][gc,metaspace   ] GC(707) Metaspace: 11225K(11456K)->11225K(11456K) NonClass: 9817K(9920K)->9817K(9920K) Class: 1407K(1536K)->1407K(1536K)
[39.353s][info][gc             ] GC(707) Pause Young (Allocation Failure) 400M->84M(1014M) 6.307ms
[39.353s][info][gc,cpu         ] GC(707) User=0.09s Sys=0.00s Real=0.01s
[39.398s][info][gc,start       ] GC(708) Pause Young (Allocation Failure)
[39.404s][info][gc,heap        ] GC(708) PSYoungGen: 334432K(338944K)->6667K(338944K) Eden: 328704K(328704K)->0K(328704K) From: 5728K(10240K)->6667K(10240K)
[39.404s][info][gc,heap        ] GC(708) ParOldGen: 81272K(699392K)->86422K(699392K)
[39.404s][info][gc,metaspace   ] GC(708) Metaspace: 11225K(11456K)->11225K(11456K) NonClass: 9817K(9920K)->9817K(9920K) Class: 1407K(1536K)->1407K(1536K)
[39.404s][info][gc             ] GC(708) Pause Young (Allocation Failure) 405M->90M(1014M) 6.282ms
[39.404s][info][gc,cpu         ] GC(708) User=0.00s Sys=0.00s Real=0.01s
[39.449s][info][gc,start       ] GC(709) Pause Young (Allocation Failure)
[39.454s][info][gc,heap        ] GC(709) PSYoungGen: 335371K(338944K)->6052K(339456K) Eden: 328704K(328704K)->0K(329728K) From: 6667K(10240K)->6052K(9728K)
[39.454s][info][gc,heap        ] GC(709) ParOldGen: 86422K(699392K)->92643K(699392K)
[39.454s][info][gc,metaspace   ] GC(709) Metaspace: 11225K(11456K)->11225K(11456K) NonClass: 9817K(9920K)->9817K(9920K) Class: 1407K(1536K)->1407K(1536K)
[39.454s][info][gc             ] GC(709) Pause Young (Allocation Failure) 411M->96M(1014M) 5.769ms
[39.454s][info][gc,cpu         ] GC(709) User=0.00s Sys=0.00s Real=0.00s
[39.499s][info][gc,start       ] GC(710) Pause Young (Allocation Failure)
[39.505s][info][gc,heap        ] GC(710) PSYoungGen: 335780K(339456K)->8252K(339456K) Eden: 329728K(329728K)->0K(329728K) From: 6052K(9728K)->8252K(9728K)
[39.505s][info][gc,heap        ] GC(710) ParOldGen: 92643K(699392K)->97864K(699392K)
[39.505s][info][gc,metaspace   ] GC(710) Metaspace: 11225K(11456K)->11225K(11456K) NonClass: 9817K(9920K)->9817K(9920K) Class: 1407K(1536K)->1407K(1536K)
[39.505s][info][gc             ] GC(710) Pause Young (Allocation Failure) 418M->103M(1014M) 6.064ms
[39.505s][info][gc,cpu         ] GC(710) User=0.09s Sys=0.00s Real=0.01s
[39.563s][info][gc,heap,exit   ] Heap
[39.563s][info][gc,heap,exit   ]  PSYoungGen      total 339456K, used 296595K [0x00000000eab00000, 0x0000000100000000, 0x0000000100000000)
[39.563s][info][gc,heap,exit   ]   eden space 329728K, 87% used [0x00000000eab00000,0x00000000fc495f18,0x00000000fed00000)
[39.563s][info][gc,heap,exit   ]   from space 9728K, 84% used [0x00000000fed00000,0x00000000ff50f068,0x00000000ff680000)
[39.563s][info][gc,heap,exit   ]   to   space 9728K, 0% used [0x00000000ff680000,0x00000000ff680000,0x0000000100000000)
[39.563s][info][gc,heap,exit   ]  ParOldGen       total 699392K, used 97864K [0x00000000c0000000, 0x00000000eab00000, 0x00000000eab00000)
[39.563s][info][gc,heap,exit   ]   object space 699392K, 13% used [0x00000000c0000000,0x00000000c5f92208,0x00000000eab00000)
[39.563s][info][gc,heap,exit   ]  Metaspace       used 11291K, committed 11520K, reserved 1114112K
[39.563s][info][gc,heap,exit   ]   class space    used 1417K, committed 1536K, reserved 1048576K
