[0.010s][info][gc,heap] Heap region size: 1M
[0.024s][info][gc     ] Using G1
[0.024s][info][gc,heap,coops] Heap address: 0x00000000c0000000, size: 1024 MB, Compressed Oops mode: 32-bit
[7.245s][info][gc,start     ] GC(0) Pause Young (Normal) (G1 Evacuation Pause)
[7.245s][info][gc,task      ] GC(0) Using 6 workers of 6 for evacuation
[7.248s][info][gc,phases    ] GC(0)   Pre Evacuate Collection Set: 0.0ms
[7.248s][info][gc,phases    ] GC(0)   Evacuate Collection Set: 2.1ms
[7.248s][info][gc,phases    ] GC(0)   Post Evacuate Collection Set: 0.3ms
[7.248s][info][gc,phases    ] GC(0)   Other: 0.4ms
[7.248s][info][gc,heap      ] GC(0) Eden regions: 51->0(611)
[7.248s][info][gc,heap      ] GC(0) Survivor regions: 0->3(7)
[7.248s][info][gc,heap      ] GC(0) Old regions: 0->0
[7.248s][info][gc,heap      ] GC(0) Humongous regions: 0->0
[7.248s][info][gc,metaspace ] GC(0) Metaspace: 9795K(10240K)->9795K(10240K) NonClass: 8936K(9216K)->8936K(9216K) Class: 859K(1024K)->859K(1024K)
[7.248s][info][gc           ] GC(0) Pause Young (Normal) (G1 Evacuation Pause) 50M->2M(1024M) 3.174ms
[7.248s][info][gc,cpu       ] GC(0) User=0.00s Sys=0.00s Real=0.00s
[9.901s][info][gc,task      ] GC(1) Using 6 workers of 6 for full compaction
[9.901s][info][gc,start     ] GC(1) Pause Full (System.gc())
[9.901s][info][gc,phases,start] GC(1) Phase 1: Mark live objects
[9.903s][info][gc,stringtable ] GC(1) Cleaned string and symbol table, strings: 4216 processed, 8 removed, symbols: 35596 processed, 0 removed
[9.903s][info][gc,phases      ] GC(1) Phase 1: Mark live objects 1.597ms
[9.903s][info][gc,phases,start] GC(1) Phase 2: Prepare for compaction
[9.903s][info][gc,phases      ] GC(1) Phase 2: Prepare for compaction 0.762ms
[9.903s][info][gc,phases,start] GC(1) Phase 3: Adjust pointers
[9.904s][info][gc,phases      ] GC(1) Phase 3: Adjust pointers 0.906ms
[9.904s][info][gc,phases,start] GC(1) Phase 4: Compact heap
[9.905s][info][gc,phases      ] GC(1) Phase 4: Compact heap 0.762ms
[9.906s][info][gc,heap        ] GC(1) Eden regions: 98->0(614)
[9.906s][info][gc,heap        ] GC(1) Survivor regions: 3->0(7)
[9.906s][info][gc,heap        ] GC(1) Old regions: 0->7
[9.906s][info][gc,heap        ] GC(1) Humongous regions: 0->0
[9.906s][info][gc,metaspace   ] GC(1) Metaspace: 9956K(10240K)->9956K(10240K) NonClass: 9083K(9216K)->9083K(9216K) Class: 872K(1024K)->872K(1024K)
[9.906s][info][gc             ] GC(1) Pause Full (System.gc()) 100M->3M(1024M) 5.247ms
[9.906s][info][gc,cpu         ] GC(1) User=0.00s Sys=0.00s Real=0.00s
[10.908s][info][gc,start       ] GC(2) Pause Young (Normal) (G1 Evacuation Pause)
[10.908s][info][gc,task        ] GC(2) Using 6 workers of 6 for evacuation
[10.910s][info][gc,phases      ] GC(2)   Pre Evacuate Collection Set: 0.0ms
[10.910s][info][gc,phases      ] GC(2)   Evacuate Collection Set: 1.6ms
[10.910s][info][gc,phases      ] GC(2)   Post Evacuate Collection Set: 0.8ms
[10.910s][info][gc,phases      ] GC(2)   Other: 0.3ms
[10.910s][info][gc,heap        ] GC(2) Eden regions: 614->0(612)
[10.910s][info][gc,heap        ] GC(2) Survivor regions: 0->2(77)
[10.910s][info][gc,heap        ] GC(2) Old regions: 7->7
[10.910s][info][gc,heap        ] GC(2) Humongous regions: 6->6
[10.910s][info][gc,metaspace   ] GC(2) Metaspace: 17585K(18816K)->17585K(18816K) NonClass: 15682K(16384K)->15682K(16384K) Class: 1902K(2432K)->1902K(2432K)
[10.910s][info][gc             ] GC(2) Pause Young (Normal) (G1 Evacuation Pause) 623M->10M(1024M) 2.757ms
[10.910s][info][gc,cpu         ] GC(2) User=0.05s Sys=0.05s Real=0.00s
[11.259s][info][gc,start       ] GC(3) Pause Young (Normal) (G1 Evacuation Pause)
[11.259s][info][gc,task        ] GC(3) Using 6 workers of 6 for evacuation
[11.261s][info][gc,phases      ] GC(3)   Pre Evacuate Collection Set: 0.1ms
[11.261s][info][gc,phases      ] GC(3)   Evacuate Collection Set: 1.3ms
[11.261s][info][gc,phases      ] GC(3)   Post Evacuate Collection Set: 0.7ms
[11.261s][info][gc,phases      ] GC(3)   Other: 0.3ms
[11.261s][info][gc,heap        ] GC(3) Eden regions: 612->0(612)
[11.261s][info][gc,heap        ] GC(3) Survivor regions: 2->2(77)
[11.261s][info][gc,heap        ] GC(3) Old regions: 7->7
[11.261s][info][gc,heap        ] GC(3) Humongous regions: 6->6
[11.261s][info][gc,metaspace   ] GC(3) Metaspace: 17692K(19072K)->17692K(19072K) NonClass: 15789K(16640K)->15789K(16640K) Class: 1903K(2432K)->1903K(2432K)
[11.261s][info][gc             ] GC(3) Pause Young (Normal) (G1 Evacuation Pause) 622M->10M(1024M) 2.582ms
[11.261s][info][gc,cpu         ] GC(3) User=0.00s Sys=0.00s Real=0.00s
[11.582s][info][gc,start       ] GC(4) Pause Young (Normal) (G1 Evacuation Pause)
[11.582s][info][gc,task        ] GC(4) Using 6 workers of 6 for evacuation
[11.583s][info][gc,phases      ] GC(4)   Pre Evacuate Collection Set: 0.0ms
[11.583s][info][gc,phases      ] GC(4)   Evacuate Collection Set: 1.1ms
[11.583s][info][gc,phases      ] GC(4)   Post Evacuate Collection Set: 0.6ms
[11.583s][info][gc,phases      ] GC(4)   Other: 0.2ms
[11.583s][info][gc,heap        ] GC(4) Eden regions: 612->0(612)
[11.583s][info][gc,heap        ] GC(4) Survivor regions: 2->2(77)
[11.583s][info][gc,heap        ] GC(4) Old regions: 7->7
[11.583s][info][gc,heap        ] GC(4) Humongous regions: 6->6
[11.583s][info][gc,metaspace   ] GC(4) Metaspace: 17757K(19072K)->17757K(19072K) NonClass: 15848K(16640K)->15848K(16640K) Class: 1908K(2432K)->1908K(2432K)
[11.584s][info][gc             ] GC(4) Pause Young (Normal) (G1 Evacuation Pause) 622M->10M(1024M) 1.945ms
[11.584s][info][gc,cpu         ] GC(4) User=0.00s Sys=0.00s Real=0.00s
[11.847s][info][gc,start       ] GC(5) Pause Young (Normal) (G1 Evacuation Pause)
[11.847s][info][gc,task        ] GC(5) Using 6 workers of 6 for evacuation
[11.849s][info][gc,phases      ] GC(5)   Pre Evacuate Collection Set: 0.0ms
[11.849s][info][gc,phases      ] GC(5)   Evacuate Collection Set: 1.3ms
[11.849s][info][gc,phases      ] GC(5)   Post Evacuate Collection Set: 0.6ms
[11.849s][info][gc,phases      ] GC(5)   Other: 0.2ms
[11.849s][info][gc,heap        ] GC(5) Eden regions: 612->0(612)
[11.849s][info][gc,heap        ] GC(5) Survivor regions: 2->2(77)
[11.849s][info][gc,heap        ] GC(5) Old regions: 7->7
[11.849s][info][gc,heap        ] GC(5) Humongous regions: 6->6
[11.849s][info][gc,metaspace   ] GC(5) Metaspace: 17778K(19072K)->17778K(19072K) NonClass: 15870K(16640K)->15870K(16640K) Class: 1908K(2432K)->1908K(2432K)
[11.849s][info][gc             ] GC(5) Pause Young (Normal) (G1 Evacuation Pause) 622M->11M(1024M) 2.207ms
[11.849s][info][gc,cpu         ] GC(5) User=0.00s Sys=0.00s Real=0.00s
[12.094s][info][gc,start       ] GC(6) Pause Young (Normal) (G1 Evacuation Pause)
[12.095s][info][gc,task        ] GC(6) Using 6 workers of 6 for evacuation
[12.097s][info][gc,phases      ] GC(6)   Pre Evacuate Collection Set: 0.0ms
[12.097s][info][gc,phases      ] GC(6)   Evacuate Collection Set: 1.1ms
[12.097s][info][gc,phases      ] GC(6)   Post Evacuate Collection Set: 0.8ms
[12.097s][info][gc,phases      ] GC(6)   Other: 0.2ms
[12.097s][info][gc,heap        ] GC(6) Eden regions: 612->0(612)
[12.097s][info][gc,heap        ] GC(6) Survivor regions: 2->2(77)
[12.097s][info][gc,heap        ] GC(6) Old regions: 7->7
[12.097s][info][gc,heap        ] GC(6) Humongous regions: 6->6
[12.097s][info][gc,metaspace   ] GC(6) Metaspace: 17880K(19328K)->17880K(19328K) NonClass: 15972K(16896K)->15972K(16896K) Class: 1908K(2432K)->1908K(2432K)
[12.097s][info][gc             ] GC(6) Pause Young (Normal) (G1 Evacuation Pause) 623M->10M(1024M) 2.191ms
[12.097s][info][gc,cpu         ] GC(6) User=0.00s Sys=0.08s Real=0.00s
[12.296s][info][gc,start       ] GC(7) Pause Young (Normal) (G1 Evacuation Pause)
[12.296s][info][gc,task        ] GC(7) Using 6 workers of 6 for evacuation
[12.298s][info][gc,phases      ] GC(7)   Pre Evacuate Collection Set: 0.0ms
[12.298s][info][gc,phases      ] GC(7)   Evacuate Collection Set: 1.4ms
[12.298s][info][gc,phases      ] GC(7)   Post Evacuate Collection Set: 0.5ms
[12.298s][info][gc,phases      ] GC(7)   Other: 0.1ms
[12.298s][info][gc,heap        ] GC(7) Eden regions: 612->0(612)
[12.298s][info][gc,heap        ] GC(7) Survivor regions: 2->2(77)
[12.298s][info][gc,heap        ] GC(7) Old regions: 7->7
[12.298s][info][gc,heap        ] GC(7) Humongous regions: 6->6
[12.298s][info][gc,metaspace   ] GC(7) Metaspace: 17884K(19328K)->17884K(19328K) NonClass: 15976K(16896K)->15976K(16896K) Class: 1908K(2432K)->1908K(2432K)
[12.298s][info][gc             ] GC(7) Pause Young (Normal) (G1 Evacuation Pause) 622M->10M(1024M) 2.228ms
[12.298s][info][gc,cpu         ] GC(7) User=0.00s Sys=0.00s Real=0.00s
[12.512s][info][gc,start       ] GC(8) Pause Young (Normal) (G1 Evacuation Pause)
[12.512s][info][gc,task        ] GC(8) Using 6 workers of 6 for evacuation
[12.514s][info][gc,phases      ] GC(8)   Pre Evacuate Collection Set: 0.0ms
[12.514s][info][gc,phases      ] GC(8)   Evacuate Collection Set: 1.2ms
[12.514s][info][gc,phases      ] GC(8)   Post Evacuate Collection Set: 0.5ms
[12.514s][info][gc,phases      ] GC(8)   Other: 0.1ms
[12.514s][info][gc,heap        ] GC(8) Eden regions: 612->0(612)
[12.514s][info][gc,heap        ] GC(8) Survivor regions: 2->2(77)
[12.514s][info][gc,heap        ] GC(8) Old regions: 7->7
[12.514s][info][gc,heap        ] GC(8) Humongous regions: 6->6
[12.514s][info][gc,metaspace   ] GC(8) Metaspace: 17889K(19328K)->17889K(19328K) NonClass: 15980K(16896K)->15980K(16896K) Class: 1908K(2432K)->1908K(2432K)
[12.514s][info][gc             ] GC(8) Pause Young (Normal) (G1 Evacuation Pause) 622M->11M(1024M) 1.989ms
[12.514s][info][gc,cpu         ] GC(8) User=0.00s Sys=0.00s Real=0.00s
[12.742s][info][gc,start       ] GC(9) Pause Young (Normal) (G1 Evacuation Pause)
[12.742s][info][gc,task        ] GC(9) Using 6 workers of 6 for evacuation
[12.744s][info][gc,phases      ] GC(9)   Pre Evacuate Collection Set: 0.0ms
[12.744s][info][gc,phases      ] GC(9)   Evacuate Collection Set: 1.1ms
[12.744s][info][gc,phases      ] GC(9)   Post Evacuate Collection Set: 0.6ms
[12.744s][info][gc,phases      ] GC(9)   Other: 0.1ms
[12.744s][info][gc,heap        ] GC(9) Eden regions: 612->0(612)
[12.744s][info][gc,heap        ] GC(9) Survivor regions: 2->2(77)
[12.744s][info][gc,heap        ] GC(9) Old regions: 7->7
[12.744s][info][gc,heap        ] GC(9) Humongous regions: 6->6
[12.744s][info][gc,metaspace   ] GC(9) Metaspace: 17937K(19328K)->17937K(19328K) NonClass: 16028K(16896K)->16028K(16896K) Class: 1908K(2432K)->1908K(2432K)
[12.744s][info][gc             ] GC(9) Pause Young (Normal) (G1 Evacuation Pause) 623M->10M(1024M) 1.951ms
[12.744s][info][gc,cpu         ] GC(9) User=0.00s Sys=0.00s Real=0.00s
[12.963s][info][gc,start       ] GC(10) Pause Young (Normal) (G1 Evacuation Pause)
[12.963s][info][gc,task        ] GC(10) Using 6 workers of 6 for evacuation
[12.965s][info][gc,phases      ] GC(10)   Pre Evacuate Collection Set: 0.0ms
[12.965s][info][gc,phases      ] GC(10)   Evacuate Collection Set: 1.2ms
[12.965s][info][gc,phases      ] GC(10)   Post Evacuate Collection Set: 0.5ms
[12.965s][info][gc,phases      ] GC(10)   Other: 0.1ms
[12.965s][info][gc,heap        ] GC(10) Eden regions: 612->0(612)
[12.965s][info][gc,heap        ] GC(10) Survivor regions: 2->2(77)
[12.965s][info][gc,heap        ] GC(10) Old regions: 7->7
[12.965s][info][gc,heap        ] GC(10) Humongous regions: 6->6
[12.965s][info][gc,metaspace   ] GC(10) Metaspace: 17937K(19328K)->17937K(19328K) NonClass: 16028K(16896K)->16028K(16896K) Class: 1908K(2432K)->1908K(2432K)
[12.965s][info][gc             ] GC(10) Pause Young (Normal) (G1 Evacuation Pause) 622M->10M(1024M) 1.972ms
[12.965s][info][gc,cpu         ] GC(10) User=0.00s Sys=0.00s Real=0.00s
[13.161s][info][gc,start       ] GC(11) Pause Young (Normal) (G1 Evacuation Pause)
[13.161s][info][gc,task        ] GC(11) Using 6 workers of 6 for evacuation
[13.163s][info][gc,phases      ] GC(11)   Pre Evacuate Collection Set: 0.0ms
[13.163s][info][gc,phases      ] GC(11)   Evacuate Collection Set: 1.4ms
[13.163s][info][gc,phases      ] GC(11)   Post Evacuate Collection Set: 0.5ms
[13.163s][info][gc,phases      ] GC(11)   Other: 0.2ms
[13.163s][info][gc,heap        ] GC(11) Eden regions: 612->0(612)
[13.163s][info][gc,heap        ] GC(11) Survivor regions: 2->2(77)
[13.163s][info][gc,heap        ] GC(11) Old regions: 7->7
[13.163s][info][gc,heap        ] GC(11) Humongous regions: 6->6
[13.163s][info][gc,metaspace   ] GC(11) Metaspace: 17998K(19328K)->17998K(19328K) NonClass: 16090K(16896K)->16090K(16896K) Class: 1908K(2432K)->1908K(2432K)
[13.163s][info][gc             ] GC(11) Pause Young (Normal) (G1 Evacuation Pause) 622M->10M(1024M) 2.251ms
[13.163s][info][gc,cpu         ] GC(11) User=0.00s Sys=0.00s Real=0.00s
[13.346s][info][gc,start       ] GC(12) Pause Young (Normal) (G1 Evacuation Pause)
[13.346s][info][gc,task        ] GC(12) Using 6 workers of 6 for evacuation
[13.348s][info][gc,phases      ] GC(12)   Pre Evacuate Collection Set: 0.0ms
[13.348s][info][gc,phases      ] GC(12)   Evacuate Collection Set: 1.5ms
[13.348s][info][gc,phases      ] GC(12)   Post Evacuate Collection Set: 0.5ms
[13.348s][info][gc,phases      ] GC(12)   Other: 0.2ms
[13.348s][info][gc,heap        ] GC(12) Eden regions: 612->0(612)
[13.348s][info][gc,heap        ] GC(12) Survivor regions: 2->2(77)
[13.348s][info][gc,heap        ] GC(12) Old regions: 7->7
[13.348s][info][gc,heap        ] GC(12) Humongous regions: 6->6
[13.348s][info][gc,metaspace   ] GC(12) Metaspace: 17998K(19328K)->17998K(19328K) NonClass: 16090K(16896K)->16090K(16896K) Class: 1908K(2432K)->1908K(2432K)
[13.348s][info][gc             ] GC(12) Pause Young (Normal) (G1 Evacuation Pause) 622M->11M(1024M) 2.331ms
[13.348s][info][gc,cpu         ] GC(12) User=0.02s Sys=0.00s Real=0.00s
[13.538s][info][gc,start       ] GC(13) Pause Young (Normal) (G1 Evacuation Pause)
[13.538s][info][gc,task        ] GC(13) Using 6 workers of 6 for evacuation
[13.540s][info][gc,phases      ] GC(13)   Pre Evacuate Collection Set: 0.0ms
[13.540s][info][gc,phases      ] GC(13)   Evacuate Collection Set: 1.4ms
[13.540s][info][gc,phases      ] GC(13)   Post Evacuate Collection Set: 0.5ms
[13.540s][info][gc,phases      ] GC(13)   Other: 0.2ms
[13.540s][info][gc,heap        ] GC(13) Eden regions: 612->0(612)
[13.540s][info][gc,heap        ] GC(13) Survivor regions: 2->2(77)
[13.540s][info][gc,heap        ] GC(13) Old regions: 7->7
[13.540s][info][gc,heap        ] GC(13) Humongous regions: 6->6
[13.540s][info][gc,metaspace   ] GC(13) Metaspace: 17998K(19328K)->17998K(19328K) NonClass: 16090K(16896K)->16090K(16896K) Class: 1908K(2432K)->1908K(2432K)
[13.540s][info][gc             ] GC(13) Pause Young (Normal) (G1 Evacuation Pause) 623M->11M(1024M) 2.204ms
[13.540s][info][gc,cpu         ] GC(13) User=0.00s Sys=0.00s Real=0.00s
[13.723s][info][gc,start       ] GC(14) Pause Young (Normal) (G1 Evacuation Pause)
[13.723s][info][gc,task        ] GC(14) Using 6 workers of 6 for evacuation
[13.725s][info][gc,phases      ] GC(14)   Pre Evacuate Collection Set: 0.0ms
[13.725s][info][gc,phases      ] GC(14)   Evacuate Collection Set: 1.4ms
[13.725s][info][gc,phases      ] GC(14)   Post Evacuate Collection Set: 0.5ms
[13.725s][info][gc,phases      ] GC(14)   Other: 0.2ms
[13.725s][info][gc,heap        ] GC(14) Eden regions: 612->0(612)
[13.725s][info][gc,heap        ] GC(14) Survivor regions: 2->2(77)
[13.725s][info][gc,heap        ] GC(14) Old regions: 7->7
[13.725s][info][gc,heap        ] GC(14) Humongous regions: 6->6
[13.725s][info][gc,metaspace   ] GC(14) Metaspace: 18002K(19328K)->18002K(19328K) NonClass: 16094K(16896K)->16094K(16896K) Class: 1908K(2432K)->1908K(2432K)
[13.725s][info][gc             ] GC(14) Pause Young (Normal) (G1 Evacuation Pause) 623M->11M(1024M) 2.096ms
[13.725s][info][gc,cpu         ] GC(14) User=0.00s Sys=0.00s Real=0.00s
[13.911s][info][gc,start       ] GC(15) Pause Young (Normal) (G1 Evacuation Pause)
[13.911s][info][gc,task        ] GC(15) Using 6 workers of 6 for evacuation
[13.913s][info][gc,phases      ] GC(15)   Pre Evacuate Collection Set: 0.0ms
[13.913s][info][gc,phases      ] GC(15)   Evacuate Collection Set: 1.6ms
[13.913s][info][gc,phases      ] GC(15)   Post Evacuate Collection Set: 0.6ms
[13.913s][info][gc,phases      ] GC(15)   Other: 0.2ms
[13.913s][info][gc,heap        ] GC(15) Eden regions: 612->0(612)
[13.913s][info][gc,heap        ] GC(15) Survivor regions: 2->2(77)
[13.913s][info][gc,heap        ] GC(15) Old regions: 7->7
[13.913s][info][gc,heap        ] GC(15) Humongous regions: 6->6
[13.913s][info][gc,metaspace   ] GC(15) Metaspace: 18002K(19328K)->18002K(19328K) NonClass: 16094K(16896K)->16094K(16896K) Class: 1908K(2432K)->1908K(2432K)
[13.913s][info][gc             ] GC(15) Pause Young (Normal) (G1 Evacuation Pause) 623M->11M(1024M) 2.520ms
[13.913s][info][gc,cpu         ] GC(15) User=0.00s Sys=0.00s Real=0.00s
[14.093s][info][gc,start       ] GC(16) Pause Young (Normal) (G1 Evacuation Pause)
[14.093s][info][gc,task        ] GC(16) Using 6 workers of 6 for evacuation
[14.095s][info][gc,phases      ] GC(16)   Pre Evacuate Collection Set: 0.0ms
[14.095s][info][gc,phases      ] GC(16)   Evacuate Collection Set: 1.4ms
[14.095s][info][gc,phases      ] GC(16)   Post Evacuate Collection Set: 0.5ms
[14.095s][info][gc,phases      ] GC(16)   Other: 0.2ms
[14.095s][info][gc,heap        ] GC(16) Eden regions: 612->0(611)
[14.095s][info][gc,heap        ] GC(16) Survivor regions: 2->3(77)
[14.095s][info][gc,heap        ] GC(16) Old regions: 7->7
[14.095s][info][gc,heap        ] GC(16) Humongous regions: 6->6
[14.095s][info][gc,metaspace   ] GC(16) Metaspace: 18002K(19328K)->18002K(19328K) NonClass: 16094K(16896K)->16094K(16896K) Class: 1908K(2432K)->1908K(2432K)
[14.095s][info][gc             ] GC(16) Pause Young (Normal) (G1 Evacuation Pause) 623M->11M(1024M) 2.157ms
[14.095s][info][gc,cpu         ] GC(16) User=0.00s Sys=0.00s Real=0.00s
[14.276s][info][gc,start       ] GC(17) Pause Young (Normal) (G1 Evacuation Pause)
[14.276s][info][gc,task        ] GC(17) Using 6 workers of 6 for evacuation
[14.279s][info][gc,phases      ] GC(17)   Pre Evacuate Collection Set: 0.0ms
[14.279s][info][gc,phases      ] GC(17)   Evacuate Collection Set: 1.6ms
[14.279s][info][gc,phases      ] GC(17)   Post Evacuate Collection Set: 0.6ms
[14.279s][info][gc,phases      ] GC(17)   Other: 0.2ms
[14.279s][info][gc,heap        ] GC(17) Eden regions: 611->0(613)
[14.279s][info][gc,heap        ] GC(17) Survivor regions: 3->1(77)
[14.279s][info][gc,heap        ] GC(17) Old regions: 7->9
[14.279s][info][gc,heap        ] GC(17) Humongous regions: 6->6
[14.279s][info][gc,metaspace   ] GC(17) Metaspace: 18004K(19328K)->18004K(19328K) NonClass: 16095K(16896K)->16095K(16896K) Class: 1908K(2432K)->1908K(2432K)
[14.279s][info][gc             ] GC(17) Pause Young (Normal) (G1 Evacuation Pause) 622M->11M(1024M) 2.469ms
[14.279s][info][gc,cpu         ] GC(17) User=0.00s Sys=0.00s Real=0.00s
[14.463s][info][gc,start       ] GC(18) Pause Young (Normal) (G1 Evacuation Pause)
[14.463s][info][gc,task        ] GC(18) Using 6 workers of 6 for evacuation
[14.464s][info][gc,phases      ] GC(18)   Pre Evacuate Collection Set: 0.0ms
[14.464s][info][gc,phases      ] GC(18)   Evacuate Collection Set: 0.4ms
[14.464s][info][gc,phases      ] GC(18)   Post Evacuate Collection Set: 0.4ms
[14.464s][info][gc,phases      ] GC(18)   Other: 0.2ms
[14.464s][info][gc,heap        ] GC(18) Eden regions: 613->0(613)
[14.464s][info][gc,heap        ] GC(18) Survivor regions: 1->1(77)
[14.464s][info][gc,heap        ] GC(18) Old regions: 9->9
[14.464s][info][gc,heap        ] GC(18) Humongous regions: 6->6
[14.464s][info][gc,metaspace   ] GC(18) Metaspace: 18004K(19328K)->18004K(19328K) NonClass: 16095K(16896K)->16095K(16896K) Class: 1908K(2432K)->1908K(2432K)
[14.464s][info][gc             ] GC(18) Pause Young (Normal) (G1 Evacuation Pause) 624M->11M(1024M) 1.021ms
[14.464s][info][gc,cpu         ] GC(18) User=0.00s Sys=0.00s Real=0.00s
[14.646s][info][gc,start       ] GC(19) Pause Young (Normal) (G1 Evacuation Pause)
[14.646s][info][gc,task        ] GC(19) Using 6 workers of 6 for evacuation
[14.647s][info][gc,phases      ] GC(19)   Pre Evacuate Collection Set: 0.0ms
[14.647s][info][gc,phases      ] GC(19)   Evacuate Collection Set: 0.4ms
[14.647s][info][gc,phases      ] GC(19)   Post Evacuate Collection Set: 0.4ms
[14.647s][info][gc,phases      ] GC(19)   Other: 0.2ms
[14.647s][info][gc,heap        ] GC(19) Eden regions: 613->0(613)
[14.647s][info][gc,heap        ] GC(19) Survivor regions: 1->1(77)
[14.647s][info][gc,heap        ] GC(19) Old regions: 9->9
[14.647s][info][gc,heap        ] GC(19) Humongous regions: 6->6
[14.647s][info][gc,metaspace   ] GC(19) Metaspace: 18004K(19328K)->18004K(19328K) NonClass: 16095K(16896K)->16095K(16896K) Class: 1908K(2432K)->1908K(2432K)
[14.647s][info][gc             ] GC(19) Pause Young (Normal) (G1 Evacuation Pause) 624M->11M(1024M) 1.051ms
[14.647s][info][gc,cpu         ] GC(19) User=0.00s Sys=0.00s Real=0.00s
[14.829s][info][gc,start       ] GC(20) Pause Young (Normal) (G1 Evacuation Pause)
[14.829s][info][gc,task        ] GC(20) Using 6 workers of 6 for evacuation
[14.830s][info][gc,phases      ] GC(20)   Pre Evacuate Collection Set: 0.0ms
[14.830s][info][gc,phases      ] GC(20)   Evacuate Collection Set: 0.3ms
[14.830s][info][gc,phases      ] GC(20)   Post Evacuate Collection Set: 0.3ms
[14.830s][info][gc,phases      ] GC(20)   Other: 0.1ms
[14.830s][info][gc,heap        ] GC(20) Eden regions: 613->0(613)
[14.830s][info][gc,heap        ] GC(20) Survivor regions: 1->1(77)
[14.830s][info][gc,heap        ] GC(20) Old regions: 9->9
[14.830s][info][gc,heap        ] GC(20) Humongous regions: 6->6
[14.830s][info][gc,metaspace   ] GC(20) Metaspace: 18004K(19328K)->18004K(19328K) NonClass: 16095K(16896K)->16095K(16896K) Class: 1908K(2432K)->1908K(2432K)
[14.830s][info][gc             ] GC(20) Pause Young (Normal) (G1 Evacuation Pause) 624M->11M(1024M) 0.937ms
[14.830s][info][gc,cpu         ] GC(20) User=0.00s Sys=0.00s Real=0.00s
[15.007s][info][gc,start       ] GC(21) Pause Young (Normal) (G1 Evacuation Pause)
[15.007s][info][gc,task        ] GC(21) Using 6 workers of 6 for evacuation
[15.008s][info][gc,phases      ] GC(21)   Pre Evacuate Collection Set: 0.0ms
[15.008s][info][gc,phases      ] GC(21)   Evacuate Collection Set: 0.4ms
[15.008s][info][gc,phases      ] GC(21)   Post Evacuate Collection Set: 0.3ms
[15.008s][info][gc,phases      ] GC(21)   Other: 0.1ms
[15.008s][info][gc,heap        ] GC(21) Eden regions: 613->0(613)
[15.008s][info][gc,heap        ] GC(21) Survivor regions: 1->1(77)
[15.008s][info][gc,heap        ] GC(21) Old regions: 9->9
[15.008s][info][gc,heap        ] GC(21) Humongous regions: 6->6
[15.008s][info][gc,metaspace   ] GC(21) Metaspace: 18004K(19328K)->18004K(19328K) NonClass: 16095K(16896K)->16095K(16896K) Class: 1908K(2432K)->1908K(2432K)
[15.008s][info][gc             ] GC(21) Pause Young (Normal) (G1 Evacuation Pause) 624M->11M(1024M) 0.969ms
[15.008s][info][gc,cpu         ] GC(21) User=0.00s Sys=0.00s Real=0.00s
[15.193s][info][gc,start       ] GC(22) Pause Young (Normal) (G1 Evacuation Pause)
[15.193s][info][gc,task        ] GC(22) Using 6 workers of 6 for evacuation
[15.194s][info][gc,phases      ] GC(22)   Pre Evacuate Collection Set: 0.0ms
[15.194s][info][gc,phases      ] GC(22)   Evacuate Collection Set: 0.3ms
[15.194s][info][gc,phases      ] GC(22)   Post Evacuate Collection Set: 0.3ms
[15.194s][info][gc,phases      ] GC(22)   Other: 0.1ms
[15.194s][info][gc,heap        ] GC(22) Eden regions: 613->0(613)
[15.194s][info][gc,heap        ] GC(22) Survivor regions: 1->1(77)
[15.194s][info][gc,heap        ] GC(22) Old regions: 9->9
[15.194s][info][gc,heap        ] GC(22) Humongous regions: 6->6
[15.194s][info][gc,metaspace   ] GC(22) Metaspace: 18004K(19328K)->18004K(19328K) NonClass: 16095K(16896K)->16095K(16896K) Class: 1908K(2432K)->1908K(2432K)
[15.194s][info][gc             ] GC(22) Pause Young (Normal) (G1 Evacuation Pause) 624M->10M(1024M) 0.904ms
[15.194s][info][gc,cpu         ] GC(22) User=0.00s Sys=0.00s Real=0.00s
[15.381s][info][gc,start       ] GC(23) Pause Young (Normal) (G1 Evacuation Pause)
[15.382s][info][gc,task        ] GC(23) Using 6 workers of 6 for evacuation
[15.382s][info][gc,phases      ] GC(23)   Pre Evacuate Collection Set: 0.0ms
[15.382s][info][gc,phases      ] GC(23)   Evacuate Collection Set: 0.3ms
[15.382s][info][gc,phases      ] GC(23)   Post Evacuate Collection Set: 0.3ms
[15.382s][info][gc,phases      ] GC(23)   Other: 0.2ms
[15.382s][info][gc,heap        ] GC(23) Eden regions: 613->0(613)
[15.382s][info][gc,heap        ] GC(23) Survivor regions: 1->1(77)
[15.382s][info][gc,heap        ] GC(23) Old regions: 9->9
[15.382s][info][gc,heap        ] GC(23) Humongous regions: 6->6
[15.382s][info][gc,metaspace   ] GC(23) Metaspace: 18004K(19328K)->18004K(19328K) NonClass: 16095K(16896K)->16095K(16896K) Class: 1908K(2432K)->1908K(2432K)
[15.382s][info][gc             ] GC(23) Pause Young (Normal) (G1 Evacuation Pause) 623M->10M(1024M) 0.919ms
[15.382s][info][gc,cpu         ] GC(23) User=0.00s Sys=0.00s Real=0.00s
[15.570s][info][gc,start       ] GC(24) Pause Young (Normal) (G1 Evacuation Pause)
[15.571s][info][gc,task        ] GC(24) Using 6 workers of 6 for evacuation
[15.571s][info][gc,phases      ] GC(24)   Pre Evacuate Collection Set: 0.0ms
[15.571s][info][gc,phases      ] GC(24)   Evacuate Collection Set: 0.4ms
[15.571s][info][gc,phases      ] GC(24)   Post Evacuate Collection Set: 0.3ms
[15.571s][info][gc,phases      ] GC(24)   Other: 0.1ms
[15.571s][info][gc,heap        ] GC(24) Eden regions: 613->0(613)
[15.571s][info][gc,heap        ] GC(24) Survivor regions: 1->1(77)
[15.571s][info][gc,heap        ] GC(24) Old regions: 9->9
[15.571s][info][gc,heap        ] GC(24) Humongous regions: 6->6
[15.571s][info][gc,metaspace   ] GC(24) Metaspace: 18004K(19328K)->18004K(19328K) NonClass: 16095K(16896K)->16095K(16896K) Class: 1908K(2432K)->1908K(2432K)
[15.572s][info][gc             ] GC(24) Pause Young (Normal) (G1 Evacuation Pause) 623M->10M(1024M) 1.013ms
[15.572s][info][gc,cpu         ] GC(24) User=0.00s Sys=0.00s Real=0.00s
[15.750s][info][gc,start       ] GC(25) Pause Young (Normal) (G1 Evacuation Pause)
[15.750s][info][gc,task        ] GC(25) Using 6 workers of 6 for evacuation
[15.751s][info][gc,phases      ] GC(25)   Pre Evacuate Collection Set: 0.0ms
[15.751s][info][gc,phases      ] GC(25)   Evacuate Collection Set: 0.4ms
[15.751s][info][gc,phases      ] GC(25)   Post Evacuate Collection Set: 0.4ms
[15.751s][info][gc,phases      ] GC(25)   Other: 0.2ms
[15.751s][info][gc,heap        ] GC(25) Eden regions: 613->0(613)
[15.751s][info][gc,heap        ] GC(25) Survivor regions: 1->1(77)
[15.751s][info][gc,heap        ] GC(25) Old regions: 9->9
[15.751s][info][gc,heap        ] GC(25) Humongous regions: 6->6
[15.751s][info][gc,metaspace   ] GC(25) Metaspace: 18007K(19328K)->18007K(19328K) NonClass: 16099K(16896K)->16099K(16896K) Class: 1908K(2432K)->1908K(2432K)
[15.751s][info][gc             ] GC(25) Pause Young (Normal) (G1 Evacuation Pause) 623M->11M(1024M) 1.090ms
[15.751s][info][gc,cpu         ] GC(25) User=0.00s Sys=0.00s Real=0.00s
[15.935s][info][gc,start       ] GC(26) Pause Young (Normal) (G1 Evacuation Pause)
[15.935s][info][gc,task        ] GC(26) Using 6 workers of 6 for evacuation
[15.936s][info][gc,phases      ] GC(26)   Pre Evacuate Collection Set: 0.0ms
[15.936s][info][gc,phases      ] GC(26)   Evacuate Collection Set: 0.3ms
[15.936s][info][gc,phases      ] GC(26)   Post Evacuate Collection Set: 0.4ms
[15.936s][info][gc,phases      ] GC(26)   Other: 0.2ms
[15.936s][info][gc,heap        ] GC(26) Eden regions: 613->0(613)
[15.936s][info][gc,heap        ] GC(26) Survivor regions: 1->1(77)
[15.936s][info][gc,heap        ] GC(26) Old regions: 9->9
[15.936s][info][gc,heap        ] GC(26) Humongous regions: 6->6
[15.936s][info][gc,metaspace   ] GC(26) Metaspace: 18007K(19328K)->18007K(19328K) NonClass: 16099K(16896K)->16099K(16896K) Class: 1908K(2432K)->1908K(2432K)
[15.936s][info][gc             ] GC(26) Pause Young (Normal) (G1 Evacuation Pause) 624M->11M(1024M) 0.990ms
[15.936s][info][gc,cpu         ] GC(26) User=0.00s Sys=0.00s Real=0.00s
[16.147s][info][gc,start       ] GC(27) Pause Young (Normal) (G1 Evacuation Pause)
[16.147s][info][gc,task        ] GC(27) Using 6 workers of 6 for evacuation
[16.147s][info][gc,phases      ] GC(27)   Pre Evacuate Collection Set: 0.0ms
[16.147s][info][gc,phases      ] GC(27)   Evacuate Collection Set: 0.3ms
[16.148s][info][gc,phases      ] GC(27)   Post Evacuate Collection Set: 0.4ms
[16.148s][info][gc,phases      ] GC(27)   Other: 0.2ms
[16.148s][info][gc,heap        ] GC(27) Eden regions: 613->0(613)
[16.148s][info][gc,heap        ] GC(27) Survivor regions: 1->1(77)
[16.148s][info][gc,heap        ] GC(27) Old regions: 9->9
[16.148s][info][gc,heap        ] GC(27) Humongous regions: 6->6
[16.148s][info][gc,metaspace   ] GC(27) Metaspace: 18007K(19328K)->18007K(19328K) NonClass: 16099K(16896K)->16099K(16896K) Class: 1908K(2432K)->1908K(2432K)
[16.148s][info][gc             ] GC(27) Pause Young (Normal) (G1 Evacuation Pause) 624M->11M(1024M) 1.042ms
[16.148s][info][gc,cpu         ] GC(27) User=0.00s Sys=0.00s Real=0.00s
[16.330s][info][gc,start       ] GC(28) Pause Young (Normal) (G1 Evacuation Pause)
[16.330s][info][gc,task        ] GC(28) Using 6 workers of 6 for evacuation
[16.330s][info][gc,phases      ] GC(28)   Pre Evacuate Collection Set: 0.0ms
[16.331s][info][gc,phases      ] GC(28)   Evacuate Collection Set: 0.4ms
[16.331s][info][gc,phases      ] GC(28)   Post Evacuate Collection Set: 0.3ms
[16.331s][info][gc,phases      ] GC(28)   Other: 0.1ms
[16.331s][info][gc,heap        ] GC(28) Eden regions: 613->0(613)
[16.331s][info][gc,heap        ] GC(28) Survivor regions: 1->1(77)
[16.331s][info][gc,heap        ] GC(28) Old regions: 9->9
[16.331s][info][gc,heap        ] GC(28) Humongous regions: 6->6
[16.331s][info][gc,metaspace   ] GC(28) Metaspace: 18007K(19328K)->18007K(19328K) NonClass: 16099K(16896K)->16099K(16896K) Class: 1908K(2432K)->1908K(2432K)
[16.331s][info][gc             ] GC(28) Pause Young (Normal) (G1 Evacuation Pause) 624M->10M(1024M) 0.941ms
[16.331s][info][gc,cpu         ] GC(28) User=0.03s Sys=0.06s Real=0.00s
[16.511s][info][gc,start       ] GC(29) Pause Young (Normal) (G1 Evacuation Pause)
[16.511s][info][gc,task        ] GC(29) Using 6 workers of 6 for evacuation
[16.512s][info][gc,phases      ] GC(29)   Pre Evacuate Collection Set: 0.0ms
[16.512s][info][gc,phases      ] GC(29)   Evacuate Collection Set: 0.4ms
[16.512s][info][gc,phases      ] GC(29)   Post Evacuate Collection Set: 0.4ms
[16.512s][info][gc,phases      ] GC(29)   Other: 0.2ms
[16.512s][info][gc,heap        ] GC(29) Eden regions: 613->0(613)
[16.512s][info][gc,heap        ] GC(29) Survivor regions: 1->1(77)
[16.512s][info][gc,heap        ] GC(29) Old regions: 9->9
[16.512s][info][gc,heap        ] GC(29) Humongous regions: 6->6
[16.512s][info][gc,metaspace   ] GC(29) Metaspace: 18007K(19328K)->18007K(19328K) NonClass: 16099K(16896K)->16099K(16896K) Class: 1908K(2432K)->1908K(2432K)
[16.512s][info][gc             ] GC(29) Pause Young (Normal) (G1 Evacuation Pause) 623M->10M(1024M) 1.030ms
[16.512s][info][gc,cpu         ] GC(29) User=0.00s Sys=0.00s Real=0.00s
[16.682s][info][gc,start       ] GC(30) Pause Young (Normal) (G1 Evacuation Pause)
[16.682s][info][gc,task        ] GC(30) Using 6 workers of 6 for evacuation
[16.683s][info][gc,phases      ] GC(30)   Pre Evacuate Collection Set: 0.0ms
[16.683s][info][gc,phases      ] GC(30)   Evacuate Collection Set: 0.3ms
[16.683s][info][gc,phases      ] GC(30)   Post Evacuate Collection Set: 0.4ms
[16.683s][info][gc,phases      ] GC(30)   Other: 0.2ms
[16.683s][info][gc,heap        ] GC(30) Eden regions: 613->0(613)
[16.683s][info][gc,heap        ] GC(30) Survivor regions: 1->1(77)
[16.683s][info][gc,heap        ] GC(30) Old regions: 9->9
[16.683s][info][gc,heap        ] GC(30) Humongous regions: 6->6
[16.683s][info][gc,metaspace   ] GC(30) Metaspace: 18007K(19328K)->18007K(19328K) NonClass: 16099K(16896K)->16099K(16896K) Class: 1908K(2432K)->1908K(2432K)
[16.683s][info][gc             ] GC(30) Pause Young (Normal) (G1 Evacuation Pause) 623M->11M(1024M) 0.980ms
[16.683s][info][gc,cpu         ] GC(30) User=0.00s Sys=0.00s Real=0.00s
[16.857s][info][gc,start       ] GC(31) Pause Young (Normal) (G1 Evacuation Pause)
[16.857s][info][gc,task        ] GC(31) Using 6 workers of 6 for evacuation
[16.858s][info][gc,phases      ] GC(31)   Pre Evacuate Collection Set: 0.0ms
[16.858s][info][gc,phases      ] GC(31)   Evacuate Collection Set: 0.4ms
[16.858s][info][gc,phases      ] GC(31)   Post Evacuate Collection Set: 0.4ms
[16.858s][info][gc,phases      ] GC(31)   Other: 0.1ms
[16.858s][info][gc,heap        ] GC(31) Eden regions: 613->0(613)
[16.858s][info][gc,heap        ] GC(31) Survivor regions: 1->1(77)
[16.858s][info][gc,heap        ] GC(31) Old regions: 9->9
[16.858s][info][gc,heap        ] GC(31) Humongous regions: 6->6
[16.858s][info][gc,metaspace   ] GC(31) Metaspace: 18007K(19328K)->18007K(19328K) NonClass: 16099K(16896K)->16099K(16896K) Class: 1908K(2432K)->1908K(2432K)
[16.858s][info][gc             ] GC(31) Pause Young (Normal) (G1 Evacuation Pause) 624M->11M(1024M) 1.019ms
[16.858s][info][gc,cpu         ] GC(31) User=0.00s Sys=0.00s Real=0.00s
[17.037s][info][gc,start       ] GC(32) Pause Young (Normal) (G1 Evacuation Pause)
[17.037s][info][gc,task        ] GC(32) Using 6 workers of 6 for evacuation
[17.037s][info][gc,phases      ] GC(32)   Pre Evacuate Collection Set: 0.0ms
[17.038s][info][gc,phases      ] GC(32)   Evacuate Collection Set: 0.3ms
[17.038s][info][gc,phases      ] GC(32)   Post Evacuate Collection Set: 0.3ms
[17.038s][info][gc,phases      ] GC(32)   Other: 0.2ms
[17.038s][info][gc,heap        ] GC(32) Eden regions: 613->0(613)
[17.038s][info][gc,heap        ] GC(32) Survivor regions: 1->1(77)
[17.038s][info][gc,heap        ] GC(32) Old regions: 9->9
[17.038s][info][gc,heap        ] GC(32) Humongous regions: 6->6
[17.038s][info][gc,metaspace   ] GC(32) Metaspace: 18007K(19328K)->18007K(19328K) NonClass: 16099K(16896K)->16099K(16896K) Class: 1908K(2432K)->1908K(2432K)
[17.038s][info][gc             ] GC(32) Pause Young (Normal) (G1 Evacuation Pause) 624M->11M(1024M) 0.935ms
[17.038s][info][gc,cpu         ] GC(32) User=0.00s Sys=0.00s Real=0.00s
[17.227s][info][gc,start       ] GC(33) Pause Young (Normal) (G1 Evacuation Pause)
[17.227s][info][gc,task        ] GC(33) Using 6 workers of 6 for evacuation
[17.228s][info][gc,phases      ] GC(33)   Pre Evacuate Collection Set: 0.0ms
[17.228s][info][gc,phases      ] GC(33)   Evacuate Collection Set: 0.4ms
[17.228s][info][gc,phases      ] GC(33)   Post Evacuate Collection Set: 0.4ms
[17.228s][info][gc,phases      ] GC(33)   Other: 0.2ms
[17.228s][info][gc,heap        ] GC(33) Eden regions: 613->0(613)
[17.228s][info][gc,heap        ] GC(33) Survivor regions: 1->1(77)
[17.228s][info][gc,heap        ] GC(33) Old regions: 9->9
[17.228s][info][gc,heap        ] GC(33) Humongous regions: 6->6
[17.228s][info][gc,metaspace   ] GC(33) Metaspace: 18007K(19328K)->18007K(19328K) NonClass: 16099K(16896K)->16099K(16896K) Class: 1908K(2432K)->1908K(2432K)
[17.228s][info][gc             ] GC(33) Pause Young (Normal) (G1 Evacuation Pause) 624M->11M(1024M) 1.090ms
[17.228s][info][gc,cpu         ] GC(33) User=0.00s Sys=0.00s Real=0.00s
[17.442s][info][gc,start       ] GC(34) Pause Young (Normal) (G1 Evacuation Pause)
[17.442s][info][gc,task        ] GC(34) Using 6 workers of 6 for evacuation
[17.443s][info][gc,phases      ] GC(34)   Pre Evacuate Collection Set: 0.0ms
[17.443s][info][gc,phases      ] GC(34)   Evacuate Collection Set: 0.4ms
[17.443s][info][gc,phases      ] GC(34)   Post Evacuate Collection Set: 0.5ms
[17.443s][info][gc,phases      ] GC(34)   Other: 0.2ms
[17.443s][info][gc,heap        ] GC(34) Eden regions: 613->0(613)
[17.443s][info][gc,heap        ] GC(34) Survivor regions: 1->1(77)
[17.443s][info][gc,heap        ] GC(34) Old regions: 9->9
[17.443s][info][gc,heap        ] GC(34) Humongous regions: 6->6
[17.443s][info][gc,metaspace   ] GC(34) Metaspace: 18007K(19328K)->18007K(19328K) NonClass: 16099K(16896K)->16099K(16896K) Class: 1908K(2432K)->1908K(2432K)
[17.443s][info][gc             ] GC(34) Pause Young (Normal) (G1 Evacuation Pause) 624M->11M(1024M) 1.280ms
[17.443s][info][gc,cpu         ] GC(34) User=0.00s Sys=0.00s Real=0.00s
[17.620s][info][gc,start       ] GC(35) Pause Young (Normal) (G1 Evacuation Pause)
[17.620s][info][gc,task        ] GC(35) Using 6 workers of 6 for evacuation
[17.621s][info][gc,phases      ] GC(35)   Pre Evacuate Collection Set: 0.0ms
[17.621s][info][gc,phases      ] GC(35)   Evacuate Collection Set: 0.4ms
[17.621s][info][gc,phases      ] GC(35)   Post Evacuate Collection Set: 0.5ms
[17.621s][info][gc,phases      ] GC(35)   Other: 0.2ms
[17.621s][info][gc,heap        ] GC(35) Eden regions: 613->0(613)
[17.621s][info][gc,heap        ] GC(35) Survivor regions: 1->1(77)
[17.621s][info][gc,heap        ] GC(35) Old regions: 9->9
[17.621s][info][gc,heap        ] GC(35) Humongous regions: 6->6
[17.621s][info][gc,metaspace   ] GC(35) Metaspace: 18007K(19328K)->18007K(19328K) NonClass: 16099K(16896K)->16099K(16896K) Class: 1908K(2432K)->1908K(2432K)
[17.621s][info][gc             ] GC(35) Pause Young (Normal) (G1 Evacuation Pause) 624M->11M(1024M) 1.171ms
[17.621s][info][gc,cpu         ] GC(35) User=0.00s Sys=0.00s Real=0.00s
[17.807s][info][gc,start       ] GC(36) Pause Young (Normal) (G1 Evacuation Pause)
[17.807s][info][gc,task        ] GC(36) Using 6 workers of 6 for evacuation
[17.808s][info][gc,phases      ] GC(36)   Pre Evacuate Collection Set: 0.0ms
[17.808s][info][gc,phases      ] GC(36)   Evacuate Collection Set: 0.3ms
[17.808s][info][gc,phases      ] GC(36)   Post Evacuate Collection Set: 0.4ms
[17.808s][info][gc,phases      ] GC(36)   Other: 0.2ms
[17.808s][info][gc,heap        ] GC(36) Eden regions: 613->0(613)
[17.808s][info][gc,heap        ] GC(36) Survivor regions: 1->1(77)
[17.808s][info][gc,heap        ] GC(36) Old regions: 9->9
[17.808s][info][gc,heap        ] GC(36) Humongous regions: 6->6
[17.808s][info][gc,metaspace   ] GC(36) Metaspace: 18007K(19328K)->18007K(19328K) NonClass: 16099K(16896K)->16099K(16896K) Class: 1908K(2432K)->1908K(2432K)
[17.808s][info][gc             ] GC(36) Pause Young (Normal) (G1 Evacuation Pause) 624M->11M(1024M) 0.934ms
[17.808s][info][gc,cpu         ] GC(36) User=0.00s Sys=0.00s Real=0.00s
[17.986s][info][gc,start       ] GC(37) Pause Young (Normal) (G1 Evacuation Pause)
[17.986s][info][gc,task        ] GC(37) Using 6 workers of 6 for evacuation
[17.987s][info][gc,phases      ] GC(37)   Pre Evacuate Collection Set: 0.0ms
[17.987s][info][gc,phases      ] GC(37)   Evacuate Collection Set: 0.3ms
[17.987s][info][gc,phases      ] GC(37)   Post Evacuate Collection Set: 0.3ms
[17.987s][info][gc,phases      ] GC(37)   Other: 0.1ms
[17.987s][info][gc,heap        ] GC(37) Eden regions: 613->0(613)
[17.987s][info][gc,heap        ] GC(37) Survivor regions: 1->1(77)
[17.987s][info][gc,heap        ] GC(37) Old regions: 9->9
[17.987s][info][gc,heap        ] GC(37) Humongous regions: 6->6
[17.987s][info][gc,metaspace   ] GC(37) Metaspace: 18015K(19328K)->18015K(19328K) NonClass: 16106K(16896K)->16106K(16896K) Class: 1909K(2432K)->1909K(2432K)
[17.987s][info][gc             ] GC(37) Pause Young (Normal) (G1 Evacuation Pause) 624M->11M(1024M) 0.870ms
[17.987s][info][gc,cpu         ] GC(37) User=0.02s Sys=0.02s Real=0.00s
[18.240s][info][gc,start       ] GC(38) Pause Young (Normal) (G1 Evacuation Pause)
[18.240s][info][gc,task        ] GC(38) Using 6 workers of 6 for evacuation
[18.241s][info][gc,phases      ] GC(38)   Pre Evacuate Collection Set: 0.1ms
[18.241s][info][gc,phases      ] GC(38)   Evacuate Collection Set: 0.3ms
[18.241s][info][gc,phases      ] GC(38)   Post Evacuate Collection Set: 0.6ms
[18.241s][info][gc,phases      ] GC(38)   Other: 0.2ms
[18.241s][info][gc,heap        ] GC(38) Eden regions: 613->0(613)
[18.241s][info][gc,heap        ] GC(38) Survivor regions: 1->1(77)
[18.241s][info][gc,heap        ] GC(38) Old regions: 9->9
[18.241s][info][gc,heap        ] GC(38) Humongous regions: 6->6
[18.241s][info][gc,metaspace   ] GC(38) Metaspace: 18015K(19328K)->18015K(19328K) NonClass: 16106K(16896K)->16106K(16896K) Class: 1909K(2432K)->1909K(2432K)
[18.241s][info][gc             ] GC(38) Pause Young (Normal) (G1 Evacuation Pause) 624M->10M(1024M) 1.280ms
[18.241s][info][gc,cpu         ] GC(38) User=0.00s Sys=0.00s Real=0.00s
[18.555s][info][gc,start       ] GC(39) Pause Young (Normal) (G1 Evacuation Pause)
[18.555s][info][gc,task        ] GC(39) Using 6 workers of 6 for evacuation
[18.555s][info][gc,phases      ] GC(39)   Pre Evacuate Collection Set: 0.0ms
[18.555s][info][gc,phases      ] GC(39)   Evacuate Collection Set: 0.3ms
[18.555s][info][gc,phases      ] GC(39)   Post Evacuate Collection Set: 0.4ms
[18.555s][info][gc,phases      ] GC(39)   Other: 0.2ms
[18.555s][info][gc,heap        ] GC(39) Eden regions: 613->0(613)
[18.555s][info][gc,heap        ] GC(39) Survivor regions: 1->1(77)
[18.555s][info][gc,heap        ] GC(39) Old regions: 9->9
[18.555s][info][gc,heap        ] GC(39) Humongous regions: 6->6
[18.555s][info][gc,metaspace   ] GC(39) Metaspace: 18015K(19328K)->18015K(19328K) NonClass: 16106K(16896K)->16106K(16896K) Class: 1909K(2432K)->1909K(2432K)
[18.555s][info][gc             ] GC(39) Pause Young (Normal) (G1 Evacuation Pause) 623M->10M(1024M) 0.928ms
[18.556s][info][gc,cpu         ] GC(39) User=0.00s Sys=0.00s Real=0.00s
[18.910s][info][gc,start       ] GC(40) Pause Young (Normal) (G1 Evacuation Pause)
[18.910s][info][gc,task        ] GC(40) Using 6 workers of 6 for evacuation
[18.911s][info][gc,phases      ] GC(40)   Pre Evacuate Collection Set: 0.0ms
[18.911s][info][gc,phases      ] GC(40)   Evacuate Collection Set: 0.4ms
[18.911s][info][gc,phases      ] GC(40)   Post Evacuate Collection Set: 0.4ms
[18.911s][info][gc,phases      ] GC(40)   Other: 0.1ms
[18.911s][info][gc,heap        ] GC(40) Eden regions: 613->0(613)
[18.911s][info][gc,heap        ] GC(40) Survivor regions: 1->1(77)
[18.911s][info][gc,heap        ] GC(40) Old regions: 9->9
[18.911s][info][gc,heap        ] GC(40) Humongous regions: 6->6
[18.911s][info][gc,metaspace   ] GC(40) Metaspace: 18015K(19328K)->18015K(19328K) NonClass: 16106K(16896K)->16106K(16896K) Class: 1909K(2432K)->1909K(2432K)
[18.911s][info][gc             ] GC(40) Pause Young (Normal) (G1 Evacuation Pause) 623M->10M(1024M) 1.087ms
[18.911s][info][gc,cpu         ] GC(40) User=0.00s Sys=0.00s Real=0.00s
[19.346s][info][gc,task        ] GC(41) Using 6 workers of 6 for full compaction
[19.346s][info][gc,start       ] GC(41) Pause Full (System.gc())
[19.346s][info][gc,phases,start] GC(41) Phase 1: Mark live objects
[19.353s][info][gc,stringtable ] GC(41) Cleaned string and symbol table, strings: 6450 processed, 14 removed, symbols: 50566 processed, 6 removed
[19.353s][info][gc,phases      ] GC(41) Phase 1: Mark live objects 6.550ms
[19.353s][info][gc,phases,start] GC(41) Phase 2: Prepare for compaction
[19.354s][info][gc,phases      ] GC(41) Phase 2: Prepare for compaction 0.708ms
[19.354s][info][gc,phases,start] GC(41) Phase 3: Adjust pointers
[19.357s][info][gc,phases      ] GC(41) Phase 3: Adjust pointers 3.542ms
[19.357s][info][gc,phases,start] GC(41) Phase 4: Compact heap
[19.358s][info][gc,phases      ] GC(41) Phase 4: Compact heap 0.877ms
[19.362s][info][gc,heap        ] GC(41) Eden regions: 42->0(614)
[19.362s][info][gc,heap        ] GC(41) Survivor regions: 1->0(77)
[19.362s][info][gc,heap        ] GC(41) Old regions: 9->6
[19.362s][info][gc,heap        ] GC(41) Humongous regions: 12->6
[19.362s][info][gc,metaspace   ] GC(41) Metaspace: 18104K(19328K)->17040K(19328K) NonClass: 16191K(16896K)->15417K(16896K) Class: 1912K(2432K)->1623K(2432K)
[19.362s][info][gc             ] GC(41) Pause Full (System.gc()) 58M->10M(1024M) 15.419ms
[19.362s][info][gc,cpu         ] GC(41) User=0.03s Sys=0.00s Real=0.02s
[19.546s][info][gc,start       ] GC(42) Pause Young (Normal) (G1 Evacuation Pause)
[19.546s][info][gc,task        ] GC(42) Using 6 workers of 6 for evacuation
[19.547s][info][gc,phases      ] GC(42)   Pre Evacuate Collection Set: 0.0ms
[19.547s][info][gc,phases      ] GC(42)   Evacuate Collection Set: 0.3ms
[19.547s][info][gc,phases      ] GC(42)   Post Evacuate Collection Set: 0.4ms
[19.547s][info][gc,phases      ] GC(42)   Other: 0.2ms
[19.547s][info][gc,heap        ] GC(42) Eden regions: 614->0(613)
[19.547s][info][gc,heap        ] GC(42) Survivor regions: 0->1(77)
[19.547s][info][gc,heap        ] GC(42) Old regions: 6->6
[19.547s][info][gc,heap        ] GC(42) Humongous regions: 12->12
[19.547s][info][gc,metaspace   ] GC(42) Metaspace: 17040K(19328K)->17040K(19328K) NonClass: 15417K(16896K)->15417K(16896K) Class: 1623K(2432K)->1623K(2432K)
[19.547s][info][gc             ] GC(42) Pause Young (Normal) (G1 Evacuation Pause) 630M->16M(1024M) 0.987ms
[19.547s][info][gc,cpu         ] GC(42) User=0.00s Sys=0.00s Real=0.00s
[19.716s][info][gc,start       ] GC(43) Pause Young (Normal) (G1 Evacuation Pause)
[19.716s][info][gc,task        ] GC(43) Using 6 workers of 6 for evacuation
[19.717s][info][gc,phases      ] GC(43)   Pre Evacuate Collection Set: 0.0ms
[19.717s][info][gc,phases      ] GC(43)   Evacuate Collection Set: 0.3ms
[19.717s][info][gc,phases      ] GC(43)   Post Evacuate Collection Set: 0.4ms
[19.717s][info][gc,phases      ] GC(43)   Other: 0.2ms
[19.717s][info][gc,heap        ] GC(43) Eden regions: 613->0(613)
[19.717s][info][gc,heap        ] GC(43) Survivor regions: 1->1(77)
[19.717s][info][gc,heap        ] GC(43) Old regions: 6->6
[19.717s][info][gc,heap        ] GC(43) Humongous regions: 12->12
[19.717s][info][gc,metaspace   ] GC(43) Metaspace: 17040K(19328K)->17040K(19328K) NonClass: 15417K(16896K)->15417K(16896K) Class: 1623K(2432K)->1623K(2432K)
[19.717s][info][gc             ] GC(43) Pause Young (Normal) (G1 Evacuation Pause) 629M->16M(1024M) 0.968ms
[19.717s][info][gc,cpu         ] GC(43) User=0.00s Sys=0.00s Real=0.00s
[19.882s][info][gc,start       ] GC(44) Pause Young (Normal) (G1 Evacuation Pause)
[19.882s][info][gc,task        ] GC(44) Using 6 workers of 6 for evacuation
[19.883s][info][gc,phases      ] GC(44)   Pre Evacuate Collection Set: 0.0ms
[19.883s][info][gc,phases      ] GC(44)   Evacuate Collection Set: 0.4ms
[19.883s][info][gc,phases      ] GC(44)   Post Evacuate Collection Set: 0.4ms
[19.883s][info][gc,phases      ] GC(44)   Other: 0.1ms
[19.883s][info][gc,heap        ] GC(44) Eden regions: 613->0(613)
[19.883s][info][gc,heap        ] GC(44) Survivor regions: 1->1(77)
[19.883s][info][gc,heap        ] GC(44) Old regions: 6->6
[19.883s][info][gc,heap        ] GC(44) Humongous regions: 12->12
[19.883s][info][gc,metaspace   ] GC(44) Metaspace: 17040K(19328K)->17040K(19328K) NonClass: 15417K(16896K)->15417K(16896K) Class: 1623K(2432K)->1623K(2432K)
[19.883s][info][gc             ] GC(44) Pause Young (Normal) (G1 Evacuation Pause) 629M->16M(1024M) 1.015ms
[19.883s][info][gc,cpu         ] GC(44) User=0.00s Sys=0.00s Real=0.00s
[20.052s][info][gc,start       ] GC(45) Pause Young (Normal) (G1 Evacuation Pause)
[20.052s][info][gc,task        ] GC(45) Using 6 workers of 6 for evacuation
[20.052s][info][gc,phases      ] GC(45)   Pre Evacuate Collection Set: 0.0ms
[20.052s][info][gc,phases      ] GC(45)   Evacuate Collection Set: 0.3ms
[20.052s][info][gc,phases      ] GC(45)   Post Evacuate Collection Set: 0.3ms
[20.052s][info][gc,phases      ] GC(45)   Other: 0.1ms
[20.052s][info][gc,heap        ] GC(45) Eden regions: 613->0(613)
[20.052s][info][gc,heap        ] GC(45) Survivor regions: 1->1(77)
[20.053s][info][gc,heap        ] GC(45) Old regions: 6->6
[20.053s][info][gc,heap        ] GC(45) Humongous regions: 12->12
[20.053s][info][gc,metaspace   ] GC(45) Metaspace: 17040K(19328K)->17040K(19328K) NonClass: 15417K(16896K)->15417K(16896K) Class: 1623K(2432K)->1623K(2432K)
[20.053s][info][gc             ] GC(45) Pause Young (Normal) (G1 Evacuation Pause) 629M->16M(1024M) 0.884ms
[20.053s][info][gc,cpu         ] GC(45) User=0.00s Sys=0.00s Real=0.00s
[20.218s][info][gc,start       ] GC(46) Pause Young (Normal) (G1 Evacuation Pause)
[20.218s][info][gc,task        ] GC(46) Using 6 workers of 6 for evacuation
[20.219s][info][gc,phases      ] GC(46)   Pre Evacuate Collection Set: 0.0ms
[20.219s][info][gc,phases      ] GC(46)   Evacuate Collection Set: 0.2ms
[20.219s][info][gc,phases      ] GC(46)   Post Evacuate Collection Set: 0.3ms
[20.219s][info][gc,phases      ] GC(46)   Other: 0.1ms
[20.219s][info][gc,heap        ] GC(46) Eden regions: 613->0(613)
[20.219s][info][gc,heap        ] GC(46) Survivor regions: 1->1(77)
[20.219s][info][gc,heap        ] GC(46) Old regions: 6->6
[20.219s][info][gc,heap        ] GC(46) Humongous regions: 12->12
[20.219s][info][gc,metaspace   ] GC(46) Metaspace: 17040K(19328K)->17040K(19328K) NonClass: 15417K(16896K)->15417K(16896K) Class: 1623K(2432K)->1623K(2432K)
[20.219s][info][gc             ] GC(46) Pause Young (Normal) (G1 Evacuation Pause) 629M->16M(1024M) 0.829ms
[20.219s][info][gc,cpu         ] GC(46) User=0.00s Sys=0.00s Real=0.00s
[20.395s][info][gc,start       ] GC(47) Pause Young (Normal) (G1 Evacuation Pause)
[20.395s][info][gc,task        ] GC(47) Using 6 workers of 6 for evacuation
[20.396s][info][gc,phases      ] GC(47)   Pre Evacuate Collection Set: 0.0ms
[20.396s][info][gc,phases      ] GC(47)   Evacuate Collection Set: 0.3ms
[20.396s][info][gc,phases      ] GC(47)   Post Evacuate Collection Set: 0.3ms
[20.396s][info][gc,phases      ] GC(47)   Other: 0.2ms
[20.396s][info][gc,heap        ] GC(47) Eden regions: 613->0(613)
[20.396s][info][gc,heap        ] GC(47) Survivor regions: 1->1(77)
[20.396s][info][gc,heap        ] GC(47) Old regions: 6->6
[20.396s][info][gc,heap        ] GC(47) Humongous regions: 12->12
[20.396s][info][gc,metaspace   ] GC(47) Metaspace: 17040K(19328K)->17040K(19328K) NonClass: 15417K(16896K)->15417K(16896K) Class: 1623K(2432K)->1623K(2432K)
[20.396s][info][gc             ] GC(47) Pause Young (Normal) (G1 Evacuation Pause) 629M->16M(1024M) 0.865ms
[20.396s][info][gc,cpu         ] GC(47) User=0.00s Sys=0.00s Real=0.00s
[20.578s][info][gc,start       ] GC(48) Pause Young (Normal) (G1 Evacuation Pause)
[20.578s][info][gc,task        ] GC(48) Using 6 workers of 6 for evacuation
[20.579s][info][gc,phases      ] GC(48)   Pre Evacuate Collection Set: 0.0ms
[20.579s][info][gc,phases      ] GC(48)   Evacuate Collection Set: 0.3ms
[20.579s][info][gc,phases      ] GC(48)   Post Evacuate Collection Set: 0.4ms
[20.579s][info][gc,phases      ] GC(48)   Other: 0.2ms
[20.579s][info][gc,heap        ] GC(48) Eden regions: 613->0(613)
[20.579s][info][gc,heap        ] GC(48) Survivor regions: 1->1(77)
[20.579s][info][gc,heap        ] GC(48) Old regions: 6->6
[20.579s][info][gc,heap        ] GC(48) Humongous regions: 12->12
[20.579s][info][gc,metaspace   ] GC(48) Metaspace: 17040K(19328K)->17040K(19328K) NonClass: 15417K(16896K)->15417K(16896K) Class: 1623K(2432K)->1623K(2432K)
[20.579s][info][gc             ] GC(48) Pause Young (Normal) (G1 Evacuation Pause) 629M->16M(1024M) 0.958ms
[20.579s][info][gc,cpu         ] GC(48) User=0.00s Sys=0.00s Real=0.00s
[20.746s][info][gc,start       ] GC(49) Pause Young (Normal) (G1 Evacuation Pause)
[20.746s][info][gc,task        ] GC(49) Using 6 workers of 6 for evacuation
[20.746s][info][gc,phases      ] GC(49)   Pre Evacuate Collection Set: 0.0ms
[20.746s][info][gc,phases      ] GC(49)   Evacuate Collection Set: 0.4ms
[20.746s][info][gc,phases      ] GC(49)   Post Evacuate Collection Set: 0.3ms
[20.747s][info][gc,phases      ] GC(49)   Other: 0.1ms
[20.747s][info][gc,heap        ] GC(49) Eden regions: 613->0(613)
[20.747s][info][gc,heap        ] GC(49) Survivor regions: 1->1(77)
[20.747s][info][gc,heap        ] GC(49) Old regions: 6->6
[20.747s][info][gc,heap        ] GC(49) Humongous regions: 12->12
[20.747s][info][gc,metaspace   ] GC(49) Metaspace: 17040K(19328K)->17040K(19328K) NonClass: 15417K(16896K)->15417K(16896K) Class: 1623K(2432K)->1623K(2432K)
[20.747s][info][gc             ] GC(49) Pause Young (Normal) (G1 Evacuation Pause) 629M->16M(1024M) 1.003ms
[20.747s][info][gc,cpu         ] GC(49) User=0.00s Sys=0.00s Real=0.00s
[20.912s][info][gc,start       ] GC(50) Pause Young (Normal) (G1 Evacuation Pause)
[20.912s][info][gc,task        ] GC(50) Using 6 workers of 6 for evacuation
[20.913s][info][gc,phases      ] GC(50)   Pre Evacuate Collection Set: 0.0ms
[20.913s][info][gc,phases      ] GC(50)   Evacuate Collection Set: 0.3ms
[20.913s][info][gc,phases      ] GC(50)   Post Evacuate Collection Set: 0.4ms
[20.913s][info][gc,phases      ] GC(50)   Other: 0.2ms
[20.913s][info][gc,heap        ] GC(50) Eden regions: 613->0(613)
[20.913s][info][gc,heap        ] GC(50) Survivor regions: 1->1(77)
[20.913s][info][gc,heap        ] GC(50) Old regions: 6->6
[20.913s][info][gc,heap        ] GC(50) Humongous regions: 12->12
[20.913s][info][gc,metaspace   ] GC(50) Metaspace: 17040K(19328K)->17040K(19328K) NonClass: 15417K(16896K)->15417K(16896K) Class: 1623K(2432K)->1623K(2432K)
[20.913s][info][gc             ] GC(50) Pause Young (Normal) (G1 Evacuation Pause) 629M->16M(1024M) 0.975ms
[20.913s][info][gc,cpu         ] GC(50) User=0.00s Sys=0.00s Real=0.00s
[21.090s][info][gc,start       ] GC(51) Pause Young (Normal) (G1 Evacuation Pause)
[21.090s][info][gc,task        ] GC(51) Using 6 workers of 6 for evacuation
[21.090s][info][gc,phases      ] GC(51)   Pre Evacuate Collection Set: 0.0ms
[21.090s][info][gc,phases      ] GC(51)   Evacuate Collection Set: 0.3ms
[21.090s][info][gc,phases      ] GC(51)   Post Evacuate Collection Set: 0.3ms
[21.090s][info][gc,phases      ] GC(51)   Other: 0.1ms
[21.090s][info][gc,heap        ] GC(51) Eden regions: 613->0(613)
[21.090s][info][gc,heap        ] GC(51) Survivor regions: 1->1(77)
[21.090s][info][gc,heap        ] GC(51) Old regions: 6->6
[21.090s][info][gc,heap        ] GC(51) Humongous regions: 12->12
[21.090s][info][gc,metaspace   ] GC(51) Metaspace: 17040K(19328K)->17040K(19328K) NonClass: 15417K(16896K)->15417K(16896K) Class: 1623K(2432K)->1623K(2432K)
[21.090s][info][gc             ] GC(51) Pause Young (Normal) (G1 Evacuation Pause) 629M->16M(1024M) 0.832ms
[21.090s][info][gc,cpu         ] GC(51) User=0.00s Sys=0.00s Real=0.00s
[21.268s][info][gc,start       ] GC(52) Pause Young (Normal) (G1 Evacuation Pause)
[21.268s][info][gc,task        ] GC(52) Using 6 workers of 6 for evacuation
[21.269s][info][gc,phases      ] GC(52)   Pre Evacuate Collection Set: 0.0ms
[21.269s][info][gc,phases      ] GC(52)   Evacuate Collection Set: 0.3ms
[21.269s][info][gc,phases      ] GC(52)   Post Evacuate Collection Set: 0.4ms
[21.269s][info][gc,phases      ] GC(52)   Other: 0.2ms
[21.269s][info][gc,heap        ] GC(52) Eden regions: 613->0(613)
[21.269s][info][gc,heap        ] GC(52) Survivor regions: 1->1(77)
[21.269s][info][gc,heap        ] GC(52) Old regions: 6->6
[21.269s][info][gc,heap        ] GC(52) Humongous regions: 12->12
[21.269s][info][gc,metaspace   ] GC(52) Metaspace: 17040K(19328K)->17040K(19328K) NonClass: 15417K(16896K)->15417K(16896K) Class: 1623K(2432K)->1623K(2432K)
[21.269s][info][gc             ] GC(52) Pause Young (Normal) (G1 Evacuation Pause) 629M->16M(1024M) 0.946ms
[21.269s][info][gc,cpu         ] GC(52) User=0.00s Sys=0.00s Real=0.00s
[21.456s][info][gc,start       ] GC(53) Pause Young (Normal) (G1 Evacuation Pause)
[21.456s][info][gc,task        ] GC(53) Using 6 workers of 6 for evacuation
[21.457s][info][gc,phases      ] GC(53)   Pre Evacuate Collection Set: 0.0ms
[21.457s][info][gc,phases      ] GC(53)   Evacuate Collection Set: 0.3ms
[21.457s][info][gc,phases      ] GC(53)   Post Evacuate Collection Set: 0.4ms
[21.457s][info][gc,phases      ] GC(53)   Other: 0.2ms
[21.457s][info][gc,heap        ] GC(53) Eden regions: 613->0(613)
[21.457s][info][gc,heap        ] GC(53) Survivor regions: 1->1(77)
[21.457s][info][gc,heap        ] GC(53) Old regions: 6->6
[21.457s][info][gc,heap        ] GC(53) Humongous regions: 12->12
[21.457s][info][gc,metaspace   ] GC(53) Metaspace: 17040K(19328K)->17040K(19328K) NonClass: 15417K(16896K)->15417K(16896K) Class: 1623K(2432K)->1623K(2432K)
[21.457s][info][gc             ] GC(53) Pause Young (Normal) (G1 Evacuation Pause) 629M->16M(1024M) 1.009ms
[21.457s][info][gc,cpu         ] GC(53) User=0.00s Sys=0.00s Real=0.00s
[21.629s][info][gc,start       ] GC(54) Pause Young (Normal) (G1 Evacuation Pause)
[21.629s][info][gc,task        ] GC(54) Using 6 workers of 6 for evacuation
[21.630s][info][gc,phases      ] GC(54)   Pre Evacuate Collection Set: 0.0ms
[21.630s][info][gc,phases      ] GC(54)   Evacuate Collection Set: 0.3ms
[21.630s][info][gc,phases      ] GC(54)   Post Evacuate Collection Set: 0.4ms
[21.630s][info][gc,phases      ] GC(54)   Other: 0.2ms
[21.630s][info][gc,heap        ] GC(54) Eden regions: 613->0(613)
[21.630s][info][gc,heap        ] GC(54) Survivor regions: 1->1(77)
[21.630s][info][gc,heap        ] GC(54) Old regions: 6->6
[21.630s][info][gc,heap        ] GC(54) Humongous regions: 12->12
[21.630s][info][gc,metaspace   ] GC(54) Metaspace: 17040K(19328K)->17040K(19328K) NonClass: 15417K(16896K)->15417K(16896K) Class: 1623K(2432K)->1623K(2432K)
[21.630s][info][gc             ] GC(54) Pause Young (Normal) (G1 Evacuation Pause) 629M->16M(1024M) 0.987ms
[21.630s][info][gc,cpu         ] GC(54) User=0.00s Sys=0.00s Real=0.00s
[21.801s][info][gc,start       ] GC(55) Pause Young (Normal) (G1 Evacuation Pause)
[21.801s][info][gc,task        ] GC(55) Using 6 workers of 6 for evacuation
[21.801s][info][gc,phases      ] GC(55)   Pre Evacuate Collection Set: 0.0ms
[21.801s][info][gc,phases      ] GC(55)   Evacuate Collection Set: 0.3ms
[21.801s][info][gc,phases      ] GC(55)   Post Evacuate Collection Set: 0.3ms
[21.801s][info][gc,phases      ] GC(55)   Other: 0.1ms
[21.801s][info][gc,heap        ] GC(55) Eden regions: 613->0(613)
[21.801s][info][gc,heap        ] GC(55) Survivor regions: 1->1(77)
[21.801s][info][gc,heap        ] GC(55) Old regions: 6->6
[21.801s][info][gc,heap        ] GC(55) Humongous regions: 12->12
[21.802s][info][gc,metaspace   ] GC(55) Metaspace: 17040K(19328K)->17040K(19328K) NonClass: 15417K(16896K)->15417K(16896K) Class: 1623K(2432K)->1623K(2432K)
[21.802s][info][gc             ] GC(55) Pause Young (Normal) (G1 Evacuation Pause) 629M->16M(1024M) 0.846ms
[21.802s][info][gc,cpu         ] GC(55) User=0.00s Sys=0.00s Real=0.00s
[21.972s][info][gc,start       ] GC(56) Pause Young (Normal) (G1 Evacuation Pause)
[21.972s][info][gc,task        ] GC(56) Using 6 workers of 6 for evacuation
[21.973s][info][gc,phases      ] GC(56)   Pre Evacuate Collection Set: 0.0ms
[21.973s][info][gc,phases      ] GC(56)   Evacuate Collection Set: 0.3ms
[21.973s][info][gc,phases      ] GC(56)   Post Evacuate Collection Set: 0.3ms
[21.973s][info][gc,phases      ] GC(56)   Other: 0.1ms
[21.973s][info][gc,heap        ] GC(56) Eden regions: 613->0(613)
[21.973s][info][gc,heap        ] GC(56) Survivor regions: 1->1(77)
[21.973s][info][gc,heap        ] GC(56) Old regions: 6->6
[21.973s][info][gc,heap        ] GC(56) Humongous regions: 12->12
[21.973s][info][gc,metaspace   ] GC(56) Metaspace: 17040K(19328K)->17040K(19328K) NonClass: 15417K(16896K)->15417K(16896K) Class: 1623K(2432K)->1623K(2432K)
[21.973s][info][gc             ] GC(56) Pause Young (Normal) (G1 Evacuation Pause) 629M->16M(1024M) 0.811ms
[21.973s][info][gc,cpu         ] GC(56) User=0.00s Sys=0.00s Real=0.00s
[22.139s][info][gc,start       ] GC(57) Pause Young (Normal) (G1 Evacuation Pause)
[22.139s][info][gc,task        ] GC(57) Using 6 workers of 6 for evacuation
[22.140s][info][gc,phases      ] GC(57)   Pre Evacuate Collection Set: 0.0ms
[22.140s][info][gc,phases      ] GC(57)   Evacuate Collection Set: 0.3ms
[22.140s][info][gc,phases      ] GC(57)   Post Evacuate Collection Set: 0.4ms
[22.140s][info][gc,phases      ] GC(57)   Other: 0.1ms
[22.140s][info][gc,heap        ] GC(57) Eden regions: 613->0(613)
[22.140s][info][gc,heap        ] GC(57) Survivor regions: 1->1(77)
[22.140s][info][gc,heap        ] GC(57) Old regions: 6->7
[22.140s][info][gc,heap        ] GC(57) Humongous regions: 12->12
[22.140s][info][gc,metaspace   ] GC(57) Metaspace: 17040K(19328K)->17040K(19328K) NonClass: 15417K(16896K)->15417K(16896K) Class: 1623K(2432K)->1623K(2432K)
[22.140s][info][gc             ] GC(57) Pause Young (Normal) (G1 Evacuation Pause) 629M->16M(1024M) 0.975ms
[22.140s][info][gc,cpu         ] GC(57) User=0.00s Sys=0.00s Real=0.00s
[22.310s][info][gc,start       ] GC(58) Pause Young (Normal) (G1 Evacuation Pause)
[22.310s][info][gc,task        ] GC(58) Using 6 workers of 6 for evacuation
[22.311s][info][gc,phases      ] GC(58)   Pre Evacuate Collection Set: 0.0ms
[22.311s][info][gc,phases      ] GC(58)   Evacuate Collection Set: 0.3ms
[22.311s][info][gc,phases      ] GC(58)   Post Evacuate Collection Set: 0.3ms
[22.311s][info][gc,phases      ] GC(58)   Other: 0.1ms
[22.311s][info][gc,heap        ] GC(58) Eden regions: 613->0(613)
[22.311s][info][gc,heap        ] GC(58) Survivor regions: 1->1(77)
[22.311s][info][gc,heap        ] GC(58) Old regions: 7->7
[22.311s][info][gc,heap        ] GC(58) Humongous regions: 12->12
[22.311s][info][gc,metaspace   ] GC(58) Metaspace: 17040K(19328K)->17040K(19328K) NonClass: 15417K(16896K)->15417K(16896K) Class: 1623K(2432K)->1623K(2432K)
[22.311s][info][gc             ] GC(58) Pause Young (Normal) (G1 Evacuation Pause) 629M->16M(1024M) 0.896ms
[22.311s][info][gc,cpu         ] GC(58) User=0.00s Sys=0.00s Real=0.00s
[22.495s][info][gc,start       ] GC(59) Pause Young (Normal) (G1 Evacuation Pause)
[22.495s][info][gc,task        ] GC(59) Using 6 workers of 6 for evacuation
[22.496s][info][gc,phases      ] GC(59)   Pre Evacuate Collection Set: 0.0ms
[22.496s][info][gc,phases      ] GC(59)   Evacuate Collection Set: 0.4ms
[22.496s][info][gc,phases      ] GC(59)   Post Evacuate Collection Set: 0.4ms
[22.496s][info][gc,phases      ] GC(59)   Other: 0.2ms
[22.496s][info][gc,heap        ] GC(59) Eden regions: 613->0(613)
[22.496s][info][gc,heap        ] GC(59) Survivor regions: 1->1(77)
[22.496s][info][gc,heap        ] GC(59) Old regions: 7->7
[22.496s][info][gc,heap        ] GC(59) Humongous regions: 12->12
[22.496s][info][gc,metaspace   ] GC(59) Metaspace: 17040K(19328K)->17040K(19328K) NonClass: 15417K(16896K)->15417K(16896K) Class: 1623K(2432K)->1623K(2432K)
[22.496s][info][gc             ] GC(59) Pause Young (Normal) (G1 Evacuation Pause) 629M->16M(1024M) 1.103ms
[22.496s][info][gc,cpu         ] GC(59) User=0.00s Sys=0.00s Real=0.00s
[22.680s][info][gc,start       ] GC(60) Pause Young (Normal) (G1 Evacuation Pause)
[22.680s][info][gc,task        ] GC(60) Using 6 workers of 6 for evacuation
[22.681s][info][gc,phases      ] GC(60)   Pre Evacuate Collection Set: 0.0ms
[22.681s][info][gc,phases      ] GC(60)   Evacuate Collection Set: 0.4ms
[22.681s][info][gc,phases      ] GC(60)   Post Evacuate Collection Set: 0.4ms
[22.681s][info][gc,phases      ] GC(60)   Other: 0.2ms
[22.681s][info][gc,heap        ] GC(60) Eden regions: 613->0(613)
[22.681s][info][gc,heap        ] GC(60) Survivor regions: 1->1(77)
[22.681s][info][gc,heap        ] GC(60) Old regions: 7->7
[22.681s][info][gc,heap        ] GC(60) Humongous regions: 12->12
[22.681s][info][gc,metaspace   ] GC(60) Metaspace: 17040K(19328K)->17040K(19328K) NonClass: 15417K(16896K)->15417K(16896K) Class: 1623K(2432K)->1623K(2432K)
[22.681s][info][gc             ] GC(60) Pause Young (Normal) (G1 Evacuation Pause) 629M->16M(1024M) 1.033ms
[22.681s][info][gc,cpu         ] GC(60) User=0.00s Sys=0.00s Real=0.00s
[22.848s][info][gc,start       ] GC(61) Pause Young (Normal) (G1 Evacuation Pause)
[22.848s][info][gc,task        ] GC(61) Using 6 workers of 6 for evacuation
[22.848s][info][gc,phases      ] GC(61)   Pre Evacuate Collection Set: 0.0ms
[22.848s][info][gc,phases      ] GC(61)   Evacuate Collection Set: 0.3ms
[22.848s][info][gc,phases      ] GC(61)   Post Evacuate Collection Set: 0.3ms
[22.848s][info][gc,phases      ] GC(61)   Other: 0.1ms
[22.848s][info][gc,heap        ] GC(61) Eden regions: 613->0(613)
[22.848s][info][gc,heap        ] GC(61) Survivor regions: 1->1(77)
[22.848s][info][gc,heap        ] GC(61) Old regions: 7->7
[22.848s][info][gc,heap        ] GC(61) Humongous regions: 12->12
[22.849s][info][gc,metaspace   ] GC(61) Metaspace: 17040K(19328K)->17040K(19328K) NonClass: 15417K(16896K)->15417K(16896K) Class: 1623K(2432K)->1623K(2432K)
[22.849s][info][gc             ] GC(61) Pause Young (Normal) (G1 Evacuation Pause) 629M->16M(1024M) 0.925ms
[22.849s][info][gc,cpu         ] GC(61) User=0.00s Sys=0.00s Real=0.00s
[23.015s][info][gc,start       ] GC(62) Pause Young (Normal) (G1 Evacuation Pause)
[23.015s][info][gc,task        ] GC(62) Using 6 workers of 6 for evacuation
[23.015s][info][gc,phases      ] GC(62)   Pre Evacuate Collection Set: 0.0ms
[23.015s][info][gc,phases      ] GC(62)   Evacuate Collection Set: 0.3ms
[23.015s][info][gc,phases      ] GC(62)   Post Evacuate Collection Set: 0.3ms
[23.015s][info][gc,phases      ] GC(62)   Other: 0.1ms
[23.015s][info][gc,heap        ] GC(62) Eden regions: 613->0(613)
[23.015s][info][gc,heap        ] GC(62) Survivor regions: 1->1(77)
[23.015s][info][gc,heap        ] GC(62) Old regions: 7->7
[23.015s][info][gc,heap        ] GC(62) Humongous regions: 12->12
[23.015s][info][gc,metaspace   ] GC(62) Metaspace: 17040K(19328K)->17040K(19328K) NonClass: 15417K(16896K)->15417K(16896K) Class: 1623K(2432K)->1623K(2432K)
[23.015s][info][gc             ] GC(62) Pause Young (Normal) (G1 Evacuation Pause) 629M->16M(1024M) 0.921ms
[23.015s][info][gc,cpu         ] GC(62) User=0.00s Sys=0.00s Real=0.00s
[23.181s][info][gc,start       ] GC(63) Pause Young (Normal) (G1 Evacuation Pause)
[23.181s][info][gc,task        ] GC(63) Using 6 workers of 6 for evacuation
[23.182s][info][gc,phases      ] GC(63)   Pre Evacuate Collection Set: 0.0ms
[23.182s][info][gc,phases      ] GC(63)   Evacuate Collection Set: 0.3ms
[23.182s][info][gc,phases      ] GC(63)   Post Evacuate Collection Set: 0.3ms
[23.182s][info][gc,phases      ] GC(63)   Other: 0.1ms
[23.182s][info][gc,heap        ] GC(63) Eden regions: 613->0(613)
[23.182s][info][gc,heap        ] GC(63) Survivor regions: 1->1(77)
[23.182s][info][gc,heap        ] GC(63) Old regions: 7->7
[23.182s][info][gc,heap        ] GC(63) Humongous regions: 12->12
[23.182s][info][gc,metaspace   ] GC(63) Metaspace: 17040K(19328K)->17040K(19328K) NonClass: 15417K(16896K)->15417K(16896K) Class: 1623K(2432K)->1623K(2432K)
[23.182s][info][gc             ] GC(63) Pause Young (Normal) (G1 Evacuation Pause) 629M->16M(1024M) 0.860ms
[23.182s][info][gc,cpu         ] GC(63) User=0.00s Sys=0.00s Real=0.00s
[23.360s][info][gc,start       ] GC(64) Pause Young (Normal) (G1 Evacuation Pause)
[23.360s][info][gc,task        ] GC(64) Using 6 workers of 6 for evacuation
[23.360s][info][gc,phases      ] GC(64)   Pre Evacuate Collection Set: 0.0ms
[23.360s][info][gc,phases      ] GC(64)   Evacuate Collection Set: 0.4ms
[23.360s][info][gc,phases      ] GC(64)   Post Evacuate Collection Set: 0.4ms
[23.361s][info][gc,phases      ] GC(64)   Other: 0.2ms
[23.361s][info][gc,heap        ] GC(64) Eden regions: 613->0(613)
[23.361s][info][gc,heap        ] GC(64) Survivor regions: 1->1(77)
[23.361s][info][gc,heap        ] GC(64) Old regions: 7->7
[23.361s][info][gc,heap        ] GC(64) Humongous regions: 12->12
[23.361s][info][gc,metaspace   ] GC(64) Metaspace: 17040K(19328K)->17040K(19328K) NonClass: 15417K(16896K)->15417K(16896K) Class: 1623K(2432K)->1623K(2432K)
[23.361s][info][gc             ] GC(64) Pause Young (Normal) (G1 Evacuation Pause) 629M->16M(1024M) 1.071ms
[23.361s][info][gc,cpu         ] GC(64) User=0.00s Sys=0.00s Real=0.00s
[23.527s][info][gc,start       ] GC(65) Pause Young (Normal) (G1 Evacuation Pause)
[23.528s][info][gc,task        ] GC(65) Using 6 workers of 6 for evacuation
[23.528s][info][gc,phases      ] GC(65)   Pre Evacuate Collection Set: 0.0ms
[23.528s][info][gc,phases      ] GC(65)   Evacuate Collection Set: 0.3ms
[23.528s][info][gc,phases      ] GC(65)   Post Evacuate Collection Set: 0.3ms
[23.528s][info][gc,phases      ] GC(65)   Other: 0.1ms
[23.528s][info][gc,heap        ] GC(65) Eden regions: 613->0(613)
[23.528s][info][gc,heap        ] GC(65) Survivor regions: 1->1(77)
[23.528s][info][gc,heap        ] GC(65) Old regions: 7->7
[23.528s][info][gc,heap        ] GC(65) Humongous regions: 12->12
[23.528s][info][gc,metaspace   ] GC(65) Metaspace: 17040K(19328K)->17040K(19328K) NonClass: 15417K(16896K)->15417K(16896K) Class: 1623K(2432K)->1623K(2432K)
[23.528s][info][gc             ] GC(65) Pause Young (Normal) (G1 Evacuation Pause) 629M->16M(1024M) 0.926ms
[23.528s][info][gc,cpu         ] GC(65) User=0.00s Sys=0.00s Real=0.00s
[23.707s][info][gc,start       ] GC(66) Pause Young (Normal) (G1 Evacuation Pause)
[23.707s][info][gc,task        ] GC(66) Using 6 workers of 6 for evacuation
[23.708s][info][gc,phases      ] GC(66)   Pre Evacuate Collection Set: 0.0ms
[23.708s][info][gc,phases      ] GC(66)   Evacuate Collection Set: 0.5ms
[23.708s][info][gc,phases      ] GC(66)   Post Evacuate Collection Set: 0.4ms
[23.708s][info][gc,phases      ] GC(66)   Other: 0.2ms
[23.708s][info][gc,heap        ] GC(66) Eden regions: 613->0(613)
[23.708s][info][gc,heap        ] GC(66) Survivor regions: 1->1(77)
[23.708s][info][gc,heap        ] GC(66) Old regions: 7->7
[23.708s][info][gc,heap        ] GC(66) Humongous regions: 12->12
[23.708s][info][gc,metaspace   ] GC(66) Metaspace: 17040K(19328K)->17040K(19328K) NonClass: 15417K(16896K)->15417K(16896K) Class: 1623K(2432K)->1623K(2432K)
[23.708s][info][gc             ] GC(66) Pause Young (Normal) (G1 Evacuation Pause) 629M->16M(1024M) 1.195ms
[23.708s][info][gc,cpu         ] GC(66) User=0.00s Sys=0.00s Real=0.00s
[23.875s][info][gc,start       ] GC(67) Pause Young (Normal) (G1 Evacuation Pause)
[23.875s][info][gc,task        ] GC(67) Using 6 workers of 6 for evacuation
[23.876s][info][gc,phases      ] GC(67)   Pre Evacuate Collection Set: 0.0ms
[23.876s][info][gc,phases      ] GC(67)   Evacuate Collection Set: 0.3ms
[23.876s][info][gc,phases      ] GC(67)   Post Evacuate Collection Set: 0.3ms
[23.876s][info][gc,phases      ] GC(67)   Other: 0.1ms
[23.876s][info][gc,heap        ] GC(67) Eden regions: 613->0(613)
[23.876s][info][gc,heap        ] GC(67) Survivor regions: 1->1(77)
[23.876s][info][gc,heap        ] GC(67) Old regions: 7->7
[23.876s][info][gc,heap        ] GC(67) Humongous regions: 12->12
[23.876s][info][gc,metaspace   ] GC(67) Metaspace: 17040K(19328K)->17040K(19328K) NonClass: 15417K(16896K)->15417K(16896K) Class: 1623K(2432K)->1623K(2432K)
[23.876s][info][gc             ] GC(67) Pause Young (Normal) (G1 Evacuation Pause) 629M->16M(1024M) 0.889ms
[23.876s][info][gc,cpu         ] GC(67) User=0.00s Sys=0.00s Real=0.00s
[24.043s][info][gc,start       ] GC(68) Pause Young (Normal) (G1 Evacuation Pause)
[24.043s][info][gc,task        ] GC(68) Using 6 workers of 6 for evacuation
[24.044s][info][gc,phases      ] GC(68)   Pre Evacuate Collection Set: 0.0ms
[24.044s][info][gc,phases      ] GC(68)   Evacuate Collection Set: 0.3ms
[24.044s][info][gc,phases      ] GC(68)   Post Evacuate Collection Set: 0.3ms
[24.044s][info][gc,phases      ] GC(68)   Other: 0.1ms
[24.044s][info][gc,heap        ] GC(68) Eden regions: 613->0(613)
[24.044s][info][gc,heap        ] GC(68) Survivor regions: 1->1(77)
[24.044s][info][gc,heap        ] GC(68) Old regions: 7->7
[24.044s][info][gc,heap        ] GC(68) Humongous regions: 12->12
[24.044s][info][gc,metaspace   ] GC(68) Metaspace: 17040K(19328K)->17040K(19328K) NonClass: 15417K(16896K)->15417K(16896K) Class: 1623K(2432K)->1623K(2432K)
[24.044s][info][gc             ] GC(68) Pause Young (Normal) (G1 Evacuation Pause) 629M->16M(1024M) 0.837ms
[24.044s][info][gc,cpu         ] GC(68) User=0.00s Sys=0.00s Real=0.00s
[24.210s][info][gc,start       ] GC(69) Pause Young (Normal) (G1 Evacuation Pause)
[24.210s][info][gc,task        ] GC(69) Using 6 workers of 6 for evacuation
[24.211s][info][gc,phases      ] GC(69)   Pre Evacuate Collection Set: 0.0ms
[24.211s][info][gc,phases      ] GC(69)   Evacuate Collection Set: 0.3ms
[24.211s][info][gc,phases      ] GC(69)   Post Evacuate Collection Set: 0.3ms
[24.211s][info][gc,phases      ] GC(69)   Other: 0.2ms
[24.211s][info][gc,heap        ] GC(69) Eden regions: 613->0(613)
[24.211s][info][gc,heap        ] GC(69) Survivor regions: 1->1(77)
[24.211s][info][gc,heap        ] GC(69) Old regions: 7->7
[24.211s][info][gc,heap        ] GC(69) Humongous regions: 12->12
[24.211s][info][gc,metaspace   ] GC(69) Metaspace: 17040K(19328K)->17040K(19328K) NonClass: 15417K(16896K)->15417K(16896K) Class: 1623K(2432K)->1623K(2432K)
[24.211s][info][gc             ] GC(69) Pause Young (Normal) (G1 Evacuation Pause) 629M->16M(1024M) 0.932ms
[24.211s][info][gc,cpu         ] GC(69) User=0.00s Sys=0.00s Real=0.00s
[24.386s][info][gc,start       ] GC(70) Pause Young (Normal) (G1 Evacuation Pause)
[24.386s][info][gc,task        ] GC(70) Using 6 workers of 6 for evacuation
[24.387s][info][gc,phases      ] GC(70)   Pre Evacuate Collection Set: 0.0ms
[24.387s][info][gc,phases      ] GC(70)   Evacuate Collection Set: 0.4ms
[24.387s][info][gc,phases      ] GC(70)   Post Evacuate Collection Set: 0.4ms
[24.387s][info][gc,phases      ] GC(70)   Other: 0.1ms
[24.387s][info][gc,heap        ] GC(70) Eden regions: 613->0(613)
[24.387s][info][gc,heap        ] GC(70) Survivor regions: 1->1(77)
[24.387s][info][gc,heap        ] GC(70) Old regions: 7->7
[24.387s][info][gc,heap        ] GC(70) Humongous regions: 12->12
[24.387s][info][gc,metaspace   ] GC(70) Metaspace: 17040K(19328K)->17040K(19328K) NonClass: 15417K(16896K)->15417K(16896K) Class: 1623K(2432K)->1623K(2432K)
[24.387s][info][gc             ] GC(70) Pause Young (Normal) (G1 Evacuation Pause) 629M->16M(1024M) 0.992ms
[24.387s][info][gc,cpu         ] GC(70) User=0.00s Sys=0.00s Real=0.00s
[24.552s][info][gc,start       ] GC(71) Pause Young (Normal) (G1 Evacuation Pause)
[24.552s][info][gc,task        ] GC(71) Using 6 workers of 6 for evacuation
[24.553s][info][gc,phases      ] GC(71)   Pre Evacuate Collection Set: 0.0ms
[24.553s][info][gc,phases      ] GC(71)   Evacuate Collection Set: 0.3ms
[24.553s][info][gc,phases      ] GC(71)   Post Evacuate Collection Set: 0.4ms
[24.553s][info][gc,phases      ] GC(71)   Other: 0.1ms
[24.553s][info][gc,heap        ] GC(71) Eden regions: 613->0(613)
[24.553s][info][gc,heap        ] GC(71) Survivor regions: 1->1(77)
[24.553s][info][gc,heap        ] GC(71) Old regions: 7->7
[24.553s][info][gc,heap        ] GC(71) Humongous regions: 12->12
[24.553s][info][gc,metaspace   ] GC(71) Metaspace: 17040K(19328K)->17040K(19328K) NonClass: 15417K(16896K)->15417K(16896K) Class: 1623K(2432K)->1623K(2432K)
[24.553s][info][gc             ] GC(71) Pause Young (Normal) (G1 Evacuation Pause) 629M->16M(1024M) 0.962ms
[24.553s][info][gc,cpu         ] GC(71) User=0.00s Sys=0.00s Real=0.00s
[24.719s][info][gc,start       ] GC(72) Pause Young (Normal) (G1 Evacuation Pause)
[24.719s][info][gc,task        ] GC(72) Using 6 workers of 6 for evacuation
[24.720s][info][gc,phases      ] GC(72)   Pre Evacuate Collection Set: 0.0ms
[24.720s][info][gc,phases      ] GC(72)   Evacuate Collection Set: 0.4ms
[24.720s][info][gc,phases      ] GC(72)   Post Evacuate Collection Set: 0.4ms
[24.720s][info][gc,phases      ] GC(72)   Other: 0.1ms
[24.720s][info][gc,heap        ] GC(72) Eden regions: 613->0(613)
[24.720s][info][gc,heap        ] GC(72) Survivor regions: 1->1(77)
[24.720s][info][gc,heap        ] GC(72) Old regions: 7->7
[24.720s][info][gc,heap        ] GC(72) Humongous regions: 12->12
[24.720s][info][gc,metaspace   ] GC(72) Metaspace: 17040K(19328K)->17040K(19328K) NonClass: 15417K(16896K)->15417K(16896K) Class: 1623K(2432K)->1623K(2432K)
[24.720s][info][gc             ] GC(72) Pause Young (Normal) (G1 Evacuation Pause) 629M->16M(1024M) 1.025ms
[24.720s][info][gc,cpu         ] GC(72) User=0.00s Sys=0.00s Real=0.00s
[24.884s][info][gc,start       ] GC(73) Pause Young (Normal) (G1 Evacuation Pause)
[24.884s][info][gc,task        ] GC(73) Using 6 workers of 6 for evacuation
[24.884s][info][gc,phases      ] GC(73)   Pre Evacuate Collection Set: 0.0ms
[24.884s][info][gc,phases      ] GC(73)   Evacuate Collection Set: 0.3ms
[24.884s][info][gc,phases      ] GC(73)   Post Evacuate Collection Set: 0.3ms
[24.884s][info][gc,phases      ] GC(73)   Other: 0.1ms
[24.884s][info][gc,heap        ] GC(73) Eden regions: 613->0(613)
[24.884s][info][gc,heap        ] GC(73) Survivor regions: 1->1(77)
[24.884s][info][gc,heap        ] GC(73) Old regions: 7->7
[24.884s][info][gc,heap        ] GC(73) Humongous regions: 12->12
[24.884s][info][gc,metaspace   ] GC(73) Metaspace: 17040K(19328K)->17040K(19328K) NonClass: 15417K(16896K)->15417K(16896K) Class: 1623K(2432K)->1623K(2432K)
[24.884s][info][gc             ] GC(73) Pause Young (Normal) (G1 Evacuation Pause) 629M->16M(1024M) 0.886ms
[24.884s][info][gc,cpu         ] GC(73) User=0.00s Sys=0.00s Real=0.00s
[25.054s][info][gc,start       ] GC(74) Pause Young (Normal) (G1 Evacuation Pause)
[25.054s][info][gc,task        ] GC(74) Using 6 workers of 6 for evacuation
[25.055s][info][gc,phases      ] GC(74)   Pre Evacuate Collection Set: 0.1ms
[25.055s][info][gc,phases      ] GC(74)   Evacuate Collection Set: 0.5ms
[25.055s][info][gc,phases      ] GC(74)   Post Evacuate Collection Set: 0.5ms
[25.055s][info][gc,phases      ] GC(74)   Other: 0.2ms
[25.055s][info][gc,heap        ] GC(74) Eden regions: 613->0(613)
[25.055s][info][gc,heap        ] GC(74) Survivor regions: 1->1(77)
[25.055s][info][gc,heap        ] GC(74) Old regions: 7->7
[25.055s][info][gc,heap        ] GC(74) Humongous regions: 12->12
[25.055s][info][gc,metaspace   ] GC(74) Metaspace: 17040K(19328K)->17040K(19328K) NonClass: 15417K(16896K)->15417K(16896K) Class: 1623K(2432K)->1623K(2432K)
[25.055s][info][gc             ] GC(74) Pause Young (Normal) (G1 Evacuation Pause) 629M->16M(1024M) 1.313ms
[25.055s][info][gc,cpu         ] GC(74) User=0.00s Sys=0.00s Real=0.00s
[25.225s][info][gc,start       ] GC(75) Pause Young (Normal) (G1 Evacuation Pause)
[25.225s][info][gc,task        ] GC(75) Using 6 workers of 6 for evacuation
[25.225s][info][gc,phases      ] GC(75)   Pre Evacuate Collection Set: 0.0ms
[25.225s][info][gc,phases      ] GC(75)   Evacuate Collection Set: 0.3ms
[25.225s][info][gc,phases      ] GC(75)   Post Evacuate Collection Set: 0.3ms
[25.225s][info][gc,phases      ] GC(75)   Other: 0.1ms
[25.225s][info][gc,heap        ] GC(75) Eden regions: 613->0(613)
[25.225s][info][gc,heap        ] GC(75) Survivor regions: 1->1(77)
[25.225s][info][gc,heap        ] GC(75) Old regions: 7->7
[25.225s][info][gc,heap        ] GC(75) Humongous regions: 12->12
[25.225s][info][gc,metaspace   ] GC(75) Metaspace: 17040K(19328K)->17040K(19328K) NonClass: 15417K(16896K)->15417K(16896K) Class: 1623K(2432K)->1623K(2432K)
[25.225s][info][gc             ] GC(75) Pause Young (Normal) (G1 Evacuation Pause) 629M->16M(1024M) 0.833ms
[25.225s][info][gc,cpu         ] GC(75) User=0.00s Sys=0.00s Real=0.00s
[25.399s][info][gc,start       ] GC(76) Pause Young (Normal) (G1 Evacuation Pause)
[25.399s][info][gc,task        ] GC(76) Using 6 workers of 6 for evacuation
[25.400s][info][gc,phases      ] GC(76)   Pre Evacuate Collection Set: 0.0ms
[25.400s][info][gc,phases      ] GC(76)   Evacuate Collection Set: 0.3ms
[25.400s][info][gc,phases      ] GC(76)   Post Evacuate Collection Set: 0.3ms
[25.400s][info][gc,phases      ] GC(76)   Other: 0.1ms
[25.400s][info][gc,heap        ] GC(76) Eden regions: 613->0(613)
[25.400s][info][gc,heap        ] GC(76) Survivor regions: 1->1(77)
[25.400s][info][gc,heap        ] GC(76) Old regions: 7->7
[25.400s][info][gc,heap        ] GC(76) Humongous regions: 12->12
[25.400s][info][gc,metaspace   ] GC(76) Metaspace: 17040K(19328K)->17040K(19328K) NonClass: 15417K(16896K)->15417K(16896K) Class: 1623K(2432K)->1623K(2432K)
[25.400s][info][gc             ] GC(76) Pause Young (Normal) (G1 Evacuation Pause) 629M->16M(1024M) 0.883ms
[25.400s][info][gc,cpu         ] GC(76) User=0.00s Sys=0.00s Real=0.00s
[25.566s][info][gc,start       ] GC(77) Pause Young (Normal) (G1 Evacuation Pause)
[25.566s][info][gc,task        ] GC(77) Using 6 workers of 6 for evacuation
[25.567s][info][gc,phases      ] GC(77)   Pre Evacuate Collection Set: 0.0ms
[25.567s][info][gc,phases      ] GC(77)   Evacuate Collection Set: 0.4ms
[25.567s][info][gc,phases      ] GC(77)   Post Evacuate Collection Set: 0.4ms
[25.567s][info][gc,phases      ] GC(77)   Other: 0.2ms
[25.567s][info][gc,heap        ] GC(77) Eden regions: 613->0(613)
[25.567s][info][gc,heap        ] GC(77) Survivor regions: 1->1(77)
[25.567s][info][gc,heap        ] GC(77) Old regions: 7->7
[25.567s][info][gc,heap        ] GC(77) Humongous regions: 12->12
[25.567s][info][gc,metaspace   ] GC(77) Metaspace: 17040K(19328K)->17040K(19328K) NonClass: 15417K(16896K)->15417K(16896K) Class: 1623K(2432K)->1623K(2432K)
[25.567s][info][gc             ] GC(77) Pause Young (Normal) (G1 Evacuation Pause) 629M->16M(1024M) 1.100ms
[25.567s][info][gc,cpu         ] GC(77) User=0.00s Sys=0.00s Real=0.00s
[25.735s][info][gc,start       ] GC(78) Pause Young (Normal) (G1 Evacuation Pause)
[25.735s][info][gc,task        ] GC(78) Using 6 workers of 6 for evacuation
[25.736s][info][gc,phases      ] GC(78)   Pre Evacuate Collection Set: 0.0ms
[25.736s][info][gc,phases      ] GC(78)   Evacuate Collection Set: 0.4ms
[25.736s][info][gc,phases      ] GC(78)   Post Evacuate Collection Set: 0.4ms
[25.736s][info][gc,phases      ] GC(78)   Other: 0.2ms
[25.736s][info][gc,heap        ] GC(78) Eden regions: 613->0(613)
[25.736s][info][gc,heap        ] GC(78) Survivor regions: 1->1(77)
[25.736s][info][gc,heap        ] GC(78) Old regions: 7->7
[25.736s][info][gc,heap        ] GC(78) Humongous regions: 12->12
[25.736s][info][gc,metaspace   ] GC(78) Metaspace: 17040K(19328K)->17040K(19328K) NonClass: 15417K(16896K)->15417K(16896K) Class: 1623K(2432K)->1623K(2432K)
[25.736s][info][gc             ] GC(78) Pause Young (Normal) (G1 Evacuation Pause) 629M->16M(1024M) 1.093ms
[25.736s][info][gc,cpu         ] GC(78) User=0.00s Sys=0.00s Real=0.00s
[25.903s][info][gc,start       ] GC(79) Pause Young (Normal) (G1 Evacuation Pause)
[25.903s][info][gc,task        ] GC(79) Using 6 workers of 6 for evacuation
[25.904s][info][gc,phases      ] GC(79)   Pre Evacuate Collection Set: 0.0ms
[25.904s][info][gc,phases      ] GC(79)   Evacuate Collection Set: 0.3ms
[25.904s][info][gc,phases      ] GC(79)   Post Evacuate Collection Set: 0.4ms
[25.904s][info][gc,phases      ] GC(79)   Other: 0.1ms
[25.904s][info][gc,heap        ] GC(79) Eden regions: 613->0(613)
[25.904s][info][gc,heap        ] GC(79) Survivor regions: 1->1(77)
[25.904s][info][gc,heap        ] GC(79) Old regions: 7->7
[25.904s][info][gc,heap        ] GC(79) Humongous regions: 12->12
[25.904s][info][gc,metaspace   ] GC(79) Metaspace: 17040K(19328K)->17040K(19328K) NonClass: 15417K(16896K)->15417K(16896K) Class: 1623K(2432K)->1623K(2432K)
[25.904s][info][gc             ] GC(79) Pause Young (Normal) (G1 Evacuation Pause) 629M->16M(1024M) 0.898ms
[25.904s][info][gc,cpu         ] GC(79) User=0.00s Sys=0.00s Real=0.00s
[26.377s][info][gc,task        ] GC(80) Using 6 workers of 6 for full compaction
[26.377s][info][gc,start       ] GC(80) Pause Full (System.gc())
[26.377s][info][gc,phases,start] GC(80) Phase 1: Mark live objects
[26.382s][info][gc,stringtable ] GC(80) Cleaned string and symbol table, strings: 6470 processed, 0 removed, symbols: 50562 processed, 29 removed
[26.382s][info][gc,phases      ] GC(80) Phase 1: Mark live objects 4.706ms
[26.382s][info][gc,phases,start] GC(80) Phase 2: Prepare for compaction
[26.383s][info][gc,phases      ] GC(80) Phase 2: Prepare for compaction 1.341ms
[26.383s][info][gc,phases,start] GC(80) Phase 3: Adjust pointers
[26.387s][info][gc,phases      ] GC(80) Phase 3: Adjust pointers 3.621ms
[26.387s][info][gc,phases,start] GC(80) Phase 4: Compact heap
[26.388s][info][gc,phases      ] GC(80) Phase 4: Compact heap 1.359ms
[26.391s][info][gc,heap        ] GC(80) Eden regions: 590->0(614)
[26.391s][info][gc,heap        ] GC(80) Survivor regions: 1->0(77)
[26.391s][info][gc,heap        ] GC(80) Old regions: 7->6
[26.391s][info][gc,heap        ] GC(80) Humongous regions: 18->6
[26.391s][info][gc,metaspace   ] GC(80) Metaspace: 17045K(19328K)->17045K(19328K) NonClass: 15421K(16896K)->15421K(16896K) Class: 1623K(2432K)->1623K(2432K)
[26.391s][info][gc             ] GC(80) Pause Full (System.gc()) 612M->10M(1024M) 14.148ms
[26.391s][info][gc,cpu         ] GC(80) User=0.02s Sys=0.02s Real=0.02s
[26.572s][info][gc,start       ] GC(81) Pause Young (Normal) (G1 Evacuation Pause)
[26.572s][info][gc,task        ] GC(81) Using 6 workers of 6 for evacuation
[26.573s][info][gc,phases      ] GC(81)   Pre Evacuate Collection Set: 0.0ms
[26.573s][info][gc,phases      ] GC(81)   Evacuate Collection Set: 0.3ms
[26.573s][info][gc,phases      ] GC(81)   Post Evacuate Collection Set: 0.3ms
[26.573s][info][gc,phases      ] GC(81)   Other: 0.1ms
[26.573s][info][gc,heap        ] GC(81) Eden regions: 614->0(613)
[26.573s][info][gc,heap        ] GC(81) Survivor regions: 0->1(77)
[26.573s][info][gc,heap        ] GC(81) Old regions: 6->6
[26.573s][info][gc,heap        ] GC(81) Humongous regions: 12->12
[26.573s][info][gc,metaspace   ] GC(81) Metaspace: 17045K(19328K)->17045K(19328K) NonClass: 15421K(16896K)->15421K(16896K) Class: 1623K(2432K)->1623K(2432K)
[26.573s][info][gc             ] GC(81) Pause Young (Normal) (G1 Evacuation Pause) 630M->16M(1024M) 0.837ms
[26.573s][info][gc,cpu         ] GC(81) User=0.00s Sys=0.00s Real=0.00s
[26.747s][info][gc,start       ] GC(82) Pause Young (Normal) (G1 Evacuation Pause)
[26.747s][info][gc,task        ] GC(82) Using 6 workers of 6 for evacuation
[26.747s][info][gc,phases      ] GC(82)   Pre Evacuate Collection Set: 0.0ms
[26.748s][info][gc,phases      ] GC(82)   Evacuate Collection Set: 0.3ms
[26.748s][info][gc,phases      ] GC(82)   Post Evacuate Collection Set: 0.3ms
[26.748s][info][gc,phases      ] GC(82)   Other: 0.1ms
[26.748s][info][gc,heap        ] GC(82) Eden regions: 613->0(613)
[26.748s][info][gc,heap        ] GC(82) Survivor regions: 1->1(77)
[26.748s][info][gc,heap        ] GC(82) Old regions: 6->6
[26.748s][info][gc,heap        ] GC(82) Humongous regions: 12->12
[26.748s][info][gc,metaspace   ] GC(82) Metaspace: 17045K(19328K)->17045K(19328K) NonClass: 15421K(16896K)->15421K(16896K) Class: 1623K(2432K)->1623K(2432K)
[26.748s][info][gc             ] GC(82) Pause Young (Normal) (G1 Evacuation Pause) 629M->16M(1024M) 0.846ms
[26.748s][info][gc,cpu         ] GC(82) User=0.00s Sys=0.00s Real=0.00s
[26.949s][info][gc,start       ] GC(83) Pause Young (Normal) (G1 Evacuation Pause)
[26.949s][info][gc,task        ] GC(83) Using 6 workers of 6 for evacuation
[26.950s][info][gc,phases      ] GC(83)   Pre Evacuate Collection Set: 0.0ms
[26.950s][info][gc,phases      ] GC(83)   Evacuate Collection Set: 0.5ms
[26.950s][info][gc,phases      ] GC(83)   Post Evacuate Collection Set: 0.4ms
[26.950s][info][gc,phases      ] GC(83)   Other: 0.2ms
[26.950s][info][gc,heap        ] GC(83) Eden regions: 613->0(613)
[26.950s][info][gc,heap        ] GC(83) Survivor regions: 1->1(77)
[26.950s][info][gc,heap        ] GC(83) Old regions: 6->6
[26.950s][info][gc,heap        ] GC(83) Humongous regions: 12->12
[26.950s][info][gc,metaspace   ] GC(83) Metaspace: 17045K(19328K)->17045K(19328K) NonClass: 15421K(16896K)->15421K(16896K) Class: 1623K(2432K)->1623K(2432K)
[26.950s][info][gc             ] GC(83) Pause Young (Normal) (G1 Evacuation Pause) 629M->16M(1024M) 1.190ms
[26.950s][info][gc,cpu         ] GC(83) User=0.00s Sys=0.00s Real=0.00s
[27.150s][info][gc,start       ] GC(84) Pause Young (Normal) (G1 Evacuation Pause)
[27.150s][info][gc,task        ] GC(84) Using 6 workers of 6 for evacuation
[27.151s][info][gc,phases      ] GC(84)   Pre Evacuate Collection Set: 0.0ms
[27.151s][info][gc,phases      ] GC(84)   Evacuate Collection Set: 0.3ms
[27.151s][info][gc,phases      ] GC(84)   Post Evacuate Collection Set: 0.5ms
[27.151s][info][gc,phases      ] GC(84)   Other: 0.2ms
[27.151s][info][gc,heap        ] GC(84) Eden regions: 613->0(613)
[27.151s][info][gc,heap        ] GC(84) Survivor regions: 1->1(77)
[27.151s][info][gc,heap        ] GC(84) Old regions: 6->6
[27.151s][info][gc,heap        ] GC(84) Humongous regions: 12->12
[27.151s][info][gc,metaspace   ] GC(84) Metaspace: 17045K(19328K)->17045K(19328K) NonClass: 15421K(16896K)->15421K(16896K) Class: 1623K(2432K)->1623K(2432K)
[27.151s][info][gc             ] GC(84) Pause Young (Normal) (G1 Evacuation Pause) 629M->16M(1024M) 1.063ms
[27.151s][info][gc,cpu         ] GC(84) User=0.00s Sys=0.00s Real=0.00s
[27.328s][info][gc,start       ] GC(85) Pause Young (Normal) (G1 Evacuation Pause)
[27.328s][info][gc,task        ] GC(85) Using 6 workers of 6 for evacuation
[27.329s][info][gc,phases      ] GC(85)   Pre Evacuate Collection Set: 0.0ms
[27.329s][info][gc,phases      ] GC(85)   Evacuate Collection Set: 0.3ms
[27.329s][info][gc,phases      ] GC(85)   Post Evacuate Collection Set: 0.3ms
[27.329s][info][gc,phases      ] GC(85)   Other: 0.1ms
[27.329s][info][gc,heap        ] GC(85) Eden regions: 613->0(613)
[27.329s][info][gc,heap        ] GC(85) Survivor regions: 1->1(77)
[27.329s][info][gc,heap        ] GC(85) Old regions: 6->6
[27.329s][info][gc,heap        ] GC(85) Humongous regions: 12->12
[27.329s][info][gc,metaspace   ] GC(85) Metaspace: 17045K(19328K)->17045K(19328K) NonClass: 15421K(16896K)->15421K(16896K) Class: 1623K(2432K)->1623K(2432K)
[27.329s][info][gc             ] GC(85) Pause Young (Normal) (G1 Evacuation Pause) 629M->16M(1024M) 0.896ms
[27.329s][info][gc,cpu         ] GC(85) User=0.00s Sys=0.00s Real=0.00s
[27.498s][info][gc,start       ] GC(86) Pause Young (Normal) (G1 Evacuation Pause)
[27.498s][info][gc,task        ] GC(86) Using 6 workers of 6 for evacuation
[27.499s][info][gc,phases      ] GC(86)   Pre Evacuate Collection Set: 0.0ms
[27.499s][info][gc,phases      ] GC(86)   Evacuate Collection Set: 0.3ms
[27.499s][info][gc,phases      ] GC(86)   Post Evacuate Collection Set: 0.3ms
[27.499s][info][gc,phases      ] GC(86)   Other: 0.2ms
[27.499s][info][gc,heap        ] GC(86) Eden regions: 613->0(613)
[27.499s][info][gc,heap        ] GC(86) Survivor regions: 1->1(77)
[27.499s][info][gc,heap        ] GC(86) Old regions: 6->6
[27.499s][info][gc,heap        ] GC(86) Humongous regions: 12->12
[27.499s][info][gc,metaspace   ] GC(86) Metaspace: 17045K(19328K)->17045K(19328K) NonClass: 15421K(16896K)->15421K(16896K) Class: 1623K(2432K)->1623K(2432K)
[27.499s][info][gc             ] GC(86) Pause Young (Normal) (G1 Evacuation Pause) 629M->16M(1024M) 0.931ms
[27.499s][info][gc,cpu         ] GC(86) User=0.00s Sys=0.00s Real=0.00s
[27.665s][info][gc,start       ] GC(87) Pause Young (Normal) (G1 Evacuation Pause)
[27.665s][info][gc,task        ] GC(87) Using 6 workers of 6 for evacuation
[27.665s][info][gc,phases      ] GC(87)   Pre Evacuate Collection Set: 0.0ms
[27.665s][info][gc,phases      ] GC(87)   Evacuate Collection Set: 0.3ms
[27.665s][info][gc,phases      ] GC(87)   Post Evacuate Collection Set: 0.4ms
[27.665s][info][gc,phases      ] GC(87)   Other: 0.1ms
[27.665s][info][gc,heap        ] GC(87) Eden regions: 613->0(613)
[27.665s][info][gc,heap        ] GC(87) Survivor regions: 1->1(77)
[27.665s][info][gc,heap        ] GC(87) Old regions: 6->6
[27.666s][info][gc,heap        ] GC(87) Humongous regions: 12->12
[27.666s][info][gc,metaspace   ] GC(87) Metaspace: 17045K(19328K)->17045K(19328K) NonClass: 15421K(16896K)->15421K(16896K) Class: 1623K(2432K)->1623K(2432K)
[27.666s][info][gc             ] GC(87) Pause Young (Normal) (G1 Evacuation Pause) 629M->16M(1024M) 0.935ms
[27.666s][info][gc,cpu         ] GC(87) User=0.00s Sys=0.00s Real=0.00s
[27.864s][info][gc,start       ] GC(88) Pause Young (Normal) (G1 Evacuation Pause)
[27.864s][info][gc,task        ] GC(88) Using 6 workers of 6 for evacuation
[27.865s][info][gc,phases      ] GC(88)   Pre Evacuate Collection Set: 0.0ms
[27.865s][info][gc,phases      ] GC(88)   Evacuate Collection Set: 0.4ms
[27.865s][info][gc,phases      ] GC(88)   Post Evacuate Collection Set: 0.4ms
[27.865s][info][gc,phases      ] GC(88)   Other: 0.2ms
[27.865s][info][gc,heap        ] GC(88) Eden regions: 613->0(613)
[27.865s][info][gc,heap        ] GC(88) Survivor regions: 1->1(77)
[27.865s][info][gc,heap        ] GC(88) Old regions: 6->6
[27.865s][info][gc,heap        ] GC(88) Humongous regions: 12->12
[27.865s][info][gc,metaspace   ] GC(88) Metaspace: 17045K(19328K)->17045K(19328K) NonClass: 15421K(16896K)->15421K(16896K) Class: 1623K(2432K)->1623K(2432K)
[27.865s][info][gc             ] GC(88) Pause Young (Normal) (G1 Evacuation Pause) 629M->16M(1024M) 1.145ms
[27.865s][info][gc,cpu         ] GC(88) User=0.00s Sys=0.00s Real=0.00s
[28.039s][info][gc,start       ] GC(89) Pause Young (Normal) (G1 Evacuation Pause)
[28.039s][info][gc,task        ] GC(89) Using 6 workers of 6 for evacuation
[28.040s][info][gc,phases      ] GC(89)   Pre Evacuate Collection Set: 0.0ms
[28.040s][info][gc,phases      ] GC(89)   Evacuate Collection Set: 0.3ms
[28.040s][info][gc,phases      ] GC(89)   Post Evacuate Collection Set: 0.3ms
[28.040s][info][gc,phases      ] GC(89)   Other: 0.1ms
[28.040s][info][gc,heap        ] GC(89) Eden regions: 613->0(613)
[28.040s][info][gc,heap        ] GC(89) Survivor regions: 1->1(77)
[28.040s][info][gc,heap        ] GC(89) Old regions: 6->6
[28.040s][info][gc,heap        ] GC(89) Humongous regions: 12->12
[28.040s][info][gc,metaspace   ] GC(89) Metaspace: 17045K(19328K)->17045K(19328K) NonClass: 15421K(16896K)->15421K(16896K) Class: 1623K(2432K)->1623K(2432K)
[28.040s][info][gc             ] GC(89) Pause Young (Normal) (G1 Evacuation Pause) 629M->16M(1024M) 0.873ms
[28.040s][info][gc,cpu         ] GC(89) User=0.00s Sys=0.00s Real=0.00s
[28.218s][info][gc,start       ] GC(90) Pause Young (Normal) (G1 Evacuation Pause)
[28.218s][info][gc,task        ] GC(90) Using 6 workers of 6 for evacuation
[28.219s][info][gc,phases      ] GC(90)   Pre Evacuate Collection Set: 0.0ms
[28.219s][info][gc,phases      ] GC(90)   Evacuate Collection Set: 0.4ms
[28.219s][info][gc,phases      ] GC(90)   Post Evacuate Collection Set: 0.4ms
[28.219s][info][gc,phases      ] GC(90)   Other: 0.2ms
[28.219s][info][gc,heap        ] GC(90) Eden regions: 613->0(613)
[28.219s][info][gc,heap        ] GC(90) Survivor regions: 1->1(77)
[28.219s][info][gc,heap        ] GC(90) Old regions: 6->6
[28.219s][info][gc,heap        ] GC(90) Humongous regions: 12->12
[28.219s][info][gc,metaspace   ] GC(90) Metaspace: 17045K(19328K)->17045K(19328K) NonClass: 15421K(16896K)->15421K(16896K) Class: 1623K(2432K)->1623K(2432K)
[28.219s][info][gc             ] GC(90) Pause Young (Normal) (G1 Evacuation Pause) 629M->16M(1024M) 1.058ms
[28.219s][info][gc,cpu         ] GC(90) User=0.00s Sys=0.00s Real=0.00s
[28.404s][info][gc,start       ] GC(91) Pause Young (Normal) (G1 Evacuation Pause)
[28.404s][info][gc,task        ] GC(91) Using 6 workers of 6 for evacuation
[28.405s][info][gc,phases      ] GC(91)   Pre Evacuate Collection Set: 0.0ms
[28.405s][info][gc,phases      ] GC(91)   Evacuate Collection Set: 0.3ms
[28.405s][info][gc,phases      ] GC(91)   Post Evacuate Collection Set: 0.3ms
[28.405s][info][gc,phases      ] GC(91)   Other: 0.1ms
[28.405s][info][gc,heap        ] GC(91) Eden regions: 613->0(613)
[28.405s][info][gc,heap        ] GC(91) Survivor regions: 1->1(77)
[28.405s][info][gc,heap        ] GC(91) Old regions: 6->6
[28.405s][info][gc,heap        ] GC(91) Humongous regions: 12->12
[28.405s][info][gc,metaspace   ] GC(91) Metaspace: 17045K(19328K)->17045K(19328K) NonClass: 15421K(16896K)->15421K(16896K) Class: 1623K(2432K)->1623K(2432K)
[28.405s][info][gc             ] GC(91) Pause Young (Normal) (G1 Evacuation Pause) 629M->16M(1024M) 0.834ms
[28.405s][info][gc,cpu         ] GC(91) User=0.00s Sys=0.00s Real=0.00s
[28.570s][info][gc,start       ] GC(92) Pause Young (Normal) (G1 Evacuation Pause)
[28.570s][info][gc,task        ] GC(92) Using 6 workers of 6 for evacuation
[28.571s][info][gc,phases      ] GC(92)   Pre Evacuate Collection Set: 0.0ms
[28.571s][info][gc,phases      ] GC(92)   Evacuate Collection Set: 0.3ms
[28.571s][info][gc,phases      ] GC(92)   Post Evacuate Collection Set: 0.4ms
[28.571s][info][gc,phases      ] GC(92)   Other: 0.1ms
[28.571s][info][gc,heap        ] GC(92) Eden regions: 613->0(613)
[28.571s][info][gc,heap        ] GC(92) Survivor regions: 1->1(77)
[28.571s][info][gc,heap        ] GC(92) Old regions: 6->6
[28.571s][info][gc,heap        ] GC(92) Humongous regions: 12->12
[28.571s][info][gc,metaspace   ] GC(92) Metaspace: 17045K(19328K)->17045K(19328K) NonClass: 15421K(16896K)->15421K(16896K) Class: 1623K(2432K)->1623K(2432K)
[28.571s][info][gc             ] GC(92) Pause Young (Normal) (G1 Evacuation Pause) 629M->16M(1024M) 0.916ms
[28.571s][info][gc,cpu         ] GC(92) User=0.00s Sys=0.00s Real=0.00s
[28.737s][info][gc,start       ] GC(93) Pause Young (Normal) (G1 Evacuation Pause)
[28.737s][info][gc,task        ] GC(93) Using 6 workers of 6 for evacuation
[28.737s][info][gc,phases      ] GC(93)   Pre Evacuate Collection Set: 0.0ms
[28.737s][info][gc,phases      ] GC(93)   Evacuate Collection Set: 0.3ms
[28.737s][info][gc,phases      ] GC(93)   Post Evacuate Collection Set: 0.3ms
[28.737s][info][gc,phases      ] GC(93)   Other: 0.1ms
[28.737s][info][gc,heap        ] GC(93) Eden regions: 613->0(613)
[28.737s][info][gc,heap        ] GC(93) Survivor regions: 1->1(77)
[28.737s][info][gc,heap        ] GC(93) Old regions: 6->6
[28.737s][info][gc,heap        ] GC(93) Humongous regions: 12->12
[28.737s][info][gc,metaspace   ] GC(93) Metaspace: 17045K(19328K)->17045K(19328K) NonClass: 15421K(16896K)->15421K(16896K) Class: 1623K(2432K)->1623K(2432K)
[28.737s][info][gc             ] GC(93) Pause Young (Normal) (G1 Evacuation Pause) 629M->16M(1024M) 0.925ms
[28.738s][info][gc,cpu         ] GC(93) User=0.00s Sys=0.00s Real=0.00s
[28.902s][info][gc,start       ] GC(94) Pause Young (Normal) (G1 Evacuation Pause)
[28.902s][info][gc,task        ] GC(94) Using 6 workers of 6 for evacuation
[28.902s][info][gc,phases      ] GC(94)   Pre Evacuate Collection Set: 0.0ms
[28.902s][info][gc,phases      ] GC(94)   Evacuate Collection Set: 0.3ms
[28.902s][info][gc,phases      ] GC(94)   Post Evacuate Collection Set: 0.3ms
[28.902s][info][gc,phases      ] GC(94)   Other: 0.1ms
[28.902s][info][gc,heap        ] GC(94) Eden regions: 613->0(613)
[28.902s][info][gc,heap        ] GC(94) Survivor regions: 1->1(77)
[28.902s][info][gc,heap        ] GC(94) Old regions: 6->6
[28.902s][info][gc,heap        ] GC(94) Humongous regions: 12->12
[28.902s][info][gc,metaspace   ] GC(94) Metaspace: 17045K(19328K)->17045K(19328K) NonClass: 15421K(16896K)->15421K(16896K) Class: 1623K(2432K)->1623K(2432K)
[28.902s][info][gc             ] GC(94) Pause Young (Normal) (G1 Evacuation Pause) 629M->16M(1024M) 0.838ms
[28.902s][info][gc,cpu         ] GC(94) User=0.00s Sys=0.00s Real=0.00s
[29.070s][info][gc,start       ] GC(95) Pause Young (Normal) (G1 Evacuation Pause)
[29.070s][info][gc,task        ] GC(95) Using 6 workers of 6 for evacuation
[29.070s][info][gc,phases      ] GC(95)   Pre Evacuate Collection Set: 0.0ms
[29.070s][info][gc,phases      ] GC(95)   Evacuate Collection Set: 0.3ms
[29.070s][info][gc,phases      ] GC(95)   Post Evacuate Collection Set: 0.3ms
[29.070s][info][gc,phases      ] GC(95)   Other: 0.1ms
[29.070s][info][gc,heap        ] GC(95) Eden regions: 613->0(613)
[29.070s][info][gc,heap        ] GC(95) Survivor regions: 1->1(77)
[29.070s][info][gc,heap        ] GC(95) Old regions: 6->6
[29.070s][info][gc,heap        ] GC(95) Humongous regions: 12->12
[29.070s][info][gc,metaspace   ] GC(95) Metaspace: 17045K(19328K)->17045K(19328K) NonClass: 15421K(16896K)->15421K(16896K) Class: 1623K(2432K)->1623K(2432K)
[29.070s][info][gc             ] GC(95) Pause Young (Normal) (G1 Evacuation Pause) 629M->16M(1024M) 0.898ms
[29.070s][info][gc,cpu         ] GC(95) User=0.00s Sys=0.00s Real=0.00s
[29.243s][info][gc,start       ] GC(96) Pause Young (Normal) (G1 Evacuation Pause)
[29.243s][info][gc,task        ] GC(96) Using 6 workers of 6 for evacuation
[29.244s][info][gc,phases      ] GC(96)   Pre Evacuate Collection Set: 0.0ms
[29.244s][info][gc,phases      ] GC(96)   Evacuate Collection Set: 0.3ms
[29.244s][info][gc,phases      ] GC(96)   Post Evacuate Collection Set: 0.3ms
[29.244s][info][gc,phases      ] GC(96)   Other: 0.1ms
[29.244s][info][gc,heap        ] GC(96) Eden regions: 613->0(613)
[29.244s][info][gc,heap        ] GC(96) Survivor regions: 1->1(77)
[29.244s][info][gc,heap        ] GC(96) Old regions: 6->7
[29.244s][info][gc,heap        ] GC(96) Humongous regions: 12->12
[29.244s][info][gc,metaspace   ] GC(96) Metaspace: 17045K(19328K)->17045K(19328K) NonClass: 15421K(16896K)->15421K(16896K) Class: 1623K(2432K)->1623K(2432K)
[29.244s][info][gc             ] GC(96) Pause Young (Normal) (G1 Evacuation Pause) 629M->16M(1024M) 0.901ms
[29.244s][info][gc,cpu         ] GC(96) User=0.00s Sys=0.00s Real=0.00s
[29.420s][info][gc,start       ] GC(97) Pause Young (Normal) (G1 Evacuation Pause)
[29.420s][info][gc,task        ] GC(97) Using 6 workers of 6 for evacuation
[29.421s][info][gc,phases      ] GC(97)   Pre Evacuate Collection Set: 0.0ms
[29.421s][info][gc,phases      ] GC(97)   Evacuate Collection Set: 0.3ms
[29.421s][info][gc,phases      ] GC(97)   Post Evacuate Collection Set: 0.3ms
[29.421s][info][gc,phases      ] GC(97)   Other: 0.1ms
[29.421s][info][gc,heap        ] GC(97) Eden regions: 613->0(613)
[29.421s][info][gc,heap        ] GC(97) Survivor regions: 1->1(77)
[29.421s][info][gc,heap        ] GC(97) Old regions: 7->7
[29.421s][info][gc,heap        ] GC(97) Humongous regions: 12->12
[29.421s][info][gc,metaspace   ] GC(97) Metaspace: 17045K(19328K)->17045K(19328K) NonClass: 15421K(16896K)->15421K(16896K) Class: 1623K(2432K)->1623K(2432K)
[29.421s][info][gc             ] GC(97) Pause Young (Normal) (G1 Evacuation Pause) 629M->16M(1024M) 0.891ms
[29.421s][info][gc,cpu         ] GC(97) User=0.00s Sys=0.00s Real=0.00s
[29.587s][info][gc,start       ] GC(98) Pause Young (Normal) (G1 Evacuation Pause)
[29.587s][info][gc,task        ] GC(98) Using 6 workers of 6 for evacuation
[29.588s][info][gc,phases      ] GC(98)   Pre Evacuate Collection Set: 0.0ms
[29.588s][info][gc,phases      ] GC(98)   Evacuate Collection Set: 0.3ms
[29.588s][info][gc,phases      ] GC(98)   Post Evacuate Collection Set: 0.4ms
[29.588s][info][gc,phases      ] GC(98)   Other: 0.2ms
[29.588s][info][gc,heap        ] GC(98) Eden regions: 613->0(613)
[29.588s][info][gc,heap        ] GC(98) Survivor regions: 1->1(77)
[29.588s][info][gc,heap        ] GC(98) Old regions: 7->7
[29.588s][info][gc,heap        ] GC(98) Humongous regions: 12->12
[29.588s][info][gc,metaspace   ] GC(98) Metaspace: 17045K(19328K)->17045K(19328K) NonClass: 15421K(16896K)->15421K(16896K) Class: 1623K(2432K)->1623K(2432K)
[29.588s][info][gc             ] GC(98) Pause Young (Normal) (G1 Evacuation Pause) 629M->16M(1024M) 0.947ms
[29.588s][info][gc,cpu         ] GC(98) User=0.00s Sys=0.00s Real=0.00s
[29.757s][info][gc,start       ] GC(99) Pause Young (Normal) (G1 Evacuation Pause)
[29.757s][info][gc,task        ] GC(99) Using 6 workers of 6 for evacuation
[29.758s][info][gc,phases      ] GC(99)   Pre Evacuate Collection Set: 0.0ms
[29.758s][info][gc,phases      ] GC(99)   Evacuate Collection Set: 0.3ms
[29.758s][info][gc,phases      ] GC(99)   Post Evacuate Collection Set: 0.3ms
[29.758s][info][gc,phases      ] GC(99)   Other: 0.1ms
[29.758s][info][gc,heap        ] GC(99) Eden regions: 613->0(613)
[29.758s][info][gc,heap        ] GC(99) Survivor regions: 1->1(77)
[29.758s][info][gc,heap        ] GC(99) Old regions: 7->7
[29.758s][info][gc,heap        ] GC(99) Humongous regions: 12->12
[29.758s][info][gc,metaspace   ] GC(99) Metaspace: 17045K(19328K)->17045K(19328K) NonClass: 15421K(16896K)->15421K(16896K) Class: 1623K(2432K)->1623K(2432K)
[29.758s][info][gc             ] GC(99) Pause Young (Normal) (G1 Evacuation Pause) 629M->16M(1024M) 0.894ms
[29.758s][info][gc,cpu         ] GC(99) User=0.00s Sys=0.00s Real=0.00s
[29.929s][info][gc,start       ] GC(100) Pause Young (Normal) (G1 Evacuation Pause)
[29.929s][info][gc,task        ] GC(100) Using 6 workers of 6 for evacuation
[29.930s][info][gc,phases      ] GC(100)   Pre Evacuate Collection Set: 0.0ms
[29.930s][info][gc,phases      ] GC(100)   Evacuate Collection Set: 0.3ms
[29.930s][info][gc,phases      ] GC(100)   Post Evacuate Collection Set: 0.4ms
[29.930s][info][gc,phases      ] GC(100)   Other: 0.1ms
[29.930s][info][gc,heap        ] GC(100) Eden regions: 613->0(613)
[29.930s][info][gc,heap        ] GC(100) Survivor regions: 1->1(77)
[29.930s][info][gc,heap        ] GC(100) Old regions: 7->7
[29.930s][info][gc,heap        ] GC(100) Humongous regions: 12->12
[29.930s][info][gc,metaspace   ] GC(100) Metaspace: 17045K(19328K)->17045K(19328K) NonClass: 15421K(16896K)->15421K(16896K) Class: 1623K(2432K)->1623K(2432K)
[29.930s][info][gc             ] GC(100) Pause Young (Normal) (G1 Evacuation Pause) 629M->16M(1024M) 0.906ms
[29.930s][info][gc,cpu         ] GC(100) User=0.00s Sys=0.00s Real=0.00s
[30.100s][info][gc,start       ] GC(101) Pause Young (Normal) (G1 Evacuation Pause)
[30.100s][info][gc,task        ] GC(101) Using 6 workers of 6 for evacuation
[30.101s][info][gc,phases      ] GC(101)   Pre Evacuate Collection Set: 0.0ms
[30.101s][info][gc,phases      ] GC(101)   Evacuate Collection Set: 0.3ms
[30.101s][info][gc,phases      ] GC(101)   Post Evacuate Collection Set: 0.3ms
[30.101s][info][gc,phases      ] GC(101)   Other: 0.1ms
[30.101s][info][gc,heap        ] GC(101) Eden regions: 613->0(613)
[30.101s][info][gc,heap        ] GC(101) Survivor regions: 1->1(77)
[30.101s][info][gc,heap        ] GC(101) Old regions: 7->7
[30.101s][info][gc,heap        ] GC(101) Humongous regions: 12->12
[30.101s][info][gc,metaspace   ] GC(101) Metaspace: 17045K(19328K)->17045K(19328K) NonClass: 15421K(16896K)->15421K(16896K) Class: 1623K(2432K)->1623K(2432K)
[30.101s][info][gc             ] GC(101) Pause Young (Normal) (G1 Evacuation Pause) 629M->16M(1024M) 0.917ms
[30.101s][info][gc,cpu         ] GC(101) User=0.00s Sys=0.00s Real=0.00s
[30.271s][info][gc,start       ] GC(102) Pause Young (Normal) (G1 Evacuation Pause)
[30.271s][info][gc,task        ] GC(102) Using 6 workers of 6 for evacuation
[30.271s][info][gc,phases      ] GC(102)   Pre Evacuate Collection Set: 0.0ms
[30.271s][info][gc,phases      ] GC(102)   Evacuate Collection Set: 0.3ms
[30.271s][info][gc,phases      ] GC(102)   Post Evacuate Collection Set: 0.4ms
[30.271s][info][gc,phases      ] GC(102)   Other: 0.1ms
[30.271s][info][gc,heap        ] GC(102) Eden regions: 613->0(613)
[30.271s][info][gc,heap        ] GC(102) Survivor regions: 1->1(77)
[30.271s][info][gc,heap        ] GC(102) Old regions: 7->7
[30.271s][info][gc,heap        ] GC(102) Humongous regions: 12->12
[30.271s][info][gc,metaspace   ] GC(102) Metaspace: 17045K(19328K)->17045K(19328K) NonClass: 15421K(16896K)->15421K(16896K) Class: 1623K(2432K)->1623K(2432K)
[30.271s][info][gc             ] GC(102) Pause Young (Normal) (G1 Evacuation Pause) 629M->16M(1024M) 0.939ms
[30.271s][info][gc,cpu         ] GC(102) User=0.00s Sys=0.00s Real=0.00s
[30.447s][info][gc,start       ] GC(103) Pause Young (Normal) (G1 Evacuation Pause)
[30.447s][info][gc,task        ] GC(103) Using 6 workers of 6 for evacuation
[30.448s][info][gc,phases      ] GC(103)   Pre Evacuate Collection Set: 0.0ms
[30.448s][info][gc,phases      ] GC(103)   Evacuate Collection Set: 0.3ms
[30.448s][info][gc,phases      ] GC(103)   Post Evacuate Collection Set: 0.4ms
[30.448s][info][gc,phases      ] GC(103)   Other: 0.2ms
[30.448s][info][gc,heap        ] GC(103) Eden regions: 613->0(613)
[30.448s][info][gc,heap        ] GC(103) Survivor regions: 1->1(77)
[30.448s][info][gc,heap        ] GC(103) Old regions: 7->7
[30.448s][info][gc,heap        ] GC(103) Humongous regions: 12->12
[30.448s][info][gc,metaspace   ] GC(103) Metaspace: 17045K(19328K)->17045K(19328K) NonClass: 15421K(16896K)->15421K(16896K) Class: 1623K(2432K)->1623K(2432K)
[30.448s][info][gc             ] GC(103) Pause Young (Normal) (G1 Evacuation Pause) 629M->16M(1024M) 0.953ms
[30.448s][info][gc,cpu         ] GC(103) User=0.00s Sys=0.00s Real=0.00s
[30.629s][info][gc,start       ] GC(104) Pause Young (Normal) (G1 Evacuation Pause)
[30.629s][info][gc,task        ] GC(104) Using 6 workers of 6 for evacuation
[30.629s][info][gc,phases      ] GC(104)   Pre Evacuate Collection Set: 0.0ms
[30.629s][info][gc,phases      ] GC(104)   Evacuate Collection Set: 0.3ms
[30.629s][info][gc,phases      ] GC(104)   Post Evacuate Collection Set: 0.4ms
[30.630s][info][gc,phases      ] GC(104)   Other: 0.1ms
[30.630s][info][gc,heap        ] GC(104) Eden regions: 613->0(613)
[30.630s][info][gc,heap        ] GC(104) Survivor regions: 1->1(77)
[30.630s][info][gc,heap        ] GC(104) Old regions: 7->7
[30.630s][info][gc,heap        ] GC(104) Humongous regions: 12->12
[30.630s][info][gc,metaspace   ] GC(104) Metaspace: 17045K(19328K)->17045K(19328K) NonClass: 15421K(16896K)->15421K(16896K) Class: 1623K(2432K)->1623K(2432K)
[30.630s][info][gc             ] GC(104) Pause Young (Normal) (G1 Evacuation Pause) 629M->16M(1024M) 0.932ms
[30.630s][info][gc,cpu         ] GC(104) User=0.00s Sys=0.00s Real=0.00s
[30.830s][info][gc,start       ] GC(105) Pause Young (Normal) (G1 Evacuation Pause)
[30.831s][info][gc,task        ] GC(105) Using 6 workers of 6 for evacuation
[30.831s][info][gc,phases      ] GC(105)   Pre Evacuate Collection Set: 0.0ms
[30.831s][info][gc,phases      ] GC(105)   Evacuate Collection Set: 0.4ms
[30.831s][info][gc,phases      ] GC(105)   Post Evacuate Collection Set: 0.4ms
[30.831s][info][gc,phases      ] GC(105)   Other: 0.2ms
[30.832s][info][gc,heap        ] GC(105) Eden regions: 613->0(613)
[30.832s][info][gc,heap        ] GC(105) Survivor regions: 1->1(77)
[30.832s][info][gc,heap        ] GC(105) Old regions: 7->7
[30.832s][info][gc,heap        ] GC(105) Humongous regions: 12->12
[30.832s][info][gc,metaspace   ] GC(105) Metaspace: 17045K(19328K)->17045K(19328K) NonClass: 15421K(16896K)->15421K(16896K) Class: 1623K(2432K)->1623K(2432K)
[30.832s][info][gc             ] GC(105) Pause Young (Normal) (G1 Evacuation Pause) 629M->16M(1024M) 1.051ms
[30.832s][info][gc,cpu         ] GC(105) User=0.00s Sys=0.00s Real=0.00s
[31.033s][info][gc,start       ] GC(106) Pause Young (Normal) (G1 Evacuation Pause)
[31.033s][info][gc,task        ] GC(106) Using 6 workers of 6 for evacuation
[31.034s][info][gc,phases      ] GC(106)   Pre Evacuate Collection Set: 0.0ms
[31.034s][info][gc,phases      ] GC(106)   Evacuate Collection Set: 0.4ms
[31.034s][info][gc,phases      ] GC(106)   Post Evacuate Collection Set: 0.4ms
[31.034s][info][gc,phases      ] GC(106)   Other: 0.2ms
[31.034s][info][gc,heap        ] GC(106) Eden regions: 613->0(613)
[31.034s][info][gc,heap        ] GC(106) Survivor regions: 1->1(77)
[31.034s][info][gc,heap        ] GC(106) Old regions: 7->7
[31.034s][info][gc,heap        ] GC(106) Humongous regions: 12->12
[31.034s][info][gc,metaspace   ] GC(106) Metaspace: 17045K(19328K)->17045K(19328K) NonClass: 15421K(16896K)->15421K(16896K) Class: 1623K(2432K)->1623K(2432K)
[31.034s][info][gc             ] GC(106) Pause Young (Normal) (G1 Evacuation Pause) 629M->16M(1024M) 1.158ms
[31.034s][info][gc,cpu         ] GC(106) User=0.09s Sys=0.00s Real=0.00s
[31.223s][info][gc,start       ] GC(107) Pause Young (Normal) (G1 Evacuation Pause)
[31.223s][info][gc,task        ] GC(107) Using 6 workers of 6 for evacuation
[31.224s][info][gc,phases      ] GC(107)   Pre Evacuate Collection Set: 0.0ms
[31.224s][info][gc,phases      ] GC(107)   Evacuate Collection Set: 0.4ms
[31.224s][info][gc,phases      ] GC(107)   Post Evacuate Collection Set: 0.4ms
[31.224s][info][gc,phases      ] GC(107)   Other: 0.2ms
[31.224s][info][gc,heap        ] GC(107) Eden regions: 613->0(613)
[31.224s][info][gc,heap        ] GC(107) Survivor regions: 1->1(77)
[31.224s][info][gc,heap        ] GC(107) Old regions: 7->7
[31.224s][info][gc,heap        ] GC(107) Humongous regions: 12->12
[31.224s][info][gc,metaspace   ] GC(107) Metaspace: 17045K(19328K)->17045K(19328K) NonClass: 15421K(16896K)->15421K(16896K) Class: 1623K(2432K)->1623K(2432K)
[31.224s][info][gc             ] GC(107) Pause Young (Normal) (G1 Evacuation Pause) 629M->16M(1024M) 1.166ms
[31.224s][info][gc,cpu         ] GC(107) User=0.00s Sys=0.00s Real=0.00s
[31.435s][info][gc,start       ] GC(108) Pause Young (Normal) (G1 Evacuation Pause)
[31.435s][info][gc,task        ] GC(108) Using 6 workers of 6 for evacuation
[31.436s][info][gc,phases      ] GC(108)   Pre Evacuate Collection Set: 0.0ms
[31.436s][info][gc,phases      ] GC(108)   Evacuate Collection Set: 0.3ms
[31.436s][info][gc,phases      ] GC(108)   Post Evacuate Collection Set: 0.4ms
[31.436s][info][gc,phases      ] GC(108)   Other: 0.2ms
[31.437s][info][gc,heap        ] GC(108) Eden regions: 613->0(613)
[31.437s][info][gc,heap        ] GC(108) Survivor regions: 1->1(77)
[31.437s][info][gc,heap        ] GC(108) Old regions: 7->7
[31.437s][info][gc,heap        ] GC(108) Humongous regions: 12->12
[31.437s][info][gc,metaspace   ] GC(108) Metaspace: 17045K(19328K)->17045K(19328K) NonClass: 15421K(16896K)->15421K(16896K) Class: 1623K(2432K)->1623K(2432K)
[31.437s][info][gc             ] GC(108) Pause Young (Normal) (G1 Evacuation Pause) 629M->16M(1024M) 1.130ms
[31.437s][info][gc,cpu         ] GC(108) User=0.00s Sys=0.00s Real=0.00s
[31.609s][info][gc,start       ] GC(109) Pause Young (Normal) (G1 Evacuation Pause)
[31.609s][info][gc,task        ] GC(109) Using 6 workers of 6 for evacuation
[31.610s][info][gc,phases      ] GC(109)   Pre Evacuate Collection Set: 0.0ms
[31.610s][info][gc,phases      ] GC(109)   Evacuate Collection Set: 0.3ms
[31.610s][info][gc,phases      ] GC(109)   Post Evacuate Collection Set: 0.4ms
[31.610s][info][gc,phases      ] GC(109)   Other: 0.2ms
[31.610s][info][gc,heap        ] GC(109) Eden regions: 613->0(613)
[31.610s][info][gc,heap        ] GC(109) Survivor regions: 1->1(77)
[31.610s][info][gc,heap        ] GC(109) Old regions: 7->7
[31.610s][info][gc,heap        ] GC(109) Humongous regions: 12->12
[31.610s][info][gc,metaspace   ] GC(109) Metaspace: 17045K(19328K)->17045K(19328K) NonClass: 15421K(16896K)->15421K(16896K) Class: 1623K(2432K)->1623K(2432K)
[31.610s][info][gc             ] GC(109) Pause Young (Normal) (G1 Evacuation Pause) 629M->16M(1024M) 1.048ms
[31.610s][info][gc,cpu         ] GC(109) User=0.00s Sys=0.00s Real=0.00s
[31.805s][info][gc,start       ] GC(110) Pause Young (Normal) (G1 Evacuation Pause)
[31.805s][info][gc,task        ] GC(110) Using 6 workers of 6 for evacuation
[31.806s][info][gc,phases      ] GC(110)   Pre Evacuate Collection Set: 0.0ms
[31.806s][info][gc,phases      ] GC(110)   Evacuate Collection Set: 0.3ms
[31.806s][info][gc,phases      ] GC(110)   Post Evacuate Collection Set: 0.4ms
[31.806s][info][gc,phases      ] GC(110)   Other: 0.2ms
[31.806s][info][gc,heap        ] GC(110) Eden regions: 613->0(613)
[31.806s][info][gc,heap        ] GC(110) Survivor regions: 1->1(77)
[31.806s][info][gc,heap        ] GC(110) Old regions: 7->7
[31.806s][info][gc,heap        ] GC(110) Humongous regions: 12->12
[31.806s][info][gc,metaspace   ] GC(110) Metaspace: 17045K(19328K)->17045K(19328K) NonClass: 15421K(16896K)->15421K(16896K) Class: 1623K(2432K)->1623K(2432K)
[31.806s][info][gc             ] GC(110) Pause Young (Normal) (G1 Evacuation Pause) 629M->16M(1024M) 1.088ms
[31.806s][info][gc,cpu         ] GC(110) User=0.00s Sys=0.00s Real=0.00s
[32.001s][info][gc,start       ] GC(111) Pause Young (Normal) (G1 Evacuation Pause)
[32.001s][info][gc,task        ] GC(111) Using 6 workers of 6 for evacuation
[32.002s][info][gc,phases      ] GC(111)   Pre Evacuate Collection Set: 0.0ms
[32.002s][info][gc,phases      ] GC(111)   Evacuate Collection Set: 0.3ms
[32.002s][info][gc,phases      ] GC(111)   Post Evacuate Collection Set: 0.5ms
[32.002s][info][gc,phases      ] GC(111)   Other: 0.2ms
[32.002s][info][gc,heap        ] GC(111) Eden regions: 613->0(613)
[32.002s][info][gc,heap        ] GC(111) Survivor regions: 1->1(77)
[32.002s][info][gc,heap        ] GC(111) Old regions: 7->7
[32.002s][info][gc,heap        ] GC(111) Humongous regions: 12->12
[32.002s][info][gc,metaspace   ] GC(111) Metaspace: 17045K(19328K)->17045K(19328K) NonClass: 15421K(16896K)->15421K(16896K) Class: 1623K(2432K)->1623K(2432K)
[32.002s][info][gc             ] GC(111) Pause Young (Normal) (G1 Evacuation Pause) 629M->16M(1024M) 1.084ms
[32.002s][info][gc,cpu         ] GC(111) User=0.00s Sys=0.00s Real=0.00s
[32.170s][info][gc,start       ] GC(112) Pause Young (Normal) (G1 Evacuation Pause)
[32.171s][info][gc,task        ] GC(112) Using 6 workers of 6 for evacuation
[32.171s][info][gc,phases      ] GC(112)   Pre Evacuate Collection Set: 0.0ms
[32.171s][info][gc,phases      ] GC(112)   Evacuate Collection Set: 0.3ms
[32.171s][info][gc,phases      ] GC(112)   Post Evacuate Collection Set: 0.3ms
[32.171s][info][gc,phases      ] GC(112)   Other: 0.2ms
[32.171s][info][gc,heap        ] GC(112) Eden regions: 613->0(613)
[32.171s][info][gc,heap        ] GC(112) Survivor regions: 1->1(77)
[32.171s][info][gc,heap        ] GC(112) Old regions: 7->7
[32.171s][info][gc,heap        ] GC(112) Humongous regions: 12->12
[32.171s][info][gc,metaspace   ] GC(112) Metaspace: 17045K(19328K)->17045K(19328K) NonClass: 15421K(16896K)->15421K(16896K) Class: 1623K(2432K)->1623K(2432K)
[32.171s][info][gc             ] GC(112) Pause Young (Normal) (G1 Evacuation Pause) 629M->16M(1024M) 0.876ms
[32.171s][info][gc,cpu         ] GC(112) User=0.00s Sys=0.00s Real=0.00s
[32.344s][info][gc,start       ] GC(113) Pause Young (Normal) (G1 Evacuation Pause)
[32.344s][info][gc,task        ] GC(113) Using 6 workers of 6 for evacuation
[32.345s][info][gc,phases      ] GC(113)   Pre Evacuate Collection Set: 0.0ms
[32.345s][info][gc,phases      ] GC(113)   Evacuate Collection Set: 0.3ms
[32.345s][info][gc,phases      ] GC(113)   Post Evacuate Collection Set: 0.3ms
[32.345s][info][gc,phases      ] GC(113)   Other: 0.1ms
[32.345s][info][gc,heap        ] GC(113) Eden regions: 613->0(613)
[32.345s][info][gc,heap        ] GC(113) Survivor regions: 1->1(77)
[32.345s][info][gc,heap        ] GC(113) Old regions: 7->7
[32.345s][info][gc,heap        ] GC(113) Humongous regions: 12->12
[32.345s][info][gc,metaspace   ] GC(113) Metaspace: 17045K(19328K)->17045K(19328K) NonClass: 15421K(16896K)->15421K(16896K) Class: 1623K(2432K)->1623K(2432K)
[32.345s][info][gc             ] GC(113) Pause Young (Normal) (G1 Evacuation Pause) 629M->16M(1024M) 0.872ms
[32.345s][info][gc,cpu         ] GC(113) User=0.00s Sys=0.00s Real=0.00s
[32.513s][info][gc,start       ] GC(114) Pause Young (Normal) (G1 Evacuation Pause)
[32.513s][info][gc,task        ] GC(114) Using 6 workers of 6 for evacuation
[32.514s][info][gc,phases      ] GC(114)   Pre Evacuate Collection Set: 0.0ms
[32.514s][info][gc,phases      ] GC(114)   Evacuate Collection Set: 0.3ms
[32.514s][info][gc,phases      ] GC(114)   Post Evacuate Collection Set: 0.3ms
[32.514s][info][gc,phases      ] GC(114)   Other: 0.1ms
[32.514s][info][gc,heap        ] GC(114) Eden regions: 613->0(613)
[32.514s][info][gc,heap        ] GC(114) Survivor regions: 1->1(77)
[32.514s][info][gc,heap        ] GC(114) Old regions: 7->7
[32.514s][info][gc,heap        ] GC(114) Humongous regions: 12->12
[32.514s][info][gc,metaspace   ] GC(114) Metaspace: 17045K(19328K)->17045K(19328K) NonClass: 15421K(16896K)->15421K(16896K) Class: 1623K(2432K)->1623K(2432K)
[32.514s][info][gc             ] GC(114) Pause Young (Normal) (G1 Evacuation Pause) 629M->16M(1024M) 0.863ms
[32.514s][info][gc,cpu         ] GC(114) User=0.00s Sys=0.00s Real=0.00s
[32.681s][info][gc,start       ] GC(115) Pause Young (Normal) (G1 Evacuation Pause)
[32.681s][info][gc,task        ] GC(115) Using 6 workers of 6 for evacuation
[32.682s][info][gc,phases      ] GC(115)   Pre Evacuate Collection Set: 0.0ms
[32.682s][info][gc,phases      ] GC(115)   Evacuate Collection Set: 0.5ms
[32.682s][info][gc,phases      ] GC(115)   Post Evacuate Collection Set: 0.4ms
[32.682s][info][gc,phases      ] GC(115)   Other: 0.1ms
[32.682s][info][gc,heap        ] GC(115) Eden regions: 613->0(613)
[32.682s][info][gc,heap        ] GC(115) Survivor regions: 1->1(77)
[32.682s][info][gc,heap        ] GC(115) Old regions: 7->7
[32.682s][info][gc,heap        ] GC(115) Humongous regions: 12->12
[32.682s][info][gc,metaspace   ] GC(115) Metaspace: 17045K(19328K)->17045K(19328K) NonClass: 15421K(16896K)->15421K(16896K) Class: 1623K(2432K)->1623K(2432K)
[32.682s][info][gc             ] GC(115) Pause Young (Normal) (G1 Evacuation Pause) 629M->16M(1024M) 1.087ms
[32.682s][info][gc,cpu         ] GC(115) User=0.00s Sys=0.00s Real=0.00s
[32.852s][info][gc,start       ] GC(116) Pause Young (Normal) (G1 Evacuation Pause)
[32.852s][info][gc,task        ] GC(116) Using 6 workers of 6 for evacuation
[32.853s][info][gc,phases      ] GC(116)   Pre Evacuate Collection Set: 0.0ms
[32.853s][info][gc,phases      ] GC(116)   Evacuate Collection Set: 0.3ms
[32.853s][info][gc,phases      ] GC(116)   Post Evacuate Collection Set: 0.3ms
[32.853s][info][gc,phases      ] GC(116)   Other: 0.1ms
[32.853s][info][gc,heap        ] GC(116) Eden regions: 613->0(613)
[32.853s][info][gc,heap        ] GC(116) Survivor regions: 1->1(77)
[32.853s][info][gc,heap        ] GC(116) Old regions: 7->7
[32.853s][info][gc,heap        ] GC(116) Humongous regions: 12->12
[32.853s][info][gc,metaspace   ] GC(116) Metaspace: 17045K(19328K)->17045K(19328K) NonClass: 15421K(16896K)->15421K(16896K) Class: 1623K(2432K)->1623K(2432K)
[32.853s][info][gc             ] GC(116) Pause Young (Normal) (G1 Evacuation Pause) 629M->16M(1024M) 0.914ms
[32.853s][info][gc,cpu         ] GC(116) User=0.00s Sys=0.00s Real=0.00s
[33.022s][info][gc,start       ] GC(117) Pause Young (Normal) (G1 Evacuation Pause)
[33.022s][info][gc,task        ] GC(117) Using 6 workers of 6 for evacuation
[33.023s][info][gc,phases      ] GC(117)   Pre Evacuate Collection Set: 0.0ms
[33.023s][info][gc,phases      ] GC(117)   Evacuate Collection Set: 0.3ms
[33.023s][info][gc,phases      ] GC(117)   Post Evacuate Collection Set: 0.3ms
[33.023s][info][gc,phases      ] GC(117)   Other: 0.1ms
[33.023s][info][gc,heap        ] GC(117) Eden regions: 613->0(613)
[33.023s][info][gc,heap        ] GC(117) Survivor regions: 1->1(77)
[33.023s][info][gc,heap        ] GC(117) Old regions: 7->7
[33.023s][info][gc,heap        ] GC(117) Humongous regions: 12->12
[33.023s][info][gc,metaspace   ] GC(117) Metaspace: 17045K(19328K)->17045K(19328K) NonClass: 15421K(16896K)->15421K(16896K) Class: 1623K(2432K)->1623K(2432K)
[33.023s][info][gc             ] GC(117) Pause Young (Normal) (G1 Evacuation Pause) 629M->16M(1024M) 0.875ms
[33.023s][info][gc,cpu         ] GC(117) User=0.00s Sys=0.00s Real=0.00s
[33.219s][info][gc,start       ] GC(118) Pause Young (Normal) (G1 Evacuation Pause)
[33.219s][info][gc,task        ] GC(118) Using 6 workers of 6 for evacuation
[33.220s][info][gc,phases      ] GC(118)   Pre Evacuate Collection Set: 0.0ms
[33.220s][info][gc,phases      ] GC(118)   Evacuate Collection Set: 0.3ms
[33.220s][info][gc,phases      ] GC(118)   Post Evacuate Collection Set: 0.4ms
[33.220s][info][gc,phases      ] GC(118)   Other: 0.1ms
[33.220s][info][gc,heap        ] GC(118) Eden regions: 613->0(613)
[33.220s][info][gc,heap        ] GC(118) Survivor regions: 1->1(77)
[33.220s][info][gc,heap        ] GC(118) Old regions: 7->7
[33.220s][info][gc,heap        ] GC(118) Humongous regions: 12->12
[33.220s][info][gc,metaspace   ] GC(118) Metaspace: 17045K(19328K)->17045K(19328K) NonClass: 15421K(16896K)->15421K(16896K) Class: 1623K(2432K)->1623K(2432K)
[33.220s][info][gc             ] GC(118) Pause Young (Normal) (G1 Evacuation Pause) 629M->16M(1024M) 1.053ms
[33.220s][info][gc,cpu         ] GC(118) User=0.00s Sys=0.00s Real=0.00s
[33.715s][info][gc,task        ] GC(119) Using 6 workers of 6 for full compaction
[33.715s][info][gc,start       ] GC(119) Pause Full (System.gc())
[33.715s][info][gc,phases,start] GC(119) Phase 1: Mark live objects
[33.719s][info][gc,stringtable ] GC(119) Cleaned string and symbol table, strings: 6479 processed, 0 removed, symbols: 50534 processed, 1 removed
[33.719s][info][gc,phases      ] GC(119) Phase 1: Mark live objects 3.410ms
[33.719s][info][gc,phases,start] GC(119) Phase 2: Prepare for compaction
[33.720s][info][gc,phases      ] GC(119) Phase 2: Prepare for compaction 1.425ms
[33.720s][info][gc,phases,start] GC(119) Phase 3: Adjust pointers
[33.725s][info][gc,phases      ] GC(119) Phase 3: Adjust pointers 4.209ms
[33.725s][info][gc,phases,start] GC(119) Phase 4: Compact heap
[33.726s][info][gc,phases      ] GC(119) Phase 4: Compact heap 1.130ms
[33.729s][info][gc,heap        ] GC(119) Eden regions: 590->0(614)
[33.729s][info][gc,heap        ] GC(119) Survivor regions: 1->0(77)
[33.729s][info][gc,heap        ] GC(119) Old regions: 7->6
[33.729s][info][gc,heap        ] GC(119) Humongous regions: 18->6
[33.729s][info][gc,metaspace   ] GC(119) Metaspace: 17045K(19328K)->17045K(19328K) NonClass: 15422K(16896K)->15422K(16896K) Class: 1623K(2432K)->1623K(2432K)
[33.729s][info][gc             ] GC(119) Pause Full (System.gc()) 612M->10M(1024M) 13.334ms
[33.729s][info][gc,cpu         ] GC(119) User=0.02s Sys=0.06s Real=0.02s
[33.903s][info][gc,start       ] GC(120) Pause Young (Normal) (G1 Evacuation Pause)
[33.903s][info][gc,task        ] GC(120) Using 6 workers of 6 for evacuation
[33.904s][info][gc,phases      ] GC(120)   Pre Evacuate Collection Set: 0.0ms
[33.904s][info][gc,phases      ] GC(120)   Evacuate Collection Set: 0.3ms
[33.904s][info][gc,phases      ] GC(120)   Post Evacuate Collection Set: 0.4ms
[33.904s][info][gc,phases      ] GC(120)   Other: 0.1ms
[33.904s][info][gc,heap        ] GC(120) Eden regions: 614->0(613)
[33.904s][info][gc,heap        ] GC(120) Survivor regions: 0->1(77)
[33.904s][info][gc,heap        ] GC(120) Old regions: 6->6
[33.904s][info][gc,heap        ] GC(120) Humongous regions: 12->12
[33.904s][info][gc,metaspace   ] GC(120) Metaspace: 17045K(19328K)->17045K(19328K) NonClass: 15422K(16896K)->15422K(16896K) Class: 1623K(2432K)->1623K(2432K)
[33.904s][info][gc             ] GC(120) Pause Young (Normal) (G1 Evacuation Pause) 630M->16M(1024M) 0.960ms
[33.904s][info][gc,cpu         ] GC(120) User=0.00s Sys=0.00s Real=0.00s
[34.069s][info][gc,start       ] GC(121) Pause Young (Normal) (G1 Evacuation Pause)
[34.069s][info][gc,task        ] GC(121) Using 6 workers of 6 for evacuation
[34.070s][info][gc,phases      ] GC(121)   Pre Evacuate Collection Set: 0.0ms
[34.070s][info][gc,phases      ] GC(121)   Evacuate Collection Set: 0.4ms
[34.070s][info][gc,phases      ] GC(121)   Post Evacuate Collection Set: 0.4ms
[34.070s][info][gc,phases      ] GC(121)   Other: 0.1ms
[34.070s][info][gc,heap        ] GC(121) Eden regions: 613->0(613)
[34.070s][info][gc,heap        ] GC(121) Survivor regions: 1->1(77)
[34.070s][info][gc,heap        ] GC(121) Old regions: 6->6
[34.070s][info][gc,heap        ] GC(121) Humongous regions: 12->12
[34.070s][info][gc,metaspace   ] GC(121) Metaspace: 17045K(19328K)->17045K(19328K) NonClass: 15422K(16896K)->15422K(16896K) Class: 1623K(2432K)->1623K(2432K)
[34.070s][info][gc             ] GC(121) Pause Young (Normal) (G1 Evacuation Pause) 629M->16M(1024M) 1.010ms
[34.070s][info][gc,cpu         ] GC(121) User=0.00s Sys=0.00s Real=0.00s
[34.236s][info][gc,start       ] GC(122) Pause Young (Normal) (G1 Evacuation Pause)
[34.236s][info][gc,task        ] GC(122) Using 6 workers of 6 for evacuation
[34.236s][info][gc,phases      ] GC(122)   Pre Evacuate Collection Set: 0.0ms
[34.236s][info][gc,phases      ] GC(122)   Evacuate Collection Set: 0.3ms
[34.236s][info][gc,phases      ] GC(122)   Post Evacuate Collection Set: 0.3ms
[34.236s][info][gc,phases      ] GC(122)   Other: 0.1ms
[34.236s][info][gc,heap        ] GC(122) Eden regions: 613->0(613)
[34.236s][info][gc,heap        ] GC(122) Survivor regions: 1->1(77)
[34.236s][info][gc,heap        ] GC(122) Old regions: 6->6
[34.236s][info][gc,heap        ] GC(122) Humongous regions: 12->12
[34.236s][info][gc,metaspace   ] GC(122) Metaspace: 17045K(19328K)->17045K(19328K) NonClass: 15422K(16896K)->15422K(16896K) Class: 1623K(2432K)->1623K(2432K)
[34.236s][info][gc             ] GC(122) Pause Young (Normal) (G1 Evacuation Pause) 629M->16M(1024M) 0.859ms
[34.236s][info][gc,cpu         ] GC(122) User=0.00s Sys=0.00s Real=0.00s
[34.411s][info][gc,start       ] GC(123) Pause Young (Normal) (G1 Evacuation Pause)
[34.411s][info][gc,task        ] GC(123) Using 6 workers of 6 for evacuation
[34.412s][info][gc,phases      ] GC(123)   Pre Evacuate Collection Set: 0.0ms
[34.412s][info][gc,phases      ] GC(123)   Evacuate Collection Set: 0.3ms
[34.412s][info][gc,phases      ] GC(123)   Post Evacuate Collection Set: 0.3ms
[34.412s][info][gc,phases      ] GC(123)   Other: 0.1ms
[34.412s][info][gc,heap        ] GC(123) Eden regions: 613->0(613)
[34.412s][info][gc,heap        ] GC(123) Survivor regions: 1->1(77)
[34.412s][info][gc,heap        ] GC(123) Old regions: 6->6
[34.412s][info][gc,heap        ] GC(123) Humongous regions: 12->12
[34.412s][info][gc,metaspace   ] GC(123) Metaspace: 17045K(19328K)->17045K(19328K) NonClass: 15422K(16896K)->15422K(16896K) Class: 1623K(2432K)->1623K(2432K)
[34.412s][info][gc             ] GC(123) Pause Young (Normal) (G1 Evacuation Pause) 629M->16M(1024M) 0.979ms
[34.412s][info][gc,cpu         ] GC(123) User=0.00s Sys=0.00s Real=0.00s
[34.588s][info][gc,start       ] GC(124) Pause Young (Normal) (G1 Evacuation Pause)
[34.588s][info][gc,task        ] GC(124) Using 6 workers of 6 for evacuation
[34.589s][info][gc,phases      ] GC(124)   Pre Evacuate Collection Set: 0.0ms
[34.589s][info][gc,phases      ] GC(124)   Evacuate Collection Set: 0.3ms
[34.589s][info][gc,phases      ] GC(124)   Post Evacuate Collection Set: 0.3ms
[34.589s][info][gc,phases      ] GC(124)   Other: 0.1ms
[34.589s][info][gc,heap        ] GC(124) Eden regions: 613->0(613)
[34.589s][info][gc,heap        ] GC(124) Survivor regions: 1->1(77)
[34.589s][info][gc,heap        ] GC(124) Old regions: 6->6
[34.589s][info][gc,heap        ] GC(124) Humongous regions: 12->12
[34.589s][info][gc,metaspace   ] GC(124) Metaspace: 17045K(19328K)->17045K(19328K) NonClass: 15422K(16896K)->15422K(16896K) Class: 1623K(2432K)->1623K(2432K)
[34.589s][info][gc             ] GC(124) Pause Young (Normal) (G1 Evacuation Pause) 629M->16M(1024M) 0.893ms
[34.589s][info][gc,cpu         ] GC(124) User=0.00s Sys=0.00s Real=0.00s
[34.795s][info][gc,start       ] GC(125) Pause Young (Normal) (G1 Evacuation Pause)
[34.795s][info][gc,task        ] GC(125) Using 6 workers of 6 for evacuation
[34.796s][info][gc,phases      ] GC(125)   Pre Evacuate Collection Set: 0.0ms
[34.796s][info][gc,phases      ] GC(125)   Evacuate Collection Set: 0.3ms
[34.796s][info][gc,phases      ] GC(125)   Post Evacuate Collection Set: 0.4ms
[34.796s][info][gc,phases      ] GC(125)   Other: 0.2ms
[34.796s][info][gc,heap        ] GC(125) Eden regions: 613->0(613)
[34.796s][info][gc,heap        ] GC(125) Survivor regions: 1->1(77)
[34.796s][info][gc,heap        ] GC(125) Old regions: 6->6
[34.796s][info][gc,heap        ] GC(125) Humongous regions: 12->12
[34.796s][info][gc,metaspace   ] GC(125) Metaspace: 17045K(19328K)->17045K(19328K) NonClass: 15422K(16896K)->15422K(16896K) Class: 1623K(2432K)->1623K(2432K)
[34.796s][info][gc             ] GC(125) Pause Young (Normal) (G1 Evacuation Pause) 629M->16M(1024M) 1.012ms
[34.796s][info][gc,cpu         ] GC(125) User=0.00s Sys=0.00s Real=0.00s
[34.969s][info][gc,start       ] GC(126) Pause Young (Normal) (G1 Evacuation Pause)
[34.969s][info][gc,task        ] GC(126) Using 6 workers of 6 for evacuation
[34.970s][info][gc,phases      ] GC(126)   Pre Evacuate Collection Set: 0.0ms
[34.970s][info][gc,phases      ] GC(126)   Evacuate Collection Set: 0.3ms
[34.970s][info][gc,phases      ] GC(126)   Post Evacuate Collection Set: 0.4ms
[34.970s][info][gc,phases      ] GC(126)   Other: 0.1ms
[34.970s][info][gc,heap        ] GC(126) Eden regions: 613->0(613)
[34.970s][info][gc,heap        ] GC(126) Survivor regions: 1->1(77)
[34.970s][info][gc,heap        ] GC(126) Old regions: 6->6
[34.970s][info][gc,heap        ] GC(126) Humongous regions: 12->12
[34.970s][info][gc,metaspace   ] GC(126) Metaspace: 17045K(19328K)->17045K(19328K) NonClass: 15422K(16896K)->15422K(16896K) Class: 1623K(2432K)->1623K(2432K)
[34.970s][info][gc             ] GC(126) Pause Young (Normal) (G1 Evacuation Pause) 629M->16M(1024M) 0.919ms
[34.970s][info][gc,cpu         ] GC(126) User=0.00s Sys=0.00s Real=0.00s
[35.152s][info][gc,start       ] GC(127) Pause Young (Normal) (G1 Evacuation Pause)
[35.152s][info][gc,task        ] GC(127) Using 6 workers of 6 for evacuation
[35.153s][info][gc,phases      ] GC(127)   Pre Evacuate Collection Set: 0.0ms
[35.153s][info][gc,phases      ] GC(127)   Evacuate Collection Set: 0.3ms
[35.153s][info][gc,phases      ] GC(127)   Post Evacuate Collection Set: 0.3ms
[35.153s][info][gc,phases      ] GC(127)   Other: 0.2ms
[35.153s][info][gc,heap        ] GC(127) Eden regions: 613->0(613)
[35.153s][info][gc,heap        ] GC(127) Survivor regions: 1->1(77)
[35.153s][info][gc,heap        ] GC(127) Old regions: 6->6
[35.153s][info][gc,heap        ] GC(127) Humongous regions: 12->12
[35.153s][info][gc,metaspace   ] GC(127) Metaspace: 17045K(19328K)->17045K(19328K) NonClass: 15422K(16896K)->15422K(16896K) Class: 1623K(2432K)->1623K(2432K)
[35.153s][info][gc             ] GC(127) Pause Young (Normal) (G1 Evacuation Pause) 629M->16M(1024M) 0.906ms
[35.153s][info][gc,cpu         ] GC(127) User=0.00s Sys=0.00s Real=0.00s
[35.324s][info][gc,start       ] GC(128) Pause Young (Normal) (G1 Evacuation Pause)
[35.324s][info][gc,task        ] GC(128) Using 6 workers of 6 for evacuation
[35.325s][info][gc,phases      ] GC(128)   Pre Evacuate Collection Set: 0.0ms
[35.325s][info][gc,phases      ] GC(128)   Evacuate Collection Set: 0.3ms
[35.325s][info][gc,phases      ] GC(128)   Post Evacuate Collection Set: 0.4ms
[35.325s][info][gc,phases      ] GC(128)   Other: 0.2ms
[35.325s][info][gc,heap        ] GC(128) Eden regions: 613->0(613)
[35.325s][info][gc,heap        ] GC(128) Survivor regions: 1->1(77)
[35.325s][info][gc,heap        ] GC(128) Old regions: 6->6
[35.325s][info][gc,heap        ] GC(128) Humongous regions: 12->12
[35.325s][info][gc,metaspace   ] GC(128) Metaspace: 17045K(19328K)->17045K(19328K) NonClass: 15422K(16896K)->15422K(16896K) Class: 1623K(2432K)->1623K(2432K)
[35.325s][info][gc             ] GC(128) Pause Young (Normal) (G1 Evacuation Pause) 629M->16M(1024M) 0.985ms
[35.325s][info][gc,cpu         ] GC(128) User=0.00s Sys=0.00s Real=0.00s
[35.505s][info][gc,start       ] GC(129) Pause Young (Normal) (G1 Evacuation Pause)
[35.506s][info][gc,task        ] GC(129) Using 6 workers of 6 for evacuation
[35.506s][info][gc,phases      ] GC(129)   Pre Evacuate Collection Set: 0.0ms
[35.506s][info][gc,phases      ] GC(129)   Evacuate Collection Set: 0.4ms
[35.506s][info][gc,phases      ] GC(129)   Post Evacuate Collection Set: 0.4ms
[35.507s][info][gc,phases      ] GC(129)   Other: 0.2ms
[35.507s][info][gc,heap        ] GC(129) Eden regions: 613->0(613)
[35.507s][info][gc,heap        ] GC(129) Survivor regions: 1->1(77)
[35.507s][info][gc,heap        ] GC(129) Old regions: 6->6
[35.507s][info][gc,heap        ] GC(129) Humongous regions: 12->12
[35.507s][info][gc,metaspace   ] GC(129) Metaspace: 17045K(19328K)->17045K(19328K) NonClass: 15422K(16896K)->15422K(16896K) Class: 1623K(2432K)->1623K(2432K)
[35.507s][info][gc             ] GC(129) Pause Young (Normal) (G1 Evacuation Pause) 629M->16M(1024M) 1.062ms
[35.507s][info][gc,cpu         ] GC(129) User=0.00s Sys=0.00s Real=0.00s
[35.706s][info][gc,start       ] GC(130) Pause Young (Normal) (G1 Evacuation Pause)
[35.706s][info][gc,task        ] GC(130) Using 6 workers of 6 for evacuation
[35.707s][info][gc,phases      ] GC(130)   Pre Evacuate Collection Set: 0.0ms
[35.707s][info][gc,phases      ] GC(130)   Evacuate Collection Set: 0.5ms
[35.707s][info][gc,phases      ] GC(130)   Post Evacuate Collection Set: 0.4ms
[35.707s][info][gc,phases      ] GC(130)   Other: 0.2ms
[35.707s][info][gc,heap        ] GC(130) Eden regions: 613->0(613)
[35.707s][info][gc,heap        ] GC(130) Survivor regions: 1->1(77)
[35.707s][info][gc,heap        ] GC(130) Old regions: 6->6
[35.707s][info][gc,heap        ] GC(130) Humongous regions: 12->12
[35.707s][info][gc,metaspace   ] GC(130) Metaspace: 17045K(19328K)->17045K(19328K) NonClass: 15422K(16896K)->15422K(16896K) Class: 1623K(2432K)->1623K(2432K)
[35.707s][info][gc             ] GC(130) Pause Young (Normal) (G1 Evacuation Pause) 629M->16M(1024M) 1.206ms
[35.707s][info][gc,cpu         ] GC(130) User=0.00s Sys=0.00s Real=0.00s
[35.882s][info][gc,start       ] GC(131) Pause Young (Normal) (G1 Evacuation Pause)
[35.882s][info][gc,task        ] GC(131) Using 6 workers of 6 for evacuation
[35.883s][info][gc,phases      ] GC(131)   Pre Evacuate Collection Set: 0.0ms
[35.883s][info][gc,phases      ] GC(131)   Evacuate Collection Set: 0.3ms
[35.883s][info][gc,phases      ] GC(131)   Post Evacuate Collection Set: 0.3ms
[35.883s][info][gc,phases      ] GC(131)   Other: 0.1ms
[35.883s][info][gc,heap        ] GC(131) Eden regions: 613->0(613)
[35.883s][info][gc,heap        ] GC(131) Survivor regions: 1->1(77)
[35.883s][info][gc,heap        ] GC(131) Old regions: 6->6
[35.883s][info][gc,heap        ] GC(131) Humongous regions: 12->12
[35.883s][info][gc,metaspace   ] GC(131) Metaspace: 17045K(19328K)->17045K(19328K) NonClass: 15422K(16896K)->15422K(16896K) Class: 1623K(2432K)->1623K(2432K)
[35.883s][info][gc             ] GC(131) Pause Young (Normal) (G1 Evacuation Pause) 629M->16M(1024M) 0.874ms
[35.883s][info][gc,cpu         ] GC(131) User=0.00s Sys=0.00s Real=0.00s
[36.054s][info][gc,start       ] GC(132) Pause Young (Normal) (G1 Evacuation Pause)
[36.054s][info][gc,task        ] GC(132) Using 6 workers of 6 for evacuation
[36.054s][info][gc,phases      ] GC(132)   Pre Evacuate Collection Set: 0.0ms
[36.054s][info][gc,phases      ] GC(132)   Evacuate Collection Set: 0.3ms
[36.055s][info][gc,phases      ] GC(132)   Post Evacuate Collection Set: 0.3ms
[36.055s][info][gc,phases      ] GC(132)   Other: 0.1ms
[36.055s][info][gc,heap        ] GC(132) Eden regions: 613->0(613)
[36.055s][info][gc,heap        ] GC(132) Survivor regions: 1->1(77)
[36.055s][info][gc,heap        ] GC(132) Old regions: 6->6
[36.055s][info][gc,heap        ] GC(132) Humongous regions: 12->12
[36.055s][info][gc,metaspace   ] GC(132) Metaspace: 17045K(19328K)->17045K(19328K) NonClass: 15422K(16896K)->15422K(16896K) Class: 1623K(2432K)->1623K(2432K)
[36.055s][info][gc             ] GC(132) Pause Young (Normal) (G1 Evacuation Pause) 629M->16M(1024M) 0.837ms
[36.055s][info][gc,cpu         ] GC(132) User=0.00s Sys=0.00s Real=0.00s
[36.221s][info][gc,start       ] GC(133) Pause Young (Normal) (G1 Evacuation Pause)
[36.221s][info][gc,task        ] GC(133) Using 6 workers of 6 for evacuation
[36.221s][info][gc,phases      ] GC(133)   Pre Evacuate Collection Set: 0.0ms
[36.221s][info][gc,phases      ] GC(133)   Evacuate Collection Set: 0.3ms
[36.221s][info][gc,phases      ] GC(133)   Post Evacuate Collection Set: 0.3ms
[36.221s][info][gc,phases      ] GC(133)   Other: 0.1ms
[36.221s][info][gc,heap        ] GC(133) Eden regions: 613->0(613)
[36.221s][info][gc,heap        ] GC(133) Survivor regions: 1->1(77)
[36.221s][info][gc,heap        ] GC(133) Old regions: 6->6
[36.221s][info][gc,heap        ] GC(133) Humongous regions: 12->12
[36.221s][info][gc,metaspace   ] GC(133) Metaspace: 17045K(19328K)->17045K(19328K) NonClass: 15422K(16896K)->15422K(16896K) Class: 1623K(2432K)->1623K(2432K)
[36.221s][info][gc             ] GC(133) Pause Young (Normal) (G1 Evacuation Pause) 629M->16M(1024M) 0.825ms
[36.221s][info][gc,cpu         ] GC(133) User=0.02s Sys=0.00s Real=0.00s
[36.393s][info][gc,start       ] GC(134) Pause Young (Normal) (G1 Evacuation Pause)
[36.393s][info][gc,task        ] GC(134) Using 6 workers of 6 for evacuation
[36.394s][info][gc,phases      ] GC(134)   Pre Evacuate Collection Set: 0.0ms
[36.394s][info][gc,phases      ] GC(134)   Evacuate Collection Set: 0.3ms
[36.394s][info][gc,phases      ] GC(134)   Post Evacuate Collection Set: 0.3ms
[36.394s][info][gc,phases      ] GC(134)   Other: 0.1ms
[36.394s][info][gc,heap        ] GC(134) Eden regions: 613->0(613)
[36.394s][info][gc,heap        ] GC(134) Survivor regions: 1->1(77)
[36.394s][info][gc,heap        ] GC(134) Old regions: 6->6
[36.394s][info][gc,heap        ] GC(134) Humongous regions: 12->12
[36.394s][info][gc,metaspace   ] GC(134) Metaspace: 17045K(19328K)->17045K(19328K) NonClass: 15422K(16896K)->15422K(16896K) Class: 1623K(2432K)->1623K(2432K)
[36.394s][info][gc             ] GC(134) Pause Young (Normal) (G1 Evacuation Pause) 629M->16M(1024M) 0.875ms
[36.394s][info][gc,cpu         ] GC(134) User=0.00s Sys=0.00s Real=0.00s
[36.561s][info][gc,start       ] GC(135) Pause Young (Normal) (G1 Evacuation Pause)
[36.561s][info][gc,task        ] GC(135) Using 6 workers of 6 for evacuation
[36.562s][info][gc,phases      ] GC(135)   Pre Evacuate Collection Set: 0.0ms
[36.562s][info][gc,phases      ] GC(135)   Evacuate Collection Set: 0.3ms
[36.562s][info][gc,phases      ] GC(135)   Post Evacuate Collection Set: 0.4ms
[36.562s][info][gc,phases      ] GC(135)   Other: 0.1ms
[36.562s][info][gc,heap        ] GC(135) Eden regions: 613->0(613)
[36.562s][info][gc,heap        ] GC(135) Survivor regions: 1->1(77)
[36.562s][info][gc,heap        ] GC(135) Old regions: 6->7
[36.562s][info][gc,heap        ] GC(135) Humongous regions: 12->12
[36.562s][info][gc,metaspace   ] GC(135) Metaspace: 17045K(19328K)->17045K(19328K) NonClass: 15422K(16896K)->15422K(16896K) Class: 1623K(2432K)->1623K(2432K)
[36.562s][info][gc             ] GC(135) Pause Young (Normal) (G1 Evacuation Pause) 629M->16M(1024M) 0.908ms
[36.562s][info][gc,cpu         ] GC(135) User=0.00s Sys=0.00s Real=0.00s
[36.729s][info][gc,start       ] GC(136) Pause Young (Normal) (G1 Evacuation Pause)
[36.729s][info][gc,task        ] GC(136) Using 6 workers of 6 for evacuation
[36.730s][info][gc,phases      ] GC(136)   Pre Evacuate Collection Set: 0.0ms
[36.730s][info][gc,phases      ] GC(136)   Evacuate Collection Set: 0.3ms
[36.730s][info][gc,phases      ] GC(136)   Post Evacuate Collection Set: 0.3ms
[36.730s][info][gc,phases      ] GC(136)   Other: 0.1ms
[36.730s][info][gc,heap        ] GC(136) Eden regions: 613->0(613)
[36.730s][info][gc,heap        ] GC(136) Survivor regions: 1->1(77)
[36.730s][info][gc,heap        ] GC(136) Old regions: 7->7
[36.730s][info][gc,heap        ] GC(136) Humongous regions: 12->12
[36.730s][info][gc,metaspace   ] GC(136) Metaspace: 17045K(19328K)->17045K(19328K) NonClass: 15422K(16896K)->15422K(16896K) Class: 1623K(2432K)->1623K(2432K)
[36.730s][info][gc             ] GC(136) Pause Young (Normal) (G1 Evacuation Pause) 629M->16M(1024M) 0.883ms
[36.730s][info][gc,cpu         ] GC(136) User=0.00s Sys=0.00s Real=0.00s
[36.898s][info][gc,start       ] GC(137) Pause Young (Normal) (G1 Evacuation Pause)
[36.898s][info][gc,task        ] GC(137) Using 6 workers of 6 for evacuation
[36.898s][info][gc,phases      ] GC(137)   Pre Evacuate Collection Set: 0.0ms
[36.898s][info][gc,phases      ] GC(137)   Evacuate Collection Set: 0.3ms
[36.898s][info][gc,phases      ] GC(137)   Post Evacuate Collection Set: 0.3ms
[36.898s][info][gc,phases      ] GC(137)   Other: 0.1ms
[36.898s][info][gc,heap        ] GC(137) Eden regions: 613->0(613)
[36.898s][info][gc,heap        ] GC(137) Survivor regions: 1->1(77)
[36.898s][info][gc,heap        ] GC(137) Old regions: 7->7
[36.898s][info][gc,heap        ] GC(137) Humongous regions: 12->12
[36.898s][info][gc,metaspace   ] GC(137) Metaspace: 17045K(19328K)->17045K(19328K) NonClass: 15422K(16896K)->15422K(16896K) Class: 1623K(2432K)->1623K(2432K)
[36.898s][info][gc             ] GC(137) Pause Young (Normal) (G1 Evacuation Pause) 629M->16M(1024M) 0.855ms
[36.899s][info][gc,cpu         ] GC(137) User=0.00s Sys=0.00s Real=0.00s
[37.065s][info][gc,start       ] GC(138) Pause Young (Normal) (G1 Evacuation Pause)
[37.065s][info][gc,task        ] GC(138) Using 6 workers of 6 for evacuation
[37.066s][info][gc,phases      ] GC(138)   Pre Evacuate Collection Set: 0.0ms
[37.066s][info][gc,phases      ] GC(138)   Evacuate Collection Set: 0.3ms
[37.066s][info][gc,phases      ] GC(138)   Post Evacuate Collection Set: 0.3ms
[37.066s][info][gc,phases      ] GC(138)   Other: 0.1ms
[37.066s][info][gc,heap        ] GC(138) Eden regions: 613->0(613)
[37.066s][info][gc,heap        ] GC(138) Survivor regions: 1->1(77)
[37.066s][info][gc,heap        ] GC(138) Old regions: 7->7
[37.066s][info][gc,heap        ] GC(138) Humongous regions: 12->12
[37.066s][info][gc,metaspace   ] GC(138) Metaspace: 17045K(19328K)->17045K(19328K) NonClass: 15422K(16896K)->15422K(16896K) Class: 1623K(2432K)->1623K(2432K)
[37.066s][info][gc             ] GC(138) Pause Young (Normal) (G1 Evacuation Pause) 629M->16M(1024M) 0.940ms
[37.066s][info][gc,cpu         ] GC(138) User=0.00s Sys=0.00s Real=0.00s
[37.237s][info][gc,start       ] GC(139) Pause Young (Normal) (G1 Evacuation Pause)
[37.237s][info][gc,task        ] GC(139) Using 6 workers of 6 for evacuation
[37.238s][info][gc,phases      ] GC(139)   Pre Evacuate Collection Set: 0.0ms
[37.238s][info][gc,phases      ] GC(139)   Evacuate Collection Set: 0.3ms
[37.238s][info][gc,phases      ] GC(139)   Post Evacuate Collection Set: 0.4ms
[37.238s][info][gc,phases      ] GC(139)   Other: 0.2ms
[37.238s][info][gc,heap        ] GC(139) Eden regions: 613->0(613)
[37.238s][info][gc,heap        ] GC(139) Survivor regions: 1->1(77)
[37.238s][info][gc,heap        ] GC(139) Old regions: 7->7
[37.238s][info][gc,heap        ] GC(139) Humongous regions: 12->12
[37.238s][info][gc,metaspace   ] GC(139) Metaspace: 17045K(19328K)->17045K(19328K) NonClass: 15422K(16896K)->15422K(16896K) Class: 1623K(2432K)->1623K(2432K)
[37.238s][info][gc             ] GC(139) Pause Young (Normal) (G1 Evacuation Pause) 629M->16M(1024M) 0.978ms
[37.238s][info][gc,cpu         ] GC(139) User=0.00s Sys=0.00s Real=0.00s
[37.418s][info][gc,start       ] GC(140) Pause Young (Normal) (G1 Evacuation Pause)
[37.418s][info][gc,task        ] GC(140) Using 6 workers of 6 for evacuation
[37.419s][info][gc,phases      ] GC(140)   Pre Evacuate Collection Set: 0.0ms
[37.419s][info][gc,phases      ] GC(140)   Evacuate Collection Set: 0.3ms
[37.419s][info][gc,phases      ] GC(140)   Post Evacuate Collection Set: 0.3ms
[37.419s][info][gc,phases      ] GC(140)   Other: 0.1ms
[37.419s][info][gc,heap        ] GC(140) Eden regions: 613->0(613)
[37.419s][info][gc,heap        ] GC(140) Survivor regions: 1->1(77)
[37.419s][info][gc,heap        ] GC(140) Old regions: 7->7
[37.419s][info][gc,heap        ] GC(140) Humongous regions: 12->12
[37.419s][info][gc,metaspace   ] GC(140) Metaspace: 17045K(19328K)->17045K(19328K) NonClass: 15422K(16896K)->15422K(16896K) Class: 1623K(2432K)->1623K(2432K)
[37.419s][info][gc             ] GC(140) Pause Young (Normal) (G1 Evacuation Pause) 629M->16M(1024M) 0.838ms
[37.419s][info][gc,cpu         ] GC(140) User=0.00s Sys=0.00s Real=0.00s
[37.588s][info][gc,start       ] GC(141) Pause Young (Normal) (G1 Evacuation Pause)
[37.588s][info][gc,task        ] GC(141) Using 6 workers of 6 for evacuation
[37.589s][info][gc,phases      ] GC(141)   Pre Evacuate Collection Set: 0.0ms
[37.589s][info][gc,phases      ] GC(141)   Evacuate Collection Set: 0.3ms
[37.589s][info][gc,phases      ] GC(141)   Post Evacuate Collection Set: 0.4ms
[37.589s][info][gc,phases      ] GC(141)   Other: 0.2ms
[37.589s][info][gc,heap        ] GC(141) Eden regions: 613->0(613)
[37.589s][info][gc,heap        ] GC(141) Survivor regions: 1->1(77)
[37.589s][info][gc,heap        ] GC(141) Old regions: 7->7
[37.589s][info][gc,heap        ] GC(141) Humongous regions: 12->12
[37.589s][info][gc,metaspace   ] GC(141) Metaspace: 17045K(19328K)->17045K(19328K) NonClass: 15422K(16896K)->15422K(16896K) Class: 1623K(2432K)->1623K(2432K)
[37.589s][info][gc             ] GC(141) Pause Young (Normal) (G1 Evacuation Pause) 629M->16M(1024M) 0.945ms
[37.589s][info][gc,cpu         ] GC(141) User=0.00s Sys=0.00s Real=0.00s
[37.756s][info][gc,start       ] GC(142) Pause Young (Normal) (G1 Evacuation Pause)
[37.756s][info][gc,task        ] GC(142) Using 6 workers of 6 for evacuation
[37.757s][info][gc,phases      ] GC(142)   Pre Evacuate Collection Set: 0.0ms
[37.757s][info][gc,phases      ] GC(142)   Evacuate Collection Set: 0.3ms
[37.757s][info][gc,phases      ] GC(142)   Post Evacuate Collection Set: 0.3ms
[37.757s][info][gc,phases      ] GC(142)   Other: 0.1ms
[37.757s][info][gc,heap        ] GC(142) Eden regions: 613->0(613)
[37.757s][info][gc,heap        ] GC(142) Survivor regions: 1->1(77)
[37.757s][info][gc,heap        ] GC(142) Old regions: 7->7
[37.757s][info][gc,heap        ] GC(142) Humongous regions: 12->12
[37.757s][info][gc,metaspace   ] GC(142) Metaspace: 17045K(19328K)->17045K(19328K) NonClass: 15422K(16896K)->15422K(16896K) Class: 1623K(2432K)->1623K(2432K)
[37.757s][info][gc             ] GC(142) Pause Young (Normal) (G1 Evacuation Pause) 629M->16M(1024M) 0.916ms
[37.757s][info][gc,cpu         ] GC(142) User=0.00s Sys=0.00s Real=0.00s
[37.924s][info][gc,start       ] GC(143) Pause Young (Normal) (G1 Evacuation Pause)
[37.924s][info][gc,task        ] GC(143) Using 6 workers of 6 for evacuation
[37.924s][info][gc,phases      ] GC(143)   Pre Evacuate Collection Set: 0.0ms
[37.924s][info][gc,phases      ] GC(143)   Evacuate Collection Set: 0.3ms
[37.924s][info][gc,phases      ] GC(143)   Post Evacuate Collection Set: 0.4ms
[37.924s][info][gc,phases      ] GC(143)   Other: 0.1ms
[37.924s][info][gc,heap        ] GC(143) Eden regions: 613->0(613)
[37.924s][info][gc,heap        ] GC(143) Survivor regions: 1->1(77)
[37.924s][info][gc,heap        ] GC(143) Old regions: 7->7
[37.924s][info][gc,heap        ] GC(143) Humongous regions: 12->12
[37.924s][info][gc,metaspace   ] GC(143) Metaspace: 17045K(19328K)->17045K(19328K) NonClass: 15422K(16896K)->15422K(16896K) Class: 1623K(2432K)->1623K(2432K)
[37.925s][info][gc             ] GC(143) Pause Young (Normal) (G1 Evacuation Pause) 629M->16M(1024M) 0.933ms
[37.925s][info][gc,cpu         ] GC(143) User=0.09s Sys=0.00s Real=0.00s
[38.095s][info][gc,start       ] GC(144) Pause Young (Normal) (G1 Evacuation Pause)
[38.095s][info][gc,task        ] GC(144) Using 6 workers of 6 for evacuation
[38.095s][info][gc,phases      ] GC(144)   Pre Evacuate Collection Set: 0.0ms
[38.095s][info][gc,phases      ] GC(144)   Evacuate Collection Set: 0.3ms
[38.095s][info][gc,phases      ] GC(144)   Post Evacuate Collection Set: 0.3ms
[38.095s][info][gc,phases      ] GC(144)   Other: 0.1ms
[38.095s][info][gc,heap        ] GC(144) Eden regions: 613->0(613)
[38.096s][info][gc,heap        ] GC(144) Survivor regions: 1->1(77)
[38.096s][info][gc,heap        ] GC(144) Old regions: 7->7
[38.096s][info][gc,heap        ] GC(144) Humongous regions: 12->12
[38.096s][info][gc,metaspace   ] GC(144) Metaspace: 17045K(19328K)->17045K(19328K) NonClass: 15422K(16896K)->15422K(16896K) Class: 1623K(2432K)->1623K(2432K)
[38.096s][info][gc             ] GC(144) Pause Young (Normal) (G1 Evacuation Pause) 629M->16M(1024M) 0.895ms
[38.096s][info][gc,cpu         ] GC(144) User=0.00s Sys=0.00s Real=0.00s
[38.284s][info][gc,start       ] GC(145) Pause Young (Normal) (G1 Evacuation Pause)
[38.284s][info][gc,task        ] GC(145) Using 6 workers of 6 for evacuation
[38.285s][info][gc,phases      ] GC(145)   Pre Evacuate Collection Set: 0.0ms
[38.285s][info][gc,phases      ] GC(145)   Evacuate Collection Set: 0.4ms
[38.286s][info][gc,phases      ] GC(145)   Post Evacuate Collection Set: 0.9ms
[38.286s][info][gc,phases      ] GC(145)   Other: 0.2ms
[38.286s][info][gc,heap        ] GC(145) Eden regions: 613->0(613)
[38.286s][info][gc,heap        ] GC(145) Survivor regions: 1->1(77)
[38.286s][info][gc,heap        ] GC(145) Old regions: 7->7
[38.286s][info][gc,heap        ] GC(145) Humongous regions: 12->12
[38.286s][info][gc,metaspace   ] GC(145) Metaspace: 17045K(19328K)->17045K(19328K) NonClass: 15422K(16896K)->15422K(16896K) Class: 1623K(2432K)->1623K(2432K)
[38.286s][info][gc             ] GC(145) Pause Young (Normal) (G1 Evacuation Pause) 629M->16M(1024M) 1.562ms
[38.286s][info][gc,cpu         ] GC(145) User=0.00s Sys=0.00s Real=0.00s
[38.481s][info][gc,start       ] GC(146) Pause Young (Normal) (G1 Evacuation Pause)
[38.481s][info][gc,task        ] GC(146) Using 6 workers of 6 for evacuation
[38.482s][info][gc,phases      ] GC(146)   Pre Evacuate Collection Set: 0.0ms
[38.483s][info][gc,phases      ] GC(146)   Evacuate Collection Set: 0.4ms
[38.483s][info][gc,phases      ] GC(146)   Post Evacuate Collection Set: 0.5ms
[38.483s][info][gc,phases      ] GC(146)   Other: 0.2ms
[38.483s][info][gc,heap        ] GC(146) Eden regions: 613->0(613)
[38.483s][info][gc,heap        ] GC(146) Survivor regions: 1->1(77)
[38.483s][info][gc,heap        ] GC(146) Old regions: 7->7
[38.483s][info][gc,heap        ] GC(146) Humongous regions: 12->12
[38.483s][info][gc,metaspace   ] GC(146) Metaspace: 17045K(19328K)->17045K(19328K) NonClass: 15422K(16896K)->15422K(16896K) Class: 1623K(2432K)->1623K(2432K)
[38.483s][info][gc             ] GC(146) Pause Young (Normal) (G1 Evacuation Pause) 629M->16M(1024M) 1.264ms
[38.483s][info][gc,cpu         ] GC(146) User=0.00s Sys=0.00s Real=0.00s
[38.652s][info][gc,start       ] GC(147) Pause Young (Normal) (G1 Evacuation Pause)
[38.652s][info][gc,task        ] GC(147) Using 6 workers of 6 for evacuation
[38.653s][info][gc,phases      ] GC(147)   Pre Evacuate Collection Set: 0.0ms
[38.653s][info][gc,phases      ] GC(147)   Evacuate Collection Set: 0.3ms
[38.653s][info][gc,phases      ] GC(147)   Post Evacuate Collection Set: 0.4ms
[38.653s][info][gc,phases      ] GC(147)   Other: 0.1ms
[38.653s][info][gc,heap        ] GC(147) Eden regions: 613->0(613)
[38.653s][info][gc,heap        ] GC(147) Survivor regions: 1->1(77)
[38.653s][info][gc,heap        ] GC(147) Old regions: 7->7
[38.653s][info][gc,heap        ] GC(147) Humongous regions: 12->12
[38.653s][info][gc,metaspace   ] GC(147) Metaspace: 17045K(19328K)->17045K(19328K) NonClass: 15422K(16896K)->15422K(16896K) Class: 1623K(2432K)->1623K(2432K)
[38.653s][info][gc             ] GC(147) Pause Young (Normal) (G1 Evacuation Pause) 629M->16M(1024M) 0.901ms
[38.653s][info][gc,cpu         ] GC(147) User=0.00s Sys=0.00s Real=0.00s
[38.831s][info][gc,start       ] GC(148) Pause Young (Normal) (G1 Evacuation Pause)
[38.831s][info][gc,task        ] GC(148) Using 6 workers of 6 for evacuation
[38.831s][info][gc,phases      ] GC(148)   Pre Evacuate Collection Set: 0.0ms
[38.831s][info][gc,phases      ] GC(148)   Evacuate Collection Set: 0.3ms
[38.831s][info][gc,phases      ] GC(148)   Post Evacuate Collection Set: 0.3ms
[38.831s][info][gc,phases      ] GC(148)   Other: 0.1ms
[38.831s][info][gc,heap        ] GC(148) Eden regions: 613->0(613)
[38.831s][info][gc,heap        ] GC(148) Survivor regions: 1->1(77)
[38.831s][info][gc,heap        ] GC(148) Old regions: 7->7
[38.831s][info][gc,heap        ] GC(148) Humongous regions: 12->12
[38.831s][info][gc,metaspace   ] GC(148) Metaspace: 17045K(19328K)->17045K(19328K) NonClass: 15422K(16896K)->15422K(16896K) Class: 1623K(2432K)->1623K(2432K)
[38.831s][info][gc             ] GC(148) Pause Young (Normal) (G1 Evacuation Pause) 629M->16M(1024M) 0.839ms
[38.831s][info][gc,cpu         ] GC(148) User=0.00s Sys=0.00s Real=0.00s
[39.013s][info][gc,start       ] GC(149) Pause Young (Normal) (G1 Evacuation Pause)
[39.013s][info][gc,task        ] GC(149) Using 6 workers of 6 for evacuation
[39.014s][info][gc,phases      ] GC(149)   Pre Evacuate Collection Set: 0.0ms
[39.014s][info][gc,phases      ] GC(149)   Evacuate Collection Set: 0.3ms
[39.014s][info][gc,phases      ] GC(149)   Post Evacuate Collection Set: 0.3ms
[39.014s][info][gc,phases      ] GC(149)   Other: 0.1ms
[39.014s][info][gc,heap        ] GC(149) Eden regions: 613->0(613)
[39.014s][info][gc,heap        ] GC(149) Survivor regions: 1->1(77)
[39.014s][info][gc,heap        ] GC(149) Old regions: 7->7
[39.014s][info][gc,heap        ] GC(149) Humongous regions: 12->12
[39.014s][info][gc,metaspace   ] GC(149) Metaspace: 17045K(19328K)->17045K(19328K) NonClass: 15422K(16896K)->15422K(16896K) Class: 1623K(2432K)->1623K(2432K)
[39.014s][info][gc             ] GC(149) Pause Young (Normal) (G1 Evacuation Pause) 629M->16M(1024M) 0.853ms
[39.014s][info][gc,cpu         ] GC(149) User=0.00s Sys=0.00s Real=0.00s
[39.180s][info][gc,start       ] GC(150) Pause Young (Normal) (G1 Evacuation Pause)
[39.180s][info][gc,task        ] GC(150) Using 6 workers of 6 for evacuation
[39.181s][info][gc,phases      ] GC(150)   Pre Evacuate Collection Set: 0.0ms
[39.181s][info][gc,phases      ] GC(150)   Evacuate Collection Set: 0.3ms
[39.181s][info][gc,phases      ] GC(150)   Post Evacuate Collection Set: 0.3ms
[39.181s][info][gc,phases      ] GC(150)   Other: 0.1ms
[39.181s][info][gc,heap        ] GC(150) Eden regions: 613->0(613)
[39.181s][info][gc,heap        ] GC(150) Survivor regions: 1->1(77)
[39.181s][info][gc,heap        ] GC(150) Old regions: 7->7
[39.181s][info][gc,heap        ] GC(150) Humongous regions: 12->12
[39.181s][info][gc,metaspace   ] GC(150) Metaspace: 17045K(19328K)->17045K(19328K) NonClass: 15422K(16896K)->15422K(16896K) Class: 1623K(2432K)->1623K(2432K)
[39.181s][info][gc             ] GC(150) Pause Young (Normal) (G1 Evacuation Pause) 629M->16M(1024M) 0.876ms
[39.181s][info][gc,cpu         ] GC(150) User=0.00s Sys=0.00s Real=0.00s
[39.353s][info][gc,start       ] GC(151) Pause Young (Normal) (G1 Evacuation Pause)
[39.353s][info][gc,task        ] GC(151) Using 6 workers of 6 for evacuation
[39.354s][info][gc,phases      ] GC(151)   Pre Evacuate Collection Set: 0.0ms
[39.354s][info][gc,phases      ] GC(151)   Evacuate Collection Set: 0.3ms
[39.354s][info][gc,phases      ] GC(151)   Post Evacuate Collection Set: 0.4ms
[39.354s][info][gc,phases      ] GC(151)   Other: 0.1ms
[39.354s][info][gc,heap        ] GC(151) Eden regions: 613->0(613)
[39.354s][info][gc,heap        ] GC(151) Survivor regions: 1->1(77)
[39.354s][info][gc,heap        ] GC(151) Old regions: 7->7
[39.354s][info][gc,heap        ] GC(151) Humongous regions: 12->12
[39.354s][info][gc,metaspace   ] GC(151) Metaspace: 17045K(19328K)->17045K(19328K) NonClass: 15422K(16896K)->15422K(16896K) Class: 1623K(2432K)->1623K(2432K)
[39.354s][info][gc             ] GC(151) Pause Young (Normal) (G1 Evacuation Pause) 629M->16M(1024M) 0.887ms
[39.354s][info][gc,cpu         ] GC(151) User=0.00s Sys=0.00s Real=0.00s
[39.522s][info][gc,start       ] GC(152) Pause Young (Normal) (G1 Evacuation Pause)
[39.522s][info][gc,task        ] GC(152) Using 6 workers of 6 for evacuation
[39.522s][info][gc,phases      ] GC(152)   Pre Evacuate Collection Set: 0.0ms
[39.522s][info][gc,phases      ] GC(152)   Evacuate Collection Set: 0.3ms
[39.523s][info][gc,phases      ] GC(152)   Post Evacuate Collection Set: 0.4ms
[39.523s][info][gc,phases      ] GC(152)   Other: 0.2ms
[39.523s][info][gc,heap        ] GC(152) Eden regions: 613->0(613)
[39.523s][info][gc,heap        ] GC(152) Survivor regions: 1->1(77)
[39.523s][info][gc,heap        ] GC(152) Old regions: 7->7
[39.523s][info][gc,heap        ] GC(152) Humongous regions: 12->12
[39.523s][info][gc,metaspace   ] GC(152) Metaspace: 17045K(19328K)->17045K(19328K) NonClass: 15422K(16896K)->15422K(16896K) Class: 1623K(2432K)->1623K(2432K)
[39.523s][info][gc             ] GC(152) Pause Young (Normal) (G1 Evacuation Pause) 629M->16M(1024M) 0.952ms
[39.523s][info][gc,cpu         ] GC(152) User=0.00s Sys=0.00s Real=0.00s
[39.691s][info][gc,start       ] GC(153) Pause Young (Normal) (G1 Evacuation Pause)
[39.691s][info][gc,task        ] GC(153) Using 6 workers of 6 for evacuation
[39.692s][info][gc,phases      ] GC(153)   Pre Evacuate Collection Set: 0.0ms
[39.692s][info][gc,phases      ] GC(153)   Evacuate Collection Set: 0.3ms
[39.692s][info][gc,phases      ] GC(153)   Post Evacuate Collection Set: 0.4ms
[39.692s][info][gc,phases      ] GC(153)   Other: 0.2ms
[39.692s][info][gc,heap        ] GC(153) Eden regions: 613->0(613)
[39.692s][info][gc,heap        ] GC(153) Survivor regions: 1->1(77)
[39.692s][info][gc,heap        ] GC(153) Old regions: 7->7
[39.692s][info][gc,heap        ] GC(153) Humongous regions: 12->12
[39.692s][info][gc,metaspace   ] GC(153) Metaspace: 17045K(19328K)->17045K(19328K) NonClass: 15422K(16896K)->15422K(16896K) Class: 1623K(2432K)->1623K(2432K)
[39.692s][info][gc             ] GC(153) Pause Young (Normal) (G1 Evacuation Pause) 629M->16M(1024M) 0.956ms
[39.692s][info][gc,cpu         ] GC(153) User=0.00s Sys=0.00s Real=0.00s
[39.861s][info][gc,start       ] GC(154) Pause Young (Normal) (G1 Evacuation Pause)
[39.861s][info][gc,task        ] GC(154) Using 6 workers of 6 for evacuation
[39.861s][info][gc,phases      ] GC(154)   Pre Evacuate Collection Set: 0.0ms
[39.861s][info][gc,phases      ] GC(154)   Evacuate Collection Set: 0.3ms
[39.861s][info][gc,phases      ] GC(154)   Post Evacuate Collection Set: 0.3ms
[39.861s][info][gc,phases      ] GC(154)   Other: 0.1ms
[39.861s][info][gc,heap        ] GC(154) Eden regions: 613->0(613)
[39.861s][info][gc,heap        ] GC(154) Survivor regions: 1->1(77)
[39.861s][info][gc,heap        ] GC(154) Old regions: 7->7
[39.861s][info][gc,heap        ] GC(154) Humongous regions: 12->12
[39.861s][info][gc,metaspace   ] GC(154) Metaspace: 17045K(19328K)->17045K(19328K) NonClass: 15422K(16896K)->15422K(16896K) Class: 1623K(2432K)->1623K(2432K)
[39.862s][info][gc             ] GC(154) Pause Young (Normal) (G1 Evacuation Pause) 629M->16M(1024M) 0.902ms
[39.862s][info][gc,cpu         ] GC(154) User=0.08s Sys=0.02s Real=0.00s
[40.026s][info][gc,start       ] GC(155) Pause Young (Normal) (G1 Evacuation Pause)
[40.027s][info][gc,task        ] GC(155) Using 6 workers of 6 for evacuation
[40.027s][info][gc,phases      ] GC(155)   Pre Evacuate Collection Set: 0.0ms
[40.027s][info][gc,phases      ] GC(155)   Evacuate Collection Set: 0.3ms
[40.027s][info][gc,phases      ] GC(155)   Post Evacuate Collection Set: 0.3ms
[40.027s][info][gc,phases      ] GC(155)   Other: 0.1ms
[40.027s][info][gc,heap        ] GC(155) Eden regions: 613->0(613)
[40.027s][info][gc,heap        ] GC(155) Survivor regions: 1->1(77)
[40.027s][info][gc,heap        ] GC(155) Old regions: 7->7
[40.027s][info][gc,heap        ] GC(155) Humongous regions: 12->12
[40.027s][info][gc,metaspace   ] GC(155) Metaspace: 17045K(19328K)->17045K(19328K) NonClass: 15422K(16896K)->15422K(16896K) Class: 1623K(2432K)->1623K(2432K)
[40.027s][info][gc             ] GC(155) Pause Young (Normal) (G1 Evacuation Pause) 629M->16M(1024M) 0.816ms
[40.027s][info][gc,cpu         ] GC(155) User=0.00s Sys=0.00s Real=0.00s
[40.204s][info][gc,start       ] GC(156) Pause Young (Normal) (G1 Evacuation Pause)
[40.204s][info][gc,task        ] GC(156) Using 6 workers of 6 for evacuation
[40.205s][info][gc,phases      ] GC(156)   Pre Evacuate Collection Set: 0.0ms
[40.205s][info][gc,phases      ] GC(156)   Evacuate Collection Set: 0.3ms
[40.205s][info][gc,phases      ] GC(156)   Post Evacuate Collection Set: 0.3ms
[40.205s][info][gc,phases      ] GC(156)   Other: 0.1ms
[40.205s][info][gc,heap        ] GC(156) Eden regions: 613->0(613)
[40.205s][info][gc,heap        ] GC(156) Survivor regions: 1->1(77)
[40.205s][info][gc,heap        ] GC(156) Old regions: 7->7
[40.205s][info][gc,heap        ] GC(156) Humongous regions: 12->12
[40.205s][info][gc,metaspace   ] GC(156) Metaspace: 17045K(19328K)->17045K(19328K) NonClass: 15422K(16896K)->15422K(16896K) Class: 1623K(2432K)->1623K(2432K)
[40.205s][info][gc             ] GC(156) Pause Young (Normal) (G1 Evacuation Pause) 629M->16M(1024M) 0.928ms
[40.205s][info][gc,cpu         ] GC(156) User=0.00s Sys=0.00s Real=0.00s
[40.379s][info][gc,start       ] GC(157) Pause Young (Normal) (G1 Evacuation Pause)
[40.379s][info][gc,task        ] GC(157) Using 6 workers of 6 for evacuation
[40.380s][info][gc,phases      ] GC(157)   Pre Evacuate Collection Set: 0.0ms
[40.380s][info][gc,phases      ] GC(157)   Evacuate Collection Set: 0.3ms
[40.380s][info][gc,phases      ] GC(157)   Post Evacuate Collection Set: 0.3ms
[40.380s][info][gc,phases      ] GC(157)   Other: 0.1ms
[40.380s][info][gc,heap        ] GC(157) Eden regions: 613->0(613)
[40.380s][info][gc,heap        ] GC(157) Survivor regions: 1->1(77)
[40.380s][info][gc,heap        ] GC(157) Old regions: 7->7
[40.380s][info][gc,heap        ] GC(157) Humongous regions: 12->12
[40.380s][info][gc,metaspace   ] GC(157) Metaspace: 17045K(19328K)->17045K(19328K) NonClass: 15422K(16896K)->15422K(16896K) Class: 1623K(2432K)->1623K(2432K)
[40.380s][info][gc             ] GC(157) Pause Young (Normal) (G1 Evacuation Pause) 629M->16M(1024M) 0.882ms
[40.380s][info][gc,cpu         ] GC(157) User=0.00s Sys=0.00s Real=0.00s
[40.794s][info][gc,task        ] GC(158) Using 6 workers of 6 for full compaction
[40.794s][info][gc,start       ] GC(158) Pause Full (System.gc())
[40.794s][info][gc,phases,start] GC(158) Phase 1: Mark live objects
[40.798s][info][gc,stringtable ] GC(158) Cleaned string and symbol table, strings: 6491 processed, 0 removed, symbols: 50534 processed, 1 removed
[40.798s][info][gc,phases      ] GC(158) Phase 1: Mark live objects 4.135ms
[40.798s][info][gc,phases,start] GC(158) Phase 2: Prepare for compaction
[40.800s][info][gc,phases      ] GC(158) Phase 2: Prepare for compaction 1.238ms
[40.800s][info][gc,phases,start] GC(158) Phase 3: Adjust pointers
[40.804s][info][gc,phases      ] GC(158) Phase 3: Adjust pointers 4.117ms
[40.804s][info][gc,phases,start] GC(158) Phase 4: Compact heap
[40.805s][info][gc,phases      ] GC(158) Phase 4: Compact heap 1.186ms
[40.808s][info][gc,heap        ] GC(158) Eden regions: 591->0(614)
[40.808s][info][gc,heap        ] GC(158) Survivor regions: 1->0(77)
[40.808s][info][gc,heap        ] GC(158) Old regions: 7->6
[40.808s][info][gc,heap        ] GC(158) Humongous regions: 18->6
[40.808s][info][gc,metaspace   ] GC(158) Metaspace: 17045K(19328K)->17045K(19328K) NonClass: 15422K(16896K)->15422K(16896K) Class: 1623K(2432K)->1623K(2432K)
[40.808s][info][gc             ] GC(158) Pause Full (System.gc()) 613M->10M(1024M) 14.020ms
[40.808s][info][gc,cpu         ] GC(158) User=0.08s Sys=0.00s Real=0.02s
[40.980s][info][gc,start       ] GC(159) Pause Young (Normal) (G1 Evacuation Pause)
[40.980s][info][gc,task        ] GC(159) Using 6 workers of 6 for evacuation
[40.981s][info][gc,phases      ] GC(159)   Pre Evacuate Collection Set: 0.0ms
[40.981s][info][gc,phases      ] GC(159)   Evacuate Collection Set: 0.3ms
[40.981s][info][gc,phases      ] GC(159)   Post Evacuate Collection Set: 0.3ms
[40.981s][info][gc,phases      ] GC(159)   Other: 0.2ms
[40.981s][info][gc,heap        ] GC(159) Eden regions: 614->0(613)
[40.981s][info][gc,heap        ] GC(159) Survivor regions: 0->1(77)
[40.981s][info][gc,heap        ] GC(159) Old regions: 6->6
[40.981s][info][gc,heap        ] GC(159) Humongous regions: 12->12
[40.981s][info][gc,metaspace   ] GC(159) Metaspace: 17045K(19328K)->17045K(19328K) NonClass: 15422K(16896K)->15422K(16896K) Class: 1623K(2432K)->1623K(2432K)
[40.981s][info][gc             ] GC(159) Pause Young (Normal) (G1 Evacuation Pause) 630M->16M(1024M) 0.950ms
[40.981s][info][gc,cpu         ] GC(159) User=0.00s Sys=0.00s Real=0.00s
[41.145s][info][gc,start       ] GC(160) Pause Young (Normal) (G1 Evacuation Pause)
[41.145s][info][gc,task        ] GC(160) Using 6 workers of 6 for evacuation
[41.146s][info][gc,phases      ] GC(160)   Pre Evacuate Collection Set: 0.0ms
[41.146s][info][gc,phases      ] GC(160)   Evacuate Collection Set: 0.3ms
[41.146s][info][gc,phases      ] GC(160)   Post Evacuate Collection Set: 0.3ms
[41.146s][info][gc,phases      ] GC(160)   Other: 0.1ms
[41.146s][info][gc,heap        ] GC(160) Eden regions: 613->0(613)
[41.146s][info][gc,heap        ] GC(160) Survivor regions: 1->1(77)
[41.146s][info][gc,heap        ] GC(160) Old regions: 6->6
[41.146s][info][gc,heap        ] GC(160) Humongous regions: 12->12
[41.146s][info][gc,metaspace   ] GC(160) Metaspace: 17045K(19328K)->17045K(19328K) NonClass: 15422K(16896K)->15422K(16896K) Class: 1623K(2432K)->1623K(2432K)
[41.146s][info][gc             ] GC(160) Pause Young (Normal) (G1 Evacuation Pause) 629M->16M(1024M) 0.904ms
[41.146s][info][gc,cpu         ] GC(160) User=0.00s Sys=0.00s Real=0.00s
[41.318s][info][gc,start       ] GC(161) Pause Young (Normal) (G1 Evacuation Pause)
[41.318s][info][gc,task        ] GC(161) Using 6 workers of 6 for evacuation
[41.319s][info][gc,phases      ] GC(161)   Pre Evacuate Collection Set: 0.0ms
[41.319s][info][gc,phases      ] GC(161)   Evacuate Collection Set: 0.3ms
[41.319s][info][gc,phases      ] GC(161)   Post Evacuate Collection Set: 0.3ms
[41.319s][info][gc,phases      ] GC(161)   Other: 0.1ms
[41.319s][info][gc,heap        ] GC(161) Eden regions: 613->0(613)
[41.319s][info][gc,heap        ] GC(161) Survivor regions: 1->1(77)
[41.319s][info][gc,heap        ] GC(161) Old regions: 6->6
[41.319s][info][gc,heap        ] GC(161) Humongous regions: 12->12
[41.319s][info][gc,metaspace   ] GC(161) Metaspace: 17045K(19328K)->17045K(19328K) NonClass: 15422K(16896K)->15422K(16896K) Class: 1623K(2432K)->1623K(2432K)
[41.319s][info][gc             ] GC(161) Pause Young (Normal) (G1 Evacuation Pause) 629M->16M(1024M) 0.908ms
[41.319s][info][gc,cpu         ] GC(161) User=0.00s Sys=0.00s Real=0.00s
[41.493s][info][gc,start       ] GC(162) Pause Young (Normal) (G1 Evacuation Pause)
[41.493s][info][gc,task        ] GC(162) Using 6 workers of 6 for evacuation
[41.494s][info][gc,phases      ] GC(162)   Pre Evacuate Collection Set: 0.0ms
[41.494s][info][gc,phases      ] GC(162)   Evacuate Collection Set: 0.3ms
[41.494s][info][gc,phases      ] GC(162)   Post Evacuate Collection Set: 0.3ms
[41.494s][info][gc,phases      ] GC(162)   Other: 0.1ms
[41.494s][info][gc,heap        ] GC(162) Eden regions: 613->0(613)
[41.494s][info][gc,heap        ] GC(162) Survivor regions: 1->1(77)
[41.494s][info][gc,heap        ] GC(162) Old regions: 6->6
[41.494s][info][gc,heap        ] GC(162) Humongous regions: 12->12
[41.494s][info][gc,metaspace   ] GC(162) Metaspace: 17045K(19328K)->17045K(19328K) NonClass: 15422K(16896K)->15422K(16896K) Class: 1623K(2432K)->1623K(2432K)
[41.494s][info][gc             ] GC(162) Pause Young (Normal) (G1 Evacuation Pause) 629M->16M(1024M) 0.865ms
[41.494s][info][gc,cpu         ] GC(162) User=0.00s Sys=0.00s Real=0.00s
[41.660s][info][gc,start       ] GC(163) Pause Young (Normal) (G1 Evacuation Pause)
[41.660s][info][gc,task        ] GC(163) Using 6 workers of 6 for evacuation
[41.661s][info][gc,phases      ] GC(163)   Pre Evacuate Collection Set: 0.0ms
[41.661s][info][gc,phases      ] GC(163)   Evacuate Collection Set: 0.3ms
[41.661s][info][gc,phases      ] GC(163)   Post Evacuate Collection Set: 0.3ms
[41.661s][info][gc,phases      ] GC(163)   Other: 0.1ms
[41.661s][info][gc,heap        ] GC(163) Eden regions: 613->0(613)
[41.661s][info][gc,heap        ] GC(163) Survivor regions: 1->1(77)
[41.661s][info][gc,heap        ] GC(163) Old regions: 6->6
[41.661s][info][gc,heap        ] GC(163) Humongous regions: 12->12
[41.661s][info][gc,metaspace   ] GC(163) Metaspace: 17045K(19328K)->17045K(19328K) NonClass: 15422K(16896K)->15422K(16896K) Class: 1623K(2432K)->1623K(2432K)
[41.661s][info][gc             ] GC(163) Pause Young (Normal) (G1 Evacuation Pause) 629M->16M(1024M) 0.893ms
[41.661s][info][gc,cpu         ] GC(163) User=0.00s Sys=0.00s Real=0.00s
[41.829s][info][gc,start       ] GC(164) Pause Young (Normal) (G1 Evacuation Pause)
[41.829s][info][gc,task        ] GC(164) Using 6 workers of 6 for evacuation
[41.829s][info][gc,phases      ] GC(164)   Pre Evacuate Collection Set: 0.0ms
[41.829s][info][gc,phases      ] GC(164)   Evacuate Collection Set: 0.3ms
[41.829s][info][gc,phases      ] GC(164)   Post Evacuate Collection Set: 0.4ms
[41.829s][info][gc,phases      ] GC(164)   Other: 0.1ms
[41.829s][info][gc,heap        ] GC(164) Eden regions: 613->0(613)
[41.829s][info][gc,heap        ] GC(164) Survivor regions: 1->1(77)
[41.829s][info][gc,heap        ] GC(164) Old regions: 6->6
[41.829s][info][gc,heap        ] GC(164) Humongous regions: 12->12
[41.830s][info][gc,metaspace   ] GC(164) Metaspace: 17045K(19328K)->17045K(19328K) NonClass: 15422K(16896K)->15422K(16896K) Class: 1623K(2432K)->1623K(2432K)
[41.830s][info][gc             ] GC(164) Pause Young (Normal) (G1 Evacuation Pause) 629M->16M(1024M) 0.977ms
[41.830s][info][gc,cpu         ] GC(164) User=0.00s Sys=0.00s Real=0.00s
[41.995s][info][gc,start       ] GC(165) Pause Young (Normal) (G1 Evacuation Pause)
[41.995s][info][gc,task        ] GC(165) Using 6 workers of 6 for evacuation
[41.996s][info][gc,phases      ] GC(165)   Pre Evacuate Collection Set: 0.0ms
[41.996s][info][gc,phases      ] GC(165)   Evacuate Collection Set: 0.3ms
[41.996s][info][gc,phases      ] GC(165)   Post Evacuate Collection Set: 0.3ms
[41.996s][info][gc,phases      ] GC(165)   Other: 0.1ms
[41.996s][info][gc,heap        ] GC(165) Eden regions: 613->0(613)
[41.996s][info][gc,heap        ] GC(165) Survivor regions: 1->1(77)
[41.996s][info][gc,heap        ] GC(165) Old regions: 6->6
[41.996s][info][gc,heap        ] GC(165) Humongous regions: 12->12
[41.996s][info][gc,metaspace   ] GC(165) Metaspace: 17045K(19328K)->17045K(19328K) NonClass: 15422K(16896K)->15422K(16896K) Class: 1623K(2432K)->1623K(2432K)
[41.996s][info][gc             ] GC(165) Pause Young (Normal) (G1 Evacuation Pause) 629M->16M(1024M) 0.875ms
[41.996s][info][gc,cpu         ] GC(165) User=0.00s Sys=0.00s Real=0.00s
[42.162s][info][gc,start       ] GC(166) Pause Young (Normal) (G1 Evacuation Pause)
[42.162s][info][gc,task        ] GC(166) Using 6 workers of 6 for evacuation
[42.163s][info][gc,phases      ] GC(166)   Pre Evacuate Collection Set: 0.0ms
[42.163s][info][gc,phases      ] GC(166)   Evacuate Collection Set: 0.3ms
[42.163s][info][gc,phases      ] GC(166)   Post Evacuate Collection Set: 0.4ms
[42.163s][info][gc,phases      ] GC(166)   Other: 0.1ms
[42.163s][info][gc,heap        ] GC(166) Eden regions: 613->0(613)
[42.163s][info][gc,heap        ] GC(166) Survivor regions: 1->1(77)
[42.163s][info][gc,heap        ] GC(166) Old regions: 6->6
[42.163s][info][gc,heap        ] GC(166) Humongous regions: 12->12
[42.163s][info][gc,metaspace   ] GC(166) Metaspace: 17045K(19328K)->17045K(19328K) NonClass: 15422K(16896K)->15422K(16896K) Class: 1623K(2432K)->1623K(2432K)
[42.163s][info][gc             ] GC(166) Pause Young (Normal) (G1 Evacuation Pause) 629M->16M(1024M) 0.933ms
[42.163s][info][gc,cpu         ] GC(166) User=0.00s Sys=0.00s Real=0.00s
[42.333s][info][gc,start       ] GC(167) Pause Young (Normal) (G1 Evacuation Pause)
[42.333s][info][gc,task        ] GC(167) Using 6 workers of 6 for evacuation
[42.334s][info][gc,phases      ] GC(167)   Pre Evacuate Collection Set: 0.0ms
[42.334s][info][gc,phases      ] GC(167)   Evacuate Collection Set: 0.3ms
[42.334s][info][gc,phases      ] GC(167)   Post Evacuate Collection Set: 0.3ms
[42.334s][info][gc,phases      ] GC(167)   Other: 0.1ms
[42.334s][info][gc,heap        ] GC(167) Eden regions: 613->0(613)
[42.334s][info][gc,heap        ] GC(167) Survivor regions: 1->1(77)
[42.334s][info][gc,heap        ] GC(167) Old regions: 6->6
[42.334s][info][gc,heap        ] GC(167) Humongous regions: 12->12
[42.334s][info][gc,metaspace   ] GC(167) Metaspace: 17045K(19328K)->17045K(19328K) NonClass: 15422K(16896K)->15422K(16896K) Class: 1623K(2432K)->1623K(2432K)
[42.334s][info][gc             ] GC(167) Pause Young (Normal) (G1 Evacuation Pause) 629M->16M(1024M) 0.894ms
[42.334s][info][gc,cpu         ] GC(167) User=0.00s Sys=0.00s Real=0.00s
[42.504s][info][gc,start       ] GC(168) Pause Young (Normal) (G1 Evacuation Pause)
[42.504s][info][gc,task        ] GC(168) Using 6 workers of 6 for evacuation
[42.505s][info][gc,phases      ] GC(168)   Pre Evacuate Collection Set: 0.0ms
[42.505s][info][gc,phases      ] GC(168)   Evacuate Collection Set: 0.3ms
[42.505s][info][gc,phases      ] GC(168)   Post Evacuate Collection Set: 0.4ms
[42.505s][info][gc,phases      ] GC(168)   Other: 0.1ms
[42.505s][info][gc,heap        ] GC(168) Eden regions: 613->0(613)
[42.505s][info][gc,heap        ] GC(168) Survivor regions: 1->1(77)
[42.505s][info][gc,heap        ] GC(168) Old regions: 6->6
[42.505s][info][gc,heap        ] GC(168) Humongous regions: 12->12
[42.505s][info][gc,metaspace   ] GC(168) Metaspace: 17045K(19328K)->17045K(19328K) NonClass: 15422K(16896K)->15422K(16896K) Class: 1623K(2432K)->1623K(2432K)
[42.505s][info][gc             ] GC(168) Pause Young (Normal) (G1 Evacuation Pause) 629M->16M(1024M) 0.913ms
[42.505s][info][gc,cpu         ] GC(168) User=0.00s Sys=0.00s Real=0.00s
[42.682s][info][gc,start       ] GC(169) Pause Young (Normal) (G1 Evacuation Pause)
[42.682s][info][gc,task        ] GC(169) Using 6 workers of 6 for evacuation
[42.683s][info][gc,phases      ] GC(169)   Pre Evacuate Collection Set: 0.0ms
[42.683s][info][gc,phases      ] GC(169)   Evacuate Collection Set: 0.3ms
[42.683s][info][gc,phases      ] GC(169)   Post Evacuate Collection Set: 0.4ms
[42.683s][info][gc,phases      ] GC(169)   Other: 0.1ms
[42.683s][info][gc,heap        ] GC(169) Eden regions: 613->0(613)
[42.683s][info][gc,heap        ] GC(169) Survivor regions: 1->1(77)
[42.683s][info][gc,heap        ] GC(169) Old regions: 6->6
[42.683s][info][gc,heap        ] GC(169) Humongous regions: 12->12
[42.683s][info][gc,metaspace   ] GC(169) Metaspace: 17045K(19328K)->17045K(19328K) NonClass: 15422K(16896K)->15422K(16896K) Class: 1623K(2432K)->1623K(2432K)
[42.683s][info][gc             ] GC(169) Pause Young (Normal) (G1 Evacuation Pause) 629M->16M(1024M) 0.895ms
[42.683s][info][gc,cpu         ] GC(169) User=0.00s Sys=0.00s Real=0.00s
[42.856s][info][gc,start       ] GC(170) Pause Young (Normal) (G1 Evacuation Pause)
[42.856s][info][gc,task        ] GC(170) Using 6 workers of 6 for evacuation
[42.857s][info][gc,phases      ] GC(170)   Pre Evacuate Collection Set: 0.0ms
[42.857s][info][gc,phases      ] GC(170)   Evacuate Collection Set: 0.3ms
[42.857s][info][gc,phases      ] GC(170)   Post Evacuate Collection Set: 0.4ms
[42.857s][info][gc,phases      ] GC(170)   Other: 0.1ms
[42.857s][info][gc,heap        ] GC(170) Eden regions: 613->0(613)
[42.857s][info][gc,heap        ] GC(170) Survivor regions: 1->1(77)
[42.857s][info][gc,heap        ] GC(170) Old regions: 6->6
[42.857s][info][gc,heap        ] GC(170) Humongous regions: 12->12
[42.857s][info][gc,metaspace   ] GC(170) Metaspace: 17045K(19328K)->17045K(19328K) NonClass: 15422K(16896K)->15422K(16896K) Class: 1623K(2432K)->1623K(2432K)
[42.857s][info][gc             ] GC(170) Pause Young (Normal) (G1 Evacuation Pause) 629M->16M(1024M) 0.904ms
[42.857s][info][gc,cpu         ] GC(170) User=0.00s Sys=0.00s Real=0.00s
[43.023s][info][gc,start       ] GC(171) Pause Young (Normal) (G1 Evacuation Pause)
[43.023s][info][gc,task        ] GC(171) Using 6 workers of 6 for evacuation
[43.024s][info][gc,phases      ] GC(171)   Pre Evacuate Collection Set: 0.0ms
[43.024s][info][gc,phases      ] GC(171)   Evacuate Collection Set: 0.4ms
[43.024s][info][gc,phases      ] GC(171)   Post Evacuate Collection Set: 0.4ms
[43.024s][info][gc,phases      ] GC(171)   Other: 0.1ms
[43.024s][info][gc,heap        ] GC(171) Eden regions: 613->0(613)
[43.024s][info][gc,heap        ] GC(171) Survivor regions: 1->1(77)
[43.024s][info][gc,heap        ] GC(171) Old regions: 6->6
[43.024s][info][gc,heap        ] GC(171) Humongous regions: 12->12
[43.024s][info][gc,metaspace   ] GC(171) Metaspace: 17045K(19328K)->17045K(19328K) NonClass: 15422K(16896K)->15422K(16896K) Class: 1623K(2432K)->1623K(2432K)
[43.024s][info][gc             ] GC(171) Pause Young (Normal) (G1 Evacuation Pause) 629M->16M(1024M) 0.951ms
[43.024s][info][gc,cpu         ] GC(171) User=0.00s Sys=0.00s Real=0.00s
[43.190s][info][gc,start       ] GC(172) Pause Young (Normal) (G1 Evacuation Pause)
[43.190s][info][gc,task        ] GC(172) Using 6 workers of 6 for evacuation
[43.191s][info][gc,phases      ] GC(172)   Pre Evacuate Collection Set: 0.0ms
[43.191s][info][gc,phases      ] GC(172)   Evacuate Collection Set: 0.3ms
[43.191s][info][gc,phases      ] GC(172)   Post Evacuate Collection Set: 0.3ms
[43.191s][info][gc,phases      ] GC(172)   Other: 0.1ms
[43.191s][info][gc,heap        ] GC(172) Eden regions: 613->0(613)
[43.191s][info][gc,heap        ] GC(172) Survivor regions: 1->1(77)
[43.191s][info][gc,heap        ] GC(172) Old regions: 6->6
[43.191s][info][gc,heap        ] GC(172) Humongous regions: 12->12
[43.191s][info][gc,metaspace   ] GC(172) Metaspace: 17045K(19328K)->17045K(19328K) NonClass: 15422K(16896K)->15422K(16896K) Class: 1623K(2432K)->1623K(2432K)
[43.191s][info][gc             ] GC(172) Pause Young (Normal) (G1 Evacuation Pause) 629M->16M(1024M) 0.886ms
[43.191s][info][gc,cpu         ] GC(172) User=0.00s Sys=0.00s Real=0.00s
[43.364s][info][gc,start       ] GC(173) Pause Young (Normal) (G1 Evacuation Pause)
[43.364s][info][gc,task        ] GC(173) Using 6 workers of 6 for evacuation
[43.365s][info][gc,phases      ] GC(173)   Pre Evacuate Collection Set: 0.0ms
[43.365s][info][gc,phases      ] GC(173)   Evacuate Collection Set: 0.3ms
[43.365s][info][gc,phases      ] GC(173)   Post Evacuate Collection Set: 0.3ms
[43.365s][info][gc,phases      ] GC(173)   Other: 0.1ms
[43.365s][info][gc,heap        ] GC(173) Eden regions: 613->0(613)
[43.365s][info][gc,heap        ] GC(173) Survivor regions: 1->1(77)
[43.365s][info][gc,heap        ] GC(173) Old regions: 6->6
[43.365s][info][gc,heap        ] GC(173) Humongous regions: 12->12
[43.365s][info][gc,metaspace   ] GC(173) Metaspace: 17045K(19328K)->17045K(19328K) NonClass: 15422K(16896K)->15422K(16896K) Class: 1623K(2432K)->1623K(2432K)
[43.365s][info][gc             ] GC(173) Pause Young (Normal) (G1 Evacuation Pause) 629M->16M(1024M) 0.888ms
[43.365s][info][gc,cpu         ] GC(173) User=0.00s Sys=0.00s Real=0.00s
[43.535s][info][gc,start       ] GC(174) Pause Young (Normal) (G1 Evacuation Pause)
[43.535s][info][gc,task        ] GC(174) Using 6 workers of 6 for evacuation
[43.536s][info][gc,phases      ] GC(174)   Pre Evacuate Collection Set: 0.0ms
[43.536s][info][gc,phases      ] GC(174)   Evacuate Collection Set: 0.3ms
[43.536s][info][gc,phases      ] GC(174)   Post Evacuate Collection Set: 0.4ms
[43.536s][info][gc,phases      ] GC(174)   Other: 0.1ms
[43.536s][info][gc,heap        ] GC(174) Eden regions: 613->0(613)
[43.536s][info][gc,heap        ] GC(174) Survivor regions: 1->1(77)
[43.536s][info][gc,heap        ] GC(174) Old regions: 6->7
[43.536s][info][gc,heap        ] GC(174) Humongous regions: 12->12
[43.536s][info][gc,metaspace   ] GC(174) Metaspace: 17045K(19328K)->17045K(19328K) NonClass: 15422K(16896K)->15422K(16896K) Class: 1623K(2432K)->1623K(2432K)
[43.536s][info][gc             ] GC(174) Pause Young (Normal) (G1 Evacuation Pause) 629M->16M(1024M) 0.957ms
[43.536s][info][gc,cpu         ] GC(174) User=0.00s Sys=0.00s Real=0.00s
[43.705s][info][gc,start       ] GC(175) Pause Young (Normal) (G1 Evacuation Pause)
[43.705s][info][gc,task        ] GC(175) Using 6 workers of 6 for evacuation
[43.706s][info][gc,phases      ] GC(175)   Pre Evacuate Collection Set: 0.0ms
[43.706s][info][gc,phases      ] GC(175)   Evacuate Collection Set: 0.3ms
[43.706s][info][gc,phases      ] GC(175)   Post Evacuate Collection Set: 0.4ms
[43.706s][info][gc,phases      ] GC(175)   Other: 0.2ms
[43.706s][info][gc,heap        ] GC(175) Eden regions: 613->0(613)
[43.706s][info][gc,heap        ] GC(175) Survivor regions: 1->1(77)
[43.706s][info][gc,heap        ] GC(175) Old regions: 7->7
[43.706s][info][gc,heap        ] GC(175) Humongous regions: 12->12
[43.706s][info][gc,metaspace   ] GC(175) Metaspace: 17045K(19328K)->17045K(19328K) NonClass: 15422K(16896K)->15422K(16896K) Class: 1623K(2432K)->1623K(2432K)
[43.706s][info][gc             ] GC(175) Pause Young (Normal) (G1 Evacuation Pause) 629M->16M(1024M) 0.958ms
[43.706s][info][gc,cpu         ] GC(175) User=0.02s Sys=0.00s Real=0.00s
[43.874s][info][gc,start       ] GC(176) Pause Young (Normal) (G1 Evacuation Pause)
[43.874s][info][gc,task        ] GC(176) Using 6 workers of 6 for evacuation
[43.875s][info][gc,phases      ] GC(176)   Pre Evacuate Collection Set: 0.0ms
[43.875s][info][gc,phases      ] GC(176)   Evacuate Collection Set: 0.3ms
[43.875s][info][gc,phases      ] GC(176)   Post Evacuate Collection Set: 0.3ms
[43.875s][info][gc,phases      ] GC(176)   Other: 0.1ms
[43.875s][info][gc,heap        ] GC(176) Eden regions: 613->0(613)
[43.875s][info][gc,heap        ] GC(176) Survivor regions: 1->1(77)
[43.875s][info][gc,heap        ] GC(176) Old regions: 7->7
[43.875s][info][gc,heap        ] GC(176) Humongous regions: 12->12
[43.875s][info][gc,metaspace   ] GC(176) Metaspace: 17045K(19328K)->17045K(19328K) NonClass: 15422K(16896K)->15422K(16896K) Class: 1623K(2432K)->1623K(2432K)
[43.875s][info][gc             ] GC(176) Pause Young (Normal) (G1 Evacuation Pause) 629M->16M(1024M) 0.868ms
[43.875s][info][gc,cpu         ] GC(176) User=0.00s Sys=0.00s Real=0.00s
[44.044s][info][gc,start       ] GC(177) Pause Young (Normal) (G1 Evacuation Pause)
[44.044s][info][gc,task        ] GC(177) Using 6 workers of 6 for evacuation
[44.045s][info][gc,phases      ] GC(177)   Pre Evacuate Collection Set: 0.0ms
[44.045s][info][gc,phases      ] GC(177)   Evacuate Collection Set: 0.3ms
[44.045s][info][gc,phases      ] GC(177)   Post Evacuate Collection Set: 0.4ms
[44.045s][info][gc,phases      ] GC(177)   Other: 0.1ms
[44.045s][info][gc,heap        ] GC(177) Eden regions: 613->0(613)
[44.045s][info][gc,heap        ] GC(177) Survivor regions: 1->1(77)
[44.045s][info][gc,heap        ] GC(177) Old regions: 7->7
[44.045s][info][gc,heap        ] GC(177) Humongous regions: 12->12
[44.045s][info][gc,metaspace   ] GC(177) Metaspace: 17045K(19328K)->17045K(19328K) NonClass: 15422K(16896K)->15422K(16896K) Class: 1623K(2432K)->1623K(2432K)
[44.045s][info][gc             ] GC(177) Pause Young (Normal) (G1 Evacuation Pause) 629M->16M(1024M) 0.964ms
[44.045s][info][gc,cpu         ] GC(177) User=0.00s Sys=0.00s Real=0.00s
[44.223s][info][gc,start       ] GC(178) Pause Young (Normal) (G1 Evacuation Pause)
[44.223s][info][gc,task        ] GC(178) Using 6 workers of 6 for evacuation
[44.224s][info][gc,phases      ] GC(178)   Pre Evacuate Collection Set: 0.0ms
[44.224s][info][gc,phases      ] GC(178)   Evacuate Collection Set: 0.3ms
[44.224s][info][gc,phases      ] GC(178)   Post Evacuate Collection Set: 0.3ms
[44.224s][info][gc,phases      ] GC(178)   Other: 0.1ms
[44.224s][info][gc,heap        ] GC(178) Eden regions: 613->0(613)
[44.224s][info][gc,heap        ] GC(178) Survivor regions: 1->1(77)
[44.224s][info][gc,heap        ] GC(178) Old regions: 7->7
[44.224s][info][gc,heap        ] GC(178) Humongous regions: 12->12
[44.224s][info][gc,metaspace   ] GC(178) Metaspace: 17045K(19328K)->17045K(19328K) NonClass: 15422K(16896K)->15422K(16896K) Class: 1623K(2432K)->1623K(2432K)
[44.224s][info][gc             ] GC(178) Pause Young (Normal) (G1 Evacuation Pause) 629M->16M(1024M) 0.870ms
[44.224s][info][gc,cpu         ] GC(178) User=0.00s Sys=0.00s Real=0.00s
[44.407s][info][gc,start       ] GC(179) Pause Young (Normal) (G1 Evacuation Pause)
[44.407s][info][gc,task        ] GC(179) Using 6 workers of 6 for evacuation
[44.407s][info][gc,phases      ] GC(179)   Pre Evacuate Collection Set: 0.0ms
[44.407s][info][gc,phases      ] GC(179)   Evacuate Collection Set: 0.3ms
[44.407s][info][gc,phases      ] GC(179)   Post Evacuate Collection Set: 0.4ms
[44.407s][info][gc,phases      ] GC(179)   Other: 0.1ms
[44.407s][info][gc,heap        ] GC(179) Eden regions: 613->0(613)
[44.407s][info][gc,heap        ] GC(179) Survivor regions: 1->1(77)
[44.407s][info][gc,heap        ] GC(179) Old regions: 7->7
[44.408s][info][gc,heap        ] GC(179) Humongous regions: 12->12
[44.408s][info][gc,metaspace   ] GC(179) Metaspace: 17045K(19328K)->17045K(19328K) NonClass: 15422K(16896K)->15422K(16896K) Class: 1623K(2432K)->1623K(2432K)
[44.408s][info][gc             ] GC(179) Pause Young (Normal) (G1 Evacuation Pause) 629M->16M(1024M) 0.998ms
[44.408s][info][gc,cpu         ] GC(179) User=0.00s Sys=0.00s Real=0.00s
[44.577s][info][gc,start       ] GC(180) Pause Young (Normal) (G1 Evacuation Pause)
[44.577s][info][gc,task        ] GC(180) Using 6 workers of 6 for evacuation
[44.577s][info][gc,phases      ] GC(180)   Pre Evacuate Collection Set: 0.0ms
[44.577s][info][gc,phases      ] GC(180)   Evacuate Collection Set: 0.4ms
[44.577s][info][gc,phases      ] GC(180)   Post Evacuate Collection Set: 0.3ms
[44.577s][info][gc,phases      ] GC(180)   Other: 0.1ms
[44.577s][info][gc,heap        ] GC(180) Eden regions: 613->0(613)
[44.577s][info][gc,heap        ] GC(180) Survivor regions: 1->1(77)
[44.577s][info][gc,heap        ] GC(180) Old regions: 7->7
[44.577s][info][gc,heap        ] GC(180) Humongous regions: 12->12
[44.577s][info][gc,metaspace   ] GC(180) Metaspace: 17045K(19328K)->17045K(19328K) NonClass: 15422K(16896K)->15422K(16896K) Class: 1623K(2432K)->1623K(2432K)
[44.578s][info][gc             ] GC(180) Pause Young (Normal) (G1 Evacuation Pause) 629M->16M(1024M) 0.999ms
[44.578s][info][gc,cpu         ] GC(180) User=0.00s Sys=0.00s Real=0.00s
[44.746s][info][gc,start       ] GC(181) Pause Young (Normal) (G1 Evacuation Pause)
[44.746s][info][gc,task        ] GC(181) Using 6 workers of 6 for evacuation
[44.747s][info][gc,phases      ] GC(181)   Pre Evacuate Collection Set: 0.0ms
[44.747s][info][gc,phases      ] GC(181)   Evacuate Collection Set: 0.3ms
[44.747s][info][gc,phases      ] GC(181)   Post Evacuate Collection Set: 0.4ms
[44.747s][info][gc,phases      ] GC(181)   Other: 0.2ms
[44.747s][info][gc,heap        ] GC(181) Eden regions: 613->0(613)
[44.747s][info][gc,heap        ] GC(181) Survivor regions: 1->1(77)
[44.747s][info][gc,heap        ] GC(181) Old regions: 7->7
[44.747s][info][gc,heap        ] GC(181) Humongous regions: 12->12
[44.747s][info][gc,metaspace   ] GC(181) Metaspace: 17045K(19328K)->17045K(19328K) NonClass: 15422K(16896K)->15422K(16896K) Class: 1623K(2432K)->1623K(2432K)
[44.747s][info][gc             ] GC(181) Pause Young (Normal) (G1 Evacuation Pause) 629M->16M(1024M) 0.961ms
[44.747s][info][gc,cpu         ] GC(181) User=0.00s Sys=0.00s Real=0.00s
[44.914s][info][gc,start       ] GC(182) Pause Young (Normal) (G1 Evacuation Pause)
[44.914s][info][gc,task        ] GC(182) Using 6 workers of 6 for evacuation
[44.914s][info][gc,phases      ] GC(182)   Pre Evacuate Collection Set: 0.0ms
[44.915s][info][gc,phases      ] GC(182)   Evacuate Collection Set: 0.3ms
[44.915s][info][gc,phases      ] GC(182)   Post Evacuate Collection Set: 0.3ms
[44.915s][info][gc,phases      ] GC(182)   Other: 0.1ms
[44.915s][info][gc,heap        ] GC(182) Eden regions: 613->0(613)
[44.915s][info][gc,heap        ] GC(182) Survivor regions: 1->1(77)
[44.915s][info][gc,heap        ] GC(182) Old regions: 7->7
[44.915s][info][gc,heap        ] GC(182) Humongous regions: 12->12
[44.915s][info][gc,metaspace   ] GC(182) Metaspace: 17045K(19328K)->17045K(19328K) NonClass: 15422K(16896K)->15422K(16896K) Class: 1623K(2432K)->1623K(2432K)
[44.915s][info][gc             ] GC(182) Pause Young (Normal) (G1 Evacuation Pause) 629M->16M(1024M) 0.903ms
[44.915s][info][gc,cpu         ] GC(182) User=0.00s Sys=0.00s Real=0.00s
[45.082s][info][gc,start       ] GC(183) Pause Young (Normal) (G1 Evacuation Pause)
[45.082s][info][gc,task        ] GC(183) Using 6 workers of 6 for evacuation
[45.083s][info][gc,phases      ] GC(183)   Pre Evacuate Collection Set: 0.0ms
[45.083s][info][gc,phases      ] GC(183)   Evacuate Collection Set: 0.3ms
[45.083s][info][gc,phases      ] GC(183)   Post Evacuate Collection Set: 0.3ms
[45.083s][info][gc,phases      ] GC(183)   Other: 0.1ms
[45.083s][info][gc,heap        ] GC(183) Eden regions: 613->0(613)
[45.083s][info][gc,heap        ] GC(183) Survivor regions: 1->1(77)
[45.083s][info][gc,heap        ] GC(183) Old regions: 7->7
[45.083s][info][gc,heap        ] GC(183) Humongous regions: 12->12
[45.083s][info][gc,metaspace   ] GC(183) Metaspace: 17045K(19328K)->17045K(19328K) NonClass: 15422K(16896K)->15422K(16896K) Class: 1623K(2432K)->1623K(2432K)
[45.083s][info][gc             ] GC(183) Pause Young (Normal) (G1 Evacuation Pause) 629M->16M(1024M) 0.917ms
[45.083s][info][gc,cpu         ] GC(183) User=0.00s Sys=0.00s Real=0.00s
[45.251s][info][gc,start       ] GC(184) Pause Young (Normal) (G1 Evacuation Pause)
[45.251s][info][gc,task        ] GC(184) Using 6 workers of 6 for evacuation
[45.252s][info][gc,phases      ] GC(184)   Pre Evacuate Collection Set: 0.0ms
[45.252s][info][gc,phases      ] GC(184)   Evacuate Collection Set: 0.3ms
[45.252s][info][gc,phases      ] GC(184)   Post Evacuate Collection Set: 0.3ms
[45.252s][info][gc,phases      ] GC(184)   Other: 0.1ms
[45.252s][info][gc,heap        ] GC(184) Eden regions: 613->0(613)
[45.252s][info][gc,heap        ] GC(184) Survivor regions: 1->1(77)
[45.252s][info][gc,heap        ] GC(184) Old regions: 7->7
[45.252s][info][gc,heap        ] GC(184) Humongous regions: 12->12
[45.252s][info][gc,metaspace   ] GC(184) Metaspace: 17045K(19328K)->17045K(19328K) NonClass: 15422K(16896K)->15422K(16896K) Class: 1623K(2432K)->1623K(2432K)
[45.252s][info][gc             ] GC(184) Pause Young (Normal) (G1 Evacuation Pause) 629M->16M(1024M) 0.963ms
[45.252s][info][gc,cpu         ] GC(184) User=0.00s Sys=0.00s Real=0.00s
[45.425s][info][gc,start       ] GC(185) Pause Young (Normal) (G1 Evacuation Pause)
[45.425s][info][gc,task        ] GC(185) Using 6 workers of 6 for evacuation
[45.426s][info][gc,phases      ] GC(185)   Pre Evacuate Collection Set: 0.0ms
[45.426s][info][gc,phases      ] GC(185)   Evacuate Collection Set: 0.3ms
[45.426s][info][gc,phases      ] GC(185)   Post Evacuate Collection Set: 0.3ms
[45.426s][info][gc,phases      ] GC(185)   Other: 0.1ms
[45.426s][info][gc,heap        ] GC(185) Eden regions: 613->0(613)
[45.426s][info][gc,heap        ] GC(185) Survivor regions: 1->1(77)
[45.426s][info][gc,heap        ] GC(185) Old regions: 7->7
[45.426s][info][gc,heap        ] GC(185) Humongous regions: 12->12
[45.426s][info][gc,metaspace   ] GC(185) Metaspace: 17045K(19328K)->17045K(19328K) NonClass: 15422K(16896K)->15422K(16896K) Class: 1623K(2432K)->1623K(2432K)
[45.426s][info][gc             ] GC(185) Pause Young (Normal) (G1 Evacuation Pause) 629M->16M(1024M) 0.859ms
[45.426s][info][gc,cpu         ] GC(185) User=0.00s Sys=0.00s Real=0.00s
[45.601s][info][gc,start       ] GC(186) Pause Young (Normal) (G1 Evacuation Pause)
[45.601s][info][gc,task        ] GC(186) Using 6 workers of 6 for evacuation
[45.602s][info][gc,phases      ] GC(186)   Pre Evacuate Collection Set: 0.0ms
[45.602s][info][gc,phases      ] GC(186)   Evacuate Collection Set: 0.3ms
[45.602s][info][gc,phases      ] GC(186)   Post Evacuate Collection Set: 0.4ms
[45.602s][info][gc,phases      ] GC(186)   Other: 0.2ms
[45.602s][info][gc,heap        ] GC(186) Eden regions: 613->0(613)
[45.602s][info][gc,heap        ] GC(186) Survivor regions: 1->1(77)
[45.602s][info][gc,heap        ] GC(186) Old regions: 7->7
[45.602s][info][gc,heap        ] GC(186) Humongous regions: 12->12
[45.602s][info][gc,metaspace   ] GC(186) Metaspace: 17045K(19328K)->17045K(19328K) NonClass: 15422K(16896K)->15422K(16896K) Class: 1623K(2432K)->1623K(2432K)
[45.602s][info][gc             ] GC(186) Pause Young (Normal) (G1 Evacuation Pause) 629M->16M(1024M) 0.991ms
[45.602s][info][gc,cpu         ] GC(186) User=0.00s Sys=0.00s Real=0.00s
[45.773s][info][gc,start       ] GC(187) Pause Young (Normal) (G1 Evacuation Pause)
[45.773s][info][gc,task        ] GC(187) Using 6 workers of 6 for evacuation
[45.773s][info][gc,phases      ] GC(187)   Pre Evacuate Collection Set: 0.0ms
[45.773s][info][gc,phases      ] GC(187)   Evacuate Collection Set: 0.3ms
[45.773s][info][gc,phases      ] GC(187)   Post Evacuate Collection Set: 0.4ms
[45.773s][info][gc,phases      ] GC(187)   Other: 0.1ms
[45.773s][info][gc,heap        ] GC(187) Eden regions: 613->0(613)
[45.773s][info][gc,heap        ] GC(187) Survivor regions: 1->1(77)
[45.773s][info][gc,heap        ] GC(187) Old regions: 7->7
[45.773s][info][gc,heap        ] GC(187) Humongous regions: 12->12
[45.773s][info][gc,metaspace   ] GC(187) Metaspace: 17045K(19328K)->17045K(19328K) NonClass: 15422K(16896K)->15422K(16896K) Class: 1623K(2432K)->1623K(2432K)
[45.773s][info][gc             ] GC(187) Pause Young (Normal) (G1 Evacuation Pause) 629M->16M(1024M) 0.872ms
[45.773s][info][gc,cpu         ] GC(187) User=0.00s Sys=0.00s Real=0.00s
[45.940s][info][gc,start       ] GC(188) Pause Young (Normal) (G1 Evacuation Pause)
[45.941s][info][gc,task        ] GC(188) Using 6 workers of 6 for evacuation
[45.941s][info][gc,phases      ] GC(188)   Pre Evacuate Collection Set: 0.0ms
[45.941s][info][gc,phases      ] GC(188)   Evacuate Collection Set: 0.3ms
[45.941s][info][gc,phases      ] GC(188)   Post Evacuate Collection Set: 0.3ms
[45.941s][info][gc,phases      ] GC(188)   Other: 0.1ms
[45.941s][info][gc,heap        ] GC(188) Eden regions: 613->0(613)
[45.941s][info][gc,heap        ] GC(188) Survivor regions: 1->1(77)
[45.941s][info][gc,heap        ] GC(188) Old regions: 7->7
[45.941s][info][gc,heap        ] GC(188) Humongous regions: 12->12
[45.941s][info][gc,metaspace   ] GC(188) Metaspace: 17045K(19328K)->17045K(19328K) NonClass: 15422K(16896K)->15422K(16896K) Class: 1623K(2432K)->1623K(2432K)
[45.941s][info][gc             ] GC(188) Pause Young (Normal) (G1 Evacuation Pause) 629M->16M(1024M) 0.940ms
[45.941s][info][gc,cpu         ] GC(188) User=0.00s Sys=0.00s Real=0.00s
[46.108s][info][gc,start       ] GC(189) Pause Young (Normal) (G1 Evacuation Pause)
[46.108s][info][gc,task        ] GC(189) Using 6 workers of 6 for evacuation
[46.108s][info][gc,phases      ] GC(189)   Pre Evacuate Collection Set: 0.0ms
[46.108s][info][gc,phases      ] GC(189)   Evacuate Collection Set: 0.3ms
[46.109s][info][gc,phases      ] GC(189)   Post Evacuate Collection Set: 0.3ms
[46.109s][info][gc,phases      ] GC(189)   Other: 0.1ms
[46.109s][info][gc,heap        ] GC(189) Eden regions: 613->0(613)
[46.109s][info][gc,heap        ] GC(189) Survivor regions: 1->1(77)
[46.109s][info][gc,heap        ] GC(189) Old regions: 7->7
[46.109s][info][gc,heap        ] GC(189) Humongous regions: 12->12
[46.109s][info][gc,metaspace   ] GC(189) Metaspace: 17045K(19328K)->17045K(19328K) NonClass: 15422K(16896K)->15422K(16896K) Class: 1623K(2432K)->1623K(2432K)
[46.109s][info][gc             ] GC(189) Pause Young (Normal) (G1 Evacuation Pause) 629M->16M(1024M) 0.905ms
[46.109s][info][gc,cpu         ] GC(189) User=0.00s Sys=0.00s Real=0.00s
[46.276s][info][gc,start       ] GC(190) Pause Young (Normal) (G1 Evacuation Pause)
[46.276s][info][gc,task        ] GC(190) Using 6 workers of 6 for evacuation
[46.277s][info][gc,phases      ] GC(190)   Pre Evacuate Collection Set: 0.0ms
[46.277s][info][gc,phases      ] GC(190)   Evacuate Collection Set: 0.5ms
[46.277s][info][gc,phases      ] GC(190)   Post Evacuate Collection Set: 0.4ms
[46.277s][info][gc,phases      ] GC(190)   Other: 0.2ms
[46.277s][info][gc,heap        ] GC(190) Eden regions: 613->0(613)
[46.277s][info][gc,heap        ] GC(190) Survivor regions: 1->1(77)
[46.277s][info][gc,heap        ] GC(190) Old regions: 7->7
[46.277s][info][gc,heap        ] GC(190) Humongous regions: 12->12
[46.277s][info][gc,metaspace   ] GC(190) Metaspace: 17045K(19328K)->17045K(19328K) NonClass: 15422K(16896K)->15422K(16896K) Class: 1623K(2432K)->1623K(2432K)
[46.277s][info][gc             ] GC(190) Pause Young (Normal) (G1 Evacuation Pause) 629M->16M(1024M) 1.179ms
[46.277s][info][gc,cpu         ] GC(190) User=0.00s Sys=0.00s Real=0.00s
[46.451s][info][gc,start       ] GC(191) Pause Young (Normal) (G1 Evacuation Pause)
[46.451s][info][gc,task        ] GC(191) Using 6 workers of 6 for evacuation
[46.451s][info][gc,phases      ] GC(191)   Pre Evacuate Collection Set: 0.0ms
[46.451s][info][gc,phases      ] GC(191)   Evacuate Collection Set: 0.3ms
[46.451s][info][gc,phases      ] GC(191)   Post Evacuate Collection Set: 0.4ms
[46.451s][info][gc,phases      ] GC(191)   Other: 0.2ms
[46.451s][info][gc,heap        ] GC(191) Eden regions: 613->0(613)
[46.451s][info][gc,heap        ] GC(191) Survivor regions: 1->1(77)
[46.451s][info][gc,heap        ] GC(191) Old regions: 7->7
[46.451s][info][gc,heap        ] GC(191) Humongous regions: 12->12
[46.451s][info][gc,metaspace   ] GC(191) Metaspace: 17045K(19328K)->17045K(19328K) NonClass: 15422K(16896K)->15422K(16896K) Class: 1623K(2432K)->1623K(2432K)
[46.452s][info][gc             ] GC(191) Pause Young (Normal) (G1 Evacuation Pause) 629M->16M(1024M) 0.986ms
[46.452s][info][gc,cpu         ] GC(191) User=0.00s Sys=0.00s Real=0.00s
[46.619s][info][gc,start       ] GC(192) Pause Young (Normal) (G1 Evacuation Pause)
[46.619s][info][gc,task        ] GC(192) Using 6 workers of 6 for evacuation
[46.620s][info][gc,phases      ] GC(192)   Pre Evacuate Collection Set: 0.0ms
[46.620s][info][gc,phases      ] GC(192)   Evacuate Collection Set: 0.3ms
[46.620s][info][gc,phases      ] GC(192)   Post Evacuate Collection Set: 0.4ms
[46.620s][info][gc,phases      ] GC(192)   Other: 0.2ms
[46.620s][info][gc,heap        ] GC(192) Eden regions: 613->0(613)
[46.620s][info][gc,heap        ] GC(192) Survivor regions: 1->1(77)
[46.620s][info][gc,heap        ] GC(192) Old regions: 7->7
[46.620s][info][gc,heap        ] GC(192) Humongous regions: 12->12
[46.620s][info][gc,metaspace   ] GC(192) Metaspace: 17045K(19328K)->17045K(19328K) NonClass: 15422K(16896K)->15422K(16896K) Class: 1623K(2432K)->1623K(2432K)
[46.620s][info][gc             ] GC(192) Pause Young (Normal) (G1 Evacuation Pause) 629M->16M(1024M) 0.985ms
[46.620s][info][gc,cpu         ] GC(192) User=0.00s Sys=0.00s Real=0.00s
[46.791s][info][gc,start       ] GC(193) Pause Young (Normal) (G1 Evacuation Pause)
[46.791s][info][gc,task        ] GC(193) Using 6 workers of 6 for evacuation
[46.792s][info][gc,phases      ] GC(193)   Pre Evacuate Collection Set: 0.0ms
[46.792s][info][gc,phases      ] GC(193)   Evacuate Collection Set: 0.3ms
[46.792s][info][gc,phases      ] GC(193)   Post Evacuate Collection Set: 0.3ms
[46.792s][info][gc,phases      ] GC(193)   Other: 0.1ms
[46.792s][info][gc,heap        ] GC(193) Eden regions: 613->0(613)
[46.792s][info][gc,heap        ] GC(193) Survivor regions: 1->1(77)
[46.792s][info][gc,heap        ] GC(193) Old regions: 7->7
[46.792s][info][gc,heap        ] GC(193) Humongous regions: 12->12
[46.792s][info][gc,metaspace   ] GC(193) Metaspace: 17045K(19328K)->17045K(19328K) NonClass: 15422K(16896K)->15422K(16896K) Class: 1623K(2432K)->1623K(2432K)
[46.792s][info][gc             ] GC(193) Pause Young (Normal) (G1 Evacuation Pause) 629M->16M(1024M) 0.945ms
[46.792s][info][gc,cpu         ] GC(193) User=0.00s Sys=0.00s Real=0.00s
[46.966s][info][gc,start       ] GC(194) Pause Young (Normal) (G1 Evacuation Pause)
[46.967s][info][gc,task        ] GC(194) Using 6 workers of 6 for evacuation
[46.967s][info][gc,phases      ] GC(194)   Pre Evacuate Collection Set: 0.0ms
[46.967s][info][gc,phases      ] GC(194)   Evacuate Collection Set: 0.3ms
[46.967s][info][gc,phases      ] GC(194)   Post Evacuate Collection Set: 0.3ms
[46.967s][info][gc,phases      ] GC(194)   Other: 0.1ms
[46.967s][info][gc,heap        ] GC(194) Eden regions: 613->0(613)
[46.967s][info][gc,heap        ] GC(194) Survivor regions: 1->1(77)
[46.967s][info][gc,heap        ] GC(194) Old regions: 7->7
[46.967s][info][gc,heap        ] GC(194) Humongous regions: 12->12
[46.967s][info][gc,metaspace   ] GC(194) Metaspace: 17045K(19328K)->17045K(19328K) NonClass: 15422K(16896K)->15422K(16896K) Class: 1623K(2432K)->1623K(2432K)
[46.967s][info][gc             ] GC(194) Pause Young (Normal) (G1 Evacuation Pause) 629M->16M(1024M) 0.885ms
[46.967s][info][gc,cpu         ] GC(194) User=0.00s Sys=0.00s Real=0.00s
[47.136s][info][gc,start       ] GC(195) Pause Young (Normal) (G1 Evacuation Pause)
[47.137s][info][gc,task        ] GC(195) Using 6 workers of 6 for evacuation
[47.137s][info][gc,phases      ] GC(195)   Pre Evacuate Collection Set: 0.0ms
[47.137s][info][gc,phases      ] GC(195)   Evacuate Collection Set: 0.3ms
[47.137s][info][gc,phases      ] GC(195)   Post Evacuate Collection Set: 0.3ms
[47.137s][info][gc,phases      ] GC(195)   Other: 0.1ms
[47.137s][info][gc,heap        ] GC(195) Eden regions: 613->0(613)
[47.137s][info][gc,heap        ] GC(195) Survivor regions: 1->1(77)
[47.137s][info][gc,heap        ] GC(195) Old regions: 7->7
[47.137s][info][gc,heap        ] GC(195) Humongous regions: 12->12
[47.137s][info][gc,metaspace   ] GC(195) Metaspace: 17045K(19328K)->17045K(19328K) NonClass: 15422K(16896K)->15422K(16896K) Class: 1623K(2432K)->1623K(2432K)
[47.137s][info][gc             ] GC(195) Pause Young (Normal) (G1 Evacuation Pause) 629M->16M(1024M) 0.871ms
[47.137s][info][gc,cpu         ] GC(195) User=0.00s Sys=0.00s Real=0.00s
[47.311s][info][gc,start       ] GC(196) Pause Young (Normal) (G1 Evacuation Pause)
[47.311s][info][gc,task        ] GC(196) Using 6 workers of 6 for evacuation
[47.312s][info][gc,phases      ] GC(196)   Pre Evacuate Collection Set: 0.0ms
[47.312s][info][gc,phases      ] GC(196)   Evacuate Collection Set: 0.3ms
[47.312s][info][gc,phases      ] GC(196)   Post Evacuate Collection Set: 0.3ms
[47.312s][info][gc,phases      ] GC(196)   Other: 0.2ms
[47.312s][info][gc,heap        ] GC(196) Eden regions: 613->0(613)
[47.312s][info][gc,heap        ] GC(196) Survivor regions: 1->1(77)
[47.312s][info][gc,heap        ] GC(196) Old regions: 7->7
[47.312s][info][gc,heap        ] GC(196) Humongous regions: 12->12
[47.312s][info][gc,metaspace   ] GC(196) Metaspace: 17045K(19328K)->17045K(19328K) NonClass: 15422K(16896K)->15422K(16896K) Class: 1623K(2432K)->1623K(2432K)
[47.312s][info][gc             ] GC(196) Pause Young (Normal) (G1 Evacuation Pause) 629M->16M(1024M) 0.919ms
[47.312s][info][gc,cpu         ] GC(196) User=0.00s Sys=0.00s Real=0.00s
[47.690s][info][gc,task        ] GC(197) Using 6 workers of 6 for full compaction
[47.691s][info][gc,start       ] GC(197) Pause Full (System.gc())
[47.691s][info][gc,phases,start] GC(197) Phase 1: Mark live objects
[47.696s][info][gc,stringtable ] GC(197) Cleaned string and symbol table, strings: 6720 processed, 0 removed, symbols: 50533 processed, 0 removed
[47.696s][info][gc,phases      ] GC(197) Phase 1: Mark live objects 4.817ms
[47.696s][info][gc,phases,start] GC(197) Phase 2: Prepare for compaction
[47.697s][info][gc,phases      ] GC(197) Phase 2: Prepare for compaction 1.278ms
[47.697s][info][gc,phases,start] GC(197) Phase 3: Adjust pointers
[47.701s][info][gc,phases      ] GC(197) Phase 3: Adjust pointers 3.791ms
[47.701s][info][gc,phases,start] GC(197) Phase 4: Compact heap
[47.702s][info][gc,phases      ] GC(197) Phase 4: Compact heap 1.039ms
[47.705s][info][gc,heap        ] GC(197) Eden regions: 589->0(614)
[47.705s][info][gc,heap        ] GC(197) Survivor regions: 1->0(77)
[47.705s][info][gc,heap        ] GC(197) Old regions: 7->6
[47.705s][info][gc,heap        ] GC(197) Humongous regions: 18->6
[47.705s][info][gc,metaspace   ] GC(197) Metaspace: 17045K(19328K)->17045K(19328K) NonClass: 15422K(16896K)->15422K(16896K) Class: 1623K(2432K)->1623K(2432K)
[47.705s][info][gc             ] GC(197) Pause Full (System.gc()) 611M->10M(1024M) 14.238ms
[47.705s][info][gc,cpu         ] GC(197) User=0.00s Sys=0.00s Real=0.02s
[47.878s][info][gc,start       ] GC(198) Pause Young (Normal) (G1 Evacuation Pause)
[47.878s][info][gc,task        ] GC(198) Using 6 workers of 6 for evacuation
[47.879s][info][gc,phases      ] GC(198)   Pre Evacuate Collection Set: 0.0ms
[47.879s][info][gc,phases      ] GC(198)   Evacuate Collection Set: 0.3ms
[47.879s][info][gc,phases      ] GC(198)   Post Evacuate Collection Set: 0.3ms
[47.879s][info][gc,phases      ] GC(198)   Other: 0.1ms
[47.879s][info][gc,heap        ] GC(198) Eden regions: 614->0(613)
[47.879s][info][gc,heap        ] GC(198) Survivor regions: 0->1(77)
[47.879s][info][gc,heap        ] GC(198) Old regions: 6->6
[47.879s][info][gc,heap        ] GC(198) Humongous regions: 12->12
[47.879s][info][gc,metaspace   ] GC(198) Metaspace: 17045K(19328K)->17045K(19328K) NonClass: 15422K(16896K)->15422K(16896K) Class: 1623K(2432K)->1623K(2432K)
[47.879s][info][gc             ] GC(198) Pause Young (Normal) (G1 Evacuation Pause) 630M->16M(1024M) 0.905ms
[47.879s][info][gc,cpu         ] GC(198) User=0.00s Sys=0.00s Real=0.00s
[48.043s][info][gc,start       ] GC(199) Pause Young (Normal) (G1 Evacuation Pause)
[48.043s][info][gc,task        ] GC(199) Using 6 workers of 6 for evacuation
[48.044s][info][gc,phases      ] GC(199)   Pre Evacuate Collection Set: 0.0ms
[48.044s][info][gc,phases      ] GC(199)   Evacuate Collection Set: 0.3ms
[48.044s][info][gc,phases      ] GC(199)   Post Evacuate Collection Set: 0.4ms
[48.044s][info][gc,phases      ] GC(199)   Other: 0.2ms
[48.044s][info][gc,heap        ] GC(199) Eden regions: 613->0(613)
[48.044s][info][gc,heap        ] GC(199) Survivor regions: 1->1(77)
[48.044s][info][gc,heap        ] GC(199) Old regions: 6->6
[48.044s][info][gc,heap        ] GC(199) Humongous regions: 12->12
[48.044s][info][gc,metaspace   ] GC(199) Metaspace: 17045K(19328K)->17045K(19328K) NonClass: 15422K(16896K)->15422K(16896K) Class: 1623K(2432K)->1623K(2432K)
[48.044s][info][gc             ] GC(199) Pause Young (Normal) (G1 Evacuation Pause) 629M->16M(1024M) 1.044ms
[48.045s][info][gc,cpu         ] GC(199) User=0.00s Sys=0.00s Real=0.00s
[48.211s][info][gc,start       ] GC(200) Pause Young (Normal) (G1 Evacuation Pause)
[48.211s][info][gc,task        ] GC(200) Using 6 workers of 6 for evacuation
[48.212s][info][gc,phases      ] GC(200)   Pre Evacuate Collection Set: 0.0ms
[48.212s][info][gc,phases      ] GC(200)   Evacuate Collection Set: 0.4ms
[48.212s][info][gc,phases      ] GC(200)   Post Evacuate Collection Set: 0.4ms
[48.212s][info][gc,phases      ] GC(200)   Other: 0.1ms
[48.212s][info][gc,heap        ] GC(200) Eden regions: 613->0(613)
[48.212s][info][gc,heap        ] GC(200) Survivor regions: 1->1(77)
[48.212s][info][gc,heap        ] GC(200) Old regions: 6->6
[48.212s][info][gc,heap        ] GC(200) Humongous regions: 12->12
[48.212s][info][gc,metaspace   ] GC(200) Metaspace: 17045K(19328K)->17045K(19328K) NonClass: 15422K(16896K)->15422K(16896K) Class: 1623K(2432K)->1623K(2432K)
[48.212s][info][gc             ] GC(200) Pause Young (Normal) (G1 Evacuation Pause) 629M->16M(1024M) 1.016ms
[48.212s][info][gc,cpu         ] GC(200) User=0.00s Sys=0.00s Real=0.00s
[48.392s][info][gc,start       ] GC(201) Pause Young (Normal) (G1 Evacuation Pause)
[48.392s][info][gc,task        ] GC(201) Using 6 workers of 6 for evacuation
[48.393s][info][gc,phases      ] GC(201)   Pre Evacuate Collection Set: 0.0ms
[48.393s][info][gc,phases      ] GC(201)   Evacuate Collection Set: 0.4ms
[48.393s][info][gc,phases      ] GC(201)   Post Evacuate Collection Set: 0.4ms
[48.393s][info][gc,phases      ] GC(201)   Other: 0.1ms
[48.393s][info][gc,heap        ] GC(201) Eden regions: 613->0(613)
[48.393s][info][gc,heap        ] GC(201) Survivor regions: 1->1(77)
[48.393s][info][gc,heap        ] GC(201) Old regions: 6->6
[48.393s][info][gc,heap        ] GC(201) Humongous regions: 12->12
[48.393s][info][gc,metaspace   ] GC(201) Metaspace: 17045K(19328K)->17045K(19328K) NonClass: 15422K(16896K)->15422K(16896K) Class: 1623K(2432K)->1623K(2432K)
[48.393s][info][gc             ] GC(201) Pause Young (Normal) (G1 Evacuation Pause) 629M->16M(1024M) 1.055ms
[48.393s][info][gc,cpu         ] GC(201) User=0.00s Sys=0.00s Real=0.00s
[48.564s][info][gc,start       ] GC(202) Pause Young (Normal) (G1 Evacuation Pause)
[48.564s][info][gc,task        ] GC(202) Using 6 workers of 6 for evacuation
[48.565s][info][gc,phases      ] GC(202)   Pre Evacuate Collection Set: 0.0ms
[48.565s][info][gc,phases      ] GC(202)   Evacuate Collection Set: 0.3ms
[48.565s][info][gc,phases      ] GC(202)   Post Evacuate Collection Set: 0.3ms
[48.565s][info][gc,phases      ] GC(202)   Other: 0.1ms
[48.565s][info][gc,heap        ] GC(202) Eden regions: 613->0(613)
[48.565s][info][gc,heap        ] GC(202) Survivor regions: 1->1(77)
[48.565s][info][gc,heap        ] GC(202) Old regions: 6->6
[48.565s][info][gc,heap        ] GC(202) Humongous regions: 12->12
[48.565s][info][gc,metaspace   ] GC(202) Metaspace: 17045K(19328K)->17045K(19328K) NonClass: 15422K(16896K)->15422K(16896K) Class: 1623K(2432K)->1623K(2432K)
[48.565s][info][gc             ] GC(202) Pause Young (Normal) (G1 Evacuation Pause) 629M->16M(1024M) 0.866ms
[48.565s][info][gc,cpu         ] GC(202) User=0.02s Sys=0.00s Real=0.00s
[48.732s][info][gc,start       ] GC(203) Pause Young (Normal) (G1 Evacuation Pause)
[48.732s][info][gc,task        ] GC(203) Using 6 workers of 6 for evacuation
[48.733s][info][gc,phases      ] GC(203)   Pre Evacuate Collection Set: 0.0ms
[48.733s][info][gc,phases      ] GC(203)   Evacuate Collection Set: 0.3ms
[48.733s][info][gc,phases      ] GC(203)   Post Evacuate Collection Set: 0.4ms
[48.733s][info][gc,phases      ] GC(203)   Other: 0.1ms
[48.733s][info][gc,heap        ] GC(203) Eden regions: 613->0(613)
[48.733s][info][gc,heap        ] GC(203) Survivor regions: 1->1(77)
[48.733s][info][gc,heap        ] GC(203) Old regions: 6->6
[48.733s][info][gc,heap        ] GC(203) Humongous regions: 12->12
[48.733s][info][gc,metaspace   ] GC(203) Metaspace: 17045K(19328K)->17045K(19328K) NonClass: 15422K(16896K)->15422K(16896K) Class: 1623K(2432K)->1623K(2432K)
[48.733s][info][gc             ] GC(203) Pause Young (Normal) (G1 Evacuation Pause) 629M->16M(1024M) 0.963ms
[48.733s][info][gc,cpu         ] GC(203) User=0.00s Sys=0.00s Real=0.00s
[48.899s][info][gc,start       ] GC(204) Pause Young (Normal) (G1 Evacuation Pause)
[48.899s][info][gc,task        ] GC(204) Using 6 workers of 6 for evacuation
[48.900s][info][gc,phases      ] GC(204)   Pre Evacuate Collection Set: 0.0ms
[48.900s][info][gc,phases      ] GC(204)   Evacuate Collection Set: 0.3ms
[48.900s][info][gc,phases      ] GC(204)   Post Evacuate Collection Set: 0.3ms
[48.900s][info][gc,phases      ] GC(204)   Other: 0.1ms
[48.900s][info][gc,heap        ] GC(204) Eden regions: 613->0(613)
[48.900s][info][gc,heap        ] GC(204) Survivor regions: 1->1(77)
[48.900s][info][gc,heap        ] GC(204) Old regions: 6->6
[48.900s][info][gc,heap        ] GC(204) Humongous regions: 12->12
[48.900s][info][gc,metaspace   ] GC(204) Metaspace: 17045K(19328K)->17045K(19328K) NonClass: 15422K(16896K)->15422K(16896K) Class: 1623K(2432K)->1623K(2432K)
[48.900s][info][gc             ] GC(204) Pause Young (Normal) (G1 Evacuation Pause) 629M->16M(1024M) 0.917ms
[48.900s][info][gc,cpu         ] GC(204) User=0.00s Sys=0.00s Real=0.00s
[49.065s][info][gc,start       ] GC(205) Pause Young (Normal) (G1 Evacuation Pause)
[49.065s][info][gc,task        ] GC(205) Using 6 workers of 6 for evacuation
[49.065s][info][gc,phases      ] GC(205)   Pre Evacuate Collection Set: 0.0ms
[49.065s][info][gc,phases      ] GC(205)   Evacuate Collection Set: 0.3ms
[49.065s][info][gc,phases      ] GC(205)   Post Evacuate Collection Set: 0.3ms
[49.065s][info][gc,phases      ] GC(205)   Other: 0.1ms
[49.065s][info][gc,heap        ] GC(205) Eden regions: 613->0(613)
[49.066s][info][gc,heap        ] GC(205) Survivor regions: 1->1(77)
[49.066s][info][gc,heap        ] GC(205) Old regions: 6->6
[49.066s][info][gc,heap        ] GC(205) Humongous regions: 12->12
[49.066s][info][gc,metaspace   ] GC(205) Metaspace: 17045K(19328K)->17045K(19328K) NonClass: 15422K(16896K)->15422K(16896K) Class: 1623K(2432K)->1623K(2432K)
[49.066s][info][gc             ] GC(205) Pause Young (Normal) (G1 Evacuation Pause) 629M->16M(1024M) 0.864ms
[49.066s][info][gc,cpu         ] GC(205) User=0.00s Sys=0.00s Real=0.00s
[49.232s][info][gc,start       ] GC(206) Pause Young (Normal) (G1 Evacuation Pause)
[49.232s][info][gc,task        ] GC(206) Using 6 workers of 6 for evacuation
[49.233s][info][gc,phases      ] GC(206)   Pre Evacuate Collection Set: 0.0ms
[49.233s][info][gc,phases      ] GC(206)   Evacuate Collection Set: 0.3ms
[49.233s][info][gc,phases      ] GC(206)   Post Evacuate Collection Set: 0.4ms
[49.233s][info][gc,phases      ] GC(206)   Other: 0.1ms
[49.233s][info][gc,heap        ] GC(206) Eden regions: 613->0(613)
[49.233s][info][gc,heap        ] GC(206) Survivor regions: 1->1(77)
[49.233s][info][gc,heap        ] GC(206) Old regions: 6->6
[49.233s][info][gc,heap        ] GC(206) Humongous regions: 12->12
[49.233s][info][gc,metaspace   ] GC(206) Metaspace: 17045K(19328K)->17045K(19328K) NonClass: 15422K(16896K)->15422K(16896K) Class: 1623K(2432K)->1623K(2432K)
[49.233s][info][gc             ] GC(206) Pause Young (Normal) (G1 Evacuation Pause) 629M->16M(1024M) 0.946ms
[49.233s][info][gc,cpu         ] GC(206) User=0.00s Sys=0.00s Real=0.00s
[49.406s][info][gc,start       ] GC(207) Pause Young (Normal) (G1 Evacuation Pause)
[49.406s][info][gc,task        ] GC(207) Using 6 workers of 6 for evacuation
[49.407s][info][gc,phases      ] GC(207)   Pre Evacuate Collection Set: 0.0ms
[49.407s][info][gc,phases      ] GC(207)   Evacuate Collection Set: 0.4ms
[49.407s][info][gc,phases      ] GC(207)   Post Evacuate Collection Set: 0.4ms
[49.407s][info][gc,phases      ] GC(207)   Other: 0.1ms
[49.407s][info][gc,heap        ] GC(207) Eden regions: 613->0(613)
[49.407s][info][gc,heap        ] GC(207) Survivor regions: 1->1(77)
[49.407s][info][gc,heap        ] GC(207) Old regions: 6->6
[49.407s][info][gc,heap        ] GC(207) Humongous regions: 12->12
[49.407s][info][gc,metaspace   ] GC(207) Metaspace: 17045K(19328K)->17045K(19328K) NonClass: 15422K(16896K)->15422K(16896K) Class: 1623K(2432K)->1623K(2432K)
[49.407s][info][gc             ] GC(207) Pause Young (Normal) (G1 Evacuation Pause) 629M->16M(1024M) 1.000ms
[49.407s][info][gc,cpu         ] GC(207) User=0.00s Sys=0.00s Real=0.00s
[49.575s][info][gc,start       ] GC(208) Pause Young (Normal) (G1 Evacuation Pause)
[49.575s][info][gc,task        ] GC(208) Using 6 workers of 6 for evacuation
[49.576s][info][gc,phases      ] GC(208)   Pre Evacuate Collection Set: 0.0ms
[49.576s][info][gc,phases      ] GC(208)   Evacuate Collection Set: 0.3ms
[49.576s][info][gc,phases      ] GC(208)   Post Evacuate Collection Set: 0.3ms
[49.576s][info][gc,phases      ] GC(208)   Other: 0.1ms
[49.576s][info][gc,heap        ] GC(208) Eden regions: 613->0(613)
[49.576s][info][gc,heap        ] GC(208) Survivor regions: 1->1(77)
[49.576s][info][gc,heap        ] GC(208) Old regions: 6->6
[49.576s][info][gc,heap        ] GC(208) Humongous regions: 12->12
[49.576s][info][gc,metaspace   ] GC(208) Metaspace: 17045K(19328K)->17045K(19328K) NonClass: 15422K(16896K)->15422K(16896K) Class: 1623K(2432K)->1623K(2432K)
[49.576s][info][gc             ] GC(208) Pause Young (Normal) (G1 Evacuation Pause) 629M->16M(1024M) 0.896ms
[49.576s][info][gc,cpu         ] GC(208) User=0.00s Sys=0.00s Real=0.00s
[49.751s][info][gc,start       ] GC(209) Pause Young (Normal) (G1 Evacuation Pause)
[49.751s][info][gc,task        ] GC(209) Using 6 workers of 6 for evacuation
[49.752s][info][gc,phases      ] GC(209)   Pre Evacuate Collection Set: 0.0ms
[49.752s][info][gc,phases      ] GC(209)   Evacuate Collection Set: 0.3ms
[49.752s][info][gc,phases      ] GC(209)   Post Evacuate Collection Set: 0.3ms
[49.752s][info][gc,phases      ] GC(209)   Other: 0.1ms
[49.752s][info][gc,heap        ] GC(209) Eden regions: 613->0(613)
[49.752s][info][gc,heap        ] GC(209) Survivor regions: 1->1(77)
[49.752s][info][gc,heap        ] GC(209) Old regions: 6->6
[49.752s][info][gc,heap        ] GC(209) Humongous regions: 12->12
[49.752s][info][gc,metaspace   ] GC(209) Metaspace: 17045K(19328K)->17045K(19328K) NonClass: 15422K(16896K)->15422K(16896K) Class: 1623K(2432K)->1623K(2432K)
[49.752s][info][gc             ] GC(209) Pause Young (Normal) (G1 Evacuation Pause) 629M->16M(1024M) 0.889ms
[49.752s][info][gc,cpu         ] GC(209) User=0.03s Sys=0.00s Real=0.00s
[49.921s][info][gc,start       ] GC(210) Pause Young (Normal) (G1 Evacuation Pause)
[49.921s][info][gc,task        ] GC(210) Using 6 workers of 6 for evacuation
[49.922s][info][gc,phases      ] GC(210)   Pre Evacuate Collection Set: 0.0ms
[49.922s][info][gc,phases      ] GC(210)   Evacuate Collection Set: 0.4ms
[49.922s][info][gc,phases      ] GC(210)   Post Evacuate Collection Set: 0.3ms
[49.922s][info][gc,phases      ] GC(210)   Other: 0.1ms
[49.922s][info][gc,heap        ] GC(210) Eden regions: 613->0(613)
[49.922s][info][gc,heap        ] GC(210) Survivor regions: 1->1(77)
[49.922s][info][gc,heap        ] GC(210) Old regions: 6->6
[49.922s][info][gc,heap        ] GC(210) Humongous regions: 12->12
[49.922s][info][gc,metaspace   ] GC(210) Metaspace: 17045K(19328K)->17045K(19328K) NonClass: 15422K(16896K)->15422K(16896K) Class: 1623K(2432K)->1623K(2432K)
[49.922s][info][gc             ] GC(210) Pause Young (Normal) (G1 Evacuation Pause) 629M->16M(1024M) 0.931ms
[49.922s][info][gc,cpu         ] GC(210) User=0.00s Sys=0.00s Real=0.00s
[50.090s][info][gc,start       ] GC(211) Pause Young (Normal) (G1 Evacuation Pause)
[50.090s][info][gc,task        ] GC(211) Using 6 workers of 6 for evacuation
[50.091s][info][gc,phases      ] GC(211)   Pre Evacuate Collection Set: 0.0ms
[50.091s][info][gc,phases      ] GC(211)   Evacuate Collection Set: 0.3ms
[50.091s][info][gc,phases      ] GC(211)   Post Evacuate Collection Set: 0.3ms
[50.091s][info][gc,phases      ] GC(211)   Other: 0.1ms
[50.091s][info][gc,heap        ] GC(211) Eden regions: 613->0(613)
[50.091s][info][gc,heap        ] GC(211) Survivor regions: 1->1(77)
[50.091s][info][gc,heap        ] GC(211) Old regions: 6->6
[50.091s][info][gc,heap        ] GC(211) Humongous regions: 12->12
[50.091s][info][gc,metaspace   ] GC(211) Metaspace: 17045K(19328K)->17045K(19328K) NonClass: 15422K(16896K)->15422K(16896K) Class: 1623K(2432K)->1623K(2432K)
[50.091s][info][gc             ] GC(211) Pause Young (Normal) (G1 Evacuation Pause) 629M->16M(1024M) 0.911ms
[50.091s][info][gc,cpu         ] GC(211) User=0.00s Sys=0.00s Real=0.00s
[50.260s][info][gc,start       ] GC(212) Pause Young (Normal) (G1 Evacuation Pause)
[50.260s][info][gc,task        ] GC(212) Using 6 workers of 6 for evacuation
[50.261s][info][gc,phases      ] GC(212)   Pre Evacuate Collection Set: 0.0ms
[50.261s][info][gc,phases      ] GC(212)   Evacuate Collection Set: 0.3ms
[50.261s][info][gc,phases      ] GC(212)   Post Evacuate Collection Set: 0.4ms
[50.261s][info][gc,phases      ] GC(212)   Other: 0.1ms
[50.261s][info][gc,heap        ] GC(212) Eden regions: 613->0(613)
[50.261s][info][gc,heap        ] GC(212) Survivor regions: 1->1(77)
[50.261s][info][gc,heap        ] GC(212) Old regions: 6->6
[50.261s][info][gc,heap        ] GC(212) Humongous regions: 12->12
[50.261s][info][gc,metaspace   ] GC(212) Metaspace: 17045K(19328K)->17045K(19328K) NonClass: 15422K(16896K)->15422K(16896K) Class: 1623K(2432K)->1623K(2432K)
[50.261s][info][gc             ] GC(212) Pause Young (Normal) (G1 Evacuation Pause) 629M->16M(1024M) 0.959ms
[50.261s][info][gc,cpu         ] GC(212) User=0.00s Sys=0.00s Real=0.00s
[50.436s][info][gc,start       ] GC(213) Pause Young (Normal) (G1 Evacuation Pause)
[50.436s][info][gc,task        ] GC(213) Using 6 workers of 6 for evacuation
[50.437s][info][gc,phases      ] GC(213)   Pre Evacuate Collection Set: 0.0ms
[50.437s][info][gc,phases      ] GC(213)   Evacuate Collection Set: 0.3ms
[50.437s][info][gc,phases      ] GC(213)   Post Evacuate Collection Set: 0.4ms
[50.437s][info][gc,phases      ] GC(213)   Other: 0.1ms
[50.437s][info][gc,heap        ] GC(213) Eden regions: 613->0(613)
[50.437s][info][gc,heap        ] GC(213) Survivor regions: 1->1(77)
[50.437s][info][gc,heap        ] GC(213) Old regions: 6->7
[50.437s][info][gc,heap        ] GC(213) Humongous regions: 12->12
[50.437s][info][gc,metaspace   ] GC(213) Metaspace: 17045K(19328K)->17045K(19328K) NonClass: 15422K(16896K)->15422K(16896K) Class: 1623K(2432K)->1623K(2432K)
[50.437s][info][gc             ] GC(213) Pause Young (Normal) (G1 Evacuation Pause) 629M->16M(1024M) 0.927ms
[50.437s][info][gc,cpu         ] GC(213) User=0.00s Sys=0.00s Real=0.00s
[50.605s][info][gc,start       ] GC(214) Pause Young (Normal) (G1 Evacuation Pause)
[50.605s][info][gc,task        ] GC(214) Using 6 workers of 6 for evacuation
[50.606s][info][gc,phases      ] GC(214)   Pre Evacuate Collection Set: 0.0ms
[50.606s][info][gc,phases      ] GC(214)   Evacuate Collection Set: 0.3ms
[50.606s][info][gc,phases      ] GC(214)   Post Evacuate Collection Set: 0.3ms
[50.606s][info][gc,phases      ] GC(214)   Other: 0.1ms
[50.606s][info][gc,heap        ] GC(214) Eden regions: 613->0(613)
[50.606s][info][gc,heap        ] GC(214) Survivor regions: 1->1(77)
[50.606s][info][gc,heap        ] GC(214) Old regions: 7->7
[50.606s][info][gc,heap        ] GC(214) Humongous regions: 12->12
[50.606s][info][gc,metaspace   ] GC(214) Metaspace: 17045K(19328K)->17045K(19328K) NonClass: 15422K(16896K)->15422K(16896K) Class: 1623K(2432K)->1623K(2432K)
[50.606s][info][gc             ] GC(214) Pause Young (Normal) (G1 Evacuation Pause) 629M->16M(1024M) 0.910ms
[50.606s][info][gc,cpu         ] GC(214) User=0.00s Sys=0.00s Real=0.00s
[50.773s][info][gc,start       ] GC(215) Pause Young (Normal) (G1 Evacuation Pause)
[50.773s][info][gc,task        ] GC(215) Using 6 workers of 6 for evacuation
[50.774s][info][gc,phases      ] GC(215)   Pre Evacuate Collection Set: 0.0ms
[50.774s][info][gc,phases      ] GC(215)   Evacuate Collection Set: 0.3ms
[50.774s][info][gc,phases      ] GC(215)   Post Evacuate Collection Set: 0.3ms
[50.774s][info][gc,phases      ] GC(215)   Other: 0.1ms
[50.774s][info][gc,heap        ] GC(215) Eden regions: 613->0(613)
[50.774s][info][gc,heap        ] GC(215) Survivor regions: 1->1(77)
[50.774s][info][gc,heap        ] GC(215) Old regions: 7->7
[50.774s][info][gc,heap        ] GC(215) Humongous regions: 12->12
[50.774s][info][gc,metaspace   ] GC(215) Metaspace: 17045K(19328K)->17045K(19328K) NonClass: 15422K(16896K)->15422K(16896K) Class: 1623K(2432K)->1623K(2432K)
[50.774s][info][gc             ] GC(215) Pause Young (Normal) (G1 Evacuation Pause) 629M->16M(1024M) 0.917ms
[50.774s][info][gc,cpu         ] GC(215) User=0.00s Sys=0.00s Real=0.00s
[50.942s][info][gc,start       ] GC(216) Pause Young (Normal) (G1 Evacuation Pause)
[50.942s][info][gc,task        ] GC(216) Using 6 workers of 6 for evacuation
[50.943s][info][gc,phases      ] GC(216)   Pre Evacuate Collection Set: 0.0ms
[50.943s][info][gc,phases      ] GC(216)   Evacuate Collection Set: 0.4ms
[50.943s][info][gc,phases      ] GC(216)   Post Evacuate Collection Set: 0.5ms
[50.943s][info][gc,phases      ] GC(216)   Other: 0.1ms
[50.943s][info][gc,heap        ] GC(216) Eden regions: 613->0(613)
[50.943s][info][gc,heap        ] GC(216) Survivor regions: 1->1(77)
[50.943s][info][gc,heap        ] GC(216) Old regions: 7->7
[50.943s][info][gc,heap        ] GC(216) Humongous regions: 12->12
[50.943s][info][gc,metaspace   ] GC(216) Metaspace: 17045K(19328K)->17045K(19328K) NonClass: 15422K(16896K)->15422K(16896K) Class: 1623K(2432K)->1623K(2432K)
[50.943s][info][gc             ] GC(216) Pause Young (Normal) (G1 Evacuation Pause) 629M->16M(1024M) 1.163ms
[50.943s][info][gc,cpu         ] GC(216) User=0.00s Sys=0.00s Real=0.00s
[51.119s][info][gc,start       ] GC(217) Pause Young (Normal) (G1 Evacuation Pause)
[51.119s][info][gc,task        ] GC(217) Using 6 workers of 6 for evacuation
[51.120s][info][gc,phases      ] GC(217)   Pre Evacuate Collection Set: 0.0ms
[51.120s][info][gc,phases      ] GC(217)   Evacuate Collection Set: 0.3ms
[51.120s][info][gc,phases      ] GC(217)   Post Evacuate Collection Set: 0.3ms
[51.120s][info][gc,phases      ] GC(217)   Other: 0.1ms
[51.120s][info][gc,heap        ] GC(217) Eden regions: 613->0(613)
[51.120s][info][gc,heap        ] GC(217) Survivor regions: 1->1(77)
[51.120s][info][gc,heap        ] GC(217) Old regions: 7->7
[51.120s][info][gc,heap        ] GC(217) Humongous regions: 12->12
[51.120s][info][gc,metaspace   ] GC(217) Metaspace: 17045K(19328K)->17045K(19328K) NonClass: 15422K(16896K)->15422K(16896K) Class: 1623K(2432K)->1623K(2432K)
[51.120s][info][gc             ] GC(217) Pause Young (Normal) (G1 Evacuation Pause) 629M->16M(1024M) 0.877ms
[51.120s][info][gc,cpu         ] GC(217) User=0.00s Sys=0.00s Real=0.00s
[51.292s][info][gc,start       ] GC(218) Pause Young (Normal) (G1 Evacuation Pause)
[51.292s][info][gc,task        ] GC(218) Using 6 workers of 6 for evacuation
[51.292s][info][gc,phases      ] GC(218)   Pre Evacuate Collection Set: 0.0ms
[51.292s][info][gc,phases      ] GC(218)   Evacuate Collection Set: 0.3ms
[51.292s][info][gc,phases      ] GC(218)   Post Evacuate Collection Set: 0.3ms
[51.292s][info][gc,phases      ] GC(218)   Other: 0.2ms
[51.292s][info][gc,heap        ] GC(218) Eden regions: 613->0(613)
[51.293s][info][gc,heap        ] GC(218) Survivor regions: 1->1(77)
[51.293s][info][gc,heap        ] GC(218) Old regions: 7->7
[51.293s][info][gc,heap        ] GC(218) Humongous regions: 12->12
[51.293s][info][gc,metaspace   ] GC(218) Metaspace: 17045K(19328K)->17045K(19328K) NonClass: 15422K(16896K)->15422K(16896K) Class: 1623K(2432K)->1623K(2432K)
[51.293s][info][gc             ] GC(218) Pause Young (Normal) (G1 Evacuation Pause) 629M->16M(1024M) 0.933ms
[51.293s][info][gc,cpu         ] GC(218) User=0.00s Sys=0.00s Real=0.00s
[51.463s][info][gc,start       ] GC(219) Pause Young (Normal) (G1 Evacuation Pause)
[51.463s][info][gc,task        ] GC(219) Using 6 workers of 6 for evacuation
[51.464s][info][gc,phases      ] GC(219)   Pre Evacuate Collection Set: 0.0ms
[51.464s][info][gc,phases      ] GC(219)   Evacuate Collection Set: 0.3ms
[51.464s][info][gc,phases      ] GC(219)   Post Evacuate Collection Set: 0.4ms
[51.464s][info][gc,phases      ] GC(219)   Other: 0.2ms
[51.464s][info][gc,heap        ] GC(219) Eden regions: 613->0(613)
[51.464s][info][gc,heap        ] GC(219) Survivor regions: 1->1(77)
[51.464s][info][gc,heap        ] GC(219) Old regions: 7->7
[51.464s][info][gc,heap        ] GC(219) Humongous regions: 12->12
[51.464s][info][gc,metaspace   ] GC(219) Metaspace: 17045K(19328K)->17045K(19328K) NonClass: 15422K(16896K)->15422K(16896K) Class: 1623K(2432K)->1623K(2432K)
[51.464s][info][gc             ] GC(219) Pause Young (Normal) (G1 Evacuation Pause) 629M->16M(1024M) 0.945ms
[51.464s][info][gc,cpu         ] GC(219) User=0.00s Sys=0.00s Real=0.00s
[51.632s][info][gc,start       ] GC(220) Pause Young (Normal) (G1 Evacuation Pause)
[51.632s][info][gc,task        ] GC(220) Using 6 workers of 6 for evacuation
[51.632s][info][gc,phases      ] GC(220)   Pre Evacuate Collection Set: 0.0ms
[51.632s][info][gc,phases      ] GC(220)   Evacuate Collection Set: 0.3ms
[51.632s][info][gc,phases      ] GC(220)   Post Evacuate Collection Set: 0.3ms
[51.633s][info][gc,phases      ] GC(220)   Other: 0.1ms
[51.633s][info][gc,heap        ] GC(220) Eden regions: 613->0(613)
[51.633s][info][gc,heap        ] GC(220) Survivor regions: 1->1(77)
[51.633s][info][gc,heap        ] GC(220) Old regions: 7->7
[51.633s][info][gc,heap        ] GC(220) Humongous regions: 12->12
[51.633s][info][gc,metaspace   ] GC(220) Metaspace: 17045K(19328K)->17045K(19328K) NonClass: 15422K(16896K)->15422K(16896K) Class: 1623K(2432K)->1623K(2432K)
[51.633s][info][gc             ] GC(220) Pause Young (Normal) (G1 Evacuation Pause) 629M->16M(1024M) 0.905ms
[51.633s][info][gc,cpu         ] GC(220) User=0.00s Sys=0.00s Real=0.00s
[51.802s][info][gc,start       ] GC(221) Pause Young (Normal) (G1 Evacuation Pause)
[51.802s][info][gc,task        ] GC(221) Using 6 workers of 6 for evacuation
[51.802s][info][gc,phases      ] GC(221)   Pre Evacuate Collection Set: 0.0ms
[51.802s][info][gc,phases      ] GC(221)   Evacuate Collection Set: 0.3ms
[51.803s][info][gc,phases      ] GC(221)   Post Evacuate Collection Set: 0.3ms
[51.803s][info][gc,phases      ] GC(221)   Other: 0.1ms
[51.803s][info][gc,heap        ] GC(221) Eden regions: 613->0(613)
[51.803s][info][gc,heap        ] GC(221) Survivor regions: 1->1(77)
[51.803s][info][gc,heap        ] GC(221) Old regions: 7->7
[51.803s][info][gc,heap        ] GC(221) Humongous regions: 12->12
[51.803s][info][gc,metaspace   ] GC(221) Metaspace: 17045K(19328K)->17045K(19328K) NonClass: 15422K(16896K)->15422K(16896K) Class: 1623K(2432K)->1623K(2432K)
[51.803s][info][gc             ] GC(221) Pause Young (Normal) (G1 Evacuation Pause) 629M->16M(1024M) 0.883ms
[51.803s][info][gc,cpu         ] GC(221) User=0.00s Sys=0.00s Real=0.00s
[51.970s][info][gc,start       ] GC(222) Pause Young (Normal) (G1 Evacuation Pause)
[51.970s][info][gc,task        ] GC(222) Using 6 workers of 6 for evacuation
[51.971s][info][gc,phases      ] GC(222)   Pre Evacuate Collection Set: 0.0ms
[51.971s][info][gc,phases      ] GC(222)   Evacuate Collection Set: 0.3ms
[51.971s][info][gc,phases      ] GC(222)   Post Evacuate Collection Set: 0.3ms
[51.971s][info][gc,phases      ] GC(222)   Other: 0.1ms
[51.971s][info][gc,heap        ] GC(222) Eden regions: 613->0(613)
[51.971s][info][gc,heap        ] GC(222) Survivor regions: 1->1(77)
[51.971s][info][gc,heap        ] GC(222) Old regions: 7->7
[51.971s][info][gc,heap        ] GC(222) Humongous regions: 12->12
[51.971s][info][gc,metaspace   ] GC(222) Metaspace: 17045K(19328K)->17045K(19328K) NonClass: 15422K(16896K)->15422K(16896K) Class: 1623K(2432K)->1623K(2432K)
[51.971s][info][gc             ] GC(222) Pause Young (Normal) (G1 Evacuation Pause) 629M->16M(1024M) 0.928ms
[51.971s][info][gc,cpu         ] GC(222) User=0.00s Sys=0.00s Real=0.00s
[52.140s][info][gc,start       ] GC(223) Pause Young (Normal) (G1 Evacuation Pause)
[52.140s][info][gc,task        ] GC(223) Using 6 workers of 6 for evacuation
[52.140s][info][gc,phases      ] GC(223)   Pre Evacuate Collection Set: 0.0ms
[52.140s][info][gc,phases      ] GC(223)   Evacuate Collection Set: 0.3ms
[52.140s][info][gc,phases      ] GC(223)   Post Evacuate Collection Set: 0.3ms
[52.140s][info][gc,phases      ] GC(223)   Other: 0.1ms
[52.140s][info][gc,heap        ] GC(223) Eden regions: 613->0(613)
[52.140s][info][gc,heap        ] GC(223) Survivor regions: 1->1(77)
[52.140s][info][gc,heap        ] GC(223) Old regions: 7->7
[52.140s][info][gc,heap        ] GC(223) Humongous regions: 12->12
[52.140s][info][gc,metaspace   ] GC(223) Metaspace: 17045K(19328K)->17045K(19328K) NonClass: 15422K(16896K)->15422K(16896K) Class: 1623K(2432K)->1623K(2432K)
[52.140s][info][gc             ] GC(223) Pause Young (Normal) (G1 Evacuation Pause) 629M->16M(1024M) 0.861ms
[52.140s][info][gc,cpu         ] GC(223) User=0.00s Sys=0.00s Real=0.00s
[52.313s][info][gc,start       ] GC(224) Pause Young (Normal) (G1 Evacuation Pause)
[52.313s][info][gc,task        ] GC(224) Using 6 workers of 6 for evacuation
[52.314s][info][gc,phases      ] GC(224)   Pre Evacuate Collection Set: 0.0ms
[52.314s][info][gc,phases      ] GC(224)   Evacuate Collection Set: 0.4ms
[52.314s][info][gc,phases      ] GC(224)   Post Evacuate Collection Set: 0.3ms
[52.314s][info][gc,phases      ] GC(224)   Other: 0.1ms
[52.314s][info][gc,heap        ] GC(224) Eden regions: 613->0(613)
[52.314s][info][gc,heap        ] GC(224) Survivor regions: 1->1(77)
[52.314s][info][gc,heap        ] GC(224) Old regions: 7->7
[52.314s][info][gc,heap        ] GC(224) Humongous regions: 12->12
[52.314s][info][gc,metaspace   ] GC(224) Metaspace: 17045K(19328K)->17045K(19328K) NonClass: 15422K(16896K)->15422K(16896K) Class: 1623K(2432K)->1623K(2432K)
[52.314s][info][gc             ] GC(224) Pause Young (Normal) (G1 Evacuation Pause) 629M->16M(1024M) 0.986ms
[52.314s][info][gc,cpu         ] GC(224) User=0.00s Sys=0.00s Real=0.00s
[52.489s][info][gc,start       ] GC(225) Pause Young (Normal) (G1 Evacuation Pause)
[52.489s][info][gc,task        ] GC(225) Using 6 workers of 6 for evacuation
[52.490s][info][gc,phases      ] GC(225)   Pre Evacuate Collection Set: 0.0ms
[52.490s][info][gc,phases      ] GC(225)   Evacuate Collection Set: 0.3ms
[52.490s][info][gc,phases      ] GC(225)   Post Evacuate Collection Set: 0.4ms
[52.490s][info][gc,phases      ] GC(225)   Other: 0.2ms
[52.490s][info][gc,heap        ] GC(225) Eden regions: 613->0(613)
[52.490s][info][gc,heap        ] GC(225) Survivor regions: 1->1(77)
[52.490s][info][gc,heap        ] GC(225) Old regions: 7->7
[52.490s][info][gc,heap        ] GC(225) Humongous regions: 12->12
[52.490s][info][gc,metaspace   ] GC(225) Metaspace: 17045K(19328K)->17045K(19328K) NonClass: 15422K(16896K)->15422K(16896K) Class: 1623K(2432K)->1623K(2432K)
[52.490s][info][gc             ] GC(225) Pause Young (Normal) (G1 Evacuation Pause) 629M->16M(1024M) 0.918ms
[52.490s][info][gc,cpu         ] GC(225) User=0.00s Sys=0.00s Real=0.00s
[52.658s][info][gc,start       ] GC(226) Pause Young (Normal) (G1 Evacuation Pause)
[52.658s][info][gc,task        ] GC(226) Using 6 workers of 6 for evacuation
[52.659s][info][gc,phases      ] GC(226)   Pre Evacuate Collection Set: 0.0ms
[52.659s][info][gc,phases      ] GC(226)   Evacuate Collection Set: 0.3ms
[52.659s][info][gc,phases      ] GC(226)   Post Evacuate Collection Set: 0.4ms
[52.659s][info][gc,phases      ] GC(226)   Other: 0.1ms
[52.659s][info][gc,heap        ] GC(226) Eden regions: 613->0(613)
[52.659s][info][gc,heap        ] GC(226) Survivor regions: 1->1(77)
[52.659s][info][gc,heap        ] GC(226) Old regions: 7->7
[52.659s][info][gc,heap        ] GC(226) Humongous regions: 12->12
[52.659s][info][gc,metaspace   ] GC(226) Metaspace: 17045K(19328K)->17045K(19328K) NonClass: 15422K(16896K)->15422K(16896K) Class: 1623K(2432K)->1623K(2432K)
[52.659s][info][gc             ] GC(226) Pause Young (Normal) (G1 Evacuation Pause) 629M->16M(1024M) 0.934ms
[52.659s][info][gc,cpu         ] GC(226) User=0.00s Sys=0.00s Real=0.00s
[52.828s][info][gc,start       ] GC(227) Pause Young (Normal) (G1 Evacuation Pause)
[52.828s][info][gc,task        ] GC(227) Using 6 workers of 6 for evacuation
[52.829s][info][gc,phases      ] GC(227)   Pre Evacuate Collection Set: 0.0ms
[52.829s][info][gc,phases      ] GC(227)   Evacuate Collection Set: 0.3ms
[52.829s][info][gc,phases      ] GC(227)   Post Evacuate Collection Set: 0.4ms
[52.829s][info][gc,phases      ] GC(227)   Other: 0.1ms
[52.829s][info][gc,heap        ] GC(227) Eden regions: 613->0(613)
[52.829s][info][gc,heap        ] GC(227) Survivor regions: 1->1(77)
[52.829s][info][gc,heap        ] GC(227) Old regions: 7->7
[52.829s][info][gc,heap        ] GC(227) Humongous regions: 12->12
[52.829s][info][gc,metaspace   ] GC(227) Metaspace: 17045K(19328K)->17045K(19328K) NonClass: 15422K(16896K)->15422K(16896K) Class: 1623K(2432K)->1623K(2432K)
[52.829s][info][gc             ] GC(227) Pause Young (Normal) (G1 Evacuation Pause) 629M->16M(1024M) 0.942ms
[52.829s][info][gc,cpu         ] GC(227) User=0.00s Sys=0.00s Real=0.00s
[52.996s][info][gc,start       ] GC(228) Pause Young (Normal) (G1 Evacuation Pause)
[52.996s][info][gc,task        ] GC(228) Using 6 workers of 6 for evacuation
[52.996s][info][gc,phases      ] GC(228)   Pre Evacuate Collection Set: 0.0ms
[52.996s][info][gc,phases      ] GC(228)   Evacuate Collection Set: 0.3ms
[52.996s][info][gc,phases      ] GC(228)   Post Evacuate Collection Set: 0.3ms
[52.996s][info][gc,phases      ] GC(228)   Other: 0.1ms
[52.996s][info][gc,heap        ] GC(228) Eden regions: 613->0(613)
[52.996s][info][gc,heap        ] GC(228) Survivor regions: 1->1(77)
[52.996s][info][gc,heap        ] GC(228) Old regions: 7->7
[52.996s][info][gc,heap        ] GC(228) Humongous regions: 12->12
[52.996s][info][gc,metaspace   ] GC(228) Metaspace: 17045K(19328K)->17045K(19328K) NonClass: 15422K(16896K)->15422K(16896K) Class: 1623K(2432K)->1623K(2432K)
[52.996s][info][gc             ] GC(228) Pause Young (Normal) (G1 Evacuation Pause) 629M->16M(1024M) 0.869ms
[52.996s][info][gc,cpu         ] GC(228) User=0.00s Sys=0.00s Real=0.00s
[53.163s][info][gc,start       ] GC(229) Pause Young (Normal) (G1 Evacuation Pause)
[53.163s][info][gc,task        ] GC(229) Using 6 workers of 6 for evacuation
[53.164s][info][gc,phases      ] GC(229)   Pre Evacuate Collection Set: 0.0ms
[53.164s][info][gc,phases      ] GC(229)   Evacuate Collection Set: 0.3ms
[53.164s][info][gc,phases      ] GC(229)   Post Evacuate Collection Set: 0.4ms
[53.164s][info][gc,phases      ] GC(229)   Other: 0.1ms
[53.164s][info][gc,heap        ] GC(229) Eden regions: 613->0(613)
[53.164s][info][gc,heap        ] GC(229) Survivor regions: 1->1(77)
[53.164s][info][gc,heap        ] GC(229) Old regions: 7->7
[53.164s][info][gc,heap        ] GC(229) Humongous regions: 12->12
[53.164s][info][gc,metaspace   ] GC(229) Metaspace: 17045K(19328K)->17045K(19328K) NonClass: 15422K(16896K)->15422K(16896K) Class: 1623K(2432K)->1623K(2432K)
[53.164s][info][gc             ] GC(229) Pause Young (Normal) (G1 Evacuation Pause) 629M->16M(1024M) 0.936ms
[53.164s][info][gc,cpu         ] GC(229) User=0.00s Sys=0.00s Real=0.00s
[53.339s][info][gc,start       ] GC(230) Pause Young (Normal) (G1 Evacuation Pause)
[53.339s][info][gc,task        ] GC(230) Using 6 workers of 6 for evacuation
[53.340s][info][gc,phases      ] GC(230)   Pre Evacuate Collection Set: 0.0ms
[53.340s][info][gc,phases      ] GC(230)   Evacuate Collection Set: 0.3ms
[53.340s][info][gc,phases      ] GC(230)   Post Evacuate Collection Set: 0.3ms
[53.340s][info][gc,phases      ] GC(230)   Other: 0.1ms
[53.340s][info][gc,heap        ] GC(230) Eden regions: 613->0(613)
[53.340s][info][gc,heap        ] GC(230) Survivor regions: 1->1(77)
[53.340s][info][gc,heap        ] GC(230) Old regions: 7->7
[53.340s][info][gc,heap        ] GC(230) Humongous regions: 12->12
[53.340s][info][gc,metaspace   ] GC(230) Metaspace: 17045K(19328K)->17045K(19328K) NonClass: 15422K(16896K)->15422K(16896K) Class: 1623K(2432K)->1623K(2432K)
[53.340s][info][gc             ] GC(230) Pause Young (Normal) (G1 Evacuation Pause) 629M->16M(1024M) 0.899ms
[53.340s][info][gc,cpu         ] GC(230) User=0.00s Sys=0.00s Real=0.00s
[53.509s][info][gc,start       ] GC(231) Pause Young (Normal) (G1 Evacuation Pause)
[53.509s][info][gc,task        ] GC(231) Using 6 workers of 6 for evacuation
[53.510s][info][gc,phases      ] GC(231)   Pre Evacuate Collection Set: 0.0ms
[53.510s][info][gc,phases      ] GC(231)   Evacuate Collection Set: 0.3ms
[53.510s][info][gc,phases      ] GC(231)   Post Evacuate Collection Set: 0.3ms
[53.510s][info][gc,phases      ] GC(231)   Other: 0.1ms
[53.510s][info][gc,heap        ] GC(231) Eden regions: 613->0(613)
[53.510s][info][gc,heap        ] GC(231) Survivor regions: 1->1(77)
[53.510s][info][gc,heap        ] GC(231) Old regions: 7->7
[53.510s][info][gc,heap        ] GC(231) Humongous regions: 12->12
[53.510s][info][gc,metaspace   ] GC(231) Metaspace: 17045K(19328K)->17045K(19328K) NonClass: 15422K(16896K)->15422K(16896K) Class: 1623K(2432K)->1623K(2432K)
[53.510s][info][gc             ] GC(231) Pause Young (Normal) (G1 Evacuation Pause) 629M->16M(1024M) 0.888ms
[53.510s][info][gc,cpu         ] GC(231) User=0.00s Sys=0.00s Real=0.00s
[53.679s][info][gc,start       ] GC(232) Pause Young (Normal) (G1 Evacuation Pause)
[53.679s][info][gc,task        ] GC(232) Using 6 workers of 6 for evacuation
[53.680s][info][gc,phases      ] GC(232)   Pre Evacuate Collection Set: 0.0ms
[53.680s][info][gc,phases      ] GC(232)   Evacuate Collection Set: 0.3ms
[53.680s][info][gc,phases      ] GC(232)   Post Evacuate Collection Set: 0.3ms
[53.680s][info][gc,phases      ] GC(232)   Other: 0.1ms
[53.680s][info][gc,heap        ] GC(232) Eden regions: 613->0(613)
[53.680s][info][gc,heap        ] GC(232) Survivor regions: 1->1(77)
[53.680s][info][gc,heap        ] GC(232) Old regions: 7->7
[53.680s][info][gc,heap        ] GC(232) Humongous regions: 12->12
[53.680s][info][gc,metaspace   ] GC(232) Metaspace: 17045K(19328K)->17045K(19328K) NonClass: 15422K(16896K)->15422K(16896K) Class: 1623K(2432K)->1623K(2432K)
[53.680s][info][gc             ] GC(232) Pause Young (Normal) (G1 Evacuation Pause) 629M->16M(1024M) 0.887ms
[53.680s][info][gc,cpu         ] GC(232) User=0.00s Sys=0.00s Real=0.00s
[53.854s][info][gc,start       ] GC(233) Pause Young (Normal) (G1 Evacuation Pause)
[53.854s][info][gc,task        ] GC(233) Using 6 workers of 6 for evacuation
[53.855s][info][gc,phases      ] GC(233)   Pre Evacuate Collection Set: 0.0ms
[53.855s][info][gc,phases      ] GC(233)   Evacuate Collection Set: 0.3ms
[53.855s][info][gc,phases      ] GC(233)   Post Evacuate Collection Set: 0.3ms
[53.855s][info][gc,phases      ] GC(233)   Other: 0.1ms
[53.855s][info][gc,heap        ] GC(233) Eden regions: 613->0(613)
[53.855s][info][gc,heap        ] GC(233) Survivor regions: 1->1(77)
[53.855s][info][gc,heap        ] GC(233) Old regions: 7->7
[53.855s][info][gc,heap        ] GC(233) Humongous regions: 12->12
[53.855s][info][gc,metaspace   ] GC(233) Metaspace: 17045K(19328K)->17045K(19328K) NonClass: 15422K(16896K)->15422K(16896K) Class: 1623K(2432K)->1623K(2432K)
[53.855s][info][gc             ] GC(233) Pause Young (Normal) (G1 Evacuation Pause) 629M->16M(1024M) 0.883ms
[53.855s][info][gc,cpu         ] GC(233) User=0.00s Sys=0.00s Real=0.00s
[54.024s][info][gc,start       ] GC(234) Pause Young (Normal) (G1 Evacuation Pause)
[54.024s][info][gc,task        ] GC(234) Using 6 workers of 6 for evacuation
[54.024s][info][gc,phases      ] GC(234)   Pre Evacuate Collection Set: 0.0ms
[54.024s][info][gc,phases      ] GC(234)   Evacuate Collection Set: 0.3ms
[54.024s][info][gc,phases      ] GC(234)   Post Evacuate Collection Set: 0.3ms
[54.025s][info][gc,phases      ] GC(234)   Other: 0.1ms
[54.025s][info][gc,heap        ] GC(234) Eden regions: 613->0(613)
[54.025s][info][gc,heap        ] GC(234) Survivor regions: 1->1(77)
[54.025s][info][gc,heap        ] GC(234) Old regions: 7->7
[54.025s][info][gc,heap        ] GC(234) Humongous regions: 12->12
[54.025s][info][gc,metaspace   ] GC(234) Metaspace: 17045K(19328K)->17045K(19328K) NonClass: 15422K(16896K)->15422K(16896K) Class: 1623K(2432K)->1623K(2432K)
[54.025s][info][gc             ] GC(234) Pause Young (Normal) (G1 Evacuation Pause) 629M->16M(1024M) 0.871ms
[54.025s][info][gc,cpu         ] GC(234) User=0.00s Sys=0.00s Real=0.00s
[54.191s][info][gc,start       ] GC(235) Pause Young (Normal) (G1 Evacuation Pause)
[54.192s][info][gc,task        ] GC(235) Using 6 workers of 6 for evacuation
[54.192s][info][gc,phases      ] GC(235)   Pre Evacuate Collection Set: 0.0ms
[54.192s][info][gc,phases      ] GC(235)   Evacuate Collection Set: 0.3ms
[54.192s][info][gc,phases      ] GC(235)   Post Evacuate Collection Set: 0.4ms
[54.192s][info][gc,phases      ] GC(235)   Other: 0.1ms
[54.192s][info][gc,heap        ] GC(235) Eden regions: 613->0(613)
[54.192s][info][gc,heap        ] GC(235) Survivor regions: 1->1(77)
[54.192s][info][gc,heap        ] GC(235) Old regions: 7->7
[54.192s][info][gc,heap        ] GC(235) Humongous regions: 12->12
[54.192s][info][gc,metaspace   ] GC(235) Metaspace: 17045K(19328K)->17045K(19328K) NonClass: 15422K(16896K)->15422K(16896K) Class: 1623K(2432K)->1623K(2432K)
[54.192s][info][gc             ] GC(235) Pause Young (Normal) (G1 Evacuation Pause) 629M->16M(1024M) 0.940ms
[54.192s][info][gc,cpu         ] GC(235) User=0.00s Sys=0.00s Real=0.00s
[54.572s][info][gc,task        ] GC(236) Using 6 workers of 6 for full compaction
[54.572s][info][gc,start       ] GC(236) Pause Full (System.gc())
[54.572s][info][gc,phases,start] GC(236) Phase 1: Mark live objects
[54.575s][info][gc,stringtable ] GC(236) Cleaned string and symbol table, strings: 6720 processed, 0 removed, symbols: 50533 processed, 0 removed
[54.575s][info][gc,phases      ] GC(236) Phase 1: Mark live objects 3.402ms
[54.575s][info][gc,phases,start] GC(236) Phase 2: Prepare for compaction
[54.576s][info][gc,phases      ] GC(236) Phase 2: Prepare for compaction 1.077ms
[54.576s][info][gc,phases,start] GC(236) Phase 3: Adjust pointers
[54.580s][info][gc,phases      ] GC(236) Phase 3: Adjust pointers 3.687ms
[54.580s][info][gc,phases,start] GC(236) Phase 4: Compact heap
[54.581s][info][gc,phases      ] GC(236) Phase 4: Compact heap 0.832ms
[54.584s][info][gc,heap        ] GC(236) Eden regions: 588->0(614)
[54.584s][info][gc,heap        ] GC(236) Survivor regions: 1->0(77)
[54.584s][info][gc,heap        ] GC(236) Old regions: 7->6
[54.584s][info][gc,heap        ] GC(236) Humongous regions: 18->6
[54.584s][info][gc,metaspace   ] GC(236) Metaspace: 17045K(19328K)->17045K(19328K) NonClass: 15422K(16896K)->15422K(16896K) Class: 1623K(2432K)->1623K(2432K)
[54.584s][info][gc             ] GC(236) Pause Full (System.gc()) 610M->10M(1024M) 12.259ms
[54.584s][info][gc,cpu         ] GC(236) User=0.02s Sys=0.00s Real=0.02s
[54.758s][info][gc,start       ] GC(237) Pause Young (Normal) (G1 Evacuation Pause)
[54.758s][info][gc,task        ] GC(237) Using 6 workers of 6 for evacuation
[54.759s][info][gc,phases      ] GC(237)   Pre Evacuate Collection Set: 0.0ms
[54.759s][info][gc,phases      ] GC(237)   Evacuate Collection Set: 0.3ms
[54.759s][info][gc,phases      ] GC(237)   Post Evacuate Collection Set: 0.3ms
[54.759s][info][gc,phases      ] GC(237)   Other: 0.1ms
[54.759s][info][gc,heap        ] GC(237) Eden regions: 614->0(613)
[54.759s][info][gc,heap        ] GC(237) Survivor regions: 0->1(77)
[54.759s][info][gc,heap        ] GC(237) Old regions: 6->6
[54.759s][info][gc,heap        ] GC(237) Humongous regions: 12->12
[54.759s][info][gc,metaspace   ] GC(237) Metaspace: 17045K(19328K)->17045K(19328K) NonClass: 15422K(16896K)->15422K(16896K) Class: 1623K(2432K)->1623K(2432K)
[54.759s][info][gc             ] GC(237) Pause Young (Normal) (G1 Evacuation Pause) 630M->16M(1024M) 0.862ms
[54.759s][info][gc,cpu         ] GC(237) User=0.00s Sys=0.00s Real=0.00s
[54.926s][info][gc,start       ] GC(238) Pause Young (Normal) (G1 Evacuation Pause)
[54.926s][info][gc,task        ] GC(238) Using 6 workers of 6 for evacuation
[54.926s][info][gc,phases      ] GC(238)   Pre Evacuate Collection Set: 0.0ms
[54.926s][info][gc,phases      ] GC(238)   Evacuate Collection Set: 0.3ms
[54.926s][info][gc,phases      ] GC(238)   Post Evacuate Collection Set: 0.3ms
[54.926s][info][gc,phases      ] GC(238)   Other: 0.1ms
[54.926s][info][gc,heap        ] GC(238) Eden regions: 613->0(613)
[54.926s][info][gc,heap        ] GC(238) Survivor regions: 1->1(77)
[54.926s][info][gc,heap        ] GC(238) Old regions: 6->6
[54.926s][info][gc,heap        ] GC(238) Humongous regions: 12->12
[54.926s][info][gc,metaspace   ] GC(238) Metaspace: 17045K(19328K)->17045K(19328K) NonClass: 15422K(16896K)->15422K(16896K) Class: 1623K(2432K)->1623K(2432K)
[54.926s][info][gc             ] GC(238) Pause Young (Normal) (G1 Evacuation Pause) 629M->16M(1024M) 0.853ms
[54.926s][info][gc,cpu         ] GC(238) User=0.00s Sys=0.00s Real=0.00s
[55.098s][info][gc,start       ] GC(239) Pause Young (Normal) (G1 Evacuation Pause)
[55.098s][info][gc,task        ] GC(239) Using 6 workers of 6 for evacuation
[55.099s][info][gc,phases      ] GC(239)   Pre Evacuate Collection Set: 0.0ms
[55.099s][info][gc,phases      ] GC(239)   Evacuate Collection Set: 0.3ms
[55.099s][info][gc,phases      ] GC(239)   Post Evacuate Collection Set: 0.3ms
[55.099s][info][gc,phases      ] GC(239)   Other: 0.1ms
[55.099s][info][gc,heap        ] GC(239) Eden regions: 613->0(613)
[55.099s][info][gc,heap        ] GC(239) Survivor regions: 1->1(77)
[55.099s][info][gc,heap        ] GC(239) Old regions: 6->6
[55.099s][info][gc,heap        ] GC(239) Humongous regions: 12->12
[55.099s][info][gc,metaspace   ] GC(239) Metaspace: 17045K(19328K)->17045K(19328K) NonClass: 15422K(16896K)->15422K(16896K) Class: 1623K(2432K)->1623K(2432K)
[55.099s][info][gc             ] GC(239) Pause Young (Normal) (G1 Evacuation Pause) 629M->16M(1024M) 0.902ms
[55.099s][info][gc,cpu         ] GC(239) User=0.00s Sys=0.00s Real=0.00s
[55.267s][info][gc,start       ] GC(240) Pause Young (Normal) (G1 Evacuation Pause)
[55.267s][info][gc,task        ] GC(240) Using 6 workers of 6 for evacuation
[55.268s][info][gc,phases      ] GC(240)   Pre Evacuate Collection Set: 0.0ms
[55.268s][info][gc,phases      ] GC(240)   Evacuate Collection Set: 0.3ms
[55.268s][info][gc,phases      ] GC(240)   Post Evacuate Collection Set: 0.3ms
[55.268s][info][gc,phases      ] GC(240)   Other: 0.1ms
[55.268s][info][gc,heap        ] GC(240) Eden regions: 613->0(613)
[55.268s][info][gc,heap        ] GC(240) Survivor regions: 1->1(77)
[55.268s][info][gc,heap        ] GC(240) Old regions: 6->6
[55.268s][info][gc,heap        ] GC(240) Humongous regions: 12->12
[55.268s][info][gc,metaspace   ] GC(240) Metaspace: 17045K(19328K)->17045K(19328K) NonClass: 15422K(16896K)->15422K(16896K) Class: 1623K(2432K)->1623K(2432K)
[55.268s][info][gc             ] GC(240) Pause Young (Normal) (G1 Evacuation Pause) 629M->16M(1024M) 0.881ms
[55.268s][info][gc,cpu         ] GC(240) User=0.00s Sys=0.02s Real=0.00s
[55.641s][info][gc,start       ] GC(241) Pause Young (Normal) (G1 Evacuation Pause)
[55.641s][info][gc,task        ] GC(241) Using 6 workers of 6 for evacuation
[55.642s][info][gc,phases      ] GC(241)   Pre Evacuate Collection Set: 0.0ms
[55.642s][info][gc,phases      ] GC(241)   Evacuate Collection Set: 0.3ms
[55.642s][info][gc,phases      ] GC(241)   Post Evacuate Collection Set: 0.4ms
[55.642s][info][gc,phases      ] GC(241)   Other: 0.1ms
[55.642s][info][gc,heap        ] GC(241) Eden regions: 613->0(613)
[55.642s][info][gc,heap        ] GC(241) Survivor regions: 1->1(77)
[55.642s][info][gc,heap        ] GC(241) Old regions: 6->6
[55.642s][info][gc,heap        ] GC(241) Humongous regions: 12->12
[55.642s][info][gc,metaspace   ] GC(241) Metaspace: 17045K(19328K)->17045K(19328K) NonClass: 15422K(16896K)->15422K(16896K) Class: 1623K(2432K)->1623K(2432K)
[55.642s][info][gc             ] GC(241) Pause Young (Normal) (G1 Evacuation Pause) 629M->16M(1024M) 1.005ms
[55.642s][info][gc,cpu         ] GC(241) User=0.00s Sys=0.00s Real=0.00s
[55.813s][info][gc,start       ] GC(242) Pause Young (Normal) (G1 Evacuation Pause)
[55.813s][info][gc,task        ] GC(242) Using 6 workers of 6 for evacuation
[55.814s][info][gc,phases      ] GC(242)   Pre Evacuate Collection Set: 0.0ms
[55.814s][info][gc,phases      ] GC(242)   Evacuate Collection Set: 0.3ms
[55.814s][info][gc,phases      ] GC(242)   Post Evacuate Collection Set: 0.3ms
[55.814s][info][gc,phases      ] GC(242)   Other: 0.1ms
[55.814s][info][gc,heap        ] GC(242) Eden regions: 613->0(613)
[55.814s][info][gc,heap        ] GC(242) Survivor regions: 1->1(77)
[55.814s][info][gc,heap        ] GC(242) Old regions: 6->6
[55.814s][info][gc,heap        ] GC(242) Humongous regions: 12->12
[55.814s][info][gc,metaspace   ] GC(242) Metaspace: 17045K(19328K)->17045K(19328K) NonClass: 15422K(16896K)->15422K(16896K) Class: 1623K(2432K)->1623K(2432K)
[55.814s][info][gc             ] GC(242) Pause Young (Normal) (G1 Evacuation Pause) 629M->16M(1024M) 0.859ms
[55.814s][info][gc,cpu         ] GC(242) User=0.00s Sys=0.00s Real=0.00s
[55.978s][info][gc,start       ] GC(243) Pause Young (Normal) (G1 Evacuation Pause)
[55.978s][info][gc,task        ] GC(243) Using 6 workers of 6 for evacuation
[55.979s][info][gc,phases      ] GC(243)   Pre Evacuate Collection Set: 0.0ms
[55.979s][info][gc,phases      ] GC(243)   Evacuate Collection Set: 0.3ms
[55.979s][info][gc,phases      ] GC(243)   Post Evacuate Collection Set: 0.4ms
[55.979s][info][gc,phases      ] GC(243)   Other: 0.1ms
[55.979s][info][gc,heap        ] GC(243) Eden regions: 613->0(613)
[55.979s][info][gc,heap        ] GC(243) Survivor regions: 1->1(77)
[55.979s][info][gc,heap        ] GC(243) Old regions: 6->6
[55.979s][info][gc,heap        ] GC(243) Humongous regions: 12->12
[55.979s][info][gc,metaspace   ] GC(243) Metaspace: 17045K(19328K)->17045K(19328K) NonClass: 15422K(16896K)->15422K(16896K) Class: 1623K(2432K)->1623K(2432K)
[55.979s][info][gc             ] GC(243) Pause Young (Normal) (G1 Evacuation Pause) 629M->16M(1024M) 0.952ms
[55.979s][info][gc,cpu         ] GC(243) User=0.00s Sys=0.00s Real=0.00s
[56.145s][info][gc,start       ] GC(244) Pause Young (Normal) (G1 Evacuation Pause)
[56.145s][info][gc,task        ] GC(244) Using 6 workers of 6 for evacuation
[56.146s][info][gc,phases      ] GC(244)   Pre Evacuate Collection Set: 0.0ms
[56.146s][info][gc,phases      ] GC(244)   Evacuate Collection Set: 0.3ms
[56.146s][info][gc,phases      ] GC(244)   Post Evacuate Collection Set: 0.3ms
[56.146s][info][gc,phases      ] GC(244)   Other: 0.1ms
[56.146s][info][gc,heap        ] GC(244) Eden regions: 613->0(613)
[56.146s][info][gc,heap        ] GC(244) Survivor regions: 1->1(77)
[56.146s][info][gc,heap        ] GC(244) Old regions: 6->6
[56.146s][info][gc,heap        ] GC(244) Humongous regions: 12->12
[56.146s][info][gc,metaspace   ] GC(244) Metaspace: 17045K(19328K)->17045K(19328K) NonClass: 15422K(16896K)->15422K(16896K) Class: 1623K(2432K)->1623K(2432K)
[56.146s][info][gc             ] GC(244) Pause Young (Normal) (G1 Evacuation Pause) 629M->16M(1024M) 0.847ms
[56.146s][info][gc,cpu         ] GC(244) User=0.00s Sys=0.00s Real=0.00s
[56.318s][info][gc,start       ] GC(245) Pause Young (Normal) (G1 Evacuation Pause)
[56.318s][info][gc,task        ] GC(245) Using 6 workers of 6 for evacuation
[56.319s][info][gc,phases      ] GC(245)   Pre Evacuate Collection Set: 0.0ms
[56.319s][info][gc,phases      ] GC(245)   Evacuate Collection Set: 0.3ms
[56.319s][info][gc,phases      ] GC(245)   Post Evacuate Collection Set: 0.4ms
[56.319s][info][gc,phases      ] GC(245)   Other: 0.2ms
[56.319s][info][gc,heap        ] GC(245) Eden regions: 613->0(613)
[56.319s][info][gc,heap        ] GC(245) Survivor regions: 1->1(77)
[56.319s][info][gc,heap        ] GC(245) Old regions: 6->6
[56.319s][info][gc,heap        ] GC(245) Humongous regions: 12->12
[56.319s][info][gc,metaspace   ] GC(245) Metaspace: 17045K(19328K)->17045K(19328K) NonClass: 15422K(16896K)->15422K(16896K) Class: 1623K(2432K)->1623K(2432K)
[56.319s][info][gc             ] GC(245) Pause Young (Normal) (G1 Evacuation Pause) 629M->16M(1024M) 1.025ms
[56.319s][info][gc,cpu         ] GC(245) User=0.00s Sys=0.00s Real=0.00s
[56.494s][info][gc,start       ] GC(246) Pause Young (Normal) (G1 Evacuation Pause)
[56.494s][info][gc,task        ] GC(246) Using 6 workers of 6 for evacuation
[56.495s][info][gc,phases      ] GC(246)   Pre Evacuate Collection Set: 0.0ms
[56.495s][info][gc,phases      ] GC(246)   Evacuate Collection Set: 0.3ms
[56.495s][info][gc,phases      ] GC(246)   Post Evacuate Collection Set: 0.4ms
[56.495s][info][gc,phases      ] GC(246)   Other: 0.2ms
[56.495s][info][gc,heap        ] GC(246) Eden regions: 613->0(613)
[56.495s][info][gc,heap        ] GC(246) Survivor regions: 1->1(77)
[56.495s][info][gc,heap        ] GC(246) Old regions: 6->6
[56.495s][info][gc,heap        ] GC(246) Humongous regions: 12->12
[56.495s][info][gc,metaspace   ] GC(246) Metaspace: 17045K(19328K)->17045K(19328K) NonClass: 15422K(16896K)->15422K(16896K) Class: 1623K(2432K)->1623K(2432K)
[56.495s][info][gc             ] GC(246) Pause Young (Normal) (G1 Evacuation Pause) 629M->16M(1024M) 0.968ms
[56.495s][info][gc,cpu         ] GC(246) User=0.00s Sys=0.00s Real=0.00s
[56.661s][info][gc,start       ] GC(247) Pause Young (Normal) (G1 Evacuation Pause)
[56.661s][info][gc,task        ] GC(247) Using 6 workers of 6 for evacuation
[56.661s][info][gc,phases      ] GC(247)   Pre Evacuate Collection Set: 0.0ms
[56.661s][info][gc,phases      ] GC(247)   Evacuate Collection Set: 0.4ms
[56.661s][info][gc,phases      ] GC(247)   Post Evacuate Collection Set: 0.4ms
[56.661s][info][gc,phases      ] GC(247)   Other: 0.2ms
[56.661s][info][gc,heap        ] GC(247) Eden regions: 613->0(613)
[56.662s][info][gc,heap        ] GC(247) Survivor regions: 1->1(77)
[56.662s][info][gc,heap        ] GC(247) Old regions: 6->6
[56.662s][info][gc,heap        ] GC(247) Humongous regions: 12->12
[56.662s][info][gc,metaspace   ] GC(247) Metaspace: 17045K(19328K)->17045K(19328K) NonClass: 15422K(16896K)->15422K(16896K) Class: 1623K(2432K)->1623K(2432K)
[56.662s][info][gc             ] GC(247) Pause Young (Normal) (G1 Evacuation Pause) 629M->16M(1024M) 1.009ms
[56.662s][info][gc,cpu         ] GC(247) User=0.00s Sys=0.00s Real=0.00s
[56.828s][info][gc,start       ] GC(248) Pause Young (Normal) (G1 Evacuation Pause)
[56.828s][info][gc,task        ] GC(248) Using 6 workers of 6 for evacuation
[56.829s][info][gc,phases      ] GC(248)   Pre Evacuate Collection Set: 0.0ms
[56.829s][info][gc,phases      ] GC(248)   Evacuate Collection Set: 0.3ms
[56.829s][info][gc,phases      ] GC(248)   Post Evacuate Collection Set: 0.3ms
[56.829s][info][gc,phases      ] GC(248)   Other: 0.1ms
[56.829s][info][gc,heap        ] GC(248) Eden regions: 613->0(613)
[56.829s][info][gc,heap        ] GC(248) Survivor regions: 1->1(77)
[56.829s][info][gc,heap        ] GC(248) Old regions: 6->6
[56.829s][info][gc,heap        ] GC(248) Humongous regions: 12->12
[56.829s][info][gc,metaspace   ] GC(248) Metaspace: 17045K(19328K)->17045K(19328K) NonClass: 15422K(16896K)->15422K(16896K) Class: 1623K(2432K)->1623K(2432K)
[56.829s][info][gc             ] GC(248) Pause Young (Normal) (G1 Evacuation Pause) 629M->16M(1024M) 0.840ms
[56.829s][info][gc,cpu         ] GC(248) User=0.00s Sys=0.00s Real=0.00s
[56.996s][info][gc,start       ] GC(249) Pause Young (Normal) (G1 Evacuation Pause)
[56.996s][info][gc,task        ] GC(249) Using 6 workers of 6 for evacuation
[56.997s][info][gc,phases      ] GC(249)   Pre Evacuate Collection Set: 0.0ms
[56.997s][info][gc,phases      ] GC(249)   Evacuate Collection Set: 0.3ms
[56.997s][info][gc,phases      ] GC(249)   Post Evacuate Collection Set: 0.3ms
[56.997s][info][gc,phases      ] GC(249)   Other: 0.1ms
[56.997s][info][gc,heap        ] GC(249) Eden regions: 613->0(613)
[56.997s][info][gc,heap        ] GC(249) Survivor regions: 1->1(77)
[56.997s][info][gc,heap        ] GC(249) Old regions: 6->6
[56.997s][info][gc,heap        ] GC(249) Humongous regions: 12->12
[56.997s][info][gc,metaspace   ] GC(249) Metaspace: 17045K(19328K)->17045K(19328K) NonClass: 15422K(16896K)->15422K(16896K) Class: 1623K(2432K)->1623K(2432K)
[56.997s][info][gc             ] GC(249) Pause Young (Normal) (G1 Evacuation Pause) 629M->16M(1024M) 0.886ms
[56.997s][info][gc,cpu         ] GC(249) User=0.00s Sys=0.00s Real=0.00s
[57.161s][info][gc,start       ] GC(250) Pause Young (Normal) (G1 Evacuation Pause)
[57.161s][info][gc,task        ] GC(250) Using 6 workers of 6 for evacuation
[57.162s][info][gc,phases      ] GC(250)   Pre Evacuate Collection Set: 0.0ms
[57.162s][info][gc,phases      ] GC(250)   Evacuate Collection Set: 0.3ms
[57.162s][info][gc,phases      ] GC(250)   Post Evacuate Collection Set: 0.3ms
[57.162s][info][gc,phases      ] GC(250)   Other: 0.1ms
[57.162s][info][gc,heap        ] GC(250) Eden regions: 613->0(613)
[57.162s][info][gc,heap        ] GC(250) Survivor regions: 1->1(77)
[57.162s][info][gc,heap        ] GC(250) Old regions: 6->6
[57.162s][info][gc,heap        ] GC(250) Humongous regions: 12->12
[57.162s][info][gc,metaspace   ] GC(250) Metaspace: 17045K(19328K)->17045K(19328K) NonClass: 15422K(16896K)->15422K(16896K) Class: 1623K(2432K)->1623K(2432K)
[57.162s][info][gc             ] GC(250) Pause Young (Normal) (G1 Evacuation Pause) 629M->16M(1024M) 0.846ms
[57.162s][info][gc,cpu         ] GC(250) User=0.00s Sys=0.00s Real=0.00s
[57.336s][info][gc,start       ] GC(251) Pause Young (Normal) (G1 Evacuation Pause)
[57.336s][info][gc,task        ] GC(251) Using 6 workers of 6 for evacuation
[57.337s][info][gc,phases      ] GC(251)   Pre Evacuate Collection Set: 0.0ms
[57.337s][info][gc,phases      ] GC(251)   Evacuate Collection Set: 0.3ms
[57.337s][info][gc,phases      ] GC(251)   Post Evacuate Collection Set: 0.3ms
[57.337s][info][gc,phases      ] GC(251)   Other: 0.1ms
[57.337s][info][gc,heap        ] GC(251) Eden regions: 613->0(613)
[57.337s][info][gc,heap        ] GC(251) Survivor regions: 1->1(77)
[57.337s][info][gc,heap        ] GC(251) Old regions: 6->6
[57.337s][info][gc,heap        ] GC(251) Humongous regions: 12->12
[57.337s][info][gc,metaspace   ] GC(251) Metaspace: 17045K(19328K)->17045K(19328K) NonClass: 15422K(16896K)->15422K(16896K) Class: 1623K(2432K)->1623K(2432K)
[57.337s][info][gc             ] GC(251) Pause Young (Normal) (G1 Evacuation Pause) 629M->16M(1024M) 0.870ms
[57.337s][info][gc,cpu         ] GC(251) User=0.00s Sys=0.00s Real=0.00s
[57.505s][info][gc,start       ] GC(252) Pause Young (Normal) (G1 Evacuation Pause)
[57.505s][info][gc,task        ] GC(252) Using 6 workers of 6 for evacuation
[57.506s][info][gc,phases      ] GC(252)   Pre Evacuate Collection Set: 0.0ms
[57.506s][info][gc,phases      ] GC(252)   Evacuate Collection Set: 0.3ms
[57.506s][info][gc,phases      ] GC(252)   Post Evacuate Collection Set: 0.4ms
[57.506s][info][gc,phases      ] GC(252)   Other: 0.2ms
[57.506s][info][gc,heap        ] GC(252) Eden regions: 613->0(613)
[57.506s][info][gc,heap        ] GC(252) Survivor regions: 1->1(77)
[57.506s][info][gc,heap        ] GC(252) Old regions: 6->7
[57.506s][info][gc,heap        ] GC(252) Humongous regions: 12->12
[57.506s][info][gc,metaspace   ] GC(252) Metaspace: 17045K(19328K)->17045K(19328K) NonClass: 15422K(16896K)->15422K(16896K) Class: 1623K(2432K)->1623K(2432K)
[57.506s][info][gc             ] GC(252) Pause Young (Normal) (G1 Evacuation Pause) 629M->16M(1024M) 1.022ms
[57.506s][info][gc,cpu         ] GC(252) User=0.00s Sys=0.00s Real=0.00s
[57.672s][info][gc,start       ] GC(253) Pause Young (Normal) (G1 Evacuation Pause)
[57.672s][info][gc,task        ] GC(253) Using 6 workers of 6 for evacuation
[57.672s][info][gc,phases      ] GC(253)   Pre Evacuate Collection Set: 0.0ms
[57.672s][info][gc,phases      ] GC(253)   Evacuate Collection Set: 0.3ms
[57.672s][info][gc,phases      ] GC(253)   Post Evacuate Collection Set: 0.3ms
[57.672s][info][gc,phases      ] GC(253)   Other: 0.1ms
[57.672s][info][gc,heap        ] GC(253) Eden regions: 613->0(613)
[57.672s][info][gc,heap        ] GC(253) Survivor regions: 1->1(77)
[57.672s][info][gc,heap        ] GC(253) Old regions: 7->7
[57.672s][info][gc,heap        ] GC(253) Humongous regions: 12->12
[57.672s][info][gc,metaspace   ] GC(253) Metaspace: 17045K(19328K)->17045K(19328K) NonClass: 15422K(16896K)->15422K(16896K) Class: 1623K(2432K)->1623K(2432K)
[57.672s][info][gc             ] GC(253) Pause Young (Normal) (G1 Evacuation Pause) 629M->16M(1024M) 0.879ms
[57.672s][info][gc,cpu         ] GC(253) User=0.00s Sys=0.00s Real=0.00s
[57.844s][info][gc,start       ] GC(254) Pause Young (Normal) (G1 Evacuation Pause)
[57.844s][info][gc,task        ] GC(254) Using 6 workers of 6 for evacuation
[57.845s][info][gc,phases      ] GC(254)   Pre Evacuate Collection Set: 0.0ms
[57.845s][info][gc,phases      ] GC(254)   Evacuate Collection Set: 0.2ms
[57.845s][info][gc,phases      ] GC(254)   Post Evacuate Collection Set: 0.3ms
[57.845s][info][gc,phases      ] GC(254)   Other: 0.1ms
[57.845s][info][gc,heap        ] GC(254) Eden regions: 613->0(613)
[57.845s][info][gc,heap        ] GC(254) Survivor regions: 1->1(77)
[57.845s][info][gc,heap        ] GC(254) Old regions: 7->7
[57.845s][info][gc,heap        ] GC(254) Humongous regions: 12->12
[57.845s][info][gc,metaspace   ] GC(254) Metaspace: 17045K(19328K)->17045K(19328K) NonClass: 15422K(16896K)->15422K(16896K) Class: 1623K(2432K)->1623K(2432K)
[57.845s][info][gc             ] GC(254) Pause Young (Normal) (G1 Evacuation Pause) 629M->16M(1024M) 0.778ms
[57.845s][info][gc,cpu         ] GC(254) User=0.00s Sys=0.00s Real=0.00s
[58.012s][info][gc,start       ] GC(255) Pause Young (Normal) (G1 Evacuation Pause)
[58.012s][info][gc,task        ] GC(255) Using 6 workers of 6 for evacuation
[58.013s][info][gc,phases      ] GC(255)   Pre Evacuate Collection Set: 0.0ms
[58.013s][info][gc,phases      ] GC(255)   Evacuate Collection Set: 0.3ms
[58.013s][info][gc,phases      ] GC(255)   Post Evacuate Collection Set: 0.4ms
[58.013s][info][gc,phases      ] GC(255)   Other: 0.1ms
[58.013s][info][gc,heap        ] GC(255) Eden regions: 613->0(613)
[58.013s][info][gc,heap        ] GC(255) Survivor regions: 1->1(77)
[58.013s][info][gc,heap        ] GC(255) Old regions: 7->7
[58.013s][info][gc,heap        ] GC(255) Humongous regions: 12->12
[58.013s][info][gc,metaspace   ] GC(255) Metaspace: 17045K(19328K)->17045K(19328K) NonClass: 15422K(16896K)->15422K(16896K) Class: 1623K(2432K)->1623K(2432K)
[58.013s][info][gc             ] GC(255) Pause Young (Normal) (G1 Evacuation Pause) 629M->16M(1024M) 0.911ms
[58.013s][info][gc,cpu         ] GC(255) User=0.00s Sys=0.00s Real=0.00s
[58.181s][info][gc,start       ] GC(256) Pause Young (Normal) (G1 Evacuation Pause)
[58.181s][info][gc,task        ] GC(256) Using 6 workers of 6 for evacuation
[58.182s][info][gc,phases      ] GC(256)   Pre Evacuate Collection Set: 0.0ms
[58.182s][info][gc,phases      ] GC(256)   Evacuate Collection Set: 0.3ms
[58.182s][info][gc,phases      ] GC(256)   Post Evacuate Collection Set: 0.3ms
[58.182s][info][gc,phases      ] GC(256)   Other: 0.1ms
[58.182s][info][gc,heap        ] GC(256) Eden regions: 613->0(613)
[58.182s][info][gc,heap        ] GC(256) Survivor regions: 1->1(77)
[58.182s][info][gc,heap        ] GC(256) Old regions: 7->7
[58.182s][info][gc,heap        ] GC(256) Humongous regions: 12->12
[58.182s][info][gc,metaspace   ] GC(256) Metaspace: 17045K(19328K)->17045K(19328K) NonClass: 15422K(16896K)->15422K(16896K) Class: 1623K(2432K)->1623K(2432K)
[58.182s][info][gc             ] GC(256) Pause Young (Normal) (G1 Evacuation Pause) 629M->16M(1024M) 0.815ms
[58.182s][info][gc,cpu         ] GC(256) User=0.00s Sys=0.00s Real=0.00s
[58.354s][info][gc,start       ] GC(257) Pause Young (Normal) (G1 Evacuation Pause)
[58.354s][info][gc,task        ] GC(257) Using 6 workers of 6 for evacuation
[58.355s][info][gc,phases      ] GC(257)   Pre Evacuate Collection Set: 0.0ms
[58.355s][info][gc,phases      ] GC(257)   Evacuate Collection Set: 0.3ms
[58.355s][info][gc,phases      ] GC(257)   Post Evacuate Collection Set: 0.3ms
[58.355s][info][gc,phases      ] GC(257)   Other: 0.2ms
[58.355s][info][gc,heap        ] GC(257) Eden regions: 613->0(613)
[58.355s][info][gc,heap        ] GC(257) Survivor regions: 1->1(77)
[58.355s][info][gc,heap        ] GC(257) Old regions: 7->7
[58.355s][info][gc,heap        ] GC(257) Humongous regions: 12->12
[58.355s][info][gc,metaspace   ] GC(257) Metaspace: 17045K(19328K)->17045K(19328K) NonClass: 15422K(16896K)->15422K(16896K) Class: 1623K(2432K)->1623K(2432K)
[58.355s][info][gc             ] GC(257) Pause Young (Normal) (G1 Evacuation Pause) 629M->16M(1024M) 0.846ms
[58.355s][info][gc,cpu         ] GC(257) User=0.00s Sys=0.00s Real=0.00s
[58.522s][info][gc,start       ] GC(258) Pause Young (Normal) (G1 Evacuation Pause)
[58.522s][info][gc,task        ] GC(258) Using 6 workers of 6 for evacuation
[58.523s][info][gc,phases      ] GC(258)   Pre Evacuate Collection Set: 0.0ms
[58.523s][info][gc,phases      ] GC(258)   Evacuate Collection Set: 0.3ms
[58.523s][info][gc,phases      ] GC(258)   Post Evacuate Collection Set: 0.4ms
[58.523s][info][gc,phases      ] GC(258)   Other: 0.2ms
[58.523s][info][gc,heap        ] GC(258) Eden regions: 613->0(613)
[58.523s][info][gc,heap        ] GC(258) Survivor regions: 1->1(77)
[58.523s][info][gc,heap        ] GC(258) Old regions: 7->7
[58.523s][info][gc,heap        ] GC(258) Humongous regions: 12->12
[58.523s][info][gc,metaspace   ] GC(258) Metaspace: 17045K(19328K)->17045K(19328K) NonClass: 15422K(16896K)->15422K(16896K) Class: 1623K(2432K)->1623K(2432K)
[58.523s][info][gc             ] GC(258) Pause Young (Normal) (G1 Evacuation Pause) 629M->16M(1024M) 0.937ms
[58.523s][info][gc,cpu         ] GC(258) User=0.00s Sys=0.00s Real=0.00s
[58.689s][info][gc,start       ] GC(259) Pause Young (Normal) (G1 Evacuation Pause)
[58.689s][info][gc,task        ] GC(259) Using 6 workers of 6 for evacuation
[58.690s][info][gc,phases      ] GC(259)   Pre Evacuate Collection Set: 0.0ms
[58.690s][info][gc,phases      ] GC(259)   Evacuate Collection Set: 0.3ms
[58.690s][info][gc,phases      ] GC(259)   Post Evacuate Collection Set: 0.3ms
[58.690s][info][gc,phases      ] GC(259)   Other: 0.1ms
[58.690s][info][gc,heap        ] GC(259) Eden regions: 613->0(613)
[58.690s][info][gc,heap        ] GC(259) Survivor regions: 1->1(77)
[58.690s][info][gc,heap        ] GC(259) Old regions: 7->7
[58.690s][info][gc,heap        ] GC(259) Humongous regions: 12->12
[58.690s][info][gc,metaspace   ] GC(259) Metaspace: 17045K(19328K)->17045K(19328K) NonClass: 15422K(16896K)->15422K(16896K) Class: 1623K(2432K)->1623K(2432K)
[58.690s][info][gc             ] GC(259) Pause Young (Normal) (G1 Evacuation Pause) 629M->16M(1024M) 0.874ms
[58.690s][info][gc,cpu         ] GC(259) User=0.08s Sys=0.02s Real=0.00s
[58.860s][info][gc,start       ] GC(260) Pause Young (Normal) (G1 Evacuation Pause)
[58.860s][info][gc,task        ] GC(260) Using 6 workers of 6 for evacuation
[58.861s][info][gc,phases      ] GC(260)   Pre Evacuate Collection Set: 0.0ms
[58.861s][info][gc,phases      ] GC(260)   Evacuate Collection Set: 0.3ms
[58.861s][info][gc,phases      ] GC(260)   Post Evacuate Collection Set: 0.3ms
[58.861s][info][gc,phases      ] GC(260)   Other: 0.1ms
[58.861s][info][gc,heap        ] GC(260) Eden regions: 613->0(613)
[58.861s][info][gc,heap        ] GC(260) Survivor regions: 1->1(77)
[58.861s][info][gc,heap        ] GC(260) Old regions: 7->7
[58.861s][info][gc,heap        ] GC(260) Humongous regions: 12->12
[58.861s][info][gc,metaspace   ] GC(260) Metaspace: 17045K(19328K)->17045K(19328K) NonClass: 15422K(16896K)->15422K(16896K) Class: 1623K(2432K)->1623K(2432K)
[58.861s][info][gc             ] GC(260) Pause Young (Normal) (G1 Evacuation Pause) 629M->16M(1024M) 0.849ms
[58.861s][info][gc,cpu         ] GC(260) User=0.00s Sys=0.00s Real=0.00s
[59.028s][info][gc,start       ] GC(261) Pause Young (Normal) (G1 Evacuation Pause)
[59.028s][info][gc,task        ] GC(261) Using 6 workers of 6 for evacuation
[59.029s][info][gc,phases      ] GC(261)   Pre Evacuate Collection Set: 0.0ms
[59.029s][info][gc,phases      ] GC(261)   Evacuate Collection Set: 0.3ms
[59.029s][info][gc,phases      ] GC(261)   Post Evacuate Collection Set: 0.3ms
[59.029s][info][gc,phases      ] GC(261)   Other: 0.1ms
[59.029s][info][gc,heap        ] GC(261) Eden regions: 613->0(613)
[59.029s][info][gc,heap        ] GC(261) Survivor regions: 1->1(77)
[59.029s][info][gc,heap        ] GC(261) Old regions: 7->7
[59.029s][info][gc,heap        ] GC(261) Humongous regions: 12->12
[59.029s][info][gc,metaspace   ] GC(261) Metaspace: 17045K(19328K)->17045K(19328K) NonClass: 15422K(16896K)->15422K(16896K) Class: 1623K(2432K)->1623K(2432K)
[59.029s][info][gc             ] GC(261) Pause Young (Normal) (G1 Evacuation Pause) 629M->16M(1024M) 0.878ms
[59.029s][info][gc,cpu         ] GC(261) User=0.00s Sys=0.00s Real=0.00s
[59.201s][info][gc,start       ] GC(262) Pause Young (Normal) (G1 Evacuation Pause)
[59.201s][info][gc,task        ] GC(262) Using 6 workers of 6 for evacuation
[59.201s][info][gc,phases      ] GC(262)   Pre Evacuate Collection Set: 0.0ms
[59.201s][info][gc,phases      ] GC(262)   Evacuate Collection Set: 0.3ms
[59.201s][info][gc,phases      ] GC(262)   Post Evacuate Collection Set: 0.3ms
[59.201s][info][gc,phases      ] GC(262)   Other: 0.1ms
[59.201s][info][gc,heap        ] GC(262) Eden regions: 613->0(613)
[59.201s][info][gc,heap        ] GC(262) Survivor regions: 1->1(77)
[59.201s][info][gc,heap        ] GC(262) Old regions: 7->7
[59.201s][info][gc,heap        ] GC(262) Humongous regions: 12->12
[59.201s][info][gc,metaspace   ] GC(262) Metaspace: 17045K(19328K)->17045K(19328K) NonClass: 15422K(16896K)->15422K(16896K) Class: 1623K(2432K)->1623K(2432K)
[59.201s][info][gc             ] GC(262) Pause Young (Normal) (G1 Evacuation Pause) 629M->16M(1024M) 0.919ms
[59.202s][info][gc,cpu         ] GC(262) User=0.00s Sys=0.00s Real=0.00s
[59.376s][info][gc,start       ] GC(263) Pause Young (Normal) (G1 Evacuation Pause)
[59.376s][info][gc,task        ] GC(263) Using 6 workers of 6 for evacuation
[59.376s][info][gc,phases      ] GC(263)   Pre Evacuate Collection Set: 0.0ms
[59.376s][info][gc,phases      ] GC(263)   Evacuate Collection Set: 0.3ms
[59.376s][info][gc,phases      ] GC(263)   Post Evacuate Collection Set: 0.3ms
[59.376s][info][gc,phases      ] GC(263)   Other: 0.1ms
[59.376s][info][gc,heap        ] GC(263) Eden regions: 613->0(613)
[59.376s][info][gc,heap        ] GC(263) Survivor regions: 1->1(77)
[59.376s][info][gc,heap        ] GC(263) Old regions: 7->7
[59.377s][info][gc,heap        ] GC(263) Humongous regions: 12->12
[59.377s][info][gc,metaspace   ] GC(263) Metaspace: 17045K(19328K)->17045K(19328K) NonClass: 15422K(16896K)->15422K(16896K) Class: 1623K(2432K)->1623K(2432K)
[59.377s][info][gc             ] GC(263) Pause Young (Normal) (G1 Evacuation Pause) 629M->16M(1024M) 0.896ms
[59.377s][info][gc,cpu         ] GC(263) User=0.00s Sys=0.00s Real=0.00s
[59.544s][info][gc,start       ] GC(264) Pause Young (Normal) (G1 Evacuation Pause)
[59.544s][info][gc,task        ] GC(264) Using 6 workers of 6 for evacuation
[59.545s][info][gc,phases      ] GC(264)   Pre Evacuate Collection Set: 0.0ms
[59.545s][info][gc,phases      ] GC(264)   Evacuate Collection Set: 0.4ms
[59.545s][info][gc,phases      ] GC(264)   Post Evacuate Collection Set: 0.4ms
[59.545s][info][gc,phases      ] GC(264)   Other: 0.2ms
[59.545s][info][gc,heap        ] GC(264) Eden regions: 613->0(613)
[59.545s][info][gc,heap        ] GC(264) Survivor regions: 1->1(77)
[59.545s][info][gc,heap        ] GC(264) Old regions: 7->7
[59.545s][info][gc,heap        ] GC(264) Humongous regions: 12->12
[59.545s][info][gc,metaspace   ] GC(264) Metaspace: 17045K(19328K)->17045K(19328K) NonClass: 15422K(16896K)->15422K(16896K) Class: 1623K(2432K)->1623K(2432K)
[59.545s][info][gc             ] GC(264) Pause Young (Normal) (G1 Evacuation Pause) 629M->16M(1024M) 1.121ms
[59.545s][info][gc,cpu         ] GC(264) User=0.00s Sys=0.00s Real=0.00s
[59.714s][info][gc,start       ] GC(265) Pause Young (Normal) (G1 Evacuation Pause)
[59.714s][info][gc,task        ] GC(265) Using 6 workers of 6 for evacuation
[59.715s][info][gc,phases      ] GC(265)   Pre Evacuate Collection Set: 0.0ms
[59.715s][info][gc,phases      ] GC(265)   Evacuate Collection Set: 0.5ms
[59.715s][info][gc,phases      ] GC(265)   Post Evacuate Collection Set: 0.4ms
[59.715s][info][gc,phases      ] GC(265)   Other: 0.2ms
[59.715s][info][gc,heap        ] GC(265) Eden regions: 613->0(613)
[59.715s][info][gc,heap        ] GC(265) Survivor regions: 1->1(77)
[59.715s][info][gc,heap        ] GC(265) Old regions: 7->7
[59.715s][info][gc,heap        ] GC(265) Humongous regions: 12->12
[59.715s][info][gc,metaspace   ] GC(265) Metaspace: 17045K(19328K)->17045K(19328K) NonClass: 15422K(16896K)->15422K(16896K) Class: 1623K(2432K)->1623K(2432K)
[59.715s][info][gc             ] GC(265) Pause Young (Normal) (G1 Evacuation Pause) 629M->16M(1024M) 1.132ms
[59.716s][info][gc,cpu         ] GC(265) User=0.00s Sys=0.00s Real=0.00s
[59.885s][info][gc,start       ] GC(266) Pause Young (Normal) (G1 Evacuation Pause)
[59.885s][info][gc,task        ] GC(266) Using 6 workers of 6 for evacuation
[59.886s][info][gc,phases      ] GC(266)   Pre Evacuate Collection Set: 0.0ms
[59.886s][info][gc,phases      ] GC(266)   Evacuate Collection Set: 0.3ms
[59.886s][info][gc,phases      ] GC(266)   Post Evacuate Collection Set: 0.3ms
[59.886s][info][gc,phases      ] GC(266)   Other: 0.1ms
[59.886s][info][gc,heap        ] GC(266) Eden regions: 613->0(613)
[59.886s][info][gc,heap        ] GC(266) Survivor regions: 1->1(77)
[59.886s][info][gc,heap        ] GC(266) Old regions: 7->7
[59.886s][info][gc,heap        ] GC(266) Humongous regions: 12->12
[59.886s][info][gc,metaspace   ] GC(266) Metaspace: 17045K(19328K)->17045K(19328K) NonClass: 15422K(16896K)->15422K(16896K) Class: 1623K(2432K)->1623K(2432K)
[59.886s][info][gc             ] GC(266) Pause Young (Normal) (G1 Evacuation Pause) 629M->16M(1024M) 0.921ms
[59.886s][info][gc,cpu         ] GC(266) User=0.00s Sys=0.00s Real=0.00s
[60.052s][info][gc,start       ] GC(267) Pause Young (Normal) (G1 Evacuation Pause)
[60.052s][info][gc,task        ] GC(267) Using 6 workers of 6 for evacuation
[60.053s][info][gc,phases      ] GC(267)   Pre Evacuate Collection Set: 0.0ms
[60.053s][info][gc,phases      ] GC(267)   Evacuate Collection Set: 0.3ms
[60.053s][info][gc,phases      ] GC(267)   Post Evacuate Collection Set: 0.3ms
[60.053s][info][gc,phases      ] GC(267)   Other: 0.1ms
[60.053s][info][gc,heap        ] GC(267) Eden regions: 613->0(613)
[60.053s][info][gc,heap        ] GC(267) Survivor regions: 1->1(77)
[60.053s][info][gc,heap        ] GC(267) Old regions: 7->7
[60.053s][info][gc,heap        ] GC(267) Humongous regions: 12->12
[60.053s][info][gc,metaspace   ] GC(267) Metaspace: 17045K(19328K)->17045K(19328K) NonClass: 15422K(16896K)->15422K(16896K) Class: 1623K(2432K)->1623K(2432K)
[60.053s][info][gc             ] GC(267) Pause Young (Normal) (G1 Evacuation Pause) 629M->16M(1024M) 0.875ms
[60.053s][info][gc,cpu         ] GC(267) User=0.00s Sys=0.00s Real=0.00s
[60.221s][info][gc,start       ] GC(268) Pause Young (Normal) (G1 Evacuation Pause)
[60.221s][info][gc,task        ] GC(268) Using 6 workers of 6 for evacuation
[60.221s][info][gc,phases      ] GC(268)   Pre Evacuate Collection Set: 0.0ms
[60.221s][info][gc,phases      ] GC(268)   Evacuate Collection Set: 0.3ms
[60.222s][info][gc,phases      ] GC(268)   Post Evacuate Collection Set: 0.3ms
[60.222s][info][gc,phases      ] GC(268)   Other: 0.1ms
[60.222s][info][gc,heap        ] GC(268) Eden regions: 613->0(613)
[60.222s][info][gc,heap        ] GC(268) Survivor regions: 1->1(77)
[60.222s][info][gc,heap        ] GC(268) Old regions: 7->7
[60.222s][info][gc,heap        ] GC(268) Humongous regions: 12->12
[60.222s][info][gc,metaspace   ] GC(268) Metaspace: 17045K(19328K)->17045K(19328K) NonClass: 15422K(16896K)->15422K(16896K) Class: 1623K(2432K)->1623K(2432K)
[60.222s][info][gc             ] GC(268) Pause Young (Normal) (G1 Evacuation Pause) 629M->16M(1024M) 0.945ms
[60.222s][info][gc,cpu         ] GC(268) User=0.02s Sys=0.00s Real=0.00s
[60.397s][info][gc,start       ] GC(269) Pause Young (Normal) (G1 Evacuation Pause)
[60.397s][info][gc,task        ] GC(269) Using 6 workers of 6 for evacuation
[60.398s][info][gc,phases      ] GC(269)   Pre Evacuate Collection Set: 0.0ms
[60.398s][info][gc,phases      ] GC(269)   Evacuate Collection Set: 0.3ms
[60.398s][info][gc,phases      ] GC(269)   Post Evacuate Collection Set: 0.4ms
[60.398s][info][gc,phases      ] GC(269)   Other: 0.1ms
[60.398s][info][gc,heap        ] GC(269) Eden regions: 613->0(613)
[60.398s][info][gc,heap        ] GC(269) Survivor regions: 1->1(77)
[60.398s][info][gc,heap        ] GC(269) Old regions: 7->7
[60.398s][info][gc,heap        ] GC(269) Humongous regions: 12->12
[60.398s][info][gc,metaspace   ] GC(269) Metaspace: 17045K(19328K)->17045K(19328K) NonClass: 15422K(16896K)->15422K(16896K) Class: 1623K(2432K)->1623K(2432K)
[60.398s][info][gc             ] GC(269) Pause Young (Normal) (G1 Evacuation Pause) 629M->16M(1024M) 0.965ms
[60.398s][info][gc,cpu         ] GC(269) User=0.00s Sys=0.00s Real=0.00s
[60.570s][info][gc,start       ] GC(270) Pause Young (Normal) (G1 Evacuation Pause)
[60.571s][info][gc,task        ] GC(270) Using 6 workers of 6 for evacuation
[60.571s][info][gc,phases      ] GC(270)   Pre Evacuate Collection Set: 0.0ms
[60.571s][info][gc,phases      ] GC(270)   Evacuate Collection Set: 0.3ms
[60.571s][info][gc,phases      ] GC(270)   Post Evacuate Collection Set: 0.3ms
[60.571s][info][gc,phases      ] GC(270)   Other: 0.1ms
[60.571s][info][gc,heap        ] GC(270) Eden regions: 613->0(613)
[60.571s][info][gc,heap        ] GC(270) Survivor regions: 1->1(77)
[60.571s][info][gc,heap        ] GC(270) Old regions: 7->7
[60.571s][info][gc,heap        ] GC(270) Humongous regions: 12->12
[60.571s][info][gc,metaspace   ] GC(270) Metaspace: 17045K(19328K)->17045K(19328K) NonClass: 15422K(16896K)->15422K(16896K) Class: 1623K(2432K)->1623K(2432K)
[60.571s][info][gc             ] GC(270) Pause Young (Normal) (G1 Evacuation Pause) 629M->16M(1024M) 0.932ms
[60.571s][info][gc,cpu         ] GC(270) User=0.00s Sys=0.00s Real=0.00s
[60.742s][info][gc,start       ] GC(271) Pause Young (Normal) (G1 Evacuation Pause)
[60.742s][info][gc,task        ] GC(271) Using 6 workers of 6 for evacuation
[60.743s][info][gc,phases      ] GC(271)   Pre Evacuate Collection Set: 0.0ms
[60.743s][info][gc,phases      ] GC(271)   Evacuate Collection Set: 0.3ms
[60.743s][info][gc,phases      ] GC(271)   Post Evacuate Collection Set: 0.3ms
[60.743s][info][gc,phases      ] GC(271)   Other: 0.1ms
[60.743s][info][gc,heap        ] GC(271) Eden regions: 613->0(613)
[60.743s][info][gc,heap        ] GC(271) Survivor regions: 1->1(77)
[60.743s][info][gc,heap        ] GC(271) Old regions: 7->7
[60.743s][info][gc,heap        ] GC(271) Humongous regions: 12->12
[60.743s][info][gc,metaspace   ] GC(271) Metaspace: 17045K(19328K)->17045K(19328K) NonClass: 15422K(16896K)->15422K(16896K) Class: 1623K(2432K)->1623K(2432K)
[60.743s][info][gc             ] GC(271) Pause Young (Normal) (G1 Evacuation Pause) 629M->16M(1024M) 0.884ms
[60.743s][info][gc,cpu         ] GC(271) User=0.00s Sys=0.00s Real=0.00s
[60.914s][info][gc,start       ] GC(272) Pause Young (Normal) (G1 Evacuation Pause)
[60.914s][info][gc,task        ] GC(272) Using 6 workers of 6 for evacuation
[60.915s][info][gc,phases      ] GC(272)   Pre Evacuate Collection Set: 0.0ms
[60.915s][info][gc,phases      ] GC(272)   Evacuate Collection Set: 0.3ms
[60.915s][info][gc,phases      ] GC(272)   Post Evacuate Collection Set: 0.3ms
[60.915s][info][gc,phases      ] GC(272)   Other: 0.2ms
[60.915s][info][gc,heap        ] GC(272) Eden regions: 613->0(613)
[60.915s][info][gc,heap        ] GC(272) Survivor regions: 1->1(77)
[60.915s][info][gc,heap        ] GC(272) Old regions: 7->7
[60.915s][info][gc,heap        ] GC(272) Humongous regions: 12->12
[60.915s][info][gc,metaspace   ] GC(272) Metaspace: 17045K(19328K)->17045K(19328K) NonClass: 15422K(16896K)->15422K(16896K) Class: 1623K(2432K)->1623K(2432K)
[60.915s][info][gc             ] GC(272) Pause Young (Normal) (G1 Evacuation Pause) 629M->16M(1024M) 0.954ms
[60.915s][info][gc,cpu         ] GC(272) User=0.00s Sys=0.00s Real=0.00s
[61.087s][info][gc,start       ] GC(273) Pause Young (Normal) (G1 Evacuation Pause)
[61.087s][info][gc,task        ] GC(273) Using 6 workers of 6 for evacuation
[61.087s][info][gc,phases      ] GC(273)   Pre Evacuate Collection Set: 0.0ms
[61.087s][info][gc,phases      ] GC(273)   Evacuate Collection Set: 0.3ms
[61.087s][info][gc,phases      ] GC(273)   Post Evacuate Collection Set: 0.4ms
[61.087s][info][gc,phases      ] GC(273)   Other: 0.1ms
[61.087s][info][gc,heap        ] GC(273) Eden regions: 613->0(613)
[61.087s][info][gc,heap        ] GC(273) Survivor regions: 1->1(77)
[61.087s][info][gc,heap        ] GC(273) Old regions: 7->7
[61.087s][info][gc,heap        ] GC(273) Humongous regions: 12->12
[61.087s][info][gc,metaspace   ] GC(273) Metaspace: 17045K(19328K)->17045K(19328K) NonClass: 15422K(16896K)->15422K(16896K) Class: 1623K(2432K)->1623K(2432K)
[61.088s][info][gc             ] GC(273) Pause Young (Normal) (G1 Evacuation Pause) 629M->16M(1024M) 0.964ms
[61.088s][info][gc,cpu         ] GC(273) User=0.00s Sys=0.00s Real=0.00s
[61.260s][info][gc,start       ] GC(274) Pause Young (Normal) (G1 Evacuation Pause)
[61.260s][info][gc,task        ] GC(274) Using 6 workers of 6 for evacuation
[61.261s][info][gc,phases      ] GC(274)   Pre Evacuate Collection Set: 0.0ms
[61.261s][info][gc,phases      ] GC(274)   Evacuate Collection Set: 0.3ms
[61.261s][info][gc,phases      ] GC(274)   Post Evacuate Collection Set: 0.3ms
[61.261s][info][gc,phases      ] GC(274)   Other: 0.1ms
[61.261s][info][gc,heap        ] GC(274) Eden regions: 613->0(613)
[61.261s][info][gc,heap        ] GC(274) Survivor regions: 1->1(77)
[61.261s][info][gc,heap        ] GC(274) Old regions: 7->7
[61.261s][info][gc,heap        ] GC(274) Humongous regions: 12->12
[61.261s][info][gc,metaspace   ] GC(274) Metaspace: 17045K(19328K)->17045K(19328K) NonClass: 15422K(16896K)->15422K(16896K) Class: 1623K(2432K)->1623K(2432K)
[61.261s][info][gc             ] GC(274) Pause Young (Normal) (G1 Evacuation Pause) 629M->16M(1024M) 0.835ms
[61.261s][info][gc,cpu         ] GC(274) User=0.00s Sys=0.00s Real=0.00s
[61.667s][info][gc,task        ] GC(275) Using 6 workers of 6 for full compaction
[61.667s][info][gc,start       ] GC(275) Pause Full (System.gc())
[61.667s][info][gc,phases,start] GC(275) Phase 1: Mark live objects
[61.671s][info][gc,stringtable ] GC(275) Cleaned string and symbol table, strings: 6720 processed, 0 removed, symbols: 50533 processed, 0 removed
[61.671s][info][gc,phases      ] GC(275) Phase 1: Mark live objects 3.809ms
[61.671s][info][gc,phases,start] GC(275) Phase 2: Prepare for compaction
[61.672s][info][gc,phases      ] GC(275) Phase 2: Prepare for compaction 1.042ms
[61.672s][info][gc,phases,start] GC(275) Phase 3: Adjust pointers
[61.676s][info][gc,phases      ] GC(275) Phase 3: Adjust pointers 3.643ms
[61.676s][info][gc,phases,start] GC(275) Phase 4: Compact heap
[61.677s][info][gc,phases      ] GC(275) Phase 4: Compact heap 1.186ms
[61.680s][info][gc,heap        ] GC(275) Eden regions: 584->0(614)
[61.680s][info][gc,heap        ] GC(275) Survivor regions: 1->0(77)
[61.680s][info][gc,heap        ] GC(275) Old regions: 7->6
[61.680s][info][gc,heap        ] GC(275) Humongous regions: 18->6
[61.680s][info][gc,metaspace   ] GC(275) Metaspace: 17045K(19328K)->17045K(19328K) NonClass: 15422K(16896K)->15422K(16896K) Class: 1623K(2432K)->1623K(2432K)
[61.680s][info][gc             ] GC(275) Pause Full (System.gc()) 606M->10M(1024M) 12.842ms
[61.680s][info][gc,cpu         ] GC(275) User=0.00s Sys=0.02s Real=0.01s
[61.855s][info][gc,start       ] GC(276) Pause Young (Normal) (G1 Evacuation Pause)
[61.856s][info][gc,task        ] GC(276) Using 6 workers of 6 for evacuation
[61.857s][info][gc,phases      ] GC(276)   Pre Evacuate Collection Set: 0.0ms
[61.857s][info][gc,phases      ] GC(276)   Evacuate Collection Set: 0.3ms
[61.857s][info][gc,phases      ] GC(276)   Post Evacuate Collection Set: 0.8ms
[61.857s][info][gc,phases      ] GC(276)   Other: 0.1ms
[61.857s][info][gc,heap        ] GC(276) Eden regions: 614->0(613)
[61.857s][info][gc,heap        ] GC(276) Survivor regions: 0->1(77)
[61.857s][info][gc,heap        ] GC(276) Old regions: 6->6
[61.857s][info][gc,heap        ] GC(276) Humongous regions: 12->12
[61.857s][info][gc,metaspace   ] GC(276) Metaspace: 17045K(19328K)->17045K(19328K) NonClass: 15422K(16896K)->15422K(16896K) Class: 1623K(2432K)->1623K(2432K)
[61.857s][info][gc             ] GC(276) Pause Young (Normal) (G1 Evacuation Pause) 630M->16M(1024M) 1.424ms
[61.857s][info][gc,cpu         ] GC(276) User=0.00s Sys=0.00s Real=0.00s
[62.025s][info][gc,start       ] GC(277) Pause Young (Normal) (G1 Evacuation Pause)
[62.025s][info][gc,task        ] GC(277) Using 6 workers of 6 for evacuation
[62.025s][info][gc,phases      ] GC(277)   Pre Evacuate Collection Set: 0.0ms
[62.025s][info][gc,phases      ] GC(277)   Evacuate Collection Set: 0.3ms
[62.025s][info][gc,phases      ] GC(277)   Post Evacuate Collection Set: 0.3ms
[62.025s][info][gc,phases      ] GC(277)   Other: 0.1ms
[62.025s][info][gc,heap        ] GC(277) Eden regions: 613->0(613)
[62.025s][info][gc,heap        ] GC(277) Survivor regions: 1->1(77)
[62.025s][info][gc,heap        ] GC(277) Old regions: 6->6
[62.025s][info][gc,heap        ] GC(277) Humongous regions: 12->12
[62.025s][info][gc,metaspace   ] GC(277) Metaspace: 17045K(19328K)->17045K(19328K) NonClass: 15422K(16896K)->15422K(16896K) Class: 1623K(2432K)->1623K(2432K)
[62.025s][info][gc             ] GC(277) Pause Young (Normal) (G1 Evacuation Pause) 629M->16M(1024M) 0.885ms
[62.025s][info][gc,cpu         ] GC(277) User=0.00s Sys=0.00s Real=0.00s
[62.192s][info][gc,start       ] GC(278) Pause Young (Normal) (G1 Evacuation Pause)
[62.192s][info][gc,task        ] GC(278) Using 6 workers of 6 for evacuation
[62.193s][info][gc,phases      ] GC(278)   Pre Evacuate Collection Set: 0.0ms
[62.193s][info][gc,phases      ] GC(278)   Evacuate Collection Set: 0.3ms
[62.193s][info][gc,phases      ] GC(278)   Post Evacuate Collection Set: 0.3ms
[62.193s][info][gc,phases      ] GC(278)   Other: 0.1ms
[62.193s][info][gc,heap        ] GC(278) Eden regions: 613->0(613)
[62.193s][info][gc,heap        ] GC(278) Survivor regions: 1->1(77)
[62.193s][info][gc,heap        ] GC(278) Old regions: 6->6
[62.193s][info][gc,heap        ] GC(278) Humongous regions: 12->12
[62.193s][info][gc,metaspace   ] GC(278) Metaspace: 17045K(19328K)->17045K(19328K) NonClass: 15422K(16896K)->15422K(16896K) Class: 1623K(2432K)->1623K(2432K)
[62.193s][info][gc             ] GC(278) Pause Young (Normal) (G1 Evacuation Pause) 629M->16M(1024M) 0.853ms
[62.193s][info][gc,cpu         ] GC(278) User=0.00s Sys=0.00s Real=0.00s
[62.367s][info][gc,start       ] GC(279) Pause Young (Normal) (G1 Evacuation Pause)
[62.367s][info][gc,task        ] GC(279) Using 6 workers of 6 for evacuation
[62.368s][info][gc,phases      ] GC(279)   Pre Evacuate Collection Set: 0.0ms
[62.368s][info][gc,phases      ] GC(279)   Evacuate Collection Set: 0.3ms
[62.368s][info][gc,phases      ] GC(279)   Post Evacuate Collection Set: 0.3ms
[62.368s][info][gc,phases      ] GC(279)   Other: 0.1ms
[62.368s][info][gc,heap        ] GC(279) Eden regions: 613->0(613)
[62.368s][info][gc,heap        ] GC(279) Survivor regions: 1->1(77)
[62.368s][info][gc,heap        ] GC(279) Old regions: 6->6
[62.368s][info][gc,heap        ] GC(279) Humongous regions: 12->12
[62.368s][info][gc,metaspace   ] GC(279) Metaspace: 17045K(19328K)->17045K(19328K) NonClass: 15422K(16896K)->15422K(16896K) Class: 1623K(2432K)->1623K(2432K)
[62.368s][info][gc             ] GC(279) Pause Young (Normal) (G1 Evacuation Pause) 629M->16M(1024M) 0.851ms
[62.368s][info][gc,cpu         ] GC(279) User=0.00s Sys=0.00s Real=0.00s
[62.535s][info][gc,start       ] GC(280) Pause Young (Normal) (G1 Evacuation Pause)
[62.535s][info][gc,task        ] GC(280) Using 6 workers of 6 for evacuation
[62.536s][info][gc,phases      ] GC(280)   Pre Evacuate Collection Set: 0.0ms
[62.536s][info][gc,phases      ] GC(280)   Evacuate Collection Set: 0.3ms
[62.536s][info][gc,phases      ] GC(280)   Post Evacuate Collection Set: 0.4ms
[62.536s][info][gc,phases      ] GC(280)   Other: 0.2ms
[62.536s][info][gc,heap        ] GC(280) Eden regions: 613->0(613)
[62.536s][info][gc,heap        ] GC(280) Survivor regions: 1->1(77)
[62.536s][info][gc,heap        ] GC(280) Old regions: 6->6
[62.536s][info][gc,heap        ] GC(280) Humongous regions: 12->12
[62.536s][info][gc,metaspace   ] GC(280) Metaspace: 17045K(19328K)->17045K(19328K) NonClass: 15422K(16896K)->15422K(16896K) Class: 1623K(2432K)->1623K(2432K)
[62.536s][info][gc             ] GC(280) Pause Young (Normal) (G1 Evacuation Pause) 629M->16M(1024M) 0.906ms
[62.536s][info][gc,cpu         ] GC(280) User=0.00s Sys=0.00s Real=0.00s
[62.719s][info][gc,start       ] GC(281) Pause Young (Normal) (G1 Evacuation Pause)
[62.719s][info][gc,task        ] GC(281) Using 6 workers of 6 for evacuation
[62.720s][info][gc,phases      ] GC(281)   Pre Evacuate Collection Set: 0.0ms
[62.720s][info][gc,phases      ] GC(281)   Evacuate Collection Set: 0.4ms
[62.720s][info][gc,phases      ] GC(281)   Post Evacuate Collection Set: 0.3ms
[62.720s][info][gc,phases      ] GC(281)   Other: 0.1ms
[62.720s][info][gc,heap        ] GC(281) Eden regions: 613->0(613)
[62.720s][info][gc,heap        ] GC(281) Survivor regions: 1->1(77)
[62.720s][info][gc,heap        ] GC(281) Old regions: 6->6
[62.720s][info][gc,heap        ] GC(281) Humongous regions: 12->12
[62.720s][info][gc,metaspace   ] GC(281) Metaspace: 17045K(19328K)->17045K(19328K) NonClass: 15422K(16896K)->15422K(16896K) Class: 1623K(2432K)->1623K(2432K)
[62.720s][info][gc             ] GC(281) Pause Young (Normal) (G1 Evacuation Pause) 629M->16M(1024M) 0.953ms
[62.720s][info][gc,cpu         ] GC(281) User=0.00s Sys=0.00s Real=0.00s
[62.894s][info][gc,start       ] GC(282) Pause Young (Normal) (G1 Evacuation Pause)
[62.894s][info][gc,task        ] GC(282) Using 6 workers of 6 for evacuation
[62.895s][info][gc,phases      ] GC(282)   Pre Evacuate Collection Set: 0.0ms
[62.895s][info][gc,phases      ] GC(282)   Evacuate Collection Set: 0.3ms
[62.895s][info][gc,phases      ] GC(282)   Post Evacuate Collection Set: 0.4ms
[62.895s][info][gc,phases      ] GC(282)   Other: 0.1ms
[62.895s][info][gc,heap        ] GC(282) Eden regions: 613->0(613)
[62.895s][info][gc,heap        ] GC(282) Survivor regions: 1->1(77)
[62.895s][info][gc,heap        ] GC(282) Old regions: 6->6
[62.895s][info][gc,heap        ] GC(282) Humongous regions: 12->12
[62.895s][info][gc,metaspace   ] GC(282) Metaspace: 17045K(19328K)->17045K(19328K) NonClass: 15422K(16896K)->15422K(16896K) Class: 1623K(2432K)->1623K(2432K)
[62.895s][info][gc             ] GC(282) Pause Young (Normal) (G1 Evacuation Pause) 629M->16M(1024M) 1.001ms
[62.895s][info][gc,cpu         ] GC(282) User=0.00s Sys=0.00s Real=0.00s
[63.077s][info][gc,start       ] GC(283) Pause Young (Normal) (G1 Evacuation Pause)
[63.077s][info][gc,task        ] GC(283) Using 6 workers of 6 for evacuation
[63.077s][info][gc,phases      ] GC(283)   Pre Evacuate Collection Set: 0.0ms
[63.077s][info][gc,phases      ] GC(283)   Evacuate Collection Set: 0.3ms
[63.077s][info][gc,phases      ] GC(283)   Post Evacuate Collection Set: 0.4ms
[63.077s][info][gc,phases      ] GC(283)   Other: 0.2ms
[63.077s][info][gc,heap        ] GC(283) Eden regions: 613->0(613)
[63.077s][info][gc,heap        ] GC(283) Survivor regions: 1->1(77)
[63.077s][info][gc,heap        ] GC(283) Old regions: 6->6
[63.077s][info][gc,heap        ] GC(283) Humongous regions: 12->12
[63.077s][info][gc,metaspace   ] GC(283) Metaspace: 17045K(19328K)->17045K(19328K) NonClass: 15422K(16896K)->15422K(16896K) Class: 1623K(2432K)->1623K(2432K)
[63.078s][info][gc             ] GC(283) Pause Young (Normal) (G1 Evacuation Pause) 629M->16M(1024M) 0.949ms
[63.078s][info][gc,cpu         ] GC(283) User=0.00s Sys=0.00s Real=0.00s
[63.254s][info][gc,start       ] GC(284) Pause Young (Normal) (G1 Evacuation Pause)
[63.254s][info][gc,task        ] GC(284) Using 6 workers of 6 for evacuation
[63.255s][info][gc,phases      ] GC(284)   Pre Evacuate Collection Set: 0.0ms
[63.255s][info][gc,phases      ] GC(284)   Evacuate Collection Set: 0.3ms
[63.255s][info][gc,phases      ] GC(284)   Post Evacuate Collection Set: 0.4ms
[63.255s][info][gc,phases      ] GC(284)   Other: 0.2ms
[63.255s][info][gc,heap        ] GC(284) Eden regions: 613->0(613)
[63.255s][info][gc,heap        ] GC(284) Survivor regions: 1->1(77)
[63.255s][info][gc,heap        ] GC(284) Old regions: 6->6
[63.255s][info][gc,heap        ] GC(284) Humongous regions: 12->12
[63.255s][info][gc,metaspace   ] GC(284) Metaspace: 17045K(19328K)->17045K(19328K) NonClass: 15422K(16896K)->15422K(16896K) Class: 1623K(2432K)->1623K(2432K)
[63.255s][info][gc             ] GC(284) Pause Young (Normal) (G1 Evacuation Pause) 629M->16M(1024M) 1.015ms
[63.255s][info][gc,cpu         ] GC(284) User=0.00s Sys=0.00s Real=0.00s
[63.441s][info][gc,start       ] GC(285) Pause Young (Normal) (G1 Evacuation Pause)
[63.441s][info][gc,task        ] GC(285) Using 6 workers of 6 for evacuation
[63.442s][info][gc,phases      ] GC(285)   Pre Evacuate Collection Set: 0.0ms
[63.442s][info][gc,phases      ] GC(285)   Evacuate Collection Set: 0.4ms
[63.442s][info][gc,phases      ] GC(285)   Post Evacuate Collection Set: 0.4ms
[63.442s][info][gc,phases      ] GC(285)   Other: 0.2ms
[63.442s][info][gc,heap        ] GC(285) Eden regions: 613->0(613)
[63.442s][info][gc,heap        ] GC(285) Survivor regions: 1->1(77)
[63.442s][info][gc,heap        ] GC(285) Old regions: 6->6
[63.442s][info][gc,heap        ] GC(285) Humongous regions: 12->12
[63.442s][info][gc,metaspace   ] GC(285) Metaspace: 17045K(19328K)->17045K(19328K) NonClass: 15422K(16896K)->15422K(16896K) Class: 1623K(2432K)->1623K(2432K)
[63.442s][info][gc             ] GC(285) Pause Young (Normal) (G1 Evacuation Pause) 629M->16M(1024M) 1.134ms
[63.442s][info][gc,cpu         ] GC(285) User=0.00s Sys=0.00s Real=0.00s
[63.617s][info][gc,start       ] GC(286) Pause Young (Normal) (G1 Evacuation Pause)
[63.617s][info][gc,task        ] GC(286) Using 6 workers of 6 for evacuation
[63.618s][info][gc,phases      ] GC(286)   Pre Evacuate Collection Set: 0.0ms
[63.618s][info][gc,phases      ] GC(286)   Evacuate Collection Set: 0.4ms
[63.618s][info][gc,phases      ] GC(286)   Post Evacuate Collection Set: 0.4ms
[63.618s][info][gc,phases      ] GC(286)   Other: 0.2ms
[63.618s][info][gc,heap        ] GC(286) Eden regions: 613->0(613)
[63.618s][info][gc,heap        ] GC(286) Survivor regions: 1->1(77)
[63.618s][info][gc,heap        ] GC(286) Old regions: 6->6
[63.618s][info][gc,heap        ] GC(286) Humongous regions: 12->12
[63.618s][info][gc,metaspace   ] GC(286) Metaspace: 17045K(19328K)->17045K(19328K) NonClass: 15422K(16896K)->15422K(16896K) Class: 1623K(2432K)->1623K(2432K)
[63.618s][info][gc             ] GC(286) Pause Young (Normal) (G1 Evacuation Pause) 629M->16M(1024M) 1.087ms
[63.618s][info][gc,cpu         ] GC(286) User=0.00s Sys=0.00s Real=0.00s
[63.790s][info][gc,start       ] GC(287) Pause Young (Normal) (G1 Evacuation Pause)
[63.790s][info][gc,task        ] GC(287) Using 6 workers of 6 for evacuation
[63.791s][info][gc,phases      ] GC(287)   Pre Evacuate Collection Set: 0.0ms
[63.791s][info][gc,phases      ] GC(287)   Evacuate Collection Set: 0.3ms
[63.791s][info][gc,phases      ] GC(287)   Post Evacuate Collection Set: 0.4ms
[63.791s][info][gc,phases      ] GC(287)   Other: 0.1ms
[63.791s][info][gc,heap        ] GC(287) Eden regions: 613->0(613)
[63.791s][info][gc,heap        ] GC(287) Survivor regions: 1->1(77)
[63.791s][info][gc,heap        ] GC(287) Old regions: 6->6
[63.791s][info][gc,heap        ] GC(287) Humongous regions: 12->12
[63.791s][info][gc,metaspace   ] GC(287) Metaspace: 17045K(19328K)->17045K(19328K) NonClass: 15422K(16896K)->15422K(16896K) Class: 1623K(2432K)->1623K(2432K)
[63.791s][info][gc             ] GC(287) Pause Young (Normal) (G1 Evacuation Pause) 629M->16M(1024M) 0.961ms
[63.791s][info][gc,cpu         ] GC(287) User=0.00s Sys=0.00s Real=0.00s
[63.957s][info][gc,start       ] GC(288) Pause Young (Normal) (G1 Evacuation Pause)
[63.957s][info][gc,task        ] GC(288) Using 6 workers of 6 for evacuation
[63.958s][info][gc,phases      ] GC(288)   Pre Evacuate Collection Set: 0.0ms
[63.958s][info][gc,phases      ] GC(288)   Evacuate Collection Set: 0.3ms
[63.958s][info][gc,phases      ] GC(288)   Post Evacuate Collection Set: 0.3ms
[63.958s][info][gc,phases      ] GC(288)   Other: 0.1ms
[63.958s][info][gc,heap        ] GC(288) Eden regions: 613->0(613)
[63.958s][info][gc,heap        ] GC(288) Survivor regions: 1->1(77)
[63.958s][info][gc,heap        ] GC(288) Old regions: 6->6
[63.958s][info][gc,heap        ] GC(288) Humongous regions: 12->12
[63.958s][info][gc,metaspace   ] GC(288) Metaspace: 17045K(19328K)->17045K(19328K) NonClass: 15422K(16896K)->15422K(16896K) Class: 1623K(2432K)->1623K(2432K)
[63.958s][info][gc             ] GC(288) Pause Young (Normal) (G1 Evacuation Pause) 629M->16M(1024M) 0.866ms
[63.958s][info][gc,cpu         ] GC(288) User=0.00s Sys=0.00s Real=0.00s
[64.126s][info][gc,start       ] GC(289) Pause Young (Normal) (G1 Evacuation Pause)
[64.126s][info][gc,task        ] GC(289) Using 6 workers of 6 for evacuation
[64.127s][info][gc,phases      ] GC(289)   Pre Evacuate Collection Set: 0.0ms
[64.127s][info][gc,phases      ] GC(289)   Evacuate Collection Set: 0.3ms
[64.127s][info][gc,phases      ] GC(289)   Post Evacuate Collection Set: 0.3ms
[64.127s][info][gc,phases      ] GC(289)   Other: 0.1ms
[64.127s][info][gc,heap        ] GC(289) Eden regions: 613->0(613)
[64.127s][info][gc,heap        ] GC(289) Survivor regions: 1->1(77)
[64.127s][info][gc,heap        ] GC(289) Old regions: 6->6
[64.127s][info][gc,heap        ] GC(289) Humongous regions: 12->12
[64.127s][info][gc,metaspace   ] GC(289) Metaspace: 17045K(19328K)->17045K(19328K) NonClass: 15422K(16896K)->15422K(16896K) Class: 1623K(2432K)->1623K(2432K)
[64.127s][info][gc             ] GC(289) Pause Young (Normal) (G1 Evacuation Pause) 629M->16M(1024M) 0.902ms
[64.127s][info][gc,cpu         ] GC(289) User=0.00s Sys=0.00s Real=0.00s
[64.303s][info][gc,start       ] GC(290) Pause Young (Normal) (G1 Evacuation Pause)
[64.303s][info][gc,task        ] GC(290) Using 6 workers of 6 for evacuation
[64.303s][info][gc,phases      ] GC(290)   Pre Evacuate Collection Set: 0.0ms
[64.303s][info][gc,phases      ] GC(290)   Evacuate Collection Set: 0.4ms
[64.303s][info][gc,phases      ] GC(290)   Post Evacuate Collection Set: 0.3ms
[64.303s][info][gc,phases      ] GC(290)   Other: 0.2ms
[64.303s][info][gc,heap        ] GC(290) Eden regions: 613->0(613)
[64.303s][info][gc,heap        ] GC(290) Survivor regions: 1->1(77)
[64.303s][info][gc,heap        ] GC(290) Old regions: 6->6
[64.303s][info][gc,heap        ] GC(290) Humongous regions: 12->12
[64.303s][info][gc,metaspace   ] GC(290) Metaspace: 17045K(19328K)->17045K(19328K) NonClass: 15422K(16896K)->15422K(16896K) Class: 1623K(2432K)->1623K(2432K)
[64.303s][info][gc             ] GC(290) Pause Young (Normal) (G1 Evacuation Pause) 629M->16M(1024M) 0.996ms
[64.304s][info][gc,cpu         ] GC(290) User=0.00s Sys=0.00s Real=0.00s
[64.476s][info][gc,start       ] GC(291) Pause Young (Normal) (G1 Evacuation Pause)
[64.476s][info][gc,task        ] GC(291) Using 6 workers of 6 for evacuation
[64.476s][info][gc,phases      ] GC(291)   Pre Evacuate Collection Set: 0.0ms
[64.476s][info][gc,phases      ] GC(291)   Evacuate Collection Set: 0.3ms
[64.476s][info][gc,phases      ] GC(291)   Post Evacuate Collection Set: 0.4ms
[64.476s][info][gc,phases      ] GC(291)   Other: 0.2ms
[64.477s][info][gc,heap        ] GC(291) Eden regions: 613->0(613)
[64.477s][info][gc,heap        ] GC(291) Survivor regions: 1->1(77)
[64.477s][info][gc,heap        ] GC(291) Old regions: 6->7
[64.477s][info][gc,heap        ] GC(291) Humongous regions: 12->12
[64.477s][info][gc,metaspace   ] GC(291) Metaspace: 17045K(19328K)->17045K(19328K) NonClass: 15422K(16896K)->15422K(16896K) Class: 1623K(2432K)->1623K(2432K)
[64.477s][info][gc             ] GC(291) Pause Young (Normal) (G1 Evacuation Pause) 629M->16M(1024M) 0.929ms
[64.477s][info][gc,cpu         ] GC(291) User=0.00s Sys=0.00s Real=0.00s
[64.647s][info][gc,start       ] GC(292) Pause Young (Normal) (G1 Evacuation Pause)
[64.647s][info][gc,task        ] GC(292) Using 6 workers of 6 for evacuation
[64.648s][info][gc,phases      ] GC(292)   Pre Evacuate Collection Set: 0.0ms
[64.648s][info][gc,phases      ] GC(292)   Evacuate Collection Set: 0.3ms
[64.648s][info][gc,phases      ] GC(292)   Post Evacuate Collection Set: 0.4ms
[64.648s][info][gc,phases      ] GC(292)   Other: 0.1ms
[64.648s][info][gc,heap        ] GC(292) Eden regions: 613->0(613)
[64.648s][info][gc,heap        ] GC(292) Survivor regions: 1->1(77)
[64.648s][info][gc,heap        ] GC(292) Old regions: 7->7
[64.648s][info][gc,heap        ] GC(292) Humongous regions: 12->12
[64.648s][info][gc,metaspace   ] GC(292) Metaspace: 17045K(19328K)->17045K(19328K) NonClass: 15422K(16896K)->15422K(16896K) Class: 1623K(2432K)->1623K(2432K)
[64.648s][info][gc             ] GC(292) Pause Young (Normal) (G1 Evacuation Pause) 629M->16M(1024M) 0.889ms
[64.648s][info][gc,cpu         ] GC(292) User=0.00s Sys=0.00s Real=0.00s
[64.817s][info][gc,start       ] GC(293) Pause Young (Normal) (G1 Evacuation Pause)
[64.817s][info][gc,task        ] GC(293) Using 6 workers of 6 for evacuation
[64.818s][info][gc,phases      ] GC(293)   Pre Evacuate Collection Set: 0.0ms
[64.818s][info][gc,phases      ] GC(293)   Evacuate Collection Set: 0.3ms
[64.818s][info][gc,phases      ] GC(293)   Post Evacuate Collection Set: 0.4ms
[64.818s][info][gc,phases      ] GC(293)   Other: 0.1ms
[64.818s][info][gc,heap        ] GC(293) Eden regions: 613->0(613)
[64.818s][info][gc,heap        ] GC(293) Survivor regions: 1->1(77)
[64.818s][info][gc,heap        ] GC(293) Old regions: 7->7
[64.818s][info][gc,heap        ] GC(293) Humongous regions: 12->12
[64.818s][info][gc,metaspace   ] GC(293) Metaspace: 17045K(19328K)->17045K(19328K) NonClass: 15422K(16896K)->15422K(16896K) Class: 1623K(2432K)->1623K(2432K)
[64.818s][info][gc             ] GC(293) Pause Young (Normal) (G1 Evacuation Pause) 629M->16M(1024M) 0.917ms
[64.818s][info][gc,cpu         ] GC(293) User=0.00s Sys=0.00s Real=0.00s
[64.987s][info][gc,start       ] GC(294) Pause Young (Normal) (G1 Evacuation Pause)
[64.987s][info][gc,task        ] GC(294) Using 6 workers of 6 for evacuation
[64.988s][info][gc,phases      ] GC(294)   Pre Evacuate Collection Set: 0.0ms
[64.988s][info][gc,phases      ] GC(294)   Evacuate Collection Set: 0.4ms
[64.988s][info][gc,phases      ] GC(294)   Post Evacuate Collection Set: 0.4ms
[64.988s][info][gc,phases      ] GC(294)   Other: 0.1ms
[64.988s][info][gc,heap        ] GC(294) Eden regions: 613->0(613)
[64.988s][info][gc,heap        ] GC(294) Survivor regions: 1->1(77)
[64.988s][info][gc,heap        ] GC(294) Old regions: 7->7
[64.988s][info][gc,heap        ] GC(294) Humongous regions: 12->12
[64.988s][info][gc,metaspace   ] GC(294) Metaspace: 17045K(19328K)->17045K(19328K) NonClass: 15422K(16896K)->15422K(16896K) Class: 1623K(2432K)->1623K(2432K)
[64.988s][info][gc             ] GC(294) Pause Young (Normal) (G1 Evacuation Pause) 629M->16M(1024M) 1.015ms
[64.988s][info][gc,cpu         ] GC(294) User=0.00s Sys=0.00s Real=0.00s
[65.158s][info][gc,start       ] GC(295) Pause Young (Normal) (G1 Evacuation Pause)
[65.158s][info][gc,task        ] GC(295) Using 6 workers of 6 for evacuation
[65.159s][info][gc,phases      ] GC(295)   Pre Evacuate Collection Set: 0.0ms
[65.159s][info][gc,phases      ] GC(295)   Evacuate Collection Set: 0.3ms
[65.159s][info][gc,phases      ] GC(295)   Post Evacuate Collection Set: 0.3ms
[65.159s][info][gc,phases      ] GC(295)   Other: 0.1ms
[65.159s][info][gc,heap        ] GC(295) Eden regions: 613->0(613)
[65.159s][info][gc,heap        ] GC(295) Survivor regions: 1->1(77)
[65.159s][info][gc,heap        ] GC(295) Old regions: 7->7
[65.159s][info][gc,heap        ] GC(295) Humongous regions: 12->12
[65.159s][info][gc,metaspace   ] GC(295) Metaspace: 17045K(19328K)->17045K(19328K) NonClass: 15422K(16896K)->15422K(16896K) Class: 1623K(2432K)->1623K(2432K)
[65.159s][info][gc             ] GC(295) Pause Young (Normal) (G1 Evacuation Pause) 629M->16M(1024M) 0.941ms
[65.159s][info][gc,cpu         ] GC(295) User=0.00s Sys=0.02s Real=0.00s
[65.332s][info][gc,start       ] GC(296) Pause Young (Normal) (G1 Evacuation Pause)
[65.332s][info][gc,task        ] GC(296) Using 6 workers of 6 for evacuation
[65.332s][info][gc,phases      ] GC(296)   Pre Evacuate Collection Set: 0.0ms
[65.332s][info][gc,phases      ] GC(296)   Evacuate Collection Set: 0.3ms
[65.332s][info][gc,phases      ] GC(296)   Post Evacuate Collection Set: 0.3ms
[65.332s][info][gc,phases      ] GC(296)   Other: 0.1ms
[65.332s][info][gc,heap        ] GC(296) Eden regions: 613->0(613)
[65.332s][info][gc,heap        ] GC(296) Survivor regions: 1->1(77)
[65.332s][info][gc,heap        ] GC(296) Old regions: 7->7
[65.332s][info][gc,heap        ] GC(296) Humongous regions: 12->12
[65.332s][info][gc,metaspace   ] GC(296) Metaspace: 17045K(19328K)->17045K(19328K) NonClass: 15422K(16896K)->15422K(16896K) Class: 1623K(2432K)->1623K(2432K)
[65.332s][info][gc             ] GC(296) Pause Young (Normal) (G1 Evacuation Pause) 629M->16M(1024M) 0.870ms
[65.333s][info][gc,cpu         ] GC(296) User=0.00s Sys=0.00s Real=0.00s
[65.503s][info][gc,start       ] GC(297) Pause Young (Normal) (G1 Evacuation Pause)
[65.503s][info][gc,task        ] GC(297) Using 6 workers of 6 for evacuation
[65.504s][info][gc,phases      ] GC(297)   Pre Evacuate Collection Set: 0.0ms
[65.504s][info][gc,phases      ] GC(297)   Evacuate Collection Set: 0.3ms
[65.504s][info][gc,phases      ] GC(297)   Post Evacuate Collection Set: 0.3ms
[65.504s][info][gc,phases      ] GC(297)   Other: 0.1ms
[65.504s][info][gc,heap        ] GC(297) Eden regions: 613->0(613)
[65.504s][info][gc,heap        ] GC(297) Survivor regions: 1->1(77)
[65.504s][info][gc,heap        ] GC(297) Old regions: 7->7
[65.504s][info][gc,heap        ] GC(297) Humongous regions: 12->12
[65.504s][info][gc,metaspace   ] GC(297) Metaspace: 17045K(19328K)->17045K(19328K) NonClass: 15422K(16896K)->15422K(16896K) Class: 1623K(2432K)->1623K(2432K)
[65.504s][info][gc             ] GC(297) Pause Young (Normal) (G1 Evacuation Pause) 629M->16M(1024M) 0.920ms
[65.504s][info][gc,cpu         ] GC(297) User=0.00s Sys=0.00s Real=0.00s
[65.672s][info][gc,start       ] GC(298) Pause Young (Normal) (G1 Evacuation Pause)
[65.672s][info][gc,task        ] GC(298) Using 6 workers of 6 for evacuation
[65.672s][info][gc,phases      ] GC(298)   Pre Evacuate Collection Set: 0.0ms
[65.673s][info][gc,phases      ] GC(298)   Evacuate Collection Set: 0.3ms
[65.673s][info][gc,phases      ] GC(298)   Post Evacuate Collection Set: 0.3ms
[65.673s][info][gc,phases      ] GC(298)   Other: 0.1ms
[65.673s][info][gc,heap        ] GC(298) Eden regions: 613->0(613)
[65.673s][info][gc,heap        ] GC(298) Survivor regions: 1->1(77)
[65.673s][info][gc,heap        ] GC(298) Old regions: 7->7
[65.673s][info][gc,heap        ] GC(298) Humongous regions: 12->12
[65.673s][info][gc,metaspace   ] GC(298) Metaspace: 17045K(19328K)->17045K(19328K) NonClass: 15422K(16896K)->15422K(16896K) Class: 1623K(2432K)->1623K(2432K)
[65.673s][info][gc             ] GC(298) Pause Young (Normal) (G1 Evacuation Pause) 629M->16M(1024M) 0.883ms
[65.673s][info][gc,cpu         ] GC(298) User=0.00s Sys=0.00s Real=0.00s
[65.840s][info][gc,start       ] GC(299) Pause Young (Normal) (G1 Evacuation Pause)
[65.840s][info][gc,task        ] GC(299) Using 6 workers of 6 for evacuation
[65.841s][info][gc,phases      ] GC(299)   Pre Evacuate Collection Set: 0.0ms
[65.841s][info][gc,phases      ] GC(299)   Evacuate Collection Set: 0.4ms
[65.841s][info][gc,phases      ] GC(299)   Post Evacuate Collection Set: 0.3ms
[65.841s][info][gc,phases      ] GC(299)   Other: 0.2ms
[65.841s][info][gc,heap        ] GC(299) Eden regions: 613->0(613)
[65.841s][info][gc,heap        ] GC(299) Survivor regions: 1->1(77)
[65.841s][info][gc,heap        ] GC(299) Old regions: 7->7
[65.841s][info][gc,heap        ] GC(299) Humongous regions: 12->12
[65.841s][info][gc,metaspace   ] GC(299) Metaspace: 17045K(19328K)->17045K(19328K) NonClass: 15422K(16896K)->15422K(16896K) Class: 1623K(2432K)->1623K(2432K)
[65.841s][info][gc             ] GC(299) Pause Young (Normal) (G1 Evacuation Pause) 629M->16M(1024M) 1.025ms
[65.841s][info][gc,cpu         ] GC(299) User=0.00s Sys=0.00s Real=0.00s
[66.015s][info][gc,start       ] GC(300) Pause Young (Normal) (G1 Evacuation Pause)
[66.015s][info][gc,task        ] GC(300) Using 6 workers of 6 for evacuation
[66.015s][info][gc,phases      ] GC(300)   Pre Evacuate Collection Set: 0.0ms
[66.015s][info][gc,phases      ] GC(300)   Evacuate Collection Set: 0.3ms
[66.015s][info][gc,phases      ] GC(300)   Post Evacuate Collection Set: 0.3ms
[66.015s][info][gc,phases      ] GC(300)   Other: 0.2ms
[66.015s][info][gc,heap        ] GC(300) Eden regions: 613->0(613)
[66.015s][info][gc,heap        ] GC(300) Survivor regions: 1->1(77)
[66.015s][info][gc,heap        ] GC(300) Old regions: 7->7
[66.015s][info][gc,heap        ] GC(300) Humongous regions: 12->12
[66.015s][info][gc,metaspace   ] GC(300) Metaspace: 17045K(19328K)->17045K(19328K) NonClass: 15422K(16896K)->15422K(16896K) Class: 1623K(2432K)->1623K(2432K)
[66.015s][info][gc             ] GC(300) Pause Young (Normal) (G1 Evacuation Pause) 629M->16M(1024M) 0.900ms
[66.015s][info][gc,cpu         ] GC(300) User=0.00s Sys=0.00s Real=0.00s
[66.185s][info][gc,start       ] GC(301) Pause Young (Normal) (G1 Evacuation Pause)
[66.185s][info][gc,task        ] GC(301) Using 6 workers of 6 for evacuation
[66.186s][info][gc,phases      ] GC(301)   Pre Evacuate Collection Set: 0.0ms
[66.186s][info][gc,phases      ] GC(301)   Evacuate Collection Set: 0.3ms
[66.186s][info][gc,phases      ] GC(301)   Post Evacuate Collection Set: 0.4ms
[66.186s][info][gc,phases      ] GC(301)   Other: 0.1ms
[66.186s][info][gc,heap        ] GC(301) Eden regions: 613->0(613)
[66.186s][info][gc,heap        ] GC(301) Survivor regions: 1->1(77)
[66.186s][info][gc,heap        ] GC(301) Old regions: 7->7
[66.186s][info][gc,heap        ] GC(301) Humongous regions: 12->12
[66.186s][info][gc,metaspace   ] GC(301) Metaspace: 17045K(19328K)->17045K(19328K) NonClass: 15422K(16896K)->15422K(16896K) Class: 1623K(2432K)->1623K(2432K)
[66.186s][info][gc             ] GC(301) Pause Young (Normal) (G1 Evacuation Pause) 629M->16M(1024M) 0.899ms
[66.186s][info][gc,cpu         ] GC(301) User=0.00s Sys=0.00s Real=0.00s
[66.360s][info][gc,start       ] GC(302) Pause Young (Normal) (G1 Evacuation Pause)
[66.360s][info][gc,task        ] GC(302) Using 6 workers of 6 for evacuation
[66.361s][info][gc,phases      ] GC(302)   Pre Evacuate Collection Set: 0.0ms
[66.361s][info][gc,phases      ] GC(302)   Evacuate Collection Set: 0.3ms
[66.361s][info][gc,phases      ] GC(302)   Post Evacuate Collection Set: 0.3ms
[66.361s][info][gc,phases      ] GC(302)   Other: 0.1ms
[66.361s][info][gc,heap        ] GC(302) Eden regions: 613->0(613)
[66.361s][info][gc,heap        ] GC(302) Survivor regions: 1->1(77)
[66.361s][info][gc,heap        ] GC(302) Old regions: 7->7
[66.361s][info][gc,heap        ] GC(302) Humongous regions: 12->12
[66.361s][info][gc,metaspace   ] GC(302) Metaspace: 17045K(19328K)->17045K(19328K) NonClass: 15422K(16896K)->15422K(16896K) Class: 1623K(2432K)->1623K(2432K)
[66.361s][info][gc             ] GC(302) Pause Young (Normal) (G1 Evacuation Pause) 629M->16M(1024M) 0.882ms
[66.361s][info][gc,cpu         ] GC(302) User=0.00s Sys=0.00s Real=0.00s
[66.534s][info][gc,start       ] GC(303) Pause Young (Normal) (G1 Evacuation Pause)
[66.534s][info][gc,task        ] GC(303) Using 6 workers of 6 for evacuation
[66.534s][info][gc,phases      ] GC(303)   Pre Evacuate Collection Set: 0.0ms
[66.534s][info][gc,phases      ] GC(303)   Evacuate Collection Set: 0.3ms
[66.534s][info][gc,phases      ] GC(303)   Post Evacuate Collection Set: 0.4ms
[66.534s][info][gc,phases      ] GC(303)   Other: 0.2ms
[66.534s][info][gc,heap        ] GC(303) Eden regions: 613->0(613)
[66.534s][info][gc,heap        ] GC(303) Survivor regions: 1->1(77)
[66.534s][info][gc,heap        ] GC(303) Old regions: 7->7
[66.534s][info][gc,heap        ] GC(303) Humongous regions: 12->12
[66.534s][info][gc,metaspace   ] GC(303) Metaspace: 17045K(19328K)->17045K(19328K) NonClass: 15422K(16896K)->15422K(16896K) Class: 1623K(2432K)->1623K(2432K)
[66.535s][info][gc             ] GC(303) Pause Young (Normal) (G1 Evacuation Pause) 629M->16M(1024M) 0.932ms
[66.535s][info][gc,cpu         ] GC(303) User=0.00s Sys=0.00s Real=0.00s
[66.706s][info][gc,start       ] GC(304) Pause Young (Normal) (G1 Evacuation Pause)
[66.706s][info][gc,task        ] GC(304) Using 6 workers of 6 for evacuation
[66.707s][info][gc,phases      ] GC(304)   Pre Evacuate Collection Set: 0.0ms
[66.707s][info][gc,phases      ] GC(304)   Evacuate Collection Set: 0.3ms
[66.707s][info][gc,phases      ] GC(304)   Post Evacuate Collection Set: 0.3ms
[66.707s][info][gc,phases      ] GC(304)   Other: 0.1ms
[66.707s][info][gc,heap        ] GC(304) Eden regions: 613->0(613)
[66.707s][info][gc,heap        ] GC(304) Survivor regions: 1->1(77)
[66.707s][info][gc,heap        ] GC(304) Old regions: 7->7
[66.707s][info][gc,heap        ] GC(304) Humongous regions: 12->12
[66.707s][info][gc,metaspace   ] GC(304) Metaspace: 17045K(19328K)->17045K(19328K) NonClass: 15422K(16896K)->15422K(16896K) Class: 1623K(2432K)->1623K(2432K)
[66.707s][info][gc             ] GC(304) Pause Young (Normal) (G1 Evacuation Pause) 629M->16M(1024M) 0.952ms
[66.707s][info][gc,cpu         ] GC(304) User=0.00s Sys=0.00s Real=0.00s
[66.878s][info][gc,start       ] GC(305) Pause Young (Normal) (G1 Evacuation Pause)
[66.878s][info][gc,task        ] GC(305) Using 6 workers of 6 for evacuation
[66.879s][info][gc,phases      ] GC(305)   Pre Evacuate Collection Set: 0.0ms
[66.879s][info][gc,phases      ] GC(305)   Evacuate Collection Set: 0.3ms
[66.879s][info][gc,phases      ] GC(305)   Post Evacuate Collection Set: 0.3ms
[66.879s][info][gc,phases      ] GC(305)   Other: 0.1ms
[66.879s][info][gc,heap        ] GC(305) Eden regions: 613->0(613)
[66.879s][info][gc,heap        ] GC(305) Survivor regions: 1->1(77)
[66.879s][info][gc,heap        ] GC(305) Old regions: 7->7
[66.879s][info][gc,heap        ] GC(305) Humongous regions: 12->12
[66.879s][info][gc,metaspace   ] GC(305) Metaspace: 17045K(19328K)->17045K(19328K) NonClass: 15422K(16896K)->15422K(16896K) Class: 1623K(2432K)->1623K(2432K)
[66.879s][info][gc             ] GC(305) Pause Young (Normal) (G1 Evacuation Pause) 629M->16M(1024M) 0.871ms
[66.879s][info][gc,cpu         ] GC(305) User=0.00s Sys=0.00s Real=0.00s
[67.047s][info][gc,start       ] GC(306) Pause Young (Normal) (G1 Evacuation Pause)
[67.047s][info][gc,task        ] GC(306) Using 6 workers of 6 for evacuation
[67.048s][info][gc,phases      ] GC(306)   Pre Evacuate Collection Set: 0.0ms
[67.048s][info][gc,phases      ] GC(306)   Evacuate Collection Set: 0.3ms
[67.048s][info][gc,phases      ] GC(306)   Post Evacuate Collection Set: 0.4ms
[67.048s][info][gc,phases      ] GC(306)   Other: 0.1ms
[67.048s][info][gc,heap        ] GC(306) Eden regions: 613->0(613)
[67.048s][info][gc,heap        ] GC(306) Survivor regions: 1->1(77)
[67.048s][info][gc,heap        ] GC(306) Old regions: 7->7
[67.048s][info][gc,heap        ] GC(306) Humongous regions: 12->12
[67.048s][info][gc,metaspace   ] GC(306) Metaspace: 17045K(19328K)->17045K(19328K) NonClass: 15422K(16896K)->15422K(16896K) Class: 1623K(2432K)->1623K(2432K)
[67.048s][info][gc             ] GC(306) Pause Young (Normal) (G1 Evacuation Pause) 629M->16M(1024M) 0.919ms
[67.048s][info][gc,cpu         ] GC(306) User=0.00s Sys=0.00s Real=0.00s
[67.214s][info][gc,start       ] GC(307) Pause Young (Normal) (G1 Evacuation Pause)
[67.214s][info][gc,task        ] GC(307) Using 6 workers of 6 for evacuation
[67.215s][info][gc,phases      ] GC(307)   Pre Evacuate Collection Set: 0.0ms
[67.215s][info][gc,phases      ] GC(307)   Evacuate Collection Set: 0.3ms
[67.215s][info][gc,phases      ] GC(307)   Post Evacuate Collection Set: 0.4ms
[67.215s][info][gc,phases      ] GC(307)   Other: 0.2ms
[67.215s][info][gc,heap        ] GC(307) Eden regions: 613->0(613)
[67.215s][info][gc,heap        ] GC(307) Survivor regions: 1->1(77)
[67.215s][info][gc,heap        ] GC(307) Old regions: 7->7
[67.215s][info][gc,heap        ] GC(307) Humongous regions: 12->12
[67.215s][info][gc,metaspace   ] GC(307) Metaspace: 17045K(19328K)->17045K(19328K) NonClass: 15422K(16896K)->15422K(16896K) Class: 1623K(2432K)->1623K(2432K)
[67.215s][info][gc             ] GC(307) Pause Young (Normal) (G1 Evacuation Pause) 629M->16M(1024M) 0.999ms
[67.215s][info][gc,cpu         ] GC(307) User=0.00s Sys=0.00s Real=0.00s
[67.394s][info][gc,start       ] GC(308) Pause Young (Normal) (G1 Evacuation Pause)
[67.394s][info][gc,task        ] GC(308) Using 6 workers of 6 for evacuation
[67.395s][info][gc,phases      ] GC(308)   Pre Evacuate Collection Set: 0.0ms
[67.395s][info][gc,phases      ] GC(308)   Evacuate Collection Set: 0.3ms
[67.395s][info][gc,phases      ] GC(308)   Post Evacuate Collection Set: 0.3ms
[67.395s][info][gc,phases      ] GC(308)   Other: 0.1ms
[67.395s][info][gc,heap        ] GC(308) Eden regions: 613->0(613)
[67.395s][info][gc,heap        ] GC(308) Survivor regions: 1->1(77)
[67.395s][info][gc,heap        ] GC(308) Old regions: 7->7
[67.395s][info][gc,heap        ] GC(308) Humongous regions: 12->12
[67.395s][info][gc,metaspace   ] GC(308) Metaspace: 17045K(19328K)->17045K(19328K) NonClass: 15422K(16896K)->15422K(16896K) Class: 1623K(2432K)->1623K(2432K)
[67.395s][info][gc             ] GC(308) Pause Young (Normal) (G1 Evacuation Pause) 629M->16M(1024M) 0.882ms
[67.395s][info][gc,cpu         ] GC(308) User=0.00s Sys=0.00s Real=0.00s
[67.564s][info][gc,start       ] GC(309) Pause Young (Normal) (G1 Evacuation Pause)
[67.564s][info][gc,task        ] GC(309) Using 6 workers of 6 for evacuation
[67.565s][info][gc,phases      ] GC(309)   Pre Evacuate Collection Set: 0.0ms
[67.565s][info][gc,phases      ] GC(309)   Evacuate Collection Set: 0.3ms
[67.565s][info][gc,phases      ] GC(309)   Post Evacuate Collection Set: 0.3ms
[67.565s][info][gc,phases      ] GC(309)   Other: 0.1ms
[67.565s][info][gc,heap        ] GC(309) Eden regions: 613->0(613)
[67.565s][info][gc,heap        ] GC(309) Survivor regions: 1->1(77)
[67.565s][info][gc,heap        ] GC(309) Old regions: 7->7
[67.565s][info][gc,heap        ] GC(309) Humongous regions: 12->12
[67.565s][info][gc,metaspace   ] GC(309) Metaspace: 17045K(19328K)->17045K(19328K) NonClass: 15422K(16896K)->15422K(16896K) Class: 1623K(2432K)->1623K(2432K)
[67.565s][info][gc             ] GC(309) Pause Young (Normal) (G1 Evacuation Pause) 629M->16M(1024M) 0.891ms
[67.565s][info][gc,cpu         ] GC(309) User=0.00s Sys=0.02s Real=0.00s
[67.735s][info][gc,start       ] GC(310) Pause Young (Normal) (G1 Evacuation Pause)
[67.735s][info][gc,task        ] GC(310) Using 6 workers of 6 for evacuation
[67.736s][info][gc,phases      ] GC(310)   Pre Evacuate Collection Set: 0.0ms
[67.736s][info][gc,phases      ] GC(310)   Evacuate Collection Set: 0.3ms
[67.736s][info][gc,phases      ] GC(310)   Post Evacuate Collection Set: 0.3ms
[67.736s][info][gc,phases      ] GC(310)   Other: 0.1ms
[67.736s][info][gc,heap        ] GC(310) Eden regions: 613->0(613)
[67.736s][info][gc,heap        ] GC(310) Survivor regions: 1->1(77)
[67.736s][info][gc,heap        ] GC(310) Old regions: 7->7
[67.736s][info][gc,heap        ] GC(310) Humongous regions: 12->12
[67.736s][info][gc,metaspace   ] GC(310) Metaspace: 17045K(19328K)->17045K(19328K) NonClass: 15422K(16896K)->15422K(16896K) Class: 1623K(2432K)->1623K(2432K)
[67.736s][info][gc             ] GC(310) Pause Young (Normal) (G1 Evacuation Pause) 629M->16M(1024M) 0.958ms
[67.736s][info][gc,cpu         ] GC(310) User=0.00s Sys=0.00s Real=0.00s
[67.905s][info][gc,start       ] GC(311) Pause Young (Normal) (G1 Evacuation Pause)
[67.905s][info][gc,task        ] GC(311) Using 6 workers of 6 for evacuation
[67.906s][info][gc,phases      ] GC(311)   Pre Evacuate Collection Set: 0.0ms
[67.906s][info][gc,phases      ] GC(311)   Evacuate Collection Set: 0.3ms
[67.906s][info][gc,phases      ] GC(311)   Post Evacuate Collection Set: 0.3ms
[67.906s][info][gc,phases      ] GC(311)   Other: 0.1ms
[67.906s][info][gc,heap        ] GC(311) Eden regions: 613->0(613)
[67.906s][info][gc,heap        ] GC(311) Survivor regions: 1->1(77)
[67.906s][info][gc,heap        ] GC(311) Old regions: 7->7
[67.906s][info][gc,heap        ] GC(311) Humongous regions: 12->12
[67.906s][info][gc,metaspace   ] GC(311) Metaspace: 17045K(19328K)->17045K(19328K) NonClass: 15422K(16896K)->15422K(16896K) Class: 1623K(2432K)->1623K(2432K)
[67.906s][info][gc             ] GC(311) Pause Young (Normal) (G1 Evacuation Pause) 629M->16M(1024M) 0.836ms
[67.906s][info][gc,cpu         ] GC(311) User=0.00s Sys=0.00s Real=0.00s
[68.075s][info][gc,start       ] GC(312) Pause Young (Normal) (G1 Evacuation Pause)
[68.075s][info][gc,task        ] GC(312) Using 6 workers of 6 for evacuation
[68.076s][info][gc,phases      ] GC(312)   Pre Evacuate Collection Set: 0.0ms
[68.076s][info][gc,phases      ] GC(312)   Evacuate Collection Set: 0.4ms
[68.076s][info][gc,phases      ] GC(312)   Post Evacuate Collection Set: 0.4ms
[68.076s][info][gc,phases      ] GC(312)   Other: 0.1ms
[68.076s][info][gc,heap        ] GC(312) Eden regions: 613->0(613)
[68.076s][info][gc,heap        ] GC(312) Survivor regions: 1->1(77)
[68.076s][info][gc,heap        ] GC(312) Old regions: 7->7
[68.076s][info][gc,heap        ] GC(312) Humongous regions: 12->12
[68.076s][info][gc,metaspace   ] GC(312) Metaspace: 17045K(19328K)->17045K(19328K) NonClass: 15422K(16896K)->15422K(16896K) Class: 1623K(2432K)->1623K(2432K)
[68.076s][info][gc             ] GC(312) Pause Young (Normal) (G1 Evacuation Pause) 629M->16M(1024M) 0.994ms
[68.076s][info][gc,cpu         ] GC(312) User=0.00s Sys=0.00s Real=0.00s
[68.245s][info][gc,start       ] GC(313) Pause Young (Normal) (G1 Evacuation Pause)
[68.245s][info][gc,task        ] GC(313) Using 6 workers of 6 for evacuation
[68.246s][info][gc,phases      ] GC(313)   Pre Evacuate Collection Set: 0.0ms
[68.246s][info][gc,phases      ] GC(313)   Evacuate Collection Set: 0.3ms
[68.246s][info][gc,phases      ] GC(313)   Post Evacuate Collection Set: 0.3ms
[68.246s][info][gc,phases      ] GC(313)   Other: 0.2ms
[68.246s][info][gc,heap        ] GC(313) Eden regions: 613->0(613)
[68.246s][info][gc,heap        ] GC(313) Survivor regions: 1->1(77)
[68.246s][info][gc,heap        ] GC(313) Old regions: 7->7
[68.246s][info][gc,heap        ] GC(313) Humongous regions: 12->12
[68.246s][info][gc,metaspace   ] GC(313) Metaspace: 17045K(19328K)->17045K(19328K) NonClass: 15422K(16896K)->15422K(16896K) Class: 1623K(2432K)->1623K(2432K)
[68.246s][info][gc             ] GC(313) Pause Young (Normal) (G1 Evacuation Pause) 629M->16M(1024M) 0.893ms
[68.246s][info][gc,cpu         ] GC(313) User=0.00s Sys=0.00s Real=0.00s
[68.661s][info][gc,task        ] GC(314) Using 6 workers of 6 for full compaction
[68.661s][info][gc,start       ] GC(314) Pause Full (System.gc())
[68.661s][info][gc,phases,start] GC(314) Phase 1: Mark live objects
[68.665s][info][gc,stringtable ] GC(314) Cleaned string and symbol table, strings: 6720 processed, 0 removed, symbols: 50533 processed, 0 removed
[68.665s][info][gc,phases      ] GC(314) Phase 1: Mark live objects 3.524ms
[68.665s][info][gc,phases,start] GC(314) Phase 2: Prepare for compaction
[68.666s][info][gc,phases      ] GC(314) Phase 2: Prepare for compaction 0.996ms
[68.666s][info][gc,phases,start] GC(314) Phase 3: Adjust pointers
[68.670s][info][gc,phases      ] GC(314) Phase 3: Adjust pointers 3.649ms
[68.670s][info][gc,phases,start] GC(314) Phase 4: Compact heap
[68.671s][info][gc,phases      ] GC(314) Phase 4: Compact heap 0.960ms
[68.674s][info][gc,heap        ] GC(314) Eden regions: 592->0(614)
[68.674s][info][gc,heap        ] GC(314) Survivor regions: 1->0(77)
[68.674s][info][gc,heap        ] GC(314) Old regions: 7->6
[68.674s][info][gc,heap        ] GC(314) Humongous regions: 18->6
[68.674s][info][gc,metaspace   ] GC(314) Metaspace: 17045K(19328K)->17045K(19328K) NonClass: 15422K(16896K)->15422K(16896K) Class: 1623K(2432K)->1623K(2432K)
[68.674s][info][gc             ] GC(314) Pause Full (System.gc()) 614M->10M(1024M) 12.927ms
[68.674s][info][gc,cpu         ] GC(314) User=0.00s Sys=0.00s Real=0.01s
[68.855s][info][gc,start       ] GC(315) Pause Young (Normal) (G1 Evacuation Pause)
[68.855s][info][gc,task        ] GC(315) Using 6 workers of 6 for evacuation
[68.856s][info][gc,phases      ] GC(315)   Pre Evacuate Collection Set: 0.0ms
[68.856s][info][gc,phases      ] GC(315)   Evacuate Collection Set: 0.3ms
[68.856s][info][gc,phases      ] GC(315)   Post Evacuate Collection Set: 0.3ms
[68.856s][info][gc,phases      ] GC(315)   Other: 0.1ms
[68.856s][info][gc,heap        ] GC(315) Eden regions: 614->0(613)
[68.856s][info][gc,heap        ] GC(315) Survivor regions: 0->1(77)
[68.856s][info][gc,heap        ] GC(315) Old regions: 6->6
[68.856s][info][gc,heap        ] GC(315) Humongous regions: 12->12
[68.856s][info][gc,metaspace   ] GC(315) Metaspace: 17045K(19328K)->17045K(19328K) NonClass: 15422K(16896K)->15422K(16896K) Class: 1623K(2432K)->1623K(2432K)
[68.856s][info][gc             ] GC(315) Pause Young (Normal) (G1 Evacuation Pause) 630M->16M(1024M) 0.849ms
[68.856s][info][gc,cpu         ] GC(315) User=0.00s Sys=0.00s Real=0.00s
[69.021s][info][gc,start       ] GC(316) Pause Young (Normal) (G1 Evacuation Pause)
[69.021s][info][gc,task        ] GC(316) Using 6 workers of 6 for evacuation
[69.022s][info][gc,phases      ] GC(316)   Pre Evacuate Collection Set: 0.0ms
[69.022s][info][gc,phases      ] GC(316)   Evacuate Collection Set: 0.3ms
[69.022s][info][gc,phases      ] GC(316)   Post Evacuate Collection Set: 0.3ms
[69.022s][info][gc,phases      ] GC(316)   Other: 0.1ms
[69.022s][info][gc,heap        ] GC(316) Eden regions: 613->0(613)
[69.022s][info][gc,heap        ] GC(316) Survivor regions: 1->1(77)
[69.022s][info][gc,heap        ] GC(316) Old regions: 6->6
[69.022s][info][gc,heap        ] GC(316) Humongous regions: 12->12
[69.022s][info][gc,metaspace   ] GC(316) Metaspace: 17045K(19328K)->17045K(19328K) NonClass: 15422K(16896K)->15422K(16896K) Class: 1623K(2432K)->1623K(2432K)
[69.022s][info][gc             ] GC(316) Pause Young (Normal) (G1 Evacuation Pause) 629M->16M(1024M) 0.823ms
[69.022s][info][gc,cpu         ] GC(316) User=0.00s Sys=0.00s Real=0.00s
[69.189s][info][gc,start       ] GC(317) Pause Young (Normal) (G1 Evacuation Pause)
[69.189s][info][gc,task        ] GC(317) Using 6 workers of 6 for evacuation
[69.189s][info][gc,phases      ] GC(317)   Pre Evacuate Collection Set: 0.0ms
[69.189s][info][gc,phases      ] GC(317)   Evacuate Collection Set: 0.3ms
[69.189s][info][gc,phases      ] GC(317)   Post Evacuate Collection Set: 0.3ms
[69.189s][info][gc,phases      ] GC(317)   Other: 0.1ms
[69.189s][info][gc,heap        ] GC(317) Eden regions: 613->0(613)
[69.189s][info][gc,heap        ] GC(317) Survivor regions: 1->1(77)
[69.189s][info][gc,heap        ] GC(317) Old regions: 6->6
[69.189s][info][gc,heap        ] GC(317) Humongous regions: 12->12
[69.189s][info][gc,metaspace   ] GC(317) Metaspace: 17045K(19328K)->17045K(19328K) NonClass: 15422K(16896K)->15422K(16896K) Class: 1623K(2432K)->1623K(2432K)
[69.189s][info][gc             ] GC(317) Pause Young (Normal) (G1 Evacuation Pause) 629M->16M(1024M) 0.857ms
[69.189s][info][gc,cpu         ] GC(317) User=0.00s Sys=0.00s Real=0.00s
[69.364s][info][gc,start       ] GC(318) Pause Young (Normal) (G1 Evacuation Pause)
[69.364s][info][gc,task        ] GC(318) Using 6 workers of 6 for evacuation
[69.365s][info][gc,phases      ] GC(318)   Pre Evacuate Collection Set: 0.0ms
[69.365s][info][gc,phases      ] GC(318)   Evacuate Collection Set: 0.3ms
[69.365s][info][gc,phases      ] GC(318)   Post Evacuate Collection Set: 0.3ms
[69.365s][info][gc,phases      ] GC(318)   Other: 0.1ms
[69.365s][info][gc,heap        ] GC(318) Eden regions: 613->0(613)
[69.365s][info][gc,heap        ] GC(318) Survivor regions: 1->1(77)
[69.365s][info][gc,heap        ] GC(318) Old regions: 6->6
[69.365s][info][gc,heap        ] GC(318) Humongous regions: 12->12
[69.365s][info][gc,metaspace   ] GC(318) Metaspace: 17045K(19328K)->17045K(19328K) NonClass: 15422K(16896K)->15422K(16896K) Class: 1623K(2432K)->1623K(2432K)
[69.365s][info][gc             ] GC(318) Pause Young (Normal) (G1 Evacuation Pause) 629M->16M(1024M) 0.875ms
[69.365s][info][gc,cpu         ] GC(318) User=0.00s Sys=0.00s Real=0.00s
[69.534s][info][gc,start       ] GC(319) Pause Young (Normal) (G1 Evacuation Pause)
[69.534s][info][gc,task        ] GC(319) Using 6 workers of 6 for evacuation
[69.535s][info][gc,phases      ] GC(319)   Pre Evacuate Collection Set: 0.0ms
[69.535s][info][gc,phases      ] GC(319)   Evacuate Collection Set: 0.4ms
[69.535s][info][gc,phases      ] GC(319)   Post Evacuate Collection Set: 0.3ms
[69.535s][info][gc,phases      ] GC(319)   Other: 0.2ms
[69.535s][info][gc,heap        ] GC(319) Eden regions: 613->0(613)
[69.535s][info][gc,heap        ] GC(319) Survivor regions: 1->1(77)
[69.535s][info][gc,heap        ] GC(319) Old regions: 6->6
[69.535s][info][gc,heap        ] GC(319) Humongous regions: 12->12
[69.535s][info][gc,metaspace   ] GC(319) Metaspace: 17045K(19328K)->17045K(19328K) NonClass: 15422K(16896K)->15422K(16896K) Class: 1623K(2432K)->1623K(2432K)
[69.535s][info][gc             ] GC(319) Pause Young (Normal) (G1 Evacuation Pause) 629M->16M(1024M) 0.989ms
[69.535s][info][gc,cpu         ] GC(319) User=0.00s Sys=0.00s Real=0.00s
[69.702s][info][gc,start       ] GC(320) Pause Young (Normal) (G1 Evacuation Pause)
[69.702s][info][gc,task        ] GC(320) Using 6 workers of 6 for evacuation
[69.702s][info][gc,phases      ] GC(320)   Pre Evacuate Collection Set: 0.0ms
[69.702s][info][gc,phases      ] GC(320)   Evacuate Collection Set: 0.3ms
[69.702s][info][gc,phases      ] GC(320)   Post Evacuate Collection Set: 0.3ms
[69.702s][info][gc,phases      ] GC(320)   Other: 0.1ms
[69.702s][info][gc,heap        ] GC(320) Eden regions: 613->0(613)
[69.702s][info][gc,heap        ] GC(320) Survivor regions: 1->1(77)
[69.702s][info][gc,heap        ] GC(320) Old regions: 6->6
[69.702s][info][gc,heap        ] GC(320) Humongous regions: 12->12
[69.702s][info][gc,metaspace   ] GC(320) Metaspace: 17045K(19328K)->17045K(19328K) NonClass: 15422K(16896K)->15422K(16896K) Class: 1623K(2432K)->1623K(2432K)
[69.702s][info][gc             ] GC(320) Pause Young (Normal) (G1 Evacuation Pause) 629M->16M(1024M) 0.858ms
[69.702s][info][gc,cpu         ] GC(320) User=0.00s Sys=0.00s Real=0.00s
[69.870s][info][gc,start       ] GC(321) Pause Young (Normal) (G1 Evacuation Pause)
[69.870s][info][gc,task        ] GC(321) Using 6 workers of 6 for evacuation
[69.871s][info][gc,phases      ] GC(321)   Pre Evacuate Collection Set: 0.0ms
[69.871s][info][gc,phases      ] GC(321)   Evacuate Collection Set: 0.3ms
[69.871s][info][gc,phases      ] GC(321)   Post Evacuate Collection Set: 0.4ms
[69.871s][info][gc,phases      ] GC(321)   Other: 0.1ms
[69.871s][info][gc,heap        ] GC(321) Eden regions: 613->0(613)
[69.871s][info][gc,heap        ] GC(321) Survivor regions: 1->1(77)
[69.871s][info][gc,heap        ] GC(321) Old regions: 6->6
[69.871s][info][gc,heap        ] GC(321) Humongous regions: 12->12
[69.871s][info][gc,metaspace   ] GC(321) Metaspace: 17045K(19328K)->17045K(19328K) NonClass: 15422K(16896K)->15422K(16896K) Class: 1623K(2432K)->1623K(2432K)
[69.871s][info][gc             ] GC(321) Pause Young (Normal) (G1 Evacuation Pause) 629M->16M(1024M) 1.003ms
[69.871s][info][gc,cpu         ] GC(321) User=0.00s Sys=0.00s Real=0.00s
[70.038s][info][gc,start       ] GC(322) Pause Young (Normal) (G1 Evacuation Pause)
[70.038s][info][gc,task        ] GC(322) Using 6 workers of 6 for evacuation
[70.038s][info][gc,phases      ] GC(322)   Pre Evacuate Collection Set: 0.0ms
[70.038s][info][gc,phases      ] GC(322)   Evacuate Collection Set: 0.3ms
[70.038s][info][gc,phases      ] GC(322)   Post Evacuate Collection Set: 0.3ms
[70.038s][info][gc,phases      ] GC(322)   Other: 0.1ms
[70.038s][info][gc,heap        ] GC(322) Eden regions: 613->0(613)
[70.038s][info][gc,heap        ] GC(322) Survivor regions: 1->1(77)
[70.038s][info][gc,heap        ] GC(322) Old regions: 6->6
[70.038s][info][gc,heap        ] GC(322) Humongous regions: 12->12
[70.038s][info][gc,metaspace   ] GC(322) Metaspace: 17045K(19328K)->17045K(19328K) NonClass: 15422K(16896K)->15422K(16896K) Class: 1623K(2432K)->1623K(2432K)
[70.038s][info][gc             ] GC(322) Pause Young (Normal) (G1 Evacuation Pause) 629M->16M(1024M) 0.900ms
[70.038s][info][gc,cpu         ] GC(322) User=0.00s Sys=0.00s Real=0.00s
[70.207s][info][gc,start       ] GC(323) Pause Young (Normal) (G1 Evacuation Pause)
[70.208s][info][gc,task        ] GC(323) Using 6 workers of 6 for evacuation
[70.208s][info][gc,phases      ] GC(323)   Pre Evacuate Collection Set: 0.0ms
[70.208s][info][gc,phases      ] GC(323)   Evacuate Collection Set: 0.3ms
[70.208s][info][gc,phases      ] GC(323)   Post Evacuate Collection Set: 0.4ms
[70.208s][info][gc,phases      ] GC(323)   Other: 0.1ms
[70.208s][info][gc,heap        ] GC(323) Eden regions: 613->0(613)
[70.208s][info][gc,heap        ] GC(323) Survivor regions: 1->1(77)
[70.208s][info][gc,heap        ] GC(323) Old regions: 6->6
[70.208s][info][gc,heap        ] GC(323) Humongous regions: 12->12
[70.208s][info][gc,metaspace   ] GC(323) Metaspace: 17045K(19328K)->17045K(19328K) NonClass: 15422K(16896K)->15422K(16896K) Class: 1623K(2432K)->1623K(2432K)
[70.208s][info][gc             ] GC(323) Pause Young (Normal) (G1 Evacuation Pause) 629M->16M(1024M) 0.965ms
[70.208s][info][gc,cpu         ] GC(323) User=0.00s Sys=0.00s Real=0.00s
[70.383s][info][gc,start       ] GC(324) Pause Young (Normal) (G1 Evacuation Pause)
[70.383s][info][gc,task        ] GC(324) Using 6 workers of 6 for evacuation
[70.384s][info][gc,phases      ] GC(324)   Pre Evacuate Collection Set: 0.0ms
[70.384s][info][gc,phases      ] GC(324)   Evacuate Collection Set: 0.3ms
[70.384s][info][gc,phases      ] GC(324)   Post Evacuate Collection Set: 0.3ms
[70.384s][info][gc,phases      ] GC(324)   Other: 0.1ms
[70.384s][info][gc,heap        ] GC(324) Eden regions: 613->0(613)
[70.384s][info][gc,heap        ] GC(324) Survivor regions: 1->1(77)
[70.384s][info][gc,heap        ] GC(324) Old regions: 6->6
[70.384s][info][gc,heap        ] GC(324) Humongous regions: 12->12
[70.384s][info][gc,metaspace   ] GC(324) Metaspace: 17045K(19328K)->17045K(19328K) NonClass: 15422K(16896K)->15422K(16896K) Class: 1623K(2432K)->1623K(2432K)
[70.384s][info][gc             ] GC(324) Pause Young (Normal) (G1 Evacuation Pause) 629M->16M(1024M) 0.928ms
[70.384s][info][gc,cpu         ] GC(324) User=0.00s Sys=0.00s Real=0.00s
[70.553s][info][gc,start       ] GC(325) Pause Young (Normal) (G1 Evacuation Pause)
[70.553s][info][gc,task        ] GC(325) Using 6 workers of 6 for evacuation
[70.554s][info][gc,phases      ] GC(325)   Pre Evacuate Collection Set: 0.0ms
[70.554s][info][gc,phases      ] GC(325)   Evacuate Collection Set: 0.3ms
[70.554s][info][gc,phases      ] GC(325)   Post Evacuate Collection Set: 0.3ms
[70.554s][info][gc,phases      ] GC(325)   Other: 0.1ms
[70.554s][info][gc,heap        ] GC(325) Eden regions: 613->0(613)
[70.554s][info][gc,heap        ] GC(325) Survivor regions: 1->1(77)
[70.554s][info][gc,heap        ] GC(325) Old regions: 6->6
[70.554s][info][gc,heap        ] GC(325) Humongous regions: 12->12
[70.554s][info][gc,metaspace   ] GC(325) Metaspace: 17045K(19328K)->17045K(19328K) NonClass: 15422K(16896K)->15422K(16896K) Class: 1623K(2432K)->1623K(2432K)
[70.554s][info][gc             ] GC(325) Pause Young (Normal) (G1 Evacuation Pause) 629M->16M(1024M) 0.911ms
[70.554s][info][gc,cpu         ] GC(325) User=0.00s Sys=0.00s Real=0.00s
[70.722s][info][gc,start       ] GC(326) Pause Young (Normal) (G1 Evacuation Pause)
[70.722s][info][gc,task        ] GC(326) Using 6 workers of 6 for evacuation
[70.723s][info][gc,phases      ] GC(326)   Pre Evacuate Collection Set: 0.0ms
[70.723s][info][gc,phases      ] GC(326)   Evacuate Collection Set: 0.3ms
[70.723s][info][gc,phases      ] GC(326)   Post Evacuate Collection Set: 0.4ms
[70.723s][info][gc,phases      ] GC(326)   Other: 0.1ms
[70.723s][info][gc,heap        ] GC(326) Eden regions: 613->0(613)
[70.723s][info][gc,heap        ] GC(326) Survivor regions: 1->1(77)
[70.723s][info][gc,heap        ] GC(326) Old regions: 6->6
[70.723s][info][gc,heap        ] GC(326) Humongous regions: 12->12
[70.723s][info][gc,metaspace   ] GC(326) Metaspace: 17045K(19328K)->17045K(19328K) NonClass: 15422K(16896K)->15422K(16896K) Class: 1623K(2432K)->1623K(2432K)
[70.723s][info][gc             ] GC(326) Pause Young (Normal) (G1 Evacuation Pause) 629M->16M(1024M) 0.949ms
[70.723s][info][gc,cpu         ] GC(326) User=0.00s Sys=0.00s Real=0.00s
[70.891s][info][gc,start       ] GC(327) Pause Young (Normal) (G1 Evacuation Pause)
[70.891s][info][gc,task        ] GC(327) Using 6 workers of 6 for evacuation
[70.892s][info][gc,phases      ] GC(327)   Pre Evacuate Collection Set: 0.0ms
[70.892s][info][gc,phases      ] GC(327)   Evacuate Collection Set: 0.3ms
[70.892s][info][gc,phases      ] GC(327)   Post Evacuate Collection Set: 0.4ms
[70.892s][info][gc,phases      ] GC(327)   Other: 0.1ms
[70.892s][info][gc,heap        ] GC(327) Eden regions: 613->0(613)
[70.892s][info][gc,heap        ] GC(327) Survivor regions: 1->1(77)
[70.892s][info][gc,heap        ] GC(327) Old regions: 6->6
[70.892s][info][gc,heap        ] GC(327) Humongous regions: 12->12
[70.892s][info][gc,metaspace   ] GC(327) Metaspace: 17045K(19328K)->17045K(19328K) NonClass: 15422K(16896K)->15422K(16896K) Class: 1623K(2432K)->1623K(2432K)
[70.892s][info][gc             ] GC(327) Pause Young (Normal) (G1 Evacuation Pause) 629M->16M(1024M) 0.917ms
[70.892s][info][gc,cpu         ] GC(327) User=0.00s Sys=0.00s Real=0.00s
[71.058s][info][gc,start       ] GC(328) Pause Young (Normal) (G1 Evacuation Pause)
[71.058s][info][gc,task        ] GC(328) Using 6 workers of 6 for evacuation
[71.059s][info][gc,phases      ] GC(328)   Pre Evacuate Collection Set: 0.0ms
[71.059s][info][gc,phases      ] GC(328)   Evacuate Collection Set: 0.3ms
[71.059s][info][gc,phases      ] GC(328)   Post Evacuate Collection Set: 0.3ms
[71.059s][info][gc,phases      ] GC(328)   Other: 0.1ms
[71.059s][info][gc,heap        ] GC(328) Eden regions: 613->0(613)
[71.059s][info][gc,heap        ] GC(328) Survivor regions: 1->1(77)
[71.059s][info][gc,heap        ] GC(328) Old regions: 6->6
[71.059s][info][gc,heap        ] GC(328) Humongous regions: 12->12
[71.059s][info][gc,metaspace   ] GC(328) Metaspace: 17045K(19328K)->17045K(19328K) NonClass: 15422K(16896K)->15422K(16896K) Class: 1623K(2432K)->1623K(2432K)
[71.059s][info][gc             ] GC(328) Pause Young (Normal) (G1 Evacuation Pause) 629M->16M(1024M) 0.864ms
[71.059s][info][gc,cpu         ] GC(328) User=0.00s Sys=0.00s Real=0.00s
[71.225s][info][gc,start       ] GC(329) Pause Young (Normal) (G1 Evacuation Pause)
[71.226s][info][gc,task        ] GC(329) Using 6 workers of 6 for evacuation
[71.226s][info][gc,phases      ] GC(329)   Pre Evacuate Collection Set: 0.0ms
[71.226s][info][gc,phases      ] GC(329)   Evacuate Collection Set: 0.3ms
[71.226s][info][gc,phases      ] GC(329)   Post Evacuate Collection Set: 0.4ms
[71.226s][info][gc,phases      ] GC(329)   Other: 0.1ms
[71.226s][info][gc,heap        ] GC(329) Eden regions: 613->0(613)
[71.226s][info][gc,heap        ] GC(329) Survivor regions: 1->1(77)
[71.226s][info][gc,heap        ] GC(329) Old regions: 6->6
[71.226s][info][gc,heap        ] GC(329) Humongous regions: 12->12
[71.226s][info][gc,metaspace   ] GC(329) Metaspace: 17045K(19328K)->17045K(19328K) NonClass: 15422K(16896K)->15422K(16896K) Class: 1623K(2432K)->1623K(2432K)
[71.226s][info][gc             ] GC(329) Pause Young (Normal) (G1 Evacuation Pause) 629M->16M(1024M) 0.961ms
[71.226s][info][gc,cpu         ] GC(329) User=0.00s Sys=0.00s Real=0.00s
[71.402s][info][gc,start       ] GC(330) Pause Young (Normal) (G1 Evacuation Pause)
[71.402s][info][gc,task        ] GC(330) Using 6 workers of 6 for evacuation
[71.403s][info][gc,phases      ] GC(330)   Pre Evacuate Collection Set: 0.0ms
[71.403s][info][gc,phases      ] GC(330)   Evacuate Collection Set: 0.3ms
[71.403s][info][gc,phases      ] GC(330)   Post Evacuate Collection Set: 0.4ms
[71.403s][info][gc,phases      ] GC(330)   Other: 0.1ms
[71.403s][info][gc,heap        ] GC(330) Eden regions: 613->0(613)
[71.403s][info][gc,heap        ] GC(330) Survivor regions: 1->1(77)
[71.403s][info][gc,heap        ] GC(330) Old regions: 6->7
[71.403s][info][gc,heap        ] GC(330) Humongous regions: 12->12
[71.403s][info][gc,metaspace   ] GC(330) Metaspace: 17045K(19328K)->17045K(19328K) NonClass: 15422K(16896K)->15422K(16896K) Class: 1623K(2432K)->1623K(2432K)
[71.403s][info][gc             ] GC(330) Pause Young (Normal) (G1 Evacuation Pause) 629M->16M(1024M) 0.903ms
[71.403s][info][gc,cpu         ] GC(330) User=0.00s Sys=0.00s Real=0.00s
[71.576s][info][gc,start       ] GC(331) Pause Young (Normal) (G1 Evacuation Pause)
[71.576s][info][gc,task        ] GC(331) Using 6 workers of 6 for evacuation
[71.577s][info][gc,phases      ] GC(331)   Pre Evacuate Collection Set: 0.0ms
[71.577s][info][gc,phases      ] GC(331)   Evacuate Collection Set: 0.3ms
[71.577s][info][gc,phases      ] GC(331)   Post Evacuate Collection Set: 0.3ms
[71.577s][info][gc,phases      ] GC(331)   Other: 0.1ms
[71.577s][info][gc,heap        ] GC(331) Eden regions: 613->0(613)
[71.577s][info][gc,heap        ] GC(331) Survivor regions: 1->1(77)
[71.577s][info][gc,heap        ] GC(331) Old regions: 7->7
[71.577s][info][gc,heap        ] GC(331) Humongous regions: 12->12
[71.577s][info][gc,metaspace   ] GC(331) Metaspace: 17045K(19328K)->17045K(19328K) NonClass: 15422K(16896K)->15422K(16896K) Class: 1623K(2432K)->1623K(2432K)
[71.577s][info][gc             ] GC(331) Pause Young (Normal) (G1 Evacuation Pause) 629M->16M(1024M) 0.864ms
[71.577s][info][gc,cpu         ] GC(331) User=0.00s Sys=0.00s Real=0.00s
[71.746s][info][gc,start       ] GC(332) Pause Young (Normal) (G1 Evacuation Pause)
[71.746s][info][gc,task        ] GC(332) Using 6 workers of 6 for evacuation
[71.747s][info][gc,phases      ] GC(332)   Pre Evacuate Collection Set: 0.0ms
[71.747s][info][gc,phases      ] GC(332)   Evacuate Collection Set: 0.3ms
[71.747s][info][gc,phases      ] GC(332)   Post Evacuate Collection Set: 0.3ms
[71.747s][info][gc,phases      ] GC(332)   Other: 0.1ms
[71.747s][info][gc,heap        ] GC(332) Eden regions: 613->0(613)
[71.747s][info][gc,heap        ] GC(332) Survivor regions: 1->1(77)
[71.747s][info][gc,heap        ] GC(332) Old regions: 7->7
[71.747s][info][gc,heap        ] GC(332) Humongous regions: 12->12
[71.747s][info][gc,metaspace   ] GC(332) Metaspace: 17045K(19328K)->17045K(19328K) NonClass: 15422K(16896K)->15422K(16896K) Class: 1623K(2432K)->1623K(2432K)
[71.747s][info][gc             ] GC(332) Pause Young (Normal) (G1 Evacuation Pause) 629M->16M(1024M) 0.856ms
[71.747s][info][gc,cpu         ] GC(332) User=0.00s Sys=0.00s Real=0.00s
[71.916s][info][gc,start       ] GC(333) Pause Young (Normal) (G1 Evacuation Pause)
[71.916s][info][gc,task        ] GC(333) Using 6 workers of 6 for evacuation
[71.917s][info][gc,phases      ] GC(333)   Pre Evacuate Collection Set: 0.0ms
[71.917s][info][gc,phases      ] GC(333)   Evacuate Collection Set: 0.3ms
[71.917s][info][gc,phases      ] GC(333)   Post Evacuate Collection Set: 0.3ms
[71.917s][info][gc,phases      ] GC(333)   Other: 0.1ms
[71.917s][info][gc,heap        ] GC(333) Eden regions: 613->0(613)
[71.917s][info][gc,heap        ] GC(333) Survivor regions: 1->1(77)
[71.917s][info][gc,heap        ] GC(333) Old regions: 7->7
[71.917s][info][gc,heap        ] GC(333) Humongous regions: 12->12
[71.917s][info][gc,metaspace   ] GC(333) Metaspace: 17045K(19328K)->17045K(19328K) NonClass: 15422K(16896K)->15422K(16896K) Class: 1623K(2432K)->1623K(2432K)
[71.917s][info][gc             ] GC(333) Pause Young (Normal) (G1 Evacuation Pause) 629M->16M(1024M) 0.902ms
[71.917s][info][gc,cpu         ] GC(333) User=0.00s Sys=0.00s Real=0.00s
[72.090s][info][gc,start       ] GC(334) Pause Young (Normal) (G1 Evacuation Pause)
[72.090s][info][gc,task        ] GC(334) Using 6 workers of 6 for evacuation
[72.091s][info][gc,phases      ] GC(334)   Pre Evacuate Collection Set: 0.0ms
[72.091s][info][gc,phases      ] GC(334)   Evacuate Collection Set: 0.3ms
[72.091s][info][gc,phases      ] GC(334)   Post Evacuate Collection Set: 0.3ms
[72.091s][info][gc,phases      ] GC(334)   Other: 0.1ms
[72.091s][info][gc,heap        ] GC(334) Eden regions: 613->0(613)
[72.091s][info][gc,heap        ] GC(334) Survivor regions: 1->1(77)
[72.091s][info][gc,heap        ] GC(334) Old regions: 7->7
[72.091s][info][gc,heap        ] GC(334) Humongous regions: 12->12
[72.091s][info][gc,metaspace   ] GC(334) Metaspace: 17045K(19328K)->17045K(19328K) NonClass: 15422K(16896K)->15422K(16896K) Class: 1623K(2432K)->1623K(2432K)
[72.091s][info][gc             ] GC(334) Pause Young (Normal) (G1 Evacuation Pause) 629M->16M(1024M) 0.906ms
[72.091s][info][gc,cpu         ] GC(334) User=0.00s Sys=0.00s Real=0.00s
[72.262s][info][gc,start       ] GC(335) Pause Young (Normal) (G1 Evacuation Pause)
[72.262s][info][gc,task        ] GC(335) Using 6 workers of 6 for evacuation
[72.263s][info][gc,phases      ] GC(335)   Pre Evacuate Collection Set: 0.0ms
[72.263s][info][gc,phases      ] GC(335)   Evacuate Collection Set: 0.3ms
[72.263s][info][gc,phases      ] GC(335)   Post Evacuate Collection Set: 0.4ms
[72.263s][info][gc,phases      ] GC(335)   Other: 0.1ms
[72.263s][info][gc,heap        ] GC(335) Eden regions: 613->0(613)
[72.263s][info][gc,heap        ] GC(335) Survivor regions: 1->1(77)
[72.263s][info][gc,heap        ] GC(335) Old regions: 7->7
[72.263s][info][gc,heap        ] GC(335) Humongous regions: 12->12
[72.263s][info][gc,metaspace   ] GC(335) Metaspace: 17045K(19328K)->17045K(19328K) NonClass: 15422K(16896K)->15422K(16896K) Class: 1623K(2432K)->1623K(2432K)
[72.263s][info][gc             ] GC(335) Pause Young (Normal) (G1 Evacuation Pause) 629M->16M(1024M) 0.961ms
[72.263s][info][gc,cpu         ] GC(335) User=0.00s Sys=0.00s Real=0.00s
[72.442s][info][gc,start       ] GC(336) Pause Young (Normal) (G1 Evacuation Pause)
[72.442s][info][gc,task        ] GC(336) Using 6 workers of 6 for evacuation
[72.443s][info][gc,phases      ] GC(336)   Pre Evacuate Collection Set: 0.0ms
[72.443s][info][gc,phases      ] GC(336)   Evacuate Collection Set: 0.3ms
[72.443s][info][gc,phases      ] GC(336)   Post Evacuate Collection Set: 0.3ms
[72.443s][info][gc,phases      ] GC(336)   Other: 0.1ms
[72.443s][info][gc,heap        ] GC(336) Eden regions: 613->0(613)
[72.443s][info][gc,heap        ] GC(336) Survivor regions: 1->1(77)
[72.443s][info][gc,heap        ] GC(336) Old regions: 7->7
[72.443s][info][gc,heap        ] GC(336) Humongous regions: 12->12
[72.443s][info][gc,metaspace   ] GC(336) Metaspace: 17045K(19328K)->17045K(19328K) NonClass: 15422K(16896K)->15422K(16896K) Class: 1623K(2432K)->1623K(2432K)
[72.443s][info][gc             ] GC(336) Pause Young (Normal) (G1 Evacuation Pause) 629M->16M(1024M) 0.890ms
[72.443s][info][gc,cpu         ] GC(336) User=0.00s Sys=0.00s Real=0.00s
[72.611s][info][gc,start       ] GC(337) Pause Young (Normal) (G1 Evacuation Pause)
[72.611s][info][gc,task        ] GC(337) Using 6 workers of 6 for evacuation
[72.612s][info][gc,phases      ] GC(337)   Pre Evacuate Collection Set: 0.0ms
[72.612s][info][gc,phases      ] GC(337)   Evacuate Collection Set: 0.3ms
[72.612s][info][gc,phases      ] GC(337)   Post Evacuate Collection Set: 0.4ms
[72.612s][info][gc,phases      ] GC(337)   Other: 0.2ms
[72.612s][info][gc,heap        ] GC(337) Eden regions: 613->0(613)
[72.612s][info][gc,heap        ] GC(337) Survivor regions: 1->1(77)
[72.612s][info][gc,heap        ] GC(337) Old regions: 7->7
[72.612s][info][gc,heap        ] GC(337) Humongous regions: 12->12
[72.612s][info][gc,metaspace   ] GC(337) Metaspace: 17045K(19328K)->17045K(19328K) NonClass: 15422K(16896K)->15422K(16896K) Class: 1623K(2432K)->1623K(2432K)
[72.612s][info][gc             ] GC(337) Pause Young (Normal) (G1 Evacuation Pause) 629M->16M(1024M) 0.996ms
[72.612s][info][gc,cpu         ] GC(337) User=0.00s Sys=0.00s Real=0.00s
[72.782s][info][gc,start       ] GC(338) Pause Young (Normal) (G1 Evacuation Pause)
[72.782s][info][gc,task        ] GC(338) Using 6 workers of 6 for evacuation
[72.782s][info][gc,phases      ] GC(338)   Pre Evacuate Collection Set: 0.0ms
[72.782s][info][gc,phases      ] GC(338)   Evacuate Collection Set: 0.3ms
[72.782s][info][gc,phases      ] GC(338)   Post Evacuate Collection Set: 0.3ms
[72.783s][info][gc,phases      ] GC(338)   Other: 0.1ms
[72.783s][info][gc,heap        ] GC(338) Eden regions: 613->0(613)
[72.783s][info][gc,heap        ] GC(338) Survivor regions: 1->1(77)
[72.783s][info][gc,heap        ] GC(338) Old regions: 7->7
[72.783s][info][gc,heap        ] GC(338) Humongous regions: 12->12
[72.783s][info][gc,metaspace   ] GC(338) Metaspace: 17045K(19328K)->17045K(19328K) NonClass: 15422K(16896K)->15422K(16896K) Class: 1623K(2432K)->1623K(2432K)
[72.783s][info][gc             ] GC(338) Pause Young (Normal) (G1 Evacuation Pause) 629M->16M(1024M) 0.866ms
[72.783s][info][gc,cpu         ] GC(338) User=0.00s Sys=0.00s Real=0.00s
[72.954s][info][gc,start       ] GC(339) Pause Young (Normal) (G1 Evacuation Pause)
[72.954s][info][gc,task        ] GC(339) Using 6 workers of 6 for evacuation
[72.955s][info][gc,phases      ] GC(339)   Pre Evacuate Collection Set: 0.0ms
[72.955s][info][gc,phases      ] GC(339)   Evacuate Collection Set: 0.3ms
[72.955s][info][gc,phases      ] GC(339)   Post Evacuate Collection Set: 0.4ms
[72.955s][info][gc,phases      ] GC(339)   Other: 0.1ms
[72.955s][info][gc,heap        ] GC(339) Eden regions: 613->0(613)
[72.955s][info][gc,heap        ] GC(339) Survivor regions: 1->1(77)
[72.955s][info][gc,heap        ] GC(339) Old regions: 7->7
[72.955s][info][gc,heap        ] GC(339) Humongous regions: 12->12
[72.955s][info][gc,metaspace   ] GC(339) Metaspace: 17045K(19328K)->17045K(19328K) NonClass: 15422K(16896K)->15422K(16896K) Class: 1623K(2432K)->1623K(2432K)
[72.955s][info][gc             ] GC(339) Pause Young (Normal) (G1 Evacuation Pause) 629M->16M(1024M) 1.000ms
[72.955s][info][gc,cpu         ] GC(339) User=0.00s Sys=0.00s Real=0.00s
[73.123s][info][gc,start       ] GC(340) Pause Young (Normal) (G1 Evacuation Pause)
[73.123s][info][gc,task        ] GC(340) Using 6 workers of 6 for evacuation
[73.124s][info][gc,phases      ] GC(340)   Pre Evacuate Collection Set: 0.0ms
[73.124s][info][gc,phases      ] GC(340)   Evacuate Collection Set: 0.3ms
[73.124s][info][gc,phases      ] GC(340)   Post Evacuate Collection Set: 0.3ms
[73.124s][info][gc,phases      ] GC(340)   Other: 0.1ms
[73.124s][info][gc,heap        ] GC(340) Eden regions: 613->0(613)
[73.124s][info][gc,heap        ] GC(340) Survivor regions: 1->1(77)
[73.124s][info][gc,heap        ] GC(340) Old regions: 7->7
[73.124s][info][gc,heap        ] GC(340) Humongous regions: 12->12
[73.124s][info][gc,metaspace   ] GC(340) Metaspace: 17045K(19328K)->17045K(19328K) NonClass: 15422K(16896K)->15422K(16896K) Class: 1623K(2432K)->1623K(2432K)
[73.124s][info][gc             ] GC(340) Pause Young (Normal) (G1 Evacuation Pause) 629M->16M(1024M) 0.917ms
[73.124s][info][gc,cpu         ] GC(340) User=0.00s Sys=0.00s Real=0.00s
[73.295s][info][gc,start       ] GC(341) Pause Young (Normal) (G1 Evacuation Pause)
[73.295s][info][gc,task        ] GC(341) Using 6 workers of 6 for evacuation
[73.296s][info][gc,phases      ] GC(341)   Pre Evacuate Collection Set: 0.0ms
[73.296s][info][gc,phases      ] GC(341)   Evacuate Collection Set: 0.4ms
[73.296s][info][gc,phases      ] GC(341)   Post Evacuate Collection Set: 0.5ms
[73.296s][info][gc,phases      ] GC(341)   Other: 0.2ms
[73.296s][info][gc,heap        ] GC(341) Eden regions: 613->0(613)
[73.296s][info][gc,heap        ] GC(341) Survivor regions: 1->1(77)
[73.296s][info][gc,heap        ] GC(341) Old regions: 7->7
[73.296s][info][gc,heap        ] GC(341) Humongous regions: 12->12
[73.296s][info][gc,metaspace   ] GC(341) Metaspace: 17045K(19328K)->17045K(19328K) NonClass: 15422K(16896K)->15422K(16896K) Class: 1623K(2432K)->1623K(2432K)
[73.296s][info][gc             ] GC(341) Pause Young (Normal) (G1 Evacuation Pause) 629M->16M(1024M) 1.235ms
[73.296s][info][gc,cpu         ] GC(341) User=0.00s Sys=0.00s Real=0.00s
[73.469s][info][gc,start       ] GC(342) Pause Young (Normal) (G1 Evacuation Pause)
[73.469s][info][gc,task        ] GC(342) Using 6 workers of 6 for evacuation
[73.470s][info][gc,phases      ] GC(342)   Pre Evacuate Collection Set: 0.0ms
[73.470s][info][gc,phases      ] GC(342)   Evacuate Collection Set: 0.3ms
[73.470s][info][gc,phases      ] GC(342)   Post Evacuate Collection Set: 0.4ms
[73.470s][info][gc,phases      ] GC(342)   Other: 0.1ms
[73.470s][info][gc,heap        ] GC(342) Eden regions: 613->0(613)
[73.470s][info][gc,heap        ] GC(342) Survivor regions: 1->1(77)
[73.470s][info][gc,heap        ] GC(342) Old regions: 7->7
[73.470s][info][gc,heap        ] GC(342) Humongous regions: 12->12
[73.470s][info][gc,metaspace   ] GC(342) Metaspace: 17045K(19328K)->17045K(19328K) NonClass: 15422K(16896K)->15422K(16896K) Class: 1623K(2432K)->1623K(2432K)
[73.470s][info][gc             ] GC(342) Pause Young (Normal) (G1 Evacuation Pause) 629M->16M(1024M) 0.910ms
[73.470s][info][gc,cpu         ] GC(342) User=0.00s Sys=0.00s Real=0.00s
[73.640s][info][gc,start       ] GC(343) Pause Young (Normal) (G1 Evacuation Pause)
[73.640s][info][gc,task        ] GC(343) Using 6 workers of 6 for evacuation
[73.641s][info][gc,phases      ] GC(343)   Pre Evacuate Collection Set: 0.0ms
[73.641s][info][gc,phases      ] GC(343)   Evacuate Collection Set: 0.3ms
[73.641s][info][gc,phases      ] GC(343)   Post Evacuate Collection Set: 0.3ms
[73.641s][info][gc,phases      ] GC(343)   Other: 0.1ms
[73.641s][info][gc,heap        ] GC(343) Eden regions: 613->0(613)
[73.641s][info][gc,heap        ] GC(343) Survivor regions: 1->1(77)
[73.641s][info][gc,heap        ] GC(343) Old regions: 7->7
[73.641s][info][gc,heap        ] GC(343) Humongous regions: 12->12
[73.641s][info][gc,metaspace   ] GC(343) Metaspace: 17045K(19328K)->17045K(19328K) NonClass: 15422K(16896K)->15422K(16896K) Class: 1623K(2432K)->1623K(2432K)
[73.641s][info][gc             ] GC(343) Pause Young (Normal) (G1 Evacuation Pause) 629M->16M(1024M) 0.881ms
[73.641s][info][gc,cpu         ] GC(343) User=0.00s Sys=0.00s Real=0.00s
[73.809s][info][gc,start       ] GC(344) Pause Young (Normal) (G1 Evacuation Pause)
[73.809s][info][gc,task        ] GC(344) Using 6 workers of 6 for evacuation
[73.810s][info][gc,phases      ] GC(344)   Pre Evacuate Collection Set: 0.0ms
[73.810s][info][gc,phases      ] GC(344)   Evacuate Collection Set: 0.3ms
[73.810s][info][gc,phases      ] GC(344)   Post Evacuate Collection Set: 0.4ms
[73.810s][info][gc,phases      ] GC(344)   Other: 0.2ms
[73.810s][info][gc,heap        ] GC(344) Eden regions: 613->0(613)
[73.810s][info][gc,heap        ] GC(344) Survivor regions: 1->1(77)
[73.810s][info][gc,heap        ] GC(344) Old regions: 7->7
[73.810s][info][gc,heap        ] GC(344) Humongous regions: 12->12
[73.810s][info][gc,metaspace   ] GC(344) Metaspace: 17045K(19328K)->17045K(19328K) NonClass: 15422K(16896K)->15422K(16896K) Class: 1623K(2432K)->1623K(2432K)
[73.810s][info][gc             ] GC(344) Pause Young (Normal) (G1 Evacuation Pause) 629M->16M(1024M) 0.939ms
[73.810s][info][gc,cpu         ] GC(344) User=0.00s Sys=0.00s Real=0.00s
[73.979s][info][gc,start       ] GC(345) Pause Young (Normal) (G1 Evacuation Pause)
[73.979s][info][gc,task        ] GC(345) Using 6 workers of 6 for evacuation
[73.979s][info][gc,phases      ] GC(345)   Pre Evacuate Collection Set: 0.0ms
[73.979s][info][gc,phases      ] GC(345)   Evacuate Collection Set: 0.3ms
[73.980s][info][gc,phases      ] GC(345)   Post Evacuate Collection Set: 0.3ms
[73.980s][info][gc,phases      ] GC(345)   Other: 0.1ms
[73.980s][info][gc,heap        ] GC(345) Eden regions: 613->0(613)
[73.980s][info][gc,heap        ] GC(345) Survivor regions: 1->1(77)
[73.980s][info][gc,heap        ] GC(345) Old regions: 7->7
[73.980s][info][gc,heap        ] GC(345) Humongous regions: 12->12
[73.980s][info][gc,metaspace   ] GC(345) Metaspace: 17045K(19328K)->17045K(19328K) NonClass: 15422K(16896K)->15422K(16896K) Class: 1623K(2432K)->1623K(2432K)
[73.980s][info][gc             ] GC(345) Pause Young (Normal) (G1 Evacuation Pause) 629M->16M(1024M) 0.868ms
[73.980s][info][gc,cpu         ] GC(345) User=0.00s Sys=0.00s Real=0.00s
[74.146s][info][gc,start       ] GC(346) Pause Young (Normal) (G1 Evacuation Pause)
[74.146s][info][gc,task        ] GC(346) Using 6 workers of 6 for evacuation
[74.147s][info][gc,phases      ] GC(346)   Pre Evacuate Collection Set: 0.0ms
[74.147s][info][gc,phases      ] GC(346)   Evacuate Collection Set: 0.3ms
[74.147s][info][gc,phases      ] GC(346)   Post Evacuate Collection Set: 0.3ms
[74.147s][info][gc,phases      ] GC(346)   Other: 0.1ms
[74.147s][info][gc,heap        ] GC(346) Eden regions: 613->0(613)
[74.147s][info][gc,heap        ] GC(346) Survivor regions: 1->1(77)
[74.147s][info][gc,heap        ] GC(346) Old regions: 7->7
[74.147s][info][gc,heap        ] GC(346) Humongous regions: 12->12
[74.147s][info][gc,metaspace   ] GC(346) Metaspace: 17045K(19328K)->17045K(19328K) NonClass: 15422K(16896K)->15422K(16896K) Class: 1623K(2432K)->1623K(2432K)
[74.147s][info][gc             ] GC(346) Pause Young (Normal) (G1 Evacuation Pause) 629M->16M(1024M) 0.890ms
[74.147s][info][gc,cpu         ] GC(346) User=0.00s Sys=0.00s Real=0.00s
[74.326s][info][gc,start       ] GC(347) Pause Young (Normal) (G1 Evacuation Pause)
[74.326s][info][gc,task        ] GC(347) Using 6 workers of 6 for evacuation
[74.326s][info][gc,phases      ] GC(347)   Pre Evacuate Collection Set: 0.0ms
[74.326s][info][gc,phases      ] GC(347)   Evacuate Collection Set: 0.3ms
[74.327s][info][gc,phases      ] GC(347)   Post Evacuate Collection Set: 0.3ms
[74.327s][info][gc,phases      ] GC(347)   Other: 0.1ms
[74.327s][info][gc,heap        ] GC(347) Eden regions: 613->0(613)
[74.327s][info][gc,heap        ] GC(347) Survivor regions: 1->1(77)
[74.327s][info][gc,heap        ] GC(347) Old regions: 7->7
[74.327s][info][gc,heap        ] GC(347) Humongous regions: 12->12
[74.327s][info][gc,metaspace   ] GC(347) Metaspace: 17045K(19328K)->17045K(19328K) NonClass: 15422K(16896K)->15422K(16896K) Class: 1623K(2432K)->1623K(2432K)
[74.327s][info][gc             ] GC(347) Pause Young (Normal) (G1 Evacuation Pause) 629M->16M(1024M) 0.881ms
[74.327s][info][gc,cpu         ] GC(347) User=0.00s Sys=0.00s Real=0.00s
[74.495s][info][gc,start       ] GC(348) Pause Young (Normal) (G1 Evacuation Pause)
[74.495s][info][gc,task        ] GC(348) Using 6 workers of 6 for evacuation
[74.496s][info][gc,phases      ] GC(348)   Pre Evacuate Collection Set: 0.0ms
[74.496s][info][gc,phases      ] GC(348)   Evacuate Collection Set: 0.3ms
[74.496s][info][gc,phases      ] GC(348)   Post Evacuate Collection Set: 0.4ms
[74.496s][info][gc,phases      ] GC(348)   Other: 0.1ms
[74.496s][info][gc,heap        ] GC(348) Eden regions: 613->0(613)
[74.496s][info][gc,heap        ] GC(348) Survivor regions: 1->1(77)
[74.496s][info][gc,heap        ] GC(348) Old regions: 7->7
[74.496s][info][gc,heap        ] GC(348) Humongous regions: 12->12
[74.496s][info][gc,metaspace   ] GC(348) Metaspace: 17045K(19328K)->17045K(19328K) NonClass: 15422K(16896K)->15422K(16896K) Class: 1623K(2432K)->1623K(2432K)
[74.496s][info][gc             ] GC(348) Pause Young (Normal) (G1 Evacuation Pause) 629M->16M(1024M) 0.968ms
[74.496s][info][gc,cpu         ] GC(348) User=0.00s Sys=0.00s Real=0.00s
[74.666s][info][gc,start       ] GC(349) Pause Young (Normal) (G1 Evacuation Pause)
[74.666s][info][gc,task        ] GC(349) Using 6 workers of 6 for evacuation
[74.667s][info][gc,phases      ] GC(349)   Pre Evacuate Collection Set: 0.0ms
[74.667s][info][gc,phases      ] GC(349)   Evacuate Collection Set: 0.3ms
[74.667s][info][gc,phases      ] GC(349)   Post Evacuate Collection Set: 0.3ms
[74.667s][info][gc,phases      ] GC(349)   Other: 0.1ms
[74.667s][info][gc,heap        ] GC(349) Eden regions: 613->0(613)
[74.667s][info][gc,heap        ] GC(349) Survivor regions: 1->1(77)
[74.667s][info][gc,heap        ] GC(349) Old regions: 7->7
[74.667s][info][gc,heap        ] GC(349) Humongous regions: 12->12
[74.667s][info][gc,metaspace   ] GC(349) Metaspace: 17045K(19328K)->17045K(19328K) NonClass: 15422K(16896K)->15422K(16896K) Class: 1623K(2432K)->1623K(2432K)
[74.667s][info][gc             ] GC(349) Pause Young (Normal) (G1 Evacuation Pause) 629M->16M(1024M) 0.918ms
[74.667s][info][gc,cpu         ] GC(349) User=0.00s Sys=0.00s Real=0.00s
[74.836s][info][gc,start       ] GC(350) Pause Young (Normal) (G1 Evacuation Pause)
[74.836s][info][gc,task        ] GC(350) Using 6 workers of 6 for evacuation
[74.837s][info][gc,phases      ] GC(350)   Pre Evacuate Collection Set: 0.0ms
[74.837s][info][gc,phases      ] GC(350)   Evacuate Collection Set: 0.3ms
[74.837s][info][gc,phases      ] GC(350)   Post Evacuate Collection Set: 0.3ms
[74.837s][info][gc,phases      ] GC(350)   Other: 0.1ms
[74.837s][info][gc,heap        ] GC(350) Eden regions: 613->0(613)
[74.837s][info][gc,heap        ] GC(350) Survivor regions: 1->1(77)
[74.837s][info][gc,heap        ] GC(350) Old regions: 7->7
[74.837s][info][gc,heap        ] GC(350) Humongous regions: 12->12
[74.837s][info][gc,metaspace   ] GC(350) Metaspace: 17045K(19328K)->17045K(19328K) NonClass: 15422K(16896K)->15422K(16896K) Class: 1623K(2432K)->1623K(2432K)
[74.837s][info][gc             ] GC(350) Pause Young (Normal) (G1 Evacuation Pause) 629M->16M(1024M) 0.883ms
[74.837s][info][gc,cpu         ] GC(350) User=0.00s Sys=0.00s Real=0.00s
[75.007s][info][gc,start       ] GC(351) Pause Young (Normal) (G1 Evacuation Pause)
[75.007s][info][gc,task        ] GC(351) Using 6 workers of 6 for evacuation
[75.007s][info][gc,phases      ] GC(351)   Pre Evacuate Collection Set: 0.0ms
[75.007s][info][gc,phases      ] GC(351)   Evacuate Collection Set: 0.3ms
[75.007s][info][gc,phases      ] GC(351)   Post Evacuate Collection Set: 0.3ms
[75.007s][info][gc,phases      ] GC(351)   Other: 0.1ms
[75.007s][info][gc,heap        ] GC(351) Eden regions: 613->0(613)
[75.007s][info][gc,heap        ] GC(351) Survivor regions: 1->1(77)
[75.007s][info][gc,heap        ] GC(351) Old regions: 7->7
[75.007s][info][gc,heap        ] GC(351) Humongous regions: 12->12
[75.007s][info][gc,metaspace   ] GC(351) Metaspace: 17045K(19328K)->17045K(19328K) NonClass: 15422K(16896K)->15422K(16896K) Class: 1623K(2432K)->1623K(2432K)
[75.007s][info][gc             ] GC(351) Pause Young (Normal) (G1 Evacuation Pause) 629M->16M(1024M) 0.876ms
[75.007s][info][gc,cpu         ] GC(351) User=0.00s Sys=0.00s Real=0.00s
[75.176s][info][gc,start       ] GC(352) Pause Young (Normal) (G1 Evacuation Pause)
[75.176s][info][gc,task        ] GC(352) Using 6 workers of 6 for evacuation
[75.177s][info][gc,phases      ] GC(352)   Pre Evacuate Collection Set: 0.0ms
[75.177s][info][gc,phases      ] GC(352)   Evacuate Collection Set: 0.3ms
[75.177s][info][gc,phases      ] GC(352)   Post Evacuate Collection Set: 0.3ms
[75.177s][info][gc,phases      ] GC(352)   Other: 0.1ms
[75.177s][info][gc,heap        ] GC(352) Eden regions: 613->0(613)
[75.177s][info][gc,heap        ] GC(352) Survivor regions: 1->1(77)
[75.177s][info][gc,heap        ] GC(352) Old regions: 7->7
[75.177s][info][gc,heap        ] GC(352) Humongous regions: 12->12
[75.177s][info][gc,metaspace   ] GC(352) Metaspace: 17045K(19328K)->17045K(19328K) NonClass: 15422K(16896K)->15422K(16896K) Class: 1623K(2432K)->1623K(2432K)
[75.177s][info][gc             ] GC(352) Pause Young (Normal) (G1 Evacuation Pause) 629M->16M(1024M) 0.919ms
[75.177s][info][gc,cpu         ] GC(352) User=0.00s Sys=0.00s Real=0.00s
[75.565s][info][gc,task        ] GC(353) Using 6 workers of 6 for full compaction
[75.565s][info][gc,start       ] GC(353) Pause Full (System.gc())
[75.565s][info][gc,phases,start] GC(353) Phase 1: Mark live objects
[75.569s][info][gc,stringtable ] GC(353) Cleaned string and symbol table, strings: 6720 processed, 0 removed, symbols: 50533 processed, 0 removed
[75.569s][info][gc,phases      ] GC(353) Phase 1: Mark live objects 4.037ms
[75.569s][info][gc,phases,start] GC(353) Phase 2: Prepare for compaction
[75.570s][info][gc,phases      ] GC(353) Phase 2: Prepare for compaction 1.228ms
[75.571s][info][gc,phases,start] GC(353) Phase 3: Adjust pointers
[75.575s][info][gc,phases      ] GC(353) Phase 3: Adjust pointers 4.044ms
[75.575s][info][gc,phases,start] GC(353) Phase 4: Compact heap
[75.576s][info][gc,phases      ] GC(353) Phase 4: Compact heap 0.995ms
[75.579s][info][gc,heap        ] GC(353) Eden regions: 591->0(614)
[75.579s][info][gc,heap        ] GC(353) Survivor regions: 1->0(77)
[75.579s][info][gc,heap        ] GC(353) Old regions: 7->6
[75.579s][info][gc,heap        ] GC(353) Humongous regions: 18->6
[75.579s][info][gc,metaspace   ] GC(353) Metaspace: 17045K(19328K)->17045K(19328K) NonClass: 15422K(16896K)->15422K(16896K) Class: 1623K(2432K)->1623K(2432K)
[75.579s][info][gc             ] GC(353) Pause Full (System.gc()) 613M->10M(1024M) 14.042ms
[75.579s][info][gc,cpu         ] GC(353) User=0.00s Sys=0.00s Real=0.02s
[75.755s][info][gc,start       ] GC(354) Pause Young (Normal) (G1 Evacuation Pause)
[75.755s][info][gc,task        ] GC(354) Using 6 workers of 6 for evacuation
[75.756s][info][gc,phases      ] GC(354)   Pre Evacuate Collection Set: 0.0ms
[75.756s][info][gc,phases      ] GC(354)   Evacuate Collection Set: 0.3ms
[75.756s][info][gc,phases      ] GC(354)   Post Evacuate Collection Set: 0.3ms
[75.756s][info][gc,phases      ] GC(354)   Other: 0.1ms
[75.756s][info][gc,heap        ] GC(354) Eden regions: 614->0(613)
[75.756s][info][gc,heap        ] GC(354) Survivor regions: 0->1(77)
[75.756s][info][gc,heap        ] GC(354) Old regions: 6->6
[75.756s][info][gc,heap        ] GC(354) Humongous regions: 12->12
[75.756s][info][gc,metaspace   ] GC(354) Metaspace: 17045K(19328K)->17045K(19328K) NonClass: 15422K(16896K)->15422K(16896K) Class: 1623K(2432K)->1623K(2432K)
[75.756s][info][gc             ] GC(354) Pause Young (Normal) (G1 Evacuation Pause) 630M->16M(1024M) 0.867ms
[75.756s][info][gc,cpu         ] GC(354) User=0.00s Sys=0.00s Real=0.00s
[75.921s][info][gc,start       ] GC(355) Pause Young (Normal) (G1 Evacuation Pause)
[75.922s][info][gc,task        ] GC(355) Using 6 workers of 6 for evacuation
[75.922s][info][gc,phases      ] GC(355)   Pre Evacuate Collection Set: 0.0ms
[75.922s][info][gc,phases      ] GC(355)   Evacuate Collection Set: 0.3ms
[75.922s][info][gc,phases      ] GC(355)   Post Evacuate Collection Set: 0.4ms
[75.922s][info][gc,phases      ] GC(355)   Other: 0.1ms
[75.922s][info][gc,heap        ] GC(355) Eden regions: 613->0(613)
[75.922s][info][gc,heap        ] GC(355) Survivor regions: 1->1(77)
[75.922s][info][gc,heap        ] GC(355) Old regions: 6->6
[75.922s][info][gc,heap        ] GC(355) Humongous regions: 12->12
[75.922s][info][gc,metaspace   ] GC(355) Metaspace: 17045K(19328K)->17045K(19328K) NonClass: 15422K(16896K)->15422K(16896K) Class: 1623K(2432K)->1623K(2432K)
[75.922s][info][gc             ] GC(355) Pause Young (Normal) (G1 Evacuation Pause) 629M->16M(1024M) 0.979ms
[75.922s][info][gc,cpu         ] GC(355) User=0.00s Sys=0.00s Real=0.00s
[76.091s][info][gc,start       ] GC(356) Pause Young (Normal) (G1 Evacuation Pause)
[76.091s][info][gc,task        ] GC(356) Using 6 workers of 6 for evacuation
[76.091s][info][gc,phases      ] GC(356)   Pre Evacuate Collection Set: 0.0ms
[76.092s][info][gc,phases      ] GC(356)   Evacuate Collection Set: 0.3ms
[76.092s][info][gc,phases      ] GC(356)   Post Evacuate Collection Set: 0.3ms
[76.092s][info][gc,phases      ] GC(356)   Other: 0.1ms
[76.092s][info][gc,heap        ] GC(356) Eden regions: 613->0(613)
[76.092s][info][gc,heap        ] GC(356) Survivor regions: 1->1(77)
[76.092s][info][gc,heap        ] GC(356) Old regions: 6->6
[76.092s][info][gc,heap        ] GC(356) Humongous regions: 12->12
[76.092s][info][gc,metaspace   ] GC(356) Metaspace: 17045K(19328K)->17045K(19328K) NonClass: 15422K(16896K)->15422K(16896K) Class: 1623K(2432K)->1623K(2432K)
[76.092s][info][gc             ] GC(356) Pause Young (Normal) (G1 Evacuation Pause) 629M->16M(1024M) 0.948ms
[76.092s][info][gc,cpu         ] GC(356) User=0.00s Sys=0.00s Real=0.00s
[76.260s][info][gc,start       ] GC(357) Pause Young (Normal) (G1 Evacuation Pause)
[76.260s][info][gc,task        ] GC(357) Using 6 workers of 6 for evacuation
[76.261s][info][gc,phases      ] GC(357)   Pre Evacuate Collection Set: 0.0ms
[76.261s][info][gc,phases      ] GC(357)   Evacuate Collection Set: 0.3ms
[76.261s][info][gc,phases      ] GC(357)   Post Evacuate Collection Set: 0.3ms
[76.261s][info][gc,phases      ] GC(357)   Other: 0.2ms
[76.261s][info][gc,heap        ] GC(357) Eden regions: 613->0(613)
[76.261s][info][gc,heap        ] GC(357) Survivor regions: 1->1(77)
[76.261s][info][gc,heap        ] GC(357) Old regions: 6->6
[76.261s][info][gc,heap        ] GC(357) Humongous regions: 12->12
[76.261s][info][gc,metaspace   ] GC(357) Metaspace: 17045K(19328K)->17045K(19328K) NonClass: 15422K(16896K)->15422K(16896K) Class: 1623K(2432K)->1623K(2432K)
[76.261s][info][gc             ] GC(357) Pause Young (Normal) (G1 Evacuation Pause) 629M->16M(1024M) 0.904ms
[76.261s][info][gc,cpu         ] GC(357) User=0.00s Sys=0.00s Real=0.00s
[76.437s][info][gc,start       ] GC(358) Pause Young (Normal) (G1 Evacuation Pause)
[76.437s][info][gc,task        ] GC(358) Using 6 workers of 6 for evacuation
[76.438s][info][gc,phases      ] GC(358)   Pre Evacuate Collection Set: 0.0ms
[76.438s][info][gc,phases      ] GC(358)   Evacuate Collection Set: 0.3ms
[76.438s][info][gc,phases      ] GC(358)   Post Evacuate Collection Set: 0.3ms
[76.438s][info][gc,phases      ] GC(358)   Other: 0.1ms
[76.438s][info][gc,heap        ] GC(358) Eden regions: 613->0(613)
[76.438s][info][gc,heap        ] GC(358) Survivor regions: 1->1(77)
[76.438s][info][gc,heap        ] GC(358) Old regions: 6->6
[76.438s][info][gc,heap        ] GC(358) Humongous regions: 12->12
[76.438s][info][gc,metaspace   ] GC(358) Metaspace: 17045K(19328K)->17045K(19328K) NonClass: 15422K(16896K)->15422K(16896K) Class: 1623K(2432K)->1623K(2432K)
[76.438s][info][gc             ] GC(358) Pause Young (Normal) (G1 Evacuation Pause) 629M->16M(1024M) 0.834ms
[76.438s][info][gc,cpu         ] GC(358) User=0.00s Sys=0.00s Real=0.00s
[76.606s][info][gc,start       ] GC(359) Pause Young (Normal) (G1 Evacuation Pause)
[76.607s][info][gc,task        ] GC(359) Using 6 workers of 6 for evacuation
[76.607s][info][gc,phases      ] GC(359)   Pre Evacuate Collection Set: 0.0ms
[76.607s][info][gc,phases      ] GC(359)   Evacuate Collection Set: 0.3ms
[76.607s][info][gc,phases      ] GC(359)   Post Evacuate Collection Set: 0.4ms
[76.607s][info][gc,phases      ] GC(359)   Other: 0.2ms
[76.607s][info][gc,heap        ] GC(359) Eden regions: 613->0(613)
[76.607s][info][gc,heap        ] GC(359) Survivor regions: 1->1(77)
[76.607s][info][gc,heap        ] GC(359) Old regions: 6->6
[76.607s][info][gc,heap        ] GC(359) Humongous regions: 12->12
[76.607s][info][gc,metaspace   ] GC(359) Metaspace: 17045K(19328K)->17045K(19328K) NonClass: 15422K(16896K)->15422K(16896K) Class: 1623K(2432K)->1623K(2432K)
[76.607s][info][gc             ] GC(359) Pause Young (Normal) (G1 Evacuation Pause) 629M->16M(1024M) 0.945ms
[76.607s][info][gc,cpu         ] GC(359) User=0.00s Sys=0.00s Real=0.00s
[76.777s][info][gc,start       ] GC(360) Pause Young (Normal) (G1 Evacuation Pause)
[76.777s][info][gc,task        ] GC(360) Using 6 workers of 6 for evacuation
[76.778s][info][gc,phases      ] GC(360)   Pre Evacuate Collection Set: 0.0ms
[76.778s][info][gc,phases      ] GC(360)   Evacuate Collection Set: 0.3ms
[76.778s][info][gc,phases      ] GC(360)   Post Evacuate Collection Set: 0.3ms
[76.778s][info][gc,phases      ] GC(360)   Other: 0.1ms
[76.778s][info][gc,heap        ] GC(360) Eden regions: 613->0(613)
[76.778s][info][gc,heap        ] GC(360) Survivor regions: 1->1(77)
[76.778s][info][gc,heap        ] GC(360) Old regions: 6->6
[76.778s][info][gc,heap        ] GC(360) Humongous regions: 12->12
[76.778s][info][gc,metaspace   ] GC(360) Metaspace: 17045K(19328K)->17045K(19328K) NonClass: 15422K(16896K)->15422K(16896K) Class: 1623K(2432K)->1623K(2432K)
[76.778s][info][gc             ] GC(360) Pause Young (Normal) (G1 Evacuation Pause) 629M->16M(1024M) 0.899ms
[76.778s][info][gc,cpu         ] GC(360) User=0.00s Sys=0.00s Real=0.00s
[76.948s][info][gc,start       ] GC(361) Pause Young (Normal) (G1 Evacuation Pause)
[76.948s][info][gc,task        ] GC(361) Using 6 workers of 6 for evacuation
[76.949s][info][gc,phases      ] GC(361)   Pre Evacuate Collection Set: 0.0ms
[76.949s][info][gc,phases      ] GC(361)   Evacuate Collection Set: 0.3ms
[76.949s][info][gc,phases      ] GC(361)   Post Evacuate Collection Set: 0.3ms
[76.949s][info][gc,phases      ] GC(361)   Other: 0.1ms
[76.949s][info][gc,heap        ] GC(361) Eden regions: 613->0(613)
[76.949s][info][gc,heap        ] GC(361) Survivor regions: 1->1(77)
[76.949s][info][gc,heap        ] GC(361) Old regions: 6->6
[76.949s][info][gc,heap        ] GC(361) Humongous regions: 12->12
[76.949s][info][gc,metaspace   ] GC(361) Metaspace: 17045K(19328K)->17045K(19328K) NonClass: 15422K(16896K)->15422K(16896K) Class: 1623K(2432K)->1623K(2432K)
[76.949s][info][gc             ] GC(361) Pause Young (Normal) (G1 Evacuation Pause) 629M->16M(1024M) 0.858ms
[76.949s][info][gc,cpu         ] GC(361) User=0.00s Sys=0.00s Real=0.00s
[77.114s][info][gc,start       ] GC(362) Pause Young (Normal) (G1 Evacuation Pause)
[77.114s][info][gc,task        ] GC(362) Using 6 workers of 6 for evacuation
[77.115s][info][gc,phases      ] GC(362)   Pre Evacuate Collection Set: 0.0ms
[77.115s][info][gc,phases      ] GC(362)   Evacuate Collection Set: 0.3ms
[77.115s][info][gc,phases      ] GC(362)   Post Evacuate Collection Set: 0.3ms
[77.115s][info][gc,phases      ] GC(362)   Other: 0.1ms
[77.115s][info][gc,heap        ] GC(362) Eden regions: 613->0(613)
[77.115s][info][gc,heap        ] GC(362) Survivor regions: 1->1(77)
[77.115s][info][gc,heap        ] GC(362) Old regions: 6->6
[77.115s][info][gc,heap        ] GC(362) Humongous regions: 12->12
[77.115s][info][gc,metaspace   ] GC(362) Metaspace: 17045K(19328K)->17045K(19328K) NonClass: 15422K(16896K)->15422K(16896K) Class: 1623K(2432K)->1623K(2432K)
[77.115s][info][gc             ] GC(362) Pause Young (Normal) (G1 Evacuation Pause) 629M->16M(1024M) 0.901ms
[77.115s][info][gc,cpu         ] GC(362) User=0.00s Sys=0.00s Real=0.00s
[77.284s][info][gc,start       ] GC(363) Pause Young (Normal) (G1 Evacuation Pause)
[77.284s][info][gc,task        ] GC(363) Using 6 workers of 6 for evacuation
[77.285s][info][gc,phases      ] GC(363)   Pre Evacuate Collection Set: 0.0ms
[77.285s][info][gc,phases      ] GC(363)   Evacuate Collection Set: 0.4ms
[77.285s][info][gc,phases      ] GC(363)   Post Evacuate Collection Set: 0.3ms
[77.285s][info][gc,phases      ] GC(363)   Other: 0.1ms
[77.285s][info][gc,heap        ] GC(363) Eden regions: 613->0(613)
[77.285s][info][gc,heap        ] GC(363) Survivor regions: 1->1(77)
[77.285s][info][gc,heap        ] GC(363) Old regions: 6->6
[77.285s][info][gc,heap        ] GC(363) Humongous regions: 12->12
[77.285s][info][gc,metaspace   ] GC(363) Metaspace: 17045K(19328K)->17045K(19328K) NonClass: 15422K(16896K)->15422K(16896K) Class: 1623K(2432K)->1623K(2432K)
[77.285s][info][gc             ] GC(363) Pause Young (Normal) (G1 Evacuation Pause) 629M->16M(1024M) 0.951ms
[77.285s][info][gc,cpu         ] GC(363) User=0.00s Sys=0.00s Real=0.00s
[77.458s][info][gc,start       ] GC(364) Pause Young (Normal) (G1 Evacuation Pause)
[77.458s][info][gc,task        ] GC(364) Using 6 workers of 6 for evacuation
[77.459s][info][gc,phases      ] GC(364)   Pre Evacuate Collection Set: 0.0ms
[77.459s][info][gc,phases      ] GC(364)   Evacuate Collection Set: 0.3ms
[77.459s][info][gc,phases      ] GC(364)   Post Evacuate Collection Set: 0.4ms
[77.459s][info][gc,phases      ] GC(364)   Other: 0.2ms
[77.459s][info][gc,heap        ] GC(364) Eden regions: 613->0(613)
[77.459s][info][gc,heap        ] GC(364) Survivor regions: 1->1(77)
[77.459s][info][gc,heap        ] GC(364) Old regions: 6->6
[77.459s][info][gc,heap        ] GC(364) Humongous regions: 12->12
[77.459s][info][gc,metaspace   ] GC(364) Metaspace: 17045K(19328K)->17045K(19328K) NonClass: 15422K(16896K)->15422K(16896K) Class: 1623K(2432K)->1623K(2432K)
[77.459s][info][gc             ] GC(364) Pause Young (Normal) (G1 Evacuation Pause) 629M->16M(1024M) 0.984ms
[77.459s][info][gc,cpu         ] GC(364) User=0.00s Sys=0.00s Real=0.00s
[77.629s][info][gc,start       ] GC(365) Pause Young (Normal) (G1 Evacuation Pause)
[77.629s][info][gc,task        ] GC(365) Using 6 workers of 6 for evacuation
[77.630s][info][gc,phases      ] GC(365)   Pre Evacuate Collection Set: 0.0ms
[77.630s][info][gc,phases      ] GC(365)   Evacuate Collection Set: 0.3ms
[77.630s][info][gc,phases      ] GC(365)   Post Evacuate Collection Set: 0.3ms
[77.630s][info][gc,phases      ] GC(365)   Other: 0.1ms
[77.630s][info][gc,heap        ] GC(365) Eden regions: 613->0(613)
[77.630s][info][gc,heap        ] GC(365) Survivor regions: 1->1(77)
[77.630s][info][gc,heap        ] GC(365) Old regions: 6->6
[77.630s][info][gc,heap        ] GC(365) Humongous regions: 12->12
[77.630s][info][gc,metaspace   ] GC(365) Metaspace: 17045K(19328K)->17045K(19328K) NonClass: 15422K(16896K)->15422K(16896K) Class: 1623K(2432K)->1623K(2432K)
[77.630s][info][gc             ] GC(365) Pause Young (Normal) (G1 Evacuation Pause) 629M->16M(1024M) 0.869ms
[77.630s][info][gc,cpu         ] GC(365) User=0.00s Sys=0.00s Real=0.00s
[77.801s][info][gc,start       ] GC(366) Pause Young (Normal) (G1 Evacuation Pause)
[77.801s][info][gc,task        ] GC(366) Using 6 workers of 6 for evacuation
[77.802s][info][gc,phases      ] GC(366)   Pre Evacuate Collection Set: 0.0ms
[77.802s][info][gc,phases      ] GC(366)   Evacuate Collection Set: 0.3ms
[77.802s][info][gc,phases      ] GC(366)   Post Evacuate Collection Set: 0.3ms
[77.802s][info][gc,phases      ] GC(366)   Other: 0.1ms
[77.802s][info][gc,heap        ] GC(366) Eden regions: 613->0(613)
[77.802s][info][gc,heap        ] GC(366) Survivor regions: 1->1(77)
[77.802s][info][gc,heap        ] GC(366) Old regions: 6->6
[77.802s][info][gc,heap        ] GC(366) Humongous regions: 12->12
[77.802s][info][gc,metaspace   ] GC(366) Metaspace: 17045K(19328K)->17045K(19328K) NonClass: 15422K(16896K)->15422K(16896K) Class: 1623K(2432K)->1623K(2432K)
[77.802s][info][gc             ] GC(366) Pause Young (Normal) (G1 Evacuation Pause) 629M->16M(1024M) 0.869ms
[77.802s][info][gc,cpu         ] GC(366) User=0.00s Sys=0.00s Real=0.00s
[77.972s][info][gc,start       ] GC(367) Pause Young (Normal) (G1 Evacuation Pause)
[77.973s][info][gc,task        ] GC(367) Using 6 workers of 6 for evacuation
[77.973s][info][gc,phases      ] GC(367)   Pre Evacuate Collection Set: 0.0ms
[77.973s][info][gc,phases      ] GC(367)   Evacuate Collection Set: 0.3ms
[77.973s][info][gc,phases      ] GC(367)   Post Evacuate Collection Set: 0.3ms
[77.973s][info][gc,phases      ] GC(367)   Other: 0.1ms
[77.973s][info][gc,heap        ] GC(367) Eden regions: 613->0(613)
[77.973s][info][gc,heap        ] GC(367) Survivor regions: 1->1(77)
[77.973s][info][gc,heap        ] GC(367) Old regions: 6->6
[77.973s][info][gc,heap        ] GC(367) Humongous regions: 12->12
[77.973s][info][gc,metaspace   ] GC(367) Metaspace: 17045K(19328K)->17045K(19328K) NonClass: 15422K(16896K)->15422K(16896K) Class: 1623K(2432K)->1623K(2432K)
[77.973s][info][gc             ] GC(367) Pause Young (Normal) (G1 Evacuation Pause) 629M->16M(1024M) 0.839ms
[77.973s][info][gc,cpu         ] GC(367) User=0.00s Sys=0.00s Real=0.00s
[78.141s][info][gc,start       ] GC(368) Pause Young (Normal) (G1 Evacuation Pause)
[78.141s][info][gc,task        ] GC(368) Using 6 workers of 6 for evacuation
[78.142s][info][gc,phases      ] GC(368)   Pre Evacuate Collection Set: 0.0ms
[78.142s][info][gc,phases      ] GC(368)   Evacuate Collection Set: 0.3ms
[78.142s][info][gc,phases      ] GC(368)   Post Evacuate Collection Set: 0.4ms
[78.142s][info][gc,phases      ] GC(368)   Other: 0.1ms
[78.142s][info][gc,heap        ] GC(368) Eden regions: 613->0(613)
[78.142s][info][gc,heap        ] GC(368) Survivor regions: 1->1(77)
[78.142s][info][gc,heap        ] GC(368) Old regions: 6->6
[78.142s][info][gc,heap        ] GC(368) Humongous regions: 12->12
[78.142s][info][gc,metaspace   ] GC(368) Metaspace: 17045K(19328K)->17045K(19328K) NonClass: 15422K(16896K)->15422K(16896K) Class: 1623K(2432K)->1623K(2432K)
[78.142s][info][gc             ] GC(368) Pause Young (Normal) (G1 Evacuation Pause) 629M->16M(1024M) 0.943ms
[78.142s][info][gc,cpu         ] GC(368) User=0.00s Sys=0.00s Real=0.00s
[78.319s][info][gc,start       ] GC(369) Pause Young (Normal) (G1 Evacuation Pause)
[78.319s][info][gc,task        ] GC(369) Using 6 workers of 6 for evacuation
[78.320s][info][gc,phases      ] GC(369)   Pre Evacuate Collection Set: 0.0ms
[78.320s][info][gc,phases      ] GC(369)   Evacuate Collection Set: 0.4ms
[78.320s][info][gc,phases      ] GC(369)   Post Evacuate Collection Set: 0.4ms
[78.320s][info][gc,phases      ] GC(369)   Other: 0.2ms
[78.320s][info][gc,heap        ] GC(369) Eden regions: 613->0(613)
[78.320s][info][gc,heap        ] GC(369) Survivor regions: 1->1(77)
[78.320s][info][gc,heap        ] GC(369) Old regions: 6->7
[78.320s][info][gc,heap        ] GC(369) Humongous regions: 12->12
[78.320s][info][gc,metaspace   ] GC(369) Metaspace: 17045K(19328K)->17045K(19328K) NonClass: 15422K(16896K)->15422K(16896K) Class: 1623K(2432K)->1623K(2432K)
[78.320s][info][gc             ] GC(369) Pause Young (Normal) (G1 Evacuation Pause) 629M->16M(1024M) 1.085ms
[78.320s][info][gc,cpu         ] GC(369) User=0.00s Sys=0.00s Real=0.00s
[78.489s][info][gc,start       ] GC(370) Pause Young (Normal) (G1 Evacuation Pause)
[78.489s][info][gc,task        ] GC(370) Using 6 workers of 6 for evacuation
[78.490s][info][gc,phases      ] GC(370)   Pre Evacuate Collection Set: 0.0ms
[78.490s][info][gc,phases      ] GC(370)   Evacuate Collection Set: 0.2ms
[78.490s][info][gc,phases      ] GC(370)   Post Evacuate Collection Set: 0.4ms
[78.490s][info][gc,phases      ] GC(370)   Other: 0.2ms
[78.490s][info][gc,heap        ] GC(370) Eden regions: 613->0(613)
[78.490s][info][gc,heap        ] GC(370) Survivor regions: 1->1(77)
[78.490s][info][gc,heap        ] GC(370) Old regions: 7->7
[78.490s][info][gc,heap        ] GC(370) Humongous regions: 12->12
[78.490s][info][gc,metaspace   ] GC(370) Metaspace: 17045K(19328K)->17045K(19328K) NonClass: 15422K(16896K)->15422K(16896K) Class: 1623K(2432K)->1623K(2432K)
[78.490s][info][gc             ] GC(370) Pause Young (Normal) (G1 Evacuation Pause) 629M->16M(1024M) 0.912ms
[78.490s][info][gc,cpu         ] GC(370) User=0.00s Sys=0.00s Real=0.00s
[78.657s][info][gc,start       ] GC(371) Pause Young (Normal) (G1 Evacuation Pause)
[78.657s][info][gc,task        ] GC(371) Using 6 workers of 6 for evacuation
[78.658s][info][gc,phases      ] GC(371)   Pre Evacuate Collection Set: 0.0ms
[78.658s][info][gc,phases      ] GC(371)   Evacuate Collection Set: 0.3ms
[78.658s][info][gc,phases      ] GC(371)   Post Evacuate Collection Set: 0.3ms
[78.658s][info][gc,phases      ] GC(371)   Other: 0.1ms
[78.658s][info][gc,heap        ] GC(371) Eden regions: 613->0(613)
[78.658s][info][gc,heap        ] GC(371) Survivor regions: 1->1(77)
[78.658s][info][gc,heap        ] GC(371) Old regions: 7->7
[78.658s][info][gc,heap        ] GC(371) Humongous regions: 12->12
[78.658s][info][gc,metaspace   ] GC(371) Metaspace: 17045K(19328K)->17045K(19328K) NonClass: 15422K(16896K)->15422K(16896K) Class: 1623K(2432K)->1623K(2432K)
[78.658s][info][gc             ] GC(371) Pause Young (Normal) (G1 Evacuation Pause) 629M->16M(1024M) 0.873ms
[78.658s][info][gc,cpu         ] GC(371) User=0.00s Sys=0.00s Real=0.00s
[78.828s][info][gc,start       ] GC(372) Pause Young (Normal) (G1 Evacuation Pause)
[78.828s][info][gc,task        ] GC(372) Using 6 workers of 6 for evacuation
[78.829s][info][gc,phases      ] GC(372)   Pre Evacuate Collection Set: 0.0ms
[78.829s][info][gc,phases      ] GC(372)   Evacuate Collection Set: 0.3ms
[78.829s][info][gc,phases      ] GC(372)   Post Evacuate Collection Set: 0.4ms
[78.829s][info][gc,phases      ] GC(372)   Other: 0.1ms
[78.829s][info][gc,heap        ] GC(372) Eden regions: 613->0(613)
[78.829s][info][gc,heap        ] GC(372) Survivor regions: 1->1(77)
[78.829s][info][gc,heap        ] GC(372) Old regions: 7->7
[78.829s][info][gc,heap        ] GC(372) Humongous regions: 12->12
[78.829s][info][gc,metaspace   ] GC(372) Metaspace: 17045K(19328K)->17045K(19328K) NonClass: 15422K(16896K)->15422K(16896K) Class: 1623K(2432K)->1623K(2432K)
[78.829s][info][gc             ] GC(372) Pause Young (Normal) (G1 Evacuation Pause) 629M->16M(1024M) 0.970ms
[78.829s][info][gc,cpu         ] GC(372) User=0.00s Sys=0.00s Real=0.00s
[79.001s][info][gc,start       ] GC(373) Pause Young (Normal) (G1 Evacuation Pause)
[79.001s][info][gc,task        ] GC(373) Using 6 workers of 6 for evacuation
[79.002s][info][gc,phases      ] GC(373)   Pre Evacuate Collection Set: 0.0ms
[79.002s][info][gc,phases      ] GC(373)   Evacuate Collection Set: 0.3ms
[79.002s][info][gc,phases      ] GC(373)   Post Evacuate Collection Set: 0.3ms
[79.002s][info][gc,phases      ] GC(373)   Other: 0.1ms
[79.002s][info][gc,heap        ] GC(373) Eden regions: 613->0(613)
[79.002s][info][gc,heap        ] GC(373) Survivor regions: 1->1(77)
[79.002s][info][gc,heap        ] GC(373) Old regions: 7->7
[79.002s][info][gc,heap        ] GC(373) Humongous regions: 12->12
[79.002s][info][gc,metaspace   ] GC(373) Metaspace: 17045K(19328K)->17045K(19328K) NonClass: 15422K(16896K)->15422K(16896K) Class: 1623K(2432K)->1623K(2432K)
[79.002s][info][gc             ] GC(373) Pause Young (Normal) (G1 Evacuation Pause) 629M->16M(1024M) 0.861ms
[79.002s][info][gc,cpu         ] GC(373) User=0.02s Sys=0.00s Real=0.00s
[79.170s][info][gc,start       ] GC(374) Pause Young (Normal) (G1 Evacuation Pause)
[79.170s][info][gc,task        ] GC(374) Using 6 workers of 6 for evacuation
[79.170s][info][gc,phases      ] GC(374)   Pre Evacuate Collection Set: 0.0ms
[79.170s][info][gc,phases      ] GC(374)   Evacuate Collection Set: 0.3ms
[79.170s][info][gc,phases      ] GC(374)   Post Evacuate Collection Set: 0.3ms
[79.170s][info][gc,phases      ] GC(374)   Other: 0.1ms
[79.171s][info][gc,heap        ] GC(374) Eden regions: 613->0(613)
[79.171s][info][gc,heap        ] GC(374) Survivor regions: 1->1(77)
[79.171s][info][gc,heap        ] GC(374) Old regions: 7->7
[79.171s][info][gc,heap        ] GC(374) Humongous regions: 12->12
[79.171s][info][gc,metaspace   ] GC(374) Metaspace: 17045K(19328K)->17045K(19328K) NonClass: 15422K(16896K)->15422K(16896K) Class: 1623K(2432K)->1623K(2432K)
[79.171s][info][gc             ] GC(374) Pause Young (Normal) (G1 Evacuation Pause) 629M->16M(1024M) 0.879ms
[79.171s][info][gc,cpu         ] GC(374) User=0.00s Sys=0.00s Real=0.00s
[79.346s][info][gc,start       ] GC(375) Pause Young (Normal) (G1 Evacuation Pause)
[79.346s][info][gc,task        ] GC(375) Using 6 workers of 6 for evacuation
[79.347s][info][gc,phases      ] GC(375)   Pre Evacuate Collection Set: 0.0ms
[79.347s][info][gc,phases      ] GC(375)   Evacuate Collection Set: 0.3ms
[79.347s][info][gc,phases      ] GC(375)   Post Evacuate Collection Set: 0.4ms
[79.347s][info][gc,phases      ] GC(375)   Other: 0.1ms
[79.347s][info][gc,heap        ] GC(375) Eden regions: 613->0(613)
[79.347s][info][gc,heap        ] GC(375) Survivor regions: 1->1(77)
[79.347s][info][gc,heap        ] GC(375) Old regions: 7->7
[79.347s][info][gc,heap        ] GC(375) Humongous regions: 12->12
[79.347s][info][gc,metaspace   ] GC(375) Metaspace: 17045K(19328K)->17045K(19328K) NonClass: 15422K(16896K)->15422K(16896K) Class: 1623K(2432K)->1623K(2432K)
[79.347s][info][gc             ] GC(375) Pause Young (Normal) (G1 Evacuation Pause) 629M->16M(1024M) 0.916ms
[79.347s][info][gc,cpu         ] GC(375) User=0.00s Sys=0.00s Real=0.00s
[79.516s][info][gc,start       ] GC(376) Pause Young (Normal) (G1 Evacuation Pause)
[79.516s][info][gc,task        ] GC(376) Using 6 workers of 6 for evacuation
[79.517s][info][gc,phases      ] GC(376)   Pre Evacuate Collection Set: 0.0ms
[79.517s][info][gc,phases      ] GC(376)   Evacuate Collection Set: 0.3ms
[79.517s][info][gc,phases      ] GC(376)   Post Evacuate Collection Set: 0.4ms
[79.517s][info][gc,phases      ] GC(376)   Other: 0.2ms
[79.517s][info][gc,heap        ] GC(376) Eden regions: 613->0(613)
[79.517s][info][gc,heap        ] GC(376) Survivor regions: 1->1(77)
[79.517s][info][gc,heap        ] GC(376) Old regions: 7->7
[79.517s][info][gc,heap        ] GC(376) Humongous regions: 12->12
[79.517s][info][gc,metaspace   ] GC(376) Metaspace: 17045K(19328K)->17045K(19328K) NonClass: 15422K(16896K)->15422K(16896K) Class: 1623K(2432K)->1623K(2432K)
[79.517s][info][gc             ] GC(376) Pause Young (Normal) (G1 Evacuation Pause) 629M->16M(1024M) 1.015ms
[79.517s][info][gc,cpu         ] GC(376) User=0.00s Sys=0.00s Real=0.00s
[79.689s][info][gc,start       ] GC(377) Pause Young (Normal) (G1 Evacuation Pause)
[79.689s][info][gc,task        ] GC(377) Using 6 workers of 6 for evacuation
[79.689s][info][gc,phases      ] GC(377)   Pre Evacuate Collection Set: 0.0ms
[79.689s][info][gc,phases      ] GC(377)   Evacuate Collection Set: 0.3ms
[79.689s][info][gc,phases      ] GC(377)   Post Evacuate Collection Set: 0.3ms
[79.689s][info][gc,phases      ] GC(377)   Other: 0.1ms
[79.689s][info][gc,heap        ] GC(377) Eden regions: 613->0(613)
[79.689s][info][gc,heap        ] GC(377) Survivor regions: 1->1(77)
[79.689s][info][gc,heap        ] GC(377) Old regions: 7->7
[79.689s][info][gc,heap        ] GC(377) Humongous regions: 12->12
[79.689s][info][gc,metaspace   ] GC(377) Metaspace: 17045K(19328K)->17045K(19328K) NonClass: 15422K(16896K)->15422K(16896K) Class: 1623K(2432K)->1623K(2432K)
[79.689s][info][gc             ] GC(377) Pause Young (Normal) (G1 Evacuation Pause) 629M->16M(1024M) 0.882ms
[79.689s][info][gc,cpu         ] GC(377) User=0.00s Sys=0.00s Real=0.00s
[79.860s][info][gc,start       ] GC(378) Pause Young (Normal) (G1 Evacuation Pause)
[79.860s][info][gc,task        ] GC(378) Using 6 workers of 6 for evacuation
[79.860s][info][gc,phases      ] GC(378)   Pre Evacuate Collection Set: 0.0ms
[79.860s][info][gc,phases      ] GC(378)   Evacuate Collection Set: 0.4ms
[79.860s][info][gc,phases      ] GC(378)   Post Evacuate Collection Set: 0.3ms
[79.860s][info][gc,phases      ] GC(378)   Other: 0.1ms
[79.860s][info][gc,heap        ] GC(378) Eden regions: 613->0(613)
[79.861s][info][gc,heap        ] GC(378) Survivor regions: 1->1(77)
[79.861s][info][gc,heap        ] GC(378) Old regions: 7->7
[79.861s][info][gc,heap        ] GC(378) Humongous regions: 12->12
[79.861s][info][gc,metaspace   ] GC(378) Metaspace: 17045K(19328K)->17045K(19328K) NonClass: 15422K(16896K)->15422K(16896K) Class: 1623K(2432K)->1623K(2432K)
[79.861s][info][gc             ] GC(378) Pause Young (Normal) (G1 Evacuation Pause) 629M->16M(1024M) 0.963ms
[79.861s][info][gc,cpu         ] GC(378) User=0.00s Sys=0.00s Real=0.00s
[80.030s][info][gc,start       ] GC(379) Pause Young (Normal) (G1 Evacuation Pause)
[80.030s][info][gc,task        ] GC(379) Using 6 workers of 6 for evacuation
[80.031s][info][gc,phases      ] GC(379)   Pre Evacuate Collection Set: 0.0ms
[80.031s][info][gc,phases      ] GC(379)   Evacuate Collection Set: 0.3ms
[80.031s][info][gc,phases      ] GC(379)   Post Evacuate Collection Set: 0.3ms
[80.031s][info][gc,phases      ] GC(379)   Other: 0.1ms
[80.031s][info][gc,heap        ] GC(379) Eden regions: 613->0(613)
[80.031s][info][gc,heap        ] GC(379) Survivor regions: 1->1(77)
[80.031s][info][gc,heap        ] GC(379) Old regions: 7->7
[80.031s][info][gc,heap        ] GC(379) Humongous regions: 12->12
[80.031s][info][gc,metaspace   ] GC(379) Metaspace: 17045K(19328K)->17045K(19328K) NonClass: 15422K(16896K)->15422K(16896K) Class: 1623K(2432K)->1623K(2432K)
[80.031s][info][gc             ] GC(379) Pause Young (Normal) (G1 Evacuation Pause) 629M->16M(1024M) 0.923ms
[80.031s][info][gc,cpu         ] GC(379) User=0.00s Sys=0.00s Real=0.00s
[80.200s][info][gc,start       ] GC(380) Pause Young (Normal) (G1 Evacuation Pause)
[80.200s][info][gc,task        ] GC(380) Using 6 workers of 6 for evacuation
[80.200s][info][gc,phases      ] GC(380)   Pre Evacuate Collection Set: 0.0ms
[80.200s][info][gc,phases      ] GC(380)   Evacuate Collection Set: 0.3ms
[80.200s][info][gc,phases      ] GC(380)   Post Evacuate Collection Set: 0.4ms
[80.200s][info][gc,phases      ] GC(380)   Other: 0.2ms
[80.200s][info][gc,heap        ] GC(380) Eden regions: 613->0(613)
[80.200s][info][gc,heap        ] GC(380) Survivor regions: 1->1(77)
[80.200s][info][gc,heap        ] GC(380) Old regions: 7->7
[80.200s][info][gc,heap        ] GC(380) Humongous regions: 12->12
[80.200s][info][gc,metaspace   ] GC(380) Metaspace: 17045K(19328K)->17045K(19328K) NonClass: 15422K(16896K)->15422K(16896K) Class: 1623K(2432K)->1623K(2432K)
[80.200s][info][gc             ] GC(380) Pause Young (Normal) (G1 Evacuation Pause) 629M->16M(1024M) 0.942ms
[80.200s][info][gc,cpu         ] GC(380) User=0.00s Sys=0.00s Real=0.00s
[80.376s][info][gc,start       ] GC(381) Pause Young (Normal) (G1 Evacuation Pause)
[80.377s][info][gc,task        ] GC(381) Using 6 workers of 6 for evacuation
[80.377s][info][gc,phases      ] GC(381)   Pre Evacuate Collection Set: 0.0ms
[80.377s][info][gc,phases      ] GC(381)   Evacuate Collection Set: 0.3ms
[80.377s][info][gc,phases      ] GC(381)   Post Evacuate Collection Set: 0.3ms
[80.377s][info][gc,phases      ] GC(381)   Other: 0.1ms
[80.377s][info][gc,heap        ] GC(381) Eden regions: 613->0(613)
[80.377s][info][gc,heap        ] GC(381) Survivor regions: 1->1(77)
[80.377s][info][gc,heap        ] GC(381) Old regions: 7->7
[80.377s][info][gc,heap        ] GC(381) Humongous regions: 12->12
[80.377s][info][gc,metaspace   ] GC(381) Metaspace: 17045K(19328K)->17045K(19328K) NonClass: 15422K(16896K)->15422K(16896K) Class: 1623K(2432K)->1623K(2432K)
[80.377s][info][gc             ] GC(381) Pause Young (Normal) (G1 Evacuation Pause) 629M->16M(1024M) 0.902ms
[80.377s][info][gc,cpu         ] GC(381) User=0.00s Sys=0.09s Real=0.00s
[80.545s][info][gc,start       ] GC(382) Pause Young (Normal) (G1 Evacuation Pause)
[80.545s][info][gc,task        ] GC(382) Using 6 workers of 6 for evacuation
[80.546s][info][gc,phases      ] GC(382)   Pre Evacuate Collection Set: 0.0ms
[80.546s][info][gc,phases      ] GC(382)   Evacuate Collection Set: 0.3ms
[80.546s][info][gc,phases      ] GC(382)   Post Evacuate Collection Set: 0.3ms
[80.546s][info][gc,phases      ] GC(382)   Other: 0.1ms
[80.546s][info][gc,heap        ] GC(382) Eden regions: 613->0(613)
[80.546s][info][gc,heap        ] GC(382) Survivor regions: 1->1(77)
[80.546s][info][gc,heap        ] GC(382) Old regions: 7->7
[80.546s][info][gc,heap        ] GC(382) Humongous regions: 12->12
[80.546s][info][gc,metaspace   ] GC(382) Metaspace: 17045K(19328K)->17045K(19328K) NonClass: 15422K(16896K)->15422K(16896K) Class: 1623K(2432K)->1623K(2432K)
[80.546s][info][gc             ] GC(382) Pause Young (Normal) (G1 Evacuation Pause) 629M->16M(1024M) 0.936ms
[80.546s][info][gc,cpu         ] GC(382) User=0.00s Sys=0.00s Real=0.00s
[80.717s][info][gc,start       ] GC(383) Pause Young (Normal) (G1 Evacuation Pause)
[80.717s][info][gc,task        ] GC(383) Using 6 workers of 6 for evacuation
[80.717s][info][gc,phases      ] GC(383)   Pre Evacuate Collection Set: 0.0ms
[80.718s][info][gc,phases      ] GC(383)   Evacuate Collection Set: 0.4ms
[80.718s][info][gc,phases      ] GC(383)   Post Evacuate Collection Set: 0.3ms
[80.718s][info][gc,phases      ] GC(383)   Other: 0.2ms
[80.718s][info][gc,heap        ] GC(383) Eden regions: 613->0(613)
[80.718s][info][gc,heap        ] GC(383) Survivor regions: 1->1(77)
[80.718s][info][gc,heap        ] GC(383) Old regions: 7->7
[80.718s][info][gc,heap        ] GC(383) Humongous regions: 12->12
[80.718s][info][gc,metaspace   ] GC(383) Metaspace: 17045K(19328K)->17045K(19328K) NonClass: 15422K(16896K)->15422K(16896K) Class: 1623K(2432K)->1623K(2432K)
[80.718s][info][gc             ] GC(383) Pause Young (Normal) (G1 Evacuation Pause) 629M->16M(1024M) 0.986ms
[80.718s][info][gc,cpu         ] GC(383) User=0.00s Sys=0.00s Real=0.00s
[80.886s][info][gc,start       ] GC(384) Pause Young (Normal) (G1 Evacuation Pause)
[80.886s][info][gc,task        ] GC(384) Using 6 workers of 6 for evacuation
[80.886s][info][gc,phases      ] GC(384)   Pre Evacuate Collection Set: 0.0ms
[80.886s][info][gc,phases      ] GC(384)   Evacuate Collection Set: 0.3ms
[80.886s][info][gc,phases      ] GC(384)   Post Evacuate Collection Set: 0.3ms
[80.886s][info][gc,phases      ] GC(384)   Other: 0.1ms
[80.886s][info][gc,heap        ] GC(384) Eden regions: 613->0(613)
[80.886s][info][gc,heap        ] GC(384) Survivor regions: 1->1(77)
[80.886s][info][gc,heap        ] GC(384) Old regions: 7->7
[80.886s][info][gc,heap        ] GC(384) Humongous regions: 12->12
[80.886s][info][gc,metaspace   ] GC(384) Metaspace: 17045K(19328K)->17045K(19328K) NonClass: 15422K(16896K)->15422K(16896K) Class: 1623K(2432K)->1623K(2432K)
[80.886s][info][gc             ] GC(384) Pause Young (Normal) (G1 Evacuation Pause) 629M->16M(1024M) 0.913ms
[80.886s][info][gc,cpu         ] GC(384) User=0.00s Sys=0.00s Real=0.00s
[81.057s][info][gc,start       ] GC(385) Pause Young (Normal) (G1 Evacuation Pause)
[81.057s][info][gc,task        ] GC(385) Using 6 workers of 6 for evacuation
[81.058s][info][gc,phases      ] GC(385)   Pre Evacuate Collection Set: 0.0ms
[81.058s][info][gc,phases      ] GC(385)   Evacuate Collection Set: 0.3ms
[81.058s][info][gc,phases      ] GC(385)   Post Evacuate Collection Set: 0.3ms
[81.058s][info][gc,phases      ] GC(385)   Other: 0.1ms
[81.058s][info][gc,heap        ] GC(385) Eden regions: 613->0(613)
[81.058s][info][gc,heap        ] GC(385) Survivor regions: 1->1(77)
[81.058s][info][gc,heap        ] GC(385) Old regions: 7->7
[81.058s][info][gc,heap        ] GC(385) Humongous regions: 12->12
[81.058s][info][gc,metaspace   ] GC(385) Metaspace: 17045K(19328K)->17045K(19328K) NonClass: 15422K(16896K)->15422K(16896K) Class: 1623K(2432K)->1623K(2432K)
[81.058s][info][gc             ] GC(385) Pause Young (Normal) (G1 Evacuation Pause) 629M->16M(1024M) 0.859ms
[81.058s][info][gc,cpu         ] GC(385) User=0.00s Sys=0.00s Real=0.00s
[81.227s][info][gc,start       ] GC(386) Pause Young (Normal) (G1 Evacuation Pause)
[81.227s][info][gc,task        ] GC(386) Using 6 workers of 6 for evacuation
[81.228s][info][gc,phases      ] GC(386)   Pre Evacuate Collection Set: 0.0ms
[81.228s][info][gc,phases      ] GC(386)   Evacuate Collection Set: 0.3ms
[81.228s][info][gc,phases      ] GC(386)   Post Evacuate Collection Set: 0.4ms
[81.228s][info][gc,phases      ] GC(386)   Other: 0.1ms
[81.228s][info][gc,heap        ] GC(386) Eden regions: 613->0(613)
[81.228s][info][gc,heap        ] GC(386) Survivor regions: 1->1(77)
[81.228s][info][gc,heap        ] GC(386) Old regions: 7->7
[81.228s][info][gc,heap        ] GC(386) Humongous regions: 12->12
[81.228s][info][gc,metaspace   ] GC(386) Metaspace: 17045K(19328K)->17045K(19328K) NonClass: 15422K(16896K)->15422K(16896K) Class: 1623K(2432K)->1623K(2432K)
[81.228s][info][gc             ] GC(386) Pause Young (Normal) (G1 Evacuation Pause) 629M->16M(1024M) 0.984ms
[81.228s][info][gc,cpu         ] GC(386) User=0.00s Sys=0.00s Real=0.00s
[81.404s][info][gc,start       ] GC(387) Pause Young (Normal) (G1 Evacuation Pause)
[81.404s][info][gc,task        ] GC(387) Using 6 workers of 6 for evacuation
[81.404s][info][gc,phases      ] GC(387)   Pre Evacuate Collection Set: 0.0ms
[81.404s][info][gc,phases      ] GC(387)   Evacuate Collection Set: 0.3ms
[81.404s][info][gc,phases      ] GC(387)   Post Evacuate Collection Set: 0.3ms
[81.404s][info][gc,phases      ] GC(387)   Other: 0.1ms
[81.404s][info][gc,heap        ] GC(387) Eden regions: 613->0(613)
[81.404s][info][gc,heap        ] GC(387) Survivor regions: 1->1(77)
[81.404s][info][gc,heap        ] GC(387) Old regions: 7->7
[81.404s][info][gc,heap        ] GC(387) Humongous regions: 12->12
[81.404s][info][gc,metaspace   ] GC(387) Metaspace: 17045K(19328K)->17045K(19328K) NonClass: 15422K(16896K)->15422K(16896K) Class: 1623K(2432K)->1623K(2432K)
[81.404s][info][gc             ] GC(387) Pause Young (Normal) (G1 Evacuation Pause) 629M->16M(1024M) 0.889ms
[81.404s][info][gc,cpu         ] GC(387) User=0.00s Sys=0.00s Real=0.00s
[81.575s][info][gc,start       ] GC(388) Pause Young (Normal) (G1 Evacuation Pause)
[81.575s][info][gc,task        ] GC(388) Using 6 workers of 6 for evacuation
[81.576s][info][gc,phases      ] GC(388)   Pre Evacuate Collection Set: 0.0ms
[81.576s][info][gc,phases      ] GC(388)   Evacuate Collection Set: 0.3ms
[81.576s][info][gc,phases      ] GC(388)   Post Evacuate Collection Set: 0.3ms
[81.576s][info][gc,phases      ] GC(388)   Other: 0.1ms
[81.576s][info][gc,heap        ] GC(388) Eden regions: 613->0(613)
[81.576s][info][gc,heap        ] GC(388) Survivor regions: 1->1(77)
[81.576s][info][gc,heap        ] GC(388) Old regions: 7->7
[81.576s][info][gc,heap        ] GC(388) Humongous regions: 12->12
[81.576s][info][gc,metaspace   ] GC(388) Metaspace: 17045K(19328K)->17045K(19328K) NonClass: 15422K(16896K)->15422K(16896K) Class: 1623K(2432K)->1623K(2432K)
[81.576s][info][gc             ] GC(388) Pause Young (Normal) (G1 Evacuation Pause) 629M->16M(1024M) 0.860ms
[81.576s][info][gc,cpu         ] GC(388) User=0.00s Sys=0.00s Real=0.00s
[81.745s][info][gc,start       ] GC(389) Pause Young (Normal) (G1 Evacuation Pause)
[81.745s][info][gc,task        ] GC(389) Using 6 workers of 6 for evacuation
[81.746s][info][gc,phases      ] GC(389)   Pre Evacuate Collection Set: 0.0ms
[81.746s][info][gc,phases      ] GC(389)   Evacuate Collection Set: 0.3ms
[81.746s][info][gc,phases      ] GC(389)   Post Evacuate Collection Set: 0.3ms
[81.746s][info][gc,phases      ] GC(389)   Other: 0.1ms
[81.746s][info][gc,heap        ] GC(389) Eden regions: 613->0(613)
[81.746s][info][gc,heap        ] GC(389) Survivor regions: 1->1(77)
[81.746s][info][gc,heap        ] GC(389) Old regions: 7->7
[81.746s][info][gc,heap        ] GC(389) Humongous regions: 12->12
[81.746s][info][gc,metaspace   ] GC(389) Metaspace: 17045K(19328K)->17045K(19328K) NonClass: 15422K(16896K)->15422K(16896K) Class: 1623K(2432K)->1623K(2432K)
[81.746s][info][gc             ] GC(389) Pause Young (Normal) (G1 Evacuation Pause) 629M->16M(1024M) 0.863ms
[81.746s][info][gc,cpu         ] GC(389) User=0.00s Sys=0.00s Real=0.00s
[81.915s][info][gc,start       ] GC(390) Pause Young (Normal) (G1 Evacuation Pause)
[81.915s][info][gc,task        ] GC(390) Using 6 workers of 6 for evacuation
[81.916s][info][gc,phases      ] GC(390)   Pre Evacuate Collection Set: 0.0ms
[81.916s][info][gc,phases      ] GC(390)   Evacuate Collection Set: 0.3ms
[81.916s][info][gc,phases      ] GC(390)   Post Evacuate Collection Set: 0.3ms
[81.916s][info][gc,phases      ] GC(390)   Other: 0.1ms
[81.916s][info][gc,heap        ] GC(390) Eden regions: 613->0(613)
[81.916s][info][gc,heap        ] GC(390) Survivor regions: 1->1(77)
[81.916s][info][gc,heap        ] GC(390) Old regions: 7->7
[81.916s][info][gc,heap        ] GC(390) Humongous regions: 12->12
[81.916s][info][gc,metaspace   ] GC(390) Metaspace: 17045K(19328K)->17045K(19328K) NonClass: 15422K(16896K)->15422K(16896K) Class: 1623K(2432K)->1623K(2432K)
[81.916s][info][gc             ] GC(390) Pause Young (Normal) (G1 Evacuation Pause) 629M->16M(1024M) 0.876ms
[81.916s][info][gc,cpu         ] GC(390) User=0.00s Sys=0.00s Real=0.00s
[82.083s][info][gc,start       ] GC(391) Pause Young (Normal) (G1 Evacuation Pause)
[82.083s][info][gc,task        ] GC(391) Using 6 workers of 6 for evacuation
[82.084s][info][gc,phases      ] GC(391)   Pre Evacuate Collection Set: 0.0ms
[82.084s][info][gc,phases      ] GC(391)   Evacuate Collection Set: 0.3ms
[82.084s][info][gc,phases      ] GC(391)   Post Evacuate Collection Set: 0.3ms
[82.084s][info][gc,phases      ] GC(391)   Other: 0.1ms
[82.084s][info][gc,heap        ] GC(391) Eden regions: 613->0(613)
[82.084s][info][gc,heap        ] GC(391) Survivor regions: 1->1(77)
[82.084s][info][gc,heap        ] GC(391) Old regions: 7->7
[82.084s][info][gc,heap        ] GC(391) Humongous regions: 12->12
[82.084s][info][gc,metaspace   ] GC(391) Metaspace: 17045K(19328K)->17045K(19328K) NonClass: 15422K(16896K)->15422K(16896K) Class: 1623K(2432K)->1623K(2432K)
[82.084s][info][gc             ] GC(391) Pause Young (Normal) (G1 Evacuation Pause) 629M->16M(1024M) 0.929ms
[82.084s][info][gc,cpu         ] GC(391) User=0.00s Sys=0.00s Real=0.00s
[82.489s][info][gc,heap,exit   ] Heap
[82.489s][info][gc,heap,exit   ]  garbage-first heap   total 1048576K, used 627521K [0x00000000c0000000, 0x0000000100000000)
[82.489s][info][gc,heap,exit   ]   region size 1024K, 592 young (606208K), 1 survivors (1024K)
[82.489s][info][gc,heap,exit   ]  Metaspace       used 17046K, capacity 17604K, committed 19328K, reserved 1067008K
[82.490s][info][gc,heap,exit   ]   class space    used 1623K, capacity 1819K, committed 2432K, reserved 1048576K
