[0.018s][info][gc] Using Concurrent Mark Sweep
[0.018s][info][gc,heap,coops] Heap address: 0x0000000700000000, size: 4096 MB, Compressed Oops mode: Zero based, Oop shift amount: 3
[4.068s][info][gc,start     ] GC(0) Pause Initial Mark
[4.076s][info][gc           ] GC(0) Pause Initial Mark 71M->71M(4046M) 8.426ms
[4.076s][info][gc,cpu       ] GC(0) User=0.00s Sys=0.00s Real=0.00s
[4.076s][info][gc           ] GC(0) Concurrent Mark
[4.077s][info][gc,task      ] GC(0) Using 2 workers of 2 for marking
[4.078s][info][gc           ] GC(0) Concurrent Mark 1.250ms
[4.078s][info][gc,cpu       ] GC(0) User=0.00s Sys=0.00s Real=0.00s
[4.080s][info][gc           ] GC(0) Concurrent Preclean
[4.084s][info][gc           ] GC(0) Concurrent Preclean 4.078ms
[4.084s][info][gc,cpu       ] GC(0) User=0.00s Sys=0.00s Real=0.02s
[4.084s][info][gc           ] GC(0) Concurrent Abortable Preclean
[8.843s][info][gc,start     ] GC(1) Pause Young (Allocation Failure)
[8.843s][info][gc,task      ] GC(1) Using 6 workers of 6 for evacuation
[8.861s][info][gc,heap      ] GC(1) ParNew: 409024K->23921K(460096K)
[8.861s][info][gc,heap      ] GC(1) CMS: 0K->0K(3683136K)
[8.861s][info][gc,metaspace ] GC(1) Metaspace: 51011K(52736K)->51011K(52736K) NonClass: 44739K(45616K)->44739K(45616K) Class: 6271K(7120K)->6271K(7120K)
[8.861s][info][gc           ] GC(1) Pause Young (Allocation Failure) 399M->23M(4046M) 18.243ms
[8.861s][info][gc,cpu       ] GC(1) User=0.02s Sys=0.02s Real=0.03s
[9.124s][info][gc           ] GC(0) Concurrent Abortable Preclean 5039.819ms
[9.124s][info][gc,cpu       ] GC(0) User=0.69s Sys=0.06s Real=5.03s
[9.124s][info][gc,start     ] GC(0) Pause Remark
[9.139s][info][gc           ] GC(0) Pause Remark 78M->78M(4046M) 14.411ms
[9.139s][info][gc,cpu       ] GC(0) User=0.02s Sys=0.00s Real=0.02s
[9.139s][info][gc           ] GC(0) Concurrent Sweep
[9.139s][info][gc           ] GC(0) Concurrent Sweep 0.107ms
[9.139s][info][gc,cpu       ] GC(0) User=0.00s Sys=0.00s Real=0.00s
[9.139s][info][gc           ] GC(0) Concurrent Reset
[9.158s][info][gc           ] GC(0) Concurrent Reset 18.579ms
[9.158s][info][gc,cpu       ] GC(0) User=0.02s Sys=0.00s Real=0.02s
[9.158s][info][gc,heap      ] GC(0) Old: 0K->0K(3683136K)
[9.787s][info][gc,start     ] GC(2) Pause Full (System.gc())
[9.788s][info][gc,phases,start] GC(2) Phase 1: Mark live objects
[9.820s][info][gc,phases      ] GC(2) Phase 1: Mark live objects 32.622ms
[9.820s][info][gc,phases,start] GC(2) Phase 2: Compute new object addresses
[9.834s][info][gc,phases      ] GC(2) Phase 2: Compute new object addresses 14.192ms
[9.834s][info][gc,phases,start] GC(2) Phase 3: Adjust pointers
[9.848s][info][gc,phases      ] GC(2) Phase 3: Adjust pointers 13.295ms
[9.848s][info][gc,phases,start] GC(2) Phase 4: Move objects
[9.861s][info][gc,phases      ] GC(2) Phase 4: Move objects 13.124ms
[9.865s][info][gc,heap        ] GC(2) ParNew: 164850K->0K(460096K)
[9.865s][info][gc,heap        ] GC(2) CMS: 0K->26921K(3683136K)
[9.865s][info][gc,metaspace   ] GC(2) Metaspace: 64766K(67416K)->64766K(67416K) NonClass: 56379K(57712K)->56379K(57712K) Class: 8386K(9704K)->8386K(9704K)
[9.866s][info][gc             ] GC(2) Pause Full (System.gc()) 160M->26M(4046M) 78.935ms
[9.866s][info][gc,cpu         ] GC(2) User=0.05s Sys=0.02s Real=0.10s
[12.474s][info][gc,start       ] GC(3) Pause Young (Allocation Failure)
[12.474s][info][gc,task        ] GC(3) Using 6 workers of 6 for evacuation
[12.486s][info][gc,heap        ] GC(3) ParNew: 409024K->12811K(460096K)
[12.486s][info][gc,heap        ] GC(3) CMS: 26921K->26921K(3683136K)
[12.486s][info][gc,metaspace   ] GC(3) Metaspace: 102417K(106180K)->102417K(106180K) NonClass: 90837K(92784K)->90837K(92784K) Class: 11580K(13396K)->11580K(13396K)
[12.486s][info][gc             ] GC(3) Pause Young (Allocation Failure) 425M->38M(4046M) 11.900ms
[12.486s][info][gc,cpu         ] GC(3) User=0.00s Sys=0.00s Real=0.00s
[12.753s][info][gc,start       ] GC(4) Pause Young (Allocation Failure)
[12.753s][info][gc,task        ] GC(4) Using 6 workers of 6 for evacuation
[12.761s][info][gc,heap        ] GC(4) ParNew: 421835K->9527K(460096K)
[12.762s][info][gc,heap        ] GC(4) CMS: 26921K->26921K(3683136K)
[12.762s][info][gc,metaspace   ] GC(4) Metaspace: 102737K(106436K)->102737K(106436K) NonClass: 91140K(93040K)->91140K(93040K) Class: 11596K(13396K)->11596K(13396K)
[12.762s][info][gc             ] GC(4) Pause Young (Allocation Failure) 438M->35M(4046M) 8.843ms
[12.762s][info][gc,cpu         ] GC(4) User=0.02s Sys=0.00s Real=0.02s
[13.038s][info][gc,start       ] GC(5) Pause Young (Allocation Failure)
[13.038s][info][gc,task        ] GC(5) Using 6 workers of 6 for evacuation
[13.048s][info][gc,heap        ] GC(5) ParNew: 418551K->10449K(460096K)
[13.048s][info][gc,heap        ] GC(5) CMS: 26921K->26921K(3683136K)
[13.048s][info][gc,metaspace   ] GC(5) Metaspace: 102974K(106820K)->102974K(106820K) NonClass: 91374K(93296K)->91374K(93296K) Class: 11599K(13524K)->11599K(13524K)
[13.048s][info][gc             ] GC(5) Pause Young (Allocation Failure) 435M->36M(4046M) 9.951ms
[13.048s][info][gc,cpu         ] GC(5) User=0.00s Sys=0.00s Real=0.00s
[13.300s][info][gc,start       ] GC(6) Pause Young (Allocation Failure)
[13.300s][info][gc,task        ] GC(6) Using 6 workers of 6 for evacuation
[13.309s][info][gc,heap        ] GC(6) ParNew: 419473K->11098K(460096K)
[13.309s][info][gc,heap        ] GC(6) CMS: 26921K->26921K(3683136K)
[13.309s][info][gc,metaspace   ] GC(6) Metaspace: 103153K(107076K)->103153K(107076K) NonClass: 91552K(93552K)->91552K(93552K) Class: 11600K(13524K)->11600K(13524K)
[13.309s][info][gc             ] GC(6) Pause Young (Allocation Failure) 435M->37M(4046M) 9.850ms
[13.309s][info][gc,cpu         ] GC(6) User=0.02s Sys=0.00s Real=0.02s
[13.334s][info][gc,start       ] GC(7) Pause Full (System.gc())
[13.336s][info][gc,phases,start] GC(7) Phase 1: Mark live objects
[13.385s][info][gc,phases      ] GC(7) Phase 1: Mark live objects 48.853ms
[13.385s][info][gc,phases,start] GC(7) Phase 2: Compute new object addresses
[13.394s][info][gc,phases      ] GC(7) Phase 2: Compute new object addresses 8.958ms
[13.394s][info][gc,phases,start] GC(7) Phase 3: Adjust pointers
[13.413s][info][gc,phases      ] GC(7) Phase 3: Adjust pointers 18.577ms
[13.413s][info][gc,phases,start] GC(7) Phase 4: Move objects
[13.422s][info][gc,phases      ] GC(7) Phase 4: Move objects 9.133ms
[13.425s][info][gc,heap        ] GC(7) ParNew: 38774K->0K(460096K)
[13.425s][info][gc,heap        ] GC(7) CMS: 26921K->33629K(3683136K)
[13.425s][info][gc,metaspace   ] GC(7) Metaspace: 103396K(107332K)->103396K(107332K) NonClass: 91732K(93808K)->91732K(93808K) Class: 11664K(13524K)->11664K(13524K)
[13.426s][info][gc             ] GC(7) Pause Full (System.gc()) 64M->32M(4046M) 92.345ms
[13.426s][info][gc,cpu         ] GC(7) User=0.09s Sys=0.00s Real=0.09s
[13.744s][info][gc,start       ] GC(8) Pause Young (Allocation Failure)
[13.744s][info][gc,task        ] GC(8) Using 6 workers of 6 for evacuation
[13.750s][info][gc,heap        ] GC(8) ParNew: 409024K->7695K(460096K)
[13.750s][info][gc,heap        ] GC(8) CMS: 33629K->33629K(3683136K)
[13.750s][info][gc,metaspace   ] GC(8) Metaspace: 103325K(107332K)->103325K(107332K) NonClass: 91701K(93808K)->91701K(93808K) Class: 11624K(13524K)->11624K(13524K)
[13.750s][info][gc             ] GC(8) Pause Young (Allocation Failure) 432M->40M(4046M) 6.538ms
[13.750s][info][gc,cpu         ] GC(8) User=0.00s Sys=0.00s Real=0.00s
[13.966s][info][gc,start       ] GC(9) Pause Young (Allocation Failure)
[13.966s][info][gc,task        ] GC(9) Using 6 workers of 6 for evacuation
[13.972s][info][gc,heap        ] GC(9) ParNew: 415765K->3926K(460096K)
[13.972s][info][gc,heap        ] GC(9) CMS: 33629K->33629K(3683136K)
[13.972s][info][gc,metaspace   ] GC(9) Metaspace: 103421K(107332K)->103421K(107332K) NonClass: 91796K(93808K)->91796K(93808K) Class: 11624K(13524K)->11624K(13524K)
[13.972s][info][gc             ] GC(9) Pause Young (Allocation Failure) 438M->36M(4046M) 5.925ms
[13.972s][info][gc,cpu         ] GC(9) User=0.00s Sys=0.00s Real=0.01s
[14.197s][info][gc,start       ] GC(10) Pause Young (Allocation Failure)
[14.197s][info][gc,task        ] GC(10) Using 6 workers of 6 for evacuation
[14.205s][info][gc,heap        ] GC(10) ParNew: 412950K->2157K(460096K)
[14.205s][info][gc,heap        ] GC(10) CMS: 33629K->33629K(3683136K)
[14.205s][info][gc,metaspace   ] GC(10) Metaspace: 103501K(107332K)->103501K(107332K) NonClass: 91876K(93808K)->91876K(93808K) Class: 11624K(13524K)->11624K(13524K)
[14.205s][info][gc             ] GC(10) Pause Young (Allocation Failure) 436M->34M(4046M) 7.583ms
[14.205s][info][gc,cpu         ] GC(10) User=0.02s Sys=0.00s Real=0.02s
[14.262s][info][gc,start       ] GC(11) Pause Full (System.gc())
[14.265s][info][gc,phases,start] GC(11) Phase 1: Mark live objects
[14.315s][info][gc,phases      ] GC(11) Phase 1: Mark live objects 50.413ms
[14.315s][info][gc,phases,start] GC(11) Phase 2: Compute new object addresses
[14.334s][info][gc,phases      ] GC(11) Phase 2: Compute new object addresses 18.456ms
[14.334s][info][gc,phases,start] GC(11) Phase 3: Adjust pointers
[14.353s][info][gc,phases      ] GC(11) Phase 3: Adjust pointers 19.347ms
[14.353s][info][gc,phases,start] GC(11) Phase 4: Move objects
[14.361s][info][gc,phases      ] GC(11) Phase 4: Move objects 7.455ms
[14.364s][info][gc,heap        ] GC(11) ParNew: 111195K->0K(460096K)
[14.364s][info][gc,heap        ] GC(11) CMS: 33629K->33919K(3683136K)
[14.364s][info][gc,metaspace   ] GC(11) Metaspace: 103545K(107588K)->103545K(107588K) NonClass: 91921K(94064K)->91921K(94064K) Class: 11624K(13524K)->11624K(13524K)
[14.365s][info][gc             ] GC(11) Pause Full (System.gc()) 141M->33M(4046M) 102.539ms
[14.365s][info][gc,cpu         ] GC(11) User=0.11s Sys=0.00s Real=0.10s
[14.639s][info][gc,start       ] GC(12) Pause Young (Allocation Failure)
[14.639s][info][gc,task        ] GC(12) Using 6 workers of 6 for evacuation
[14.645s][info][gc,heap        ] GC(12) ParNew: 409024K->2019K(460096K)
[14.645s][info][gc,heap        ] GC(12) CMS: 33919K->33919K(3683136K)
[14.645s][info][gc,metaspace   ] GC(12) Metaspace: 103672K(107588K)->103672K(107588K) NonClass: 92048K(94064K)->92048K(94064K) Class: 11623K(13524K)->11623K(13524K)
[14.645s][info][gc             ] GC(12) Pause Young (Allocation Failure) 432M->35M(4046M) 6.326ms
[14.645s][info][gc,cpu         ] GC(12) User=0.00s Sys=0.00s Real=0.00s
[14.857s][info][gc,start       ] GC(13) Pause Young (Allocation Failure)
[14.857s][info][gc,task        ] GC(13) Using 6 workers of 6 for evacuation
[14.862s][info][gc,heap        ] GC(13) ParNew: 409840K->2120K(460096K)
[14.862s][info][gc,heap        ] GC(13) CMS: 33919K->33919K(3683136K)
[14.862s][info][gc,metaspace   ] GC(13) Metaspace: 103757K(107588K)->103757K(107588K) NonClass: 92133K(94064K)->92133K(94064K) Class: 11624K(13524K)->11624K(13524K)
[14.862s][info][gc             ] GC(13) Pause Young (Allocation Failure) 433M->35M(4046M) 5.556ms
[14.862s][info][gc,cpu         ] GC(13) User=0.02s Sys=0.00s Real=0.02s
[15.071s][info][gc,start       ] GC(14) Pause Young (Allocation Failure)
[15.071s][info][gc,task        ] GC(14) Using 6 workers of 6 for evacuation
[15.077s][info][gc,heap        ] GC(14) ParNew: 411144K->2132K(460096K)
[15.077s][info][gc,heap        ] GC(14) CMS: 33919K->33919K(3683136K)
[15.077s][info][gc,metaspace   ] GC(14) Metaspace: 103950K(107844K)->103950K(107844K) NonClass: 92325K(94320K)->92325K(94320K) Class: 11624K(13524K)->11624K(13524K)
[15.077s][info][gc             ] GC(14) Pause Young (Allocation Failure) 434M->35M(4046M) 6.164ms
[15.077s][info][gc,cpu         ] GC(14) User=0.00s Sys=0.00s Real=0.00s
[15.124s][info][gc,start       ] GC(15) Pause Full (System.gc())
[15.127s][info][gc,phases,start] GC(15) Phase 1: Mark live objects
[15.166s][info][gc,phases      ] GC(15) Phase 1: Mark live objects 39.337ms
[15.166s][info][gc,phases,start] GC(15) Phase 2: Compute new object addresses
[15.183s][info][gc,phases      ] GC(15) Phase 2: Compute new object addresses 16.845ms
[15.183s][info][gc,phases,start] GC(15) Phase 3: Adjust pointers
[15.203s][info][gc,phases      ] GC(15) Phase 3: Adjust pointers 20.170ms
[15.203s][info][gc,phases,start] GC(15) Phase 4: Move objects
[15.206s][info][gc,phases      ] GC(15) Phase 4: Move objects 2.545ms
[15.209s][info][gc,heap        ] GC(15) ParNew: 93489K->0K(460096K)
[15.209s][info][gc,heap        ] GC(15) CMS: 33919K->34113K(3683136K)
[15.209s][info][gc,metaspace   ] GC(15) Metaspace: 103966K(107844K)->103966K(107844K) NonClass: 92342K(94320K)->92342K(94320K) Class: 11624K(13524K)->11624K(13524K)
[15.210s][info][gc             ] GC(15) Pause Full (System.gc()) 124M->33M(4046M) 85.501ms
[15.210s][info][gc,cpu         ] GC(15) User=0.14s Sys=0.00s Real=0.09s
[15.476s][info][gc,start       ] GC(16) Pause Young (Allocation Failure)
[15.477s][info][gc,task        ] GC(16) Using 6 workers of 6 for evacuation
[15.483s][info][gc,heap        ] GC(16) ParNew: 409024K->1887K(460096K)
[15.483s][info][gc,heap        ] GC(16) CMS: 34113K->34113K(3683136K)
[15.483s][info][gc,metaspace   ] GC(16) Metaspace: 104058K(108100K)->104058K(108100K) NonClass: 92434K(94576K)->92434K(94576K) Class: 11624K(13524K)->11624K(13524K)
[15.483s][info][gc             ] GC(16) Pause Young (Allocation Failure) 432M->35M(4046M) 6.713ms
[15.483s][info][gc,cpu         ] GC(16) User=0.00s Sys=0.00s Real=0.00s
[15.694s][info][gc,start       ] GC(17) Pause Young (Allocation Failure)
[15.694s][info][gc,task        ] GC(17) Using 6 workers of 6 for evacuation
[15.700s][info][gc,heap        ] GC(17) ParNew: 410911K->2036K(460096K)
[15.700s][info][gc,heap        ] GC(17) CMS: 34113K->34113K(3683136K)
[15.700s][info][gc,metaspace   ] GC(17) Metaspace: 104160K(108100K)->104160K(108100K) NonClass: 92535K(94576K)->92535K(94576K) Class: 11625K(13524K)->11625K(13524K)
[15.700s][info][gc             ] GC(17) Pause Young (Allocation Failure) 434M->35M(4046M) 6.223ms
[15.700s][info][gc,cpu         ] GC(17) User=0.00s Sys=0.00s Real=0.00s
[15.904s][info][gc,start       ] GC(18) Pause Young (Allocation Failure)
[15.904s][info][gc,task        ] GC(18) Using 6 workers of 6 for evacuation
[15.910s][info][gc,heap        ] GC(18) ParNew: 411060K->2152K(460096K)
[15.910s][info][gc,heap        ] GC(18) CMS: 34113K->34113K(3683136K)
[15.910s][info][gc,metaspace   ] GC(18) Metaspace: 104239K(108100K)->104239K(108100K) NonClass: 92611K(94576K)->92611K(94576K) Class: 11627K(13524K)->11627K(13524K)
[15.910s][info][gc             ] GC(18) Pause Young (Allocation Failure) 434M->35M(4046M) 5.942ms
[15.910s][info][gc,cpu         ] GC(18) User=0.00s Sys=0.00s Real=0.02s
[15.949s][info][gc,start       ] GC(19) Pause Full (System.gc())
[15.951s][info][gc,phases,start] GC(19) Phase 1: Mark live objects
[16.003s][info][gc,phases      ] GC(19) Phase 1: Mark live objects 52.029ms
[16.003s][info][gc,phases,start] GC(19) Phase 2: Compute new object addresses
[16.020s][info][gc,phases      ] GC(19) Phase 2: Compute new object addresses 16.752ms
[16.020s][info][gc,phases,start] GC(19) Phase 3: Adjust pointers
[16.040s][info][gc,phases      ] GC(19) Phase 3: Adjust pointers 20.274ms
[16.040s][info][gc,phases,start] GC(19) Phase 4: Move objects
[16.041s][info][gc,phases      ] GC(19) Phase 4: Move objects 0.895ms
[16.044s][info][gc,heap        ] GC(19) ParNew: 85940K->0K(460096K)
[16.044s][info][gc,heap        ] GC(19) CMS: 34113K->34350K(3683136K)
[16.044s][info][gc,metaspace   ] GC(19) Metaspace: 104250K(108100K)->104250K(108100K) NonClass: 92622K(94576K)->92622K(94576K) Class: 11627K(13524K)->11627K(13524K)
[16.045s][info][gc             ] GC(19) Pause Full (System.gc()) 117M->33M(4046M) 96.364ms
[16.045s][info][gc,cpu         ] GC(19) User=0.09s Sys=0.00s Real=0.09s
[16.291s][info][gc,start       ] GC(20) Pause Young (Allocation Failure)
[16.291s][info][gc,task        ] GC(20) Using 6 workers of 6 for evacuation
[16.297s][info][gc,heap        ] GC(20) ParNew: 409024K->1520K(460096K)
[16.297s][info][gc,heap        ] GC(20) CMS: 34350K->34350K(3683136K)
[16.297s][info][gc,metaspace   ] GC(20) Metaspace: 104327K(108356K)->104327K(108356K) NonClass: 92697K(94832K)->92697K(94832K) Class: 11629K(13524K)->11629K(13524K)
[16.297s][info][gc             ] GC(20) Pause Young (Allocation Failure) 432M->35M(4046M) 6.449ms
[16.297s][info][gc,cpu         ] GC(20) User=0.00s Sys=0.00s Real=0.00s
[16.502s][info][gc,start       ] GC(21) Pause Young (Allocation Failure)
[16.502s][info][gc,task        ] GC(21) Using 6 workers of 6 for evacuation
[16.507s][info][gc,heap        ] GC(21) ParNew: 410544K->1759K(460096K)
[16.508s][info][gc,heap        ] GC(21) CMS: 34350K->34350K(3683136K)
[16.508s][info][gc,metaspace   ] GC(21) Metaspace: 104374K(108356K)->104374K(108356K) NonClass: 92743K(94832K)->92743K(94832K) Class: 11630K(13524K)->11630K(13524K)
[16.508s][info][gc             ] GC(21) Pause Young (Allocation Failure) 434M->35M(4046M) 5.760ms
[16.508s][info][gc,cpu         ] GC(21) User=0.02s Sys=0.00s Real=0.02s
[16.710s][info][gc,start       ] GC(22) Pause Young (Allocation Failure)
[16.710s][info][gc,task        ] GC(22) Using 6 workers of 6 for evacuation
[16.716s][info][gc,heap        ] GC(22) ParNew: 410783K->2179K(460096K)
[16.716s][info][gc,heap        ] GC(22) CMS: 34350K->34350K(3683136K)
[16.716s][info][gc,metaspace   ] GC(22) Metaspace: 104425K(108356K)->104425K(108356K) NonClass: 92794K(94832K)->92794K(94832K) Class: 11630K(13524K)->11630K(13524K)
[16.716s][info][gc             ] GC(22) Pause Young (Allocation Failure) 434M->35M(4046M) 6.106ms
[16.716s][info][gc,cpu         ] GC(22) User=0.02s Sys=0.00s Real=0.02s
[16.745s][info][gc,start       ] GC(23) Pause Full (System.gc())
[16.749s][info][gc,phases,start] GC(23) Phase 1: Mark live objects
[16.801s][info][gc,phases      ] GC(23) Phase 1: Mark live objects 52.386ms
[16.801s][info][gc,phases,start] GC(23) Phase 2: Compute new object addresses
[16.817s][info][gc,phases      ] GC(23) Phase 2: Compute new object addresses 16.159ms
[16.817s][info][gc,phases,start] GC(23) Phase 3: Adjust pointers
[16.839s][info][gc,phases      ] GC(23) Phase 3: Adjust pointers 21.258ms
[16.839s][info][gc,phases,start] GC(23) Phase 4: Move objects
[16.846s][info][gc,phases      ] GC(23) Phase 4: Move objects 7.295ms
[16.849s][info][gc,heap        ] GC(23) ParNew: 75037K->0K(460096K)
[16.849s][info][gc,heap        ] GC(23) CMS: 34350K->34566K(3683136K)
[16.849s][info][gc,metaspace   ] GC(23) Metaspace: 104426K(108356K)->104426K(108356K) NonClass: 92796K(94832K)->92796K(94832K) Class: 11630K(13524K)->11630K(13524K)
[16.850s][info][gc             ] GC(23) Pause Full (System.gc()) 106M->33M(4046M) 104.611ms
[16.850s][info][gc,cpu         ] GC(23) User=0.16s Sys=0.00s Real=0.11s
[17.090s][info][gc,start       ] GC(24) Pause Young (Allocation Failure)
[17.090s][info][gc,task        ] GC(24) Using 6 workers of 6 for evacuation
[17.096s][info][gc,heap        ] GC(24) ParNew: 409024K->2375K(460096K)
[17.096s][info][gc,heap        ] GC(24) CMS: 34566K->34566K(3683136K)
[17.096s][info][gc,metaspace   ] GC(24) Metaspace: 104521K(108356K)->104521K(108356K) NonClass: 92890K(94832K)->92890K(94832K) Class: 11630K(13524K)->11630K(13524K)
[17.096s][info][gc             ] GC(24) Pause Young (Allocation Failure) 433M->36M(4046M) 6.208ms
[17.096s][info][gc,cpu         ] GC(24) User=0.00s Sys=0.00s Real=0.00s
[17.297s][info][gc,start       ] GC(25) Pause Young (Allocation Failure)
[17.297s][info][gc,task        ] GC(25) Using 6 workers of 6 for evacuation
[17.304s][info][gc,heap        ] GC(25) ParNew: 411399K->1917K(460096K)
[17.304s][info][gc,heap        ] GC(25) CMS: 34566K->34566K(3683136K)
[17.304s][info][gc,metaspace   ] GC(25) Metaspace: 104644K(108612K)->104644K(108612K) NonClass: 93013K(95088K)->93013K(95088K) Class: 11630K(13524K)->11630K(13524K)
[17.304s][info][gc             ] GC(25) Pause Young (Allocation Failure) 435M->35M(4046M) 7.017ms
[17.304s][info][gc,cpu         ] GC(25) User=0.00s Sys=0.00s Real=0.00s
[17.503s][info][gc,start       ] GC(26) Pause Young (Allocation Failure)
[17.503s][info][gc,task        ] GC(26) Using 6 workers of 6 for evacuation
[17.509s][info][gc,heap        ] GC(26) ParNew: 410941K->2032K(460096K)
[17.509s][info][gc,heap        ] GC(26) CMS: 34566K->34566K(3683136K)
[17.509s][info][gc,metaspace   ] GC(26) Metaspace: 104718K(108612K)->104718K(108612K) NonClass: 93088K(95088K)->93088K(95088K) Class: 11630K(13524K)->11630K(13524K)
[17.509s][info][gc             ] GC(26) Pause Young (Allocation Failure) 435M->35M(4046M) 6.127ms
[17.509s][info][gc,cpu         ] GC(26) User=0.00s Sys=0.00s Real=0.00s
[17.539s][info][gc,start       ] GC(27) Pause Full (System.gc())
[17.541s][info][gc,phases,start] GC(27) Phase 1: Mark live objects
[17.581s][info][gc,phases      ] GC(27) Phase 1: Mark live objects 39.442ms
[17.581s][info][gc,phases,start] GC(27) Phase 2: Compute new object addresses
[17.597s][info][gc,phases      ] GC(27) Phase 2: Compute new object addresses 16.419ms
[17.597s][info][gc,phases,start] GC(27) Phase 3: Adjust pointers
[17.619s][info][gc,phases      ] GC(27) Phase 3: Adjust pointers 21.621ms
[17.619s][info][gc,phases,start] GC(27) Phase 4: Move objects
[17.626s][info][gc,phases      ] GC(27) Phase 4: Move objects 7.378ms
[17.629s][info][gc,heap        ] GC(27) ParNew: 75498K->0K(460096K)
[17.629s][info][gc,heap        ] GC(27) CMS: 34566K->34688K(3683136K)
[17.629s][info][gc,metaspace   ] GC(27) Metaspace: 104722K(108612K)->104722K(108612K) NonClass: 93092K(95088K)->93092K(95088K) Class: 11630K(13524K)->11630K(13524K)
[17.630s][info][gc             ] GC(27) Pause Full (System.gc()) 107M->33M(4046M) 90.960ms
[17.630s][info][gc,cpu         ] GC(27) User=0.08s Sys=0.00s Real=0.10s
[17.864s][info][gc,start       ] GC(28) Pause Young (Allocation Failure)
[17.865s][info][gc,task        ] GC(28) Using 6 workers of 6 for evacuation
[17.871s][info][gc,heap        ] GC(28) ParNew: 409024K->2132K(460096K)
[17.871s][info][gc,heap        ] GC(28) CMS: 34688K->34688K(3683136K)
[17.872s][info][gc,metaspace   ] GC(28) Metaspace: 104775K(108612K)->104775K(108612K) NonClass: 93145K(95088K)->93145K(95088K) Class: 11630K(13524K)->11630K(13524K)
[17.872s][info][gc             ] GC(28) Pause Young (Allocation Failure) 433M->35M(4046M) 7.050ms
[17.872s][info][gc,cpu         ] GC(28) User=0.00s Sys=0.00s Real=0.01s
[18.073s][info][gc,start       ] GC(29) Pause Young (Allocation Failure)
[18.073s][info][gc,task        ] GC(29) Using 6 workers of 6 for evacuation
[18.079s][info][gc,heap        ] GC(29) ParNew: 411156K->2170K(460096K)
[18.079s][info][gc,heap        ] GC(29) CMS: 34688K->34688K(3683136K)
[18.079s][info][gc,metaspace   ] GC(29) Metaspace: 104802K(108612K)->104802K(108612K) NonClass: 93171K(95088K)->93171K(95088K) Class: 11630K(13524K)->11630K(13524K)
[18.079s][info][gc             ] GC(29) Pause Young (Allocation Failure) 435M->35M(4046M) 6.477ms
[18.080s][info][gc,cpu         ] GC(29) User=0.02s Sys=0.00s Real=0.01s
[18.279s][info][gc,start       ] GC(30) Pause Young (Allocation Failure)
[18.279s][info][gc,task        ] GC(30) Using 6 workers of 6 for evacuation
[18.285s][info][gc,heap        ] GC(30) ParNew: 411194K->1795K(460096K)
[18.285s][info][gc,heap        ] GC(30) CMS: 34688K->34688K(3683136K)
[18.285s][info][gc,metaspace   ] GC(30) Metaspace: 104825K(108612K)->104825K(108612K) NonClass: 93194K(95088K)->93194K(95088K) Class: 11631K(13524K)->11631K(13524K)
[18.285s][info][gc             ] GC(30) Pause Young (Allocation Failure) 435M->35M(4046M) 6.522ms
[18.285s][info][gc,cpu         ] GC(30) User=0.02s Sys=0.00s Real=0.02s
[18.313s][info][gc,start       ] GC(31) Pause Full (System.gc())
[18.315s][info][gc,phases,start] GC(31) Phase 1: Mark live objects
[18.354s][info][gc,phases      ] GC(31) Phase 1: Mark live objects 38.935ms
[18.354s][info][gc,phases,start] GC(31) Phase 2: Compute new object addresses
[18.370s][info][gc,phases      ] GC(31) Phase 2: Compute new object addresses 16.075ms
[18.370s][info][gc,phases,start] GC(31) Phase 3: Adjust pointers
[18.392s][info][gc,phases      ] GC(31) Phase 3: Adjust pointers 21.862ms
[18.392s][info][gc,phases,start] GC(31) Phase 4: Move objects
[18.400s][info][gc,phases      ] GC(31) Phase 4: Move objects 7.487ms
[18.403s][info][gc,heap        ] GC(31) ParNew: 73338K->0K(460096K)
[18.403s][info][gc,heap        ] GC(31) CMS: 34688K->34810K(3683136K)
[18.403s][info][gc,metaspace   ] GC(31) Metaspace: 104825K(108612K)->104825K(108612K) NonClass: 93194K(95088K)->93194K(95088K) Class: 11631K(13524K)->11631K(13524K)
[18.404s][info][gc             ] GC(31) Pause Full (System.gc()) 105M->33M(4046M) 90.498ms
[18.404s][info][gc,cpu         ] GC(31) User=0.08s Sys=0.00s Real=0.08s
[18.637s][info][gc,start       ] GC(32) Pause Young (Allocation Failure)
[18.637s][info][gc,task        ] GC(32) Using 6 workers of 6 for evacuation
[18.643s][info][gc,heap        ] GC(32) ParNew: 409024K->1902K(460096K)
[18.643s][info][gc,heap        ] GC(32) CMS: 34810K->34810K(3683136K)
[18.643s][info][gc,metaspace   ] GC(32) Metaspace: 105040K(108868K)->105040K(108868K) NonClass: 93408K(95344K)->93408K(95344K) Class: 11631K(13524K)->11631K(13524K)
[18.643s][info][gc             ] GC(32) Pause Young (Allocation Failure) 433M->35M(4046M) 6.747ms
[18.643s][info][gc,cpu         ] GC(32) User=0.02s Sys=0.00s Real=0.02s
[18.839s][info][gc,start       ] GC(33) Pause Young (Allocation Failure)
[18.839s][info][gc,task        ] GC(33) Using 6 workers of 6 for evacuation
[18.846s][info][gc,heap        ] GC(33) ParNew: 410926K->2280K(460096K)
[18.846s][info][gc,heap        ] GC(33) CMS: 34810K->34810K(3683136K)
[18.846s][info][gc,metaspace   ] GC(33) Metaspace: 105109K(109124K)->105109K(109124K) NonClass: 93478K(95600K)->93478K(95600K) Class: 11631K(13524K)->11631K(13524K)
[18.846s][info][gc             ] GC(33) Pause Young (Allocation Failure) 435M->36M(4046M) 7.234ms
[18.846s][info][gc,cpu         ] GC(33) User=0.00s Sys=0.00s Real=0.02s
[19.042s][info][gc,start       ] GC(34) Pause Young (Allocation Failure)
[19.042s][info][gc,task        ] GC(34) Using 6 workers of 6 for evacuation
[19.048s][info][gc,heap        ] GC(34) ParNew: 411304K->1827K(460096K)
[19.048s][info][gc,heap        ] GC(34) CMS: 34810K->34810K(3683136K)
[19.048s][info][gc,metaspace   ] GC(34) Metaspace: 105185K(109124K)->105185K(109124K) NonClass: 93553K(95600K)->93553K(95600K) Class: 11631K(13524K)->11631K(13524K)
[19.048s][info][gc             ] GC(34) Pause Young (Allocation Failure) 435M->35M(4046M) 6.124ms
[19.048s][info][gc,cpu         ] GC(34) User=0.00s Sys=0.00s Real=0.00s
[19.077s][info][gc,start       ] GC(35) Pause Full (System.gc())
[19.079s][info][gc,phases,start] GC(35) Phase 1: Mark live objects
[19.119s][info][gc,phases      ] GC(35) Phase 1: Mark live objects 40.124ms
[19.119s][info][gc,phases,start] GC(35) Phase 2: Compute new object addresses
[19.135s][info][gc,phases      ] GC(35) Phase 2: Compute new object addresses 16.274ms
[19.135s][info][gc,phases,start] GC(35) Phase 3: Adjust pointers
[19.158s][info][gc,phases      ] GC(35) Phase 3: Adjust pointers 22.268ms
[19.158s][info][gc,phases,start] GC(35) Phase 4: Move objects
[19.165s][info][gc,phases      ] GC(35) Phase 4: Move objects 7.322ms
[19.168s][info][gc,heap        ] GC(35) ParNew: 73141K->0K(460096K)
[19.168s][info][gc,heap        ] GC(35) CMS: 34810K->34931K(3683136K)
[19.168s][info][gc,metaspace   ] GC(35) Metaspace: 105191K(109124K)->105191K(109124K) NonClass: 93559K(95600K)->93559K(95600K) Class: 11631K(13524K)->11631K(13524K)
[19.169s][info][gc             ] GC(35) Pause Full (System.gc()) 105M->34M(4046M) 92.181ms
[19.169s][info][gc,cpu         ] GC(35) User=0.08s Sys=0.00s Real=0.10s
[19.394s][info][gc,start       ] GC(36) Pause Young (Allocation Failure)
[19.394s][info][gc,task        ] GC(36) Using 6 workers of 6 for evacuation
[19.401s][info][gc,heap        ] GC(36) ParNew: 409024K->2128K(460096K)
[19.401s][info][gc,heap        ] GC(36) CMS: 34931K->34931K(3683136K)
[19.401s][info][gc,metaspace   ] GC(36) Metaspace: 105207K(109124K)->105207K(109124K) NonClass: 93575K(95600K)->93575K(95600K) Class: 11631K(13524K)->11631K(13524K)
[19.401s][info][gc             ] GC(36) Pause Young (Allocation Failure) 433M->36M(4046M) 6.910ms
[19.401s][info][gc,cpu         ] GC(36) User=0.02s Sys=0.00s Real=0.02s
[19.595s][info][gc,start       ] GC(37) Pause Young (Allocation Failure)
[19.595s][info][gc,task        ] GC(37) Using 6 workers of 6 for evacuation
[19.601s][info][gc,heap        ] GC(37) ParNew: 411152K->2260K(460096K)
[19.601s][info][gc,heap        ] GC(37) CMS: 34931K->34931K(3683136K)
[19.601s][info][gc,metaspace   ] GC(37) Metaspace: 105228K(109124K)->105228K(109124K) NonClass: 93596K(95600K)->93596K(95600K) Class: 11631K(13524K)->11631K(13524K)
[19.602s][info][gc             ] GC(37) Pause Young (Allocation Failure) 435M->36M(4046M) 6.177ms
[19.602s][info][gc,cpu         ] GC(37) User=0.00s Sys=0.00s Real=0.02s
[19.793s][info][gc,start       ] GC(38) Pause Young (Allocation Failure)
[19.793s][info][gc,task        ] GC(38) Using 6 workers of 6 for evacuation
[19.799s][info][gc,heap        ] GC(38) ParNew: 411284K->1946K(460096K)
[19.799s][info][gc,heap        ] GC(38) CMS: 34931K->34931K(3683136K)
[19.799s][info][gc,metaspace   ] GC(38) Metaspace: 105241K(109124K)->105241K(109124K) NonClass: 93609K(95600K)->93609K(95600K) Class: 11631K(13524K)->11631K(13524K)
[19.799s][info][gc             ] GC(38) Pause Young (Allocation Failure) 435M->36M(4046M) 5.888ms
[19.799s][info][gc,cpu         ] GC(38) User=0.00s Sys=0.00s Real=0.00s
[19.828s][info][gc,start       ] GC(39) Pause Full (System.gc())
[19.830s][info][gc,phases,start] GC(39) Phase 1: Mark live objects
[19.870s][info][gc,phases      ] GC(39) Phase 1: Mark live objects 39.266ms
[19.870s][info][gc,phases,start] GC(39) Phase 2: Compute new object addresses
[19.886s][info][gc,phases      ] GC(39) Phase 2: Compute new object addresses 16.358ms
[19.886s][info][gc,phases,start] GC(39) Phase 3: Adjust pointers
[19.908s][info][gc,phases      ] GC(39) Phase 3: Adjust pointers 22.403ms
[19.909s][info][gc,phases,start] GC(39) Phase 4: Move objects
[19.916s][info][gc,phases      ] GC(39) Phase 4: Move objects 7.432ms
[19.919s][info][gc,heap        ] GC(39) ParNew: 76583K->0K(460096K)
[19.919s][info][gc,heap        ] GC(39) CMS: 34931K->35051K(3683136K)
[19.919s][info][gc,metaspace   ] GC(39) Metaspace: 105242K(109124K)->105242K(109124K) NonClass: 93610K(95600K)->93610K(95600K) Class: 11631K(13524K)->11631K(13524K)
[19.920s][info][gc             ] GC(39) Pause Full (System.gc()) 108M->34M(4046M) 91.503ms
[19.920s][info][gc,cpu         ] GC(39) User=0.09s Sys=0.00s Real=0.09s
[20.146s][info][gc,start       ] GC(40) Pause Young (Allocation Failure)
[20.146s][info][gc,task        ] GC(40) Using 6 workers of 6 for evacuation
[20.152s][info][gc,heap        ] GC(40) ParNew: 409024K->1671K(460096K)
[20.152s][info][gc,heap        ] GC(40) CMS: 35051K->35051K(3683136K)
[20.152s][info][gc,metaspace   ] GC(40) Metaspace: 105281K(109124K)->105281K(109124K) NonClass: 93649K(95600K)->93649K(95600K) Class: 11631K(13524K)->11631K(13524K)
[20.152s][info][gc             ] GC(40) Pause Young (Allocation Failure) 433M->35M(4046M) 6.101ms
[20.153s][info][gc,cpu         ] GC(40) User=0.02s Sys=0.00s Real=0.02s
[20.342s][info][gc,start       ] GC(41) Pause Young (Allocation Failure)
[20.342s][info][gc,task        ] GC(41) Using 6 workers of 6 for evacuation
[20.349s][info][gc,heap        ] GC(41) ParNew: 408394K->2202K(460096K)
[20.349s][info][gc,heap        ] GC(41) CMS: 35051K->35051K(3683136K)
[20.349s][info][gc,metaspace   ] GC(41) Metaspace: 105640K(109764K)->105640K(109764K) NonClass: 93940K(96112K)->93940K(96112K) Class: 11700K(13652K)->11700K(13652K)
[20.349s][info][gc             ] GC(41) Pause Young (Allocation Failure) 433M->36M(4046M) 6.590ms
[20.349s][info][gc,cpu         ] GC(41) User=0.00s Sys=0.00s Real=0.00s
[20.536s][info][gc,start       ] GC(42) Pause Young (Allocation Failure)
[20.536s][info][gc,task        ] GC(42) Using 6 workers of 6 for evacuation
[20.542s][info][gc,heap        ] GC(42) ParNew: 408126K->2180K(460096K)
[20.542s][info][gc,heap        ] GC(42) CMS: 35051K->35051K(3683136K)
[20.542s][info][gc,metaspace   ] GC(42) Metaspace: 105645K(109764K)->105645K(109764K) NonClass: 93944K(96112K)->93944K(96112K) Class: 11700K(13652K)->11700K(13652K)
[20.542s][info][gc             ] GC(42) Pause Young (Allocation Failure) 432M->36M(4046M) 5.868ms
[20.542s][info][gc,cpu         ] GC(42) User=0.00s Sys=0.02s Real=0.01s
[20.582s][info][gc,start       ] GC(43) Pause Full (System.gc())
[20.585s][info][gc,phases,start] GC(43) Phase 1: Mark live objects
[20.624s][info][gc,phases      ] GC(43) Phase 1: Mark live objects 39.244ms
[20.624s][info][gc,phases,start] GC(43) Phase 2: Compute new object addresses
[20.641s][info][gc,phases      ] GC(43) Phase 2: Compute new object addresses 16.896ms
[20.641s][info][gc,phases,start] GC(43) Phase 3: Adjust pointers
[20.664s][info][gc,phases      ] GC(43) Phase 3: Adjust pointers 22.721ms
[20.664s][info][gc,phases,start] GC(43) Phase 4: Move objects
[20.672s][info][gc,phases      ] GC(43) Phase 4: Move objects 7.670ms
[20.675s][info][gc,heap        ] GC(43) ParNew: 90984K->0K(460096K)
[20.675s][info][gc,heap        ] GC(43) CMS: 35051K->35166K(3683136K)
[20.675s][info][gc,metaspace   ] GC(43) Metaspace: 105646K(109764K)->105646K(109764K) NonClass: 93946K(96112K)->93946K(96112K) Class: 11700K(13652K)->11700K(13652K)
[20.676s][info][gc             ] GC(43) Pause Full (System.gc()) 123M->34M(4046M) 93.549ms
[20.676s][info][gc,cpu         ] GC(43) User=0.09s Sys=0.00s Real=0.10s
[20.898s][info][gc,start       ] GC(44) Pause Young (Allocation Failure)
[20.898s][info][gc,task        ] GC(44) Using 6 workers of 6 for evacuation
[20.904s][info][gc,heap        ] GC(44) ParNew: 409024K->2007K(460096K)
[20.904s][info][gc,heap        ] GC(44) CMS: 35166K->35166K(3683136K)
[20.904s][info][gc,metaspace   ] GC(44) Metaspace: 105661K(109764K)->105661K(109764K) NonClass: 93960K(96112K)->93960K(96112K) Class: 11700K(13652K)->11700K(13652K)
[20.904s][info][gc             ] GC(44) Pause Young (Allocation Failure) 433M->36M(4046M) 6.228ms
[20.904s][info][gc,cpu         ] GC(44) User=0.00s Sys=0.00s Real=0.02s
[21.094s][info][gc,start       ] GC(45) Pause Young (Allocation Failure)
[21.095s][info][gc,task        ] GC(45) Using 6 workers of 6 for evacuation
[21.101s][info][gc,heap        ] GC(45) ParNew: 411031K->2208K(460096K)
[21.101s][info][gc,heap        ] GC(45) CMS: 35166K->35166K(3683136K)
[21.101s][info][gc,metaspace   ] GC(45) Metaspace: 105707K(109764K)->105707K(109764K) NonClass: 94006K(96112K)->94006K(96112K) Class: 11700K(13652K)->11700K(13652K)
[21.101s][info][gc             ] GC(45) Pause Young (Allocation Failure) 435M->36M(4046M) 6.298ms
[21.101s][info][gc,cpu         ] GC(45) User=0.00s Sys=0.00s Real=0.00s
[21.294s][info][gc,start       ] GC(46) Pause Young (Allocation Failure)
[21.294s][info][gc,task        ] GC(46) Using 6 workers of 6 for evacuation
[21.301s][info][gc,heap        ] GC(46) ParNew: 411232K->2242K(460096K)
[21.301s][info][gc,heap        ] GC(46) CMS: 35166K->35166K(3683136K)
[21.301s][info][gc,metaspace   ] GC(46) Metaspace: 105782K(109764K)->105782K(109764K) NonClass: 94081K(96112K)->94081K(96112K) Class: 11700K(13652K)->11700K(13652K)
[21.301s][info][gc             ] GC(46) Pause Young (Allocation Failure) 435M->36M(4046M) 7.871ms
[21.301s][info][gc,cpu         ] GC(46) User=0.02s Sys=0.00s Real=0.02s
[21.332s][info][gc,start       ] GC(47) Pause Full (System.gc())
[21.334s][info][gc,phases,start] GC(47) Phase 1: Mark live objects
[21.373s][info][gc,phases      ] GC(47) Phase 1: Mark live objects 38.863ms
[21.373s][info][gc,phases,start] GC(47) Phase 2: Compute new object addresses
[21.389s][info][gc,phases      ] GC(47) Phase 2: Compute new object addresses 16.016ms
[21.389s][info][gc,phases,start] GC(47) Phase 3: Adjust pointers
[21.412s][info][gc,phases      ] GC(47) Phase 3: Adjust pointers 22.987ms
[21.412s][info][gc,phases,start] GC(47) Phase 4: Move objects
[21.419s][info][gc,phases      ] GC(47) Phase 4: Move objects 7.333ms
[21.423s][info][gc,heap        ] GC(47) ParNew: 73540K->0K(460096K)
[21.423s][info][gc,heap        ] GC(47) CMS: 35166K->35301K(3683136K)
[21.423s][info][gc,metaspace   ] GC(47) Metaspace: 105815K(109764K)->105815K(109764K) NonClass: 94114K(96112K)->94114K(96112K) Class: 11700K(13652K)->11700K(13652K)
[21.424s][info][gc             ] GC(47) Pause Full (System.gc()) 106M->34M(4046M) 91.684ms
[21.424s][info][gc,cpu         ] GC(47) User=0.08s Sys=0.00s Real=0.09s
[21.646s][info][gc,start       ] GC(48) Pause Young (Allocation Failure)
[21.646s][info][gc,task        ] GC(48) Using 6 workers of 6 for evacuation
[21.652s][info][gc,heap        ] GC(48) ParNew: 409024K->1804K(460096K)
[21.652s][info][gc,heap        ] GC(48) CMS: 35301K->35301K(3683136K)
[21.652s][info][gc,metaspace   ] GC(48) Metaspace: 105890K(110020K)->105890K(110020K) NonClass: 94189K(96368K)->94189K(96368K) Class: 11700K(13652K)->11700K(13652K)
[21.652s][info][gc             ] GC(48) Pause Young (Allocation Failure) 433M->36M(4046M) 5.681ms
[21.652s][info][gc,cpu         ] GC(48) User=0.00s Sys=0.00s Real=0.00s
[21.844s][info][gc,start       ] GC(49) Pause Young (Allocation Failure)
[21.844s][info][gc,task        ] GC(49) Using 6 workers of 6 for evacuation
[21.850s][info][gc,heap        ] GC(49) ParNew: 410828K->2210K(460096K)
[21.850s][info][gc,heap        ] GC(49) CMS: 35301K->35301K(3683136K)
[21.850s][info][gc,metaspace   ] GC(49) Metaspace: 105947K(110020K)->105947K(110020K) NonClass: 94245K(96368K)->94245K(96368K) Class: 11701K(13652K)->11701K(13652K)
[21.850s][info][gc             ] GC(49) Pause Young (Allocation Failure) 435M->36M(4046M) 6.384ms
[21.850s][info][gc,cpu         ] GC(49) User=0.02s Sys=0.00s Real=0.02s
[22.041s][info][gc,start       ] GC(50) Pause Young (Allocation Failure)
[22.041s][info][gc,task        ] GC(50) Using 6 workers of 6 for evacuation
[22.046s][info][gc,heap        ] GC(50) ParNew: 411234K->2498K(460096K)
[22.047s][info][gc,heap        ] GC(50) CMS: 35301K->35301K(3683136K)
[22.047s][info][gc,metaspace   ] GC(50) Metaspace: 105951K(110020K)->105951K(110020K) NonClass: 94249K(96368K)->94249K(96368K) Class: 11701K(13652K)->11701K(13652K)
[22.047s][info][gc             ] GC(50) Pause Young (Allocation Failure) 436M->36M(4046M) 5.980ms
[22.047s][info][gc,cpu         ] GC(50) User=0.00s Sys=0.00s Real=0.00s
[22.074s][info][gc,start       ] GC(51) Pause Full (System.gc())
[22.076s][info][gc,phases,start] GC(51) Phase 1: Mark live objects
[22.117s][info][gc,phases      ] GC(51) Phase 1: Mark live objects 40.991ms
[22.117s][info][gc,phases,start] GC(51) Phase 2: Compute new object addresses
[22.133s][info][gc,phases      ] GC(51) Phase 2: Compute new object addresses 15.938ms
[22.133s][info][gc,phases,start] GC(51) Phase 3: Adjust pointers
[22.157s][info][gc,phases      ] GC(51) Phase 3: Adjust pointers 23.192ms
[22.157s][info][gc,phases,start] GC(51) Phase 4: Move objects
[22.164s][info][gc,phases      ] GC(51) Phase 4: Move objects 7.418ms
[22.167s][info][gc,heap        ] GC(51) ParNew: 69296K->0K(460096K)
[22.167s][info][gc,heap        ] GC(51) CMS: 35301K->35418K(3683136K)
[22.167s][info][gc,metaspace   ] GC(51) Metaspace: 105957K(110020K)->105957K(110020K) NonClass: 94255K(96368K)->94255K(96368K) Class: 11701K(13652K)->11701K(13652K)
[22.168s][info][gc             ] GC(51) Pause Full (System.gc()) 102M->34M(4046M) 93.892ms
[22.168s][info][gc,cpu         ] GC(51) User=0.08s Sys=0.00s Real=0.09s
[22.386s][info][gc,start       ] GC(52) Pause Young (Allocation Failure)
[22.386s][info][gc,task        ] GC(52) Using 6 workers of 6 for evacuation
[22.392s][info][gc,heap        ] GC(52) ParNew: 409024K->1632K(460096K)
[22.392s][info][gc,heap        ] GC(52) CMS: 35418K->35418K(3683136K)
[22.392s][info][gc,metaspace   ] GC(52) Metaspace: 105970K(110020K)->105970K(110020K) NonClass: 94268K(96368K)->94268K(96368K) Class: 11701K(13652K)->11701K(13652K)
[22.392s][info][gc             ] GC(52) Pause Young (Allocation Failure) 434M->36M(4046M) 6.401ms
[22.392s][info][gc,cpu         ] GC(52) User=0.00s Sys=0.00s Real=0.00s
[22.582s][info][gc,start       ] GC(53) Pause Young (Allocation Failure)
[22.582s][info][gc,task        ] GC(53) Using 6 workers of 6 for evacuation
[22.589s][info][gc,heap        ] GC(53) ParNew: 410656K->1987K(460096K)
[22.589s][info][gc,heap        ] GC(53) CMS: 35418K->35418K(3683136K)
[22.589s][info][gc,metaspace   ] GC(53) Metaspace: 105975K(110020K)->105975K(110020K) NonClass: 94273K(96368K)->94273K(96368K) Class: 11701K(13652K)->11701K(13652K)
[22.589s][info][gc             ] GC(53) Pause Young (Allocation Failure) 435M->36M(4046M) 6.907ms
[22.589s][info][gc,cpu         ] GC(53) User=0.00s Sys=0.00s Real=0.02s
[22.779s][info][gc,start       ] GC(54) Pause Young (Allocation Failure)
[22.779s][info][gc,task        ] GC(54) Using 6 workers of 6 for evacuation
[22.785s][info][gc,heap        ] GC(54) ParNew: 411011K->1751K(460096K)
[22.785s][info][gc,heap        ] GC(54) CMS: 35418K->35418K(3683136K)
[22.785s][info][gc,metaspace   ] GC(54) Metaspace: 105990K(110020K)->105990K(110020K) NonClass: 94288K(96368K)->94288K(96368K) Class: 11701K(13652K)->11701K(13652K)
[22.785s][info][gc             ] GC(54) Pause Young (Allocation Failure) 435M->36M(4046M) 6.397ms
[22.785s][info][gc,cpu         ] GC(54) User=0.00s Sys=0.00s Real=0.00s
[22.813s][info][gc,start       ] GC(55) Pause Full (System.gc())
[22.815s][info][gc,phases,start] GC(55) Phase 1: Mark live objects
[22.855s][info][gc,phases      ] GC(55) Phase 1: Mark live objects 39.734ms
[22.855s][info][gc,phases,start] GC(55) Phase 2: Compute new object addresses
[22.871s][info][gc,phases      ] GC(55) Phase 2: Compute new object addresses 16.012ms
[22.871s][info][gc,phases,start] GC(55) Phase 3: Adjust pointers
[22.894s][info][gc,phases      ] GC(55) Phase 3: Adjust pointers 23.163ms
[22.894s][info][gc,phases,start] GC(55) Phase 4: Move objects
[22.897s][info][gc,phases      ] GC(55) Phase 4: Move objects 2.775ms
[22.900s][info][gc,heap        ] GC(55) ParNew: 68724K->0K(460096K)
[22.900s][info][gc,heap        ] GC(55) CMS: 35418K->35538K(3683136K)
[22.900s][info][gc,metaspace   ] GC(55) Metaspace: 106007K(110020K)->106007K(110020K) NonClass: 94306K(96368K)->94306K(96368K) Class: 11701K(13652K)->11701K(13652K)
[22.901s][info][gc             ] GC(55) Pause Full (System.gc()) 101M->34M(4046M) 87.943ms
[22.901s][info][gc,cpu         ] GC(55) User=0.09s Sys=0.00s Real=0.09s
[23.120s][info][gc,start       ] GC(56) Pause Young (Allocation Failure)
[23.121s][info][gc,task        ] GC(56) Using 6 workers of 6 for evacuation
[23.127s][info][gc,heap        ] GC(56) ParNew: 409024K->2013K(460096K)
[23.127s][info][gc,heap        ] GC(56) CMS: 35538K->35538K(3683136K)
[23.127s][info][gc,metaspace   ] GC(56) Metaspace: 106022K(110020K)->106022K(110020K) NonClass: 94320K(96368K)->94320K(96368K) Class: 11701K(13652K)->11701K(13652K)
[23.127s][info][gc             ] GC(56) Pause Young (Allocation Failure) 434M->36M(4046M) 6.796ms
[23.127s][info][gc,cpu         ] GC(56) User=0.00s Sys=0.00s Real=0.00s
[23.319s][info][gc,start       ] GC(57) Pause Young (Allocation Failure)
[23.320s][info][gc,task        ] GC(57) Using 6 workers of 6 for evacuation
[23.326s][info][gc,heap        ] GC(57) ParNew: 411037K->2198K(460096K)
[23.326s][info][gc,heap        ] GC(57) CMS: 35538K->35538K(3683136K)
[23.326s][info][gc,metaspace   ] GC(57) Metaspace: 106022K(110020K)->106022K(110020K) NonClass: 94320K(96368K)->94320K(96368K) Class: 11701K(13652K)->11701K(13652K)
[23.326s][info][gc             ] GC(57) Pause Young (Allocation Failure) 436M->36M(4046M) 6.299ms
[23.326s][info][gc,cpu         ] GC(57) User=0.02s Sys=0.00s Real=0.02s
[23.516s][info][gc,start       ] GC(58) Pause Young (Allocation Failure)
[23.516s][info][gc,task        ] GC(58) Using 6 workers of 6 for evacuation
[23.522s][info][gc,heap        ] GC(58) ParNew: 411222K->1861K(460096K)
[23.522s][info][gc,heap        ] GC(58) CMS: 35538K->35538K(3683136K)
[23.522s][info][gc,metaspace   ] GC(58) Metaspace: 106053K(110020K)->106053K(110020K) NonClass: 94352K(96368K)->94352K(96368K) Class: 11701K(13652K)->11701K(13652K)
[23.522s][info][gc             ] GC(58) Pause Young (Allocation Failure) 436M->36M(4046M) 5.984ms
[23.522s][info][gc,cpu         ] GC(58) User=0.00s Sys=0.00s Real=0.00s
[23.550s][info][gc,start       ] GC(59) Pause Full (System.gc())
[23.552s][info][gc,phases,start] GC(59) Phase 1: Mark live objects
[23.592s][info][gc,phases      ] GC(59) Phase 1: Mark live objects 39.846ms
[23.592s][info][gc,phases,start] GC(59) Phase 2: Compute new object addresses
[23.608s][info][gc,phases      ] GC(59) Phase 2: Compute new object addresses 16.180ms
[23.608s][info][gc,phases,start] GC(59) Phase 3: Adjust pointers
[23.631s][info][gc,phases      ] GC(59) Phase 3: Adjust pointers 23.321ms
[23.631s][info][gc,phases,start] GC(59) Phase 4: Move objects
[23.634s][info][gc,phases      ] GC(59) Phase 4: Move objects 2.778ms
[23.637s][info][gc,heap        ] GC(59) ParNew: 73310K->0K(460096K)
[23.637s][info][gc,heap        ] GC(59) CMS: 35538K->35647K(3683136K)
[23.637s][info][gc,metaspace   ] GC(59) Metaspace: 106054K(110020K)->106054K(110020K) NonClass: 94352K(96368K)->94352K(96368K) Class: 11701K(13652K)->11701K(13652K)
[23.638s][info][gc             ] GC(59) Pause Full (System.gc()) 106M->34M(4046M) 88.488ms
[23.638s][info][gc,cpu         ] GC(59) User=0.08s Sys=0.00s Real=0.09s
[23.857s][info][gc,start       ] GC(60) Pause Young (Allocation Failure)
[23.857s][info][gc,task        ] GC(60) Using 6 workers of 6 for evacuation
[23.863s][info][gc,heap        ] GC(60) ParNew: 409024K->2022K(460096K)
[23.863s][info][gc,heap        ] GC(60) CMS: 35647K->35647K(3683136K)
[23.863s][info][gc,metaspace   ] GC(60) Metaspace: 106122K(110276K)->106122K(110276K) NonClass: 94421K(96624K)->94421K(96624K) Class: 11701K(13652K)->11701K(13652K)
[23.863s][info][gc             ] GC(60) Pause Young (Allocation Failure) 434M->36M(4046M) 6.306ms
[23.863s][info][gc,cpu         ] GC(60) User=0.02s Sys=0.00s Real=0.02s
[24.054s][info][gc,start       ] GC(61) Pause Young (Allocation Failure)
[24.054s][info][gc,task        ] GC(61) Using 6 workers of 6 for evacuation
[24.060s][info][gc,heap        ] GC(61) ParNew: 411046K->1964K(460096K)
[24.060s][info][gc,heap        ] GC(61) CMS: 35647K->35647K(3683136K)
[24.060s][info][gc,metaspace   ] GC(61) Metaspace: 106294K(110532K)->106294K(110532K) NonClass: 94593K(96880K)->94593K(96880K) Class: 11701K(13652K)->11701K(13652K)
[24.061s][info][gc             ] GC(61) Pause Young (Allocation Failure) 436M->36M(4046M) 6.165ms
[24.061s][info][gc,cpu         ] GC(61) User=0.00s Sys=0.00s Real=0.00s
[24.250s][info][gc,start       ] GC(62) Pause Young (Allocation Failure)
[24.250s][info][gc,task        ] GC(62) Using 6 workers of 6 for evacuation
[24.256s][info][gc,heap        ] GC(62) ParNew: 410988K->2202K(460096K)
[24.256s][info][gc,heap        ] GC(62) CMS: 35647K->35647K(3683136K)
[24.256s][info][gc,metaspace   ] GC(62) Metaspace: 106324K(110532K)->106324K(110532K) NonClass: 94623K(96880K)->94623K(96880K) Class: 11701K(13652K)->11701K(13652K)
[24.256s][info][gc             ] GC(62) Pause Young (Allocation Failure) 436M->36M(4046M) 6.066ms
[24.256s][info][gc,cpu         ] GC(62) User=0.02s Sys=0.00s Real=0.02s
[24.283s][info][gc,start       ] GC(63) Pause Full (System.gc())
[24.285s][info][gc,phases,start] GC(63) Phase 1: Mark live objects
[24.326s][info][gc,phases      ] GC(63) Phase 1: Mark live objects 40.614ms
[24.326s][info][gc,phases,start] GC(63) Phase 2: Compute new object addresses
[24.342s][info][gc,phases      ] GC(63) Phase 2: Compute new object addresses 16.172ms
[24.342s][info][gc,phases,start] GC(63) Phase 3: Adjust pointers
[24.366s][info][gc,phases      ] GC(63) Phase 3: Adjust pointers 23.693ms
[24.366s][info][gc,phases,start] GC(63) Phase 4: Move objects
[24.369s][info][gc,phases      ] GC(63) Phase 4: Move objects 2.808ms
[24.372s][info][gc,heap        ] GC(63) ParNew: 71171K->0K(460096K)
[24.372s][info][gc,heap        ] GC(63) CMS: 35647K->35755K(3683136K)
[24.372s][info][gc,metaspace   ] GC(63) Metaspace: 106330K(110532K)->106330K(110532K) NonClass: 94628K(96880K)->94628K(96880K) Class: 11701K(13652K)->11701K(13652K)
[24.373s][info][gc             ] GC(63) Pause Full (System.gc()) 104M->34M(4046M) 89.313ms
[24.373s][info][gc,cpu         ] GC(63) User=0.08s Sys=0.00s Real=0.08s
[24.588s][info][gc,start       ] GC(64) Pause Young (Allocation Failure)
[24.588s][info][gc,task        ] GC(64) Using 6 workers of 6 for evacuation
[24.594s][info][gc,heap        ] GC(64) ParNew: 409024K->2269K(460096K)
[24.595s][info][gc,heap        ] GC(64) CMS: 35755K->35755K(3683136K)
[24.595s][info][gc,metaspace   ] GC(64) Metaspace: 106338K(110532K)->106338K(110532K) NonClass: 94637K(96880K)->94637K(96880K) Class: 11701K(13652K)->11701K(13652K)
[24.595s][info][gc             ] GC(64) Pause Young (Allocation Failure) 434M->37M(4046M) 6.436ms
[24.595s][info][gc,cpu         ] GC(64) User=0.00s Sys=0.00s Real=0.00s
[24.785s][info][gc,start       ] GC(65) Pause Young (Allocation Failure)
[24.785s][info][gc,task        ] GC(65) Using 6 workers of 6 for evacuation
[24.791s][info][gc,heap        ] GC(65) ParNew: 411293K->1804K(460096K)
[24.791s][info][gc,heap        ] GC(65) CMS: 35755K->35755K(3683136K)
[24.791s][info][gc,metaspace   ] GC(65) Metaspace: 106380K(110532K)->106380K(110532K) NonClass: 94678K(96880K)->94678K(96880K) Class: 11701K(13652K)->11701K(13652K)
[24.791s][info][gc             ] GC(65) Pause Young (Allocation Failure) 436M->36M(4046M) 6.190ms
[24.791s][info][gc,cpu         ] GC(65) User=0.00s Sys=0.00s Real=0.01s
[24.981s][info][gc,start       ] GC(66) Pause Young (Allocation Failure)
[24.981s][info][gc,task        ] GC(66) Using 6 workers of 6 for evacuation
[24.987s][info][gc,heap        ] GC(66) ParNew: 410828K->1861K(460096K)
[24.987s][info][gc,heap        ] GC(66) CMS: 35755K->35755K(3683136K)
[24.987s][info][gc,metaspace   ] GC(66) Metaspace: 106385K(110532K)->106385K(110532K) NonClass: 94683K(96880K)->94683K(96880K) Class: 11701K(13652K)->11701K(13652K)
[24.987s][info][gc             ] GC(66) Pause Young (Allocation Failure) 436M->36M(4046M) 6.560ms
[24.987s][info][gc,cpu         ] GC(66) User=0.00s Sys=0.00s Real=0.00s
[25.015s][info][gc,start       ] GC(67) Pause Full (System.gc())
[25.017s][info][gc,phases,start] GC(67) Phase 1: Mark live objects
[25.057s][info][gc,phases      ] GC(67) Phase 1: Mark live objects 40.188ms
[25.057s][info][gc,phases,start] GC(67) Phase 2: Compute new object addresses
[25.074s][info][gc,phases      ] GC(67) Phase 2: Compute new object addresses 16.321ms
[25.074s][info][gc,phases,start] GC(67) Phase 3: Adjust pointers
[25.098s][info][gc,phases      ] GC(67) Phase 3: Adjust pointers 23.722ms
[25.098s][info][gc,phases,start] GC(67) Phase 4: Move objects
[25.100s][info][gc,phases      ] GC(67) Phase 4: Move objects 2.900ms
[25.104s][info][gc,heap        ] GC(67) ParNew: 73203K->0K(460096K)
[25.104s][info][gc,heap        ] GC(67) CMS: 35755K->35862K(3683136K)
[25.104s][info][gc,metaspace   ] GC(67) Metaspace: 106385K(110532K)->106385K(110532K) NonClass: 94683K(96880K)->94683K(96880K) Class: 11701K(13652K)->11701K(13652K)
[25.105s][info][gc             ] GC(67) Pause Full (System.gc()) 106M->35M(4046M) 90.683ms
[25.105s][info][gc,cpu         ] GC(67) User=0.08s Sys=0.00s Real=0.09s
[25.322s][info][gc,start       ] GC(68) Pause Young (Allocation Failure)
[25.322s][info][gc,task        ] GC(68) Using 6 workers of 6 for evacuation
[25.328s][info][gc,heap        ] GC(68) ParNew: 409024K->2129K(460096K)
[25.328s][info][gc,heap        ] GC(68) CMS: 35862K->35862K(3683136K)
[25.328s][info][gc,metaspace   ] GC(68) Metaspace: 106386K(110532K)->106386K(110532K) NonClass: 94684K(96880K)->94684K(96880K) Class: 11701K(13652K)->11701K(13652K)
[25.328s][info][gc             ] GC(68) Pause Young (Allocation Failure) 434M->37M(4046M) 6.107ms
[25.328s][info][gc,cpu         ] GC(68) User=0.00s Sys=0.00s Real=0.00s
[25.516s][info][gc,start       ] GC(69) Pause Young (Allocation Failure)
[25.517s][info][gc,task        ] GC(69) Using 6 workers of 6 for evacuation
[25.523s][info][gc,heap        ] GC(69) ParNew: 411153K->2167K(460096K)
[25.523s][info][gc,heap        ] GC(69) CMS: 35862K->35862K(3683136K)
[25.523s][info][gc,metaspace   ] GC(69) Metaspace: 106387K(110532K)->106387K(110532K) NonClass: 94686K(96880K)->94686K(96880K) Class: 11701K(13652K)->11701K(13652K)
[25.523s][info][gc             ] GC(69) Pause Young (Allocation Failure) 436M->37M(4046M) 6.628ms
[25.523s][info][gc,cpu         ] GC(69) User=0.00s Sys=0.00s Real=0.00s
[25.713s][info][gc,start       ] GC(70) Pause Young (Allocation Failure)
[25.714s][info][gc,task        ] GC(70) Using 6 workers of 6 for evacuation
[25.720s][info][gc,heap        ] GC(70) ParNew: 411191K->2277K(460096K)
[25.720s][info][gc,heap        ] GC(70) CMS: 35862K->35862K(3683136K)
[25.720s][info][gc,metaspace   ] GC(70) Metaspace: 106388K(110532K)->106388K(110532K) NonClass: 94687K(96880K)->94687K(96880K) Class: 11701K(13652K)->11701K(13652K)
[25.720s][info][gc             ] GC(70) Pause Young (Allocation Failure) 436M->37M(4046M) 6.261ms
[25.720s][info][gc,cpu         ] GC(70) User=0.00s Sys=0.00s Real=0.00s
[25.747s][info][gc,start       ] GC(71) Pause Full (System.gc())
[25.750s][info][gc,phases,start] GC(71) Phase 1: Mark live objects
[25.791s][info][gc,phases      ] GC(71) Phase 1: Mark live objects 40.453ms
[25.791s][info][gc,phases,start] GC(71) Phase 2: Compute new object addresses
[25.807s][info][gc,phases      ] GC(71) Phase 2: Compute new object addresses 16.184ms
[25.807s][info][gc,phases,start] GC(71) Phase 3: Adjust pointers
[25.831s][info][gc,phases      ] GC(71) Phase 3: Adjust pointers 23.987ms
[25.831s][info][gc,phases,start] GC(71) Phase 4: Move objects
[25.838s][info][gc,phases      ] GC(71) Phase 4: Move objects 7.304ms
[25.842s][info][gc,heap        ] GC(71) ParNew: 71272K->0K(460096K)
[25.842s][info][gc,heap        ] GC(71) CMS: 35862K->35970K(3683136K)
[25.842s][info][gc,metaspace   ] GC(71) Metaspace: 106388K(110532K)->106388K(110532K) NonClass: 94687K(96880K)->94687K(96880K) Class: 11701K(13652K)->11701K(13652K)
[25.843s][info][gc             ] GC(71) Pause Full (System.gc()) 104M->35M(4046M) 95.671ms
[25.843s][info][gc,cpu         ] GC(71) User=0.08s Sys=0.00s Real=0.10s
[26.059s][info][gc,start       ] GC(72) Pause Young (Allocation Failure)
[26.059s][info][gc,task        ] GC(72) Using 6 workers of 6 for evacuation
[26.065s][info][gc,heap        ] GC(72) ParNew: 409024K->1687K(460096K)
[26.065s][info][gc,heap        ] GC(72) CMS: 35970K->35970K(3683136K)
[26.065s][info][gc,metaspace   ] GC(72) Metaspace: 106412K(110532K)->106412K(110532K) NonClass: 94710K(96880K)->94710K(96880K) Class: 11701K(13652K)->11701K(13652K)
[26.065s][info][gc             ] GC(72) Pause Young (Allocation Failure) 434M->36M(4046M) 6.288ms
[26.065s][info][gc,cpu         ] GC(72) User=0.00s Sys=0.00s Real=0.00s
[26.256s][info][gc,start       ] GC(73) Pause Young (Allocation Failure)
[26.256s][info][gc,task        ] GC(73) Using 6 workers of 6 for evacuation
[26.263s][info][gc,heap        ] GC(73) ParNew: 410711K->1844K(460096K)
[26.263s][info][gc,heap        ] GC(73) CMS: 35970K->35970K(3683136K)
[26.263s][info][gc,metaspace   ] GC(73) Metaspace: 106412K(110532K)->106412K(110532K) NonClass: 94710K(96880K)->94710K(96880K) Class: 11701K(13652K)->11701K(13652K)
[26.263s][info][gc             ] GC(73) Pause Young (Allocation Failure) 436M->36M(4046M) 6.703ms
[26.263s][info][gc,cpu         ] GC(73) User=0.00s Sys=0.00s Real=0.01s
[26.450s][info][gc,start       ] GC(74) Pause Young (Allocation Failure)
[26.450s][info][gc,task        ] GC(74) Using 6 workers of 6 for evacuation
[26.458s][info][gc,heap        ] GC(74) ParNew: 410868K->2084K(460096K)
[26.458s][info][gc,heap        ] GC(74) CMS: 35970K->35970K(3683136K)
[26.458s][info][gc,metaspace   ] GC(74) Metaspace: 106412K(110532K)->106412K(110532K) NonClass: 94711K(96880K)->94711K(96880K) Class: 11701K(13652K)->11701K(13652K)
[26.458s][info][gc             ] GC(74) Pause Young (Allocation Failure) 436M->37M(4046M) 8.272ms
[26.458s][info][gc,cpu         ] GC(74) User=0.02s Sys=0.00s Real=0.02s
[26.486s][info][gc,start       ] GC(75) Pause Full (System.gc())
[26.488s][info][gc,phases,start] GC(75) Phase 1: Mark live objects
[26.528s][info][gc,phases      ] GC(75) Phase 1: Mark live objects 40.385ms
[26.528s][info][gc,phases,start] GC(75) Phase 2: Compute new object addresses
[26.544s][info][gc,phases      ] GC(75) Phase 2: Compute new object addresses 16.208ms
[26.544s][info][gc,phases,start] GC(75) Phase 3: Adjust pointers
[26.568s][info][gc,phases      ] GC(75) Phase 3: Adjust pointers 23.805ms
[26.568s][info][gc,phases,start] GC(75) Phase 4: Move objects
[26.571s][info][gc,phases      ] GC(75) Phase 4: Move objects 2.459ms
[26.574s][info][gc,heap        ] GC(75) ParNew: 73467K->0K(460096K)
[26.574s][info][gc,heap        ] GC(75) CMS: 35970K->36078K(3683136K)
[26.574s][info][gc,metaspace   ] GC(75) Metaspace: 106419K(110532K)->106419K(110532K) NonClass: 94718K(96880K)->94718K(96880K) Class: 11701K(13652K)->11701K(13652K)
[26.575s][info][gc             ] GC(75) Pause Full (System.gc()) 106M->35M(4046M) 88.938ms
[26.575s][info][gc,cpu         ] GC(75) User=0.08s Sys=0.00s Real=0.08s
[26.789s][info][gc,start       ] GC(76) Pause Young (Allocation Failure)
[26.789s][info][gc,task        ] GC(76) Using 6 workers of 6 for evacuation
[26.797s][info][gc,heap        ] GC(76) ParNew: 409024K->2245K(460096K)
[26.797s][info][gc,heap        ] GC(76) CMS: 36078K->36078K(3683136K)
[26.797s][info][gc,metaspace   ] GC(76) Metaspace: 106445K(110532K)->106445K(110532K) NonClass: 94744K(96880K)->94744K(96880K) Class: 11701K(13652K)->11701K(13652K)
[26.797s][info][gc             ] GC(76) Pause Young (Allocation Failure) 434M->37M(4046M) 8.266ms
[26.797s][info][gc,cpu         ] GC(76) User=0.02s Sys=0.00s Real=0.01s
[26.983s][info][gc,start       ] GC(77) Pause Young (Allocation Failure)
[26.983s][info][gc,task        ] GC(77) Using 6 workers of 6 for evacuation
[26.990s][info][gc,heap        ] GC(77) ParNew: 411269K->1912K(460096K)
[26.990s][info][gc,heap        ] GC(77) CMS: 36078K->36078K(3683136K)
[26.990s][info][gc,metaspace   ] GC(77) Metaspace: 106445K(110532K)->106445K(110532K) NonClass: 94744K(96880K)->94744K(96880K) Class: 11701K(13652K)->11701K(13652K)
[26.990s][info][gc             ] GC(77) Pause Young (Allocation Failure) 436M->37M(4046M) 7.160ms
[26.991s][info][gc,cpu         ] GC(77) User=0.00s Sys=0.00s Real=0.00s
[27.177s][info][gc,start       ] GC(78) Pause Young (Allocation Failure)
[27.177s][info][gc,task        ] GC(78) Using 6 workers of 6 for evacuation
[27.183s][info][gc,heap        ] GC(78) ParNew: 410936K->2113K(460096K)
[27.183s][info][gc,heap        ] GC(78) CMS: 36078K->36078K(3683136K)
[27.183s][info][gc,metaspace   ] GC(78) Metaspace: 106445K(110532K)->106445K(110532K) NonClass: 94744K(96880K)->94744K(96880K) Class: 11701K(13652K)->11701K(13652K)
[27.183s][info][gc             ] GC(78) Pause Young (Allocation Failure) 436M->37M(4046M) 6.272ms
[27.183s][info][gc,cpu         ] GC(78) User=0.02s Sys=0.00s Real=0.01s
[27.210s][info][gc,start       ] GC(79) Pause Full (System.gc())
[27.213s][info][gc,phases,start] GC(79) Phase 1: Mark live objects
[27.252s][info][gc,phases      ] GC(79) Phase 1: Mark live objects 39.760ms
[27.252s][info][gc,phases,start] GC(79) Phase 2: Compute new object addresses
[27.269s][info][gc,phases      ] GC(79) Phase 2: Compute new object addresses 16.094ms
[27.269s][info][gc,phases,start] GC(79) Phase 3: Adjust pointers
[27.293s][info][gc,phases      ] GC(79) Phase 3: Adjust pointers 23.986ms
[27.293s][info][gc,phases,start] GC(79) Phase 4: Move objects
[27.296s][info][gc,phases      ] GC(79) Phase 4: Move objects 2.892ms
[27.299s][info][gc,heap        ] GC(79) ParNew: 68975K->0K(460096K)
[27.299s][info][gc,heap        ] GC(79) CMS: 36078K->36185K(3683136K)
[27.299s][info][gc,metaspace   ] GC(79) Metaspace: 106445K(110532K)->106445K(110532K) NonClass: 94744K(96880K)->94744K(96880K) Class: 11701K(13652K)->11701K(13652K)
[27.300s][info][gc             ] GC(79) Pause Full (System.gc()) 102M->35M(4046M) 89.415ms
[27.300s][info][gc,cpu         ] GC(79) User=0.08s Sys=0.00s Real=0.09s
[27.513s][info][gc,start       ] GC(80) Pause Young (Allocation Failure)
[27.513s][info][gc,task        ] GC(80) Using 6 workers of 6 for evacuation
[27.520s][info][gc,heap        ] GC(80) ParNew: 409024K->1995K(460096K)
[27.520s][info][gc,heap        ] GC(80) CMS: 36185K->36185K(3683136K)
[27.520s][info][gc,metaspace   ] GC(80) Metaspace: 106456K(110532K)->106456K(110532K) NonClass: 94754K(96880K)->94754K(96880K) Class: 11702K(13652K)->11702K(13652K)
[27.520s][info][gc             ] GC(80) Pause Young (Allocation Failure) 434M->37M(4046M) 6.433ms
[27.520s][info][gc,cpu         ] GC(80) User=0.02s Sys=0.00s Real=0.02s
[27.706s][info][gc,start       ] GC(81) Pause Young (Allocation Failure)
[27.706s][info][gc,task        ] GC(81) Using 6 workers of 6 for evacuation
[27.714s][info][gc,heap        ] GC(81) ParNew: 411019K->2157K(460096K)
[27.714s][info][gc,heap        ] GC(81) CMS: 36185K->36185K(3683136K)
[27.714s][info][gc,metaspace   ] GC(81) Metaspace: 106456K(110532K)->106456K(110532K) NonClass: 94754K(96880K)->94754K(96880K) Class: 11702K(13652K)->11702K(13652K)
[27.714s][info][gc             ] GC(81) Pause Young (Allocation Failure) 436M->37M(4046M) 7.836ms
[27.714s][info][gc,cpu         ] GC(81) User=0.00s Sys=0.00s Real=0.02s
[27.899s][info][gc,start       ] GC(82) Pause Young (Allocation Failure)
[27.899s][info][gc,task        ] GC(82) Using 6 workers of 6 for evacuation
[27.906s][info][gc,heap        ] GC(82) ParNew: 411181K->2148K(460096K)
[27.906s][info][gc,heap        ] GC(82) CMS: 36185K->36185K(3683136K)
[27.906s][info][gc,metaspace   ] GC(82) Metaspace: 106457K(110532K)->106457K(110532K) NonClass: 94754K(96880K)->94754K(96880K) Class: 11702K(13652K)->11702K(13652K)
[27.906s][info][gc             ] GC(82) Pause Young (Allocation Failure) 436M->37M(4046M) 6.534ms
[27.906s][info][gc,cpu         ] GC(82) User=0.00s Sys=0.00s Real=0.00s
[27.933s][info][gc,start       ] GC(83) Pause Full (System.gc())
[27.934s][info][gc,phases,start] GC(83) Phase 1: Mark live objects
[27.976s][info][gc,phases      ] GC(83) Phase 1: Mark live objects 41.239ms
[27.976s][info][gc,phases,start] GC(83) Phase 2: Compute new object addresses
[27.992s][info][gc,phases      ] GC(83) Phase 2: Compute new object addresses 16.205ms
[27.992s][info][gc,phases,start] GC(83) Phase 3: Adjust pointers
[28.016s][info][gc,phases      ] GC(83) Phase 3: Adjust pointers 24.037ms
[28.016s][info][gc,phases,start] GC(83) Phase 4: Move objects
[28.024s][info][gc,phases      ] GC(83) Phase 4: Move objects 7.628ms
[28.027s][info][gc,heap        ] GC(83) ParNew: 68952K->0K(460096K)
[28.027s][info][gc,heap        ] GC(83) CMS: 36185K->36294K(3683136K)
[28.027s][info][gc,metaspace   ] GC(83) Metaspace: 106457K(110532K)->106457K(110532K) NonClass: 94754K(96880K)->94754K(96880K) Class: 11702K(13652K)->11702K(13652K)
[28.028s][info][gc             ] GC(83) Pause Full (System.gc()) 102M->35M(4046M) 95.087ms
[28.028s][info][gc,cpu         ] GC(83) User=0.09s Sys=0.00s Real=0.09s
[28.243s][info][gc,start       ] GC(84) Pause Young (Allocation Failure)
[28.243s][info][gc,task        ] GC(84) Using 6 workers of 6 for evacuation
[28.249s][info][gc,heap        ] GC(84) ParNew: 409024K->2018K(460096K)
[28.249s][info][gc,heap        ] GC(84) CMS: 36294K->36294K(3683136K)
[28.249s][info][gc,metaspace   ] GC(84) Metaspace: 106458K(110532K)->106458K(110532K) NonClass: 94755K(96880K)->94755K(96880K) Class: 11702K(13652K)->11702K(13652K)
[28.249s][info][gc             ] GC(84) Pause Young (Allocation Failure) 434M->37M(4046M) 6.499ms
[28.249s][info][gc,cpu         ] GC(84) User=0.00s Sys=0.00s Real=0.00s
[28.435s][info][gc,start       ] GC(85) Pause Young (Allocation Failure)
[28.435s][info][gc,task        ] GC(85) Using 6 workers of 6 for evacuation
[28.442s][info][gc,heap        ] GC(85) ParNew: 411042K->1975K(460096K)
[28.442s][info][gc,heap        ] GC(85) CMS: 36294K->36294K(3683136K)
[28.442s][info][gc,metaspace   ] GC(85) Metaspace: 106458K(110532K)->106458K(110532K) NonClass: 94755K(96880K)->94755K(96880K) Class: 11702K(13652K)->11702K(13652K)
[28.442s][info][gc             ] GC(85) Pause Young (Allocation Failure) 436M->37M(4046M) 7.183ms
[28.442s][info][gc,cpu         ] GC(85) User=0.00s Sys=0.00s Real=0.00s
[28.630s][info][gc,start       ] GC(86) Pause Young (Allocation Failure)
[28.630s][info][gc,task        ] GC(86) Using 6 workers of 6 for evacuation
[28.636s][info][gc,heap        ] GC(86) ParNew: 410999K->2154K(460096K)
[28.636s][info][gc,heap        ] GC(86) CMS: 36294K->36294K(3683136K)
[28.636s][info][gc,metaspace   ] GC(86) Metaspace: 106459K(110532K)->106459K(110532K) NonClass: 94757K(96880K)->94757K(96880K) Class: 11702K(13652K)->11702K(13652K)
[28.636s][info][gc             ] GC(86) Pause Young (Allocation Failure) 436M->37M(4046M) 6.237ms
[28.636s][info][gc,cpu         ] GC(86) User=0.02s Sys=0.00s Real=0.02s
[28.663s][info][gc,start       ] GC(87) Pause Full (System.gc())
[28.665s][info][gc,phases,start] GC(87) Phase 1: Mark live objects
[28.707s][info][gc,phases      ] GC(87) Phase 1: Mark live objects 41.968ms
[28.707s][info][gc,phases,start] GC(87) Phase 2: Compute new object addresses
[28.723s][info][gc,phases      ] GC(87) Phase 2: Compute new object addresses 16.329ms
[28.723s][info][gc,phases,start] GC(87) Phase 3: Adjust pointers
[28.747s][info][gc,phases      ] GC(87) Phase 3: Adjust pointers 24.165ms
[28.747s][info][gc,phases,start] GC(87) Phase 4: Move objects
[28.750s][info][gc,phases      ] GC(87) Phase 4: Move objects 2.607ms
[28.753s][info][gc,heap        ] GC(87) ParNew: 68976K->0K(460096K)
[28.753s][info][gc,heap        ] GC(87) CMS: 36294K->36552K(3683136K)
[28.753s][info][gc,metaspace   ] GC(87) Metaspace: 106459K(110532K)->106459K(110532K) NonClass: 94757K(96880K)->94757K(96880K) Class: 11702K(13652K)->11702K(13652K)
[28.754s][info][gc             ] GC(87) Pause Full (System.gc()) 102M->35M(4046M) 91.030ms
[28.754s][info][gc,cpu         ] GC(87) User=0.11s Sys=0.00s Real=0.09s
[28.967s][info][gc,start       ] GC(88) Pause Young (Allocation Failure)
[28.967s][info][gc,task        ] GC(88) Using 6 workers of 6 for evacuation
[28.973s][info][gc,heap        ] GC(88) ParNew: 409024K->1967K(460096K)
[28.973s][info][gc,heap        ] GC(88) CMS: 36552K->36552K(3683136K)
[28.973s][info][gc,metaspace   ] GC(88) Metaspace: 106516K(110788K)->106516K(110788K) NonClass: 94814K(97136K)->94814K(97136K) Class: 11702K(13652K)->11702K(13652K)
[28.973s][info][gc             ] GC(88) Pause Young (Allocation Failure) 435M->37M(4046M) 6.634ms
[28.973s][info][gc,cpu         ] GC(88) User=0.00s Sys=0.00s Real=0.00s
[29.161s][info][gc,start       ] GC(89) Pause Young (Allocation Failure)
[29.161s][info][gc,task        ] GC(89) Using 6 workers of 6 for evacuation
[29.170s][info][gc,heap        ] GC(89) ParNew: 410991K->2043K(460096K)
[29.170s][info][gc,heap        ] GC(89) CMS: 36552K->36552K(3683136K)
[29.170s][info][gc,metaspace   ] GC(89) Metaspace: 106545K(110788K)->106545K(110788K) NonClass: 94843K(97136K)->94843K(97136K) Class: 11702K(13652K)->11702K(13652K)
[29.170s][info][gc             ] GC(89) Pause Young (Allocation Failure) 437M->37M(4046M) 8.504ms
[29.170s][info][gc,cpu         ] GC(89) User=0.02s Sys=0.00s Real=0.02s
[29.357s][info][gc,start       ] GC(90) Pause Young (Allocation Failure)
[29.357s][info][gc,task        ] GC(90) Using 6 workers of 6 for evacuation
[29.363s][info][gc,heap        ] GC(90) ParNew: 411067K->2060K(460096K)
[29.363s][info][gc,heap        ] GC(90) CMS: 36552K->36552K(3683136K)
[29.363s][info][gc,metaspace   ] GC(90) Metaspace: 106547K(110788K)->106547K(110788K) NonClass: 94844K(97136K)->94844K(97136K) Class: 11702K(13652K)->11702K(13652K)
[29.363s][info][gc             ] GC(90) Pause Young (Allocation Failure) 437M->37M(4046M) 6.306ms
[29.363s][info][gc,cpu         ] GC(90) User=0.00s Sys=0.00s Real=0.00s
[29.390s][info][gc,start       ] GC(91) Pause Full (System.gc())
[29.392s][info][gc,phases,start] GC(91) Phase 1: Mark live objects
[29.432s][info][gc,phases      ] GC(91) Phase 1: Mark live objects 40.232ms
[29.432s][info][gc,phases,start] GC(91) Phase 2: Compute new object addresses
[29.448s][info][gc,phases      ] GC(91) Phase 2: Compute new object addresses 16.201ms
[29.448s][info][gc,phases,start] GC(91) Phase 3: Adjust pointers
[29.472s][info][gc,phases      ] GC(91) Phase 3: Adjust pointers 24.300ms
[29.472s][info][gc,phases,start] GC(91) Phase 4: Move objects
[29.480s][info][gc,phases      ] GC(91) Phase 4: Move objects 7.774ms
[29.484s][info][gc,heap        ] GC(91) ParNew: 71216K->0K(460096K)
[29.484s][info][gc,heap        ] GC(91) CMS: 36552K->36677K(3683136K)
[29.484s][info][gc,metaspace   ] GC(91) Metaspace: 106549K(110788K)->106549K(110788K) NonClass: 94847K(97136K)->94847K(97136K) Class: 11702K(13652K)->11702K(13652K)
[29.484s][info][gc             ] GC(91) Pause Full (System.gc()) 105M->35M(4046M) 94.685ms
[29.485s][info][gc,cpu         ] GC(91) User=0.09s Sys=0.00s Real=0.09s
[29.698s][info][gc,start       ] GC(92) Pause Young (Allocation Failure)
[29.699s][info][gc,task        ] GC(92) Using 6 workers of 6 for evacuation
[29.705s][info][gc,heap        ] GC(92) ParNew: 409024K->1607K(460096K)
[29.705s][info][gc,heap        ] GC(92) CMS: 36677K->36677K(3683136K)
[29.705s][info][gc,metaspace   ] GC(92) Metaspace: 106552K(110788K)->106552K(110788K) NonClass: 94850K(97136K)->94850K(97136K) Class: 11702K(13652K)->11702K(13652K)
[29.705s][info][gc             ] GC(92) Pause Young (Allocation Failure) 435M->37M(4046M) 6.802ms
[29.705s][info][gc,cpu         ] GC(92) User=0.02s Sys=0.00s Real=0.02s
[29.892s][info][gc,start       ] GC(93) Pause Young (Allocation Failure)
[29.892s][info][gc,task        ] GC(93) Using 6 workers of 6 for evacuation
[29.898s][info][gc,heap        ] GC(93) ParNew: 410631K->1980K(460096K)
[29.898s][info][gc,heap        ] GC(93) CMS: 36677K->36677K(3683136K)
[29.898s][info][gc,metaspace   ] GC(93) Metaspace: 106559K(110788K)->106559K(110788K) NonClass: 94857K(97136K)->94857K(97136K) Class: 11702K(13652K)->11702K(13652K)
[29.898s][info][gc             ] GC(93) Pause Young (Allocation Failure) 436M->37M(4046M) 6.424ms
[29.898s][info][gc,cpu         ] GC(93) User=0.00s Sys=0.00s Real=0.00s
[30.084s][info][gc,start       ] GC(94) Pause Young (Allocation Failure)
[30.084s][info][gc,task        ] GC(94) Using 6 workers of 6 for evacuation
[30.091s][info][gc,heap        ] GC(94) ParNew: 411004K->2014K(460096K)
[30.091s][info][gc,heap        ] GC(94) CMS: 36677K->36677K(3683136K)
[30.091s][info][gc,metaspace   ] GC(94) Metaspace: 106559K(110788K)->106559K(110788K) NonClass: 94857K(97136K)->94857K(97136K) Class: 11702K(13652K)->11702K(13652K)
[30.091s][info][gc             ] GC(94) Pause Young (Allocation Failure) 437M->37M(4046M) 7.338ms
[30.091s][info][gc,cpu         ] GC(94) User=0.02s Sys=0.00s Real=0.01s
[30.118s][info][gc,start       ] GC(95) Pause Full (System.gc())
[30.120s][info][gc,phases,start] GC(95) Phase 1: Mark live objects
[30.160s][info][gc,phases      ] GC(95) Phase 1: Mark live objects 40.650ms
[30.160s][info][gc,phases,start] GC(95) Phase 2: Compute new object addresses
[30.177s][info][gc,phases      ] GC(95) Phase 2: Compute new object addresses 16.407ms
[30.177s][info][gc,phases,start] GC(95) Phase 3: Adjust pointers
[30.201s][info][gc,phases      ] GC(95) Phase 3: Adjust pointers 24.573ms
[30.201s][info][gc,phases,start] GC(95) Phase 4: Move objects
[30.204s][info][gc,phases      ] GC(95) Phase 4: Move objects 3.003ms
[30.208s][info][gc,heap        ] GC(95) ParNew: 68932K->0K(460096K)
[30.208s][info][gc,heap        ] GC(95) CMS: 36677K->36786K(3683136K)
[30.208s][info][gc,metaspace   ] GC(95) Metaspace: 106559K(110788K)->106559K(110788K) NonClass: 94857K(97136K)->94857K(97136K) Class: 11702K(13652K)->11702K(13652K)
[30.209s][info][gc             ] GC(95) Pause Full (System.gc()) 103M->35M(4046M) 90.506ms
[30.209s][info][gc,cpu         ] GC(95) User=0.09s Sys=0.00s Real=0.09s
[30.417s][info][gc,start       ] GC(96) Pause Young (Allocation Failure)
[30.418s][info][gc,task        ] GC(96) Using 6 workers of 6 for evacuation
[30.424s][info][gc,heap        ] GC(96) ParNew: 409024K->2083K(460096K)
[30.424s][info][gc,heap        ] GC(96) CMS: 36786K->36786K(3683136K)
[30.424s][info][gc,metaspace   ] GC(96) Metaspace: 106577K(110788K)->106577K(110788K) NonClass: 94875K(97136K)->94875K(97136K) Class: 11702K(13652K)->11702K(13652K)
[30.424s][info][gc             ] GC(96) Pause Young (Allocation Failure) 435M->37M(4046M) 6.650ms
[30.424s][info][gc,cpu         ] GC(96) User=0.00s Sys=0.00s Real=0.00s
[30.610s][info][gc,start       ] GC(97) Pause Young (Allocation Failure)
[30.610s][info][gc,task        ] GC(97) Using 6 workers of 6 for evacuation
[30.616s][info][gc,heap        ] GC(97) ParNew: 411107K->2384K(460096K)
[30.616s][info][gc,heap        ] GC(97) CMS: 36786K->36786K(3683136K)
[30.616s][info][gc,metaspace   ] GC(97) Metaspace: 106577K(110788K)->106577K(110788K) NonClass: 94875K(97136K)->94875K(97136K) Class: 11702K(13652K)->11702K(13652K)
[30.616s][info][gc             ] GC(97) Pause Young (Allocation Failure) 437M->38M(4046M) 6.113ms
[30.616s][info][gc,cpu         ] GC(97) User=0.02s Sys=0.00s Real=0.02s
[30.803s][info][gc,start       ] GC(98) Pause Young (Allocation Failure)
[30.803s][info][gc,task        ] GC(98) Using 6 workers of 6 for evacuation
[30.809s][info][gc,heap        ] GC(98) ParNew: 411408K->1812K(460096K)
[30.809s][info][gc,heap        ] GC(98) CMS: 36786K->36786K(3683136K)
[30.809s][info][gc,metaspace   ] GC(98) Metaspace: 106577K(110788K)->106577K(110788K) NonClass: 94875K(97136K)->94875K(97136K) Class: 11702K(13652K)->11702K(13652K)
[30.809s][info][gc             ] GC(98) Pause Young (Allocation Failure) 437M->37M(4046M) 6.578ms
[30.809s][info][gc,cpu         ] GC(98) User=0.00s Sys=0.00s Real=0.00s
[30.839s][info][gc,start       ] GC(99) Pause Full (System.gc())
[30.842s][info][gc,phases,start] GC(99) Phase 1: Mark live objects
[30.882s][info][gc,phases      ] GC(99) Phase 1: Mark live objects 40.451ms
[30.882s][info][gc,phases,start] GC(99) Phase 2: Compute new object addresses
[30.899s][info][gc,phases      ] GC(99) Phase 2: Compute new object addresses 17.080ms
[30.899s][info][gc,phases,start] GC(99) Phase 3: Adjust pointers
[30.924s][info][gc,phases      ] GC(99) Phase 3: Adjust pointers 24.395ms
[30.924s][info][gc,phases,start] GC(99) Phase 4: Move objects
[30.932s][info][gc,phases      ] GC(99) Phase 4: Move objects 8.012ms
[30.935s][info][gc,heap        ] GC(99) ParNew: 75405K->0K(460096K)
[30.935s][info][gc,heap        ] GC(99) CMS: 36786K->36822K(3683136K)
[30.935s][info][gc,metaspace   ] GC(99) Metaspace: 106577K(110788K)->106577K(110788K) NonClass: 94875K(97136K)->94875K(97136K) Class: 11702K(13652K)->11702K(13652K)
[30.936s][info][gc             ] GC(99) Pause Full (System.gc()) 109M->35M(4046M) 97.200ms
[30.936s][info][gc,cpu         ] GC(99) User=0.09s Sys=0.00s Real=0.09s
[31.145s][info][gc,start       ] GC(100) Pause Young (Allocation Failure)
[31.146s][info][gc,task        ] GC(100) Using 6 workers of 6 for evacuation
[31.153s][info][gc,heap        ] GC(100) ParNew: 409024K->2256K(460096K)
[31.153s][info][gc,heap        ] GC(100) CMS: 36822K->36822K(3683136K)
[31.153s][info][gc,metaspace   ] GC(100) Metaspace: 106577K(110788K)->106577K(110788K) NonClass: 94875K(97136K)->94875K(97136K) Class: 11702K(13652K)->11702K(13652K)
[31.153s][info][gc             ] GC(100) Pause Young (Allocation Failure) 435M->38M(4046M) 7.505ms
[31.153s][info][gc,cpu         ] GC(100) User=0.00s Sys=0.00s Real=0.02s
[31.338s][info][gc,start       ] GC(101) Pause Young (Allocation Failure)
[31.338s][info][gc,task        ] GC(101) Using 6 workers of 6 for evacuation
[31.344s][info][gc,heap        ] GC(101) ParNew: 411280K->1799K(460096K)
[31.344s][info][gc,heap        ] GC(101) CMS: 36822K->36822K(3683136K)
[31.344s][info][gc,metaspace   ] GC(101) Metaspace: 106577K(110788K)->106577K(110788K) NonClass: 94875K(97136K)->94875K(97136K) Class: 11702K(13652K)->11702K(13652K)
[31.344s][info][gc             ] GC(101) Pause Young (Allocation Failure) 437M->37M(4046M) 6.143ms
[31.344s][info][gc,cpu         ] GC(101) User=0.00s Sys=0.00s Real=0.00s
[31.529s][info][gc,start       ] GC(102) Pause Young (Allocation Failure)
[31.529s][info][gc,task        ] GC(102) Using 6 workers of 6 for evacuation
[31.537s][info][gc,heap        ] GC(102) ParNew: 410823K->2161K(460096K)
[31.537s][info][gc,heap        ] GC(102) CMS: 36822K->36822K(3683136K)
[31.537s][info][gc,metaspace   ] GC(102) Metaspace: 106578K(110788K)->106578K(110788K) NonClass: 94876K(97136K)->94876K(97136K) Class: 11702K(13652K)->11702K(13652K)
[31.537s][info][gc             ] GC(102) Pause Young (Allocation Failure) 437M->38M(4046M) 7.963ms
[31.537s][info][gc,cpu         ] GC(102) User=0.02s Sys=0.00s Real=0.00s
[31.564s][info][gc,start       ] GC(103) Pause Full (System.gc())
[31.568s][info][gc,phases,start] GC(103) Phase 1: Mark live objects
[31.609s][info][gc,phases      ] GC(103) Phase 1: Mark live objects 41.520ms
[31.609s][info][gc,phases,start] GC(103) Phase 2: Compute new object addresses
[31.626s][info][gc,phases      ] GC(103) Phase 2: Compute new object addresses 16.375ms
[31.626s][info][gc,phases,start] GC(103) Phase 3: Adjust pointers
[31.650s][info][gc,phases      ] GC(103) Phase 3: Adjust pointers 24.532ms
[31.650s][info][gc,phases,start] GC(103) Phase 4: Move objects
[31.653s][info][gc,phases      ] GC(103) Phase 4: Move objects 2.997ms
[31.657s][info][gc,heap        ] GC(103) ParNew: 68977K->0K(460096K)
[31.657s][info][gc,heap        ] GC(103) CMS: 36822K->36931K(3683136K)
[31.657s][info][gc,metaspace   ] GC(103) Metaspace: 106580K(110788K)->106580K(110788K) NonClass: 94878K(97136K)->94878K(97136K) Class: 11702K(13652K)->11702K(13652K)
[31.657s][info][gc             ] GC(103) Pause Full (System.gc()) 103M->36M(4046M) 93.423ms
[31.657s][info][gc,cpu         ] GC(103) User=0.09s Sys=0.00s Real=0.10s
[31.866s][info][gc,start       ] GC(104) Pause Young (Allocation Failure)
[31.867s][info][gc,task        ] GC(104) Using 6 workers of 6 for evacuation
[31.873s][info][gc,heap        ] GC(104) ParNew: 409024K->2156K(460096K)
[31.873s][info][gc,heap        ] GC(104) CMS: 36931K->36931K(3683136K)
[31.873s][info][gc,metaspace   ] GC(104) Metaspace: 106584K(110788K)->106584K(110788K) NonClass: 94881K(97136K)->94881K(97136K) Class: 11702K(13652K)->11702K(13652K)
[31.873s][info][gc             ] GC(104) Pause Young (Allocation Failure) 435M->38M(4046M) 6.802ms
[31.873s][info][gc,cpu         ] GC(104) User=0.02s Sys=0.00s Real=0.01s
[32.058s][info][gc,start       ] GC(105) Pause Young (Allocation Failure)
[32.058s][info][gc,task        ] GC(105) Using 6 workers of 6 for evacuation
[32.064s][info][gc,heap        ] GC(105) ParNew: 411180K->1946K(460096K)
[32.064s][info][gc,heap        ] GC(105) CMS: 36931K->36931K(3683136K)
[32.064s][info][gc,metaspace   ] GC(105) Metaspace: 106593K(110788K)->106593K(110788K) NonClass: 94890K(97136K)->94890K(97136K) Class: 11702K(13652K)->11702K(13652K)
[32.064s][info][gc             ] GC(105) Pause Young (Allocation Failure) 437M->37M(4046M) 6.422ms
[32.064s][info][gc,cpu         ] GC(105) User=0.00s Sys=0.00s Real=0.00s
[32.249s][info][gc,start       ] GC(106) Pause Young (Allocation Failure)
[32.249s][info][gc,task        ] GC(106) Using 6 workers of 6 for evacuation
[32.256s][info][gc,heap        ] GC(106) ParNew: 410970K->2273K(460096K)
[32.256s][info][gc,heap        ] GC(106) CMS: 36931K->36931K(3683136K)
[32.256s][info][gc,metaspace   ] GC(106) Metaspace: 106593K(110788K)->106593K(110788K) NonClass: 94890K(97136K)->94890K(97136K) Class: 11702K(13652K)->11702K(13652K)
[32.256s][info][gc             ] GC(106) Pause Young (Allocation Failure) 437M->38M(4046M) 6.787ms
[32.256s][info][gc,cpu         ] GC(106) User=0.00s Sys=0.00s Real=0.00s
[32.283s][info][gc,start       ] GC(107) Pause Full (System.gc())
[32.285s][info][gc,phases,start] GC(107) Phase 1: Mark live objects
[32.326s][info][gc,phases      ] GC(107) Phase 1: Mark live objects 40.998ms
[32.326s][info][gc,phases,start] GC(107) Phase 2: Compute new object addresses
[32.342s][info][gc,phases      ] GC(107) Phase 2: Compute new object addresses 16.311ms
[32.342s][info][gc,phases,start] GC(107) Phase 3: Adjust pointers
[32.366s][info][gc,phases      ] GC(107) Phase 3: Adjust pointers 23.993ms
[32.366s][info][gc,phases,start] GC(107) Phase 4: Move objects
[32.374s][info][gc,phases      ] GC(107) Phase 4: Move objects 7.701ms
[32.377s][info][gc,heap        ] GC(107) ParNew: 69292K->0K(460096K)
[32.377s][info][gc,heap        ] GC(107) CMS: 36931K->37040K(3683136K)
[32.377s][info][gc,metaspace   ] GC(107) Metaspace: 106593K(110788K)->106593K(110788K) NonClass: 94890K(97136K)->94890K(97136K) Class: 11702K(13652K)->11702K(13652K)
[32.378s][info][gc             ] GC(107) Pause Full (System.gc()) 103M->36M(4046M) 95.144ms
[32.378s][info][gc,cpu         ] GC(107) User=0.08s Sys=0.00s Real=0.09s
[32.588s][info][gc,start       ] GC(108) Pause Young (Allocation Failure)
[32.588s][info][gc,task        ] GC(108) Using 6 workers of 6 for evacuation
[32.595s][info][gc,heap        ] GC(108) ParNew: 409024K->1660K(460096K)
[32.595s][info][gc,heap        ] GC(108) CMS: 37040K->37040K(3683136K)
[32.595s][info][gc,metaspace   ] GC(108) Metaspace: 106594K(110788K)->106594K(110788K) NonClass: 94891K(97136K)->94891K(97136K) Class: 11702K(13652K)->11702K(13652K)
[32.595s][info][gc             ] GC(108) Pause Young (Allocation Failure) 435M->37M(4046M) 6.533ms
[32.595s][info][gc,cpu         ] GC(108) User=0.02s Sys=0.00s Real=0.02s
[32.779s][info][gc,start       ] GC(109) Pause Young (Allocation Failure)
[32.780s][info][gc,task        ] GC(109) Using 6 workers of 6 for evacuation
[32.786s][info][gc,heap        ] GC(109) ParNew: 410684K->1820K(460096K)
[32.786s][info][gc,heap        ] GC(109) CMS: 37040K->37040K(3683136K)
[32.786s][info][gc,metaspace   ] GC(109) Metaspace: 106594K(110788K)->106594K(110788K) NonClass: 94891K(97136K)->94891K(97136K) Class: 11702K(13652K)->11702K(13652K)
[32.786s][info][gc             ] GC(109) Pause Young (Allocation Failure) 437M->37M(4046M) 6.478ms
[32.786s][info][gc,cpu         ] GC(109) User=0.00s Sys=0.00s Real=0.00s
[32.970s][info][gc,start       ] GC(110) Pause Young (Allocation Failure)
[32.970s][info][gc,task        ] GC(110) Using 6 workers of 6 for evacuation
[32.976s][info][gc,heap        ] GC(110) ParNew: 410844K->1896K(460096K)
[32.976s][info][gc,heap        ] GC(110) CMS: 37040K->37040K(3683136K)
[32.976s][info][gc,metaspace   ] GC(110) Metaspace: 106594K(110788K)->106594K(110788K) NonClass: 94891K(97136K)->94891K(97136K) Class: 11702K(13652K)->11702K(13652K)
[32.976s][info][gc             ] GC(110) Pause Young (Allocation Failure) 437M->38M(4046M) 6.392ms
[32.976s][info][gc,cpu         ] GC(110) User=0.00s Sys=0.00s Real=0.00s
[33.003s][info][gc,start       ] GC(111) Pause Full (System.gc())
[33.005s][info][gc,phases,start] GC(111) Phase 1: Mark live objects
[33.045s][info][gc,phases      ] GC(111) Phase 1: Mark live objects 40.483ms
[33.045s][info][gc,phases,start] GC(111) Phase 2: Compute new object addresses
[33.062s][info][gc,phases      ] GC(111) Phase 2: Compute new object addresses 16.356ms
[33.062s][info][gc,phases,start] GC(111) Phase 3: Adjust pointers
[33.086s][info][gc,phases      ] GC(111) Phase 3: Adjust pointers 23.934ms
[33.086s][info][gc,phases,start] GC(111) Phase 4: Move objects
[33.089s][info][gc,phases      ] GC(111) Phase 4: Move objects 3.058ms
[33.092s][info][gc,heap        ] GC(111) ParNew: 68898K->0K(460096K)
[33.092s][info][gc,heap        ] GC(111) CMS: 37040K->37159K(3683136K)
[33.092s][info][gc,metaspace   ] GC(111) Metaspace: 106594K(110788K)->106594K(110788K) NonClass: 94891K(97136K)->94891K(97136K) Class: 11702K(13652K)->11702K(13652K)
[33.093s][info][gc             ] GC(111) Pause Full (System.gc()) 103M->36M(4046M) 89.818ms
[33.093s][info][gc,cpu         ] GC(111) User=0.08s Sys=0.00s Real=0.09s
[33.300s][info][gc,start       ] GC(112) Pause Young (Allocation Failure)
[33.300s][info][gc,task        ] GC(112) Using 6 workers of 6 for evacuation
[33.306s][info][gc,heap        ] GC(112) ParNew: 409024K->1951K(460096K)
[33.306s][info][gc,heap        ] GC(112) CMS: 37159K->37159K(3683136K)
[33.306s][info][gc,metaspace   ] GC(112) Metaspace: 106597K(110788K)->106597K(110788K) NonClass: 94895K(97136K)->94895K(97136K) Class: 11702K(13652K)->11702K(13652K)
[33.306s][info][gc             ] GC(112) Pause Young (Allocation Failure) 435M->38M(4046M) 6.246ms
[33.306s][info][gc,cpu         ] GC(112) User=0.00s Sys=0.00s Real=0.00s
[33.492s][info][gc,start       ] GC(113) Pause Young (Allocation Failure)
[33.492s][info][gc,task        ] GC(113) Using 6 workers of 6 for evacuation
[33.499s][info][gc,heap        ] GC(113) ParNew: 410975K->1761K(460096K)
[33.499s][info][gc,heap        ] GC(113) CMS: 37159K->37159K(3683136K)
[33.499s][info][gc,metaspace   ] GC(113) Metaspace: 106599K(110788K)->106599K(110788K) NonClass: 94896K(97136K)->94896K(97136K) Class: 11703K(13652K)->11703K(13652K)
[33.499s][info][gc             ] GC(113) Pause Young (Allocation Failure) 437M->38M(4046M) 7.329ms
[33.499s][info][gc,cpu         ] GC(113) User=0.00s Sys=0.00s Real=0.01s
[33.683s][info][gc,start       ] GC(114) Pause Young (Allocation Failure)
[33.683s][info][gc,task        ] GC(114) Using 6 workers of 6 for evacuation
[33.690s][info][gc,heap        ] GC(114) ParNew: 410785K->2399K(460096K)
[33.690s][info][gc,heap        ] GC(114) CMS: 37159K->37159K(3683136K)
[33.690s][info][gc,metaspace   ] GC(114) Metaspace: 106599K(110788K)->106599K(110788K) NonClass: 94896K(97136K)->94896K(97136K) Class: 11703K(13652K)->11703K(13652K)
[33.690s][info][gc             ] GC(114) Pause Young (Allocation Failure) 437M->38M(4046M) 7.143ms
[33.690s][info][gc,cpu         ] GC(114) User=0.00s Sys=0.00s Real=0.00s
[33.718s][info][gc,start       ] GC(115) Pause Full (System.gc())
[33.720s][info][gc,phases,start] GC(115) Phase 1: Mark live objects
[33.762s][info][gc,phases      ] GC(115) Phase 1: Mark live objects 41.828ms
[33.762s][info][gc,phases,start] GC(115) Phase 2: Compute new object addresses
[33.779s][info][gc,phases      ] GC(115) Phase 2: Compute new object addresses 16.703ms
[33.779s][info][gc,phases,start] GC(115) Phase 3: Adjust pointers
[33.803s][info][gc,phases      ] GC(115) Phase 3: Adjust pointers 24.132ms
[33.803s][info][gc,phases,start] GC(115) Phase 4: Move objects
[33.811s][info][gc,phases      ] GC(115) Phase 4: Move objects 7.734ms
[33.814s][info][gc,heap        ] GC(115) ParNew: 73710K->0K(460096K)
[33.814s][info][gc,heap        ] GC(115) CMS: 37159K->37266K(3683136K)
[33.814s][info][gc,metaspace   ] GC(115) Metaspace: 106599K(110788K)->106599K(110788K) NonClass: 94896K(97136K)->94896K(97136K) Class: 11703K(13652K)->11703K(13652K)
[33.815s][info][gc             ] GC(115) Pause Full (System.gc()) 108M->36M(4046M) 96.321ms
[33.815s][info][gc,cpu         ] GC(115) User=0.08s Sys=0.00s Real=0.10s
[34.026s][info][gc,start       ] GC(116) Pause Young (Allocation Failure)
[34.026s][info][gc,task        ] GC(116) Using 6 workers of 6 for evacuation
[34.033s][info][gc,heap        ] GC(116) ParNew: 409024K->1652K(460096K)
[34.033s][info][gc,heap        ] GC(116) CMS: 37266K->37266K(3683136K)
[34.033s][info][gc,metaspace   ] GC(116) Metaspace: 106763K(111044K)->106763K(111044K) NonClass: 95059K(97392K)->95059K(97392K) Class: 11704K(13652K)->11704K(13652K)
[34.033s][info][gc             ] GC(116) Pause Young (Allocation Failure) 435M->38M(4046M) 6.640ms
[34.033s][info][gc,cpu         ] GC(116) User=0.00s Sys=0.00s Real=0.00s
[34.219s][info][gc,start       ] GC(117) Pause Young (Allocation Failure)
[34.219s][info][gc,task        ] GC(117) Using 6 workers of 6 for evacuation
[34.226s][info][gc,heap        ] GC(117) ParNew: 410676K->1796K(460096K)
[34.226s][info][gc,heap        ] GC(117) CMS: 37266K->37266K(3683136K)
[34.226s][info][gc,metaspace   ] GC(117) Metaspace: 106829K(111044K)->106829K(111044K) NonClass: 95124K(97392K)->95124K(97392K) Class: 11704K(13652K)->11704K(13652K)
[34.226s][info][gc             ] GC(117) Pause Young (Allocation Failure) 437M->38M(4046M) 6.813ms
[34.226s][info][gc,cpu         ] GC(117) User=0.00s Sys=0.00s Real=0.02s
[34.410s][info][gc,start       ] GC(118) Pause Young (Allocation Failure)
[34.410s][info][gc,task        ] GC(118) Using 6 workers of 6 for evacuation
[34.416s][info][gc,heap        ] GC(118) ParNew: 410820K->2149K(460096K)
[34.416s][info][gc,heap        ] GC(118) CMS: 37266K->37266K(3683136K)
[34.416s][info][gc,metaspace   ] GC(118) Metaspace: 106829K(111044K)->106829K(111044K) NonClass: 95124K(97392K)->95124K(97392K) Class: 11704K(13652K)->11704K(13652K)
[34.416s][info][gc             ] GC(118) Pause Young (Allocation Failure) 437M->38M(4046M) 6.299ms
[34.416s][info][gc,cpu         ] GC(118) User=0.02s Sys=0.00s Real=0.02s
[34.444s][info][gc,start       ] GC(119) Pause Full (System.gc())
[34.446s][info][gc,phases,start] GC(119) Phase 1: Mark live objects
[34.487s][info][gc,phases      ] GC(119) Phase 1: Mark live objects 41.103ms
[34.487s][info][gc,phases,start] GC(119) Phase 2: Compute new object addresses
[34.504s][info][gc,phases      ] GC(119) Phase 2: Compute new object addresses 16.783ms
[34.504s][info][gc,phases,start] GC(119) Phase 3: Adjust pointers
[34.528s][info][gc,phases      ] GC(119) Phase 3: Adjust pointers 24.111ms
[34.528s][info][gc,phases,start] GC(119) Phase 4: Move objects
[34.531s][info][gc,phases      ] GC(119) Phase 4: Move objects 3.099ms
[34.534s][info][gc,heap        ] GC(119) ParNew: 73506K->0K(460096K)
[34.535s][info][gc,heap        ] GC(119) CMS: 37266K->37375K(3683136K)
[34.535s][info][gc,metaspace   ] GC(119) Metaspace: 106829K(111044K)->106829K(111044K) NonClass: 95124K(97392K)->95124K(97392K) Class: 11704K(13652K)->11704K(13652K)
[34.535s][info][gc             ] GC(119) Pause Full (System.gc()) 108M->36M(4046M) 91.566ms
[34.535s][info][gc,cpu         ] GC(119) User=0.08s Sys=0.00s Real=0.09s
[34.744s][info][gc,start       ] GC(120) Pause Young (Allocation Failure)
[34.744s][info][gc,task        ] GC(120) Using 6 workers of 6 for evacuation
[34.752s][info][gc,heap        ] GC(120) ParNew: 409024K->2205K(460096K)
[34.752s][info][gc,heap        ] GC(120) CMS: 37375K->37375K(3683136K)
[34.752s][info][gc,metaspace   ] GC(120) Metaspace: 106829K(111044K)->106829K(111044K) NonClass: 95124K(97392K)->95124K(97392K) Class: 11704K(13652K)->11704K(13652K)
[34.752s][info][gc             ] GC(120) Pause Young (Allocation Failure) 435M->38M(4046M) 7.975ms
[34.752s][info][gc,cpu         ] GC(120) User=0.00s Sys=0.00s Real=0.02s
[34.935s][info][gc,start       ] GC(121) Pause Young (Allocation Failure)
[34.935s][info][gc,task        ] GC(121) Using 6 workers of 6 for evacuation
[34.941s][info][gc,heap        ] GC(121) ParNew: 411229K->1797K(460096K)
[34.941s][info][gc,heap        ] GC(121) CMS: 37375K->37375K(3683136K)
[34.941s][info][gc,metaspace   ] GC(121) Metaspace: 106832K(111044K)->106832K(111044K) NonClass: 95127K(97392K)->95127K(97392K) Class: 11704K(13652K)->11704K(13652K)
[34.941s][info][gc             ] GC(121) Pause Young (Allocation Failure) 438M->38M(4046M) 6.148ms
[34.941s][info][gc,cpu         ] GC(121) User=0.00s Sys=0.00s Real=0.00s
[35.127s][info][gc,start       ] GC(122) Pause Young (Allocation Failure)
[35.127s][info][gc,task        ] GC(122) Using 6 workers of 6 for evacuation
[35.133s][info][gc,heap        ] GC(122) ParNew: 410821K->1848K(460096K)
[35.133s][info][gc,heap        ] GC(122) CMS: 37375K->37375K(3683136K)
[35.133s][info][gc,metaspace   ] GC(122) Metaspace: 106835K(111044K)->106835K(111044K) NonClass: 95130K(97392K)->95130K(97392K) Class: 11704K(13652K)->11704K(13652K)
[35.133s][info][gc             ] GC(122) Pause Young (Allocation Failure) 437M->38M(4046M) 6.375ms
[35.133s][info][gc,cpu         ] GC(122) User=0.00s Sys=0.00s Real=0.00s
[35.161s][info][gc,start       ] GC(123) Pause Full (System.gc())
[35.162s][info][gc,phases,start] GC(123) Phase 1: Mark live objects
[35.204s][info][gc,phases      ] GC(123) Phase 1: Mark live objects 41.426ms
[35.204s][info][gc,phases,start] GC(123) Phase 2: Compute new object addresses
[35.221s][info][gc,phases      ] GC(123) Phase 2: Compute new object addresses 16.752ms
[35.221s][info][gc,phases,start] GC(123) Phase 3: Adjust pointers
[35.245s][info][gc,phases      ] GC(123) Phase 3: Adjust pointers 24.297ms
[35.245s][info][gc,phases,start] GC(123) Phase 4: Move objects
[35.248s][info][gc,phases      ] GC(123) Phase 4: Move objects 3.219ms
[35.251s][info][gc,heap        ] GC(123) ParNew: 73113K->0K(460096K)
[35.251s][info][gc,heap        ] GC(123) CMS: 37375K->37483K(3683136K)
[35.251s][info][gc,metaspace   ] GC(123) Metaspace: 106835K(111044K)->106835K(111044K) NonClass: 95130K(97392K)->95130K(97392K) Class: 11704K(13652K)->11704K(13652K)
[35.252s][info][gc             ] GC(123) Pause Full (System.gc()) 107M->36M(4046M) 91.694ms
[35.252s][info][gc,cpu         ] GC(123) User=0.09s Sys=0.00s Real=0.09s
[35.461s][info][gc,start       ] GC(124) Pause Young (Allocation Failure)
[35.461s][info][gc,task        ] GC(124) Using 6 workers of 6 for evacuation
[35.467s][info][gc,heap        ] GC(124) ParNew: 409024K->2003K(460096K)
[35.467s][info][gc,heap        ] GC(124) CMS: 37483K->37483K(3683136K)
[35.467s][info][gc,metaspace   ] GC(124) Metaspace: 106835K(111044K)->106835K(111044K) NonClass: 95130K(97392K)->95130K(97392K) Class: 11704K(13652K)->11704K(13652K)
[35.467s][info][gc             ] GC(124) Pause Young (Allocation Failure) 436M->38M(4046M) 6.749ms
[35.468s][info][gc,cpu         ] GC(124) User=0.02s Sys=0.00s Real=0.02s
[35.651s][info][gc,start       ] GC(125) Pause Young (Allocation Failure)
[35.651s][info][gc,task        ] GC(125) Using 6 workers of 6 for evacuation
[35.657s][info][gc,heap        ] GC(125) ParNew: 411027K->2014K(460096K)
[35.657s][info][gc,heap        ] GC(125) CMS: 37483K->37483K(3683136K)
[35.657s][info][gc,metaspace   ] GC(125) Metaspace: 106835K(111044K)->106835K(111044K) NonClass: 95130K(97392K)->95130K(97392K) Class: 11704K(13652K)->11704K(13652K)
[35.657s][info][gc             ] GC(125) Pause Young (Allocation Failure) 437M->38M(4046M) 6.320ms
[35.658s][info][gc,cpu         ] GC(125) User=0.02s Sys=0.00s Real=0.01s
[35.837s][info][gc,start       ] GC(126) Pause Young (Allocation Failure)
[35.837s][info][gc,task        ] GC(126) Using 6 workers of 6 for evacuation
[35.844s][info][gc,heap        ] GC(126) ParNew: 406975K->1898K(460096K)
[35.844s][info][gc,heap        ] GC(126) CMS: 37483K->37483K(3683136K)
[35.844s][info][gc,metaspace   ] GC(126) Metaspace: 106835K(111044K)->106835K(111044K) NonClass: 95130K(97392K)->95130K(97392K) Class: 11704K(13652K)->11704K(13652K)
[35.844s][info][gc             ] GC(126) Pause Young (Allocation Failure) 434M->38M(4046M) 6.597ms
[35.844s][info][gc,cpu         ] GC(126) User=0.00s Sys=0.00s Real=0.02s
[35.879s][info][gc,start       ] GC(127) Pause Full (System.gc())
[35.881s][info][gc,phases,start] GC(127) Phase 1: Mark live objects
[35.922s][info][gc,phases      ] GC(127) Phase 1: Mark live objects 41.401ms
[35.922s][info][gc,phases,start] GC(127) Phase 2: Compute new object addresses
[35.940s][info][gc,phases      ] GC(127) Phase 2: Compute new object addresses 17.562ms
[35.940s][info][gc,phases,start] GC(127) Phase 3: Adjust pointers
[35.964s][info][gc,phases      ] GC(127) Phase 3: Adjust pointers 24.342ms
[35.964s][info][gc,phases,start] GC(127) Phase 4: Move objects
[35.967s][info][gc,phases      ] GC(127) Phase 4: Move objects 3.154ms
[35.971s][info][gc,heap        ] GC(127) ParNew: 83774K->0K(460096K)
[35.971s][info][gc,heap        ] GC(127) CMS: 37483K->37588K(3683136K)
[35.971s][info][gc,metaspace   ] GC(127) Metaspace: 106835K(111044K)->106835K(111044K) NonClass: 95130K(97392K)->95130K(97392K) Class: 11704K(13652K)->11704K(13652K)
[35.972s][info][gc             ] GC(127) Pause Full (System.gc()) 118M->36M(4046M) 92.419ms
[35.972s][info][gc,cpu         ] GC(127) User=0.09s Sys=0.00s Real=0.10s
[36.183s][info][gc,start       ] GC(128) Pause Young (Allocation Failure)
[36.183s][info][gc,task        ] GC(128) Using 6 workers of 6 for evacuation
[36.189s][info][gc,heap        ] GC(128) ParNew: 409024K->2169K(460096K)
[36.189s][info][gc,heap        ] GC(128) CMS: 37588K->37588K(3683136K)
[36.189s][info][gc,metaspace   ] GC(128) Metaspace: 106837K(111044K)->106837K(111044K) NonClass: 95132K(97392K)->95132K(97392K) Class: 11704K(13652K)->11704K(13652K)
[36.189s][info][gc             ] GC(128) Pause Young (Allocation Failure) 436M->38M(4046M) 6.124ms
[36.189s][info][gc,cpu         ] GC(128) User=0.00s Sys=0.02s Real=0.02s
[36.376s][info][gc,start       ] GC(129) Pause Young (Allocation Failure)
[36.377s][info][gc,task        ] GC(129) Using 6 workers of 6 for evacuation
[36.382s][info][gc,heap        ] GC(129) ParNew: 411193K->1804K(460096K)
[36.382s][info][gc,heap        ] GC(129) CMS: 37588K->37588K(3683136K)
[36.382s][info][gc,metaspace   ] GC(129) Metaspace: 106837K(111044K)->106837K(111044K) NonClass: 95132K(97392K)->95132K(97392K) Class: 11704K(13652K)->11704K(13652K)
[36.382s][info][gc             ] GC(129) Pause Young (Allocation Failure) 438M->38M(4046M) 5.915ms
[36.382s][info][gc,cpu         ] GC(129) User=0.02s Sys=0.00s Real=0.01s
[36.566s][info][gc,start       ] GC(130) Pause Young (Allocation Failure)
[36.566s][info][gc,task        ] GC(130) Using 6 workers of 6 for evacuation
[36.572s][info][gc,heap        ] GC(130) ParNew: 410828K->2035K(460096K)
[36.572s][info][gc,heap        ] GC(130) CMS: 37588K->37588K(3683136K)
[36.572s][info][gc,metaspace   ] GC(130) Metaspace: 106837K(111044K)->106837K(111044K) NonClass: 95132K(97392K)->95132K(97392K) Class: 11704K(13652K)->11704K(13652K)
[36.572s][info][gc             ] GC(130) Pause Young (Allocation Failure) 437M->38M(4046M) 5.945ms
[36.572s][info][gc,cpu         ] GC(130) User=0.00s Sys=0.00s Real=0.00s
[36.600s][info][gc,start       ] GC(131) Pause Full (System.gc())
[36.602s][info][gc,phases,start] GC(131) Phase 1: Mark live objects
[36.643s][info][gc,phases      ] GC(131) Phase 1: Mark live objects 40.904ms
[36.643s][info][gc,phases,start] GC(131) Phase 2: Compute new object addresses
[36.661s][info][gc,phases      ] GC(131) Phase 2: Compute new object addresses 17.464ms
[36.661s][info][gc,phases,start] GC(131) Phase 3: Adjust pointers
[36.685s][info][gc,phases      ] GC(131) Phase 3: Adjust pointers 24.415ms
[36.685s][info][gc,phases,start] GC(131) Phase 4: Move objects
[36.688s][info][gc,phases      ] GC(131) Phase 4: Move objects 2.509ms
[36.691s][info][gc,heap        ] GC(131) ParNew: 73227K->0K(460096K)
[36.691s][info][gc,heap        ] GC(131) CMS: 37588K->37700K(3683136K)
[36.691s][info][gc,metaspace   ] GC(131) Metaspace: 106837K(111044K)->106837K(111044K) NonClass: 95132K(97392K)->95132K(97392K) Class: 11704K(13652K)->11704K(13652K)
[36.692s][info][gc             ] GC(131) Pause Full (System.gc()) 108M->36M(4046M) 91.710ms
[36.692s][info][gc,cpu         ] GC(131) User=0.09s Sys=0.00s Real=0.09s
[36.899s][info][gc,start       ] GC(132) Pause Young (Allocation Failure)
[36.899s][info][gc,task        ] GC(132) Using 6 workers of 6 for evacuation
[36.906s][info][gc,heap        ] GC(132) ParNew: 409024K->2168K(460096K)
[36.906s][info][gc,heap        ] GC(132) CMS: 37700K->37700K(3683136K)
[36.906s][info][gc,metaspace   ] GC(132) Metaspace: 106840K(111044K)->106840K(111044K) NonClass: 95136K(97392K)->95136K(97392K) Class: 11704K(13652K)->11704K(13652K)
[36.906s][info][gc             ] GC(132) Pause Young (Allocation Failure) 436M->38M(4046M) 6.862ms
[36.906s][info][gc,cpu         ] GC(132) User=0.03s Sys=0.00s Real=0.01s
[37.089s][info][gc,start       ] GC(133) Pause Young (Allocation Failure)
[37.089s][info][gc,task        ] GC(133) Using 6 workers of 6 for evacuation
[37.095s][info][gc,heap        ] GC(133) ParNew: 411192K->1979K(460096K)
[37.095s][info][gc,heap        ] GC(133) CMS: 37700K->37700K(3683136K)
[37.095s][info][gc,metaspace   ] GC(133) Metaspace: 106840K(111044K)->106840K(111044K) NonClass: 95136K(97392K)->95136K(97392K) Class: 11704K(13652K)->11704K(13652K)
[37.095s][info][gc             ] GC(133) Pause Young (Allocation Failure) 438M->38M(4046M) 6.195ms
[37.095s][info][gc,cpu         ] GC(133) User=0.00s Sys=0.00s Real=0.00s
[37.278s][info][gc,start       ] GC(134) Pause Young (Allocation Failure)
[37.279s][info][gc,task        ] GC(134) Using 6 workers of 6 for evacuation
[37.285s][info][gc,heap        ] GC(134) ParNew: 411003K->2015K(460096K)
[37.286s][info][gc,heap        ] GC(134) CMS: 37700K->37700K(3683136K)
[37.286s][info][gc,metaspace   ] GC(134) Metaspace: 106840K(111044K)->106840K(111044K) NonClass: 95136K(97392K)->95136K(97392K) Class: 11704K(13652K)->11704K(13652K)
[37.286s][info][gc             ] GC(134) Pause Young (Allocation Failure) 438M->38M(4046M) 7.112ms
[37.286s][info][gc,cpu         ] GC(134) User=0.00s Sys=0.00s Real=0.00s
[37.315s][info][gc,start       ] GC(135) Pause Full (System.gc())
[37.317s][info][gc,phases,start] GC(135) Phase 1: Mark live objects
[37.358s][info][gc,phases      ] GC(135) Phase 1: Mark live objects 41.334ms
[37.358s][info][gc,phases,start] GC(135) Phase 2: Compute new object addresses
[37.375s][info][gc,phases      ] GC(135) Phase 2: Compute new object addresses 17.095ms
[37.375s][info][gc,phases,start] GC(135) Phase 3: Adjust pointers
[37.400s][info][gc,phases      ] GC(135) Phase 3: Adjust pointers 24.626ms
[37.400s][info][gc,phases,start] GC(135) Phase 4: Move objects
[37.403s][info][gc,phases      ] GC(135) Phase 4: Move objects 3.248ms
[37.406s][info][gc,heap        ] GC(135) ParNew: 73233K->0K(460096K)
[37.406s][info][gc,heap        ] GC(135) CMS: 37700K->37846K(3683136K)
[37.406s][info][gc,metaspace   ] GC(135) Metaspace: 106840K(111044K)->106840K(111044K) NonClass: 95136K(97392K)->95136K(97392K) Class: 11704K(13652K)->11704K(13652K)
[37.407s][info][gc             ] GC(135) Pause Full (System.gc()) 108M->36M(4046M) 92.396ms
[37.407s][info][gc,cpu         ] GC(135) User=0.11s Sys=0.00s Real=0.10s
[37.615s][info][gc,start       ] GC(136) Pause Young (Allocation Failure)
[37.615s][info][gc,task        ] GC(136) Using 6 workers of 6 for evacuation
[37.621s][info][gc,heap        ] GC(136) ParNew: 409024K->2070K(460096K)
[37.621s][info][gc,heap        ] GC(136) CMS: 37846K->37846K(3683136K)
[37.621s][info][gc,metaspace   ] GC(136) Metaspace: 106840K(111044K)->106840K(111044K) NonClass: 95136K(97392K)->95136K(97392K) Class: 11704K(13652K)->11704K(13652K)
[37.621s][info][gc             ] GC(136) Pause Young (Allocation Failure) 436M->38M(4046M) 6.041ms
[37.621s][info][gc,cpu         ] GC(136) User=0.00s Sys=0.00s Real=0.01s
[37.805s][info][gc,start       ] GC(137) Pause Young (Allocation Failure)
[37.805s][info][gc,task        ] GC(137) Using 6 workers of 6 for evacuation
[37.810s][info][gc,heap        ] GC(137) ParNew: 411094K->1999K(460096K)
[37.810s][info][gc,heap        ] GC(137) CMS: 37846K->37846K(3683136K)
[37.810s][info][gc,metaspace   ] GC(137) Metaspace: 106840K(111044K)->106840K(111044K) NonClass: 95136K(97392K)->95136K(97392K) Class: 11704K(13652K)->11704K(13652K)
[37.811s][info][gc             ] GC(137) Pause Young (Allocation Failure) 438M->38M(4046M) 5.832ms
[37.811s][info][gc,cpu         ] GC(137) User=0.02s Sys=0.00s Real=0.00s
[37.994s][info][gc,start       ] GC(138) Pause Young (Allocation Failure)
[37.994s][info][gc,task        ] GC(138) Using 6 workers of 6 for evacuation
[38.000s][info][gc,heap        ] GC(138) ParNew: 411023K->2138K(460096K)
[38.000s][info][gc,heap        ] GC(138) CMS: 37846K->37846K(3683136K)
[38.000s][info][gc,metaspace   ] GC(138) Metaspace: 106840K(111044K)->106840K(111044K) NonClass: 95136K(97392K)->95136K(97392K) Class: 11704K(13652K)->11704K(13652K)
[38.000s][info][gc             ] GC(138) Pause Young (Allocation Failure) 438M->39M(4046M) 5.943ms
[38.000s][info][gc,cpu         ] GC(138) User=0.00s Sys=0.00s Real=0.00s
[38.027s][info][gc,start       ] GC(139) Pause Full (System.gc())
[38.029s][info][gc,phases,start] GC(139) Phase 1: Mark live objects
[38.071s][info][gc,phases      ] GC(139) Phase 1: Mark live objects 41.601ms
[38.071s][info][gc,phases,start] GC(139) Phase 2: Compute new object addresses
[38.088s][info][gc,phases      ] GC(139) Phase 2: Compute new object addresses 16.556ms
[38.088s][info][gc,phases,start] GC(139) Phase 3: Adjust pointers
[38.114s][info][gc,phases      ] GC(139) Phase 3: Adjust pointers 26.335ms
[38.114s][info][gc,phases,start] GC(139) Phase 4: Move objects
[38.122s][info][gc,phases      ] GC(139) Phase 4: Move objects 7.947ms
[38.125s][info][gc,heap        ] GC(139) ParNew: 68782K->0K(460096K)
[38.125s][info][gc,heap        ] GC(139) CMS: 37846K->37958K(3683136K)
[38.125s][info][gc,metaspace   ] GC(139) Metaspace: 106840K(111044K)->106840K(111044K) NonClass: 95136K(97392K)->95136K(97392K) Class: 11704K(13652K)->11704K(13652K)
[38.126s][info][gc             ] GC(139) Pause Full (System.gc()) 104M->37M(4046M) 99.169ms
[38.126s][info][gc,cpu         ] GC(139) User=0.05s Sys=0.00s Real=0.09s
[38.332s][info][gc,start       ] GC(140) Pause Young (Allocation Failure)
[38.332s][info][gc,task        ] GC(140) Using 6 workers of 6 for evacuation
[38.339s][info][gc,heap        ] GC(140) ParNew: 409024K->1979K(460096K)
[38.339s][info][gc,heap        ] GC(140) CMS: 37958K->37958K(3683136K)
[38.339s][info][gc,metaspace   ] GC(140) Metaspace: 106853K(111044K)->106853K(111044K) NonClass: 95149K(97392K)->95149K(97392K) Class: 11704K(13652K)->11704K(13652K)
[38.339s][info][gc             ] GC(140) Pause Young (Allocation Failure) 436M->39M(4046M) 6.547ms
[38.339s][info][gc,cpu         ] GC(140) User=0.00s Sys=0.00s Real=0.00s
[38.525s][info][gc,start       ] GC(141) Pause Young (Allocation Failure)
[38.525s][info][gc,task        ] GC(141) Using 6 workers of 6 for evacuation
[38.531s][info][gc,heap        ] GC(141) ParNew: 411003K->1737K(460096K)
[38.531s][info][gc,heap        ] GC(141) CMS: 37958K->37958K(3683136K)
[38.531s][info][gc,metaspace   ] GC(141) Metaspace: 106853K(111044K)->106853K(111044K) NonClass: 95149K(97392K)->95149K(97392K) Class: 11704K(13652K)->11704K(13652K)
[38.531s][info][gc             ] GC(141) Pause Young (Allocation Failure) 438M->38M(4046M) 6.079ms
[38.531s][info][gc,cpu         ] GC(141) User=0.02s Sys=0.00s Real=0.01s
[38.713s][info][gc,start       ] GC(142) Pause Young (Allocation Failure)
[38.714s][info][gc,task        ] GC(142) Using 6 workers of 6 for evacuation
[38.719s][info][gc,heap        ] GC(142) ParNew: 410761K->1756K(460096K)
[38.719s][info][gc,heap        ] GC(142) CMS: 37958K->37958K(3683136K)
[38.719s][info][gc,metaspace   ] GC(142) Metaspace: 106853K(111044K)->106853K(111044K) NonClass: 95149K(97392K)->95149K(97392K) Class: 11704K(13652K)->11704K(13652K)
[38.719s][info][gc             ] GC(142) Pause Young (Allocation Failure) 438M->38M(4046M) 5.930ms
[38.719s][info][gc,cpu         ] GC(142) User=0.02s Sys=0.00s Real=0.01s
[38.746s][info][gc,start       ] GC(143) Pause Full (System.gc())
[38.748s][info][gc,phases,start] GC(143) Phase 1: Mark live objects
[38.791s][info][gc,phases      ] GC(143) Phase 1: Mark live objects 42.703ms
[38.791s][info][gc,phases,start] GC(143) Phase 2: Compute new object addresses
[38.808s][info][gc,phases      ] GC(143) Phase 2: Compute new object addresses 16.938ms
[38.808s][info][gc,phases,start] GC(143) Phase 3: Adjust pointers
[38.833s][info][gc,phases      ] GC(143) Phase 3: Adjust pointers 24.622ms
[38.833s][info][gc,phases,start] GC(143) Phase 4: Move objects
[38.835s][info][gc,phases      ] GC(143) Phase 4: Move objects 2.619ms
[38.838s][info][gc,heap        ] GC(143) ParNew: 68629K->0K(460096K)
[38.838s][info][gc,heap        ] GC(143) CMS: 37958K->38066K(3683136K)
[38.838s][info][gc,metaspace   ] GC(143) Metaspace: 106853K(111044K)->106853K(111044K) NonClass: 95149K(97392K)->95149K(97392K) Class: 11704K(13652K)->11704K(13652K)
[38.839s][info][gc             ] GC(143) Pause Full (System.gc()) 104M->37M(4046M) 93.237ms
[38.839s][info][gc,cpu         ] GC(143) User=0.09s Sys=0.00s Real=0.09s
[39.047s][info][gc,start       ] GC(144) Pause Young (Allocation Failure)
[39.047s][info][gc,task        ] GC(144) Using 6 workers of 6 for evacuation
[39.053s][info][gc,heap        ] GC(144) ParNew: 409024K->2025K(460096K)
[39.053s][info][gc,heap        ] GC(144) CMS: 38066K->38066K(3683136K)
[39.053s][info][gc,metaspace   ] GC(144) Metaspace: 106853K(111044K)->106853K(111044K) NonClass: 95149K(97392K)->95149K(97392K) Class: 11704K(13652K)->11704K(13652K)
[39.053s][info][gc             ] GC(144) Pause Young (Allocation Failure) 436M->39M(4046M) 6.377ms
[39.053s][info][gc,cpu         ] GC(144) User=0.00s Sys=0.00s Real=0.02s
[39.238s][info][gc,start       ] GC(145) Pause Young (Allocation Failure)
[39.238s][info][gc,task        ] GC(145) Using 6 workers of 6 for evacuation
[39.246s][info][gc,heap        ] GC(145) ParNew: 411049K->2432K(460096K)
[39.246s][info][gc,heap        ] GC(145) CMS: 38066K->38066K(3683136K)
[39.246s][info][gc,metaspace   ] GC(145) Metaspace: 106856K(111044K)->106856K(111044K) NonClass: 95151K(97392K)->95151K(97392K) Class: 11704K(13652K)->11704K(13652K)
[39.246s][info][gc             ] GC(145) Pause Young (Allocation Failure) 438M->39M(4046M) 8.075ms
[39.246s][info][gc,cpu         ] GC(145) User=0.02s Sys=0.00s Real=0.00s
[39.428s][info][gc,start       ] GC(146) Pause Young (Allocation Failure)
[39.429s][info][gc,task        ] GC(146) Using 6 workers of 6 for evacuation
[39.435s][info][gc,heap        ] GC(146) ParNew: 411456K->1711K(460096K)
[39.435s][info][gc,heap        ] GC(146) CMS: 38066K->38066K(3683136K)
[39.435s][info][gc,metaspace   ] GC(146) Metaspace: 106856K(111044K)->106856K(111044K) NonClass: 95151K(97392K)->95151K(97392K) Class: 11704K(13652K)->11704K(13652K)
[39.435s][info][gc             ] GC(146) Pause Young (Allocation Failure) 438M->38M(4046M) 6.204ms
[39.435s][info][gc,cpu         ] GC(146) User=0.00s Sys=0.00s Real=0.00s
[39.461s][info][gc,start       ] GC(147) Pause Full (System.gc())
[39.463s][info][gc,phases,start] GC(147) Phase 1: Mark live objects
[39.505s][info][gc,phases      ] GC(147) Phase 1: Mark live objects 41.834ms
[39.505s][info][gc,phases,start] GC(147) Phase 2: Compute new object addresses
[39.521s][info][gc,phases      ] GC(147) Phase 2: Compute new object addresses 16.697ms
[39.522s][info][gc,phases,start] GC(147) Phase 3: Adjust pointers
[39.546s][info][gc,phases      ] GC(147) Phase 3: Adjust pointers 24.534ms
[39.546s][info][gc,phases,start] GC(147) Phase 4: Move objects
[39.549s][info][gc,phases      ] GC(147) Phase 4: Move objects 2.971ms
[39.552s][info][gc,heap        ] GC(147) ParNew: 67765K->0K(460096K)
[39.552s][info][gc,heap        ] GC(147) CMS: 38066K->38175K(3683136K)
[39.552s][info][gc,metaspace   ] GC(147) Metaspace: 106856K(111044K)->106856K(111044K) NonClass: 95151K(97392K)->95151K(97392K) Class: 11704K(13652K)->11704K(13652K)
[39.553s][info][gc             ] GC(147) Pause Full (System.gc()) 103M->37M(4046M) 92.163ms
[39.553s][info][gc,cpu         ] GC(147) User=0.09s Sys=0.00s Real=0.09s
[39.759s][info][gc,start       ] GC(148) Pause Young (Allocation Failure)
[39.759s][info][gc,task        ] GC(148) Using 6 workers of 6 for evacuation
[39.765s][info][gc,heap        ] GC(148) ParNew: 409024K->2001K(460096K)
[39.766s][info][gc,heap        ] GC(148) CMS: 38175K->38175K(3683136K)
[39.766s][info][gc,metaspace   ] GC(148) Metaspace: 106856K(111044K)->106856K(111044K) NonClass: 95151K(97392K)->95151K(97392K) Class: 11704K(13652K)->11704K(13652K)
[39.766s][info][gc             ] GC(148) Pause Young (Allocation Failure) 436M->39M(4046M) 6.241ms
[39.766s][info][gc,cpu         ] GC(148) User=0.00s Sys=0.00s Real=0.00s
[39.950s][info][gc,start       ] GC(149) Pause Young (Allocation Failure)
[39.950s][info][gc,task        ] GC(149) Using 6 workers of 6 for evacuation
[39.956s][info][gc,heap        ] GC(149) ParNew: 411025K->1657K(460096K)
[39.956s][info][gc,heap        ] GC(149) CMS: 38175K->38175K(3683136K)
[39.956s][info][gc,metaspace   ] GC(149) Metaspace: 106856K(111044K)->106856K(111044K) NonClass: 95151K(97392K)->95151K(97392K) Class: 11704K(13652K)->11704K(13652K)
[39.956s][info][gc             ] GC(149) Pause Young (Allocation Failure) 438M->38M(4046M) 6.176ms
[39.956s][info][gc,cpu         ] GC(149) User=0.00s Sys=0.00s Real=0.00s
[40.138s][info][gc,start       ] GC(150) Pause Young (Allocation Failure)
[40.138s][info][gc,task        ] GC(150) Using 6 workers of 6 for evacuation
[40.145s][info][gc,heap        ] GC(150) ParNew: 410681K->2409K(460096K)
[40.145s][info][gc,heap        ] GC(150) CMS: 38175K->38175K(3683136K)
[40.145s][info][gc,metaspace   ] GC(150) Metaspace: 106856K(111044K)->106856K(111044K) NonClass: 95151K(97392K)->95151K(97392K) Class: 11704K(13652K)->11704K(13652K)
[40.145s][info][gc             ] GC(150) Pause Young (Allocation Failure) 438M->39M(4046M) 7.006ms
[40.145s][info][gc,cpu         ] GC(150) User=0.00s Sys=0.00s Real=0.00s
[40.172s][info][gc,start       ] GC(151) Pause Full (System.gc())
[40.174s][info][gc,phases,start] GC(151) Phase 1: Mark live objects
[40.216s][info][gc,phases      ] GC(151) Phase 1: Mark live objects 42.397ms
[40.216s][info][gc,phases,start] GC(151) Phase 2: Compute new object addresses
[40.233s][info][gc,phases      ] GC(151) Phase 2: Compute new object addresses 16.966ms
[40.233s][info][gc,phases,start] GC(151) Phase 3: Adjust pointers
[40.258s][info][gc,phases      ] GC(151) Phase 3: Adjust pointers 24.785ms
[40.258s][info][gc,phases,start] GC(151) Phase 4: Move objects
[40.261s][info][gc,phases      ] GC(151) Phase 4: Move objects 2.903ms
[40.264s][info][gc,heap        ] GC(151) ParNew: 71583K->0K(460096K)
[40.264s][info][gc,heap        ] GC(151) CMS: 38175K->38285K(3683136K)
[40.264s][info][gc,metaspace   ] GC(151) Metaspace: 106856K(111044K)->106856K(111044K) NonClass: 95151K(97392K)->95151K(97392K) Class: 11704K(13652K)->11704K(13652K)
[40.265s][info][gc             ] GC(151) Pause Full (System.gc()) 107M->37M(4046M) 93.118ms
[40.265s][info][gc,cpu         ] GC(151) User=0.06s Sys=0.00s Real=0.09s
[40.471s][info][gc,start       ] GC(152) Pause Young (Allocation Failure)
[40.471s][info][gc,task        ] GC(152) Using 6 workers of 6 for evacuation
[40.478s][info][gc,heap        ] GC(152) ParNew: 409024K->1819K(460096K)
[40.478s][info][gc,heap        ] GC(152) CMS: 38285K->38285K(3683136K)
[40.478s][info][gc,metaspace   ] GC(152) Metaspace: 106868K(111044K)->106868K(111044K) NonClass: 95162K(97392K)->95162K(97392K) Class: 11705K(13652K)->11705K(13652K)
[40.478s][info][gc             ] GC(152) Pause Young (Allocation Failure) 436M->39M(4046M) 6.551ms
[40.478s][info][gc,cpu         ] GC(152) User=0.02s Sys=0.00s Real=0.02s
[40.663s][info][gc,start       ] GC(153) Pause Young (Allocation Failure)
[40.663s][info][gc,task        ] GC(153) Using 6 workers of 6 for evacuation
[40.671s][info][gc,heap        ] GC(153) ParNew: 410843K->2205K(460096K)
[40.671s][info][gc,heap        ] GC(153) CMS: 38285K->38285K(3683136K)
[40.671s][info][gc,metaspace   ] GC(153) Metaspace: 106868K(111044K)->106868K(111044K) NonClass: 95162K(97392K)->95162K(97392K) Class: 11705K(13652K)->11705K(13652K)
[40.671s][info][gc             ] GC(153) Pause Young (Allocation Failure) 438M->39M(4046M) 7.958ms
[40.671s][info][gc,cpu         ] GC(153) User=0.02s Sys=0.00s Real=0.02s
[40.855s][info][gc,start       ] GC(154) Pause Young (Allocation Failure)
[40.855s][info][gc,task        ] GC(154) Using 6 workers of 6 for evacuation
[40.860s][info][gc,heap        ] GC(154) ParNew: 411229K->2007K(460096K)
[40.860s][info][gc,heap        ] GC(154) CMS: 38285K->38285K(3683136K)
[40.860s][info][gc,metaspace   ] GC(154) Metaspace: 106868K(111044K)->106868K(111044K) NonClass: 95162K(97392K)->95162K(97392K) Class: 11705K(13652K)->11705K(13652K)
[40.860s][info][gc             ] GC(154) Pause Young (Allocation Failure) 438M->39M(4046M) 5.955ms
[40.861s][info][gc,cpu         ] GC(154) User=0.00s Sys=0.00s Real=0.00s
[40.888s][info][gc,start       ] GC(155) Pause Full (System.gc())
[40.890s][info][gc,phases,start] GC(155) Phase 1: Mark live objects
[40.950s][info][gc,phases      ] GC(155) Phase 1: Mark live objects 59.600ms
[40.950s][info][gc,phases,start] GC(155) Phase 2: Compute new object addresses
[40.967s][info][gc,phases      ] GC(155) Phase 2: Compute new object addresses 16.939ms
[40.967s][info][gc,phases,start] GC(155) Phase 3: Adjust pointers
[40.992s][info][gc,phases      ] GC(155) Phase 3: Adjust pointers 25.030ms
[40.992s][info][gc,phases,start] GC(155) Phase 4: Move objects
[41.000s][info][gc,phases      ] GC(155) Phase 4: Move objects 7.636ms
[41.003s][info][gc,heap        ] GC(155) ParNew: 73453K->0K(460096K)
[41.003s][info][gc,heap        ] GC(155) CMS: 38285K->38324K(3683136K)
[41.003s][info][gc,metaspace   ] GC(155) Metaspace: 106868K(111044K)->106868K(111044K) NonClass: 95162K(97392K)->95162K(97392K) Class: 11705K(13652K)->11705K(13652K)
[41.004s][info][gc             ] GC(155) Pause Full (System.gc()) 109M->37M(4046M) 116.199ms
[41.004s][info][gc,cpu         ] GC(155) User=0.11s Sys=0.00s Real=0.11s
[41.212s][info][gc,start       ] GC(156) Pause Young (Allocation Failure)
[41.212s][info][gc,task        ] GC(156) Using 6 workers of 6 for evacuation
[41.218s][info][gc,heap        ] GC(156) ParNew: 409024K->2106K(460096K)
[41.218s][info][gc,heap        ] GC(156) CMS: 38324K->38324K(3683136K)
[41.218s][info][gc,metaspace   ] GC(156) Metaspace: 106866K(111044K)->106866K(111044K) NonClass: 95161K(97392K)->95161K(97392K) Class: 11705K(13652K)->11705K(13652K)
[41.218s][info][gc             ] GC(156) Pause Young (Allocation Failure) 436M->39M(4046M) 6.483ms
[41.218s][info][gc,cpu         ] GC(156) User=0.02s Sys=0.00s Real=0.00s
[41.401s][info][gc,start       ] GC(157) Pause Young (Allocation Failure)
[41.402s][info][gc,task        ] GC(157) Using 6 workers of 6 for evacuation
[41.408s][info][gc,heap        ] GC(157) ParNew: 411130K->2014K(460096K)
[41.408s][info][gc,heap        ] GC(157) CMS: 38324K->38324K(3683136K)
[41.408s][info][gc,metaspace   ] GC(157) Metaspace: 106866K(111044K)->106866K(111044K) NonClass: 95161K(97392K)->95161K(97392K) Class: 11705K(13652K)->11705K(13652K)
[41.408s][info][gc             ] GC(157) Pause Young (Allocation Failure) 438M->39M(4046M) 6.164ms
[41.408s][info][gc,cpu         ] GC(157) User=0.00s Sys=0.00s Real=0.02s
[41.589s][info][gc,start       ] GC(158) Pause Young (Allocation Failure)
[41.589s][info][gc,task        ] GC(158) Using 6 workers of 6 for evacuation
[41.595s][info][gc,heap        ] GC(158) ParNew: 411038K->2221K(460096K)
[41.595s][info][gc,heap        ] GC(158) CMS: 38324K->38324K(3683136K)
[41.595s][info][gc,metaspace   ] GC(158) Metaspace: 106866K(111044K)->106866K(111044K) NonClass: 95161K(97392K)->95161K(97392K) Class: 11705K(13652K)->11705K(13652K)
[41.595s][info][gc             ] GC(158) Pause Young (Allocation Failure) 438M->39M(4046M) 6.409ms
[41.595s][info][gc,cpu         ] GC(158) User=0.02s Sys=0.00s Real=0.02s
[41.622s][info][gc,start       ] GC(159) Pause Full (System.gc())
[41.625s][info][gc,phases,start] GC(159) Phase 1: Mark live objects
[41.666s][info][gc,phases      ] GC(159) Phase 1: Mark live objects 41.559ms
[41.666s][info][gc,phases,start] GC(159) Phase 2: Compute new object addresses
[41.683s][info][gc,phases      ] GC(159) Phase 2: Compute new object addresses 16.809ms
[41.683s][info][gc,phases,start] GC(159) Phase 3: Adjust pointers
[41.708s][info][gc,phases      ] GC(159) Phase 3: Adjust pointers 24.512ms
[41.708s][info][gc,phases,start] GC(159) Phase 4: Move objects
[41.710s][info][gc,phases      ] GC(159) Phase 4: Move objects 2.645ms
[41.713s][info][gc,heap        ] GC(159) ParNew: 68934K->0K(460096K)
[41.713s][info][gc,heap        ] GC(159) CMS: 38324K->38434K(3683136K)
[41.713s][info][gc,metaspace   ] GC(159) Metaspace: 106866K(111044K)->106866K(111044K) NonClass: 95161K(97392K)->95161K(97392K) Class: 11705K(13652K)->11705K(13652K)
[41.714s][info][gc             ] GC(159) Pause Full (System.gc()) 104M->37M(4046M) 92.243ms
[41.714s][info][gc,cpu         ] GC(159) User=0.08s Sys=0.00s Real=0.09s
[41.919s][info][gc,start       ] GC(160) Pause Young (Allocation Failure)
[41.919s][info][gc,task        ] GC(160) Using 6 workers of 6 for evacuation
[41.926s][info][gc,heap        ] GC(160) ParNew: 409024K->1951K(460096K)
[41.926s][info][gc,heap        ] GC(160) CMS: 38434K->38434K(3683136K)
[41.926s][info][gc,metaspace   ] GC(160) Metaspace: 106866K(111044K)->106866K(111044K) NonClass: 95161K(97392K)->95161K(97392K) Class: 11705K(13652K)->11705K(13652K)
[41.926s][info][gc             ] GC(160) Pause Young (Allocation Failure) 436M->39M(4046M) 6.792ms
[41.926s][info][gc,cpu         ] GC(160) User=0.02s Sys=0.00s Real=0.01s
[42.109s][info][gc,start       ] GC(161) Pause Young (Allocation Failure)
[42.109s][info][gc,task        ] GC(161) Using 6 workers of 6 for evacuation
[42.115s][info][gc,heap        ] GC(161) ParNew: 410975K->2161K(460096K)
[42.115s][info][gc,heap        ] GC(161) CMS: 38434K->38434K(3683136K)
[42.115s][info][gc,metaspace   ] GC(161) Metaspace: 106866K(111044K)->106866K(111044K) NonClass: 95161K(97392K)->95161K(97392K) Class: 11705K(13652K)->11705K(13652K)
[42.116s][info][gc             ] GC(161) Pause Young (Allocation Failure) 438M->39M(4046M) 6.098ms
[42.116s][info][gc,cpu         ] GC(161) User=0.00s Sys=0.00s Real=0.01s
[42.298s][info][gc,start       ] GC(162) Pause Young (Allocation Failure)
[42.298s][info][gc,task        ] GC(162) Using 6 workers of 6 for evacuation
[42.304s][info][gc,heap        ] GC(162) ParNew: 411185K->2058K(460096K)
[42.304s][info][gc,heap        ] GC(162) CMS: 38434K->38434K(3683136K)
[42.304s][info][gc,metaspace   ] GC(162) Metaspace: 106866K(111044K)->106866K(111044K) NonClass: 95161K(97392K)->95161K(97392K) Class: 11705K(13652K)->11705K(13652K)
[42.305s][info][gc             ] GC(162) Pause Young (Allocation Failure) 439M->39M(4046M) 6.147ms
[42.305s][info][gc,cpu         ] GC(162) User=0.00s Sys=0.00s Real=0.00s
[42.331s][info][gc,start       ] GC(163) Pause Full (System.gc())
[42.334s][info][gc,phases,start] GC(163) Phase 1: Mark live objects
[42.376s][info][gc,phases      ] GC(163) Phase 1: Mark live objects 41.917ms
[42.376s][info][gc,phases,start] GC(163) Phase 2: Compute new object addresses
[42.393s][info][gc,phases      ] GC(163) Phase 2: Compute new object addresses 17.032ms
[42.393s][info][gc,phases,start] GC(163) Phase 3: Adjust pointers
[42.417s][info][gc,phases      ] GC(163) Phase 3: Adjust pointers 24.697ms
[42.417s][info][gc,phases,start] GC(163) Phase 4: Move objects
[42.420s][info][gc,phases      ] GC(163) Phase 4: Move objects 2.665ms
[42.423s][info][gc,heap        ] GC(163) ParNew: 71115K->0K(460096K)
[42.423s][info][gc,heap        ] GC(163) CMS: 38434K->38542K(3683136K)
[42.423s][info][gc,metaspace   ] GC(163) Metaspace: 106866K(111044K)->106866K(111044K) NonClass: 95161K(97392K)->95161K(97392K) Class: 11705K(13652K)->11705K(13652K)
[42.424s][info][gc             ] GC(163) Pause Full (System.gc()) 106M->37M(4046M) 92.912ms
[42.424s][info][gc,cpu         ] GC(163) User=0.08s Sys=0.00s Real=0.09s
[42.629s][info][gc,start       ] GC(164) Pause Young (Allocation Failure)
[42.629s][info][gc,task        ] GC(164) Using 6 workers of 6 for evacuation
[42.635s][info][gc,heap        ] GC(164) ParNew: 409024K->1991K(460096K)
[42.635s][info][gc,heap        ] GC(164) CMS: 38542K->38542K(3683136K)
[42.635s][info][gc,metaspace   ] GC(164) Metaspace: 106866K(111044K)->106866K(111044K) NonClass: 95161K(97392K)->95161K(97392K) Class: 11705K(13652K)->11705K(13652K)
[42.635s][info][gc             ] GC(164) Pause Young (Allocation Failure) 437M->39M(4046M) 6.434ms
[42.635s][info][gc,cpu         ] GC(164) User=0.02s Sys=0.00s Real=0.00s
[42.818s][info][gc,start       ] GC(165) Pause Young (Allocation Failure)
[42.818s][info][gc,task        ] GC(165) Using 6 workers of 6 for evacuation
[42.825s][info][gc,heap        ] GC(165) ParNew: 411015K->1885K(460096K)
[42.825s][info][gc,heap        ] GC(165) CMS: 38542K->38542K(3683136K)
[42.825s][info][gc,metaspace   ] GC(165) Metaspace: 106866K(111044K)->106866K(111044K) NonClass: 95161K(97392K)->95161K(97392K) Class: 11705K(13652K)->11705K(13652K)
[42.825s][info][gc             ] GC(165) Pause Young (Allocation Failure) 439M->39M(4046M) 7.570ms
[42.825s][info][gc,cpu         ] GC(165) User=0.00s Sys=0.00s Real=0.00s
[43.006s][info][gc,start       ] GC(166) Pause Young (Allocation Failure)
[43.007s][info][gc,task        ] GC(166) Using 6 workers of 6 for evacuation
[43.013s][info][gc,heap        ] GC(166) ParNew: 410909K->2121K(460096K)
[43.013s][info][gc,heap        ] GC(166) CMS: 38542K->38542K(3683136K)
[43.013s][info][gc,metaspace   ] GC(166) Metaspace: 106866K(111044K)->106866K(111044K) NonClass: 95161K(97392K)->95161K(97392K) Class: 11705K(13652K)->11705K(13652K)
[43.013s][info][gc             ] GC(166) Pause Young (Allocation Failure) 438M->39M(4046M) 6.228ms
[43.013s][info][gc,cpu         ] GC(166) User=0.00s Sys=0.00s Real=0.00s
[43.039s][info][gc,start       ] GC(167) Pause Full (System.gc())
[43.041s][info][gc,phases,start] GC(167) Phase 1: Mark live objects
[43.083s][info][gc,phases      ] GC(167) Phase 1: Mark live objects 41.791ms
[43.083s][info][gc,phases,start] GC(167) Phase 2: Compute new object addresses
[43.100s][info][gc,phases      ] GC(167) Phase 2: Compute new object addresses 17.147ms
[43.100s][info][gc,phases,start] GC(167) Phase 3: Adjust pointers
[43.126s][info][gc,phases      ] GC(167) Phase 3: Adjust pointers 25.684ms
[43.126s][info][gc,phases,start] GC(167) Phase 4: Move objects
[43.129s][info][gc,phases      ] GC(167) Phase 4: Move objects 2.956ms
[43.132s][info][gc,heap        ] GC(167) ParNew: 70261K->0K(460096K)
[43.132s][info][gc,heap        ] GC(167) CMS: 38542K->38651K(3683136K)
[43.132s][info][gc,metaspace   ] GC(167) Metaspace: 106871K(111044K)->106871K(111044K) NonClass: 95166K(97392K)->95166K(97392K) Class: 11705K(13652K)->11705K(13652K)
[43.133s][info][gc             ] GC(167) Pause Full (System.gc()) 106M->37M(4046M) 94.328ms
[43.133s][info][gc,cpu         ] GC(167) User=0.05s Sys=0.00s Real=0.10s
[43.339s][info][gc,start       ] GC(168) Pause Young (Allocation Failure)
[43.339s][info][gc,task        ] GC(168) Using 6 workers of 6 for evacuation
[43.345s][info][gc,heap        ] GC(168) ParNew: 409024K->2026K(460096K)
[43.345s][info][gc,heap        ] GC(168) CMS: 38651K->38651K(3683136K)
[43.345s][info][gc,metaspace   ] GC(168) Metaspace: 106871K(111044K)->106871K(111044K) NonClass: 95166K(97392K)->95166K(97392K) Class: 11705K(13652K)->11705K(13652K)
[43.345s][info][gc             ] GC(168) Pause Young (Allocation Failure) 437M->39M(4046M) 6.005ms
[43.345s][info][gc,cpu         ] GC(168) User=0.00s Sys=0.00s Real=0.00s
[43.527s][info][gc,start       ] GC(169) Pause Young (Allocation Failure)
[43.527s][info][gc,task        ] GC(169) Using 6 workers of 6 for evacuation
[43.533s][info][gc,heap        ] GC(169) ParNew: 411050K->2176K(460096K)
[43.533s][info][gc,heap        ] GC(169) CMS: 38651K->38651K(3683136K)
[43.533s][info][gc,metaspace   ] GC(169) Metaspace: 106871K(111044K)->106871K(111044K) NonClass: 95166K(97392K)->95166K(97392K) Class: 11705K(13652K)->11705K(13652K)
[43.533s][info][gc             ] GC(169) Pause Young (Allocation Failure) 439M->39M(4046M) 6.017ms
[43.533s][info][gc,cpu         ] GC(169) User=0.00s Sys=0.00s Real=0.00s
[43.715s][info][gc,start       ] GC(170) Pause Young (Allocation Failure)
[43.715s][info][gc,task        ] GC(170) Using 6 workers of 6 for evacuation
[43.721s][info][gc,heap        ] GC(170) ParNew: 411200K->1958K(460096K)
[43.721s][info][gc,heap        ] GC(170) CMS: 38651K->38651K(3683136K)
[43.721s][info][gc,metaspace   ] GC(170) Metaspace: 106871K(111044K)->106871K(111044K) NonClass: 95166K(97392K)->95166K(97392K) Class: 11705K(13652K)->11705K(13652K)
[43.721s][info][gc             ] GC(170) Pause Young (Allocation Failure) 439M->39M(4046M) 5.733ms
[43.721s][info][gc,cpu         ] GC(170) User=0.00s Sys=0.00s Real=0.00s
[43.748s][info][gc,start       ] GC(171) Pause Full (System.gc())
[43.750s][info][gc,phases,start] GC(171) Phase 1: Mark live objects
[43.791s][info][gc,phases      ] GC(171) Phase 1: Mark live objects 41.490ms
[43.791s][info][gc,phases,start] GC(171) Phase 2: Compute new object addresses
[43.809s][info][gc,phases      ] GC(171) Phase 2: Compute new object addresses 17.118ms
[43.809s][info][gc,phases,start] GC(171) Phase 3: Adjust pointers
[43.834s][info][gc,phases      ] GC(171) Phase 3: Adjust pointers 24.855ms
[43.834s][info][gc,phases,start] GC(171) Phase 4: Move objects
[43.837s][info][gc,phases      ] GC(171) Phase 4: Move objects 3.003ms
[43.840s][info][gc,heap        ] GC(171) ParNew: 71036K->0K(460096K)
[43.840s][info][gc,heap        ] GC(171) CMS: 38651K->38759K(3683136K)
[43.840s][info][gc,metaspace   ] GC(171) Metaspace: 106871K(111044K)->106871K(111044K) NonClass: 95166K(97392K)->95166K(97392K) Class: 11705K(13652K)->11705K(13652K)
[43.841s][info][gc             ] GC(171) Pause Full (System.gc()) 107M->37M(4046M) 92.894ms
[43.841s][info][gc,cpu         ] GC(171) User=0.09s Sys=0.00s Real=0.09s
[44.047s][info][gc,start       ] GC(172) Pause Young (Allocation Failure)
[44.047s][info][gc,task        ] GC(172) Using 6 workers of 6 for evacuation
[44.052s][info][gc,heap        ] GC(172) ParNew: 409024K->2038K(460096K)
[44.052s][info][gc,heap        ] GC(172) CMS: 38759K->38759K(3683136K)
[44.052s][info][gc,metaspace   ] GC(172) Metaspace: 106873K(111044K)->106873K(111044K) NonClass: 95168K(97392K)->95168K(97392K) Class: 11705K(13652K)->11705K(13652K)
[44.052s][info][gc             ] GC(172) Pause Young (Allocation Failure) 437M->39M(4046M) 5.849ms
[44.053s][info][gc,cpu         ] GC(172) User=0.00s Sys=0.00s Real=0.00s
[44.235s][info][gc,start       ] GC(173) Pause Young (Allocation Failure)
[44.235s][info][gc,task        ] GC(173) Using 6 workers of 6 for evacuation
[44.241s][info][gc,heap        ] GC(173) ParNew: 411062K->2295K(460096K)
[44.241s][info][gc,heap        ] GC(173) CMS: 38759K->38759K(3683136K)
[44.241s][info][gc,metaspace   ] GC(173) Metaspace: 106891K(111044K)->106891K(111044K) NonClass: 95185K(97392K)->95185K(97392K) Class: 11705K(13652K)->11705K(13652K)
[44.241s][info][gc             ] GC(173) Pause Young (Allocation Failure) 439M->40M(4046M) 5.686ms
[44.241s][info][gc,cpu         ] GC(173) User=0.00s Sys=0.00s Real=0.00s
[44.423s][info][gc,start       ] GC(174) Pause Young (Allocation Failure)
[44.423s][info][gc,task        ] GC(174) Using 6 workers of 6 for evacuation
[44.429s][info][gc,heap        ] GC(174) ParNew: 411319K->1813K(460096K)
[44.429s][info][gc,heap        ] GC(174) CMS: 38759K->38759K(3683136K)
[44.429s][info][gc,metaspace   ] GC(174) Metaspace: 106891K(111044K)->106891K(111044K) NonClass: 95185K(97392K)->95185K(97392K) Class: 11705K(13652K)->11705K(13652K)
[44.429s][info][gc             ] GC(174) Pause Young (Allocation Failure) 439M->39M(4046M) 5.580ms
[44.429s][info][gc,cpu         ] GC(174) User=0.00s Sys=0.00s Real=0.00s
[44.457s][info][gc,start       ] GC(175) Pause Full (System.gc())
[44.459s][info][gc,phases,start] GC(175) Phase 1: Mark live objects
[44.501s][info][gc,phases      ] GC(175) Phase 1: Mark live objects 42.260ms
[44.501s][info][gc,phases,start] GC(175) Phase 2: Compute new object addresses
[44.518s][info][gc,phases      ] GC(175) Phase 2: Compute new object addresses 17.074ms
[44.518s][info][gc,phases,start] GC(175) Phase 3: Adjust pointers
[44.543s][info][gc,phases      ] GC(175) Phase 3: Adjust pointers 24.845ms
[44.543s][info][gc,phases,start] GC(175) Phase 4: Move objects
[44.546s][info][gc,phases      ] GC(175) Phase 4: Move objects 3.108ms
[44.549s][info][gc,heap        ] GC(175) ParNew: 73133K->0K(460096K)
[44.549s][info][gc,heap        ] GC(175) CMS: 38759K->38886K(3683136K)
[44.549s][info][gc,metaspace   ] GC(175) Metaspace: 106895K(111044K)->106895K(111044K) NonClass: 95190K(97392K)->95190K(97392K) Class: 11705K(13652K)->11705K(13652K)
[44.550s][info][gc             ] GC(175) Pause Full (System.gc()) 109M->37M(4046M) 93.478ms
[44.550s][info][gc,cpu         ] GC(175) User=0.09s Sys=0.00s Real=0.09s
[44.755s][info][gc,start       ] GC(176) Pause Young (Allocation Failure)
[44.755s][info][gc,task        ] GC(176) Using 6 workers of 6 for evacuation
[44.761s][info][gc,heap        ] GC(176) ParNew: 409024K->1681K(460096K)
[44.761s][info][gc,heap        ] GC(176) CMS: 38886K->38886K(3683136K)
[44.761s][info][gc,metaspace   ] GC(176) Metaspace: 106897K(111044K)->106897K(111044K) NonClass: 95191K(97392K)->95191K(97392K) Class: 11705K(13652K)->11705K(13652K)
[44.761s][info][gc             ] GC(176) Pause Young (Allocation Failure) 437M->39M(4046M) 5.963ms
[44.761s][info][gc,cpu         ] GC(176) User=0.00s Sys=0.00s Real=0.00s
[44.943s][info][gc,start       ] GC(177) Pause Young (Allocation Failure)
[44.943s][info][gc,task        ] GC(177) Using 6 workers of 6 for evacuation
[44.949s][info][gc,heap        ] GC(177) ParNew: 410705K->2179K(460096K)
[44.949s][info][gc,heap        ] GC(177) CMS: 38886K->38886K(3683136K)
[44.949s][info][gc,metaspace   ] GC(177) Metaspace: 106897K(111044K)->106897K(111044K) NonClass: 95191K(97392K)->95191K(97392K) Class: 11705K(13652K)->11705K(13652K)
[44.949s][info][gc             ] GC(177) Pause Young (Allocation Failure) 439M->40M(4046M) 5.927ms
[44.949s][info][gc,cpu         ] GC(177) User=0.00s Sys=0.00s Real=0.00s
[45.132s][info][gc,start       ] GC(178) Pause Young (Allocation Failure)
[45.133s][info][gc,task        ] GC(178) Using 6 workers of 6 for evacuation
[45.139s][info][gc,heap        ] GC(178) ParNew: 411203K->1646K(460096K)
[45.140s][info][gc,heap        ] GC(178) CMS: 38886K->38886K(3683136K)
[45.140s][info][gc,metaspace   ] GC(178) Metaspace: 106899K(111044K)->106899K(111044K) NonClass: 95193K(97392K)->95193K(97392K) Class: 11705K(13652K)->11705K(13652K)
[45.140s][info][gc             ] GC(178) Pause Young (Allocation Failure) 439M->39M(4046M) 7.058ms
[45.140s][info][gc,cpu         ] GC(178) User=0.00s Sys=0.00s Real=0.00s
[45.167s][info][gc,start       ] GC(179) Pause Full (System.gc())
[45.169s][info][gc,phases,start] GC(179) Phase 1: Mark live objects
[45.211s][info][gc,phases      ] GC(179) Phase 1: Mark live objects 41.917ms
[45.211s][info][gc,phases,start] GC(179) Phase 2: Compute new object addresses
[45.228s][info][gc,phases      ] GC(179) Phase 2: Compute new object addresses 17.114ms
[45.228s][info][gc,phases,start] GC(179) Phase 3: Adjust pointers
[45.254s][info][gc,phases      ] GC(179) Phase 3: Adjust pointers 25.610ms
[45.254s][info][gc,phases,start] GC(179) Phase 4: Move objects
[45.257s][info][gc,phases      ] GC(179) Phase 4: Move objects 3.020ms
[45.260s][info][gc,heap        ] GC(179) ParNew: 68422K->0K(460096K)
[45.260s][info][gc,heap        ] GC(179) CMS: 38886K->39003K(3683136K)
[45.260s][info][gc,metaspace   ] GC(179) Metaspace: 106900K(111044K)->106900K(111044K) NonClass: 95195K(97392K)->95195K(97392K) Class: 11705K(13652K)->11705K(13652K)
[45.261s][info][gc             ] GC(179) Pause Full (System.gc()) 104M->38M(4046M) 93.942ms
[45.261s][info][gc,cpu         ] GC(179) User=0.09s Sys=0.00s Real=0.09s
[45.466s][info][gc,start       ] GC(180) Pause Young (Allocation Failure)
[45.466s][info][gc,task        ] GC(180) Using 6 workers of 6 for evacuation
[45.472s][info][gc,heap        ] GC(180) ParNew: 409024K->1798K(460096K)
[45.472s][info][gc,heap        ] GC(180) CMS: 39003K->39003K(3683136K)
[45.472s][info][gc,metaspace   ] GC(180) Metaspace: 106900K(111044K)->106900K(111044K) NonClass: 95195K(97392K)->95195K(97392K) Class: 11705K(13652K)->11705K(13652K)
[45.472s][info][gc             ] GC(180) Pause Young (Allocation Failure) 437M->39M(4046M) 6.642ms
[45.472s][info][gc,cpu         ] GC(180) User=0.00s Sys=0.00s Real=0.00s
[45.655s][info][gc,start       ] GC(181) Pause Young (Allocation Failure)
[45.655s][info][gc,task        ] GC(181) Using 6 workers of 6 for evacuation
[45.661s][info][gc,heap        ] GC(181) ParNew: 410822K->1831K(460096K)
[45.661s][info][gc,heap        ] GC(181) CMS: 39003K->39003K(3683136K)
[45.661s][info][gc,metaspace   ] GC(181) Metaspace: 106900K(111044K)->106900K(111044K) NonClass: 95195K(97392K)->95195K(97392K) Class: 11705K(13652K)->11705K(13652K)
[45.661s][info][gc             ] GC(181) Pause Young (Allocation Failure) 439M->39M(4046M) 6.253ms
[45.661s][info][gc,cpu         ] GC(181) User=0.00s Sys=0.00s Real=0.00s
[45.843s][info][gc,start       ] GC(182) Pause Young (Allocation Failure)
[45.844s][info][gc,task        ] GC(182) Using 6 workers of 6 for evacuation
[45.850s][info][gc,heap        ] GC(182) ParNew: 410855K->1939K(460096K)
[45.850s][info][gc,heap        ] GC(182) CMS: 39003K->39003K(3683136K)
[45.850s][info][gc,metaspace   ] GC(182) Metaspace: 106900K(111044K)->106900K(111044K) NonClass: 95195K(97392K)->95195K(97392K) Class: 11705K(13652K)->11705K(13652K)
[45.850s][info][gc             ] GC(182) Pause Young (Allocation Failure) 439M->39M(4046M) 6.216ms
[45.850s][info][gc,cpu         ] GC(182) User=0.00s Sys=0.00s Real=0.00s
[45.877s][info][gc,start       ] GC(183) Pause Full (System.gc())
[45.880s][info][gc,phases,start] GC(183) Phase 1: Mark live objects
[45.924s][info][gc,phases      ] GC(183) Phase 1: Mark live objects 43.551ms
[45.924s][info][gc,phases,start] GC(183) Phase 2: Compute new object addresses
[45.941s][info][gc,phases      ] GC(183) Phase 2: Compute new object addresses 17.646ms
[45.941s][info][gc,phases,start] GC(183) Phase 3: Adjust pointers
[45.967s][info][gc,phases      ] GC(183) Phase 3: Adjust pointers 25.426ms
[45.967s][info][gc,phases,start] GC(183) Phase 4: Move objects
[45.970s][info][gc,phases      ] GC(183) Phase 4: Move objects 3.052ms
[45.973s][info][gc,heap        ] GC(183) ParNew: 73377K->0K(460096K)
[45.973s][info][gc,heap        ] GC(183) CMS: 39003K->39110K(3683136K)
[45.973s][info][gc,metaspace   ] GC(183) Metaspace: 106900K(111044K)->106900K(111044K) NonClass: 95195K(97392K)->95195K(97392K) Class: 11705K(13652K)->11705K(13652K)
[45.974s][info][gc             ] GC(183) Pause Full (System.gc()) 109M->38M(4046M) 97.283ms
[45.974s][info][gc,cpu         ] GC(183) User=0.09s Sys=0.00s Real=0.09s
[46.178s][info][gc,start       ] GC(184) Pause Young (Allocation Failure)
[46.178s][info][gc,task        ] GC(184) Using 6 workers of 6 for evacuation
[46.184s][info][gc,heap        ] GC(184) ParNew: 409024K->2009K(460096K)
[46.184s][info][gc,heap        ] GC(184) CMS: 39110K->39110K(3683136K)
[46.184s][info][gc,metaspace   ] GC(184) Metaspace: 106900K(111044K)->106900K(111044K) NonClass: 95195K(97392K)->95195K(97392K) Class: 11705K(13652K)->11705K(13652K)
[46.184s][info][gc             ] GC(184) Pause Young (Allocation Failure) 437M->40M(4046M) 6.302ms
[46.184s][info][gc,cpu         ] GC(184) User=0.02s Sys=0.00s Real=0.02s
[46.366s][info][gc,start       ] GC(185) Pause Young (Allocation Failure)
[46.366s][info][gc,task        ] GC(185) Using 6 workers of 6 for evacuation
[46.373s][info][gc,heap        ] GC(185) ParNew: 411033K->2226K(460096K)
[46.373s][info][gc,heap        ] GC(185) CMS: 39110K->39110K(3683136K)
[46.373s][info][gc,metaspace   ] GC(185) Metaspace: 106900K(111044K)->106900K(111044K) NonClass: 95195K(97392K)->95195K(97392K) Class: 11705K(13652K)->11705K(13652K)
[46.373s][info][gc             ] GC(185) Pause Young (Allocation Failure) 439M->40M(4046M) 6.758ms
[46.373s][info][gc,cpu         ] GC(185) User=0.02s Sys=0.00s Real=0.02s
[46.554s][info][gc,start       ] GC(186) Pause Young (Allocation Failure)
[46.555s][info][gc,task        ] GC(186) Using 6 workers of 6 for evacuation
[46.561s][info][gc,heap        ] GC(186) ParNew: 411250K->1872K(460096K)
[46.561s][info][gc,heap        ] GC(186) CMS: 39110K->39110K(3683136K)
[46.561s][info][gc,metaspace   ] GC(186) Metaspace: 106900K(111044K)->106900K(111044K) NonClass: 95195K(97392K)->95195K(97392K) Class: 11705K(13652K)->11705K(13652K)
[46.561s][info][gc             ] GC(186) Pause Young (Allocation Failure) 439M->40M(4046M) 6.605ms
[46.561s][info][gc,cpu         ] GC(186) User=0.02s Sys=0.00s Real=0.02s
[46.587s][info][gc,start       ] GC(187) Pause Full (System.gc())
[46.589s][info][gc,phases,start] GC(187) Phase 1: Mark live objects
[46.631s][info][gc,phases      ] GC(187) Phase 1: Mark live objects 41.760ms
[46.631s][info][gc,phases,start] GC(187) Phase 2: Compute new object addresses
[46.648s][info][gc,phases      ] GC(187) Phase 2: Compute new object addresses 17.103ms
[46.648s][info][gc,phases,start] GC(187) Phase 3: Adjust pointers
[46.673s][info][gc,phases      ] GC(187) Phase 3: Adjust pointers 25.070ms
[46.673s][info][gc,phases,start] GC(187) Phase 4: Move objects
[46.676s][info][gc,phases      ] GC(187) Phase 4: Move objects 3.053ms
[46.679s][info][gc,heap        ] GC(187) ParNew: 71101K->0K(460096K)
[46.680s][info][gc,heap        ] GC(187) CMS: 39110K->39217K(3683136K)
[46.680s][info][gc,metaspace   ] GC(187) Metaspace: 106900K(111044K)->106900K(111044K) NonClass: 95195K(97392K)->95195K(97392K) Class: 11705K(13652K)->11705K(13652K)
[46.680s][info][gc             ] GC(187) Pause Full (System.gc()) 107M->38M(4046M) 92.906ms
[46.680s][info][gc,cpu         ] GC(187) User=0.08s Sys=0.00s Real=0.08s
[46.885s][info][gc,start       ] GC(188) Pause Young (Allocation Failure)
[46.885s][info][gc,task        ] GC(188) Using 6 workers of 6 for evacuation
[46.893s][info][gc,heap        ] GC(188) ParNew: 409024K->2075K(460096K)
[46.893s][info][gc,heap        ] GC(188) CMS: 39217K->39217K(3683136K)
[46.893s][info][gc,metaspace   ] GC(188) Metaspace: 106900K(111044K)->106900K(111044K) NonClass: 95195K(97392K)->95195K(97392K) Class: 11705K(13652K)->11705K(13652K)
[46.893s][info][gc             ] GC(188) Pause Young (Allocation Failure) 437M->40M(4046M) 8.261ms
[46.893s][info][gc,cpu         ] GC(188) User=0.00s Sys=0.00s Real=0.00s
[47.075s][info][gc,start       ] GC(189) Pause Young (Allocation Failure)
[47.075s][info][gc,task        ] GC(189) Using 6 workers of 6 for evacuation
[47.081s][info][gc,heap        ] GC(189) ParNew: 411099K->1914K(460096K)
[47.081s][info][gc,heap        ] GC(189) CMS: 39217K->39217K(3683136K)
[47.081s][info][gc,metaspace   ] GC(189) Metaspace: 106900K(111044K)->106900K(111044K) NonClass: 95195K(97392K)->95195K(97392K) Class: 11705K(13652K)->11705K(13652K)
[47.082s][info][gc             ] GC(189) Pause Young (Allocation Failure) 439M->40M(4046M) 6.127ms
[47.082s][info][gc,cpu         ] GC(189) User=0.00s Sys=0.00s Real=0.00s
[47.266s][info][gc,start       ] GC(190) Pause Young (Allocation Failure)
[47.266s][info][gc,task        ] GC(190) Using 6 workers of 6 for evacuation
[47.272s][info][gc,heap        ] GC(190) ParNew: 410938K->1911K(460096K)
[47.272s][info][gc,heap        ] GC(190) CMS: 39217K->39217K(3683136K)
[47.272s][info][gc,metaspace   ] GC(190) Metaspace: 106900K(111044K)->106900K(111044K) NonClass: 95195K(97392K)->95195K(97392K) Class: 11705K(13652K)->11705K(13652K)
[47.272s][info][gc             ] GC(190) Pause Young (Allocation Failure) 439M->40M(4046M) 6.149ms
[47.272s][info][gc,cpu         ] GC(190) User=0.00s Sys=0.00s Real=0.00s
[47.300s][info][gc,start       ] GC(191) Pause Full (System.gc())
[47.302s][info][gc,phases,start] GC(191) Phase 1: Mark live objects
[47.345s][info][gc,phases      ] GC(191) Phase 1: Mark live objects 42.438ms
[47.345s][info][gc,phases,start] GC(191) Phase 2: Compute new object addresses
[47.362s][info][gc,phases      ] GC(191) Phase 2: Compute new object addresses 17.259ms
[47.362s][info][gc,phases,start] GC(191) Phase 3: Adjust pointers
[47.387s][info][gc,phases      ] GC(191) Phase 3: Adjust pointers 24.945ms
[47.387s][info][gc,phases,start] GC(191) Phase 4: Move objects
[47.390s][info][gc,phases      ] GC(191) Phase 4: Move objects 2.856ms
[47.393s][info][gc,heap        ] GC(191) ParNew: 73264K->0K(460096K)
[47.393s][info][gc,heap        ] GC(191) CMS: 39217K->39327K(3683136K)
[47.393s][info][gc,metaspace   ] GC(191) Metaspace: 106900K(111044K)->106900K(111044K) NonClass: 95195K(97392K)->95195K(97392K) Class: 11705K(13652K)->11705K(13652K)
[47.394s][info][gc             ] GC(191) Pause Full (System.gc()) 109M->38M(4046M) 93.488ms
[47.394s][info][gc,cpu         ] GC(191) User=0.08s Sys=0.00s Real=0.09s
[47.600s][info][gc,start       ] GC(192) Pause Young (Allocation Failure)
[47.600s][info][gc,task        ] GC(192) Using 6 workers of 6 for evacuation
[47.606s][info][gc,heap        ] GC(192) ParNew: 409024K->1779K(460096K)
[47.606s][info][gc,heap        ] GC(192) CMS: 39327K->39327K(3683136K)
[47.606s][info][gc,metaspace   ] GC(192) Metaspace: 106900K(111044K)->106900K(111044K) NonClass: 95195K(97392K)->95195K(97392K) Class: 11705K(13652K)->11705K(13652K)
[47.606s][info][gc             ] GC(192) Pause Young (Allocation Failure) 437M->40M(4046M) 6.108ms
[47.606s][info][gc,cpu         ] GC(192) User=0.00s Sys=0.00s Real=0.00s
[47.787s][info][gc,start       ] GC(193) Pause Young (Allocation Failure)
[47.788s][info][gc,task        ] GC(193) Using 6 workers of 6 for evacuation
[47.794s][info][gc,heap        ] GC(193) ParNew: 410803K->1916K(460096K)
[47.794s][info][gc,heap        ] GC(193) CMS: 39327K->39327K(3683136K)
[47.794s][info][gc,metaspace   ] GC(193) Metaspace: 106900K(111044K)->106900K(111044K) NonClass: 95195K(97392K)->95195K(97392K) Class: 11705K(13652K)->11705K(13652K)
[47.794s][info][gc             ] GC(193) Pause Young (Allocation Failure) 439M->40M(4046M) 6.578ms
[47.794s][info][gc,cpu         ] GC(193) User=0.00s Sys=0.00s Real=0.00s
[47.976s][info][gc,start       ] GC(194) Pause Young (Allocation Failure)
[47.976s][info][gc,task        ] GC(194) Using 6 workers of 6 for evacuation
[47.983s][info][gc,heap        ] GC(194) ParNew: 410940K->1960K(460096K)
[47.983s][info][gc,heap        ] GC(194) CMS: 39327K->39327K(3683136K)
[47.983s][info][gc,metaspace   ] GC(194) Metaspace: 106900K(111044K)->106900K(111044K) NonClass: 95195K(97392K)->95195K(97392K) Class: 11705K(13652K)->11705K(13652K)
[47.983s][info][gc             ] GC(194) Pause Young (Allocation Failure) 439M->40M(4046M) 6.555ms
[47.983s][info][gc,cpu         ] GC(194) User=0.00s Sys=0.00s Real=0.00s
[48.011s][info][gc,start       ] GC(195) Pause Full (System.gc())
[48.013s][info][gc,phases,start] GC(195) Phase 1: Mark live objects
[48.055s][info][gc,phases      ] GC(195) Phase 1: Mark live objects 42.247ms
[48.055s][info][gc,phases,start] GC(195) Phase 2: Compute new object addresses
[48.073s][info][gc,phases      ] GC(195) Phase 2: Compute new object addresses 17.522ms
[48.073s][info][gc,phases,start] GC(195) Phase 3: Adjust pointers
[48.099s][info][gc,phases      ] GC(195) Phase 3: Adjust pointers 26.477ms
[48.099s][info][gc,phases,start] GC(195) Phase 4: Move objects
[48.103s][info][gc,phases      ] GC(195) Phase 4: Move objects 3.399ms
[48.106s][info][gc,heap        ] GC(195) ParNew: 73213K->0K(460096K)
[48.106s][info][gc,heap        ] GC(195) CMS: 39327K->39434K(3683136K)
[48.106s][info][gc,metaspace   ] GC(195) Metaspace: 106900K(111044K)->106900K(111044K) NonClass: 95195K(97392K)->95195K(97392K) Class: 11705K(13652K)->11705K(13652K)
[48.107s][info][gc             ] GC(195) Pause Full (System.gc()) 109M->38M(4046M) 96.416ms
[48.107s][info][gc,cpu         ] GC(195) User=0.09s Sys=0.00s Real=0.09s
[48.312s][info][gc,start       ] GC(196) Pause Young (Allocation Failure)
[48.312s][info][gc,task        ] GC(196) Using 6 workers of 6 for evacuation
[48.319s][info][gc,heap        ] GC(196) ParNew: 409024K->2015K(460096K)
[48.319s][info][gc,heap        ] GC(196) CMS: 39434K->39434K(3683136K)
[48.319s][info][gc,metaspace   ] GC(196) Metaspace: 106900K(111044K)->106900K(111044K) NonClass: 95195K(97392K)->95195K(97392K) Class: 11705K(13652K)->11705K(13652K)
[48.319s][info][gc             ] GC(196) Pause Young (Allocation Failure) 437M->40M(4046M) 6.972ms
[48.319s][info][gc,cpu         ] GC(196) User=0.02s Sys=0.00s Real=0.01s
[48.501s][info][gc,start       ] GC(197) Pause Young (Allocation Failure)
[48.501s][info][gc,task        ] GC(197) Using 6 workers of 6 for evacuation
[48.508s][info][gc,heap        ] GC(197) ParNew: 411039K->1986K(460096K)
[48.508s][info][gc,heap        ] GC(197) CMS: 39434K->39434K(3683136K)
[48.508s][info][gc,metaspace   ] GC(197) Metaspace: 106900K(111044K)->106900K(111044K) NonClass: 95195K(97392K)->95195K(97392K) Class: 11705K(13652K)->11705K(13652K)
[48.508s][info][gc             ] GC(197) Pause Young (Allocation Failure) 439M->40M(4046M) 7.021ms
[48.508s][info][gc,cpu         ] GC(197) User=0.02s Sys=0.00s Real=0.01s
[48.689s][info][gc,start       ] GC(198) Pause Young (Allocation Failure)
[48.690s][info][gc,task        ] GC(198) Using 6 workers of 6 for evacuation
[48.696s][info][gc,heap        ] GC(198) ParNew: 411010K->1943K(460096K)
[48.696s][info][gc,heap        ] GC(198) CMS: 39434K->39434K(3683136K)
[48.696s][info][gc,metaspace   ] GC(198) Metaspace: 106900K(111044K)->106900K(111044K) NonClass: 95195K(97392K)->95195K(97392K) Class: 11705K(13652K)->11705K(13652K)
[48.696s][info][gc             ] GC(198) Pause Young (Allocation Failure) 439M->40M(4046M) 6.696ms
[48.696s][info][gc,cpu         ] GC(198) User=0.02s Sys=0.00s Real=0.02s
[48.722s][info][gc,start       ] GC(199) Pause Full (System.gc())
[48.724s][info][gc,phases,start] GC(199) Phase 1: Mark live objects
[48.766s][info][gc,phases      ] GC(199) Phase 1: Mark live objects 41.902ms
[48.766s][info][gc,phases,start] GC(199) Phase 2: Compute new object addresses
[48.783s][info][gc,phases      ] GC(199) Phase 2: Compute new object addresses 16.991ms
[48.783s][info][gc,phases,start] GC(199) Phase 3: Adjust pointers
[48.808s][info][gc,phases      ] GC(199) Phase 3: Adjust pointers 25.182ms
[48.808s][info][gc,phases,start] GC(199) Phase 4: Move objects
[48.812s][info][gc,phases      ] GC(199) Phase 4: Move objects 3.503ms
[48.815s][info][gc,heap        ] GC(199) ParNew: 67867K->0K(460096K)
[48.815s][info][gc,heap        ] GC(199) CMS: 39434K->39542K(3683136K)
[48.815s][info][gc,metaspace   ] GC(199) Metaspace: 106900K(111044K)->106900K(111044K) NonClass: 95195K(97392K)->95195K(97392K) Class: 11705K(13652K)->11705K(13652K)
[48.816s][info][gc             ] GC(199) Pause Full (System.gc()) 104M->38M(4046M) 93.646ms
[48.816s][info][gc,cpu         ] GC(199) User=0.09s Sys=0.00s Real=0.10s
[49.020s][info][gc,start       ] GC(200) Pause Young (Allocation Failure)
[49.020s][info][gc,task        ] GC(200) Using 6 workers of 6 for evacuation
[49.026s][info][gc,heap        ] GC(200) ParNew: 409024K->1819K(460096K)
[49.026s][info][gc,heap        ] GC(200) CMS: 39542K->39542K(3683136K)
[49.026s][info][gc,metaspace   ] GC(200) Metaspace: 106900K(111044K)->106900K(111044K) NonClass: 95195K(97392K)->95195K(97392K) Class: 11705K(13652K)->11705K(13652K)
[49.027s][info][gc             ] GC(200) Pause Young (Allocation Failure) 438M->40M(4046M) 6.312ms
[49.027s][info][gc,cpu         ] GC(200) User=0.06s Sys=0.00s Real=0.02s
[49.207s][info][gc,start       ] GC(201) Pause Young (Allocation Failure)
[49.207s][info][gc,task        ] GC(201) Using 6 workers of 6 for evacuation
[49.213s][info][gc,heap        ] GC(201) ParNew: 410843K->1923K(460096K)
[49.213s][info][gc,heap        ] GC(201) CMS: 39542K->39542K(3683136K)
[49.213s][info][gc,metaspace   ] GC(201) Metaspace: 106900K(111044K)->106900K(111044K) NonClass: 95195K(97392K)->95195K(97392K) Class: 11705K(13652K)->11705K(13652K)
[49.213s][info][gc             ] GC(201) Pause Young (Allocation Failure) 439M->40M(4046M) 6.213ms
[49.213s][info][gc,cpu         ] GC(201) User=0.02s Sys=0.00s Real=0.02s
[49.395s][info][gc,start       ] GC(202) Pause Young (Allocation Failure)
[49.395s][info][gc,task        ] GC(202) Using 6 workers of 6 for evacuation
[49.401s][info][gc,heap        ] GC(202) ParNew: 410947K->1991K(460096K)
[49.401s][info][gc,heap        ] GC(202) CMS: 39542K->39542K(3683136K)
[49.401s][info][gc,metaspace   ] GC(202) Metaspace: 106913K(111044K)->106913K(111044K) NonClass: 95207K(97392K)->95207K(97392K) Class: 11705K(13652K)->11705K(13652K)
[49.401s][info][gc             ] GC(202) Pause Young (Allocation Failure) 439M->40M(4046M) 6.245ms
[49.401s][info][gc,cpu         ] GC(202) User=0.02s Sys=0.00s Real=0.02s
[49.428s][info][gc,start       ] GC(203) Pause Full (System.gc())
[49.430s][info][gc,phases,start] GC(203) Phase 1: Mark live objects
[49.473s][info][gc,phases      ] GC(203) Phase 1: Mark live objects 42.714ms
[49.473s][info][gc,phases,start] GC(203) Phase 2: Compute new object addresses
[49.490s][info][gc,phases      ] GC(203) Phase 2: Compute new object addresses 17.404ms
[49.491s][info][gc,phases,start] GC(203) Phase 3: Adjust pointers
[49.515s][info][gc,phases      ] GC(203) Phase 3: Adjust pointers 24.969ms
[49.516s][info][gc,phases,start] GC(203) Phase 4: Move objects
[49.518s][info][gc,phases      ] GC(203) Phase 4: Move objects 1.999ms
[49.521s][info][gc,heap        ] GC(203) ParNew: 68959K->0K(460096K)
[49.521s][info][gc,heap        ] GC(203) CMS: 39542K->39650K(3683136K)
[49.521s][info][gc,metaspace   ] GC(203) Metaspace: 106913K(111044K)->106913K(111044K) NonClass: 95207K(97392K)->95207K(97392K) Class: 11705K(13652K)->11705K(13652K)
[49.522s][info][gc             ] GC(203) Pause Full (System.gc()) 105M->38M(4046M) 93.143ms
[49.522s][info][gc,cpu         ] GC(203) User=0.08s Sys=0.00s Real=0.08s
[49.728s][info][gc,start       ] GC(204) Pause Young (Allocation Failure)
[49.728s][info][gc,task        ] GC(204) Using 6 workers of 6 for evacuation
[49.734s][info][gc,heap        ] GC(204) ParNew: 409024K->1761K(460096K)
[49.734s][info][gc,heap        ] GC(204) CMS: 39650K->39650K(3683136K)
[49.734s][info][gc,metaspace   ] GC(204) Metaspace: 106915K(111044K)->106915K(111044K) NonClass: 95209K(97392K)->95209K(97392K) Class: 11705K(13652K)->11705K(13652K)
[49.734s][info][gc             ] GC(204) Pause Young (Allocation Failure) 438M->40M(4046M) 6.435ms
[49.734s][info][gc,cpu         ] GC(204) User=0.02s Sys=0.00s Real=0.00s
[49.917s][info][gc,start       ] GC(205) Pause Young (Allocation Failure)
[49.917s][info][gc,task        ] GC(205) Using 6 workers of 6 for evacuation
[49.923s][info][gc,heap        ] GC(205) ParNew: 410785K->1735K(460096K)
[49.923s][info][gc,heap        ] GC(205) CMS: 39650K->39650K(3683136K)
[49.923s][info][gc,metaspace   ] GC(205) Metaspace: 106915K(111044K)->106915K(111044K) NonClass: 95209K(97392K)->95209K(97392K) Class: 11705K(13652K)->11705K(13652K)
[49.923s][info][gc             ] GC(205) Pause Young (Allocation Failure) 439M->40M(4046M) 6.394ms
[49.923s][info][gc,cpu         ] GC(205) User=0.00s Sys=0.00s Real=0.00s
[50.104s][info][gc,start       ] GC(206) Pause Young (Allocation Failure)
[50.105s][info][gc,task        ] GC(206) Using 6 workers of 6 for evacuation
[50.112s][info][gc,heap        ] GC(206) ParNew: 410759K->2190K(460096K)
[50.112s][info][gc,heap        ] GC(206) CMS: 39650K->39650K(3683136K)
[50.112s][info][gc,metaspace   ] GC(206) Metaspace: 106915K(111044K)->106915K(111044K) NonClass: 95209K(97392K)->95209K(97392K) Class: 11705K(13652K)->11705K(13652K)
[50.112s][info][gc             ] GC(206) Pause Young (Allocation Failure) 439M->40M(4046M) 7.684ms
[50.112s][info][gc,cpu         ] GC(206) User=0.02s Sys=0.00s Real=0.02s
[50.139s][info][gc,start       ] GC(207) Pause Full (System.gc())
[50.141s][info][gc,phases,start] GC(207) Phase 1: Mark live objects
[50.182s][info][gc,phases      ] GC(207) Phase 1: Mark live objects 41.702ms
[50.182s][info][gc,phases,start] GC(207) Phase 2: Compute new object addresses
[50.199s][info][gc,phases      ] GC(207) Phase 2: Compute new object addresses 17.165ms
[50.200s][info][gc,phases,start] GC(207) Phase 3: Adjust pointers
[50.225s][info][gc,phases      ] GC(207) Phase 3: Adjust pointers 25.009ms
[50.225s][info][gc,phases,start] GC(207) Phase 4: Move objects
[50.227s][info][gc,phases      ] GC(207) Phase 4: Move objects 2.559ms
[50.230s][info][gc,heap        ] GC(207) ParNew: 68214K->0K(460096K)
[50.230s][info][gc,heap        ] GC(207) CMS: 39650K->39758K(3683136K)
[50.230s][info][gc,metaspace   ] GC(207) Metaspace: 106915K(111044K)->106915K(111044K) NonClass: 95210K(97392K)->95210K(97392K) Class: 11705K(13652K)->11705K(13652K)
[50.231s][info][gc             ] GC(207) Pause Full (System.gc()) 105M->38M(4046M) 92.795ms
[50.231s][info][gc,cpu         ] GC(207) User=0.08s Sys=0.00s Real=0.09s
[50.437s][info][gc,start       ] GC(208) Pause Young (Allocation Failure)
[50.437s][info][gc,task        ] GC(208) Using 6 workers of 6 for evacuation
[50.443s][info][gc,heap        ] GC(208) ParNew: 409024K->2090K(460096K)
[50.443s][info][gc,heap        ] GC(208) CMS: 39758K->39758K(3683136K)
[50.443s][info][gc,metaspace   ] GC(208) Metaspace: 106929K(111044K)->106929K(111044K) NonClass: 95223K(97392K)->95223K(97392K) Class: 11705K(13652K)->11705K(13652K)
[50.443s][info][gc             ] GC(208) Pause Young (Allocation Failure) 438M->40M(4046M) 6.548ms
[50.443s][info][gc,cpu         ] GC(208) User=0.00s Sys=0.00s Real=0.00s
[50.626s][info][gc,start       ] GC(209) Pause Young (Allocation Failure)
[50.626s][info][gc,task        ] GC(209) Using 6 workers of 6 for evacuation
[50.632s][info][gc,heap        ] GC(209) ParNew: 411114K->1976K(460096K)
[50.632s][info][gc,heap        ] GC(209) CMS: 39758K->39758K(3683136K)
[50.632s][info][gc,metaspace   ] GC(209) Metaspace: 106929K(111044K)->106929K(111044K) NonClass: 95223K(97392K)->95223K(97392K) Class: 11705K(13652K)->11705K(13652K)
[50.632s][info][gc             ] GC(209) Pause Young (Allocation Failure) 440M->40M(4046M) 6.423ms
[50.632s][info][gc,cpu         ] GC(209) User=0.00s Sys=0.00s Real=0.01s
[50.814s][info][gc,start       ] GC(210) Pause Young (Allocation Failure)
[50.814s][info][gc,task        ] GC(210) Using 6 workers of 6 for evacuation
[50.820s][info][gc,heap        ] GC(210) ParNew: 411000K->2026K(460096K)
[50.820s][info][gc,heap        ] GC(210) CMS: 39758K->39758K(3683136K)
[50.820s][info][gc,metaspace   ] GC(210) Metaspace: 106929K(111044K)->106929K(111044K) NonClass: 95223K(97392K)->95223K(97392K) Class: 11705K(13652K)->11705K(13652K)
[50.820s][info][gc             ] GC(210) Pause Young (Allocation Failure) 440M->40M(4046M) 6.078ms
[50.820s][info][gc,cpu         ] GC(210) User=0.00s Sys=0.00s Real=0.00s
[50.849s][info][gc,start       ] GC(211) Pause Full (System.gc())
[50.853s][info][gc,phases,start] GC(211) Phase 1: Mark live objects
[50.895s][info][gc,phases      ] GC(211) Phase 1: Mark live objects 41.956ms
[50.895s][info][gc,phases,start] GC(211) Phase 2: Compute new object addresses
[50.912s][info][gc,phases      ] GC(211) Phase 2: Compute new object addresses 17.823ms
[50.912s][info][gc,phases,start] GC(211) Phase 3: Adjust pointers
[50.938s][info][gc,phases      ] GC(211) Phase 3: Adjust pointers 25.478ms
[50.938s][info][gc,phases,start] GC(211) Phase 4: Move objects
[50.942s][info][gc,phases      ] GC(211) Phase 4: Move objects 3.598ms
[50.945s][info][gc,heap        ] GC(211) ParNew: 73432K->0K(460096K)
[50.945s][info][gc,heap        ] GC(211) CMS: 39758K->39794K(3683136K)
[50.945s][info][gc,metaspace   ] GC(211) Metaspace: 106929K(111044K)->106929K(111044K) NonClass: 95223K(97392K)->95223K(97392K) Class: 11705K(13652K)->11705K(13652K)
[50.946s][info][gc             ] GC(211) Pause Full (System.gc()) 110M->38M(4046M) 96.668ms
[50.946s][info][gc,cpu         ] GC(211) User=0.09s Sys=0.00s Real=0.09s
[51.150s][info][gc,start       ] GC(212) Pause Young (Allocation Failure)
[51.150s][info][gc,task        ] GC(212) Using 6 workers of 6 for evacuation
[51.157s][info][gc,heap        ] GC(212) ParNew: 409024K->2086K(460096K)
[51.157s][info][gc,heap        ] GC(212) CMS: 39794K->39794K(3683136K)
[51.157s][info][gc,metaspace   ] GC(212) Metaspace: 106929K(111044K)->106929K(111044K) NonClass: 95223K(97392K)->95223K(97392K) Class: 11705K(13652K)->11705K(13652K)
[51.157s][info][gc             ] GC(212) Pause Young (Allocation Failure) 438M->40M(4046M) 7.003ms
[51.157s][info][gc,cpu         ] GC(212) User=0.00s Sys=0.00s Real=0.00s
[51.339s][info][gc,start       ] GC(213) Pause Young (Allocation Failure)
[51.339s][info][gc,task        ] GC(213) Using 6 workers of 6 for evacuation
[51.345s][info][gc,heap        ] GC(213) ParNew: 411110K->2189K(460096K)
[51.345s][info][gc,heap        ] GC(213) CMS: 39794K->39794K(3683136K)
[51.345s][info][gc,metaspace   ] GC(213) Metaspace: 106929K(111044K)->106929K(111044K) NonClass: 95223K(97392K)->95223K(97392K) Class: 11705K(13652K)->11705K(13652K)
[51.345s][info][gc             ] GC(213) Pause Young (Allocation Failure) 440M->40M(4046M) 6.483ms
[51.345s][info][gc,cpu         ] GC(213) User=0.00s Sys=0.00s Real=0.00s
[51.527s][info][gc,start       ] GC(214) Pause Young (Allocation Failure)
[51.527s][info][gc,task        ] GC(214) Using 6 workers of 6 for evacuation
[51.534s][info][gc,heap        ] GC(214) ParNew: 411213K->1811K(460096K)
[51.534s][info][gc,heap        ] GC(214) CMS: 39794K->39794K(3683136K)
[51.534s][info][gc,metaspace   ] GC(214) Metaspace: 106929K(111044K)->106929K(111044K) NonClass: 95223K(97392K)->95223K(97392K) Class: 11705K(13652K)->11705K(13652K)
[51.534s][info][gc             ] GC(214) Pause Young (Allocation Failure) 440M->40M(4046M) 6.526ms
[51.534s][info][gc,cpu         ] GC(214) User=0.02s Sys=0.00s Real=0.01s
[51.560s][info][gc,start       ] GC(215) Pause Full (System.gc())
[51.563s][info][gc,phases,start] GC(215) Phase 1: Mark live objects
[51.606s][info][gc,phases      ] GC(215) Phase 1: Mark live objects 43.175ms
[51.606s][info][gc,phases,start] GC(215) Phase 2: Compute new object addresses
[51.623s][info][gc,phases      ] GC(215) Phase 2: Compute new object addresses 17.199ms
[51.623s][info][gc,phases,start] GC(215) Phase 3: Adjust pointers
[51.648s][info][gc,phases      ] GC(215) Phase 3: Adjust pointers 25.179ms
[51.648s][info][gc,phases,start] GC(215) Phase 4: Move objects
[51.651s][info][gc,phases      ] GC(215) Phase 4: Move objects 2.607ms
[51.654s][info][gc,heap        ] GC(215) ParNew: 68671K->0K(460096K)
[51.654s][info][gc,heap        ] GC(215) CMS: 39794K->39906K(3683136K)
[51.654s][info][gc,metaspace   ] GC(215) Metaspace: 106929K(111044K)->106929K(111044K) NonClass: 95223K(97392K)->95223K(97392K) Class: 11705K(13652K)->11705K(13652K)
[51.655s][info][gc             ] GC(215) Pause Full (System.gc()) 105M->38M(4046M) 94.813ms
[51.655s][info][gc,cpu         ] GC(215) User=0.09s Sys=0.00s Real=0.09s
[51.863s][info][gc,start       ] GC(216) Pause Young (Allocation Failure)
[51.863s][info][gc,task        ] GC(216) Using 6 workers of 6 for evacuation
[51.869s][info][gc,heap        ] GC(216) ParNew: 409024K->2030K(460096K)
[51.869s][info][gc,heap        ] GC(216) CMS: 39906K->39906K(3683136K)
[51.869s][info][gc,metaspace   ] GC(216) Metaspace: 106930K(111044K)->106930K(111044K) NonClass: 95224K(97392K)->95224K(97392K) Class: 11705K(13652K)->11705K(13652K)
[51.869s][info][gc             ] GC(216) Pause Young (Allocation Failure) 438M->40M(4046M) 6.228ms
[51.869s][info][gc,cpu         ] GC(216) User=0.02s Sys=0.00s Real=0.02s
[52.055s][info][gc,start       ] GC(217) Pause Young (Allocation Failure)
[52.055s][info][gc,task        ] GC(217) Using 6 workers of 6 for evacuation
[52.061s][info][gc,heap        ] GC(217) ParNew: 411054K->2017K(460096K)
[52.061s][info][gc,heap        ] GC(217) CMS: 39906K->39906K(3683136K)
[52.061s][info][gc,metaspace   ] GC(217) Metaspace: 106930K(111044K)->106930K(111044K) NonClass: 95224K(97392K)->95224K(97392K) Class: 11705K(13652K)->11705K(13652K)
[52.061s][info][gc             ] GC(217) Pause Young (Allocation Failure) 440M->40M(4046M) 5.889ms
[52.061s][info][gc,cpu         ] GC(217) User=0.03s Sys=0.00s Real=0.02s
[52.243s][info][gc,start       ] GC(218) Pause Young (Allocation Failure)
[52.243s][info][gc,task        ] GC(218) Using 6 workers of 6 for evacuation
[52.248s][info][gc,heap        ] GC(218) ParNew: 411041K->2387K(460096K)
[52.248s][info][gc,heap        ] GC(218) CMS: 39906K->39906K(3683136K)
[52.248s][info][gc,metaspace   ] GC(218) Metaspace: 106930K(111044K)->106930K(111044K) NonClass: 95224K(97392K)->95224K(97392K) Class: 11705K(13652K)->11705K(13652K)
[52.248s][info][gc             ] GC(218) Pause Young (Allocation Failure) 440M->41M(4046M) 5.956ms
[52.249s][info][gc,cpu         ] GC(218) User=0.02s Sys=0.00s Real=0.01s
[52.274s][info][gc,start       ] GC(219) Pause Full (System.gc())
[52.276s][info][gc,phases,start] GC(219) Phase 1: Mark live objects
[52.319s][info][gc,phases      ] GC(219) Phase 1: Mark live objects 42.612ms
[52.319s][info][gc,phases,start] GC(219) Phase 2: Compute new object addresses
[52.336s][info][gc,phases      ] GC(219) Phase 2: Compute new object addresses 17.311ms
[52.336s][info][gc,phases,start] GC(219) Phase 3: Adjust pointers
[52.362s][info][gc,phases      ] GC(219) Phase 3: Adjust pointers 25.521ms
[52.362s][info][gc,phases,start] GC(219) Phase 4: Move objects
[52.370s][info][gc,phases      ] GC(219) Phase 4: Move objects 8.280ms
[52.373s][info][gc,heap        ] GC(219) ParNew: 69127K->0K(460096K)
[52.373s][info][gc,heap        ] GC(219) CMS: 39906K->40014K(3683136K)
[52.373s][info][gc,metaspace   ] GC(219) Metaspace: 106930K(111044K)->106930K(111044K) NonClass: 95224K(97392K)->95224K(97392K) Class: 11705K(13652K)->11705K(13652K)
[52.374s][info][gc             ] GC(219) Pause Full (System.gc()) 106M->39M(4046M) 99.776ms
[52.374s][info][gc,cpu         ] GC(219) User=0.11s Sys=0.00s Real=0.11s
[52.578s][info][gc,start       ] GC(220) Pause Young (Allocation Failure)
[52.578s][info][gc,task        ] GC(220) Using 6 workers of 6 for evacuation
[52.585s][info][gc,heap        ] GC(220) ParNew: 409024K->1755K(460096K)
[52.585s][info][gc,heap        ] GC(220) CMS: 40014K->40014K(3683136K)
[52.585s][info][gc,metaspace   ] GC(220) Metaspace: 106930K(111044K)->106930K(111044K) NonClass: 95224K(97392K)->95224K(97392K) Class: 11705K(13652K)->11705K(13652K)
[52.585s][info][gc             ] GC(220) Pause Young (Allocation Failure) 438M->40M(4046M) 7.810ms
[52.586s][info][gc,cpu         ] GC(220) User=0.00s Sys=0.00s Real=0.00s
[52.764s][info][gc,start       ] GC(221) Pause Young (Allocation Failure)
[52.764s][info][gc,task        ] GC(221) Using 6 workers of 6 for evacuation
[52.770s][info][gc,heap        ] GC(221) ParNew: 410779K->1814K(460096K)
[52.770s][info][gc,heap        ] GC(221) CMS: 40014K->40014K(3683136K)
[52.770s][info][gc,metaspace   ] GC(221) Metaspace: 106930K(111044K)->106930K(111044K) NonClass: 95224K(97392K)->95224K(97392K) Class: 11705K(13652K)->11705K(13652K)
[52.770s][info][gc             ] GC(221) Pause Young (Allocation Failure) 440M->40M(4046M) 6.169ms
[52.770s][info][gc,cpu         ] GC(221) User=0.00s Sys=0.00s Real=0.00s
[52.951s][info][gc,start       ] GC(222) Pause Young (Allocation Failure)
[52.951s][info][gc,task        ] GC(222) Using 6 workers of 6 for evacuation
[52.957s][info][gc,heap        ] GC(222) ParNew: 410838K->2147K(460096K)
[52.958s][info][gc,heap        ] GC(222) CMS: 40014K->40014K(3683136K)
[52.958s][info][gc,metaspace   ] GC(222) Metaspace: 106930K(111044K)->106930K(111044K) NonClass: 95224K(97392K)->95224K(97392K) Class: 11706K(13652K)->11706K(13652K)
[52.958s][info][gc             ] GC(222) Pause Young (Allocation Failure) 440M->41M(4046M) 6.587ms
[52.958s][info][gc,cpu         ] GC(222) User=0.00s Sys=0.00s Real=0.00s
[52.985s][info][gc,start       ] GC(223) Pause Full (System.gc())
[52.987s][info][gc,phases,start] GC(223) Phase 1: Mark live objects
[53.029s][info][gc,phases      ] GC(223) Phase 1: Mark live objects 42.480ms
[53.029s][info][gc,phases,start] GC(223) Phase 2: Compute new object addresses
[53.046s][info][gc,phases      ] GC(223) Phase 2: Compute new object addresses 17.378ms
[53.046s][info][gc,phases,start] GC(223) Phase 3: Adjust pointers
[53.072s][info][gc,phases      ] GC(223) Phase 3: Adjust pointers 25.701ms
[53.072s][info][gc,phases,start] GC(223) Phase 4: Move objects
[53.080s][info][gc,phases      ] GC(223) Phase 4: Move objects 7.797ms
[53.083s][info][gc,heap        ] GC(223) ParNew: 71216K->0K(460096K)
[53.083s][info][gc,heap        ] GC(223) CMS: 40014K->40127K(3683136K)
[53.083s][info][gc,metaspace   ] GC(223) Metaspace: 106930K(111044K)->106930K(111044K) NonClass: 95224K(97392K)->95224K(97392K) Class: 11706K(13652K)->11706K(13652K)
[53.084s][info][gc             ] GC(223) Pause Full (System.gc()) 108M->39M(4046M) 99.393ms
[53.084s][info][gc,cpu         ] GC(223) User=0.09s Sys=0.00s Real=0.10s
[53.287s][info][gc,start       ] GC(224) Pause Young (Allocation Failure)
[53.287s][info][gc,task        ] GC(224) Using 6 workers of 6 for evacuation
[53.293s][info][gc,heap        ] GC(224) ParNew: 409024K->2001K(460096K)
[53.293s][info][gc,heap        ] GC(224) CMS: 40127K->40127K(3683136K)
[53.293s][info][gc,metaspace   ] GC(224) Metaspace: 106930K(111044K)->106930K(111044K) NonClass: 95224K(97392K)->95224K(97392K) Class: 11706K(13652K)->11706K(13652K)
[53.293s][info][gc             ] GC(224) Pause Young (Allocation Failure) 438M->41M(4046M) 6.414ms
[53.293s][info][gc,cpu         ] GC(224) User=0.00s Sys=0.00s Real=0.00s
[53.473s][info][gc,start       ] GC(225) Pause Young (Allocation Failure)
[53.473s][info][gc,task        ] GC(225) Using 6 workers of 6 for evacuation
[53.480s][info][gc,heap        ] GC(225) ParNew: 411025K->1876K(460096K)
[53.480s][info][gc,heap        ] GC(225) CMS: 40127K->40127K(3683136K)
[53.480s][info][gc,metaspace   ] GC(225) Metaspace: 107069K(111300K)->107069K(111300K) NonClass: 95331K(97648K)->95331K(97648K) Class: 11737K(13652K)->11737K(13652K)
[53.480s][info][gc             ] GC(225) Pause Young (Allocation Failure) 440M->41M(4046M) 6.506ms
[53.480s][info][gc,cpu         ] GC(225) User=0.00s Sys=0.00s Real=0.00s
[53.662s][info][gc,start       ] GC(226) Pause Young (Allocation Failure)
[53.663s][info][gc,task        ] GC(226) Using 6 workers of 6 for evacuation
[53.669s][info][gc,heap        ] GC(226) ParNew: 410900K->2228K(460096K)
[53.669s][info][gc,heap        ] GC(226) CMS: 40127K->40127K(3683136K)
[53.669s][info][gc,metaspace   ] GC(226) Metaspace: 107069K(111300K)->107069K(111300K) NonClass: 95331K(97648K)->95331K(97648K) Class: 11737K(13652K)->11737K(13652K)
[53.669s][info][gc             ] GC(226) Pause Young (Allocation Failure) 440M->41M(4046M) 6.443ms
[53.669s][info][gc,cpu         ] GC(226) User=0.00s Sys=0.00s Real=0.00s
[53.695s][info][gc,start       ] GC(227) Pause Full (System.gc())
[53.697s][info][gc,phases,start] GC(227) Phase 1: Mark live objects
[53.741s][info][gc,phases      ] GC(227) Phase 1: Mark live objects 43.479ms
[53.741s][info][gc,phases,start] GC(227) Phase 2: Compute new object addresses
[53.758s][info][gc,phases      ] GC(227) Phase 2: Compute new object addresses 17.448ms
[53.758s][info][gc,phases,start] GC(227) Phase 3: Adjust pointers
[53.784s][info][gc,phases      ] GC(227) Phase 3: Adjust pointers 25.614ms
[53.784s][info][gc,phases,start] GC(227) Phase 4: Move objects
[53.792s][info][gc,phases      ] GC(227) Phase 4: Move objects 8.435ms
[53.796s][info][gc,heap        ] GC(227) ParNew: 73605K->0K(460096K)
[53.796s][info][gc,heap        ] GC(227) CMS: 40127K->39719K(3683136K)
[53.796s][info][gc,metaspace   ] GC(227) Metaspace: 107069K(111300K)->107069K(111300K) NonClass: 95331K(97648K)->95331K(97648K) Class: 11737K(13652K)->11737K(13652K)
[53.797s][info][gc             ] GC(227) Pause Full (System.gc()) 111M->38M(4046M) 101.133ms
[53.797s][info][gc,cpu         ] GC(227) User=0.09s Sys=0.00s Real=0.09s
[53.999s][info][gc,start       ] GC(228) Pause Young (Allocation Failure)
[53.999s][info][gc,task        ] GC(228) Using 6 workers of 6 for evacuation
[54.005s][info][gc,heap        ] GC(228) ParNew: 409024K->2236K(460096K)
[54.005s][info][gc,heap        ] GC(228) CMS: 39719K->39719K(3683136K)
[54.005s][info][gc,metaspace   ] GC(228) Metaspace: 107069K(111300K)->107069K(111300K) NonClass: 95331K(97648K)->95331K(97648K) Class: 11737K(13652K)->11737K(13652K)
[54.006s][info][gc             ] GC(228) Pause Young (Allocation Failure) 438M->40M(4046M) 6.761ms
[54.006s][info][gc,cpu         ] GC(228) User=0.02s Sys=0.00s Real=0.02s
[54.186s][info][gc,start       ] GC(229) Pause Young (Allocation Failure)
[54.186s][info][gc,task        ] GC(229) Using 6 workers of 6 for evacuation
[54.192s][info][gc,heap        ] GC(229) ParNew: 411260K->1834K(460096K)
[54.192s][info][gc,heap        ] GC(229) CMS: 39719K->39719K(3683136K)
[54.192s][info][gc,metaspace   ] GC(229) Metaspace: 107069K(111300K)->107069K(111300K) NonClass: 95331K(97648K)->95331K(97648K) Class: 11737K(13652K)->11737K(13652K)
[54.192s][info][gc             ] GC(229) Pause Young (Allocation Failure) 440M->40M(4046M) 6.365ms
[54.192s][info][gc,cpu         ] GC(229) User=0.00s Sys=0.00s Real=0.02s
[54.378s][info][gc,start       ] GC(230) Pause Young (Allocation Failure)
[54.378s][info][gc,task        ] GC(230) Using 6 workers of 6 for evacuation
[54.384s][info][gc,heap        ] GC(230) ParNew: 410858K->2104K(460096K)
[54.384s][info][gc,heap        ] GC(230) CMS: 39719K->39719K(3683136K)
[54.384s][info][gc,metaspace   ] GC(230) Metaspace: 107069K(111300K)->107069K(111300K) NonClass: 95332K(97648K)->95332K(97648K) Class: 11737K(13652K)->11737K(13652K)
[54.384s][info][gc             ] GC(230) Pause Young (Allocation Failure) 440M->40M(4046M) 6.801ms
[54.384s][info][gc,cpu         ] GC(230) User=0.02s Sys=0.00s Real=0.01s
[54.411s][info][gc,start       ] GC(231) Pause Full (System.gc())
[54.413s][info][gc,phases,start] GC(231) Phase 1: Mark live objects
[54.455s][info][gc,phases      ] GC(231) Phase 1: Mark live objects 42.598ms
[54.456s][info][gc,phases,start] GC(231) Phase 2: Compute new object addresses
[54.473s][info][gc,phases      ] GC(231) Phase 2: Compute new object addresses 17.180ms
[54.473s][info][gc,phases,start] GC(231) Phase 3: Adjust pointers
[54.498s][info][gc,phases      ] GC(231) Phase 3: Adjust pointers 25.448ms
[54.498s][info][gc,phases,start] GC(231) Phase 4: Move objects
[54.501s][info][gc,phases      ] GC(231) Phase 4: Move objects 3.145ms
[54.505s][info][gc,heap        ] GC(231) ParNew: 68979K->0K(460096K)
[54.505s][info][gc,heap        ] GC(231) CMS: 39719K->39827K(3683136K)
[54.505s][info][gc,metaspace   ] GC(231) Metaspace: 107069K(111300K)->107069K(111300K) NonClass: 95332K(97648K)->95332K(97648K) Class: 11737K(13652K)->11737K(13652K)
[54.505s][info][gc             ] GC(231) Pause Full (System.gc()) 106M->38M(4046M) 94.851ms
[54.506s][info][gc,cpu         ] GC(231) User=0.09s Sys=0.00s Real=0.09s
[54.708s][info][gc,start       ] GC(232) Pause Young (Allocation Failure)
[54.708s][info][gc,task        ] GC(232) Using 6 workers of 6 for evacuation
[54.715s][info][gc,heap        ] GC(232) ParNew: 409024K->1981K(460096K)
[54.715s][info][gc,heap        ] GC(232) CMS: 39827K->39827K(3683136K)
[54.715s][info][gc,metaspace   ] GC(232) Metaspace: 107069K(111300K)->107069K(111300K) NonClass: 95332K(97648K)->95332K(97648K) Class: 11737K(13652K)->11737K(13652K)
[54.715s][info][gc             ] GC(232) Pause Young (Allocation Failure) 438M->40M(4046M) 6.779ms
[54.715s][info][gc,cpu         ] GC(232) User=0.02s Sys=0.00s Real=0.01s
[54.895s][info][gc,start       ] GC(233) Pause Young (Allocation Failure)
[54.895s][info][gc,task        ] GC(233) Using 6 workers of 6 for evacuation
[54.902s][info][gc,heap        ] GC(233) ParNew: 411005K->1980K(460096K)
[54.902s][info][gc,heap        ] GC(233) CMS: 39827K->39827K(3683136K)
[54.902s][info][gc,metaspace   ] GC(233) Metaspace: 107069K(111300K)->107069K(111300K) NonClass: 95332K(97648K)->95332K(97648K) Class: 11737K(13652K)->11737K(13652K)
[54.902s][info][gc             ] GC(233) Pause Young (Allocation Failure) 440M->40M(4046M) 6.952ms
[54.902s][info][gc,cpu         ] GC(233) User=0.02s Sys=0.00s Real=0.02s
[55.081s][info][gc,start       ] GC(234) Pause Young (Allocation Failure)
[55.081s][info][gc,task        ] GC(234) Using 6 workers of 6 for evacuation
[55.088s][info][gc,heap        ] GC(234) ParNew: 411004K->1873K(460096K)
[55.088s][info][gc,heap        ] GC(234) CMS: 39827K->39827K(3683136K)
[55.088s][info][gc,metaspace   ] GC(234) Metaspace: 107069K(111300K)->107069K(111300K) NonClass: 95332K(97648K)->95332K(97648K) Class: 11737K(13652K)->11737K(13652K)
[55.088s][info][gc             ] GC(234) Pause Young (Allocation Failure) 440M->40M(4046M) 6.699ms
[55.088s][info][gc,cpu         ] GC(234) User=0.00s Sys=0.00s Real=0.00s
[55.116s][info][gc,start       ] GC(235) Pause Full (System.gc())
[55.118s][info][gc,phases,start] GC(235) Phase 1: Mark live objects
[55.160s][info][gc,phases      ] GC(235) Phase 1: Mark live objects 42.265ms
[55.160s][info][gc,phases,start] GC(235) Phase 2: Compute new object addresses
[55.178s][info][gc,phases      ] GC(235) Phase 2: Compute new object addresses 17.542ms
[55.178s][info][gc,phases,start] GC(235) Phase 3: Adjust pointers
[55.203s][info][gc,phases      ] GC(235) Phase 3: Adjust pointers 25.686ms
[55.203s][info][gc,phases,start] GC(235) Phase 4: Move objects
[55.207s][info][gc,phases      ] GC(235) Phase 4: Move objects 3.534ms
[55.210s][info][gc,heap        ] GC(235) ParNew: 73288K->0K(460096K)
[55.210s][info][gc,heap        ] GC(235) CMS: 39827K->39935K(3683136K)
[55.210s][info][gc,metaspace   ] GC(235) Metaspace: 107069K(111300K)->107069K(111300K) NonClass: 95332K(97648K)->95332K(97648K) Class: 11737K(13652K)->11737K(13652K)
[55.211s][info][gc             ] GC(235) Pause Full (System.gc()) 110M->38M(4046M) 94.979ms
[55.211s][info][gc,cpu         ] GC(235) User=0.09s Sys=0.00s Real=0.09s
[55.411s][info][gc,start       ] GC(236) Pause Young (Allocation Failure)
[55.411s][info][gc,task        ] GC(236) Using 6 workers of 6 for evacuation
[55.418s][info][gc,heap        ] GC(236) ParNew: 409024K->2010K(460096K)
[55.418s][info][gc,heap        ] GC(236) CMS: 39935K->39935K(3683136K)
[55.418s][info][gc,metaspace   ] GC(236) Metaspace: 107069K(111300K)->107069K(111300K) NonClass: 95332K(97648K)->95332K(97648K) Class: 11737K(13652K)->11737K(13652K)
[55.418s][info][gc             ] GC(236) Pause Young (Allocation Failure) 438M->40M(4046M) 6.550ms
[55.418s][info][gc,cpu         ] GC(236) User=0.00s Sys=0.00s Real=0.00s
[55.599s][info][gc,start       ] GC(237) Pause Young (Allocation Failure)
[55.599s][info][gc,task        ] GC(237) Using 6 workers of 6 for evacuation
[55.606s][info][gc,heap        ] GC(237) ParNew: 411034K->1761K(460096K)
[55.606s][info][gc,heap        ] GC(237) CMS: 39935K->39935K(3683136K)
[55.606s][info][gc,metaspace   ] GC(237) Metaspace: 107069K(111300K)->107069K(111300K) NonClass: 95332K(97648K)->95332K(97648K) Class: 11737K(13652K)->11737K(13652K)
[55.606s][info][gc             ] GC(237) Pause Young (Allocation Failure) 440M->40M(4046M) 6.317ms
[55.606s][info][gc,cpu         ] GC(237) User=0.00s Sys=0.00s Real=0.00s
[55.788s][info][gc,start       ] GC(238) Pause Young (Allocation Failure)
[55.788s][info][gc,task        ] GC(238) Using 6 workers of 6 for evacuation
[55.796s][info][gc,heap        ] GC(238) ParNew: 410785K->2115K(460096K)
[55.796s][info][gc,heap        ] GC(238) CMS: 39935K->39935K(3683136K)
[55.796s][info][gc,metaspace   ] GC(238) Metaspace: 107069K(111300K)->107069K(111300K) NonClass: 95332K(97648K)->95332K(97648K) Class: 11737K(13652K)->11737K(13652K)
[55.796s][info][gc             ] GC(238) Pause Young (Allocation Failure) 440M->41M(4046M) 8.005ms
[55.796s][info][gc,cpu         ] GC(238) User=0.00s Sys=0.00s Real=0.02s
[55.823s][info][gc,start       ] GC(239) Pause Full (System.gc())
[55.826s][info][gc,phases,start] GC(239) Phase 1: Mark live objects
[55.868s][info][gc,phases      ] GC(239) Phase 1: Mark live objects 42.190ms
[55.868s][info][gc,phases,start] GC(239) Phase 2: Compute new object addresses
[55.887s][info][gc,phases      ] GC(239) Phase 2: Compute new object addresses 18.449ms
[55.887s][info][gc,phases,start] GC(239) Phase 3: Adjust pointers
[55.912s][info][gc,phases      ] GC(239) Phase 3: Adjust pointers 25.683ms
[55.912s][info][gc,phases,start] GC(239) Phase 4: Move objects
[55.916s][info][gc,phases      ] GC(239) Phase 4: Move objects 3.200ms
[55.919s][info][gc,heap        ] GC(239) ParNew: 68925K->0K(460096K)
[55.919s][info][gc,heap        ] GC(239) CMS: 39935K->40043K(3683136K)
[55.919s][info][gc,metaspace   ] GC(239) Metaspace: 107069K(111300K)->107069K(111300K) NonClass: 95332K(97648K)->95332K(97648K) Class: 11737K(13652K)->11737K(13652K)
[55.920s][info][gc             ] GC(239) Pause Full (System.gc()) 106M->39M(4046M) 97.170ms
[55.920s][info][gc,cpu         ] GC(239) User=0.08s Sys=0.00s Real=0.09s
[56.122s][info][gc,start       ] GC(240) Pause Young (Allocation Failure)
[56.122s][info][gc,task        ] GC(240) Using 6 workers of 6 for evacuation
[56.130s][info][gc,heap        ] GC(240) ParNew: 409024K->2216K(460096K)
[56.130s][info][gc,heap        ] GC(240) CMS: 40043K->40043K(3683136K)
[56.130s][info][gc,metaspace   ] GC(240) Metaspace: 107069K(111300K)->107069K(111300K) NonClass: 95332K(97648K)->95332K(97648K) Class: 11737K(13652K)->11737K(13652K)
[56.130s][info][gc             ] GC(240) Pause Young (Allocation Failure) 438M->41M(4046M) 7.998ms
[56.130s][info][gc,cpu         ] GC(240) User=0.02s Sys=0.00s Real=0.02s
[56.311s][info][gc,start       ] GC(241) Pause Young (Allocation Failure)
[56.311s][info][gc,task        ] GC(241) Using 6 workers of 6 for evacuation
[56.318s][info][gc,heap        ] GC(241) ParNew: 411240K->1769K(460096K)
[56.318s][info][gc,heap        ] GC(241) CMS: 40043K->40043K(3683136K)
[56.318s][info][gc,metaspace   ] GC(241) Metaspace: 107069K(111300K)->107069K(111300K) NonClass: 95332K(97648K)->95332K(97648K) Class: 11737K(13652K)->11737K(13652K)
[56.318s][info][gc             ] GC(241) Pause Young (Allocation Failure) 440M->40M(4046M) 6.340ms
[56.318s][info][gc,cpu         ] GC(241) User=0.02s Sys=0.00s Real=0.02s
[56.498s][info][gc,start       ] GC(242) Pause Young (Allocation Failure)
[56.498s][info][gc,task        ] GC(242) Using 6 workers of 6 for evacuation
[56.504s][info][gc,heap        ] GC(242) ParNew: 410793K->2045K(460096K)
[56.504s][info][gc,heap        ] GC(242) CMS: 40043K->40043K(3683136K)
[56.504s][info][gc,metaspace   ] GC(242) Metaspace: 107069K(111300K)->107069K(111300K) NonClass: 95332K(97648K)->95332K(97648K) Class: 11737K(13652K)->11737K(13652K)
[56.504s][info][gc             ] GC(242) Pause Young (Allocation Failure) 440M->41M(4046M) 6.495ms
[56.504s][info][gc,cpu         ] GC(242) User=0.02s Sys=0.00s Real=0.02s
[56.531s][info][gc,start       ] GC(243) Pause Full (System.gc())
[56.533s][info][gc,phases,start] GC(243) Phase 1: Mark live objects
[56.577s][info][gc,phases      ] GC(243) Phase 1: Mark live objects 44.406ms
[56.577s][info][gc,phases,start] GC(243) Phase 2: Compute new object addresses
[56.595s][info][gc,phases      ] GC(243) Phase 2: Compute new object addresses 17.421ms
[56.595s][info][gc,phases,start] GC(243) Phase 3: Adjust pointers
[56.621s][info][gc,phases      ] GC(243) Phase 3: Adjust pointers 25.712ms
[56.621s][info][gc,phases,start] GC(243) Phase 4: Move objects
[56.624s][info][gc,phases      ] GC(243) Phase 4: Move objects 3.230ms
[56.627s][info][gc,heap        ] GC(243) ParNew: 69028K->0K(460096K)
[56.627s][info][gc,heap        ] GC(243) CMS: 40043K->40151K(3683136K)
[56.627s][info][gc,metaspace   ] GC(243) Metaspace: 107069K(111300K)->107069K(111300K) NonClass: 95332K(97648K)->95332K(97648K) Class: 11737K(13652K)->11737K(13652K)
[56.628s][info][gc             ] GC(243) Pause Full (System.gc()) 106M->39M(4046M) 96.950ms
[56.628s][info][gc,cpu         ] GC(243) User=0.09s Sys=0.00s Real=0.11s
[56.830s][info][gc,start       ] GC(244) Pause Young (Allocation Failure)
[56.830s][info][gc,task        ] GC(244) Using 6 workers of 6 for evacuation
[56.838s][info][gc,heap        ] GC(244) ParNew: 409024K->2314K(460096K)
[56.838s][info][gc,heap        ] GC(244) CMS: 40151K->40151K(3683136K)
[56.838s][info][gc,metaspace   ] GC(244) Metaspace: 107070K(111300K)->107070K(111300K) NonClass: 95333K(97648K)->95333K(97648K) Class: 11737K(13652K)->11737K(13652K)
[56.838s][info][gc             ] GC(244) Pause Young (Allocation Failure) 438M->41M(4046M) 8.078ms
[56.838s][info][gc,cpu         ] GC(244) User=0.02s Sys=0.00s Real=0.01s
[57.017s][info][gc,start       ] GC(245) Pause Young (Allocation Failure)
[57.017s][info][gc,task        ] GC(245) Using 6 workers of 6 for evacuation
[57.024s][info][gc,heap        ] GC(245) ParNew: 411338K->1891K(460096K)
[57.024s][info][gc,heap        ] GC(245) CMS: 40151K->40151K(3683136K)
[57.024s][info][gc,metaspace   ] GC(245) Metaspace: 107070K(111300K)->107070K(111300K) NonClass: 95333K(97648K)->95333K(97648K) Class: 11737K(13652K)->11737K(13652K)
[57.024s][info][gc             ] GC(245) Pause Young (Allocation Failure) 440M->41M(4046M) 6.724ms
[57.024s][info][gc,cpu         ] GC(245) User=0.02s Sys=0.00s Real=0.02s
[57.206s][info][gc,start       ] GC(246) Pause Young (Allocation Failure)
[57.206s][info][gc,task        ] GC(246) Using 6 workers of 6 for evacuation
[57.214s][info][gc,heap        ] GC(246) ParNew: 410915K->2164K(460096K)
[57.214s][info][gc,heap        ] GC(246) CMS: 40151K->40151K(3683136K)
[57.214s][info][gc,metaspace   ] GC(246) Metaspace: 107070K(111300K)->107070K(111300K) NonClass: 95333K(97648K)->95333K(97648K) Class: 11737K(13652K)->11737K(13652K)
[57.214s][info][gc             ] GC(246) Pause Young (Allocation Failure) 440M->41M(4046M) 8.141ms
[57.214s][info][gc,cpu         ] GC(246) User=0.02s Sys=0.00s Real=0.02s
[57.240s][info][gc,start       ] GC(247) Pause Full (System.gc())
[57.242s][info][gc,phases,start] GC(247) Phase 1: Mark live objects
[57.284s][info][gc,phases      ] GC(247) Phase 1: Mark live objects 42.796ms
[57.284s][info][gc,phases,start] GC(247) Phase 2: Compute new object addresses
[57.302s][info][gc,phases      ] GC(247) Phase 2: Compute new object addresses 17.286ms
[57.302s][info][gc,phases,start] GC(247) Phase 3: Adjust pointers
[57.327s][info][gc,phases      ] GC(247) Phase 3: Adjust pointers 25.546ms
[57.327s][info][gc,phases,start] GC(247) Phase 4: Move objects
[57.330s][info][gc,phases      ] GC(247) Phase 4: Move objects 2.630ms
[57.333s][info][gc,heap        ] GC(247) ParNew: 68182K->0K(460096K)
[57.333s][info][gc,heap        ] GC(247) CMS: 40151K->40263K(3683136K)
[57.333s][info][gc,metaspace   ] GC(247) Metaspace: 107070K(111300K)->107070K(111300K) NonClass: 95333K(97648K)->95333K(97648K) Class: 11737K(13652K)->11737K(13652K)
[57.334s][info][gc             ] GC(247) Pause Full (System.gc()) 105M->39M(4046M) 94.321ms
[57.334s][info][gc,cpu         ] GC(247) User=0.08s Sys=0.02s Real=0.09s
[57.539s][info][gc,start       ] GC(248) Pause Young (Allocation Failure)
[57.539s][info][gc,task        ] GC(248) Using 6 workers of 6 for evacuation
[57.546s][info][gc,heap        ] GC(248) ParNew: 409024K->1891K(460096K)
[57.547s][info][gc,heap        ] GC(248) CMS: 40263K->40263K(3683136K)
[57.547s][info][gc,metaspace   ] GC(248) Metaspace: 107073K(111300K)->107073K(111300K) NonClass: 95336K(97648K)->95336K(97648K) Class: 11737K(13652K)->11737K(13652K)
[57.547s][info][gc             ] GC(248) Pause Young (Allocation Failure) 438M->41M(4046M) 7.953ms
[57.547s][info][gc,cpu         ] GC(248) User=0.03s Sys=0.00s Real=0.02s
[57.726s][info][gc,start       ] GC(249) Pause Young (Allocation Failure)
[57.726s][info][gc,task        ] GC(249) Using 6 workers of 6 for evacuation
[57.732s][info][gc,heap        ] GC(249) ParNew: 410915K->1715K(460096K)
[57.732s][info][gc,heap        ] GC(249) CMS: 40263K->40263K(3683136K)
[57.732s][info][gc,metaspace   ] GC(249) Metaspace: 107073K(111300K)->107073K(111300K) NonClass: 95336K(97648K)->95336K(97648K) Class: 11737K(13652K)->11737K(13652K)
[57.732s][info][gc             ] GC(249) Pause Young (Allocation Failure) 440M->40M(4046M) 6.479ms
[57.732s][info][gc,cpu         ] GC(249) User=0.02s Sys=0.00s Real=0.02s
[57.913s][info][gc,start       ] GC(250) Pause Young (Allocation Failure)
[57.913s][info][gc,task        ] GC(250) Using 6 workers of 6 for evacuation
[57.920s][info][gc,heap        ] GC(250) ParNew: 410739K->2210K(460096K)
[57.920s][info][gc,heap        ] GC(250) CMS: 40263K->40263K(3683136K)
[57.920s][info][gc,metaspace   ] GC(250) Metaspace: 107073K(111300K)->107073K(111300K) NonClass: 95336K(97648K)->95336K(97648K) Class: 11737K(13652K)->11737K(13652K)
[57.921s][info][gc             ] GC(250) Pause Young (Allocation Failure) 440M->41M(4046M) 7.607ms
[57.921s][info][gc,cpu         ] GC(250) User=0.02s Sys=0.00s Real=0.02s
[57.946s][info][gc,start       ] GC(251) Pause Full (System.gc())
[57.948s][info][gc,phases,start] GC(251) Phase 1: Mark live objects
[57.991s][info][gc,phases      ] GC(251) Phase 1: Mark live objects 42.503ms
[57.991s][info][gc,phases,start] GC(251) Phase 2: Compute new object addresses
[58.008s][info][gc,phases      ] GC(251) Phase 2: Compute new object addresses 17.301ms
[58.008s][info][gc,phases,start] GC(251) Phase 3: Adjust pointers
[58.034s][info][gc,phases      ] GC(251) Phase 3: Adjust pointers 25.658ms
[58.034s][info][gc,phases,start] GC(251) Phase 4: Move objects
[58.037s][info][gc,phases      ] GC(251) Phase 4: Move objects 3.598ms
[58.041s][info][gc,heap        ] GC(251) ParNew: 69251K->0K(460096K)
[58.041s][info][gc,heap        ] GC(251) CMS: 40263K->39810K(3683136K)
[58.041s][info][gc,metaspace   ] GC(251) Metaspace: 107073K(111300K)->107073K(111300K) NonClass: 95336K(97648K)->95336K(97648K) Class: 11737K(13652K)->11737K(13652K)
[58.041s][info][gc             ] GC(251) Pause Full (System.gc()) 106M->38M(4046M) 94.996ms
[58.042s][info][gc,cpu         ] GC(251) User=0.09s Sys=0.00s Real=0.08s
[58.244s][info][gc,start       ] GC(252) Pause Young (Allocation Failure)
[58.244s][info][gc,task        ] GC(252) Using 6 workers of 6 for evacuation
[58.251s][info][gc,heap        ] GC(252) ParNew: 409024K->2198K(460096K)
[58.251s][info][gc,heap        ] GC(252) CMS: 39810K->39810K(3683136K)
[58.251s][info][gc,metaspace   ] GC(252) Metaspace: 107073K(111300K)->107073K(111300K) NonClass: 95336K(97648K)->95336K(97648K) Class: 11737K(13652K)->11737K(13652K)
[58.251s][info][gc             ] GC(252) Pause Young (Allocation Failure) 438M->41M(4046M) 6.992ms
[58.251s][info][gc,cpu         ] GC(252) User=0.02s Sys=0.00s Real=0.02s
[58.431s][info][gc,start       ] GC(253) Pause Young (Allocation Failure)
[58.432s][info][gc,task        ] GC(253) Using 6 workers of 6 for evacuation
[58.438s][info][gc,heap        ] GC(253) ParNew: 411222K->1765K(460096K)
[58.438s][info][gc,heap        ] GC(253) CMS: 39810K->39810K(3683136K)
[58.438s][info][gc,metaspace   ] GC(253) Metaspace: 107073K(111300K)->107073K(111300K) NonClass: 95336K(97648K)->95336K(97648K) Class: 11737K(13652K)->11737K(13652K)
[58.438s][info][gc             ] GC(253) Pause Young (Allocation Failure) 440M->40M(4046M) 6.333ms
[58.438s][info][gc,cpu         ] GC(253) User=0.02s Sys=0.00s Real=0.02s
[58.618s][info][gc,start       ] GC(254) Pause Young (Allocation Failure)
[58.618s][info][gc,task        ] GC(254) Using 6 workers of 6 for evacuation
[58.625s][info][gc,heap        ] GC(254) ParNew: 410789K->2035K(460096K)
[58.625s][info][gc,heap        ] GC(254) CMS: 39810K->39810K(3683136K)
[58.625s][info][gc,metaspace   ] GC(254) Metaspace: 107073K(111300K)->107073K(111300K) NonClass: 95336K(97648K)->95336K(97648K) Class: 11737K(13652K)->11737K(13652K)
[58.625s][info][gc             ] GC(254) Pause Young (Allocation Failure) 440M->40M(4046M) 6.659ms
[58.625s][info][gc,cpu         ] GC(254) User=0.00s Sys=0.00s Real=0.02s
[58.651s][info][gc,start       ] GC(255) Pause Full (System.gc())
[58.652s][info][gc,phases,start] GC(255) Phase 1: Mark live objects
[58.695s][info][gc,phases      ] GC(255) Phase 1: Mark live objects 42.294ms
[58.695s][info][gc,phases,start] GC(255) Phase 2: Compute new object addresses
[58.712s][info][gc,phases      ] GC(255) Phase 2: Compute new object addresses 17.198ms
[58.712s][info][gc,phases,start] GC(255) Phase 3: Adjust pointers
[58.737s][info][gc,phases      ] GC(255) Phase 3: Adjust pointers 25.281ms
[58.737s][info][gc,phases,start] GC(255) Phase 4: Move objects
[58.739s][info][gc,phases      ] GC(255) Phase 4: Move objects 2.032ms
[58.742s][info][gc,heap        ] GC(255) ParNew: 70468K->0K(460096K)
[58.743s][info][gc,heap        ] GC(255) CMS: 39810K->39919K(3683136K)
[58.743s][info][gc,metaspace   ] GC(255) Metaspace: 107073K(111300K)->107073K(111300K) NonClass: 95336K(97648K)->95336K(97648K) Class: 11737K(13652K)->11737K(13652K)
[58.743s][info][gc             ] GC(255) Pause Full (System.gc()) 107M->38M(4046M) 92.753ms
[58.743s][info][gc,cpu         ] GC(255) User=0.08s Sys=0.00s Real=0.09s
[58.945s][info][gc,start       ] GC(256) Pause Young (Allocation Failure)
[58.945s][info][gc,task        ] GC(256) Using 6 workers of 6 for evacuation
[58.951s][info][gc,heap        ] GC(256) ParNew: 409024K->1903K(460096K)
[58.951s][info][gc,heap        ] GC(256) CMS: 39919K->39919K(3683136K)
[58.951s][info][gc,metaspace   ] GC(256) Metaspace: 107083K(111300K)->107083K(111300K) NonClass: 95345K(97648K)->95345K(97648K) Class: 11737K(13652K)->11737K(13652K)
[58.951s][info][gc             ] GC(256) Pause Young (Allocation Failure) 438M->40M(4046M) 6.132ms
[58.951s][info][gc,cpu         ] GC(256) User=0.02s Sys=0.00s Real=0.01s
[59.132s][info][gc,start       ] GC(257) Pause Young (Allocation Failure)
[59.132s][info][gc,task        ] GC(257) Using 6 workers of 6 for evacuation
[59.138s][info][gc,heap        ] GC(257) ParNew: 410927K->1764K(460096K)
[59.138s][info][gc,heap        ] GC(257) CMS: 39919K->39919K(3683136K)
[59.138s][info][gc,metaspace   ] GC(257) Metaspace: 107083K(111300K)->107083K(111300K) NonClass: 95345K(97648K)->95345K(97648K) Class: 11737K(13652K)->11737K(13652K)
[59.138s][info][gc             ] GC(257) Pause Young (Allocation Failure) 440M->40M(4046M) 6.362ms
[59.138s][info][gc,cpu         ] GC(257) User=0.00s Sys=0.00s Real=0.00s
[59.318s][info][gc,start       ] GC(258) Pause Young (Allocation Failure)
[59.318s][info][gc,task        ] GC(258) Using 6 workers of 6 for evacuation
[59.324s][info][gc,heap        ] GC(258) ParNew: 410788K->1771K(460096K)
[59.324s][info][gc,heap        ] GC(258) CMS: 39919K->39919K(3683136K)
[59.324s][info][gc,metaspace   ] GC(258) Metaspace: 107083K(111300K)->107083K(111300K) NonClass: 95345K(97648K)->95345K(97648K) Class: 11737K(13652K)->11737K(13652K)
[59.324s][info][gc             ] GC(258) Pause Young (Allocation Failure) 440M->40M(4046M) 6.075ms
[59.324s][info][gc,cpu         ] GC(258) User=0.00s Sys=0.00s Real=0.00s
[59.350s][info][gc,start       ] GC(259) Pause Full (System.gc())
[59.352s][info][gc,phases,start] GC(259) Phase 1: Mark live objects
[59.395s][info][gc,phases      ] GC(259) Phase 1: Mark live objects 43.125ms
[59.395s][info][gc,phases,start] GC(259) Phase 2: Compute new object addresses
[59.412s][info][gc,phases      ] GC(259) Phase 2: Compute new object addresses 17.331ms
[59.413s][info][gc,phases,start] GC(259) Phase 3: Adjust pointers
[59.438s][info][gc,phases      ] GC(259) Phase 3: Adjust pointers 25.464ms
[59.438s][info][gc,phases,start] GC(259) Phase 4: Move objects
[59.441s][info][gc,phases      ] GC(259) Phase 4: Move objects 2.693ms
[59.444s][info][gc,heap        ] GC(259) ParNew: 68584K->0K(460096K)
[59.444s][info][gc,heap        ] GC(259) CMS: 39919K->40027K(3683136K)
[59.444s][info][gc,metaspace   ] GC(259) Metaspace: 107083K(111300K)->107083K(111300K) NonClass: 95345K(97648K)->95345K(97648K) Class: 11737K(13652K)->11737K(13652K)
[59.445s][info][gc             ] GC(259) Pause Full (System.gc()) 105M->39M(4046M) 94.596ms
[59.445s][info][gc,cpu         ] GC(259) User=0.09s Sys=0.00s Real=0.09s
[59.646s][info][gc,start       ] GC(260) Pause Young (Allocation Failure)
[59.646s][info][gc,task        ] GC(260) Using 6 workers of 6 for evacuation
[59.652s][info][gc,heap        ] GC(260) ParNew: 409024K->1904K(460096K)
[59.652s][info][gc,heap        ] GC(260) CMS: 40027K->40027K(3683136K)
[59.652s][info][gc,metaspace   ] GC(260) Metaspace: 107089K(111300K)->107089K(111300K) NonClass: 95350K(97648K)->95350K(97648K) Class: 11738K(13652K)->11738K(13652K)
[59.652s][info][gc             ] GC(260) Pause Young (Allocation Failure) 438M->40M(4046M) 6.216ms
[59.652s][info][gc,cpu         ] GC(260) User=0.00s Sys=0.00s Real=0.01s
[59.830s][info][gc,start       ] GC(261) Pause Young (Allocation Failure)
[59.831s][info][gc,task        ] GC(261) Using 6 workers of 6 for evacuation
[59.837s][info][gc,heap        ] GC(261) ParNew: 410928K->2146K(460096K)
[59.837s][info][gc,heap        ] GC(261) CMS: 40027K->40027K(3683136K)
[59.837s][info][gc,metaspace   ] GC(261) Metaspace: 107089K(111300K)->107089K(111300K) NonClass: 95350K(97648K)->95350K(97648K) Class: 11738K(13652K)->11738K(13652K)
[59.837s][info][gc             ] GC(261) Pause Young (Allocation Failure) 440M->41M(4046M) 6.367ms
[59.837s][info][gc,cpu         ] GC(261) User=0.02s Sys=0.00s Real=0.02s
[60.017s][info][gc,start       ] GC(262) Pause Young (Allocation Failure)
[60.018s][info][gc,task        ] GC(262) Using 6 workers of 6 for evacuation
[60.024s][info][gc,heap        ] GC(262) ParNew: 411170K->1772K(460096K)
[60.024s][info][gc,heap        ] GC(262) CMS: 40027K->40027K(3683136K)
[60.024s][info][gc,metaspace   ] GC(262) Metaspace: 107089K(111300K)->107089K(111300K) NonClass: 95350K(97648K)->95350K(97648K) Class: 11738K(13652K)->11738K(13652K)
[60.024s][info][gc             ] GC(262) Pause Young (Allocation Failure) 440M->40M(4046M) 7.018ms
[60.024s][info][gc,cpu         ] GC(262) User=0.02s Sys=0.00s Real=0.02s
[60.051s][info][gc,start       ] GC(263) Pause Full (System.gc())
[60.053s][info][gc,phases,start] GC(263) Phase 1: Mark live objects
[60.117s][info][gc,phases      ] GC(263) Phase 1: Mark live objects 64.058ms
[60.117s][info][gc,phases,start] GC(263) Phase 2: Compute new object addresses
[60.134s][info][gc,phases      ] GC(263) Phase 2: Compute new object addresses 17.582ms
[60.134s][info][gc,phases,start] GC(263) Phase 3: Adjust pointers
[60.160s][info][gc,phases      ] GC(263) Phase 3: Adjust pointers 25.474ms
[60.160s][info][gc,phases,start] GC(263) Phase 4: Move objects
[60.162s][info][gc,phases      ] GC(263) Phase 4: Move objects 2.096ms
[60.165s][info][gc,heap        ] GC(263) ParNew: 68632K->0K(460096K)
[60.165s][info][gc,heap        ] GC(263) CMS: 40027K->40135K(3683136K)
[60.165s][info][gc,metaspace   ] GC(263) Metaspace: 107089K(111300K)->107089K(111300K) NonClass: 95350K(97648K)->95350K(97648K) Class: 11738K(13652K)->11738K(13652K)
[60.166s][info][gc             ] GC(263) Pause Full (System.gc()) 106M->39M(4046M) 115.460ms
[60.166s][info][gc,cpu         ] GC(263) User=0.09s Sys=0.00s Real=0.11s
[60.372s][info][gc,start       ] GC(264) Pause Young (Allocation Failure)
[60.372s][info][gc,task        ] GC(264) Using 6 workers of 6 for evacuation
[60.379s][info][gc,heap        ] GC(264) ParNew: 409024K->2026K(460096K)
[60.379s][info][gc,heap        ] GC(264) CMS: 40135K->40135K(3683136K)
[60.379s][info][gc,metaspace   ] GC(264) Metaspace: 107088K(111300K)->107088K(111300K) NonClass: 95350K(97648K)->95350K(97648K) Class: 11738K(13652K)->11738K(13652K)
[60.379s][info][gc             ] GC(264) Pause Young (Allocation Failure) 438M->41M(4046M) 7.391ms
[60.379s][info][gc,cpu         ] GC(264) User=0.00s Sys=0.00s Real=0.00s
[60.558s][info][gc,start       ] GC(265) Pause Young (Allocation Failure)
[60.558s][info][gc,task        ] GC(265) Using 6 workers of 6 for evacuation
[60.564s][info][gc,heap        ] GC(265) ParNew: 411050K->2250K(460096K)
[60.564s][info][gc,heap        ] GC(265) CMS: 40135K->40135K(3683136K)
[60.564s][info][gc,metaspace   ] GC(265) Metaspace: 107088K(111300K)->107088K(111300K) NonClass: 95350K(97648K)->95350K(97648K) Class: 11738K(13652K)->11738K(13652K)
[60.564s][info][gc             ] GC(265) Pause Young (Allocation Failure) 440M->41M(4046M) 6.034ms
[60.564s][info][gc,cpu         ] GC(265) User=0.00s Sys=0.00s Real=0.00s
[60.745s][info][gc,start       ] GC(266) Pause Young (Allocation Failure)
[60.745s][info][gc,task        ] GC(266) Using 6 workers of 6 for evacuation
[60.752s][info][gc,heap        ] GC(266) ParNew: 411274K->1597K(460096K)
[60.752s][info][gc,heap        ] GC(266) CMS: 40135K->40135K(3683136K)
[60.752s][info][gc,metaspace   ] GC(266) Metaspace: 107088K(111300K)->107088K(111300K) NonClass: 95350K(97648K)->95350K(97648K) Class: 11738K(13652K)->11738K(13652K)
[60.752s][info][gc             ] GC(266) Pause Young (Allocation Failure) 440M->40M(4046M) 6.631ms
[60.752s][info][gc,cpu         ] GC(266) User=0.02s Sys=0.00s Real=0.01s
[60.778s][info][gc,start       ] GC(267) Pause Full (System.gc())
[60.782s][info][gc,phases,start] GC(267) Phase 1: Mark live objects
[60.826s][info][gc,phases      ] GC(267) Phase 1: Mark live objects 43.893ms
[60.826s][info][gc,phases,start] GC(267) Phase 2: Compute new object addresses
[60.843s][info][gc,phases      ] GC(267) Phase 2: Compute new object addresses 17.526ms
[60.843s][info][gc,phases,start] GC(267) Phase 3: Adjust pointers
[60.869s][info][gc,phases      ] GC(267) Phase 3: Adjust pointers 25.921ms
[60.869s][info][gc,phases,start] GC(267) Phase 4: Move objects
[60.873s][info][gc,phases      ] GC(267) Phase 4: Move objects 3.322ms
[60.876s][info][gc,heap        ] GC(267) ParNew: 68569K->0K(460096K)
[60.876s][info][gc,heap        ] GC(267) CMS: 40135K->40168K(3683136K)
[60.876s][info][gc,metaspace   ] GC(267) Metaspace: 107088K(111300K)->107088K(111300K) NonClass: 95350K(97648K)->95350K(97648K) Class: 11738K(13652K)->11738K(13652K)
[60.877s][info][gc             ] GC(267) Pause Full (System.gc()) 106M->39M(4046M) 98.119ms
[60.877s][info][gc,cpu         ] GC(267) User=0.16s Sys=0.02s Real=0.09s
[61.076s][info][gc,start       ] GC(268) Pause Young (Allocation Failure)
[61.076s][info][gc,task        ] GC(268) Using 6 workers of 6 for evacuation
[61.083s][info][gc,heap        ] GC(268) ParNew: 409024K->1989K(460096K)
[61.083s][info][gc,heap        ] GC(268) CMS: 40168K->40168K(3683136K)
[61.083s][info][gc,metaspace   ] GC(268) Metaspace: 107088K(111300K)->107088K(111300K) NonClass: 95350K(97648K)->95350K(97648K) Class: 11738K(13652K)->11738K(13652K)
[61.083s][info][gc             ] GC(268) Pause Young (Allocation Failure) 438M->41M(4046M) 6.784ms
[61.083s][info][gc,cpu         ] GC(268) User=0.00s Sys=0.00s Real=0.00s
[61.264s][info][gc,start       ] GC(269) Pause Young (Allocation Failure)
[61.264s][info][gc,task        ] GC(269) Using 6 workers of 6 for evacuation
[61.270s][info][gc,heap        ] GC(269) ParNew: 411013K->1902K(460096K)
[61.270s][info][gc,heap        ] GC(269) CMS: 40168K->40168K(3683136K)
[61.270s][info][gc,metaspace   ] GC(269) Metaspace: 107105K(111300K)->107105K(111300K) NonClass: 95366K(97648K)->95366K(97648K) Class: 11738K(13652K)->11738K(13652K)
[61.270s][info][gc             ] GC(269) Pause Young (Allocation Failure) 440M->41M(4046M) 6.522ms
[61.270s][info][gc,cpu         ] GC(269) User=0.00s Sys=0.00s Real=0.00s
[61.448s][info][gc,start       ] GC(270) Pause Young (Allocation Failure)
[61.448s][info][gc,task        ] GC(270) Using 6 workers of 6 for evacuation
[61.455s][info][gc,heap        ] GC(270) ParNew: 410926K->1758K(460096K)
[61.455s][info][gc,heap        ] GC(270) CMS: 40168K->40168K(3683136K)
[61.455s][info][gc,metaspace   ] GC(270) Metaspace: 107105K(111300K)->107105K(111300K) NonClass: 95366K(97648K)->95366K(97648K) Class: 11738K(13652K)->11738K(13652K)
[61.455s][info][gc             ] GC(270) Pause Young (Allocation Failure) 440M->40M(4046M) 6.843ms
[61.455s][info][gc,cpu         ] GC(270) User=0.02s Sys=0.00s Real=0.02s
[61.482s][info][gc,start       ] GC(271) Pause Full (System.gc())
[61.483s][info][gc,phases,start] GC(271) Phase 1: Mark live objects
[61.527s][info][gc,phases      ] GC(271) Phase 1: Mark live objects 43.328ms
[61.527s][info][gc,phases,start] GC(271) Phase 2: Compute new object addresses
[61.544s][info][gc,phases      ] GC(271) Phase 2: Compute new object addresses 17.517ms
[61.544s][info][gc,phases,start] GC(271) Phase 3: Adjust pointers
[61.570s][info][gc,phases      ] GC(271) Phase 3: Adjust pointers 25.435ms
[61.570s][info][gc,phases,start] GC(271) Phase 4: Move objects
[61.572s][info][gc,phases      ] GC(271) Phase 4: Move objects 2.070ms
[61.575s][info][gc,heap        ] GC(271) ParNew: 68591K->0K(460096K)
[61.575s][info][gc,heap        ] GC(271) CMS: 40168K->39709K(3683136K)
[61.575s][info][gc,metaspace   ] GC(271) Metaspace: 107105K(111300K)->107105K(111300K) NonClass: 95366K(97648K)->95366K(97648K) Class: 11738K(13652K)->11738K(13652K)
[61.576s][info][gc             ] GC(271) Pause Full (System.gc()) 106M->38M(4046M) 94.497ms
[61.576s][info][gc,cpu         ] GC(271) User=0.09s Sys=0.00s Real=0.10s
[61.776s][info][gc,start       ] GC(272) Pause Young (Allocation Failure)
[61.776s][info][gc,task        ] GC(272) Using 6 workers of 6 for evacuation
[61.785s][info][gc,heap        ] GC(272) ParNew: 409024K->2157K(460096K)
[61.785s][info][gc,heap        ] GC(272) CMS: 39709K->39709K(3683136K)
[61.785s][info][gc,metaspace   ] GC(272) Metaspace: 107105K(111300K)->107105K(111300K) NonClass: 95366K(97648K)->95366K(97648K) Class: 11738K(13652K)->11738K(13652K)
[61.785s][info][gc             ] GC(272) Pause Young (Allocation Failure) 438M->40M(4046M) 9.053ms
[61.785s][info][gc,cpu         ] GC(272) User=0.02s Sys=0.00s Real=0.02s
[61.962s][info][gc,start       ] GC(273) Pause Young (Allocation Failure)
[61.962s][info][gc,task        ] GC(273) Using 6 workers of 6 for evacuation
[61.969s][info][gc,heap        ] GC(273) ParNew: 411181K->1646K(460096K)
[61.969s][info][gc,heap        ] GC(273) CMS: 39709K->39709K(3683136K)
[61.969s][info][gc,metaspace   ] GC(273) Metaspace: 107105K(111300K)->107105K(111300K) NonClass: 95366K(97648K)->95366K(97648K) Class: 11738K(13652K)->11738K(13652K)
[61.969s][info][gc             ] GC(273) Pause Young (Allocation Failure) 440M->40M(4046M) 6.624ms
[61.969s][info][gc,cpu         ] GC(273) User=0.00s Sys=0.00s Real=0.00s
[62.147s][info][gc,start       ] GC(274) Pause Young (Allocation Failure)
[62.148s][info][gc,task        ] GC(274) Using 6 workers of 6 for evacuation
[62.154s][info][gc,heap        ] GC(274) ParNew: 410670K->1805K(460096K)
[62.154s][info][gc,heap        ] GC(274) CMS: 39709K->39709K(3683136K)
[62.154s][info][gc,metaspace   ] GC(274) Metaspace: 107105K(111300K)->107105K(111300K) NonClass: 95366K(97648K)->95366K(97648K) Class: 11738K(13652K)->11738K(13652K)
[62.154s][info][gc             ] GC(274) Pause Young (Allocation Failure) 439M->40M(4046M) 6.766ms
[62.154s][info][gc,cpu         ] GC(274) User=0.00s Sys=0.00s Real=0.01s
[62.180s][info][gc,start       ] GC(275) Pause Full (System.gc())
[62.182s][info][gc,phases,start] GC(275) Phase 1: Mark live objects
[62.224s][info][gc,phases      ] GC(275) Phase 1: Mark live objects 41.798ms
[62.224s][info][gc,phases,start] GC(275) Phase 2: Compute new object addresses
[62.241s][info][gc,phases      ] GC(275) Phase 2: Compute new object addresses 17.134ms
[62.241s][info][gc,phases,start] GC(275) Phase 3: Adjust pointers
[62.267s][info][gc,phases      ] GC(275) Phase 3: Adjust pointers 25.650ms
[62.267s][info][gc,phases,start] GC(275) Phase 4: Move objects
[62.270s][info][gc,phases      ] GC(275) Phase 4: Move objects 3.227ms
[62.274s][info][gc,heap        ] GC(275) ParNew: 67808K->0K(460096K)
[62.274s][info][gc,heap        ] GC(275) CMS: 39709K->39817K(3683136K)
[62.274s][info][gc,metaspace   ] GC(275) Metaspace: 107105K(111300K)->107105K(111300K) NonClass: 95366K(97648K)->95366K(97648K) Class: 11738K(13652K)->11738K(13652K)
[62.274s][info][gc             ] GC(275) Pause Full (System.gc()) 104M->38M(4046M) 94.472ms
[62.275s][info][gc,cpu         ] GC(275) User=0.09s Sys=0.00s Real=0.09s
[62.475s][info][gc,start       ] GC(276) Pause Young (Allocation Failure)
[62.475s][info][gc,task        ] GC(276) Using 6 workers of 6 for evacuation
[62.481s][info][gc,heap        ] GC(276) ParNew: 409024K->2152K(460096K)
[62.481s][info][gc,heap        ] GC(276) CMS: 39817K->39817K(3683136K)
[62.481s][info][gc,metaspace   ] GC(276) Metaspace: 107105K(111300K)->107105K(111300K) NonClass: 95366K(97648K)->95366K(97648K) Class: 11738K(13652K)->11738K(13652K)
[62.481s][info][gc             ] GC(276) Pause Young (Allocation Failure) 438M->40M(4046M) 6.544ms
[62.481s][info][gc,cpu         ] GC(276) User=0.00s Sys=0.00s Real=0.00s
[62.661s][info][gc,start       ] GC(277) Pause Young (Allocation Failure)
[62.661s][info][gc,task        ] GC(277) Using 6 workers of 6 for evacuation
[62.668s][info][gc,heap        ] GC(277) ParNew: 411176K->1644K(460096K)
[62.668s][info][gc,heap        ] GC(277) CMS: 39817K->39817K(3683136K)
[62.668s][info][gc,metaspace   ] GC(277) Metaspace: 107105K(111300K)->107105K(111300K) NonClass: 95366K(97648K)->95366K(97648K) Class: 11738K(13652K)->11738K(13652K)
[62.668s][info][gc             ] GC(277) Pause Young (Allocation Failure) 440M->40M(4046M) 6.720ms
[62.668s][info][gc,cpu         ] GC(277) User=0.00s Sys=0.00s Real=0.01s
[62.845s][info][gc,start       ] GC(278) Pause Young (Allocation Failure)
[62.845s][info][gc,task        ] GC(278) Using 6 workers of 6 for evacuation
[62.852s][info][gc,heap        ] GC(278) ParNew: 410668K->2115K(460096K)
[62.852s][info][gc,heap        ] GC(278) CMS: 39817K->39817K(3683136K)
[62.852s][info][gc,metaspace   ] GC(278) Metaspace: 107105K(111300K)->107105K(111300K) NonClass: 95366K(97648K)->95366K(97648K) Class: 11738K(13652K)->11738K(13652K)
[62.852s][info][gc             ] GC(278) Pause Young (Allocation Failure) 439M->40M(4046M) 6.459ms
[62.852s][info][gc,cpu         ] GC(278) User=0.00s Sys=0.00s Real=0.01s
[62.878s][info][gc,start       ] GC(279) Pause Full (System.gc())
[62.879s][info][gc,phases,start] GC(279) Phase 1: Mark live objects
[62.922s][info][gc,phases      ] GC(279) Phase 1: Mark live objects 42.682ms
[62.922s][info][gc,phases,start] GC(279) Phase 2: Compute new object addresses
[62.939s][info][gc,phases      ] GC(279) Phase 2: Compute new object addresses 17.115ms
[62.939s][info][gc,phases,start] GC(279) Phase 3: Adjust pointers
[62.965s][info][gc,phases      ] GC(279) Phase 3: Adjust pointers 25.700ms
[62.965s][info][gc,phases,start] GC(279) Phase 4: Move objects
[62.968s][info][gc,phases      ] GC(279) Phase 4: Move objects 3.181ms
[62.971s][info][gc,heap        ] GC(279) ParNew: 67105K->0K(460096K)
[62.972s][info][gc,heap        ] GC(279) CMS: 39817K->39925K(3683136K)
[62.972s][info][gc,metaspace   ] GC(279) Metaspace: 107105K(111300K)->107105K(111300K) NonClass: 95366K(97648K)->95366K(97648K) Class: 11738K(13652K)->11738K(13652K)
[62.972s][info][gc             ] GC(279) Pause Full (System.gc()) 104M->38M(4046M) 94.682ms
[62.972s][info][gc,cpu         ] GC(279) User=0.09s Sys=0.00s Real=0.10s
[63.173s][info][gc,start       ] GC(280) Pause Young (Allocation Failure)
[63.173s][info][gc,task        ] GC(280) Using 6 workers of 6 for evacuation
[63.179s][info][gc,heap        ] GC(280) ParNew: 409024K->1864K(460096K)
[63.179s][info][gc,heap        ] GC(280) CMS: 39925K->39925K(3683136K)
[63.179s][info][gc,metaspace   ] GC(280) Metaspace: 107105K(111300K)->107105K(111300K) NonClass: 95366K(97648K)->95366K(97648K) Class: 11738K(13652K)->11738K(13652K)
[63.179s][info][gc             ] GC(280) Pause Young (Allocation Failure) 438M->40M(4046M) 6.323ms
[63.179s][info][gc,cpu         ] GC(280) User=0.00s Sys=0.00s Real=0.00s
[63.357s][info][gc,start       ] GC(281) Pause Young (Allocation Failure)
[63.357s][info][gc,task        ] GC(281) Using 6 workers of 6 for evacuation
[63.364s][info][gc,heap        ] GC(281) ParNew: 410888K->2164K(460096K)
[63.364s][info][gc,heap        ] GC(281) CMS: 39925K->39925K(3683136K)
[63.364s][info][gc,metaspace   ] GC(281) Metaspace: 107105K(111300K)->107105K(111300K) NonClass: 95366K(97648K)->95366K(97648K) Class: 11738K(13652K)->11738K(13652K)
[63.364s][info][gc             ] GC(281) Pause Young (Allocation Failure) 440M->41M(4046M) 6.398ms
[63.364s][info][gc,cpu         ] GC(281) User=0.00s Sys=0.00s Real=0.00s
[63.543s][info][gc,start       ] GC(282) Pause Young (Allocation Failure)
[63.543s][info][gc,task        ] GC(282) Using 6 workers of 6 for evacuation
[63.550s][info][gc,heap        ] GC(282) ParNew: 411188K->1998K(460096K)
[63.550s][info][gc,heap        ] GC(282) CMS: 39925K->39925K(3683136K)
[63.550s][info][gc,metaspace   ] GC(282) Metaspace: 107105K(111300K)->107105K(111300K) NonClass: 95366K(97648K)->95366K(97648K) Class: 11738K(13652K)->11738K(13652K)
[63.550s][info][gc             ] GC(282) Pause Young (Allocation Failure) 440M->40M(4046M) 6.417ms
[63.550s][info][gc,cpu         ] GC(282) User=0.00s Sys=0.00s Real=0.00s
[63.576s][info][gc,start       ] GC(283) Pause Full (System.gc())
[63.578s][info][gc,phases,start] GC(283) Phase 1: Mark live objects
[63.620s][info][gc,phases      ] GC(283) Phase 1: Mark live objects 42.216ms
[63.620s][info][gc,phases,start] GC(283) Phase 2: Compute new object addresses
[63.638s][info][gc,phases      ] GC(283) Phase 2: Compute new object addresses 17.494ms
[63.638s][info][gc,phases,start] GC(283) Phase 3: Adjust pointers
[63.664s][info][gc,phases      ] GC(283) Phase 3: Adjust pointers 25.718ms
[63.664s][info][gc,phases,start] GC(283) Phase 4: Move objects
[63.667s][info][gc,phases      ] GC(283) Phase 4: Move objects 3.191ms
[63.670s][info][gc,heap        ] GC(283) ParNew: 68823K->0K(460096K)
[63.670s][info][gc,heap        ] GC(283) CMS: 39925K->40032K(3683136K)
[63.670s][info][gc,metaspace   ] GC(283) Metaspace: 107105K(111300K)->107105K(111300K) NonClass: 95366K(97648K)->95366K(97648K) Class: 11738K(13652K)->11738K(13652K)
[63.671s][info][gc             ] GC(283) Pause Full (System.gc()) 106M->39M(4046M) 94.688ms
[63.671s][info][gc,cpu         ] GC(283) User=0.09s Sys=0.00s Real=0.09s
[63.870s][info][gc,start       ] GC(284) Pause Young (Allocation Failure)
[63.870s][info][gc,task        ] GC(284) Using 6 workers of 6 for evacuation
[63.877s][info][gc,heap        ] GC(284) ParNew: 409024K->1938K(460096K)
[63.877s][info][gc,heap        ] GC(284) CMS: 40032K->40032K(3683136K)
[63.877s][info][gc,metaspace   ] GC(284) Metaspace: 107105K(111300K)->107105K(111300K) NonClass: 95366K(97648K)->95366K(97648K) Class: 11738K(13652K)->11738K(13652K)
[63.877s][info][gc             ] GC(284) Pause Young (Allocation Failure) 438M->40M(4046M) 7.135ms
[63.877s][info][gc,cpu         ] GC(284) User=0.02s Sys=0.00s Real=0.02s
[64.055s][info][gc,start       ] GC(285) Pause Young (Allocation Failure)
[64.055s][info][gc,task        ] GC(285) Using 6 workers of 6 for evacuation
[64.061s][info][gc,heap        ] GC(285) ParNew: 410962K->2110K(460096K)
[64.061s][info][gc,heap        ] GC(285) CMS: 40032K->40032K(3683136K)
[64.061s][info][gc,metaspace   ] GC(285) Metaspace: 107105K(111300K)->107105K(111300K) NonClass: 95366K(97648K)->95366K(97648K) Class: 11738K(13652K)->11738K(13652K)
[64.061s][info][gc             ] GC(285) Pause Young (Allocation Failure) 440M->41M(4046M) 6.393ms
[64.061s][info][gc,cpu         ] GC(285) User=0.02s Sys=0.00s Real=0.01s
[64.239s][info][gc,start       ] GC(286) Pause Young (Allocation Failure)
[64.239s][info][gc,task        ] GC(286) Using 6 workers of 6 for evacuation
[64.245s][info][gc,heap        ] GC(286) ParNew: 411134K->1984K(460096K)
[64.245s][info][gc,heap        ] GC(286) CMS: 40032K->40032K(3683136K)
[64.245s][info][gc,metaspace   ] GC(286) Metaspace: 107105K(111300K)->107105K(111300K) NonClass: 95366K(97648K)->95366K(97648K) Class: 11738K(13652K)->11738K(13652K)
[64.245s][info][gc             ] GC(286) Pause Young (Allocation Failure) 440M->41M(4046M) 6.309ms
[64.245s][info][gc,cpu         ] GC(286) User=0.00s Sys=0.00s Real=0.00s
[64.271s][info][gc,start       ] GC(287) Pause Full (System.gc())
[64.273s][info][gc,phases,start] GC(287) Phase 1: Mark live objects
[64.317s][info][gc,phases      ] GC(287) Phase 1: Mark live objects 43.232ms
[64.317s][info][gc,phases,start] GC(287) Phase 2: Compute new object addresses
[64.334s][info][gc,phases      ] GC(287) Phase 2: Compute new object addresses 17.343ms
[64.334s][info][gc,phases,start] GC(287) Phase 3: Adjust pointers
[64.360s][info][gc,phases      ] GC(287) Phase 3: Adjust pointers 25.919ms
[64.360s][info][gc,phases,start] GC(287) Phase 4: Move objects
[64.363s][info][gc,phases      ] GC(287) Phase 4: Move objects 3.262ms
[64.366s][info][gc,heap        ] GC(287) ParNew: 71254K->0K(460096K)
[64.366s][info][gc,heap        ] GC(287) CMS: 40032K->40141K(3683136K)
[64.366s][info][gc,metaspace   ] GC(287) Metaspace: 107105K(111300K)->107105K(111300K) NonClass: 95367K(97648K)->95367K(97648K) Class: 11738K(13652K)->11738K(13652K)
[64.367s][info][gc             ] GC(287) Pause Full (System.gc()) 108M->39M(4046M) 95.759ms
[64.367s][info][gc,cpu         ] GC(287) User=0.09s Sys=0.00s Real=0.09s
[64.567s][info][gc,start       ] GC(288) Pause Young (Allocation Failure)
[64.567s][info][gc,task        ] GC(288) Using 6 workers of 6 for evacuation
[64.575s][info][gc,heap        ] GC(288) ParNew: 409024K->2268K(460096K)
[64.575s][info][gc,heap        ] GC(288) CMS: 40141K->40141K(3683136K)
[64.575s][info][gc,metaspace   ] GC(288) Metaspace: 107105K(111300K)->107105K(111300K) NonClass: 95367K(97648K)->95367K(97648K) Class: 11738K(13652K)->11738K(13652K)
[64.575s][info][gc             ] GC(288) Pause Young (Allocation Failure) 438M->41M(4046M) 7.932ms
[64.575s][info][gc,cpu         ] GC(288) User=0.00s Sys=0.00s Real=0.00s
[64.753s][info][gc,start       ] GC(289) Pause Young (Allocation Failure)
[64.753s][info][gc,task        ] GC(289) Using 6 workers of 6 for evacuation
[64.759s][info][gc,heap        ] GC(289) ParNew: 411292K->1492K(460096K)
[64.759s][info][gc,heap        ] GC(289) CMS: 40141K->40141K(3683136K)
[64.759s][info][gc,metaspace   ] GC(289) Metaspace: 107105K(111300K)->107105K(111300K) NonClass: 95367K(97648K)->95367K(97648K) Class: 11738K(13652K)->11738K(13652K)
[64.759s][info][gc             ] GC(289) Pause Young (Allocation Failure) 440M->40M(4046M) 5.967ms
[64.759s][info][gc,cpu         ] GC(289) User=0.00s Sys=0.00s Real=0.01s
[64.937s][info][gc,start       ] GC(290) Pause Young (Allocation Failure)
[64.937s][info][gc,task        ] GC(290) Using 6 workers of 6 for evacuation
[64.944s][info][gc,heap        ] GC(290) ParNew: 410516K->1960K(460096K)
[64.944s][info][gc,heap        ] GC(290) CMS: 40141K->40141K(3683136K)
[64.944s][info][gc,metaspace   ] GC(290) Metaspace: 107105K(111300K)->107105K(111300K) NonClass: 95367K(97648K)->95367K(97648K) Class: 11738K(13652K)->11738K(13652K)
[64.944s][info][gc             ] GC(290) Pause Young (Allocation Failure) 440M->41M(4046M) 6.708ms
[64.944s][info][gc,cpu         ] GC(290) User=0.02s Sys=0.00s Real=0.02s
[64.970s][info][gc,start       ] GC(291) Pause Full (System.gc())
[64.972s][info][gc,phases,start] GC(291) Phase 1: Mark live objects
[65.015s][info][gc,phases      ] GC(291) Phase 1: Mark live objects 42.926ms
[65.015s][info][gc,phases,start] GC(291) Phase 2: Compute new object addresses
[65.032s][info][gc,phases      ] GC(291) Phase 2: Compute new object addresses 17.193ms
[65.032s][info][gc,phases,start] GC(291) Phase 3: Adjust pointers
[65.058s][info][gc,phases      ] GC(291) Phase 3: Adjust pointers 25.994ms
[65.058s][info][gc,phases,start] GC(291) Phase 4: Move objects
[65.062s][info][gc,phases      ] GC(291) Phase 4: Move objects 3.652ms
[65.065s][info][gc,heap        ] GC(291) ParNew: 67883K->0K(460096K)
[65.065s][info][gc,heap        ] GC(291) CMS: 40141K->40248K(3683136K)
[65.065s][info][gc,metaspace   ] GC(291) Metaspace: 107105K(111300K)->107105K(111300K) NonClass: 95367K(97648K)->95367K(97648K) Class: 11738K(13652K)->11738K(13652K)
[65.066s][info][gc             ] GC(291) Pause Full (System.gc()) 105M->39M(4046M) 95.760ms
[65.066s][info][gc,cpu         ] GC(291) User=0.09s Sys=0.00s Real=0.11s
[65.265s][info][gc,start       ] GC(292) Pause Young (Allocation Failure)
[65.265s][info][gc,task        ] GC(292) Using 6 workers of 6 for evacuation
[65.271s][info][gc,heap        ] GC(292) ParNew: 409024K->1674K(460096K)
[65.271s][info][gc,heap        ] GC(292) CMS: 40248K->40248K(3683136K)
[65.271s][info][gc,metaspace   ] GC(292) Metaspace: 107122K(111300K)->107122K(111300K) NonClass: 95383K(97648K)->95383K(97648K) Class: 11738K(13652K)->11738K(13652K)
[65.271s][info][gc             ] GC(292) Pause Young (Allocation Failure) 438M->40M(4046M) 6.899ms
[65.271s][info][gc,cpu         ] GC(292) User=0.00s Sys=0.00s Real=0.01s
[65.449s][info][gc,start       ] GC(293) Pause Young (Allocation Failure)
[65.450s][info][gc,task        ] GC(293) Using 6 workers of 6 for evacuation
[65.456s][info][gc,heap        ] GC(293) ParNew: 410698K->2165K(460096K)
[65.456s][info][gc,heap        ] GC(293) CMS: 40248K->40248K(3683136K)
[65.456s][info][gc,metaspace   ] GC(293) Metaspace: 107122K(111300K)->107122K(111300K) NonClass: 95383K(97648K)->95383K(97648K) Class: 11738K(13652K)->11738K(13652K)
[65.456s][info][gc             ] GC(293) Pause Young (Allocation Failure) 440M->41M(4046M) 6.400ms
[65.456s][info][gc,cpu         ] GC(293) User=0.00s Sys=0.00s Real=0.00s
[65.635s][info][gc,start       ] GC(294) Pause Young (Allocation Failure)
[65.635s][info][gc,task        ] GC(294) Using 6 workers of 6 for evacuation
[65.641s][info][gc,heap        ] GC(294) ParNew: 411189K->1981K(460096K)
[65.642s][info][gc,heap        ] GC(294) CMS: 40248K->40248K(3683136K)
[65.642s][info][gc,metaspace   ] GC(294) Metaspace: 107122K(111300K)->107122K(111300K) NonClass: 95383K(97648K)->95383K(97648K) Class: 11738K(13652K)->11738K(13652K)
[65.642s][info][gc             ] GC(294) Pause Young (Allocation Failure) 440M->41M(4046M) 6.725ms
[65.642s][info][gc,cpu         ] GC(294) User=0.00s Sys=0.00s Real=0.00s
[65.668s][info][gc,start       ] GC(295) Pause Full (System.gc())
[65.670s][info][gc,phases,start] GC(295) Phase 1: Mark live objects
[65.713s][info][gc,phases      ] GC(295) Phase 1: Mark live objects 43.012ms
[65.713s][info][gc,phases,start] GC(295) Phase 2: Compute new object addresses
[65.731s][info][gc,phases      ] GC(295) Phase 2: Compute new object addresses 17.514ms
[65.731s][info][gc,phases,start] GC(295) Phase 3: Adjust pointers
[65.757s][info][gc,phases      ] GC(295) Phase 3: Adjust pointers 25.872ms
[65.757s][info][gc,phases,start] GC(295) Phase 4: Move objects
[65.760s][info][gc,phases      ] GC(295) Phase 4: Move objects 3.224ms
[65.763s][info][gc,heap        ] GC(295) ParNew: 74452K->0K(460096K)
[65.763s][info][gc,heap        ] GC(295) CMS: 40248K->39789K(3683136K)
[65.763s][info][gc,metaspace   ] GC(295) Metaspace: 107122K(111300K)->107122K(111300K) NonClass: 95383K(97648K)->95383K(97648K) Class: 11738K(13652K)->11738K(13652K)
[65.764s][info][gc             ] GC(295) Pause Full (System.gc()) 112M->38M(4046M) 95.753ms
[65.764s][info][gc,cpu         ] GC(295) User=0.11s Sys=0.00s Real=0.10s
[65.967s][info][gc,start       ] GC(296) Pause Young (Allocation Failure)
[65.967s][info][gc,task        ] GC(296) Using 6 workers of 6 for evacuation
[65.974s][info][gc,heap        ] GC(296) ParNew: 409024K->2019K(460096K)
[65.974s][info][gc,heap        ] GC(296) CMS: 39789K->39789K(3683136K)
[65.974s][info][gc,metaspace   ] GC(296) Metaspace: 107122K(111300K)->107122K(111300K) NonClass: 95383K(97648K)->95383K(97648K) Class: 11738K(13652K)->11738K(13652K)
[65.974s][info][gc             ] GC(296) Pause Young (Allocation Failure) 438M->40M(4046M) 7.380ms
[65.974s][info][gc,cpu         ] GC(296) User=0.00s Sys=0.00s Real=0.00s
[66.153s][info][gc,start       ] GC(297) Pause Young (Allocation Failure)
[66.153s][info][gc,task        ] GC(297) Using 6 workers of 6 for evacuation
[66.160s][info][gc,heap        ] GC(297) ParNew: 411043K->1879K(460096K)
[66.160s][info][gc,heap        ] GC(297) CMS: 39789K->39789K(3683136K)
[66.160s][info][gc,metaspace   ] GC(297) Metaspace: 107122K(111300K)->107122K(111300K) NonClass: 95383K(97648K)->95383K(97648K) Class: 11738K(13652K)->11738K(13652K)
[66.160s][info][gc             ] GC(297) Pause Young (Allocation Failure) 440M->40M(4046M) 6.414ms
[66.160s][info][gc,cpu         ] GC(297) User=0.00s Sys=0.00s Real=0.00s
[66.339s][info][gc,start       ] GC(298) Pause Young (Allocation Failure)
[66.339s][info][gc,task        ] GC(298) Using 6 workers of 6 for evacuation
[66.345s][info][gc,heap        ] GC(298) ParNew: 410903K->1911K(460096K)
[66.345s][info][gc,heap        ] GC(298) CMS: 39789K->39789K(3683136K)
[66.345s][info][gc,metaspace   ] GC(298) Metaspace: 107122K(111300K)->107122K(111300K) NonClass: 95383K(97648K)->95383K(97648K) Class: 11738K(13652K)->11738K(13652K)
[66.345s][info][gc             ] GC(298) Pause Young (Allocation Failure) 440M->40M(4046M) 6.091ms
[66.345s][info][gc,cpu         ] GC(298) User=0.00s Sys=0.00s Real=0.00s
[66.371s][info][gc,start       ] GC(299) Pause Full (System.gc())
[66.374s][info][gc,phases,start] GC(299) Phase 1: Mark live objects
[66.417s][info][gc,phases      ] GC(299) Phase 1: Mark live objects 42.644ms
[66.417s][info][gc,phases,start] GC(299) Phase 2: Compute new object addresses
[66.434s][info][gc,phases      ] GC(299) Phase 2: Compute new object addresses 17.296ms
[66.434s][info][gc,phases,start] GC(299) Phase 3: Adjust pointers
[66.460s][info][gc,phases      ] GC(299) Phase 3: Adjust pointers 25.674ms
[66.460s][info][gc,phases,start] GC(299) Phase 4: Move objects
[66.463s][info][gc,phases      ] GC(299) Phase 4: Move objects 3.240ms
[66.466s][info][gc,heap        ] GC(299) ParNew: 68726K->0K(460096K)
[66.466s][info][gc,heap        ] GC(299) CMS: 39789K->39895K(3683136K)
[66.466s][info][gc,metaspace   ] GC(299) Metaspace: 107122K(111300K)->107122K(111300K) NonClass: 95383K(97648K)->95383K(97648K) Class: 11738K(13652K)->11738K(13652K)
[66.467s][info][gc             ] GC(299) Pause Full (System.gc()) 105M->38M(4046M) 95.526ms
[66.467s][info][gc,cpu         ] GC(299) User=0.11s Sys=0.00s Real=0.10s
[66.669s][info][gc,start       ] GC(300) Pause Young (Allocation Failure)
[66.669s][info][gc,task        ] GC(300) Using 6 workers of 6 for evacuation
[66.675s][info][gc,heap        ] GC(300) ParNew: 409024K->2265K(460096K)
[66.675s][info][gc,heap        ] GC(300) CMS: 39895K->39895K(3683136K)
[66.675s][info][gc,metaspace   ] GC(300) Metaspace: 107122K(111300K)->107122K(111300K) NonClass: 95383K(97648K)->95383K(97648K) Class: 11738K(13652K)->11738K(13652K)
[66.675s][info][gc             ] GC(300) Pause Young (Allocation Failure) 438M->41M(4046M) 6.023ms
[66.675s][info][gc,cpu         ] GC(300) User=0.00s Sys=0.00s Real=0.00s
[66.854s][info][gc,start       ] GC(301) Pause Young (Allocation Failure)
[66.855s][info][gc,task        ] GC(301) Using 6 workers of 6 for evacuation
[66.861s][info][gc,heap        ] GC(301) ParNew: 411289K->1862K(460096K)
[66.861s][info][gc,heap        ] GC(301) CMS: 39895K->39895K(3683136K)
[66.861s][info][gc,metaspace   ] GC(301) Metaspace: 107122K(111300K)->107122K(111300K) NonClass: 95383K(97648K)->95383K(97648K) Class: 11738K(13652K)->11738K(13652K)
[66.861s][info][gc             ] GC(301) Pause Young (Allocation Failure) 440M->40M(4046M) 6.139ms
[66.861s][info][gc,cpu         ] GC(301) User=0.02s Sys=0.00s Real=0.02s
[67.038s][info][gc,start       ] GC(302) Pause Young (Allocation Failure)
[67.038s][info][gc,task        ] GC(302) Using 6 workers of 6 for evacuation
[67.044s][info][gc,heap        ] GC(302) ParNew: 410886K->2048K(460096K)
[67.044s][info][gc,heap        ] GC(302) CMS: 39895K->39895K(3683136K)
[67.044s][info][gc,metaspace   ] GC(302) Metaspace: 107122K(111300K)->107122K(111300K) NonClass: 95383K(97648K)->95383K(97648K) Class: 11738K(13652K)->11738K(13652K)
[67.044s][info][gc             ] GC(302) Pause Young (Allocation Failure) 440M->40M(4046M) 5.978ms
[67.044s][info][gc,cpu         ] GC(302) User=0.00s Sys=0.00s Real=0.02s
[67.071s][info][gc,start       ] GC(303) Pause Full (System.gc())
[67.073s][info][gc,phases,start] GC(303) Phase 1: Mark live objects
[67.117s][info][gc,phases      ] GC(303) Phase 1: Mark live objects 44.051ms
[67.117s][info][gc,phases,start] GC(303) Phase 2: Compute new object addresses
[67.135s][info][gc,phases      ] GC(303) Phase 2: Compute new object addresses 17.757ms
[67.135s][info][gc,phases,start] GC(303) Phase 3: Adjust pointers
[67.161s][info][gc,phases      ] GC(303) Phase 3: Adjust pointers 25.866ms
[67.161s][info][gc,phases,start] GC(303) Phase 4: Move objects
[67.163s][info][gc,phases      ] GC(303) Phase 4: Move objects 2.600ms
[67.167s][info][gc,heap        ] GC(303) ParNew: 73488K->0K(460096K)
[67.167s][info][gc,heap        ] GC(303) CMS: 39895K->40005K(3683136K)
[67.167s][info][gc,metaspace   ] GC(303) Metaspace: 107122K(111300K)->107122K(111300K) NonClass: 95383K(97648K)->95383K(97648K) Class: 11738K(13652K)->11738K(13652K)
[67.168s][info][gc             ] GC(303) Pause Full (System.gc()) 110M->39M(4046M) 96.349ms
[67.168s][info][gc,cpu         ] GC(303) User=0.09s Sys=0.00s Real=0.10s
[67.368s][info][gc,start       ] GC(304) Pause Young (Allocation Failure)
[67.368s][info][gc,task        ] GC(304) Using 6 workers of 6 for evacuation
[67.376s][info][gc,heap        ] GC(304) ParNew: 409024K->2128K(460096K)
[67.376s][info][gc,heap        ] GC(304) CMS: 40005K->40005K(3683136K)
[67.376s][info][gc,metaspace   ] GC(304) Metaspace: 107122K(111300K)->107122K(111300K) NonClass: 95383K(97648K)->95383K(97648K) Class: 11738K(13652K)->11738K(13652K)
[67.376s][info][gc             ] GC(304) Pause Young (Allocation Failure) 438M->41M(4046M) 7.658ms
[67.376s][info][gc,cpu         ] GC(304) User=0.02s Sys=0.00s Real=0.01s
[67.557s][info][gc,start       ] GC(305) Pause Young (Allocation Failure)
[67.557s][info][gc,task        ] GC(305) Using 6 workers of 6 for evacuation
[67.564s][info][gc,heap        ] GC(305) ParNew: 411152K->1703K(460096K)
[67.564s][info][gc,heap        ] GC(305) CMS: 40005K->40005K(3683136K)
[67.564s][info][gc,metaspace   ] GC(305) Metaspace: 107122K(111300K)->107122K(111300K) NonClass: 95383K(97648K)->95383K(97648K) Class: 11738K(13652K)->11738K(13652K)
[67.564s][info][gc             ] GC(305) Pause Young (Allocation Failure) 440M->40M(4046M) 6.624ms
[67.564s][info][gc,cpu         ] GC(305) User=0.02s Sys=0.00s Real=0.02s
[67.743s][info][gc,start       ] GC(306) Pause Young (Allocation Failure)
[67.743s][info][gc,task        ] GC(306) Using 6 workers of 6 for evacuation
[67.749s][info][gc,heap        ] GC(306) ParNew: 410727K->1790K(460096K)
[67.749s][info][gc,heap        ] GC(306) CMS: 40005K->40005K(3683136K)
[67.749s][info][gc,metaspace   ] GC(306) Metaspace: 107122K(111300K)->107122K(111300K) NonClass: 95383K(97648K)->95383K(97648K) Class: 11738K(13652K)->11738K(13652K)
[67.749s][info][gc             ] GC(306) Pause Young (Allocation Failure) 440M->40M(4046M) 6.445ms
[67.749s][info][gc,cpu         ] GC(306) User=0.00s Sys=0.00s Real=0.00s
[67.779s][info][gc,start       ] GC(307) Pause Full (System.gc())
[67.781s][info][gc,phases,start] GC(307) Phase 1: Mark live objects
[67.824s][info][gc,phases      ] GC(307) Phase 1: Mark live objects 42.599ms
[67.824s][info][gc,phases,start] GC(307) Phase 2: Compute new object addresses
[67.841s][info][gc,phases      ] GC(307) Phase 2: Compute new object addresses 17.432ms
[67.841s][info][gc,phases,start] GC(307) Phase 3: Adjust pointers
[67.867s][info][gc,phases      ] GC(307) Phase 3: Adjust pointers 25.871ms
[67.867s][info][gc,phases,start] GC(307) Phase 4: Move objects
[67.870s][info][gc,phases      ] GC(307) Phase 4: Move objects 3.201ms
[67.874s][info][gc,heap        ] GC(307) ParNew: 70793K->0K(460096K)
[67.874s][info][gc,heap        ] GC(307) CMS: 40005K->40112K(3683136K)
[67.874s][info][gc,metaspace   ] GC(307) Metaspace: 107122K(111300K)->107122K(111300K) NonClass: 95383K(97648K)->95383K(97648K) Class: 11738K(13652K)->11738K(13652K)
[67.874s][info][gc             ] GC(307) Pause Full (System.gc()) 108M->39M(4046M) 95.048ms
[67.874s][info][gc,cpu         ] GC(307) User=0.09s Sys=0.00s Real=0.10s
[68.074s][info][gc,start       ] GC(308) Pause Young (Allocation Failure)
[68.075s][info][gc,task        ] GC(308) Using 6 workers of 6 for evacuation
[68.081s][info][gc,heap        ] GC(308) ParNew: 409024K->1962K(460096K)
[68.081s][info][gc,heap        ] GC(308) CMS: 40112K->40112K(3683136K)
[68.081s][info][gc,metaspace   ] GC(308) Metaspace: 107122K(111300K)->107122K(111300K) NonClass: 95383K(97648K)->95383K(97648K) Class: 11738K(13652K)->11738K(13652K)
[68.081s][info][gc             ] GC(308) Pause Young (Allocation Failure) 438M->41M(4046M) 6.480ms
[68.081s][info][gc,cpu         ] GC(308) User=0.00s Sys=0.00s Real=0.01s
[68.261s][info][gc,start       ] GC(309) Pause Young (Allocation Failure)
[68.262s][info][gc,task        ] GC(309) Using 6 workers of 6 for evacuation
[68.268s][info][gc,heap        ] GC(309) ParNew: 410986K->1842K(460096K)
[68.268s][info][gc,heap        ] GC(309) CMS: 40112K->40112K(3683136K)
[68.268s][info][gc,metaspace   ] GC(309) Metaspace: 107122K(111300K)->107122K(111300K) NonClass: 95383K(97648K)->95383K(97648K) Class: 11738K(13652K)->11738K(13652K)
[68.268s][info][gc             ] GC(309) Pause Young (Allocation Failure) 440M->40M(4046M) 6.859ms
[68.268s][info][gc,cpu         ] GC(309) User=0.02s Sys=0.00s Real=0.02s
[68.446s][info][gc,start       ] GC(310) Pause Young (Allocation Failure)
[68.446s][info][gc,task        ] GC(310) Using 6 workers of 6 for evacuation
[68.453s][info][gc,heap        ] GC(310) ParNew: 410866K->2152K(460096K)
[68.453s][info][gc,heap        ] GC(310) CMS: 40112K->40112K(3683136K)
[68.453s][info][gc,metaspace   ] GC(310) Metaspace: 107122K(111300K)->107122K(111300K) NonClass: 95383K(97648K)->95383K(97648K) Class: 11738K(13652K)->11738K(13652K)
[68.453s][info][gc             ] GC(310) Pause Young (Allocation Failure) 440M->41M(4046M) 6.704ms
[68.453s][info][gc,cpu         ] GC(310) User=0.00s Sys=0.00s Real=0.00s
[68.479s][info][gc,start       ] GC(311) Pause Full (System.gc())
[68.481s][info][gc,phases,start] GC(311) Phase 1: Mark live objects
[68.525s][info][gc,phases      ] GC(311) Phase 1: Mark live objects 43.772ms
[68.525s][info][gc,phases,start] GC(311) Phase 2: Compute new object addresses
[68.542s][info][gc,phases      ] GC(311) Phase 2: Compute new object addresses 17.558ms
[68.542s][info][gc,phases,start] GC(311) Phase 3: Adjust pointers
[68.568s][info][gc,phases      ] GC(311) Phase 3: Adjust pointers 25.654ms
[68.568s][info][gc,phases,start] GC(311) Phase 4: Move objects
[68.570s][info][gc,phases      ] GC(311) Phase 4: Move objects 2.218ms
[68.573s][info][gc,heap        ] GC(311) ParNew: 69043K->0K(460096K)
[68.573s][info][gc,heap        ] GC(311) CMS: 40112K->40222K(3683136K)
[68.573s][info][gc,metaspace   ] GC(311) Metaspace: 107122K(111300K)->107122K(111300K) NonClass: 95383K(97648K)->95383K(97648K) Class: 11738K(13652K)->11738K(13652K)
[68.574s][info][gc             ] GC(311) Pause Full (System.gc()) 106M->39M(4046M) 95.181ms
[68.574s][info][gc,cpu         ] GC(311) User=0.09s Sys=0.00s Real=0.10s
[68.771s][info][gc,start       ] GC(312) Pause Young (Allocation Failure)
[68.771s][info][gc,task        ] GC(312) Using 6 workers of 6 for evacuation
[68.777s][info][gc,heap        ] GC(312) ParNew: 409024K->2053K(460096K)
[68.777s][info][gc,heap        ] GC(312) CMS: 40222K->40222K(3683136K)
[68.777s][info][gc,metaspace   ] GC(312) Metaspace: 107123K(111300K)->107123K(111300K) NonClass: 95384K(97648K)->95384K(97648K) Class: 11738K(13652K)->11738K(13652K)
[68.777s][info][gc             ] GC(312) Pause Young (Allocation Failure) 438M->41M(4046M) 6.663ms
[68.777s][info][gc,cpu         ] GC(312) User=0.00s Sys=0.00s Real=0.00s
[68.954s][info][gc,start       ] GC(313) Pause Young (Allocation Failure)
[68.954s][info][gc,task        ] GC(313) Using 6 workers of 6 for evacuation
[68.962s][info][gc,heap        ] GC(313) ParNew: 410868K->2111K(460096K)
[68.962s][info][gc,heap        ] GC(313) CMS: 40222K->40222K(3683136K)
[68.962s][info][gc,metaspace   ] GC(313) Metaspace: 107123K(111300K)->107123K(111300K) NonClass: 95384K(97648K)->95384K(97648K) Class: 11738K(13652K)->11738K(13652K)
[68.962s][info][gc             ] GC(313) Pause Young (Allocation Failure) 440M->41M(4046M) 8.073ms
[68.962s][info][gc,cpu         ] GC(313) User=0.02s Sys=0.00s Real=0.02s
[69.138s][info][gc,start       ] GC(314) Pause Young (Allocation Failure)
[69.138s][info][gc,task        ] GC(314) Using 6 workers of 6 for evacuation
[69.145s][info][gc,heap        ] GC(314) ParNew: 410979K->1751K(460096K)
[69.145s][info][gc,heap        ] GC(314) CMS: 40222K->40222K(3683136K)
[69.145s][info][gc,metaspace   ] GC(314) Metaspace: 107127K(111300K)->107127K(111300K) NonClass: 95388K(97648K)->95388K(97648K) Class: 11738K(13652K)->11738K(13652K)
[69.145s][info][gc             ] GC(314) Pause Young (Allocation Failure) 440M->40M(4046M) 7.141ms
[69.145s][info][gc,cpu         ] GC(314) User=0.00s Sys=0.00s Real=0.00s
[69.182s][info][gc,start       ] GC(315) Pause Full (System.gc())
[69.185s][info][gc,phases,start] GC(315) Phase 1: Mark live objects
[69.230s][info][gc,phases      ] GC(315) Phase 1: Mark live objects 45.194ms
[69.230s][info][gc,phases,start] GC(315) Phase 2: Compute new object addresses
[69.249s][info][gc,phases      ] GC(315) Phase 2: Compute new object addresses 18.725ms
[69.249s][info][gc,phases,start] GC(315) Phase 3: Adjust pointers
[69.276s][info][gc,phases      ] GC(315) Phase 3: Adjust pointers 27.359ms
[69.276s][info][gc,phases,start] GC(315) Phase 4: Move objects
[69.284s][info][gc,phases      ] GC(315) Phase 4: Move objects 7.974ms
[69.288s][info][gc,heap        ] GC(315) ParNew: 90700K->0K(460096K)
[69.288s][info][gc,heap        ] GC(315) CMS: 40222K->39758K(3683136K)
[69.288s][info][gc,metaspace   ] GC(315) Metaspace: 107127K(111300K)->107127K(111300K) NonClass: 95388K(97648K)->95388K(97648K) Class: 11738K(13652K)->11738K(13652K)
[69.288s][info][gc             ] GC(315) Pause Full (System.gc()) 127M->38M(4046M) 106.244ms
[69.289s][info][gc,cpu         ] GC(315) User=0.19s Sys=0.00s Real=0.09s
[69.486s][info][gc,start       ] GC(316) Pause Young (Allocation Failure)
[69.486s][info][gc,task        ] GC(316) Using 6 workers of 6 for evacuation
[69.492s][info][gc,heap        ] GC(316) ParNew: 409024K->2093K(460096K)
[69.492s][info][gc,heap        ] GC(316) CMS: 39758K->39758K(3683136K)
[69.492s][info][gc,metaspace   ] GC(316) Metaspace: 107127K(111300K)->107127K(111300K) NonClass: 95388K(97648K)->95388K(97648K) Class: 11738K(13652K)->11738K(13652K)
[69.492s][info][gc             ] GC(316) Pause Young (Allocation Failure) 438M->40M(4046M) 6.300ms
[69.492s][info][gc,cpu         ] GC(316) User=0.00s Sys=0.00s Real=0.00s
[69.672s][info][gc,start       ] GC(317) Pause Young (Allocation Failure)
[69.672s][info][gc,task        ] GC(317) Using 6 workers of 6 for evacuation
[69.678s][info][gc,heap        ] GC(317) ParNew: 411117K->2014K(460096K)
[69.678s][info][gc,heap        ] GC(317) CMS: 39758K->39758K(3683136K)
[69.678s][info][gc,metaspace   ] GC(317) Metaspace: 107127K(111300K)->107127K(111300K) NonClass: 95388K(97648K)->95388K(97648K) Class: 11738K(13652K)->11738K(13652K)
[69.678s][info][gc             ] GC(317) Pause Young (Allocation Failure) 440M->40M(4046M) 6.169ms
[69.678s][info][gc,cpu         ] GC(317) User=0.00s Sys=0.00s Real=0.00s
[69.859s][info][gc,start       ] GC(318) Pause Young (Allocation Failure)
[69.859s][info][gc,task        ] GC(318) Using 6 workers of 6 for evacuation
[69.865s][info][gc,heap        ] GC(318) ParNew: 411038K->2173K(460096K)
[69.865s][info][gc,heap        ] GC(318) CMS: 39758K->39758K(3683136K)
[69.865s][info][gc,metaspace   ] GC(318) Metaspace: 107127K(111300K)->107127K(111300K) NonClass: 95388K(97648K)->95388K(97648K) Class: 11738K(13652K)->11738K(13652K)
[69.865s][info][gc             ] GC(318) Pause Young (Allocation Failure) 440M->40M(4046M) 6.435ms
[69.865s][info][gc,cpu         ] GC(318) User=0.00s Sys=0.00s Real=0.00s
[69.892s][info][gc,start       ] GC(319) Pause Full (System.gc())
[69.894s][info][gc,phases,start] GC(319) Phase 1: Mark live objects
[69.939s][info][gc,phases      ] GC(319) Phase 1: Mark live objects 44.861ms
[69.939s][info][gc,phases,start] GC(319) Phase 2: Compute new object addresses
[69.957s][info][gc,phases      ] GC(319) Phase 2: Compute new object addresses 17.508ms
[69.957s][info][gc,phases,start] GC(319) Phase 3: Adjust pointers
[69.983s][info][gc,phases      ] GC(319) Phase 3: Adjust pointers 26.029ms
[69.983s][info][gc,phases,start] GC(319) Phase 4: Move objects
[69.991s][info][gc,phases      ] GC(319) Phase 4: Move objects 8.151ms
[69.994s][info][gc,heap        ] GC(319) ParNew: 73478K->0K(460096K)
[69.994s][info][gc,heap        ] GC(319) CMS: 39758K->39869K(3683136K)
[69.994s][info][gc,metaspace   ] GC(319) Metaspace: 107127K(111300K)->107127K(111300K) NonClass: 95388K(97648K)->95388K(97648K) Class: 11738K(13652K)->11738K(13652K)
[69.995s][info][gc             ] GC(319) Pause Full (System.gc()) 110M->38M(4046M) 102.807ms
[69.995s][info][gc,cpu         ] GC(319) User=0.09s Sys=0.02s Real=0.11s
[70.198s][info][gc,start       ] GC(320) Pause Young (Allocation Failure)
[70.198s][info][gc,task        ] GC(320) Using 6 workers of 6 for evacuation
[70.206s][info][gc,heap        ] GC(320) ParNew: 409024K->2186K(460096K)
[70.206s][info][gc,heap        ] GC(320) CMS: 39869K->39869K(3683136K)
[70.206s][info][gc,metaspace   ] GC(320) Metaspace: 107128K(111300K)->107128K(111300K) NonClass: 95389K(97648K)->95389K(97648K) Class: 11738K(13652K)->11738K(13652K)
[70.206s][info][gc             ] GC(320) Pause Young (Allocation Failure) 438M->41M(4046M) 8.045ms
[70.206s][info][gc,cpu         ] GC(320) User=0.02s Sys=0.00s Real=0.02s
[70.384s][info][gc,start       ] GC(321) Pause Young (Allocation Failure)
[70.384s][info][gc,task        ] GC(321) Using 6 workers of 6 for evacuation
[70.390s][info][gc,heap        ] GC(321) ParNew: 411210K->2359K(460096K)
[70.390s][info][gc,heap        ] GC(321) CMS: 39869K->39869K(3683136K)
[70.390s][info][gc,metaspace   ] GC(321) Metaspace: 107128K(111300K)->107128K(111300K) NonClass: 95389K(97648K)->95389K(97648K) Class: 11738K(13652K)->11738K(13652K)
[70.390s][info][gc             ] GC(321) Pause Young (Allocation Failure) 440M->41M(4046M) 6.468ms
[70.390s][info][gc,cpu         ] GC(321) User=0.02s Sys=0.00s Real=0.02s
[70.568s][info][gc,start       ] GC(322) Pause Young (Allocation Failure)
[70.568s][info][gc,task        ] GC(322) Using 6 workers of 6 for evacuation
[70.574s][info][gc,heap        ] GC(322) ParNew: 411383K->1787K(460096K)
[70.574s][info][gc,heap        ] GC(322) CMS: 39869K->39869K(3683136K)
[70.574s][info][gc,metaspace   ] GC(322) Metaspace: 107128K(111300K)->107128K(111300K) NonClass: 95389K(97648K)->95389K(97648K) Class: 11738K(13652K)->11738K(13652K)
[70.574s][info][gc             ] GC(322) Pause Young (Allocation Failure) 440M->40M(4046M) 6.454ms
[70.574s][info][gc,cpu         ] GC(322) User=0.00s Sys=0.00s Real=0.01s
[70.601s][info][gc,start       ] GC(323) Pause Full (System.gc())
[70.603s][info][gc,phases,start] GC(323) Phase 1: Mark live objects
[70.646s][info][gc,phases      ] GC(323) Phase 1: Mark live objects 42.338ms
[70.646s][info][gc,phases,start] GC(323) Phase 2: Compute new object addresses
[70.663s][info][gc,phases      ] GC(323) Phase 2: Compute new object addresses 17.519ms
[70.663s][info][gc,phases,start] GC(323) Phase 3: Adjust pointers
[70.688s][info][gc,phases      ] GC(323) Phase 3: Adjust pointers 25.055ms
[70.688s][info][gc,phases,start] GC(323) Phase 4: Move objects
[70.692s][info][gc,phases      ] GC(323) Phase 4: Move objects 3.182ms
[70.695s][info][gc,heap        ] GC(323) ParNew: 73187K->0K(460096K)
[70.695s][info][gc,heap        ] GC(323) CMS: 39869K->39899K(3683136K)
[70.695s][info][gc,metaspace   ] GC(323) Metaspace: 107128K(111300K)->107128K(111300K) NonClass: 95389K(97648K)->95389K(97648K) Class: 11738K(13652K)->11738K(13652K)
[70.696s][info][gc             ] GC(323) Pause Full (System.gc()) 110M->38M(4046M) 94.335ms
[70.696s][info][gc,cpu         ] GC(323) User=0.09s Sys=0.00s Real=0.09s
[70.896s][info][gc,start       ] GC(324) Pause Young (Allocation Failure)
[70.896s][info][gc,task        ] GC(324) Using 6 workers of 6 for evacuation
[70.905s][info][gc,heap        ] GC(324) ParNew: 409024K->1849K(460096K)
[70.905s][info][gc,heap        ] GC(324) CMS: 39899K->39899K(3683136K)
[70.905s][info][gc,metaspace   ] GC(324) Metaspace: 107128K(111300K)->107128K(111300K) NonClass: 95389K(97648K)->95389K(97648K) Class: 11738K(13652K)->11738K(13652K)
[70.905s][info][gc             ] GC(324) Pause Young (Allocation Failure) 438M->40M(4046M) 8.551ms
[70.905s][info][gc,cpu         ] GC(324) User=0.00s Sys=0.00s Real=0.00s
[71.083s][info][gc,start       ] GC(325) Pause Young (Allocation Failure)
[71.083s][info][gc,task        ] GC(325) Using 6 workers of 6 for evacuation
[71.089s][info][gc,heap        ] GC(325) ParNew: 410873K->2176K(460096K)
[71.089s][info][gc,heap        ] GC(325) CMS: 39899K->39899K(3683136K)
[71.089s][info][gc,metaspace   ] GC(325) Metaspace: 107128K(111300K)->107128K(111300K) NonClass: 95389K(97648K)->95389K(97648K) Class: 11738K(13652K)->11738K(13652K)
[71.089s][info][gc             ] GC(325) Pause Young (Allocation Failure) 440M->41M(4046M) 6.182ms
[71.089s][info][gc,cpu         ] GC(325) User=0.00s Sys=0.00s Real=0.00s
[71.269s][info][gc,start       ] GC(326) Pause Young (Allocation Failure)
[71.269s][info][gc,task        ] GC(326) Using 6 workers of 6 for evacuation
[71.275s][info][gc,heap        ] GC(326) ParNew: 411200K->1628K(460096K)
[71.275s][info][gc,heap        ] GC(326) CMS: 39899K->39899K(3683136K)
[71.275s][info][gc,metaspace   ] GC(326) Metaspace: 107128K(111300K)->107128K(111300K) NonClass: 95389K(97648K)->95389K(97648K) Class: 11738K(13652K)->11738K(13652K)
[71.275s][info][gc             ] GC(326) Pause Young (Allocation Failure) 440M->40M(4046M) 6.598ms
[71.275s][info][gc,cpu         ] GC(326) User=0.00s Sys=0.00s Real=0.00s
[71.301s][info][gc,start       ] GC(327) Pause Full (System.gc())
[71.303s][info][gc,phases,start] GC(327) Phase 1: Mark live objects
[71.346s][info][gc,phases      ] GC(327) Phase 1: Mark live objects 42.819ms
[71.346s][info][gc,phases,start] GC(327) Phase 2: Compute new object addresses
[71.363s][info][gc,phases      ] GC(327) Phase 2: Compute new object addresses 17.218ms
[71.363s][info][gc,phases,start] GC(327) Phase 3: Adjust pointers
[71.389s][info][gc,phases      ] GC(327) Phase 3: Adjust pointers 25.302ms
[71.389s][info][gc,phases,start] GC(327) Phase 4: Move objects
[71.397s][info][gc,phases      ] GC(327) Phase 4: Move objects 8.259ms
[71.400s][info][gc,heap        ] GC(327) ParNew: 68321K->0K(460096K)
[71.400s][info][gc,heap        ] GC(327) CMS: 39899K->40008K(3683136K)
[71.400s][info][gc,metaspace   ] GC(327) Metaspace: 107128K(111300K)->107128K(111300K) NonClass: 95389K(97648K)->95389K(97648K) Class: 11738K(13652K)->11738K(13652K)
[71.401s][info][gc             ] GC(327) Pause Full (System.gc()) 105M->39M(4046M) 99.625ms
[71.401s][info][gc,cpu         ] GC(327) User=0.09s Sys=0.00s Real=0.09s
[71.600s][info][gc,start       ] GC(328) Pause Young (Allocation Failure)
[71.600s][info][gc,task        ] GC(328) Using 6 workers of 6 for evacuation
[71.606s][info][gc,heap        ] GC(328) ParNew: 409024K->1944K(460096K)
[71.607s][info][gc,heap        ] GC(328) CMS: 40008K->40008K(3683136K)
[71.607s][info][gc,metaspace   ] GC(328) Metaspace: 107128K(111300K)->107128K(111300K) NonClass: 95389K(97648K)->95389K(97648K) Class: 11738K(13652K)->11738K(13652K)
[71.607s][info][gc             ] GC(328) Pause Young (Allocation Failure) 438M->40M(4046M) 6.658ms
[71.607s][info][gc,cpu         ] GC(328) User=0.00s Sys=0.00s Real=0.00s
[71.784s][info][gc,start       ] GC(329) Pause Young (Allocation Failure)
[71.785s][info][gc,task        ] GC(329) Using 6 workers of 6 for evacuation
[71.791s][info][gc,heap        ] GC(329) ParNew: 410968K->2228K(460096K)
[71.791s][info][gc,heap        ] GC(329) CMS: 40008K->40008K(3683136K)
[71.791s][info][gc,metaspace   ] GC(329) Metaspace: 107128K(111300K)->107128K(111300K) NonClass: 95389K(97648K)->95389K(97648K) Class: 11738K(13652K)->11738K(13652K)
[71.791s][info][gc             ] GC(329) Pause Young (Allocation Failure) 440M->41M(4046M) 6.719ms
[71.791s][info][gc,cpu         ] GC(329) User=0.02s Sys=0.00s Real=0.01s
[71.969s][info][gc,start       ] GC(330) Pause Young (Allocation Failure)
[71.969s][info][gc,task        ] GC(330) Using 6 workers of 6 for evacuation
[71.977s][info][gc,heap        ] GC(330) ParNew: 411252K->1779K(460096K)
[71.977s][info][gc,heap        ] GC(330) CMS: 40008K->40008K(3683136K)
[71.977s][info][gc,metaspace   ] GC(330) Metaspace: 107128K(111300K)->107128K(111300K) NonClass: 95390K(97648K)->95390K(97648K) Class: 11738K(13652K)->11738K(13652K)
[71.977s][info][gc             ] GC(330) Pause Young (Allocation Failure) 440M->40M(4046M) 7.862ms
[71.977s][info][gc,cpu         ] GC(330) User=0.02s Sys=0.00s Real=0.02s
[72.003s][info][gc,start       ] GC(331) Pause Full (System.gc())
[72.005s][info][gc,phases,start] GC(331) Phase 1: Mark live objects
[72.052s][info][gc,phases      ] GC(331) Phase 1: Mark live objects 47.115ms
[72.052s][info][gc,phases,start] GC(331) Phase 2: Compute new object addresses
[72.070s][info][gc,phases      ] GC(331) Phase 2: Compute new object addresses 17.681ms
[72.070s][info][gc,phases,start] GC(331) Phase 3: Adjust pointers
[72.096s][info][gc,phases      ] GC(331) Phase 3: Adjust pointers 26.072ms
[72.096s][info][gc,phases,start] GC(331) Phase 4: Move objects
[72.100s][info][gc,phases      ] GC(331) Phase 4: Move objects 3.300ms
[72.104s][info][gc,heap        ] GC(331) ParNew: 68728K->0K(460096K)
[72.104s][info][gc,heap        ] GC(331) CMS: 40008K->40085K(3683136K)
[72.104s][info][gc,metaspace   ] GC(331) Metaspace: 107128K(111300K)->107128K(111300K) NonClass: 95390K(97648K)->95390K(97648K) Class: 11738K(13652K)->11738K(13652K)
[72.105s][info][gc             ] GC(331) Pause Full (System.gc()) 106M->39M(4046M) 102.005ms
[72.105s][info][gc,cpu         ] GC(331) User=0.20s Sys=0.00s Real=0.11s
[72.299s][info][gc,start       ] GC(332) Pause Young (Allocation Failure)
[72.299s][info][gc,task        ] GC(332) Using 6 workers of 6 for evacuation
[72.306s][info][gc,heap        ] GC(332) ParNew: 409024K->2047K(460096K)
[72.306s][info][gc,heap        ] GC(332) CMS: 40085K->40085K(3683136K)
[72.306s][info][gc,metaspace   ] GC(332) Metaspace: 107128K(111300K)->107128K(111300K) NonClass: 95390K(97648K)->95390K(97648K) Class: 11738K(13652K)->11738K(13652K)
[72.306s][info][gc             ] GC(332) Pause Young (Allocation Failure) 438M->41M(4046M) 6.798ms
[72.306s][info][gc,cpu         ] GC(332) User=0.02s Sys=0.00s Real=0.02s
[72.483s][info][gc,start       ] GC(333) Pause Young (Allocation Failure)
[72.483s][info][gc,task        ] GC(333) Using 6 workers of 6 for evacuation
[72.490s][info][gc,heap        ] GC(333) ParNew: 411071K->2032K(460096K)
[72.490s][info][gc,heap        ] GC(333) CMS: 40085K->40085K(3683136K)
[72.490s][info][gc,metaspace   ] GC(333) Metaspace: 107128K(111300K)->107128K(111300K) NonClass: 95390K(97648K)->95390K(97648K) Class: 11738K(13652K)->11738K(13652K)
[72.490s][info][gc             ] GC(333) Pause Young (Allocation Failure) 440M->41M(4046M) 6.570ms
[72.490s][info][gc,cpu         ] GC(333) User=0.00s Sys=0.00s Real=0.00s
[72.667s][info][gc,start       ] GC(334) Pause Young (Allocation Failure)
[72.667s][info][gc,task        ] GC(334) Using 6 workers of 6 for evacuation
[72.673s][info][gc,heap        ] GC(334) ParNew: 411056K->1919K(460096K)
[72.673s][info][gc,heap        ] GC(334) CMS: 40085K->40085K(3683136K)
[72.673s][info][gc,metaspace   ] GC(334) Metaspace: 107128K(111300K)->107128K(111300K) NonClass: 95390K(97648K)->95390K(97648K) Class: 11738K(13652K)->11738K(13652K)
[72.673s][info][gc             ] GC(334) Pause Young (Allocation Failure) 440M->41M(4046M) 6.399ms
[72.673s][info][gc,cpu         ] GC(334) User=0.00s Sys=0.00s Real=0.00s
[72.700s][info][gc,start       ] GC(335) Pause Full (System.gc())
[72.702s][info][gc,phases,start] GC(335) Phase 1: Mark live objects
[72.744s][info][gc,phases      ] GC(335) Phase 1: Mark live objects 42.767ms
[72.744s][info][gc,phases,start] GC(335) Phase 2: Compute new object addresses
[72.762s][info][gc,phases      ] GC(335) Phase 2: Compute new object addresses 17.424ms
[72.762s][info][gc,phases,start] GC(335) Phase 3: Adjust pointers
[72.787s][info][gc,phases      ] GC(335) Phase 3: Adjust pointers 25.337ms
[72.787s][info][gc,phases,start] GC(335) Phase 4: Move objects
[72.790s][info][gc,phases      ] GC(335) Phase 4: Move objects 3.235ms
[72.794s][info][gc,heap        ] GC(335) ParNew: 68759K->0K(460096K)
[72.794s][info][gc,heap        ] GC(335) CMS: 40085K->40195K(3683136K)
[72.794s][info][gc,metaspace   ] GC(335) Metaspace: 107128K(111300K)->107128K(111300K) NonClass: 95390K(97648K)->95390K(97648K) Class: 11738K(13652K)->11738K(13652K)
[72.795s][info][gc             ] GC(335) Pause Full (System.gc()) 106M->39M(4046M) 95.015ms
[72.795s][info][gc,cpu         ] GC(335) User=0.09s Sys=0.00s Real=0.10s
[72.994s][info][gc,start       ] GC(336) Pause Young (Allocation Failure)
[72.994s][info][gc,task        ] GC(336) Using 6 workers of 6 for evacuation
[73.000s][info][gc,heap        ] GC(336) ParNew: 409024K->1787K(460096K)
[73.000s][info][gc,heap        ] GC(336) CMS: 40195K->40195K(3683136K)
[73.000s][info][gc,metaspace   ] GC(336) Metaspace: 107138K(111300K)->107138K(111300K) NonClass: 95399K(97648K)->95399K(97648K) Class: 11738K(13652K)->11738K(13652K)
[73.001s][info][gc             ] GC(336) Pause Young (Allocation Failure) 438M->40M(4046M) 6.914ms
[73.001s][info][gc,cpu         ] GC(336) User=0.02s Sys=0.00s Real=0.02s
[73.179s][info][gc,start       ] GC(337) Pause Young (Allocation Failure)
[73.179s][info][gc,task        ] GC(337) Using 6 workers of 6 for evacuation
[73.186s][info][gc,heap        ] GC(337) ParNew: 410811K->2270K(460096K)
[73.186s][info][gc,heap        ] GC(337) CMS: 40195K->40195K(3683136K)
[73.186s][info][gc,metaspace   ] GC(337) Metaspace: 107138K(111300K)->107138K(111300K) NonClass: 95399K(97648K)->95399K(97648K) Class: 11738K(13652K)->11738K(13652K)
[73.186s][info][gc             ] GC(337) Pause Young (Allocation Failure) 440M->41M(4046M) 7.113ms
[73.186s][info][gc,cpu         ] GC(337) User=0.02s Sys=0.00s Real=0.01s
[73.363s][info][gc,start       ] GC(338) Pause Young (Allocation Failure)
[73.363s][info][gc,task        ] GC(338) Using 6 workers of 6 for evacuation
[73.370s][info][gc,heap        ] GC(338) ParNew: 411294K->1897K(460096K)
[73.370s][info][gc,heap        ] GC(338) CMS: 40195K->40195K(3683136K)
[73.370s][info][gc,metaspace   ] GC(338) Metaspace: 107138K(111300K)->107138K(111300K) NonClass: 95399K(97648K)->95399K(97648K) Class: 11738K(13652K)->11738K(13652K)
[73.370s][info][gc             ] GC(338) Pause Young (Allocation Failure) 440M->41M(4046M) 6.942ms
[73.370s][info][gc,cpu         ] GC(338) User=0.00s Sys=0.00s Real=0.00s
[73.397s][info][gc,start       ] GC(339) Pause Full (System.gc())
[73.399s][info][gc,phases,start] GC(339) Phase 1: Mark live objects
[73.441s][info][gc,phases      ] GC(339) Phase 1: Mark live objects 42.605ms
[73.441s][info][gc,phases,start] GC(339) Phase 2: Compute new object addresses
[73.459s][info][gc,phases      ] GC(339) Phase 2: Compute new object addresses 17.438ms
[73.459s][info][gc,phases,start] GC(339) Phase 3: Adjust pointers
[73.484s][info][gc,phases      ] GC(339) Phase 3: Adjust pointers 24.756ms
[73.484s][info][gc,phases,start] GC(339) Phase 4: Move objects
[73.486s][info][gc,phases      ] GC(339) Phase 4: Move objects 2.079ms
[73.489s][info][gc,heap        ] GC(339) ParNew: 68847K->0K(460096K)
[73.489s][info][gc,heap        ] GC(339) CMS: 40195K->39735K(3683136K)
[73.489s][info][gc,metaspace   ] GC(339) Metaspace: 107138K(111300K)->107138K(111300K) NonClass: 95399K(97648K)->95399K(97648K) Class: 11738K(13652K)->11738K(13652K)
[73.490s][info][gc             ] GC(339) Pause Full (System.gc()) 106M->38M(4046M) 92.826ms
[73.490s][info][gc,cpu         ] GC(339) User=0.08s Sys=0.00s Real=0.10s
[73.686s][info][gc,start       ] GC(340) Pause Young (Allocation Failure)
[73.686s][info][gc,task        ] GC(340) Using 6 workers of 6 for evacuation
[73.692s][info][gc,heap        ] GC(340) ParNew: 409024K->2022K(460096K)
[73.693s][info][gc,heap        ] GC(340) CMS: 39735K->39735K(3683136K)
[73.693s][info][gc,metaspace   ] GC(340) Metaspace: 107138K(111300K)->107138K(111300K) NonClass: 95399K(97648K)->95399K(97648K) Class: 11738K(13652K)->11738K(13652K)
[73.693s][info][gc             ] GC(340) Pause Young (Allocation Failure) 438M->40M(4046M) 6.497ms
[73.693s][info][gc,cpu         ] GC(340) User=0.00s Sys=0.00s Real=0.01s
[73.869s][info][gc,start       ] GC(341) Pause Young (Allocation Failure)
[73.869s][info][gc,task        ] GC(341) Using 6 workers of 6 for evacuation
[73.875s][info][gc,heap        ] GC(341) ParNew: 411046K->1864K(460096K)
[73.875s][info][gc,heap        ] GC(341) CMS: 39735K->39735K(3683136K)
[73.875s][info][gc,metaspace   ] GC(341) Metaspace: 107138K(111300K)->107138K(111300K) NonClass: 95399K(97648K)->95399K(97648K) Class: 11738K(13652K)->11738K(13652K)
[73.875s][info][gc             ] GC(341) Pause Young (Allocation Failure) 440M->40M(4046M) 6.378ms
[73.875s][info][gc,cpu         ] GC(341) User=0.00s Sys=0.00s Real=0.01s
[74.052s][info][gc,start       ] GC(342) Pause Young (Allocation Failure)
[74.053s][info][gc,task        ] GC(342) Using 6 workers of 6 for evacuation
[74.059s][info][gc,heap        ] GC(342) ParNew: 410888K->1940K(460096K)
[74.059s][info][gc,heap        ] GC(342) CMS: 39735K->39735K(3683136K)
[74.059s][info][gc,metaspace   ] GC(342) Metaspace: 107138K(111300K)->107138K(111300K) NonClass: 95399K(97648K)->95399K(97648K) Class: 11738K(13652K)->11738K(13652K)
[74.059s][info][gc             ] GC(342) Pause Young (Allocation Failure) 440M->40M(4046M) 6.631ms
[74.059s][info][gc,cpu         ] GC(342) User=0.00s Sys=0.00s Real=0.00s
[74.085s][info][gc,start       ] GC(343) Pause Full (System.gc())
[74.087s][info][gc,phases,start] GC(343) Phase 1: Mark live objects
[74.132s][info][gc,phases      ] GC(343) Phase 1: Mark live objects 44.563ms
[74.132s][info][gc,phases,start] GC(343) Phase 2: Compute new object addresses
[74.149s][info][gc,phases      ] GC(343) Phase 2: Compute new object addresses 17.635ms
[74.149s][info][gc,phases,start] GC(343) Phase 3: Adjust pointers
[74.174s][info][gc,phases      ] GC(343) Phase 3: Adjust pointers 24.905ms
[74.174s][info][gc,phases,start] GC(343) Phase 4: Move objects
[74.176s][info][gc,phases      ] GC(343) Phase 4: Move objects 2.037ms
[74.180s][info][gc,heap        ] GC(343) ParNew: 68762K->0K(460096K)
[74.180s][info][gc,heap        ] GC(343) CMS: 39735K->39843K(3683136K)
[74.180s][info][gc,metaspace   ] GC(343) Metaspace: 107138K(111300K)->107138K(111300K) NonClass: 95399K(97648K)->95399K(97648K) Class: 11738K(13652K)->11738K(13652K)
[74.181s][info][gc             ] GC(343) Pause Full (System.gc()) 105M->38M(4046M) 95.209ms
[74.181s][info][gc,cpu         ] GC(343) User=0.08s Sys=0.00s Real=0.10s
[74.380s][info][gc,start       ] GC(344) Pause Young (Allocation Failure)
[74.380s][info][gc,task        ] GC(344) Using 6 workers of 6 for evacuation
[74.387s][info][gc,heap        ] GC(344) ParNew: 409024K->2221K(460096K)
[74.387s][info][gc,heap        ] GC(344) CMS: 39843K->39843K(3683136K)
[74.387s][info][gc,metaspace   ] GC(344) Metaspace: 107153K(111300K)->107153K(111300K) NonClass: 95414K(97648K)->95414K(97648K) Class: 11738K(13652K)->11738K(13652K)
[74.387s][info][gc             ] GC(344) Pause Young (Allocation Failure) 438M->41M(4046M) 6.799ms
[74.387s][info][gc,cpu         ] GC(344) User=0.00s Sys=0.00s Real=0.00s
[74.566s][info][gc,start       ] GC(345) Pause Young (Allocation Failure)
[74.566s][info][gc,task        ] GC(345) Using 6 workers of 6 for evacuation
[74.572s][info][gc,heap        ] GC(345) ParNew: 411245K->1745K(460096K)
[74.572s][info][gc,heap        ] GC(345) CMS: 39843K->39843K(3683136K)
[74.572s][info][gc,metaspace   ] GC(345) Metaspace: 107153K(111300K)->107153K(111300K) NonClass: 95414K(97648K)->95414K(97648K) Class: 11738K(13652K)->11738K(13652K)
[74.572s][info][gc             ] GC(345) Pause Young (Allocation Failure) 440M->40M(4046M) 6.450ms
[74.572s][info][gc,cpu         ] GC(345) User=0.00s Sys=0.00s Real=0.00s
[74.749s][info][gc,start       ] GC(346) Pause Young (Allocation Failure)
[74.749s][info][gc,task        ] GC(346) Using 6 workers of 6 for evacuation
[74.756s][info][gc,heap        ] GC(346) ParNew: 410769K->1706K(460096K)
[74.756s][info][gc,heap        ] GC(346) CMS: 39843K->39843K(3683136K)
[74.756s][info][gc,metaspace   ] GC(346) Metaspace: 107153K(111300K)->107153K(111300K) NonClass: 95414K(97648K)->95414K(97648K) Class: 11738K(13652K)->11738K(13652K)
[74.756s][info][gc             ] GC(346) Pause Young (Allocation Failure) 440M->40M(4046M) 6.721ms
[74.756s][info][gc,cpu         ] GC(346) User=0.00s Sys=0.00s Real=0.02s
[74.781s][info][gc,start       ] GC(347) Pause Full (System.gc())
[74.784s][info][gc,phases,start] GC(347) Phase 1: Mark live objects
[74.826s][info][gc,phases      ] GC(347) Phase 1: Mark live objects 42.304ms
[74.826s][info][gc,phases,start] GC(347) Phase 2: Compute new object addresses
[74.843s][info][gc,phases      ] GC(347) Phase 2: Compute new object addresses 17.239ms
[74.844s][info][gc,phases,start] GC(347) Phase 3: Adjust pointers
[74.868s][info][gc,phases      ] GC(347) Phase 3: Adjust pointers 24.792ms
[74.868s][info][gc,phases,start] GC(347) Phase 4: Move objects
[74.870s][info][gc,phases      ] GC(347) Phase 4: Move objects 2.042ms
[74.874s][info][gc,heap        ] GC(347) ParNew: 67593K->0K(460096K)
[74.874s][info][gc,heap        ] GC(347) CMS: 39843K->39951K(3683136K)
[74.874s][info][gc,metaspace   ] GC(347) Metaspace: 107153K(111300K)->107153K(111300K) NonClass: 95414K(97648K)->95414K(97648K) Class: 11738K(13652K)->11738K(13652K)
[74.874s][info][gc             ] GC(347) Pause Full (System.gc()) 104M->39M(4046M) 92.988ms
[74.875s][info][gc,cpu         ] GC(347) User=0.06s Sys=0.00s Real=0.09s
[75.072s][info][gc,start       ] GC(348) Pause Young (Allocation Failure)
[75.072s][info][gc,task        ] GC(348) Using 6 workers of 6 for evacuation
[75.078s][info][gc,heap        ] GC(348) ParNew: 409024K->1905K(460096K)
[75.078s][info][gc,heap        ] GC(348) CMS: 39951K->39951K(3683136K)
[75.078s][info][gc,metaspace   ] GC(348) Metaspace: 107153K(111300K)->107153K(111300K) NonClass: 95415K(97648K)->95415K(97648K) Class: 11738K(13652K)->11738K(13652K)
[75.078s][info][gc             ] GC(348) Pause Young (Allocation Failure) 438M->40M(4046M) 6.311ms
[75.078s][info][gc,cpu         ] GC(348) User=0.00s Sys=0.00s Real=0.00s
[75.259s][info][gc,start       ] GC(349) Pause Young (Allocation Failure)
[75.259s][info][gc,task        ] GC(349) Using 6 workers of 6 for evacuation
[75.265s][info][gc,heap        ] GC(349) ParNew: 410929K->1913K(460096K)
[75.265s][info][gc,heap        ] GC(349) CMS: 39951K->39951K(3683136K)
[75.265s][info][gc,metaspace   ] GC(349) Metaspace: 107153K(111300K)->107153K(111300K) NonClass: 95415K(97648K)->95415K(97648K) Class: 11738K(13652K)->11738K(13652K)
[75.265s][info][gc             ] GC(349) Pause Young (Allocation Failure) 440M->40M(4046M) 6.027ms
[75.265s][info][gc,cpu         ] GC(349) User=0.00s Sys=0.00s Real=0.00s
[75.442s][info][gc,start       ] GC(350) Pause Young (Allocation Failure)
[75.442s][info][gc,task        ] GC(350) Using 6 workers of 6 for evacuation
[75.449s][info][gc,heap        ] GC(350) ParNew: 410937K->2188K(460096K)
[75.449s][info][gc,heap        ] GC(350) CMS: 39951K->39951K(3683136K)
[75.449s][info][gc,metaspace   ] GC(350) Metaspace: 107153K(111300K)->107153K(111300K) NonClass: 95415K(97648K)->95415K(97648K) Class: 11738K(13652K)->11738K(13652K)
[75.449s][info][gc             ] GC(350) Pause Young (Allocation Failure) 440M->41M(4046M) 6.758ms
[75.449s][info][gc,cpu         ] GC(350) User=0.02s Sys=0.00s Real=0.02s
[75.475s][info][gc,start       ] GC(351) Pause Full (System.gc())
[75.478s][info][gc,phases,start] GC(351) Phase 1: Mark live objects
[75.521s][info][gc,phases      ] GC(351) Phase 1: Mark live objects 42.714ms
[75.521s][info][gc,phases,start] GC(351) Phase 2: Compute new object addresses
[75.538s][info][gc,phases      ] GC(351) Phase 2: Compute new object addresses 17.552ms
[75.538s][info][gc,phases,start] GC(351) Phase 3: Adjust pointers
[75.563s][info][gc,phases      ] GC(351) Phase 3: Adjust pointers 24.900ms
[75.563s][info][gc,phases,start] GC(351) Phase 4: Move objects
[75.565s][info][gc,phases      ] GC(351) Phase 4: Move objects 2.079ms
[75.568s][info][gc,heap        ] GC(351) ParNew: 73645K->0K(460096K)
[75.568s][info][gc,heap        ] GC(351) CMS: 39951K->40059K(3683136K)
[75.568s][info][gc,metaspace   ] GC(351) Metaspace: 107153K(111300K)->107153K(111300K) NonClass: 95415K(97648K)->95415K(97648K) Class: 11738K(13652K)->11738K(13652K)
[75.569s][info][gc             ] GC(351) Pause Full (System.gc()) 110M->39M(4046M) 93.802ms
[75.569s][info][gc,cpu         ] GC(351) User=0.09s Sys=0.00s Real=0.09s
[75.766s][info][gc,start       ] GC(352) Pause Young (Allocation Failure)
[75.766s][info][gc,task        ] GC(352) Using 6 workers of 6 for evacuation
[75.772s][info][gc,heap        ] GC(352) ParNew: 409024K->2184K(460096K)
[75.772s][info][gc,heap        ] GC(352) CMS: 40059K->40059K(3683136K)
[75.772s][info][gc,metaspace   ] GC(352) Metaspace: 107153K(111300K)->107153K(111300K) NonClass: 95415K(97648K)->95415K(97648K) Class: 11738K(13652K)->11738K(13652K)
[75.772s][info][gc             ] GC(352) Pause Young (Allocation Failure) 438M->41M(4046M) 6.188ms
[75.772s][info][gc,cpu         ] GC(352) User=0.00s Sys=0.00s Real=0.00s
[75.951s][info][gc,start       ] GC(353) Pause Young (Allocation Failure)
[75.951s][info][gc,task        ] GC(353) Using 6 workers of 6 for evacuation
[75.957s][info][gc,heap        ] GC(353) ParNew: 411208K->1778K(460096K)
[75.957s][info][gc,heap        ] GC(353) CMS: 40059K->40059K(3683136K)
[75.957s][info][gc,metaspace   ] GC(353) Metaspace: 107153K(111300K)->107153K(111300K) NonClass: 95415K(97648K)->95415K(97648K) Class: 11738K(13652K)->11738K(13652K)
[75.957s][info][gc             ] GC(353) Pause Young (Allocation Failure) 440M->40M(4046M) 6.523ms
[75.957s][info][gc,cpu         ] GC(353) User=0.00s Sys=0.00s Real=0.00s
[76.135s][info][gc,start       ] GC(354) Pause Young (Allocation Failure)
[76.136s][info][gc,task        ] GC(354) Using 6 workers of 6 for evacuation
[76.142s][info][gc,heap        ] GC(354) ParNew: 410802K->1928K(460096K)
[76.142s][info][gc,heap        ] GC(354) CMS: 40059K->40059K(3683136K)
[76.142s][info][gc,metaspace   ] GC(354) Metaspace: 107153K(111300K)->107153K(111300K) NonClass: 95415K(97648K)->95415K(97648K) Class: 11738K(13652K)->11738K(13652K)
[76.142s][info][gc             ] GC(354) Pause Young (Allocation Failure) 440M->41M(4046M) 6.666ms
[76.142s][info][gc,cpu         ] GC(354) User=0.02s Sys=0.00s Real=0.02s
[76.168s][info][gc,start       ] GC(355) Pause Full (System.gc())
[76.172s][info][gc,phases,start] GC(355) Phase 1: Mark live objects
[76.213s][info][gc,phases      ] GC(355) Phase 1: Mark live objects 41.786ms
[76.213s][info][gc,phases,start] GC(355) Phase 2: Compute new object addresses
[76.231s][info][gc,phases      ] GC(355) Phase 2: Compute new object addresses 17.326ms
[76.231s][info][gc,phases,start] GC(355) Phase 3: Adjust pointers
[76.256s][info][gc,phases      ] GC(355) Phase 3: Adjust pointers 25.148ms
[76.256s][info][gc,phases,start] GC(355) Phase 4: Move objects
[76.259s][info][gc,phases      ] GC(355) Phase 4: Move objects 2.958ms
[76.262s][info][gc,heap        ] GC(355) ParNew: 68842K->0K(460096K)
[76.262s][info][gc,heap        ] GC(355) CMS: 40059K->40166K(3683136K)
[76.262s][info][gc,metaspace   ] GC(355) Metaspace: 107153K(111300K)->107153K(111300K) NonClass: 95415K(97648K)->95415K(97648K) Class: 11738K(13652K)->11738K(13652K)
[76.263s][info][gc             ] GC(355) Pause Full (System.gc()) 106M->39M(4046M) 94.928ms
[76.263s][info][gc,cpu         ] GC(355) User=0.08s Sys=0.00s Real=0.09s
[76.460s][info][gc,start       ] GC(356) Pause Young (Allocation Failure)
[76.461s][info][gc,task        ] GC(356) Using 6 workers of 6 for evacuation
[76.467s][info][gc,heap        ] GC(356) ParNew: 409024K->1908K(460096K)
[76.467s][info][gc,heap        ] GC(356) CMS: 40166K->40166K(3683136K)
[76.467s][info][gc,metaspace   ] GC(356) Metaspace: 107153K(111300K)->107153K(111300K) NonClass: 95415K(97648K)->95415K(97648K) Class: 11738K(13652K)->11738K(13652K)
[76.467s][info][gc             ] GC(356) Pause Young (Allocation Failure) 438M->41M(4046M) 6.554ms
[76.467s][info][gc,cpu         ] GC(356) User=0.00s Sys=0.00s Real=0.02s
[76.645s][info][gc,start       ] GC(357) Pause Young (Allocation Failure)
[76.645s][info][gc,task        ] GC(357) Using 6 workers of 6 for evacuation
[76.651s][info][gc,heap        ] GC(357) ParNew: 410932K->1958K(460096K)
[76.651s][info][gc,heap        ] GC(357) CMS: 40166K->40166K(3683136K)
[76.651s][info][gc,metaspace   ] GC(357) Metaspace: 107153K(111300K)->107153K(111300K) NonClass: 95415K(97648K)->95415K(97648K) Class: 11738K(13652K)->11738K(13652K)
[76.651s][info][gc             ] GC(357) Pause Young (Allocation Failure) 440M->41M(4046M) 6.430ms
[76.652s][info][gc,cpu         ] GC(357) User=0.00s Sys=0.00s Real=0.00s
[76.827s][info][gc,start       ] GC(358) Pause Young (Allocation Failure)
[76.827s][info][gc,task        ] GC(358) Using 6 workers of 6 for evacuation
[76.833s][info][gc,heap        ] GC(358) ParNew: 410982K->1759K(460096K)
[76.834s][info][gc,heap        ] GC(358) CMS: 40166K->40166K(3683136K)
[76.834s][info][gc,metaspace   ] GC(358) Metaspace: 107156K(111300K)->107156K(111300K) NonClass: 95417K(97648K)->95417K(97648K) Class: 11738K(13652K)->11738K(13652K)
[76.834s][info][gc             ] GC(358) Pause Young (Allocation Failure) 440M->40M(4046M) 6.776ms
[76.834s][info][gc,cpu         ] GC(358) User=0.02s Sys=0.00s Real=0.02s
[76.861s][info][gc,start       ] GC(359) Pause Full (System.gc())
[76.863s][info][gc,phases,start] GC(359) Phase 1: Mark live objects
[76.906s][info][gc,phases      ] GC(359) Phase 1: Mark live objects 42.803ms
[76.906s][info][gc,phases,start] GC(359) Phase 2: Compute new object addresses
[76.924s][info][gc,phases      ] GC(359) Phase 2: Compute new object addresses 17.805ms
[76.924s][info][gc,phases,start] GC(359) Phase 3: Adjust pointers
[76.949s][info][gc,phases      ] GC(359) Phase 3: Adjust pointers 25.427ms
[76.949s][info][gc,phases,start] GC(359) Phase 4: Move objects
[76.952s][info][gc,phases      ] GC(359) Phase 4: Move objects 2.967ms
[76.955s][info][gc,heap        ] GC(359) ParNew: 73170K->0K(460096K)
[76.955s][info][gc,heap        ] GC(359) CMS: 40166K->39705K(3683136K)
[76.955s][info][gc,metaspace   ] GC(359) Metaspace: 107156K(111300K)->107156K(111300K) NonClass: 95417K(97648K)->95417K(97648K) Class: 11738K(13652K)->11738K(13652K)
[76.956s][info][gc             ] GC(359) Pause Full (System.gc()) 110M->38M(4046M) 95.108ms
[76.956s][info][gc,cpu         ] GC(359) User=0.09s Sys=0.00s Real=0.09s
[77.156s][info][gc,start       ] GC(360) Pause Young (Allocation Failure)
[77.156s][info][gc,task        ] GC(360) Using 6 workers of 6 for evacuation
[77.163s][info][gc,heap        ] GC(360) ParNew: 409024K->2208K(460096K)
[77.163s][info][gc,heap        ] GC(360) CMS: 39705K->39705K(3683136K)
[77.163s][info][gc,metaspace   ] GC(360) Metaspace: 107156K(111300K)->107156K(111300K) NonClass: 95417K(97648K)->95417K(97648K) Class: 11738K(13652K)->11738K(13652K)
[77.163s][info][gc             ] GC(360) Pause Young (Allocation Failure) 438M->40M(4046M) 7.055ms
[77.163s][info][gc,cpu         ] GC(360) User=0.02s Sys=0.00s Real=0.02s
[77.341s][info][gc,start       ] GC(361) Pause Young (Allocation Failure)
[77.341s][info][gc,task        ] GC(361) Using 6 workers of 6 for evacuation
[77.348s][info][gc,heap        ] GC(361) ParNew: 411232K->1843K(460096K)
[77.348s][info][gc,heap        ] GC(361) CMS: 39705K->39705K(3683136K)
[77.348s][info][gc,metaspace   ] GC(361) Metaspace: 107156K(111300K)->107156K(111300K) NonClass: 95417K(97648K)->95417K(97648K) Class: 11738K(13652K)->11738K(13652K)
[77.348s][info][gc             ] GC(361) Pause Young (Allocation Failure) 440M->40M(4046M) 7.109ms
[77.348s][info][gc,cpu         ] GC(361) User=0.00s Sys=0.00s Real=0.00s
[77.525s][info][gc,start       ] GC(362) Pause Young (Allocation Failure)
[77.526s][info][gc,task        ] GC(362) Using 6 workers of 6 for evacuation
[77.532s][info][gc,heap        ] GC(362) ParNew: 410867K->1972K(460096K)
[77.532s][info][gc,heap        ] GC(362) CMS: 39705K->39705K(3683136K)
[77.532s][info][gc,metaspace   ] GC(362) Metaspace: 107156K(111300K)->107156K(111300K) NonClass: 95417K(97648K)->95417K(97648K) Class: 11738K(13652K)->11738K(13652K)
[77.532s][info][gc             ] GC(362) Pause Young (Allocation Failure) 440M->40M(4046M) 7.085ms
[77.532s][info][gc,cpu         ] GC(362) User=0.00s Sys=0.00s Real=0.00s
[77.558s][info][gc,start       ] GC(363) Pause Full (System.gc())
[77.560s][info][gc,phases,start] GC(363) Phase 1: Mark live objects
[77.603s][info][gc,phases      ] GC(363) Phase 1: Mark live objects 42.771ms
[77.603s][info][gc,phases,start] GC(363) Phase 2: Compute new object addresses
[77.620s][info][gc,phases      ] GC(363) Phase 2: Compute new object addresses 17.201ms
[77.620s][info][gc,phases,start] GC(363) Phase 3: Adjust pointers
[77.645s][info][gc,phases      ] GC(363) Phase 3: Adjust pointers 24.715ms
[77.645s][info][gc,phases,start] GC(363) Phase 4: Move objects
[77.647s][info][gc,phases      ] GC(363) Phase 4: Move objects 2.037ms
[77.650s][info][gc,heap        ] GC(363) ParNew: 70156K->0K(460096K)
[77.650s][info][gc,heap        ] GC(363) CMS: 39705K->39813K(3683136K)
[77.650s][info][gc,metaspace   ] GC(363) Metaspace: 107156K(111300K)->107156K(111300K) NonClass: 95417K(97648K)->95417K(97648K) Class: 11738K(13652K)->11738K(13652K)
[77.651s][info][gc             ] GC(363) Pause Full (System.gc()) 107M->38M(4046M) 92.820ms
[77.651s][info][gc,cpu         ] GC(363) User=0.08s Sys=0.00s Real=0.09s
[77.849s][info][gc,start       ] GC(364) Pause Young (Allocation Failure)
[77.850s][info][gc,task        ] GC(364) Using 6 workers of 6 for evacuation
[77.856s][info][gc,heap        ] GC(364) ParNew: 409024K->1743K(460096K)
[77.856s][info][gc,heap        ] GC(364) CMS: 39813K->39813K(3683136K)
[77.856s][info][gc,metaspace   ] GC(364) Metaspace: 107157K(111300K)->107157K(111300K) NonClass: 95418K(97648K)->95418K(97648K) Class: 11738K(13652K)->11738K(13652K)
[77.856s][info][gc             ] GC(364) Pause Young (Allocation Failure) 438M->40M(4046M) 7.091ms
[77.857s][info][gc,cpu         ] GC(364) User=0.02s Sys=0.00s Real=0.02s
[78.033s][info][gc,start       ] GC(365) Pause Young (Allocation Failure)
[78.033s][info][gc,task        ] GC(365) Using 6 workers of 6 for evacuation
[78.040s][info][gc,heap        ] GC(365) ParNew: 410767K->2233K(460096K)
[78.040s][info][gc,heap        ] GC(365) CMS: 39813K->39813K(3683136K)
[78.040s][info][gc,metaspace   ] GC(365) Metaspace: 107158K(111300K)->107158K(111300K) NonClass: 95419K(97648K)->95419K(97648K) Class: 11738K(13652K)->11738K(13652K)
[78.040s][info][gc             ] GC(365) Pause Young (Allocation Failure) 440M->41M(4046M) 6.644ms
[78.040s][info][gc,cpu         ] GC(365) User=0.00s Sys=0.00s Real=0.00s
[78.218s][info][gc,start       ] GC(366) Pause Young (Allocation Failure)
[78.218s][info][gc,task        ] GC(366) Using 6 workers of 6 for evacuation
[78.224s][info][gc,heap        ] GC(366) ParNew: 411257K->1768K(460096K)
[78.224s][info][gc,heap        ] GC(366) CMS: 39813K->39813K(3683136K)
[78.224s][info][gc,metaspace   ] GC(366) Metaspace: 107158K(111300K)->107158K(111300K) NonClass: 95419K(97648K)->95419K(97648K) Class: 11738K(13652K)->11738K(13652K)
[78.224s][info][gc             ] GC(366) Pause Young (Allocation Failure) 440M->40M(4046M) 6.457ms
[78.224s][info][gc,cpu         ] GC(366) User=0.00s Sys=0.00s Real=0.00s
[78.250s][info][gc,start       ] GC(367) Pause Full (System.gc())
[78.252s][info][gc,phases,start] GC(367) Phase 1: Mark live objects
[78.295s][info][gc,phases      ] GC(367) Phase 1: Mark live objects 42.286ms
[78.295s][info][gc,phases,start] GC(367) Phase 2: Compute new object addresses
[78.312s][info][gc,phases      ] GC(367) Phase 2: Compute new object addresses 17.377ms
[78.312s][info][gc,phases,start] GC(367) Phase 3: Adjust pointers
[78.337s][info][gc,phases      ] GC(367) Phase 3: Adjust pointers 25.283ms
[78.337s][info][gc,phases,start] GC(367) Phase 4: Move objects
[78.339s][info][gc,phases      ] GC(367) Phase 4: Move objects 2.053ms
[78.343s][info][gc,heap        ] GC(367) ParNew: 68687K->0K(460096K)
[78.343s][info][gc,heap        ] GC(367) CMS: 39813K->39921K(3683136K)
[78.343s][info][gc,metaspace   ] GC(367) Metaspace: 107158K(111300K)->107158K(111300K) NonClass: 95419K(97648K)->95419K(97648K) Class: 11738K(13652K)->11738K(13652K)
[78.344s][info][gc             ] GC(367) Pause Full (System.gc()) 105M->38M(4046M) 93.197ms
[78.344s][info][gc,cpu         ] GC(367) User=0.09s Sys=0.00s Real=0.10s
[78.540s][info][gc,start       ] GC(368) Pause Young (Allocation Failure)
[78.540s][info][gc,task        ] GC(368) Using 6 workers of 6 for evacuation
[78.547s][info][gc,heap        ] GC(368) ParNew: 409024K->1967K(460096K)
[78.547s][info][gc,heap        ] GC(368) CMS: 39921K->39921K(3683136K)
[78.547s][info][gc,metaspace   ] GC(368) Metaspace: 107158K(111300K)->107158K(111300K) NonClass: 95419K(97648K)->95419K(97648K) Class: 11738K(13652K)->11738K(13652K)
[78.547s][info][gc             ] GC(368) Pause Young (Allocation Failure) 438M->40M(4046M) 6.704ms
[78.547s][info][gc,cpu         ] GC(368) User=0.02s Sys=0.00s Real=0.02s
[78.724s][info][gc,start       ] GC(369) Pause Young (Allocation Failure)
[78.724s][info][gc,task        ] GC(369) Using 6 workers of 6 for evacuation
[78.730s][info][gc,heap        ] GC(369) ParNew: 410991K->2107K(460096K)
[78.730s][info][gc,heap        ] GC(369) CMS: 39921K->39921K(3683136K)
[78.730s][info][gc,metaspace   ] GC(369) Metaspace: 107158K(111300K)->107158K(111300K) NonClass: 95419K(97648K)->95419K(97648K) Class: 11738K(13652K)->11738K(13652K)
[78.730s][info][gc             ] GC(369) Pause Young (Allocation Failure) 440M->41M(4046M) 6.576ms
[78.730s][info][gc,cpu         ] GC(369) User=0.00s Sys=0.00s Real=0.00s
[78.907s][info][gc,start       ] GC(370) Pause Young (Allocation Failure)
[78.907s][info][gc,task        ] GC(370) Using 6 workers of 6 for evacuation
[78.913s][info][gc,heap        ] GC(370) ParNew: 411131K->2094K(460096K)
[78.914s][info][gc,heap        ] GC(370) CMS: 39921K->39921K(3683136K)
[78.914s][info][gc,metaspace   ] GC(370) Metaspace: 107158K(111300K)->107158K(111300K) NonClass: 95419K(97648K)->95419K(97648K) Class: 11738K(13652K)->11738K(13652K)
[78.914s][info][gc             ] GC(370) Pause Young (Allocation Failure) 440M->41M(4046M) 6.855ms
[78.914s][info][gc,cpu         ] GC(370) User=0.00s Sys=0.00s Real=0.00s
[78.940s][info][gc,start       ] GC(371) Pause Full (System.gc())
[78.943s][info][gc,phases,start] GC(371) Phase 1: Mark live objects
[78.985s][info][gc,phases      ] GC(371) Phase 1: Mark live objects 42.549ms
[78.985s][info][gc,phases,start] GC(371) Phase 2: Compute new object addresses
[79.003s][info][gc,phases      ] GC(371) Phase 2: Compute new object addresses 17.392ms
[79.003s][info][gc,phases,start] GC(371) Phase 3: Adjust pointers
[79.028s][info][gc,phases      ] GC(371) Phase 3: Adjust pointers 25.325ms
[79.028s][info][gc,phases,start] GC(371) Phase 4: Move objects
[79.031s][info][gc,phases      ] GC(371) Phase 4: Move objects 3.062ms
[79.034s][info][gc,heap        ] GC(371) ParNew: 69084K->0K(460096K)
[79.034s][info][gc,heap        ] GC(371) CMS: 39921K->40028K(3683136K)
[79.034s][info][gc,metaspace   ] GC(371) Metaspace: 107158K(111300K)->107158K(111300K) NonClass: 95419K(97648K)->95419K(97648K) Class: 11738K(13652K)->11738K(13652K)
[79.035s][info][gc             ] GC(371) Pause Full (System.gc()) 106M->39M(4046M) 95.520ms
[79.035s][info][gc,cpu         ] GC(371) User=0.09s Sys=0.00s Real=0.09s
[79.235s][info][gc,start       ] GC(372) Pause Young (Allocation Failure)
[79.235s][info][gc,task        ] GC(372) Using 6 workers of 6 for evacuation
[79.241s][info][gc,heap        ] GC(372) ParNew: 409024K->2035K(460096K)
[79.241s][info][gc,heap        ] GC(372) CMS: 40028K->40028K(3683136K)
[79.241s][info][gc,metaspace   ] GC(372) Metaspace: 107158K(111300K)->107158K(111300K) NonClass: 95419K(97648K)->95419K(97648K) Class: 11738K(13652K)->11738K(13652K)
[79.241s][info][gc             ] GC(372) Pause Young (Allocation Failure) 438M->41M(4046M) 6.313ms
[79.241s][info][gc,cpu         ] GC(372) User=0.00s Sys=0.00s Real=0.02s
[79.419s][info][gc,start       ] GC(373) Pause Young (Allocation Failure)
[79.419s][info][gc,task        ] GC(373) Using 6 workers of 6 for evacuation
[79.425s][info][gc,heap        ] GC(373) ParNew: 411059K->1893K(460096K)
[79.425s][info][gc,heap        ] GC(373) CMS: 40028K->40028K(3683136K)
[79.425s][info][gc,metaspace   ] GC(373) Metaspace: 107158K(111300K)->107158K(111300K) NonClass: 95419K(97648K)->95419K(97648K) Class: 11738K(13652K)->11738K(13652K)
[79.425s][info][gc             ] GC(373) Pause Young (Allocation Failure) 440M->40M(4046M) 6.436ms
[79.426s][info][gc,cpu         ] GC(373) User=0.02s Sys=0.00s Real=0.02s
[79.603s][info][gc,start       ] GC(374) Pause Young (Allocation Failure)
[79.603s][info][gc,task        ] GC(374) Using 6 workers of 6 for evacuation
[79.610s][info][gc,heap        ] GC(374) ParNew: 410917K->1947K(460096K)
[79.610s][info][gc,heap        ] GC(374) CMS: 40028K->40028K(3683136K)
[79.610s][info][gc,metaspace   ] GC(374) Metaspace: 107158K(111300K)->107158K(111300K) NonClass: 95419K(97648K)->95419K(97648K) Class: 11738K(13652K)->11738K(13652K)
[79.610s][info][gc             ] GC(374) Pause Young (Allocation Failure) 440M->40M(4046M) 6.571ms
[79.610s][info][gc,cpu         ] GC(374) User=0.02s Sys=0.00s Real=0.00s
[79.636s][info][gc,start       ] GC(375) Pause Full (System.gc())
[79.638s][info][gc,phases,start] GC(375) Phase 1: Mark live objects
[79.681s][info][gc,phases      ] GC(375) Phase 1: Mark live objects 43.169ms
[79.681s][info][gc,phases,start] GC(375) Phase 2: Compute new object addresses
[79.699s][info][gc,phases      ] GC(375) Phase 2: Compute new object addresses 17.428ms
[79.699s][info][gc,phases,start] GC(375) Phase 3: Adjust pointers
[79.724s][info][gc,phases      ] GC(375) Phase 3: Adjust pointers 25.125ms
[79.725s][info][gc,phases,start] GC(375) Phase 4: Move objects
[79.727s][info][gc,phases      ] GC(375) Phase 4: Move objects 2.617ms
[79.730s][info][gc,heap        ] GC(375) ParNew: 68967K->0K(460096K)
[79.730s][info][gc,heap        ] GC(375) CMS: 40028K->40136K(3683136K)
[79.730s][info][gc,metaspace   ] GC(375) Metaspace: 107158K(111300K)->107158K(111300K) NonClass: 95419K(97648K)->95419K(97648K) Class: 11738K(13652K)->11738K(13652K)
[79.731s][info][gc             ] GC(375) Pause Full (System.gc()) 106M->39M(4046M) 95.077ms
[79.731s][info][gc,cpu         ] GC(375) User=0.08s Sys=0.00s Real=0.09s
[79.926s][info][gc,start       ] GC(376) Pause Young (Allocation Failure)
[79.926s][info][gc,task        ] GC(376) Using 6 workers of 6 for evacuation
[79.933s][info][gc,heap        ] GC(376) ParNew: 409024K->2000K(460096K)
[79.933s][info][gc,heap        ] GC(376) CMS: 40136K->40136K(3683136K)
[79.933s][info][gc,metaspace   ] GC(376) Metaspace: 107158K(111300K)->107158K(111300K) NonClass: 95419K(97648K)->95419K(97648K) Class: 11738K(13652K)->11738K(13652K)
[79.933s][info][gc             ] GC(376) Pause Young (Allocation Failure) 438M->41M(4046M) 6.788ms
[79.933s][info][gc,cpu         ] GC(376) User=0.00s Sys=0.00s Real=0.02s
[80.108s][info][gc,start       ] GC(377) Pause Young (Allocation Failure)
[80.108s][info][gc,task        ] GC(377) Using 6 workers of 6 for evacuation
[80.117s][info][gc,heap        ] GC(377) ParNew: 411024K->2387K(460096K)
[80.117s][info][gc,heap        ] GC(377) CMS: 40136K->40136K(3683136K)
[80.117s][info][gc,metaspace   ] GC(377) Metaspace: 107158K(111300K)->107158K(111300K) NonClass: 95419K(97648K)->95419K(97648K) Class: 11738K(13652K)->11738K(13652K)
[80.117s][info][gc             ] GC(377) Pause Young (Allocation Failure) 440M->41M(4046M) 9.041ms
[80.117s][info][gc,cpu         ] GC(377) User=0.02s Sys=0.00s Real=0.02s
[80.295s][info][gc,start       ] GC(378) Pause Young (Allocation Failure)
[80.295s][info][gc,task        ] GC(378) Using 6 workers of 6 for evacuation
[80.302s][info][gc,heap        ] GC(378) ParNew: 411411K->1820K(460096K)
[80.302s][info][gc,heap        ] GC(378) CMS: 40136K->40136K(3683136K)
[80.302s][info][gc,metaspace   ] GC(378) Metaspace: 107158K(111300K)->107158K(111300K) NonClass: 95419K(97648K)->95419K(97648K) Class: 11738K(13652K)->11738K(13652K)
[80.302s][info][gc             ] GC(378) Pause Young (Allocation Failure) 440M->40M(4046M) 7.434ms
[80.303s][info][gc,cpu         ] GC(378) User=0.00s Sys=0.00s Real=0.00s
[80.329s][info][gc,start       ] GC(379) Pause Full (System.gc())
[80.331s][info][gc,phases,start] GC(379) Phase 1: Mark live objects
[80.374s][info][gc,phases      ] GC(379) Phase 1: Mark live objects 43.080ms
[80.374s][info][gc,phases,start] GC(379) Phase 2: Compute new object addresses
[80.391s][info][gc,phases      ] GC(379) Phase 2: Compute new object addresses 17.570ms
[80.391s][info][gc,phases,start] GC(379) Phase 3: Adjust pointers
[80.417s][info][gc,phases      ] GC(379) Phase 3: Adjust pointers 25.531ms
[80.417s][info][gc,phases,start] GC(379) Phase 4: Move objects
[80.420s][info][gc,phases      ] GC(379) Phase 4: Move objects 3.249ms
[80.423s][info][gc,heap        ] GC(379) ParNew: 68822K->0K(460096K)
[80.423s][info][gc,heap        ] GC(379) CMS: 40136K->40168K(3683136K)
[80.423s][info][gc,metaspace   ] GC(379) Metaspace: 107158K(111300K)->107158K(111300K) NonClass: 95419K(97648K)->95419K(97648K) Class: 11738K(13652K)->11738K(13652K)
[80.424s][info][gc             ] GC(379) Pause Full (System.gc()) 106M->39M(4046M) 95.562ms
[80.424s][info][gc,cpu         ] GC(379) User=0.09s Sys=0.00s Real=0.09s
[80.625s][info][gc,start       ] GC(380) Pause Young (Allocation Failure)
[80.625s][info][gc,task        ] GC(380) Using 6 workers of 6 for evacuation
[80.633s][info][gc,heap        ] GC(380) ParNew: 409024K->2313K(460096K)
[80.633s][info][gc,heap        ] GC(380) CMS: 40168K->40168K(3683136K)
[80.633s][info][gc,metaspace   ] GC(380) Metaspace: 107164K(111300K)->107164K(111300K) NonClass: 95425K(97648K)->95425K(97648K) Class: 11738K(13652K)->11738K(13652K)
[80.633s][info][gc             ] GC(380) Pause Young (Allocation Failure) 438M->41M(4046M) 8.461ms
[80.633s][info][gc,cpu         ] GC(380) User=0.02s Sys=0.00s Real=0.00s
[80.810s][info][gc,start       ] GC(381) Pause Young (Allocation Failure)
[80.810s][info][gc,task        ] GC(381) Using 6 workers of 6 for evacuation
[80.817s][info][gc,heap        ] GC(381) ParNew: 411337K->1696K(460096K)
[80.817s][info][gc,heap        ] GC(381) CMS: 40168K->40168K(3683136K)
[80.817s][info][gc,metaspace   ] GC(381) Metaspace: 107166K(111300K)->107166K(111300K) NonClass: 95427K(97648K)->95427K(97648K) Class: 11738K(13652K)->11738K(13652K)
[80.817s][info][gc             ] GC(381) Pause Young (Allocation Failure) 440M->40M(4046M) 6.553ms
[80.817s][info][gc,cpu         ] GC(381) User=0.00s Sys=0.00s Real=0.00s
[80.992s][info][gc,start       ] GC(382) Pause Young (Allocation Failure)
[80.993s][info][gc,task        ] GC(382) Using 6 workers of 6 for evacuation
[81.002s][info][gc,heap        ] GC(382) ParNew: 410720K->2194K(460096K)
[81.002s][info][gc,heap        ] GC(382) CMS: 40168K->40168K(3683136K)
[81.002s][info][gc,metaspace   ] GC(382) Metaspace: 107166K(111300K)->107166K(111300K) NonClass: 95427K(97648K)->95427K(97648K) Class: 11738K(13652K)->11738K(13652K)
[81.002s][info][gc             ] GC(382) Pause Young (Allocation Failure) 440M->41M(4046M) 9.672ms
[81.002s][info][gc,cpu         ] GC(382) User=0.02s Sys=0.00s Real=0.01s
[81.030s][info][gc,start       ] GC(383) Pause Full (System.gc())
[81.034s][info][gc,phases,start] GC(383) Phase 1: Mark live objects
[81.075s][info][gc,phases      ] GC(383) Phase 1: Mark live objects 41.731ms
[81.075s][info][gc,phases,start] GC(383) Phase 2: Compute new object addresses
[81.093s][info][gc,phases      ] GC(383) Phase 2: Compute new object addresses 18.022ms
[81.093s][info][gc,phases,start] GC(383) Phase 3: Adjust pointers
[81.119s][info][gc,phases      ] GC(383) Phase 3: Adjust pointers 25.888ms
[81.119s][info][gc,phases,start] GC(383) Phase 4: Move objects
[81.123s][info][gc,phases      ] GC(383) Phase 4: Move objects 3.343ms
[81.127s][info][gc,heap        ] GC(383) ParNew: 73641K->0K(460096K)
[81.127s][info][gc,heap        ] GC(383) CMS: 40168K->39709K(3683136K)
[81.127s][info][gc,metaspace   ] GC(383) Metaspace: 107167K(111300K)->107167K(111300K) NonClass: 95428K(97648K)->95428K(97648K) Class: 11738K(13652K)->11738K(13652K)
[81.128s][info][gc             ] GC(383) Pause Full (System.gc()) 111M->38M(4046M) 97.520ms
[81.128s][info][gc,cpu         ] GC(383) User=0.09s Sys=0.00s Real=0.09s
[81.326s][info][gc,start       ] GC(384) Pause Young (Allocation Failure)
[81.326s][info][gc,task        ] GC(384) Using 6 workers of 6 for evacuation
[81.332s][info][gc,heap        ] GC(384) ParNew: 409024K->1783K(460096K)
[81.332s][info][gc,heap        ] GC(384) CMS: 39709K->39709K(3683136K)
[81.332s][info][gc,metaspace   ] GC(384) Metaspace: 107167K(111300K)->107167K(111300K) NonClass: 95428K(97648K)->95428K(97648K) Class: 11738K(13652K)->11738K(13652K)
[81.332s][info][gc             ] GC(384) Pause Young (Allocation Failure) 438M->40M(4046M) 6.413ms
[81.332s][info][gc,cpu         ] GC(384) User=0.00s Sys=0.00s Real=0.00s
[81.509s][info][gc,start       ] GC(385) Pause Young (Allocation Failure)
[81.510s][info][gc,task        ] GC(385) Using 6 workers of 6 for evacuation
[81.516s][info][gc,heap        ] GC(385) ParNew: 410807K->1920K(460096K)
[81.516s][info][gc,heap        ] GC(385) CMS: 39709K->39709K(3683136K)
[81.516s][info][gc,metaspace   ] GC(385) Metaspace: 107167K(111300K)->107167K(111300K) NonClass: 95428K(97648K)->95428K(97648K) Class: 11738K(13652K)->11738K(13652K)
[81.516s][info][gc             ] GC(385) Pause Young (Allocation Failure) 439M->40M(4046M) 6.136ms
[81.516s][info][gc,cpu         ] GC(385) User=0.02s Sys=0.00s Real=0.02s
[81.693s][info][gc,start       ] GC(386) Pause Young (Allocation Failure)
[81.694s][info][gc,task        ] GC(386) Using 6 workers of 6 for evacuation
[81.700s][info][gc,heap        ] GC(386) ParNew: 410944K->2075K(460096K)
[81.700s][info][gc,heap        ] GC(386) CMS: 39709K->39709K(3683136K)
[81.700s][info][gc,metaspace   ] GC(386) Metaspace: 107167K(111300K)->107167K(111300K) NonClass: 95428K(97648K)->95428K(97648K) Class: 11738K(13652K)->11738K(13652K)
[81.700s][info][gc             ] GC(386) Pause Young (Allocation Failure) 440M->40M(4046M) 6.441ms
[81.700s][info][gc,cpu         ] GC(386) User=0.00s Sys=0.00s Real=0.00s
[81.726s][info][gc,start       ] GC(387) Pause Full (System.gc())
[81.728s][info][gc,phases,start] GC(387) Phase 1: Mark live objects
[81.770s][info][gc,phases      ] GC(387) Phase 1: Mark live objects 42.219ms
[81.770s][info][gc,phases,start] GC(387) Phase 2: Compute new object addresses
[81.788s][info][gc,phases      ] GC(387) Phase 2: Compute new object addresses 17.188ms
[81.788s][info][gc,phases,start] GC(387) Phase 3: Adjust pointers
[81.813s][info][gc,phases      ] GC(387) Phase 3: Adjust pointers 24.826ms
[81.813s][info][gc,phases,start] GC(387) Phase 4: Move objects
[81.815s][info][gc,phases      ] GC(387) Phase 4: Move objects 2.101ms
[81.818s][info][gc,heap        ] GC(387) ParNew: 68861K->0K(460096K)
[81.818s][info][gc,heap        ] GC(387) CMS: 39709K->39816K(3683136K)
[81.818s][info][gc,metaspace   ] GC(387) Metaspace: 107167K(111300K)->107167K(111300K) NonClass: 95428K(97648K)->95428K(97648K) Class: 11738K(13652K)->11738K(13652K)
[81.819s][info][gc             ] GC(387) Pause Full (System.gc()) 106M->38M(4046M) 92.959ms
[81.819s][info][gc,cpu         ] GC(387) User=0.08s Sys=0.00s Real=0.10s
[82.017s][info][gc,start       ] GC(388) Pause Young (Allocation Failure)
[82.017s][info][gc,task        ] GC(388) Using 6 workers of 6 for evacuation
[82.026s][info][gc,heap        ] GC(388) ParNew: 409024K->2226K(460096K)
[82.026s][info][gc,heap        ] GC(388) CMS: 39816K->39816K(3683136K)
[82.026s][info][gc,metaspace   ] GC(388) Metaspace: 107167K(111300K)->107167K(111300K) NonClass: 95428K(97648K)->95428K(97648K) Class: 11738K(13652K)->11738K(13652K)
[82.026s][info][gc             ] GC(388) Pause Young (Allocation Failure) 438M->41M(4046M) 8.574ms
[82.026s][info][gc,cpu         ] GC(388) User=0.00s Sys=0.02s Real=0.00s
[82.202s][info][gc,start       ] GC(389) Pause Young (Allocation Failure)
[82.202s][info][gc,task        ] GC(389) Using 6 workers of 6 for evacuation
[82.209s][info][gc,heap        ] GC(389) ParNew: 411250K->1660K(460096K)
[82.209s][info][gc,heap        ] GC(389) CMS: 39816K->39816K(3683136K)
[82.209s][info][gc,metaspace   ] GC(389) Metaspace: 107167K(111300K)->107167K(111300K) NonClass: 95428K(97648K)->95428K(97648K) Class: 11738K(13652K)->11738K(13652K)
[82.210s][info][gc             ] GC(389) Pause Young (Allocation Failure) 440M->40M(4046M) 7.240ms
[82.210s][info][gc,cpu         ] GC(389) User=0.02s Sys=0.00s Real=0.02s
[82.386s][info][gc,start       ] GC(390) Pause Young (Allocation Failure)
[82.386s][info][gc,task        ] GC(390) Using 6 workers of 6 for evacuation
[82.393s][info][gc,heap        ] GC(390) ParNew: 410684K->2029K(460096K)
[82.393s][info][gc,heap        ] GC(390) CMS: 39816K->39816K(3683136K)
[82.393s][info][gc,metaspace   ] GC(390) Metaspace: 107167K(111300K)->107167K(111300K) NonClass: 95428K(97648K)->95428K(97648K) Class: 11738K(13652K)->11738K(13652K)
[82.393s][info][gc             ] GC(390) Pause Young (Allocation Failure) 439M->40M(4046M) 7.073ms
[82.393s][info][gc,cpu         ] GC(390) User=0.02s Sys=0.00s Real=0.01s
[82.420s][info][gc,start       ] GC(391) Pause Full (System.gc())
[82.422s][info][gc,phases,start] GC(391) Phase 1: Mark live objects
[82.465s][info][gc,phases      ] GC(391) Phase 1: Mark live objects 43.547ms
[82.465s][info][gc,phases,start] GC(391) Phase 2: Compute new object addresses
[82.482s][info][gc,phases      ] GC(391) Phase 2: Compute new object addresses 17.181ms
[82.482s][info][gc,phases,start] GC(391) Phase 3: Adjust pointers
[82.508s][info][gc,phases      ] GC(391) Phase 3: Adjust pointers 25.435ms
[82.508s][info][gc,phases,start] GC(391) Phase 4: Move objects
[82.511s][info][gc,phases      ] GC(391) Phase 4: Move objects 2.927ms
[82.514s][info][gc,heap        ] GC(391) ParNew: 70328K->0K(460096K)
[82.514s][info][gc,heap        ] GC(391) CMS: 39816K->39924K(3683136K)
[82.514s][info][gc,metaspace   ] GC(391) Metaspace: 107167K(111300K)->107167K(111300K) NonClass: 95428K(97648K)->95428K(97648K) Class: 11738K(13652K)->11738K(13652K)
[82.515s][info][gc             ] GC(391) Pause Full (System.gc()) 107M->38M(4046M) 95.118ms
[82.515s][info][gc,cpu         ] GC(391) User=0.09s Sys=0.00s Real=0.09s
[82.713s][info][gc,start       ] GC(392) Pause Young (Allocation Failure)
[82.713s][info][gc,task        ] GC(392) Using 6 workers of 6 for evacuation
[82.719s][info][gc,heap        ] GC(392) ParNew: 409024K->2227K(460096K)
[82.719s][info][gc,heap        ] GC(392) CMS: 39924K->39924K(3683136K)
[82.719s][info][gc,metaspace   ] GC(392) Metaspace: 107167K(111300K)->107167K(111300K) NonClass: 95428K(97648K)->95428K(97648K) Class: 11738K(13652K)->11738K(13652K)
[82.719s][info][gc             ] GC(392) Pause Young (Allocation Failure) 438M->41M(4046M) 6.274ms
[82.719s][info][gc,cpu         ] GC(392) User=0.00s Sys=0.00s Real=0.00s
[82.894s][info][gc,start       ] GC(393) Pause Young (Allocation Failure)
[82.894s][info][gc,task        ] GC(393) Using 6 workers of 6 for evacuation
[82.901s][info][gc,heap        ] GC(393) ParNew: 411251K->1755K(460096K)
[82.901s][info][gc,heap        ] GC(393) CMS: 39924K->39924K(3683136K)
[82.901s][info][gc,metaspace   ] GC(393) Metaspace: 107167K(111300K)->107167K(111300K) NonClass: 95428K(97648K)->95428K(97648K) Class: 11738K(13652K)->11738K(13652K)
[82.901s][info][gc             ] GC(393) Pause Young (Allocation Failure) 440M->40M(4046M) 6.685ms
[82.901s][info][gc,cpu         ] GC(393) User=0.00s Sys=0.00s Real=0.01s
[83.078s][info][gc,start       ] GC(394) Pause Young (Allocation Failure)
[83.078s][info][gc,task        ] GC(394) Using 6 workers of 6 for evacuation
[83.084s][info][gc,heap        ] GC(394) ParNew: 410779K->1905K(460096K)
[83.085s][info][gc,heap        ] GC(394) CMS: 39924K->39924K(3683136K)
[83.085s][info][gc,metaspace   ] GC(394) Metaspace: 107167K(111300K)->107167K(111300K) NonClass: 95428K(97648K)->95428K(97648K) Class: 11738K(13652K)->11738K(13652K)
[83.085s][info][gc             ] GC(394) Pause Young (Allocation Failure) 440M->40M(4046M) 6.369ms
[83.085s][info][gc,cpu         ] GC(394) User=0.00s Sys=0.00s Real=0.00s
[83.110s][info][gc,start       ] GC(395) Pause Full (System.gc())
[83.112s][info][gc,phases,start] GC(395) Phase 1: Mark live objects
[83.157s][info][gc,phases      ] GC(395) Phase 1: Mark live objects 44.277ms
[83.157s][info][gc,phases,start] GC(395) Phase 2: Compute new object addresses
[83.174s][info][gc,phases      ] GC(395) Phase 2: Compute new object addresses 17.465ms
[83.174s][info][gc,phases,start] GC(395) Phase 3: Adjust pointers
[83.199s][info][gc,phases      ] GC(395) Phase 3: Adjust pointers 25.115ms
[83.199s][info][gc,phases,start] GC(395) Phase 4: Move objects
[83.201s][info][gc,phases      ] GC(395) Phase 4: Move objects 2.133ms
[83.205s][info][gc,heap        ] GC(395) ParNew: 71279K->0K(460096K)
[83.205s][info][gc,heap        ] GC(395) CMS: 39924K->40031K(3683136K)
[83.205s][info][gc,metaspace   ] GC(395) Metaspace: 107167K(111300K)->107167K(111300K) NonClass: 95428K(97648K)->95428K(97648K) Class: 11738K(13652K)->11738K(13652K)
[83.206s][info][gc             ] GC(395) Pause Full (System.gc()) 108M->39M(4046M) 95.281ms
[83.206s][info][gc,cpu         ] GC(395) User=0.08s Sys=0.00s Real=0.09s
[83.404s][info][gc,start       ] GC(396) Pause Young (Allocation Failure)
[83.404s][info][gc,task        ] GC(396) Using 6 workers of 6 for evacuation
[83.410s][info][gc,heap        ] GC(396) ParNew: 409024K->1966K(460096K)
[83.410s][info][gc,heap        ] GC(396) CMS: 40031K->40031K(3683136K)
[83.410s][info][gc,metaspace   ] GC(396) Metaspace: 107167K(111300K)->107167K(111300K) NonClass: 95428K(97648K)->95428K(97648K) Class: 11738K(13652K)->11738K(13652K)
[83.410s][info][gc             ] GC(396) Pause Young (Allocation Failure) 438M->41M(4046M) 6.148ms
[83.410s][info][gc,cpu         ] GC(396) User=0.00s Sys=0.00s Real=0.00s
[83.586s][info][gc,start       ] GC(397) Pause Young (Allocation Failure)
[83.586s][info][gc,task        ] GC(397) Using 6 workers of 6 for evacuation
[83.594s][info][gc,heap        ] GC(397) ParNew: 410990K->1910K(460096K)
[83.594s][info][gc,heap        ] GC(397) CMS: 40031K->40031K(3683136K)
[83.594s][info][gc,metaspace   ] GC(397) Metaspace: 107167K(111300K)->107167K(111300K) NonClass: 95428K(97648K)->95428K(97648K) Class: 11738K(13652K)->11738K(13652K)
[83.594s][info][gc             ] GC(397) Pause Young (Allocation Failure) 440M->40M(4046M) 7.927ms
[83.594s][info][gc,cpu         ] GC(397) User=0.00s Sys=0.00s Real=0.02s
[83.771s][info][gc,start       ] GC(398) Pause Young (Allocation Failure)
[83.771s][info][gc,task        ] GC(398) Using 6 workers of 6 for evacuation
[83.777s][info][gc,heap        ] GC(398) ParNew: 410934K->2219K(460096K)
[83.777s][info][gc,heap        ] GC(398) CMS: 40031K->40031K(3683136K)
[83.777s][info][gc,metaspace   ] GC(398) Metaspace: 107167K(111300K)->107167K(111300K) NonClass: 95428K(97648K)->95428K(97648K) Class: 11738K(13652K)->11738K(13652K)
[83.777s][info][gc             ] GC(398) Pause Young (Allocation Failure) 440M->41M(4046M) 6.229ms
[83.777s][info][gc,cpu         ] GC(398) User=0.00s Sys=0.00s Real=0.00s
[83.806s][info][gc,start       ] GC(399) Pause Full (System.gc())
[83.808s][info][gc,phases,start] GC(399) Phase 1: Mark live objects
[83.850s][info][gc,phases      ] GC(399) Phase 1: Mark live objects 42.506ms
[83.851s][info][gc,phases,start] GC(399) Phase 2: Compute new object addresses
[83.868s][info][gc,phases      ] GC(399) Phase 2: Compute new object addresses 17.571ms
[83.868s][info][gc,phases,start] GC(399) Phase 3: Adjust pointers
[83.893s][info][gc,phases      ] GC(399) Phase 3: Adjust pointers 24.893ms
[83.893s][info][gc,phases,start] GC(399) Phase 4: Move objects
[83.895s][info][gc,phases      ] GC(399) Phase 4: Move objects 2.099ms
[83.898s][info][gc,heap        ] GC(399) ParNew: 71279K->0K(460096K)
[83.898s][info][gc,heap        ] GC(399) CMS: 40031K->40139K(3683136K)
[83.898s][info][gc,metaspace   ] GC(399) Metaspace: 107167K(111300K)->107167K(111300K) NonClass: 95428K(97648K)->95428K(97648K) Class: 11738K(13652K)->11738K(13652K)
[83.899s][info][gc             ] GC(399) Pause Full (System.gc()) 108M->39M(4046M) 93.638ms
[83.899s][info][gc,cpu         ] GC(399) User=0.09s Sys=0.00s Real=0.10s
[84.097s][info][gc,start       ] GC(400) Pause Young (Allocation Failure)
[84.097s][info][gc,task        ] GC(400) Using 6 workers of 6 for evacuation
[84.105s][info][gc,heap        ] GC(400) ParNew: 409024K->2428K(460096K)
[84.105s][info][gc,heap        ] GC(400) CMS: 40139K->40139K(3683136K)
[84.105s][info][gc,metaspace   ] GC(400) Metaspace: 107167K(111300K)->107167K(111300K) NonClass: 95428K(97648K)->95428K(97648K) Class: 11738K(13652K)->11738K(13652K)
[84.105s][info][gc             ] GC(400) Pause Young (Allocation Failure) 438M->41M(4046M) 8.556ms
[84.105s][info][gc,cpu         ] GC(400) User=0.00s Sys=0.00s Real=0.00s
[84.283s][info][gc,start       ] GC(401) Pause Young (Allocation Failure)
[84.283s][info][gc,task        ] GC(401) Using 6 workers of 6 for evacuation
[84.290s][info][gc,heap        ] GC(401) ParNew: 411452K->1924K(460096K)
[84.290s][info][gc,heap        ] GC(401) CMS: 40139K->40139K(3683136K)
[84.290s][info][gc,metaspace   ] GC(401) Metaspace: 107167K(111300K)->107167K(111300K) NonClass: 95428K(97648K)->95428K(97648K) Class: 11738K(13652K)->11738K(13652K)
[84.290s][info][gc             ] GC(401) Pause Young (Allocation Failure) 441M->41M(4046M) 6.649ms
[84.290s][info][gc,cpu         ] GC(401) User=0.00s Sys=0.00s Real=0.00s
[84.467s][info][gc,start       ] GC(402) Pause Young (Allocation Failure)
[84.467s][info][gc,task        ] GC(402) Using 6 workers of 6 for evacuation
[84.473s][info][gc,heap        ] GC(402) ParNew: 410948K->1681K(460096K)
[84.473s][info][gc,heap        ] GC(402) CMS: 40139K->40139K(3683136K)
[84.473s][info][gc,metaspace   ] GC(402) Metaspace: 107167K(111300K)->107167K(111300K) NonClass: 95428K(97648K)->95428K(97648K) Class: 11738K(13652K)->11738K(13652K)
[84.473s][info][gc             ] GC(402) Pause Young (Allocation Failure) 440M->40M(4046M) 6.643ms
[84.474s][info][gc,cpu         ] GC(402) User=0.02s Sys=0.00s Real=0.02s
[84.584s][info][gc,heap,exit   ] Heap
[84.584s][info][gc,heap,exit   ]  par new generation   total 460096K, used 130181K [0x0000000700000000, 0x000000071f330000, 0x000000071f330000)
[84.584s][info][gc,heap,exit   ]   eden space 409024K,  31% used [0x0000000700000000, 0x0000000707d7d0c0, 0x0000000718f70000)
[84.584s][info][gc,heap,exit   ]   from space 51072K,   3% used [0x0000000718f70000, 0x00000007191145d0, 0x000000071c150000)
[84.584s][info][gc,heap,exit   ]   to   space 51072K,   0% used [0x000000071c150000, 0x000000071c150000, 0x000000071f330000)
[84.584s][info][gc,heap,exit   ]  concurrent mark-sweep generation total 3683136K, used 40139K [0x000000071f330000, 0x0000000800000000, 0x0000000800000000)
[84.584s][info][gc,heap,exit   ]  Metaspace       used 107685K, capacity 111824K, committed 111940K, reserved 1148928K
[84.584s][info][gc,heap,exit   ]   class space    used 11854K, capacity 13758K, committed 13780K, reserved 1048576K
