OpenJDK 64-Bit Server VM (25.422-b05) for windows-amd64 JRE (1.8.0_422-422-b05), built on Jul 18 2024 05:34:18 by "Administrator" with MS VC++ 16.10 / 16.11 (VS2019)
Memory: 4k page, physical 15965620k(10688956k free), swap 17014196k(11307224k free)
CommandLine flags: -XX:InitialHeapSize=8589934592 -XX:MaxHeapSize=8589934592 -XX:+PrintGC -XX:+PrintGCApplicationConcurrentTime -XX:+PrintGCApplicationStoppedTime -XX:+PrintGCDateStamps -XX:+PrintGCDetails -XX:+PrintGCTimeStamps -XX:+UnlockExperimentalVMOptions -XX:+UseCompressedClassPointers -XX:+UseCompressedOops -XX:+UseG1GC -XX:-UseLargePagesIndividualAllocation 
2024-10-10T19:54:38.730+0300: 0.094: Application time: 0.0169483 seconds
2024-10-10T19:54:38.730+0300: 0.094: Total time for which application threads were stopped: 0.0000703 seconds, Stopping threads took: 0.0000297 seconds
2024-10-10T19:54:38.916+0300: 0.274: Application time: 0.1798824 seconds
2024-10-10T19:54:38.916+0300: 0.274: [Full GC (System.gc())  16384K->3705K(8192M), 0.0668992 secs]
   [Eden: 16384.0K(408.0M)->0.0B(408.0M) Survivors: 0.0B->0.0B Heap: 16384.0K(8192.0M)->3705.1K(8192.0M)], [Metaspace: 7080K->7080K(1056768K)]
 [Times: user=0.02 sys=0.00, real=0.06 secs] 
2024-10-10T19:54:38.979+0300: 0.341: Total time for which application threads were stopped: 0.0671094 seconds, Stopping threads took: 0.0000308 seconds
2024-10-10T19:54:38.979+0300: 0.341: Application time: 0.0001666 seconds
2024-10-10T19:54:38.979+0300: 0.341: [Full GC (System.gc())  3705K->3705K(8192M), 0.0362761 secs]
   [Eden: 0.0B(408.0M)->0.0B(408.0M) Survivors: 0.0B->0.0B Heap: 3705.1K(8192.0M)->3705.1K(8192.0M)], [Metaspace: 7080K->7080K(1056768K)]
 [Times: user=0.00 sys=0.00, real=0.03 secs] 
2024-10-10T19:54:39.010+0300: 0.378: Total time for which application threads were stopped: 0.0365547 seconds, Stopping threads took: 0.0001258 seconds
2024-10-10T19:54:40.014+0300: 1.367: Application time: 0.9893330 seconds
2024-10-10T19:54:40.014+0300: 1.367: Total time for which application threads were stopped: 0.0002776 seconds, Stopping threads took: 0.0002157 seconds
2024-10-10T19:54:42.023+0300: 3.376: Application time: 2.0087314 seconds
2024-10-10T19:54:42.023+0300: 3.376: Total time for which application threads were stopped: 0.0002189 seconds, Stopping threads took: 0.0001649 seconds
2024-10-10T19:54:42.776+0300: 4.129: Application time: 0.7527323 seconds
2024-10-10T19:54:42.776+0300: 4.129: Total time for which application threads were stopped: 0.0003153 seconds, Stopping threads took: 0.0002316 seconds
2024-10-10T19:54:44.041+0300: 5.395: Application time: 1.2657828 seconds
2024-10-10T19:54:44.041+0300: 5.396: [GC pause (G1 Evacuation Pause) (young), 0.0026220 secs]
   [Parallel Time: 1.8 ms, GC Workers: 6]
      [GC Worker Start (ms): Min: 5395.7, Avg: 5395.7, Max: 5395.8, Diff: 0.1]
      [Ext Root Scanning (ms): Min: 0.4, Avg: 0.4, Max: 0.4, Diff: 0.1, Sum: 2.5]
      [Update RS (ms): Min: 0.0, Avg: 0.0, Max: 0.0, Diff: 0.0, Sum: 0.1]
         [Processed Buffers: Min: 0, Avg: 1.3, Max: 2, Diff: 2, Sum: 8]
      [Scan RS (ms): Min: 0.0, Avg: 0.0, Max: 0.0, Diff: 0.0, Sum: 0.1]
      [Code Root Scanning (ms): Min: 0.0, Avg: 0.0, Max: 0.1, Diff: 0.1, Sum: 0.1]
      [Object Copy (ms): Min: 0.8, Avg: 1.0, Max: 1.2, Diff: 0.4, Sum: 6.1]
      [Termination (ms): Min: 0.0, Avg: 0.2, Max: 0.4, Diff: 0.4, Sum: 1.1]
         [Termination Attempts: Min: 1, Avg: 1.0, Max: 1, Diff: 0, Sum: 6]
      [GC Worker Other (ms): Min: 0.0, Avg: 0.0, Max: 0.1, Diff: 0.0, Sum: 0.2]
      [GC Worker Total (ms): Min: 1.7, Avg: 1.7, Max: 1.7, Diff: 0.1, Sum: 10.2]
      [GC Worker End (ms): Min: 5397.4, Avg: 5397.4, Max: 5397.5, Diff: 0.0]
   [Code Root Fixup: 0.0 ms]
   [Code Root Purge: 0.0 ms]
   [Clear CT: 0.1 ms]
   [Other: 0.7 ms]
      [Choose CSet: 0.0 ms]
      [Ref Proc: 0.2 ms]
      [Ref Enq: 0.0 ms]
      [Redirty Cards: 0.1 ms]
      [Humongous Register: 0.1 ms]
      [Humongous Reclaim: 0.0 ms]
      [Free CSet: 0.1 ms]
   [Eden: 408.0M(408.0M)->0.0B(400.0M) Survivors: 0.0B->8192.0K Heap: 463.4M(8192.0M)->63122.5K(8192.0M)]
 [Times: user=0.00 sys=0.00, real=0.00 secs] 
2024-10-10T19:54:44.041+0300: 5.398: Total time for which application threads were stopped: 0.0034863 seconds, Stopping threads took: 0.0005857 seconds
2024-10-10T19:54:48.865+0300: 10.226: Application time: 4.8277123 seconds
2024-10-10T19:54:48.865+0300: 10.226: [GC pause (G1 Evacuation Pause) (young), 0.0022101 secs]
   [Parallel Time: 1.3 ms, GC Workers: 6]
      [GC Worker Start (ms): Min: 10226.5, Avg: 10226.6, Max: 10226.8, Diff: 0.2]
      [Ext Root Scanning (ms): Min: 0.1, Avg: 0.2, Max: 0.3, Diff: 0.2, Sum: 1.4]
      [Update RS (ms): Min: 0.0, Avg: 0.0, Max: 0.0, Diff: 0.0, Sum: 0.1]
         [Processed Buffers: Min: 0, Avg: 1.7, Max: 4, Diff: 4, Sum: 10]
      [Scan RS (ms): Min: 0.0, Avg: 0.0, Max: 0.0, Diff: 0.0, Sum: 0.1]
      [Code Root Scanning (ms): Min: 0.0, Avg: 0.0, Max: 0.1, Diff: 0.1, Sum: 0.1]
      [Object Copy (ms): Min: 0.6, Avg: 0.7, Max: 0.8, Diff: 0.2, Sum: 4.0]
      [Termination (ms): Min: 0.0, Avg: 0.1, Max: 0.3, Diff: 0.3, Sum: 0.8]
         [Termination Attempts: Min: 1, Avg: 1.0, Max: 1, Diff: 0, Sum: 6]
      [GC Worker Other (ms): Min: 0.0, Avg: 0.0, Max: 0.0, Diff: 0.0, Sum: 0.1]
      [GC Worker Total (ms): Min: 1.0, Avg: 1.1, Max: 1.2, Diff: 0.2, Sum: 6.7]
      [GC Worker End (ms): Min: 10227.7, Avg: 10227.7, Max: 10227.7, Diff: 0.0]
   [Code Root Fixup: 0.0 ms]
   [Code Root Purge: 0.0 ms]
   [Clear CT: 0.1 ms]
   [Other: 0.7 ms]
      [Choose CSet: 0.0 ms]
      [Ref Proc: 0.2 ms]
      [Ref Enq: 0.0 ms]
      [Redirty Cards: 0.1 ms]
      [Humongous Register: 0.1 ms]
      [Humongous Reclaim: 0.0 ms]
      [Free CSet: 0.1 ms]
   [Eden: 400.0M(400.0M)->0.0B(3548.0M) Survivors: 8192.0K->8192.0K Heap: 461.6M(8192.0M)->63536.6K(8192.0M)]
 [Times: user=0.00 sys=0.00, real=0.00 secs] 
2024-10-10T19:54:48.865+0300: 10.229: Total time for which application threads were stopped: 0.0026049 seconds, Stopping threads took: 0.0001985 seconds
2024-10-10T19:54:55.331+0300: 16.689: Application time: 6.4603671 seconds
2024-10-10T19:54:55.331+0300: 16.689: Total time for which application threads were stopped: 0.0000680 seconds, Stopping threads took: 0.0000346 seconds
2024-10-10T19:54:59.350+0300: 20.703: Application time: 4.0135105 seconds
2024-10-10T19:54:59.350+0300: 20.703: Total time for which application threads were stopped: 0.0002712 seconds, Stopping threads took: 0.0002116 seconds
2024-10-10T19:55:07.381+0300: 28.734: Application time: 8.0312349 seconds
2024-10-10T19:55:07.381+0300: 28.735: Total time for which application threads were stopped: 0.0003069 seconds, Stopping threads took: 0.0002676 seconds
2024-10-10T19:55:08.385+0300: 29.738: Application time: 1.0036722 seconds
2024-10-10T19:55:08.385+0300: 29.739: Total time for which application threads were stopped: 0.0004563 seconds, Stopping threads took: 0.0004025 seconds
2024-10-10T19:55:17.422+0300: 38.775: Application time: 9.0362712 seconds
2024-10-10T19:55:17.422+0300: 38.775: Total time for which application threads were stopped: 0.0003542 seconds, Stopping threads took: 0.0003046 seconds
2024-10-10T19:55:18.425+0300: 39.778: Application time: 1.0031225 seconds
2024-10-10T19:55:18.425+0300: 39.779: Total time for which application threads were stopped: 0.0002228 seconds, Stopping threads took: 0.0001665 seconds
2024-10-10T19:55:32.432+0300: 53.791: Application time: 14.0127321 seconds
2024-10-10T19:55:32.432+0300: 53.792: [GC pause (G1 Evacuation Pause) (young), 0.0039059 secs]
   [Parallel Time: 1.9 ms, GC Workers: 6]
      [GC Worker Start (ms): Min: 53791.8, Avg: 53791.9, Max: 53791.9, Diff: 0.1]
      [Ext Root Scanning (ms): Min: 0.2, Avg: 0.3, Max: 0.3, Diff: 0.1, Sum: 1.7]
      [Update RS (ms): Min: 0.0, Avg: 0.0, Max: 0.0, Diff: 0.0, Sum: 0.1]
         [Processed Buffers: Min: 0, Avg: 1.7, Max: 4, Diff: 4, Sum: 10]
      [Scan RS (ms): Min: 0.1, Avg: 0.1, Max: 0.2, Diff: 0.1, Sum: 0.8]
      [Code Root Scanning (ms): Min: 0.0, Avg: 0.0, Max: 0.1, Diff: 0.1, Sum: 0.1]
      [Object Copy (ms): Min: 0.4, Avg: 0.9, Max: 1.4, Diff: 1.0, Sum: 5.5]
      [Termination (ms): Min: 0.0, Avg: 0.4, Max: 0.8, Diff: 0.8, Sum: 2.5]
         [Termination Attempts: Min: 1, Avg: 1.0, Max: 1, Diff: 0, Sum: 6]
      [GC Worker Other (ms): Min: 0.0, Avg: 0.1, Max: 0.1, Diff: 0.1, Sum: 0.3]
      [GC Worker Total (ms): Min: 1.8, Avg: 1.8, Max: 1.9, Diff: 0.1, Sum: 11.1]
      [GC Worker End (ms): Min: 53793.7, Avg: 53793.7, Max: 53793.7, Diff: 0.1]
   [Code Root Fixup: 0.0 ms]
   [Code Root Purge: 0.0 ms]
   [Clear CT: 0.5 ms]
   [Other: 1.4 ms]
      [Choose CSet: 0.0 ms]
      [Ref Proc: 0.1 ms]
      [Ref Enq: 0.0 ms]
      [Redirty Cards: 0.2 ms]
      [Humongous Register: 0.1 ms]
      [Humongous Reclaim: 0.0 ms]
      [Free CSet: 0.7 ms]
   [Eden: 3548.0M(3548.0M)->0.0B(4904.0M) Survivors: 8192.0K->8192.0K Heap: 3610.0M(8192.0M)->63845.4K(8192.0M)]
 [Times: user=0.00 sys=0.00, real=0.01 secs] 
2024-10-10T19:55:32.439+0300: 53.796: Total time for which application threads were stopped: 0.0042696 seconds, Stopping threads took: 0.0001282 seconds
2024-10-10T19:55:34.447+0300: 55.800: Application time: 2.0040614 seconds
2024-10-10T19:55:34.447+0300: 55.800: Total time for which application threads were stopped: 0.0002450 seconds, Stopping threads took: 0.0001984 seconds
2024-10-10T19:55:36.455+0300: 57.808: Application time: 2.0080375 seconds
2024-10-10T19:55:36.455+0300: 57.808: Total time for which application threads were stopped: 0.0002672 seconds, Stopping threads took: 0.0001749 seconds
2024-10-10T19:55:37.459+0300: 58.812: Application time: 1.0037997 seconds
2024-10-10T19:55:37.459+0300: 58.812: Total time for which application threads were stopped: 0.0002695 seconds, Stopping threads took: 0.0002056 seconds
2024-10-10T19:55:38.465+0300: 59.818: Application time: 1.0053991 seconds
2024-10-10T19:55:38.465+0300: 59.818: Total time for which application threads were stopped: 0.0002652 seconds, Stopping threads took: 0.0001956 seconds
2024-10-10T19:55:58.552+0300: 79.905: Application time: 20.0865945 seconds
2024-10-10T19:55:58.552+0300: 79.905: Total time for which application threads were stopped: 0.0003936 seconds, Stopping threads took: 0.0003334 seconds
2024-10-10T19:56:26.672+0300: 108.025: Application time: 28.1199703 seconds
2024-10-10T19:56:26.672+0300: 108.025: Total time for which application threads were stopped: 0.0002436 seconds, Stopping threads took: 0.0001579 seconds
2024-10-10T19:56:35.601+0300: 116.958: Application time: 8.9328052 seconds
2024-10-10T19:56:35.601+0300: 116.958: [GC pause (G1 Evacuation Pause) (young), 0.0135707 secs]
   [Parallel Time: 2.2 ms, GC Workers: 6]
      [GC Worker Start (ms): Min: 116958.5, Avg: 116958.6, Max: 116958.7, Diff: 0.2]
      [Ext Root Scanning (ms): Min: 0.1, Avg: 0.2, Max: 0.3, Diff: 0.2, Sum: 1.5]
      [Update RS (ms): Min: 0.0, Avg: 0.0, Max: 0.0, Diff: 0.0, Sum: 0.1]
         [Processed Buffers: Min: 0, Avg: 1.0, Max: 3, Diff: 3, Sum: 6]
      [Scan RS (ms): Min: 0.1, Avg: 0.2, Max: 0.3, Diff: 0.3, Sum: 1.1]
      [Code Root Scanning (ms): Min: 0.0, Avg: 0.0, Max: 0.1, Diff: 0.1, Sum: 0.2]
      [Object Copy (ms): Min: 1.1, Avg: 1.3, Max: 1.6, Diff: 0.5, Sum: 8.1]
      [Termination (ms): Min: 0.0, Avg: 0.2, Max: 0.2, Diff: 0.2, Sum: 0.9]
         [Termination Attempts: Min: 1, Avg: 1.0, Max: 1, Diff: 0, Sum: 6]
      [GC Worker Other (ms): Min: 0.0, Avg: 0.1, Max: 0.1, Diff: 0.1, Sum: 0.4]
      [GC Worker Total (ms): Min: 1.8, Avg: 2.0, Max: 2.1, Diff: 0.3, Sum: 12.3]
      [GC Worker End (ms): Min: 116960.6, Avg: 116960.6, Max: 116960.7, Diff: 0.1]
   [Code Root Fixup: 0.0 ms]
   [Code Root Purge: 0.0 ms]
   [Clear CT: 6.9 ms]
   [Other: 4.5 ms]
      [Choose CSet: 0.0 ms]
      [Ref Proc: 0.1 ms]
      [Ref Enq: 0.0 ms]
      [Redirty Cards: 0.1 ms]
      [Humongous Register: 0.1 ms]
      [Humongous Reclaim: 0.0 ms]
      [Free CSet: 3.8 ms]
   [Eden: 4904.0M(4904.0M)->0.0B(4904.0M) Survivors: 8192.0K->8192.0K Heap: 4966.3M(8192.0M)->63637.3K(8192.0M)]
 [Times: user=0.00 sys=0.00, real=0.01 secs] 
2024-10-10T19:56:35.616+0300: 116.972: Total time for which application threads were stopped: 0.0140344 seconds, Stopping threads took: 0.0001390 seconds
2024-10-10T19:58:55.981+0300: 257.348: Application time: 140.3758457 seconds
2024-10-10T19:58:55.981+0300: 257.348: Total time for which application threads were stopped: 0.0001912 seconds, Stopping threads took: 0.0001351 seconds
2024-10-10T19:58:56.217+0300: 257.583: Application time: 0.2353467 seconds
2024-10-10T19:58:56.217+0300: 257.584: Total time for which application threads were stopped: 0.0001340 seconds, Stopping threads took: 0.0000926 seconds
2024-10-10T19:58:56.436+0300: 257.802: Application time: 0.2180770 seconds
2024-10-10T19:58:56.436+0300: 257.802: Total time for which application threads were stopped: 0.0001763 seconds, Stopping threads took: 0.0001284 seconds
2024-10-10T19:58:56.531+0300: 257.898: Application time: 0.0964291 seconds
2024-10-10T19:58:56.531+0300: 257.898: Total time for which application threads were stopped: 0.0001213 seconds, Stopping threads took: 0.0000775 seconds
2024-10-10T19:58:56.577+0300: 257.937: Application time: 0.0387388 seconds
2024-10-10T19:58:56.577+0300: 257.938: Total time for which application threads were stopped: 0.0003649 seconds, Stopping threads took: 0.0003295 seconds
2024-10-10T19:58:56.923+0300: 258.291: Application time: 0.3533365 seconds
2024-10-10T19:58:56.923+0300: 258.291: [GC pause (G1 Evacuation Pause) (young), 0.0059995 secs]
   [Parallel Time: 1.8 ms, GC Workers: 6]
      [GC Worker Start (ms): Min: 258291.3, Avg: 258291.3, Max: 258291.4, Diff: 0.1]
      [Ext Root Scanning (ms): Min: 0.2, Avg: 0.4, Max: 0.5, Diff: 0.3, Sum: 2.1]
      [Update RS (ms): Min: 0.0, Avg: 0.0, Max: 0.0, Diff: 0.0, Sum: 0.1]
         [Processed Buffers: Min: 0, Avg: 0.8, Max: 3, Diff: 3, Sum: 5]
      [Scan RS (ms): Min: 0.1, Avg: 0.2, Max: 0.3, Diff: 0.2, Sum: 1.3]
      [Code Root Scanning (ms): Min: 0.0, Avg: 0.0, Max: 0.1, Diff: 0.1, Sum: 0.2]
      [Object Copy (ms): Min: 0.4, Avg: 0.6, Max: 0.8, Diff: 0.4, Sum: 3.5]
      [Termination (ms): Min: 0.0, Avg: 0.3, Max: 0.4, Diff: 0.4, Sum: 1.6]
         [Termination Attempts: Min: 1, Avg: 1.0, Max: 1, Diff: 0, Sum: 6]
      [GC Worker Other (ms): Min: 0.0, Avg: 0.1, Max: 0.2, Diff: 0.2, Sum: 0.7]
      [GC Worker Total (ms): Min: 1.4, Avg: 1.6, Max: 1.7, Diff: 0.3, Sum: 9.5]
      [GC Worker End (ms): Min: 258292.8, Avg: 258292.9, Max: 258293.0, Diff: 0.1]
   [Code Root Fixup: 0.0 ms]
   [Code Root Purge: 0.0 ms]
   [Clear CT: 1.3 ms]
   [Other: 2.9 ms]
      [Choose CSet: 0.0 ms]
      [Ref Proc: 0.2 ms]
      [Ref Enq: 0.0 ms]
      [Redirty Cards: 0.1 ms]
      [Humongous Register: 0.1 ms]
      [Humongous Reclaim: 0.0 ms]
      [Free CSet: 2.2 ms]
   [Eden: 4904.0M(4904.0M)->0.0B(4904.0M) Survivors: 8192.0K->8192.0K Heap: 4966.1M(8192.0M)->64003.5K(8192.0M)]
 [Times: user=0.02 sys=0.00, real=0.02 secs] 
2024-10-10T19:58:56.939+0300: 258.297: Total time for which application threads were stopped: 0.0065665 seconds, Stopping threads took: 0.0002291 seconds
2024-10-10T19:59:21.040+0300: 282.393: Application time: 24.0954572 seconds
2024-10-10T19:59:21.040+0300: 282.393: Total time for which application threads were stopped: 0.0003437 seconds, Stopping threads took: 0.0002539 seconds
2024-10-10T19:59:23.047+0300: 284.400: Application time: 2.0068294 seconds
2024-10-10T19:59:23.047+0300: 284.400: Total time for which application threads were stopped: 0.0003666 seconds, Stopping threads took: 0.0002840 seconds
2024-10-10T19:59:24.051+0300: 285.404: Application time: 1.0038029 seconds
2024-10-10T19:59:24.051+0300: 285.405: Total time for which application threads were stopped: 0.0003195 seconds, Stopping threads took: 0.0002327 seconds
2024-10-10T20:01:07.377+0300: 388.744: Application time: 103.3393879 seconds
2024-10-10T20:01:07.377+0300: 388.744: [GC pause (G1 Evacuation Pause) (young), 0.0038550 secs]
   [Parallel Time: 1.6 ms, GC Workers: 6]
      [GC Worker Start (ms): Min: 388744.5, Avg: 388744.5, Max: 388744.6, Diff: 0.1]
      [Ext Root Scanning (ms): Min: 0.2, Avg: 0.3, Max: 0.3, Diff: 0.0, Sum: 1.5]
      [Update RS (ms): Min: 0.0, Avg: 0.0, Max: 0.0, Diff: 0.0, Sum: 0.1]
         [Processed Buffers: Min: 0, Avg: 0.7, Max: 1, Diff: 1, Sum: 4]
      [Scan RS (ms): Min: 0.1, Avg: 0.2, Max: 0.2, Diff: 0.0, Sum: 1.0]
      [Code Root Scanning (ms): Min: 0.0, Avg: 0.0, Max: 0.1, Diff: 0.1, Sum: 0.2]
      [Object Copy (ms): Min: 0.4, Avg: 0.7, Max: 0.9, Diff: 0.5, Sum: 4.2]
      [Termination (ms): Min: 0.0, Avg: 0.2, Max: 0.5, Diff: 0.5, Sum: 1.1]
         [Termination Attempts: Min: 1, Avg: 1.0, Max: 1, Diff: 0, Sum: 6]
      [GC Worker Other (ms): Min: 0.0, Avg: 0.1, Max: 0.1, Diff: 0.1, Sum: 0.3]
      [GC Worker Total (ms): Min: 1.4, Avg: 1.4, Max: 1.5, Diff: 0.1, Sum: 8.4]
      [GC Worker End (ms): Min: 388745.9, Avg: 388745.9, Max: 388746.0, Diff: 0.1]
   [Code Root Fixup: 0.0 ms]
   [Code Root Purge: 0.0 ms]
   [Clear CT: 0.8 ms]
   [Other: 1.5 ms]
      [Choose CSet: 0.0 ms]
      [Ref Proc: 0.1 ms]
      [Ref Enq: 0.0 ms]
      [Redirty Cards: 0.1 ms]
      [Humongous Register: 0.1 ms]
      [Humongous Reclaim: 0.0 ms]
      [Free CSet: 1.0 ms]
   [Eden: 4904.0M(4904.0M)->0.0B(4904.0M) Survivors: 8192.0K->8192.0K Heap: 4966.5M(8192.0M)->64191.4K(8192.0M)]
 [Times: user=0.02 sys=0.00, real=0.01 secs] 
2024-10-10T20:01:07.392+0300: 388.748: Total time for which application threads were stopped: 0.0045208 seconds, Stopping threads took: 0.0003562 seconds
2024-10-10T20:03:00.983+0300: 502.339: Application time: 113.5907243 seconds
2024-10-10T20:03:00.983+0300: 502.340: Total time for which application threads were stopped: 0.0003130 seconds, Stopping threads took: 0.0002164 seconds
2024-10-10T20:03:01.626+0300: 502.984: Application time: 0.6440920 seconds
2024-10-10T20:03:01.626+0300: 502.984: Total time for which application threads were stopped: 0.0002281 seconds, Stopping threads took: 0.0001954 seconds
2024-10-10T20:03:02.317+0300: 503.681: Application time: 0.6967206 seconds
2024-10-10T20:03:02.317+0300: 503.681: Total time for which application threads were stopped: 0.0001139 seconds, Stopping threads took: 0.0000797 seconds
2024-10-10T20:03:02.772+0300: 504.139: Application time: 0.4582993 seconds
2024-10-10T20:03:02.772+0300: 504.139: Total time for which application threads were stopped: 0.0001731 seconds, Stopping threads took: 0.0001419 seconds
2024-10-10T20:03:02.944+0300: 504.301: Application time: 0.1621025 seconds
2024-10-10T20:03:02.944+0300: 504.301: Total time for which application threads were stopped: 0.0001665 seconds, Stopping threads took: 0.0001250 seconds
2024-10-10T20:03:04.137+0300: 505.505: Application time: 1.2039943 seconds
2024-10-10T20:03:04.153+0300: 505.506: Total time for which application threads were stopped: 0.0004603 seconds, Stopping threads took: 0.0004325 seconds
2024-10-10T20:03:17.540+0300: 518.895: Application time: 13.3894587 seconds
2024-10-10T20:03:17.540+0300: 518.896: [GC pause (G1 Evacuation Pause) (young), 0.0039247 secs]
   [Parallel Time: 1.4 ms, GC Workers: 6]
      [GC Worker Start (ms): Min: 518895.8, Avg: 518895.8, Max: 518895.9, Diff: 0.1]
      [Ext Root Scanning (ms): Min: 0.2, Avg: 0.3, Max: 0.3, Diff: 0.1, Sum: 1.5]
      [Update RS (ms): Min: 0.0, Avg: 0.0, Max: 0.0, Diff: 0.0, Sum: 0.1]
         [Processed Buffers: Min: 0, Avg: 0.8, Max: 1, Diff: 1, Sum: 5]
      [Scan RS (ms): Min: 0.2, Avg: 0.2, Max: 0.2, Diff: 0.1, Sum: 1.1]
      [Code Root Scanning (ms): Min: 0.0, Avg: 0.0, Max: 0.1, Diff: 0.1, Sum: 0.2]
      [Object Copy (ms): Min: 0.5, Avg: 0.6, Max: 0.8, Diff: 0.3, Sum: 3.8]
      [Termination (ms): Min: 0.0, Avg: 0.1, Max: 0.3, Diff: 0.3, Sum: 0.9]
         [Termination Attempts: Min: 1, Avg: 1.0, Max: 1, Diff: 0, Sum: 6]
      [GC Worker Other (ms): Min: 0.0, Avg: 0.0, Max: 0.0, Diff: 0.0, Sum: 0.1]
      [GC Worker Total (ms): Min: 1.3, Avg: 1.3, Max: 1.3, Diff: 0.1, Sum: 7.8]
      [GC Worker End (ms): Min: 518897.1, Avg: 518897.1, Max: 518897.1, Diff: 0.0]
   [Code Root Fixup: 0.0 ms]
   [Code Root Purge: 0.0 ms]
   [Clear CT: 0.9 ms]
   [Other: 1.6 ms]
      [Choose CSet: 0.0 ms]
      [Ref Proc: 0.2 ms]
      [Ref Enq: 0.0 ms]
      [Redirty Cards: 0.1 ms]
      [Humongous Register: 0.1 ms]
      [Humongous Reclaim: 0.0 ms]
      [Free CSet: 0.9 ms]
   [Eden: 4904.0M(4904.0M)->0.0B(4904.0M) Survivors: 8192.0K->8192.0K Heap: 4966.7M(8192.0M)->63789.7K(8192.0M)]
 [Times: user=0.00 sys=0.00, real=0.00 secs] 
2024-10-10T20:03:17.540+0300: 518.900: Total time for which application threads were stopped: 0.0043555 seconds, Stopping threads took: 0.0001624 seconds
2024-10-10T20:05:26.827+0300: 648.191: Application time: 129.2912105 seconds
2024-10-10T20:05:26.827+0300: 648.191: [GC pause (G1 Evacuation Pause) (young), 0.0057914 secs]
   [Parallel Time: 1.8 ms, GC Workers: 6]
      [GC Worker Start (ms): Min: 648191.6, Avg: 648191.7, Max: 648191.8, Diff: 0.2]
      [Ext Root Scanning (ms): Min: 0.2, Avg: 0.3, Max: 0.4, Diff: 0.2, Sum: 1.8]
      [Update RS (ms): Min: 0.0, Avg: 0.0, Max: 0.0, Diff: 0.0, Sum: 0.1]
         [Processed Buffers: Min: 0, Avg: 0.8, Max: 1, Diff: 1, Sum: 5]
      [Scan RS (ms): Min: 0.2, Avg: 0.2, Max: 0.2, Diff: 0.1, Sum: 1.2]
      [Code Root Scanning (ms): Min: 0.0, Avg: 0.0, Max: 0.1, Diff: 0.1, Sum: 0.2]
      [Object Copy (ms): Min: 0.6, Avg: 0.6, Max: 0.8, Diff: 0.2, Sum: 3.8]
      [Termination (ms): Min: 0.0, Avg: 0.2, Max: 0.3, Diff: 0.3, Sum: 0.9]
         [Termination Attempts: Min: 1, Avg: 1.0, Max: 1, Diff: 0, Sum: 6]
      [GC Worker Other (ms): Min: 0.0, Avg: 0.0, Max: 0.1, Diff: 0.0, Sum: 0.2]
      [GC Worker Total (ms): Min: 1.3, Avg: 1.4, Max: 1.5, Diff: 0.2, Sum: 8.3]
      [GC Worker End (ms): Min: 648193.1, Avg: 648193.1, Max: 648193.1, Diff: 0.1]
   [Code Root Fixup: 0.0 ms]
   [Code Root Purge: 0.0 ms]
   [Clear CT: 0.9 ms]
   [Other: 3.1 ms]
      [Choose CSet: 0.0 ms]
      [Ref Proc: 0.1 ms]
      [Ref Enq: 0.0 ms]
      [Redirty Cards: 0.1 ms]
      [Humongous Register: 0.2 ms]
      [Humongous Reclaim: 0.0 ms]
      [Free CSet: 2.2 ms]
   [Eden: 4904.0M(4904.0M)->0.0B(4904.0M) Survivors: 8192.0K->8192.0K Heap: 4966.3M(8192.0M)->64239.5K(8192.0M)]
 [Times: user=0.00 sys=0.00, real=0.02 secs] 
2024-10-10T20:05:26.843+0300: 648.197: Total time for which application threads were stopped: 0.0063300 seconds, Stopping threads took: 0.0001734 seconds
2024-10-10T20:06:12.035+0300: 693.388: Application time: 45.1903815 seconds
2024-10-10T20:06:12.035+0300: 693.388: Total time for which application threads were stopped: 0.0003386 seconds, Stopping threads took: 0.0002487 seconds
2024-10-10T20:07:07.856+0300: 749.216: Application time: 55.8276894 seconds
2024-10-10T20:07:07.856+0300: 749.216: Total time for which application threads were stopped: 0.0001362 seconds, Stopping threads took: 0.0000984 seconds
2024-10-10T20:07:08.232+0300: 749.587: Application time: 0.3708318 seconds
2024-10-10T20:07:08.232+0300: 749.587: Total time for which application threads were stopped: 0.0001789 seconds, Stopping threads took: 0.0001380 seconds
2024-10-10T20:07:08.411+0300: 749.768: Application time: 0.1807012 seconds
2024-10-10T20:07:08.411+0300: 749.768: Total time for which application threads were stopped: 0.0001669 seconds, Stopping threads took: 0.0001235 seconds
2024-10-10T20:07:09.441+0300: 750.806: Application time: 1.0384213 seconds
2024-10-10T20:07:09.441+0300: 750.806: Total time for which application threads were stopped: 0.0001806 seconds, Stopping threads took: 0.0001196 seconds
2024-10-10T20:07:10.273+0300: 751.631: Application time: 0.8242417 seconds
2024-10-10T20:07:10.273+0300: 751.631: Total time for which application threads were stopped: 0.0006261 seconds, Stopping threads took: 0.0005853 seconds
2024-10-10T20:07:36.901+0300: 778.268: Application time: 26.6372776 seconds
2024-10-10T20:07:36.901+0300: 778.269: [GC pause (G1 Evacuation Pause) (young), 0.0045108 secs]
   [Parallel Time: 1.6 ms, GC Workers: 6]
      [GC Worker Start (ms): Min: 778268.8, Avg: 778268.9, Max: 778268.9, Diff: 0.1]
      [Ext Root Scanning (ms): Min: 0.2, Avg: 0.3, Max: 0.3, Diff: 0.1, Sum: 1.7]
      [Update RS (ms): Min: 0.0, Avg: 0.0, Max: 0.0, Diff: 0.0, Sum: 0.1]
         [Processed Buffers: Min: 0, Avg: 0.8, Max: 2, Diff: 2, Sum: 5]
      [Scan RS (ms): Min: 0.1, Avg: 0.2, Max: 0.2, Diff: 0.1, Sum: 1.1]
      [Code Root Scanning (ms): Min: 0.0, Avg: 0.0, Max: 0.1, Diff: 0.1, Sum: 0.2]
      [Object Copy (ms): Min: 0.5, Avg: 0.6, Max: 0.8, Diff: 0.3, Sum: 3.7]
      [Termination (ms): Min: 0.0, Avg: 0.2, Max: 0.4, Diff: 0.4, Sum: 1.3]
         [Termination Attempts: Min: 1, Avg: 1.0, Max: 1, Diff: 0, Sum: 6]
      [GC Worker Other (ms): Min: 0.0, Avg: 0.0, Max: 0.1, Diff: 0.0, Sum: 0.2]
      [GC Worker Total (ms): Min: 1.3, Avg: 1.4, Max: 1.4, Diff: 0.1, Sum: 8.2]
      [GC Worker End (ms): Min: 778270.3, Avg: 778270.3, Max: 778270.3, Diff: 0.0]
   [Code Root Fixup: 0.0 ms]
   [Code Root Purge: 0.0 ms]
   [Clear CT: 0.9 ms]
   [Other: 2.0 ms]
      [Choose CSet: 0.0 ms]
      [Ref Proc: 0.2 ms]
      [Ref Enq: 0.0 ms]
      [Redirty Cards: 0.1 ms]
      [Humongous Register: 0.1 ms]
      [Humongous Reclaim: 0.0 ms]
      [Free CSet: 1.4 ms]
   [Eden: 4904.0M(4904.0M)->0.0B(4904.0M) Survivors: 8192.0K->8192.0K Heap: 4966.7M(8192.0M)->63784.5K(8192.0M)]
 [Times: user=0.01 sys=0.00, real=0.02 secs] 
2024-10-10T20:07:36.917+0300: 778.273: Total time for which application threads were stopped: 0.0048936 seconds, Stopping threads took: 0.0001420 seconds
2024-10-10T20:09:47.325+0300: 908.691: Application time: 130.4180786 seconds
2024-10-10T20:09:47.325+0300: 908.692: [GC pause (G1 Evacuation Pause) (young), 0.0040930 secs]
   [Parallel Time: 1.4 ms, GC Workers: 6]
      [GC Worker Start (ms): Min: 908692.0, Avg: 908692.1, Max: 908692.2, Diff: 0.1]
      [Ext Root Scanning (ms): Min: 0.2, Avg: 0.3, Max: 0.3, Diff: 0.1, Sum: 1.5]
      [Update RS (ms): Min: 0.0, Avg: 0.0, Max: 0.1, Diff: 0.1, Sum: 0.1]
         [Processed Buffers: Min: 0, Avg: 0.8, Max: 2, Diff: 2, Sum: 5]
      [Scan RS (ms): Min: 0.1, Avg: 0.2, Max: 0.2, Diff: 0.1, Sum: 1.1]
      [Code Root Scanning (ms): Min: 0.0, Avg: 0.0, Max: 0.1, Diff: 0.1, Sum: 0.2]
      [Object Copy (ms): Min: 0.4, Avg: 0.5, Max: 0.7, Diff: 0.3, Sum: 3.1]
      [Termination (ms): Min: 0.0, Avg: 0.2, Max: 0.3, Diff: 0.3, Sum: 1.1]
         [Termination Attempts: Min: 1, Avg: 1.0, Max: 1, Diff: 0, Sum: 6]
      [GC Worker Other (ms): Min: 0.0, Avg: 0.0, Max: 0.1, Diff: 0.1, Sum: 0.2]
      [GC Worker Total (ms): Min: 1.2, Avg: 1.2, Max: 1.3, Diff: 0.1, Sum: 7.4]
      [GC Worker End (ms): Min: 908693.3, Avg: 908693.3, Max: 908693.4, Diff: 0.0]
   [Code Root Fixup: 0.0 ms]
   [Code Root Purge: 0.0 ms]
   [Clear CT: 1.0 ms]
   [Other: 1.7 ms]
      [Choose CSet: 0.0 ms]
      [Ref Proc: 0.2 ms]
      [Ref Enq: 0.0 ms]
      [Redirty Cards: 0.1 ms]
      [Humongous Register: 0.1 ms]
      [Humongous Reclaim: 0.0 ms]
      [Free CSet: 1.1 ms]
   [Eden: 4904.0M(4904.0M)->0.0B(4904.0M) Survivors: 8192.0K->8192.0K Heap: 4966.3M(8192.0M)->64280.0K(8192.0M)]
 [Times: user=0.02 sys=0.00, real=0.02 secs] 
2024-10-10T20:09:47.341+0300: 908.696: Total time for which application threads were stopped: 0.0046690 seconds, Stopping threads took: 0.0003726 seconds
2024-10-10T20:11:13.486+0300: 994.851: Application time: 86.1548709 seconds
2024-10-10T20:11:13.486+0300: 994.851: Total time for which application threads were stopped: 0.0003548 seconds, Stopping threads took: 0.0002106 seconds
2024-10-10T20:11:15.824+0300: 997.188: Application time: 2.3362586 seconds
2024-10-10T20:11:15.824+0300: 997.188: Total time for which application threads were stopped: 0.0004249 seconds, Stopping threads took: 0.0004049 seconds
2024-10-10T20:11:58.473+0300: 1039.827: Application time: 42.6388821 seconds
2024-10-10T20:11:58.473+0300: 1039.827: [GC pause (G1 Evacuation Pause) (young), 0.0040408 secs]
   [Parallel Time: 1.4 ms, GC Workers: 6]
      [GC Worker Start (ms): Min: 1039827.2, Avg: 1039827.3, Max: 1039827.3, Diff: 0.1]
      [Ext Root Scanning (ms): Min: 0.2, Avg: 0.2, Max: 0.3, Diff: 0.1, Sum: 1.5]
      [Update RS (ms): Min: 0.0, Avg: 0.0, Max: 0.0, Diff: 0.0, Sum: 0.1]
         [Processed Buffers: Min: 0, Avg: 0.8, Max: 1, Diff: 1, Sum: 5]
      [Scan RS (ms): Min: 0.2, Avg: 0.2, Max: 0.2, Diff: 0.1, Sum: 1.2]
      [Code Root Scanning (ms): Min: 0.0, Avg: 0.0, Max: 0.1, Diff: 0.1, Sum: 0.2]
      [Object Copy (ms): Min: 0.6, Avg: 0.6, Max: 0.8, Diff: 0.2, Sum: 3.9]
      [Termination (ms): Min: 0.0, Avg: 0.1, Max: 0.2, Diff: 0.2, Sum: 0.7]
         [Termination Attempts: Min: 1, Avg: 1.0, Max: 1, Diff: 0, Sum: 6]
      [GC Worker Other (ms): Min: 0.0, Avg: 0.0, Max: 0.1, Diff: 0.0, Sum: 0.2]
      [GC Worker Total (ms): Min: 1.2, Avg: 1.3, Max: 1.3, Diff: 0.1, Sum: 7.7]
      [GC Worker End (ms): Min: 1039828.5, Avg: 1039828.5, Max: 1039828.6, Diff: 0.0]
   [Code Root Fixup: 0.0 ms]
   [Code Root Purge: 0.0 ms]
   [Clear CT: 0.7 ms]
   [Other: 1.9 ms]
      [Choose CSet: 0.0 ms]
      [Ref Proc: 0.1 ms]
      [Ref Enq: 0.0 ms]
      [Redirty Cards: 0.2 ms]
      [Humongous Register: 0.1 ms]
      [Humongous Reclaim: 0.0 ms]
      [Free CSet: 1.2 ms]
   [Eden: 4904.0M(4904.0M)->0.0B(4904.0M) Survivors: 8192.0K->8192.0K Heap: 4966.8M(8192.0M)->64230.9K(8192.0M)]
 [Times: user=0.01 sys=0.00, real=0.00 secs] 
2024-10-10T20:11:58.473+0300: 1039.831: Total time for which application threads were stopped: 0.0043671 seconds, Stopping threads took: 0.0001138 seconds
2024-10-10T20:14:07.308+0300: 1168.676: Application time: 128.8445380 seconds
2024-10-10T20:14:07.308+0300: 1168.676: [GC pause (G1 Evacuation Pause) (young), 0.0052592 secs]
   [Parallel Time: 1.5 ms, GC Workers: 6]
      [GC Worker Start (ms): Min: 1168676.4, Avg: 1168676.5, Max: 1168676.5, Diff: 0.2]
      [Ext Root Scanning (ms): Min: 0.2, Avg: 0.3, Max: 0.4, Diff: 0.2, Sum: 1.8]
      [Update RS (ms): Min: 0.0, Avg: 0.0, Max: 0.0, Diff: 0.0, Sum: 0.1]
         [Processed Buffers: Min: 0, Avg: 0.8, Max: 2, Diff: 2, Sum: 5]
      [Scan RS (ms): Min: 0.2, Avg: 0.2, Max: 0.2, Diff: 0.1, Sum: 1.1]
      [Code Root Scanning (ms): Min: 0.0, Avg: 0.0, Max: 0.1, Diff: 0.1, Sum: 0.2]
      [Object Copy (ms): Min: 0.5, Avg: 0.6, Max: 0.8, Diff: 0.3, Sum: 3.7]
      [Termination (ms): Min: 0.0, Avg: 0.2, Max: 0.3, Diff: 0.3, Sum: 1.0]
         [Termination Attempts: Min: 1, Avg: 1.8, Max: 4, Diff: 3, Sum: 11]
      [GC Worker Other (ms): Min: 0.0, Avg: 0.1, Max: 0.1, Diff: 0.1, Sum: 0.3]
      [GC Worker Total (ms): Min: 1.3, Avg: 1.4, Max: 1.5, Diff: 0.2, Sum: 8.2]
      [GC Worker End (ms): Min: 1168677.8, Avg: 1168677.8, Max: 1168677.9, Diff: 0.1]
   [Code Root Fixup: 0.0 ms]
   [Code Root Purge: 0.0 ms]
   [Clear CT: 0.7 ms]
   [Other: 3.0 ms]
      [Choose CSet: 0.0 ms]
      [Ref Proc: 0.1 ms]
      [Ref Enq: 0.0 ms]
      [Redirty Cards: 0.1 ms]
      [Humongous Register: 0.1 ms]
      [Humongous Reclaim: 0.0 ms]
      [Free CSet: 2.2 ms]
   [Eden: 4904.0M(4904.0M)->0.0B(4904.0M) Survivors: 8192.0K->8192.0K Heap: 4966.7M(8192.0M)->64256.0K(8192.0M)]
 [Times: user=0.02 sys=0.00, real=0.01 secs] 
2024-10-10T20:14:07.323+0300: 1168.682: Total time for which application threads were stopped: 0.0058096 seconds, Stopping threads took: 0.0001977 seconds
2024-10-10T20:15:16.644+0300: 1238.006: Application time: 69.3238547 seconds
2024-10-10T20:15:16.644+0300: 1238.006: Total time for which application threads were stopped: 0.0002412 seconds, Stopping threads took: 0.0001971 seconds
2024-10-10T20:15:16.912+0300: 1238.272: Application time: 0.2666368 seconds
2024-10-10T20:15:16.912+0300: 1238.273: Total time for which application threads were stopped: 0.0003529 seconds, Stopping threads took: 0.0003055 seconds
2024-10-10T20:15:17.021+0300: 1238.383: Application time: 0.1107221 seconds
2024-10-10T20:15:17.021+0300: 1238.384: Total time for which application threads were stopped: 0.0001497 seconds, Stopping threads took: 0.0001170 seconds
2024-10-10T20:15:17.288+0300: 1238.655: Application time: 0.2713343 seconds
2024-10-10T20:15:17.288+0300: 1238.655: Total time for which application threads were stopped: 0.0001642 seconds, Stopping threads took: 0.0000241 seconds
2024-10-10T20:15:17.382+0300: 1238.739: Application time: 0.0837510 seconds
2024-10-10T20:15:17.382+0300: 1238.739: Total time for which application threads were stopped: 0.0002069 seconds, Stopping threads took: 0.0000325 seconds
2024-10-10T20:15:17.430+0300: 1238.795: Application time: 0.0555819 seconds
2024-10-10T20:15:17.430+0300: 1238.795: Total time for which application threads were stopped: 0.0002284 seconds, Stopping threads took: 0.0000392 seconds
2024-10-10T20:15:17.461+0300: 1238.824: Application time: 0.0290193 seconds
2024-10-10T20:15:17.461+0300: 1238.824: Total time for which application threads were stopped: 0.0001403 seconds, Stopping threads took: 0.0000473 seconds
2024-10-10T20:15:17.477+0300: 1238.843: Application time: 0.0186272 seconds
2024-10-10T20:15:17.477+0300: 1238.843: Total time for which application threads were stopped: 0.0000776 seconds, Stopping threads took: 0.0000433 seconds
2024-10-10T20:15:17.587+0300: 1238.952: Application time: 0.1088021 seconds
2024-10-10T20:15:17.587+0300: 1238.952: Total time for which application threads were stopped: 0.0002542 seconds, Stopping threads took: 0.0000223 seconds
2024-10-10T20:15:17.602+0300: 1238.958: Application time: 0.0066434 seconds
2024-10-10T20:15:17.602+0300: 1238.959: Total time for which application threads were stopped: 0.0002391 seconds, Stopping threads took: 0.0000234 seconds
2024-10-10T20:15:17.602+0300: 1238.960: Application time: 0.0016774 seconds
2024-10-10T20:15:17.602+0300: 1238.961: Total time for which application threads were stopped: 0.0001704 seconds, Stopping threads took: 0.0000141 seconds
2024-10-10T20:15:17.900+0300: 1239.259: Application time: 0.2979662 seconds
2024-10-10T20:15:17.900+0300: 1239.259: Total time for which application threads were stopped: 0.0000669 seconds, Stopping threads took: 0.0000244 seconds
2024-10-10T20:15:18.339+0300: 1239.695: Application time: 0.4359640 seconds
2024-10-10T20:15:18.339+0300: 1239.695: Total time for which application threads were stopped: 0.0001149 seconds, Stopping threads took: 0.0000208 seconds
2024-10-10T20:15:18.543+0300: 1239.906: Application time: 0.2116706 seconds
2024-10-10T20:15:18.543+0300: 1239.906: Total time for which application threads were stopped: 0.0000960 seconds, Stopping threads took: 0.0000394 seconds
2024-10-10T20:15:18.591+0300: 1239.944: Application time: 0.0371867 seconds
2024-10-10T20:15:18.591+0300: 1239.944: Total time for which application threads were stopped: 0.0000430 seconds, Stopping threads took: 0.0000203 seconds
2024-10-10T20:15:18.591+0300: 1239.944: Application time: 0.0003699 seconds
2024-10-10T20:15:18.591+0300: 1239.944: Total time for which application threads were stopped: 0.0000541 seconds, Stopping threads took: 0.0000392 seconds
2024-10-10T20:15:18.591+0300: 1239.944: Application time: 0.0002874 seconds
2024-10-10T20:15:18.591+0300: 1239.944: Total time for which application threads were stopped: 0.0000175 seconds, Stopping threads took: 0.0000090 seconds
2024-10-10T20:15:18.684+0300: 1240.049: Application time: 0.1045270 seconds
2024-10-10T20:15:18.684+0300: 1240.049: Total time for which application threads were stopped: 0.0001679 seconds, Stopping threads took: 0.0000357 seconds
2024-10-10T20:15:18.684+0300: 1240.052: Application time: 0.0032560 seconds
2024-10-10T20:15:18.684+0300: 1240.052: Total time for which application threads were stopped: 0.0000536 seconds, Stopping threads took: 0.0000227 seconds
2024-10-10T20:15:18.700+0300: 1240.053: Application time: 0.0005202 seconds
2024-10-10T20:15:18.700+0300: 1240.053: Total time for which application threads were stopped: 0.0001005 seconds, Stopping threads took: 0.0000693 seconds
2024-10-10T20:15:18.700+0300: 1240.062: Application time: 0.0085321 seconds
2024-10-10T20:15:18.700+0300: 1240.062: Total time for which application threads were stopped: 0.0001039 seconds, Stopping threads took: 0.0000371 seconds
Heap
 garbage-first heap   total 8388608K, used 4750202K [0x00000005c0000000, 0x00000005c0404000, 0x00000007c0000000)
  region size 4096K, 1146 young (4694016K), 2 survivors (8192K)
 Metaspace       used 15922K, capacity 16164K, committed 16384K, reserved 1064960K
  class space    used 1651K, capacity 1750K, committed 1792K, reserved 1048576K
2024-10-10T20:15:18.810+0300: 1240.164: Application time: 0.1026558 seconds
