OpenJDK 64-Bit Server VM (25.422-b05) for windows-amd64 JRE (1.8.0_422-422-b05), built on Jul 18 2024 05:34:18 by "Administrator" with MS VC++ 16.10 / 16.11 (VS2019)
Memory: 4k page, physical 15965620k(10978276k free), swap 17014196k(11292448k free)
CommandLine flags: -XX:InitialHeapSize=734003200 -XX:MaxHeapSize=734003200 -XX:+PrintGC -XX:+PrintGCApplicationConcurrentTime -XX:+PrintGCApplicationStoppedTime -XX:+PrintGCDateStamps -XX:+PrintGCDetails -XX:+PrintGCTimeStamps -XX:+UnlockExperimentalVMOptions -XX:+UseCompressedClassPointers -XX:+UseCompressedOops -XX:+UseG1GC -XX:-UseLargePagesIndividualAllocation 
2024-10-10T17:51:46.459+0300: 0.071: Application time: 0.0173628 seconds
2024-10-10T17:51:46.459+0300: 0.071: Total time for which application threads were stopped: 0.0001126 seconds, Stopping threads took: 0.0000428 seconds
2024-10-10T17:51:46.648+0300: 0.248: Application time: 0.1772916 seconds
2024-10-10T17:51:46.648+0300: 0.249: [Full GC (System.gc())  11802K->3704K(700M), 0.0151361 secs]
   [Eden: 12288.0K(35840.0K)->0.0B(35840.0K) Survivors: 0.0B->0.0B Heap: 11802.7K(700.0M)->3705.0K(700.0M)], [Metaspace: 7074K->7074K(1056768K)]
 [Times: user=0.00 sys=0.00, real=0.02 secs] 
2024-10-10T17:51:46.663+0300: 0.264: Total time for which application threads were stopped: 0.0153362 seconds, Stopping threads took: 0.0000285 seconds
2024-10-10T17:51:46.663+0300: 0.264: Application time: 0.0001147 seconds
2024-10-10T17:51:46.663+0300: 0.264: [Full GC (System.gc())  3704K->3704K(700M), 0.0097488 secs]
   [Eden: 0.0B(35840.0K)->0.0B(35840.0K) Survivors: 0.0B->0.0B Heap: 3705.0K(700.0M)->3705.0K(700.0M)], [Metaspace: 7074K->7074K(1056768K)]
 [Times: user=0.00 sys=0.00, real=0.00 secs] 
2024-10-10T17:51:46.663+0300: 0.274: Total time for which application threads were stopped: 0.0099262 seconds, Stopping threads took: 0.0000719 seconds
2024-10-10T17:51:47.322+0300: 0.922: Application time: 0.6483388 seconds
2024-10-10T17:51:47.322+0300: 0.922: [GC pause (G1 Evacuation Pause) (young), 0.0012785 secs]
   [Parallel Time: 0.8 ms, GC Workers: 6]
      [GC Worker Start (ms): Min: 922.5, Avg: 922.5, Max: 922.5, Diff: 0.0]
      [Ext Root Scanning (ms): Min: 0.3, Avg: 0.3, Max: 0.4, Diff: 0.0, Sum: 2.0]
      [Update RS (ms): Min: 0.0, Avg: 0.0, Max: 0.1, Diff: 0.1, Sum: 0.2]
         [Processed Buffers: Min: 0, Avg: 1.5, Max: 3, Diff: 3, Sum: 9]
      [Scan RS (ms): Min: 0.0, Avg: 0.0, Max: 0.0, Diff: 0.0, Sum: 0.0]
      [Code Root Scanning (ms): Min: 0.0, Avg: 0.0, Max: 0.0, Diff: 0.0, Sum: 0.1]
      [Object Copy (ms): Min: 0.2, Avg: 0.3, Max: 0.4, Diff: 0.2, Sum: 2.0]
      [Termination (ms): Min: 0.0, Avg: 0.0, Max: 0.1, Diff: 0.1, Sum: 0.3]
         [Termination Attempts: Min: 1, Avg: 1.0, Max: 1, Diff: 0, Sum: 6]
      [GC Worker Other (ms): Min: 0.0, Avg: 0.0, Max: 0.0, Diff: 0.0, Sum: 0.2]
      [GC Worker Total (ms): Min: 0.8, Avg: 0.8, Max: 0.8, Diff: 0.0, Sum: 4.8]
      [GC Worker End (ms): Min: 923.3, Avg: 923.3, Max: 923.3, Diff: 0.0]
   [Code Root Fixup: 0.0 ms]
   [Code Root Purge: 0.0 ms]
   [Clear CT: 0.1 ms]
   [Other: 0.3 ms]
      [Choose CSet: 0.0 ms]
      [Ref Proc: 0.1 ms]
      [Ref Enq: 0.0 ms]
      [Redirty Cards: 0.1 ms]
      [Humongous Register: 0.0 ms]
      [Humongous Reclaim: 0.0 ms]
      [Free CSet: 0.0 ms]
   [Eden: 35840.0K(35840.0K)->0.0B(417.0M) Survivors: 0.0B->3072.0K Heap: 96395.3K(700.0M)->62770.1K(700.0M)]
 [Times: user=0.00 sys=0.00, real=0.00 secs] 
2024-10-10T17:51:47.322+0300: 0.924: Total time for which application threads were stopped: 0.0015553 seconds, Stopping threads took: 0.0001121 seconds
2024-10-10T17:51:48.326+0300: 1.925: Application time: 1.0016808 seconds
2024-10-10T17:51:48.326+0300: 1.926: Total time for which application threads were stopped: 0.0002586 seconds, Stopping threads took: 0.0001941 seconds
2024-10-10T17:51:50.336+0300: 3.935: Application time: 2.0091094 seconds
2024-10-10T17:51:50.336+0300: 3.935: Total time for which application threads were stopped: 0.0004680 seconds, Stopping threads took: 0.0003763 seconds
2024-10-10T17:51:50.508+0300: 4.107: Application time: 0.1717985 seconds
2024-10-10T17:51:50.508+0300: 4.107: Total time for which application threads were stopped: 0.0002658 seconds, Stopping threads took: 0.0001839 seconds
2024-10-10T17:51:51.722+0300: 5.332: Application time: 1.2243183 seconds
2024-10-10T17:51:51.733+0300: 5.332: [GC pause (G1 Evacuation Pause) (young), 0.0016430 secs]
   [Parallel Time: 0.9 ms, GC Workers: 6]
      [GC Worker Start (ms): Min: 5332.1, Avg: 5332.1, Max: 5332.1, Diff: 0.1]
      [Ext Root Scanning (ms): Min: 0.2, Avg: 0.2, Max: 0.3, Diff: 0.1, Sum: 1.4]
      [Update RS (ms): Min: 0.0, Avg: 0.0, Max: 0.0, Diff: 0.0, Sum: 0.1]
         [Processed Buffers: Min: 0, Avg: 1.3, Max: 3, Diff: 3, Sum: 8]
      [Scan RS (ms): Min: 0.0, Avg: 0.1, Max: 0.1, Diff: 0.1, Sum: 0.3]
      [Code Root Scanning (ms): Min: 0.0, Avg: 0.0, Max: 0.1, Diff: 0.1, Sum: 0.1]
      [Object Copy (ms): Min: 0.4, Avg: 0.5, Max: 0.6, Diff: 0.2, Sum: 2.8]
      [Termination (ms): Min: 0.0, Avg: 0.0, Max: 0.1, Diff: 0.1, Sum: 0.3]
         [Termination Attempts: Min: 1, Avg: 1.0, Max: 1, Diff: 0, Sum: 6]
      [GC Worker Other (ms): Min: 0.0, Avg: 0.0, Max: 0.0, Diff: 0.0, Sum: 0.1]
      [GC Worker Total (ms): Min: 0.8, Avg: 0.9, Max: 0.9, Diff: 0.1, Sum: 5.1]
      [GC Worker End (ms): Min: 5333.0, Avg: 5333.0, Max: 5333.0, Diff: 0.0]
   [Code Root Fixup: 0.0 ms]
   [Code Root Purge: 0.0 ms]
   [Clear CT: 0.1 ms]
   [Other: 0.6 ms]
      [Choose CSet: 0.0 ms]
      [Ref Proc: 0.1 ms]
      [Ref Enq: 0.0 ms]
      [Redirty Cards: 0.1 ms]
      [Humongous Register: 0.0 ms]
      [Humongous Reclaim: 0.0 ms]
      [Free CSet: 0.2 ms]
   [Eden: 417.0M(417.0M)->0.0B(417.0M) Survivors: 3072.0K->3072.0K Heap: 478.3M(700.0M)->63323.0K(700.0M)]
 [Times: user=0.00 sys=0.00, real=0.00 secs] 
2024-10-10T17:51:51.733+0300: 5.334: Total time for which application threads were stopped: 0.0021366 seconds, Stopping threads took: 0.0001503 seconds
2024-10-10T17:51:56.130+0300: 9.737: Application time: 4.4029163 seconds
2024-10-10T17:51:56.130+0300: 9.737: [GC pause (G1 Evacuation Pause) (young), 0.0013802 secs]
   [Parallel Time: 0.7 ms, GC Workers: 6]
      [GC Worker Start (ms): Min: 9737.1, Avg: 9737.1, Max: 9737.1, Diff: 0.1]
      [Ext Root Scanning (ms): Min: 0.2, Avg: 0.2, Max: 0.3, Diff: 0.1, Sum: 1.5]
      [Update RS (ms): Min: 0.0, Avg: 0.0, Max: 0.0, Diff: 0.0, Sum: 0.2]
         [Processed Buffers: Min: 0, Avg: 1.8, Max: 5, Diff: 5, Sum: 11]
      [Scan RS (ms): Min: 0.0, Avg: 0.1, Max: 0.1, Diff: 0.0, Sum: 0.4]
      [Code Root Scanning (ms): Min: 0.0, Avg: 0.0, Max: 0.1, Diff: 0.1, Sum: 0.1]
      [Object Copy (ms): Min: 0.1, Avg: 0.2, Max: 0.3, Diff: 0.1, Sum: 1.4]
      [Termination (ms): Min: 0.0, Avg: 0.0, Max: 0.1, Diff: 0.1, Sum: 0.2]
         [Termination Attempts: Min: 1, Avg: 1.0, Max: 1, Diff: 0, Sum: 6]
      [GC Worker Other (ms): Min: 0.0, Avg: 0.0, Max: 0.0, Diff: 0.0, Sum: 0.1]
      [GC Worker Total (ms): Min: 0.6, Avg: 0.6, Max: 0.7, Diff: 0.1, Sum: 3.8]
      [GC Worker End (ms): Min: 9737.7, Avg: 9737.7, Max: 9737.7, Diff: 0.0]
   [Code Root Fixup: 0.0 ms]
   [Code Root Purge: 0.0 ms]
   [Clear CT: 0.1 ms]
   [Other: 0.5 ms]
      [Choose CSet: 0.0 ms]
      [Ref Proc: 0.1 ms]
      [Ref Enq: 0.0 ms]
      [Redirty Cards: 0.1 ms]
      [Humongous Register: 0.0 ms]
      [Humongous Reclaim: 0.0 ms]
      [Free CSet: 0.2 ms]
   [Eden: 417.0M(417.0M)->0.0B(417.0M) Survivors: 3072.0K->3072.0K Heap: 478.8M(700.0M)->63170.5K(700.0M)]
 [Times: user=0.00 sys=0.00, real=0.00 secs] 
2024-10-10T17:51:56.130+0300: 9.738: Total time for which application threads were stopped: 0.0017426 seconds, Stopping threads took: 0.0001822 seconds
2024-10-10T17:52:00.570+0300: 14.177: Application time: 4.4388725 seconds
2024-10-10T17:52:00.570+0300: 14.178: [GC pause (G1 Evacuation Pause) (young), 0.0014964 secs]
   [Parallel Time: 0.8 ms, GC Workers: 6]
      [GC Worker Start (ms): Min: 14177.7, Avg: 14177.7, Max: 14177.8, Diff: 0.1]
      [Ext Root Scanning (ms): Min: 0.2, Avg: 0.3, Max: 0.3, Diff: 0.1, Sum: 1.6]
      [Update RS (ms): Min: 0.0, Avg: 0.0, Max: 0.0, Diff: 0.0, Sum: 0.1]
         [Processed Buffers: Min: 0, Avg: 1.5, Max: 3, Diff: 3, Sum: 9]
      [Scan RS (ms): Min: 0.0, Avg: 0.1, Max: 0.1, Diff: 0.1, Sum: 0.5]
      [Code Root Scanning (ms): Min: 0.0, Avg: 0.0, Max: 0.1, Diff: 0.1, Sum: 0.1]
      [Object Copy (ms): Min: 0.1, Avg: 0.2, Max: 0.3, Diff: 0.2, Sum: 1.2]
      [Termination (ms): Min: 0.0, Avg: 0.0, Max: 0.0, Diff: 0.0, Sum: 0.1]
         [Termination Attempts: Min: 1, Avg: 1.0, Max: 1, Diff: 0, Sum: 6]
      [GC Worker Other (ms): Min: 0.0, Avg: 0.0, Max: 0.0, Diff: 0.0, Sum: 0.2]
      [GC Worker Total (ms): Min: 0.6, Avg: 0.6, Max: 0.7, Diff: 0.1, Sum: 3.8]
      [GC Worker End (ms): Min: 14178.3, Avg: 14178.3, Max: 14178.4, Diff: 0.0]
   [Code Root Fixup: 0.0 ms]
   [Code Root Purge: 0.0 ms]
   [Clear CT: 0.2 ms]
   [Other: 0.6 ms]
      [Choose CSet: 0.0 ms]
      [Ref Proc: 0.1 ms]
      [Ref Enq: 0.0 ms]
      [Redirty Cards: 0.1 ms]
      [Humongous Register: 0.0 ms]
      [Humongous Reclaim: 0.0 ms]
      [Free CSet: 0.3 ms]
   [Eden: 417.0M(417.0M)->0.0B(417.0M) Survivors: 3072.0K->3072.0K Heap: 478.7M(700.0M)->62886.0K(700.0M)]
 [Times: user=0.00 sys=0.00, real=0.00 secs] 
2024-10-10T17:52:00.570+0300: 14.179: Total time for which application threads were stopped: 0.0018738 seconds, Stopping threads took: 0.0001592 seconds
2024-10-10T17:52:02.893+0300: 16.498: Application time: 2.3186714 seconds
2024-10-10T17:52:02.893+0300: 16.498: Total time for which application threads were stopped: 0.0004742 seconds, Stopping threads took: 0.0004295 seconds
2024-10-10T17:52:03.898+0300: 17.497: Application time: 0.9981209 seconds
2024-10-10T17:52:03.898+0300: 17.497: Total time for which application threads were stopped: 0.0003075 seconds, Stopping threads took: 0.0002561 seconds
2024-10-10T17:52:05.012+0300: 18.623: Application time: 1.1258172 seconds
2024-10-10T17:52:05.012+0300: 18.623: [GC pause (G1 Evacuation Pause) (young), 0.0015061 secs]
   [Parallel Time: 0.8 ms, GC Workers: 6]
      [GC Worker Start (ms): Min: 18623.1, Avg: 18623.1, Max: 18623.2, Diff: 0.1]
      [Ext Root Scanning (ms): Min: 0.2, Avg: 0.3, Max: 0.3, Diff: 0.0, Sum: 1.6]
      [Update RS (ms): Min: 0.0, Avg: 0.0, Max: 0.0, Diff: 0.0, Sum: 0.1]
         [Processed Buffers: Min: 0, Avg: 1.3, Max: 3, Diff: 3, Sum: 8]
      [Scan RS (ms): Min: 0.0, Avg: 0.1, Max: 0.1, Diff: 0.1, Sum: 0.4]
      [Code Root Scanning (ms): Min: 0.0, Avg: 0.0, Max: 0.1, Diff: 0.1, Sum: 0.1]
      [Object Copy (ms): Min: 0.1, Avg: 0.2, Max: 0.3, Diff: 0.2, Sum: 1.3]
      [Termination (ms): Min: 0.0, Avg: 0.0, Max: 0.1, Diff: 0.1, Sum: 0.2]
         [Termination Attempts: Min: 1, Avg: 1.0, Max: 1, Diff: 0, Sum: 6]
      [GC Worker Other (ms): Min: 0.0, Avg: 0.0, Max: 0.1, Diff: 0.0, Sum: 0.2]
      [GC Worker Total (ms): Min: 0.6, Avg: 0.7, Max: 0.7, Diff: 0.0, Sum: 3.9]
      [GC Worker End (ms): Min: 18623.8, Avg: 18623.8, Max: 18623.8, Diff: 0.0]
   [Code Root Fixup: 0.0 ms]
   [Code Root Purge: 0.0 ms]
   [Clear CT: 0.2 ms]
   [Other: 0.5 ms]
      [Choose CSet: 0.0 ms]
      [Ref Proc: 0.1 ms]
      [Ref Enq: 0.0 ms]
      [Redirty Cards: 0.1 ms]
      [Humongous Register: 0.0 ms]
      [Humongous Reclaim: 0.0 ms]
      [Free CSet: 0.2 ms]
   [Eden: 417.0M(417.0M)->0.0B(417.0M) Survivors: 3072.0K->3072.0K Heap: 478.4M(700.0M)->63288.5K(700.0M)]
 [Times: user=0.00 sys=0.00, real=0.00 secs] 
2024-10-10T17:52:05.012+0300: 18.625: Total time for which application threads were stopped: 0.0020171 seconds, Stopping threads took: 0.0002893 seconds
2024-10-10T17:52:06.016+0300: 19.615: Application time: 0.9899951 seconds
2024-10-10T17:52:06.016+0300: 19.615: Total time for which application threads were stopped: 0.0002183 seconds, Stopping threads took: 0.0001574 seconds
2024-10-10T17:52:09.392+0300: 23.004: Application time: 3.3887864 seconds
2024-10-10T17:52:09.392+0300: 23.004: [GC pause (G1 Evacuation Pause) (young), 0.0013619 secs]
   [Parallel Time: 0.8 ms, GC Workers: 6]
      [GC Worker Start (ms): Min: 23004.0, Avg: 23004.0, Max: 23004.1, Diff: 0.1]
      [Ext Root Scanning (ms): Min: 0.2, Avg: 0.3, Max: 0.3, Diff: 0.1, Sum: 1.6]
      [Update RS (ms): Min: 0.0, Avg: 0.0, Max: 0.0, Diff: 0.0, Sum: 0.1]
         [Processed Buffers: Min: 0, Avg: 1.0, Max: 3, Diff: 3, Sum: 6]
      [Scan RS (ms): Min: 0.0, Avg: 0.1, Max: 0.1, Diff: 0.1, Sum: 0.4]
      [Code Root Scanning (ms): Min: 0.0, Avg: 0.0, Max: 0.1, Diff: 0.1, Sum: 0.1]
      [Object Copy (ms): Min: 0.2, Avg: 0.2, Max: 0.3, Diff: 0.1, Sum: 1.3]
      [Termination (ms): Min: 0.0, Avg: 0.0, Max: 0.0, Diff: 0.0, Sum: 0.0]
         [Termination Attempts: Min: 1, Avg: 1.0, Max: 1, Diff: 0, Sum: 6]
      [GC Worker Other (ms): Min: 0.0, Avg: 0.0, Max: 0.0, Diff: 0.0, Sum: 0.1]
      [GC Worker Total (ms): Min: 0.6, Avg: 0.6, Max: 0.7, Diff: 0.1, Sum: 3.7]
      [GC Worker End (ms): Min: 23004.7, Avg: 23004.7, Max: 23004.7, Diff: 0.0]
   [Code Root Fixup: 0.0 ms]
   [Code Root Purge: 0.0 ms]
   [Clear CT: 0.1 ms]
   [Other: 0.4 ms]
      [Choose CSet: 0.0 ms]
      [Ref Proc: 0.1 ms]
      [Ref Enq: 0.0 ms]
      [Redirty Cards: 0.1 ms]
      [Humongous Register: 0.0 ms]
      [Humongous Reclaim: 0.0 ms]
      [Free CSet: 0.2 ms]
   [Eden: 417.0M(417.0M)->0.0B(417.0M) Survivors: 3072.0K->3072.0K Heap: 478.8M(700.0M)->63235.0K(700.0M)]
 [Times: user=0.00 sys=0.00, real=0.00 secs] 
2024-10-10T17:52:09.392+0300: 23.005: Total time for which application threads were stopped: 0.0017533 seconds, Stopping threads took: 0.0002016 seconds
2024-10-10T17:52:13.409+0300: 27.009: Application time: 4.0030859 seconds
2024-10-10T17:52:13.409+0300: 27.009: Total time for which application threads were stopped: 0.0002840 seconds, Stopping threads took: 0.0002227 seconds
2024-10-10T17:52:13.755+0300: 27.357: Application time: 0.3481709 seconds
2024-10-10T17:52:13.755+0300: 27.357: [GC pause (G1 Evacuation Pause) (young), 0.0013939 secs]
   [Parallel Time: 0.7 ms, GC Workers: 6]
      [GC Worker Start (ms): Min: 27357.3, Avg: 27357.4, Max: 27357.9, Diff: 0.7]
      [Ext Root Scanning (ms): Min: 0.0, Avg: 0.2, Max: 0.3, Diff: 0.3, Sum: 1.3]
      [Update RS (ms): Min: 0.0, Avg: 0.0, Max: 0.0, Diff: 0.0, Sum: 0.1]
         [Processed Buffers: Min: 0, Avg: 1.0, Max: 3, Diff: 3, Sum: 6]
      [Scan RS (ms): Min: 0.0, Avg: 0.1, Max: 0.1, Diff: 0.1, Sum: 0.4]
      [Code Root Scanning (ms): Min: 0.0, Avg: 0.0, Max: 0.2, Diff: 0.2, Sum: 0.2]
      [Object Copy (ms): Min: 0.0, Avg: 0.2, Max: 0.3, Diff: 0.3, Sum: 1.1]
      [Termination (ms): Min: 0.0, Avg: 0.0, Max: 0.1, Diff: 0.1, Sum: 0.1]
         [Termination Attempts: Min: 1, Avg: 1.0, Max: 1, Diff: 0, Sum: 6]
      [GC Worker Other (ms): Min: 0.0, Avg: 0.0, Max: 0.0, Diff: 0.0, Sum: 0.1]
      [GC Worker Total (ms): Min: 0.0, Avg: 0.6, Max: 0.7, Diff: 0.6, Sum: 3.4]
      [GC Worker End (ms): Min: 27358.0, Avg: 27358.0, Max: 27358.0, Diff: 0.0]
   [Code Root Fixup: 0.0 ms]
   [Code Root Purge: 0.0 ms]
   [Clear CT: 0.1 ms]
   [Other: 0.5 ms]
      [Choose CSet: 0.0 ms]
      [Ref Proc: 0.1 ms]
      [Ref Enq: 0.0 ms]
      [Redirty Cards: 0.1 ms]
      [Humongous Register: 0.0 ms]
      [Humongous Reclaim: 0.0 ms]
      [Free CSet: 0.2 ms]
   [Eden: 417.0M(417.0M)->0.0B(417.0M) Survivors: 3072.0K->3072.0K Heap: 478.8M(700.0M)->63395.2K(700.0M)]
 [Times: user=0.00 sys=0.00, real=0.00 secs] 
2024-10-10T17:52:13.755+0300: 27.359: Total time for which application threads were stopped: 0.0017571 seconds, Stopping threads took: 0.0001747 seconds
2024-10-10T17:52:16.769+0300: 30.368: Application time: 3.0088803 seconds
2024-10-10T17:52:16.769+0300: 30.368: Total time for which application threads were stopped: 0.0002643 seconds, Stopping threads took: 0.0001961 seconds
2024-10-10T17:52:18.118+0300: 31.726: Application time: 1.3583305 seconds
2024-10-10T17:52:18.118+0300: 31.726: [GC pause (G1 Evacuation Pause) (young), 0.0016131 secs]
   [Parallel Time: 0.8 ms, GC Workers: 6]
      [GC Worker Start (ms): Min: 31726.6, Avg: 31726.6, Max: 31726.6, Diff: 0.0]
      [Ext Root Scanning (ms): Min: 0.2, Avg: 0.3, Max: 0.3, Diff: 0.0, Sum: 1.5]
      [Update RS (ms): Min: 0.0, Avg: 0.0, Max: 0.0, Diff: 0.0, Sum: 0.1]
         [Processed Buffers: Min: 0, Avg: 0.8, Max: 1, Diff: 1, Sum: 5]
      [Scan RS (ms): Min: 0.1, Avg: 0.1, Max: 0.1, Diff: 0.0, Sum: 0.4]
      [Code Root Scanning (ms): Min: 0.0, Avg: 0.0, Max: 0.1, Diff: 0.1, Sum: 0.2]
      [Object Copy (ms): Min: 0.1, Avg: 0.2, Max: 0.3, Diff: 0.2, Sum: 1.4]
      [Termination (ms): Min: 0.0, Avg: 0.1, Max: 0.1, Diff: 0.1, Sum: 0.4]
         [Termination Attempts: Min: 1, Avg: 1.0, Max: 1, Diff: 0, Sum: 6]
      [GC Worker Other (ms): Min: 0.0, Avg: 0.0, Max: 0.0, Diff: 0.0, Sum: 0.1]
      [GC Worker Total (ms): Min: 0.7, Avg: 0.7, Max: 0.7, Diff: 0.0, Sum: 4.1]
      [GC Worker End (ms): Min: 31727.3, Avg: 31727.3, Max: 31727.3, Diff: 0.0]
   [Code Root Fixup: 0.0 ms]
   [Code Root Purge: 0.0 ms]
   [Clear CT: 0.2 ms]
   [Other: 0.6 ms]
      [Choose CSet: 0.0 ms]
      [Ref Proc: 0.1 ms]
      [Ref Enq: 0.0 ms]
      [Redirty Cards: 0.1 ms]
      [Humongous Register: 0.0 ms]
      [Humongous Reclaim: 0.0 ms]
      [Free CSet: 0.2 ms]
   [Eden: 417.0M(417.0M)->0.0B(417.0M) Survivors: 3072.0K->3072.0K Heap: 478.9M(700.0M)->63488.1K(700.0M)]
 [Times: user=0.00 sys=0.00, real=0.00 secs] 
2024-10-10T17:52:18.118+0300: 31.728: Total time for which application threads were stopped: 0.0020666 seconds, Stopping threads took: 0.0001533 seconds
2024-10-10T17:52:21.132+0300: 34.731: Application time: 3.0027388 seconds
2024-10-10T17:52:21.132+0300: 34.731: Total time for which application threads were stopped: 0.0003152 seconds, Stopping threads took: 0.0002426 seconds
2024-10-10T17:52:22.138+0300: 35.737: Application time: 1.0054423 seconds
2024-10-10T17:52:22.138+0300: 35.737: Total time for which application threads were stopped: 0.0002412 seconds, Stopping threads took: 0.0001799 seconds
2024-10-10T17:52:22.478+0300: 36.079: Application time: 0.3415754 seconds
2024-10-10T17:52:22.478+0300: 36.079: [GC pause (G1 Evacuation Pause) (young), 0.0014202 secs]
   [Parallel Time: 0.8 ms, GC Workers: 6]
      [GC Worker Start (ms): Min: 36079.0, Avg: 36079.0, Max: 36079.0, Diff: 0.1]
      [Ext Root Scanning (ms): Min: 0.2, Avg: 0.3, Max: 0.3, Diff: 0.0, Sum: 1.6]
      [Update RS (ms): Min: 0.0, Avg: 0.0, Max: 0.0, Diff: 0.0, Sum: 0.2]
         [Processed Buffers: Min: 0, Avg: 1.0, Max: 3, Diff: 3, Sum: 6]
      [Scan RS (ms): Min: 0.0, Avg: 0.1, Max: 0.1, Diff: 0.0, Sum: 0.4]
      [Code Root Scanning (ms): Min: 0.0, Avg: 0.0, Max: 0.1, Diff: 0.1, Sum: 0.1]
      [Object Copy (ms): Min: 0.1, Avg: 0.2, Max: 0.3, Diff: 0.2, Sum: 1.3]
      [Termination (ms): Min: 0.0, Avg: 0.0, Max: 0.1, Diff: 0.1, Sum: 0.2]
         [Termination Attempts: Min: 1, Avg: 1.0, Max: 1, Diff: 0, Sum: 6]
      [GC Worker Other (ms): Min: 0.0, Avg: 0.0, Max: 0.0, Diff: 0.0, Sum: 0.1]
      [GC Worker Total (ms): Min: 0.6, Avg: 0.6, Max: 0.7, Diff: 0.1, Sum: 3.9]
      [GC Worker End (ms): Min: 36079.6, Avg: 36079.6, Max: 36079.6, Diff: 0.0]
   [Code Root Fixup: 0.0 ms]
   [Code Root Purge: 0.0 ms]
   [Clear CT: 0.1 ms]
   [Other: 0.5 ms]
      [Choose CSet: 0.0 ms]
      [Ref Proc: 0.1 ms]
      [Ref Enq: 0.0 ms]
      [Redirty Cards: 0.1 ms]
      [Humongous Register: 0.0 ms]
      [Humongous Reclaim: 0.0 ms]
      [Free CSet: 0.2 ms]
   [Eden: 417.0M(417.0M)->0.0B(417.0M) Survivors: 3072.0K->3072.0K Heap: 479.0M(700.0M)->63209.5K(700.0M)]
 [Times: user=0.00 sys=0.00, real=0.00 secs] 
2024-10-10T17:52:22.478+0300: 36.080: Total time for which application threads were stopped: 0.0018004 seconds, Stopping threads took: 0.0002006 seconds
2024-10-10T17:52:26.886+0300: 40.488: Application time: 4.4080507 seconds
2024-10-10T17:52:26.886+0300: 40.489: [GC pause (G1 Evacuation Pause) (young), 0.0015290 secs]
   [Parallel Time: 0.8 ms, GC Workers: 6]
      [GC Worker Start (ms): Min: 40488.9, Avg: 40488.9, Max: 40488.9, Diff: 0.0]
      [Ext Root Scanning (ms): Min: 0.2, Avg: 0.3, Max: 0.3, Diff: 0.0, Sum: 1.5]
      [Update RS (ms): Min: 0.0, Avg: 0.0, Max: 0.0, Diff: 0.0, Sum: 0.2]
         [Processed Buffers: Min: 0, Avg: 0.8, Max: 1, Diff: 1, Sum: 5]
      [Scan RS (ms): Min: 0.0, Avg: 0.1, Max: 0.1, Diff: 0.0, Sum: 0.4]
      [Code Root Scanning (ms): Min: 0.0, Avg: 0.0, Max: 0.1, Diff: 0.1, Sum: 0.1]
      [Object Copy (ms): Min: 0.1, Avg: 0.2, Max: 0.3, Diff: 0.2, Sum: 1.4]
      [Termination (ms): Min: 0.0, Avg: 0.0, Max: 0.0, Diff: 0.0, Sum: 0.2]
         [Termination Attempts: Min: 1, Avg: 1.0, Max: 1, Diff: 0, Sum: 6]
      [GC Worker Other (ms): Min: 0.0, Avg: 0.0, Max: 0.0, Diff: 0.0, Sum: 0.1]
      [GC Worker Total (ms): Min: 0.6, Avg: 0.7, Max: 0.7, Diff: 0.1, Sum: 3.9]
      [GC Worker End (ms): Min: 40489.5, Avg: 40489.5, Max: 40489.6, Diff: 0.0]
   [Code Root Fixup: 0.0 ms]
   [Code Root Purge: 0.0 ms]
   [Clear CT: 0.2 ms]
   [Other: 0.5 ms]
      [Choose CSet: 0.0 ms]
      [Ref Proc: 0.1 ms]
      [Ref Enq: 0.0 ms]
      [Redirty Cards: 0.1 ms]
      [Humongous Register: 0.0 ms]
      [Humongous Reclaim: 0.0 ms]
      [Free CSet: 0.2 ms]
   [Eden: 417.0M(417.0M)->0.0B(417.0M) Survivors: 3072.0K->3072.0K Heap: 478.7M(700.0M)->63455.3K(700.0M)]
 [Times: user=0.00 sys=0.00, real=0.00 secs] 
2024-10-10T17:52:26.886+0300: 40.490: Total time for which application threads were stopped: 0.0019549 seconds, Stopping threads took: 0.0001815 seconds
2024-10-10T17:52:31.271+0300: 44.873: Application time: 4.3830603 seconds
2024-10-10T17:52:31.271+0300: 44.874: [GC pause (G1 Evacuation Pause) (young), 0.0014805 secs]
   [Parallel Time: 0.8 ms, GC Workers: 6]
      [GC Worker Start (ms): Min: 44873.8, Avg: 44873.8, Max: 44873.8, Diff: 0.1]
      [Ext Root Scanning (ms): Min: 0.2, Avg: 0.2, Max: 0.3, Diff: 0.1, Sum: 1.4]
      [Update RS (ms): Min: 0.0, Avg: 0.0, Max: 0.0, Diff: 0.0, Sum: 0.1]
         [Processed Buffers: Min: 0, Avg: 0.8, Max: 1, Diff: 1, Sum: 5]
      [Scan RS (ms): Min: 0.0, Avg: 0.1, Max: 0.1, Diff: 0.1, Sum: 0.4]
      [Code Root Scanning (ms): Min: 0.0, Avg: 0.0, Max: 0.2, Diff: 0.2, Sum: 0.2]
      [Object Copy (ms): Min: 0.0, Avg: 0.3, Max: 0.4, Diff: 0.3, Sum: 1.5]
      [Termination (ms): Min: 0.0, Avg: 0.1, Max: 0.1, Diff: 0.1, Sum: 0.5]
         [Termination Attempts: Min: 1, Avg: 1.0, Max: 1, Diff: 0, Sum: 6]
      [GC Worker Other (ms): Min: 0.0, Avg: 0.0, Max: 0.0, Diff: 0.0, Sum: 0.1]
      [GC Worker Total (ms): Min: 0.7, Avg: 0.7, Max: 0.8, Diff: 0.1, Sum: 4.3]
      [GC Worker End (ms): Min: 44874.5, Avg: 44874.5, Max: 44874.5, Diff: 0.0]
   [Code Root Fixup: 0.0 ms]
   [Code Root Purge: 0.0 ms]
   [Clear CT: 0.1 ms]
   [Other: 0.5 ms]
      [Choose CSet: 0.0 ms]
      [Ref Proc: 0.1 ms]
      [Ref Enq: 0.0 ms]
      [Redirty Cards: 0.1 ms]
      [Humongous Register: 0.0 ms]
      [Humongous Reclaim: 0.0 ms]
      [Free CSet: 0.2 ms]
   [Eden: 417.0M(417.0M)->0.0B(416.0M) Survivors: 3072.0K->4096.0K Heap: 479.0M(700.0M)->63912.9K(700.0M)]
 [Times: user=0.00 sys=0.00, real=0.00 secs] 
2024-10-10T17:52:31.271+0300: 44.875: Total time for which application threads were stopped: 0.0017880 seconds, Stopping threads took: 0.0001189 seconds
2024-10-10T17:52:35.651+0300: 49.251: Application time: 4.3754452 seconds
2024-10-10T17:52:35.651+0300: 49.251: [GC pause (G1 Evacuation Pause) (young), 0.0014213 secs]
   [Parallel Time: 0.8 ms, GC Workers: 6]
      [GC Worker Start (ms): Min: 49251.0, Avg: 49251.1, Max: 49251.7, Diff: 0.7]
      [Ext Root Scanning (ms): Min: 0.0, Avg: 0.2, Max: 0.3, Diff: 0.3, Sum: 1.4]
      [Update RS (ms): Min: 0.0, Avg: 0.0, Max: 0.0, Diff: 0.0, Sum: 0.1]
         [Processed Buffers: Min: 0, Avg: 0.8, Max: 2, Diff: 2, Sum: 5]
      [Scan RS (ms): Min: 0.0, Avg: 0.1, Max: 0.1, Diff: 0.1, Sum: 0.4]
      [Code Root Scanning (ms): Min: 0.0, Avg: 0.0, Max: 0.1, Diff: 0.1, Sum: 0.1]
      [Object Copy (ms): Min: 0.0, Avg: 0.2, Max: 0.3, Diff: 0.3, Sum: 1.2]
      [Termination (ms): Min: 0.0, Avg: 0.0, Max: 0.1, Diff: 0.1, Sum: 0.2]
         [Termination Attempts: Min: 1, Avg: 1.0, Max: 1, Diff: 0, Sum: 6]
      [GC Worker Other (ms): Min: 0.0, Avg: 0.0, Max: 0.0, Diff: 0.0, Sum: 0.1]
      [GC Worker Total (ms): Min: 0.0, Avg: 0.6, Max: 0.7, Diff: 0.7, Sum: 3.6]
      [GC Worker End (ms): Min: 49251.7, Avg: 49251.7, Max: 49251.7, Diff: 0.0]
   [Code Root Fixup: 0.0 ms]
   [Code Root Purge: 0.0 ms]
   [Clear CT: 0.1 ms]
   [Other: 0.5 ms]
      [Choose CSet: 0.0 ms]
      [Ref Proc: 0.1 ms]
      [Ref Enq: 0.0 ms]
      [Redirty Cards: 0.1 ms]
      [Humongous Register: 0.0 ms]
      [Humongous Reclaim: 0.0 ms]
      [Free CSet: 0.2 ms]
   [Eden: 416.0M(416.0M)->0.0B(417.0M) Survivors: 4096.0K->3072.0K Heap: 478.4M(700.0M)->63600.6K(700.0M)]
 [Times: user=0.00 sys=0.00, real=0.00 secs] 
2024-10-10T17:52:35.651+0300: 49.253: Total time for which application threads were stopped: 0.0017665 seconds, Stopping threads took: 0.0001483 seconds
2024-10-10T17:52:39.668+0300: 53.267: Application time: 4.0144199 seconds
2024-10-10T17:52:39.668+0300: 53.267: Total time for which application threads were stopped: 0.0002979 seconds, Stopping threads took: 0.0002381 seconds
2024-10-10T17:52:40.029+0300: 53.636: Application time: 0.3690736 seconds
2024-10-10T17:52:40.029+0300: 53.637: [GC pause (G1 Evacuation Pause) (young), 0.0014716 secs]
   [Parallel Time: 0.7 ms, GC Workers: 6]
      [GC Worker Start (ms): Min: 53636.6, Avg: 53636.6, Max: 53636.7, Diff: 0.1]
      [Ext Root Scanning (ms): Min: 0.2, Avg: 0.3, Max: 0.3, Diff: 0.0, Sum: 1.5]
      [Update RS (ms): Min: 0.0, Avg: 0.0, Max: 0.1, Diff: 0.1, Sum: 0.2]
         [Processed Buffers: Min: 0, Avg: 0.8, Max: 2, Diff: 2, Sum: 5]
      [Scan RS (ms): Min: 0.0, Avg: 0.1, Max: 0.1, Diff: 0.1, Sum: 0.4]
      [Code Root Scanning (ms): Min: 0.0, Avg: 0.0, Max: 0.1, Diff: 0.1, Sum: 0.1]
      [Object Copy (ms): Min: 0.0, Avg: 0.2, Max: 0.3, Diff: 0.2, Sum: 1.1]
      [Termination (ms): Min: 0.0, Avg: 0.0, Max: 0.0, Diff: 0.0, Sum: 0.2]
         [Termination Attempts: Min: 1, Avg: 1.0, Max: 1, Diff: 0, Sum: 6]
      [GC Worker Other (ms): Min: 0.0, Avg: 0.0, Max: 0.0, Diff: 0.0, Sum: 0.1]
      [GC Worker Total (ms): Min: 0.6, Avg: 0.6, Max: 0.6, Diff: 0.0, Sum: 3.7]
      [GC Worker End (ms): Min: 53637.2, Avg: 53637.2, Max: 53637.2, Diff: 0.0]
   [Code Root Fixup: 0.0 ms]
   [Code Root Purge: 0.0 ms]
   [Clear CT: 0.2 ms]
   [Other: 0.6 ms]
      [Choose CSet: 0.0 ms]
      [Ref Proc: 0.1 ms]
      [Ref Enq: 0.0 ms]
      [Redirty Cards: 0.1 ms]
      [Humongous Register: 0.0 ms]
      [Humongous Reclaim: 0.0 ms]
      [Free CSet: 0.2 ms]
   [Eden: 417.0M(417.0M)->0.0B(417.0M) Survivors: 3072.0K->3072.0K Heap: 479.1M(700.0M)->63304.6K(700.0M)]
 [Times: user=0.00 sys=0.00, real=0.00 secs] 
2024-10-10T17:52:40.029+0300: 53.638: Total time for which application threads were stopped: 0.0018047 seconds, Stopping threads took: 0.0001432 seconds
2024-10-10T17:52:42.038+0300: 55.637: Application time: 1.9987242 seconds
2024-10-10T17:52:42.038+0300: 55.637: Total time for which application threads were stopped: 0.0002559 seconds, Stopping threads took: 0.0001950 seconds
2024-10-10T17:52:44.418+0300: 58.017: Application time: 2.3802115 seconds
2024-10-10T17:52:44.418+0300: 58.018: [GC pause (G1 Evacuation Pause) (young), 0.0019759 secs]
   [Parallel Time: 1.0 ms, GC Workers: 6]
      [GC Worker Start (ms): Min: 58017.7, Avg: 58017.8, Max: 58017.8, Diff: 0.1]
      [Ext Root Scanning (ms): Min: 0.2, Avg: 0.3, Max: 0.3, Diff: 0.1, Sum: 1.7]
      [Update RS (ms): Min: 0.0, Avg: 0.0, Max: 0.0, Diff: 0.0, Sum: 0.2]
         [Processed Buffers: Min: 0, Avg: 1.2, Max: 3, Diff: 3, Sum: 7]
      [Scan RS (ms): Min: 0.0, Avg: 0.1, Max: 0.1, Diff: 0.1, Sum: 0.5]
      [Code Root Scanning (ms): Min: 0.0, Avg: 0.0, Max: 0.2, Diff: 0.2, Sum: 0.2]
      [Object Copy (ms): Min: 0.2, Avg: 0.3, Max: 0.4, Diff: 0.2, Sum: 1.7]
      [Termination (ms): Min: 0.0, Avg: 0.1, Max: 0.1, Diff: 0.1, Sum: 0.3]
         [Termination Attempts: Min: 1, Avg: 1.0, Max: 1, Diff: 0, Sum: 6]
      [GC Worker Other (ms): Min: 0.0, Avg: 0.0, Max: 0.1, Diff: 0.1, Sum: 0.2]
      [GC Worker Total (ms): Min: 0.7, Avg: 0.8, Max: 0.8, Diff: 0.1, Sum: 4.8]
      [GC Worker End (ms): Min: 58018.5, Avg: 58018.6, Max: 58018.6, Diff: 0.1]
   [Code Root Fixup: 0.0 ms]
   [Code Root Purge: 0.0 ms]
   [Clear CT: 0.2 ms]
   [Other: 0.8 ms]
      [Choose CSet: 0.0 ms]
      [Ref Proc: 0.1 ms]
      [Ref Enq: 0.0 ms]
      [Redirty Cards: 0.1 ms]
      [Humongous Register: 0.0 ms]
      [Humongous Reclaim: 0.0 ms]
      [Free CSet: 0.4 ms]
   [Eden: 417.0M(417.0M)->0.0B(417.0M) Survivors: 3072.0K->3072.0K Heap: 478.8M(700.0M)->63483.7K(700.0M)]
 [Times: user=0.00 sys=0.00, real=0.00 secs] 
2024-10-10T17:52:44.418+0300: 58.020: Total time for which application threads were stopped: 0.0024993 seconds, Stopping threads took: 0.0002187 seconds
2024-10-10T17:52:48.831+0300: 62.443: Application time: 4.4227592 seconds
2024-10-10T17:52:48.831+0300: 62.443: [GC pause (G1 Evacuation Pause) (young), 0.0015323 secs]
   [Parallel Time: 0.8 ms, GC Workers: 6]
      [GC Worker Start (ms): Min: 62442.9, Avg: 62442.9, Max: 62442.9, Diff: 0.0]
      [Ext Root Scanning (ms): Min: 0.2, Avg: 0.2, Max: 0.3, Diff: 0.0, Sum: 1.5]
      [Update RS (ms): Min: 0.0, Avg: 0.0, Max: 0.0, Diff: 0.0, Sum: 0.1]
         [Processed Buffers: Min: 0, Avg: 0.8, Max: 1, Diff: 1, Sum: 5]
      [Scan RS (ms): Min: 0.0, Avg: 0.1, Max: 0.1, Diff: 0.0, Sum: 0.4]
      [Code Root Scanning (ms): Min: 0.0, Avg: 0.0, Max: 0.2, Diff: 0.2, Sum: 0.2]
      [Object Copy (ms): Min: 0.2, Avg: 0.3, Max: 0.3, Diff: 0.2, Sum: 1.5]
      [Termination (ms): Min: 0.0, Avg: 0.1, Max: 0.1, Diff: 0.1, Sum: 0.4]
         [Termination Attempts: Min: 1, Avg: 1.0, Max: 1, Diff: 0, Sum: 6]
      [GC Worker Other (ms): Min: 0.0, Avg: 0.0, Max: 0.0, Diff: 0.0, Sum: 0.1]
      [GC Worker Total (ms): Min: 0.7, Avg: 0.7, Max: 0.7, Diff: 0.1, Sum: 4.1]
      [GC Worker End (ms): Min: 62443.6, Avg: 62443.6, Max: 62443.6, Diff: 0.0]
   [Code Root Fixup: 0.0 ms]
   [Code Root Purge: 0.0 ms]
   [Clear CT: 0.2 ms]
   [Other: 0.5 ms]
      [Choose CSet: 0.0 ms]
      [Ref Proc: 0.1 ms]
      [Ref Enq: 0.0 ms]
      [Redirty Cards: 0.1 ms]
      [Humongous Register: 0.0 ms]
      [Humongous Reclaim: 0.0 ms]
      [Free CSet: 0.2 ms]
   [Eden: 417.0M(417.0M)->0.0B(416.0M) Survivors: 3072.0K->4096.0K Heap: 479.0M(700.0M)->63667.3K(700.0M)]
 [Times: user=0.00 sys=0.00, real=0.00 secs] 
2024-10-10T17:52:48.831+0300: 62.445: Total time for which application threads were stopped: 0.0019308 seconds, Stopping threads took: 0.0001461 seconds
2024-10-10T17:52:53.257+0300: 66.868: Application time: 4.4237565 seconds
2024-10-10T17:52:53.257+0300: 66.869: [GC pause (G1 Evacuation Pause) (young), 0.0017008 secs]
   [Parallel Time: 0.8 ms, GC Workers: 6]
      [GC Worker Start (ms): Min: 66868.6, Avg: 66868.7, Max: 66868.7, Diff: 0.1]
      [Ext Root Scanning (ms): Min: 0.2, Avg: 0.3, Max: 0.3, Diff: 0.1, Sum: 1.6]
      [Update RS (ms): Min: 0.0, Avg: 0.0, Max: 0.1, Diff: 0.1, Sum: 0.1]
         [Processed Buffers: Min: 0, Avg: 0.8, Max: 2, Diff: 2, Sum: 5]
      [Scan RS (ms): Min: 0.1, Avg: 0.1, Max: 0.1, Diff: 0.0, Sum: 0.4]
      [Code Root Scanning (ms): Min: 0.0, Avg: 0.0, Max: 0.1, Diff: 0.1, Sum: 0.2]
      [Object Copy (ms): Min: 0.2, Avg: 0.2, Max: 0.3, Diff: 0.1, Sum: 1.3]
      [Termination (ms): Min: 0.0, Avg: 0.1, Max: 0.2, Diff: 0.2, Sum: 0.6]
         [Termination Attempts: Min: 1, Avg: 1.0, Max: 1, Diff: 0, Sum: 6]
      [GC Worker Other (ms): Min: 0.0, Avg: 0.0, Max: 0.0, Diff: 0.0, Sum: 0.1]
      [GC Worker Total (ms): Min: 0.7, Avg: 0.7, Max: 0.8, Diff: 0.0, Sum: 4.4]
      [GC Worker End (ms): Min: 66869.4, Avg: 66869.4, Max: 66869.4, Diff: 0.0]
   [Code Root Fixup: 0.0 ms]
   [Code Root Purge: 0.0 ms]
   [Clear CT: 0.2 ms]
   [Other: 0.7 ms]
      [Choose CSet: 0.0 ms]
      [Ref Proc: 0.2 ms]
      [Ref Enq: 0.0 ms]
      [Redirty Cards: 0.1 ms]
      [Humongous Register: 0.0 ms]
      [Humongous Reclaim: 0.0 ms]
      [Free CSet: 0.3 ms]
   [Eden: 416.0M(416.0M)->0.0B(417.0M) Survivors: 4096.0K->3072.0K Heap: 478.2M(700.0M)->63669.0K(700.0M)]
 [Times: user=0.00 sys=0.00, real=0.00 secs] 
2024-10-10T17:52:53.257+0300: 66.871: Total time for which application threads were stopped: 0.0022704 seconds, Stopping threads took: 0.0002070 seconds
2024-10-10T17:52:58.106+0300: 71.719: Application time: 4.8485423 seconds
2024-10-10T17:52:58.106+0300: 71.719: [GC pause (G1 Evacuation Pause) (young), 0.0020515 secs]
   [Parallel Time: 1.2 ms, GC Workers: 6]
      [GC Worker Start (ms): Min: 71719.5, Avg: 71719.5, Max: 71719.5, Diff: 0.0]
      [Ext Root Scanning (ms): Min: 0.2, Avg: 0.3, Max: 0.3, Diff: 0.0, Sum: 1.5]
      [Update RS (ms): Min: 0.0, Avg: 0.0, Max: 0.1, Diff: 0.1, Sum: 0.3]
         [Processed Buffers: Min: 0, Avg: 1.2, Max: 4, Diff: 4, Sum: 7]
      [Scan RS (ms): Min: 0.0, Avg: 0.1, Max: 0.1, Diff: 0.1, Sum: 0.5]
      [Code Root Scanning (ms): Min: 0.0, Avg: 0.0, Max: 0.1, Diff: 0.1, Sum: 0.1]
      [Object Copy (ms): Min: 0.3, Avg: 0.5, Max: 0.6, Diff: 0.4, Sum: 2.9]
      [Termination (ms): Min: 0.0, Avg: 0.2, Max: 0.3, Diff: 0.3, Sum: 1.1]
         [Termination Attempts: Min: 1, Avg: 1.0, Max: 1, Diff: 0, Sum: 6]
      [GC Worker Other (ms): Min: 0.0, Avg: 0.0, Max: 0.0, Diff: 0.0, Sum: 0.1]
      [GC Worker Total (ms): Min: 1.0, Avg: 1.1, Max: 1.1, Diff: 0.0, Sum: 6.3]
      [GC Worker End (ms): Min: 71720.6, Avg: 71720.6, Max: 71720.6, Diff: 0.0]
   [Code Root Fixup: 0.0 ms]
   [Code Root Purge: 0.0 ms]
   [Clear CT: 0.2 ms]
   [Other: 0.7 ms]
      [Choose CSet: 0.0 ms]
      [Ref Proc: 0.1 ms]
      [Ref Enq: 0.0 ms]
      [Redirty Cards: 0.1 ms]
      [Humongous Register: 0.0 ms]
      [Humongous Reclaim: 0.0 ms]
      [Free CSet: 0.4 ms]
   [Eden: 417.0M(417.0M)->0.0B(417.0M) Survivors: 3072.0K->3072.0K Heap: 479.2M(700.0M)->63253.1K(700.0M)]
 [Times: user=0.00 sys=0.00, real=0.02 secs] 
2024-10-10T17:52:58.122+0300: 71.722: Total time for which application threads were stopped: 0.0025279 seconds, Stopping threads took: 0.0002750 seconds
2024-10-10T17:53:02.625+0300: 76.225: Application time: 4.5029534 seconds
2024-10-10T17:53:02.625+0300: 76.225: [GC pause (G1 Evacuation Pause) (young), 0.0018209 secs]
   [Parallel Time: 1.2 ms, GC Workers: 6]
      [GC Worker Start (ms): Min: 76224.9, Avg: 76224.9, Max: 76225.0, Diff: 0.1]
      [Ext Root Scanning (ms): Min: 0.2, Avg: 0.3, Max: 0.3, Diff: 0.1, Sum: 1.7]
      [Update RS (ms): Min: 0.0, Avg: 0.0, Max: 0.1, Diff: 0.1, Sum: 0.1]
         [Processed Buffers: Min: 0, Avg: 0.8, Max: 2, Diff: 2, Sum: 5]
      [Scan RS (ms): Min: 0.0, Avg: 0.1, Max: 0.1, Diff: 0.1, Sum: 0.5]
      [Code Root Scanning (ms): Min: 0.0, Avg: 0.0, Max: 0.0, Diff: 0.0, Sum: 0.0]
      [Object Copy (ms): Min: 0.4, Avg: 0.5, Max: 0.7, Diff: 0.3, Sum: 3.2]
      [Termination (ms): Min: 0.0, Avg: 0.1, Max: 0.2, Diff: 0.2, Sum: 0.9]
         [Termination Attempts: Min: 1, Avg: 1.0, Max: 1, Diff: 0, Sum: 6]
      [GC Worker Other (ms): Min: 0.0, Avg: 0.0, Max: 0.0, Diff: 0.0, Sum: 0.1]
      [GC Worker Total (ms): Min: 1.0, Avg: 1.1, Max: 1.1, Diff: 0.1, Sum: 6.5]
      [GC Worker End (ms): Min: 76226.0, Avg: 76226.0, Max: 76226.0, Diff: 0.0]
   [Code Root Fixup: 0.0 ms]
   [Code Root Purge: 0.0 ms]
   [Clear CT: 0.2 ms]
   [Other: 0.5 ms]
      [Choose CSet: 0.0 ms]
      [Ref Proc: 0.1 ms]
      [Ref Enq: 0.0 ms]
      [Redirty Cards: 0.1 ms]
      [Humongous Register: 0.0 ms]
      [Humongous Reclaim: 0.0 ms]
      [Free CSet: 0.2 ms]
   [Eden: 417.0M(417.0M)->0.0B(418.0M) Survivors: 3072.0K->2048.0K Heap: 478.8M(700.0M)->62366.8K(700.0M)]
 [Times: user=0.00 sys=0.00, real=0.00 secs] 
2024-10-10T17:53:02.625+0300: 76.227: Total time for which application threads were stopped: 0.0022014 seconds, Stopping threads took: 0.0001944 seconds
2024-10-10T17:53:07.036+0300: 80.635: Application time: 4.4086514 seconds
2024-10-10T17:53:07.036+0300: 80.636: [GC pause (G1 Evacuation Pause) (young), 0.0020025 secs]
   [Parallel Time: 1.3 ms, GC Workers: 6]
      [GC Worker Start (ms): Min: 80635.8, Avg: 80635.8, Max: 80635.8, Diff: 0.1]
      [Ext Root Scanning (ms): Min: 0.2, Avg: 0.3, Max: 0.3, Diff: 0.1, Sum: 1.6]
      [Update RS (ms): Min: 0.0, Avg: 0.0, Max: 0.0, Diff: 0.0, Sum: 0.1]
         [Processed Buffers: Min: 0, Avg: 0.7, Max: 2, Diff: 2, Sum: 4]
      [Scan RS (ms): Min: 0.0, Avg: 0.1, Max: 0.1, Diff: 0.1, Sum: 0.5]
      [Code Root Scanning (ms): Min: 0.0, Avg: 0.0, Max: 0.0, Diff: 0.0, Sum: 0.0]
      [Object Copy (ms): Min: 0.6, Avg: 0.7, Max: 0.9, Diff: 0.3, Sum: 4.0]
      [Termination (ms): Min: 0.0, Avg: 0.1, Max: 0.2, Diff: 0.2, Sum: 0.8]
         [Termination Attempts: Min: 1, Avg: 1.0, Max: 1, Diff: 0, Sum: 6]
      [GC Worker Other (ms): Min: 0.0, Avg: 0.0, Max: 0.0, Diff: 0.0, Sum: 0.1]
      [GC Worker Total (ms): Min: 1.2, Avg: 1.2, Max: 1.2, Diff: 0.0, Sum: 7.0]
      [GC Worker End (ms): Min: 80637.0, Avg: 80637.0, Max: 80637.0, Diff: 0.0]
   [Code Root Fixup: 0.0 ms]
   [Code Root Purge: 0.0 ms]
   [Clear CT: 0.2 ms]
   [Other: 0.5 ms]
      [Choose CSet: 0.0 ms]
      [Ref Proc: 0.1 ms]
      [Ref Enq: 0.0 ms]
      [Redirty Cards: 0.1 ms]
      [Humongous Register: 0.0 ms]
      [Humongous Reclaim: 0.0 ms]
      [Free CSet: 0.2 ms]
   [Eden: 418.0M(418.0M)->0.0B(417.0M) Survivors: 2048.0K->3072.0K Heap: 478.9M(700.0M)->63272.1K(700.0M)]
 [Times: user=0.00 sys=0.00, real=0.00 secs] 
2024-10-10T17:53:07.036+0300: 80.638: Total time for which application threads were stopped: 0.0024364 seconds, Stopping threads took: 0.0001687 seconds
2024-10-10T17:53:11.478+0300: 85.084: Application time: 4.4457855 seconds
2024-10-10T17:53:11.478+0300: 85.084: [GC pause (G1 Evacuation Pause) (young), 0.0015165 secs]
   [Parallel Time: 0.8 ms, GC Workers: 6]
      [GC Worker Start (ms): Min: 85084.1, Avg: 85084.1, Max: 85084.2, Diff: 0.1]
      [Ext Root Scanning (ms): Min: 0.2, Avg: 0.3, Max: 0.3, Diff: 0.1, Sum: 1.6]
      [Update RS (ms): Min: 0.0, Avg: 0.0, Max: 0.0, Diff: 0.0, Sum: 0.1]
         [Processed Buffers: Min: 0, Avg: 0.7, Max: 1, Diff: 1, Sum: 4]
      [Scan RS (ms): Min: 0.0, Avg: 0.1, Max: 0.1, Diff: 0.1, Sum: 0.5]
      [Code Root Scanning (ms): Min: 0.0, Avg: 0.0, Max: 0.0, Diff: 0.0, Sum: 0.0]
      [Object Copy (ms): Min: 0.2, Avg: 0.2, Max: 0.3, Diff: 0.1, Sum: 1.4]
      [Termination (ms): Min: 0.0, Avg: 0.0, Max: 0.1, Diff: 0.1, Sum: 0.2]
         [Termination Attempts: Min: 1, Avg: 1.0, Max: 1, Diff: 0, Sum: 6]
      [GC Worker Other (ms): Min: 0.0, Avg: 0.0, Max: 0.1, Diff: 0.0, Sum: 0.2]
      [GC Worker Total (ms): Min: 0.6, Avg: 0.7, Max: 0.7, Diff: 0.1, Sum: 4.0]
      [GC Worker End (ms): Min: 85084.8, Avg: 85084.8, Max: 85084.8, Diff: 0.0]
   [Code Root Fixup: 0.0 ms]
   [Code Root Purge: 0.0 ms]
   [Clear CT: 0.1 ms]
   [Other: 0.6 ms]
      [Choose CSet: 0.0 ms]
      [Ref Proc: 0.1 ms]
      [Ref Enq: 0.0 ms]
      [Redirty Cards: 0.1 ms]
      [Humongous Register: 0.1 ms]
      [Humongous Reclaim: 0.0 ms]
      [Free CSet: 0.2 ms]
   [Eden: 417.0M(417.0M)->0.0B(417.0M) Survivors: 3072.0K->3072.0K Heap: 478.8M(700.0M)->63446.9K(700.0M)]
 [Times: user=0.00 sys=0.00, real=0.00 secs] 
2024-10-10T17:53:11.478+0300: 85.086: Total time for which application threads were stopped: 0.0019327 seconds, Stopping threads took: 0.0001975 seconds
2024-10-10T17:53:15.919+0300: 89.520: Application time: 4.4341612 seconds
2024-10-10T17:53:15.919+0300: 89.520: [GC pause (G1 Evacuation Pause) (young), 0.0013709 secs]
   [Parallel Time: 0.7 ms, GC Workers: 6]
      [GC Worker Start (ms): Min: 89520.1, Avg: 89520.1, Max: 89520.1, Diff: 0.0]
      [Ext Root Scanning (ms): Min: 0.2, Avg: 0.2, Max: 0.3, Diff: 0.0, Sum: 1.5]
      [Update RS (ms): Min: 0.0, Avg: 0.0, Max: 0.0, Diff: 0.0, Sum: 0.1]
         [Processed Buffers: Min: 1, Avg: 1.3, Max: 2, Diff: 1, Sum: 8]
      [Scan RS (ms): Min: 0.1, Avg: 0.1, Max: 0.1, Diff: 0.0, Sum: 0.4]
      [Code Root Scanning (ms): Min: 0.0, Avg: 0.0, Max: 0.0, Diff: 0.0, Sum: 0.0]
      [Object Copy (ms): Min: 0.2, Avg: 0.2, Max: 0.2, Diff: 0.0, Sum: 1.1]
      [Termination (ms): Min: 0.0, Avg: 0.0, Max: 0.0, Diff: 0.0, Sum: 0.1]
         [Termination Attempts: Min: 1, Avg: 1.0, Max: 1, Diff: 0, Sum: 6]
      [GC Worker Other (ms): Min: 0.0, Avg: 0.0, Max: 0.0, Diff: 0.0, Sum: 0.1]
      [GC Worker Total (ms): Min: 0.5, Avg: 0.5, Max: 0.6, Diff: 0.0, Sum: 3.3]
      [GC Worker End (ms): Min: 89520.6, Avg: 89520.6, Max: 89520.7, Diff: 0.0]
   [Code Root Fixup: 0.0 ms]
   [Code Root Purge: 0.0 ms]
   [Clear CT: 0.2 ms]
   [Other: 0.5 ms]
      [Choose CSet: 0.0 ms]
      [Ref Proc: 0.1 ms]
      [Ref Enq: 0.0 ms]
      [Redirty Cards: 0.1 ms]
      [Humongous Register: 0.0 ms]
      [Humongous Reclaim: 0.0 ms]
      [Free CSet: 0.2 ms]
   [Eden: 417.0M(417.0M)->0.0B(418.0M) Survivors: 3072.0K->2048.0K Heap: 479.0M(700.0M)->62981.5K(700.0M)]
 [Times: user=0.00 sys=0.00, real=0.00 secs] 
2024-10-10T17:53:15.919+0300: 89.522: Total time for which application threads were stopped: 0.0018213 seconds, Stopping threads took: 0.0001785 seconds
2024-10-10T17:53:20.362+0300: 93.974: Application time: 4.4524396 seconds
2024-10-10T17:53:20.362+0300: 93.974: [GC pause (G1 Evacuation Pause) (young), 0.0014599 secs]
   [Parallel Time: 0.8 ms, GC Workers: 6]
      [GC Worker Start (ms): Min: 93974.4, Avg: 93974.5, Max: 93974.5, Diff: 0.1]
      [Ext Root Scanning (ms): Min: 0.3, Avg: 0.3, Max: 0.3, Diff: 0.1, Sum: 1.9]
      [Update RS (ms): Min: 0.0, Avg: 0.1, Max: 0.3, Diff: 0.3, Sum: 0.4]
         [Processed Buffers: Min: 0, Avg: 1.0, Max: 2, Diff: 2, Sum: 6]
      [Scan RS (ms): Min: 0.0, Avg: 0.1, Max: 0.1, Diff: 0.1, Sum: 0.4]
      [Code Root Scanning (ms): Min: 0.0, Avg: 0.0, Max: 0.0, Diff: 0.0, Sum: 0.0]
      [Object Copy (ms): Min: 0.0, Avg: 0.1, Max: 0.2, Diff: 0.2, Sum: 0.9]
      [Termination (ms): Min: 0.0, Avg: 0.0, Max: 0.0, Diff: 0.0, Sum: 0.1]
         [Termination Attempts: Min: 1, Avg: 1.0, Max: 1, Diff: 0, Sum: 6]
      [GC Worker Other (ms): Min: 0.0, Avg: 0.0, Max: 0.0, Diff: 0.0, Sum: 0.1]
      [GC Worker Total (ms): Min: 0.6, Avg: 0.6, Max: 0.7, Diff: 0.1, Sum: 3.8]
      [GC Worker End (ms): Min: 93975.1, Avg: 93975.1, Max: 93975.1, Diff: 0.0]
   [Code Root Fixup: 0.0 ms]
   [Code Root Purge: 0.0 ms]
   [Clear CT: 0.2 ms]
   [Other: 0.5 ms]
      [Choose CSet: 0.0 ms]
      [Ref Proc: 0.1 ms]
      [Ref Enq: 0.0 ms]
      [Redirty Cards: 0.1 ms]
      [Humongous Register: 0.1 ms]
      [Humongous Reclaim: 0.0 ms]
      [Free CSet: 0.2 ms]
   [Eden: 418.0M(418.0M)->0.0B(418.0M) Survivors: 2048.0K->2048.0K Heap: 479.5M(700.0M)->63011.9K(700.0M)]
 [Times: user=0.00 sys=0.00, real=0.00 secs] 
2024-10-10T17:53:20.362+0300: 93.976: Total time for which application threads were stopped: 0.0018361 seconds, Stopping threads took: 0.0001734 seconds
2024-10-10T17:53:24.741+0300: 98.347: Application time: 4.3715063 seconds
2024-10-10T17:53:24.741+0300: 98.348: [GC pause (G1 Evacuation Pause) (young), 0.0015439 secs]
   [Parallel Time: 0.8 ms, GC Workers: 6]
      [GC Worker Start (ms): Min: 98347.7, Avg: 98347.7, Max: 98347.7, Diff: 0.0]
      [Ext Root Scanning (ms): Min: 0.2, Avg: 0.2, Max: 0.3, Diff: 0.0, Sum: 1.4]
      [Update RS (ms): Min: 0.0, Avg: 0.0, Max: 0.0, Diff: 0.0, Sum: 0.1]
         [Processed Buffers: Min: 0, Avg: 1.0, Max: 2, Diff: 2, Sum: 6]
      [Scan RS (ms): Min: 0.0, Avg: 0.1, Max: 0.1, Diff: 0.0, Sum: 0.4]
      [Code Root Scanning (ms): Min: 0.0, Avg: 0.0, Max: 0.0, Diff: 0.0, Sum: 0.0]
      [Object Copy (ms): Min: 0.1, Avg: 0.2, Max: 0.4, Diff: 0.2, Sum: 1.3]
      [Termination (ms): Min: 0.0, Avg: 0.2, Max: 0.2, Diff: 0.2, Sum: 1.1]
         [Termination Attempts: Min: 1, Avg: 1.0, Max: 1, Diff: 0, Sum: 6]
      [GC Worker Other (ms): Min: 0.0, Avg: 0.0, Max: 0.0, Diff: 0.0, Sum: 0.1]
      [GC Worker Total (ms): Min: 0.7, Avg: 0.7, Max: 0.8, Diff: 0.0, Sum: 4.4]
      [GC Worker End (ms): Min: 98348.4, Avg: 98348.4, Max: 98348.4, Diff: 0.0]
   [Code Root Fixup: 0.0 ms]
   [Code Root Purge: 0.0 ms]
   [Clear CT: 0.2 ms]
   [Other: 0.6 ms]
      [Choose CSet: 0.0 ms]
      [Ref Proc: 0.1 ms]
      [Ref Enq: 0.0 ms]
      [Redirty Cards: 0.1 ms]
      [Humongous Register: 0.0 ms]
      [Humongous Reclaim: 0.0 ms]
      [Free CSet: 0.2 ms]
   [Eden: 418.0M(418.0M)->0.0B(417.0M) Survivors: 2048.0K->3072.0K Heap: 479.5M(700.0M)->63454.8K(700.0M)]
 [Times: user=0.00 sys=0.00, real=0.00 secs] 
2024-10-10T17:53:24.741+0300: 98.349: Total time for which application threads were stopped: 0.0018740 seconds, Stopping threads took: 0.0001360 seconds
2024-10-10T17:53:25.745+0300: 99.344: Application time: 0.9945877 seconds
2024-10-10T17:53:25.745+0300: 99.344: Total time for which application threads were stopped: 0.0002919 seconds, Stopping threads took: 0.0002382 seconds
2024-10-10T17:53:29.168+0300: 102.781: Application time: 3.4366281 seconds
2024-10-10T17:53:29.168+0300: 102.781: [GC pause (G1 Evacuation Pause) (young), 0.0014171 secs]
   [Parallel Time: 0.7 ms, GC Workers: 6]
      [GC Worker Start (ms): Min: 102781.0, Avg: 102781.1, Max: 102781.1, Diff: 0.1]
      [Ext Root Scanning (ms): Min: 0.2, Avg: 0.2, Max: 0.3, Diff: 0.0, Sum: 1.5]
      [Update RS (ms): Min: 0.0, Avg: 0.0, Max: 0.1, Diff: 0.1, Sum: 0.1]
         [Processed Buffers: Min: 0, Avg: 1.0, Max: 5, Diff: 5, Sum: 6]
      [Scan RS (ms): Min: 0.0, Avg: 0.1, Max: 0.1, Diff: 0.0, Sum: 0.4]
      [Code Root Scanning (ms): Min: 0.0, Avg: 0.0, Max: 0.0, Diff: 0.0, Sum: 0.0]
      [Object Copy (ms): Min: 0.1, Avg: 0.2, Max: 0.2, Diff: 0.1, Sum: 1.2]
      [Termination (ms): Min: 0.0, Avg: 0.0, Max: 0.0, Diff: 0.0, Sum: 0.1]
         [Termination Attempts: Min: 1, Avg: 1.2, Max: 2, Diff: 1, Sum: 7]
      [GC Worker Other (ms): Min: 0.0, Avg: 0.0, Max: 0.0, Diff: 0.0, Sum: 0.1]
      [GC Worker Total (ms): Min: 0.5, Avg: 0.6, Max: 0.6, Diff: 0.1, Sum: 3.3]
      [GC Worker End (ms): Min: 102781.6, Avg: 102781.6, Max: 102781.6, Diff: 0.0]
   [Code Root Fixup: 0.0 ms]
   [Code Root Purge: 0.0 ms]
   [Clear CT: 0.2 ms]
   [Other: 0.6 ms]
      [Choose CSet: 0.0 ms]
      [Ref Proc: 0.1 ms]
      [Ref Enq: 0.0 ms]
      [Redirty Cards: 0.1 ms]
      [Humongous Register: 0.0 ms]
      [Humongous Reclaim: 0.0 ms]
      [Free CSet: 0.2 ms]
   [Eden: 417.0M(417.0M)->0.0B(417.0M) Survivors: 3072.0K->3072.0K Heap: 479.0M(700.0M)->63670.0K(700.0M)]
 [Times: user=0.00 sys=0.00, real=0.00 secs] 
2024-10-10T17:53:29.168+0300: 102.782: Total time for which application threads were stopped: 0.0017366 seconds, Stopping threads took: 0.0001110 seconds
2024-10-10T17:53:33.578+0300: 107.188: Application time: 4.4055128 seconds
2024-10-10T17:53:33.578+0300: 107.188: [GC pause (G1 Evacuation Pause) (young), 0.0013584 secs]
   [Parallel Time: 0.7 ms, GC Workers: 6]
      [GC Worker Start (ms): Min: 107188.3, Avg: 107188.3, Max: 107188.3, Diff: 0.1]
      [Ext Root Scanning (ms): Min: 0.2, Avg: 0.2, Max: 0.3, Diff: 0.0, Sum: 1.4]
      [Update RS (ms): Min: 0.0, Avg: 0.0, Max: 0.0, Diff: 0.0, Sum: 0.1]
         [Processed Buffers: Min: 0, Avg: 0.8, Max: 2, Diff: 2, Sum: 5]
      [Scan RS (ms): Min: 0.0, Avg: 0.1, Max: 0.1, Diff: 0.1, Sum: 0.4]
      [Code Root Scanning (ms): Min: 0.0, Avg: 0.0, Max: 0.0, Diff: 0.0, Sum: 0.0]
      [Object Copy (ms): Min: 0.2, Avg: 0.2, Max: 0.3, Diff: 0.2, Sum: 1.3]
      [Termination (ms): Min: 0.0, Avg: 0.0, Max: 0.1, Diff: 0.1, Sum: 0.2]
         [Termination Attempts: Min: 1, Avg: 1.3, Max: 2, Diff: 1, Sum: 8]
      [GC Worker Other (ms): Min: 0.0, Avg: 0.0, Max: 0.0, Diff: 0.0, Sum: 0.1]
      [GC Worker Total (ms): Min: 0.6, Avg: 0.6, Max: 0.6, Diff: 0.1, Sum: 3.6]
      [GC Worker End (ms): Min: 107188.9, Avg: 107188.9, Max: 107188.9, Diff: 0.0]
   [Code Root Fixup: 0.0 ms]
   [Code Root Purge: 0.0 ms]
   [Clear CT: 0.1 ms]
   [Other: 0.5 ms]
      [Choose CSet: 0.0 ms]
      [Ref Proc: 0.1 ms]
      [Ref Enq: 0.0 ms]
      [Redirty Cards: 0.1 ms]
      [Humongous Register: 0.0 ms]
      [Humongous Reclaim: 0.0 ms]
      [Free CSet: 0.2 ms]
   [Eden: 417.0M(417.0M)->0.0B(417.0M) Survivors: 3072.0K->3072.0K Heap: 479.2M(700.0M)->63920.3K(700.0M)]
 [Times: user=0.00 sys=0.00, real=0.00 secs] 
2024-10-10T17:53:33.578+0300: 107.190: Total time for which application threads were stopped: 0.0016864 seconds, Stopping threads took: 0.0001382 seconds
2024-10-10T17:53:38.006+0300: 111.612: Application time: 4.4218378 seconds
2024-10-10T17:53:38.006+0300: 111.612: [GC pause (G1 Evacuation Pause) (young), 0.0014916 secs]
   [Parallel Time: 0.6 ms, GC Workers: 6]
      [GC Worker Start (ms): Min: 111611.9, Avg: 111611.9, Max: 111611.9, Diff: 0.0]
      [Ext Root Scanning (ms): Min: 0.2, Avg: 0.2, Max: 0.3, Diff: 0.0, Sum: 1.5]
      [Update RS (ms): Min: 0.0, Avg: 0.0, Max: 0.0, Diff: 0.0, Sum: 0.1]
         [Processed Buffers: Min: 0, Avg: 0.8, Max: 2, Diff: 2, Sum: 5]
      [Scan RS (ms): Min: 0.0, Avg: 0.1, Max: 0.1, Diff: 0.0, Sum: 0.4]
      [Code Root Scanning (ms): Min: 0.0, Avg: 0.0, Max: 0.0, Diff: 0.0, Sum: 0.0]
      [Object Copy (ms): Min: 0.1, Avg: 0.2, Max: 0.2, Diff: 0.1, Sum: 1.0]
      [Termination (ms): Min: 0.0, Avg: 0.0, Max: 0.1, Diff: 0.1, Sum: 0.2]
         [Termination Attempts: Min: 1, Avg: 1.0, Max: 1, Diff: 0, Sum: 6]
      [GC Worker Other (ms): Min: 0.0, Avg: 0.0, Max: 0.0, Diff: 0.0, Sum: 0.2]
      [GC Worker Total (ms): Min: 0.5, Avg: 0.6, Max: 0.6, Diff: 0.1, Sum: 3.3]
      [GC Worker End (ms): Min: 111612.5, Avg: 111612.5, Max: 111612.5, Diff: 0.0]
   [Code Root Fixup: 0.0 ms]
   [Code Root Purge: 0.0 ms]
   [Clear CT: 0.2 ms]
   [Other: 0.7 ms]
      [Choose CSet: 0.0 ms]
      [Ref Proc: 0.1 ms]
      [Ref Enq: 0.0 ms]
      [Redirty Cards: 0.1 ms]
      [Humongous Register: 0.1 ms]
      [Humongous Reclaim: 0.0 ms]
      [Free CSet: 0.2 ms]
   [Eden: 417.0M(417.0M)->0.0B(417.0M) Survivors: 3072.0K->3072.0K Heap: 479.4M(700.0M)->63467.9K(700.0M)]
 [Times: user=0.00 sys=0.00, real=0.00 secs] 
2024-10-10T17:53:38.006+0300: 111.613: Total time for which application threads were stopped: 0.0018814 seconds, Stopping threads took: 0.0001715 seconds
2024-10-10T17:53:42.430+0300: 116.037: Application time: 4.4232960 seconds
2024-10-10T17:53:42.430+0300: 116.037: [GC pause (G1 Evacuation Pause) (young), 0.0013192 secs]
   [Parallel Time: 0.7 ms, GC Workers: 6]
      [GC Worker Start (ms): Min: 116037.0, Avg: 116037.1, Max: 116037.1, Diff: 0.1]
      [Ext Root Scanning (ms): Min: 0.2, Avg: 0.3, Max: 0.4, Diff: 0.2, Sum: 1.7]
      [Update RS (ms): Min: 0.0, Avg: 0.0, Max: 0.0, Diff: 0.0, Sum: 0.1]
         [Processed Buffers: Min: 0, Avg: 0.8, Max: 2, Diff: 2, Sum: 5]
      [Scan RS (ms): Min: 0.0, Avg: 0.1, Max: 0.1, Diff: 0.1, Sum: 0.4]
      [Code Root Scanning (ms): Min: 0.0, Avg: 0.0, Max: 0.0, Diff: 0.0, Sum: 0.0]
      [Object Copy (ms): Min: 0.1, Avg: 0.2, Max: 0.2, Diff: 0.1, Sum: 1.1]
      [Termination (ms): Min: 0.0, Avg: 0.0, Max: 0.0, Diff: 0.0, Sum: 0.2]
         [Termination Attempts: Min: 1, Avg: 2.0, Max: 4, Diff: 3, Sum: 12]
      [GC Worker Other (ms): Min: 0.0, Avg: 0.0, Max: 0.0, Diff: 0.0, Sum: 0.1]
      [GC Worker Total (ms): Min: 0.6, Avg: 0.6, Max: 0.6, Diff: 0.1, Sum: 3.5]
      [GC Worker End (ms): Min: 116037.7, Avg: 116037.7, Max: 116037.7, Diff: 0.0]
   [Code Root Fixup: 0.0 ms]
   [Code Root Purge: 0.0 ms]
   [Clear CT: 0.1 ms]
   [Other: 0.5 ms]
      [Choose CSet: 0.0 ms]
      [Ref Proc: 0.1 ms]
      [Ref Enq: 0.0 ms]
      [Redirty Cards: 0.1 ms]
      [Humongous Register: 0.0 ms]
      [Humongous Reclaim: 0.0 ms]
      [Free CSet: 0.2 ms]
   [Eden: 417.0M(417.0M)->0.0B(418.0M) Survivors: 3072.0K->2048.0K Heap: 479.0M(700.0M)->63028.1K(700.0M)]
 [Times: user=0.00 sys=0.00, real=0.00 secs] 
2024-10-10T17:53:42.430+0300: 116.038: Total time for which application threads were stopped: 0.0016941 seconds, Stopping threads took: 0.0001969 seconds
2024-10-10T17:53:46.810+0300: 120.424: Application time: 4.3853301 seconds
2024-10-10T17:53:46.810+0300: 120.424: [GC pause (G1 Evacuation Pause) (young), 0.0015627 secs]
   [Parallel Time: 0.6 ms, GC Workers: 6]
      [GC Worker Start (ms): Min: 120424.0, Avg: 120424.1, Max: 120424.5, Diff: 0.5]
      [Ext Root Scanning (ms): Min: 0.0, Avg: 0.2, Max: 0.3, Diff: 0.3, Sum: 1.3]
      [Update RS (ms): Min: 0.0, Avg: 0.0, Max: 0.0, Diff: 0.0, Sum: 0.1]
         [Processed Buffers: Min: 0, Avg: 1.3, Max: 3, Diff: 3, Sum: 8]
      [Scan RS (ms): Min: 0.0, Avg: 0.1, Max: 0.1, Diff: 0.1, Sum: 0.4]
      [Code Root Scanning (ms): Min: 0.0, Avg: 0.0, Max: 0.0, Diff: 0.0, Sum: 0.0]
      [Object Copy (ms): Min: 0.1, Avg: 0.2, Max: 0.3, Diff: 0.2, Sum: 1.0]
      [Termination (ms): Min: 0.0, Avg: 0.0, Max: 0.1, Diff: 0.1, Sum: 0.2]
         [Termination Attempts: Min: 1, Avg: 1.0, Max: 1, Diff: 0, Sum: 6]
      [GC Worker Other (ms): Min: 0.0, Avg: 0.0, Max: 0.0, Diff: 0.0, Sum: 0.1]
      [GC Worker Total (ms): Min: 0.1, Avg: 0.5, Max: 0.6, Diff: 0.5, Sum: 3.0]
      [GC Worker End (ms): Min: 120424.6, Avg: 120424.6, Max: 120424.6, Diff: 0.0]
   [Code Root Fixup: 0.0 ms]
   [Code Root Purge: 0.0 ms]
   [Clear CT: 0.2 ms]
   [Other: 0.7 ms]
      [Choose CSet: 0.0 ms]
      [Ref Proc: 0.2 ms]
      [Ref Enq: 0.0 ms]
      [Redirty Cards: 0.1 ms]
      [Humongous Register: 0.0 ms]
      [Humongous Reclaim: 0.0 ms]
      [Free CSet: 0.2 ms]
   [Eden: 418.0M(418.0M)->0.0B(417.0M) Survivors: 2048.0K->3072.0K Heap: 479.6M(700.0M)->63667.7K(700.0M)]
 [Times: user=0.00 sys=0.00, real=0.02 secs] 
2024-10-10T17:53:46.826+0300: 120.426: Total time for which application threads were stopped: 0.0018649 seconds, Stopping threads took: 0.0000967 seconds
2024-10-10T17:53:51.267+0300: 124.876: Application time: 4.4507099 seconds
2024-10-10T17:53:51.267+0300: 124.877: [GC pause (G1 Evacuation Pause) (young), 0.0011975 secs]
   [Parallel Time: 0.6 ms, GC Workers: 6]
      [GC Worker Start (ms): Min: 124876.6, Avg: 124876.7, Max: 124876.8, Diff: 0.2]
      [Ext Root Scanning (ms): Min: 0.1, Avg: 0.2, Max: 0.3, Diff: 0.2, Sum: 1.3]
      [Update RS (ms): Min: 0.0, Avg: 0.0, Max: 0.0, Diff: 0.0, Sum: 0.1]
         [Processed Buffers: Min: 0, Avg: 1.2, Max: 3, Diff: 3, Sum: 7]
      [Scan RS (ms): Min: 0.1, Avg: 0.1, Max: 0.1, Diff: 0.0, Sum: 0.4]
      [Code Root Scanning (ms): Min: 0.0, Avg: 0.0, Max: 0.0, Diff: 0.0, Sum: 0.0]
      [Object Copy (ms): Min: 0.1, Avg: 0.1, Max: 0.1, Diff: 0.1, Sum: 0.6]
      [Termination (ms): Min: 0.0, Avg: 0.0, Max: 0.1, Diff: 0.1, Sum: 0.2]
         [Termination Attempts: Min: 1, Avg: 1.0, Max: 1, Diff: 0, Sum: 6]
      [GC Worker Other (ms): Min: 0.0, Avg: 0.0, Max: 0.0, Diff: 0.0, Sum: 0.1]
      [GC Worker Total (ms): Min: 0.3, Avg: 0.5, Max: 0.5, Diff: 0.2, Sum: 2.8]
      [GC Worker End (ms): Min: 124877.1, Avg: 124877.2, Max: 124877.2, Diff: 0.0]
   [Code Root Fixup: 0.0 ms]
   [Code Root Purge: 0.0 ms]
   [Clear CT: 0.1 ms]
   [Other: 0.5 ms]
      [Choose CSet: 0.0 ms]
      [Ref Proc: 0.1 ms]
      [Ref Enq: 0.0 ms]
      [Redirty Cards: 0.1 ms]
      [Humongous Register: 0.0 ms]
      [Humongous Reclaim: 0.0 ms]
      [Free CSet: 0.2 ms]
   [Eden: 417.0M(417.0M)->0.0B(418.0M) Survivors: 3072.0K->2048.0K Heap: 479.2M(700.0M)->62885.6K(700.0M)]
 [Times: user=0.00 sys=0.00, real=0.00 secs] 
2024-10-10T17:53:51.267+0300: 124.878: Total time for which application threads were stopped: 0.0015466 seconds, Stopping threads took: 0.0001694 seconds
2024-10-10T17:53:55.677+0300: 129.287: Application time: 4.4090376 seconds
2024-10-10T17:53:55.677+0300: 129.287: [GC pause (G1 Evacuation Pause) (young), 0.0013657 secs]
   [Parallel Time: 0.7 ms, GC Workers: 6]
      [GC Worker Start (ms): Min: 129287.3, Avg: 129287.4, Max: 129287.6, Diff: 0.3]
      [Ext Root Scanning (ms): Min: 0.0, Avg: 0.2, Max: 0.3, Diff: 0.3, Sum: 1.4]
      [Update RS (ms): Min: 0.0, Avg: 0.1, Max: 0.3, Diff: 0.3, Sum: 0.4]
         [Processed Buffers: Min: 0, Avg: 1.0, Max: 2, Diff: 2, Sum: 6]
      [Scan RS (ms): Min: 0.0, Avg: 0.1, Max: 0.1, Diff: 0.1, Sum: 0.4]
      [Code Root Scanning (ms): Min: 0.0, Avg: 0.0, Max: 0.0, Diff: 0.0, Sum: 0.0]
      [Object Copy (ms): Min: 0.0, Avg: 0.2, Max: 0.2, Diff: 0.2, Sum: 0.9]
      [Termination (ms): Min: 0.0, Avg: 0.0, Max: 0.0, Diff: 0.0, Sum: 0.2]
         [Termination Attempts: Min: 1, Avg: 1.3, Max: 2, Diff: 1, Sum: 8]
      [GC Worker Other (ms): Min: 0.0, Avg: 0.0, Max: 0.0, Diff: 0.0, Sum: 0.1]
      [GC Worker Total (ms): Min: 0.3, Avg: 0.6, Max: 0.6, Diff: 0.3, Sum: 3.4]
      [GC Worker End (ms): Min: 129287.9, Avg: 129287.9, Max: 129287.9, Diff: 0.0]
   [Code Root Fixup: 0.0 ms]
   [Code Root Purge: 0.0 ms]
   [Clear CT: 0.2 ms]
   [Other: 0.5 ms]
      [Choose CSet: 0.0 ms]
      [Ref Proc: 0.1 ms]
      [Ref Enq: 0.0 ms]
      [Redirty Cards: 0.1 ms]
      [Humongous Register: 0.0 ms]
      [Humongous Reclaim: 0.0 ms]
      [Free CSet: 0.2 ms]
   [Eden: 418.0M(418.0M)->0.0B(417.0M) Survivors: 2048.0K->3072.0K Heap: 479.4M(700.0M)->63246.6K(700.0M)]
 [Times: user=0.00 sys=0.00, real=0.00 secs] 
2024-10-10T17:53:55.677+0300: 129.289: Total time for which application threads were stopped: 0.0018019 seconds, Stopping threads took: 0.0002311 seconds
2024-10-10T17:54:00.165+0300: 133.765: Application time: 4.4758811 seconds
2024-10-10T17:54:00.166+0300: 133.765: [GC pause (G1 Evacuation Pause) (young), 0.0013176 secs]
   [Parallel Time: 0.6 ms, GC Workers: 6]
      [GC Worker Start (ms): Min: 133764.9, Avg: 133764.9, Max: 133764.9, Diff: 0.0]
      [Ext Root Scanning (ms): Min: 0.2, Avg: 0.2, Max: 0.3, Diff: 0.0, Sum: 1.5]
      [Update RS (ms): Min: 0.0, Avg: 0.0, Max: 0.0, Diff: 0.0, Sum: 0.1]
         [Processed Buffers: Min: 0, Avg: 1.0, Max: 3, Diff: 3, Sum: 6]
      [Scan RS (ms): Min: 0.0, Avg: 0.1, Max: 0.1, Diff: 0.1, Sum: 0.5]
      [Code Root Scanning (ms): Min: 0.0, Avg: 0.0, Max: 0.0, Diff: 0.0, Sum: 0.0]
      [Object Copy (ms): Min: 0.1, Avg: 0.1, Max: 0.2, Diff: 0.1, Sum: 0.8]
      [Termination (ms): Min: 0.0, Avg: 0.0, Max: 0.0, Diff: 0.0, Sum: 0.1]
         [Termination Attempts: Min: 1, Avg: 1.0, Max: 1, Diff: 0, Sum: 6]
      [GC Worker Other (ms): Min: 0.0, Avg: 0.0, Max: 0.0, Diff: 0.0, Sum: 0.1]
      [GC Worker Total (ms): Min: 0.5, Avg: 0.5, Max: 0.6, Diff: 0.1, Sum: 3.1]
      [GC Worker End (ms): Min: 133765.4, Avg: 133765.4, Max: 133765.5, Diff: 0.0]
   [Code Root Fixup: 0.0 ms]
   [Code Root Purge: 0.0 ms]
   [Clear CT: 0.2 ms]
   [Other: 0.5 ms]
      [Choose CSet: 0.0 ms]
      [Ref Proc: 0.1 ms]
      [Ref Enq: 0.0 ms]
      [Redirty Cards: 0.1 ms]
      [Humongous Register: 0.0 ms]
      [Humongous Reclaim: 0.0 ms]
      [Free CSet: 0.2 ms]
   [Eden: 417.0M(417.0M)->0.0B(418.0M) Survivors: 3072.0K->2048.0K Heap: 478.8M(700.0M)->63105.3K(700.0M)]
 [Times: user=0.00 sys=0.00, real=0.00 secs] 
2024-10-10T17:54:00.167+0300: 133.766: Total time for which application threads were stopped: 0.0016420 seconds, Stopping threads took: 0.0001432 seconds
2024-10-10T17:54:04.578+0300: 138.183: Application time: 4.4163176 seconds
2024-10-10T17:54:04.578+0300: 138.183: [GC pause (G1 Evacuation Pause) (young), 0.0015188 secs]
   [Parallel Time: 0.7 ms, GC Workers: 6]
      [GC Worker Start (ms): Min: 138182.9, Avg: 138182.9, Max: 138183.0, Diff: 0.1]
      [Ext Root Scanning (ms): Min: 0.2, Avg: 0.2, Max: 0.3, Diff: 0.1, Sum: 1.5]
      [Update RS (ms): Min: 0.0, Avg: 0.0, Max: 0.1, Diff: 0.1, Sum: 0.1]
         [Processed Buffers: Min: 0, Avg: 0.8, Max: 3, Diff: 3, Sum: 5]
      [Scan RS (ms): Min: 0.0, Avg: 0.1, Max: 0.1, Diff: 0.1, Sum: 0.5]
      [Code Root Scanning (ms): Min: 0.0, Avg: 0.0, Max: 0.0, Diff: 0.0, Sum: 0.0]
      [Object Copy (ms): Min: 0.1, Avg: 0.2, Max: 0.3, Diff: 0.1, Sum: 1.3]
      [Termination (ms): Min: 0.0, Avg: 0.0, Max: 0.0, Diff: 0.0, Sum: 0.0]
         [Termination Attempts: Min: 1, Avg: 2.0, Max: 3, Diff: 2, Sum: 12]
      [GC Worker Other (ms): Min: 0.0, Avg: 0.0, Max: 0.0, Diff: 0.0, Sum: 0.2]
      [GC Worker Total (ms): Min: 0.5, Avg: 0.6, Max: 0.6, Diff: 0.1, Sum: 3.5]
      [GC Worker End (ms): Min: 138183.5, Avg: 138183.5, Max: 138183.5, Diff: 0.0]
   [Code Root Fixup: 0.0 ms]
   [Code Root Purge: 0.0 ms]
   [Clear CT: 0.2 ms]
   [Other: 0.6 ms]
      [Choose CSet: 0.0 ms]
      [Ref Proc: 0.1 ms]
      [Ref Enq: 0.0 ms]
      [Redirty Cards: 0.1 ms]
      [Humongous Register: 0.0 ms]
      [Humongous Reclaim: 0.0 ms]
      [Free CSet: 0.2 ms]
   [Eden: 418.0M(418.0M)->0.0B(417.0M) Survivors: 2048.0K->3072.0K Heap: 479.6M(700.0M)->63397.5K(700.0M)]
 [Times: user=0.00 sys=0.00, real=0.00 secs] 
2024-10-10T17:54:04.578+0300: 138.184: Total time for which application threads were stopped: 0.0018671 seconds, Stopping threads took: 0.0001518 seconds
2024-10-10T17:54:09.003+0300: 142.613: Application time: 4.4287578 seconds
2024-10-10T17:54:09.003+0300: 142.613: [GC pause (G1 Evacuation Pause) (young), 0.0013102 secs]
   [Parallel Time: 0.6 ms, GC Workers: 6]
      [GC Worker Start (ms): Min: 142613.5, Avg: 142613.5, Max: 142613.6, Diff: 0.0]
      [Ext Root Scanning (ms): Min: 0.2, Avg: 0.3, Max: 0.3, Diff: 0.0, Sum: 1.5]
      [Update RS (ms): Min: 0.0, Avg: 0.0, Max: 0.0, Diff: 0.0, Sum: 0.1]
         [Processed Buffers: Min: 0, Avg: 1.0, Max: 3, Diff: 3, Sum: 6]
      [Scan RS (ms): Min: 0.0, Avg: 0.1, Max: 0.1, Diff: 0.0, Sum: 0.4]
      [Code Root Scanning (ms): Min: 0.0, Avg: 0.0, Max: 0.0, Diff: 0.0, Sum: 0.0]
      [Object Copy (ms): Min: 0.2, Avg: 0.2, Max: 0.3, Diff: 0.1, Sum: 1.2]
      [Termination (ms): Min: 0.0, Avg: 0.0, Max: 0.1, Diff: 0.1, Sum: 0.1]
         [Termination Attempts: Min: 1, Avg: 1.0, Max: 1, Diff: 0, Sum: 6]
      [GC Worker Other (ms): Min: 0.0, Avg: 0.0, Max: 0.0, Diff: 0.0, Sum: 0.1]
      [GC Worker Total (ms): Min: 0.5, Avg: 0.6, Max: 0.6, Diff: 0.0, Sum: 3.4]
      [GC Worker End (ms): Min: 142614.1, Avg: 142614.1, Max: 142614.1, Diff: 0.0]
   [Code Root Fixup: 0.0 ms]
   [Code Root Purge: 0.0 ms]
   [Clear CT: 0.2 ms]
   [Other: 0.5 ms]
      [Choose CSet: 0.0 ms]
      [Ref Proc: 0.1 ms]
      [Ref Enq: 0.0 ms]
      [Redirty Cards: 0.1 ms]
      [Humongous Register: 0.0 ms]
      [Humongous Reclaim: 0.0 ms]
      [Free CSet: 0.2 ms]
   [Eden: 417.0M(417.0M)->0.0B(417.0M) Survivors: 3072.0K->3072.0K Heap: 478.9M(700.0M)->64058.5K(700.0M)]
 [Times: user=0.00 sys=0.00, real=0.00 secs] 
2024-10-10T17:54:09.003+0300: 142.615: Total time for which application threads were stopped: 0.0016744 seconds, Stopping threads took: 0.0001857 seconds
2024-10-10T17:54:13.445+0300: 147.050: Application time: 4.4354071 seconds
2024-10-10T17:54:13.445+0300: 147.050: [GC pause (G1 Evacuation Pause) (young), 0.0013015 secs]
   [Parallel Time: 0.7 ms, GC Workers: 6]
      [GC Worker Start (ms): Min: 147050.6, Avg: 147050.6, Max: 147050.6, Diff: 0.1]
      [Ext Root Scanning (ms): Min: 0.2, Avg: 0.2, Max: 0.3, Diff: 0.1, Sum: 1.5]
      [Update RS (ms): Min: 0.0, Avg: 0.0, Max: 0.0, Diff: 0.0, Sum: 0.1]
         [Processed Buffers: Min: 0, Avg: 0.8, Max: 2, Diff: 2, Sum: 5]
      [Scan RS (ms): Min: 0.0, Avg: 0.1, Max: 0.1, Diff: 0.1, Sum: 0.4]
      [Code Root Scanning (ms): Min: 0.0, Avg: 0.0, Max: 0.0, Diff: 0.0, Sum: 0.0]
      [Object Copy (ms): Min: 0.2, Avg: 0.2, Max: 0.3, Diff: 0.1, Sum: 1.3]
      [Termination (ms): Min: 0.0, Avg: 0.0, Max: 0.1, Diff: 0.1, Sum: 0.2]
         [Termination Attempts: Min: 1, Avg: 1.0, Max: 1, Diff: 0, Sum: 6]
      [GC Worker Other (ms): Min: 0.0, Avg: 0.0, Max: 0.0, Diff: 0.0, Sum: 0.1]
      [GC Worker Total (ms): Min: 0.6, Avg: 0.6, Max: 0.6, Diff: 0.0, Sum: 3.5]
      [GC Worker End (ms): Min: 147051.2, Avg: 147051.2, Max: 147051.2, Diff: 0.0]
   [Code Root Fixup: 0.0 ms]
   [Code Root Purge: 0.0 ms]
   [Clear CT: 0.1 ms]
   [Other: 0.5 ms]
      [Choose CSet: 0.0 ms]
      [Ref Proc: 0.1 ms]
      [Ref Enq: 0.0 ms]
      [Redirty Cards: 0.1 ms]
      [Humongous Register: 0.0 ms]
      [Humongous Reclaim: 0.0 ms]
      [Free CSet: 0.2 ms]
   [Eden: 417.0M(417.0M)->0.0B(417.0M) Survivors: 3072.0K->3072.0K Heap: 479.6M(700.0M)->63365.1K(700.0M)]
 [Times: user=0.00 sys=0.00, real=0.00 secs] 
2024-10-10T17:54:13.445+0300: 147.052: Total time for which application threads were stopped: 0.0016377 seconds, Stopping threads took: 0.0001524 seconds
2024-10-10T17:54:17.895+0300: 151.502: Application time: 4.4499000 seconds
2024-10-10T17:54:17.903+0300: 151.502: [GC pause (G1 Evacuation Pause) (young), 0.0013942 secs]
   [Parallel Time: 0.6 ms, GC Workers: 6]
      [GC Worker Start (ms): Min: 151502.2, Avg: 151502.2, Max: 151502.2, Diff: 0.1]
      [Ext Root Scanning (ms): Min: 0.2, Avg: 0.3, Max: 0.3, Diff: 0.1, Sum: 1.6]
      [Update RS (ms): Min: 0.0, Avg: 0.0, Max: 0.0, Diff: 0.0, Sum: 0.1]
         [Processed Buffers: Min: 0, Avg: 0.8, Max: 1, Diff: 1, Sum: 5]
      [Scan RS (ms): Min: 0.0, Avg: 0.1, Max: 0.1, Diff: 0.0, Sum: 0.4]
      [Code Root Scanning (ms): Min: 0.0, Avg: 0.0, Max: 0.0, Diff: 0.0, Sum: 0.0]
      [Object Copy (ms): Min: 0.1, Avg: 0.2, Max: 0.2, Diff: 0.1, Sum: 0.9]
      [Termination (ms): Min: 0.0, Avg: 0.0, Max: 0.1, Diff: 0.1, Sum: 0.2]
         [Termination Attempts: Min: 1, Avg: 1.0, Max: 1, Diff: 0, Sum: 6]
      [GC Worker Other (ms): Min: 0.0, Avg: 0.0, Max: 0.0, Diff: 0.0, Sum: 0.1]
      [GC Worker Total (ms): Min: 0.5, Avg: 0.6, Max: 0.6, Diff: 0.1, Sum: 3.4]
      [GC Worker End (ms): Min: 151502.8, Avg: 151502.8, Max: 151502.8, Diff: 0.0]
   [Code Root Fixup: 0.0 ms]
   [Code Root Purge: 0.0 ms]
   [Clear CT: 0.2 ms]
   [Other: 0.6 ms]
      [Choose CSet: 0.0 ms]
      [Ref Proc: 0.1 ms]
      [Ref Enq: 0.0 ms]
      [Redirty Cards: 0.1 ms]
      [Humongous Register: 0.0 ms]
      [Humongous Reclaim: 0.0 ms]
      [Free CSet: 0.2 ms]
   [Eden: 417.0M(417.0M)->0.0B(418.0M) Survivors: 3072.0K->2048.0K Heap: 478.9M(700.0M)->63217.1K(700.0M)]
 [Times: user=0.00 sys=0.00, real=0.00 secs] 
2024-10-10T17:54:17.903+0300: 151.504: Total time for which application threads were stopped: 0.0017862 seconds, Stopping threads took: 0.0001786 seconds
2024-10-10T17:54:22.281+0300: 155.892: Application time: 4.3883881 seconds
2024-10-10T17:54:22.281+0300: 155.892: [GC pause (G1 Evacuation Pause) (young), 0.0013381 secs]
   [Parallel Time: 0.7 ms, GC Workers: 6]
      [GC Worker Start (ms): Min: 155892.3, Avg: 155892.4, Max: 155892.8, Diff: 0.5]
      [Ext Root Scanning (ms): Min: 0.0, Avg: 0.2, Max: 0.3, Diff: 0.3, Sum: 1.4]
      [Update RS (ms): Min: 0.0, Avg: 0.0, Max: 0.0, Diff: 0.0, Sum: 0.1]
         [Processed Buffers: Min: 0, Avg: 0.8, Max: 2, Diff: 2, Sum: 5]
      [Scan RS (ms): Min: 0.0, Avg: 0.1, Max: 0.1, Diff: 0.1, Sum: 0.4]
      [Code Root Scanning (ms): Min: 0.0, Avg: 0.0, Max: 0.0, Diff: 0.0, Sum: 0.0]
      [Object Copy (ms): Min: 0.1, Avg: 0.2, Max: 0.3, Diff: 0.2, Sum: 1.1]
      [Termination (ms): Min: 0.0, Avg: 0.0, Max: 0.1, Diff: 0.1, Sum: 0.2]
         [Termination Attempts: Min: 1, Avg: 1.0, Max: 1, Diff: 0, Sum: 6]
      [GC Worker Other (ms): Min: 0.0, Avg: 0.0, Max: 0.0, Diff: 0.0, Sum: 0.1]
      [GC Worker Total (ms): Min: 0.2, Avg: 0.5, Max: 0.6, Diff: 0.5, Sum: 3.3]
      [GC Worker End (ms): Min: 155892.9, Avg: 155892.9, Max: 155892.9, Diff: 0.0]
   [Code Root Fixup: 0.0 ms]
   [Code Root Purge: 0.0 ms]
   [Clear CT: 0.2 ms]
   [Other: 0.5 ms]
      [Choose CSet: 0.0 ms]
      [Ref Proc: 0.1 ms]
      [Ref Enq: 0.0 ms]
      [Redirty Cards: 0.1 ms]
      [Humongous Register: 0.0 ms]
      [Humongous Reclaim: 0.0 ms]
      [Free CSet: 0.2 ms]
   [Eden: 418.0M(418.0M)->0.0B(417.0M) Survivors: 2048.0K->3072.0K Heap: 479.7M(700.0M)->63514.9K(700.0M)]
 [Times: user=0.00 sys=0.00, real=0.00 secs] 
2024-10-10T17:54:22.281+0300: 155.894: Total time for which application threads were stopped: 0.0016553 seconds, Stopping threads took: 0.0001521 seconds
2024-10-10T17:54:26.710+0300: 160.322: Application time: 4.4278862 seconds
2024-10-10T17:54:26.710+0300: 160.322: [GC pause (G1 Evacuation Pause) (young), 0.0018769 secs]
   [Parallel Time: 0.7 ms, GC Workers: 6]
      [GC Worker Start (ms): Min: 160321.8, Avg: 160321.9, Max: 160322.4, Diff: 0.6]
      [Ext Root Scanning (ms): Min: 0.0, Avg: 0.2, Max: 0.3, Diff: 0.3, Sum: 1.3]
      [Update RS (ms): Min: 0.0, Avg: 0.0, Max: 0.0, Diff: 0.0, Sum: 0.1]
         [Processed Buffers: Min: 0, Avg: 0.8, Max: 2, Diff: 2, Sum: 5]
      [Scan RS (ms): Min: 0.0, Avg: 0.1, Max: 0.1, Diff: 0.1, Sum: 0.4]
      [Code Root Scanning (ms): Min: 0.0, Avg: 0.0, Max: 0.0, Diff: 0.0, Sum: 0.0]
      [Object Copy (ms): Min: 0.0, Avg: 0.2, Max: 0.2, Diff: 0.2, Sum: 1.0]
      [Termination (ms): Min: 0.0, Avg: 0.0, Max: 0.1, Diff: 0.1, Sum: 0.2]
         [Termination Attempts: Min: 1, Avg: 1.0, Max: 1, Diff: 0, Sum: 6]
      [GC Worker Other (ms): Min: 0.0, Avg: 0.0, Max: 0.0, Diff: 0.0, Sum: 0.1]
      [GC Worker Total (ms): Min: 0.0, Avg: 0.5, Max: 0.6, Diff: 0.6, Sum: 3.1]
      [GC Worker End (ms): Min: 160322.4, Avg: 160322.4, Max: 160322.4, Diff: 0.0]
   [Code Root Fixup: 0.0 ms]
   [Code Root Purge: 0.0 ms]
   [Clear CT: 0.2 ms]
   [Other: 1.0 ms]
      [Choose CSet: 0.0 ms]
      [Ref Proc: 0.6 ms]
      [Ref Enq: 0.0 ms]
      [Redirty Cards: 0.1 ms]
      [Humongous Register: 0.0 ms]
      [Humongous Reclaim: 0.0 ms]
      [Free CSet: 0.2 ms]
   [Eden: 417.0M(417.0M)->0.0B(417.0M) Survivors: 3072.0K->3072.0K Heap: 479.0M(700.0M)->63519.4K(700.0M)]
 [Times: user=0.00 sys=0.02, real=0.01 secs] 
2024-10-10T17:54:26.724+0300: 160.324: Total time for which application threads were stopped: 0.0022037 seconds, Stopping threads took: 0.0001234 seconds
2024-10-10T17:54:31.118+0300: 164.726: Application time: 4.4019494 seconds
2024-10-10T17:54:31.118+0300: 164.726: [GC pause (G1 Evacuation Pause) (young), 0.0013570 secs]
   [Parallel Time: 0.6 ms, GC Workers: 6]
      [GC Worker Start (ms): Min: 164726.1, Avg: 164726.1, Max: 164726.2, Diff: 0.1]
      [Ext Root Scanning (ms): Min: 0.2, Avg: 0.2, Max: 0.3, Diff: 0.1, Sum: 1.5]
      [Update RS (ms): Min: 0.0, Avg: 0.0, Max: 0.0, Diff: 0.0, Sum: 0.1]
         [Processed Buffers: Min: 0, Avg: 0.8, Max: 3, Diff: 3, Sum: 5]
      [Scan RS (ms): Min: 0.1, Avg: 0.1, Max: 0.1, Diff: 0.0, Sum: 0.4]
      [Code Root Scanning (ms): Min: 0.0, Avg: 0.0, Max: 0.0, Diff: 0.0, Sum: 0.0]
      [Object Copy (ms): Min: 0.2, Avg: 0.2, Max: 0.2, Diff: 0.1, Sum: 1.2]
      [Termination (ms): Min: 0.0, Avg: 0.0, Max: 0.0, Diff: 0.0, Sum: 0.0]
         [Termination Attempts: Min: 1, Avg: 1.0, Max: 1, Diff: 0, Sum: 6]
      [GC Worker Other (ms): Min: 0.0, Avg: 0.0, Max: 0.0, Diff: 0.0, Sum: 0.1]
      [GC Worker Total (ms): Min: 0.5, Avg: 0.6, Max: 0.6, Diff: 0.1, Sum: 3.4]
      [GC Worker End (ms): Min: 164726.7, Avg: 164726.7, Max: 164726.7, Diff: 0.0]
   [Code Root Fixup: 0.0 ms]
   [Code Root Purge: 0.0 ms]
   [Clear CT: 0.2 ms]
   [Other: 0.5 ms]
      [Choose CSet: 0.0 ms]
      [Ref Proc: 0.1 ms]
      [Ref Enq: 0.0 ms]
      [Redirty Cards: 0.1 ms]
      [Humongous Register: 0.0 ms]
      [Humongous Reclaim: 0.0 ms]
      [Free CSet: 0.2 ms]
   [Eden: 417.0M(417.0M)->0.0B(418.0M) Survivors: 3072.0K->2048.0K Heap: 479.0M(700.0M)->63070.7K(700.0M)]
 [Times: user=0.00 sys=0.00, real=0.00 secs] 
2024-10-10T17:54:31.118+0300: 164.728: Total time for which application threads were stopped: 0.0018116 seconds, Stopping threads took: 0.0002455 seconds
2024-10-10T17:54:35.544+0300: 169.154: Application time: 4.4260731 seconds
2024-10-10T17:54:35.544+0300: 169.154: [GC pause (G1 Evacuation Pause) (young), 0.0012600 secs]
   [Parallel Time: 0.6 ms, GC Workers: 6]
      [GC Worker Start (ms): Min: 169154.1, Avg: 169154.1, Max: 169154.1, Diff: 0.1]
      [Ext Root Scanning (ms): Min: 0.2, Avg: 0.2, Max: 0.3, Diff: 0.1, Sum: 1.5]
      [Update RS (ms): Min: 0.0, Avg: 0.0, Max: 0.0, Diff: 0.0, Sum: 0.1]
         [Processed Buffers: Min: 0, Avg: 0.8, Max: 3, Diff: 3, Sum: 5]
      [Scan RS (ms): Min: 0.0, Avg: 0.1, Max: 0.1, Diff: 0.1, Sum: 0.5]
      [Code Root Scanning (ms): Min: 0.0, Avg: 0.0, Max: 0.0, Diff: 0.0, Sum: 0.0]
      [Object Copy (ms): Min: 0.1, Avg: 0.2, Max: 0.2, Diff: 0.1, Sum: 1.1]
      [Termination (ms): Min: 0.0, Avg: 0.0, Max: 0.0, Diff: 0.0, Sum: 0.0]
         [Termination Attempts: Min: 1, Avg: 3.8, Max: 7, Diff: 6, Sum: 23]
      [GC Worker Other (ms): Min: 0.0, Avg: 0.0, Max: 0.1, Diff: 0.0, Sum: 0.2]
      [GC Worker Total (ms): Min: 0.5, Avg: 0.6, Max: 0.6, Diff: 0.0, Sum: 3.3]
      [GC Worker End (ms): Min: 169154.6, Avg: 169154.7, Max: 169154.7, Diff: 0.0]
   [Code Root Fixup: 0.0 ms]
   [Code Root Purge: 0.0 ms]
   [Clear CT: 0.1 ms]
   [Other: 0.5 ms]
      [Choose CSet: 0.0 ms]
      [Ref Proc: 0.1 ms]
      [Ref Enq: 0.0 ms]
      [Redirty Cards: 0.1 ms]
      [Humongous Register: 0.0 ms]
      [Humongous Reclaim: 0.0 ms]
      [Free CSet: 0.2 ms]
   [Eden: 418.0M(418.0M)->0.0B(418.0M) Survivors: 2048.0K->2048.0K Heap: 479.6M(700.0M)->62990.1K(700.0M)]
 [Times: user=0.00 sys=0.00, real=0.00 secs] 
2024-10-10T17:54:35.544+0300: 169.155: Total time for which application threads were stopped: 0.0018076 seconds, Stopping threads took: 0.0003553 seconds
2024-10-10T17:54:40.046+0300: 173.658: Application time: 4.5027456 seconds
2024-10-10T17:54:40.046+0300: 173.658: [GC pause (G1 Evacuation Pause) (young), 0.0013643 secs]
   [Parallel Time: 0.7 ms, GC Workers: 6]
      [GC Worker Start (ms): Min: 173658.5, Avg: 173658.5, Max: 173658.6, Diff: 0.2]
      [Ext Root Scanning (ms): Min: 0.1, Avg: 0.2, Max: 0.3, Diff: 0.2, Sum: 1.4]
      [Update RS (ms): Min: 0.0, Avg: 0.0, Max: 0.0, Diff: 0.0, Sum: 0.1]
         [Processed Buffers: Min: 0, Avg: 0.8, Max: 1, Diff: 1, Sum: 5]
      [Scan RS (ms): Min: 0.0, Avg: 0.1, Max: 0.1, Diff: 0.1, Sum: 0.4]
      [Code Root Scanning (ms): Min: 0.0, Avg: 0.0, Max: 0.0, Diff: 0.0, Sum: 0.0]
      [Object Copy (ms): Min: 0.1, Avg: 0.2, Max: 0.2, Diff: 0.1, Sum: 1.0]
      [Termination (ms): Min: 0.0, Avg: 0.0, Max: 0.0, Diff: 0.0, Sum: 0.1]
         [Termination Attempts: Min: 1, Avg: 1.0, Max: 1, Diff: 0, Sum: 6]
      [GC Worker Other (ms): Min: 0.0, Avg: 0.0, Max: 0.0, Diff: 0.0, Sum: 0.1]
      [GC Worker Total (ms): Min: 0.4, Avg: 0.5, Max: 0.6, Diff: 0.2, Sum: 3.1]
      [GC Worker End (ms): Min: 173659.0, Avg: 173659.0, Max: 173659.0, Diff: 0.0]
   [Code Root Fixup: 0.0 ms]
   [Code Root Purge: 0.0 ms]
   [Clear CT: 0.2 ms]
   [Other: 0.5 ms]
      [Choose CSet: 0.0 ms]
      [Ref Proc: 0.1 ms]
      [Ref Enq: 0.0 ms]
      [Redirty Cards: 0.1 ms]
      [Humongous Register: 0.0 ms]
      [Humongous Reclaim: 0.0 ms]
      [Free CSet: 0.2 ms]
   [Eden: 418.0M(418.0M)->0.0B(417.0M) Survivors: 2048.0K->3072.0K Heap: 479.5M(700.0M)->63663.6K(700.0M)]
 [Times: user=0.00 sys=0.00, real=0.00 secs] 
2024-10-10T17:54:40.046+0300: 173.660: Total time for which application threads were stopped: 0.0017164 seconds, Stopping threads took: 0.0001733 seconds
2024-10-10T17:54:44.457+0300: 178.064: Application time: 4.4037006 seconds
2024-10-10T17:54:44.457+0300: 178.064: [GC pause (G1 Evacuation Pause) (young), 0.0013202 secs]
   [Parallel Time: 0.6 ms, GC Workers: 6]
      [GC Worker Start (ms): Min: 178063.9, Avg: 178064.0, Max: 178064.4, Diff: 0.6]
      [Ext Root Scanning (ms): Min: 0.0, Avg: 0.2, Max: 0.3, Diff: 0.3, Sum: 1.4]
      [Update RS (ms): Min: 0.0, Avg: 0.0, Max: 0.0, Diff: 0.0, Sum: 0.1]
         [Processed Buffers: Min: 0, Avg: 1.0, Max: 3, Diff: 3, Sum: 6]
      [Scan RS (ms): Min: 0.0, Avg: 0.1, Max: 0.1, Diff: 0.1, Sum: 0.4]
      [Code Root Scanning (ms): Min: 0.0, Avg: 0.0, Max: 0.0, Diff: 0.0, Sum: 0.0]
      [Object Copy (ms): Min: 0.0, Avg: 0.1, Max: 0.2, Diff: 0.2, Sum: 0.8]
      [Termination (ms): Min: 0.0, Avg: 0.0, Max: 0.1, Diff: 0.1, Sum: 0.2]
         [Termination Attempts: Min: 1, Avg: 1.0, Max: 1, Diff: 0, Sum: 6]
      [GC Worker Other (ms): Min: 0.0, Avg: 0.0, Max: 0.0, Diff: 0.0, Sum: 0.1]
      [GC Worker Total (ms): Min: 0.0, Avg: 0.5, Max: 0.6, Diff: 0.6, Sum: 2.9]
      [GC Worker End (ms): Min: 178064.5, Avg: 178064.5, Max: 178064.5, Diff: 0.0]
   [Code Root Fixup: 0.0 ms]
   [Code Root Purge: 0.0 ms]
   [Clear CT: 0.1 ms]
   [Other: 0.5 ms]
      [Choose CSet: 0.0 ms]
      [Ref Proc: 0.1 ms]
      [Ref Enq: 0.0 ms]
      [Redirty Cards: 0.1 ms]
      [Humongous Register: 0.0 ms]
      [Humongous Reclaim: 0.0 ms]
      [Free CSet: 0.2 ms]
   [Eden: 417.0M(417.0M)->0.0B(417.0M) Survivors: 3072.0K->3072.0K Heap: 479.2M(700.0M)->63533.3K(700.0M)]
 [Times: user=0.00 sys=0.00, real=0.00 secs] 
2024-10-10T17:54:44.457+0300: 178.065: Total time for which application threads were stopped: 0.0016960 seconds, Stopping threads took: 0.0001890 seconds
2024-10-10T17:54:45.462+0300: 179.061: Application time: 0.9955252 seconds
2024-10-10T17:54:45.462+0300: 179.061: Total time for which application threads were stopped: 0.0002618 seconds, Stopping threads took: 0.0002146 seconds
2024-10-10T17:54:48.914+0300: 182.517: Application time: 3.4564295 seconds
2024-10-10T17:54:48.914+0300: 182.518: [GC pause (G1 Evacuation Pause) (young), 0.0014023 secs]
   [Parallel Time: 0.6 ms, GC Workers: 6]
      [GC Worker Start (ms): Min: 182517.8, Avg: 182517.8, Max: 182517.9, Diff: 0.1]
      [Ext Root Scanning (ms): Min: 0.2, Avg: 0.3, Max: 0.3, Diff: 0.0, Sum: 1.5]
      [Update RS (ms): Min: 0.0, Avg: 0.0, Max: 0.0, Diff: 0.0, Sum: 0.1]
         [Processed Buffers: Min: 0, Avg: 0.8, Max: 3, Diff: 3, Sum: 5]
      [Scan RS (ms): Min: 0.0, Avg: 0.1, Max: 0.1, Diff: 0.0, Sum: 0.4]
      [Code Root Scanning (ms): Min: 0.0, Avg: 0.0, Max: 0.0, Diff: 0.0, Sum: 0.0]
      [Object Copy (ms): Min: 0.2, Avg: 0.2, Max: 0.2, Diff: 0.1, Sum: 1.1]
      [Termination (ms): Min: 0.0, Avg: 0.0, Max: 0.0, Diff: 0.0, Sum: 0.1]
         [Termination Attempts: Min: 1, Avg: 1.0, Max: 1, Diff: 0, Sum: 6]
      [GC Worker Other (ms): Min: 0.0, Avg: 0.0, Max: 0.0, Diff: 0.0, Sum: 0.1]
      [GC Worker Total (ms): Min: 0.5, Avg: 0.5, Max: 0.6, Diff: 0.1, Sum: 3.3]
      [GC Worker End (ms): Min: 182518.4, Avg: 182518.4, Max: 182518.4, Diff: 0.0]
   [Code Root Fixup: 0.0 ms]
   [Code Root Purge: 0.0 ms]
   [Clear CT: 0.2 ms]
   [Other: 0.5 ms]
      [Choose CSet: 0.0 ms]
      [Ref Proc: 0.1 ms]
      [Ref Enq: 0.0 ms]
      [Redirty Cards: 0.1 ms]
      [Humongous Register: 0.0 ms]
      [Humongous Reclaim: 0.0 ms]
      [Free CSet: 0.2 ms]
   [Eden: 417.0M(417.0M)->0.0B(417.0M) Survivors: 3072.0K->3072.0K Heap: 479.0M(700.0M)->63441.7K(700.0M)]
 [Times: user=0.00 sys=0.00, real=0.00 secs] 
2024-10-10T17:54:48.914+0300: 182.519: Total time for which application threads were stopped: 0.0017713 seconds, Stopping threads took: 0.0001509 seconds
2024-10-10T17:54:53.339+0300: 186.950: Application time: 4.4302887 seconds
2024-10-10T17:54:53.339+0300: 186.950: [GC pause (G1 Evacuation Pause) (young), 0.0012545 secs]
   [Parallel Time: 0.6 ms, GC Workers: 6]
      [GC Worker Start (ms): Min: 186949.9, Avg: 186950.0, Max: 186950.1, Diff: 0.1]
      [Ext Root Scanning (ms): Min: 0.2, Avg: 0.3, Max: 0.3, Diff: 0.1, Sum: 1.5]
      [Update RS (ms): Min: 0.0, Avg: 0.0, Max: 0.0, Diff: 0.0, Sum: 0.1]
         [Processed Buffers: Min: 0, Avg: 1.0, Max: 3, Diff: 3, Sum: 6]
      [Scan RS (ms): Min: 0.0, Avg: 0.1, Max: 0.1, Diff: 0.0, Sum: 0.4]
      [Code Root Scanning (ms): Min: 0.0, Avg: 0.0, Max: 0.0, Diff: 0.0, Sum: 0.0]
      [Object Copy (ms): Min: 0.1, Avg: 0.1, Max: 0.2, Diff: 0.1, Sum: 0.9]
      [Termination (ms): Min: 0.0, Avg: 0.0, Max: 0.0, Diff: 0.0, Sum: 0.1]
         [Termination Attempts: Min: 1, Avg: 1.0, Max: 1, Diff: 0, Sum: 6]
      [GC Worker Other (ms): Min: 0.0, Avg: 0.0, Max: 0.0, Diff: 0.0, Sum: 0.1]
      [GC Worker Total (ms): Min: 0.4, Avg: 0.5, Max: 0.6, Diff: 0.1, Sum: 3.1]
      [GC Worker End (ms): Min: 186950.5, Avg: 186950.5, Max: 186950.5, Diff: 0.0]
   [Code Root Fixup: 0.0 ms]
   [Code Root Purge: 0.0 ms]
   [Clear CT: 0.1 ms]
   [Other: 0.5 ms]
      [Choose CSet: 0.0 ms]
      [Ref Proc: 0.1 ms]
      [Ref Enq: 0.0 ms]
      [Redirty Cards: 0.1 ms]
      [Humongous Register: 0.0 ms]
      [Humongous Reclaim: 0.0 ms]
      [Free CSet: 0.2 ms]
   [Eden: 417.0M(417.0M)->0.0B(418.0M) Survivors: 3072.0K->2048.0K Heap: 479.0M(700.0M)->63137.1K(700.0M)]
 [Times: user=0.00 sys=0.00, real=0.00 secs] 
2024-10-10T17:54:53.339+0300: 186.951: Total time for which application threads were stopped: 0.0016681 seconds, Stopping threads took: 0.0001989 seconds
2024-10-10T17:54:57.734+0300: 191.346: Application time: 4.3945679 seconds
2024-10-10T17:54:57.734+0300: 191.346: [GC pause (G1 Evacuation Pause) (young), 0.0013399 secs]
   [Parallel Time: 0.7 ms, GC Workers: 6]
      [GC Worker Start (ms): Min: 191346.2, Avg: 191346.2, Max: 191346.3, Diff: 0.1]
      [Ext Root Scanning (ms): Min: 0.2, Avg: 0.3, Max: 0.3, Diff: 0.1, Sum: 1.6]
      [Update RS (ms): Min: 0.0, Avg: 0.0, Max: 0.0, Diff: 0.0, Sum: 0.1]
         [Processed Buffers: Min: 0, Avg: 1.0, Max: 3, Diff: 3, Sum: 6]
      [Scan RS (ms): Min: 0.0, Avg: 0.1, Max: 0.1, Diff: 0.1, Sum: 0.4]
      [Code Root Scanning (ms): Min: 0.0, Avg: 0.0, Max: 0.0, Diff: 0.0, Sum: 0.0]
      [Object Copy (ms): Min: 0.1, Avg: 0.2, Max: 0.2, Diff: 0.1, Sum: 1.0]
      [Termination (ms): Min: 0.0, Avg: 0.0, Max: 0.0, Diff: 0.0, Sum: 0.0]
         [Termination Attempts: Min: 1, Avg: 1.0, Max: 1, Diff: 0, Sum: 6]
      [GC Worker Other (ms): Min: 0.0, Avg: 0.0, Max: 0.1, Diff: 0.0, Sum: 0.2]
      [GC Worker Total (ms): Min: 0.5, Avg: 0.6, Max: 0.6, Diff: 0.1, Sum: 3.4]
      [GC Worker End (ms): Min: 191346.8, Avg: 191346.8, Max: 191346.8, Diff: 0.0]
   [Code Root Fixup: 0.0 ms]
   [Code Root Purge: 0.0 ms]
   [Clear CT: 0.2 ms]
   [Other: 0.5 ms]
      [Choose CSet: 0.0 ms]
      [Ref Proc: 0.1 ms]
      [Ref Enq: 0.0 ms]
      [Redirty Cards: 0.1 ms]
      [Humongous Register: 0.0 ms]
      [Humongous Reclaim: 0.0 ms]
      [Free CSet: 0.2 ms]
   [Eden: 418.0M(418.0M)->0.0B(417.0M) Survivors: 2048.0K->3072.0K Heap: 479.7M(700.0M)->63752.5K(700.0M)]
 [Times: user=0.00 sys=0.00, real=0.00 secs] 
2024-10-10T17:54:57.734+0300: 191.348: Total time for which application threads were stopped: 0.0017941 seconds, Stopping threads took: 0.0002314 seconds
2024-10-10T17:55:02.159+0300: 195.765: Application time: 4.4172799 seconds
2024-10-10T17:55:02.159+0300: 195.765: [GC pause (G1 Evacuation Pause) (young), 0.0013972 secs]
   [Parallel Time: 0.7 ms, GC Workers: 6]
      [GC Worker Start (ms): Min: 195765.2, Avg: 195765.2, Max: 195765.2, Diff: 0.0]
      [Ext Root Scanning (ms): Min: 0.2, Avg: 0.2, Max: 0.3, Diff: 0.0, Sum: 1.5]
      [Update RS (ms): Min: 0.0, Avg: 0.0, Max: 0.1, Diff: 0.1, Sum: 0.1]
         [Processed Buffers: Min: 0, Avg: 1.0, Max: 5, Diff: 5, Sum: 6]
      [Scan RS (ms): Min: 0.1, Avg: 0.1, Max: 0.1, Diff: 0.0, Sum: 0.4]
      [Code Root Scanning (ms): Min: 0.0, Avg: 0.0, Max: 0.0, Diff: 0.0, Sum: 0.0]
      [Object Copy (ms): Min: 0.1, Avg: 0.2, Max: 0.2, Diff: 0.1, Sum: 1.2]
      [Termination (ms): Min: 0.0, Avg: 0.0, Max: 0.0, Diff: 0.0, Sum: 0.0]
         [Termination Attempts: Min: 1, Avg: 3.3, Max: 6, Diff: 5, Sum: 20]
      [GC Worker Other (ms): Min: 0.0, Avg: 0.0, Max: 0.1, Diff: 0.0, Sum: 0.2]
      [GC Worker Total (ms): Min: 0.5, Avg: 0.6, Max: 0.6, Diff: 0.1, Sum: 3.5]
      [GC Worker End (ms): Min: 195765.7, Avg: 195765.8, Max: 195765.8, Diff: 0.0]
   [Code Root Fixup: 0.0 ms]
   [Code Root Purge: 0.0 ms]
   [Clear CT: 0.2 ms]
   [Other: 0.5 ms]
      [Choose CSet: 0.0 ms]
      [Ref Proc: 0.1 ms]
      [Ref Enq: 0.0 ms]
      [Redirty Cards: 0.1 ms]
      [Humongous Register: 0.1 ms]
      [Humongous Reclaim: 0.0 ms]
      [Free CSet: 0.2 ms]
   [Eden: 417.0M(417.0M)->0.0B(418.0M) Survivors: 3072.0K->2048.0K Heap: 479.3M(700.0M)->63008.9K(700.0M)]
 [Times: user=0.02 sys=0.00, real=0.00 secs] 
2024-10-10T17:55:02.159+0300: 195.767: Total time for which application threads were stopped: 0.0017104 seconds, Stopping threads took: 0.0001147 seconds
2024-10-10T17:55:03.164+0300: 196.763: Application time: 0.9960646 seconds
2024-10-10T17:55:03.164+0300: 196.763: Total time for which application threads were stopped: 0.0003542 seconds, Stopping threads took: 0.0002790 seconds
2024-10-10T17:55:05.173+0300: 198.772: Application time: 2.0085810 seconds
2024-10-10T17:55:05.173+0300: 198.772: Total time for which application threads were stopped: 0.0003662 seconds, Stopping threads took: 0.0002853 seconds
2024-10-10T17:55:06.601+0300: 200.201: Application time: 1.4287094 seconds
2024-10-10T17:55:06.601+0300: 200.201: [GC pause (G1 Evacuation Pause) (young), 0.0013046 secs]
   [Parallel Time: 0.6 ms, GC Workers: 6]
      [GC Worker Start (ms): Min: 200201.0, Avg: 200201.0, Max: 200201.1, Diff: 0.1]
      [Ext Root Scanning (ms): Min: 0.2, Avg: 0.3, Max: 0.3, Diff: 0.1, Sum: 1.5]
      [Update RS (ms): Min: 0.0, Avg: 0.0, Max: 0.0, Diff: 0.0, Sum: 0.1]
         [Processed Buffers: Min: 0, Avg: 1.2, Max: 3, Diff: 3, Sum: 7]
      [Scan RS (ms): Min: 0.0, Avg: 0.1, Max: 0.1, Diff: 0.1, Sum: 0.5]
      [Code Root Scanning (ms): Min: 0.0, Avg: 0.0, Max: 0.0, Diff: 0.0, Sum: 0.0]
      [Object Copy (ms): Min: 0.1, Avg: 0.1, Max: 0.2, Diff: 0.1, Sum: 0.9]
      [Termination (ms): Min: 0.0, Avg: 0.0, Max: 0.0, Diff: 0.0, Sum: 0.1]
         [Termination Attempts: Min: 1, Avg: 1.0, Max: 1, Diff: 0, Sum: 6]
      [GC Worker Other (ms): Min: 0.0, Avg: 0.0, Max: 0.0, Diff: 0.0, Sum: 0.1]
      [GC Worker Total (ms): Min: 0.5, Avg: 0.5, Max: 0.6, Diff: 0.1, Sum: 3.2]
      [GC Worker End (ms): Min: 200201.5, Avg: 200201.6, Max: 200201.6, Diff: 0.0]
   [Code Root Fixup: 0.0 ms]
   [Code Root Purge: 0.0 ms]
   [Clear CT: 0.1 ms]
   [Other: 0.5 ms]
      [Choose CSet: 0.0 ms]
      [Ref Proc: 0.1 ms]
      [Ref Enq: 0.0 ms]
      [Redirty Cards: 0.1 ms]
      [Humongous Register: 0.0 ms]
      [Humongous Reclaim: 0.0 ms]
      [Free CSet: 0.2 ms]
   [Eden: 418.0M(418.0M)->0.0B(418.0M) Survivors: 2048.0K->2048.0K Heap: 479.5M(700.0M)->63157.0K(700.0M)]
 [Times: user=0.00 sys=0.00, real=0.00 secs] 
2024-10-10T17:55:06.601+0300: 200.202: Total time for which application threads were stopped: 0.0016670 seconds, Stopping threads took: 0.0001607 seconds
2024-10-10T17:55:10.995+0300: 204.608: Application time: 4.4056043 seconds
2024-10-10T17:55:10.995+0300: 204.608: [GC pause (G1 Evacuation Pause) (young), 0.0013761 secs]
   [Parallel Time: 0.6 ms, GC Workers: 6]
      [GC Worker Start (ms): Min: 204608.3, Avg: 204608.3, Max: 204608.4, Diff: 0.1]
      [Ext Root Scanning (ms): Min: 0.2, Avg: 0.2, Max: 0.3, Diff: 0.1, Sum: 1.5]
      [Update RS (ms): Min: 0.0, Avg: 0.0, Max: 0.0, Diff: 0.0, Sum: 0.1]
         [Processed Buffers: Min: 0, Avg: 1.0, Max: 2, Diff: 2, Sum: 6]
      [Scan RS (ms): Min: 0.0, Avg: 0.1, Max: 0.1, Diff: 0.0, Sum: 0.4]
      [Code Root Scanning (ms): Min: 0.0, Avg: 0.0, Max: 0.0, Diff: 0.0, Sum: 0.0]
      [Object Copy (ms): Min: 0.1, Avg: 0.2, Max: 0.2, Diff: 0.1, Sum: 1.0]
      [Termination (ms): Min: 0.0, Avg: 0.0, Max: 0.1, Diff: 0.1, Sum: 0.1]
         [Termination Attempts: Min: 1, Avg: 1.0, Max: 1, Diff: 0, Sum: 6]
      [GC Worker Other (ms): Min: 0.0, Avg: 0.0, Max: 0.0, Diff: 0.0, Sum: 0.1]
      [GC Worker Total (ms): Min: 0.5, Avg: 0.5, Max: 0.6, Diff: 0.1, Sum: 3.3]
      [GC Worker End (ms): Min: 204608.9, Avg: 204608.9, Max: 204608.9, Diff: 0.0]
   [Code Root Fixup: 0.0 ms]
   [Code Root Purge: 0.0 ms]
   [Clear CT: 0.2 ms]
   [Other: 0.6 ms]
      [Choose CSet: 0.0 ms]
      [Ref Proc: 0.1 ms]
      [Ref Enq: 0.0 ms]
      [Redirty Cards: 0.1 ms]
      [Humongous Register: 0.0 ms]
      [Humongous Reclaim: 0.0 ms]
      [Free CSet: 0.2 ms]
   [Eden: 418.0M(418.0M)->0.0B(417.0M) Survivors: 2048.0K->3072.0K Heap: 479.7M(700.0M)->63431.6K(700.0M)]
 [Times: user=0.00 sys=0.00, real=0.00 secs] 
2024-10-10T17:55:10.995+0300: 204.610: Total time for which application threads were stopped: 0.0017677 seconds, Stopping threads took: 0.0001923 seconds
2024-10-10T17:55:15.469+0300: 209.074: Application time: 4.4642088 seconds
2024-10-10T17:55:15.469+0300: 209.074: [GC pause (G1 Evacuation Pause) (young), 0.0012507 secs]
   [Parallel Time: 0.6 ms, GC Workers: 6]
      [GC Worker Start (ms): Min: 209074.2, Avg: 209074.3, Max: 209074.3, Diff: 0.1]
      [Ext Root Scanning (ms): Min: 0.2, Avg: 0.3, Max: 0.3, Diff: 0.1, Sum: 1.6]
      [Update RS (ms): Min: 0.0, Avg: 0.0, Max: 0.0, Diff: 0.0, Sum: 0.1]
         [Processed Buffers: Min: 0, Avg: 0.8, Max: 2, Diff: 2, Sum: 5]
      [Scan RS (ms): Min: 0.0, Avg: 0.1, Max: 0.1, Diff: 0.1, Sum: 0.4]
      [Code Root Scanning (ms): Min: 0.0, Avg: 0.0, Max: 0.0, Diff: 0.0, Sum: 0.0]
      [Object Copy (ms): Min: 0.1, Avg: 0.1, Max: 0.2, Diff: 0.1, Sum: 0.9]
      [Termination (ms): Min: 0.0, Avg: 0.0, Max: 0.0, Diff: 0.0, Sum: 0.0]
         [Termination Attempts: Min: 1, Avg: 4.5, Max: 7, Diff: 6, Sum: 27]
      [GC Worker Other (ms): Min: 0.0, Avg: 0.0, Max: 0.0, Diff: 0.0, Sum: 0.1]
      [GC Worker Total (ms): Min: 0.5, Avg: 0.5, Max: 0.6, Diff: 0.1, Sum: 3.1]
      [GC Worker End (ms): Min: 209074.8, Avg: 209074.8, Max: 209074.8, Diff: 0.0]
   [Code Root Fixup: 0.0 ms]
   [Code Root Purge: 0.0 ms]
   [Clear CT: 0.1 ms]
   [Other: 0.5 ms]
      [Choose CSet: 0.0 ms]
      [Ref Proc: 0.1 ms]
      [Ref Enq: 0.0 ms]
      [Redirty Cards: 0.1 ms]
      [Humongous Register: 0.0 ms]
      [Humongous Reclaim: 0.0 ms]
      [Free CSet: 0.2 ms]
   [Eden: 417.0M(417.0M)->0.0B(418.0M) Survivors: 3072.0K->2048.0K Heap: 478.9M(700.0M)->62542.9K(700.0M)]
 [Times: user=0.00 sys=0.00, real=0.00 secs] 
2024-10-10T17:55:15.469+0300: 209.076: Total time for which application threads were stopped: 0.0015786 seconds, Stopping threads took: 0.0001530 seconds
2024-10-10T17:55:19.895+0300: 213.497: Application time: 4.4215217 seconds
2024-10-10T17:55:19.895+0300: 213.497: [GC pause (G1 Evacuation Pause) (young), 0.0013902 secs]
   [Parallel Time: 0.7 ms, GC Workers: 6]
      [GC Worker Start (ms): Min: 213497.4, Avg: 213497.4, Max: 213497.4, Diff: 0.1]
      [Ext Root Scanning (ms): Min: 0.2, Avg: 0.3, Max: 0.3, Diff: 0.0, Sum: 1.5]
      [Update RS (ms): Min: 0.0, Avg: 0.0, Max: 0.0, Diff: 0.0, Sum: 0.1]
         [Processed Buffers: Min: 0, Avg: 1.0, Max: 3, Diff: 3, Sum: 6]
      [Scan RS (ms): Min: 0.0, Avg: 0.1, Max: 0.1, Diff: 0.0, Sum: 0.5]
      [Code Root Scanning (ms): Min: 0.0, Avg: 0.0, Max: 0.0, Diff: 0.0, Sum: 0.0]
      [Object Copy (ms): Min: 0.1, Avg: 0.2, Max: 0.2, Diff: 0.1, Sum: 1.0]
      [Termination (ms): Min: 0.0, Avg: 0.0, Max: 0.1, Diff: 0.1, Sum: 0.2]
         [Termination Attempts: Min: 1, Avg: 1.0, Max: 1, Diff: 0, Sum: 6]
      [GC Worker Other (ms): Min: 0.0, Avg: 0.0, Max: 0.0, Diff: 0.0, Sum: 0.1]
      [GC Worker Total (ms): Min: 0.5, Avg: 0.6, Max: 0.6, Diff: 0.1, Sum: 3.3]
      [GC Worker End (ms): Min: 213497.9, Avg: 213498.0, Max: 213498.0, Diff: 0.0]
   [Code Root Fixup: 0.0 ms]
   [Code Root Purge: 0.0 ms]
   [Clear CT: 0.2 ms]
   [Other: 0.6 ms]
      [Choose CSet: 0.0 ms]
      [Ref Proc: 0.1 ms]
      [Ref Enq: 0.0 ms]
      [Redirty Cards: 0.1 ms]
      [Humongous Register: 0.1 ms]
      [Humongous Reclaim: 0.0 ms]
      [Free CSet: 0.2 ms]
   [Eden: 418.0M(418.0M)->0.0B(417.0M) Survivors: 2048.0K->3072.0K Heap: 479.1M(700.0M)->63440.6K(700.0M)]
 [Times: user=0.05 sys=0.00, real=0.00 secs] 
2024-10-10T17:55:19.895+0300: 213.499: Total time for which application threads were stopped: 0.0017493 seconds, Stopping threads took: 0.0001590 seconds
2024-10-10T17:55:24.371+0300: 217.976: Application time: 4.4767355 seconds
2024-10-10T17:55:24.371+0300: 217.976: [GC pause (G1 Evacuation Pause) (young), 0.0012463 secs]
   [Parallel Time: 0.6 ms, GC Workers: 6]
      [GC Worker Start (ms): Min: 217975.8, Avg: 217975.8, Max: 217975.9, Diff: 0.1]
      [Ext Root Scanning (ms): Min: 0.2, Avg: 0.2, Max: 0.3, Diff: 0.1, Sum: 1.5]
      [Update RS (ms): Min: 0.0, Avg: 0.0, Max: 0.0, Diff: 0.0, Sum: 0.1]
         [Processed Buffers: Min: 0, Avg: 0.8, Max: 2, Diff: 2, Sum: 5]
      [Scan RS (ms): Min: 0.0, Avg: 0.1, Max: 0.1, Diff: 0.1, Sum: 0.4]
      [Code Root Scanning (ms): Min: 0.0, Avg: 0.0, Max: 0.0, Diff: 0.0, Sum: 0.0]
      [Object Copy (ms): Min: 0.1, Avg: 0.1, Max: 0.2, Diff: 0.1, Sum: 0.9]
      [Termination (ms): Min: 0.0, Avg: 0.0, Max: 0.0, Diff: 0.0, Sum: 0.1]
         [Termination Attempts: Min: 1, Avg: 1.0, Max: 1, Diff: 0, Sum: 6]
      [GC Worker Other (ms): Min: 0.0, Avg: 0.0, Max: 0.0, Diff: 0.0, Sum: 0.1]
      [GC Worker Total (ms): Min: 0.5, Avg: 0.5, Max: 0.5, Diff: 0.0, Sum: 3.0]
      [GC Worker End (ms): Min: 217976.3, Avg: 217976.3, Max: 217976.4, Diff: 0.0]
   [Code Root Fixup: 0.0 ms]
   [Code Root Purge: 0.0 ms]
   [Clear CT: 0.1 ms]
   [Other: 0.5 ms]
      [Choose CSet: 0.0 ms]
      [Ref Proc: 0.1 ms]
      [Ref Enq: 0.0 ms]
      [Redirty Cards: 0.1 ms]
      [Humongous Register: 0.0 ms]
      [Humongous Reclaim: 0.0 ms]
      [Free CSet: 0.2 ms]
   [Eden: 417.0M(417.0M)->0.0B(418.0M) Survivors: 3072.0K->2048.0K Heap: 479.0M(700.0M)->63129.3K(700.0M)]
 [Times: user=0.00 sys=0.00, real=0.00 secs] 
2024-10-10T17:55:24.371+0300: 217.977: Total time for which application threads were stopped: 0.0015909 seconds, Stopping threads took: 0.0001509 seconds
2024-10-10T17:55:28.797+0300: 222.408: Application time: 4.4307466 seconds
2024-10-10T17:55:28.797+0300: 222.408: [GC pause (G1 Evacuation Pause) (young), 0.0016282 secs]
   [Parallel Time: 0.7 ms, GC Workers: 6]
      [GC Worker Start (ms): Min: 222408.2, Avg: 222408.3, Max: 222408.3, Diff: 0.1]
      [Ext Root Scanning (ms): Min: 0.2, Avg: 0.3, Max: 0.3, Diff: 0.1, Sum: 1.6]
      [Update RS (ms): Min: 0.0, Avg: 0.0, Max: 0.1, Diff: 0.1, Sum: 0.1]
         [Processed Buffers: Min: 0, Avg: 0.8, Max: 3, Diff: 3, Sum: 5]
      [Scan RS (ms): Min: 0.0, Avg: 0.1, Max: 0.1, Diff: 0.1, Sum: 0.5]
      [Code Root Scanning (ms): Min: 0.0, Avg: 0.0, Max: 0.0, Diff: 0.0, Sum: 0.0]
      [Object Copy (ms): Min: 0.1, Avg: 0.2, Max: 0.3, Diff: 0.1, Sum: 1.1]
      [Termination (ms): Min: 0.0, Avg: 0.0, Max: 0.1, Diff: 0.1, Sum: 0.2]
         [Termination Attempts: Min: 1, Avg: 1.0, Max: 1, Diff: 0, Sum: 6]
      [GC Worker Other (ms): Min: 0.0, Avg: 0.0, Max: 0.0, Diff: 0.0, Sum: 0.1]
      [GC Worker Total (ms): Min: 0.6, Avg: 0.6, Max: 0.6, Diff: 0.1, Sum: 3.6]
      [GC Worker End (ms): Min: 222408.9, Avg: 222408.9, Max: 222408.9, Diff: 0.0]
   [Code Root Fixup: 0.0 ms]
   [Code Root Purge: 0.0 ms]
   [Clear CT: 0.2 ms]
   [Other: 0.7 ms]
      [Choose CSet: 0.0 ms]
      [Ref Proc: 0.1 ms]
      [Ref Enq: 0.0 ms]
      [Redirty Cards: 0.1 ms]
      [Humongous Register: 0.1 ms]
      [Humongous Reclaim: 0.0 ms]
      [Free CSet: 0.3 ms]
   [Eden: 418.0M(418.0M)->0.0B(417.0M) Survivors: 2048.0K->3072.0K Heap: 479.6M(700.0M)->63584.4K(700.0M)]
 [Times: user=0.00 sys=0.00, real=0.00 secs] 
2024-10-10T17:55:28.797+0300: 222.410: Total time for which application threads were stopped: 0.0020407 seconds, Stopping threads took: 0.0001422 seconds
2024-10-10T17:55:33.238+0300: 226.839: Application time: 4.4288399 seconds
2024-10-10T17:55:33.238+0300: 226.839: [GC pause (G1 Evacuation Pause) (young), 0.0014032 secs]
   [Parallel Time: 0.7 ms, GC Workers: 6]
      [GC Worker Start (ms): Min: 226839.2, Avg: 226839.2, Max: 226839.3, Diff: 0.1]
      [Ext Root Scanning (ms): Min: 0.2, Avg: 0.3, Max: 0.3, Diff: 0.1, Sum: 1.5]
      [Update RS (ms): Min: 0.0, Avg: 0.0, Max: 0.1, Diff: 0.1, Sum: 0.1]
         [Processed Buffers: Min: 0, Avg: 0.8, Max: 2, Diff: 2, Sum: 5]
      [Scan RS (ms): Min: 0.0, Avg: 0.1, Max: 0.1, Diff: 0.1, Sum: 0.4]
      [Code Root Scanning (ms): Min: 0.0, Avg: 0.0, Max: 0.0, Diff: 0.0, Sum: 0.0]
      [Object Copy (ms): Min: 0.1, Avg: 0.2, Max: 0.2, Diff: 0.1, Sum: 0.9]
      [Termination (ms): Min: 0.0, Avg: 0.0, Max: 0.0, Diff: 0.0, Sum: 0.1]
         [Termination Attempts: Min: 1, Avg: 1.0, Max: 1, Diff: 0, Sum: 6]
      [GC Worker Other (ms): Min: 0.0, Avg: 0.0, Max: 0.1, Diff: 0.1, Sum: 0.2]
      [GC Worker Total (ms): Min: 0.5, Avg: 0.6, Max: 0.6, Diff: 0.1, Sum: 3.3]
      [GC Worker End (ms): Min: 226839.8, Avg: 226839.8, Max: 226839.8, Diff: 0.1]
   [Code Root Fixup: 0.0 ms]
   [Code Root Purge: 0.0 ms]
   [Clear CT: 0.2 ms]
   [Other: 0.6 ms]
      [Choose CSet: 0.0 ms]
      [Ref Proc: 0.1 ms]
      [Ref Enq: 0.0 ms]
      [Redirty Cards: 0.1 ms]
      [Humongous Register: 0.1 ms]
      [Humongous Reclaim: 0.0 ms]
      [Free CSet: 0.2 ms]
   [Eden: 417.0M(417.0M)->0.0B(418.0M) Survivors: 3072.0K->2048.0K Heap: 479.1M(700.0M)->63133.3K(700.0M)]
 [Times: user=0.00 sys=0.00, real=0.00 secs] 
2024-10-10T17:55:33.238+0300: 226.841: Total time for which application threads were stopped: 0.0018354 seconds, Stopping threads took: 0.0002425 seconds
2024-10-10T17:55:37.642+0300: 231.245: Application time: 4.4039693 seconds
2024-10-10T17:55:37.642+0300: 231.245: [GC pause (G1 Evacuation Pause) (young), 0.0014345 secs]
   [Parallel Time: 0.7 ms, GC Workers: 6]
      [GC Worker Start (ms): Min: 231244.8, Avg: 231244.9, Max: 231244.9, Diff: 0.1]
      [Ext Root Scanning (ms): Min: 0.2, Avg: 0.2, Max: 0.3, Diff: 0.0, Sum: 1.5]
      [Update RS (ms): Min: 0.0, Avg: 0.0, Max: 0.1, Diff: 0.1, Sum: 0.2]
         [Processed Buffers: Min: 0, Avg: 1.0, Max: 2, Diff: 2, Sum: 6]
      [Scan RS (ms): Min: 0.0, Avg: 0.1, Max: 0.1, Diff: 0.1, Sum: 0.4]
      [Code Root Scanning (ms): Min: 0.0, Avg: 0.0, Max: 0.0, Diff: 0.0, Sum: 0.0]
      [Object Copy (ms): Min: 0.2, Avg: 0.2, Max: 0.2, Diff: 0.0, Sum: 1.0]
      [Termination (ms): Min: 0.0, Avg: 0.0, Max: 0.1, Diff: 0.1, Sum: 0.2]
         [Termination Attempts: Min: 1, Avg: 1.0, Max: 1, Diff: 0, Sum: 6]
      [GC Worker Other (ms): Min: 0.0, Avg: 0.0, Max: 0.1, Diff: 0.0, Sum: 0.2]
      [GC Worker Total (ms): Min: 0.5, Avg: 0.6, Max: 0.6, Diff: 0.1, Sum: 3.5]
      [GC Worker End (ms): Min: 231245.5, Avg: 231245.5, Max: 231245.5, Diff: 0.0]
   [Code Root Fixup: 0.0 ms]
   [Code Root Purge: 0.0 ms]
   [Clear CT: 0.2 ms]
   [Other: 0.5 ms]
      [Choose CSet: 0.0 ms]
      [Ref Proc: 0.1 ms]
      [Ref Enq: 0.0 ms]
      [Redirty Cards: 0.1 ms]
      [Humongous Register: 0.0 ms]
      [Humongous Reclaim: 0.0 ms]
      [Free CSet: 0.2 ms]
   [Eden: 418.0M(418.0M)->0.0B(418.0M) Survivors: 2048.0K->2048.0K Heap: 479.7M(700.0M)->63147.8K(700.0M)]
 [Times: user=0.00 sys=0.00, real=0.00 secs] 
2024-10-10T17:55:37.642+0300: 231.246: Total time for which application threads were stopped: 0.0017865 seconds, Stopping threads took: 0.0001474 seconds
2024-10-10T17:55:42.092+0300: 235.700: Application time: 4.4533251 seconds
2024-10-10T17:55:42.092+0300: 235.700: [GC pause (G1 Evacuation Pause) (young), 0.0014428 secs]
   [Parallel Time: 0.6 ms, GC Workers: 6]
      [GC Worker Start (ms): Min: 235700.0, Avg: 235700.0, Max: 235700.0, Diff: 0.1]
      [Ext Root Scanning (ms): Min: 0.2, Avg: 0.3, Max: 0.3, Diff: 0.0, Sum: 1.5]
      [Update RS (ms): Min: 0.0, Avg: 0.0, Max: 0.1, Diff: 0.1, Sum: 0.1]
         [Processed Buffers: Min: 0, Avg: 1.0, Max: 3, Diff: 3, Sum: 6]
      [Scan RS (ms): Min: 0.0, Avg: 0.1, Max: 0.1, Diff: 0.1, Sum: 0.4]
      [Code Root Scanning (ms): Min: 0.0, Avg: 0.0, Max: 0.0, Diff: 0.0, Sum: 0.0]
      [Object Copy (ms): Min: 0.1, Avg: 0.2, Max: 0.2, Diff: 0.1, Sum: 1.1]
      [Termination (ms): Min: 0.0, Avg: 0.0, Max: 0.1, Diff: 0.1, Sum: 0.2]
         [Termination Attempts: Min: 1, Avg: 1.0, Max: 1, Diff: 0, Sum: 6]
      [GC Worker Other (ms): Min: 0.0, Avg: 0.0, Max: 0.0, Diff: 0.0, Sum: 0.1]
      [GC Worker Total (ms): Min: 0.5, Avg: 0.6, Max: 0.6, Diff: 0.1, Sum: 3.4]
      [GC Worker End (ms): Min: 235700.6, Avg: 235700.6, Max: 235700.6, Diff: 0.0]
   [Code Root Fixup: 0.0 ms]
   [Code Root Purge: 0.0 ms]
   [Clear CT: 0.2 ms]
   [Other: 0.6 ms]
      [Choose CSet: 0.0 ms]
      [Ref Proc: 0.1 ms]
      [Ref Enq: 0.0 ms]
      [Redirty Cards: 0.1 ms]
      [Humongous Register: 0.0 ms]
      [Humongous Reclaim: 0.0 ms]
      [Free CSet: 0.2 ms]
   [Eden: 418.0M(418.0M)->0.0B(417.0M) Survivors: 2048.0K->3072.0K Heap: 479.7M(700.0M)->63597.9K(700.0M)]
 [Times: user=0.00 sys=0.00, real=0.00 secs] 
2024-10-10T17:55:42.092+0300: 235.701: Total time for which application threads were stopped: 0.0017886 seconds, Stopping threads took: 0.0001386 seconds
2024-10-10T17:55:46.518+0300: 240.121: Application time: 4.4193620 seconds
2024-10-10T17:55:46.518+0300: 240.121: [GC pause (G1 Evacuation Pause) (young), 0.0015253 secs]
   [Parallel Time: 0.7 ms, GC Workers: 6]
      [GC Worker Start (ms): Min: 240121.2, Avg: 240121.2, Max: 240121.2, Diff: 0.1]
      [Ext Root Scanning (ms): Min: 0.2, Avg: 0.3, Max: 0.3, Diff: 0.1, Sum: 1.5]
      [Update RS (ms): Min: 0.0, Avg: 0.0, Max: 0.0, Diff: 0.0, Sum: 0.1]
         [Processed Buffers: Min: 0, Avg: 0.8, Max: 3, Diff: 3, Sum: 5]
      [Scan RS (ms): Min: 0.0, Avg: 0.1, Max: 0.1, Diff: 0.1, Sum: 0.5]
      [Code Root Scanning (ms): Min: 0.0, Avg: 0.0, Max: 0.0, Diff: 0.0, Sum: 0.0]
      [Object Copy (ms): Min: 0.1, Avg: 0.2, Max: 0.2, Diff: 0.1, Sum: 1.0]
      [Termination (ms): Min: 0.0, Avg: 0.0, Max: 0.0, Diff: 0.0, Sum: 0.1]
         [Termination Attempts: Min: 1, Avg: 1.0, Max: 1, Diff: 0, Sum: 6]
      [GC Worker Other (ms): Min: 0.0, Avg: 0.0, Max: 0.0, Diff: 0.0, Sum: 0.1]
      [GC Worker Total (ms): Min: 0.5, Avg: 0.5, Max: 0.6, Diff: 0.1, Sum: 3.3]
      [GC Worker End (ms): Min: 240121.7, Avg: 240121.7, Max: 240121.7, Diff: 0.0]
   [Code Root Fixup: 0.0 ms]
   [Code Root Purge: 0.0 ms]
   [Clear CT: 0.2 ms]
   [Other: 0.7 ms]
      [Choose CSet: 0.0 ms]
      [Ref Proc: 0.3 ms]
      [Ref Enq: 0.0 ms]
      [Redirty Cards: 0.1 ms]
      [Humongous Register: 0.0 ms]
      [Humongous Reclaim: 0.0 ms]
      [Free CSet: 0.2 ms]
   [Eden: 417.0M(417.0M)->0.0B(418.0M) Survivors: 3072.0K->2048.0K Heap: 479.1M(700.0M)->63219.8K(700.0M)]
 [Times: user=0.00 sys=0.00, real=0.01 secs] 
2024-10-10T17:55:46.523+0300: 240.123: Total time for which application threads were stopped: 0.0018911 seconds, Stopping threads took: 0.0001593 seconds
2024-10-10T17:55:50.928+0300: 244.533: Application time: 4.4100758 seconds
2024-10-10T17:55:50.928+0300: 244.533: [GC pause (G1 Evacuation Pause) (young), 0.0014030 secs]
   [Parallel Time: 0.6 ms, GC Workers: 6]
      [GC Worker Start (ms): Min: 244533.1, Avg: 244533.2, Max: 244533.3, Diff: 0.1]
      [Ext Root Scanning (ms): Min: 0.2, Avg: 0.2, Max: 0.3, Diff: 0.1, Sum: 1.3]
      [Update RS (ms): Min: 0.0, Avg: 0.0, Max: 0.0, Diff: 0.0, Sum: 0.1]
         [Processed Buffers: Min: 0, Avg: 1.0, Max: 2, Diff: 2, Sum: 6]
      [Scan RS (ms): Min: 0.0, Avg: 0.1, Max: 0.1, Diff: 0.0, Sum: 0.4]
      [Code Root Scanning (ms): Min: 0.0, Avg: 0.0, Max: 0.0, Diff: 0.0, Sum: 0.0]
      [Object Copy (ms): Min: 0.1, Avg: 0.1, Max: 0.2, Diff: 0.1, Sum: 0.7]
      [Termination (ms): Min: 0.0, Avg: 0.0, Max: 0.0, Diff: 0.0, Sum: 0.2]
         [Termination Attempts: Min: 1, Avg: 1.0, Max: 1, Diff: 0, Sum: 6]
      [GC Worker Other (ms): Min: 0.0, Avg: 0.0, Max: 0.0, Diff: 0.0, Sum: 0.1]
      [GC Worker Total (ms): Min: 0.4, Avg: 0.5, Max: 0.5, Diff: 0.1, Sum: 2.8]
      [GC Worker End (ms): Min: 244533.6, Avg: 244533.7, Max: 244533.7, Diff: 0.0]
   [Code Root Fixup: 0.0 ms]
   [Code Root Purge: 0.0 ms]
   [Clear CT: 0.2 ms]
   [Other: 0.6 ms]
      [Choose CSet: 0.0 ms]
      [Ref Proc: 0.1 ms]
      [Ref Enq: 0.0 ms]
      [Redirty Cards: 0.1 ms]
      [Humongous Register: 0.0 ms]
      [Humongous Reclaim: 0.0 ms]
      [Free CSet: 0.2 ms]
   [Eden: 418.0M(418.0M)->0.0B(418.0M) Survivors: 2048.0K->2048.0K Heap: 479.7M(700.0M)->62969.0K(700.0M)]
 [Times: user=0.00 sys=0.00, real=0.00 secs] 
2024-10-10T17:55:50.928+0300: 244.535: Total time for which application threads were stopped: 0.0017734 seconds, Stopping threads took: 0.0001947 seconds
2024-10-10T17:55:55.339+0300: 248.951: Application time: 4.4165209 seconds
2024-10-10T17:55:55.339+0300: 248.951: [GC pause (G1 Evacuation Pause) (young), 0.0013336 secs]
   [Parallel Time: 0.7 ms, GC Workers: 6]
      [GC Worker Start (ms): Min: 248951.4, Avg: 248951.5, Max: 248951.7, Diff: 0.3]
      [Ext Root Scanning (ms): Min: 0.0, Avg: 0.2, Max: 0.3, Diff: 0.3, Sum: 1.3]
      [Update RS (ms): Min: 0.0, Avg: 0.0, Max: 0.1, Diff: 0.1, Sum: 0.1]
         [Processed Buffers: Min: 0, Avg: 1.0, Max: 2, Diff: 2, Sum: 6]
      [Scan RS (ms): Min: 0.0, Avg: 0.1, Max: 0.1, Diff: 0.1, Sum: 0.6]
      [Code Root Scanning (ms): Min: 0.0, Avg: 0.0, Max: 0.0, Diff: 0.0, Sum: 0.0]
      [Object Copy (ms): Min: 0.1, Avg: 0.2, Max: 0.3, Diff: 0.2, Sum: 1.1]
      [Termination (ms): Min: 0.0, Avg: 0.0, Max: 0.0, Diff: 0.0, Sum: 0.0]
         [Termination Attempts: Min: 1, Avg: 2.2, Max: 4, Diff: 3, Sum: 13]
      [GC Worker Other (ms): Min: 0.0, Avg: 0.0, Max: 0.1, Diff: 0.0, Sum: 0.2]
      [GC Worker Total (ms): Min: 0.3, Avg: 0.6, Max: 0.7, Diff: 0.3, Sum: 3.4]
      [GC Worker End (ms): Min: 248952.0, Avg: 248952.0, Max: 248952.1, Diff: 0.1]
   [Code Root Fixup: 0.0 ms]
   [Code Root Purge: 0.0 ms]
   [Clear CT: 0.1 ms]
   [Other: 0.5 ms]
      [Choose CSet: 0.0 ms]
      [Ref Proc: 0.1 ms]
      [Ref Enq: 0.0 ms]
      [Redirty Cards: 0.1 ms]
      [Humongous Register: 0.0 ms]
      [Humongous Reclaim: 0.0 ms]
      [Free CSet: 0.2 ms]
   [Eden: 418.0M(418.0M)->0.0B(418.0M) Survivors: 2048.0K->2048.0K Heap: 479.5M(700.0M)->63172.9K(700.0M)]
 [Times: user=0.02 sys=0.00, real=0.02 secs] 
2024-10-10T17:55:55.354+0300: 248.953: Total time for which application threads were stopped: 0.0016972 seconds, Stopping threads took: 0.0001747 seconds
2024-10-10T17:55:59.797+0300: 253.410: Application time: 4.4574756 seconds
2024-10-10T17:55:59.797+0300: 253.411: [GC pause (G1 Evacuation Pause) (young), 0.0014974 secs]
   [Parallel Time: 0.7 ms, GC Workers: 6]
      [GC Worker Start (ms): Min: 253410.7, Avg: 253410.7, Max: 253410.7, Diff: 0.1]
      [Ext Root Scanning (ms): Min: 0.2, Avg: 0.3, Max: 0.3, Diff: 0.1, Sum: 1.5]
      [Update RS (ms): Min: 0.0, Avg: 0.0, Max: 0.0, Diff: 0.0, Sum: 0.1]
         [Processed Buffers: Min: 0, Avg: 0.8, Max: 2, Diff: 2, Sum: 5]
      [Scan RS (ms): Min: 0.0, Avg: 0.1, Max: 0.1, Diff: 0.0, Sum: 0.4]
      [Code Root Scanning (ms): Min: 0.0, Avg: 0.0, Max: 0.0, Diff: 0.0, Sum: 0.0]
      [Object Copy (ms): Min: 0.2, Avg: 0.2, Max: 0.2, Diff: 0.0, Sum: 1.0]
      [Termination (ms): Min: 0.0, Avg: 0.0, Max: 0.1, Diff: 0.1, Sum: 0.2]
         [Termination Attempts: Min: 1, Avg: 1.0, Max: 1, Diff: 0, Sum: 6]
      [GC Worker Other (ms): Min: 0.0, Avg: 0.0, Max: 0.0, Diff: 0.0, Sum: 0.1]
      [GC Worker Total (ms): Min: 0.5, Avg: 0.6, Max: 0.6, Diff: 0.1, Sum: 3.4]
      [GC Worker End (ms): Min: 253411.3, Avg: 253411.3, Max: 253411.3, Diff: 0.0]
   [Code Root Fixup: 0.0 ms]
   [Code Root Purge: 0.0 ms]
   [Clear CT: 0.2 ms]
   [Other: 0.6 ms]
      [Choose CSet: 0.0 ms]
      [Ref Proc: 0.1 ms]
      [Ref Enq: 0.0 ms]
      [Redirty Cards: 0.1 ms]
      [Humongous Register: 0.1 ms]
      [Humongous Reclaim: 0.0 ms]
      [Free CSet: 0.2 ms]
   [Eden: 418.0M(418.0M)->0.0B(417.0M) Survivors: 2048.0K->3072.0K Heap: 479.7M(700.0M)->63481.1K(700.0M)]
 [Times: user=0.00 sys=0.00, real=0.02 secs] 
2024-10-10T17:55:59.812+0300: 253.412: Total time for which application threads were stopped: 0.0018631 seconds, Stopping threads took: 0.0001559 seconds
2024-10-10T17:56:03.736+0300: 257.342: Application time: 3.9294647 seconds
2024-10-10T17:56:03.736+0300: 257.342: Total time for which application threads were stopped: 0.0002359 seconds, Stopping threads took: 0.0001752 seconds
2024-10-10T17:56:04.002+0300: 257.608: Application time: 0.2657246 seconds
2024-10-10T17:56:04.002+0300: 257.608: Total time for which application threads were stopped: 0.0002266 seconds, Stopping threads took: 0.0001672 seconds
2024-10-10T17:56:04.065+0300: 257.666: Application time: 0.0581272 seconds
2024-10-10T17:56:04.065+0300: 257.666: Total time for which application threads were stopped: 0.0001052 seconds, Stopping threads took: 0.0000675 seconds
2024-10-10T17:56:04.332+0300: 257.936: Application time: 0.2701355 seconds
2024-10-10T17:56:04.332+0300: 257.936: Total time for which application threads were stopped: 0.0001412 seconds, Stopping threads took: 0.0000945 seconds
2024-10-10T17:56:04.363+0300: 257.963: Application time: 0.0264477 seconds
2024-10-10T17:56:04.363+0300: 257.963: Total time for which application threads were stopped: 0.0001109 seconds, Stopping threads took: 0.0000765 seconds
2024-10-10T17:56:04.393+0300: 257.993: Application time: 0.0300891 seconds
2024-10-10T17:56:04.393+0300: 257.993: Total time for which application threads were stopped: 0.0002853 seconds, Stopping threads took: 0.0002192 seconds
2024-10-10T17:56:04.410+0300: 258.010: Application time: 0.0166135 seconds
2024-10-10T17:56:04.410+0300: 258.010: [GC pause (G1 Evacuation Pause) (young), 0.0014956 secs]
   [Parallel Time: 0.7 ms, GC Workers: 6]
      [GC Worker Start (ms): Min: 258010.2, Avg: 258010.4, Max: 258010.8, Diff: 0.6]
      [Ext Root Scanning (ms): Min: 0.0, Avg: 0.2, Max: 0.3, Diff: 0.3, Sum: 1.2]
      [Update RS (ms): Min: 0.0, Avg: 0.0, Max: 0.0, Diff: 0.0, Sum: 0.1]
         [Processed Buffers: Min: 0, Avg: 1.2, Max: 3, Diff: 3, Sum: 7]
      [Scan RS (ms): Min: 0.0, Avg: 0.1, Max: 0.1, Diff: 0.1, Sum: 0.4]
      [Code Root Scanning (ms): Min: 0.0, Avg: 0.0, Max: 0.0, Diff: 0.0, Sum: 0.0]
      [Object Copy (ms): Min: 0.0, Avg: 0.1, Max: 0.2, Diff: 0.2, Sum: 0.6]
      [Termination (ms): Min: 0.0, Avg: 0.0, Max: 0.1, Diff: 0.1, Sum: 0.3]
         [Termination Attempts: Min: 1, Avg: 1.0, Max: 1, Diff: 0, Sum: 6]
      [GC Worker Other (ms): Min: 0.0, Avg: 0.0, Max: 0.0, Diff: 0.0, Sum: 0.0]
      [GC Worker Total (ms): Min: 0.0, Avg: 0.4, Max: 0.6, Diff: 0.6, Sum: 2.5]
      [GC Worker End (ms): Min: 258010.8, Avg: 258010.8, Max: 258010.8, Diff: 0.0]
   [Code Root Fixup: 0.0 ms]
   [Code Root Purge: 0.0 ms]
   [Clear CT: 0.2 ms]
   [Other: 0.7 ms]
      [Choose CSet: 0.0 ms]
      [Ref Proc: 0.1 ms]
      [Ref Enq: 0.0 ms]
      [Redirty Cards: 0.1 ms]
      [Humongous Register: 0.0 ms]
      [Humongous Reclaim: 0.0 ms]
      [Free CSet: 0.2 ms]
   [Eden: 417.0M(417.0M)->0.0B(418.0M) Survivors: 3072.0K->2048.0K Heap: 479.0M(700.0M)->62783.2K(700.0M)]
 [Times: user=0.00 sys=0.00, real=0.00 secs] 
2024-10-10T17:56:04.410+0300: 258.012: Total time for which application threads were stopped: 0.0018156 seconds, Stopping threads took: 0.0001161 seconds
2024-10-10T17:56:08.866+0300: 262.475: Application time: 4.4637419 seconds
2024-10-10T17:56:08.866+0300: 262.476: [GC pause (G1 Evacuation Pause) (young), 0.0013746 secs]
   [Parallel Time: 0.6 ms, GC Workers: 6]
      [GC Worker Start (ms): Min: 262475.8, Avg: 262475.8, Max: 262475.9, Diff: 0.0]
      [Ext Root Scanning (ms): Min: 0.2, Avg: 0.2, Max: 0.3, Diff: 0.0, Sum: 1.5]
      [Update RS (ms): Min: 0.0, Avg: 0.0, Max: 0.0, Diff: 0.0, Sum: 0.1]
         [Processed Buffers: Min: 0, Avg: 0.7, Max: 1, Diff: 1, Sum: 4]
      [Scan RS (ms): Min: 0.0, Avg: 0.1, Max: 0.1, Diff: 0.0, Sum: 0.4]
      [Code Root Scanning (ms): Min: 0.0, Avg: 0.0, Max: 0.0, Diff: 0.0, Sum: 0.0]
      [Object Copy (ms): Min: 0.2, Avg: 0.2, Max: 0.2, Diff: 0.1, Sum: 1.2]
      [Termination (ms): Min: 0.0, Avg: 0.0, Max: 0.0, Diff: 0.0, Sum: 0.1]
         [Termination Attempts: Min: 1, Avg: 1.0, Max: 1, Diff: 0, Sum: 6]
      [GC Worker Other (ms): Min: 0.0, Avg: 0.0, Max: 0.0, Diff: 0.0, Sum: 0.1]
      [GC Worker Total (ms): Min: 0.5, Avg: 0.6, Max: 0.6, Diff: 0.0, Sum: 3.3]
      [GC Worker End (ms): Min: 262476.4, Avg: 262476.4, Max: 262476.4, Diff: 0.0]
   [Code Root Fixup: 0.0 ms]
   [Code Root Purge: 0.0 ms]
   [Clear CT: 0.2 ms]
   [Other: 0.6 ms]
      [Choose CSet: 0.0 ms]
      [Ref Proc: 0.1 ms]
      [Ref Enq: 0.0 ms]
      [Redirty Cards: 0.1 ms]
      [Humongous Register: 0.0 ms]
      [Humongous Reclaim: 0.0 ms]
      [Free CSet: 0.2 ms]
   [Eden: 418.0M(418.0M)->0.0B(417.0M) Survivors: 2048.0K->3072.0K Heap: 479.3M(700.0M)->63934.5K(700.0M)]
 [Times: user=0.00 sys=0.00, real=0.00 secs] 
2024-10-10T17:56:08.866+0300: 262.477: Total time for which application threads were stopped: 0.0017681 seconds, Stopping threads took: 0.0001873 seconds
2024-10-10T17:56:13.209+0300: 266.808: Application time: 4.3311917 seconds
2024-10-10T17:56:13.209+0300: 266.809: [GC pause (G1 Evacuation Pause) (young), 0.0014323 secs]
   [Parallel Time: 0.8 ms, GC Workers: 6]
      [GC Worker Start (ms): Min: 266808.8, Avg: 266808.8, Max: 266808.9, Diff: 0.1]
      [Ext Root Scanning (ms): Min: 0.2, Avg: 0.3, Max: 0.3, Diff: 0.1, Sum: 1.6]
      [Update RS (ms): Min: 0.0, Avg: 0.0, Max: 0.0, Diff: 0.0, Sum: 0.1]
         [Processed Buffers: Min: 0, Avg: 0.7, Max: 1, Diff: 1, Sum: 4]
      [Scan RS (ms): Min: 0.0, Avg: 0.1, Max: 0.1, Diff: 0.1, Sum: 0.5]
      [Code Root Scanning (ms): Min: 0.0, Avg: 0.0, Max: 0.0, Diff: 0.0, Sum: 0.0]
      [Object Copy (ms): Min: 0.2, Avg: 0.2, Max: 0.3, Diff: 0.1, Sum: 1.4]
      [Termination (ms): Min: 0.0, Avg: 0.0, Max: 0.0, Diff: 0.0, Sum: 0.1]
         [Termination Attempts: Min: 1, Avg: 1.0, Max: 1, Diff: 0, Sum: 6]
      [GC Worker Other (ms): Min: 0.0, Avg: 0.0, Max: 0.0, Diff: 0.0, Sum: 0.1]
      [GC Worker Total (ms): Min: 0.6, Avg: 0.6, Max: 0.7, Diff: 0.1, Sum: 3.7]
      [GC Worker End (ms): Min: 266809.4, Avg: 266809.5, Max: 266809.5, Diff: 0.0]
   [Code Root Fixup: 0.0 ms]
   [Code Root Purge: 0.0 ms]
   [Clear CT: 0.1 ms]
   [Other: 0.5 ms]
      [Choose CSet: 0.0 ms]
      [Ref Proc: 0.1 ms]
      [Ref Enq: 0.0 ms]
      [Redirty Cards: 0.1 ms]
      [Humongous Register: 0.0 ms]
      [Humongous Reclaim: 0.0 ms]
      [Free CSet: 0.2 ms]
   [Eden: 417.0M(417.0M)->0.0B(417.0M) Survivors: 3072.0K->3072.0K Heap: 479.4M(700.0M)->64197.7K(700.0M)]
 [Times: user=0.00 sys=0.00, real=0.00 secs] 
2024-10-10T17:56:13.209+0300: 266.810: Total time for which application threads were stopped: 0.0018557 seconds, Stopping threads took: 0.0001990 seconds
2024-10-10T17:56:17.638+0300: 271.248: Application time: 4.4379196 seconds
2024-10-10T17:56:17.638+0300: 271.249: [GC pause (G1 Evacuation Pause) (young), 0.0013140 secs]
   [Parallel Time: 0.7 ms, GC Workers: 6]
      [GC Worker Start (ms): Min: 271248.7, Avg: 271248.7, Max: 271248.7, Diff: 0.1]
      [Ext Root Scanning (ms): Min: 0.2, Avg: 0.3, Max: 0.3, Diff: 0.1, Sum: 1.6]
      [Update RS (ms): Min: 0.0, Avg: 0.0, Max: 0.1, Diff: 0.1, Sum: 0.1]
         [Processed Buffers: Min: 0, Avg: 0.7, Max: 2, Diff: 2, Sum: 4]
      [Scan RS (ms): Min: 0.0, Avg: 0.1, Max: 0.1, Diff: 0.1, Sum: 0.5]
      [Code Root Scanning (ms): Min: 0.0, Avg: 0.0, Max: 0.0, Diff: 0.0, Sum: 0.0]
      [Object Copy (ms): Min: 0.1, Avg: 0.2, Max: 0.2, Diff: 0.1, Sum: 1.0]
      [Termination (ms): Min: 0.0, Avg: 0.0, Max: 0.0, Diff: 0.0, Sum: 0.1]
         [Termination Attempts: Min: 1, Avg: 1.0, Max: 1, Diff: 0, Sum: 6]
      [GC Worker Other (ms): Min: 0.0, Avg: 0.0, Max: 0.0, Diff: 0.0, Sum: 0.1]
      [GC Worker Total (ms): Min: 0.5, Avg: 0.6, Max: 0.6, Diff: 0.1, Sum: 3.3]
      [GC Worker End (ms): Min: 271249.2, Avg: 271249.2, Max: 271249.2, Diff: 0.0]
   [Code Root Fixup: 0.0 ms]
   [Code Root Purge: 0.0 ms]
   [Clear CT: 0.1 ms]
   [Other: 0.5 ms]
      [Choose CSet: 0.0 ms]
      [Ref Proc: 0.1 ms]
      [Ref Enq: 0.0 ms]
      [Redirty Cards: 0.1 ms]
      [Humongous Register: 0.0 ms]
      [Humongous Reclaim: 0.0 ms]
      [Free CSet: 0.2 ms]
   [Eden: 417.0M(417.0M)->0.0B(418.0M) Survivors: 3072.0K->2048.0K Heap: 479.7M(700.0M)->62871.5K(700.0M)]
 [Times: user=0.00 sys=0.00, real=0.00 secs] 
2024-10-10T17:56:17.638+0300: 271.250: Total time for which application threads were stopped: 0.0018063 seconds, Stopping threads took: 0.0003049 seconds
2024-10-10T17:56:22.047+0300: 275.661: Application time: 4.4107097 seconds
2024-10-10T17:56:22.047+0300: 275.661: [GC pause (G1 Evacuation Pause) (young), 0.0013661 secs]
   [Parallel Time: 0.6 ms, GC Workers: 6]
      [GC Worker Start (ms): Min: 275661.1, Avg: 275661.1, Max: 275661.2, Diff: 0.0]
      [Ext Root Scanning (ms): Min: 0.3, Avg: 0.3, Max: 0.4, Diff: 0.1, Sum: 1.7]
      [Update RS (ms): Min: 0.0, Avg: 0.0, Max: 0.1, Diff: 0.1, Sum: 0.2]
         [Processed Buffers: Min: 0, Avg: 0.7, Max: 2, Diff: 2, Sum: 4]
      [Scan RS (ms): Min: 0.0, Avg: 0.1, Max: 0.1, Diff: 0.1, Sum: 0.4]
      [Code Root Scanning (ms): Min: 0.0, Avg: 0.0, Max: 0.0, Diff: 0.0, Sum: 0.0]
      [Object Copy (ms): Min: 0.1, Avg: 0.1, Max: 0.2, Diff: 0.1, Sum: 0.8]
      [Termination (ms): Min: 0.0, Avg: 0.0, Max: 0.0, Diff: 0.0, Sum: 0.0]
         [Termination Attempts: Min: 1, Avg: 1.2, Max: 2, Diff: 1, Sum: 7]
      [GC Worker Other (ms): Min: 0.0, Avg: 0.0, Max: 0.1, Diff: 0.0, Sum: 0.2]
      [GC Worker Total (ms): Min: 0.5, Avg: 0.6, Max: 0.6, Diff: 0.1, Sum: 3.4]
      [GC Worker End (ms): Min: 275661.7, Avg: 275661.7, Max: 275661.7, Diff: 0.0]
   [Code Root Fixup: 0.0 ms]
   [Code Root Purge: 0.0 ms]
   [Clear CT: 0.2 ms]
   [Other: 0.6 ms]
      [Choose CSet: 0.0 ms]
      [Ref Proc: 0.2 ms]
      [Ref Enq: 0.0 ms]
      [Redirty Cards: 0.1 ms]
      [Humongous Register: 0.0 ms]
      [Humongous Reclaim: 0.0 ms]
      [Free CSet: 0.2 ms]
   [Eden: 418.0M(418.0M)->0.0B(418.0M) Survivors: 2048.0K->2048.0K Heap: 479.4M(700.0M)->63044.7K(700.0M)]
 [Times: user=0.01 sys=0.00, real=0.02 secs] 
2024-10-10T17:56:22.062+0300: 275.663: Total time for which application threads were stopped: 0.0017920 seconds, Stopping threads took: 0.0002220 seconds
2024-10-10T17:56:26.488+0300: 280.100: Application time: 4.4373629 seconds
2024-10-10T17:56:26.488+0300: 280.100: [GC pause (G1 Evacuation Pause) (young), 0.0013336 secs]
   [Parallel Time: 0.7 ms, GC Workers: 6]
      [GC Worker Start (ms): Min: 280100.2, Avg: 280100.3, Max: 280100.6, Diff: 0.4]
      [Ext Root Scanning (ms): Min: 0.0, Avg: 0.2, Max: 0.3, Diff: 0.3, Sum: 1.4]
      [Update RS (ms): Min: 0.0, Avg: 0.0, Max: 0.0, Diff: 0.0, Sum: 0.1]
         [Processed Buffers: Min: 0, Avg: 0.7, Max: 1, Diff: 1, Sum: 4]
      [Scan RS (ms): Min: 0.0, Avg: 0.1, Max: 0.1, Diff: 0.1, Sum: 0.4]
      [Code Root Scanning (ms): Min: 0.0, Avg: 0.0, Max: 0.0, Diff: 0.0, Sum: 0.0]
      [Object Copy (ms): Min: 0.1, Avg: 0.2, Max: 0.2, Diff: 0.1, Sum: 0.9]
      [Termination (ms): Min: 0.0, Avg: 0.0, Max: 0.1, Diff: 0.1, Sum: 0.2]
         [Termination Attempts: Min: 1, Avg: 1.0, Max: 1, Diff: 0, Sum: 6]
      [GC Worker Other (ms): Min: 0.0, Avg: 0.0, Max: 0.0, Diff: 0.0, Sum: 0.1]
      [GC Worker Total (ms): Min: 0.2, Avg: 0.5, Max: 0.6, Diff: 0.4, Sum: 3.1]
      [GC Worker End (ms): Min: 280100.8, Avg: 280100.8, Max: 280100.8, Diff: 0.0]
   [Code Root Fixup: 0.0 ms]
   [Code Root Purge: 0.0 ms]
   [Clear CT: 0.2 ms]
   [Other: 0.5 ms]
      [Choose CSet: 0.0 ms]
      [Ref Proc: 0.1 ms]
      [Ref Enq: 0.0 ms]
      [Redirty Cards: 0.1 ms]
      [Humongous Register: 0.0 ms]
      [Humongous Reclaim: 0.0 ms]
      [Free CSet: 0.2 ms]
   [Eden: 418.0M(418.0M)->0.0B(417.0M) Survivors: 2048.0K->3072.0K Heap: 479.6M(700.0M)->63524.1K(700.0M)]
 [Times: user=0.00 sys=0.00, real=0.00 secs] 
2024-10-10T17:56:26.488+0300: 280.102: Total time for which application threads were stopped: 0.0016673 seconds, Stopping threads took: 0.0001388 seconds
2024-10-10T17:56:30.993+0300: 284.606: Application time: 4.5041578 seconds
2024-10-10T17:56:30.993+0300: 284.606: [GC pause (G1 Evacuation Pause) (young), 0.0015131 secs]
   [Parallel Time: 0.7 ms, GC Workers: 6]
      [GC Worker Start (ms): Min: 284606.1, Avg: 284606.2, Max: 284606.2, Diff: 0.1]
      [Ext Root Scanning (ms): Min: 0.2, Avg: 0.3, Max: 0.3, Diff: 0.1, Sum: 1.5]
      [Update RS (ms): Min: 0.0, Avg: 0.0, Max: 0.1, Diff: 0.1, Sum: 0.1]
         [Processed Buffers: Min: 0, Avg: 0.7, Max: 1, Diff: 1, Sum: 4]
      [Scan RS (ms): Min: 0.0, Avg: 0.1, Max: 0.1, Diff: 0.1, Sum: 0.4]
      [Code Root Scanning (ms): Min: 0.0, Avg: 0.0, Max: 0.0, Diff: 0.0, Sum: 0.0]
      [Object Copy (ms): Min: 0.1, Avg: 0.2, Max: 0.2, Diff: 0.1, Sum: 1.1]
      [Termination (ms): Min: 0.0, Avg: 0.0, Max: 0.0, Diff: 0.0, Sum: 0.1]
         [Termination Attempts: Min: 1, Avg: 1.0, Max: 1, Diff: 0, Sum: 6]
      [GC Worker Other (ms): Min: 0.0, Avg: 0.0, Max: 0.0, Diff: 0.0, Sum: 0.1]
      [GC Worker Total (ms): Min: 0.5, Avg: 0.6, Max: 0.6, Diff: 0.1, Sum: 3.4]
      [GC Worker End (ms): Min: 284606.7, Avg: 284606.7, Max: 284606.7, Diff: 0.0]
   [Code Root Fixup: 0.0 ms]
   [Code Root Purge: 0.0 ms]
   [Clear CT: 0.2 ms]
   [Other: 0.6 ms]
      [Choose CSet: 0.0 ms]
      [Ref Proc: 0.1 ms]
      [Ref Enq: 0.0 ms]
      [Redirty Cards: 0.1 ms]
      [Humongous Register: 0.0 ms]
      [Humongous Reclaim: 0.0 ms]
      [Free CSet: 0.2 ms]
   [Eden: 417.0M(417.0M)->0.0B(417.0M) Survivors: 3072.0K->3072.0K Heap: 479.0M(700.0M)->63512.6K(700.0M)]
 [Times: user=0.00 sys=0.00, real=0.00 secs] 
2024-10-10T17:56:30.993+0300: 284.608: Total time for which application threads were stopped: 0.0020269 seconds, Stopping threads took: 0.0002326 seconds
2024-10-10T17:56:35.388+0300: 288.989: Application time: 4.3811336 seconds
2024-10-10T17:56:35.388+0300: 288.989: [GC pause (G1 Evacuation Pause) (young), 0.0013425 secs]
   [Parallel Time: 0.7 ms, GC Workers: 6]
      [GC Worker Start (ms): Min: 288989.3, Avg: 288989.3, Max: 288989.3, Diff: 0.1]
      [Ext Root Scanning (ms): Min: 0.2, Avg: 0.3, Max: 0.6, Diff: 0.3, Sum: 1.9]
      [Update RS (ms): Min: 0.0, Avg: 0.0, Max: 0.0, Diff: 0.0, Sum: 0.1]
         [Processed Buffers: Min: 0, Avg: 0.7, Max: 1, Diff: 1, Sum: 4]
      [Scan RS (ms): Min: 0.0, Avg: 0.1, Max: 0.1, Diff: 0.1, Sum: 0.4]
      [Code Root Scanning (ms): Min: 0.0, Avg: 0.0, Max: 0.0, Diff: 0.0, Sum: 0.0]
      [Object Copy (ms): Min: 0.0, Avg: 0.2, Max: 0.2, Diff: 0.2, Sum: 0.9]
      [Termination (ms): Min: 0.0, Avg: 0.1, Max: 0.1, Diff: 0.1, Sum: 0.4]
         [Termination Attempts: Min: 1, Avg: 2.8, Max: 5, Diff: 4, Sum: 17]
      [GC Worker Other (ms): Min: 0.0, Avg: 0.0, Max: 0.0, Diff: 0.0, Sum: 0.0]
      [GC Worker Total (ms): Min: 0.6, Avg: 0.6, Max: 0.7, Diff: 0.1, Sum: 3.8]
      [GC Worker End (ms): Min: 288989.9, Avg: 288989.9, Max: 288989.9, Diff: 0.0]
   [Code Root Fixup: 0.0 ms]
   [Code Root Purge: 0.0 ms]
   [Clear CT: 0.1 ms]
   [Other: 0.5 ms]
      [Choose CSet: 0.0 ms]
      [Ref Proc: 0.1 ms]
      [Ref Enq: 0.0 ms]
      [Redirty Cards: 0.1 ms]
      [Humongous Register: 0.0 ms]
      [Humongous Reclaim: 0.0 ms]
      [Free CSet: 0.2 ms]
   [Eden: 417.0M(417.0M)->0.0B(417.0M) Survivors: 3072.0K->3072.0K Heap: 479.0M(700.0M)->63651.8K(700.0M)]
 [Times: user=0.00 sys=0.00, real=0.00 secs] 
2024-10-10T17:56:35.388+0300: 288.991: Total time for which application threads were stopped: 0.0017988 seconds, Stopping threads took: 0.0002548 seconds
2024-10-10T17:56:39.766+0300: 293.380: Application time: 4.3895832 seconds
2024-10-10T17:56:39.766+0300: 293.380: [GC pause (G1 Evacuation Pause) (young), 0.0014316 secs]
   [Parallel Time: 0.7 ms, GC Workers: 6]
      [GC Worker Start (ms): Min: 293380.6, Avg: 293380.7, Max: 293381.2, Diff: 0.6]
      [Ext Root Scanning (ms): Min: 0.0, Avg: 0.2, Max: 0.3, Diff: 0.3, Sum: 1.5]
      [Update RS (ms): Min: 0.0, Avg: 0.0, Max: 0.1, Diff: 0.1, Sum: 0.1]
         [Processed Buffers: Min: 0, Avg: 0.7, Max: 1, Diff: 1, Sum: 4]
      [Scan RS (ms): Min: 0.0, Avg: 0.1, Max: 0.1, Diff: 0.1, Sum: 0.4]
      [Code Root Scanning (ms): Min: 0.0, Avg: 0.0, Max: 0.0, Diff: 0.0, Sum: 0.0]
      [Object Copy (ms): Min: 0.0, Avg: 0.1, Max: 0.2, Diff: 0.2, Sum: 0.9]
      [Termination (ms): Min: 0.0, Avg: 0.0, Max: 0.0, Diff: 0.0, Sum: 0.1]
         [Termination Attempts: Min: 1, Avg: 1.0, Max: 1, Diff: 0, Sum: 6]
      [GC Worker Other (ms): Min: 0.0, Avg: 0.0, Max: 0.0, Diff: 0.0, Sum: 0.1]
      [GC Worker Total (ms): Min: 0.0, Avg: 0.5, Max: 0.7, Diff: 0.6, Sum: 3.1]
      [GC Worker End (ms): Min: 293381.2, Avg: 293381.3, Max: 293381.3, Diff: 0.0]
   [Code Root Fixup: 0.0 ms]
   [Code Root Purge: 0.0 ms]
   [Clear CT: 0.2 ms]
   [Other: 0.5 ms]
      [Choose CSet: 0.0 ms]
      [Ref Proc: 0.1 ms]
      [Ref Enq: 0.0 ms]
      [Redirty Cards: 0.1 ms]
      [Humongous Register: 0.1 ms]
      [Humongous Reclaim: 0.0 ms]
      [Free CSet: 0.2 ms]
   [Eden: 417.0M(417.0M)->0.0B(418.0M) Survivors: 3072.0K->2048.0K Heap: 479.2M(700.0M)->62994.0K(700.0M)]
 [Times: user=0.00 sys=0.00, real=0.02 secs] 
2024-10-10T17:56:39.782+0300: 293.382: Total time for which application threads were stopped: 0.0017704 seconds, Stopping threads took: 0.0001528 seconds
2024-10-10T17:56:44.192+0300: 297.799: Application time: 4.4165884 seconds
2024-10-10T17:56:44.192+0300: 297.799: [GC pause (G1 Evacuation Pause) (young), 0.0013304 secs]
   [Parallel Time: 0.7 ms, GC Workers: 6]
      [GC Worker Start (ms): Min: 297798.9, Avg: 297799.0, Max: 297799.5, Diff: 0.6]
      [Ext Root Scanning (ms): Min: 0.0, Avg: 0.2, Max: 0.3, Diff: 0.3, Sum: 1.5]
      [Update RS (ms): Min: 0.0, Avg: 0.0, Max: 0.0, Diff: 0.0, Sum: 0.1]
         [Processed Buffers: Min: 0, Avg: 0.7, Max: 2, Diff: 2, Sum: 4]
      [Scan RS (ms): Min: 0.0, Avg: 0.1, Max: 0.1, Diff: 0.1, Sum: 0.4]
      [Code Root Scanning (ms): Min: 0.0, Avg: 0.0, Max: 0.0, Diff: 0.0, Sum: 0.0]
      [Object Copy (ms): Min: 0.0, Avg: 0.1, Max: 0.2, Diff: 0.2, Sum: 0.7]
      [Termination (ms): Min: 0.0, Avg: 0.0, Max: 0.0, Diff: 0.0, Sum: 0.1]
         [Termination Attempts: Min: 1, Avg: 1.0, Max: 1, Diff: 0, Sum: 6]
      [GC Worker Other (ms): Min: 0.0, Avg: 0.0, Max: 0.0, Diff: 0.0, Sum: 0.1]
      [GC Worker Total (ms): Min: 0.0, Avg: 0.5, Max: 0.6, Diff: 0.6, Sum: 2.9]
      [GC Worker End (ms): Min: 297799.5, Avg: 297799.5, Max: 297799.5, Diff: 0.0]
   [Code Root Fixup: 0.0 ms]
   [Code Root Purge: 0.0 ms]
   [Clear CT: 0.1 ms]
   [Other: 0.5 ms]
      [Choose CSet: 0.0 ms]
      [Ref Proc: 0.1 ms]
      [Ref Enq: 0.0 ms]
      [Redirty Cards: 0.1 ms]
      [Humongous Register: 0.0 ms]
      [Humongous Reclaim: 0.0 ms]
      [Free CSet: 0.2 ms]
   [Eden: 418.0M(418.0M)->0.0B(417.0M) Survivors: 2048.0K->3072.0K Heap: 479.5M(700.0M)->63574.1K(700.0M)]
 [Times: user=0.00 sys=0.00, real=0.00 secs] 
2024-10-10T17:56:44.192+0300: 297.800: Total time for which application threads were stopped: 0.0016828 seconds, Stopping threads took: 0.0001669 seconds
2024-10-10T17:56:48.675+0300: 302.278: Application time: 4.4779174 seconds
2024-10-10T17:56:48.675+0300: 302.278: [GC pause (G1 Evacuation Pause) (young), 0.0012614 secs]
   [Parallel Time: 0.6 ms, GC Workers: 6]
      [GC Worker Start (ms): Min: 302278.6, Avg: 302278.6, Max: 302278.6, Diff: 0.1]
      [Ext Root Scanning (ms): Min: 0.2, Avg: 0.3, Max: 0.3, Diff: 0.1, Sum: 1.6]
      [Update RS (ms): Min: 0.0, Avg: 0.0, Max: 0.0, Diff: 0.0, Sum: 0.1]
         [Processed Buffers: Min: 0, Avg: 0.5, Max: 1, Diff: 1, Sum: 3]
      [Scan RS (ms): Min: 0.0, Avg: 0.1, Max: 0.1, Diff: 0.1, Sum: 0.4]
      [Code Root Scanning (ms): Min: 0.0, Avg: 0.0, Max: 0.0, Diff: 0.0, Sum: 0.0]
      [Object Copy (ms): Min: 0.1, Avg: 0.2, Max: 0.2, Diff: 0.1, Sum: 0.9]
      [Termination (ms): Min: 0.0, Avg: 0.0, Max: 0.0, Diff: 0.0, Sum: 0.1]
         [Termination Attempts: Min: 1, Avg: 1.2, Max: 2, Diff: 1, Sum: 7]
      [GC Worker Other (ms): Min: 0.0, Avg: 0.0, Max: 0.0, Diff: 0.0, Sum: 0.1]
      [GC Worker Total (ms): Min: 0.5, Avg: 0.5, Max: 0.5, Diff: 0.1, Sum: 3.1]
      [GC Worker End (ms): Min: 302279.1, Avg: 302279.1, Max: 302279.1, Diff: 0.0]
   [Code Root Fixup: 0.0 ms]
   [Code Root Purge: 0.0 ms]
   [Clear CT: 0.1 ms]
   [Other: 0.5 ms]
      [Choose CSet: 0.0 ms]
      [Ref Proc: 0.1 ms]
      [Ref Enq: 0.0 ms]
      [Redirty Cards: 0.1 ms]
      [Humongous Register: 0.0 ms]
      [Humongous Reclaim: 0.0 ms]
      [Free CSet: 0.2 ms]
   [Eden: 417.0M(417.0M)->0.0B(418.0M) Survivors: 3072.0K->2048.0K Heap: 479.1M(700.0M)->63301.0K(700.0M)]
 [Times: user=0.00 sys=0.00, real=0.00 secs] 
2024-10-10T17:56:48.675+0300: 302.280: Total time for which application threads were stopped: 0.0016268 seconds, Stopping threads took: 0.0001891 seconds
2024-10-10T17:56:53.138+0300: 306.742: Application time: 4.4621711 seconds
2024-10-10T17:56:53.138+0300: 306.742: [GC pause (G1 Evacuation Pause) (young), 0.0014357 secs]
   [Parallel Time: 0.7 ms, GC Workers: 6]
      [GC Worker Start (ms): Min: 306742.4, Avg: 306742.5, Max: 306742.5, Diff: 0.1]
      [Ext Root Scanning (ms): Min: 0.2, Avg: 0.3, Max: 0.3, Diff: 0.1, Sum: 1.6]
      [Update RS (ms): Min: 0.0, Avg: 0.0, Max: 0.1, Diff: 0.1, Sum: 0.1]
         [Processed Buffers: Min: 0, Avg: 0.5, Max: 1, Diff: 1, Sum: 3]
      [Scan RS (ms): Min: 0.0, Avg: 0.1, Max: 0.1, Diff: 0.1, Sum: 0.5]
      [Code Root Scanning (ms): Min: 0.0, Avg: 0.0, Max: 0.0, Diff: 0.0, Sum: 0.0]
      [Object Copy (ms): Min: 0.1, Avg: 0.2, Max: 0.3, Diff: 0.2, Sum: 1.0]
      [Termination (ms): Min: 0.0, Avg: 0.0, Max: 0.0, Diff: 0.0, Sum: 0.1]
         [Termination Attempts: Min: 1, Avg: 1.0, Max: 1, Diff: 0, Sum: 6]
      [GC Worker Other (ms): Min: 0.0, Avg: 0.0, Max: 0.0, Diff: 0.0, Sum: 0.1]
      [GC Worker Total (ms): Min: 0.5, Avg: 0.6, Max: 0.6, Diff: 0.1, Sum: 3.5]
      [GC Worker End (ms): Min: 306743.1, Avg: 306743.1, Max: 306743.1, Diff: 0.0]
   [Code Root Fixup: 0.0 ms]
   [Code Root Purge: 0.0 ms]
   [Clear CT: 0.2 ms]
   [Other: 0.6 ms]
      [Choose CSet: 0.0 ms]
      [Ref Proc: 0.1 ms]
      [Ref Enq: 0.0 ms]
      [Redirty Cards: 0.1 ms]
      [Humongous Register: 0.1 ms]
      [Humongous Reclaim: 0.0 ms]
      [Free CSet: 0.2 ms]
   [Eden: 418.0M(418.0M)->0.0B(417.0M) Survivors: 2048.0K->3072.0K Heap: 479.8M(700.0M)->63786.7K(700.0M)]
 [Times: user=0.00 sys=0.00, real=0.00 secs] 
2024-10-10T17:56:53.138+0300: 306.744: Total time for which application threads were stopped: 0.0019296 seconds, Stopping threads took: 0.0002067 seconds
2024-10-10T17:56:57.515+0300: 311.129: Application time: 4.3847624 seconds
2024-10-10T17:56:57.515+0300: 311.129: [GC pause (G1 Evacuation Pause) (young), 0.0013823 secs]
   [Parallel Time: 0.7 ms, GC Workers: 6]
      [GC Worker Start (ms): Min: 311129.1, Avg: 311129.1, Max: 311129.1, Diff: 0.1]
      [Ext Root Scanning (ms): Min: 0.2, Avg: 0.3, Max: 0.3, Diff: 0.0, Sum: 1.5]
      [Update RS (ms): Min: 0.0, Avg: 0.0, Max: 0.1, Diff: 0.1, Sum: 0.1]
         [Processed Buffers: Min: 0, Avg: 0.5, Max: 1, Diff: 1, Sum: 3]
      [Scan RS (ms): Min: 0.0, Avg: 0.1, Max: 0.1, Diff: 0.1, Sum: 0.5]
      [Code Root Scanning (ms): Min: 0.0, Avg: 0.0, Max: 0.0, Diff: 0.0, Sum: 0.0]
      [Object Copy (ms): Min: 0.1, Avg: 0.2, Max: 0.2, Diff: 0.1, Sum: 1.0]
      [Termination (ms): Min: 0.0, Avg: 0.0, Max: 0.0, Diff: 0.0, Sum: 0.1]
         [Termination Attempts: Min: 1, Avg: 1.0, Max: 1, Diff: 0, Sum: 6]
      [GC Worker Other (ms): Min: 0.0, Avg: 0.0, Max: 0.0, Diff: 0.0, Sum: 0.1]
      [GC Worker Total (ms): Min: 0.5, Avg: 0.6, Max: 0.6, Diff: 0.0, Sum: 3.4]
      [GC Worker End (ms): Min: 311129.7, Avg: 311129.7, Max: 311129.7, Diff: 0.0]
   [Code Root Fixup: 0.0 ms]
   [Code Root Purge: 0.0 ms]
   [Clear CT: 0.1 ms]
   [Other: 0.6 ms]
      [Choose CSet: 0.0 ms]
      [Ref Proc: 0.1 ms]
      [Ref Enq: 0.0 ms]
      [Redirty Cards: 0.1 ms]
      [Humongous Register: 0.0 ms]
      [Humongous Reclaim: 0.0 ms]
      [Free CSet: 0.2 ms]
   [Eden: 417.0M(417.0M)->0.0B(417.0M) Survivors: 3072.0K->3072.0K Heap: 479.3M(700.0M)->63603.6K(700.0M)]
 [Times: user=0.00 sys=0.01, real=0.02 secs] 
2024-10-10T17:56:57.531+0300: 311.130: Total time for which application threads were stopped: 0.0017651 seconds, Stopping threads took: 0.0002032 seconds
2024-10-10T17:57:01.988+0300: 315.594: Application time: 4.4639165 seconds
2024-10-10T17:57:01.988+0300: 315.595: [GC pause (G1 Evacuation Pause) (young), 0.0015085 secs]
   [Parallel Time: 0.7 ms, GC Workers: 6]
      [GC Worker Start (ms): Min: 315594.9, Avg: 315594.9, Max: 315594.9, Diff: 0.1]
      [Ext Root Scanning (ms): Min: 0.2, Avg: 0.3, Max: 0.3, Diff: 0.1, Sum: 1.5]
      [Update RS (ms): Min: 0.0, Avg: 0.0, Max: 0.0, Diff: 0.0, Sum: 0.1]
         [Processed Buffers: Min: 0, Avg: 0.5, Max: 1, Diff: 1, Sum: 3]
      [Scan RS (ms): Min: 0.0, Avg: 0.1, Max: 0.1, Diff: 0.1, Sum: 0.5]
      [Code Root Scanning (ms): Min: 0.0, Avg: 0.0, Max: 0.0, Diff: 0.0, Sum: 0.0]
      [Object Copy (ms): Min: 0.2, Avg: 0.2, Max: 0.3, Diff: 0.1, Sum: 1.2]
      [Termination (ms): Min: 0.0, Avg: 0.0, Max: 0.0, Diff: 0.0, Sum: 0.0]
         [Termination Attempts: Min: 1, Avg: 2.8, Max: 6, Diff: 5, Sum: 17]
      [GC Worker Other (ms): Min: 0.0, Avg: 0.0, Max: 0.0, Diff: 0.0, Sum: 0.1]
      [GC Worker Total (ms): Min: 0.6, Avg: 0.6, Max: 0.6, Diff: 0.1, Sum: 3.5]
      [GC Worker End (ms): Min: 315595.5, Avg: 315595.5, Max: 315595.5, Diff: 0.0]
   [Code Root Fixup: 0.0 ms]
   [Code Root Purge: 0.0 ms]
   [Clear CT: 0.2 ms]
   [Other: 0.6 ms]
      [Choose CSet: 0.0 ms]
      [Ref Proc: 0.1 ms]
      [Ref Enq: 0.0 ms]
      [Redirty Cards: 0.2 ms]
      [Humongous Register: 0.1 ms]
      [Humongous Reclaim: 0.0 ms]
      [Free CSet: 0.2 ms]
   [Eden: 417.0M(417.0M)->0.0B(418.0M) Survivors: 3072.0K->2048.0K Heap: 479.1M(700.0M)->63056.8K(700.0M)]
 [Times: user=0.00 sys=0.00, real=0.00 secs] 
2024-10-10T17:57:01.988+0300: 315.596: Total time for which application threads were stopped: 0.0019131 seconds, Stopping threads took: 0.0001658 seconds
2024-10-10T17:57:06.414+0300: 320.015: Application time: 4.4188849 seconds
2024-10-10T17:57:06.414+0300: 320.015: [GC pause (G1 Evacuation Pause) (young), 0.0012291 secs]
   [Parallel Time: 0.6 ms, GC Workers: 6]
      [GC Worker Start (ms): Min: 320015.5, Avg: 320015.6, Max: 320015.6, Diff: 0.1]
      [Ext Root Scanning (ms): Min: 0.2, Avg: 0.3, Max: 0.3, Diff: 0.1, Sum: 1.5]
      [Update RS (ms): Min: 0.0, Avg: 0.0, Max: 0.0, Diff: 0.0, Sum: 0.1]
         [Processed Buffers: Min: 0, Avg: 0.5, Max: 1, Diff: 1, Sum: 3]
      [Scan RS (ms): Min: 0.0, Avg: 0.1, Max: 0.1, Diff: 0.1, Sum: 0.4]
      [Code Root Scanning (ms): Min: 0.0, Avg: 0.0, Max: 0.0, Diff: 0.0, Sum: 0.0]
      [Object Copy (ms): Min: 0.1, Avg: 0.1, Max: 0.2, Diff: 0.1, Sum: 0.9]
      [Termination (ms): Min: 0.0, Avg: 0.0, Max: 0.0, Diff: 0.0, Sum: 0.1]
         [Termination Attempts: Min: 1, Avg: 1.0, Max: 1, Diff: 0, Sum: 6]
      [GC Worker Other (ms): Min: 0.0, Avg: 0.0, Max: 0.0, Diff: 0.0, Sum: 0.1]
      [GC Worker Total (ms): Min: 0.5, Avg: 0.5, Max: 0.5, Diff: 0.1, Sum: 3.0]
      [GC Worker End (ms): Min: 320016.1, Avg: 320016.1, Max: 320016.1, Diff: 0.0]
   [Code Root Fixup: 0.0 ms]
   [Code Root Purge: 0.0 ms]
   [Clear CT: 0.1 ms]
   [Other: 0.5 ms]
      [Choose CSet: 0.0 ms]
      [Ref Proc: 0.1 ms]
      [Ref Enq: 0.0 ms]
      [Redirty Cards: 0.1 ms]
      [Humongous Register: 0.0 ms]
      [Humongous Reclaim: 0.0 ms]
      [Free CSet: 0.2 ms]
   [Eden: 418.0M(418.0M)->0.0B(418.0M) Survivors: 2048.0K->2048.0K Heap: 479.6M(700.0M)->63081.3K(700.0M)]
 [Times: user=0.00 sys=0.00, real=0.00 secs] 
2024-10-10T17:57:06.414+0300: 320.017: Total time for which application threads were stopped: 0.0015952 seconds, Stopping threads took: 0.0001657 seconds
2024-10-10T17:57:10.779+0300: 324.390: Application time: 4.3729800 seconds
2024-10-10T17:57:10.779+0300: 324.390: [GC pause (G1 Evacuation Pause) (young), 0.0014215 secs]
   [Parallel Time: 0.7 ms, GC Workers: 6]
      [GC Worker Start (ms): Min: 324390.2, Avg: 324390.2, Max: 324390.2, Diff: 0.1]
      [Ext Root Scanning (ms): Min: 0.2, Avg: 0.3, Max: 0.6, Diff: 0.3, Sum: 1.9]
      [Update RS (ms): Min: 0.0, Avg: 0.0, Max: 0.0, Diff: 0.0, Sum: 0.1]
         [Processed Buffers: Min: 0, Avg: 0.5, Max: 1, Diff: 1, Sum: 3]
      [Scan RS (ms): Min: 0.0, Avg: 0.1, Max: 0.1, Diff: 0.1, Sum: 0.4]
      [Code Root Scanning (ms): Min: 0.0, Avg: 0.0, Max: 0.0, Diff: 0.0, Sum: 0.0]
      [Object Copy (ms): Min: 0.1, Avg: 0.2, Max: 0.2, Diff: 0.2, Sum: 1.1]
      [Termination (ms): Min: 0.0, Avg: 0.1, Max: 0.1, Diff: 0.1, Sum: 0.4]
         [Termination Attempts: Min: 1, Avg: 1.7, Max: 2, Diff: 1, Sum: 10]
      [GC Worker Other (ms): Min: 0.0, Avg: 0.0, Max: 0.0, Diff: 0.0, Sum: 0.1]
      [GC Worker Total (ms): Min: 0.6, Avg: 0.7, Max: 0.7, Diff: 0.1, Sum: 4.0]
      [GC Worker End (ms): Min: 324390.8, Avg: 324390.8, Max: 324390.9, Diff: 0.0]
   [Code Root Fixup: 0.0 ms]
   [Code Root Purge: 0.0 ms]
   [Clear CT: 0.1 ms]
   [Other: 0.5 ms]
      [Choose CSet: 0.0 ms]
      [Ref Proc: 0.1 ms]
      [Ref Enq: 0.0 ms]
      [Redirty Cards: 0.1 ms]
      [Humongous Register: 0.0 ms]
      [Humongous Reclaim: 0.0 ms]
      [Free CSet: 0.2 ms]
   [Eden: 418.0M(418.0M)->0.0B(417.0M) Survivors: 2048.0K->3072.0K Heap: 479.6M(700.0M)->64037.4K(700.0M)]
 [Times: user=0.00 sys=0.00, real=0.00 secs] 
2024-10-10T17:57:10.779+0300: 324.392: Total time for which application threads were stopped: 0.0018198 seconds, Stopping threads took: 0.0001890 seconds
2024-10-10T17:57:15.235+0300: 328.843: Application time: 4.4512826 seconds
2024-10-10T17:57:15.235+0300: 328.843: [GC pause (G1 Evacuation Pause) (young), 0.0012636 secs]
   [Parallel Time: 0.7 ms, GC Workers: 6]
      [GC Worker Start (ms): Min: 328843.3, Avg: 328843.3, Max: 328843.6, Diff: 0.3]
      [Ext Root Scanning (ms): Min: 0.0, Avg: 0.2, Max: 0.3, Diff: 0.3, Sum: 1.4]
      [Update RS (ms): Min: 0.0, Avg: 0.0, Max: 0.1, Diff: 0.0, Sum: 0.1]
         [Processed Buffers: Min: 0, Avg: 1.2, Max: 3, Diff: 3, Sum: 7]
      [Scan RS (ms): Min: 0.1, Avg: 0.1, Max: 0.1, Diff: 0.0, Sum: 0.4]
      [Code Root Scanning (ms): Min: 0.0, Avg: 0.0, Max: 0.0, Diff: 0.0, Sum: 0.0]
      [Object Copy (ms): Min: 0.1, Avg: 0.1, Max: 0.2, Diff: 0.1, Sum: 0.9]
      [Termination (ms): Min: 0.0, Avg: 0.0, Max: 0.0, Diff: 0.0, Sum: 0.1]
         [Termination Attempts: Min: 1, Avg: 1.0, Max: 1, Diff: 0, Sum: 6]
      [GC Worker Other (ms): Min: 0.0, Avg: 0.0, Max: 0.0, Diff: 0.0, Sum: 0.1]
      [GC Worker Total (ms): Min: 0.3, Avg: 0.5, Max: 0.6, Diff: 0.3, Sum: 3.1]
      [GC Worker End (ms): Min: 328843.8, Avg: 328843.9, Max: 328843.9, Diff: 0.0]
   [Code Root Fixup: 0.0 ms]
   [Code Root Purge: 0.0 ms]
   [Clear CT: 0.1 ms]
   [Other: 0.5 ms]
      [Choose CSet: 0.0 ms]
      [Ref Proc: 0.1 ms]
      [Ref Enq: 0.0 ms]
      [Redirty Cards: 0.1 ms]
      [Humongous Register: 0.0 ms]
      [Humongous Reclaim: 0.0 ms]
      [Free CSet: 0.2 ms]
   [Eden: 417.0M(417.0M)->0.0B(418.0M) Survivors: 3072.0K->2048.0K Heap: 479.5M(700.0M)->63207.6K(700.0M)]
 [Times: user=0.00 sys=0.00, real=0.00 secs] 
2024-10-10T17:57:15.235+0300: 328.845: Total time for which application threads were stopped: 0.0016821 seconds, Stopping threads took: 0.0002279 seconds
2024-10-10T17:57:19.644+0300: 333.258: Application time: 4.4131676 seconds
2024-10-10T17:57:19.644+0300: 333.258: [GC pause (G1 Evacuation Pause) (young), 0.0013922 secs]
   [Parallel Time: 0.7 ms, GC Workers: 6]
      [GC Worker Start (ms): Min: 333258.1, Avg: 333258.1, Max: 333258.4, Diff: 0.3]
      [Ext Root Scanning (ms): Min: 0.0, Avg: 0.2, Max: 0.3, Diff: 0.3, Sum: 1.4]
      [Update RS (ms): Min: 0.0, Avg: 0.0, Max: 0.0, Diff: 0.0, Sum: 0.1]
         [Processed Buffers: Min: 0, Avg: 0.8, Max: 2, Diff: 2, Sum: 5]
      [Scan RS (ms): Min: 0.1, Avg: 0.1, Max: 0.1, Diff: 0.0, Sum: 0.4]
      [Code Root Scanning (ms): Min: 0.0, Avg: 0.0, Max: 0.0, Diff: 0.0, Sum: 0.0]
      [Object Copy (ms): Min: 0.2, Avg: 0.2, Max: 0.2, Diff: 0.0, Sum: 1.2]
      [Termination (ms): Min: 0.0, Avg: 0.0, Max: 0.0, Diff: 0.0, Sum: 0.1]
         [Termination Attempts: Min: 1, Avg: 1.2, Max: 2, Diff: 1, Sum: 7]
      [GC Worker Other (ms): Min: 0.0, Avg: 0.0, Max: 0.1, Diff: 0.1, Sum: 0.2]
      [GC Worker Total (ms): Min: 0.3, Avg: 0.5, Max: 0.6, Diff: 0.3, Sum: 3.3]
      [GC Worker End (ms): Min: 333258.6, Avg: 333258.7, Max: 333258.7, Diff: 0.0]
   [Code Root Fixup: 0.0 ms]
   [Code Root Purge: 0.0 ms]
   [Clear CT: 0.2 ms]
   [Other: 0.5 ms]
      [Choose CSet: 0.0 ms]
      [Ref Proc: 0.1 ms]
      [Ref Enq: 0.0 ms]
      [Redirty Cards: 0.1 ms]
      [Humongous Register: 0.0 ms]
      [Humongous Reclaim: 0.0 ms]
      [Free CSet: 0.2 ms]
   [Eden: 418.0M(418.0M)->0.0B(417.0M) Survivors: 2048.0K->3072.0K Heap: 479.7M(700.0M)->64147.6K(700.0M)]
 [Times: user=0.02 sys=0.00, real=0.02 secs] 
2024-10-10T17:57:19.660+0300: 333.259: Total time for which application threads were stopped: 0.0017415 seconds, Stopping threads took: 0.0001627 seconds
2024-10-10T17:57:24.071+0300: 337.677: Application time: 4.4176852 seconds
2024-10-10T17:57:24.071+0300: 337.677: [GC pause (G1 Evacuation Pause) (young), 0.0013301 secs]
   [Parallel Time: 0.6 ms, GC Workers: 6]
      [GC Worker Start (ms): Min: 337677.5, Avg: 337677.5, Max: 337677.6, Diff: 0.1]
      [Ext Root Scanning (ms): Min: 0.2, Avg: 0.2, Max: 0.3, Diff: 0.1, Sum: 1.4]
      [Update RS (ms): Min: 0.0, Avg: 0.0, Max: 0.0, Diff: 0.0, Sum: 0.1]
         [Processed Buffers: Min: 0, Avg: 0.8, Max: 2, Diff: 2, Sum: 5]
      [Scan RS (ms): Min: 0.0, Avg: 0.1, Max: 0.1, Diff: 0.1, Sum: 0.4]
      [Code Root Scanning (ms): Min: 0.0, Avg: 0.0, Max: 0.0, Diff: 0.0, Sum: 0.0]
      [Object Copy (ms): Min: 0.1, Avg: 0.2, Max: 0.2, Diff: 0.1, Sum: 0.9]
      [Termination (ms): Min: 0.0, Avg: 0.0, Max: 0.0, Diff: 0.0, Sum: 0.1]
         [Termination Attempts: Min: 1, Avg: 1.0, Max: 1, Diff: 0, Sum: 6]
      [GC Worker Other (ms): Min: 0.0, Avg: 0.0, Max: 0.0, Diff: 0.0, Sum: 0.1]
      [GC Worker Total (ms): Min: 0.5, Avg: 0.5, Max: 0.6, Diff: 0.1, Sum: 3.1]
      [GC Worker End (ms): Min: 337678.1, Avg: 337678.1, Max: 337678.1, Diff: 0.0]
   [Code Root Fixup: 0.0 ms]
   [Code Root Purge: 0.0 ms]
   [Clear CT: 0.1 ms]
   [Other: 0.5 ms]
      [Choose CSet: 0.0 ms]
      [Ref Proc: 0.1 ms]
      [Ref Enq: 0.0 ms]
      [Redirty Cards: 0.1 ms]
      [Humongous Register: 0.1 ms]
      [Humongous Reclaim: 0.0 ms]
      [Free CSet: 0.2 ms]
   [Eden: 417.0M(417.0M)->0.0B(418.0M) Survivors: 3072.0K->2048.0K Heap: 479.6M(700.0M)->63346.7K(700.0M)]
 [Times: user=0.00 sys=0.00, real=0.00 secs] 
2024-10-10T17:57:24.071+0300: 337.679: Total time for which application threads were stopped: 0.0016768 seconds, Stopping threads took: 0.0001266 seconds
2024-10-10T17:57:28.496+0300: 342.099: Application time: 4.4197030 seconds
2024-10-10T17:57:28.496+0300: 342.099: [GC pause (G1 Evacuation Pause) (young), 0.0013636 secs]
   [Parallel Time: 0.7 ms, GC Workers: 6]
      [GC Worker Start (ms): Min: 342098.9, Avg: 342098.9, Max: 342098.9, Diff: 0.1]
      [Ext Root Scanning (ms): Min: 0.2, Avg: 0.2, Max: 0.3, Diff: 0.1, Sum: 1.5]
      [Update RS (ms): Min: 0.0, Avg: 0.0, Max: 0.1, Diff: 0.1, Sum: 0.1]
         [Processed Buffers: Min: 0, Avg: 0.8, Max: 3, Diff: 3, Sum: 5]
      [Scan RS (ms): Min: 0.0, Avg: 0.1, Max: 0.1, Diff: 0.1, Sum: 0.5]
      [Code Root Scanning (ms): Min: 0.0, Avg: 0.0, Max: 0.0, Diff: 0.0, Sum: 0.0]
      [Object Copy (ms): Min: 0.2, Avg: 0.2, Max: 0.3, Diff: 0.1, Sum: 1.4]
      [Termination (ms): Min: 0.0, Avg: 0.0, Max: 0.0, Diff: 0.0, Sum: 0.0]
         [Termination Attempts: Min: 1, Avg: 2.2, Max: 3, Diff: 2, Sum: 13]
      [GC Worker Other (ms): Min: 0.0, Avg: 0.0, Max: 0.1, Diff: 0.0, Sum: 0.2]
      [GC Worker Total (ms): Min: 0.6, Avg: 0.6, Max: 0.7, Diff: 0.1, Sum: 3.7]
      [GC Worker End (ms): Min: 342099.5, Avg: 342099.5, Max: 342099.5, Diff: 0.0]
   [Code Root Fixup: 0.0 ms]
   [Code Root Purge: 0.0 ms]
   [Clear CT: 0.1 ms]
   [Other: 0.5 ms]
      [Choose CSet: 0.0 ms]
      [Ref Proc: 0.1 ms]
      [Ref Enq: 0.0 ms]
      [Redirty Cards: 0.1 ms]
      [Humongous Register: 0.0 ms]
      [Humongous Reclaim: 0.0 ms]
      [Free CSet: 0.2 ms]
   [Eden: 418.0M(418.0M)->0.0B(417.0M) Survivors: 2048.0K->3072.0K Heap: 479.9M(700.0M)->64072.8K(700.0M)]
 [Times: user=0.00 sys=0.00, real=0.00 secs] 
2024-10-10T17:57:28.496+0300: 342.100: Total time for which application threads were stopped: 0.0017029 seconds, Stopping threads took: 0.0001513 seconds
2024-10-10T17:57:32.958+0300: 346.566: Application time: 4.4661984 seconds
2024-10-10T17:57:32.958+0300: 346.567: [GC pause (G1 Evacuation Pause) (young), 0.0013733 secs]
   [Parallel Time: 0.7 ms, GC Workers: 6]
      [GC Worker Start (ms): Min: 346566.8, Avg: 346566.8, Max: 346566.9, Diff: 0.1]
      [Ext Root Scanning (ms): Min: 0.2, Avg: 0.3, Max: 0.3, Diff: 0.1, Sum: 1.5]
      [Update RS (ms): Min: 0.0, Avg: 0.0, Max: 0.0, Diff: 0.0, Sum: 0.1]
         [Processed Buffers: Min: 0, Avg: 0.7, Max: 2, Diff: 2, Sum: 4]
      [Scan RS (ms): Min: 0.0, Avg: 0.1, Max: 0.1, Diff: 0.0, Sum: 0.4]
      [Code Root Scanning (ms): Min: 0.0, Avg: 0.0, Max: 0.0, Diff: 0.0, Sum: 0.0]
      [Object Copy (ms): Min: 0.1, Avg: 0.2, Max: 0.2, Diff: 0.1, Sum: 1.0]
      [Termination (ms): Min: 0.0, Avg: 0.0, Max: 0.0, Diff: 0.0, Sum: 0.1]
         [Termination Attempts: Min: 1, Avg: 1.0, Max: 1, Diff: 0, Sum: 6]
      [GC Worker Other (ms): Min: 0.0, Avg: 0.0, Max: 0.0, Diff: 0.0, Sum: 0.1]
      [GC Worker Total (ms): Min: 0.5, Avg: 0.5, Max: 0.6, Diff: 0.1, Sum: 3.2]
      [GC Worker End (ms): Min: 346567.4, Avg: 346567.4, Max: 346567.4, Diff: 0.0]
   [Code Root Fixup: 0.0 ms]
   [Code Root Purge: 0.0 ms]
   [Clear CT: 0.2 ms]
   [Other: 0.5 ms]
      [Choose CSet: 0.0 ms]
      [Ref Proc: 0.1 ms]
      [Ref Enq: 0.0 ms]
      [Redirty Cards: 0.1 ms]
      [Humongous Register: 0.0 ms]
      [Humongous Reclaim: 0.0 ms]
      [Free CSet: 0.2 ms]
   [Eden: 417.0M(417.0M)->0.0B(418.0M) Survivors: 3072.0K->2048.0K Heap: 479.6M(700.0M)->63281.2K(700.0M)]
 [Times: user=0.00 sys=0.00, real=0.00 secs] 
2024-10-10T17:57:32.958+0300: 346.568: Total time for which application threads were stopped: 0.0017435 seconds, Stopping threads took: 0.0001556 seconds
2024-10-10T17:57:37.427+0300: 351.033: Application time: 4.4643953 seconds
2024-10-10T17:57:37.427+0300: 351.033: [GC pause (G1 Evacuation Pause) (young), 0.0012564 secs]
   [Parallel Time: 0.6 ms, GC Workers: 6]
      [GC Worker Start (ms): Min: 351032.9, Avg: 351033.0, Max: 351033.1, Diff: 0.2]
      [Ext Root Scanning (ms): Min: 0.0, Avg: 0.2, Max: 0.3, Diff: 0.2, Sum: 1.3]
      [Update RS (ms): Min: 0.0, Avg: 0.0, Max: 0.0, Diff: 0.0, Sum: 0.1]
         [Processed Buffers: Min: 0, Avg: 0.7, Max: 1, Diff: 1, Sum: 4]
      [Scan RS (ms): Min: 0.1, Avg: 0.1, Max: 0.1, Diff: 0.0, Sum: 0.4]
      [Code Root Scanning (ms): Min: 0.0, Avg: 0.0, Max: 0.0, Diff: 0.0, Sum: 0.0]
      [Object Copy (ms): Min: 0.2, Avg: 0.2, Max: 0.2, Diff: 0.0, Sum: 1.1]
      [Termination (ms): Min: 0.0, Avg: 0.0, Max: 0.0, Diff: 0.0, Sum: 0.1]
         [Termination Attempts: Min: 1, Avg: 1.0, Max: 1, Diff: 0, Sum: 6]
      [GC Worker Other (ms): Min: 0.0, Avg: 0.0, Max: 0.0, Diff: 0.0, Sum: 0.1]
      [GC Worker Total (ms): Min: 0.3, Avg: 0.5, Max: 0.6, Diff: 0.2, Sum: 3.1]
      [GC Worker End (ms): Min: 351033.5, Avg: 351033.5, Max: 351033.5, Diff: 0.0]
   [Code Root Fixup: 0.0 ms]
   [Code Root Purge: 0.0 ms]
   [Clear CT: 0.2 ms]
   [Other: 0.5 ms]
      [Choose CSet: 0.0 ms]
      [Ref Proc: 0.1 ms]
      [Ref Enq: 0.0 ms]
      [Redirty Cards: 0.1 ms]
      [Humongous Register: 0.0 ms]
      [Humongous Reclaim: 0.0 ms]
      [Free CSet: 0.2 ms]
   [Eden: 418.0M(418.0M)->0.0B(418.0M) Survivors: 2048.0K->2048.0K Heap: 479.8M(700.0M)->63224.5K(700.0M)]
 [Times: user=0.00 sys=0.00, real=0.00 secs] 
2024-10-10T17:57:37.427+0300: 351.034: Total time for which application threads were stopped: 0.0015818 seconds, Stopping threads took: 0.0001381 seconds
2024-10-10T17:57:41.854+0300: 355.463: Application time: 4.4287814 seconds
2024-10-10T17:57:41.854+0300: 355.463: [GC pause (G1 Evacuation Pause) (young), 0.0013172 secs]
   [Parallel Time: 0.6 ms, GC Workers: 6]
      [GC Worker Start (ms): Min: 355463.5, Avg: 355463.6, Max: 355463.6, Diff: 0.0]
      [Ext Root Scanning (ms): Min: 0.2, Avg: 0.3, Max: 0.3, Diff: 0.0, Sum: 1.6]
      [Update RS (ms): Min: 0.0, Avg: 0.0, Max: 0.1, Diff: 0.1, Sum: 0.1]
         [Processed Buffers: Min: 0, Avg: 0.7, Max: 2, Diff: 2, Sum: 4]
      [Scan RS (ms): Min: 0.0, Avg: 0.1, Max: 0.1, Diff: 0.1, Sum: 0.4]
      [Code Root Scanning (ms): Min: 0.0, Avg: 0.0, Max: 0.0, Diff: 0.0, Sum: 0.0]
      [Object Copy (ms): Min: 0.1, Avg: 0.2, Max: 0.2, Diff: 0.1, Sum: 1.1]
      [Termination (ms): Min: 0.0, Avg: 0.0, Max: 0.0, Diff: 0.0, Sum: 0.0]
         [Termination Attempts: Min: 1, Avg: 1.5, Max: 2, Diff: 1, Sum: 9]
      [GC Worker Other (ms): Min: 0.0, Avg: 0.0, Max: 0.1, Diff: 0.0, Sum: 0.2]
      [GC Worker Total (ms): Min: 0.5, Avg: 0.6, Max: 0.6, Diff: 0.1, Sum: 3.5]
      [GC Worker End (ms): Min: 355464.1, Avg: 355464.1, Max: 355464.2, Diff: 0.0]
   [Code Root Fixup: 0.0 ms]
   [Code Root Purge: 0.0 ms]
   [Clear CT: 0.2 ms]
   [Other: 0.5 ms]
      [Choose CSet: 0.0 ms]
      [Ref Proc: 0.1 ms]
      [Ref Enq: 0.0 ms]
      [Redirty Cards: 0.1 ms]
      [Humongous Register: 0.0 ms]
      [Humongous Reclaim: 0.0 ms]
      [Free CSet: 0.2 ms]
   [Eden: 418.0M(418.0M)->0.0B(418.0M) Survivors: 2048.0K->2048.0K Heap: 479.7M(700.0M)->63107.0K(700.0M)]
 [Times: user=0.00 sys=0.00, real=0.00 secs] 
2024-10-10T17:57:41.854+0300: 355.465: Total time for which application threads were stopped: 0.0019214 seconds, Stopping threads took: 0.0004047 seconds
2024-10-10T17:57:45.871+0300: 359.470: Application time: 4.0052651 seconds
2024-10-10T17:57:45.871+0300: 359.471: Total time for which application threads were stopped: 0.0003821 seconds, Stopping threads took: 0.0003239 seconds
2024-10-10T17:57:46.311+0300: 359.920: Application time: 0.4491362 seconds
2024-10-10T17:57:46.311+0300: 359.920: [GC pause (G1 Evacuation Pause) (young), 0.0013462 secs]
   [Parallel Time: 0.7 ms, GC Workers: 6]
      [GC Worker Start (ms): Min: 359920.1, Avg: 359920.2, Max: 359920.4, Diff: 0.3]
      [Ext Root Scanning (ms): Min: 0.1, Avg: 0.2, Max: 0.4, Diff: 0.3, Sum: 1.5]
      [Update RS (ms): Min: 0.0, Avg: 0.0, Max: 0.0, Diff: 0.0, Sum: 0.1]
         [Processed Buffers: Min: 0, Avg: 0.8, Max: 1, Diff: 1, Sum: 5]
      [Scan RS (ms): Min: 0.0, Avg: 0.1, Max: 0.1, Diff: 0.1, Sum: 0.4]
      [Code Root Scanning (ms): Min: 0.0, Avg: 0.0, Max: 0.0, Diff: 0.0, Sum: 0.0]
      [Object Copy (ms): Min: 0.1, Avg: 0.1, Max: 0.2, Diff: 0.1, Sum: 0.7]
      [Termination (ms): Min: 0.0, Avg: 0.0, Max: 0.0, Diff: 0.0, Sum: 0.0]
         [Termination Attempts: Min: 1, Avg: 1.2, Max: 2, Diff: 1, Sum: 7]
      [GC Worker Other (ms): Min: 0.0, Avg: 0.0, Max: 0.0, Diff: 0.0, Sum: 0.1]
      [GC Worker Total (ms): Min: 0.4, Avg: 0.5, Max: 0.6, Diff: 0.3, Sum: 2.9]
      [GC Worker End (ms): Min: 359920.7, Avg: 359920.7, Max: 359920.7, Diff: 0.0]
   [Code Root Fixup: 0.0 ms]
   [Code Root Purge: 0.0 ms]
   [Clear CT: 0.1 ms]
   [Other: 0.5 ms]
      [Choose CSet: 0.0 ms]
      [Ref Proc: 0.1 ms]
      [Ref Enq: 0.0 ms]
      [Redirty Cards: 0.1 ms]
      [Humongous Register: 0.0 ms]
      [Humongous Reclaim: 0.0 ms]
      [Free CSet: 0.2 ms]
   [Eden: 418.0M(418.0M)->0.0B(418.0M) Survivors: 2048.0K->2048.0K Heap: 479.6M(700.0M)->63097.4K(700.0M)]
 [Times: user=0.00 sys=0.00, real=0.00 secs] 
2024-10-10T17:57:46.311+0300: 359.921: Total time for which application threads were stopped: 0.0017712 seconds, Stopping threads took: 0.0002271 seconds
2024-10-10T17:57:50.722+0300: 364.329: Application time: 4.4074590 seconds
2024-10-10T17:57:50.722+0300: 364.329: [GC pause (G1 Evacuation Pause) (young), 0.0012654 secs]
   [Parallel Time: 0.6 ms, GC Workers: 6]
      [GC Worker Start (ms): Min: 364329.2, Avg: 364329.3, Max: 364329.5, Diff: 0.3]
      [Ext Root Scanning (ms): Min: 0.0, Avg: 0.2, Max: 0.3, Diff: 0.3, Sum: 1.3]
      [Update RS (ms): Min: 0.0, Avg: 0.0, Max: 0.1, Diff: 0.1, Sum: 0.1]
         [Processed Buffers: Min: 0, Avg: 1.0, Max: 2, Diff: 2, Sum: 6]
      [Scan RS (ms): Min: 0.0, Avg: 0.1, Max: 0.1, Diff: 0.1, Sum: 0.4]
      [Code Root Scanning (ms): Min: 0.0, Avg: 0.0, Max: 0.0, Diff: 0.0, Sum: 0.0]
      [Object Copy (ms): Min: 0.1, Avg: 0.2, Max: 0.2, Diff: 0.1, Sum: 1.0]
      [Termination (ms): Min: 0.0, Avg: 0.0, Max: 0.0, Diff: 0.0, Sum: 0.1]
         [Termination Attempts: Min: 1, Avg: 1.0, Max: 1, Diff: 0, Sum: 6]
      [GC Worker Other (ms): Min: 0.0, Avg: 0.0, Max: 0.0, Diff: 0.0, Sum: 0.1]
      [GC Worker Total (ms): Min: 0.3, Avg: 0.5, Max: 0.6, Diff: 0.3, Sum: 3.1]
      [GC Worker End (ms): Min: 364329.8, Avg: 364329.8, Max: 364329.8, Diff: 0.0]
   [Code Root Fixup: 0.0 ms]
   [Code Root Purge: 0.0 ms]
   [Clear CT: 0.1 ms]
   [Other: 0.5 ms]
      [Choose CSet: 0.0 ms]
      [Ref Proc: 0.1 ms]
      [Ref Enq: 0.0 ms]
      [Redirty Cards: 0.1 ms]
      [Humongous Register: 0.0 ms]
      [Humongous Reclaim: 0.0 ms]
      [Free CSet: 0.2 ms]
   [Eden: 418.0M(418.0M)->0.0B(417.0M) Survivors: 2048.0K->3072.0K Heap: 479.6M(700.0M)->63611.6K(700.0M)]
 [Times: user=0.00 sys=0.00, real=0.00 secs] 
2024-10-10T17:57:50.722+0300: 364.331: Total time for which application threads were stopped: 0.0015914 seconds, Stopping threads took: 0.0001543 seconds
2024-10-10T17:57:55.149+0300: 368.755: Application time: 4.4246724 seconds
2024-10-10T17:57:55.149+0300: 368.755: [GC pause (G1 Evacuation Pause) (young), 0.0015677 secs]
   [Parallel Time: 0.7 ms, GC Workers: 6]
      [GC Worker Start (ms): Min: 368755.5, Avg: 368755.5, Max: 368755.6, Diff: 0.1]
      [Ext Root Scanning (ms): Min: 0.2, Avg: 0.2, Max: 0.3, Diff: 0.0, Sum: 1.5]
      [Update RS (ms): Min: 0.0, Avg: 0.0, Max: 0.0, Diff: 0.0, Sum: 0.1]
         [Processed Buffers: Min: 0, Avg: 0.8, Max: 1, Diff: 1, Sum: 5]
      [Scan RS (ms): Min: 0.1, Avg: 0.1, Max: 0.1, Diff: 0.0, Sum: 0.4]
      [Code Root Scanning (ms): Min: 0.0, Avg: 0.0, Max: 0.0, Diff: 0.0, Sum: 0.0]
      [Object Copy (ms): Min: 0.2, Avg: 0.2, Max: 0.2, Diff: 0.0, Sum: 1.0]
      [Termination (ms): Min: 0.0, Avg: 0.0, Max: 0.0, Diff: 0.0, Sum: 0.1]
         [Termination Attempts: Min: 1, Avg: 1.0, Max: 1, Diff: 0, Sum: 6]
      [GC Worker Other (ms): Min: 0.0, Avg: 0.0, Max: 0.0, Diff: 0.0, Sum: 0.1]
      [GC Worker Total (ms): Min: 0.5, Avg: 0.5, Max: 0.5, Diff: 0.0, Sum: 3.1]
      [GC Worker End (ms): Min: 368756.1, Avg: 368756.1, Max: 368756.1, Diff: 0.0]
   [Code Root Fixup: 0.0 ms]
   [Code Root Purge: 0.0 ms]
   [Clear CT: 0.2 ms]
   [Other: 0.7 ms]
      [Choose CSet: 0.0 ms]
      [Ref Proc: 0.1 ms]
      [Ref Enq: 0.0 ms]
      [Redirty Cards: 0.1 ms]
      [Humongous Register: 0.0 ms]
      [Humongous Reclaim: 0.0 ms]
      [Free CSet: 0.3 ms]
   [Eden: 417.0M(417.0M)->0.0B(417.0M) Survivors: 3072.0K->3072.0K Heap: 479.1M(700.0M)->63616.1K(700.0M)]
 [Times: user=0.00 sys=0.00, real=0.00 secs] 
2024-10-10T17:57:55.149+0300: 368.757: Total time for which application threads were stopped: 0.0019854 seconds, Stopping threads took: 0.0001454 seconds
2024-10-10T17:57:59.653+0300: 373.264: Application time: 4.5064386 seconds
2024-10-10T17:57:59.653+0300: 373.264: [GC pause (G1 Evacuation Pause) (young), 0.0015244 secs]
   [Parallel Time: 0.7 ms, GC Workers: 6]
      [GC Worker Start (ms): Min: 373264.0, Avg: 373264.0, Max: 373264.1, Diff: 0.1]
      [Ext Root Scanning (ms): Min: 0.2, Avg: 0.3, Max: 0.3, Diff: 0.1, Sum: 1.6]
      [Update RS (ms): Min: 0.0, Avg: 0.0, Max: 0.0, Diff: 0.0, Sum: 0.1]
         [Processed Buffers: Min: 0, Avg: 0.8, Max: 2, Diff: 2, Sum: 5]
      [Scan RS (ms): Min: 0.0, Avg: 0.1, Max: 0.1, Diff: 0.1, Sum: 0.5]
      [Code Root Scanning (ms): Min: 0.0, Avg: 0.0, Max: 0.0, Diff: 0.0, Sum: 0.0]
      [Object Copy (ms): Min: 0.1, Avg: 0.2, Max: 0.3, Diff: 0.1, Sum: 1.2]
      [Termination (ms): Min: 0.0, Avg: 0.0, Max: 0.0, Diff: 0.0, Sum: 0.0]
         [Termination Attempts: Min: 1, Avg: 1.0, Max: 1, Diff: 0, Sum: 6]
      [GC Worker Other (ms): Min: 0.0, Avg: 0.0, Max: 0.1, Diff: 0.1, Sum: 0.2]
      [GC Worker Total (ms): Min: 0.6, Avg: 0.6, Max: 0.7, Diff: 0.1, Sum: 3.7]
      [GC Worker End (ms): Min: 373264.6, Avg: 373264.6, Max: 373264.7, Diff: 0.0]
   [Code Root Fixup: 0.0 ms]
   [Code Root Purge: 0.0 ms]
   [Clear CT: 0.1 ms]
   [Other: 0.6 ms]
      [Choose CSet: 0.0 ms]
      [Ref Proc: 0.1 ms]
      [Ref Enq: 0.0 ms]
      [Redirty Cards: 0.1 ms]
      [Humongous Register: 0.1 ms]
      [Humongous Reclaim: 0.0 ms]
      [Free CSet: 0.2 ms]
   [Eden: 417.0M(417.0M)->0.0B(418.0M) Survivors: 3072.0K->2048.0K Heap: 479.1M(700.0M)->63123.2K(700.0M)]
 [Times: user=0.03 sys=0.00, real=0.00 secs] 
2024-10-10T17:57:59.653+0300: 373.265: Total time for which application threads were stopped: 0.0018480 seconds, Stopping threads took: 0.0001046 seconds
2024-10-10T17:58:04.535+0300: 378.138: Application time: 4.8721453 seconds
2024-10-10T17:58:04.535+0300: 378.138: [GC pause (G1 Evacuation Pause) (young), 0.0014810 secs]
   [Parallel Time: 0.8 ms, GC Workers: 6]
      [GC Worker Start (ms): Min: 378138.0, Avg: 378138.1, Max: 378138.6, Diff: 0.6]
      [Ext Root Scanning (ms): Min: 0.0, Avg: 0.2, Max: 0.3, Diff: 0.3, Sum: 1.4]
      [Update RS (ms): Min: 0.0, Avg: 0.0, Max: 0.0, Diff: 0.0, Sum: 0.1]
         [Processed Buffers: Min: 0, Avg: 0.8, Max: 2, Diff: 2, Sum: 5]
      [Scan RS (ms): Min: 0.0, Avg: 0.1, Max: 0.1, Diff: 0.1, Sum: 0.4]
      [Code Root Scanning (ms): Min: 0.0, Avg: 0.0, Max: 0.0, Diff: 0.0, Sum: 0.0]
      [Object Copy (ms): Min: 0.0, Avg: 0.1, Max: 0.3, Diff: 0.3, Sum: 0.9]
      [Termination (ms): Min: 0.0, Avg: 0.1, Max: 0.1, Diff: 0.1, Sum: 0.6]
         [Termination Attempts: Min: 1, Avg: 1.0, Max: 1, Diff: 0, Sum: 6]
      [GC Worker Other (ms): Min: 0.0, Avg: 0.0, Max: 0.0, Diff: 0.0, Sum: 0.1]
      [GC Worker Total (ms): Min: 0.1, Avg: 0.6, Max: 0.7, Diff: 0.6, Sum: 3.5]
      [GC Worker End (ms): Min: 378138.7, Avg: 378138.7, Max: 378138.7, Diff: 0.0]
   [Code Root Fixup: 0.0 ms]
   [Code Root Purge: 0.0 ms]
   [Clear CT: 0.2 ms]
   [Other: 0.5 ms]
      [Choose CSet: 0.0 ms]
      [Ref Proc: 0.1 ms]
      [Ref Enq: 0.0 ms]
      [Redirty Cards: 0.1 ms]
      [Humongous Register: 0.1 ms]
      [Humongous Reclaim: 0.0 ms]
      [Free CSet: 0.2 ms]
   [Eden: 418.0M(418.0M)->0.0B(417.0M) Survivors: 2048.0K->3072.0K Heap: 479.6M(700.0M)->63759.8K(700.0M)]
 [Times: user=0.00 sys=0.00, real=0.00 secs] 
2024-10-10T17:58:04.535+0300: 378.140: Total time for which application threads were stopped: 0.0018902 seconds, Stopping threads took: 0.0001968 seconds
2024-10-10T17:58:08.945+0300: 382.554: Application time: 4.4147696 seconds
2024-10-10T17:58:08.945+0300: 382.555: [GC pause (G1 Evacuation Pause) (young), 0.0013877 secs]
   [Parallel Time: 0.7 ms, GC Workers: 6]
      [GC Worker Start (ms): Min: 382554.7, Avg: 382554.7, Max: 382554.8, Diff: 0.1]
      [Ext Root Scanning (ms): Min: 0.2, Avg: 0.3, Max: 0.3, Diff: 0.1, Sum: 1.6]
      [Update RS (ms): Min: 0.0, Avg: 0.0, Max: 0.0, Diff: 0.0, Sum: 0.1]
         [Processed Buffers: Min: 0, Avg: 0.8, Max: 2, Diff: 2, Sum: 5]
      [Scan RS (ms): Min: 0.0, Avg: 0.1, Max: 0.1, Diff: 0.1, Sum: 0.5]
      [Code Root Scanning (ms): Min: 0.0, Avg: 0.0, Max: 0.0, Diff: 0.0, Sum: 0.0]
      [Object Copy (ms): Min: 0.1, Avg: 0.2, Max: 0.2, Diff: 0.1, Sum: 1.0]
      [Termination (ms): Min: 0.0, Avg: 0.0, Max: 0.0, Diff: 0.0, Sum: 0.2]
         [Termination Attempts: Min: 1, Avg: 1.0, Max: 1, Diff: 0, Sum: 6]
      [GC Worker Other (ms): Min: 0.0, Avg: 0.0, Max: 0.0, Diff: 0.0, Sum: 0.1]
      [GC Worker Total (ms): Min: 0.5, Avg: 0.6, Max: 0.6, Diff: 0.1, Sum: 3.4]
      [GC Worker End (ms): Min: 382555.3, Avg: 382555.3, Max: 382555.3, Diff: 0.0]
   [Code Root Fixup: 0.0 ms]
   [Code Root Purge: 0.0 ms]
   [Clear CT: 0.2 ms]
   [Other: 0.5 ms]
      [Choose CSet: 0.0 ms]
      [Ref Proc: 0.1 ms]
      [Ref Enq: 0.0 ms]
      [Redirty Cards: 0.1 ms]
      [Humongous Register: 0.0 ms]
      [Humongous Reclaim: 0.0 ms]
      [Free CSet: 0.2 ms]
   [Eden: 417.0M(417.0M)->0.0B(418.0M) Survivors: 3072.0K->2048.0K Heap: 479.3M(700.0M)->63417.3K(700.0M)]
 [Times: user=0.00 sys=0.00, real=0.00 secs] 
2024-10-10T17:58:08.945+0300: 382.556: Total time for which application threads were stopped: 0.0017809 seconds, Stopping threads took: 0.0001975 seconds
2024-10-10T17:58:13.341+0300: 386.945: Application time: 4.3894277 seconds
2024-10-10T17:58:13.341+0300: 386.946: [GC pause (G1 Evacuation Pause) (young), 0.0014439 secs]
   [Parallel Time: 0.7 ms, GC Workers: 6]
      [GC Worker Start (ms): Min: 386945.9, Avg: 386945.9, Max: 386946.0, Diff: 0.1]
      [Ext Root Scanning (ms): Min: 0.2, Avg: 0.3, Max: 0.3, Diff: 0.1, Sum: 1.7]
      [Update RS (ms): Min: 0.0, Avg: 0.0, Max: 0.0, Diff: 0.0, Sum: 0.1]
         [Processed Buffers: Min: 0, Avg: 0.8, Max: 2, Diff: 2, Sum: 5]
      [Scan RS (ms): Min: 0.0, Avg: 0.1, Max: 0.1, Diff: 0.1, Sum: 0.5]
      [Code Root Scanning (ms): Min: 0.0, Avg: 0.0, Max: 0.0, Diff: 0.0, Sum: 0.0]
      [Object Copy (ms): Min: 0.1, Avg: 0.2, Max: 0.3, Diff: 0.1, Sum: 1.2]
      [Termination (ms): Min: 0.0, Avg: 0.0, Max: 0.1, Diff: 0.1, Sum: 0.2]
         [Termination Attempts: Min: 1, Avg: 1.0, Max: 1, Diff: 0, Sum: 6]
      [GC Worker Other (ms): Min: 0.0, Avg: 0.0, Max: 0.0, Diff: 0.0, Sum: 0.1]
      [GC Worker Total (ms): Min: 0.6, Avg: 0.6, Max: 0.7, Diff: 0.1, Sum: 3.8]
      [GC Worker End (ms): Min: 386946.6, Avg: 386946.6, Max: 386946.6, Diff: 0.0]
   [Code Root Fixup: 0.0 ms]
   [Code Root Purge: 0.0 ms]
   [Clear CT: 0.2 ms]
   [Other: 0.6 ms]
      [Choose CSet: 0.0 ms]
      [Ref Proc: 0.1 ms]
      [Ref Enq: 0.0 ms]
      [Redirty Cards: 0.1 ms]
      [Humongous Register: 0.0 ms]
      [Humongous Reclaim: 0.0 ms]
      [Free CSet: 0.2 ms]
   [Eden: 418.0M(418.0M)->0.0B(417.0M) Survivors: 2048.0K->3072.0K Heap: 479.9M(700.0M)->63915.7K(700.0M)]
 [Times: user=0.00 sys=0.00, real=0.00 secs] 
2024-10-10T17:58:13.341+0300: 386.947: Total time for which application threads were stopped: 0.0018629 seconds, Stopping threads took: 0.0002001 seconds
2024-10-10T17:58:17.754+0300: 391.366: Application time: 4.4186482 seconds
2024-10-10T17:58:17.754+0300: 391.366: [GC pause (G1 Evacuation Pause) (young), 0.0014726 secs]
   [Parallel Time: 0.7 ms, GC Workers: 6]
      [GC Worker Start (ms): Min: 391366.3, Avg: 391366.4, Max: 391366.7, Diff: 0.3]
      [Ext Root Scanning (ms): Min: 0.0, Avg: 0.2, Max: 0.3, Diff: 0.3, Sum: 1.4]
      [Update RS (ms): Min: 0.0, Avg: 0.0, Max: 0.0, Diff: 0.0, Sum: 0.1]
         [Processed Buffers: Min: 0, Avg: 1.0, Max: 2, Diff: 2, Sum: 6]
      [Scan RS (ms): Min: 0.0, Avg: 0.1, Max: 0.1, Diff: 0.1, Sum: 0.5]
      [Code Root Scanning (ms): Min: 0.0, Avg: 0.0, Max: 0.0, Diff: 0.0, Sum: 0.0]
      [Object Copy (ms): Min: 0.1, Avg: 0.2, Max: 0.2, Diff: 0.1, Sum: 1.0]
      [Termination (ms): Min: 0.0, Avg: 0.0, Max: 0.0, Diff: 0.0, Sum: 0.1]
         [Termination Attempts: Min: 1, Avg: 1.0, Max: 1, Diff: 0, Sum: 6]
      [GC Worker Other (ms): Min: 0.0, Avg: 0.0, Max: 0.0, Diff: 0.0, Sum: 0.1]
      [GC Worker Total (ms): Min: 0.3, Avg: 0.5, Max: 0.6, Diff: 0.3, Sum: 3.2]
      [GC Worker End (ms): Min: 391366.9, Avg: 391366.9, Max: 391367.0, Diff: 0.0]
   [Code Root Fixup: 0.0 ms]
   [Code Root Purge: 0.0 ms]
   [Clear CT: 0.2 ms]
   [Other: 0.6 ms]
      [Choose CSet: 0.0 ms]
      [Ref Proc: 0.1 ms]
      [Ref Enq: 0.0 ms]
      [Redirty Cards: 0.1 ms]
      [Humongous Register: 0.0 ms]
      [Humongous Reclaim: 0.0 ms]
      [Free CSet: 0.2 ms]
   [Eden: 417.0M(417.0M)->0.0B(417.0M) Survivors: 3072.0K->3072.0K Heap: 479.4M(700.0M)->63924.4K(700.0M)]
 [Times: user=0.00 sys=0.00, real=0.00 secs] 
2024-10-10T17:58:17.754+0300: 391.368: Total time for which application threads were stopped: 0.0018233 seconds, Stopping threads took: 0.0001557 seconds
2024-10-10T17:58:22.179+0300: 395.782: Application time: 4.4144008 seconds
2024-10-10T17:58:22.179+0300: 395.782: [GC pause (G1 Evacuation Pause) (young), 0.0014159 secs]
   [Parallel Time: 0.7 ms, GC Workers: 6]
      [GC Worker Start (ms): Min: 395782.5, Avg: 395782.6, Max: 395782.9, Diff: 0.3]
      [Ext Root Scanning (ms): Min: 0.0, Avg: 0.2, Max: 0.3, Diff: 0.3, Sum: 1.4]
      [Update RS (ms): Min: 0.0, Avg: 0.0, Max: 0.1, Diff: 0.1, Sum: 0.1]
         [Processed Buffers: Min: 0, Avg: 1.0, Max: 2, Diff: 2, Sum: 6]
      [Scan RS (ms): Min: 0.0, Avg: 0.1, Max: 0.1, Diff: 0.1, Sum: 0.4]
      [Code Root Scanning (ms): Min: 0.0, Avg: 0.0, Max: 0.0, Diff: 0.0, Sum: 0.0]
      [Object Copy (ms): Min: 0.1, Avg: 0.2, Max: 0.3, Diff: 0.3, Sum: 1.2]
      [Termination (ms): Min: 0.0, Avg: 0.1, Max: 0.1, Diff: 0.1, Sum: 0.4]
         [Termination Attempts: Min: 1, Avg: 1.0, Max: 1, Diff: 0, Sum: 6]
      [GC Worker Other (ms): Min: 0.0, Avg: 0.0, Max: 0.0, Diff: 0.0, Sum: 0.1]
      [GC Worker Total (ms): Min: 0.3, Avg: 0.6, Max: 0.7, Diff: 0.3, Sum: 3.5]
      [GC Worker End (ms): Min: 395783.2, Avg: 395783.2, Max: 395783.2, Diff: 0.0]
   [Code Root Fixup: 0.0 ms]
   [Code Root Purge: 0.0 ms]
   [Clear CT: 0.2 ms]
   [Other: 0.6 ms]
      [Choose CSet: 0.0 ms]
      [Ref Proc: 0.1 ms]
      [Ref Enq: 0.0 ms]
      [Redirty Cards: 0.1 ms]
      [Humongous Register: 0.0 ms]
      [Humongous Reclaim: 0.0 ms]
      [Free CSet: 0.2 ms]
   [Eden: 417.0M(417.0M)->0.0B(417.0M) Survivors: 3072.0K->3072.0K Heap: 479.4M(700.0M)->64182.2K(700.0M)]
 [Times: user=0.00 sys=0.00, real=0.00 secs] 
2024-10-10T17:58:22.179+0300: 395.784: Total time for which application threads were stopped: 0.0017495 seconds, Stopping threads took: 0.0001481 seconds
2024-10-10T17:58:26.589+0300: 400.193: Application time: 4.4094560 seconds
2024-10-10T17:58:26.589+0300: 400.194: [GC pause (G1 Evacuation Pause) (young), 0.0015215 secs]
   [Parallel Time: 0.8 ms, GC Workers: 6]
      [GC Worker Start (ms): Min: 400194.0, Avg: 400194.1, Max: 400194.1, Diff: 0.1]
      [Ext Root Scanning (ms): Min: 0.2, Avg: 0.3, Max: 0.3, Diff: 0.1, Sum: 1.7]
      [Update RS (ms): Min: 0.0, Avg: 0.0, Max: 0.0, Diff: 0.0, Sum: 0.1]
         [Processed Buffers: Min: 0, Avg: 0.8, Max: 2, Diff: 2, Sum: 5]
      [Scan RS (ms): Min: 0.0, Avg: 0.1, Max: 0.1, Diff: 0.1, Sum: 0.4]
      [Code Root Scanning (ms): Min: 0.0, Avg: 0.0, Max: 0.0, Diff: 0.0, Sum: 0.0]
      [Object Copy (ms): Min: 0.1, Avg: 0.2, Max: 0.3, Diff: 0.1, Sum: 1.2]
      [Termination (ms): Min: 0.0, Avg: 0.0, Max: 0.0, Diff: 0.0, Sum: 0.1]
         [Termination Attempts: Min: 1, Avg: 1.0, Max: 1, Diff: 0, Sum: 6]
      [GC Worker Other (ms): Min: 0.0, Avg: 0.0, Max: 0.1, Diff: 0.0, Sum: 0.1]
      [GC Worker Total (ms): Min: 0.6, Avg: 0.6, Max: 0.7, Diff: 0.1, Sum: 3.6]
      [GC Worker End (ms): Min: 400194.6, Avg: 400194.7, Max: 400194.7, Diff: 0.0]
   [Code Root Fixup: 0.0 ms]
   [Code Root Purge: 0.0 ms]
   [Clear CT: 0.1 ms]
   [Other: 0.6 ms]
      [Choose CSet: 0.0 ms]
      [Ref Proc: 0.1 ms]
      [Ref Enq: 0.0 ms]
      [Redirty Cards: 0.1 ms]
      [Humongous Register: 0.1 ms]
      [Humongous Reclaim: 0.0 ms]
      [Free CSet: 0.2 ms]
   [Eden: 417.0M(417.0M)->0.0B(417.0M) Survivors: 3072.0K->3072.0K Heap: 479.7M(700.0M)->63662.5K(700.0M)]
 [Times: user=0.00 sys=0.00, real=0.00 secs] 
2024-10-10T17:58:26.589+0300: 400.195: Total time for which application threads were stopped: 0.0020282 seconds, Stopping threads took: 0.0002764 seconds
2024-10-10T17:58:30.999+0300: 404.604: Application time: 4.4080497 seconds
2024-10-10T17:58:30.999+0300: 404.604: [GC pause (G1 Evacuation Pause) (young), 0.0014048 secs]
   [Parallel Time: 0.7 ms, GC Workers: 6]
      [GC Worker Start (ms): Min: 404603.9, Avg: 404603.9, Max: 404604.0, Diff: 0.0]
      [Ext Root Scanning (ms): Min: 0.2, Avg: 0.3, Max: 0.3, Diff: 0.1, Sum: 1.5]
      [Update RS (ms): Min: 0.0, Avg: 0.0, Max: 0.0, Diff: 0.0, Sum: 0.1]
         [Processed Buffers: Min: 0, Avg: 0.8, Max: 2, Diff: 2, Sum: 5]
      [Scan RS (ms): Min: 0.0, Avg: 0.1, Max: 0.1, Diff: 0.1, Sum: 0.4]
      [Code Root Scanning (ms): Min: 0.0, Avg: 0.0, Max: 0.0, Diff: 0.0, Sum: 0.0]
      [Object Copy (ms): Min: 0.2, Avg: 0.2, Max: 0.2, Diff: 0.1, Sum: 1.2]
      [Termination (ms): Min: 0.0, Avg: 0.0, Max: 0.0, Diff: 0.0, Sum: 0.1]
         [Termination Attempts: Min: 1, Avg: 1.0, Max: 1, Diff: 0, Sum: 6]
      [GC Worker Other (ms): Min: 0.0, Avg: 0.0, Max: 0.0, Diff: 0.0, Sum: 0.1]
      [GC Worker Total (ms): Min: 0.6, Avg: 0.6, Max: 0.6, Diff: 0.1, Sum: 3.6]
      [GC Worker End (ms): Min: 404604.5, Avg: 404604.5, Max: 404604.6, Diff: 0.0]
   [Code Root Fixup: 0.0 ms]
   [Code Root Purge: 0.0 ms]
   [Clear CT: 0.2 ms]
   [Other: 0.5 ms]
      [Choose CSet: 0.0 ms]
      [Ref Proc: 0.1 ms]
      [Ref Enq: 0.0 ms]
      [Redirty Cards: 0.1 ms]
      [Humongous Register: 0.0 ms]
      [Humongous Reclaim: 0.0 ms]
      [Free CSet: 0.2 ms]
   [Eden: 417.0M(417.0M)->0.0B(417.0M) Survivors: 3072.0K->3072.0K Heap: 479.2M(700.0M)->63790.9K(700.0M)]
 [Times: user=0.00 sys=0.00, real=0.00 secs] 
2024-10-10T17:58:30.999+0300: 404.605: Total time for which application threads were stopped: 0.0018313 seconds, Stopping threads took: 0.0002237 seconds
2024-10-10T17:58:35.394+0300: 409.004: Application time: 4.3990780 seconds
2024-10-10T17:58:35.394+0300: 409.005: [GC pause (G1 Evacuation Pause) (young), 0.0013459 secs]
   [Parallel Time: 0.7 ms, GC Workers: 6]
      [GC Worker Start (ms): Min: 409005.0, Avg: 409005.0, Max: 409005.3, Diff: 0.3]
      [Ext Root Scanning (ms): Min: 0.0, Avg: 0.2, Max: 0.3, Diff: 0.3, Sum: 1.5]
      [Update RS (ms): Min: 0.0, Avg: 0.0, Max: 0.0, Diff: 0.0, Sum: 0.1]
         [Processed Buffers: Min: 0, Avg: 0.8, Max: 2, Diff: 2, Sum: 5]
      [Scan RS (ms): Min: 0.0, Avg: 0.1, Max: 0.1, Diff: 0.1, Sum: 0.4]
      [Code Root Scanning (ms): Min: 0.0, Avg: 0.0, Max: 0.0, Diff: 0.0, Sum: 0.0]
      [Object Copy (ms): Min: 0.1, Avg: 0.2, Max: 0.2, Diff: 0.1, Sum: 0.9]
      [Termination (ms): Min: 0.0, Avg: 0.0, Max: 0.0, Diff: 0.0, Sum: 0.1]
         [Termination Attempts: Min: 1, Avg: 1.0, Max: 1, Diff: 0, Sum: 6]
      [GC Worker Other (ms): Min: 0.0, Avg: 0.0, Max: 0.0, Diff: 0.0, Sum: 0.1]
      [GC Worker Total (ms): Min: 0.3, Avg: 0.5, Max: 0.6, Diff: 0.3, Sum: 3.1]
      [GC Worker End (ms): Min: 409005.6, Avg: 409005.6, Max: 409005.6, Diff: 0.0]
   [Code Root Fixup: 0.0 ms]
   [Code Root Purge: 0.0 ms]
   [Clear CT: 0.1 ms]
   [Other: 0.5 ms]
      [Choose CSet: 0.0 ms]
      [Ref Proc: 0.1 ms]
      [Ref Enq: 0.0 ms]
      [Redirty Cards: 0.1 ms]
      [Humongous Register: 0.1 ms]
      [Humongous Reclaim: 0.0 ms]
      [Free CSet: 0.2 ms]
   [Eden: 417.0M(417.0M)->0.0B(418.0M) Survivors: 3072.0K->2048.0K Heap: 479.3M(700.0M)->63357.1K(700.0M)]
 [Times: user=0.00 sys=0.00, real=0.00 secs] 
2024-10-10T17:58:35.394+0300: 409.006: Total time for which application threads were stopped: 0.0018385 seconds, Stopping threads took: 0.0002709 seconds
2024-10-10T17:58:39.836+0300: 413.435: Application time: 4.4282867 seconds
2024-10-10T17:58:39.836+0300: 413.435: [GC pause (G1 Evacuation Pause) (young), 0.0013713 secs]
   [Parallel Time: 0.6 ms, GC Workers: 6]
      [GC Worker Start (ms): Min: 413435.4, Avg: 413435.4, Max: 413435.5, Diff: 0.1]
      [Ext Root Scanning (ms): Min: 0.2, Avg: 0.3, Max: 0.3, Diff: 0.1, Sum: 1.5]
      [Update RS (ms): Min: 0.0, Avg: 0.0, Max: 0.0, Diff: 0.0, Sum: 0.1]
         [Processed Buffers: Min: 0, Avg: 0.8, Max: 2, Diff: 2, Sum: 5]
      [Scan RS (ms): Min: 0.0, Avg: 0.1, Max: 0.1, Diff: 0.1, Sum: 0.4]
      [Code Root Scanning (ms): Min: 0.0, Avg: 0.0, Max: 0.0, Diff: 0.0, Sum: 0.0]
      [Object Copy (ms): Min: 0.1, Avg: 0.2, Max: 0.2, Diff: 0.1, Sum: 0.9]
      [Termination (ms): Min: 0.0, Avg: 0.0, Max: 0.0, Diff: 0.0, Sum: 0.0]
         [Termination Attempts: Min: 1, Avg: 1.8, Max: 3, Diff: 2, Sum: 11]
      [GC Worker Other (ms): Min: 0.0, Avg: 0.0, Max: 0.0, Diff: 0.0, Sum: 0.1]
      [GC Worker Total (ms): Min: 0.5, Avg: 0.5, Max: 0.6, Diff: 0.1, Sum: 3.1]
      [GC Worker End (ms): Min: 413436.0, Avg: 413436.0, Max: 413436.0, Diff: 0.0]
   [Code Root Fixup: 0.0 ms]
   [Code Root Purge: 0.0 ms]
   [Clear CT: 0.2 ms]
   [Other: 0.6 ms]
      [Choose CSet: 0.0 ms]
      [Ref Proc: 0.1 ms]
      [Ref Enq: 0.0 ms]
      [Redirty Cards: 0.1 ms]
      [Humongous Register: 0.0 ms]
      [Humongous Reclaim: 0.0 ms]
      [Free CSet: 0.2 ms]
   [Eden: 418.0M(418.0M)->0.0B(418.0M) Survivors: 2048.0K->2048.0K Heap: 479.9M(700.0M)->63267.4K(700.0M)]
 [Times: user=0.02 sys=0.00, real=0.00 secs] 
2024-10-10T17:58:39.836+0300: 413.437: Total time for which application threads were stopped: 0.0022314 seconds, Stopping threads took: 0.0006665 seconds
2024-10-10T17:58:44.216+0300: 417.822: Application time: 4.3854533 seconds
2024-10-10T17:58:44.216+0300: 417.823: [GC pause (G1 Evacuation Pause) (young), 0.0012262 secs]
   [Parallel Time: 0.6 ms, GC Workers: 6]
      [GC Worker Start (ms): Min: 417822.7, Avg: 417822.7, Max: 417822.7, Diff: 0.0]
      [Ext Root Scanning (ms): Min: 0.2, Avg: 0.3, Max: 0.3, Diff: 0.0, Sum: 1.5]
      [Update RS (ms): Min: 0.0, Avg: 0.0, Max: 0.0, Diff: 0.0, Sum: 0.1]
         [Processed Buffers: Min: 0, Avg: 0.8, Max: 2, Diff: 2, Sum: 5]
      [Scan RS (ms): Min: 0.1, Avg: 0.1, Max: 0.1, Diff: 0.0, Sum: 0.4]
      [Code Root Scanning (ms): Min: 0.0, Avg: 0.0, Max: 0.0, Diff: 0.0, Sum: 0.0]
      [Object Copy (ms): Min: 0.1, Avg: 0.1, Max: 0.1, Diff: 0.0, Sum: 0.8]
      [Termination (ms): Min: 0.0, Avg: 0.0, Max: 0.0, Diff: 0.0, Sum: 0.1]
         [Termination Attempts: Min: 1, Avg: 1.0, Max: 1, Diff: 0, Sum: 6]
      [GC Worker Other (ms): Min: 0.0, Avg: 0.0, Max: 0.0, Diff: 0.0, Sum: 0.1]
      [GC Worker Total (ms): Min: 0.5, Avg: 0.5, Max: 0.5, Diff: 0.0, Sum: 3.0]
      [GC Worker End (ms): Min: 417823.2, Avg: 417823.2, Max: 417823.2, Diff: 0.0]
   [Code Root Fixup: 0.0 ms]
   [Code Root Purge: 0.0 ms]
   [Clear CT: 0.2 ms]
   [Other: 0.5 ms]
      [Choose CSet: 0.0 ms]
      [Ref Proc: 0.1 ms]
      [Ref Enq: 0.0 ms]
      [Redirty Cards: 0.1 ms]
      [Humongous Register: 0.0 ms]
      [Humongous Reclaim: 0.0 ms]
      [Free CSet: 0.1 ms]
   [Eden: 418.0M(418.0M)->0.0B(418.0M) Survivors: 2048.0K->2048.0K Heap: 479.8M(700.0M)->62941.6K(700.0M)]
 [Times: user=0.00 sys=0.00, real=0.00 secs] 
2024-10-10T17:58:44.216+0300: 417.824: Total time for which application threads were stopped: 0.0016850 seconds, Stopping threads took: 0.0002593 seconds
2024-10-10T17:58:48.658+0300: 422.258: Application time: 4.4340965 seconds
2024-10-10T17:58:48.658+0300: 422.258: [GC pause (G1 Evacuation Pause) (young), 0.0013680 secs]
   [Parallel Time: 0.6 ms, GC Workers: 6]
      [GC Worker Start (ms): Min: 422258.4, Avg: 422258.4, Max: 422258.5, Diff: 0.1]
      [Ext Root Scanning (ms): Min: 0.2, Avg: 0.3, Max: 0.3, Diff: 0.1, Sum: 1.6]
      [Update RS (ms): Min: 0.0, Avg: 0.0, Max: 0.0, Diff: 0.0, Sum: 0.1]
         [Processed Buffers: Min: 0, Avg: 1.0, Max: 2, Diff: 2, Sum: 6]
      [Scan RS (ms): Min: 0.0, Avg: 0.1, Max: 0.1, Diff: 0.1, Sum: 0.4]
      [Code Root Scanning (ms): Min: 0.0, Avg: 0.0, Max: 0.0, Diff: 0.0, Sum: 0.0]
      [Object Copy (ms): Min: 0.1, Avg: 0.1, Max: 0.2, Diff: 0.1, Sum: 0.7]
      [Termination (ms): Min: 0.0, Avg: 0.0, Max: 0.0, Diff: 0.0, Sum: 0.1]
         [Termination Attempts: Min: 1, Avg: 1.0, Max: 1, Diff: 0, Sum: 6]
      [GC Worker Other (ms): Min: 0.0, Avg: 0.0, Max: 0.0, Diff: 0.0, Sum: 0.1]
      [GC Worker Total (ms): Min: 0.5, Avg: 0.5, Max: 0.5, Diff: 0.1, Sum: 3.0]
      [GC Worker End (ms): Min: 422258.9, Avg: 422258.9, Max: 422258.9, Diff: 0.0]
   [Code Root Fixup: 0.0 ms]
   [Code Root Purge: 0.0 ms]
   [Clear CT: 0.2 ms]
   [Other: 0.6 ms]
      [Choose CSet: 0.0 ms]
      [Ref Proc: 0.1 ms]
      [Ref Enq: 0.0 ms]
      [Redirty Cards: 0.1 ms]
      [Humongous Register: 0.1 ms]
      [Humongous Reclaim: 0.0 ms]
      [Free CSet: 0.2 ms]
   [Eden: 418.0M(418.0M)->0.0B(418.0M) Survivors: 2048.0K->2048.0K Heap: 479.5M(700.0M)->62978.5K(700.0M)]
 [Times: user=0.00 sys=0.00, real=0.00 secs] 
2024-10-10T17:58:48.658+0300: 422.260: Total time for which application threads were stopped: 0.0017066 seconds, Stopping threads took: 0.0001509 seconds
2024-10-10T17:58:53.069+0300: 426.669: Application time: 4.4094604 seconds
2024-10-10T17:58:53.069+0300: 426.670: [GC pause (G1 Evacuation Pause) (young), 0.0014315 secs]
   [Parallel Time: 0.7 ms, GC Workers: 6]
      [GC Worker Start (ms): Min: 426669.6, Avg: 426669.6, Max: 426669.7, Diff: 0.1]
      [Ext Root Scanning (ms): Min: 0.2, Avg: 0.3, Max: 0.3, Diff: 0.1, Sum: 1.5]
      [Update RS (ms): Min: 0.0, Avg: 0.0, Max: 0.0, Diff: 0.0, Sum: 0.1]
         [Processed Buffers: Min: 0, Avg: 1.0, Max: 2, Diff: 2, Sum: 6]
      [Scan RS (ms): Min: 0.0, Avg: 0.1, Max: 0.1, Diff: 0.1, Sum: 0.4]
      [Code Root Scanning (ms): Min: 0.0, Avg: 0.0, Max: 0.0, Diff: 0.0, Sum: 0.0]
      [Object Copy (ms): Min: 0.1, Avg: 0.2, Max: 0.3, Diff: 0.1, Sum: 1.2]
      [Termination (ms): Min: 0.0, Avg: 0.0, Max: 0.0, Diff: 0.0, Sum: 0.1]
         [Termination Attempts: Min: 1, Avg: 1.0, Max: 1, Diff: 0, Sum: 6]
      [GC Worker Other (ms): Min: 0.0, Avg: 0.0, Max: 0.0, Diff: 0.0, Sum: 0.1]
      [GC Worker Total (ms): Min: 0.5, Avg: 0.6, Max: 0.6, Diff: 0.1, Sum: 3.4]
      [GC Worker End (ms): Min: 426670.2, Avg: 426670.2, Max: 426670.2, Diff: 0.0]
   [Code Root Fixup: 0.0 ms]
   [Code Root Purge: 0.0 ms]
   [Clear CT: 0.2 ms]
   [Other: 0.5 ms]
      [Choose CSet: 0.0 ms]
      [Ref Proc: 0.1 ms]
      [Ref Enq: 0.0 ms]
      [Redirty Cards: 0.1 ms]
      [Humongous Register: 0.0 ms]
      [Humongous Reclaim: 0.0 ms]
      [Free CSet: 0.2 ms]
   [Eden: 418.0M(418.0M)->0.0B(417.0M) Survivors: 2048.0K->3072.0K Heap: 479.5M(700.0M)->63944.1K(700.0M)]
 [Times: user=0.02 sys=0.00, real=0.00 secs] 
2024-10-10T17:58:53.069+0300: 426.671: Total time for which application threads were stopped: 0.0018236 seconds, Stopping threads took: 0.0002083 seconds
2024-10-10T17:58:57.447+0300: 431.051: Application time: 4.3795294 seconds
2024-10-10T17:58:57.447+0300: 431.051: [GC pause (G1 Evacuation Pause) (young), 0.0012656 secs]
   [Parallel Time: 0.7 ms, GC Workers: 6]
      [GC Worker Start (ms): Min: 431051.1, Avg: 431051.2, Max: 431051.7, Diff: 0.6]
      [Ext Root Scanning (ms): Min: 0.0, Avg: 0.2, Max: 0.3, Diff: 0.3, Sum: 1.4]
      [Update RS (ms): Min: 0.0, Avg: 0.0, Max: 0.0, Diff: 0.0, Sum: 0.1]
         [Processed Buffers: Min: 0, Avg: 0.8, Max: 1, Diff: 1, Sum: 5]
      [Scan RS (ms): Min: 0.0, Avg: 0.1, Max: 0.1, Diff: 0.1, Sum: 0.4]
      [Code Root Scanning (ms): Min: 0.0, Avg: 0.0, Max: 0.0, Diff: 0.0, Sum: 0.0]
      [Object Copy (ms): Min: 0.0, Avg: 0.1, Max: 0.2, Diff: 0.2, Sum: 0.8]
      [Termination (ms): Min: 0.0, Avg: 0.0, Max: 0.1, Diff: 0.1, Sum: 0.2]
         [Termination Attempts: Min: 1, Avg: 1.0, Max: 1, Diff: 0, Sum: 6]
      [GC Worker Other (ms): Min: 0.0, Avg: 0.0, Max: 0.0, Diff: 0.0, Sum: 0.1]
      [GC Worker Total (ms): Min: 0.0, Avg: 0.5, Max: 0.6, Diff: 0.6, Sum: 3.0]
      [GC Worker End (ms): Min: 431051.7, Avg: 431051.7, Max: 431051.7, Diff: 0.0]
   [Code Root Fixup: 0.0 ms]
   [Code Root Purge: 0.0 ms]
   [Clear CT: 0.1 ms]
   [Other: 0.5 ms]
      [Choose CSet: 0.0 ms]
      [Ref Proc: 0.1 ms]
      [Ref Enq: 0.0 ms]
      [Redirty Cards: 0.1 ms]
      [Humongous Register: 0.0 ms]
      [Humongous Reclaim: 0.0 ms]
      [Free CSet: 0.2 ms]
   [Eden: 417.0M(417.0M)->0.0B(418.0M) Survivors: 3072.0K->2048.0K Heap: 479.4M(700.0M)->63344.8K(700.0M)]
 [Times: user=0.00 sys=0.00, real=0.00 secs] 
2024-10-10T17:58:57.447+0300: 431.052: Total time for which application threads were stopped: 0.0018317 seconds, Stopping threads took: 0.0003700 seconds
2024-10-10T17:59:01.841+0300: 435.456: Application time: 4.4031798 seconds
2024-10-10T17:59:01.841+0300: 435.456: [GC pause (G1 Evacuation Pause) (young), 0.0014508 secs]
   [Parallel Time: 0.7 ms, GC Workers: 6]
      [GC Worker Start (ms): Min: 435455.9, Avg: 435456.0, Max: 435456.5, Diff: 0.6]
      [Ext Root Scanning (ms): Min: 0.0, Avg: 0.2, Max: 0.3, Diff: 0.3, Sum: 1.4]
      [Update RS (ms): Min: 0.0, Avg: 0.0, Max: 0.0, Diff: 0.0, Sum: 0.1]
         [Processed Buffers: Min: 0, Avg: 0.8, Max: 2, Diff: 2, Sum: 5]
      [Scan RS (ms): Min: 0.0, Avg: 0.1, Max: 0.1, Diff: 0.1, Sum: 0.3]
      [Code Root Scanning (ms): Min: 0.0, Avg: 0.0, Max: 0.0, Diff: 0.0, Sum: 0.0]
      [Object Copy (ms): Min: 0.0, Avg: 0.1, Max: 0.2, Diff: 0.2, Sum: 0.9]
      [Termination (ms): Min: 0.0, Avg: 0.0, Max: 0.0, Diff: 0.0, Sum: 0.2]
         [Termination Attempts: Min: 1, Avg: 1.0, Max: 1, Diff: 0, Sum: 6]
      [GC Worker Other (ms): Min: 0.0, Avg: 0.0, Max: 0.0, Diff: 0.0, Sum: 0.1]
      [GC Worker Total (ms): Min: 0.0, Avg: 0.5, Max: 0.6, Diff: 0.6, Sum: 2.9]
      [GC Worker End (ms): Min: 435456.5, Avg: 435456.5, Max: 435456.5, Diff: 0.0]
   [Code Root Fixup: 0.0 ms]
   [Code Root Purge: 0.0 ms]
   [Clear CT: 0.2 ms]
   [Other: 0.6 ms]
      [Choose CSet: 0.0 ms]
      [Ref Proc: 0.1 ms]
      [Ref Enq: 0.0 ms]
      [Redirty Cards: 0.1 ms]
      [Humongous Register: 0.0 ms]
      [Humongous Reclaim: 0.0 ms]
      [Free CSet: 0.2 ms]
   [Eden: 418.0M(418.0M)->0.0B(417.0M) Survivors: 2048.0K->3072.0K Heap: 479.9M(700.0M)->63687.6K(700.0M)]
 [Times: user=0.02 sys=0.00, real=0.02 secs] 
2024-10-10T17:59:01.857+0300: 435.457: Total time for which application threads were stopped: 0.0017982 seconds, Stopping threads took: 0.0001410 seconds
2024-10-10T17:59:06.220+0300: 439.821: Application time: 4.3637986 seconds
2024-10-10T17:59:06.220+0300: 439.821: [GC pause (G1 Evacuation Pause) (young), 0.0011915 secs]
   [Parallel Time: 0.6 ms, GC Workers: 6]
      [GC Worker Start (ms): Min: 439821.5, Avg: 439821.5, Max: 439821.6, Diff: 0.1]
      [Ext Root Scanning (ms): Min: 0.2, Avg: 0.2, Max: 0.3, Diff: 0.1, Sum: 1.5]
      [Update RS (ms): Min: 0.0, Avg: 0.0, Max: 0.0, Diff: 0.0, Sum: 0.1]
         [Processed Buffers: Min: 0, Avg: 0.8, Max: 2, Diff: 2, Sum: 5]
      [Scan RS (ms): Min: 0.0, Avg: 0.1, Max: 0.1, Diff: 0.1, Sum: 0.4]
      [Code Root Scanning (ms): Min: 0.0, Avg: 0.0, Max: 0.0, Diff: 0.0, Sum: 0.0]
      [Object Copy (ms): Min: 0.1, Avg: 0.1, Max: 0.2, Diff: 0.1, Sum: 0.8]
      [Termination (ms): Min: 0.0, Avg: 0.0, Max: 0.0, Diff: 0.0, Sum: 0.1]
         [Termination Attempts: Min: 1, Avg: 1.0, Max: 1, Diff: 0, Sum: 6]
      [GC Worker Other (ms): Min: 0.0, Avg: 0.0, Max: 0.0, Diff: 0.0, Sum: 0.1]
      [GC Worker Total (ms): Min: 0.5, Avg: 0.5, Max: 0.5, Diff: 0.1, Sum: 3.0]
      [GC Worker End (ms): Min: 439822.0, Avg: 439822.0, Max: 439822.0, Diff: 0.0]
   [Code Root Fixup: 0.0 ms]
   [Code Root Purge: 0.0 ms]
   [Clear CT: 0.1 ms]
   [Other: 0.5 ms]
      [Choose CSet: 0.0 ms]
      [Ref Proc: 0.1 ms]
      [Ref Enq: 0.0 ms]
      [Redirty Cards: 0.1 ms]
      [Humongous Register: 0.0 ms]
      [Humongous Reclaim: 0.0 ms]
      [Free CSet: 0.2 ms]
   [Eden: 417.0M(417.0M)->0.0B(417.0M) Survivors: 3072.0K->3072.0K Heap: 479.2M(700.0M)->63826.9K(700.0M)]
 [Times: user=0.00 sys=0.00, real=0.00 secs] 
2024-10-10T17:59:06.220+0300: 439.823: Total time for which application threads were stopped: 0.0015506 seconds, Stopping threads took: 0.0001621 seconds
2024-10-10T17:59:10.615+0300: 444.225: Application time: 4.4021635 seconds
2024-10-10T17:59:10.615+0300: 444.225: [GC pause (G1 Evacuation Pause) (young), 0.0016298 secs]
   [Parallel Time: 0.8 ms, GC Workers: 6]
      [GC Worker Start (ms): Min: 444225.3, Avg: 444225.3, Max: 444225.4, Diff: 0.1]
      [Ext Root Scanning (ms): Min: 0.2, Avg: 0.3, Max: 0.3, Diff: 0.1, Sum: 1.5]
      [Update RS (ms): Min: 0.0, Avg: 0.0, Max: 0.0, Diff: 0.0, Sum: 0.1]
         [Processed Buffers: Min: 0, Avg: 0.8, Max: 2, Diff: 2, Sum: 5]
      [Scan RS (ms): Min: 0.0, Avg: 0.1, Max: 0.1, Diff: 0.1, Sum: 0.5]
      [Code Root Scanning (ms): Min: 0.0, Avg: 0.0, Max: 0.0, Diff: 0.0, Sum: 0.0]
      [Object Copy (ms): Min: 0.1, Avg: 0.2, Max: 0.2, Diff: 0.1, Sum: 1.0]
      [Termination (ms): Min: 0.0, Avg: 0.0, Max: 0.0, Diff: 0.0, Sum: 0.1]
         [Termination Attempts: Min: 1, Avg: 1.0, Max: 1, Diff: 0, Sum: 6]
      [GC Worker Other (ms): Min: 0.0, Avg: 0.0, Max: 0.0, Diff: 0.0, Sum: 0.1]
      [GC Worker Total (ms): Min: 0.5, Avg: 0.5, Max: 0.6, Diff: 0.1, Sum: 3.3]
      [GC Worker End (ms): Min: 444225.9, Avg: 444225.9, Max: 444225.9, Diff: 0.0]
   [Code Root Fixup: 0.0 ms]
   [Code Root Purge: 0.0 ms]
   [Clear CT: 0.2 ms]
   [Other: 0.7 ms]
      [Choose CSet: 0.0 ms]
      [Ref Proc: 0.1 ms]
      [Ref Enq: 0.0 ms]
      [Redirty Cards: 0.1 ms]
      [Humongous Register: 0.1 ms]
      [Humongous Reclaim: 0.0 ms]
      [Free CSet: 0.3 ms]
   [Eden: 417.0M(417.0M)->0.0B(417.0M) Survivors: 3072.0K->3072.0K Heap: 479.3M(700.0M)->63843.4K(700.0M)]
 [Times: user=0.00 sys=0.00, real=0.00 secs] 
2024-10-10T17:59:10.615+0300: 444.227: Total time for which application threads were stopped: 0.0020220 seconds, Stopping threads took: 0.0001520 seconds
2024-10-10T17:59:15.045+0300: 448.653: Application time: 4.4260930 seconds
2024-10-10T17:59:15.045+0300: 448.653: [GC pause (G1 Evacuation Pause) (young), 0.0014560 secs]
   [Parallel Time: 0.7 ms, GC Workers: 6]
      [GC Worker Start (ms): Min: 448653.4, Avg: 448653.4, Max: 448653.4, Diff: 0.1]
      [Ext Root Scanning (ms): Min: 0.3, Avg: 0.3, Max: 0.3, Diff: 0.1, Sum: 1.7]
      [Update RS (ms): Min: 0.0, Avg: 0.0, Max: 0.1, Diff: 0.1, Sum: 0.1]
         [Processed Buffers: Min: 0, Avg: 0.8, Max: 3, Diff: 3, Sum: 5]
      [Scan RS (ms): Min: 0.0, Avg: 0.1, Max: 0.1, Diff: 0.1, Sum: 0.5]
      [Code Root Scanning (ms): Min: 0.0, Avg: 0.0, Max: 0.0, Diff: 0.0, Sum: 0.0]
      [Object Copy (ms): Min: 0.1, Avg: 0.2, Max: 0.2, Diff: 0.1, Sum: 0.9]
      [Termination (ms): Min: 0.0, Avg: 0.0, Max: 0.0, Diff: 0.0, Sum: 0.2]
         [Termination Attempts: Min: 1, Avg: 1.0, Max: 1, Diff: 0, Sum: 6]
      [GC Worker Other (ms): Min: 0.0, Avg: 0.0, Max: 0.0, Diff: 0.0, Sum: 0.1]
      [GC Worker Total (ms): Min: 0.6, Avg: 0.6, Max: 0.6, Diff: 0.0, Sum: 3.6]
      [GC Worker End (ms): Min: 448654.0, Avg: 448654.0, Max: 448654.0, Diff: 0.0]
   [Code Root Fixup: 0.0 ms]
   [Code Root Purge: 0.0 ms]
   [Clear CT: 0.2 ms]
   [Other: 0.6 ms]
      [Choose CSet: 0.0 ms]
      [Ref Proc: 0.1 ms]
      [Ref Enq: 0.0 ms]
      [Redirty Cards: 0.1 ms]
      [Humongous Register: 0.0 ms]
      [Humongous Reclaim: 0.0 ms]
      [Free CSet: 0.2 ms]
   [Eden: 417.0M(417.0M)->0.0B(418.0M) Survivors: 3072.0K->2048.0K Heap: 479.3M(700.0M)->63539.3K(700.0M)]
 [Times: user=0.00 sys=0.00, real=0.01 secs] 
2024-10-10T17:59:15.055+0300: 448.655: Total time for which application threads were stopped: 0.0018476 seconds, Stopping threads took: 0.0001684 seconds
2024-10-10T17:59:19.454+0300: 453.061: Application time: 4.4061678 seconds
2024-10-10T17:59:19.454+0300: 453.061: [GC pause (G1 Evacuation Pause) (young), 0.0012997 secs]
   [Parallel Time: 0.7 ms, GC Workers: 6]
      [GC Worker Start (ms): Min: 453061.4, Avg: 453061.4, Max: 453061.4, Diff: 0.1]
      [Ext Root Scanning (ms): Min: 0.2, Avg: 0.3, Max: 0.5, Diff: 0.3, Sum: 1.8]
      [Update RS (ms): Min: 0.0, Avg: 0.0, Max: 0.0, Diff: 0.0, Sum: 0.1]
         [Processed Buffers: Min: 0, Avg: 0.8, Max: 2, Diff: 2, Sum: 5]
      [Scan RS (ms): Min: 0.0, Avg: 0.1, Max: 0.1, Diff: 0.1, Sum: 0.4]
      [Code Root Scanning (ms): Min: 0.0, Avg: 0.0, Max: 0.0, Diff: 0.0, Sum: 0.0]
      [Object Copy (ms): Min: 0.0, Avg: 0.1, Max: 0.2, Diff: 0.2, Sum: 0.8]
      [Termination (ms): Min: 0.0, Avg: 0.0, Max: 0.1, Diff: 0.0, Sum: 0.2]
         [Termination Attempts: Min: 1, Avg: 1.5, Max: 2, Diff: 1, Sum: 9]
      [GC Worker Other (ms): Min: 0.0, Avg: 0.0, Max: 0.0, Diff: 0.0, Sum: 0.1]
      [GC Worker Total (ms): Min: 0.5, Avg: 0.6, Max: 0.6, Diff: 0.1, Sum: 3.4]
      [GC Worker End (ms): Min: 453062.0, Avg: 453062.0, Max: 453062.0, Diff: 0.0]
   [Code Root Fixup: 0.0 ms]
   [Code Root Purge: 0.0 ms]
   [Clear CT: 0.1 ms]
   [Other: 0.5 ms]
      [Choose CSet: 0.0 ms]
      [Ref Proc: 0.1 ms]
      [Ref Enq: 0.0 ms]
      [Redirty Cards: 0.1 ms]
      [Humongous Register: 0.0 ms]
      [Humongous Reclaim: 0.0 ms]
      [Free CSet: 0.2 ms]
   [Eden: 418.0M(418.0M)->0.0B(418.0M) Survivors: 2048.0K->2048.0K Heap: 480.1M(700.0M)->63542.5K(700.0M)]
 [Times: user=0.00 sys=0.00, real=0.00 secs] 
2024-10-10T17:59:19.454+0300: 453.063: Total time for which application threads were stopped: 0.0016471 seconds, Stopping threads took: 0.0001834 seconds
2024-10-10T17:59:23.842+0300: 457.456: Application time: 4.3934788 seconds
2024-10-10T17:59:23.842+0300: 457.456: [GC pause (G1 Evacuation Pause) (young), 0.0014219 secs]
   [Parallel Time: 0.7 ms, GC Workers: 6]
      [GC Worker Start (ms): Min: 457456.5, Avg: 457456.5, Max: 457456.6, Diff: 0.1]
      [Ext Root Scanning (ms): Min: 0.2, Avg: 0.3, Max: 0.3, Diff: 0.1, Sum: 1.5]
      [Update RS (ms): Min: 0.0, Avg: 0.0, Max: 0.0, Diff: 0.0, Sum: 0.1]
         [Processed Buffers: Min: 0, Avg: 1.0, Max: 3, Diff: 3, Sum: 6]
      [Scan RS (ms): Min: 0.0, Avg: 0.1, Max: 0.1, Diff: 0.1, Sum: 0.4]
      [Code Root Scanning (ms): Min: 0.0, Avg: 0.0, Max: 0.0, Diff: 0.0, Sum: 0.0]
      [Object Copy (ms): Min: 0.1, Avg: 0.2, Max: 0.2, Diff: 0.1, Sum: 1.0]
      [Termination (ms): Min: 0.0, Avg: 0.0, Max: 0.1, Diff: 0.1, Sum: 0.2]
         [Termination Attempts: Min: 1, Avg: 1.0, Max: 1, Diff: 0, Sum: 6]
      [GC Worker Other (ms): Min: 0.0, Avg: 0.0, Max: 0.0, Diff: 0.0, Sum: 0.1]
      [GC Worker Total (ms): Min: 0.5, Avg: 0.6, Max: 0.6, Diff: 0.1, Sum: 3.4]
      [GC Worker End (ms): Min: 457457.1, Avg: 457457.1, Max: 457457.1, Diff: 0.1]
   [Code Root Fixup: 0.0 ms]
   [Code Root Purge: 0.0 ms]
   [Clear CT: 0.2 ms]
   [Other: 0.6 ms]
      [Choose CSet: 0.0 ms]
      [Ref Proc: 0.1 ms]
      [Ref Enq: 0.0 ms]
      [Redirty Cards: 0.2 ms]
      [Humongous Register: 0.0 ms]
      [Humongous Reclaim: 0.0 ms]
      [Free CSet: 0.2 ms]
   [Eden: 418.0M(418.0M)->0.0B(418.0M) Survivors: 2048.0K->2048.0K Heap: 480.1M(700.0M)->63456.8K(700.0M)]
 [Times: user=0.01 sys=0.00, real=0.02 secs] 
2024-10-10T17:59:23.858+0300: 457.458: Total time for which application threads were stopped: 0.0017709 seconds, Stopping threads took: 0.0001480 seconds
2024-10-10T17:59:28.252+0300: 461.852: Application time: 4.3939234 seconds
2024-10-10T17:59:28.252+0300: 461.852: [GC pause (G1 Evacuation Pause) (young), 0.0013604 secs]
   [Parallel Time: 0.7 ms, GC Workers: 6]
      [GC Worker Start (ms): Min: 461852.2, Avg: 461852.2, Max: 461852.2, Diff: 0.1]
      [Ext Root Scanning (ms): Min: 0.2, Avg: 0.3, Max: 0.3, Diff: 0.1, Sum: 1.5]
      [Update RS (ms): Min: 0.0, Avg: 0.0, Max: 0.0, Diff: 0.0, Sum: 0.1]
         [Processed Buffers: Min: 0, Avg: 0.8, Max: 2, Diff: 2, Sum: 5]
      [Scan RS (ms): Min: 0.0, Avg: 0.1, Max: 0.1, Diff: 0.1, Sum: 0.4]
      [Code Root Scanning (ms): Min: 0.0, Avg: 0.0, Max: 0.0, Diff: 0.0, Sum: 0.0]
      [Object Copy (ms): Min: 0.1, Avg: 0.2, Max: 0.3, Diff: 0.1, Sum: 1.2]
      [Termination (ms): Min: 0.0, Avg: 0.1, Max: 0.1, Diff: 0.1, Sum: 0.3]
         [Termination Attempts: Min: 1, Avg: 1.3, Max: 2, Diff: 1, Sum: 8]
      [GC Worker Other (ms): Min: 0.0, Avg: 0.0, Max: 0.0, Diff: 0.0, Sum: 0.1]
      [GC Worker Total (ms): Min: 0.6, Avg: 0.6, Max: 0.6, Diff: 0.1, Sum: 3.6]
      [GC Worker End (ms): Min: 461852.8, Avg: 461852.8, Max: 461852.8, Diff: 0.0]
   [Code Root Fixup: 0.0 ms]
   [Code Root Purge: 0.0 ms]
   [Clear CT: 0.2 ms]
   [Other: 0.5 ms]
      [Choose CSet: 0.0 ms]
      [Ref Proc: 0.1 ms]
      [Ref Enq: 0.0 ms]
      [Redirty Cards: 0.1 ms]
      [Humongous Register: 0.0 ms]
      [Humongous Reclaim: 0.0 ms]
      [Free CSet: 0.2 ms]
   [Eden: 418.0M(418.0M)->0.0B(417.0M) Survivors: 2048.0K->3072.0K Heap: 480.0M(700.0M)->63980.1K(700.0M)]
 [Times: user=0.00 sys=0.00, real=0.00 secs] 
2024-10-10T17:59:28.252+0300: 461.854: Total time for which application threads were stopped: 0.0016834 seconds, Stopping threads took: 0.0001273 seconds
2024-10-10T17:59:32.632+0300: 466.244: Application time: 4.3900103 seconds
2024-10-10T17:59:32.632+0300: 466.244: [GC pause (G1 Evacuation Pause) (young), 0.0013600 secs]
   [Parallel Time: 0.7 ms, GC Workers: 6]
      [GC Worker Start (ms): Min: 466243.9, Avg: 466243.9, Max: 466243.9, Diff: 0.1]
      [Ext Root Scanning (ms): Min: 0.2, Avg: 0.2, Max: 0.3, Diff: 0.1, Sum: 1.5]
      [Update RS (ms): Min: 0.0, Avg: 0.0, Max: 0.0, Diff: 0.0, Sum: 0.1]
         [Processed Buffers: Min: 0, Avg: 0.7, Max: 2, Diff: 2, Sum: 4]
      [Scan RS (ms): Min: 0.0, Avg: 0.1, Max: 0.1, Diff: 0.1, Sum: 0.4]
      [Code Root Scanning (ms): Min: 0.0, Avg: 0.0, Max: 0.0, Diff: 0.0, Sum: 0.0]
      [Object Copy (ms): Min: 0.1, Avg: 0.2, Max: 0.3, Diff: 0.2, Sum: 1.2]
      [Termination (ms): Min: 0.0, Avg: 0.1, Max: 0.1, Diff: 0.1, Sum: 0.3]
         [Termination Attempts: Min: 1, Avg: 1.5, Max: 2, Diff: 1, Sum: 9]
      [GC Worker Other (ms): Min: 0.0, Avg: 0.0, Max: 0.0, Diff: 0.0, Sum: 0.1]
      [GC Worker Total (ms): Min: 0.6, Avg: 0.6, Max: 0.6, Diff: 0.1, Sum: 3.6]
      [GC Worker End (ms): Min: 466244.5, Avg: 466244.5, Max: 466244.5, Diff: 0.0]
   [Code Root Fixup: 0.0 ms]
   [Code Root Purge: 0.0 ms]
   [Clear CT: 0.1 ms]
   [Other: 0.5 ms]
      [Choose CSet: 0.0 ms]
      [Ref Proc: 0.1 ms]
      [Ref Enq: 0.0 ms]
      [Redirty Cards: 0.1 ms]
      [Humongous Register: 0.0 ms]
      [Humongous Reclaim: 0.0 ms]
      [Free CSet: 0.2 ms]
   [Eden: 417.0M(417.0M)->0.0B(417.0M) Survivors: 3072.0K->3072.0K Heap: 479.5M(700.0M)->64119.4K(700.0M)]
 [Times: user=0.00 sys=0.00, real=0.00 secs] 
2024-10-10T17:59:32.632+0300: 466.245: Total time for which application threads were stopped: 0.0016923 seconds, Stopping threads took: 0.0001425 seconds
2024-10-10T17:59:37.071+0300: 470.675: Application time: 4.4294727 seconds
2024-10-10T17:59:37.071+0300: 470.675: [GC pause (G1 Evacuation Pause) (young), 0.0013223 secs]
   [Parallel Time: 0.6 ms, GC Workers: 6]
      [GC Worker Start (ms): Min: 470675.1, Avg: 470675.2, Max: 470675.2, Diff: 0.1]
      [Ext Root Scanning (ms): Min: 0.2, Avg: 0.3, Max: 0.3, Diff: 0.1, Sum: 1.6]
      [Update RS (ms): Min: 0.0, Avg: 0.0, Max: 0.0, Diff: 0.0, Sum: 0.1]
         [Processed Buffers: Min: 0, Avg: 0.7, Max: 1, Diff: 1, Sum: 4]
      [Scan RS (ms): Min: 0.0, Avg: 0.1, Max: 0.1, Diff: 0.1, Sum: 0.4]
      [Code Root Scanning (ms): Min: 0.0, Avg: 0.0, Max: 0.0, Diff: 0.0, Sum: 0.0]
      [Object Copy (ms): Min: 0.1, Avg: 0.1, Max: 0.2, Diff: 0.1, Sum: 0.8]
      [Termination (ms): Min: 0.0, Avg: 0.0, Max: 0.1, Diff: 0.1, Sum: 0.2]
         [Termination Attempts: Min: 1, Avg: 1.0, Max: 1, Diff: 0, Sum: 6]
      [GC Worker Other (ms): Min: 0.0, Avg: 0.0, Max: 0.0, Diff: 0.0, Sum: 0.1]
      [GC Worker Total (ms): Min: 0.5, Avg: 0.5, Max: 0.6, Diff: 0.1, Sum: 3.1]
      [GC Worker End (ms): Min: 470675.7, Avg: 470675.7, Max: 470675.7, Diff: 0.0]
   [Code Root Fixup: 0.0 ms]
   [Code Root Purge: 0.0 ms]
   [Clear CT: 0.2 ms]
   [Other: 0.5 ms]
      [Choose CSet: 0.0 ms]
      [Ref Proc: 0.1 ms]
      [Ref Enq: 0.0 ms]
      [Redirty Cards: 0.1 ms]
      [Humongous Register: 0.1 ms]
      [Humongous Reclaim: 0.0 ms]
      [Free CSet: 0.2 ms]
   [Eden: 417.0M(417.0M)->0.0B(418.0M) Survivors: 3072.0K->2048.0K Heap: 479.6M(700.0M)->63206.1K(700.0M)]
 [Times: user=0.00 sys=0.00, real=0.00 secs] 
2024-10-10T17:59:37.071+0300: 470.677: Total time for which application threads were stopped: 0.0017650 seconds, Stopping threads took: 0.0001698 seconds
2024-10-10T17:59:41.482+0300: 475.091: Application time: 4.4148794 seconds
2024-10-10T17:59:41.482+0300: 475.092: [GC pause (G1 Evacuation Pause) (young), 0.0013181 secs]
   [Parallel Time: 0.7 ms, GC Workers: 6]
      [GC Worker Start (ms): Min: 475091.7, Avg: 475091.8, Max: 475091.8, Diff: 0.1]
      [Ext Root Scanning (ms): Min: 0.2, Avg: 0.3, Max: 0.4, Diff: 0.2, Sum: 1.7]
      [Update RS (ms): Min: 0.0, Avg: 0.0, Max: 0.0, Diff: 0.0, Sum: 0.1]
         [Processed Buffers: Min: 0, Avg: 0.8, Max: 2, Diff: 2, Sum: 5]
      [Scan RS (ms): Min: 0.0, Avg: 0.1, Max: 0.1, Diff: 0.1, Sum: 0.4]
      [Code Root Scanning (ms): Min: 0.0, Avg: 0.0, Max: 0.0, Diff: 0.0, Sum: 0.0]
      [Object Copy (ms): Min: 0.1, Avg: 0.2, Max: 0.2, Diff: 0.1, Sum: 1.1]
      [Termination (ms): Min: 0.0, Avg: 0.0, Max: 0.0, Diff: 0.0, Sum: 0.1]
         [Termination Attempts: Min: 1, Avg: 1.0, Max: 1, Diff: 0, Sum: 6]
      [GC Worker Other (ms): Min: 0.0, Avg: 0.0, Max: 0.0, Diff: 0.0, Sum: 0.1]
      [GC Worker Total (ms): Min: 0.6, Avg: 0.6, Max: 0.6, Diff: 0.0, Sum: 3.5]
      [GC Worker End (ms): Min: 475092.3, Avg: 475092.3, Max: 475092.3, Diff: 0.0]
   [Code Root Fixup: 0.0 ms]
   [Code Root Purge: 0.0 ms]
   [Clear CT: 0.1 ms]
   [Other: 0.5 ms]
      [Choose CSet: 0.0 ms]
      [Ref Proc: 0.1 ms]
      [Ref Enq: 0.0 ms]
      [Redirty Cards: 0.1 ms]
      [Humongous Register: 0.0 ms]
      [Humongous Reclaim: 0.0 ms]
      [Free CSet: 0.2 ms]
   [Eden: 418.0M(418.0M)->0.0B(417.0M) Survivors: 2048.0K->3072.0K Heap: 479.7M(700.0M)->63903.0K(700.0M)]
 [Times: user=0.00 sys=0.00, real=0.00 secs] 
2024-10-10T17:59:41.482+0300: 475.093: Total time for which application threads were stopped: 0.0016936 seconds, Stopping threads took: 0.0001967 seconds
2024-10-10T17:59:45.860+0300: 479.468: Application time: 4.3753326 seconds
2024-10-10T17:59:45.860+0300: 479.469: [GC pause (G1 Evacuation Pause) (young), 0.0014059 secs]
   [Parallel Time: 0.7 ms, GC Workers: 6]
      [GC Worker Start (ms): Min: 479468.7, Avg: 479468.7, Max: 479468.8, Diff: 0.1]
      [Ext Root Scanning (ms): Min: 0.2, Avg: 0.2, Max: 0.3, Diff: 0.0, Sum: 1.4]
      [Update RS (ms): Min: 0.0, Avg: 0.0, Max: 0.0, Diff: 0.0, Sum: 0.1]
         [Processed Buffers: Min: 0, Avg: 1.0, Max: 4, Diff: 4, Sum: 6]
      [Scan RS (ms): Min: 0.0, Avg: 0.1, Max: 0.1, Diff: 0.0, Sum: 0.4]
      [Code Root Scanning (ms): Min: 0.0, Avg: 0.0, Max: 0.0, Diff: 0.0, Sum: 0.0]
      [Object Copy (ms): Min: 0.2, Avg: 0.2, Max: 0.2, Diff: 0.1, Sum: 1.1]
      [Termination (ms): Min: 0.0, Avg: 0.0, Max: 0.0, Diff: 0.0, Sum: 0.2]
         [Termination Attempts: Min: 1, Avg: 1.0, Max: 1, Diff: 0, Sum: 6]
      [GC Worker Other (ms): Min: 0.0, Avg: 0.0, Max: 0.0, Diff: 0.0, Sum: 0.1]
      [GC Worker Total (ms): Min: 0.5, Avg: 0.5, Max: 0.6, Diff: 0.0, Sum: 3.3]
      [GC Worker End (ms): Min: 479469.3, Avg: 479469.3, Max: 479469.3, Diff: 0.0]
   [Code Root Fixup: 0.0 ms]
   [Code Root Purge: 0.0 ms]
   [Clear CT: 0.2 ms]
   [Other: 0.6 ms]
      [Choose CSet: 0.0 ms]
      [Ref Proc: 0.1 ms]
      [Ref Enq: 0.0 ms]
      [Redirty Cards: 0.1 ms]
      [Humongous Register: 0.0 ms]
      [Humongous Reclaim: 0.0 ms]
      [Free CSet: 0.2 ms]
   [Eden: 417.0M(417.0M)->0.0B(417.0M) Survivors: 3072.0K->3072.0K Heap: 479.4M(700.0M)->63728.6K(700.0M)]
 [Times: user=0.00 sys=0.00, real=0.00 secs] 
2024-10-10T17:59:45.860+0300: 479.470: Total time for which application threads were stopped: 0.0017309 seconds, Stopping threads took: 0.0001221 seconds
2024-10-10T17:59:50.253+0300: 483.862: Application time: 4.3920178 seconds
2024-10-10T17:59:50.253+0300: 483.862: [GC pause (G1 Evacuation Pause) (young), 0.0013346 secs]
   [Parallel Time: 0.7 ms, GC Workers: 6]
      [GC Worker Start (ms): Min: 483862.5, Avg: 483862.5, Max: 483862.5, Diff: 0.1]
      [Ext Root Scanning (ms): Min: 0.2, Avg: 0.3, Max: 0.3, Diff: 0.1, Sum: 1.5]
      [Update RS (ms): Min: 0.0, Avg: 0.0, Max: 0.0, Diff: 0.0, Sum: 0.1]
         [Processed Buffers: Min: 0, Avg: 0.8, Max: 3, Diff: 3, Sum: 5]
      [Scan RS (ms): Min: 0.0, Avg: 0.1, Max: 0.1, Diff: 0.0, Sum: 0.4]
      [Code Root Scanning (ms): Min: 0.0, Avg: 0.0, Max: 0.0, Diff: 0.0, Sum: 0.0]
      [Object Copy (ms): Min: 0.1, Avg: 0.2, Max: 0.2, Diff: 0.1, Sum: 1.0]
      [Termination (ms): Min: 0.0, Avg: 0.0, Max: 0.0, Diff: 0.0, Sum: 0.1]
         [Termination Attempts: Min: 1, Avg: 1.0, Max: 1, Diff: 0, Sum: 6]
      [GC Worker Other (ms): Min: 0.0, Avg: 0.0, Max: 0.0, Diff: 0.0, Sum: 0.1]
      [GC Worker Total (ms): Min: 0.5, Avg: 0.5, Max: 0.5, Diff: 0.1, Sum: 3.1]
      [GC Worker End (ms): Min: 483863.0, Avg: 483863.0, Max: 483863.0, Diff: 0.0]
   [Code Root Fixup: 0.0 ms]
   [Code Root Purge: 0.0 ms]
   [Clear CT: 0.2 ms]
   [Other: 0.5 ms]
      [Choose CSet: 0.0 ms]
      [Ref Proc: 0.1 ms]
      [Ref Enq: 0.0 ms]
      [Redirty Cards: 0.1 ms]
      [Humongous Register: 0.0 ms]
      [Humongous Reclaim: 0.0 ms]
      [Free CSet: 0.2 ms]
   [Eden: 417.0M(417.0M)->0.0B(417.0M) Survivors: 3072.0K->3072.0K Heap: 479.2M(700.0M)->63758.3K(700.0M)]
 [Times: user=0.00 sys=0.00, real=0.00 secs] 
2024-10-10T17:59:50.253+0300: 483.864: Total time for which application threads were stopped: 0.0016450 seconds, Stopping threads took: 0.0000963 seconds
2024-10-10T17:59:54.678+0300: 488.284: Application time: 4.4199074 seconds
2024-10-10T17:59:54.678+0300: 488.284: [GC pause (G1 Evacuation Pause) (young), 0.0013141 secs]
   [Parallel Time: 0.7 ms, GC Workers: 6]
      [GC Worker Start (ms): Min: 488284.0, Avg: 488284.1, Max: 488284.1, Diff: 0.1]
      [Ext Root Scanning (ms): Min: 0.2, Avg: 0.3, Max: 0.3, Diff: 0.1, Sum: 1.6]
      [Update RS (ms): Min: 0.0, Avg: 0.0, Max: 0.1, Diff: 0.1, Sum: 0.1]
         [Processed Buffers: Min: 0, Avg: 0.8, Max: 2, Diff: 2, Sum: 5]
      [Scan RS (ms): Min: 0.0, Avg: 0.1, Max: 0.1, Diff: 0.1, Sum: 0.4]
      [Code Root Scanning (ms): Min: 0.0, Avg: 0.0, Max: 0.0, Diff: 0.0, Sum: 0.0]
      [Object Copy (ms): Min: 0.2, Avg: 0.2, Max: 0.3, Diff: 0.1, Sum: 1.2]
      [Termination (ms): Min: 0.0, Avg: 0.0, Max: 0.1, Diff: 0.0, Sum: 0.2]
         [Termination Attempts: Min: 1, Avg: 1.0, Max: 1, Diff: 0, Sum: 6]
      [GC Worker Other (ms): Min: 0.0, Avg: 0.0, Max: 0.0, Diff: 0.0, Sum: 0.1]
      [GC Worker Total (ms): Min: 0.6, Avg: 0.6, Max: 0.6, Diff: 0.1, Sum: 3.6]
      [GC Worker End (ms): Min: 488284.6, Avg: 488284.7, Max: 488284.7, Diff: 0.0]
   [Code Root Fixup: 0.0 ms]
   [Code Root Purge: 0.0 ms]
   [Clear CT: 0.2 ms]
   [Other: 0.5 ms]
      [Choose CSet: 0.0 ms]
      [Ref Proc: 0.1 ms]
      [Ref Enq: 0.0 ms]
      [Redirty Cards: 0.1 ms]
      [Humongous Register: 0.0 ms]
      [Humongous Reclaim: 0.0 ms]
      [Free CSet: 0.2 ms]
   [Eden: 417.0M(417.0M)->0.0B(417.0M) Survivors: 3072.0K->3072.0K Heap: 479.3M(700.0M)->63876.4K(700.0M)]
 [Times: user=0.00 sys=0.00, real=0.00 secs] 
2024-10-10T17:59:54.678+0300: 488.285: Total time for which application threads were stopped: 0.0016277 seconds, Stopping threads took: 0.0001313 seconds
2024-10-10T17:59:59.136+0300: 492.736: Application time: 4.4510493 seconds
2024-10-10T17:59:59.136+0300: 492.737: [GC pause (G1 Evacuation Pause) (young), 0.0013404 secs]
   [Parallel Time: 0.6 ms, GC Workers: 6]
      [GC Worker Start (ms): Min: 492736.7, Avg: 492736.8, Max: 492736.8, Diff: 0.0]
      [Ext Root Scanning (ms): Min: 0.2, Avg: 0.3, Max: 0.3, Diff: 0.0, Sum: 1.5]
      [Update RS (ms): Min: 0.0, Avg: 0.0, Max: 0.0, Diff: 0.0, Sum: 0.1]
         [Processed Buffers: Min: 0, Avg: 0.8, Max: 2, Diff: 2, Sum: 5]
      [Scan RS (ms): Min: 0.1, Avg: 0.1, Max: 0.1, Diff: 0.0, Sum: 0.4]
      [Code Root Scanning (ms): Min: 0.0, Avg: 0.0, Max: 0.0, Diff: 0.0, Sum: 0.0]
      [Object Copy (ms): Min: 0.2, Avg: 0.2, Max: 0.2, Diff: 0.1, Sum: 1.2]
      [Termination (ms): Min: 0.0, Avg: 0.0, Max: 0.0, Diff: 0.0, Sum: 0.1]
         [Termination Attempts: Min: 1, Avg: 1.0, Max: 1, Diff: 0, Sum: 6]
      [GC Worker Other (ms): Min: 0.0, Avg: 0.0, Max: 0.0, Diff: 0.0, Sum: 0.1]
      [GC Worker Total (ms): Min: 0.5, Avg: 0.5, Max: 0.6, Diff: 0.0, Sum: 3.3]
      [GC Worker End (ms): Min: 492737.3, Avg: 492737.3, Max: 492737.3, Diff: 0.0]
   [Code Root Fixup: 0.0 ms]
   [Code Root Purge: 0.0 ms]
   [Clear CT: 0.1 ms]
   [Other: 0.6 ms]
      [Choose CSet: 0.0 ms]
      [Ref Proc: 0.1 ms]
      [Ref Enq: 0.0 ms]
      [Redirty Cards: 0.1 ms]
      [Humongous Register: 0.0 ms]
      [Humongous Reclaim: 0.0 ms]
      [Free CSet: 0.2 ms]
   [Eden: 417.0M(417.0M)->0.0B(417.0M) Survivors: 3072.0K->3072.0K Heap: 479.4M(700.0M)->64045.2K(700.0M)]
 [Times: user=0.00 sys=0.00, real=0.00 secs] 
2024-10-10T17:59:59.136+0300: 492.738: Total time for which application threads were stopped: 0.0016922 seconds, Stopping threads took: 0.0001530 seconds
2024-10-10T18:00:03.547+0300: 497.150: Application time: 4.4115903 seconds
2024-10-10T18:00:03.547+0300: 497.150: [GC pause (G1 Evacuation Pause) (young), 0.0014392 secs]
   [Parallel Time: 0.6 ms, GC Workers: 6]
      [GC Worker Start (ms): Min: 497150.1, Avg: 497150.1, Max: 497150.1, Diff: 0.1]
      [Ext Root Scanning (ms): Min: 0.2, Avg: 0.3, Max: 0.3, Diff: 0.1, Sum: 1.5]
      [Update RS (ms): Min: 0.0, Avg: 0.0, Max: 0.0, Diff: 0.0, Sum: 0.1]
         [Processed Buffers: Min: 0, Avg: 0.8, Max: 2, Diff: 2, Sum: 5]
      [Scan RS (ms): Min: 0.0, Avg: 0.1, Max: 0.1, Diff: 0.1, Sum: 0.4]
      [Code Root Scanning (ms): Min: 0.0, Avg: 0.0, Max: 0.0, Diff: 0.0, Sum: 0.0]
      [Object Copy (ms): Min: 0.1, Avg: 0.2, Max: 0.2, Diff: 0.1, Sum: 0.9]
      [Termination (ms): Min: 0.0, Avg: 0.0, Max: 0.0, Diff: 0.0, Sum: 0.1]
         [Termination Attempts: Min: 1, Avg: 1.7, Max: 3, Diff: 2, Sum: 10]
      [GC Worker Other (ms): Min: 0.0, Avg: 0.0, Max: 0.0, Diff: 0.0, Sum: 0.1]
      [GC Worker Total (ms): Min: 0.5, Avg: 0.5, Max: 0.6, Diff: 0.1, Sum: 3.1]
      [GC Worker End (ms): Min: 497150.6, Avg: 497150.6, Max: 497150.6, Diff: 0.0]
   [Code Root Fixup: 0.0 ms]
   [Code Root Purge: 0.0 ms]
   [Clear CT: 0.2 ms]
   [Other: 0.7 ms]
      [Choose CSet: 0.0 ms]
      [Ref Proc: 0.1 ms]
      [Ref Enq: 0.0 ms]
      [Redirty Cards: 0.1 ms]
      [Humongous Register: 0.0 ms]
      [Humongous Reclaim: 0.0 ms]
      [Free CSet: 0.2 ms]
   [Eden: 417.0M(417.0M)->0.0B(417.0M) Survivors: 3072.0K->3072.0K Heap: 479.5M(700.0M)->63777.1K(700.0M)]
 [Times: user=0.00 sys=0.00, real=0.00 secs] 
2024-10-10T18:00:03.547+0300: 497.152: Total time for which application threads were stopped: 0.0018364 seconds, Stopping threads took: 0.0001914 seconds
2024-10-10T18:00:05.164+0300: 498.767: Application time: 1.6159131 seconds
2024-10-10T18:00:05.164+0300: 498.768: Total time for which application threads were stopped: 0.0001876 seconds, Stopping threads took: 0.0001377 seconds
2024-10-10T18:00:05.305+0300: 498.917: Application time: 0.1495704 seconds
2024-10-10T18:00:05.305+0300: 498.917: Total time for which application threads were stopped: 0.0001814 seconds, Stopping threads took: 0.0001348 seconds
2024-10-10T18:00:05.571+0300: 499.179: Application time: 0.2611328 seconds
2024-10-10T18:00:05.571+0300: 499.179: Total time for which application threads were stopped: 0.0001844 seconds, Stopping threads took: 0.0001451 seconds
2024-10-10T18:00:05.854+0300: 499.459: Application time: 0.2799522 seconds
2024-10-10T18:00:05.854+0300: 499.459: Total time for which application threads were stopped: 0.0007506 seconds, Stopping threads took: 0.0007137 seconds
2024-10-10T18:00:08.128+0300: 501.733: Application time: 2.2737375 seconds
2024-10-10T18:00:08.128+0300: 501.733: [GC pause (G1 Evacuation Pause) (young), 0.0014661 secs]
   [Parallel Time: 0.7 ms, GC Workers: 6]
      [GC Worker Start (ms): Min: 501733.5, Avg: 501733.6, Max: 501733.6, Diff: 0.1]
      [Ext Root Scanning (ms): Min: 0.2, Avg: 0.3, Max: 0.3, Diff: 0.0, Sum: 1.6]
      [Update RS (ms): Min: 0.0, Avg: 0.0, Max: 0.0, Diff: 0.0, Sum: 0.1]
         [Processed Buffers: Min: 0, Avg: 1.2, Max: 3, Diff: 3, Sum: 7]
      [Scan RS (ms): Min: 0.0, Avg: 0.1, Max: 0.1, Diff: 0.1, Sum: 0.4]
      [Code Root Scanning (ms): Min: 0.0, Avg: 0.0, Max: 0.0, Diff: 0.0, Sum: 0.0]
      [Object Copy (ms): Min: 0.2, Avg: 0.2, Max: 0.3, Diff: 0.1, Sum: 1.4]
      [Termination (ms): Min: 0.0, Avg: 0.0, Max: 0.1, Diff: 0.1, Sum: 0.2]
         [Termination Attempts: Min: 1, Avg: 1.0, Max: 1, Diff: 0, Sum: 6]
      [GC Worker Other (ms): Min: 0.0, Avg: 0.0, Max: 0.0, Diff: 0.0, Sum: 0.1]
      [GC Worker Total (ms): Min: 0.6, Avg: 0.6, Max: 0.7, Diff: 0.0, Sum: 3.8]
      [GC Worker End (ms): Min: 501734.2, Avg: 501734.2, Max: 501734.2, Diff: 0.0]
   [Code Root Fixup: 0.0 ms]
   [Code Root Purge: 0.0 ms]
   [Clear CT: 0.2 ms]
   [Other: 0.5 ms]
      [Choose CSet: 0.0 ms]
      [Ref Proc: 0.1 ms]
      [Ref Enq: 0.0 ms]
      [Redirty Cards: 0.1 ms]
      [Humongous Register: 0.1 ms]
      [Humongous Reclaim: 0.0 ms]
      [Free CSet: 0.2 ms]
   [Eden: 417.0M(417.0M)->0.0B(417.0M) Survivors: 3072.0K->3072.0K Heap: 479.3M(700.0M)->63755.1K(700.0M)]
 [Times: user=0.00 sys=0.00, real=0.00 secs] 
2024-10-10T18:00:08.128+0300: 501.735: Total time for which application threads were stopped: 0.0018504 seconds, Stopping threads took: 0.0001501 seconds
2024-10-10T18:00:12.492+0300: 506.102: Application time: 4.3666166 seconds
2024-10-10T18:00:12.492+0300: 506.102: [GC pause (G1 Evacuation Pause) (young), 0.0014286 secs]
   [Parallel Time: 0.7 ms, GC Workers: 6]
      [GC Worker Start (ms): Min: 506102.1, Avg: 506102.1, Max: 506102.2, Diff: 0.1]
      [Ext Root Scanning (ms): Min: 0.2, Avg: 0.3, Max: 0.3, Diff: 0.1, Sum: 1.7]
      [Update RS (ms): Min: 0.0, Avg: 0.0, Max: 0.1, Diff: 0.1, Sum: 0.1]
         [Processed Buffers: Min: 0, Avg: 0.8, Max: 2, Diff: 2, Sum: 5]
      [Scan RS (ms): Min: 0.0, Avg: 0.1, Max: 0.1, Diff: 0.1, Sum: 0.5]
      [Code Root Scanning (ms): Min: 0.0, Avg: 0.0, Max: 0.0, Diff: 0.0, Sum: 0.0]
      [Object Copy (ms): Min: 0.2, Avg: 0.2, Max: 0.3, Diff: 0.1, Sum: 1.2]
      [Termination (ms): Min: 0.0, Avg: 0.0, Max: 0.0, Diff: 0.0, Sum: 0.1]
         [Termination Attempts: Min: 1, Avg: 1.0, Max: 1, Diff: 0, Sum: 6]
      [GC Worker Other (ms): Min: 0.0, Avg: 0.0, Max: 0.1, Diff: 0.0, Sum: 0.1]
      [GC Worker Total (ms): Min: 0.6, Avg: 0.6, Max: 0.7, Diff: 0.1, Sum: 3.8]
      [GC Worker End (ms): Min: 506102.8, Avg: 506102.8, Max: 506102.8, Diff: 0.0]
   [Code Root Fixup: 0.0 ms]
   [Code Root Purge: 0.0 ms]
   [Clear CT: 0.2 ms]
   [Other: 0.5 ms]
      [Choose CSet: 0.0 ms]
      [Ref Proc: 0.1 ms]
      [Ref Enq: 0.0 ms]
      [Redirty Cards: 0.1 ms]
      [Humongous Register: 0.0 ms]
      [Humongous Reclaim: 0.0 ms]
      [Free CSet: 0.2 ms]
   [Eden: 417.0M(417.0M)->0.0B(418.0M) Survivors: 3072.0K->2048.0K Heap: 479.3M(700.0M)->63583.3K(700.0M)]
 [Times: user=0.00 sys=0.00, real=0.00 secs] 
2024-10-10T18:00:12.492+0300: 506.104: Total time for which application threads were stopped: 0.0019303 seconds, Stopping threads took: 0.0002989 seconds
2024-10-10T18:00:16.870+0300: 510.475: Application time: 4.3718874 seconds
2024-10-10T18:00:16.870+0300: 510.476: [GC pause (G1 Evacuation Pause) (young), 0.0013481 secs]
   [Parallel Time: 0.6 ms, GC Workers: 6]
      [GC Worker Start (ms): Min: 510475.8, Avg: 510475.9, Max: 510476.1, Diff: 0.3]
      [Ext Root Scanning (ms): Min: 0.0, Avg: 0.2, Max: 0.3, Diff: 0.3, Sum: 1.4]
      [Update RS (ms): Min: 0.0, Avg: 0.0, Max: 0.0, Diff: 0.0, Sum: 0.1]
         [Processed Buffers: Min: 0, Avg: 0.8, Max: 3, Diff: 3, Sum: 5]
      [Scan RS (ms): Min: 0.0, Avg: 0.1, Max: 0.1, Diff: 0.1, Sum: 0.5]
      [Code Root Scanning (ms): Min: 0.0, Avg: 0.0, Max: 0.0, Diff: 0.0, Sum: 0.0]
      [Object Copy (ms): Min: 0.1, Avg: 0.2, Max: 0.2, Diff: 0.1, Sum: 1.0]
      [Termination (ms): Min: 0.0, Avg: 0.0, Max: 0.0, Diff: 0.0, Sum: 0.2]
         [Termination Attempts: Min: 1, Avg: 1.0, Max: 1, Diff: 0, Sum: 6]
      [GC Worker Other (ms): Min: 0.0, Avg: 0.0, Max: 0.0, Diff: 0.0, Sum: 0.1]
      [GC Worker Total (ms): Min: 0.3, Avg: 0.5, Max: 0.6, Diff: 0.3, Sum: 3.1]
      [GC Worker End (ms): Min: 510476.4, Avg: 510476.4, Max: 510476.4, Diff: 0.0]
   [Code Root Fixup: 0.0 ms]
   [Code Root Purge: 0.0 ms]
   [Clear CT: 0.2 ms]
   [Other: 0.6 ms]
      [Choose CSet: 0.0 ms]
      [Ref Proc: 0.2 ms]
      [Ref Enq: 0.0 ms]
      [Redirty Cards: 0.1 ms]
      [Humongous Register: 0.0 ms]
      [Humongous Reclaim: 0.0 ms]
      [Free CSet: 0.2 ms]
   [Eden: 418.0M(418.0M)->0.0B(417.0M) Survivors: 2048.0K->3072.0K Heap: 480.1M(700.0M)->63766.6K(700.0M)]
 [Times: user=0.00 sys=0.00, real=0.00 secs] 
2024-10-10T18:00:16.870+0300: 510.477: Total time for which application threads were stopped: 0.0016935 seconds, Stopping threads took: 0.0001433 seconds
2024-10-10T18:00:21.218+0300: 514.829: Application time: 4.3521454 seconds
2024-10-10T18:00:21.218+0300: 514.830: [GC pause (G1 Evacuation Pause) (young), 0.0012804 secs]
   [Parallel Time: 0.7 ms, GC Workers: 6]
      [GC Worker Start (ms): Min: 514829.7, Avg: 514829.7, Max: 514829.7, Diff: 0.1]
      [Ext Root Scanning (ms): Min: 0.2, Avg: 0.3, Max: 0.3, Diff: 0.0, Sum: 1.6]
      [Update RS (ms): Min: 0.0, Avg: 0.0, Max: 0.0, Diff: 0.0, Sum: 0.1]
         [Processed Buffers: Min: 0, Avg: 0.8, Max: 2, Diff: 2, Sum: 5]
      [Scan RS (ms): Min: 0.0, Avg: 0.1, Max: 0.1, Diff: 0.1, Sum: 0.4]
      [Code Root Scanning (ms): Min: 0.0, Avg: 0.0, Max: 0.0, Diff: 0.0, Sum: 0.0]
      [Object Copy (ms): Min: 0.1, Avg: 0.2, Max: 0.2, Diff: 0.1, Sum: 1.0]
      [Termination (ms): Min: 0.0, Avg: 0.0, Max: 0.0, Diff: 0.0, Sum: 0.1]
         [Termination Attempts: Min: 1, Avg: 1.0, Max: 1, Diff: 0, Sum: 6]
      [GC Worker Other (ms): Min: 0.0, Avg: 0.0, Max: 0.0, Diff: 0.0, Sum: 0.2]
      [GC Worker Total (ms): Min: 0.5, Avg: 0.6, Max: 0.6, Diff: 0.0, Sum: 3.4]
      [GC Worker End (ms): Min: 514830.2, Avg: 514830.3, Max: 514830.3, Diff: 0.0]
   [Code Root Fixup: 0.0 ms]
   [Code Root Purge: 0.0 ms]
   [Clear CT: 0.2 ms]
   [Other: 0.5 ms]
      [Choose CSet: 0.0 ms]
      [Ref Proc: 0.1 ms]
      [Ref Enq: 0.0 ms]
      [Redirty Cards: 0.1 ms]
      [Humongous Register: 0.0 ms]
      [Humongous Reclaim: 0.0 ms]
      [Free CSet: 0.2 ms]
   [Eden: 417.0M(417.0M)->0.0B(418.0M) Survivors: 3072.0K->2048.0K Heap: 479.3M(700.0M)->63331.5K(700.0M)]
 [Times: user=0.00 sys=0.00, real=0.00 secs] 
2024-10-10T18:00:21.218+0300: 514.831: Total time for which application threads were stopped: 0.0016492 seconds, Stopping threads took: 0.0001938 seconds
2024-10-10T18:00:25.644+0300: 519.244: Application time: 4.4134962 seconds
2024-10-10T18:00:25.644+0300: 519.245: [GC pause (G1 Evacuation Pause) (young), 0.0013245 secs]
   [Parallel Time: 0.7 ms, GC Workers: 6]
      [GC Worker Start (ms): Min: 519244.7, Avg: 519244.8, Max: 519244.8, Diff: 0.1]
      [Ext Root Scanning (ms): Min: 0.2, Avg: 0.2, Max: 0.3, Diff: 0.1, Sum: 1.5]
      [Update RS (ms): Min: 0.0, Avg: 0.0, Max: 0.0, Diff: 0.0, Sum: 0.1]
         [Processed Buffers: Min: 0, Avg: 0.7, Max: 2, Diff: 2, Sum: 4]
      [Scan RS (ms): Min: 0.1, Avg: 0.1, Max: 0.1, Diff: 0.0, Sum: 0.4]
      [Code Root Scanning (ms): Min: 0.0, Avg: 0.0, Max: 0.0, Diff: 0.0, Sum: 0.0]
      [Object Copy (ms): Min: 0.2, Avg: 0.2, Max: 0.3, Diff: 0.1, Sum: 1.3]
      [Termination (ms): Min: 0.0, Avg: 0.0, Max: 0.0, Diff: 0.0, Sum: 0.1]
         [Termination Attempts: Min: 1, Avg: 1.0, Max: 1, Diff: 0, Sum: 6]
      [GC Worker Other (ms): Min: 0.0, Avg: 0.0, Max: 0.0, Diff: 0.0, Sum: 0.2]
      [GC Worker Total (ms): Min: 0.6, Avg: 0.6, Max: 0.6, Diff: 0.0, Sum: 3.5]
      [GC Worker End (ms): Min: 519245.3, Avg: 519245.4, Max: 519245.4, Diff: 0.0]
   [Code Root Fixup: 0.0 ms]
   [Code Root Purge: 0.0 ms]
   [Clear CT: 0.1 ms]
   [Other: 0.5 ms]
      [Choose CSet: 0.0 ms]
      [Ref Proc: 0.1 ms]
      [Ref Enq: 0.0 ms]
      [Redirty Cards: 0.1 ms]
      [Humongous Register: 0.0 ms]
      [Humongous Reclaim: 0.0 ms]
      [Free CSet: 0.2 ms]
   [Eden: 418.0M(418.0M)->0.0B(417.0M) Survivors: 2048.0K->3072.0K Heap: 479.8M(700.0M)->63805.2K(700.0M)]
 [Times: user=0.00 sys=0.00, real=0.00 secs] 
2024-10-10T18:00:25.644+0300: 519.246: Total time for which application threads were stopped: 0.0016368 seconds, Stopping threads took: 0.0001239 seconds
2024-10-10T18:00:29.975+0300: 523.579: Application time: 4.3331811 seconds
2024-10-10T18:00:29.975+0300: 523.580: [GC pause (G1 Evacuation Pause) (young), 0.0013657 secs]
   [Parallel Time: 0.6 ms, GC Workers: 6]
      [GC Worker Start (ms): Min: 523579.6, Avg: 523579.6, Max: 523579.7, Diff: 0.1]
      [Ext Root Scanning (ms): Min: 0.2, Avg: 0.2, Max: 0.3, Diff: 0.0, Sum: 1.5]
      [Update RS (ms): Min: 0.0, Avg: 0.0, Max: 0.1, Diff: 0.1, Sum: 0.1]
         [Processed Buffers: Min: 0, Avg: 0.7, Max: 2, Diff: 2, Sum: 4]
      [Scan RS (ms): Min: 0.0, Avg: 0.1, Max: 0.1, Diff: 0.0, Sum: 0.4]
      [Code Root Scanning (ms): Min: 0.0, Avg: 0.0, Max: 0.0, Diff: 0.0, Sum: 0.0]
      [Object Copy (ms): Min: 0.1, Avg: 0.2, Max: 0.3, Diff: 0.1, Sum: 1.2]
      [Termination (ms): Min: 0.0, Avg: 0.0, Max: 0.1, Diff: 0.1, Sum: 0.3]
         [Termination Attempts: Min: 1, Avg: 1.0, Max: 1, Diff: 0, Sum: 6]
      [GC Worker Other (ms): Min: 0.0, Avg: 0.0, Max: 0.0, Diff: 0.0, Sum: 0.1]
      [GC Worker Total (ms): Min: 0.6, Avg: 0.6, Max: 0.6, Diff: 0.0, Sum: 3.5]
      [GC Worker End (ms): Min: 523580.2, Avg: 523580.2, Max: 523580.2, Diff: 0.0]
   [Code Root Fixup: 0.0 ms]
   [Code Root Purge: 0.0 ms]
   [Clear CT: 0.2 ms]
   [Other: 0.6 ms]
      [Choose CSet: 0.0 ms]
      [Ref Proc: 0.1 ms]
      [Ref Enq: 0.0 ms]
      [Redirty Cards: 0.1 ms]
      [Humongous Register: 0.0 ms]
      [Humongous Reclaim: 0.0 ms]
      [Free CSet: 0.2 ms]
   [Eden: 417.0M(417.0M)->0.0B(417.0M) Survivors: 3072.0K->3072.0K Heap: 479.3M(700.0M)->63914.8K(700.0M)]
 [Times: user=0.00 sys=0.00, real=0.00 secs] 
2024-10-10T18:00:29.975+0300: 523.581: Total time for which application threads were stopped: 0.0017119 seconds, Stopping threads took: 0.0001355 seconds
2024-10-10T18:00:34.338+0300: 527.952: Application time: 4.3713570 seconds
2024-10-10T18:00:34.338+0300: 527.953: [GC pause (G1 Evacuation Pause) (young), 0.0013887 secs]
   [Parallel Time: 0.8 ms, GC Workers: 6]
      [GC Worker Start (ms): Min: 527952.7, Avg: 527952.8, Max: 527953.1, Diff: 0.4]
      [Ext Root Scanning (ms): Min: 0.0, Avg: 0.2, Max: 0.3, Diff: 0.3, Sum: 1.4]
      [Update RS (ms): Min: 0.0, Avg: 0.0, Max: 0.0, Diff: 0.0, Sum: 0.1]
         [Processed Buffers: Min: 0, Avg: 0.7, Max: 2, Diff: 2, Sum: 4]
      [Scan RS (ms): Min: 0.0, Avg: 0.1, Max: 0.1, Diff: 0.1, Sum: 0.5]
      [Code Root Scanning (ms): Min: 0.0, Avg: 0.0, Max: 0.0, Diff: 0.0, Sum: 0.0]
      [Object Copy (ms): Min: 0.2, Avg: 0.2, Max: 0.3, Diff: 0.1, Sum: 1.3]
      [Termination (ms): Min: 0.0, Avg: 0.0, Max: 0.0, Diff: 0.0, Sum: 0.1]
         [Termination Attempts: Min: 1, Avg: 1.0, Max: 1, Diff: 0, Sum: 6]
      [GC Worker Other (ms): Min: 0.0, Avg: 0.0, Max: 0.1, Diff: 0.1, Sum: 0.2]
      [GC Worker Total (ms): Min: 0.4, Avg: 0.6, Max: 0.7, Diff: 0.4, Sum: 3.6]
      [GC Worker End (ms): Min: 527953.4, Avg: 527953.4, Max: 527953.4, Diff: 0.0]
   [Code Root Fixup: 0.0 ms]
   [Code Root Purge: 0.0 ms]
   [Clear CT: 0.1 ms]
   [Other: 0.5 ms]
      [Choose CSet: 0.0 ms]
      [Ref Proc: 0.1 ms]
      [Ref Enq: 0.0 ms]
      [Redirty Cards: 0.1 ms]
      [Humongous Register: 0.0 ms]
      [Humongous Reclaim: 0.0 ms]
      [Free CSet: 0.2 ms]
   [Eden: 417.0M(417.0M)->0.0B(417.0M) Survivors: 3072.0K->3072.0K Heap: 479.4M(700.0M)->64381.4K(700.0M)]
 [Times: user=0.00 sys=0.00, real=0.02 secs] 
2024-10-10T18:00:34.354+0300: 527.954: Total time for which application threads were stopped: 0.0017686 seconds, Stopping threads took: 0.0001551 seconds
2024-10-10T18:00:38.779+0300: 532.382: Application time: 4.4276849 seconds
2024-10-10T18:00:38.779+0300: 532.382: [GC pause (G1 Evacuation Pause) (young), 0.0011999 secs]
   [Parallel Time: 0.5 ms, GC Workers: 6]
      [GC Worker Start (ms): Min: 532382.2, Avg: 532382.2, Max: 532382.3, Diff: 0.1]
      [Ext Root Scanning (ms): Min: 0.2, Avg: 0.2, Max: 0.3, Diff: 0.1, Sum: 1.4]
      [Update RS (ms): Min: 0.0, Avg: 0.0, Max: 0.0, Diff: 0.0, Sum: 0.1]
         [Processed Buffers: Min: 0, Avg: 0.8, Max: 2, Diff: 2, Sum: 5]
      [Scan RS (ms): Min: 0.0, Avg: 0.1, Max: 0.1, Diff: 0.0, Sum: 0.4]
      [Code Root Scanning (ms): Min: 0.0, Avg: 0.0, Max: 0.0, Diff: 0.0, Sum: 0.0]
      [Object Copy (ms): Min: 0.1, Avg: 0.1, Max: 0.1, Diff: 0.1, Sum: 0.6]
      [Termination (ms): Min: 0.0, Avg: 0.0, Max: 0.1, Diff: 0.1, Sum: 0.2]
         [Termination Attempts: Min: 1, Avg: 1.0, Max: 1, Diff: 0, Sum: 6]
      [GC Worker Other (ms): Min: 0.0, Avg: 0.0, Max: 0.0, Diff: 0.0, Sum: 0.1]
      [GC Worker Total (ms): Min: 0.4, Avg: 0.5, Max: 0.5, Diff: 0.1, Sum: 2.7]
      [GC Worker End (ms): Min: 532382.7, Avg: 532382.7, Max: 532382.7, Diff: 0.0]
   [Code Root Fixup: 0.0 ms]
   [Code Root Purge: 0.0 ms]
   [Clear CT: 0.1 ms]
   [Other: 0.5 ms]
      [Choose CSet: 0.0 ms]
      [Ref Proc: 0.1 ms]
      [Ref Enq: 0.0 ms]
      [Redirty Cards: 0.1 ms]
      [Humongous Register: 0.1 ms]
      [Humongous Reclaim: 0.0 ms]
      [Free CSet: 0.2 ms]
   [Eden: 417.0M(417.0M)->0.0B(418.0M) Survivors: 3072.0K->2048.0K Heap: 479.9M(700.0M)->63410.4K(700.0M)]
 [Times: user=0.00 sys=0.00, real=0.00 secs] 
2024-10-10T18:00:38.779+0300: 532.383: Total time for which application threads were stopped: 0.0015784 seconds, Stopping threads took: 0.0001651 seconds
2024-10-10T18:00:43.159+0300: 536.771: Application time: 4.3871189 seconds
2024-10-10T18:00:43.159+0300: 536.771: [GC pause (G1 Evacuation Pause) (young), 0.0013599 secs]
   [Parallel Time: 0.7 ms, GC Workers: 6]
      [GC Worker Start (ms): Min: 536771.0, Avg: 536771.0, Max: 536771.0, Diff: 0.1]
      [Ext Root Scanning (ms): Min: 0.2, Avg: 0.3, Max: 0.3, Diff: 0.1, Sum: 1.5]
      [Update RS (ms): Min: 0.0, Avg: 0.0, Max: 0.0, Diff: 0.0, Sum: 0.1]
         [Processed Buffers: Min: 0, Avg: 0.7, Max: 2, Diff: 2, Sum: 4]
      [Scan RS (ms): Min: 0.0, Avg: 0.1, Max: 0.1, Diff: 0.1, Sum: 0.5]
      [Code Root Scanning (ms): Min: 0.0, Avg: 0.0, Max: 0.0, Diff: 0.0, Sum: 0.0]
      [Object Copy (ms): Min: 0.2, Avg: 0.2, Max: 0.3, Diff: 0.1, Sum: 1.4]
      [Termination (ms): Min: 0.0, Avg: 0.0, Max: 0.0, Diff: 0.0, Sum: 0.0]
         [Termination Attempts: Min: 1, Avg: 2.2, Max: 3, Diff: 2, Sum: 13]
      [GC Worker Other (ms): Min: 0.0, Avg: 0.0, Max: 0.1, Diff: 0.1, Sum: 0.2]
      [GC Worker Total (ms): Min: 0.6, Avg: 0.6, Max: 0.7, Diff: 0.1, Sum: 3.8]
      [GC Worker End (ms): Min: 536771.6, Avg: 536771.6, Max: 536771.6, Diff: 0.0]
   [Code Root Fixup: 0.0 ms]
   [Code Root Purge: 0.0 ms]
   [Clear CT: 0.1 ms]
   [Other: 0.5 ms]
      [Choose CSet: 0.0 ms]
      [Ref Proc: 0.1 ms]
      [Ref Enq: 0.0 ms]
      [Redirty Cards: 0.1 ms]
      [Humongous Register: 0.0 ms]
      [Humongous Reclaim: 0.0 ms]
      [Free CSet: 0.2 ms]
   [Eden: 418.0M(418.0M)->0.0B(417.0M) Survivors: 2048.0K->3072.0K Heap: 479.9M(700.0M)->64023.6K(700.0M)]
 [Times: user=0.00 sys=0.00, real=0.00 secs] 
2024-10-10T18:00:43.159+0300: 536.772: Total time for which application threads were stopped: 0.0018315 seconds, Stopping threads took: 0.0002674 seconds
2024-10-10T18:00:47.585+0300: 541.187: Application time: 4.4142093 seconds
2024-10-10T18:00:47.585+0300: 541.187: [GC pause (G1 Evacuation Pause) (young), 0.0012054 secs]
   [Parallel Time: 0.6 ms, GC Workers: 6]
      [GC Worker Start (ms): Min: 541186.9, Avg: 541186.9, Max: 541186.9, Diff: 0.1]
      [Ext Root Scanning (ms): Min: 0.2, Avg: 0.3, Max: 0.3, Diff: 0.1, Sum: 1.6]
      [Update RS (ms): Min: 0.0, Avg: 0.0, Max: 0.0, Diff: 0.0, Sum: 0.1]
         [Processed Buffers: Min: 0, Avg: 0.8, Max: 2, Diff: 2, Sum: 5]
      [Scan RS (ms): Min: 0.0, Avg: 0.1, Max: 0.1, Diff: 0.0, Sum: 0.4]
      [Code Root Scanning (ms): Min: 0.0, Avg: 0.0, Max: 0.0, Diff: 0.0, Sum: 0.0]
      [Object Copy (ms): Min: 0.1, Avg: 0.1, Max: 0.2, Diff: 0.0, Sum: 0.8]
      [Termination (ms): Min: 0.0, Avg: 0.0, Max: 0.0, Diff: 0.0, Sum: 0.1]
         [Termination Attempts: Min: 1, Avg: 1.0, Max: 1, Diff: 0, Sum: 6]
      [GC Worker Other (ms): Min: 0.0, Avg: 0.0, Max: 0.0, Diff: 0.0, Sum: 0.1]
      [GC Worker Total (ms): Min: 0.5, Avg: 0.5, Max: 0.5, Diff: 0.1, Sum: 3.1]
      [GC Worker End (ms): Min: 541187.4, Avg: 541187.4, Max: 541187.4, Diff: 0.0]
   [Code Root Fixup: 0.0 ms]
   [Code Root Purge: 0.0 ms]
   [Clear CT: 0.1 ms]
   [Other: 0.5 ms]
      [Choose CSet: 0.0 ms]
      [Ref Proc: 0.1 ms]
      [Ref Enq: 0.0 ms]
      [Redirty Cards: 0.1 ms]
      [Humongous Register: 0.0 ms]
      [Humongous Reclaim: 0.0 ms]
      [Free CSet: 0.2 ms]
   [Eden: 417.0M(417.0M)->0.0B(418.0M) Survivors: 3072.0K->2048.0K Heap: 479.5M(700.0M)->63522.8K(700.0M)]
 [Times: user=0.00 sys=0.00, real=0.00 secs] 
2024-10-10T18:00:47.585+0300: 541.188: Total time for which application threads were stopped: 0.0015392 seconds, Stopping threads took: 0.0001440 seconds
2024-10-10T18:00:51.964+0300: 545.568: Application time: 4.3801159 seconds
2024-10-10T18:00:51.964+0300: 545.568: [GC pause (G1 Evacuation Pause) (young), 0.0014327 secs]
   [Parallel Time: 0.7 ms, GC Workers: 6]
      [GC Worker Start (ms): Min: 545568.6, Avg: 545568.6, Max: 545568.6, Diff: 0.0]
      [Ext Root Scanning (ms): Min: 0.2, Avg: 0.2, Max: 0.3, Diff: 0.0, Sum: 1.5]
      [Update RS (ms): Min: 0.0, Avg: 0.0, Max: 0.0, Diff: 0.0, Sum: 0.1]
         [Processed Buffers: Min: 0, Avg: 0.8, Max: 2, Diff: 2, Sum: 5]
      [Scan RS (ms): Min: 0.0, Avg: 0.1, Max: 0.1, Diff: 0.1, Sum: 0.4]
      [Code Root Scanning (ms): Min: 0.0, Avg: 0.0, Max: 0.0, Diff: 0.0, Sum: 0.0]
      [Object Copy (ms): Min: 0.2, Avg: 0.2, Max: 0.3, Diff: 0.1, Sum: 1.2]
      [Termination (ms): Min: 0.0, Avg: 0.0, Max: 0.0, Diff: 0.0, Sum: 0.0]
         [Termination Attempts: Min: 1, Avg: 2.8, Max: 5, Diff: 4, Sum: 17]
      [GC Worker Other (ms): Min: 0.0, Avg: 0.0, Max: 0.1, Diff: 0.0, Sum: 0.2]
      [GC Worker Total (ms): Min: 0.5, Avg: 0.6, Max: 0.6, Diff: 0.0, Sum: 3.4]
      [GC Worker End (ms): Min: 545569.2, Avg: 545569.2, Max: 545569.2, Diff: 0.0]
   [Code Root Fixup: 0.0 ms]
   [Code Root Purge: 0.0 ms]
   [Clear CT: 0.2 ms]
   [Other: 0.6 ms]
      [Choose CSet: 0.0 ms]
      [Ref Proc: 0.1 ms]
      [Ref Enq: 0.0 ms]
      [Redirty Cards: 0.1 ms]
      [Humongous Register: 0.1 ms]
      [Humongous Reclaim: 0.0 ms]
      [Free CSet: 0.2 ms]
   [Eden: 418.0M(418.0M)->0.0B(418.0M) Survivors: 2048.0K->2048.0K Heap: 480.0M(700.0M)->63483.9K(700.0M)]
 [Times: user=0.00 sys=0.00, real=0.00 secs] 
2024-10-10T18:00:51.964+0300: 545.570: Total time for which application threads were stopped: 0.0018041 seconds, Stopping threads took: 0.0001712 seconds
2024-10-10T18:00:56.360+0300: 549.967: Application time: 4.3974149 seconds
2024-10-10T18:00:56.360+0300: 549.968: [GC pause (G1 Evacuation Pause) (young), 0.0013737 secs]
   [Parallel Time: 0.7 ms, GC Workers: 6]
      [GC Worker Start (ms): Min: 549967.8, Avg: 549967.9, Max: 549967.9, Diff: 0.1]
      [Ext Root Scanning (ms): Min: 0.2, Avg: 0.3, Max: 0.3, Diff: 0.1, Sum: 1.5]
      [Update RS (ms): Min: 0.0, Avg: 0.0, Max: 0.0, Diff: 0.0, Sum: 0.1]
         [Processed Buffers: Min: 0, Avg: 0.7, Max: 2, Diff: 2, Sum: 4]
      [Scan RS (ms): Min: 0.0, Avg: 0.1, Max: 0.1, Diff: 0.1, Sum: 0.4]
      [Code Root Scanning (ms): Min: 0.0, Avg: 0.0, Max: 0.0, Diff: 0.0, Sum: 0.0]
      [Object Copy (ms): Min: 0.2, Avg: 0.2, Max: 0.3, Diff: 0.1, Sum: 1.3]
      [Termination (ms): Min: 0.0, Avg: 0.0, Max: 0.0, Diff: 0.0, Sum: 0.0]
         [Termination Attempts: Min: 1, Avg: 2.8, Max: 4, Diff: 3, Sum: 17]
      [GC Worker Other (ms): Min: 0.0, Avg: 0.0, Max: 0.0, Diff: 0.0, Sum: 0.2]
      [GC Worker Total (ms): Min: 0.6, Avg: 0.6, Max: 0.6, Diff: 0.1, Sum: 3.5]
      [GC Worker End (ms): Min: 549968.4, Avg: 549968.4, Max: 549968.5, Diff: 0.0]
   [Code Root Fixup: 0.0 ms]
   [Code Root Purge: 0.0 ms]
   [Clear CT: 0.2 ms]
   [Other: 0.5 ms]
      [Choose CSet: 0.0 ms]
      [Ref Proc: 0.1 ms]
      [Ref Enq: 0.0 ms]
      [Redirty Cards: 0.1 ms]
      [Humongous Register: 0.0 ms]
      [Humongous Reclaim: 0.0 ms]
      [Free CSet: 0.2 ms]
   [Eden: 418.0M(418.0M)->0.0B(418.0M) Survivors: 2048.0K->2048.0K Heap: 480.0M(700.0M)->63571.2K(700.0M)]
 [Times: user=0.00 sys=0.00, real=0.00 secs] 
2024-10-10T18:00:56.360+0300: 549.969: Total time for which application threads were stopped: 0.0017672 seconds, Stopping threads took: 0.0001652 seconds
2024-10-10T18:01:00.724+0300: 554.330: Application time: 4.3606731 seconds
2024-10-10T18:01:00.724+0300: 554.330: [GC pause (G1 Evacuation Pause) (young), 0.0014164 secs]
   [Parallel Time: 0.8 ms, GC Workers: 6]
      [GC Worker Start (ms): Min: 554330.3, Avg: 554330.3, Max: 554330.4, Diff: 0.1]
      [Ext Root Scanning (ms): Min: 0.2, Avg: 0.3, Max: 0.3, Diff: 0.1, Sum: 1.6]
      [Update RS (ms): Min: 0.0, Avg: 0.0, Max: 0.0, Diff: 0.0, Sum: 0.1]
         [Processed Buffers: Min: 0, Avg: 0.7, Max: 2, Diff: 2, Sum: 4]
      [Scan RS (ms): Min: 0.0, Avg: 0.1, Max: 0.1, Diff: 0.1, Sum: 0.5]
      [Code Root Scanning (ms): Min: 0.0, Avg: 0.0, Max: 0.0, Diff: 0.0, Sum: 0.0]
      [Object Copy (ms): Min: 0.1, Avg: 0.2, Max: 0.2, Diff: 0.1, Sum: 1.0]
      [Termination (ms): Min: 0.0, Avg: 0.0, Max: 0.0, Diff: 0.0, Sum: 0.1]
         [Termination Attempts: Min: 1, Avg: 1.0, Max: 1, Diff: 0, Sum: 6]
      [GC Worker Other (ms): Min: 0.0, Avg: 0.0, Max: 0.1, Diff: 0.1, Sum: 0.2]
      [GC Worker Total (ms): Min: 0.5, Avg: 0.6, Max: 0.6, Diff: 0.1, Sum: 3.5]
      [GC Worker End (ms): Min: 554330.9, Avg: 554330.9, Max: 554330.9, Diff: 0.1]
   [Code Root Fixup: 0.0 ms]
   [Code Root Purge: 0.0 ms]
   [Clear CT: 0.2 ms]
   [Other: 0.5 ms]
      [Choose CSet: 0.0 ms]
      [Ref Proc: 0.1 ms]
      [Ref Enq: 0.0 ms]
      [Redirty Cards: 0.1 ms]
      [Humongous Register: 0.1 ms]
      [Humongous Reclaim: 0.0 ms]
      [Free CSet: 0.2 ms]
   [Eden: 418.0M(418.0M)->0.0B(417.0M) Survivors: 2048.0K->3072.0K Heap: 480.1M(700.0M)->63828.5K(700.0M)]
 [Times: user=0.00 sys=0.00, real=0.00 secs] 
2024-10-10T18:01:00.724+0300: 554.332: Total time for which application threads were stopped: 0.0017616 seconds, Stopping threads took: 0.0001681 seconds
2024-10-10T18:01:05.165+0300: 558.772: Application time: 4.4407827 seconds
2024-10-10T18:01:05.165+0300: 558.773: [GC pause (G1 Evacuation Pause) (young), 0.0013680 secs]
   [Parallel Time: 0.7 ms, GC Workers: 6]
      [GC Worker Start (ms): Min: 558772.8, Avg: 558772.8, Max: 558772.8, Diff: 0.0]
      [Ext Root Scanning (ms): Min: 0.2, Avg: 0.2, Max: 0.3, Diff: 0.0, Sum: 1.5]
      [Update RS (ms): Min: 0.0, Avg: 0.0, Max: 0.0, Diff: 0.0, Sum: 0.1]
         [Processed Buffers: Min: 0, Avg: 0.7, Max: 2, Diff: 2, Sum: 4]
      [Scan RS (ms): Min: 0.0, Avg: 0.1, Max: 0.1, Diff: 0.1, Sum: 0.4]
      [Code Root Scanning (ms): Min: 0.0, Avg: 0.0, Max: 0.0, Diff: 0.0, Sum: 0.0]
      [Object Copy (ms): Min: 0.2, Avg: 0.2, Max: 0.3, Diff: 0.1, Sum: 1.3]
      [Termination (ms): Min: 0.0, Avg: 0.0, Max: 0.0, Diff: 0.0, Sum: 0.0]
         [Termination Attempts: Min: 1, Avg: 2.5, Max: 4, Diff: 3, Sum: 15]
      [GC Worker Other (ms): Min: 0.0, Avg: 0.0, Max: 0.1, Diff: 0.0, Sum: 0.2]
      [GC Worker Total (ms): Min: 0.6, Avg: 0.6, Max: 0.6, Diff: 0.0, Sum: 3.5]
      [GC Worker End (ms): Min: 558773.4, Avg: 558773.4, Max: 558773.4, Diff: 0.0]
   [Code Root Fixup: 0.0 ms]
   [Code Root Purge: 0.0 ms]
   [Clear CT: 0.2 ms]
   [Other: 0.5 ms]
      [Choose CSet: 0.0 ms]
      [Ref Proc: 0.1 ms]
      [Ref Enq: 0.0 ms]
      [Redirty Cards: 0.1 ms]
      [Humongous Register: 0.0 ms]
      [Humongous Reclaim: 0.0 ms]
      [Free CSet: 0.2 ms]
   [Eden: 417.0M(417.0M)->0.0B(417.0M) Survivors: 3072.0K->3072.0K Heap: 479.3M(700.0M)->64056.3K(700.0M)]
 [Times: user=0.00 sys=0.00, real=0.00 secs] 
2024-10-10T18:01:05.165+0300: 558.774: Total time for which application threads were stopped: 0.0017253 seconds, Stopping threads took: 0.0001552 seconds
2024-10-10T18:01:09.640+0300: 563.243: Application time: 4.4691070 seconds
2024-10-10T18:01:09.640+0300: 563.244: [GC pause (G1 Evacuation Pause) (young), 0.0013922 secs]
   [Parallel Time: 0.7 ms, GC Workers: 6]
      [GC Worker Start (ms): Min: 563243.7, Avg: 563243.8, Max: 563243.9, Diff: 0.3]
      [Ext Root Scanning (ms): Min: 0.0, Avg: 0.2, Max: 0.3, Diff: 0.3, Sum: 1.2]
      [Update RS (ms): Min: 0.0, Avg: 0.0, Max: 0.0, Diff: 0.0, Sum: 0.1]
         [Processed Buffers: Min: 0, Avg: 0.5, Max: 1, Diff: 1, Sum: 3]
      [Scan RS (ms): Min: 0.0, Avg: 0.1, Max: 0.1, Diff: 0.1, Sum: 0.5]
      [Code Root Scanning (ms): Min: 0.0, Avg: 0.0, Max: 0.0, Diff: 0.0, Sum: 0.0]
      [Object Copy (ms): Min: 0.1, Avg: 0.2, Max: 0.3, Diff: 0.1, Sum: 1.1]
      [Termination (ms): Min: 0.0, Avg: 0.0, Max: 0.0, Diff: 0.0, Sum: 0.1]
         [Termination Attempts: Min: 1, Avg: 1.3, Max: 2, Diff: 1, Sum: 8]
      [GC Worker Other (ms): Min: 0.0, Avg: 0.0, Max: 0.0, Diff: 0.0, Sum: 0.1]
      [GC Worker Total (ms): Min: 0.4, Avg: 0.5, Max: 0.6, Diff: 0.3, Sum: 3.0]
      [GC Worker End (ms): Min: 563244.3, Avg: 563244.3, Max: 563244.3, Diff: 0.0]
   [Code Root Fixup: 0.0 ms]
   [Code Root Purge: 0.0 ms]
   [Clear CT: 0.2 ms]
   [Other: 0.5 ms]
      [Choose CSet: 0.0 ms]
      [Ref Proc: 0.1 ms]
      [Ref Enq: 0.0 ms]
      [Redirty Cards: 0.1 ms]
      [Humongous Register: 0.0 ms]
      [Humongous Reclaim: 0.0 ms]
      [Free CSet: 0.2 ms]
   [Eden: 417.0M(417.0M)->0.0B(417.0M) Survivors: 3072.0K->3072.0K Heap: 479.6M(700.0M)->64321.7K(700.0M)]
 [Times: user=0.00 sys=0.00, real=0.00 secs] 
2024-10-10T18:01:09.640+0300: 563.245: Total time for which application threads were stopped: 0.0018100 seconds, Stopping threads took: 0.0002028 seconds
2024-10-10T18:01:14.033+0300: 567.640: Application time: 4.3944216 seconds
2024-10-10T18:01:14.033+0300: 567.640: [GC pause (G1 Evacuation Pause) (young), 0.0013122 secs]
   [Parallel Time: 0.7 ms, GC Workers: 6]
      [GC Worker Start (ms): Min: 567639.8, Avg: 567639.9, Max: 567639.9, Diff: 0.0]
      [Ext Root Scanning (ms): Min: 0.2, Avg: 0.3, Max: 0.3, Diff: 0.0, Sum: 1.5]
      [Update RS (ms): Min: 0.0, Avg: 0.0, Max: 0.1, Diff: 0.1, Sum: 0.1]
         [Processed Buffers: Min: 0, Avg: 0.7, Max: 3, Diff: 3, Sum: 4]
      [Scan RS (ms): Min: 0.0, Avg: 0.1, Max: 0.1, Diff: 0.1, Sum: 0.5]
      [Code Root Scanning (ms): Min: 0.0, Avg: 0.0, Max: 0.0, Diff: 0.0, Sum: 0.0]
      [Object Copy (ms): Min: 0.1, Avg: 0.2, Max: 0.3, Diff: 0.1, Sum: 1.3]
      [Termination (ms): Min: 0.0, Avg: 0.0, Max: 0.0, Diff: 0.0, Sum: 0.0]
         [Termination Attempts: Min: 1, Avg: 4.7, Max: 9, Diff: 8, Sum: 28]
      [GC Worker Other (ms): Min: 0.0, Avg: 0.0, Max: 0.1, Diff: 0.0, Sum: 0.2]
      [GC Worker Total (ms): Min: 0.6, Avg: 0.6, Max: 0.6, Diff: 0.1, Sum: 3.6]
      [GC Worker End (ms): Min: 567640.4, Avg: 567640.5, Max: 567640.5, Diff: 0.0]
   [Code Root Fixup: 0.0 ms]
   [Code Root Purge: 0.0 ms]
   [Clear CT: 0.2 ms]
   [Other: 0.5 ms]
      [Choose CSet: 0.0 ms]
      [Ref Proc: 0.1 ms]
      [Ref Enq: 0.0 ms]
      [Redirty Cards: 0.1 ms]
      [Humongous Register: 0.0 ms]
      [Humongous Reclaim: 0.0 ms]
      [Free CSet: 0.2 ms]
   [Eden: 417.0M(417.0M)->0.0B(418.0M) Survivors: 3072.0K->2048.0K Heap: 479.8M(700.0M)->63413.5K(700.0M)]
 [Times: user=0.01 sys=0.00, real=0.00 secs] 
2024-10-10T18:01:14.033+0300: 567.641: Total time for which application threads were stopped: 0.0016629 seconds, Stopping threads took: 0.0001499 seconds
2024-10-10T18:01:18.475+0300: 572.083: Application time: 4.4415394 seconds
2024-10-10T18:01:18.475+0300: 572.083: [GC pause (G1 Evacuation Pause) (young), 0.0014925 secs]
   [Parallel Time: 0.8 ms, GC Workers: 6]
      [GC Worker Start (ms): Min: 572083.1, Avg: 572083.1, Max: 572083.1, Diff: 0.1]
      [Ext Root Scanning (ms): Min: 0.2, Avg: 0.3, Max: 0.3, Diff: 0.1, Sum: 1.7]
      [Update RS (ms): Min: 0.0, Avg: 0.1, Max: 0.3, Diff: 0.3, Sum: 0.5]
         [Processed Buffers: Min: 0, Avg: 1.3, Max: 3, Diff: 3, Sum: 8]
      [Scan RS (ms): Min: 0.0, Avg: 0.1, Max: 0.1, Diff: 0.1, Sum: 0.5]
      [Code Root Scanning (ms): Min: 0.0, Avg: 0.0, Max: 0.0, Diff: 0.0, Sum: 0.0]
      [Object Copy (ms): Min: 0.0, Avg: 0.2, Max: 0.2, Diff: 0.2, Sum: 0.9]
      [Termination (ms): Min: 0.0, Avg: 0.0, Max: 0.1, Diff: 0.1, Sum: 0.3]
         [Termination Attempts: Min: 1, Avg: 1.5, Max: 2, Diff: 1, Sum: 9]
      [GC Worker Other (ms): Min: 0.0, Avg: 0.0, Max: 0.0, Diff: 0.0, Sum: 0.2]
      [GC Worker Total (ms): Min: 0.6, Avg: 0.7, Max: 0.7, Diff: 0.1, Sum: 3.9]
      [GC Worker End (ms): Min: 572083.7, Avg: 572083.7, Max: 572083.8, Diff: 0.0]
   [Code Root Fixup: 0.0 ms]
   [Code Root Purge: 0.0 ms]
   [Clear CT: 0.1 ms]
   [Other: 0.6 ms]
      [Choose CSet: 0.0 ms]
      [Ref Proc: 0.1 ms]
      [Ref Enq: 0.0 ms]
      [Redirty Cards: 0.1 ms]
      [Humongous Register: 0.1 ms]
      [Humongous Reclaim: 0.0 ms]
      [Free CSet: 0.2 ms]
   [Eden: 418.0M(418.0M)->0.0B(418.0M) Survivors: 2048.0K->2048.0K Heap: 479.9M(700.0M)->63441.5K(700.0M)]
 [Times: user=0.00 sys=0.00, real=0.00 secs] 
2024-10-10T18:01:18.475+0300: 572.085: Total time for which application threads were stopped: 0.0018233 seconds, Stopping threads took: 0.0001455 seconds
2024-10-10T18:01:22.915+0300: 576.520: Application time: 4.4354429 seconds
2024-10-10T18:01:22.915+0300: 576.520: [GC pause (G1 Evacuation Pause) (young), 0.0015296 secs]
   [Parallel Time: 0.8 ms, GC Workers: 6]
      [GC Worker Start (ms): Min: 576520.4, Avg: 576520.5, Max: 576520.8, Diff: 0.4]
      [Ext Root Scanning (ms): Min: 0.0, Avg: 0.3, Max: 0.4, Diff: 0.4, Sum: 1.5]
      [Update RS (ms): Min: 0.0, Avg: 0.0, Max: 0.0, Diff: 0.0, Sum: 0.1]
         [Processed Buffers: Min: 0, Avg: 1.0, Max: 2, Diff: 2, Sum: 6]
      [Scan RS (ms): Min: 0.0, Avg: 0.1, Max: 0.1, Diff: 0.1, Sum: 0.3]
      [Code Root Scanning (ms): Min: 0.0, Avg: 0.0, Max: 0.0, Diff: 0.0, Sum: 0.0]
      [Object Copy (ms): Min: 0.1, Avg: 0.2, Max: 0.3, Diff: 0.2, Sum: 1.0]
      [Termination (ms): Min: 0.0, Avg: 0.0, Max: 0.1, Diff: 0.1, Sum: 0.3]
         [Termination Attempts: Min: 1, Avg: 1.5, Max: 2, Diff: 1, Sum: 9]
      [GC Worker Other (ms): Min: 0.0, Avg: 0.0, Max: 0.0, Diff: 0.0, Sum: 0.1]
      [GC Worker Total (ms): Min: 0.3, Avg: 0.6, Max: 0.7, Diff: 0.5, Sum: 3.3]
      [GC Worker End (ms): Min: 576521.1, Avg: 576521.1, Max: 576521.1, Diff: 0.0]
   [Code Root Fixup: 0.0 ms]
   [Code Root Purge: 0.0 ms]
   [Clear CT: 0.1 ms]
   [Other: 0.6 ms]
      [Choose CSet: 0.0 ms]
      [Ref Proc: 0.1 ms]
      [Ref Enq: 0.0 ms]
      [Redirty Cards: 0.1 ms]
      [Humongous Register: 0.1 ms]
      [Humongous Reclaim: 0.0 ms]
      [Free CSet: 0.2 ms]
   [Eden: 418.0M(418.0M)->0.0B(417.0M) Survivors: 2048.0K->3072.0K Heap: 480.0M(700.0M)->64518.0K(700.0M)]
 [Times: user=0.00 sys=0.00, real=0.00 secs] 
2024-10-10T18:01:22.915+0300: 576.522: Total time for which application threads were stopped: 0.0018938 seconds, Stopping threads took: 0.0001467 seconds
2024-10-10T18:01:27.326+0300: 580.929: Application time: 4.4068584 seconds
2024-10-10T18:01:27.326+0300: 580.929: [GC pause (G1 Evacuation Pause) (young), 0.0012885 secs]
   [Parallel Time: 0.7 ms, GC Workers: 6]
      [GC Worker Start (ms): Min: 580929.1, Avg: 580929.1, Max: 580929.1, Diff: 0.1]
      [Ext Root Scanning (ms): Min: 0.2, Avg: 0.3, Max: 0.3, Diff: 0.1, Sum: 1.5]
      [Update RS (ms): Min: 0.0, Avg: 0.0, Max: 0.0, Diff: 0.0, Sum: 0.1]
         [Processed Buffers: Min: 0, Avg: 1.0, Max: 2, Diff: 2, Sum: 6]
      [Scan RS (ms): Min: 0.0, Avg: 0.1, Max: 0.1, Diff: 0.1, Sum: 0.4]
      [Code Root Scanning (ms): Min: 0.0, Avg: 0.0, Max: 0.0, Diff: 0.0, Sum: 0.0]
      [Object Copy (ms): Min: 0.1, Avg: 0.2, Max: 0.3, Diff: 0.2, Sum: 1.0]
      [Termination (ms): Min: 0.0, Avg: 0.1, Max: 0.1, Diff: 0.1, Sum: 0.3]
         [Termination Attempts: Min: 1, Avg: 2.2, Max: 3, Diff: 2, Sum: 13]
      [GC Worker Other (ms): Min: 0.0, Avg: 0.0, Max: 0.0, Diff: 0.0, Sum: 0.1]
      [GC Worker Total (ms): Min: 0.5, Avg: 0.6, Max: 0.6, Diff: 0.1, Sum: 3.4]
      [GC Worker End (ms): Min: 580929.7, Avg: 580929.7, Max: 580929.7, Diff: 0.0]
   [Code Root Fixup: 0.0 ms]
   [Code Root Purge: 0.0 ms]
   [Clear CT: 0.1 ms]
   [Other: 0.5 ms]
      [Choose CSet: 0.0 ms]
      [Ref Proc: 0.1 ms]
      [Ref Enq: 0.0 ms]
      [Redirty Cards: 0.1 ms]
      [Humongous Register: 0.0 ms]
      [Humongous Reclaim: 0.0 ms]
      [Free CSet: 0.2 ms]
   [Eden: 417.0M(417.0M)->0.0B(417.0M) Survivors: 3072.0K->3072.0K Heap: 480.0M(700.0M)->63983.3K(700.0M)]
 [Times: user=0.00 sys=0.00, real=0.00 secs] 
2024-10-10T18:01:27.326+0300: 580.930: Total time for which application threads were stopped: 0.0016535 seconds, Stopping threads took: 0.0001838 seconds
2024-10-10T18:01:31.704+0300: 585.313: Application time: 4.3828243 seconds
2024-10-10T18:01:31.704+0300: 585.313: [GC pause (G1 Evacuation Pause) (young), 0.0012438 secs]
   [Parallel Time: 0.6 ms, GC Workers: 6]
      [GC Worker Start (ms): Min: 585313.5, Avg: 585313.6, Max: 585313.6, Diff: 0.1]
      [Ext Root Scanning (ms): Min: 0.2, Avg: 0.3, Max: 0.3, Diff: 0.1, Sum: 1.6]
      [Update RS (ms): Min: 0.0, Avg: 0.0, Max: 0.0, Diff: 0.0, Sum: 0.1]
         [Processed Buffers: Min: 0, Avg: 1.0, Max: 2, Diff: 2, Sum: 6]
      [Scan RS (ms): Min: 0.0, Avg: 0.1, Max: 0.1, Diff: 0.1, Sum: 0.5]
      [Code Root Scanning (ms): Min: 0.0, Avg: 0.0, Max: 0.0, Diff: 0.0, Sum: 0.0]
      [Object Copy (ms): Min: 0.1, Avg: 0.1, Max: 0.2, Diff: 0.1, Sum: 0.9]
      [Termination (ms): Min: 0.0, Avg: 0.0, Max: 0.1, Diff: 0.1, Sum: 0.1]
         [Termination Attempts: Min: 1, Avg: 1.0, Max: 1, Diff: 0, Sum: 6]
      [GC Worker Other (ms): Min: 0.0, Avg: 0.0, Max: 0.0, Diff: 0.0, Sum: 0.1]
      [GC Worker Total (ms): Min: 0.5, Avg: 0.5, Max: 0.6, Diff: 0.1, Sum: 3.3]
      [GC Worker End (ms): Min: 585314.1, Avg: 585314.1, Max: 585314.1, Diff: 0.0]
   [Code Root Fixup: 0.0 ms]
   [Code Root Purge: 0.0 ms]
   [Clear CT: 0.1 ms]
   [Other: 0.5 ms]
      [Choose CSet: 0.0 ms]
      [Ref Proc: 0.1 ms]
      [Ref Enq: 0.0 ms]
      [Redirty Cards: 0.1 ms]
      [Humongous Register: 0.0 ms]
      [Humongous Reclaim: 0.0 ms]
      [Free CSet: 0.2 ms]
   [Eden: 417.0M(417.0M)->0.0B(417.0M) Survivors: 3072.0K->3072.0K Heap: 479.5M(700.0M)->63853.1K(700.0M)]
 [Times: user=0.00 sys=0.00, real=0.00 secs] 
2024-10-10T18:01:31.704+0300: 585.315: Total time for which application threads were stopped: 0.0016010 seconds, Stopping threads took: 0.0001739 seconds
2024-10-10T18:01:36.131+0300: 589.734: Application time: 4.4187789 seconds
2024-10-10T18:01:36.131+0300: 589.734: [GC pause (G1 Evacuation Pause) (young), 0.0014207 secs]
   [Parallel Time: 0.7 ms, GC Workers: 6]
      [GC Worker Start (ms): Min: 589733.9, Avg: 589734.0, Max: 589734.0, Diff: 0.1]
      [Ext Root Scanning (ms): Min: 0.2, Avg: 0.3, Max: 0.3, Diff: 0.0, Sum: 1.5]
      [Update RS (ms): Min: 0.0, Avg: 0.0, Max: 0.0, Diff: 0.0, Sum: 0.1]
         [Processed Buffers: Min: 0, Avg: 1.0, Max: 3, Diff: 3, Sum: 6]
      [Scan RS (ms): Min: 0.0, Avg: 0.1, Max: 0.1, Diff: 0.0, Sum: 0.4]
      [Code Root Scanning (ms): Min: 0.0, Avg: 0.0, Max: 0.0, Diff: 0.0, Sum: 0.0]
      [Object Copy (ms): Min: 0.1, Avg: 0.2, Max: 0.2, Diff: 0.1, Sum: 0.9]
      [Termination (ms): Min: 0.0, Avg: 0.0, Max: 0.0, Diff: 0.0, Sum: 0.1]
         [Termination Attempts: Min: 1, Avg: 1.0, Max: 1, Diff: 0, Sum: 6]
      [GC Worker Other (ms): Min: 0.0, Avg: 0.0, Max: 0.0, Diff: 0.0, Sum: 0.1]
      [GC Worker Total (ms): Min: 0.5, Avg: 0.5, Max: 0.6, Diff: 0.1, Sum: 3.2]
      [GC Worker End (ms): Min: 589734.5, Avg: 589734.5, Max: 589734.5, Diff: 0.0]
   [Code Root Fixup: 0.0 ms]
   [Code Root Purge: 0.0 ms]
   [Clear CT: 0.2 ms]
   [Other: 0.6 ms]
      [Choose CSet: 0.0 ms]
      [Ref Proc: 0.1 ms]
      [Ref Enq: 0.0 ms]
      [Redirty Cards: 0.1 ms]
      [Humongous Register: 0.0 ms]
      [Humongous Reclaim: 0.0 ms]
      [Free CSet: 0.2 ms]
   [Eden: 417.0M(417.0M)->0.0B(417.0M) Survivors: 3072.0K->3072.0K Heap: 479.4M(700.0M)->63750.8K(700.0M)]
 [Times: user=0.00 sys=0.00, real=0.00 secs] 
2024-10-10T18:01:36.131+0300: 589.735: Total time for which application threads were stopped: 0.0017840 seconds, Stopping threads took: 0.0001471 seconds
2024-10-10T18:01:40.524+0300: 594.135: Application time: 4.4000311 seconds
2024-10-10T18:01:40.524+0300: 594.136: [GC pause (G1 Evacuation Pause) (young), 0.0011736 secs]
   [Parallel Time: 0.6 ms, GC Workers: 6]
      [GC Worker Start (ms): Min: 594136.0, Avg: 594136.0, Max: 594136.1, Diff: 0.2]
      [Ext Root Scanning (ms): Min: 0.1, Avg: 0.2, Max: 0.3, Diff: 0.2, Sum: 1.5]
      [Update RS (ms): Min: 0.0, Avg: 0.0, Max: 0.0, Diff: 0.0, Sum: 0.1]
         [Processed Buffers: Min: 0, Avg: 0.8, Max: 2, Diff: 2, Sum: 5]
      [Scan RS (ms): Min: 0.0, Avg: 0.1, Max: 0.1, Diff: 0.0, Sum: 0.4]
      [Code Root Scanning (ms): Min: 0.0, Avg: 0.0, Max: 0.0, Diff: 0.0, Sum: 0.0]
      [Object Copy (ms): Min: 0.1, Avg: 0.1, Max: 0.1, Diff: 0.1, Sum: 0.6]
      [Termination (ms): Min: 0.0, Avg: 0.0, Max: 0.0, Diff: 0.0, Sum: 0.1]
         [Termination Attempts: Min: 1, Avg: 1.0, Max: 1, Diff: 0, Sum: 6]
      [GC Worker Other (ms): Min: 0.0, Avg: 0.0, Max: 0.0, Diff: 0.0, Sum: 0.1]
      [GC Worker Total (ms): Min: 0.3, Avg: 0.5, Max: 0.5, Diff: 0.2, Sum: 2.8]
      [GC Worker End (ms): Min: 594136.5, Avg: 594136.5, Max: 594136.5, Diff: 0.0]
   [Code Root Fixup: 0.0 ms]
   [Code Root Purge: 0.0 ms]
   [Clear CT: 0.1 ms]
   [Other: 0.5 ms]
      [Choose CSet: 0.0 ms]
      [Ref Proc: 0.1 ms]
      [Ref Enq: 0.0 ms]
      [Redirty Cards: 0.1 ms]
      [Humongous Register: 0.0 ms]
      [Humongous Reclaim: 0.0 ms]
      [Free CSet: 0.2 ms]
   [Eden: 417.0M(417.0M)->0.0B(418.0M) Survivors: 3072.0K->2048.0K Heap: 479.3M(700.0M)->63134.7K(700.0M)]
 [Times: user=0.00 sys=0.00, real=0.00 secs] 
2024-10-10T18:01:40.524+0300: 594.137: Total time for which application threads were stopped: 0.0017264 seconds, Stopping threads took: 0.0003740 seconds
2024-10-10T18:01:44.968+0300: 598.578: Application time: 4.4407233 seconds
2024-10-10T18:01:44.968+0300: 598.578: [GC pause (G1 Evacuation Pause) (young), 0.0013892 secs]
   [Parallel Time: 0.6 ms, GC Workers: 6]
      [GC Worker Start (ms): Min: 598578.3, Avg: 598578.3, Max: 598578.3, Diff: 0.0]
      [Ext Root Scanning (ms): Min: 0.2, Avg: 0.2, Max: 0.3, Diff: 0.0, Sum: 1.5]
      [Update RS (ms): Min: 0.0, Avg: 0.0, Max: 0.0, Diff: 0.0, Sum: 0.1]
         [Processed Buffers: Min: 0, Avg: 0.8, Max: 2, Diff: 2, Sum: 5]
      [Scan RS (ms): Min: 0.0, Avg: 0.1, Max: 0.1, Diff: 0.1, Sum: 0.5]
      [Code Root Scanning (ms): Min: 0.0, Avg: 0.0, Max: 0.0, Diff: 0.0, Sum: 0.0]
      [Object Copy (ms): Min: 0.1, Avg: 0.1, Max: 0.2, Diff: 0.1, Sum: 0.9]
      [Termination (ms): Min: 0.0, Avg: 0.0, Max: 0.0, Diff: 0.0, Sum: 0.0]
         [Termination Attempts: Min: 1, Avg: 2.3, Max: 6, Diff: 5, Sum: 14]
      [GC Worker Other (ms): Min: 0.0, Avg: 0.0, Max: 0.1, Diff: 0.0, Sum: 0.2]
      [GC Worker Total (ms): Min: 0.5, Avg: 0.5, Max: 0.6, Diff: 0.1, Sum: 3.0]
      [GC Worker End (ms): Min: 598578.8, Avg: 598578.8, Max: 598578.8, Diff: 0.0]
   [Code Root Fixup: 0.0 ms]
   [Code Root Purge: 0.0 ms]
   [Clear CT: 0.2 ms]
   [Other: 0.5 ms]
      [Choose CSet: 0.0 ms]
      [Ref Proc: 0.1 ms]
      [Ref Enq: 0.0 ms]
      [Redirty Cards: 0.1 ms]
      [Humongous Register: 0.1 ms]
      [Humongous Reclaim: 0.0 ms]
      [Free CSet: 0.2 ms]
   [Eden: 418.0M(418.0M)->0.0B(418.0M) Survivors: 2048.0K->2048.0K Heap: 479.7M(700.0M)->63373.3K(700.0M)]
 [Times: user=0.00 sys=0.00, real=0.00 secs] 
2024-10-10T18:01:44.968+0300: 598.580: Total time for which application threads were stopped: 0.0017939 seconds, Stopping threads took: 0.0001873 seconds
2024-10-10T18:01:49.394+0300: 603.000: Application time: 4.4204826 seconds
2024-10-10T18:01:49.394+0300: 603.000: [GC pause (G1 Evacuation Pause) (young), 0.0012995 secs]
   [Parallel Time: 0.6 ms, GC Workers: 6]
      [GC Worker Start (ms): Min: 603000.5, Avg: 603000.5, Max: 603000.5, Diff: 0.1]
      [Ext Root Scanning (ms): Min: 0.2, Avg: 0.3, Max: 0.3, Diff: 0.1, Sum: 1.5]
      [Update RS (ms): Min: 0.0, Avg: 0.0, Max: 0.0, Diff: 0.0, Sum: 0.1]
         [Processed Buffers: Min: 0, Avg: 1.0, Max: 2, Diff: 2, Sum: 6]
      [Scan RS (ms): Min: 0.0, Avg: 0.1, Max: 0.1, Diff: 0.0, Sum: 0.4]
      [Code Root Scanning (ms): Min: 0.0, Avg: 0.0, Max: 0.0, Diff: 0.0, Sum: 0.0]
      [Object Copy (ms): Min: 0.1, Avg: 0.2, Max: 0.2, Diff: 0.1, Sum: 1.0]
      [Termination (ms): Min: 0.0, Avg: 0.0, Max: 0.0, Diff: 0.0, Sum: 0.2]
         [Termination Attempts: Min: 1, Avg: 1.0, Max: 1, Diff: 0, Sum: 6]
      [GC Worker Other (ms): Min: 0.0, Avg: 0.0, Max: 0.0, Diff: 0.0, Sum: 0.1]
      [GC Worker Total (ms): Min: 0.5, Avg: 0.5, Max: 0.6, Diff: 0.1, Sum: 3.3]
      [GC Worker End (ms): Min: 603001.0, Avg: 603001.0, Max: 603001.1, Diff: 0.0]
   [Code Root Fixup: 0.0 ms]
   [Code Root Purge: 0.0 ms]
   [Clear CT: 0.2 ms]
   [Other: 0.5 ms]
      [Choose CSet: 0.0 ms]
      [Ref Proc: 0.1 ms]
      [Ref Enq: 0.0 ms]
      [Redirty Cards: 0.1 ms]
      [Humongous Register: 0.0 ms]
      [Humongous Reclaim: 0.0 ms]
      [Free CSet: 0.2 ms]
   [Eden: 418.0M(418.0M)->0.0B(417.0M) Survivors: 2048.0K->3072.0K Heap: 479.9M(700.0M)->64279.4K(700.0M)]
 [Times: user=0.00 sys=0.00, real=0.00 secs] 
2024-10-10T18:01:49.394+0300: 603.002: Total time for which application threads were stopped: 0.0016210 seconds, Stopping threads took: 0.0001480 seconds
2024-10-10T18:01:53.803+0300: 607.403: Application time: 4.4014831 seconds
2024-10-10T18:01:53.803+0300: 607.404: [GC pause (G1 Evacuation Pause) (young), 0.0013094 secs]
   [Parallel Time: 0.7 ms, GC Workers: 6]
      [GC Worker Start (ms): Min: 607403.6, Avg: 607403.7, Max: 607403.9, Diff: 0.3]
      [Ext Root Scanning (ms): Min: 0.0, Avg: 0.2, Max: 0.3, Diff: 0.3, Sum: 1.4]
      [Update RS (ms): Min: 0.0, Avg: 0.0, Max: 0.0, Diff: 0.0, Sum: 0.1]
         [Processed Buffers: Min: 0, Avg: 1.0, Max: 2, Diff: 2, Sum: 6]
      [Scan RS (ms): Min: 0.1, Avg: 0.1, Max: 0.1, Diff: 0.0, Sum: 0.4]
      [Code Root Scanning (ms): Min: 0.0, Avg: 0.0, Max: 0.0, Diff: 0.0, Sum: 0.0]
      [Object Copy (ms): Min: 0.2, Avg: 0.2, Max: 0.2, Diff: 0.1, Sum: 1.3]
      [Termination (ms): Min: 0.0, Avg: 0.0, Max: 0.0, Diff: 0.0, Sum: 0.1]
         [Termination Attempts: Min: 1, Avg: 1.0, Max: 1, Diff: 0, Sum: 6]
      [GC Worker Other (ms): Min: 0.0, Avg: 0.0, Max: 0.0, Diff: 0.0, Sum: 0.1]
      [GC Worker Total (ms): Min: 0.3, Avg: 0.6, Max: 0.6, Diff: 0.3, Sum: 3.4]
      [GC Worker End (ms): Min: 607404.3, Avg: 607404.3, Max: 607404.3, Diff: 0.0]
   [Code Root Fixup: 0.0 ms]
   [Code Root Purge: 0.0 ms]
   [Clear CT: 0.1 ms]
   [Other: 0.5 ms]
      [Choose CSet: 0.0 ms]
      [Ref Proc: 0.1 ms]
      [Ref Enq: 0.0 ms]
      [Redirty Cards: 0.1 ms]
      [Humongous Register: 0.0 ms]
      [Humongous Reclaim: 0.0 ms]
      [Free CSet: 0.2 ms]
   [Eden: 417.0M(417.0M)->0.0B(417.0M) Survivors: 3072.0K->3072.0K Heap: 479.8M(700.0M)->64145.2K(700.0M)]
 [Times: user=0.02 sys=0.00, real=0.00 secs] 
2024-10-10T18:01:53.803+0300: 607.405: Total time for which application threads were stopped: 0.0017198 seconds, Stopping threads took: 0.0002029 seconds
2024-10-10T18:01:58.250+0300: 611.850: Application time: 4.4450761 seconds
2024-10-10T18:01:58.250+0300: 611.850: [GC pause (G1 Evacuation Pause) (young), 0.0013949 secs]
   [Parallel Time: 0.7 ms, GC Workers: 6]
      [GC Worker Start (ms): Min: 611850.3, Avg: 611850.4, Max: 611850.4, Diff: 0.1]
      [Ext Root Scanning (ms): Min: 0.2, Avg: 0.3, Max: 0.3, Diff: 0.1, Sum: 1.6]
      [Update RS (ms): Min: 0.0, Avg: 0.0, Max: 0.1, Diff: 0.1, Sum: 0.1]
         [Processed Buffers: Min: 0, Avg: 1.0, Max: 4, Diff: 4, Sum: 6]
      [Scan RS (ms): Min: 0.0, Avg: 0.1, Max: 0.1, Diff: 0.1, Sum: 0.5]
      [Code Root Scanning (ms): Min: 0.0, Avg: 0.0, Max: 0.0, Diff: 0.0, Sum: 0.0]
      [Object Copy (ms): Min: 0.2, Avg: 0.2, Max: 0.3, Diff: 0.1, Sum: 1.3]
      [Termination (ms): Min: 0.0, Avg: 0.0, Max: 0.0, Diff: 0.0, Sum: 0.0]
         [Termination Attempts: Min: 1, Avg: 2.2, Max: 4, Diff: 3, Sum: 13]
      [GC Worker Other (ms): Min: 0.0, Avg: 0.0, Max: 0.0, Diff: 0.0, Sum: 0.1]
      [GC Worker Total (ms): Min: 0.6, Avg: 0.6, Max: 0.6, Diff: 0.0, Sum: 3.6]
      [GC Worker End (ms): Min: 611851.0, Avg: 611851.0, Max: 611851.0, Diff: 0.0]
   [Code Root Fixup: 0.0 ms]
   [Code Root Purge: 0.0 ms]
   [Clear CT: 0.2 ms]
   [Other: 0.5 ms]
      [Choose CSet: 0.0 ms]
      [Ref Proc: 0.1 ms]
      [Ref Enq: 0.0 ms]
      [Redirty Cards: 0.1 ms]
      [Humongous Register: 0.0 ms]
      [Humongous Reclaim: 0.0 ms]
      [Free CSet: 0.2 ms]
   [Eden: 417.0M(417.0M)->0.0B(418.0M) Survivors: 3072.0K->2048.0K Heap: 479.6M(700.0M)->63647.3K(700.0M)]
 [Times: user=0.00 sys=0.00, real=0.00 secs] 
2024-10-10T18:01:58.250+0300: 611.852: Total time for which application threads were stopped: 0.0016809 seconds, Stopping threads took: 0.0000896 seconds
2024-10-10T18:02:02.658+0300: 616.268: Application time: 4.4159231 seconds
2024-10-10T18:02:02.658+0300: 616.268: [GC pause (G1 Evacuation Pause) (young), 0.0012801 secs]
   [Parallel Time: 0.7 ms, GC Workers: 6]
      [GC Worker Start (ms): Min: 616268.0, Avg: 616268.1, Max: 616268.3, Diff: 0.3]
      [Ext Root Scanning (ms): Min: 0.0, Avg: 0.2, Max: 0.3, Diff: 0.3, Sum: 1.4]
      [Update RS (ms): Min: 0.0, Avg: 0.0, Max: 0.0, Diff: 0.0, Sum: 0.1]
         [Processed Buffers: Min: 0, Avg: 1.2, Max: 2, Diff: 2, Sum: 7]
      [Scan RS (ms): Min: 0.0, Avg: 0.1, Max: 0.1, Diff: 0.0, Sum: 0.4]
      [Code Root Scanning (ms): Min: 0.0, Avg: 0.0, Max: 0.0, Diff: 0.0, Sum: 0.0]
      [Object Copy (ms): Min: 0.1, Avg: 0.1, Max: 0.2, Diff: 0.1, Sum: 0.9]
      [Termination (ms): Min: 0.0, Avg: 0.0, Max: 0.1, Diff: 0.1, Sum: 0.2]
         [Termination Attempts: Min: 1, Avg: 1.0, Max: 1, Diff: 0, Sum: 6]
      [GC Worker Other (ms): Min: 0.0, Avg: 0.0, Max: 0.0, Diff: 0.0, Sum: 0.1]
      [GC Worker Total (ms): Min: 0.3, Avg: 0.5, Max: 0.6, Diff: 0.3, Sum: 3.0]
      [GC Worker End (ms): Min: 616268.6, Avg: 616268.6, Max: 616268.6, Diff: 0.0]
   [Code Root Fixup: 0.0 ms]
   [Code Root Purge: 0.0 ms]
   [Clear CT: 0.1 ms]
   [Other: 0.5 ms]
      [Choose CSet: 0.0 ms]
      [Ref Proc: 0.1 ms]
      [Ref Enq: 0.0 ms]
      [Redirty Cards: 0.1 ms]
      [Humongous Register: 0.0 ms]
      [Humongous Reclaim: 0.0 ms]
      [Free CSet: 0.2 ms]
   [Eden: 418.0M(418.0M)->0.0B(417.0M) Survivors: 2048.0K->3072.0K Heap: 480.2M(700.0M)->64019.3K(700.0M)]
 [Times: user=0.00 sys=0.00, real=0.00 secs] 
2024-10-10T18:02:02.658+0300: 616.269: Total time for which application threads were stopped: 0.0016383 seconds, Stopping threads took: 0.0001735 seconds
2024-10-10T18:02:07.052+0300: 620.654: Application time: 4.3842419 seconds
2024-10-10T18:02:07.052+0300: 620.654: [GC pause (G1 Evacuation Pause) (young), 0.0013520 secs]
   [Parallel Time: 0.6 ms, GC Workers: 6]
      [GC Worker Start (ms): Min: 620654.0, Avg: 620654.0, Max: 620654.0, Diff: 0.0]
      [Ext Root Scanning (ms): Min: 0.2, Avg: 0.3, Max: 0.3, Diff: 0.0, Sum: 1.5]
      [Update RS (ms): Min: 0.0, Avg: 0.0, Max: 0.1, Diff: 0.1, Sum: 0.1]
         [Processed Buffers: Min: 0, Avg: 1.0, Max: 3, Diff: 3, Sum: 6]
      [Scan RS (ms): Min: 0.0, Avg: 0.1, Max: 0.1, Diff: 0.1, Sum: 0.5]
      [Code Root Scanning (ms): Min: 0.0, Avg: 0.0, Max: 0.0, Diff: 0.0, Sum: 0.0]
      [Object Copy (ms): Min: 0.1, Avg: 0.2, Max: 0.2, Diff: 0.1, Sum: 0.9]
      [Termination (ms): Min: 0.0, Avg: 0.0, Max: 0.0, Diff: 0.0, Sum: 0.2]
         [Termination Attempts: Min: 1, Avg: 1.0, Max: 1, Diff: 0, Sum: 6]
      [GC Worker Other (ms): Min: 0.0, Avg: 0.0, Max: 0.0, Diff: 0.0, Sum: 0.1]
      [GC Worker Total (ms): Min: 0.5, Avg: 0.5, Max: 0.6, Diff: 0.0, Sum: 3.3]
      [GC Worker End (ms): Min: 620654.5, Avg: 620654.5, Max: 620654.5, Diff: 0.0]
   [Code Root Fixup: 0.0 ms]
   [Code Root Purge: 0.0 ms]
   [Clear CT: 0.2 ms]
   [Other: 0.6 ms]
      [Choose CSet: 0.0 ms]
      [Ref Proc: 0.1 ms]
      [Ref Enq: 0.0 ms]
      [Redirty Cards: 0.1 ms]
      [Humongous Register: 0.1 ms]
      [Humongous Reclaim: 0.0 ms]
      [Free CSet: 0.2 ms]
   [Eden: 417.0M(417.0M)->0.0B(417.0M) Survivors: 3072.0K->3072.0K Heap: 479.5M(700.0M)->63786.3K(700.0M)]
 [Times: user=0.02 sys=0.00, real=0.00 secs] 
2024-10-10T18:02:07.052+0300: 620.655: Total time for which application threads were stopped: 0.0017610 seconds, Stopping threads took: 0.0001895 seconds
2024-10-10T18:02:10.062+0300: 623.662: Application time: 3.0061830 seconds
2024-10-10T18:02:10.062+0300: 623.662: Total time for which application threads were stopped: 0.0002710 seconds, Stopping threads took: 0.0002196 seconds
2024-10-10T18:02:11.476+0300: 625.081: Application time: 1.4196822 seconds
2024-10-10T18:02:11.476+0300: 625.082: [GC pause (G1 Evacuation Pause) (young), 0.0011986 secs]
   [Parallel Time: 0.6 ms, GC Workers: 6]
      [GC Worker Start (ms): Min: 625081.8, Avg: 625081.8, Max: 625081.8, Diff: 0.1]
      [Ext Root Scanning (ms): Min: 0.2, Avg: 0.3, Max: 0.3, Diff: 0.1, Sum: 1.5]
      [Update RS (ms): Min: 0.0, Avg: 0.0, Max: 0.0, Diff: 0.0, Sum: 0.1]
         [Processed Buffers: Min: 0, Avg: 1.2, Max: 3, Diff: 3, Sum: 7]
      [Scan RS (ms): Min: 0.1, Avg: 0.1, Max: 0.1, Diff: 0.0, Sum: 0.4]
      [Code Root Scanning (ms): Min: 0.0, Avg: 0.0, Max: 0.0, Diff: 0.0, Sum: 0.0]
      [Object Copy (ms): Min: 0.1, Avg: 0.1, Max: 0.2, Diff: 0.0, Sum: 0.8]
      [Termination (ms): Min: 0.0, Avg: 0.0, Max: 0.0, Diff: 0.0, Sum: 0.1]
         [Termination Attempts: Min: 1, Avg: 1.0, Max: 1, Diff: 0, Sum: 6]
      [GC Worker Other (ms): Min: 0.0, Avg: 0.0, Max: 0.0, Diff: 0.0, Sum: 0.1]
      [GC Worker Total (ms): Min: 0.5, Avg: 0.5, Max: 0.6, Diff: 0.1, Sum: 3.1]
      [GC Worker End (ms): Min: 625082.3, Avg: 625082.3, Max: 625082.4, Diff: 0.0]
   [Code Root Fixup: 0.0 ms]
   [Code Root Purge: 0.0 ms]
   [Clear CT: 0.1 ms]
   [Other: 0.5 ms]
      [Choose CSet: 0.0 ms]
      [Ref Proc: 0.1 ms]
      [Ref Enq: 0.0 ms]
      [Redirty Cards: 0.1 ms]
      [Humongous Register: 0.0 ms]
      [Humongous Reclaim: 0.0 ms]
      [Free CSet: 0.2 ms]
   [Eden: 417.0M(417.0M)->0.0B(418.0M) Survivors: 3072.0K->2048.0K Heap: 479.3M(700.0M)->63730.3K(700.0M)]
 [Times: user=0.00 sys=0.00, real=0.00 secs] 
2024-10-10T18:02:11.476+0300: 625.083: Total time for which application threads were stopped: 0.0015523 seconds, Stopping threads took: 0.0001818 seconds
2024-10-10T18:02:15.932+0300: 629.540: Application time: 4.4572238 seconds
2024-10-10T18:02:15.932+0300: 629.541: [GC pause (G1 Evacuation Pause) (young), 0.0013093 secs]
   [Parallel Time: 0.6 ms, GC Workers: 6]
      [GC Worker Start (ms): Min: 629540.6, Avg: 629540.6, Max: 629540.6, Diff: 0.0]
      [Ext Root Scanning (ms): Min: 0.2, Avg: 0.2, Max: 0.3, Diff: 0.0, Sum: 1.5]
      [Update RS (ms): Min: 0.0, Avg: 0.0, Max: 0.1, Diff: 0.1, Sum: 0.1]
         [Processed Buffers: Min: 0, Avg: 1.0, Max: 3, Diff: 3, Sum: 6]
      [Scan RS (ms): Min: 0.0, Avg: 0.1, Max: 0.1, Diff: 0.0, Sum: 0.4]
      [Code Root Scanning (ms): Min: 0.0, Avg: 0.0, Max: 0.0, Diff: 0.0, Sum: 0.0]
      [Object Copy (ms): Min: 0.2, Avg: 0.2, Max: 0.2, Diff: 0.1, Sum: 1.2]
      [Termination (ms): Min: 0.0, Avg: 0.0, Max: 0.1, Diff: 0.1, Sum: 0.1]
         [Termination Attempts: Min: 1, Avg: 1.0, Max: 1, Diff: 0, Sum: 6]
      [GC Worker Other (ms): Min: 0.0, Avg: 0.0, Max: 0.0, Diff: 0.0, Sum: 0.1]
      [GC Worker Total (ms): Min: 0.5, Avg: 0.6, Max: 0.6, Diff: 0.1, Sum: 3.4]
      [GC Worker End (ms): Min: 629541.2, Avg: 629541.2, Max: 629541.2, Diff: 0.0]
   [Code Root Fixup: 0.0 ms]
   [Code Root Purge: 0.0 ms]
   [Clear CT: 0.2 ms]
   [Other: 0.5 ms]
      [Choose CSet: 0.0 ms]
      [Ref Proc: 0.1 ms]
      [Ref Enq: 0.0 ms]
      [Redirty Cards: 0.1 ms]
      [Humongous Register: 0.0 ms]
      [Humongous Reclaim: 0.0 ms]
      [Free CSet: 0.2 ms]
   [Eden: 418.0M(418.0M)->0.0B(417.0M) Survivors: 2048.0K->3072.0K Heap: 480.2M(700.0M)->64056.9K(700.0M)]
 [Times: user=0.00 sys=0.00, real=0.00 secs] 
2024-10-10T18:02:15.932+0300: 629.542: Total time for which application threads were stopped: 0.0018051 seconds, Stopping threads took: 0.0001993 seconds
2024-10-10T18:02:20.406+0300: 634.009: Application time: 4.4665120 seconds
2024-10-10T18:02:20.406+0300: 634.009: [GC pause (G1 Evacuation Pause) (young), 0.0013448 secs]
   [Parallel Time: 0.7 ms, GC Workers: 6]
      [GC Worker Start (ms): Min: 634008.8, Avg: 634008.9, Max: 634008.9, Diff: 0.1]
      [Ext Root Scanning (ms): Min: 0.2, Avg: 0.3, Max: 0.3, Diff: 0.1, Sum: 1.6]
      [Update RS (ms): Min: 0.0, Avg: 0.0, Max: 0.1, Diff: 0.1, Sum: 0.1]
         [Processed Buffers: Min: 0, Avg: 0.8, Max: 3, Diff: 3, Sum: 5]
      [Scan RS (ms): Min: 0.0, Avg: 0.1, Max: 0.1, Diff: 0.1, Sum: 0.4]
      [Code Root Scanning (ms): Min: 0.0, Avg: 0.0, Max: 0.0, Diff: 0.0, Sum: 0.0]
      [Object Copy (ms): Min: 0.1, Avg: 0.2, Max: 0.2, Diff: 0.1, Sum: 1.0]
      [Termination (ms): Min: 0.0, Avg: 0.0, Max: 0.0, Diff: 0.0, Sum: 0.1]
         [Termination Attempts: Min: 1, Avg: 1.0, Max: 1, Diff: 0, Sum: 6]
      [GC Worker Other (ms): Min: 0.0, Avg: 0.0, Max: 0.0, Diff: 0.0, Sum: 0.1]
      [GC Worker Total (ms): Min: 0.5, Avg: 0.5, Max: 0.6, Diff: 0.1, Sum: 3.3]
      [GC Worker End (ms): Min: 634009.4, Avg: 634009.4, Max: 634009.4, Diff: 0.0]
   [Code Root Fixup: 0.0 ms]
   [Code Root Purge: 0.0 ms]
   [Clear CT: 0.2 ms]
   [Other: 0.5 ms]
      [Choose CSet: 0.0 ms]
      [Ref Proc: 0.1 ms]
      [Ref Enq: 0.0 ms]
      [Redirty Cards: 0.1 ms]
      [Humongous Register: 0.0 ms]
      [Humongous Reclaim: 0.0 ms]
      [Free CSet: 0.2 ms]
   [Eden: 417.0M(417.0M)->0.0B(417.0M) Survivors: 3072.0K->3072.0K Heap: 479.6M(700.0M)->63815.8K(700.0M)]
 [Times: user=0.00 sys=0.00, real=0.00 secs] 
2024-10-10T18:02:20.406+0300: 634.010: Total time for which application threads were stopped: 0.0016583 seconds, Stopping threads took: 0.0001211 seconds
2024-10-10T18:02:24.976+0300: 638.582: Application time: 4.5721691 seconds
2024-10-10T18:02:24.976+0300: 638.583: [GC pause (G1 Evacuation Pause) (young), 0.0014598 secs]
   [Parallel Time: 0.7 ms, GC Workers: 6]
      [GC Worker Start (ms): Min: 638582.8, Avg: 638582.8, Max: 638582.8, Diff: 0.1]
      [Ext Root Scanning (ms): Min: 0.2, Avg: 0.3, Max: 0.3, Diff: 0.0, Sum: 1.5]
      [Update RS (ms): Min: 0.0, Avg: 0.0, Max: 0.0, Diff: 0.0, Sum: 0.1]
         [Processed Buffers: Min: 0, Avg: 0.8, Max: 2, Diff: 2, Sum: 5]
      [Scan RS (ms): Min: 0.0, Avg: 0.1, Max: 0.1, Diff: 0.1, Sum: 0.5]
      [Code Root Scanning (ms): Min: 0.0, Avg: 0.0, Max: 0.0, Diff: 0.0, Sum: 0.0]
      [Object Copy (ms): Min: 0.1, Avg: 0.2, Max: 0.3, Diff: 0.2, Sum: 1.2]
      [Termination (ms): Min: 0.0, Avg: 0.0, Max: 0.1, Diff: 0.1, Sum: 0.2]
         [Termination Attempts: Min: 1, Avg: 1.0, Max: 1, Diff: 0, Sum: 6]
      [GC Worker Other (ms): Min: 0.0, Avg: 0.0, Max: 0.1, Diff: 0.0, Sum: 0.1]
      [GC Worker Total (ms): Min: 0.6, Avg: 0.6, Max: 0.7, Diff: 0.1, Sum: 3.7]
      [GC Worker End (ms): Min: 638583.4, Avg: 638583.4, Max: 638583.4, Diff: 0.0]
   [Code Root Fixup: 0.0 ms]
   [Code Root Purge: 0.0 ms]
   [Clear CT: 0.2 ms]
   [Other: 0.5 ms]
      [Choose CSet: 0.0 ms]
      [Ref Proc: 0.1 ms]
      [Ref Enq: 0.0 ms]
      [Redirty Cards: 0.1 ms]
      [Humongous Register: 0.0 ms]
      [Humongous Reclaim: 0.0 ms]
      [Free CSet: 0.2 ms]
   [Eden: 417.0M(417.0M)->0.0B(417.0M) Survivors: 3072.0K->3072.0K Heap: 479.3M(700.0M)->64355.5K(700.0M)]
 [Times: user=0.00 sys=0.00, real=0.00 secs] 
2024-10-10T18:02:24.976+0300: 638.584: Total time for which application threads were stopped: 0.0018573 seconds, Stopping threads took: 0.0001823 seconds
2024-10-10T18:02:29.418+0300: 643.027: Application time: 4.4424000 seconds
2024-10-10T18:02:29.418+0300: 643.027: [GC pause (G1 Evacuation Pause) (young), 0.0014849 secs]
   [Parallel Time: 0.7 ms, GC Workers: 6]
      [GC Worker Start (ms): Min: 643027.2, Avg: 643027.3, Max: 643027.5, Diff: 0.3]
      [Ext Root Scanning (ms): Min: 0.1, Avg: 0.2, Max: 0.3, Diff: 0.2, Sum: 1.5]
      [Update RS (ms): Min: 0.0, Avg: 0.0, Max: 0.0, Diff: 0.0, Sum: 0.1]
         [Processed Buffers: Min: 0, Avg: 0.8, Max: 2, Diff: 2, Sum: 5]
      [Scan RS (ms): Min: 0.0, Avg: 0.1, Max: 0.1, Diff: 0.1, Sum: 0.5]
      [Code Root Scanning (ms): Min: 0.0, Avg: 0.0, Max: 0.0, Diff: 0.0, Sum: 0.0]
      [Object Copy (ms): Min: 0.1, Avg: 0.2, Max: 0.2, Diff: 0.1, Sum: 0.9]
      [Termination (ms): Min: 0.0, Avg: 0.0, Max: 0.0, Diff: 0.0, Sum: 0.1]
         [Termination Attempts: Min: 1, Avg: 1.0, Max: 1, Diff: 0, Sum: 6]
      [GC Worker Other (ms): Min: 0.0, Avg: 0.0, Max: 0.1, Diff: 0.0, Sum: 0.1]
      [GC Worker Total (ms): Min: 0.4, Avg: 0.5, Max: 0.6, Diff: 0.2, Sum: 3.2]
      [GC Worker End (ms): Min: 643027.8, Avg: 643027.8, Max: 643027.8, Diff: 0.0]
   [Code Root Fixup: 0.0 ms]
   [Code Root Purge: 0.0 ms]
   [Clear CT: 0.2 ms]
   [Other: 0.6 ms]
      [Choose CSet: 0.0 ms]
      [Ref Proc: 0.1 ms]
      [Ref Enq: 0.0 ms]
      [Redirty Cards: 0.1 ms]
      [Humongous Register: 0.1 ms]
      [Humongous Reclaim: 0.0 ms]
      [Free CSet: 0.2 ms]
   [Eden: 417.0M(417.0M)->0.0B(417.0M) Survivors: 3072.0K->3072.0K Heap: 479.8M(700.0M)->64066.4K(700.0M)]
 [Times: user=0.00 sys=0.00, real=0.00 secs] 
2024-10-10T18:02:29.418+0300: 643.029: Total time for which application threads were stopped: 0.0020242 seconds, Stopping threads took: 0.0003048 seconds
2024-10-10T18:02:33.954+0300: 647.557: Application time: 4.5280726 seconds
2024-10-10T18:02:33.954+0300: 647.557: [GC pause (G1 Evacuation Pause) (young), 0.0017569 secs]
   [Parallel Time: 0.7 ms, GC Workers: 6]
      [GC Worker Start (ms): Min: 647557.1, Avg: 647557.1, Max: 647557.1, Diff: 0.0]
      [Ext Root Scanning (ms): Min: 0.2, Avg: 0.3, Max: 0.3, Diff: 0.0, Sum: 1.5]
      [Update RS (ms): Min: 0.0, Avg: 0.0, Max: 0.0, Diff: 0.0, Sum: 0.1]
         [Processed Buffers: Min: 0, Avg: 1.0, Max: 3, Diff: 3, Sum: 6]
      [Scan RS (ms): Min: 0.0, Avg: 0.1, Max: 0.1, Diff: 0.0, Sum: 0.4]
      [Code Root Scanning (ms): Min: 0.0, Avg: 0.0, Max: 0.0, Diff: 0.0, Sum: 0.0]
      [Object Copy (ms): Min: 0.2, Avg: 0.2, Max: 0.2, Diff: 0.1, Sum: 1.1]
      [Termination (ms): Min: 0.0, Avg: 0.0, Max: 0.1, Diff: 0.1, Sum: 0.2]
         [Termination Attempts: Min: 1, Avg: 1.0, Max: 1, Diff: 0, Sum: 6]
      [GC Worker Other (ms): Min: 0.0, Avg: 0.0, Max: 0.0, Diff: 0.0, Sum: 0.1]
      [GC Worker Total (ms): Min: 0.5, Avg: 0.6, Max: 0.6, Diff: 0.0, Sum: 3.3]
      [GC Worker End (ms): Min: 647557.6, Avg: 647557.6, Max: 647557.6, Diff: 0.0]
   [Code Root Fixup: 0.0 ms]
   [Code Root Purge: 0.0 ms]
   [Clear CT: 0.2 ms]
   [Other: 0.9 ms]
      [Choose CSet: 0.0 ms]
      [Ref Proc: 0.1 ms]
      [Ref Enq: 0.0 ms]
      [Redirty Cards: 0.4 ms]
      [Humongous Register: 0.0 ms]
      [Humongous Reclaim: 0.0 ms]
      [Free CSet: 0.2 ms]
   [Eden: 417.0M(417.0M)->0.0B(417.0M) Survivors: 3072.0K->3072.0K Heap: 479.6M(700.0M)->64324.4K(700.0M)]
 [Times: user=0.00 sys=0.00, real=0.01 secs] 
2024-10-10T18:02:33.960+0300: 647.559: Total time for which application threads were stopped: 0.0020953 seconds, Stopping threads took: 0.0001364 seconds
2024-10-10T18:02:38.366+0300: 651.975: Application time: 4.4163066 seconds
2024-10-10T18:02:38.366+0300: 651.975: [GC pause (G1 Evacuation Pause) (young), 0.0017069 secs]
   [Parallel Time: 0.6 ms, GC Workers: 6]
      [GC Worker Start (ms): Min: 651975.6, Avg: 651975.6, Max: 651975.6, Diff: 0.1]
      [Ext Root Scanning (ms): Min: 0.2, Avg: 0.3, Max: 0.3, Diff: 0.1, Sum: 1.6]
      [Update RS (ms): Min: 0.0, Avg: 0.0, Max: 0.0, Diff: 0.0, Sum: 0.1]
         [Processed Buffers: Min: 0, Avg: 0.7, Max: 1, Diff: 1, Sum: 4]
      [Scan RS (ms): Min: 0.0, Avg: 0.1, Max: 0.1, Diff: 0.1, Sum: 0.5]
      [Code Root Scanning (ms): Min: 0.0, Avg: 0.0, Max: 0.0, Diff: 0.0, Sum: 0.0]
      [Object Copy (ms): Min: 0.1, Avg: 0.1, Max: 0.2, Diff: 0.1, Sum: 0.9]
      [Termination (ms): Min: 0.0, Avg: 0.0, Max: 0.1, Diff: 0.1, Sum: 0.2]
         [Termination Attempts: Min: 1, Avg: 1.0, Max: 1, Diff: 0, Sum: 6]
      [GC Worker Other (ms): Min: 0.0, Avg: 0.0, Max: 0.0, Diff: 0.0, Sum: 0.1]
      [GC Worker Total (ms): Min: 0.5, Avg: 0.6, Max: 0.6, Diff: 0.1, Sum: 3.3]
      [GC Worker End (ms): Min: 651976.1, Avg: 651976.2, Max: 651976.2, Diff: 0.0]
   [Code Root Fixup: 0.0 ms]
   [Code Root Purge: 0.0 ms]
   [Clear CT: 0.4 ms]
   [Other: 0.7 ms]
      [Choose CSet: 0.0 ms]
      [Ref Proc: 0.1 ms]
      [Ref Enq: 0.0 ms]
      [Redirty Cards: 0.1 ms]
      [Humongous Register: 0.1 ms]
      [Humongous Reclaim: 0.0 ms]
      [Free CSet: 0.3 ms]
   [Eden: 417.0M(417.0M)->0.0B(418.0M) Survivors: 3072.0K->2048.0K Heap: 479.8M(700.0M)->63737.9K(700.0M)]
 [Times: user=0.00 sys=0.00, real=0.01 secs] 
2024-10-10T18:02:38.378+0300: 651.977: Total time for which application threads were stopped: 0.0020972 seconds, Stopping threads took: 0.0001753 seconds
2024-10-10T18:02:42.823+0300: 656.424: Application time: 4.4464779 seconds
2024-10-10T18:02:42.823+0300: 656.424: [GC pause (G1 Evacuation Pause) (young), 0.0016641 secs]
   [Parallel Time: 0.9 ms, GC Workers: 6]
      [GC Worker Start (ms): Min: 656424.1, Avg: 656424.4, Max: 656424.9, Diff: 0.8]
      [Ext Root Scanning (ms): Min: 0.0, Avg: 0.2, Max: 0.5, Diff: 0.5, Sum: 1.3]
      [Update RS (ms): Min: 0.0, Avg: 0.0, Max: 0.0, Diff: 0.0, Sum: 0.1]
         [Processed Buffers: Min: 0, Avg: 0.8, Max: 2, Diff: 2, Sum: 5]
      [Scan RS (ms): Min: 0.0, Avg: 0.1, Max: 0.1, Diff: 0.1, Sum: 0.4]
      [Code Root Scanning (ms): Min: 0.0, Avg: 0.0, Max: 0.0, Diff: 0.0, Sum: 0.0]
      [Object Copy (ms): Min: 0.0, Avg: 0.1, Max: 0.2, Diff: 0.2, Sum: 0.8]
      [Termination (ms): Min: 0.0, Avg: 0.0, Max: 0.1, Diff: 0.1, Sum: 0.2]
         [Termination Attempts: Min: 1, Avg: 1.0, Max: 1, Diff: 0, Sum: 6]
      [GC Worker Other (ms): Min: 0.0, Avg: 0.0, Max: 0.0, Diff: 0.0, Sum: 0.1]
      [GC Worker Total (ms): Min: 0.0, Avg: 0.5, Max: 0.8, Diff: 0.8, Sum: 2.8]
      [GC Worker End (ms): Min: 656424.9, Avg: 656424.9, Max: 656424.9, Diff: 0.0]
   [Code Root Fixup: 0.0 ms]
   [Code Root Purge: 0.0 ms]
   [Clear CT: 0.2 ms]
   [Other: 0.6 ms]
      [Choose CSet: 0.0 ms]
      [Ref Proc: 0.1 ms]
      [Ref Enq: 0.0 ms]
      [Redirty Cards: 0.1 ms]
      [Humongous Register: 0.0 ms]
      [Humongous Reclaim: 0.0 ms]
      [Free CSet: 0.2 ms]
   [Eden: 418.0M(418.0M)->0.0B(417.0M) Survivors: 2048.0K->3072.0K Heap: 480.2M(700.0M)->64063.9K(700.0M)]
 [Times: user=0.00 sys=0.00, real=0.00 secs] 
2024-10-10T18:02:42.826+0300: 656.426: Total time for which application threads were stopped: 0.0020394 seconds, Stopping threads took: 0.0001788 seconds
2024-10-10T18:02:47.297+0300: 660.901: Application time: 4.4750789 seconds
2024-10-10T18:02:47.297+0300: 660.901: [GC pause (G1 Evacuation Pause) (young), 0.0015630 secs]
   [Parallel Time: 0.7 ms, GC Workers: 6]
      [GC Worker Start (ms): Min: 660901.3, Avg: 660901.3, Max: 660901.3, Diff: 0.1]
      [Ext Root Scanning (ms): Min: 0.2, Avg: 0.3, Max: 0.3, Diff: 0.1, Sum: 1.6]
      [Update RS (ms): Min: 0.0, Avg: 0.0, Max: 0.0, Diff: 0.0, Sum: 0.1]
         [Processed Buffers: Min: 0, Avg: 1.0, Max: 3, Diff: 3, Sum: 6]
      [Scan RS (ms): Min: 0.0, Avg: 0.1, Max: 0.1, Diff: 0.1, Sum: 0.5]
      [Code Root Scanning (ms): Min: 0.0, Avg: 0.0, Max: 0.0, Diff: 0.0, Sum: 0.0]
      [Object Copy (ms): Min: 0.1, Avg: 0.1, Max: 0.2, Diff: 0.1, Sum: 0.8]
      [Termination (ms): Min: 0.0, Avg: 0.0, Max: 0.0, Diff: 0.0, Sum: 0.1]
         [Termination Attempts: Min: 1, Avg: 1.0, Max: 1, Diff: 0, Sum: 6]
      [GC Worker Other (ms): Min: 0.0, Avg: 0.0, Max: 0.0, Diff: 0.0, Sum: 0.1]
      [GC Worker Total (ms): Min: 0.5, Avg: 0.5, Max: 0.6, Diff: 0.1, Sum: 3.2]
      [GC Worker End (ms): Min: 660901.8, Avg: 660901.8, Max: 660901.8, Diff: 0.0]
   [Code Root Fixup: 0.0 ms]
   [Code Root Purge: 0.0 ms]
   [Clear CT: 0.2 ms]
   [Other: 0.7 ms]
      [Choose CSet: 0.0 ms]
      [Ref Proc: 0.1 ms]
      [Ref Enq: 0.0 ms]
      [Redirty Cards: 0.1 ms]
      [Humongous Register: 0.1 ms]
      [Humongous Reclaim: 0.0 ms]
      [Free CSet: 0.2 ms]
   [Eden: 417.0M(417.0M)->0.0B(418.0M) Survivors: 3072.0K->2048.0K Heap: 479.6M(700.0M)->63683.6K(700.0M)]
 [Times: user=0.00 sys=0.00, real=0.00 secs] 
2024-10-10T18:02:47.297+0300: 660.903: Total time for which application threads were stopped: 0.0019300 seconds, Stopping threads took: 0.0001637 seconds
2024-10-10T18:02:51.708+0300: 665.313: Application time: 4.4103305 seconds
2024-10-10T18:02:51.708+0300: 665.313: [GC pause (G1 Evacuation Pause) (young), 0.0015026 secs]
   [Parallel Time: 0.7 ms, GC Workers: 6]
      [GC Worker Start (ms): Min: 665313.6, Avg: 665313.6, Max: 665313.6, Diff: 0.1]
      [Ext Root Scanning (ms): Min: 0.2, Avg: 0.3, Max: 0.3, Diff: 0.1, Sum: 1.6]
      [Update RS (ms): Min: 0.0, Avg: 0.0, Max: 0.1, Diff: 0.1, Sum: 0.1]
         [Processed Buffers: Min: 0, Avg: 0.8, Max: 2, Diff: 2, Sum: 5]
      [Scan RS (ms): Min: 0.0, Avg: 0.1, Max: 0.1, Diff: 0.1, Sum: 0.4]
      [Code Root Scanning (ms): Min: 0.0, Avg: 0.0, Max: 0.0, Diff: 0.0, Sum: 0.0]
      [Object Copy (ms): Min: 0.1, Avg: 0.1, Max: 0.2, Diff: 0.1, Sum: 0.9]
      [Termination (ms): Min: 0.0, Avg: 0.0, Max: 0.0, Diff: 0.0, Sum: 0.1]
         [Termination Attempts: Min: 1, Avg: 1.0, Max: 1, Diff: 0, Sum: 6]
      [GC Worker Other (ms): Min: 0.0, Avg: 0.0, Max: 0.0, Diff: 0.0, Sum: 0.1]
      [GC Worker Total (ms): Min: 0.5, Avg: 0.5, Max: 0.6, Diff: 0.1, Sum: 3.2]
      [GC Worker End (ms): Min: 665314.1, Avg: 665314.1, Max: 665314.1, Diff: 0.0]
   [Code Root Fixup: 0.0 ms]
   [Code Root Purge: 0.0 ms]
   [Clear CT: 0.2 ms]
   [Other: 0.6 ms]
      [Choose CSet: 0.0 ms]
      [Ref Proc: 0.1 ms]
      [Ref Enq: 0.0 ms]
      [Redirty Cards: 0.1 ms]
      [Humongous Register: 0.1 ms]
      [Humongous Reclaim: 0.0 ms]
      [Free CSet: 0.3 ms]
   [Eden: 418.0M(418.0M)->0.0B(418.0M) Survivors: 2048.0K->2048.0K Heap: 480.2M(700.0M)->63673.5K(700.0M)]
 [Times: user=0.00 sys=0.00, real=0.00 secs] 
2024-10-10T18:02:51.708+0300: 665.315: Total time for which application threads were stopped: 0.0018827 seconds, Stopping threads took: 0.0001696 seconds
2024-10-10T18:02:56.153+0300: 669.762: Application time: 4.4467394 seconds
2024-10-10T18:02:56.153+0300: 669.762: [GC pause (G1 Evacuation Pause) (young), 0.0015074 secs]
   [Parallel Time: 0.7 ms, GC Workers: 6]
      [GC Worker Start (ms): Min: 669762.1, Avg: 669762.2, Max: 669762.2, Diff: 0.1]
      [Ext Root Scanning (ms): Min: 0.2, Avg: 0.3, Max: 0.3, Diff: 0.0, Sum: 1.5]
      [Update RS (ms): Min: 0.0, Avg: 0.0, Max: 0.0, Diff: 0.0, Sum: 0.1]
         [Processed Buffers: Min: 1, Avg: 1.0, Max: 1, Diff: 0, Sum: 6]
      [Scan RS (ms): Min: 0.1, Avg: 0.1, Max: 0.1, Diff: 0.0, Sum: 0.4]
      [Code Root Scanning (ms): Min: 0.0, Avg: 0.0, Max: 0.0, Diff: 0.0, Sum: 0.0]
      [Object Copy (ms): Min: 0.1, Avg: 0.2, Max: 0.2, Diff: 0.1, Sum: 1.1]
      [Termination (ms): Min: 0.0, Avg: 0.0, Max: 0.1, Diff: 0.1, Sum: 0.2]
         [Termination Attempts: Min: 1, Avg: 1.0, Max: 1, Diff: 0, Sum: 6]
      [GC Worker Other (ms): Min: 0.0, Avg: 0.0, Max: 0.0, Diff: 0.0, Sum: 0.1]
      [GC Worker Total (ms): Min: 0.5, Avg: 0.6, Max: 0.6, Diff: 0.1, Sum: 3.4]
      [GC Worker End (ms): Min: 669762.7, Avg: 669762.7, Max: 669762.7, Diff: 0.0]
   [Code Root Fixup: 0.0 ms]
   [Code Root Purge: 0.0 ms]
   [Clear CT: 0.2 ms]
   [Other: 0.7 ms]
      [Choose CSet: 0.0 ms]
      [Ref Proc: 0.1 ms]
      [Ref Enq: 0.0 ms]
      [Redirty Cards: 0.1 ms]
      [Humongous Register: 0.0 ms]
      [Humongous Reclaim: 0.0 ms]
      [Free CSet: 0.3 ms]
   [Eden: 418.0M(418.0M)->0.0B(417.0M) Survivors: 2048.0K->3072.0K Heap: 480.2M(700.0M)->64073.3K(700.0M)]
 [Times: user=0.02 sys=0.00, real=0.01 secs] 
2024-10-10T18:02:56.164+0300: 669.764: Total time for which application threads were stopped: 0.0019247 seconds, Stopping threads took: 0.0001723 seconds
2024-10-10T18:03:00.562+0300: 674.173: Application time: 4.4097838 seconds
2024-10-10T18:03:00.562+0300: 674.174: [GC pause (G1 Evacuation Pause) (young), 0.0016210 secs]
   [Parallel Time: 0.7 ms, GC Workers: 6]
      [GC Worker Start (ms): Min: 674173.9, Avg: 674173.9, Max: 674174.0, Diff: 0.1]
      [Ext Root Scanning (ms): Min: 0.2, Avg: 0.3, Max: 0.3, Diff: 0.1, Sum: 1.6]
      [Update RS (ms): Min: 0.0, Avg: 0.0, Max: 0.0, Diff: 0.0, Sum: 0.1]
         [Processed Buffers: Min: 0, Avg: 1.0, Max: 3, Diff: 3, Sum: 6]
      [Scan RS (ms): Min: 0.0, Avg: 0.1, Max: 0.1, Diff: 0.1, Sum: 0.4]
      [Code Root Scanning (ms): Min: 0.0, Avg: 0.0, Max: 0.0, Diff: 0.0, Sum: 0.0]
      [Object Copy (ms): Min: 0.1, Avg: 0.2, Max: 0.3, Diff: 0.1, Sum: 1.1]
      [Termination (ms): Min: 0.0, Avg: 0.0, Max: 0.0, Diff: 0.0, Sum: 0.1]
         [Termination Attempts: Min: 1, Avg: 1.0, Max: 1, Diff: 0, Sum: 6]
      [GC Worker Other (ms): Min: 0.0, Avg: 0.0, Max: 0.0, Diff: 0.0, Sum: 0.1]
      [GC Worker Total (ms): Min: 0.5, Avg: 0.6, Max: 0.6, Diff: 0.1, Sum: 3.5]
      [GC Worker End (ms): Min: 674174.5, Avg: 674174.5, Max: 674174.5, Diff: 0.0]
   [Code Root Fixup: 0.0 ms]
   [Code Root Purge: 0.0 ms]
   [Clear CT: 0.2 ms]
   [Other: 0.7 ms]
      [Choose CSet: 0.0 ms]
      [Ref Proc: 0.2 ms]
      [Ref Enq: 0.0 ms]
      [Redirty Cards: 0.1 ms]
      [Humongous Register: 0.1 ms]
      [Humongous Reclaim: 0.0 ms]
      [Free CSet: 0.3 ms]
   [Eden: 417.0M(417.0M)->0.0B(417.0M) Survivors: 3072.0K->3072.0K Heap: 479.6M(700.0M)->63947.1K(700.0M)]
 [Times: user=0.00 sys=0.00, real=0.00 secs] 
2024-10-10T18:03:00.562+0300: 674.175: Total time for which application threads were stopped: 0.0019909 seconds, Stopping threads took: 0.0001700 seconds
2024-10-10T18:03:05.003+0300: 678.612: Application time: 4.4367700 seconds
2024-10-10T18:03:05.003+0300: 678.612: [GC pause (G1 Evacuation Pause) (young), 0.0014113 secs]
   [Parallel Time: 0.6 ms, GC Workers: 6]
      [GC Worker Start (ms): Min: 678612.6, Avg: 678612.6, Max: 678612.6, Diff: 0.1]
      [Ext Root Scanning (ms): Min: 0.2, Avg: 0.3, Max: 0.3, Diff: 0.1, Sum: 1.5]
      [Update RS (ms): Min: 0.0, Avg: 0.0, Max: 0.0, Diff: 0.0, Sum: 0.1]
         [Processed Buffers: Min: 0, Avg: 0.8, Max: 2, Diff: 2, Sum: 5]
      [Scan RS (ms): Min: 0.0, Avg: 0.1, Max: 0.1, Diff: 0.0, Sum: 0.4]
      [Code Root Scanning (ms): Min: 0.0, Avg: 0.0, Max: 0.0, Diff: 0.0, Sum: 0.0]
      [Object Copy (ms): Min: 0.1, Avg: 0.2, Max: 0.2, Diff: 0.1, Sum: 1.1]
      [Termination (ms): Min: 0.0, Avg: 0.0, Max: 0.1, Diff: 0.1, Sum: 0.2]
         [Termination Attempts: Min: 1, Avg: 1.0, Max: 1, Diff: 0, Sum: 6]
      [GC Worker Other (ms): Min: 0.0, Avg: 0.0, Max: 0.0, Diff: 0.0, Sum: 0.1]
      [GC Worker Total (ms): Min: 0.5, Avg: 0.6, Max: 0.6, Diff: 0.1, Sum: 3.4]
      [GC Worker End (ms): Min: 678613.2, Avg: 678613.2, Max: 678613.2, Diff: 0.0]
   [Code Root Fixup: 0.0 ms]
   [Code Root Purge: 0.0 ms]
   [Clear CT: 0.2 ms]
   [Other: 0.6 ms]
      [Choose CSet: 0.0 ms]
      [Ref Proc: 0.1 ms]
      [Ref Enq: 0.0 ms]
      [Redirty Cards: 0.1 ms]
      [Humongous Register: 0.0 ms]
      [Humongous Reclaim: 0.0 ms]
      [Free CSet: 0.2 ms]
   [Eden: 417.0M(417.0M)->0.0B(417.0M) Survivors: 3072.0K->3072.0K Heap: 479.4M(700.0M)->64355.9K(700.0M)]
 [Times: user=0.00 sys=0.00, real=0.00 secs] 
2024-10-10T18:03:05.003+0300: 678.614: Total time for which application threads were stopped: 0.0017755 seconds, Stopping threads took: 0.0001454 seconds
2024-10-10T18:03:09.460+0300: 683.062: Application time: 4.4477008 seconds
2024-10-10T18:03:09.460+0300: 683.062: [GC pause (G1 Evacuation Pause) (young), 0.0016562 secs]
   [Parallel Time: 0.7 ms, GC Workers: 6]
      [GC Worker Start (ms): Min: 683062.0, Avg: 683062.1, Max: 683062.1, Diff: 0.1]
      [Ext Root Scanning (ms): Min: 0.2, Avg: 0.3, Max: 0.3, Diff: 0.1, Sum: 1.6]
      [Update RS (ms): Min: 0.0, Avg: 0.0, Max: 0.0, Diff: 0.0, Sum: 0.1]
         [Processed Buffers: Min: 0, Avg: 0.8, Max: 2, Diff: 2, Sum: 5]
      [Scan RS (ms): Min: 0.1, Avg: 0.1, Max: 0.1, Diff: 0.0, Sum: 0.5]
      [Code Root Scanning (ms): Min: 0.0, Avg: 0.0, Max: 0.0, Diff: 0.0, Sum: 0.0]
      [Object Copy (ms): Min: 0.1, Avg: 0.2, Max: 0.2, Diff: 0.1, Sum: 1.1]
      [Termination (ms): Min: 0.0, Avg: 0.0, Max: 0.1, Diff: 0.1, Sum: 0.2]
         [Termination Attempts: Min: 1, Avg: 1.0, Max: 1, Diff: 0, Sum: 6]
      [GC Worker Other (ms): Min: 0.0, Avg: 0.0, Max: 0.0, Diff: 0.0, Sum: 0.1]
      [GC Worker Total (ms): Min: 0.6, Avg: 0.6, Max: 0.6, Diff: 0.1, Sum: 3.6]
      [GC Worker End (ms): Min: 683062.7, Avg: 683062.7, Max: 683062.7, Diff: 0.0]
   [Code Root Fixup: 0.0 ms]
   [Code Root Purge: 0.0 ms]
   [Clear CT: 0.2 ms]
   [Other: 0.7 ms]
      [Choose CSet: 0.0 ms]
      [Ref Proc: 0.2 ms]
      [Ref Enq: 0.0 ms]
      [Redirty Cards: 0.1 ms]
      [Humongous Register: 0.1 ms]
      [Humongous Reclaim: 0.0 ms]
      [Free CSet: 0.3 ms]
   [Eden: 417.0M(417.0M)->0.0B(417.0M) Survivors: 3072.0K->3072.0K Heap: 479.8M(700.0M)->64092.8K(700.0M)]
 [Times: user=0.02 sys=0.00, real=0.00 secs] 
2024-10-10T18:03:09.460+0300: 683.064: Total time for which application threads were stopped: 0.0019693 seconds, Stopping threads took: 0.0001004 seconds
2024-10-10T18:03:13.903+0300: 687.507: Application time: 4.4434367 seconds
2024-10-10T18:03:13.903+0300: 687.507: [GC pause (G1 Evacuation Pause) (young), 0.0014501 secs]
   [Parallel Time: 0.7 ms, GC Workers: 6]
      [GC Worker Start (ms): Min: 687507.6, Avg: 687507.6, Max: 687507.6, Diff: 0.1]
      [Ext Root Scanning (ms): Min: 0.2, Avg: 0.3, Max: 0.3, Diff: 0.0, Sum: 1.5]
      [Update RS (ms): Min: 0.0, Avg: 0.0, Max: 0.0, Diff: 0.0, Sum: 0.1]
         [Processed Buffers: Min: 0, Avg: 0.8, Max: 2, Diff: 2, Sum: 5]
      [Scan RS (ms): Min: 0.0, Avg: 0.1, Max: 0.3, Diff: 0.2, Sum: 0.7]
      [Code Root Scanning (ms): Min: 0.0, Avg: 0.0, Max: 0.0, Diff: 0.0, Sum: 0.0]
      [Object Copy (ms): Min: 0.0, Avg: 0.2, Max: 0.2, Diff: 0.2, Sum: 1.1]
      [Termination (ms): Min: 0.0, Avg: 0.0, Max: 0.1, Diff: 0.1, Sum: 0.2]
         [Termination Attempts: Min: 1, Avg: 1.0, Max: 1, Diff: 0, Sum: 6]
      [GC Worker Other (ms): Min: 0.0, Avg: 0.0, Max: 0.0, Diff: 0.0, Sum: 0.1]
      [GC Worker Total (ms): Min: 0.6, Avg: 0.6, Max: 0.6, Diff: 0.1, Sum: 3.7]
      [GC Worker End (ms): Min: 687508.2, Avg: 687508.2, Max: 687508.2, Diff: 0.0]
   [Code Root Fixup: 0.0 ms]
   [Code Root Purge: 0.0 ms]
   [Clear CT: 0.2 ms]
   [Other: 0.6 ms]
      [Choose CSet: 0.0 ms]
      [Ref Proc: 0.1 ms]
      [Ref Enq: 0.0 ms]
      [Redirty Cards: 0.1 ms]
      [Humongous Register: 0.0 ms]
      [Humongous Reclaim: 0.0 ms]
      [Free CSet: 0.3 ms]
   [Eden: 417.0M(417.0M)->0.0B(417.0M) Survivors: 3072.0K->3072.0K Heap: 479.6M(700.0M)->64097.4K(700.0M)]
 [Times: user=0.00 sys=0.00, real=0.00 secs] 
2024-10-10T18:03:13.903+0300: 687.509: Total time for which application threads were stopped: 0.0019431 seconds, Stopping threads took: 0.0002707 seconds
2024-10-10T18:03:18.345+0300: 691.953: Application time: 4.4439063 seconds
2024-10-10T18:03:18.345+0300: 691.953: [GC pause (G1 Evacuation Pause) (young), 0.0015536 secs]
   [Parallel Time: 0.6 ms, GC Workers: 6]
      [GC Worker Start (ms): Min: 691953.3, Avg: 691953.4, Max: 691953.4, Diff: 0.1]
      [Ext Root Scanning (ms): Min: 0.2, Avg: 0.3, Max: 0.3, Diff: 0.1, Sum: 1.6]
      [Update RS (ms): Min: 0.0, Avg: 0.0, Max: 0.1, Diff: 0.1, Sum: 0.1]
         [Processed Buffers: Min: 0, Avg: 0.7, Max: 2, Diff: 2, Sum: 4]
      [Scan RS (ms): Min: 0.1, Avg: 0.1, Max: 0.1, Diff: 0.0, Sum: 0.5]
      [Code Root Scanning (ms): Min: 0.0, Avg: 0.0, Max: 0.0, Diff: 0.0, Sum: 0.0]
      [Object Copy (ms): Min: 0.1, Avg: 0.2, Max: 0.2, Diff: 0.1, Sum: 0.9]
      [Termination (ms): Min: 0.0, Avg: 0.0, Max: 0.0, Diff: 0.0, Sum: 0.1]
         [Termination Attempts: Min: 1, Avg: 1.3, Max: 2, Diff: 1, Sum: 8]
      [GC Worker Other (ms): Min: 0.0, Avg: 0.0, Max: 0.0, Diff: 0.0, Sum: 0.1]
      [GC Worker Total (ms): Min: 0.5, Avg: 0.6, Max: 0.6, Diff: 0.1, Sum: 3.3]
      [GC Worker End (ms): Min: 691953.9, Avg: 691953.9, Max: 691954.0, Diff: 0.0]
   [Code Root Fixup: 0.0 ms]
   [Code Root Purge: 0.0 ms]
   [Clear CT: 0.2 ms]
   [Other: 0.7 ms]
      [Choose CSet: 0.0 ms]
      [Ref Proc: 0.2 ms]
      [Ref Enq: 0.0 ms]
      [Redirty Cards: 0.1 ms]
      [Humongous Register: 0.1 ms]
      [Humongous Reclaim: 0.0 ms]
      [Free CSet: 0.2 ms]
   [Eden: 417.0M(417.0M)->0.0B(418.0M) Survivors: 3072.0K->2048.0K Heap: 479.6M(700.0M)->63461.5K(700.0M)]
 [Times: user=0.01 sys=0.00, real=0.00 secs] 
2024-10-10T18:03:18.345+0300: 691.955: Total time for which application threads were stopped: 0.0019360 seconds, Stopping threads took: 0.0001773 seconds
2024-10-10T18:03:22.818+0300: 696.418: Application time: 4.4628534 seconds
2024-10-10T18:03:22.818+0300: 696.418: [GC pause (G1 Evacuation Pause) (young), 0.0017777 secs]
   [Parallel Time: 0.7 ms, GC Workers: 6]
      [GC Worker Start (ms): Min: 696418.2, Avg: 696418.3, Max: 696418.3, Diff: 0.1]
      [Ext Root Scanning (ms): Min: 0.2, Avg: 0.3, Max: 0.3, Diff: 0.1, Sum: 1.6]
      [Update RS (ms): Min: 0.0, Avg: 0.0, Max: 0.0, Diff: 0.0, Sum: 0.1]
         [Processed Buffers: Min: 0, Avg: 1.0, Max: 2, Diff: 2, Sum: 6]
      [Scan RS (ms): Min: 0.0, Avg: 0.1, Max: 0.1, Diff: 0.1, Sum: 0.5]
      [Code Root Scanning (ms): Min: 0.0, Avg: 0.0, Max: 0.0, Diff: 0.0, Sum: 0.0]
      [Object Copy (ms): Min: 0.1, Avg: 0.1, Max: 0.2, Diff: 0.1, Sum: 0.9]
      [Termination (ms): Min: 0.0, Avg: 0.0, Max: 0.0, Diff: 0.0, Sum: 0.1]
         [Termination Attempts: Min: 1, Avg: 1.0, Max: 1, Diff: 0, Sum: 6]
      [GC Worker Other (ms): Min: 0.0, Avg: 0.0, Max: 0.0, Diff: 0.0, Sum: 0.1]
      [GC Worker Total (ms): Min: 0.5, Avg: 0.5, Max: 0.6, Diff: 0.1, Sum: 3.2]
      [GC Worker End (ms): Min: 696418.8, Avg: 696418.8, Max: 696418.8, Diff: 0.0]
   [Code Root Fixup: 0.0 ms]
   [Code Root Purge: 0.0 ms]
   [Clear CT: 0.1 ms]
   [Other: 1.0 ms]
      [Choose CSet: 0.0 ms]
      [Ref Proc: 0.4 ms]
      [Ref Enq: 0.0 ms]
      [Redirty Cards: 0.2 ms]
      [Humongous Register: 0.1 ms]
      [Humongous Reclaim: 0.0 ms]
      [Free CSet: 0.3 ms]
   [Eden: 418.0M(418.0M)->0.0B(418.0M) Survivors: 2048.0K->2048.0K Heap: 480.0M(700.0M)->63838.3K(700.0M)]
 [Times: user=0.00 sys=0.00, real=0.00 secs] 
2024-10-10T18:03:22.820+0300: 696.420: Total time for which application threads were stopped: 0.0022208 seconds, Stopping threads took: 0.0002273 seconds
2024-10-10T18:03:27.276+0300: 700.880: Application time: 4.4595807 seconds
2024-10-10T18:03:27.276+0300: 700.880: [GC pause (G1 Evacuation Pause) (young), 0.0014871 secs]
   [Parallel Time: 0.8 ms, GC Workers: 6]
      [GC Worker Start (ms): Min: 700880.0, Avg: 700880.0, Max: 700880.0, Diff: 0.1]
      [Ext Root Scanning (ms): Min: 0.2, Avg: 0.3, Max: 0.3, Diff: 0.1, Sum: 1.6]
      [Update RS (ms): Min: 0.0, Avg: 0.0, Max: 0.1, Diff: 0.1, Sum: 0.1]
         [Processed Buffers: Min: 0, Avg: 0.8, Max: 2, Diff: 2, Sum: 5]
      [Scan RS (ms): Min: 0.0, Avg: 0.1, Max: 0.1, Diff: 0.1, Sum: 0.5]
      [Code Root Scanning (ms): Min: 0.0, Avg: 0.0, Max: 0.0, Diff: 0.0, Sum: 0.0]
      [Object Copy (ms): Min: 0.2, Avg: 0.2, Max: 0.3, Diff: 0.1, Sum: 1.4]
      [Termination (ms): Min: 0.0, Avg: 0.0, Max: 0.0, Diff: 0.0, Sum: 0.0]
         [Termination Attempts: Min: 1, Avg: 2.0, Max: 3, Diff: 2, Sum: 12]
      [GC Worker Other (ms): Min: 0.0, Avg: 0.0, Max: 0.1, Diff: 0.0, Sum: 0.2]
      [GC Worker Total (ms): Min: 0.6, Avg: 0.6, Max: 0.7, Diff: 0.1, Sum: 3.8]
      [GC Worker End (ms): Min: 700880.6, Avg: 700880.7, Max: 700880.7, Diff: 0.0]
   [Code Root Fixup: 0.0 ms]
   [Code Root Purge: 0.0 ms]
   [Clear CT: 0.2 ms]
   [Other: 0.5 ms]
      [Choose CSet: 0.0 ms]
      [Ref Proc: 0.1 ms]
      [Ref Enq: 0.0 ms]
      [Redirty Cards: 0.1 ms]
      [Humongous Register: 0.1 ms]
      [Humongous Reclaim: 0.0 ms]
      [Free CSet: 0.2 ms]
   [Eden: 418.0M(418.0M)->0.0B(418.0M) Survivors: 2048.0K->2048.0K Heap: 480.3M(700.0M)->63801.0K(700.0M)]
 [Times: user=0.00 sys=0.00, real=0.00 secs] 
2024-10-10T18:03:27.276+0300: 700.881: Total time for which application threads were stopped: 0.0018824 seconds, Stopping threads took: 0.0002018 seconds
2024-10-10T18:03:31.734+0300: 705.335: Application time: 4.4533513 seconds
2024-10-10T18:03:31.734+0300: 705.335: [GC pause (G1 Evacuation Pause) (young), 0.0015287 secs]
   [Parallel Time: 0.7 ms, GC Workers: 6]
      [GC Worker Start (ms): Min: 705335.2, Avg: 705335.2, Max: 705335.2, Diff: 0.1]
      [Ext Root Scanning (ms): Min: 0.2, Avg: 0.3, Max: 0.3, Diff: 0.1, Sum: 1.5]
      [Update RS (ms): Min: 0.0, Avg: 0.0, Max: 0.0, Diff: 0.0, Sum: 0.1]
         [Processed Buffers: Min: 0, Avg: 0.8, Max: 2, Diff: 2, Sum: 5]
      [Scan RS (ms): Min: 0.0, Avg: 0.1, Max: 0.1, Diff: 0.1, Sum: 0.4]
      [Code Root Scanning (ms): Min: 0.0, Avg: 0.0, Max: 0.0, Diff: 0.0, Sum: 0.0]
      [Object Copy (ms): Min: 0.2, Avg: 0.2, Max: 0.3, Diff: 0.1, Sum: 1.2]
      [Termination (ms): Min: 0.0, Avg: 0.0, Max: 0.0, Diff: 0.0, Sum: 0.2]
         [Termination Attempts: Min: 1, Avg: 1.0, Max: 1, Diff: 0, Sum: 6]
      [GC Worker Other (ms): Min: 0.0, Avg: 0.0, Max: 0.0, Diff: 0.0, Sum: 0.1]
      [GC Worker Total (ms): Min: 0.5, Avg: 0.6, Max: 0.6, Diff: 0.1, Sum: 3.5]
      [GC Worker End (ms): Min: 705335.8, Avg: 705335.8, Max: 705335.8, Diff: 0.0]
   [Code Root Fixup: 0.0 ms]
   [Code Root Purge: 0.0 ms]
   [Clear CT: 0.2 ms]
   [Other: 0.6 ms]
      [Choose CSet: 0.0 ms]
      [Ref Proc: 0.1 ms]
      [Ref Enq: 0.0 ms]
      [Redirty Cards: 0.1 ms]
      [Humongous Register: 0.0 ms]
      [Humongous Reclaim: 0.0 ms]
      [Free CSet: 0.3 ms]
   [Eden: 418.0M(418.0M)->0.0B(417.0M) Survivors: 2048.0K->3072.0K Heap: 480.3M(700.0M)->64320.1K(700.0M)]
 [Times: user=0.00 sys=0.00, real=0.00 secs] 
2024-10-10T18:03:31.734+0300: 705.337: Total time for which application threads were stopped: 0.0018864 seconds, Stopping threads took: 0.0001722 seconds
2024-10-10T18:03:36.221+0300: 709.822: Application time: 4.4857453 seconds
2024-10-10T18:03:36.221+0300: 709.823: [GC pause (G1 Evacuation Pause) (young), 0.0014326 secs]
   [Parallel Time: 0.7 ms, GC Workers: 6]
      [GC Worker Start (ms): Min: 709822.8, Avg: 709822.8, Max: 709822.9, Diff: 0.1]
      [Ext Root Scanning (ms): Min: 0.2, Avg: 0.3, Max: 0.3, Diff: 0.1, Sum: 1.6]
      [Update RS (ms): Min: 0.0, Avg: 0.0, Max: 0.0, Diff: 0.0, Sum: 0.1]
         [Processed Buffers: Min: 0, Avg: 0.8, Max: 2, Diff: 2, Sum: 5]
      [Scan RS (ms): Min: 0.0, Avg: 0.1, Max: 0.1, Diff: 0.1, Sum: 0.4]
      [Code Root Scanning (ms): Min: 0.0, Avg: 0.0, Max: 0.0, Diff: 0.0, Sum: 0.0]
      [Object Copy (ms): Min: 0.1, Avg: 0.2, Max: 0.2, Diff: 0.1, Sum: 0.9]
      [Termination (ms): Min: 0.0, Avg: 0.0, Max: 0.0, Diff: 0.0, Sum: 0.1]
         [Termination Attempts: Min: 1, Avg: 1.0, Max: 1, Diff: 0, Sum: 6]
      [GC Worker Other (ms): Min: 0.0, Avg: 0.0, Max: 0.0, Diff: 0.0, Sum: 0.2]
      [GC Worker Total (ms): Min: 0.5, Avg: 0.5, Max: 0.6, Diff: 0.1, Sum: 3.3]
      [GC Worker End (ms): Min: 709823.4, Avg: 709823.4, Max: 709823.4, Diff: 0.0]
   [Code Root Fixup: 0.0 ms]
   [Code Root Purge: 0.0 ms]
   [Clear CT: 0.2 ms]
   [Other: 0.6 ms]
      [Choose CSet: 0.0 ms]
      [Ref Proc: 0.1 ms]
      [Ref Enq: 0.0 ms]
      [Redirty Cards: 0.1 ms]
      [Humongous Register: 0.0 ms]
      [Humongous Reclaim: 0.0 ms]
      [Free CSet: 0.2 ms]
   [Eden: 417.0M(417.0M)->0.0B(418.0M) Survivors: 3072.0K->2048.0K Heap: 479.8M(700.0M)->63699.3K(700.0M)]
 [Times: user=0.00 sys=0.00, real=0.00 secs] 
2024-10-10T18:03:36.221+0300: 709.824: Total time for which application threads were stopped: 0.0018136 seconds, Stopping threads took: 0.0001685 seconds
2024-10-10T18:03:40.678+0300: 714.290: Application time: 4.4658873 seconds
2024-10-10T18:03:40.678+0300: 714.291: [GC pause (G1 Evacuation Pause) (young), 0.0016414 secs]
   [Parallel Time: 0.7 ms, GC Workers: 6]
      [GC Worker Start (ms): Min: 714290.7, Avg: 714290.8, Max: 714290.8, Diff: 0.1]
      [Ext Root Scanning (ms): Min: 0.2, Avg: 0.3, Max: 0.3, Diff: 0.1, Sum: 1.7]
      [Update RS (ms): Min: 0.0, Avg: 0.0, Max: 0.0, Diff: 0.0, Sum: 0.1]
         [Processed Buffers: Min: 0, Avg: 1.0, Max: 3, Diff: 3, Sum: 6]
      [Scan RS (ms): Min: 0.0, Avg: 0.1, Max: 0.1, Diff: 0.1, Sum: 0.4]
      [Code Root Scanning (ms): Min: 0.0, Avg: 0.0, Max: 0.0, Diff: 0.0, Sum: 0.0]
      [Object Copy (ms): Min: 0.1, Avg: 0.2, Max: 0.2, Diff: 0.1, Sum: 1.0]
      [Termination (ms): Min: 0.0, Avg: 0.0, Max: 0.0, Diff: 0.0, Sum: 0.2]
         [Termination Attempts: Min: 1, Avg: 1.0, Max: 1, Diff: 0, Sum: 6]
      [GC Worker Other (ms): Min: 0.0, Avg: 0.0, Max: 0.1, Diff: 0.1, Sum: 0.2]
      [GC Worker Total (ms): Min: 0.6, Avg: 0.6, Max: 0.6, Diff: 0.1, Sum: 3.6]
      [GC Worker End (ms): Min: 714291.3, Avg: 714291.4, Max: 714291.4, Diff: 0.0]
   [Code Root Fixup: 0.0 ms]
   [Code Root Purge: 0.0 ms]
   [Clear CT: 0.2 ms]
   [Other: 0.7 ms]
      [Choose CSet: 0.0 ms]
      [Ref Proc: 0.1 ms]
      [Ref Enq: 0.0 ms]
      [Redirty Cards: 0.1 ms]
      [Humongous Register: 0.1 ms]
      [Humongous Reclaim: 0.0 ms]
      [Free CSet: 0.3 ms]
   [Eden: 418.0M(418.0M)->0.0B(418.0M) Survivors: 2048.0K->2048.0K Heap: 480.2M(700.0M)->63699.8K(700.0M)]
 [Times: user=0.00 sys=0.00, real=0.00 secs] 
2024-10-10T18:03:40.678+0300: 714.292: Total time for which application threads were stopped: 0.0021874 seconds, Stopping threads took: 0.0002940 seconds
2024-10-10T18:03:45.150+0300: 718.761: Application time: 4.4682651 seconds
2024-10-10T18:03:45.150+0300: 718.761: [GC pause (G1 Evacuation Pause) (young), 0.0015785 secs]
   [Parallel Time: 0.8 ms, GC Workers: 6]
      [GC Worker Start (ms): Min: 718760.9, Avg: 718761.2, Max: 718761.4, Diff: 0.5]
      [Ext Root Scanning (ms): Min: 0.0, Avg: 0.1, Max: 0.4, Diff: 0.4, Sum: 0.8]
      [Update RS (ms): Min: 0.0, Avg: 0.0, Max: 0.1, Diff: 0.1, Sum: 0.1]
         [Processed Buffers: Min: 0, Avg: 1.2, Max: 3, Diff: 3, Sum: 7]
      [Scan RS (ms): Min: 0.0, Avg: 0.1, Max: 0.1, Diff: 0.1, Sum: 0.4]
      [Code Root Scanning (ms): Min: 0.0, Avg: 0.0, Max: 0.0, Diff: 0.0, Sum: 0.0]
      [Object Copy (ms): Min: 0.1, Avg: 0.1, Max: 0.2, Diff: 0.1, Sum: 0.7]
      [Termination (ms): Min: 0.0, Avg: 0.0, Max: 0.1, Diff: 0.1, Sum: 0.2]
         [Termination Attempts: Min: 1, Avg: 1.0, Max: 1, Diff: 0, Sum: 6]
      [GC Worker Other (ms): Min: 0.0, Avg: 0.0, Max: 0.0, Diff: 0.0, Sum: 0.1]
      [GC Worker Total (ms): Min: 0.2, Avg: 0.4, Max: 0.7, Diff: 0.5, Sum: 2.4]
      [GC Worker End (ms): Min: 718761.6, Avg: 718761.6, Max: 718761.6, Diff: 0.0]
   [Code Root Fixup: 0.0 ms]
   [Code Root Purge: 0.0 ms]
   [Clear CT: 0.2 ms]
   [Other: 0.6 ms]
      [Choose CSet: 0.0 ms]
      [Ref Proc: 0.1 ms]
      [Ref Enq: 0.0 ms]
      [Redirty Cards: 0.1 ms]
      [Humongous Register: 0.0 ms]
      [Humongous Reclaim: 0.0 ms]
      [Free CSet: 0.2 ms]
   [Eden: 418.0M(418.0M)->0.0B(418.0M) Survivors: 2048.0K->2048.0K Heap: 480.2M(700.0M)->63822.1K(700.0M)]
 [Times: user=0.00 sys=0.00, real=0.01 secs] 
2024-10-10T18:03:45.163+0300: 718.763: Total time for which application threads were stopped: 0.0019353 seconds, Stopping threads took: 0.0001321 seconds
2024-10-10T18:03:49.606+0300: 723.213: Application time: 4.4504975 seconds
2024-10-10T18:03:49.606+0300: 723.213: [GC pause (G1 Evacuation Pause) (young), 0.0015531 secs]
   [Parallel Time: 0.7 ms, GC Workers: 6]
      [GC Worker Start (ms): Min: 723213.4, Avg: 723213.4, Max: 723213.5, Diff: 0.1]
      [Ext Root Scanning (ms): Min: 0.2, Avg: 0.3, Max: 0.3, Diff: 0.1, Sum: 1.6]
      [Update RS (ms): Min: 0.0, Avg: 0.0, Max: 0.0, Diff: 0.0, Sum: 0.1]
         [Processed Buffers: Min: 0, Avg: 1.2, Max: 3, Diff: 3, Sum: 7]
      [Scan RS (ms): Min: 0.0, Avg: 0.1, Max: 0.1, Diff: 0.0, Sum: 0.4]
      [Code Root Scanning (ms): Min: 0.0, Avg: 0.0, Max: 0.0, Diff: 0.0, Sum: 0.0]
      [Object Copy (ms): Min: 0.1, Avg: 0.2, Max: 0.2, Diff: 0.1, Sum: 1.0]
      [Termination (ms): Min: 0.0, Avg: 0.0, Max: 0.0, Diff: 0.0, Sum: 0.1]
         [Termination Attempts: Min: 1, Avg: 1.0, Max: 1, Diff: 0, Sum: 6]
      [GC Worker Other (ms): Min: 0.0, Avg: 0.0, Max: 0.0, Diff: 0.0, Sum: 0.1]
      [GC Worker Total (ms): Min: 0.5, Avg: 0.6, Max: 0.6, Diff: 0.1, Sum: 3.3]
      [GC Worker End (ms): Min: 723214.0, Avg: 723214.0, Max: 723214.0, Diff: 0.0]
   [Code Root Fixup: 0.0 ms]
   [Code Root Purge: 0.0 ms]
   [Clear CT: 0.2 ms]
   [Other: 0.7 ms]
      [Choose CSet: 0.0 ms]
      [Ref Proc: 0.1 ms]
      [Ref Enq: 0.0 ms]
      [Redirty Cards: 0.1 ms]
      [Humongous Register: 0.1 ms]
      [Humongous Reclaim: 0.0 ms]
      [Free CSet: 0.3 ms]
   [Eden: 418.0M(418.0M)->0.0B(417.0M) Survivors: 2048.0K->3072.0K Heap: 480.3M(700.0M)->64141.4K(700.0M)]
 [Times: user=0.00 sys=0.00, real=0.00 secs] 
2024-10-10T18:03:49.606+0300: 723.215: Total time for which application threads were stopped: 0.0018842 seconds, Stopping threads took: 0.0001227 seconds
2024-10-10T18:03:50.611+0300: 724.210: Application time: 0.9948313 seconds
2024-10-10T18:03:50.611+0300: 724.210: Total time for which application threads were stopped: 0.0004444 seconds, Stopping threads took: 0.0003811 seconds
2024-10-10T18:03:54.001+0300: 727.601: Application time: 3.3912327 seconds
2024-10-10T18:03:54.001+0300: 727.602: [GC pause (G1 Evacuation Pause) (young), 0.0014395 secs]
   [Parallel Time: 0.7 ms, GC Workers: 6]
      [GC Worker Start (ms): Min: 727601.9, Avg: 727602.0, Max: 727602.4, Diff: 0.5]
      [Ext Root Scanning (ms): Min: 0.0, Avg: 0.2, Max: 0.3, Diff: 0.3, Sum: 1.4]
      [Update RS (ms): Min: 0.0, Avg: 0.0, Max: 0.0, Diff: 0.0, Sum: 0.1]
         [Processed Buffers: Min: 0, Avg: 1.0, Max: 2, Diff: 2, Sum: 6]
      [Scan RS (ms): Min: 0.0, Avg: 0.1, Max: 0.2, Diff: 0.2, Sum: 0.6]
      [Code Root Scanning (ms): Min: 0.0, Avg: 0.0, Max: 0.0, Diff: 0.0, Sum: 0.0]
      [Object Copy (ms): Min: 0.1, Avg: 0.2, Max: 0.3, Diff: 0.2, Sum: 1.1]
      [Termination (ms): Min: 0.0, Avg: 0.0, Max: 0.1, Diff: 0.1, Sum: 0.3]
         [Termination Attempts: Min: 1, Avg: 1.0, Max: 1, Diff: 0, Sum: 6]
      [GC Worker Other (ms): Min: 0.0, Avg: 0.0, Max: 0.0, Diff: 0.0, Sum: 0.1]
      [GC Worker Total (ms): Min: 0.2, Avg: 0.6, Max: 0.7, Diff: 0.5, Sum: 3.5]
      [GC Worker End (ms): Min: 727602.6, Avg: 727602.6, Max: 727602.6, Diff: 0.0]
   [Code Root Fixup: 0.0 ms]
   [Code Root Purge: 0.0 ms]
   [Clear CT: 0.2 ms]
   [Other: 0.5 ms]
      [Choose CSet: 0.0 ms]
      [Ref Proc: 0.1 ms]
      [Ref Enq: 0.0 ms]
      [Redirty Cards: 0.1 ms]
      [Humongous Register: 0.0 ms]
      [Humongous Reclaim: 0.0 ms]
      [Free CSet: 0.2 ms]
   [Eden: 417.0M(417.0M)->0.0B(417.0M) Survivors: 3072.0K->3072.0K Heap: 479.6M(700.0M)->64297.7K(700.0M)]
 [Times: user=0.00 sys=0.00, real=0.00 secs] 
2024-10-10T18:03:54.004+0300: 727.603: Total time for which application threads were stopped: 0.0019146 seconds, Stopping threads took: 0.0002314 seconds
2024-10-10T18:03:58.429+0300: 732.029: Application time: 4.4258004 seconds
2024-10-10T18:03:58.429+0300: 732.029: [GC pause (G1 Evacuation Pause) (young), 0.0017786 secs]
   [Parallel Time: 0.7 ms, GC Workers: 6]
      [GC Worker Start (ms): Min: 732029.5, Avg: 732029.6, Max: 732029.6, Diff: 0.1]
      [Ext Root Scanning (ms): Min: 0.2, Avg: 0.3, Max: 0.3, Diff: 0.1, Sum: 1.5]
      [Update RS (ms): Min: 0.0, Avg: 0.0, Max: 0.0, Diff: 0.0, Sum: 0.1]
         [Processed Buffers: Min: 0, Avg: 1.0, Max: 2, Diff: 2, Sum: 6]
      [Scan RS (ms): Min: 0.0, Avg: 0.1, Max: 0.1, Diff: 0.1, Sum: 0.4]
      [Code Root Scanning (ms): Min: 0.0, Avg: 0.0, Max: 0.0, Diff: 0.0, Sum: 0.0]
      [Object Copy (ms): Min: 0.1, Avg: 0.2, Max: 0.2, Diff: 0.1, Sum: 0.9]
      [Termination (ms): Min: 0.0, Avg: 0.0, Max: 0.1, Diff: 0.1, Sum: 0.1]
         [Termination Attempts: Min: 1, Avg: 1.0, Max: 1, Diff: 0, Sum: 6]
      [GC Worker Other (ms): Min: 0.0, Avg: 0.0, Max: 0.0, Diff: 0.0, Sum: 0.1]
      [GC Worker Total (ms): Min: 0.5, Avg: 0.5, Max: 0.6, Diff: 0.1, Sum: 3.3]
      [GC Worker End (ms): Min: 732030.1, Avg: 732030.1, Max: 732030.1, Diff: 0.0]
   [Code Root Fixup: 0.0 ms]
   [Code Root Purge: 0.0 ms]
   [Clear CT: 0.2 ms]
   [Other: 0.9 ms]
      [Choose CSet: 0.0 ms]
      [Ref Proc: 0.4 ms]
      [Ref Enq: 0.0 ms]
      [Redirty Cards: 0.1 ms]
      [Humongous Register: 0.0 ms]
      [Humongous Reclaim: 0.0 ms]
      [Free CSet: 0.2 ms]
   [Eden: 417.0M(417.0M)->0.0B(417.0M) Survivors: 3072.0K->3072.0K Heap: 479.8M(700.0M)->64015.6K(700.0M)]
 [Times: user=0.02 sys=0.00, real=0.00 secs] 
2024-10-10T18:03:58.432+0300: 732.031: Total time for which application threads were stopped: 0.0021188 seconds, Stopping threads took: 0.0001382 seconds
2024-10-10T18:04:02.879+0300: 736.483: Application time: 4.4515500 seconds
2024-10-10T18:04:02.879+0300: 736.483: [GC pause (G1 Evacuation Pause) (young), 0.0014231 secs]
   [Parallel Time: 0.7 ms, GC Workers: 6]
      [GC Worker Start (ms): Min: 736483.2, Avg: 736483.2, Max: 736483.3, Diff: 0.1]
      [Ext Root Scanning (ms): Min: 0.2, Avg: 0.2, Max: 0.3, Diff: 0.1, Sum: 1.5]
      [Update RS (ms): Min: 0.0, Avg: 0.0, Max: 0.0, Diff: 0.0, Sum: 0.1]
         [Processed Buffers: Min: 0, Avg: 1.2, Max: 3, Diff: 3, Sum: 7]
      [Scan RS (ms): Min: 0.1, Avg: 0.1, Max: 0.1, Diff: 0.0, Sum: 0.4]
      [Code Root Scanning (ms): Min: 0.0, Avg: 0.0, Max: 0.0, Diff: 0.0, Sum: 0.0]
      [Object Copy (ms): Min: 0.2, Avg: 0.2, Max: 0.2, Diff: 0.0, Sum: 1.3]
      [Termination (ms): Min: 0.0, Avg: 0.0, Max: 0.0, Diff: 0.0, Sum: 0.1]
         [Termination Attempts: Min: 1, Avg: 1.0, Max: 1, Diff: 0, Sum: 6]
      [GC Worker Other (ms): Min: 0.0, Avg: 0.0, Max: 0.0, Diff: 0.0, Sum: 0.1]
      [GC Worker Total (ms): Min: 0.5, Avg: 0.6, Max: 0.6, Diff: 0.1, Sum: 3.4]
      [GC Worker End (ms): Min: 736483.8, Avg: 736483.8, Max: 736483.8, Diff: 0.0]
   [Code Root Fixup: 0.0 ms]
   [Code Root Purge: 0.0 ms]
   [Clear CT: 0.2 ms]
   [Other: 0.6 ms]
      [Choose CSet: 0.0 ms]
      [Ref Proc: 0.1 ms]
      [Ref Enq: 0.0 ms]
      [Redirty Cards: 0.1 ms]
      [Humongous Register: 0.1 ms]
      [Humongous Reclaim: 0.0 ms]
      [Free CSet: 0.2 ms]
   [Eden: 417.0M(417.0M)->0.0B(417.0M) Survivors: 3072.0K->3072.0K Heap: 479.5M(700.0M)->63963.1K(700.0M)]
 [Times: user=0.02 sys=0.00, real=0.00 secs] 
2024-10-10T18:04:02.879+0300: 736.485: Total time for which application threads were stopped: 0.0017693 seconds, Stopping threads took: 0.0001479 seconds
2024-10-10T18:04:06.529+0300: 740.130: Application time: 3.6453019 seconds
2024-10-10T18:04:06.529+0300: 740.130: Total time for which application threads were stopped: 0.0002296 seconds, Stopping threads took: 0.0001746 seconds
2024-10-10T18:04:06.828+0300: 740.436: Application time: 0.3054147 seconds
2024-10-10T18:04:06.828+0300: 740.436: Total time for which application threads were stopped: 0.0001239 seconds, Stopping threads took: 0.0000745 seconds
2024-10-10T18:04:07.047+0300: 740.652: Application time: 0.2167522 seconds
2024-10-10T18:04:07.047+0300: 740.653: Total time for which application threads were stopped: 0.0001525 seconds, Stopping threads took: 0.0001073 seconds
2024-10-10T18:04:07.157+0300: 740.771: Application time: 0.1187142 seconds
2024-10-10T18:04:07.157+0300: 740.771: Total time for which application threads were stopped: 0.0001034 seconds, Stopping threads took: 0.0000641 seconds
2024-10-10T18:04:07.314+0300: 740.917: Application time: 0.1454170 seconds
2024-10-10T18:04:07.314+0300: 740.917: Total time for which application threads were stopped: 0.0002666 seconds, Stopping threads took: 0.0002262 seconds
2024-10-10T18:04:07.549+0300: 741.161: Application time: 0.2437440 seconds
2024-10-10T18:04:07.549+0300: 741.161: [GC pause (G1 Evacuation Pause) (young), 0.0014836 secs]
   [Parallel Time: 0.8 ms, GC Workers: 6]
      [GC Worker Start (ms): Min: 741161.3, Avg: 741161.6, Max: 741161.7, Diff: 0.4]
      [Ext Root Scanning (ms): Min: 0.0, Avg: 0.2, Max: 0.4, Diff: 0.4, Sum: 1.3]
      [Update RS (ms): Min: 0.0, Avg: 0.0, Max: 0.0, Diff: 0.0, Sum: 0.1]
         [Processed Buffers: Min: 0, Avg: 1.5, Max: 3, Diff: 3, Sum: 9]
      [Scan RS (ms): Min: 0.0, Avg: 0.1, Max: 0.1, Diff: 0.1, Sum: 0.4]
      [Code Root Scanning (ms): Min: 0.0, Avg: 0.0, Max: 0.0, Diff: 0.0, Sum: 0.0]
      [Object Copy (ms): Min: 0.1, Avg: 0.1, Max: 0.2, Diff: 0.1, Sum: 0.9]
      [Termination (ms): Min: 0.0, Avg: 0.0, Max: 0.0, Diff: 0.0, Sum: 0.2]
         [Termination Attempts: Min: 1, Avg: 1.0, Max: 1, Diff: 0, Sum: 6]
      [GC Worker Other (ms): Min: 0.0, Avg: 0.0, Max: 0.0, Diff: 0.0, Sum: 0.1]
      [GC Worker Total (ms): Min: 0.3, Avg: 0.5, Max: 0.7, Diff: 0.4, Sum: 2.9]
      [GC Worker End (ms): Min: 741162.0, Avg: 741162.0, Max: 741162.0, Diff: 0.0]
   [Code Root Fixup: 0.0 ms]
   [Code Root Purge: 0.0 ms]
   [Clear CT: 0.2 ms]
   [Other: 0.5 ms]
      [Choose CSet: 0.0 ms]
      [Ref Proc: 0.1 ms]
      [Ref Enq: 0.0 ms]
      [Redirty Cards: 0.1 ms]
      [Humongous Register: 0.1 ms]
      [Humongous Reclaim: 0.0 ms]
      [Free CSet: 0.2 ms]
   [Eden: 417.0M(417.0M)->0.0B(417.0M) Survivors: 3072.0K->3072.0K Heap: 479.5M(700.0M)->64177.4K(700.0M)]
 [Times: user=0.00 sys=0.00, real=0.01 secs] 
2024-10-10T18:04:07.564+0300: 741.163: Total time for which application threads were stopped: 0.0019373 seconds, Stopping threads took: 0.0002339 seconds
2024-10-10T18:04:11.995+0300: 745.598: Application time: 4.4351166 seconds
2024-10-10T18:04:11.995+0300: 745.598: [GC pause (G1 Evacuation Pause) (young), 0.0014836 secs]
   [Parallel Time: 0.7 ms, GC Workers: 6]
      [GC Worker Start (ms): Min: 745598.3, Avg: 745598.4, Max: 745598.4, Diff: 0.1]
      [Ext Root Scanning (ms): Min: 0.2, Avg: 0.3, Max: 0.3, Diff: 0.1, Sum: 1.5]
      [Update RS (ms): Min: 0.0, Avg: 0.0, Max: 0.0, Diff: 0.0, Sum: 0.1]
         [Processed Buffers: Min: 0, Avg: 1.2, Max: 3, Diff: 3, Sum: 7]
      [Scan RS (ms): Min: 0.0, Avg: 0.1, Max: 0.1, Diff: 0.1, Sum: 0.4]
      [Code Root Scanning (ms): Min: 0.0, Avg: 0.0, Max: 0.0, Diff: 0.0, Sum: 0.0]
      [Object Copy (ms): Min: 0.1, Avg: 0.2, Max: 0.2, Diff: 0.1, Sum: 1.2]
      [Termination (ms): Min: 0.0, Avg: 0.0, Max: 0.0, Diff: 0.0, Sum: 0.1]
         [Termination Attempts: Min: 1, Avg: 1.0, Max: 1, Diff: 0, Sum: 6]
      [GC Worker Other (ms): Min: 0.0, Avg: 0.0, Max: 0.0, Diff: 0.0, Sum: 0.1]
      [GC Worker Total (ms): Min: 0.5, Avg: 0.6, Max: 0.6, Diff: 0.1, Sum: 3.4]
      [GC Worker End (ms): Min: 745598.9, Avg: 745598.9, Max: 745598.9, Diff: 0.0]
   [Code Root Fixup: 0.0 ms]
   [Code Root Purge: 0.0 ms]
   [Clear CT: 0.2 ms]
   [Other: 0.6 ms]
      [Choose CSet: 0.0 ms]
      [Ref Proc: 0.1 ms]
      [Ref Enq: 0.0 ms]
      [Redirty Cards: 0.1 ms]
      [Humongous Register: 0.0 ms]
      [Humongous Reclaim: 0.0 ms]
      [Free CSet: 0.2 ms]
   [Eden: 417.0M(417.0M)->0.0B(417.0M) Survivors: 3072.0K->3072.0K Heap: 479.7M(700.0M)->64483.5K(700.0M)]
 [Times: user=0.00 sys=0.00, real=0.00 secs] 
2024-10-10T18:04:11.995+0300: 745.600: Total time for which application threads were stopped: 0.0018921 seconds, Stopping threads took: 0.0001733 seconds
2024-10-10T18:04:16.452+0300: 750.054: Application time: 4.4541694 seconds
2024-10-10T18:04:16.452+0300: 750.054: [GC pause (G1 Evacuation Pause) (young), 0.0018341 secs]
   [Parallel Time: 0.8 ms, GC Workers: 6]
      [GC Worker Start (ms): Min: 750054.6, Avg: 750054.6, Max: 750054.6, Diff: 0.1]
      [Ext Root Scanning (ms): Min: 0.2, Avg: 0.3, Max: 0.6, Diff: 0.3, Sum: 2.0]
      [Update RS (ms): Min: 0.0, Avg: 0.0, Max: 0.0, Diff: 0.0, Sum: 0.1]
         [Processed Buffers: Min: 0, Avg: 0.8, Max: 2, Diff: 2, Sum: 5]
      [Scan RS (ms): Min: 0.0, Avg: 0.1, Max: 0.1, Diff: 0.1, Sum: 0.4]
      [Code Root Scanning (ms): Min: 0.0, Avg: 0.0, Max: 0.0, Diff: 0.0, Sum: 0.0]
      [Object Copy (ms): Min: 0.0, Avg: 0.1, Max: 0.3, Diff: 0.3, Sum: 0.9]
      [Termination (ms): Min: 0.0, Avg: 0.1, Max: 0.1, Diff: 0.1, Sum: 0.3]
         [Termination Attempts: Min: 1, Avg: 1.5, Max: 2, Diff: 1, Sum: 9]
      [GC Worker Other (ms): Min: 0.0, Avg: 0.0, Max: 0.1, Diff: 0.0, Sum: 0.2]
      [GC Worker Total (ms): Min: 0.6, Avg: 0.7, Max: 0.7, Diff: 0.1, Sum: 4.0]
      [GC Worker End (ms): Min: 750055.2, Avg: 750055.3, Max: 750055.3, Diff: 0.0]
   [Code Root Fixup: 0.0 ms]
   [Code Root Purge: 0.0 ms]
   [Clear CT: 0.2 ms]
   [Other: 0.8 ms]
      [Choose CSet: 0.0 ms]
      [Ref Proc: 0.1 ms]
      [Ref Enq: 0.0 ms]
      [Redirty Cards: 0.1 ms]
      [Humongous Register: 0.1 ms]
      [Humongous Reclaim: 0.0 ms]
      [Free CSet: 0.4 ms]
   [Eden: 417.0M(417.0M)->0.0B(417.0M) Survivors: 3072.0K->3072.0K Heap: 480.0M(700.0M)->64170.3K(700.0M)]
 [Times: user=0.00 sys=0.00, real=0.01 secs] 
2024-10-10T18:04:16.457+0300: 750.056: Total time for which application threads were stopped: 0.0023962 seconds, Stopping threads took: 0.0002566 seconds
2024-10-10T18:04:17.472+0300: 751.071: Application time: 1.0148683 seconds
2024-10-10T18:04:17.472+0300: 751.072: Total time for which application threads were stopped: 0.0002956 seconds, Stopping threads took: 0.0002335 seconds
2024-10-10T18:04:20.911+0300: 754.516: Application time: 3.4445500 seconds
2024-10-10T18:04:20.911+0300: 754.516: [GC pause (G1 Evacuation Pause) (young), 0.0015445 secs]
   [Parallel Time: 0.7 ms, GC Workers: 6]
      [GC Worker Start (ms): Min: 754516.6, Avg: 754516.6, Max: 754516.6, Diff: 0.1]
      [Ext Root Scanning (ms): Min: 0.2, Avg: 0.3, Max: 0.3, Diff: 0.1, Sum: 1.6]
      [Update RS (ms): Min: 0.0, Avg: 0.0, Max: 0.0, Diff: 0.0, Sum: 0.1]
         [Processed Buffers: Min: 0, Avg: 1.2, Max: 2, Diff: 2, Sum: 7]
      [Scan RS (ms): Min: 0.0, Avg: 0.1, Max: 0.1, Diff: 0.0, Sum: 0.4]
      [Code Root Scanning (ms): Min: 0.0, Avg: 0.0, Max: 0.0, Diff: 0.0, Sum: 0.0]
      [Object Copy (ms): Min: 0.1, Avg: 0.2, Max: 0.2, Diff: 0.1, Sum: 0.9]
      [Termination (ms): Min: 0.0, Avg: 0.0, Max: 0.0, Diff: 0.0, Sum: 0.1]
         [Termination Attempts: Min: 1, Avg: 1.0, Max: 1, Diff: 0, Sum: 6]
      [GC Worker Other (ms): Min: 0.0, Avg: 0.0, Max: 0.0, Diff: 0.0, Sum: 0.1]
      [GC Worker Total (ms): Min: 0.5, Avg: 0.5, Max: 0.6, Diff: 0.1, Sum: 3.3]
      [GC Worker End (ms): Min: 754517.1, Avg: 754517.1, Max: 754517.1, Diff: 0.0]
   [Code Root Fixup: 0.0 ms]
   [Code Root Purge: 0.0 ms]
   [Clear CT: 0.2 ms]
   [Other: 0.7 ms]
      [Choose CSet: 0.0 ms]
      [Ref Proc: 0.1 ms]
      [Ref Enq: 0.0 ms]
      [Redirty Cards: 0.1 ms]
      [Humongous Register: 0.1 ms]
      [Humongous Reclaim: 0.0 ms]
      [Free CSet: 0.3 ms]
   [Eden: 417.0M(417.0M)->0.0B(418.0M) Survivors: 3072.0K->2048.0K Heap: 479.7M(700.0M)->63525.5K(700.0M)]
 [Times: user=0.00 sys=0.00, real=0.01 secs] 
2024-10-10T18:04:20.919+0300: 754.518: Total time for which application threads were stopped: 0.0019487 seconds, Stopping threads took: 0.0001597 seconds
2024-10-10T18:04:25.321+0300: 758.924: Application time: 4.4055106 seconds
2024-10-10T18:04:25.321+0300: 758.924: [GC pause (G1 Evacuation Pause) (young), 0.0013694 secs]
   [Parallel Time: 0.6 ms, GC Workers: 6]
      [GC Worker Start (ms): Min: 758924.1, Avg: 758924.1, Max: 758924.1, Diff: 0.1]
      [Ext Root Scanning (ms): Min: 0.2, Avg: 0.2, Max: 0.3, Diff: 0.0, Sum: 1.5]
      [Update RS (ms): Min: 0.0, Avg: 0.0, Max: 0.0, Diff: 0.0, Sum: 0.1]
         [Processed Buffers: Min: 0, Avg: 1.0, Max: 2, Diff: 2, Sum: 6]
      [Scan RS (ms): Min: 0.0, Avg: 0.1, Max: 0.1, Diff: 0.1, Sum: 0.4]
      [Code Root Scanning (ms): Min: 0.0, Avg: 0.0, Max: 0.0, Diff: 0.0, Sum: 0.0]
      [Object Copy (ms): Min: 0.1, Avg: 0.1, Max: 0.2, Diff: 0.2, Sum: 0.9]
      [Termination (ms): Min: 0.0, Avg: 0.0, Max: 0.0, Diff: 0.0, Sum: 0.1]
         [Termination Attempts: Min: 1, Avg: 1.0, Max: 1, Diff: 0, Sum: 6]
      [GC Worker Other (ms): Min: 0.0, Avg: 0.0, Max: 0.0, Diff: 0.0, Sum: 0.1]
      [GC Worker Total (ms): Min: 0.5, Avg: 0.5, Max: 0.5, Diff: 0.1, Sum: 3.0]
      [GC Worker End (ms): Min: 758924.6, Avg: 758924.6, Max: 758924.6, Diff: 0.0]
   [Code Root Fixup: 0.0 ms]
   [Code Root Purge: 0.0 ms]
   [Clear CT: 0.2 ms]
   [Other: 0.6 ms]
      [Choose CSet: 0.0 ms]
      [Ref Proc: 0.1 ms]
      [Ref Enq: 0.0 ms]
      [Redirty Cards: 0.1 ms]
      [Humongous Register: 0.0 ms]
      [Humongous Reclaim: 0.0 ms]
      [Free CSet: 0.2 ms]
   [Eden: 418.0M(418.0M)->0.0B(418.0M) Survivors: 2048.0K->2048.0K Heap: 480.0M(700.0M)->63533.3K(700.0M)]
 [Times: user=0.00 sys=0.00, real=0.01 secs] 
2024-10-10T18:04:25.327+0300: 758.926: Total time for which application threads were stopped: 0.0019142 seconds, Stopping threads took: 0.0003240 seconds
2024-10-10T18:04:29.714+0300: 763.321: Application time: 4.3957562 seconds
2024-10-10T18:04:29.714+0300: 763.322: [GC pause (G1 Evacuation Pause) (young), 0.0018259 secs]
   [Parallel Time: 0.7 ms, GC Workers: 6]
      [GC Worker Start (ms): Min: 763321.8, Avg: 763321.9, Max: 763322.0, Diff: 0.1]
      [Ext Root Scanning (ms): Min: 0.2, Avg: 0.3, Max: 0.3, Diff: 0.1, Sum: 1.7]
      [Update RS (ms): Min: 0.0, Avg: 0.0, Max: 0.0, Diff: 0.0, Sum: 0.1]
         [Processed Buffers: Min: 0, Avg: 0.8, Max: 2, Diff: 2, Sum: 5]
      [Scan RS (ms): Min: 0.0, Avg: 0.1, Max: 0.1, Diff: 0.1, Sum: 0.5]
      [Code Root Scanning (ms): Min: 0.0, Avg: 0.0, Max: 0.0, Diff: 0.0, Sum: 0.0]
      [Object Copy (ms): Min: 0.1, Avg: 0.1, Max: 0.2, Diff: 0.1, Sum: 0.9]
      [Termination (ms): Min: 0.0, Avg: 0.0, Max: 0.0, Diff: 0.0, Sum: 0.1]
         [Termination Attempts: Min: 1, Avg: 1.0, Max: 1, Diff: 0, Sum: 6]
      [GC Worker Other (ms): Min: 0.0, Avg: 0.0, Max: 0.0, Diff: 0.0, Sum: 0.1]
      [GC Worker Total (ms): Min: 0.5, Avg: 0.6, Max: 0.6, Diff: 0.1, Sum: 3.4]
      [GC Worker End (ms): Min: 763322.5, Avg: 763322.5, Max: 763322.5, Diff: 0.0]
   [Code Root Fixup: 0.0 ms]
   [Code Root Purge: 0.0 ms]
   [Clear CT: 0.2 ms]
   [Other: 0.9 ms]
      [Choose CSet: 0.0 ms]
      [Ref Proc: 0.2 ms]
      [Ref Enq: 0.0 ms]
      [Redirty Cards: 0.1 ms]
      [Humongous Register: 0.1 ms]
      [Humongous Reclaim: 0.0 ms]
      [Free CSet: 0.4 ms]
   [Eden: 418.0M(418.0M)->0.0B(418.0M) Survivors: 2048.0K->2048.0K Heap: 480.0M(700.0M)->63425.2K(700.0M)]
 [Times: user=0.00 sys=0.00, real=0.00 secs] 
2024-10-10T18:04:29.714+0300: 763.324: Total time for which application threads were stopped: 0.0023903 seconds, Stopping threads took: 0.0002801 seconds
2024-10-10T18:04:34.156+0300: 767.765: Application time: 4.4415019 seconds
2024-10-10T18:04:34.156+0300: 767.765: [GC pause (G1 Evacuation Pause) (young), 0.0017140 secs]
   [Parallel Time: 0.7 ms, GC Workers: 6]
      [GC Worker Start (ms): Min: 767765.6, Avg: 767765.7, Max: 767765.7, Diff: 0.1]
      [Ext Root Scanning (ms): Min: 0.2, Avg: 0.3, Max: 0.3, Diff: 0.1, Sum: 1.6]
      [Update RS (ms): Min: 0.0, Avg: 0.0, Max: 0.0, Diff: 0.0, Sum: 0.1]
         [Processed Buffers: Min: 0, Avg: 0.8, Max: 2, Diff: 2, Sum: 5]
      [Scan RS (ms): Min: 0.0, Avg: 0.1, Max: 0.1, Diff: 0.0, Sum: 0.4]
      [Code Root Scanning (ms): Min: 0.0, Avg: 0.0, Max: 0.0, Diff: 0.0, Sum: 0.0]
      [Object Copy (ms): Min: 0.1, Avg: 0.2, Max: 0.2, Diff: 0.1, Sum: 1.1]
      [Termination (ms): Min: 0.0, Avg: 0.0, Max: 0.1, Diff: 0.0, Sum: 0.1]
         [Termination Attempts: Min: 1, Avg: 1.0, Max: 1, Diff: 0, Sum: 6]
      [GC Worker Other (ms): Min: 0.0, Avg: 0.0, Max: 0.0, Diff: 0.0, Sum: 0.1]
      [GC Worker Total (ms): Min: 0.5, Avg: 0.6, Max: 0.6, Diff: 0.1, Sum: 3.4]
      [GC Worker End (ms): Min: 767766.2, Avg: 767766.2, Max: 767766.2, Diff: 0.0]
   [Code Root Fixup: 0.0 ms]
   [Code Root Purge: 0.0 ms]
   [Clear CT: 0.2 ms]
   [Other: 0.8 ms]
      [Choose CSet: 0.0 ms]
      [Ref Proc: 0.1 ms]
      [Ref Enq: 0.0 ms]
      [Redirty Cards: 0.1 ms]
      [Humongous Register: 0.1 ms]
      [Humongous Reclaim: 0.0 ms]
      [Free CSet: 0.4 ms]
   [Eden: 418.0M(418.0M)->0.0B(417.0M) Survivors: 2048.0K->3072.0K Heap: 479.9M(700.0M)->64053.6K(700.0M)]
 [Times: user=0.00 sys=0.00, real=0.00 secs] 
2024-10-10T18:04:34.156+0300: 767.767: Total time for which application threads were stopped: 0.0022425 seconds, Stopping threads took: 0.0002474 seconds
2024-10-10T18:04:38.583+0300: 772.192: Application time: 4.4248563 seconds
2024-10-10T18:04:38.583+0300: 772.193: [GC pause (G1 Evacuation Pause) (young), 0.0013180 secs]
   [Parallel Time: 0.6 ms, GC Workers: 6]
      [GC Worker Start (ms): Min: 772192.6, Avg: 772192.7, Max: 772192.7, Diff: 0.0]
      [Ext Root Scanning (ms): Min: 0.2, Avg: 0.2, Max: 0.3, Diff: 0.0, Sum: 1.5]
      [Update RS (ms): Min: 0.0, Avg: 0.0, Max: 0.0, Diff: 0.0, Sum: 0.1]
         [Processed Buffers: Min: 0, Avg: 0.8, Max: 1, Diff: 1, Sum: 5]
      [Scan RS (ms): Min: 0.0, Avg: 0.1, Max: 0.1, Diff: 0.0, Sum: 0.4]
      [Code Root Scanning (ms): Min: 0.0, Avg: 0.0, Max: 0.0, Diff: 0.0, Sum: 0.0]
      [Object Copy (ms): Min: 0.1, Avg: 0.2, Max: 0.2, Diff: 0.1, Sum: 1.0]
      [Termination (ms): Min: 0.0, Avg: 0.0, Max: 0.0, Diff: 0.0, Sum: 0.1]
         [Termination Attempts: Min: 1, Avg: 1.0, Max: 1, Diff: 0, Sum: 6]
      [GC Worker Other (ms): Min: 0.0, Avg: 0.0, Max: 0.0, Diff: 0.0, Sum: 0.1]
      [GC Worker Total (ms): Min: 0.5, Avg: 0.5, Max: 0.6, Diff: 0.1, Sum: 3.2]
      [GC Worker End (ms): Min: 772193.2, Avg: 772193.2, Max: 772193.2, Diff: 0.0]
   [Code Root Fixup: 0.0 ms]
   [Code Root Purge: 0.0 ms]
   [Clear CT: 0.2 ms]
   [Other: 0.6 ms]
      [Choose CSet: 0.0 ms]
      [Ref Proc: 0.1 ms]
      [Ref Enq: 0.0 ms]
      [Redirty Cards: 0.1 ms]
      [Humongous Register: 0.0 ms]
      [Humongous Reclaim: 0.0 ms]
      [Free CSet: 0.2 ms]
   [Eden: 417.0M(417.0M)->0.0B(417.0M) Survivors: 3072.0K->3072.0K Heap: 479.6M(700.0M)->64269.0K(700.0M)]
 [Times: user=0.00 sys=0.00, real=0.00 secs] 
2024-10-10T18:04:38.583+0300: 772.194: Total time for which application threads were stopped: 0.0017203 seconds, Stopping threads took: 0.0002170 seconds
2024-10-10T18:04:42.993+0300: 776.600: Application time: 4.4062749 seconds
2024-10-10T18:04:42.993+0300: 776.601: [GC pause (G1 Evacuation Pause) (young), 0.0020843 secs]
   [Parallel Time: 0.7 ms, GC Workers: 6]
      [GC Worker Start (ms): Min: 776600.6, Avg: 776600.6, Max: 776600.7, Diff: 0.1]
      [Ext Root Scanning (ms): Min: 0.2, Avg: 0.3, Max: 0.3, Diff: 0.1, Sum: 1.6]
      [Update RS (ms): Min: 0.0, Avg: 0.0, Max: 0.0, Diff: 0.0, Sum: 0.1]
         [Processed Buffers: Min: 0, Avg: 0.8, Max: 2, Diff: 2, Sum: 5]
      [Scan RS (ms): Min: 0.1, Avg: 0.1, Max: 0.1, Diff: 0.0, Sum: 0.4]
      [Code Root Scanning (ms): Min: 0.0, Avg: 0.0, Max: 0.0, Diff: 0.0, Sum: 0.0]
      [Object Copy (ms): Min: 0.2, Avg: 0.2, Max: 0.2, Diff: 0.1, Sum: 1.2]
      [Termination (ms): Min: 0.0, Avg: 0.0, Max: 0.1, Diff: 0.1, Sum: 0.2]
         [Termination Attempts: Min: 1, Avg: 1.0, Max: 1, Diff: 0, Sum: 6]
      [GC Worker Other (ms): Min: 0.0, Avg: 0.0, Max: 0.0, Diff: 0.0, Sum: 0.1]
      [GC Worker Total (ms): Min: 0.6, Avg: 0.6, Max: 0.6, Diff: 0.1, Sum: 3.5]
      [GC Worker End (ms): Min: 776601.2, Avg: 776601.2, Max: 776601.2, Diff: 0.0]
   [Code Root Fixup: 0.0 ms]
   [Code Root Purge: 0.0 ms]
   [Clear CT: 0.2 ms]
   [Other: 1.2 ms]
      [Choose CSet: 0.0 ms]
      [Ref Proc: 0.1 ms]
      [Ref Enq: 0.0 ms]
      [Redirty Cards: 0.4 ms]
      [Humongous Register: 0.0 ms]
      [Humongous Reclaim: 0.0 ms]
      [Free CSet: 0.5 ms]
   [Eden: 417.0M(417.0M)->0.0B(417.0M) Survivors: 3072.0K->3072.0K Heap: 479.8M(700.0M)->64086.6K(700.0M)]
 [Times: user=0.00 sys=0.00, real=0.01 secs] 
2024-10-10T18:04:43.003+0300: 776.603: Total time for which application threads were stopped: 0.0024848 seconds, Stopping threads took: 0.0001585 seconds
2024-10-10T18:04:47.450+0300: 781.059: Application time: 4.4559212 seconds
2024-10-10T18:04:47.450+0300: 781.059: [GC pause (G1 Evacuation Pause) (young), 0.0015449 secs]
   [Parallel Time: 0.7 ms, GC Workers: 6]
      [GC Worker Start (ms): Min: 781059.0, Avg: 781059.0, Max: 781059.0, Diff: 0.1]
      [Ext Root Scanning (ms): Min: 0.2, Avg: 0.3, Max: 0.3, Diff: 0.1, Sum: 1.6]
      [Update RS (ms): Min: 0.0, Avg: 0.0, Max: 0.1, Diff: 0.1, Sum: 0.1]
         [Processed Buffers: Min: 0, Avg: 0.8, Max: 2, Diff: 2, Sum: 5]
      [Scan RS (ms): Min: 0.0, Avg: 0.1, Max: 0.1, Diff: 0.1, Sum: 0.5]
      [Code Root Scanning (ms): Min: 0.0, Avg: 0.0, Max: 0.0, Diff: 0.0, Sum: 0.0]
      [Object Copy (ms): Min: 0.2, Avg: 0.2, Max: 0.3, Diff: 0.1, Sum: 1.2]
      [Termination (ms): Min: 0.0, Avg: 0.0, Max: 0.0, Diff: 0.0, Sum: 0.0]
         [Termination Attempts: Min: 1, Avg: 2.7, Max: 4, Diff: 3, Sum: 16]
      [GC Worker Other (ms): Min: 0.0, Avg: 0.0, Max: 0.1, Diff: 0.0, Sum: 0.2]
      [GC Worker Total (ms): Min: 0.6, Avg: 0.6, Max: 0.6, Diff: 0.1, Sum: 3.6]
      [GC Worker End (ms): Min: 781059.6, Avg: 781059.6, Max: 781059.6, Diff: 0.0]
   [Code Root Fixup: 0.0 ms]
   [Code Root Purge: 0.0 ms]
   [Clear CT: 0.2 ms]
   [Other: 0.7 ms]
      [Choose CSet: 0.0 ms]
      [Ref Proc: 0.1 ms]
      [Ref Enq: 0.0 ms]
      [Redirty Cards: 0.1 ms]
      [Humongous Register: 0.0 ms]
      [Humongous Reclaim: 0.0 ms]
      [Free CSet: 0.3 ms]
   [Eden: 417.0M(417.0M)->0.0B(418.0M) Survivors: 3072.0K->2048.0K Heap: 479.6M(700.0M)->63585.6K(700.0M)]
 [Times: user=0.00 sys=0.00, real=0.01 secs] 
2024-10-10T18:04:47.461+0300: 781.061: Total time for which application threads were stopped: 0.0018698 seconds, Stopping threads took: 0.0001284 seconds
2024-10-10T18:04:51.859+0300: 785.468: Application time: 4.4070670 seconds
2024-10-10T18:04:51.859+0300: 785.468: [GC pause (G1 Evacuation Pause) (young), 0.0013487 secs]
   [Parallel Time: 0.7 ms, GC Workers: 6]
      [GC Worker Start (ms): Min: 785467.9, Avg: 785468.0, Max: 785468.4, Diff: 0.5]
      [Ext Root Scanning (ms): Min: 0.0, Avg: 0.2, Max: 0.3, Diff: 0.3, Sum: 1.3]
      [Update RS (ms): Min: 0.0, Avg: 0.0, Max: 0.0, Diff: 0.0, Sum: 0.1]
         [Processed Buffers: Min: 0, Avg: 1.0, Max: 4, Diff: 4, Sum: 6]
      [Scan RS (ms): Min: 0.0, Avg: 0.1, Max: 0.1, Diff: 0.1, Sum: 0.4]
      [Code Root Scanning (ms): Min: 0.0, Avg: 0.0, Max: 0.0, Diff: 0.0, Sum: 0.0]
      [Object Copy (ms): Min: 0.0, Avg: 0.1, Max: 0.2, Diff: 0.2, Sum: 0.6]
      [Termination (ms): Min: 0.0, Avg: 0.0, Max: 0.0, Diff: 0.0, Sum: 0.2]
         [Termination Attempts: Min: 1, Avg: 1.5, Max: 3, Diff: 2, Sum: 9]
      [GC Worker Other (ms): Min: 0.0, Avg: 0.0, Max: 0.0, Diff: 0.0, Sum: 0.0]
      [GC Worker Total (ms): Min: 0.0, Avg: 0.4, Max: 0.6, Diff: 0.5, Sum: 2.7]
      [GC Worker End (ms): Min: 785468.4, Avg: 785468.4, Max: 785468.5, Diff: 0.0]
   [Code Root Fixup: 0.0 ms]
   [Code Root Purge: 0.0 ms]
   [Clear CT: 0.1 ms]
   [Other: 0.5 ms]
      [Choose CSet: 0.0 ms]
      [Ref Proc: 0.1 ms]
      [Ref Enq: 0.0 ms]
      [Redirty Cards: 0.1 ms]
      [Humongous Register: 0.0 ms]
      [Humongous Reclaim: 0.0 ms]
      [Free CSet: 0.2 ms]
   [Eden: 418.0M(418.0M)->0.0B(418.0M) Survivors: 2048.0K->2048.0K Heap: 480.1M(700.0M)->63657.4K(700.0M)]
 [Times: user=0.03 sys=0.00, real=0.01 secs] 
2024-10-10T18:04:51.869+0300: 785.469: Total time for which application threads were stopped: 0.0017534 seconds, Stopping threads took: 0.0001401 seconds
2024-10-10T18:04:56.300+0300: 789.902: Application time: 4.4329809 seconds
2024-10-10T18:04:56.300+0300: 789.903: [GC pause (G1 Evacuation Pause) (young), 0.0018324 secs]
   [Parallel Time: 0.7 ms, GC Workers: 6]
      [GC Worker Start (ms): Min: 789902.8, Avg: 789902.9, Max: 789903.1, Diff: 0.3]
      [Ext Root Scanning (ms): Min: 0.0, Avg: 0.2, Max: 0.3, Diff: 0.3, Sum: 1.4]
      [Update RS (ms): Min: 0.0, Avg: 0.0, Max: 0.0, Diff: 0.0, Sum: 0.1]
         [Processed Buffers: Min: 0, Avg: 0.7, Max: 1, Diff: 1, Sum: 4]
      [Scan RS (ms): Min: 0.0, Avg: 0.1, Max: 0.1, Diff: 0.0, Sum: 0.4]
      [Code Root Scanning (ms): Min: 0.0, Avg: 0.0, Max: 0.0, Diff: 0.0, Sum: 0.0]
      [Object Copy (ms): Min: 0.1, Avg: 0.2, Max: 0.2, Diff: 0.1, Sum: 1.0]
      [Termination (ms): Min: 0.0, Avg: 0.0, Max: 0.0, Diff: 0.0, Sum: 0.0]
         [Termination Attempts: Min: 1, Avg: 1.2, Max: 2, Diff: 1, Sum: 7]
      [GC Worker Other (ms): Min: 0.0, Avg: 0.0, Max: 0.0, Diff: 0.0, Sum: 0.1]
      [GC Worker Total (ms): Min: 0.3, Avg: 0.5, Max: 0.6, Diff: 0.3, Sum: 3.1]
      [GC Worker End (ms): Min: 789903.4, Avg: 789903.4, Max: 789903.4, Diff: 0.0]
   [Code Root Fixup: 0.0 ms]
   [Code Root Purge: 0.0 ms]
   [Clear CT: 0.2 ms]
   [Other: 0.9 ms]
      [Choose CSet: 0.0 ms]
      [Ref Proc: 0.2 ms]
      [Ref Enq: 0.0 ms]
      [Redirty Cards: 0.1 ms]
      [Humongous Register: 0.1 ms]
      [Humongous Reclaim: 0.0 ms]
      [Free CSet: 0.4 ms]
   [Eden: 418.0M(418.0M)->0.0B(417.0M) Survivors: 2048.0K->3072.0K Heap: 480.2M(700.0M)->64088.2K(700.0M)]
 [Times: user=0.00 sys=0.00, real=0.01 secs] 
2024-10-10T18:04:56.306+0300: 789.905: Total time for which application threads were stopped: 0.0022908 seconds, Stopping threads took: 0.0001767 seconds
2024-10-10T18:05:00.726+0300: 794.332: Application time: 4.4271908 seconds
2024-10-10T18:05:00.726+0300: 794.332: [GC pause (G1 Evacuation Pause) (young), 0.0016957 secs]
   [Parallel Time: 0.7 ms, GC Workers: 6]
      [GC Worker Start (ms): Min: 794332.2, Avg: 794332.3, Max: 794332.3, Diff: 0.1]
      [Ext Root Scanning (ms): Min: 0.2, Avg: 0.3, Max: 0.3, Diff: 0.1, Sum: 1.6]
      [Update RS (ms): Min: 0.0, Avg: 0.0, Max: 0.0, Diff: 0.0, Sum: 0.1]
         [Processed Buffers: Min: 0, Avg: 0.7, Max: 2, Diff: 2, Sum: 4]
      [Scan RS (ms): Min: 0.0, Avg: 0.1, Max: 0.1, Diff: 0.1, Sum: 0.5]
      [Code Root Scanning (ms): Min: 0.0, Avg: 0.0, Max: 0.0, Diff: 0.0, Sum: 0.0]
      [Object Copy (ms): Min: 0.1, Avg: 0.2, Max: 0.2, Diff: 0.1, Sum: 1.1]
      [Termination (ms): Min: 0.0, Avg: 0.0, Max: 0.0, Diff: 0.0, Sum: 0.0]
         [Termination Attempts: Min: 1, Avg: 1.7, Max: 3, Diff: 2, Sum: 10]
      [GC Worker Other (ms): Min: 0.0, Avg: 0.0, Max: 0.0, Diff: 0.0, Sum: 0.2]
      [GC Worker Total (ms): Min: 0.5, Avg: 0.6, Max: 0.6, Diff: 0.1, Sum: 3.4]
      [GC Worker End (ms): Min: 794332.8, Avg: 794332.8, Max: 794332.9, Diff: 0.0]
   [Code Root Fixup: 0.0 ms]
   [Code Root Purge: 0.0 ms]
   [Clear CT: 0.3 ms]
   [Other: 0.7 ms]
      [Choose CSet: 0.0 ms]
      [Ref Proc: 0.1 ms]
      [Ref Enq: 0.0 ms]
      [Redirty Cards: 0.1 ms]
      [Humongous Register: 0.1 ms]
      [Humongous Reclaim: 0.0 ms]
      [Free CSet: 0.3 ms]
   [Eden: 417.0M(417.0M)->0.0B(418.0M) Survivors: 3072.0K->2048.0K Heap: 479.6M(700.0M)->63906.6K(700.0M)]
 [Times: user=0.00 sys=0.00, real=0.01 secs] 
2024-10-10T18:05:00.734+0300: 794.334: Total time for which application threads were stopped: 0.0021238 seconds, Stopping threads took: 0.0001951 seconds
2024-10-10T18:05:05.171+0300: 798.783: Application time: 4.4494240 seconds
2024-10-10T18:05:05.171+0300: 798.784: [GC pause (G1 Evacuation Pause) (young), 0.0017441 secs]
   [Parallel Time: 0.9 ms, GC Workers: 6]
      [GC Worker Start (ms): Min: 798783.8, Avg: 798784.0, Max: 798784.1, Diff: 0.3]
      [Ext Root Scanning (ms): Min: 0.2, Avg: 0.3, Max: 0.5, Diff: 0.3, Sum: 1.6]
      [Update RS (ms): Min: 0.0, Avg: 0.0, Max: 0.0, Diff: 0.0, Sum: 0.1]
         [Processed Buffers: Min: 0, Avg: 0.7, Max: 2, Diff: 2, Sum: 4]
      [Scan RS (ms): Min: 0.0, Avg: 0.1, Max: 0.1, Diff: 0.1, Sum: 0.5]
      [Code Root Scanning (ms): Min: 0.0, Avg: 0.0, Max: 0.0, Diff: 0.0, Sum: 0.0]
      [Object Copy (ms): Min: 0.1, Avg: 0.2, Max: 0.2, Diff: 0.1, Sum: 0.9]
      [Termination (ms): Min: 0.0, Avg: 0.0, Max: 0.0, Diff: 0.0, Sum: 0.1]
         [Termination Attempts: Min: 1, Avg: 1.0, Max: 1, Diff: 0, Sum: 6]
      [GC Worker Other (ms): Min: 0.0, Avg: 0.0, Max: 0.0, Diff: 0.0, Sum: 0.2]
      [GC Worker Total (ms): Min: 0.5, Avg: 0.6, Max: 0.8, Diff: 0.3, Sum: 3.4]
      [GC Worker End (ms): Min: 798784.5, Avg: 798784.6, Max: 798784.6, Diff: 0.0]
   [Code Root Fixup: 0.0 ms]
   [Code Root Purge: 0.0 ms]
   [Clear CT: 0.2 ms]
   [Other: 0.7 ms]
      [Choose CSet: 0.0 ms]
      [Ref Proc: 0.1 ms]
      [Ref Enq: 0.0 ms]
      [Redirty Cards: 0.1 ms]
      [Humongous Register: 0.1 ms]
      [Humongous Reclaim: 0.0 ms]
      [Free CSet: 0.3 ms]
   [Eden: 418.0M(418.0M)->0.0B(418.0M) Survivors: 2048.0K->2048.0K Heap: 480.4M(700.0M)->63895.6K(700.0M)]
 [Times: user=0.00 sys=0.00, real=0.02 secs] 
2024-10-10T18:05:05.186+0300: 798.786: Total time for which application threads were stopped: 0.0021572 seconds, Stopping threads took: 0.0001680 seconds
2024-10-10T18:05:09.626+0300: 803.227: Application time: 4.4413680 seconds
2024-10-10T18:05:09.626+0300: 803.227: [GC pause (G1 Evacuation Pause) (young), 0.0017022 secs]
   [Parallel Time: 0.8 ms, GC Workers: 6]
      [GC Worker Start (ms): Min: 803227.3, Avg: 803227.5, Max: 803227.6, Diff: 0.3]
      [Ext Root Scanning (ms): Min: 0.2, Avg: 0.3, Max: 0.5, Diff: 0.3, Sum: 1.6]
      [Update RS (ms): Min: 0.0, Avg: 0.0, Max: 0.1, Diff: 0.1, Sum: 0.1]
         [Processed Buffers: Min: 0, Avg: 0.8, Max: 2, Diff: 2, Sum: 5]
      [Scan RS (ms): Min: 0.0, Avg: 0.1, Max: 0.1, Diff: 0.1, Sum: 0.4]
      [Code Root Scanning (ms): Min: 0.0, Avg: 0.0, Max: 0.0, Diff: 0.0, Sum: 0.0]
      [Object Copy (ms): Min: 0.1, Avg: 0.2, Max: 0.3, Diff: 0.2, Sum: 1.1]
      [Termination (ms): Min: 0.0, Avg: 0.0, Max: 0.1, Diff: 0.1, Sum: 0.3]
         [Termination Attempts: Min: 1, Avg: 1.5, Max: 2, Diff: 1, Sum: 9]
      [GC Worker Other (ms): Min: 0.0, Avg: 0.0, Max: 0.0, Diff: 0.0, Sum: 0.1]
      [GC Worker Total (ms): Min: 0.5, Avg: 0.6, Max: 0.8, Diff: 0.3, Sum: 3.6]
      [GC Worker End (ms): Min: 803228.1, Avg: 803228.1, Max: 803228.1, Diff: 0.0]
   [Code Root Fixup: 0.0 ms]
   [Code Root Purge: 0.0 ms]
   [Clear CT: 0.2 ms]
   [Other: 0.7 ms]
      [Choose CSet: 0.0 ms]
      [Ref Proc: 0.1 ms]
      [Ref Enq: 0.0 ms]
      [Redirty Cards: 0.1 ms]
      [Humongous Register: 0.0 ms]
      [Humongous Reclaim: 0.0 ms]
      [Free CSet: 0.3 ms]
   [Eden: 418.0M(418.0M)->0.0B(417.0M) Survivors: 2048.0K->3072.0K Heap: 480.4M(700.0M)->64101.6K(700.0M)]
 [Times: user=0.00 sys=0.00, real=0.00 secs] 
2024-10-10T18:05:09.630+0300: 803.229: Total time for which application threads were stopped: 0.0021100 seconds, Stopping threads took: 0.0001830 seconds
2024-10-10T18:05:14.053+0300: 807.657: Application time: 4.4282636 seconds
2024-10-10T18:05:14.053+0300: 807.658: [GC pause (G1 Evacuation Pause) (young), 0.0013843 secs]
   [Parallel Time: 0.6 ms, GC Workers: 6]
      [GC Worker Start (ms): Min: 807657.6, Avg: 807657.7, Max: 807657.7, Diff: 0.0]
      [Ext Root Scanning (ms): Min: 0.2, Avg: 0.3, Max: 0.3, Diff: 0.0, Sum: 1.5]
      [Update RS (ms): Min: 0.0, Avg: 0.0, Max: 0.0, Diff: 0.0, Sum: 0.1]
         [Processed Buffers: Min: 0, Avg: 0.8, Max: 2, Diff: 2, Sum: 5]
      [Scan RS (ms): Min: 0.0, Avg: 0.1, Max: 0.1, Diff: 0.1, Sum: 0.4]
      [Code Root Scanning (ms): Min: 0.0, Avg: 0.0, Max: 0.0, Diff: 0.0, Sum: 0.0]
      [Object Copy (ms): Min: 0.2, Avg: 0.2, Max: 0.3, Diff: 0.1, Sum: 1.2]
      [Termination (ms): Min: 0.0, Avg: 0.0, Max: 0.0, Diff: 0.0, Sum: 0.0]
         [Termination Attempts: Min: 1, Avg: 2.0, Max: 3, Diff: 2, Sum: 12]
      [GC Worker Other (ms): Min: 0.0, Avg: 0.0, Max: 0.0, Diff: 0.0, Sum: 0.1]
      [GC Worker Total (ms): Min: 0.5, Avg: 0.6, Max: 0.6, Diff: 0.1, Sum: 3.4]
      [GC Worker End (ms): Min: 807658.2, Avg: 807658.2, Max: 807658.2, Diff: 0.0]
   [Code Root Fixup: 0.0 ms]
   [Code Root Purge: 0.0 ms]
   [Clear CT: 0.2 ms]
   [Other: 0.6 ms]
      [Choose CSet: 0.0 ms]
      [Ref Proc: 0.1 ms]
      [Ref Enq: 0.0 ms]
      [Redirty Cards: 0.1 ms]
      [Humongous Register: 0.0 ms]
      [Humongous Reclaim: 0.0 ms]
      [Free CSet: 0.2 ms]
   [Eden: 417.0M(417.0M)->0.0B(417.0M) Survivors: 3072.0K->3072.0K Heap: 479.6M(700.0M)->64154.9K(700.0M)]
 [Times: user=0.00 sys=0.00, real=0.00 secs] 
2024-10-10T18:05:14.053+0300: 807.659: Total time for which application threads were stopped: 0.0017419 seconds, Stopping threads took: 0.0001677 seconds
2024-10-10T18:05:18.494+0300: 812.102: Application time: 4.4426111 seconds
2024-10-10T18:05:18.494+0300: 812.102: [GC pause (G1 Evacuation Pause) (young), 0.0016185 secs]
   [Parallel Time: 0.9 ms, GC Workers: 6]
      [GC Worker Start (ms): Min: 812102.1, Avg: 812102.2, Max: 812102.2, Diff: 0.1]
      [Ext Root Scanning (ms): Min: 0.2, Avg: 0.3, Max: 0.3, Diff: 0.1, Sum: 1.6]
      [Update RS (ms): Min: 0.0, Avg: 0.0, Max: 0.1, Diff: 0.1, Sum: 0.2]
         [Processed Buffers: Min: 0, Avg: 1.3, Max: 5, Diff: 5, Sum: 8]
      [Scan RS (ms): Min: 0.0, Avg: 0.1, Max: 0.1, Diff: 0.1, Sum: 0.4]
      [Code Root Scanning (ms): Min: 0.0, Avg: 0.0, Max: 0.0, Diff: 0.0, Sum: 0.0]
      [Object Copy (ms): Min: 0.1, Avg: 0.2, Max: 0.3, Diff: 0.1, Sum: 1.2]
      [Termination (ms): Min: 0.0, Avg: 0.0, Max: 0.0, Diff: 0.0, Sum: 0.0]
         [Termination Attempts: Min: 1, Avg: 1.2, Max: 2, Diff: 1, Sum: 7]
      [GC Worker Other (ms): Min: 0.0, Avg: 0.0, Max: 0.1, Diff: 0.0, Sum: 0.2]
      [GC Worker Total (ms): Min: 0.6, Avg: 0.6, Max: 0.6, Diff: 0.1, Sum: 3.7]
      [GC Worker End (ms): Min: 812102.8, Avg: 812102.8, Max: 812102.8, Diff: 0.0]
   [Code Root Fixup: 0.0 ms]
   [Code Root Purge: 0.0 ms]
   [Clear CT: 0.1 ms]
   [Other: 0.6 ms]
      [Choose CSet: 0.0 ms]
      [Ref Proc: 0.1 ms]
      [Ref Enq: 0.0 ms]
      [Redirty Cards: 0.1 ms]
      [Humongous Register: 0.0 ms]
      [Humongous Reclaim: 0.0 ms]
      [Free CSet: 0.2 ms]
   [Eden: 417.0M(417.0M)->0.0B(417.0M) Survivors: 3072.0K->3072.0K Heap: 479.7M(700.0M)->64139.4K(700.0M)]
 [Times: user=0.00 sys=0.00, real=0.01 secs] 
2024-10-10T18:05:18.505+0300: 812.104: Total time for which application threads were stopped: 0.0019619 seconds, Stopping threads took: 0.0001371 seconds
2024-10-10T18:05:22.927+0300: 816.531: Application time: 4.4269246 seconds
2024-10-10T18:05:22.927+0300: 816.531: [GC pause (G1 Evacuation Pause) (young), 0.0022793 secs]
   [Parallel Time: 0.9 ms, GC Workers: 6]
      [GC Worker Start (ms): Min: 816530.8, Avg: 816530.9, Max: 816530.9, Diff: 0.1]
      [Ext Root Scanning (ms): Min: 0.2, Avg: 0.3, Max: 0.3, Diff: 0.1, Sum: 1.6]
      [Update RS (ms): Min: 0.0, Avg: 0.0, Max: 0.1, Diff: 0.1, Sum: 0.2]
         [Processed Buffers: Min: 0, Avg: 0.8, Max: 2, Diff: 2, Sum: 5]
      [Scan RS (ms): Min: 0.1, Avg: 0.3, Max: 0.5, Diff: 0.4, Sum: 1.7]
      [Code Root Scanning (ms): Min: 0.0, Avg: 0.0, Max: 0.0, Diff: 0.0, Sum: 0.0]
      [Object Copy (ms): Min: 0.0, Avg: 0.2, Max: 0.4, Diff: 0.4, Sum: 1.2]
      [Termination (ms): Min: 0.0, Avg: 0.0, Max: 0.0, Diff: 0.0, Sum: 0.2]
         [Termination Attempts: Min: 1, Avg: 2.5, Max: 6, Diff: 5, Sum: 15]
      [GC Worker Other (ms): Min: 0.0, Avg: 0.0, Max: 0.0, Diff: 0.0, Sum: 0.1]
      [GC Worker Total (ms): Min: 0.8, Avg: 0.8, Max: 0.8, Diff: 0.1, Sum: 4.9]
      [GC Worker End (ms): Min: 816531.7, Avg: 816531.7, Max: 816531.7, Diff: 0.0]
   [Code Root Fixup: 0.0 ms]
   [Code Root Purge: 0.0 ms]
   [Clear CT: 0.2 ms]
   [Other: 1.2 ms]
      [Choose CSet: 0.0 ms]
      [Ref Proc: 0.1 ms]
      [Ref Enq: 0.0 ms]
      [Redirty Cards: 0.8 ms]
      [Humongous Register: 0.0 ms]
      [Humongous Reclaim: 0.0 ms]
      [Free CSet: 0.2 ms]
   [Eden: 417.0M(417.0M)->0.0B(417.0M) Survivors: 3072.0K->3072.0K Heap: 479.6M(700.0M)->64185.0K(700.0M)]
 [Times: user=0.00 sys=0.00, real=0.01 secs] 
2024-10-10T18:05:22.934+0300: 816.533: Total time for which application threads were stopped: 0.0026036 seconds, Stopping threads took: 0.0001262 seconds
2024-10-10T18:05:27.378+0300: 820.980: Application time: 4.4464164 seconds
2024-10-10T18:05:27.378+0300: 820.980: [GC pause (G1 Evacuation Pause) (young), 0.0015109 secs]
   [Parallel Time: 0.7 ms, GC Workers: 6]
      [GC Worker Start (ms): Min: 820979.9, Avg: 820980.0, Max: 820980.2, Diff: 0.3]
      [Ext Root Scanning (ms): Min: 0.0, Avg: 0.2, Max: 0.3, Diff: 0.3, Sum: 1.2]
      [Update RS (ms): Min: 0.0, Avg: 0.0, Max: 0.0, Diff: 0.0, Sum: 0.1]
         [Processed Buffers: Min: 0, Avg: 1.0, Max: 2, Diff: 2, Sum: 6]
      [Scan RS (ms): Min: 0.0, Avg: 0.1, Max: 0.1, Diff: 0.0, Sum: 0.5]
      [Code Root Scanning (ms): Min: 0.0, Avg: 0.0, Max: 0.0, Diff: 0.0, Sum: 0.0]
      [Object Copy (ms): Min: 0.1, Avg: 0.1, Max: 0.2, Diff: 0.1, Sum: 0.9]
      [Termination (ms): Min: 0.0, Avg: 0.0, Max: 0.1, Diff: 0.1, Sum: 0.2]
         [Termination Attempts: Min: 1, Avg: 1.0, Max: 1, Diff: 0, Sum: 6]
      [GC Worker Other (ms): Min: 0.0, Avg: 0.0, Max: 0.0, Diff: 0.0, Sum: 0.1]
      [GC Worker Total (ms): Min: 0.3, Avg: 0.5, Max: 0.6, Diff: 0.3, Sum: 3.0]
      [GC Worker End (ms): Min: 820980.5, Avg: 820980.5, Max: 820980.5, Diff: 0.0]
   [Code Root Fixup: 0.0 ms]
   [Code Root Purge: 0.0 ms]
   [Clear CT: 0.2 ms]
   [Other: 0.6 ms]
      [Choose CSet: 0.0 ms]
      [Ref Proc: 0.1 ms]
      [Ref Enq: 0.0 ms]
      [Redirty Cards: 0.1 ms]
      [Humongous Register: 0.1 ms]
      [Humongous Reclaim: 0.0 ms]
      [Free CSet: 0.2 ms]
   [Eden: 417.0M(417.0M)->0.0B(417.0M) Survivors: 3072.0K->3072.0K Heap: 479.7M(700.0M)->64266.3K(700.0M)]
 [Times: user=0.00 sys=0.00, real=0.00 secs] 
2024-10-10T18:05:27.382+0300: 820.981: Total time for which application threads were stopped: 0.0018477 seconds, Stopping threads took: 0.0001431 seconds
2024-10-10T18:05:31.803+0300: 825.407: Application time: 4.4250857 seconds
2024-10-10T18:05:31.803+0300: 825.407: [GC pause (G1 Evacuation Pause) (young), 0.0016384 secs]
   [Parallel Time: 0.7 ms, GC Workers: 6]
      [GC Worker Start (ms): Min: 825406.9, Avg: 825406.9, Max: 825407.0, Diff: 0.1]
      [Ext Root Scanning (ms): Min: 0.2, Avg: 0.3, Max: 0.3, Diff: 0.1, Sum: 1.5]
      [Update RS (ms): Min: 0.0, Avg: 0.1, Max: 0.3, Diff: 0.3, Sum: 0.7]
         [Processed Buffers: Min: 0, Avg: 1.2, Max: 3, Diff: 3, Sum: 7]
      [Scan RS (ms): Min: 0.0, Avg: 0.1, Max: 0.1, Diff: 0.1, Sum: 0.4]
      [Code Root Scanning (ms): Min: 0.0, Avg: 0.0, Max: 0.0, Diff: 0.0, Sum: 0.0]
      [Object Copy (ms): Min: 0.0, Avg: 0.1, Max: 0.2, Diff: 0.2, Sum: 0.9]
      [Termination (ms): Min: 0.0, Avg: 0.0, Max: 0.1, Diff: 0.1, Sum: 0.1]
         [Termination Attempts: Min: 1, Avg: 1.2, Max: 2, Diff: 1, Sum: 7]
      [GC Worker Other (ms): Min: 0.0, Avg: 0.0, Max: 0.0, Diff: 0.0, Sum: 0.1]
      [GC Worker Total (ms): Min: 0.6, Avg: 0.6, Max: 0.7, Diff: 0.1, Sum: 3.7]
      [GC Worker End (ms): Min: 825407.5, Avg: 825407.6, Max: 825407.6, Diff: 0.0]
   [Code Root Fixup: 0.0 ms]
   [Code Root Purge: 0.0 ms]
   [Clear CT: 0.2 ms]
   [Other: 0.7 ms]
      [Choose CSet: 0.0 ms]
      [Ref Proc: 0.2 ms]
      [Ref Enq: 0.0 ms]
      [Redirty Cards: 0.1 ms]
      [Humongous Register: 0.1 ms]
      [Humongous Reclaim: 0.0 ms]
      [Free CSet: 0.2 ms]
   [Eden: 417.0M(417.0M)->0.0B(418.0M) Survivors: 3072.0K->2048.0K Heap: 479.8M(700.0M)->63952.5K(700.0M)]
 [Times: user=0.00 sys=0.00, real=0.00 secs] 
2024-10-10T18:05:31.803+0300: 825.408: Total time for which application threads were stopped: 0.0019710 seconds, Stopping threads took: 0.0001432 seconds
2024-10-10T18:05:36.213+0300: 829.819: Application time: 4.4104497 seconds
2024-10-10T18:05:36.213+0300: 829.819: [GC pause (G1 Evacuation Pause) (young), 0.0014360 secs]
   [Parallel Time: 0.6 ms, GC Workers: 6]
      [GC Worker Start (ms): Min: 829819.2, Avg: 829819.3, Max: 829819.3, Diff: 0.0]
      [Ext Root Scanning (ms): Min: 0.2, Avg: 0.2, Max: 0.3, Diff: 0.0, Sum: 1.5]
      [Update RS (ms): Min: 0.0, Avg: 0.0, Max: 0.0, Diff: 0.0, Sum: 0.1]
         [Processed Buffers: Min: 0, Avg: 0.8, Max: 2, Diff: 2, Sum: 5]
      [Scan RS (ms): Min: 0.0, Avg: 0.1, Max: 0.1, Diff: 0.1, Sum: 0.4]
      [Code Root Scanning (ms): Min: 0.0, Avg: 0.0, Max: 0.0, Diff: 0.0, Sum: 0.0]
      [Object Copy (ms): Min: 0.1, Avg: 0.2, Max: 0.2, Diff: 0.1, Sum: 1.0]
      [Termination (ms): Min: 0.0, Avg: 0.0, Max: 0.0, Diff: 0.0, Sum: 0.1]
         [Termination Attempts: Min: 1, Avg: 1.0, Max: 1, Diff: 0, Sum: 6]
      [GC Worker Other (ms): Min: 0.0, Avg: 0.0, Max: 0.0, Diff: 0.0, Sum: 0.1]
      [GC Worker Total (ms): Min: 0.5, Avg: 0.5, Max: 0.6, Diff: 0.1, Sum: 3.1]
      [GC Worker End (ms): Min: 829819.8, Avg: 829819.8, Max: 829819.8, Diff: 0.0]
   [Code Root Fixup: 0.0 ms]
   [Code Root Purge: 0.0 ms]
   [Clear CT: 0.2 ms]
   [Other: 0.7 ms]
      [Choose CSet: 0.0 ms]
      [Ref Proc: 0.1 ms]
      [Ref Enq: 0.0 ms]
      [Redirty Cards: 0.1 ms]
      [Humongous Register: 0.0 ms]
      [Humongous Reclaim: 0.0 ms]
      [Free CSet: 0.3 ms]
   [Eden: 418.0M(418.0M)->0.0B(417.0M) Survivors: 2048.0K->3072.0K Heap: 480.5M(700.0M)->64150.6K(700.0M)]
 [Times: user=0.00 sys=0.00, real=0.00 secs] 
2024-10-10T18:05:36.213+0300: 829.821: Total time for which application threads were stopped: 0.0018010 seconds, Stopping threads took: 0.0001592 seconds
2024-10-10T18:05:40.608+0300: 834.217: Application time: 4.3957733 seconds
2024-10-10T18:05:40.608+0300: 834.217: [GC pause (G1 Evacuation Pause) (young), 0.0014726 secs]
   [Parallel Time: 0.7 ms, GC Workers: 6]
      [GC Worker Start (ms): Min: 834216.9, Avg: 834216.9, Max: 834217.0, Diff: 0.1]
      [Ext Root Scanning (ms): Min: 0.2, Avg: 0.3, Max: 0.3, Diff: 0.1, Sum: 1.6]
      [Update RS (ms): Min: 0.0, Avg: 0.0, Max: 0.0, Diff: 0.0, Sum: 0.1]
         [Processed Buffers: Min: 0, Avg: 0.8, Max: 2, Diff: 2, Sum: 5]
      [Scan RS (ms): Min: 0.0, Avg: 0.1, Max: 0.1, Diff: 0.0, Sum: 0.4]
      [Code Root Scanning (ms): Min: 0.0, Avg: 0.0, Max: 0.0, Diff: 0.0, Sum: 0.0]
      [Object Copy (ms): Min: 0.1, Avg: 0.2, Max: 0.2, Diff: 0.1, Sum: 1.0]
      [Termination (ms): Min: 0.0, Avg: 0.0, Max: 0.1, Diff: 0.1, Sum: 0.1]
         [Termination Attempts: Min: 1, Avg: 1.0, Max: 1, Diff: 0, Sum: 6]
      [GC Worker Other (ms): Min: 0.0, Avg: 0.0, Max: 0.0, Diff: 0.0, Sum: 0.1]
      [GC Worker Total (ms): Min: 0.5, Avg: 0.6, Max: 0.6, Diff: 0.0, Sum: 3.3]
      [GC Worker End (ms): Min: 834217.5, Avg: 834217.5, Max: 834217.5, Diff: 0.0]
   [Code Root Fixup: 0.0 ms]
   [Code Root Purge: 0.0 ms]
   [Clear CT: 0.2 ms]
   [Other: 0.6 ms]
      [Choose CSet: 0.0 ms]
      [Ref Proc: 0.1 ms]
      [Ref Enq: 0.0 ms]
      [Redirty Cards: 0.1 ms]
      [Humongous Register: 0.1 ms]
      [Humongous Reclaim: 0.0 ms]
      [Free CSet: 0.2 ms]
   [Eden: 417.0M(417.0M)->0.0B(417.0M) Survivors: 3072.0K->3072.0K Heap: 479.6M(700.0M)->64155.1K(700.0M)]
 [Times: user=0.00 sys=0.00, real=0.01 secs] 
2024-10-10T18:05:40.619+0300: 834.218: Total time for which application threads were stopped: 0.0018949 seconds, Stopping threads took: 0.0001579 seconds
2024-10-10T18:05:45.034+0300: 838.639: Application time: 4.4210349 seconds
2024-10-10T18:05:45.034+0300: 838.640: [GC pause (G1 Evacuation Pause) (young), 0.0012700 secs]
   [Parallel Time: 0.6 ms, GC Workers: 6]
      [GC Worker Start (ms): Min: 838639.7, Avg: 838639.8, Max: 838639.8, Diff: 0.0]
      [Ext Root Scanning (ms): Min: 0.2, Avg: 0.2, Max: 0.3, Diff: 0.0, Sum: 1.4]
      [Update RS (ms): Min: 0.0, Avg: 0.0, Max: 0.0, Diff: 0.0, Sum: 0.1]
         [Processed Buffers: Min: 0, Avg: 0.8, Max: 1, Diff: 1, Sum: 5]
      [Scan RS (ms): Min: 0.0, Avg: 0.1, Max: 0.1, Diff: 0.1, Sum: 0.4]
      [Code Root Scanning (ms): Min: 0.0, Avg: 0.0, Max: 0.0, Diff: 0.0, Sum: 0.0]
      [Object Copy (ms): Min: 0.1, Avg: 0.1, Max: 0.2, Diff: 0.1, Sum: 0.7]
      [Termination (ms): Min: 0.0, Avg: 0.0, Max: 0.1, Diff: 0.1, Sum: 0.2]
         [Termination Attempts: Min: 1, Avg: 1.0, Max: 1, Diff: 0, Sum: 6]
      [GC Worker Other (ms): Min: 0.0, Avg: 0.0, Max: 0.0, Diff: 0.0, Sum: 0.1]
      [GC Worker Total (ms): Min: 0.5, Avg: 0.5, Max: 0.5, Diff: 0.0, Sum: 2.9]
      [GC Worker End (ms): Min: 838640.2, Avg: 838640.2, Max: 838640.2, Diff: 0.0]
   [Code Root Fixup: 0.0 ms]
   [Code Root Purge: 0.0 ms]
   [Clear CT: 0.2 ms]
   [Other: 0.5 ms]
      [Choose CSet: 0.0 ms]
      [Ref Proc: 0.1 ms]
      [Ref Enq: 0.0 ms]
      [Redirty Cards: 0.1 ms]
      [Humongous Register: 0.0 ms]
      [Humongous Reclaim: 0.0 ms]
      [Free CSet: 0.2 ms]
   [Eden: 417.0M(417.0M)->0.0B(418.0M) Survivors: 3072.0K->2048.0K Heap: 479.7M(700.0M)->63641.8K(700.0M)]
 [Times: user=0.00 sys=0.02, real=0.00 secs] 
2024-10-10T18:05:45.034+0300: 838.641: Total time for which application threads were stopped: 0.0015896 seconds, Stopping threads took: 0.0001134 seconds
2024-10-10T18:05:49.524+0300: 843.135: Application time: 4.4937017 seconds
2024-10-10T18:05:49.524+0300: 843.135: [GC pause (G1 Evacuation Pause) (young), 0.0014037 secs]
   [Parallel Time: 0.7 ms, GC Workers: 6]
      [GC Worker Start (ms): Min: 843135.0, Avg: 843135.1, Max: 843135.1, Diff: 0.1]
      [Ext Root Scanning (ms): Min: 0.2, Avg: 0.3, Max: 0.3, Diff: 0.1, Sum: 1.5]
      [Update RS (ms): Min: 0.0, Avg: 0.0, Max: 0.0, Diff: 0.0, Sum: 0.1]
         [Processed Buffers: Min: 0, Avg: 1.0, Max: 3, Diff: 3, Sum: 6]
      [Scan RS (ms): Min: 0.0, Avg: 0.1, Max: 0.1, Diff: 0.1, Sum: 0.5]
      [Code Root Scanning (ms): Min: 0.0, Avg: 0.0, Max: 0.0, Diff: 0.0, Sum: 0.0]
      [Object Copy (ms): Min: 0.2, Avg: 0.2, Max: 0.3, Diff: 0.1, Sum: 1.3]
      [Termination (ms): Min: 0.0, Avg: 0.0, Max: 0.0, Diff: 0.0, Sum: 0.0]
         [Termination Attempts: Min: 1, Avg: 3.2, Max: 5, Diff: 4, Sum: 19]
      [GC Worker Other (ms): Min: 0.0, Avg: 0.0, Max: 0.1, Diff: 0.0, Sum: 0.2]
      [GC Worker Total (ms): Min: 0.6, Avg: 0.6, Max: 0.6, Diff: 0.1, Sum: 3.6]
      [GC Worker End (ms): Min: 843135.7, Avg: 843135.7, Max: 843135.7, Diff: 0.0]
   [Code Root Fixup: 0.0 ms]
   [Code Root Purge: 0.0 ms]
   [Clear CT: 0.2 ms]
   [Other: 0.5 ms]
      [Choose CSet: 0.0 ms]
      [Ref Proc: 0.1 ms]
      [Ref Enq: 0.0 ms]
      [Redirty Cards: 0.1 ms]
      [Humongous Register: 0.0 ms]
      [Humongous Reclaim: 0.0 ms]
      [Free CSet: 0.2 ms]
   [Eden: 418.0M(418.0M)->0.0B(417.0M) Survivors: 2048.0K->3072.0K Heap: 480.2M(700.0M)->64190.2K(700.0M)]
 [Times: user=0.00 sys=0.00, real=0.00 secs] 
2024-10-10T18:05:49.524+0300: 843.137: Total time for which application threads were stopped: 0.0017600 seconds, Stopping threads took: 0.0001617 seconds
2024-10-10T18:05:53.986+0300: 847.587: Application time: 4.4503338 seconds
2024-10-10T18:05:53.986+0300: 847.587: [GC pause (G1 Evacuation Pause) (young), 0.0014091 secs]
   [Parallel Time: 0.7 ms, GC Workers: 6]
      [GC Worker Start (ms): Min: 847587.1, Avg: 847587.2, Max: 847587.2, Diff: 0.0]
      [Ext Root Scanning (ms): Min: 0.2, Avg: 0.2, Max: 0.3, Diff: 0.0, Sum: 1.5]
      [Update RS (ms): Min: 0.0, Avg: 0.0, Max: 0.1, Diff: 0.1, Sum: 0.1]
         [Processed Buffers: Min: 0, Avg: 0.8, Max: 3, Diff: 3, Sum: 5]
      [Scan RS (ms): Min: 0.0, Avg: 0.1, Max: 0.1, Diff: 0.0, Sum: 0.4]
      [Code Root Scanning (ms): Min: 0.0, Avg: 0.0, Max: 0.0, Diff: 0.0, Sum: 0.0]
      [Object Copy (ms): Min: 0.2, Avg: 0.2, Max: 0.3, Diff: 0.1, Sum: 1.3]
      [Termination (ms): Min: 0.0, Avg: 0.0, Max: 0.1, Diff: 0.1, Sum: 0.2]
         [Termination Attempts: Min: 1, Avg: 1.0, Max: 1, Diff: 0, Sum: 6]
      [GC Worker Other (ms): Min: 0.0, Avg: 0.0, Max: 0.0, Diff: 0.0, Sum: 0.1]
      [GC Worker Total (ms): Min: 0.6, Avg: 0.6, Max: 0.6, Diff: 0.0, Sum: 3.5]
      [GC Worker End (ms): Min: 847587.7, Avg: 847587.7, Max: 847587.8, Diff: 0.0]
   [Code Root Fixup: 0.0 ms]
   [Code Root Purge: 0.0 ms]
   [Clear CT: 0.2 ms]
   [Other: 0.5 ms]
      [Choose CSet: 0.0 ms]
      [Ref Proc: 0.1 ms]
      [Ref Enq: 0.0 ms]
      [Redirty Cards: 0.1 ms]
      [Humongous Register: 0.0 ms]
      [Humongous Reclaim: 0.0 ms]
      [Free CSet: 0.2 ms]
   [Eden: 417.0M(417.0M)->0.0B(417.0M) Survivors: 3072.0K->3072.0K Heap: 479.7M(700.0M)->64842.5K(700.0M)]
 [Times: user=0.00 sys=0.00, real=0.00 secs] 
2024-10-10T18:05:53.986+0300: 847.589: Total time for which application threads were stopped: 0.0017373 seconds, Stopping threads took: 0.0001347 seconds
2024-10-10T18:05:58.394+0300: 852.002: Application time: 4.4137909 seconds
2024-10-10T18:05:58.394+0300: 852.003: [GC pause (G1 Evacuation Pause) (young), 0.0014759 secs]
   [Parallel Time: 0.7 ms, GC Workers: 6]
      [GC Worker Start (ms): Min: 852002.8, Avg: 852002.9, Max: 852002.9, Diff: 0.1]
      [Ext Root Scanning (ms): Min: 0.2, Avg: 0.3, Max: 0.3, Diff: 0.1, Sum: 1.6]
      [Update RS (ms): Min: 0.0, Avg: 0.0, Max: 0.0, Diff: 0.0, Sum: 0.1]
         [Processed Buffers: Min: 0, Avg: 0.7, Max: 2, Diff: 2, Sum: 4]
      [Scan RS (ms): Min: 0.0, Avg: 0.1, Max: 0.1, Diff: 0.1, Sum: 0.5]
      [Code Root Scanning (ms): Min: 0.0, Avg: 0.0, Max: 0.0, Diff: 0.0, Sum: 0.0]
      [Object Copy (ms): Min: 0.1, Avg: 0.2, Max: 0.2, Diff: 0.1, Sum: 1.0]
      [Termination (ms): Min: 0.0, Avg: 0.0, Max: 0.0, Diff: 0.0, Sum: 0.0]
         [Termination Attempts: Min: 1, Avg: 1.2, Max: 2, Diff: 1, Sum: 7]
      [GC Worker Other (ms): Min: 0.0, Avg: 0.0, Max: 0.1, Diff: 0.0, Sum: 0.2]
      [GC Worker Total (ms): Min: 0.5, Avg: 0.6, Max: 0.6, Diff: 0.1, Sum: 3.4]
      [GC Worker End (ms): Min: 852003.4, Avg: 852003.4, Max: 852003.5, Diff: 0.0]
   [Code Root Fixup: 0.0 ms]
   [Code Root Purge: 0.0 ms]
   [Clear CT: 0.2 ms]
   [Other: 0.6 ms]
      [Choose CSet: 0.0 ms]
      [Ref Proc: 0.1 ms]
      [Ref Enq: 0.0 ms]
      [Redirty Cards: 0.1 ms]
      [Humongous Register: 0.1 ms]
      [Humongous Reclaim: 0.0 ms]
      [Free CSet: 0.2 ms]
   [Eden: 417.0M(417.0M)->0.0B(418.0M) Survivors: 3072.0K->2048.0K Heap: 480.3M(700.0M)->63475.2K(700.0M)]
 [Times: user=0.00 sys=0.00, real=0.00 secs] 
2024-10-10T18:05:58.394+0300: 852.004: Total time for which application threads were stopped: 0.0018950 seconds, Stopping threads took: 0.0002000 seconds
2024-10-10T18:06:02.802+0300: 856.404: Application time: 4.3998101 seconds
2024-10-10T18:06:02.802+0300: 856.404: [GC pause (G1 Evacuation Pause) (young), 0.0013736 secs]
   [Parallel Time: 0.6 ms, GC Workers: 6]
      [GC Worker Start (ms): Min: 856404.4, Avg: 856404.5, Max: 856404.5, Diff: 0.1]
      [Ext Root Scanning (ms): Min: 0.2, Avg: 0.3, Max: 0.3, Diff: 0.1, Sum: 1.6]
      [Update RS (ms): Min: 0.0, Avg: 0.0, Max: 0.0, Diff: 0.0, Sum: 0.1]
         [Processed Buffers: Min: 0, Avg: 0.8, Max: 3, Diff: 3, Sum: 5]
      [Scan RS (ms): Min: 0.0, Avg: 0.1, Max: 0.1, Diff: 0.1, Sum: 0.4]
      [Code Root Scanning (ms): Min: 0.0, Avg: 0.0, Max: 0.0, Diff: 0.0, Sum: 0.0]
      [Object Copy (ms): Min: 0.1, Avg: 0.1, Max: 0.2, Diff: 0.1, Sum: 0.8]
      [Termination (ms): Min: 0.0, Avg: 0.0, Max: 0.0, Diff: 0.0, Sum: 0.2]
         [Termination Attempts: Min: 1, Avg: 1.0, Max: 1, Diff: 0, Sum: 6]
      [GC Worker Other (ms): Min: 0.0, Avg: 0.0, Max: 0.0, Diff: 0.0, Sum: 0.1]
      [GC Worker Total (ms): Min: 0.5, Avg: 0.5, Max: 0.5, Diff: 0.1, Sum: 3.1]
      [GC Worker End (ms): Min: 856405.0, Avg: 856405.0, Max: 856405.0, Diff: 0.0]
   [Code Root Fixup: 0.0 ms]
   [Code Root Purge: 0.0 ms]
   [Clear CT: 0.2 ms]
   [Other: 0.6 ms]
      [Choose CSet: 0.0 ms]
      [Ref Proc: 0.1 ms]
      [Ref Enq: 0.0 ms]
      [Redirty Cards: 0.1 ms]
      [Humongous Register: 0.1 ms]
      [Humongous Reclaim: 0.0 ms]
      [Free CSet: 0.2 ms]
   [Eden: 418.0M(418.0M)->0.0B(418.0M) Survivors: 2048.0K->2048.0K Heap: 480.0M(700.0M)->63732.8K(700.0M)]
 [Times: user=0.00 sys=0.02, real=0.00 secs] 
2024-10-10T18:06:02.807+0300: 856.406: Total time for which application threads were stopped: 0.0017517 seconds, Stopping threads took: 0.0001311 seconds
2024-10-10T18:06:07.225+0300: 860.834: Application time: 4.4277698 seconds
2024-10-10T18:06:07.225+0300: 860.834: [GC pause (G1 Evacuation Pause) (young), 0.0015668 secs]
   [Parallel Time: 0.7 ms, GC Workers: 6]
      [GC Worker Start (ms): Min: 860834.0, Avg: 860834.1, Max: 860834.1, Diff: 0.1]
      [Ext Root Scanning (ms): Min: 0.3, Avg: 0.4, Max: 0.6, Diff: 0.3, Sum: 2.1]
      [Update RS (ms): Min: 0.0, Avg: 0.0, Max: 0.0, Diff: 0.0, Sum: 0.1]
         [Processed Buffers: Min: 0, Avg: 1.0, Max: 4, Diff: 4, Sum: 6]
      [Scan RS (ms): Min: 0.0, Avg: 0.1, Max: 0.1, Diff: 0.1, Sum: 0.4]
      [Code Root Scanning (ms): Min: 0.0, Avg: 0.0, Max: 0.0, Diff: 0.0, Sum: 0.0]
      [Object Copy (ms): Min: 0.0, Avg: 0.1, Max: 0.2, Diff: 0.2, Sum: 0.7]
      [Termination (ms): Min: 0.0, Avg: 0.0, Max: 0.1, Diff: 0.1, Sum: 0.2]
         [Termination Attempts: Min: 1, Avg: 1.3, Max: 2, Diff: 1, Sum: 8]
      [GC Worker Other (ms): Min: 0.0, Avg: 0.0, Max: 0.0, Diff: 0.0, Sum: 0.1]
      [GC Worker Total (ms): Min: 0.6, Avg: 0.6, Max: 0.6, Diff: 0.1, Sum: 3.6]
      [GC Worker End (ms): Min: 860834.7, Avg: 860834.7, Max: 860834.7, Diff: 0.0]
   [Code Root Fixup: 0.0 ms]
   [Code Root Purge: 0.0 ms]
   [Clear CT: 0.1 ms]
   [Other: 0.7 ms]
      [Choose CSet: 0.0 ms]
      [Ref Proc: 0.1 ms]
      [Ref Enq: 0.0 ms]
      [Redirty Cards: 0.1 ms]
      [Humongous Register: 0.1 ms]
      [Humongous Reclaim: 0.0 ms]
      [Free CSet: 0.2 ms]
   [Eden: 418.0M(418.0M)->0.0B(418.0M) Survivors: 2048.0K->2048.0K Heap: 480.2M(700.0M)->63888.1K(700.0M)]
 [Times: user=0.00 sys=0.00, real=0.00 secs] 
2024-10-10T18:06:07.225+0300: 860.836: Total time for which application threads were stopped: 0.0019575 seconds, Stopping threads took: 0.0001839 seconds
2024-10-10T18:06:11.621+0300: 865.232: Application time: 4.3967545 seconds
2024-10-10T18:06:11.621+0300: 865.233: [GC pause (G1 Evacuation Pause) (young), 0.0017876 secs]
   [Parallel Time: 0.9 ms, GC Workers: 6]
      [GC Worker Start (ms): Min: 865232.9, Avg: 865232.9, Max: 865233.0, Diff: 0.1]
      [Ext Root Scanning (ms): Min: 0.2, Avg: 0.3, Max: 0.3, Diff: 0.1, Sum: 1.6]
      [Update RS (ms): Min: 0.0, Avg: 0.0, Max: 0.1, Diff: 0.1, Sum: 0.1]
         [Processed Buffers: Min: 0, Avg: 0.8, Max: 3, Diff: 3, Sum: 5]
      [Scan RS (ms): Min: 0.0, Avg: 0.1, Max: 0.1, Diff: 0.1, Sum: 0.5]
      [Code Root Scanning (ms): Min: 0.0, Avg: 0.0, Max: 0.0, Diff: 0.0, Sum: 0.0]
      [Object Copy (ms): Min: 0.1, Avg: 0.2, Max: 0.3, Diff: 0.1, Sum: 1.1]
      [Termination (ms): Min: 0.0, Avg: 0.0, Max: 0.0, Diff: 0.0, Sum: 0.0]
         [Termination Attempts: Min: 1, Avg: 1.5, Max: 3, Diff: 2, Sum: 9]
      [GC Worker Other (ms): Min: 0.0, Avg: 0.0, Max: 0.0, Diff: 0.0, Sum: 0.2]
      [GC Worker Total (ms): Min: 0.6, Avg: 0.6, Max: 0.6, Diff: 0.1, Sum: 3.5]
      [GC Worker End (ms): Min: 865233.5, Avg: 865233.5, Max: 865233.5, Diff: 0.0]
   [Code Root Fixup: 0.0 ms]
   [Code Root Purge: 0.0 ms]
   [Clear CT: 0.2 ms]
   [Other: 0.7 ms]
      [Choose CSet: 0.0 ms]
      [Ref Proc: 0.2 ms]
      [Ref Enq: 0.0 ms]
      [Redirty Cards: 0.1 ms]
      [Humongous Register: 0.1 ms]
      [Humongous Reclaim: 0.0 ms]
      [Free CSet: 0.3 ms]
   [Eden: 418.0M(418.0M)->0.0B(417.0M) Survivors: 2048.0K->3072.0K Heap: 480.4M(700.0M)->64202.2K(700.0M)]
 [Times: user=0.00 sys=0.03, real=0.01 secs] 
2024-10-10T18:06:11.635+0300: 865.235: Total time for which application threads were stopped: 0.0021690 seconds, Stopping threads took: 0.0001668 seconds
2024-10-10T18:06:16.094+0300: 869.701: Application time: 4.4663307 seconds
2024-10-10T18:06:16.094+0300: 869.701: [GC pause (G1 Evacuation Pause) (young), 0.0014489 secs]
   [Parallel Time: 0.7 ms, GC Workers: 6]
      [GC Worker Start (ms): Min: 869701.3, Avg: 869701.3, Max: 869701.3, Diff: 0.1]
      [Ext Root Scanning (ms): Min: 0.2, Avg: 0.3, Max: 0.3, Diff: 0.1, Sum: 1.7]
      [Update RS (ms): Min: 0.0, Avg: 0.0, Max: 0.0, Diff: 0.0, Sum: 0.1]
         [Processed Buffers: Min: 0, Avg: 0.8, Max: 2, Diff: 2, Sum: 5]
      [Scan RS (ms): Min: 0.0, Avg: 0.1, Max: 0.1, Diff: 0.0, Sum: 0.4]
      [Code Root Scanning (ms): Min: 0.0, Avg: 0.0, Max: 0.0, Diff: 0.0, Sum: 0.0]
      [Object Copy (ms): Min: 0.2, Avg: 0.2, Max: 0.2, Diff: 0.1, Sum: 1.1]
      [Termination (ms): Min: 0.0, Avg: 0.0, Max: 0.0, Diff: 0.0, Sum: 0.0]
         [Termination Attempts: Min: 1, Avg: 3.3, Max: 6, Diff: 5, Sum: 20]
      [GC Worker Other (ms): Min: 0.0, Avg: 0.0, Max: 0.0, Diff: 0.0, Sum: 0.2]
      [GC Worker Total (ms): Min: 0.5, Avg: 0.6, Max: 0.6, Diff: 0.1, Sum: 3.5]
      [GC Worker End (ms): Min: 869701.9, Avg: 869701.9, Max: 869701.9, Diff: 0.0]
   [Code Root Fixup: 0.0 ms]
   [Code Root Purge: 0.0 ms]
   [Clear CT: 0.2 ms]
   [Other: 0.6 ms]
      [Choose CSet: 0.0 ms]
      [Ref Proc: 0.1 ms]
      [Ref Enq: 0.0 ms]
      [Redirty Cards: 0.1 ms]
      [Humongous Register: 0.1 ms]
      [Humongous Reclaim: 0.0 ms]
      [Free CSet: 0.2 ms]
   [Eden: 417.0M(417.0M)->0.0B(418.0M) Survivors: 3072.0K->2048.0K Heap: 479.7M(700.0M)->63764.5K(700.0M)]
 [Times: user=0.02 sys=0.00, real=0.00 secs] 
2024-10-10T18:06:16.094+0300: 869.703: Total time for which application threads were stopped: 0.0018659 seconds, Stopping threads took: 0.0001632 seconds
2024-10-10T18:06:20.520+0300: 874.132: Application time: 4.4293678 seconds
2024-10-10T18:06:20.520+0300: 874.132: [GC pause (G1 Evacuation Pause) (young), 0.0015734 secs]
   [Parallel Time: 0.7 ms, GC Workers: 6]
      [GC Worker Start (ms): Min: 874132.5, Avg: 874132.6, Max: 874132.7, Diff: 0.3]
      [Ext Root Scanning (ms): Min: 0.1, Avg: 0.2, Max: 0.3, Diff: 0.3, Sum: 1.3]
      [Update RS (ms): Min: 0.0, Avg: 0.0, Max: 0.0, Diff: 0.0, Sum: 0.1]
         [Processed Buffers: Min: 0, Avg: 0.7, Max: 1, Diff: 1, Sum: 4]
      [Scan RS (ms): Min: 0.0, Avg: 0.1, Max: 0.1, Diff: 0.1, Sum: 0.4]
      [Code Root Scanning (ms): Min: 0.0, Avg: 0.0, Max: 0.0, Diff: 0.0, Sum: 0.0]
      [Object Copy (ms): Min: 0.1, Avg: 0.1, Max: 0.2, Diff: 0.2, Sum: 0.8]
      [Termination (ms): Min: 0.0, Avg: 0.0, Max: 0.1, Diff: 0.1, Sum: 0.1]
         [Termination Attempts: Min: 1, Avg: 1.0, Max: 1, Diff: 0, Sum: 6]
      [GC Worker Other (ms): Min: 0.0, Avg: 0.0, Max: 0.0, Diff: 0.0, Sum: 0.1]
      [GC Worker Total (ms): Min: 0.3, Avg: 0.5, Max: 0.6, Diff: 0.3, Sum: 2.9]
      [GC Worker End (ms): Min: 874133.1, Avg: 874133.1, Max: 874133.1, Diff: 0.0]
   [Code Root Fixup: 0.0 ms]
   [Code Root Purge: 0.0 ms]
   [Clear CT: 0.2 ms]
   [Other: 0.7 ms]
      [Choose CSet: 0.0 ms]
      [Ref Proc: 0.1 ms]
      [Ref Enq: 0.0 ms]
      [Redirty Cards: 0.1 ms]
      [Humongous Register: 0.1 ms]
      [Humongous Reclaim: 0.0 ms]
      [Free CSet: 0.3 ms]
   [Eden: 418.0M(418.0M)->0.0B(417.0M) Survivors: 2048.0K->3072.0K Heap: 480.3M(700.0M)->64473.1K(700.0M)]
 [Times: user=0.00 sys=0.00, real=0.00 secs] 
2024-10-10T18:06:20.520+0300: 874.134: Total time for which application threads were stopped: 0.0019775 seconds, Stopping threads took: 0.0001834 seconds
2024-10-10T18:06:24.930+0300: 878.538: Application time: 4.4039184 seconds
2024-10-10T18:06:24.930+0300: 878.538: [GC pause (G1 Evacuation Pause) (young), 0.0015372 secs]
   [Parallel Time: 0.8 ms, GC Workers: 6]
      [GC Worker Start (ms): Min: 878538.3, Avg: 878538.5, Max: 878538.8, Diff: 0.4]
      [Ext Root Scanning (ms): Min: 0.0, Avg: 0.2, Max: 0.4, Diff: 0.4, Sum: 1.5]
      [Update RS (ms): Min: 0.0, Avg: 0.1, Max: 0.3, Diff: 0.3, Sum: 0.3]
         [Processed Buffers: Min: 0, Avg: 0.8, Max: 2, Diff: 2, Sum: 5]
      [Scan RS (ms): Min: 0.0, Avg: 0.1, Max: 0.1, Diff: 0.1, Sum: 0.4]
      [Code Root Scanning (ms): Min: 0.0, Avg: 0.0, Max: 0.0, Diff: 0.0, Sum: 0.0]
      [Object Copy (ms): Min: 0.0, Avg: 0.1, Max: 0.3, Diff: 0.3, Sum: 0.8]
      [Termination (ms): Min: 0.0, Avg: 0.0, Max: 0.1, Diff: 0.1, Sum: 0.2]
         [Termination Attempts: Min: 1, Avg: 1.0, Max: 1, Diff: 0, Sum: 6]
      [GC Worker Other (ms): Min: 0.0, Avg: 0.0, Max: 0.0, Diff: 0.0, Sum: 0.1]
      [GC Worker Total (ms): Min: 0.3, Avg: 0.6, Max: 0.7, Diff: 0.4, Sum: 3.3]
      [GC Worker End (ms): Min: 878539.1, Avg: 878539.1, Max: 878539.1, Diff: 0.0]
   [Code Root Fixup: 0.0 ms]
   [Code Root Purge: 0.0 ms]
   [Clear CT: 0.1 ms]
   [Other: 0.6 ms]
      [Choose CSet: 0.0 ms]
      [Ref Proc: 0.1 ms]
      [Ref Enq: 0.0 ms]
      [Redirty Cards: 0.1 ms]
      [Humongous Register: 0.1 ms]
      [Humongous Reclaim: 0.0 ms]
      [Free CSet: 0.2 ms]
   [Eden: 417.0M(417.0M)->0.0B(417.0M) Survivors: 3072.0K->3072.0K Heap: 480.0M(700.0M)->64760.3K(700.0M)]
 [Times: user=0.00 sys=0.00, real=0.00 secs] 
2024-10-10T18:06:24.930+0300: 878.540: Total time for which application threads were stopped: 0.0019340 seconds, Stopping threads took: 0.0001771 seconds
2024-10-10T18:06:29.388+0300: 883.001: Application time: 4.4606321 seconds
2024-10-10T18:06:29.388+0300: 883.001: [GC pause (G1 Evacuation Pause) (young), 0.0016279 secs]
   [Parallel Time: 0.7 ms, GC Workers: 6]
      [GC Worker Start (ms): Min: 883000.9, Avg: 883001.0, Max: 883001.0, Diff: 0.1]
      [Ext Root Scanning (ms): Min: 0.2, Avg: 0.3, Max: 0.3, Diff: 0.1, Sum: 1.6]
      [Update RS (ms): Min: 0.0, Avg: 0.0, Max: 0.0, Diff: 0.0, Sum: 0.1]
         [Processed Buffers: Min: 0, Avg: 0.8, Max: 2, Diff: 2, Sum: 5]
      [Scan RS (ms): Min: 0.0, Avg: 0.1, Max: 0.1, Diff: 0.1, Sum: 0.5]
      [Code Root Scanning (ms): Min: 0.0, Avg: 0.0, Max: 0.0, Diff: 0.0, Sum: 0.0]
      [Object Copy (ms): Min: 0.1, Avg: 0.2, Max: 0.2, Diff: 0.1, Sum: 1.1]
      [Termination (ms): Min: 0.0, Avg: 0.0, Max: 0.0, Diff: 0.0, Sum: 0.2]
         [Termination Attempts: Min: 1, Avg: 1.0, Max: 1, Diff: 0, Sum: 6]
      [GC Worker Other (ms): Min: 0.0, Avg: 0.0, Max: 0.1, Diff: 0.0, Sum: 0.1]
      [GC Worker Total (ms): Min: 0.5, Avg: 0.6, Max: 0.6, Diff: 0.1, Sum: 3.5]
      [GC Worker End (ms): Min: 883001.5, Avg: 883001.6, Max: 883001.6, Diff: 0.0]
   [Code Root Fixup: 0.0 ms]
   [Code Root Purge: 0.0 ms]
   [Clear CT: 0.2 ms]
   [Other: 0.8 ms]
      [Choose CSet: 0.0 ms]
      [Ref Proc: 0.1 ms]
      [Ref Enq: 0.0 ms]
      [Redirty Cards: 0.1 ms]
      [Humongous Register: 0.0 ms]
      [Humongous Reclaim: 0.0 ms]
      [Free CSet: 0.3 ms]
   [Eden: 417.0M(417.0M)->0.0B(417.0M) Survivors: 3072.0K->3072.0K Heap: 480.2M(700.0M)->64212.6K(700.0M)]
 [Times: user=0.00 sys=0.00, real=0.02 secs] 
2024-10-10T18:06:29.403+0300: 883.003: Total time for which application threads were stopped: 0.0020658 seconds, Stopping threads took: 0.0002191 seconds
2024-10-10T18:06:33.784+0300: 887.395: Application time: 4.3919046 seconds
2024-10-10T18:06:33.784+0300: 887.395: [GC pause (G1 Evacuation Pause) (young), 0.0016653 secs]
   [Parallel Time: 0.7 ms, GC Workers: 6]
      [GC Worker Start (ms): Min: 887394.9, Avg: 887395.0, Max: 887395.0, Diff: 0.1]
      [Ext Root Scanning (ms): Min: 0.2, Avg: 0.3, Max: 0.3, Diff: 0.1, Sum: 1.6]
      [Update RS (ms): Min: 0.0, Avg: 0.0, Max: 0.0, Diff: 0.0, Sum: 0.1]
         [Processed Buffers: Min: 0, Avg: 1.0, Max: 2, Diff: 2, Sum: 6]
      [Scan RS (ms): Min: 0.0, Avg: 0.1, Max: 0.1, Diff: 0.1, Sum: 0.4]
      [Code Root Scanning (ms): Min: 0.0, Avg: 0.0, Max: 0.0, Diff: 0.0, Sum: 0.0]
      [Object Copy (ms): Min: 0.1, Avg: 0.2, Max: 0.2, Diff: 0.1, Sum: 1.0]
      [Termination (ms): Min: 0.0, Avg: 0.0, Max: 0.0, Diff: 0.0, Sum: 0.2]
         [Termination Attempts: Min: 1, Avg: 1.0, Max: 1, Diff: 0, Sum: 6]
      [GC Worker Other (ms): Min: 0.0, Avg: 0.0, Max: 0.0, Diff: 0.0, Sum: 0.1]
      [GC Worker Total (ms): Min: 0.5, Avg: 0.6, Max: 0.6, Diff: 0.1, Sum: 3.3]
      [GC Worker End (ms): Min: 887395.5, Avg: 887395.5, Max: 887395.6, Diff: 0.0]
   [Code Root Fixup: 0.0 ms]
   [Code Root Purge: 0.0 ms]
   [Clear CT: 0.2 ms]
   [Other: 0.7 ms]
      [Choose CSet: 0.0 ms]
      [Ref Proc: 0.1 ms]
      [Ref Enq: 0.0 ms]
      [Redirty Cards: 0.1 ms]
      [Humongous Register: 0.1 ms]
      [Humongous Reclaim: 0.0 ms]
      [Free CSet: 0.2 ms]
   [Eden: 417.0M(417.0M)->0.0B(417.0M) Survivors: 3072.0K->3072.0K Heap: 479.7M(700.0M)->64217.1K(700.0M)]
 [Times: user=0.00 sys=0.00, real=0.00 secs] 
2024-10-10T18:06:33.784+0300: 887.397: Total time for which application threads were stopped: 0.0020554 seconds, Stopping threads took: 0.0001526 seconds
2024-10-10T18:06:38.227+0300: 891.834: Application time: 4.4369333 seconds
2024-10-10T18:06:38.227+0300: 891.834: [GC pause (G1 Evacuation Pause) (young), 0.0017886 secs]
   [Parallel Time: 0.7 ms, GC Workers: 6]
      [GC Worker Start (ms): Min: 891833.8, Avg: 891833.9, Max: 891834.1, Diff: 0.3]
      [Ext Root Scanning (ms): Min: 0.0, Avg: 0.2, Max: 0.3, Diff: 0.3, Sum: 1.4]
      [Update RS (ms): Min: 0.0, Avg: 0.0, Max: 0.1, Diff: 0.1, Sum: 0.1]
         [Processed Buffers: Min: 0, Avg: 0.8, Max: 3, Diff: 3, Sum: 5]
      [Scan RS (ms): Min: 0.0, Avg: 0.1, Max: 0.1, Diff: 0.1, Sum: 0.5]
      [Code Root Scanning (ms): Min: 0.0, Avg: 0.0, Max: 0.0, Diff: 0.0, Sum: 0.0]
      [Object Copy (ms): Min: 0.1, Avg: 0.2, Max: 0.3, Diff: 0.1, Sum: 1.2]
      [Termination (ms): Min: 0.0, Avg: 0.0, Max: 0.0, Diff: 0.0, Sum: 0.0]
         [Termination Attempts: Min: 1, Avg: 1.5, Max: 2, Diff: 1, Sum: 9]
      [GC Worker Other (ms): Min: 0.0, Avg: 0.0, Max: 0.1, Diff: 0.0, Sum: 0.2]
      [GC Worker Total (ms): Min: 0.3, Avg: 0.6, Max: 0.7, Diff: 0.4, Sum: 3.4]
      [GC Worker End (ms): Min: 891834.4, Avg: 891834.4, Max: 891834.5, Diff: 0.0]
   [Code Root Fixup: 0.0 ms]
   [Code Root Purge: 0.0 ms]
   [Clear CT: 0.2 ms]
   [Other: 0.9 ms]
      [Choose CSet: 0.0 ms]
      [Ref Proc: 0.1 ms]
      [Ref Enq: 0.0 ms]
      [Redirty Cards: 0.4 ms]
      [Humongous Register: 0.0 ms]
      [Humongous Reclaim: 0.0 ms]
      [Free CSet: 0.3 ms]
   [Eden: 417.0M(417.0M)->0.0B(418.0M) Survivors: 3072.0K->2048.0K Heap: 479.7M(700.0M)->63909.9K(700.0M)]
 [Times: user=0.00 sys=0.00, real=0.01 secs] 
2024-10-10T18:06:38.237+0300: 891.836: Total time for which application threads were stopped: 0.0021239 seconds, Stopping threads took: 0.0001050 seconds
2024-10-10T18:06:42.634+0300: 896.239: Application time: 4.4029005 seconds
2024-10-10T18:06:42.634+0300: 896.239: [GC pause (G1 Evacuation Pause) (young), 0.0015558 secs]
   [Parallel Time: 0.7 ms, GC Workers: 6]
      [GC Worker Start (ms): Min: 896238.9, Avg: 896239.0, Max: 896239.0, Diff: 0.1]
      [Ext Root Scanning (ms): Min: 0.2, Avg: 0.3, Max: 0.3, Diff: 0.1, Sum: 1.6]
      [Update RS (ms): Min: 0.0, Avg: 0.0, Max: 0.1, Diff: 0.1, Sum: 0.1]
         [Processed Buffers: Min: 0, Avg: 0.8, Max: 2, Diff: 2, Sum: 5]
      [Scan RS (ms): Min: 0.0, Avg: 0.1, Max: 0.1, Diff: 0.1, Sum: 0.4]
      [Code Root Scanning (ms): Min: 0.0, Avg: 0.0, Max: 0.0, Diff: 0.0, Sum: 0.0]
      [Object Copy (ms): Min: 0.1, Avg: 0.2, Max: 0.4, Diff: 0.2, Sum: 1.3]
      [Termination (ms): Min: 0.0, Avg: 0.1, Max: 0.1, Diff: 0.1, Sum: 0.4]
         [Termination Attempts: Min: 1, Avg: 1.3, Max: 2, Diff: 1, Sum: 8]
      [GC Worker Other (ms): Min: 0.0, Avg: 0.0, Max: 0.0, Diff: 0.0, Sum: 0.1]
      [GC Worker Total (ms): Min: 0.6, Avg: 0.7, Max: 0.7, Diff: 0.1, Sum: 3.9]
      [GC Worker End (ms): Min: 896239.6, Avg: 896239.6, Max: 896239.6, Diff: 0.0]
   [Code Root Fixup: 0.0 ms]
   [Code Root Purge: 0.0 ms]
   [Clear CT: 0.1 ms]
   [Other: 0.7 ms]
      [Choose CSet: 0.0 ms]
      [Ref Proc: 0.1 ms]
      [Ref Enq: 0.0 ms]
      [Redirty Cards: 0.1 ms]
      [Humongous Register: 0.0 ms]
      [Humongous Reclaim: 0.0 ms]
      [Free CSet: 0.3 ms]
   [Eden: 418.0M(418.0M)->0.0B(418.0M) Survivors: 2048.0K->2048.0K Heap: 480.4M(700.0M)->64020.9K(700.0M)]
 [Times: user=0.00 sys=0.00, real=0.00 secs] 
2024-10-10T18:06:42.634+0300: 896.240: Total time for which application threads were stopped: 0.0019410 seconds, Stopping threads took: 0.0001828 seconds
2024-10-10T18:06:47.076+0300: 900.680: Application time: 4.4395274 seconds
2024-10-10T18:06:47.076+0300: 900.680: [GC pause (G1 Evacuation Pause) (young), 0.0016784 secs]
   [Parallel Time: 0.8 ms, GC Workers: 6]
      [GC Worker Start (ms): Min: 900680.4, Avg: 900680.5, Max: 900680.6, Diff: 0.1]
      [Ext Root Scanning (ms): Min: 0.2, Avg: 0.3, Max: 0.3, Diff: 0.1, Sum: 1.6]
      [Update RS (ms): Min: 0.0, Avg: 0.0, Max: 0.0, Diff: 0.0, Sum: 0.1]
         [Processed Buffers: Min: 0, Avg: 1.0, Max: 2, Diff: 2, Sum: 6]
      [Scan RS (ms): Min: 0.0, Avg: 0.1, Max: 0.1, Diff: 0.1, Sum: 0.5]
      [Code Root Scanning (ms): Min: 0.0, Avg: 0.0, Max: 0.0, Diff: 0.0, Sum: 0.0]
      [Object Copy (ms): Min: 0.1, Avg: 0.2, Max: 0.3, Diff: 0.2, Sum: 1.1]
      [Termination (ms): Min: 0.0, Avg: 0.0, Max: 0.1, Diff: 0.1, Sum: 0.3]
         [Termination Attempts: Min: 1, Avg: 1.0, Max: 1, Diff: 0, Sum: 6]
      [GC Worker Other (ms): Min: 0.0, Avg: 0.0, Max: 0.0, Diff: 0.0, Sum: 0.1]
      [GC Worker Total (ms): Min: 0.6, Avg: 0.6, Max: 0.7, Diff: 0.1, Sum: 3.8]
      [GC Worker End (ms): Min: 900681.1, Avg: 900681.1, Max: 900681.1, Diff: 0.0]
   [Code Root Fixup: 0.0 ms]
   [Code Root Purge: 0.0 ms]
   [Clear CT: 0.2 ms]
   [Other: 0.7 ms]
      [Choose CSet: 0.0 ms]
      [Ref Proc: 0.1 ms]
      [Ref Enq: 0.0 ms]
      [Redirty Cards: 0.1 ms]
      [Humongous Register: 0.1 ms]
      [Humongous Reclaim: 0.0 ms]
      [Free CSet: 0.3 ms]
   [Eden: 418.0M(418.0M)->0.0B(417.0M) Survivors: 2048.0K->3072.0K Heap: 480.5M(700.0M)->64365.4K(700.0M)]
 [Times: user=0.00 sys=0.00, real=0.00 secs] 
2024-10-10T18:06:47.076+0300: 900.682: Total time for which application threads were stopped: 0.0020688 seconds, Stopping threads took: 0.0001601 seconds
2024-10-10T18:06:51.501+0300: 905.110: Application time: 4.4282443 seconds
2024-10-10T18:06:51.501+0300: 905.111: [GC pause (G1 Evacuation Pause) (young), 0.0020688 secs]
   [Parallel Time: 1.1 ms, GC Workers: 6]
      [GC Worker Start (ms): Min: 905111.0, Avg: 905111.0, Max: 905111.1, Diff: 0.1]
      [Ext Root Scanning (ms): Min: 0.2, Avg: 0.3, Max: 0.3, Diff: 0.1, Sum: 1.6]
      [Update RS (ms): Min: 0.0, Avg: 0.0, Max: 0.0, Diff: 0.0, Sum: 0.1]
         [Processed Buffers: Min: 0, Avg: 0.8, Max: 3, Diff: 3, Sum: 5]
      [Scan RS (ms): Min: 0.0, Avg: 0.1, Max: 0.1, Diff: 0.1, Sum: 0.4]
      [Code Root Scanning (ms): Min: 0.0, Avg: 0.0, Max: 0.0, Diff: 0.0, Sum: 0.0]
      [Object Copy (ms): Min: 0.1, Avg: 0.2, Max: 0.3, Diff: 0.2, Sum: 1.3]
      [Termination (ms): Min: 0.0, Avg: 0.0, Max: 0.0, Diff: 0.0, Sum: 0.0]
         [Termination Attempts: Min: 1, Avg: 1.7, Max: 2, Diff: 1, Sum: 10]
      [GC Worker Other (ms): Min: 0.0, Avg: 0.0, Max: 0.1, Diff: 0.1, Sum: 0.3]
      [GC Worker Total (ms): Min: 0.5, Avg: 0.6, Max: 0.7, Diff: 0.2, Sum: 3.7]
      [GC Worker End (ms): Min: 905111.6, Avg: 905111.7, Max: 905111.7, Diff: 0.1]
   [Code Root Fixup: 0.0 ms]
   [Code Root Purge: 0.0 ms]
   [Clear CT: 0.2 ms]
   [Other: 0.8 ms]
      [Choose CSet: 0.0 ms]
      [Ref Proc: 0.2 ms]
      [Ref Enq: 0.0 ms]
      [Redirty Cards: 0.1 ms]
      [Humongous Register: 0.1 ms]
      [Humongous Reclaim: 0.0 ms]
      [Free CSet: 0.3 ms]
   [Eden: 417.0M(417.0M)->0.0B(418.0M) Survivors: 3072.0K->2048.0K Heap: 479.9M(700.0M)->63958.8K(700.0M)]
 [Times: user=0.00 sys=0.00, real=0.01 secs] 
2024-10-10T18:06:51.514+0300: 905.113: Total time for which application threads were stopped: 0.0024735 seconds, Stopping threads took: 0.0001637 seconds
2024-10-10T18:06:55.912+0300: 909.523: Application time: 4.4101920 seconds
2024-10-10T18:06:55.912+0300: 909.523: [GC pause (G1 Evacuation Pause) (young), 0.0014760 secs]
   [Parallel Time: 0.7 ms, GC Workers: 6]
      [GC Worker Start (ms): Min: 909523.4, Avg: 909523.4, Max: 909523.4, Diff: 0.1]
      [Ext Root Scanning (ms): Min: 0.2, Avg: 0.3, Max: 0.3, Diff: 0.1, Sum: 1.6]
      [Update RS (ms): Min: 0.0, Avg: 0.0, Max: 0.0, Diff: 0.0, Sum: 0.1]
         [Processed Buffers: Min: 0, Avg: 1.0, Max: 3, Diff: 3, Sum: 6]
      [Scan RS (ms): Min: 0.0, Avg: 0.1, Max: 0.3, Diff: 0.3, Sum: 0.7]
      [Code Root Scanning (ms): Min: 0.0, Avg: 0.0, Max: 0.0, Diff: 0.0, Sum: 0.0]
      [Object Copy (ms): Min: 0.0, Avg: 0.2, Max: 0.3, Diff: 0.3, Sum: 1.0]
      [Termination (ms): Min: 0.0, Avg: 0.0, Max: 0.0, Diff: 0.0, Sum: 0.2]
         [Termination Attempts: Min: 1, Avg: 1.0, Max: 1, Diff: 0, Sum: 6]
      [GC Worker Other (ms): Min: 0.0, Avg: 0.0, Max: 0.0, Diff: 0.0, Sum: 0.1]
      [GC Worker Total (ms): Min: 0.6, Avg: 0.6, Max: 0.6, Diff: 0.1, Sum: 3.8]
      [GC Worker End (ms): Min: 909524.0, Avg: 909524.0, Max: 909524.0, Diff: 0.0]
   [Code Root Fixup: 0.0 ms]
   [Code Root Purge: 0.0 ms]
   [Clear CT: 0.1 ms]
   [Other: 0.6 ms]
      [Choose CSet: 0.0 ms]
      [Ref Proc: 0.1 ms]
      [Ref Enq: 0.0 ms]
      [Redirty Cards: 0.1 ms]
      [Humongous Register: 0.1 ms]
      [Humongous Reclaim: 0.0 ms]
      [Free CSet: 0.2 ms]
   [Eden: 418.0M(418.0M)->0.0B(417.0M) Survivors: 2048.0K->3072.0K Heap: 480.5M(700.0M)->64239.6K(700.0M)]
 [Times: user=0.00 sys=0.00, real=0.00 secs] 
2024-10-10T18:06:55.912+0300: 909.525: Total time for which application threads were stopped: 0.0018433 seconds, Stopping threads took: 0.0001625 seconds
2024-10-10T18:07:00.416+0300: 914.016: Application time: 4.4911701 seconds
2024-10-10T18:07:00.416+0300: 914.016: [GC pause (G1 Evacuation Pause) (young), 0.0012262 secs]
   [Parallel Time: 0.5 ms, GC Workers: 6]
      [GC Worker Start (ms): Min: 914016.2, Avg: 914016.3, Max: 914016.3, Diff: 0.1]
      [Ext Root Scanning (ms): Min: 0.2, Avg: 0.2, Max: 0.3, Diff: 0.1, Sum: 1.4]
      [Update RS (ms): Min: 0.0, Avg: 0.0, Max: 0.0, Diff: 0.0, Sum: 0.1]
         [Processed Buffers: Min: 0, Avg: 0.8, Max: 3, Diff: 3, Sum: 5]
      [Scan RS (ms): Min: 0.0, Avg: 0.1, Max: 0.1, Diff: 0.0, Sum: 0.4]
      [Code Root Scanning (ms): Min: 0.0, Avg: 0.0, Max: 0.0, Diff: 0.0, Sum: 0.0]
      [Object Copy (ms): Min: 0.1, Avg: 0.1, Max: 0.2, Diff: 0.1, Sum: 0.7]
      [Termination (ms): Min: 0.0, Avg: 0.0, Max: 0.0, Diff: 0.0, Sum: 0.1]
         [Termination Attempts: Min: 1, Avg: 1.0, Max: 1, Diff: 0, Sum: 6]
      [GC Worker Other (ms): Min: 0.0, Avg: 0.0, Max: 0.0, Diff: 0.0, Sum: 0.1]
      [GC Worker Total (ms): Min: 0.4, Avg: 0.5, Max: 0.5, Diff: 0.1, Sum: 2.8]
      [GC Worker End (ms): Min: 914016.7, Avg: 914016.7, Max: 914016.8, Diff: 0.0]
   [Code Root Fixup: 0.0 ms]
   [Code Root Purge: 0.0 ms]
   [Clear CT: 0.2 ms]
   [Other: 0.5 ms]
      [Choose CSet: 0.0 ms]
      [Ref Proc: 0.1 ms]
      [Ref Enq: 0.0 ms]
      [Redirty Cards: 0.1 ms]
      [Humongous Register: 0.0 ms]
      [Humongous Reclaim: 0.0 ms]
      [Free CSet: 0.2 ms]
   [Eden: 417.0M(417.0M)->0.0B(418.0M) Survivors: 3072.0K->2048.0K Heap: 479.7M(700.0M)->63967.3K(700.0M)]
 [Times: user=0.00 sys=0.00, real=0.00 secs] 
2024-10-10T18:07:00.416+0300: 914.018: Total time for which application threads were stopped: 0.0014966 seconds, Stopping threads took: 0.0001080 seconds
2024-10-10T18:07:04.843+0300: 918.450: Application time: 4.4326032 seconds
2024-10-10T18:07:04.843+0300: 918.450: [GC pause (G1 Evacuation Pause) (young), 0.0013825 secs]
   [Parallel Time: 0.7 ms, GC Workers: 6]
      [GC Worker Start (ms): Min: 918450.4, Avg: 918450.5, Max: 918450.5, Diff: 0.1]
      [Ext Root Scanning (ms): Min: 0.2, Avg: 0.3, Max: 0.3, Diff: 0.1, Sum: 1.6]
      [Update RS (ms): Min: 0.0, Avg: 0.0, Max: 0.0, Diff: 0.0, Sum: 0.1]
         [Processed Buffers: Min: 0, Avg: 0.8, Max: 3, Diff: 3, Sum: 5]
      [Scan RS (ms): Min: 0.0, Avg: 0.1, Max: 0.1, Diff: 0.1, Sum: 0.4]
      [Code Root Scanning (ms): Min: 0.0, Avg: 0.0, Max: 0.0, Diff: 0.0, Sum: 0.0]
      [Object Copy (ms): Min: 0.2, Avg: 0.2, Max: 0.3, Diff: 0.1, Sum: 1.3]
      [Termination (ms): Min: 0.0, Avg: 0.0, Max: 0.0, Diff: 0.0, Sum: 0.0]
         [Termination Attempts: Min: 1, Avg: 1.8, Max: 3, Diff: 2, Sum: 11]
      [GC Worker Other (ms): Min: 0.0, Avg: 0.0, Max: 0.1, Diff: 0.1, Sum: 0.2]
      [GC Worker Total (ms): Min: 0.6, Avg: 0.6, Max: 0.6, Diff: 0.1, Sum: 3.7]
      [GC Worker End (ms): Min: 918451.1, Avg: 918451.1, Max: 918451.1, Diff: 0.0]
   [Code Root Fixup: 0.0 ms]
   [Code Root Purge: 0.0 ms]
   [Clear CT: 0.2 ms]
   [Other: 0.5 ms]
      [Choose CSet: 0.0 ms]
      [Ref Proc: 0.1 ms]
      [Ref Enq: 0.0 ms]
      [Redirty Cards: 0.1 ms]
      [Humongous Register: 0.0 ms]
      [Humongous Reclaim: 0.0 ms]
      [Free CSet: 0.2 ms]
   [Eden: 418.0M(418.0M)->0.0B(417.0M) Survivors: 2048.0K->3072.0K Heap: 480.5M(700.0M)->64575.6K(700.0M)]
 [Times: user=0.03 sys=0.00, real=0.00 secs] 
2024-10-10T18:07:04.843+0300: 918.452: Total time for which application threads were stopped: 0.0017331 seconds, Stopping threads took: 0.0001472 seconds
2024-10-10T18:07:09.269+0300: 922.875: Application time: 4.4234846 seconds
2024-10-10T18:07:09.269+0300: 922.876: [GC pause (G1 Evacuation Pause) (young), 0.0012914 secs]
   [Parallel Time: 0.7 ms, GC Workers: 6]
      [GC Worker Start (ms): Min: 922875.7, Avg: 922875.7, Max: 922875.7, Diff: 0.0]
      [Ext Root Scanning (ms): Min: 0.2, Avg: 0.2, Max: 0.3, Diff: 0.0, Sum: 1.5]
      [Update RS (ms): Min: 0.0, Avg: 0.0, Max: 0.0, Diff: 0.0, Sum: 0.1]
         [Processed Buffers: Min: 0, Avg: 0.7, Max: 1, Diff: 1, Sum: 4]
      [Scan RS (ms): Min: 0.0, Avg: 0.1, Max: 0.1, Diff: 0.1, Sum: 0.4]
      [Code Root Scanning (ms): Min: 0.0, Avg: 0.0, Max: 0.0, Diff: 0.0, Sum: 0.0]
      [Object Copy (ms): Min: 0.1, Avg: 0.2, Max: 0.2, Diff: 0.1, Sum: 1.1]
      [Termination (ms): Min: 0.0, Avg: 0.0, Max: 0.0, Diff: 0.0, Sum: 0.0]
         [Termination Attempts: Min: 1, Avg: 1.7, Max: 3, Diff: 2, Sum: 10]
      [GC Worker Other (ms): Min: 0.0, Avg: 0.0, Max: 0.0, Diff: 0.0, Sum: 0.1]
      [GC Worker Total (ms): Min: 0.5, Avg: 0.5, Max: 0.6, Diff: 0.1, Sum: 3.3]
      [GC Worker End (ms): Min: 922876.2, Avg: 922876.2, Max: 922876.3, Diff: 0.0]
   [Code Root Fixup: 0.0 ms]
   [Code Root Purge: 0.0 ms]
   [Clear CT: 0.2 ms]
   [Other: 0.5 ms]
      [Choose CSet: 0.0 ms]
      [Ref Proc: 0.1 ms]
      [Ref Enq: 0.0 ms]
      [Redirty Cards: 0.1 ms]
      [Humongous Register: 0.0 ms]
      [Humongous Reclaim: 0.0 ms]
      [Free CSet: 0.2 ms]
   [Eden: 417.0M(417.0M)->0.0B(417.0M) Survivors: 3072.0K->3072.0K Heap: 480.1M(700.0M)->64403.6K(700.0M)]
 [Times: user=0.00 sys=0.00, real=0.00 secs] 
2024-10-10T18:07:09.269+0300: 922.877: Total time for which application threads were stopped: 0.0016676 seconds, Stopping threads took: 0.0001957 seconds
2024-10-10T18:07:13.680+0300: 927.282: Application time: 4.4048911 seconds
2024-10-10T18:07:13.680+0300: 927.282: [GC pause (G1 Evacuation Pause) (young), 0.0017701 secs]
   [Parallel Time: 0.7 ms, GC Workers: 6]
      [GC Worker Start (ms): Min: 927282.3, Avg: 927282.5, Max: 927282.5, Diff: 0.2]
      [Ext Root Scanning (ms): Min: 0.2, Avg: 0.3, Max: 0.4, Diff: 0.2, Sum: 1.6]
      [Update RS (ms): Min: 0.0, Avg: 0.0, Max: 0.0, Diff: 0.0, Sum: 0.1]
         [Processed Buffers: Min: 0, Avg: 0.8, Max: 2, Diff: 2, Sum: 5]
      [Scan RS (ms): Min: 0.1, Avg: 0.1, Max: 0.1, Diff: 0.0, Sum: 0.4]
      [Code Root Scanning (ms): Min: 0.0, Avg: 0.0, Max: 0.0, Diff: 0.0, Sum: 0.0]
      [Object Copy (ms): Min: 0.2, Avg: 0.2, Max: 0.2, Diff: 0.0, Sum: 1.0]
      [Termination (ms): Min: 0.0, Avg: 0.0, Max: 0.0, Diff: 0.0, Sum: 0.2]
         [Termination Attempts: Min: 1, Avg: 1.0, Max: 1, Diff: 0, Sum: 6]
      [GC Worker Other (ms): Min: 0.0, Avg: 0.0, Max: 0.0, Diff: 0.0, Sum: 0.1]
      [GC Worker Total (ms): Min: 0.5, Avg: 0.6, Max: 0.7, Diff: 0.2, Sum: 3.4]
      [GC Worker End (ms): Min: 927283.0, Avg: 927283.0, Max: 927283.0, Diff: 0.0]
   [Code Root Fixup: 0.0 ms]
   [Code Root Purge: 0.0 ms]
   [Clear CT: 0.2 ms]
   [Other: 0.8 ms]
      [Choose CSet: 0.0 ms]
      [Ref Proc: 0.1 ms]
      [Ref Enq: 0.0 ms]
      [Redirty Cards: 0.1 ms]
      [Humongous Register: 0.1 ms]
      [Humongous Reclaim: 0.0 ms]
      [Free CSet: 0.3 ms]
   [Eden: 417.0M(417.0M)->0.0B(417.0M) Survivors: 3072.0K->3072.0K Heap: 479.9M(700.0M)->64398.4K(700.0M)]
 [Times: user=0.00 sys=0.00, real=0.00 secs] 
2024-10-10T18:07:13.684+0300: 927.284: Total time for which application threads were stopped: 0.0021826 seconds, Stopping threads took: 0.0001743 seconds
2024-10-10T18:07:18.106+0300: 931.706: Application time: 4.4219012 seconds
2024-10-10T18:07:18.106+0300: 931.706: [GC pause (G1 Evacuation Pause) (young), 0.0013243 secs]
   [Parallel Time: 0.6 ms, GC Workers: 6]
      [GC Worker Start (ms): Min: 931706.3, Avg: 931706.3, Max: 931706.3, Diff: 0.0]
      [Ext Root Scanning (ms): Min: 0.2, Avg: 0.2, Max: 0.3, Diff: 0.0, Sum: 1.5]
      [Update RS (ms): Min: 0.0, Avg: 0.0, Max: 0.0, Diff: 0.0, Sum: 0.1]
         [Processed Buffers: Min: 0, Avg: 0.8, Max: 2, Diff: 2, Sum: 5]
      [Scan RS (ms): Min: 0.0, Avg: 0.1, Max: 0.1, Diff: 0.0, Sum: 0.4]
      [Code Root Scanning (ms): Min: 0.0, Avg: 0.0, Max: 0.0, Diff: 0.0, Sum: 0.0]
      [Object Copy (ms): Min: 0.1, Avg: 0.1, Max: 0.2, Diff: 0.0, Sum: 0.9]
      [Termination (ms): Min: 0.0, Avg: 0.0, Max: 0.1, Diff: 0.1, Sum: 0.2]
         [Termination Attempts: Min: 1, Avg: 1.0, Max: 1, Diff: 0, Sum: 6]
      [GC Worker Other (ms): Min: 0.0, Avg: 0.0, Max: 0.0, Diff: 0.0, Sum: 0.1]
      [GC Worker Total (ms): Min: 0.5, Avg: 0.5, Max: 0.6, Diff: 0.1, Sum: 3.1]
      [GC Worker End (ms): Min: 931706.8, Avg: 931706.8, Max: 931706.8, Diff: 0.0]
   [Code Root Fixup: 0.0 ms]
   [Code Root Purge: 0.0 ms]
   [Clear CT: 0.2 ms]
   [Other: 0.5 ms]
      [Choose CSet: 0.0 ms]
      [Ref Proc: 0.1 ms]
      [Ref Enq: 0.0 ms]
      [Redirty Cards: 0.1 ms]
      [Humongous Register: 0.0 ms]
      [Humongous Reclaim: 0.0 ms]
      [Free CSet: 0.2 ms]
   [Eden: 417.0M(417.0M)->0.0B(417.0M) Survivors: 3072.0K->3072.0K Heap: 479.9M(700.0M)->64533.6K(700.0M)]
 [Times: user=0.00 sys=0.00, real=0.00 secs] 
2024-10-10T18:07:18.106+0300: 931.708: Total time for which application threads were stopped: 0.0017022 seconds, Stopping threads took: 0.0001463 seconds
2024-10-10T18:07:22.485+0300: 936.096: Application time: 4.3881363 seconds
2024-10-10T18:07:22.485+0300: 936.096: [GC pause (G1 Evacuation Pause) (young), 0.0017044 secs]
   [Parallel Time: 0.8 ms, GC Workers: 6]
      [GC Worker Start (ms): Min: 936096.3, Avg: 936096.4, Max: 936096.7, Diff: 0.4]
      [Ext Root Scanning (ms): Min: 0.0, Avg: 0.3, Max: 0.3, Diff: 0.3, Sum: 1.5]
      [Update RS (ms): Min: 0.0, Avg: 0.0, Max: 0.0, Diff: 0.0, Sum: 0.1]
         [Processed Buffers: Min: 0, Avg: 0.8, Max: 3, Diff: 3, Sum: 5]
      [Scan RS (ms): Min: 0.0, Avg: 0.1, Max: 0.1, Diff: 0.1, Sum: 0.5]
      [Code Root Scanning (ms): Min: 0.0, Avg: 0.0, Max: 0.0, Diff: 0.0, Sum: 0.0]
      [Object Copy (ms): Min: 0.1, Avg: 0.2, Max: 0.3, Diff: 0.1, Sum: 1.0]
      [Termination (ms): Min: 0.0, Avg: 0.0, Max: 0.0, Diff: 0.0, Sum: 0.1]
         [Termination Attempts: Min: 1, Avg: 1.0, Max: 1, Diff: 0, Sum: 6]
      [GC Worker Other (ms): Min: 0.0, Avg: 0.0, Max: 0.0, Diff: 0.0, Sum: 0.1]
      [GC Worker Total (ms): Min: 0.3, Avg: 0.5, Max: 0.6, Diff: 0.4, Sum: 3.3]
      [GC Worker End (ms): Min: 936097.0, Avg: 936097.0, Max: 936097.0, Diff: 0.0]
   [Code Root Fixup: 0.0 ms]
   [Code Root Purge: 0.0 ms]
   [Clear CT: 0.2 ms]
   [Other: 0.7 ms]
      [Choose CSet: 0.0 ms]
      [Ref Proc: 0.1 ms]
      [Ref Enq: 0.0 ms]
      [Redirty Cards: 0.1 ms]
      [Humongous Register: 0.1 ms]
      [Humongous Reclaim: 0.0 ms]
      [Free CSet: 0.3 ms]
   [Eden: 417.0M(417.0M)->0.0B(417.0M) Survivors: 3072.0K->3072.0K Heap: 480.0M(700.0M)->64432.8K(700.0M)]
 [Times: user=0.00 sys=0.00, real=0.00 secs] 
2024-10-10T18:07:22.485+0300: 936.098: Total time for which application threads were stopped: 0.0020830 seconds, Stopping threads took: 0.0001783 seconds
2024-10-10T18:07:26.926+0300: 940.532: Application time: 4.4344105 seconds
2024-10-10T18:07:26.926+0300: 940.533: [GC pause (G1 Evacuation Pause) (young), 0.0015633 secs]
   [Parallel Time: 0.7 ms, GC Workers: 6]
      [GC Worker Start (ms): Min: 940532.7, Avg: 940532.8, Max: 940532.8, Diff: 0.1]
      [Ext Root Scanning (ms): Min: 0.2, Avg: 0.3, Max: 0.3, Diff: 0.1, Sum: 1.6]
      [Update RS (ms): Min: 0.0, Avg: 0.0, Max: 0.1, Diff: 0.1, Sum: 0.1]
         [Processed Buffers: Min: 0, Avg: 0.8, Max: 2, Diff: 2, Sum: 5]
      [Scan RS (ms): Min: 0.0, Avg: 0.1, Max: 0.1, Diff: 0.1, Sum: 0.4]
      [Code Root Scanning (ms): Min: 0.0, Avg: 0.0, Max: 0.0, Diff: 0.0, Sum: 0.0]
      [Object Copy (ms): Min: 0.2, Avg: 0.2, Max: 0.2, Diff: 0.1, Sum: 1.2]
      [Termination (ms): Min: 0.0, Avg: 0.0, Max: 0.1, Diff: 0.1, Sum: 0.2]
         [Termination Attempts: Min: 1, Avg: 1.3, Max: 2, Diff: 1, Sum: 8]
      [GC Worker Other (ms): Min: 0.0, Avg: 0.0, Max: 0.0, Diff: 0.0, Sum: 0.1]
      [GC Worker Total (ms): Min: 0.6, Avg: 0.6, Max: 0.7, Diff: 0.1, Sum: 3.7]
      [GC Worker End (ms): Min: 940533.4, Avg: 940533.4, Max: 940533.4, Diff: 0.0]
   [Code Root Fixup: 0.0 ms]
   [Code Root Purge: 0.0 ms]
   [Clear CT: 0.2 ms]
   [Other: 0.7 ms]
      [Choose CSet: 0.0 ms]
      [Ref Proc: 0.1 ms]
      [Ref Enq: 0.0 ms]
      [Redirty Cards: 0.1 ms]
      [Humongous Register: 0.1 ms]
      [Humongous Reclaim: 0.0 ms]
      [Free CSet: 0.2 ms]
   [Eden: 417.0M(417.0M)->0.0B(418.0M) Survivors: 3072.0K->2048.0K Heap: 479.9M(700.0M)->63976.4K(700.0M)]
 [Times: user=0.00 sys=0.00, real=0.00 secs] 
2024-10-10T18:07:26.926+0300: 940.534: Total time for which application threads were stopped: 0.0019663 seconds, Stopping threads took: 0.0001522 seconds
2024-10-10T18:07:31.351+0300: 944.965: Application time: 4.4306499 seconds
2024-10-10T18:07:31.351+0300: 944.965: [GC pause (G1 Evacuation Pause) (young), 0.0017627 secs]
   [Parallel Time: 0.8 ms, GC Workers: 6]
      [GC Worker Start (ms): Min: 944965.3, Avg: 944965.4, Max: 944965.4, Diff: 0.1]
      [Ext Root Scanning (ms): Min: 0.2, Avg: 0.3, Max: 0.3, Diff: 0.1, Sum: 1.6]
      [Update RS (ms): Min: 0.0, Avg: 0.1, Max: 0.4, Diff: 0.4, Sum: 0.5]
         [Processed Buffers: Min: 0, Avg: 1.2, Max: 3, Diff: 3, Sum: 7]
      [Scan RS (ms): Min: 0.0, Avg: 0.1, Max: 0.3, Diff: 0.3, Sum: 0.9]
      [Code Root Scanning (ms): Min: 0.0, Avg: 0.0, Max: 0.0, Diff: 0.0, Sum: 0.0]
      [Object Copy (ms): Min: 0.0, Avg: 0.2, Max: 0.3, Diff: 0.3, Sum: 1.0]
      [Termination (ms): Min: 0.0, Avg: 0.0, Max: 0.0, Diff: 0.0, Sum: 0.2]
         [Termination Attempts: Min: 1, Avg: 1.0, Max: 1, Diff: 0, Sum: 6]
      [GC Worker Other (ms): Min: 0.0, Avg: 0.0, Max: 0.0, Diff: 0.0, Sum: 0.1]
      [GC Worker Total (ms): Min: 0.7, Avg: 0.7, Max: 0.7, Diff: 0.1, Sum: 4.2]
      [GC Worker End (ms): Min: 944966.1, Avg: 944966.1, Max: 944966.1, Diff: 0.0]
   [Code Root Fixup: 0.0 ms]
   [Code Root Purge: 0.0 ms]
   [Clear CT: 0.2 ms]
   [Other: 0.8 ms]
      [Choose CSet: 0.0 ms]
      [Ref Proc: 0.1 ms]
      [Ref Enq: 0.0 ms]
      [Redirty Cards: 0.1 ms]
      [Humongous Register: 0.0 ms]
      [Humongous Reclaim: 0.0 ms]
      [Free CSet: 0.4 ms]
   [Eden: 418.0M(418.0M)->0.0B(417.0M) Survivors: 2048.0K->3072.0K Heap: 480.5M(700.0M)->64282.3K(700.0M)]
 [Times: user=0.03 sys=0.00, real=0.02 secs] 
2024-10-10T18:07:31.367+0300: 944.967: Total time for which application threads were stopped: 0.0021762 seconds, Stopping threads took: 0.0001675 seconds
2024-10-10T18:07:35.824+0300: 949.425: Application time: 4.4581291 seconds
2024-10-10T18:07:35.824+0300: 949.425: [GC pause (G1 Evacuation Pause) (young), 0.0017628 secs]
   [Parallel Time: 0.6 ms, GC Workers: 6]
      [GC Worker Start (ms): Min: 949425.6, Avg: 949425.7, Max: 949425.7, Diff: 0.1]
      [Ext Root Scanning (ms): Min: 0.2, Avg: 0.3, Max: 0.3, Diff: 0.1, Sum: 1.5]
      [Update RS (ms): Min: 0.0, Avg: 0.0, Max: 0.0, Diff: 0.0, Sum: 0.1]
         [Processed Buffers: Min: 0, Avg: 0.8, Max: 2, Diff: 2, Sum: 5]
      [Scan RS (ms): Min: 0.0, Avg: 0.1, Max: 0.1, Diff: 0.0, Sum: 0.4]
      [Code Root Scanning (ms): Min: 0.0, Avg: 0.0, Max: 0.0, Diff: 0.0, Sum: 0.0]
      [Object Copy (ms): Min: 0.1, Avg: 0.1, Max: 0.1, Diff: 0.1, Sum: 0.6]
      [Termination (ms): Min: 0.0, Avg: 0.0, Max: 0.0, Diff: 0.0, Sum: 0.1]
         [Termination Attempts: Min: 1, Avg: 1.0, Max: 1, Diff: 0, Sum: 6]
      [GC Worker Other (ms): Min: 0.0, Avg: 0.0, Max: 0.0, Diff: 0.0, Sum: 0.1]
      [GC Worker Total (ms): Min: 0.5, Avg: 0.5, Max: 0.5, Diff: 0.1, Sum: 2.9]
      [GC Worker End (ms): Min: 949426.1, Avg: 949426.2, Max: 949426.2, Diff: 0.0]
   [Code Root Fixup: 0.0 ms]
   [Code Root Purge: 0.0 ms]
   [Clear CT: 0.3 ms]
   [Other: 0.8 ms]
      [Choose CSet: 0.0 ms]
      [Ref Proc: 0.1 ms]
      [Ref Enq: 0.0 ms]
      [Redirty Cards: 0.1 ms]
      [Humongous Register: 0.1 ms]
      [Humongous Reclaim: 0.0 ms]
      [Free CSet: 0.3 ms]
   [Eden: 417.0M(417.0M)->0.0B(418.0M) Survivors: 3072.0K->2048.0K Heap: 479.8M(700.0M)->63833.7K(700.0M)]
 [Times: user=0.00 sys=0.00, real=0.00 secs] 
2024-10-10T18:07:35.828+0300: 949.427: Total time for which application threads were stopped: 0.0022156 seconds, Stopping threads took: 0.0001384 seconds
2024-10-10T18:07:40.203+0300: 953.817: Application time: 4.3900080 seconds
2024-10-10T18:07:40.203+0300: 953.818: [GC pause (G1 Evacuation Pause) (young), 0.0014588 secs]
   [Parallel Time: 0.7 ms, GC Workers: 6]
      [GC Worker Start (ms): Min: 953817.8, Avg: 953817.9, Max: 953817.9, Diff: 0.1]
      [Ext Root Scanning (ms): Min: 0.2, Avg: 0.3, Max: 0.3, Diff: 0.1, Sum: 1.6]
      [Update RS (ms): Min: 0.0, Avg: 0.0, Max: 0.0, Diff: 0.0, Sum: 0.1]
         [Processed Buffers: Min: 0, Avg: 1.2, Max: 3, Diff: 3, Sum: 7]
      [Scan RS (ms): Min: 0.0, Avg: 0.1, Max: 0.1, Diff: 0.0, Sum: 0.4]
      [Code Root Scanning (ms): Min: 0.0, Avg: 0.0, Max: 0.0, Diff: 0.0, Sum: 0.0]
      [Object Copy (ms): Min: 0.1, Avg: 0.1, Max: 0.2, Diff: 0.1, Sum: 0.9]
      [Termination (ms): Min: 0.0, Avg: 0.0, Max: 0.0, Diff: 0.0, Sum: 0.0]
         [Termination Attempts: Min: 1, Avg: 2.3, Max: 5, Diff: 4, Sum: 14]
      [GC Worker Other (ms): Min: 0.0, Avg: 0.0, Max: 0.1, Diff: 0.1, Sum: 0.2]
      [GC Worker Total (ms): Min: 0.5, Avg: 0.5, Max: 0.6, Diff: 0.1, Sum: 3.2]
      [GC Worker End (ms): Min: 953818.4, Avg: 953818.4, Max: 953818.4, Diff: 0.0]
   [Code Root Fixup: 0.0 ms]
   [Code Root Purge: 0.0 ms]
   [Clear CT: 0.2 ms]
   [Other: 0.6 ms]
      [Choose CSet: 0.0 ms]
      [Ref Proc: 0.2 ms]
      [Ref Enq: 0.0 ms]
      [Redirty Cards: 0.1 ms]
      [Humongous Register: 0.1 ms]
      [Humongous Reclaim: 0.0 ms]
      [Free CSet: 0.2 ms]
   [Eden: 418.0M(418.0M)->0.0B(418.0M) Survivors: 2048.0K->2048.0K Heap: 480.3M(700.0M)->63579.5K(700.0M)]
 [Times: user=0.00 sys=0.00, real=0.02 secs] 
2024-10-10T18:07:40.219+0300: 953.819: Total time for which application threads were stopped: 0.0017878 seconds, Stopping threads took: 0.0001393 seconds
2024-10-10T18:07:44.630+0300: 958.243: Application time: 4.4240002 seconds
2024-10-10T18:07:44.630+0300: 958.244: [GC pause (G1 Evacuation Pause) (young), 0.0015282 secs]
   [Parallel Time: 0.7 ms, GC Workers: 6]
      [GC Worker Start (ms): Min: 958243.7, Avg: 958243.8, Max: 958243.8, Diff: 0.1]
      [Ext Root Scanning (ms): Min: 0.2, Avg: 0.3, Max: 0.3, Diff: 0.1, Sum: 1.6]
      [Update RS (ms): Min: 0.0, Avg: 0.0, Max: 0.0, Diff: 0.0, Sum: 0.1]
         [Processed Buffers: Min: 0, Avg: 1.0, Max: 3, Diff: 3, Sum: 6]
      [Scan RS (ms): Min: 0.0, Avg: 0.1, Max: 0.1, Diff: 0.1, Sum: 0.5]
      [Code Root Scanning (ms): Min: 0.0, Avg: 0.0, Max: 0.0, Diff: 0.0, Sum: 0.0]
      [Object Copy (ms): Min: 0.1, Avg: 0.1, Max: 0.2, Diff: 0.1, Sum: 0.8]
      [Termination (ms): Min: 0.0, Avg: 0.0, Max: 0.1, Diff: 0.1, Sum: 0.2]
         [Termination Attempts: Min: 1, Avg: 1.0, Max: 1, Diff: 0, Sum: 6]
      [GC Worker Other (ms): Min: 0.0, Avg: 0.0, Max: 0.0, Diff: 0.0, Sum: 0.1]
      [GC Worker Total (ms): Min: 0.5, Avg: 0.6, Max: 0.6, Diff: 0.1, Sum: 3.3]
      [GC Worker End (ms): Min: 958244.3, Avg: 958244.3, Max: 958244.3, Diff: 0.0]
   [Code Root Fixup: 0.0 ms]
   [Code Root Purge: 0.0 ms]
   [Clear CT: 0.2 ms]
   [Other: 0.6 ms]
      [Choose CSet: 0.0 ms]
      [Ref Proc: 0.1 ms]
      [Ref Enq: 0.0 ms]
      [Redirty Cards: 0.1 ms]
      [Humongous Register: 0.1 ms]
      [Humongous Reclaim: 0.0 ms]
      [Free CSet: 0.3 ms]
   [Eden: 418.0M(418.0M)->0.0B(418.0M) Survivors: 2048.0K->2048.0K Heap: 480.1M(700.0M)->63783.5K(700.0M)]
 [Times: user=0.02 sys=0.00, real=0.02 secs] 
2024-10-10T18:07:44.646+0300: 958.245: Total time for which application threads were stopped: 0.0020051 seconds, Stopping threads took: 0.0001961 seconds
2024-10-10T18:07:49.118+0300: 962.721: Application time: 4.4755185 seconds
2024-10-10T18:07:49.118+0300: 962.721: [GC pause (G1 Evacuation Pause) (young), 0.0018540 secs]
   [Parallel Time: 0.7 ms, GC Workers: 6]
      [GC Worker Start (ms): Min: 962721.1, Avg: 962721.2, Max: 962721.2, Diff: 0.1]
      [Ext Root Scanning (ms): Min: 0.2, Avg: 0.3, Max: 0.3, Diff: 0.0, Sum: 1.6]
      [Update RS (ms): Min: 0.0, Avg: 0.0, Max: 0.0, Diff: 0.0, Sum: 0.1]
         [Processed Buffers: Min: 0, Avg: 0.8, Max: 2, Diff: 2, Sum: 5]
      [Scan RS (ms): Min: 0.0, Avg: 0.1, Max: 0.1, Diff: 0.1, Sum: 0.5]
      [Code Root Scanning (ms): Min: 0.0, Avg: 0.0, Max: 0.0, Diff: 0.0, Sum: 0.0]
      [Object Copy (ms): Min: 0.1, Avg: 0.2, Max: 0.3, Diff: 0.1, Sum: 1.2]
      [Termination (ms): Min: 0.0, Avg: 0.0, Max: 0.0, Diff: 0.0, Sum: 0.1]
         [Termination Attempts: Min: 1, Avg: 1.0, Max: 1, Diff: 0, Sum: 6]
      [GC Worker Other (ms): Min: 0.0, Avg: 0.0, Max: 0.0, Diff: 0.0, Sum: 0.1]
      [GC Worker Total (ms): Min: 0.6, Avg: 0.6, Max: 0.6, Diff: 0.0, Sum: 3.6]
      [GC Worker End (ms): Min: 962721.8, Avg: 962721.8, Max: 962721.8, Diff: 0.0]
   [Code Root Fixup: 0.0 ms]
   [Code Root Purge: 0.0 ms]
   [Clear CT: 0.4 ms]
   [Other: 0.7 ms]
      [Choose CSet: 0.0 ms]
      [Ref Proc: 0.1 ms]
      [Ref Enq: 0.0 ms]
      [Redirty Cards: 0.1 ms]
      [Humongous Register: 0.0 ms]
      [Humongous Reclaim: 0.0 ms]
      [Free CSet: 0.3 ms]
   [Eden: 418.0M(418.0M)->0.0B(417.0M) Survivors: 2048.0K->3072.0K Heap: 480.3M(700.0M)->64836.7K(700.0M)]
 [Times: user=0.00 sys=0.00, real=0.01 secs] 
2024-10-10T18:07:49.124+0300: 962.723: Total time for which application threads were stopped: 0.0022014 seconds, Stopping threads took: 0.0001539 seconds
2024-10-10T18:07:53.529+0300: 967.128: Application time: 4.4053567 seconds
2024-10-10T18:07:53.529+0300: 967.129: [GC pause (G1 Evacuation Pause) (young), 0.0017694 secs]
   [Parallel Time: 0.7 ms, GC Workers: 6]
      [GC Worker Start (ms): Min: 967128.8, Avg: 967128.8, Max: 967128.9, Diff: 0.1]
      [Ext Root Scanning (ms): Min: 0.2, Avg: 0.3, Max: 0.3, Diff: 0.1, Sum: 1.6]
      [Update RS (ms): Min: 0.0, Avg: 0.0, Max: 0.1, Diff: 0.1, Sum: 0.1]
         [Processed Buffers: Min: 0, Avg: 0.8, Max: 3, Diff: 3, Sum: 5]
      [Scan RS (ms): Min: 0.0, Avg: 0.1, Max: 0.1, Diff: 0.1, Sum: 0.5]
      [Code Root Scanning (ms): Min: 0.0, Avg: 0.0, Max: 0.0, Diff: 0.0, Sum: 0.0]
      [Object Copy (ms): Min: 0.1, Avg: 0.2, Max: 0.3, Diff: 0.1, Sum: 1.2]
      [Termination (ms): Min: 0.0, Avg: 0.0, Max: 0.0, Diff: 0.0, Sum: 0.0]
         [Termination Attempts: Min: 1, Avg: 1.2, Max: 2, Diff: 1, Sum: 7]
      [GC Worker Other (ms): Min: 0.0, Avg: 0.0, Max: 0.0, Diff: 0.0, Sum: 0.2]
      [GC Worker Total (ms): Min: 0.5, Avg: 0.6, Max: 0.6, Diff: 0.1, Sum: 3.6]
      [GC Worker End (ms): Min: 967129.4, Avg: 967129.4, Max: 967129.4, Diff: 0.0]
   [Code Root Fixup: 0.0 ms]
   [Code Root Purge: 0.0 ms]
   [Clear CT: 0.2 ms]
   [Other: 0.8 ms]
      [Choose CSet: 0.0 ms]
      [Ref Proc: 0.1 ms]
      [Ref Enq: 0.0 ms]
      [Redirty Cards: 0.1 ms]
      [Humongous Register: 0.1 ms]
      [Humongous Reclaim: 0.0 ms]
      [Free CSet: 0.4 ms]
   [Eden: 417.0M(417.0M)->0.0B(418.0M) Survivors: 3072.0K->2048.0K Heap: 480.3M(700.0M)->63789.5K(700.0M)]
 [Times: user=0.00 sys=0.00, real=0.00 secs] 
2024-10-10T18:07:53.529+0300: 967.131: Total time for which application threads were stopped: 0.0021425 seconds, Stopping threads took: 0.0001427 seconds
2024-10-10T18:07:57.923+0300: 971.534: Application time: 4.4035608 seconds
2024-10-10T18:07:57.923+0300: 971.534: [GC pause (G1 Evacuation Pause) (young), 0.0017483 secs]
   [Parallel Time: 0.7 ms, GC Workers: 6]
      [GC Worker Start (ms): Min: 971534.3, Avg: 971534.3, Max: 971534.4, Diff: 0.0]
      [Ext Root Scanning (ms): Min: 0.2, Avg: 0.2, Max: 0.3, Diff: 0.0, Sum: 1.5]
      [Update RS (ms): Min: 0.0, Avg: 0.0, Max: 0.0, Diff: 0.0, Sum: 0.1]
         [Processed Buffers: Min: 0, Avg: 0.8, Max: 4, Diff: 4, Sum: 5]
      [Scan RS (ms): Min: 0.0, Avg: 0.1, Max: 0.1, Diff: 0.1, Sum: 0.4]
      [Code Root Scanning (ms): Min: 0.0, Avg: 0.0, Max: 0.0, Diff: 0.0, Sum: 0.0]
      [Object Copy (ms): Min: 0.2, Avg: 0.3, Max: 0.3, Diff: 0.1, Sum: 1.6]
      [Termination (ms): Min: 0.0, Avg: 0.0, Max: 0.0, Diff: 0.0, Sum: 0.0]
         [Termination Attempts: Min: 1, Avg: 1.8, Max: 3, Diff: 2, Sum: 11]
      [GC Worker Other (ms): Min: 0.0, Avg: 0.0, Max: 0.1, Diff: 0.0, Sum: 0.2]
      [GC Worker Total (ms): Min: 0.6, Avg: 0.6, Max: 0.6, Diff: 0.0, Sum: 3.7]
      [GC Worker End (ms): Min: 971534.9, Avg: 971535.0, Max: 971535.0, Diff: 0.0]
   [Code Root Fixup: 0.0 ms]
   [Code Root Purge: 0.0 ms]
   [Clear CT: 0.2 ms]
   [Other: 0.9 ms]
      [Choose CSet: 0.0 ms]
      [Ref Proc: 0.1 ms]
      [Ref Enq: 0.0 ms]
      [Redirty Cards: 0.4 ms]
      [Humongous Register: 0.0 ms]
      [Humongous Reclaim: 0.0 ms]
      [Free CSet: 0.2 ms]
   [Eden: 418.0M(418.0M)->0.0B(417.0M) Survivors: 2048.0K->3072.0K Heap: 480.3M(700.0M)->64361.9K(700.0M)]
 [Times: user=0.00 sys=0.00, real=0.01 secs] 
2024-10-10T18:07:57.937+0300: 971.536: Total time for which application threads were stopped: 0.0021602 seconds, Stopping threads took: 0.0000884 seconds
2024-10-10T18:08:02.348+0300: 975.954: Application time: 4.4177957 seconds
2024-10-10T18:08:02.348+0300: 975.955: [GC pause (G1 Evacuation Pause) (young), 0.0017926 secs]
   [Parallel Time: 0.8 ms, GC Workers: 6]
      [GC Worker Start (ms): Min: 975955.0, Avg: 975955.0, Max: 975955.2, Diff: 0.2]
      [Ext Root Scanning (ms): Min: 0.1, Avg: 0.3, Max: 0.3, Diff: 0.2, Sum: 1.6]
      [Update RS (ms): Min: 0.0, Avg: 0.0, Max: 0.0, Diff: 0.0, Sum: 0.1]
         [Processed Buffers: Min: 0, Avg: 0.8, Max: 2, Diff: 2, Sum: 5]
      [Scan RS (ms): Min: 0.0, Avg: 0.1, Max: 0.1, Diff: 0.1, Sum: 0.4]
      [Code Root Scanning (ms): Min: 0.0, Avg: 0.0, Max: 0.0, Diff: 0.0, Sum: 0.0]
      [Object Copy (ms): Min: 0.2, Avg: 0.2, Max: 0.2, Diff: 0.1, Sum: 1.2]
      [Termination (ms): Min: 0.0, Avg: 0.0, Max: 0.1, Diff: 0.1, Sum: 0.2]
         [Termination Attempts: Min: 1, Avg: 1.0, Max: 1, Diff: 0, Sum: 6]
      [GC Worker Other (ms): Min: 0.0, Avg: 0.0, Max: 0.0, Diff: 0.0, Sum: 0.1]
      [GC Worker Total (ms): Min: 0.5, Avg: 0.6, Max: 0.7, Diff: 0.2, Sum: 3.6]
      [GC Worker End (ms): Min: 975955.6, Avg: 975955.6, Max: 975955.6, Diff: 0.0]
   [Code Root Fixup: 0.0 ms]
   [Code Root Purge: 0.0 ms]
   [Clear CT: 0.1 ms]
   [Other: 0.9 ms]
      [Choose CSet: 0.0 ms]
      [Ref Proc: 0.1 ms]
      [Ref Enq: 0.0 ms]
      [Redirty Cards: 0.1 ms]
      [Humongous Register: 0.0 ms]
      [Humongous Reclaim: 0.0 ms]
      [Free CSet: 0.4 ms]
   [Eden: 417.0M(417.0M)->0.0B(417.0M) Survivors: 3072.0K->3072.0K Heap: 479.9M(700.0M)->64453.9K(700.0M)]
 [Times: user=0.00 sys=0.00, real=0.00 secs] 
2024-10-10T18:08:02.348+0300: 975.957: Total time for which application threads were stopped: 0.0027610 seconds, Stopping threads took: 0.0006609 seconds
2024-10-10T18:08:07.415+0300: 981.023: Application time: 5.0657034 seconds
2024-10-10T18:08:07.415+0300: 981.023: [GC pause (G1 Evacuation Pause) (young), 0.0015529 secs]
   [Parallel Time: 0.7 ms, GC Workers: 6]
      [GC Worker Start (ms): Min: 981023.4, Avg: 981023.5, Max: 981023.5, Diff: 0.1]
      [Ext Root Scanning (ms): Min: 0.2, Avg: 0.3, Max: 0.3, Diff: 0.1, Sum: 1.5]
      [Update RS (ms): Min: 0.0, Avg: 0.0, Max: 0.0, Diff: 0.0, Sum: 0.1]
         [Processed Buffers: Min: 0, Avg: 0.8, Max: 3, Diff: 3, Sum: 5]
      [Scan RS (ms): Min: 0.0, Avg: 0.1, Max: 0.1, Diff: 0.0, Sum: 0.4]
      [Code Root Scanning (ms): Min: 0.0, Avg: 0.0, Max: 0.0, Diff: 0.0, Sum: 0.0]
      [Object Copy (ms): Min: 0.2, Avg: 0.2, Max: 0.2, Diff: 0.1, Sum: 1.1]
      [Termination (ms): Min: 0.0, Avg: 0.0, Max: 0.0, Diff: 0.0, Sum: 0.1]
         [Termination Attempts: Min: 1, Avg: 1.0, Max: 1, Diff: 0, Sum: 6]
      [GC Worker Other (ms): Min: 0.0, Avg: 0.0, Max: 0.0, Diff: 0.0, Sum: 0.1]
      [GC Worker Total (ms): Min: 0.5, Avg: 0.5, Max: 0.6, Diff: 0.1, Sum: 3.3]
      [GC Worker End (ms): Min: 981024.0, Avg: 981024.0, Max: 981024.0, Diff: 0.0]
   [Code Root Fixup: 0.0 ms]
   [Code Root Purge: 0.0 ms]
   [Clear CT: 0.2 ms]
   [Other: 0.7 ms]
      [Choose CSet: 0.0 ms]
      [Ref Proc: 0.2 ms]
      [Ref Enq: 0.0 ms]
      [Redirty Cards: 0.1 ms]
      [Humongous Register: 0.0 ms]
      [Humongous Reclaim: 0.0 ms]
      [Free CSet: 0.2 ms]
   [Eden: 417.0M(417.0M)->0.0B(417.0M) Survivors: 3072.0K->3072.0K Heap: 479.9M(700.0M)->64719.9K(700.0M)]
 [Times: user=0.00 sys=0.00, real=0.00 secs] 
2024-10-10T18:08:07.415+0300: 981.025: Total time for which application threads were stopped: 0.0024791 seconds, Stopping threads took: 0.0006495 seconds
2024-10-10T18:08:08.216+0300: 981.825: Application time: 0.7997001 seconds
2024-10-10T18:08:08.216+0300: 981.825: Total time for which application threads were stopped: 0.0002401 seconds, Stopping threads took: 0.0001286 seconds
2024-10-10T18:08:08.859+0300: 982.472: Application time: 0.6473517 seconds
2024-10-10T18:08:08.859+0300: 982.474: Total time for which application threads were stopped: 0.0016477 seconds, Stopping threads took: 0.0015824 seconds
2024-10-10T18:08:12.171+0300: 985.780: Application time: 3.3055783 seconds
2024-10-10T18:08:12.171+0300: 985.780: [GC pause (G1 Evacuation Pause) (young), 0.0013586 secs]
   [Parallel Time: 0.6 ms, GC Workers: 6]
      [GC Worker Start (ms): Min: 985780.0, Avg: 985780.0, Max: 985780.0, Diff: 0.1]
      [Ext Root Scanning (ms): Min: 0.2, Avg: 0.3, Max: 0.3, Diff: 0.0, Sum: 1.5]
      [Update RS (ms): Min: 0.0, Avg: 0.0, Max: 0.0, Diff: 0.0, Sum: 0.1]
         [Processed Buffers: Min: 0, Avg: 1.0, Max: 2, Diff: 2, Sum: 6]
      [Scan RS (ms): Min: 0.1, Avg: 0.1, Max: 0.1, Diff: 0.0, Sum: 0.4]
      [Code Root Scanning (ms): Min: 0.0, Avg: 0.0, Max: 0.0, Diff: 0.0, Sum: 0.0]
      [Object Copy (ms): Min: 0.1, Avg: 0.2, Max: 0.2, Diff: 0.0, Sum: 1.0]
      [Termination (ms): Min: 0.0, Avg: 0.0, Max: 0.0, Diff: 0.0, Sum: 0.1]
         [Termination Attempts: Min: 1, Avg: 1.2, Max: 2, Diff: 1, Sum: 7]
      [GC Worker Other (ms): Min: 0.0, Avg: 0.0, Max: 0.0, Diff: 0.0, Sum: 0.1]
      [GC Worker Total (ms): Min: 0.5, Avg: 0.5, Max: 0.6, Diff: 0.0, Sum: 3.2]
      [GC Worker End (ms): Min: 985780.5, Avg: 985780.5, Max: 985780.5, Diff: 0.0]
   [Code Root Fixup: 0.0 ms]
   [Code Root Purge: 0.0 ms]
   [Clear CT: 0.2 ms]
   [Other: 0.5 ms]
      [Choose CSet: 0.0 ms]
      [Ref Proc: 0.1 ms]
      [Ref Enq: 0.0 ms]
      [Redirty Cards: 0.1 ms]
      [Humongous Register: 0.0 ms]
      [Humongous Reclaim: 0.0 ms]
      [Free CSet: 0.2 ms]
   [Eden: 417.0M(417.0M)->0.0B(417.0M) Survivors: 3072.0K->3072.0K Heap: 480.2M(700.0M)->64344.1K(700.0M)]
 [Times: user=0.05 sys=0.00, real=0.00 secs] 
2024-10-10T18:08:12.171+0300: 985.781: Total time for which application threads were stopped: 0.0018190 seconds, Stopping threads took: 0.0002682 seconds
2024-10-10T18:08:16.629+0300: 990.237: Application time: 4.4554510 seconds
2024-10-10T18:08:16.629+0300: 990.237: [GC pause (G1 Evacuation Pause) (young), 0.0018227 secs]
   [Parallel Time: 0.7 ms, GC Workers: 6]
      [GC Worker Start (ms): Min: 990237.2, Avg: 990237.2, Max: 990237.3, Diff: 0.1]
      [Ext Root Scanning (ms): Min: 0.2, Avg: 0.3, Max: 0.3, Diff: 0.1, Sum: 1.6]
      [Update RS (ms): Min: 0.0, Avg: 0.0, Max: 0.0, Diff: 0.0, Sum: 0.1]
         [Processed Buffers: Min: 0, Avg: 0.8, Max: 3, Diff: 3, Sum: 5]
      [Scan RS (ms): Min: 0.0, Avg: 0.1, Max: 0.1, Diff: 0.0, Sum: 0.4]
      [Code Root Scanning (ms): Min: 0.0, Avg: 0.0, Max: 0.0, Diff: 0.0, Sum: 0.0]
      [Object Copy (ms): Min: 0.2, Avg: 0.2, Max: 0.2, Diff: 0.1, Sum: 1.1]
      [Termination (ms): Min: 0.0, Avg: 0.0, Max: 0.0, Diff: 0.0, Sum: 0.1]
         [Termination Attempts: Min: 1, Avg: 1.0, Max: 1, Diff: 0, Sum: 6]
      [GC Worker Other (ms): Min: 0.0, Avg: 0.0, Max: 0.0, Diff: 0.0, Sum: 0.1]
      [GC Worker Total (ms): Min: 0.5, Avg: 0.6, Max: 0.6, Diff: 0.1, Sum: 3.4]
      [GC Worker End (ms): Min: 990237.8, Avg: 990237.8, Max: 990237.8, Diff: 0.0]
   [Code Root Fixup: 0.0 ms]
   [Code Root Purge: 0.0 ms]
   [Clear CT: 0.2 ms]
   [Other: 0.9 ms]
      [Choose CSet: 0.0 ms]
      [Ref Proc: 0.4 ms]
      [Ref Enq: 0.0 ms]
      [Redirty Cards: 0.1 ms]
      [Humongous Register: 0.1 ms]
      [Humongous Reclaim: 0.0 ms]
      [Free CSet: 0.3 ms]
   [Eden: 417.0M(417.0M)->0.0B(417.0M) Survivors: 3072.0K->3072.0K Heap: 479.8M(700.0M)->64530.1K(700.0M)]
 [Times: user=0.00 sys=0.00, real=0.01 secs] 
2024-10-10T18:08:16.639+0300: 990.239: Total time for which application threads were stopped: 0.0022740 seconds, Stopping threads took: 0.0001710 seconds
2024-10-10T18:08:21.056+0300: 994.660: Application time: 4.4210684 seconds
2024-10-10T18:08:21.056+0300: 994.660: [GC pause (G1 Evacuation Pause) (young), 0.0015589 secs]
   [Parallel Time: 0.8 ms, GC Workers: 6]
      [GC Worker Start (ms): Min: 994660.5, Avg: 994660.6, Max: 994660.6, Diff: 0.1]
      [Ext Root Scanning (ms): Min: 0.3, Avg: 0.3, Max: 0.5, Diff: 0.2, Sum: 2.0]
      [Update RS (ms): Min: 0.0, Avg: 0.0, Max: 0.0, Diff: 0.0, Sum: 0.1]
         [Processed Buffers: Min: 0, Avg: 0.7, Max: 2, Diff: 2, Sum: 4]
      [Scan RS (ms): Min: 0.0, Avg: 0.1, Max: 0.1, Diff: 0.1, Sum: 0.5]
      [Code Root Scanning (ms): Min: 0.0, Avg: 0.0, Max: 0.0, Diff: 0.0, Sum: 0.0]
      [Object Copy (ms): Min: 0.1, Avg: 0.2, Max: 0.3, Diff: 0.1, Sum: 1.1]
      [Termination (ms): Min: 0.0, Avg: 0.0, Max: 0.1, Diff: 0.1, Sum: 0.2]
         [Termination Attempts: Min: 1, Avg: 1.0, Max: 1, Diff: 0, Sum: 6]
      [GC Worker Other (ms): Min: 0.0, Avg: 0.0, Max: 0.0, Diff: 0.0, Sum: 0.1]
      [GC Worker Total (ms): Min: 0.6, Avg: 0.7, Max: 0.7, Diff: 0.1, Sum: 3.9]
      [GC Worker End (ms): Min: 994661.2, Avg: 994661.2, Max: 994661.2, Diff: 0.0]
   [Code Root Fixup: 0.0 ms]
   [Code Root Purge: 0.0 ms]
   [Clear CT: 0.2 ms]
   [Other: 0.6 ms]
      [Choose CSet: 0.0 ms]
      [Ref Proc: 0.1 ms]
      [Ref Enq: 0.0 ms]
      [Redirty Cards: 0.1 ms]
      [Humongous Register: 0.1 ms]
      [Humongous Reclaim: 0.0 ms]
      [Free CSet: 0.2 ms]
   [Eden: 417.0M(417.0M)->0.0B(417.0M) Survivors: 3072.0K->3072.0K Heap: 480.0M(700.0M)->64498.9K(700.0M)]
 [Times: user=0.00 sys=0.00, real=0.01 secs] 
2024-10-10T18:08:21.063+0300: 994.662: Total time for which application threads were stopped: 0.0019267 seconds, Stopping threads took: 0.0001436 seconds
2024-10-10T18:08:25.433+0300: 999.047: Application time: 4.3847345 seconds
2024-10-10T18:08:25.433+0300: 999.047: [GC pause (G1 Evacuation Pause) (young), 0.0018762 secs]
   [Parallel Time: 0.7 ms, GC Workers: 6]
      [GC Worker Start (ms): Min: 999047.2, Avg: 999047.2, Max: 999047.2, Diff: 0.1]
      [Ext Root Scanning (ms): Min: 0.2, Avg: 0.3, Max: 0.3, Diff: 0.1, Sum: 1.6]
      [Update RS (ms): Min: 0.0, Avg: 0.0, Max: 0.0, Diff: 0.0, Sum: 0.1]
         [Processed Buffers: Min: 0, Avg: 0.7, Max: 2, Diff: 2, Sum: 4]
      [Scan RS (ms): Min: 0.1, Avg: 0.1, Max: 0.1, Diff: 0.0, Sum: 0.4]
      [Code Root Scanning (ms): Min: 0.0, Avg: 0.0, Max: 0.0, Diff: 0.0, Sum: 0.0]
      [Object Copy (ms): Min: 0.1, Avg: 0.2, Max: 0.2, Diff: 0.1, Sum: 0.9]
      [Termination (ms): Min: 0.0, Avg: 0.0, Max: 0.0, Diff: 0.0, Sum: 0.1]
         [Termination Attempts: Min: 1, Avg: 1.3, Max: 2, Diff: 1, Sum: 8]
      [GC Worker Other (ms): Min: 0.0, Avg: 0.0, Max: 0.0, Diff: 0.0, Sum: 0.1]
      [GC Worker Total (ms): Min: 0.5, Avg: 0.5, Max: 0.6, Diff: 0.1, Sum: 3.2]
      [GC Worker End (ms): Min: 999047.7, Avg: 999047.7, Max: 999047.7, Diff: 0.0]
   [Code Root Fixup: 0.0 ms]
   [Code Root Purge: 0.0 ms]
   [Clear CT: 0.4 ms]
   [Other: 0.8 ms]
      [Choose CSet: 0.0 ms]
      [Ref Proc: 0.1 ms]
      [Ref Enq: 0.0 ms]
      [Redirty Cards: 0.1 ms]
      [Humongous Register: 0.0 ms]
      [Humongous Reclaim: 0.0 ms]
      [Free CSet: 0.4 ms]
   [Eden: 417.0M(417.0M)->0.0B(418.0M) Survivors: 3072.0K->2048.0K Heap: 480.0M(700.0M)->64088.4K(700.0M)]
 [Times: user=0.02 sys=0.00, real=0.02 secs] 
2024-10-10T18:08:25.449+0300: 999.049: Total time for which application threads were stopped: 0.0023169 seconds, Stopping threads took: 0.0001803 seconds
2024-10-10T18:08:29.843+0300: 1003.444: Application time: 4.3950351 seconds
2024-10-10T18:08:29.843+0300: 1003.444: [GC pause (G1 Evacuation Pause) (young), 0.0014391 secs]
   [Parallel Time: 0.7 ms, GC Workers: 6]
      [GC Worker Start (ms): Min: 1003444.4, Avg: 1003444.5, Max: 1003444.5, Diff: 0.1]
      [Ext Root Scanning (ms): Min: 0.2, Avg: 0.3, Max: 0.3, Diff: 0.1, Sum: 1.6]
      [Update RS (ms): Min: 0.0, Avg: 0.0, Max: 0.0, Diff: 0.0, Sum: 0.1]
         [Processed Buffers: Min: 0, Avg: 0.7, Max: 1, Diff: 1, Sum: 4]
      [Scan RS (ms): Min: 0.0, Avg: 0.1, Max: 0.1, Diff: 0.1, Sum: 0.4]
      [Code Root Scanning (ms): Min: 0.0, Avg: 0.0, Max: 0.0, Diff: 0.0, Sum: 0.0]
      [Object Copy (ms): Min: 0.1, Avg: 0.2, Max: 0.3, Diff: 0.2, Sum: 1.0]
      [Termination (ms): Min: 0.0, Avg: 0.1, Max: 0.1, Diff: 0.1, Sum: 0.4]
         [Termination Attempts: Min: 1, Avg: 1.2, Max: 2, Diff: 1, Sum: 7]
      [GC Worker Other (ms): Min: 0.0, Avg: 0.0, Max: 0.0, Diff: 0.0, Sum: 0.0]
      [GC Worker Total (ms): Min: 0.6, Avg: 0.6, Max: 0.6, Diff: 0.1, Sum: 3.5]
      [GC Worker End (ms): Min: 1003445.0, Avg: 1003445.0, Max: 1003445.1, Diff: 0.0]
   [Code Root Fixup: 0.0 ms]
   [Code Root Purge: 0.0 ms]
   [Clear CT: 0.2 ms]
   [Other: 0.6 ms]
      [Choose CSet: 0.0 ms]
      [Ref Proc: 0.1 ms]
      [Ref Enq: 0.0 ms]
      [Redirty Cards: 0.1 ms]
      [Humongous Register: 0.0 ms]
      [Humongous Reclaim: 0.0 ms]
      [Free CSet: 0.2 ms]
   [Eden: 418.0M(418.0M)->0.0B(418.0M) Survivors: 2048.0K->2048.0K Heap: 480.6M(700.0M)->64118.2K(700.0M)]
 [Times: user=0.00 sys=0.00, real=0.00 secs] 
2024-10-10T18:08:29.843+0300: 1003.446: Total time for which application threads were stopped: 0.0017477 seconds, Stopping threads took: 0.0001347 seconds
2024-10-10T18:08:34.255+0300: 1007.857: Application time: 4.4110599 seconds
2024-10-10T18:08:34.255+0300: 1007.857: [GC pause (G1 Evacuation Pause) (young), 0.0015262 secs]
   [Parallel Time: 0.7 ms, GC Workers: 6]
      [GC Worker Start (ms): Min: 1007857.3, Avg: 1007857.4, Max: 1007857.5, Diff: 0.2]
      [Ext Root Scanning (ms): Min: 0.2, Avg: 0.2, Max: 0.3, Diff: 0.2, Sum: 1.5]
      [Update RS (ms): Min: 0.0, Avg: 0.0, Max: 0.0, Diff: 0.0, Sum: 0.1]
         [Processed Buffers: Min: 0, Avg: 0.7, Max: 2, Diff: 2, Sum: 4]
      [Scan RS (ms): Min: 0.0, Avg: 0.1, Max: 0.1, Diff: 0.1, Sum: 0.5]
      [Code Root Scanning (ms): Min: 0.0, Avg: 0.0, Max: 0.0, Diff: 0.0, Sum: 0.0]
      [Object Copy (ms): Min: 0.1, Avg: 0.2, Max: 0.3, Diff: 0.1, Sum: 1.1]
      [Termination (ms): Min: 0.0, Avg: 0.0, Max: 0.1, Diff: 0.1, Sum: 0.2]
         [Termination Attempts: Min: 1, Avg: 1.0, Max: 1, Diff: 0, Sum: 6]
      [GC Worker Other (ms): Min: 0.0, Avg: 0.0, Max: 0.0, Diff: 0.0, Sum: 0.1]
      [GC Worker Total (ms): Min: 0.5, Avg: 0.6, Max: 0.6, Diff: 0.2, Sum: 3.4]
      [GC Worker End (ms): Min: 1007858.0, Avg: 1007858.0, Max: 1007858.0, Diff: 0.0]
   [Code Root Fixup: 0.0 ms]
   [Code Root Purge: 0.0 ms]
   [Clear CT: 0.1 ms]
   [Other: 0.7 ms]
      [Choose CSet: 0.0 ms]
      [Ref Proc: 0.1 ms]
      [Ref Enq: 0.0 ms]
      [Redirty Cards: 0.1 ms]
      [Humongous Register: 0.1 ms]
      [Humongous Reclaim: 0.0 ms]
      [Free CSet: 0.3 ms]
   [Eden: 418.0M(418.0M)->0.0B(417.0M) Survivors: 2048.0K->3072.0K Heap: 480.6M(700.0M)->64675.6K(700.0M)]
 [Times: user=0.02 sys=0.00, real=0.00 secs] 
2024-10-10T18:08:34.255+0300: 1007.859: Total time for which application threads were stopped: 0.0018934 seconds, Stopping threads took: 0.0001419 seconds
2024-10-10T18:08:38.634+0300: 1012.238: Application time: 4.3790012 seconds
2024-10-10T18:08:38.634+0300: 1012.238: [GC pause (G1 Evacuation Pause) (young), 0.0015968 secs]
   [Parallel Time: 0.7 ms, GC Workers: 6]
      [GC Worker Start (ms): Min: 1012238.3, Avg: 1012238.3, Max: 1012238.3, Diff: 0.1]
      [Ext Root Scanning (ms): Min: 0.2, Avg: 0.3, Max: 0.3, Diff: 0.1, Sum: 1.6]
      [Update RS (ms): Min: 0.0, Avg: 0.0, Max: 0.0, Diff: 0.0, Sum: 0.1]
         [Processed Buffers: Min: 0, Avg: 0.8, Max: 2, Diff: 2, Sum: 5]
      [Scan RS (ms): Min: 0.0, Avg: 0.1, Max: 0.1, Diff: 0.1, Sum: 0.4]
      [Code Root Scanning (ms): Min: 0.0, Avg: 0.0, Max: 0.0, Diff: 0.0, Sum: 0.0]
      [Object Copy (ms): Min: 0.1, Avg: 0.2, Max: 0.2, Diff: 0.1, Sum: 1.0]
      [Termination (ms): Min: 0.0, Avg: 0.0, Max: 0.0, Diff: 0.0, Sum: 0.1]
         [Termination Attempts: Min: 1, Avg: 1.2, Max: 2, Diff: 1, Sum: 7]
      [GC Worker Other (ms): Min: 0.0, Avg: 0.0, Max: 0.0, Diff: 0.0, Sum: 0.1]
      [GC Worker Total (ms): Min: 0.5, Avg: 0.6, Max: 0.6, Diff: 0.1, Sum: 3.4]
      [GC Worker End (ms): Min: 1012238.8, Avg: 1012238.9, Max: 1012238.9, Diff: 0.0]
   [Code Root Fixup: 0.0 ms]
   [Code Root Purge: 0.0 ms]
   [Clear CT: 0.2 ms]
   [Other: 0.7 ms]
      [Choose CSet: 0.0 ms]
      [Ref Proc: 0.1 ms]
      [Ref Enq: 0.0 ms]
      [Redirty Cards: 0.1 ms]
      [Humongous Register: 0.1 ms]
      [Humongous Reclaim: 0.0 ms]
      [Free CSet: 0.3 ms]
   [Eden: 417.0M(417.0M)->0.0B(417.0M) Survivors: 3072.0K->3072.0K Heap: 480.2M(700.0M)->64391.1K(700.0M)]
 [Times: user=0.00 sys=0.00, real=0.00 secs] 
2024-10-10T18:08:38.634+0300: 1012.240: Total time for which application threads were stopped: 0.0020393 seconds, Stopping threads took: 0.0001642 seconds
2024-10-10T18:08:43.090+0300: 1016.694: Application time: 4.4540245 seconds
2024-10-10T18:08:43.090+0300: 1016.694: [GC pause (G1 Evacuation Pause) (young), 0.0015102 secs]
   [Parallel Time: 0.8 ms, GC Workers: 6]
      [GC Worker Start (ms): Min: 1016694.2, Avg: 1016694.3, Max: 1016694.3, Diff: 0.1]
      [Ext Root Scanning (ms): Min: 0.2, Avg: 0.3, Max: 0.3, Diff: 0.1, Sum: 1.5]
      [Update RS (ms): Min: 0.0, Avg: 0.0, Max: 0.0, Diff: 0.0, Sum: 0.1]
         [Processed Buffers: Min: 0, Avg: 0.8, Max: 2, Diff: 2, Sum: 5]
      [Scan RS (ms): Min: 0.0, Avg: 0.1, Max: 0.1, Diff: 0.1, Sum: 0.4]
      [Code Root Scanning (ms): Min: 0.0, Avg: 0.0, Max: 0.0, Diff: 0.0, Sum: 0.0]
      [Object Copy (ms): Min: 0.2, Avg: 0.2, Max: 0.3, Diff: 0.1, Sum: 1.2]
      [Termination (ms): Min: 0.0, Avg: 0.0, Max: 0.0, Diff: 0.0, Sum: 0.1]
         [Termination Attempts: Min: 1, Avg: 1.0, Max: 1, Diff: 0, Sum: 6]
      [GC Worker Other (ms): Min: 0.0, Avg: 0.0, Max: 0.1, Diff: 0.1, Sum: 0.3]
      [GC Worker Total (ms): Min: 0.5, Avg: 0.6, Max: 0.7, Diff: 0.2, Sum: 3.6]
      [GC Worker End (ms): Min: 1016694.8, Avg: 1016694.9, Max: 1016695.0, Diff: 0.1]
   [Code Root Fixup: 0.0 ms]
   [Code Root Purge: 0.0 ms]
   [Clear CT: 0.2 ms]
   [Other: 0.6 ms]
      [Choose CSet: 0.0 ms]
      [Ref Proc: 0.1 ms]
      [Ref Enq: 0.0 ms]
      [Redirty Cards: 0.1 ms]
      [Humongous Register: 0.0 ms]
      [Humongous Reclaim: 0.0 ms]
      [Free CSet: 0.2 ms]
   [Eden: 417.0M(417.0M)->0.0B(417.0M) Survivors: 3072.0K->3072.0K Heap: 479.9M(700.0M)->64562.5K(700.0M)]
 [Times: user=0.00 sys=0.00, real=0.00 secs] 
2024-10-10T18:08:43.090+0300: 1016.696: Total time for which application threads were stopped: 0.0018420 seconds, Stopping threads took: 0.0001243 seconds
2024-10-10T18:08:47.894+0300: 1021.498: Application time: 4.8018451 seconds
2024-10-10T18:08:47.894+0300: 1021.498: [GC pause (G1 Evacuation Pause) (young), 0.0023357 secs]
   [Parallel Time: 1.3 ms, GC Workers: 6]
      [GC Worker Start (ms): Min: 1021497.9, Avg: 1021497.9, Max: 1021498.0, Diff: 0.1]
      [Ext Root Scanning (ms): Min: 0.2, Avg: 0.3, Max: 0.3, Diff: 0.1, Sum: 1.6]
      [Update RS (ms): Min: 0.0, Avg: 0.0, Max: 0.1, Diff: 0.1, Sum: 0.1]
         [Processed Buffers: Min: 0, Avg: 0.7, Max: 2, Diff: 2, Sum: 4]
      [Scan RS (ms): Min: 0.0, Avg: 0.1, Max: 0.1, Diff: 0.1, Sum: 0.5]
      [Code Root Scanning (ms): Min: 0.0, Avg: 0.0, Max: 0.0, Diff: 0.0, Sum: 0.0]
      [Object Copy (ms): Min: 0.4, Avg: 0.5, Max: 0.8, Diff: 0.4, Sum: 3.3]
      [Termination (ms): Min: 0.0, Avg: 0.3, Max: 0.5, Diff: 0.5, Sum: 1.8]
         [Termination Attempts: Min: 1, Avg: 1.0, Max: 1, Diff: 0, Sum: 6]
      [GC Worker Other (ms): Min: 0.0, Avg: 0.0, Max: 0.0, Diff: 0.0, Sum: 0.1]
      [GC Worker Total (ms): Min: 1.2, Avg: 1.2, Max: 1.2, Diff: 0.1, Sum: 7.3]
      [GC Worker End (ms): Min: 1021499.1, Avg: 1021499.1, Max: 1021499.2, Diff: 0.0]
   [Code Root Fixup: 0.0 ms]
   [Code Root Purge: 0.0 ms]
   [Clear CT: 0.2 ms]
   [Other: 0.8 ms]
      [Choose CSet: 0.0 ms]
      [Ref Proc: 0.1 ms]
      [Ref Enq: 0.0 ms]
      [Redirty Cards: 0.1 ms]
      [Humongous Register: 0.0 ms]
      [Humongous Reclaim: 0.0 ms]
      [Free CSet: 0.5 ms]
   [Eden: 417.0M(417.0M)->0.0B(417.0M) Survivors: 3072.0K->3072.0K Heap: 480.0M(700.0M)->64669.7K(700.0M)]
 [Times: user=0.03 sys=0.00, real=0.01 secs] 
2024-10-10T18:08:47.901+0300: 1021.500: Total time for which application threads were stopped: 0.0027314 seconds, Stopping threads took: 0.0001193 seconds
2024-10-10T18:08:52.321+0300: 1025.929: Application time: 4.4289098 seconds
2024-10-10T18:08:52.321+0300: 1025.930: [GC pause (G1 Evacuation Pause) (young), 0.0018335 secs]
   [Parallel Time: 1.0 ms, GC Workers: 6]
      [GC Worker Start (ms): Min: 1025929.7, Avg: 1025929.7, Max: 1025929.7, Diff: 0.0]
      [Ext Root Scanning (ms): Min: 0.2, Avg: 0.3, Max: 0.3, Diff: 0.0, Sum: 1.6]
      [Update RS (ms): Min: 0.0, Avg: 0.0, Max: 0.0, Diff: 0.0, Sum: 0.1]
         [Processed Buffers: Min: 0, Avg: 0.7, Max: 1, Diff: 1, Sum: 4]
      [Scan RS (ms): Min: 0.0, Avg: 0.1, Max: 0.1, Diff: 0.1, Sum: 0.4]
      [Code Root Scanning (ms): Min: 0.0, Avg: 0.0, Max: 0.0, Diff: 0.0, Sum: 0.0]
      [Object Copy (ms): Min: 0.3, Avg: 0.4, Max: 0.5, Diff: 0.2, Sum: 2.4]
      [Termination (ms): Min: 0.0, Avg: 0.1, Max: 0.2, Diff: 0.2, Sum: 0.8]
         [Termination Attempts: Min: 1, Avg: 1.0, Max: 1, Diff: 0, Sum: 6]
      [GC Worker Other (ms): Min: 0.0, Avg: 0.0, Max: 0.0, Diff: 0.0, Sum: 0.1]
      [GC Worker Total (ms): Min: 0.9, Avg: 0.9, Max: 0.9, Diff: 0.1, Sum: 5.4]
      [GC Worker End (ms): Min: 1025930.6, Avg: 1025930.6, Max: 1025930.6, Diff: 0.0]
   [Code Root Fixup: 0.0 ms]
   [Code Root Purge: 0.0 ms]
   [Clear CT: 0.1 ms]
   [Other: 0.7 ms]
      [Choose CSet: 0.0 ms]
      [Ref Proc: 0.1 ms]
      [Ref Enq: 0.0 ms]
      [Redirty Cards: 0.1 ms]
      [Humongous Register: 0.1 ms]
      [Humongous Reclaim: 0.0 ms]
      [Free CSet: 0.3 ms]
   [Eden: 417.0M(417.0M)->0.0B(418.0M) Survivors: 3072.0K->2048.0K Heap: 480.2M(700.0M)->63848.2K(700.0M)]
 [Times: user=0.00 sys=0.00, real=0.01 secs] 
2024-10-10T18:08:52.332+0300: 1025.932: Total time for which application threads were stopped: 0.0022628 seconds, Stopping threads took: 0.0002049 seconds
2024-10-10T18:08:56.744+0300: 1030.354: Application time: 4.4220328 seconds
2024-10-10T18:08:56.744+0300: 1030.354: [GC pause (G1 Evacuation Pause) (young), 0.0017856 secs]
   [Parallel Time: 0.9 ms, GC Workers: 6]
      [GC Worker Start (ms): Min: 1030354.0, Avg: 1030354.1, Max: 1030354.1, Diff: 0.1]
      [Ext Root Scanning (ms): Min: 0.2, Avg: 0.3, Max: 0.3, Diff: 0.1, Sum: 1.7]
      [Update RS (ms): Min: 0.0, Avg: 0.0, Max: 0.0, Diff: 0.0, Sum: 0.1]
         [Processed Buffers: Min: 0, Avg: 0.7, Max: 2, Diff: 2, Sum: 4]
      [Scan RS (ms): Min: 0.1, Avg: 0.1, Max: 0.1, Diff: 0.0, Sum: 0.4]
      [Code Root Scanning (ms): Min: 0.0, Avg: 0.0, Max: 0.0, Diff: 0.0, Sum: 0.0]
      [Object Copy (ms): Min: 0.2, Avg: 0.3, Max: 0.4, Diff: 0.2, Sum: 1.5]
      [Termination (ms): Min: 0.0, Avg: 0.1, Max: 0.2, Diff: 0.2, Sum: 0.8]
         [Termination Attempts: Min: 1, Avg: 1.0, Max: 1, Diff: 0, Sum: 6]
      [GC Worker Other (ms): Min: 0.0, Avg: 0.0, Max: 0.0, Diff: 0.0, Sum: 0.1]
      [GC Worker Total (ms): Min: 0.7, Avg: 0.8, Max: 0.8, Diff: 0.1, Sum: 4.6]
      [GC Worker End (ms): Min: 1030354.8, Avg: 1030354.9, Max: 1030354.9, Diff: 0.0]
   [Code Root Fixup: 0.0 ms]
   [Code Root Purge: 0.0 ms]
   [Clear CT: 0.2 ms]
   [Other: 0.7 ms]
      [Choose CSet: 0.0 ms]
      [Ref Proc: 0.2 ms]
      [Ref Enq: 0.0 ms]
      [Redirty Cards: 0.1 ms]
      [Humongous Register: 0.1 ms]
      [Humongous Reclaim: 0.0 ms]
      [Free CSet: 0.3 ms]
   [Eden: 418.0M(418.0M)->0.0B(417.0M) Survivors: 2048.0K->3072.0K Heap: 480.4M(700.0M)->64686.7K(700.0M)]
 [Times: user=0.00 sys=0.00, real=0.00 secs] 
2024-10-10T18:08:56.744+0300: 1030.356: Total time for which application threads were stopped: 0.0023138 seconds, Stopping threads took: 0.0002002 seconds
2024-10-10T18:09:01.234+0300: 1034.836: Application time: 4.4800100 seconds
2024-10-10T18:09:01.234+0300: 1034.836: [GC pause (G1 Evacuation Pause) (young), 0.0014485 secs]
   [Parallel Time: 0.6 ms, GC Workers: 6]
      [GC Worker Start (ms): Min: 1034836.2, Avg: 1034836.3, Max: 1034836.3, Diff: 0.1]
      [Ext Root Scanning (ms): Min: 0.2, Avg: 0.3, Max: 0.3, Diff: 0.1, Sum: 1.6]
      [Update RS (ms): Min: 0.0, Avg: 0.0, Max: 0.0, Diff: 0.0, Sum: 0.1]
         [Processed Buffers: Min: 0, Avg: 0.7, Max: 2, Diff: 2, Sum: 4]
      [Scan RS (ms): Min: 0.1, Avg: 0.1, Max: 0.1, Diff: 0.0, Sum: 0.4]
      [Code Root Scanning (ms): Min: 0.0, Avg: 0.0, Max: 0.0, Diff: 0.0, Sum: 0.0]
      [Object Copy (ms): Min: 0.1, Avg: 0.2, Max: 0.2, Diff: 0.0, Sum: 0.9]
      [Termination (ms): Min: 0.0, Avg: 0.0, Max: 0.0, Diff: 0.0, Sum: 0.2]
         [Termination Attempts: Min: 1, Avg: 1.5, Max: 3, Diff: 2, Sum: 9]
      [GC Worker Other (ms): Min: 0.0, Avg: 0.0, Max: 0.0, Diff: 0.0, Sum: 0.1]
      [GC Worker Total (ms): Min: 0.5, Avg: 0.5, Max: 0.6, Diff: 0.1, Sum: 3.2]
      [GC Worker End (ms): Min: 1034836.8, Avg: 1034836.8, Max: 1034836.8, Diff: 0.0]
   [Code Root Fixup: 0.0 ms]
   [Code Root Purge: 0.0 ms]
   [Clear CT: 0.2 ms]
   [Other: 0.6 ms]
      [Choose CSet: 0.0 ms]
      [Ref Proc: 0.1 ms]
      [Ref Enq: 0.0 ms]
      [Redirty Cards: 0.1 ms]
      [Humongous Register: 0.0 ms]
      [Humongous Reclaim: 0.0 ms]
      [Free CSet: 0.2 ms]
   [Eden: 417.0M(417.0M)->0.0B(418.0M) Survivors: 3072.0K->2048.0K Heap: 480.2M(700.0M)->64119.3K(700.0M)]
 [Times: user=0.00 sys=0.00, real=0.00 secs] 
2024-10-10T18:09:01.237+0300: 1034.838: Total time for which application threads were stopped: 0.0017966 seconds, Stopping threads took: 0.0001512 seconds
2024-10-10T18:09:05.645+0300: 1039.254: Application time: 4.4160171 seconds
2024-10-10T18:09:05.645+0300: 1039.254: [GC pause (G1 Evacuation Pause) (young), 0.0015197 secs]
   [Parallel Time: 0.7 ms, GC Workers: 6]
      [GC Worker Start (ms): Min: 1039254.1, Avg: 1039254.1, Max: 1039254.2, Diff: 0.1]
      [Ext Root Scanning (ms): Min: 0.2, Avg: 0.3, Max: 0.3, Diff: 0.1, Sum: 1.6]
      [Update RS (ms): Min: 0.0, Avg: 0.0, Max: 0.0, Diff: 0.0, Sum: 0.1]
         [Processed Buffers: Min: 0, Avg: 0.8, Max: 2, Diff: 2, Sum: 5]
      [Scan RS (ms): Min: 0.0, Avg: 0.1, Max: 0.1, Diff: 0.1, Sum: 0.4]
      [Code Root Scanning (ms): Min: 0.0, Avg: 0.0, Max: 0.0, Diff: 0.0, Sum: 0.0]
      [Object Copy (ms): Min: 0.2, Avg: 0.2, Max: 0.2, Diff: 0.1, Sum: 1.1]
      [Termination (ms): Min: 0.0, Avg: 0.0, Max: 0.0, Diff: 0.0, Sum: 0.0]
         [Termination Attempts: Min: 1, Avg: 3.7, Max: 5, Diff: 4, Sum: 22]
      [GC Worker Other (ms): Min: 0.0, Avg: 0.0, Max: 0.0, Diff: 0.0, Sum: 0.2]
      [GC Worker Total (ms): Min: 0.5, Avg: 0.6, Max: 0.6, Diff: 0.1, Sum: 3.4]
      [GC Worker End (ms): Min: 1039254.7, Avg: 1039254.7, Max: 1039254.7, Diff: 0.0]
   [Code Root Fixup: 0.0 ms]
   [Code Root Purge: 0.0 ms]
   [Clear CT: 0.2 ms]
   [Other: 0.6 ms]
      [Choose CSet: 0.0 ms]
      [Ref Proc: 0.1 ms]
      [Ref Enq: 0.0 ms]
      [Redirty Cards: 0.1 ms]
      [Humongous Register: 0.1 ms]
      [Humongous Reclaim: 0.0 ms]
      [Free CSet: 0.2 ms]
   [Eden: 418.0M(418.0M)->0.0B(418.0M) Survivors: 2048.0K->2048.0K Heap: 480.6M(700.0M)->63896.3K(700.0M)]
 [Times: user=0.00 sys=0.00, real=0.00 secs] 
2024-10-10T18:09:05.645+0300: 1039.256: Total time for which application threads were stopped: 0.0019570 seconds, Stopping threads took: 0.0001513 seconds
2024-10-10T18:09:10.103+0300: 1043.705: Application time: 4.4497940 seconds
2024-10-10T18:09:10.103+0300: 1043.706: [GC pause (G1 Evacuation Pause) (young), 0.0014980 secs]
   [Parallel Time: 0.6 ms, GC Workers: 6]
      [GC Worker Start (ms): Min: 1043705.8, Avg: 1043705.9, Max: 1043705.9, Diff: 0.1]
      [Ext Root Scanning (ms): Min: 0.2, Avg: 0.3, Max: 0.3, Diff: 0.1, Sum: 1.5]
      [Update RS (ms): Min: 0.0, Avg: 0.0, Max: 0.0, Diff: 0.0, Sum: 0.1]
         [Processed Buffers: Min: 0, Avg: 0.7, Max: 1, Diff: 1, Sum: 4]
      [Scan RS (ms): Min: 0.0, Avg: 0.1, Max: 0.1, Diff: 0.0, Sum: 0.4]
      [Code Root Scanning (ms): Min: 0.0, Avg: 0.0, Max: 0.0, Diff: 0.0, Sum: 0.0]
      [Object Copy (ms): Min: 0.1, Avg: 0.2, Max: 0.2, Diff: 0.1, Sum: 1.0]
      [Termination (ms): Min: 0.0, Avg: 0.0, Max: 0.0, Diff: 0.0, Sum: 0.1]
         [Termination Attempts: Min: 1, Avg: 1.0, Max: 1, Diff: 0, Sum: 6]
      [GC Worker Other (ms): Min: 0.0, Avg: 0.0, Max: 0.0, Diff: 0.0, Sum: 0.1]
      [GC Worker Total (ms): Min: 0.5, Avg: 0.5, Max: 0.6, Diff: 0.1, Sum: 3.2]
      [GC Worker End (ms): Min: 1043706.4, Avg: 1043706.4, Max: 1043706.4, Diff: 0.0]
   [Code Root Fixup: 0.0 ms]
   [Code Root Purge: 0.0 ms]
   [Clear CT: 0.2 ms]
   [Other: 0.7 ms]
      [Choose CSet: 0.0 ms]
      [Ref Proc: 0.1 ms]
      [Ref Enq: 0.0 ms]
      [Redirty Cards: 0.1 ms]
      [Humongous Register: 0.0 ms]
      [Humongous Reclaim: 0.0 ms]
      [Free CSet: 0.2 ms]
   [Eden: 418.0M(418.0M)->0.0B(417.0M) Survivors: 2048.0K->3072.0K Heap: 480.4M(700.0M)->64398.6K(700.0M)]
 [Times: user=0.00 sys=0.00, real=0.00 secs] 
2024-10-10T18:09:10.103+0300: 1043.707: Total time for which application threads were stopped: 0.0018707 seconds, Stopping threads took: 0.0001634 seconds
2024-10-10T18:09:14.576+0300: 1048.180: Application time: 4.4727244 seconds
2024-10-10T18:09:14.576+0300: 1048.180: [GC pause (G1 Evacuation Pause) (young), 0.0027266 secs]
   [Parallel Time: 0.9 ms, GC Workers: 6]
      [GC Worker Start (ms): Min: 1048180.3, Avg: 1048180.5, Max: 1048180.8, Diff: 0.4]
      [Ext Root Scanning (ms): Min: 0.0, Avg: 0.3, Max: 0.4, Diff: 0.4, Sum: 1.6]
      [Update RS (ms): Min: 0.0, Avg: 0.0, Max: 0.0, Diff: 0.0, Sum: 0.1]
         [Processed Buffers: Min: 0, Avg: 0.7, Max: 2, Diff: 2, Sum: 4]
      [Scan RS (ms): Min: 0.0, Avg: 0.1, Max: 0.1, Diff: 0.1, Sum: 0.5]
      [Code Root Scanning (ms): Min: 0.0, Avg: 0.0, Max: 0.0, Diff: 0.0, Sum: 0.0]
      [Object Copy (ms): Min: 0.1, Avg: 0.2, Max: 0.3, Diff: 0.2, Sum: 1.2]
      [Termination (ms): Min: 0.0, Avg: 0.0, Max: 0.1, Diff: 0.1, Sum: 0.3]
         [Termination Attempts: Min: 1, Avg: 1.8, Max: 4, Diff: 3, Sum: 11]
      [GC Worker Other (ms): Min: 0.0, Avg: 0.0, Max: 0.0, Diff: 0.0, Sum: 0.1]
      [GC Worker Total (ms): Min: 0.4, Avg: 0.6, Max: 0.8, Diff: 0.4, Sum: 3.8]
      [GC Worker End (ms): Min: 1048181.1, Avg: 1048181.1, Max: 1048181.1, Diff: 0.0]
   [Code Root Fixup: 0.0 ms]
   [Code Root Purge: 0.0 ms]
   [Clear CT: 0.2 ms]
   [Other: 1.7 ms]
      [Choose CSet: 0.0 ms]
      [Ref Proc: 1.1 ms]
      [Ref Enq: 0.0 ms]
      [Redirty Cards: 0.1 ms]
      [Humongous Register: 0.0 ms]
      [Humongous Reclaim: 0.0 ms]
      [Free CSet: 0.3 ms]
   [Eden: 417.0M(417.0M)->0.0B(417.0M) Survivors: 3072.0K->3072.0K Heap: 479.9M(700.0M)->64427.7K(700.0M)]
 [Times: user=0.00 sys=0.00, real=0.01 secs] 
2024-10-10T18:09:14.583+0300: 1048.183: Total time for which application threads were stopped: 0.0030111 seconds, Stopping threads took: 0.0000967 seconds
2024-10-10T18:09:19.019+0300: 1052.622: Application time: 4.4387688 seconds
2024-10-10T18:09:19.019+0300: 1052.622: [GC pause (G1 Evacuation Pause) (young), 0.0015121 secs]
   [Parallel Time: 0.7 ms, GC Workers: 6]
      [GC Worker Start (ms): Min: 1052622.2, Avg: 1052622.2, Max: 1052622.3, Diff: 0.1]
      [Ext Root Scanning (ms): Min: 0.2, Avg: 0.3, Max: 0.3, Diff: 0.1, Sum: 1.5]
      [Update RS (ms): Min: 0.0, Avg: 0.0, Max: 0.0, Diff: 0.0, Sum: 0.1]
         [Processed Buffers: Min: 0, Avg: 0.7, Max: 1, Diff: 1, Sum: 4]
      [Scan RS (ms): Min: 0.0, Avg: 0.1, Max: 0.1, Diff: 0.1, Sum: 0.4]
      [Code Root Scanning (ms): Min: 0.0, Avg: 0.0, Max: 0.0, Diff: 0.0, Sum: 0.0]
      [Object Copy (ms): Min: 0.1, Avg: 0.2, Max: 0.2, Diff: 0.1, Sum: 1.1]
      [Termination (ms): Min: 0.0, Avg: 0.0, Max: 0.1, Diff: 0.1, Sum: 0.2]
         [Termination Attempts: Min: 1, Avg: 1.0, Max: 1, Diff: 0, Sum: 6]
      [GC Worker Other (ms): Min: 0.0, Avg: 0.0, Max: 0.0, Diff: 0.0, Sum: 0.1]
      [GC Worker Total (ms): Min: 0.5, Avg: 0.6, Max: 0.6, Diff: 0.0, Sum: 3.4]
      [GC Worker End (ms): Min: 1052622.8, Avg: 1052622.8, Max: 1052622.8, Diff: 0.0]
   [Code Root Fixup: 0.0 ms]
   [Code Root Purge: 0.0 ms]
   [Clear CT: 0.2 ms]
   [Other: 0.6 ms]
      [Choose CSet: 0.0 ms]
      [Ref Proc: 0.1 ms]
      [Ref Enq: 0.0 ms]
      [Redirty Cards: 0.1 ms]
      [Humongous Register: 0.0 ms]
      [Humongous Reclaim: 0.0 ms]
      [Free CSet: 0.2 ms]
   [Eden: 417.0M(417.0M)->0.0B(417.0M) Survivors: 3072.0K->3072.0K Heap: 479.9M(700.0M)->64574.4K(700.0M)]
 [Times: user=0.02 sys=0.00, real=0.00 secs] 
2024-10-10T18:09:19.019+0300: 1052.624: Total time for which application threads were stopped: 0.0019617 seconds, Stopping threads took: 0.0001849 seconds
2024-10-10T18:09:23.510+0300: 1057.120: Application time: 4.4959353 seconds
2024-10-10T18:09:23.510+0300: 1057.120: [GC pause (G1 Evacuation Pause) (young), 0.0014605 secs]
   [Parallel Time: 0.6 ms, GC Workers: 6]
      [GC Worker Start (ms): Min: 1057120.1, Avg: 1057120.2, Max: 1057120.2, Diff: 0.1]
      [Ext Root Scanning (ms): Min: 0.2, Avg: 0.3, Max: 0.3, Diff: 0.1, Sum: 1.6]
      [Update RS (ms): Min: 0.0, Avg: 0.0, Max: 0.0, Diff: 0.0, Sum: 0.1]
         [Processed Buffers: Min: 0, Avg: 1.3, Max: 2, Diff: 2, Sum: 8]
      [Scan RS (ms): Min: 0.0, Avg: 0.1, Max: 0.1, Diff: 0.0, Sum: 0.4]
      [Code Root Scanning (ms): Min: 0.0, Avg: 0.0, Max: 0.0, Diff: 0.0, Sum: 0.0]
      [Object Copy (ms): Min: 0.2, Avg: 0.2, Max: 0.2, Diff: 0.1, Sum: 1.0]
      [Termination (ms): Min: 0.0, Avg: 0.0, Max: 0.0, Diff: 0.0, Sum: 0.1]
         [Termination Attempts: Min: 1, Avg: 1.0, Max: 1, Diff: 0, Sum: 6]
      [GC Worker Other (ms): Min: 0.0, Avg: 0.0, Max: 0.0, Diff: 0.0, Sum: 0.1]
      [GC Worker Total (ms): Min: 0.5, Avg: 0.6, Max: 0.6, Diff: 0.1, Sum: 3.4]
      [GC Worker End (ms): Min: 1057120.7, Avg: 1057120.8, Max: 1057120.8, Diff: 0.0]
   [Code Root Fixup: 0.0 ms]
   [Code Root Purge: 0.0 ms]
   [Clear CT: 0.2 ms]
   [Other: 0.7 ms]
      [Choose CSet: 0.0 ms]
      [Ref Proc: 0.1 ms]
      [Ref Enq: 0.0 ms]
      [Redirty Cards: 0.1 ms]
      [Humongous Register: 0.1 ms]
      [Humongous Reclaim: 0.0 ms]
      [Free CSet: 0.3 ms]
   [Eden: 417.0M(417.0M)->0.0B(417.0M) Survivors: 3072.0K->3072.0K Heap: 480.1M(700.0M)->64475.9K(700.0M)]
 [Times: user=0.00 sys=0.00, real=0.00 secs] 
2024-10-10T18:09:23.510+0300: 1057.122: Total time for which application threads were stopped: 0.0018431 seconds, Stopping threads took: 0.0001970 seconds
2024-10-10T18:09:27.986+0300: 1061.589: Application time: 4.4671436 seconds
2024-10-10T18:09:27.986+0300: 1061.589: [GC pause (G1 Evacuation Pause) (young), 0.0013146 secs]
   [Parallel Time: 0.6 ms, GC Workers: 6]
      [GC Worker Start (ms): Min: 1061589.1, Avg: 1061589.1, Max: 1061589.2, Diff: 0.1]
      [Ext Root Scanning (ms): Min: 0.2, Avg: 0.2, Max: 0.3, Diff: 0.0, Sum: 1.5]
      [Update RS (ms): Min: 0.0, Avg: 0.0, Max: 0.0, Diff: 0.0, Sum: 0.1]
         [Processed Buffers: Min: 0, Avg: 1.0, Max: 2, Diff: 2, Sum: 6]
      [Scan RS (ms): Min: 0.0, Avg: 0.1, Max: 0.1, Diff: 0.1, Sum: 0.4]
      [Code Root Scanning (ms): Min: 0.0, Avg: 0.0, Max: 0.0, Diff: 0.0, Sum: 0.0]
      [Object Copy (ms): Min: 0.1, Avg: 0.2, Max: 0.2, Diff: 0.1, Sum: 1.1]
      [Termination (ms): Min: 0.0, Avg: 0.0, Max: 0.0, Diff: 0.0, Sum: 0.0]
         [Termination Attempts: Min: 1, Avg: 4.2, Max: 7, Diff: 6, Sum: 25]
      [GC Worker Other (ms): Min: 0.0, Avg: 0.0, Max: 0.0, Diff: 0.0, Sum: 0.1]
      [GC Worker Total (ms): Min: 0.5, Avg: 0.5, Max: 0.6, Diff: 0.1, Sum: 3.2]
      [GC Worker End (ms): Min: 1061589.7, Avg: 1061589.7, Max: 1061589.7, Diff: 0.0]
   [Code Root Fixup: 0.0 ms]
   [Code Root Purge: 0.0 ms]
   [Clear CT: 0.2 ms]
   [Other: 0.5 ms]
      [Choose CSet: 0.0 ms]
      [Ref Proc: 0.1 ms]
      [Ref Enq: 0.0 ms]
      [Redirty Cards: 0.1 ms]
      [Humongous Register: 0.0 ms]
      [Humongous Reclaim: 0.0 ms]
      [Free CSet: 0.2 ms]
   [Eden: 417.0M(417.0M)->0.0B(418.0M) Survivors: 3072.0K->2048.0K Heap: 480.0M(700.0M)->63984.8K(700.0M)]
 [Times: user=0.00 sys=0.00, real=0.00 secs] 
2024-10-10T18:09:27.986+0300: 1061.591: Total time for which application threads were stopped: 0.0017620 seconds, Stopping threads took: 0.0001881 seconds
2024-10-10T18:09:32.456+0300: 1066.069: Application time: 4.4781888 seconds
2024-10-10T18:09:32.456+0300: 1066.069: [GC pause (G1 Evacuation Pause) (young), 0.0017675 secs]
   [Parallel Time: 0.9 ms, GC Workers: 6]
      [GC Worker Start (ms): Min: 1066069.0, Avg: 1066069.1, Max: 1066069.1, Diff: 0.1]
      [Ext Root Scanning (ms): Min: 0.2, Avg: 0.3, Max: 0.3, Diff: 0.1, Sum: 1.6]
      [Update RS (ms): Min: 0.0, Avg: 0.0, Max: 0.0, Diff: 0.0, Sum: 0.1]
         [Processed Buffers: Min: 0, Avg: 1.0, Max: 3, Diff: 3, Sum: 6]
      [Scan RS (ms): Min: 0.0, Avg: 0.1, Max: 0.1, Diff: 0.1, Sum: 0.5]
      [Code Root Scanning (ms): Min: 0.0, Avg: 0.0, Max: 0.0, Diff: 0.0, Sum: 0.0]
      [Object Copy (ms): Min: 0.2, Avg: 0.2, Max: 0.3, Diff: 0.2, Sum: 1.4]
      [Termination (ms): Min: 0.0, Avg: 0.2, Max: 0.2, Diff: 0.2, Sum: 0.9]
         [Termination Attempts: Min: 1, Avg: 1.0, Max: 1, Diff: 0, Sum: 6]
      [GC Worker Other (ms): Min: 0.0, Avg: 0.0, Max: 0.0, Diff: 0.0, Sum: 0.1]
      [GC Worker Total (ms): Min: 0.7, Avg: 0.8, Max: 0.8, Diff: 0.1, Sum: 4.6]
      [GC Worker End (ms): Min: 1066069.8, Avg: 1066069.8, Max: 1066069.8, Diff: 0.0]
   [Code Root Fixup: 0.0 ms]
   [Code Root Purge: 0.0 ms]
   [Clear CT: 0.2 ms]
   [Other: 0.7 ms]
      [Choose CSet: 0.0 ms]
      [Ref Proc: 0.1 ms]
      [Ref Enq: 0.0 ms]
      [Redirty Cards: 0.1 ms]
      [Humongous Register: 0.1 ms]
      [Humongous Reclaim: 0.0 ms]
      [Free CSet: 0.3 ms]
   [Eden: 418.0M(418.0M)->0.0B(417.0M) Survivors: 2048.0K->3072.0K Heap: 480.5M(700.0M)->64884.4K(700.0M)]
 [Times: user=0.00 sys=0.00, real=0.01 secs] 
2024-10-10T18:09:32.471+0300: 1066.071: Total time for which application threads were stopped: 0.0021158 seconds, Stopping threads took: 0.0001590 seconds
2024-10-10T18:09:36.914+0300: 1070.516: Application time: 4.4451892 seconds
2024-10-10T18:09:36.914+0300: 1070.516: [GC pause (G1 Evacuation Pause) (young), 0.0017107 secs]
   [Parallel Time: 0.6 ms, GC Workers: 6]
      [GC Worker Start (ms): Min: 1070516.4, Avg: 1070516.4, Max: 1070516.4, Diff: 0.1]
      [Ext Root Scanning (ms): Min: 0.2, Avg: 0.3, Max: 0.3, Diff: 0.0, Sum: 1.5]
      [Update RS (ms): Min: 0.0, Avg: 0.0, Max: 0.1, Diff: 0.1, Sum: 0.1]
         [Processed Buffers: Min: 0, Avg: 1.0, Max: 4, Diff: 4, Sum: 6]
      [Scan RS (ms): Min: 0.0, Avg: 0.1, Max: 0.1, Diff: 0.1, Sum: 0.5]
      [Code Root Scanning (ms): Min: 0.0, Avg: 0.0, Max: 0.0, Diff: 0.0, Sum: 0.0]
      [Object Copy (ms): Min: 0.2, Avg: 0.2, Max: 0.2, Diff: 0.1, Sum: 1.2]
      [Termination (ms): Min: 0.0, Avg: 0.0, Max: 0.0, Diff: 0.0, Sum: 0.1]
         [Termination Attempts: Min: 1, Avg: 1.0, Max: 1, Diff: 0, Sum: 6]
      [GC Worker Other (ms): Min: 0.0, Avg: 0.0, Max: 0.0, Diff: 0.0, Sum: 0.1]
      [GC Worker Total (ms): Min: 0.6, Avg: 0.6, Max: 0.6, Diff: 0.0, Sum: 3.5]
      [GC Worker End (ms): Min: 1070517.0, Avg: 1070517.0, Max: 1070517.0, Diff: 0.0]
   [Code Root Fixup: 0.0 ms]
   [Code Root Purge: 0.0 ms]
   [Clear CT: 0.2 ms]
   [Other: 0.9 ms]
      [Choose CSet: 0.0 ms]
      [Ref Proc: 0.1 ms]
      [Ref Enq: 0.0 ms]
      [Redirty Cards: 0.4 ms]
      [Humongous Register: 0.1 ms]
      [Humongous Reclaim: 0.0 ms]
      [Free CSet: 0.2 ms]
   [Eden: 417.0M(417.0M)->0.0B(417.0M) Survivors: 3072.0K->3072.0K Heap: 480.4M(700.0M)->64852.5K(700.0M)]
 [Times: user=0.00 sys=0.00, real=0.00 secs] 
2024-10-10T18:09:36.919+0300: 1070.518: Total time for which application threads were stopped: 0.0022011 seconds, Stopping threads took: 0.0001937 seconds
2024-10-10T18:09:41.356+0300: 1074.960: Application time: 4.4415673 seconds
2024-10-10T18:09:41.356+0300: 1074.960: [GC pause (G1 Evacuation Pause) (young), 0.0016222 secs]
   [Parallel Time: 0.7 ms, GC Workers: 6]
      [GC Worker Start (ms): Min: 1074960.2, Avg: 1074960.2, Max: 1074960.3, Diff: 0.1]
      [Ext Root Scanning (ms): Min: 0.2, Avg: 0.3, Max: 0.3, Diff: 0.1, Sum: 1.6]
      [Update RS (ms): Min: 0.0, Avg: 0.0, Max: 0.0, Diff: 0.0, Sum: 0.1]
         [Processed Buffers: Min: 0, Avg: 0.8, Max: 2, Diff: 2, Sum: 5]
      [Scan RS (ms): Min: 0.0, Avg: 0.1, Max: 0.1, Diff: 0.1, Sum: 0.5]
      [Code Root Scanning (ms): Min: 0.0, Avg: 0.0, Max: 0.0, Diff: 0.0, Sum: 0.0]
      [Object Copy (ms): Min: 0.1, Avg: 0.2, Max: 0.2, Diff: 0.1, Sum: 1.2]
      [Termination (ms): Min: 0.0, Avg: 0.0, Max: 0.0, Diff: 0.0, Sum: 0.2]
         [Termination Attempts: Min: 1, Avg: 1.0, Max: 1, Diff: 0, Sum: 6]
      [GC Worker Other (ms): Min: 0.0, Avg: 0.0, Max: 0.0, Diff: 0.0, Sum: 0.1]
      [GC Worker Total (ms): Min: 0.6, Avg: 0.6, Max: 0.6, Diff: 0.1, Sum: 3.6]
      [GC Worker End (ms): Min: 1074960.8, Avg: 1074960.8, Max: 1074960.8, Diff: 0.0]
   [Code Root Fixup: 0.0 ms]
   [Code Root Purge: 0.0 ms]
   [Clear CT: 0.2 ms]
   [Other: 0.7 ms]
      [Choose CSet: 0.0 ms]
      [Ref Proc: 0.1 ms]
      [Ref Enq: 0.0 ms]
      [Redirty Cards: 0.1 ms]
      [Humongous Register: 0.1 ms]
      [Humongous Reclaim: 0.0 ms]
      [Free CSet: 0.3 ms]
   [Eden: 417.0M(417.0M)->0.0B(417.0M) Survivors: 3072.0K->3072.0K Heap: 480.3M(700.0M)->64491.8K(700.0M)]
 [Times: user=0.00 sys=0.00, real=0.00 secs] 
2024-10-10T18:09:41.356+0300: 1074.962: Total time for which application threads were stopped: 0.0020133 seconds, Stopping threads took: 0.0001811 seconds
2024-10-10T18:09:45.737+0300: 1079.348: Application time: 4.3866403 seconds
2024-10-10T18:09:45.737+0300: 1079.349: [GC pause (G1 Evacuation Pause) (young), 0.0014156 secs]
   [Parallel Time: 0.6 ms, GC Workers: 6]
      [GC Worker Start (ms): Min: 1079348.8, Avg: 1079348.9, Max: 1079348.9, Diff: 0.1]
      [Ext Root Scanning (ms): Min: 0.2, Avg: 0.3, Max: 0.3, Diff: 0.1, Sum: 1.6]
      [Update RS (ms): Min: 0.0, Avg: 0.0, Max: 0.0, Diff: 0.0, Sum: 0.1]
         [Processed Buffers: Min: 0, Avg: 1.0, Max: 2, Diff: 2, Sum: 6]
      [Scan RS (ms): Min: 0.0, Avg: 0.1, Max: 0.1, Diff: 0.1, Sum: 0.5]
      [Code Root Scanning (ms): Min: 0.0, Avg: 0.0, Max: 0.0, Diff: 0.0, Sum: 0.0]
      [Object Copy (ms): Min: 0.1, Avg: 0.2, Max: 0.2, Diff: 0.1, Sum: 1.0]
      [Termination (ms): Min: 0.0, Avg: 0.0, Max: 0.0, Diff: 0.0, Sum: 0.1]
         [Termination Attempts: Min: 1, Avg: 1.0, Max: 1, Diff: 0, Sum: 6]
      [GC Worker Other (ms): Min: 0.0, Avg: 0.0, Max: 0.0, Diff: 0.0, Sum: 0.1]
      [GC Worker Total (ms): Min: 0.5, Avg: 0.6, Max: 0.6, Diff: 0.1, Sum: 3.4]
      [GC Worker End (ms): Min: 1079349.4, Avg: 1079349.4, Max: 1079349.4, Diff: 0.0]
   [Code Root Fixup: 0.0 ms]
   [Code Root Purge: 0.0 ms]
   [Clear CT: 0.2 ms]
   [Other: 0.6 ms]
      [Choose CSet: 0.0 ms]
      [Ref Proc: 0.1 ms]
      [Ref Enq: 0.0 ms]
      [Redirty Cards: 0.1 ms]
      [Humongous Register: 0.1 ms]
      [Humongous Reclaim: 0.0 ms]
      [Free CSet: 0.2 ms]
   [Eden: 417.0M(417.0M)->0.0B(417.0M) Survivors: 3072.0K->3072.0K Heap: 480.0M(700.0M)->64430.6K(700.0M)]
 [Times: user=0.00 sys=0.00, real=0.00 secs] 
2024-10-10T18:09:45.751+0300: 1079.350: Total time for which application threads were stopped: 0.0018611 seconds, Stopping threads took: 0.0001730 seconds
2024-10-10T18:09:50.178+0300: 1083.791: Application time: 4.4405077 seconds
2024-10-10T18:09:50.178+0300: 1083.791: [GC pause (G1 Evacuation Pause) (young), 0.0017570 secs]
   [Parallel Time: 0.7 ms, GC Workers: 6]
      [GC Worker Start (ms): Min: 1083791.5, Avg: 1083791.6, Max: 1083791.8, Diff: 0.3]
      [Ext Root Scanning (ms): Min: 0.0, Avg: 0.2, Max: 0.3, Diff: 0.3, Sum: 1.2]
      [Update RS (ms): Min: 0.0, Avg: 0.0, Max: 0.0, Diff: 0.0, Sum: 0.1]
         [Processed Buffers: Min: 0, Avg: 1.0, Max: 3, Diff: 3, Sum: 6]
      [Scan RS (ms): Min: 0.0, Avg: 0.1, Max: 0.1, Diff: 0.1, Sum: 0.5]
      [Code Root Scanning (ms): Min: 0.0, Avg: 0.0, Max: 0.0, Diff: 0.0, Sum: 0.0]
      [Object Copy (ms): Min: 0.1, Avg: 0.2, Max: 0.2, Diff: 0.1, Sum: 1.1]
      [Termination (ms): Min: 0.0, Avg: 0.0, Max: 0.0, Diff: 0.0, Sum: 0.1]
         [Termination Attempts: Min: 1, Avg: 1.0, Max: 1, Diff: 0, Sum: 6]
      [GC Worker Other (ms): Min: 0.0, Avg: 0.0, Max: 0.0, Diff: 0.0, Sum: 0.1]
      [GC Worker Total (ms): Min: 0.3, Avg: 0.5, Max: 0.6, Diff: 0.3, Sum: 3.1]
      [GC Worker End (ms): Min: 1083792.1, Avg: 1083792.1, Max: 1083792.2, Diff: 0.0]
   [Code Root Fixup: 0.0 ms]
   [Code Root Purge: 0.0 ms]
   [Clear CT: 0.2 ms]
   [Other: 0.8 ms]
      [Choose CSet: 0.0 ms]
      [Ref Proc: 0.1 ms]
      [Ref Enq: 0.0 ms]
      [Redirty Cards: 0.1 ms]
      [Humongous Register: 0.1 ms]
      [Humongous Reclaim: 0.0 ms]
      [Free CSet: 0.3 ms]
   [Eden: 417.0M(417.0M)->0.0B(417.0M) Survivors: 3072.0K->3072.0K Heap: 479.9M(700.0M)->64714.2K(700.0M)]
 [Times: user=0.00 sys=0.00, real=0.02 secs] 
2024-10-10T18:09:50.194+0300: 1083.793: Total time for which application threads were stopped: 0.0024195 seconds, Stopping threads took: 0.0004478 seconds
2024-10-10T18:09:54.652+0300: 1088.260: Application time: 4.4665103 seconds
2024-10-10T18:09:54.652+0300: 1088.260: [GC pause (G1 Evacuation Pause) (young), 0.0014683 secs]
   [Parallel Time: 0.6 ms, GC Workers: 6]
      [GC Worker Start (ms): Min: 1088260.1, Avg: 1088260.1, Max: 1088260.2, Diff: 0.1]
      [Ext Root Scanning (ms): Min: 0.2, Avg: 0.3, Max: 0.3, Diff: 0.1, Sum: 1.5]
      [Update RS (ms): Min: 0.0, Avg: 0.0, Max: 0.0, Diff: 0.0, Sum: 0.1]
         [Processed Buffers: Min: 0, Avg: 0.8, Max: 2, Diff: 2, Sum: 5]
      [Scan RS (ms): Min: 0.0, Avg: 0.1, Max: 0.1, Diff: 0.0, Sum: 0.4]
      [Code Root Scanning (ms): Min: 0.0, Avg: 0.0, Max: 0.0, Diff: 0.0, Sum: 0.0]
      [Object Copy (ms): Min: 0.1, Avg: 0.1, Max: 0.2, Diff: 0.1, Sum: 0.9]
      [Termination (ms): Min: 0.0, Avg: 0.0, Max: 0.0, Diff: 0.0, Sum: 0.1]
         [Termination Attempts: Min: 1, Avg: 1.0, Max: 1, Diff: 0, Sum: 6]
      [GC Worker Other (ms): Min: 0.0, Avg: 0.0, Max: 0.0, Diff: 0.0, Sum: 0.1]
      [GC Worker Total (ms): Min: 0.5, Avg: 0.5, Max: 0.6, Diff: 0.0, Sum: 3.2]
      [GC Worker End (ms): Min: 1088260.7, Avg: 1088260.7, Max: 1088260.7, Diff: 0.0]
   [Code Root Fixup: 0.0 ms]
   [Code Root Purge: 0.0 ms]
   [Clear CT: 0.2 ms]
   [Other: 0.7 ms]
      [Choose CSet: 0.0 ms]
      [Ref Proc: 0.1 ms]
      [Ref Enq: 0.0 ms]
      [Redirty Cards: 0.1 ms]
      [Humongous Register: 0.1 ms]
      [Humongous Reclaim: 0.0 ms]
      [Free CSet: 0.3 ms]
   [Eden: 417.0M(417.0M)->0.0B(418.0M) Survivors: 3072.0K->2048.0K Heap: 480.2M(700.0M)->64211.4K(700.0M)]
 [Times: user=0.00 sys=0.00, real=0.00 secs] 
2024-10-10T18:09:54.652+0300: 1088.262: Total time for which application threads were stopped: 0.0018604 seconds, Stopping threads took: 0.0001773 seconds
2024-10-10T18:09:59.078+0300: 1092.684: Application time: 4.4224063 seconds
2024-10-10T18:09:59.078+0300: 1092.684: [GC pause (G1 Evacuation Pause) (young), 0.0014240 secs]
   [Parallel Time: 0.7 ms, GC Workers: 6]
      [GC Worker Start (ms): Min: 1092684.4, Avg: 1092684.4, Max: 1092684.5, Diff: 0.0]
      [Ext Root Scanning (ms): Min: 0.2, Avg: 0.3, Max: 0.3, Diff: 0.0, Sum: 1.5]
      [Update RS (ms): Min: 0.0, Avg: 0.0, Max: 0.1, Diff: 0.1, Sum: 0.1]
         [Processed Buffers: Min: 0, Avg: 1.0, Max: 3, Diff: 3, Sum: 6]
      [Scan RS (ms): Min: 0.0, Avg: 0.1, Max: 0.1, Diff: 0.1, Sum: 0.4]
      [Code Root Scanning (ms): Min: 0.0, Avg: 0.0, Max: 0.0, Diff: 0.0, Sum: 0.0]
      [Object Copy (ms): Min: 0.2, Avg: 0.2, Max: 0.3, Diff: 0.1, Sum: 1.3]
      [Termination (ms): Min: 0.0, Avg: 0.0, Max: 0.0, Diff: 0.0, Sum: 0.0]
         [Termination Attempts: Min: 1, Avg: 2.5, Max: 4, Diff: 3, Sum: 15]
      [GC Worker Other (ms): Min: 0.0, Avg: 0.0, Max: 0.0, Diff: 0.0, Sum: 0.2]
      [GC Worker Total (ms): Min: 0.6, Avg: 0.6, Max: 0.6, Diff: 0.0, Sum: 3.5]
      [GC Worker End (ms): Min: 1092685.0, Avg: 1092685.0, Max: 1092685.0, Diff: 0.0]
   [Code Root Fixup: 0.0 ms]
   [Code Root Purge: 0.0 ms]
   [Clear CT: 0.2 ms]
   [Other: 0.6 ms]
      [Choose CSet: 0.0 ms]
      [Ref Proc: 0.1 ms]
      [Ref Enq: 0.0 ms]
      [Redirty Cards: 0.1 ms]
      [Humongous Register: 0.1 ms]
      [Humongous Reclaim: 0.0 ms]
      [Free CSet: 0.2 ms]
   [Eden: 418.0M(418.0M)->0.0B(418.0M) Survivors: 2048.0K->2048.0K Heap: 480.7M(700.0M)->64193.2K(700.0M)]
 [Times: user=0.00 sys=0.00, real=0.00 secs] 
2024-10-10T18:09:59.078+0300: 1092.686: Total time for which application threads were stopped: 0.0018611 seconds, Stopping threads took: 0.0001846 seconds
2024-10-10T18:10:03.552+0300: 1097.163: Application time: 4.4768786 seconds
2024-10-10T18:10:03.552+0300: 1097.163: [GC pause (G1 Evacuation Pause) (young), 0.0016814 secs]
   [Parallel Time: 0.8 ms, GC Workers: 6]
      [GC Worker Start (ms): Min: 1097163.2, Avg: 1097163.3, Max: 1097163.5, Diff: 0.3]
      [Ext Root Scanning (ms): Min: 0.0, Avg: 0.2, Max: 0.4, Diff: 0.3, Sum: 1.2]
      [Update RS (ms): Min: 0.0, Avg: 0.0, Max: 0.1, Diff: 0.1, Sum: 0.1]
         [Processed Buffers: Min: 0, Avg: 0.8, Max: 2, Diff: 2, Sum: 5]
      [Scan RS (ms): Min: 0.0, Avg: 0.1, Max: 0.1, Diff: 0.1, Sum: 0.5]
      [Code Root Scanning (ms): Min: 0.0, Avg: 0.0, Max: 0.0, Diff: 0.0, Sum: 0.0]
      [Object Copy (ms): Min: 0.1, Avg: 0.2, Max: 0.3, Diff: 0.2, Sum: 1.0]
      [Termination (ms): Min: 0.0, Avg: 0.0, Max: 0.1, Diff: 0.1, Sum: 0.3]
         [Termination Attempts: Min: 1, Avg: 1.0, Max: 1, Diff: 0, Sum: 6]
      [GC Worker Other (ms): Min: 0.0, Avg: 0.0, Max: 0.0, Diff: 0.0, Sum: 0.1]
      [GC Worker Total (ms): Min: 0.4, Avg: 0.5, Max: 0.7, Diff: 0.3, Sum: 3.3]
      [GC Worker End (ms): Min: 1097163.9, Avg: 1097163.9, Max: 1097163.9, Diff: 0.0]
   [Code Root Fixup: 0.0 ms]
   [Code Root Purge: 0.0 ms]
   [Clear CT: 0.2 ms]
   [Other: 0.7 ms]
      [Choose CSet: 0.0 ms]
      [Ref Proc: 0.1 ms]
      [Ref Enq: 0.0 ms]
      [Redirty Cards: 0.1 ms]
      [Humongous Register: 0.1 ms]
      [Humongous Reclaim: 0.0 ms]
      [Free CSet: 0.3 ms]
   [Eden: 418.0M(418.0M)->0.0B(417.0M) Survivors: 2048.0K->3072.0K Heap: 480.7M(700.0M)->64583.4K(700.0M)]
 [Times: user=0.02 sys=0.00, real=0.01 secs] 
2024-10-10T18:10:03.566+0300: 1097.165: Total time for which application threads were stopped: 0.0020848 seconds, Stopping threads took: 0.0001730 seconds
2024-10-10T18:10:08.009+0300: 1101.623: Application time: 4.4578510 seconds
2024-10-10T18:10:08.009+0300: 1101.623: [GC pause (G1 Evacuation Pause) (young), 0.0015118 secs]
   [Parallel Time: 0.8 ms, GC Workers: 6]
      [GC Worker Start (ms): Min: 1101623.2, Avg: 1101623.3, Max: 1101623.4, Diff: 0.2]
      [Ext Root Scanning (ms): Min: 0.2, Avg: 0.3, Max: 0.3, Diff: 0.2, Sum: 1.7]
      [Update RS (ms): Min: 0.0, Avg: 0.0, Max: 0.0, Diff: 0.0, Sum: 0.1]
         [Processed Buffers: Min: 0, Avg: 1.0, Max: 2, Diff: 2, Sum: 6]
      [Scan RS (ms): Min: 0.1, Avg: 0.1, Max: 0.2, Diff: 0.1, Sum: 0.5]
      [Code Root Scanning (ms): Min: 0.0, Avg: 0.0, Max: 0.0, Diff: 0.0, Sum: 0.0]
      [Object Copy (ms): Min: 0.1, Avg: 0.2, Max: 0.2, Diff: 0.2, Sum: 1.0]
      [Termination (ms): Min: 0.0, Avg: 0.0, Max: 0.1, Diff: 0.1, Sum: 0.1]
         [Termination Attempts: Min: 1, Avg: 1.0, Max: 1, Diff: 0, Sum: 6]
      [GC Worker Other (ms): Min: 0.0, Avg: 0.0, Max: 0.0, Diff: 0.0, Sum: 0.2]
      [GC Worker Total (ms): Min: 0.5, Avg: 0.6, Max: 0.7, Diff: 0.2, Sum: 3.6]
      [GC Worker End (ms): Min: 1101623.9, Avg: 1101623.9, Max: 1101623.9, Diff: 0.0]
   [Code Root Fixup: 0.0 ms]
   [Code Root Purge: 0.0 ms]
   [Clear CT: 0.2 ms]
   [Other: 0.6 ms]
      [Choose CSet: 0.0 ms]
      [Ref Proc: 0.1 ms]
      [Ref Enq: 0.0 ms]
      [Redirty Cards: 0.1 ms]
      [Humongous Register: 0.1 ms]
      [Humongous Reclaim: 0.0 ms]
      [Free CSet: 0.2 ms]
   [Eden: 417.0M(417.0M)->0.0B(418.0M) Survivors: 3072.0K->2048.0K Heap: 480.1M(700.0M)->64251.1K(700.0M)]
 [Times: user=0.03 sys=0.00, real=0.01 secs] 
2024-10-10T18:10:08.024+0300: 1101.625: Total time for which application threads were stopped: 0.0019424 seconds, Stopping threads took: 0.0002293 seconds
2024-10-10T18:10:12.468+0300: 1106.076: Application time: 4.4510929 seconds
2024-10-10T18:10:12.468+0300: 1106.076: [GC pause (G1 Evacuation Pause) (young), 0.0015051 secs]
   [Parallel Time: 0.7 ms, GC Workers: 6]
      [GC Worker Start (ms): Min: 1106076.2, Avg: 1106076.2, Max: 1106076.2, Diff: 0.1]
      [Ext Root Scanning (ms): Min: 0.2, Avg: 0.3, Max: 0.3, Diff: 0.1, Sum: 1.6]
      [Update RS (ms): Min: 0.0, Avg: 0.0, Max: 0.1, Diff: 0.1, Sum: 0.1]
         [Processed Buffers: Min: 0, Avg: 0.8, Max: 2, Diff: 2, Sum: 5]
      [Scan RS (ms): Min: 0.0, Avg: 0.1, Max: 0.1, Diff: 0.1, Sum: 0.5]
      [Code Root Scanning (ms): Min: 0.0, Avg: 0.0, Max: 0.0, Diff: 0.0, Sum: 0.0]
      [Object Copy (ms): Min: 0.1, Avg: 0.2, Max: 0.3, Diff: 0.1, Sum: 1.2]
      [Termination (ms): Min: 0.0, Avg: 0.0, Max: 0.0, Diff: 0.0, Sum: 0.0]
         [Termination Attempts: Min: 1, Avg: 3.2, Max: 5, Diff: 4, Sum: 19]
      [GC Worker Other (ms): Min: 0.0, Avg: 0.0, Max: 0.0, Diff: 0.0, Sum: 0.1]
      [GC Worker Total (ms): Min: 0.6, Avg: 0.6, Max: 0.6, Diff: 0.0, Sum: 3.5]
      [GC Worker End (ms): Min: 1106076.8, Avg: 1106076.8, Max: 1106076.8, Diff: 0.0]
   [Code Root Fixup: 0.0 ms]
   [Code Root Purge: 0.0 ms]
   [Clear CT: 0.2 ms]
   [Other: 0.6 ms]
      [Choose CSet: 0.0 ms]
      [Ref Proc: 0.1 ms]
      [Ref Enq: 0.0 ms]
      [Redirty Cards: 0.1 ms]
      [Humongous Register: 0.1 ms]
      [Humongous Reclaim: 0.0 ms]
      [Free CSet: 0.2 ms]
   [Eden: 418.0M(418.0M)->0.0B(418.0M) Survivors: 2048.0K->2048.0K Heap: 480.7M(700.0M)->64140.5K(700.0M)]
 [Times: user=0.03 sys=0.00, real=0.01 secs] 
2024-10-10T18:10:12.479+0300: 1106.078: Total time for which application threads were stopped: 0.0019101 seconds, Stopping threads took: 0.0001848 seconds
2024-10-10T18:10:16.977+0300: 1110.577: Application time: 4.4993357 seconds
2024-10-10T18:10:16.977+0300: 1110.577: [GC pause (G1 Evacuation Pause) (young), 0.0014687 secs]
   [Parallel Time: 0.7 ms, GC Workers: 6]
      [GC Worker Start (ms): Min: 1110577.3, Avg: 1110577.3, Max: 1110577.4, Diff: 0.1]
      [Ext Root Scanning (ms): Min: 0.3, Avg: 0.3, Max: 0.4, Diff: 0.1, Sum: 2.0]
      [Update RS (ms): Min: 0.0, Avg: 0.0, Max: 0.0, Diff: 0.0, Sum: 0.1]
         [Processed Buffers: Min: 0, Avg: 1.0, Max: 3, Diff: 3, Sum: 6]
      [Scan RS (ms): Min: 0.0, Avg: 0.1, Max: 0.1, Diff: 0.0, Sum: 0.4]
      [Code Root Scanning (ms): Min: 0.0, Avg: 0.0, Max: 0.0, Diff: 0.0, Sum: 0.0]
      [Object Copy (ms): Min: 0.2, Avg: 0.2, Max: 0.2, Diff: 0.1, Sum: 1.2]
      [Termination (ms): Min: 0.0, Avg: 0.0, Max: 0.1, Diff: 0.1, Sum: 0.2]
         [Termination Attempts: Min: 1, Avg: 1.0, Max: 1, Diff: 0, Sum: 6]
      [GC Worker Other (ms): Min: 0.0, Avg: 0.0, Max: 0.0, Diff: 0.0, Sum: 0.1]
      [GC Worker Total (ms): Min: 0.6, Avg: 0.6, Max: 0.7, Diff: 0.0, Sum: 3.9]
      [GC Worker End (ms): Min: 1110578.0, Avg: 1110578.0, Max: 1110578.0, Diff: 0.0]
   [Code Root Fixup: 0.0 ms]
   [Code Root Purge: 0.0 ms]
   [Clear CT: 0.2 ms]
   [Other: 0.6 ms]
      [Choose CSet: 0.0 ms]
      [Ref Proc: 0.1 ms]
      [Ref Enq: 0.0 ms]
      [Redirty Cards: 0.1 ms]
      [Humongous Register: 0.0 ms]
      [Humongous Reclaim: 0.0 ms]
      [Free CSet: 0.2 ms]
   [Eden: 418.0M(418.0M)->0.0B(417.0M) Survivors: 2048.0K->3072.0K Heap: 480.6M(700.0M)->64395.1K(700.0M)]
 [Times: user=0.03 sys=0.00, real=0.00 secs] 
2024-10-10T18:10:16.977+0300: 1110.579: Total time for which application threads were stopped: 0.0017809 seconds, Stopping threads took: 0.0001255 seconds
2024-10-10T18:10:21.426+0300: 1115.028: Application time: 4.4488635 seconds
2024-10-10T18:10:21.426+0300: 1115.028: [GC pause (G1 Evacuation Pause) (young), 0.0015436 secs]
   [Parallel Time: 0.7 ms, GC Workers: 6]
      [GC Worker Start (ms): Min: 1115028.0, Avg: 1115028.0, Max: 1115028.1, Diff: 0.1]
      [Ext Root Scanning (ms): Min: 0.2, Avg: 0.3, Max: 0.3, Diff: 0.1, Sum: 1.6]
      [Update RS (ms): Min: 0.0, Avg: 0.0, Max: 0.1, Diff: 0.1, Sum: 0.1]
         [Processed Buffers: Min: 0, Avg: 0.8, Max: 3, Diff: 3, Sum: 5]
      [Scan RS (ms): Min: 0.0, Avg: 0.1, Max: 0.1, Diff: 0.1, Sum: 0.4]
      [Code Root Scanning (ms): Min: 0.0, Avg: 0.0, Max: 0.0, Diff: 0.0, Sum: 0.0]
      [Object Copy (ms): Min: 0.1, Avg: 0.2, Max: 0.4, Diff: 0.2, Sum: 1.5]
      [Termination (ms): Min: 0.0, Avg: 0.0, Max: 0.1, Diff: 0.1, Sum: 0.3]
         [Termination Attempts: Min: 1, Avg: 2.0, Max: 3, Diff: 2, Sum: 12]
      [GC Worker Other (ms): Min: 0.0, Avg: 0.0, Max: 0.0, Diff: 0.0, Sum: 0.1]
      [GC Worker Total (ms): Min: 0.6, Avg: 0.6, Max: 0.7, Diff: 0.1, Sum: 3.9]
      [GC Worker End (ms): Min: 1115028.7, Avg: 1115028.7, Max: 1115028.7, Diff: 0.0]
   [Code Root Fixup: 0.0 ms]
   [Code Root Purge: 0.0 ms]
   [Clear CT: 0.2 ms]
   [Other: 0.6 ms]
      [Choose CSet: 0.0 ms]
      [Ref Proc: 0.1 ms]
      [Ref Enq: 0.0 ms]
      [Redirty Cards: 0.1 ms]
      [Humongous Register: 0.0 ms]
      [Humongous Reclaim: 0.0 ms]
      [Free CSet: 0.3 ms]
   [Eden: 417.0M(417.0M)->0.0B(418.0M) Survivors: 3072.0K->2048.0K Heap: 479.9M(700.0M)->63919.7K(700.0M)]
 [Times: user=0.01 sys=0.00, real=0.00 secs] 
2024-10-10T18:10:21.426+0300: 1115.030: Total time for which application threads were stopped: 0.0019493 seconds, Stopping threads took: 0.0001596 seconds
2024-10-10T18:10:25.886+0300: 1119.485: Application time: 4.4557790 seconds
2024-10-10T18:10:25.886+0300: 1119.486: [GC pause (G1 Evacuation Pause) (young), 0.0013388 secs]
   [Parallel Time: 0.6 ms, GC Workers: 6]
      [GC Worker Start (ms): Min: 1119485.6, Avg: 1119485.7, Max: 1119485.7, Diff: 0.0]
      [Ext Root Scanning (ms): Min: 0.2, Avg: 0.2, Max: 0.3, Diff: 0.0, Sum: 1.5]
      [Update RS (ms): Min: 0.0, Avg: 0.0, Max: 0.0, Diff: 0.0, Sum: 0.1]
         [Processed Buffers: Min: 0, Avg: 0.8, Max: 2, Diff: 2, Sum: 5]
      [Scan RS (ms): Min: 0.0, Avg: 0.1, Max: 0.1, Diff: 0.1, Sum: 0.4]
      [Code Root Scanning (ms): Min: 0.0, Avg: 0.0, Max: 0.0, Diff: 0.0, Sum: 0.0]
      [Object Copy (ms): Min: 0.1, Avg: 0.2, Max: 0.2, Diff: 0.1, Sum: 1.0]
      [Termination (ms): Min: 0.0, Avg: 0.0, Max: 0.0, Diff: 0.0, Sum: 0.1]
         [Termination Attempts: Min: 1, Avg: 1.0, Max: 1, Diff: 0, Sum: 6]
      [GC Worker Other (ms): Min: 0.0, Avg: 0.0, Max: 0.0, Diff: 0.0, Sum: 0.1]
      [GC Worker Total (ms): Min: 0.5, Avg: 0.5, Max: 0.5, Diff: 0.1, Sum: 3.1]
      [GC Worker End (ms): Min: 1119486.2, Avg: 1119486.2, Max: 1119486.2, Diff: 0.0]
   [Code Root Fixup: 0.0 ms]
   [Code Root Purge: 0.0 ms]
   [Clear CT: 0.2 ms]
   [Other: 0.6 ms]
      [Choose CSet: 0.0 ms]
      [Ref Proc: 0.2 ms]
      [Ref Enq: 0.0 ms]
      [Redirty Cards: 0.1 ms]
      [Humongous Register: 0.0 ms]
      [Humongous Reclaim: 0.0 ms]
      [Free CSet: 0.2 ms]
   [Eden: 418.0M(418.0M)->0.0B(417.0M) Survivors: 2048.0K->3072.0K Heap: 480.4M(700.0M)->64665.9K(700.0M)]
 [Times: user=0.00 sys=0.00, real=0.00 secs] 
2024-10-10T18:10:25.886+0300: 1119.487: Total time for which application threads were stopped: 0.0016395 seconds, Stopping threads took: 0.0001125 seconds
2024-10-10T18:10:30.302+0300: 1123.904: Application time: 4.4168960 seconds
2024-10-10T18:10:30.302+0300: 1123.904: [GC pause (G1 Evacuation Pause) (young), 0.0015308 secs]
   [Parallel Time: 0.7 ms, GC Workers: 6]
      [GC Worker Start (ms): Min: 1123904.3, Avg: 1123904.3, Max: 1123904.4, Diff: 0.1]
      [Ext Root Scanning (ms): Min: 0.2, Avg: 0.3, Max: 0.3, Diff: 0.1, Sum: 1.6]
      [Update RS (ms): Min: 0.0, Avg: 0.0, Max: 0.0, Diff: 0.0, Sum: 0.1]
         [Processed Buffers: Min: 0, Avg: 0.8, Max: 3, Diff: 3, Sum: 5]
      [Scan RS (ms): Min: 0.0, Avg: 0.1, Max: 0.1, Diff: 0.1, Sum: 0.4]
      [Code Root Scanning (ms): Min: 0.0, Avg: 0.0, Max: 0.0, Diff: 0.0, Sum: 0.0]
      [Object Copy (ms): Min: 0.1, Avg: 0.2, Max: 0.2, Diff: 0.1, Sum: 0.9]
      [Termination (ms): Min: 0.0, Avg: 0.0, Max: 0.0, Diff: 0.0, Sum: 0.1]
         [Termination Attempts: Min: 1, Avg: 1.0, Max: 1, Diff: 0, Sum: 6]
      [GC Worker Other (ms): Min: 0.0, Avg: 0.0, Max: 0.0, Diff: 0.0, Sum: 0.1]
      [GC Worker Total (ms): Min: 0.5, Avg: 0.5, Max: 0.6, Diff: 0.1, Sum: 3.3]
      [GC Worker End (ms): Min: 1123904.9, Avg: 1123904.9, Max: 1123904.9, Diff: 0.0]
   [Code Root Fixup: 0.0 ms]
   [Code Root Purge: 0.0 ms]
   [Clear CT: 0.2 ms]
   [Other: 0.7 ms]
      [Choose CSet: 0.0 ms]
      [Ref Proc: 0.1 ms]
      [Ref Enq: 0.0 ms]
      [Redirty Cards: 0.1 ms]
      [Humongous Register: 0.0 ms]
      [Humongous Reclaim: 0.0 ms]
      [Free CSet: 0.3 ms]
   [Eden: 417.0M(417.0M)->0.0B(418.0M) Survivors: 3072.0K->2048.0K Heap: 480.2M(700.0M)->64152.0K(700.0M)]
 [Times: user=0.03 sys=0.00, real=0.00 secs] 
2024-10-10T18:10:30.302+0300: 1123.906: Total time for which application threads were stopped: 0.0019460 seconds, Stopping threads took: 0.0002071 seconds
2024-10-10T18:10:34.818+0300: 1128.428: Application time: 4.5217463 seconds
2024-10-10T18:10:34.818+0300: 1128.428: [GC pause (G1 Evacuation Pause) (young), 0.0014791 secs]
   [Parallel Time: 0.6 ms, GC Workers: 6]
      [GC Worker Start (ms): Min: 1128428.0, Avg: 1128428.0, Max: 1128428.1, Diff: 0.1]
      [Ext Root Scanning (ms): Min: 0.2, Avg: 0.3, Max: 0.3, Diff: 0.1, Sum: 1.6]
      [Update RS (ms): Min: 0.0, Avg: 0.0, Max: 0.1, Diff: 0.1, Sum: 0.1]
         [Processed Buffers: Min: 0, Avg: 1.0, Max: 2, Diff: 2, Sum: 6]
      [Scan RS (ms): Min: 0.0, Avg: 0.1, Max: 0.1, Diff: 0.1, Sum: 0.4]
      [Code Root Scanning (ms): Min: 0.0, Avg: 0.0, Max: 0.0, Diff: 0.0, Sum: 0.0]
      [Object Copy (ms): Min: 0.1, Avg: 0.1, Max: 0.2, Diff: 0.1, Sum: 0.7]
      [Termination (ms): Min: 0.0, Avg: 0.0, Max: 0.1, Diff: 0.1, Sum: 0.2]
         [Termination Attempts: Min: 1, Avg: 1.0, Max: 1, Diff: 0, Sum: 6]
      [GC Worker Other (ms): Min: 0.0, Avg: 0.0, Max: 0.0, Diff: 0.0, Sum: 0.1]
      [GC Worker Total (ms): Min: 0.5, Avg: 0.5, Max: 0.5, Diff: 0.1, Sum: 3.1]
      [GC Worker End (ms): Min: 1128428.5, Avg: 1128428.5, Max: 1128428.5, Diff: 0.0]
   [Code Root Fixup: 0.0 ms]
   [Code Root Purge: 0.0 ms]
   [Clear CT: 0.2 ms]
   [Other: 0.7 ms]
      [Choose CSet: 0.0 ms]
      [Ref Proc: 0.2 ms]
      [Ref Enq: 0.0 ms]
      [Redirty Cards: 0.1 ms]
      [Humongous Register: 0.1 ms]
      [Humongous Reclaim: 0.0 ms]
      [Free CSet: 0.2 ms]
   [Eden: 418.0M(418.0M)->0.0B(418.0M) Survivors: 2048.0K->2048.0K Heap: 480.6M(700.0M)->64011.0K(700.0M)]
 [Times: user=0.00 sys=0.00, real=0.00 secs] 
2024-10-10T18:10:34.818+0300: 1128.429: Total time for which application threads were stopped: 0.0018500 seconds, Stopping threads took: 0.0001673 seconds
2024-10-10T18:10:39.291+0300: 1132.892: Application time: 4.4628507 seconds
2024-10-10T18:10:39.291+0300: 1132.893: [GC pause (G1 Evacuation Pause) (young), 0.0015090 secs]
   [Parallel Time: 0.6 ms, GC Workers: 6]
      [GC Worker Start (ms): Min: 1132892.7, Avg: 1132892.7, Max: 1132892.7, Diff: 0.1]
      [Ext Root Scanning (ms): Min: 0.2, Avg: 0.3, Max: 0.3, Diff: 0.1, Sum: 1.5]
      [Update RS (ms): Min: 0.0, Avg: 0.0, Max: 0.0, Diff: 0.0, Sum: 0.1]
         [Processed Buffers: Min: 0, Avg: 1.2, Max: 3, Diff: 3, Sum: 7]
      [Scan RS (ms): Min: 0.0, Avg: 0.1, Max: 0.1, Diff: 0.1, Sum: 0.4]
      [Code Root Scanning (ms): Min: 0.0, Avg: 0.0, Max: 0.0, Diff: 0.0, Sum: 0.0]
      [Object Copy (ms): Min: 0.1, Avg: 0.1, Max: 0.2, Diff: 0.1, Sum: 0.8]
      [Termination (ms): Min: 0.0, Avg: 0.0, Max: 0.0, Diff: 0.0, Sum: 0.1]
         [Termination Attempts: Min: 1, Avg: 1.0, Max: 1, Diff: 0, Sum: 6]
      [GC Worker Other (ms): Min: 0.0, Avg: 0.0, Max: 0.0, Diff: 0.0, Sum: 0.1]
      [GC Worker Total (ms): Min: 0.5, Avg: 0.5, Max: 0.5, Diff: 0.1, Sum: 3.0]
      [GC Worker End (ms): Min: 1132893.2, Avg: 1132893.2, Max: 1132893.2, Diff: 0.0]
   [Code Root Fixup: 0.0 ms]
   [Code Root Purge: 0.0 ms]
   [Clear CT: 0.2 ms]
   [Other: 0.7 ms]
      [Choose CSet: 0.0 ms]
      [Ref Proc: 0.2 ms]
      [Ref Enq: 0.0 ms]
      [Redirty Cards: 0.1 ms]
      [Humongous Register: 0.0 ms]
      [Humongous Reclaim: 0.0 ms]
      [Free CSet: 0.2 ms]
   [Eden: 418.0M(418.0M)->0.0B(418.0M) Survivors: 2048.0K->2048.0K Heap: 480.5M(700.0M)->63968.0K(700.0M)]
 [Times: user=0.00 sys=0.00, real=0.00 secs] 
2024-10-10T18:10:39.291+0300: 1132.894: Total time for which application threads were stopped: 0.0018580 seconds, Stopping threads took: 0.0001466 seconds
2024-10-10T18:10:43.729+0300: 1137.331: Application time: 4.4368450 seconds
2024-10-10T18:10:43.729+0300: 1137.331: [GC pause (G1 Evacuation Pause) (young), 0.0017604 secs]
   [Parallel Time: 0.9 ms, GC Workers: 6]
      [GC Worker Start (ms): Min: 1137331.3, Avg: 1137331.4, Max: 1137331.4, Diff: 0.1]
      [Ext Root Scanning (ms): Min: 0.2, Avg: 0.4, Max: 0.8, Diff: 0.6, Sum: 2.3]
      [Update RS (ms): Min: 0.0, Avg: 0.0, Max: 0.1, Diff: 0.1, Sum: 0.1]
         [Processed Buffers: Min: 0, Avg: 0.8, Max: 3, Diff: 3, Sum: 5]
      [Scan RS (ms): Min: 0.0, Avg: 0.1, Max: 0.1, Diff: 0.1, Sum: 0.4]
      [Code Root Scanning (ms): Min: 0.0, Avg: 0.0, Max: 0.0, Diff: 0.0, Sum: 0.0]
      [Object Copy (ms): Min: 0.0, Avg: 0.2, Max: 0.4, Diff: 0.4, Sum: 1.2]
      [Termination (ms): Min: 0.0, Avg: 0.1, Max: 0.2, Diff: 0.2, Sum: 0.8]
         [Termination Attempts: Min: 1, Avg: 1.0, Max: 1, Diff: 0, Sum: 6]
      [GC Worker Other (ms): Min: 0.0, Avg: 0.0, Max: 0.0, Diff: 0.0, Sum: 0.1]
      [GC Worker Total (ms): Min: 0.8, Avg: 0.8, Max: 0.8, Diff: 0.1, Sum: 4.9]
      [GC Worker End (ms): Min: 1137332.2, Avg: 1137332.2, Max: 1137332.2, Diff: 0.0]
   [Code Root Fixup: 0.0 ms]
   [Code Root Purge: 0.0 ms]
   [Clear CT: 0.2 ms]
   [Other: 0.6 ms]
      [Choose CSet: 0.0 ms]
      [Ref Proc: 0.1 ms]
      [Ref Enq: 0.0 ms]
      [Redirty Cards: 0.1 ms]
      [Humongous Register: 0.0 ms]
      [Humongous Reclaim: 0.0 ms]
      [Free CSet: 0.3 ms]
   [Eden: 418.0M(418.0M)->0.0B(417.0M) Survivors: 2048.0K->3072.0K Heap: 480.5M(700.0M)->65048.2K(700.0M)]
 [Times: user=0.00 sys=0.00, real=0.00 secs] 
2024-10-10T18:10:43.732+0300: 1137.333: Total time for which application threads were stopped: 0.0020970 seconds, Stopping threads took: 0.0001367 seconds
2024-10-10T18:10:48.174+0300: 1141.782: Application time: 4.4492743 seconds
2024-10-10T18:10:48.174+0300: 1141.783: [GC pause (G1 Evacuation Pause) (young), 0.0015098 secs]
   [Parallel Time: 0.7 ms, GC Workers: 6]
      [GC Worker Start (ms): Min: 1141782.7, Avg: 1141782.8, Max: 1141782.8, Diff: 0.1]
      [Ext Root Scanning (ms): Min: 0.2, Avg: 0.3, Max: 0.3, Diff: 0.0, Sum: 1.5]
      [Update RS (ms): Min: 0.0, Avg: 0.0, Max: 0.0, Diff: 0.0, Sum: 0.1]
         [Processed Buffers: Min: 0, Avg: 0.8, Max: 3, Diff: 3, Sum: 5]
      [Scan RS (ms): Min: 0.0, Avg: 0.1, Max: 0.1, Diff: 0.0, Sum: 0.4]
      [Code Root Scanning (ms): Min: 0.0, Avg: 0.0, Max: 0.0, Diff: 0.0, Sum: 0.0]
      [Object Copy (ms): Min: 0.1, Avg: 0.2, Max: 0.2, Diff: 0.1, Sum: 1.0]
      [Termination (ms): Min: 0.0, Avg: 0.0, Max: 0.0, Diff: 0.0, Sum: 0.1]
         [Termination Attempts: Min: 1, Avg: 1.0, Max: 1, Diff: 0, Sum: 6]
      [GC Worker Other (ms): Min: 0.0, Avg: 0.0, Max: 0.0, Diff: 0.0, Sum: 0.1]
      [GC Worker Total (ms): Min: 0.5, Avg: 0.5, Max: 0.6, Diff: 0.1, Sum: 3.2]
      [GC Worker End (ms): Min: 1141783.3, Avg: 1141783.3, Max: 1141783.3, Diff: 0.0]
   [Code Root Fixup: 0.0 ms]
   [Code Root Purge: 0.0 ms]
   [Clear CT: 0.2 ms]
   [Other: 0.7 ms]
      [Choose CSet: 0.0 ms]
      [Ref Proc: 0.1 ms]
      [Ref Enq: 0.0 ms]
      [Redirty Cards: 0.1 ms]
      [Humongous Register: 0.0 ms]
      [Humongous Reclaim: 0.0 ms]
      [Free CSet: 0.3 ms]
   [Eden: 417.0M(417.0M)->0.0B(417.0M) Survivors: 3072.0K->3072.0K Heap: 480.5M(700.0M)->64648.4K(700.0M)]
 [Times: user=0.00 sys=0.00, real=0.00 secs] 
2024-10-10T18:10:48.174+0300: 1141.784: Total time for which application threads were stopped: 0.0018561 seconds, Stopping threads took: 0.0001381 seconds
2024-10-10T18:10:52.629+0300: 1146.239: Application time: 4.4550470 seconds
2024-10-10T18:10:52.629+0300: 1146.240: [GC pause (G1 Evacuation Pause) (young), 0.0015430 secs]
   [Parallel Time: 0.7 ms, GC Workers: 6]
      [GC Worker Start (ms): Min: 1146239.6, Avg: 1146239.7, Max: 1146239.7, Diff: 0.1]
      [Ext Root Scanning (ms): Min: 0.2, Avg: 0.3, Max: 0.3, Diff: 0.1, Sum: 1.5]
      [Update RS (ms): Min: 0.0, Avg: 0.1, Max: 0.3, Diff: 0.3, Sum: 0.4]
         [Processed Buffers: Min: 0, Avg: 0.7, Max: 1, Diff: 1, Sum: 4]
      [Scan RS (ms): Min: 0.0, Avg: 0.1, Max: 0.1, Diff: 0.1, Sum: 0.4]
      [Code Root Scanning (ms): Min: 0.0, Avg: 0.0, Max: 0.0, Diff: 0.0, Sum: 0.0]
      [Object Copy (ms): Min: 0.0, Avg: 0.2, Max: 0.3, Diff: 0.2, Sum: 1.1]
      [Termination (ms): Min: 0.0, Avg: 0.0, Max: 0.1, Diff: 0.1, Sum: 0.2]
         [Termination Attempts: Min: 1, Avg: 6.2, Max: 9, Diff: 8, Sum: 37]
      [GC Worker Other (ms): Min: 0.0, Avg: 0.0, Max: 0.0, Diff: 0.0, Sum: 0.1]
      [GC Worker Total (ms): Min: 0.6, Avg: 0.6, Max: 0.7, Diff: 0.1, Sum: 3.8]
      [GC Worker End (ms): Min: 1146240.3, Avg: 1146240.3, Max: 1146240.3, Diff: 0.0]
   [Code Root Fixup: 0.0 ms]
   [Code Root Purge: 0.0 ms]
   [Clear CT: 0.2 ms]
   [Other: 0.7 ms]
      [Choose CSet: 0.0 ms]
      [Ref Proc: 0.1 ms]
      [Ref Enq: 0.0 ms]
      [Redirty Cards: 0.1 ms]
      [Humongous Register: 0.0 ms]
      [Humongous Reclaim: 0.0 ms]
      [Free CSet: 0.3 ms]
   [Eden: 417.0M(417.0M)->0.0B(418.0M) Survivors: 3072.0K->2048.0K Heap: 480.1M(700.0M)->64036.9K(700.0M)]
 [Times: user=0.00 sys=0.00, real=0.00 secs] 
2024-10-10T18:10:52.629+0300: 1146.241: Total time for which application threads were stopped: 0.0018982 seconds, Stopping threads took: 0.0001600 seconds
2024-10-10T18:10:57.056+0300: 1150.667: Application time: 4.4253350 seconds
2024-10-10T18:10:57.056+0300: 1150.667: [GC pause (G1 Evacuation Pause) (young), 0.0014936 secs]
   [Parallel Time: 0.7 ms, GC Workers: 6]
      [GC Worker Start (ms): Min: 1150667.0, Avg: 1150667.0, Max: 1150667.0, Diff: 0.1]
      [Ext Root Scanning (ms): Min: 0.2, Avg: 0.3, Max: 0.3, Diff: 0.1, Sum: 1.6]
      [Update RS (ms): Min: 0.0, Avg: 0.0, Max: 0.1, Diff: 0.1, Sum: 0.1]
         [Processed Buffers: Min: 0, Avg: 1.0, Max: 3, Diff: 3, Sum: 6]
      [Scan RS (ms): Min: 0.0, Avg: 0.1, Max: 0.1, Diff: 0.1, Sum: 0.5]
      [Code Root Scanning (ms): Min: 0.0, Avg: 0.0, Max: 0.0, Diff: 0.0, Sum: 0.0]
      [Object Copy (ms): Min: 0.1, Avg: 0.2, Max: 0.3, Diff: 0.1, Sum: 1.0]
      [Termination (ms): Min: 0.0, Avg: 0.0, Max: 0.1, Diff: 0.1, Sum: 0.2]
         [Termination Attempts: Min: 1, Avg: 1.0, Max: 1, Diff: 0, Sum: 6]
      [GC Worker Other (ms): Min: 0.0, Avg: 0.0, Max: 0.0, Diff: 0.0, Sum: 0.1]
      [GC Worker Total (ms): Min: 0.6, Avg: 0.6, Max: 0.6, Diff: 0.1, Sum: 3.5]
      [GC Worker End (ms): Min: 1150667.6, Avg: 1150667.6, Max: 1150667.6, Diff: 0.0]
   [Code Root Fixup: 0.0 ms]
   [Code Root Purge: 0.0 ms]
   [Clear CT: 0.2 ms]
   [Other: 0.6 ms]
      [Choose CSet: 0.0 ms]
      [Ref Proc: 0.2 ms]
      [Ref Enq: 0.0 ms]
      [Redirty Cards: 0.1 ms]
      [Humongous Register: 0.0 ms]
      [Humongous Reclaim: 0.0 ms]
      [Free CSet: 0.2 ms]
   [Eden: 418.0M(418.0M)->0.0B(418.0M) Survivors: 2048.0K->2048.0K Heap: 480.5M(700.0M)->64192.5K(700.0M)]
 [Times: user=0.00 sys=0.00, real=0.00 secs] 
2024-10-10T18:10:57.056+0300: 1150.668: Total time for which application threads were stopped: 0.0019352 seconds, Stopping threads took: 0.0001979 seconds
2024-10-10T18:11:01.498+0300: 1155.108: Application time: 4.4390803 seconds
2024-10-10T18:11:01.498+0300: 1155.108: [GC pause (G1 Evacuation Pause) (young), 0.0015439 secs]
   [Parallel Time: 0.7 ms, GC Workers: 6]
      [GC Worker Start (ms): Min: 1155107.9, Avg: 1155108.0, Max: 1155108.0, Diff: 0.1]
      [Ext Root Scanning (ms): Min: 0.2, Avg: 0.3, Max: 0.3, Diff: 0.1, Sum: 1.7]
      [Update RS (ms): Min: 0.0, Avg: 0.0, Max: 0.1, Diff: 0.1, Sum: 0.1]
         [Processed Buffers: Min: 0, Avg: 1.0, Max: 3, Diff: 3, Sum: 6]
      [Scan RS (ms): Min: 0.0, Avg: 0.1, Max: 0.1, Diff: 0.0, Sum: 0.4]
      [Code Root Scanning (ms): Min: 0.0, Avg: 0.0, Max: 0.0, Diff: 0.0, Sum: 0.0]
      [Object Copy (ms): Min: 0.1, Avg: 0.2, Max: 0.2, Diff: 0.0, Sum: 1.0]
      [Termination (ms): Min: 0.0, Avg: 0.0, Max: 0.1, Diff: 0.1, Sum: 0.1]
         [Termination Attempts: Min: 1, Avg: 1.0, Max: 1, Diff: 0, Sum: 6]
      [GC Worker Other (ms): Min: 0.0, Avg: 0.0, Max: 0.0, Diff: 0.0, Sum: 0.1]
      [GC Worker Total (ms): Min: 0.5, Avg: 0.6, Max: 0.6, Diff: 0.1, Sum: 3.5]
      [GC Worker End (ms): Min: 1155108.6, Avg: 1155108.6, Max: 1155108.6, Diff: 0.0]
   [Code Root Fixup: 0.0 ms]
   [Code Root Purge: 0.0 ms]
   [Clear CT: 0.2 ms]
   [Other: 0.6 ms]
      [Choose CSet: 0.0 ms]
      [Ref Proc: 0.1 ms]
      [Ref Enq: 0.0 ms]
      [Redirty Cards: 0.1 ms]
      [Humongous Register: 0.1 ms]
      [Humongous Reclaim: 0.0 ms]
      [Free CSet: 0.2 ms]
   [Eden: 418.0M(418.0M)->0.0B(418.0M) Survivors: 2048.0K->2048.0K Heap: 480.7M(700.0M)->64015.6K(700.0M)]
 [Times: user=0.02 sys=0.00, real=0.00 secs] 
2024-10-10T18:11:01.498+0300: 1155.109: Total time for which application threads were stopped: 0.0018731 seconds, Stopping threads took: 0.0001306 seconds
2024-10-10T18:11:06.003+0300: 1159.602: Application time: 4.4929641 seconds
2024-10-10T18:11:06.003+0300: 1159.603: [GC pause (G1 Evacuation Pause) (young), 0.0016083 secs]
   [Parallel Time: 0.8 ms, GC Workers: 6]
      [GC Worker Start (ms): Min: 1159602.7, Avg: 1159602.8, Max: 1159603.1, Diff: 0.4]
      [Ext Root Scanning (ms): Min: 0.0, Avg: 0.2, Max: 0.3, Diff: 0.3, Sum: 1.2]
      [Update RS (ms): Min: 0.0, Avg: 0.0, Max: 0.1, Diff: 0.1, Sum: 0.1]
         [Processed Buffers: Min: 0, Avg: 0.8, Max: 2, Diff: 2, Sum: 5]
      [Scan RS (ms): Min: 0.0, Avg: 0.1, Max: 0.1, Diff: 0.1, Sum: 0.5]
      [Code Root Scanning (ms): Min: 0.0, Avg: 0.0, Max: 0.0, Diff: 0.0, Sum: 0.0]
      [Object Copy (ms): Min: 0.1, Avg: 0.2, Max: 0.4, Diff: 0.3, Sum: 1.2]
      [Termination (ms): Min: 0.0, Avg: 0.1, Max: 0.1, Diff: 0.1, Sum: 0.3]
         [Termination Attempts: Min: 1, Avg: 1.2, Max: 2, Diff: 1, Sum: 7]
      [GC Worker Other (ms): Min: 0.0, Avg: 0.0, Max: 0.0, Diff: 0.0, Sum: 0.1]
      [GC Worker Total (ms): Min: 0.3, Avg: 0.6, Max: 0.7, Diff: 0.4, Sum: 3.4]
      [GC Worker End (ms): Min: 1159603.4, Avg: 1159603.4, Max: 1159603.4, Diff: 0.0]
   [Code Root Fixup: 0.0 ms]
   [Code Root Purge: 0.0 ms]
   [Clear CT: 0.3 ms]
   [Other: 0.6 ms]
      [Choose CSet: 0.0 ms]
      [Ref Proc: 0.1 ms]
      [Ref Enq: 0.0 ms]
      [Redirty Cards: 0.1 ms]
      [Humongous Register: 0.0 ms]
      [Humongous Reclaim: 0.0 ms]
      [Free CSet: 0.2 ms]
   [Eden: 418.0M(418.0M)->0.0B(417.0M) Survivors: 2048.0K->3072.0K Heap: 480.5M(700.0M)->64777.1K(700.0M)]
 [Times: user=0.00 sys=0.00, real=0.00 secs] 
2024-10-10T18:11:06.003+0300: 1159.604: Total time for which application threads were stopped: 0.0019546 seconds, Stopping threads took: 0.0001475 seconds
2024-10-10T18:11:10.443+0300: 1164.048: Application time: 4.4437230 seconds
2024-10-10T18:11:10.443+0300: 1164.048: [GC pause (G1 Evacuation Pause) (young), 0.0014918 secs]
   [Parallel Time: 0.6 ms, GC Workers: 6]
      [GC Worker Start (ms): Min: 1164048.4, Avg: 1164048.4, Max: 1164048.5, Diff: 0.1]
      [Ext Root Scanning (ms): Min: 0.2, Avg: 0.3, Max: 0.3, Diff: 0.1, Sum: 1.6]
      [Update RS (ms): Min: 0.0, Avg: 0.0, Max: 0.1, Diff: 0.1, Sum: 0.1]
         [Processed Buffers: Min: 0, Avg: 0.8, Max: 2, Diff: 2, Sum: 5]
      [Scan RS (ms): Min: 0.0, Avg: 0.1, Max: 0.1, Diff: 0.1, Sum: 0.5]
      [Code Root Scanning (ms): Min: 0.0, Avg: 0.0, Max: 0.0, Diff: 0.0, Sum: 0.0]
      [Object Copy (ms): Min: 0.1, Avg: 0.1, Max: 0.2, Diff: 0.2, Sum: 0.9]
      [Termination (ms): Min: 0.0, Avg: 0.0, Max: 0.1, Diff: 0.1, Sum: 0.2]
         [Termination Attempts: Min: 1, Avg: 1.0, Max: 1, Diff: 0, Sum: 6]
      [GC Worker Other (ms): Min: 0.0, Avg: 0.0, Max: 0.0, Diff: 0.0, Sum: 0.1]
      [GC Worker Total (ms): Min: 0.5, Avg: 0.5, Max: 0.6, Diff: 0.1, Sum: 3.3]
      [GC Worker End (ms): Min: 1164049.0, Avg: 1164049.0, Max: 1164049.0, Diff: 0.0]
   [Code Root Fixup: 0.0 ms]
   [Code Root Purge: 0.0 ms]
   [Clear CT: 0.2 ms]
   [Other: 0.7 ms]
      [Choose CSet: 0.0 ms]
      [Ref Proc: 0.2 ms]
      [Ref Enq: 0.0 ms]
      [Redirty Cards: 0.1 ms]
      [Humongous Register: 0.1 ms]
      [Humongous Reclaim: 0.0 ms]
      [Free CSet: 0.2 ms]
   [Eden: 417.0M(417.0M)->0.0B(418.0M) Survivors: 3072.0K->2048.0K Heap: 480.3M(700.0M)->64275.4K(700.0M)]
 [Times: user=0.02 sys=0.00, real=0.00 secs] 
2024-10-10T18:11:10.443+0300: 1164.050: Total time for which application threads were stopped: 0.0018206 seconds, Stopping threads took: 0.0000943 seconds
2024-10-10T18:11:14.888+0300: 1168.489: Application time: 4.4385957 seconds
2024-10-10T18:11:14.888+0300: 1168.489: [GC pause (G1 Evacuation Pause) (young), 0.0013008 secs]
   [Parallel Time: 0.6 ms, GC Workers: 6]
      [GC Worker Start (ms): Min: 1168488.8, Avg: 1168488.9, Max: 1168488.9, Diff: 0.1]
      [Ext Root Scanning (ms): Min: 0.2, Avg: 0.2, Max: 0.3, Diff: 0.1, Sum: 1.4]
      [Update RS (ms): Min: 0.0, Avg: 0.0, Max: 0.0, Diff: 0.0, Sum: 0.1]
         [Processed Buffers: Min: 0, Avg: 1.0, Max: 2, Diff: 2, Sum: 6]
      [Scan RS (ms): Min: 0.0, Avg: 0.1, Max: 0.1, Diff: 0.1, Sum: 0.4]
      [Code Root Scanning (ms): Min: 0.0, Avg: 0.0, Max: 0.0, Diff: 0.0, Sum: 0.0]
      [Object Copy (ms): Min: 0.1, Avg: 0.2, Max: 0.2, Diff: 0.1, Sum: 1.1]
      [Termination (ms): Min: 0.0, Avg: 0.0, Max: 0.0, Diff: 0.0, Sum: 0.1]
         [Termination Attempts: Min: 1, Avg: 1.0, Max: 1, Diff: 0, Sum: 6]
      [GC Worker Other (ms): Min: 0.0, Avg: 0.0, Max: 0.0, Diff: 0.0, Sum: 0.1]
      [GC Worker Total (ms): Min: 0.5, Avg: 0.5, Max: 0.6, Diff: 0.1, Sum: 3.2]
      [GC Worker End (ms): Min: 1168489.4, Avg: 1168489.4, Max: 1168489.4, Diff: 0.0]
   [Code Root Fixup: 0.0 ms]
   [Code Root Purge: 0.0 ms]
   [Clear CT: 0.2 ms]
   [Other: 0.5 ms]
      [Choose CSet: 0.0 ms]
      [Ref Proc: 0.1 ms]
      [Ref Enq: 0.0 ms]
      [Redirty Cards: 0.1 ms]
      [Humongous Register: 0.0 ms]
      [Humongous Reclaim: 0.0 ms]
      [Free CSet: 0.2 ms]
   [Eden: 418.0M(418.0M)->0.0B(417.0M) Survivors: 2048.0K->3072.0K Heap: 480.8M(700.0M)->64651.4K(700.0M)]
 [Times: user=0.00 sys=0.00, real=0.00 secs] 
2024-10-10T18:11:14.888+0300: 1168.490: Total time for which application threads were stopped: 0.0016585 seconds, Stopping threads took: 0.0001785 seconds
2024-10-10T18:11:19.372+0300: 1172.978: Application time: 4.4875309 seconds
2024-10-10T18:11:19.372+0300: 1172.978: [GC pause (G1 Evacuation Pause) (young), 0.0016844 secs]
   [Parallel Time: 0.7 ms, GC Workers: 6]
      [GC Worker Start (ms): Min: 1172978.1, Avg: 1172978.1, Max: 1172978.1, Diff: 0.0]
      [Ext Root Scanning (ms): Min: 0.2, Avg: 0.3, Max: 0.3, Diff: 0.0, Sum: 1.5]
      [Update RS (ms): Min: 0.0, Avg: 0.0, Max: 0.0, Diff: 0.0, Sum: 0.1]
         [Processed Buffers: Min: 0, Avg: 0.8, Max: 2, Diff: 2, Sum: 5]
      [Scan RS (ms): Min: 0.0, Avg: 0.1, Max: 0.1, Diff: 0.0, Sum: 0.5]
      [Code Root Scanning (ms): Min: 0.0, Avg: 0.0, Max: 0.0, Diff: 0.0, Sum: 0.0]
      [Object Copy (ms): Min: 0.1, Avg: 0.1, Max: 0.2, Diff: 0.1, Sum: 0.9]
      [Termination (ms): Min: 0.0, Avg: 0.0, Max: 0.1, Diff: 0.1, Sum: 0.2]
         [Termination Attempts: Min: 1, Avg: 1.0, Max: 1, Diff: 0, Sum: 6]
      [GC Worker Other (ms): Min: 0.0, Avg: 0.0, Max: 0.0, Diff: 0.0, Sum: 0.1]
      [GC Worker Total (ms): Min: 0.5, Avg: 0.5, Max: 0.6, Diff: 0.0, Sum: 3.2]
      [GC Worker End (ms): Min: 1172978.6, Avg: 1172978.6, Max: 1172978.7, Diff: 0.0]
   [Code Root Fixup: 0.0 ms]
   [Code Root Purge: 0.0 ms]
   [Clear CT: 0.2 ms]
   [Other: 0.8 ms]
      [Choose CSet: 0.0 ms]
      [Ref Proc: 0.1 ms]
      [Ref Enq: 0.0 ms]
      [Redirty Cards: 0.1 ms]
      [Humongous Register: 0.0 ms]
      [Humongous Reclaim: 0.0 ms]
      [Free CSet: 0.4 ms]
   [Eden: 417.0M(417.0M)->0.0B(418.0M) Survivors: 3072.0K->2048.0K Heap: 480.1M(700.0M)->64237.9K(700.0M)]
 [Times: user=0.00 sys=0.00, real=0.00 secs] 
2024-10-10T18:11:19.372+0300: 1172.980: Total time for which application threads were stopped: 0.0021309 seconds, Stopping threads took: 0.0001879 seconds
2024-10-10T18:11:23.861+0300: 1177.472: Application time: 4.4925957 seconds
2024-10-10T18:11:23.861+0300: 1177.473: [GC pause (G1 Evacuation Pause) (young), 0.0013199 secs]
   [Parallel Time: 0.6 ms, GC Workers: 6]
      [GC Worker Start (ms): Min: 1177472.7, Avg: 1177472.8, Max: 1177473.1, Diff: 0.4]
      [Ext Root Scanning (ms): Min: 0.0, Avg: 0.2, Max: 0.4, Diff: 0.4, Sum: 1.4]
      [Update RS (ms): Min: 0.0, Avg: 0.0, Max: 0.0, Diff: 0.0, Sum: 0.1]
         [Processed Buffers: Min: 0, Avg: 1.0, Max: 3, Diff: 3, Sum: 6]
      [Scan RS (ms): Min: 0.0, Avg: 0.1, Max: 0.1, Diff: 0.1, Sum: 0.4]
      [Code Root Scanning (ms): Min: 0.0, Avg: 0.0, Max: 0.0, Diff: 0.0, Sum: 0.0]
      [Object Copy (ms): Min: 0.1, Avg: 0.2, Max: 0.2, Diff: 0.1, Sum: 1.0]
      [Termination (ms): Min: 0.0, Avg: 0.0, Max: 0.1, Diff: 0.1, Sum: 0.2]
         [Termination Attempts: Min: 1, Avg: 1.0, Max: 1, Diff: 0, Sum: 6]
      [GC Worker Other (ms): Min: 0.0, Avg: 0.0, Max: 0.0, Diff: 0.0, Sum: 0.1]
      [GC Worker Total (ms): Min: 0.2, Avg: 0.5, Max: 0.6, Diff: 0.4, Sum: 3.1]
      [GC Worker End (ms): Min: 1177473.3, Avg: 1177473.3, Max: 1177473.3, Diff: 0.0]
   [Code Root Fixup: 0.0 ms]
   [Code Root Purge: 0.0 ms]
   [Clear CT: 0.2 ms]
   [Other: 0.5 ms]
      [Choose CSet: 0.0 ms]
      [Ref Proc: 0.1 ms]
      [Ref Enq: 0.0 ms]
      [Redirty Cards: 0.1 ms]
      [Humongous Register: 0.0 ms]
      [Humongous Reclaim: 0.0 ms]
      [Free CSet: 0.2 ms]
   [Eden: 418.0M(418.0M)->0.0B(417.0M) Survivors: 2048.0K->3072.0K Heap: 480.7M(700.0M)->64795.1K(700.0M)]
 [Times: user=0.00 sys=0.00, real=0.00 secs] 
2024-10-10T18:11:23.861+0300: 1177.474: Total time for which application threads were stopped: 0.0016210 seconds, Stopping threads took: 0.0001190 seconds
2024-10-10T18:11:28.300+0300: 1181.907: Application time: 4.4324593 seconds
2024-10-10T18:11:28.300+0300: 1181.907: [GC pause (G1 Evacuation Pause) (young), 0.0016823 secs]
   [Parallel Time: 0.7 ms, GC Workers: 6]
      [GC Worker Start (ms): Min: 1181907.0, Avg: 1181907.1, Max: 1181907.2, Diff: 0.2]
      [Ext Root Scanning (ms): Min: 0.1, Avg: 0.2, Max: 0.3, Diff: 0.2, Sum: 1.4]
      [Update RS (ms): Min: 0.0, Avg: 0.0, Max: 0.0, Diff: 0.0, Sum: 0.1]
         [Processed Buffers: Min: 0, Avg: 0.8, Max: 2, Diff: 2, Sum: 5]
      [Scan RS (ms): Min: 0.0, Avg: 0.1, Max: 0.1, Diff: 0.1, Sum: 0.4]
      [Code Root Scanning (ms): Min: 0.0, Avg: 0.0, Max: 0.0, Diff: 0.0, Sum: 0.0]
      [Object Copy (ms): Min: 0.1, Avg: 0.2, Max: 0.2, Diff: 0.1, Sum: 1.0]
      [Termination (ms): Min: 0.0, Avg: 0.0, Max: 0.0, Diff: 0.0, Sum: 0.2]
         [Termination Attempts: Min: 1, Avg: 1.0, Max: 1, Diff: 0, Sum: 6]
      [GC Worker Other (ms): Min: 0.0, Avg: 0.0, Max: 0.0, Diff: 0.0, Sum: 0.1]
      [GC Worker Total (ms): Min: 0.4, Avg: 0.5, Max: 0.6, Diff: 0.2, Sum: 3.3]
      [GC Worker End (ms): Min: 1181907.6, Avg: 1181907.6, Max: 1181907.7, Diff: 0.0]
   [Code Root Fixup: 0.0 ms]
   [Code Root Purge: 0.0 ms]
   [Clear CT: 0.2 ms]
   [Other: 0.7 ms]
      [Choose CSet: 0.0 ms]
      [Ref Proc: 0.1 ms]
      [Ref Enq: 0.0 ms]
      [Redirty Cards: 0.1 ms]
      [Humongous Register: 0.1 ms]
      [Humongous Reclaim: 0.0 ms]
      [Free CSet: 0.3 ms]
   [Eden: 417.0M(417.0M)->0.0B(417.0M) Survivors: 3072.0K->3072.0K Heap: 480.3M(700.0M)->64664.8K(700.0M)]
 [Times: user=0.00 sys=0.00, real=0.01 secs] 
2024-10-10T18:11:28.309+0300: 1181.909: Total time for which application threads were stopped: 0.0021407 seconds, Stopping threads took: 0.0002125 seconds
2024-10-10T18:11:32.772+0300: 1186.378: Application time: 4.4689693 seconds
2024-10-10T18:11:32.772+0300: 1186.378: [GC pause (G1 Evacuation Pause) (young), 0.0015872 secs]
   [Parallel Time: 0.7 ms, GC Workers: 6]
      [GC Worker Start (ms): Min: 1186378.0, Avg: 1186378.0, Max: 1186378.1, Diff: 0.1]
      [Ext Root Scanning (ms): Min: 0.2, Avg: 0.3, Max: 0.3, Diff: 0.1, Sum: 1.6]
      [Update RS (ms): Min: 0.0, Avg: 0.0, Max: 0.0, Diff: 0.0, Sum: 0.1]
         [Processed Buffers: Min: 0, Avg: 1.0, Max: 3, Diff: 3, Sum: 6]
      [Scan RS (ms): Min: 0.0, Avg: 0.1, Max: 0.1, Diff: 0.1, Sum: 0.4]
      [Code Root Scanning (ms): Min: 0.0, Avg: 0.0, Max: 0.0, Diff: 0.0, Sum: 0.0]
      [Object Copy (ms): Min: 0.1, Avg: 0.2, Max: 0.2, Diff: 0.1, Sum: 1.0]
      [Termination (ms): Min: 0.0, Avg: 0.0, Max: 0.0, Diff: 0.0, Sum: 0.1]
         [Termination Attempts: Min: 1, Avg: 1.0, Max: 1, Diff: 0, Sum: 6]
      [GC Worker Other (ms): Min: 0.0, Avg: 0.0, Max: 0.0, Diff: 0.0, Sum: 0.1]
      [GC Worker Total (ms): Min: 0.5, Avg: 0.6, Max: 0.6, Diff: 0.1, Sum: 3.3]
      [GC Worker End (ms): Min: 1186378.6, Avg: 1186378.6, Max: 1186378.6, Diff: 0.0]
   [Code Root Fixup: 0.0 ms]
   [Code Root Purge: 0.0 ms]
   [Clear CT: 0.2 ms]
   [Other: 0.7 ms]
      [Choose CSet: 0.0 ms]
      [Ref Proc: 0.2 ms]
      [Ref Enq: 0.0 ms]
      [Redirty Cards: 0.1 ms]
      [Humongous Register: 0.1 ms]
      [Humongous Reclaim: 0.0 ms]
      [Free CSet: 0.3 ms]
   [Eden: 417.0M(417.0M)->0.0B(417.0M) Survivors: 3072.0K->3072.0K Heap: 480.1M(700.0M)->64534.6K(700.0M)]
 [Times: user=0.00 sys=0.00, real=0.00 secs] 
2024-10-10T18:11:32.772+0300: 1186.380: Total time for which application threads were stopped: 0.0019296 seconds, Stopping threads took: 0.0001438 seconds
2024-10-10T18:11:37.246+0300: 1190.859: Application time: 4.4790441 seconds
2024-10-10T18:11:37.246+0300: 1190.859: [GC pause (G1 Evacuation Pause) (young), 0.0013387 secs]
   [Parallel Time: 0.6 ms, GC Workers: 6]
      [GC Worker Start (ms): Min: 1190859.0, Avg: 1190859.0, Max: 1190859.1, Diff: 0.1]
      [Ext Root Scanning (ms): Min: 0.2, Avg: 0.3, Max: 0.3, Diff: 0.0, Sum: 1.6]
      [Update RS (ms): Min: 0.0, Avg: 0.0, Max: 0.0, Diff: 0.0, Sum: 0.1]
         [Processed Buffers: Min: 0, Avg: 0.8, Max: 2, Diff: 2, Sum: 5]
      [Scan RS (ms): Min: 0.1, Avg: 0.1, Max: 0.1, Diff: 0.1, Sum: 0.5]
      [Code Root Scanning (ms): Min: 0.0, Avg: 0.0, Max: 0.0, Diff: 0.0, Sum: 0.0]
      [Object Copy (ms): Min: 0.1, Avg: 0.1, Max: 0.2, Diff: 0.1, Sum: 0.9]
      [Termination (ms): Min: 0.0, Avg: 0.0, Max: 0.0, Diff: 0.0, Sum: 0.1]
         [Termination Attempts: Min: 1, Avg: 1.0, Max: 1, Diff: 0, Sum: 6]
      [GC Worker Other (ms): Min: 0.0, Avg: 0.0, Max: 0.0, Diff: 0.0, Sum: 0.0]
      [GC Worker Total (ms): Min: 0.5, Avg: 0.5, Max: 0.6, Diff: 0.1, Sum: 3.2]
      [GC Worker End (ms): Min: 1190859.6, Avg: 1190859.6, Max: 1190859.6, Diff: 0.0]
   [Code Root Fixup: 0.0 ms]
   [Code Root Purge: 0.0 ms]
   [Clear CT: 0.2 ms]
   [Other: 0.6 ms]
      [Choose CSet: 0.0 ms]
      [Ref Proc: 0.2 ms]
      [Ref Enq: 0.0 ms]
      [Redirty Cards: 0.1 ms]
      [Humongous Register: 0.0 ms]
      [Humongous Reclaim: 0.0 ms]
      [Free CSet: 0.2 ms]
   [Eden: 417.0M(417.0M)->0.0B(418.0M) Survivors: 3072.0K->2048.0K Heap: 480.0M(700.0M)->64222.6K(700.0M)]
 [Times: user=0.02 sys=0.00, real=0.01 secs] 
2024-10-10T18:11:37.261+0300: 1190.860: Total time for which application threads were stopped: 0.0018320 seconds, Stopping threads took: 0.0002047 seconds
2024-10-10T18:11:41.738+0300: 1195.345: Application time: 4.4840421 seconds
2024-10-10T18:11:41.738+0300: 1195.345: [GC pause (G1 Evacuation Pause) (young), 0.0016496 secs]
   [Parallel Time: 0.7 ms, GC Workers: 6]
      [GC Worker Start (ms): Min: 1195344.9, Avg: 1195345.0, Max: 1195345.1, Diff: 0.2]
      [Ext Root Scanning (ms): Min: 0.2, Avg: 0.3, Max: 0.4, Diff: 0.2, Sum: 1.6]
      [Update RS (ms): Min: 0.0, Avg: 0.0, Max: 0.0, Diff: 0.0, Sum: 0.1]
         [Processed Buffers: Min: 0, Avg: 0.8, Max: 2, Diff: 2, Sum: 5]
      [Scan RS (ms): Min: 0.0, Avg: 0.1, Max: 0.1, Diff: 0.1, Sum: 0.5]
      [Code Root Scanning (ms): Min: 0.0, Avg: 0.0, Max: 0.0, Diff: 0.0, Sum: 0.0]
      [Object Copy (ms): Min: 0.1, Avg: 0.1, Max: 0.2, Diff: 0.1, Sum: 0.9]
      [Termination (ms): Min: 0.0, Avg: 0.0, Max: 0.1, Diff: 0.1, Sum: 0.2]
         [Termination Attempts: Min: 1, Avg: 1.0, Max: 1, Diff: 0, Sum: 6]
      [GC Worker Other (ms): Min: 0.0, Avg: 0.0, Max: 0.0, Diff: 0.0, Sum: 0.1]
      [GC Worker Total (ms): Min: 0.5, Avg: 0.6, Max: 0.7, Diff: 0.2, Sum: 3.4]
      [GC Worker End (ms): Min: 1195345.5, Avg: 1195345.5, Max: 1195345.5, Diff: 0.0]
   [Code Root Fixup: 0.0 ms]
   [Code Root Purge: 0.0 ms]
   [Clear CT: 0.2 ms]
   [Other: 0.7 ms]
      [Choose CSet: 0.0 ms]
      [Ref Proc: 0.1 ms]
      [Ref Enq: 0.0 ms]
      [Redirty Cards: 0.1 ms]
      [Humongous Register: 0.1 ms]
      [Humongous Reclaim: 0.0 ms]
      [Free CSet: 0.3 ms]
   [Eden: 418.0M(418.0M)->0.0B(417.0M) Survivors: 2048.0K->3072.0K Heap: 480.7M(700.0M)->64678.3K(700.0M)]
 [Times: user=0.00 sys=0.00, real=0.00 secs] 
2024-10-10T18:11:41.738+0300: 1195.347: Total time for which application threads were stopped: 0.0020036 seconds, Stopping threads took: 0.0001353 seconds
2024-10-10T18:11:46.223+0300: 1199.830: Application time: 4.4832856 seconds
2024-10-10T18:11:46.223+0300: 1199.830: [GC pause (G1 Evacuation Pause) (young), 0.0013824 secs]
   [Parallel Time: 0.7 ms, GC Workers: 6]
      [GC Worker Start (ms): Min: 1199830.2, Avg: 1199830.2, Max: 1199830.2, Diff: 0.1]
      [Ext Root Scanning (ms): Min: 0.2, Avg: 0.3, Max: 0.3, Diff: 0.1, Sum: 1.6]
      [Update RS (ms): Min: 0.0, Avg: 0.0, Max: 0.1, Diff: 0.1, Sum: 0.1]
         [Processed Buffers: Min: 0, Avg: 1.2, Max: 4, Diff: 4, Sum: 7]
      [Scan RS (ms): Min: 0.0, Avg: 0.1, Max: 0.1, Diff: 0.1, Sum: 0.5]
      [Code Root Scanning (ms): Min: 0.0, Avg: 0.0, Max: 0.0, Diff: 0.0, Sum: 0.0]
      [Object Copy (ms): Min: 0.1, Avg: 0.2, Max: 0.3, Diff: 0.1, Sum: 1.2]
      [Termination (ms): Min: 0.0, Avg: 0.0, Max: 0.0, Diff: 0.0, Sum: 0.1]
         [Termination Attempts: Min: 1, Avg: 1.0, Max: 1, Diff: 0, Sum: 6]
      [GC Worker Other (ms): Min: 0.0, Avg: 0.0, Max: 0.0, Diff: 0.0, Sum: 0.1]
      [GC Worker Total (ms): Min: 0.6, Avg: 0.6, Max: 0.6, Diff: 0.1, Sum: 3.6]
      [GC Worker End (ms): Min: 1199830.8, Avg: 1199830.8, Max: 1199830.8, Diff: 0.0]
   [Code Root Fixup: 0.0 ms]
   [Code Root Purge: 0.0 ms]
   [Clear CT: 0.2 ms]
   [Other: 0.5 ms]
      [Choose CSet: 0.0 ms]
      [Ref Proc: 0.1 ms]
      [Ref Enq: 0.0 ms]
      [Redirty Cards: 0.1 ms]
      [Humongous Register: 0.0 ms]
      [Humongous Reclaim: 0.0 ms]
      [Free CSet: 0.2 ms]
   [Eden: 417.0M(417.0M)->0.0B(417.0M) Survivors: 3072.0K->3072.0K Heap: 480.2M(700.0M)->64548.1K(700.0M)]
 [Times: user=0.00 sys=0.00, real=0.00 secs] 
2024-10-10T18:11:46.223+0300: 1199.832: Total time for which application threads were stopped: 0.0017850 seconds, Stopping threads took: 0.0002074 seconds
2024-10-10T18:11:50.697+0300: 1204.310: Application time: 4.4779988 seconds
2024-10-10T18:11:50.697+0300: 1204.310: [GC pause (G1 Evacuation Pause) (young), 0.0017628 secs]
   [Parallel Time: 0.7 ms, GC Workers: 6]
      [GC Worker Start (ms): Min: 1204310.1, Avg: 1204310.2, Max: 1204310.2, Diff: 0.1]
      [Ext Root Scanning (ms): Min: 0.3, Avg: 0.3, Max: 0.3, Diff: 0.1, Sum: 1.7]
      [Update RS (ms): Min: 0.0, Avg: 0.0, Max: 0.0, Diff: 0.0, Sum: 0.1]
         [Processed Buffers: Min: 0, Avg: 0.8, Max: 2, Diff: 2, Sum: 5]
      [Scan RS (ms): Min: 0.0, Avg: 0.1, Max: 0.1, Diff: 0.0, Sum: 0.4]
      [Code Root Scanning (ms): Min: 0.0, Avg: 0.0, Max: 0.0, Diff: 0.0, Sum: 0.0]
      [Object Copy (ms): Min: 0.1, Avg: 0.1, Max: 0.2, Diff: 0.1, Sum: 0.8]
      [Termination (ms): Min: 0.0, Avg: 0.0, Max: 0.0, Diff: 0.0, Sum: 0.1]
         [Termination Attempts: Min: 1, Avg: 1.0, Max: 1, Diff: 0, Sum: 6]
      [GC Worker Other (ms): Min: 0.0, Avg: 0.0, Max: 0.0, Diff: 0.0, Sum: 0.1]
      [GC Worker Total (ms): Min: 0.5, Avg: 0.6, Max: 0.6, Diff: 0.1, Sum: 3.3]
      [GC Worker End (ms): Min: 1204310.7, Avg: 1204310.7, Max: 1204310.7, Diff: 0.0]
   [Code Root Fixup: 0.0 ms]
   [Code Root Purge: 0.0 ms]
   [Clear CT: 0.2 ms]
   [Other: 0.9 ms]
      [Choose CSet: 0.0 ms]
      [Ref Proc: 0.4 ms]
      [Ref Enq: 0.0 ms]
      [Redirty Cards: 0.1 ms]
      [Humongous Register: 0.0 ms]
      [Humongous Reclaim: 0.0 ms]
      [Free CSet: 0.2 ms]
   [Eden: 417.0M(417.0M)->0.0B(418.0M) Survivors: 3072.0K->2048.0K Heap: 480.0M(700.0M)->64078.6K(700.0M)]
 [Times: user=0.00 sys=0.00, real=0.00 secs] 
2024-10-10T18:11:50.713+0300: 1204.312: Total time for which application threads were stopped: 0.0023522 seconds, Stopping threads took: 0.0003713 seconds
2024-10-10T18:11:55.141+0300: 1208.746: Application time: 4.4342551 seconds
2024-10-10T18:11:55.141+0300: 1208.747: [GC pause (G1 Evacuation Pause) (young), 0.0013254 secs]
   [Parallel Time: 0.6 ms, GC Workers: 6]
      [GC Worker Start (ms): Min: 1208746.6, Avg: 1208746.6, Max: 1208746.6, Diff: 0.0]
      [Ext Root Scanning (ms): Min: 0.2, Avg: 0.3, Max: 0.3, Diff: 0.0, Sum: 1.5]
      [Update RS (ms): Min: 0.0, Avg: 0.0, Max: 0.1, Diff: 0.1, Sum: 0.1]
         [Processed Buffers: Min: 0, Avg: 1.2, Max: 3, Diff: 3, Sum: 7]
      [Scan RS (ms): Min: 0.0, Avg: 0.1, Max: 0.1, Diff: 0.1, Sum: 0.5]
      [Code Root Scanning (ms): Min: 0.0, Avg: 0.0, Max: 0.0, Diff: 0.0, Sum: 0.0]
      [Object Copy (ms): Min: 0.1, Avg: 0.2, Max: 0.2, Diff: 0.1, Sum: 1.0]
      [Termination (ms): Min: 0.0, Avg: 0.0, Max: 0.0, Diff: 0.0, Sum: 0.1]
         [Termination Attempts: Min: 1, Avg: 1.0, Max: 1, Diff: 0, Sum: 6]
      [GC Worker Other (ms): Min: 0.0, Avg: 0.0, Max: 0.0, Diff: 0.0, Sum: 0.1]
      [GC Worker Total (ms): Min: 0.5, Avg: 0.6, Max: 0.6, Diff: 0.1, Sum: 3.4]
      [GC Worker End (ms): Min: 1208747.2, Avg: 1208747.2, Max: 1208747.2, Diff: 0.0]
   [Code Root Fixup: 0.0 ms]
   [Code Root Purge: 0.0 ms]
   [Clear CT: 0.2 ms]
   [Other: 0.5 ms]
      [Choose CSet: 0.0 ms]
      [Ref Proc: 0.1 ms]
      [Ref Enq: 0.0 ms]
      [Redirty Cards: 0.1 ms]
      [Humongous Register: 0.0 ms]
      [Humongous Reclaim: 0.0 ms]
      [Free CSet: 0.2 ms]
   [Eden: 418.0M(418.0M)->0.0B(417.0M) Survivors: 2048.0K->3072.0K Heap: 480.6M(700.0M)->64811.9K(700.0M)]
 [Times: user=0.00 sys=0.01, real=0.00 secs] 
2024-10-10T18:11:55.141+0300: 1208.748: Total time for which application threads were stopped: 0.0017607 seconds, Stopping threads took: 0.0002500 seconds
2024-10-10T18:11:59.599+0300: 1213.203: Application time: 4.4554238 seconds
2024-10-10T18:11:59.599+0300: 1213.204: [GC pause (G1 Evacuation Pause) (young), 0.0016112 secs]
   [Parallel Time: 0.7 ms, GC Workers: 6]
      [GC Worker Start (ms): Min: 1213203.7, Avg: 1213203.7, Max: 1213203.7, Diff: 0.1]
      [Ext Root Scanning (ms): Min: 0.2, Avg: 0.2, Max: 0.3, Diff: 0.1, Sum: 1.5]
      [Update RS (ms): Min: 0.0, Avg: 0.1, Max: 0.3, Diff: 0.3, Sum: 0.4]
         [Processed Buffers: Min: 0, Avg: 1.0, Max: 2, Diff: 2, Sum: 6]
      [Scan RS (ms): Min: 0.0, Avg: 0.1, Max: 0.1, Diff: 0.1, Sum: 0.4]
      [Code Root Scanning (ms): Min: 0.0, Avg: 0.0, Max: 0.0, Diff: 0.0, Sum: 0.0]
      [Object Copy (ms): Min: 0.0, Avg: 0.2, Max: 0.2, Diff: 0.2, Sum: 1.1]
      [Termination (ms): Min: 0.0, Avg: 0.0, Max: 0.1, Diff: 0.1, Sum: 0.2]
         [Termination Attempts: Min: 1, Avg: 1.3, Max: 2, Diff: 1, Sum: 8]
      [GC Worker Other (ms): Min: 0.0, Avg: 0.0, Max: 0.0, Diff: 0.0, Sum: 0.1]
      [GC Worker Total (ms): Min: 0.6, Avg: 0.6, Max: 0.6, Diff: 0.1, Sum: 3.6]
      [GC Worker End (ms): Min: 1213204.3, Avg: 1213204.3, Max: 1213204.3, Diff: 0.0]
   [Code Root Fixup: 0.0 ms]
   [Code Root Purge: 0.0 ms]
   [Clear CT: 0.2 ms]
   [Other: 0.7 ms]
      [Choose CSet: 0.0 ms]
      [Ref Proc: 0.2 ms]
      [Ref Enq: 0.0 ms]
      [Redirty Cards: 0.1 ms]
      [Humongous Register: 0.0 ms]
      [Humongous Reclaim: 0.0 ms]
      [Free CSet: 0.2 ms]
   [Eden: 417.0M(417.0M)->0.0B(417.0M) Survivors: 3072.0K->3072.0K Heap: 480.3M(700.0M)->65116.7K(700.0M)]
 [Times: user=0.00 sys=0.00, real=0.00 secs] 
2024-10-10T18:11:59.599+0300: 1213.205: Total time for which application threads were stopped: 0.0019801 seconds, Stopping threads took: 0.0001564 seconds
2024-10-10T18:12:04.104+0300: 1217.718: Application time: 4.5125160 seconds
2024-10-10T18:12:04.104+0300: 1217.718: [GC pause (G1 Evacuation Pause) (young), 0.0014181 secs]
   [Parallel Time: 0.7 ms, GC Workers: 6]
      [GC Worker Start (ms): Min: 1217718.2, Avg: 1217718.3, Max: 1217718.4, Diff: 0.2]
      [Ext Root Scanning (ms): Min: 0.1, Avg: 0.2, Max: 0.3, Diff: 0.2, Sum: 1.5]
      [Update RS (ms): Min: 0.0, Avg: 0.0, Max: 0.0, Diff: 0.0, Sum: 0.1]
         [Processed Buffers: Min: 0, Avg: 0.8, Max: 2, Diff: 2, Sum: 5]
      [Scan RS (ms): Min: 0.1, Avg: 0.1, Max: 0.1, Diff: 0.0, Sum: 0.4]
      [Code Root Scanning (ms): Min: 0.0, Avg: 0.0, Max: 0.0, Diff: 0.0, Sum: 0.0]
      [Object Copy (ms): Min: 0.2, Avg: 0.2, Max: 0.2, Diff: 0.0, Sum: 1.4]
      [Termination (ms): Min: 0.0, Avg: 0.0, Max: 0.0, Diff: 0.0, Sum: 0.1]
         [Termination Attempts: Min: 1, Avg: 1.0, Max: 1, Diff: 0, Sum: 6]
      [GC Worker Other (ms): Min: 0.0, Avg: 0.0, Max: 0.0, Diff: 0.0, Sum: 0.1]
      [GC Worker Total (ms): Min: 0.5, Avg: 0.6, Max: 0.7, Diff: 0.2, Sum: 3.6]
      [GC Worker End (ms): Min: 1217718.9, Avg: 1217718.9, Max: 1217718.9, Diff: 0.0]
   [Code Root Fixup: 0.0 ms]
   [Code Root Purge: 0.0 ms]
   [Clear CT: 0.2 ms]
   [Other: 0.5 ms]
      [Choose CSet: 0.0 ms]
      [Ref Proc: 0.1 ms]
      [Ref Enq: 0.0 ms]
      [Redirty Cards: 0.1 ms]
      [Humongous Register: 0.0 ms]
      [Humongous Reclaim: 0.0 ms]
      [Free CSet: 0.2 ms]
   [Eden: 417.0M(417.0M)->0.0B(417.0M) Survivors: 3072.0K->3072.0K Heap: 480.6M(700.0M)->65042.3K(700.0M)]
 [Times: user=0.00 sys=0.00, real=0.01 secs] 
2024-10-10T18:12:04.119+0300: 1217.720: Total time for which application threads were stopped: 0.0018195 seconds, Stopping threads took: 0.0001754 seconds
2024-10-10T18:12:08.562+0300: 1222.175: Application time: 4.4557277 seconds
2024-10-10T18:12:08.562+0300: 1222.176: [GC pause (G1 Evacuation Pause) (young), 0.0016995 secs]
   [Parallel Time: 0.7 ms, GC Workers: 6]
      [GC Worker Start (ms): Min: 1222175.8, Avg: 1222175.8, Max: 1222175.9, Diff: 0.1]
      [Ext Root Scanning (ms): Min: 0.2, Avg: 0.3, Max: 0.3, Diff: 0.1, Sum: 1.6]
      [Update RS (ms): Min: 0.0, Avg: 0.0, Max: 0.1, Diff: 0.1, Sum: 0.2]
         [Processed Buffers: Min: 0, Avg: 0.8, Max: 1, Diff: 1, Sum: 5]
      [Scan RS (ms): Min: 0.0, Avg: 0.1, Max: 0.3, Diff: 0.2, Sum: 0.7]
      [Code Root Scanning (ms): Min: 0.0, Avg: 0.0, Max: 0.0, Diff: 0.0, Sum: 0.0]
      [Object Copy (ms): Min: 0.0, Avg: 0.2, Max: 0.2, Diff: 0.2, Sum: 0.9]
      [Termination (ms): Min: 0.0, Avg: 0.0, Max: 0.1, Diff: 0.1, Sum: 0.2]
         [Termination Attempts: Min: 1, Avg: 1.0, Max: 1, Diff: 0, Sum: 6]
      [GC Worker Other (ms): Min: 0.0, Avg: 0.0, Max: 0.0, Diff: 0.0, Sum: 0.1]
      [GC Worker Total (ms): Min: 0.6, Avg: 0.6, Max: 0.7, Diff: 0.1, Sum: 3.8]
      [GC Worker End (ms): Min: 1222176.5, Avg: 1222176.5, Max: 1222176.5, Diff: 0.0]
   [Code Root Fixup: 0.0 ms]
   [Code Root Purge: 0.0 ms]
   [Clear CT: 0.2 ms]
   [Other: 0.8 ms]
      [Choose CSet: 0.0 ms]
      [Ref Proc: 0.2 ms]
      [Ref Enq: 0.0 ms]
      [Redirty Cards: 0.1 ms]
      [Humongous Register: 0.1 ms]
      [Humongous Reclaim: 0.0 ms]
      [Free CSet: 0.3 ms]
   [Eden: 417.0M(417.0M)->0.0B(417.0M) Survivors: 3072.0K->3072.0K Heap: 480.5M(700.0M)->64574.6K(700.0M)]
 [Times: user=0.02 sys=0.00, real=0.01 secs] 
2024-10-10T18:12:08.577+0300: 1222.178: Total time for which application threads were stopped: 0.0021188 seconds, Stopping threads took: 0.0001403 seconds
2024-10-10T18:12:09.676+0300: 1223.278: Application time: 1.1008190 seconds
2024-10-10T18:12:09.676+0300: 1223.279: Total time for which application threads were stopped: 0.0002235 seconds, Stopping threads took: 0.0001623 seconds
2024-10-10T18:12:09.974+0300: 1223.578: Application time: 0.2990520 seconds
2024-10-10T18:12:09.974+0300: 1223.578: Total time for which application threads were stopped: 0.0001656 seconds, Stopping threads took: 0.0001264 seconds
2024-10-10T18:12:10.021+0300: 1223.621: Application time: 0.0435557 seconds
2024-10-10T18:12:10.021+0300: 1223.622: Total time for which application threads were stopped: 0.0001433 seconds, Stopping threads took: 0.0001069 seconds
2024-10-10T18:12:10.335+0300: 1223.941: Application time: 0.3196113 seconds
2024-10-10T18:12:10.335+0300: 1223.941: Total time for which application threads were stopped: 0.0001833 seconds, Stopping threads took: 0.0000366 seconds
2024-10-10T18:12:10.429+0300: 1224.040: Application time: 0.0990267 seconds
2024-10-10T18:12:10.429+0300: 1224.041: Total time for which application threads were stopped: 0.0002752 seconds, Stopping threads took: 0.0000463 seconds
2024-10-10T18:12:10.493+0300: 1224.093: Application time: 0.0526294 seconds
2024-10-10T18:12:10.493+0300: 1224.093: Total time for which application threads were stopped: 0.0002054 seconds, Stopping threads took: 0.0000362 seconds
2024-10-10T18:12:10.508+0300: 1224.122: Application time: 0.0281178 seconds
2024-10-10T18:12:10.508+0300: 1224.122: Total time for which application threads were stopped: 0.0000739 seconds, Stopping threads took: 0.0000292 seconds
2024-10-10T18:12:10.539+0300: 1224.139: Application time: 0.0171856 seconds
2024-10-10T18:12:10.539+0300: 1224.139: Total time for which application threads were stopped: 0.0000664 seconds, Stopping threads took: 0.0000303 seconds
2024-10-10T18:12:10.649+0300: 1224.251: Application time: 0.1118079 seconds
2024-10-10T18:12:10.649+0300: 1224.251: Total time for which application threads were stopped: 0.0002184 seconds, Stopping threads took: 0.0000189 seconds
2024-10-10T18:12:10.649+0300: 1224.258: Application time: 0.0067449 seconds
2024-10-10T18:12:10.649+0300: 1224.258: Total time for which application threads were stopped: 0.0002141 seconds, Stopping threads took: 0.0000184 seconds
2024-10-10T18:12:10.649+0300: 1224.260: Application time: 0.0018533 seconds
2024-10-10T18:12:10.649+0300: 1224.260: Total time for which application threads were stopped: 0.0002175 seconds, Stopping threads took: 0.0000183 seconds
2024-10-10T18:12:10.979+0300: 1224.588: Application time: 0.3282044 seconds
2024-10-10T18:12:10.979+0300: 1224.588: Total time for which application threads were stopped: 0.0000516 seconds, Stopping threads took: 0.0000188 seconds
2024-10-10T18:12:11.529+0300: 1225.133: Application time: 0.5447645 seconds
2024-10-10T18:12:11.529+0300: 1225.133: Total time for which application threads were stopped: 0.0002282 seconds, Stopping threads took: 0.0000780 seconds
2024-10-10T18:12:11.608+0300: 1225.215: Application time: 0.0822084 seconds
2024-10-10T18:12:11.608+0300: 1225.216: [GC pause (G1 Evacuation Pause) (young), 0.0082990 secs]
   [Parallel Time: 6.4 ms, GC Workers: 6]
      [GC Worker Start (ms): Min: 1225215.9, Avg: 1225216.1, Max: 1225216.7, Diff: 0.8]
      [Ext Root Scanning (ms): Min: 0.0, Avg: 0.4, Max: 0.9, Diff: 0.9, Sum: 2.5]
      [Update RS (ms): Min: 0.0, Avg: 0.0, Max: 0.2, Diff: 0.2, Sum: 0.3]
         [Processed Buffers: Min: 0, Avg: 1.7, Max: 6, Diff: 6, Sum: 10]
      [Scan RS (ms): Min: 0.0, Avg: 0.1, Max: 0.1, Diff: 0.1, Sum: 0.4]
      [Code Root Scanning (ms): Min: 0.0, Avg: 1.0, Max: 5.3, Diff: 5.3, Sum: 5.9]
      [Object Copy (ms): Min: 0.2, Avg: 4.2, Max: 5.2, Diff: 5.0, Sum: 25.3]
      [Termination (ms): Min: 0.0, Avg: 0.2, Max: 0.2, Diff: 0.2, Sum: 0.9]
         [Termination Attempts: Min: 1, Avg: 1.2, Max: 2, Diff: 1, Sum: 7]
      [GC Worker Other (ms): Min: 0.0, Avg: 0.0, Max: 0.1, Diff: 0.1, Sum: 0.2]
      [GC Worker Total (ms): Min: 5.3, Avg: 5.9, Max: 6.1, Diff: 0.8, Sum: 35.5]
      [GC Worker End (ms): Min: 1225222.0, Avg: 1225222.0, Max: 1225222.0, Diff: 0.1]
   [Code Root Fixup: 0.1 ms]
   [Code Root Purge: 0.0 ms]
   [Clear CT: 0.2 ms]
   [Other: 1.6 ms]
      [Choose CSet: 0.0 ms]
      [Ref Proc: 1.1 ms]
      [Ref Enq: 0.0 ms]
      [Redirty Cards: 0.1 ms]
      [Humongous Register: 0.0 ms]
      [Humongous Reclaim: 0.0 ms]
      [Free CSet: 0.3 ms]
   [Eden: 417.0M(417.0M)->0.0B(408.0M) Survivors: 3072.0K->12288.0K Heap: 484.2M(700.0M)->78159.1K(700.0M)]
 [Times: user=0.00 sys=0.00, real=0.02 secs] 
2024-10-10T18:12:11.624+0300: 1225.224: Total time for which application threads were stopped: 0.0086896 seconds, Stopping threads took: 0.0000592 seconds
2024-10-10T18:12:11.624+0300: 1225.224: Application time: 0.0002112 seconds
2024-10-10T18:12:11.624+0300: 1225.225: Total time for which application threads were stopped: 0.0001392 seconds, Stopping threads took: 0.0000783 seconds
2024-10-10T18:12:11.624+0300: 1225.225: Application time: 0.0000700 seconds
2024-10-10T18:12:11.624+0300: 1225.225: Total time for which application threads were stopped: 0.0000394 seconds, Stopping threads took: 0.0000163 seconds
2024-10-10T18:12:11.624+0300: 1225.225: Application time: 0.0000513 seconds
2024-10-10T18:12:11.624+0300: 1225.225: Total time for which application threads were stopped: 0.0000828 seconds, Stopping threads took: 0.0000548 seconds
2024-10-10T18:12:11.624+0300: 1225.225: Application time: 0.0000316 seconds
2024-10-10T18:12:11.624+0300: 1225.225: Total time for which application threads were stopped: 0.0000546 seconds, Stopping threads took: 0.0000307 seconds
2024-10-10T18:12:11.624+0300: 1225.225: Application time: 0.0000305 seconds
2024-10-10T18:12:11.624+0300: 1225.225: Total time for which application threads were stopped: 0.0000707 seconds, Stopping threads took: 0.0000398 seconds
2024-10-10T18:12:11.624+0300: 1225.225: Application time: 0.0000484 seconds
2024-10-10T18:12:11.624+0300: 1225.225: Total time for which application threads were stopped: 0.0000633 seconds, Stopping threads took: 0.0000455 seconds
2024-10-10T18:12:11.624+0300: 1225.225: Application time: 0.0000569 seconds
2024-10-10T18:12:11.624+0300: 1225.225: Total time for which application threads were stopped: 0.0000486 seconds, Stopping threads took: 0.0000310 seconds
2024-10-10T18:12:11.624+0300: 1225.225: Application time: 0.0000416 seconds
2024-10-10T18:12:11.624+0300: 1225.225: Total time for which application threads were stopped: 0.0000509 seconds, Stopping threads took: 0.0000289 seconds
2024-10-10T18:12:11.624+0300: 1225.225: Application time: 0.0000433 seconds
2024-10-10T18:12:11.624+0300: 1225.225: Total time for which application threads were stopped: 0.0000715 seconds, Stopping threads took: 0.0000431 seconds
2024-10-10T18:12:11.624+0300: 1225.226: Application time: 0.0001176 seconds
2024-10-10T18:12:11.624+0300: 1225.226: Total time for which application threads were stopped: 0.0000514 seconds, Stopping threads took: 0.0000284 seconds
2024-10-10T18:12:11.624+0300: 1225.226: Application time: 0.0000803 seconds
2024-10-10T18:12:11.624+0300: 1225.226: Total time for which application threads were stopped: 0.0000573 seconds, Stopping threads took: 0.0000312 seconds
2024-10-10T18:12:11.655+0300: 1225.254: Application time: 0.0282230 seconds
2024-10-10T18:12:11.655+0300: 1225.254: Total time for which application threads were stopped: 0.0001665 seconds, Stopping threads took: 0.0000816 seconds
2024-10-10T18:12:11.655+0300: 1225.254: Application time: 0.0003707 seconds
2024-10-10T18:12:11.655+0300: 1225.255: Total time for which application threads were stopped: 0.0001030 seconds, Stopping threads took: 0.0000438 seconds
2024-10-10T18:12:11.655+0300: 1225.255: Application time: 0.0002123 seconds
2024-10-10T18:12:11.655+0300: 1225.255: Total time for which application threads were stopped: 0.0000708 seconds, Stopping threads took: 0.0000303 seconds
2024-10-10T18:12:11.733+0300: 1225.347: Application time: 0.0921088 seconds
2024-10-10T18:12:11.733+0300: 1225.347: Total time for which application threads were stopped: 0.0001497 seconds, Stopping threads took: 0.0000570 seconds
2024-10-10T18:12:11.813+0300: 1225.412: Application time: 0.0647628 seconds
2024-10-10T18:12:11.813+0300: 1225.412: Total time for which application threads were stopped: 0.0000755 seconds, Stopping threads took: 0.0000288 seconds
2024-10-10T18:12:11.813+0300: 1225.415: Application time: 0.0026377 seconds
2024-10-10T18:12:11.813+0300: 1225.415: Total time for which application threads were stopped: 0.0000853 seconds, Stopping threads took: 0.0000439 seconds
2024-10-10T18:12:11.813+0300: 1225.415: Application time: 0.0007124 seconds
2024-10-10T18:12:11.813+0300: 1225.416: Total time for which application threads were stopped: 0.0000947 seconds, Stopping threads took: 0.0000664 seconds
2024-10-10T18:12:11.813+0300: 1225.424: Application time: 0.0089199 seconds
2024-10-10T18:12:11.813+0300: 1225.425: Total time for which application threads were stopped: 0.0000591 seconds, Stopping threads took: 0.0000239 seconds
Heap
 garbage-first heap   total 716800K, used 464207K [0x00000000d4400000, 0x00000000d45015e0, 0x0000000100000000)
  region size 1024K, 390 young (399360K), 12 survivors (12288K)
 Metaspace       used 15916K, capacity 16164K, committed 16384K, reserved 1064960K
  class space    used 1651K, capacity 1750K, committed 1792K, reserved 1048576K
2024-10-10T18:12:11.923+0300: 1225.523: Application time: 0.0986232 seconds
