[0.007s][info][gc,init] CardTable entry size: 512
[0.008s][info][gc     ] Using Serial
[0.009s][info][gc,init] Version: 21.0.4+7-adhoc.Administrator.jdk21u (release)
[0.009s][info][gc,init] CPUs: 6 total, 6 available
[0.009s][info][gc,init] Memory: 15591M
[0.009s][info][gc,init] Large Page Support: Disabled
[0.009s][info][gc,init] NUMA Support: Disabled
[0.009s][info][gc,init] Compressed Oops: Enabled (32-bit)
[0.009s][info][gc,init] Heap Min Capacity: 1G
[0.009s][info][gc,init] Heap Initial Capacity: 1G
[0.009s][info][gc,init] Heap Max Capacity: 1G
[0.010s][info][gc,init] Pre-touch: Disabled
[0.019s][info][gc,metaspace] CDS archive(s) mapped at: [0x0000016799000000-0x0000016799c90000-0x0000016799c90000), size 13172736, SharedBaseAddress: 0x0000016799000000, ArchiveRelocationMode: 1.
[0.023s][info][gc,metaspace] Compressed class space mapped at: 0x000001679a000000-0x00000167da000000, reserved size: 1073741824
[0.024s][info][gc,metaspace] Narrow klass base: 0x0000016799000000, Narrow klass shift: 0, Narrow klass range: 0x100000000
[0.889s][info][gc,start    ] GC(0) Pause Full (System.gc())
[0.889s][info][gc,phases,start] GC(0) Phase 1: Mark live objects
[0.895s][info][gc,phases      ] GC(0) Phase 1: Mark live objects 5.959ms
[0.895s][info][gc,phases,start] GC(0) Phase 2: Compute new object addresses
[0.898s][info][gc,phases      ] GC(0) Phase 2: Compute new object addresses 2.876ms
[0.898s][info][gc,phases,start] GC(0) Phase 3: Adjust pointers
[0.902s][info][gc,phases      ] GC(0) Phase 3: Adjust pointers 3.402ms
[0.902s][info][gc,phases,start] GC(0) Phase 4: Move objects
[0.904s][info][gc,phases      ] GC(0) Phase 4: Move objects 2.728ms
[0.905s][info][gc,heap        ] GC(0) DefNew: 56210K(314560K)->0K(314560K) Eden: 56210K(279616K)->0K(279616K) From: 0K(34944K)->0K(34944K)
[0.905s][info][gc,heap        ] GC(0) Tenured: 0K(699072K)->4776K(699072K)
[0.905s][info][gc,metaspace   ] GC(0) Metaspace: 11572K(11776K)->11572K(11776K) NonClass: 10034K(10112K)->10034K(10112K) Class: 1538K(1664K)->1538K(1664K)
[0.905s][info][gc             ] GC(0) Pause Full (System.gc()) 54M->4M(989M) 16.354ms
[0.906s][info][gc,cpu         ] GC(0) User=0.00s Sys=0.00s Real=0.02s
[3.164s][info][gc,start       ] GC(1) Pause Full (System.gc())
[3.164s][info][gc,phases,start] GC(1) Phase 1: Mark live objects
[3.171s][info][gc,phases      ] GC(1) Phase 1: Mark live objects 7.425ms
[3.171s][info][gc,phases,start] GC(1) Phase 2: Compute new object addresses
[3.205s][info][gc,phases      ] GC(1) Phase 2: Compute new object addresses 33.643ms
[3.205s][info][gc,phases,start] GC(1) Phase 3: Adjust pointers
[3.209s][info][gc,phases      ] GC(1) Phase 3: Adjust pointers 3.985ms
[3.209s][info][gc,phases,start] GC(1) Phase 4: Move objects
[3.209s][info][gc,phases      ] GC(1) Phase 4: Move objects 0.202ms
[3.210s][info][gc,heap        ] GC(1) DefNew: 218115K(314560K)->0K(314560K) Eden: 218115K(279616K)->0K(279616K) From: 0K(34944K)->0K(34944K)
[3.210s][info][gc,heap        ] GC(1) Tenured: 4776K(699072K)->5143K(699072K)
[3.210s][info][gc,metaspace   ] GC(1) Metaspace: 14714K(14976K)->14714K(14976K) NonClass: 12747K(12864K)->12747K(12864K) Class: 1966K(2112K)->1966K(2112K)
[3.210s][info][gc             ] GC(1) Pause Full (System.gc()) 217M->5M(989M) 45.853ms
[3.210s][info][gc,cpu         ] GC(1) User=0.03s Sys=0.00s Real=0.03s
[5.022s][info][gc,start       ] GC(2) Pause Full (System.gc())
[5.022s][info][gc,phases,start] GC(2) Phase 1: Mark live objects
[5.029s][info][gc,phases      ] GC(2) Phase 1: Mark live objects 7.113ms
[5.029s][info][gc,phases,start] GC(2) Phase 2: Compute new object addresses
[5.058s][info][gc,phases      ] GC(2) Phase 2: Compute new object addresses 28.908ms
[5.058s][info][gc,phases,start] GC(2) Phase 3: Adjust pointers
[5.062s][info][gc,phases      ] GC(2) Phase 3: Adjust pointers 3.553ms
[5.062s][info][gc,phases,start] GC(2) Phase 4: Move objects
[5.062s][info][gc,phases      ] GC(2) Phase 4: Move objects 0.017ms
[5.062s][info][gc,heap        ] GC(2) DefNew: 172927K(314560K)->0K(314560K) Eden: 172927K(279616K)->0K(279616K) From: 0K(34944K)->0K(34944K)
[5.062s][info][gc,heap        ] GC(2) Tenured: 5143K(699072K)->5145K(699072K)
[5.062s][info][gc,metaspace   ] GC(2) Metaspace: 14721K(14976K)->14721K(14976K) NonClass: 12754K(12864K)->12754K(12864K) Class: 1966K(2112K)->1966K(2112K)
[5.062s][info][gc             ] GC(2) Pause Full (System.gc()) 173M->5M(989M) 39.995ms
[5.062s][info][gc,cpu         ] GC(2) User=0.03s Sys=0.00s Real=0.03s
[6.840s][info][gc,start       ] GC(3) Pause Full (System.gc())
[6.840s][info][gc,phases,start] GC(3) Phase 1: Mark live objects
[6.846s][info][gc,phases      ] GC(3) Phase 1: Mark live objects 6.257ms
[6.846s][info][gc,phases,start] GC(3) Phase 2: Compute new object addresses
[6.876s][info][gc,phases      ] GC(3) Phase 2: Compute new object addresses 29.613ms
[6.876s][info][gc,phases,start] GC(3) Phase 3: Adjust pointers
[6.880s][info][gc,phases      ] GC(3) Phase 3: Adjust pointers 3.570ms
[6.880s][info][gc,phases,start] GC(3) Phase 4: Move objects
[6.881s][info][gc,phases      ] GC(3) Phase 4: Move objects 1.198ms
[6.881s][info][gc,heap        ] GC(3) DefNew: 164617K(314560K)->0K(314560K) Eden: 164617K(279616K)->0K(279616K) From: 0K(34944K)->0K(34944K)
[6.881s][info][gc,heap        ] GC(3) Tenured: 5145K(699072K)->5091K(699072K)
[6.881s][info][gc,metaspace   ] GC(3) Metaspace: 14724K(14976K)->14724K(14976K) NonClass: 12757K(12864K)->12757K(12864K) Class: 1966K(2112K)->1966K(2112K)
[6.881s][info][gc             ] GC(3) Pause Full (System.gc()) 165M->4M(989M) 41.104ms
[6.881s][info][gc,cpu         ] GC(3) User=0.03s Sys=0.00s Real=0.04s
[8.694s][info][gc,start       ] GC(4) Pause Full (System.gc())
[8.694s][info][gc,phases,start] GC(4) Phase 1: Mark live objects
[8.700s][info][gc,phases      ] GC(4) Phase 1: Mark live objects 6.301ms
[8.700s][info][gc,phases,start] GC(4) Phase 2: Compute new object addresses
[8.729s][info][gc,phases      ] GC(4) Phase 2: Compute new object addresses 28.981ms
[8.729s][info][gc,phases,start] GC(4) Phase 3: Adjust pointers
[8.733s][info][gc,phases      ] GC(4) Phase 3: Adjust pointers 3.564ms
[8.733s][info][gc,phases,start] GC(4) Phase 4: Move objects
[8.733s][info][gc,phases      ] GC(4) Phase 4: Move objects 0.010ms
[8.733s][info][gc,heap        ] GC(4) DefNew: 165813K(314560K)->0K(314560K) Eden: 165813K(279616K)->0K(279616K) From: 0K(34944K)->0K(34944K)
[8.733s][info][gc,heap        ] GC(4) Tenured: 5091K(699072K)->5092K(699072K)
[8.733s][info][gc,metaspace   ] GC(4) Metaspace: 14725K(14976K)->14725K(14976K) NonClass: 12758K(12864K)->12758K(12864K) Class: 1966K(2112K)->1966K(2112K)
[8.733s][info][gc             ] GC(4) Pause Full (System.gc()) 166M->4M(989M) 39.144ms
[8.733s][info][gc,cpu         ] GC(4) User=0.03s Sys=0.00s Real=0.03s
[10.550s][info][gc,start       ] GC(5) Pause Full (System.gc())
[10.550s][info][gc,phases,start] GC(5) Phase 1: Mark live objects
[10.556s][info][gc,phases      ] GC(5) Phase 1: Mark live objects 6.251ms
[10.556s][info][gc,phases,start] GC(5) Phase 2: Compute new object addresses
[10.585s][info][gc,phases      ] GC(5) Phase 2: Compute new object addresses 29.228ms
[10.585s][info][gc,phases,start] GC(5) Phase 3: Adjust pointers
[10.589s][info][gc,phases      ] GC(5) Phase 3: Adjust pointers 3.444ms
[10.589s][info][gc,phases,start] GC(5) Phase 4: Move objects
[10.589s][info][gc,phases      ] GC(5) Phase 4: Move objects 0.010ms
[10.589s][info][gc,heap        ] GC(5) DefNew: 167907K(314560K)->0K(314560K) Eden: 167907K(279616K)->0K(279616K) From: 0K(34944K)->0K(34944K)
[10.589s][info][gc,heap        ] GC(5) Tenured: 5092K(699072K)->5094K(699072K)
[10.589s][info][gc,metaspace   ] GC(5) Metaspace: 14729K(14976K)->14729K(14976K) NonClass: 12762K(12864K)->12762K(12864K) Class: 1966K(2112K)->1966K(2112K)
[10.589s][info][gc             ] GC(5) Pause Full (System.gc()) 168M->4M(989M) 39.210ms
[10.589s][info][gc,cpu         ] GC(5) User=0.00s Sys=0.00s Real=0.04s
[12.403s][info][gc,start       ] GC(6) Pause Full (System.gc())
[12.403s][info][gc,phases,start] GC(6) Phase 1: Mark live objects
[12.410s][info][gc,phases      ] GC(6) Phase 1: Mark live objects 6.528ms
[12.410s][info][gc,phases,start] GC(6) Phase 2: Compute new object addresses
[12.439s][info][gc,phases      ] GC(6) Phase 2: Compute new object addresses 28.730ms
[12.439s][info][gc,phases,start] GC(6) Phase 3: Adjust pointers
[12.443s][info][gc,phases      ] GC(6) Phase 3: Adjust pointers 3.756ms
[12.443s][info][gc,phases,start] GC(6) Phase 4: Move objects
[12.443s][info][gc,phases      ] GC(6) Phase 4: Move objects 0.009ms
[12.443s][info][gc,heap        ] GC(6) DefNew: 163264K(314560K)->0K(314560K) Eden: 163264K(279616K)->0K(279616K) From: 0K(34944K)->0K(34944K)
[12.443s][info][gc,heap        ] GC(6) Tenured: 5094K(699072K)->5095K(699072K)
[12.443s][info][gc,metaspace   ] GC(6) Metaspace: 14730K(14976K)->14730K(14976K) NonClass: 12763K(12864K)->12763K(12864K) Class: 1966K(2112K)->1966K(2112K)
[12.443s][info][gc             ] GC(6) Pause Full (System.gc()) 164M->4M(989M) 39.368ms
[12.443s][info][gc,cpu         ] GC(6) User=0.03s Sys=0.00s Real=0.05s
[14.263s][info][gc,start       ] GC(7) Pause Full (System.gc())
[14.263s][info][gc,phases,start] GC(7) Phase 1: Mark live objects
[14.269s][info][gc,phases      ] GC(7) Phase 1: Mark live objects 6.197ms
[14.269s][info][gc,phases,start] GC(7) Phase 2: Compute new object addresses
[14.298s][info][gc,phases      ] GC(7) Phase 2: Compute new object addresses 28.945ms
[14.298s][info][gc,phases,start] GC(7) Phase 3: Adjust pointers
[14.301s][info][gc,phases      ] GC(7) Phase 3: Adjust pointers 3.445ms
[14.301s][info][gc,phases,start] GC(7) Phase 4: Move objects
[14.301s][info][gc,phases      ] GC(7) Phase 4: Move objects 0.010ms
[14.301s][info][gc,heap        ] GC(7) DefNew: 162926K(314560K)->0K(314560K) Eden: 162926K(279616K)->0K(279616K) From: 0K(34944K)->0K(34944K)
[14.301s][info][gc,heap        ] GC(7) Tenured: 5095K(699072K)->5093K(699072K)
[14.301s][info][gc,metaspace   ] GC(7) Metaspace: 14735K(14976K)->14735K(14976K) NonClass: 12768K(12864K)->12768K(12864K) Class: 1966K(2112K)->1966K(2112K)
[14.301s][info][gc             ] GC(7) Pause Full (System.gc()) 164M->4M(989M) 38.909ms
[14.301s][info][gc,cpu         ] GC(7) User=0.03s Sys=0.00s Real=0.03s
[16.116s][info][gc,start       ] GC(8) Pause Full (System.gc())
[16.116s][info][gc,phases,start] GC(8) Phase 1: Mark live objects
[16.122s][info][gc,phases      ] GC(8) Phase 1: Mark live objects 6.152ms
[16.122s][info][gc,phases,start] GC(8) Phase 2: Compute new object addresses
[16.151s][info][gc,phases      ] GC(8) Phase 2: Compute new object addresses 28.670ms
[16.151s][info][gc,phases,start] GC(8) Phase 3: Adjust pointers
[16.154s][info][gc,phases      ] GC(8) Phase 3: Adjust pointers 3.564ms
[16.154s][info][gc,phases,start] GC(8) Phase 4: Move objects
[16.154s][info][gc,phases      ] GC(8) Phase 4: Move objects 0.009ms
[16.154s][info][gc,heap        ] GC(8) DefNew: 164454K(314560K)->0K(314560K) Eden: 164454K(279616K)->0K(279616K) From: 0K(34944K)->0K(34944K)
[16.154s][info][gc,heap        ] GC(8) Tenured: 5093K(699072K)->5094K(699072K)
[16.154s][info][gc,metaspace   ] GC(8) Metaspace: 14739K(14976K)->14739K(14976K) NonClass: 12772K(12864K)->12772K(12864K) Class: 1966K(2112K)->1966K(2112K)
[16.154s][info][gc             ] GC(8) Pause Full (System.gc()) 165M->4M(989M) 38.674ms
[16.154s][info][gc,cpu         ] GC(8) User=0.03s Sys=0.00s Real=0.03s
[17.978s][info][gc,start       ] GC(9) Pause Full (System.gc())
[17.979s][info][gc,phases,start] GC(9) Phase 1: Mark live objects
[17.985s][info][gc,phases      ] GC(9) Phase 1: Mark live objects 6.526ms
[17.985s][info][gc,phases,start] GC(9) Phase 2: Compute new object addresses
[18.014s][info][gc,phases      ] GC(9) Phase 2: Compute new object addresses 28.774ms
[18.014s][info][gc,phases,start] GC(9) Phase 3: Adjust pointers
[18.017s][info][gc,phases      ] GC(9) Phase 3: Adjust pointers 3.569ms
[18.018s][info][gc,phases,start] GC(9) Phase 4: Move objects
[18.018s][info][gc,phases      ] GC(9) Phase 4: Move objects 0.010ms
[18.018s][info][gc,heap        ] GC(9) DefNew: 165552K(314560K)->0K(314560K) Eden: 165552K(279616K)->0K(279616K) From: 0K(34944K)->0K(34944K)
[18.018s][info][gc,heap        ] GC(9) Tenured: 5094K(699072K)->5095K(699072K)
[18.018s][info][gc,metaspace   ] GC(9) Metaspace: 14743K(14976K)->14743K(14976K) NonClass: 12777K(12864K)->12777K(12864K) Class: 1966K(2112K)->1966K(2112K)
[18.018s][info][gc             ] GC(9) Pause Full (System.gc()) 166M->4M(989M) 39.236ms
[18.018s][info][gc,cpu         ] GC(9) User=0.03s Sys=0.00s Real=0.05s
[19.829s][info][gc,start       ] GC(10) Pause Full (System.gc())
[19.830s][info][gc,phases,start] GC(10) Phase 1: Mark live objects
[19.836s][info][gc,phases      ] GC(10) Phase 1: Mark live objects 6.753ms
[19.836s][info][gc,phases,start] GC(10) Phase 2: Compute new object addresses
[19.865s][info][gc,phases      ] GC(10) Phase 2: Compute new object addresses 28.851ms
[19.865s][info][gc,phases,start] GC(10) Phase 3: Adjust pointers
[19.869s][info][gc,phases      ] GC(10) Phase 3: Adjust pointers 3.617ms
[19.869s][info][gc,phases,start] GC(10) Phase 4: Move objects
[19.869s][info][gc,phases      ] GC(10) Phase 4: Move objects 0.009ms
[19.869s][info][gc,heap        ] GC(10) DefNew: 168364K(314560K)->0K(314560K) Eden: 168364K(279616K)->0K(279616K) From: 0K(34944K)->0K(34944K)
[19.869s][info][gc,heap        ] GC(10) Tenured: 5095K(699072K)->5096K(699072K)
[19.869s][info][gc,metaspace   ] GC(10) Metaspace: 14745K(14976K)->14745K(14976K) NonClass: 12779K(12864K)->12779K(12864K) Class: 1966K(2112K)->1966K(2112K)
[19.869s][info][gc             ] GC(10) Pause Full (System.gc()) 169M->4M(989M) 39.536ms
[19.869s][info][gc,cpu         ] GC(10) User=0.03s Sys=0.00s Real=0.05s
[21.682s][info][gc,start       ] GC(11) Pause Full (System.gc())
[21.682s][info][gc,phases,start] GC(11) Phase 1: Mark live objects
[21.689s][info][gc,phases      ] GC(11) Phase 1: Mark live objects 6.725ms
[21.689s][info][gc,phases,start] GC(11) Phase 2: Compute new object addresses
[21.718s][info][gc,phases      ] GC(11) Phase 2: Compute new object addresses 28.658ms
[21.718s][info][gc,phases,start] GC(11) Phase 3: Adjust pointers
[21.722s][info][gc,phases      ] GC(11) Phase 3: Adjust pointers 3.692ms
[21.722s][info][gc,phases,start] GC(11) Phase 4: Move objects
[21.722s][info][gc,phases      ] GC(11) Phase 4: Move objects 0.010ms
[21.722s][info][gc,heap        ] GC(11) DefNew: 164399K(314560K)->0K(314560K) Eden: 164399K(279616K)->0K(279616K) From: 0K(34944K)->0K(34944K)
[21.722s][info][gc,heap        ] GC(11) Tenured: 5096K(699072K)->5093K(699072K)
[21.722s][info][gc,metaspace   ] GC(11) Metaspace: 14749K(14976K)->14749K(14976K) NonClass: 12782K(12864K)->12782K(12864K) Class: 1966K(2112K)->1966K(2112K)
[21.722s][info][gc             ] GC(11) Pause Full (System.gc()) 165M->4M(989M) 39.353ms
[21.722s][info][gc,cpu         ] GC(11) User=0.00s Sys=0.00s Real=0.05s
[23.540s][info][gc,start       ] GC(12) Pause Full (System.gc())
[23.541s][info][gc,phases,start] GC(12) Phase 1: Mark live objects
[23.547s][info][gc,phases      ] GC(12) Phase 1: Mark live objects 6.878ms
[23.547s][info][gc,phases,start] GC(12) Phase 2: Compute new object addresses
[23.576s][info][gc,phases      ] GC(12) Phase 2: Compute new object addresses 28.641ms
[23.576s][info][gc,phases,start] GC(12) Phase 3: Adjust pointers
[23.580s][info][gc,phases      ] GC(12) Phase 3: Adjust pointers 3.490ms
[23.580s][info][gc,phases,start] GC(12) Phase 4: Move objects
[23.580s][info][gc,phases      ] GC(12) Phase 4: Move objects 0.010ms
[23.580s][info][gc,heap        ] GC(12) DefNew: 164528K(314560K)->0K(314560K) Eden: 164528K(279616K)->0K(279616K) From: 0K(34944K)->0K(34944K)
[23.580s][info][gc,heap        ] GC(12) Tenured: 5093K(699072K)->5094K(699072K)
[23.580s][info][gc,metaspace   ] GC(12) Metaspace: 14752K(15040K)->14752K(15040K) NonClass: 12785K(12928K)->12785K(12928K) Class: 1966K(2112K)->1966K(2112K)
[23.580s][info][gc             ] GC(12) Pause Full (System.gc()) 165M->4M(989M) 39.319ms
[23.580s][info][gc,cpu         ] GC(12) User=0.03s Sys=0.00s Real=0.05s
[25.393s][info][gc,start       ] GC(13) Pause Full (System.gc())
[25.393s][info][gc,phases,start] GC(13) Phase 1: Mark live objects
[25.399s][info][gc,phases      ] GC(13) Phase 1: Mark live objects 5.872ms
[25.399s][info][gc,phases,start] GC(13) Phase 2: Compute new object addresses
[25.428s][info][gc,phases      ] GC(13) Phase 2: Compute new object addresses 29.027ms
[25.428s][info][gc,phases,start] GC(13) Phase 3: Adjust pointers
[25.432s][info][gc,phases      ] GC(13) Phase 3: Adjust pointers 3.495ms
[25.432s][info][gc,phases,start] GC(13) Phase 4: Move objects
[25.432s][info][gc,phases      ] GC(13) Phase 4: Move objects 0.011ms
[25.432s][info][gc,heap        ] GC(13) DefNew: 165014K(314560K)->0K(314560K) Eden: 165014K(279616K)->0K(279616K) From: 0K(34944K)->0K(34944K)
[25.432s][info][gc,heap        ] GC(13) Tenured: 5094K(699072K)->5095K(699072K)
[25.432s][info][gc,metaspace   ] GC(13) Metaspace: 14758K(15104K)->14758K(15104K) NonClass: 12791K(12992K)->12791K(12992K) Class: 1966K(2112K)->1966K(2112K)
[25.432s][info][gc             ] GC(13) Pause Full (System.gc()) 166M->4M(989M) 38.733ms
[25.432s][info][gc,cpu         ] GC(13) User=0.05s Sys=0.00s Real=0.03s
[27.242s][info][gc,start       ] GC(14) Pause Full (System.gc())
[27.242s][info][gc,phases,start] GC(14) Phase 1: Mark live objects
[27.248s][info][gc,phases      ] GC(14) Phase 1: Mark live objects 6.328ms
[27.248s][info][gc,phases,start] GC(14) Phase 2: Compute new object addresses
[27.277s][info][gc,phases      ] GC(14) Phase 2: Compute new object addresses 28.787ms
[27.277s][info][gc,phases,start] GC(14) Phase 3: Adjust pointers
[27.281s][info][gc,phases      ] GC(14) Phase 3: Adjust pointers 3.806ms
[27.281s][info][gc,phases,start] GC(14) Phase 4: Move objects
[27.281s][info][gc,phases      ] GC(14) Phase 4: Move objects 0.011ms
[27.281s][info][gc,heap        ] GC(14) DefNew: 165356K(314560K)->0K(314560K) Eden: 165356K(279616K)->0K(279616K) From: 0K(34944K)->0K(34944K)
[27.281s][info][gc,heap        ] GC(14) Tenured: 5095K(699072K)->5096K(699072K)
[27.281s][info][gc,metaspace   ] GC(14) Metaspace: 14766K(15104K)->14766K(15104K) NonClass: 12800K(12992K)->12800K(12992K) Class: 1966K(2112K)->1966K(2112K)
[27.281s][info][gc             ] GC(14) Pause Full (System.gc()) 166M->4M(989M) 39.234ms
[27.281s][info][gc,cpu         ] GC(14) User=0.03s Sys=0.00s Real=0.05s
[29.093s][info][gc,start       ] GC(15) Pause Full (System.gc())
[29.093s][info][gc,phases,start] GC(15) Phase 1: Mark live objects
[29.100s][info][gc,phases      ] GC(15) Phase 1: Mark live objects 6.185ms
[29.100s][info][gc,phases,start] GC(15) Phase 2: Compute new object addresses
[29.129s][info][gc,phases      ] GC(15) Phase 2: Compute new object addresses 28.882ms
[29.129s][info][gc,phases,start] GC(15) Phase 3: Adjust pointers
[29.132s][info][gc,phases      ] GC(15) Phase 3: Adjust pointers 3.754ms
[29.132s][info][gc,phases,start] GC(15) Phase 4: Move objects
[29.132s][info][gc,phases      ] GC(15) Phase 4: Move objects 0.009ms
[29.133s][info][gc,heap        ] GC(15) DefNew: 165370K(314560K)->0K(314560K) Eden: 165370K(279616K)->0K(279616K) From: 0K(34944K)->0K(34944K)
[29.133s][info][gc,heap        ] GC(15) Tenured: 5096K(699072K)->5093K(699072K)
[29.133s][info][gc,metaspace   ] GC(15) Metaspace: 14784K(15104K)->14784K(15104K) NonClass: 12817K(12992K)->12817K(12992K) Class: 1966K(2112K)->1966K(2112K)
[29.133s][info][gc             ] GC(15) Pause Full (System.gc()) 166M->4M(989M) 39.117ms
[29.133s][info][gc,cpu         ] GC(15) User=0.03s Sys=0.00s Real=0.05s
[30.942s][info][gc,start       ] GC(16) Pause Full (System.gc())
[30.942s][info][gc,phases,start] GC(16) Phase 1: Mark live objects
[30.948s][info][gc,phases      ] GC(16) Phase 1: Mark live objects 6.238ms
[30.948s][info][gc,phases,start] GC(16) Phase 2: Compute new object addresses
[30.977s][info][gc,phases      ] GC(16) Phase 2: Compute new object addresses 28.882ms
[30.977s][info][gc,phases,start] GC(16) Phase 3: Adjust pointers
[30.981s][info][gc,phases      ] GC(16) Phase 3: Adjust pointers 3.967ms
[30.981s][info][gc,phases,start] GC(16) Phase 4: Move objects
[30.981s][info][gc,phases      ] GC(16) Phase 4: Move objects 0.014ms
[30.981s][info][gc,heap        ] GC(16) DefNew: 165286K(314560K)->0K(314560K) Eden: 165286K(279616K)->0K(279616K) From: 0K(34944K)->0K(34944K)
[30.981s][info][gc,heap        ] GC(16) Tenured: 5093K(699072K)->5094K(699072K)
[30.981s][info][gc,metaspace   ] GC(16) Metaspace: 14784K(15104K)->14784K(15104K) NonClass: 12817K(12992K)->12817K(12992K) Class: 1966K(2112K)->1966K(2112K)
[30.981s][info][gc             ] GC(16) Pause Full (System.gc()) 166M->4M(989M) 39.428ms
[30.981s][info][gc,cpu         ] GC(16) User=0.03s Sys=0.00s Real=0.05s
[32.792s][info][gc,start       ] GC(17) Pause Full (System.gc())
[32.792s][info][gc,phases,start] GC(17) Phase 1: Mark live objects
[32.798s][info][gc,phases      ] GC(17) Phase 1: Mark live objects 6.106ms
[32.798s][info][gc,phases,start] GC(17) Phase 2: Compute new object addresses
[32.827s][info][gc,phases      ] GC(17) Phase 2: Compute new object addresses 28.996ms
[32.827s][info][gc,phases,start] GC(17) Phase 3: Adjust pointers
[32.831s][info][gc,phases      ] GC(17) Phase 3: Adjust pointers 3.491ms
[32.831s][info][gc,phases,start] GC(17) Phase 4: Move objects
[32.831s][info][gc,phases      ] GC(17) Phase 4: Move objects 0.009ms
[32.831s][info][gc,heap        ] GC(17) DefNew: 165181K(314560K)->0K(314560K) Eden: 165181K(279616K)->0K(279616K) From: 0K(34944K)->0K(34944K)
[32.831s][info][gc,heap        ] GC(17) Tenured: 5094K(699072K)->5095K(699072K)
[32.831s][info][gc,metaspace   ] GC(17) Metaspace: 14788K(15104K)->14788K(15104K) NonClass: 12821K(12992K)->12821K(12992K) Class: 1966K(2112K)->1966K(2112K)
[32.831s][info][gc             ] GC(17) Pause Full (System.gc()) 166M->4M(989M) 38.875ms
[32.831s][info][gc,cpu         ] GC(17) User=0.03s Sys=0.00s Real=0.03s
[34.645s][info][gc,start       ] GC(18) Pause Full (System.gc())
[34.645s][info][gc,phases,start] GC(18) Phase 1: Mark live objects
[34.651s][info][gc,phases      ] GC(18) Phase 1: Mark live objects 6.329ms
[34.651s][info][gc,phases,start] GC(18) Phase 2: Compute new object addresses
[34.681s][info][gc,phases      ] GC(18) Phase 2: Compute new object addresses 29.966ms
[34.681s][info][gc,phases,start] GC(18) Phase 3: Adjust pointers
[34.685s][info][gc,phases      ] GC(18) Phase 3: Adjust pointers 3.492ms
[34.685s][info][gc,phases,start] GC(18) Phase 4: Move objects
[34.685s][info][gc,phases      ] GC(18) Phase 4: Move objects 0.009ms
[34.685s][info][gc,heap        ] GC(18) DefNew: 165185K(314560K)->0K(314560K) Eden: 165185K(279616K)->0K(279616K) From: 0K(34944K)->0K(34944K)
[34.685s][info][gc,heap        ] GC(18) Tenured: 5095K(699072K)->5096K(699072K)
[34.685s][info][gc,metaspace   ] GC(18) Metaspace: 14788K(15104K)->14788K(15104K) NonClass: 12821K(12992K)->12821K(12992K) Class: 1966K(2112K)->1966K(2112K)
[34.685s][info][gc             ] GC(18) Pause Full (System.gc()) 166M->4M(989M) 40.155ms
[34.685s][info][gc,cpu         ] GC(18) User=0.00s Sys=0.00s Real=0.03s
[36.492s][info][gc,start       ] GC(19) Pause Full (System.gc())
[36.492s][info][gc,phases,start] GC(19) Phase 1: Mark live objects
[36.499s][info][gc,phases      ] GC(19) Phase 1: Mark live objects 6.414ms
[36.499s][info][gc,phases,start] GC(19) Phase 2: Compute new object addresses
[36.528s][info][gc,phases      ] GC(19) Phase 2: Compute new object addresses 29.150ms
[36.528s][info][gc,phases,start] GC(19) Phase 3: Adjust pointers
[36.532s][info][gc,phases      ] GC(19) Phase 3: Adjust pointers 3.501ms
[36.532s][info][gc,phases,start] GC(19) Phase 4: Move objects
[36.532s][info][gc,phases      ] GC(19) Phase 4: Move objects 0.009ms
[36.532s][info][gc,heap        ] GC(19) DefNew: 165208K(314560K)->0K(314560K) Eden: 165208K(279616K)->0K(279616K) From: 0K(34944K)->0K(34944K)
[36.532s][info][gc,heap        ] GC(19) Tenured: 5096K(699072K)->5093K(699072K)
[36.532s][info][gc,metaspace   ] GC(19) Metaspace: 14794K(15104K)->14794K(15104K) NonClass: 12828K(12992K)->12828K(12992K) Class: 1966K(2112K)->1966K(2112K)
[36.532s][info][gc             ] GC(19) Pause Full (System.gc()) 166M->4M(989M) 39.350ms
[36.532s][info][gc,cpu         ] GC(19) User=0.03s Sys=0.00s Real=0.03s
[38.339s][info][gc,start       ] GC(20) Pause Full (System.gc())
[38.339s][info][gc,phases,start] GC(20) Phase 1: Mark live objects
[38.346s][info][gc,phases      ] GC(20) Phase 1: Mark live objects 6.640ms
[38.346s][info][gc,phases,start] GC(20) Phase 2: Compute new object addresses
[38.375s][info][gc,phases      ] GC(20) Phase 2: Compute new object addresses 29.030ms
[38.375s][info][gc,phases,start] GC(20) Phase 3: Adjust pointers
[38.378s][info][gc,phases      ] GC(20) Phase 3: Adjust pointers 3.512ms
[38.378s][info][gc,phases,start] GC(20) Phase 4: Move objects
[38.378s][info][gc,phases      ] GC(20) Phase 4: Move objects 0.009ms
[38.378s][info][gc,heap        ] GC(20) DefNew: 165220K(314560K)->0K(314560K) Eden: 165220K(279616K)->0K(279616K) From: 0K(34944K)->0K(34944K)
[38.378s][info][gc,heap        ] GC(20) Tenured: 5093K(699072K)->5094K(699072K)
[38.378s][info][gc,metaspace   ] GC(20) Metaspace: 14795K(15104K)->14795K(15104K) NonClass: 12829K(12992K)->12829K(12992K) Class: 1966K(2112K)->1966K(2112K)
[38.378s][info][gc             ] GC(20) Pause Full (System.gc()) 166M->4M(989M) 39.533ms
[38.378s][info][gc,cpu         ] GC(20) User=0.03s Sys=0.00s Real=0.05s
[40.197s][info][gc,start       ] GC(21) Pause Full (System.gc())
[40.197s][info][gc,phases,start] GC(21) Phase 1: Mark live objects
[40.203s][info][gc,phases      ] GC(21) Phase 1: Mark live objects 6.537ms
[40.203s][info][gc,phases,start] GC(21) Phase 2: Compute new object addresses
[40.232s][info][gc,phases      ] GC(21) Phase 2: Compute new object addresses 28.880ms
[40.232s][info][gc,phases,start] GC(21) Phase 3: Adjust pointers
[40.236s][info][gc,phases      ] GC(21) Phase 3: Adjust pointers 3.628ms
[40.236s][info][gc,phases,start] GC(21) Phase 4: Move objects
[40.236s][info][gc,phases      ] GC(21) Phase 4: Move objects 0.009ms
[40.236s][info][gc,heap        ] GC(21) DefNew: 165218K(314560K)->0K(314560K) Eden: 165218K(279616K)->0K(279616K) From: 0K(34944K)->0K(34944K)
[40.236s][info][gc,heap        ] GC(21) Tenured: 5094K(699072K)->5095K(699072K)
[40.236s][info][gc,metaspace   ] GC(21) Metaspace: 14799K(15104K)->14799K(15104K) NonClass: 12832K(12992K)->12832K(12992K) Class: 1966K(2112K)->1966K(2112K)
[40.236s][info][gc             ] GC(21) Pause Full (System.gc()) 166M->4M(989M) 39.420ms
[40.236s][info][gc,cpu         ] GC(21) User=0.03s Sys=0.00s Real=0.03s
[42.050s][info][gc,start       ] GC(22) Pause Full (System.gc())
[42.050s][info][gc,phases,start] GC(22) Phase 1: Mark live objects
[42.057s][info][gc,phases      ] GC(22) Phase 1: Mark live objects 6.219ms
[42.057s][info][gc,phases,start] GC(22) Phase 2: Compute new object addresses
[42.086s][info][gc,phases      ] GC(22) Phase 2: Compute new object addresses 29.124ms
[42.086s][info][gc,phases,start] GC(22) Phase 3: Adjust pointers
[42.089s][info][gc,phases      ] GC(22) Phase 3: Adjust pointers 3.558ms
[42.089s][info][gc,phases,start] GC(22) Phase 4: Move objects
[42.089s][info][gc,phases      ] GC(22) Phase 4: Move objects 0.010ms
[42.089s][info][gc,heap        ] GC(22) DefNew: 165211K(314560K)->0K(314560K) Eden: 165211K(279616K)->0K(279616K) From: 0K(34944K)->0K(34944K)
[42.089s][info][gc,heap        ] GC(22) Tenured: 5095K(699072K)->5096K(699072K)
[42.089s][info][gc,metaspace   ] GC(22) Metaspace: 14811K(15104K)->14811K(15104K) NonClass: 12845K(12992K)->12845K(12992K) Class: 1966K(2112K)->1966K(2112K)
[42.089s][info][gc             ] GC(22) Pause Full (System.gc()) 166M->4M(989M) 39.187ms
[42.089s][info][gc,cpu         ] GC(22) User=0.03s Sys=0.00s Real=0.03s
[43.893s][info][gc,start       ] GC(23) Pause Full (System.gc())
[43.893s][info][gc,phases,start] GC(23) Phase 1: Mark live objects
[43.900s][info][gc,phases      ] GC(23) Phase 1: Mark live objects 6.798ms
[43.900s][info][gc,phases,start] GC(23) Phase 2: Compute new object addresses
[43.929s][info][gc,phases      ] GC(23) Phase 2: Compute new object addresses 28.660ms
[43.929s][info][gc,phases,start] GC(23) Phase 3: Adjust pointers
[43.932s][info][gc,phases      ] GC(23) Phase 3: Adjust pointers 3.665ms
[43.932s][info][gc,phases,start] GC(23) Phase 4: Move objects
[43.933s][info][gc,phases      ] GC(23) Phase 4: Move objects 0.010ms
[43.933s][info][gc,heap        ] GC(23) DefNew: 165219K(314560K)->0K(314560K) Eden: 165219K(279616K)->0K(279616K) From: 0K(34944K)->0K(34944K)
[43.933s][info][gc,heap        ] GC(23) Tenured: 5096K(699072K)->5093K(699072K)
[43.933s][info][gc,metaspace   ] GC(23) Metaspace: 14818K(15104K)->14818K(15104K) NonClass: 12851K(12992K)->12851K(12992K) Class: 1966K(2112K)->1966K(2112K)
[43.933s][info][gc             ] GC(23) Pause Full (System.gc()) 166M->4M(989M) 39.468ms
[43.933s][info][gc,cpu         ] GC(23) User=0.03s Sys=0.00s Real=0.05s
[45.743s][info][gc,start       ] GC(24) Pause Full (System.gc())
[45.744s][info][gc,phases,start] GC(24) Phase 1: Mark live objects
[45.750s][info][gc,phases      ] GC(24) Phase 1: Mark live objects 6.059ms
[45.750s][info][gc,phases,start] GC(24) Phase 2: Compute new object addresses
[45.779s][info][gc,phases      ] GC(24) Phase 2: Compute new object addresses 29.243ms
[45.779s][info][gc,phases,start] GC(24) Phase 3: Adjust pointers
[45.783s][info][gc,phases      ] GC(24) Phase 3: Adjust pointers 3.853ms
[45.783s][info][gc,phases,start] GC(24) Phase 4: Move objects
[45.783s][info][gc,phases      ] GC(24) Phase 4: Move objects 0.010ms
[45.783s][info][gc,heap        ] GC(24) DefNew: 165248K(314560K)->0K(314560K) Eden: 165248K(279616K)->0K(279616K) From: 0K(34944K)->0K(34944K)
[45.783s][info][gc,heap        ] GC(24) Tenured: 5093K(699072K)->5094K(699072K)
[45.783s][info][gc,metaspace   ] GC(24) Metaspace: 14821K(15104K)->14821K(15104K) NonClass: 12854K(12992K)->12854K(12992K) Class: 1966K(2112K)->1966K(2112K)
[45.783s][info][gc             ] GC(24) Pause Full (System.gc()) 166M->4M(989M) 39.467ms
[45.783s][info][gc,cpu         ] GC(24) User=0.03s Sys=0.00s Real=0.05s
[47.590s][info][gc,start       ] GC(25) Pause Full (System.gc())
[47.590s][info][gc,phases,start] GC(25) Phase 1: Mark live objects
[47.597s][info][gc,phases      ] GC(25) Phase 1: Mark live objects 6.418ms
[47.597s][info][gc,phases,start] GC(25) Phase 2: Compute new object addresses
[47.626s][info][gc,phases      ] GC(25) Phase 2: Compute new object addresses 28.636ms
[47.626s][info][gc,phases,start] GC(25) Phase 3: Adjust pointers
[47.629s][info][gc,phases      ] GC(25) Phase 3: Adjust pointers 3.661ms
[47.629s][info][gc,phases,start] GC(25) Phase 4: Move objects
[47.629s][info][gc,phases      ] GC(25) Phase 4: Move objects 0.010ms
[47.629s][info][gc,heap        ] GC(25) DefNew: 165200K(314560K)->0K(314560K) Eden: 165200K(279616K)->0K(279616K) From: 0K(34944K)->0K(34944K)
[47.629s][info][gc,heap        ] GC(25) Tenured: 5094K(699072K)->5095K(699072K)
[47.629s][info][gc,metaspace   ] GC(25) Metaspace: 14821K(15104K)->14821K(15104K) NonClass: 12854K(12992K)->12854K(12992K) Class: 1966K(2112K)->1966K(2112K)
[47.629s][info][gc             ] GC(25) Pause Full (System.gc()) 166M->4M(989M) 39.033ms
[47.629s][info][gc,cpu         ] GC(25) User=0.03s Sys=0.00s Real=0.03s
[49.439s][info][gc,start       ] GC(26) Pause Full (System.gc())
[49.439s][info][gc,phases,start] GC(26) Phase 1: Mark live objects
[49.446s][info][gc,phases      ] GC(26) Phase 1: Mark live objects 6.679ms
[49.446s][info][gc,phases,start] GC(26) Phase 2: Compute new object addresses
[49.475s][info][gc,phases      ] GC(26) Phase 2: Compute new object addresses 28.543ms
[49.475s][info][gc,phases,start] GC(26) Phase 3: Adjust pointers
[49.478s][info][gc,phases      ] GC(26) Phase 3: Adjust pointers 3.679ms
[49.478s][info][gc,phases,start] GC(26) Phase 4: Move objects
[49.478s][info][gc,phases      ] GC(26) Phase 4: Move objects 0.010ms
[49.478s][info][gc,heap        ] GC(26) DefNew: 165198K(314560K)->0K(314560K) Eden: 165198K(279616K)->0K(279616K) From: 0K(34944K)->0K(34944K)
[49.478s][info][gc,heap        ] GC(26) Tenured: 5095K(699072K)->5096K(699072K)
[49.478s][info][gc,metaspace   ] GC(26) Metaspace: 14838K(15104K)->14838K(15104K) NonClass: 12871K(12992K)->12871K(12992K) Class: 1966K(2112K)->1966K(2112K)
[49.478s][info][gc             ] GC(26) Pause Full (System.gc()) 166M->4M(989M) 39.307ms
[49.478s][info][gc,cpu         ] GC(26) User=0.03s Sys=0.00s Real=0.03s
[51.289s][info][gc,start       ] GC(27) Pause Full (System.gc())
[51.290s][info][gc,phases,start] GC(27) Phase 1: Mark live objects
[51.296s][info][gc,phases      ] GC(27) Phase 1: Mark live objects 6.487ms
[51.296s][info][gc,phases,start] GC(27) Phase 2: Compute new object addresses
[51.325s][info][gc,phases      ] GC(27) Phase 2: Compute new object addresses 28.865ms
[51.325s][info][gc,phases,start] GC(27) Phase 3: Adjust pointers
[51.329s][info][gc,phases      ] GC(27) Phase 3: Adjust pointers 3.775ms
[51.329s][info][gc,phases,start] GC(27) Phase 4: Move objects
[51.329s][info][gc,phases      ] GC(27) Phase 4: Move objects 0.010ms
[51.329s][info][gc,heap        ] GC(27) DefNew: 165209K(314560K)->0K(314560K) Eden: 165209K(279616K)->0K(279616K) From: 0K(34944K)->0K(34944K)
[51.329s][info][gc,heap        ] GC(27) Tenured: 5096K(699072K)->5093K(699072K)
[51.329s][info][gc,metaspace   ] GC(27) Metaspace: 14840K(15104K)->14840K(15104K) NonClass: 12873K(12992K)->12873K(12992K) Class: 1966K(2112K)->1966K(2112K)
[51.329s][info][gc             ] GC(27) Pause Full (System.gc()) 166M->4M(989M) 39.463ms
[51.329s][info][gc,cpu         ] GC(27) User=0.05s Sys=0.00s Real=0.05s
[53.136s][info][gc,start       ] GC(28) Pause Full (System.gc())
[53.136s][info][gc,phases,start] GC(28) Phase 1: Mark live objects
[53.143s][info][gc,phases      ] GC(28) Phase 1: Mark live objects 6.562ms
[53.143s][info][gc,phases,start] GC(28) Phase 2: Compute new object addresses
[53.172s][info][gc,phases      ] GC(28) Phase 2: Compute new object addresses 29.047ms
[53.172s][info][gc,phases,start] GC(28) Phase 3: Adjust pointers
[53.176s][info][gc,phases      ] GC(28) Phase 3: Adjust pointers 3.808ms
[53.176s][info][gc,phases,start] GC(28) Phase 4: Move objects
[53.176s][info][gc,phases      ] GC(28) Phase 4: Move objects 0.011ms
[53.176s][info][gc,heap        ] GC(28) DefNew: 165215K(314560K)->0K(314560K) Eden: 165215K(279616K)->0K(279616K) From: 0K(34944K)->0K(34944K)
[53.176s][info][gc,heap        ] GC(28) Tenured: 5093K(699072K)->5094K(699072K)
[53.176s][info][gc,metaspace   ] GC(28) Metaspace: 14841K(15104K)->14841K(15104K) NonClass: 12874K(12992K)->12874K(12992K) Class: 1966K(2112K)->1966K(2112K)
[53.176s][info][gc             ] GC(28) Pause Full (System.gc()) 166M->4M(989M) 39.725ms
[53.176s][info][gc,cpu         ] GC(28) User=0.05s Sys=0.00s Real=0.05s
[54.989s][info][gc,start       ] GC(29) Pause Full (System.gc())
[54.989s][info][gc,phases,start] GC(29) Phase 1: Mark live objects
[54.995s][info][gc,phases      ] GC(29) Phase 1: Mark live objects 6.276ms
[54.995s][info][gc,phases,start] GC(29) Phase 2: Compute new object addresses
[55.024s][info][gc,phases      ] GC(29) Phase 2: Compute new object addresses 28.866ms
[55.024s][info][gc,phases,start] GC(29) Phase 3: Adjust pointers
[55.028s][info][gc,phases      ] GC(29) Phase 3: Adjust pointers 3.872ms
[55.028s][info][gc,phases,start] GC(29) Phase 4: Move objects
[55.028s][info][gc,phases      ] GC(29) Phase 4: Move objects 0.010ms
[55.028s][info][gc,heap        ] GC(29) DefNew: 165220K(314560K)->0K(314560K) Eden: 165220K(279616K)->0K(279616K) From: 0K(34944K)->0K(34944K)
[55.028s][info][gc,heap        ] GC(29) Tenured: 5094K(699072K)->5095K(699072K)
[55.028s][info][gc,metaspace   ] GC(29) Metaspace: 14852K(15104K)->14852K(15104K) NonClass: 12885K(12992K)->12885K(12992K) Class: 1966K(2112K)->1966K(2112K)
[55.028s][info][gc             ] GC(29) Pause Full (System.gc()) 166M->4M(989M) 39.305ms
[55.028s][info][gc,cpu         ] GC(29) User=0.05s Sys=0.00s Real=0.04s
[56.836s][info][gc,start       ] GC(30) Pause Full (System.gc())
[56.836s][info][gc,phases,start] GC(30) Phase 1: Mark live objects
[56.843s][info][gc,phases      ] GC(30) Phase 1: Mark live objects 6.894ms
[56.843s][info][gc,phases,start] GC(30) Phase 2: Compute new object addresses
[56.872s][info][gc,phases      ] GC(30) Phase 2: Compute new object addresses 29.202ms
[56.872s][info][gc,phases,start] GC(30) Phase 3: Adjust pointers
[56.876s][info][gc,phases      ] GC(30) Phase 3: Adjust pointers 3.792ms
[56.876s][info][gc,phases,start] GC(30) Phase 4: Move objects
[56.876s][info][gc,phases      ] GC(30) Phase 4: Move objects 0.009ms
[56.876s][info][gc,heap        ] GC(30) DefNew: 165204K(314560K)->0K(314560K) Eden: 165204K(279616K)->0K(279616K) From: 0K(34944K)->0K(34944K)
[56.876s][info][gc,heap        ] GC(30) Tenured: 5095K(699072K)->5096K(699072K)
[56.876s][info][gc,metaspace   ] GC(30) Metaspace: 14870K(15168K)->14870K(15168K) NonClass: 12903K(13056K)->12903K(13056K) Class: 1966K(2112K)->1966K(2112K)
[56.876s][info][gc             ] GC(30) Pause Full (System.gc()) 166M->4M(989M) 40.206ms
[56.876s][info][gc,cpu         ] GC(30) User=0.02s Sys=0.00s Real=0.03s
[58.684s][info][gc,start       ] GC(31) Pause Full (System.gc())
[58.685s][info][gc,phases,start] GC(31) Phase 1: Mark live objects
[58.691s][info][gc,phases      ] GC(31) Phase 1: Mark live objects 6.613ms
[58.691s][info][gc,phases,start] GC(31) Phase 2: Compute new object addresses
[58.721s][info][gc,phases      ] GC(31) Phase 2: Compute new object addresses 29.340ms
[58.721s][info][gc,phases,start] GC(31) Phase 3: Adjust pointers
[58.724s][info][gc,phases      ] GC(31) Phase 3: Adjust pointers 3.859ms
[58.725s][info][gc,phases,start] GC(31) Phase 4: Move objects
[58.725s][info][gc,phases      ] GC(31) Phase 4: Move objects 0.009ms
[58.725s][info][gc,heap        ] GC(31) DefNew: 165196K(314560K)->0K(314560K) Eden: 165196K(279616K)->0K(279616K) From: 0K(34944K)->0K(34944K)
[58.725s][info][gc,heap        ] GC(31) Tenured: 5096K(699072K)->5093K(699072K)
[58.725s][info][gc,metaspace   ] GC(31) Metaspace: 14871K(15168K)->14871K(15168K) NonClass: 12904K(13056K)->12904K(13056K) Class: 1966K(2112K)->1966K(2112K)
[58.725s][info][gc             ] GC(31) Pause Full (System.gc()) 166M->4M(989M) 40.149ms
[58.725s][info][gc,cpu         ] GC(31) User=0.03s Sys=0.00s Real=0.05s
[60.532s][info][gc,start       ] GC(32) Pause Full (System.gc())
[60.532s][info][gc,phases,start] GC(32) Phase 1: Mark live objects
[60.538s][info][gc,phases      ] GC(32) Phase 1: Mark live objects 6.406ms
[60.538s][info][gc,phases,start] GC(32) Phase 2: Compute new object addresses
[60.567s][info][gc,phases      ] GC(32) Phase 2: Compute new object addresses 28.705ms
[60.567s][info][gc,phases,start] GC(32) Phase 3: Adjust pointers
[60.571s][info][gc,phases      ] GC(32) Phase 3: Adjust pointers 3.951ms
[60.571s][info][gc,phases,start] GC(32) Phase 4: Move objects
[60.571s][info][gc,phases      ] GC(32) Phase 4: Move objects 0.010ms
[60.571s][info][gc,heap        ] GC(32) DefNew: 165202K(314560K)->0K(314560K) Eden: 165202K(279616K)->0K(279616K) From: 0K(34944K)->0K(34944K)
[60.571s][info][gc,heap        ] GC(32) Tenured: 5093K(699072K)->5094K(699072K)
[60.571s][info][gc,metaspace   ] GC(32) Metaspace: 14876K(15168K)->14876K(15168K) NonClass: 12909K(13056K)->12909K(13056K) Class: 1966K(2112K)->1966K(2112K)
[60.571s][info][gc             ] GC(32) Pause Full (System.gc()) 166M->4M(989M) 39.432ms
[60.571s][info][gc,cpu         ] GC(32) User=0.05s Sys=0.00s Real=0.05s
[62.394s][info][gc,start       ] GC(33) Pause Full (System.gc())
[62.394s][info][gc,phases,start] GC(33) Phase 1: Mark live objects
[62.401s][info][gc,phases      ] GC(33) Phase 1: Mark live objects 6.490ms
[62.401s][info][gc,phases,start] GC(33) Phase 2: Compute new object addresses
[62.429s][info][gc,phases      ] GC(33) Phase 2: Compute new object addresses 28.601ms
[62.429s][info][gc,phases,start] GC(33) Phase 3: Adjust pointers
[62.433s][info][gc,phases      ] GC(33) Phase 3: Adjust pointers 3.697ms
[62.433s][info][gc,phases,start] GC(33) Phase 4: Move objects
[62.433s][info][gc,phases      ] GC(33) Phase 4: Move objects 0.010ms
[62.433s][info][gc,heap        ] GC(33) DefNew: 165215K(314560K)->0K(314560K) Eden: 165215K(279616K)->0K(279616K) From: 0K(34944K)->0K(34944K)
[62.433s][info][gc,heap        ] GC(33) Tenured: 5094K(699072K)->5095K(699072K)
[62.433s][info][gc,metaspace   ] GC(33) Metaspace: 14878K(15168K)->14878K(15168K) NonClass: 12911K(13056K)->12911K(13056K) Class: 1966K(2112K)->1966K(2112K)
[62.433s][info][gc             ] GC(33) Pause Full (System.gc()) 166M->4M(989M) 39.154ms
[62.433s][info][gc,cpu         ] GC(33) User=0.03s Sys=0.00s Real=0.03s
[64.418s][info][gc,start       ] GC(34) Pause Full (System.gc())
[64.418s][info][gc,phases,start] GC(34) Phase 1: Mark live objects
[64.425s][info][gc,phases      ] GC(34) Phase 1: Mark live objects 6.619ms
[64.425s][info][gc,phases,start] GC(34) Phase 2: Compute new object addresses
[64.454s][info][gc,phases      ] GC(34) Phase 2: Compute new object addresses 29.197ms
[64.454s][info][gc,phases,start] GC(34) Phase 3: Adjust pointers
[64.458s][info][gc,phases      ] GC(34) Phase 3: Adjust pointers 3.611ms
[64.458s][info][gc,phases,start] GC(34) Phase 4: Move objects
[64.458s][info][gc,phases      ] GC(34) Phase 4: Move objects 0.010ms
[64.458s][info][gc,heap        ] GC(34) DefNew: 167030K(314560K)->0K(314560K) Eden: 167030K(279616K)->0K(279616K) From: 0K(34944K)->0K(34944K)
[64.458s][info][gc,heap        ] GC(34) Tenured: 5095K(699072K)->5097K(699072K)
[64.458s][info][gc,metaspace   ] GC(34) Metaspace: 14878K(15168K)->14878K(15168K) NonClass: 12911K(13056K)->12911K(13056K) Class: 1966K(2112K)->1966K(2112K)
[64.458s][info][gc             ] GC(34) Pause Full (System.gc()) 168M->4M(989M) 39.771ms
[64.458s][info][gc,cpu         ] GC(34) User=0.03s Sys=0.00s Real=0.04s
[66.543s][info][gc,start       ] GC(35) Pause Full (System.gc())
[66.543s][info][gc,phases,start] GC(35) Phase 1: Mark live objects
[66.550s][info][gc,phases      ] GC(35) Phase 1: Mark live objects 6.436ms
[66.550s][info][gc,phases,start] GC(35) Phase 2: Compute new object addresses
[66.578s][info][gc,phases      ] GC(35) Phase 2: Compute new object addresses 28.785ms
[66.578s][info][gc,phases,start] GC(35) Phase 3: Adjust pointers
[66.582s][info][gc,phases      ] GC(35) Phase 3: Adjust pointers 3.722ms
[66.582s][info][gc,phases,start] GC(35) Phase 4: Move objects
[66.582s][info][gc,phases      ] GC(35) Phase 4: Move objects 0.010ms
[66.582s][info][gc,heap        ] GC(35) DefNew: 164507K(314560K)->0K(314560K) Eden: 164507K(279616K)->0K(279616K) From: 0K(34944K)->0K(34944K)
[66.582s][info][gc,heap        ] GC(35) Tenured: 5097K(699072K)->5094K(699072K)
[66.582s][info][gc,metaspace   ] GC(35) Metaspace: 14878K(15168K)->14878K(15168K) NonClass: 12911K(13056K)->12911K(13056K) Class: 1966K(2112K)->1966K(2112K)
[66.582s][info][gc             ] GC(35) Pause Full (System.gc()) 165M->4M(989M) 39.239ms
[66.582s][info][gc,cpu         ] GC(35) User=0.03s Sys=0.00s Real=0.03s
[68.669s][info][gc,start       ] GC(36) Pause Full (System.gc())
[68.669s][info][gc,phases,start] GC(36) Phase 1: Mark live objects
[68.676s][info][gc,phases      ] GC(36) Phase 1: Mark live objects 6.620ms
[68.676s][info][gc,phases,start] GC(36) Phase 2: Compute new object addresses
[68.705s][info][gc,phases      ] GC(36) Phase 2: Compute new object addresses 28.849ms
[68.705s][info][gc,phases,start] GC(36) Phase 3: Adjust pointers
[68.709s][info][gc,phases      ] GC(36) Phase 3: Adjust pointers 3.615ms
[68.709s][info][gc,phases,start] GC(36) Phase 4: Move objects
[68.709s][info][gc,phases      ] GC(36) Phase 4: Move objects 0.010ms
[68.709s][info][gc,heap        ] GC(36) DefNew: 164859K(314560K)->0K(314560K) Eden: 164859K(279616K)->0K(279616K) From: 0K(34944K)->0K(34944K)
[68.709s][info][gc,heap        ] GC(36) Tenured: 5094K(699072K)->5095K(699072K)
[68.709s][info][gc,metaspace   ] GC(36) Metaspace: 14879K(15168K)->14879K(15168K) NonClass: 12913K(13056K)->12913K(13056K) Class: 1966K(2112K)->1966K(2112K)
[68.709s][info][gc             ] GC(36) Pause Full (System.gc()) 165M->4M(989M) 39.431ms
[68.709s][info][gc,cpu         ] GC(36) User=0.05s Sys=0.00s Real=0.05s
[70.812s][info][gc,start       ] GC(37) Pause Full (System.gc())
[70.812s][info][gc,phases,start] GC(37) Phase 1: Mark live objects
[70.818s][info][gc,phases      ] GC(37) Phase 1: Mark live objects 6.718ms
[70.819s][info][gc,phases,start] GC(37) Phase 2: Compute new object addresses
[70.848s][info][gc,phases      ] GC(37) Phase 2: Compute new object addresses 29.337ms
[70.848s][info][gc,phases,start] GC(37) Phase 3: Adjust pointers
[70.852s][info][gc,phases      ] GC(37) Phase 3: Adjust pointers 3.721ms
[70.852s][info][gc,phases,start] GC(37) Phase 4: Move objects
[70.852s][info][gc,phases      ] GC(37) Phase 4: Move objects 0.010ms
[70.852s][info][gc,heap        ] GC(37) DefNew: 165121K(314560K)->0K(314560K) Eden: 165121K(279616K)->0K(279616K) From: 0K(34944K)->0K(34944K)
[70.852s][info][gc,heap        ] GC(37) Tenured: 5095K(699072K)->5096K(699072K)
[70.852s][info][gc,metaspace   ] GC(37) Metaspace: 14880K(15168K)->14880K(15168K) NonClass: 12913K(13056K)->12913K(13056K) Class: 1966K(2112K)->1966K(2112K)
[70.852s][info][gc             ] GC(37) Pause Full (System.gc()) 166M->4M(989M) 40.091ms
[70.852s][info][gc,cpu         ] GC(37) User=0.03s Sys=0.00s Real=0.03s
[72.936s][info][gc,start       ] GC(38) Pause Full (System.gc())
[72.936s][info][gc,phases,start] GC(38) Phase 1: Mark live objects
[72.942s][info][gc,phases      ] GC(38) Phase 1: Mark live objects 6.635ms
[72.942s][info][gc,phases,start] GC(38) Phase 2: Compute new object addresses
[72.971s][info][gc,phases      ] GC(38) Phase 2: Compute new object addresses 28.832ms
[72.971s][info][gc,phases,start] GC(38) Phase 3: Adjust pointers
[72.975s][info][gc,phases      ] GC(38) Phase 3: Adjust pointers 3.724ms
[72.975s][info][gc,phases,start] GC(38) Phase 4: Move objects
[72.975s][info][gc,phases      ] GC(38) Phase 4: Move objects 0.009ms
[72.975s][info][gc,heap        ] GC(38) DefNew: 165348K(314560K)->0K(314560K) Eden: 165348K(279616K)->0K(279616K) From: 0K(34944K)->0K(34944K)
[72.975s][info][gc,heap        ] GC(38) Tenured: 5096K(699072K)->5097K(699072K)
[72.975s][info][gc,metaspace   ] GC(38) Metaspace: 14891K(15168K)->14891K(15168K) NonClass: 12924K(13056K)->12924K(13056K) Class: 1966K(2112K)->1966K(2112K)
[72.975s][info][gc             ] GC(38) Pause Full (System.gc()) 166M->4M(989M) 39.543ms
[72.975s][info][gc,cpu         ] GC(38) User=0.03s Sys=0.00s Real=0.03s
[75.060s][info][gc,start       ] GC(39) Pause Full (System.gc())
[75.060s][info][gc,phases,start] GC(39) Phase 1: Mark live objects
[75.067s][info][gc,phases      ] GC(39) Phase 1: Mark live objects 7.037ms
[75.067s][info][gc,phases,start] GC(39) Phase 2: Compute new object addresses
[75.096s][info][gc,phases      ] GC(39) Phase 2: Compute new object addresses 28.991ms
[75.096s][info][gc,phases,start] GC(39) Phase 3: Adjust pointers
[75.100s][info][gc,phases      ] GC(39) Phase 3: Adjust pointers 3.620ms
[75.100s][info][gc,phases,start] GC(39) Phase 4: Move objects
[75.100s][info][gc,phases      ] GC(39) Phase 4: Move objects 0.010ms
[75.100s][info][gc,heap        ] GC(39) DefNew: 165315K(314560K)->0K(314560K) Eden: 165315K(279616K)->0K(279616K) From: 0K(34944K)->0K(34944K)
[75.100s][info][gc,heap        ] GC(39) Tenured: 5097K(699072K)->5094K(699072K)
[75.100s][info][gc,metaspace   ] GC(39) Metaspace: 14892K(15168K)->14892K(15168K) NonClass: 12925K(13056K)->12925K(13056K) Class: 1966K(2112K)->1966K(2112K)
[75.100s][info][gc             ] GC(39) Pause Full (System.gc()) 166M->4M(989M) 39.977ms
[75.100s][info][gc,cpu         ] GC(39) User=0.05s Sys=0.00s Real=0.05s
[77.163s][info][gc,start       ] GC(40) Pause Full (System.gc())
[77.163s][info][gc,phases,start] GC(40) Phase 1: Mark live objects
[77.170s][info][gc,phases      ] GC(40) Phase 1: Mark live objects 6.733ms
[77.170s][info][gc,phases,start] GC(40) Phase 2: Compute new object addresses
[77.199s][info][gc,phases      ] GC(40) Phase 2: Compute new object addresses 29.007ms
[77.199s][info][gc,phases,start] GC(40) Phase 3: Adjust pointers
[77.203s][info][gc,phases      ] GC(40) Phase 3: Adjust pointers 3.648ms
[77.203s][info][gc,phases,start] GC(40) Phase 4: Move objects
[77.203s][info][gc,phases      ] GC(40) Phase 4: Move objects 0.009ms
[77.203s][info][gc,heap        ] GC(40) DefNew: 165232K(314560K)->0K(314560K) Eden: 165232K(279616K)->0K(279616K) From: 0K(34944K)->0K(34944K)
[77.203s][info][gc,heap        ] GC(40) Tenured: 5094K(699072K)->5095K(699072K)
[77.203s][info][gc,metaspace   ] GC(40) Metaspace: 14892K(15168K)->14892K(15168K) NonClass: 12926K(13056K)->12926K(13056K) Class: 1966K(2112K)->1966K(2112K)
[77.203s][info][gc             ] GC(40) Pause Full (System.gc()) 166M->4M(989M) 39.737ms
[77.203s][info][gc,cpu         ] GC(40) User=0.05s Sys=0.00s Real=0.05s
[79.265s][info][gc,start       ] GC(41) Pause Full (System.gc())
[79.265s][info][gc,phases,start] GC(41) Phase 1: Mark live objects
[79.273s][info][gc,phases      ] GC(41) Phase 1: Mark live objects 7.507ms
[79.273s][info][gc,phases,start] GC(41) Phase 2: Compute new object addresses
[79.302s][info][gc,phases      ] GC(41) Phase 2: Compute new object addresses 28.771ms
[79.302s][info][gc,phases,start] GC(41) Phase 3: Adjust pointers
[79.305s][info][gc,phases      ] GC(41) Phase 3: Adjust pointers 3.748ms
[79.305s][info][gc,phases,start] GC(41) Phase 4: Move objects
[79.305s][info][gc,phases      ] GC(41) Phase 4: Move objects 0.015ms
[79.305s][info][gc,heap        ] GC(41) DefNew: 165198K(314560K)->0K(314560K) Eden: 165198K(279616K)->0K(279616K) From: 0K(34944K)->0K(34944K)
[79.306s][info][gc,heap        ] GC(41) Tenured: 5095K(699072K)->5096K(699072K)
[79.306s][info][gc,metaspace   ] GC(41) Metaspace: 14892K(15168K)->14892K(15168K) NonClass: 12926K(13056K)->12926K(13056K) Class: 1966K(2112K)->1966K(2112K)
[79.306s][info][gc             ] GC(41) Pause Full (System.gc()) 166M->4M(989M) 40.439ms
[79.306s][info][gc,cpu         ] GC(41) User=0.03s Sys=0.00s Real=0.05s
[81.370s][info][gc,start       ] GC(42) Pause Full (System.gc())
[81.370s][info][gc,phases,start] GC(42) Phase 1: Mark live objects
[81.377s][info][gc,phases      ] GC(42) Phase 1: Mark live objects 6.929ms
[81.377s][info][gc,phases,start] GC(42) Phase 2: Compute new object addresses
[81.406s][info][gc,phases      ] GC(42) Phase 2: Compute new object addresses 29.106ms
[81.406s][info][gc,phases,start] GC(42) Phase 3: Adjust pointers
[81.410s][info][gc,phases      ] GC(42) Phase 3: Adjust pointers 3.643ms
[81.410s][info][gc,phases,start] GC(42) Phase 4: Move objects
[81.410s][info][gc,phases      ] GC(42) Phase 4: Move objects 0.010ms
[81.410s][info][gc,heap        ] GC(42) DefNew: 165199K(314560K)->0K(314560K) Eden: 165199K(279616K)->0K(279616K) From: 0K(34944K)->0K(34944K)
[81.410s][info][gc,heap        ] GC(42) Tenured: 5096K(699072K)->5097K(699072K)
[81.410s][info][gc,metaspace   ] GC(42) Metaspace: 14903K(15168K)->14903K(15168K) NonClass: 12936K(13056K)->12936K(13056K) Class: 1966K(2112K)->1966K(2112K)
[81.410s][info][gc             ] GC(42) Pause Full (System.gc()) 166M->4M(989M) 40.042ms
[81.410s][info][gc,cpu         ] GC(42) User=0.03s Sys=0.00s Real=0.05s
[83.485s][info][gc,start       ] GC(43) Pause Full (System.gc())
[83.486s][info][gc,phases,start] GC(43) Phase 1: Mark live objects
[83.492s][info][gc,phases      ] GC(43) Phase 1: Mark live objects 6.563ms
[83.492s][info][gc,phases,start] GC(43) Phase 2: Compute new object addresses
[83.521s][info][gc,phases      ] GC(43) Phase 2: Compute new object addresses 28.894ms
[83.521s][info][gc,phases,start] GC(43) Phase 3: Adjust pointers
[83.525s][info][gc,phases      ] GC(43) Phase 3: Adjust pointers 3.623ms
[83.525s][info][gc,phases,start] GC(43) Phase 4: Move objects
[83.525s][info][gc,phases      ] GC(43) Phase 4: Move objects 0.009ms
[83.525s][info][gc,heap        ] GC(43) DefNew: 165203K(314560K)->0K(314560K) Eden: 165203K(279616K)->0K(279616K) From: 0K(34944K)->0K(34944K)
[83.525s][info][gc,heap        ] GC(43) Tenured: 5097K(699072K)->5094K(699072K)
[83.525s][info][gc,metaspace   ] GC(43) Metaspace: 14905K(15168K)->14905K(15168K) NonClass: 12939K(13056K)->12939K(13056K) Class: 1966K(2112K)->1966K(2112K)
[83.525s][info][gc             ] GC(43) Pause Full (System.gc()) 166M->4M(989M) 39.428ms
[83.525s][info][gc,cpu         ] GC(43) User=0.03s Sys=0.00s Real=0.05s
[85.590s][info][gc,start       ] GC(44) Pause Full (System.gc())
[85.590s][info][gc,phases,start] GC(44) Phase 1: Mark live objects
[85.597s][info][gc,phases      ] GC(44) Phase 1: Mark live objects 6.194ms
[85.597s][info][gc,phases,start] GC(44) Phase 2: Compute new object addresses
[85.626s][info][gc,phases      ] GC(44) Phase 2: Compute new object addresses 28.927ms
[85.626s][info][gc,phases,start] GC(44) Phase 3: Adjust pointers
[85.629s][info][gc,phases      ] GC(44) Phase 3: Adjust pointers 3.641ms
[85.629s][info][gc,phases,start] GC(44) Phase 4: Move objects
[85.629s][info][gc,phases      ] GC(44) Phase 4: Move objects 0.009ms
[85.629s][info][gc,heap        ] GC(44) DefNew: 165207K(314560K)->0K(314560K) Eden: 165207K(279616K)->0K(279616K) From: 0K(34944K)->0K(34944K)
[85.629s][info][gc,heap        ] GC(44) Tenured: 5094K(699072K)->5095K(699072K)
[85.629s][info][gc,metaspace   ] GC(44) Metaspace: 14907K(15168K)->14907K(15168K) NonClass: 12940K(13056K)->12940K(13056K) Class: 1966K(2112K)->1966K(2112K)
[85.629s][info][gc             ] GC(44) Pause Full (System.gc()) 166M->4M(989M) 39.096ms
[85.629s][info][gc,cpu         ] GC(44) User=0.03s Sys=0.00s Real=0.03s
[87.688s][info][gc,start       ] GC(45) Pause Full (System.gc())
[87.688s][info][gc,phases,start] GC(45) Phase 1: Mark live objects
[87.695s][info][gc,phases      ] GC(45) Phase 1: Mark live objects 6.671ms
[87.695s][info][gc,phases,start] GC(45) Phase 2: Compute new object addresses
[87.724s][info][gc,phases      ] GC(45) Phase 2: Compute new object addresses 28.742ms
[87.724s][info][gc,phases,start] GC(45) Phase 3: Adjust pointers
[87.727s][info][gc,phases      ] GC(45) Phase 3: Adjust pointers 3.641ms
[87.727s][info][gc,phases,start] GC(45) Phase 4: Move objects
[87.727s][info][gc,phases      ] GC(45) Phase 4: Move objects 0.009ms
[87.727s][info][gc,heap        ] GC(45) DefNew: 165218K(314560K)->0K(314560K) Eden: 165218K(279616K)->0K(279616K) From: 0K(34944K)->0K(34944K)
[87.727s][info][gc,heap        ] GC(45) Tenured: 5095K(699072K)->5096K(699072K)
[87.727s][info][gc,metaspace   ] GC(45) Metaspace: 14907K(15168K)->14907K(15168K) NonClass: 12940K(13056K)->12940K(13056K) Class: 1966K(2112K)->1966K(2112K)
[87.727s][info][gc             ] GC(45) Pause Full (System.gc()) 166M->4M(989M) 39.355ms
[87.727s][info][gc,cpu         ] GC(45) User=0.03s Sys=0.00s Real=0.03s
[89.797s][info][gc,start       ] GC(46) Pause Full (System.gc())
[89.797s][info][gc,phases,start] GC(46) Phase 1: Mark live objects
[89.803s][info][gc,phases      ] GC(46) Phase 1: Mark live objects 6.326ms
[89.803s][info][gc,phases,start] GC(46) Phase 2: Compute new object addresses
[89.832s][info][gc,phases      ] GC(46) Phase 2: Compute new object addresses 28.827ms
[89.832s][info][gc,phases,start] GC(46) Phase 3: Adjust pointers
[89.836s][info][gc,phases      ] GC(46) Phase 3: Adjust pointers 3.640ms
[89.836s][info][gc,phases,start] GC(46) Phase 4: Move objects
[89.836s][info][gc,phases      ] GC(46) Phase 4: Move objects 0.010ms
[89.836s][info][gc,heap        ] GC(46) DefNew: 165212K(314560K)->0K(314560K) Eden: 165212K(279616K)->0K(279616K) From: 0K(34944K)->0K(34944K)
[89.836s][info][gc,heap        ] GC(46) Tenured: 5096K(699072K)->5097K(699072K)
[89.836s][info][gc,metaspace   ] GC(46) Metaspace: 14907K(15168K)->14907K(15168K) NonClass: 12940K(13056K)->12940K(13056K) Class: 1966K(2112K)->1966K(2112K)
[89.836s][info][gc             ] GC(46) Pause Full (System.gc()) 166M->4M(989M) 39.081ms
[89.836s][info][gc,cpu         ] GC(46) User=0.03s Sys=0.00s Real=0.03s
[91.898s][info][gc,start       ] GC(47) Pause Full (System.gc())
[91.898s][info][gc,phases,start] GC(47) Phase 1: Mark live objects
[91.904s][info][gc,phases      ] GC(47) Phase 1: Mark live objects 5.827ms
[91.904s][info][gc,phases,start] GC(47) Phase 2: Compute new object addresses
[91.933s][info][gc,phases      ] GC(47) Phase 2: Compute new object addresses 29.138ms
[91.933s][info][gc,phases,start] GC(47) Phase 3: Adjust pointers
[91.937s][info][gc,phases      ] GC(47) Phase 3: Adjust pointers 3.656ms
[91.937s][info][gc,phases,start] GC(47) Phase 4: Move objects
[91.937s][info][gc,phases      ] GC(47) Phase 4: Move objects 0.010ms
[91.937s][info][gc,heap        ] GC(47) DefNew: 165219K(314560K)->0K(314560K) Eden: 165219K(279616K)->0K(279616K) From: 0K(34944K)->0K(34944K)
[91.937s][info][gc,heap        ] GC(47) Tenured: 5097K(699072K)->5094K(699072K)
[91.937s][info][gc,metaspace   ] GC(47) Metaspace: 14907K(15168K)->14907K(15168K) NonClass: 12940K(13056K)->12940K(13056K) Class: 1966K(2112K)->1966K(2112K)
[91.937s][info][gc             ] GC(47) Pause Full (System.gc()) 166M->4M(989M) 38.910ms
[91.937s][info][gc,cpu         ] GC(47) User=0.03s Sys=0.00s Real=0.03s
[93.999s][info][gc,start       ] GC(48) Pause Full (System.gc())
[93.999s][info][gc,phases,start] GC(48) Phase 1: Mark live objects
[94.005s][info][gc,phases      ] GC(48) Phase 1: Mark live objects 6.399ms
[94.005s][info][gc,phases,start] GC(48) Phase 2: Compute new object addresses
[94.034s][info][gc,phases      ] GC(48) Phase 2: Compute new object addresses 28.989ms
[94.034s][info][gc,phases,start] GC(48) Phase 3: Adjust pointers
[94.038s][info][gc,phases      ] GC(48) Phase 3: Adjust pointers 3.638ms
[94.038s][info][gc,phases,start] GC(48) Phase 4: Move objects
[94.038s][info][gc,phases      ] GC(48) Phase 4: Move objects 0.009ms
[94.038s][info][gc,heap        ] GC(48) DefNew: 165216K(314560K)->0K(314560K) Eden: 165216K(279616K)->0K(279616K) From: 0K(34944K)->0K(34944K)
[94.038s][info][gc,heap        ] GC(48) Tenured: 5094K(699072K)->5095K(699072K)
[94.038s][info][gc,metaspace   ] GC(48) Metaspace: 14908K(15168K)->14908K(15168K) NonClass: 12941K(13056K)->12941K(13056K) Class: 1966K(2112K)->1966K(2112K)
[94.038s][info][gc             ] GC(48) Pause Full (System.gc()) 166M->4M(989M) 39.307ms
[94.038s][info][gc,cpu         ] GC(48) User=0.03s Sys=0.00s Real=0.03s
[96.101s][info][gc,start       ] GC(49) Pause Full (System.gc())
[96.101s][info][gc,phases,start] GC(49) Phase 1: Mark live objects
[96.108s][info][gc,phases      ] GC(49) Phase 1: Mark live objects 6.819ms
[96.108s][info][gc,phases,start] GC(49) Phase 2: Compute new object addresses
[96.137s][info][gc,phases      ] GC(49) Phase 2: Compute new object addresses 28.588ms
[96.137s][info][gc,phases,start] GC(49) Phase 3: Adjust pointers
[96.141s][info][gc,phases      ] GC(49) Phase 3: Adjust pointers 3.750ms
[96.141s][info][gc,phases,start] GC(49) Phase 4: Move objects
[96.141s][info][gc,phases      ] GC(49) Phase 4: Move objects 0.010ms
[96.141s][info][gc,heap        ] GC(49) DefNew: 165215K(314560K)->0K(314560K) Eden: 165215K(279616K)->0K(279616K) From: 0K(34944K)->0K(34944K)
[96.141s][info][gc,heap        ] GC(49) Tenured: 5095K(699072K)->5097K(699072K)
[96.141s][info][gc,metaspace   ] GC(49) Metaspace: 14908K(15168K)->14908K(15168K) NonClass: 12942K(13056K)->12942K(13056K) Class: 1966K(2112K)->1966K(2112K)
[96.141s][info][gc             ] GC(49) Pause Full (System.gc()) 166M->4M(989M) 39.521ms
[96.141s][info][gc,cpu         ] GC(49) User=0.03s Sys=0.00s Real=0.05s
[98.199s][info][gc,start       ] GC(50) Pause Full (System.gc())
[98.199s][info][gc,phases,start] GC(50) Phase 1: Mark live objects
[98.205s][info][gc,phases      ] GC(50) Phase 1: Mark live objects 6.690ms
[98.205s][info][gc,phases,start] GC(50) Phase 2: Compute new object addresses
[98.234s][info][gc,phases      ] GC(50) Phase 2: Compute new object addresses 28.619ms
[98.234s][info][gc,phases,start] GC(50) Phase 3: Adjust pointers
[98.238s][info][gc,phases      ] GC(50) Phase 3: Adjust pointers 3.811ms
[98.238s][info][gc,phases,start] GC(50) Phase 4: Move objects
[98.238s][info][gc,phases      ] GC(50) Phase 4: Move objects 0.010ms
[98.238s][info][gc,heap        ] GC(50) DefNew: 165224K(314560K)->0K(314560K) Eden: 165224K(279616K)->0K(279616K) From: 0K(34944K)->0K(34944K)
[98.238s][info][gc,heap        ] GC(50) Tenured: 5097K(699072K)->5097K(699072K)
[98.238s][info][gc,metaspace   ] GC(50) Metaspace: 14908K(15168K)->14908K(15168K) NonClass: 12942K(13056K)->12942K(13056K) Class: 1966K(2112K)->1966K(2112K)
[98.238s][info][gc             ] GC(50) Pause Full (System.gc()) 166M->4M(989M) 39.496ms
[98.238s][info][gc,cpu         ] GC(50) User=0.05s Sys=0.00s Real=0.05s
[100.301s][info][gc,start       ] GC(51) Pause Full (System.gc())
[100.301s][info][gc,phases,start] GC(51) Phase 1: Mark live objects
[100.307s][info][gc,phases      ] GC(51) Phase 1: Mark live objects 6.284ms
[100.307s][info][gc,phases,start] GC(51) Phase 2: Compute new object addresses
[100.336s][info][gc,phases      ] GC(51) Phase 2: Compute new object addresses 28.917ms
[100.336s][info][gc,phases,start] GC(51) Phase 3: Adjust pointers
[100.340s][info][gc,phases      ] GC(51) Phase 3: Adjust pointers 3.937ms
[100.340s][info][gc,phases,start] GC(51) Phase 4: Move objects
[100.340s][info][gc,phases      ] GC(51) Phase 4: Move objects 0.009ms
[100.340s][info][gc,heap        ] GC(51) DefNew: 165258K(314560K)->0K(314560K) Eden: 165258K(279616K)->0K(279616K) From: 0K(34944K)->0K(34944K)
[100.340s][info][gc,heap        ] GC(51) Tenured: 5097K(699072K)->5094K(699072K)
[100.340s][info][gc,metaspace   ] GC(51) Metaspace: 14908K(15168K)->14908K(15168K) NonClass: 12942K(13056K)->12942K(13056K) Class: 1966K(2112K)->1966K(2112K)
[100.340s][info][gc             ] GC(51) Pause Full (System.gc()) 166M->4M(989M) 39.427ms
[100.340s][info][gc,cpu         ] GC(51) User=0.05s Sys=0.00s Real=0.04s
[102.402s][info][gc,start       ] GC(52) Pause Full (System.gc())
[102.403s][info][gc,phases,start] GC(52) Phase 1: Mark live objects
[102.409s][info][gc,phases      ] GC(52) Phase 1: Mark live objects 6.400ms
[102.409s][info][gc,phases,start] GC(52) Phase 2: Compute new object addresses
[102.438s][info][gc,phases      ] GC(52) Phase 2: Compute new object addresses 28.897ms
[102.438s][info][gc,phases,start] GC(52) Phase 3: Adjust pointers
[102.442s][info][gc,phases      ] GC(52) Phase 3: Adjust pointers 3.645ms
[102.442s][info][gc,phases,start] GC(52) Phase 4: Move objects
[102.442s][info][gc,phases      ] GC(52) Phase 4: Move objects 0.009ms
[102.442s][info][gc,heap        ] GC(52) DefNew: 165211K(314560K)->0K(314560K) Eden: 165211K(279616K)->0K(279616K) From: 0K(34944K)->0K(34944K)
[102.442s][info][gc,heap        ] GC(52) Tenured: 5094K(699072K)->5096K(699072K)
[102.442s][info][gc,metaspace   ] GC(52) Metaspace: 14911K(15168K)->14911K(15168K) NonClass: 12944K(13056K)->12944K(13056K) Class: 1966K(2112K)->1966K(2112K)
[102.442s][info][gc             ] GC(52) Pause Full (System.gc()) 166M->4M(989M) 39.232ms
[102.442s][info][gc,cpu         ] GC(52) User=0.03s Sys=0.00s Real=0.03s
[104.510s][info][gc,start       ] GC(53) Pause Full (System.gc())
[104.510s][info][gc,phases,start] GC(53) Phase 1: Mark live objects
[104.517s][info][gc,phases      ] GC(53) Phase 1: Mark live objects 6.840ms
[104.517s][info][gc,phases,start] GC(53) Phase 2: Compute new object addresses
[104.546s][info][gc,phases      ] GC(53) Phase 2: Compute new object addresses 28.995ms
[104.546s][info][gc,phases,start] GC(53) Phase 3: Adjust pointers
[104.550s][info][gc,phases      ] GC(53) Phase 3: Adjust pointers 3.830ms
[104.550s][info][gc,phases,start] GC(53) Phase 4: Move objects
[104.550s][info][gc,phases      ] GC(53) Phase 4: Move objects 0.010ms
[104.550s][info][gc,heap        ] GC(53) DefNew: 165213K(314560K)->0K(314560K) Eden: 165213K(279616K)->0K(279616K) From: 0K(34944K)->0K(34944K)
[104.550s][info][gc,heap        ] GC(53) Tenured: 5096K(699072K)->5097K(699072K)
[104.550s][info][gc,metaspace   ] GC(53) Metaspace: 14912K(15168K)->14912K(15168K) NonClass: 12945K(13056K)->12945K(13056K) Class: 1966K(2112K)->1966K(2112K)
[104.550s][info][gc             ] GC(53) Pause Full (System.gc()) 166M->4M(989M) 39.983ms
[104.550s][info][gc,cpu         ] GC(53) User=0.03s Sys=0.00s Real=0.04s
[106.615s][info][gc,start       ] GC(54) Pause Full (System.gc())
[106.615s][info][gc,phases,start] GC(54) Phase 1: Mark live objects
[106.622s][info][gc,phases      ] GC(54) Phase 1: Mark live objects 6.663ms
[106.622s][info][gc,phases,start] GC(54) Phase 2: Compute new object addresses
[106.651s][info][gc,phases      ] GC(54) Phase 2: Compute new object addresses 28.974ms
[106.651s][info][gc,phases,start] GC(54) Phase 3: Adjust pointers
[106.655s][info][gc,phases      ] GC(54) Phase 3: Adjust pointers 3.709ms
[106.655s][info][gc,phases,start] GC(54) Phase 4: Move objects
[106.655s][info][gc,phases      ] GC(54) Phase 4: Move objects 0.009ms
[106.655s][info][gc,heap        ] GC(54) DefNew: 165217K(314560K)->0K(314560K) Eden: 165217K(279616K)->0K(279616K) From: 0K(34944K)->0K(34944K)
[106.655s][info][gc,heap        ] GC(54) Tenured: 5097K(699072K)->5097K(699072K)
[106.655s][info][gc,metaspace   ] GC(54) Metaspace: 14915K(15168K)->14915K(15168K) NonClass: 12949K(13056K)->12949K(13056K) Class: 1966K(2112K)->1966K(2112K)
[106.655s][info][gc             ] GC(54) Pause Full (System.gc()) 166M->4M(989M) 39.656ms
[106.655s][info][gc,cpu         ] GC(54) User=0.02s Sys=0.00s Real=0.04s
[108.734s][info][gc,start       ] GC(55) Pause Full (System.gc())
[108.734s][info][gc,phases,start] GC(55) Phase 1: Mark live objects
[108.740s][info][gc,phases      ] GC(55) Phase 1: Mark live objects 6.581ms
[108.740s][info][gc,phases,start] GC(55) Phase 2: Compute new object addresses
[108.770s][info][gc,phases      ] GC(55) Phase 2: Compute new object addresses 29.530ms
[108.770s][info][gc,phases,start] GC(55) Phase 3: Adjust pointers
[108.774s][info][gc,phases      ] GC(55) Phase 3: Adjust pointers 3.741ms
[108.774s][info][gc,phases,start] GC(55) Phase 4: Move objects
[108.774s][info][gc,phases      ] GC(55) Phase 4: Move objects 0.009ms
[108.774s][info][gc,heap        ] GC(55) DefNew: 165225K(314560K)->0K(314560K) Eden: 165225K(279616K)->0K(279616K) From: 0K(34944K)->0K(34944K)
[108.774s][info][gc,heap        ] GC(55) Tenured: 5097K(699072K)->5094K(699072K)
[108.774s][info][gc,metaspace   ] GC(55) Metaspace: 14915K(15168K)->14915K(15168K) NonClass: 12949K(13056K)->12949K(13056K) Class: 1966K(2112K)->1966K(2112K)
[108.774s][info][gc             ] GC(55) Pause Full (System.gc()) 166M->4M(989M) 40.198ms
[108.774s][info][gc,cpu         ] GC(55) User=0.05s Sys=0.00s Real=0.05s
[110.837s][info][gc,start       ] GC(56) Pause Full (System.gc())
[110.837s][info][gc,phases,start] GC(56) Phase 1: Mark live objects
[110.844s][info][gc,phases      ] GC(56) Phase 1: Mark live objects 6.644ms
[110.844s][info][gc,phases,start] GC(56) Phase 2: Compute new object addresses
[110.873s][info][gc,phases      ] GC(56) Phase 2: Compute new object addresses 29.130ms
[110.873s][info][gc,phases,start] GC(56) Phase 3: Adjust pointers
[110.877s][info][gc,phases      ] GC(56) Phase 3: Adjust pointers 3.677ms
[110.877s][info][gc,phases,start] GC(56) Phase 4: Move objects
[110.877s][info][gc,phases      ] GC(56) Phase 4: Move objects 0.010ms
[110.877s][info][gc,heap        ] GC(56) DefNew: 165209K(314560K)->0K(314560K) Eden: 165209K(279616K)->0K(279616K) From: 0K(34944K)->0K(34944K)
[110.877s][info][gc,heap        ] GC(56) Tenured: 5094K(699072K)->5095K(699072K)
[110.877s][info][gc,metaspace   ] GC(56) Metaspace: 14915K(15168K)->14915K(15168K) NonClass: 12949K(13056K)->12949K(13056K) Class: 1966K(2112K)->1966K(2112K)
[110.877s][info][gc             ] GC(56) Pause Full (System.gc()) 166M->4M(989M) 39.762ms
[110.877s][info][gc,cpu         ] GC(56) User=0.03s Sys=0.00s Real=0.03s
[112.941s][info][gc,start       ] GC(57) Pause Full (System.gc())
[112.941s][info][gc,phases,start] GC(57) Phase 1: Mark live objects
[112.948s][info][gc,phases      ] GC(57) Phase 1: Mark live objects 6.746ms
[112.948s][info][gc,phases,start] GC(57) Phase 2: Compute new object addresses
[112.977s][info][gc,phases      ] GC(57) Phase 2: Compute new object addresses 28.597ms
[112.977s][info][gc,phases,start] GC(57) Phase 3: Adjust pointers
[112.981s][info][gc,phases      ] GC(57) Phase 3: Adjust pointers 4.056ms
[112.981s][info][gc,phases,start] GC(57) Phase 4: Move objects
[112.981s][info][gc,phases      ] GC(57) Phase 4: Move objects 0.014ms
[112.981s][info][gc,heap        ] GC(57) DefNew: 165199K(314560K)->0K(314560K) Eden: 165199K(279616K)->0K(279616K) From: 0K(34944K)->0K(34944K)
[112.981s][info][gc,heap        ] GC(57) Tenured: 5095K(699072K)->5096K(699072K)
[112.981s][info][gc,metaspace   ] GC(57) Metaspace: 14915K(15168K)->14915K(15168K) NonClass: 12949K(13056K)->12949K(13056K) Class: 1966K(2112K)->1966K(2112K)
[112.981s][info][gc             ] GC(57) Pause Full (System.gc()) 166M->4M(989M) 39.697ms
[112.981s][info][gc,cpu         ] GC(57) User=0.03s Sys=0.00s Real=0.03s
[115.038s][info][gc,start       ] GC(58) Pause Full (System.gc())
[115.038s][info][gc,phases,start] GC(58) Phase 1: Mark live objects
[115.045s][info][gc,phases      ] GC(58) Phase 1: Mark live objects 6.730ms
[115.045s][info][gc,phases,start] GC(58) Phase 2: Compute new object addresses
[115.074s][info][gc,phases      ] GC(58) Phase 2: Compute new object addresses 28.739ms
[115.074s][info][gc,phases,start] GC(58) Phase 3: Adjust pointers
[115.078s][info][gc,phases      ] GC(58) Phase 3: Adjust pointers 3.940ms
[115.078s][info][gc,phases,start] GC(58) Phase 4: Move objects
[115.078s][info][gc,phases      ] GC(58) Phase 4: Move objects 0.009ms
[115.078s][info][gc,heap        ] GC(58) DefNew: 165194K(314560K)->0K(314560K) Eden: 165194K(279616K)->0K(279616K) From: 0K(34944K)->0K(34944K)
[115.078s][info][gc,heap        ] GC(58) Tenured: 5096K(699072K)->5097K(699072K)
[115.078s][info][gc,metaspace   ] GC(58) Metaspace: 14918K(15168K)->14918K(15168K) NonClass: 12951K(13056K)->12951K(13056K) Class: 1966K(2112K)->1966K(2112K)
[115.078s][info][gc             ] GC(58) Pause Full (System.gc()) 166M->4M(989M) 39.694ms
[115.078s][info][gc,cpu         ] GC(58) User=0.03s Sys=0.00s Real=0.03s
[117.149s][info][gc,start       ] GC(59) Pause Full (System.gc())
[117.149s][info][gc,phases,start] GC(59) Phase 1: Mark live objects
[117.156s][info][gc,phases      ] GC(59) Phase 1: Mark live objects 7.019ms
[117.156s][info][gc,phases,start] GC(59) Phase 2: Compute new object addresses
[117.185s][info][gc,phases      ] GC(59) Phase 2: Compute new object addresses 29.006ms
[117.185s][info][gc,phases,start] GC(59) Phase 3: Adjust pointers
[117.189s][info][gc,phases      ] GC(59) Phase 3: Adjust pointers 3.734ms
[117.189s][info][gc,phases,start] GC(59) Phase 4: Move objects
[117.189s][info][gc,phases      ] GC(59) Phase 4: Move objects 0.009ms
[117.189s][info][gc,heap        ] GC(59) DefNew: 165209K(314560K)->0K(314560K) Eden: 165209K(279616K)->0K(279616K) From: 0K(34944K)->0K(34944K)
[117.189s][info][gc,heap        ] GC(59) Tenured: 5097K(699072K)->5094K(699072K)
[117.189s][info][gc,metaspace   ] GC(59) Metaspace: 14918K(15168K)->14918K(15168K) NonClass: 12951K(13056K)->12951K(13056K) Class: 1966K(2112K)->1966K(2112K)
[117.189s][info][gc             ] GC(59) Pause Full (System.gc()) 166M->4M(989M) 40.092ms
[117.189s][info][gc,cpu         ] GC(59) User=0.03s Sys=0.00s Real=0.03s
[119.252s][info][gc,start       ] GC(60) Pause Full (System.gc())
[119.252s][info][gc,phases,start] GC(60) Phase 1: Mark live objects
[119.259s][info][gc,phases      ] GC(60) Phase 1: Mark live objects 6.556ms
[119.259s][info][gc,phases,start] GC(60) Phase 2: Compute new object addresses
[119.288s][info][gc,phases      ] GC(60) Phase 2: Compute new object addresses 29.172ms
[119.288s][info][gc,phases,start] GC(60) Phase 3: Adjust pointers
[119.292s][info][gc,phases      ] GC(60) Phase 3: Adjust pointers 3.862ms
[119.292s][info][gc,phases,start] GC(60) Phase 4: Move objects
[119.292s][info][gc,phases      ] GC(60) Phase 4: Move objects 0.010ms
[119.292s][info][gc,heap        ] GC(60) DefNew: 165194K(314560K)->0K(314560K) Eden: 165194K(279616K)->0K(279616K) From: 0K(34944K)->0K(34944K)
[119.292s][info][gc,heap        ] GC(60) Tenured: 5094K(699072K)->5095K(699072K)
[119.292s][info][gc,metaspace   ] GC(60) Metaspace: 14918K(15168K)->14918K(15168K) NonClass: 12952K(13056K)->12952K(13056K) Class: 1966K(2112K)->1966K(2112K)
[119.292s][info][gc             ] GC(60) Pause Full (System.gc()) 166M->4M(989M) 39.952ms
[119.292s][info][gc,cpu         ] GC(60) User=0.03s Sys=0.00s Real=0.03s
[121.353s][info][gc,start       ] GC(61) Pause Full (System.gc())
[121.353s][info][gc,phases,start] GC(61) Phase 1: Mark live objects
[121.360s][info][gc,phases      ] GC(61) Phase 1: Mark live objects 6.576ms
[121.360s][info][gc,phases,start] GC(61) Phase 2: Compute new object addresses
[121.388s][info][gc,phases      ] GC(61) Phase 2: Compute new object addresses 28.609ms
[121.388s][info][gc,phases,start] GC(61) Phase 3: Adjust pointers
[121.392s][info][gc,phases      ] GC(61) Phase 3: Adjust pointers 3.807ms
[121.392s][info][gc,phases,start] GC(61) Phase 4: Move objects
[121.392s][info][gc,phases      ] GC(61) Phase 4: Move objects 0.009ms
[121.392s][info][gc,heap        ] GC(61) DefNew: 165203K(314560K)->0K(314560K) Eden: 165203K(279616K)->0K(279616K) From: 0K(34944K)->0K(34944K)
[121.392s][info][gc,heap        ] GC(61) Tenured: 5095K(699072K)->5096K(699072K)
[121.392s][info][gc,metaspace   ] GC(61) Metaspace: 14919K(15168K)->14919K(15168K) NonClass: 12953K(13056K)->12953K(13056K) Class: 1966K(2112K)->1966K(2112K)
[121.392s][info][gc             ] GC(61) Pause Full (System.gc()) 166M->4M(989M) 39.350ms
[121.392s][info][gc,cpu         ] GC(61) User=0.03s Sys=0.00s Real=0.03s
[123.455s][info][gc,start       ] GC(62) Pause Full (System.gc())
[123.455s][info][gc,phases,start] GC(62) Phase 1: Mark live objects
[123.462s][info][gc,phases      ] GC(62) Phase 1: Mark live objects 6.764ms
[123.462s][info][gc,phases,start] GC(62) Phase 2: Compute new object addresses
[123.491s][info][gc,phases      ] GC(62) Phase 2: Compute new object addresses 29.019ms
[123.491s][info][gc,phases,start] GC(62) Phase 3: Adjust pointers
[123.494s][info][gc,phases      ] GC(62) Phase 3: Adjust pointers 3.636ms
[123.494s][info][gc,phases,start] GC(62) Phase 4: Move objects
[123.494s][info][gc,phases      ] GC(62) Phase 4: Move objects 0.009ms
[123.494s][info][gc,heap        ] GC(62) DefNew: 166397K(314560K)->0K(314560K) Eden: 166397K(279616K)->0K(279616K) From: 0K(34944K)->0K(34944K)
[123.494s][info][gc,heap        ] GC(62) Tenured: 5096K(699072K)->5097K(699072K)
[123.494s][info][gc,metaspace   ] GC(62) Metaspace: 14924K(15168K)->14924K(15168K) NonClass: 12957K(13056K)->12957K(13056K) Class: 1966K(2112K)->1966K(2112K)
[123.494s][info][gc             ] GC(62) Pause Full (System.gc()) 167M->4M(989M) 39.742ms
[123.494s][info][gc,cpu         ] GC(62) User=0.03s Sys=0.00s Real=0.03s
[125.555s][info][gc,start       ] GC(63) Pause Full (System.gc())
[125.555s][info][gc,phases,start] GC(63) Phase 1: Mark live objects
[125.562s][info][gc,phases      ] GC(63) Phase 1: Mark live objects 6.664ms
[125.562s][info][gc,phases,start] GC(63) Phase 2: Compute new object addresses
[125.591s][info][gc,phases      ] GC(63) Phase 2: Compute new object addresses 29.071ms
[125.591s][info][gc,phases,start] GC(63) Phase 3: Adjust pointers
[125.595s][info][gc,phases      ] GC(63) Phase 3: Adjust pointers 3.661ms
[125.595s][info][gc,phases,start] GC(63) Phase 4: Move objects
[125.595s][info][gc,phases      ] GC(63) Phase 4: Move objects 0.010ms
[125.595s][info][gc,heap        ] GC(63) DefNew: 164876K(314560K)->0K(314560K) Eden: 164876K(279616K)->0K(279616K) From: 0K(34944K)->0K(34944K)
[125.595s][info][gc,heap        ] GC(63) Tenured: 5097K(699072K)->5094K(699072K)
[125.595s][info][gc,metaspace   ] GC(63) Metaspace: 14926K(15168K)->14926K(15168K) NonClass: 12959K(13056K)->12959K(13056K) Class: 1966K(2112K)->1966K(2112K)
[125.595s][info][gc             ] GC(63) Pause Full (System.gc()) 165M->4M(989M) 39.683ms
[125.595s][info][gc,cpu         ] GC(63) User=0.05s Sys=0.00s Real=0.05s
[127.653s][info][gc,start       ] GC(64) Pause Full (System.gc())
[127.653s][info][gc,phases,start] GC(64) Phase 1: Mark live objects
[127.660s][info][gc,phases      ] GC(64) Phase 1: Mark live objects 6.447ms
[127.660s][info][gc,phases,start] GC(64) Phase 2: Compute new object addresses
[127.689s][info][gc,phases      ] GC(64) Phase 2: Compute new object addresses 28.844ms
[127.689s][info][gc,phases,start] GC(64) Phase 3: Adjust pointers
[127.693s][info][gc,phases      ] GC(64) Phase 3: Adjust pointers 3.671ms
[127.693s][info][gc,phases,start] GC(64) Phase 4: Move objects
[127.693s][info][gc,phases      ] GC(64) Phase 4: Move objects 0.009ms
[127.693s][info][gc,heap        ] GC(64) DefNew: 165025K(314560K)->0K(314560K) Eden: 165025K(279616K)->0K(279616K) From: 0K(34944K)->0K(34944K)
[127.693s][info][gc,heap        ] GC(64) Tenured: 5094K(699072K)->5095K(699072K)
[127.693s][info][gc,metaspace   ] GC(64) Metaspace: 14934K(15232K)->14934K(15232K) NonClass: 12968K(13120K)->12968K(13120K) Class: 1966K(2112K)->1966K(2112K)
[127.693s][info][gc             ] GC(64) Pause Full (System.gc()) 166M->4M(989M) 39.305ms
[127.693s][info][gc,cpu         ] GC(64) User=0.03s Sys=0.00s Real=0.03s
[129.761s][info][gc,start       ] GC(65) Pause Full (System.gc())
[129.761s][info][gc,phases,start] GC(65) Phase 1: Mark live objects
[129.768s][info][gc,phases      ] GC(65) Phase 1: Mark live objects 6.696ms
[129.768s][info][gc,phases,start] GC(65) Phase 2: Compute new object addresses
[129.797s][info][gc,phases      ] GC(65) Phase 2: Compute new object addresses 28.713ms
[129.797s][info][gc,phases,start] GC(65) Phase 3: Adjust pointers
[129.801s][info][gc,phases      ] GC(65) Phase 3: Adjust pointers 3.952ms
[129.801s][info][gc,phases,start] GC(65) Phase 4: Move objects
[129.801s][info][gc,phases      ] GC(65) Phase 4: Move objects 0.009ms
[129.801s][info][gc,heap        ] GC(65) DefNew: 165141K(314560K)->0K(314560K) Eden: 165141K(279616K)->0K(279616K) From: 0K(34944K)->0K(34944K)
[129.801s][info][gc,heap        ] GC(65) Tenured: 5095K(699072K)->5096K(699072K)
[129.801s][info][gc,metaspace   ] GC(65) Metaspace: 14934K(15232K)->14934K(15232K) NonClass: 12968K(13120K)->12968K(13120K) Class: 1966K(2112K)->1966K(2112K)
[129.801s][info][gc             ] GC(65) Pause Full (System.gc()) 166M->4M(989M) 39.663ms
[129.801s][info][gc,cpu         ] GC(65) User=0.03s Sys=0.00s Real=0.04s
[131.864s][info][gc,start       ] GC(66) Pause Full (System.gc())
[131.864s][info][gc,phases,start] GC(66) Phase 1: Mark live objects
[131.870s][info][gc,phases      ] GC(66) Phase 1: Mark live objects 6.394ms
[131.870s][info][gc,phases,start] GC(66) Phase 2: Compute new object addresses
[131.899s][info][gc,phases      ] GC(66) Phase 2: Compute new object addresses 28.785ms
[131.899s][info][gc,phases,start] GC(66) Phase 3: Adjust pointers
[131.903s][info][gc,phases      ] GC(66) Phase 3: Adjust pointers 3.747ms
[131.903s][info][gc,phases,start] GC(66) Phase 4: Move objects
[131.903s][info][gc,phases      ] GC(66) Phase 4: Move objects 0.009ms
[131.903s][info][gc,heap        ] GC(66) DefNew: 165284K(314560K)->0K(314560K) Eden: 165284K(279616K)->0K(279616K) From: 0K(34944K)->0K(34944K)
[131.903s][info][gc,heap        ] GC(66) Tenured: 5096K(699072K)->5097K(699072K)
[131.903s][info][gc,metaspace   ] GC(66) Metaspace: 14934K(15232K)->14934K(15232K) NonClass: 12968K(13120K)->12968K(13120K) Class: 1966K(2112K)->1966K(2112K)
[131.903s][info][gc             ] GC(66) Pause Full (System.gc()) 166M->4M(989M) 39.248ms
[131.903s][info][gc,cpu         ] GC(66) User=0.05s Sys=0.00s Real=0.05s
[133.962s][info][gc,start       ] GC(67) Pause Full (System.gc())
[133.963s][info][gc,phases,start] GC(67) Phase 1: Mark live objects
[133.969s][info][gc,phases      ] GC(67) Phase 1: Mark live objects 6.329ms
[133.969s][info][gc,phases,start] GC(67) Phase 2: Compute new object addresses
[133.998s][info][gc,phases      ] GC(67) Phase 2: Compute new object addresses 29.177ms
[133.998s][info][gc,phases,start] GC(67) Phase 3: Adjust pointers
[134.002s][info][gc,phases      ] GC(67) Phase 3: Adjust pointers 3.666ms
[134.002s][info][gc,phases,start] GC(67) Phase 4: Move objects
[134.002s][info][gc,phases      ] GC(67) Phase 4: Move objects 0.009ms
[134.002s][info][gc,heap        ] GC(67) DefNew: 165268K(314560K)->0K(314560K) Eden: 165268K(279616K)->0K(279616K) From: 0K(34944K)->0K(34944K)
[134.002s][info][gc,heap        ] GC(67) Tenured: 5097K(699072K)->5094K(699072K)
[134.002s][info][gc,metaspace   ] GC(67) Metaspace: 14934K(15232K)->14934K(15232K) NonClass: 12968K(13120K)->12968K(13120K) Class: 1966K(2112K)->1966K(2112K)
[134.002s][info][gc             ] GC(67) Pause Full (System.gc()) 166M->4M(989M) 39.468ms
[134.002s][info][gc,cpu         ] GC(67) User=0.03s Sys=0.00s Real=0.03s
[136.069s][info][gc,start       ] GC(68) Pause Full (System.gc())
[136.069s][info][gc,phases,start] GC(68) Phase 1: Mark live objects
[136.076s][info][gc,phases      ] GC(68) Phase 1: Mark live objects 6.711ms
[136.076s][info][gc,phases,start] GC(68) Phase 2: Compute new object addresses
[136.105s][info][gc,phases      ] GC(68) Phase 2: Compute new object addresses 29.042ms
[136.105s][info][gc,phases,start] GC(68) Phase 3: Adjust pointers
[136.109s][info][gc,phases      ] GC(68) Phase 3: Adjust pointers 3.817ms
[136.109s][info][gc,phases,start] GC(68) Phase 4: Move objects
[136.109s][info][gc,phases      ] GC(68) Phase 4: Move objects 0.009ms
[136.109s][info][gc,heap        ] GC(68) DefNew: 165218K(314560K)->0K(314560K) Eden: 165218K(279616K)->0K(279616K) From: 0K(34944K)->0K(34944K)
[136.109s][info][gc,heap        ] GC(68) Tenured: 5094K(699072K)->5096K(699072K)
[136.109s][info][gc,metaspace   ] GC(68) Metaspace: 14934K(15232K)->14934K(15232K) NonClass: 12968K(13120K)->12968K(13120K) Class: 1966K(2112K)->1966K(2112K)
[136.109s][info][gc             ] GC(68) Pause Full (System.gc()) 166M->4M(989M) 39.929ms
[136.109s][info][gc,cpu         ] GC(68) User=0.03s Sys=0.00s Real=0.05s
[138.173s][info][gc,start       ] GC(69) Pause Full (System.gc())
[138.173s][info][gc,phases,start] GC(69) Phase 1: Mark live objects
[138.179s][info][gc,phases      ] GC(69) Phase 1: Mark live objects 6.290ms
[138.179s][info][gc,phases,start] GC(69) Phase 2: Compute new object addresses
[138.208s][info][gc,phases      ] GC(69) Phase 2: Compute new object addresses 28.849ms
[138.208s][info][gc,phases,start] GC(69) Phase 3: Adjust pointers
[138.212s][info][gc,phases      ] GC(69) Phase 3: Adjust pointers 4.008ms
[138.212s][info][gc,phases,start] GC(69) Phase 4: Move objects
[138.212s][info][gc,phases      ] GC(69) Phase 4: Move objects 0.010ms
[138.212s][info][gc,heap        ] GC(69) DefNew: 165131K(314560K)->0K(314560K) Eden: 165131K(279616K)->0K(279616K) From: 0K(34944K)->0K(34944K)
[138.212s][info][gc,heap        ] GC(69) Tenured: 5096K(699072K)->5097K(699072K)
[138.212s][info][gc,metaspace   ] GC(69) Metaspace: 14934K(15232K)->14934K(15232K) NonClass: 12968K(13120K)->12968K(13120K) Class: 1966K(2112K)->1966K(2112K)
[138.212s][info][gc             ] GC(69) Pause Full (System.gc()) 166M->4M(989M) 39.428ms
[138.212s][info][gc,cpu         ] GC(69) User=0.05s Sys=0.00s Real=0.05s
[140.272s][info][gc,start       ] GC(70) Pause Full (System.gc())
[140.272s][info][gc,phases,start] GC(70) Phase 1: Mark live objects
[140.279s][info][gc,phases      ] GC(70) Phase 1: Mark live objects 6.872ms
[140.279s][info][gc,phases,start] GC(70) Phase 2: Compute new object addresses
[140.308s][info][gc,phases      ] GC(70) Phase 2: Compute new object addresses 29.005ms
[140.308s][info][gc,phases,start] GC(70) Phase 3: Adjust pointers
[140.311s][info][gc,phases      ] GC(70) Phase 3: Adjust pointers 3.674ms
[140.311s][info][gc,phases,start] GC(70) Phase 4: Move objects
[140.311s][info][gc,phases      ] GC(70) Phase 4: Move objects 0.010ms
[140.311s][info][gc,heap        ] GC(70) DefNew: 165192K(314560K)->0K(314560K) Eden: 165192K(279616K)->0K(279616K) From: 0K(34944K)->0K(34944K)
[140.311s][info][gc,heap        ] GC(70) Tenured: 5097K(699072K)->5099K(699072K)
[140.311s][info][gc,metaspace   ] GC(70) Metaspace: 14934K(15232K)->14934K(15232K) NonClass: 12968K(13120K)->12968K(13120K) Class: 1966K(2112K)->1966K(2112K)
[140.311s][info][gc             ] GC(70) Pause Full (System.gc()) 166M->4M(989M) 39.843ms
[140.312s][info][gc,cpu         ] GC(70) User=0.03s Sys=0.00s Real=0.03s
[142.372s][info][gc,start       ] GC(71) Pause Full (System.gc())
[142.372s][info][gc,phases,start] GC(71) Phase 1: Mark live objects
[142.379s][info][gc,phases      ] GC(71) Phase 1: Mark live objects 6.256ms
[142.379s][info][gc,phases,start] GC(71) Phase 2: Compute new object addresses
[142.408s][info][gc,phases      ] GC(71) Phase 2: Compute new object addresses 28.730ms
[142.408s][info][gc,phases,start] GC(71) Phase 3: Adjust pointers
[142.411s][info][gc,phases      ] GC(71) Phase 3: Adjust pointers 3.662ms
[142.411s][info][gc,phases,start] GC(71) Phase 4: Move objects
[142.411s][info][gc,phases      ] GC(71) Phase 4: Move objects 0.009ms
[142.411s][info][gc,heap        ] GC(71) DefNew: 165255K(314560K)->0K(314560K) Eden: 165255K(279616K)->0K(279616K) From: 0K(34944K)->0K(34944K)
[142.411s][info][gc,heap        ] GC(71) Tenured: 5099K(699072K)->5096K(699072K)
[142.411s][info][gc,metaspace   ] GC(71) Metaspace: 14934K(15232K)->14934K(15232K) NonClass: 12968K(13120K)->12968K(13120K) Class: 1966K(2112K)->1966K(2112K)
[142.411s][info][gc             ] GC(71) Pause Full (System.gc()) 166M->4M(989M) 38.935ms
[142.411s][info][gc,cpu         ] GC(71) User=0.03s Sys=0.00s Real=0.03s
[144.487s][info][gc,start       ] GC(72) Pause Full (System.gc())
[144.487s][info][gc,phases,start] GC(72) Phase 1: Mark live objects
[144.494s][info][gc,phases      ] GC(72) Phase 1: Mark live objects 6.764ms
[144.494s][info][gc,phases,start] GC(72) Phase 2: Compute new object addresses
[144.522s][info][gc,phases      ] GC(72) Phase 2: Compute new object addresses 28.640ms
[144.522s][info][gc,phases,start] GC(72) Phase 3: Adjust pointers
[144.526s][info][gc,phases      ] GC(72) Phase 3: Adjust pointers 3.714ms
[144.526s][info][gc,phases,start] GC(72) Phase 4: Move objects
[144.526s][info][gc,phases      ] GC(72) Phase 4: Move objects 0.010ms
[144.526s][info][gc,heap        ] GC(72) DefNew: 165242K(314560K)->0K(314560K) Eden: 165242K(279616K)->0K(279616K) From: 0K(34944K)->0K(34944K)
[144.526s][info][gc,heap        ] GC(72) Tenured: 5096K(699072K)->5097K(699072K)
[144.526s][info][gc,metaspace   ] GC(72) Metaspace: 14934K(15232K)->14934K(15232K) NonClass: 12968K(13120K)->12968K(13120K) Class: 1966K(2112K)->1966K(2112K)
[144.526s][info][gc             ] GC(72) Pause Full (System.gc()) 166M->4M(989M) 39.463ms
[144.526s][info][gc,cpu         ] GC(72) User=0.03s Sys=0.00s Real=0.05s
[146.581s][info][gc,start       ] GC(73) Pause Full (System.gc())
[146.581s][info][gc,phases,start] GC(73) Phase 1: Mark live objects
[146.588s][info][gc,phases      ] GC(73) Phase 1: Mark live objects 6.412ms
[146.588s][info][gc,phases,start] GC(73) Phase 2: Compute new object addresses
[146.616s][info][gc,phases      ] GC(73) Phase 2: Compute new object addresses 28.390ms
[146.616s][info][gc,phases,start] GC(73) Phase 3: Adjust pointers
[146.620s][info][gc,phases      ] GC(73) Phase 3: Adjust pointers 3.861ms
[146.620s][info][gc,phases,start] GC(73) Phase 4: Move objects
[146.620s][info][gc,phases      ] GC(73) Phase 4: Move objects 0.010ms
[146.620s][info][gc,heap        ] GC(73) DefNew: 165215K(314560K)->0K(314560K) Eden: 165215K(279616K)->0K(279616K) From: 0K(34944K)->0K(34944K)
[146.620s][info][gc,heap        ] GC(73) Tenured: 5097K(699072K)->5097K(699072K)
[146.620s][info][gc,metaspace   ] GC(73) Metaspace: 14934K(15232K)->14934K(15232K) NonClass: 12968K(13120K)->12968K(13120K) Class: 1966K(2112K)->1966K(2112K)
[146.620s][info][gc             ] GC(73) Pause Full (System.gc()) 166M->4M(989M) 38.982ms
[146.620s][info][gc,cpu         ] GC(73) User=0.03s Sys=0.00s Real=0.03s
[148.683s][info][gc,start       ] GC(74) Pause Full (System.gc())
[148.683s][info][gc,phases,start] GC(74) Phase 1: Mark live objects
[148.689s][info][gc,phases      ] GC(74) Phase 1: Mark live objects 6.517ms
[148.690s][info][gc,phases,start] GC(74) Phase 2: Compute new object addresses
[148.719s][info][gc,phases      ] GC(74) Phase 2: Compute new object addresses 29.213ms
[148.719s][info][gc,phases,start] GC(74) Phase 3: Adjust pointers
[148.722s][info][gc,phases      ] GC(74) Phase 3: Adjust pointers 3.669ms
[148.723s][info][gc,phases,start] GC(74) Phase 4: Move objects
[148.723s][info][gc,phases      ] GC(74) Phase 4: Move objects 0.010ms
[148.723s][info][gc,heap        ] GC(74) DefNew: 165202K(314560K)->0K(314560K) Eden: 165202K(279616K)->0K(279616K) From: 0K(34944K)->0K(34944K)
[148.723s][info][gc,heap        ] GC(74) Tenured: 5097K(699072K)->5099K(699072K)
[148.723s][info][gc,metaspace   ] GC(74) Metaspace: 14934K(15232K)->14934K(15232K) NonClass: 12968K(13120K)->12968K(13120K) Class: 1966K(2112K)->1966K(2112K)
[148.723s][info][gc             ] GC(74) Pause Full (System.gc()) 166M->4M(989M) 39.704ms
[148.723s][info][gc,cpu         ] GC(74) User=0.05s Sys=0.00s Real=0.05s
[150.780s][info][gc,start       ] GC(75) Pause Full (System.gc())
[150.780s][info][gc,phases,start] GC(75) Phase 1: Mark live objects
[150.787s][info][gc,phases      ] GC(75) Phase 1: Mark live objects 6.806ms
[150.787s][info][gc,phases,start] GC(75) Phase 2: Compute new object addresses
[150.816s][info][gc,phases      ] GC(75) Phase 2: Compute new object addresses 29.178ms
[150.816s][info][gc,phases,start] GC(75) Phase 3: Adjust pointers
[150.820s][info][gc,phases      ] GC(75) Phase 3: Adjust pointers 3.749ms
[150.820s][info][gc,phases,start] GC(75) Phase 4: Move objects
[150.820s][info][gc,phases      ] GC(75) Phase 4: Move objects 0.009ms
[150.820s][info][gc,heap        ] GC(75) DefNew: 165203K(314560K)->0K(314560K) Eden: 165203K(279616K)->0K(279616K) From: 0K(34944K)->0K(34944K)
[150.820s][info][gc,heap        ] GC(75) Tenured: 5099K(699072K)->5096K(699072K)
[150.820s][info][gc,metaspace   ] GC(75) Metaspace: 14934K(15232K)->14934K(15232K) NonClass: 12968K(13120K)->12968K(13120K) Class: 1966K(2112K)->1966K(2112K)
[150.820s][info][gc             ] GC(75) Pause Full (System.gc()) 166M->4M(989M) 40.103ms
[150.820s][info][gc,cpu         ] GC(75) User=0.05s Sys=0.00s Real=0.05s
[152.881s][info][gc,start       ] GC(76) Pause Full (System.gc())
[152.881s][info][gc,phases,start] GC(76) Phase 1: Mark live objects
[152.887s][info][gc,phases      ] GC(76) Phase 1: Mark live objects 6.031ms
[152.887s][info][gc,phases,start] GC(76) Phase 2: Compute new object addresses
[152.915s][info][gc,phases      ] GC(76) Phase 2: Compute new object addresses 28.702ms
[152.915s][info][gc,phases,start] GC(76) Phase 3: Adjust pointers
[152.919s][info][gc,phases      ] GC(76) Phase 3: Adjust pointers 3.678ms
[152.919s][info][gc,phases,start] GC(76) Phase 4: Move objects
[152.919s][info][gc,phases      ] GC(76) Phase 4: Move objects 0.009ms
[152.919s][info][gc,heap        ] GC(76) DefNew: 165200K(314560K)->0K(314560K) Eden: 165200K(279616K)->0K(279616K) From: 0K(34944K)->0K(34944K)
[152.919s][info][gc,heap        ] GC(76) Tenured: 5096K(699072K)->5097K(699072K)
[152.919s][info][gc,metaspace   ] GC(76) Metaspace: 14934K(15232K)->14934K(15232K) NonClass: 12968K(13120K)->12968K(13120K) Class: 1966K(2112K)->1966K(2112K)
[152.919s][info][gc             ] GC(76) Pause Full (System.gc()) 166M->4M(989M) 38.751ms
[152.919s][info][gc,cpu         ] GC(76) User=0.03s Sys=0.00s Real=0.03s
[154.979s][info][gc,start       ] GC(77) Pause Full (System.gc())
[154.979s][info][gc,phases,start] GC(77) Phase 1: Mark live objects
[154.986s][info][gc,phases      ] GC(77) Phase 1: Mark live objects 6.594ms
[154.986s][info][gc,phases,start] GC(77) Phase 2: Compute new object addresses
[155.015s][info][gc,phases      ] GC(77) Phase 2: Compute new object addresses 28.816ms
[155.015s][info][gc,phases,start] GC(77) Phase 3: Adjust pointers
[155.019s][info][gc,phases      ] GC(77) Phase 3: Adjust pointers 3.658ms
[155.019s][info][gc,phases,start] GC(77) Phase 4: Move objects
[155.019s][info][gc,phases      ] GC(77) Phase 4: Move objects 0.009ms
[155.019s][info][gc,heap        ] GC(77) DefNew: 165130K(314560K)->0K(314560K) Eden: 165130K(279616K)->0K(279616K) From: 0K(34944K)->0K(34944K)
[155.019s][info][gc,heap        ] GC(77) Tenured: 5097K(699072K)->5097K(699072K)
[155.019s][info][gc,metaspace   ] GC(77) Metaspace: 14934K(15232K)->14934K(15232K) NonClass: 12968K(13120K)->12968K(13120K) Class: 1966K(2112K)->1966K(2112K)
[155.019s][info][gc             ] GC(77) Pause Full (System.gc()) 166M->4M(989M) 39.409ms
[155.019s][info][gc,cpu         ] GC(77) User=0.05s Sys=0.00s Real=0.05s
[157.084s][info][gc,start       ] GC(78) Pause Full (System.gc())
[157.084s][info][gc,phases,start] GC(78) Phase 1: Mark live objects
[157.091s][info][gc,phases      ] GC(78) Phase 1: Mark live objects 6.791ms
[157.091s][info][gc,phases,start] GC(78) Phase 2: Compute new object addresses
[157.120s][info][gc,phases      ] GC(78) Phase 2: Compute new object addresses 28.869ms
[157.120s][info][gc,phases,start] GC(78) Phase 3: Adjust pointers
[157.124s][info][gc,phases      ] GC(78) Phase 3: Adjust pointers 3.703ms
[157.124s][info][gc,phases,start] GC(78) Phase 4: Move objects
[157.124s][info][gc,phases      ] GC(78) Phase 4: Move objects 0.009ms
[157.124s][info][gc,heap        ] GC(78) DefNew: 165188K(314560K)->0K(314560K) Eden: 165188K(279616K)->0K(279616K) From: 0K(34944K)->0K(34944K)
[157.124s][info][gc,heap        ] GC(78) Tenured: 5097K(699072K)->5099K(699072K)
[157.124s][info][gc,metaspace   ] GC(78) Metaspace: 14934K(15232K)->14934K(15232K) NonClass: 12968K(13120K)->12968K(13120K) Class: 1966K(2112K)->1966K(2112K)
[157.124s][info][gc             ] GC(78) Pause Full (System.gc()) 166M->4M(989M) 39.688ms
[157.124s][info][gc,cpu         ] GC(78) User=0.03s Sys=0.00s Real=0.05s
[159.183s][info][gc,start       ] GC(79) Pause Full (System.gc())
[159.184s][info][gc,phases,start] GC(79) Phase 1: Mark live objects
[159.190s][info][gc,phases      ] GC(79) Phase 1: Mark live objects 6.756ms
[159.190s][info][gc,phases,start] GC(79) Phase 2: Compute new object addresses
[159.219s][info][gc,phases      ] GC(79) Phase 2: Compute new object addresses 28.654ms
[159.219s][info][gc,phases,start] GC(79) Phase 3: Adjust pointers
[159.223s][info][gc,phases      ] GC(79) Phase 3: Adjust pointers 3.801ms
[159.223s][info][gc,phases,start] GC(79) Phase 4: Move objects
[159.223s][info][gc,phases      ] GC(79) Phase 4: Move objects 0.010ms
[159.223s][info][gc,heap        ] GC(79) DefNew: 165232K(314560K)->0K(314560K) Eden: 165232K(279616K)->0K(279616K) From: 0K(34944K)->0K(34944K)
[159.223s][info][gc,heap        ] GC(79) Tenured: 5099K(699072K)->5095K(699072K)
[159.223s][info][gc,metaspace   ] GC(79) Metaspace: 14936K(15232K)->14936K(15232K) NonClass: 12969K(13120K)->12969K(13120K) Class: 1966K(2112K)->1966K(2112K)
[159.223s][info][gc             ] GC(79) Pause Full (System.gc()) 166M->4M(989M) 39.567ms
[159.223s][info][gc,cpu         ] GC(79) User=0.03s Sys=0.00s Real=0.05s
[161.285s][info][gc,start       ] GC(80) Pause Full (System.gc())
[161.285s][info][gc,phases,start] GC(80) Phase 1: Mark live objects
[161.291s][info][gc,phases      ] GC(80) Phase 1: Mark live objects 6.809ms
[161.292s][info][gc,phases,start] GC(80) Phase 2: Compute new object addresses
[161.320s][info][gc,phases      ] GC(80) Phase 2: Compute new object addresses 28.853ms
[161.320s][info][gc,phases,start] GC(80) Phase 3: Adjust pointers
[161.324s][info][gc,phases      ] GC(80) Phase 3: Adjust pointers 3.963ms
[161.324s][info][gc,phases,start] GC(80) Phase 4: Move objects
[161.324s][info][gc,phases      ] GC(80) Phase 4: Move objects 0.010ms
[161.324s][info][gc,heap        ] GC(80) DefNew: 165203K(314560K)->0K(314560K) Eden: 165203K(279616K)->0K(279616K) From: 0K(34944K)->0K(34944K)
[161.324s][info][gc,heap        ] GC(80) Tenured: 5095K(699072K)->5097K(699072K)
[161.324s][info][gc,metaspace   ] GC(80) Metaspace: 14936K(15232K)->14936K(15232K) NonClass: 12969K(13120K)->12969K(13120K) Class: 1966K(2112K)->1966K(2112K)
[161.324s][info][gc             ] GC(80) Pause Full (System.gc()) 166M->4M(989M) 39.987ms
[161.325s][info][gc,cpu         ] GC(80) User=0.03s Sys=0.00s Real=0.03s
[163.386s][info][gc,start       ] GC(81) Pause Full (System.gc())
[163.387s][info][gc,phases,start] GC(81) Phase 1: Mark live objects
[163.393s][info][gc,phases      ] GC(81) Phase 1: Mark live objects 6.781ms
[163.393s][info][gc,phases,start] GC(81) Phase 2: Compute new object addresses
[163.422s][info][gc,phases      ] GC(81) Phase 2: Compute new object addresses 29.009ms
[163.422s][info][gc,phases,start] GC(81) Phase 3: Adjust pointers
[163.426s][info][gc,phases      ] GC(81) Phase 3: Adjust pointers 3.669ms
[163.426s][info][gc,phases,start] GC(81) Phase 4: Move objects
[163.426s][info][gc,phases      ] GC(81) Phase 4: Move objects 0.009ms
[163.426s][info][gc,heap        ] GC(81) DefNew: 165169K(314560K)->0K(314560K) Eden: 165169K(279616K)->0K(279616K) From: 0K(34944K)->0K(34944K)
[163.426s][info][gc,heap        ] GC(81) Tenured: 5097K(699072K)->5098K(699072K)
[163.426s][info][gc,metaspace   ] GC(81) Metaspace: 14936K(15232K)->14936K(15232K) NonClass: 12969K(13120K)->12969K(13120K) Class: 1966K(2112K)->1966K(2112K)
[163.426s][info][gc             ] GC(81) Pause Full (System.gc()) 166M->4M(989M) 39.797ms
[163.426s][info][gc,cpu         ] GC(81) User=0.03s Sys=0.00s Real=0.03s
[165.493s][info][gc,start       ] GC(82) Pause Full (System.gc())
[165.493s][info][gc,phases,start] GC(82) Phase 1: Mark live objects
[165.500s][info][gc,phases      ] GC(82) Phase 1: Mark live objects 6.688ms
[165.500s][info][gc,phases,start] GC(82) Phase 2: Compute new object addresses
[165.529s][info][gc,phases      ] GC(82) Phase 2: Compute new object addresses 29.192ms
[165.529s][info][gc,phases,start] GC(82) Phase 3: Adjust pointers
[165.533s][info][gc,phases      ] GC(82) Phase 3: Adjust pointers 3.743ms
[165.533s][info][gc,phases,start] GC(82) Phase 4: Move objects
[165.533s][info][gc,phases      ] GC(82) Phase 4: Move objects 0.010ms
[165.533s][info][gc,heap        ] GC(82) DefNew: 165158K(314560K)->0K(314560K) Eden: 165158K(279616K)->0K(279616K) From: 0K(34944K)->0K(34944K)
[165.533s][info][gc,heap        ] GC(82) Tenured: 5098K(699072K)->5098K(699072K)
[165.533s][info][gc,metaspace   ] GC(82) Metaspace: 14936K(15232K)->14936K(15232K) NonClass: 12969K(13120K)->12969K(13120K) Class: 1966K(2112K)->1966K(2112K)
[165.533s][info][gc             ] GC(82) Pause Full (System.gc()) 166M->4M(989M) 39.949ms
[165.533s][info][gc,cpu         ] GC(82) User=0.05s Sys=0.00s Real=0.05s
[167.592s][info][gc,start       ] GC(83) Pause Full (System.gc())
[167.592s][info][gc,phases,start] GC(83) Phase 1: Mark live objects
[167.599s][info][gc,phases      ] GC(83) Phase 1: Mark live objects 6.647ms
[167.599s][info][gc,phases,start] GC(83) Phase 2: Compute new object addresses
[167.627s][info][gc,phases      ] GC(83) Phase 2: Compute new object addresses 28.700ms
[167.628s][info][gc,phases,start] GC(83) Phase 3: Adjust pointers
[167.631s][info][gc,phases      ] GC(83) Phase 3: Adjust pointers 3.706ms
[167.631s][info][gc,phases,start] GC(83) Phase 4: Move objects
[167.631s][info][gc,phases      ] GC(83) Phase 4: Move objects 0.009ms
[167.631s][info][gc,heap        ] GC(83) DefNew: 165165K(314560K)->0K(314560K) Eden: 165165K(279616K)->0K(279616K) From: 0K(34944K)->0K(34944K)
[167.631s][info][gc,heap        ] GC(83) Tenured: 5098K(699072K)->5095K(699072K)
[167.631s][info][gc,metaspace   ] GC(83) Metaspace: 14936K(15232K)->14936K(15232K) NonClass: 12969K(13120K)->12969K(13120K) Class: 1966K(2112K)->1966K(2112K)
[167.631s][info][gc             ] GC(83) Pause Full (System.gc()) 166M->4M(989M) 39.401ms
[167.631s][info][gc,cpu         ] GC(83) User=0.03s Sys=0.00s Real=0.03s
[169.690s][info][gc,start       ] GC(84) Pause Full (System.gc())
[169.690s][info][gc,phases,start] GC(84) Phase 1: Mark live objects
[169.696s][info][gc,phases      ] GC(84) Phase 1: Mark live objects 6.686ms
[169.696s][info][gc,phases,start] GC(84) Phase 2: Compute new object addresses
[169.726s][info][gc,phases      ] GC(84) Phase 2: Compute new object addresses 29.152ms
[169.726s][info][gc,phases,start] GC(84) Phase 3: Adjust pointers
[169.729s][info][gc,phases      ] GC(84) Phase 3: Adjust pointers 3.684ms
[169.729s][info][gc,phases,start] GC(84) Phase 4: Move objects
[169.729s][info][gc,phases      ] GC(84) Phase 4: Move objects 0.015ms
[169.729s][info][gc,heap        ] GC(84) DefNew: 165104K(314560K)->0K(314560K) Eden: 165104K(279616K)->0K(279616K) From: 0K(34944K)->0K(34944K)
[169.729s][info][gc,heap        ] GC(84) Tenured: 5095K(699072K)->5096K(699072K)
[169.730s][info][gc,metaspace   ] GC(84) Metaspace: 14936K(15232K)->14936K(15232K) NonClass: 12969K(13120K)->12969K(13120K) Class: 1966K(2112K)->1966K(2112K)
[169.730s][info][gc             ] GC(84) Pause Full (System.gc()) 166M->4M(989M) 39.867ms
[169.730s][info][gc,cpu         ] GC(84) User=0.03s Sys=0.00s Real=0.05s
[171.794s][info][gc,start       ] GC(85) Pause Full (System.gc())
[171.795s][info][gc,phases,start] GC(85) Phase 1: Mark live objects
[171.801s][info][gc,phases      ] GC(85) Phase 1: Mark live objects 6.697ms
[171.801s][info][gc,phases,start] GC(85) Phase 2: Compute new object addresses
[171.830s][info][gc,phases      ] GC(85) Phase 2: Compute new object addresses 28.422ms
[171.830s][info][gc,phases,start] GC(85) Phase 3: Adjust pointers
[171.834s][info][gc,phases      ] GC(85) Phase 3: Adjust pointers 3.997ms
[171.834s][info][gc,phases,start] GC(85) Phase 4: Move objects
[171.834s][info][gc,phases      ] GC(85) Phase 4: Move objects 0.009ms
[171.834s][info][gc,heap        ] GC(85) DefNew: 165086K(314560K)->0K(314560K) Eden: 165086K(279616K)->0K(279616K) From: 0K(34944K)->0K(34944K)
[171.834s][info][gc,heap        ] GC(85) Tenured: 5096K(699072K)->5098K(699072K)
[171.834s][info][gc,metaspace   ] GC(85) Metaspace: 14936K(15232K)->14936K(15232K) NonClass: 12969K(13120K)->12969K(13120K) Class: 1966K(2112K)->1966K(2112K)
[171.834s][info][gc             ] GC(85) Pause Full (System.gc()) 166M->4M(989M) 39.466ms
[171.834s][info][gc,cpu         ] GC(85) User=0.03s Sys=0.00s Real=0.05s
[173.888s][info][gc,start       ] GC(86) Pause Full (System.gc())
[173.888s][info][gc,phases,start] GC(86) Phase 1: Mark live objects
[173.895s][info][gc,phases      ] GC(86) Phase 1: Mark live objects 6.225ms
[173.895s][info][gc,phases,start] GC(86) Phase 2: Compute new object addresses
[173.924s][info][gc,phases      ] GC(86) Phase 2: Compute new object addresses 29.132ms
[173.924s][info][gc,phases,start] GC(86) Phase 3: Adjust pointers
[173.928s][info][gc,phases      ] GC(86) Phase 3: Adjust pointers 3.770ms
[173.928s][info][gc,phases,start] GC(86) Phase 4: Move objects
[173.928s][info][gc,phases      ] GC(86) Phase 4: Move objects 0.010ms
[173.928s][info][gc,heap        ] GC(86) DefNew: 165196K(314560K)->0K(314560K) Eden: 165196K(279616K)->0K(279616K) From: 0K(34944K)->0K(34944K)
[173.928s][info][gc,heap        ] GC(86) Tenured: 5098K(699072K)->5099K(699072K)
[173.928s][info][gc,metaspace   ] GC(86) Metaspace: 14943K(15232K)->14943K(15232K) NonClass: 12976K(13120K)->12976K(13120K) Class: 1966K(2112K)->1966K(2112K)
[173.928s][info][gc             ] GC(86) Pause Full (System.gc()) 166M->4M(989M) 39.417ms
[173.928s][info][gc,cpu         ] GC(86) User=0.03s Sys=0.00s Real=0.03s
[175.989s][info][gc,start       ] GC(87) Pause Full (System.gc())
[175.989s][info][gc,phases,start] GC(87) Phase 1: Mark live objects
[175.996s][info][gc,phases      ] GC(87) Phase 1: Mark live objects 6.854ms
[175.996s][info][gc,phases,start] GC(87) Phase 2: Compute new object addresses
[176.025s][info][gc,phases      ] GC(87) Phase 2: Compute new object addresses 28.674ms
[176.025s][info][gc,phases,start] GC(87) Phase 3: Adjust pointers
[176.029s][info][gc,phases      ] GC(87) Phase 3: Adjust pointers 3.923ms
[176.029s][info][gc,phases,start] GC(87) Phase 4: Move objects
[176.029s][info][gc,phases      ] GC(87) Phase 4: Move objects 0.010ms
[176.029s][info][gc,heap        ] GC(87) DefNew: 165248K(314560K)->0K(314560K) Eden: 165248K(279616K)->0K(279616K) From: 0K(34944K)->0K(34944K)
[176.029s][info][gc,heap        ] GC(87) Tenured: 5099K(699072K)->5096K(699072K)
[176.029s][info][gc,metaspace   ] GC(87) Metaspace: 14946K(15232K)->14946K(15232K) NonClass: 12979K(13120K)->12979K(13120K) Class: 1966K(2112K)->1966K(2112K)
[176.029s][info][gc             ] GC(87) Pause Full (System.gc()) 166M->4M(989M) 39.809ms
[176.029s][info][gc,cpu         ] GC(87) User=0.03s Sys=0.00s Real=0.03s
[178.087s][info][gc,start       ] GC(88) Pause Full (System.gc())
[178.087s][info][gc,phases,start] GC(88) Phase 1: Mark live objects
[178.094s][info][gc,phases      ] GC(88) Phase 1: Mark live objects 6.848ms
[178.094s][info][gc,phases,start] GC(88) Phase 2: Compute new object addresses
[178.123s][info][gc,phases      ] GC(88) Phase 2: Compute new object addresses 28.840ms
[178.123s][info][gc,phases,start] GC(88) Phase 3: Adjust pointers
[178.127s][info][gc,phases      ] GC(88) Phase 3: Adjust pointers 4.022ms
[178.127s][info][gc,phases,start] GC(88) Phase 4: Move objects
[178.127s][info][gc,phases      ] GC(88) Phase 4: Move objects 0.010ms
[178.127s][info][gc,heap        ] GC(88) DefNew: 165210K(314560K)->0K(314560K) Eden: 165210K(279616K)->0K(279616K) From: 0K(34944K)->0K(34944K)
[178.127s][info][gc,heap        ] GC(88) Tenured: 5096K(699072K)->5097K(699072K)
[178.127s][info][gc,metaspace   ] GC(88) Metaspace: 14946K(15232K)->14946K(15232K) NonClass: 12979K(13120K)->12979K(13120K) Class: 1966K(2112K)->1966K(2112K)
[178.127s][info][gc             ] GC(88) Pause Full (System.gc()) 166M->4M(989M) 40.100ms
[178.127s][info][gc,cpu         ] GC(88) User=0.05s Sys=0.00s Real=0.05s
[180.190s][info][gc,start       ] GC(89) Pause Full (System.gc())
[180.190s][info][gc,phases,start] GC(89) Phase 1: Mark live objects
[180.197s][info][gc,phases      ] GC(89) Phase 1: Mark live objects 6.705ms
[180.197s][info][gc,phases,start] GC(89) Phase 2: Compute new object addresses
[180.226s][info][gc,phases      ] GC(89) Phase 2: Compute new object addresses 29.158ms
[180.226s][info][gc,phases,start] GC(89) Phase 3: Adjust pointers
[180.230s][info][gc,phases      ] GC(89) Phase 3: Adjust pointers 3.677ms
[180.230s][info][gc,phases,start] GC(89) Phase 4: Move objects
[180.230s][info][gc,phases      ] GC(89) Phase 4: Move objects 0.009ms
[180.230s][info][gc,heap        ] GC(89) DefNew: 165180K(314560K)->0K(314560K) Eden: 165180K(279616K)->0K(279616K) From: 0K(34944K)->0K(34944K)
[180.230s][info][gc,heap        ] GC(89) Tenured: 5097K(699072K)->5098K(699072K)
[180.230s][info][gc,metaspace   ] GC(89) Metaspace: 14946K(15232K)->14946K(15232K) NonClass: 12979K(13120K)->12979K(13120K) Class: 1966K(2112K)->1966K(2112K)
[180.230s][info][gc             ] GC(89) Pause Full (System.gc()) 166M->4M(989M) 39.892ms
[180.230s][info][gc,cpu         ] GC(89) User=0.03s Sys=0.00s Real=0.05s
[182.287s][info][gc,start       ] GC(90) Pause Full (System.gc())
[182.287s][info][gc,phases,start] GC(90) Phase 1: Mark live objects
[182.294s][info][gc,phases      ] GC(90) Phase 1: Mark live objects 6.535ms
[182.294s][info][gc,phases,start] GC(90) Phase 2: Compute new object addresses
[182.324s][info][gc,phases      ] GC(90) Phase 2: Compute new object addresses 29.891ms
[182.324s][info][gc,phases,start] GC(90) Phase 3: Adjust pointers
[182.328s][info][gc,phases      ] GC(90) Phase 3: Adjust pointers 3.783ms
[182.328s][info][gc,phases,start] GC(90) Phase 4: Move objects
[182.328s][info][gc,phases      ] GC(90) Phase 4: Move objects 0.009ms
[182.328s][info][gc,heap        ] GC(90) DefNew: 166911K(314560K)->0K(314560K) Eden: 166911K(279616K)->0K(279616K) From: 0K(34944K)->0K(34944K)
[182.328s][info][gc,heap        ] GC(90) Tenured: 5098K(699072K)->5099K(699072K)
[182.328s][info][gc,metaspace   ] GC(90) Metaspace: 14951K(15296K)->14951K(15296K) NonClass: 12984K(13184K)->12984K(13184K) Class: 1966K(2112K)->1966K(2112K)
[182.328s][info][gc             ] GC(90) Pause Full (System.gc()) 167M->4M(989M) 40.514ms
[182.328s][info][gc,cpu         ] GC(90) User=0.05s Sys=0.00s Real=0.05s
[184.389s][info][gc,start       ] GC(91) Pause Full (System.gc())
[184.389s][info][gc,phases,start] GC(91) Phase 1: Mark live objects
[184.396s][info][gc,phases      ] GC(91) Phase 1: Mark live objects 6.840ms
[184.396s][info][gc,phases,start] GC(91) Phase 2: Compute new object addresses
[184.425s][info][gc,phases      ] GC(91) Phase 2: Compute new object addresses 29.146ms
[184.425s][info][gc,phases,start] GC(91) Phase 3: Adjust pointers
[184.429s][info][gc,phases      ] GC(91) Phase 3: Adjust pointers 3.738ms
[184.429s][info][gc,phases,start] GC(91) Phase 4: Move objects
[184.429s][info][gc,phases      ] GC(91) Phase 4: Move objects 0.010ms
[184.429s][info][gc,heap        ] GC(91) DefNew: 165208K(314560K)->0K(314560K) Eden: 165208K(279616K)->0K(279616K) From: 0K(34944K)->0K(34944K)
[184.429s][info][gc,heap        ] GC(91) Tenured: 5099K(699072K)->5096K(699072K)
[184.429s][info][gc,metaspace   ] GC(91) Metaspace: 14951K(15296K)->14951K(15296K) NonClass: 12984K(13184K)->12984K(13184K) Class: 1966K(2112K)->1966K(2112K)
[184.429s][info][gc             ] GC(91) Pause Full (System.gc()) 166M->4M(989M) 40.075ms
[184.429s][info][gc,cpu         ] GC(91) User=0.03s Sys=0.00s Real=0.05s
[186.486s][info][gc,start       ] GC(92) Pause Full (System.gc())
[186.486s][info][gc,phases,start] GC(92) Phase 1: Mark live objects
[186.493s][info][gc,phases      ] GC(92) Phase 1: Mark live objects 6.772ms
[186.493s][info][gc,phases,start] GC(92) Phase 2: Compute new object addresses
[186.522s][info][gc,phases      ] GC(92) Phase 2: Compute new object addresses 29.595ms
[186.522s][info][gc,phases,start] GC(92) Phase 3: Adjust pointers
[186.526s][info][gc,phases      ] GC(92) Phase 3: Adjust pointers 3.680ms
[186.526s][info][gc,phases,start] GC(92) Phase 4: Move objects
[186.526s][info][gc,phases      ] GC(92) Phase 4: Move objects 0.009ms
[186.526s][info][gc,heap        ] GC(92) DefNew: 164443K(314560K)->0K(314560K) Eden: 164443K(279616K)->0K(279616K) From: 0K(34944K)->0K(34944K)
[186.526s][info][gc,heap        ] GC(92) Tenured: 5096K(699072K)->5097K(699072K)
[186.526s][info][gc,metaspace   ] GC(92) Metaspace: 14951K(15296K)->14951K(15296K) NonClass: 12984K(13184K)->12984K(13184K) Class: 1966K(2112K)->1966K(2112K)
[186.526s][info][gc             ] GC(92) Pause Full (System.gc()) 165M->4M(989M) 40.399ms
[186.526s][info][gc,cpu         ] GC(92) User=0.03s Sys=0.00s Real=0.04s
[188.586s][info][gc,start       ] GC(93) Pause Full (System.gc())
[188.586s][info][gc,phases,start] GC(93) Phase 1: Mark live objects
[188.592s][info][gc,phases      ] GC(93) Phase 1: Mark live objects 5.852ms
[188.592s][info][gc,phases,start] GC(93) Phase 2: Compute new object addresses
[188.621s][info][gc,phases      ] GC(93) Phase 2: Compute new object addresses 29.016ms
[188.621s][info][gc,phases,start] GC(93) Phase 3: Adjust pointers
[188.625s][info][gc,phases      ] GC(93) Phase 3: Adjust pointers 3.716ms
[188.625s][info][gc,phases,start] GC(93) Phase 4: Move objects
[188.625s][info][gc,phases      ] GC(93) Phase 4: Move objects 0.010ms
[188.625s][info][gc,heap        ] GC(93) DefNew: 164937K(314560K)->0K(314560K) Eden: 164937K(279616K)->0K(279616K) From: 0K(34944K)->0K(34944K)
[188.625s][info][gc,heap        ] GC(93) Tenured: 5097K(699072K)->5098K(699072K)
[188.625s][info][gc,metaspace   ] GC(93) Metaspace: 14951K(15296K)->14951K(15296K) NonClass: 12984K(13184K)->12984K(13184K) Class: 1966K(2112K)->1966K(2112K)
[188.625s][info][gc             ] GC(93) Pause Full (System.gc()) 166M->4M(989M) 38.879ms
[188.625s][info][gc,cpu         ] GC(93) User=0.03s Sys=0.00s Real=0.04s
[190.687s][info][gc,start       ] GC(94) Pause Full (System.gc())
[190.687s][info][gc,phases,start] GC(94) Phase 1: Mark live objects
[190.694s][info][gc,phases      ] GC(94) Phase 1: Mark live objects 6.866ms
[190.694s][info][gc,phases,start] GC(94) Phase 2: Compute new object addresses
[190.723s][info][gc,phases      ] GC(94) Phase 2: Compute new object addresses 28.915ms
[190.723s][info][gc,phases,start] GC(94) Phase 3: Adjust pointers
[190.727s][info][gc,phases      ] GC(94) Phase 3: Adjust pointers 3.723ms
[190.727s][info][gc,phases,start] GC(94) Phase 4: Move objects
[190.727s][info][gc,phases      ] GC(94) Phase 4: Move objects 0.010ms
[190.727s][info][gc,heap        ] GC(94) DefNew: 165325K(314560K)->0K(314560K) Eden: 165325K(279616K)->0K(279616K) From: 0K(34944K)->0K(34944K)
[190.727s][info][gc,heap        ] GC(94) Tenured: 5098K(699072K)->5099K(699072K)
[190.727s][info][gc,metaspace   ] GC(94) Metaspace: 14954K(15296K)->14954K(15296K) NonClass: 12987K(13184K)->12987K(13184K) Class: 1966K(2112K)->1966K(2112K)
[190.727s][info][gc             ] GC(94) Pause Full (System.gc()) 166M->4M(989M) 39.867ms
[190.727s][info][gc,cpu         ] GC(94) User=0.06s Sys=0.00s Real=0.05s
[192.786s][info][gc,start       ] GC(95) Pause Full (System.gc())
[192.786s][info][gc,phases,start] GC(95) Phase 1: Mark live objects
[192.793s][info][gc,phases      ] GC(95) Phase 1: Mark live objects 6.999ms
[192.793s][info][gc,phases,start] GC(95) Phase 2: Compute new object addresses
[192.822s][info][gc,phases      ] GC(95) Phase 2: Compute new object addresses 28.884ms
[192.822s][info][gc,phases,start] GC(95) Phase 3: Adjust pointers
[192.826s][info][gc,phases      ] GC(95) Phase 3: Adjust pointers 3.713ms
[192.826s][info][gc,phases,start] GC(95) Phase 4: Move objects
[192.826s][info][gc,phases      ] GC(95) Phase 4: Move objects 0.010ms
[192.826s][info][gc,heap        ] GC(95) DefNew: 165348K(314560K)->0K(314560K) Eden: 165348K(279616K)->0K(279616K) From: 0K(34944K)->0K(34944K)
[192.826s][info][gc,heap        ] GC(95) Tenured: 5099K(699072K)->5096K(699072K)
[192.826s][info][gc,metaspace   ] GC(95) Metaspace: 14954K(15296K)->14954K(15296K) NonClass: 12987K(13184K)->12987K(13184K) Class: 1966K(2112K)->1966K(2112K)
[192.826s][info][gc             ] GC(95) Pause Full (System.gc()) 166M->4M(989M) 39.940ms
[192.826s][info][gc,cpu         ] GC(95) User=0.03s Sys=0.00s Real=0.05s
[194.889s][info][gc,start       ] GC(96) Pause Full (System.gc())
[194.889s][info][gc,phases,start] GC(96) Phase 1: Mark live objects
[194.895s][info][gc,phases      ] GC(96) Phase 1: Mark live objects 6.540ms
[194.895s][info][gc,phases,start] GC(96) Phase 2: Compute new object addresses
[194.924s][info][gc,phases      ] GC(96) Phase 2: Compute new object addresses 28.554ms
[194.924s][info][gc,phases,start] GC(96) Phase 3: Adjust pointers
[194.928s][info][gc,phases      ] GC(96) Phase 3: Adjust pointers 3.777ms
[194.928s][info][gc,phases,start] GC(96) Phase 4: Move objects
[194.928s][info][gc,phases      ] GC(96) Phase 4: Move objects 0.010ms
[194.928s][info][gc,heap        ] GC(96) DefNew: 165237K(314560K)->0K(314560K) Eden: 165237K(279616K)->0K(279616K) From: 0K(34944K)->0K(34944K)
[194.928s][info][gc,heap        ] GC(96) Tenured: 5096K(699072K)->5097K(699072K)
[194.928s][info][gc,metaspace   ] GC(96) Metaspace: 14960K(15296K)->14960K(15296K) NonClass: 12993K(13184K)->12993K(13184K) Class: 1966K(2112K)->1966K(2112K)
[194.928s][info][gc             ] GC(96) Pause Full (System.gc()) 166M->4M(989M) 39.187ms
[194.928s][info][gc,cpu         ] GC(96) User=0.03s Sys=0.00s Real=0.03s
[196.993s][info][gc,start       ] GC(97) Pause Full (System.gc())
[196.993s][info][gc,phases,start] GC(97) Phase 1: Mark live objects
[197.000s][info][gc,phases      ] GC(97) Phase 1: Mark live objects 6.844ms
[197.000s][info][gc,phases,start] GC(97) Phase 2: Compute new object addresses
[197.028s][info][gc,phases      ] GC(97) Phase 2: Compute new object addresses 28.749ms
[197.028s][info][gc,phases,start] GC(97) Phase 3: Adjust pointers
[197.032s][info][gc,phases      ] GC(97) Phase 3: Adjust pointers 3.827ms
[197.032s][info][gc,phases,start] GC(97) Phase 4: Move objects
[197.032s][info][gc,phases      ] GC(97) Phase 4: Move objects 0.010ms
[197.032s][info][gc,heap        ] GC(97) DefNew: 166277K(314560K)->0K(314560K) Eden: 166277K(279616K)->0K(279616K) From: 0K(34944K)->0K(34944K)
[197.032s][info][gc,heap        ] GC(97) Tenured: 5097K(699072K)->5098K(699072K)
[197.032s][info][gc,metaspace   ] GC(97) Metaspace: 14964K(15296K)->14964K(15296K) NonClass: 12997K(13184K)->12997K(13184K) Class: 1966K(2112K)->1966K(2112K)
[197.032s][info][gc             ] GC(97) Pause Full (System.gc()) 167M->4M(989M) 39.793ms
[197.032s][info][gc,cpu         ] GC(97) User=0.03s Sys=0.00s Real=0.03s
[199.090s][info][gc,start       ] GC(98) Pause Full (System.gc())
[199.090s][info][gc,phases,start] GC(98) Phase 1: Mark live objects
[199.096s][info][gc,phases      ] GC(98) Phase 1: Mark live objects 6.355ms
[199.096s][info][gc,phases,start] GC(98) Phase 2: Compute new object addresses
[199.125s][info][gc,phases      ] GC(98) Phase 2: Compute new object addresses 28.715ms
[199.125s][info][gc,phases,start] GC(98) Phase 3: Adjust pointers
[199.129s][info][gc,phases      ] GC(98) Phase 3: Adjust pointers 3.908ms
[199.129s][info][gc,phases,start] GC(98) Phase 4: Move objects
[199.129s][info][gc,phases      ] GC(98) Phase 4: Move objects 0.009ms
[199.129s][info][gc,heap        ] GC(98) DefNew: 164792K(314560K)->0K(314560K) Eden: 164792K(279616K)->0K(279616K) From: 0K(34944K)->0K(34944K)
[199.129s][info][gc,heap        ] GC(98) Tenured: 5098K(699072K)->5099K(699072K)
[199.129s][info][gc,metaspace   ] GC(98) Metaspace: 14964K(15296K)->14964K(15296K) NonClass: 12997K(13184K)->12997K(13184K) Class: 1966K(2112K)->1966K(2112K)
[199.129s][info][gc             ] GC(98) Pause Full (System.gc()) 165M->4M(989M) 39.261ms
[199.129s][info][gc,cpu         ] GC(98) User=0.03s Sys=0.00s Real=0.03s
[201.188s][info][gc,start       ] GC(99) Pause Full (System.gc())
[201.188s][info][gc,phases,start] GC(99) Phase 1: Mark live objects
[201.195s][info][gc,phases      ] GC(99) Phase 1: Mark live objects 6.922ms
[201.195s][info][gc,phases,start] GC(99) Phase 2: Compute new object addresses
[201.224s][info][gc,phases      ] GC(99) Phase 2: Compute new object addresses 28.861ms
[201.224s][info][gc,phases,start] GC(99) Phase 3: Adjust pointers
[201.228s][info][gc,phases      ] GC(99) Phase 3: Adjust pointers 3.946ms
[201.228s][info][gc,phases,start] GC(99) Phase 4: Move objects
[201.228s][info][gc,phases      ] GC(99) Phase 4: Move objects 0.010ms
[201.228s][info][gc,heap        ] GC(99) DefNew: 165022K(314560K)->0K(314560K) Eden: 165022K(279616K)->0K(279616K) From: 0K(34944K)->0K(34944K)
[201.228s][info][gc,heap        ] GC(99) Tenured: 5099K(699072K)->5096K(699072K)
[201.228s][info][gc,metaspace   ] GC(99) Metaspace: 14964K(15296K)->14964K(15296K) NonClass: 12997K(13184K)->12997K(13184K) Class: 1966K(2112K)->1966K(2112K)
[201.228s][info][gc             ] GC(99) Pause Full (System.gc()) 166M->4M(989M) 40.079ms
[201.228s][info][gc,cpu         ] GC(99) User=0.05s Sys=0.00s Real=0.05s
[203.298s][info][gc,heap,exit   ] Heap
[203.298s][info][gc,heap,exit   ]  def new generation   total 314560K, used 187488K [0x00000000c0000000, 0x00000000d5550000, 0x00000000d5550000)
[203.299s][info][gc,heap,exit   ]   eden space 279616K,  67% used [0x00000000c0000000, 0x00000000cb718010, 0x00000000d1110000)
[203.299s][info][gc,heap,exit   ]   from space 34944K,   0% used [0x00000000d1110000, 0x00000000d1110000, 0x00000000d3330000)
[203.299s][info][gc,heap,exit   ]   to   space 34944K,   0% used [0x00000000d3330000, 0x00000000d3330000, 0x00000000d5550000)
[203.299s][info][gc,heap,exit   ]  tenured generation   total 699072K, used 5096K [0x00000000d5550000, 0x0000000100000000, 0x0000000100000000)
[203.299s][info][gc,heap,exit   ]    the space 699072K,   0% used [0x00000000d5550000, 0x00000000d5a4a158, 0x00000000d5a4a200, 0x0000000100000000)
[203.299s][info][gc,heap,exit   ]  Metaspace       used 15029K, committed 15360K, reserved 1114112K
[203.299s][info][gc,heap,exit   ]   class space    used 1976K, committed 2112K, reserved 1048576K
