[0.010s][info][gc] Using G1
[0.025s][info][gc,init] Version: 17.0.12+7-adhoc..jdk17u (release)
[0.025s][info][gc,init] CPUs: 6 total, 6 available
[0.025s][info][gc,init] Memory: 15591M
[0.025s][info][gc,init] Large Page Support: Disabled
[0.025s][info][gc,init] NUMA Support: Disabled
[0.025s][info][gc,init] Compressed Oops: Enabled (Zero based)
[0.025s][info][gc,init] Heap Region Size: 2M
[0.025s][info][gc,init] Heap Min Capacity: 4G
[0.025s][info][gc,init] Heap Initial Capacity: 4G
[0.025s][info][gc,init] Heap Max Capacity: 4G
[0.025s][info][gc,init] Pre-touch: Disabled
[0.025s][info][gc,init] Parallel Workers: 6
[0.025s][info][gc,init] Concurrent Workers: 2
[0.025s][info][gc,init] Concurrent Refinement Workers: 6
[0.025s][info][gc,init] Periodic GC: Disabled
[0.032s][info][gc,metaspace] CDS archive(s) mapped at: [0x00000273c5000000-0x00000273c5bc0000-0x00000273c5bc0000), size 12320768, SharedBaseAddress: 0x00000273c5000000, ArchiveRelocationMode: 1.
[0.032s][info][gc,metaspace] Compressed class space mapped at: 0x00000273c6000000-0x0000027406000000, reserved size: 1073741824
[0.032s][info][gc,metaspace] Narrow klass base: 0x00000273c5000000, Narrow klass shift: 0, Narrow klass range: 0x100000000
[0.861s][info][gc,start    ] GC(0) Pause Full (System.gc())
[0.862s][info][gc,task     ] GC(0) Using 6 workers of 6 for full compaction
[0.862s][info][gc,phases,start] GC(0) Phase 1: Mark live objects
[0.868s][info][gc,phases      ] GC(0) Phase 1: Mark live objects 6.198ms
[0.868s][info][gc,phases,start] GC(0) Phase 2: Prepare for compaction
[0.875s][info][gc,phases      ] GC(0) Phase 2: Prepare for compaction 6.819ms
[0.875s][info][gc,phases,start] GC(0) Phase 3: Adjust pointers
[0.880s][info][gc,phases      ] GC(0) Phase 3: Adjust pointers 4.614ms
[0.880s][info][gc,phases,start] GC(0) Phase 4: Compact heap
[0.886s][info][gc,phases      ] GC(0) Phase 4: Compact heap 5.930ms
[0.895s][info][gc,heap        ] GC(0) Eden regions: 32->0(102)
[0.895s][info][gc,heap        ] GC(0) Survivor regions: 0->0(0)
[0.895s][info][gc,heap        ] GC(0) Old regions: 0->15
[0.895s][info][gc,heap        ] GC(0) Archive regions: 0->0
[0.895s][info][gc,heap        ] GC(0) Humongous regions: 0->0
[0.895s][info][gc,metaspace   ] GC(0) Metaspace: 11663K(11904K)->11663K(11904K) NonClass: 10072K(10240K)->10072K(10240K) Class: 1590K(1664K)->1590K(1664K)
[0.895s][info][gc             ] GC(0) Pause Full (System.gc()) 63M->25M(4096M) 33.733ms
[0.895s][info][gc,cpu         ] GC(0) User=0.16s Sys=0.05s Real=0.04s
[1.208s][info][gc,start       ] GC(1) Pause Full (System.gc())
[1.208s][info][gc,task        ] GC(1) Using 6 workers of 6 for full compaction
[1.208s][info][gc,phases,start] GC(1) Phase 1: Mark live objects
[1.213s][info][gc,phases      ] GC(1) Phase 1: Mark live objects 4.825ms
[1.213s][info][gc,phases,start] GC(1) Phase 2: Prepare for compaction
[1.216s][info][gc,phases      ] GC(1) Phase 2: Prepare for compaction 2.508ms
[1.216s][info][gc,phases,start] GC(1) Phase 3: Adjust pointers
[1.219s][info][gc,phases      ] GC(1) Phase 3: Adjust pointers 3.439ms
[1.219s][info][gc,phases,start] GC(1) Phase 4: Compact heap
[1.221s][info][gc,phases      ] GC(1) Phase 4: Compact heap 1.696ms
[1.229s][info][gc,heap        ] GC(1) Eden regions: 39->0(102)
[1.229s][info][gc,heap        ] GC(1) Survivor regions: 0->0(0)
[1.229s][info][gc,heap        ] GC(1) Old regions: 15->15
[1.229s][info][gc,heap        ] GC(1) Archive regions: 0->0
[1.229s][info][gc,heap        ] GC(1) Humongous regions: 0->0
[1.229s][info][gc,metaspace   ] GC(1) Metaspace: 12143K(12416K)->12143K(12416K) NonClass: 10487K(10624K)->10487K(10624K) Class: 1656K(1792K)->1656K(1792K)
[1.229s][info][gc             ] GC(1) Pause Full (System.gc()) 102M->25M(4096M) 21.623ms
[1.229s][info][gc,cpu         ] GC(1) User=0.02s Sys=0.00s Real=0.03s
[1.450s][info][gc,start       ] GC(2) Pause Full (System.gc())
[1.450s][info][gc,task        ] GC(2) Using 6 workers of 6 for full compaction
[1.450s][info][gc,phases,start] GC(2) Phase 1: Mark live objects
[1.454s][info][gc,phases      ] GC(2) Phase 1: Mark live objects 4.357ms
[1.454s][info][gc,phases,start] GC(2) Phase 2: Prepare for compaction
[1.456s][info][gc,phases      ] GC(2) Phase 2: Prepare for compaction 2.092ms
[1.457s][info][gc,phases,start] GC(2) Phase 3: Adjust pointers
[1.459s][info][gc,phases      ] GC(2) Phase 3: Adjust pointers 1.995ms
[1.459s][info][gc,phases,start] GC(2) Phase 4: Compact heap
[1.459s][info][gc,phases      ] GC(2) Phase 4: Compact heap 0.594ms
[1.467s][info][gc,heap        ] GC(2) Eden regions: 60->0(102)
[1.467s][info][gc,heap        ] GC(2) Survivor regions: 0->0(0)
[1.467s][info][gc,heap        ] GC(2) Old regions: 15->15
[1.467s][info][gc,heap        ] GC(2) Archive regions: 0->0
[1.467s][info][gc,heap        ] GC(2) Humongous regions: 0->0
[1.467s][info][gc,metaspace   ] GC(2) Metaspace: 12147K(12416K)->12147K(12416K) NonClass: 10491K(10624K)->10491K(10624K) Class: 1656K(1792K)->1656K(1792K)
[1.467s][info][gc             ] GC(2) Pause Full (System.gc()) 145M->25M(4096M) 17.637ms
[1.467s][info][gc,cpu         ] GC(2) User=0.08s Sys=0.02s Real=0.03s
[1.678s][info][gc,start       ] GC(3) Pause Full (System.gc())
[1.678s][info][gc,task        ] GC(3) Using 6 workers of 6 for full compaction
[1.678s][info][gc,phases,start] GC(3) Phase 1: Mark live objects
[1.683s][info][gc,phases      ] GC(3) Phase 1: Mark live objects 4.959ms
[1.683s][info][gc,phases,start] GC(3) Phase 2: Prepare for compaction
[1.685s][info][gc,phases      ] GC(3) Phase 2: Prepare for compaction 1.978ms
[1.685s][info][gc,phases,start] GC(3) Phase 3: Adjust pointers
[1.687s][info][gc,phases      ] GC(3) Phase 3: Adjust pointers 1.927ms
[1.687s][info][gc,phases,start] GC(3) Phase 4: Compact heap
[1.688s][info][gc,phases      ] GC(3) Phase 4: Compact heap 0.637ms
[1.696s][info][gc,heap        ] GC(3) Eden regions: 57->0(102)
[1.696s][info][gc,heap        ] GC(3) Survivor regions: 0->0(0)
[1.696s][info][gc,heap        ] GC(3) Old regions: 15->15
[1.696s][info][gc,heap        ] GC(3) Archive regions: 0->0
[1.696s][info][gc,heap        ] GC(3) Humongous regions: 0->0
[1.696s][info][gc,metaspace   ] GC(3) Metaspace: 12151K(12416K)->12151K(12416K) NonClass: 10495K(10624K)->10495K(10624K) Class: 1656K(1792K)->1656K(1792K)
[1.697s][info][gc             ] GC(3) Pause Full (System.gc()) 138M->25M(4096M) 18.593ms
[1.697s][info][gc,cpu         ] GC(3) User=0.00s Sys=0.00s Real=0.02s
[1.900s][info][gc,start       ] GC(4) Pause Full (System.gc())
[1.900s][info][gc,task        ] GC(4) Using 6 workers of 6 for full compaction
[1.900s][info][gc,phases,start] GC(4) Phase 1: Mark live objects
[1.905s][info][gc,phases      ] GC(4) Phase 1: Mark live objects 5.030ms
[1.905s][info][gc,phases,start] GC(4) Phase 2: Prepare for compaction
[1.907s][info][gc,phases      ] GC(4) Phase 2: Prepare for compaction 1.885ms
[1.907s][info][gc,phases,start] GC(4) Phase 3: Adjust pointers
[1.909s][info][gc,phases      ] GC(4) Phase 3: Adjust pointers 1.903ms
[1.909s][info][gc,phases,start] GC(4) Phase 4: Compact heap
[1.910s][info][gc,phases      ] GC(4) Phase 4: Compact heap 0.464ms
[1.918s][info][gc,heap        ] GC(4) Eden regions: 50->0(102)
[1.918s][info][gc,heap        ] GC(4) Survivor regions: 0->0(0)
[1.918s][info][gc,heap        ] GC(4) Old regions: 15->15
[1.918s][info][gc,heap        ] GC(4) Archive regions: 0->0
[1.918s][info][gc,heap        ] GC(4) Humongous regions: 0->0
[1.918s][info][gc,metaspace   ] GC(4) Metaspace: 12173K(12416K)->12173K(12416K) NonClass: 10516K(10624K)->10516K(10624K) Class: 1656K(1792K)->1656K(1792K)
[1.918s][info][gc             ] GC(4) Pause Full (System.gc()) 125M->25M(4096M) 18.127ms
[1.918s][info][gc,cpu         ] GC(4) User=0.08s Sys=0.02s Real=0.02s
[2.119s][info][gc,start       ] GC(5) Pause Full (System.gc())
[2.119s][info][gc,task        ] GC(5) Using 6 workers of 6 for full compaction
[2.119s][info][gc,phases,start] GC(5) Phase 1: Mark live objects
[2.124s][info][gc,phases      ] GC(5) Phase 1: Mark live objects 5.021ms
[2.124s][info][gc,phases,start] GC(5) Phase 2: Prepare for compaction
[2.126s][info][gc,phases      ] GC(5) Phase 2: Prepare for compaction 2.041ms
[2.126s][info][gc,phases,start] GC(5) Phase 3: Adjust pointers
[2.128s][info][gc,phases      ] GC(5) Phase 3: Adjust pointers 1.878ms
[2.128s][info][gc,phases,start] GC(5) Phase 4: Compact heap
[2.128s][info][gc,phases      ] GC(5) Phase 4: Compact heap 0.422ms
[2.137s][info][gc,heap        ] GC(5) Eden regions: 50->0(102)
[2.137s][info][gc,heap        ] GC(5) Survivor regions: 0->0(0)
[2.137s][info][gc,heap        ] GC(5) Old regions: 15->15
[2.137s][info][gc,heap        ] GC(5) Archive regions: 0->0
[2.137s][info][gc,heap        ] GC(5) Humongous regions: 0->0
[2.137s][info][gc,metaspace   ] GC(5) Metaspace: 12180K(12416K)->12180K(12416K) NonClass: 10523K(10624K)->10523K(10624K) Class: 1656K(1792K)->1656K(1792K)
[2.137s][info][gc             ] GC(5) Pause Full (System.gc()) 124M->25M(4096M) 18.214ms
[2.137s][info][gc,cpu         ] GC(5) User=0.09s Sys=0.00s Real=0.03s
[2.340s][info][gc,start       ] GC(6) Pause Full (System.gc())
[2.340s][info][gc,task        ] GC(6) Using 6 workers of 6 for full compaction
[2.340s][info][gc,phases,start] GC(6) Phase 1: Mark live objects
[2.344s][info][gc,phases      ] GC(6) Phase 1: Mark live objects 4.227ms
[2.345s][info][gc,phases,start] GC(6) Phase 2: Prepare for compaction
[2.346s][info][gc,phases      ] GC(6) Phase 2: Prepare for compaction 1.884ms
[2.347s][info][gc,phases,start] GC(6) Phase 3: Adjust pointers
[2.349s][info][gc,phases      ] GC(6) Phase 3: Adjust pointers 2.347ms
[2.349s][info][gc,phases,start] GC(6) Phase 4: Compact heap
[2.350s][info][gc,phases      ] GC(6) Phase 4: Compact heap 0.525ms
[2.357s][info][gc,heap        ] GC(6) Eden regions: 50->0(102)
[2.357s][info][gc,heap        ] GC(6) Survivor regions: 0->0(0)
[2.357s][info][gc,heap        ] GC(6) Old regions: 15->15
[2.357s][info][gc,heap        ] GC(6) Archive regions: 0->0
[2.357s][info][gc,heap        ] GC(6) Humongous regions: 0->0
[2.357s][info][gc,metaspace   ] GC(6) Metaspace: 12188K(12416K)->12188K(12416K) NonClass: 10532K(10624K)->10532K(10624K) Class: 1656K(1792K)->1656K(1792K)
[2.357s][info][gc             ] GC(6) Pause Full (System.gc()) 124M->25M(4096M) 17.626ms
[2.358s][info][gc,cpu         ] GC(6) User=0.09s Sys=0.00s Real=0.02s
[2.560s][info][gc,start       ] GC(7) Pause Full (System.gc())
[2.560s][info][gc,task        ] GC(7) Using 6 workers of 6 for full compaction
[2.561s][info][gc,phases,start] GC(7) Phase 1: Mark live objects
[2.565s][info][gc,phases      ] GC(7) Phase 1: Mark live objects 4.535ms
[2.565s][info][gc,phases,start] GC(7) Phase 2: Prepare for compaction
[2.567s][info][gc,phases      ] GC(7) Phase 2: Prepare for compaction 2.140ms
[2.567s][info][gc,phases,start] GC(7) Phase 3: Adjust pointers
[2.569s][info][gc,phases      ] GC(7) Phase 3: Adjust pointers 1.883ms
[2.569s][info][gc,phases,start] GC(7) Phase 4: Compact heap
[2.570s][info][gc,phases      ] GC(7) Phase 4: Compact heap 0.468ms
[2.578s][info][gc,heap        ] GC(7) Eden regions: 50->0(102)
[2.578s][info][gc,heap        ] GC(7) Survivor regions: 0->0(0)
[2.578s][info][gc,heap        ] GC(7) Old regions: 15->15
[2.578s][info][gc,heap        ] GC(7) Archive regions: 0->0
[2.578s][info][gc,heap        ] GC(7) Humongous regions: 0->0
[2.578s][info][gc,metaspace   ] GC(7) Metaspace: 12189K(12416K)->12189K(12416K) NonClass: 10532K(10624K)->10532K(10624K) Class: 1656K(1792K)->1656K(1792K)
[2.578s][info][gc             ] GC(7) Pause Full (System.gc()) 125M->25M(4096M) 17.590ms
[2.578s][info][gc,cpu         ] GC(7) User=0.09s Sys=0.00s Real=0.02s
[2.779s][info][gc,start       ] GC(8) Pause Full (System.gc())
[2.779s][info][gc,task        ] GC(8) Using 6 workers of 6 for full compaction
[2.779s][info][gc,phases,start] GC(8) Phase 1: Mark live objects
[2.784s][info][gc,phases      ] GC(8) Phase 1: Mark live objects 4.378ms
[2.784s][info][gc,phases,start] GC(8) Phase 2: Prepare for compaction
[2.786s][info][gc,phases      ] GC(8) Phase 2: Prepare for compaction 2.096ms
[2.786s][info][gc,phases,start] GC(8) Phase 3: Adjust pointers
[2.788s][info][gc,phases      ] GC(8) Phase 3: Adjust pointers 1.876ms
[2.788s][info][gc,phases,start] GC(8) Phase 4: Compact heap
[2.788s][info][gc,phases      ] GC(8) Phase 4: Compact heap 0.422ms
[2.796s][info][gc,heap        ] GC(8) Eden regions: 50->0(102)
[2.796s][info][gc,heap        ] GC(8) Survivor regions: 0->0(0)
[2.796s][info][gc,heap        ] GC(8) Old regions: 15->15
[2.796s][info][gc,heap        ] GC(8) Archive regions: 0->0
[2.796s][info][gc,heap        ] GC(8) Humongous regions: 0->0
[2.796s][info][gc,metaspace   ] GC(8) Metaspace: 12194K(12416K)->12194K(12416K) NonClass: 10537K(10624K)->10537K(10624K) Class: 1656K(1792K)->1656K(1792K)
[2.796s][info][gc             ] GC(8) Pause Full (System.gc()) 124M->25M(4096M) 16.863ms
[2.796s][info][gc,cpu         ] GC(8) User=0.09s Sys=0.00s Real=0.02s
[2.997s][info][gc,start       ] GC(9) Pause Full (System.gc())
[2.997s][info][gc,task        ] GC(9) Using 6 workers of 6 for full compaction
[2.997s][info][gc,phases,start] GC(9) Phase 1: Mark live objects
[3.002s][info][gc,phases      ] GC(9) Phase 1: Mark live objects 4.207ms
[3.002s][info][gc,phases,start] GC(9) Phase 2: Prepare for compaction
[3.004s][info][gc,phases      ] GC(9) Phase 2: Prepare for compaction 2.028ms
[3.004s][info][gc,phases,start] GC(9) Phase 3: Adjust pointers
[3.006s][info][gc,phases      ] GC(9) Phase 3: Adjust pointers 1.889ms
[3.006s][info][gc,phases,start] GC(9) Phase 4: Compact heap
[3.006s][info][gc,phases      ] GC(9) Phase 4: Compact heap 0.405ms
[3.014s][info][gc,heap        ] GC(9) Eden regions: 50->0(102)
[3.014s][info][gc,heap        ] GC(9) Survivor regions: 0->0(0)
[3.014s][info][gc,heap        ] GC(9) Old regions: 15->15
[3.014s][info][gc,heap        ] GC(9) Archive regions: 0->0
[3.014s][info][gc,heap        ] GC(9) Humongous regions: 0->0
[3.014s][info][gc,metaspace   ] GC(9) Metaspace: 12206K(12480K)->12206K(12480K) NonClass: 10547K(10688K)->10547K(10688K) Class: 1658K(1792K)->1658K(1792K)
[3.014s][info][gc             ] GC(9) Pause Full (System.gc()) 124M->25M(4096M) 16.739ms
[3.014s][info][gc,cpu         ] GC(9) User=0.03s Sys=0.06s Real=0.02s
[3.214s][info][gc,start       ] GC(10) Pause Full (System.gc())
[3.214s][info][gc,task        ] GC(10) Using 6 workers of 6 for full compaction
[3.215s][info][gc,phases,start] GC(10) Phase 1: Mark live objects
[3.219s][info][gc,phases      ] GC(10) Phase 1: Mark live objects 4.240ms
[3.219s][info][gc,phases,start] GC(10) Phase 2: Prepare for compaction
[3.221s][info][gc,phases      ] GC(10) Phase 2: Prepare for compaction 1.949ms
[3.221s][info][gc,phases,start] GC(10) Phase 3: Adjust pointers
[3.223s][info][gc,phases      ] GC(10) Phase 3: Adjust pointers 1.947ms
[3.223s][info][gc,phases,start] GC(10) Phase 4: Compact heap
[3.224s][info][gc,phases      ] GC(10) Phase 4: Compact heap 0.454ms
[3.231s][info][gc,heap        ] GC(10) Eden regions: 50->0(102)
[3.232s][info][gc,heap        ] GC(10) Survivor regions: 0->0(0)
[3.232s][info][gc,heap        ] GC(10) Old regions: 15->15
[3.232s][info][gc,heap        ] GC(10) Archive regions: 0->0
[3.232s][info][gc,heap        ] GC(10) Humongous regions: 0->0
[3.232s][info][gc,metaspace   ] GC(10) Metaspace: 12209K(12480K)->12209K(12480K) NonClass: 10550K(10688K)->10550K(10688K) Class: 1658K(1792K)->1658K(1792K)
[3.232s][info][gc             ] GC(10) Pause Full (System.gc()) 124M->25M(4096M) 17.169ms
[3.232s][info][gc,cpu         ] GC(10) User=0.06s Sys=0.03s Real=0.02s
[3.434s][info][gc,start       ] GC(11) Pause Full (System.gc())
[3.435s][info][gc,task        ] GC(11) Using 6 workers of 6 for full compaction
[3.435s][info][gc,phases,start] GC(11) Phase 1: Mark live objects
[3.439s][info][gc,phases      ] GC(11) Phase 1: Mark live objects 4.245ms
[3.439s][info][gc,phases,start] GC(11) Phase 2: Prepare for compaction
[3.441s][info][gc,phases      ] GC(11) Phase 2: Prepare for compaction 1.946ms
[3.441s][info][gc,phases,start] GC(11) Phase 3: Adjust pointers
[3.443s][info][gc,phases      ] GC(11) Phase 3: Adjust pointers 1.902ms
[3.443s][info][gc,phases,start] GC(11) Phase 4: Compact heap
[3.444s][info][gc,phases      ] GC(11) Phase 4: Compact heap 0.397ms
[3.452s][info][gc,heap        ] GC(11) Eden regions: 50->0(102)
[3.452s][info][gc,heap        ] GC(11) Survivor regions: 0->0(0)
[3.452s][info][gc,heap        ] GC(11) Old regions: 15->15
[3.452s][info][gc,heap        ] GC(11) Archive regions: 0->0
[3.452s][info][gc,heap        ] GC(11) Humongous regions: 0->0
[3.452s][info][gc,metaspace   ] GC(11) Metaspace: 12213K(12480K)->12213K(12480K) NonClass: 10554K(10688K)->10554K(10688K) Class: 1658K(1792K)->1658K(1792K)
[3.452s][info][gc             ] GC(11) Pause Full (System.gc()) 125M->25M(4096M) 17.292ms
[3.452s][info][gc,cpu         ] GC(11) User=0.09s Sys=0.00s Real=0.03s
[3.653s][info][gc,start       ] GC(12) Pause Full (System.gc())
[3.653s][info][gc,task        ] GC(12) Using 6 workers of 6 for full compaction
[3.654s][info][gc,phases,start] GC(12) Phase 1: Mark live objects
[3.658s][info][gc,phases      ] GC(12) Phase 1: Mark live objects 4.215ms
[3.658s][info][gc,phases,start] GC(12) Phase 2: Prepare for compaction
[3.660s][info][gc,phases      ] GC(12) Phase 2: Prepare for compaction 1.878ms
[3.660s][info][gc,phases,start] GC(12) Phase 3: Adjust pointers
[3.662s][info][gc,phases      ] GC(12) Phase 3: Adjust pointers 2.072ms
[3.662s][info][gc,phases,start] GC(12) Phase 4: Compact heap
[3.662s][info][gc,phases      ] GC(12) Phase 4: Compact heap 0.441ms
[3.670s][info][gc,heap        ] GC(12) Eden regions: 50->0(102)
[3.670s][info][gc,heap        ] GC(12) Survivor regions: 0->0(0)
[3.670s][info][gc,heap        ] GC(12) Old regions: 15->15
[3.670s][info][gc,heap        ] GC(12) Archive regions: 0->0
[3.670s][info][gc,heap        ] GC(12) Humongous regions: 0->0
[3.670s][info][gc,metaspace   ] GC(12) Metaspace: 12215K(12480K)->12215K(12480K) NonClass: 10556K(10688K)->10556K(10688K) Class: 1658K(1792K)->1658K(1792K)
[3.670s][info][gc             ] GC(12) Pause Full (System.gc()) 124M->25M(4096M) 16.873ms
[3.670s][info][gc,cpu         ] GC(12) User=0.09s Sys=0.00s Real=0.02s
[3.873s][info][gc,start       ] GC(13) Pause Full (System.gc())
[3.873s][info][gc,task        ] GC(13) Using 6 workers of 6 for full compaction
[3.873s][info][gc,phases,start] GC(13) Phase 1: Mark live objects
[3.878s][info][gc,phases      ] GC(13) Phase 1: Mark live objects 4.236ms
[3.878s][info][gc,phases,start] GC(13) Phase 2: Prepare for compaction
[3.880s][info][gc,phases      ] GC(13) Phase 2: Prepare for compaction 2.143ms
[3.880s][info][gc,phases,start] GC(13) Phase 3: Adjust pointers
[3.882s][info][gc,phases      ] GC(13) Phase 3: Adjust pointers 2.108ms
[3.882s][info][gc,phases,start] GC(13) Phase 4: Compact heap
[3.883s][info][gc,phases      ] GC(13) Phase 4: Compact heap 0.642ms
[3.891s][info][gc,heap        ] GC(13) Eden regions: 50->0(102)
[3.891s][info][gc,heap        ] GC(13) Survivor regions: 0->0(0)
[3.891s][info][gc,heap        ] GC(13) Old regions: 15->15
[3.891s][info][gc,heap        ] GC(13) Archive regions: 0->0
[3.891s][info][gc,heap        ] GC(13) Humongous regions: 0->0
[3.891s][info][gc,metaspace   ] GC(13) Metaspace: 12221K(12480K)->12221K(12480K) NonClass: 10562K(10688K)->10562K(10688K) Class: 1658K(1792K)->1658K(1792K)
[3.891s][info][gc             ] GC(13) Pause Full (System.gc()) 124M->25M(4096M) 17.697ms
[3.891s][info][gc,cpu         ] GC(13) User=0.09s Sys=0.00s Real=0.02s
[4.091s][info][gc,start       ] GC(14) Pause Full (System.gc())
[4.091s][info][gc,task        ] GC(14) Using 6 workers of 6 for full compaction
[4.091s][info][gc,phases,start] GC(14) Phase 1: Mark live objects
[4.095s][info][gc,phases      ] GC(14) Phase 1: Mark live objects 4.614ms
[4.096s][info][gc,phases,start] GC(14) Phase 2: Prepare for compaction
[4.098s][info][gc,phases      ] GC(14) Phase 2: Prepare for compaction 2.227ms
[4.098s][info][gc,phases,start] GC(14) Phase 3: Adjust pointers
[4.100s][info][gc,phases      ] GC(14) Phase 3: Adjust pointers 2.039ms
[4.100s][info][gc,phases,start] GC(14) Phase 4: Compact heap
[4.100s][info][gc,phases      ] GC(14) Phase 4: Compact heap 0.460ms
[4.108s][info][gc,heap        ] GC(14) Eden regions: 50->0(102)
[4.108s][info][gc,heap        ] GC(14) Survivor regions: 0->0(0)
[4.108s][info][gc,heap        ] GC(14) Old regions: 15->15
[4.108s][info][gc,heap        ] GC(14) Archive regions: 0->0
[4.108s][info][gc,heap        ] GC(14) Humongous regions: 0->0
[4.108s][info][gc,metaspace   ] GC(14) Metaspace: 12236K(12544K)->12236K(12544K) NonClass: 10577K(10752K)->10577K(10752K) Class: 1658K(1792K)->1658K(1792K)
[4.108s][info][gc             ] GC(14) Pause Full (System.gc()) 124M->25M(4096M) 17.889ms
[4.108s][info][gc,cpu         ] GC(14) User=0.08s Sys=0.02s Real=0.03s
[4.309s][info][gc,start       ] GC(15) Pause Full (System.gc())
[4.310s][info][gc,task        ] GC(15) Using 6 workers of 6 for full compaction
[4.310s][info][gc,phases,start] GC(15) Phase 1: Mark live objects
[4.314s][info][gc,phases      ] GC(15) Phase 1: Mark live objects 4.555ms
[4.314s][info][gc,phases,start] GC(15) Phase 2: Prepare for compaction
[4.317s][info][gc,phases      ] GC(15) Phase 2: Prepare for compaction 2.075ms
[4.317s][info][gc,phases,start] GC(15) Phase 3: Adjust pointers
[4.319s][info][gc,phases      ] GC(15) Phase 3: Adjust pointers 2.176ms
[4.319s][info][gc,phases,start] GC(15) Phase 4: Compact heap
[4.319s][info][gc,phases      ] GC(15) Phase 4: Compact heap 0.477ms
[4.327s][info][gc,heap        ] GC(15) Eden regions: 50->0(102)
[4.327s][info][gc,heap        ] GC(15) Survivor regions: 0->0(0)
[4.327s][info][gc,heap        ] GC(15) Old regions: 15->15
[4.327s][info][gc,heap        ] GC(15) Archive regions: 0->0
[4.327s][info][gc,heap        ] GC(15) Humongous regions: 0->0
[4.327s][info][gc,metaspace   ] GC(15) Metaspace: 12242K(12544K)->12242K(12544K) NonClass: 10583K(10752K)->10583K(10752K) Class: 1658K(1792K)->1658K(1792K)
[4.327s][info][gc             ] GC(15) Pause Full (System.gc()) 124M->25M(4096M) 17.508ms
[4.327s][info][gc,cpu         ] GC(15) User=0.06s Sys=0.02s Real=0.02s
[4.529s][info][gc,start       ] GC(16) Pause Full (System.gc())
[4.529s][info][gc,task        ] GC(16) Using 6 workers of 6 for full compaction
[4.529s][info][gc,phases,start] GC(16) Phase 1: Mark live objects
[4.534s][info][gc,phases      ] GC(16) Phase 1: Mark live objects 4.415ms
[4.534s][info][gc,phases,start] GC(16) Phase 2: Prepare for compaction
[4.536s][info][gc,phases      ] GC(16) Phase 2: Prepare for compaction 1.941ms
[4.536s][info][gc,phases,start] GC(16) Phase 3: Adjust pointers
[4.538s][info][gc,phases      ] GC(16) Phase 3: Adjust pointers 1.938ms
[4.538s][info][gc,phases,start] GC(16) Phase 4: Compact heap
[4.538s][info][gc,phases      ] GC(16) Phase 4: Compact heap 0.399ms
[4.546s][info][gc,heap        ] GC(16) Eden regions: 50->0(102)
[4.546s][info][gc,heap        ] GC(16) Survivor regions: 0->0(0)
[4.546s][info][gc,heap        ] GC(16) Old regions: 15->15
[4.546s][info][gc,heap        ] GC(16) Archive regions: 0->0
[4.546s][info][gc,heap        ] GC(16) Humongous regions: 0->0
[4.546s][info][gc,metaspace   ] GC(16) Metaspace: 12243K(12544K)->12243K(12544K) NonClass: 10584K(10752K)->10584K(10752K) Class: 1658K(1792K)->1658K(1792K)
[4.546s][info][gc             ] GC(16) Pause Full (System.gc()) 124M->25M(4096M) 17.073ms
[4.546s][info][gc,cpu         ] GC(16) User=0.09s Sys=0.00s Real=0.02s
[4.748s][info][gc,start       ] GC(17) Pause Full (System.gc())
[4.748s][info][gc,task        ] GC(17) Using 6 workers of 6 for full compaction
[4.749s][info][gc,phases,start] GC(17) Phase 1: Mark live objects
[4.753s][info][gc,phases      ] GC(17) Phase 1: Mark live objects 4.508ms
[4.753s][info][gc,phases,start] GC(17) Phase 2: Prepare for compaction
[4.755s][info][gc,phases      ] GC(17) Phase 2: Prepare for compaction 2.028ms
[4.755s][info][gc,phases,start] GC(17) Phase 3: Adjust pointers
[4.757s][info][gc,phases      ] GC(17) Phase 3: Adjust pointers 1.864ms
[4.757s][info][gc,phases,start] GC(17) Phase 4: Compact heap
[4.758s][info][gc,phases      ] GC(17) Phase 4: Compact heap 0.428ms
[4.766s][info][gc,heap        ] GC(17) Eden regions: 50->0(102)
[4.766s][info][gc,heap        ] GC(17) Survivor regions: 0->0(0)
[4.766s][info][gc,heap        ] GC(17) Old regions: 15->15
[4.766s][info][gc,heap        ] GC(17) Archive regions: 0->0
[4.766s][info][gc,heap        ] GC(17) Humongous regions: 0->0
[4.766s][info][gc,metaspace   ] GC(17) Metaspace: 12245K(12544K)->12245K(12544K) NonClass: 10586K(10752K)->10586K(10752K) Class: 1658K(1792K)->1658K(1792K)
[4.766s][info][gc             ] GC(17) Pause Full (System.gc()) 124M->25M(4096M) 17.897ms
[4.766s][info][gc,cpu         ] GC(17) User=0.08s Sys=0.00s Real=0.02s
[4.966s][info][gc,start       ] GC(18) Pause Full (System.gc())
[4.966s][info][gc,task        ] GC(18) Using 6 workers of 6 for full compaction
[4.966s][info][gc,phases,start] GC(18) Phase 1: Mark live objects
[4.972s][info][gc,phases      ] GC(18) Phase 1: Mark live objects 5.468ms
[4.972s][info][gc,phases,start] GC(18) Phase 2: Prepare for compaction
[4.974s][info][gc,phases      ] GC(18) Phase 2: Prepare for compaction 1.854ms
[4.974s][info][gc,phases,start] GC(18) Phase 3: Adjust pointers
[4.976s][info][gc,phases      ] GC(18) Phase 3: Adjust pointers 1.894ms
[4.976s][info][gc,phases,start] GC(18) Phase 4: Compact heap
[4.976s][info][gc,phases      ] GC(18) Phase 4: Compact heap 0.412ms
[4.984s][info][gc,heap        ] GC(18) Eden regions: 50->0(102)
[4.984s][info][gc,heap        ] GC(18) Survivor regions: 0->0(0)
[4.984s][info][gc,heap        ] GC(18) Old regions: 15->15
[4.984s][info][gc,heap        ] GC(18) Archive regions: 0->0
[4.984s][info][gc,heap        ] GC(18) Humongous regions: 0->0
[4.984s][info][gc,metaspace   ] GC(18) Metaspace: 12248K(12544K)->12248K(12544K) NonClass: 10589K(10752K)->10589K(10752K) Class: 1658K(1792K)->1658K(1792K)
[4.984s][info][gc             ] GC(18) Pause Full (System.gc()) 124M->25M(4096M) 18.318ms
[4.985s][info][gc,cpu         ] GC(18) User=0.09s Sys=0.00s Real=0.03s
[5.186s][info][gc,start       ] GC(19) Pause Full (System.gc())
[5.186s][info][gc,task        ] GC(19) Using 6 workers of 6 for full compaction
[5.186s][info][gc,phases,start] GC(19) Phase 1: Mark live objects
[5.191s][info][gc,phases      ] GC(19) Phase 1: Mark live objects 4.860ms
[5.191s][info][gc,phases,start] GC(19) Phase 2: Prepare for compaction
[5.193s][info][gc,phases      ] GC(19) Phase 2: Prepare for compaction 2.064ms
[5.194s][info][gc,phases,start] GC(19) Phase 3: Adjust pointers
[5.196s][info][gc,phases      ] GC(19) Phase 3: Adjust pointers 2.341ms
[5.196s][info][gc,phases,start] GC(19) Phase 4: Compact heap
[5.196s][info][gc,phases      ] GC(19) Phase 4: Compact heap 0.530ms
[5.204s][info][gc,heap        ] GC(19) Eden regions: 50->0(102)
[5.204s][info][gc,heap        ] GC(19) Survivor regions: 0->0(0)
[5.204s][info][gc,heap        ] GC(19) Old regions: 15->15
[5.204s][info][gc,heap        ] GC(19) Archive regions: 0->0
[5.204s][info][gc,heap        ] GC(19) Humongous regions: 0->0
[5.204s][info][gc,metaspace   ] GC(19) Metaspace: 12250K(12544K)->12250K(12544K) NonClass: 10591K(10752K)->10591K(10752K) Class: 1658K(1792K)->1658K(1792K)
[5.204s][info][gc             ] GC(19) Pause Full (System.gc()) 124M->25M(4096M) 18.222ms
[5.204s][info][gc,cpu         ] GC(19) User=0.09s Sys=0.00s Real=0.03s
[5.406s][info][gc,start       ] GC(20) Pause Full (System.gc())
[5.406s][info][gc,task        ] GC(20) Using 6 workers of 6 for full compaction
[5.407s][info][gc,phases,start] GC(20) Phase 1: Mark live objects
[5.412s][info][gc,phases      ] GC(20) Phase 1: Mark live objects 4.939ms
[5.412s][info][gc,phases,start] GC(20) Phase 2: Prepare for compaction
[5.414s][info][gc,phases      ] GC(20) Phase 2: Prepare for compaction 2.260ms
[5.414s][info][gc,phases,start] GC(20) Phase 3: Adjust pointers
[5.416s][info][gc,phases      ] GC(20) Phase 3: Adjust pointers 1.931ms
[5.416s][info][gc,phases,start] GC(20) Phase 4: Compact heap
[5.417s][info][gc,phases      ] GC(20) Phase 4: Compact heap 0.750ms
[5.425s][info][gc,heap        ] GC(20) Eden regions: 50->0(102)
[5.425s][info][gc,heap        ] GC(20) Survivor regions: 0->0(0)
[5.425s][info][gc,heap        ] GC(20) Old regions: 15->15
[5.425s][info][gc,heap        ] GC(20) Archive regions: 0->0
[5.425s][info][gc,heap        ] GC(20) Humongous regions: 0->0
[5.425s][info][gc,metaspace   ] GC(20) Metaspace: 12251K(12544K)->12251K(12544K) NonClass: 10592K(10752K)->10592K(10752K) Class: 1658K(1792K)->1658K(1792K)
[5.425s][info][gc             ] GC(20) Pause Full (System.gc()) 124M->25M(4096M) 18.705ms
[5.425s][info][gc,cpu         ] GC(20) User=0.16s Sys=0.00s Real=0.02s
[5.626s][info][gc,start       ] GC(21) Pause Full (System.gc())
[5.626s][info][gc,task        ] GC(21) Using 6 workers of 6 for full compaction
[5.626s][info][gc,phases,start] GC(21) Phase 1: Mark live objects
[5.631s][info][gc,phases      ] GC(21) Phase 1: Mark live objects 4.659ms
[5.631s][info][gc,phases,start] GC(21) Phase 2: Prepare for compaction
[5.633s][info][gc,phases      ] GC(21) Phase 2: Prepare for compaction 1.828ms
[5.633s][info][gc,phases,start] GC(21) Phase 3: Adjust pointers
[5.635s][info][gc,phases      ] GC(21) Phase 3: Adjust pointers 1.940ms
[5.635s][info][gc,phases,start] GC(21) Phase 4: Compact heap
[5.636s][info][gc,phases      ] GC(21) Phase 4: Compact heap 0.423ms
[5.644s][info][gc,heap        ] GC(21) Eden regions: 50->0(102)
[5.644s][info][gc,heap        ] GC(21) Survivor regions: 0->0(0)
[5.644s][info][gc,heap        ] GC(21) Old regions: 15->16
[5.644s][info][gc,heap        ] GC(21) Archive regions: 0->0
[5.644s][info][gc,heap        ] GC(21) Humongous regions: 0->0
[5.644s][info][gc,metaspace   ] GC(21) Metaspace: 12254K(12544K)->12254K(12544K) NonClass: 10595K(10752K)->10595K(10752K) Class: 1658K(1792K)->1658K(1792K)
[5.644s][info][gc             ] GC(21) Pause Full (System.gc()) 124M->25M(4096M) 17.559ms
[5.644s][info][gc,cpu         ] GC(21) User=0.09s Sys=0.00s Real=0.02s
[5.845s][info][gc,start       ] GC(22) Pause Full (System.gc())
[5.845s][info][gc,task        ] GC(22) Using 6 workers of 6 for full compaction
[5.846s][info][gc,phases,start] GC(22) Phase 1: Mark live objects
[5.850s][info][gc,phases      ] GC(22) Phase 1: Mark live objects 4.465ms
[5.850s][info][gc,phases,start] GC(22) Phase 2: Prepare for compaction
[5.852s][info][gc,phases      ] GC(22) Phase 2: Prepare for compaction 1.868ms
[5.852s][info][gc,phases,start] GC(22) Phase 3: Adjust pointers
[5.854s][info][gc,phases      ] GC(22) Phase 3: Adjust pointers 1.917ms
[5.854s][info][gc,phases,start] GC(22) Phase 4: Compact heap
[5.855s][info][gc,phases      ] GC(22) Phase 4: Compact heap 0.404ms
[5.862s][info][gc,heap        ] GC(22) Eden regions: 50->0(102)
[5.862s][info][gc,heap        ] GC(22) Survivor regions: 0->0(0)
[5.862s][info][gc,heap        ] GC(22) Old regions: 16->15
[5.862s][info][gc,heap        ] GC(22) Archive regions: 0->0
[5.862s][info][gc,heap        ] GC(22) Humongous regions: 0->0
[5.862s][info][gc,metaspace   ] GC(22) Metaspace: 12263K(12544K)->12263K(12544K) NonClass: 10604K(10752K)->10604K(10752K) Class: 1658K(1792K)->1658K(1792K)
[5.862s][info][gc             ] GC(22) Pause Full (System.gc()) 124M->25M(4096M) 17.055ms
[5.862s][info][gc,cpu         ] GC(22) User=0.02s Sys=0.08s Real=0.03s
[6.065s][info][gc,start       ] GC(23) Pause Full (System.gc())
[6.065s][info][gc,task        ] GC(23) Using 6 workers of 6 for full compaction
[6.065s][info][gc,phases,start] GC(23) Phase 1: Mark live objects
[6.070s][info][gc,phases      ] GC(23) Phase 1: Mark live objects 4.875ms
[6.070s][info][gc,phases,start] GC(23) Phase 2: Prepare for compaction
[6.072s][info][gc,phases      ] GC(23) Phase 2: Prepare for compaction 1.862ms
[6.072s][info][gc,phases,start] GC(23) Phase 3: Adjust pointers
[6.074s][info][gc,phases      ] GC(23) Phase 3: Adjust pointers 1.873ms
[6.074s][info][gc,phases,start] GC(23) Phase 4: Compact heap
[6.075s][info][gc,phases      ] GC(23) Phase 4: Compact heap 0.384ms
[6.083s][info][gc,heap        ] GC(23) Eden regions: 50->0(102)
[6.083s][info][gc,heap        ] GC(23) Survivor regions: 0->0(0)
[6.083s][info][gc,heap        ] GC(23) Old regions: 15->15
[6.083s][info][gc,heap        ] GC(23) Archive regions: 0->0
[6.083s][info][gc,heap        ] GC(23) Humongous regions: 0->0
[6.083s][info][gc,metaspace   ] GC(23) Metaspace: 12268K(12544K)->12268K(12544K) NonClass: 10609K(10752K)->10609K(10752K) Class: 1658K(1792K)->1658K(1792K)
[6.083s][info][gc             ] GC(23) Pause Full (System.gc()) 124M->25M(4096M) 17.964ms
[6.083s][info][gc,cpu         ] GC(23) User=0.05s Sys=0.00s Real=0.03s
[6.286s][info][gc,start       ] GC(24) Pause Full (System.gc())
[6.286s][info][gc,task        ] GC(24) Using 6 workers of 6 for full compaction
[6.286s][info][gc,phases,start] GC(24) Phase 1: Mark live objects
[6.291s][info][gc,phases      ] GC(24) Phase 1: Mark live objects 4.861ms
[6.291s][info][gc,phases,start] GC(24) Phase 2: Prepare for compaction
[6.293s][info][gc,phases      ] GC(24) Phase 2: Prepare for compaction 1.835ms
[6.293s][info][gc,phases,start] GC(24) Phase 3: Adjust pointers
[6.295s][info][gc,phases      ] GC(24) Phase 3: Adjust pointers 2.223ms
[6.296s][info][gc,phases,start] GC(24) Phase 4: Compact heap
[6.297s][info][gc,phases      ] GC(24) Phase 4: Compact heap 0.630ms
[6.304s][info][gc,heap        ] GC(24) Eden regions: 50->0(102)
[6.304s][info][gc,heap        ] GC(24) Survivor regions: 0->0(0)
[6.304s][info][gc,heap        ] GC(24) Old regions: 15->16
[6.304s][info][gc,heap        ] GC(24) Archive regions: 0->0
[6.304s][info][gc,heap        ] GC(24) Humongous regions: 0->0
[6.304s][info][gc,metaspace   ] GC(24) Metaspace: 12269K(12544K)->12269K(12544K) NonClass: 10610K(10752K)->10610K(10752K) Class: 1658K(1792K)->1658K(1792K)
[6.305s][info][gc             ] GC(24) Pause Full (System.gc()) 124M->25M(4096M) 18.534ms
[6.305s][info][gc,cpu         ] GC(24) User=0.08s Sys=0.00s Real=0.02s
[6.504s][info][gc,start       ] GC(25) Pause Full (System.gc())
[6.504s][info][gc,task        ] GC(25) Using 6 workers of 6 for full compaction
[6.505s][info][gc,phases,start] GC(25) Phase 1: Mark live objects
[6.509s][info][gc,phases      ] GC(25) Phase 1: Mark live objects 4.913ms
[6.510s][info][gc,phases,start] GC(25) Phase 2: Prepare for compaction
[6.512s][info][gc,phases      ] GC(25) Phase 2: Prepare for compaction 1.989ms
[6.512s][info][gc,phases,start] GC(25) Phase 3: Adjust pointers
[6.514s][info][gc,phases      ] GC(25) Phase 3: Adjust pointers 2.247ms
[6.514s][info][gc,phases,start] GC(25) Phase 4: Compact heap
[6.514s][info][gc,phases      ] GC(25) Phase 4: Compact heap 0.413ms
[6.522s][info][gc,heap        ] GC(25) Eden regions: 50->0(102)
[6.523s][info][gc,heap        ] GC(25) Survivor regions: 0->0(0)
[6.523s][info][gc,heap        ] GC(25) Old regions: 16->15
[6.523s][info][gc,heap        ] GC(25) Archive regions: 0->0
[6.523s][info][gc,heap        ] GC(25) Humongous regions: 0->0
[6.523s][info][gc,metaspace   ] GC(25) Metaspace: 12270K(12544K)->12270K(12544K) NonClass: 10611K(10752K)->10611K(10752K) Class: 1658K(1792K)->1658K(1792K)
[6.523s][info][gc             ] GC(25) Pause Full (System.gc()) 124M->25M(4096M) 18.412ms
[6.523s][info][gc,cpu         ] GC(25) User=0.08s Sys=0.00s Real=0.02s
[6.725s][info][gc,start       ] GC(26) Pause Full (System.gc())
[6.725s][info][gc,task        ] GC(26) Using 6 workers of 6 for full compaction
[6.725s][info][gc,phases,start] GC(26) Phase 1: Mark live objects
[6.730s][info][gc,phases      ] GC(26) Phase 1: Mark live objects 5.274ms
[6.731s][info][gc,phases,start] GC(26) Phase 2: Prepare for compaction
[6.732s][info][gc,phases      ] GC(26) Phase 2: Prepare for compaction 1.882ms
[6.733s][info][gc,phases,start] GC(26) Phase 3: Adjust pointers
[6.735s][info][gc,phases      ] GC(26) Phase 3: Adjust pointers 2.150ms
[6.735s][info][gc,phases,start] GC(26) Phase 4: Compact heap
[6.735s][info][gc,phases      ] GC(26) Phase 4: Compact heap 0.420ms
[6.743s][info][gc,heap        ] GC(26) Eden regions: 50->0(102)
[6.743s][info][gc,heap        ] GC(26) Survivor regions: 0->0(0)
[6.743s][info][gc,heap        ] GC(26) Old regions: 15->15
[6.743s][info][gc,heap        ] GC(26) Archive regions: 0->0
[6.743s][info][gc,heap        ] GC(26) Humongous regions: 0->0
[6.743s][info][gc,metaspace   ] GC(26) Metaspace: 12272K(12544K)->12272K(12544K) NonClass: 10613K(10752K)->10613K(10752K) Class: 1658K(1792K)->1658K(1792K)
[6.743s][info][gc             ] GC(26) Pause Full (System.gc()) 124M->25M(4096M) 17.996ms
[6.743s][info][gc,cpu         ] GC(26) User=0.09s Sys=0.00s Real=0.02s
[6.945s][info][gc,start       ] GC(27) Pause Full (System.gc())
[6.945s][info][gc,task        ] GC(27) Using 6 workers of 6 for full compaction
[6.945s][info][gc,phases,start] GC(27) Phase 1: Mark live objects
[6.950s][info][gc,phases      ] GC(27) Phase 1: Mark live objects 4.915ms
[6.950s][info][gc,phases,start] GC(27) Phase 2: Prepare for compaction
[6.952s][info][gc,phases      ] GC(27) Phase 2: Prepare for compaction 1.765ms
[6.952s][info][gc,phases,start] GC(27) Phase 3: Adjust pointers
[6.954s][info][gc,phases      ] GC(27) Phase 3: Adjust pointers 1.964ms
[6.954s][info][gc,phases,start] GC(27) Phase 4: Compact heap
[6.955s][info][gc,phases      ] GC(27) Phase 4: Compact heap 0.372ms
[6.962s][info][gc,heap        ] GC(27) Eden regions: 50->0(102)
[6.962s][info][gc,heap        ] GC(27) Survivor regions: 0->0(0)
[6.962s][info][gc,heap        ] GC(27) Old regions: 15->16
[6.962s][info][gc,heap        ] GC(27) Archive regions: 0->0
[6.962s][info][gc,heap        ] GC(27) Humongous regions: 0->0
[6.962s][info][gc,metaspace   ] GC(27) Metaspace: 12272K(12544K)->12272K(12544K) NonClass: 10613K(10752K)->10613K(10752K) Class: 1658K(1792K)->1658K(1792K)
[6.962s][info][gc             ] GC(27) Pause Full (System.gc()) 124M->25M(4096M) 17.392ms
[6.962s][info][gc,cpu         ] GC(27) User=0.09s Sys=0.00s Real=0.03s
[7.162s][info][gc,start       ] GC(28) Pause Full (System.gc())
[7.162s][info][gc,task        ] GC(28) Using 6 workers of 6 for full compaction
[7.163s][info][gc,phases,start] GC(28) Phase 1: Mark live objects
[7.168s][info][gc,phases      ] GC(28) Phase 1: Mark live objects 5.214ms
[7.168s][info][gc,phases,start] GC(28) Phase 2: Prepare for compaction
[7.170s][info][gc,phases      ] GC(28) Phase 2: Prepare for compaction 1.901ms
[7.170s][info][gc,phases,start] GC(28) Phase 3: Adjust pointers
[7.172s][info][gc,phases      ] GC(28) Phase 3: Adjust pointers 1.857ms
[7.172s][info][gc,phases,start] GC(28) Phase 4: Compact heap
[7.172s][info][gc,phases      ] GC(28) Phase 4: Compact heap 0.366ms
[7.180s][info][gc,heap        ] GC(28) Eden regions: 50->0(102)
[7.180s][info][gc,heap        ] GC(28) Survivor regions: 0->0(0)
[7.180s][info][gc,heap        ] GC(28) Old regions: 16->16
[7.180s][info][gc,heap        ] GC(28) Archive regions: 0->0
[7.180s][info][gc,heap        ] GC(28) Humongous regions: 0->0
[7.180s][info][gc,metaspace   ] GC(28) Metaspace: 12272K(12544K)->12272K(12544K) NonClass: 10613K(10752K)->10613K(10752K) Class: 1658K(1792K)->1658K(1792K)
[7.180s][info][gc             ] GC(28) Pause Full (System.gc()) 124M->25M(4096M) 18.189ms
[7.180s][info][gc,cpu         ] GC(28) User=0.09s Sys=0.00s Real=0.02s
[7.381s][info][gc,start       ] GC(29) Pause Full (System.gc())
[7.381s][info][gc,task        ] GC(29) Using 6 workers of 6 for full compaction
[7.382s][info][gc,phases,start] GC(29) Phase 1: Mark live objects
[7.387s][info][gc,phases      ] GC(29) Phase 1: Mark live objects 5.174ms
[7.387s][info][gc,phases,start] GC(29) Phase 2: Prepare for compaction
[7.389s][info][gc,phases      ] GC(29) Phase 2: Prepare for compaction 1.786ms
[7.389s][info][gc,phases,start] GC(29) Phase 3: Adjust pointers
[7.391s][info][gc,phases      ] GC(29) Phase 3: Adjust pointers 1.944ms
[7.391s][info][gc,phases,start] GC(29) Phase 4: Compact heap
[7.391s][info][gc,phases      ] GC(29) Phase 4: Compact heap 0.403ms
[7.400s][info][gc,heap        ] GC(29) Eden regions: 50->0(102)
[7.400s][info][gc,heap        ] GC(29) Survivor regions: 0->0(0)
[7.400s][info][gc,heap        ] GC(29) Old regions: 16->15
[7.400s][info][gc,heap        ] GC(29) Archive regions: 0->0
[7.400s][info][gc,heap        ] GC(29) Humongous regions: 0->0
[7.400s][info][gc,metaspace   ] GC(29) Metaspace: 12279K(12544K)->12279K(12544K) NonClass: 10620K(10752K)->10620K(10752K) Class: 1658K(1792K)->1658K(1792K)
[7.400s][info][gc             ] GC(29) Pause Full (System.gc()) 124M->25M(4096M) 18.250ms
[7.400s][info][gc,cpu         ] GC(29) User=0.05s Sys=0.02s Real=0.02s
[7.601s][info][gc,start       ] GC(30) Pause Full (System.gc())
[7.601s][info][gc,task        ] GC(30) Using 6 workers of 6 for full compaction
[7.602s][info][gc,phases,start] GC(30) Phase 1: Mark live objects
[7.607s][info][gc,phases      ] GC(30) Phase 1: Mark live objects 4.852ms
[7.607s][info][gc,phases,start] GC(30) Phase 2: Prepare for compaction
[7.609s][info][gc,phases      ] GC(30) Phase 2: Prepare for compaction 1.786ms
[7.609s][info][gc,phases,start] GC(30) Phase 3: Adjust pointers
[7.611s][info][gc,phases      ] GC(30) Phase 3: Adjust pointers 2.159ms
[7.611s][info][gc,phases,start] GC(30) Phase 4: Compact heap
[7.611s][info][gc,phases      ] GC(30) Phase 4: Compact heap 0.599ms
[7.620s][info][gc,heap        ] GC(30) Eden regions: 50->0(102)
[7.620s][info][gc,heap        ] GC(30) Survivor regions: 0->0(0)
[7.620s][info][gc,heap        ] GC(30) Old regions: 15->16
[7.620s][info][gc,heap        ] GC(30) Archive regions: 0->0
[7.620s][info][gc,heap        ] GC(30) Humongous regions: 0->0
[7.620s][info][gc,metaspace   ] GC(30) Metaspace: 12299K(12608K)->12299K(12608K) NonClass: 10640K(10816K)->10640K(10816K) Class: 1658K(1792K)->1658K(1792K)
[7.620s][info][gc             ] GC(30) Pause Full (System.gc()) 124M->25M(4096M) 18.526ms
[7.620s][info][gc,cpu         ] GC(30) User=0.08s Sys=0.00s Real=0.03s
[7.822s][info][gc,start       ] GC(31) Pause Full (System.gc())
[7.822s][info][gc,task        ] GC(31) Using 6 workers of 6 for full compaction
[7.823s][info][gc,phases,start] GC(31) Phase 1: Mark live objects
[7.828s][info][gc,phases      ] GC(31) Phase 1: Mark live objects 5.382ms
[7.828s][info][gc,phases,start] GC(31) Phase 2: Prepare for compaction
[7.830s][info][gc,phases      ] GC(31) Phase 2: Prepare for compaction 1.996ms
[7.830s][info][gc,phases,start] GC(31) Phase 3: Adjust pointers
[7.832s][info][gc,phases      ] GC(31) Phase 3: Adjust pointers 2.133ms
[7.832s][info][gc,phases,start] GC(31) Phase 4: Compact heap
[7.833s][info][gc,phases      ] GC(31) Phase 4: Compact heap 0.412ms
[7.840s][info][gc,heap        ] GC(31) Eden regions: 50->0(102)
[7.840s][info][gc,heap        ] GC(31) Survivor regions: 0->0(0)
[7.840s][info][gc,heap        ] GC(31) Old regions: 16->15
[7.840s][info][gc,heap        ] GC(31) Archive regions: 0->0
[7.840s][info][gc,heap        ] GC(31) Humongous regions: 0->0
[7.840s][info][gc,metaspace   ] GC(31) Metaspace: 12299K(12608K)->12299K(12608K) NonClass: 10640K(10816K)->10640K(10816K) Class: 1658K(1792K)->1658K(1792K)
[7.840s][info][gc             ] GC(31) Pause Full (System.gc()) 124M->25M(4096M) 18.054ms
[7.840s][info][gc,cpu         ] GC(31) User=0.09s Sys=0.00s Real=0.03s
[8.043s][info][gc,start       ] GC(32) Pause Full (System.gc())
[8.043s][info][gc,task        ] GC(32) Using 6 workers of 6 for full compaction
[8.043s][info][gc,phases,start] GC(32) Phase 1: Mark live objects
[8.048s][info][gc,phases      ] GC(32) Phase 1: Mark live objects 5.326ms
[8.048s][info][gc,phases,start] GC(32) Phase 2: Prepare for compaction
[8.050s][info][gc,phases      ] GC(32) Phase 2: Prepare for compaction 1.887ms
[8.051s][info][gc,phases,start] GC(32) Phase 3: Adjust pointers
[8.052s][info][gc,phases      ] GC(32) Phase 3: Adjust pointers 1.827ms
[8.052s][info][gc,phases,start] GC(32) Phase 4: Compact heap
[8.053s][info][gc,phases      ] GC(32) Phase 4: Compact heap 0.412ms
[8.061s][info][gc,heap        ] GC(32) Eden regions: 50->0(102)
[8.061s][info][gc,heap        ] GC(32) Survivor regions: 0->0(0)
[8.061s][info][gc,heap        ] GC(32) Old regions: 15->16
[8.061s][info][gc,heap        ] GC(32) Archive regions: 0->0
[8.061s][info][gc,heap        ] GC(32) Humongous regions: 0->0
[8.061s][info][gc,metaspace   ] GC(32) Metaspace: 12308K(12608K)->12308K(12608K) NonClass: 10649K(10816K)->10649K(10816K) Class: 1658K(1792K)->1658K(1792K)
[8.061s][info][gc             ] GC(32) Pause Full (System.gc()) 124M->25M(4096M) 18.218ms
[8.061s][info][gc,cpu         ] GC(32) User=0.09s Sys=0.00s Real=0.03s
[8.262s][info][gc,start       ] GC(33) Pause Full (System.gc())
[8.262s][info][gc,task        ] GC(33) Using 6 workers of 6 for full compaction
[8.262s][info][gc,phases,start] GC(33) Phase 1: Mark live objects
[8.268s][info][gc,phases      ] GC(33) Phase 1: Mark live objects 5.409ms
[8.268s][info][gc,phases,start] GC(33) Phase 2: Prepare for compaction
[8.270s][info][gc,phases      ] GC(33) Phase 2: Prepare for compaction 1.849ms
[8.270s][info][gc,phases,start] GC(33) Phase 3: Adjust pointers
[8.272s][info][gc,phases      ] GC(33) Phase 3: Adjust pointers 1.945ms
[8.272s][info][gc,phases,start] GC(33) Phase 4: Compact heap
[8.272s][info][gc,phases      ] GC(33) Phase 4: Compact heap 0.516ms
[8.281s][info][gc,heap        ] GC(33) Eden regions: 50->0(102)
[8.281s][info][gc,heap        ] GC(33) Survivor regions: 0->0(0)
[8.281s][info][gc,heap        ] GC(33) Old regions: 16->15
[8.281s][info][gc,heap        ] GC(33) Archive regions: 0->0
[8.281s][info][gc,heap        ] GC(33) Humongous regions: 0->0
[8.281s][info][gc,metaspace   ] GC(33) Metaspace: 12308K(12608K)->12308K(12608K) NonClass: 10649K(10816K)->10649K(10816K) Class: 1658K(1792K)->1658K(1792K)
[8.281s][info][gc             ] GC(33) Pause Full (System.gc()) 124M->25M(4096M) 19.369ms
[8.281s][info][gc,cpu         ] GC(33) User=0.09s Sys=0.00s Real=0.02s
[8.482s][info][gc,start       ] GC(34) Pause Full (System.gc())
[8.482s][info][gc,task        ] GC(34) Using 6 workers of 6 for full compaction
[8.482s][info][gc,phases,start] GC(34) Phase 1: Mark live objects
[8.487s][info][gc,phases      ] GC(34) Phase 1: Mark live objects 5.442ms
[8.487s][info][gc,phases,start] GC(34) Phase 2: Prepare for compaction
[8.489s][info][gc,phases      ] GC(34) Phase 2: Prepare for compaction 1.783ms
[8.489s][info][gc,phases,start] GC(34) Phase 3: Adjust pointers
[8.491s][info][gc,phases      ] GC(34) Phase 3: Adjust pointers 1.874ms
[8.491s][info][gc,phases,start] GC(34) Phase 4: Compact heap
[8.492s][info][gc,phases      ] GC(34) Phase 4: Compact heap 0.399ms
[8.500s][info][gc,heap        ] GC(34) Eden regions: 50->0(102)
[8.500s][info][gc,heap        ] GC(34) Survivor regions: 0->0(0)
[8.500s][info][gc,heap        ] GC(34) Old regions: 15->15
[8.500s][info][gc,heap        ] GC(34) Archive regions: 0->0
[8.500s][info][gc,heap        ] GC(34) Humongous regions: 0->0
[8.500s][info][gc,metaspace   ] GC(34) Metaspace: 12308K(12608K)->12308K(12608K) NonClass: 10649K(10816K)->10649K(10816K) Class: 1658K(1792K)->1658K(1792K)
[8.500s][info][gc             ] GC(34) Pause Full (System.gc()) 124M->25M(4096M) 18.325ms
[8.500s][info][gc,cpu         ] GC(34) User=0.09s Sys=0.00s Real=0.02s
[8.701s][info][gc,start       ] GC(35) Pause Full (System.gc())
[8.701s][info][gc,task        ] GC(35) Using 6 workers of 6 for full compaction
[8.701s][info][gc,phases,start] GC(35) Phase 1: Mark live objects
[8.707s][info][gc,phases      ] GC(35) Phase 1: Mark live objects 5.139ms
[8.707s][info][gc,phases,start] GC(35) Phase 2: Prepare for compaction
[8.708s][info][gc,phases      ] GC(35) Phase 2: Prepare for compaction 1.836ms
[8.709s][info][gc,phases,start] GC(35) Phase 3: Adjust pointers
[8.711s][info][gc,phases      ] GC(35) Phase 3: Adjust pointers 2.209ms
[8.711s][info][gc,phases,start] GC(35) Phase 4: Compact heap
[8.711s][info][gc,phases      ] GC(35) Phase 4: Compact heap 0.651ms
[8.720s][info][gc,heap        ] GC(35) Eden regions: 50->0(102)
[8.720s][info][gc,heap        ] GC(35) Survivor regions: 0->0(0)
[8.720s][info][gc,heap        ] GC(35) Old regions: 15->15
[8.720s][info][gc,heap        ] GC(35) Archive regions: 0->0
[8.720s][info][gc,heap        ] GC(35) Humongous regions: 0->0
[8.720s][info][gc,metaspace   ] GC(35) Metaspace: 12310K(12608K)->12310K(12608K) NonClass: 10652K(10816K)->10652K(10816K) Class: 1658K(1792K)->1658K(1792K)
[8.720s][info][gc             ] GC(35) Pause Full (System.gc()) 124M->25M(4096M) 18.567ms
[8.720s][info][gc,cpu         ] GC(35) User=0.11s Sys=0.00s Real=0.03s
[8.920s][info][gc,start       ] GC(36) Pause Full (System.gc())
[8.920s][info][gc,task        ] GC(36) Using 6 workers of 6 for full compaction
[8.921s][info][gc,phases,start] GC(36) Phase 1: Mark live objects
[8.926s][info][gc,phases      ] GC(36) Phase 1: Mark live objects 5.379ms
[8.926s][info][gc,phases,start] GC(36) Phase 2: Prepare for compaction
[8.928s][info][gc,phases      ] GC(36) Phase 2: Prepare for compaction 2.058ms
[8.928s][info][gc,phases,start] GC(36) Phase 3: Adjust pointers
[8.930s][info][gc,phases      ] GC(36) Phase 3: Adjust pointers 1.999ms
[8.930s][info][gc,phases,start] GC(36) Phase 4: Compact heap
[8.931s][info][gc,phases      ] GC(36) Phase 4: Compact heap 0.403ms
[8.939s][info][gc,heap        ] GC(36) Eden regions: 50->0(102)
[8.939s][info][gc,heap        ] GC(36) Survivor regions: 0->0(0)
[8.939s][info][gc,heap        ] GC(36) Old regions: 15->15
[8.939s][info][gc,heap        ] GC(36) Archive regions: 0->0
[8.939s][info][gc,heap        ] GC(36) Humongous regions: 0->0
[8.939s][info][gc,metaspace   ] GC(36) Metaspace: 12311K(12608K)->12311K(12608K) NonClass: 10652K(10816K)->10652K(10816K) Class: 1658K(1792K)->1658K(1792K)
[8.939s][info][gc             ] GC(36) Pause Full (System.gc()) 124M->25M(4096M) 18.354ms
[8.939s][info][gc,cpu         ] GC(36) User=0.08s Sys=0.02s Real=0.02s
[9.140s][info][gc,start       ] GC(37) Pause Full (System.gc())
[9.140s][info][gc,task        ] GC(37) Using 6 workers of 6 for full compaction
[9.140s][info][gc,phases,start] GC(37) Phase 1: Mark live objects
[9.146s][info][gc,phases      ] GC(37) Phase 1: Mark live objects 5.403ms
[9.146s][info][gc,phases,start] GC(37) Phase 2: Prepare for compaction
[9.147s][info][gc,phases      ] GC(37) Phase 2: Prepare for compaction 1.843ms
[9.148s][info][gc,phases,start] GC(37) Phase 3: Adjust pointers
[9.150s][info][gc,phases      ] GC(37) Phase 3: Adjust pointers 2.023ms
[9.150s][info][gc,phases,start] GC(37) Phase 4: Compact heap
[9.150s][info][gc,phases      ] GC(37) Phase 4: Compact heap 0.382ms
[9.158s][info][gc,heap        ] GC(37) Eden regions: 50->0(102)
[9.158s][info][gc,heap        ] GC(37) Survivor regions: 0->0(0)
[9.158s][info][gc,heap        ] GC(37) Old regions: 15->16
[9.158s][info][gc,heap        ] GC(37) Archive regions: 0->0
[9.158s][info][gc,heap        ] GC(37) Humongous regions: 0->0
[9.158s][info][gc,metaspace   ] GC(37) Metaspace: 12312K(12608K)->12312K(12608K) NonClass: 10653K(10816K)->10653K(10816K) Class: 1658K(1792K)->1658K(1792K)
[9.158s][info][gc             ] GC(37) Pause Full (System.gc()) 124M->25M(4096M) 17.956ms
[9.158s][info][gc,cpu         ] GC(37) User=0.09s Sys=0.00s Real=0.02s
[9.359s][info][gc,start       ] GC(38) Pause Full (System.gc())
[9.359s][info][gc,task        ] GC(38) Using 6 workers of 6 for full compaction
[9.360s][info][gc,phases,start] GC(38) Phase 1: Mark live objects
[9.364s][info][gc,phases      ] GC(38) Phase 1: Mark live objects 4.850ms
[9.365s][info][gc,phases,start] GC(38) Phase 2: Prepare for compaction
[9.366s][info][gc,phases      ] GC(38) Phase 2: Prepare for compaction 1.788ms
[9.366s][info][gc,phases,start] GC(38) Phase 3: Adjust pointers
[9.368s][info][gc,phases      ] GC(38) Phase 3: Adjust pointers 1.924ms
[9.368s][info][gc,phases,start] GC(38) Phase 4: Compact heap
[9.369s][info][gc,phases      ] GC(38) Phase 4: Compact heap 0.396ms
[9.377s][info][gc,heap        ] GC(38) Eden regions: 50->0(102)
[9.377s][info][gc,heap        ] GC(38) Survivor regions: 0->0(0)
[9.377s][info][gc,heap        ] GC(38) Old regions: 16->16
[9.377s][info][gc,heap        ] GC(38) Archive regions: 0->0
[9.377s][info][gc,heap        ] GC(38) Humongous regions: 0->0
[9.377s][info][gc,metaspace   ] GC(38) Metaspace: 12320K(12608K)->12320K(12608K) NonClass: 10661K(10816K)->10661K(10816K) Class: 1658K(1792K)->1658K(1792K)
[9.377s][info][gc             ] GC(38) Pause Full (System.gc()) 124M->25M(4096M) 17.666ms
[9.377s][info][gc,cpu         ] GC(38) User=0.11s Sys=0.00s Real=0.02s
[9.576s][info][gc,start       ] GC(39) Pause Full (System.gc())
[9.576s][info][gc,task        ] GC(39) Using 6 workers of 6 for full compaction
[9.576s][info][gc,phases,start] GC(39) Phase 1: Mark live objects
[9.581s][info][gc,phases      ] GC(39) Phase 1: Mark live objects 4.932ms
[9.581s][info][gc,phases,start] GC(39) Phase 2: Prepare for compaction
[9.583s][info][gc,phases      ] GC(39) Phase 2: Prepare for compaction 1.772ms
[9.583s][info][gc,phases,start] GC(39) Phase 3: Adjust pointers
[9.585s][info][gc,phases      ] GC(39) Phase 3: Adjust pointers 1.893ms
[9.585s][info][gc,phases,start] GC(39) Phase 4: Compact heap
[9.586s][info][gc,phases      ] GC(39) Phase 4: Compact heap 0.370ms
[9.594s][info][gc,heap        ] GC(39) Eden regions: 50->0(102)
[9.594s][info][gc,heap        ] GC(39) Survivor regions: 0->0(0)
[9.594s][info][gc,heap        ] GC(39) Old regions: 16->16
[9.594s][info][gc,heap        ] GC(39) Archive regions: 0->0
[9.594s][info][gc,heap        ] GC(39) Humongous regions: 0->0
[9.594s][info][gc,metaspace   ] GC(39) Metaspace: 12322K(12608K)->12322K(12608K) NonClass: 10663K(10816K)->10663K(10816K) Class: 1658K(1792K)->1658K(1792K)
[9.594s][info][gc             ] GC(39) Pause Full (System.gc()) 124M->25M(4096M) 17.724ms
[9.594s][info][gc,cpu         ] GC(39) User=0.09s Sys=0.00s Real=0.03s
[9.794s][info][gc,start       ] GC(40) Pause Full (System.gc())
[9.794s][info][gc,task        ] GC(40) Using 6 workers of 6 for full compaction
[9.794s][info][gc,phases,start] GC(40) Phase 1: Mark live objects
[9.799s][info][gc,phases      ] GC(40) Phase 1: Mark live objects 5.399ms
[9.799s][info][gc,phases,start] GC(40) Phase 2: Prepare for compaction
[9.801s][info][gc,phases      ] GC(40) Phase 2: Prepare for compaction 1.787ms
[9.801s][info][gc,phases,start] GC(40) Phase 3: Adjust pointers
[9.803s][info][gc,phases      ] GC(40) Phase 3: Adjust pointers 2.010ms
[9.803s][info][gc,phases,start] GC(40) Phase 4: Compact heap
[9.804s][info][gc,phases      ] GC(40) Phase 4: Compact heap 0.373ms
[9.812s][info][gc,heap        ] GC(40) Eden regions: 50->0(102)
[9.812s][info][gc,heap        ] GC(40) Survivor regions: 0->0(0)
[9.812s][info][gc,heap        ] GC(40) Old regions: 16->16
[9.812s][info][gc,heap        ] GC(40) Archive regions: 0->0
[9.812s][info][gc,heap        ] GC(40) Humongous regions: 0->0
[9.812s][info][gc,metaspace   ] GC(40) Metaspace: 12323K(12608K)->12323K(12608K) NonClass: 10664K(10816K)->10664K(10816K) Class: 1658K(1792K)->1658K(1792K)
[9.812s][info][gc             ] GC(40) Pause Full (System.gc()) 124M->25M(4096M) 18.409ms
[9.812s][info][gc,cpu         ] GC(40) User=0.09s Sys=0.00s Real=0.02s
[10.012s][info][gc,start       ] GC(41) Pause Full (System.gc())
[10.012s][info][gc,task        ] GC(41) Using 6 workers of 6 for full compaction
[10.013s][info][gc,phases,start] GC(41) Phase 1: Mark live objects
[10.018s][info][gc,phases      ] GC(41) Phase 1: Mark live objects 4.837ms
[10.018s][info][gc,phases,start] GC(41) Phase 2: Prepare for compaction
[10.019s][info][gc,phases      ] GC(41) Phase 2: Prepare for compaction 1.786ms
[10.019s][info][gc,phases,start] GC(41) Phase 3: Adjust pointers
[10.021s][info][gc,phases      ] GC(41) Phase 3: Adjust pointers 1.893ms
[10.021s][info][gc,phases,start] GC(41) Phase 4: Compact heap
[10.022s][info][gc,phases      ] GC(41) Phase 4: Compact heap 0.372ms
[10.030s][info][gc,heap        ] GC(41) Eden regions: 50->0(102)
[10.030s][info][gc,heap        ] GC(41) Survivor regions: 0->0(0)
[10.030s][info][gc,heap        ] GC(41) Old regions: 16->16
[10.030s][info][gc,heap        ] GC(41) Archive regions: 0->0
[10.030s][info][gc,heap        ] GC(41) Humongous regions: 0->0
[10.030s][info][gc,metaspace   ] GC(41) Metaspace: 12323K(12608K)->12323K(12608K) NonClass: 10664K(10816K)->10664K(10816K) Class: 1658K(1792K)->1658K(1792K)
[10.030s][info][gc             ] GC(41) Pause Full (System.gc()) 124M->25M(4096M) 18.088ms
[10.030s][info][gc,cpu         ] GC(41) User=0.09s Sys=0.00s Real=0.02s
[10.229s][info][gc,start       ] GC(42) Pause Full (System.gc())
[10.230s][info][gc,task        ] GC(42) Using 6 workers of 6 for full compaction
[10.230s][info][gc,phases,start] GC(42) Phase 1: Mark live objects
[10.235s][info][gc,phases      ] GC(42) Phase 1: Mark live objects 5.226ms
[10.235s][info][gc,phases,start] GC(42) Phase 2: Prepare for compaction
[10.237s][info][gc,phases      ] GC(42) Phase 2: Prepare for compaction 1.790ms
[10.237s][info][gc,phases,start] GC(42) Phase 3: Adjust pointers
[10.239s][info][gc,phases      ] GC(42) Phase 3: Adjust pointers 1.886ms
[10.239s][info][gc,phases,start] GC(42) Phase 4: Compact heap
[10.239s][info][gc,phases      ] GC(42) Phase 4: Compact heap 0.376ms
[10.247s][info][gc,heap        ] GC(42) Eden regions: 50->0(102)
[10.248s][info][gc,heap        ] GC(42) Survivor regions: 0->0(0)
[10.248s][info][gc,heap        ] GC(42) Old regions: 16->16
[10.248s][info][gc,heap        ] GC(42) Archive regions: 0->0
[10.248s][info][gc,heap        ] GC(42) Humongous regions: 0->0
[10.248s][info][gc,metaspace   ] GC(42) Metaspace: 12332K(12608K)->12332K(12608K) NonClass: 10673K(10816K)->10673K(10816K) Class: 1658K(1792K)->1658K(1792K)
[10.248s][info][gc             ] GC(42) Pause Full (System.gc()) 124M->25M(4096M) 18.113ms
[10.248s][info][gc,cpu         ] GC(42) User=0.09s Sys=0.00s Real=0.03s
[10.450s][info][gc,start       ] GC(43) Pause Full (System.gc())
[10.450s][info][gc,task        ] GC(43) Using 6 workers of 6 for full compaction
[10.450s][info][gc,phases,start] GC(43) Phase 1: Mark live objects
[10.455s][info][gc,phases      ] GC(43) Phase 1: Mark live objects 4.810ms
[10.455s][info][gc,phases,start] GC(43) Phase 2: Prepare for compaction
[10.457s][info][gc,phases      ] GC(43) Phase 2: Prepare for compaction 1.772ms
[10.457s][info][gc,phases,start] GC(43) Phase 3: Adjust pointers
[10.459s][info][gc,phases      ] GC(43) Phase 3: Adjust pointers 2.278ms
[10.459s][info][gc,phases,start] GC(43) Phase 4: Compact heap
[10.460s][info][gc,phases      ] GC(43) Phase 4: Compact heap 0.866ms
[10.468s][info][gc,heap        ] GC(43) Eden regions: 50->0(102)
[10.468s][info][gc,heap        ] GC(43) Survivor regions: 0->0(0)
[10.468s][info][gc,heap        ] GC(43) Old regions: 16->16
[10.468s][info][gc,heap        ] GC(43) Archive regions: 0->0
[10.468s][info][gc,heap        ] GC(43) Humongous regions: 0->0
[10.468s][info][gc,metaspace   ] GC(43) Metaspace: 12338K(12608K)->12338K(12608K) NonClass: 10679K(10816K)->10679K(10816K) Class: 1658K(1792K)->1658K(1792K)
[10.468s][info][gc             ] GC(43) Pause Full (System.gc()) 124M->25M(4096M) 18.428ms
[10.468s][info][gc,cpu         ] GC(43) User=0.09s Sys=0.00s Real=0.02s
[10.669s][info][gc,start       ] GC(44) Pause Full (System.gc())
[10.669s][info][gc,task        ] GC(44) Using 6 workers of 6 for full compaction
[10.669s][info][gc,phases,start] GC(44) Phase 1: Mark live objects
[10.674s][info][gc,phases      ] GC(44) Phase 1: Mark live objects 4.621ms
[10.674s][info][gc,phases,start] GC(44) Phase 2: Prepare for compaction
[10.676s][info][gc,phases      ] GC(44) Phase 2: Prepare for compaction 2.685ms
[10.677s][info][gc,phases,start] GC(44) Phase 3: Adjust pointers
[10.679s][info][gc,phases      ] GC(44) Phase 3: Adjust pointers 2.044ms
[10.679s][info][gc,phases,start] GC(44) Phase 4: Compact heap
[10.679s][info][gc,phases      ] GC(44) Phase 4: Compact heap 0.370ms
[10.687s][info][gc,heap        ] GC(44) Eden regions: 50->0(102)
[10.687s][info][gc,heap        ] GC(44) Survivor regions: 0->0(0)
[10.687s][info][gc,heap        ] GC(44) Old regions: 16->16
[10.687s][info][gc,heap        ] GC(44) Archive regions: 0->0
[10.687s][info][gc,heap        ] GC(44) Humongous regions: 0->0
[10.687s][info][gc,metaspace   ] GC(44) Metaspace: 12338K(12608K)->12338K(12608K) NonClass: 10679K(10816K)->10679K(10816K) Class: 1658K(1792K)->1658K(1792K)
[10.687s][info][gc             ] GC(44) Pause Full (System.gc()) 124M->25M(4096M) 18.032ms
[10.687s][info][gc,cpu         ] GC(44) User=0.09s Sys=0.00s Real=0.02s
[10.888s][info][gc,start       ] GC(45) Pause Full (System.gc())
[10.888s][info][gc,task        ] GC(45) Using 6 workers of 6 for full compaction
[10.888s][info][gc,phases,start] GC(45) Phase 1: Mark live objects
[10.893s][info][gc,phases      ] GC(45) Phase 1: Mark live objects 4.998ms
[10.893s][info][gc,phases,start] GC(45) Phase 2: Prepare for compaction
[10.895s][info][gc,phases      ] GC(45) Phase 2: Prepare for compaction 1.851ms
[10.895s][info][gc,phases,start] GC(45) Phase 3: Adjust pointers
[10.897s][info][gc,phases      ] GC(45) Phase 3: Adjust pointers 1.915ms
[10.897s][info][gc,phases,start] GC(45) Phase 4: Compact heap
[10.898s][info][gc,phases      ] GC(45) Phase 4: Compact heap 0.403ms
[10.906s][info][gc,heap        ] GC(45) Eden regions: 50->0(102)
[10.906s][info][gc,heap        ] GC(45) Survivor regions: 0->0(0)
[10.906s][info][gc,heap        ] GC(45) Old regions: 16->16
[10.906s][info][gc,heap        ] GC(45) Archive regions: 0->0
[10.906s][info][gc,heap        ] GC(45) Humongous regions: 0->0
[10.906s][info][gc,metaspace   ] GC(45) Metaspace: 12338K(12608K)->12338K(12608K) NonClass: 10679K(10816K)->10679K(10816K) Class: 1658K(1792K)->1658K(1792K)
[10.906s][info][gc             ] GC(45) Pause Full (System.gc()) 124M->25M(4096M) 18.029ms
[10.906s][info][gc,cpu         ] GC(45) User=0.09s Sys=0.00s Real=0.01s
[11.106s][info][gc,start       ] GC(46) Pause Full (System.gc())
[11.107s][info][gc,task        ] GC(46) Using 6 workers of 6 for full compaction
[11.107s][info][gc,phases,start] GC(46) Phase 1: Mark live objects
[11.111s][info][gc,phases      ] GC(46) Phase 1: Mark live objects 4.704ms
[11.112s][info][gc,phases,start] GC(46) Phase 2: Prepare for compaction
[11.113s][info][gc,phases      ] GC(46) Phase 2: Prepare for compaction 1.756ms
[11.113s][info][gc,phases,start] GC(46) Phase 3: Adjust pointers
[11.115s][info][gc,phases      ] GC(46) Phase 3: Adjust pointers 1.913ms
[11.115s][info][gc,phases,start] GC(46) Phase 4: Compact heap
[11.116s][info][gc,phases      ] GC(46) Phase 4: Compact heap 0.369ms
[11.124s][info][gc,heap        ] GC(46) Eden regions: 50->0(102)
[11.124s][info][gc,heap        ] GC(46) Survivor regions: 0->0(0)
[11.124s][info][gc,heap        ] GC(46) Old regions: 16->16
[11.124s][info][gc,heap        ] GC(46) Archive regions: 0->0
[11.124s][info][gc,heap        ] GC(46) Humongous regions: 0->0
[11.124s][info][gc,metaspace   ] GC(46) Metaspace: 12339K(12608K)->12339K(12608K) NonClass: 10680K(10816K)->10680K(10816K) Class: 1658K(1792K)->1658K(1792K)
[11.124s][info][gc             ] GC(46) Pause Full (System.gc()) 124M->25M(4096M) 17.300ms
[11.124s][info][gc,cpu         ] GC(46) User=0.09s Sys=0.00s Real=0.02s
[11.325s][info][gc,start       ] GC(47) Pause Full (System.gc())
[11.325s][info][gc,task        ] GC(47) Using 6 workers of 6 for full compaction
[11.325s][info][gc,phases,start] GC(47) Phase 1: Mark live objects
[11.331s][info][gc,phases      ] GC(47) Phase 1: Mark live objects 5.104ms
[11.331s][info][gc,phases,start] GC(47) Phase 2: Prepare for compaction
[11.332s][info][gc,phases      ] GC(47) Phase 2: Prepare for compaction 1.724ms
[11.333s][info][gc,phases,start] GC(47) Phase 3: Adjust pointers
[11.334s][info][gc,phases      ] GC(47) Phase 3: Adjust pointers 1.917ms
[11.334s][info][gc,phases,start] GC(47) Phase 4: Compact heap
[11.335s][info][gc,phases      ] GC(47) Phase 4: Compact heap 0.412ms
[11.343s][info][gc,heap        ] GC(47) Eden regions: 50->0(102)
[11.343s][info][gc,heap        ] GC(47) Survivor regions: 0->0(0)
[11.343s][info][gc,heap        ] GC(47) Old regions: 16->16
[11.343s][info][gc,heap        ] GC(47) Archive regions: 0->0
[11.343s][info][gc,heap        ] GC(47) Humongous regions: 0->0
[11.343s][info][gc,metaspace   ] GC(47) Metaspace: 12339K(12608K)->12339K(12608K) NonClass: 10680K(10816K)->10680K(10816K) Class: 1658K(1792K)->1658K(1792K)
[11.343s][info][gc             ] GC(47) Pause Full (System.gc()) 124M->25M(4096M) 18.181ms
[11.343s][info][gc,cpu         ] GC(47) User=0.09s Sys=0.00s Real=0.02s
[11.544s][info][gc,start       ] GC(48) Pause Full (System.gc())
[11.544s][info][gc,task        ] GC(48) Using 6 workers of 6 for full compaction
[11.544s][info][gc,phases,start] GC(48) Phase 1: Mark live objects
[11.549s][info][gc,phases      ] GC(48) Phase 1: Mark live objects 4.445ms
[11.549s][info][gc,phases,start] GC(48) Phase 2: Prepare for compaction
[11.551s][info][gc,phases      ] GC(48) Phase 2: Prepare for compaction 1.824ms
[11.551s][info][gc,phases,start] GC(48) Phase 3: Adjust pointers
[11.553s][info][gc,phases      ] GC(48) Phase 3: Adjust pointers 1.952ms
[11.553s][info][gc,phases,start] GC(48) Phase 4: Compact heap
[11.553s][info][gc,phases      ] GC(48) Phase 4: Compact heap 0.374ms
[11.561s][info][gc,heap        ] GC(48) Eden regions: 50->0(102)
[11.561s][info][gc,heap        ] GC(48) Survivor regions: 0->0(0)
[11.561s][info][gc,heap        ] GC(48) Old regions: 16->16
[11.561s][info][gc,heap        ] GC(48) Archive regions: 0->0
[11.562s][info][gc,heap        ] GC(48) Humongous regions: 0->0
[11.562s][info][gc,metaspace   ] GC(48) Metaspace: 12339K(12608K)->12339K(12608K) NonClass: 10680K(10816K)->10680K(10816K) Class: 1658K(1792K)->1658K(1792K)
[11.562s][info][gc             ] GC(48) Pause Full (System.gc()) 124M->25M(4096M) 17.632ms
[11.562s][info][gc,cpu         ] GC(48) User=0.08s Sys=0.00s Real=0.02s
[11.762s][info][gc,start       ] GC(49) Pause Full (System.gc())
[11.762s][info][gc,task        ] GC(49) Using 6 workers of 6 for full compaction
[11.762s][info][gc,phases,start] GC(49) Phase 1: Mark live objects
[11.767s][info][gc,phases      ] GC(49) Phase 1: Mark live objects 4.899ms
[11.767s][info][gc,phases,start] GC(49) Phase 2: Prepare for compaction
[11.769s][info][gc,phases      ] GC(49) Phase 2: Prepare for compaction 1.926ms
[11.769s][info][gc,phases,start] GC(49) Phase 3: Adjust pointers
[11.772s][info][gc,phases      ] GC(49) Phase 3: Adjust pointers 2.121ms
[11.772s][info][gc,phases,start] GC(49) Phase 4: Compact heap
[11.772s][info][gc,phases      ] GC(49) Phase 4: Compact heap 0.413ms
[11.780s][info][gc,heap        ] GC(49) Eden regions: 50->0(102)
[11.780s][info][gc,heap        ] GC(49) Survivor regions: 0->0(0)
[11.780s][info][gc,heap        ] GC(49) Old regions: 16->15
[11.780s][info][gc,heap        ] GC(49) Archive regions: 0->0
[11.780s][info][gc,heap        ] GC(49) Humongous regions: 0->0
[11.780s][info][gc,metaspace   ] GC(49) Metaspace: 12339K(12608K)->12339K(12608K) NonClass: 10680K(10816K)->10680K(10816K) Class: 1658K(1792K)->1658K(1792K)
[11.780s][info][gc             ] GC(49) Pause Full (System.gc()) 124M->25M(4096M) 18.405ms
[11.780s][info][gc,cpu         ] GC(49) User=0.09s Sys=0.00s Real=0.02s
[11.981s][info][gc,start       ] GC(50) Pause Full (System.gc())
[11.981s][info][gc,task        ] GC(50) Using 6 workers of 6 for full compaction
[11.981s][info][gc,phases,start] GC(50) Phase 1: Mark live objects
[11.986s][info][gc,phases      ] GC(50) Phase 1: Mark live objects 4.685ms
[11.986s][info][gc,phases,start] GC(50) Phase 2: Prepare for compaction
[11.988s][info][gc,phases      ] GC(50) Phase 2: Prepare for compaction 1.816ms
[11.988s][info][gc,phases,start] GC(50) Phase 3: Adjust pointers
[11.990s][info][gc,phases      ] GC(50) Phase 3: Adjust pointers 1.891ms
[11.990s][info][gc,phases,start] GC(50) Phase 4: Compact heap
[11.990s][info][gc,phases      ] GC(50) Phase 4: Compact heap 0.483ms
[11.999s][info][gc,heap        ] GC(50) Eden regions: 50->0(102)
[11.999s][info][gc,heap        ] GC(50) Survivor regions: 0->0(0)
[11.999s][info][gc,heap        ] GC(50) Old regions: 15->15
[11.999s][info][gc,heap        ] GC(50) Archive regions: 0->0
[11.999s][info][gc,heap        ] GC(50) Humongous regions: 0->0
[11.999s][info][gc,metaspace   ] GC(50) Metaspace: 12354K(12608K)->12354K(12608K) NonClass: 10695K(10816K)->10695K(10816K) Class: 1658K(1792K)->1658K(1792K)
[11.999s][info][gc             ] GC(50) Pause Full (System.gc()) 124M->25M(4096M) 18.041ms
[11.999s][info][gc,cpu         ] GC(50) User=0.09s Sys=0.00s Real=0.02s
[12.198s][info][gc,start       ] GC(51) Pause Full (System.gc())
[12.199s][info][gc,task        ] GC(51) Using 6 workers of 6 for full compaction
[12.199s][info][gc,phases,start] GC(51) Phase 1: Mark live objects
[12.203s][info][gc,phases      ] GC(51) Phase 1: Mark live objects 4.678ms
[12.203s][info][gc,phases,start] GC(51) Phase 2: Prepare for compaction
[12.205s][info][gc,phases      ] GC(51) Phase 2: Prepare for compaction 1.839ms
[12.205s][info][gc,phases,start] GC(51) Phase 3: Adjust pointers
[12.208s][info][gc,phases      ] GC(51) Phase 3: Adjust pointers 2.662ms
[12.208s][info][gc,phases,start] GC(51) Phase 4: Compact heap
[12.209s][info][gc,phases      ] GC(51) Phase 4: Compact heap 0.511ms
[12.217s][info][gc,heap        ] GC(51) Eden regions: 50->0(102)
[12.217s][info][gc,heap        ] GC(51) Survivor regions: 0->0(0)
[12.217s][info][gc,heap        ] GC(51) Old regions: 15->15
[12.217s][info][gc,heap        ] GC(51) Archive regions: 0->0
[12.217s][info][gc,heap        ] GC(51) Humongous regions: 0->0
[12.217s][info][gc,metaspace   ] GC(51) Metaspace: 12355K(12608K)->12355K(12608K) NonClass: 10696K(10816K)->10696K(10816K) Class: 1658K(1792K)->1658K(1792K)
[12.217s][info][gc             ] GC(51) Pause Full (System.gc()) 124M->25M(4096M) 18.468ms
[12.217s][info][gc,cpu         ] GC(51) User=0.09s Sys=0.00s Real=0.02s
[12.418s][info][gc,start       ] GC(52) Pause Full (System.gc())
[12.418s][info][gc,task        ] GC(52) Using 6 workers of 6 for full compaction
[12.418s][info][gc,phases,start] GC(52) Phase 1: Mark live objects
[12.423s][info][gc,phases      ] GC(52) Phase 1: Mark live objects 5.034ms
[12.423s][info][gc,phases,start] GC(52) Phase 2: Prepare for compaction
[12.426s][info][gc,phases      ] GC(52) Phase 2: Prepare for compaction 2.225ms
[12.426s][info][gc,phases,start] GC(52) Phase 3: Adjust pointers
[12.428s][info][gc,phases      ] GC(52) Phase 3: Adjust pointers 2.100ms
[12.428s][info][gc,phases,start] GC(52) Phase 4: Compact heap
[12.428s][info][gc,phases      ] GC(52) Phase 4: Compact heap 0.390ms
[12.436s][info][gc,heap        ] GC(52) Eden regions: 50->0(102)
[12.436s][info][gc,heap        ] GC(52) Survivor regions: 0->0(0)
[12.436s][info][gc,heap        ] GC(52) Old regions: 15->15
[12.436s][info][gc,heap        ] GC(52) Archive regions: 0->0
[12.436s][info][gc,heap        ] GC(52) Humongous regions: 0->0
[12.436s][info][gc,metaspace   ] GC(52) Metaspace: 12355K(12608K)->12355K(12608K) NonClass: 10696K(10816K)->10696K(10816K) Class: 1658K(1792K)->1658K(1792K)
[12.436s][info][gc             ] GC(52) Pause Full (System.gc()) 124M->25M(4096M) 18.215ms
[12.436s][info][gc,cpu         ] GC(52) User=0.08s Sys=0.00s Real=0.03s
[12.638s][info][gc,start       ] GC(53) Pause Full (System.gc())
[12.638s][info][gc,task        ] GC(53) Using 6 workers of 6 for full compaction
[12.639s][info][gc,phases,start] GC(53) Phase 1: Mark live objects
[12.644s][info][gc,phases      ] GC(53) Phase 1: Mark live objects 4.922ms
[12.644s][info][gc,phases,start] GC(53) Phase 2: Prepare for compaction
[12.645s][info][gc,phases      ] GC(53) Phase 2: Prepare for compaction 1.692ms
[12.646s][info][gc,phases,start] GC(53) Phase 3: Adjust pointers
[12.647s][info][gc,phases      ] GC(53) Phase 3: Adjust pointers 1.895ms
[12.647s][info][gc,phases,start] GC(53) Phase 4: Compact heap
[12.648s][info][gc,phases      ] GC(53) Phase 4: Compact heap 0.401ms
[12.656s][info][gc,heap        ] GC(53) Eden regions: 50->0(102)
[12.656s][info][gc,heap        ] GC(53) Survivor regions: 0->0(0)
[12.656s][info][gc,heap        ] GC(53) Old regions: 15->15
[12.656s][info][gc,heap        ] GC(53) Archive regions: 0->0
[12.656s][info][gc,heap        ] GC(53) Humongous regions: 0->0
[12.656s][info][gc,metaspace   ] GC(53) Metaspace: 12355K(12608K)->12355K(12608K) NonClass: 10696K(10816K)->10696K(10816K) Class: 1658K(1792K)->1658K(1792K)
[12.656s][info][gc             ] GC(53) Pause Full (System.gc()) 124M->25M(4096M) 17.378ms
[12.656s][info][gc,cpu         ] GC(53) User=0.09s Sys=0.00s Real=0.03s
[12.858s][info][gc,start       ] GC(54) Pause Full (System.gc())
[12.858s][info][gc,task        ] GC(54) Using 6 workers of 6 for full compaction
[12.858s][info][gc,phases,start] GC(54) Phase 1: Mark live objects
[12.863s][info][gc,phases      ] GC(54) Phase 1: Mark live objects 4.662ms
[12.863s][info][gc,phases,start] GC(54) Phase 2: Prepare for compaction
[12.865s][info][gc,phases      ] GC(54) Phase 2: Prepare for compaction 1.947ms
[12.865s][info][gc,phases,start] GC(54) Phase 3: Adjust pointers
[12.867s][info][gc,phases      ] GC(54) Phase 3: Adjust pointers 1.867ms
[12.867s][info][gc,phases,start] GC(54) Phase 4: Compact heap
[12.867s][info][gc,phases      ] GC(54) Phase 4: Compact heap 0.386ms
[12.875s][info][gc,heap        ] GC(54) Eden regions: 50->0(102)
[12.876s][info][gc,heap        ] GC(54) Survivor regions: 0->0(0)
[12.876s][info][gc,heap        ] GC(54) Old regions: 15->15
[12.876s][info][gc,heap        ] GC(54) Archive regions: 0->0
[12.876s][info][gc,heap        ] GC(54) Humongous regions: 0->0
[12.876s][info][gc,metaspace   ] GC(54) Metaspace: 12355K(12608K)->12355K(12608K) NonClass: 10696K(10816K)->10696K(10816K) Class: 1658K(1792K)->1658K(1792K)
[12.876s][info][gc             ] GC(54) Pause Full (System.gc()) 124M->25M(4096M) 17.753ms
[12.876s][info][gc,cpu         ] GC(54) User=0.09s Sys=0.00s Real=0.03s
[13.077s][info][gc,start       ] GC(55) Pause Full (System.gc())
[13.077s][info][gc,task        ] GC(55) Using 6 workers of 6 for full compaction
[13.078s][info][gc,phases,start] GC(55) Phase 1: Mark live objects
[13.082s][info][gc,phases      ] GC(55) Phase 1: Mark live objects 4.925ms
[13.083s][info][gc,phases,start] GC(55) Phase 2: Prepare for compaction
[13.084s][info][gc,phases      ] GC(55) Phase 2: Prepare for compaction 1.855ms
[13.085s][info][gc,phases,start] GC(55) Phase 3: Adjust pointers
[13.086s][info][gc,phases      ] GC(55) Phase 3: Adjust pointers 1.898ms
[13.086s][info][gc,phases,start] GC(55) Phase 4: Compact heap
[13.087s][info][gc,phases      ] GC(55) Phase 4: Compact heap 0.470ms
[13.095s][info][gc,heap        ] GC(55) Eden regions: 50->0(102)
[13.095s][info][gc,heap        ] GC(55) Survivor regions: 0->0(0)
[13.095s][info][gc,heap        ] GC(55) Old regions: 15->16
[13.095s][info][gc,heap        ] GC(55) Archive regions: 0->0
[13.095s][info][gc,heap        ] GC(55) Humongous regions: 0->0
[13.095s][info][gc,metaspace   ] GC(55) Metaspace: 12355K(12608K)->12355K(12608K) NonClass: 10696K(10816K)->10696K(10816K) Class: 1658K(1792K)->1658K(1792K)
[13.095s][info][gc             ] GC(55) Pause Full (System.gc()) 124M->25M(4096M) 17.860ms
[13.095s][info][gc,cpu         ] GC(55) User=0.09s Sys=0.00s Real=0.02s
[13.297s][info][gc,start       ] GC(56) Pause Full (System.gc())
[13.298s][info][gc,task        ] GC(56) Using 6 workers of 6 for full compaction
[13.298s][info][gc,phases,start] GC(56) Phase 1: Mark live objects
[13.303s][info][gc,phases      ] GC(56) Phase 1: Mark live objects 4.838ms
[13.303s][info][gc,phases,start] GC(56) Phase 2: Prepare for compaction
[13.305s][info][gc,phases      ] GC(56) Phase 2: Prepare for compaction 2.188ms
[13.305s][info][gc,phases,start] GC(56) Phase 3: Adjust pointers
[13.307s][info][gc,phases      ] GC(56) Phase 3: Adjust pointers 2.251ms
[13.307s][info][gc,phases,start] GC(56) Phase 4: Compact heap
[13.308s][info][gc,phases      ] GC(56) Phase 4: Compact heap 0.609ms
[13.316s][info][gc,heap        ] GC(56) Eden regions: 50->0(102)
[13.316s][info][gc,heap        ] GC(56) Survivor regions: 0->0(0)
[13.316s][info][gc,heap        ] GC(56) Old regions: 16->15
[13.316s][info][gc,heap        ] GC(56) Archive regions: 0->0
[13.316s][info][gc,heap        ] GC(56) Humongous regions: 0->0
[13.316s][info][gc,metaspace   ] GC(56) Metaspace: 12355K(12608K)->12355K(12608K) NonClass: 10696K(10816K)->10696K(10816K) Class: 1658K(1792K)->1658K(1792K)
[13.316s][info][gc             ] GC(56) Pause Full (System.gc()) 124M->25M(4096M) 18.828ms
[13.316s][info][gc,cpu         ] GC(56) User=0.12s Sys=0.00s Real=0.02s
[13.517s][info][gc,start       ] GC(57) Pause Full (System.gc())
[13.517s][info][gc,task        ] GC(57) Using 6 workers of 6 for full compaction
[13.517s][info][gc,phases,start] GC(57) Phase 1: Mark live objects
[13.522s][info][gc,phases      ] GC(57) Phase 1: Mark live objects 4.817ms
[13.522s][info][gc,phases,start] GC(57) Phase 2: Prepare for compaction
[13.524s][info][gc,phases      ] GC(57) Phase 2: Prepare for compaction 2.259ms
[13.525s][info][gc,phases,start] GC(57) Phase 3: Adjust pointers
[13.526s][info][gc,phases      ] GC(57) Phase 3: Adjust pointers 1.938ms
[13.527s][info][gc,phases,start] GC(57) Phase 4: Compact heap
[13.527s][info][gc,phases      ] GC(57) Phase 4: Compact heap 0.508ms
[13.535s][info][gc,heap        ] GC(57) Eden regions: 50->0(102)
[13.535s][info][gc,heap        ] GC(57) Survivor regions: 0->0(0)
[13.535s][info][gc,heap        ] GC(57) Old regions: 15->16
[13.535s][info][gc,heap        ] GC(57) Archive regions: 0->0
[13.535s][info][gc,heap        ] GC(57) Humongous regions: 0->0
[13.535s][info][gc,metaspace   ] GC(57) Metaspace: 12356K(12608K)->12356K(12608K) NonClass: 10697K(10816K)->10697K(10816K) Class: 1658K(1792K)->1658K(1792K)
[13.535s][info][gc             ] GC(57) Pause Full (System.gc()) 124M->25M(4096M) 17.968ms
[13.535s][info][gc,cpu         ] GC(57) User=0.09s Sys=0.00s Real=0.02s
[13.736s][info][gc,start       ] GC(58) Pause Full (System.gc())
[13.736s][info][gc,task        ] GC(58) Using 6 workers of 6 for full compaction
[13.737s][info][gc,phases,start] GC(58) Phase 1: Mark live objects
[13.741s][info][gc,phases      ] GC(58) Phase 1: Mark live objects 4.728ms
[13.741s][info][gc,phases,start] GC(58) Phase 2: Prepare for compaction
[13.743s][info][gc,phases      ] GC(58) Phase 2: Prepare for compaction 1.758ms
[13.743s][info][gc,phases,start] GC(58) Phase 3: Adjust pointers
[13.745s][info][gc,phases      ] GC(58) Phase 3: Adjust pointers 1.922ms
[13.745s][info][gc,phases,start] GC(58) Phase 4: Compact heap
[13.746s][info][gc,phases      ] GC(58) Phase 4: Compact heap 0.390ms
[13.754s][info][gc,heap        ] GC(58) Eden regions: 50->0(102)
[13.754s][info][gc,heap        ] GC(58) Survivor regions: 0->0(0)
[13.754s][info][gc,heap        ] GC(58) Old regions: 16->15
[13.754s][info][gc,heap        ] GC(58) Archive regions: 0->0
[13.754s][info][gc,heap        ] GC(58) Humongous regions: 0->0
[13.754s][info][gc,metaspace   ] GC(58) Metaspace: 12356K(12608K)->12356K(12608K) NonClass: 10697K(10816K)->10697K(10816K) Class: 1658K(1792K)->1658K(1792K)
[13.754s][info][gc             ] GC(58) Pause Full (System.gc()) 124M->25M(4096M) 17.718ms
[13.754s][info][gc,cpu         ] GC(58) User=0.09s Sys=0.00s Real=0.02s
[13.953s][info][gc,start       ] GC(59) Pause Full (System.gc())
[13.953s][info][gc,task        ] GC(59) Using 6 workers of 6 for full compaction
[13.953s][info][gc,phases,start] GC(59) Phase 1: Mark live objects
[13.958s][info][gc,phases      ] GC(59) Phase 1: Mark live objects 4.588ms
[13.958s][info][gc,phases,start] GC(59) Phase 2: Prepare for compaction
[13.960s][info][gc,phases      ] GC(59) Phase 2: Prepare for compaction 1.938ms
[13.960s][info][gc,phases,start] GC(59) Phase 3: Adjust pointers
[13.962s][info][gc,phases      ] GC(59) Phase 3: Adjust pointers 1.832ms
[13.962s][info][gc,phases,start] GC(59) Phase 4: Compact heap
[13.962s][info][gc,phases      ] GC(59) Phase 4: Compact heap 0.403ms
[13.970s][info][gc,heap        ] GC(59) Eden regions: 50->0(102)
[13.970s][info][gc,heap        ] GC(59) Survivor regions: 0->0(0)
[13.970s][info][gc,heap        ] GC(59) Old regions: 15->15
[13.970s][info][gc,heap        ] GC(59) Archive regions: 0->0
[13.970s][info][gc,heap        ] GC(59) Humongous regions: 0->0
[13.970s][info][gc,metaspace   ] GC(59) Metaspace: 12356K(12608K)->12356K(12608K) NonClass: 10697K(10816K)->10697K(10816K) Class: 1658K(1792K)->1658K(1792K)
[13.970s][info][gc             ] GC(59) Pause Full (System.gc()) 124M->25M(4096M) 17.587ms
[13.970s][info][gc,cpu         ] GC(59) User=0.08s Sys=0.02s Real=0.03s
[14.169s][info][gc,start       ] GC(60) Pause Full (System.gc())
[14.169s][info][gc,task        ] GC(60) Using 6 workers of 6 for full compaction
[14.170s][info][gc,phases,start] GC(60) Phase 1: Mark live objects
[14.174s][info][gc,phases      ] GC(60) Phase 1: Mark live objects 4.633ms
[14.174s][info][gc,phases,start] GC(60) Phase 2: Prepare for compaction
[14.176s][info][gc,phases      ] GC(60) Phase 2: Prepare for compaction 1.763ms
[14.176s][info][gc,phases,start] GC(60) Phase 3: Adjust pointers
[14.178s][info][gc,phases      ] GC(60) Phase 3: Adjust pointers 1.976ms
[14.178s][info][gc,phases,start] GC(60) Phase 4: Compact heap
[14.179s][info][gc,phases      ] GC(60) Phase 4: Compact heap 0.396ms
[14.187s][info][gc,heap        ] GC(60) Eden regions: 50->0(102)
[14.187s][info][gc,heap        ] GC(60) Survivor regions: 0->0(0)
[14.187s][info][gc,heap        ] GC(60) Old regions: 15->16
[14.187s][info][gc,heap        ] GC(60) Archive regions: 0->0
[14.187s][info][gc,heap        ] GC(60) Humongous regions: 0->0
[14.187s][info][gc,metaspace   ] GC(60) Metaspace: 12356K(12608K)->12356K(12608K) NonClass: 10697K(10816K)->10697K(10816K) Class: 1658K(1792K)->1658K(1792K)
[14.187s][info][gc             ] GC(60) Pause Full (System.gc()) 124M->25M(4096M) 17.830ms
[14.187s][info][gc,cpu         ] GC(60) User=0.09s Sys=0.00s Real=0.02s
[14.387s][info][gc,start       ] GC(61) Pause Full (System.gc())
[14.387s][info][gc,task        ] GC(61) Using 6 workers of 6 for full compaction
[14.387s][info][gc,phases,start] GC(61) Phase 1: Mark live objects
[14.392s][info][gc,phases      ] GC(61) Phase 1: Mark live objects 4.571ms
[14.392s][info][gc,phases,start] GC(61) Phase 2: Prepare for compaction
[14.394s][info][gc,phases      ] GC(61) Phase 2: Prepare for compaction 1.849ms
[14.394s][info][gc,phases,start] GC(61) Phase 3: Adjust pointers
[14.396s][info][gc,phases      ] GC(61) Phase 3: Adjust pointers 1.934ms
[14.396s][info][gc,phases,start] GC(61) Phase 4: Compact heap
[14.396s][info][gc,phases      ] GC(61) Phase 4: Compact heap 0.412ms
[14.404s][info][gc,heap        ] GC(61) Eden regions: 50->0(102)
[14.405s][info][gc,heap        ] GC(61) Survivor regions: 0->0(0)
[14.405s][info][gc,heap        ] GC(61) Old regions: 16->15
[14.405s][info][gc,heap        ] GC(61) Archive regions: 0->0
[14.405s][info][gc,heap        ] GC(61) Humongous regions: 0->0
[14.405s][info][gc,metaspace   ] GC(61) Metaspace: 12360K(12608K)->12360K(12608K) NonClass: 10701K(10816K)->10701K(10816K) Class: 1658K(1792K)->1658K(1792K)
[14.405s][info][gc             ] GC(61) Pause Full (System.gc()) 124M->25M(4096M) 17.764ms
[14.405s][info][gc,cpu         ] GC(61) User=0.09s Sys=0.00s Real=0.03s
[14.605s][info][gc,start       ] GC(62) Pause Full (System.gc())
[14.605s][info][gc,task        ] GC(62) Using 6 workers of 6 for full compaction
[14.605s][info][gc,phases,start] GC(62) Phase 1: Mark live objects
[14.610s][info][gc,phases      ] GC(62) Phase 1: Mark live objects 4.663ms
[14.610s][info][gc,phases,start] GC(62) Phase 2: Prepare for compaction
[14.612s][info][gc,phases      ] GC(62) Phase 2: Prepare for compaction 1.816ms
[14.612s][info][gc,phases,start] GC(62) Phase 3: Adjust pointers
[14.614s][info][gc,phases      ] GC(62) Phase 3: Adjust pointers 1.956ms
[14.614s][info][gc,phases,start] GC(62) Phase 4: Compact heap
[14.615s][info][gc,phases      ] GC(62) Phase 4: Compact heap 0.392ms
[14.622s][info][gc,heap        ] GC(62) Eden regions: 50->0(102)
[14.622s][info][gc,heap        ] GC(62) Survivor regions: 0->0(0)
[14.622s][info][gc,heap        ] GC(62) Old regions: 15->16
[14.622s][info][gc,heap        ] GC(62) Archive regions: 0->0
[14.622s][info][gc,heap        ] GC(62) Humongous regions: 0->0
[14.622s][info][gc,metaspace   ] GC(62) Metaspace: 12364K(12672K)->12364K(12672K) NonClass: 10705K(10880K)->10705K(10880K) Class: 1658K(1792K)->1658K(1792K)
[14.622s][info][gc             ] GC(62) Pause Full (System.gc()) 124M->25M(4096M) 17.356ms
[14.622s][info][gc,cpu         ] GC(62) User=0.09s Sys=0.00s Real=0.03s
[14.823s][info][gc,start       ] GC(63) Pause Full (System.gc())
[14.823s][info][gc,task        ] GC(63) Using 6 workers of 6 for full compaction
[14.823s][info][gc,phases,start] GC(63) Phase 1: Mark live objects
[14.828s][info][gc,phases      ] GC(63) Phase 1: Mark live objects 4.303ms
[14.828s][info][gc,phases,start] GC(63) Phase 2: Prepare for compaction
[14.830s][info][gc,phases      ] GC(63) Phase 2: Prepare for compaction 1.881ms
[14.830s][info][gc,phases,start] GC(63) Phase 3: Adjust pointers
[14.832s][info][gc,phases      ] GC(63) Phase 3: Adjust pointers 1.900ms
[14.832s][info][gc,phases,start] GC(63) Phase 4: Compact heap
[14.832s][info][gc,phases      ] GC(63) Phase 4: Compact heap 0.381ms
[14.840s][info][gc,heap        ] GC(63) Eden regions: 50->0(102)
[14.840s][info][gc,heap        ] GC(63) Survivor regions: 0->0(0)
[14.840s][info][gc,heap        ] GC(63) Old regions: 16->15
[14.840s][info][gc,heap        ] GC(63) Archive regions: 0->0
[14.840s][info][gc,heap        ] GC(63) Humongous regions: 0->0
[14.840s][info][gc,metaspace   ] GC(63) Metaspace: 12365K(12672K)->12365K(12672K) NonClass: 10706K(10880K)->10706K(10880K) Class: 1658K(1792K)->1658K(1792K)
[14.840s][info][gc             ] GC(63) Pause Full (System.gc()) 124M->25M(4096M) 17.320ms
[14.840s][info][gc,cpu         ] GC(63) User=0.08s Sys=0.02s Real=0.02s
[15.040s][info][gc,start       ] GC(64) Pause Full (System.gc())
[15.040s][info][gc,task        ] GC(64) Using 6 workers of 6 for full compaction
[15.040s][info][gc,phases,start] GC(64) Phase 1: Mark live objects
[15.044s][info][gc,phases      ] GC(64) Phase 1: Mark live objects 4.457ms
[15.044s][info][gc,phases,start] GC(64) Phase 2: Prepare for compaction
[15.046s][info][gc,phases      ] GC(64) Phase 2: Prepare for compaction 1.741ms
[15.046s][info][gc,phases,start] GC(64) Phase 3: Adjust pointers
[15.048s][info][gc,phases      ] GC(64) Phase 3: Adjust pointers 1.879ms
[15.048s][info][gc,phases,start] GC(64) Phase 4: Compact heap
[15.049s][info][gc,phases      ] GC(64) Phase 4: Compact heap 0.400ms
[15.057s][info][gc,heap        ] GC(64) Eden regions: 50->0(102)
[15.057s][info][gc,heap        ] GC(64) Survivor regions: 0->0(0)
[15.057s][info][gc,heap        ] GC(64) Old regions: 15->16
[15.057s][info][gc,heap        ] GC(64) Archive regions: 0->0
[15.057s][info][gc,heap        ] GC(64) Humongous regions: 0->0
[15.057s][info][gc,metaspace   ] GC(64) Metaspace: 12371K(12672K)->12371K(12672K) NonClass: 10712K(10880K)->10712K(10880K) Class: 1658K(1792K)->1658K(1792K)
[15.057s][info][gc             ] GC(64) Pause Full (System.gc()) 125M->25M(4096M) 17.536ms
[15.057s][info][gc,cpu         ] GC(64) User=0.09s Sys=0.00s Real=0.03s
[15.257s][info][gc,start       ] GC(65) Pause Full (System.gc())
[15.257s][info][gc,task        ] GC(65) Using 6 workers of 6 for full compaction
[15.257s][info][gc,phases,start] GC(65) Phase 1: Mark live objects
[15.263s][info][gc,phases      ] GC(65) Phase 1: Mark live objects 5.031ms
[15.263s][info][gc,phases,start] GC(65) Phase 2: Prepare for compaction
[15.265s][info][gc,phases      ] GC(65) Phase 2: Prepare for compaction 2.063ms
[15.265s][info][gc,phases,start] GC(65) Phase 3: Adjust pointers
[15.267s][info][gc,phases      ] GC(65) Phase 3: Adjust pointers 2.058ms
[15.267s][info][gc,phases,start] GC(65) Phase 4: Compact heap
[15.267s][info][gc,phases      ] GC(65) Phase 4: Compact heap 0.592ms
[15.276s][info][gc,heap        ] GC(65) Eden regions: 50->0(102)
[15.276s][info][gc,heap        ] GC(65) Survivor regions: 0->0(0)
[15.276s][info][gc,heap        ] GC(65) Old regions: 16->15
[15.276s][info][gc,heap        ] GC(65) Archive regions: 0->0
[15.276s][info][gc,heap        ] GC(65) Humongous regions: 0->0
[15.276s][info][gc,metaspace   ] GC(65) Metaspace: 12378K(12672K)->12378K(12672K) NonClass: 10719K(10880K)->10719K(10880K) Class: 1658K(1792K)->1658K(1792K)
[15.276s][info][gc             ] GC(65) Pause Full (System.gc()) 124M->25M(4096M) 19.259ms
[15.276s][info][gc,cpu         ] GC(65) User=0.06s Sys=0.00s Real=0.02s
[15.476s][info][gc,start       ] GC(66) Pause Full (System.gc())
[15.476s][info][gc,task        ] GC(66) Using 6 workers of 6 for full compaction
[15.477s][info][gc,phases,start] GC(66) Phase 1: Mark live objects
[15.482s][info][gc,phases      ] GC(66) Phase 1: Mark live objects 4.906ms
[15.482s][info][gc,phases,start] GC(66) Phase 2: Prepare for compaction
[15.483s][info][gc,phases      ] GC(66) Phase 2: Prepare for compaction 1.812ms
[15.484s][info][gc,phases,start] GC(66) Phase 3: Adjust pointers
[15.486s][info][gc,phases      ] GC(66) Phase 3: Adjust pointers 1.890ms
[15.486s][info][gc,phases,start] GC(66) Phase 4: Compact heap
[15.486s][info][gc,phases      ] GC(66) Phase 4: Compact heap 0.375ms
[15.494s][info][gc,heap        ] GC(66) Eden regions: 50->0(102)
[15.494s][info][gc,heap        ] GC(66) Survivor regions: 0->0(0)
[15.494s][info][gc,heap        ] GC(66) Old regions: 15->15
[15.494s][info][gc,heap        ] GC(66) Archive regions: 0->0
[15.494s][info][gc,heap        ] GC(66) Humongous regions: 0->0
[15.494s][info][gc,metaspace   ] GC(66) Metaspace: 12378K(12672K)->12378K(12672K) NonClass: 10719K(10880K)->10719K(10880K) Class: 1658K(1792K)->1658K(1792K)
[15.494s][info][gc             ] GC(66) Pause Full (System.gc()) 124M->25M(4096M) 17.975ms
[15.494s][info][gc,cpu         ] GC(66) User=0.09s Sys=0.00s Real=0.02s
[15.695s][info][gc,start       ] GC(67) Pause Full (System.gc())
[15.695s][info][gc,task        ] GC(67) Using 6 workers of 6 for full compaction
[15.696s][info][gc,phases,start] GC(67) Phase 1: Mark live objects
[15.700s][info][gc,phases      ] GC(67) Phase 1: Mark live objects 4.790ms
[15.700s][info][gc,phases,start] GC(67) Phase 2: Prepare for compaction
[15.702s][info][gc,phases      ] GC(67) Phase 2: Prepare for compaction 1.772ms
[15.702s][info][gc,phases,start] GC(67) Phase 3: Adjust pointers
[15.705s][info][gc,phases      ] GC(67) Phase 3: Adjust pointers 2.293ms
[15.705s][info][gc,phases,start] GC(67) Phase 4: Compact heap
[15.705s][info][gc,phases      ] GC(67) Phase 4: Compact heap 0.490ms
[15.713s][info][gc,heap        ] GC(67) Eden regions: 50->0(102)
[15.713s][info][gc,heap        ] GC(67) Survivor regions: 0->0(0)
[15.713s][info][gc,heap        ] GC(67) Old regions: 15->16
[15.713s][info][gc,heap        ] GC(67) Archive regions: 0->0
[15.713s][info][gc,heap        ] GC(67) Humongous regions: 0->0
[15.714s][info][gc,metaspace   ] GC(67) Metaspace: 12378K(12672K)->12378K(12672K) NonClass: 10719K(10880K)->10719K(10880K) Class: 1658K(1792K)->1658K(1792K)
[15.714s][info][gc             ] GC(67) Pause Full (System.gc()) 124M->25M(4096M) 18.210ms
[15.714s][info][gc,cpu         ] GC(67) User=0.08s Sys=0.00s Real=0.02s
[15.916s][info][gc,start       ] GC(68) Pause Full (System.gc())
[15.916s][info][gc,task        ] GC(68) Using 6 workers of 6 for full compaction
[15.917s][info][gc,phases,start] GC(68) Phase 1: Mark live objects
[15.922s][info][gc,phases      ] GC(68) Phase 1: Mark live objects 5.301ms
[15.922s][info][gc,phases,start] GC(68) Phase 2: Prepare for compaction
[15.924s][info][gc,phases      ] GC(68) Phase 2: Prepare for compaction 1.787ms
[15.924s][info][gc,phases,start] GC(68) Phase 3: Adjust pointers
[15.926s][info][gc,phases      ] GC(68) Phase 3: Adjust pointers 1.920ms
[15.926s][info][gc,phases,start] GC(68) Phase 4: Compact heap
[15.926s][info][gc,phases      ] GC(68) Phase 4: Compact heap 0.379ms
[15.934s][info][gc,heap        ] GC(68) Eden regions: 50->0(102)
[15.934s][info][gc,heap        ] GC(68) Survivor regions: 0->0(0)
[15.934s][info][gc,heap        ] GC(68) Old regions: 16->15
[15.934s][info][gc,heap        ] GC(68) Archive regions: 0->0
[15.934s][info][gc,heap        ] GC(68) Humongous regions: 0->0
[15.934s][info][gc,metaspace   ] GC(68) Metaspace: 12378K(12672K)->12378K(12672K) NonClass: 10719K(10880K)->10719K(10880K) Class: 1658K(1792K)->1658K(1792K)
[15.934s][info][gc             ] GC(68) Pause Full (System.gc()) 124M->25M(4096M) 17.942ms
[15.934s][info][gc,cpu         ] GC(68) User=0.09s Sys=0.00s Real=0.02s
[16.134s][info][gc,start       ] GC(69) Pause Full (System.gc())
[16.134s][info][gc,task        ] GC(69) Using 6 workers of 6 for full compaction
[16.134s][info][gc,phases,start] GC(69) Phase 1: Mark live objects
[16.139s][info][gc,phases      ] GC(69) Phase 1: Mark live objects 5.333ms
[16.139s][info][gc,phases,start] GC(69) Phase 2: Prepare for compaction
[16.141s][info][gc,phases      ] GC(69) Phase 2: Prepare for compaction 1.764ms
[16.141s][info][gc,phases,start] GC(69) Phase 3: Adjust pointers
[16.143s][info][gc,phases      ] GC(69) Phase 3: Adjust pointers 1.893ms
[16.143s][info][gc,phases,start] GC(69) Phase 4: Compact heap
[16.144s][info][gc,phases      ] GC(69) Phase 4: Compact heap 0.393ms
[16.152s][info][gc,heap        ] GC(69) Eden regions: 50->0(102)
[16.152s][info][gc,heap        ] GC(69) Survivor regions: 0->0(0)
[16.152s][info][gc,heap        ] GC(69) Old regions: 15->15
[16.152s][info][gc,heap        ] GC(69) Archive regions: 0->0
[16.152s][info][gc,heap        ] GC(69) Humongous regions: 0->0
[16.152s][info][gc,metaspace   ] GC(69) Metaspace: 12379K(12672K)->12379K(12672K) NonClass: 10720K(10880K)->10720K(10880K) Class: 1658K(1792K)->1658K(1792K)
[16.152s][info][gc             ] GC(69) Pause Full (System.gc()) 124M->25M(4096M) 18.246ms
[16.152s][info][gc,cpu         ] GC(69) User=0.02s Sys=0.00s Real=0.02s
[16.353s][info][gc,start       ] GC(70) Pause Full (System.gc())
[16.353s][info][gc,task        ] GC(70) Using 6 workers of 6 for full compaction
[16.353s][info][gc,phases,start] GC(70) Phase 1: Mark live objects
[16.358s][info][gc,phases      ] GC(70) Phase 1: Mark live objects 5.213ms
[16.359s][info][gc,phases,start] GC(70) Phase 2: Prepare for compaction
[16.360s][info][gc,phases      ] GC(70) Phase 2: Prepare for compaction 1.850ms
[16.360s][info][gc,phases,start] GC(70) Phase 3: Adjust pointers
[16.362s][info][gc,phases      ] GC(70) Phase 3: Adjust pointers 1.919ms
[16.362s][info][gc,phases,start] GC(70) Phase 4: Compact heap
[16.363s][info][gc,phases      ] GC(70) Phase 4: Compact heap 0.388ms
[16.371s][info][gc,heap        ] GC(70) Eden regions: 50->0(102)
[16.371s][info][gc,heap        ] GC(70) Survivor regions: 0->0(0)
[16.371s][info][gc,heap        ] GC(70) Old regions: 15->15
[16.371s][info][gc,heap        ] GC(70) Archive regions: 0->0
[16.371s][info][gc,heap        ] GC(70) Humongous regions: 0->0
[16.371s][info][gc,metaspace   ] GC(70) Metaspace: 12379K(12672K)->12379K(12672K) NonClass: 10720K(10880K)->10720K(10880K) Class: 1658K(1792K)->1658K(1792K)
[16.371s][info][gc             ] GC(70) Pause Full (System.gc()) 124M->25M(4096M) 17.840ms
[16.371s][info][gc,cpu         ] GC(70) User=0.09s Sys=0.00s Real=0.03s
[16.572s][info][gc,start       ] GC(71) Pause Full (System.gc())
[16.572s][info][gc,task        ] GC(71) Using 6 workers of 6 for full compaction
[16.572s][info][gc,phases,start] GC(71) Phase 1: Mark live objects
[16.577s][info][gc,phases      ] GC(71) Phase 1: Mark live objects 4.993ms
[16.577s][info][gc,phases,start] GC(71) Phase 2: Prepare for compaction
[16.579s][info][gc,phases      ] GC(71) Phase 2: Prepare for compaction 1.916ms
[16.579s][info][gc,phases,start] GC(71) Phase 3: Adjust pointers
[16.581s][info][gc,phases      ] GC(71) Phase 3: Adjust pointers 1.894ms
[16.581s][info][gc,phases,start] GC(71) Phase 4: Compact heap
[16.581s][info][gc,phases      ] GC(71) Phase 4: Compact heap 0.372ms
[16.590s][info][gc,heap        ] GC(71) Eden regions: 50->0(102)
[16.590s][info][gc,heap        ] GC(71) Survivor regions: 0->0(0)
[16.590s][info][gc,heap        ] GC(71) Old regions: 15->15
[16.590s][info][gc,heap        ] GC(71) Archive regions: 0->0
[16.590s][info][gc,heap        ] GC(71) Humongous regions: 0->0
[16.590s][info][gc,metaspace   ] GC(71) Metaspace: 12379K(12672K)->12379K(12672K) NonClass: 10720K(10880K)->10720K(10880K) Class: 1658K(1792K)->1658K(1792K)
[16.590s][info][gc             ] GC(71) Pause Full (System.gc()) 124M->25M(4096M) 17.937ms
[16.590s][info][gc,cpu         ] GC(71) User=0.09s Sys=0.00s Real=0.02s
[16.791s][info][gc,start       ] GC(72) Pause Full (System.gc())
[16.791s][info][gc,task        ] GC(72) Using 6 workers of 6 for full compaction
[16.791s][info][gc,phases,start] GC(72) Phase 1: Mark live objects
[16.796s][info][gc,phases      ] GC(72) Phase 1: Mark live objects 4.918ms
[16.796s][info][gc,phases,start] GC(72) Phase 2: Prepare for compaction
[16.798s][info][gc,phases      ] GC(72) Phase 2: Prepare for compaction 1.862ms
[16.798s][info][gc,phases,start] GC(72) Phase 3: Adjust pointers
[16.800s][info][gc,phases      ] GC(72) Phase 3: Adjust pointers 2.041ms
[16.800s][info][gc,phases,start] GC(72) Phase 4: Compact heap
[16.800s][info][gc,phases      ] GC(72) Phase 4: Compact heap 0.378ms
[16.809s][info][gc,heap        ] GC(72) Eden regions: 50->0(102)
[16.809s][info][gc,heap        ] GC(72) Survivor regions: 0->0(0)
[16.809s][info][gc,heap        ] GC(72) Old regions: 15->16
[16.809s][info][gc,heap        ] GC(72) Archive regions: 0->0
[16.809s][info][gc,heap        ] GC(72) Humongous regions: 0->0
[16.809s][info][gc,metaspace   ] GC(72) Metaspace: 12379K(12672K)->12379K(12672K) NonClass: 10720K(10880K)->10720K(10880K) Class: 1658K(1792K)->1658K(1792K)
[16.809s][info][gc             ] GC(72) Pause Full (System.gc()) 124M->25M(4096M) 18.374ms
[16.809s][info][gc,cpu         ] GC(72) User=0.09s Sys=0.00s Real=0.02s
[17.008s][info][gc,start       ] GC(73) Pause Full (System.gc())
[17.008s][info][gc,task        ] GC(73) Using 6 workers of 6 for full compaction
[17.008s][info][gc,phases,start] GC(73) Phase 1: Mark live objects
[17.013s][info][gc,phases      ] GC(73) Phase 1: Mark live objects 4.985ms
[17.013s][info][gc,phases,start] GC(73) Phase 2: Prepare for compaction
[17.015s][info][gc,phases      ] GC(73) Phase 2: Prepare for compaction 1.840ms
[17.015s][info][gc,phases,start] GC(73) Phase 3: Adjust pointers
[17.017s][info][gc,phases      ] GC(73) Phase 3: Adjust pointers 1.885ms
[17.017s][info][gc,phases,start] GC(73) Phase 4: Compact heap
[17.017s][info][gc,phases      ] GC(73) Phase 4: Compact heap 0.383ms
[17.026s][info][gc,heap        ] GC(73) Eden regions: 50->0(102)
[17.026s][info][gc,heap        ] GC(73) Survivor regions: 0->0(0)
[17.026s][info][gc,heap        ] GC(73) Old regions: 16->15
[17.026s][info][gc,heap        ] GC(73) Archive regions: 0->0
[17.026s][info][gc,heap        ] GC(73) Humongous regions: 0->0
[17.026s][info][gc,metaspace   ] GC(73) Metaspace: 12379K(12672K)->12379K(12672K) NonClass: 10720K(10880K)->10720K(10880K) Class: 1658K(1792K)->1658K(1792K)
[17.026s][info][gc             ] GC(73) Pause Full (System.gc()) 124M->25M(4096M) 17.947ms
[17.026s][info][gc,cpu         ] GC(73) User=0.09s Sys=0.00s Real=0.02s
[17.228s][info][gc,start       ] GC(74) Pause Full (System.gc())
[17.228s][info][gc,task        ] GC(74) Using 6 workers of 6 for full compaction
[17.228s][info][gc,phases,start] GC(74) Phase 1: Mark live objects
[17.234s][info][gc,phases      ] GC(74) Phase 1: Mark live objects 5.211ms
[17.234s][info][gc,phases,start] GC(74) Phase 2: Prepare for compaction
[17.236s][info][gc,phases      ] GC(74) Phase 2: Prepare for compaction 1.982ms
[17.236s][info][gc,phases,start] GC(74) Phase 3: Adjust pointers
[17.238s][info][gc,phases      ] GC(74) Phase 3: Adjust pointers 2.310ms
[17.238s][info][gc,phases,start] GC(74) Phase 4: Compact heap
[17.238s][info][gc,phases      ] GC(74) Phase 4: Compact heap 0.435ms
[17.247s][info][gc,heap        ] GC(74) Eden regions: 50->0(102)
[17.247s][info][gc,heap        ] GC(74) Survivor regions: 0->0(0)
[17.247s][info][gc,heap        ] GC(74) Old regions: 15->15
[17.247s][info][gc,heap        ] GC(74) Archive regions: 0->0
[17.247s][info][gc,heap        ] GC(74) Humongous regions: 0->0
[17.247s][info][gc,metaspace   ] GC(74) Metaspace: 12379K(12672K)->12379K(12672K) NonClass: 10720K(10880K)->10720K(10880K) Class: 1658K(1792K)->1658K(1792K)
[17.247s][info][gc             ] GC(74) Pause Full (System.gc()) 124M->25M(4096M) 19.271ms
[17.247s][info][gc,cpu         ] GC(74) User=0.09s Sys=0.00s Real=0.02s
[17.447s][info][gc,start       ] GC(75) Pause Full (System.gc())
[17.447s][info][gc,task        ] GC(75) Using 6 workers of 6 for full compaction
[17.447s][info][gc,phases,start] GC(75) Phase 1: Mark live objects
[17.452s][info][gc,phases      ] GC(75) Phase 1: Mark live objects 4.379ms
[17.452s][info][gc,phases,start] GC(75) Phase 2: Prepare for compaction
[17.454s][info][gc,phases      ] GC(75) Phase 2: Prepare for compaction 2.232ms
[17.454s][info][gc,phases,start] GC(75) Phase 3: Adjust pointers
[17.456s][info][gc,phases      ] GC(75) Phase 3: Adjust pointers 1.910ms
[17.456s][info][gc,phases,start] GC(75) Phase 4: Compact heap
[17.457s][info][gc,phases      ] GC(75) Phase 4: Compact heap 0.398ms
[17.465s][info][gc,heap        ] GC(75) Eden regions: 50->0(102)
[17.465s][info][gc,heap        ] GC(75) Survivor regions: 0->0(0)
[17.465s][info][gc,heap        ] GC(75) Old regions: 15->15
[17.465s][info][gc,heap        ] GC(75) Archive regions: 0->0
[17.465s][info][gc,heap        ] GC(75) Humongous regions: 0->0
[17.465s][info][gc,metaspace   ] GC(75) Metaspace: 12379K(12672K)->12379K(12672K) NonClass: 10720K(10880K)->10720K(10880K) Class: 1658K(1792K)->1658K(1792K)
[17.465s][info][gc             ] GC(75) Pause Full (System.gc()) 124M->25M(4096M) 17.488ms
[17.465s][info][gc,cpu         ] GC(75) User=0.06s Sys=0.00s Real=0.03s
[17.664s][info][gc,start       ] GC(76) Pause Full (System.gc())
[17.664s][info][gc,task        ] GC(76) Using 6 workers of 6 for full compaction
[17.664s][info][gc,phases,start] GC(76) Phase 1: Mark live objects
[17.669s][info][gc,phases      ] GC(76) Phase 1: Mark live objects 4.800ms
[17.669s][info][gc,phases,start] GC(76) Phase 2: Prepare for compaction
[17.671s][info][gc,phases      ] GC(76) Phase 2: Prepare for compaction 2.244ms
[17.671s][info][gc,phases,start] GC(76) Phase 3: Adjust pointers
[17.673s][info][gc,phases      ] GC(76) Phase 3: Adjust pointers 1.842ms
[17.673s][info][gc,phases,start] GC(76) Phase 4: Compact heap
[17.674s][info][gc,phases      ] GC(76) Phase 4: Compact heap 0.404ms
[17.682s][info][gc,heap        ] GC(76) Eden regions: 50->0(102)
[17.682s][info][gc,heap        ] GC(76) Survivor regions: 0->0(0)
[17.682s][info][gc,heap        ] GC(76) Old regions: 15->15
[17.682s][info][gc,heap        ] GC(76) Archive regions: 0->0
[17.682s][info][gc,heap        ] GC(76) Humongous regions: 0->0
[17.682s][info][gc,metaspace   ] GC(76) Metaspace: 12379K(12672K)->12379K(12672K) NonClass: 10720K(10880K)->10720K(10880K) Class: 1658K(1792K)->1658K(1792K)
[17.682s][info][gc             ] GC(76) Pause Full (System.gc()) 124M->25M(4096M) 18.131ms
[17.682s][info][gc,cpu         ] GC(76) User=0.09s Sys=0.00s Real=0.02s
[17.881s][info][gc,start       ] GC(77) Pause Full (System.gc())
[17.882s][info][gc,task        ] GC(77) Using 6 workers of 6 for full compaction
[17.882s][info][gc,phases,start] GC(77) Phase 1: Mark live objects
[17.887s][info][gc,phases      ] GC(77) Phase 1: Mark live objects 5.028ms
[17.887s][info][gc,phases,start] GC(77) Phase 2: Prepare for compaction
[17.889s][info][gc,phases      ] GC(77) Phase 2: Prepare for compaction 1.723ms
[17.889s][info][gc,phases,start] GC(77) Phase 3: Adjust pointers
[17.891s][info][gc,phases      ] GC(77) Phase 3: Adjust pointers 1.921ms
[17.891s][info][gc,phases,start] GC(77) Phase 4: Compact heap
[17.891s][info][gc,phases      ] GC(77) Phase 4: Compact heap 0.398ms
[17.899s][info][gc,heap        ] GC(77) Eden regions: 50->0(102)
[17.900s][info][gc,heap        ] GC(77) Survivor regions: 0->0(0)
[17.900s][info][gc,heap        ] GC(77) Old regions: 15->15
[17.900s][info][gc,heap        ] GC(77) Archive regions: 0->0
[17.900s][info][gc,heap        ] GC(77) Humongous regions: 0->0
[17.900s][info][gc,metaspace   ] GC(77) Metaspace: 12379K(12672K)->12379K(12672K) NonClass: 10720K(10880K)->10720K(10880K) Class: 1658K(1792K)->1658K(1792K)
[17.900s][info][gc             ] GC(77) Pause Full (System.gc()) 124M->25M(4096M) 18.109ms
[17.900s][info][gc,cpu         ] GC(77) User=0.06s Sys=0.00s Real=0.03s
[18.099s][info][gc,start       ] GC(78) Pause Full (System.gc())
[18.099s][info][gc,task        ] GC(78) Using 6 workers of 6 for full compaction
[18.100s][info][gc,phases,start] GC(78) Phase 1: Mark live objects
[18.105s][info][gc,phases      ] GC(78) Phase 1: Mark live objects 5.020ms
[18.105s][info][gc,phases,start] GC(78) Phase 2: Prepare for compaction
[18.107s][info][gc,phases      ] GC(78) Phase 2: Prepare for compaction 1.879ms
[18.107s][info][gc,phases,start] GC(78) Phase 3: Adjust pointers
[18.109s][info][gc,phases      ] GC(78) Phase 3: Adjust pointers 1.927ms
[18.109s][info][gc,phases,start] GC(78) Phase 4: Compact heap
[18.109s][info][gc,phases      ] GC(78) Phase 4: Compact heap 0.392ms
[18.117s][info][gc,heap        ] GC(78) Eden regions: 50->0(102)
[18.117s][info][gc,heap        ] GC(78) Survivor regions: 0->0(0)
[18.117s][info][gc,heap        ] GC(78) Old regions: 15->15
[18.117s][info][gc,heap        ] GC(78) Archive regions: 0->0
[18.117s][info][gc,heap        ] GC(78) Humongous regions: 0->0
[18.117s][info][gc,metaspace   ] GC(78) Metaspace: 12382K(12672K)->12382K(12672K) NonClass: 10723K(10880K)->10723K(10880K) Class: 1658K(1792K)->1658K(1792K)
[18.117s][info][gc             ] GC(78) Pause Full (System.gc()) 124M->25M(4096M) 18.164ms
[18.117s][info][gc,cpu         ] GC(78) User=0.09s Sys=0.00s Real=0.03s
[18.318s][info][gc,start       ] GC(79) Pause Full (System.gc())
[18.318s][info][gc,task        ] GC(79) Using 6 workers of 6 for full compaction
[18.319s][info][gc,phases,start] GC(79) Phase 1: Mark live objects
[18.324s][info][gc,phases      ] GC(79) Phase 1: Mark live objects 5.302ms
[18.324s][info][gc,phases,start] GC(79) Phase 2: Prepare for compaction
[18.326s][info][gc,phases      ] GC(79) Phase 2: Prepare for compaction 1.748ms
[18.326s][info][gc,phases,start] GC(79) Phase 3: Adjust pointers
[18.328s][info][gc,phases      ] GC(79) Phase 3: Adjust pointers 1.967ms
[18.328s][info][gc,phases,start] GC(79) Phase 4: Compact heap
[18.328s][info][gc,phases      ] GC(79) Phase 4: Compact heap 0.397ms
[18.336s][info][gc,heap        ] GC(79) Eden regions: 50->0(102)
[18.336s][info][gc,heap        ] GC(79) Survivor regions: 0->0(0)
[18.336s][info][gc,heap        ] GC(79) Old regions: 15->15
[18.336s][info][gc,heap        ] GC(79) Archive regions: 0->0
[18.336s][info][gc,heap        ] GC(79) Humongous regions: 0->0
[18.336s][info][gc,metaspace   ] GC(79) Metaspace: 12383K(12672K)->12383K(12672K) NonClass: 10724K(10880K)->10724K(10880K) Class: 1658K(1792K)->1658K(1792K)
[18.336s][info][gc             ] GC(79) Pause Full (System.gc()) 124M->25M(4096M) 18.093ms
[18.336s][info][gc,cpu         ] GC(79) User=0.09s Sys=0.00s Real=0.02s
[18.536s][info][gc,start       ] GC(80) Pause Full (System.gc())
[18.536s][info][gc,task        ] GC(80) Using 6 workers of 6 for full compaction
[18.536s][info][gc,phases,start] GC(80) Phase 1: Mark live objects
[18.541s][info][gc,phases      ] GC(80) Phase 1: Mark live objects 4.869ms
[18.541s][info][gc,phases,start] GC(80) Phase 2: Prepare for compaction
[18.543s][info][gc,phases      ] GC(80) Phase 2: Prepare for compaction 1.787ms
[18.543s][info][gc,phases,start] GC(80) Phase 3: Adjust pointers
[18.545s][info][gc,phases      ] GC(80) Phase 3: Adjust pointers 1.880ms
[18.545s][info][gc,phases,start] GC(80) Phase 4: Compact heap
[18.545s][info][gc,phases      ] GC(80) Phase 4: Compact heap 0.369ms
[18.554s][info][gc,heap        ] GC(80) Eden regions: 50->0(102)
[18.554s][info][gc,heap        ] GC(80) Survivor regions: 0->0(0)
[18.555s][info][gc,heap        ] GC(80) Old regions: 15->15
[18.555s][info][gc,heap        ] GC(80) Archive regions: 0->0
[18.555s][info][gc,heap        ] GC(80) Humongous regions: 0->0
[18.555s][info][gc,metaspace   ] GC(80) Metaspace: 12383K(12672K)->12383K(12672K) NonClass: 10724K(10880K)->10724K(10880K) Class: 1658K(1792K)->1658K(1792K)
[18.555s][info][gc             ] GC(80) Pause Full (System.gc()) 124M->25M(4096M) 18.753ms
[18.555s][info][gc,cpu         ] GC(80) User=0.09s Sys=0.00s Real=0.02s
[18.755s][info][gc,start       ] GC(81) Pause Full (System.gc())
[18.755s][info][gc,task        ] GC(81) Using 6 workers of 6 for full compaction
[18.756s][info][gc,phases,start] GC(81) Phase 1: Mark live objects
[18.761s][info][gc,phases      ] GC(81) Phase 1: Mark live objects 4.942ms
[18.761s][info][gc,phases,start] GC(81) Phase 2: Prepare for compaction
[18.762s][info][gc,phases      ] GC(81) Phase 2: Prepare for compaction 1.700ms
[18.763s][info][gc,phases,start] GC(81) Phase 3: Adjust pointers
[18.765s][info][gc,phases      ] GC(81) Phase 3: Adjust pointers 1.878ms
[18.765s][info][gc,phases,start] GC(81) Phase 4: Compact heap
[18.765s][info][gc,phases      ] GC(81) Phase 4: Compact heap 0.399ms
[18.773s][info][gc,heap        ] GC(81) Eden regions: 50->0(102)
[18.773s][info][gc,heap        ] GC(81) Survivor regions: 0->0(0)
[18.773s][info][gc,heap        ] GC(81) Old regions: 15->15
[18.773s][info][gc,heap        ] GC(81) Archive regions: 0->0
[18.773s][info][gc,heap        ] GC(81) Humongous regions: 0->0
[18.773s][info][gc,metaspace   ] GC(81) Metaspace: 12383K(12672K)->12383K(12672K) NonClass: 10724K(10880K)->10724K(10880K) Class: 1658K(1792K)->1658K(1792K)
[18.773s][info][gc             ] GC(81) Pause Full (System.gc()) 124M->25M(4096M) 17.966ms
[18.773s][info][gc,cpu         ] GC(81) User=0.09s Sys=0.00s Real=0.03s
[18.972s][info][gc,start       ] GC(82) Pause Full (System.gc())
[18.973s][info][gc,task        ] GC(82) Using 6 workers of 6 for full compaction
[18.973s][info][gc,phases,start] GC(82) Phase 1: Mark live objects
[18.978s][info][gc,phases      ] GC(82) Phase 1: Mark live objects 4.935ms
[18.978s][info][gc,phases,start] GC(82) Phase 2: Prepare for compaction
[18.980s][info][gc,phases      ] GC(82) Phase 2: Prepare for compaction 1.907ms
[18.980s][info][gc,phases,start] GC(82) Phase 3: Adjust pointers
[18.982s][info][gc,phases      ] GC(82) Phase 3: Adjust pointers 2.051ms
[18.982s][info][gc,phases,start] GC(82) Phase 4: Compact heap
[18.982s][info][gc,phases      ] GC(82) Phase 4: Compact heap 0.417ms
[18.991s][info][gc,heap        ] GC(82) Eden regions: 50->0(102)
[18.991s][info][gc,heap        ] GC(82) Survivor regions: 0->0(0)
[18.991s][info][gc,heap        ] GC(82) Old regions: 15->15
[18.991s][info][gc,heap        ] GC(82) Archive regions: 0->0
[18.991s][info][gc,heap        ] GC(82) Humongous regions: 0->0
[18.991s][info][gc,metaspace   ] GC(82) Metaspace: 12383K(12672K)->12383K(12672K) NonClass: 10724K(10880K)->10724K(10880K) Class: 1658K(1792K)->1658K(1792K)
[18.991s][info][gc             ] GC(82) Pause Full (System.gc()) 124M->25M(4096M) 18.241ms
[18.991s][info][gc,cpu         ] GC(82) User=0.08s Sys=0.00s Real=0.02s
[19.190s][info][gc,start       ] GC(83) Pause Full (System.gc())
[19.190s][info][gc,task        ] GC(83) Using 6 workers of 6 for full compaction
[19.190s][info][gc,phases,start] GC(83) Phase 1: Mark live objects
[19.195s][info][gc,phases      ] GC(83) Phase 1: Mark live objects 5.244ms
[19.195s][info][gc,phases,start] GC(83) Phase 2: Prepare for compaction
[19.197s][info][gc,phases      ] GC(83) Phase 2: Prepare for compaction 1.766ms
[19.197s][info][gc,phases,start] GC(83) Phase 3: Adjust pointers
[19.199s][info][gc,phases      ] GC(83) Phase 3: Adjust pointers 1.899ms
[19.199s][info][gc,phases,start] GC(83) Phase 4: Compact heap
[19.199s][info][gc,phases      ] GC(83) Phase 4: Compact heap 0.378ms
[19.208s][info][gc,heap        ] GC(83) Eden regions: 50->0(102)
[19.208s][info][gc,heap        ] GC(83) Survivor regions: 0->0(0)
[19.208s][info][gc,heap        ] GC(83) Old regions: 15->15
[19.208s][info][gc,heap        ] GC(83) Archive regions: 0->0
[19.208s][info][gc,heap        ] GC(83) Humongous regions: 0->0
[19.208s][info][gc,metaspace   ] GC(83) Metaspace: 12384K(12672K)->12384K(12672K) NonClass: 10725K(10880K)->10725K(10880K) Class: 1658K(1792K)->1658K(1792K)
[19.208s][info][gc             ] GC(83) Pause Full (System.gc()) 124M->25M(4096M) 18.501ms
[19.208s][info][gc,cpu         ] GC(83) User=0.09s Sys=0.00s Real=0.02s
[19.411s][info][gc,start       ] GC(84) Pause Full (System.gc())
[19.411s][info][gc,task        ] GC(84) Using 6 workers of 6 for full compaction
[19.411s][info][gc,phases,start] GC(84) Phase 1: Mark live objects
[19.416s][info][gc,phases      ] GC(84) Phase 1: Mark live objects 4.789ms
[19.416s][info][gc,phases,start] GC(84) Phase 2: Prepare for compaction
[19.418s][info][gc,phases      ] GC(84) Phase 2: Prepare for compaction 2.046ms
[19.418s][info][gc,phases,start] GC(84) Phase 3: Adjust pointers
[19.420s][info][gc,phases      ] GC(84) Phase 3: Adjust pointers 2.109ms
[19.420s][info][gc,phases,start] GC(84) Phase 4: Compact heap
[19.421s][info][gc,phases      ] GC(84) Phase 4: Compact heap 0.391ms
[19.429s][info][gc,heap        ] GC(84) Eden regions: 50->0(102)
[19.429s][info][gc,heap        ] GC(84) Survivor regions: 0->0(0)
[19.429s][info][gc,heap        ] GC(84) Old regions: 15->15
[19.429s][info][gc,heap        ] GC(84) Archive regions: 0->0
[19.429s][info][gc,heap        ] GC(84) Humongous regions: 0->0
[19.429s][info][gc,metaspace   ] GC(84) Metaspace: 12384K(12672K)->12384K(12672K) NonClass: 10725K(10880K)->10725K(10880K) Class: 1658K(1792K)->1658K(1792K)
[19.429s][info][gc             ] GC(84) Pause Full (System.gc()) 124M->25M(4096M) 18.215ms
[19.429s][info][gc,cpu         ] GC(84) User=0.09s Sys=0.00s Real=0.02s
[19.628s][info][gc,start       ] GC(85) Pause Full (System.gc())
[19.628s][info][gc,task        ] GC(85) Using 6 workers of 6 for full compaction
[19.629s][info][gc,phases,start] GC(85) Phase 1: Mark live objects
[19.633s][info][gc,phases      ] GC(85) Phase 1: Mark live objects 4.668ms
[19.633s][info][gc,phases,start] GC(85) Phase 2: Prepare for compaction
[19.636s][info][gc,phases      ] GC(85) Phase 2: Prepare for compaction 2.151ms
[19.636s][info][gc,phases,start] GC(85) Phase 3: Adjust pointers
[19.638s][info][gc,phases      ] GC(85) Phase 3: Adjust pointers 1.969ms
[19.638s][info][gc,phases,start] GC(85) Phase 4: Compact heap
[19.638s][info][gc,phases      ] GC(85) Phase 4: Compact heap 0.410ms
[19.646s][info][gc,heap        ] GC(85) Eden regions: 50->0(102)
[19.647s][info][gc,heap        ] GC(85) Survivor regions: 0->0(0)
[19.647s][info][gc,heap        ] GC(85) Old regions: 15->15
[19.647s][info][gc,heap        ] GC(85) Archive regions: 0->0
[19.647s][info][gc,heap        ] GC(85) Humongous regions: 0->0
[19.647s][info][gc,metaspace   ] GC(85) Metaspace: 12384K(12672K)->12384K(12672K) NonClass: 10725K(10880K)->10725K(10880K) Class: 1658K(1792K)->1658K(1792K)
[19.647s][info][gc             ] GC(85) Pause Full (System.gc()) 124M->25M(4096M) 18.265ms
[19.647s][info][gc,cpu         ] GC(85) User=0.09s Sys=0.00s Real=0.02s
[19.847s][info][gc,start       ] GC(86) Pause Full (System.gc())
[19.847s][info][gc,task        ] GC(86) Using 6 workers of 6 for full compaction
[19.848s][info][gc,phases,start] GC(86) Phase 1: Mark live objects
[19.853s][info][gc,phases      ] GC(86) Phase 1: Mark live objects 4.998ms
[19.853s][info][gc,phases,start] GC(86) Phase 2: Prepare for compaction
[19.855s][info][gc,phases      ] GC(86) Phase 2: Prepare for compaction 1.736ms
[19.855s][info][gc,phases,start] GC(86) Phase 3: Adjust pointers
[19.857s][info][gc,phases      ] GC(86) Phase 3: Adjust pointers 1.924ms
[19.857s][info][gc,phases,start] GC(86) Phase 4: Compact heap
[19.857s][info][gc,phases      ] GC(86) Phase 4: Compact heap 0.415ms
[19.865s][info][gc,heap        ] GC(86) Eden regions: 50->0(102)
[19.865s][info][gc,heap        ] GC(86) Survivor regions: 0->0(0)
[19.865s][info][gc,heap        ] GC(86) Old regions: 15->16
[19.865s][info][gc,heap        ] GC(86) Archive regions: 0->0
[19.865s][info][gc,heap        ] GC(86) Humongous regions: 0->0
[19.865s][info][gc,metaspace   ] GC(86) Metaspace: 12389K(12672K)->12389K(12672K) NonClass: 10730K(10880K)->10730K(10880K) Class: 1658K(1792K)->1658K(1792K)
[19.865s][info][gc             ] GC(86) Pause Full (System.gc()) 124M->25M(4096M) 17.998ms
[19.865s][info][gc,cpu         ] GC(86) User=0.08s Sys=0.00s Real=0.02s
[20.067s][info][gc,start       ] GC(87) Pause Full (System.gc())
[20.067s][info][gc,task        ] GC(87) Using 6 workers of 6 for full compaction
[20.067s][info][gc,phases,start] GC(87) Phase 1: Mark live objects
[20.072s][info][gc,phases      ] GC(87) Phase 1: Mark live objects 4.895ms
[20.072s][info][gc,phases,start] GC(87) Phase 2: Prepare for compaction
[20.074s][info][gc,phases      ] GC(87) Phase 2: Prepare for compaction 1.739ms
[20.074s][info][gc,phases,start] GC(87) Phase 3: Adjust pointers
[20.076s][info][gc,phases      ] GC(87) Phase 3: Adjust pointers 1.941ms
[20.076s][info][gc,phases,start] GC(87) Phase 4: Compact heap
[20.077s][info][gc,phases      ] GC(87) Phase 4: Compact heap 0.374ms
[20.085s][info][gc,heap        ] GC(87) Eden regions: 50->0(102)
[20.085s][info][gc,heap        ] GC(87) Survivor regions: 0->0(0)
[20.085s][info][gc,heap        ] GC(87) Old regions: 16->15
[20.085s][info][gc,heap        ] GC(87) Archive regions: 0->0
[20.085s][info][gc,heap        ] GC(87) Humongous regions: 0->0
[20.085s][info][gc,metaspace   ] GC(87) Metaspace: 12389K(12672K)->12389K(12672K) NonClass: 10730K(10880K)->10730K(10880K) Class: 1658K(1792K)->1658K(1792K)
[20.085s][info][gc             ] GC(87) Pause Full (System.gc()) 124M->25M(4096M) 17.783ms
[20.085s][info][gc,cpu         ] GC(87) User=0.08s Sys=0.02s Real=0.03s
[20.286s][info][gc,start       ] GC(88) Pause Full (System.gc())
[20.286s][info][gc,task        ] GC(88) Using 6 workers of 6 for full compaction
[20.286s][info][gc,phases,start] GC(88) Phase 1: Mark live objects
[20.291s][info][gc,phases      ] GC(88) Phase 1: Mark live objects 4.657ms
[20.291s][info][gc,phases,start] GC(88) Phase 2: Prepare for compaction
[20.293s][info][gc,phases      ] GC(88) Phase 2: Prepare for compaction 1.861ms
[20.293s][info][gc,phases,start] GC(88) Phase 3: Adjust pointers
[20.295s][info][gc,phases      ] GC(88) Phase 3: Adjust pointers 1.919ms
[20.295s][info][gc,phases,start] GC(88) Phase 4: Compact heap
[20.295s][info][gc,phases      ] GC(88) Phase 4: Compact heap 0.381ms
[20.303s][info][gc,heap        ] GC(88) Eden regions: 50->0(102)
[20.303s][info][gc,heap        ] GC(88) Survivor regions: 0->0(0)
[20.303s][info][gc,heap        ] GC(88) Old regions: 15->15
[20.303s][info][gc,heap        ] GC(88) Archive regions: 0->0
[20.303s][info][gc,heap        ] GC(88) Humongous regions: 0->0
[20.303s][info][gc,metaspace   ] GC(88) Metaspace: 12389K(12672K)->12389K(12672K) NonClass: 10730K(10880K)->10730K(10880K) Class: 1658K(1792K)->1658K(1792K)
[20.303s][info][gc             ] GC(88) Pause Full (System.gc()) 124M->25M(4096M) 17.673ms
[20.303s][info][gc,cpu         ] GC(88) User=0.09s Sys=0.00s Real=0.02s
[20.505s][info][gc,start       ] GC(89) Pause Full (System.gc())
[20.505s][info][gc,task        ] GC(89) Using 6 workers of 6 for full compaction
[20.506s][info][gc,phases,start] GC(89) Phase 1: Mark live objects
[20.511s][info][gc,phases      ] GC(89) Phase 1: Mark live objects 5.007ms
[20.511s][info][gc,phases,start] GC(89) Phase 2: Prepare for compaction
[20.513s][info][gc,phases      ] GC(89) Phase 2: Prepare for compaction 1.875ms
[20.513s][info][gc,phases,start] GC(89) Phase 3: Adjust pointers
[20.515s][info][gc,phases      ] GC(89) Phase 3: Adjust pointers 1.934ms
[20.515s][info][gc,phases,start] GC(89) Phase 4: Compact heap
[20.515s][info][gc,phases      ] GC(89) Phase 4: Compact heap 0.378ms
[20.523s][info][gc,heap        ] GC(89) Eden regions: 50->0(102)
[20.523s][info][gc,heap        ] GC(89) Survivor regions: 0->0(0)
[20.523s][info][gc,heap        ] GC(89) Old regions: 15->15
[20.523s][info][gc,heap        ] GC(89) Archive regions: 0->0
[20.523s][info][gc,heap        ] GC(89) Humongous regions: 0->0
[20.523s][info][gc,metaspace   ] GC(89) Metaspace: 12389K(12672K)->12389K(12672K) NonClass: 10730K(10880K)->10730K(10880K) Class: 1658K(1792K)->1658K(1792K)
[20.523s][info][gc             ] GC(89) Pause Full (System.gc()) 124M->25M(4096M) 18.128ms
[20.523s][info][gc,cpu         ] GC(89) User=0.06s Sys=0.00s Real=0.02s
[20.722s][info][gc,start       ] GC(90) Pause Full (System.gc())
[20.722s][info][gc,task        ] GC(90) Using 6 workers of 6 for full compaction
[20.723s][info][gc,phases,start] GC(90) Phase 1: Mark live objects
[20.727s][info][gc,phases      ] GC(90) Phase 1: Mark live objects 4.338ms
[20.727s][info][gc,phases,start] GC(90) Phase 2: Prepare for compaction
[20.729s][info][gc,phases      ] GC(90) Phase 2: Prepare for compaction 1.790ms
[20.729s][info][gc,phases,start] GC(90) Phase 3: Adjust pointers
[20.731s][info][gc,phases      ] GC(90) Phase 3: Adjust pointers 1.872ms
[20.731s][info][gc,phases,start] GC(90) Phase 4: Compact heap
[20.731s][info][gc,phases      ] GC(90) Phase 4: Compact heap 0.377ms
[20.740s][info][gc,heap        ] GC(90) Eden regions: 50->0(102)
[20.740s][info][gc,heap        ] GC(90) Survivor regions: 0->0(0)
[20.740s][info][gc,heap        ] GC(90) Old regions: 15->15
[20.740s][info][gc,heap        ] GC(90) Archive regions: 0->0
[20.740s][info][gc,heap        ] GC(90) Humongous regions: 0->0
[20.740s][info][gc,metaspace   ] GC(90) Metaspace: 12389K(12672K)->12389K(12672K) NonClass: 10730K(10880K)->10730K(10880K) Class: 1658K(1792K)->1658K(1792K)
[20.740s][info][gc             ] GC(90) Pause Full (System.gc()) 124M->25M(4096M) 17.546ms
[20.740s][info][gc,cpu         ] GC(90) User=0.08s Sys=0.00s Real=0.03s
[20.941s][info][gc,start       ] GC(91) Pause Full (System.gc())
[20.941s][info][gc,task        ] GC(91) Using 6 workers of 6 for full compaction
[20.941s][info][gc,phases,start] GC(91) Phase 1: Mark live objects
[20.945s][info][gc,phases      ] GC(91) Phase 1: Mark live objects 4.449ms
[20.945s][info][gc,phases,start] GC(91) Phase 2: Prepare for compaction
[20.947s][info][gc,phases      ] GC(91) Phase 2: Prepare for compaction 1.889ms
[20.947s][info][gc,phases,start] GC(91) Phase 3: Adjust pointers
[20.949s][info][gc,phases      ] GC(91) Phase 3: Adjust pointers 2.002ms
[20.949s][info][gc,phases,start] GC(91) Phase 4: Compact heap
[20.950s][info][gc,phases      ] GC(91) Phase 4: Compact heap 0.538ms
[20.958s][info][gc,heap        ] GC(91) Eden regions: 50->0(102)
[20.958s][info][gc,heap        ] GC(91) Survivor regions: 0->0(0)
[20.958s][info][gc,heap        ] GC(91) Old regions: 15->15
[20.958s][info][gc,heap        ] GC(91) Archive regions: 0->0
[20.958s][info][gc,heap        ] GC(91) Humongous regions: 0->0
[20.958s][info][gc,metaspace   ] GC(91) Metaspace: 12389K(12672K)->12389K(12672K) NonClass: 10730K(10880K)->10730K(10880K) Class: 1658K(1792K)->1658K(1792K)
[20.958s][info][gc             ] GC(91) Pause Full (System.gc()) 124M->25M(4096M) 17.786ms
[20.958s][info][gc,cpu         ] GC(91) User=0.09s Sys=0.00s Real=0.02s
[21.159s][info][gc,start       ] GC(92) Pause Full (System.gc())
[21.159s][info][gc,task        ] GC(92) Using 6 workers of 6 for full compaction
[21.159s][info][gc,phases,start] GC(92) Phase 1: Mark live objects
[21.164s][info][gc,phases      ] GC(92) Phase 1: Mark live objects 4.782ms
[21.164s][info][gc,phases,start] GC(92) Phase 2: Prepare for compaction
[21.166s][info][gc,phases      ] GC(92) Phase 2: Prepare for compaction 1.935ms
[21.166s][info][gc,phases,start] GC(92) Phase 3: Adjust pointers
[21.169s][info][gc,phases      ] GC(92) Phase 3: Adjust pointers 2.400ms
[21.169s][info][gc,phases,start] GC(92) Phase 4: Compact heap
[21.169s][info][gc,phases      ] GC(92) Phase 4: Compact heap 0.399ms
[21.177s][info][gc,heap        ] GC(92) Eden regions: 50->0(102)
[21.177s][info][gc,heap        ] GC(92) Survivor regions: 0->0(0)
[21.177s][info][gc,heap        ] GC(92) Old regions: 15->15
[21.177s][info][gc,heap        ] GC(92) Archive regions: 0->0
[21.177s][info][gc,heap        ] GC(92) Humongous regions: 0->0
[21.177s][info][gc,metaspace   ] GC(92) Metaspace: 12389K(12672K)->12389K(12672K) NonClass: 10730K(10880K)->10730K(10880K) Class: 1658K(1792K)->1658K(1792K)
[21.177s][info][gc             ] GC(92) Pause Full (System.gc()) 124M->25M(4096M) 18.299ms
[21.177s][info][gc,cpu         ] GC(92) User=0.09s Sys=0.00s Real=0.02s
[21.377s][info][gc,start       ] GC(93) Pause Full (System.gc())
[21.377s][info][gc,task        ] GC(93) Using 6 workers of 6 for full compaction
[21.378s][info][gc,phases,start] GC(93) Phase 1: Mark live objects
[21.382s][info][gc,phases      ] GC(93) Phase 1: Mark live objects 4.563ms
[21.382s][info][gc,phases,start] GC(93) Phase 2: Prepare for compaction
[21.384s][info][gc,phases      ] GC(93) Phase 2: Prepare for compaction 2.098ms
[21.384s][info][gc,phases,start] GC(93) Phase 3: Adjust pointers
[21.386s][info][gc,phases      ] GC(93) Phase 3: Adjust pointers 1.829ms
[21.386s][info][gc,phases,start] GC(93) Phase 4: Compact heap
[21.387s][info][gc,phases      ] GC(93) Phase 4: Compact heap 0.426ms
[21.395s][info][gc,heap        ] GC(93) Eden regions: 50->0(102)
[21.395s][info][gc,heap        ] GC(93) Survivor regions: 0->0(0)
[21.395s][info][gc,heap        ] GC(93) Old regions: 15->15
[21.395s][info][gc,heap        ] GC(93) Archive regions: 0->0
[21.395s][info][gc,heap        ] GC(93) Humongous regions: 0->0
[21.395s][info][gc,metaspace   ] GC(93) Metaspace: 12391K(12672K)->12391K(12672K) NonClass: 10732K(10880K)->10732K(10880K) Class: 1658K(1792K)->1658K(1792K)
[21.395s][info][gc             ] GC(93) Pause Full (System.gc()) 124M->25M(4096M) 17.641ms
[21.395s][info][gc,cpu         ] GC(93) User=0.09s Sys=0.00s Real=0.02s
[21.594s][info][gc,start       ] GC(94) Pause Full (System.gc())
[21.594s][info][gc,task        ] GC(94) Using 6 workers of 6 for full compaction
[21.595s][info][gc,phases,start] GC(94) Phase 1: Mark live objects
[21.599s][info][gc,phases      ] GC(94) Phase 1: Mark live objects 4.651ms
[21.599s][info][gc,phases,start] GC(94) Phase 2: Prepare for compaction
[21.601s][info][gc,phases      ] GC(94) Phase 2: Prepare for compaction 2.080ms
[21.602s][info][gc,phases,start] GC(94) Phase 3: Adjust pointers
[21.604s][info][gc,phases      ] GC(94) Phase 3: Adjust pointers 1.902ms
[21.604s][info][gc,phases,start] GC(94) Phase 4: Compact heap
[21.604s][info][gc,phases      ] GC(94) Phase 4: Compact heap 0.380ms
[21.612s][info][gc,heap        ] GC(94) Eden regions: 50->0(102)
[21.612s][info][gc,heap        ] GC(94) Survivor regions: 0->0(0)
[21.612s][info][gc,heap        ] GC(94) Old regions: 15->15
[21.612s][info][gc,heap        ] GC(94) Archive regions: 0->0
[21.612s][info][gc,heap        ] GC(94) Humongous regions: 0->0
[21.612s][info][gc,metaspace   ] GC(94) Metaspace: 12402K(12672K)->12402K(12672K) NonClass: 10743K(10880K)->10743K(10880K) Class: 1658K(1792K)->1658K(1792K)
[21.612s][info][gc             ] GC(94) Pause Full (System.gc()) 124M->25M(4096M) 17.704ms
[21.612s][info][gc,cpu         ] GC(94) User=0.09s Sys=0.00s Real=0.02s
[21.813s][info][gc,start       ] GC(95) Pause Full (System.gc())
[21.813s][info][gc,task        ] GC(95) Using 6 workers of 6 for full compaction
[21.814s][info][gc,phases,start] GC(95) Phase 1: Mark live objects
[21.818s][info][gc,phases      ] GC(95) Phase 1: Mark live objects 4.674ms
[21.818s][info][gc,phases,start] GC(95) Phase 2: Prepare for compaction
[21.820s][info][gc,phases      ] GC(95) Phase 2: Prepare for compaction 1.827ms
[21.820s][info][gc,phases,start] GC(95) Phase 3: Adjust pointers
[21.822s][info][gc,phases      ] GC(95) Phase 3: Adjust pointers 1.893ms
[21.822s][info][gc,phases,start] GC(95) Phase 4: Compact heap
[21.823s][info][gc,phases      ] GC(95) Phase 4: Compact heap 0.397ms
[21.831s][info][gc,heap        ] GC(95) Eden regions: 50->0(102)
[21.831s][info][gc,heap        ] GC(95) Survivor regions: 0->0(0)
[21.831s][info][gc,heap        ] GC(95) Old regions: 15->15
[21.831s][info][gc,heap        ] GC(95) Archive regions: 0->0
[21.831s][info][gc,heap        ] GC(95) Humongous regions: 0->0
[21.831s][info][gc,metaspace   ] GC(95) Metaspace: 12402K(12672K)->12402K(12672K) NonClass: 10743K(10880K)->10743K(10880K) Class: 1658K(1792K)->1658K(1792K)
[21.831s][info][gc             ] GC(95) Pause Full (System.gc()) 124M->25M(4096M) 17.797ms
[21.831s][info][gc,cpu         ] GC(95) User=0.11s Sys=0.00s Real=0.03s
[22.030s][info][gc,start       ] GC(96) Pause Full (System.gc())
[22.030s][info][gc,task        ] GC(96) Using 6 workers of 6 for full compaction
[22.031s][info][gc,phases,start] GC(96) Phase 1: Mark live objects
[22.035s][info][gc,phases      ] GC(96) Phase 1: Mark live objects 4.367ms
[22.035s][info][gc,phases,start] GC(96) Phase 2: Prepare for compaction
[22.037s][info][gc,phases      ] GC(96) Phase 2: Prepare for compaction 1.820ms
[22.037s][info][gc,phases,start] GC(96) Phase 3: Adjust pointers
[22.039s][info][gc,phases      ] GC(96) Phase 3: Adjust pointers 1.942ms
[22.039s][info][gc,phases,start] GC(96) Phase 4: Compact heap
[22.039s][info][gc,phases      ] GC(96) Phase 4: Compact heap 0.370ms
[22.047s][info][gc,heap        ] GC(96) Eden regions: 50->0(102)
[22.047s][info][gc,heap        ] GC(96) Survivor regions: 0->0(0)
[22.047s][info][gc,heap        ] GC(96) Old regions: 15->15
[22.047s][info][gc,heap        ] GC(96) Archive regions: 0->0
[22.047s][info][gc,heap        ] GC(96) Humongous regions: 0->0
[22.047s][info][gc,metaspace   ] GC(96) Metaspace: 12407K(12672K)->12407K(12672K) NonClass: 10748K(10880K)->10748K(10880K) Class: 1658K(1792K)->1658K(1792K)
[22.047s][info][gc             ] GC(96) Pause Full (System.gc()) 124M->25M(4096M) 16.901ms
[22.047s][info][gc,cpu         ] GC(96) User=0.06s Sys=0.00s Real=0.02s
[22.247s][info][gc,start       ] GC(97) Pause Full (System.gc())
[22.247s][info][gc,task        ] GC(97) Using 6 workers of 6 for full compaction
[22.247s][info][gc,phases,start] GC(97) Phase 1: Mark live objects
[22.252s][info][gc,phases      ] GC(97) Phase 1: Mark live objects 4.903ms
[22.252s][info][gc,phases,start] GC(97) Phase 2: Prepare for compaction
[22.254s][info][gc,phases      ] GC(97) Phase 2: Prepare for compaction 1.822ms
[22.254s][info][gc,phases,start] GC(97) Phase 3: Adjust pointers
[22.256s][info][gc,phases      ] GC(97) Phase 3: Adjust pointers 1.875ms
[22.256s][info][gc,phases,start] GC(97) Phase 4: Compact heap
[22.256s][info][gc,phases      ] GC(97) Phase 4: Compact heap 0.384ms
[22.265s][info][gc,heap        ] GC(97) Eden regions: 50->0(102)
[22.265s][info][gc,heap        ] GC(97) Survivor regions: 0->0(0)
[22.265s][info][gc,heap        ] GC(97) Old regions: 15->15
[22.265s][info][gc,heap        ] GC(97) Archive regions: 0->0
[22.265s][info][gc,heap        ] GC(97) Humongous regions: 0->0
[22.265s][info][gc,metaspace   ] GC(97) Metaspace: 12421K(12672K)->12421K(12672K) NonClass: 10762K(10880K)->10762K(10880K) Class: 1658K(1792K)->1658K(1792K)
[22.265s][info][gc             ] GC(97) Pause Full (System.gc()) 124M->25M(4096M) 18.280ms
[22.265s][info][gc,cpu         ] GC(97) User=0.08s Sys=0.02s Real=0.02s
[22.466s][info][gc,start       ] GC(98) Pause Full (System.gc())
[22.466s][info][gc,task        ] GC(98) Using 6 workers of 6 for full compaction
[22.466s][info][gc,phases,start] GC(98) Phase 1: Mark live objects
[22.471s][info][gc,phases      ] GC(98) Phase 1: Mark live objects 4.875ms
[22.471s][info][gc,phases,start] GC(98) Phase 2: Prepare for compaction
[22.473s][info][gc,phases      ] GC(98) Phase 2: Prepare for compaction 1.907ms
[22.473s][info][gc,phases,start] GC(98) Phase 3: Adjust pointers
[22.475s][info][gc,phases      ] GC(98) Phase 3: Adjust pointers 1.897ms
[22.475s][info][gc,phases,start] GC(98) Phase 4: Compact heap
[22.475s][info][gc,phases      ] GC(98) Phase 4: Compact heap 0.359ms
[22.483s][info][gc,heap        ] GC(98) Eden regions: 50->0(102)
[22.483s][info][gc,heap        ] GC(98) Survivor regions: 0->0(0)
[22.483s][info][gc,heap        ] GC(98) Old regions: 15->15
[22.483s][info][gc,heap        ] GC(98) Archive regions: 0->0
[22.483s][info][gc,heap        ] GC(98) Humongous regions: 0->0
[22.483s][info][gc,metaspace   ] GC(98) Metaspace: 12421K(12672K)->12421K(12672K) NonClass: 10762K(10880K)->10762K(10880K) Class: 1658K(1792K)->1658K(1792K)
[22.484s][info][gc             ] GC(98) Pause Full (System.gc()) 124M->25M(4096M) 17.866ms
[22.484s][info][gc,cpu         ] GC(98) User=0.08s Sys=0.02s Real=0.02s
[22.684s][info][gc,start       ] GC(99) Pause Full (System.gc())
[22.684s][info][gc,task        ] GC(99) Using 6 workers of 6 for full compaction
[22.684s][info][gc,phases,start] GC(99) Phase 1: Mark live objects
[22.690s][info][gc,phases      ] GC(99) Phase 1: Mark live objects 5.495ms
[22.690s][info][gc,phases,start] GC(99) Phase 2: Prepare for compaction
[22.692s][info][gc,phases      ] GC(99) Phase 2: Prepare for compaction 1.765ms
[22.692s][info][gc,phases,start] GC(99) Phase 3: Adjust pointers
[22.694s][info][gc,phases      ] GC(99) Phase 3: Adjust pointers 1.926ms
[22.694s][info][gc,phases,start] GC(99) Phase 4: Compact heap
[22.694s][info][gc,phases      ] GC(99) Phase 4: Compact heap 0.390ms
[22.702s][info][gc,heap        ] GC(99) Eden regions: 50->0(102)
[22.702s][info][gc,heap        ] GC(99) Survivor regions: 0->0(0)
[22.702s][info][gc,heap        ] GC(99) Old regions: 15->15
[22.703s][info][gc,heap        ] GC(99) Archive regions: 0->0
[22.703s][info][gc,heap        ] GC(99) Humongous regions: 0->0
[22.703s][info][gc,metaspace   ] GC(99) Metaspace: 12421K(12672K)->12421K(12672K) NonClass: 10763K(10880K)->10763K(10880K) Class: 1658K(1792K)->1658K(1792K)
[22.703s][info][gc             ] GC(99) Pause Full (System.gc()) 124M->25M(4096M) 18.547ms
[22.703s][info][gc,cpu         ] GC(99) User=0.09s Sys=0.00s Real=0.03s
[22.907s][info][gc,heap,exit   ] Heap
[22.907s][info][gc,heap,exit   ]  garbage-first heap   total 4194304K, used 132038K [0x0000000700000000, 0x0000000800000000)
[22.907s][info][gc,heap,exit   ]   region size 2048K, 52 young (106496K), 0 survivors (0K)
[22.907s][info][gc,heap,exit   ]  Metaspace       used 12482K, committed 12736K, reserved 1114112K
[22.907s][info][gc,heap,exit   ]   class space    used 1668K, committed 1792K, reserved 1048576K
