OpenJDK 64-Bit Server VM (25.422-b05) for windows-amd64 JRE (1.8.0_422-422-b05), built on Jul 18 2024 05:34:18 by "Administrator" with MS VC++ 16.10 / 16.11 (VS2019)
Memory: 4k page, physical 15965620k(10977784k free), swap 17014196k(11236864k free)
CommandLine flags: -XX:InitialHeapSize=4294967296 -XX:MaxHeapSize=4294967296 -XX:+PrintGC -XX:+PrintGCApplicationConcurrentTime -XX:+PrintGCApplicationStoppedTime -XX:+PrintGCDateStamps -XX:+PrintGCDetails -XX:+PrintGCTimeStamps -XX:+UnlockExperimentalVMOptions -XX:+UseCompressedClassPointers -XX:+UseCompressedOops -XX:+UseG1GC -XX:-UseLargePagesIndividualAllocation 
2024-10-12T18:52:29.829+0300: 0.111: Application time: 0.0186475 seconds
2024-10-12T18:52:29.829+0300: 0.111: Total time for which application threads were stopped: 0.0000787 seconds, Stopping threads took: 0.0000307 seconds
2024-10-12T18:52:29.829+0300: 0.119: Application time: 0.0078953 seconds
2024-10-12T18:52:29.829+0300: 0.119: Total time for which application threads were stopped: 0.0000828 seconds, Stopping threads took: 0.0000240 seconds
2024-10-12T18:52:30.002+0300: 0.290: Application time: 0.1712753 seconds
2024-10-12T18:52:30.002+0300: 0.290: [Full GC (System.gc())  14336K->3705K(4096M), 0.0349290 secs]
   [Eden: 14336.0K(204.0M)->0.0B(204.0M) Survivors: 0.0B->0.0B Heap: 14336.0K(4096.0M)->3705.7K(4096.0M)], [Metaspace: 7069K->7069K(1056768K)]
 [Times: user=0.02 sys=0.00, real=0.03 secs] 
2024-10-12T18:52:30.033+0300: 0.325: Total time for which application threads were stopped: 0.0351435 seconds, Stopping threads took: 0.0000333 seconds
2024-10-12T18:52:30.033+0300: 0.326: Application time: 0.0001208 seconds
2024-10-12T18:52:30.033+0300: 0.326: [Full GC (System.gc())  3705K->3705K(4096M), 0.0221757 secs]
   [Eden: 0.0B(204.0M)->0.0B(204.0M) Survivors: 0.0B->0.0B Heap: 3705.7K(4096.0M)->3705.7K(4096.0M)], [Metaspace: 7069K->7069K(1056768K)]
 [Times: user=0.00 sys=0.00, real=0.03 secs] 
2024-10-12T18:52:30.064+0300: 0.348: Total time for which application threads were stopped: 0.0223507 seconds, Stopping threads took: 0.0000566 seconds
2024-10-12T18:52:30.111+0300: 0.404: Application time: 0.0562372 seconds
2024-10-12T18:52:30.111+0300: 0.404: Total time for which application threads were stopped: 0.0001936 seconds, Stopping threads took: 0.0000406 seconds
2024-10-12T18:52:30.190+0300: 0.483: Application time: 0.0790567 seconds
2024-10-12T18:52:30.190+0300: 0.484: Total time for which application threads were stopped: 0.0002064 seconds, Stopping threads took: 0.0000253 seconds
2024-10-12T18:52:30.206+0300: 0.495: Application time: 0.0111001 seconds
2024-10-12T18:52:30.206+0300: 0.495: Total time for which application threads were stopped: 0.0001910 seconds, Stopping threads took: 0.0000216 seconds
2024-10-12T18:52:30.379+0300: 0.673: Application time: 0.1780156 seconds
2024-10-12T18:52:30.379+0300: 0.673: Total time for which application threads were stopped: 0.0002160 seconds, Stopping threads took: 0.0000698 seconds
2024-10-12T18:52:30.394+0300: 0.679: Application time: 0.0057429 seconds
2024-10-12T18:52:30.394+0300: 0.679: Total time for which application threads were stopped: 0.0003526 seconds, Stopping threads took: 0.0000507 seconds
2024-10-12T18:52:31.086+0300: 1.369: Application time: 0.6901432 seconds
2024-10-12T18:52:31.086+0300: 1.370: Total time for which application threads were stopped: 0.0004091 seconds, Stopping threads took: 0.0000542 seconds
2024-10-12T18:52:31.164+0300: 1.453: Application time: 0.0826830 seconds
2024-10-12T18:52:31.164+0300: 1.453: Total time for which application threads were stopped: 0.0003578 seconds, Stopping threads took: 0.0000598 seconds
2024-10-12T18:52:32.168+0300: 2.447: Application time: 0.9945558 seconds
2024-10-12T18:52:32.168+0300: 2.448: Total time for which application threads were stopped: 0.0000859 seconds, Stopping threads took: 0.0000202 seconds
2024-10-12T18:52:32.670+0300: 2.958: Application time: 0.5107844 seconds
2024-10-12T18:52:32.670+0300: 2.959: Total time for which application threads were stopped: 0.0004408 seconds, Stopping threads took: 0.0000384 seconds
2024-10-12T18:52:32.938+0300: 3.230: Application time: 0.2714301 seconds
2024-10-12T18:52:32.938+0300: 3.231: Total time for which application threads were stopped: 0.0004541 seconds, Stopping threads took: 0.0000413 seconds
2024-10-12T18:52:33.659+0300: 3.952: Application time: 0.7211072 seconds
2024-10-12T18:52:33.659+0300: 3.952: Total time for which application threads were stopped: 0.0002246 seconds, Stopping threads took: 0.0000466 seconds
2024-10-12T18:52:33.863+0300: 4.143: Application time: 0.1907049 seconds
2024-10-12T18:52:33.863+0300: 4.143: Total time for which application threads were stopped: 0.0003553 seconds, Stopping threads took: 0.0000368 seconds
2024-10-12T18:52:34.868+0300: 5.147: Application time: 1.0042703 seconds
2024-10-12T18:52:34.868+0300: 5.148: Total time for which application threads were stopped: 0.0002342 seconds, Stopping threads took: 0.0000457 seconds
2024-10-12T18:52:35.873+0300: 6.152: Application time: 1.0041830 seconds
2024-10-12T18:52:35.873+0300: 6.152: Total time for which application threads were stopped: 0.0002669 seconds, Stopping threads took: 0.0000598 seconds
2024-10-12T18:52:36.876+0300: 7.155: Application time: 1.0031150 seconds
2024-10-12T18:52:36.876+0300: 7.155: Total time for which application threads were stopped: 0.0001793 seconds, Stopping threads took: 0.0000336 seconds
2024-10-12T18:52:37.880+0300: 8.160: Application time: 1.0042635 seconds
2024-10-12T18:52:37.880+0300: 8.160: Total time for which application threads were stopped: 0.0001210 seconds, Stopping threads took: 0.0000480 seconds
2024-10-12T18:52:38.038+0300: 8.328: Application time: 0.1683277 seconds
2024-10-12T18:52:38.038+0300: 8.328: [GC pause (G1 Evacuation Pause) (young), 0.0045541 secs]
   [Parallel Time: 2.9 ms, GC Workers: 6]
      [GC Worker Start (ms): Min: 8328.3, Avg: 8328.4, Max: 8328.4, Diff: 0.1]
      [Ext Root Scanning (ms): Min: 0.1, Avg: 0.3, Max: 0.6, Diff: 0.5, Sum: 1.9]
      [Update RS (ms): Min: 0.0, Avg: 0.0, Max: 0.1, Diff: 0.1, Sum: 0.3]
         [Processed Buffers: Min: 0, Avg: 1.3, Max: 4, Diff: 4, Sum: 8]
      [Scan RS (ms): Min: 0.0, Avg: 0.0, Max: 0.0, Diff: 0.0, Sum: 0.1]
      [Code Root Scanning (ms): Min: 0.2, Avg: 0.5, Max: 0.9, Diff: 0.7, Sum: 2.7]
      [Object Copy (ms): Min: 1.5, Avg: 1.9, Max: 2.1, Diff: 0.5, Sum: 11.2]
      [Termination (ms): Min: 0.0, Avg: 0.0, Max: 0.0, Diff: 0.0, Sum: 0.0]
         [Termination Attempts: Min: 1, Avg: 19.3, Max: 29, Diff: 28, Sum: 116]
      [GC Worker Other (ms): Min: 0.0, Avg: 0.0, Max: 0.1, Diff: 0.0, Sum: 0.2]
      [GC Worker Total (ms): Min: 2.7, Avg: 2.7, Max: 2.8, Diff: 0.1, Sum: 16.4]
      [GC Worker End (ms): Min: 8331.1, Avg: 8331.1, Max: 8331.1, Diff: 0.0]
   [Code Root Fixup: 0.1 ms]
   [Code Root Purge: 0.0 ms]
   [Clear CT: 0.2 ms]
   [Other: 1.3 ms]
      [Choose CSet: 0.0 ms]
      [Ref Proc: 0.7 ms]
      [Ref Enq: 0.0 ms]
      [Redirty Cards: 0.2 ms]
      [Humongous Register: 0.0 ms]
      [Humongous Reclaim: 0.0 ms]
      [Free CSet: 0.1 ms]
   [Eden: 204.0M(204.0M)->0.0B(198.0M) Survivors: 0.0B->6144.0K Heap: 207.6M(4096.0M)->9364.8K(4096.0M)]
 [Times: user=0.00 sys=0.00, real=0.01 secs] 
2024-10-12T18:52:38.053+0300: 8.333: Total time for which application threads were stopped: 0.0048200 seconds, Stopping threads took: 0.0000297 seconds
2024-10-12T18:52:38.053+0300: 8.333: Application time: 0.0004282 seconds
2024-10-12T18:52:38.053+0300: 8.333: Total time for which application threads were stopped: 0.0000777 seconds, Stopping threads took: 0.0000516 seconds
2024-10-12T18:52:38.053+0300: 8.334: Application time: 0.0001003 seconds
2024-10-12T18:52:38.053+0300: 8.334: Total time for which application threads were stopped: 0.0000428 seconds, Stopping threads took: 0.0000191 seconds
2024-10-12T18:52:38.053+0300: 8.334: Application time: 0.0000474 seconds
2024-10-12T18:52:38.053+0300: 8.334: Total time for which application threads were stopped: 0.0000486 seconds, Stopping threads took: 0.0000343 seconds
2024-10-12T18:52:38.053+0300: 8.334: Application time: 0.0000793 seconds
2024-10-12T18:52:38.053+0300: 8.334: Total time for which application threads were stopped: 0.0000517 seconds, Stopping threads took: 0.0000345 seconds
2024-10-12T18:52:38.053+0300: 8.334: Application time: 0.0000675 seconds
2024-10-12T18:52:38.053+0300: 8.334: Total time for which application threads were stopped: 0.0000331 seconds, Stopping threads took: 0.0000175 seconds
2024-10-12T18:52:38.053+0300: 8.334: Application time: 0.0000542 seconds
2024-10-12T18:52:38.053+0300: 8.334: Total time for which application threads were stopped: 0.0000335 seconds, Stopping threads took: 0.0000171 seconds
2024-10-12T18:52:38.053+0300: 8.334: Application time: 0.0000398 seconds
2024-10-12T18:52:38.053+0300: 8.334: Total time for which application threads were stopped: 0.0000309 seconds, Stopping threads took: 0.0000171 seconds
2024-10-12T18:52:38.053+0300: 8.334: Application time: 0.0000425 seconds
2024-10-12T18:52:38.053+0300: 8.334: Total time for which application threads were stopped: 0.0000304 seconds, Stopping threads took: 0.0000165 seconds
2024-10-12T18:52:38.053+0300: 8.334: Application time: 0.0000410 seconds
2024-10-12T18:52:38.053+0300: 8.334: Total time for which application threads were stopped: 0.0000292 seconds, Stopping threads took: 0.0000164 seconds
2024-10-12T18:52:38.053+0300: 8.334: Application time: 0.0000394 seconds
2024-10-12T18:52:38.053+0300: 8.334: Total time for which application threads were stopped: 0.0000575 seconds, Stopping threads took: 0.0000372 seconds
2024-10-12T18:52:38.053+0300: 8.334: Application time: 0.0000639 seconds
2024-10-12T18:52:38.053+0300: 8.334: Total time for which application threads were stopped: 0.0000541 seconds, Stopping threads took: 0.0000360 seconds
2024-10-12T18:52:38.053+0300: 8.334: Application time: 0.0000582 seconds
2024-10-12T18:52:38.053+0300: 8.335: Total time for which application threads were stopped: 0.0000783 seconds, Stopping threads took: 0.0000590 seconds
2024-10-12T18:52:38.053+0300: 8.335: Application time: 0.0000625 seconds
2024-10-12T18:52:38.053+0300: 8.335: Total time for which application threads were stopped: 0.0000654 seconds, Stopping threads took: 0.0000466 seconds
2024-10-12T18:52:38.053+0300: 8.335: Application time: 0.0000619 seconds
2024-10-12T18:52:38.053+0300: 8.335: Total time for which application threads were stopped: 0.0000868 seconds, Stopping threads took: 0.0000652 seconds
2024-10-12T18:52:38.053+0300: 8.335: Application time: 0.0000577 seconds
2024-10-12T18:52:38.053+0300: 8.335: Total time for which application threads were stopped: 0.0000782 seconds, Stopping threads took: 0.0000598 seconds
2024-10-12T18:52:38.053+0300: 8.335: Application time: 0.0000607 seconds
2024-10-12T18:52:38.053+0300: 8.335: Total time for which application threads were stopped: 0.0000586 seconds, Stopping threads took: 0.0000371 seconds
2024-10-12T18:52:38.053+0300: 8.335: Application time: 0.0000517 seconds
2024-10-12T18:52:38.053+0300: 8.335: Total time for which application threads were stopped: 0.0000526 seconds, Stopping threads took: 0.0000362 seconds
2024-10-12T18:52:38.053+0300: 8.335: Application time: 0.0000494 seconds
2024-10-12T18:52:38.053+0300: 8.335: Total time for which application threads were stopped: 0.0000328 seconds, Stopping threads took: 0.0000160 seconds
2024-10-12T18:52:38.053+0300: 8.335: Application time: 0.0000698 seconds
2024-10-12T18:52:38.053+0300: 8.335: Total time for which application threads were stopped: 0.0000795 seconds, Stopping threads took: 0.0000573 seconds
2024-10-12T18:52:38.053+0300: 8.336: Application time: 0.0000658 seconds
2024-10-12T18:52:38.053+0300: 8.336: Total time for which application threads were stopped: 0.0000851 seconds, Stopping threads took: 0.0000590 seconds
2024-10-12T18:52:39.058+0300: 9.337: Application time: 1.0018627 seconds
2024-10-12T18:52:39.058+0300: 9.338: Total time for which application threads were stopped: 0.0003236 seconds, Stopping threads took: 0.0000381 seconds
2024-10-12T18:52:40.062+0300: 10.341: Application time: 1.0029861 seconds
2024-10-12T18:52:40.062+0300: 10.341: Total time for which application threads were stopped: 0.0001225 seconds, Stopping threads took: 0.0000251 seconds
2024-10-12T18:52:41.066+0300: 11.345: Application time: 1.0036992 seconds
2024-10-12T18:52:41.066+0300: 11.345: Total time for which application threads were stopped: 0.0001684 seconds, Stopping threads took: 0.0000501 seconds
2024-10-12T18:52:42.070+0300: 12.349: Application time: 1.0045687 seconds
2024-10-12T18:52:42.070+0300: 12.349: Total time for which application threads were stopped: 0.0001072 seconds, Stopping threads took: 0.0000630 seconds
2024-10-12T18:52:43.076+0300: 13.355: Application time: 1.0053668 seconds
2024-10-12T18:52:43.076+0300: 13.355: Total time for which application threads were stopped: 0.0001794 seconds, Stopping threads took: 0.0000454 seconds
2024-10-12T18:52:44.082+0300: 14.361: Application time: 1.0057634 seconds
2024-10-12T18:52:44.082+0300: 14.361: Total time for which application threads were stopped: 0.0000562 seconds, Stopping threads took: 0.0000268 seconds
2024-10-12T18:52:45.086+0300: 15.365: Application time: 1.0043937 seconds
2024-10-12T18:52:45.086+0300: 15.365: Total time for which application threads were stopped: 0.0000778 seconds, Stopping threads took: 0.0000253 seconds
2024-10-12T18:52:46.092+0300: 16.371: Application time: 1.0056182 seconds
2024-10-12T18:52:46.092+0300: 16.371: Total time for which application threads were stopped: 0.0001092 seconds, Stopping threads took: 0.0000369 seconds
2024-10-12T18:52:47.097+0300: 17.376: Application time: 1.0049721 seconds
2024-10-12T18:52:47.097+0300: 17.376: Total time for which application threads were stopped: 0.0000921 seconds, Stopping threads took: 0.0000514 seconds
2024-10-12T18:52:48.103+0300: 18.382: Application time: 1.0060314 seconds
2024-10-12T18:52:48.103+0300: 18.382: Total time for which application threads were stopped: 0.0000973 seconds, Stopping threads took: 0.0000270 seconds
2024-10-12T18:52:49.107+0300: 19.387: Application time: 1.0043059 seconds
2024-10-12T18:52:49.107+0300: 19.387: Total time for which application threads were stopped: 0.0000957 seconds, Stopping threads took: 0.0000356 seconds
2024-10-12T18:52:50.112+0300: 20.391: Application time: 1.0047478 seconds
2024-10-12T18:52:50.112+0300: 20.392: Total time for which application threads were stopped: 0.0001723 seconds, Stopping threads took: 0.0000397 seconds
2024-10-12T18:52:51.117+0300: 21.396: Application time: 1.0043688 seconds
2024-10-12T18:52:51.117+0300: 21.396: Total time for which application threads were stopped: 0.0000750 seconds, Stopping threads took: 0.0000303 seconds
2024-10-12T18:52:51.572+0300: 21.866: Application time: 0.4695041 seconds
2024-10-12T18:52:51.572+0300: 21.866: [GC pause (G1 Evacuation Pause) (young), 0.0040036 secs]
   [Parallel Time: 2.6 ms, GC Workers: 6]
      [GC Worker Start (ms): Min: 21865.9, Avg: 21866.0, Max: 21866.1, Diff: 0.2]
      [Ext Root Scanning (ms): Min: 0.2, Avg: 0.4, Max: 0.6, Diff: 0.4, Sum: 2.3]
      [Update RS (ms): Min: 0.0, Avg: 0.0, Max: 0.1, Diff: 0.1, Sum: 0.2]
         [Processed Buffers: Min: 0, Avg: 1.0, Max: 3, Diff: 3, Sum: 6]
      [Scan RS (ms): Min: 0.0, Avg: 0.0, Max: 0.0, Diff: 0.0, Sum: 0.1]
      [Code Root Scanning (ms): Min: 0.0, Avg: 0.3, Max: 1.4, Diff: 1.4, Sum: 1.5]
      [Object Copy (ms): Min: 0.3, Avg: 1.5, Max: 1.8, Diff: 1.6, Sum: 9.1]
      [Termination (ms): Min: 0.0, Avg: 0.0, Max: 0.0, Diff: 0.0, Sum: 0.0]
         [Termination Attempts: Min: 1, Avg: 19.5, Max: 28, Diff: 27, Sum: 117]
      [GC Worker Other (ms): Min: 0.0, Avg: 0.0, Max: 0.0, Diff: 0.0, Sum: 0.1]
      [GC Worker Total (ms): Min: 2.1, Avg: 2.2, Max: 2.3, Diff: 0.2, Sum: 13.3]
      [GC Worker End (ms): Min: 21868.2, Avg: 21868.2, Max: 21868.2, Diff: 0.0]
   [Code Root Fixup: 0.0 ms]
   [Code Root Purge: 0.0 ms]
   [Clear CT: 0.2 ms]
   [Other: 1.1 ms]
      [Choose CSet: 0.0 ms]
      [Ref Proc: 0.4 ms]
      [Ref Enq: 0.0 ms]
      [Redirty Cards: 0.3 ms]
      [Humongous Register: 0.1 ms]
      [Humongous Reclaim: 0.0 ms]
      [Free CSet: 0.1 ms]
   [Eden: 198.0M(198.0M)->0.0B(1896.0M) Survivors: 6144.0K->8192.0K Heap: 207.1M(4096.0M)->11840.9K(4096.0M)]
 [Times: user=0.02 sys=0.00, real=0.02 secs] 
2024-10-12T18:52:51.588+0300: 21.870: Total time for which application threads were stopped: 0.0042708 seconds, Stopping threads took: 0.0000317 seconds
2024-10-12T18:52:51.588+0300: 21.870: Application time: 0.0001857 seconds
2024-10-12T18:52:51.588+0300: 21.870: Total time for which application threads were stopped: 0.0000626 seconds, Stopping threads took: 0.0000271 seconds
2024-10-12T18:52:51.588+0300: 21.870: Application time: 0.0000837 seconds
2024-10-12T18:52:51.588+0300: 21.870: Total time for which application threads were stopped: 0.0000383 seconds, Stopping threads took: 0.0000147 seconds
2024-10-12T18:52:51.588+0300: 21.870: Application time: 0.0000492 seconds
2024-10-12T18:52:51.588+0300: 21.870: Total time for which application threads were stopped: 0.0000643 seconds, Stopping threads took: 0.0000401 seconds
2024-10-12T18:52:51.588+0300: 21.870: Application time: 0.0000618 seconds
2024-10-12T18:52:51.588+0300: 21.870: Total time for which application threads were stopped: 0.0000657 seconds, Stopping threads took: 0.0000438 seconds
2024-10-12T18:52:51.588+0300: 21.871: Application time: 0.0000598 seconds
2024-10-12T18:52:51.588+0300: 21.871: Total time for which application threads were stopped: 0.0000653 seconds, Stopping threads took: 0.0000431 seconds
2024-10-12T18:52:51.588+0300: 21.871: Application time: 0.0000591 seconds
2024-10-12T18:52:51.588+0300: 21.871: Total time for which application threads were stopped: 0.0000646 seconds, Stopping threads took: 0.0000425 seconds
2024-10-12T18:52:51.588+0300: 21.871: Application time: 0.0000595 seconds
2024-10-12T18:52:51.588+0300: 21.871: Total time for which application threads were stopped: 0.0000647 seconds, Stopping threads took: 0.0000428 seconds
2024-10-12T18:52:51.588+0300: 21.871: Application time: 0.0000595 seconds
2024-10-12T18:52:51.588+0300: 21.871: Total time for which application threads were stopped: 0.0000412 seconds, Stopping threads took: 0.0000226 seconds
2024-10-12T18:52:51.588+0300: 21.871: Application time: 0.0000454 seconds
2024-10-12T18:52:51.588+0300: 21.871: Total time for which application threads were stopped: 0.0000415 seconds, Stopping threads took: 0.0000263 seconds
2024-10-12T18:52:51.588+0300: 21.871: Application time: 0.0000578 seconds
2024-10-12T18:52:51.588+0300: 21.871: Total time for which application threads were stopped: 0.0000409 seconds, Stopping threads took: 0.0000222 seconds
2024-10-12T18:52:51.588+0300: 21.871: Application time: 0.0000453 seconds
2024-10-12T18:52:51.588+0300: 21.871: Total time for which application threads were stopped: 0.0000410 seconds, Stopping threads took: 0.0000261 seconds
2024-10-12T18:52:51.588+0300: 21.871: Application time: 0.0000581 seconds
2024-10-12T18:52:51.588+0300: 21.871: Total time for which application threads were stopped: 0.0000647 seconds, Stopping threads took: 0.0000428 seconds
2024-10-12T18:52:51.588+0300: 21.871: Application time: 0.0000611 seconds
2024-10-12T18:52:51.588+0300: 21.872: Total time for which application threads were stopped: 0.0000656 seconds, Stopping threads took: 0.0000436 seconds
2024-10-12T18:52:51.588+0300: 21.872: Application time: 0.0000598 seconds
2024-10-12T18:52:51.588+0300: 21.872: Total time for which application threads were stopped: 0.0000409 seconds, Stopping threads took: 0.0000223 seconds
2024-10-12T18:52:51.588+0300: 21.872: Application time: 0.0000441 seconds
2024-10-12T18:52:51.588+0300: 21.872: Total time for which application threads were stopped: 0.0000412 seconds, Stopping threads took: 0.0000259 seconds
2024-10-12T18:52:51.588+0300: 21.872: Application time: 0.0000579 seconds
2024-10-12T18:52:51.588+0300: 21.872: Total time for which application threads were stopped: 0.0000650 seconds, Stopping threads took: 0.0000431 seconds
2024-10-12T18:52:51.588+0300: 21.872: Application time: 0.0000593 seconds
2024-10-12T18:52:51.588+0300: 21.872: Total time for which application threads were stopped: 0.0000647 seconds, Stopping threads took: 0.0000429 seconds
2024-10-12T18:52:51.588+0300: 21.872: Application time: 0.0000592 seconds
2024-10-12T18:52:51.588+0300: 21.872: Total time for which application threads were stopped: 0.0000565 seconds, Stopping threads took: 0.0000221 seconds
2024-10-12T18:52:51.588+0300: 21.872: Application time: 0.0000464 seconds
2024-10-12T18:52:51.588+0300: 21.872: Total time for which application threads were stopped: 0.0000420 seconds, Stopping threads took: 0.0000264 seconds
2024-10-12T18:52:51.588+0300: 21.872: Application time: 0.0000418 seconds
2024-10-12T18:52:51.588+0300: 21.872: Total time for which application threads were stopped: 0.0000465 seconds, Stopping threads took: 0.0000257 seconds
2024-10-12T18:52:51.902+0300: 22.186: Application time: 0.3135242 seconds
2024-10-12T18:52:51.902+0300: 22.186: Total time for which application threads were stopped: 0.0003393 seconds, Stopping threads took: 0.0002787 seconds
2024-10-12T18:52:52.028+0300: 22.310: Application time: 0.1234566 seconds
2024-10-12T18:52:52.028+0300: 22.310: Total time for which application threads were stopped: 0.0002619 seconds, Stopping threads took: 0.0001256 seconds
2024-10-12T18:52:52.106+0300: 22.395: Application time: 0.0846614 seconds
2024-10-12T18:52:52.106+0300: 22.395: Total time for which application threads were stopped: 0.0002874 seconds, Stopping threads took: 0.0001686 seconds
2024-10-12T18:52:52.106+0300: 22.395: Application time: 0.0000463 seconds
2024-10-12T18:52:52.106+0300: 22.395: Total time for which application threads were stopped: 0.0000808 seconds, Stopping threads took: 0.0000518 seconds
2024-10-12T18:52:52.138+0300: 22.429: Application time: 0.0336287 seconds
2024-10-12T18:52:52.138+0300: 22.429: Total time for which application threads were stopped: 0.0002359 seconds, Stopping threads took: 0.0001581 seconds
2024-10-12T18:52:52.138+0300: 22.429: Application time: 0.0000235 seconds
2024-10-12T18:52:52.138+0300: 22.429: Total time for which application threads were stopped: 0.0000558 seconds, Stopping threads took: 0.0000345 seconds
2024-10-12T18:52:52.294+0300: 22.577: Application time: 0.1476691 seconds
2024-10-12T18:52:52.294+0300: 22.577: Total time for which application threads were stopped: 0.0003502 seconds, Stopping threads took: 0.0001607 seconds
2024-10-12T18:52:52.530+0300: 22.811: Application time: 0.2339384 seconds
2024-10-12T18:52:52.530+0300: 22.811: Total time for which application threads were stopped: 0.0003276 seconds, Stopping threads took: 0.0001537 seconds
2024-10-12T18:52:53.237+0300: 23.530: Application time: 0.7186460 seconds
2024-10-12T18:52:53.237+0300: 23.530: [GC pause (G1 Evacuation Pause) (young), 0.0067097 secs]
   [Parallel Time: 4.4 ms, GC Workers: 6]
      [GC Worker Start (ms): Min: 23530.5, Avg: 23530.5, Max: 23530.6, Diff: 0.1]
      [Ext Root Scanning (ms): Min: 0.4, Avg: 0.4, Max: 0.5, Diff: 0.1, Sum: 2.4]
      [Update RS (ms): Min: 0.0, Avg: 0.0, Max: 0.1, Diff: 0.1, Sum: 0.2]
         [Processed Buffers: Min: 0, Avg: 1.7, Max: 6, Diff: 6, Sum: 10]
      [Scan RS (ms): Min: 0.1, Avg: 0.2, Max: 0.2, Diff: 0.1, Sum: 1.0]
      [Code Root Scanning (ms): Min: 0.1, Avg: 0.5, Max: 1.3, Diff: 1.2, Sum: 2.9]
      [Object Copy (ms): Min: 2.3, Avg: 3.1, Max: 3.6, Diff: 1.3, Sum: 18.6]
      [Termination (ms): Min: 0.0, Avg: 0.0, Max: 0.0, Diff: 0.0, Sum: 0.0]
         [Termination Attempts: Min: 1, Avg: 1.0, Max: 1, Diff: 0, Sum: 6]
      [GC Worker Other (ms): Min: 0.1, Avg: 0.1, Max: 0.2, Diff: 0.1, Sum: 0.7]
      [GC Worker Total (ms): Min: 4.2, Avg: 4.3, Max: 4.3, Diff: 0.1, Sum: 25.7]
      [GC Worker End (ms): Min: 23534.7, Avg: 23534.8, Max: 23534.9, Diff: 0.1]
   [Code Root Fixup: 0.2 ms]
   [Code Root Purge: 0.0 ms]
   [Clear CT: 0.4 ms]
   [Other: 1.7 ms]
      [Choose CSet: 0.0 ms]
      [Ref Proc: 0.2 ms]
      [Ref Enq: 0.0 ms]
      [Redirty Cards: 0.1 ms]
      [Humongous Register: 0.1 ms]
      [Humongous Reclaim: 0.0 ms]
      [Free CSet: 0.8 ms]
   [Eden: 1896.0M(1896.0M)->0.0B(1890.0M) Survivors: 8192.0K->22528.0K Heap: 1907.6M(4096.0M)->24969.4K(4096.0M)]
 [Times: user=0.05 sys=0.02, real=0.02 secs] 
2024-10-12T18:52:53.253+0300: 23.537: Total time for which application threads were stopped: 0.0072822 seconds, Stopping threads took: 0.0002349 seconds
2024-10-12T18:52:53.928+0300: 24.208: Application time: 0.6708579 seconds
2024-10-12T18:52:53.929+0300: 24.208: Total time for which application threads were stopped: 0.0003656 seconds, Stopping threads took: 0.0001773 seconds
2024-10-12T18:52:54.242+0300: 24.532: Application time: 0.3236005 seconds
2024-10-12T18:52:54.242+0300: 24.532: [GC pause (G1 Evacuation Pause) (young), 0.0065475 secs]
   [Parallel Time: 4.6 ms, GC Workers: 6]
      [GC Worker Start (ms): Min: 24532.4, Avg: 24532.8, Max: 24533.3, Diff: 0.9]
      [Ext Root Scanning (ms): Min: 0.0, Avg: 0.2, Max: 0.5, Diff: 0.5, Sum: 1.3]
      [Update RS (ms): Min: 0.0, Avg: 0.0, Max: 0.1, Diff: 0.1, Sum: 0.2]
         [Processed Buffers: Min: 0, Avg: 1.8, Max: 7, Diff: 7, Sum: 11]
      [Scan RS (ms): Min: 0.0, Avg: 0.2, Max: 0.3, Diff: 0.3, Sum: 1.0]
      [Code Root Scanning (ms): Min: 0.0, Avg: 1.1, Max: 3.2, Diff: 3.2, Sum: 6.4]
      [Object Copy (ms): Min: 0.4, Avg: 2.5, Max: 3.6, Diff: 3.2, Sum: 15.3]
      [Termination (ms): Min: 0.0, Avg: 0.0, Max: 0.1, Diff: 0.1, Sum: 0.2]
         [Termination Attempts: Min: 1, Avg: 1.0, Max: 1, Diff: 0, Sum: 6]
      [GC Worker Other (ms): Min: 0.0, Avg: 0.1, Max: 0.1, Diff: 0.1, Sum: 0.3]
      [GC Worker Total (ms): Min: 3.6, Avg: 4.1, Max: 4.6, Diff: 0.9, Sum: 24.6]
      [GC Worker End (ms): Min: 24536.9, Avg: 24537.0, Max: 24537.0, Diff: 0.1]
   [Code Root Fixup: 0.2 ms]
   [Code Root Purge: 0.0 ms]
   [Clear CT: 0.4 ms]
   [Other: 1.3 ms]
      [Choose CSet: 0.0 ms]
      [Ref Proc: 0.1 ms]
      [Ref Enq: 0.0 ms]
      [Redirty Cards: 0.1 ms]
      [Humongous Register: 0.1 ms]
      [Humongous Reclaim: 0.0 ms]
      [Free CSet: 0.9 ms]
   [Eden: 1890.0M(1890.0M)->0.0B(2438.0M) Survivors: 22528.0K->18432.0K Heap: 1914.4M(4096.0M)->22137.7K(4096.0M)]
 [Times: user=0.02 sys=0.02, real=0.02 secs] 
2024-10-12T18:52:54.258+0300: 24.539: Total time for which application threads were stopped: 0.0070673 seconds, Stopping threads took: 0.0001765 seconds
2024-10-12T18:52:55.262+0300: 25.542: Application time: 1.0025585 seconds
2024-10-12T18:52:55.262+0300: 25.542: Total time for which application threads were stopped: 0.0002921 seconds, Stopping threads took: 0.0001444 seconds
2024-10-12T18:52:55.482+0300: 25.769: Application time: 0.2273538 seconds
2024-10-12T18:52:55.482+0300: 25.770: [GC pause (G1 Evacuation Pause) (young), 0.0065985 secs]
   [Parallel Time: 4.3 ms, GC Workers: 6]
      [GC Worker Start (ms): Min: 25769.7, Avg: 25769.8, Max: 25769.8, Diff: 0.1]
      [Ext Root Scanning (ms): Min: 0.3, Avg: 0.4, Max: 0.5, Diff: 0.3, Sum: 2.2]
      [Update RS (ms): Min: 0.0, Avg: 0.0, Max: 0.1, Diff: 0.1, Sum: 0.2]
         [Processed Buffers: Min: 0, Avg: 1.0, Max: 3, Diff: 3, Sum: 6]
      [Scan RS (ms): Min: 0.2, Avg: 0.2, Max: 0.3, Diff: 0.1, Sum: 1.3]
      [Code Root Scanning (ms): Min: 0.0, Avg: 0.5, Max: 1.5, Diff: 1.5, Sum: 3.2]
      [Object Copy (ms): Min: 1.7, Avg: 2.9, Max: 3.5, Diff: 1.8, Sum: 17.4]
      [Termination (ms): Min: 0.0, Avg: 0.0, Max: 0.0, Diff: 0.0, Sum: 0.0]
         [Termination Attempts: Min: 1, Avg: 1.2, Max: 2, Diff: 1, Sum: 7]
      [GC Worker Other (ms): Min: 0.1, Avg: 0.1, Max: 0.1, Diff: 0.1, Sum: 0.7]
      [GC Worker Total (ms): Min: 4.1, Avg: 4.2, Max: 4.2, Diff: 0.1, Sum: 25.0]
      [GC Worker End (ms): Min: 25773.9, Avg: 25773.9, Max: 25774.0, Diff: 0.1]
   [Code Root Fixup: 0.2 ms]
   [Code Root Purge: 0.0 ms]
   [Clear CT: 0.5 ms]
   [Other: 1.6 ms]
      [Choose CSet: 0.0 ms]
      [Ref Proc: 0.1 ms]
      [Ref Enq: 0.0 ms]
      [Redirty Cards: 0.1 ms]
      [Humongous Register: 0.1 ms]
      [Humongous Reclaim: 0.0 ms]
      [Free CSet: 1.1 ms]
   [Eden: 2438.0M(2438.0M)->0.0B(2438.0M) Survivors: 18432.0K->18432.0K Heap: 2459.6M(4096.0M)->21113.7K(4096.0M)]
 [Times: user=0.00 sys=0.02, real=0.00 secs] 
2024-10-12T18:52:55.482+0300: 25.776: Total time for which application threads were stopped: 0.0070914 seconds, Stopping threads took: 0.0001748 seconds
2024-10-12T18:52:56.487+0300: 26.766: Application time: 0.9894640 seconds
2024-10-12T18:52:56.487+0300: 26.767: Total time for which application threads were stopped: 0.0007313 seconds, Stopping threads took: 0.0005783 seconds
2024-10-12T18:52:56.518+0300: 26.809: Application time: 0.0420920 seconds
2024-10-12T18:52:56.518+0300: 26.809: [GC pause (G1 Evacuation Pause) (young), 0.0061289 secs]
   [Parallel Time: 4.3 ms, GC Workers: 6]
      [GC Worker Start (ms): Min: 26809.0, Avg: 26809.0, Max: 26809.0, Diff: 0.1]
      [Ext Root Scanning (ms): Min: 0.3, Avg: 0.3, Max: 0.4, Diff: 0.1, Sum: 2.0]
      [Update RS (ms): Min: 0.0, Avg: 0.0, Max: 0.1, Diff: 0.1, Sum: 0.2]
         [Processed Buffers: Min: 0, Avg: 1.0, Max: 2, Diff: 2, Sum: 6]
      [Scan RS (ms): Min: 0.1, Avg: 0.2, Max: 0.3, Diff: 0.2, Sum: 1.3]
      [Code Root Scanning (ms): Min: 0.0, Avg: 0.6, Max: 1.1, Diff: 1.1, Sum: 3.4]
      [Object Copy (ms): Min: 2.4, Avg: 3.0, Max: 3.6, Diff: 1.2, Sum: 17.8]
      [Termination (ms): Min: 0.0, Avg: 0.0, Max: 0.0, Diff: 0.0, Sum: 0.0]
         [Termination Attempts: Min: 1, Avg: 1.5, Max: 4, Diff: 3, Sum: 9]
      [GC Worker Other (ms): Min: 0.0, Avg: 0.1, Max: 0.1, Diff: 0.1, Sum: 0.5]
      [GC Worker Total (ms): Min: 4.2, Avg: 4.2, Max: 4.3, Diff: 0.1, Sum: 25.3]
      [GC Worker End (ms): Min: 26813.2, Avg: 26813.2, Max: 26813.2, Diff: 0.1]
   [Code Root Fixup: 0.2 ms]
   [Code Root Purge: 0.0 ms]
   [Clear CT: 0.5 ms]
   [Other: 1.1 ms]
      [Choose CSet: 0.0 ms]
      [Ref Proc: 0.1 ms]
      [Ref Enq: 0.0 ms]
      [Redirty Cards: 0.1 ms]
      [Humongous Register: 0.0 ms]
      [Humongous Reclaim: 0.0 ms]
      [Free CSet: 0.8 ms]
   [Eden: 2438.0M(2438.0M)->0.0B(2438.0M) Survivors: 18432.0K->18432.0K Heap: 2458.6M(4096.0M)->21113.7K(4096.0M)]
 [Times: user=0.02 sys=0.00, real=0.02 secs] 
2024-10-12T18:52:56.534+0300: 26.815: Total time for which application threads were stopped: 0.0065342 seconds, Stopping threads took: 0.0001844 seconds
2024-10-12T18:52:57.366+0300: 27.652: Application time: 0.8364704 seconds
2024-10-12T18:52:57.366+0300: 27.652: [GC pause (G1 Evacuation Pause) (young), 0.0062751 secs]
   [Parallel Time: 4.4 ms, GC Workers: 6]
      [GC Worker Start (ms): Min: 27652.0, Avg: 27652.1, Max: 27652.1, Diff: 0.1]
      [Ext Root Scanning (ms): Min: 0.3, Avg: 0.3, Max: 0.4, Diff: 0.1, Sum: 2.1]
      [Update RS (ms): Min: 0.0, Avg: 0.0, Max: 0.1, Diff: 0.1, Sum: 0.2]
         [Processed Buffers: Min: 0, Avg: 1.0, Max: 3, Diff: 3, Sum: 6]
      [Scan RS (ms): Min: 0.1, Avg: 0.2, Max: 0.3, Diff: 0.2, Sum: 1.4]
      [Code Root Scanning (ms): Min: 0.0, Avg: 0.8, Max: 1.5, Diff: 1.5, Sum: 4.7]
      [Object Copy (ms): Min: 2.0, Avg: 2.8, Max: 3.6, Diff: 1.6, Sum: 16.6]
      [Termination (ms): Min: 0.0, Avg: 0.0, Max: 0.0, Diff: 0.0, Sum: 0.0]
         [Termination Attempts: Min: 1, Avg: 1.0, Max: 1, Diff: 0, Sum: 6]
      [GC Worker Other (ms): Min: 0.0, Avg: 0.1, Max: 0.1, Diff: 0.1, Sum: 0.5]
      [GC Worker Total (ms): Min: 4.2, Avg: 4.2, Max: 4.3, Diff: 0.1, Sum: 25.5]
      [GC Worker End (ms): Min: 27656.3, Avg: 27656.3, Max: 27656.4, Diff: 0.1]
   [Code Root Fixup: 0.2 ms]
   [Code Root Purge: 0.0 ms]
   [Clear CT: 0.5 ms]
   [Other: 1.2 ms]
      [Choose CSet: 0.0 ms]
      [Ref Proc: 0.1 ms]
      [Ref Enq: 0.0 ms]
      [Redirty Cards: 0.1 ms]
      [Humongous Register: 0.0 ms]
      [Humongous Reclaim: 0.0 ms]
      [Free CSet: 0.9 ms]
   [Eden: 2438.0M(2438.0M)->0.0B(2438.0M) Survivors: 18432.0K->18432.0K Heap: 2458.6M(4096.0M)->22137.7K(4096.0M)]
 [Times: user=0.00 sys=0.00, real=0.00 secs] 
2024-10-12T18:52:57.366+0300: 27.658: Total time for which application threads were stopped: 0.0067438 seconds, Stopping threads took: 0.0002046 seconds
2024-10-12T18:52:58.214+0300: 28.496: Application time: 0.8371970 seconds
2024-10-12T18:52:58.214+0300: 28.496: [GC pause (G1 Evacuation Pause) (young), 0.0055102 secs]
   [Parallel Time: 3.5 ms, GC Workers: 6]
      [GC Worker Start (ms): Min: 28496.0, Avg: 28496.0, Max: 28496.0, Diff: 0.0]
      [Ext Root Scanning (ms): Min: 0.3, Avg: 0.3, Max: 0.4, Diff: 0.1, Sum: 2.0]
      [Update RS (ms): Min: 0.0, Avg: 0.0, Max: 0.1, Diff: 0.1, Sum: 0.2]
         [Processed Buffers: Min: 0, Avg: 1.0, Max: 2, Diff: 2, Sum: 6]
      [Scan RS (ms): Min: 0.1, Avg: 0.2, Max: 0.2, Diff: 0.1, Sum: 1.2]
      [Code Root Scanning (ms): Min: 0.0, Avg: 0.7, Max: 1.4, Diff: 1.4, Sum: 4.2]
      [Object Copy (ms): Min: 1.1, Avg: 1.9, Max: 2.7, Diff: 1.5, Sum: 11.6]
      [Termination (ms): Min: 0.0, Avg: 0.0, Max: 0.0, Diff: 0.0, Sum: 0.0]
         [Termination Attempts: Min: 1, Avg: 1.0, Max: 1, Diff: 0, Sum: 6]
      [GC Worker Other (ms): Min: 0.0, Avg: 0.1, Max: 0.2, Diff: 0.2, Sum: 0.8]
      [GC Worker Total (ms): Min: 3.2, Avg: 3.3, Max: 3.4, Diff: 0.2, Sum: 19.9]
      [GC Worker End (ms): Min: 28499.2, Avg: 28499.3, Max: 28499.4, Diff: 0.2]
   [Code Root Fixup: 0.2 ms]
   [Code Root Purge: 0.0 ms]
   [Clear CT: 0.5 ms]
   [Other: 1.2 ms]
      [Choose CSet: 0.0 ms]
      [Ref Proc: 0.1 ms]
      [Ref Enq: 0.0 ms]
      [Redirty Cards: 0.1 ms]
      [Humongous Register: 0.1 ms]
      [Humongous Reclaim: 0.0 ms]
      [Free CSet: 0.8 ms]
   [Eden: 2438.0M(2438.0M)->0.0B(2440.0M) Survivors: 18432.0K->16384.0K Heap: 2459.6M(4096.0M)->20089.7K(4096.0M)]
 [Times: user=0.00 sys=0.00, real=0.00 secs] 
2024-10-12T18:52:58.214+0300: 28.502: Total time for which application threads were stopped: 0.0060083 seconds, Stopping threads took: 0.0001572 seconds
2024-10-12T18:52:59.014+0300: 29.306: Application time: 0.8048407 seconds
2024-10-12T18:52:59.014+0300: 29.307: [GC pause (G1 Evacuation Pause) (young), 0.0065961 secs]
   [Parallel Time: 4.4 ms, GC Workers: 6]
      [GC Worker Start (ms): Min: 29306.7, Avg: 29306.8, Max: 29306.8, Diff: 0.1]
      [Ext Root Scanning (ms): Min: 0.3, Avg: 0.4, Max: 0.6, Diff: 0.4, Sum: 2.2]
      [Update RS (ms): Min: 0.0, Avg: 0.0, Max: 0.1, Diff: 0.1, Sum: 0.2]
         [Processed Buffers: Min: 0, Avg: 1.2, Max: 2, Diff: 2, Sum: 7]
      [Scan RS (ms): Min: 0.1, Avg: 0.2, Max: 0.3, Diff: 0.2, Sum: 1.3]
      [Code Root Scanning (ms): Min: 0.0, Avg: 0.6, Max: 1.3, Diff: 1.3, Sum: 3.9]
      [Object Copy (ms): Min: 2.2, Avg: 2.8, Max: 3.5, Diff: 1.3, Sum: 17.0]
      [Termination (ms): Min: 0.0, Avg: 0.0, Max: 0.0, Diff: 0.0, Sum: 0.0]
         [Termination Attempts: Min: 1, Avg: 5.3, Max: 12, Diff: 11, Sum: 32]
      [GC Worker Other (ms): Min: 0.0, Avg: 0.1, Max: 0.1, Diff: 0.1, Sum: 0.6]
      [GC Worker Total (ms): Min: 4.1, Avg: 4.2, Max: 4.3, Diff: 0.2, Sum: 25.2]
      [GC Worker End (ms): Min: 29310.9, Avg: 29311.0, Max: 29311.0, Diff: 0.1]
   [Code Root Fixup: 0.2 ms]
   [Code Root Purge: 0.0 ms]
   [Clear CT: 0.5 ms]
   [Other: 1.5 ms]
      [Choose CSet: 0.0 ms]
      [Ref Proc: 0.1 ms]
      [Ref Enq: 0.0 ms]
      [Redirty Cards: 0.1 ms]
      [Humongous Register: 0.0 ms]
      [Humongous Reclaim: 0.0 ms]
      [Free CSet: 1.1 ms]
   [Eden: 2440.0M(2440.0M)->0.0B(2438.0M) Survivors: 16384.0K->18432.0K Heap: 2459.6M(4096.0M)->22137.7K(4096.0M)]
 [Times: user=0.02 sys=0.00, real=0.02 secs] 
2024-10-12T18:52:59.030+0300: 29.313: Total time for which application threads were stopped: 0.0069208 seconds, Stopping threads took: 0.0000958 seconds
2024-10-12T18:52:59.847+0300: 30.134: Application time: 0.8203178 seconds
2024-10-12T18:52:59.847+0300: 30.134: [GC pause (G1 Evacuation Pause) (young), 0.0081887 secs]
   [Parallel Time: 6.2 ms, GC Workers: 6]
      [GC Worker Start (ms): Min: 30134.1, Avg: 30134.1, Max: 30134.1, Diff: 0.1]
      [Ext Root Scanning (ms): Min: 0.3, Avg: 0.4, Max: 0.8, Diff: 0.5, Sum: 2.7]
      [Update RS (ms): Min: 0.0, Avg: 0.0, Max: 0.1, Diff: 0.1, Sum: 0.2]
         [Processed Buffers: Min: 0, Avg: 1.0, Max: 3, Diff: 3, Sum: 6]
      [Scan RS (ms): Min: 0.0, Avg: 0.2, Max: 0.3, Diff: 0.3, Sum: 1.4]
      [Code Root Scanning (ms): Min: 0.0, Avg: 2.1, Max: 5.2, Diff: 5.2, Sum: 12.4]
      [Object Copy (ms): Min: 0.0, Avg: 2.9, Max: 4.9, Diff: 4.9, Sum: 17.6]
      [Termination (ms): Min: 0.0, Avg: 0.3, Max: 0.5, Diff: 0.5, Sum: 1.8]
         [Termination Attempts: Min: 1, Avg: 4.2, Max: 10, Diff: 9, Sum: 25]
      [GC Worker Other (ms): Min: 0.0, Avg: 0.1, Max: 0.1, Diff: 0.1, Sum: 0.4]
      [GC Worker Total (ms): Min: 6.0, Avg: 6.1, Max: 6.1, Diff: 0.1, Sum: 36.3]
      [GC Worker End (ms): Min: 30140.1, Avg: 30140.1, Max: 30140.2, Diff: 0.1]
   [Code Root Fixup: 0.2 ms]
   [Code Root Purge: 0.0 ms]
   [Clear CT: 0.5 ms]
   [Other: 1.4 ms]
      [Choose CSet: 0.0 ms]
      [Ref Proc: 0.1 ms]
      [Ref Enq: 0.0 ms]
      [Redirty Cards: 0.1 ms]
      [Humongous Register: 0.0 ms]
      [Humongous Reclaim: 0.0 ms]
      [Free CSet: 1.0 ms]
   [Eden: 2438.0M(2438.0M)->0.0B(2436.0M) Survivors: 18432.0K->20480.0K Heap: 2459.6M(4096.0M)->23161.7K(4096.0M)]
 [Times: user=0.02 sys=0.00, real=0.02 secs] 
2024-10-12T18:52:59.863+0300: 30.142: Total time for which application threads were stopped: 0.0086987 seconds, Stopping threads took: 0.0002057 seconds
2024-10-12T18:53:00.679+0300: 30.972: Application time: 0.8296243 seconds
2024-10-12T18:53:00.679+0300: 30.972: [GC pause (G1 Evacuation Pause) (young), 0.0058824 secs]
   [Parallel Time: 4.0 ms, GC Workers: 6]
      [GC Worker Start (ms): Min: 30972.4, Avg: 30972.7, Max: 30973.3, Diff: 0.9]
      [Ext Root Scanning (ms): Min: 0.0, Avg: 0.3, Max: 0.5, Diff: 0.5, Sum: 1.8]
      [Update RS (ms): Min: 0.0, Avg: 0.0, Max: 0.1, Diff: 0.1, Sum: 0.2]
         [Processed Buffers: Min: 0, Avg: 1.2, Max: 4, Diff: 4, Sum: 7]
      [Scan RS (ms): Min: 0.0, Avg: 0.2, Max: 0.4, Diff: 0.4, Sum: 1.5]
      [Code Root Scanning (ms): Min: 0.0, Avg: 0.9, Max: 1.8, Diff: 1.8, Sum: 5.5]
      [Object Copy (ms): Min: 1.1, Avg: 2.1, Max: 3.0, Diff: 1.9, Sum: 12.3]
      [Termination (ms): Min: 0.0, Avg: 0.0, Max: 0.0, Diff: 0.0, Sum: 0.0]
         [Termination Attempts: Min: 1, Avg: 1.0, Max: 1, Diff: 0, Sum: 6]
      [GC Worker Other (ms): Min: 0.1, Avg: 0.1, Max: 0.1, Diff: 0.1, Sum: 0.6]
      [GC Worker Total (ms): Min: 3.0, Avg: 3.6, Max: 4.0, Diff: 0.9, Sum: 21.9]
      [GC Worker End (ms): Min: 30976.3, Avg: 30976.4, Max: 30976.4, Diff: 0.1]
   [Code Root Fixup: 0.1 ms]
   [Code Root Purge: 0.0 ms]
   [Clear CT: 0.5 ms]
   [Other: 1.2 ms]
      [Choose CSet: 0.0 ms]
      [Ref Proc: 0.1 ms]
      [Ref Enq: 0.0 ms]
      [Redirty Cards: 0.1 ms]
      [Humongous Register: 0.0 ms]
      [Humongous Reclaim: 0.0 ms]
      [Free CSet: 0.8 ms]
   [Eden: 2436.0M(2436.0M)->0.0B(2440.0M) Survivors: 20480.0K->16384.0K Heap: 2458.6M(4096.0M)->20089.7K(4096.0M)]
 [Times: user=0.03 sys=0.00, real=0.02 secs] 
2024-10-12T18:53:00.695+0300: 30.978: Total time for which application threads were stopped: 0.0063871 seconds, Stopping threads took: 0.0001962 seconds
2024-10-12T18:53:01.480+0300: 31.770: Application time: 0.7918573 seconds
2024-10-12T18:53:01.480+0300: 31.770: [GC pause (G1 Evacuation Pause) (young), 0.0055398 secs]
   [Parallel Time: 3.5 ms, GC Workers: 6]
      [GC Worker Start (ms): Min: 31770.6, Avg: 31770.6, Max: 31770.6, Diff: 0.0]
      [Ext Root Scanning (ms): Min: 0.3, Avg: 0.3, Max: 0.4, Diff: 0.2, Sum: 2.0]
      [Update RS (ms): Min: 0.0, Avg: 0.0, Max: 0.1, Diff: 0.1, Sum: 0.2]
         [Processed Buffers: Min: 0, Avg: 0.8, Max: 2, Diff: 2, Sum: 5]
      [Scan RS (ms): Min: 0.1, Avg: 0.2, Max: 0.4, Diff: 0.2, Sum: 1.3]
      [Code Root Scanning (ms): Min: 0.0, Avg: 0.6, Max: 1.6, Diff: 1.6, Sum: 3.5]
      [Object Copy (ms): Min: 1.0, Avg: 2.1, Max: 2.7, Diff: 1.8, Sum: 12.5]
      [Termination (ms): Min: 0.0, Avg: 0.0, Max: 0.0, Diff: 0.0, Sum: 0.0]
         [Termination Attempts: Min: 1, Avg: 1.0, Max: 1, Diff: 0, Sum: 6]
      [GC Worker Other (ms): Min: 0.0, Avg: 0.1, Max: 0.2, Diff: 0.2, Sum: 0.7]
      [GC Worker Total (ms): Min: 3.3, Avg: 3.4, Max: 3.4, Diff: 0.2, Sum: 20.2]
      [GC Worker End (ms): Min: 31773.9, Avg: 31774.0, Max: 31774.1, Diff: 0.2]
   [Code Root Fixup: 0.2 ms]
   [Code Root Purge: 0.0 ms]
   [Clear CT: 0.6 ms]
   [Other: 1.3 ms]
      [Choose CSet: 0.0 ms]
      [Ref Proc: 0.1 ms]
      [Ref Enq: 0.0 ms]
      [Redirty Cards: 0.1 ms]
      [Humongous Register: 0.1 ms]
      [Humongous Reclaim: 0.0 ms]
      [Free CSet: 0.8 ms]
   [Eden: 2440.0M(2440.0M)->0.0B(2438.0M) Survivors: 16384.0K->18432.0K Heap: 2459.6M(4096.0M)->21113.7K(4096.0M)]
 [Times: user=0.00 sys=0.00, real=0.01 secs] 
2024-10-12T18:53:01.495+0300: 31.776: Total time for which application threads were stopped: 0.0060135 seconds, Stopping threads took: 0.0001113 seconds
2024-10-12T18:53:02.280+0300: 32.570: Application time: 0.7941825 seconds
2024-10-12T18:53:02.280+0300: 32.571: [GC pause (G1 Evacuation Pause) (young), 0.0057153 secs]
   [Parallel Time: 3.7 ms, GC Workers: 6]
      [GC Worker Start (ms): Min: 32570.9, Avg: 32570.9, Max: 32570.9, Diff: 0.0]
      [Ext Root Scanning (ms): Min: 0.3, Avg: 0.3, Max: 0.5, Diff: 0.2, Sum: 1.9]
      [Update RS (ms): Min: 0.0, Avg: 0.0, Max: 0.1, Diff: 0.1, Sum: 0.2]
         [Processed Buffers: Min: 0, Avg: 1.0, Max: 2, Diff: 2, Sum: 6]
      [Scan RS (ms): Min: 0.2, Avg: 0.2, Max: 0.3, Diff: 0.1, Sum: 1.3]
      [Code Root Scanning (ms): Min: 0.0, Avg: 0.7, Max: 1.4, Diff: 1.4, Sum: 4.2]
      [Object Copy (ms): Min: 1.4, Avg: 2.2, Max: 3.0, Diff: 1.6, Sum: 13.2]
      [Termination (ms): Min: 0.0, Avg: 0.0, Max: 0.0, Diff: 0.0, Sum: 0.0]
         [Termination Attempts: Min: 1, Avg: 3.0, Max: 4, Diff: 3, Sum: 18]
      [GC Worker Other (ms): Min: 0.0, Avg: 0.1, Max: 0.2, Diff: 0.2, Sum: 0.7]
      [GC Worker Total (ms): Min: 3.5, Avg: 3.6, Max: 3.7, Diff: 0.2, Sum: 21.5]
      [GC Worker End (ms): Min: 32574.4, Avg: 32574.5, Max: 32574.6, Diff: 0.2]
   [Code Root Fixup: 0.2 ms]
   [Code Root Purge: 0.0 ms]
   [Clear CT: 0.6 ms]
   [Other: 1.2 ms]
      [Choose CSet: 0.0 ms]
      [Ref Proc: 0.1 ms]
      [Ref Enq: 0.0 ms]
      [Redirty Cards: 0.1 ms]
      [Humongous Register: 0.1 ms]
      [Humongous Reclaim: 0.0 ms]
      [Free CSet: 0.8 ms]
   [Eden: 2438.0M(2438.0M)->0.0B(2440.0M) Survivors: 18432.0K->16384.0K Heap: 2458.6M(4096.0M)->20089.7K(4096.0M)]
 [Times: user=0.01 sys=0.00, real=0.02 secs] 
2024-10-12T18:53:02.296+0300: 32.577: Total time for which application threads were stopped: 0.0061886 seconds, Stopping threads took: 0.0002209 seconds
2024-10-12T18:53:03.066+0300: 33.352: Application time: 0.7751807 seconds
2024-10-12T18:53:03.066+0300: 33.352: [GC pause (G1 Evacuation Pause) (young), 0.0054493 secs]
   [Parallel Time: 3.5 ms, GC Workers: 6]
      [GC Worker Start (ms): Min: 33352.2, Avg: 33352.2, Max: 33352.2, Diff: 0.0]
      [Ext Root Scanning (ms): Min: 0.3, Avg: 0.3, Max: 0.5, Diff: 0.2, Sum: 1.9]
      [Update RS (ms): Min: 0.0, Avg: 0.0, Max: 0.1, Diff: 0.1, Sum: 0.2]
         [Processed Buffers: Min: 0, Avg: 1.0, Max: 2, Diff: 2, Sum: 6]
      [Scan RS (ms): Min: 0.1, Avg: 0.2, Max: 0.3, Diff: 0.1, Sum: 1.3]
      [Code Root Scanning (ms): Min: 0.0, Avg: 0.7, Max: 1.4, Diff: 1.4, Sum: 4.1]
      [Object Copy (ms): Min: 1.2, Avg: 1.9, Max: 2.7, Diff: 1.4, Sum: 11.5]
      [Termination (ms): Min: 0.0, Avg: 0.0, Max: 0.0, Diff: 0.0, Sum: 0.0]
         [Termination Attempts: Min: 1, Avg: 1.0, Max: 1, Diff: 0, Sum: 6]
      [GC Worker Other (ms): Min: 0.0, Avg: 0.1, Max: 0.2, Diff: 0.2, Sum: 0.7]
      [GC Worker Total (ms): Min: 3.2, Avg: 3.3, Max: 3.4, Diff: 0.2, Sum: 19.6]
      [GC Worker End (ms): Min: 33355.4, Avg: 33355.5, Max: 33355.6, Diff: 0.1]
   [Code Root Fixup: 0.2 ms]
   [Code Root Purge: 0.0 ms]
   [Clear CT: 0.6 ms]
   [Other: 1.2 ms]
      [Choose CSet: 0.0 ms]
      [Ref Proc: 0.1 ms]
      [Ref Enq: 0.0 ms]
      [Redirty Cards: 0.1 ms]
      [Humongous Register: 0.1 ms]
      [Humongous Reclaim: 0.0 ms]
      [Free CSet: 0.8 ms]
   [Eden: 2440.0M(2440.0M)->0.0B(2438.0M) Survivors: 16384.0K->18432.0K Heap: 2459.6M(4096.0M)->21113.7K(4096.0M)]
 [Times: user=0.00 sys=0.00, real=0.00 secs] 
2024-10-12T18:53:03.066+0300: 33.358: Total time for which application threads were stopped: 0.0058854 seconds, Stopping threads took: 0.0001623 seconds
2024-10-12T18:53:03.850+0300: 34.135: Application time: 0.7776302 seconds
2024-10-12T18:53:03.850+0300: 34.136: [GC pause (G1 Evacuation Pause) (young), 0.0054855 secs]
   [Parallel Time: 3.7 ms, GC Workers: 6]
      [GC Worker Start (ms): Min: 34135.7, Avg: 34135.7, Max: 34135.8, Diff: 0.1]
      [Ext Root Scanning (ms): Min: 0.3, Avg: 0.3, Max: 0.4, Diff: 0.2, Sum: 2.0]
      [Update RS (ms): Min: 0.0, Avg: 0.0, Max: 0.1, Diff: 0.1, Sum: 0.2]
         [Processed Buffers: Min: 0, Avg: 1.0, Max: 2, Diff: 2, Sum: 6]
      [Scan RS (ms): Min: 0.1, Avg: 0.2, Max: 0.3, Diff: 0.2, Sum: 1.4]
      [Code Root Scanning (ms): Min: 0.0, Avg: 0.7, Max: 1.4, Diff: 1.4, Sum: 4.2]
      [Object Copy (ms): Min: 1.4, Avg: 2.1, Max: 2.9, Diff: 1.5, Sum: 12.7]
      [Termination (ms): Min: 0.0, Avg: 0.0, Max: 0.0, Diff: 0.0, Sum: 0.0]
         [Termination Attempts: Min: 1, Avg: 1.0, Max: 1, Diff: 0, Sum: 6]
      [GC Worker Other (ms): Min: 0.0, Avg: 0.1, Max: 0.2, Diff: 0.1, Sum: 0.6]
      [GC Worker Total (ms): Min: 3.5, Avg: 3.5, Max: 3.6, Diff: 0.2, Sum: 21.1]
      [GC Worker End (ms): Min: 34139.2, Avg: 34139.3, Max: 34139.3, Diff: 0.1]
   [Code Root Fixup: 0.2 ms]
   [Code Root Purge: 0.0 ms]
   [Clear CT: 0.5 ms]
   [Other: 1.1 ms]
      [Choose CSet: 0.0 ms]
      [Ref Proc: 0.1 ms]
      [Ref Enq: 0.0 ms]
      [Redirty Cards: 0.1 ms]
      [Humongous Register: 0.1 ms]
      [Humongous Reclaim: 0.0 ms]
      [Free CSet: 0.7 ms]
   [Eden: 2438.0M(2438.0M)->0.0B(2440.0M) Survivors: 18432.0K->16384.0K Heap: 2458.6M(4096.0M)->20089.7K(4096.0M)]
 [Times: user=0.02 sys=0.00, real=0.01 secs] 
2024-10-12T18:53:03.857+0300: 34.141: Total time for which application threads were stopped: 0.0058891 seconds, Stopping threads took: 0.0001580 seconds
2024-10-12T18:53:04.620+0300: 34.912: Application time: 0.7703095 seconds
2024-10-12T18:53:04.620+0300: 34.912: [GC pause (G1 Evacuation Pause) (young), 0.0054945 secs]
   [Parallel Time: 3.8 ms, GC Workers: 6]
      [GC Worker Start (ms): Min: 34911.9, Avg: 34911.9, Max: 34912.0, Diff: 0.1]
      [Ext Root Scanning (ms): Min: 0.3, Avg: 0.4, Max: 0.6, Diff: 0.3, Sum: 2.1]
      [Update RS (ms): Min: 0.0, Avg: 0.0, Max: 0.1, Diff: 0.1, Sum: 0.2]
         [Processed Buffers: Min: 0, Avg: 0.8, Max: 2, Diff: 2, Sum: 5]
      [Scan RS (ms): Min: 0.1, Avg: 0.2, Max: 0.2, Diff: 0.1, Sum: 1.1]
      [Code Root Scanning (ms): Min: 0.0, Avg: 0.5, Max: 1.0, Diff: 1.0, Sum: 2.9]
      [Object Copy (ms): Min: 2.1, Avg: 2.5, Max: 3.1, Diff: 1.0, Sum: 15.2]
      [Termination (ms): Min: 0.0, Avg: 0.0, Max: 0.0, Diff: 0.0, Sum: 0.0]
         [Termination Attempts: Min: 1, Avg: 6.3, Max: 9, Diff: 8, Sum: 38]
      [GC Worker Other (ms): Min: 0.0, Avg: 0.1, Max: 0.1, Diff: 0.1, Sum: 0.5]
      [GC Worker Total (ms): Min: 3.6, Avg: 3.7, Max: 3.7, Diff: 0.1, Sum: 22.0]
      [GC Worker End (ms): Min: 34915.5, Avg: 34915.6, Max: 34915.6, Diff: 0.1]
   [Code Root Fixup: 0.2 ms]
   [Code Root Purge: 0.0 ms]
   [Clear CT: 0.5 ms]
   [Other: 1.0 ms]
      [Choose CSet: 0.0 ms]
      [Ref Proc: 0.1 ms]
      [Ref Enq: 0.0 ms]
      [Redirty Cards: 0.1 ms]
      [Humongous Register: 0.0 ms]
      [Humongous Reclaim: 0.0 ms]
      [Free CSet: 0.7 ms]
   [Eden: 2440.0M(2440.0M)->0.0B(2444.0M) Survivors: 16384.0K->12288.0K Heap: 2459.6M(4096.0M)->19536.7K(4096.0M)]
 [Times: user=0.02 sys=0.00, real=0.02 secs] 
2024-10-12T18:53:04.635+0300: 34.917: Total time for which application threads were stopped: 0.0059042 seconds, Stopping threads took: 0.0001724 seconds
2024-10-12T18:53:05.420+0300: 35.714: Application time: 0.7962458 seconds
2024-10-12T18:53:05.420+0300: 35.714: [GC pause (G1 Evacuation Pause) (young), 0.0045769 secs]
   [Parallel Time: 2.9 ms, GC Workers: 6]
      [GC Worker Start (ms): Min: 35714.1, Avg: 35714.2, Max: 35714.3, Diff: 0.2]
      [Ext Root Scanning (ms): Min: 0.1, Avg: 0.3, Max: 0.4, Diff: 0.2, Sum: 1.8]
      [Update RS (ms): Min: 0.3, Avg: 0.3, Max: 0.5, Diff: 0.2, Sum: 1.8]
         [Processed Buffers: Min: 1, Avg: 2.2, Max: 4, Diff: 3, Sum: 13]
      [Scan RS (ms): Min: 0.0, Avg: 0.2, Max: 0.2, Diff: 0.2, Sum: 1.0]
      [Code Root Scanning (ms): Min: 0.0, Avg: 0.0, Max: 0.1, Diff: 0.1, Sum: 0.2]
      [Object Copy (ms): Min: 1.8, Avg: 1.9, Max: 1.9, Diff: 0.1, Sum: 11.2]
      [Termination (ms): Min: 0.0, Avg: 0.0, Max: 0.0, Diff: 0.0, Sum: 0.0]
         [Termination Attempts: Min: 1, Avg: 1.0, Max: 1, Diff: 0, Sum: 6]
      [GC Worker Other (ms): Min: 0.0, Avg: 0.1, Max: 0.1, Diff: 0.1, Sum: 0.5]
      [GC Worker Total (ms): Min: 2.6, Avg: 2.8, Max: 2.9, Diff: 0.3, Sum: 16.6]
      [GC Worker End (ms): Min: 35716.9, Avg: 35716.9, Max: 35717.0, Diff: 0.1]
   [Code Root Fixup: 0.0 ms]
   [Code Root Purge: 0.0 ms]
   [Clear CT: 0.5 ms]
   [Other: 1.1 ms]
      [Choose CSet: 0.0 ms]
      [Ref Proc: 0.1 ms]
      [Ref Enq: 0.0 ms]
      [Redirty Cards: 0.1 ms]
      [Humongous Register: 0.0 ms]
      [Humongous Reclaim: 0.0 ms]
      [Free CSet: 0.7 ms]
   [Eden: 2444.0M(2444.0M)->0.0B(2442.0M) Survivors: 12288.0K->14336.0K Heap: 2463.1M(4096.0M)->21876.2K(4096.0M)]
 [Times: user=0.02 sys=0.00, real=0.02 secs] 
2024-10-12T18:53:05.436+0300: 35.719: Total time for which application threads were stopped: 0.0050146 seconds, Stopping threads took: 0.0002039 seconds
2024-10-12T18:53:06.237+0300: 36.517: Application time: 0.7982576 seconds
2024-10-12T18:53:06.237+0300: 36.517: [GC pause (G1 Evacuation Pause) (young), 0.0042632 secs]
   [Parallel Time: 2.4 ms, GC Workers: 6]
      [GC Worker Start (ms): Min: 36517.4, Avg: 36517.4, Max: 36517.4, Diff: 0.0]
      [Ext Root Scanning (ms): Min: 0.3, Avg: 0.3, Max: 0.4, Diff: 0.1, Sum: 1.9]
      [Update RS (ms): Min: 0.1, Avg: 0.1, Max: 0.1, Diff: 0.1, Sum: 0.5]
         [Processed Buffers: Min: 1, Avg: 2.0, Max: 4, Diff: 3, Sum: 12]
      [Scan RS (ms): Min: 0.1, Avg: 0.2, Max: 0.2, Diff: 0.1, Sum: 1.0]
      [Code Root Scanning (ms): Min: 0.0, Avg: 0.0, Max: 0.1, Diff: 0.1, Sum: 0.2]
      [Object Copy (ms): Min: 1.6, Avg: 1.6, Max: 1.6, Diff: 0.1, Sum: 9.6]
      [Termination (ms): Min: 0.0, Avg: 0.0, Max: 0.0, Diff: 0.0, Sum: 0.0]
         [Termination Attempts: Min: 1, Avg: 1.0, Max: 1, Diff: 0, Sum: 6]
      [GC Worker Other (ms): Min: 0.0, Avg: 0.1, Max: 0.2, Diff: 0.1, Sum: 0.8]
      [GC Worker Total (ms): Min: 2.2, Avg: 2.3, Max: 2.4, Diff: 0.1, Sum: 14.0]
      [GC Worker End (ms): Min: 36519.6, Avg: 36519.7, Max: 36519.8, Diff: 0.1]
   [Code Root Fixup: 0.0 ms]
   [Code Root Purge: 0.0 ms]
   [Clear CT: 0.5 ms]
   [Other: 1.2 ms]
      [Choose CSet: 0.0 ms]
      [Ref Proc: 0.1 ms]
      [Ref Enq: 0.0 ms]
      [Redirty Cards: 0.1 ms]
      [Humongous Register: 0.1 ms]
      [Humongous Reclaim: 0.0 ms]
      [Free CSet: 0.8 ms]
   [Eden: 2442.0M(2442.0M)->0.0B(2448.0M) Survivors: 14336.0K->8192.0K Heap: 2463.4M(4096.0M)->20424.7K(4096.0M)]
 [Times: user=0.03 sys=0.00, real=0.00 secs] 
2024-10-12T18:53:06.237+0300: 36.522: Total time for which application threads were stopped: 0.0046704 seconds, Stopping threads took: 0.0001473 seconds
2024-10-12T18:53:07.006+0300: 37.296: Application time: 0.7747112 seconds
2024-10-12T18:53:07.006+0300: 37.297: [GC pause (G1 Evacuation Pause) (young), 0.0038751 secs]
   [Parallel Time: 1.9 ms, GC Workers: 6]
      [GC Worker Start (ms): Min: 37296.8, Avg: 37296.8, Max: 37296.9, Diff: 0.1]
      [Ext Root Scanning (ms): Min: 0.3, Avg: 0.3, Max: 0.4, Diff: 0.1, Sum: 2.1]
      [Update RS (ms): Min: 0.2, Avg: 0.3, Max: 0.4, Diff: 0.1, Sum: 1.7]
         [Processed Buffers: Min: 1, Avg: 2.7, Max: 9, Diff: 8, Sum: 16]
      [Scan RS (ms): Min: 0.1, Avg: 0.2, Max: 0.2, Diff: 0.1, Sum: 1.0]
      [Code Root Scanning (ms): Min: 0.0, Avg: 0.0, Max: 0.0, Diff: 0.0, Sum: 0.1]
      [Object Copy (ms): Min: 0.8, Avg: 0.8, Max: 0.9, Diff: 0.1, Sum: 5.0]
      [Termination (ms): Min: 0.0, Avg: 0.0, Max: 0.0, Diff: 0.0, Sum: 0.0]
         [Termination Attempts: Min: 1, Avg: 2.5, Max: 4, Diff: 3, Sum: 15]
      [GC Worker Other (ms): Min: 0.1, Avg: 0.1, Max: 0.2, Diff: 0.1, Sum: 0.8]
      [GC Worker Total (ms): Min: 1.7, Avg: 1.8, Max: 1.9, Diff: 0.2, Sum: 10.7]
      [GC Worker End (ms): Min: 37298.5, Avg: 37298.6, Max: 37298.7, Diff: 0.1]
   [Code Root Fixup: 0.0 ms]
   [Code Root Purge: 0.0 ms]
   [Clear CT: 0.5 ms]
   [Other: 1.4 ms]
      [Choose CSet: 0.0 ms]
      [Ref Proc: 0.1 ms]
      [Ref Enq: 0.0 ms]
      [Redirty Cards: 0.1 ms]
      [Humongous Register: 0.1 ms]
      [Humongous Reclaim: 0.0 ms]
      [Free CSet: 0.8 ms]
   [Eden: 2448.0M(2448.0M)->0.0B(2446.0M) Survivors: 8192.0K->10240.0K Heap: 2467.9M(4096.0M)->24461.7K(4096.0M)]
 [Times: user=0.00 sys=0.00, real=0.00 secs] 
2024-10-12T18:53:07.006+0300: 37.301: Total time for which application threads were stopped: 0.0043291 seconds, Stopping threads took: 0.0001698 seconds
2024-10-12T18:53:07.365+0300: 37.646: Application time: 0.3456330 seconds
2024-10-12T18:53:07.365+0300: 37.647: Total time for which application threads were stopped: 0.0002293 seconds, Stopping threads took: 0.0001515 seconds
2024-10-12T18:53:07.462+0300: 37.741: Application time: 0.0947368 seconds
2024-10-12T18:53:07.462+0300: 37.741: Total time for which application threads were stopped: 0.0001897 seconds, Stopping threads took: 0.0001270 seconds
2024-10-12T18:53:07.650+0300: 37.941: Application time: 0.1995216 seconds
2024-10-12T18:53:07.650+0300: 37.941: Total time for which application threads were stopped: 0.0002022 seconds, Stopping threads took: 0.0001259 seconds
2024-10-12T18:53:07.792+0300: 38.084: Application time: 0.1423042 seconds
2024-10-12T18:53:07.792+0300: 38.084: Total time for which application threads were stopped: 0.0005486 seconds, Stopping threads took: 0.0004984 seconds
2024-10-12T18:53:07.807+0300: 38.089: Application time: 0.0044683 seconds
2024-10-12T18:53:07.807+0300: 38.089: Total time for which application threads were stopped: 0.0003506 seconds, Stopping threads took: 0.0002478 seconds
2024-10-12T18:53:07.807+0300: 38.091: Application time: 0.0018339 seconds
2024-10-12T18:53:07.807+0300: 38.091: Total time for which application threads were stopped: 0.0002299 seconds, Stopping threads took: 0.0001403 seconds
2024-10-12T18:53:07.807+0300: 38.092: Application time: 0.0005456 seconds
2024-10-12T18:53:07.807+0300: 38.092: Total time for which application threads were stopped: 0.0001635 seconds, Stopping threads took: 0.0001175 seconds
2024-10-12T18:53:07.807+0300: 38.093: Application time: 0.0009999 seconds
2024-10-12T18:53:07.807+0300: 38.093: Total time for which application threads were stopped: 0.0002236 seconds, Stopping threads took: 0.0001322 seconds
2024-10-12T18:53:07.901+0300: 38.188: Application time: 0.0946835 seconds
2024-10-12T18:53:07.901+0300: 38.188: Total time for which application threads were stopped: 0.0003087 seconds, Stopping threads took: 0.0001628 seconds
2024-10-12T18:53:07.901+0300: 38.188: Application time: 0.0000337 seconds
2024-10-12T18:53:07.901+0300: 38.188: Total time for which application threads were stopped: 0.0001185 seconds, Stopping threads took: 0.0000702 seconds
2024-10-12T18:53:07.917+0300: 38.211: Application time: 0.0234052 seconds
2024-10-12T18:53:07.933+0300: 38.212: Total time for which application threads were stopped: 0.0002759 seconds, Stopping threads took: 0.0001697 seconds
2024-10-12T18:53:07.933+0300: 38.212: Application time: 0.0000438 seconds
2024-10-12T18:53:07.933+0300: 38.212: Total time for which application threads were stopped: 0.0001097 seconds, Stopping threads took: 0.0000735 seconds
2024-10-12T18:53:07.948+0300: 38.242: Application time: 0.0298169 seconds
2024-10-12T18:53:07.948+0300: 38.242: Total time for which application threads were stopped: 0.0003044 seconds, Stopping threads took: 0.0001892 seconds
2024-10-12T18:53:07.948+0300: 38.242: Application time: 0.0000334 seconds
2024-10-12T18:53:07.948+0300: 38.242: Total time for which application threads were stopped: 0.0000972 seconds, Stopping threads took: 0.0000413 seconds
2024-10-12T18:53:07.980+0300: 38.270: Application time: 0.0279000 seconds
2024-10-12T18:53:07.980+0300: 38.270: Total time for which application threads were stopped: 0.0002848 seconds, Stopping threads took: 0.0002012 seconds
2024-10-12T18:53:07.980+0300: 38.270: Application time: 0.0000303 seconds
2024-10-12T18:53:07.980+0300: 38.270: Total time for which application threads were stopped: 0.0000921 seconds, Stopping threads took: 0.0000502 seconds
2024-10-12T18:53:08.058+0300: 38.345: Application time: 0.0740771 seconds
2024-10-12T18:53:08.058+0300: 38.345: [GC pause (G1 Evacuation Pause) (young), 0.0034688 secs]
   [Parallel Time: 1.9 ms, GC Workers: 6]
      [GC Worker Start (ms): Min: 38344.9, Avg: 38344.9, Max: 38344.9, Diff: 0.1]
      [Ext Root Scanning (ms): Min: 0.3, Avg: 0.3, Max: 0.4, Diff: 0.1, Sum: 1.9]
      [Update RS (ms): Min: 0.1, Avg: 0.1, Max: 0.1, Diff: 0.0, Sum: 0.6]
         [Processed Buffers: Min: 1, Avg: 2.7, Max: 5, Diff: 4, Sum: 16]
      [Scan RS (ms): Min: 0.1, Avg: 0.2, Max: 0.2, Diff: 0.0, Sum: 0.9]
      [Code Root Scanning (ms): Min: 0.0, Avg: 0.0, Max: 0.0, Diff: 0.0, Sum: 0.0]
      [Object Copy (ms): Min: 1.1, Avg: 1.2, Max: 1.2, Diff: 0.0, Sum: 7.0]
      [Termination (ms): Min: 0.0, Avg: 0.0, Max: 0.0, Diff: 0.0, Sum: 0.0]
         [Termination Attempts: Min: 1, Avg: 1.0, Max: 1, Diff: 0, Sum: 6]
      [GC Worker Other (ms): Min: 0.0, Avg: 0.1, Max: 0.1, Diff: 0.1, Sum: 0.5]
      [GC Worker Total (ms): Min: 1.8, Avg: 1.8, Max: 1.9, Diff: 0.1, Sum: 11.0]
      [GC Worker End (ms): Min: 38346.7, Avg: 38346.8, Max: 38346.8, Diff: 0.1]
   [Code Root Fixup: 0.0 ms]
   [Code Root Purge: 0.0 ms]
   [Clear CT: 0.5 ms]
   [Other: 1.0 ms]
      [Choose CSet: 0.0 ms]
      [Ref Proc: 0.1 ms]
      [Ref Enq: 0.0 ms]
      [Redirty Cards: 0.1 ms]
      [Humongous Register: 0.0 ms]
      [Humongous Reclaim: 0.0 ms]
      [Free CSet: 0.6 ms]
   [Eden: 2446.0M(2446.0M)->0.0B(2444.0M) Survivors: 10240.0K->12288.0K Heap: 2469.9M(4096.0M)->27130.3K(4096.0M)]
 [Times: user=0.00 sys=0.00, real=0.01 secs] 
2024-10-12T18:53:08.067+0300: 38.348: Total time for which application threads were stopped: 0.0038790 seconds, Stopping threads took: 0.0001501 seconds
2024-10-12T18:53:08.827+0300: 39.121: Application time: 0.7724784 seconds
2024-10-12T18:53:08.827+0300: 39.121: [GC pause (G1 Evacuation Pause) (young), 0.0039870 secs]
   [Parallel Time: 2.3 ms, GC Workers: 6]
      [GC Worker Start (ms): Min: 39121.3, Avg: 39121.6, Max: 39123.3, Diff: 2.0]
      [Ext Root Scanning (ms): Min: 0.0, Avg: 0.3, Max: 0.4, Diff: 0.4, Sum: 1.9]
      [Update RS (ms): Min: 0.0, Avg: 0.1, Max: 0.1, Diff: 0.1, Sum: 0.5]
         [Processed Buffers: Min: 0, Avg: 2.2, Max: 6, Diff: 6, Sum: 13]
      [Scan RS (ms): Min: 0.1, Avg: 0.2, Max: 0.2, Diff: 0.1, Sum: 1.2]
      [Code Root Scanning (ms): Min: 0.0, Avg: 0.0, Max: 0.0, Diff: 0.0, Sum: 0.0]
      [Object Copy (ms): Min: 0.0, Avg: 1.1, Max: 1.3, Diff: 1.3, Sum: 6.3]
      [Termination (ms): Min: 0.0, Avg: 0.2, Max: 0.2, Diff: 0.2, Sum: 1.1]
         [Termination Attempts: Min: 1, Avg: 1.0, Max: 1, Diff: 0, Sum: 6]
      [GC Worker Other (ms): Min: 0.0, Avg: 0.1, Max: 0.1, Diff: 0.1, Sum: 0.4]
      [GC Worker Total (ms): Min: 0.2, Avg: 1.9, Max: 2.3, Diff: 2.1, Sum: 11.4]
      [GC Worker End (ms): Min: 39123.5, Avg: 39123.5, Max: 39123.6, Diff: 0.1]
   [Code Root Fixup: 0.0 ms]
   [Code Root Purge: 0.0 ms]
   [Clear CT: 0.5 ms]
   [Other: 1.2 ms]
      [Choose CSet: 0.0 ms]
      [Ref Proc: 0.1 ms]
      [Ref Enq: 0.0 ms]
      [Redirty Cards: 0.1 ms]
      [Humongous Register: 0.0 ms]
      [Humongous Reclaim: 0.0 ms]
      [Free CSet: 0.8 ms]
   [Eden: 2444.0M(2444.0M)->0.0B(2446.0M) Survivors: 12288.0K->10240.0K Heap: 2470.5M(4096.0M)->26288.7K(4096.0M)]
 [Times: user=0.00 sys=0.00, real=0.02 secs] 
2024-10-12T18:53:08.843+0300: 39.125: Total time for which application threads were stopped: 0.0043822 seconds, Stopping threads took: 0.0001472 seconds
2024-10-12T18:53:09.613+0300: 39.894: Application time: 0.7684498 seconds
2024-10-12T18:53:09.613+0300: 39.894: [GC pause (G1 Evacuation Pause) (young), 0.0033366 secs]
   [Parallel Time: 1.8 ms, GC Workers: 6]
      [GC Worker Start (ms): Min: 39894.1, Avg: 39894.1, Max: 39894.1, Diff: 0.1]
      [Ext Root Scanning (ms): Min: 0.3, Avg: 0.3, Max: 0.4, Diff: 0.1, Sum: 2.0]
      [Update RS (ms): Min: 0.0, Avg: 0.1, Max: 0.1, Diff: 0.1, Sum: 0.5]
         [Processed Buffers: Min: 1, Avg: 2.0, Max: 7, Diff: 6, Sum: 12]
      [Scan RS (ms): Min: 0.1, Avg: 0.2, Max: 0.2, Diff: 0.1, Sum: 1.0]
      [Code Root Scanning (ms): Min: 0.0, Avg: 0.0, Max: 0.0, Diff: 0.0, Sum: 0.0]
      [Object Copy (ms): Min: 1.0, Avg: 1.0, Max: 1.0, Diff: 0.1, Sum: 5.9]
      [Termination (ms): Min: 0.0, Avg: 0.0, Max: 0.0, Diff: 0.0, Sum: 0.0]
         [Termination Attempts: Min: 1, Avg: 1.0, Max: 1, Diff: 0, Sum: 6]
      [GC Worker Other (ms): Min: 0.0, Avg: 0.1, Max: 0.1, Diff: 0.1, Sum: 0.6]
      [GC Worker Total (ms): Min: 1.6, Avg: 1.7, Max: 1.7, Diff: 0.1, Sum: 10.0]
      [GC Worker End (ms): Min: 39895.7, Avg: 39895.8, Max: 39895.8, Diff: 0.1]
   [Code Root Fixup: 0.0 ms]
   [Code Root Purge: 0.0 ms]
   [Clear CT: 0.5 ms]
   [Other: 1.0 ms]
      [Choose CSet: 0.0 ms]
      [Ref Proc: 0.1 ms]
      [Ref Enq: 0.0 ms]
      [Redirty Cards: 0.1 ms]
      [Humongous Register: 0.0 ms]
      [Humongous Reclaim: 0.0 ms]
      [Free CSet: 0.6 ms]
   [Eden: 2446.0M(2446.0M)->0.0B(2446.0M) Survivors: 10240.0K->10240.0K Heap: 2471.7M(4096.0M)->26323.7K(4096.0M)]
 [Times: user=0.00 sys=0.00, real=0.00 secs] 
2024-10-12T18:53:09.613+0300: 39.897: Total time for which application threads were stopped: 0.0036966 seconds, Stopping threads took: 0.0001269 seconds
2024-10-12T18:53:10.398+0300: 40.682: Application time: 0.7841279 seconds
2024-10-12T18:53:10.398+0300: 40.682: [GC pause (G1 Evacuation Pause) (young), 0.0033941 secs]
   [Parallel Time: 1.8 ms, GC Workers: 6]
      [GC Worker Start (ms): Min: 40682.0, Avg: 40682.0, Max: 40682.1, Diff: 0.1]
      [Ext Root Scanning (ms): Min: 0.2, Avg: 0.3, Max: 0.4, Diff: 0.1, Sum: 2.0]
      [Update RS (ms): Min: 0.0, Avg: 0.1, Max: 0.1, Diff: 0.1, Sum: 0.5]
         [Processed Buffers: Min: 1, Avg: 2.2, Max: 7, Diff: 6, Sum: 13]
      [Scan RS (ms): Min: 0.1, Avg: 0.2, Max: 0.2, Diff: 0.1, Sum: 1.0]
      [Code Root Scanning (ms): Min: 0.0, Avg: 0.0, Max: 0.0, Diff: 0.0, Sum: 0.0]
      [Object Copy (ms): Min: 1.0, Avg: 1.0, Max: 1.0, Diff: 0.0, Sum: 6.1]
      [Termination (ms): Min: 0.0, Avg: 0.0, Max: 0.0, Diff: 0.0, Sum: 0.0]
         [Termination Attempts: Min: 1, Avg: 1.0, Max: 1, Diff: 0, Sum: 6]
      [GC Worker Other (ms): Min: 0.0, Avg: 0.1, Max: 0.1, Diff: 0.1, Sum: 0.6]
      [GC Worker Total (ms): Min: 1.6, Avg: 1.7, Max: 1.8, Diff: 0.2, Sum: 10.2]
      [GC Worker End (ms): Min: 40683.6, Avg: 40683.7, Max: 40683.8, Diff: 0.1]
   [Code Root Fixup: 0.0 ms]
   [Code Root Purge: 0.0 ms]
   [Clear CT: 0.5 ms]
   [Other: 1.1 ms]
      [Choose CSet: 0.0 ms]
      [Ref Proc: 0.1 ms]
      [Ref Enq: 0.0 ms]
      [Redirty Cards: 0.1 ms]
      [Humongous Register: 0.0 ms]
      [Humongous Reclaim: 0.0 ms]
      [Free CSet: 0.7 ms]
   [Eden: 2446.0M(2446.0M)->0.0B(2444.0M) Survivors: 10240.0K->12288.0K Heap: 2471.7M(4096.0M)->27358.2K(4096.0M)]
 [Times: user=0.00 sys=0.00, real=0.00 secs] 
2024-10-12T18:53:10.398+0300: 40.685: Total time for which application threads were stopped: 0.0038270 seconds, Stopping threads took: 0.0001804 seconds
2024-10-12T18:53:11.174+0300: 41.459: Application time: 0.7732586 seconds
2024-10-12T18:53:11.174+0300: 41.459: [GC pause (G1 Evacuation Pause) (young), 0.0036935 secs]
   [Parallel Time: 1.8 ms, GC Workers: 6]
      [GC Worker Start (ms): Min: 41459.1, Avg: 41459.1, Max: 41459.1, Diff: 0.0]
      [Ext Root Scanning (ms): Min: 0.3, Avg: 0.3, Max: 0.4, Diff: 0.1, Sum: 1.9]
      [Update RS (ms): Min: 0.0, Avg: 0.1, Max: 0.1, Diff: 0.0, Sum: 0.5]
         [Processed Buffers: Min: 1, Avg: 2.2, Max: 8, Diff: 7, Sum: 13]
      [Scan RS (ms): Min: 0.1, Avg: 0.2, Max: 0.2, Diff: 0.0, Sum: 1.0]
      [Code Root Scanning (ms): Min: 0.0, Avg: 0.0, Max: 0.0, Diff: 0.0, Sum: 0.0]
      [Object Copy (ms): Min: 1.0, Avg: 1.0, Max: 1.0, Diff: 0.0, Sum: 6.0]
      [Termination (ms): Min: 0.0, Avg: 0.0, Max: 0.0, Diff: 0.0, Sum: 0.0]
         [Termination Attempts: Min: 1, Avg: 1.3, Max: 2, Diff: 1, Sum: 8]
      [GC Worker Other (ms): Min: 0.1, Avg: 0.1, Max: 0.2, Diff: 0.2, Sum: 0.8]
      [GC Worker Total (ms): Min: 1.6, Avg: 1.7, Max: 1.8, Diff: 0.2, Sum: 10.2]
      [GC Worker End (ms): Min: 41460.7, Avg: 41460.8, Max: 41460.9, Diff: 0.2]
   [Code Root Fixup: 0.0 ms]
   [Code Root Purge: 0.0 ms]
   [Clear CT: 0.6 ms]
   [Other: 1.3 ms]
      [Choose CSet: 0.0 ms]
      [Ref Proc: 0.2 ms]
      [Ref Enq: 0.0 ms]
      [Redirty Cards: 0.1 ms]
      [Humongous Register: 0.1 ms]
      [Humongous Reclaim: 0.0 ms]
      [Free CSet: 0.8 ms]
   [Eden: 2444.0M(2444.0M)->0.0B(2444.0M) Survivors: 12288.0K->12288.0K Heap: 2470.7M(4096.0M)->27370.7K(4096.0M)]
 [Times: user=0.00 sys=0.00, real=0.01 secs] 
2024-10-12T18:53:11.183+0300: 41.463: Total time for which application threads were stopped: 0.0041965 seconds, Stopping threads took: 0.0002239 seconds
2024-10-12T18:53:11.952+0300: 42.235: Application time: 0.7724499 seconds
2024-10-12T18:53:11.952+0300: 42.236: [GC pause (G1 Evacuation Pause) (young), 0.0035635 secs]
   [Parallel Time: 1.9 ms, GC Workers: 6]
      [GC Worker Start (ms): Min: 42235.7, Avg: 42235.7, Max: 42235.8, Diff: 0.1]
      [Ext Root Scanning (ms): Min: 0.3, Avg: 0.3, Max: 0.4, Diff: 0.1, Sum: 2.1]
      [Update RS (ms): Min: 0.0, Avg: 0.1, Max: 0.1, Diff: 0.0, Sum: 0.4]
         [Processed Buffers: Min: 1, Avg: 2.2, Max: 8, Diff: 7, Sum: 13]
      [Scan RS (ms): Min: 0.2, Avg: 0.2, Max: 0.2, Diff: 0.0, Sum: 1.0]
      [Code Root Scanning (ms): Min: 0.0, Avg: 0.0, Max: 0.0, Diff: 0.0, Sum: 0.0]
      [Object Copy (ms): Min: 1.0, Avg: 1.0, Max: 1.0, Diff: 0.0, Sum: 6.2]
      [Termination (ms): Min: 0.0, Avg: 0.0, Max: 0.0, Diff: 0.0, Sum: 0.0]
         [Termination Attempts: Min: 1, Avg: 1.0, Max: 1, Diff: 0, Sum: 6]
      [GC Worker Other (ms): Min: 0.0, Avg: 0.1, Max: 0.1, Diff: 0.1, Sum: 0.5]
      [GC Worker Total (ms): Min: 1.7, Avg: 1.7, Max: 1.8, Diff: 0.1, Sum: 10.3]
      [GC Worker End (ms): Min: 42237.4, Avg: 42237.5, Max: 42237.5, Diff: 0.1]
   [Code Root Fixup: 0.0 ms]
   [Code Root Purge: 0.0 ms]
   [Clear CT: 0.4 ms]
   [Other: 1.3 ms]
      [Choose CSet: 0.0 ms]
      [Ref Proc: 0.2 ms]
      [Ref Enq: 0.0 ms]
      [Redirty Cards: 0.2 ms]
      [Humongous Register: 0.1 ms]
      [Humongous Reclaim: 0.0 ms]
      [Free CSet: 0.7 ms]
   [Eden: 2444.0M(2444.0M)->0.0B(2444.0M) Survivors: 12288.0K->12288.0K Heap: 2470.7M(4096.0M)->28397.2K(4096.0M)]
 [Times: user=0.00 sys=0.00, real=0.00 secs] 
2024-10-12T18:53:11.952+0300: 42.239: Total time for which application threads were stopped: 0.0039800 seconds, Stopping threads took: 0.0001726 seconds
2024-10-12T18:53:12.721+0300: 43.005: Application time: 0.7652343 seconds
2024-10-12T18:53:12.721+0300: 43.005: [GC pause (G1 Evacuation Pause) (young), 0.0032820 secs]
   [Parallel Time: 1.8 ms, GC Workers: 6]
      [GC Worker Start (ms): Min: 43004.9, Avg: 43004.9, Max: 43004.9, Diff: 0.0]
      [Ext Root Scanning (ms): Min: 0.3, Avg: 0.3, Max: 0.4, Diff: 0.1, Sum: 1.9]
      [Update RS (ms): Min: 0.1, Avg: 0.1, Max: 0.1, Diff: 0.0, Sum: 0.5]
         [Processed Buffers: Min: 1, Avg: 2.2, Max: 8, Diff: 7, Sum: 13]
      [Scan RS (ms): Min: 0.1, Avg: 0.2, Max: 0.2, Diff: 0.1, Sum: 1.0]
      [Code Root Scanning (ms): Min: 0.0, Avg: 0.0, Max: 0.0, Diff: 0.0, Sum: 0.0]
      [Object Copy (ms): Min: 1.0, Avg: 1.0, Max: 1.0, Diff: 0.0, Sum: 6.0]
      [Termination (ms): Min: 0.0, Avg: 0.0, Max: 0.0, Diff: 0.0, Sum: 0.0]
         [Termination Attempts: Min: 1, Avg: 1.0, Max: 1, Diff: 0, Sum: 6]
      [GC Worker Other (ms): Min: 0.0, Avg: 0.1, Max: 0.1, Diff: 0.1, Sum: 0.6]
      [GC Worker Total (ms): Min: 1.6, Avg: 1.7, Max: 1.7, Diff: 0.1, Sum: 10.0]
      [GC Worker End (ms): Min: 43006.5, Avg: 43006.6, Max: 43006.6, Diff: 0.1]
   [Code Root Fixup: 0.0 ms]
   [Code Root Purge: 0.0 ms]
   [Clear CT: 0.5 ms]
   [Other: 1.0 ms]
      [Choose CSet: 0.0 ms]
      [Ref Proc: 0.1 ms]
      [Ref Enq: 0.0 ms]
      [Redirty Cards: 0.1 ms]
      [Humongous Register: 0.0 ms]
      [Humongous Reclaim: 0.0 ms]
      [Free CSet: 0.6 ms]
   [Eden: 2444.0M(2444.0M)->0.0B(2444.0M) Survivors: 12288.0K->12288.0K Heap: 2471.7M(4096.0M)->27851.4K(4096.0M)]
 [Times: user=0.00 sys=0.00, real=0.00 secs] 
2024-10-12T18:53:12.721+0300: 43.008: Total time for which application threads were stopped: 0.0036937 seconds, Stopping threads took: 0.0001763 seconds
2024-10-12T18:53:13.490+0300: 43.784: Application time: 0.7757579 seconds
2024-10-12T18:53:13.490+0300: 43.784: [GC pause (G1 Evacuation Pause) (young), 0.0034620 secs]
   [Parallel Time: 1.9 ms, GC Workers: 6]
      [GC Worker Start (ms): Min: 43784.4, Avg: 43784.4, Max: 43784.4, Diff: 0.1]
      [Ext Root Scanning (ms): Min: 0.3, Avg: 0.3, Max: 0.4, Diff: 0.1, Sum: 1.9]
      [Update RS (ms): Min: 0.1, Avg: 0.1, Max: 0.1, Diff: 0.0, Sum: 0.5]
         [Processed Buffers: Min: 1, Avg: 2.2, Max: 8, Diff: 7, Sum: 13]
      [Scan RS (ms): Min: 0.1, Avg: 0.2, Max: 0.2, Diff: 0.1, Sum: 1.0]
      [Code Root Scanning (ms): Min: 0.0, Avg: 0.0, Max: 0.0, Diff: 0.0, Sum: 0.0]
      [Object Copy (ms): Min: 1.1, Avg: 1.1, Max: 1.1, Diff: 0.0, Sum: 6.8]
      [Termination (ms): Min: 0.0, Avg: 0.0, Max: 0.0, Diff: 0.0, Sum: 0.0]
         [Termination Attempts: Min: 1, Avg: 1.0, Max: 1, Diff: 0, Sum: 6]
      [GC Worker Other (ms): Min: 0.0, Avg: 0.1, Max: 0.1, Diff: 0.1, Sum: 0.5]
      [GC Worker Total (ms): Min: 1.7, Avg: 1.8, Max: 1.9, Diff: 0.1, Sum: 10.8]
      [GC Worker End (ms): Min: 43786.1, Avg: 43786.2, Max: 43786.3, Diff: 0.1]
   [Code Root Fixup: 0.0 ms]
   [Code Root Purge: 0.0 ms]
   [Clear CT: 0.5 ms]
   [Other: 1.1 ms]
      [Choose CSet: 0.0 ms]
      [Ref Proc: 0.1 ms]
      [Ref Enq: 0.0 ms]
      [Redirty Cards: 0.1 ms]
      [Humongous Register: 0.1 ms]
      [Humongous Reclaim: 0.0 ms]
      [Free CSet: 0.6 ms]
   [Eden: 2444.0M(2444.0M)->0.0B(2444.0M) Survivors: 12288.0K->12288.0K Heap: 2471.2M(4096.0M)->27388.2K(4096.0M)]
 [Times: user=0.02 sys=0.00, real=0.02 secs] 
2024-10-12T18:53:13.506+0300: 43.788: Total time for which application threads were stopped: 0.0038823 seconds, Stopping threads took: 0.0001928 seconds
2024-10-12T18:53:14.291+0300: 44.574: Application time: 0.7862879 seconds
2024-10-12T18:53:14.291+0300: 44.574: [GC pause (G1 Evacuation Pause) (young), 0.0035168 secs]
   [Parallel Time: 2.0 ms, GC Workers: 6]
      [GC Worker Start (ms): Min: 44574.5, Avg: 44574.6, Max: 44574.6, Diff: 0.1]
      [Ext Root Scanning (ms): Min: 0.3, Avg: 0.3, Max: 0.4, Diff: 0.1, Sum: 2.0]
      [Update RS (ms): Min: 0.1, Avg: 0.3, Max: 1.0, Diff: 1.0, Sum: 1.5]
         [Processed Buffers: Min: 0, Avg: 2.2, Max: 8, Diff: 8, Sum: 13]
      [Scan RS (ms): Min: 0.1, Avg: 0.2, Max: 0.2, Diff: 0.2, Sum: 1.1]
      [Code Root Scanning (ms): Min: 0.0, Avg: 0.0, Max: 0.0, Diff: 0.0, Sum: 0.0]
      [Object Copy (ms): Min: 0.3, Avg: 1.0, Max: 1.1, Diff: 0.8, Sum: 5.9]
      [Termination (ms): Min: 0.0, Avg: 0.0, Max: 0.0, Diff: 0.0, Sum: 0.0]
         [Termination Attempts: Min: 1, Avg: 1.0, Max: 1, Diff: 0, Sum: 6]
      [GC Worker Other (ms): Min: 0.0, Avg: 0.1, Max: 0.1, Diff: 0.1, Sum: 0.5]
      [GC Worker Total (ms): Min: 1.8, Avg: 1.8, Max: 1.9, Diff: 0.1, Sum: 11.0]
      [GC Worker End (ms): Min: 44576.3, Avg: 44576.4, Max: 44576.4, Diff: 0.1]
   [Code Root Fixup: 0.0 ms]
   [Code Root Purge: 0.0 ms]
   [Clear CT: 0.5 ms]
   [Other: 1.1 ms]
      [Choose CSet: 0.0 ms]
      [Ref Proc: 0.1 ms]
      [Ref Enq: 0.0 ms]
      [Redirty Cards: 0.1 ms]
      [Humongous Register: 0.1 ms]
      [Humongous Reclaim: 0.0 ms]
      [Free CSet: 0.7 ms]
   [Eden: 2444.0M(2444.0M)->0.0B(2444.0M) Survivors: 12288.0K->12288.0K Heap: 2470.7M(4096.0M)->27396.7K(4096.0M)]
 [Times: user=0.00 sys=0.00, real=0.00 secs] 
2024-10-12T18:53:14.291+0300: 44.578: Total time for which application threads were stopped: 0.0039129 seconds, Stopping threads took: 0.0001521 seconds
2024-10-12T18:53:15.075+0300: 45.362: Application time: 0.7842109 seconds
2024-10-12T18:53:15.075+0300: 45.363: [GC pause (G1 Evacuation Pause) (young), 0.0035290 secs]
   [Parallel Time: 1.8 ms, GC Workers: 6]
      [GC Worker Start (ms): Min: 45362.7, Avg: 45362.7, Max: 45362.7, Diff: 0.1]
      [Ext Root Scanning (ms): Min: 0.3, Avg: 0.3, Max: 0.4, Diff: 0.1, Sum: 2.1]
      [Update RS (ms): Min: 0.0, Avg: 0.1, Max: 0.1, Diff: 0.1, Sum: 0.4]
         [Processed Buffers: Min: 1, Avg: 2.2, Max: 8, Diff: 7, Sum: 13]
      [Scan RS (ms): Min: 0.1, Avg: 0.2, Max: 0.2, Diff: 0.0, Sum: 1.0]
      [Code Root Scanning (ms): Min: 0.0, Avg: 0.0, Max: 0.0, Diff: 0.0, Sum: 0.0]
      [Object Copy (ms): Min: 1.0, Avg: 1.0, Max: 1.0, Diff: 0.0, Sum: 5.8]
      [Termination (ms): Min: 0.0, Avg: 0.0, Max: 0.0, Diff: 0.0, Sum: 0.0]
         [Termination Attempts: Min: 1, Avg: 1.0, Max: 1, Diff: 0, Sum: 6]
      [GC Worker Other (ms): Min: 0.0, Avg: 0.1, Max: 0.2, Diff: 0.2, Sum: 0.7]
      [GC Worker Total (ms): Min: 1.6, Avg: 1.7, Max: 1.7, Diff: 0.2, Sum: 10.1]
      [GC Worker End (ms): Min: 45364.3, Avg: 45364.4, Max: 45364.4, Diff: 0.2]
   [Code Root Fixup: 0.0 ms]
   [Code Root Purge: 0.0 ms]
   [Clear CT: 0.6 ms]
   [Other: 1.1 ms]
      [Choose CSet: 0.0 ms]
      [Ref Proc: 0.1 ms]
      [Ref Enq: 0.0 ms]
      [Redirty Cards: 0.1 ms]
      [Humongous Register: 0.0 ms]
      [Humongous Reclaim: 0.0 ms]
      [Free CSet: 0.7 ms]
   [Eden: 2444.0M(2444.0M)->0.0B(2444.0M) Survivors: 12288.0K->12288.0K Heap: 2470.8M(4096.0M)->27786.7K(4096.0M)]
 [Times: user=0.00 sys=0.00, real=0.01 secs] 
2024-10-12T18:53:15.084+0300: 45.366: Total time for which application threads were stopped: 0.0039294 seconds, Stopping threads took: 0.0001656 seconds
2024-10-12T18:53:15.860+0300: 46.144: Application time: 0.7773254 seconds
2024-10-12T18:53:15.860+0300: 46.144: [GC pause (G1 Evacuation Pause) (young), 0.0033930 secs]
   [Parallel Time: 1.8 ms, GC Workers: 6]
      [GC Worker Start (ms): Min: 46143.9, Avg: 46144.0, Max: 46144.3, Diff: 0.4]
      [Ext Root Scanning (ms): Min: 0.0, Avg: 0.3, Max: 0.4, Diff: 0.4, Sum: 2.0]
      [Update RS (ms): Min: 0.1, Avg: 0.1, Max: 0.1, Diff: 0.0, Sum: 0.5]
         [Processed Buffers: Min: 1, Avg: 2.2, Max: 8, Diff: 7, Sum: 13]
      [Scan RS (ms): Min: 0.1, Avg: 0.2, Max: 0.2, Diff: 0.1, Sum: 1.0]
      [Code Root Scanning (ms): Min: 0.0, Avg: 0.0, Max: 0.0, Diff: 0.0, Sum: 0.0]
      [Object Copy (ms): Min: 1.0, Avg: 1.0, Max: 1.0, Diff: 0.1, Sum: 5.9]
      [Termination (ms): Min: 0.0, Avg: 0.0, Max: 0.0, Diff: 0.0, Sum: 0.0]
         [Termination Attempts: Min: 1, Avg: 1.0, Max: 1, Diff: 0, Sum: 6]
      [GC Worker Other (ms): Min: 0.0, Avg: 0.1, Max: 0.1, Diff: 0.1, Sum: 0.5]
      [GC Worker Total (ms): Min: 1.3, Avg: 1.7, Max: 1.8, Diff: 0.4, Sum: 10.0]
      [GC Worker End (ms): Min: 46145.6, Avg: 46145.7, Max: 46145.7, Diff: 0.1]
   [Code Root Fixup: 0.0 ms]
   [Code Root Purge: 0.0 ms]
   [Clear CT: 0.5 ms]
   [Other: 1.0 ms]
      [Choose CSet: 0.0 ms]
      [Ref Proc: 0.1 ms]
      [Ref Enq: 0.0 ms]
      [Redirty Cards: 0.1 ms]
      [Humongous Register: 0.0 ms]
      [Humongous Reclaim: 0.0 ms]
      [Free CSet: 0.6 ms]
   [Eden: 2444.0M(2444.0M)->0.0B(2444.0M) Survivors: 12288.0K->12288.0K Heap: 2471.1M(4096.0M)->27401.7K(4096.0M)]
 [Times: user=0.00 sys=0.00, real=0.00 secs] 
2024-10-12T18:53:15.860+0300: 46.147: Total time for which application threads were stopped: 0.0038293 seconds, Stopping threads took: 0.0002054 seconds
2024-10-12T18:53:16.630+0300: 46.923: Application time: 0.7755825 seconds
2024-10-12T18:53:16.630+0300: 46.923: [GC pause (G1 Evacuation Pause) (young), 0.0034925 secs]
   [Parallel Time: 2.0 ms, GC Workers: 6]
      [GC Worker Start (ms): Min: 46923.3, Avg: 46923.4, Max: 46923.4, Diff: 0.1]
      [Ext Root Scanning (ms): Min: 0.3, Avg: 0.3, Max: 0.4, Diff: 0.1, Sum: 2.1]
      [Update RS (ms): Min: 0.0, Avg: 0.1, Max: 0.1, Diff: 0.1, Sum: 0.5]
         [Processed Buffers: Min: 1, Avg: 2.2, Max: 8, Diff: 7, Sum: 13]
      [Scan RS (ms): Min: 0.2, Avg: 0.2, Max: 0.2, Diff: 0.0, Sum: 1.1]
      [Code Root Scanning (ms): Min: 0.0, Avg: 0.0, Max: 0.0, Diff: 0.0, Sum: 0.0]
      [Object Copy (ms): Min: 1.2, Avg: 1.2, Max: 1.2, Diff: 0.0, Sum: 7.1]
      [Termination (ms): Min: 0.0, Avg: 0.0, Max: 0.0, Diff: 0.0, Sum: 0.0]
         [Termination Attempts: Min: 1, Avg: 1.0, Max: 1, Diff: 0, Sum: 6]
      [GC Worker Other (ms): Min: 0.0, Avg: 0.1, Max: 0.1, Diff: 0.1, Sum: 0.5]
      [GC Worker Total (ms): Min: 1.8, Avg: 1.9, Max: 2.0, Diff: 0.1, Sum: 11.4]
      [GC Worker End (ms): Min: 46925.2, Avg: 46925.2, Max: 46925.3, Diff: 0.1]
   [Code Root Fixup: 0.0 ms]
   [Code Root Purge: 0.0 ms]
   [Clear CT: 0.5 ms]
   [Other: 1.0 ms]
      [Choose CSet: 0.0 ms]
      [Ref Proc: 0.1 ms]
      [Ref Enq: 0.0 ms]
      [Redirty Cards: 0.1 ms]
      [Humongous Register: 0.0 ms]
      [Humongous Reclaim: 0.0 ms]
      [Free CSet: 0.6 ms]
   [Eden: 2444.0M(2444.0M)->0.0B(2446.0M) Survivors: 12288.0K->10240.0K Heap: 2470.8M(4096.0M)->25695.4K(4096.0M)]
 [Times: user=0.02 sys=0.00, real=0.01 secs] 
2024-10-12T18:53:16.645+0300: 46.927: Total time for which application threads were stopped: 0.0038871 seconds, Stopping threads took: 0.0001602 seconds
2024-10-12T18:53:17.415+0300: 47.700: Application time: 0.7727102 seconds
2024-10-12T18:53:17.415+0300: 47.700: [GC pause (G1 Evacuation Pause) (young), 0.0033525 secs]
   [Parallel Time: 1.8 ms, GC Workers: 6]
      [GC Worker Start (ms): Min: 47700.0, Avg: 47700.0, Max: 47700.0, Diff: 0.1]
      [Ext Root Scanning (ms): Min: 0.3, Avg: 0.3, Max: 0.4, Diff: 0.1, Sum: 2.0]
      [Update RS (ms): Min: 0.0, Avg: 0.1, Max: 0.1, Diff: 0.1, Sum: 0.5]
         [Processed Buffers: Min: 1, Avg: 2.2, Max: 6, Diff: 5, Sum: 13]
      [Scan RS (ms): Min: 0.2, Avg: 0.2, Max: 0.2, Diff: 0.0, Sum: 1.0]
      [Code Root Scanning (ms): Min: 0.0, Avg: 0.0, Max: 0.0, Diff: 0.0, Sum: 0.0]
      [Object Copy (ms): Min: 1.0, Avg: 1.0, Max: 1.0, Diff: 0.1, Sum: 6.0]
      [Termination (ms): Min: 0.0, Avg: 0.0, Max: 0.0, Diff: 0.0, Sum: 0.0]
         [Termination Attempts: Min: 1, Avg: 1.0, Max: 1, Diff: 0, Sum: 6]
      [GC Worker Other (ms): Min: 0.0, Avg: 0.1, Max: 0.1, Diff: 0.1, Sum: 0.6]
      [GC Worker Total (ms): Min: 1.6, Avg: 1.7, Max: 1.8, Diff: 0.1, Sum: 10.1]
      [GC Worker End (ms): Min: 47701.6, Avg: 47701.7, Max: 47701.7, Diff: 0.1]
   [Code Root Fixup: 0.0 ms]
   [Code Root Purge: 0.0 ms]
   [Clear CT: 0.5 ms]
   [Other: 1.0 ms]
      [Choose CSet: 0.0 ms]
      [Ref Proc: 0.1 ms]
      [Ref Enq: 0.0 ms]
      [Redirty Cards: 0.1 ms]
      [Humongous Register: 0.0 ms]
      [Humongous Reclaim: 0.0 ms]
      [Free CSet: 0.6 ms]
   [Eden: 2446.0M(2446.0M)->0.0B(2444.0M) Survivors: 10240.0K->12288.0K Heap: 2471.1M(4096.0M)->28430.7K(4096.0M)]
 [Times: user=0.00 sys=0.00, real=0.00 secs] 
2024-10-12T18:53:17.415+0300: 47.703: Total time for which application threads were stopped: 0.0037823 seconds, Stopping threads took: 0.0001575 seconds
2024-10-12T18:53:18.192+0300: 48.478: Application time: 0.7749118 seconds
2024-10-12T18:53:18.199+0300: 48.479: [GC pause (G1 Evacuation Pause) (young), 0.0043567 secs]
   [Parallel Time: 2.6 ms, GC Workers: 6]
      [GC Worker Start (ms): Min: 48478.8, Avg: 48478.8, Max: 48478.9, Diff: 0.0]
      [Ext Root Scanning (ms): Min: 0.3, Avg: 0.3, Max: 0.4, Diff: 0.0, Sum: 2.0]
      [Update RS (ms): Min: 0.0, Avg: 0.1, Max: 0.1, Diff: 0.1, Sum: 0.5]
         [Processed Buffers: Min: 1, Avg: 2.2, Max: 6, Diff: 5, Sum: 13]
      [Scan RS (ms): Min: 0.1, Avg: 0.2, Max: 0.2, Diff: 0.0, Sum: 1.0]
      [Code Root Scanning (ms): Min: 0.0, Avg: 0.0, Max: 0.0, Diff: 0.0, Sum: 0.0]
      [Object Copy (ms): Min: 1.6, Avg: 1.6, Max: 1.7, Diff: 0.1, Sum: 9.9]
      [Termination (ms): Min: 0.0, Avg: 0.0, Max: 0.0, Diff: 0.0, Sum: 0.0]
         [Termination Attempts: Min: 1, Avg: 1.2, Max: 2, Diff: 1, Sum: 7]
      [GC Worker Other (ms): Min: 0.1, Avg: 0.2, Max: 0.2, Diff: 0.2, Sum: 0.9]
      [GC Worker Total (ms): Min: 2.3, Avg: 2.4, Max: 2.4, Diff: 0.2, Sum: 14.3]
      [GC Worker End (ms): Min: 48481.1, Avg: 48481.2, Max: 48481.3, Diff: 0.2]
   [Code Root Fixup: 0.0 ms]
   [Code Root Purge: 0.0 ms]
   [Clear CT: 0.5 ms]
   [Other: 1.2 ms]
      [Choose CSet: 0.0 ms]
      [Ref Proc: 0.1 ms]
      [Ref Enq: 0.0 ms]
      [Redirty Cards: 0.1 ms]
      [Humongous Register: 0.1 ms]
      [Humongous Reclaim: 0.0 ms]
      [Free CSet: 0.8 ms]
   [Eden: 2444.0M(2444.0M)->0.0B(2438.0M) Survivors: 12288.0K->18432.0K Heap: 2471.8M(4096.0M)->33232.2K(4096.0M)]
 [Times: user=0.00 sys=0.00, real=0.00 secs] 
2024-10-12T18:53:18.199+0300: 48.483: Total time for which application threads were stopped: 0.0049559 seconds, Stopping threads took: 0.0003344 seconds
2024-10-12T18:53:19.016+0300: 49.295: Application time: 0.8122674 seconds
2024-10-12T18:53:19.016+0300: 49.296: [GC pause (G1 Evacuation Pause) (young), 0.0034740 secs]
   [Parallel Time: 1.8 ms, GC Workers: 6]
      [GC Worker Start (ms): Min: 49295.8, Avg: 49295.8, Max: 49295.8, Diff: 0.0]
      [Ext Root Scanning (ms): Min: 0.3, Avg: 0.3, Max: 0.4, Diff: 0.0, Sum: 2.0]
      [Update RS (ms): Min: 0.0, Avg: 0.1, Max: 0.1, Diff: 0.0, Sum: 0.4]
         [Processed Buffers: Min: 1, Avg: 2.2, Max: 7, Diff: 6, Sum: 13]
      [Scan RS (ms): Min: 0.1, Avg: 0.2, Max: 0.2, Diff: 0.0, Sum: 1.0]
      [Code Root Scanning (ms): Min: 0.0, Avg: 0.0, Max: 0.0, Diff: 0.0, Sum: 0.0]
      [Object Copy (ms): Min: 1.0, Avg: 1.0, Max: 1.0, Diff: 0.0, Sum: 5.9]
      [Termination (ms): Min: 0.0, Avg: 0.0, Max: 0.0, Diff: 0.0, Sum: 0.0]
         [Termination Attempts: Min: 1, Avg: 1.3, Max: 2, Diff: 1, Sum: 8]
      [GC Worker Other (ms): Min: 0.0, Avg: 0.1, Max: 0.2, Diff: 0.2, Sum: 0.7]
      [GC Worker Total (ms): Min: 1.6, Avg: 1.7, Max: 1.8, Diff: 0.2, Sum: 10.2]
      [GC Worker End (ms): Min: 49297.4, Avg: 49297.5, Max: 49297.6, Diff: 0.2]
   [Code Root Fixup: 0.0 ms]
   [Code Root Purge: 0.0 ms]
   [Clear CT: 0.6 ms]
   [Other: 1.1 ms]
      [Choose CSet: 0.0 ms]
      [Ref Proc: 0.1 ms]
      [Ref Enq: 0.0 ms]
      [Redirty Cards: 0.1 ms]
      [Humongous Register: 0.0 ms]
      [Humongous Reclaim: 0.0 ms]
      [Free CSet: 0.7 ms]
   [Eden: 2438.0M(2438.0M)->0.0B(2444.0M) Survivors: 18432.0K->12288.0K Heap: 2470.5M(4096.0M)->27411.7K(4096.0M)]
 [Times: user=0.00 sys=0.00, real=0.00 secs] 
2024-10-12T18:53:19.016+0300: 49.299: Total time for which application threads were stopped: 0.0038201 seconds, Stopping threads took: 0.0001051 seconds
2024-10-12T18:53:19.784+0300: 50.069: Application time: 0.7695972 seconds
2024-10-12T18:53:19.784+0300: 50.069: [GC pause (G1 Evacuation Pause) (young), 0.0035130 secs]
   [Parallel Time: 2.0 ms, GC Workers: 6]
      [GC Worker Start (ms): Min: 50069.2, Avg: 50069.3, Max: 50069.3, Diff: 0.0]
      [Ext Root Scanning (ms): Min: 0.3, Avg: 0.3, Max: 0.3, Diff: 0.1, Sum: 1.9]
      [Update RS (ms): Min: 0.0, Avg: 0.1, Max: 0.1, Diff: 0.1, Sum: 0.5]
         [Processed Buffers: Min: 0, Avg: 2.2, Max: 6, Diff: 6, Sum: 13]
      [Scan RS (ms): Min: 0.0, Avg: 0.2, Max: 0.2, Diff: 0.2, Sum: 1.0]
      [Code Root Scanning (ms): Min: 0.0, Avg: 0.0, Max: 0.0, Diff: 0.0, Sum: 0.0]
      [Object Copy (ms): Min: 1.2, Avg: 1.3, Max: 1.5, Diff: 0.3, Sum: 7.6]
      [Termination (ms): Min: 0.0, Avg: 0.0, Max: 0.0, Diff: 0.0, Sum: 0.0]
         [Termination Attempts: Min: 1, Avg: 1.0, Max: 1, Diff: 0, Sum: 6]
      [GC Worker Other (ms): Min: 0.1, Avg: 0.1, Max: 0.1, Diff: 0.1, Sum: 0.6]
      [GC Worker Total (ms): Min: 1.9, Avg: 1.9, Max: 2.0, Diff: 0.1, Sum: 11.7]
      [GC Worker End (ms): Min: 50071.2, Avg: 50071.2, Max: 50071.2, Diff: 0.1]
   [Code Root Fixup: 0.0 ms]
   [Code Root Purge: 0.0 ms]
   [Clear CT: 0.5 ms]
   [Other: 1.0 ms]
      [Choose CSet: 0.0 ms]
      [Ref Proc: 0.1 ms]
      [Ref Enq: 0.0 ms]
      [Redirty Cards: 0.1 ms]
      [Humongous Register: 0.0 ms]
      [Humongous Reclaim: 0.0 ms]
      [Free CSet: 0.6 ms]
   [Eden: 2444.0M(2444.0M)->0.0B(2446.0M) Survivors: 12288.0K->10240.0K Heap: 2470.8M(4096.0M)->26624.2K(4096.0M)]
 [Times: user=0.00 sys=0.00, real=0.00 secs] 
2024-10-12T18:53:19.784+0300: 50.073: Total time for which application threads were stopped: 0.0038896 seconds, Stopping threads took: 0.0001514 seconds
2024-10-12T18:53:20.569+0300: 50.849: Application time: 0.7764045 seconds
2024-10-12T18:53:20.569+0300: 50.850: [GC pause (G1 Evacuation Pause) (young), 0.0035010 secs]
   [Parallel Time: 1.9 ms, GC Workers: 6]
      [GC Worker Start (ms): Min: 50849.6, Avg: 50849.6, Max: 50849.7, Diff: 0.0]
      [Ext Root Scanning (ms): Min: 0.3, Avg: 0.3, Max: 0.4, Diff: 0.1, Sum: 2.0]
      [Update RS (ms): Min: 0.2, Avg: 0.3, Max: 0.4, Diff: 0.1, Sum: 1.7]
         [Processed Buffers: Min: 1, Avg: 2.5, Max: 5, Diff: 4, Sum: 15]
      [Scan RS (ms): Min: 0.1, Avg: 0.2, Max: 0.2, Diff: 0.1, Sum: 1.1]
      [Code Root Scanning (ms): Min: 0.0, Avg: 0.0, Max: 0.0, Diff: 0.0, Sum: 0.0]
      [Object Copy (ms): Min: 0.9, Avg: 0.9, Max: 0.9, Diff: 0.0, Sum: 5.4]
      [Termination (ms): Min: 0.0, Avg: 0.0, Max: 0.0, Diff: 0.0, Sum: 0.0]
         [Termination Attempts: Min: 1, Avg: 1.2, Max: 2, Diff: 1, Sum: 7]
      [GC Worker Other (ms): Min: 0.1, Avg: 0.1, Max: 0.1, Diff: 0.1, Sum: 0.6]
      [GC Worker Total (ms): Min: 1.7, Avg: 1.8, Max: 1.8, Diff: 0.1, Sum: 10.8]
      [GC Worker End (ms): Min: 50851.4, Avg: 50851.4, Max: 50851.5, Diff: 0.1]
   [Code Root Fixup: 0.0 ms]
   [Code Root Purge: 0.0 ms]
   [Clear CT: 0.5 ms]
   [Other: 1.1 ms]
      [Choose CSet: 0.0 ms]
      [Ref Proc: 0.1 ms]
      [Ref Enq: 0.0 ms]
      [Redirty Cards: 0.1 ms]
      [Humongous Register: 0.0 ms]
      [Humongous Reclaim: 0.0 ms]
      [Free CSet: 0.7 ms]
   [Eden: 2446.0M(2446.0M)->0.0B(2446.0M) Survivors: 10240.0K->10240.0K Heap: 2472.0M(4096.0M)->28115.0K(4096.0M)]
 [Times: user=0.00 sys=0.00, real=0.00 secs] 
2024-10-12T18:53:20.569+0300: 50.853: Total time for which application threads were stopped: 0.0039449 seconds, Stopping threads took: 0.0001718 seconds
2024-10-12T18:53:21.349+0300: 51.631: Application time: 0.7775351 seconds
2024-10-12T18:53:21.349+0300: 51.631: [GC pause (G1 Evacuation Pause) (young), 0.0040083 secs]
   [Parallel Time: 2.3 ms, GC Workers: 6]
      [GC Worker Start (ms): Min: 51631.1, Avg: 51631.1, Max: 51631.2, Diff: 0.1]
      [Ext Root Scanning (ms): Min: 0.3, Avg: 0.3, Max: 0.4, Diff: 0.1, Sum: 1.9]
      [Update RS (ms): Min: 0.1, Avg: 0.1, Max: 0.1, Diff: 0.0, Sum: 0.6]
         [Processed Buffers: Min: 2, Avg: 2.2, Max: 3, Diff: 1, Sum: 13]
      [Scan RS (ms): Min: 0.1, Avg: 0.2, Max: 0.2, Diff: 0.0, Sum: 1.0]
      [Code Root Scanning (ms): Min: 0.0, Avg: 0.0, Max: 0.0, Diff: 0.0, Sum: 0.0]
      [Object Copy (ms): Min: 1.5, Avg: 1.5, Max: 1.5, Diff: 0.0, Sum: 8.9]
      [Termination (ms): Min: 0.0, Avg: 0.0, Max: 0.1, Diff: 0.1, Sum: 0.2]
         [Termination Attempts: Min: 1, Avg: 1.0, Max: 1, Diff: 0, Sum: 6]
      [GC Worker Other (ms): Min: 0.0, Avg: 0.0, Max: 0.0, Diff: 0.0, Sum: 0.2]
      [GC Worker Total (ms): Min: 2.1, Avg: 2.2, Max: 2.2, Diff: 0.1, Sum: 12.9]
      [GC Worker End (ms): Min: 51633.3, Avg: 51633.3, Max: 51633.3, Diff: 0.0]
   [Code Root Fixup: 0.0 ms]
   [Code Root Purge: 0.0 ms]
   [Clear CT: 0.5 ms]
   [Other: 1.2 ms]
      [Choose CSet: 0.0 ms]
      [Ref Proc: 0.2 ms]
      [Ref Enq: 0.0 ms]
      [Redirty Cards: 0.1 ms]
      [Humongous Register: 0.1 ms]
      [Humongous Reclaim: 0.0 ms]
      [Free CSet: 0.7 ms]
   [Eden: 2446.0M(2446.0M)->0.0B(2444.0M) Survivors: 10240.0K->12288.0K Heap: 2473.5M(4096.0M)->29227.7K(4096.0M)]
 [Times: user=0.01 sys=0.00, real=0.01 secs] 
2024-10-12T18:53:21.354+0300: 51.635: Total time for which application threads were stopped: 0.0044558 seconds, Stopping threads took: 0.0002035 seconds
2024-10-12T18:53:22.124+0300: 52.408: Application time: 0.7723682 seconds
2024-10-12T18:53:22.124+0300: 52.408: [GC pause (G1 Evacuation Pause) (young), 0.0046302 secs]
   [Parallel Time: 2.8 ms, GC Workers: 6]
      [GC Worker Start (ms): Min: 52408.0, Avg: 52408.0, Max: 52408.0, Diff: 0.1]
      [Ext Root Scanning (ms): Min: 0.3, Avg: 0.3, Max: 0.4, Diff: 0.1, Sum: 2.0]
      [Update RS (ms): Min: 0.1, Avg: 0.1, Max: 0.1, Diff: 0.1, Sum: 0.6]
         [Processed Buffers: Min: 2, Avg: 2.2, Max: 3, Diff: 1, Sum: 13]
      [Scan RS (ms): Min: 0.1, Avg: 0.2, Max: 0.2, Diff: 0.0, Sum: 1.0]
      [Code Root Scanning (ms): Min: 0.0, Avg: 0.0, Max: 0.0, Diff: 0.0, Sum: 0.0]
      [Object Copy (ms): Min: 1.9, Avg: 1.9, Max: 1.9, Diff: 0.0, Sum: 11.5]
      [Termination (ms): Min: 0.0, Avg: 0.0, Max: 0.0, Diff: 0.0, Sum: 0.0]
         [Termination Attempts: Min: 1, Avg: 1.0, Max: 1, Diff: 0, Sum: 6]
      [GC Worker Other (ms): Min: 0.0, Avg: 0.1, Max: 0.2, Diff: 0.2, Sum: 0.8]
      [GC Worker Total (ms): Min: 2.6, Avg: 2.7, Max: 2.7, Diff: 0.1, Sum: 15.9]
      [GC Worker End (ms): Min: 52410.6, Avg: 52410.6, Max: 52410.7, Diff: 0.2]
   [Code Root Fixup: 0.0 ms]
   [Code Root Purge: 0.0 ms]
   [Clear CT: 0.6 ms]
   [Other: 1.3 ms]
      [Choose CSet: 0.0 ms]
      [Ref Proc: 0.2 ms]
      [Ref Enq: 0.0 ms]
      [Redirty Cards: 0.1 ms]
      [Humongous Register: 0.1 ms]
      [Humongous Reclaim: 0.0 ms]
      [Free CSet: 0.7 ms]
   [Eden: 2444.0M(2444.0M)->0.0B(2444.0M) Survivors: 12288.0K->12288.0K Heap: 2472.5M(4096.0M)->30257.7K(4096.0M)]
 [Times: user=0.00 sys=0.00, real=0.00 secs] 
2024-10-12T18:53:22.124+0300: 52.413: Total time for which application threads were stopped: 0.0051014 seconds, Stopping threads took: 0.0002023 seconds
2024-10-12T18:53:22.903+0300: 53.184: Application time: 0.7709409 seconds
2024-10-12T18:53:22.903+0300: 53.184: [GC pause (G1 Evacuation Pause) (young), 0.0050997 secs]
   [Parallel Time: 2.9 ms, GC Workers: 6]
      [GC Worker Start (ms): Min: 53183.9, Avg: 53184.8, Max: 53186.7, Diff: 2.8]
      [Ext Root Scanning (ms): Min: 0.0, Avg: 0.3, Max: 0.5, Diff: 0.4, Sum: 1.6]
      [Update RS (ms): Min: 0.0, Avg: 0.1, Max: 0.1, Diff: 0.1, Sum: 0.5]
         [Processed Buffers: Min: 0, Avg: 2.2, Max: 4, Diff: 4, Sum: 13]
      [Scan RS (ms): Min: 0.0, Avg: 0.2, Max: 0.2, Diff: 0.2, Sum: 1.1]
      [Code Root Scanning (ms): Min: 0.0, Avg: 0.0, Max: 0.0, Diff: 0.0, Sum: 0.0]
      [Object Copy (ms): Min: 0.0, Avg: 1.3, Max: 2.0, Diff: 2.0, Sum: 7.9]
      [Termination (ms): Min: 0.0, Avg: 0.1, Max: 0.1, Diff: 0.1, Sum: 0.5]
         [Termination Attempts: Min: 1, Avg: 1.2, Max: 2, Diff: 1, Sum: 7]
      [GC Worker Other (ms): Min: 0.0, Avg: 0.0, Max: 0.1, Diff: 0.0, Sum: 0.2]
      [GC Worker Total (ms): Min: 0.0, Avg: 2.0, Max: 2.9, Diff: 2.8, Sum: 11.8]
      [GC Worker End (ms): Min: 53186.8, Avg: 53186.8, Max: 53186.8, Diff: 0.0]
   [Code Root Fixup: 0.0 ms]
   [Code Root Purge: 0.0 ms]
   [Clear CT: 0.5 ms]
   [Other: 1.6 ms]
      [Choose CSet: 0.0 ms]
      [Ref Proc: 0.3 ms]
      [Ref Enq: 0.0 ms]
      [Redirty Cards: 0.1 ms]
      [Humongous Register: 0.1 ms]
      [Humongous Reclaim: 0.0 ms]
      [Free CSet: 1.0 ms]
   [Eden: 2444.0M(2444.0M)->0.0B(2446.0M) Survivors: 12288.0K->10240.0K Heap: 2473.5M(4096.0M)->28212.2K(4096.0M)]
 [Times: user=0.00 sys=0.00, real=0.00 secs] 
2024-10-12T18:53:22.908+0300: 53.189: Total time for which application threads were stopped: 0.0054968 seconds, Stopping threads took: 0.0001473 seconds
2024-10-12T18:53:23.677+0300: 53.959: Application time: 0.7698581 seconds
2024-10-12T18:53:23.677+0300: 53.959: [GC pause (G1 Evacuation Pause) (young), 0.0037156 secs]
   [Parallel Time: 2.2 ms, GC Workers: 6]
      [GC Worker Start (ms): Min: 53959.2, Avg: 53959.2, Max: 53959.3, Diff: 0.1]
      [Ext Root Scanning (ms): Min: 0.3, Avg: 0.3, Max: 0.4, Diff: 0.1, Sum: 1.9]
      [Update RS (ms): Min: 0.0, Avg: 0.1, Max: 0.1, Diff: 0.1, Sum: 0.6]
         [Processed Buffers: Min: 0, Avg: 1.8, Max: 4, Diff: 4, Sum: 11]
      [Scan RS (ms): Min: 0.0, Avg: 0.2, Max: 0.2, Diff: 0.2, Sum: 1.0]
      [Code Root Scanning (ms): Min: 0.0, Avg: 0.0, Max: 0.0, Diff: 0.0, Sum: 0.0]
      [Object Copy (ms): Min: 1.3, Avg: 1.4, Max: 1.6, Diff: 0.3, Sum: 8.3]
      [Termination (ms): Min: 0.0, Avg: 0.0, Max: 0.0, Diff: 0.0, Sum: 0.0]
         [Termination Attempts: Min: 1, Avg: 1.0, Max: 1, Diff: 0, Sum: 6]
      [GC Worker Other (ms): Min: 0.0, Avg: 0.1, Max: 0.1, Diff: 0.1, Sum: 0.5]
      [GC Worker Total (ms): Min: 2.0, Avg: 2.1, Max: 2.1, Diff: 0.1, Sum: 12.4]
      [GC Worker End (ms): Min: 53961.3, Avg: 53961.3, Max: 53961.3, Diff: 0.1]
   [Code Root Fixup: 0.0 ms]
   [Code Root Purge: 0.0 ms]
   [Clear CT: 0.5 ms]
   [Other: 1.0 ms]
      [Choose CSet: 0.0 ms]
      [Ref Proc: 0.1 ms]
      [Ref Enq: 0.0 ms]
      [Redirty Cards: 0.1 ms]
      [Humongous Register: 0.0 ms]
      [Humongous Reclaim: 0.0 ms]
      [Free CSet: 0.6 ms]
   [Eden: 2446.0M(2446.0M)->0.0B(2444.0M) Survivors: 10240.0K->12288.0K Heap: 2473.6M(4096.0M)->30262.7K(4096.0M)]
 [Times: user=0.00 sys=0.00, real=0.00 secs] 
2024-10-12T18:53:23.677+0300: 53.963: Total time for which application threads were stopped: 0.0040519 seconds, Stopping threads took: 0.0001109 seconds
2024-10-12T18:53:24.447+0300: 54.737: Application time: 0.7739483 seconds
2024-10-12T18:53:24.447+0300: 54.737: [GC pause (G1 Evacuation Pause) (young), 0.0034189 secs]
   [Parallel Time: 1.8 ms, GC Workers: 6]
      [GC Worker Start (ms): Min: 54737.3, Avg: 54737.4, Max: 54737.4, Diff: 0.1]
      [Ext Root Scanning (ms): Min: 0.3, Avg: 0.3, Max: 0.4, Diff: 0.1, Sum: 2.1]
      [Update RS (ms): Min: 0.1, Avg: 0.1, Max: 0.1, Diff: 0.1, Sum: 0.6]
         [Processed Buffers: Min: 1, Avg: 2.2, Max: 4, Diff: 3, Sum: 13]
      [Scan RS (ms): Min: 0.1, Avg: 0.2, Max: 0.2, Diff: 0.1, Sum: 1.1]
      [Code Root Scanning (ms): Min: 0.0, Avg: 0.0, Max: 0.0, Diff: 0.0, Sum: 0.0]
      [Object Copy (ms): Min: 1.0, Avg: 1.0, Max: 1.0, Diff: 0.1, Sum: 6.1]
      [Termination (ms): Min: 0.0, Avg: 0.0, Max: 0.0, Diff: 0.0, Sum: 0.0]
         [Termination Attempts: Min: 1, Avg: 1.0, Max: 1, Diff: 0, Sum: 6]
      [GC Worker Other (ms): Min: 0.0, Avg: 0.1, Max: 0.1, Diff: 0.1, Sum: 0.6]
      [GC Worker Total (ms): Min: 1.7, Avg: 1.7, Max: 1.8, Diff: 0.1, Sum: 10.5]
      [GC Worker End (ms): Min: 54739.0, Avg: 54739.1, Max: 54739.1, Diff: 0.1]
   [Code Root Fixup: 0.0 ms]
   [Code Root Purge: 0.0 ms]
   [Clear CT: 0.5 ms]
   [Other: 1.1 ms]
      [Choose CSet: 0.0 ms]
      [Ref Proc: 0.1 ms]
      [Ref Enq: 0.0 ms]
      [Redirty Cards: 0.1 ms]
      [Humongous Register: 0.1 ms]
      [Humongous Reclaim: 0.0 ms]
      [Free CSet: 0.7 ms]
   [Eden: 2444.0M(2444.0M)->0.0B(2446.0M) Survivors: 12288.0K->10240.0K Heap: 2473.6M(4096.0M)->28217.2K(4096.0M)]
 [Times: user=0.00 sys=0.00, real=0.00 secs] 
2024-10-12T18:53:24.447+0300: 54.741: Total time for which application threads were stopped: 0.0038306 seconds, Stopping threads took: 0.0001336 seconds
2024-10-12T18:53:25.232+0300: 55.519: Application time: 0.7780624 seconds
2024-10-12T18:53:25.232+0300: 55.519: [GC pause (G1 Evacuation Pause) (young), 0.0033772 secs]
   [Parallel Time: 1.6 ms, GC Workers: 6]
      [GC Worker Start (ms): Min: 55519.3, Avg: 55519.3, Max: 55519.3, Diff: 0.1]
      [Ext Root Scanning (ms): Min: 0.3, Avg: 0.3, Max: 0.4, Diff: 0.1, Sum: 2.0]
      [Update RS (ms): Min: 0.1, Avg: 0.1, Max: 0.1, Diff: 0.1, Sum: 0.6]
         [Processed Buffers: Min: 1, Avg: 2.2, Max: 4, Diff: 3, Sum: 13]
      [Scan RS (ms): Min: 0.1, Avg: 0.2, Max: 0.2, Diff: 0.1, Sum: 1.0]
      [Code Root Scanning (ms): Min: 0.0, Avg: 0.0, Max: 0.0, Diff: 0.0, Sum: 0.0]
      [Object Copy (ms): Min: 0.7, Avg: 0.8, Max: 0.8, Diff: 0.1, Sum: 4.6]
      [Termination (ms): Min: 0.0, Avg: 0.0, Max: 0.0, Diff: 0.0, Sum: 0.0]
         [Termination Attempts: Min: 1, Avg: 1.0, Max: 1, Diff: 0, Sum: 6]
      [GC Worker Other (ms): Min: 0.0, Avg: 0.1, Max: 0.2, Diff: 0.1, Sum: 0.6]
      [GC Worker Total (ms): Min: 1.4, Avg: 1.5, Max: 1.6, Diff: 0.2, Sum: 8.9]
      [GC Worker End (ms): Min: 55520.7, Avg: 55520.8, Max: 55520.9, Diff: 0.1]
   [Code Root Fixup: 0.0 ms]
   [Code Root Purge: 0.0 ms]
   [Clear CT: 0.5 ms]
   [Other: 1.2 ms]
      [Choose CSet: 0.0 ms]
      [Ref Proc: 0.2 ms]
      [Ref Enq: 0.0 ms]
      [Redirty Cards: 0.1 ms]
      [Humongous Register: 0.1 ms]
      [Humongous Reclaim: 0.0 ms]
      [Free CSet: 0.7 ms]
   [Eden: 2446.0M(2446.0M)->0.0B(2448.0M) Survivors: 10240.0K->8192.0K Heap: 2473.6M(4096.0M)->25147.7K(4096.0M)]
 [Times: user=0.00 sys=0.00, real=0.00 secs] 
2024-10-12T18:53:25.232+0300: 55.523: Total time for which application threads were stopped: 0.0038452 seconds, Stopping threads took: 0.0001425 seconds
2024-10-12T18:53:26.080+0300: 56.367: Application time: 0.8439029 seconds
2024-10-12T18:53:26.080+0300: 56.367: [GC pause (G1 Evacuation Pause) (young), 0.0035178 secs]
   [Parallel Time: 1.6 ms, GC Workers: 6]
      [GC Worker Start (ms): Min: 56367.0, Avg: 56367.0, Max: 56367.0, Diff: 0.1]
      [Ext Root Scanning (ms): Min: 0.3, Avg: 0.3, Max: 0.4, Diff: 0.1, Sum: 2.0]
      [Update RS (ms): Min: 0.1, Avg: 0.1, Max: 0.1, Diff: 0.1, Sum: 0.6]
         [Processed Buffers: Min: 1, Avg: 2.2, Max: 4, Diff: 3, Sum: 13]
      [Scan RS (ms): Min: 0.1, Avg: 0.2, Max: 0.2, Diff: 0.1, Sum: 1.1]
      [Code Root Scanning (ms): Min: 0.0, Avg: 0.0, Max: 0.0, Diff: 0.0, Sum: 0.0]
      [Object Copy (ms): Min: 0.7, Avg: 0.7, Max: 0.7, Diff: 0.0, Sum: 4.4]
      [Termination (ms): Min: 0.0, Avg: 0.0, Max: 0.0, Diff: 0.0, Sum: 0.0]
         [Termination Attempts: Min: 1, Avg: 1.0, Max: 1, Diff: 0, Sum: 6]
      [GC Worker Other (ms): Min: 0.0, Avg: 0.1, Max: 0.1, Diff: 0.1, Sum: 0.5]
      [GC Worker Total (ms): Min: 1.4, Avg: 1.4, Max: 1.5, Diff: 0.1, Sum: 8.6]
      [GC Worker End (ms): Min: 56368.4, Avg: 56368.4, Max: 56368.5, Diff: 0.1]
   [Code Root Fixup: 0.0 ms]
   [Code Root Purge: 0.0 ms]
   [Clear CT: 0.5 ms]
   [Other: 1.4 ms]
      [Choose CSet: 0.0 ms]
      [Ref Proc: 0.2 ms]
      [Ref Enq: 0.0 ms]
      [Redirty Cards: 0.1 ms]
      [Humongous Register: 0.1 ms]
      [Humongous Reclaim: 0.0 ms]
      [Free CSet: 0.8 ms]
   [Eden: 2448.0M(2448.0M)->0.0B(2448.0M) Survivors: 8192.0K->8192.0K Heap: 2472.6M(4096.0M)->26154.3K(4096.0M)]
 [Times: user=0.00 sys=0.02, real=0.00 secs] 
2024-10-12T18:53:26.080+0300: 56.371: Total time for which application threads were stopped: 0.0039308 seconds, Stopping threads took: 0.0001777 seconds
2024-10-12T18:53:26.865+0300: 57.153: Application time: 0.7829230 seconds
2024-10-12T18:53:26.865+0300: 57.154: [GC pause (G1 Evacuation Pause) (young), 0.0032954 secs]
   [Parallel Time: 1.6 ms, GC Workers: 6]
      [GC Worker Start (ms): Min: 57153.9, Avg: 57153.9, Max: 57153.9, Diff: 0.1]
      [Ext Root Scanning (ms): Min: 0.3, Avg: 0.3, Max: 0.4, Diff: 0.1, Sum: 2.0]
      [Update RS (ms): Min: 0.1, Avg: 0.1, Max: 0.1, Diff: 0.1, Sum: 0.6]
         [Processed Buffers: Min: 1, Avg: 2.2, Max: 4, Diff: 3, Sum: 13]
      [Scan RS (ms): Min: 0.1, Avg: 0.2, Max: 0.2, Diff: 0.0, Sum: 1.0]
      [Code Root Scanning (ms): Min: 0.0, Avg: 0.0, Max: 0.0, Diff: 0.0, Sum: 0.0]
      [Object Copy (ms): Min: 0.8, Avg: 0.8, Max: 0.9, Diff: 0.1, Sum: 4.9]
      [Termination (ms): Min: 0.0, Avg: 0.0, Max: 0.0, Diff: 0.0, Sum: 0.0]
         [Termination Attempts: Min: 1, Avg: 1.0, Max: 1, Diff: 0, Sum: 6]
      [GC Worker Other (ms): Min: 0.0, Avg: 0.1, Max: 0.1, Diff: 0.1, Sum: 0.5]
      [GC Worker Total (ms): Min: 1.4, Avg: 1.5, Max: 1.5, Diff: 0.1, Sum: 9.0]
      [GC Worker End (ms): Min: 57155.4, Avg: 57155.4, Max: 57155.4, Diff: 0.1]
   [Code Root Fixup: 0.0 ms]
   [Code Root Purge: 0.0 ms]
   [Clear CT: 0.5 ms]
   [Other: 1.2 ms]
      [Choose CSet: 0.0 ms]
      [Ref Proc: 0.1 ms]
      [Ref Enq: 0.0 ms]
      [Redirty Cards: 0.1 ms]
      [Humongous Register: 0.1 ms]
      [Humongous Reclaim: 0.0 ms]
      [Free CSet: 0.8 ms]
   [Eden: 2448.0M(2448.0M)->0.0B(2446.0M) Survivors: 8192.0K->10240.0K Heap: 2473.5M(4096.0M)->28089.4K(4096.0M)]
 [Times: user=0.03 sys=0.00, real=0.00 secs] 
2024-10-12T18:53:26.865+0300: 57.157: Total time for which application threads were stopped: 0.0037539 seconds, Stopping threads took: 0.0002349 seconds
2024-10-12T18:53:27.650+0300: 57.936: Application time: 0.7792517 seconds
2024-10-12T18:53:27.650+0300: 57.937: [GC pause (G1 Evacuation Pause) (young), 0.0032120 secs]
   [Parallel Time: 1.6 ms, GC Workers: 6]
      [GC Worker Start (ms): Min: 57936.8, Avg: 57936.8, Max: 57936.8, Diff: 0.1]
      [Ext Root Scanning (ms): Min: 0.3, Avg: 0.3, Max: 0.4, Diff: 0.1, Sum: 2.0]
      [Update RS (ms): Min: 0.1, Avg: 0.1, Max: 0.1, Diff: 0.0, Sum: 0.6]
         [Processed Buffers: Min: 1, Avg: 2.2, Max: 4, Diff: 3, Sum: 13]
      [Scan RS (ms): Min: 0.2, Avg: 0.2, Max: 0.2, Diff: 0.0, Sum: 1.1]
      [Code Root Scanning (ms): Min: 0.0, Avg: 0.0, Max: 0.0, Diff: 0.0, Sum: 0.0]
      [Object Copy (ms): Min: 0.7, Avg: 0.7, Max: 0.8, Diff: 0.0, Sum: 4.5]
      [Termination (ms): Min: 0.0, Avg: 0.0, Max: 0.0, Diff: 0.0, Sum: 0.0]
         [Termination Attempts: Min: 1, Avg: 1.0, Max: 1, Diff: 0, Sum: 6]
      [GC Worker Other (ms): Min: 0.0, Avg: 0.1, Max: 0.2, Diff: 0.1, Sum: 0.7]
      [GC Worker Total (ms): Min: 1.4, Avg: 1.5, Max: 1.5, Diff: 0.1, Sum: 8.8]
      [GC Worker End (ms): Min: 57938.2, Avg: 57938.3, Max: 57938.3, Diff: 0.1]
   [Code Root Fixup: 0.0 ms]
   [Code Root Purge: 0.0 ms]
   [Clear CT: 0.5 ms]
   [Other: 1.1 ms]
      [Choose CSet: 0.0 ms]
      [Ref Proc: 0.1 ms]
      [Ref Enq: 0.0 ms]
      [Redirty Cards: 0.1 ms]
      [Humongous Register: 0.1 ms]
      [Humongous Reclaim: 0.0 ms]
      [Free CSet: 0.7 ms]
   [Eden: 2446.0M(2446.0M)->0.0B(2448.0M) Survivors: 10240.0K->8192.0K Heap: 2473.4M(4096.0M)->25127.2K(4096.0M)]
 [Times: user=0.00 sys=0.00, real=0.00 secs] 
2024-10-12T18:53:27.650+0300: 57.940: Total time for which application threads were stopped: 0.0035232 seconds, Stopping threads took: 0.0001119 seconds
2024-10-12T18:53:28.451+0300: 58.732: Application time: 0.7922318 seconds
2024-10-12T18:53:28.451+0300: 58.732: [GC pause (G1 Evacuation Pause) (young), 0.0034047 secs]
   [Parallel Time: 1.6 ms, GC Workers: 6]
      [GC Worker Start (ms): Min: 58732.6, Avg: 58732.6, Max: 58732.6, Diff: 0.1]
      [Ext Root Scanning (ms): Min: 0.3, Avg: 0.3, Max: 0.4, Diff: 0.1, Sum: 2.0]
      [Update RS (ms): Min: 0.1, Avg: 0.1, Max: 0.1, Diff: 0.1, Sum: 0.6]
         [Processed Buffers: Min: 1, Avg: 2.2, Max: 3, Diff: 2, Sum: 13]
      [Scan RS (ms): Min: 0.2, Avg: 0.2, Max: 0.2, Diff: 0.0, Sum: 1.0]
      [Code Root Scanning (ms): Min: 0.0, Avg: 0.0, Max: 0.0, Diff: 0.0, Sum: 0.0]
      [Object Copy (ms): Min: 0.7, Avg: 0.7, Max: 0.8, Diff: 0.0, Sum: 4.4]
      [Termination (ms): Min: 0.0, Avg: 0.0, Max: 0.0, Diff: 0.0, Sum: 0.0]
         [Termination Attempts: Min: 1, Avg: 1.0, Max: 1, Diff: 0, Sum: 6]
      [GC Worker Other (ms): Min: 0.0, Avg: 0.1, Max: 0.1, Diff: 0.1, Sum: 0.6]
      [GC Worker Total (ms): Min: 1.3, Avg: 1.4, Max: 1.5, Diff: 0.1, Sum: 8.6]
      [GC Worker End (ms): Min: 58734.0, Avg: 58734.0, Max: 58734.1, Diff: 0.1]
   [Code Root Fixup: 0.0 ms]
   [Code Root Purge: 0.0 ms]
   [Clear CT: 0.5 ms]
   [Other: 1.3 ms]
      [Choose CSet: 0.0 ms]
      [Ref Proc: 0.1 ms]
      [Ref Enq: 0.0 ms]
      [Redirty Cards: 0.1 ms]
      [Humongous Register: 0.0 ms]
      [Humongous Reclaim: 0.0 ms]
      [Free CSet: 0.8 ms]
   [Eden: 2448.0M(2448.0M)->0.0B(2446.0M) Survivors: 8192.0K->10240.0K Heap: 2472.5M(4096.0M)->27145.8K(4096.0M)]
 [Times: user=0.00 sys=0.00, real=0.00 secs] 
2024-10-12T18:53:28.451+0300: 58.736: Total time for which application threads were stopped: 0.0037838 seconds, Stopping threads took: 0.0001483 seconds
2024-10-12T18:53:29.236+0300: 59.517: Application time: 0.7814157 seconds
2024-10-12T18:53:29.236+0300: 59.518: [GC pause (G1 Evacuation Pause) (young), 0.0036814 secs]
   [Parallel Time: 1.8 ms, GC Workers: 6]
      [GC Worker Start (ms): Min: 59517.9, Avg: 59517.9, Max: 59517.9, Diff: 0.0]
      [Ext Root Scanning (ms): Min: 0.3, Avg: 0.3, Max: 0.3, Diff: 0.0, Sum: 1.9]
      [Update RS (ms): Min: 0.1, Avg: 0.1, Max: 0.1, Diff: 0.0, Sum: 0.6]
         [Processed Buffers: Min: 1, Avg: 2.2, Max: 3, Diff: 2, Sum: 13]
      [Scan RS (ms): Min: 0.2, Avg: 0.2, Max: 0.2, Diff: 0.0, Sum: 1.0]
      [Code Root Scanning (ms): Min: 0.0, Avg: 0.0, Max: 0.0, Diff: 0.0, Sum: 0.0]
      [Object Copy (ms): Min: 0.9, Avg: 0.9, Max: 0.9, Diff: 0.0, Sum: 5.5]
      [Termination (ms): Min: 0.0, Avg: 0.0, Max: 0.0, Diff: 0.0, Sum: 0.0]
         [Termination Attempts: Min: 1, Avg: 1.3, Max: 2, Diff: 1, Sum: 8]
      [GC Worker Other (ms): Min: 0.0, Avg: 0.1, Max: 0.2, Diff: 0.1, Sum: 0.7]
      [GC Worker Total (ms): Min: 1.5, Avg: 1.6, Max: 1.7, Diff: 0.1, Sum: 9.8]
      [GC Worker End (ms): Min: 59519.4, Avg: 59519.5, Max: 59519.6, Diff: 0.1]
   [Code Root Fixup: 0.0 ms]
   [Code Root Purge: 0.0 ms]
   [Clear CT: 0.5 ms]
   [Other: 1.3 ms]
      [Choose CSet: 0.0 ms]
      [Ref Proc: 0.1 ms]
      [Ref Enq: 0.0 ms]
      [Redirty Cards: 0.1 ms]
      [Humongous Register: 0.1 ms]
      [Humongous Reclaim: 0.0 ms]
      [Free CSet: 0.9 ms]
   [Eden: 2446.0M(2446.0M)->0.0B(2446.0M) Survivors: 10240.0K->10240.0K Heap: 2472.5M(4096.0M)->28104.3K(4096.0M)]
 [Times: user=0.03 sys=0.00, real=0.00 secs] 
2024-10-12T18:53:29.236+0300: 59.522: Total time for which application threads were stopped: 0.0041611 seconds, Stopping threads took: 0.0002292 seconds
2024-10-12T18:53:30.005+0300: 60.299: Application time: 0.7773084 seconds
2024-10-12T18:53:30.005+0300: 60.299: [GC pause (G1 Evacuation Pause) (young), 0.0061443 secs]
   [Parallel Time: 4.1 ms, GC Workers: 6]
      [GC Worker Start (ms): Min: 60299.5, Avg: 60299.6, Max: 60299.7, Diff: 0.2]
      [Ext Root Scanning (ms): Min: 0.2, Avg: 0.3, Max: 0.4, Diff: 0.2, Sum: 1.9]
      [Update RS (ms): Min: 0.1, Avg: 0.5, Max: 2.5, Diff: 2.4, Sum: 3.1]
         [Processed Buffers: Min: 0, Avg: 2.2, Max: 3, Diff: 3, Sum: 13]
      [Scan RS (ms): Min: 0.1, Avg: 0.2, Max: 0.2, Diff: 0.1, Sum: 1.1]
      [Code Root Scanning (ms): Min: 0.0, Avg: 0.0, Max: 0.0, Diff: 0.0, Sum: 0.0]
      [Object Copy (ms): Min: 0.9, Avg: 2.8, Max: 3.2, Diff: 2.3, Sum: 16.7]
      [Termination (ms): Min: 0.0, Avg: 0.0, Max: 0.0, Diff: 0.0, Sum: 0.0]
         [Termination Attempts: Min: 1, Avg: 1.0, Max: 1, Diff: 0, Sum: 6]
      [GC Worker Other (ms): Min: 0.0, Avg: 0.1, Max: 0.1, Diff: 0.1, Sum: 0.6]
      [GC Worker Total (ms): Min: 3.9, Avg: 3.9, Max: 4.0, Diff: 0.1, Sum: 23.5]
      [GC Worker End (ms): Min: 60303.4, Avg: 60303.5, Max: 60303.5, Diff: 0.1]
   [Code Root Fixup: 0.0 ms]
   [Code Root Purge: 0.0 ms]
   [Clear CT: 0.5 ms]
   [Other: 1.5 ms]
      [Choose CSet: 0.0 ms]
      [Ref Proc: 0.1 ms]
      [Ref Enq: 0.0 ms]
      [Redirty Cards: 0.1 ms]
      [Humongous Register: 0.1 ms]
      [Humongous Reclaim: 0.0 ms]
      [Free CSet: 1.0 ms]
   [Eden: 2446.0M(2446.0M)->0.0B(2440.0M) Survivors: 10240.0K->16384.0K Heap: 2473.4M(4096.0M)->33362.7K(4096.0M)]
 [Times: user=0.03 sys=0.00, real=0.01 secs] 
2024-10-12T18:53:30.020+0300: 60.306: Total time for which application threads were stopped: 0.0067594 seconds, Stopping threads took: 0.0003968 seconds
2024-10-12T18:53:30.805+0300: 61.085: Application time: 0.7796618 seconds
2024-10-12T18:53:30.805+0300: 61.086: [GC pause (G1 Evacuation Pause) (young), 0.0048711 secs]
   [Parallel Time: 3.2 ms, GC Workers: 6]
      [GC Worker Start (ms): Min: 61085.7, Avg: 61085.7, Max: 61085.7, Diff: 0.0]
      [Ext Root Scanning (ms): Min: 0.3, Avg: 0.4, Max: 0.4, Diff: 0.0, Sum: 2.1]
      [Update RS (ms): Min: 0.0, Avg: 0.1, Max: 0.1, Diff: 0.1, Sum: 0.6]
         [Processed Buffers: Min: 0, Avg: 2.0, Max: 4, Diff: 4, Sum: 12]
      [Scan RS (ms): Min: 0.1, Avg: 0.2, Max: 0.2, Diff: 0.1, Sum: 1.1]
      [Code Root Scanning (ms): Min: 0.0, Avg: 0.0, Max: 0.0, Diff: 0.0, Sum: 0.0]
      [Object Copy (ms): Min: 2.2, Avg: 2.3, Max: 2.6, Diff: 0.4, Sum: 13.5]
      [Termination (ms): Min: 0.0, Avg: 0.2, Max: 0.2, Diff: 0.2, Sum: 1.0]
         [Termination Attempts: Min: 1, Avg: 1.7, Max: 2, Diff: 1, Sum: 10]
      [GC Worker Other (ms): Min: 0.0, Avg: 0.1, Max: 0.1, Diff: 0.1, Sum: 0.4]
      [GC Worker Total (ms): Min: 3.1, Avg: 3.1, Max: 3.2, Diff: 0.1, Sum: 18.8]
      [GC Worker End (ms): Min: 61088.8, Avg: 61088.8, Max: 61088.9, Diff: 0.1]
   [Code Root Fixup: 0.0 ms]
   [Code Root Purge: 0.0 ms]
   [Clear CT: 0.5 ms]
   [Other: 1.1 ms]
      [Choose CSet: 0.0 ms]
      [Ref Proc: 0.1 ms]
      [Ref Enq: 0.0 ms]
      [Redirty Cards: 0.1 ms]
      [Humongous Register: 0.0 ms]
      [Humongous Reclaim: 0.0 ms]
      [Free CSet: 0.7 ms]
   [Eden: 2440.0M(2440.0M)->0.0B(2444.0M) Survivors: 16384.0K->12288.0K Heap: 2472.6M(4096.0M)->30293.2K(4096.0M)]
 [Times: user=0.00 sys=0.00, real=0.00 secs] 
2024-10-12T18:53:30.805+0300: 61.091: Total time for which application threads were stopped: 0.0052714 seconds, Stopping threads took: 0.0001534 seconds
2024-10-12T18:53:31.575+0300: 61.865: Application time: 0.7741174 seconds
2024-10-12T18:53:31.575+0300: 61.865: [GC pause (G1 Evacuation Pause) (young), 0.0041145 secs]
   [Parallel Time: 2.3 ms, GC Workers: 6]
      [GC Worker Start (ms): Min: 61865.1, Avg: 61865.2, Max: 61865.2, Diff: 0.1]
      [Ext Root Scanning (ms): Min: 0.3, Avg: 0.3, Max: 0.4, Diff: 0.1, Sum: 2.0]
      [Update RS (ms): Min: 0.1, Avg: 0.1, Max: 0.1, Diff: 0.0, Sum: 0.6]
         [Processed Buffers: Min: 1, Avg: 2.0, Max: 4, Diff: 3, Sum: 12]
      [Scan RS (ms): Min: 0.1, Avg: 0.2, Max: 0.2, Diff: 0.0, Sum: 1.0]
      [Code Root Scanning (ms): Min: 0.0, Avg: 0.0, Max: 0.0, Diff: 0.0, Sum: 0.0]
      [Object Copy (ms): Min: 1.4, Avg: 1.4, Max: 1.5, Diff: 0.0, Sum: 8.7]
      [Termination (ms): Min: 0.0, Avg: 0.0, Max: 0.0, Diff: 0.0, Sum: 0.0]
         [Termination Attempts: Min: 1, Avg: 1.0, Max: 1, Diff: 0, Sum: 6]
      [GC Worker Other (ms): Min: 0.0, Avg: 0.1, Max: 0.2, Diff: 0.2, Sum: 0.8]
      [GC Worker Total (ms): Min: 2.1, Avg: 2.2, Max: 2.3, Diff: 0.2, Sum: 13.1]
      [GC Worker End (ms): Min: 61867.3, Avg: 61867.4, Max: 61867.4, Diff: 0.2]
   [Code Root Fixup: 0.0 ms]
   [Code Root Purge: 0.0 ms]
   [Clear CT: 0.4 ms]
   [Other: 1.3 ms]
      [Choose CSet: 0.0 ms]
      [Ref Proc: 0.1 ms]
      [Ref Enq: 0.0 ms]
      [Redirty Cards: 0.2 ms]
      [Humongous Register: 0.1 ms]
      [Humongous Reclaim: 0.0 ms]
      [Free CSet: 0.7 ms]
   [Eden: 2444.0M(2444.0M)->0.0B(2444.0M) Survivors: 12288.0K->12288.0K Heap: 2473.6M(4096.0M)->29271.7K(4096.0M)]
 [Times: user=0.00 sys=0.00, real=0.00 secs] 
2024-10-12T18:53:31.575+0300: 61.869: Total time for which application threads were stopped: 0.0045593 seconds, Stopping threads took: 0.0002039 seconds
2024-10-12T18:53:32.360+0300: 62.645: Application time: 0.7758874 seconds
2024-10-12T18:53:32.360+0300: 62.645: [GC pause (G1 Evacuation Pause) (young), 0.0032732 secs]
   [Parallel Time: 1.6 ms, GC Workers: 6]
      [GC Worker Start (ms): Min: 62645.6, Avg: 62645.6, Max: 62645.7, Diff: 0.1]
      [Ext Root Scanning (ms): Min: 0.3, Avg: 0.3, Max: 0.4, Diff: 0.1, Sum: 2.0]
      [Update RS (ms): Min: 0.1, Avg: 0.1, Max: 0.1, Diff: 0.0, Sum: 0.6]
         [Processed Buffers: Min: 1, Avg: 2.2, Max: 4, Diff: 3, Sum: 13]
      [Scan RS (ms): Min: 0.2, Avg: 0.2, Max: 0.2, Diff: 0.0, Sum: 1.1]
      [Code Root Scanning (ms): Min: 0.0, Avg: 0.0, Max: 0.0, Diff: 0.0, Sum: 0.0]
      [Object Copy (ms): Min: 0.7, Avg: 0.7, Max: 0.7, Diff: 0.0, Sum: 4.3]
      [Termination (ms): Min: 0.0, Avg: 0.0, Max: 0.0, Diff: 0.0, Sum: 0.0]
         [Termination Attempts: Min: 1, Avg: 1.0, Max: 1, Diff: 0, Sum: 6]
      [GC Worker Other (ms): Min: 0.0, Avg: 0.1, Max: 0.1, Diff: 0.1, Sum: 0.6]
      [GC Worker Total (ms): Min: 1.4, Avg: 1.4, Max: 1.5, Diff: 0.1, Sum: 8.7]
      [GC Worker End (ms): Min: 62647.0, Avg: 62647.1, Max: 62647.1, Diff: 0.1]
   [Code Root Fixup: 0.0 ms]
   [Code Root Purge: 0.0 ms]
   [Clear CT: 0.5 ms]
   [Other: 1.2 ms]
      [Choose CSet: 0.0 ms]
      [Ref Proc: 0.1 ms]
      [Ref Enq: 0.0 ms]
      [Redirty Cards: 0.1 ms]
      [Humongous Register: 0.1 ms]
      [Humongous Reclaim: 0.0 ms]
      [Free CSet: 0.7 ms]
   [Eden: 2444.0M(2444.0M)->0.0B(2448.0M) Survivors: 12288.0K->8192.0K Heap: 2472.6M(4096.0M)->25178.2K(4096.0M)]
 [Times: user=0.00 sys=0.00, real=0.00 secs] 
2024-10-12T18:53:32.360+0300: 62.649: Total time for which application threads were stopped: 0.0037612 seconds, Stopping threads took: 0.0002242 seconds
2024-10-12T18:53:33.145+0300: 63.430: Application time: 0.7811342 seconds
2024-10-12T18:53:33.145+0300: 63.430: [GC pause (G1 Evacuation Pause) (young), 0.0034233 secs]
   [Parallel Time: 1.8 ms, GC Workers: 6]
      [GC Worker Start (ms): Min: 63430.4, Avg: 63430.5, Max: 63430.5, Diff: 0.1]
      [Ext Root Scanning (ms): Min: 0.3, Avg: 0.4, Max: 0.4, Diff: 0.1, Sum: 2.1]
      [Update RS (ms): Min: 0.0, Avg: 0.1, Max: 0.1, Diff: 0.1, Sum: 0.6]
         [Processed Buffers: Min: 0, Avg: 2.2, Max: 3, Diff: 3, Sum: 13]
      [Scan RS (ms): Min: 0.1, Avg: 0.2, Max: 0.2, Diff: 0.1, Sum: 1.0]
      [Code Root Scanning (ms): Min: 0.0, Avg: 0.0, Max: 0.0, Diff: 0.0, Sum: 0.0]
      [Object Copy (ms): Min: 0.8, Avg: 0.9, Max: 1.2, Diff: 0.4, Sum: 5.2]
      [Termination (ms): Min: 0.0, Avg: 0.1, Max: 0.1, Diff: 0.1, Sum: 0.7]
         [Termination Attempts: Min: 1, Avg: 2.3, Max: 4, Diff: 3, Sum: 14]
      [GC Worker Other (ms): Min: 0.0, Avg: 0.1, Max: 0.1, Diff: 0.1, Sum: 0.4]
      [GC Worker Total (ms): Min: 1.6, Avg: 1.7, Max: 1.7, Diff: 0.1, Sum: 10.0]
      [GC Worker End (ms): Min: 63432.1, Avg: 63432.1, Max: 63432.2, Diff: 0.1]
   [Code Root Fixup: 0.0 ms]
   [Code Root Purge: 0.0 ms]
   [Clear CT: 0.5 ms]
   [Other: 1.1 ms]
      [Choose CSet: 0.0 ms]
      [Ref Proc: 0.1 ms]
      [Ref Enq: 0.0 ms]
      [Redirty Cards: 0.1 ms]
      [Humongous Register: 0.0 ms]
      [Humongous Reclaim: 0.0 ms]
      [Free CSet: 0.8 ms]
   [Eden: 2448.0M(2448.0M)->0.0B(2446.0M) Survivors: 8192.0K->10240.0K Heap: 2472.6M(4096.0M)->28256.7K(4096.0M)]
 [Times: user=0.00 sys=0.00, real=0.00 secs] 
2024-10-12T18:53:33.145+0300: 63.434: Total time for which application threads were stopped: 0.0038420 seconds, Stopping threads took: 0.0002098 seconds
2024-10-12T18:53:33.931+0300: 64.211: Application time: 0.7767764 seconds
2024-10-12T18:53:33.931+0300: 64.211: [GC pause (G1 Evacuation Pause) (young), 0.0036391 secs]
   [Parallel Time: 1.8 ms, GC Workers: 6]
      [GC Worker Start (ms): Min: 64211.1, Avg: 64211.1, Max: 64211.1, Diff: 0.0]
      [Ext Root Scanning (ms): Min: 0.3, Avg: 0.3, Max: 0.4, Diff: 0.1, Sum: 2.0]
      [Update RS (ms): Min: 0.0, Avg: 0.1, Max: 0.1, Diff: 0.1, Sum: 0.6]
         [Processed Buffers: Min: 0, Avg: 2.0, Max: 3, Diff: 3, Sum: 12]
      [Scan RS (ms): Min: 0.1, Avg: 0.2, Max: 0.2, Diff: 0.1, Sum: 1.0]
      [Code Root Scanning (ms): Min: 0.0, Avg: 0.0, Max: 0.0, Diff: 0.0, Sum: 0.0]
      [Object Copy (ms): Min: 0.8, Avg: 0.9, Max: 1.2, Diff: 0.4, Sum: 5.1]
      [Termination (ms): Min: 0.0, Avg: 0.2, Max: 0.2, Diff: 0.2, Sum: 1.0]
         [Termination Attempts: Min: 1, Avg: 1.0, Max: 1, Diff: 0, Sum: 6]
      [GC Worker Other (ms): Min: 0.0, Avg: 0.0, Max: 0.1, Diff: 0.0, Sum: 0.2]
      [GC Worker Total (ms): Min: 1.6, Avg: 1.7, Max: 1.7, Diff: 0.1, Sum: 9.9]
      [GC Worker End (ms): Min: 64212.7, Avg: 64212.7, Max: 64212.8, Diff: 0.0]
   [Code Root Fixup: 0.0 ms]
   [Code Root Purge: 0.0 ms]
   [Clear CT: 0.5 ms]
   [Other: 1.3 ms]
      [Choose CSet: 0.0 ms]
      [Ref Proc: 0.1 ms]
      [Ref Enq: 0.0 ms]
      [Redirty Cards: 0.1 ms]
      [Humongous Register: 0.0 ms]
      [Humongous Reclaim: 0.0 ms]
      [Free CSet: 0.9 ms]
   [Eden: 2446.0M(2446.0M)->0.0B(2448.0M) Survivors: 10240.0K->8192.0K Heap: 2473.6M(4096.0M)->26013.6K(4096.0M)]
 [Times: user=0.00 sys=0.00, real=0.00 secs] 
2024-10-12T18:53:33.931+0300: 64.215: Total time for which application threads were stopped: 0.0040609 seconds, Stopping threads took: 0.0001780 seconds
2024-10-12T18:53:34.699+0300: 64.991: Application time: 0.7761490 seconds
2024-10-12T18:53:34.699+0300: 64.991: [GC pause (G1 Evacuation Pause) (young), 0.0034401 secs]
   [Parallel Time: 1.7 ms, GC Workers: 6]
      [GC Worker Start (ms): Min: 64991.4, Avg: 64991.4, Max: 64991.5, Diff: 0.1]
      [Ext Root Scanning (ms): Min: 0.3, Avg: 0.4, Max: 0.4, Diff: 0.1, Sum: 2.1]
      [Update RS (ms): Min: 0.0, Avg: 0.1, Max: 0.2, Diff: 0.2, Sum: 0.7]
         [Processed Buffers: Min: 0, Avg: 2.0, Max: 4, Diff: 4, Sum: 12]
      [Scan RS (ms): Min: 0.1, Avg: 0.2, Max: 0.2, Diff: 0.0, Sum: 1.0]
      [Code Root Scanning (ms): Min: 0.0, Avg: 0.0, Max: 0.0, Diff: 0.0, Sum: 0.0]
      [Object Copy (ms): Min: 0.7, Avg: 0.8, Max: 0.9, Diff: 0.2, Sum: 4.8]
      [Termination (ms): Min: 0.0, Avg: 0.0, Max: 0.0, Diff: 0.0, Sum: 0.0]
         [Termination Attempts: Min: 1, Avg: 1.0, Max: 1, Diff: 0, Sum: 6]
      [GC Worker Other (ms): Min: 0.0, Avg: 0.1, Max: 0.1, Diff: 0.1, Sum: 0.5]
      [GC Worker Total (ms): Min: 1.4, Avg: 1.5, Max: 1.6, Diff: 0.2, Sum: 9.2]
      [GC Worker End (ms): Min: 64992.9, Avg: 64993.0, Max: 64993.0, Diff: 0.1]
   [Code Root Fixup: 0.0 ms]
   [Code Root Purge: 0.0 ms]
   [Clear CT: 0.5 ms]
   [Other: 1.2 ms]
      [Choose CSet: 0.0 ms]
      [Ref Proc: 0.1 ms]
      [Ref Enq: 0.0 ms]
      [Redirty Cards: 0.1 ms]
      [Humongous Register: 0.1 ms]
      [Humongous Reclaim: 0.0 ms]
      [Free CSet: 0.7 ms]
   [Eden: 2448.0M(2448.0M)->0.0B(2444.0M) Survivors: 8192.0K->12288.0K Heap: 2473.4M(4096.0M)->29924.3K(4096.0M)]
 [Times: user=0.02 sys=0.00, real=0.02 secs] 
2024-10-12T18:53:34.714+0300: 64.995: Total time for which application threads were stopped: 0.0038760 seconds, Stopping threads took: 0.0001520 seconds
2024-10-12T18:53:35.483+0300: 65.771: Application time: 0.7765527 seconds
2024-10-12T18:53:35.483+0300: 65.772: [GC pause (G1 Evacuation Pause) (young), 0.0030306 secs]
   [Parallel Time: 1.5 ms, GC Workers: 6]
      [GC Worker Start (ms): Min: 65771.8, Avg: 65771.8, Max: 65771.9, Diff: 0.1]
      [Ext Root Scanning (ms): Min: 0.3, Avg: 0.3, Max: 0.4, Diff: 0.1, Sum: 1.9]
      [Update RS (ms): Min: 0.1, Avg: 0.1, Max: 0.1, Diff: 0.0, Sum: 0.6]
         [Processed Buffers: Min: 1, Avg: 2.2, Max: 4, Diff: 3, Sum: 13]
      [Scan RS (ms): Min: 0.1, Avg: 0.2, Max: 0.2, Diff: 0.0, Sum: 1.0]
      [Code Root Scanning (ms): Min: 0.0, Avg: 0.0, Max: 0.0, Diff: 0.0, Sum: 0.0]
      [Object Copy (ms): Min: 0.7, Avg: 0.8, Max: 0.8, Diff: 0.1, Sum: 4.6]
      [Termination (ms): Min: 0.0, Avg: 0.0, Max: 0.0, Diff: 0.0, Sum: 0.0]
         [Termination Attempts: Min: 1, Avg: 1.5, Max: 2, Diff: 1, Sum: 9]
      [GC Worker Other (ms): Min: 0.0, Avg: 0.1, Max: 0.1, Diff: 0.1, Sum: 0.6]
      [GC Worker Total (ms): Min: 1.4, Avg: 1.5, Max: 1.5, Diff: 0.1, Sum: 8.7]
      [GC Worker End (ms): Min: 65773.2, Avg: 65773.3, Max: 65773.3, Diff: 0.1]
   [Code Root Fixup: 0.0 ms]
   [Code Root Purge: 0.0 ms]
   [Clear CT: 0.5 ms]
   [Other: 1.0 ms]
      [Choose CSet: 0.0 ms]
      [Ref Proc: 0.1 ms]
      [Ref Enq: 0.0 ms]
      [Redirty Cards: 0.1 ms]
      [Humongous Register: 0.1 ms]
      [Humongous Reclaim: 0.0 ms]
      [Free CSet: 0.6 ms]
   [Eden: 2444.0M(2444.0M)->0.0B(2446.0M) Survivors: 12288.0K->10240.0K Heap: 2473.2M(4096.0M)->26776.2K(4096.0M)]
 [Times: user=0.00 sys=0.00, real=0.00 secs] 
2024-10-12T18:53:35.483+0300: 65.775: Total time for which application threads were stopped: 0.0035201 seconds, Stopping threads took: 0.0002660 seconds
2024-10-12T18:53:36.268+0300: 66.553: Application time: 0.7777366 seconds
2024-10-12T18:53:36.268+0300: 66.553: [GC pause (G1 Evacuation Pause) (young), 0.0034013 secs]
   [Parallel Time: 1.6 ms, GC Workers: 6]
      [GC Worker Start (ms): Min: 66553.1, Avg: 66553.1, Max: 66553.1, Diff: 0.0]
      [Ext Root Scanning (ms): Min: 0.3, Avg: 0.3, Max: 0.4, Diff: 0.1, Sum: 2.0]
      [Update RS (ms): Min: 0.1, Avg: 0.1, Max: 0.1, Diff: 0.0, Sum: 0.6]
         [Processed Buffers: Min: 1, Avg: 2.2, Max: 3, Diff: 2, Sum: 13]
      [Scan RS (ms): Min: 0.2, Avg: 0.2, Max: 0.2, Diff: 0.0, Sum: 1.0]
      [Code Root Scanning (ms): Min: 0.0, Avg: 0.0, Max: 0.0, Diff: 0.0, Sum: 0.0]
      [Object Copy (ms): Min: 0.8, Avg: 0.8, Max: 0.8, Diff: 0.0, Sum: 4.8]
      [Termination (ms): Min: 0.0, Avg: 0.0, Max: 0.0, Diff: 0.0, Sum: 0.0]
         [Termination Attempts: Min: 1, Avg: 2.2, Max: 3, Diff: 2, Sum: 13]
      [GC Worker Other (ms): Min: 0.0, Avg: 0.1, Max: 0.2, Diff: 0.1, Sum: 0.6]
      [GC Worker Total (ms): Min: 1.5, Avg: 1.5, Max: 1.6, Diff: 0.1, Sum: 9.1]
      [GC Worker End (ms): Min: 66554.5, Avg: 66554.6, Max: 66554.7, Diff: 0.1]
   [Code Root Fixup: 0.0 ms]
   [Code Root Purge: 0.0 ms]
   [Clear CT: 0.5 ms]
   [Other: 1.2 ms]
      [Choose CSet: 0.0 ms]
      [Ref Proc: 0.2 ms]
      [Ref Enq: 0.0 ms]
      [Redirty Cards: 0.1 ms]
      [Humongous Register: 0.1 ms]
      [Humongous Reclaim: 0.0 ms]
      [Free CSet: 0.7 ms]
   [Eden: 2446.0M(2446.0M)->0.0B(2444.0M) Survivors: 10240.0K->12288.0K Heap: 2472.1M(4096.0M)->29111.4K(4096.0M)]
 [Times: user=0.00 sys=0.00, real=0.00 secs] 
2024-10-12T18:53:36.268+0300: 66.556: Total time for which application threads were stopped: 0.0039019 seconds, Stopping threads took: 0.0002223 seconds
2024-10-12T18:53:37.053+0300: 67.333: Application time: 0.7768352 seconds
2024-10-12T18:53:37.053+0300: 67.334: [GC pause (G1 Evacuation Pause) (young), 0.0030181 secs]
   [Parallel Time: 1.5 ms, GC Workers: 6]
      [GC Worker Start (ms): Min: 67333.7, Avg: 67333.7, Max: 67333.7, Diff: 0.0]
      [Ext Root Scanning (ms): Min: 0.3, Avg: 0.3, Max: 0.4, Diff: 0.1, Sum: 1.9]
      [Update RS (ms): Min: 0.1, Avg: 0.1, Max: 0.1, Diff: 0.1, Sum: 0.6]
         [Processed Buffers: Min: 1, Avg: 2.2, Max: 3, Diff: 2, Sum: 13]
      [Scan RS (ms): Min: 0.1, Avg: 0.2, Max: 0.2, Diff: 0.0, Sum: 1.0]
      [Code Root Scanning (ms): Min: 0.0, Avg: 0.0, Max: 0.0, Diff: 0.0, Sum: 0.0]
      [Object Copy (ms): Min: 0.7, Avg: 0.7, Max: 0.8, Diff: 0.1, Sum: 4.5]
      [Termination (ms): Min: 0.0, Avg: 0.0, Max: 0.0, Diff: 0.0, Sum: 0.0]
         [Termination Attempts: Min: 1, Avg: 1.2, Max: 2, Diff: 1, Sum: 7]
      [GC Worker Other (ms): Min: 0.0, Avg: 0.1, Max: 0.1, Diff: 0.1, Sum: 0.5]
      [GC Worker Total (ms): Min: 1.4, Avg: 1.4, Max: 1.5, Diff: 0.1, Sum: 8.5]
      [GC Worker End (ms): Min: 67335.1, Avg: 67335.1, Max: 67335.1, Diff: 0.1]
   [Code Root Fixup: 0.0 ms]
   [Code Root Purge: 0.0 ms]
   [Clear CT: 0.5 ms]
   [Other: 1.0 ms]
      [Choose CSet: 0.0 ms]
      [Ref Proc: 0.1 ms]
      [Ref Enq: 0.0 ms]
      [Redirty Cards: 0.1 ms]
      [Humongous Register: 0.0 ms]
      [Humongous Reclaim: 0.0 ms]
      [Free CSet: 0.6 ms]
   [Eden: 2444.0M(2444.0M)->0.0B(2446.0M) Survivors: 12288.0K->10240.0K Heap: 2472.4M(4096.0M)->28068.9K(4096.0M)]
 [Times: user=0.00 sys=0.00, real=0.00 secs] 
2024-10-12T18:53:37.053+0300: 67.337: Total time for which application threads were stopped: 0.0034035 seconds, Stopping threads took: 0.0001717 seconds
2024-10-12T18:53:37.823+0300: 68.105: Application time: 0.7681860 seconds
2024-10-12T18:53:37.823+0300: 68.105: [GC pause (G1 Evacuation Pause) (young), 0.0030700 secs]
   [Parallel Time: 1.6 ms, GC Workers: 6]
      [GC Worker Start (ms): Min: 68105.3, Avg: 68105.3, Max: 68105.3, Diff: 0.0]
      [Ext Root Scanning (ms): Min: 0.3, Avg: 0.3, Max: 0.4, Diff: 0.1, Sum: 2.0]
      [Update RS (ms): Min: 0.1, Avg: 0.1, Max: 0.1, Diff: 0.1, Sum: 0.6]
         [Processed Buffers: Min: 1, Avg: 2.2, Max: 3, Diff: 2, Sum: 13]
      [Scan RS (ms): Min: 0.2, Avg: 0.2, Max: 0.2, Diff: 0.0, Sum: 1.0]
      [Code Root Scanning (ms): Min: 0.0, Avg: 0.0, Max: 0.0, Diff: 0.0, Sum: 0.0]
      [Object Copy (ms): Min: 0.7, Avg: 0.7, Max: 0.8, Diff: 0.1, Sum: 4.5]
      [Termination (ms): Min: 0.0, Avg: 0.0, Max: 0.0, Diff: 0.0, Sum: 0.0]
         [Termination Attempts: Min: 1, Avg: 1.0, Max: 1, Diff: 0, Sum: 6]
      [GC Worker Other (ms): Min: 0.0, Avg: 0.1, Max: 0.1, Diff: 0.1, Sum: 0.5]
      [GC Worker Total (ms): Min: 1.4, Avg: 1.4, Max: 1.5, Diff: 0.1, Sum: 8.6]
      [GC Worker End (ms): Min: 68106.7, Avg: 68106.7, Max: 68106.8, Diff: 0.1]
   [Code Root Fixup: 0.0 ms]
   [Code Root Purge: 0.0 ms]
   [Clear CT: 0.5 ms]
   [Other: 1.0 ms]
      [Choose CSet: 0.0 ms]
      [Ref Proc: 0.1 ms]
      [Ref Enq: 0.0 ms]
      [Redirty Cards: 0.1 ms]
      [Humongous Register: 0.0 ms]
      [Humongous Reclaim: 0.0 ms]
      [Free CSet: 0.6 ms]
   [Eden: 2446.0M(2446.0M)->0.0B(2446.0M) Survivors: 10240.0K->10240.0K Heap: 2473.4M(4096.0M)->27147.1K(4096.0M)]
 [Times: user=0.00 sys=0.00, real=0.00 secs] 
2024-10-12T18:53:37.823+0300: 68.108: Total time for which application threads were stopped: 0.0034628 seconds, Stopping threads took: 0.0001622 seconds
2024-10-12T18:53:38.608+0300: 68.889: Application time: 0.7806319 seconds
2024-10-12T18:53:38.608+0300: 68.889: [GC pause (G1 Evacuation Pause) (young), 0.0035291 secs]
   [Parallel Time: 1.9 ms, GC Workers: 6]
      [GC Worker Start (ms): Min: 68889.4, Avg: 68889.5, Max: 68889.8, Diff: 0.4]
      [Ext Root Scanning (ms): Min: 0.0, Avg: 0.3, Max: 0.4, Diff: 0.4, Sum: 1.7]
      [Update RS (ms): Min: 0.0, Avg: 0.1, Max: 0.1, Diff: 0.1, Sum: 0.5]
         [Processed Buffers: Min: 0, Avg: 2.2, Max: 3, Diff: 3, Sum: 13]
      [Scan RS (ms): Min: 0.1, Avg: 0.2, Max: 0.2, Diff: 0.1, Sum: 1.0]
      [Code Root Scanning (ms): Min: 0.0, Avg: 0.0, Max: 0.0, Diff: 0.0, Sum: 0.0]
      [Object Copy (ms): Min: 0.9, Avg: 0.9, Max: 1.2, Diff: 0.4, Sum: 5.6]
      [Termination (ms): Min: 0.0, Avg: 0.1, Max: 0.2, Diff: 0.2, Sum: 0.8]
         [Termination Attempts: Min: 1, Avg: 3.7, Max: 7, Diff: 6, Sum: 22]
      [GC Worker Other (ms): Min: 0.0, Avg: 0.1, Max: 0.1, Diff: 0.1, Sum: 0.3]
      [GC Worker Total (ms): Min: 1.4, Avg: 1.7, Max: 1.8, Diff: 0.4, Sum: 10.1]
      [GC Worker End (ms): Min: 68891.1, Avg: 68891.2, Max: 68891.2, Diff: 0.1]
   [Code Root Fixup: 0.0 ms]
   [Code Root Purge: 0.0 ms]
   [Clear CT: 0.5 ms]
   [Other: 1.1 ms]
      [Choose CSet: 0.0 ms]
      [Ref Proc: 0.1 ms]
      [Ref Enq: 0.0 ms]
      [Redirty Cards: 0.1 ms]
      [Humongous Register: 0.1 ms]
      [Humongous Reclaim: 0.0 ms]
      [Free CSet: 0.7 ms]
   [Eden: 2446.0M(2446.0M)->0.0B(2446.0M) Survivors: 10240.0K->10240.0K Heap: 2472.5M(4096.0M)->28081.1K(4096.0M)]
 [Times: user=0.00 sys=0.00, real=0.00 secs] 
2024-10-12T18:53:38.608+0300: 68.893: Total time for which application threads were stopped: 0.0039083 seconds, Stopping threads took: 0.0001505 seconds
2024-10-12T18:53:39.383+0300: 69.670: Application time: 0.7768744 seconds
2024-10-12T18:53:39.383+0300: 69.670: [GC pause (G1 Evacuation Pause) (young), 0.0031420 secs]
   [Parallel Time: 1.6 ms, GC Workers: 6]
      [GC Worker Start (ms): Min: 69670.3, Avg: 69670.3, Max: 69670.3, Diff: 0.0]
      [Ext Root Scanning (ms): Min: 0.3, Avg: 0.3, Max: 0.3, Diff: 0.0, Sum: 1.9]
      [Update RS (ms): Min: 0.0, Avg: 0.1, Max: 0.1, Diff: 0.1, Sum: 0.6]
         [Processed Buffers: Min: 1, Avg: 2.0, Max: 4, Diff: 3, Sum: 12]
      [Scan RS (ms): Min: 0.1, Avg: 0.2, Max: 0.2, Diff: 0.1, Sum: 0.9]
      [Code Root Scanning (ms): Min: 0.0, Avg: 0.0, Max: 0.0, Diff: 0.0, Sum: 0.0]
      [Object Copy (ms): Min: 0.7, Avg: 0.8, Max: 0.9, Diff: 0.1, Sum: 4.8]
      [Termination (ms): Min: 0.0, Avg: 0.0, Max: 0.0, Diff: 0.0, Sum: 0.0]
         [Termination Attempts: Min: 1, Avg: 1.8, Max: 3, Diff: 2, Sum: 11]
      [GC Worker Other (ms): Min: 0.0, Avg: 0.1, Max: 0.1, Diff: 0.1, Sum: 0.6]
      [GC Worker Total (ms): Min: 1.4, Avg: 1.5, Max: 1.5, Diff: 0.1, Sum: 8.8]
      [GC Worker End (ms): Min: 69671.7, Avg: 69671.8, Max: 69671.8, Diff: 0.1]
   [Code Root Fixup: 0.0 ms]
   [Code Root Purge: 0.0 ms]
   [Clear CT: 0.5 ms]
   [Other: 1.0 ms]
      [Choose CSet: 0.0 ms]
      [Ref Proc: 0.1 ms]
      [Ref Enq: 0.0 ms]
      [Redirty Cards: 0.1 ms]
      [Humongous Register: 0.0 ms]
      [Humongous Reclaim: 0.0 ms]
      [Free CSet: 0.6 ms]
   [Eden: 2446.0M(2446.0M)->0.0B(2446.0M) Survivors: 10240.0K->10240.0K Heap: 2473.4M(4096.0M)->28134.3K(4096.0M)]
 [Times: user=0.02 sys=0.00, real=0.01 secs] 
2024-10-12T18:53:39.393+0300: 69.674: Total time for which application threads were stopped: 0.0037460 seconds, Stopping threads took: 0.0002997 seconds
2024-10-12T18:53:40.194+0300: 70.478: Application time: 0.8044043 seconds
2024-10-12T18:53:40.194+0300: 70.478: [GC pause (G1 Evacuation Pause) (young), 0.0035348 secs]
   [Parallel Time: 1.7 ms, GC Workers: 6]
      [GC Worker Start (ms): Min: 70478.3, Avg: 70478.4, Max: 70478.5, Diff: 0.2]
      [Ext Root Scanning (ms): Min: 0.2, Avg: 0.3, Max: 0.4, Diff: 0.2, Sum: 2.0]
      [Update RS (ms): Min: 0.1, Avg: 0.1, Max: 0.1, Diff: 0.0, Sum: 0.6]
         [Processed Buffers: Min: 1, Avg: 2.2, Max: 3, Diff: 2, Sum: 13]
      [Scan RS (ms): Min: 0.1, Avg: 0.2, Max: 0.2, Diff: 0.1, Sum: 1.0]
      [Code Root Scanning (ms): Min: 0.0, Avg: 0.0, Max: 0.0, Diff: 0.0, Sum: 0.0]
      [Object Copy (ms): Min: 0.8, Avg: 0.8, Max: 0.8, Diff: 0.1, Sum: 4.8]
      [Termination (ms): Min: 0.0, Avg: 0.0, Max: 0.0, Diff: 0.0, Sum: 0.0]
         [Termination Attempts: Min: 1, Avg: 1.0, Max: 1, Diff: 0, Sum: 6]
      [GC Worker Other (ms): Min: 0.0, Avg: 0.1, Max: 0.2, Diff: 0.1, Sum: 0.7]
      [GC Worker Total (ms): Min: 1.4, Avg: 1.5, Max: 1.6, Diff: 0.3, Sum: 9.1]
      [GC Worker End (ms): Min: 70479.9, Avg: 70479.9, Max: 70480.0, Diff: 0.1]
   [Code Root Fixup: 0.0 ms]
   [Code Root Purge: 0.0 ms]
   [Clear CT: 0.5 ms]
   [Other: 1.2 ms]
      [Choose CSet: 0.0 ms]
      [Ref Proc: 0.2 ms]
      [Ref Enq: 0.0 ms]
      [Redirty Cards: 0.1 ms]
      [Humongous Register: 0.0 ms]
      [Humongous Reclaim: 0.0 ms]
      [Free CSet: 0.7 ms]
   [Eden: 2446.0M(2446.0M)->0.0B(2448.0M) Survivors: 10240.0K->8192.0K Heap: 2473.5M(4096.0M)->25946.4K(4096.0M)]
 [Times: user=0.00 sys=0.00, real=0.00 secs] 
2024-10-12T18:53:40.194+0300: 70.482: Total time for which application threads were stopped: 0.0039449 seconds, Stopping threads took: 0.0001667 seconds
2024-10-12T18:53:40.963+0300: 71.253: Application time: 0.7714811 seconds
2024-10-12T18:53:40.963+0300: 71.254: [GC pause (G1 Evacuation Pause) (young), 0.0033878 secs]
   [Parallel Time: 1.5 ms, GC Workers: 6]
      [GC Worker Start (ms): Min: 71253.8, Avg: 71253.8, Max: 71253.9, Diff: 0.0]
      [Ext Root Scanning (ms): Min: 0.3, Avg: 0.3, Max: 0.3, Diff: 0.1, Sum: 1.9]
      [Update RS (ms): Min: 0.1, Avg: 0.1, Max: 0.1, Diff: 0.0, Sum: 0.6]
         [Processed Buffers: Min: 1, Avg: 2.2, Max: 3, Diff: 2, Sum: 13]
      [Scan RS (ms): Min: 0.1, Avg: 0.2, Max: 0.2, Diff: 0.0, Sum: 1.0]
      [Code Root Scanning (ms): Min: 0.0, Avg: 0.0, Max: 0.0, Diff: 0.0, Sum: 0.0]
      [Object Copy (ms): Min: 0.7, Avg: 0.7, Max: 0.7, Diff: 0.0, Sum: 4.2]
      [Termination (ms): Min: 0.0, Avg: 0.0, Max: 0.0, Diff: 0.0, Sum: 0.0]
         [Termination Attempts: Min: 1, Avg: 1.2, Max: 2, Diff: 1, Sum: 7]
      [GC Worker Other (ms): Min: 0.1, Avg: 0.1, Max: 0.2, Diff: 0.1, Sum: 0.7]
      [GC Worker Total (ms): Min: 1.4, Avg: 1.4, Max: 1.5, Diff: 0.2, Sum: 8.5]
      [GC Worker End (ms): Min: 71255.2, Avg: 71255.3, Max: 71255.3, Diff: 0.1]
   [Code Root Fixup: 0.0 ms]
   [Code Root Purge: 0.0 ms]
   [Clear CT: 0.5 ms]
   [Other: 1.3 ms]
      [Choose CSet: 0.0 ms]
      [Ref Proc: 0.2 ms]
      [Ref Enq: 0.0 ms]
      [Redirty Cards: 0.1 ms]
      [Humongous Register: 0.0 ms]
      [Humongous Reclaim: 0.0 ms]
      [Free CSet: 0.8 ms]
   [Eden: 2448.0M(2448.0M)->0.0B(2446.0M) Survivors: 8192.0K->10240.0K Heap: 2473.3M(4096.0M)->28039.1K(4096.0M)]
 [Times: user=0.00 sys=0.00, real=0.00 secs] 
2024-10-12T18:53:40.963+0300: 71.257: Total time for which application threads were stopped: 0.0038245 seconds, Stopping threads took: 0.0002033 seconds
2024-10-12T18:53:41.732+0300: 72.026: Application time: 0.7689572 seconds
2024-10-12T18:53:41.732+0300: 72.026: [GC pause (G1 Evacuation Pause) (young), 0.0034461 secs]
   [Parallel Time: 1.8 ms, GC Workers: 6]
      [GC Worker Start (ms): Min: 72026.5, Avg: 72026.6, Max: 72026.8, Diff: 0.3]
      [Ext Root Scanning (ms): Min: 0.2, Avg: 0.4, Max: 0.5, Diff: 0.3, Sum: 2.1]
      [Update RS (ms): Min: 0.1, Avg: 0.1, Max: 0.1, Diff: 0.1, Sum: 0.6]
         [Processed Buffers: Min: 1, Avg: 2.2, Max: 3, Diff: 2, Sum: 13]
      [Scan RS (ms): Min: 0.1, Avg: 0.2, Max: 0.2, Diff: 0.1, Sum: 1.1]
      [Code Root Scanning (ms): Min: 0.0, Avg: 0.0, Max: 0.0, Diff: 0.0, Sum: 0.0]
      [Object Copy (ms): Min: 0.8, Avg: 0.8, Max: 0.9, Diff: 0.1, Sum: 5.0]
      [Termination (ms): Min: 0.0, Avg: 0.0, Max: 0.0, Diff: 0.0, Sum: 0.0]
         [Termination Attempts: Min: 1, Avg: 1.3, Max: 2, Diff: 1, Sum: 8]
      [GC Worker Other (ms): Min: 0.0, Avg: 0.1, Max: 0.1, Diff: 0.1, Sum: 0.6]
      [GC Worker Total (ms): Min: 1.4, Avg: 1.6, Max: 1.7, Diff: 0.4, Sum: 9.5]
      [GC Worker End (ms): Min: 72028.1, Avg: 72028.2, Max: 72028.2, Diff: 0.1]
   [Code Root Fixup: 0.0 ms]
   [Code Root Purge: 0.0 ms]
   [Clear CT: 0.5 ms]
   [Other: 1.1 ms]
      [Choose CSet: 0.0 ms]
      [Ref Proc: 0.1 ms]
      [Ref Enq: 0.0 ms]
      [Redirty Cards: 0.1 ms]
      [Humongous Register: 0.1 ms]
      [Humongous Reclaim: 0.0 ms]
      [Free CSet: 0.7 ms]
   [Eden: 2446.0M(2446.0M)->0.0B(2444.0M) Survivors: 10240.0K->12288.0K Heap: 2473.4M(4096.0M)->30111.4K(4096.0M)]
 [Times: user=0.00 sys=0.00, real=0.02 secs] 
2024-10-12T18:53:41.750+0300: 72.030: Total time for which application threads were stopped: 0.0039056 seconds, Stopping threads took: 0.0001549 seconds
2024-10-12T18:53:42.553+0300: 72.834: Application time: 0.8036176 seconds
2024-10-12T18:53:42.553+0300: 72.834: [GC pause (G1 Evacuation Pause) (young), 0.0036409 secs]
   [Parallel Time: 2.0 ms, GC Workers: 6]
      [GC Worker Start (ms): Min: 72834.1, Avg: 72834.1, Max: 72834.2, Diff: 0.1]
      [Ext Root Scanning (ms): Min: 0.3, Avg: 0.4, Max: 0.4, Diff: 0.1, Sum: 2.2]
      [Update RS (ms): Min: 0.0, Avg: 0.1, Max: 0.1, Diff: 0.1, Sum: 0.6]
         [Processed Buffers: Min: 0, Avg: 2.2, Max: 4, Diff: 4, Sum: 13]
      [Scan RS (ms): Min: 0.1, Avg: 0.2, Max: 0.2, Diff: 0.1, Sum: 1.2]
      [Code Root Scanning (ms): Min: 0.0, Avg: 0.0, Max: 0.0, Diff: 0.0, Sum: 0.0]
      [Object Copy (ms): Min: 0.9, Avg: 1.0, Max: 1.4, Diff: 0.4, Sum: 6.1]
      [Termination (ms): Min: 0.0, Avg: 0.1, Max: 0.2, Diff: 0.2, Sum: 0.8]
         [Termination Attempts: Min: 1, Avg: 1.7, Max: 2, Diff: 1, Sum: 10]
      [GC Worker Other (ms): Min: 0.0, Avg: 0.0, Max: 0.1, Diff: 0.1, Sum: 0.2]
      [GC Worker Total (ms): Min: 1.8, Avg: 1.9, Max: 1.9, Diff: 0.2, Sum: 11.2]
      [GC Worker End (ms): Min: 72836.0, Avg: 72836.0, Max: 72836.0, Diff: 0.1]
   [Code Root Fixup: 0.0 ms]
   [Code Root Purge: 0.0 ms]
   [Clear CT: 0.5 ms]
   [Other: 1.1 ms]
      [Choose CSet: 0.0 ms]
      [Ref Proc: 0.1 ms]
      [Ref Enq: 0.0 ms]
      [Redirty Cards: 0.1 ms]
      [Humongous Register: 0.0 ms]
      [Humongous Reclaim: 0.0 ms]
      [Free CSet: 0.7 ms]
   [Eden: 2444.0M(2444.0M)->0.0B(2448.0M) Survivors: 12288.0K->8192.0K Heap: 2473.4M(4096.0M)->25995.9K(4096.0M)]
 [Times: user=0.00 sys=0.00, real=0.00 secs] 
2024-10-12T18:53:42.553+0300: 72.838: Total time for which application threads were stopped: 0.0040664 seconds, Stopping threads took: 0.0001853 seconds
2024-10-12T18:53:43.332+0300: 73.615: Application time: 0.7771698 seconds
2024-10-12T18:53:43.332+0300: 73.615: [GC pause (G1 Evacuation Pause) (young), 0.0030523 secs]
   [Parallel Time: 1.5 ms, GC Workers: 6]
      [GC Worker Start (ms): Min: 73615.3, Avg: 73615.3, Max: 73615.4, Diff: 0.1]
      [Ext Root Scanning (ms): Min: 0.3, Avg: 0.3, Max: 0.4, Diff: 0.1, Sum: 2.0]
      [Update RS (ms): Min: 0.1, Avg: 0.1, Max: 0.1, Diff: 0.0, Sum: 0.6]
         [Processed Buffers: Min: 1, Avg: 2.0, Max: 3, Diff: 2, Sum: 12]
      [Scan RS (ms): Min: 0.1, Avg: 0.2, Max: 0.2, Diff: 0.1, Sum: 1.0]
      [Code Root Scanning (ms): Min: 0.0, Avg: 0.0, Max: 0.0, Diff: 0.0, Sum: 0.0]
      [Object Copy (ms): Min: 0.7, Avg: 0.7, Max: 0.8, Diff: 0.0, Sum: 4.4]
      [Termination (ms): Min: 0.0, Avg: 0.0, Max: 0.0, Diff: 0.0, Sum: 0.0]
         [Termination Attempts: Min: 1, Avg: 1.0, Max: 1, Diff: 0, Sum: 6]
      [GC Worker Other (ms): Min: 0.0, Avg: 0.1, Max: 0.1, Diff: 0.1, Sum: 0.5]
      [GC Worker Total (ms): Min: 1.4, Avg: 1.4, Max: 1.5, Diff: 0.1, Sum: 8.6]
      [GC Worker End (ms): Min: 73616.7, Avg: 73616.8, Max: 73616.8, Diff: 0.1]
   [Code Root Fixup: 0.0 ms]
   [Code Root Purge: 0.0 ms]
   [Clear CT: 0.5 ms]
   [Other: 1.0 ms]
      [Choose CSet: 0.0 ms]
      [Ref Proc: 0.1 ms]
      [Ref Enq: 0.0 ms]
      [Redirty Cards: 0.1 ms]
      [Humongous Register: 0.0 ms]
      [Humongous Reclaim: 0.0 ms]
      [Free CSet: 0.6 ms]
   [Eden: 2448.0M(2448.0M)->0.0B(2446.0M) Survivors: 8192.0K->10240.0K Heap: 2473.4M(4096.0M)->28009.2K(4096.0M)]
 [Times: user=0.00 sys=0.00, real=0.00 secs] 
2024-10-12T18:53:43.332+0300: 73.618: Total time for which application threads were stopped: 0.0035452 seconds, Stopping threads took: 0.0001946 seconds
2024-10-12T18:53:44.117+0300: 74.399: Application time: 0.7801725 seconds
2024-10-12T18:53:44.117+0300: 74.399: [GC pause (G1 Evacuation Pause) (young), 0.0034920 secs]
   [Parallel Time: 1.7 ms, GC Workers: 6]
      [GC Worker Start (ms): Min: 74399.0, Avg: 74399.1, Max: 74399.5, Diff: 0.5]
      [Ext Root Scanning (ms): Min: 0.0, Avg: 0.3, Max: 0.4, Diff: 0.4, Sum: 2.0]
      [Update RS (ms): Min: 0.1, Avg: 0.1, Max: 0.1, Diff: 0.0, Sum: 0.6]
         [Processed Buffers: Min: 1, Avg: 2.2, Max: 3, Diff: 2, Sum: 13]
      [Scan RS (ms): Min: 0.2, Avg: 0.2, Max: 0.2, Diff: 0.0, Sum: 1.0]
      [Code Root Scanning (ms): Min: 0.0, Avg: 0.0, Max: 0.0, Diff: 0.0, Sum: 0.0]
      [Object Copy (ms): Min: 0.7, Avg: 0.7, Max: 0.7, Diff: 0.1, Sum: 4.3]
      [Termination (ms): Min: 0.0, Avg: 0.0, Max: 0.0, Diff: 0.0, Sum: 0.0]
         [Termination Attempts: Min: 1, Avg: 1.0, Max: 1, Diff: 0, Sum: 6]
      [GC Worker Other (ms): Min: 0.0, Avg: 0.1, Max: 0.2, Diff: 0.2, Sum: 0.7]
      [GC Worker Total (ms): Min: 1.1, Avg: 1.5, Max: 1.6, Diff: 0.5, Sum: 8.7]
      [GC Worker End (ms): Min: 74400.5, Avg: 74400.6, Max: 74400.7, Diff: 0.2]
   [Code Root Fixup: 0.0 ms]
   [Code Root Purge: 0.0 ms]
   [Clear CT: 0.5 ms]
   [Other: 1.2 ms]
      [Choose CSet: 0.0 ms]
      [Ref Proc: 0.1 ms]
      [Ref Enq: 0.0 ms]
      [Redirty Cards: 0.1 ms]
      [Humongous Register: 0.1 ms]
      [Humongous Reclaim: 0.0 ms]
      [Free CSet: 0.7 ms]
   [Eden: 2446.0M(2446.0M)->0.0B(2446.0M) Survivors: 10240.0K->10240.0K Heap: 2473.4M(4096.0M)->27164.6K(4096.0M)]
 [Times: user=0.00 sys=0.00, real=0.00 secs] 
2024-10-12T18:53:44.117+0300: 74.403: Total time for which application threads were stopped: 0.0038579 seconds, Stopping threads took: 0.0001154 seconds
2024-10-12T18:53:44.887+0300: 75.178: Application time: 0.7753773 seconds
2024-10-12T18:53:44.887+0300: 75.178: [GC pause (G1 Evacuation Pause) (young), 0.0041215 secs]
   [Parallel Time: 2.1 ms, GC Workers: 6]
      [GC Worker Start (ms): Min: 75178.2, Avg: 75178.5, Max: 75179.6, Diff: 1.4]
      [Ext Root Scanning (ms): Min: 0.0, Avg: 0.2, Max: 0.4, Diff: 0.4, Sum: 1.5]
      [Update RS (ms): Min: 0.0, Avg: 0.1, Max: 0.2, Diff: 0.2, Sum: 0.5]
         [Processed Buffers: Min: 0, Avg: 2.2, Max: 5, Diff: 5, Sum: 13]
      [Scan RS (ms): Min: 0.1, Avg: 0.2, Max: 0.2, Diff: 0.1, Sum: 1.1]
      [Code Root Scanning (ms): Min: 0.0, Avg: 0.0, Max: 0.0, Diff: 0.0, Sum: 0.0]
      [Object Copy (ms): Min: 0.2, Avg: 1.0, Max: 1.4, Diff: 1.2, Sum: 5.8]
      [Termination (ms): Min: 0.0, Avg: 0.2, Max: 0.2, Diff: 0.2, Sum: 0.9]
         [Termination Attempts: Min: 1, Avg: 1.2, Max: 2, Diff: 1, Sum: 7]
      [GC Worker Other (ms): Min: 0.0, Avg: 0.0, Max: 0.1, Diff: 0.1, Sum: 0.2]
      [GC Worker Total (ms): Min: 0.6, Avg: 1.7, Max: 2.0, Diff: 1.4, Sum: 10.1]
      [GC Worker End (ms): Min: 75180.2, Avg: 75180.2, Max: 75180.2, Diff: 0.1]
   [Code Root Fixup: 0.0 ms]
   [Code Root Purge: 0.0 ms]
   [Clear CT: 0.5 ms]
   [Other: 1.5 ms]
      [Choose CSet: 0.0 ms]
      [Ref Proc: 0.1 ms]
      [Ref Enq: 0.0 ms]
      [Redirty Cards: 0.1 ms]
      [Humongous Register: 0.0 ms]
      [Humongous Reclaim: 0.0 ms]
      [Free CSet: 1.0 ms]
   [Eden: 2446.0M(2446.0M)->0.0B(2446.0M) Survivors: 10240.0K->10240.0K Heap: 2472.5M(4096.0M)->28130.5K(4096.0M)]
 [Times: user=0.02 sys=0.00, real=0.02 secs] 
2024-10-12T18:53:44.903+0300: 75.182: Total time for which application threads were stopped: 0.0045315 seconds, Stopping threads took: 0.0001248 seconds
2024-10-12T18:53:45.672+0300: 75.956: Application time: 0.7733702 seconds
2024-10-12T18:53:45.672+0300: 75.956: [GC pause (G1 Evacuation Pause) (young), 0.0032185 secs]
   [Parallel Time: 1.7 ms, GC Workers: 6]
      [GC Worker Start (ms): Min: 75956.2, Avg: 75956.2, Max: 75956.2, Diff: 0.0]
      [Ext Root Scanning (ms): Min: 0.3, Avg: 0.3, Max: 0.4, Diff: 0.1, Sum: 1.9]
      [Update RS (ms): Min: 0.1, Avg: 0.1, Max: 0.1, Diff: 0.1, Sum: 0.6]
         [Processed Buffers: Min: 1, Avg: 2.0, Max: 4, Diff: 3, Sum: 12]
      [Scan RS (ms): Min: 0.1, Avg: 0.2, Max: 0.2, Diff: 0.0, Sum: 1.0]
      [Code Root Scanning (ms): Min: 0.0, Avg: 0.0, Max: 0.0, Diff: 0.0, Sum: 0.0]
      [Object Copy (ms): Min: 0.8, Avg: 0.8, Max: 0.9, Diff: 0.1, Sum: 5.1]
      [Termination (ms): Min: 0.0, Avg: 0.0, Max: 0.0, Diff: 0.0, Sum: 0.0]
         [Termination Attempts: Min: 1, Avg: 1.2, Max: 2, Diff: 1, Sum: 7]
      [GC Worker Other (ms): Min: 0.0, Avg: 0.1, Max: 0.1, Diff: 0.1, Sum: 0.6]
      [GC Worker Total (ms): Min: 1.5, Avg: 1.5, Max: 1.6, Diff: 0.1, Sum: 9.2]
      [GC Worker End (ms): Min: 75957.7, Avg: 75957.7, Max: 75957.8, Diff: 0.1]
   [Code Root Fixup: 0.0 ms]
   [Code Root Purge: 0.0 ms]
   [Clear CT: 0.5 ms]
   [Other: 1.0 ms]
      [Choose CSet: 0.0 ms]
      [Ref Proc: 0.1 ms]
      [Ref Enq: 0.0 ms]
      [Redirty Cards: 0.1 ms]
      [Humongous Register: 0.0 ms]
      [Humongous Reclaim: 0.0 ms]
      [Free CSet: 0.6 ms]
   [Eden: 2446.0M(2446.0M)->0.0B(2446.0M) Survivors: 10240.0K->10240.0K Heap: 2473.5M(4096.0M)->27999.8K(4096.0M)]
 [Times: user=0.00 sys=0.00, real=0.00 secs] 
2024-10-12T18:53:45.672+0300: 75.959: Total time for which application threads were stopped: 0.0036131 seconds, Stopping threads took: 0.0001758 seconds
2024-10-12T18:53:46.462+0300: 76.743: Application time: 0.7833614 seconds
2024-10-12T18:53:46.462+0300: 76.743: [GC pause (G1 Evacuation Pause) (young), 0.0042959 secs]
   [Parallel Time: 2.7 ms, GC Workers: 6]
      [GC Worker Start (ms): Min: 76743.1, Avg: 76743.2, Max: 76743.2, Diff: 0.1]
      [Ext Root Scanning (ms): Min: 0.3, Avg: 0.3, Max: 0.3, Diff: 0.1, Sum: 1.9]
      [Update RS (ms): Min: 0.1, Avg: 0.1, Max: 0.1, Diff: 0.0, Sum: 0.6]
         [Processed Buffers: Min: 1, Avg: 2.2, Max: 3, Diff: 2, Sum: 13]
      [Scan RS (ms): Min: 0.2, Avg: 0.2, Max: 0.2, Diff: 0.0, Sum: 1.0]
      [Code Root Scanning (ms): Min: 0.0, Avg: 0.0, Max: 0.0, Diff: 0.0, Sum: 0.0]
      [Object Copy (ms): Min: 1.9, Avg: 1.9, Max: 1.9, Diff: 0.0, Sum: 11.5]
      [Termination (ms): Min: 0.0, Avg: 0.0, Max: 0.0, Diff: 0.0, Sum: 0.0]
         [Termination Attempts: Min: 1, Avg: 1.0, Max: 1, Diff: 0, Sum: 6]
      [GC Worker Other (ms): Min: 0.0, Avg: 0.1, Max: 0.1, Diff: 0.1, Sum: 0.4]
      [GC Worker Total (ms): Min: 2.5, Avg: 2.6, Max: 2.6, Diff: 0.1, Sum: 15.4]
      [GC Worker End (ms): Min: 76745.7, Avg: 76745.7, Max: 76745.8, Diff: 0.1]
   [Code Root Fixup: 0.0 ms]
   [Code Root Purge: 0.0 ms]
   [Clear CT: 0.5 ms]
   [Other: 1.0 ms]
      [Choose CSet: 0.0 ms]
      [Ref Proc: 0.1 ms]
      [Ref Enq: 0.0 ms]
      [Redirty Cards: 0.1 ms]
      [Humongous Register: 0.0 ms]
      [Humongous Reclaim: 0.0 ms]
      [Free CSet: 0.7 ms]
   [Eden: 2446.0M(2446.0M)->0.0B(2442.0M) Survivors: 10240.0K->14336.0K Heap: 2473.3M(4096.0M)->31286.7K(4096.0M)]
 [Times: user=0.02 sys=0.00, real=0.00 secs] 
2024-10-12T18:53:46.462+0300: 76.747: Total time for which application threads were stopped: 0.0046741 seconds, Stopping threads took: 0.0001460 seconds
2024-10-12T18:53:47.226+0300: 77.521: Application time: 0.7732349 seconds
2024-10-12T18:53:47.226+0300: 77.521: [GC pause (G1 Evacuation Pause) (young), 0.0034600 secs]
   [Parallel Time: 1.7 ms, GC Workers: 6]
      [GC Worker Start (ms): Min: 77521.2, Avg: 77521.2, Max: 77521.3, Diff: 0.1]
      [Ext Root Scanning (ms): Min: 0.3, Avg: 0.4, Max: 0.4, Diff: 0.1, Sum: 2.1]
      [Update RS (ms): Min: 0.1, Avg: 0.1, Max: 0.1, Diff: 0.1, Sum: 0.6]
         [Processed Buffers: Min: 1, Avg: 2.2, Max: 3, Diff: 2, Sum: 13]
      [Scan RS (ms): Min: 0.1, Avg: 0.2, Max: 0.2, Diff: 0.1, Sum: 1.0]
      [Code Root Scanning (ms): Min: 0.0, Avg: 0.0, Max: 0.0, Diff: 0.0, Sum: 0.0]
      [Object Copy (ms): Min: 0.7, Avg: 0.8, Max: 0.8, Diff: 0.0, Sum: 4.6]
      [Termination (ms): Min: 0.0, Avg: 0.0, Max: 0.0, Diff: 0.0, Sum: 0.0]
         [Termination Attempts: Min: 1, Avg: 1.3, Max: 2, Diff: 1, Sum: 8]
      [GC Worker Other (ms): Min: 0.1, Avg: 0.1, Max: 0.2, Diff: 0.1, Sum: 0.7]
      [GC Worker Total (ms): Min: 1.4, Avg: 1.5, Max: 1.6, Diff: 0.2, Sum: 9.1]
      [GC Worker End (ms): Min: 77522.7, Avg: 77522.8, Max: 77522.8, Diff: 0.1]
   [Code Root Fixup: 0.0 ms]
   [Code Root Purge: 0.0 ms]
   [Clear CT: 0.6 ms]
   [Other: 1.2 ms]
      [Choose CSet: 0.0 ms]
      [Ref Proc: 0.1 ms]
      [Ref Enq: 0.0 ms]
      [Redirty Cards: 0.1 ms]
      [Humongous Register: 0.1 ms]
      [Humongous Reclaim: 0.0 ms]
      [Free CSet: 0.7 ms]
   [Eden: 2442.0M(2442.0M)->0.0B(2448.0M) Survivors: 14336.0K->8192.0K Heap: 2472.6M(4096.0M)->25229.7K(4096.0M)]
 [Times: user=0.03 sys=0.00, real=0.02 secs] 
2024-10-12T18:53:47.242+0300: 77.525: Total time for which application threads were stopped: 0.0039754 seconds, Stopping threads took: 0.0002060 seconds
2024-10-12T18:53:48.028+0300: 78.307: Application time: 0.7820464 seconds
2024-10-12T18:53:48.028+0300: 78.307: [GC pause (G1 Evacuation Pause) (young), 0.0033542 secs]
   [Parallel Time: 1.7 ms, GC Workers: 6]
      [GC Worker Start (ms): Min: 78307.1, Avg: 78307.2, Max: 78307.2, Diff: 0.1]
      [Ext Root Scanning (ms): Min: 0.3, Avg: 0.3, Max: 0.4, Diff: 0.1, Sum: 1.9]
      [Update RS (ms): Min: 0.1, Avg: 0.1, Max: 0.1, Diff: 0.1, Sum: 0.6]
         [Processed Buffers: Min: 1, Avg: 2.2, Max: 3, Diff: 2, Sum: 13]
      [Scan RS (ms): Min: 0.1, Avg: 0.2, Max: 0.2, Diff: 0.1, Sum: 1.1]
      [Code Root Scanning (ms): Min: 0.0, Avg: 0.0, Max: 0.0, Diff: 0.0, Sum: 0.0]
      [Object Copy (ms): Min: 0.8, Avg: 0.8, Max: 0.8, Diff: 0.0, Sum: 4.7]
      [Termination (ms): Min: 0.0, Avg: 0.0, Max: 0.0, Diff: 0.0, Sum: 0.0]
         [Termination Attempts: Min: 1, Avg: 1.8, Max: 3, Diff: 2, Sum: 11]
      [GC Worker Other (ms): Min: 0.0, Avg: 0.1, Max: 0.2, Diff: 0.2, Sum: 0.9]
      [GC Worker Total (ms): Min: 1.4, Avg: 1.5, Max: 1.6, Diff: 0.2, Sum: 9.2]
      [GC Worker End (ms): Min: 78308.6, Avg: 78308.7, Max: 78308.8, Diff: 0.2]
   [Code Root Fixup: 0.0 ms]
   [Code Root Purge: 0.0 ms]
   [Clear CT: 0.6 ms]
   [Other: 1.1 ms]
      [Choose CSet: 0.0 ms]
      [Ref Proc: 0.1 ms]
      [Ref Enq: 0.0 ms]
      [Redirty Cards: 0.1 ms]
      [Humongous Register: 0.1 ms]
      [Humongous Reclaim: 0.0 ms]
      [Free CSet: 0.7 ms]
   [Eden: 2448.0M(2448.0M)->0.0B(2448.0M) Survivors: 8192.0K->8192.0K Heap: 2472.6M(4096.0M)->25232.2K(4096.0M)]
 [Times: user=0.00 sys=0.00, real=0.00 secs] 
2024-10-12T18:53:48.028+0300: 78.310: Total time for which application threads were stopped: 0.0037520 seconds, Stopping threads took: 0.0001522 seconds
2024-10-12T18:53:48.813+0300: 79.107: Application time: 0.7961303 seconds
2024-10-12T18:53:48.813+0300: 79.107: [GC pause (G1 Evacuation Pause) (young), 0.0046645 secs]
   [Parallel Time: 2.8 ms, GC Workers: 6]
      [GC Worker Start (ms): Min: 79107.0, Avg: 79107.1, Max: 79107.4, Diff: 0.4]
      [Ext Root Scanning (ms): Min: 0.0, Avg: 0.3, Max: 0.4, Diff: 0.4, Sum: 1.9]
      [Update RS (ms): Min: 0.1, Avg: 0.1, Max: 0.1, Diff: 0.1, Sum: 0.6]
         [Processed Buffers: Min: 1, Avg: 2.2, Max: 3, Diff: 2, Sum: 13]
      [Scan RS (ms): Min: 0.1, Avg: 0.2, Max: 0.2, Diff: 0.0, Sum: 1.0]
      [Code Root Scanning (ms): Min: 0.0, Avg: 0.0, Max: 0.0, Diff: 0.0, Sum: 0.0]
      [Object Copy (ms): Min: 1.9, Avg: 1.9, Max: 2.0, Diff: 0.1, Sum: 11.6]
      [Termination (ms): Min: 0.0, Avg: 0.0, Max: 0.0, Diff: 0.0, Sum: 0.0]
         [Termination Attempts: Min: 1, Avg: 1.0, Max: 1, Diff: 0, Sum: 6]
      [GC Worker Other (ms): Min: 0.0, Avg: 0.1, Max: 0.1, Diff: 0.1, Sum: 0.5]
      [GC Worker Total (ms): Min: 2.2, Avg: 2.6, Max: 2.7, Diff: 0.5, Sum: 15.6]
      [GC Worker End (ms): Min: 79109.7, Avg: 79109.7, Max: 79109.8, Diff: 0.1]
   [Code Root Fixup: 0.0 ms]
   [Code Root Purge: 0.0 ms]
   [Clear CT: 0.5 ms]
   [Other: 1.4 ms]
      [Choose CSet: 0.0 ms]
      [Ref Proc: 0.1 ms]
      [Ref Enq: 0.0 ms]
      [Redirty Cards: 0.1 ms]
      [Humongous Register: 0.1 ms]
      [Humongous Reclaim: 0.0 ms]
      [Free CSet: 0.9 ms]
   [Eden: 2448.0M(2448.0M)->0.0B(2444.0M) Survivors: 8192.0K->12288.0K Heap: 2472.6M(4096.0M)->30255.0K(4096.0M)]
 [Times: user=0.02 sys=0.00, real=0.02 secs] 
2024-10-12T18:53:48.828+0300: 79.112: Total time for which application threads were stopped: 0.0050829 seconds, Stopping threads took: 0.0001879 seconds
2024-10-12T18:53:49.614+0300: 79.893: Application time: 0.7817184 seconds
2024-10-12T18:53:49.614+0300: 79.894: [GC pause (G1 Evacuation Pause) (young), 0.0037409 secs]
   [Parallel Time: 2.2 ms, GC Workers: 6]
      [GC Worker Start (ms): Min: 79893.8, Avg: 79893.8, Max: 79893.9, Diff: 0.1]
      [Ext Root Scanning (ms): Min: 0.3, Avg: 0.3, Max: 0.4, Diff: 0.1, Sum: 2.0]
      [Update RS (ms): Min: 0.1, Avg: 0.2, Max: 0.5, Diff: 0.5, Sum: 1.1]
         [Processed Buffers: Min: 1, Avg: 2.2, Max: 3, Diff: 2, Sum: 13]
      [Scan RS (ms): Min: 0.0, Avg: 0.2, Max: 0.2, Diff: 0.2, Sum: 1.0]
      [Code Root Scanning (ms): Min: 0.0, Avg: 0.0, Max: 0.0, Diff: 0.0, Sum: 0.0]
      [Object Copy (ms): Min: 1.2, Avg: 1.4, Max: 1.4, Diff: 0.3, Sum: 8.1]
      [Termination (ms): Min: 0.0, Avg: 0.0, Max: 0.0, Diff: 0.0, Sum: 0.0]
         [Termination Attempts: Min: 1, Avg: 1.0, Max: 1, Diff: 0, Sum: 6]
      [GC Worker Other (ms): Min: 0.0, Avg: 0.1, Max: 0.1, Diff: 0.1, Sum: 0.5]
      [GC Worker Total (ms): Min: 2.0, Avg: 2.1, Max: 2.2, Diff: 0.2, Sum: 12.7]
      [GC Worker End (ms): Min: 79895.9, Avg: 79895.9, Max: 79896.0, Diff: 0.1]
   [Code Root Fixup: 0.0 ms]
   [Code Root Purge: 0.0 ms]
   [Clear CT: 0.5 ms]
   [Other: 1.0 ms]
      [Choose CSet: 0.0 ms]
      [Ref Proc: 0.1 ms]
      [Ref Enq: 0.0 ms]
      [Redirty Cards: 0.1 ms]
      [Humongous Register: 0.0 ms]
      [Humongous Reclaim: 0.0 ms]
      [Free CSet: 0.7 ms]
   [Eden: 2444.0M(2444.0M)->0.0B(2444.0M) Survivors: 12288.0K->12288.0K Heap: 2473.5M(4096.0M)->30357.2K(4096.0M)]
 [Times: user=0.00 sys=0.00, real=0.00 secs] 
2024-10-12T18:53:49.614+0300: 79.898: Total time for which application threads were stopped: 0.0041324 seconds, Stopping threads took: 0.0001670 seconds
2024-10-12T18:53:50.399+0300: 80.679: Application time: 0.7812174 seconds
2024-10-12T18:53:50.399+0300: 80.679: [GC pause (G1 Evacuation Pause) (young), 0.0031340 secs]
   [Parallel Time: 1.6 ms, GC Workers: 6]
      [GC Worker Start (ms): Min: 80679.1, Avg: 80679.1, Max: 80679.2, Diff: 0.1]
      [Ext Root Scanning (ms): Min: 0.3, Avg: 0.3, Max: 0.3, Diff: 0.1, Sum: 1.9]
      [Update RS (ms): Min: 0.1, Avg: 0.1, Max: 0.1, Diff: 0.1, Sum: 0.6]
         [Processed Buffers: Min: 1, Avg: 2.2, Max: 3, Diff: 2, Sum: 13]
      [Scan RS (ms): Min: 0.1, Avg: 0.2, Max: 0.2, Diff: 0.0, Sum: 1.1]
      [Code Root Scanning (ms): Min: 0.0, Avg: 0.0, Max: 0.0, Diff: 0.0, Sum: 0.0]
      [Object Copy (ms): Min: 0.7, Avg: 0.7, Max: 0.8, Diff: 0.0, Sum: 4.5]
      [Termination (ms): Min: 0.0, Avg: 0.0, Max: 0.0, Diff: 0.0, Sum: 0.0]
         [Termination Attempts: Min: 1, Avg: 1.0, Max: 1, Diff: 0, Sum: 6]
      [GC Worker Other (ms): Min: 0.0, Avg: 0.1, Max: 0.1, Diff: 0.1, Sum: 0.6]
      [GC Worker Total (ms): Min: 1.4, Avg: 1.4, Max: 1.5, Diff: 0.1, Sum: 8.6]
      [GC Worker End (ms): Min: 80680.5, Avg: 80680.6, Max: 80680.6, Diff: 0.1]
   [Code Root Fixup: 0.0 ms]
   [Code Root Purge: 0.0 ms]
   [Clear CT: 0.5 ms]
   [Other: 1.0 ms]
      [Choose CSet: 0.0 ms]
      [Ref Proc: 0.1 ms]
      [Ref Enq: 0.0 ms]
      [Redirty Cards: 0.1 ms]
      [Humongous Register: 0.1 ms]
      [Humongous Reclaim: 0.0 ms]
      [Free CSet: 0.7 ms]
   [Eden: 2444.0M(2444.0M)->0.0B(2448.0M) Survivors: 12288.0K->8192.0K Heap: 2473.6M(4096.0M)->26263.7K(4096.0M)]
 [Times: user=0.00 sys=0.00, real=0.00 secs] 
2024-10-12T18:53:50.399+0300: 80.682: Total time for which application threads were stopped: 0.0034995 seconds, Stopping threads took: 0.0001259 seconds
2024-10-12T18:53:51.183+0300: 81.463: Application time: 0.7809308 seconds
2024-10-12T18:53:51.183+0300: 81.463: [GC pause (G1 Evacuation Pause) (young), 0.0037122 secs]
   [Parallel Time: 2.1 ms, GC Workers: 6]
      [GC Worker Start (ms): Min: 81463.5, Avg: 81463.5, Max: 81463.6, Diff: 0.0]
      [Ext Root Scanning (ms): Min: 0.3, Avg: 0.3, Max: 0.4, Diff: 0.1, Sum: 1.9]
      [Update RS (ms): Min: 0.1, Avg: 0.1, Max: 0.1, Diff: 0.1, Sum: 0.6]
         [Processed Buffers: Min: 1, Avg: 2.2, Max: 3, Diff: 2, Sum: 13]
      [Scan RS (ms): Min: 0.1, Avg: 0.2, Max: 0.2, Diff: 0.0, Sum: 1.0]
      [Code Root Scanning (ms): Min: 0.0, Avg: 0.0, Max: 0.0, Diff: 0.0, Sum: 0.0]
      [Object Copy (ms): Min: 1.3, Avg: 1.3, Max: 1.3, Diff: 0.1, Sum: 7.8]
      [Termination (ms): Min: 0.0, Avg: 0.0, Max: 0.0, Diff: 0.0, Sum: 0.0]
         [Termination Attempts: Min: 1, Avg: 1.0, Max: 1, Diff: 0, Sum: 6]
      [GC Worker Other (ms): Min: 0.0, Avg: 0.1, Max: 0.1, Diff: 0.1, Sum: 0.5]
      [GC Worker Total (ms): Min: 1.9, Avg: 2.0, Max: 2.0, Diff: 0.1, Sum: 11.8]
      [GC Worker End (ms): Min: 81465.5, Avg: 81465.5, Max: 81465.6, Diff: 0.1]
   [Code Root Fixup: 0.0 ms]
   [Code Root Purge: 0.0 ms]
   [Clear CT: 0.5 ms]
   [Other: 1.1 ms]
      [Choose CSet: 0.0 ms]
      [Ref Proc: 0.1 ms]
      [Ref Enq: 0.0 ms]
      [Redirty Cards: 0.1 ms]
      [Humongous Register: 0.0 ms]
      [Humongous Reclaim: 0.0 ms]
      [Free CSet: 0.7 ms]
   [Eden: 2448.0M(2448.0M)->0.0B(2444.0M) Survivors: 8192.0K->12288.0K Heap: 2473.6M(4096.0M)->29338.2K(4096.0M)]
 [Times: user=0.00 sys=0.00, real=0.00 secs] 
2024-10-12T18:53:51.183+0300: 81.467: Total time for which application threads were stopped: 0.0040558 seconds, Stopping threads took: 0.0001254 seconds
2024-10-12T18:53:51.953+0300: 82.245: Application time: 0.7774468 seconds
2024-10-12T18:53:51.953+0300: 82.245: [GC pause (G1 Evacuation Pause) (young), 0.0045395 secs]
   [Parallel Time: 2.7 ms, GC Workers: 6]
      [GC Worker Start (ms): Min: 82245.2, Avg: 82245.2, Max: 82245.2, Diff: 0.0]
      [Ext Root Scanning (ms): Min: 0.3, Avg: 0.3, Max: 0.4, Diff: 0.1, Sum: 2.0]
      [Update RS (ms): Min: 0.1, Avg: 0.1, Max: 0.1, Diff: 0.0, Sum: 0.6]
         [Processed Buffers: Min: 1, Avg: 2.2, Max: 3, Diff: 2, Sum: 13]
      [Scan RS (ms): Min: 0.1, Avg: 0.2, Max: 0.2, Diff: 0.1, Sum: 1.0]
      [Code Root Scanning (ms): Min: 0.0, Avg: 0.0, Max: 0.0, Diff: 0.0, Sum: 0.0]
      [Object Copy (ms): Min: 1.8, Avg: 1.8, Max: 1.8, Diff: 0.1, Sum: 10.7]
      [Termination (ms): Min: 0.0, Avg: 0.0, Max: 0.0, Diff: 0.0, Sum: 0.0]
         [Termination Attempts: Min: 1, Avg: 1.0, Max: 1, Diff: 0, Sum: 6]
      [GC Worker Other (ms): Min: 0.0, Avg: 0.1, Max: 0.2, Diff: 0.2, Sum: 0.8]
      [GC Worker Total (ms): Min: 2.4, Avg: 2.5, Max: 2.6, Diff: 0.2, Sum: 15.2]
      [GC Worker End (ms): Min: 82247.6, Avg: 82247.7, Max: 82247.8, Diff: 0.2]
   [Code Root Fixup: 0.0 ms]
   [Code Root Purge: 0.0 ms]
   [Clear CT: 0.5 ms]
   [Other: 1.3 ms]
      [Choose CSet: 0.0 ms]
      [Ref Proc: 0.3 ms]
      [Ref Enq: 0.0 ms]
      [Redirty Cards: 0.1 ms]
      [Humongous Register: 0.1 ms]
      [Humongous Reclaim: 0.0 ms]
      [Free CSet: 0.7 ms]
   [Eden: 2444.0M(2444.0M)->0.0B(2444.0M) Survivors: 12288.0K->12288.0K Heap: 2472.7M(4096.0M)->30364.7K(4096.0M)]
 [Times: user=0.00 sys=0.00, real=0.02 secs] 
2024-10-12T18:53:51.969+0300: 82.250: Total time for which application threads were stopped: 0.0049993 seconds, Stopping threads took: 0.0002110 seconds
2024-10-12T18:53:52.738+0300: 83.021: Application time: 0.7717117 seconds
2024-10-12T18:53:52.738+0300: 83.022: [GC pause (G1 Evacuation Pause) (young), 0.0030100 secs]
   [Parallel Time: 1.5 ms, GC Workers: 6]
      [GC Worker Start (ms): Min: 83021.8, Avg: 83021.8, Max: 83021.8, Diff: 0.1]
      [Ext Root Scanning (ms): Min: 0.3, Avg: 0.3, Max: 0.4, Diff: 0.1, Sum: 1.9]
      [Update RS (ms): Min: 0.1, Avg: 0.1, Max: 0.1, Diff: 0.1, Sum: 0.6]
         [Processed Buffers: Min: 1, Avg: 2.2, Max: 3, Diff: 2, Sum: 13]
      [Scan RS (ms): Min: 0.1, Avg: 0.2, Max: 0.2, Diff: 0.0, Sum: 1.0]
      [Code Root Scanning (ms): Min: 0.0, Avg: 0.0, Max: 0.0, Diff: 0.0, Sum: 0.0]
      [Object Copy (ms): Min: 0.7, Avg: 0.7, Max: 0.8, Diff: 0.1, Sum: 4.3]
      [Termination (ms): Min: 0.0, Avg: 0.0, Max: 0.0, Diff: 0.0, Sum: 0.0]
         [Termination Attempts: Min: 1, Avg: 1.0, Max: 1, Diff: 0, Sum: 6]
      [GC Worker Other (ms): Min: 0.0, Avg: 0.1, Max: 0.1, Diff: 0.1, Sum: 0.5]
      [GC Worker Total (ms): Min: 1.3, Avg: 1.4, Max: 1.4, Diff: 0.1, Sum: 8.3]
      [GC Worker End (ms): Min: 83023.1, Avg: 83023.2, Max: 83023.2, Diff: 0.1]
   [Code Root Fixup: 0.0 ms]
   [Code Root Purge: 0.0 ms]
   [Clear CT: 0.5 ms]
   [Other: 1.0 ms]
      [Choose CSet: 0.0 ms]
      [Ref Proc: 0.1 ms]
      [Ref Enq: 0.0 ms]
      [Redirty Cards: 0.1 ms]
      [Humongous Register: 0.0 ms]
      [Humongous Reclaim: 0.0 ms]
      [Free CSet: 0.7 ms]
   [Eden: 2444.0M(2444.0M)->0.0B(2448.0M) Survivors: 12288.0K->8192.0K Heap: 2473.7M(4096.0M)->26271.2K(4096.0M)]
 [Times: user=0.00 sys=0.00, real=0.00 secs] 
2024-10-12T18:53:52.738+0300: 83.025: Total time for which application threads were stopped: 0.0033794 seconds, Stopping threads took: 0.0001480 seconds
2024-10-12T18:53:53.524+0300: 83.807: Application time: 0.7821878 seconds
2024-10-12T18:53:53.524+0300: 83.807: [GC pause (G1 Evacuation Pause) (young), 0.0030654 secs]
   [Parallel Time: 1.6 ms, GC Workers: 6]
      [GC Worker Start (ms): Min: 83807.5, Avg: 83807.5, Max: 83807.5, Diff: 0.1]
      [Ext Root Scanning (ms): Min: 0.3, Avg: 0.3, Max: 0.4, Diff: 0.1, Sum: 2.0]
      [Update RS (ms): Min: 0.1, Avg: 0.1, Max: 0.1, Diff: 0.1, Sum: 0.6]
         [Processed Buffers: Min: 1, Avg: 2.2, Max: 3, Diff: 2, Sum: 13]
      [Scan RS (ms): Min: 0.1, Avg: 0.2, Max: 0.2, Diff: 0.0, Sum: 1.0]
      [Code Root Scanning (ms): Min: 0.0, Avg: 0.0, Max: 0.0, Diff: 0.0, Sum: 0.0]
      [Object Copy (ms): Min: 0.7, Avg: 0.8, Max: 0.8, Diff: 0.0, Sum: 4.6]
      [Termination (ms): Min: 0.0, Avg: 0.0, Max: 0.0, Diff: 0.0, Sum: 0.0]
         [Termination Attempts: Min: 1, Avg: 1.0, Max: 1, Diff: 0, Sum: 6]
      [GC Worker Other (ms): Min: 0.0, Avg: 0.1, Max: 0.1, Diff: 0.1, Sum: 0.5]
      [GC Worker Total (ms): Min: 1.4, Avg: 1.4, Max: 1.5, Diff: 0.1, Sum: 8.6]
      [GC Worker End (ms): Min: 83808.9, Avg: 83808.9, Max: 83809.0, Diff: 0.1]
   [Code Root Fixup: 0.0 ms]
   [Code Root Purge: 0.0 ms]
   [Clear CT: 0.5 ms]
   [Other: 1.0 ms]
      [Choose CSet: 0.0 ms]
      [Ref Proc: 0.1 ms]
      [Ref Enq: 0.0 ms]
      [Redirty Cards: 0.1 ms]
      [Humongous Register: 0.0 ms]
      [Humongous Reclaim: 0.0 ms]
      [Free CSet: 0.6 ms]
   [Eden: 2448.0M(2448.0M)->0.0B(2448.0M) Survivors: 8192.0K->8192.0K Heap: 2473.7M(4096.0M)->26273.7K(4096.0M)]
 [Times: user=0.00 sys=0.00, real=0.00 secs] 
2024-10-12T18:53:53.524+0300: 83.811: Total time for which application threads were stopped: 0.0035581 seconds, Stopping threads took: 0.0002530 seconds
2024-10-12T18:53:54.309+0300: 84.592: Application time: 0.7811807 seconds
2024-10-12T18:53:54.309+0300: 84.592: [GC pause (G1 Evacuation Pause) (young), 0.0032257 secs]
   [Parallel Time: 1.7 ms, GC Workers: 6]
      [GC Worker Start (ms): Min: 84592.1, Avg: 84592.2, Max: 84592.5, Diff: 0.4]
      [Ext Root Scanning (ms): Min: 0.0, Avg: 0.3, Max: 0.4, Diff: 0.4, Sum: 1.9]
      [Update RS (ms): Min: 0.1, Avg: 0.1, Max: 0.1, Diff: 0.1, Sum: 0.6]
         [Processed Buffers: Min: 1, Avg: 2.2, Max: 4, Diff: 3, Sum: 13]
      [Scan RS (ms): Min: 0.1, Avg: 0.2, Max: 0.2, Diff: 0.0, Sum: 1.0]
      [Code Root Scanning (ms): Min: 0.0, Avg: 0.0, Max: 0.0, Diff: 0.0, Sum: 0.0]
      [Object Copy (ms): Min: 0.8, Avg: 0.8, Max: 0.9, Diff: 0.1, Sum: 5.0]
      [Termination (ms): Min: 0.0, Avg: 0.0, Max: 0.0, Diff: 0.0, Sum: 0.0]
         [Termination Attempts: Min: 1, Avg: 4.0, Max: 6, Diff: 5, Sum: 24]
      [GC Worker Other (ms): Min: 0.0, Avg: 0.1, Max: 0.1, Diff: 0.1, Sum: 0.4]
      [GC Worker Total (ms): Min: 1.1, Avg: 1.5, Max: 1.6, Diff: 0.5, Sum: 9.0]
      [GC Worker End (ms): Min: 84593.7, Avg: 84593.7, Max: 84593.7, Diff: 0.1]
   [Code Root Fixup: 0.0 ms]
   [Code Root Purge: 0.0 ms]
   [Clear CT: 0.5 ms]
   [Other: 1.0 ms]
      [Choose CSet: 0.0 ms]
      [Ref Proc: 0.1 ms]
      [Ref Enq: 0.0 ms]
      [Redirty Cards: 0.1 ms]
      [Humongous Register: 0.0 ms]
      [Humongous Reclaim: 0.0 ms]
      [Free CSet: 0.7 ms]
   [Eden: 2448.0M(2448.0M)->0.0B(2448.0M) Survivors: 8192.0K->8192.0K Heap: 2473.7M(4096.0M)->26192.0K(4096.0M)]
 [Times: user=0.00 sys=0.00, real=0.00 secs] 
2024-10-12T18:53:54.309+0300: 84.595: Total time for which application threads were stopped: 0.0036330 seconds, Stopping threads took: 0.0001713 seconds
2024-10-12T18:53:55.084+0300: 85.372: Application time: 0.7762876 seconds
2024-10-12T18:53:55.084+0300: 85.372: [GC pause (G1 Evacuation Pause) (young), 0.0034734 secs]
   [Parallel Time: 1.8 ms, GC Workers: 6]
      [GC Worker Start (ms): Min: 85372.1, Avg: 85372.2, Max: 85372.3, Diff: 0.2]
      [Ext Root Scanning (ms): Min: 0.2, Avg: 0.3, Max: 0.4, Diff: 0.1, Sum: 2.0]
      [Update RS (ms): Min: 0.0, Avg: 0.1, Max: 0.2, Diff: 0.2, Sum: 0.7]
         [Processed Buffers: Min: 0, Avg: 2.2, Max: 4, Diff: 4, Sum: 13]
      [Scan RS (ms): Min: 0.1, Avg: 0.2, Max: 0.2, Diff: 0.1, Sum: 1.1]
      [Code Root Scanning (ms): Min: 0.0, Avg: 0.0, Max: 0.0, Diff: 0.0, Sum: 0.0]
      [Object Copy (ms): Min: 0.7, Avg: 0.8, Max: 1.0, Diff: 0.2, Sum: 4.9]
      [Termination (ms): Min: 0.0, Avg: 0.0, Max: 0.0, Diff: 0.0, Sum: 0.0]
         [Termination Attempts: Min: 1, Avg: 1.0, Max: 1, Diff: 0, Sum: 6]
      [GC Worker Other (ms): Min: 0.0, Avg: 0.1, Max: 0.2, Diff: 0.2, Sum: 0.7]
      [GC Worker Total (ms): Min: 1.4, Avg: 1.6, Max: 1.7, Diff: 0.3, Sum: 9.4]
      [GC Worker End (ms): Min: 85373.7, Avg: 85373.7, Max: 85373.8, Diff: 0.2]
   [Code Root Fixup: 0.0 ms]
   [Code Root Purge: 0.0 ms]
   [Clear CT: 0.5 ms]
   [Other: 1.1 ms]
      [Choose CSet: 0.0 ms]
      [Ref Proc: 0.1 ms]
      [Ref Enq: 0.0 ms]
      [Redirty Cards: 0.1 ms]
      [Humongous Register: 0.1 ms]
      [Humongous Reclaim: 0.0 ms]
      [Free CSet: 0.7 ms]
   [Eden: 2448.0M(2448.0M)->0.0B(2446.0M) Survivors: 8192.0K->10240.0K Heap: 2473.6M(4096.0M)->28197.6K(4096.0M)]
 [Times: user=0.02 sys=0.00, real=0.01 secs] 
2024-10-12T18:53:55.093+0300: 85.376: Total time for which application threads were stopped: 0.0039287 seconds, Stopping threads took: 0.0002118 seconds
2024-10-12T18:53:55.862+0300: 86.146: Application time: 0.7707139 seconds
2024-10-12T18:53:55.862+0300: 86.147: [GC pause (G1 Evacuation Pause) (young), 0.0031680 secs]
   [Parallel Time: 1.6 ms, GC Workers: 6]
      [GC Worker Start (ms): Min: 86146.7, Avg: 86146.8, Max: 86147.1, Diff: 0.4]
      [Ext Root Scanning (ms): Min: 0.0, Avg: 0.3, Max: 0.4, Diff: 0.4, Sum: 1.9]
      [Update RS (ms): Min: 0.1, Avg: 0.1, Max: 0.1, Diff: 0.1, Sum: 0.6]
         [Processed Buffers: Min: 1, Avg: 2.2, Max: 3, Diff: 2, Sum: 13]
      [Scan RS (ms): Min: 0.1, Avg: 0.2, Max: 0.2, Diff: 0.1, Sum: 1.0]
      [Code Root Scanning (ms): Min: 0.0, Avg: 0.0, Max: 0.0, Diff: 0.0, Sum: 0.0]
      [Object Copy (ms): Min: 0.7, Avg: 0.8, Max: 0.8, Diff: 0.0, Sum: 4.5]
      [Termination (ms): Min: 0.0, Avg: 0.0, Max: 0.0, Diff: 0.0, Sum: 0.0]
         [Termination Attempts: Min: 1, Avg: 1.0, Max: 1, Diff: 0, Sum: 6]
      [GC Worker Other (ms): Min: 0.0, Avg: 0.1, Max: 0.1, Diff: 0.1, Sum: 0.5]
      [GC Worker Total (ms): Min: 1.0, Avg: 1.4, Max: 1.6, Diff: 0.5, Sum: 8.7]
      [GC Worker End (ms): Min: 86148.2, Avg: 86148.2, Max: 86148.2, Diff: 0.1]
   [Code Root Fixup: 0.0 ms]
   [Code Root Purge: 0.0 ms]
   [Clear CT: 0.5 ms]
   [Other: 1.0 ms]
      [Choose CSet: 0.0 ms]
      [Ref Proc: 0.1 ms]
      [Ref Enq: 0.0 ms]
      [Redirty Cards: 0.1 ms]
      [Humongous Register: 0.1 ms]
      [Humongous Reclaim: 0.0 ms]
      [Free CSet: 0.7 ms]
   [Eden: 2446.0M(2446.0M)->0.0B(2448.0M) Survivors: 10240.0K->8192.0K Heap: 2473.5M(4096.0M)->26156.5K(4096.0M)]
 [Times: user=0.00 sys=0.00, real=0.00 secs] 
2024-10-12T18:53:55.862+0300: 86.150: Total time for which application threads were stopped: 0.0035527 seconds, Stopping threads took: 0.0001378 seconds
2024-10-12T18:53:56.647+0300: 86.931: Application time: 0.7809076 seconds
2024-10-12T18:53:56.647+0300: 86.931: [GC pause (G1 Evacuation Pause) (young), 0.0031336 secs]
   [Parallel Time: 1.6 ms, GC Workers: 6]
      [GC Worker Start (ms): Min: 86931.1, Avg: 86931.2, Max: 86931.5, Diff: 0.3]
      [Ext Root Scanning (ms): Min: 0.0, Avg: 0.3, Max: 0.4, Diff: 0.3, Sum: 1.9]
      [Update RS (ms): Min: 0.1, Avg: 0.1, Max: 0.1, Diff: 0.1, Sum: 0.6]
         [Processed Buffers: Min: 1, Avg: 2.2, Max: 3, Diff: 2, Sum: 13]
      [Scan RS (ms): Min: 0.1, Avg: 0.2, Max: 0.2, Diff: 0.1, Sum: 1.0]
      [Code Root Scanning (ms): Min: 0.0, Avg: 0.0, Max: 0.0, Diff: 0.0, Sum: 0.0]
      [Object Copy (ms): Min: 0.8, Avg: 0.8, Max: 0.8, Diff: 0.1, Sum: 4.7]
      [Termination (ms): Min: 0.0, Avg: 0.0, Max: 0.0, Diff: 0.0, Sum: 0.0]
         [Termination Attempts: Min: 1, Avg: 1.5, Max: 3, Diff: 2, Sum: 9]
      [GC Worker Other (ms): Min: 0.0, Avg: 0.1, Max: 0.1, Diff: 0.1, Sum: 0.5]
      [GC Worker Total (ms): Min: 1.2, Avg: 1.5, Max: 1.6, Diff: 0.4, Sum: 8.8]
      [GC Worker End (ms): Min: 86932.6, Avg: 86932.7, Max: 86932.7, Diff: 0.1]
   [Code Root Fixup: 0.0 ms]
   [Code Root Purge: 0.0 ms]
   [Clear CT: 0.5 ms]
   [Other: 1.0 ms]
      [Choose CSet: 0.0 ms]
      [Ref Proc: 0.1 ms]
      [Ref Enq: 0.0 ms]
      [Redirty Cards: 0.1 ms]
      [Humongous Register: 0.1 ms]
      [Humongous Reclaim: 0.0 ms]
      [Free CSet: 0.6 ms]
   [Eden: 2448.0M(2448.0M)->0.0B(2446.0M) Survivors: 8192.0K->10240.0K Heap: 2473.5M(4096.0M)->27240.5K(4096.0M)]
 [Times: user=0.00 sys=0.00, real=0.00 secs] 
2024-10-12T18:53:56.647+0300: 86.934: Total time for which application threads were stopped: 0.0034869 seconds, Stopping threads took: 0.0001361 seconds
2024-10-12T18:53:57.416+0300: 87.710: Application time: 0.7754880 seconds
2024-10-12T18:53:57.416+0300: 87.710: [GC pause (G1 Evacuation Pause) (young), 0.0032043 secs]
   [Parallel Time: 1.7 ms, GC Workers: 6]
      [GC Worker Start (ms): Min: 87710.1, Avg: 87710.1, Max: 87710.2, Diff: 0.1]
      [Ext Root Scanning (ms): Min: 0.3, Avg: 0.3, Max: 0.4, Diff: 0.1, Sum: 2.0]
      [Update RS (ms): Min: 0.1, Avg: 0.1, Max: 0.1, Diff: 0.0, Sum: 0.6]
         [Processed Buffers: Min: 1, Avg: 2.2, Max: 3, Diff: 2, Sum: 13]
      [Scan RS (ms): Min: 0.1, Avg: 0.2, Max: 0.3, Diff: 0.1, Sum: 1.2]
      [Code Root Scanning (ms): Min: 0.0, Avg: 0.0, Max: 0.0, Diff: 0.0, Sum: 0.0]
      [Object Copy (ms): Min: 0.8, Avg: 0.8, Max: 0.9, Diff: 0.1, Sum: 4.9]
      [Termination (ms): Min: 0.0, Avg: 0.0, Max: 0.0, Diff: 0.0, Sum: 0.0]
         [Termination Attempts: Min: 1, Avg: 2.5, Max: 4, Diff: 3, Sum: 15]
      [GC Worker Other (ms): Min: 0.0, Avg: 0.1, Max: 0.1, Diff: 0.1, Sum: 0.6]
      [GC Worker Total (ms): Min: 1.5, Avg: 1.6, Max: 1.6, Diff: 0.1, Sum: 9.4]
      [GC Worker End (ms): Min: 87711.7, Avg: 87711.7, Max: 87711.8, Diff: 0.1]
   [Code Root Fixup: 0.0 ms]
   [Code Root Purge: 0.0 ms]
   [Clear CT: 0.5 ms]
   [Other: 1.0 ms]
      [Choose CSet: 0.0 ms]
      [Ref Proc: 0.1 ms]
      [Ref Enq: 0.0 ms]
      [Redirty Cards: 0.1 ms]
      [Humongous Register: 0.0 ms]
      [Humongous Reclaim: 0.0 ms]
      [Free CSet: 0.6 ms]
   [Eden: 2446.0M(2446.0M)->0.0B(2446.0M) Survivors: 10240.0K->10240.0K Heap: 2472.6M(4096.0M)->28180.9K(4096.0M)]
 [Times: user=0.02 sys=0.00, real=0.02 secs] 
2024-10-12T18:53:57.432+0300: 87.713: Total time for which application threads were stopped: 0.0036117 seconds, Stopping threads took: 0.0001806 seconds
2024-10-12T18:53:58.201+0300: 88.491: Application time: 0.7777326 seconds
2024-10-12T18:53:58.201+0300: 88.491: [GC pause (G1 Evacuation Pause) (young), 0.0030968 secs]
   [Parallel Time: 1.5 ms, GC Workers: 6]
      [GC Worker Start (ms): Min: 88491.5, Avg: 88491.5, Max: 88491.5, Diff: 0.1]
      [Ext Root Scanning (ms): Min: 0.3, Avg: 0.3, Max: 0.3, Diff: 0.1, Sum: 1.9]
      [Update RS (ms): Min: 0.1, Avg: 0.1, Max: 0.1, Diff: 0.1, Sum: 0.6]
         [Processed Buffers: Min: 1, Avg: 2.2, Max: 3, Diff: 2, Sum: 13]
      [Scan RS (ms): Min: 0.1, Avg: 0.2, Max: 0.2, Diff: 0.1, Sum: 1.0]
      [Code Root Scanning (ms): Min: 0.0, Avg: 0.0, Max: 0.0, Diff: 0.0, Sum: 0.0]
      [Object Copy (ms): Min: 0.7, Avg: 0.8, Max: 0.8, Diff: 0.1, Sum: 4.5]
      [Termination (ms): Min: 0.0, Avg: 0.0, Max: 0.0, Diff: 0.0, Sum: 0.0]
         [Termination Attempts: Min: 1, Avg: 1.2, Max: 2, Diff: 1, Sum: 7]
      [GC Worker Other (ms): Min: 0.0, Avg: 0.1, Max: 0.1, Diff: 0.1, Sum: 0.5]
      [GC Worker Total (ms): Min: 1.4, Avg: 1.4, Max: 1.5, Diff: 0.1, Sum: 8.5]
      [GC Worker End (ms): Min: 88492.9, Avg: 88492.9, Max: 88493.0, Diff: 0.1]
   [Code Root Fixup: 0.0 ms]
   [Code Root Purge: 0.0 ms]
   [Clear CT: 0.5 ms]
   [Other: 1.1 ms]
      [Choose CSet: 0.0 ms]
      [Ref Proc: 0.1 ms]
      [Ref Enq: 0.0 ms]
      [Redirty Cards: 0.1 ms]
      [Humongous Register: 0.0 ms]
      [Humongous Reclaim: 0.0 ms]
      [Free CSet: 0.7 ms]
   [Eden: 2446.0M(2446.0M)->0.0B(2448.0M) Survivors: 10240.0K->8192.0K Heap: 2473.5M(4096.0M)->26011.6K(4096.0M)]
 [Times: user=0.00 sys=0.00, real=0.00 secs] 
2024-10-12T18:53:58.201+0300: 88.495: Total time for which application threads were stopped: 0.0034893 seconds, Stopping threads took: 0.0001817 seconds
2024-10-12T18:53:58.986+0300: 89.268: Application time: 0.7737751 seconds
2024-10-12T18:53:58.986+0300: 89.269: [GC pause (G1 Evacuation Pause) (young), 0.0038993 secs]
   [Parallel Time: 2.2 ms, GC Workers: 6]
      [GC Worker Start (ms): Min: 89268.8, Avg: 89268.8, Max: 89268.8, Diff: 0.0]
      [Ext Root Scanning (ms): Min: 0.3, Avg: 0.3, Max: 0.4, Diff: 0.0, Sum: 2.0]
      [Update RS (ms): Min: 0.1, Avg: 0.1, Max: 0.1, Diff: 0.1, Sum: 0.6]
         [Processed Buffers: Min: 1, Avg: 2.2, Max: 3, Diff: 2, Sum: 13]
      [Scan RS (ms): Min: 0.1, Avg: 0.2, Max: 0.2, Diff: 0.1, Sum: 1.0]
      [Code Root Scanning (ms): Min: 0.0, Avg: 0.0, Max: 0.0, Diff: 0.0, Sum: 0.0]
      [Object Copy (ms): Min: 1.3, Avg: 1.3, Max: 1.4, Diff: 0.0, Sum: 8.0]
      [Termination (ms): Min: 0.0, Avg: 0.0, Max: 0.0, Diff: 0.0, Sum: 0.0]
         [Termination Attempts: Min: 1, Avg: 1.0, Max: 1, Diff: 0, Sum: 6]
      [GC Worker Other (ms): Min: 0.0, Avg: 0.1, Max: 0.2, Diff: 0.2, Sum: 0.7]
      [GC Worker Total (ms): Min: 1.9, Avg: 2.1, Max: 2.1, Diff: 0.2, Sum: 12.4]
      [GC Worker End (ms): Min: 89270.8, Avg: 89270.9, Max: 89270.9, Diff: 0.2]
   [Code Root Fixup: 0.0 ms]
   [Code Root Purge: 0.0 ms]
   [Clear CT: 0.6 ms]
   [Other: 1.1 ms]
      [Choose CSet: 0.0 ms]
      [Ref Proc: 0.1 ms]
      [Ref Enq: 0.0 ms]
      [Redirty Cards: 0.1 ms]
      [Humongous Register: 0.0 ms]
      [Humongous Reclaim: 0.0 ms]
      [Free CSet: 0.6 ms]
   [Eden: 2448.0M(2448.0M)->0.0B(2444.0M) Survivors: 8192.0K->12288.0K Heap: 2473.4M(4096.0M)->30060.9K(4096.0M)]
 [Times: user=0.00 sys=0.00, real=0.01 secs] 
2024-10-12T18:53:58.994+0300: 89.273: Total time for which application threads were stopped: 0.0043164 seconds, Stopping threads took: 0.0001861 seconds
2024-10-12T18:53:59.756+0300: 90.040: Application time: 0.7677679 seconds
2024-10-12T18:53:59.756+0300: 90.041: [GC pause (G1 Evacuation Pause) (young), 0.0042567 secs]
   [Parallel Time: 2.7 ms, GC Workers: 6]
      [GC Worker Start (ms): Min: 90040.8, Avg: 90040.8, Max: 90040.9, Diff: 0.1]
      [Ext Root Scanning (ms): Min: 0.3, Avg: 0.3, Max: 0.3, Diff: 0.1, Sum: 1.9]
      [Update RS (ms): Min: 0.1, Avg: 0.1, Max: 0.1, Diff: 0.1, Sum: 0.6]
         [Processed Buffers: Min: 1, Avg: 2.2, Max: 4, Diff: 3, Sum: 13]
      [Scan RS (ms): Min: 0.1, Avg: 0.2, Max: 0.2, Diff: 0.1, Sum: 1.0]
      [Code Root Scanning (ms): Min: 0.0, Avg: 0.0, Max: 0.0, Diff: 0.0, Sum: 0.0]
      [Object Copy (ms): Min: 1.9, Avg: 1.9, Max: 1.9, Diff: 0.0, Sum: 11.3]
      [Termination (ms): Min: 0.0, Avg: 0.0, Max: 0.0, Diff: 0.0, Sum: 0.0]
         [Termination Attempts: Min: 1, Avg: 1.0, Max: 1, Diff: 0, Sum: 6]
      [GC Worker Other (ms): Min: 0.0, Avg: 0.1, Max: 0.1, Diff: 0.1, Sum: 0.5]
      [GC Worker Total (ms): Min: 2.5, Avg: 2.5, Max: 2.6, Diff: 0.1, Sum: 15.2]
      [GC Worker End (ms): Min: 90043.3, Avg: 90043.4, Max: 90043.4, Diff: 0.1]
   [Code Root Fixup: 0.0 ms]
   [Code Root Purge: 0.0 ms]
   [Clear CT: 0.6 ms]
   [Other: 1.0 ms]
      [Choose CSet: 0.0 ms]
      [Ref Proc: 0.1 ms]
      [Ref Enq: 0.0 ms]
      [Redirty Cards: 0.1 ms]
      [Humongous Register: 0.0 ms]
      [Humongous Reclaim: 0.0 ms]
      [Free CSet: 0.7 ms]
   [Eden: 2444.0M(2444.0M)->0.0B(2444.0M) Survivors: 12288.0K->12288.0K Heap: 2473.4M(4096.0M)->30389.7K(4096.0M)]
 [Times: user=0.00 sys=0.00, real=0.00 secs] 
2024-10-12T18:53:59.756+0300: 90.045: Total time for which application threads were stopped: 0.0046188 seconds, Stopping threads took: 0.0001461 seconds
2024-10-12T18:54:00.540+0300: 90.827: Application time: 0.7822682 seconds
2024-10-12T18:54:00.540+0300: 90.828: [GC pause (G1 Evacuation Pause) (young), 0.0035901 secs]
   [Parallel Time: 2.0 ms, GC Workers: 6]
      [GC Worker Start (ms): Min: 90827.7, Avg: 90827.8, Max: 90827.8, Diff: 0.1]
      [Ext Root Scanning (ms): Min: 0.3, Avg: 0.3, Max: 0.3, Diff: 0.1, Sum: 1.9]
      [Update RS (ms): Min: 0.1, Avg: 0.1, Max: 0.1, Diff: 0.1, Sum: 0.6]
         [Processed Buffers: Min: 1, Avg: 2.2, Max: 4, Diff: 3, Sum: 13]
      [Scan RS (ms): Min: 0.1, Avg: 0.2, Max: 0.2, Diff: 0.0, Sum: 1.1]
      [Code Root Scanning (ms): Min: 0.0, Avg: 0.0, Max: 0.0, Diff: 0.0, Sum: 0.0]
      [Object Copy (ms): Min: 1.2, Avg: 1.2, Max: 1.3, Diff: 0.0, Sum: 7.4]
      [Termination (ms): Min: 0.0, Avg: 0.0, Max: 0.0, Diff: 0.0, Sum: 0.0]
         [Termination Attempts: Min: 1, Avg: 1.0, Max: 1, Diff: 0, Sum: 6]
      [GC Worker Other (ms): Min: 0.0, Avg: 0.1, Max: 0.1, Diff: 0.1, Sum: 0.5]
      [GC Worker Total (ms): Min: 1.9, Avg: 1.9, Max: 1.9, Diff: 0.1, Sum: 11.5]
      [GC Worker End (ms): Min: 90829.6, Avg: 90829.7, Max: 90829.7, Diff: 0.1]
   [Code Root Fixup: 0.0 ms]
   [Code Root Purge: 0.0 ms]
   [Clear CT: 0.5 ms]
   [Other: 1.0 ms]
      [Choose CSet: 0.0 ms]
      [Ref Proc: 0.1 ms]
      [Ref Enq: 0.0 ms]
      [Redirty Cards: 0.1 ms]
      [Humongous Register: 0.0 ms]
      [Humongous Reclaim: 0.0 ms]
      [Free CSet: 0.7 ms]
   [Eden: 2444.0M(2444.0M)->0.0B(2446.0M) Survivors: 12288.0K->10240.0K Heap: 2473.7M(4096.0M)->28344.2K(4096.0M)]
 [Times: user=0.00 sys=0.00, real=0.00 secs] 
2024-10-12T18:54:00.540+0300: 90.831: Total time for which application threads were stopped: 0.0040070 seconds, Stopping threads took: 0.0001962 seconds
2024-10-12T18:54:01.324+0300: 91.610: Application time: 0.7781844 seconds
2024-10-12T18:54:01.324+0300: 91.610: [GC pause (G1 Evacuation Pause) (young), 0.0039344 secs]
   [Parallel Time: 2.2 ms, GC Workers: 6]
      [GC Worker Start (ms): Min: 91610.0, Avg: 91610.1, Max: 91610.1, Diff: 0.1]
      [Ext Root Scanning (ms): Min: 0.3, Avg: 0.3, Max: 0.4, Diff: 0.1, Sum: 1.9]
      [Update RS (ms): Min: 0.1, Avg: 0.1, Max: 0.1, Diff: 0.1, Sum: 0.6]
         [Processed Buffers: Min: 1, Avg: 2.2, Max: 3, Diff: 2, Sum: 13]
      [Scan RS (ms): Min: 0.1, Avg: 0.2, Max: 0.2, Diff: 0.1, Sum: 1.0]
      [Code Root Scanning (ms): Min: 0.0, Avg: 0.0, Max: 0.0, Diff: 0.0, Sum: 0.0]
      [Object Copy (ms): Min: 1.4, Avg: 1.4, Max: 1.4, Diff: 0.0, Sum: 8.4]
      [Termination (ms): Min: 0.0, Avg: 0.0, Max: 0.0, Diff: 0.0, Sum: 0.0]
         [Termination Attempts: Min: 1, Avg: 1.0, Max: 1, Diff: 0, Sum: 6]
      [GC Worker Other (ms): Min: 0.0, Avg: 0.1, Max: 0.1, Diff: 0.1, Sum: 0.5]
      [GC Worker Total (ms): Min: 2.0, Avg: 2.1, Max: 2.1, Diff: 0.1, Sum: 12.5]
      [GC Worker End (ms): Min: 91612.1, Avg: 91612.1, Max: 91612.2, Diff: 0.1]
   [Code Root Fixup: 0.0 ms]
   [Code Root Purge: 0.0 ms]
   [Clear CT: 0.5 ms]
   [Other: 1.2 ms]
      [Choose CSet: 0.0 ms]
      [Ref Proc: 0.1 ms]
      [Ref Enq: 0.0 ms]
      [Redirty Cards: 0.1 ms]
      [Humongous Register: 0.1 ms]
      [Humongous Reclaim: 0.0 ms]
      [Free CSet: 0.7 ms]
   [Eden: 2446.0M(2446.0M)->0.0B(2444.0M) Survivors: 10240.0K->12288.0K Heap: 2473.7M(4096.0M)->30394.7K(4096.0M)]
 [Times: user=0.00 sys=0.00, real=0.00 secs] 
2024-10-12T18:54:01.324+0300: 91.614: Total time for which application threads were stopped: 0.0044238 seconds, Stopping threads took: 0.0002307 seconds
2024-10-12T18:54:02.110+0300: 92.393: Application time: 0.7792743 seconds
2024-10-12T18:54:02.110+0300: 92.394: [GC pause (G1 Evacuation Pause) (young), 0.0037770 secs]
   [Parallel Time: 2.2 ms, GC Workers: 6]
      [GC Worker Start (ms): Min: 92393.7, Avg: 92393.7, Max: 92393.7, Diff: 0.0]
      [Ext Root Scanning (ms): Min: 0.3, Avg: 0.3, Max: 0.4, Diff: 0.1, Sum: 2.0]
      [Update RS (ms): Min: 0.1, Avg: 0.1, Max: 0.1, Diff: 0.0, Sum: 0.6]
         [Processed Buffers: Min: 1, Avg: 2.2, Max: 3, Diff: 2, Sum: 13]
      [Scan RS (ms): Min: 0.2, Avg: 0.2, Max: 0.2, Diff: 0.0, Sum: 1.0]
      [Code Root Scanning (ms): Min: 0.0, Avg: 0.0, Max: 0.0, Diff: 0.0, Sum: 0.0]
      [Object Copy (ms): Min: 1.4, Avg: 1.4, Max: 1.4, Diff: 0.0, Sum: 8.4]
      [Termination (ms): Min: 0.0, Avg: 0.0, Max: 0.0, Diff: 0.0, Sum: 0.0]
         [Termination Attempts: Min: 1, Avg: 1.0, Max: 1, Diff: 0, Sum: 6]
      [GC Worker Other (ms): Min: 0.0, Avg: 0.1, Max: 0.1, Diff: 0.1, Sum: 0.5]
      [GC Worker Total (ms): Min: 2.0, Avg: 2.1, Max: 2.1, Diff: 0.1, Sum: 12.6]
      [GC Worker End (ms): Min: 92395.7, Avg: 92395.8, Max: 92395.8, Diff: 0.1]
   [Code Root Fixup: 0.0 ms]
   [Code Root Purge: 0.0 ms]
   [Clear CT: 0.5 ms]
   [Other: 1.1 ms]
      [Choose CSet: 0.0 ms]
      [Ref Proc: 0.1 ms]
      [Ref Enq: 0.0 ms]
      [Redirty Cards: 0.1 ms]
      [Humongous Register: 0.0 ms]
      [Humongous Reclaim: 0.0 ms]
      [Free CSet: 0.7 ms]
   [Eden: 2444.0M(2444.0M)->0.0B(2444.0M) Survivors: 12288.0K->12288.0K Heap: 2473.7M(4096.0M)->30397.2K(4096.0M)]
 [Times: user=0.00 sys=0.00, real=0.00 secs] 
2024-10-12T18:54:02.110+0300: 92.397: Total time for which application threads were stopped: 0.0042301 seconds, Stopping threads took: 0.0002277 seconds
2024-10-12T18:54:02.880+0300: 93.169: Application time: 0.7711542 seconds
2024-10-12T18:54:02.880+0300: 93.169: [GC pause (G1 Evacuation Pause) (young), 0.0033486 secs]
   [Parallel Time: 1.8 ms, GC Workers: 6]
      [GC Worker Start (ms): Min: 93169.0, Avg: 93169.1, Max: 93169.4, Diff: 0.4]
      [Ext Root Scanning (ms): Min: 0.0, Avg: 0.3, Max: 0.4, Diff: 0.4, Sum: 1.9]
      [Update RS (ms): Min: 0.1, Avg: 0.1, Max: 0.1, Diff: 0.1, Sum: 0.6]
         [Processed Buffers: Min: 1, Avg: 2.2, Max: 3, Diff: 2, Sum: 13]
      [Scan RS (ms): Min: 0.1, Avg: 0.2, Max: 0.2, Diff: 0.1, Sum: 1.0]
      [Code Root Scanning (ms): Min: 0.0, Avg: 0.0, Max: 0.0, Diff: 0.0, Sum: 0.0]
      [Object Copy (ms): Min: 0.9, Avg: 1.0, Max: 1.0, Diff: 0.1, Sum: 5.8]
      [Termination (ms): Min: 0.0, Avg: 0.0, Max: 0.0, Diff: 0.0, Sum: 0.0]
         [Termination Attempts: Min: 1, Avg: 1.0, Max: 1, Diff: 0, Sum: 6]
      [GC Worker Other (ms): Min: 0.0, Avg: 0.1, Max: 0.1, Diff: 0.1, Sum: 0.6]
      [GC Worker Total (ms): Min: 1.4, Avg: 1.7, Max: 1.8, Diff: 0.4, Sum: 9.9]
      [GC Worker End (ms): Min: 93170.7, Avg: 93170.7, Max: 93170.8, Diff: 0.1]
   [Code Root Fixup: 0.0 ms]
   [Code Root Purge: 0.0 ms]
   [Clear CT: 0.5 ms]
   [Other: 1.0 ms]
      [Choose CSet: 0.0 ms]
      [Ref Proc: 0.1 ms]
      [Ref Enq: 0.0 ms]
      [Redirty Cards: 0.1 ms]
      [Humongous Register: 0.0 ms]
      [Humongous Reclaim: 0.0 ms]
      [Free CSet: 0.6 ms]
   [Eden: 2444.0M(2444.0M)->0.0B(2444.0M) Survivors: 12288.0K->12288.0K Heap: 2473.7M(4096.0M)->29375.7K(4096.0M)]
 [Times: user=0.00 sys=0.00, real=0.00 secs] 
2024-10-12T18:54:02.880+0300: 93.172: Total time for which application threads were stopped: 0.0037307 seconds, Stopping threads took: 0.0001470 seconds
2024-10-12T18:54:03.664+0300: 93.955: Application time: 0.7830710 seconds
2024-10-12T18:54:03.664+0300: 93.956: [GC pause (G1 Evacuation Pause) (young), 0.0037270 secs]
   [Parallel Time: 2.0 ms, GC Workers: 6]
      [GC Worker Start (ms): Min: 93955.8, Avg: 93955.9, Max: 93956.2, Diff: 0.3]
      [Ext Root Scanning (ms): Min: 0.1, Avg: 0.3, Max: 0.4, Diff: 0.3, Sum: 1.9]
      [Update RS (ms): Min: 0.1, Avg: 0.1, Max: 0.1, Diff: 0.0, Sum: 0.6]
         [Processed Buffers: Min: 1, Avg: 2.2, Max: 4, Diff: 3, Sum: 13]
      [Scan RS (ms): Min: 0.2, Avg: 0.2, Max: 0.2, Diff: 0.0, Sum: 1.1]
      [Code Root Scanning (ms): Min: 0.0, Avg: 0.0, Max: 0.0, Diff: 0.0, Sum: 0.0]
      [Object Copy (ms): Min: 1.1, Avg: 1.2, Max: 1.2, Diff: 0.0, Sum: 6.9]
      [Termination (ms): Min: 0.0, Avg: 0.0, Max: 0.0, Diff: 0.0, Sum: 0.0]
         [Termination Attempts: Min: 1, Avg: 1.0, Max: 1, Diff: 0, Sum: 6]
      [GC Worker Other (ms): Min: 0.0, Avg: 0.1, Max: 0.1, Diff: 0.1, Sum: 0.6]
      [GC Worker Total (ms): Min: 1.6, Avg: 1.9, Max: 2.0, Diff: 0.3, Sum: 11.2]
      [GC Worker End (ms): Min: 93957.7, Avg: 93957.8, Max: 93957.8, Diff: 0.1]
   [Code Root Fixup: 0.0 ms]
   [Code Root Purge: 0.0 ms]
   [Clear CT: 0.5 ms]
   [Other: 1.2 ms]
      [Choose CSet: 0.0 ms]
      [Ref Proc: 0.1 ms]
      [Ref Enq: 0.0 ms]
      [Redirty Cards: 0.1 ms]
      [Humongous Register: 0.0 ms]
      [Humongous Reclaim: 0.0 ms]
      [Free CSet: 0.8 ms]
   [Eden: 2444.0M(2444.0M)->0.0B(2444.0M) Survivors: 12288.0K->12288.0K Heap: 2472.7M(4096.0M)->29834.1K(4096.0M)]
 [Times: user=0.00 sys=0.00, real=0.02 secs] 
2024-10-12T18:54:03.680+0300: 93.960: Total time for which application threads were stopped: 0.0041502 seconds, Stopping threads took: 0.0001999 seconds
2024-10-12T18:54:04.450+0300: 94.737: Application time: 0.7771257 seconds
2024-10-12T18:54:04.450+0300: 94.737: [GC pause (G1 Evacuation Pause) (young), 0.0030752 secs]
   [Parallel Time: 1.5 ms, GC Workers: 6]
      [GC Worker Start (ms): Min: 94737.1, Avg: 94737.1, Max: 94737.1, Diff: 0.1]
      [Ext Root Scanning (ms): Min: 0.3, Avg: 0.3, Max: 0.4, Diff: 0.1, Sum: 2.0]
      [Update RS (ms): Min: 0.1, Avg: 0.1, Max: 0.1, Diff: 0.0, Sum: 0.6]
         [Processed Buffers: Min: 1, Avg: 2.2, Max: 3, Diff: 2, Sum: 13]
      [Scan RS (ms): Min: 0.2, Avg: 0.2, Max: 0.2, Diff: 0.0, Sum: 1.0]
      [Code Root Scanning (ms): Min: 0.0, Avg: 0.0, Max: 0.0, Diff: 0.0, Sum: 0.0]
      [Object Copy (ms): Min: 0.7, Avg: 0.7, Max: 0.8, Diff: 0.0, Sum: 4.4]
      [Termination (ms): Min: 0.0, Avg: 0.0, Max: 0.0, Diff: 0.0, Sum: 0.0]
         [Termination Attempts: Min: 1, Avg: 2.3, Max: 3, Diff: 2, Sum: 14]
      [GC Worker Other (ms): Min: 0.0, Avg: 0.1, Max: 0.1, Diff: 0.1, Sum: 0.5]
      [GC Worker Total (ms): Min: 1.4, Avg: 1.4, Max: 1.5, Diff: 0.1, Sum: 8.5]
      [GC Worker End (ms): Min: 94738.5, Avg: 94738.5, Max: 94738.6, Diff: 0.1]
   [Code Root Fixup: 0.0 ms]
   [Code Root Purge: 0.0 ms]
   [Clear CT: 0.5 ms]
   [Other: 1.0 ms]
      [Choose CSet: 0.0 ms]
      [Ref Proc: 0.1 ms]
      [Ref Enq: 0.0 ms]
      [Redirty Cards: 0.1 ms]
      [Humongous Register: 0.0 ms]
      [Humongous Reclaim: 0.0 ms]
      [Free CSet: 0.7 ms]
   [Eden: 2444.0M(2444.0M)->0.0B(2448.0M) Survivors: 12288.0K->8192.0K Heap: 2473.1M(4096.0M)->25284.7K(4096.0M)]
 [Times: user=0.00 sys=0.00, real=0.00 secs] 
2024-10-12T18:54:04.450+0300: 94.740: Total time for which application threads were stopped: 0.0034638 seconds, Stopping threads took: 0.0001691 seconds
2024-10-12T18:54:05.235+0300: 95.522: Application time: 0.7813850 seconds
2024-10-12T18:54:05.235+0300: 95.522: [GC pause (G1 Evacuation Pause) (young), 0.0034716 secs]
   [Parallel Time: 1.8 ms, GC Workers: 6]
      [GC Worker Start (ms): Min: 95522.1, Avg: 95522.1, Max: 95522.1, Diff: 0.0]
      [Ext Root Scanning (ms): Min: 0.3, Avg: 0.3, Max: 0.4, Diff: 0.1, Sum: 2.1]
      [Update RS (ms): Min: 0.1, Avg: 0.1, Max: 0.1, Diff: 0.1, Sum: 0.6]
         [Processed Buffers: Min: 1, Avg: 2.2, Max: 3, Diff: 2, Sum: 13]
      [Scan RS (ms): Min: 0.2, Avg: 0.2, Max: 0.2, Diff: 0.0, Sum: 1.1]
      [Code Root Scanning (ms): Min: 0.0, Avg: 0.0, Max: 0.0, Diff: 0.0, Sum: 0.0]
      [Object Copy (ms): Min: 0.8, Avg: 0.8, Max: 0.8, Diff: 0.1, Sum: 4.8]
      [Termination (ms): Min: 0.0, Avg: 0.0, Max: 0.0, Diff: 0.0, Sum: 0.0]
         [Termination Attempts: Min: 1, Avg: 1.5, Max: 2, Diff: 1, Sum: 9]
      [GC Worker Other (ms): Min: 0.0, Avg: 0.1, Max: 0.2, Diff: 0.2, Sum: 0.8]
      [GC Worker Total (ms): Min: 1.5, Avg: 1.6, Max: 1.7, Diff: 0.2, Sum: 9.5]
      [GC Worker End (ms): Min: 95523.6, Avg: 95523.7, Max: 95523.8, Diff: 0.2]
   [Code Root Fixup: 0.0 ms]
   [Code Root Purge: 0.0 ms]
   [Clear CT: 0.5 ms]
   [Other: 1.2 ms]
      [Choose CSet: 0.0 ms]
      [Ref Proc: 0.1 ms]
      [Ref Enq: 0.0 ms]
      [Redirty Cards: 0.1 ms]
      [Humongous Register: 0.1 ms]
      [Humongous Reclaim: 0.0 ms]
      [Free CSet: 0.7 ms]
   [Eden: 2448.0M(2448.0M)->0.0B(2448.0M) Survivors: 8192.0K->8192.0K Heap: 2472.7M(4096.0M)->26195.2K(4096.0M)]
 [Times: user=0.00 sys=0.00, real=0.00 secs] 
2024-10-12T18:54:05.235+0300: 95.526: Total time for which application threads were stopped: 0.0039709 seconds, Stopping threads took: 0.0001967 seconds
2024-10-12T18:54:06.020+0300: 96.306: Application time: 0.7800834 seconds
2024-10-12T18:54:06.020+0300: 96.306: [GC pause (G1 Evacuation Pause) (young), 0.0033497 secs]
   [Parallel Time: 1.7 ms, GC Workers: 6]
      [GC Worker Start (ms): Min: 96306.0, Avg: 96306.1, Max: 96306.1, Diff: 0.0]
      [Ext Root Scanning (ms): Min: 0.3, Avg: 0.4, Max: 0.4, Diff: 0.1, Sum: 2.1]
      [Update RS (ms): Min: 0.0, Avg: 0.1, Max: 0.2, Diff: 0.2, Sum: 0.6]
         [Processed Buffers: Min: 0, Avg: 2.2, Max: 4, Diff: 4, Sum: 13]
      [Scan RS (ms): Min: 0.2, Avg: 0.2, Max: 0.2, Diff: 0.0, Sum: 1.1]
      [Code Root Scanning (ms): Min: 0.0, Avg: 0.0, Max: 0.0, Diff: 0.0, Sum: 0.0]
      [Object Copy (ms): Min: 0.8, Avg: 0.8, Max: 0.9, Diff: 0.1, Sum: 4.8]
      [Termination (ms): Min: 0.0, Avg: 0.0, Max: 0.0, Diff: 0.0, Sum: 0.0]
         [Termination Attempts: Min: 1, Avg: 1.0, Max: 1, Diff: 0, Sum: 6]
      [GC Worker Other (ms): Min: 0.0, Avg: 0.1, Max: 0.1, Diff: 0.1, Sum: 0.6]
      [GC Worker Total (ms): Min: 1.5, Avg: 1.6, Max: 1.6, Diff: 0.1, Sum: 9.3]
      [GC Worker End (ms): Min: 96307.6, Avg: 96307.6, Max: 96307.7, Diff: 0.1]
   [Code Root Fixup: 0.0 ms]
   [Code Root Purge: 0.0 ms]
   [Clear CT: 0.5 ms]
   [Other: 1.1 ms]
      [Choose CSet: 0.0 ms]
      [Ref Proc: 0.1 ms]
      [Ref Enq: 0.0 ms]
      [Redirty Cards: 0.1 ms]
      [Humongous Register: 0.1 ms]
      [Humongous Reclaim: 0.0 ms]
      [Free CSet: 0.6 ms]
   [Eden: 2448.0M(2448.0M)->0.0B(2446.0M) Survivors: 8192.0K->10240.0K Heap: 2473.6M(4096.0M)->27257.0K(4096.0M)]
 [Times: user=0.00 sys=0.00, real=0.00 secs] 
2024-10-12T18:54:06.020+0300: 96.309: Total time for which application threads were stopped: 0.0037770 seconds, Stopping threads took: 0.0001800 seconds
2024-10-12T18:54:06.789+0300: 97.081: Application time: 0.7719446 seconds
2024-10-12T18:54:06.789+0300: 97.082: [GC pause (G1 Evacuation Pause) (young), 0.0032666 secs]
   [Parallel Time: 1.7 ms, GC Workers: 6]
      [GC Worker Start (ms): Min: 97081.8, Avg: 97081.8, Max: 97081.8, Diff: 0.1]
      [Ext Root Scanning (ms): Min: 0.3, Avg: 0.4, Max: 0.4, Diff: 0.1, Sum: 2.3]
      [Update RS (ms): Min: 0.0, Avg: 0.1, Max: 0.1, Diff: 0.1, Sum: 0.6]
         [Processed Buffers: Min: 0, Avg: 2.2, Max: 3, Diff: 3, Sum: 13]
      [Scan RS (ms): Min: 0.2, Avg: 0.2, Max: 0.2, Diff: 0.0, Sum: 1.1]
      [Code Root Scanning (ms): Min: 0.0, Avg: 0.0, Max: 0.0, Diff: 0.0, Sum: 0.0]
      [Object Copy (ms): Min: 0.7, Avg: 0.8, Max: 0.8, Diff: 0.1, Sum: 4.6]
      [Termination (ms): Min: 0.0, Avg: 0.1, Max: 0.2, Diff: 0.2, Sum: 0.6]
         [Termination Attempts: Min: 1, Avg: 1.0, Max: 1, Diff: 0, Sum: 6]
      [GC Worker Other (ms): Min: 0.0, Avg: 0.0, Max: 0.0, Diff: 0.0, Sum: 0.1]
      [GC Worker Total (ms): Min: 1.5, Avg: 1.6, Max: 1.6, Diff: 0.1, Sum: 9.3]
      [GC Worker End (ms): Min: 97083.3, Avg: 97083.4, Max: 97083.4, Diff: 0.1]
   [Code Root Fixup: 0.0 ms]
   [Code Root Purge: 0.0 ms]
   [Clear CT: 0.5 ms]
   [Other: 1.1 ms]
      [Choose CSet: 0.0 ms]
      [Ref Proc: 0.1 ms]
      [Ref Enq: 0.0 ms]
      [Redirty Cards: 0.1 ms]
      [Humongous Register: 0.1 ms]
      [Humongous Reclaim: 0.0 ms]
      [Free CSet: 0.6 ms]
   [Eden: 2446.0M(2446.0M)->0.0B(2446.0M) Survivors: 10240.0K->10240.0K Heap: 2472.6M(4096.0M)->27254.2K(4096.0M)]
 [Times: user=0.02 sys=0.00, real=0.01 secs] 
2024-10-12T18:54:06.804+0300: 97.085: Total time for which application threads were stopped: 0.0036864 seconds, Stopping threads took: 0.0001919 seconds
2024-10-12T18:54:07.573+0300: 97.863: Application time: 0.7782391 seconds
2024-10-12T18:54:07.573+0300: 97.864: [GC pause (G1 Evacuation Pause) (young), 0.0033375 secs]
   [Parallel Time: 1.7 ms, GC Workers: 6]
      [GC Worker Start (ms): Min: 97863.7, Avg: 97863.8, Max: 97863.8, Diff: 0.1]
      [Ext Root Scanning (ms): Min: 0.3, Avg: 0.4, Max: 0.4, Diff: 0.1, Sum: 2.2]
      [Update RS (ms): Min: 0.1, Avg: 0.1, Max: 0.1, Diff: 0.1, Sum: 0.6]
         [Processed Buffers: Min: 1, Avg: 2.2, Max: 3, Diff: 2, Sum: 13]
      [Scan RS (ms): Min: 0.2, Avg: 0.2, Max: 0.2, Diff: 0.0, Sum: 1.0]
      [Code Root Scanning (ms): Min: 0.0, Avg: 0.0, Max: 0.0, Diff: 0.0, Sum: 0.0]
      [Object Copy (ms): Min: 0.8, Avg: 0.9, Max: 0.9, Diff: 0.1, Sum: 5.1]
      [Termination (ms): Min: 0.0, Avg: 0.0, Max: 0.0, Diff: 0.0, Sum: 0.0]
         [Termination Attempts: Min: 1, Avg: 1.0, Max: 1, Diff: 0, Sum: 6]
      [GC Worker Other (ms): Min: 0.0, Avg: 0.1, Max: 0.2, Diff: 0.1, Sum: 0.4]
      [GC Worker Total (ms): Min: 1.5, Avg: 1.6, Max: 1.7, Diff: 0.1, Sum: 9.5]
      [GC Worker End (ms): Min: 97865.3, Avg: 97865.3, Max: 97865.4, Diff: 0.1]
   [Code Root Fixup: 0.0 ms]
   [Code Root Purge: 0.0 ms]
   [Clear CT: 0.5 ms]
   [Other: 1.1 ms]
      [Choose CSet: 0.0 ms]
      [Ref Proc: 0.1 ms]
      [Ref Enq: 0.0 ms]
      [Redirty Cards: 0.1 ms]
      [Humongous Register: 0.1 ms]
      [Humongous Reclaim: 0.0 ms]
      [Free CSet: 0.7 ms]
   [Eden: 2446.0M(2446.0M)->0.0B(2446.0M) Survivors: 10240.0K->10240.0K Heap: 2472.6M(4096.0M)->27246.7K(4096.0M)]
 [Times: user=0.00 sys=0.00, real=0.00 secs] 
2024-10-12T18:54:07.573+0300: 97.867: Total time for which application threads were stopped: 0.0037912 seconds, Stopping threads took: 0.0002062 seconds
2024-10-12T18:54:08.359+0300: 98.643: Application time: 0.7762317 seconds
2024-10-12T18:54:08.359+0300: 98.644: [GC pause (G1 Evacuation Pause) (young), 0.0031904 secs]
   [Parallel Time: 1.6 ms, GC Workers: 6]
      [GC Worker Start (ms): Min: 98643.8, Avg: 98643.8, Max: 98643.8, Diff: 0.1]
      [Ext Root Scanning (ms): Min: 0.3, Avg: 0.3, Max: 0.4, Diff: 0.1, Sum: 2.0]
      [Update RS (ms): Min: 0.0, Avg: 0.1, Max: 0.2, Diff: 0.2, Sum: 0.6]
         [Processed Buffers: Min: 0, Avg: 2.2, Max: 4, Diff: 4, Sum: 13]
      [Scan RS (ms): Min: 0.1, Avg: 0.2, Max: 0.2, Diff: 0.1, Sum: 1.0]
      [Code Root Scanning (ms): Min: 0.0, Avg: 0.0, Max: 0.0, Diff: 0.0, Sum: 0.0]
      [Object Copy (ms): Min: 0.7, Avg: 0.8, Max: 0.9, Diff: 0.2, Sum: 4.6]
      [Termination (ms): Min: 0.0, Avg: 0.0, Max: 0.0, Diff: 0.0, Sum: 0.0]
         [Termination Attempts: Min: 1, Avg: 1.0, Max: 1, Diff: 0, Sum: 6]
      [GC Worker Other (ms): Min: 0.0, Avg: 0.1, Max: 0.2, Diff: 0.2, Sum: 0.7]
      [GC Worker Total (ms): Min: 1.4, Avg: 1.5, Max: 1.5, Diff: 0.1, Sum: 8.9]
      [GC Worker End (ms): Min: 98645.2, Avg: 98645.3, Max: 98645.3, Diff: 0.2]
   [Code Root Fixup: 0.0 ms]
   [Code Root Purge: 0.0 ms]
   [Clear CT: 0.5 ms]
   [Other: 1.1 ms]
      [Choose CSet: 0.0 ms]
      [Ref Proc: 0.1 ms]
      [Ref Enq: 0.0 ms]
      [Redirty Cards: 0.1 ms]
      [Humongous Register: 0.0 ms]
      [Humongous Reclaim: 0.0 ms]
      [Free CSet: 0.6 ms]
   [Eden: 2446.0M(2446.0M)->0.0B(2448.0M) Survivors: 10240.0K->8192.0K Heap: 2472.6M(4096.0M)->26180.6K(4096.0M)]
 [Times: user=0.00 sys=0.00, real=0.00 secs] 
2024-10-12T18:54:08.359+0300: 98.647: Total time for which application threads were stopped: 0.0036685 seconds, Stopping threads took: 0.0002252 seconds
2024-10-12T18:54:09.144+0300: 99.427: Application time: 0.7795637 seconds
2024-10-12T18:54:09.144+0300: 99.427: [GC pause (G1 Evacuation Pause) (young), 0.0032765 secs]
   [Parallel Time: 1.8 ms, GC Workers: 6]
      [GC Worker Start (ms): Min: 99427.0, Avg: 99427.0, Max: 99427.0, Diff: 0.0]
      [Ext Root Scanning (ms): Min: 0.3, Avg: 0.3, Max: 0.4, Diff: 0.0, Sum: 2.0]
      [Update RS (ms): Min: 0.1, Avg: 0.1, Max: 0.1, Diff: 0.0, Sum: 0.6]
         [Processed Buffers: Min: 1, Avg: 2.2, Max: 4, Diff: 3, Sum: 13]
      [Scan RS (ms): Min: 0.2, Avg: 0.2, Max: 0.2, Diff: 0.0, Sum: 1.1]
      [Code Root Scanning (ms): Min: 0.0, Avg: 0.0, Max: 0.0, Diff: 0.0, Sum: 0.0]
      [Object Copy (ms): Min: 0.1, Avg: 0.8, Max: 1.0, Diff: 0.9, Sum: 4.9]
      [Termination (ms): Min: 0.0, Avg: 0.0, Max: 0.0, Diff: 0.0, Sum: 0.0]
         [Termination Attempts: Min: 1, Avg: 1.7, Max: 3, Diff: 2, Sum: 10]
      [GC Worker Other (ms): Min: 0.1, Avg: 0.2, Max: 0.9, Diff: 0.8, Sum: 1.3]
      [GC Worker Total (ms): Min: 1.6, Avg: 1.7, Max: 1.7, Diff: 0.1, Sum: 10.0]
      [GC Worker End (ms): Min: 99428.6, Avg: 99428.7, Max: 99428.7, Diff: 0.1]
   [Code Root Fixup: 0.0 ms]
   [Code Root Purge: 0.0 ms]
   [Clear CT: 0.5 ms]
   [Other: 1.0 ms]
      [Choose CSet: 0.0 ms]
      [Ref Proc: 0.1 ms]
      [Ref Enq: 0.0 ms]
      [Redirty Cards: 0.1 ms]
      [Humongous Register: 0.0 ms]
      [Humongous Reclaim: 0.0 ms]
      [Free CSet: 0.6 ms]
   [Eden: 2448.0M(2448.0M)->0.0B(2446.0M) Survivors: 8192.0K->10240.0K Heap: 2473.6M(4096.0M)->28194.5K(4096.0M)]
 [Times: user=0.00 sys=0.00, real=0.00 secs] 
2024-10-12T18:54:09.144+0300: 99.430: Total time for which application threads were stopped: 0.0037134 seconds, Stopping threads took: 0.0002081 seconds
2024-10-12T18:54:09.929+0300: 100.210: Application time: 0.7798940 seconds
2024-10-12T18:54:09.929+0300: 100.210: [GC pause (G1 Evacuation Pause) (young), 0.0032050 secs]
   [Parallel Time: 1.5 ms, GC Workers: 6]
      [GC Worker Start (ms): Min: 100210.6, Avg: 100210.6, Max: 100210.6, Diff: 0.0]
      [Ext Root Scanning (ms): Min: 0.3, Avg: 0.3, Max: 0.3, Diff: 0.0, Sum: 1.9]
      [Update RS (ms): Min: 0.1, Avg: 0.1, Max: 0.1, Diff: 0.0, Sum: 0.6]
         [Processed Buffers: Min: 1, Avg: 2.2, Max: 3, Diff: 2, Sum: 13]
      [Scan RS (ms): Min: 0.1, Avg: 0.2, Max: 0.2, Diff: 0.0, Sum: 1.0]
      [Code Root Scanning (ms): Min: 0.0, Avg: 0.0, Max: 0.0, Diff: 0.0, Sum: 0.0]
      [Object Copy (ms): Min: 0.7, Avg: 0.7, Max: 0.8, Diff: 0.1, Sum: 4.5]
      [Termination (ms): Min: 0.0, Avg: 0.0, Max: 0.0, Diff: 0.0, Sum: 0.0]
         [Termination Attempts: Min: 1, Avg: 1.3, Max: 3, Diff: 2, Sum: 8]
      [GC Worker Other (ms): Min: 0.0, Avg: 0.1, Max: 0.1, Diff: 0.1, Sum: 0.5]
      [GC Worker Total (ms): Min: 1.3, Avg: 1.4, Max: 1.5, Diff: 0.1, Sum: 8.4]
      [GC Worker End (ms): Min: 100211.9, Avg: 100212.0, Max: 100212.0, Diff: 0.1]
   [Code Root Fixup: 0.0 ms]
   [Code Root Purge: 0.0 ms]
   [Clear CT: 0.5 ms]
   [Other: 1.1 ms]
      [Choose CSet: 0.0 ms]
      [Ref Proc: 0.1 ms]
      [Ref Enq: 0.0 ms]
      [Redirty Cards: 0.1 ms]
      [Humongous Register: 0.1 ms]
      [Humongous Reclaim: 0.0 ms]
      [Free CSet: 0.6 ms]
   [Eden: 2446.0M(2446.0M)->0.0B(2448.0M) Survivors: 10240.0K->8192.0K Heap: 2473.5M(4096.0M)->25221.8K(4096.0M)]
 [Times: user=0.00 sys=0.00, real=0.00 secs] 
2024-10-12T18:54:09.929+0300: 100.214: Total time for which application threads were stopped: 0.0035969 seconds, Stopping threads took: 0.0001530 seconds
2024-10-12T18:54:10.698+0300: 100.985: Application time: 0.7715614 seconds
2024-10-12T18:54:10.698+0300: 100.986: [GC pause (G1 Evacuation Pause) (young), 0.0032177 secs]
   [Parallel Time: 1.6 ms, GC Workers: 6]
      [GC Worker Start (ms): Min: 100985.7, Avg: 100985.8, Max: 100985.8, Diff: 0.1]
      [Ext Root Scanning (ms): Min: 0.3, Avg: 0.3, Max: 0.4, Diff: 0.1, Sum: 2.1]
      [Update RS (ms): Min: 0.1, Avg: 0.1, Max: 0.1, Diff: 0.0, Sum: 0.6]
         [Processed Buffers: Min: 1, Avg: 2.2, Max: 3, Diff: 2, Sum: 13]
      [Scan RS (ms): Min: 0.1, Avg: 0.2, Max: 0.2, Diff: 0.1, Sum: 1.0]
      [Code Root Scanning (ms): Min: 0.0, Avg: 0.0, Max: 0.0, Diff: 0.0, Sum: 0.0]
      [Object Copy (ms): Min: 0.8, Avg: 0.8, Max: 0.8, Diff: 0.1, Sum: 4.8]
      [Termination (ms): Min: 0.0, Avg: 0.0, Max: 0.0, Diff: 0.0, Sum: 0.0]
         [Termination Attempts: Min: 1, Avg: 1.0, Max: 1, Diff: 0, Sum: 6]
      [GC Worker Other (ms): Min: 0.0, Avg: 0.1, Max: 0.1, Diff: 0.1, Sum: 0.5]
      [GC Worker Total (ms): Min: 1.4, Avg: 1.5, Max: 1.6, Diff: 0.1, Sum: 9.0]
      [GC Worker End (ms): Min: 100987.2, Avg: 100987.3, Max: 100987.3, Diff: 0.1]
   [Code Root Fixup: 0.0 ms]
   [Code Root Purge: 0.0 ms]
   [Clear CT: 0.5 ms]
   [Other: 1.1 ms]
      [Choose CSet: 0.0 ms]
      [Ref Proc: 0.1 ms]
      [Ref Enq: 0.0 ms]
      [Redirty Cards: 0.1 ms]
      [Humongous Register: 0.0 ms]
      [Humongous Reclaim: 0.0 ms]
      [Free CSet: 0.7 ms]
   [Eden: 2448.0M(2448.0M)->0.0B(2444.0M) Survivors: 8192.0K->12288.0K Heap: 2472.6M(4096.0M)->29295.0K(4096.0M)]
 [Times: user=0.00 sys=0.00, real=0.00 secs] 
2024-10-12T18:54:10.698+0300: 100.989: Total time for which application threads were stopped: 0.0036504 seconds, Stopping threads took: 0.0001916 seconds
2024-10-12T18:54:11.483+0300: 101.767: Application time: 0.7777958 seconds
2024-10-12T18:54:11.483+0300: 101.767: [GC pause (G1 Evacuation Pause) (young), 0.0030152 secs]
   [Parallel Time: 1.5 ms, GC Workers: 6]
      [GC Worker Start (ms): Min: 101767.1, Avg: 101767.1, Max: 101767.2, Diff: 0.1]
      [Ext Root Scanning (ms): Min: 0.3, Avg: 0.3, Max: 0.4, Diff: 0.1, Sum: 1.9]
      [Update RS (ms): Min: 0.1, Avg: 0.1, Max: 0.1, Diff: 0.0, Sum: 0.6]
         [Processed Buffers: Min: 1, Avg: 2.2, Max: 3, Diff: 2, Sum: 13]
      [Scan RS (ms): Min: 0.1, Avg: 0.2, Max: 0.2, Diff: 0.0, Sum: 1.0]
      [Code Root Scanning (ms): Min: 0.0, Avg: 0.0, Max: 0.0, Diff: 0.0, Sum: 0.0]
      [Object Copy (ms): Min: 0.7, Avg: 0.7, Max: 0.8, Diff: 0.1, Sum: 4.4]
      [Termination (ms): Min: 0.0, Avg: 0.0, Max: 0.0, Diff: 0.0, Sum: 0.0]
         [Termination Attempts: Min: 1, Avg: 1.0, Max: 1, Diff: 0, Sum: 6]
      [GC Worker Other (ms): Min: 0.0, Avg: 0.1, Max: 0.1, Diff: 0.1, Sum: 0.5]
      [GC Worker Total (ms): Min: 1.4, Avg: 1.4, Max: 1.4, Diff: 0.1, Sum: 8.4]
      [GC Worker End (ms): Min: 101768.5, Avg: 101768.5, Max: 101768.6, Diff: 0.1]
   [Code Root Fixup: 0.0 ms]
   [Code Root Purge: 0.0 ms]
   [Clear CT: 0.5 ms]
   [Other: 1.0 ms]
      [Choose CSet: 0.0 ms]
      [Ref Proc: 0.1 ms]
      [Ref Enq: 0.0 ms]
      [Redirty Cards: 0.1 ms]
      [Humongous Register: 0.0 ms]
      [Humongous Reclaim: 0.0 ms]
      [Free CSet: 0.6 ms]
   [Eden: 2444.0M(2444.0M)->0.0B(2448.0M) Survivors: 12288.0K->8192.0K Heap: 2472.6M(4096.0M)->26057.8K(4096.0M)]
 [Times: user=0.00 sys=0.00, real=0.00 secs] 
2024-10-12T18:54:11.483+0300: 101.770: Total time for which application threads were stopped: 0.0033670 seconds, Stopping threads took: 0.0001402 seconds
2024-10-12T18:54:12.269+0300: 102.548: Application time: 0.7779420 seconds
2024-10-12T18:54:12.269+0300: 102.548: [GC pause (G1 Evacuation Pause) (young), 0.0040072 secs]
   [Parallel Time: 2.3 ms, GC Workers: 6]
      [GC Worker Start (ms): Min: 102548.5, Avg: 102548.5, Max: 102548.5, Diff: 0.1]
      [Ext Root Scanning (ms): Min: 0.3, Avg: 0.3, Max: 0.4, Diff: 0.0, Sum: 1.9]
      [Update RS (ms): Min: 0.1, Avg: 0.1, Max: 0.2, Diff: 0.1, Sum: 0.6]
         [Processed Buffers: Min: 1, Avg: 2.2, Max: 4, Diff: 3, Sum: 13]
      [Scan RS (ms): Min: 0.1, Avg: 0.2, Max: 0.2, Diff: 0.1, Sum: 1.0]
      [Code Root Scanning (ms): Min: 0.0, Avg: 0.0, Max: 0.0, Diff: 0.0, Sum: 0.0]
      [Object Copy (ms): Min: 1.4, Avg: 1.4, Max: 1.4, Diff: 0.0, Sum: 8.3]
      [Termination (ms): Min: 0.0, Avg: 0.0, Max: 0.0, Diff: 0.0, Sum: 0.0]
         [Termination Attempts: Min: 1, Avg: 1.2, Max: 2, Diff: 1, Sum: 7]
      [GC Worker Other (ms): Min: 0.0, Avg: 0.1, Max: 0.1, Diff: 0.1, Sum: 0.4]
      [GC Worker Total (ms): Min: 2.0, Avg: 2.1, Max: 2.1, Diff: 0.1, Sum: 12.3]
      [GC Worker End (ms): Min: 102550.5, Avg: 102550.5, Max: 102550.6, Diff: 0.1]
   [Code Root Fixup: 0.0 ms]
   [Code Root Purge: 0.0 ms]
   [Clear CT: 0.5 ms]
   [Other: 1.2 ms]
      [Choose CSet: 0.0 ms]
      [Ref Proc: 0.1 ms]
      [Ref Enq: 0.0 ms]
      [Redirty Cards: 0.1 ms]
      [Humongous Register: 0.1 ms]
      [Humongous Reclaim: 0.0 ms]
      [Free CSet: 0.8 ms]
   [Eden: 2448.0M(2448.0M)->0.0B(2442.0M) Survivors: 8192.0K->14336.0K Heap: 2473.4M(4096.0M)->31288.1K(4096.0M)]
 [Times: user=0.00 sys=0.00, real=0.00 secs] 
2024-10-12T18:54:12.269+0300: 102.553: Total time for which application threads were stopped: 0.0044004 seconds, Stopping threads took: 0.0001374 seconds
2024-10-12T18:54:13.038+0300: 103.324: Application time: 0.7715685 seconds
2024-10-12T18:54:13.038+0300: 103.324: [GC pause (G1 Evacuation Pause) (young), 0.0036609 secs]
   [Parallel Time: 1.9 ms, GC Workers: 6]
      [GC Worker Start (ms): Min: 103324.5, Avg: 103324.6, Max: 103324.9, Diff: 0.4]
      [Ext Root Scanning (ms): Min: 0.0, Avg: 0.3, Max: 0.4, Diff: 0.4, Sum: 1.7]
      [Update RS (ms): Min: 0.0, Avg: 0.1, Max: 0.1, Diff: 0.1, Sum: 0.6]
         [Processed Buffers: Min: 0, Avg: 2.2, Max: 4, Diff: 4, Sum: 13]
      [Scan RS (ms): Min: 0.0, Avg: 0.2, Max: 0.2, Diff: 0.2, Sum: 0.9]
      [Code Root Scanning (ms): Min: 0.0, Avg: 0.0, Max: 0.0, Diff: 0.0, Sum: 0.0]
      [Object Copy (ms): Min: 1.0, Avg: 1.1, Max: 1.3, Diff: 0.3, Sum: 6.4]
      [Termination (ms): Min: 0.0, Avg: 0.0, Max: 0.0, Diff: 0.0, Sum: 0.0]
         [Termination Attempts: Min: 1, Avg: 1.2, Max: 2, Diff: 1, Sum: 7]
      [GC Worker Other (ms): Min: 0.0, Avg: 0.1, Max: 0.1, Diff: 0.1, Sum: 0.5]
      [GC Worker Total (ms): Min: 1.3, Avg: 1.7, Max: 1.8, Diff: 0.5, Sum: 10.2]
      [GC Worker End (ms): Min: 103326.2, Avg: 103326.3, Max: 103326.3, Diff: 0.1]
   [Code Root Fixup: 0.0 ms]
   [Code Root Purge: 0.0 ms]
   [Clear CT: 0.6 ms]
   [Other: 1.1 ms]
      [Choose CSet: 0.0 ms]
      [Ref Proc: 0.2 ms]
      [Ref Enq: 0.0 ms]
      [Redirty Cards: 0.1 ms]
      [Humongous Register: 0.0 ms]
      [Humongous Reclaim: 0.0 ms]
      [Free CSet: 0.7 ms]
   [Eden: 2442.0M(2442.0M)->0.0B(2446.0M) Survivors: 14336.0K->10240.0K Heap: 2472.6M(4096.0M)->28386.2K(4096.0M)]
 [Times: user=0.00 sys=0.00, real=0.00 secs] 
2024-10-12T18:54:13.038+0300: 103.328: Total time for which application threads were stopped: 0.0040796 seconds, Stopping threads took: 0.0001755 seconds
2024-10-12T18:54:13.807+0300: 104.098: Application time: 0.7702323 seconds
2024-10-12T18:54:13.807+0300: 104.099: [GC pause (G1 Evacuation Pause) (young), 0.0030835 secs]
   [Parallel Time: 1.6 ms, GC Workers: 6]
      [GC Worker Start (ms): Min: 104098.7, Avg: 104098.7, Max: 104098.8, Diff: 0.1]
      [Ext Root Scanning (ms): Min: 0.3, Avg: 0.3, Max: 0.4, Diff: 0.1, Sum: 2.0]
      [Update RS (ms): Min: 0.1, Avg: 0.1, Max: 0.1, Diff: 0.0, Sum: 0.6]
         [Processed Buffers: Min: 1, Avg: 2.2, Max: 4, Diff: 3, Sum: 13]
      [Scan RS (ms): Min: 0.2, Avg: 0.2, Max: 0.2, Diff: 0.0, Sum: 1.1]
      [Code Root Scanning (ms): Min: 0.0, Avg: 0.0, Max: 0.0, Diff: 0.0, Sum: 0.0]
      [Object Copy (ms): Min: 0.8, Avg: 0.8, Max: 0.8, Diff: 0.1, Sum: 4.8]
      [Termination (ms): Min: 0.0, Avg: 0.0, Max: 0.0, Diff: 0.0, Sum: 0.0]
         [Termination Attempts: Min: 1, Avg: 1.0, Max: 1, Diff: 0, Sum: 6]
      [GC Worker Other (ms): Min: 0.0, Avg: 0.1, Max: 0.1, Diff: 0.1, Sum: 0.5]
      [GC Worker Total (ms): Min: 1.5, Avg: 1.5, Max: 1.5, Diff: 0.1, Sum: 9.0]
      [GC Worker End (ms): Min: 104100.2, Avg: 104100.2, Max: 104100.3, Diff: 0.1]
   [Code Root Fixup: 0.0 ms]
   [Code Root Purge: 0.0 ms]
   [Clear CT: 0.5 ms]
   [Other: 1.0 ms]
      [Choose CSet: 0.0 ms]
      [Ref Proc: 0.1 ms]
      [Ref Enq: 0.0 ms]
      [Redirty Cards: 0.1 ms]
      [Humongous Register: 0.0 ms]
      [Humongous Reclaim: 0.0 ms]
      [Free CSet: 0.6 ms]
   [Eden: 2446.0M(2446.0M)->0.0B(2448.0M) Survivors: 10240.0K->8192.0K Heap: 2473.7M(4096.0M)->25316.7K(4096.0M)]
 [Times: user=0.00 sys=0.00, real=0.02 secs] 
2024-10-12T18:54:13.823+0300: 104.102: Total time for which application threads were stopped: 0.0034399 seconds, Stopping threads took: 0.0001221 seconds
2024-10-12T18:54:14.592+0300: 104.882: Application time: 0.7806335 seconds
2024-10-12T18:54:14.592+0300: 104.883: [GC pause (G1 Evacuation Pause) (young), 0.0043621 secs]
   [Parallel Time: 2.8 ms, GC Workers: 6]
      [GC Worker Start (ms): Min: 104882.8, Avg: 104882.9, Max: 104882.9, Diff: 0.1]
      [Ext Root Scanning (ms): Min: 0.3, Avg: 0.3, Max: 0.4, Diff: 0.1, Sum: 2.0]
      [Update RS (ms): Min: 0.0, Avg: 0.1, Max: 0.2, Diff: 0.2, Sum: 0.6]
         [Processed Buffers: Min: 0, Avg: 2.2, Max: 4, Diff: 4, Sum: 13]
      [Scan RS (ms): Min: 0.1, Avg: 0.2, Max: 0.2, Diff: 0.2, Sum: 1.2]
      [Code Root Scanning (ms): Min: 0.0, Avg: 0.0, Max: 0.0, Diff: 0.0, Sum: 0.0]
      [Object Copy (ms): Min: 1.8, Avg: 1.9, Max: 2.1, Diff: 0.3, Sum: 11.4]
      [Termination (ms): Min: 0.0, Avg: 0.0, Max: 0.0, Diff: 0.0, Sum: 0.0]
         [Termination Attempts: Min: 1, Avg: 1.0, Max: 1, Diff: 0, Sum: 6]
      [GC Worker Other (ms): Min: 0.0, Avg: 0.1, Max: 0.1, Diff: 0.1, Sum: 0.6]
      [GC Worker Total (ms): Min: 2.6, Avg: 2.6, Max: 2.7, Diff: 0.1, Sum: 15.8]
      [GC Worker End (ms): Min: 104885.4, Avg: 104885.5, Max: 104885.5, Diff: 0.1]
   [Code Root Fixup: 0.0 ms]
   [Code Root Purge: 0.0 ms]
   [Clear CT: 0.5 ms]
   [Other: 1.1 ms]
      [Choose CSet: 0.0 ms]
      [Ref Proc: 0.1 ms]
      [Ref Enq: 0.0 ms]
      [Redirty Cards: 0.1 ms]
      [Humongous Register: 0.0 ms]
      [Humongous Reclaim: 0.0 ms]
      [Free CSet: 0.7 ms]
   [Eden: 2448.0M(2448.0M)->0.0B(2444.0M) Survivors: 8192.0K->12288.0K Heap: 2472.7M(4096.0M)->30420.3K(4096.0M)]
 [Times: user=0.00 sys=0.00, real=0.02 secs] 
2024-10-12T18:54:14.608+0300: 104.887: Total time for which application threads were stopped: 0.0047537 seconds, Stopping threads took: 0.0001806 seconds
2024-10-12T18:54:15.377+0300: 105.669: Application time: 0.7821277 seconds
2024-10-12T18:54:15.377+0300: 105.670: [GC pause (G1 Evacuation Pause) (young), 0.0040525 secs]
   [Parallel Time: 2.3 ms, GC Workers: 6]
      [GC Worker Start (ms): Min: 105669.7, Avg: 105669.8, Max: 105670.0, Diff: 0.2]
      [Ext Root Scanning (ms): Min: 0.2, Avg: 0.3, Max: 0.4, Diff: 0.2, Sum: 2.0]
      [Update RS (ms): Min: 0.1, Avg: 0.1, Max: 0.1, Diff: 0.1, Sum: 0.6]
         [Processed Buffers: Min: 1, Avg: 2.2, Max: 4, Diff: 3, Sum: 13]
      [Scan RS (ms): Min: 0.1, Avg: 0.2, Max: 0.2, Diff: 0.1, Sum: 1.1]
      [Code Root Scanning (ms): Min: 0.0, Avg: 0.0, Max: 0.0, Diff: 0.0, Sum: 0.0]
      [Object Copy (ms): Min: 1.4, Avg: 1.4, Max: 1.4, Diff: 0.1, Sum: 8.5]
      [Termination (ms): Min: 0.0, Avg: 0.0, Max: 0.0, Diff: 0.0, Sum: 0.0]
         [Termination Attempts: Min: 1, Avg: 1.3, Max: 2, Diff: 1, Sum: 8]
      [GC Worker Other (ms): Min: 0.0, Avg: 0.1, Max: 0.1, Diff: 0.1, Sum: 0.5]
      [GC Worker Total (ms): Min: 1.9, Avg: 2.1, Max: 2.2, Diff: 0.3, Sum: 12.7]
      [GC Worker End (ms): Min: 105671.9, Avg: 105671.9, Max: 105672.0, Diff: 0.1]
   [Code Root Fixup: 0.0 ms]
   [Code Root Purge: 0.0 ms]
   [Clear CT: 0.7 ms]
   [Other: 1.1 ms]
      [Choose CSet: 0.0 ms]
      [Ref Proc: 0.1 ms]
      [Ref Enq: 0.0 ms]
      [Redirty Cards: 0.1 ms]
      [Humongous Register: 0.0 ms]
      [Humongous Reclaim: 0.0 ms]
      [Free CSet: 0.7 ms]
   [Eden: 2444.0M(2444.0M)->0.0B(2444.0M) Survivors: 12288.0K->12288.0K Heap: 2473.7M(4096.0M)->29417.7K(4096.0M)]
 [Times: user=0.01 sys=0.00, real=0.02 secs] 
2024-10-12T18:54:15.393+0300: 105.674: Total time for which application threads were stopped: 0.0044635 seconds, Stopping threads took: 0.0001529 seconds
2024-10-12T18:54:16.163+0300: 106.451: Application time: 0.7768314 seconds
2024-10-12T18:54:16.163+0300: 106.451: [GC pause (G1 Evacuation Pause) (young), 0.0045038 secs]
   [Parallel Time: 2.8 ms, GC Workers: 6]
      [GC Worker Start (ms): Min: 106451.1, Avg: 106451.1, Max: 106451.2, Diff: 0.0]
      [Ext Root Scanning (ms): Min: 0.3, Avg: 0.3, Max: 0.4, Diff: 0.0, Sum: 2.0]
      [Update RS (ms): Min: 0.1, Avg: 0.1, Max: 0.1, Diff: 0.0, Sum: 0.6]
         [Processed Buffers: Min: 1, Avg: 2.2, Max: 3, Diff: 2, Sum: 13]
      [Scan RS (ms): Min: 0.1, Avg: 0.2, Max: 0.2, Diff: 0.1, Sum: 1.0]
      [Code Root Scanning (ms): Min: 0.0, Avg: 0.0, Max: 0.0, Diff: 0.0, Sum: 0.0]
      [Object Copy (ms): Min: 1.8, Avg: 1.9, Max: 1.9, Diff: 0.0, Sum: 11.2]
      [Termination (ms): Min: 0.0, Avg: 0.0, Max: 0.0, Diff: 0.0, Sum: 0.0]
         [Termination Attempts: Min: 1, Avg: 1.0, Max: 1, Diff: 0, Sum: 6]
      [GC Worker Other (ms): Min: 0.0, Avg: 0.1, Max: 0.2, Diff: 0.1, Sum: 0.6]
      [GC Worker Total (ms): Min: 2.5, Avg: 2.6, Max: 2.6, Diff: 0.1, Sum: 15.4]
      [GC Worker End (ms): Min: 106453.6, Avg: 106453.7, Max: 106453.8, Diff: 0.1]
   [Code Root Fixup: 0.0 ms]
   [Code Root Purge: 0.0 ms]
   [Clear CT: 0.6 ms]
   [Other: 1.2 ms]
      [Choose CSet: 0.0 ms]
      [Ref Proc: 0.1 ms]
      [Ref Enq: 0.0 ms]
      [Redirty Cards: 0.1 ms]
      [Humongous Register: 0.0 ms]
      [Humongous Reclaim: 0.0 ms]
      [Free CSet: 0.7 ms]
   [Eden: 2444.0M(2444.0M)->0.0B(2444.0M) Survivors: 12288.0K->12288.0K Heap: 2472.7M(4096.0M)->30446.2K(4096.0M)]
 [Times: user=0.00 sys=0.00, real=0.00 secs] 
2024-10-12T18:54:16.163+0300: 106.456: Total time for which application threads were stopped: 0.0050028 seconds, Stopping threads took: 0.0002464 seconds
2024-10-12T18:54:16.948+0300: 107.233: Application time: 0.7769887 seconds
2024-10-12T18:54:16.948+0300: 107.233: [GC pause (G1 Evacuation Pause) (young), 0.0042603 secs]
   [Parallel Time: 2.5 ms, GC Workers: 6]
      [GC Worker Start (ms): Min: 107233.1, Avg: 107233.1, Max: 107233.1, Diff: 0.0]
      [Ext Root Scanning (ms): Min: 0.3, Avg: 0.3, Max: 0.3, Diff: 0.0, Sum: 1.9]
      [Update RS (ms): Min: 0.1, Avg: 0.1, Max: 0.1, Diff: 0.1, Sum: 0.6]
         [Processed Buffers: Min: 1, Avg: 2.2, Max: 3, Diff: 2, Sum: 13]
      [Scan RS (ms): Min: 0.1, Avg: 0.2, Max: 0.2, Diff: 0.1, Sum: 1.0]
      [Code Root Scanning (ms): Min: 0.0, Avg: 0.0, Max: 0.0, Diff: 0.0, Sum: 0.0]
      [Object Copy (ms): Min: 1.6, Avg: 1.6, Max: 1.6, Diff: 0.1, Sum: 9.7]
      [Termination (ms): Min: 0.0, Avg: 0.0, Max: 0.0, Diff: 0.0, Sum: 0.0]
         [Termination Attempts: Min: 1, Avg: 1.0, Max: 1, Diff: 0, Sum: 6]
      [GC Worker Other (ms): Min: 0.0, Avg: 0.1, Max: 0.2, Diff: 0.1, Sum: 0.5]
      [GC Worker Total (ms): Min: 2.3, Avg: 2.3, Max: 2.4, Diff: 0.1, Sum: 13.8]
      [GC Worker End (ms): Min: 107235.3, Avg: 107235.4, Max: 107235.5, Diff: 0.1]
   [Code Root Fixup: 0.0 ms]
   [Code Root Purge: 0.0 ms]
   [Clear CT: 0.6 ms]
   [Other: 1.2 ms]
      [Choose CSet: 0.0 ms]
      [Ref Proc: 0.2 ms]
      [Ref Enq: 0.0 ms]
      [Redirty Cards: 0.1 ms]
      [Humongous Register: 0.1 ms]
      [Humongous Reclaim: 0.0 ms]
      [Free CSet: 0.7 ms]
   [Eden: 2444.0M(2444.0M)->0.0B(2444.0M) Survivors: 12288.0K->12288.0K Heap: 2473.7M(4096.0M)->30448.7K(4096.0M)]
 [Times: user=0.00 sys=0.00, real=0.00 secs] 
2024-10-12T18:54:16.948+0300: 107.237: Total time for which application threads were stopped: 0.0046977 seconds, Stopping threads took: 0.0001924 seconds
2024-10-12T18:54:17.717+0300: 108.010: Application time: 0.7728919 seconds
2024-10-12T18:54:17.717+0300: 108.010: [GC pause (G1 Evacuation Pause) (young), 0.0033184 secs]
   [Parallel Time: 1.7 ms, GC Workers: 6]
      [GC Worker Start (ms): Min: 108010.6, Avg: 108010.6, Max: 108010.6, Diff: 0.1]
      [Ext Root Scanning (ms): Min: 0.3, Avg: 0.3, Max: 0.4, Diff: 0.1, Sum: 2.1]
      [Update RS (ms): Min: 0.0, Avg: 0.1, Max: 0.1, Diff: 0.1, Sum: 0.6]
         [Processed Buffers: Min: 0, Avg: 2.2, Max: 4, Diff: 4, Sum: 13]
      [Scan RS (ms): Min: 0.0, Avg: 0.2, Max: 0.2, Diff: 0.2, Sum: 1.0]
      [Code Root Scanning (ms): Min: 0.0, Avg: 0.0, Max: 0.0, Diff: 0.0, Sum: 0.0]
      [Object Copy (ms): Min: 0.9, Avg: 0.9, Max: 1.2, Diff: 0.3, Sum: 5.6]
      [Termination (ms): Min: 0.0, Avg: 0.0, Max: 0.0, Diff: 0.0, Sum: 0.0]
         [Termination Attempts: Min: 1, Avg: 1.0, Max: 1, Diff: 0, Sum: 6]
      [GC Worker Other (ms): Min: 0.0, Avg: 0.1, Max: 0.1, Diff: 0.1, Sum: 0.5]
      [GC Worker Total (ms): Min: 1.6, Avg: 1.6, Max: 1.7, Diff: 0.1, Sum: 9.8]
      [GC Worker End (ms): Min: 108012.2, Avg: 108012.2, Max: 108012.3, Diff: 0.1]
   [Code Root Fixup: 0.0 ms]
   [Code Root Purge: 0.0 ms]
   [Clear CT: 0.4 ms]
   [Other: 1.2 ms]
      [Choose CSet: 0.0 ms]
      [Ref Proc: 0.1 ms]
      [Ref Enq: 0.0 ms]
      [Redirty Cards: 0.1 ms]
      [Humongous Register: 0.0 ms]
      [Humongous Reclaim: 0.0 ms]
      [Free CSet: 0.7 ms]
   [Eden: 2444.0M(2444.0M)->0.0B(2446.0M) Survivors: 12288.0K->10240.0K Heap: 2473.7M(4096.0M)->28403.2K(4096.0M)]
 [Times: user=0.02 sys=0.00, real=0.02 secs] 
2024-10-12T18:54:17.732+0300: 108.014: Total time for which application threads were stopped: 0.0037136 seconds, Stopping threads took: 0.0001512 seconds
2024-10-12T18:54:18.502+0300: 108.792: Application time: 0.7781461 seconds
2024-10-12T18:54:18.502+0300: 108.792: [GC pause (G1 Evacuation Pause) (young), 0.0030423 secs]
   [Parallel Time: 1.6 ms, GC Workers: 6]
      [GC Worker Start (ms): Min: 108792.5, Avg: 108792.5, Max: 108792.6, Diff: 0.1]
      [Ext Root Scanning (ms): Min: 0.3, Avg: 0.3, Max: 0.4, Diff: 0.1, Sum: 2.0]
      [Update RS (ms): Min: 0.1, Avg: 0.1, Max: 0.1, Diff: 0.1, Sum: 0.6]
         [Processed Buffers: Min: 1, Avg: 2.2, Max: 3, Diff: 2, Sum: 13]
      [Scan RS (ms): Min: 0.1, Avg: 0.2, Max: 0.2, Diff: 0.1, Sum: 1.0]
      [Code Root Scanning (ms): Min: 0.0, Avg: 0.0, Max: 0.0, Diff: 0.0, Sum: 0.0]
      [Object Copy (ms): Min: 0.7, Avg: 0.7, Max: 0.8, Diff: 0.0, Sum: 4.5]
      [Termination (ms): Min: 0.0, Avg: 0.0, Max: 0.0, Diff: 0.0, Sum: 0.0]
         [Termination Attempts: Min: 1, Avg: 1.0, Max: 1, Diff: 0, Sum: 6]
      [GC Worker Other (ms): Min: 0.0, Avg: 0.1, Max: 0.1, Diff: 0.1, Sum: 0.4]
      [GC Worker Total (ms): Min: 1.4, Avg: 1.4, Max: 1.5, Diff: 0.1, Sum: 8.6]
      [GC Worker End (ms): Min: 108793.9, Avg: 108794.0, Max: 108794.0, Diff: 0.1]
   [Code Root Fixup: 0.0 ms]
   [Code Root Purge: 0.0 ms]
   [Clear CT: 0.5 ms]
   [Other: 1.0 ms]
      [Choose CSet: 0.0 ms]
      [Ref Proc: 0.1 ms]
      [Ref Enq: 0.0 ms]
      [Redirty Cards: 0.1 ms]
      [Humongous Register: 0.0 ms]
      [Humongous Reclaim: 0.0 ms]
      [Free CSet: 0.7 ms]
   [Eden: 2446.0M(2446.0M)->0.0B(2444.0M) Survivors: 10240.0K->12288.0K Heap: 2473.7M(4096.0M)->29825.5K(4096.0M)]
 [Times: user=0.00 sys=0.00, real=0.00 secs] 
2024-10-12T18:54:18.502+0300: 108.796: Total time for which application threads were stopped: 0.0034744 seconds, Stopping threads took: 0.0001745 seconds
2024-10-12T18:54:19.287+0300: 109.578: Application time: 0.7827287 seconds
2024-10-12T18:54:19.287+0300: 109.579: [GC pause (G1 Evacuation Pause) (young), 0.0031608 secs]
   [Parallel Time: 1.6 ms, GC Workers: 6]
      [GC Worker Start (ms): Min: 109578.7, Avg: 109578.7, Max: 109578.8, Diff: 0.1]
      [Ext Root Scanning (ms): Min: 0.3, Avg: 0.4, Max: 0.4, Diff: 0.1, Sum: 2.1]
      [Update RS (ms): Min: 0.1, Avg: 0.1, Max: 0.1, Diff: 0.1, Sum: 0.6]
         [Processed Buffers: Min: 1, Avg: 2.2, Max: 3, Diff: 2, Sum: 13]
      [Scan RS (ms): Min: 0.2, Avg: 0.2, Max: 0.2, Diff: 0.0, Sum: 1.1]
      [Code Root Scanning (ms): Min: 0.0, Avg: 0.0, Max: 0.0, Diff: 0.0, Sum: 0.0]
      [Object Copy (ms): Min: 0.7, Avg: 0.7, Max: 0.8, Diff: 0.1, Sum: 4.4]
      [Termination (ms): Min: 0.0, Avg: 0.0, Max: 0.0, Diff: 0.0, Sum: 0.0]
         [Termination Attempts: Min: 1, Avg: 1.0, Max: 1, Diff: 0, Sum: 6]
      [GC Worker Other (ms): Min: 0.0, Avg: 0.1, Max: 0.1, Diff: 0.1, Sum: 0.6]
      [GC Worker Total (ms): Min: 1.4, Avg: 1.5, Max: 1.5, Diff: 0.1, Sum: 8.9]
      [GC Worker End (ms): Min: 109580.1, Avg: 109580.2, Max: 109580.2, Diff: 0.1]
   [Code Root Fixup: 0.0 ms]
   [Code Root Purge: 0.0 ms]
   [Clear CT: 0.5 ms]
   [Other: 1.0 ms]
      [Choose CSet: 0.0 ms]
      [Ref Proc: 0.1 ms]
      [Ref Enq: 0.0 ms]
      [Redirty Cards: 0.1 ms]
      [Humongous Register: 0.1 ms]
      [Humongous Reclaim: 0.0 ms]
      [Free CSet: 0.7 ms]
   [Eden: 2444.0M(2444.0M)->0.0B(2444.0M) Survivors: 12288.0K->12288.0K Heap: 2473.1M(4096.0M)->29278.5K(4096.0M)]
 [Times: user=0.00 sys=0.00, real=0.00 secs] 
2024-10-12T18:54:19.287+0300: 109.582: Total time for which application threads were stopped: 0.0035506 seconds, Stopping threads took: 0.0001484 seconds
2024-10-12T18:54:20.072+0300: 110.361: Application time: 0.7791796 seconds
2024-10-12T18:54:20.072+0300: 110.361: [GC pause (G1 Evacuation Pause) (young), 0.0033276 secs]
   [Parallel Time: 1.7 ms, GC Workers: 6]
      [GC Worker Start (ms): Min: 110361.5, Avg: 110361.5, Max: 110361.5, Diff: 0.0]
      [Ext Root Scanning (ms): Min: 0.3, Avg: 0.3, Max: 0.4, Diff: 0.1, Sum: 2.0]
      [Update RS (ms): Min: 0.1, Avg: 0.1, Max: 0.1, Diff: 0.1, Sum: 0.6]
         [Processed Buffers: Min: 1, Avg: 2.2, Max: 4, Diff: 3, Sum: 13]
      [Scan RS (ms): Min: 0.1, Avg: 0.2, Max: 0.2, Diff: 0.1, Sum: 1.0]
      [Code Root Scanning (ms): Min: 0.0, Avg: 0.0, Max: 0.0, Diff: 0.0, Sum: 0.0]
      [Object Copy (ms): Min: 0.8, Avg: 0.8, Max: 0.9, Diff: 0.1, Sum: 5.0]
      [Termination (ms): Min: 0.0, Avg: 0.0, Max: 0.0, Diff: 0.0, Sum: 0.0]
         [Termination Attempts: Min: 1, Avg: 2.8, Max: 6, Diff: 5, Sum: 17]
      [GC Worker Other (ms): Min: 0.0, Avg: 0.1, Max: 0.1, Diff: 0.1, Sum: 0.5]
      [GC Worker Total (ms): Min: 1.5, Avg: 1.5, Max: 1.6, Diff: 0.1, Sum: 9.0]
      [GC Worker End (ms): Min: 110362.9, Avg: 110363.0, Max: 110363.1, Diff: 0.1]
   [Code Root Fixup: 0.0 ms]
   [Code Root Purge: 0.0 ms]
   [Clear CT: 0.6 ms]
   [Other: 1.1 ms]
      [Choose CSet: 0.0 ms]
      [Ref Proc: 0.1 ms]
      [Ref Enq: 0.0 ms]
      [Redirty Cards: 0.1 ms]
      [Humongous Register: 0.1 ms]
      [Humongous Reclaim: 0.0 ms]
      [Free CSet: 0.7 ms]
   [Eden: 2444.0M(2444.0M)->0.0B(2446.0M) Survivors: 12288.0K->10240.0K Heap: 2472.6M(4096.0M)->26929.7K(4096.0M)]
 [Times: user=0.00 sys=0.00, real=0.00 secs] 
2024-10-12T18:54:20.072+0300: 110.365: Total time for which application threads were stopped: 0.0037636 seconds, Stopping threads took: 0.0001788 seconds
2024-10-12T18:54:20.847+0300: 111.133: Application time: 0.7685057 seconds
2024-10-12T18:54:20.847+0300: 111.134: [GC pause (G1 Evacuation Pause) (young), 0.0032692 secs]
   [Parallel Time: 1.6 ms, GC Workers: 6]
      [GC Worker Start (ms): Min: 111133.7, Avg: 111133.7, Max: 111133.8, Diff: 0.1]
      [Ext Root Scanning (ms): Min: 0.3, Avg: 0.3, Max: 0.4, Diff: 0.1, Sum: 2.0]
      [Update RS (ms): Min: 0.1, Avg: 0.1, Max: 0.1, Diff: 0.0, Sum: 0.6]
         [Processed Buffers: Min: 1, Avg: 2.2, Max: 4, Diff: 3, Sum: 13]
      [Scan RS (ms): Min: 0.1, Avg: 0.2, Max: 0.2, Diff: 0.1, Sum: 1.0]
      [Code Root Scanning (ms): Min: 0.0, Avg: 0.0, Max: 0.0, Diff: 0.0, Sum: 0.0]
      [Object Copy (ms): Min: 0.7, Avg: 0.8, Max: 0.8, Diff: 0.1, Sum: 4.6]
      [Termination (ms): Min: 0.0, Avg: 0.0, Max: 0.0, Diff: 0.0, Sum: 0.0]
         [Termination Attempts: Min: 1, Avg: 1.0, Max: 1, Diff: 0, Sum: 6]
      [GC Worker Other (ms): Min: 0.0, Avg: 0.1, Max: 0.1, Diff: 0.1, Sum: 0.5]
      [GC Worker Total (ms): Min: 1.4, Avg: 1.5, Max: 1.5, Diff: 0.1, Sum: 8.8]
      [GC Worker End (ms): Min: 111135.2, Avg: 111135.2, Max: 111135.3, Diff: 0.1]
   [Code Root Fixup: 0.0 ms]
   [Code Root Purge: 0.0 ms]
   [Clear CT: 0.5 ms]
   [Other: 1.1 ms]
      [Choose CSet: 0.0 ms]
      [Ref Proc: 0.1 ms]
      [Ref Enq: 0.0 ms]
      [Redirty Cards: 0.1 ms]
      [Humongous Register: 0.0 ms]
      [Humongous Reclaim: 0.0 ms]
      [Free CSet: 0.8 ms]
   [Eden: 2446.0M(2446.0M)->0.0B(2446.0M) Survivors: 10240.0K->10240.0K Heap: 2472.3M(4096.0M)->28106.3K(4096.0M)]
 [Times: user=0.00 sys=0.00, real=0.01 secs] 
2024-10-12T18:54:20.857+0300: 111.137: Total time for which application threads were stopped: 0.0036935 seconds, Stopping threads took: 0.0001876 seconds
2024-10-12T18:54:21.626+0300: 111.913: Application time: 0.7755304 seconds
2024-10-12T18:54:21.626+0300: 111.913: [GC pause (G1 Evacuation Pause) (young), 0.0034535 secs]
   [Parallel Time: 1.9 ms, GC Workers: 6]
      [GC Worker Start (ms): Min: 111912.9, Avg: 111913.0, Max: 111913.0, Diff: 0.1]
      [Ext Root Scanning (ms): Min: 0.3, Avg: 0.3, Max: 0.4, Diff: 0.1, Sum: 2.0]
      [Update RS (ms): Min: 0.0, Avg: 0.1, Max: 0.1, Diff: 0.1, Sum: 0.6]
         [Processed Buffers: Min: 0, Avg: 2.2, Max: 5, Diff: 5, Sum: 13]
      [Scan RS (ms): Min: 0.0, Avg: 0.2, Max: 0.2, Diff: 0.2, Sum: 1.0]
      [Code Root Scanning (ms): Min: 0.0, Avg: 0.0, Max: 0.0, Diff: 0.0, Sum: 0.0]
      [Object Copy (ms): Min: 1.0, Avg: 1.1, Max: 1.3, Diff: 0.3, Sum: 6.6]
      [Termination (ms): Min: 0.0, Avg: 0.0, Max: 0.0, Diff: 0.0, Sum: 0.0]
         [Termination Attempts: Min: 1, Avg: 1.0, Max: 1, Diff: 0, Sum: 6]
      [GC Worker Other (ms): Min: 0.0, Avg: 0.1, Max: 0.1, Diff: 0.1, Sum: 0.5]
      [GC Worker Total (ms): Min: 1.7, Avg: 1.8, Max: 1.8, Diff: 0.1, Sum: 10.8]
      [GC Worker End (ms): Min: 111914.7, Avg: 111914.8, Max: 111914.8, Diff: 0.1]
   [Code Root Fixup: 0.0 ms]
   [Code Root Purge: 0.0 ms]
   [Clear CT: 0.5 ms]
   [Other: 1.0 ms]
      [Choose CSet: 0.0 ms]
      [Ref Proc: 0.1 ms]
      [Ref Enq: 0.0 ms]
      [Redirty Cards: 0.1 ms]
      [Humongous Register: 0.0 ms]
      [Humongous Reclaim: 0.0 ms]
      [Free CSet: 0.7 ms]
   [Eden: 2446.0M(2446.0M)->0.0B(2444.0M) Survivors: 10240.0K->12288.0K Heap: 2473.4M(4096.0M)->29353.2K(4096.0M)]
 [Times: user=0.00 sys=0.00, real=0.00 secs] 
2024-10-12T18:54:21.626+0300: 111.916: Total time for which application threads were stopped: 0.0038735 seconds, Stopping threads took: 0.0001951 seconds
2024-10-12T18:54:22.412+0300: 112.696: Application time: 0.7796487 seconds
2024-10-12T18:54:22.412+0300: 112.696: [GC pause (G1 Evacuation Pause) (young), 0.0030110 secs]
   [Parallel Time: 1.5 ms, GC Workers: 6]
      [GC Worker Start (ms): Min: 112696.5, Avg: 112696.5, Max: 112696.5, Diff: 0.0]
      [Ext Root Scanning (ms): Min: 0.3, Avg: 0.3, Max: 0.4, Diff: 0.0, Sum: 2.0]
      [Update RS (ms): Min: 0.1, Avg: 0.1, Max: 0.1, Diff: 0.1, Sum: 0.6]
         [Processed Buffers: Min: 1, Avg: 2.2, Max: 3, Diff: 2, Sum: 13]
      [Scan RS (ms): Min: 0.1, Avg: 0.2, Max: 0.2, Diff: 0.1, Sum: 1.0]
      [Code Root Scanning (ms): Min: 0.0, Avg: 0.0, Max: 0.0, Diff: 0.0, Sum: 0.0]
      [Object Copy (ms): Min: 0.7, Avg: 0.7, Max: 0.8, Diff: 0.1, Sum: 4.3]
      [Termination (ms): Min: 0.0, Avg: 0.0, Max: 0.0, Diff: 0.0, Sum: 0.0]
         [Termination Attempts: Min: 1, Avg: 1.0, Max: 1, Diff: 0, Sum: 6]
      [GC Worker Other (ms): Min: 0.0, Avg: 0.1, Max: 0.1, Diff: 0.1, Sum: 0.5]
      [GC Worker Total (ms): Min: 1.4, Avg: 1.4, Max: 1.4, Diff: 0.1, Sum: 8.4]
      [GC Worker End (ms): Min: 112697.9, Avg: 112697.9, Max: 112698.0, Diff: 0.1]
   [Code Root Fixup: 0.0 ms]
   [Code Root Purge: 0.0 ms]
   [Clear CT: 0.5 ms]
   [Other: 1.0 ms]
      [Choose CSet: 0.0 ms]
      [Ref Proc: 0.1 ms]
      [Ref Enq: 0.0 ms]
      [Redirty Cards: 0.1 ms]
      [Humongous Register: 0.0 ms]
      [Humongous Reclaim: 0.0 ms]
      [Free CSet: 0.6 ms]
   [Eden: 2444.0M(2444.0M)->0.0B(2450.0M) Survivors: 12288.0K->6144.0K Heap: 2472.7M(4096.0M)->24322.2K(4096.0M)]
 [Times: user=0.00 sys=0.00, real=0.00 secs] 
2024-10-12T18:54:22.412+0300: 112.700: Total time for which application threads were stopped: 0.0034792 seconds, Stopping threads took: 0.0001831 seconds
2024-10-12T18:54:23.196+0300: 113.478: Application time: 0.7782154 seconds
2024-10-12T18:54:23.196+0300: 113.478: [GC pause (G1 Evacuation Pause) (young), 0.0039292 secs]
   [Parallel Time: 2.2 ms, GC Workers: 6]
      [GC Worker Start (ms): Min: 113478.2, Avg: 113478.2, Max: 113478.3, Diff: 0.0]
      [Ext Root Scanning (ms): Min: 0.3, Avg: 0.3, Max: 0.3, Diff: 0.0, Sum: 1.9]
      [Update RS (ms): Min: 0.1, Avg: 0.1, Max: 0.1, Diff: 0.1, Sum: 0.6]
         [Processed Buffers: Min: 1, Avg: 2.2, Max: 3, Diff: 2, Sum: 13]
      [Scan RS (ms): Min: 0.1, Avg: 0.2, Max: 0.2, Diff: 0.0, Sum: 1.0]
      [Code Root Scanning (ms): Min: 0.0, Avg: 0.0, Max: 0.0, Diff: 0.0, Sum: 0.0]
      [Object Copy (ms): Min: 1.3, Avg: 1.3, Max: 1.3, Diff: 0.1, Sum: 7.7]
      [Termination (ms): Min: 0.0, Avg: 0.0, Max: 0.0, Diff: 0.0, Sum: 0.0]
         [Termination Attempts: Min: 1, Avg: 1.0, Max: 1, Diff: 0, Sum: 6]
      [GC Worker Other (ms): Min: 0.1, Avg: 0.2, Max: 0.2, Diff: 0.2, Sum: 1.0]
      [GC Worker Total (ms): Min: 2.0, Avg: 2.0, Max: 2.1, Diff: 0.2, Sum: 12.3]
      [GC Worker End (ms): Min: 113480.2, Avg: 113480.3, Max: 113480.4, Diff: 0.2]
   [Code Root Fixup: 0.0 ms]
   [Code Root Purge: 0.0 ms]
   [Clear CT: 0.5 ms]
   [Other: 1.2 ms]
      [Choose CSet: 0.0 ms]
      [Ref Proc: 0.2 ms]
      [Ref Enq: 0.0 ms]
      [Redirty Cards: 0.1 ms]
      [Humongous Register: 0.0 ms]
      [Humongous Reclaim: 0.0 ms]
      [Free CSet: 0.7 ms]
   [Eden: 2450.0M(2450.0M)->0.0B(2444.0M) Survivors: 6144.0K->12288.0K Heap: 2473.8M(4096.0M)->30372.2K(4096.0M)]
 [Times: user=0.02 sys=0.00, real=0.00 secs] 
2024-10-12T18:54:23.196+0300: 113.482: Total time for which application threads were stopped: 0.0043398 seconds, Stopping threads took: 0.0001783 seconds
2024-10-12T18:54:23.966+0300: 114.260: Application time: 0.7780475 seconds
2024-10-12T18:54:23.966+0300: 114.260: [GC pause (G1 Evacuation Pause) (young), 0.0035077 secs]
   [Parallel Time: 1.8 ms, GC Workers: 6]
      [GC Worker Start (ms): Min: 114260.6, Avg: 114260.6, Max: 114260.6, Diff: 0.0]
      [Ext Root Scanning (ms): Min: 0.3, Avg: 0.4, Max: 0.4, Diff: 0.1, Sum: 2.1]
      [Update RS (ms): Min: 0.0, Avg: 0.1, Max: 0.1, Diff: 0.1, Sum: 0.6]
         [Processed Buffers: Min: 1, Avg: 2.2, Max: 4, Diff: 3, Sum: 13]
      [Scan RS (ms): Min: 0.1, Avg: 0.2, Max: 0.2, Diff: 0.1, Sum: 1.1]
      [Code Root Scanning (ms): Min: 0.0, Avg: 0.0, Max: 0.0, Diff: 0.0, Sum: 0.0]
      [Object Copy (ms): Min: 0.8, Avg: 0.9, Max: 1.0, Diff: 0.1, Sum: 5.3]
      [Termination (ms): Min: 0.0, Avg: 0.0, Max: 0.0, Diff: 0.0, Sum: 0.0]
         [Termination Attempts: Min: 1, Avg: 1.0, Max: 1, Diff: 0, Sum: 6]
      [GC Worker Other (ms): Min: 0.0, Avg: 0.1, Max: 0.2, Diff: 0.2, Sum: 0.8]
      [GC Worker Total (ms): Min: 1.6, Avg: 1.7, Max: 1.8, Diff: 0.2, Sum: 10.0]
      [GC Worker End (ms): Min: 114262.2, Avg: 114262.2, Max: 114262.3, Diff: 0.2]
   [Code Root Fixup: 0.0 ms]
   [Code Root Purge: 0.0 ms]
   [Clear CT: 0.5 ms]
   [Other: 1.1 ms]
      [Choose CSet: 0.0 ms]
      [Ref Proc: 0.2 ms]
      [Ref Enq: 0.0 ms]
      [Redirty Cards: 0.1 ms]
      [Humongous Register: 0.0 ms]
      [Humongous Reclaim: 0.0 ms]
      [Free CSet: 0.7 ms]
   [Eden: 2444.0M(2444.0M)->0.0B(2446.0M) Survivors: 12288.0K->10240.0K Heap: 2473.7M(4096.0M)->27399.2K(4096.0M)]
 [Times: user=0.02 sys=0.00, real=0.02 secs] 
2024-10-12T18:54:23.982+0300: 114.264: Total time for which application threads were stopped: 0.0039404 seconds, Stopping threads took: 0.0001996 seconds
2024-10-12T18:54:24.751+0300: 115.034: Application time: 0.7695427 seconds
2024-10-12T18:54:24.751+0300: 115.034: [GC pause (G1 Evacuation Pause) (young), 0.0035807 secs]
   [Parallel Time: 2.1 ms, GC Workers: 6]
      [GC Worker Start (ms): Min: 115034.0, Avg: 115034.1, Max: 115034.1, Diff: 0.1]
      [Ext Root Scanning (ms): Min: 0.3, Avg: 0.3, Max: 0.4, Diff: 0.1, Sum: 2.0]
      [Update RS (ms): Min: 0.1, Avg: 0.1, Max: 0.1, Diff: 0.1, Sum: 0.6]
         [Processed Buffers: Min: 1, Avg: 2.2, Max: 4, Diff: 3, Sum: 13]
      [Scan RS (ms): Min: 0.1, Avg: 0.2, Max: 0.2, Diff: 0.0, Sum: 1.0]
      [Code Root Scanning (ms): Min: 0.0, Avg: 0.0, Max: 0.0, Diff: 0.0, Sum: 0.0]
      [Object Copy (ms): Min: 1.3, Avg: 1.3, Max: 1.3, Diff: 0.1, Sum: 7.8]
      [Termination (ms): Min: 0.0, Avg: 0.0, Max: 0.0, Diff: 0.0, Sum: 0.0]
         [Termination Attempts: Min: 1, Avg: 1.0, Max: 1, Diff: 0, Sum: 6]
      [GC Worker Other (ms): Min: 0.0, Avg: 0.1, Max: 0.1, Diff: 0.1, Sum: 0.5]
      [GC Worker Total (ms): Min: 1.9, Avg: 2.0, Max: 2.0, Diff: 0.1, Sum: 11.9]
      [GC Worker End (ms): Min: 115036.0, Avg: 115036.0, Max: 115036.1, Diff: 0.1]
   [Code Root Fixup: 0.0 ms]
   [Code Root Purge: 0.0 ms]
   [Clear CT: 0.5 ms]
   [Other: 1.0 ms]
      [Choose CSet: 0.0 ms]
      [Ref Proc: 0.1 ms]
      [Ref Enq: 0.0 ms]
      [Redirty Cards: 0.1 ms]
      [Humongous Register: 0.0 ms]
      [Humongous Reclaim: 0.0 ms]
      [Free CSet: 0.6 ms]
   [Eden: 2446.0M(2446.0M)->0.0B(2444.0M) Survivors: 10240.0K->12288.0K Heap: 2472.8M(4096.0M)->30473.7K(4096.0M)]
 [Times: user=0.00 sys=0.00, real=0.01 secs] 
2024-10-12T18:54:24.756+0300: 115.038: Total time for which application threads were stopped: 0.0040128 seconds, Stopping threads took: 0.0001969 seconds
2024-10-12T18:54:25.536+0300: 115.819: Application time: 0.7813080 seconds
2024-10-12T18:54:25.536+0300: 115.819: [GC pause (G1 Evacuation Pause) (young), 0.0031418 secs]
   [Parallel Time: 1.6 ms, GC Workers: 6]
      [GC Worker Start (ms): Min: 115819.3, Avg: 115819.4, Max: 115819.4, Diff: 0.1]
      [Ext Root Scanning (ms): Min: 0.3, Avg: 0.3, Max: 0.4, Diff: 0.1, Sum: 2.0]
      [Update RS (ms): Min: 0.0, Avg: 0.1, Max: 0.2, Diff: 0.2, Sum: 0.6]
         [Processed Buffers: Min: 0, Avg: 2.2, Max: 4, Diff: 4, Sum: 13]
      [Scan RS (ms): Min: 0.0, Avg: 0.2, Max: 0.2, Diff: 0.2, Sum: 1.0]
      [Code Root Scanning (ms): Min: 0.0, Avg: 0.0, Max: 0.0, Diff: 0.0, Sum: 0.0]
      [Object Copy (ms): Min: 0.8, Avg: 0.8, Max: 1.1, Diff: 0.3, Sum: 5.0]
      [Termination (ms): Min: 0.0, Avg: 0.0, Max: 0.0, Diff: 0.0, Sum: 0.0]
         [Termination Attempts: Min: 1, Avg: 1.5, Max: 3, Diff: 2, Sum: 9]
      [GC Worker Other (ms): Min: 0.0, Avg: 0.1, Max: 0.1, Diff: 0.1, Sum: 0.6]
      [GC Worker Total (ms): Min: 1.4, Avg: 1.5, Max: 1.6, Diff: 0.2, Sum: 9.1]
      [GC Worker End (ms): Min: 115820.8, Avg: 115820.9, Max: 115820.9, Diff: 0.1]
   [Code Root Fixup: 0.0 ms]
   [Code Root Purge: 0.0 ms]
   [Clear CT: 0.5 ms]
   [Other: 1.0 ms]
      [Choose CSet: 0.0 ms]
      [Ref Proc: 0.1 ms]
      [Ref Enq: 0.0 ms]
      [Redirty Cards: 0.1 ms]
      [Humongous Register: 0.1 ms]
      [Humongous Reclaim: 0.0 ms]
      [Free CSet: 0.7 ms]
   [Eden: 2444.0M(2444.0M)->0.0B(2444.0M) Survivors: 12288.0K->12288.0K Heap: 2473.8M(4096.0M)->29157.9K(4096.0M)]
 [Times: user=0.00 sys=0.00, real=0.00 secs] 
2024-10-12T18:54:25.536+0300: 115.822: Total time for which application threads were stopped: 0.0035068 seconds, Stopping threads took: 0.0001344 seconds
2024-10-12T18:54:26.321+0300: 116.605: Application time: 0.7822226 seconds
2024-10-12T18:54:26.321+0300: 116.605: [GC pause (G1 Evacuation Pause) (young), 0.0033313 secs]
   [Parallel Time: 1.8 ms, GC Workers: 6]
      [GC Worker Start (ms): Min: 116605.1, Avg: 116605.2, Max: 116605.6, Diff: 0.4]
      [Ext Root Scanning (ms): Min: 0.0, Avg: 0.3, Max: 0.4, Diff: 0.4, Sum: 1.9]
      [Update RS (ms): Min: 0.0, Avg: 0.1, Max: 0.1, Diff: 0.1, Sum: 0.6]
         [Processed Buffers: Min: 0, Avg: 2.2, Max: 4, Diff: 4, Sum: 13]
      [Scan RS (ms): Min: 0.0, Avg: 0.2, Max: 0.2, Diff: 0.2, Sum: 1.0]
      [Code Root Scanning (ms): Min: 0.0, Avg: 0.0, Max: 0.0, Diff: 0.0, Sum: 0.0]
      [Object Copy (ms): Min: 0.8, Avg: 0.9, Max: 1.2, Diff: 0.3, Sum: 5.4]
      [Termination (ms): Min: 0.0, Avg: 0.0, Max: 0.0, Diff: 0.0, Sum: 0.0]
         [Termination Attempts: Min: 1, Avg: 1.0, Max: 1, Diff: 0, Sum: 6]
      [GC Worker Other (ms): Min: 0.0, Avg: 0.1, Max: 0.1, Diff: 0.1, Sum: 0.5]
      [GC Worker Total (ms): Min: 1.3, Avg: 1.6, Max: 1.7, Diff: 0.4, Sum: 9.5]
      [GC Worker End (ms): Min: 116606.8, Avg: 116606.8, Max: 116606.9, Diff: 0.1]
   [Code Root Fixup: 0.0 ms]
   [Code Root Purge: 0.0 ms]
   [Clear CT: 0.5 ms]
   [Other: 1.1 ms]
      [Choose CSet: 0.0 ms]
      [Ref Proc: 0.1 ms]
      [Ref Enq: 0.0 ms]
      [Redirty Cards: 0.1 ms]
      [Humongous Register: 0.1 ms]
      [Humongous Reclaim: 0.0 ms]
      [Free CSet: 0.7 ms]
   [Eden: 2444.0M(2444.0M)->0.0B(2444.0M) Survivors: 12288.0K->12288.0K Heap: 2472.5M(4096.0M)->29303.4K(4096.0M)]
 [Times: user=0.00 sys=0.00, real=0.00 secs] 
2024-10-12T18:54:26.321+0300: 116.608: Total time for which application threads were stopped: 0.0037726 seconds, Stopping threads took: 0.0001762 seconds
2024-10-12T18:54:27.107+0300: 117.389: Application time: 0.7806041 seconds
2024-10-12T18:54:27.107+0300: 117.389: [GC pause (G1 Evacuation Pause) (young), 0.0031140 secs]
   [Parallel Time: 1.6 ms, GC Workers: 6]
      [GC Worker Start (ms): Min: 117389.4, Avg: 117389.5, Max: 117389.5, Diff: 0.1]
      [Ext Root Scanning (ms): Min: 0.3, Avg: 0.3, Max: 0.4, Diff: 0.1, Sum: 2.0]
      [Update RS (ms): Min: 0.1, Avg: 0.1, Max: 0.1, Diff: 0.1, Sum: 0.6]
         [Processed Buffers: Min: 1, Avg: 2.2, Max: 3, Diff: 2, Sum: 13]
      [Scan RS (ms): Min: 0.2, Avg: 0.2, Max: 0.2, Diff: 0.0, Sum: 1.1]
      [Code Root Scanning (ms): Min: 0.0, Avg: 0.0, Max: 0.0, Diff: 0.0, Sum: 0.0]
      [Object Copy (ms): Min: 0.8, Avg: 0.8, Max: 0.8, Diff: 0.1, Sum: 4.7]
      [Termination (ms): Min: 0.0, Avg: 0.0, Max: 0.0, Diff: 0.0, Sum: 0.0]
         [Termination Attempts: Min: 1, Avg: 1.5, Max: 3, Diff: 2, Sum: 9]
      [GC Worker Other (ms): Min: 0.0, Avg: 0.1, Max: 0.1, Diff: 0.1, Sum: 0.5]
      [GC Worker Total (ms): Min: 1.4, Avg: 1.5, Max: 1.6, Diff: 0.1, Sum: 9.0]
      [GC Worker End (ms): Min: 117390.9, Avg: 117391.0, Max: 117391.0, Diff: 0.1]
   [Code Root Fixup: 0.0 ms]
   [Code Root Purge: 0.0 ms]
   [Clear CT: 0.5 ms]
   [Other: 1.0 ms]
      [Choose CSet: 0.0 ms]
      [Ref Proc: 0.1 ms]
      [Ref Enq: 0.0 ms]
      [Redirty Cards: 0.1 ms]
      [Humongous Register: 0.0 ms]
      [Humongous Reclaim: 0.0 ms]
      [Free CSet: 0.6 ms]
   [Eden: 2444.0M(2444.0M)->0.0B(2448.0M) Survivors: 12288.0K->8192.0K Heap: 2472.6M(4096.0M)->26050.5K(4096.0M)]
 [Times: user=0.00 sys=0.00, real=0.00 secs] 
2024-10-12T18:54:27.107+0300: 117.393: Total time for which application threads were stopped: 0.0034828 seconds, Stopping threads took: 0.0001452 seconds
2024-10-12T18:54:27.877+0300: 118.164: Application time: 0.7709996 seconds
2024-10-12T18:54:27.877+0300: 118.164: [GC pause (G1 Evacuation Pause) (young), 0.0030976 secs]
   [Parallel Time: 1.6 ms, GC Workers: 6]
      [GC Worker Start (ms): Min: 118163.9, Avg: 118164.0, Max: 118164.0, Diff: 0.1]
      [Ext Root Scanning (ms): Min: 0.3, Avg: 0.4, Max: 0.4, Diff: 0.1, Sum: 2.2]
      [Update RS (ms): Min: 0.1, Avg: 0.1, Max: 0.1, Diff: 0.0, Sum: 0.6]
         [Processed Buffers: Min: 1, Avg: 2.2, Max: 3, Diff: 2, Sum: 13]
      [Scan RS (ms): Min: 0.1, Avg: 0.2, Max: 0.2, Diff: 0.0, Sum: 1.0]
      [Code Root Scanning (ms): Min: 0.0, Avg: 0.0, Max: 0.0, Diff: 0.0, Sum: 0.0]
      [Object Copy (ms): Min: 0.7, Avg: 0.7, Max: 0.8, Diff: 0.1, Sum: 4.5]
      [Termination (ms): Min: 0.0, Avg: 0.0, Max: 0.0, Diff: 0.0, Sum: 0.0]
         [Termination Attempts: Min: 1, Avg: 1.2, Max: 2, Diff: 1, Sum: 7]
      [GC Worker Other (ms): Min: 0.0, Avg: 0.1, Max: 0.1, Diff: 0.1, Sum: 0.5]
      [GC Worker Total (ms): Min: 1.4, Avg: 1.5, Max: 1.5, Diff: 0.1, Sum: 8.9]
      [GC Worker End (ms): Min: 118165.4, Avg: 118165.5, Max: 118165.5, Diff: 0.1]
   [Code Root Fixup: 0.0 ms]
   [Code Root Purge: 0.0 ms]
   [Clear CT: 0.5 ms]
   [Other: 1.0 ms]
      [Choose CSet: 0.0 ms]
      [Ref Proc: 0.1 ms]
      [Ref Enq: 0.0 ms]
      [Redirty Cards: 0.1 ms]
      [Humongous Register: 0.0 ms]
      [Humongous Reclaim: 0.0 ms]
      [Free CSet: 0.6 ms]
   [Eden: 2448.0M(2448.0M)->0.0B(2446.0M) Survivors: 8192.0K->10240.0K Heap: 2473.4M(4096.0M)->27249.7K(4096.0M)]
 [Times: user=0.00 sys=0.00, real=0.00 secs] 
2024-10-12T18:54:27.877+0300: 118.167: Total time for which application threads were stopped: 0.0034823 seconds, Stopping threads took: 0.0001557 seconds
2024-10-12T18:54:28.664+0300: 118.945: Application time: 0.7778588 seconds
2024-10-12T18:54:28.666+0300: 118.945: [GC pause (G1 Evacuation Pause) (young), 0.0030796 secs]
   [Parallel Time: 1.5 ms, GC Workers: 6]
      [GC Worker Start (ms): Min: 118945.3, Avg: 118945.3, Max: 118945.3, Diff: 0.0]
      [Ext Root Scanning (ms): Min: 0.3, Avg: 0.3, Max: 0.4, Diff: 0.1, Sum: 2.0]
      [Update RS (ms): Min: 0.1, Avg: 0.1, Max: 0.1, Diff: 0.1, Sum: 0.6]
         [Processed Buffers: Min: 1, Avg: 2.2, Max: 3, Diff: 2, Sum: 13]
      [Scan RS (ms): Min: 0.1, Avg: 0.2, Max: 0.2, Diff: 0.0, Sum: 1.0]
      [Code Root Scanning (ms): Min: 0.0, Avg: 0.0, Max: 0.0, Diff: 0.0, Sum: 0.0]
      [Object Copy (ms): Min: 0.7, Avg: 0.7, Max: 0.7, Diff: 0.1, Sum: 4.1]
      [Termination (ms): Min: 0.0, Avg: 0.0, Max: 0.0, Diff: 0.0, Sum: 0.0]
         [Termination Attempts: Min: 1, Avg: 1.0, Max: 1, Diff: 0, Sum: 6]
      [GC Worker Other (ms): Min: 0.0, Avg: 0.1, Max: 0.1, Diff: 0.1, Sum: 0.5]
      [GC Worker Total (ms): Min: 1.3, Avg: 1.4, Max: 1.4, Diff: 0.1, Sum: 8.2]
      [GC Worker End (ms): Min: 118946.6, Avg: 118946.7, Max: 118946.7, Diff: 0.1]
   [Code Root Fixup: 0.0 ms]
   [Code Root Purge: 0.0 ms]
   [Clear CT: 0.5 ms]
   [Other: 1.1 ms]
      [Choose CSet: 0.0 ms]
      [Ref Proc: 0.1 ms]
      [Ref Enq: 0.0 ms]
      [Redirty Cards: 0.1 ms]
      [Humongous Register: 0.0 ms]
      [Humongous Reclaim: 0.0 ms]
      [Free CSet: 0.6 ms]
   [Eden: 2446.0M(2446.0M)->0.0B(2446.0M) Survivors: 10240.0K->10240.0K Heap: 2472.6M(4096.0M)->27306.8K(4096.0M)]
 [Times: user=0.00 sys=0.00, real=0.00 secs] 
2024-10-12T18:54:28.666+0300: 118.948: Total time for which application threads were stopped: 0.0034725 seconds, Stopping threads took: 0.0001749 seconds
2024-10-12T18:54:29.445+0300: 119.727: Application time: 0.7789371 seconds
2024-10-12T18:54:29.445+0300: 119.728: [GC pause (G1 Evacuation Pause) (young), 0.0030212 secs]
   [Parallel Time: 1.5 ms, GC Workers: 6]
      [GC Worker Start (ms): Min: 119727.7, Avg: 119727.7, Max: 119727.7, Diff: 0.1]
      [Ext Root Scanning (ms): Min: 0.3, Avg: 0.3, Max: 0.4, Diff: 0.1, Sum: 1.9]
      [Update RS (ms): Min: 0.1, Avg: 0.1, Max: 0.1, Diff: 0.1, Sum: 0.6]
         [Processed Buffers: Min: 1, Avg: 2.2, Max: 3, Diff: 2, Sum: 13]
      [Scan RS (ms): Min: 0.1, Avg: 0.2, Max: 0.2, Diff: 0.1, Sum: 1.0]
      [Code Root Scanning (ms): Min: 0.0, Avg: 0.0, Max: 0.0, Diff: 0.0, Sum: 0.0]
      [Object Copy (ms): Min: 0.7, Avg: 0.7, Max: 0.7, Diff: 0.1, Sum: 4.2]
      [Termination (ms): Min: 0.0, Avg: 0.0, Max: 0.0, Diff: 0.0, Sum: 0.0]
         [Termination Attempts: Min: 1, Avg: 1.0, Max: 1, Diff: 0, Sum: 6]
      [GC Worker Other (ms): Min: 0.0, Avg: 0.1, Max: 0.1, Diff: 0.1, Sum: 0.5]
      [GC Worker Total (ms): Min: 1.3, Avg: 1.4, Max: 1.4, Diff: 0.1, Sum: 8.3]
      [GC Worker End (ms): Min: 119729.0, Avg: 119729.1, Max: 119729.1, Diff: 0.1]
   [Code Root Fixup: 0.0 ms]
   [Code Root Purge: 0.0 ms]
   [Clear CT: 0.5 ms]
   [Other: 1.0 ms]
      [Choose CSet: 0.0 ms]
      [Ref Proc: 0.1 ms]
      [Ref Enq: 0.0 ms]
      [Redirty Cards: 0.1 ms]
      [Humongous Register: 0.0 ms]
      [Humongous Reclaim: 0.0 ms]
      [Free CSet: 0.6 ms]
   [Eden: 2446.0M(2446.0M)->0.0B(2444.0M) Survivors: 10240.0K->12288.0K Heap: 2472.7M(4096.0M)->29353.5K(4096.0M)]
 [Times: user=0.00 sys=0.00, real=0.00 secs] 
2024-10-12T18:54:29.445+0300: 119.731: Total time for which application threads were stopped: 0.0033902 seconds, Stopping threads took: 0.0001184 seconds
2024-10-12T18:54:30.230+0300: 120.521: Application time: 0.7897663 seconds
2024-10-12T18:54:30.230+0300: 120.521: [GC pause (G1 Evacuation Pause) (young), 0.0038049 secs]
   [Parallel Time: 1.6 ms, GC Workers: 6]
      [GC Worker Start (ms): Min: 120520.9, Avg: 120521.0, Max: 120521.0, Diff: 0.1]
      [Ext Root Scanning (ms): Min: 0.3, Avg: 0.3, Max: 0.4, Diff: 0.1, Sum: 2.1]
      [Update RS (ms): Min: 0.1, Avg: 0.1, Max: 0.1, Diff: 0.0, Sum: 0.6]
         [Processed Buffers: Min: 1, Avg: 2.2, Max: 3, Diff: 2, Sum: 13]
      [Scan RS (ms): Min: 0.1, Avg: 0.2, Max: 0.2, Diff: 0.1, Sum: 1.0]
      [Code Root Scanning (ms): Min: 0.0, Avg: 0.0, Max: 0.0, Diff: 0.0, Sum: 0.0]
      [Object Copy (ms): Min: 0.7, Avg: 0.7, Max: 0.7, Diff: 0.0, Sum: 4.4]
      [Termination (ms): Min: 0.0, Avg: 0.0, Max: 0.0, Diff: 0.0, Sum: 0.0]
         [Termination Attempts: Min: 1, Avg: 1.3, Max: 2, Diff: 1, Sum: 8]
      [GC Worker Other (ms): Min: 0.0, Avg: 0.1, Max: 0.2, Diff: 0.1, Sum: 0.8]
      [GC Worker Total (ms): Min: 1.4, Avg: 1.5, Max: 1.6, Diff: 0.2, Sum: 8.9]
      [GC Worker End (ms): Min: 120522.4, Avg: 120522.5, Max: 120522.5, Diff: 0.1]
   [Code Root Fixup: 0.0 ms]
   [Code Root Purge: 0.0 ms]
   [Clear CT: 0.5 ms]
   [Other: 1.6 ms]
      [Choose CSet: 0.0 ms]
      [Ref Proc: 0.1 ms]
      [Ref Enq: 0.0 ms]
      [Redirty Cards: 0.1 ms]
      [Humongous Register: 0.1 ms]
      [Humongous Reclaim: 0.0 ms]
      [Free CSet: 1.2 ms]
   [Eden: 2444.0M(2444.0M)->0.0B(2448.0M) Survivors: 12288.0K->8192.0K Heap: 2472.7M(4096.0M)->26071.6K(4096.0M)]
 [Times: user=0.01 sys=0.00, real=0.01 secs] 
2024-10-12T18:54:30.245+0300: 120.525: Total time for which application threads were stopped: 0.0042360 seconds, Stopping threads took: 0.0002025 seconds
2024-10-12T18:54:31.031+0300: 121.324: Application time: 0.7991880 seconds
2024-10-12T18:54:31.031+0300: 121.324: [GC pause (G1 Evacuation Pause) (young), 0.0034090 secs]
   [Parallel Time: 1.6 ms, GC Workers: 6]
      [GC Worker Start (ms): Min: 121324.3, Avg: 121324.3, Max: 121324.3, Diff: 0.1]
      [Ext Root Scanning (ms): Min: 0.3, Avg: 0.3, Max: 0.4, Diff: 0.1, Sum: 2.0]
      [Update RS (ms): Min: 0.1, Avg: 0.1, Max: 0.1, Diff: 0.1, Sum: 0.6]
         [Processed Buffers: Min: 1, Avg: 2.2, Max: 3, Diff: 2, Sum: 13]
      [Scan RS (ms): Min: 0.1, Avg: 0.2, Max: 0.2, Diff: 0.1, Sum: 1.0]
      [Code Root Scanning (ms): Min: 0.0, Avg: 0.0, Max: 0.0, Diff: 0.0, Sum: 0.0]
      [Object Copy (ms): Min: 0.8, Avg: 0.8, Max: 0.8, Diff: 0.1, Sum: 4.9]
      [Termination (ms): Min: 0.0, Avg: 0.0, Max: 0.1, Diff: 0.1, Sum: 0.2]
         [Termination Attempts: Min: 1, Avg: 1.2, Max: 2, Diff: 1, Sum: 7]
      [GC Worker Other (ms): Min: 0.0, Avg: 0.0, Max: 0.1, Diff: 0.1, Sum: 0.3]
      [GC Worker Total (ms): Min: 1.5, Avg: 1.5, Max: 1.6, Diff: 0.1, Sum: 9.1]
      [GC Worker End (ms): Min: 121325.8, Avg: 121325.8, Max: 121325.8, Diff: 0.1]
   [Code Root Fixup: 0.0 ms]
   [Code Root Purge: 0.0 ms]
   [Clear CT: 0.5 ms]
   [Other: 1.3 ms]
      [Choose CSet: 0.0 ms]
      [Ref Proc: 0.1 ms]
      [Ref Enq: 0.0 ms]
      [Redirty Cards: 0.1 ms]
      [Humongous Register: 0.1 ms]
      [Humongous Reclaim: 0.0 ms]
      [Free CSet: 0.8 ms]
   [Eden: 2448.0M(2448.0M)->0.0B(2446.0M) Survivors: 8192.0K->10240.0K Heap: 2473.5M(4096.0M)->28071.5K(4096.0M)]
 [Times: user=0.02 sys=0.00, real=0.02 secs] 
2024-10-12T18:54:31.046+0300: 121.328: Total time for which application threads were stopped: 0.0037888 seconds, Stopping threads took: 0.0001338 seconds
2024-10-12T18:54:31.816+0300: 122.105: Application time: 0.7774260 seconds
2024-10-12T18:54:31.816+0300: 122.105: [GC pause (G1 Evacuation Pause) (young), 0.0033511 secs]
   [Parallel Time: 1.8 ms, GC Workers: 6]
      [GC Worker Start (ms): Min: 122105.5, Avg: 122105.6, Max: 122105.6, Diff: 0.0]
      [Ext Root Scanning (ms): Min: 0.3, Avg: 0.3, Max: 0.4, Diff: 0.0, Sum: 1.9]
      [Update RS (ms): Min: 0.1, Avg: 0.1, Max: 0.1, Diff: 0.1, Sum: 0.6]
         [Processed Buffers: Min: 1, Avg: 2.2, Max: 3, Diff: 2, Sum: 13]
      [Scan RS (ms): Min: 0.1, Avg: 0.2, Max: 0.2, Diff: 0.1, Sum: 1.0]
      [Code Root Scanning (ms): Min: 0.0, Avg: 0.0, Max: 0.0, Diff: 0.0, Sum: 0.0]
      [Object Copy (ms): Min: 0.8, Avg: 0.8, Max: 0.8, Diff: 0.1, Sum: 4.9]
      [Termination (ms): Min: 0.0, Avg: 0.0, Max: 0.0, Diff: 0.0, Sum: 0.0]
         [Termination Attempts: Min: 1, Avg: 1.2, Max: 2, Diff: 1, Sum: 7]
      [GC Worker Other (ms): Min: 0.0, Avg: 0.2, Max: 0.2, Diff: 0.2, Sum: 0.9]
      [GC Worker Total (ms): Min: 1.5, Avg: 1.6, Max: 1.7, Diff: 0.2, Sum: 9.4]
      [GC Worker End (ms): Min: 122107.0, Avg: 122107.1, Max: 122107.2, Diff: 0.2]
   [Code Root Fixup: 0.0 ms]
   [Code Root Purge: 0.0 ms]
   [Clear CT: 0.4 ms]
   [Other: 1.1 ms]
      [Choose CSet: 0.0 ms]
      [Ref Proc: 0.1 ms]
      [Ref Enq: 0.0 ms]
      [Redirty Cards: 0.2 ms]
      [Humongous Register: 0.1 ms]
      [Humongous Reclaim: 0.0 ms]
      [Free CSet: 0.6 ms]
   [Eden: 2446.0M(2446.0M)->0.0B(2444.0M) Survivors: 10240.0K->12288.0K Heap: 2473.4M(4096.0M)->29352.4K(4096.0M)]
 [Times: user=0.01 sys=0.00, real=0.00 secs] 
2024-10-12T18:54:31.816+0300: 122.109: Total time for which application threads were stopped: 0.0037550 seconds, Stopping threads took: 0.0001768 seconds
2024-10-12T18:54:32.616+0300: 122.898: Application time: 0.7889699 seconds
2024-10-12T18:54:32.616+0300: 122.898: [GC pause (G1 Evacuation Pause) (young), 0.0033846 secs]
   [Parallel Time: 1.6 ms, GC Workers: 6]
      [GC Worker Start (ms): Min: 122898.2, Avg: 122898.2, Max: 122898.3, Diff: 0.0]
      [Ext Root Scanning (ms): Min: 0.3, Avg: 0.3, Max: 0.3, Diff: 0.1, Sum: 1.9]
      [Update RS (ms): Min: 0.1, Avg: 0.1, Max: 0.1, Diff: 0.1, Sum: 0.6]
         [Processed Buffers: Min: 1, Avg: 2.2, Max: 3, Diff: 2, Sum: 13]
      [Scan RS (ms): Min: 0.2, Avg: 0.2, Max: 0.2, Diff: 0.0, Sum: 1.1]
      [Code Root Scanning (ms): Min: 0.0, Avg: 0.0, Max: 0.0, Diff: 0.0, Sum: 0.0]
      [Object Copy (ms): Min: 0.8, Avg: 0.8, Max: 0.8, Diff: 0.1, Sum: 4.8]
      [Termination (ms): Min: 0.0, Avg: 0.0, Max: 0.0, Diff: 0.0, Sum: 0.0]
         [Termination Attempts: Min: 1, Avg: 1.3, Max: 2, Diff: 1, Sum: 8]
      [GC Worker Other (ms): Min: 0.0, Avg: 0.1, Max: 0.2, Diff: 0.1, Sum: 0.6]
      [GC Worker Total (ms): Min: 1.5, Avg: 1.5, Max: 1.6, Diff: 0.1, Sum: 9.1]
      [GC Worker End (ms): Min: 122899.7, Avg: 122899.7, Max: 122899.8, Diff: 0.1]
   [Code Root Fixup: 0.0 ms]
   [Code Root Purge: 0.0 ms]
   [Clear CT: 0.5 ms]
   [Other: 1.2 ms]
      [Choose CSet: 0.0 ms]
      [Ref Proc: 0.2 ms]
      [Ref Enq: 0.0 ms]
      [Redirty Cards: 0.1 ms]
      [Humongous Register: 0.0 ms]
      [Humongous Reclaim: 0.0 ms]
      [Free CSet: 0.7 ms]
   [Eden: 2444.0M(2444.0M)->0.0B(2448.0M) Survivors: 12288.0K->8192.0K Heap: 2472.7M(4096.0M)->26125.4K(4096.0M)]
 [Times: user=0.00 sys=0.00, real=0.00 secs] 
2024-10-12T18:54:32.616+0300: 122.902: Total time for which application threads were stopped: 0.0037558 seconds, Stopping threads took: 0.0001423 seconds
2024-10-12T18:54:33.401+0300: 123.689: Application time: 0.7875328 seconds
2024-10-12T18:54:33.401+0300: 123.690: [GC pause (G1 Evacuation Pause) (young), 0.0033902 secs]
   [Parallel Time: 1.7 ms, GC Workers: 6]
      [GC Worker Start (ms): Min: 123689.7, Avg: 123689.7, Max: 123689.8, Diff: 0.0]
      [Ext Root Scanning (ms): Min: 0.3, Avg: 0.3, Max: 0.3, Diff: 0.0, Sum: 1.9]
      [Update RS (ms): Min: 0.1, Avg: 0.1, Max: 0.1, Diff: 0.1, Sum: 0.6]
         [Processed Buffers: Min: 1, Avg: 2.2, Max: 4, Diff: 3, Sum: 13]
      [Scan RS (ms): Min: 0.1, Avg: 0.2, Max: 0.2, Diff: 0.0, Sum: 1.0]
      [Code Root Scanning (ms): Min: 0.0, Avg: 0.0, Max: 0.0, Diff: 0.0, Sum: 0.0]
      [Object Copy (ms): Min: 0.8, Avg: 0.8, Max: 0.8, Diff: 0.0, Sum: 5.0]
      [Termination (ms): Min: 0.0, Avg: 0.0, Max: 0.0, Diff: 0.0, Sum: 0.0]
         [Termination Attempts: Min: 1, Avg: 1.0, Max: 1, Diff: 0, Sum: 6]
      [GC Worker Other (ms): Min: 0.1, Avg: 0.1, Max: 0.1, Diff: 0.1, Sum: 0.6]
      [GC Worker Total (ms): Min: 1.5, Avg: 1.5, Max: 1.6, Diff: 0.1, Sum: 9.2]
      [GC Worker End (ms): Min: 123691.2, Avg: 123691.3, Max: 123691.3, Diff: 0.1]
   [Code Root Fixup: 0.0 ms]
   [Code Root Purge: 0.0 ms]
   [Clear CT: 0.6 ms]
   [Other: 1.1 ms]
      [Choose CSet: 0.0 ms]
      [Ref Proc: 0.1 ms]
      [Ref Enq: 0.0 ms]
      [Redirty Cards: 0.1 ms]
      [Humongous Register: 0.1 ms]
      [Humongous Reclaim: 0.0 ms]
      [Free CSet: 0.8 ms]
   [Eden: 2448.0M(2448.0M)->0.0B(2444.0M) Survivors: 8192.0K->12288.0K Heap: 2473.5M(4096.0M)->29322.2K(4096.0M)]
 [Times: user=0.00 sys=0.00, real=0.00 secs] 
2024-10-12T18:54:33.401+0300: 123.693: Total time for which application threads were stopped: 0.0039452 seconds, Stopping threads took: 0.0003316 seconds
2024-10-12T18:54:34.187+0300: 124.476: Application time: 0.7824392 seconds
2024-10-12T18:54:34.187+0300: 124.476: [GC pause (G1 Evacuation Pause) (young), 0.0040084 secs]
   [Parallel Time: 2.2 ms, GC Workers: 6]
      [GC Worker Start (ms): Min: 124475.9, Avg: 124475.9, Max: 124476.0, Diff: 0.1]
      [Ext Root Scanning (ms): Min: 0.3, Avg: 0.3, Max: 0.4, Diff: 0.1, Sum: 2.0]
      [Update RS (ms): Min: 0.1, Avg: 0.1, Max: 0.1, Diff: 0.1, Sum: 0.6]
         [Processed Buffers: Min: 1, Avg: 2.2, Max: 3, Diff: 2, Sum: 13]
      [Scan RS (ms): Min: 0.1, Avg: 0.2, Max: 0.2, Diff: 0.1, Sum: 1.0]
      [Code Root Scanning (ms): Min: 0.0, Avg: 0.0, Max: 0.0, Diff: 0.0, Sum: 0.0]
      [Object Copy (ms): Min: 1.4, Avg: 1.4, Max: 1.4, Diff: 0.0, Sum: 8.4]
      [Termination (ms): Min: 0.0, Avg: 0.0, Max: 0.0, Diff: 0.0, Sum: 0.0]
         [Termination Attempts: Min: 1, Avg: 1.0, Max: 1, Diff: 0, Sum: 6]
      [GC Worker Other (ms): Min: 0.0, Avg: 0.1, Max: 0.1, Diff: 0.1, Sum: 0.6]
      [GC Worker Total (ms): Min: 2.0, Avg: 2.1, Max: 2.2, Diff: 0.1, Sum: 12.6]
      [GC Worker End (ms): Min: 124478.0, Avg: 124478.0, Max: 124478.1, Diff: 0.1]
   [Code Root Fixup: 0.0 ms]
   [Code Root Purge: 0.0 ms]
   [Clear CT: 0.5 ms]
   [Other: 1.2 ms]
      [Choose CSet: 0.0 ms]
      [Ref Proc: 0.1 ms]
      [Ref Enq: 0.0 ms]
      [Redirty Cards: 0.1 ms]
      [Humongous Register: 0.0 ms]
      [Humongous Reclaim: 0.0 ms]
      [Free CSet: 0.8 ms]
   [Eden: 2444.0M(2444.0M)->0.0B(2444.0M) Survivors: 12288.0K->12288.0K Heap: 2472.6M(4096.0M)->29433.1K(4096.0M)]
 [Times: user=0.06 sys=0.00, real=0.00 secs] 
2024-10-12T18:54:34.187+0300: 124.480: Total time for which application threads were stopped: 0.0043976 seconds, Stopping threads took: 0.0001444 seconds
2024-10-12T18:54:34.971+0300: 125.255: Application time: 0.7753724 seconds
2024-10-12T18:54:34.971+0300: 125.256: [GC pause (G1 Evacuation Pause) (young), 0.0038245 secs]
   [Parallel Time: 2.1 ms, GC Workers: 6]
      [GC Worker Start (ms): Min: 125255.8, Avg: 125255.8, Max: 125255.8, Diff: 0.0]
      [Ext Root Scanning (ms): Min: 0.3, Avg: 0.3, Max: 0.4, Diff: 0.0, Sum: 2.0]
      [Update RS (ms): Min: 0.1, Avg: 0.1, Max: 0.1, Diff: 0.1, Sum: 0.6]
         [Processed Buffers: Min: 1, Avg: 2.2, Max: 3, Diff: 2, Sum: 13]
      [Scan RS (ms): Min: 0.1, Avg: 0.2, Max: 0.2, Diff: 0.0, Sum: 1.0]
      [Code Root Scanning (ms): Min: 0.0, Avg: 0.0, Max: 0.0, Diff: 0.0, Sum: 0.0]
      [Object Copy (ms): Min: 1.2, Avg: 1.2, Max: 1.2, Diff: 0.0, Sum: 7.3]
      [Termination (ms): Min: 0.0, Avg: 0.0, Max: 0.0, Diff: 0.0, Sum: 0.0]
         [Termination Attempts: Min: 1, Avg: 1.0, Max: 1, Diff: 0, Sum: 6]
      [GC Worker Other (ms): Min: 0.0, Avg: 0.1, Max: 0.2, Diff: 0.1, Sum: 0.6]
      [GC Worker Total (ms): Min: 1.8, Avg: 1.9, Max: 2.0, Diff: 0.2, Sum: 11.5]
      [GC Worker End (ms): Min: 125257.6, Avg: 125257.7, Max: 125257.8, Diff: 0.1]
   [Code Root Fixup: 0.0 ms]
   [Code Root Purge: 0.0 ms]
   [Clear CT: 0.6 ms]
   [Other: 1.2 ms]
      [Choose CSet: 0.0 ms]
      [Ref Proc: 0.2 ms]
      [Ref Enq: 0.0 ms]
      [Redirty Cards: 0.1 ms]
      [Humongous Register: 0.0 ms]
      [Humongous Reclaim: 0.0 ms]
      [Free CSet: 0.7 ms]
   [Eden: 2444.0M(2444.0M)->0.0B(2444.0M) Survivors: 12288.0K->12288.0K Heap: 2472.7M(4096.0M)->30506.2K(4096.0M)]
 [Times: user=0.00 sys=0.00, real=0.00 secs] 
2024-10-12T18:54:34.971+0300: 125.260: Total time for which application threads were stopped: 0.0042905 seconds, Stopping threads took: 0.0002337 seconds
2024-10-12T18:54:35.740+0300: 126.029: Application time: 0.7694299 seconds
2024-10-12T18:54:35.740+0300: 126.029: [GC pause (G1 Evacuation Pause) (young), 0.0034001 secs]
   [Parallel Time: 1.8 ms, GC Workers: 6]
      [GC Worker Start (ms): Min: 126029.4, Avg: 126029.5, Max: 126029.8, Diff: 0.4]
      [Ext Root Scanning (ms): Min: 0.0, Avg: 0.3, Max: 0.4, Diff: 0.4, Sum: 1.9]
      [Update RS (ms): Min: 0.1, Avg: 0.1, Max: 0.2, Diff: 0.1, Sum: 0.7]
         [Processed Buffers: Min: 1, Avg: 2.2, Max: 3, Diff: 2, Sum: 13]
      [Scan RS (ms): Min: 0.2, Avg: 0.2, Max: 0.2, Diff: 0.1, Sum: 1.1]
      [Code Root Scanning (ms): Min: 0.0, Avg: 0.0, Max: 0.0, Diff: 0.0, Sum: 0.0]
      [Object Copy (ms): Min: 0.9, Avg: 0.9, Max: 0.9, Diff: 0.1, Sum: 5.3]
      [Termination (ms): Min: 0.0, Avg: 0.0, Max: 0.0, Diff: 0.0, Sum: 0.0]
         [Termination Attempts: Min: 1, Avg: 3.7, Max: 6, Diff: 5, Sum: 22]
      [GC Worker Other (ms): Min: 0.0, Avg: 0.1, Max: 0.1, Diff: 0.1, Sum: 0.4]
      [GC Worker Total (ms): Min: 1.3, Avg: 1.6, Max: 1.7, Diff: 0.4, Sum: 9.5]
      [GC Worker End (ms): Min: 126031.0, Avg: 126031.1, Max: 126031.1, Diff: 0.1]
   [Code Root Fixup: 0.0 ms]
   [Code Root Purge: 0.0 ms]
   [Clear CT: 0.5 ms]
   [Other: 1.1 ms]
      [Choose CSet: 0.0 ms]
      [Ref Proc: 0.1 ms]
      [Ref Enq: 0.0 ms]
      [Redirty Cards: 0.1 ms]
      [Humongous Register: 0.0 ms]
      [Humongous Reclaim: 0.0 ms]
      [Free CSet: 0.7 ms]
   [Eden: 2444.0M(2444.0M)->0.0B(2444.0M) Survivors: 12288.0K->12288.0K Heap: 2473.8M(4096.0M)->29222.4K(4096.0M)]
 [Times: user=0.00 sys=0.00, real=0.00 secs] 
2024-10-12T18:54:35.740+0300: 126.033: Total time for which application threads were stopped: 0.0037649 seconds, Stopping threads took: 0.0001351 seconds
2024-10-12T18:54:36.526+0300: 126.816: Application time: 0.7835673 seconds
2024-10-12T18:54:36.526+0300: 126.817: [GC pause (G1 Evacuation Pause) (young), 0.0030877 secs]
   [Parallel Time: 1.6 ms, GC Workers: 6]
      [GC Worker Start (ms): Min: 126816.7, Avg: 126816.8, Max: 126816.8, Diff: 0.1]
      [Ext Root Scanning (ms): Min: 0.3, Avg: 0.3, Max: 0.4, Diff: 0.1, Sum: 2.0]
      [Update RS (ms): Min: 0.1, Avg: 0.1, Max: 0.1, Diff: 0.1, Sum: 0.6]
         [Processed Buffers: Min: 1, Avg: 2.2, Max: 3, Diff: 2, Sum: 13]
      [Scan RS (ms): Min: 0.2, Avg: 0.2, Max: 0.2, Diff: 0.0, Sum: 1.1]
      [Code Root Scanning (ms): Min: 0.0, Avg: 0.0, Max: 0.0, Diff: 0.0, Sum: 0.0]
      [Object Copy (ms): Min: 0.8, Avg: 0.8, Max: 0.8, Diff: 0.0, Sum: 4.6]
      [Termination (ms): Min: 0.0, Avg: 0.0, Max: 0.0, Diff: 0.0, Sum: 0.0]
         [Termination Attempts: Min: 1, Avg: 1.0, Max: 1, Diff: 0, Sum: 6]
      [GC Worker Other (ms): Min: 0.0, Avg: 0.1, Max: 0.1, Diff: 0.1, Sum: 0.5]
      [GC Worker Total (ms): Min: 1.4, Avg: 1.5, Max: 1.5, Diff: 0.1, Sum: 8.8]
      [GC Worker End (ms): Min: 126818.2, Avg: 126818.2, Max: 126818.3, Diff: 0.1]
   [Code Root Fixup: 0.0 ms]
   [Code Root Purge: 0.0 ms]
   [Clear CT: 0.5 ms]
   [Other: 1.0 ms]
      [Choose CSet: 0.0 ms]
      [Ref Proc: 0.1 ms]
      [Ref Enq: 0.0 ms]
      [Redirty Cards: 0.1 ms]
      [Humongous Register: 0.0 ms]
      [Humongous Reclaim: 0.0 ms]
      [Free CSet: 0.6 ms]
   [Eden: 2444.0M(2444.0M)->0.0B(2444.0M) Survivors: 12288.0K->12288.0K Heap: 2472.5M(4096.0M)->29356.1K(4096.0M)]
 [Times: user=0.00 sys=0.00, real=0.00 secs] 
2024-10-12T18:54:36.526+0300: 126.820: Total time for which application threads were stopped: 0.0034712 seconds, Stopping threads took: 0.0001709 seconds
2024-10-12T18:54:37.311+0300: 127.601: Application time: 0.7810636 seconds
2024-10-12T18:54:37.311+0300: 127.601: [GC pause (G1 Evacuation Pause) (young), 0.0032577 secs]
   [Parallel Time: 1.7 ms, GC Workers: 6]
      [GC Worker Start (ms): Min: 127601.3, Avg: 127601.4, Max: 127601.4, Diff: 0.1]
      [Ext Root Scanning (ms): Min: 0.3, Avg: 0.3, Max: 0.4, Diff: 0.1, Sum: 2.0]
      [Update RS (ms): Min: 0.1, Avg: 0.1, Max: 0.1, Diff: 0.1, Sum: 0.6]
         [Processed Buffers: Min: 1, Avg: 2.2, Max: 3, Diff: 2, Sum: 13]
      [Scan RS (ms): Min: 0.2, Avg: 0.2, Max: 0.2, Diff: 0.0, Sum: 1.1]
      [Code Root Scanning (ms): Min: 0.0, Avg: 0.0, Max: 0.0, Diff: 0.0, Sum: 0.0]
      [Object Copy (ms): Min: 0.8, Avg: 0.8, Max: 0.8, Diff: 0.1, Sum: 4.8]
      [Termination (ms): Min: 0.0, Avg: 0.0, Max: 0.0, Diff: 0.0, Sum: 0.0]
         [Termination Attempts: Min: 1, Avg: 1.0, Max: 1, Diff: 0, Sum: 6]
      [GC Worker Other (ms): Min: 0.0, Avg: 0.1, Max: 0.2, Diff: 0.2, Sum: 0.8]
      [GC Worker Total (ms): Min: 1.4, Avg: 1.5, Max: 1.6, Diff: 0.2, Sum: 9.3]
      [GC Worker End (ms): Min: 127602.8, Avg: 127602.9, Max: 127603.0, Diff: 0.2]
   [Code Root Fixup: 0.0 ms]
   [Code Root Purge: 0.0 ms]
   [Clear CT: 0.5 ms]
   [Other: 1.0 ms]
      [Choose CSet: 0.0 ms]
      [Ref Proc: 0.1 ms]
      [Ref Enq: 0.0 ms]
      [Redirty Cards: 0.1 ms]
      [Humongous Register: 0.1 ms]
      [Humongous Reclaim: 0.0 ms]
      [Free CSet: 0.6 ms]
   [Eden: 2444.0M(2444.0M)->0.0B(2446.0M) Survivors: 12288.0K->10240.0K Heap: 2472.7M(4096.0M)->26997.2K(4096.0M)]
 [Times: user=0.00 sys=0.00, real=0.00 secs] 
2024-10-12T18:54:37.311+0300: 127.605: Total time for which application threads were stopped: 0.0037915 seconds, Stopping threads took: 0.0001930 seconds
2024-10-12T18:54:38.096+0300: 128.381: Application time: 0.7764254 seconds
2024-10-12T18:54:38.096+0300: 128.382: [GC pause (G1 Evacuation Pause) (young), 0.0034120 secs]
   [Parallel Time: 1.7 ms, GC Workers: 6]
      [GC Worker Start (ms): Min: 128381.6, Avg: 128381.7, Max: 128381.7, Diff: 0.0]
      [Ext Root Scanning (ms): Min: 0.3, Avg: 0.3, Max: 0.4, Diff: 0.0, Sum: 2.0]
      [Update RS (ms): Min: 0.1, Avg: 0.1, Max: 0.1, Diff: 0.0, Sum: 0.6]
         [Processed Buffers: Min: 1, Avg: 2.2, Max: 3, Diff: 2, Sum: 13]
      [Scan RS (ms): Min: 0.2, Avg: 0.2, Max: 0.2, Diff: 0.0, Sum: 1.0]
      [Code Root Scanning (ms): Min: 0.0, Avg: 0.0, Max: 0.0, Diff: 0.0, Sum: 0.0]
      [Object Copy (ms): Min: 0.8, Avg: 0.8, Max: 0.8, Diff: 0.0, Sum: 4.7]
      [Termination (ms): Min: 0.0, Avg: 0.0, Max: 0.0, Diff: 0.0, Sum: 0.0]
         [Termination Attempts: Min: 1, Avg: 1.0, Max: 1, Diff: 0, Sum: 6]
      [GC Worker Other (ms): Min: 0.0, Avg: 0.1, Max: 0.2, Diff: 0.2, Sum: 0.8]
      [GC Worker Total (ms): Min: 1.4, Avg: 1.5, Max: 1.6, Diff: 0.2, Sum: 9.0]
      [GC Worker End (ms): Min: 128383.1, Avg: 128383.2, Max: 128383.2, Diff: 0.2]
   [Code Root Fixup: 0.0 ms]
   [Code Root Purge: 0.0 ms]
   [Clear CT: 0.5 ms]
   [Other: 1.2 ms]
      [Choose CSet: 0.0 ms]
      [Ref Proc: 0.1 ms]
      [Ref Enq: 0.0 ms]
      [Redirty Cards: 0.1 ms]
      [Humongous Register: 0.0 ms]
      [Humongous Reclaim: 0.0 ms]
      [Free CSet: 0.7 ms]
   [Eden: 2446.0M(2446.0M)->0.0B(2444.0M) Survivors: 10240.0K->12288.0K Heap: 2472.4M(4096.0M)->30249.0K(4096.0M)]
 [Times: user=0.00 sys=0.00, real=0.00 secs] 
2024-10-12T18:54:38.096+0300: 128.385: Total time for which application threads were stopped: 0.0039150 seconds, Stopping threads took: 0.0002587 seconds
2024-10-12T18:54:38.865+0300: 129.159: Application time: 0.7740125 seconds
2024-10-12T18:54:38.865+0300: 129.159: [GC pause (G1 Evacuation Pause) (young), 0.0031682 secs]
   [Parallel Time: 1.6 ms, GC Workers: 6]
      [GC Worker Start (ms): Min: 129159.4, Avg: 129159.5, Max: 129159.5, Diff: 0.1]
      [Ext Root Scanning (ms): Min: 0.3, Avg: 0.4, Max: 0.4, Diff: 0.1, Sum: 2.2]
      [Update RS (ms): Min: 0.1, Avg: 0.1, Max: 0.1, Diff: 0.0, Sum: 0.6]
         [Processed Buffers: Min: 1, Avg: 2.2, Max: 3, Diff: 2, Sum: 13]
      [Scan RS (ms): Min: 0.2, Avg: 0.2, Max: 0.2, Diff: 0.0, Sum: 1.1]
      [Code Root Scanning (ms): Min: 0.0, Avg: 0.0, Max: 0.0, Diff: 0.0, Sum: 0.0]
      [Object Copy (ms): Min: 0.8, Avg: 0.8, Max: 0.8, Diff: 0.1, Sum: 4.8]
      [Termination (ms): Min: 0.0, Avg: 0.0, Max: 0.0, Diff: 0.0, Sum: 0.0]
         [Termination Attempts: Min: 1, Avg: 1.2, Max: 2, Diff: 1, Sum: 7]
      [GC Worker Other (ms): Min: 0.0, Avg: 0.1, Max: 0.1, Diff: 0.1, Sum: 0.6]
      [GC Worker Total (ms): Min: 1.5, Avg: 1.5, Max: 1.6, Diff: 0.1, Sum: 9.3]
      [GC Worker End (ms): Min: 129160.9, Avg: 129161.0, Max: 129161.0, Diff: 0.1]
   [Code Root Fixup: 0.0 ms]
   [Code Root Purge: 0.0 ms]
   [Clear CT: 0.5 ms]
   [Other: 1.0 ms]
      [Choose CSet: 0.0 ms]
      [Ref Proc: 0.1 ms]
      [Ref Enq: 0.0 ms]
      [Redirty Cards: 0.1 ms]
      [Humongous Register: 0.0 ms]
      [Humongous Reclaim: 0.0 ms]
      [Free CSet: 0.6 ms]
   [Eden: 2444.0M(2444.0M)->0.0B(2446.0M) Survivors: 12288.0K->10240.0K Heap: 2473.5M(4096.0M)->27019.6K(4096.0M)]
 [Times: user=0.02 sys=0.00, real=0.02 secs] 
2024-10-12T18:54:38.881+0300: 129.163: Total time for which application threads were stopped: 0.0035502 seconds, Stopping threads took: 0.0001603 seconds
2024-10-12T18:54:39.666+0300: 129.945: Application time: 0.7826679 seconds
2024-10-12T18:54:39.666+0300: 129.946: [GC pause (G1 Evacuation Pause) (young), 0.0031149 secs]
   [Parallel Time: 1.6 ms, GC Workers: 6]
      [GC Worker Start (ms): Min: 129945.7, Avg: 129945.7, Max: 129945.7, Diff: 0.1]
      [Ext Root Scanning (ms): Min: 0.3, Avg: 0.3, Max: 0.4, Diff: 0.1, Sum: 2.0]
      [Update RS (ms): Min: 0.1, Avg: 0.1, Max: 0.1, Diff: 0.0, Sum: 0.6]
         [Processed Buffers: Min: 1, Avg: 2.2, Max: 3, Diff: 2, Sum: 13]
      [Scan RS (ms): Min: 0.1, Avg: 0.2, Max: 0.2, Diff: 0.1, Sum: 1.1]
      [Code Root Scanning (ms): Min: 0.0, Avg: 0.0, Max: 0.0, Diff: 0.0, Sum: 0.0]
      [Object Copy (ms): Min: 0.7, Avg: 0.8, Max: 0.8, Diff: 0.1, Sum: 4.6]
      [Termination (ms): Min: 0.0, Avg: 0.0, Max: 0.0, Diff: 0.0, Sum: 0.0]
         [Termination Attempts: Min: 1, Avg: 1.0, Max: 1, Diff: 0, Sum: 6]
      [GC Worker Other (ms): Min: 0.0, Avg: 0.1, Max: 0.1, Diff: 0.1, Sum: 0.5]
      [GC Worker Total (ms): Min: 1.4, Avg: 1.5, Max: 1.5, Diff: 0.1, Sum: 8.8]
      [GC Worker End (ms): Min: 129947.1, Avg: 129947.2, Max: 129947.2, Diff: 0.1]
   [Code Root Fixup: 0.0 ms]
   [Code Root Purge: 0.0 ms]
   [Clear CT: 0.5 ms]
   [Other: 1.0 ms]
      [Choose CSet: 0.0 ms]
      [Ref Proc: 0.1 ms]
      [Ref Enq: 0.0 ms]
      [Redirty Cards: 0.1 ms]
      [Humongous Register: 0.1 ms]
      [Humongous Reclaim: 0.0 ms]
      [Free CSet: 0.6 ms]
   [Eden: 2446.0M(2446.0M)->0.0B(2446.0M) Survivors: 10240.0K->10240.0K Heap: 2472.4M(4096.0M)->28213.5K(4096.0M)]
 [Times: user=0.00 sys=0.00, real=0.00 secs] 
2024-10-12T18:54:39.666+0300: 129.949: Total time for which application threads were stopped: 0.0035005 seconds, Stopping threads took: 0.0001588 seconds
2024-10-12T18:54:40.435+0300: 130.729: Application time: 0.7806759 seconds
2024-10-12T18:54:40.435+0300: 130.730: [GC pause (G1 Evacuation Pause) (young), 0.0031491 secs]
   [Parallel Time: 1.6 ms, GC Workers: 6]
      [GC Worker Start (ms): Min: 130729.9, Avg: 130729.9, Max: 130730.0, Diff: 0.1]
      [Ext Root Scanning (ms): Min: 0.3, Avg: 0.4, Max: 0.5, Diff: 0.1, Sum: 2.2]
      [Update RS (ms): Min: 0.1, Avg: 0.1, Max: 0.1, Diff: 0.1, Sum: 0.6]
         [Processed Buffers: Min: 1, Avg: 2.2, Max: 3, Diff: 2, Sum: 13]
      [Scan RS (ms): Min: 0.2, Avg: 0.2, Max: 0.2, Diff: 0.0, Sum: 1.1]
      [Code Root Scanning (ms): Min: 0.0, Avg: 0.0, Max: 0.0, Diff: 0.0, Sum: 0.0]
      [Object Copy (ms): Min: 0.7, Avg: 0.7, Max: 0.7, Diff: 0.0, Sum: 4.4]
      [Termination (ms): Min: 0.0, Avg: 0.0, Max: 0.0, Diff: 0.0, Sum: 0.0]
         [Termination Attempts: Min: 1, Avg: 1.0, Max: 1, Diff: 0, Sum: 6]
      [GC Worker Other (ms): Min: 0.1, Avg: 0.1, Max: 0.2, Diff: 0.1, Sum: 0.7]
      [GC Worker Total (ms): Min: 1.5, Avg: 1.5, Max: 1.5, Diff: 0.1, Sum: 9.1]
      [GC Worker End (ms): Min: 130731.4, Avg: 130731.4, Max: 130731.5, Diff: 0.1]
   [Code Root Fixup: 0.0 ms]
   [Code Root Purge: 0.0 ms]
   [Clear CT: 0.5 ms]
   [Other: 1.0 ms]
      [Choose CSet: 0.0 ms]
      [Ref Proc: 0.1 ms]
      [Ref Enq: 0.0 ms]
      [Redirty Cards: 0.1 ms]
      [Humongous Register: 0.0 ms]
      [Humongous Reclaim: 0.0 ms]
      [Free CSet: 0.6 ms]
   [Eden: 2446.0M(2446.0M)->0.0B(2446.0M) Survivors: 10240.0K->10240.0K Heap: 2473.6M(4096.0M)->27369.0K(4096.0M)]
 [Times: user=0.02 sys=0.00, real=0.02 secs] 
2024-10-12T18:54:40.451+0300: 130.733: Total time for which application threads were stopped: 0.0036095 seconds, Stopping threads took: 0.0001869 seconds
2024-10-12T18:54:41.221+0300: 131.512: Application time: 0.7792021 seconds
2024-10-12T18:54:41.221+0300: 131.513: [GC pause (G1 Evacuation Pause) (young), 0.0034881 secs]
   [Parallel Time: 1.8 ms, GC Workers: 6]
      [GC Worker Start (ms): Min: 131512.7, Avg: 131512.7, Max: 131512.8, Diff: 0.1]
      [Ext Root Scanning (ms): Min: 0.3, Avg: 0.3, Max: 0.4, Diff: 0.1, Sum: 2.1]
      [Update RS (ms): Min: 0.0, Avg: 0.1, Max: 0.1, Diff: 0.1, Sum: 0.6]
         [Processed Buffers: Min: 0, Avg: 2.2, Max: 5, Diff: 5, Sum: 13]
      [Scan RS (ms): Min: 0.0, Avg: 0.2, Max: 0.2, Diff: 0.2, Sum: 1.1]
      [Code Root Scanning (ms): Min: 0.0, Avg: 0.0, Max: 0.0, Diff: 0.0, Sum: 0.0]
      [Object Copy (ms): Min: 0.9, Avg: 1.0, Max: 1.2, Diff: 0.3, Sum: 5.9]
      [Termination (ms): Min: 0.0, Avg: 0.0, Max: 0.0, Diff: 0.0, Sum: 0.0]
         [Termination Attempts: Min: 1, Avg: 1.7, Max: 3, Diff: 2, Sum: 10]
      [GC Worker Other (ms): Min: 0.1, Avg: 0.1, Max: 0.1, Diff: 0.1, Sum: 0.6]
      [GC Worker Total (ms): Min: 1.7, Avg: 1.7, Max: 1.8, Diff: 0.1, Sum: 10.3]
      [GC Worker End (ms): Min: 131514.4, Avg: 131514.4, Max: 131514.5, Diff: 0.1]
   [Code Root Fixup: 0.0 ms]
   [Code Root Purge: 0.0 ms]
   [Clear CT: 0.5 ms]
   [Other: 1.2 ms]
      [Choose CSet: 0.0 ms]
      [Ref Proc: 0.1 ms]
      [Ref Enq: 0.0 ms]
      [Redirty Cards: 0.1 ms]
      [Humongous Register: 0.1 ms]
      [Humongous Reclaim: 0.0 ms]
      [Free CSet: 0.8 ms]
   [Eden: 2446.0M(2446.0M)->0.0B(2446.0M) Survivors: 10240.0K->10240.0K Heap: 2472.7M(4096.0M)->28306.1K(4096.0M)]
 [Times: user=0.00 sys=0.00, real=0.02 secs] 
2024-10-12T18:54:41.236+0300: 131.516: Total time for which application threads were stopped: 0.0039060 seconds, Stopping threads took: 0.0001872 seconds
2024-10-12T18:54:42.006+0300: 132.292: Application time: 0.7755893 seconds
2024-10-12T18:54:42.006+0300: 132.292: [GC pause (G1 Evacuation Pause) (young), 0.0033544 secs]
   [Parallel Time: 1.6 ms, GC Workers: 6]
      [GC Worker Start (ms): Min: 132292.3, Avg: 132292.3, Max: 132292.3, Diff: 0.0]
      [Ext Root Scanning (ms): Min: 0.3, Avg: 0.3, Max: 0.4, Diff: 0.0, Sum: 2.0]
      [Update RS (ms): Min: 0.1, Avg: 0.1, Max: 0.1, Diff: 0.0, Sum: 0.6]
         [Processed Buffers: Min: 1, Avg: 2.0, Max: 3, Diff: 2, Sum: 12]
      [Scan RS (ms): Min: 0.1, Avg: 0.2, Max: 0.2, Diff: 0.0, Sum: 1.0]
      [Code Root Scanning (ms): Min: 0.0, Avg: 0.0, Max: 0.0, Diff: 0.0, Sum: 0.0]
      [Object Copy (ms): Min: 0.7, Avg: 0.8, Max: 0.8, Diff: 0.0, Sum: 4.5]
      [Termination (ms): Min: 0.0, Avg: 0.0, Max: 0.0, Diff: 0.0, Sum: 0.0]
         [Termination Attempts: Min: 1, Avg: 1.0, Max: 1, Diff: 0, Sum: 6]
      [GC Worker Other (ms): Min: 0.0, Avg: 0.1, Max: 0.2, Diff: 0.1, Sum: 0.6]
      [GC Worker Total (ms): Min: 1.4, Avg: 1.5, Max: 1.5, Diff: 0.1, Sum: 8.7]
      [GC Worker End (ms): Min: 132293.7, Avg: 132293.8, Max: 132293.8, Diff: 0.1]
   [Code Root Fixup: 0.0 ms]
   [Code Root Purge: 0.0 ms]
   [Clear CT: 0.4 ms]
   [Other: 1.4 ms]
      [Choose CSet: 0.0 ms]
      [Ref Proc: 0.1 ms]
      [Ref Enq: 0.0 ms]
      [Redirty Cards: 0.2 ms]
      [Humongous Register: 0.1 ms]
      [Humongous Reclaim: 0.0 ms]
      [Free CSet: 0.8 ms]
   [Eden: 2446.0M(2446.0M)->0.0B(2446.0M) Survivors: 10240.0K->10240.0K Heap: 2473.6M(4096.0M)->27380.5K(4096.0M)]
 [Times: user=0.00 sys=0.00, real=0.00 secs] 
2024-10-12T18:54:42.006+0300: 132.296: Total time for which application threads were stopped: 0.0038809 seconds, Stopping threads took: 0.0002574 seconds
2024-10-12T18:54:42.775+0300: 133.065: Application time: 0.7696973 seconds
2024-10-12T18:54:42.775+0300: 133.066: [GC pause (G1 Evacuation Pause) (young), 0.0034013 secs]
   [Parallel Time: 1.7 ms, GC Workers: 6]
      [GC Worker Start (ms): Min: 133065.8, Avg: 133065.8, Max: 133065.9, Diff: 0.1]
      [Ext Root Scanning (ms): Min: 0.3, Avg: 0.3, Max: 0.4, Diff: 0.1, Sum: 2.0]
      [Update RS (ms): Min: 0.0, Avg: 0.1, Max: 0.1, Diff: 0.1, Sum: 0.6]
         [Processed Buffers: Min: 1, Avg: 2.2, Max: 3, Diff: 2, Sum: 13]
      [Scan RS (ms): Min: 0.2, Avg: 0.2, Max: 0.2, Diff: 0.0, Sum: 1.0]
      [Code Root Scanning (ms): Min: 0.0, Avg: 0.0, Max: 0.0, Diff: 0.0, Sum: 0.0]
      [Object Copy (ms): Min: 0.8, Avg: 0.8, Max: 0.8, Diff: 0.1, Sum: 4.9]
      [Termination (ms): Min: 0.0, Avg: 0.0, Max: 0.0, Diff: 0.0, Sum: 0.0]
         [Termination Attempts: Min: 1, Avg: 1.5, Max: 2, Diff: 1, Sum: 9]
      [GC Worker Other (ms): Min: 0.0, Avg: 0.1, Max: 0.1, Diff: 0.1, Sum: 0.6]
      [GC Worker Total (ms): Min: 1.4, Avg: 1.5, Max: 1.6, Diff: 0.1, Sum: 9.1]
      [GC Worker End (ms): Min: 133067.3, Avg: 133067.4, Max: 133067.4, Diff: 0.1]
   [Code Root Fixup: 0.0 ms]
   [Code Root Purge: 0.0 ms]
   [Clear CT: 0.5 ms]
   [Other: 1.2 ms]
      [Choose CSet: 0.0 ms]
      [Ref Proc: 0.2 ms]
      [Ref Enq: 0.0 ms]
      [Redirty Cards: 0.1 ms]
      [Humongous Register: 0.0 ms]
      [Humongous Reclaim: 0.0 ms]
      [Free CSet: 0.6 ms]
   [Eden: 2446.0M(2446.0M)->0.0B(2446.0M) Survivors: 10240.0K->10240.0K Heap: 2472.7M(4096.0M)->28305.0K(4096.0M)]
 [Times: user=0.00 sys=0.00, real=0.00 secs] 
2024-10-12T18:54:42.775+0300: 133.069: Total time for which application threads were stopped: 0.0038349 seconds, Stopping threads took: 0.0001890 seconds
2024-10-12T18:54:43.561+0300: 133.844: Application time: 0.7747940 seconds
2024-10-12T18:54:43.561+0300: 133.844: [GC pause (G1 Evacuation Pause) (young), 0.0036877 secs]
   [Parallel Time: 2.2 ms, GC Workers: 6]
      [GC Worker Start (ms): Min: 133844.4, Avg: 133844.4, Max: 133844.5, Diff: 0.1]
      [Ext Root Scanning (ms): Min: 0.3, Avg: 0.3, Max: 0.4, Diff: 0.1, Sum: 2.0]
      [Update RS (ms): Min: 0.1, Avg: 0.1, Max: 0.1, Diff: 0.0, Sum: 0.6]
         [Processed Buffers: Min: 1, Avg: 2.2, Max: 4, Diff: 3, Sum: 13]
      [Scan RS (ms): Min: 0.2, Avg: 0.2, Max: 0.2, Diff: 0.0, Sum: 1.1]
      [Code Root Scanning (ms): Min: 0.0, Avg: 0.0, Max: 0.0, Diff: 0.0, Sum: 0.0]
      [Object Copy (ms): Min: 1.3, Avg: 1.4, Max: 1.4, Diff: 0.0, Sum: 8.2]
      [Termination (ms): Min: 0.0, Avg: 0.0, Max: 0.0, Diff: 0.0, Sum: 0.0]
         [Termination Attempts: Min: 1, Avg: 1.0, Max: 1, Diff: 0, Sum: 6]
      [GC Worker Other (ms): Min: 0.0, Avg: 0.1, Max: 0.1, Diff: 0.1, Sum: 0.4]
      [GC Worker Total (ms): Min: 2.0, Avg: 2.0, Max: 2.1, Diff: 0.1, Sum: 12.3]
      [GC Worker End (ms): Min: 133846.4, Avg: 133846.5, Max: 133846.5, Diff: 0.1]
   [Code Root Fixup: 0.0 ms]
   [Code Root Purge: 0.0 ms]
   [Clear CT: 0.5 ms]
   [Other: 1.0 ms]
      [Choose CSet: 0.0 ms]
      [Ref Proc: 0.1 ms]
      [Ref Enq: 0.0 ms]
      [Redirty Cards: 0.1 ms]
      [Humongous Register: 0.0 ms]
      [Humongous Reclaim: 0.0 ms]
      [Free CSet: 0.6 ms]
   [Eden: 2446.0M(2446.0M)->0.0B(2444.0M) Survivors: 10240.0K->12288.0K Heap: 2473.6M(4096.0M)->30369.2K(4096.0M)]
 [Times: user=0.00 sys=0.00, real=0.00 secs] 
2024-10-12T18:54:43.561+0300: 133.848: Total time for which application threads were stopped: 0.0040963 seconds, Stopping threads took: 0.0001891 seconds
2024-10-12T18:54:44.361+0300: 134.646: Application time: 0.7975553 seconds
2024-10-12T18:54:44.361+0300: 134.646: [GC pause (G1 Evacuation Pause) (young), 0.0045069 secs]
   [Parallel Time: 2.3 ms, GC Workers: 6]
      [GC Worker Start (ms): Min: 134646.1, Avg: 134646.2, Max: 134646.2, Diff: 0.1]
      [Ext Root Scanning (ms): Min: 0.3, Avg: 0.3, Max: 0.4, Diff: 0.1, Sum: 2.0]
      [Update RS (ms): Min: 0.1, Avg: 0.1, Max: 0.1, Diff: 0.1, Sum: 0.6]
         [Processed Buffers: Min: 1, Avg: 2.2, Max: 4, Diff: 3, Sum: 13]
      [Scan RS (ms): Min: 0.2, Avg: 0.2, Max: 0.2, Diff: 0.0, Sum: 1.0]
      [Code Root Scanning (ms): Min: 0.0, Avg: 0.0, Max: 0.0, Diff: 0.0, Sum: 0.0]
      [Object Copy (ms): Min: 1.3, Avg: 1.4, Max: 1.4, Diff: 0.1, Sum: 8.3]
      [Termination (ms): Min: 0.0, Avg: 0.0, Max: 0.0, Diff: 0.0, Sum: 0.0]
         [Termination Attempts: Min: 1, Avg: 1.0, Max: 1, Diff: 0, Sum: 6]
      [GC Worker Other (ms): Min: 0.0, Avg: 0.1, Max: 0.2, Diff: 0.1, Sum: 0.6]
      [GC Worker Total (ms): Min: 2.0, Avg: 2.1, Max: 2.2, Diff: 0.2, Sum: 12.6]
      [GC Worker End (ms): Min: 134648.2, Avg: 134648.3, Max: 134648.3, Diff: 0.1]
   [Code Root Fixup: 0.0 ms]
   [Code Root Purge: 0.0 ms]
   [Clear CT: 0.6 ms]
   [Other: 1.6 ms]
      [Choose CSet: 0.0 ms]
      [Ref Proc: 0.1 ms]
      [Ref Enq: 0.0 ms]
      [Redirty Cards: 0.1 ms]
      [Humongous Register: 0.1 ms]
      [Humongous Reclaim: 0.0 ms]
      [Free CSet: 1.1 ms]
   [Eden: 2444.0M(2444.0M)->0.0B(2444.0M) Survivors: 12288.0K->12288.0K Heap: 2473.7M(4096.0M)->30536.2K(4096.0M)]
 [Times: user=0.01 sys=0.00, real=0.00 secs] 
2024-10-12T18:54:44.361+0300: 134.651: Total time for which application threads were stopped: 0.0049406 seconds, Stopping threads took: 0.0001691 seconds
2024-10-12T18:54:45.209+0300: 135.494: Application time: 0.8433875 seconds
2024-10-12T18:54:45.209+0300: 135.494: [GC pause (G1 Evacuation Pause) (young), 0.0037005 secs]
   [Parallel Time: 1.6 ms, GC Workers: 6]
      [GC Worker Start (ms): Min: 135494.4, Avg: 135494.4, Max: 135494.5, Diff: 0.1]
      [Ext Root Scanning (ms): Min: 0.3, Avg: 0.3, Max: 0.4, Diff: 0.1, Sum: 1.9]
      [Update RS (ms): Min: 0.1, Avg: 0.1, Max: 0.1, Diff: 0.1, Sum: 0.6]
         [Processed Buffers: Min: 2, Avg: 2.2, Max: 3, Diff: 1, Sum: 13]
      [Scan RS (ms): Min: 0.1, Avg: 0.2, Max: 0.2, Diff: 0.0, Sum: 1.0]
      [Code Root Scanning (ms): Min: 0.0, Avg: 0.0, Max: 0.0, Diff: 0.0, Sum: 0.0]
      [Object Copy (ms): Min: 0.7, Avg: 0.7, Max: 0.8, Diff: 0.1, Sum: 4.4]
      [Termination (ms): Min: 0.0, Avg: 0.0, Max: 0.0, Diff: 0.0, Sum: 0.0]
         [Termination Attempts: Min: 1, Avg: 2.0, Max: 4, Diff: 3, Sum: 12]
      [GC Worker Other (ms): Min: 0.0, Avg: 0.1, Max: 0.2, Diff: 0.2, Sum: 0.7]
      [GC Worker Total (ms): Min: 1.4, Avg: 1.4, Max: 1.5, Diff: 0.2, Sum: 8.7]
      [GC Worker End (ms): Min: 135495.8, Avg: 135495.9, Max: 135496.0, Diff: 0.2]
   [Code Root Fixup: 0.0 ms]
   [Code Root Purge: 0.0 ms]
   [Clear CT: 0.5 ms]
   [Other: 1.5 ms]
      [Choose CSet: 0.0 ms]
      [Ref Proc: 0.1 ms]
      [Ref Enq: 0.0 ms]
      [Redirty Cards: 0.1 ms]
      [Humongous Register: 0.1 ms]
      [Humongous Reclaim: 0.0 ms]
      [Free CSet: 1.0 ms]
   [Eden: 2444.0M(2444.0M)->0.0B(2448.0M) Survivors: 12288.0K->8192.0K Heap: 2473.8M(4096.0M)->25418.7K(4096.0M)]
 [Times: user=0.01 sys=0.00, real=0.00 secs] 
2024-10-12T18:54:45.209+0300: 135.498: Total time for which application threads were stopped: 0.0041142 seconds, Stopping threads took: 0.0001649 seconds
2024-10-12T18:54:46.010+0300: 136.296: Application time: 0.7982993 seconds
2024-10-12T18:54:46.010+0300: 136.297: [GC pause (G1 Evacuation Pause) (young), 0.0039991 secs]
   [Parallel Time: 1.9 ms, GC Workers: 6]
      [GC Worker Start (ms): Min: 136296.9, Avg: 136297.0, Max: 136297.0, Diff: 0.1]
      [Ext Root Scanning (ms): Min: 0.3, Avg: 0.3, Max: 0.4, Diff: 0.1, Sum: 2.0]
      [Update RS (ms): Min: 0.0, Avg: 0.1, Max: 0.1, Diff: 0.1, Sum: 0.6]
         [Processed Buffers: Min: 0, Avg: 2.2, Max: 4, Diff: 4, Sum: 13]
      [Scan RS (ms): Min: 0.2, Avg: 0.2, Max: 0.2, Diff: 0.1, Sum: 1.1]
      [Code Root Scanning (ms): Min: 0.0, Avg: 0.0, Max: 0.0, Diff: 0.0, Sum: 0.0]
      [Object Copy (ms): Min: 0.8, Avg: 0.9, Max: 1.3, Diff: 0.4, Sum: 5.6]
      [Termination (ms): Min: 0.0, Avg: 0.2, Max: 0.2, Diff: 0.2, Sum: 1.1]
         [Termination Attempts: Min: 1, Avg: 2.0, Max: 3, Diff: 2, Sum: 12]
      [GC Worker Other (ms): Min: 0.0, Avg: 0.0, Max: 0.1, Diff: 0.1, Sum: 0.2]
      [GC Worker Total (ms): Min: 1.7, Avg: 1.8, Max: 1.9, Diff: 0.1, Sum: 10.8]
      [GC Worker End (ms): Min: 136298.7, Avg: 136298.8, Max: 136298.8, Diff: 0.1]
   [Code Root Fixup: 0.0 ms]
   [Code Root Purge: 0.0 ms]
   [Clear CT: 0.5 ms]
   [Other: 1.6 ms]
      [Choose CSet: 0.0 ms]
      [Ref Proc: 0.1 ms]
      [Ref Enq: 0.0 ms]
      [Redirty Cards: 0.1 ms]
      [Humongous Register: 0.1 ms]
      [Humongous Reclaim: 0.0 ms]
      [Free CSet: 1.0 ms]
   [Eden: 2448.0M(2448.0M)->0.0B(2446.0M) Survivors: 8192.0K->10240.0K Heap: 2472.8M(4096.0M)->28452.6K(4096.0M)]
 [Times: user=0.00 sys=0.00, real=0.00 secs] 
2024-10-12T18:54:46.010+0300: 136.301: Total time for which application threads were stopped: 0.0044547 seconds, Stopping threads took: 0.0001776 seconds
2024-10-12T18:54:46.808+0300: 137.088: Application time: 0.7875087 seconds
2024-10-12T18:54:46.808+0300: 137.089: [GC pause (G1 Evacuation Pause) (young), 0.0034798 secs]
   [Parallel Time: 1.6 ms, GC Workers: 6]
      [GC Worker Start (ms): Min: 137088.9, Avg: 137088.9, Max: 137088.9, Diff: 0.0]
      [Ext Root Scanning (ms): Min: 0.3, Avg: 0.3, Max: 0.4, Diff: 0.1, Sum: 1.9]
      [Update RS (ms): Min: 0.1, Avg: 0.1, Max: 0.1, Diff: 0.0, Sum: 0.6]
         [Processed Buffers: Min: 1, Avg: 2.0, Max: 3, Diff: 2, Sum: 12]
      [Scan RS (ms): Min: 0.2, Avg: 0.2, Max: 0.2, Diff: 0.0, Sum: 1.1]
      [Code Root Scanning (ms): Min: 0.0, Avg: 0.0, Max: 0.0, Diff: 0.0, Sum: 0.0]
      [Object Copy (ms): Min: 0.7, Avg: 0.7, Max: 0.8, Diff: 0.1, Sum: 4.3]
      [Termination (ms): Min: 0.0, Avg: 0.0, Max: 0.0, Diff: 0.0, Sum: 0.0]
         [Termination Attempts: Min: 1, Avg: 1.0, Max: 1, Diff: 0, Sum: 6]
      [GC Worker Other (ms): Min: 0.0, Avg: 0.1, Max: 0.2, Diff: 0.2, Sum: 0.8]
      [GC Worker Total (ms): Min: 1.3, Avg: 1.5, Max: 1.5, Diff: 0.2, Sum: 8.8]
      [GC Worker End (ms): Min: 137090.3, Avg: 137090.4, Max: 137090.4, Diff: 0.1]
   [Code Root Fixup: 0.0 ms]
   [Code Root Purge: 0.0 ms]
   [Clear CT: 0.5 ms]
   [Other: 1.3 ms]
      [Choose CSet: 0.0 ms]
      [Ref Proc: 0.1 ms]
      [Ref Enq: 0.0 ms]
      [Redirty Cards: 0.1 ms]
      [Humongous Register: 0.1 ms]
      [Humongous Reclaim: 0.0 ms]
      [Free CSet: 0.9 ms]
   [Eden: 2446.0M(2446.0M)->0.0B(2448.0M) Survivors: 10240.0K->8192.0K Heap: 2473.8M(4096.0M)->26194.2K(4096.0M)]
 [Times: user=0.00 sys=0.00, real=0.00 secs] 
2024-10-12T18:54:46.810+0300: 137.092: Total time for which application threads were stopped: 0.0039860 seconds, Stopping threads took: 0.0002021 seconds
2024-10-12T18:54:47.611+0300: 137.904: Application time: 0.8115431 seconds
2024-10-12T18:54:47.611+0300: 137.904: [GC pause (G1 Evacuation Pause) (young), 0.0037957 secs]
   [Parallel Time: 1.6 ms, GC Workers: 6]
      [GC Worker Start (ms): Min: 137904.4, Avg: 137904.5, Max: 137904.5, Diff: 0.1]
      [Ext Root Scanning (ms): Min: 0.3, Avg: 0.3, Max: 0.3, Diff: 0.1, Sum: 1.9]
      [Update RS (ms): Min: 0.1, Avg: 0.1, Max: 0.1, Diff: 0.1, Sum: 0.6]
         [Processed Buffers: Min: 1, Avg: 2.2, Max: 3, Diff: 2, Sum: 13]
      [Scan RS (ms): Min: 0.2, Avg: 0.2, Max: 0.2, Diff: 0.0, Sum: 1.0]
      [Code Root Scanning (ms): Min: 0.0, Avg: 0.0, Max: 0.0, Diff: 0.0, Sum: 0.0]
      [Object Copy (ms): Min: 0.8, Avg: 0.8, Max: 0.9, Diff: 0.0, Sum: 5.0]
      [Termination (ms): Min: 0.0, Avg: 0.1, Max: 0.1, Diff: 0.1, Sum: 0.4]
         [Termination Attempts: Min: 1, Avg: 1.2, Max: 2, Diff: 1, Sum: 7]
      [GC Worker Other (ms): Min: 0.0, Avg: 0.0, Max: 0.0, Diff: 0.0, Sum: 0.1]
      [GC Worker Total (ms): Min: 1.5, Avg: 1.5, Max: 1.5, Diff: 0.1, Sum: 9.1]
      [GC Worker End (ms): Min: 137906.0, Avg: 137906.0, Max: 137906.0, Diff: 0.1]
   [Code Root Fixup: 0.0 ms]
   [Code Root Purge: 0.0 ms]
   [Clear CT: 0.5 ms]
   [Other: 1.6 ms]
      [Choose CSet: 0.0 ms]
      [Ref Proc: 0.1 ms]
      [Ref Enq: 0.0 ms]
      [Redirty Cards: 0.1 ms]
      [Humongous Register: 0.1 ms]
      [Humongous Reclaim: 0.0 ms]
      [Free CSet: 1.1 ms]
   [Eden: 2448.0M(2448.0M)->0.0B(2444.0M) Survivors: 8192.0K->12288.0K Heap: 2473.6M(4096.0M)->29345.9K(4096.0M)]
 [Times: user=0.02 sys=0.00, real=0.02 secs] 
2024-10-12T18:54:47.627+0300: 137.908: Total time for which application threads were stopped: 0.0043141 seconds, Stopping threads took: 0.0002686 seconds
2024-10-12T18:54:48.427+0300: 138.712: Application time: 0.8035701 seconds
2024-10-12T18:54:48.427+0300: 138.712: [GC pause (G1 Evacuation Pause) (young), 0.0036777 secs]
   [Parallel Time: 2.0 ms, GC Workers: 6]
      [GC Worker Start (ms): Min: 138712.3, Avg: 138712.3, Max: 138712.4, Diff: 0.1]
      [Ext Root Scanning (ms): Min: 0.3, Avg: 0.4, Max: 0.4, Diff: 0.1, Sum: 2.1]
      [Update RS (ms): Min: 0.0, Avg: 0.1, Max: 0.1, Diff: 0.1, Sum: 0.6]
         [Processed Buffers: Min: 0, Avg: 2.2, Max: 3, Diff: 3, Sum: 13]
      [Scan RS (ms): Min: 0.1, Avg: 0.2, Max: 0.2, Diff: 0.1, Sum: 1.2]
      [Code Root Scanning (ms): Min: 0.0, Avg: 0.0, Max: 0.0, Diff: 0.0, Sum: 0.0]
      [Object Copy (ms): Min: 0.8, Avg: 0.9, Max: 1.3, Diff: 0.5, Sum: 5.5]
      [Termination (ms): Min: 0.0, Avg: 0.2, Max: 0.2, Diff: 0.2, Sum: 1.0]
         [Termination Attempts: Min: 1, Avg: 1.3, Max: 2, Diff: 1, Sum: 8]
      [GC Worker Other (ms): Min: 0.0, Avg: 0.0, Max: 0.1, Diff: 0.1, Sum: 0.3]
      [GC Worker Total (ms): Min: 1.8, Avg: 1.8, Max: 1.9, Diff: 0.1, Sum: 10.8]
      [GC Worker End (ms): Min: 138714.1, Avg: 138714.1, Max: 138714.2, Diff: 0.1]
   [Code Root Fixup: 0.0 ms]
   [Code Root Purge: 0.0 ms]
   [Clear CT: 0.5 ms]
   [Other: 1.2 ms]
      [Choose CSet: 0.0 ms]
      [Ref Proc: 0.1 ms]
      [Ref Enq: 0.0 ms]
      [Redirty Cards: 0.1 ms]
      [Humongous Register: 0.1 ms]
      [Humongous Reclaim: 0.0 ms]
      [Free CSet: 0.7 ms]
   [Eden: 2444.0M(2444.0M)->0.0B(2446.0M) Survivors: 12288.0K->10240.0K Heap: 2472.7M(4096.0M)->28296.2K(4096.0M)]
 [Times: user=0.00 sys=0.00, real=0.00 secs] 
2024-10-12T18:54:48.427+0300: 138.716: Total time for which application threads were stopped: 0.0041238 seconds, Stopping threads took: 0.0001789 seconds
2024-10-12T18:54:49.214+0300: 139.501: Application time: 0.7846469 seconds
2024-10-12T18:54:49.214+0300: 139.501: [GC pause (G1 Evacuation Pause) (young), 0.0031118 secs]
   [Parallel Time: 1.6 ms, GC Workers: 6]
      [GC Worker Start (ms): Min: 139501.0, Avg: 139501.0, Max: 139501.1, Diff: 0.1]
      [Ext Root Scanning (ms): Min: 0.2, Avg: 0.3, Max: 0.4, Diff: 0.1, Sum: 2.0]
      [Update RS (ms): Min: 0.1, Avg: 0.1, Max: 0.1, Diff: 0.1, Sum: 0.6]
         [Processed Buffers: Min: 1, Avg: 2.0, Max: 3, Diff: 2, Sum: 12]
      [Scan RS (ms): Min: 0.2, Avg: 0.2, Max: 0.2, Diff: 0.0, Sum: 1.0]
      [Code Root Scanning (ms): Min: 0.0, Avg: 0.0, Max: 0.0, Diff: 0.0, Sum: 0.0]
      [Object Copy (ms): Min: 0.7, Avg: 0.7, Max: 0.8, Diff: 0.0, Sum: 4.5]
      [Termination (ms): Min: 0.0, Avg: 0.0, Max: 0.0, Diff: 0.0, Sum: 0.0]
         [Termination Attempts: Min: 1, Avg: 1.0, Max: 1, Diff: 0, Sum: 6]
      [GC Worker Other (ms): Min: 0.0, Avg: 0.1, Max: 0.1, Diff: 0.1, Sum: 0.5]
      [GC Worker Total (ms): Min: 1.4, Avg: 1.4, Max: 1.5, Diff: 0.1, Sum: 8.6]
      [GC Worker End (ms): Min: 139502.4, Avg: 139502.4, Max: 139502.5, Diff: 0.1]
   [Code Root Fixup: 0.0 ms]
   [Code Root Purge: 0.0 ms]
   [Clear CT: 0.5 ms]
   [Other: 1.0 ms]
      [Choose CSet: 0.0 ms]
      [Ref Proc: 0.1 ms]
      [Ref Enq: 0.0 ms]
      [Redirty Cards: 0.1 ms]
      [Humongous Register: 0.0 ms]
      [Humongous Reclaim: 0.0 ms]
      [Free CSet: 0.7 ms]
   [Eden: 2446.0M(2446.0M)->0.0B(2446.0M) Survivors: 10240.0K->10240.0K Heap: 2473.6M(4096.0M)->27030.8K(4096.0M)]
 [Times: user=0.00 sys=0.00, real=0.00 secs] 
2024-10-12T18:54:49.214+0300: 139.504: Total time for which application threads were stopped: 0.0035036 seconds, Stopping threads took: 0.0001773 seconds
2024-10-12T18:54:49.997+0300: 140.281: Application time: 0.7766772 seconds
2024-10-12T18:54:49.997+0300: 140.281: [GC pause (G1 Evacuation Pause) (young), 0.0033400 secs]
   [Parallel Time: 1.4 ms, GC Workers: 6]
      [GC Worker Start (ms): Min: 140281.2, Avg: 140281.2, Max: 140281.2, Diff: 0.0]
      [Ext Root Scanning (ms): Min: 0.3, Avg: 0.3, Max: 0.4, Diff: 0.0, Sum: 2.0]
      [Update RS (ms): Min: 0.1, Avg: 0.1, Max: 0.1, Diff: 0.1, Sum: 0.6]
         [Processed Buffers: Min: 2, Avg: 2.2, Max: 3, Diff: 1, Sum: 13]
      [Scan RS (ms): Min: 0.1, Avg: 0.2, Max: 0.2, Diff: 0.0, Sum: 1.0]
      [Code Root Scanning (ms): Min: 0.0, Avg: 0.0, Max: 0.0, Diff: 0.0, Sum: 0.0]
      [Object Copy (ms): Min: 0.7, Avg: 0.7, Max: 0.7, Diff: 0.1, Sum: 4.3]
      [Termination (ms): Min: 0.0, Avg: 0.0, Max: 0.0, Diff: 0.0, Sum: 0.0]
         [Termination Attempts: Min: 1, Avg: 1.0, Max: 1, Diff: 0, Sum: 6]
      [GC Worker Other (ms): Min: 0.0, Avg: 0.0, Max: 0.1, Diff: 0.0, Sum: 0.3]
      [GC Worker Total (ms): Min: 1.3, Avg: 1.4, Max: 1.4, Diff: 0.1, Sum: 8.2]
      [GC Worker End (ms): Min: 140282.6, Avg: 140282.6, Max: 140282.6, Diff: 0.0]
   [Code Root Fixup: 0.0 ms]
   [Code Root Purge: 0.0 ms]
   [Clear CT: 0.6 ms]
   [Other: 1.3 ms]
      [Choose CSet: 0.0 ms]
      [Ref Proc: 0.2 ms]
      [Ref Enq: 0.0 ms]
      [Redirty Cards: 0.1 ms]
      [Humongous Register: 0.1 ms]
      [Humongous Reclaim: 0.0 ms]
      [Free CSet: 0.8 ms]
   [Eden: 2446.0M(2446.0M)->0.0B(2446.0M) Survivors: 10240.0K->10240.0K Heap: 2472.4M(4096.0M)->28209.8K(4096.0M)]
 [Times: user=0.00 sys=0.00, real=0.00 secs] 
2024-10-12T18:54:49.997+0300: 140.285: Total time for which application threads were stopped: 0.0037451 seconds, Stopping threads took: 0.0001312 seconds
2024-10-12T18:54:50.767+0300: 141.058: Application time: 0.7734753 seconds
2024-10-12T18:54:50.767+0300: 141.058: [GC pause (G1 Evacuation Pause) (young), 0.0031788 secs]
   [Parallel Time: 1.6 ms, GC Workers: 6]
      [GC Worker Start (ms): Min: 141058.4, Avg: 141058.4, Max: 141058.4, Diff: 0.1]
      [Ext Root Scanning (ms): Min: 0.3, Avg: 0.3, Max: 0.4, Diff: 0.1, Sum: 1.9]
      [Update RS (ms): Min: 0.1, Avg: 0.1, Max: 0.1, Diff: 0.0, Sum: 0.6]
         [Processed Buffers: Min: 1, Avg: 2.2, Max: 3, Diff: 2, Sum: 13]
      [Scan RS (ms): Min: 0.2, Avg: 0.2, Max: 0.2, Diff: 0.0, Sum: 1.0]
      [Code Root Scanning (ms): Min: 0.0, Avg: 0.0, Max: 0.0, Diff: 0.0, Sum: 0.0]
      [Object Copy (ms): Min: 0.8, Avg: 0.8, Max: 0.8, Diff: 0.0, Sum: 4.7]
      [Termination (ms): Min: 0.0, Avg: 0.0, Max: 0.0, Diff: 0.0, Sum: 0.0]
         [Termination Attempts: Min: 1, Avg: 3.5, Max: 7, Diff: 6, Sum: 21]
      [GC Worker Other (ms): Min: 0.0, Avg: 0.1, Max: 0.1, Diff: 0.1, Sum: 0.5]
      [GC Worker Total (ms): Min: 1.4, Avg: 1.5, Max: 1.5, Diff: 0.1, Sum: 8.8]
      [GC Worker End (ms): Min: 141059.8, Avg: 141059.8, Max: 141059.9, Diff: 0.1]
   [Code Root Fixup: 0.0 ms]
   [Code Root Purge: 0.0 ms]
   [Clear CT: 0.5 ms]
   [Other: 1.1 ms]
      [Choose CSet: 0.0 ms]
      [Ref Proc: 0.1 ms]
      [Ref Enq: 0.0 ms]
      [Redirty Cards: 0.1 ms]
      [Humongous Register: 0.0 ms]
      [Humongous Reclaim: 0.0 ms]
      [Free CSet: 0.7 ms]
   [Eden: 2446.0M(2446.0M)->0.0B(2446.0M) Survivors: 10240.0K->10240.0K Heap: 2473.5M(4096.0M)->28285.3K(4096.0M)]
 [Times: user=0.00 sys=0.00, real=0.02 secs] 
2024-10-12T18:54:50.782+0300: 141.062: Total time for which application threads were stopped: 0.0035901 seconds, Stopping threads took: 0.0001812 seconds
2024-10-12T18:54:51.551+0300: 141.842: Application time: 0.7800410 seconds
2024-10-12T18:54:51.551+0300: 141.842: [GC pause (G1 Evacuation Pause) (young), 0.0031279 secs]
   [Parallel Time: 1.6 ms, GC Workers: 6]
      [GC Worker Start (ms): Min: 141842.0, Avg: 141842.1, Max: 141842.1, Diff: 0.1]
      [Ext Root Scanning (ms): Min: 0.3, Avg: 0.3, Max: 0.4, Diff: 0.1, Sum: 2.0]
      [Update RS (ms): Min: 0.1, Avg: 0.1, Max: 0.1, Diff: 0.0, Sum: 0.6]
         [Processed Buffers: Min: 1, Avg: 2.2, Max: 4, Diff: 3, Sum: 13]
      [Scan RS (ms): Min: 0.2, Avg: 0.2, Max: 0.2, Diff: 0.0, Sum: 1.0]
      [Code Root Scanning (ms): Min: 0.0, Avg: 0.0, Max: 0.0, Diff: 0.0, Sum: 0.0]
      [Object Copy (ms): Min: 0.7, Avg: 0.8, Max: 0.8, Diff: 0.0, Sum: 4.6]
      [Termination (ms): Min: 0.0, Avg: 0.0, Max: 0.0, Diff: 0.0, Sum: 0.0]
         [Termination Attempts: Min: 1, Avg: 1.0, Max: 1, Diff: 0, Sum: 6]
      [GC Worker Other (ms): Min: 0.0, Avg: 0.1, Max: 0.1, Diff: 0.1, Sum: 0.5]
      [GC Worker Total (ms): Min: 1.4, Avg: 1.5, Max: 1.5, Diff: 0.1, Sum: 8.8]
      [GC Worker End (ms): Min: 141843.5, Avg: 141843.5, Max: 141843.6, Diff: 0.1]
   [Code Root Fixup: 0.0 ms]
   [Code Root Purge: 0.0 ms]
   [Clear CT: 0.5 ms]
   [Other: 1.0 ms]
      [Choose CSet: 0.0 ms]
      [Ref Proc: 0.1 ms]
      [Ref Enq: 0.0 ms]
      [Redirty Cards: 0.1 ms]
      [Humongous Register: 0.0 ms]
      [Humongous Reclaim: 0.0 ms]
      [Free CSet: 0.6 ms]
   [Eden: 2446.0M(2446.0M)->0.0B(2446.0M) Survivors: 10240.0K->10240.0K Heap: 2473.6M(4096.0M)->28329.8K(4096.0M)]
 [Times: user=0.00 sys=0.00, real=0.00 secs] 
2024-10-12T18:54:51.551+0300: 141.845: Total time for which application threads were stopped: 0.0035823 seconds, Stopping threads took: 0.0002195 seconds
2024-10-12T18:54:52.336+0300: 142.622: Application time: 0.7770280 seconds
2024-10-12T18:54:52.336+0300: 142.623: [GC pause (G1 Evacuation Pause) (young), 0.0033433 secs]
   [Parallel Time: 1.7 ms, GC Workers: 6]
      [GC Worker Start (ms): Min: 142622.7, Avg: 142622.8, Max: 142623.1, Diff: 0.4]
      [Ext Root Scanning (ms): Min: 0.0, Avg: 0.3, Max: 0.4, Diff: 0.4, Sum: 1.8]
      [Update RS (ms): Min: 0.1, Avg: 0.1, Max: 0.1, Diff: 0.1, Sum: 0.6]
         [Processed Buffers: Min: 1, Avg: 2.2, Max: 3, Diff: 2, Sum: 13]
      [Scan RS (ms): Min: 0.1, Avg: 0.2, Max: 0.2, Diff: 0.1, Sum: 1.0]
      [Code Root Scanning (ms): Min: 0.0, Avg: 0.0, Max: 0.0, Diff: 0.0, Sum: 0.0]
      [Object Copy (ms): Min: 0.8, Avg: 0.8, Max: 0.8, Diff: 0.1, Sum: 4.8]
      [Termination (ms): Min: 0.0, Avg: 0.0, Max: 0.0, Diff: 0.0, Sum: 0.0]
         [Termination Attempts: Min: 1, Avg: 1.0, Max: 1, Diff: 0, Sum: 6]
      [GC Worker Other (ms): Min: 0.0, Avg: 0.1, Max: 0.2, Diff: 0.1, Sum: 0.6]
      [GC Worker Total (ms): Min: 1.2, Avg: 1.5, Max: 1.6, Diff: 0.4, Sum: 8.9]
      [GC Worker End (ms): Min: 142624.2, Avg: 142624.3, Max: 142624.3, Diff: 0.1]
   [Code Root Fixup: 0.0 ms]
   [Code Root Purge: 0.0 ms]
   [Clear CT: 0.5 ms]
   [Other: 1.1 ms]
      [Choose CSet: 0.0 ms]
      [Ref Proc: 0.1 ms]
      [Ref Enq: 0.0 ms]
      [Redirty Cards: 0.1 ms]
      [Humongous Register: 0.1 ms]
      [Humongous Reclaim: 0.0 ms]
      [Free CSet: 0.7 ms]
   [Eden: 2446.0M(2446.0M)->0.0B(2446.0M) Survivors: 10240.0K->10240.0K Heap: 2473.7M(4096.0M)->28426.6K(4096.0M)]
 [Times: user=0.00 sys=0.00, real=0.00 secs] 
2024-10-12T18:54:52.336+0300: 142.626: Total time for which application threads were stopped: 0.0038063 seconds, Stopping threads took: 0.0002143 seconds
2024-10-12T18:54:53.123+0300: 143.404: Application time: 0.7778435 seconds
2024-10-12T18:54:53.123+0300: 143.404: [GC pause (G1 Evacuation Pause) (young), 0.0045654 secs]
   [Parallel Time: 2.8 ms, GC Workers: 6]
      [GC Worker Start (ms): Min: 143404.3, Avg: 143404.3, Max: 143404.3, Diff: 0.1]
      [Ext Root Scanning (ms): Min: 0.3, Avg: 0.3, Max: 0.4, Diff: 0.1, Sum: 2.0]
      [Update RS (ms): Min: 0.1, Avg: 0.1, Max: 0.1, Diff: 0.1, Sum: 0.6]
         [Processed Buffers: Min: 1, Avg: 2.2, Max: 3, Diff: 2, Sum: 13]
      [Scan RS (ms): Min: 0.2, Avg: 0.2, Max: 0.2, Diff: 0.0, Sum: 1.0]
      [Code Root Scanning (ms): Min: 0.0, Avg: 0.0, Max: 0.0, Diff: 0.0, Sum: 0.0]
      [Object Copy (ms): Min: 1.9, Avg: 1.9, Max: 2.0, Diff: 0.1, Sum: 11.5]
      [Termination (ms): Min: 0.0, Avg: 0.0, Max: 0.0, Diff: 0.0, Sum: 0.0]
         [Termination Attempts: Min: 1, Avg: 1.0, Max: 1, Diff: 0, Sum: 6]
      [GC Worker Other (ms): Min: 0.0, Avg: 0.1, Max: 0.2, Diff: 0.1, Sum: 0.8]
      [GC Worker Total (ms): Min: 2.6, Avg: 2.7, Max: 2.7, Diff: 0.1, Sum: 15.9]
      [GC Worker End (ms): Min: 143406.9, Avg: 143407.0, Max: 143407.0, Diff: 0.1]
   [Code Root Fixup: 0.0 ms]
   [Code Root Purge: 0.0 ms]
   [Clear CT: 0.6 ms]
   [Other: 1.2 ms]
      [Choose CSet: 0.0 ms]
      [Ref Proc: 0.2 ms]
      [Ref Enq: 0.0 ms]
      [Redirty Cards: 0.1 ms]
      [Humongous Register: 0.1 ms]
      [Humongous Reclaim: 0.0 ms]
      [Free CSet: 0.7 ms]
   [Eden: 2446.0M(2446.0M)->0.0B(2444.0M) Survivors: 10240.0K->12288.0K Heap: 2473.8M(4096.0M)->30518.8K(4096.0M)]
 [Times: user=0.00 sys=0.00, real=0.00 secs] 
2024-10-12T18:54:53.123+0300: 143.409: Total time for which application threads were stopped: 0.0049605 seconds, Stopping threads took: 0.0001322 seconds
2024-10-12T18:54:53.906+0300: 144.185: Application time: 0.7763151 seconds
2024-10-12T18:54:53.906+0300: 144.185: [GC pause (G1 Evacuation Pause) (young), 0.0042752 secs]
   [Parallel Time: 2.4 ms, GC Workers: 6]
      [GC Worker Start (ms): Min: 144185.5, Avg: 144185.8, Max: 144186.7, Diff: 1.1]
      [Ext Root Scanning (ms): Min: 0.0, Avg: 0.3, Max: 0.4, Diff: 0.4, Sum: 1.8]
      [Update RS (ms): Min: 0.0, Avg: 0.1, Max: 0.1, Diff: 0.1, Sum: 0.6]
         [Processed Buffers: Min: 0, Avg: 2.2, Max: 3, Diff: 3, Sum: 13]
      [Scan RS (ms): Min: 0.0, Avg: 0.2, Max: 0.2, Diff: 0.2, Sum: 1.0]
      [Code Root Scanning (ms): Min: 0.0, Avg: 0.0, Max: 0.0, Diff: 0.0, Sum: 0.0]
      [Object Copy (ms): Min: 1.0, Avg: 1.4, Max: 1.5, Diff: 0.5, Sum: 8.6]
      [Termination (ms): Min: 0.0, Avg: 0.0, Max: 0.0, Diff: 0.0, Sum: 0.0]
         [Termination Attempts: Min: 1, Avg: 1.0, Max: 1, Diff: 0, Sum: 6]
      [GC Worker Other (ms): Min: 0.0, Avg: 0.1, Max: 0.2, Diff: 0.1, Sum: 0.6]
      [GC Worker Total (ms): Min: 1.2, Avg: 2.1, Max: 2.4, Diff: 1.2, Sum: 12.5]
      [GC Worker End (ms): Min: 144187.8, Avg: 144187.9, Max: 144187.9, Diff: 0.1]
   [Code Root Fixup: 0.0 ms]
   [Code Root Purge: 0.0 ms]
   [Clear CT: 0.5 ms]
   [Other: 1.3 ms]
      [Choose CSet: 0.0 ms]
      [Ref Proc: 0.2 ms]
      [Ref Enq: 0.0 ms]
      [Redirty Cards: 0.1 ms]
      [Humongous Register: 0.1 ms]
      [Humongous Reclaim: 0.0 ms]
      [Free CSet: 0.8 ms]
   [Eden: 2444.0M(2444.0M)->0.0B(2444.0M) Survivors: 12288.0K->12288.0K Heap: 2473.8M(4096.0M)->29542.2K(4096.0M)]
 [Times: user=0.00 sys=0.00, real=0.00 secs] 
2024-10-12T18:54:53.906+0300: 144.190: Total time for which application threads were stopped: 0.0046581 seconds, Stopping threads took: 0.0001354 seconds
2024-10-12T18:54:54.676+0300: 144.966: Application time: 0.7757963 seconds
2024-10-12T18:54:54.676+0300: 144.966: [GC pause (G1 Evacuation Pause) (young), 0.0032561 secs]
   [Parallel Time: 1.7 ms, GC Workers: 6]
      [GC Worker Start (ms): Min: 144966.1, Avg: 144966.1, Max: 144966.5, Diff: 0.4]
      [Ext Root Scanning (ms): Min: 0.0, Avg: 0.3, Max: 0.4, Diff: 0.4, Sum: 1.9]
      [Update RS (ms): Min: 0.1, Avg: 0.1, Max: 0.1, Diff: 0.0, Sum: 0.6]
         [Processed Buffers: Min: 1, Avg: 2.2, Max: 4, Diff: 3, Sum: 13]
      [Scan RS (ms): Min: 0.2, Avg: 0.2, Max: 0.2, Diff: 0.0, Sum: 1.0]
      [Code Root Scanning (ms): Min: 0.0, Avg: 0.0, Max: 0.0, Diff: 0.0, Sum: 0.0]
      [Object Copy (ms): Min: 0.8, Avg: 0.8, Max: 0.8, Diff: 0.1, Sum: 4.9]
      [Termination (ms): Min: 0.0, Avg: 0.0, Max: 0.0, Diff: 0.0, Sum: 0.0]
         [Termination Attempts: Min: 1, Avg: 1.0, Max: 1, Diff: 0, Sum: 6]
      [GC Worker Other (ms): Min: 0.0, Avg: 0.1, Max: 0.1, Diff: 0.1, Sum: 0.6]
      [GC Worker Total (ms): Min: 1.2, Avg: 1.5, Max: 1.6, Diff: 0.4, Sum: 9.0]
      [GC Worker End (ms): Min: 144967.6, Avg: 144967.7, Max: 144967.7, Diff: 0.1]
   [Code Root Fixup: 0.0 ms]
   [Code Root Purge: 0.0 ms]
   [Clear CT: 0.5 ms]
   [Other: 1.0 ms]
      [Choose CSet: 0.0 ms]
      [Ref Proc: 0.1 ms]
      [Ref Enq: 0.0 ms]
      [Redirty Cards: 0.1 ms]
      [Humongous Register: 0.1 ms]
      [Humongous Reclaim: 0.0 ms]
      [Free CSet: 0.7 ms]
   [Eden: 2444.0M(2444.0M)->0.0B(2446.0M) Survivors: 12288.0K->10240.0K Heap: 2472.8M(4096.0M)->27496.7K(4096.0M)]
 [Times: user=0.00 sys=0.00, real=0.00 secs] 
2024-10-12T18:54:54.676+0300: 144.969: Total time for which application threads were stopped: 0.0036785 seconds, Stopping threads took: 0.0001793 seconds
2024-10-12T18:54:55.461+0300: 145.748: Application time: 0.7791134 seconds
2024-10-12T18:54:55.461+0300: 145.749: [GC pause (G1 Evacuation Pause) (young), 0.0045399 secs]
   [Parallel Time: 2.8 ms, GC Workers: 6]
      [GC Worker Start (ms): Min: 145748.8, Avg: 145748.9, Max: 145748.9, Diff: 0.1]
      [Ext Root Scanning (ms): Min: 0.3, Avg: 0.3, Max: 0.4, Diff: 0.1, Sum: 2.0]
      [Update RS (ms): Min: 0.0, Avg: 0.1, Max: 0.2, Diff: 0.2, Sum: 0.6]
         [Processed Buffers: Min: 0, Avg: 2.2, Max: 4, Diff: 4, Sum: 13]
      [Scan RS (ms): Min: 0.0, Avg: 0.2, Max: 0.2, Diff: 0.2, Sum: 1.0]
      [Code Root Scanning (ms): Min: 0.0, Avg: 0.0, Max: 0.0, Diff: 0.0, Sum: 0.0]
      [Object Copy (ms): Min: 1.9, Avg: 2.0, Max: 2.2, Diff: 0.3, Sum: 12.0]
      [Termination (ms): Min: 0.0, Avg: 0.0, Max: 0.0, Diff: 0.0, Sum: 0.0]
         [Termination Attempts: Min: 1, Avg: 2.0, Max: 3, Diff: 2, Sum: 12]
      [GC Worker Other (ms): Min: 0.0, Avg: 0.1, Max: 0.1, Diff: 0.1, Sum: 0.6]
      [GC Worker Total (ms): Min: 2.7, Avg: 2.7, Max: 2.7, Diff: 0.1, Sum: 16.2]
      [GC Worker End (ms): Min: 145751.5, Avg: 145751.6, Max: 145751.6, Diff: 0.1]
   [Code Root Fixup: 0.0 ms]
   [Code Root Purge: 0.0 ms]
   [Clear CT: 0.5 ms]
   [Other: 1.2 ms]
      [Choose CSet: 0.0 ms]
      [Ref Proc: 0.1 ms]
      [Ref Enq: 0.0 ms]
      [Redirty Cards: 0.1 ms]
      [Humongous Register: 0.1 ms]
      [Humongous Reclaim: 0.0 ms]
      [Free CSet: 0.8 ms]
   [Eden: 2446.0M(2446.0M)->0.0B(2444.0M) Survivors: 10240.0K->12288.0K Heap: 2472.9M(4096.0M)->30571.2K(4096.0M)]
 [Times: user=0.00 sys=0.00, real=0.00 secs] 
2024-10-12T18:54:55.461+0300: 145.753: Total time for which application threads were stopped: 0.0049307 seconds, Stopping threads took: 0.0001718 seconds
2024-10-12T18:54:56.246+0300: 146.534: Application time: 0.7802010 seconds
2024-10-12T18:54:56.246+0300: 146.534: [GC pause (G1 Evacuation Pause) (young), 0.0046250 secs]
   [Parallel Time: 2.6 ms, GC Workers: 6]
      [GC Worker Start (ms): Min: 146534.0, Avg: 146534.0, Max: 146534.1, Diff: 0.0]
      [Ext Root Scanning (ms): Min: 0.3, Avg: 0.3, Max: 0.4, Diff: 0.0, Sum: 2.0]
      [Update RS (ms): Min: 0.1, Avg: 0.1, Max: 0.1, Diff: 0.0, Sum: 0.6]
         [Processed Buffers: Min: 1, Avg: 2.2, Max: 5, Diff: 4, Sum: 13]
      [Scan RS (ms): Min: 0.1, Avg: 0.2, Max: 0.2, Diff: 0.0, Sum: 1.0]
      [Code Root Scanning (ms): Min: 0.0, Avg: 0.0, Max: 0.0, Diff: 0.0, Sum: 0.0]
      [Object Copy (ms): Min: 1.8, Avg: 1.8, Max: 1.8, Diff: 0.1, Sum: 10.9]
      [Termination (ms): Min: 0.0, Avg: 0.0, Max: 0.0, Diff: 0.0, Sum: 0.0]
         [Termination Attempts: Min: 1, Avg: 1.0, Max: 1, Diff: 0, Sum: 6]
      [GC Worker Other (ms): Min: 0.0, Avg: 0.1, Max: 0.2, Diff: 0.1, Sum: 0.6]
      [GC Worker Total (ms): Min: 2.5, Avg: 2.5, Max: 2.6, Diff: 0.1, Sum: 15.0]
      [GC Worker End (ms): Min: 146536.5, Avg: 146536.5, Max: 146536.6, Diff: 0.1]
   [Code Root Fixup: 0.0 ms]
   [Code Root Purge: 0.0 ms]
   [Clear CT: 0.6 ms]
   [Other: 1.4 ms]
      [Choose CSet: 0.0 ms]
      [Ref Proc: 0.1 ms]
      [Ref Enq: 0.0 ms]
      [Redirty Cards: 0.1 ms]
      [Humongous Register: 0.1 ms]
      [Humongous Reclaim: 0.0 ms]
      [Free CSet: 0.9 ms]
   [Eden: 2444.0M(2444.0M)->0.0B(2444.0M) Survivors: 12288.0K->12288.0K Heap: 2473.9M(4096.0M)->30573.7K(4096.0M)]
 [Times: user=0.00 sys=0.00, real=0.00 secs] 
2024-10-12T18:54:56.246+0300: 146.539: Total time for which application threads were stopped: 0.0050807 seconds, Stopping threads took: 0.0001795 seconds
2024-10-12T18:54:57.032+0300: 147.315: Application time: 0.7764266 seconds
2024-10-12T18:54:57.032+0300: 147.316: [GC pause (G1 Evacuation Pause) (young), 0.0032545 secs]
   [Parallel Time: 1.7 ms, GC Workers: 6]
      [GC Worker Start (ms): Min: 147315.6, Avg: 147315.6, Max: 147315.7, Diff: 0.0]
      [Ext Root Scanning (ms): Min: 0.3, Avg: 0.3, Max: 0.4, Diff: 0.0, Sum: 2.1]
      [Update RS (ms): Min: 0.0, Avg: 0.1, Max: 0.1, Diff: 0.1, Sum: 0.6]
         [Processed Buffers: Min: 0, Avg: 2.2, Max: 3, Diff: 3, Sum: 13]
      [Scan RS (ms): Min: 0.2, Avg: 0.2, Max: 0.2, Diff: 0.0, Sum: 1.0]
      [Code Root Scanning (ms): Min: 0.0, Avg: 0.0, Max: 0.0, Diff: 0.0, Sum: 0.0]
      [Object Copy (ms): Min: 0.7, Avg: 0.7, Max: 0.8, Diff: 0.1, Sum: 4.5]
      [Termination (ms): Min: 0.0, Avg: 0.0, Max: 0.0, Diff: 0.0, Sum: 0.0]
         [Termination Attempts: Min: 1, Avg: 1.0, Max: 1, Diff: 0, Sum: 6]
      [GC Worker Other (ms): Min: 0.0, Avg: 0.1, Max: 0.2, Diff: 0.2, Sum: 0.8]
      [GC Worker Total (ms): Min: 1.4, Avg: 1.5, Max: 1.6, Diff: 0.2, Sum: 9.0]
      [GC Worker End (ms): Min: 147317.0, Avg: 147317.1, Max: 147317.2, Diff: 0.2]
   [Code Root Fixup: 0.0 ms]
   [Code Root Purge: 0.0 ms]
   [Clear CT: 0.5 ms]
   [Other: 1.1 ms]
      [Choose CSet: 0.0 ms]
      [Ref Proc: 0.1 ms]
      [Ref Enq: 0.0 ms]
      [Redirty Cards: 0.1 ms]
      [Humongous Register: 0.0 ms]
      [Humongous Reclaim: 0.0 ms]
      [Free CSet: 0.7 ms]
   [Eden: 2444.0M(2444.0M)->0.0B(2448.0M) Survivors: 12288.0K->8192.0K Heap: 2473.9M(4096.0M)->25456.2K(4096.0M)]
 [Times: user=0.00 sys=0.00, real=0.00 secs] 
2024-10-12T18:54:57.032+0300: 147.319: Total time for which application threads were stopped: 0.0038130 seconds, Stopping threads took: 0.0003273 seconds
2024-10-12T18:54:57.800+0300: 148.090: Application time: 0.7710123 seconds
2024-10-12T18:54:57.800+0300: 148.090: [GC pause (G1 Evacuation Pause) (young), 0.0030848 secs]
   [Parallel Time: 1.6 ms, GC Workers: 6]
      [GC Worker Start (ms): Min: 148090.3, Avg: 148090.3, Max: 148090.3, Diff: 0.1]
      [Ext Root Scanning (ms): Min: 0.3, Avg: 0.3, Max: 0.4, Diff: 0.1, Sum: 1.9]
      [Update RS (ms): Min: 0.1, Avg: 0.1, Max: 0.1, Diff: 0.1, Sum: 0.6]
         [Processed Buffers: Min: 1, Avg: 2.2, Max: 4, Diff: 3, Sum: 13]
      [Scan RS (ms): Min: 0.1, Avg: 0.2, Max: 0.2, Diff: 0.1, Sum: 1.1]
      [Code Root Scanning (ms): Min: 0.0, Avg: 0.0, Max: 0.0, Diff: 0.0, Sum: 0.0]
      [Object Copy (ms): Min: 0.7, Avg: 0.8, Max: 0.8, Diff: 0.1, Sum: 4.5]
      [Termination (ms): Min: 0.0, Avg: 0.0, Max: 0.0, Diff: 0.0, Sum: 0.0]
         [Termination Attempts: Min: 1, Avg: 1.0, Max: 1, Diff: 0, Sum: 6]
      [GC Worker Other (ms): Min: 0.0, Avg: 0.1, Max: 0.1, Diff: 0.1, Sum: 0.5]
      [GC Worker Total (ms): Min: 1.4, Avg: 1.4, Max: 1.5, Diff: 0.1, Sum: 8.7]
      [GC Worker End (ms): Min: 148091.7, Avg: 148091.7, Max: 148091.8, Diff: 0.1]
   [Code Root Fixup: 0.0 ms]
   [Code Root Purge: 0.0 ms]
   [Clear CT: 0.5 ms]
   [Other: 1.0 ms]
      [Choose CSet: 0.0 ms]
      [Ref Proc: 0.1 ms]
      [Ref Enq: 0.0 ms]
      [Redirty Cards: 0.1 ms]
      [Humongous Register: 0.0 ms]
      [Humongous Reclaim: 0.0 ms]
      [Free CSet: 0.7 ms]
   [Eden: 2448.0M(2448.0M)->0.0B(2448.0M) Survivors: 8192.0K->8192.0K Heap: 2472.9M(4096.0M)->25458.7K(4096.0M)]
 [Times: user=0.00 sys=0.00, real=0.00 secs] 
2024-10-12T18:54:57.800+0300: 148.093: Total time for which application threads were stopped: 0.0034491 seconds, Stopping threads took: 0.0001473 seconds
2024-10-12T18:54:58.585+0300: 148.872: Application time: 0.7788800 seconds
2024-10-12T18:54:58.585+0300: 148.873: [GC pause (G1 Evacuation Pause) (young), 0.0038109 secs]
   [Parallel Time: 2.2 ms, GC Workers: 6]
      [GC Worker Start (ms): Min: 148872.7, Avg: 148872.8, Max: 148873.2, Diff: 0.4]
      [Ext Root Scanning (ms): Min: 0.0, Avg: 0.3, Max: 0.4, Diff: 0.4, Sum: 1.9]
      [Update RS (ms): Min: 0.1, Avg: 0.1, Max: 0.2, Diff: 0.1, Sum: 0.6]
         [Processed Buffers: Min: 1, Avg: 2.2, Max: 4, Diff: 3, Sum: 13]
      [Scan RS (ms): Min: 0.1, Avg: 0.2, Max: 0.2, Diff: 0.1, Sum: 1.1]
      [Code Root Scanning (ms): Min: 0.0, Avg: 0.0, Max: 0.0, Diff: 0.0, Sum: 0.0]
      [Object Copy (ms): Min: 1.3, Avg: 1.3, Max: 1.4, Diff: 0.1, Sum: 8.0]
      [Termination (ms): Min: 0.0, Avg: 0.0, Max: 0.0, Diff: 0.0, Sum: 0.0]
         [Termination Attempts: Min: 1, Avg: 1.0, Max: 1, Diff: 0, Sum: 6]
      [GC Worker Other (ms): Min: 0.0, Avg: 0.1, Max: 0.1, Diff: 0.1, Sum: 0.6]
      [GC Worker Total (ms): Min: 1.8, Avg: 2.1, Max: 2.2, Diff: 0.4, Sum: 12.3]
      [GC Worker End (ms): Min: 148874.8, Avg: 148874.9, Max: 148874.9, Diff: 0.1]
   [Code Root Fixup: 0.0 ms]
   [Code Root Purge: 0.0 ms]
   [Clear CT: 0.5 ms]
   [Other: 1.1 ms]
      [Choose CSet: 0.0 ms]
      [Ref Proc: 0.1 ms]
      [Ref Enq: 0.0 ms]
      [Redirty Cards: 0.1 ms]
      [Humongous Register: 0.1 ms]
      [Humongous Reclaim: 0.0 ms]
      [Free CSet: 0.6 ms]
   [Eden: 2448.0M(2448.0M)->0.0B(2444.0M) Survivors: 8192.0K->12288.0K Heap: 2472.9M(4096.0M)->29532.3K(4096.0M)]
 [Times: user=0.00 sys=0.00, real=0.00 secs] 
2024-10-12T18:54:58.585+0300: 148.877: Total time for which application threads were stopped: 0.0042827 seconds, Stopping threads took: 0.0001825 seconds
2024-10-12T18:54:59.370+0300: 149.656: Application time: 0.7792627 seconds
2024-10-12T18:54:59.370+0300: 149.656: [GC pause (G1 Evacuation Pause) (young), 0.0032371 secs]
   [Parallel Time: 1.6 ms, GC Workers: 6]
      [GC Worker Start (ms): Min: 149656.3, Avg: 149656.3, Max: 149656.4, Diff: 0.1]
      [Ext Root Scanning (ms): Min: 0.3, Avg: 0.3, Max: 0.4, Diff: 0.1, Sum: 2.0]
      [Update RS (ms): Min: 0.1, Avg: 0.1, Max: 0.2, Diff: 0.1, Sum: 0.6]
         [Processed Buffers: Min: 1, Avg: 2.2, Max: 3, Diff: 2, Sum: 13]
      [Scan RS (ms): Min: 0.1, Avg: 0.2, Max: 0.2, Diff: 0.0, Sum: 1.0]
      [Code Root Scanning (ms): Min: 0.0, Avg: 0.0, Max: 0.0, Diff: 0.0, Sum: 0.0]
      [Object Copy (ms): Min: 0.8, Avg: 0.8, Max: 0.8, Diff: 0.1, Sum: 4.7]
      [Termination (ms): Min: 0.0, Avg: 0.0, Max: 0.0, Diff: 0.0, Sum: 0.0]
         [Termination Attempts: Min: 1, Avg: 2.0, Max: 4, Diff: 3, Sum: 12]
      [GC Worker Other (ms): Min: 0.0, Avg: 0.1, Max: 0.1, Diff: 0.1, Sum: 0.6]
      [GC Worker Total (ms): Min: 1.4, Avg: 1.5, Max: 1.6, Diff: 0.1, Sum: 9.0]
      [GC Worker End (ms): Min: 149657.8, Avg: 149657.8, Max: 149657.9, Diff: 0.1]
   [Code Root Fixup: 0.0 ms]
   [Code Root Purge: 0.0 ms]
   [Clear CT: 0.5 ms]
   [Other: 1.1 ms]
      [Choose CSet: 0.0 ms]
      [Ref Proc: 0.1 ms]
      [Ref Enq: 0.0 ms]
      [Redirty Cards: 0.1 ms]
      [Humongous Register: 0.1 ms]
      [Humongous Reclaim: 0.0 ms]
      [Free CSet: 0.7 ms]
   [Eden: 2444.0M(2444.0M)->0.0B(2448.0M) Survivors: 12288.0K->8192.0K Heap: 2472.8M(4096.0M)->25463.7K(4096.0M)]
 [Times: user=0.00 sys=0.00, real=0.00 secs] 
2024-10-12T18:54:59.370+0300: 149.660: Total time for which application threads were stopped: 0.0037688 seconds, Stopping threads took: 0.0002729 seconds
2024-10-12T18:55:00.155+0300: 150.448: Application time: 0.7879417 seconds
2024-10-12T18:55:00.155+0300: 150.448: [GC pause (G1 Evacuation Pause) (young), 0.0037431 secs]
   [Parallel Time: 2.2 ms, GC Workers: 6]
      [GC Worker Start (ms): Min: 150448.0, Avg: 150448.0, Max: 150448.0, Diff: 0.0]
      [Ext Root Scanning (ms): Min: 0.3, Avg: 0.3, Max: 0.4, Diff: 0.1, Sum: 2.0]
      [Update RS (ms): Min: 0.1, Avg: 0.1, Max: 0.2, Diff: 0.1, Sum: 0.6]
         [Processed Buffers: Min: 1, Avg: 2.2, Max: 3, Diff: 2, Sum: 13]
      [Scan RS (ms): Min: 0.1, Avg: 0.2, Max: 0.2, Diff: 0.1, Sum: 1.1]
      [Code Root Scanning (ms): Min: 0.0, Avg: 0.0, Max: 0.0, Diff: 0.0, Sum: 0.0]
      [Object Copy (ms): Min: 0.7, Avg: 0.8, Max: 0.8, Diff: 0.0, Sum: 4.5]
      [Termination (ms): Min: 0.0, Avg: 0.0, Max: 0.0, Diff: 0.0, Sum: 0.0]
         [Termination Attempts: Min: 1, Avg: 1.8, Max: 3, Diff: 2, Sum: 11]
      [GC Worker Other (ms): Min: 0.1, Avg: 0.5, Max: 0.7, Diff: 0.6, Sum: 2.9]
      [GC Worker Total (ms): Min: 1.4, Avg: 1.9, Max: 2.1, Diff: 0.7, Sum: 11.2]
      [GC Worker End (ms): Min: 150449.4, Avg: 150449.8, Max: 150450.1, Diff: 0.6]
   [Code Root Fixup: 0.0 ms]
   [Code Root Purge: 0.0 ms]
   [Clear CT: 0.5 ms]
   [Other: 1.1 ms]
      [Choose CSet: 0.0 ms]
      [Ref Proc: 0.1 ms]
      [Ref Enq: 0.0 ms]
      [Redirty Cards: 0.1 ms]
      [Humongous Register: 0.1 ms]
      [Humongous Reclaim: 0.0 ms]
      [Free CSet: 0.7 ms]
   [Eden: 2448.0M(2448.0M)->0.0B(2448.0M) Survivors: 8192.0K->8192.0K Heap: 2472.9M(4096.0M)->26440.7K(4096.0M)]
 [Times: user=0.00 sys=0.02, real=0.02 secs] 
2024-10-12T18:55:00.170+0300: 150.452: Total time for which application threads were stopped: 0.0042133 seconds, Stopping threads took: 0.0002013 seconds
2024-10-12T18:55:00.941+0300: 151.231: Application time: 0.7788219 seconds
2024-10-12T18:55:00.941+0300: 151.231: [GC pause (G1 Evacuation Pause) (young), 0.0033476 secs]
   [Parallel Time: 1.7 ms, GC Workers: 6]
      [GC Worker Start (ms): Min: 151231.0, Avg: 151231.0, Max: 151231.0, Diff: 0.0]
      [Ext Root Scanning (ms): Min: 0.3, Avg: 0.3, Max: 0.3, Diff: 0.0, Sum: 1.9]
      [Update RS (ms): Min: 0.0, Avg: 0.1, Max: 0.2, Diff: 0.2, Sum: 0.5]
         [Processed Buffers: Min: 0, Avg: 2.2, Max: 5, Diff: 5, Sum: 13]
      [Scan RS (ms): Min: 0.1, Avg: 0.2, Max: 0.2, Diff: 0.1, Sum: 1.0]
      [Code Root Scanning (ms): Min: 0.0, Avg: 0.0, Max: 0.0, Diff: 0.0, Sum: 0.0]
      [Object Copy (ms): Min: 0.7, Avg: 0.8, Max: 1.0, Diff: 0.3, Sum: 4.9]
      [Termination (ms): Min: 0.0, Avg: 0.0, Max: 0.0, Diff: 0.0, Sum: 0.0]
         [Termination Attempts: Min: 1, Avg: 1.0, Max: 1, Diff: 0, Sum: 6]
      [GC Worker Other (ms): Min: 0.0, Avg: 0.1, Max: 0.1, Diff: 0.1, Sum: 0.6]
      [GC Worker Total (ms): Min: 1.4, Avg: 1.5, Max: 1.5, Diff: 0.1, Sum: 9.0]
      [GC Worker End (ms): Min: 151232.4, Avg: 151232.5, Max: 151232.5, Diff: 0.1]
   [Code Root Fixup: 0.0 ms]
   [Code Root Purge: 0.0 ms]
   [Clear CT: 0.5 ms]
   [Other: 1.1 ms]
      [Choose CSet: 0.0 ms]
      [Ref Proc: 0.1 ms]
      [Ref Enq: 0.0 ms]
      [Redirty Cards: 0.1 ms]
      [Humongous Register: 0.0 ms]
      [Humongous Reclaim: 0.0 ms]
      [Free CSet: 0.7 ms]
   [Eden: 2448.0M(2448.0M)->0.0B(2446.0M) Survivors: 8192.0K->10240.0K Heap: 2473.8M(4096.0M)->27450.7K(4096.0M)]
 [Times: user=0.00 sys=0.00, real=0.00 secs] 
2024-10-12T18:55:00.941+0300: 151.234: Total time for which application threads were stopped: 0.0037943 seconds, Stopping threads took: 0.0002164 seconds
2024-10-12T18:55:01.725+0300: 152.006: Application time: 0.7713022 seconds
2024-10-12T18:55:01.725+0300: 152.006: [GC pause (G1 Evacuation Pause) (young), 0.0033950 secs]
   [Parallel Time: 1.7 ms, GC Workers: 6]
      [GC Worker Start (ms): Min: 152006.1, Avg: 152006.1, Max: 152006.5, Diff: 0.4]
      [Ext Root Scanning (ms): Min: 0.0, Avg: 0.3, Max: 0.4, Diff: 0.4, Sum: 1.9]
      [Update RS (ms): Min: 0.1, Avg: 0.1, Max: 0.1, Diff: 0.1, Sum: 0.6]
         [Processed Buffers: Min: 1, Avg: 2.2, Max: 3, Diff: 2, Sum: 13]
      [Scan RS (ms): Min: 0.1, Avg: 0.2, Max: 0.2, Diff: 0.0, Sum: 1.0]
      [Code Root Scanning (ms): Min: 0.0, Avg: 0.0, Max: 0.0, Diff: 0.0, Sum: 0.0]
      [Object Copy (ms): Min: 0.7, Avg: 0.7, Max: 0.8, Diff: 0.1, Sum: 4.5]
      [Termination (ms): Min: 0.0, Avg: 0.0, Max: 0.0, Diff: 0.0, Sum: 0.0]
         [Termination Attempts: Min: 1, Avg: 1.0, Max: 1, Diff: 0, Sum: 6]
      [GC Worker Other (ms): Min: 0.0, Avg: 0.1, Max: 0.2, Diff: 0.2, Sum: 0.7]
      [GC Worker Total (ms): Min: 1.2, Avg: 1.5, Max: 1.6, Diff: 0.4, Sum: 8.7]
      [GC Worker End (ms): Min: 152007.5, Avg: 152007.6, Max: 152007.7, Diff: 0.2]
   [Code Root Fixup: 0.0 ms]
   [Code Root Purge: 0.0 ms]
   [Clear CT: 0.5 ms]
   [Other: 1.2 ms]
      [Choose CSet: 0.0 ms]
      [Ref Proc: 0.1 ms]
      [Ref Enq: 0.0 ms]
      [Redirty Cards: 0.1 ms]
      [Humongous Register: 0.1 ms]
      [Humongous Reclaim: 0.0 ms]
      [Free CSet: 0.7 ms]
   [Eden: 2446.0M(2446.0M)->0.0B(2446.0M) Survivors: 10240.0K->10240.0K Heap: 2472.8M(4096.0M)->27442.1K(4096.0M)]
 [Times: user=0.00 sys=0.00, real=0.00 secs] 
2024-10-12T18:55:01.725+0300: 152.009: Total time for which application threads were stopped: 0.0038253 seconds, Stopping threads took: 0.0001781 seconds
2024-10-12T18:55:02.510+0300: 152.791: Application time: 0.7812937 seconds
2024-10-12T18:55:02.510+0300: 152.791: [GC pause (G1 Evacuation Pause) (young), 0.0033344 secs]
   [Parallel Time: 1.7 ms, GC Workers: 6]
      [GC Worker Start (ms): Min: 152791.2, Avg: 152791.2, Max: 152791.3, Diff: 0.1]
      [Ext Root Scanning (ms): Min: 0.3, Avg: 0.4, Max: 0.4, Diff: 0.1, Sum: 2.1]
      [Update RS (ms): Min: 0.0, Avg: 0.1, Max: 0.2, Diff: 0.1, Sum: 0.6]
         [Processed Buffers: Min: 1, Avg: 2.2, Max: 3, Diff: 2, Sum: 13]
      [Scan RS (ms): Min: 0.1, Avg: 0.2, Max: 0.2, Diff: 0.1, Sum: 1.0]
      [Code Root Scanning (ms): Min: 0.0, Avg: 0.0, Max: 0.0, Diff: 0.0, Sum: 0.0]
      [Object Copy (ms): Min: 0.9, Avg: 0.9, Max: 0.9, Diff: 0.0, Sum: 5.2]
      [Termination (ms): Min: 0.0, Avg: 0.0, Max: 0.0, Diff: 0.0, Sum: 0.0]
         [Termination Attempts: Min: 1, Avg: 1.0, Max: 1, Diff: 0, Sum: 6]
      [GC Worker Other (ms): Min: 0.0, Avg: 0.1, Max: 0.1, Diff: 0.1, Sum: 0.6]
      [GC Worker Total (ms): Min: 1.5, Avg: 1.6, Max: 1.6, Diff: 0.1, Sum: 9.5]
      [GC Worker End (ms): Min: 152792.7, Avg: 152792.8, Max: 152792.9, Diff: 0.1]
   [Code Root Fixup: 0.0 ms]
   [Code Root Purge: 0.0 ms]
   [Clear CT: 0.5 ms]
   [Other: 1.2 ms]
      [Choose CSet: 0.0 ms]
      [Ref Proc: 0.1 ms]
      [Ref Enq: 0.0 ms]
      [Redirty Cards: 0.1 ms]
      [Humongous Register: 0.0 ms]
      [Humongous Reclaim: 0.0 ms]
      [Free CSet: 0.7 ms]
   [Eden: 2446.0M(2446.0M)->0.0B(2444.0M) Survivors: 10240.0K->12288.0K Heap: 2472.8M(4096.0M)->30456.5K(4096.0M)]
 [Times: user=0.00 sys=0.00, real=0.00 secs] 
2024-10-12T18:55:02.510+0300: 152.795: Total time for which application threads were stopped: 0.0037796 seconds, Stopping threads took: 0.0001860 seconds
2024-10-12T18:55:03.278+0300: 153.572: Application time: 0.7779228 seconds
2024-10-12T18:55:03.278+0300: 153.573: [GC pause (G1 Evacuation Pause) (young), 0.0039354 secs]
   [Parallel Time: 2.3 ms, GC Workers: 6]
      [GC Worker Start (ms): Min: 153572.9, Avg: 153572.9, Max: 153573.0, Diff: 0.1]
      [Ext Root Scanning (ms): Min: 0.3, Avg: 0.3, Max: 0.4, Diff: 0.1, Sum: 2.1]
      [Update RS (ms): Min: 0.1, Avg: 0.1, Max: 0.1, Diff: 0.1, Sum: 0.6]
         [Processed Buffers: Min: 1, Avg: 2.2, Max: 3, Diff: 2, Sum: 13]
      [Scan RS (ms): Min: 0.1, Avg: 0.2, Max: 0.2, Diff: 0.1, Sum: 1.1]
      [Code Root Scanning (ms): Min: 0.0, Avg: 0.0, Max: 0.0, Diff: 0.0, Sum: 0.0]
      [Object Copy (ms): Min: 1.4, Avg: 1.4, Max: 1.5, Diff: 0.0, Sum: 8.6]
      [Termination (ms): Min: 0.0, Avg: 0.0, Max: 0.0, Diff: 0.0, Sum: 0.0]
         [Termination Attempts: Min: 1, Avg: 1.0, Max: 1, Diff: 0, Sum: 6]
      [GC Worker Other (ms): Min: 0.0, Avg: 0.1, Max: 0.1, Diff: 0.1, Sum: 0.6]
      [GC Worker Total (ms): Min: 2.1, Avg: 2.2, Max: 2.2, Diff: 0.1, Sum: 13.0]
      [GC Worker End (ms): Min: 153575.0, Avg: 153575.1, Max: 153575.2, Diff: 0.1]
   [Code Root Fixup: 0.0 ms]
   [Code Root Purge: 0.0 ms]
   [Clear CT: 0.5 ms]
   [Other: 1.1 ms]
      [Choose CSet: 0.0 ms]
      [Ref Proc: 0.1 ms]
      [Ref Enq: 0.0 ms]
      [Redirty Cards: 0.1 ms]
      [Humongous Register: 0.1 ms]
      [Humongous Reclaim: 0.0 ms]
      [Free CSet: 0.7 ms]
   [Eden: 2444.0M(2444.0M)->0.0B(2444.0M) Survivors: 12288.0K->12288.0K Heap: 2473.7M(4096.0M)->29204.5K(4096.0M)]
 [Times: user=0.02 sys=0.00, real=0.02 secs] 
2024-10-12T18:55:03.294+0300: 153.577: Total time for which application threads were stopped: 0.0043512 seconds, Stopping threads took: 0.0001791 seconds
2024-10-12T18:55:04.064+0300: 154.356: Application time: 0.7790102 seconds
2024-10-12T18:55:04.064+0300: 154.356: [GC pause (G1 Evacuation Pause) (young), 0.0034456 secs]
   [Parallel Time: 1.7 ms, GC Workers: 6]
      [GC Worker Start (ms): Min: 154356.3, Avg: 154356.3, Max: 154356.3, Diff: 0.0]
      [Ext Root Scanning (ms): Min: 0.3, Avg: 0.3, Max: 0.4, Diff: 0.0, Sum: 2.0]
      [Update RS (ms): Min: 0.1, Avg: 0.1, Max: 0.1, Diff: 0.0, Sum: 0.6]
         [Processed Buffers: Min: 1, Avg: 2.2, Max: 3, Diff: 2, Sum: 13]
      [Scan RS (ms): Min: 0.1, Avg: 0.2, Max: 0.3, Diff: 0.2, Sum: 1.1]
      [Code Root Scanning (ms): Min: 0.0, Avg: 0.0, Max: 0.0, Diff: 0.0, Sum: 0.0]
      [Object Copy (ms): Min: 0.7, Avg: 0.8, Max: 0.8, Diff: 0.1, Sum: 4.7]
      [Termination (ms): Min: 0.0, Avg: 0.0, Max: 0.0, Diff: 0.0, Sum: 0.0]
         [Termination Attempts: Min: 1, Avg: 1.8, Max: 3, Diff: 2, Sum: 11]
      [GC Worker Other (ms): Min: 0.0, Avg: 0.1, Max: 0.2, Diff: 0.1, Sum: 0.6]
      [GC Worker Total (ms): Min: 1.5, Avg: 1.5, Max: 1.6, Diff: 0.1, Sum: 9.0]
      [GC Worker End (ms): Min: 154357.8, Avg: 154357.8, Max: 154357.9, Diff: 0.1]
   [Code Root Fixup: 0.0 ms]
   [Code Root Purge: 0.0 ms]
   [Clear CT: 0.6 ms]
   [Other: 1.1 ms]
      [Choose CSet: 0.0 ms]
      [Ref Proc: 0.1 ms]
      [Ref Enq: 0.0 ms]
      [Redirty Cards: 0.1 ms]
      [Humongous Register: 0.0 ms]
      [Humongous Reclaim: 0.0 ms]
      [Free CSet: 0.7 ms]
   [Eden: 2444.0M(2444.0M)->0.0B(2448.0M) Survivors: 12288.0K->8192.0K Heap: 2472.5M(4096.0M)->25478.7K(4096.0M)]
 [Times: user=0.02 sys=0.00, real=0.02 secs] 
2024-10-12T18:55:04.079+0300: 154.360: Total time for which application threads were stopped: 0.0039168 seconds, Stopping threads took: 0.0001983 seconds
2024-10-12T18:55:04.851+0300: 155.134: Application time: 0.7740796 seconds
2024-10-12T18:55:04.851+0300: 155.134: [GC pause (G1 Evacuation Pause) (young), 0.0035441 secs]
   [Parallel Time: 2.0 ms, GC Workers: 6]
      [GC Worker Start (ms): Min: 155134.2, Avg: 155134.3, Max: 155134.7, Diff: 0.4]
      [Ext Root Scanning (ms): Min: 0.0, Avg: 0.3, Max: 0.4, Diff: 0.4, Sum: 1.9]
      [Update RS (ms): Min: 0.0, Avg: 0.1, Max: 0.2, Diff: 0.2, Sum: 0.7]
         [Processed Buffers: Min: 0, Avg: 2.2, Max: 4, Diff: 4, Sum: 13]
      [Scan RS (ms): Min: 0.1, Avg: 0.2, Max: 0.2, Diff: 0.1, Sum: 1.2]
      [Code Root Scanning (ms): Min: 0.0, Avg: 0.0, Max: 0.0, Diff: 0.0, Sum: 0.0]
      [Object Copy (ms): Min: 0.9, Avg: 1.0, Max: 1.4, Diff: 0.5, Sum: 6.2]
      [Termination (ms): Min: 0.0, Avg: 0.1, Max: 0.1, Diff: 0.1, Sum: 0.6]
         [Termination Attempts: Min: 1, Avg: 1.7, Max: 2, Diff: 1, Sum: 10]
      [GC Worker Other (ms): Min: 0.0, Avg: 0.1, Max: 0.1, Diff: 0.1, Sum: 0.5]
      [GC Worker Total (ms): Min: 1.5, Avg: 1.9, Max: 2.0, Diff: 0.4, Sum: 11.2]
      [GC Worker End (ms): Min: 155136.1, Avg: 155136.2, Max: 155136.2, Diff: 0.1]
   [Code Root Fixup: 0.0 ms]
   [Code Root Purge: 0.0 ms]
   [Clear CT: 0.5 ms]
   [Other: 1.0 ms]
      [Choose CSet: 0.0 ms]
      [Ref Proc: 0.1 ms]
      [Ref Enq: 0.0 ms]
      [Redirty Cards: 0.1 ms]
      [Humongous Register: 0.0 ms]
      [Humongous Reclaim: 0.0 ms]
      [Free CSet: 0.7 ms]
   [Eden: 2448.0M(2448.0M)->0.0B(2444.0M) Survivors: 8192.0K->12288.0K Heap: 2472.9M(4096.0M)->29570.3K(4096.0M)]
 [Times: user=0.00 sys=0.00, real=0.00 secs] 
2024-10-12T18:55:04.851+0300: 155.138: Total time for which application threads were stopped: 0.0039392 seconds, Stopping threads took: 0.0001857 seconds
2024-10-12T18:55:05.634+0300: 155.919: Application time: 0.7808815 seconds
2024-10-12T18:55:05.634+0300: 155.919: [GC pause (G1 Evacuation Pause) (young), 0.0030888 secs]
   [Parallel Time: 1.6 ms, GC Workers: 6]
      [GC Worker Start (ms): Min: 155919.0, Avg: 155919.1, Max: 155919.4, Diff: 0.4]
      [Ext Root Scanning (ms): Min: 0.0, Avg: 0.3, Max: 0.4, Diff: 0.4, Sum: 1.8]
      [Update RS (ms): Min: 0.1, Avg: 0.1, Max: 0.1, Diff: 0.1, Sum: 0.6]
         [Processed Buffers: Min: 1, Avg: 2.0, Max: 3, Diff: 2, Sum: 12]
      [Scan RS (ms): Min: 0.1, Avg: 0.2, Max: 0.2, Diff: 0.0, Sum: 1.0]
      [Code Root Scanning (ms): Min: 0.0, Avg: 0.0, Max: 0.0, Diff: 0.0, Sum: 0.0]
      [Object Copy (ms): Min: 0.7, Avg: 0.7, Max: 0.8, Diff: 0.1, Sum: 4.4]
      [Termination (ms): Min: 0.0, Avg: 0.0, Max: 0.0, Diff: 0.0, Sum: 0.0]
         [Termination Attempts: Min: 1, Avg: 1.5, Max: 2, Diff: 1, Sum: 9]
      [GC Worker Other (ms): Min: 0.0, Avg: 0.1, Max: 0.1, Diff: 0.1, Sum: 0.6]
      [GC Worker Total (ms): Min: 1.1, Avg: 1.4, Max: 1.5, Diff: 0.4, Sum: 8.4]
      [GC Worker End (ms): Min: 155920.5, Avg: 155920.5, Max: 155920.6, Diff: 0.1]
   [Code Root Fixup: 0.0 ms]
   [Code Root Purge: 0.0 ms]
   [Clear CT: 0.5 ms]
   [Other: 1.0 ms]
      [Choose CSet: 0.0 ms]
      [Ref Proc: 0.1 ms]
      [Ref Enq: 0.0 ms]
      [Redirty Cards: 0.1 ms]
      [Humongous Register: 0.0 ms]
      [Humongous Reclaim: 0.0 ms]
      [Free CSet: 0.6 ms]
   [Eden: 2444.0M(2444.0M)->0.0B(2448.0M) Survivors: 12288.0K->8192.0K Heap: 2472.9M(4096.0M)->26267.1K(4096.0M)]
 [Times: user=0.00 sys=0.00, real=0.00 secs] 
2024-10-12T18:55:05.634+0300: 155.922: Total time for which application threads were stopped: 0.0035571 seconds, Stopping threads took: 0.0001803 seconds
2024-10-12T18:55:06.418+0300: 156.706: Application time: 0.7841702 seconds
2024-10-12T18:55:06.418+0300: 156.707: [GC pause (G1 Evacuation Pause) (young), 0.0030731 secs]
   [Parallel Time: 1.6 ms, GC Workers: 6]
      [GC Worker Start (ms): Min: 156706.9, Avg: 156706.9, Max: 156706.9, Diff: 0.1]
      [Ext Root Scanning (ms): Min: 0.3, Avg: 0.3, Max: 0.4, Diff: 0.1, Sum: 2.0]
      [Update RS (ms): Min: 0.1, Avg: 0.1, Max: 0.1, Diff: 0.0, Sum: 0.6]
         [Processed Buffers: Min: 1, Avg: 2.2, Max: 3, Diff: 2, Sum: 13]
      [Scan RS (ms): Min: 0.1, Avg: 0.2, Max: 0.2, Diff: 0.1, Sum: 1.0]
      [Code Root Scanning (ms): Min: 0.0, Avg: 0.0, Max: 0.0, Diff: 0.0, Sum: 0.0]
      [Object Copy (ms): Min: 0.7, Avg: 0.8, Max: 0.8, Diff: 0.0, Sum: 4.5]
      [Termination (ms): Min: 0.0, Avg: 0.0, Max: 0.0, Diff: 0.0, Sum: 0.0]
         [Termination Attempts: Min: 1, Avg: 1.5, Max: 2, Diff: 1, Sum: 9]
      [GC Worker Other (ms): Min: 0.0, Avg: 0.1, Max: 0.1, Diff: 0.1, Sum: 0.5]
      [GC Worker Total (ms): Min: 1.4, Avg: 1.4, Max: 1.5, Diff: 0.1, Sum: 8.6]
      [GC Worker End (ms): Min: 156708.3, Avg: 156708.3, Max: 156708.4, Diff: 0.1]
   [Code Root Fixup: 0.0 ms]
   [Code Root Purge: 0.0 ms]
   [Clear CT: 0.5 ms]
   [Other: 1.0 ms]
      [Choose CSet: 0.0 ms]
      [Ref Proc: 0.1 ms]
      [Ref Enq: 0.0 ms]
      [Redirty Cards: 0.1 ms]
      [Humongous Register: 0.1 ms]
      [Humongous Reclaim: 0.0 ms]
      [Free CSet: 0.6 ms]
   [Eden: 2448.0M(2448.0M)->0.0B(2444.0M) Survivors: 8192.0K->12288.0K Heap: 2473.7M(4096.0M)->29400.3K(4096.0M)]
 [Times: user=0.00 sys=0.00, real=0.00 secs] 
2024-10-12T18:55:06.418+0300: 156.710: Total time for which application threads were stopped: 0.0035506 seconds, Stopping threads took: 0.0002425 seconds
2024-10-12T18:55:07.203+0300: 157.487: Application time: 0.7771183 seconds
2024-10-12T18:55:07.203+0300: 157.487: [GC pause (G1 Evacuation Pause) (young), 0.0034333 secs]
   [Parallel Time: 1.6 ms, GC Workers: 6]
      [GC Worker Start (ms): Min: 157487.6, Avg: 157487.6, Max: 157487.6, Diff: 0.0]
      [Ext Root Scanning (ms): Min: 0.3, Avg: 0.3, Max: 0.4, Diff: 0.1, Sum: 2.1]
      [Update RS (ms): Min: 0.1, Avg: 0.1, Max: 0.1, Diff: 0.0, Sum: 0.6]
         [Processed Buffers: Min: 1, Avg: 2.2, Max: 3, Diff: 2, Sum: 13]
      [Scan RS (ms): Min: 0.1, Avg: 0.2, Max: 0.2, Diff: 0.1, Sum: 1.0]
      [Code Root Scanning (ms): Min: 0.0, Avg: 0.0, Max: 0.0, Diff: 0.0, Sum: 0.0]
      [Object Copy (ms): Min: 0.7, Avg: 0.7, Max: 0.8, Diff: 0.0, Sum: 4.4]
      [Termination (ms): Min: 0.0, Avg: 0.0, Max: 0.0, Diff: 0.0, Sum: 0.0]
         [Termination Attempts: Min: 1, Avg: 2.2, Max: 4, Diff: 3, Sum: 13]
      [GC Worker Other (ms): Min: 0.0, Avg: 0.1, Max: 0.1, Diff: 0.1, Sum: 0.5]
      [GC Worker Total (ms): Min: 1.4, Avg: 1.4, Max: 1.5, Diff: 0.1, Sum: 8.6]
      [GC Worker End (ms): Min: 157489.0, Avg: 157489.0, Max: 157489.1, Diff: 0.1]
   [Code Root Fixup: 0.0 ms]
   [Code Root Purge: 0.0 ms]
   [Clear CT: 0.5 ms]
   [Other: 1.3 ms]
      [Choose CSet: 0.0 ms]
      [Ref Proc: 0.2 ms]
      [Ref Enq: 0.0 ms]
      [Redirty Cards: 0.1 ms]
      [Humongous Register: 0.1 ms]
      [Humongous Reclaim: 0.0 ms]
      [Free CSet: 0.7 ms]
   [Eden: 2444.0M(2444.0M)->0.0B(2448.0M) Survivors: 12288.0K->8192.0K Heap: 2472.7M(4096.0M)->25377.7K(4096.0M)]
 [Times: user=0.00 sys=0.00, real=0.00 secs] 
2024-10-12T18:55:07.203+0300: 157.491: Total time for which application threads were stopped: 0.0039282 seconds, Stopping threads took: 0.0002297 seconds
2024-10-12T18:55:07.988+0300: 158.270: Application time: 0.7785824 seconds
2024-10-12T18:55:07.988+0300: 158.270: [GC pause (G1 Evacuation Pause) (young), 0.0040469 secs]
   [Parallel Time: 2.3 ms, GC Workers: 6]
      [GC Worker Start (ms): Min: 158270.0, Avg: 158270.0, Max: 158270.0, Diff: 0.0]
      [Ext Root Scanning (ms): Min: 0.3, Avg: 0.3, Max: 0.4, Diff: 0.1, Sum: 1.9]
      [Update RS (ms): Min: 0.0, Avg: 0.1, Max: 0.2, Diff: 0.2, Sum: 0.7]
         [Processed Buffers: Min: 0, Avg: 2.2, Max: 4, Diff: 4, Sum: 13]
      [Scan RS (ms): Min: 0.1, Avg: 0.2, Max: 0.2, Diff: 0.1, Sum: 1.0]
      [Code Root Scanning (ms): Min: 0.0, Avg: 0.0, Max: 0.0, Diff: 0.0, Sum: 0.0]
      [Object Copy (ms): Min: 1.4, Avg: 1.4, Max: 1.6, Diff: 0.2, Sum: 8.6]
      [Termination (ms): Min: 0.0, Avg: 0.0, Max: 0.0, Diff: 0.0, Sum: 0.0]
         [Termination Attempts: Min: 1, Avg: 1.0, Max: 1, Diff: 0, Sum: 6]
      [GC Worker Other (ms): Min: 0.0, Avg: 0.1, Max: 0.2, Diff: 0.1, Sum: 0.7]
      [GC Worker Total (ms): Min: 2.1, Avg: 2.2, Max: 2.2, Diff: 0.1, Sum: 12.9]
      [GC Worker End (ms): Min: 158272.1, Avg: 158272.2, Max: 158272.2, Diff: 0.1]
   [Code Root Fixup: 0.0 ms]
   [Code Root Purge: 0.0 ms]
   [Clear CT: 0.5 ms]
   [Other: 1.1 ms]
      [Choose CSet: 0.0 ms]
      [Ref Proc: 0.1 ms]
      [Ref Enq: 0.0 ms]
      [Redirty Cards: 0.1 ms]
      [Humongous Register: 0.0 ms]
      [Humongous Reclaim: 0.0 ms]
      [Free CSet: 0.7 ms]
   [Eden: 2448.0M(2448.0M)->0.0B(2444.0M) Survivors: 8192.0K->12288.0K Heap: 2472.8M(4096.0M)->30402.2K(4096.0M)]
 [Times: user=0.00 sys=0.00, real=0.00 secs] 
2024-10-12T18:55:07.988+0300: 158.274: Total time for which application threads were stopped: 0.0044797 seconds, Stopping threads took: 0.0001987 seconds
2024-10-12T18:55:08.760+0300: 159.045: Application time: 0.7711049 seconds
2024-10-12T18:55:08.760+0300: 159.045: [GC pause (G1 Evacuation Pause) (young), 0.0043118 secs]
   [Parallel Time: 2.8 ms, GC Workers: 6]
      [GC Worker Start (ms): Min: 159045.5, Avg: 159045.5, Max: 159045.6, Diff: 0.1]
      [Ext Root Scanning (ms): Min: 0.3, Avg: 0.4, Max: 0.4, Diff: 0.1, Sum: 2.2]
      [Update RS (ms): Min: 0.1, Avg: 0.1, Max: 0.1, Diff: 0.1, Sum: 0.6]
         [Processed Buffers: Min: 1, Avg: 2.2, Max: 4, Diff: 3, Sum: 13]
      [Scan RS (ms): Min: 0.1, Avg: 0.2, Max: 0.2, Diff: 0.1, Sum: 1.0]
      [Code Root Scanning (ms): Min: 0.0, Avg: 0.0, Max: 0.0, Diff: 0.0, Sum: 0.0]
      [Object Copy (ms): Min: 1.8, Avg: 1.9, Max: 1.9, Diff: 0.1, Sum: 11.3]
      [Termination (ms): Min: 0.0, Avg: 0.0, Max: 0.0, Diff: 0.0, Sum: 0.0]
         [Termination Attempts: Min: 1, Avg: 1.0, Max: 1, Diff: 0, Sum: 6]
      [GC Worker Other (ms): Min: 0.0, Avg: 0.1, Max: 0.1, Diff: 0.1, Sum: 0.5]
      [GC Worker Total (ms): Min: 2.5, Avg: 2.6, Max: 2.7, Diff: 0.1, Sum: 15.7]
      [GC Worker End (ms): Min: 159048.1, Avg: 159048.2, Max: 159048.2, Diff: 0.1]
   [Code Root Fixup: 0.0 ms]
   [Code Root Purge: 0.0 ms]
   [Clear CT: 0.5 ms]
   [Other: 1.0 ms]
      [Choose CSet: 0.0 ms]
      [Ref Proc: 0.1 ms]
      [Ref Enq: 0.0 ms]
      [Redirty Cards: 0.1 ms]
      [Humongous Register: 0.0 ms]
      [Humongous Reclaim: 0.0 ms]
      [Free CSet: 0.7 ms]
   [Eden: 2444.0M(2444.0M)->0.0B(2444.0M) Survivors: 12288.0K->12288.0K Heap: 2473.7M(4096.0M)->30613.7K(4096.0M)]
 [Times: user=0.00 sys=0.00, real=0.00 secs] 
2024-10-12T18:55:08.760+0300: 159.050: Total time for which application threads were stopped: 0.0046687 seconds, Stopping threads took: 0.0001312 seconds
2024-10-12T18:55:09.541+0300: 159.830: Application time: 0.7804339 seconds
2024-10-12T18:55:09.541+0300: 159.831: [GC pause (G1 Evacuation Pause) (young), 0.0036334 secs]
   [Parallel Time: 2.1 ms, GC Workers: 6]
      [GC Worker Start (ms): Min: 159830.7, Avg: 159830.7, Max: 159830.7, Diff: 0.0]
      [Ext Root Scanning (ms): Min: 0.3, Avg: 0.3, Max: 0.4, Diff: 0.1, Sum: 2.0]
      [Update RS (ms): Min: 0.1, Avg: 0.1, Max: 0.1, Diff: 0.0, Sum: 0.6]
         [Processed Buffers: Min: 1, Avg: 2.2, Max: 4, Diff: 3, Sum: 13]
      [Scan RS (ms): Min: 0.2, Avg: 0.2, Max: 0.2, Diff: 0.0, Sum: 1.0]
      [Code Root Scanning (ms): Min: 0.0, Avg: 0.0, Max: 0.0, Diff: 0.0, Sum: 0.0]
      [Object Copy (ms): Min: 1.3, Avg: 1.3, Max: 1.3, Diff: 0.0, Sum: 7.7]
      [Termination (ms): Min: 0.0, Avg: 0.0, Max: 0.0, Diff: 0.0, Sum: 0.0]
         [Termination Attempts: Min: 1, Avg: 1.0, Max: 1, Diff: 0, Sum: 6]
      [GC Worker Other (ms): Min: 0.0, Avg: 0.1, Max: 0.1, Diff: 0.1, Sum: 0.4]
      [GC Worker Total (ms): Min: 1.9, Avg: 2.0, Max: 2.0, Diff: 0.1, Sum: 11.8]
      [GC Worker End (ms): Min: 159832.6, Avg: 159832.7, Max: 159832.7, Diff: 0.1]
   [Code Root Fixup: 0.0 ms]
   [Code Root Purge: 0.0 ms]
   [Clear CT: 0.5 ms]
   [Other: 1.0 ms]
      [Choose CSet: 0.0 ms]
      [Ref Proc: 0.1 ms]
      [Ref Enq: 0.0 ms]
      [Redirty Cards: 0.1 ms]
      [Humongous Register: 0.0 ms]
      [Humongous Reclaim: 0.0 ms]
      [Free CSet: 0.7 ms]
   [Eden: 2444.0M(2444.0M)->0.0B(2444.0M) Survivors: 12288.0K->12288.0K Heap: 2473.9M(4096.0M)->30616.2K(4096.0M)]
 [Times: user=0.00 sys=0.00, real=0.00 secs] 
2024-10-12T18:55:09.541+0300: 159.834: Total time for which application threads were stopped: 0.0040571 seconds, Stopping threads took: 0.0001783 seconds
2024-10-12T18:55:10.325+0300: 160.613: Application time: 0.7784590 seconds
2024-10-12T18:55:10.325+0300: 160.613: [GC pause (G1 Evacuation Pause) (young), 0.0033281 secs]
   [Parallel Time: 1.6 ms, GC Workers: 6]
      [GC Worker Start (ms): Min: 160613.3, Avg: 160613.3, Max: 160613.3, Diff: 0.1]
      [Ext Root Scanning (ms): Min: 0.3, Avg: 0.3, Max: 0.4, Diff: 0.1, Sum: 2.0]
      [Update RS (ms): Min: 0.1, Avg: 0.1, Max: 0.1, Diff: 0.0, Sum: 0.6]
         [Processed Buffers: Min: 1, Avg: 2.2, Max: 3, Diff: 2, Sum: 13]
      [Scan RS (ms): Min: 0.2, Avg: 0.2, Max: 0.2, Diff: 0.0, Sum: 1.0]
      [Code Root Scanning (ms): Min: 0.0, Avg: 0.0, Max: 0.0, Diff: 0.0, Sum: 0.0]
      [Object Copy (ms): Min: 0.7, Avg: 0.7, Max: 0.8, Diff: 0.0, Sum: 4.5]
      [Termination (ms): Min: 0.0, Avg: 0.0, Max: 0.0, Diff: 0.0, Sum: 0.0]
         [Termination Attempts: Min: 1, Avg: 1.0, Max: 1, Diff: 0, Sum: 6]
      [GC Worker Other (ms): Min: 0.0, Avg: 0.1, Max: 0.2, Diff: 0.2, Sum: 0.7]
      [GC Worker Total (ms): Min: 1.4, Avg: 1.5, Max: 1.6, Diff: 0.2, Sum: 8.9]
      [GC Worker End (ms): Min: 160614.7, Avg: 160614.8, Max: 160614.9, Diff: 0.2]
   [Code Root Fixup: 0.0 ms]
   [Code Root Purge: 0.0 ms]
   [Clear CT: 0.6 ms]
   [Other: 1.1 ms]
      [Choose CSet: 0.0 ms]
      [Ref Proc: 0.1 ms]
      [Ref Enq: 0.0 ms]
      [Redirty Cards: 0.1 ms]
      [Humongous Register: 0.1 ms]
      [Humongous Reclaim: 0.0 ms]
      [Free CSet: 0.7 ms]
   [Eden: 2444.0M(2444.0M)->0.0B(2446.0M) Survivors: 12288.0K->10240.0K Heap: 2473.9M(4096.0M)->28165.7K(4096.0M)]
 [Times: user=0.00 sys=0.00, real=0.00 secs] 
2024-10-12T18:55:10.325+0300: 160.617: Total time for which application threads were stopped: 0.0038121 seconds, Stopping threads took: 0.0002411 seconds
2024-10-12T18:55:11.110+0300: 161.397: Application time: 0.7808475 seconds
2024-10-12T18:55:11.110+0300: 161.398: [GC pause (G1 Evacuation Pause) (young), 0.0032519 secs]
   [Parallel Time: 1.5 ms, GC Workers: 6]
      [GC Worker Start (ms): Min: 161397.8, Avg: 161397.9, Max: 161397.9, Diff: 0.0]
      [Ext Root Scanning (ms): Min: 0.3, Avg: 0.3, Max: 0.4, Diff: 0.1, Sum: 2.0]
      [Update RS (ms): Min: 0.1, Avg: 0.1, Max: 0.1, Diff: 0.1, Sum: 0.6]
         [Processed Buffers: Min: 1, Avg: 2.2, Max: 3, Diff: 2, Sum: 13]
      [Scan RS (ms): Min: 0.1, Avg: 0.2, Max: 0.2, Diff: 0.1, Sum: 1.0]
      [Code Root Scanning (ms): Min: 0.0, Avg: 0.0, Max: 0.0, Diff: 0.0, Sum: 0.0]
      [Object Copy (ms): Min: 0.7, Avg: 0.7, Max: 0.8, Diff: 0.1, Sum: 4.3]
      [Termination (ms): Min: 0.0, Avg: 0.0, Max: 0.0, Diff: 0.0, Sum: 0.0]
         [Termination Attempts: Min: 1, Avg: 1.0, Max: 1, Diff: 0, Sum: 6]
      [GC Worker Other (ms): Min: 0.0, Avg: 0.1, Max: 0.2, Diff: 0.1, Sum: 0.7]
      [GC Worker Total (ms): Min: 1.4, Avg: 1.4, Max: 1.5, Diff: 0.1, Sum: 8.6]
      [GC Worker End (ms): Min: 161399.2, Avg: 161399.3, Max: 161399.4, Diff: 0.1]
   [Code Root Fixup: 0.0 ms]
   [Code Root Purge: 0.0 ms]
   [Clear CT: 0.5 ms]
   [Other: 1.2 ms]
      [Choose CSet: 0.0 ms]
      [Ref Proc: 0.2 ms]
      [Ref Enq: 0.0 ms]
      [Redirty Cards: 0.1 ms]
      [Humongous Register: 0.0 ms]
      [Humongous Reclaim: 0.0 ms]
      [Free CSet: 0.7 ms]
   [Eden: 2446.0M(2446.0M)->0.0B(2446.0M) Survivors: 10240.0K->10240.0K Heap: 2473.5M(4096.0M)->28340.5K(4096.0M)]
 [Times: user=0.00 sys=0.00, real=0.00 secs] 
2024-10-12T18:55:11.110+0300: 161.401: Total time for which application threads were stopped: 0.0036484 seconds, Stopping threads took: 0.0001443 seconds
2024-10-12T18:55:11.880+0300: 162.173: Application time: 0.7722521 seconds
2024-10-12T18:55:11.880+0300: 162.174: [GC pause (G1 Evacuation Pause) (young), 0.0040491 secs]
   [Parallel Time: 2.2 ms, GC Workers: 6]
      [GC Worker Start (ms): Min: 162173.8, Avg: 162173.8, Max: 162173.9, Diff: 0.1]
      [Ext Root Scanning (ms): Min: 0.3, Avg: 0.4, Max: 0.4, Diff: 0.1, Sum: 2.3]
      [Update RS (ms): Min: 0.1, Avg: 0.1, Max: 0.1, Diff: 0.1, Sum: 0.6]
         [Processed Buffers: Min: 1, Avg: 2.2, Max: 3, Diff: 2, Sum: 13]
      [Scan RS (ms): Min: 0.2, Avg: 0.2, Max: 0.4, Diff: 0.2, Sum: 1.4]
      [Code Root Scanning (ms): Min: 0.0, Avg: 0.0, Max: 0.0, Diff: 0.0, Sum: 0.0]
      [Object Copy (ms): Min: 1.3, Avg: 1.4, Max: 1.4, Diff: 0.2, Sum: 8.1]
      [Termination (ms): Min: 0.0, Avg: 0.0, Max: 0.0, Diff: 0.0, Sum: 0.0]
         [Termination Attempts: Min: 1, Avg: 1.0, Max: 1, Diff: 0, Sum: 6]
      [GC Worker Other (ms): Min: 0.0, Avg: 0.0, Max: 0.1, Diff: 0.0, Sum: 0.3]
      [GC Worker Total (ms): Min: 2.1, Avg: 2.1, Max: 2.2, Diff: 0.1, Sum: 12.7]
      [GC Worker End (ms): Min: 162175.9, Avg: 162175.9, Max: 162175.9, Diff: 0.0]
   [Code Root Fixup: 0.1 ms]
   [Code Root Purge: 0.0 ms]
   [Clear CT: 0.6 ms]
   [Other: 1.2 ms]
      [Choose CSet: 0.0 ms]
      [Ref Proc: 0.1 ms]
      [Ref Enq: 0.0 ms]
      [Redirty Cards: 0.1 ms]
      [Humongous Register: 0.0 ms]
      [Humongous Reclaim: 0.0 ms]
      [Free CSet: 0.8 ms]
   [Eden: 2446.0M(2446.0M)->0.0B(2444.0M) Survivors: 10240.0K->12288.0K Heap: 2473.7M(4096.0M)->30402.1K(4096.0M)]
 [Times: user=0.02 sys=0.00, real=0.01 secs] 
2024-10-12T18:55:11.895+0300: 162.178: Total time for which application threads were stopped: 0.0044668 seconds, Stopping threads took: 0.0001862 seconds
2024-10-12T18:55:12.668+0300: 162.956: Application time: 0.7781199 seconds
2024-10-12T18:55:12.668+0300: 162.956: [GC pause (G1 Evacuation Pause) (young), 0.0033247 secs]
   [Parallel Time: 1.7 ms, GC Workers: 6]
      [GC Worker Start (ms): Min: 162956.4, Avg: 162956.4, Max: 162956.5, Diff: 0.0]
      [Ext Root Scanning (ms): Min: 0.3, Avg: 0.3, Max: 0.4, Diff: 0.0, Sum: 2.0]
      [Update RS (ms): Min: 0.1, Avg: 0.1, Max: 0.2, Diff: 0.1, Sum: 0.6]
         [Processed Buffers: Min: 1, Avg: 2.2, Max: 3, Diff: 2, Sum: 13]
      [Scan RS (ms): Min: 0.1, Avg: 0.2, Max: 0.2, Diff: 0.1, Sum: 1.0]
      [Code Root Scanning (ms): Min: 0.0, Avg: 0.0, Max: 0.0, Diff: 0.0, Sum: 0.0]
      [Object Copy (ms): Min: 0.8, Avg: 0.8, Max: 0.8, Diff: 0.0, Sum: 4.9]
      [Termination (ms): Min: 0.0, Avg: 0.0, Max: 0.0, Diff: 0.0, Sum: 0.0]
         [Termination Attempts: Min: 1, Avg: 1.5, Max: 2, Diff: 1, Sum: 9]
      [GC Worker Other (ms): Min: 0.0, Avg: 0.1, Max: 0.2, Diff: 0.1, Sum: 0.7]
      [GC Worker Total (ms): Min: 1.5, Avg: 1.5, Max: 1.6, Diff: 0.1, Sum: 9.3]
      [GC Worker End (ms): Min: 162957.9, Avg: 162958.0, Max: 162958.0, Diff: 0.1]
   [Code Root Fixup: 0.0 ms]
   [Code Root Purge: 0.0 ms]
   [Clear CT: 0.5 ms]
   [Other: 1.1 ms]
      [Choose CSet: 0.0 ms]
      [Ref Proc: 0.1 ms]
      [Ref Enq: 0.0 ms]
      [Redirty Cards: 0.1 ms]
      [Humongous Register: 0.1 ms]
      [Humongous Reclaim: 0.0 ms]
      [Free CSet: 0.6 ms]
   [Eden: 2444.0M(2444.0M)->0.0B(2448.0M) Survivors: 12288.0K->8192.0K Heap: 2473.7M(4096.0M)->26530.2K(4096.0M)]
 [Times: user=0.00 sys=0.00, real=0.00 secs] 
2024-10-12T18:55:12.668+0300: 162.960: Total time for which application threads were stopped: 0.0037606 seconds, Stopping threads took: 0.0001974 seconds
2024-10-12T18:55:13.451+0300: 163.737: Application time: 0.7774749 seconds
2024-10-12T18:55:13.451+0300: 163.738: [GC pause (G1 Evacuation Pause) (young), 0.0031472 secs]
   [Parallel Time: 1.6 ms, GC Workers: 6]
      [GC Worker Start (ms): Min: 163737.6, Avg: 163737.6, Max: 163737.7, Diff: 0.1]
      [Ext Root Scanning (ms): Min: 0.3, Avg: 0.4, Max: 0.4, Diff: 0.1, Sum: 2.1]
      [Update RS (ms): Min: 0.1, Avg: 0.1, Max: 0.1, Diff: 0.1, Sum: 0.6]
         [Processed Buffers: Min: 1, Avg: 2.2, Max: 3, Diff: 2, Sum: 13]
      [Scan RS (ms): Min: 0.1, Avg: 0.2, Max: 0.2, Diff: 0.1, Sum: 1.1]
      [Code Root Scanning (ms): Min: 0.0, Avg: 0.0, Max: 0.0, Diff: 0.0, Sum: 0.0]
      [Object Copy (ms): Min: 0.8, Avg: 0.8, Max: 0.8, Diff: 0.1, Sum: 4.6]
      [Termination (ms): Min: 0.0, Avg: 0.0, Max: 0.0, Diff: 0.0, Sum: 0.0]
         [Termination Attempts: Min: 1, Avg: 1.5, Max: 3, Diff: 2, Sum: 9]
      [GC Worker Other (ms): Min: 0.0, Avg: 0.1, Max: 0.1, Diff: 0.1, Sum: 0.5]
      [GC Worker Total (ms): Min: 1.5, Avg: 1.5, Max: 1.6, Diff: 0.1, Sum: 9.0]
      [GC Worker End (ms): Min: 163739.1, Avg: 163739.1, Max: 163739.2, Diff: 0.1]
   [Code Root Fixup: 0.0 ms]
   [Code Root Purge: 0.0 ms]
   [Clear CT: 0.5 ms]
   [Other: 1.0 ms]
      [Choose CSet: 0.0 ms]
      [Ref Proc: 0.1 ms]
      [Ref Enq: 0.0 ms]
      [Redirty Cards: 0.1 ms]
      [Humongous Register: 0.0 ms]
      [Humongous Reclaim: 0.0 ms]
      [Free CSet: 0.6 ms]
   [Eden: 2448.0M(2448.0M)->0.0B(2450.0M) Survivors: 8192.0K->6144.0K Heap: 2473.9M(4096.0M)->24484.7K(4096.0M)]
 [Times: user=0.00 sys=0.00, real=0.00 secs] 
2024-10-12T18:55:13.451+0300: 163.741: Total time for which application threads were stopped: 0.0035773 seconds, Stopping threads took: 0.0002005 seconds
2024-10-12T18:55:14.236+0300: 164.522: Application time: 0.7809967 seconds
2024-10-12T18:55:14.236+0300: 164.522: [GC pause (G1 Evacuation Pause) (young), 0.0037314 secs]
   [Parallel Time: 2.0 ms, GC Workers: 6]
      [GC Worker Start (ms): Min: 164522.3, Avg: 164522.4, Max: 164522.8, Diff: 0.5]
      [Ext Root Scanning (ms): Min: 0.0, Avg: 0.3, Max: 0.4, Diff: 0.4, Sum: 1.8]
      [Update RS (ms): Min: 0.0, Avg: 0.1, Max: 0.2, Diff: 0.2, Sum: 0.6]
         [Processed Buffers: Min: 0, Avg: 2.2, Max: 4, Diff: 4, Sum: 13]
      [Scan RS (ms): Min: 0.1, Avg: 0.2, Max: 0.2, Diff: 0.2, Sum: 1.0]
      [Code Root Scanning (ms): Min: 0.0, Avg: 0.0, Max: 0.0, Diff: 0.0, Sum: 0.0]
      [Object Copy (ms): Min: 0.9, Avg: 1.0, Max: 1.3, Diff: 0.4, Sum: 5.8]
      [Termination (ms): Min: 0.0, Avg: 0.1, Max: 0.1, Diff: 0.1, Sum: 0.6]
         [Termination Attempts: Min: 1, Avg: 2.3, Max: 4, Diff: 3, Sum: 14]
      [GC Worker Other (ms): Min: 0.0, Avg: 0.0, Max: 0.1, Diff: 0.1, Sum: 0.2]
      [GC Worker Total (ms): Min: 1.3, Avg: 1.7, Max: 1.8, Diff: 0.5, Sum: 10.0]
      [GC Worker End (ms): Min: 164524.1, Avg: 164524.1, Max: 164524.1, Diff: 0.1]
   [Code Root Fixup: 0.0 ms]
   [Code Root Purge: 0.0 ms]
   [Clear CT: 0.5 ms]
   [Other: 1.2 ms]
      [Choose CSet: 0.0 ms]
      [Ref Proc: 0.1 ms]
      [Ref Enq: 0.0 ms]
      [Redirty Cards: 0.1 ms]
      [Humongous Register: 0.1 ms]
      [Humongous Reclaim: 0.0 ms]
      [Free CSet: 0.8 ms]
   [Eden: 2450.0M(2450.0M)->0.0B(2446.0M) Survivors: 6144.0K->10240.0K Heap: 2473.9M(4096.0M)->28483.9K(4096.0M)]
 [Times: user=0.00 sys=0.00, real=0.00 secs] 
2024-10-12T18:55:14.236+0300: 164.526: Total time for which application threads were stopped: 0.0042540 seconds, Stopping threads took: 0.0002739 seconds
2024-10-12T18:55:15.021+0300: 165.309: Application time: 0.7826719 seconds
2024-10-12T18:55:15.021+0300: 165.309: [GC pause (G1 Evacuation Pause) (young), 0.0034269 secs]
   [Parallel Time: 1.8 ms, GC Workers: 6]
      [GC Worker Start (ms): Min: 165309.2, Avg: 165309.2, Max: 165309.2, Diff: 0.1]
      [Ext Root Scanning (ms): Min: 0.3, Avg: 0.3, Max: 0.4, Diff: 0.1, Sum: 2.1]
      [Update RS (ms): Min: 0.1, Avg: 0.1, Max: 0.2, Diff: 0.1, Sum: 0.6]
         [Processed Buffers: Min: 1, Avg: 2.0, Max: 3, Diff: 2, Sum: 12]
      [Scan RS (ms): Min: 0.1, Avg: 0.2, Max: 0.2, Diff: 0.1, Sum: 1.1]
      [Code Root Scanning (ms): Min: 0.0, Avg: 0.0, Max: 0.0, Diff: 0.0, Sum: 0.0]
      [Object Copy (ms): Min: 0.7, Avg: 0.8, Max: 0.8, Diff: 0.1, Sum: 4.7]
      [Termination (ms): Min: 0.0, Avg: 0.0, Max: 0.0, Diff: 0.0, Sum: 0.0]
         [Termination Attempts: Min: 1, Avg: 1.0, Max: 1, Diff: 0, Sum: 6]
      [GC Worker Other (ms): Min: 0.1, Avg: 0.1, Max: 0.2, Diff: 0.2, Sum: 0.7]
      [GC Worker Total (ms): Min: 1.5, Avg: 1.5, Max: 1.6, Diff: 0.2, Sum: 9.3]
      [GC Worker End (ms): Min: 165310.7, Avg: 165310.8, Max: 165310.9, Diff: 0.2]
   [Code Root Fixup: 0.0 ms]
   [Code Root Purge: 0.0 ms]
   [Clear CT: 0.6 ms]
   [Other: 1.1 ms]
      [Choose CSet: 0.0 ms]
      [Ref Proc: 0.1 ms]
      [Ref Enq: 0.0 ms]
      [Redirty Cards: 0.1 ms]
      [Humongous Register: 0.1 ms]
      [Humongous Reclaim: 0.0 ms]
      [Free CSet: 0.7 ms]
   [Eden: 2446.0M(2446.0M)->0.0B(2448.0M) Survivors: 10240.0K->8192.0K Heap: 2473.8M(4096.0M)->26281.3K(4096.0M)]
 [Times: user=0.00 sys=0.00, real=0.00 secs] 
2024-10-12T18:55:15.021+0300: 165.313: Total time for which application threads were stopped: 0.0038816 seconds, Stopping threads took: 0.0001390 seconds
2024-10-12T18:55:15.806+0300: 166.085: Application time: 0.7721863 seconds
2024-10-12T18:55:15.806+0300: 166.085: [GC pause (G1 Evacuation Pause) (young), 0.0031697 secs]
   [Parallel Time: 1.6 ms, GC Workers: 6]
      [GC Worker Start (ms): Min: 166085.1, Avg: 166085.2, Max: 166085.2, Diff: 0.1]
      [Ext Root Scanning (ms): Min: 0.3, Avg: 0.3, Max: 0.4, Diff: 0.1, Sum: 2.0]
      [Update RS (ms): Min: 0.1, Avg: 0.1, Max: 0.2, Diff: 0.1, Sum: 0.6]
         [Processed Buffers: Min: 1, Avg: 2.2, Max: 3, Diff: 2, Sum: 13]
      [Scan RS (ms): Min: 0.1, Avg: 0.2, Max: 0.2, Diff: 0.1, Sum: 1.0]
      [Code Root Scanning (ms): Min: 0.0, Avg: 0.0, Max: 0.0, Diff: 0.0, Sum: 0.0]
      [Object Copy (ms): Min: 0.7, Avg: 0.8, Max: 0.8, Diff: 0.0, Sum: 4.6]
      [Termination (ms): Min: 0.0, Avg: 0.0, Max: 0.0, Diff: 0.0, Sum: 0.0]
         [Termination Attempts: Min: 1, Avg: 1.0, Max: 1, Diff: 0, Sum: 6]
      [GC Worker Other (ms): Min: 0.0, Avg: 0.1, Max: 0.1, Diff: 0.1, Sum: 0.5]
      [GC Worker Total (ms): Min: 1.4, Avg: 1.5, Max: 1.5, Diff: 0.1, Sum: 8.8]
      [GC Worker End (ms): Min: 166086.6, Avg: 166086.6, Max: 166086.7, Diff: 0.1]
   [Code Root Fixup: 0.0 ms]
   [Code Root Purge: 0.0 ms]
   [Clear CT: 0.5 ms]
   [Other: 1.0 ms]
      [Choose CSet: 0.0 ms]
      [Ref Proc: 0.1 ms]
      [Ref Enq: 0.0 ms]
      [Redirty Cards: 0.1 ms]
      [Humongous Register: 0.1 ms]
      [Humongous Reclaim: 0.0 ms]
      [Free CSet: 0.7 ms]
   [Eden: 2448.0M(2448.0M)->0.0B(2446.0M) Survivors: 8192.0K->10240.0K Heap: 2473.7M(4096.0M)->27410.2K(4096.0M)]
 [Times: user=0.00 sys=0.00, real=0.00 secs] 
2024-10-12T18:55:15.806+0300: 166.088: Total time for which application threads were stopped: 0.0035402 seconds, Stopping threads took: 0.0001572 seconds
2024-10-12T18:55:16.578+0300: 166.870: Application time: 0.7812249 seconds
2024-10-12T18:55:16.591+0300: 166.870: [GC pause (G1 Evacuation Pause) (young), 0.0037270 secs]
   [Parallel Time: 2.2 ms, GC Workers: 6]
      [GC Worker Start (ms): Min: 166870.0, Avg: 166870.0, Max: 166870.1, Diff: 0.1]
      [Ext Root Scanning (ms): Min: 0.3, Avg: 0.3, Max: 0.4, Diff: 0.1, Sum: 2.0]
      [Update RS (ms): Min: 0.1, Avg: 0.1, Max: 0.1, Diff: 0.1, Sum: 0.6]
         [Processed Buffers: Min: 1, Avg: 2.2, Max: 3, Diff: 2, Sum: 13]
      [Scan RS (ms): Min: 0.1, Avg: 0.2, Max: 0.2, Diff: 0.1, Sum: 1.0]
      [Code Root Scanning (ms): Min: 0.0, Avg: 0.0, Max: 0.0, Diff: 0.0, Sum: 0.0]
      [Object Copy (ms): Min: 1.3, Avg: 1.3, Max: 1.3, Diff: 0.0, Sum: 7.9]
      [Termination (ms): Min: 0.0, Avg: 0.0, Max: 0.0, Diff: 0.0, Sum: 0.0]
         [Termination Attempts: Min: 1, Avg: 1.2, Max: 2, Diff: 1, Sum: 7]
      [GC Worker Other (ms): Min: 0.0, Avg: 0.1, Max: 0.2, Diff: 0.1, Sum: 0.7]
      [GC Worker Total (ms): Min: 1.9, Avg: 2.0, Max: 2.1, Diff: 0.2, Sum: 12.3]
      [GC Worker End (ms): Min: 166872.0, Avg: 166872.1, Max: 166872.1, Diff: 0.1]
   [Code Root Fixup: 0.0 ms]
   [Code Root Purge: 0.0 ms]
   [Clear CT: 0.5 ms]
   [Other: 1.0 ms]
      [Choose CSet: 0.0 ms]
      [Ref Proc: 0.1 ms]
      [Ref Enq: 0.0 ms]
      [Redirty Cards: 0.1 ms]
      [Humongous Register: 0.1 ms]
      [Humongous Reclaim: 0.0 ms]
      [Free CSet: 0.6 ms]
   [Eden: 2446.0M(2446.0M)->0.0B(2444.0M) Survivors: 10240.0K->12288.0K Heap: 2472.8M(4096.0M)->30474.6K(4096.0M)]
 [Times: user=0.00 sys=0.00, real=0.00 secs] 
2024-10-12T18:55:16.591+0300: 166.874: Total time for which application threads were stopped: 0.0041741 seconds, Stopping threads took: 0.0002065 seconds
2024-10-12T18:55:17.360+0300: 167.650: Application time: 0.7764321 seconds
2024-10-12T18:55:17.360+0300: 167.650: [GC pause (G1 Evacuation Pause) (young), 0.0032053 secs]
   [Parallel Time: 1.7 ms, GC Workers: 6]
      [GC Worker Start (ms): Min: 167650.5, Avg: 167650.6, Max: 167650.6, Diff: 0.1]
      [Ext Root Scanning (ms): Min: 0.3, Avg: 0.3, Max: 0.4, Diff: 0.1, Sum: 2.0]
      [Update RS (ms): Min: 0.1, Avg: 0.1, Max: 0.2, Diff: 0.1, Sum: 0.6]
         [Processed Buffers: Min: 1, Avg: 2.2, Max: 3, Diff: 2, Sum: 13]
      [Scan RS (ms): Min: 0.1, Avg: 0.2, Max: 0.2, Diff: 0.1, Sum: 1.1]
      [Code Root Scanning (ms): Min: 0.0, Avg: 0.0, Max: 0.0, Diff: 0.0, Sum: 0.0]
      [Object Copy (ms): Min: 0.8, Avg: 0.8, Max: 0.8, Diff: 0.1, Sum: 4.9]
      [Termination (ms): Min: 0.0, Avg: 0.0, Max: 0.0, Diff: 0.0, Sum: 0.0]
         [Termination Attempts: Min: 1, Avg: 2.0, Max: 3, Diff: 2, Sum: 12]
      [GC Worker Other (ms): Min: 0.0, Avg: 0.1, Max: 0.1, Diff: 0.1, Sum: 0.5]
      [GC Worker Total (ms): Min: 1.5, Avg: 1.5, Max: 1.6, Diff: 0.1, Sum: 9.2]
      [GC Worker End (ms): Min: 167652.0, Avg: 167652.1, Max: 167652.1, Diff: 0.1]
   [Code Root Fixup: 0.0 ms]
   [Code Root Purge: 0.0 ms]
   [Clear CT: 0.5 ms]
   [Other: 1.0 ms]
      [Choose CSet: 0.0 ms]
      [Ref Proc: 0.1 ms]
      [Ref Enq: 0.0 ms]
      [Redirty Cards: 0.1 ms]
      [Humongous Register: 0.0 ms]
      [Humongous Reclaim: 0.0 ms]
      [Free CSet: 0.7 ms]
   [Eden: 2444.0M(2444.0M)->0.0B(2446.0M) Survivors: 12288.0K->10240.0K Heap: 2473.8M(4096.0M)->27569.2K(4096.0M)]
 [Times: user=0.00 sys=0.00, real=0.00 secs] 
2024-10-12T18:55:17.360+0300: 167.654: Total time for which application threads were stopped: 0.0035979 seconds, Stopping threads took: 0.0001732 seconds
2024-10-12T18:55:18.145+0300: 168.437: Application time: 0.7836276 seconds
2024-10-12T18:55:18.145+0300: 168.438: [GC pause (G1 Evacuation Pause) (young), 0.0035539 secs]
   [Parallel Time: 1.7 ms, GC Workers: 6]
      [GC Worker Start (ms): Min: 168437.8, Avg: 168437.9, Max: 168437.9, Diff: 0.1]
      [Ext Root Scanning (ms): Min: 0.3, Avg: 0.3, Max: 0.4, Diff: 0.1, Sum: 2.0]
      [Update RS (ms): Min: 0.1, Avg: 0.1, Max: 0.2, Diff: 0.1, Sum: 0.6]
         [Processed Buffers: Min: 1, Avg: 2.2, Max: 3, Diff: 2, Sum: 13]
      [Scan RS (ms): Min: 0.1, Avg: 0.2, Max: 0.2, Diff: 0.1, Sum: 1.0]
      [Code Root Scanning (ms): Min: 0.0, Avg: 0.0, Max: 0.0, Diff: 0.0, Sum: 0.0]
      [Object Copy (ms): Min: 0.7, Avg: 0.7, Max: 0.8, Diff: 0.1, Sum: 4.5]
      [Termination (ms): Min: 0.0, Avg: 0.0, Max: 0.0, Diff: 0.0, Sum: 0.0]
         [Termination Attempts: Min: 1, Avg: 1.0, Max: 1, Diff: 0, Sum: 6]
      [GC Worker Other (ms): Min: 0.0, Avg: 0.1, Max: 0.2, Diff: 0.2, Sum: 0.8]
      [GC Worker Total (ms): Min: 1.4, Avg: 1.5, Max: 1.6, Diff: 0.2, Sum: 9.0]
      [GC Worker End (ms): Min: 168439.3, Avg: 168439.4, Max: 168439.4, Diff: 0.2]
   [Code Root Fixup: 0.0 ms]
   [Code Root Purge: 0.0 ms]
   [Clear CT: 0.6 ms]
   [Other: 1.3 ms]
      [Choose CSet: 0.0 ms]
      [Ref Proc: 0.2 ms]
      [Ref Enq: 0.0 ms]
      [Redirty Cards: 0.1 ms]
      [Humongous Register: 0.1 ms]
      [Humongous Reclaim: 0.0 ms]
      [Free CSet: 0.8 ms]
   [Eden: 2446.0M(2446.0M)->0.0B(2450.0M) Survivors: 10240.0K->6144.0K Heap: 2472.9M(4096.0M)->24485.0K(4096.0M)]
 [Times: user=0.00 sys=0.02, real=0.02 secs] 
2024-10-12T18:55:18.161+0300: 168.441: Total time for which application threads were stopped: 0.0040033 seconds, Stopping threads took: 0.0001814 seconds
2024-10-12T18:55:18.929+0300: 169.222: Application time: 0.7808746 seconds
2024-10-12T18:55:18.929+0300: 169.223: [GC pause (G1 Evacuation Pause) (young), 0.0033317 secs]
   [Parallel Time: 1.6 ms, GC Workers: 6]
      [GC Worker Start (ms): Min: 169222.7, Avg: 169222.7, Max: 169222.7, Diff: 0.0]
      [Ext Root Scanning (ms): Min: 0.3, Avg: 0.3, Max: 0.4, Diff: 0.1, Sum: 2.0]
      [Update RS (ms): Min: 0.1, Avg: 0.1, Max: 0.2, Diff: 0.1, Sum: 0.6]
         [Processed Buffers: Min: 1, Avg: 2.2, Max: 3, Diff: 2, Sum: 13]
      [Scan RS (ms): Min: 0.1, Avg: 0.2, Max: 0.2, Diff: 0.1, Sum: 1.1]
      [Code Root Scanning (ms): Min: 0.0, Avg: 0.0, Max: 0.0, Diff: 0.0, Sum: 0.0]
      [Object Copy (ms): Min: 0.7, Avg: 0.8, Max: 0.8, Diff: 0.1, Sum: 4.6]
      [Termination (ms): Min: 0.0, Avg: 0.0, Max: 0.1, Diff: 0.1, Sum: 0.2]
         [Termination Attempts: Min: 1, Avg: 1.5, Max: 3, Diff: 2, Sum: 9]
      [GC Worker Other (ms): Min: 0.0, Avg: 0.0, Max: 0.1, Diff: 0.1, Sum: 0.2]
      [GC Worker Total (ms): Min: 1.4, Avg: 1.5, Max: 1.5, Diff: 0.0, Sum: 8.7]
      [GC Worker End (ms): Min: 169224.2, Avg: 169224.2, Max: 169224.2, Diff: 0.0]
   [Code Root Fixup: 0.0 ms]
   [Code Root Purge: 0.0 ms]
   [Clear CT: 0.5 ms]
   [Other: 1.2 ms]
      [Choose CSet: 0.0 ms]
      [Ref Proc: 0.1 ms]
      [Ref Enq: 0.0 ms]
      [Redirty Cards: 0.1 ms]
      [Humongous Register: 0.0 ms]
      [Humongous Reclaim: 0.0 ms]
      [Free CSet: 0.7 ms]
   [Eden: 2450.0M(2450.0M)->0.0B(2448.0M) Survivors: 6144.0K->8192.0K Heap: 2473.9M(4096.0M)->26402.1K(4096.0M)]
 [Times: user=0.02 sys=0.00, real=0.02 secs] 
2024-10-12T18:55:18.945+0300: 169.226: Total time for which application threads were stopped: 0.0037522 seconds, Stopping threads took: 0.0001963 seconds
2024-10-12T18:55:19.715+0300: 170.000: Application time: 0.7734806 seconds
2024-10-12T18:55:19.715+0300: 170.000: [GC pause (G1 Evacuation Pause) (young), 0.0030711 secs]
   [Parallel Time: 1.5 ms, GC Workers: 6]
      [GC Worker Start (ms): Min: 169999.9, Avg: 169999.9, Max: 170000.0, Diff: 0.1]
      [Ext Root Scanning (ms): Min: 0.3, Avg: 0.3, Max: 0.3, Diff: 0.1, Sum: 1.9]
      [Update RS (ms): Min: 0.1, Avg: 0.1, Max: 0.1, Diff: 0.1, Sum: 0.6]
         [Processed Buffers: Min: 1, Avg: 2.2, Max: 3, Diff: 2, Sum: 13]
      [Scan RS (ms): Min: 0.1, Avg: 0.2, Max: 0.2, Diff: 0.0, Sum: 1.0]
      [Code Root Scanning (ms): Min: 0.0, Avg: 0.0, Max: 0.0, Diff: 0.0, Sum: 0.0]
      [Object Copy (ms): Min: 0.7, Avg: 0.8, Max: 0.8, Diff: 0.1, Sum: 4.6]
      [Termination (ms): Min: 0.0, Avg: 0.0, Max: 0.0, Diff: 0.0, Sum: 0.0]
         [Termination Attempts: Min: 1, Avg: 1.3, Max: 2, Diff: 1, Sum: 8]
      [GC Worker Other (ms): Min: 0.1, Avg: 0.1, Max: 0.1, Diff: 0.1, Sum: 0.6]
      [GC Worker Total (ms): Min: 1.4, Avg: 1.5, Max: 1.5, Diff: 0.1, Sum: 8.7]
      [GC Worker End (ms): Min: 170001.3, Avg: 170001.4, Max: 170001.4, Diff: 0.1]
   [Code Root Fixup: 0.0 ms]
   [Code Root Purge: 0.0 ms]
   [Clear CT: 0.5 ms]
   [Other: 1.0 ms]
      [Choose CSet: 0.0 ms]
      [Ref Proc: 0.1 ms]
      [Ref Enq: 0.0 ms]
      [Redirty Cards: 0.1 ms]
      [Humongous Register: 0.0 ms]
      [Humongous Reclaim: 0.0 ms]
      [Free CSet: 0.6 ms]
   [Eden: 2448.0M(2448.0M)->0.0B(2448.0M) Survivors: 8192.0K->8192.0K Heap: 2473.8M(4096.0M)->26365.7K(4096.0M)]
 [Times: user=0.00 sys=0.00, real=0.00 secs] 
2024-10-12T18:55:19.715+0300: 170.003: Total time for which application threads were stopped: 0.0034910 seconds, Stopping threads took: 0.0001925 seconds
2024-10-12T18:55:20.500+0300: 170.783: Application time: 0.7803588 seconds
2024-10-12T18:55:20.500+0300: 170.784: [GC pause (G1 Evacuation Pause) (young), 0.0030842 secs]
   [Parallel Time: 1.6 ms, GC Workers: 6]
      [GC Worker Start (ms): Min: 170783.7, Avg: 170783.8, Max: 170783.8, Diff: 0.0]
      [Ext Root Scanning (ms): Min: 0.3, Avg: 0.3, Max: 0.3, Diff: 0.1, Sum: 1.9]
      [Update RS (ms): Min: 0.1, Avg: 0.1, Max: 0.1, Diff: 0.1, Sum: 0.6]
         [Processed Buffers: Min: 1, Avg: 2.2, Max: 3, Diff: 2, Sum: 13]
      [Scan RS (ms): Min: 0.1, Avg: 0.2, Max: 0.2, Diff: 0.1, Sum: 1.0]
      [Code Root Scanning (ms): Min: 0.0, Avg: 0.0, Max: 0.0, Diff: 0.0, Sum: 0.0]
      [Object Copy (ms): Min: 0.8, Avg: 0.8, Max: 0.8, Diff: 0.1, Sum: 4.8]
      [Termination (ms): Min: 0.0, Avg: 0.0, Max: 0.0, Diff: 0.0, Sum: 0.0]
         [Termination Attempts: Min: 1, Avg: 2.2, Max: 3, Diff: 2, Sum: 13]
      [GC Worker Other (ms): Min: 0.0, Avg: 0.1, Max: 0.1, Diff: 0.1, Sum: 0.6]
      [GC Worker Total (ms): Min: 1.4, Avg: 1.5, Max: 1.5, Diff: 0.1, Sum: 8.9]
      [GC Worker End (ms): Min: 170785.2, Avg: 170785.2, Max: 170785.3, Diff: 0.1]
   [Code Root Fixup: 0.0 ms]
   [Code Root Purge: 0.0 ms]
   [Clear CT: 0.4 ms]
   [Other: 1.1 ms]
      [Choose CSet: 0.0 ms]
      [Ref Proc: 0.1 ms]
      [Ref Enq: 0.0 ms]
      [Redirty Cards: 0.1 ms]
      [Humongous Register: 0.0 ms]
      [Humongous Reclaim: 0.0 ms]
      [Free CSet: 0.7 ms]
   [Eden: 2448.0M(2448.0M)->0.0B(2446.0M) Survivors: 8192.0K->10240.0K Heap: 2473.7M(4096.0M)->28439.6K(4096.0M)]
 [Times: user=0.00 sys=0.00, real=0.00 secs] 
2024-10-12T18:55:20.500+0300: 170.787: Total time for which application threads were stopped: 0.0034906 seconds, Stopping threads took: 0.0001907 seconds
2024-10-12T18:55:21.270+0300: 171.564: Application time: 0.7772312 seconds
2024-10-12T18:55:21.270+0300: 171.565: [GC pause (G1 Evacuation Pause) (young), 0.0034690 secs]
   [Parallel Time: 1.7 ms, GC Workers: 6]
      [GC Worker Start (ms): Min: 171564.6, Avg: 171564.6, Max: 171564.7, Diff: 0.1]
      [Ext Root Scanning (ms): Min: 0.3, Avg: 0.4, Max: 0.4, Diff: 0.1, Sum: 2.2]
      [Update RS (ms): Min: 0.1, Avg: 0.1, Max: 0.1, Diff: 0.1, Sum: 0.6]
         [Processed Buffers: Min: 1, Avg: 2.2, Max: 3, Diff: 2, Sum: 13]
      [Scan RS (ms): Min: 0.1, Avg: 0.2, Max: 0.2, Diff: 0.0, Sum: 1.0]
      [Code Root Scanning (ms): Min: 0.0, Avg: 0.0, Max: 0.0, Diff: 0.0, Sum: 0.0]
      [Object Copy (ms): Min: 0.7, Avg: 0.8, Max: 0.8, Diff: 0.1, Sum: 4.5]
      [Termination (ms): Min: 0.0, Avg: 0.0, Max: 0.0, Diff: 0.0, Sum: 0.0]
         [Termination Attempts: Min: 1, Avg: 1.0, Max: 1, Diff: 0, Sum: 6]
      [GC Worker Other (ms): Min: 0.0, Avg: 0.1, Max: 0.2, Diff: 0.2, Sum: 0.7]
      [GC Worker Total (ms): Min: 1.4, Avg: 1.5, Max: 1.6, Diff: 0.1, Sum: 9.0]
      [GC Worker End (ms): Min: 171566.1, Avg: 171566.1, Max: 171566.2, Diff: 0.2]
   [Code Root Fixup: 0.0 ms]
   [Code Root Purge: 0.0 ms]
   [Clear CT: 0.5 ms]
   [Other: 1.2 ms]
      [Choose CSet: 0.0 ms]
      [Ref Proc: 0.1 ms]
      [Ref Enq: 0.0 ms]
      [Redirty Cards: 0.1 ms]
      [Humongous Register: 0.0 ms]
      [Humongous Reclaim: 0.0 ms]
      [Free CSet: 0.7 ms]
   [Eden: 2446.0M(2446.0M)->0.0B(2448.0M) Survivors: 10240.0K->8192.0K Heap: 2473.8M(4096.0M)->26265.2K(4096.0M)]
 [Times: user=0.02 sys=0.00, real=0.02 secs] 
2024-10-12T18:55:21.286+0300: 171.568: Total time for which application threads were stopped: 0.0039975 seconds, Stopping threads took: 0.0002644 seconds
2024-10-12T18:55:22.070+0300: 172.350: Application time: 0.7819019 seconds
2024-10-12T18:55:22.070+0300: 172.350: [GC pause (G1 Evacuation Pause) (young), 0.0033275 secs]
   [Parallel Time: 1.7 ms, GC Workers: 6]
      [GC Worker Start (ms): Min: 172350.3, Avg: 172350.3, Max: 172350.4, Diff: 0.1]
      [Ext Root Scanning (ms): Min: 0.3, Avg: 0.3, Max: 0.3, Diff: 0.1, Sum: 1.9]
      [Update RS (ms): Min: 0.1, Avg: 0.1, Max: 0.1, Diff: 0.1, Sum: 0.6]
         [Processed Buffers: Min: 1, Avg: 2.2, Max: 4, Diff: 3, Sum: 13]
      [Scan RS (ms): Min: 0.1, Avg: 0.2, Max: 0.2, Diff: 0.1, Sum: 1.0]
      [Code Root Scanning (ms): Min: 0.0, Avg: 0.0, Max: 0.0, Diff: 0.0, Sum: 0.0]
      [Object Copy (ms): Min: 0.8, Avg: 0.8, Max: 0.8, Diff: 0.0, Sum: 4.7]
      [Termination (ms): Min: 0.0, Avg: 0.0, Max: 0.0, Diff: 0.0, Sum: 0.0]
         [Termination Attempts: Min: 1, Avg: 1.0, Max: 1, Diff: 0, Sum: 6]
      [GC Worker Other (ms): Min: 0.0, Avg: 0.1, Max: 0.2, Diff: 0.2, Sum: 0.8]
      [GC Worker Total (ms): Min: 1.4, Avg: 1.5, Max: 1.6, Diff: 0.2, Sum: 9.1]
      [GC Worker End (ms): Min: 172351.8, Avg: 172351.9, Max: 172351.9, Diff: 0.2]
   [Code Root Fixup: 0.0 ms]
   [Code Root Purge: 0.0 ms]
   [Clear CT: 0.4 ms]
   [Other: 1.2 ms]
      [Choose CSet: 0.0 ms]
      [Ref Proc: 0.1 ms]
      [Ref Enq: 0.0 ms]
      [Redirty Cards: 0.2 ms]
      [Humongous Register: 0.0 ms]
      [Humongous Reclaim: 0.0 ms]
      [Free CSet: 0.7 ms]
   [Eden: 2448.0M(2448.0M)->0.0B(2444.0M) Survivors: 8192.0K->12288.0K Heap: 2473.6M(4096.0M)->29449.2K(4096.0M)]
 [Times: user=0.00 sys=0.00, real=0.00 secs] 
2024-10-12T18:55:22.070+0300: 172.354: Total time for which application threads were stopped: 0.0036731 seconds, Stopping threads took: 0.0001248 seconds
2024-10-12T18:55:22.840+0300: 173.126: Application time: 0.7720279 seconds
2024-10-12T18:55:22.840+0300: 173.126: [GC pause (G1 Evacuation Pause) (young), 0.0038390 secs]
   [Parallel Time: 2.3 ms, GC Workers: 6]
      [GC Worker Start (ms): Min: 173126.1, Avg: 173126.2, Max: 173126.5, Diff: 0.4]
      [Ext Root Scanning (ms): Min: 0.0, Avg: 0.3, Max: 0.4, Diff: 0.4, Sum: 1.9]
      [Update RS (ms): Min: 0.1, Avg: 0.1, Max: 0.1, Diff: 0.1, Sum: 0.6]
         [Processed Buffers: Min: 1, Avg: 2.2, Max: 3, Diff: 2, Sum: 13]
      [Scan RS (ms): Min: 0.1, Avg: 0.2, Max: 0.2, Diff: 0.1, Sum: 1.1]
      [Code Root Scanning (ms): Min: 0.0, Avg: 0.0, Max: 0.0, Diff: 0.0, Sum: 0.0]
      [Object Copy (ms): Min: 1.4, Avg: 1.4, Max: 1.5, Diff: 0.1, Sum: 8.7]
      [Termination (ms): Min: 0.0, Avg: 0.0, Max: 0.0, Diff: 0.0, Sum: 0.0]
         [Termination Attempts: Min: 1, Avg: 1.2, Max: 2, Diff: 1, Sum: 7]
      [GC Worker Other (ms): Min: 0.0, Avg: 0.1, Max: 0.1, Diff: 0.1, Sum: 0.5]
      [GC Worker Total (ms): Min: 1.8, Avg: 2.1, Max: 2.2, Diff: 0.4, Sum: 12.8]
      [GC Worker End (ms): Min: 173128.3, Avg: 173128.3, Max: 173128.4, Diff: 0.1]
   [Code Root Fixup: 0.0 ms]
   [Code Root Purge: 0.0 ms]
   [Clear CT: 0.5 ms]
   [Other: 1.0 ms]
      [Choose CSet: 0.0 ms]
      [Ref Proc: 0.1 ms]
      [Ref Enq: 0.0 ms]
      [Redirty Cards: 0.1 ms]
      [Humongous Register: 0.0 ms]
      [Humongous Reclaim: 0.0 ms]
      [Free CSet: 0.7 ms]
   [Eden: 2444.0M(2444.0M)->0.0B(2444.0M) Survivors: 12288.0K->12288.0K Heap: 2472.8M(4096.0M)->30536.7K(4096.0M)]
 [Times: user=0.00 sys=0.00, real=0.00 secs] 
2024-10-12T18:55:22.840+0300: 173.130: Total time for which application threads were stopped: 0.0042577 seconds, Stopping threads took: 0.0001948 seconds
2024-10-12T18:55:23.609+0300: 173.903: Application time: 0.7730141 seconds
2024-10-12T18:55:23.609+0300: 173.903: [GC pause (G1 Evacuation Pause) (young), 0.0041759 secs]
   [Parallel Time: 2.5 ms, GC Workers: 6]
      [GC Worker Start (ms): Min: 173903.4, Avg: 173903.4, Max: 173903.5, Diff: 0.1]
      [Ext Root Scanning (ms): Min: 0.3, Avg: 0.3, Max: 0.4, Diff: 0.1, Sum: 2.0]
      [Update RS (ms): Min: 0.0, Avg: 0.1, Max: 0.1, Diff: 0.1, Sum: 0.6]
         [Processed Buffers: Min: 0, Avg: 2.2, Max: 3, Diff: 3, Sum: 13]
      [Scan RS (ms): Min: 0.0, Avg: 0.2, Max: 0.2, Diff: 0.2, Sum: 1.1]
      [Code Root Scanning (ms): Min: 0.0, Avg: 0.0, Max: 0.0, Diff: 0.0, Sum: 0.0]
      [Object Copy (ms): Min: 1.5, Avg: 1.6, Max: 1.9, Diff: 0.4, Sum: 9.7]
      [Termination (ms): Min: 0.0, Avg: 0.0, Max: 0.0, Diff: 0.0, Sum: 0.0]
         [Termination Attempts: Min: 1, Avg: 4.3, Max: 7, Diff: 6, Sum: 26]
      [GC Worker Other (ms): Min: 0.0, Avg: 0.1, Max: 0.2, Diff: 0.1, Sum: 0.5]
      [GC Worker Total (ms): Min: 2.3, Avg: 2.3, Max: 2.4, Diff: 0.1, Sum: 14.0]
      [GC Worker End (ms): Min: 173905.7, Avg: 173905.7, Max: 173905.8, Diff: 0.1]
   [Code Root Fixup: 0.0 ms]
   [Code Root Purge: 0.0 ms]
   [Clear CT: 0.6 ms]
   [Other: 1.1 ms]
      [Choose CSet: 0.0 ms]
      [Ref Proc: 0.1 ms]
      [Ref Enq: 0.0 ms]
      [Redirty Cards: 0.1 ms]
      [Humongous Register: 0.1 ms]
      [Humongous Reclaim: 0.0 ms]
      [Free CSet: 0.6 ms]
   [Eden: 2444.0M(2444.0M)->0.0B(2444.0M) Survivors: 12288.0K->12288.0K Heap: 2473.8M(4096.0M)->29637.2K(4096.0M)]
 [Times: user=0.00 sys=0.00, real=0.02 secs] 
2024-10-12T18:55:23.625+0300: 173.908: Total time for which application threads were stopped: 0.0046012 seconds, Stopping threads took: 0.0001777 seconds
2024-10-12T18:55:24.397+0300: 174.688: Application time: 0.7806274 seconds
2024-10-12T18:55:24.397+0300: 174.688: [GC pause (G1 Evacuation Pause) (young), 0.0032427 secs]
   [Parallel Time: 1.7 ms, GC Workers: 6]
      [GC Worker Start (ms): Min: 174688.5, Avg: 174688.6, Max: 174688.6, Diff: 0.1]
      [Ext Root Scanning (ms): Min: 0.3, Avg: 0.3, Max: 0.4, Diff: 0.1, Sum: 2.0]
      [Update RS (ms): Min: 0.1, Avg: 0.2, Max: 0.3, Diff: 0.2, Sum: 1.0]
         [Processed Buffers: Min: 1, Avg: 2.2, Max: 4, Diff: 3, Sum: 13]
      [Scan RS (ms): Min: 0.1, Avg: 0.2, Max: 0.2, Diff: 0.2, Sum: 1.2]
      [Code Root Scanning (ms): Min: 0.0, Avg: 0.0, Max: 0.0, Diff: 0.0, Sum: 0.0]
      [Object Copy (ms): Min: 0.8, Avg: 0.8, Max: 0.9, Diff: 0.1, Sum: 5.0]
      [Termination (ms): Min: 0.0, Avg: 0.0, Max: 0.0, Diff: 0.0, Sum: 0.0]
         [Termination Attempts: Min: 1, Avg: 3.3, Max: 6, Diff: 5, Sum: 20]
      [GC Worker Other (ms): Min: 0.0, Avg: 0.1, Max: 0.1, Diff: 0.1, Sum: 0.6]
      [GC Worker Total (ms): Min: 1.6, Avg: 1.6, Max: 1.7, Diff: 0.1, Sum: 9.8]
      [GC Worker End (ms): Min: 174690.1, Avg: 174690.2, Max: 174690.2, Diff: 0.1]
   [Code Root Fixup: 0.0 ms]
   [Code Root Purge: 0.0 ms]
   [Clear CT: 0.5 ms]
   [Other: 1.0 ms]
      [Choose CSet: 0.0 ms]
      [Ref Proc: 0.1 ms]
      [Ref Enq: 0.0 ms]
      [Redirty Cards: 0.1 ms]
      [Humongous Register: 0.0 ms]
      [Humongous Reclaim: 0.0 ms]
      [Free CSet: 0.6 ms]
   [Eden: 2444.0M(2444.0M)->0.0B(2448.0M) Survivors: 12288.0K->8192.0K Heap: 2472.9M(4096.0M)->26567.7K(4096.0M)]
 [Times: user=0.02 sys=0.00, real=0.01 secs] 
2024-10-12T18:55:24.410+0300: 174.692: Total time for which application threads were stopped: 0.0035858 seconds, Stopping threads took: 0.0001306 seconds
2024-10-12T18:55:25.194+0300: 175.477: Application time: 0.7848930 seconds
2024-10-12T18:55:25.194+0300: 175.477: [GC pause (G1 Evacuation Pause) (young), 0.0031532 secs]
   [Parallel Time: 1.6 ms, GC Workers: 6]
      [GC Worker Start (ms): Min: 175477.0, Avg: 175477.1, Max: 175477.1, Diff: 0.1]
      [Ext Root Scanning (ms): Min: 0.3, Avg: 0.3, Max: 0.4, Diff: 0.1, Sum: 2.0]
      [Update RS (ms): Min: 0.1, Avg: 0.1, Max: 0.1, Diff: 0.0, Sum: 0.6]
         [Processed Buffers: Min: 1, Avg: 2.2, Max: 3, Diff: 2, Sum: 13]
      [Scan RS (ms): Min: 0.1, Avg: 0.2, Max: 0.2, Diff: 0.1, Sum: 1.0]
      [Code Root Scanning (ms): Min: 0.0, Avg: 0.0, Max: 0.0, Diff: 0.0, Sum: 0.0]
      [Object Copy (ms): Min: 0.8, Avg: 0.8, Max: 0.8, Diff: 0.1, Sum: 4.7]
      [Termination (ms): Min: 0.0, Avg: 0.0, Max: 0.0, Diff: 0.0, Sum: 0.0]
         [Termination Attempts: Min: 1, Avg: 1.0, Max: 1, Diff: 0, Sum: 6]
      [GC Worker Other (ms): Min: 0.0, Avg: 0.1, Max: 0.1, Diff: 0.1, Sum: 0.5]
      [GC Worker Total (ms): Min: 1.4, Avg: 1.5, Max: 1.5, Diff: 0.1, Sum: 8.9]
      [GC Worker End (ms): Min: 175478.5, Avg: 175478.5, Max: 175478.6, Diff: 0.1]
   [Code Root Fixup: 0.0 ms]
   [Code Root Purge: 0.0 ms]
   [Clear CT: 0.5 ms]
   [Other: 1.0 ms]
      [Choose CSet: 0.0 ms]
      [Ref Proc: 0.1 ms]
      [Ref Enq: 0.0 ms]
      [Redirty Cards: 0.1 ms]
      [Humongous Register: 0.0 ms]
      [Humongous Reclaim: 0.0 ms]
      [Free CSet: 0.6 ms]
   [Eden: 2448.0M(2448.0M)->0.0B(2448.0M) Survivors: 8192.0K->8192.0K Heap: 2473.9M(4096.0M)->26570.2K(4096.0M)]
 [Times: user=0.02 sys=0.00, real=0.00 secs] 
2024-10-12T18:55:25.199+0300: 175.480: Total time for which application threads were stopped: 0.0034990 seconds, Stopping threads took: 0.0001062 seconds
2024-10-12T18:55:25.964+0300: 176.258: Application time: 0.7779795 seconds
2024-10-12T18:55:25.964+0300: 176.258: [GC pause (G1 Evacuation Pause) (young), 0.0034929 secs]
   [Parallel Time: 1.8 ms, GC Workers: 6]
      [GC Worker Start (ms): Min: 176258.6, Avg: 176258.6, Max: 176258.6, Diff: 0.0]
      [Ext Root Scanning (ms): Min: 0.3, Avg: 0.3, Max: 0.4, Diff: 0.1, Sum: 2.0]
      [Update RS (ms): Min: 0.0, Avg: 0.1, Max: 0.2, Diff: 0.2, Sum: 0.6]
         [Processed Buffers: Min: 0, Avg: 2.2, Max: 4, Diff: 4, Sum: 13]
      [Scan RS (ms): Min: 0.1, Avg: 0.2, Max: 0.2, Diff: 0.1, Sum: 1.1]
      [Code Root Scanning (ms): Min: 0.0, Avg: 0.0, Max: 0.0, Diff: 0.0, Sum: 0.0]
      [Object Copy (ms): Min: 0.9, Avg: 0.9, Max: 1.0, Diff: 0.2, Sum: 5.5]
      [Termination (ms): Min: 0.0, Avg: 0.0, Max: 0.0, Diff: 0.0, Sum: 0.0]
         [Termination Attempts: Min: 1, Avg: 1.0, Max: 1, Diff: 0, Sum: 6]
      [GC Worker Other (ms): Min: 0.0, Avg: 0.1, Max: 0.2, Diff: 0.1, Sum: 0.8]
      [GC Worker Total (ms): Min: 1.6, Avg: 1.7, Max: 1.8, Diff: 0.2, Sum: 10.0]
      [GC Worker End (ms): Min: 176260.2, Avg: 176260.3, Max: 176260.3, Diff: 0.1]
   [Code Root Fixup: 0.0 ms]
   [Code Root Purge: 0.0 ms]
   [Clear CT: 0.6 ms]
   [Other: 1.1 ms]
      [Choose CSet: 0.0 ms]
      [Ref Proc: 0.1 ms]
      [Ref Enq: 0.0 ms]
      [Redirty Cards: 0.1 ms]
      [Humongous Register: 0.1 ms]
      [Humongous Reclaim: 0.0 ms]
      [Free CSet: 0.7 ms]
   [Eden: 2448.0M(2448.0M)->0.0B(2446.0M) Survivors: 8192.0K->10240.0K Heap: 2473.9M(4096.0M)->28572.9K(4096.0M)]
 [Times: user=0.02 sys=0.00, real=0.02 secs] 
2024-10-12T18:55:25.980+0300: 176.262: Total time for which application threads were stopped: 0.0038806 seconds, Stopping threads took: 0.0001644 seconds
2024-10-12T18:55:26.749+0300: 177.036: Application time: 0.7735239 seconds
2024-10-12T18:55:26.749+0300: 177.036: [GC pause (G1 Evacuation Pause) (young), 0.0037631 secs]
   [Parallel Time: 2.2 ms, GC Workers: 6]
      [GC Worker Start (ms): Min: 177036.0, Avg: 177036.0, Max: 177036.0, Diff: 0.0]
      [Ext Root Scanning (ms): Min: 0.3, Avg: 0.3, Max: 0.4, Diff: 0.1, Sum: 1.9]
      [Update RS (ms): Min: 0.0, Avg: 0.1, Max: 0.1, Diff: 0.1, Sum: 0.6]
         [Processed Buffers: Min: 0, Avg: 2.2, Max: 5, Diff: 5, Sum: 13]
      [Scan RS (ms): Min: 0.0, Avg: 0.2, Max: 0.2, Diff: 0.2, Sum: 1.0]
      [Code Root Scanning (ms): Min: 0.0, Avg: 0.0, Max: 0.0, Diff: 0.0, Sum: 0.0]
      [Object Copy (ms): Min: 1.3, Avg: 1.4, Max: 1.7, Diff: 0.3, Sum: 8.5]
      [Termination (ms): Min: 0.0, Avg: 0.0, Max: 0.0, Diff: 0.0, Sum: 0.0]
         [Termination Attempts: Min: 1, Avg: 1.0, Max: 1, Diff: 0, Sum: 6]
      [GC Worker Other (ms): Min: 0.0, Avg: 0.1, Max: 0.1, Diff: 0.1, Sum: 0.5]
      [GC Worker Total (ms): Min: 2.1, Avg: 2.1, Max: 2.1, Diff: 0.1, Sum: 12.6]
      [GC Worker End (ms): Min: 177038.0, Avg: 177038.1, Max: 177038.1, Diff: 0.1]
   [Code Root Fixup: 0.0 ms]
   [Code Root Purge: 0.0 ms]
   [Clear CT: 0.5 ms]
   [Other: 1.0 ms]
      [Choose CSet: 0.0 ms]
      [Ref Proc: 0.1 ms]
      [Ref Enq: 0.0 ms]
      [Redirty Cards: 0.1 ms]
      [Humongous Register: 0.0 ms]
      [Humongous Reclaim: 0.0 ms]
      [Free CSet: 0.6 ms]
   [Eden: 2446.0M(2446.0M)->0.0B(2444.0M) Survivors: 10240.0K->12288.0K Heap: 2473.9M(4096.0M)->29647.2K(4096.0M)]
 [Times: user=0.00 sys=0.00, real=0.00 secs] 
2024-10-12T18:55:26.749+0300: 177.040: Total time for which application threads were stopped: 0.0041688 seconds, Stopping threads took: 0.0001670 seconds
2024-10-12T18:55:27.534+0300: 177.817: Application time: 0.7773479 seconds
2024-10-12T18:55:27.534+0300: 177.817: [GC pause (G1 Evacuation Pause) (young), 0.0030480 secs]
   [Parallel Time: 1.5 ms, GC Workers: 6]
      [GC Worker Start (ms): Min: 177817.5, Avg: 177817.5, Max: 177817.5, Diff: 0.1]
      [Ext Root Scanning (ms): Min: 0.3, Avg: 0.3, Max: 0.4, Diff: 0.1, Sum: 2.0]
      [Update RS (ms): Min: 0.1, Avg: 0.1, Max: 0.1, Diff: 0.1, Sum: 0.6]
         [Processed Buffers: Min: 1, Avg: 2.2, Max: 4, Diff: 3, Sum: 13]
      [Scan RS (ms): Min: 0.2, Avg: 0.2, Max: 0.2, Diff: 0.0, Sum: 1.1]
      [Code Root Scanning (ms): Min: 0.0, Avg: 0.0, Max: 0.0, Diff: 0.0, Sum: 0.0]
      [Object Copy (ms): Min: 0.7, Avg: 0.7, Max: 0.7, Diff: 0.1, Sum: 4.3]
      [Termination (ms): Min: 0.0, Avg: 0.0, Max: 0.0, Diff: 0.0, Sum: 0.0]
         [Termination Attempts: Min: 1, Avg: 1.0, Max: 1, Diff: 0, Sum: 6]
      [GC Worker Other (ms): Min: 0.0, Avg: 0.1, Max: 0.1, Diff: 0.1, Sum: 0.5]
      [GC Worker Total (ms): Min: 1.4, Avg: 1.4, Max: 1.5, Diff: 0.1, Sum: 8.5]
      [GC Worker End (ms): Min: 177818.9, Avg: 177818.9, Max: 177818.9, Diff: 0.1]
   [Code Root Fixup: 0.0 ms]
   [Code Root Purge: 0.0 ms]
   [Clear CT: 0.5 ms]
   [Other: 1.0 ms]
      [Choose CSet: 0.0 ms]
      [Ref Proc: 0.1 ms]
      [Ref Enq: 0.0 ms]
      [Redirty Cards: 0.1 ms]
      [Humongous Register: 0.0 ms]
      [Humongous Reclaim: 0.0 ms]
      [Free CSet: 0.6 ms]
   [Eden: 2444.0M(2444.0M)->0.0B(2450.0M) Survivors: 12288.0K->6144.0K Heap: 2473.0M(4096.0M)->24529.7K(4096.0M)]
 [Times: user=0.00 sys=0.00, real=0.00 secs] 
2024-10-12T18:55:27.534+0300: 177.821: Total time for which application threads were stopped: 0.0034217 seconds, Stopping threads took: 0.0001606 seconds
2024-10-12T18:55:28.320+0300: 178.604: Application time: 0.7829663 seconds
2024-10-12T18:55:28.320+0300: 178.604: [GC pause (G1 Evacuation Pause) (young), 0.0034528 secs]
   [Parallel Time: 1.8 ms, GC Workers: 6]
      [GC Worker Start (ms): Min: 178603.9, Avg: 178604.0, Max: 178604.0, Diff: 0.1]
      [Ext Root Scanning (ms): Min: 0.3, Avg: 0.3, Max: 0.4, Diff: 0.1, Sum: 2.0]
      [Update RS (ms): Min: 0.1, Avg: 0.1, Max: 0.1, Diff: 0.1, Sum: 0.7]
         [Processed Buffers: Min: 1, Avg: 2.2, Max: 3, Diff: 2, Sum: 13]
      [Scan RS (ms): Min: 0.1, Avg: 0.2, Max: 0.2, Diff: 0.1, Sum: 1.1]
      [Code Root Scanning (ms): Min: 0.0, Avg: 0.0, Max: 0.0, Diff: 0.0, Sum: 0.0]
      [Object Copy (ms): Min: 0.8, Avg: 0.8, Max: 0.8, Diff: 0.0, Sum: 4.7]
      [Termination (ms): Min: 0.0, Avg: 0.0, Max: 0.0, Diff: 0.0, Sum: 0.0]
         [Termination Attempts: Min: 1, Avg: 1.0, Max: 1, Diff: 0, Sum: 6]
      [GC Worker Other (ms): Min: 0.0, Avg: 0.1, Max: 0.2, Diff: 0.2, Sum: 0.8]
      [GC Worker Total (ms): Min: 1.5, Avg: 1.5, Max: 1.6, Diff: 0.2, Sum: 9.3]
      [GC Worker End (ms): Min: 178605.4, Avg: 178605.5, Max: 178605.6, Diff: 0.2]
   [Code Root Fixup: 0.0 ms]
   [Code Root Purge: 0.0 ms]
   [Clear CT: 0.5 ms]
   [Other: 1.1 ms]
      [Choose CSet: 0.0 ms]
      [Ref Proc: 0.2 ms]
      [Ref Enq: 0.0 ms]
      [Redirty Cards: 0.1 ms]
      [Humongous Register: 0.1 ms]
      [Humongous Reclaim: 0.0 ms]
      [Free CSet: 0.7 ms]
   [Eden: 2450.0M(2450.0M)->0.0B(2446.0M) Survivors: 6144.0K->10240.0K Heap: 2474.0M(4096.0M)->27577.5K(4096.0M)]
 [Times: user=0.00 sys=0.00, real=0.00 secs] 
2024-10-12T18:55:28.320+0300: 178.607: Total time for which application threads were stopped: 0.0038576 seconds, Stopping threads took: 0.0001291 seconds
2024-10-12T18:55:29.108+0300: 179.388: Application time: 0.7805331 seconds
2024-10-12T18:55:29.108+0300: 179.388: [GC pause (G1 Evacuation Pause) (young), 0.0033741 secs]
   [Parallel Time: 1.7 ms, GC Workers: 6]
      [GC Worker Start (ms): Min: 179388.3, Avg: 179388.3, Max: 179388.3, Diff: 0.0]
      [Ext Root Scanning (ms): Min: 0.3, Avg: 0.3, Max: 0.4, Diff: 0.1, Sum: 2.0]
      [Update RS (ms): Min: 0.1, Avg: 0.1, Max: 0.1, Diff: 0.1, Sum: 0.6]
         [Processed Buffers: Min: 1, Avg: 2.2, Max: 3, Diff: 2, Sum: 13]
      [Scan RS (ms): Min: 0.2, Avg: 0.2, Max: 0.2, Diff: 0.0, Sum: 1.0]
      [Code Root Scanning (ms): Min: 0.0, Avg: 0.0, Max: 0.0, Diff: 0.0, Sum: 0.0]
      [Object Copy (ms): Min: 0.7, Avg: 0.8, Max: 0.8, Diff: 0.0, Sum: 4.6]
      [Termination (ms): Min: 0.0, Avg: 0.0, Max: 0.0, Diff: 0.0, Sum: 0.0]
         [Termination Attempts: Min: 1, Avg: 2.2, Max: 5, Diff: 4, Sum: 13]
      [GC Worker Other (ms): Min: 0.0, Avg: 0.1, Max: 0.2, Diff: 0.2, Sum: 0.7]
      [GC Worker Total (ms): Min: 1.4, Avg: 1.5, Max: 1.6, Diff: 0.2, Sum: 9.0]
      [GC Worker End (ms): Min: 179389.7, Avg: 179389.8, Max: 179389.9, Diff: 0.2]
   [Code Root Fixup: 0.0 ms]
   [Code Root Purge: 0.0 ms]
   [Clear CT: 0.5 ms]
   [Other: 1.2 ms]
      [Choose CSet: 0.0 ms]
      [Ref Proc: 0.1 ms]
      [Ref Enq: 0.0 ms]
      [Redirty Cards: 0.1 ms]
      [Humongous Register: 0.1 ms]
      [Humongous Reclaim: 0.0 ms]
      [Free CSet: 0.7 ms]
   [Eden: 2446.0M(2446.0M)->0.0B(2448.0M) Survivors: 10240.0K->8192.0K Heap: 2472.9M(4096.0M)->25505.6K(4096.0M)]
 [Times: user=0.00 sys=0.00, real=0.00 secs] 
2024-10-12T18:55:29.108+0300: 179.392: Total time for which application threads were stopped: 0.0037891 seconds, Stopping threads took: 0.0001644 seconds
2024-10-12T18:55:29.874+0300: 180.166: Application time: 0.7746525 seconds
2024-10-12T18:55:29.874+0300: 180.167: [GC pause (G1 Evacuation Pause) (young), 0.0035596 secs]
   [Parallel Time: 1.6 ms, GC Workers: 6]
      [GC Worker Start (ms): Min: 180166.7, Avg: 180166.8, Max: 180167.2, Diff: 0.4]
      [Ext Root Scanning (ms): Min: 0.0, Avg: 0.3, Max: 0.4, Diff: 0.4, Sum: 1.8]
      [Update RS (ms): Min: 0.1, Avg: 0.1, Max: 0.1, Diff: 0.0, Sum: 0.6]
         [Processed Buffers: Min: 1, Avg: 2.2, Max: 3, Diff: 2, Sum: 13]
      [Scan RS (ms): Min: 0.2, Avg: 0.2, Max: 0.2, Diff: 0.0, Sum: 1.1]
      [Code Root Scanning (ms): Min: 0.0, Avg: 0.0, Max: 0.0, Diff: 0.0, Sum: 0.0]
      [Object Copy (ms): Min: 0.7, Avg: 0.7, Max: 0.7, Diff: 0.0, Sum: 4.3]
      [Termination (ms): Min: 0.0, Avg: 0.0, Max: 0.0, Diff: 0.0, Sum: 0.0]
         [Termination Attempts: Min: 1, Avg: 1.2, Max: 2, Diff: 1, Sum: 7]
      [GC Worker Other (ms): Min: 0.0, Avg: 0.1, Max: 0.1, Diff: 0.1, Sum: 0.5]
      [GC Worker Total (ms): Min: 1.1, Avg: 1.4, Max: 1.5, Diff: 0.4, Sum: 8.4]
      [GC Worker End (ms): Min: 180168.2, Avg: 180168.2, Max: 180168.3, Diff: 0.1]
   [Code Root Fixup: 0.0 ms]
   [Code Root Purge: 0.0 ms]
   [Clear CT: 0.5 ms]
   [Other: 1.5 ms]
      [Choose CSet: 0.0 ms]
      [Ref Proc: 0.1 ms]
      [Ref Enq: 0.0 ms]
      [Redirty Cards: 0.1 ms]
      [Humongous Register: 0.1 ms]
      [Humongous Reclaim: 0.0 ms]
      [Free CSet: 1.0 ms]
   [Eden: 2448.0M(2448.0M)->0.0B(2448.0M) Survivors: 8192.0K->8192.0K Heap: 2472.9M(4096.0M)->26418.5K(4096.0M)]
 [Times: user=0.02 sys=0.00, real=0.02 secs] 
2024-10-12T18:55:29.890+0300: 180.170: Total time for which application threads were stopped: 0.0039543 seconds, Stopping threads took: 0.0001850 seconds
2024-10-12T18:55:30.659+0300: 180.952: Application time: 0.7812204 seconds
2024-10-12T18:55:30.659+0300: 180.952: [GC pause (G1 Evacuation Pause) (young), 0.0031930 secs]
   [Parallel Time: 1.6 ms, GC Workers: 6]
      [GC Worker Start (ms): Min: 180951.9, Avg: 180951.9, Max: 180952.0, Diff: 0.1]
      [Ext Root Scanning (ms): Min: 0.3, Avg: 0.3, Max: 0.4, Diff: 0.1, Sum: 1.9]
      [Update RS (ms): Min: 0.1, Avg: 0.1, Max: 0.1, Diff: 0.0, Sum: 0.6]
         [Processed Buffers: Min: 1, Avg: 2.2, Max: 3, Diff: 2, Sum: 13]
      [Scan RS (ms): Min: 0.2, Avg: 0.2, Max: 0.2, Diff: 0.0, Sum: 1.1]
      [Code Root Scanning (ms): Min: 0.0, Avg: 0.0, Max: 0.0, Diff: 0.0, Sum: 0.0]
      [Object Copy (ms): Min: 0.7, Avg: 0.8, Max: 0.8, Diff: 0.1, Sum: 4.6]
      [Termination (ms): Min: 0.0, Avg: 0.1, Max: 0.1, Diff: 0.1, Sum: 0.6]
         [Termination Attempts: Min: 1, Avg: 1.0, Max: 1, Diff: 0, Sum: 6]
      [GC Worker Other (ms): Min: 0.0, Avg: 0.0, Max: 0.0, Diff: 0.0, Sum: 0.1]
      [GC Worker Total (ms): Min: 1.5, Avg: 1.5, Max: 1.6, Diff: 0.1, Sum: 9.0]
      [GC Worker End (ms): Min: 180953.4, Avg: 180953.4, Max: 180953.5, Diff: 0.0]
   [Code Root Fixup: 0.0 ms]
   [Code Root Purge: 0.0 ms]
   [Clear CT: 0.5 ms]
   [Other: 1.1 ms]
      [Choose CSet: 0.0 ms]
      [Ref Proc: 0.2 ms]
      [Ref Enq: 0.0 ms]
      [Redirty Cards: 0.1 ms]
      [Humongous Register: 0.0 ms]
      [Humongous Reclaim: 0.0 ms]
      [Free CSet: 0.6 ms]
   [Eden: 2448.0M(2448.0M)->0.0B(2448.0M) Survivors: 8192.0K->8192.0K Heap: 2473.8M(4096.0M)->26393.8K(4096.0M)]
 [Times: user=0.02 sys=0.00, real=0.02 secs] 
2024-10-12T18:55:30.674+0300: 180.955: Total time for which application threads were stopped: 0.0036023 seconds, Stopping threads took: 0.0001768 seconds
2024-10-12T18:55:31.444+0300: 181.733: Application time: 0.7782242 seconds
2024-10-12T18:55:31.444+0300: 181.734: [GC pause (G1 Evacuation Pause) (young), 0.0031577 secs]
   [Parallel Time: 1.7 ms, GC Workers: 6]
      [GC Worker Start (ms): Min: 181733.7, Avg: 181733.8, Max: 181733.8, Diff: 0.1]
      [Ext Root Scanning (ms): Min: 0.3, Avg: 0.3, Max: 0.3, Diff: 0.1, Sum: 1.9]
      [Update RS (ms): Min: 0.1, Avg: 0.1, Max: 0.1, Diff: 0.0, Sum: 0.6]
         [Processed Buffers: Min: 1, Avg: 2.2, Max: 4, Diff: 3, Sum: 13]
      [Scan RS (ms): Min: 0.2, Avg: 0.2, Max: 0.2, Diff: 0.0, Sum: 1.1]
      [Code Root Scanning (ms): Min: 0.0, Avg: 0.0, Max: 0.0, Diff: 0.0, Sum: 0.0]
      [Object Copy (ms): Min: 0.8, Avg: 0.8, Max: 0.9, Diff: 0.1, Sum: 4.9]
      [Termination (ms): Min: 0.0, Avg: 0.0, Max: 0.1, Diff: 0.1, Sum: 0.3]
         [Termination Attempts: Min: 1, Avg: 1.2, Max: 2, Diff: 1, Sum: 7]
      [GC Worker Other (ms): Min: 0.0, Avg: 0.1, Max: 0.1, Diff: 0.1, Sum: 0.4]
      [GC Worker Total (ms): Min: 1.5, Avg: 1.5, Max: 1.6, Diff: 0.1, Sum: 9.2]
      [GC Worker End (ms): Min: 181735.2, Avg: 181735.3, Max: 181735.3, Diff: 0.1]
   [Code Root Fixup: 0.0 ms]
   [Code Root Purge: 0.0 ms]
   [Clear CT: 0.5 ms]
   [Other: 1.0 ms]
      [Choose CSet: 0.0 ms]
      [Ref Proc: 0.1 ms]
      [Ref Enq: 0.0 ms]
      [Redirty Cards: 0.1 ms]
      [Humongous Register: 0.0 ms]
      [Humongous Reclaim: 0.0 ms]
      [Free CSet: 0.6 ms]
   [Eden: 2448.0M(2448.0M)->0.0B(2446.0M) Survivors: 8192.0K->10240.0K Heap: 2473.8M(4096.0M)->27521.3K(4096.0M)]
 [Times: user=0.00 sys=0.00, real=0.00 secs] 
2024-10-12T18:55:31.444+0300: 181.737: Total time for which application threads were stopped: 0.0035502 seconds, Stopping threads took: 0.0001749 seconds
2024-10-12T18:55:32.229+0300: 182.516: Application time: 0.7789781 seconds
2024-10-12T18:55:32.229+0300: 182.516: [GC pause (G1 Evacuation Pause) (young), 0.0031827 secs]
   [Parallel Time: 1.7 ms, GC Workers: 6]
      [GC Worker Start (ms): Min: 182516.3, Avg: 182516.3, Max: 182516.4, Diff: 0.1]
      [Ext Root Scanning (ms): Min: 0.3, Avg: 0.4, Max: 0.4, Diff: 0.1, Sum: 2.1]
      [Update RS (ms): Min: 0.1, Avg: 0.1, Max: 0.1, Diff: 0.0, Sum: 0.6]
         [Processed Buffers: Min: 1, Avg: 2.2, Max: 3, Diff: 2, Sum: 13]
      [Scan RS (ms): Min: 0.1, Avg: 0.2, Max: 0.2, Diff: 0.1, Sum: 1.1]
      [Code Root Scanning (ms): Min: 0.0, Avg: 0.0, Max: 0.0, Diff: 0.0, Sum: 0.0]
      [Object Copy (ms): Min: 0.8, Avg: 0.8, Max: 0.8, Diff: 0.0, Sum: 4.8]
      [Termination (ms): Min: 0.0, Avg: 0.0, Max: 0.0, Diff: 0.0, Sum: 0.0]
         [Termination Attempts: Min: 1, Avg: 1.2, Max: 2, Diff: 1, Sum: 7]
      [GC Worker Other (ms): Min: 0.0, Avg: 0.1, Max: 0.1, Diff: 0.1, Sum: 0.5]
      [GC Worker Total (ms): Min: 1.5, Avg: 1.5, Max: 1.6, Diff: 0.1, Sum: 9.2]
      [GC Worker End (ms): Min: 182517.8, Avg: 182517.9, Max: 182517.9, Diff: 0.1]
   [Code Root Fixup: 0.0 ms]
   [Code Root Purge: 0.0 ms]
   [Clear CT: 0.5 ms]
   [Other: 1.0 ms]
      [Choose CSet: 0.0 ms]
      [Ref Proc: 0.1 ms]
      [Ref Enq: 0.0 ms]
      [Redirty Cards: 0.1 ms]
      [Humongous Register: 0.0 ms]
      [Humongous Reclaim: 0.0 ms]
      [Free CSet: 0.6 ms]
   [Eden: 2446.0M(2446.0M)->0.0B(2446.0M) Survivors: 10240.0K->10240.0K Heap: 2472.9M(4096.0M)->27547.9K(4096.0M)]
 [Times: user=0.00 sys=0.00, real=0.00 secs] 
2024-10-12T18:55:32.229+0300: 182.520: Total time for which application threads were stopped: 0.0036342 seconds, Stopping threads took: 0.0002081 seconds
2024-10-12T18:55:33.013+0300: 183.293: Application time: 0.7730260 seconds
2024-10-12T18:55:33.013+0300: 183.293: [GC pause (G1 Evacuation Pause) (young), 0.0036550 secs]
   [Parallel Time: 1.7 ms, GC Workers: 6]
      [GC Worker Start (ms): Min: 183293.0, Avg: 183293.0, Max: 183293.0, Diff: 0.0]
      [Ext Root Scanning (ms): Min: 0.3, Avg: 0.3, Max: 0.3, Diff: 0.1, Sum: 1.9]
      [Update RS (ms): Min: 0.1, Avg: 0.1, Max: 0.1, Diff: 0.0, Sum: 0.6]
         [Processed Buffers: Min: 1, Avg: 2.2, Max: 4, Diff: 3, Sum: 13]
      [Scan RS (ms): Min: 0.2, Avg: 0.2, Max: 0.2, Diff: 0.0, Sum: 1.0]
      [Code Root Scanning (ms): Min: 0.0, Avg: 0.0, Max: 0.0, Diff: 0.0, Sum: 0.0]
      [Object Copy (ms): Min: 0.8, Avg: 0.9, Max: 0.9, Diff: 0.0, Sum: 5.2]
      [Termination (ms): Min: 0.0, Avg: 0.0, Max: 0.0, Diff: 0.0, Sum: 0.0]
         [Termination Attempts: Min: 1, Avg: 1.0, Max: 1, Diff: 0, Sum: 6]
      [GC Worker Other (ms): Min: 0.0, Avg: 0.1, Max: 0.1, Diff: 0.1, Sum: 0.5]
      [GC Worker Total (ms): Min: 1.5, Avg: 1.5, Max: 1.6, Diff: 0.1, Sum: 9.2]
      [GC Worker End (ms): Min: 183294.5, Avg: 183294.5, Max: 183294.6, Diff: 0.1]
   [Code Root Fixup: 0.0 ms]
   [Code Root Purge: 0.0 ms]
   [Clear CT: 0.6 ms]
   [Other: 1.4 ms]
      [Choose CSet: 0.0 ms]
      [Ref Proc: 0.1 ms]
      [Ref Enq: 0.0 ms]
      [Redirty Cards: 0.1 ms]
      [Humongous Register: 0.1 ms]
      [Humongous Reclaim: 0.0 ms]
      [Free CSet: 0.9 ms]
   [Eden: 2446.0M(2446.0M)->0.0B(2446.0M) Survivors: 10240.0K->10240.0K Heap: 2472.9M(4096.0M)->28532.4K(4096.0M)]
 [Times: user=0.00 sys=0.00, real=0.00 secs] 
2024-10-12T18:55:33.013+0300: 183.297: Total time for which application threads were stopped: 0.0040831 seconds, Stopping threads took: 0.0001961 seconds
2024-10-12T18:55:33.782+0300: 184.068: Application time: 0.7710073 seconds
2024-10-12T18:55:33.782+0300: 184.068: [GC pause (G1 Evacuation Pause) (young), 0.0031480 secs]
   [Parallel Time: 1.6 ms, GC Workers: 6]
      [GC Worker Start (ms): Min: 184068.1, Avg: 184068.1, Max: 184068.1, Diff: 0.1]
      [Ext Root Scanning (ms): Min: 0.3, Avg: 0.3, Max: 0.4, Diff: 0.1, Sum: 2.0]
      [Update RS (ms): Min: 0.1, Avg: 0.1, Max: 0.1, Diff: 0.1, Sum: 0.6]
         [Processed Buffers: Min: 1, Avg: 2.2, Max: 4, Diff: 3, Sum: 13]
      [Scan RS (ms): Min: 0.2, Avg: 0.2, Max: 0.2, Diff: 0.0, Sum: 1.1]
      [Code Root Scanning (ms): Min: 0.0, Avg: 0.0, Max: 0.0, Diff: 0.0, Sum: 0.0]
      [Object Copy (ms): Min: 0.8, Avg: 0.8, Max: 0.8, Diff: 0.0, Sum: 4.7]
      [Termination (ms): Min: 0.0, Avg: 0.0, Max: 0.0, Diff: 0.0, Sum: 0.0]
         [Termination Attempts: Min: 1, Avg: 1.0, Max: 1, Diff: 0, Sum: 6]
      [GC Worker Other (ms): Min: 0.0, Avg: 0.1, Max: 0.1, Diff: 0.1, Sum: 0.5]
      [GC Worker Total (ms): Min: 1.4, Avg: 1.5, Max: 1.5, Diff: 0.1, Sum: 8.9]
      [GC Worker End (ms): Min: 184069.5, Avg: 184069.6, Max: 184069.6, Diff: 0.1]
   [Code Root Fixup: 0.0 ms]
   [Code Root Purge: 0.0 ms]
   [Clear CT: 0.5 ms]
   [Other: 1.0 ms]
      [Choose CSet: 0.0 ms]
      [Ref Proc: 0.1 ms]
      [Ref Enq: 0.0 ms]
      [Redirty Cards: 0.1 ms]
      [Humongous Register: 0.0 ms]
      [Humongous Reclaim: 0.0 ms]
      [Free CSet: 0.7 ms]
   [Eden: 2446.0M(2446.0M)->0.0B(2446.0M) Survivors: 10240.0K->10240.0K Heap: 2473.9M(4096.0M)->27621.7K(4096.0M)]
 [Times: user=0.00 sys=0.00, real=0.00 secs] 
2024-10-12T18:55:33.782+0300: 184.071: Total time for which application threads were stopped: 0.0035833 seconds, Stopping threads took: 0.0002114 seconds
2024-10-12T18:55:34.568+0300: 184.861: Application time: 0.7901868 seconds
2024-10-12T18:55:34.568+0300: 184.862: [GC pause (G1 Evacuation Pause) (young), 0.0045497 secs]
   [Parallel Time: 2.3 ms, GC Workers: 6]
      [GC Worker Start (ms): Min: 184861.9, Avg: 184862.0, Max: 184862.0, Diff: 0.0]
      [Ext Root Scanning (ms): Min: 0.3, Avg: 0.3, Max: 0.4, Diff: 0.0, Sum: 2.1]
      [Update RS (ms): Min: 0.0, Avg: 0.1, Max: 0.2, Diff: 0.2, Sum: 0.6]
         [Processed Buffers: Min: 1, Avg: 2.2, Max: 3, Diff: 2, Sum: 13]
      [Scan RS (ms): Min: 0.2, Avg: 0.2, Max: 0.2, Diff: 0.0, Sum: 1.1]
      [Code Root Scanning (ms): Min: 0.0, Avg: 0.0, Max: 0.0, Diff: 0.0, Sum: 0.0]
      [Object Copy (ms): Min: 1.4, Avg: 1.4, Max: 1.5, Diff: 0.1, Sum: 8.5]
      [Termination (ms): Min: 0.0, Avg: 0.0, Max: 0.0, Diff: 0.0, Sum: 0.0]
         [Termination Attempts: Min: 1, Avg: 1.0, Max: 1, Diff: 0, Sum: 6]
      [GC Worker Other (ms): Min: 0.0, Avg: 0.1, Max: 0.2, Diff: 0.1, Sum: 0.6]
      [GC Worker Total (ms): Min: 2.1, Avg: 2.2, Max: 2.2, Diff: 0.1, Sum: 12.9]
      [GC Worker End (ms): Min: 184864.0, Avg: 184864.1, Max: 184864.2, Diff: 0.2]
   [Code Root Fixup: 0.0 ms]
   [Code Root Purge: 0.0 ms]
   [Clear CT: 0.6 ms]
   [Other: 1.6 ms]
      [Choose CSet: 0.0 ms]
      [Ref Proc: 0.1 ms]
      [Ref Enq: 0.0 ms]
      [Redirty Cards: 0.1 ms]
      [Humongous Register: 0.1 ms]
      [Humongous Reclaim: 0.0 ms]
      [Free CSet: 1.1 ms]
   [Eden: 2446.0M(2446.0M)->0.0B(2444.0M) Survivors: 10240.0K->12288.0K Heap: 2473.0M(4096.0M)->30595.6K(4096.0M)]
 [Times: user=0.01 sys=0.00, real=0.01 secs] 
2024-10-12T18:55:34.583+0300: 184.867: Total time for which application threads were stopped: 0.0050864 seconds, Stopping threads took: 0.0002134 seconds
2024-10-12T18:55:35.368+0300: 185.660: Application time: 0.7939683 seconds
2024-10-12T18:55:35.368+0300: 185.661: [GC pause (G1 Evacuation Pause) (young), 0.0034002 secs]
   [Parallel Time: 1.6 ms, GC Workers: 6]
      [GC Worker Start (ms): Min: 185660.9, Avg: 185660.9, Max: 185660.9, Diff: 0.1]
      [Ext Root Scanning (ms): Min: 0.3, Avg: 0.3, Max: 0.4, Diff: 0.1, Sum: 2.0]
      [Update RS (ms): Min: 0.1, Avg: 0.1, Max: 0.1, Diff: 0.0, Sum: 0.6]
         [Processed Buffers: Min: 1, Avg: 2.2, Max: 4, Diff: 3, Sum: 13]
      [Scan RS (ms): Min: 0.2, Avg: 0.2, Max: 0.2, Diff: 0.0, Sum: 1.0]
      [Code Root Scanning (ms): Min: 0.0, Avg: 0.0, Max: 0.0, Diff: 0.0, Sum: 0.0]
      [Object Copy (ms): Min: 0.7, Avg: 0.7, Max: 0.7, Diff: 0.0, Sum: 4.4]
      [Termination (ms): Min: 0.0, Avg: 0.0, Max: 0.0, Diff: 0.0, Sum: 0.0]
         [Termination Attempts: Min: 1, Avg: 1.0, Max: 1, Diff: 0, Sum: 6]
      [GC Worker Other (ms): Min: 0.0, Avg: 0.1, Max: 0.1, Diff: 0.1, Sum: 0.6]
      [GC Worker Total (ms): Min: 1.4, Avg: 1.5, Max: 1.5, Diff: 0.1, Sum: 8.7]
      [GC Worker End (ms): Min: 185662.3, Avg: 185662.4, Max: 185662.4, Diff: 0.1]
   [Code Root Fixup: 0.0 ms]
   [Code Root Purge: 0.0 ms]
   [Clear CT: 0.5 ms]
   [Other: 1.3 ms]
      [Choose CSet: 0.0 ms]
      [Ref Proc: 0.1 ms]
      [Ref Enq: 0.0 ms]
      [Redirty Cards: 0.1 ms]
      [Humongous Register: 0.1 ms]
      [Humongous Reclaim: 0.0 ms]
      [Free CSet: 0.9 ms]
   [Eden: 2444.0M(2444.0M)->0.0B(2448.0M) Survivors: 12288.0K->8192.0K Heap: 2473.9M(4096.0M)->25578.7K(4096.0M)]
 [Times: user=0.05 sys=0.00, real=0.02 secs] 
2024-10-12T18:55:35.384+0300: 185.664: Total time for which application threads were stopped: 0.0037917 seconds, Stopping threads took: 0.0001748 seconds
2024-10-12T18:55:36.169+0300: 186.453: Application time: 0.7891014 seconds
2024-10-12T18:55:36.169+0300: 186.454: [GC pause (G1 Evacuation Pause) (young), 0.0033957 secs]
   [Parallel Time: 1.6 ms, GC Workers: 6]
      [GC Worker Start (ms): Min: 186453.7, Avg: 186453.7, Max: 186453.8, Diff: 0.1]
      [Ext Root Scanning (ms): Min: 0.3, Avg: 0.3, Max: 0.4, Diff: 0.1, Sum: 2.0]
      [Update RS (ms): Min: 0.1, Avg: 0.1, Max: 0.1, Diff: 0.1, Sum: 0.6]
         [Processed Buffers: Min: 1, Avg: 2.2, Max: 4, Diff: 3, Sum: 13]
      [Scan RS (ms): Min: 0.1, Avg: 0.2, Max: 0.2, Diff: 0.0, Sum: 1.0]
      [Code Root Scanning (ms): Min: 0.0, Avg: 0.0, Max: 0.0, Diff: 0.0, Sum: 0.0]
      [Object Copy (ms): Min: 0.7, Avg: 0.7, Max: 0.8, Diff: 0.0, Sum: 4.5]
      [Termination (ms): Min: 0.0, Avg: 0.0, Max: 0.0, Diff: 0.0, Sum: 0.0]
         [Termination Attempts: Min: 1, Avg: 1.3, Max: 3, Diff: 2, Sum: 8]
      [GC Worker Other (ms): Min: 0.0, Avg: 0.1, Max: 0.2, Diff: 0.1, Sum: 0.7]
      [GC Worker Total (ms): Min: 1.4, Avg: 1.5, Max: 1.5, Diff: 0.2, Sum: 8.7]
      [GC Worker End (ms): Min: 186455.1, Avg: 186455.2, Max: 186455.3, Diff: 0.1]
   [Code Root Fixup: 0.0 ms]
   [Code Root Purge: 0.0 ms]
   [Clear CT: 0.5 ms]
   [Other: 1.3 ms]
      [Choose CSet: 0.0 ms]
      [Ref Proc: 0.1 ms]
      [Ref Enq: 0.0 ms]
      [Redirty Cards: 0.1 ms]
      [Humongous Register: 0.0 ms]
      [Humongous Reclaim: 0.0 ms]
      [Free CSet: 0.9 ms]
   [Eden: 2448.0M(2448.0M)->0.0B(2448.0M) Survivors: 8192.0K->8192.0K Heap: 2473.0M(4096.0M)->26560.6K(4096.0M)]
 [Times: user=0.00 sys=0.00, real=0.00 secs] 
2024-10-12T18:55:36.169+0300: 186.457: Total time for which application threads were stopped: 0.0038301 seconds, Stopping threads took: 0.0001215 seconds
2024-10-12T18:55:36.954+0300: 187.238: Application time: 0.7812240 seconds
2024-10-12T18:55:36.954+0300: 187.239: [GC pause (G1 Evacuation Pause) (young), 0.0034863 secs]
   [Parallel Time: 1.7 ms, GC Workers: 6]
      [GC Worker Start (ms): Min: 187238.9, Avg: 187238.9, Max: 187238.9, Diff: 0.0]
      [Ext Root Scanning (ms): Min: 0.3, Avg: 0.3, Max: 0.4, Diff: 0.1, Sum: 2.0]
      [Update RS (ms): Min: 0.1, Avg: 0.1, Max: 0.1, Diff: 0.1, Sum: 0.6]
         [Processed Buffers: Min: 1, Avg: 2.2, Max: 3, Diff: 2, Sum: 13]
      [Scan RS (ms): Min: 0.2, Avg: 0.2, Max: 0.2, Diff: 0.0, Sum: 1.0]
      [Code Root Scanning (ms): Min: 0.0, Avg: 0.0, Max: 0.0, Diff: 0.0, Sum: 0.0]
      [Object Copy (ms): Min: 0.8, Avg: 0.8, Max: 0.8, Diff: 0.1, Sum: 4.9]
      [Termination (ms): Min: 0.0, Avg: 0.0, Max: 0.0, Diff: 0.0, Sum: 0.0]
         [Termination Attempts: Min: 1, Avg: 1.2, Max: 2, Diff: 1, Sum: 7]
      [GC Worker Other (ms): Min: 0.0, Avg: 0.1, Max: 0.2, Diff: 0.1, Sum: 0.6]
      [GC Worker Total (ms): Min: 1.4, Avg: 1.5, Max: 1.6, Diff: 0.2, Sum: 9.1]
      [GC Worker End (ms): Min: 187240.3, Avg: 187240.4, Max: 187240.5, Diff: 0.1]
   [Code Root Fixup: 0.0 ms]
   [Code Root Purge: 0.0 ms]
   [Clear CT: 0.5 ms]
   [Other: 1.3 ms]
      [Choose CSet: 0.0 ms]
      [Ref Proc: 0.1 ms]
      [Ref Enq: 0.0 ms]
      [Redirty Cards: 0.1 ms]
      [Humongous Register: 0.1 ms]
      [Humongous Reclaim: 0.0 ms]
      [Free CSet: 0.9 ms]
   [Eden: 2448.0M(2448.0M)->0.0B(2446.0M) Survivors: 8192.0K->10240.0K Heap: 2473.9M(4096.0M)->27572.5K(4096.0M)]
 [Times: user=0.03 sys=0.02, real=0.00 secs] 
2024-10-12T18:55:36.954+0300: 187.242: Total time for which application threads were stopped: 0.0039124 seconds, Stopping threads took: 0.0001807 seconds
2024-10-12T18:55:37.729+0300: 188.019: Application time: 0.7762689 seconds
2024-10-12T18:55:37.729+0300: 188.019: [GC pause (G1 Evacuation Pause) (young), 0.0036604 secs]
   [Parallel Time: 2.0 ms, GC Workers: 6]
      [GC Worker Start (ms): Min: 188019.0, Avg: 188019.2, Max: 188019.3, Diff: 0.3]
      [Ext Root Scanning (ms): Min: 0.2, Avg: 0.4, Max: 0.5, Diff: 0.2, Sum: 2.1]
      [Update RS (ms): Min: 0.0, Avg: 0.1, Max: 0.1, Diff: 0.1, Sum: 0.6]
         [Processed Buffers: Min: 0, Avg: 2.2, Max: 4, Diff: 4, Sum: 13]
      [Scan RS (ms): Min: 0.1, Avg: 0.2, Max: 0.2, Diff: 0.1, Sum: 1.0]
      [Code Root Scanning (ms): Min: 0.0, Avg: 0.0, Max: 0.0, Diff: 0.0, Sum: 0.0]
      [Object Copy (ms): Min: 0.8, Avg: 0.9, Max: 1.2, Diff: 0.4, Sum: 5.3]
      [Termination (ms): Min: 0.0, Avg: 0.1, Max: 0.2, Diff: 0.2, Sum: 0.9]
         [Termination Attempts: Min: 1, Avg: 2.0, Max: 3, Diff: 2, Sum: 12]
      [GC Worker Other (ms): Min: 0.0, Avg: 0.1, Max: 0.1, Diff: 0.1, Sum: 0.4]
      [GC Worker Total (ms): Min: 1.6, Avg: 1.7, Max: 1.9, Diff: 0.3, Sum: 10.4]
      [GC Worker End (ms): Min: 188020.9, Avg: 188020.9, Max: 188021.0, Diff: 0.1]
   [Code Root Fixup: 0.0 ms]
   [Code Root Purge: 0.0 ms]
   [Clear CT: 0.5 ms]
   [Other: 1.2 ms]
      [Choose CSet: 0.0 ms]
      [Ref Proc: 0.1 ms]
      [Ref Enq: 0.0 ms]
      [Redirty Cards: 0.1 ms]
      [Humongous Register: 0.1 ms]
      [Humongous Reclaim: 0.0 ms]
      [Free CSet: 0.7 ms]
   [Eden: 2446.0M(2446.0M)->0.0B(2446.0M) Survivors: 10240.0K->10240.0K Heap: 2472.9M(4096.0M)->28532.1K(4096.0M)]
 [Times: user=0.00 sys=0.00, real=0.01 secs] 
2024-10-12T18:55:37.740+0300: 188.023: Total time for which application threads were stopped: 0.0040837 seconds, Stopping threads took: 0.0001674 seconds
2024-10-12T18:55:38.532+0300: 188.814: Application time: 0.7911732 seconds
2024-10-12T18:55:38.532+0300: 188.814: [GC pause (G1 Evacuation Pause) (young), 0.0039786 secs]
   [Parallel Time: 2.1 ms, GC Workers: 6]
      [GC Worker Start (ms): Min: 188814.2, Avg: 188814.2, Max: 188814.3, Diff: 0.1]
      [Ext Root Scanning (ms): Min: 0.3, Avg: 0.3, Max: 0.4, Diff: 0.1, Sum: 1.9]
      [Update RS (ms): Min: 0.1, Avg: 0.1, Max: 0.1, Diff: 0.1, Sum: 0.6]
         [Processed Buffers: Min: 1, Avg: 2.0, Max: 4, Diff: 3, Sum: 12]
      [Scan RS (ms): Min: 0.1, Avg: 0.2, Max: 0.2, Diff: 0.1, Sum: 1.0]
      [Code Root Scanning (ms): Min: 0.0, Avg: 0.0, Max: 0.0, Diff: 0.0, Sum: 0.0]
      [Object Copy (ms): Min: 1.3, Avg: 1.3, Max: 1.3, Diff: 0.0, Sum: 7.6]
      [Termination (ms): Min: 0.0, Avg: 0.0, Max: 0.0, Diff: 0.0, Sum: 0.0]
         [Termination Attempts: Min: 1, Avg: 1.0, Max: 1, Diff: 0, Sum: 6]
      [GC Worker Other (ms): Min: 0.0, Avg: 0.1, Max: 0.2, Diff: 0.1, Sum: 0.7]
      [GC Worker Total (ms): Min: 1.9, Avg: 2.0, Max: 2.0, Diff: 0.1, Sum: 11.9]
      [GC Worker End (ms): Min: 188816.2, Avg: 188816.2, Max: 188816.3, Diff: 0.1]
   [Code Root Fixup: 0.0 ms]
   [Code Root Purge: 0.0 ms]
   [Clear CT: 0.4 ms]
   [Other: 1.4 ms]
      [Choose CSet: 0.0 ms]
      [Ref Proc: 0.1 ms]
      [Ref Enq: 0.0 ms]
      [Redirty Cards: 0.1 ms]
      [Humongous Register: 0.0 ms]
      [Humongous Reclaim: 0.0 ms]
      [Free CSet: 1.0 ms]
   [Eden: 2446.0M(2446.0M)->0.0B(2444.0M) Survivors: 10240.0K->12288.0K Heap: 2473.9M(4096.0M)->29247.2K(4096.0M)]
 [Times: user=0.00 sys=0.00, real=0.00 secs] 
2024-10-12T18:55:38.532+0300: 188.818: Total time for which application threads were stopped: 0.0043260 seconds, Stopping threads took: 0.0001177 seconds
2024-10-12T18:55:39.334+0300: 189.614: Application time: 0.7959634 seconds
2024-10-12T18:55:39.334+0300: 189.615: [GC pause (G1 Evacuation Pause) (young), 0.0033145 secs]
   [Parallel Time: 1.6 ms, GC Workers: 6]
      [GC Worker Start (ms): Min: 189614.6, Avg: 189614.6, Max: 189614.7, Diff: 0.0]
      [Ext Root Scanning (ms): Min: 0.3, Avg: 0.3, Max: 0.4, Diff: 0.0, Sum: 2.0]
      [Update RS (ms): Min: 0.1, Avg: 0.1, Max: 0.1, Diff: 0.1, Sum: 0.6]
         [Processed Buffers: Min: 1, Avg: 2.2, Max: 4, Diff: 3, Sum: 13]
      [Scan RS (ms): Min: 0.1, Avg: 0.2, Max: 0.2, Diff: 0.1, Sum: 0.9]
      [Code Root Scanning (ms): Min: 0.0, Avg: 0.0, Max: 0.0, Diff: 0.0, Sum: 0.0]
      [Object Copy (ms): Min: 0.7, Avg: 0.7, Max: 0.8, Diff: 0.1, Sum: 4.4]
      [Termination (ms): Min: 0.0, Avg: 0.0, Max: 0.0, Diff: 0.0, Sum: 0.0]
         [Termination Attempts: Min: 1, Avg: 1.0, Max: 1, Diff: 0, Sum: 6]
      [GC Worker Other (ms): Min: 0.1, Avg: 0.1, Max: 0.1, Diff: 0.1, Sum: 0.6]
      [GC Worker Total (ms): Min: 1.4, Avg: 1.4, Max: 1.5, Diff: 0.1, Sum: 8.6]
      [GC Worker End (ms): Min: 189616.0, Avg: 189616.1, Max: 189616.1, Diff: 0.1]
   [Code Root Fixup: 0.0 ms]
   [Code Root Purge: 0.0 ms]
   [Clear CT: 0.5 ms]
   [Other: 1.2 ms]
      [Choose CSet: 0.0 ms]
      [Ref Proc: 0.1 ms]
      [Ref Enq: 0.0 ms]
      [Redirty Cards: 0.1 ms]
      [Humongous Register: 0.0 ms]
      [Humongous Reclaim: 0.0 ms]
      [Free CSet: 0.8 ms]
   [Eden: 2444.0M(2444.0M)->0.0B(2448.0M) Survivors: 12288.0K->8192.0K Heap: 2472.6M(4096.0M)->25591.2K(4096.0M)]
 [Times: user=0.06 sys=0.00, real=0.00 secs] 
2024-10-12T18:55:39.334+0300: 189.618: Total time for which application threads were stopped: 0.0037829 seconds, Stopping threads took: 0.0002353 seconds
2024-10-12T18:55:40.109+0300: 190.401: Application time: 0.7832738 seconds
2024-10-12T18:55:40.109+0300: 190.402: [GC pause (G1 Evacuation Pause) (young), 0.0035544 secs]
   [Parallel Time: 1.6 ms, GC Workers: 6]
      [GC Worker Start (ms): Min: 190401.6, Avg: 190401.7, Max: 190401.7, Diff: 0.1]
      [Ext Root Scanning (ms): Min: 0.3, Avg: 0.3, Max: 0.4, Diff: 0.1, Sum: 2.0]
      [Update RS (ms): Min: 0.1, Avg: 0.1, Max: 0.1, Diff: 0.1, Sum: 0.6]
         [Processed Buffers: Min: 1, Avg: 2.2, Max: 4, Diff: 3, Sum: 13]
      [Scan RS (ms): Min: 0.2, Avg: 0.2, Max: 0.2, Diff: 0.0, Sum: 1.1]
      [Code Root Scanning (ms): Min: 0.0, Avg: 0.0, Max: 0.0, Diff: 0.0, Sum: 0.0]
      [Object Copy (ms): Min: 0.7, Avg: 0.7, Max: 0.8, Diff: 0.1, Sum: 4.4]
      [Termination (ms): Min: 0.0, Avg: 0.0, Max: 0.0, Diff: 0.0, Sum: 0.0]
         [Termination Attempts: Min: 1, Avg: 1.0, Max: 1, Diff: 0, Sum: 6]
      [GC Worker Other (ms): Min: 0.0, Avg: 0.1, Max: 0.1, Diff: 0.1, Sum: 0.5]
      [GC Worker Total (ms): Min: 1.4, Avg: 1.5, Max: 1.5, Diff: 0.1, Sum: 8.8]
      [GC Worker End (ms): Min: 190403.1, Avg: 190403.1, Max: 190403.2, Diff: 0.1]
   [Code Root Fixup: 0.0 ms]
   [Code Root Purge: 0.0 ms]
   [Clear CT: 0.6 ms]
   [Other: 1.4 ms]
      [Choose CSet: 0.0 ms]
      [Ref Proc: 0.1 ms]
      [Ref Enq: 0.0 ms]
      [Redirty Cards: 0.1 ms]
      [Humongous Register: 0.0 ms]
      [Humongous Reclaim: 0.0 ms]
      [Free CSet: 0.9 ms]
   [Eden: 2448.0M(2448.0M)->0.0B(2448.0M) Survivors: 8192.0K->8192.0K Heap: 2473.0M(4096.0M)->25543.1K(4096.0M)]
 [Times: user=0.08 sys=0.00, real=0.02 secs] 
2024-10-12T18:55:40.125+0300: 190.405: Total time for which application threads were stopped: 0.0039876 seconds, Stopping threads took: 0.0002038 seconds
2024-10-12T18:55:40.895+0300: 191.189: Application time: 0.7836596 seconds
2024-10-12T18:55:40.895+0300: 191.189: [GC pause (G1 Evacuation Pause) (young), 0.0038195 secs]
   [Parallel Time: 2.0 ms, GC Workers: 6]
      [GC Worker Start (ms): Min: 191189.3, Avg: 191189.4, Max: 191189.7, Diff: 0.4]
      [Ext Root Scanning (ms): Min: 0.0, Avg: 0.3, Max: 0.4, Diff: 0.4, Sum: 1.6]
      [Update RS (ms): Min: 0.0, Avg: 0.1, Max: 0.1, Diff: 0.1, Sum: 0.6]
         [Processed Buffers: Min: 0, Avg: 2.2, Max: 4, Diff: 4, Sum: 13]
      [Scan RS (ms): Min: 0.1, Avg: 0.2, Max: 0.2, Diff: 0.1, Sum: 1.0]
      [Code Root Scanning (ms): Min: 0.0, Avg: 0.0, Max: 0.0, Diff: 0.0, Sum: 0.0]
      [Object Copy (ms): Min: 0.9, Avg: 1.0, Max: 1.3, Diff: 0.4, Sum: 6.2]
      [Termination (ms): Min: 0.0, Avg: 0.1, Max: 0.2, Diff: 0.2, Sum: 0.8]
         [Termination Attempts: Min: 1, Avg: 2.8, Max: 6, Diff: 5, Sum: 17]
      [GC Worker Other (ms): Min: 0.0, Avg: 0.1, Max: 0.1, Diff: 0.1, Sum: 0.6]
      [GC Worker Total (ms): Min: 1.5, Avg: 1.8, Max: 1.9, Diff: 0.5, Sum: 10.8]
      [GC Worker End (ms): Min: 191191.1, Avg: 191191.2, Max: 191191.2, Diff: 0.1]
   [Code Root Fixup: 0.0 ms]
   [Code Root Purge: 0.0 ms]
   [Clear CT: 0.6 ms]
   [Other: 1.3 ms]
      [Choose CSet: 0.0 ms]
      [Ref Proc: 0.1 ms]
      [Ref Enq: 0.0 ms]
      [Redirty Cards: 0.1 ms]
      [Humongous Register: 0.1 ms]
      [Humongous Reclaim: 0.0 ms]
      [Free CSet: 0.8 ms]
   [Eden: 2448.0M(2448.0M)->0.0B(2444.0M) Survivors: 8192.0K->12288.0K Heap: 2472.9M(4096.0M)->29613.4K(4096.0M)]
 [Times: user=0.01 sys=0.00, real=0.02 secs] 
2024-10-12T18:55:40.910+0300: 191.193: Total time for which application threads were stopped: 0.0041833 seconds, Stopping threads took: 0.0001368 seconds
2024-10-12T18:55:41.680+0300: 191.967: Application time: 0.7737629 seconds
2024-10-12T18:55:41.680+0300: 191.967: [GC pause (G1 Evacuation Pause) (young), 0.0034233 secs]
   [Parallel Time: 1.8 ms, GC Workers: 6]
      [GC Worker Start (ms): Min: 191967.4, Avg: 191967.5, Max: 191967.8, Diff: 0.4]
      [Ext Root Scanning (ms): Min: 0.1, Avg: 0.4, Max: 0.5, Diff: 0.4, Sum: 2.4]
      [Update RS (ms): Min: 0.1, Avg: 0.1, Max: 0.2, Diff: 0.1, Sum: 0.6]
         [Processed Buffers: Min: 1, Avg: 2.0, Max: 3, Diff: 2, Sum: 12]
      [Scan RS (ms): Min: 0.1, Avg: 0.2, Max: 0.2, Diff: 0.0, Sum: 1.0]
      [Code Root Scanning (ms): Min: 0.0, Avg: 0.0, Max: 0.0, Diff: 0.0, Sum: 0.0]
      [Object Copy (ms): Min: 0.8, Avg: 0.9, Max: 0.9, Diff: 0.1, Sum: 5.1]
      [Termination (ms): Min: 0.0, Avg: 0.0, Max: 0.0, Diff: 0.0, Sum: 0.0]
         [Termination Attempts: Min: 1, Avg: 4.0, Max: 6, Diff: 5, Sum: 24]
      [GC Worker Other (ms): Min: 0.0, Avg: 0.1, Max: 0.1, Diff: 0.1, Sum: 0.6]
      [GC Worker Total (ms): Min: 1.4, Avg: 1.6, Max: 1.7, Diff: 0.4, Sum: 9.8]
      [GC Worker End (ms): Min: 191969.1, Avg: 191969.1, Max: 191969.1, Diff: 0.1]
   [Code Root Fixup: 0.0 ms]
   [Code Root Purge: 0.0 ms]
   [Clear CT: 0.5 ms]
   [Other: 1.1 ms]
      [Choose CSet: 0.0 ms]
      [Ref Proc: 0.1 ms]
      [Ref Enq: 0.0 ms]
      [Redirty Cards: 0.1 ms]
      [Humongous Register: 0.1 ms]
      [Humongous Reclaim: 0.0 ms]
      [Free CSet: 0.6 ms]
   [Eden: 2444.0M(2444.0M)->0.0B(2448.0M) Survivors: 12288.0K->8192.0K Heap: 2472.9M(4096.0M)->26394.7K(4096.0M)]
 [Times: user=0.00 sys=0.00, real=0.00 secs] 
2024-10-12T18:55:41.680+0300: 191.971: Total time for which application threads were stopped: 0.0039080 seconds, Stopping threads took: 0.0001897 seconds
2024-10-12T18:55:42.465+0300: 192.751: Application time: 0.7804669 seconds
2024-10-12T18:55:42.465+0300: 192.751: [GC pause (G1 Evacuation Pause) (young), 0.0035426 secs]
   [Parallel Time: 2.1 ms, GC Workers: 6]
      [GC Worker Start (ms): Min: 192751.6, Avg: 192751.6, Max: 192751.6, Diff: 0.1]
      [Ext Root Scanning (ms): Min: 0.3, Avg: 0.3, Max: 0.4, Diff: 0.1, Sum: 1.9]
      [Update RS (ms): Min: 0.1, Avg: 0.1, Max: 0.1, Diff: 0.0, Sum: 0.6]
         [Processed Buffers: Min: 1, Avg: 2.2, Max: 3, Diff: 2, Sum: 13]
      [Scan RS (ms): Min: 0.2, Avg: 0.2, Max: 0.2, Diff: 0.0, Sum: 1.0]
      [Code Root Scanning (ms): Min: 0.0, Avg: 0.0, Max: 0.0, Diff: 0.0, Sum: 0.0]
      [Object Copy (ms): Min: 1.2, Avg: 1.2, Max: 1.3, Diff: 0.0, Sum: 7.5]
      [Termination (ms): Min: 0.0, Avg: 0.0, Max: 0.0, Diff: 0.0, Sum: 0.0]
         [Termination Attempts: Min: 1, Avg: 1.0, Max: 1, Diff: 0, Sum: 6]
      [GC Worker Other (ms): Min: 0.0, Avg: 0.1, Max: 0.1, Diff: 0.1, Sum: 0.5]
      [GC Worker Total (ms): Min: 1.8, Avg: 1.9, Max: 2.0, Diff: 0.1, Sum: 11.6]
      [GC Worker End (ms): Min: 192753.5, Avg: 192753.5, Max: 192753.5, Diff: 0.1]
   [Code Root Fixup: 0.0 ms]
   [Code Root Purge: 0.0 ms]
   [Clear CT: 0.5 ms]
   [Other: 1.0 ms]
      [Choose CSet: 0.0 ms]
      [Ref Proc: 0.1 ms]
      [Ref Enq: 0.0 ms]
      [Redirty Cards: 0.1 ms]
      [Humongous Register: 0.0 ms]
      [Humongous Reclaim: 0.0 ms]
      [Free CSet: 0.6 ms]
   [Eden: 2448.0M(2448.0M)->0.0B(2444.0M) Survivors: 8192.0K->12288.0K Heap: 2473.8M(4096.0M)->30470.4K(4096.0M)]
 [Times: user=0.00 sys=0.00, real=0.00 secs] 
2024-10-12T18:55:42.465+0300: 192.755: Total time for which application threads were stopped: 0.0039043 seconds, Stopping threads took: 0.0001498 seconds
2024-10-12T18:55:43.250+0300: 193.537: Application time: 0.7815849 seconds
2024-10-12T18:55:43.250+0300: 193.537: [GC pause (G1 Evacuation Pause) (young), 0.0039065 secs]
   [Parallel Time: 2.2 ms, GC Workers: 6]
      [GC Worker Start (ms): Min: 193537.2, Avg: 193537.2, Max: 193537.2, Diff: 0.1]
      [Ext Root Scanning (ms): Min: 0.3, Avg: 0.3, Max: 0.4, Diff: 0.1, Sum: 2.0]
      [Update RS (ms): Min: 0.1, Avg: 0.1, Max: 0.1, Diff: 0.1, Sum: 0.6]
         [Processed Buffers: Min: 1, Avg: 2.2, Max: 3, Diff: 2, Sum: 13]
      [Scan RS (ms): Min: 0.2, Avg: 0.2, Max: 0.2, Diff: 0.0, Sum: 1.0]
      [Code Root Scanning (ms): Min: 0.0, Avg: 0.0, Max: 0.0, Diff: 0.0, Sum: 0.0]
      [Object Copy (ms): Min: 1.3, Avg: 1.3, Max: 1.4, Diff: 0.1, Sum: 7.9]
      [Termination (ms): Min: 0.0, Avg: 0.0, Max: 0.0, Diff: 0.0, Sum: 0.0]
         [Termination Attempts: Min: 1, Avg: 1.0, Max: 1, Diff: 0, Sum: 6]
      [GC Worker Other (ms): Min: 0.0, Avg: 0.1, Max: 0.2, Diff: 0.2, Sum: 0.5]
      [GC Worker Total (ms): Min: 1.9, Avg: 2.0, Max: 2.1, Diff: 0.2, Sum: 12.0]
      [GC Worker End (ms): Min: 193539.2, Avg: 193539.2, Max: 193539.3, Diff: 0.2]
   [Code Root Fixup: 0.0 ms]
   [Code Root Purge: 0.0 ms]
   [Clear CT: 0.5 ms]
   [Other: 1.2 ms]
      [Choose CSet: 0.0 ms]
      [Ref Proc: 0.2 ms]
      [Ref Enq: 0.0 ms]
      [Redirty Cards: 0.1 ms]
      [Humongous Register: 0.1 ms]
      [Humongous Reclaim: 0.0 ms]
      [Free CSet: 0.8 ms]
   [Eden: 2444.0M(2444.0M)->0.0B(2444.0M) Survivors: 12288.0K->12288.0K Heap: 2473.8M(4096.0M)->29699.7K(4096.0M)]
 [Times: user=0.00 sys=0.00, real=0.00 secs] 
2024-10-12T18:55:43.250+0300: 193.541: Total time for which application threads were stopped: 0.0044132 seconds, Stopping threads took: 0.0002317 seconds
2024-10-12T18:55:44.035+0300: 194.319: Application time: 0.7775199 seconds
2024-10-12T18:55:44.035+0300: 194.319: [GC pause (G1 Evacuation Pause) (young), 0.0038715 secs]
   [Parallel Time: 2.1 ms, GC Workers: 6]
      [GC Worker Start (ms): Min: 194319.1, Avg: 194319.1, Max: 194319.1, Diff: 0.1]
      [Ext Root Scanning (ms): Min: 0.3, Avg: 0.3, Max: 0.4, Diff: 0.1, Sum: 2.0]
      [Update RS (ms): Min: 0.1, Avg: 0.1, Max: 0.1, Diff: 0.0, Sum: 0.6]
         [Processed Buffers: Min: 1, Avg: 2.2, Max: 3, Diff: 2, Sum: 13]
      [Scan RS (ms): Min: 0.1, Avg: 0.2, Max: 0.2, Diff: 0.0, Sum: 1.0]
      [Code Root Scanning (ms): Min: 0.0, Avg: 0.0, Max: 0.0, Diff: 0.0, Sum: 0.0]
      [Object Copy (ms): Min: 1.3, Avg: 1.3, Max: 1.3, Diff: 0.0, Sum: 7.7]
      [Termination (ms): Min: 0.0, Avg: 0.0, Max: 0.0, Diff: 0.0, Sum: 0.0]
         [Termination Attempts: Min: 1, Avg: 1.0, Max: 1, Diff: 0, Sum: 6]
      [GC Worker Other (ms): Min: 0.0, Avg: 0.1, Max: 0.2, Diff: 0.1, Sum: 0.6]
      [GC Worker Total (ms): Min: 1.9, Avg: 2.0, Max: 2.1, Diff: 0.1, Sum: 11.9]
      [GC Worker End (ms): Min: 194321.0, Avg: 194321.1, Max: 194321.1, Diff: 0.1]
   [Code Root Fixup: 0.0 ms]
   [Code Root Purge: 0.0 ms]
   [Clear CT: 0.4 ms]
   [Other: 1.3 ms]
      [Choose CSet: 0.0 ms]
      [Ref Proc: 0.2 ms]
      [Ref Enq: 0.0 ms]
      [Redirty Cards: 0.2 ms]
      [Humongous Register: 0.0 ms]
      [Humongous Reclaim: 0.0 ms]
      [Free CSet: 0.7 ms]
   [Eden: 2444.0M(2444.0M)->0.0B(2444.0M) Survivors: 12288.0K->12288.0K Heap: 2473.0M(4096.0M)->30726.2K(4096.0M)]
 [Times: user=0.00 sys=0.00, real=0.00 secs] 
2024-10-12T18:55:44.035+0300: 194.323: Total time for which application threads were stopped: 0.0042970 seconds, Stopping threads took: 0.0001665 seconds
2024-10-12T18:55:44.804+0300: 195.094: Application time: 0.7714099 seconds
2024-10-12T18:55:44.804+0300: 195.095: [GC pause (G1 Evacuation Pause) (young), 0.0032057 secs]
   [Parallel Time: 1.7 ms, GC Workers: 6]
      [GC Worker Start (ms): Min: 195094.7, Avg: 195094.8, Max: 195094.8, Diff: 0.1]
      [Ext Root Scanning (ms): Min: 0.3, Avg: 0.3, Max: 0.4, Diff: 0.1, Sum: 2.0]
      [Update RS (ms): Min: 0.0, Avg: 0.1, Max: 0.2, Diff: 0.2, Sum: 0.6]
         [Processed Buffers: Min: 0, Avg: 2.2, Max: 4, Diff: 4, Sum: 13]
      [Scan RS (ms): Min: 0.0, Avg: 0.2, Max: 0.2, Diff: 0.2, Sum: 1.1]
      [Code Root Scanning (ms): Min: 0.0, Avg: 0.0, Max: 0.0, Diff: 0.0, Sum: 0.0]
      [Object Copy (ms): Min: 0.8, Avg: 0.9, Max: 1.1, Diff: 0.3, Sum: 5.3]
      [Termination (ms): Min: 0.0, Avg: 0.0, Max: 0.0, Diff: 0.0, Sum: 0.0]
         [Termination Attempts: Min: 1, Avg: 1.5, Max: 3, Diff: 2, Sum: 9]
      [GC Worker Other (ms): Min: 0.0, Avg: 0.1, Max: 0.1, Diff: 0.1, Sum: 0.5]
      [GC Worker Total (ms): Min: 1.5, Avg: 1.6, Max: 1.7, Diff: 0.1, Sum: 9.6]
      [GC Worker End (ms): Min: 195096.3, Avg: 195096.3, Max: 195096.4, Diff: 0.1]
   [Code Root Fixup: 0.0 ms]
   [Code Root Purge: 0.0 ms]
   [Clear CT: 0.5 ms]
   [Other: 1.0 ms]
      [Choose CSet: 0.0 ms]
      [Ref Proc: 0.1 ms]
      [Ref Enq: 0.0 ms]
      [Redirty Cards: 0.1 ms]
      [Humongous Register: 0.0 ms]
      [Humongous Reclaim: 0.0 ms]
      [Free CSet: 0.6 ms]
   [Eden: 2444.0M(2444.0M)->0.0B(2444.0M) Survivors: 12288.0K->12288.0K Heap: 2474.0M(4096.0M)->30203.9K(4096.0M)]
 [Times: user=0.00 sys=0.00, real=0.00 secs] 
2024-10-12T18:55:44.804+0300: 195.098: Total time for which application threads were stopped: 0.0036017 seconds, Stopping threads took: 0.0001711 seconds
2024-10-12T18:55:45.589+0300: 195.882: Application time: 0.7835396 seconds
2024-10-12T18:55:45.589+0300: 195.882: [GC pause (G1 Evacuation Pause) (young), 0.0033782 secs]
   [Parallel Time: 1.6 ms, GC Workers: 6]
      [GC Worker Start (ms): Min: 195881.9, Avg: 195881.9, Max: 195881.9, Diff: 0.1]
      [Ext Root Scanning (ms): Min: 0.3, Avg: 0.3, Max: 0.4, Diff: 0.1, Sum: 2.0]
      [Update RS (ms): Min: 0.1, Avg: 0.1, Max: 0.1, Diff: 0.1, Sum: 0.6]
         [Processed Buffers: Min: 1, Avg: 2.2, Max: 4, Diff: 3, Sum: 13]
      [Scan RS (ms): Min: 0.1, Avg: 0.2, Max: 0.2, Diff: 0.1, Sum: 1.0]
      [Code Root Scanning (ms): Min: 0.0, Avg: 0.0, Max: 0.0, Diff: 0.0, Sum: 0.0]
      [Object Copy (ms): Min: 0.7, Avg: 0.7, Max: 0.8, Diff: 0.0, Sum: 4.5]
      [Termination (ms): Min: 0.0, Avg: 0.0, Max: 0.0, Diff: 0.0, Sum: 0.0]
         [Termination Attempts: Min: 1, Avg: 1.0, Max: 1, Diff: 0, Sum: 6]
      [GC Worker Other (ms): Min: 0.0, Avg: 0.1, Max: 0.2, Diff: 0.1, Sum: 0.7]
      [GC Worker Total (ms): Min: 1.4, Avg: 1.5, Max: 1.5, Diff: 0.1, Sum: 8.8]
      [GC Worker End (ms): Min: 195883.3, Avg: 195883.4, Max: 195883.5, Diff: 0.1]
   [Code Root Fixup: 0.0 ms]
   [Code Root Purge: 0.0 ms]
   [Clear CT: 0.7 ms]
   [Other: 1.1 ms]
      [Choose CSet: 0.0 ms]
      [Ref Proc: 0.1 ms]
      [Ref Enq: 0.0 ms]
      [Redirty Cards: 0.1 ms]
      [Humongous Register: 0.1 ms]
      [Humongous Reclaim: 0.0 ms]
      [Free CSet: 0.6 ms]
   [Eden: 2444.0M(2444.0M)->0.0B(2446.0M) Survivors: 12288.0K->10240.0K Heap: 2473.5M(4096.0M)->28465.5K(4096.0M)]
 [Times: user=0.00 sys=0.00, real=0.02 secs] 
2024-10-12T18:55:45.605+0300: 195.885: Total time for which application threads were stopped: 0.0037568 seconds, Stopping threads took: 0.0001398 seconds
2024-10-12T18:55:46.390+0300: 196.670: Application time: 0.7847487 seconds
2024-10-12T18:55:46.390+0300: 196.670: [GC pause (G1 Evacuation Pause) (young), 0.0032163 secs]
   [Parallel Time: 1.7 ms, GC Workers: 6]
      [GC Worker Start (ms): Min: 196670.3, Avg: 196670.4, Max: 196670.8, Diff: 0.4]
      [Ext Root Scanning (ms): Min: 0.0, Avg: 0.3, Max: 0.4, Diff: 0.4, Sum: 1.8]
      [Update RS (ms): Min: 0.0, Avg: 0.1, Max: 0.1, Diff: 0.1, Sum: 0.6]
         [Processed Buffers: Min: 0, Avg: 2.2, Max: 4, Diff: 4, Sum: 13]
      [Scan RS (ms): Min: 0.1, Avg: 0.2, Max: 0.2, Diff: 0.1, Sum: 1.1]
      [Code Root Scanning (ms): Min: 0.0, Avg: 0.0, Max: 0.0, Diff: 0.0, Sum: 0.0]
      [Object Copy (ms): Min: 0.8, Avg: 0.8, Max: 1.0, Diff: 0.2, Sum: 4.9]
      [Termination (ms): Min: 0.0, Avg: 0.0, Max: 0.0, Diff: 0.0, Sum: 0.0]
         [Termination Attempts: Min: 1, Avg: 1.0, Max: 1, Diff: 0, Sum: 6]
      [GC Worker Other (ms): Min: 0.0, Avg: 0.1, Max: 0.1, Diff: 0.1, Sum: 0.6]
      [GC Worker Total (ms): Min: 1.2, Avg: 1.5, Max: 1.6, Diff: 0.4, Sum: 9.0]
      [GC Worker End (ms): Min: 196671.9, Avg: 196671.9, Max: 196672.0, Diff: 0.1]
   [Code Root Fixup: 0.0 ms]
   [Code Root Purge: 0.0 ms]
   [Clear CT: 0.5 ms]
   [Other: 1.0 ms]
      [Choose CSet: 0.0 ms]
      [Ref Proc: 0.1 ms]
      [Ref Enq: 0.0 ms]
      [Redirty Cards: 0.1 ms]
      [Humongous Register: 0.0 ms]
      [Humongous Reclaim: 0.0 ms]
      [Free CSet: 0.7 ms]
   [Eden: 2446.0M(2446.0M)->0.0B(2446.0M) Survivors: 10240.0K->10240.0K Heap: 2473.8M(4096.0M)->28515.6K(4096.0M)]
 [Times: user=0.00 sys=0.00, real=0.00 secs] 
2024-10-12T18:55:46.390+0300: 196.674: Total time for which application threads were stopped: 0.0035807 seconds, Stopping threads took: 0.0001281 seconds
2024-10-12T18:55:47.175+0300: 197.455: Application time: 0.7810129 seconds
2024-10-12T18:55:47.175+0300: 197.455: [GC pause (G1 Evacuation Pause) (young), 0.0031095 secs]
   [Parallel Time: 1.6 ms, GC Workers: 6]
      [GC Worker Start (ms): Min: 197455.0, Avg: 197455.0, Max: 197455.0, Diff: 0.1]
      [Ext Root Scanning (ms): Min: 0.3, Avg: 0.3, Max: 0.3, Diff: 0.1, Sum: 1.9]
      [Update RS (ms): Min: 0.1, Avg: 0.1, Max: 0.1, Diff: 0.1, Sum: 0.6]
         [Processed Buffers: Min: 1, Avg: 2.2, Max: 4, Diff: 3, Sum: 13]
      [Scan RS (ms): Min: 0.1, Avg: 0.2, Max: 0.2, Diff: 0.0, Sum: 1.0]
      [Code Root Scanning (ms): Min: 0.0, Avg: 0.0, Max: 0.0, Diff: 0.0, Sum: 0.0]
      [Object Copy (ms): Min: 0.8, Avg: 0.9, Max: 0.9, Diff: 0.1, Sum: 5.1]
      [Termination (ms): Min: 0.0, Avg: 0.0, Max: 0.0, Diff: 0.0, Sum: 0.0]
         [Termination Attempts: Min: 1, Avg: 1.0, Max: 1, Diff: 0, Sum: 6]
      [GC Worker Other (ms): Min: 0.0, Avg: 0.1, Max: 0.1, Diff: 0.1, Sum: 0.5]
      [GC Worker Total (ms): Min: 1.4, Avg: 1.5, Max: 1.6, Diff: 0.1, Sum: 9.1]
      [GC Worker End (ms): Min: 197456.5, Avg: 197456.5, Max: 197456.6, Diff: 0.1]
   [Code Root Fixup: 0.0 ms]
   [Code Root Purge: 0.0 ms]
   [Clear CT: 0.4 ms]
   [Other: 1.0 ms]
      [Choose CSet: 0.0 ms]
      [Ref Proc: 0.1 ms]
      [Ref Enq: 0.0 ms]
      [Redirty Cards: 0.1 ms]
      [Humongous Register: 0.0 ms]
      [Humongous Reclaim: 0.0 ms]
      [Free CSet: 0.6 ms]
   [Eden: 2446.0M(2446.0M)->0.0B(2448.0M) Survivors: 10240.0K->8192.0K Heap: 2473.8M(4096.0M)->26535.1K(4096.0M)]
 [Times: user=0.00 sys=0.00, real=0.00 secs] 
2024-10-12T18:55:47.175+0300: 197.458: Total time for which application threads were stopped: 0.0034912 seconds, Stopping threads took: 0.0001628 seconds
2024-10-12T18:55:47.959+0300: 198.239: Application time: 0.7805564 seconds
2024-10-12T18:55:47.959+0300: 198.239: [GC pause (G1 Evacuation Pause) (young), 0.0041089 secs]
   [Parallel Time: 2.4 ms, GC Workers: 6]
      [GC Worker Start (ms): Min: 198239.1, Avg: 198239.1, Max: 198239.2, Diff: 0.1]
      [Ext Root Scanning (ms): Min: 0.3, Avg: 0.4, Max: 0.4, Diff: 0.1, Sum: 2.1]
      [Update RS (ms): Min: 0.0, Avg: 0.1, Max: 0.1, Diff: 0.1, Sum: 0.6]
         [Processed Buffers: Min: 0, Avg: 2.2, Max: 3, Diff: 3, Sum: 13]
      [Scan RS (ms): Min: 0.1, Avg: 0.2, Max: 0.2, Diff: 0.2, Sum: 1.0]
      [Code Root Scanning (ms): Min: 0.0, Avg: 0.0, Max: 0.0, Diff: 0.0, Sum: 0.0]
      [Object Copy (ms): Min: 1.5, Avg: 1.5, Max: 1.8, Diff: 0.3, Sum: 9.2]
      [Termination (ms): Min: 0.0, Avg: 0.0, Max: 0.0, Diff: 0.0, Sum: 0.0]
         [Termination Attempts: Min: 1, Avg: 1.2, Max: 2, Diff: 1, Sum: 7]
      [GC Worker Other (ms): Min: 0.0, Avg: 0.1, Max: 0.1, Diff: 0.1, Sum: 0.6]
      [GC Worker Total (ms): Min: 2.1, Avg: 2.3, Max: 2.3, Diff: 0.2, Sum: 13.6]
      [GC Worker End (ms): Min: 198241.3, Avg: 198241.4, Max: 198241.4, Diff: 0.1]
   [Code Root Fixup: 0.0 ms]
   [Code Root Purge: 0.0 ms]
   [Clear CT: 0.5 ms]
   [Other: 1.2 ms]
      [Choose CSet: 0.0 ms]
      [Ref Proc: 0.3 ms]
      [Ref Enq: 0.0 ms]
      [Redirty Cards: 0.1 ms]
      [Humongous Register: 0.0 ms]
      [Humongous Reclaim: 0.0 ms]
      [Free CSet: 0.7 ms]
   [Eden: 2448.0M(2448.0M)->0.0B(2444.0M) Survivors: 8192.0K->12288.0K Heap: 2473.9M(4096.0M)->29676.3K(4096.0M)]
 [Times: user=0.00 sys=0.00, real=0.00 secs] 
2024-10-12T18:55:47.959+0300: 198.243: Total time for which application threads were stopped: 0.0045378 seconds, Stopping threads took: 0.0001902 seconds
2024-10-12T18:55:48.729+0300: 199.015: Application time: 0.7715453 seconds
2024-10-12T18:55:48.729+0300: 199.015: [GC pause (G1 Evacuation Pause) (young), 0.0036838 secs]
   [Parallel Time: 2.2 ms, GC Workers: 6]
      [GC Worker Start (ms): Min: 199015.1, Avg: 199015.2, Max: 199015.6, Diff: 0.4]
      [Ext Root Scanning (ms): Min: 0.0, Avg: 0.3, Max: 0.4, Diff: 0.4, Sum: 1.9]
      [Update RS (ms): Min: 0.1, Avg: 0.1, Max: 0.1, Diff: 0.1, Sum: 0.6]
         [Processed Buffers: Min: 1, Avg: 2.2, Max: 4, Diff: 3, Sum: 13]
      [Scan RS (ms): Min: 0.1, Avg: 0.2, Max: 0.2, Diff: 0.1, Sum: 1.1]
      [Code Root Scanning (ms): Min: 0.0, Avg: 0.0, Max: 0.0, Diff: 0.0, Sum: 0.0]
      [Object Copy (ms): Min: 1.2, Avg: 1.3, Max: 1.3, Diff: 0.1, Sum: 7.6]
      [Termination (ms): Min: 0.0, Avg: 0.0, Max: 0.0, Diff: 0.0, Sum: 0.0]
         [Termination Attempts: Min: 1, Avg: 1.0, Max: 1, Diff: 0, Sum: 6]
      [GC Worker Other (ms): Min: 0.0, Avg: 0.1, Max: 0.1, Diff: 0.1, Sum: 0.5]
      [GC Worker Total (ms): Min: 1.7, Avg: 2.0, Max: 2.1, Diff: 0.4, Sum: 11.8]
      [GC Worker End (ms): Min: 199017.1, Avg: 199017.2, Max: 199017.2, Diff: 0.1]
   [Code Root Fixup: 0.0 ms]
   [Code Root Purge: 0.0 ms]
   [Clear CT: 0.5 ms]
   [Other: 1.0 ms]
      [Choose CSet: 0.0 ms]
      [Ref Proc: 0.1 ms]
      [Ref Enq: 0.0 ms]
      [Redirty Cards: 0.1 ms]
      [Humongous Register: 0.0 ms]
      [Humongous Reclaim: 0.0 ms]
      [Free CSet: 0.6 ms]
   [Eden: 2444.0M(2444.0M)->0.0B(2444.0M) Survivors: 12288.0K->12288.0K Heap: 2473.0M(4096.0M)->29719.2K(4096.0M)]
 [Times: user=0.00 sys=0.00, real=0.00 secs] 
2024-10-12T18:55:48.729+0300: 199.019: Total time for which application threads were stopped: 0.0040998 seconds, Stopping threads took: 0.0001757 seconds
2024-10-12T18:55:49.514+0300: 199.800: Application time: 0.7811238 seconds
2024-10-12T18:55:49.514+0300: 199.800: [GC pause (G1 Evacuation Pause) (young), 0.0030924 secs]
   [Parallel Time: 1.6 ms, GC Workers: 6]
      [GC Worker Start (ms): Min: 199800.4, Avg: 199800.4, Max: 199800.4, Diff: 0.1]
      [Ext Root Scanning (ms): Min: 0.3, Avg: 0.3, Max: 0.4, Diff: 0.1, Sum: 2.0]
      [Update RS (ms): Min: 0.1, Avg: 0.1, Max: 0.1, Diff: 0.1, Sum: 0.6]
         [Processed Buffers: Min: 1, Avg: 2.2, Max: 3, Diff: 2, Sum: 13]
      [Scan RS (ms): Min: 0.1, Avg: 0.2, Max: 0.2, Diff: 0.1, Sum: 1.0]
      [Code Root Scanning (ms): Min: 0.0, Avg: 0.0, Max: 0.0, Diff: 0.0, Sum: 0.0]
      [Object Copy (ms): Min: 0.8, Avg: 0.8, Max: 0.8, Diff: 0.0, Sum: 4.8]
      [Termination (ms): Min: 0.0, Avg: 0.0, Max: 0.0, Diff: 0.0, Sum: 0.0]
         [Termination Attempts: Min: 1, Avg: 2.2, Max: 3, Diff: 2, Sum: 13]
      [GC Worker Other (ms): Min: 0.0, Avg: 0.1, Max: 0.1, Diff: 0.1, Sum: 0.5]
      [GC Worker Total (ms): Min: 1.4, Avg: 1.5, Max: 1.5, Diff: 0.1, Sum: 8.9]
      [GC Worker End (ms): Min: 199801.8, Avg: 199801.9, Max: 199801.9, Diff: 0.1]
   [Code Root Fixup: 0.0 ms]
   [Code Root Purge: 0.0 ms]
   [Clear CT: 0.5 ms]
   [Other: 1.0 ms]
      [Choose CSet: 0.0 ms]
      [Ref Proc: 0.1 ms]
      [Ref Enq: 0.0 ms]
      [Redirty Cards: 0.1 ms]
      [Humongous Register: 0.0 ms]
      [Humongous Reclaim: 0.0 ms]
      [Free CSet: 0.6 ms]
   [Eden: 2444.0M(2444.0M)->0.0B(2448.0M) Survivors: 12288.0K->8192.0K Heap: 2473.0M(4096.0M)->25625.7K(4096.0M)]
 [Times: user=0.00 sys=0.00, real=0.00 secs] 
2024-10-12T18:55:49.514+0300: 199.804: Total time for which application threads were stopped: 0.0035094 seconds, Stopping threads took: 0.0001933 seconds
2024-10-12T18:55:50.299+0300: 200.586: Application time: 0.7822368 seconds
2024-10-12T18:55:50.299+0300: 200.586: [GC pause (G1 Evacuation Pause) (young), 0.0033298 secs]
   [Parallel Time: 1.7 ms, GC Workers: 6]
      [GC Worker Start (ms): Min: 200586.2, Avg: 200586.2, Max: 200586.2, Diff: 0.1]
      [Ext Root Scanning (ms): Min: 0.3, Avg: 0.3, Max: 0.4, Diff: 0.1, Sum: 2.0]
      [Update RS (ms): Min: 0.1, Avg: 0.1, Max: 0.1, Diff: 0.0, Sum: 0.6]
         [Processed Buffers: Min: 1, Avg: 2.2, Max: 4, Diff: 3, Sum: 13]
      [Scan RS (ms): Min: 0.1, Avg: 0.2, Max: 0.2, Diff: 0.1, Sum: 1.0]
      [Code Root Scanning (ms): Min: 0.0, Avg: 0.0, Max: 0.0, Diff: 0.0, Sum: 0.0]
      [Object Copy (ms): Min: 0.8, Avg: 0.8, Max: 0.8, Diff: 0.1, Sum: 4.9]
      [Termination (ms): Min: 0.0, Avg: 0.0, Max: 0.0, Diff: 0.0, Sum: 0.0]
         [Termination Attempts: Min: 1, Avg: 3.0, Max: 6, Diff: 5, Sum: 18]
      [GC Worker Other (ms): Min: 0.0, Avg: 0.1, Max: 0.2, Diff: 0.1, Sum: 0.6]
      [GC Worker Total (ms): Min: 1.5, Avg: 1.5, Max: 1.6, Diff: 0.1, Sum: 9.2]
      [GC Worker End (ms): Min: 200587.7, Avg: 200587.8, Max: 200587.8, Diff: 0.1]
   [Code Root Fixup: 0.0 ms]
   [Code Root Purge: 0.0 ms]
   [Clear CT: 0.5 ms]
   [Other: 1.1 ms]
      [Choose CSet: 0.0 ms]
      [Ref Proc: 0.1 ms]
      [Ref Enq: 0.0 ms]
      [Redirty Cards: 0.1 ms]
      [Humongous Register: 0.1 ms]
      [Humongous Reclaim: 0.0 ms]
      [Free CSet: 0.7 ms]
   [Eden: 2448.0M(2448.0M)->0.0B(2448.0M) Survivors: 8192.0K->8192.0K Heap: 2473.0M(4096.0M)->25623.0K(4096.0M)]
 [Times: user=0.02 sys=0.00, real=0.00 secs] 
2024-10-12T18:55:50.299+0300: 200.590: Total time for which application threads were stopped: 0.0038189 seconds, Stopping threads took: 0.0001913 seconds
2024-10-12T18:55:51.085+0300: 201.372: Application time: 0.7821303 seconds
2024-10-12T18:55:51.085+0300: 201.372: [GC pause (G1 Evacuation Pause) (young), 0.0032811 secs]
   [Parallel Time: 1.7 ms, GC Workers: 6]
      [GC Worker Start (ms): Min: 201372.1, Avg: 201372.1, Max: 201372.1, Diff: 0.0]
      [Ext Root Scanning (ms): Min: 0.3, Avg: 0.3, Max: 0.4, Diff: 0.1, Sum: 2.0]
      [Update RS (ms): Min: 0.1, Avg: 0.1, Max: 0.1, Diff: 0.1, Sum: 0.6]
         [Processed Buffers: Min: 1, Avg: 2.2, Max: 4, Diff: 3, Sum: 13]
      [Scan RS (ms): Min: 0.1, Avg: 0.2, Max: 0.2, Diff: 0.0, Sum: 1.0]
      [Code Root Scanning (ms): Min: 0.0, Avg: 0.0, Max: 0.0, Diff: 0.0, Sum: 0.0]
      [Object Copy (ms): Min: 0.7, Avg: 0.8, Max: 0.8, Diff: 0.1, Sum: 4.7]
      [Termination (ms): Min: 0.0, Avg: 0.0, Max: 0.0, Diff: 0.0, Sum: 0.0]
         [Termination Attempts: Min: 1, Avg: 4.7, Max: 7, Diff: 6, Sum: 28]
      [GC Worker Other (ms): Min: 0.0, Avg: 0.1, Max: 0.2, Diff: 0.2, Sum: 0.7]
      [GC Worker Total (ms): Min: 1.4, Avg: 1.5, Max: 1.6, Diff: 0.2, Sum: 9.0]
      [GC Worker End (ms): Min: 201373.5, Avg: 201373.6, Max: 201373.7, Diff: 0.2]
   [Code Root Fixup: 0.0 ms]
   [Code Root Purge: 0.0 ms]
   [Clear CT: 0.5 ms]
   [Other: 1.1 ms]
      [Choose CSet: 0.0 ms]
      [Ref Proc: 0.1 ms]
      [Ref Enq: 0.0 ms]
      [Redirty Cards: 0.1 ms]
      [Humongous Register: 0.0 ms]
      [Humongous Reclaim: 0.0 ms]
      [Free CSet: 0.7 ms]
   [Eden: 2448.0M(2448.0M)->0.0B(2448.0M) Survivors: 8192.0K->8192.0K Heap: 2473.0M(4096.0M)->26535.9K(4096.0M)]
 [Times: user=0.01 sys=0.00, real=0.00 secs] 
2024-10-12T18:55:51.085+0300: 201.375: Total time for which application threads were stopped: 0.0037095 seconds, Stopping threads took: 0.0001675 seconds
2024-10-12T18:55:51.863+0300: 202.148: Application time: 0.7728535 seconds
2024-10-12T18:55:51.863+0300: 202.149: [GC pause (G1 Evacuation Pause) (young), 0.0033093 secs]
   [Parallel Time: 1.8 ms, GC Workers: 6]
      [GC Worker Start (ms): Min: 202148.6, Avg: 202148.6, Max: 202148.7, Diff: 0.1]
      [Ext Root Scanning (ms): Min: 0.3, Avg: 0.3, Max: 0.4, Diff: 0.1, Sum: 2.0]
      [Update RS (ms): Min: 0.0, Avg: 0.1, Max: 0.1, Diff: 0.1, Sum: 0.6]
         [Processed Buffers: Min: 0, Avg: 2.2, Max: 4, Diff: 4, Sum: 13]
      [Scan RS (ms): Min: 0.0, Avg: 0.2, Max: 0.2, Diff: 0.2, Sum: 1.0]
      [Code Root Scanning (ms): Min: 0.0, Avg: 0.0, Max: 0.0, Diff: 0.0, Sum: 0.0]
      [Object Copy (ms): Min: 0.9, Avg: 1.0, Max: 1.2, Diff: 0.3, Sum: 5.9]
      [Termination (ms): Min: 0.0, Avg: 0.0, Max: 0.0, Diff: 0.0, Sum: 0.0]
         [Termination Attempts: Min: 1, Avg: 1.7, Max: 4, Diff: 3, Sum: 10]
      [GC Worker Other (ms): Min: 0.0, Avg: 0.1, Max: 0.1, Diff: 0.1, Sum: 0.5]
      [GC Worker Total (ms): Min: 1.6, Avg: 1.7, Max: 1.7, Diff: 0.1, Sum: 10.1]
      [GC Worker End (ms): Min: 202150.3, Avg: 202150.3, Max: 202150.4, Diff: 0.1]
   [Code Root Fixup: 0.0 ms]
   [Code Root Purge: 0.0 ms]
   [Clear CT: 0.5 ms]
   [Other: 1.0 ms]
      [Choose CSet: 0.0 ms]
      [Ref Proc: 0.1 ms]
      [Ref Enq: 0.0 ms]
      [Redirty Cards: 0.1 ms]
      [Humongous Register: 0.0 ms]
      [Humongous Reclaim: 0.0 ms]
      [Free CSet: 0.6 ms]
   [Eden: 2448.0M(2448.0M)->0.0B(2446.0M) Survivors: 8192.0K->10240.0K Heap: 2473.9M(4096.0M)->28531.2K(4096.0M)]
 [Times: user=0.02 sys=0.00, real=0.01 secs] 
2024-10-12T18:55:51.871+0300: 202.152: Total time for which application threads were stopped: 0.0037033 seconds, Stopping threads took: 0.0001524 seconds
2024-10-12T18:55:52.640+0300: 202.931: Application time: 0.7793484 seconds
2024-10-12T18:55:52.640+0300: 202.932: [GC pause (G1 Evacuation Pause) (young), 0.0032722 secs]
   [Parallel Time: 1.6 ms, GC Workers: 6]
      [GC Worker Start (ms): Min: 202931.7, Avg: 202931.8, Max: 202932.0, Diff: 0.3]
      [Ext Root Scanning (ms): Min: 0.1, Avg: 0.3, Max: 0.4, Diff: 0.3, Sum: 1.9]
      [Update RS (ms): Min: 0.1, Avg: 0.1, Max: 0.1, Diff: 0.1, Sum: 0.6]
         [Processed Buffers: Min: 1, Avg: 2.2, Max: 3, Diff: 2, Sum: 13]
      [Scan RS (ms): Min: 0.1, Avg: 0.2, Max: 0.2, Diff: 0.1, Sum: 1.1]
      [Code Root Scanning (ms): Min: 0.0, Avg: 0.0, Max: 0.0, Diff: 0.0, Sum: 0.0]
      [Object Copy (ms): Min: 0.7, Avg: 0.7, Max: 0.8, Diff: 0.0, Sum: 4.4]
      [Termination (ms): Min: 0.0, Avg: 0.0, Max: 0.0, Diff: 0.0, Sum: 0.0]
         [Termination Attempts: Min: 1, Avg: 1.2, Max: 2, Diff: 1, Sum: 7]
      [GC Worker Other (ms): Min: 0.0, Avg: 0.1, Max: 0.1, Diff: 0.1, Sum: 0.5]
      [GC Worker Total (ms): Min: 1.2, Avg: 1.4, Max: 1.5, Diff: 0.4, Sum: 8.5]
      [GC Worker End (ms): Min: 202933.1, Avg: 202933.2, Max: 202933.2, Diff: 0.1]
   [Code Root Fixup: 0.0 ms]
   [Code Root Purge: 0.0 ms]
   [Clear CT: 0.5 ms]
   [Other: 1.2 ms]
      [Choose CSet: 0.0 ms]
      [Ref Proc: 0.1 ms]
      [Ref Enq: 0.0 ms]
      [Redirty Cards: 0.1 ms]
      [Humongous Register: 0.0 ms]
      [Humongous Reclaim: 0.0 ms]
      [Free CSet: 0.8 ms]
   [Eden: 2446.0M(2446.0M)->0.0B(2446.0M) Survivors: 10240.0K->10240.0K Heap: 2473.9M(4096.0M)->27604.2K(4096.0M)]
 [Times: user=0.00 sys=0.00, real=0.01 secs] 
2024-10-12T18:55:52.655+0300: 202.935: Total time for which application threads were stopped: 0.0036878 seconds, Stopping threads took: 0.0001882 seconds
2024-10-12T18:55:53.425+0300: 203.713: Application time: 0.7784458 seconds
2024-10-12T18:55:53.425+0300: 203.714: [GC pause (G1 Evacuation Pause) (young), 0.0031946 secs]
   [Parallel Time: 1.7 ms, GC Workers: 6]
      [GC Worker Start (ms): Min: 203713.8, Avg: 203713.8, Max: 203713.9, Diff: 0.0]
      [Ext Root Scanning (ms): Min: 0.3, Avg: 0.3, Max: 0.4, Diff: 0.1, Sum: 2.0]
      [Update RS (ms): Min: 0.1, Avg: 0.1, Max: 0.1, Diff: 0.1, Sum: 0.6]
         [Processed Buffers: Min: 1, Avg: 2.2, Max: 3, Diff: 2, Sum: 13]
      [Scan RS (ms): Min: 0.2, Avg: 0.2, Max: 0.2, Diff: 0.0, Sum: 1.0]
      [Code Root Scanning (ms): Min: 0.0, Avg: 0.0, Max: 0.0, Diff: 0.0, Sum: 0.0]
      [Object Copy (ms): Min: 0.8, Avg: 0.9, Max: 0.9, Diff: 0.1, Sum: 5.1]
      [Termination (ms): Min: 0.0, Avg: 0.0, Max: 0.0, Diff: 0.0, Sum: 0.0]
         [Termination Attempts: Min: 1, Avg: 1.0, Max: 1, Diff: 0, Sum: 6]
      [GC Worker Other (ms): Min: 0.0, Avg: 0.1, Max: 0.1, Diff: 0.1, Sum: 0.5]
      [GC Worker Total (ms): Min: 1.5, Avg: 1.5, Max: 1.6, Diff: 0.1, Sum: 9.3]
      [GC Worker End (ms): Min: 203715.3, Avg: 203715.4, Max: 203715.4, Diff: 0.1]
   [Code Root Fixup: 0.0 ms]
   [Code Root Purge: 0.0 ms]
   [Clear CT: 0.5 ms]
   [Other: 1.0 ms]
      [Choose CSet: 0.0 ms]
      [Ref Proc: 0.1 ms]
      [Ref Enq: 0.0 ms]
      [Redirty Cards: 0.1 ms]
      [Humongous Register: 0.0 ms]
      [Humongous Reclaim: 0.0 ms]
      [Free CSet: 0.6 ms]
   [Eden: 2446.0M(2446.0M)->0.0B(2444.0M) Survivors: 10240.0K->12288.0K Heap: 2473.0M(4096.0M)->30562.5K(4096.0M)]
 [Times: user=0.00 sys=0.00, real=0.00 secs] 
2024-10-12T18:55:53.425+0300: 203.717: Total time for which application threads were stopped: 0.0035877 seconds, Stopping threads took: 0.0001793 seconds
2024-10-12T18:55:54.210+0300: 204.494: Application time: 0.7764549 seconds
2024-10-12T18:55:54.210+0300: 204.494: [GC pause (G1 Evacuation Pause) (young), 0.0040172 secs]
   [Parallel Time: 2.2 ms, GC Workers: 6]
      [GC Worker Start (ms): Min: 204493.9, Avg: 204493.9, Max: 204493.9, Diff: 0.0]
      [Ext Root Scanning (ms): Min: 0.3, Avg: 0.3, Max: 0.3, Diff: 0.0, Sum: 1.9]
      [Update RS (ms): Min: 0.1, Avg: 0.1, Max: 0.1, Diff: 0.0, Sum: 0.6]
         [Processed Buffers: Min: 1, Avg: 2.2, Max: 4, Diff: 3, Sum: 13]
      [Scan RS (ms): Min: 0.2, Avg: 0.2, Max: 0.2, Diff: 0.0, Sum: 1.0]
      [Code Root Scanning (ms): Min: 0.0, Avg: 0.0, Max: 0.0, Diff: 0.0, Sum: 0.0]
      [Object Copy (ms): Min: 1.4, Avg: 1.4, Max: 1.4, Diff: 0.0, Sum: 8.3]
      [Termination (ms): Min: 0.0, Avg: 0.0, Max: 0.0, Diff: 0.0, Sum: 0.0]
         [Termination Attempts: Min: 1, Avg: 1.0, Max: 1, Diff: 0, Sum: 6]
      [GC Worker Other (ms): Min: 0.0, Avg: 0.1, Max: 0.1, Diff: 0.1, Sum: 0.3]
      [GC Worker Total (ms): Min: 2.0, Avg: 2.0, Max: 2.1, Diff: 0.1, Sum: 12.1]
      [GC Worker End (ms): Min: 204495.9, Avg: 204495.9, Max: 204496.0, Diff: 0.1]
   [Code Root Fixup: 0.0 ms]
   [Code Root Purge: 0.0 ms]
   [Clear CT: 0.6 ms]
   [Other: 1.2 ms]
      [Choose CSet: 0.0 ms]
      [Ref Proc: 0.1 ms]
      [Ref Enq: 0.0 ms]
      [Redirty Cards: 0.1 ms]
      [Humongous Register: 0.1 ms]
      [Humongous Reclaim: 0.0 ms]
      [Free CSet: 0.8 ms]
   [Eden: 2444.0M(2444.0M)->0.0B(2446.0M) Survivors: 12288.0K->10240.0K Heap: 2473.8M(4096.0M)->28546.3K(4096.0M)]
 [Times: user=0.00 sys=0.00, real=0.00 secs] 
2024-10-12T18:55:54.210+0300: 204.498: Total time for which application threads were stopped: 0.0044499 seconds, Stopping threads took: 0.0001669 seconds
2024-10-12T18:55:54.995+0300: 205.280: Application time: 0.7816943 seconds
2024-10-12T18:55:54.995+0300: 205.280: [GC pause (G1 Evacuation Pause) (young), 0.0035177 secs]
   [Parallel Time: 1.7 ms, GC Workers: 6]
      [GC Worker Start (ms): Min: 205280.1, Avg: 205280.1, Max: 205280.3, Diff: 0.2]
      [Ext Root Scanning (ms): Min: 0.2, Avg: 0.3, Max: 0.4, Diff: 0.2, Sum: 1.9]
      [Update RS (ms): Min: 0.0, Avg: 0.1, Max: 0.1, Diff: 0.1, Sum: 0.6]
         [Processed Buffers: Min: 1, Avg: 2.2, Max: 3, Diff: 2, Sum: 13]
      [Scan RS (ms): Min: 0.2, Avg: 0.2, Max: 0.2, Diff: 0.0, Sum: 1.0]
      [Code Root Scanning (ms): Min: 0.0, Avg: 0.0, Max: 0.0, Diff: 0.0, Sum: 0.0]
      [Object Copy (ms): Min: 0.8, Avg: 0.8, Max: 0.9, Diff: 0.1, Sum: 4.8]
      [Termination (ms): Min: 0.0, Avg: 0.0, Max: 0.0, Diff: 0.0, Sum: 0.0]
         [Termination Attempts: Min: 1, Avg: 1.0, Max: 1, Diff: 0, Sum: 6]
      [GC Worker Other (ms): Min: 0.0, Avg: 0.1, Max: 0.1, Diff: 0.1, Sum: 0.6]
      [GC Worker Total (ms): Min: 1.4, Avg: 1.5, Max: 1.6, Diff: 0.2, Sum: 9.0]
      [GC Worker End (ms): Min: 205281.6, Avg: 205281.6, Max: 205281.7, Diff: 0.1]
   [Code Root Fixup: 0.0 ms]
   [Code Root Purge: 0.0 ms]
   [Clear CT: 0.5 ms]
   [Other: 1.3 ms]
      [Choose CSet: 0.0 ms]
      [Ref Proc: 0.2 ms]
      [Ref Enq: 0.0 ms]
      [Redirty Cards: 0.1 ms]
      [Humongous Register: 0.1 ms]
      [Humongous Reclaim: 0.0 ms]
      [Free CSet: 0.7 ms]
   [Eden: 2446.0M(2446.0M)->0.0B(2448.0M) Survivors: 10240.0K->8192.0K Heap: 2473.9M(4096.0M)->26667.2K(4096.0M)]
 [Times: user=0.00 sys=0.00, real=0.00 secs] 
2024-10-12T18:55:54.995+0300: 205.284: Total time for which application threads were stopped: 0.0039779 seconds, Stopping threads took: 0.0002047 seconds
2024-10-12T18:55:55.773+0300: 206.058: Application time: 0.7742455 seconds
2024-10-12T18:55:55.779+0300: 206.058: [GC pause (G1 Evacuation Pause) (young), 0.0031642 secs]
   [Parallel Time: 1.6 ms, GC Workers: 6]
      [GC Worker Start (ms): Min: 206058.3, Avg: 206058.4, Max: 206058.4, Diff: 0.1]
      [Ext Root Scanning (ms): Min: 0.3, Avg: 0.3, Max: 0.4, Diff: 0.1, Sum: 2.0]
      [Update RS (ms): Min: 0.1, Avg: 0.1, Max: 0.1, Diff: 0.0, Sum: 0.6]
         [Processed Buffers: Min: 1, Avg: 2.2, Max: 4, Diff: 3, Sum: 13]
      [Scan RS (ms): Min: 0.2, Avg: 0.2, Max: 0.2, Diff: 0.0, Sum: 1.1]
      [Code Root Scanning (ms): Min: 0.0, Avg: 0.0, Max: 0.0, Diff: 0.0, Sum: 0.0]
      [Object Copy (ms): Min: 0.8, Avg: 0.8, Max: 0.8, Diff: 0.0, Sum: 4.7]
      [Termination (ms): Min: 0.0, Avg: 0.0, Max: 0.0, Diff: 0.0, Sum: 0.0]
         [Termination Attempts: Min: 1, Avg: 2.0, Max: 5, Diff: 4, Sum: 12]
      [GC Worker Other (ms): Min: 0.0, Avg: 0.1, Max: 0.1, Diff: 0.1, Sum: 0.5]
      [GC Worker Total (ms): Min: 1.5, Avg: 1.5, Max: 1.6, Diff: 0.1, Sum: 9.0]
      [GC Worker End (ms): Min: 206059.8, Avg: 206059.9, Max: 206059.9, Diff: 0.1]
   [Code Root Fixup: 0.0 ms]
   [Code Root Purge: 0.0 ms]
   [Clear CT: 0.5 ms]
   [Other: 1.0 ms]
      [Choose CSet: 0.0 ms]
      [Ref Proc: 0.1 ms]
      [Ref Enq: 0.0 ms]
      [Redirty Cards: 0.1 ms]
      [Humongous Register: 0.1 ms]
      [Humongous Reclaim: 0.0 ms]
      [Free CSet: 0.7 ms]
   [Eden: 2448.0M(2448.0M)->0.0B(2448.0M) Survivors: 8192.0K->8192.0K Heap: 2474.0M(4096.0M)->25619.9K(4096.0M)]
 [Times: user=0.00 sys=0.00, real=0.00 secs] 
2024-10-12T18:55:55.779+0300: 206.062: Total time for which application threads were stopped: 0.0036320 seconds, Stopping threads took: 0.0002369 seconds
2024-10-12T18:55:56.548+0300: 206.840: Application time: 0.7782193 seconds
2024-10-12T18:55:56.548+0300: 206.840: [GC pause (G1 Evacuation Pause) (young), 0.0033968 secs]
   [Parallel Time: 1.7 ms, GC Workers: 6]
      [GC Worker Start (ms): Min: 206840.1, Avg: 206840.1, Max: 206840.2, Diff: 0.1]
      [Ext Root Scanning (ms): Min: 0.3, Avg: 0.3, Max: 0.4, Diff: 0.1, Sum: 2.0]
      [Update RS (ms): Min: 0.1, Avg: 0.1, Max: 0.1, Diff: 0.1, Sum: 0.6]
         [Processed Buffers: Min: 1, Avg: 2.2, Max: 3, Diff: 2, Sum: 13]
      [Scan RS (ms): Min: 0.2, Avg: 0.2, Max: 0.2, Diff: 0.0, Sum: 1.1]
      [Code Root Scanning (ms): Min: 0.0, Avg: 0.0, Max: 0.0, Diff: 0.0, Sum: 0.0]
      [Object Copy (ms): Min: 0.7, Avg: 0.8, Max: 0.8, Diff: 0.0, Sum: 4.6]
      [Termination (ms): Min: 0.0, Avg: 0.0, Max: 0.0, Diff: 0.0, Sum: 0.0]
         [Termination Attempts: Min: 1, Avg: 1.0, Max: 1, Diff: 0, Sum: 6]
      [GC Worker Other (ms): Min: 0.1, Avg: 0.1, Max: 0.2, Diff: 0.2, Sum: 0.9]
      [GC Worker Total (ms): Min: 1.4, Avg: 1.5, Max: 1.6, Diff: 0.2, Sum: 9.2]
      [GC Worker End (ms): Min: 206841.6, Avg: 206841.7, Max: 206841.7, Diff: 0.2]
   [Code Root Fixup: 0.0 ms]
   [Code Root Purge: 0.0 ms]
   [Clear CT: 0.6 ms]
   [Other: 1.1 ms]
      [Choose CSet: 0.0 ms]
      [Ref Proc: 0.1 ms]
      [Ref Enq: 0.0 ms]
      [Redirty Cards: 0.1 ms]
      [Humongous Register: 0.0 ms]
      [Humongous Reclaim: 0.0 ms]
      [Free CSet: 0.7 ms]
   [Eden: 2448.0M(2448.0M)->0.0B(2448.0M) Survivors: 8192.0K->8192.0K Heap: 2473.0M(4096.0M)->25591.2K(4096.0M)]
 [Times: user=0.02 sys=0.00, real=0.01 secs] 
2024-10-12T18:55:56.563+0300: 206.844: Total time for which application threads were stopped: 0.0038027 seconds, Stopping threads took: 0.0001519 seconds
2024-10-12T18:55:57.333+0300: 207.627: Application time: 0.7833511 seconds
2024-10-12T18:55:57.333+0300: 207.627: [GC pause (G1 Evacuation Pause) (young), 0.0032701 secs]
   [Parallel Time: 1.6 ms, GC Workers: 6]
      [GC Worker Start (ms): Min: 207627.3, Avg: 207627.4, Max: 207627.5, Diff: 0.3]
      [Ext Root Scanning (ms): Min: 0.2, Avg: 0.4, Max: 0.4, Diff: 0.3, Sum: 2.1]
      [Update RS (ms): Min: 0.1, Avg: 0.1, Max: 0.1, Diff: 0.0, Sum: 0.6]
         [Processed Buffers: Min: 1, Avg: 2.2, Max: 4, Diff: 3, Sum: 13]
      [Scan RS (ms): Min: 0.2, Avg: 0.2, Max: 0.2, Diff: 0.0, Sum: 1.1]
      [Code Root Scanning (ms): Min: 0.0, Avg: 0.0, Max: 0.0, Diff: 0.0, Sum: 0.0]
      [Object Copy (ms): Min: 0.7, Avg: 0.7, Max: 0.8, Diff: 0.1, Sum: 4.4]
      [Termination (ms): Min: 0.0, Avg: 0.0, Max: 0.0, Diff: 0.0, Sum: 0.0]
         [Termination Attempts: Min: 1, Avg: 1.2, Max: 2, Diff: 1, Sum: 7]
      [GC Worker Other (ms): Min: 0.0, Avg: 0.1, Max: 0.1, Diff: 0.1, Sum: 0.5]
      [GC Worker Total (ms): Min: 1.3, Avg: 1.5, Max: 1.5, Diff: 0.3, Sum: 8.8]
      [GC Worker End (ms): Min: 207628.8, Avg: 207628.8, Max: 207628.9, Diff: 0.1]
   [Code Root Fixup: 0.0 ms]
   [Code Root Purge: 0.0 ms]
   [Clear CT: 0.5 ms]
   [Other: 1.1 ms]
      [Choose CSet: 0.0 ms]
      [Ref Proc: 0.1 ms]
      [Ref Enq: 0.0 ms]
      [Redirty Cards: 0.1 ms]
      [Humongous Register: 0.1 ms]
      [Humongous Reclaim: 0.0 ms]
      [Free CSet: 0.7 ms]
   [Eden: 2448.0M(2448.0M)->0.0B(2446.0M) Survivors: 8192.0K->10240.0K Heap: 2473.0M(4096.0M)->27610.4K(4096.0M)]
 [Times: user=0.00 sys=0.00, real=0.02 secs] 
2024-10-12T18:55:57.348+0300: 207.631: Total time for which application threads were stopped: 0.0036884 seconds, Stopping threads took: 0.0001859 seconds
2024-10-12T18:55:58.133+0300: 208.413: Application time: 0.7821908 seconds
2024-10-12T18:55:58.133+0300: 208.413: [GC pause (G1 Evacuation Pause) (young), 0.0033278 secs]
   [Parallel Time: 1.7 ms, GC Workers: 6]
      [GC Worker Start (ms): Min: 208413.1, Avg: 208413.2, Max: 208413.3, Diff: 0.2]
      [Ext Root Scanning (ms): Min: 0.2, Avg: 0.3, Max: 0.4, Diff: 0.2, Sum: 1.9]
      [Update RS (ms): Min: 0.1, Avg: 0.1, Max: 0.1, Diff: 0.0, Sum: 0.6]
         [Processed Buffers: Min: 1, Avg: 2.2, Max: 4, Diff: 3, Sum: 13]
      [Scan RS (ms): Min: 0.2, Avg: 0.2, Max: 0.3, Diff: 0.1, Sum: 1.1]
      [Code Root Scanning (ms): Min: 0.0, Avg: 0.0, Max: 0.0, Diff: 0.0, Sum: 0.0]
      [Object Copy (ms): Min: 0.7, Avg: 0.8, Max: 0.8, Diff: 0.1, Sum: 4.6]
      [Termination (ms): Min: 0.0, Avg: 0.0, Max: 0.0, Diff: 0.0, Sum: 0.0]
         [Termination Attempts: Min: 1, Avg: 1.0, Max: 1, Diff: 0, Sum: 6]
      [GC Worker Other (ms): Min: 0.0, Avg: 0.1, Max: 0.2, Diff: 0.2, Sum: 0.8]
      [GC Worker Total (ms): Min: 1.3, Avg: 1.5, Max: 1.6, Diff: 0.4, Sum: 9.0]
      [GC Worker End (ms): Min: 208414.6, Avg: 208414.7, Max: 208414.8, Diff: 0.2]
   [Code Root Fixup: 0.0 ms]
   [Code Root Purge: 0.0 ms]
   [Clear CT: 0.5 ms]
   [Other: 1.1 ms]
      [Choose CSet: 0.0 ms]
      [Ref Proc: 0.1 ms]
      [Ref Enq: 0.0 ms]
      [Redirty Cards: 0.1 ms]
      [Humongous Register: 0.0 ms]
      [Humongous Reclaim: 0.0 ms]
      [Free CSet: 0.7 ms]
   [Eden: 2446.0M(2446.0M)->0.0B(2446.0M) Survivors: 10240.0K->10240.0K Heap: 2473.0M(4096.0M)->28534.8K(4096.0M)]
 [Times: user=0.00 sys=0.00, real=0.00 secs] 
2024-10-12T18:55:58.133+0300: 208.416: Total time for which application threads were stopped: 0.0036906 seconds, Stopping threads took: 0.0001360 seconds
2024-10-12T18:55:58.903+0300: 209.191: Application time: 0.7748233 seconds
2024-10-12T18:55:58.903+0300: 209.192: [GC pause (G1 Evacuation Pause) (young), 0.0034648 secs]
   [Parallel Time: 1.6 ms, GC Workers: 6]
      [GC Worker Start (ms): Min: 209191.8, Avg: 209191.8, Max: 209191.9, Diff: 0.1]
      [Ext Root Scanning (ms): Min: 0.3, Avg: 0.4, Max: 0.4, Diff: 0.1, Sum: 2.1]
      [Update RS (ms): Min: 0.1, Avg: 0.1, Max: 0.1, Diff: 0.1, Sum: 0.6]
         [Processed Buffers: Min: 1, Avg: 2.2, Max: 3, Diff: 2, Sum: 13]
      [Scan RS (ms): Min: 0.2, Avg: 0.2, Max: 0.2, Diff: 0.0, Sum: 1.0]
      [Code Root Scanning (ms): Min: 0.0, Avg: 0.0, Max: 0.0, Diff: 0.0, Sum: 0.0]
      [Object Copy (ms): Min: 0.7, Avg: 0.7, Max: 0.8, Diff: 0.1, Sum: 4.4]
      [Termination (ms): Min: 0.0, Avg: 0.0, Max: 0.0, Diff: 0.0, Sum: 0.0]
         [Termination Attempts: Min: 1, Avg: 1.0, Max: 1, Diff: 0, Sum: 6]
      [GC Worker Other (ms): Min: 0.1, Avg: 0.1, Max: 0.2, Diff: 0.1, Sum: 0.8]
      [GC Worker Total (ms): Min: 1.4, Avg: 1.5, Max: 1.5, Diff: 0.1, Sum: 9.0]
      [GC Worker End (ms): Min: 209193.3, Avg: 209193.3, Max: 209193.4, Diff: 0.1]
   [Code Root Fixup: 0.0 ms]
   [Code Root Purge: 0.0 ms]
   [Clear CT: 0.5 ms]
   [Other: 1.3 ms]
      [Choose CSet: 0.0 ms]
      [Ref Proc: 0.2 ms]
      [Ref Enq: 0.0 ms]
      [Redirty Cards: 0.1 ms]
      [Humongous Register: 0.1 ms]
      [Humongous Reclaim: 0.0 ms]
      [Free CSet: 0.8 ms]
   [Eden: 2446.0M(2446.0M)->0.0B(2448.0M) Survivors: 10240.0K->8192.0K Heap: 2473.9M(4096.0M)->25625.7K(4096.0M)]
 [Times: user=0.00 sys=0.00, real=0.00 secs] 
2024-10-12T18:55:58.903+0300: 209.195: Total time for which application threads were stopped: 0.0039970 seconds, Stopping threads took: 0.0002487 seconds
2024-10-12T18:55:59.689+0300: 209.970: Application time: 0.7745491 seconds
2024-10-12T18:55:59.689+0300: 209.970: [GC pause (G1 Evacuation Pause) (young), 0.0031195 secs]
   [Parallel Time: 1.6 ms, GC Workers: 6]
      [GC Worker Start (ms): Min: 209970.2, Avg: 209970.2, Max: 209970.3, Diff: 0.1]
      [Ext Root Scanning (ms): Min: 0.3, Avg: 0.3, Max: 0.4, Diff: 0.1, Sum: 2.1]
      [Update RS (ms): Min: 0.1, Avg: 0.1, Max: 0.1, Diff: 0.1, Sum: 0.6]
         [Processed Buffers: Min: 1, Avg: 2.2, Max: 3, Diff: 2, Sum: 13]
      [Scan RS (ms): Min: 0.2, Avg: 0.2, Max: 0.2, Diff: 0.0, Sum: 1.1]
      [Code Root Scanning (ms): Min: 0.0, Avg: 0.0, Max: 0.0, Diff: 0.0, Sum: 0.0]
      [Object Copy (ms): Min: 0.7, Avg: 0.7, Max: 0.8, Diff: 0.1, Sum: 4.4]
      [Termination (ms): Min: 0.0, Avg: 0.0, Max: 0.0, Diff: 0.0, Sum: 0.0]
         [Termination Attempts: Min: 1, Avg: 1.3, Max: 2, Diff: 1, Sum: 8]
      [GC Worker Other (ms): Min: 0.0, Avg: 0.1, Max: 0.1, Diff: 0.1, Sum: 0.5]
      [GC Worker Total (ms): Min: 1.4, Avg: 1.5, Max: 1.5, Diff: 0.1, Sum: 8.7]
      [GC Worker End (ms): Min: 209971.6, Avg: 209971.7, Max: 209971.7, Diff: 0.1]
   [Code Root Fixup: 0.0 ms]
   [Code Root Purge: 0.0 ms]
   [Clear CT: 0.5 ms]
   [Other: 1.0 ms]
      [Choose CSet: 0.0 ms]
      [Ref Proc: 0.1 ms]
      [Ref Enq: 0.0 ms]
      [Redirty Cards: 0.1 ms]
      [Humongous Register: 0.0 ms]
      [Humongous Reclaim: 0.0 ms]
      [Free CSet: 0.7 ms]
   [Eden: 2448.0M(2448.0M)->0.0B(2448.0M) Survivors: 8192.0K->8192.0K Heap: 2473.0M(4096.0M)->25595.0K(4096.0M)]
 [Times: user=0.00 sys=0.00, real=0.00 secs] 
2024-10-12T18:55:59.689+0300: 209.973: Total time for which application threads were stopped: 0.0034970 seconds, Stopping threads took: 0.0001369 seconds
2024-10-12T18:56:00.473+0300: 210.762: Application time: 0.7887944 seconds
2024-10-12T18:56:00.473+0300: 210.762: [GC pause (G1 Evacuation Pause) (young), 0.0032477 secs]
   [Parallel Time: 1.7 ms, GC Workers: 6]
      [GC Worker Start (ms): Min: 210762.5, Avg: 210762.5, Max: 210762.6, Diff: 0.1]
      [Ext Root Scanning (ms): Min: 0.3, Avg: 0.4, Max: 0.4, Diff: 0.1, Sum: 2.1]
      [Update RS (ms): Min: 0.1, Avg: 0.1, Max: 0.1, Diff: 0.1, Sum: 0.6]
         [Processed Buffers: Min: 1, Avg: 2.2, Max: 3, Diff: 2, Sum: 13]
      [Scan RS (ms): Min: 0.2, Avg: 0.2, Max: 0.2, Diff: 0.0, Sum: 1.1]
      [Code Root Scanning (ms): Min: 0.0, Avg: 0.0, Max: 0.0, Diff: 0.0, Sum: 0.0]
      [Object Copy (ms): Min: 0.8, Avg: 0.9, Max: 0.9, Diff: 0.1, Sum: 5.2]
      [Termination (ms): Min: 0.0, Avg: 0.0, Max: 0.0, Diff: 0.0, Sum: 0.0]
         [Termination Attempts: Min: 1, Avg: 1.0, Max: 1, Diff: 0, Sum: 6]
      [GC Worker Other (ms): Min: 0.0, Avg: 0.1, Max: 0.1, Diff: 0.1, Sum: 0.5]
      [GC Worker Total (ms): Min: 1.5, Avg: 1.6, Max: 1.6, Diff: 0.1, Sum: 9.5]
      [GC Worker End (ms): Min: 210764.1, Avg: 210764.1, Max: 210764.2, Diff: 0.1]
   [Code Root Fixup: 0.0 ms]
   [Code Root Purge: 0.0 ms]
   [Clear CT: 0.5 ms]
   [Other: 1.0 ms]
      [Choose CSet: 0.0 ms]
      [Ref Proc: 0.1 ms]
      [Ref Enq: 0.0 ms]
      [Redirty Cards: 0.1 ms]
      [Humongous Register: 0.0 ms]
      [Humongous Reclaim: 0.0 ms]
      [Free CSet: 0.6 ms]
   [Eden: 2448.0M(2448.0M)->0.0B(2444.0M) Survivors: 8192.0K->12288.0K Heap: 2473.0M(4096.0M)->29658.7K(4096.0M)]
 [Times: user=0.02 sys=0.00, real=0.01 secs] 
2024-10-12T18:56:00.484+0300: 210.766: Total time for which application threads were stopped: 0.0036514 seconds, Stopping threads took: 0.0001694 seconds
2024-10-12T18:56:01.258+0300: 211.549: Application time: 0.7829473 seconds
2024-10-12T18:56:01.258+0300: 211.549: [GC pause (G1 Evacuation Pause) (young), 0.0033892 secs]
   [Parallel Time: 1.7 ms, GC Workers: 6]
      [GC Worker Start (ms): Min: 211549.2, Avg: 211549.4, Max: 211549.6, Diff: 0.3]
      [Ext Root Scanning (ms): Min: 0.1, Avg: 0.3, Max: 0.4, Diff: 0.3, Sum: 1.9]
      [Update RS (ms): Min: 0.1, Avg: 0.1, Max: 0.1, Diff: 0.0, Sum: 0.6]
         [Processed Buffers: Min: 1, Avg: 2.2, Max: 4, Diff: 3, Sum: 13]
      [Scan RS (ms): Min: 0.1, Avg: 0.2, Max: 0.2, Diff: 0.1, Sum: 1.1]
      [Code Root Scanning (ms): Min: 0.0, Avg: 0.0, Max: 0.0, Diff: 0.0, Sum: 0.0]
      [Object Copy (ms): Min: 0.7, Avg: 0.7, Max: 0.7, Diff: 0.1, Sum: 4.2]
      [Termination (ms): Min: 0.0, Avg: 0.0, Max: 0.0, Diff: 0.0, Sum: 0.0]
         [Termination Attempts: Min: 1, Avg: 1.0, Max: 1, Diff: 0, Sum: 6]
      [GC Worker Other (ms): Min: 0.0, Avg: 0.1, Max: 0.2, Diff: 0.1, Sum: 0.6]
      [GC Worker Total (ms): Min: 1.2, Avg: 1.4, Max: 1.6, Diff: 0.3, Sum: 8.4]
      [GC Worker End (ms): Min: 211550.7, Avg: 211550.8, Max: 211550.8, Diff: 0.1]
   [Code Root Fixup: 0.0 ms]
   [Code Root Purge: 0.0 ms]
   [Clear CT: 0.5 ms]
   [Other: 1.2 ms]
      [Choose CSet: 0.0 ms]
      [Ref Proc: 0.1 ms]
      [Ref Enq: 0.0 ms]
      [Redirty Cards: 0.1 ms]
      [Humongous Register: 0.1 ms]
      [Humongous Reclaim: 0.0 ms]
      [Free CSet: 0.7 ms]
   [Eden: 2444.0M(2444.0M)->0.0B(2448.0M) Survivors: 12288.0K->8192.0K Heap: 2473.0M(4096.0M)->26406.5K(4096.0M)]
 [Times: user=0.02 sys=0.00, real=0.00 secs] 
2024-10-12T18:56:01.258+0300: 211.553: Total time for which application threads were stopped: 0.0038740 seconds, Stopping threads took: 0.0001720 seconds
2024-10-12T18:56:02.043+0300: 212.333: Application time: 0.7805710 seconds
2024-10-12T18:56:02.043+0300: 212.334: [GC pause (G1 Evacuation Pause) (young), 0.0033818 secs]
   [Parallel Time: 1.7 ms, GC Workers: 6]
      [GC Worker Start (ms): Min: 212333.7, Avg: 212333.7, Max: 212333.7, Diff: 0.1]
      [Ext Root Scanning (ms): Min: 0.3, Avg: 0.3, Max: 0.4, Diff: 0.1, Sum: 2.0]
      [Update RS (ms): Min: 0.1, Avg: 0.1, Max: 0.1, Diff: 0.1, Sum: 0.6]
         [Processed Buffers: Min: 1, Avg: 2.2, Max: 4, Diff: 3, Sum: 13]
      [Scan RS (ms): Min: 0.2, Avg: 0.2, Max: 0.2, Diff: 0.0, Sum: 1.0]
      [Code Root Scanning (ms): Min: 0.0, Avg: 0.0, Max: 0.0, Diff: 0.0, Sum: 0.0]
      [Object Copy (ms): Min: 0.8, Avg: 0.8, Max: 0.8, Diff: 0.1, Sum: 4.9]
      [Termination (ms): Min: 0.0, Avg: 0.0, Max: 0.0, Diff: 0.0, Sum: 0.0]
         [Termination Attempts: Min: 1, Avg: 1.0, Max: 1, Diff: 0, Sum: 6]
      [GC Worker Other (ms): Min: 0.0, Avg: 0.1, Max: 0.2, Diff: 0.1, Sum: 0.7]
      [GC Worker Total (ms): Min: 1.5, Avg: 1.5, Max: 1.6, Diff: 0.1, Sum: 9.2]
      [GC Worker End (ms): Min: 212335.2, Avg: 212335.2, Max: 212335.3, Diff: 0.2]
   [Code Root Fixup: 0.0 ms]
   [Code Root Purge: 0.0 ms]
   [Clear CT: 0.5 ms]
   [Other: 1.1 ms]
      [Choose CSet: 0.0 ms]
      [Ref Proc: 0.1 ms]
      [Ref Enq: 0.0 ms]
      [Redirty Cards: 0.1 ms]
      [Humongous Register: 0.1 ms]
      [Humongous Reclaim: 0.0 ms]
      [Free CSet: 0.7 ms]
   [Eden: 2448.0M(2448.0M)->0.0B(2446.0M) Survivors: 8192.0K->10240.0K Heap: 2473.8M(4096.0M)->28398.2K(4096.0M)]
 [Times: user=0.00 sys=0.00, real=0.00 secs] 
2024-10-12T18:56:02.043+0300: 212.337: Total time for which application threads were stopped: 0.0038864 seconds, Stopping threads took: 0.0002601 seconds
2024-10-12T18:56:02.828+0300: 213.110: Application time: 0.7726871 seconds
2024-10-12T18:56:02.828+0300: 213.110: [GC pause (G1 Evacuation Pause) (young), 0.0032125 secs]
   [Parallel Time: 1.6 ms, GC Workers: 6]
      [GC Worker Start (ms): Min: 213110.1, Avg: 213110.2, Max: 213110.5, Diff: 0.4]
      [Ext Root Scanning (ms): Min: 0.0, Avg: 0.3, Max: 0.4, Diff: 0.4, Sum: 1.9]
      [Update RS (ms): Min: 0.1, Avg: 0.1, Max: 0.1, Diff: 0.0, Sum: 0.6]
         [Processed Buffers: Min: 1, Avg: 2.2, Max: 3, Diff: 2, Sum: 13]
      [Scan RS (ms): Min: 0.1, Avg: 0.2, Max: 0.2, Diff: 0.1, Sum: 1.0]
      [Code Root Scanning (ms): Min: 0.0, Avg: 0.0, Max: 0.0, Diff: 0.0, Sum: 0.0]
      [Object Copy (ms): Min: 0.8, Avg: 0.8, Max: 0.8, Diff: 0.1, Sum: 4.7]
      [Termination (ms): Min: 0.0, Avg: 0.0, Max: 0.0, Diff: 0.0, Sum: 0.0]
         [Termination Attempts: Min: 1, Avg: 1.2, Max: 2, Diff: 1, Sum: 7]
      [GC Worker Other (ms): Min: 0.0, Avg: 0.1, Max: 0.1, Diff: 0.1, Sum: 0.5]
      [GC Worker Total (ms): Min: 1.2, Avg: 1.5, Max: 1.6, Diff: 0.4, Sum: 8.8]
      [GC Worker End (ms): Min: 213111.6, Avg: 213111.7, Max: 213111.7, Diff: 0.1]
   [Code Root Fixup: 0.0 ms]
   [Code Root Purge: 0.0 ms]
   [Clear CT: 0.5 ms]
   [Other: 1.1 ms]
      [Choose CSet: 0.0 ms]
      [Ref Proc: 0.1 ms]
      [Ref Enq: 0.0 ms]
      [Redirty Cards: 0.1 ms]
      [Humongous Register: 0.0 ms]
      [Humongous Reclaim: 0.0 ms]
      [Free CSet: 0.7 ms]
   [Eden: 2446.0M(2446.0M)->0.0B(2446.0M) Survivors: 10240.0K->10240.0K Heap: 2473.7M(4096.0M)->28596.2K(4096.0M)]
 [Times: user=0.00 sys=0.00, real=0.00 secs] 
2024-10-12T18:56:02.828+0300: 213.113: Total time for which application threads were stopped: 0.0036043 seconds, Stopping threads took: 0.0001465 seconds
2024-10-12T18:56:03.598+0300: 213.889: Application time: 0.7753632 seconds
2024-10-12T18:56:03.598+0300: 213.889: [GC pause (G1 Evacuation Pause) (young), 0.0031464 secs]
   [Parallel Time: 1.6 ms, GC Workers: 6]
      [GC Worker Start (ms): Min: 213889.1, Avg: 213889.2, Max: 213889.2, Diff: 0.1]
      [Ext Root Scanning (ms): Min: 0.3, Avg: 0.3, Max: 0.4, Diff: 0.1, Sum: 2.1]
      [Update RS (ms): Min: 0.1, Avg: 0.1, Max: 0.1, Diff: 0.1, Sum: 0.6]
         [Processed Buffers: Min: 1, Avg: 2.2, Max: 3, Diff: 2, Sum: 13]
      [Scan RS (ms): Min: 0.2, Avg: 0.2, Max: 0.2, Diff: 0.0, Sum: 1.1]
      [Code Root Scanning (ms): Min: 0.0, Avg: 0.0, Max: 0.0, Diff: 0.0, Sum: 0.0]
      [Object Copy (ms): Min: 0.7, Avg: 0.8, Max: 0.8, Diff: 0.1, Sum: 4.6]
      [Termination (ms): Min: 0.0, Avg: 0.0, Max: 0.0, Diff: 0.0, Sum: 0.0]
         [Termination Attempts: Min: 1, Avg: 1.0, Max: 1, Diff: 0, Sum: 6]
      [GC Worker Other (ms): Min: 0.0, Avg: 0.1, Max: 0.1, Diff: 0.1, Sum: 0.4]
      [GC Worker Total (ms): Min: 1.4, Avg: 1.5, Max: 1.5, Diff: 0.1, Sum: 8.8]
      [GC Worker End (ms): Min: 213890.6, Avg: 213890.6, Max: 213890.7, Diff: 0.1]
   [Code Root Fixup: 0.0 ms]
   [Code Root Purge: 0.0 ms]
   [Clear CT: 0.5 ms]
   [Other: 1.0 ms]
      [Choose CSet: 0.0 ms]
      [Ref Proc: 0.1 ms]
      [Ref Enq: 0.0 ms]
      [Redirty Cards: 0.1 ms]
      [Humongous Register: 0.1 ms]
      [Humongous Reclaim: 0.0 ms]
      [Free CSet: 0.6 ms]
   [Eden: 2446.0M(2446.0M)->0.0B(2448.0M) Survivors: 10240.0K->8192.0K Heap: 2473.9M(4096.0M)->25640.4K(4096.0M)]
 [Times: user=0.00 sys=0.00, real=0.00 secs] 
2024-10-12T18:56:03.598+0300: 213.892: Total time for which application threads were stopped: 0.0035449 seconds, Stopping threads took: 0.0001721 seconds
2024-10-12T18:56:04.393+0300: 214.676: Application time: 0.7835218 seconds
2024-10-12T18:56:04.393+0300: 214.676: [GC pause (G1 Evacuation Pause) (young), 0.0032707 secs]
   [Parallel Time: 1.7 ms, GC Workers: 6]
      [GC Worker Start (ms): Min: 214676.2, Avg: 214676.3, Max: 214676.3, Diff: 0.0]
      [Ext Root Scanning (ms): Min: 0.3, Avg: 0.3, Max: 0.4, Diff: 0.0, Sum: 2.0]
      [Update RS (ms): Min: 0.1, Avg: 0.1, Max: 0.1, Diff: 0.1, Sum: 0.6]
         [Processed Buffers: Min: 1, Avg: 2.2, Max: 3, Diff: 2, Sum: 13]
      [Scan RS (ms): Min: 0.2, Avg: 0.2, Max: 0.2, Diff: 0.0, Sum: 1.0]
      [Code Root Scanning (ms): Min: 0.0, Avg: 0.0, Max: 0.0, Diff: 0.0, Sum: 0.0]
      [Object Copy (ms): Min: 0.7, Avg: 0.8, Max: 0.8, Diff: 0.0, Sum: 4.6]
      [Termination (ms): Min: 0.0, Avg: 0.0, Max: 0.0, Diff: 0.0, Sum: 0.0]
         [Termination Attempts: Min: 1, Avg: 1.0, Max: 1, Diff: 0, Sum: 6]
      [GC Worker Other (ms): Min: 0.1, Avg: 0.1, Max: 0.2, Diff: 0.1, Sum: 0.8]
      [GC Worker Total (ms): Min: 1.4, Avg: 1.5, Max: 1.6, Diff: 0.1, Sum: 9.0]
      [GC Worker End (ms): Min: 214677.7, Avg: 214677.8, Max: 214677.8, Diff: 0.1]
   [Code Root Fixup: 0.0 ms]
   [Code Root Purge: 0.0 ms]
   [Clear CT: 0.5 ms]
   [Other: 1.1 ms]
      [Choose CSet: 0.0 ms]
      [Ref Proc: 0.1 ms]
      [Ref Enq: 0.0 ms]
      [Redirty Cards: 0.1 ms]
      [Humongous Register: 0.1 ms]
      [Humongous Reclaim: 0.0 ms]
      [Free CSet: 0.6 ms]
   [Eden: 2448.0M(2448.0M)->0.0B(2446.0M) Survivors: 8192.0K->10240.0K Heap: 2473.0M(4096.0M)->28590.0K(4096.0M)]
 [Times: user=0.02 sys=0.00, real=0.01 secs] 
2024-10-12T18:56:04.399+0300: 214.680: Total time for which application threads were stopped: 0.0036925 seconds, Stopping threads took: 0.0001488 seconds
2024-10-12T18:56:05.168+0300: 215.461: Application time: 0.7818051 seconds
2024-10-12T18:56:05.168+0300: 215.462: [GC pause (G1 Evacuation Pause) (young), 0.0034049 secs]
   [Parallel Time: 1.9 ms, GC Workers: 6]
      [GC Worker Start (ms): Min: 215461.7, Avg: 215461.8, Max: 215461.8, Diff: 0.1]
      [Ext Root Scanning (ms): Min: 0.3, Avg: 0.4, Max: 0.4, Diff: 0.1, Sum: 2.1]
      [Update RS (ms): Min: 0.0, Avg: 0.1, Max: 0.1, Diff: 0.1, Sum: 0.6]
         [Processed Buffers: Min: 0, Avg: 2.2, Max: 4, Diff: 4, Sum: 13]
      [Scan RS (ms): Min: 0.1, Avg: 0.2, Max: 0.2, Diff: 0.1, Sum: 1.1]
      [Code Root Scanning (ms): Min: 0.0, Avg: 0.0, Max: 0.0, Diff: 0.0, Sum: 0.0]
      [Object Copy (ms): Min: 1.0, Avg: 1.1, Max: 1.3, Diff: 0.3, Sum: 6.4]
      [Termination (ms): Min: 0.0, Avg: 0.0, Max: 0.0, Diff: 0.0, Sum: 0.0]
         [Termination Attempts: Min: 1, Avg: 2.7, Max: 5, Diff: 4, Sum: 16]
      [GC Worker Other (ms): Min: 0.0, Avg: 0.1, Max: 0.1, Diff: 0.1, Sum: 0.5]
      [GC Worker Total (ms): Min: 1.7, Avg: 1.8, Max: 1.8, Diff: 0.1, Sum: 10.7]
      [GC Worker End (ms): Min: 215463.5, Avg: 215463.6, Max: 215463.6, Diff: 0.1]
   [Code Root Fixup: 0.0 ms]
   [Code Root Purge: 0.0 ms]
   [Clear CT: 0.4 ms]
   [Other: 1.0 ms]
      [Choose CSet: 0.0 ms]
      [Ref Proc: 0.1 ms]
      [Ref Enq: 0.0 ms]
      [Redirty Cards: 0.1 ms]
      [Humongous Register: 0.0 ms]
      [Humongous Reclaim: 0.0 ms]
      [Free CSet: 0.7 ms]
   [Eden: 2446.0M(2446.0M)->0.0B(2446.0M) Survivors: 10240.0K->10240.0K Heap: 2473.9M(4096.0M)->28614.3K(4096.0M)]
 [Times: user=0.00 sys=0.00, real=0.02 secs] 
2024-10-12T18:56:05.184+0300: 215.465: Total time for which application threads were stopped: 0.0038603 seconds, Stopping threads took: 0.0002177 seconds
2024-10-12T18:56:05.954+0300: 216.245: Application time: 0.7795772 seconds
2024-10-12T18:56:05.954+0300: 216.245: [GC pause (G1 Evacuation Pause) (young), 0.0032227 secs]
   [Parallel Time: 1.7 ms, GC Workers: 6]
      [GC Worker Start (ms): Min: 216245.2, Avg: 216245.2, Max: 216245.2, Diff: 0.0]
      [Ext Root Scanning (ms): Min: 0.3, Avg: 0.3, Max: 0.4, Diff: 0.1, Sum: 2.0]
      [Update RS (ms): Min: 0.0, Avg: 0.1, Max: 0.1, Diff: 0.1, Sum: 0.6]
         [Processed Buffers: Min: 0, Avg: 2.2, Max: 4, Diff: 4, Sum: 13]
      [Scan RS (ms): Min: 0.0, Avg: 0.2, Max: 0.2, Diff: 0.1, Sum: 1.0]
      [Code Root Scanning (ms): Min: 0.0, Avg: 0.0, Max: 0.0, Diff: 0.0, Sum: 0.0]
      [Object Copy (ms): Min: 0.8, Avg: 0.9, Max: 1.1, Diff: 0.3, Sum: 5.2]
      [Termination (ms): Min: 0.0, Avg: 0.0, Max: 0.0, Diff: 0.0, Sum: 0.0]
         [Termination Attempts: Min: 1, Avg: 2.7, Max: 4, Diff: 3, Sum: 16]
      [GC Worker Other (ms): Min: 0.0, Avg: 0.1, Max: 0.1, Diff: 0.1, Sum: 0.5]
      [GC Worker Total (ms): Min: 1.5, Avg: 1.6, Max: 1.6, Diff: 0.1, Sum: 9.3]
      [GC Worker End (ms): Min: 216246.7, Avg: 216246.8, Max: 216246.8, Diff: 0.1]
   [Code Root Fixup: 0.0 ms]
   [Code Root Purge: 0.0 ms]
   [Clear CT: 0.5 ms]
   [Other: 1.1 ms]
      [Choose CSet: 0.0 ms]
      [Ref Proc: 0.1 ms]
      [Ref Enq: 0.0 ms]
      [Redirty Cards: 0.1 ms]
      [Humongous Register: 0.1 ms]
      [Humongous Reclaim: 0.0 ms]
      [Free CSet: 0.7 ms]
   [Eden: 2446.0M(2446.0M)->0.0B(2446.0M) Survivors: 10240.0K->10240.0K Heap: 2473.9M(4096.0M)->27297.5K(4096.0M)]
 [Times: user=0.00 sys=0.00, real=0.00 secs] 
2024-10-12T18:56:05.954+0300: 216.248: Total time for which application threads were stopped: 0.0036802 seconds, Stopping threads took: 0.0001955 seconds
2024-10-12T18:56:06.739+0300: 217.020: Application time: 0.7712942 seconds
2024-10-12T18:56:06.739+0300: 217.020: [GC pause (G1 Evacuation Pause) (young), 0.0031491 secs]
   [Parallel Time: 1.6 ms, GC Workers: 6]
      [GC Worker Start (ms): Min: 217020.1, Avg: 217020.2, Max: 217020.5, Diff: 0.4]
      [Ext Root Scanning (ms): Min: 0.0, Avg: 0.3, Max: 0.4, Diff: 0.4, Sum: 1.9]
      [Update RS (ms): Min: 0.1, Avg: 0.1, Max: 0.1, Diff: 0.1, Sum: 0.6]
         [Processed Buffers: Min: 1, Avg: 2.0, Max: 3, Diff: 2, Sum: 12]
      [Scan RS (ms): Min: 0.2, Avg: 0.2, Max: 0.2, Diff: 0.0, Sum: 1.2]
      [Code Root Scanning (ms): Min: 0.0, Avg: 0.0, Max: 0.0, Diff: 0.0, Sum: 0.0]
      [Object Copy (ms): Min: 0.7, Avg: 0.8, Max: 0.8, Diff: 0.1, Sum: 4.6]
      [Termination (ms): Min: 0.0, Avg: 0.0, Max: 0.0, Diff: 0.0, Sum: 0.0]
         [Termination Attempts: Min: 1, Avg: 1.0, Max: 1, Diff: 0, Sum: 6]
      [GC Worker Other (ms): Min: 0.0, Avg: 0.1, Max: 0.1, Diff: 0.1, Sum: 0.5]
      [GC Worker Total (ms): Min: 1.1, Avg: 1.5, Max: 1.6, Diff: 0.4, Sum: 8.8]
      [GC Worker End (ms): Min: 217021.6, Avg: 217021.7, Max: 217021.7, Diff: 0.1]
   [Code Root Fixup: 0.0 ms]
   [Code Root Purge: 0.0 ms]
   [Clear CT: 0.5 ms]
   [Other: 1.0 ms]
      [Choose CSet: 0.0 ms]
      [Ref Proc: 0.1 ms]
      [Ref Enq: 0.0 ms]
      [Redirty Cards: 0.1 ms]
      [Humongous Register: 0.0 ms]
      [Humongous Reclaim: 0.0 ms]
      [Free CSet: 0.6 ms]
   [Eden: 2446.0M(2446.0M)->0.0B(2444.0M) Survivors: 10240.0K->12288.0K Heap: 2472.7M(4096.0M)->30436.3K(4096.0M)]
 [Times: user=0.00 sys=0.00, real=0.00 secs] 
2024-10-12T18:56:06.739+0300: 217.023: Total time for which application threads were stopped: 0.0035510 seconds, Stopping threads took: 0.0001478 seconds
2024-10-12T18:56:07.525+0300: 217.804: Application time: 0.7811802 seconds
2024-10-12T18:56:07.525+0300: 217.805: [GC pause (G1 Evacuation Pause) (young), 0.0031952 secs]
   [Parallel Time: 1.7 ms, GC Workers: 6]
      [GC Worker Start (ms): Min: 217804.8, Avg: 217804.8, Max: 217804.8, Diff: 0.0]
      [Ext Root Scanning (ms): Min: 0.3, Avg: 0.3, Max: 0.4, Diff: 0.1, Sum: 2.0]
      [Update RS (ms): Min: 0.1, Avg: 0.1, Max: 0.1, Diff: 0.0, Sum: 0.6]
         [Processed Buffers: Min: 1, Avg: 2.2, Max: 4, Diff: 3, Sum: 13]
      [Scan RS (ms): Min: 0.1, Avg: 0.2, Max: 0.2, Diff: 0.1, Sum: 1.0]
      [Code Root Scanning (ms): Min: 0.0, Avg: 0.0, Max: 0.0, Diff: 0.0, Sum: 0.0]
      [Object Copy (ms): Min: 0.8, Avg: 0.8, Max: 0.9, Diff: 0.1, Sum: 5.0]
      [Termination (ms): Min: 0.0, Avg: 0.1, Max: 0.1, Diff: 0.1, Sum: 0.4]
         [Termination Attempts: Min: 1, Avg: 1.8, Max: 3, Diff: 2, Sum: 11]
      [GC Worker Other (ms): Min: 0.0, Avg: 0.1, Max: 0.1, Diff: 0.1, Sum: 0.6]
      [GC Worker Total (ms): Min: 1.6, Avg: 1.6, Max: 1.6, Diff: 0.1, Sum: 9.6]
      [GC Worker End (ms): Min: 217806.4, Avg: 217806.4, Max: 217806.4, Diff: 0.1]
   [Code Root Fixup: 0.0 ms]
   [Code Root Purge: 0.0 ms]
   [Clear CT: 0.5 ms]
   [Other: 1.0 ms]
      [Choose CSet: 0.0 ms]
      [Ref Proc: 0.1 ms]
      [Ref Enq: 0.0 ms]
      [Redirty Cards: 0.1 ms]
      [Humongous Register: 0.0 ms]
      [Humongous Reclaim: 0.0 ms]
      [Free CSet: 0.6 ms]
   [Eden: 2444.0M(2444.0M)->0.0B(2446.0M) Survivors: 12288.0K->10240.0K Heap: 2473.7M(4096.0M)->27831.1K(4096.0M)]
 [Times: user=0.00 sys=0.00, real=0.00 secs] 
2024-10-12T18:56:07.525+0300: 217.808: Total time for which application threads were stopped: 0.0035691 seconds, Stopping threads took: 0.0001489 seconds
2024-10-12T18:56:08.310+0300: 218.591: Application time: 0.7830316 seconds
2024-10-12T18:56:08.310+0300: 218.591: [GC pause (G1 Evacuation Pause) (young), 0.0031545 secs]
   [Parallel Time: 1.4 ms, GC Workers: 6]
      [GC Worker Start (ms): Min: 218591.5, Avg: 218591.5, Max: 218591.5, Diff: 0.0]
      [Ext Root Scanning (ms): Min: 0.3, Avg: 0.3, Max: 0.3, Diff: 0.0, Sum: 1.9]
      [Update RS (ms): Min: 0.1, Avg: 0.1, Max: 0.1, Diff: 0.1, Sum: 0.6]
         [Processed Buffers: Min: 1, Avg: 2.2, Max: 4, Diff: 3, Sum: 13]
      [Scan RS (ms): Min: 0.1, Avg: 0.2, Max: 0.2, Diff: 0.0, Sum: 1.0]
      [Code Root Scanning (ms): Min: 0.0, Avg: 0.0, Max: 0.0, Diff: 0.0, Sum: 0.0]
      [Object Copy (ms): Min: 0.7, Avg: 0.7, Max: 0.7, Diff: 0.0, Sum: 4.1]
      [Termination (ms): Min: 0.0, Avg: 0.0, Max: 0.0, Diff: 0.0, Sum: 0.0]
         [Termination Attempts: Min: 1, Avg: 1.0, Max: 1, Diff: 0, Sum: 6]
      [GC Worker Other (ms): Min: 0.0, Avg: 0.1, Max: 0.1, Diff: 0.1, Sum: 0.5]
      [GC Worker Total (ms): Min: 1.3, Avg: 1.3, Max: 1.4, Diff: 0.1, Sum: 8.1]
      [GC Worker End (ms): Min: 218592.8, Avg: 218592.9, Max: 218592.9, Diff: 0.1]
   [Code Root Fixup: 0.0 ms]
   [Code Root Purge: 0.0 ms]
   [Clear CT: 0.5 ms]
   [Other: 1.2 ms]
      [Choose CSet: 0.0 ms]
      [Ref Proc: 0.2 ms]
      [Ref Enq: 0.0 ms]
      [Redirty Cards: 0.1 ms]
      [Humongous Register: 0.1 ms]
      [Humongous Reclaim: 0.0 ms]
      [Free CSet: 0.7 ms]
   [Eden: 2446.0M(2446.0M)->0.0B(2446.0M) Survivors: 10240.0K->10240.0K Heap: 2473.2M(4096.0M)->28450.7K(4096.0M)]
 [Times: user=0.00 sys=0.00, real=0.00 secs] 
2024-10-12T18:56:08.310+0300: 218.595: Total time for which application threads were stopped: 0.0035988 seconds, Stopping threads took: 0.0001815 seconds
2024-10-12T18:56:09.079+0300: 219.372: Application time: 0.7768702 seconds
2024-10-12T18:56:09.079+0300: 219.372: [GC pause (G1 Evacuation Pause) (young), 0.0044938 secs]
   [Parallel Time: 2.9 ms, GC Workers: 6]
      [GC Worker Start (ms): Min: 219372.1, Avg: 219372.2, Max: 219372.4, Diff: 0.3]
      [Ext Root Scanning (ms): Min: 0.1, Avg: 0.3, Max: 0.4, Diff: 0.3, Sum: 1.9]
      [Update RS (ms): Min: 0.1, Avg: 0.1, Max: 0.1, Diff: 0.1, Sum: 0.6]
         [Processed Buffers: Min: 1, Avg: 2.2, Max: 3, Diff: 2, Sum: 13]
      [Scan RS (ms): Min: 0.1, Avg: 0.2, Max: 0.2, Diff: 0.0, Sum: 1.0]
      [Code Root Scanning (ms): Min: 0.0, Avg: 0.0, Max: 0.0, Diff: 0.0, Sum: 0.0]
      [Object Copy (ms): Min: 2.0, Avg: 2.0, Max: 2.0, Diff: 0.0, Sum: 12.0]
      [Termination (ms): Min: 0.0, Avg: 0.0, Max: 0.0, Diff: 0.0, Sum: 0.0]
         [Termination Attempts: Min: 1, Avg: 1.0, Max: 1, Diff: 0, Sum: 6]
      [GC Worker Other (ms): Min: 0.0, Avg: 0.1, Max: 0.1, Diff: 0.1, Sum: 0.5]
      [GC Worker Total (ms): Min: 2.4, Avg: 2.7, Max: 2.8, Diff: 0.3, Sum: 16.0]
      [GC Worker End (ms): Min: 219374.8, Avg: 219374.9, Max: 219374.9, Diff: 0.1]
   [Code Root Fixup: 0.0 ms]
   [Code Root Purge: 0.0 ms]
   [Clear CT: 0.6 ms]
   [Other: 1.0 ms]
      [Choose CSet: 0.0 ms]
      [Ref Proc: 0.1 ms]
      [Ref Enq: 0.0 ms]
      [Redirty Cards: 0.1 ms]
      [Humongous Register: 0.0 ms]
      [Humongous Reclaim: 0.0 ms]
      [Free CSet: 0.7 ms]
   [Eden: 2446.0M(2446.0M)->0.0B(2444.0M) Survivors: 10240.0K->12288.0K Heap: 2473.8M(4096.0M)->30563.7K(4096.0M)]
 [Times: user=0.01 sys=0.00, real=0.02 secs] 
2024-10-12T18:56:09.095+0300: 219.377: Total time for which application threads were stopped: 0.0050836 seconds, Stopping threads took: 0.0003511 seconds
2024-10-12T18:56:09.864+0300: 220.146: Application time: 0.7694854 seconds
2024-10-12T18:56:09.864+0300: 220.146: [GC pause (G1 Evacuation Pause) (young), 0.0035241 secs]
   [Parallel Time: 1.8 ms, GC Workers: 6]
      [GC Worker Start (ms): Min: 220146.5, Avg: 220146.5, Max: 220146.6, Diff: 0.1]
      [Ext Root Scanning (ms): Min: 0.3, Avg: 0.4, Max: 0.4, Diff: 0.1, Sum: 2.1]
      [Update RS (ms): Min: 0.1, Avg: 0.1, Max: 0.1, Diff: 0.0, Sum: 0.6]
         [Processed Buffers: Min: 1, Avg: 2.2, Max: 4, Diff: 3, Sum: 13]
      [Scan RS (ms): Min: 0.2, Avg: 0.2, Max: 0.2, Diff: 0.0, Sum: 1.1]
      [Code Root Scanning (ms): Min: 0.0, Avg: 0.0, Max: 0.0, Diff: 0.0, Sum: 0.0]
      [Object Copy (ms): Min: 0.8, Avg: 0.8, Max: 0.9, Diff: 0.1, Sum: 5.0]
      [Termination (ms): Min: 0.0, Avg: 0.0, Max: 0.0, Diff: 0.0, Sum: 0.0]
         [Termination Attempts: Min: 1, Avg: 1.0, Max: 1, Diff: 0, Sum: 6]
      [GC Worker Other (ms): Min: 0.0, Avg: 0.1, Max: 0.2, Diff: 0.2, Sum: 0.8]
      [GC Worker Total (ms): Min: 1.5, Avg: 1.6, Max: 1.7, Diff: 0.1, Sum: 9.6]
      [GC Worker End (ms): Min: 220148.0, Avg: 220148.1, Max: 220148.2, Diff: 0.2]
   [Code Root Fixup: 0.0 ms]
   [Code Root Purge: 0.0 ms]
   [Clear CT: 0.6 ms]
   [Other: 1.1 ms]
      [Choose CSet: 0.0 ms]
      [Ref Proc: 0.1 ms]
      [Ref Enq: 0.0 ms]
      [Redirty Cards: 0.1 ms]
      [Humongous Register: 0.0 ms]
      [Humongous Reclaim: 0.0 ms]
      [Free CSet: 0.6 ms]
   [Eden: 2444.0M(2444.0M)->0.0B(2448.0M) Survivors: 12288.0K->8192.0K Heap: 2473.8M(4096.0M)->26714.7K(4096.0M)]
 [Times: user=0.00 sys=0.00, real=0.00 secs] 
2024-10-12T18:56:09.864+0300: 220.150: Total time for which application threads were stopped: 0.0039157 seconds, Stopping threads took: 0.0001461 seconds
2024-10-12T18:56:10.649+0300: 220.936: Application time: 0.7855159 seconds
2024-10-12T18:56:10.649+0300: 220.936: [GC pause (G1 Evacuation Pause) (young), 0.0032095 secs]
   [Parallel Time: 1.7 ms, GC Workers: 6]
      [GC Worker Start (ms): Min: 220935.9, Avg: 220936.0, Max: 220936.4, Diff: 0.4]
      [Ext Root Scanning (ms): Min: 0.0, Avg: 0.3, Max: 0.4, Diff: 0.4, Sum: 1.9]
      [Update RS (ms): Min: 0.1, Avg: 0.1, Max: 0.1, Diff: 0.0, Sum: 0.6]
         [Processed Buffers: Min: 1, Avg: 2.2, Max: 4, Diff: 3, Sum: 13]
      [Scan RS (ms): Min: 0.2, Avg: 0.2, Max: 0.2, Diff: 0.0, Sum: 1.1]
      [Code Root Scanning (ms): Min: 0.0, Avg: 0.0, Max: 0.0, Diff: 0.0, Sum: 0.0]
      [Object Copy (ms): Min: 0.9, Avg: 0.9, Max: 0.9, Diff: 0.1, Sum: 5.3]
      [Termination (ms): Min: 0.0, Avg: 0.0, Max: 0.0, Diff: 0.0, Sum: 0.0]
         [Termination Attempts: Min: 1, Avg: 1.3, Max: 2, Diff: 1, Sum: 8]
      [GC Worker Other (ms): Min: 0.0, Avg: 0.1, Max: 0.1, Diff: 0.1, Sum: 0.4]
      [GC Worker Total (ms): Min: 1.3, Avg: 1.6, Max: 1.7, Diff: 0.4, Sum: 9.4]
      [GC Worker End (ms): Min: 220937.5, Avg: 220937.6, Max: 220937.6, Diff: 0.1]
   [Code Root Fixup: 0.0 ms]
   [Code Root Purge: 0.0 ms]
   [Clear CT: 0.5 ms]
   [Other: 1.0 ms]
      [Choose CSet: 0.0 ms]
      [Ref Proc: 0.1 ms]
      [Ref Enq: 0.0 ms]
      [Redirty Cards: 0.1 ms]
      [Humongous Register: 0.0 ms]
      [Humongous Reclaim: 0.0 ms]
      [Free CSet: 0.6 ms]
   [Eden: 2448.0M(2448.0M)->0.0B(2448.0M) Survivors: 8192.0K->8192.0K Heap: 2474.1M(4096.0M)->26717.2K(4096.0M)]
 [Times: user=0.00 sys=0.00, real=0.00 secs] 
2024-10-12T18:56:10.649+0300: 220.939: Total time for which application threads were stopped: 0.0036100 seconds, Stopping threads took: 0.0001811 seconds
2024-10-12T18:56:11.435+0300: 221.718: Application time: 0.7791176 seconds
2024-10-12T18:56:11.435+0300: 221.719: [GC pause (G1 Evacuation Pause) (young), 0.0031589 secs]
   [Parallel Time: 1.6 ms, GC Workers: 6]
      [GC Worker Start (ms): Min: 221718.7, Avg: 221718.8, Max: 221718.8, Diff: 0.1]
      [Ext Root Scanning (ms): Min: 0.3, Avg: 0.3, Max: 0.4, Diff: 0.1, Sum: 1.9]
      [Update RS (ms): Min: 0.1, Avg: 0.1, Max: 0.1, Diff: 0.0, Sum: 0.6]
         [Processed Buffers: Min: 1, Avg: 2.2, Max: 4, Diff: 3, Sum: 13]
      [Scan RS (ms): Min: 0.2, Avg: 0.2, Max: 0.2, Diff: 0.0, Sum: 1.0]
      [Code Root Scanning (ms): Min: 0.0, Avg: 0.0, Max: 0.0, Diff: 0.0, Sum: 0.0]
      [Object Copy (ms): Min: 0.8, Avg: 0.8, Max: 0.8, Diff: 0.1, Sum: 4.8]
      [Termination (ms): Min: 0.0, Avg: 0.0, Max: 0.0, Diff: 0.0, Sum: 0.0]
         [Termination Attempts: Min: 1, Avg: 1.0, Max: 1, Diff: 0, Sum: 6]
      [GC Worker Other (ms): Min: 0.0, Avg: 0.1, Max: 0.1, Diff: 0.1, Sum: 0.6]
      [GC Worker Total (ms): Min: 1.5, Avg: 1.5, Max: 1.6, Diff: 0.1, Sum: 9.0]
      [GC Worker End (ms): Min: 221720.2, Avg: 221720.3, Max: 221720.3, Diff: 0.1]
   [Code Root Fixup: 0.0 ms]
   [Code Root Purge: 0.0 ms]
   [Clear CT: 0.5 ms]
   [Other: 1.0 ms]
      [Choose CSet: 0.0 ms]
      [Ref Proc: 0.1 ms]
      [Ref Enq: 0.0 ms]
      [Redirty Cards: 0.1 ms]
      [Humongous Register: 0.0 ms]
      [Humongous Reclaim: 0.0 ms]
      [Free CSet: 0.6 ms]
   [Eden: 2448.0M(2448.0M)->0.0B(2448.0M) Survivors: 8192.0K->8192.0K Heap: 2474.1M(4096.0M)->26651.6K(4096.0M)]
 [Times: user=0.00 sys=0.00, real=0.00 secs] 
2024-10-12T18:56:11.435+0300: 221.722: Total time for which application threads were stopped: 0.0036408 seconds, Stopping threads took: 0.0002076 seconds
2024-10-12T18:56:12.219+0300: 222.506: Application time: 0.7837865 seconds
2024-10-12T18:56:12.219+0300: 222.506: [GC pause (G1 Evacuation Pause) (young), 0.0039064 secs]
   [Parallel Time: 2.2 ms, GC Workers: 6]
      [GC Worker Start (ms): Min: 222506.2, Avg: 222506.2, Max: 222506.2, Diff: 0.1]
      [Ext Root Scanning (ms): Min: 0.3, Avg: 0.3, Max: 0.4, Diff: 0.0, Sum: 2.0]
      [Update RS (ms): Min: 0.1, Avg: 0.1, Max: 0.1, Diff: 0.0, Sum: 0.6]
         [Processed Buffers: Min: 1, Avg: 2.2, Max: 4, Diff: 3, Sum: 13]
      [Scan RS (ms): Min: 0.2, Avg: 0.2, Max: 0.2, Diff: 0.0, Sum: 1.0]
      [Code Root Scanning (ms): Min: 0.0, Avg: 0.0, Max: 0.0, Diff: 0.0, Sum: 0.0]
      [Object Copy (ms): Min: 1.3, Avg: 1.3, Max: 1.3, Diff: 0.0, Sum: 7.9]
      [Termination (ms): Min: 0.0, Avg: 0.0, Max: 0.0, Diff: 0.0, Sum: 0.0]
         [Termination Attempts: Min: 1, Avg: 1.0, Max: 1, Diff: 0, Sum: 6]
      [GC Worker Other (ms): Min: 0.0, Avg: 0.1, Max: 0.2, Diff: 0.1, Sum: 0.6]
      [GC Worker Total (ms): Min: 2.0, Avg: 2.0, Max: 2.1, Diff: 0.1, Sum: 12.2]
      [GC Worker End (ms): Min: 222508.1, Avg: 222508.2, Max: 222508.3, Diff: 0.1]
   [Code Root Fixup: 0.0 ms]
   [Code Root Purge: 0.0 ms]
   [Clear CT: 0.5 ms]
   [Other: 1.1 ms]
      [Choose CSet: 0.0 ms]
      [Ref Proc: 0.1 ms]
      [Ref Enq: 0.0 ms]
      [Redirty Cards: 0.1 ms]
      [Humongous Register: 0.1 ms]
      [Humongous Reclaim: 0.0 ms]
      [Free CSet: 0.7 ms]
   [Eden: 2448.0M(2448.0M)->0.0B(2444.0M) Survivors: 8192.0K->12288.0K Heap: 2474.0M(4096.0M)->30719.9K(4096.0M)]
 [Times: user=0.00 sys=0.00, real=0.00 secs] 
2024-10-12T18:56:12.219+0300: 222.510: Total time for which application threads were stopped: 0.0043432 seconds, Stopping threads took: 0.0001932 seconds
2024-10-12T18:56:13.004+0300: 223.289: Application time: 0.7789035 seconds
2024-10-12T18:56:13.004+0300: 223.289: [GC pause (G1 Evacuation Pause) (young), 0.0036976 secs]
   [Parallel Time: 1.9 ms, GC Workers: 6]
      [GC Worker Start (ms): Min: 223289.4, Avg: 223289.5, Max: 223289.8, Diff: 0.4]
      [Ext Root Scanning (ms): Min: 0.0, Avg: 0.3, Max: 0.4, Diff: 0.4, Sum: 1.8]
      [Update RS (ms): Min: 0.0, Avg: 0.1, Max: 0.1, Diff: 0.1, Sum: 0.6]
         [Processed Buffers: Min: 0, Avg: 2.2, Max: 3, Diff: 3, Sum: 13]
      [Scan RS (ms): Min: 0.1, Avg: 0.2, Max: 0.2, Diff: 0.1, Sum: 1.0]
      [Code Root Scanning (ms): Min: 0.0, Avg: 0.0, Max: 0.0, Diff: 0.0, Sum: 0.0]
      [Object Copy (ms): Min: 0.9, Avg: 1.0, Max: 1.2, Diff: 0.4, Sum: 5.8]
      [Termination (ms): Min: 0.0, Avg: 0.1, Max: 0.2, Diff: 0.2, Sum: 0.7]
         [Termination Attempts: Min: 1, Avg: 2.3, Max: 3, Diff: 2, Sum: 14]
      [GC Worker Other (ms): Min: 0.0, Avg: 0.1, Max: 0.1, Diff: 0.1, Sum: 0.5]
      [GC Worker Total (ms): Min: 1.5, Avg: 1.8, Max: 1.9, Diff: 0.4, Sum: 10.5]
      [GC Worker End (ms): Min: 223291.2, Avg: 223291.3, Max: 223291.3, Diff: 0.1]
   [Code Root Fixup: 0.0 ms]
   [Code Root Purge: 0.0 ms]
   [Clear CT: 0.5 ms]
   [Other: 1.2 ms]
      [Choose CSet: 0.0 ms]
      [Ref Proc: 0.2 ms]
      [Ref Enq: 0.0 ms]
      [Redirty Cards: 0.1 ms]
      [Humongous Register: 0.1 ms]
      [Humongous Reclaim: 0.0 ms]
      [Free CSet: 0.6 ms]
   [Eden: 2444.0M(2444.0M)->0.0B(2444.0M) Survivors: 12288.0K->12288.0K Heap: 2474.0M(4096.0M)->29796.7K(4096.0M)]
 [Times: user=0.00 sys=0.00, real=0.01 secs] 
2024-10-12T18:56:13.013+0300: 223.293: Total time for which application threads were stopped: 0.0041108 seconds, Stopping threads took: 0.0001517 seconds
2024-10-12T18:56:13.774+0300: 224.066: Application time: 0.7732063 seconds
2024-10-12T18:56:13.774+0300: 224.066: [GC pause (G1 Evacuation Pause) (young), 0.0037674 secs]
   [Parallel Time: 2.2 ms, GC Workers: 6]
      [GC Worker Start (ms): Min: 224066.6, Avg: 224066.6, Max: 224066.7, Diff: 0.1]
      [Ext Root Scanning (ms): Min: 0.3, Avg: 0.3, Max: 0.4, Diff: 0.1, Sum: 2.0]
      [Update RS (ms): Min: 0.1, Avg: 0.1, Max: 0.1, Diff: 0.1, Sum: 0.6]
         [Processed Buffers: Min: 1, Avg: 2.0, Max: 3, Diff: 2, Sum: 12]
      [Scan RS (ms): Min: 0.1, Avg: 0.2, Max: 0.2, Diff: 0.0, Sum: 1.0]
      [Code Root Scanning (ms): Min: 0.0, Avg: 0.0, Max: 0.0, Diff: 0.0, Sum: 0.0]
      [Object Copy (ms): Min: 1.4, Avg: 1.4, Max: 1.4, Diff: 0.1, Sum: 8.5]
      [Termination (ms): Min: 0.0, Avg: 0.0, Max: 0.0, Diff: 0.0, Sum: 0.2]
         [Termination Attempts: Min: 1, Avg: 1.0, Max: 1, Diff: 0, Sum: 6]
      [GC Worker Other (ms): Min: 0.0, Avg: 0.0, Max: 0.1, Diff: 0.1, Sum: 0.3]
      [GC Worker Total (ms): Min: 2.0, Avg: 2.1, Max: 2.1, Diff: 0.1, Sum: 12.5]
      [GC Worker End (ms): Min: 224068.7, Avg: 224068.7, Max: 224068.8, Diff: 0.1]
   [Code Root Fixup: 0.0 ms]
   [Code Root Purge: 0.0 ms]
   [Clear CT: 0.5 ms]
   [Other: 1.0 ms]
      [Choose CSet: 0.0 ms]
      [Ref Proc: 0.1 ms]
      [Ref Enq: 0.0 ms]
      [Redirty Cards: 0.1 ms]
      [Humongous Register: 0.0 ms]
      [Humongous Reclaim: 0.0 ms]
      [Free CSet: 0.6 ms]
   [Eden: 2444.0M(2444.0M)->0.0B(2446.0M) Survivors: 12288.0K->10240.0K Heap: 2473.1M(4096.0M)->28698.2K(4096.0M)]
 [Times: user=0.02 sys=0.00, real=0.02 secs] 
2024-10-12T18:56:13.789+0300: 224.070: Total time for which application threads were stopped: 0.0041042 seconds, Stopping threads took: 0.0000992 seconds
2024-10-12T18:56:14.559+0300: 224.850: Application time: 0.7795193 seconds
2024-10-12T18:56:14.559+0300: 224.850: [GC pause (G1 Evacuation Pause) (young), 0.0035599 secs]
   [Parallel Time: 2.1 ms, GC Workers: 6]
      [GC Worker Start (ms): Min: 224850.3, Avg: 224850.3, Max: 224850.3, Diff: 0.0]
      [Ext Root Scanning (ms): Min: 0.3, Avg: 0.3, Max: 0.4, Diff: 0.1, Sum: 2.0]
      [Update RS (ms): Min: 0.1, Avg: 0.1, Max: 0.1, Diff: 0.1, Sum: 0.6]
         [Processed Buffers: Min: 1, Avg: 2.2, Max: 4, Diff: 3, Sum: 13]
      [Scan RS (ms): Min: 0.1, Avg: 0.2, Max: 0.2, Diff: 0.1, Sum: 1.1]
      [Code Root Scanning (ms): Min: 0.0, Avg: 0.0, Max: 0.0, Diff: 0.0, Sum: 0.0]
      [Object Copy (ms): Min: 1.3, Avg: 1.3, Max: 1.3, Diff: 0.0, Sum: 7.6]
      [Termination (ms): Min: 0.0, Avg: 0.0, Max: 0.0, Diff: 0.0, Sum: 0.0]
         [Termination Attempts: Min: 1, Avg: 1.0, Max: 1, Diff: 0, Sum: 6]
      [GC Worker Other (ms): Min: 0.0, Avg: 0.1, Max: 0.1, Diff: 0.1, Sum: 0.5]
      [GC Worker Total (ms): Min: 1.9, Avg: 2.0, Max: 2.0, Diff: 0.1, Sum: 11.8]
      [GC Worker End (ms): Min: 224852.2, Avg: 224852.3, Max: 224852.3, Diff: 0.1]
   [Code Root Fixup: 0.0 ms]
   [Code Root Purge: 0.0 ms]
   [Clear CT: 0.5 ms]
   [Other: 1.0 ms]
      [Choose CSet: 0.0 ms]
      [Ref Proc: 0.1 ms]
      [Ref Enq: 0.0 ms]
      [Redirty Cards: 0.1 ms]
      [Humongous Register: 0.0 ms]
      [Humongous Reclaim: 0.0 ms]
      [Free CSet: 0.6 ms]
   [Eden: 2446.0M(2446.0M)->0.0B(2444.0M) Survivors: 10240.0K->12288.0K Heap: 2474.0M(4096.0M)->29801.7K(4096.0M)]
 [Times: user=0.00 sys=0.00, real=0.00 secs] 
2024-10-12T18:56:14.559+0300: 224.854: Total time for which application threads were stopped: 0.0039566 seconds, Stopping threads took: 0.0001619 seconds
2024-10-12T18:56:15.344+0300: 225.637: Application time: 0.7829759 seconds
2024-10-12T18:56:15.344+0300: 225.637: [GC pause (G1 Evacuation Pause) (young), 0.0040749 secs]
   [Parallel Time: 2.3 ms, GC Workers: 6]
      [GC Worker Start (ms): Min: 225637.3, Avg: 225637.3, Max: 225637.3, Diff: 0.0]
      [Ext Root Scanning (ms): Min: 0.3, Avg: 0.3, Max: 0.3, Diff: 0.1, Sum: 1.9]
      [Update RS (ms): Min: 0.1, Avg: 0.1, Max: 0.1, Diff: 0.1, Sum: 0.6]
         [Processed Buffers: Min: 1, Avg: 2.2, Max: 4, Diff: 3, Sum: 13]
      [Scan RS (ms): Min: 0.1, Avg: 0.2, Max: 0.2, Diff: 0.0, Sum: 1.0]
      [Code Root Scanning (ms): Min: 0.0, Avg: 0.0, Max: 0.0, Diff: 0.0, Sum: 0.0]
      [Object Copy (ms): Min: 1.4, Avg: 1.5, Max: 1.5, Diff: 0.1, Sum: 8.8]
      [Termination (ms): Min: 0.0, Avg: 0.0, Max: 0.0, Diff: 0.0, Sum: 0.0]
         [Termination Attempts: Min: 1, Avg: 1.0, Max: 1, Diff: 0, Sum: 6]
      [GC Worker Other (ms): Min: 0.0, Avg: 0.1, Max: 0.1, Diff: 0.1, Sum: 0.5]
      [GC Worker Total (ms): Min: 2.1, Avg: 2.1, Max: 2.2, Diff: 0.1, Sum: 12.8]
      [GC Worker End (ms): Min: 225639.4, Avg: 225639.4, Max: 225639.5, Diff: 0.1]
   [Code Root Fixup: 0.0 ms]
   [Code Root Purge: 0.0 ms]
   [Clear CT: 0.6 ms]
   [Other: 1.2 ms]
      [Choose CSet: 0.0 ms]
      [Ref Proc: 0.1 ms]
      [Ref Enq: 0.0 ms]
      [Redirty Cards: 0.1 ms]
      [Humongous Register: 0.1 ms]
      [Humongous Reclaim: 0.0 ms]
      [Free CSet: 0.8 ms]
   [Eden: 2444.0M(2444.0M)->0.0B(2444.0M) Survivors: 12288.0K->12288.0K Heap: 2473.1M(4096.0M)->30828.2K(4096.0M)]
 [Times: user=0.02 sys=0.00, real=0.02 secs] 
2024-10-12T18:56:15.360+0300: 225.641: Total time for which application threads were stopped: 0.0045060 seconds, Stopping threads took: 0.0001428 seconds
2024-10-12T18:56:16.129+0300: 226.423: Application time: 0.7811437 seconds
2024-10-12T18:56:16.129+0300: 226.423: [GC pause (G1 Evacuation Pause) (young), 0.0033847 secs]
   [Parallel Time: 1.7 ms, GC Workers: 6]
      [GC Worker Start (ms): Min: 226423.0, Avg: 226423.0, Max: 226423.0, Diff: 0.0]
      [Ext Root Scanning (ms): Min: 0.3, Avg: 0.3, Max: 0.3, Diff: 0.0, Sum: 1.9]
      [Update RS (ms): Min: 0.0, Avg: 0.1, Max: 0.1, Diff: 0.1, Sum: 0.6]
         [Processed Buffers: Min: 0, Avg: 2.2, Max: 3, Diff: 3, Sum: 13]
      [Scan RS (ms): Min: 0.2, Avg: 0.2, Max: 0.3, Diff: 0.1, Sum: 1.3]
      [Code Root Scanning (ms): Min: 0.0, Avg: 0.0, Max: 0.0, Diff: 0.0, Sum: 0.1]
      [Object Copy (ms): Min: 0.7, Avg: 0.8, Max: 0.8, Diff: 0.1, Sum: 4.7]
      [Termination (ms): Min: 0.0, Avg: 0.0, Max: 0.0, Diff: 0.0, Sum: 0.0]
         [Termination Attempts: Min: 1, Avg: 1.0, Max: 1, Diff: 0, Sum: 6]
      [GC Worker Other (ms): Min: 0.0, Avg: 0.1, Max: 0.2, Diff: 0.1, Sum: 0.6]
      [GC Worker Total (ms): Min: 1.4, Avg: 1.5, Max: 1.6, Diff: 0.1, Sum: 9.1]
      [GC Worker End (ms): Min: 226424.4, Avg: 226424.5, Max: 226424.6, Diff: 0.1]
   [Code Root Fixup: 0.0 ms]
   [Code Root Purge: 0.0 ms]
   [Clear CT: 0.5 ms]
   [Other: 1.2 ms]
      [Choose CSet: 0.0 ms]
      [Ref Proc: 0.1 ms]
      [Ref Enq: 0.0 ms]
      [Redirty Cards: 0.1 ms]
      [Humongous Register: 0.1 ms]
      [Humongous Reclaim: 0.0 ms]
      [Free CSet: 0.7 ms]
   [Eden: 2444.0M(2444.0M)->0.0B(2448.0M) Survivors: 12288.0K->8192.0K Heap: 2474.1M(4096.0M)->26734.7K(4096.0M)]
 [Times: user=0.02 sys=0.00, real=0.02 secs] 
2024-10-12T18:56:16.144+0300: 226.426: Total time for which application threads were stopped: 0.0038431 seconds, Stopping threads took: 0.0002277 seconds
2024-10-12T18:56:16.923+0300: 227.203: Application time: 0.7770278 seconds
2024-10-12T18:56:16.923+0300: 227.204: [GC pause (G1 Evacuation Pause) (young), 0.0034552 secs]
   [Parallel Time: 1.7 ms, GC Workers: 6]
      [GC Worker Start (ms): Min: 227203.8, Avg: 227203.9, Max: 227203.9, Diff: 0.1]
      [Ext Root Scanning (ms): Min: 0.3, Avg: 0.3, Max: 0.4, Diff: 0.1, Sum: 2.0]
      [Update RS (ms): Min: 0.1, Avg: 0.1, Max: 0.1, Diff: 0.1, Sum: 0.6]
         [Processed Buffers: Min: 1, Avg: 2.2, Max: 4, Diff: 3, Sum: 13]
      [Scan RS (ms): Min: 0.1, Avg: 0.2, Max: 0.2, Diff: 0.1, Sum: 1.0]
      [Code Root Scanning (ms): Min: 0.0, Avg: 0.0, Max: 0.0, Diff: 0.0, Sum: 0.0]
      [Object Copy (ms): Min: 0.8, Avg: 0.8, Max: 0.8, Diff: 0.1, Sum: 4.8]
      [Termination (ms): Min: 0.0, Avg: 0.0, Max: 0.0, Diff: 0.0, Sum: 0.0]
         [Termination Attempts: Min: 1, Avg: 1.0, Max: 1, Diff: 0, Sum: 6]
      [GC Worker Other (ms): Min: 0.0, Avg: 0.1, Max: 0.2, Diff: 0.1, Sum: 0.6]
      [GC Worker Total (ms): Min: 1.4, Avg: 1.5, Max: 1.5, Diff: 0.1, Sum: 9.0]
      [GC Worker End (ms): Min: 227205.3, Avg: 227205.4, Max: 227205.4, Diff: 0.1]
   [Code Root Fixup: 0.0 ms]
   [Code Root Purge: 0.0 ms]
   [Clear CT: 0.5 ms]
   [Other: 1.3 ms]
      [Choose CSet: 0.0 ms]
      [Ref Proc: 0.2 ms]
      [Ref Enq: 0.0 ms]
      [Redirty Cards: 0.1 ms]
      [Humongous Register: 0.1 ms]
      [Humongous Reclaim: 0.0 ms]
      [Free CSet: 0.7 ms]
   [Eden: 2448.0M(2448.0M)->0.0B(2448.0M) Survivors: 8192.0K->8192.0K Heap: 2474.1M(4096.0M)->25680.1K(4096.0M)]
 [Times: user=0.00 sys=0.00, real=0.00 secs] 
2024-10-12T18:56:16.923+0300: 227.207: Total time for which application threads were stopped: 0.0039058 seconds, Stopping threads took: 0.0001902 seconds
2024-10-12T18:56:17.698+0300: 227.982: Application time: 0.7747924 seconds
2024-10-12T18:56:17.698+0300: 227.982: [GC pause (G1 Evacuation Pause) (young), 0.0032153 secs]
   [Parallel Time: 1.6 ms, GC Workers: 6]
      [GC Worker Start (ms): Min: 227982.6, Avg: 227982.6, Max: 227982.6, Diff: 0.1]
      [Ext Root Scanning (ms): Min: 0.3, Avg: 0.3, Max: 0.4, Diff: 0.1, Sum: 1.9]
      [Update RS (ms): Min: 0.1, Avg: 0.1, Max: 0.1, Diff: 0.0, Sum: 0.6]
         [Processed Buffers: Min: 1, Avg: 2.2, Max: 3, Diff: 2, Sum: 13]
      [Scan RS (ms): Min: 0.2, Avg: 0.2, Max: 0.2, Diff: 0.0, Sum: 1.0]
      [Code Root Scanning (ms): Min: 0.0, Avg: 0.0, Max: 0.0, Diff: 0.0, Sum: 0.0]
      [Object Copy (ms): Min: 0.7, Avg: 0.8, Max: 0.8, Diff: 0.1, Sum: 4.6]
      [Termination (ms): Min: 0.0, Avg: 0.0, Max: 0.0, Diff: 0.0, Sum: 0.0]
         [Termination Attempts: Min: 1, Avg: 1.7, Max: 3, Diff: 2, Sum: 10]
      [GC Worker Other (ms): Min: 0.0, Avg: 0.1, Max: 0.1, Diff: 0.1, Sum: 0.5]
      [GC Worker Total (ms): Min: 1.4, Avg: 1.5, Max: 1.5, Diff: 0.1, Sum: 8.7]
      [GC Worker End (ms): Min: 227984.0, Avg: 227984.0, Max: 227984.1, Diff: 0.1]
   [Code Root Fixup: 0.0 ms]
   [Code Root Purge: 0.0 ms]
   [Clear CT: 0.5 ms]
   [Other: 1.1 ms]
      [Choose CSet: 0.0 ms]
      [Ref Proc: 0.1 ms]
      [Ref Enq: 0.0 ms]
      [Redirty Cards: 0.1 ms]
      [Humongous Register: 0.1 ms]
      [Humongous Reclaim: 0.0 ms]
      [Free CSet: 0.6 ms]
   [Eden: 2448.0M(2448.0M)->0.0B(2448.0M) Survivors: 8192.0K->8192.0K Heap: 2473.1M(4096.0M)->26603.3K(4096.0M)]
 [Times: user=0.00 sys=0.00, real=0.00 secs] 
2024-10-12T18:56:17.698+0300: 227.986: Total time for which application threads were stopped: 0.0036925 seconds, Stopping threads took: 0.0002549 seconds
2024-10-12T18:56:18.483+0300: 228.769: Application time: 0.7832811 seconds
2024-10-12T18:56:18.483+0300: 228.769: [GC pause (G1 Evacuation Pause) (young), 0.0030665 secs]
   [Parallel Time: 1.6 ms, GC Workers: 6]
      [GC Worker Start (ms): Min: 228769.4, Avg: 228769.5, Max: 228769.5, Diff: 0.0]
      [Ext Root Scanning (ms): Min: 0.3, Avg: 0.3, Max: 0.4, Diff: 0.1, Sum: 2.0]
      [Update RS (ms): Min: 0.1, Avg: 0.1, Max: 0.1, Diff: 0.0, Sum: 0.6]
         [Processed Buffers: Min: 1, Avg: 2.2, Max: 3, Diff: 2, Sum: 13]
      [Scan RS (ms): Min: 0.1, Avg: 0.2, Max: 0.2, Diff: 0.1, Sum: 1.0]
      [Code Root Scanning (ms): Min: 0.0, Avg: 0.0, Max: 0.0, Diff: 0.0, Sum: 0.0]
      [Object Copy (ms): Min: 0.8, Avg: 0.8, Max: 0.8, Diff: 0.0, Sum: 4.7]
      [Termination (ms): Min: 0.0, Avg: 0.0, Max: 0.0, Diff: 0.0, Sum: 0.0]
         [Termination Attempts: Min: 1, Avg: 1.8, Max: 3, Diff: 2, Sum: 11]
      [GC Worker Other (ms): Min: 0.0, Avg: 0.1, Max: 0.1, Diff: 0.1, Sum: 0.5]
      [GC Worker Total (ms): Min: 1.4, Avg: 1.4, Max: 1.5, Diff: 0.1, Sum: 8.7]
      [GC Worker End (ms): Min: 228770.9, Avg: 228770.9, Max: 228770.9, Diff: 0.1]
   [Code Root Fixup: 0.0 ms]
   [Code Root Purge: 0.0 ms]
   [Clear CT: 0.5 ms]
   [Other: 1.0 ms]
      [Choose CSet: 0.0 ms]
      [Ref Proc: 0.1 ms]
      [Ref Enq: 0.0 ms]
      [Redirty Cards: 0.1 ms]
      [Humongous Register: 0.0 ms]
      [Humongous Reclaim: 0.0 ms]
      [Free CSet: 0.6 ms]
   [Eden: 2448.0M(2448.0M)->0.0B(2446.0M) Survivors: 8192.0K->10240.0K Heap: 2474.0M(4096.0M)->27684.2K(4096.0M)]
 [Times: user=0.00 sys=0.00, real=0.00 secs] 
2024-10-12T18:56:18.483+0300: 228.773: Total time for which application threads were stopped: 0.0034773 seconds, Stopping threads took: 0.0001512 seconds
2024-10-12T18:56:19.268+0300: 229.550: Application time: 0.7775955 seconds
2024-10-12T18:56:19.268+0300: 229.550: [GC pause (G1 Evacuation Pause) (young), 0.0032945 secs]
   [Parallel Time: 1.7 ms, GC Workers: 6]
      [GC Worker Start (ms): Min: 229550.5, Avg: 229550.5, Max: 229550.6, Diff: 0.0]
      [Ext Root Scanning (ms): Min: 0.3, Avg: 0.3, Max: 0.4, Diff: 0.0, Sum: 1.9]
      [Update RS (ms): Min: 0.1, Avg: 0.1, Max: 0.1, Diff: 0.0, Sum: 0.6]
         [Processed Buffers: Min: 1, Avg: 2.2, Max: 4, Diff: 3, Sum: 13]
      [Scan RS (ms): Min: 0.1, Avg: 0.2, Max: 0.2, Diff: 0.1, Sum: 1.0]
      [Code Root Scanning (ms): Min: 0.0, Avg: 0.0, Max: 0.0, Diff: 0.0, Sum: 0.0]
      [Object Copy (ms): Min: 0.8, Avg: 0.8, Max: 0.8, Diff: 0.0, Sum: 4.8]
      [Termination (ms): Min: 0.0, Avg: 0.0, Max: 0.0, Diff: 0.0, Sum: 0.0]
         [Termination Attempts: Min: 1, Avg: 2.0, Max: 3, Diff: 2, Sum: 12]
      [GC Worker Other (ms): Min: 0.0, Avg: 0.1, Max: 0.2, Diff: 0.1, Sum: 0.6]
      [GC Worker Total (ms): Min: 1.4, Avg: 1.5, Max: 1.6, Diff: 0.2, Sum: 9.0]
      [GC Worker End (ms): Min: 229552.0, Avg: 229552.0, Max: 229552.1, Diff: 0.1]
   [Code Root Fixup: 0.0 ms]
   [Code Root Purge: 0.0 ms]
   [Clear CT: 0.5 ms]
   [Other: 1.1 ms]
      [Choose CSet: 0.0 ms]
      [Ref Proc: 0.1 ms]
      [Ref Enq: 0.0 ms]
      [Redirty Cards: 0.1 ms]
      [Humongous Register: 0.0 ms]
      [Humongous Reclaim: 0.0 ms]
      [Free CSet: 0.7 ms]
   [Eden: 2446.0M(2446.0M)->0.0B(2448.0M) Survivors: 10240.0K->8192.0K Heap: 2473.0M(4096.0M)->26583.6K(4096.0M)]
 [Times: user=0.00 sys=0.00, real=0.00 secs] 
2024-10-12T18:56:19.268+0300: 229.554: Total time for which application threads were stopped: 0.0036931 seconds, Stopping threads took: 0.0001217 seconds
2024-10-12T18:56:20.038+0300: 230.332: Application time: 0.7785132 seconds
2024-10-12T18:56:20.038+0300: 230.333: [GC pause (G1 Evacuation Pause) (young), 0.0034729 secs]
   [Parallel Time: 1.7 ms, GC Workers: 6]
      [GC Worker Start (ms): Min: 230332.8, Avg: 230332.8, Max: 230332.8, Diff: 0.0]
      [Ext Root Scanning (ms): Min: 0.3, Avg: 0.4, Max: 0.4, Diff: 0.1, Sum: 2.1]
      [Update RS (ms): Min: 0.0, Avg: 0.1, Max: 0.1, Diff: 0.1, Sum: 0.6]
         [Processed Buffers: Min: 0, Avg: 2.2, Max: 3, Diff: 3, Sum: 13]
      [Scan RS (ms): Min: 0.2, Avg: 0.2, Max: 0.2, Diff: 0.0, Sum: 1.0]
      [Code Root Scanning (ms): Min: 0.0, Avg: 0.0, Max: 0.0, Diff: 0.0, Sum: 0.0]
      [Object Copy (ms): Min: 0.8, Avg: 0.8, Max: 0.9, Diff: 0.1, Sum: 4.9]
      [Termination (ms): Min: 0.0, Avg: 0.0, Max: 0.0, Diff: 0.0, Sum: 0.0]
         [Termination Attempts: Min: 1, Avg: 1.0, Max: 1, Diff: 0, Sum: 6]
      [GC Worker Other (ms): Min: 0.0, Avg: 0.1, Max: 0.2, Diff: 0.1, Sum: 0.6]
      [GC Worker Total (ms): Min: 1.5, Avg: 1.6, Max: 1.6, Diff: 0.2, Sum: 9.3]
      [GC Worker End (ms): Min: 230334.3, Avg: 230334.4, Max: 230334.4, Diff: 0.1]
   [Code Root Fixup: 0.0 ms]
   [Code Root Purge: 0.0 ms]
   [Clear CT: 0.5 ms]
   [Other: 1.2 ms]
      [Choose CSet: 0.0 ms]
      [Ref Proc: 0.2 ms]
      [Ref Enq: 0.0 ms]
      [Redirty Cards: 0.1 ms]
      [Humongous Register: 0.1 ms]
      [Humongous Reclaim: 0.0 ms]
      [Free CSet: 0.7 ms]
   [Eden: 2448.0M(2448.0M)->0.0B(2446.0M) Survivors: 8192.0K->10240.0K Heap: 2474.0M(4096.0M)->27710.8K(4096.0M)]
 [Times: user=0.02 sys=0.00, real=0.02 secs] 
2024-10-12T18:56:20.054+0300: 230.336: Total time for which application threads were stopped: 0.0039025 seconds, Stopping threads took: 0.0001811 seconds
2024-10-12T18:56:20.823+0300: 231.104: Application time: 0.7678381 seconds
2024-10-12T18:56:20.823+0300: 231.104: [GC pause (G1 Evacuation Pause) (young), 0.0029767 secs]
   [Parallel Time: 1.5 ms, GC Workers: 6]
      [GC Worker Start (ms): Min: 231104.4, Avg: 231104.5, Max: 231104.5, Diff: 0.0]
      [Ext Root Scanning (ms): Min: 0.3, Avg: 0.3, Max: 0.3, Diff: 0.1, Sum: 1.9]
      [Update RS (ms): Min: 0.1, Avg: 0.1, Max: 0.1, Diff: 0.1, Sum: 0.6]
         [Processed Buffers: Min: 1, Avg: 2.2, Max: 3, Diff: 2, Sum: 13]
      [Scan RS (ms): Min: 0.2, Avg: 0.2, Max: 0.2, Diff: 0.0, Sum: 1.1]
      [Code Root Scanning (ms): Min: 0.0, Avg: 0.0, Max: 0.0, Diff: 0.0, Sum: 0.0]
      [Object Copy (ms): Min: 0.7, Avg: 0.7, Max: 0.7, Diff: 0.0, Sum: 4.2]
      [Termination (ms): Min: 0.0, Avg: 0.0, Max: 0.0, Diff: 0.0, Sum: 0.0]
         [Termination Attempts: Min: 1, Avg: 1.0, Max: 1, Diff: 0, Sum: 6]
      [GC Worker Other (ms): Min: 0.0, Avg: 0.1, Max: 0.1, Diff: 0.1, Sum: 0.5]
      [GC Worker Total (ms): Min: 1.3, Avg: 1.4, Max: 1.4, Diff: 0.1, Sum: 8.3]
      [GC Worker End (ms): Min: 231105.8, Avg: 231105.8, Max: 231105.9, Diff: 0.1]
   [Code Root Fixup: 0.0 ms]
   [Code Root Purge: 0.0 ms]
   [Clear CT: 0.5 ms]
   [Other: 1.0 ms]
      [Choose CSet: 0.0 ms]
      [Ref Proc: 0.1 ms]
      [Ref Enq: 0.0 ms]
      [Redirty Cards: 0.1 ms]
      [Humongous Register: 0.0 ms]
      [Humongous Reclaim: 0.0 ms]
      [Free CSet: 0.6 ms]
   [Eden: 2446.0M(2446.0M)->0.0B(2448.0M) Survivors: 10240.0K->8192.0K Heap: 2473.1M(4096.0M)->26687.1K(4096.0M)]
 [Times: user=0.00 sys=0.00, real=0.00 secs] 
2024-10-12T18:56:20.823+0300: 231.107: Total time for which application threads were stopped: 0.0033684 seconds, Stopping threads took: 0.0001668 seconds
2024-10-12T18:56:21.609+0300: 231.889: Application time: 0.7812145 seconds
2024-10-12T18:56:21.609+0300: 231.889: [GC pause (G1 Evacuation Pause) (young), 0.0032177 secs]
   [Parallel Time: 1.7 ms, GC Workers: 6]
      [GC Worker Start (ms): Min: 231889.0, Avg: 231889.0, Max: 231889.1, Diff: 0.1]
      [Ext Root Scanning (ms): Min: 0.3, Avg: 0.3, Max: 0.3, Diff: 0.1, Sum: 1.9]
      [Update RS (ms): Min: 0.0, Avg: 0.1, Max: 0.1, Diff: 0.1, Sum: 0.6]
         [Processed Buffers: Min: 0, Avg: 2.2, Max: 4, Diff: 4, Sum: 13]
      [Scan RS (ms): Min: 0.0, Avg: 0.2, Max: 0.2, Diff: 0.2, Sum: 1.0]
      [Code Root Scanning (ms): Min: 0.0, Avg: 0.0, Max: 0.0, Diff: 0.0, Sum: 0.0]
      [Object Copy (ms): Min: 0.8, Avg: 0.9, Max: 1.1, Diff: 0.3, Sum: 5.2]
      [Termination (ms): Min: 0.0, Avg: 0.0, Max: 0.0, Diff: 0.0, Sum: 0.0]
         [Termination Attempts: Min: 1, Avg: 1.0, Max: 1, Diff: 0, Sum: 6]
      [GC Worker Other (ms): Min: 0.1, Avg: 0.1, Max: 0.1, Diff: 0.1, Sum: 0.7]
      [GC Worker Total (ms): Min: 1.5, Avg: 1.5, Max: 1.6, Diff: 0.1, Sum: 9.3]
      [GC Worker End (ms): Min: 231890.5, Avg: 231890.6, Max: 231890.6, Diff: 0.1]
   [Code Root Fixup: 0.0 ms]
   [Code Root Purge: 0.0 ms]
   [Clear CT: 0.5 ms]
   [Other: 1.0 ms]
      [Choose CSet: 0.0 ms]
      [Ref Proc: 0.1 ms]
      [Ref Enq: 0.0 ms]
      [Redirty Cards: 0.1 ms]
      [Humongous Register: 0.0 ms]
      [Humongous Reclaim: 0.0 ms]
      [Free CSet: 0.7 ms]
   [Eden: 2448.0M(2448.0M)->0.0B(2444.0M) Survivors: 8192.0K->12288.0K Heap: 2474.1M(4096.0M)->29740.3K(4096.0M)]
 [Times: user=0.00 sys=0.00, real=0.00 secs] 
2024-10-12T18:56:21.609+0300: 231.892: Total time for which application threads were stopped: 0.0035672 seconds, Stopping threads took: 0.0001336 seconds
2024-10-12T18:56:22.377+0300: 232.669: Application time: 0.7766381 seconds
2024-10-12T18:56:22.377+0300: 232.669: [GC pause (G1 Evacuation Pause) (young), 0.0032599 secs]
   [Parallel Time: 1.7 ms, GC Workers: 6]
      [GC Worker Start (ms): Min: 232669.3, Avg: 232669.3, Max: 232669.3, Diff: 0.1]
      [Ext Root Scanning (ms): Min: 0.3, Avg: 0.3, Max: 0.4, Diff: 0.1, Sum: 2.0]
      [Update RS (ms): Min: 0.1, Avg: 0.1, Max: 0.1, Diff: 0.1, Sum: 0.6]
         [Processed Buffers: Min: 1, Avg: 2.2, Max: 3, Diff: 2, Sum: 13]
      [Scan RS (ms): Min: 0.1, Avg: 0.2, Max: 0.2, Diff: 0.1, Sum: 1.1]
      [Code Root Scanning (ms): Min: 0.0, Avg: 0.0, Max: 0.0, Diff: 0.0, Sum: 0.0]
      [Object Copy (ms): Min: 0.8, Avg: 0.8, Max: 0.9, Diff: 0.0, Sum: 5.1]
      [Termination (ms): Min: 0.0, Avg: 0.0, Max: 0.0, Diff: 0.0, Sum: 0.0]
         [Termination Attempts: Min: 1, Avg: 1.0, Max: 1, Diff: 0, Sum: 6]
      [GC Worker Other (ms): Min: 0.0, Avg: 0.1, Max: 0.1, Diff: 0.1, Sum: 0.5]
      [GC Worker Total (ms): Min: 1.5, Avg: 1.6, Max: 1.6, Diff: 0.1, Sum: 9.3]
      [GC Worker End (ms): Min: 232670.8, Avg: 232670.8, Max: 232670.9, Diff: 0.1]
   [Code Root Fixup: 0.0 ms]
   [Code Root Purge: 0.0 ms]
   [Clear CT: 0.5 ms]
   [Other: 1.1 ms]
      [Choose CSet: 0.0 ms]
      [Ref Proc: 0.1 ms]
      [Ref Enq: 0.0 ms]
      [Redirty Cards: 0.1 ms]
      [Humongous Register: 0.0 ms]
      [Humongous Reclaim: 0.0 ms]
      [Free CSet: 0.7 ms]
   [Eden: 2444.0M(2444.0M)->0.0B(2446.0M) Survivors: 12288.0K->10240.0K Heap: 2473.0M(4096.0M)->28802.7K(4096.0M)]
 [Times: user=0.00 sys=0.00, real=0.02 secs] 
2024-10-12T18:56:22.393+0300: 232.673: Total time for which application threads were stopped: 0.0036709 seconds, Stopping threads took: 0.0001867 seconds
2024-10-12T18:56:23.163+0300: 233.454: Application time: 0.7811181 seconds
2024-10-12T18:56:23.163+0300: 233.454: [GC pause (G1 Evacuation Pause) (young), 0.0034663 secs]
   [Parallel Time: 1.7 ms, GC Workers: 6]
      [GC Worker Start (ms): Min: 233454.3, Avg: 233454.3, Max: 233454.3, Diff: 0.0]
      [Ext Root Scanning (ms): Min: 0.3, Avg: 0.3, Max: 0.4, Diff: 0.0, Sum: 2.0]
      [Update RS (ms): Min: 0.1, Avg: 0.1, Max: 0.1, Diff: 0.1, Sum: 0.6]
         [Processed Buffers: Min: 1, Avg: 2.2, Max: 3, Diff: 2, Sum: 13]
      [Scan RS (ms): Min: 0.1, Avg: 0.2, Max: 0.2, Diff: 0.1, Sum: 1.0]
      [Code Root Scanning (ms): Min: 0.0, Avg: 0.0, Max: 0.0, Diff: 0.0, Sum: 0.0]
      [Object Copy (ms): Min: 0.7, Avg: 0.8, Max: 0.8, Diff: 0.0, Sum: 4.6]
      [Termination (ms): Min: 0.0, Avg: 0.0, Max: 0.0, Diff: 0.0, Sum: 0.0]
         [Termination Attempts: Min: 1, Avg: 1.8, Max: 4, Diff: 3, Sum: 11]
      [GC Worker Other (ms): Min: 0.0, Avg: 0.1, Max: 0.2, Diff: 0.1, Sum: 0.7]
      [GC Worker Total (ms): Min: 1.4, Avg: 1.5, Max: 1.6, Diff: 0.2, Sum: 8.9]
      [GC Worker End (ms): Min: 233455.7, Avg: 233455.8, Max: 233455.8, Diff: 0.1]
   [Code Root Fixup: 0.0 ms]
   [Code Root Purge: 0.0 ms]
   [Clear CT: 0.5 ms]
   [Other: 1.2 ms]
      [Choose CSet: 0.0 ms]
      [Ref Proc: 0.2 ms]
      [Ref Enq: 0.0 ms]
      [Redirty Cards: 0.1 ms]
      [Humongous Register: 0.1 ms]
      [Humongous Reclaim: 0.0 ms]
      [Free CSet: 0.6 ms]
   [Eden: 2446.0M(2446.0M)->0.0B(2448.0M) Survivors: 10240.0K->8192.0K Heap: 2474.1M(4096.0M)->25733.2K(4096.0M)]
 [Times: user=0.02 sys=0.00, real=0.01 secs] 
2024-10-12T18:56:23.178+0300: 233.458: Total time for which application threads were stopped: 0.0040636 seconds, Stopping threads took: 0.0003147 seconds
2024-10-12T18:56:23.948+0300: 234.238: Application time: 0.7799877 seconds
2024-10-12T18:56:23.948+0300: 234.238: [GC pause (G1 Evacuation Pause) (young), 0.0035088 secs]
   [Parallel Time: 1.6 ms, GC Workers: 6]
      [GC Worker Start (ms): Min: 234238.2, Avg: 234238.3, Max: 234238.3, Diff: 0.0]
      [Ext Root Scanning (ms): Min: 0.3, Avg: 0.3, Max: 0.3, Diff: 0.0, Sum: 1.9]
      [Update RS (ms): Min: 0.1, Avg: 0.1, Max: 0.1, Diff: 0.0, Sum: 0.6]
         [Processed Buffers: Min: 1, Avg: 2.2, Max: 3, Diff: 2, Sum: 13]
      [Scan RS (ms): Min: 0.1, Avg: 0.2, Max: 0.2, Diff: 0.0, Sum: 1.0]
      [Code Root Scanning (ms): Min: 0.0, Avg: 0.0, Max: 0.0, Diff: 0.0, Sum: 0.0]
      [Object Copy (ms): Min: 0.7, Avg: 0.8, Max: 0.8, Diff: 0.0, Sum: 4.5]
      [Termination (ms): Min: 0.0, Avg: 0.0, Max: 0.0, Diff: 0.0, Sum: 0.0]
         [Termination Attempts: Min: 1, Avg: 1.8, Max: 3, Diff: 2, Sum: 11]
      [GC Worker Other (ms): Min: 0.1, Avg: 0.1, Max: 0.2, Diff: 0.1, Sum: 0.8]
      [GC Worker Total (ms): Min: 1.4, Avg: 1.5, Max: 1.5, Diff: 0.1, Sum: 8.8]
      [GC Worker End (ms): Min: 234239.7, Avg: 234239.7, Max: 234239.8, Diff: 0.1]
   [Code Root Fixup: 0.0 ms]
   [Code Root Purge: 0.0 ms]
   [Clear CT: 0.5 ms]
   [Other: 1.3 ms]
      [Choose CSet: 0.0 ms]
      [Ref Proc: 0.1 ms]
      [Ref Enq: 0.0 ms]
      [Redirty Cards: 0.1 ms]
      [Humongous Register: 0.1 ms]
      [Humongous Reclaim: 0.0 ms]
      [Free CSet: 0.9 ms]
   [Eden: 2448.0M(2448.0M)->0.0B(2448.0M) Survivors: 8192.0K->8192.0K Heap: 2473.1M(4096.0M)->25676.8K(4096.0M)]
 [Times: user=0.00 sys=0.00, real=0.00 secs] 
2024-10-12T18:56:23.948+0300: 234.242: Total time for which application threads were stopped: 0.0039888 seconds, Stopping threads took: 0.0002444 seconds
2024-10-12T18:56:24.733+0300: 235.019: Application time: 0.7771971 seconds
2024-10-12T18:56:24.733+0300: 235.019: [GC pause (G1 Evacuation Pause) (young), 0.0040303 secs]
   [Parallel Time: 2.2 ms, GC Workers: 6]
      [GC Worker Start (ms): Min: 235019.4, Avg: 235019.4, Max: 235019.5, Diff: 0.1]
      [Ext Root Scanning (ms): Min: 0.3, Avg: 0.4, Max: 0.4, Diff: 0.1, Sum: 2.1]
      [Update RS (ms): Min: 0.1, Avg: 0.1, Max: 0.2, Diff: 0.1, Sum: 0.6]
         [Processed Buffers: Min: 1, Avg: 2.2, Max: 3, Diff: 2, Sum: 13]
      [Scan RS (ms): Min: 0.1, Avg: 0.2, Max: 0.2, Diff: 0.0, Sum: 1.1]
      [Code Root Scanning (ms): Min: 0.0, Avg: 0.0, Max: 0.0, Diff: 0.0, Sum: 0.0]
      [Object Copy (ms): Min: 1.3, Avg: 1.3, Max: 1.3, Diff: 0.0, Sum: 7.8]
      [Termination (ms): Min: 0.0, Avg: 0.0, Max: 0.0, Diff: 0.0, Sum: 0.0]
         [Termination Attempts: Min: 1, Avg: 1.0, Max: 1, Diff: 0, Sum: 6]
      [GC Worker Other (ms): Min: 0.0, Avg: 0.1, Max: 0.1, Diff: 0.1, Sum: 0.5]
      [GC Worker Total (ms): Min: 1.9, Avg: 2.0, Max: 2.1, Diff: 0.2, Sum: 12.2]
      [GC Worker End (ms): Min: 235021.4, Avg: 235021.5, Max: 235021.5, Diff: 0.1]
   [Code Root Fixup: 0.0 ms]
   [Code Root Purge: 0.0 ms]
   [Clear CT: 0.5 ms]
   [Other: 1.3 ms]
      [Choose CSet: 0.0 ms]
      [Ref Proc: 0.1 ms]
      [Ref Enq: 0.0 ms]
      [Redirty Cards: 0.1 ms]
      [Humongous Register: 0.1 ms]
      [Humongous Reclaim: 0.0 ms]
      [Free CSet: 0.9 ms]
   [Eden: 2448.0M(2448.0M)->0.0B(2444.0M) Survivors: 8192.0K->12288.0K Heap: 2473.1M(4096.0M)->30697.2K(4096.0M)]
 [Times: user=0.02 sys=0.00, real=0.01 secs] 
2024-10-12T18:56:24.743+0300: 235.023: Total time for which application threads were stopped: 0.0045104 seconds, Stopping threads took: 0.0002246 seconds
2024-10-12T18:56:25.518+0300: 235.807: Application time: 0.7837985 seconds
2024-10-12T18:56:25.518+0300: 235.808: [GC pause (G1 Evacuation Pause) (young), 0.0032595 secs]
   [Parallel Time: 1.6 ms, GC Workers: 6]
      [GC Worker Start (ms): Min: 235807.6, Avg: 235807.7, Max: 235807.7, Diff: 0.1]
      [Ext Root Scanning (ms): Min: 0.3, Avg: 0.4, Max: 0.4, Diff: 0.1, Sum: 2.1]
      [Update RS (ms): Min: 0.1, Avg: 0.1, Max: 0.1, Diff: 0.1, Sum: 0.6]
         [Processed Buffers: Min: 1, Avg: 2.2, Max: 3, Diff: 2, Sum: 13]
      [Scan RS (ms): Min: 0.2, Avg: 0.2, Max: 0.2, Diff: 0.0, Sum: 1.0]
      [Code Root Scanning (ms): Min: 0.0, Avg: 0.0, Max: 0.0, Diff: 0.0, Sum: 0.0]
      [Object Copy (ms): Min: 0.7, Avg: 0.7, Max: 0.8, Diff: 0.0, Sum: 4.4]
      [Termination (ms): Min: 0.0, Avg: 0.0, Max: 0.0, Diff: 0.0, Sum: 0.0]
         [Termination Attempts: Min: 1, Avg: 1.0, Max: 1, Diff: 0, Sum: 6]
      [GC Worker Other (ms): Min: 0.0, Avg: 0.1, Max: 0.1, Diff: 0.1, Sum: 0.5]
      [GC Worker Total (ms): Min: 1.4, Avg: 1.4, Max: 1.5, Diff: 0.1, Sum: 8.7]
      [GC Worker End (ms): Min: 235809.1, Avg: 235809.1, Max: 235809.2, Diff: 0.1]
   [Code Root Fixup: 0.0 ms]
   [Code Root Purge: 0.0 ms]
   [Clear CT: 0.5 ms]
   [Other: 1.2 ms]
      [Choose CSet: 0.0 ms]
      [Ref Proc: 0.1 ms]
      [Ref Enq: 0.0 ms]
      [Redirty Cards: 0.1 ms]
      [Humongous Register: 0.1 ms]
      [Humongous Reclaim: 0.0 ms]
      [Free CSet: 0.7 ms]
   [Eden: 2444.0M(2444.0M)->0.0B(2448.0M) Survivors: 12288.0K->8192.0K Heap: 2474.0M(4096.0M)->25740.7K(4096.0M)]
 [Times: user=0.00 sys=0.00, real=0.00 secs] 
2024-10-12T18:56:25.518+0300: 235.811: Total time for which application threads were stopped: 0.0036407 seconds, Stopping threads took: 0.0001512 seconds
2024-10-12T18:56:26.304+0300: 236.593: Application time: 0.7818223 seconds
2024-10-12T18:56:26.304+0300: 236.593: [GC pause (G1 Evacuation Pause) (young), 0.0037088 secs]
   [Parallel Time: 1.8 ms, GC Workers: 6]
      [GC Worker Start (ms): Min: 236593.2, Avg: 236593.3, Max: 236593.6, Diff: 0.4]
      [Ext Root Scanning (ms): Min: 0.0, Avg: 0.3, Max: 0.4, Diff: 0.4, Sum: 1.9]
      [Update RS (ms): Min: 0.0, Avg: 0.1, Max: 0.1, Diff: 0.1, Sum: 0.6]
         [Processed Buffers: Min: 0, Avg: 2.2, Max: 4, Diff: 4, Sum: 13]
      [Scan RS (ms): Min: 0.0, Avg: 0.2, Max: 0.2, Diff: 0.2, Sum: 1.0]
      [Code Root Scanning (ms): Min: 0.0, Avg: 0.0, Max: 0.0, Diff: 0.0, Sum: 0.0]
      [Object Copy (ms): Min: 0.8, Avg: 0.9, Max: 1.1, Diff: 0.3, Sum: 5.4]
      [Termination (ms): Min: 0.0, Avg: 0.0, Max: 0.0, Diff: 0.0, Sum: 0.0]
         [Termination Attempts: Min: 1, Avg: 1.0, Max: 1, Diff: 0, Sum: 6]
      [GC Worker Other (ms): Min: 0.0, Avg: 0.1, Max: 0.2, Diff: 0.2, Sum: 0.8]
      [GC Worker Total (ms): Min: 1.3, Avg: 1.6, Max: 1.7, Diff: 0.4, Sum: 9.6]
      [GC Worker End (ms): Min: 236594.8, Avg: 236594.9, Max: 236594.9, Diff: 0.2]
   [Code Root Fixup: 0.0 ms]
   [Code Root Purge: 0.0 ms]
   [Clear CT: 0.5 ms]
   [Other: 1.4 ms]
      [Choose CSet: 0.0 ms]
      [Ref Proc: 0.1 ms]
      [Ref Enq: 0.0 ms]
      [Redirty Cards: 0.1 ms]
      [Humongous Register: 0.1 ms]
      [Humongous Reclaim: 0.0 ms]
      [Free CSet: 0.9 ms]
   [Eden: 2448.0M(2448.0M)->0.0B(2446.0M) Survivors: 8192.0K->10240.0K Heap: 2473.1M(4096.0M)->28720.7K(4096.0M)]
 [Times: user=0.00 sys=0.00, real=0.00 secs] 
2024-10-12T18:56:26.304+0300: 236.597: Total time for which application threads were stopped: 0.0041928 seconds, Stopping threads took: 0.0002044 seconds
2024-10-12T18:56:27.089+0300: 237.377: Application time: 0.7805731 seconds
2024-10-12T18:56:27.089+0300: 237.378: [GC pause (G1 Evacuation Pause) (young), 0.0037154 secs]
   [Parallel Time: 2.0 ms, GC Workers: 6]
      [GC Worker Start (ms): Min: 237377.9, Avg: 237378.0, Max: 237378.3, Diff: 0.4]
      [Ext Root Scanning (ms): Min: 0.0, Avg: 0.3, Max: 0.4, Diff: 0.4, Sum: 1.9]
      [Update RS (ms): Min: 0.0, Avg: 0.1, Max: 0.2, Diff: 0.2, Sum: 0.6]
         [Processed Buffers: Min: 0, Avg: 2.2, Max: 3, Diff: 3, Sum: 13]
      [Scan RS (ms): Min: 0.1, Avg: 0.2, Max: 0.2, Diff: 0.1, Sum: 1.0]
      [Code Root Scanning (ms): Min: 0.0, Avg: 0.0, Max: 0.0, Diff: 0.0, Sum: 0.0]
      [Object Copy (ms): Min: 0.9, Avg: 1.0, Max: 1.4, Diff: 0.4, Sum: 6.3]
      [Termination (ms): Min: 0.0, Avg: 0.1, Max: 0.2, Diff: 0.2, Sum: 0.8]
         [Termination Attempts: Min: 1, Avg: 2.0, Max: 3, Diff: 2, Sum: 12]
      [GC Worker Other (ms): Min: 0.0, Avg: 0.1, Max: 0.1, Diff: 0.1, Sum: 0.3]
      [GC Worker Total (ms): Min: 1.5, Avg: 1.8, Max: 2.0, Diff: 0.5, Sum: 11.0]
      [GC Worker End (ms): Min: 237379.8, Avg: 237379.8, Max: 237379.9, Diff: 0.1]
   [Code Root Fixup: 0.0 ms]
   [Code Root Purge: 0.0 ms]
   [Clear CT: 0.5 ms]
   [Other: 1.2 ms]
      [Choose CSet: 0.0 ms]
      [Ref Proc: 0.1 ms]
      [Ref Enq: 0.0 ms]
      [Redirty Cards: 0.1 ms]
      [Humongous Register: 0.1 ms]
      [Humongous Reclaim: 0.0 ms]
      [Free CSet: 0.7 ms]
   [Eden: 2446.0M(2446.0M)->0.0B(2444.0M) Survivors: 10240.0K->12288.0K Heap: 2474.0M(4096.0M)->29803.4K(4096.0M)]
 [Times: user=0.00 sys=0.00, real=0.00 secs] 
2024-10-12T18:56:27.089+0300: 237.382: Total time for which application threads were stopped: 0.0041521 seconds, Stopping threads took: 0.0001794 seconds
2024-10-12T18:56:27.874+0300: 238.154: Application time: 0.7722835 seconds
2024-10-12T18:56:27.874+0300: 238.154: [GC pause (G1 Evacuation Pause) (young), 0.0032557 secs]
   [Parallel Time: 1.6 ms, GC Workers: 6]
      [GC Worker Start (ms): Min: 238154.3, Avg: 238154.3, Max: 238154.4, Diff: 0.1]
      [Ext Root Scanning (ms): Min: 0.3, Avg: 0.3, Max: 0.4, Diff: 0.1, Sum: 2.0]
      [Update RS (ms): Min: 0.0, Avg: 0.1, Max: 0.1, Diff: 0.1, Sum: 0.6]
         [Processed Buffers: Min: 0, Avg: 2.0, Max: 3, Diff: 3, Sum: 12]
      [Scan RS (ms): Min: 0.0, Avg: 0.2, Max: 0.2, Diff: 0.2, Sum: 1.0]
      [Code Root Scanning (ms): Min: 0.0, Avg: 0.0, Max: 0.0, Diff: 0.0, Sum: 0.0]
      [Object Copy (ms): Min: 0.7, Avg: 0.7, Max: 1.0, Diff: 0.3, Sum: 4.5]
      [Termination (ms): Min: 0.0, Avg: 0.0, Max: 0.0, Diff: 0.0, Sum: 0.0]
         [Termination Attempts: Min: 1, Avg: 1.0, Max: 1, Diff: 0, Sum: 6]
      [GC Worker Other (ms): Min: 0.0, Avg: 0.1, Max: 0.1, Diff: 0.1, Sum: 0.6]
      [GC Worker Total (ms): Min: 1.4, Avg: 1.4, Max: 1.5, Diff: 0.1, Sum: 8.6]
      [GC Worker End (ms): Min: 238155.7, Avg: 238155.8, Max: 238155.8, Diff: 0.1]
   [Code Root Fixup: 0.0 ms]
   [Code Root Purge: 0.0 ms]
   [Clear CT: 0.5 ms]
   [Other: 1.2 ms]
      [Choose CSet: 0.0 ms]
      [Ref Proc: 0.1 ms]
      [Ref Enq: 0.0 ms]
      [Redirty Cards: 0.1 ms]
      [Humongous Register: 0.1 ms]
      [Humongous Reclaim: 0.0 ms]
      [Free CSet: 0.7 ms]
   [Eden: 2444.0M(2444.0M)->0.0B(2448.0M) Survivors: 12288.0K->8192.0K Heap: 2473.1M(4096.0M)->26581.2K(4096.0M)]
 [Times: user=0.00 sys=0.00, real=0.00 secs] 
2024-10-12T18:56:27.874+0300: 238.158: Total time for which application threads were stopped: 0.0036685 seconds, Stopping threads took: 0.0001508 seconds
2024-10-12T18:56:28.660+0300: 238.948: Application time: 0.7904600 seconds
2024-10-12T18:56:28.660+0300: 238.948: [GC pause (G1 Evacuation Pause) (young), 0.0037147 secs]
   [Parallel Time: 1.9 ms, GC Workers: 6]
      [GC Worker Start (ms): Min: 238948.6, Avg: 238948.7, Max: 238949.0, Diff: 0.4]
      [Ext Root Scanning (ms): Min: 0.0, Avg: 0.3, Max: 0.4, Diff: 0.4, Sum: 2.0]
      [Update RS (ms): Min: 0.0, Avg: 0.1, Max: 0.2, Diff: 0.2, Sum: 0.6]
         [Processed Buffers: Min: 0, Avg: 2.2, Max: 4, Diff: 4, Sum: 13]
      [Scan RS (ms): Min: 0.0, Avg: 0.2, Max: 0.3, Diff: 0.2, Sum: 1.0]
      [Code Root Scanning (ms): Min: 0.0, Avg: 0.0, Max: 0.0, Diff: 0.0, Sum: 0.0]
      [Object Copy (ms): Min: 0.9, Avg: 1.0, Max: 1.2, Diff: 0.4, Sum: 6.0]
      [Termination (ms): Min: 0.0, Avg: 0.0, Max: 0.0, Diff: 0.0, Sum: 0.0]
         [Termination Attempts: Min: 1, Avg: 1.0, Max: 1, Diff: 0, Sum: 6]
      [GC Worker Other (ms): Min: 0.0, Avg: 0.1, Max: 0.2, Diff: 0.2, Sum: 0.6]
      [GC Worker Total (ms): Min: 1.4, Avg: 1.7, Max: 1.8, Diff: 0.4, Sum: 10.2]
      [GC Worker End (ms): Min: 238950.3, Avg: 238950.3, Max: 238950.4, Diff: 0.2]
   [Code Root Fixup: 0.0 ms]
   [Code Root Purge: 0.0 ms]
   [Clear CT: 0.6 ms]
   [Other: 1.2 ms]
      [Choose CSet: 0.0 ms]
      [Ref Proc: 0.1 ms]
      [Ref Enq: 0.0 ms]
      [Redirty Cards: 0.1 ms]
      [Humongous Register: 0.1 ms]
      [Humongous Reclaim: 0.0 ms]
      [Free CSet: 0.8 ms]
   [Eden: 2448.0M(2448.0M)->0.0B(2446.0M) Survivors: 8192.0K->10240.0K Heap: 2474.0M(4096.0M)->28441.6K(4096.0M)]
 [Times: user=0.00 sys=0.00, real=0.00 secs] 
2024-10-12T18:56:28.660+0300: 238.952: Total time for which application threads were stopped: 0.0042064 seconds, Stopping threads took: 0.0002036 seconds
2024-10-12T18:56:29.444+0300: 239.732: Application time: 0.7793255 seconds
2024-10-12T18:56:29.444+0300: 239.732: [GC pause (G1 Evacuation Pause) (young), 0.0033605 secs]
   [Parallel Time: 1.7 ms, GC Workers: 6]
      [GC Worker Start (ms): Min: 239732.0, Avg: 239732.0, Max: 239732.1, Diff: 0.1]
      [Ext Root Scanning (ms): Min: 0.3, Avg: 0.4, Max: 0.4, Diff: 0.1, Sum: 2.3]
      [Update RS (ms): Min: 0.1, Avg: 0.1, Max: 0.1, Diff: 0.0, Sum: 0.6]
         [Processed Buffers: Min: 1, Avg: 2.2, Max: 3, Diff: 2, Sum: 13]
      [Scan RS (ms): Min: 0.2, Avg: 0.2, Max: 0.2, Diff: 0.1, Sum: 1.1]
      [Code Root Scanning (ms): Min: 0.0, Avg: 0.0, Max: 0.0, Diff: 0.0, Sum: 0.0]
      [Object Copy (ms): Min: 0.7, Avg: 0.8, Max: 0.8, Diff: 0.1, Sum: 4.7]
      [Termination (ms): Min: 0.0, Avg: 0.0, Max: 0.0, Diff: 0.0, Sum: 0.0]
         [Termination Attempts: Min: 1, Avg: 1.0, Max: 1, Diff: 0, Sum: 6]
      [GC Worker Other (ms): Min: 0.0, Avg: 0.1, Max: 0.1, Diff: 0.1, Sum: 0.5]
      [GC Worker Total (ms): Min: 1.5, Avg: 1.5, Max: 1.6, Diff: 0.1, Sum: 9.2]
      [GC Worker End (ms): Min: 239733.5, Avg: 239733.5, Max: 239733.6, Diff: 0.1]
   [Code Root Fixup: 0.0 ms]
   [Code Root Purge: 0.0 ms]
   [Clear CT: 0.5 ms]
   [Other: 1.2 ms]
      [Choose CSet: 0.0 ms]
      [Ref Proc: 0.1 ms]
      [Ref Enq: 0.0 ms]
      [Redirty Cards: 0.1 ms]
      [Humongous Register: 0.1 ms]
      [Humongous Reclaim: 0.0 ms]
      [Free CSet: 0.7 ms]
   [Eden: 2446.0M(2446.0M)->0.0B(2446.0M) Survivors: 10240.0K->10240.0K Heap: 2473.8M(4096.0M)->27698.5K(4096.0M)]
 [Times: user=0.02 sys=0.00, real=0.01 secs] 
2024-10-12T18:56:29.454+0300: 239.735: Total time for which application threads were stopped: 0.0037327 seconds, Stopping threads took: 0.0001435 seconds
2024-10-12T18:56:30.260+0300: 240.543: Application time: 0.8079883 seconds
2024-10-12T18:56:30.260+0300: 240.544: [GC pause (G1 Evacuation Pause) (young), 0.0037746 secs]
   [Parallel Time: 1.6 ms, GC Workers: 6]
      [GC Worker Start (ms): Min: 240543.8, Avg: 240543.8, Max: 240543.9, Diff: 0.1]
      [Ext Root Scanning (ms): Min: 0.3, Avg: 0.3, Max: 0.4, Diff: 0.1, Sum: 2.0]
      [Update RS (ms): Min: 0.1, Avg: 0.1, Max: 0.1, Diff: 0.1, Sum: 0.6]
         [Processed Buffers: Min: 1, Avg: 2.2, Max: 3, Diff: 2, Sum: 13]
      [Scan RS (ms): Min: 0.1, Avg: 0.2, Max: 0.2, Diff: 0.1, Sum: 1.0]
      [Code Root Scanning (ms): Min: 0.0, Avg: 0.0, Max: 0.0, Diff: 0.0, Sum: 0.0]
      [Object Copy (ms): Min: 0.7, Avg: 0.7, Max: 0.7, Diff: 0.1, Sum: 4.2]
      [Termination (ms): Min: 0.0, Avg: 0.0, Max: 0.0, Diff: 0.0, Sum: 0.0]
         [Termination Attempts: Min: 1, Avg: 1.0, Max: 1, Diff: 0, Sum: 6]
      [GC Worker Other (ms): Min: 0.1, Avg: 0.1, Max: 0.2, Diff: 0.1, Sum: 0.8]
      [GC Worker Total (ms): Min: 1.4, Avg: 1.5, Max: 1.5, Diff: 0.1, Sum: 8.7]
      [GC Worker End (ms): Min: 240545.2, Avg: 240545.3, Max: 240545.3, Diff: 0.1]
   [Code Root Fixup: 0.0 ms]
   [Code Root Purge: 0.0 ms]
   [Clear CT: 0.6 ms]
   [Other: 1.6 ms]
      [Choose CSet: 0.0 ms]
      [Ref Proc: 0.2 ms]
      [Ref Enq: 0.0 ms]
      [Redirty Cards: 0.1 ms]
      [Humongous Register: 0.1 ms]
      [Humongous Reclaim: 0.0 ms]
      [Free CSet: 1.1 ms]
   [Eden: 2446.0M(2446.0M)->0.0B(2446.0M) Survivors: 10240.0K->10240.0K Heap: 2473.0M(4096.0M)->27708.8K(4096.0M)]
 [Times: user=0.00 sys=0.00, real=0.00 secs] 
2024-10-12T18:56:30.260+0300: 240.548: Total time for which application threads were stopped: 0.0042897 seconds, Stopping threads took: 0.0002536 seconds
2024-10-12T18:56:31.077+0300: 241.363: Application time: 0.8158150 seconds
2024-10-12T18:56:31.077+0300: 241.364: [GC pause (G1 Evacuation Pause) (young), 0.0037535 secs]
   [Parallel Time: 1.9 ms, GC Workers: 6]
      [GC Worker Start (ms): Min: 241363.8, Avg: 241363.9, Max: 241363.9, Diff: 0.0]
      [Ext Root Scanning (ms): Min: 0.3, Avg: 0.3, Max: 0.3, Diff: 0.1, Sum: 1.9]
      [Update RS (ms): Min: 0.1, Avg: 0.1, Max: 0.1, Diff: 0.0, Sum: 0.6]
         [Processed Buffers: Min: 1, Avg: 2.2, Max: 3, Diff: 2, Sum: 13]
      [Scan RS (ms): Min: 0.1, Avg: 0.2, Max: 0.2, Diff: 0.0, Sum: 1.0]
      [Code Root Scanning (ms): Min: 0.0, Avg: 0.0, Max: 0.0, Diff: 0.0, Sum: 0.0]
      [Object Copy (ms): Min: 1.0, Avg: 1.1, Max: 1.1, Diff: 0.0, Sum: 6.4]
      [Termination (ms): Min: 0.0, Avg: 0.0, Max: 0.0, Diff: 0.0, Sum: 0.0]
         [Termination Attempts: Min: 1, Avg: 1.0, Max: 1, Diff: 0, Sum: 6]
      [GC Worker Other (ms): Min: 0.0, Avg: 0.1, Max: 0.2, Diff: 0.2, Sum: 0.9]
      [GC Worker Total (ms): Min: 1.7, Avg: 1.8, Max: 1.9, Diff: 0.2, Sum: 10.8]
      [GC Worker End (ms): Min: 241365.6, Avg: 241365.7, Max: 241365.7, Diff: 0.2]
   [Code Root Fixup: 0.0 ms]
   [Code Root Purge: 0.0 ms]
   [Clear CT: 0.6 ms]
   [Other: 1.2 ms]
      [Choose CSet: 0.0 ms]
      [Ref Proc: 0.1 ms]
      [Ref Enq: 0.0 ms]
      [Redirty Cards: 0.1 ms]
      [Humongous Register: 0.1 ms]
      [Humongous Reclaim: 0.0 ms]
      [Free CSet: 0.8 ms]
   [Eden: 2446.0M(2446.0M)->0.0B(2444.0M) Survivors: 10240.0K->12288.0K Heap: 2473.1M(4096.0M)->30697.0K(4096.0M)]
 [Times: user=0.00 sys=0.00, real=0.00 secs] 
2024-10-12T18:56:31.077+0300: 241.368: Total time for which application threads were stopped: 0.0042632 seconds, Stopping threads took: 0.0001735 seconds
2024-10-12T18:56:31.862+0300: 242.145: Application time: 0.7773563 seconds
2024-10-12T18:56:31.862+0300: 242.145: [GC pause (G1 Evacuation Pause) (young), 0.0036534 secs]
   [Parallel Time: 2.0 ms, GC Workers: 6]
      [GC Worker Start (ms): Min: 242145.5, Avg: 242145.5, Max: 242145.6, Diff: 0.1]
      [Ext Root Scanning (ms): Min: 0.3, Avg: 0.3, Max: 0.4, Diff: 0.1, Sum: 2.0]
      [Update RS (ms): Min: 0.0, Avg: 0.1, Max: 0.1, Diff: 0.1, Sum: 0.6]
         [Processed Buffers: Min: 0, Avg: 2.2, Max: 4, Diff: 4, Sum: 13]
      [Scan RS (ms): Min: 0.1, Avg: 0.2, Max: 0.2, Diff: 0.1, Sum: 1.1]
      [Code Root Scanning (ms): Min: 0.0, Avg: 0.0, Max: 0.0, Diff: 0.0, Sum: 0.0]
      [Object Copy (ms): Min: 0.9, Avg: 1.0, Max: 1.3, Diff: 0.4, Sum: 6.1]
      [Termination (ms): Min: 0.0, Avg: 0.1, Max: 0.2, Diff: 0.2, Sum: 0.9]
         [Termination Attempts: Min: 1, Avg: 1.5, Max: 2, Diff: 1, Sum: 9]
      [GC Worker Other (ms): Min: 0.0, Avg: 0.1, Max: 0.1, Diff: 0.1, Sum: 0.4]
      [GC Worker Total (ms): Min: 1.8, Avg: 1.8, Max: 1.9, Diff: 0.1, Sum: 11.1]
      [GC Worker End (ms): Min: 242147.3, Avg: 242147.4, Max: 242147.4, Diff: 0.1]
   [Code Root Fixup: 0.0 ms]
   [Code Root Purge: 0.0 ms]
   [Clear CT: 0.5 ms]
   [Other: 1.2 ms]
      [Choose CSet: 0.0 ms]
      [Ref Proc: 0.1 ms]
      [Ref Enq: 0.0 ms]
      [Redirty Cards: 0.1 ms]
      [Humongous Register: 0.1 ms]
      [Humongous Reclaim: 0.0 ms]
      [Free CSet: 0.8 ms]
   [Eden: 2444.0M(2444.0M)->0.0B(2444.0M) Survivors: 12288.0K->12288.0K Heap: 2474.0M(4096.0M)->29862.7K(4096.0M)]
 [Times: user=0.00 sys=0.00, real=0.00 secs] 
2024-10-12T18:56:31.862+0300: 242.149: Total time for which application threads were stopped: 0.0041047 seconds, Stopping threads took: 0.0002036 seconds
2024-10-12T18:56:32.646+0300: 242.929: Application time: 0.7794146 seconds
2024-10-12T18:56:32.646+0300: 242.929: [GC pause (G1 Evacuation Pause) (young), 0.0038789 secs]
   [Parallel Time: 2.3 ms, GC Workers: 6]
      [GC Worker Start (ms): Min: 242929.0, Avg: 242929.1, Max: 242929.4, Diff: 0.4]
      [Ext Root Scanning (ms): Min: 0.0, Avg: 0.3, Max: 0.4, Diff: 0.4, Sum: 1.8]
      [Update RS (ms): Min: 0.0, Avg: 0.1, Max: 0.1, Diff: 0.1, Sum: 0.6]
         [Processed Buffers: Min: 1, Avg: 2.0, Max: 3, Diff: 2, Sum: 12]
      [Scan RS (ms): Min: 0.1, Avg: 0.2, Max: 0.2, Diff: 0.0, Sum: 0.9]
      [Code Root Scanning (ms): Min: 0.0, Avg: 0.0, Max: 0.0, Diff: 0.0, Sum: 0.0]
      [Object Copy (ms): Min: 1.5, Avg: 1.5, Max: 1.6, Diff: 0.1, Sum: 9.2]
      [Termination (ms): Min: 0.0, Avg: 0.0, Max: 0.0, Diff: 0.0, Sum: 0.0]
         [Termination Attempts: Min: 1, Avg: 1.0, Max: 1, Diff: 0, Sum: 6]
      [GC Worker Other (ms): Min: 0.0, Avg: 0.1, Max: 0.1, Diff: 0.1, Sum: 0.5]
      [GC Worker Total (ms): Min: 1.9, Avg: 2.2, Max: 2.3, Diff: 0.4, Sum: 13.1]
      [GC Worker End (ms): Min: 242931.2, Avg: 242931.2, Max: 242931.3, Diff: 0.1]
   [Code Root Fixup: 0.0 ms]
   [Code Root Purge: 0.0 ms]
   [Clear CT: 0.5 ms]
   [Other: 1.0 ms]
      [Choose CSet: 0.0 ms]
      [Ref Proc: 0.1 ms]
      [Ref Enq: 0.0 ms]
      [Redirty Cards: 0.1 ms]
      [Humongous Register: 0.0 ms]
      [Humongous Reclaim: 0.0 ms]
      [Free CSet: 0.6 ms]
   [Eden: 2444.0M(2444.0M)->0.0B(2444.0M) Survivors: 12288.0K->12288.0K Heap: 2473.2M(4096.0M)->29496.9K(4096.0M)]
 [Times: user=0.00 sys=0.00, real=0.00 secs] 
2024-10-12T18:56:32.646+0300: 242.933: Total time for which application threads were stopped: 0.0043075 seconds, Stopping threads took: 0.0001951 seconds
2024-10-12T18:56:33.432+0300: 243.711: Application time: 0.7784188 seconds
2024-10-12T18:56:33.432+0300: 243.712: [GC pause (G1 Evacuation Pause) (young), 0.0030214 secs]
   [Parallel Time: 1.5 ms, GC Workers: 6]
      [GC Worker Start (ms): Min: 243711.6, Avg: 243711.6, Max: 243711.7, Diff: 0.1]
      [Ext Root Scanning (ms): Min: 0.3, Avg: 0.3, Max: 0.3, Diff: 0.1, Sum: 1.9]
      [Update RS (ms): Min: 0.1, Avg: 0.1, Max: 0.1, Diff: 0.1, Sum: 0.6]
         [Processed Buffers: Min: 1, Avg: 2.2, Max: 3, Diff: 2, Sum: 13]
      [Scan RS (ms): Min: 0.1, Avg: 0.2, Max: 0.2, Diff: 0.1, Sum: 1.0]
      [Code Root Scanning (ms): Min: 0.0, Avg: 0.0, Max: 0.0, Diff: 0.0, Sum: 0.0]
      [Object Copy (ms): Min: 0.7, Avg: 0.7, Max: 0.8, Diff: 0.1, Sum: 4.4]
      [Termination (ms): Min: 0.0, Avg: 0.0, Max: 0.0, Diff: 0.0, Sum: 0.0]
         [Termination Attempts: Min: 1, Avg: 1.0, Max: 1, Diff: 0, Sum: 6]
      [GC Worker Other (ms): Min: 0.0, Avg: 0.1, Max: 0.1, Diff: 0.1, Sum: 0.4]
      [GC Worker Total (ms): Min: 1.3, Avg: 1.4, Max: 1.4, Diff: 0.1, Sum: 8.3]
      [GC Worker End (ms): Min: 243713.0, Avg: 243713.0, Max: 243713.1, Diff: 0.1]
   [Code Root Fixup: 0.0 ms]
   [Code Root Purge: 0.0 ms]
   [Clear CT: 0.5 ms]
   [Other: 1.0 ms]
      [Choose CSet: 0.0 ms]
      [Ref Proc: 0.1 ms]
      [Ref Enq: 0.0 ms]
      [Redirty Cards: 0.1 ms]
      [Humongous Register: 0.0 ms]
      [Humongous Reclaim: 0.0 ms]
      [Free CSet: 0.7 ms]
   [Eden: 2444.0M(2444.0M)->0.0B(2448.0M) Survivors: 12288.0K->8192.0K Heap: 2472.8M(4096.0M)->26795.7K(4096.0M)]
 [Times: user=0.00 sys=0.00, real=0.00 secs] 
2024-10-12T18:56:33.432+0300: 243.715: Total time for which application threads were stopped: 0.0033705 seconds, Stopping threads took: 0.0001310 seconds
2024-10-12T18:56:34.201+0300: 244.494: Application time: 0.7794090 seconds
2024-10-12T18:56:34.201+0300: 244.494: [GC pause (G1 Evacuation Pause) (young), 0.0032892 secs]
   [Parallel Time: 1.6 ms, GC Workers: 6]
      [GC Worker Start (ms): Min: 244494.6, Avg: 244494.6, Max: 244494.6, Diff: 0.0]
      [Ext Root Scanning (ms): Min: 0.3, Avg: 0.3, Max: 0.4, Diff: 0.1, Sum: 1.9]
      [Update RS (ms): Min: 0.1, Avg: 0.1, Max: 0.1, Diff: 0.1, Sum: 0.6]
         [Processed Buffers: Min: 1, Avg: 2.2, Max: 3, Diff: 2, Sum: 13]
      [Scan RS (ms): Min: 0.1, Avg: 0.2, Max: 0.2, Diff: 0.1, Sum: 1.0]
      [Code Root Scanning (ms): Min: 0.0, Avg: 0.0, Max: 0.0, Diff: 0.0, Sum: 0.0]
      [Object Copy (ms): Min: 0.7, Avg: 0.7, Max: 0.7, Diff: 0.1, Sum: 4.2]
      [Termination (ms): Min: 0.0, Avg: 0.0, Max: 0.0, Diff: 0.0, Sum: 0.0]
         [Termination Attempts: Min: 1, Avg: 1.0, Max: 1, Diff: 0, Sum: 6]
      [GC Worker Other (ms): Min: 0.0, Avg: 0.1, Max: 0.2, Diff: 0.1, Sum: 0.7]
      [GC Worker Total (ms): Min: 1.3, Avg: 1.4, Max: 1.5, Diff: 0.2, Sum: 8.5]
      [GC Worker End (ms): Min: 244495.9, Avg: 244496.0, Max: 244496.1, Diff: 0.1]
   [Code Root Fixup: 0.0 ms]
   [Code Root Purge: 0.0 ms]
   [Clear CT: 0.5 ms]
   [Other: 1.2 ms]
      [Choose CSet: 0.0 ms]
      [Ref Proc: 0.1 ms]
      [Ref Enq: 0.0 ms]
      [Redirty Cards: 0.1 ms]
      [Humongous Register: 0.1 ms]
      [Humongous Reclaim: 0.0 ms]
      [Free CSet: 0.7 ms]
   [Eden: 2448.0M(2448.0M)->0.0B(2448.0M) Survivors: 8192.0K->8192.0K Heap: 2474.2M(4096.0M)->25760.4K(4096.0M)]
 [Times: user=0.00 sys=0.00, real=0.02 secs] 
2024-10-12T18:56:34.217+0300: 244.498: Total time for which application threads were stopped: 0.0037472 seconds, Stopping threads took: 0.0002230 seconds
2024-10-12T18:56:34.987+0300: 245.280: Application time: 0.7820465 seconds
2024-10-12T18:56:34.987+0300: 245.280: [GC pause (G1 Evacuation Pause) (young), 0.0043470 secs]
   [Parallel Time: 2.3 ms, GC Workers: 6]
      [GC Worker Start (ms): Min: 245280.4, Avg: 245280.5, Max: 245280.5, Diff: 0.1]
      [Ext Root Scanning (ms): Min: 0.3, Avg: 0.3, Max: 0.4, Diff: 0.1, Sum: 2.0]
      [Update RS (ms): Min: 0.1, Avg: 0.1, Max: 0.1, Diff: 0.1, Sum: 0.6]
         [Processed Buffers: Min: 1, Avg: 2.2, Max: 3, Diff: 2, Sum: 13]
      [Scan RS (ms): Min: 0.2, Avg: 0.2, Max: 0.2, Diff: 0.0, Sum: 1.0]
      [Code Root Scanning (ms): Min: 0.0, Avg: 0.0, Max: 0.0, Diff: 0.0, Sum: 0.0]
      [Object Copy (ms): Min: 1.4, Avg: 1.5, Max: 1.5, Diff: 0.1, Sum: 8.9]
      [Termination (ms): Min: 0.0, Avg: 0.0, Max: 0.0, Diff: 0.0, Sum: 0.0]
         [Termination Attempts: Min: 1, Avg: 1.0, Max: 1, Diff: 0, Sum: 6]
      [GC Worker Other (ms): Min: 0.0, Avg: 0.1, Max: 0.1, Diff: 0.1, Sum: 0.5]
      [GC Worker Total (ms): Min: 2.1, Avg: 2.2, Max: 2.2, Diff: 0.1, Sum: 13.0]
      [GC Worker End (ms): Min: 245282.6, Avg: 245282.6, Max: 245282.7, Diff: 0.1]
   [Code Root Fixup: 0.0 ms]
   [Code Root Purge: 0.0 ms]
   [Clear CT: 0.6 ms]
   [Other: 1.4 ms]
      [Choose CSet: 0.0 ms]
      [Ref Proc: 0.1 ms]
      [Ref Enq: 0.0 ms]
      [Redirty Cards: 0.1 ms]
      [Humongous Register: 0.1 ms]
      [Humongous Reclaim: 0.0 ms]
      [Free CSet: 1.0 ms]
   [Eden: 2448.0M(2448.0M)->0.0B(2444.0M) Survivors: 8192.0K->12288.0K Heap: 2473.2M(4096.0M)->29790.0K(4096.0M)]
 [Times: user=0.01 sys=0.00, real=0.02 secs] 
2024-10-12T18:56:35.002+0300: 245.285: Total time for which application threads were stopped: 0.0049190 seconds, Stopping threads took: 0.0003147 seconds
2024-10-12T18:56:35.772+0300: 246.059: Application time: 0.7743921 seconds
2024-10-12T18:56:35.772+0300: 246.059: [GC pause (G1 Evacuation Pause) (young), 0.0036288 secs]
   [Parallel Time: 2.1 ms, GC Workers: 6]
      [GC Worker Start (ms): Min: 246059.6, Avg: 246059.6, Max: 246059.6, Diff: 0.0]
      [Ext Root Scanning (ms): Min: 0.3, Avg: 0.3, Max: 0.4, Diff: 0.1, Sum: 2.0]
      [Update RS (ms): Min: 0.1, Avg: 0.1, Max: 0.1, Diff: 0.1, Sum: 0.6]
         [Processed Buffers: Min: 1, Avg: 2.2, Max: 3, Diff: 2, Sum: 13]
      [Scan RS (ms): Min: 0.1, Avg: 0.2, Max: 0.2, Diff: 0.1, Sum: 1.0]
      [Code Root Scanning (ms): Min: 0.0, Avg: 0.0, Max: 0.0, Diff: 0.0, Sum: 0.0]
      [Object Copy (ms): Min: 1.3, Avg: 1.3, Max: 1.3, Diff: 0.0, Sum: 7.9]
      [Termination (ms): Min: 0.0, Avg: 0.0, Max: 0.0, Diff: 0.0, Sum: 0.0]
         [Termination Attempts: Min: 1, Avg: 1.0, Max: 1, Diff: 0, Sum: 6]
      [GC Worker Other (ms): Min: 0.0, Avg: 0.1, Max: 0.1, Diff: 0.1, Sum: 0.5]
      [GC Worker Total (ms): Min: 1.9, Avg: 2.0, Max: 2.0, Diff: 0.1, Sum: 12.0]
      [GC Worker End (ms): Min: 246061.6, Avg: 246061.6, Max: 246061.7, Diff: 0.1]
   [Code Root Fixup: 0.0 ms]
   [Code Root Purge: 0.0 ms]
   [Clear CT: 0.5 ms]
   [Other: 1.0 ms]
      [Choose CSet: 0.0 ms]
      [Ref Proc: 0.1 ms]
      [Ref Enq: 0.0 ms]
      [Redirty Cards: 0.1 ms]
      [Humongous Register: 0.0 ms]
      [Humongous Reclaim: 0.0 ms]
      [Free CSet: 0.6 ms]
   [Eden: 2444.0M(2444.0M)->0.0B(2444.0M) Survivors: 12288.0K->12288.0K Heap: 2473.1M(4096.0M)->30899.2K(4096.0M)]
 [Times: user=0.00 sys=0.00, real=0.00 secs] 
2024-10-12T18:56:35.772+0300: 246.063: Total time for which application threads were stopped: 0.0040319 seconds, Stopping threads took: 0.0001774 seconds
2024-10-12T18:56:36.556+0300: 246.843: Application time: 0.7798639 seconds
2024-10-12T18:56:36.556+0300: 246.843: [GC pause (G1 Evacuation Pause) (young), 0.0032799 secs]
   [Parallel Time: 1.7 ms, GC Workers: 6]
      [GC Worker Start (ms): Min: 246843.5, Avg: 246843.6, Max: 246843.6, Diff: 0.1]
      [Ext Root Scanning (ms): Min: 0.3, Avg: 0.3, Max: 0.4, Diff: 0.1, Sum: 2.1]
      [Update RS (ms): Min: 0.1, Avg: 0.1, Max: 0.1, Diff: 0.1, Sum: 0.6]
         [Processed Buffers: Min: 1, Avg: 2.2, Max: 3, Diff: 2, Sum: 13]
      [Scan RS (ms): Min: 0.1, Avg: 0.2, Max: 0.2, Diff: 0.1, Sum: 1.0]
      [Code Root Scanning (ms): Min: 0.0, Avg: 0.0, Max: 0.0, Diff: 0.0, Sum: 0.0]
      [Object Copy (ms): Min: 0.8, Avg: 0.8, Max: 0.8, Diff: 0.1, Sum: 4.8]
      [Termination (ms): Min: 0.0, Avg: 0.0, Max: 0.0, Diff: 0.0, Sum: 0.0]
         [Termination Attempts: Min: 1, Avg: 1.0, Max: 1, Diff: 0, Sum: 6]
      [GC Worker Other (ms): Min: 0.0, Avg: 0.1, Max: 0.2, Diff: 0.1, Sum: 0.6]
      [GC Worker Total (ms): Min: 1.4, Avg: 1.5, Max: 1.6, Diff: 0.2, Sum: 9.2]
      [GC Worker End (ms): Min: 246845.0, Avg: 246845.1, Max: 246845.2, Diff: 0.1]
   [Code Root Fixup: 0.0 ms]
   [Code Root Purge: 0.0 ms]
   [Clear CT: 0.5 ms]
   [Other: 1.1 ms]
      [Choose CSet: 0.0 ms]
      [Ref Proc: 0.1 ms]
      [Ref Enq: 0.0 ms]
      [Redirty Cards: 0.1 ms]
      [Humongous Register: 0.1 ms]
      [Humongous Reclaim: 0.0 ms]
      [Free CSet: 0.6 ms]
   [Eden: 2444.0M(2444.0M)->0.0B(2448.0M) Survivors: 12288.0K->8192.0K Heap: 2474.2M(4096.0M)->25781.7K(4096.0M)]
 [Times: user=0.00 sys=0.00, real=0.00 secs] 
2024-10-12T18:56:36.556+0300: 246.847: Total time for which application threads were stopped: 0.0037233 seconds, Stopping threads took: 0.0001557 seconds
2024-10-12T18:56:37.341+0300: 247.628: Application time: 0.7815210 seconds
2024-10-12T18:56:37.341+0300: 247.629: [GC pause (G1 Evacuation Pause) (young), 0.0033819 secs]
   [Parallel Time: 1.7 ms, GC Workers: 6]
      [GC Worker Start (ms): Min: 247628.7, Avg: 247628.8, Max: 247628.8, Diff: 0.1]
      [Ext Root Scanning (ms): Min: 0.3, Avg: 0.3, Max: 0.4, Diff: 0.1, Sum: 2.0]
      [Update RS (ms): Min: 0.1, Avg: 0.1, Max: 0.1, Diff: 0.1, Sum: 0.6]
         [Processed Buffers: Min: 1, Avg: 2.2, Max: 3, Diff: 2, Sum: 13]
      [Scan RS (ms): Min: 0.1, Avg: 0.2, Max: 0.2, Diff: 0.0, Sum: 1.1]
      [Code Root Scanning (ms): Min: 0.0, Avg: 0.0, Max: 0.0, Diff: 0.0, Sum: 0.0]
      [Object Copy (ms): Min: 0.8, Avg: 0.8, Max: 0.8, Diff: 0.1, Sum: 4.8]
      [Termination (ms): Min: 0.0, Avg: 0.0, Max: 0.0, Diff: 0.0, Sum: 0.0]
         [Termination Attempts: Min: 1, Avg: 1.0, Max: 1, Diff: 0, Sum: 6]
      [GC Worker Other (ms): Min: 0.0, Avg: 0.1, Max: 0.2, Diff: 0.2, Sum: 0.8]
      [GC Worker Total (ms): Min: 1.5, Avg: 1.6, Max: 1.6, Diff: 0.1, Sum: 9.3]
      [GC Worker End (ms): Min: 247630.2, Avg: 247630.3, Max: 247630.4, Diff: 0.2]
   [Code Root Fixup: 0.0 ms]
   [Code Root Purge: 0.0 ms]
   [Clear CT: 0.5 ms]
   [Other: 1.2 ms]
      [Choose CSet: 0.0 ms]
      [Ref Proc: 0.1 ms]
      [Ref Enq: 0.0 ms]
      [Redirty Cards: 0.1 ms]
      [Humongous Register: 0.0 ms]
      [Humongous Reclaim: 0.0 ms]
      [Free CSet: 0.6 ms]
   [Eden: 2448.0M(2448.0M)->0.0B(2446.0M) Survivors: 8192.0K->10240.0K Heap: 2473.2M(4096.0M)->27832.2K(4096.0M)]
 [Times: user=0.00 sys=0.00, real=0.00 secs] 
2024-10-12T18:56:37.341+0300: 247.632: Total time for which application threads were stopped: 0.0037799 seconds, Stopping threads took: 0.0001455 seconds
2024-10-12T18:56:38.127+0300: 248.412: Application time: 0.7799455 seconds
2024-10-12T18:56:38.127+0300: 248.412: [GC pause (G1 Evacuation Pause) (young), 0.0039506 secs]
   [Parallel Time: 2.2 ms, GC Workers: 6]
      [GC Worker Start (ms): Min: 248412.6, Avg: 248412.6, Max: 248412.6, Diff: 0.1]
      [Ext Root Scanning (ms): Min: 0.3, Avg: 0.4, Max: 0.4, Diff: 0.1, Sum: 2.1]
      [Update RS (ms): Min: 0.1, Avg: 0.1, Max: 0.1, Diff: 0.1, Sum: 0.6]
         [Processed Buffers: Min: 1, Avg: 2.2, Max: 3, Diff: 2, Sum: 13]
      [Scan RS (ms): Min: 0.1, Avg: 0.2, Max: 0.2, Diff: 0.0, Sum: 1.0]
      [Code Root Scanning (ms): Min: 0.0, Avg: 0.0, Max: 0.0, Diff: 0.0, Sum: 0.0]
      [Object Copy (ms): Min: 1.3, Avg: 1.3, Max: 1.3, Diff: 0.1, Sum: 7.9]
      [Termination (ms): Min: 0.0, Avg: 0.0, Max: 0.0, Diff: 0.0, Sum: 0.0]
         [Termination Attempts: Min: 1, Avg: 1.0, Max: 1, Diff: 0, Sum: 6]
      [GC Worker Other (ms): Min: 0.0, Avg: 0.1, Max: 0.2, Diff: 0.2, Sum: 0.8]
      [GC Worker Total (ms): Min: 1.9, Avg: 2.1, Max: 2.2, Diff: 0.2, Sum: 12.4]
      [GC Worker End (ms): Min: 248414.6, Avg: 248414.7, Max: 248414.8, Diff: 0.2]
   [Code Root Fixup: 0.0 ms]
   [Code Root Purge: 0.0 ms]
   [Clear CT: 0.6 ms]
   [Other: 1.1 ms]
      [Choose CSet: 0.0 ms]
      [Ref Proc: 0.1 ms]
      [Ref Enq: 0.0 ms]
      [Redirty Cards: 0.1 ms]
      [Humongous Register: 0.0 ms]
      [Humongous Reclaim: 0.0 ms]
      [Free CSet: 0.7 ms]
   [Eden: 2446.0M(2446.0M)->0.0B(2444.0M) Survivors: 10240.0K->12288.0K Heap: 2473.2M(4096.0M)->29879.9K(4096.0M)]
 [Times: user=0.00 sys=0.00, real=0.00 secs] 
2024-10-12T18:56:38.127+0300: 248.417: Total time for which application threads were stopped: 0.0044456 seconds, Stopping threads took: 0.0002057 seconds
2024-10-12T18:56:38.912+0300: 249.196: Application time: 0.7792570 seconds
2024-10-12T18:56:38.912+0300: 249.196: [GC pause (G1 Evacuation Pause) (young), 0.0043616 secs]
   [Parallel Time: 2.3 ms, GC Workers: 6]
      [GC Worker Start (ms): Min: 249196.2, Avg: 249196.3, Max: 249196.5, Diff: 0.3]
      [Ext Root Scanning (ms): Min: 0.1, Avg: 0.3, Max: 0.4, Diff: 0.3, Sum: 1.9]
      [Update RS (ms): Min: 0.1, Avg: 0.1, Max: 0.1, Diff: 0.0, Sum: 0.6]
         [Processed Buffers: Min: 1, Avg: 2.2, Max: 3, Diff: 2, Sum: 13]
      [Scan RS (ms): Min: 0.1, Avg: 0.2, Max: 0.2, Diff: 0.0, Sum: 1.0]
      [Code Root Scanning (ms): Min: 0.0, Avg: 0.0, Max: 0.0, Diff: 0.0, Sum: 0.0]
      [Object Copy (ms): Min: 1.4, Avg: 1.4, Max: 1.4, Diff: 0.0, Sum: 8.3]
      [Termination (ms): Min: 0.0, Avg: 0.0, Max: 0.0, Diff: 0.0, Sum: 0.0]
         [Termination Attempts: Min: 1, Avg: 1.0, Max: 1, Diff: 0, Sum: 6]
      [GC Worker Other (ms): Min: 0.0, Avg: 0.1, Max: 0.2, Diff: 0.2, Sum: 0.8]
      [GC Worker Total (ms): Min: 1.9, Avg: 2.1, Max: 2.2, Diff: 0.3, Sum: 12.7]
      [GC Worker End (ms): Min: 249198.3, Avg: 249198.4, Max: 249198.5, Diff: 0.2]
   [Code Root Fixup: 0.0 ms]
   [Code Root Purge: 0.0 ms]
   [Clear CT: 0.6 ms]
   [Other: 1.5 ms]
      [Choose CSet: 0.0 ms]
      [Ref Proc: 0.2 ms]
      [Ref Enq: 0.0 ms]
      [Redirty Cards: 0.1 ms]
      [Humongous Register: 0.1 ms]
      [Humongous Reclaim: 0.0 ms]
      [Free CSet: 0.9 ms]
   [Eden: 2444.0M(2444.0M)->0.0B(2444.0M) Survivors: 12288.0K->12288.0K Heap: 2473.2M(4096.0M)->29885.2K(4096.0M)]
 [Times: user=0.00 sys=0.00, real=0.00 secs] 
2024-10-12T18:56:38.912+0300: 249.201: Total time for which application threads were stopped: 0.0047707 seconds, Stopping threads took: 0.0001506 seconds
2024-10-12T18:56:39.681+0300: 249.973: Application time: 0.7722696 seconds
2024-10-12T18:56:39.681+0300: 249.973: [GC pause (G1 Evacuation Pause) (young), 0.0033977 secs]
   [Parallel Time: 1.6 ms, GC Workers: 6]
      [GC Worker Start (ms): Min: 249973.3, Avg: 249973.3, Max: 249973.4, Diff: 0.1]
      [Ext Root Scanning (ms): Min: 0.3, Avg: 0.3, Max: 0.4, Diff: 0.1, Sum: 2.0]
      [Update RS (ms): Min: 0.1, Avg: 0.1, Max: 0.1, Diff: 0.1, Sum: 0.6]
         [Processed Buffers: Min: 1, Avg: 2.2, Max: 3, Diff: 2, Sum: 13]
      [Scan RS (ms): Min: 0.1, Avg: 0.2, Max: 0.2, Diff: 0.1, Sum: 1.0]
      [Code Root Scanning (ms): Min: 0.0, Avg: 0.0, Max: 0.0, Diff: 0.0, Sum: 0.0]
      [Object Copy (ms): Min: 0.8, Avg: 0.8, Max: 0.8, Diff: 0.0, Sum: 4.8]
      [Termination (ms): Min: 0.0, Avg: 0.0, Max: 0.0, Diff: 0.0, Sum: 0.0]
         [Termination Attempts: Min: 1, Avg: 1.0, Max: 1, Diff: 0, Sum: 6]
      [GC Worker Other (ms): Min: 0.0, Avg: 0.1, Max: 0.1, Diff: 0.1, Sum: 0.6]
      [GC Worker Total (ms): Min: 1.5, Avg: 1.5, Max: 1.6, Diff: 0.1, Sum: 9.1]
      [GC Worker End (ms): Min: 249974.8, Avg: 249974.8, Max: 249974.9, Diff: 0.1]
   [Code Root Fixup: 0.0 ms]
   [Code Root Purge: 0.0 ms]
   [Clear CT: 0.5 ms]
   [Other: 1.2 ms]
      [Choose CSet: 0.0 ms]
      [Ref Proc: 0.1 ms]
      [Ref Enq: 0.0 ms]
      [Redirty Cards: 0.1 ms]
      [Humongous Register: 0.1 ms]
      [Humongous Reclaim: 0.0 ms]
      [Free CSet: 0.8 ms]
   [Eden: 2444.0M(2444.0M)->0.0B(2448.0M) Survivors: 12288.0K->8192.0K Heap: 2473.2M(4096.0M)->26815.7K(4096.0M)]
 [Times: user=0.00 sys=0.00, real=0.02 secs] 
2024-10-12T18:56:39.697+0300: 249.977: Total time for which application threads were stopped: 0.0038315 seconds, Stopping threads took: 0.0002053 seconds
2024-10-12T18:56:40.466+0300: 250.756: Application time: 0.7793690 seconds
2024-10-12T18:56:40.466+0300: 250.756: [GC pause (G1 Evacuation Pause) (young), 0.0030971 secs]
   [Parallel Time: 1.5 ms, GC Workers: 6]
      [GC Worker Start (ms): Min: 250756.4, Avg: 250756.4, Max: 250756.5, Diff: 0.1]
      [Ext Root Scanning (ms): Min: 0.3, Avg: 0.3, Max: 0.4, Diff: 0.1, Sum: 2.0]
      [Update RS (ms): Min: 0.1, Avg: 0.1, Max: 0.1, Diff: 0.1, Sum: 0.6]
         [Processed Buffers: Min: 1, Avg: 2.2, Max: 3, Diff: 2, Sum: 13]
      [Scan RS (ms): Min: 0.1, Avg: 0.2, Max: 0.2, Diff: 0.0, Sum: 1.0]
      [Code Root Scanning (ms): Min: 0.0, Avg: 0.0, Max: 0.0, Diff: 0.0, Sum: 0.0]
      [Object Copy (ms): Min: 0.7, Avg: 0.8, Max: 0.8, Diff: 0.0, Sum: 4.5]
      [Termination (ms): Min: 0.0, Avg: 0.0, Max: 0.0, Diff: 0.0, Sum: 0.0]
         [Termination Attempts: Min: 1, Avg: 1.0, Max: 1, Diff: 0, Sum: 6]
      [GC Worker Other (ms): Min: 0.0, Avg: 0.1, Max: 0.1, Diff: 0.1, Sum: 0.5]
      [GC Worker Total (ms): Min: 1.4, Avg: 1.4, Max: 1.5, Diff: 0.1, Sum: 8.7]
      [GC Worker End (ms): Min: 250757.8, Avg: 250757.9, Max: 250757.9, Diff: 0.1]
   [Code Root Fixup: 0.0 ms]
   [Code Root Purge: 0.0 ms]
   [Clear CT: 0.5 ms]
   [Other: 1.0 ms]
      [Choose CSet: 0.0 ms]
      [Ref Proc: 0.1 ms]
      [Ref Enq: 0.0 ms]
      [Redirty Cards: 0.1 ms]
      [Humongous Register: 0.0 ms]
      [Humongous Reclaim: 0.0 ms]
      [Free CSet: 0.7 ms]
   [Eden: 2448.0M(2448.0M)->0.0B(2448.0M) Survivors: 8192.0K->8192.0K Heap: 2474.2M(4096.0M)->26818.2K(4096.0M)]
 [Times: user=0.00 sys=0.00, real=0.01 secs] 
2024-10-12T18:56:40.480+0300: 250.760: Total time for which application threads were stopped: 0.0035153 seconds, Stopping threads took: 0.0001723 seconds
2024-10-12T18:56:41.266+0300: 251.554: Application time: 0.7949023 seconds
2024-10-12T18:56:41.266+0300: 251.555: [GC pause (G1 Evacuation Pause) (young), 0.0032925 secs]
   [Parallel Time: 1.6 ms, GC Workers: 6]
      [GC Worker Start (ms): Min: 251554.8, Avg: 251554.9, Max: 251554.9, Diff: 0.1]
      [Ext Root Scanning (ms): Min: 0.3, Avg: 0.3, Max: 0.4, Diff: 0.1, Sum: 2.1]
      [Update RS (ms): Min: 0.1, Avg: 0.1, Max: 0.1, Diff: 0.1, Sum: 0.6]
         [Processed Buffers: Min: 1, Avg: 2.2, Max: 4, Diff: 3, Sum: 13]
      [Scan RS (ms): Min: 0.1, Avg: 0.2, Max: 0.2, Diff: 0.0, Sum: 1.0]
      [Code Root Scanning (ms): Min: 0.0, Avg: 0.0, Max: 0.0, Diff: 0.0, Sum: 0.0]
      [Object Copy (ms): Min: 0.7, Avg: 0.8, Max: 0.8, Diff: 0.1, Sum: 4.6]
      [Termination (ms): Min: 0.0, Avg: 0.0, Max: 0.0, Diff: 0.0, Sum: 0.0]
         [Termination Attempts: Min: 1, Avg: 1.0, Max: 1, Diff: 0, Sum: 6]
      [GC Worker Other (ms): Min: 0.0, Avg: 0.1, Max: 0.1, Diff: 0.1, Sum: 0.5]
      [GC Worker Total (ms): Min: 1.4, Avg: 1.5, Max: 1.5, Diff: 0.1, Sum: 8.8]
      [GC Worker End (ms): Min: 251556.3, Avg: 251556.3, Max: 251556.4, Diff: 0.1]
   [Code Root Fixup: 0.0 ms]
   [Code Root Purge: 0.0 ms]
   [Clear CT: 0.5 ms]
   [Other: 1.2 ms]
      [Choose CSet: 0.0 ms]
      [Ref Proc: 0.1 ms]
      [Ref Enq: 0.0 ms]
      [Redirty Cards: 0.1 ms]
      [Humongous Register: 0.1 ms]
      [Humongous Reclaim: 0.0 ms]
      [Free CSet: 0.7 ms]
   [Eden: 2448.0M(2448.0M)->0.0B(2446.0M) Survivors: 8192.0K->10240.0K Heap: 2474.2M(4096.0M)->28733.5K(4096.0M)]
 [Times: user=0.00 sys=0.00, real=0.00 secs] 
2024-10-12T18:56:41.266+0300: 251.558: Total time for which application threads were stopped: 0.0036691 seconds, Stopping threads took: 0.0001508 seconds
2024-10-12T18:56:42.067+0300: 252.356: Application time: 0.7977916 seconds
2024-10-12T18:56:42.067+0300: 252.356: [GC pause (G1 Evacuation Pause) (young), 0.0034023 secs]
   [Parallel Time: 1.5 ms, GC Workers: 6]
      [GC Worker Start (ms): Min: 252356.4, Avg: 252356.4, Max: 252356.4, Diff: 0.0]
      [Ext Root Scanning (ms): Min: 0.3, Avg: 0.3, Max: 0.4, Diff: 0.0, Sum: 2.0]
      [Update RS (ms): Min: 0.0, Avg: 0.1, Max: 0.1, Diff: 0.1, Sum: 0.6]
         [Processed Buffers: Min: 1, Avg: 2.2, Max: 3, Diff: 2, Sum: 13]
      [Scan RS (ms): Min: 0.1, Avg: 0.2, Max: 0.2, Diff: 0.1, Sum: 1.0]
      [Code Root Scanning (ms): Min: 0.0, Avg: 0.0, Max: 0.0, Diff: 0.0, Sum: 0.0]
      [Object Copy (ms): Min: 0.7, Avg: 0.8, Max: 0.8, Diff: 0.1, Sum: 4.5]
      [Termination (ms): Min: 0.0, Avg: 0.0, Max: 0.0, Diff: 0.0, Sum: 0.0]
         [Termination Attempts: Min: 1, Avg: 1.2, Max: 2, Diff: 1, Sum: 7]
      [GC Worker Other (ms): Min: 0.0, Avg: 0.1, Max: 0.1, Diff: 0.1, Sum: 0.5]
      [GC Worker Total (ms): Min: 1.4, Avg: 1.4, Max: 1.5, Diff: 0.1, Sum: 8.6]
      [GC Worker End (ms): Min: 252357.8, Avg: 252357.8, Max: 252357.9, Diff: 0.1]
   [Code Root Fixup: 0.0 ms]
   [Code Root Purge: 0.0 ms]
   [Clear CT: 0.5 ms]
   [Other: 1.3 ms]
      [Choose CSet: 0.0 ms]
      [Ref Proc: 0.1 ms]
      [Ref Enq: 0.0 ms]
      [Redirty Cards: 0.1 ms]
      [Humongous Register: 0.1 ms]
      [Humongous Reclaim: 0.0 ms]
      [Free CSet: 0.9 ms]
   [Eden: 2446.0M(2446.0M)->0.0B(2448.0M) Survivors: 10240.0K->8192.0K Heap: 2474.1M(4096.0M)->26565.2K(4096.0M)]
 [Times: user=0.02 sys=0.00, real=0.00 secs] 
2024-10-12T18:56:42.067+0300: 252.360: Total time for which application threads were stopped: 0.0038705 seconds, Stopping threads took: 0.0002197 seconds
2024-10-12T18:56:42.852+0300: 253.135: Application time: 0.7749484 seconds
2024-10-12T18:56:42.852+0300: 253.135: [GC pause (G1 Evacuation Pause) (young), 0.0040740 secs]
   [Parallel Time: 2.4 ms, GC Workers: 6]
      [GC Worker Start (ms): Min: 253135.1, Avg: 253135.6, Max: 253137.2, Diff: 2.1]
      [Ext Root Scanning (ms): Min: 0.0, Avg: 0.3, Max: 0.4, Diff: 0.4, Sum: 1.6]
      [Update RS (ms): Min: 0.0, Avg: 0.1, Max: 0.1, Diff: 0.1, Sum: 0.5]
         [Processed Buffers: Min: 0, Avg: 2.2, Max: 4, Diff: 4, Sum: 13]
      [Scan RS (ms): Min: 0.1, Avg: 0.2, Max: 0.2, Diff: 0.1, Sum: 1.1]
      [Code Root Scanning (ms): Min: 0.0, Avg: 0.0, Max: 0.0, Diff: 0.0, Sum: 0.0]
      [Object Copy (ms): Min: 0.0, Avg: 1.1, Max: 1.3, Diff: 1.3, Sum: 6.4]
      [Termination (ms): Min: 0.0, Avg: 0.2, Max: 0.2, Diff: 0.2, Sum: 1.2]
         [Termination Attempts: Min: 1, Avg: 1.0, Max: 1, Diff: 0, Sum: 6]
      [GC Worker Other (ms): Min: 0.0, Avg: 0.1, Max: 0.1, Diff: 0.1, Sum: 0.4]
      [GC Worker Total (ms): Min: 0.2, Avg: 1.9, Max: 2.3, Diff: 2.1, Sum: 11.3]
      [GC Worker End (ms): Min: 253137.4, Avg: 253137.5, Max: 253137.5, Diff: 0.1]
   [Code Root Fixup: 0.0 ms]
   [Code Root Purge: 0.0 ms]
   [Clear CT: 0.4 ms]
   [Other: 1.2 ms]
      [Choose CSet: 0.0 ms]
      [Ref Proc: 0.1 ms]
      [Ref Enq: 0.0 ms]
      [Redirty Cards: 0.1 ms]
      [Humongous Register: 0.1 ms]
      [Humongous Reclaim: 0.0 ms]
      [Free CSet: 0.7 ms]
   [Eden: 2448.0M(2448.0M)->0.0B(2444.0M) Survivors: 8192.0K->12288.0K Heap: 2473.9M(4096.0M)->29710.2K(4096.0M)]
 [Times: user=0.00 sys=0.00, real=0.00 secs] 
2024-10-12T18:56:42.852+0300: 253.139: Total time for which application threads were stopped: 0.0044484 seconds, Stopping threads took: 0.0001312 seconds
2024-10-12T18:56:43.638+0300: 253.922: Application time: 0.7826822 seconds
2024-10-12T18:56:43.638+0300: 253.922: [GC pause (G1 Evacuation Pause) (young), 0.0032502 secs]
   [Parallel Time: 1.6 ms, GC Workers: 6]
      [GC Worker Start (ms): Min: 253922.3, Avg: 253922.4, Max: 253922.6, Diff: 0.2]
      [Ext Root Scanning (ms): Min: 0.2, Avg: 0.3, Max: 0.4, Diff: 0.2, Sum: 2.0]
      [Update RS (ms): Min: 0.0, Avg: 0.1, Max: 0.1, Diff: 0.1, Sum: 0.6]
         [Processed Buffers: Min: 0, Avg: 2.0, Max: 3, Diff: 3, Sum: 12]
      [Scan RS (ms): Min: 0.1, Avg: 0.2, Max: 0.2, Diff: 0.1, Sum: 1.0]
      [Code Root Scanning (ms): Min: 0.0, Avg: 0.0, Max: 0.0, Diff: 0.0, Sum: 0.0]
      [Object Copy (ms): Min: 0.7, Avg: 0.8, Max: 1.0, Diff: 0.3, Sum: 4.6]
      [Termination (ms): Min: 0.0, Avg: 0.0, Max: 0.0, Diff: 0.0, Sum: 0.0]
         [Termination Attempts: Min: 1, Avg: 1.0, Max: 1, Diff: 0, Sum: 6]
      [GC Worker Other (ms): Min: 0.0, Avg: 0.1, Max: 0.1, Diff: 0.1, Sum: 0.6]
      [GC Worker Total (ms): Min: 1.2, Avg: 1.5, Max: 1.5, Diff: 0.3, Sum: 8.7]
      [GC Worker End (ms): Min: 253923.8, Avg: 253923.8, Max: 253923.9, Diff: 0.1]
   [Code Root Fixup: 0.0 ms]
   [Code Root Purge: 0.0 ms]
   [Clear CT: 0.5 ms]
   [Other: 1.1 ms]
      [Choose CSet: 0.0 ms]
      [Ref Proc: 0.2 ms]
      [Ref Enq: 0.0 ms]
      [Redirty Cards: 0.1 ms]
      [Humongous Register: 0.1 ms]
      [Humongous Reclaim: 0.0 ms]
      [Free CSet: 0.7 ms]
   [Eden: 2444.0M(2444.0M)->0.0B(2448.0M) Survivors: 12288.0K->8192.0K Heap: 2473.0M(4096.0M)->25804.2K(4096.0M)]
 [Times: user=0.03 sys=0.00, real=0.00 secs] 
2024-10-12T18:56:43.638+0300: 253.926: Total time for which application threads were stopped: 0.0036790 seconds, Stopping threads took: 0.0001827 seconds
2024-10-12T18:56:44.438+0300: 254.718: Application time: 0.7924804 seconds
2024-10-12T18:56:44.438+0300: 254.718: [GC pause (G1 Evacuation Pause) (young), 0.0040417 secs]
   [Parallel Time: 2.2 ms, GC Workers: 6]
      [GC Worker Start (ms): Min: 254718.4, Avg: 254718.4, Max: 254718.5, Diff: 0.1]
      [Ext Root Scanning (ms): Min: 0.3, Avg: 0.3, Max: 0.4, Diff: 0.1, Sum: 2.0]
      [Update RS (ms): Min: 0.1, Avg: 0.1, Max: 0.1, Diff: 0.1, Sum: 0.6]
         [Processed Buffers: Min: 1, Avg: 2.2, Max: 3, Diff: 2, Sum: 13]
      [Scan RS (ms): Min: 0.1, Avg: 0.2, Max: 0.2, Diff: 0.0, Sum: 1.0]
      [Code Root Scanning (ms): Min: 0.0, Avg: 0.0, Max: 0.0, Diff: 0.0, Sum: 0.0]
      [Object Copy (ms): Min: 1.3, Avg: 1.3, Max: 1.4, Diff: 0.1, Sum: 7.9]
      [Termination (ms): Min: 0.0, Avg: 0.0, Max: 0.0, Diff: 0.0, Sum: 0.0]
         [Termination Attempts: Min: 1, Avg: 1.0, Max: 1, Diff: 0, Sum: 6]
      [GC Worker Other (ms): Min: 0.0, Avg: 0.1, Max: 0.2, Diff: 0.1, Sum: 0.6]
      [GC Worker Total (ms): Min: 2.0, Avg: 2.0, Max: 2.1, Diff: 0.1, Sum: 12.1]
      [GC Worker End (ms): Min: 254720.4, Avg: 254720.4, Max: 254720.5, Diff: 0.1]
   [Code Root Fixup: 0.0 ms]
   [Code Root Purge: 0.0 ms]
   [Clear CT: 0.5 ms]
   [Other: 1.3 ms]
      [Choose CSet: 0.0 ms]
      [Ref Proc: 0.1 ms]
      [Ref Enq: 0.0 ms]
      [Redirty Cards: 0.1 ms]
      [Humongous Register: 0.1 ms]
      [Humongous Reclaim: 0.0 ms]
      [Free CSet: 0.8 ms]
   [Eden: 2448.0M(2448.0M)->0.0B(2444.0M) Survivors: 8192.0K->12288.0K Heap: 2473.2M(4096.0M)->30821.2K(4096.0M)]
 [Times: user=0.00 sys=0.00, real=0.00 secs] 
2024-10-12T18:56:44.438+0300: 254.722: Total time for which application threads were stopped: 0.0044139 seconds, Stopping threads took: 0.0001405 seconds
2024-10-12T18:56:45.223+0300: 255.508: Application time: 0.7852840 seconds
2024-10-12T18:56:45.223+0300: 255.508: [GC pause (G1 Evacuation Pause) (young), 0.0033071 secs]
   [Parallel Time: 1.6 ms, GC Workers: 6]
      [GC Worker Start (ms): Min: 255508.1, Avg: 255508.1, Max: 255508.2, Diff: 0.1]
      [Ext Root Scanning (ms): Min: 0.3, Avg: 0.3, Max: 0.4, Diff: 0.1, Sum: 2.0]
      [Update RS (ms): Min: 0.1, Avg: 0.1, Max: 0.1, Diff: 0.1, Sum: 0.6]
         [Processed Buffers: Min: 1, Avg: 2.2, Max: 3, Diff: 2, Sum: 13]
      [Scan RS (ms): Min: 0.2, Avg: 0.2, Max: 0.2, Diff: 0.0, Sum: 1.1]
      [Code Root Scanning (ms): Min: 0.0, Avg: 0.0, Max: 0.0, Diff: 0.0, Sum: 0.0]
      [Object Copy (ms): Min: 0.7, Avg: 0.8, Max: 0.8, Diff: 0.0, Sum: 4.5]
      [Termination (ms): Min: 0.0, Avg: 0.0, Max: 0.0, Diff: 0.0, Sum: 0.0]
         [Termination Attempts: Min: 1, Avg: 1.0, Max: 1, Diff: 0, Sum: 6]
      [GC Worker Other (ms): Min: 0.0, Avg: 0.1, Max: 0.1, Diff: 0.1, Sum: 0.5]
      [GC Worker Total (ms): Min: 1.4, Avg: 1.5, Max: 1.5, Diff: 0.1, Sum: 8.8]
      [GC Worker End (ms): Min: 255509.6, Avg: 255509.6, Max: 255509.7, Diff: 0.1]
   [Code Root Fixup: 0.0 ms]
   [Code Root Purge: 0.0 ms]
   [Clear CT: 0.5 ms]
   [Other: 1.2 ms]
      [Choose CSet: 0.0 ms]
      [Ref Proc: 0.2 ms]
      [Ref Enq: 0.0 ms]
      [Redirty Cards: 0.1 ms]
      [Humongous Register: 0.0 ms]
      [Humongous Reclaim: 0.0 ms]
      [Free CSet: 0.7 ms]
   [Eden: 2444.0M(2444.0M)->0.0B(2450.0M) Survivors: 12288.0K->6144.0K Heap: 2474.1M(4096.0M)->24785.2K(4096.0M)]
 [Times: user=0.00 sys=0.00, real=0.00 secs] 
2024-10-12T18:56:45.223+0300: 255.511: Total time for which application threads were stopped: 0.0036817 seconds, Stopping threads took: 0.0001514 seconds
2024-10-12T18:56:46.008+0300: 256.298: Application time: 0.7864428 seconds
2024-10-12T18:56:46.008+0300: 256.298: [GC pause (G1 Evacuation Pause) (young), 0.0041252 secs]
   [Parallel Time: 2.1 ms, GC Workers: 6]
      [GC Worker Start (ms): Min: 256298.4, Avg: 256298.4, Max: 256298.4, Diff: 0.1]
      [Ext Root Scanning (ms): Min: 0.3, Avg: 0.3, Max: 0.3, Diff: 0.1, Sum: 1.9]
      [Update RS (ms): Min: 0.1, Avg: 0.1, Max: 0.1, Diff: 0.1, Sum: 0.6]
         [Processed Buffers: Min: 1, Avg: 2.2, Max: 3, Diff: 2, Sum: 13]
      [Scan RS (ms): Min: 0.1, Avg: 0.2, Max: 0.2, Diff: 0.0, Sum: 1.0]
      [Code Root Scanning (ms): Min: 0.0, Avg: 0.0, Max: 0.0, Diff: 0.0, Sum: 0.0]
      [Object Copy (ms): Min: 1.2, Avg: 1.3, Max: 1.3, Diff: 0.0, Sum: 7.6]
      [Termination (ms): Min: 0.0, Avg: 0.0, Max: 0.0, Diff: 0.0, Sum: 0.0]
         [Termination Attempts: Min: 1, Avg: 1.0, Max: 1, Diff: 0, Sum: 6]
      [GC Worker Other (ms): Min: 0.0, Avg: 0.1, Max: 0.1, Diff: 0.1, Sum: 0.5]
      [GC Worker Total (ms): Min: 1.9, Avg: 1.9, Max: 2.0, Diff: 0.1, Sum: 11.7]
      [GC Worker End (ms): Min: 256300.3, Avg: 256300.3, Max: 256300.4, Diff: 0.1]
   [Code Root Fixup: 0.0 ms]
   [Code Root Purge: 0.0 ms]
   [Clear CT: 0.5 ms]
   [Other: 1.5 ms]
      [Choose CSet: 0.0 ms]
      [Ref Proc: 0.1 ms]
      [Ref Enq: 0.0 ms]
      [Redirty Cards: 0.1 ms]
      [Humongous Register: 0.1 ms]
      [Humongous Reclaim: 0.0 ms]
      [Free CSet: 1.1 ms]
   [Eden: 2450.0M(2450.0M)->0.0B(2444.0M) Survivors: 6144.0K->12288.0K Heap: 2474.2M(4096.0M)->30896.8K(4096.0M)]
 [Times: user=0.00 sys=0.00, real=0.00 secs] 
2024-10-12T18:56:46.008+0300: 256.303: Total time for which application threads were stopped: 0.0046347 seconds, Stopping threads took: 0.0002644 seconds
2024-10-12T18:56:46.794+0300: 257.080: Application time: 0.7771019 seconds
2024-10-12T18:56:46.794+0300: 257.080: [GC pause (G1 Evacuation Pause) (young), 0.0033772 secs]
   [Parallel Time: 1.6 ms, GC Workers: 6]
      [GC Worker Start (ms): Min: 257080.2, Avg: 257080.2, Max: 257080.3, Diff: 0.1]
      [Ext Root Scanning (ms): Min: 0.3, Avg: 0.3, Max: 0.4, Diff: 0.1, Sum: 2.0]
      [Update RS (ms): Min: 0.1, Avg: 0.1, Max: 0.1, Diff: 0.1, Sum: 0.6]
         [Processed Buffers: Min: 1, Avg: 2.2, Max: 3, Diff: 2, Sum: 13]
      [Scan RS (ms): Min: 0.1, Avg: 0.2, Max: 0.2, Diff: 0.1, Sum: 1.0]
      [Code Root Scanning (ms): Min: 0.0, Avg: 0.0, Max: 0.0, Diff: 0.0, Sum: 0.0]
      [Object Copy (ms): Min: 0.8, Avg: 0.8, Max: 0.8, Diff: 0.1, Sum: 4.7]
      [Termination (ms): Min: 0.0, Avg: 0.0, Max: 0.0, Diff: 0.0, Sum: 0.0]
         [Termination Attempts: Min: 1, Avg: 1.0, Max: 1, Diff: 0, Sum: 6]
      [GC Worker Other (ms): Min: 0.0, Avg: 0.1, Max: 0.1, Diff: 0.1, Sum: 0.6]
      [GC Worker Total (ms): Min: 1.5, Avg: 1.5, Max: 1.6, Diff: 0.1, Sum: 9.0]
      [GC Worker End (ms): Min: 257081.7, Avg: 257081.7, Max: 257081.7, Diff: 0.1]
   [Code Root Fixup: 0.0 ms]
   [Code Root Purge: 0.0 ms]
   [Clear CT: 0.5 ms]
   [Other: 1.2 ms]
      [Choose CSet: 0.0 ms]
      [Ref Proc: 0.1 ms]
      [Ref Enq: 0.0 ms]
      [Redirty Cards: 0.1 ms]
      [Humongous Register: 0.1 ms]
      [Humongous Reclaim: 0.0 ms]
      [Free CSet: 0.7 ms]
   [Eden: 2444.0M(2444.0M)->0.0B(2444.0M) Survivors: 12288.0K->12288.0K Heap: 2474.2M(4096.0M)->30291.3K(4096.0M)]
 [Times: user=0.00 sys=0.00, real=0.00 secs] 
2024-10-12T18:56:46.794+0300: 257.083: Total time for which application threads were stopped: 0.0038520 seconds, Stopping threads took: 0.0001975 seconds
2024-10-12T18:56:47.578+0300: 257.863: Application time: 0.7796505 seconds
2024-10-12T18:56:47.578+0300: 257.863: [GC pause (G1 Evacuation Pause) (young), 0.0031048 secs]
   [Parallel Time: 1.5 ms, GC Workers: 6]
      [GC Worker Start (ms): Min: 257863.5, Avg: 257863.5, Max: 257863.5, Diff: 0.1]
      [Ext Root Scanning (ms): Min: 0.3, Avg: 0.3, Max: 0.4, Diff: 0.1, Sum: 1.9]
      [Update RS (ms): Min: 0.1, Avg: 0.1, Max: 0.1, Diff: 0.1, Sum: 0.6]
         [Processed Buffers: Min: 1, Avg: 2.2, Max: 3, Diff: 2, Sum: 13]
      [Scan RS (ms): Min: 0.2, Avg: 0.2, Max: 0.2, Diff: 0.0, Sum: 1.0]
      [Code Root Scanning (ms): Min: 0.0, Avg: 0.0, Max: 0.0, Diff: 0.0, Sum: 0.0]
      [Object Copy (ms): Min: 0.7, Avg: 0.7, Max: 0.7, Diff: 0.1, Sum: 4.3]
      [Termination (ms): Min: 0.0, Avg: 0.0, Max: 0.0, Diff: 0.0, Sum: 0.0]
         [Termination Attempts: Min: 1, Avg: 1.0, Max: 1, Diff: 0, Sum: 6]
      [GC Worker Other (ms): Min: 0.0, Avg: 0.1, Max: 0.1, Diff: 0.1, Sum: 0.5]
      [GC Worker Total (ms): Min: 1.4, Avg: 1.4, Max: 1.4, Diff: 0.1, Sum: 8.5]
      [GC Worker End (ms): Min: 257864.9, Avg: 257864.9, Max: 257865.0, Diff: 0.1]
   [Code Root Fixup: 0.0 ms]
   [Code Root Purge: 0.0 ms]
   [Clear CT: 0.5 ms]
   [Other: 1.1 ms]
      [Choose CSet: 0.0 ms]
      [Ref Proc: 0.1 ms]
      [Ref Enq: 0.0 ms]
      [Redirty Cards: 0.1 ms]
      [Humongous Register: 0.0 ms]
      [Humongous Reclaim: 0.0 ms]
      [Free CSet: 0.7 ms]
   [Eden: 2444.0M(2444.0M)->0.0B(2446.0M) Survivors: 12288.0K->10240.0K Heap: 2473.6M(4096.0M)->27768.3K(4096.0M)]
 [Times: user=0.00 sys=0.00, real=0.00 secs] 
2024-10-12T18:56:47.578+0300: 257.867: Total time for which application threads were stopped: 0.0035110 seconds, Stopping threads took: 0.0001622 seconds
2024-10-12T18:56:48.362+0300: 258.647: Application time: 0.7799725 seconds
2024-10-12T18:56:48.362+0300: 258.647: [GC pause (G1 Evacuation Pause) (young), 0.0031291 secs]
   [Parallel Time: 1.6 ms, GC Workers: 6]
      [GC Worker Start (ms): Min: 258647.0, Avg: 258647.1, Max: 258647.1, Diff: 0.0]
      [Ext Root Scanning (ms): Min: 0.3, Avg: 0.3, Max: 0.4, Diff: 0.0, Sum: 2.0]
      [Update RS (ms): Min: 0.1, Avg: 0.1, Max: 0.1, Diff: 0.1, Sum: 0.6]
         [Processed Buffers: Min: 1, Avg: 2.2, Max: 3, Diff: 2, Sum: 13]
      [Scan RS (ms): Min: 0.2, Avg: 0.2, Max: 0.2, Diff: 0.0, Sum: 1.0]
      [Code Root Scanning (ms): Min: 0.0, Avg: 0.0, Max: 0.0, Diff: 0.0, Sum: 0.0]
      [Object Copy (ms): Min: 0.8, Avg: 0.8, Max: 0.8, Diff: 0.1, Sum: 4.7]
      [Termination (ms): Min: 0.0, Avg: 0.0, Max: 0.0, Diff: 0.0, Sum: 0.0]
         [Termination Attempts: Min: 1, Avg: 2.5, Max: 5, Diff: 4, Sum: 15]
      [GC Worker Other (ms): Min: 0.0, Avg: 0.1, Max: 0.1, Diff: 0.1, Sum: 0.4]
      [GC Worker Total (ms): Min: 1.4, Avg: 1.5, Max: 1.5, Diff: 0.1, Sum: 8.8]
      [GC Worker End (ms): Min: 258648.5, Avg: 258648.5, Max: 258648.6, Diff: 0.1]
   [Code Root Fixup: 0.0 ms]
   [Code Root Purge: 0.0 ms]
   [Clear CT: 0.5 ms]
   [Other: 1.0 ms]
      [Choose CSet: 0.0 ms]
      [Ref Proc: 0.1 ms]
      [Ref Enq: 0.0 ms]
      [Redirty Cards: 0.1 ms]
      [Humongous Register: 0.0 ms]
      [Humongous Reclaim: 0.0 ms]
      [Free CSet: 0.7 ms]
   [Eden: 2446.0M(2446.0M)->0.0B(2446.0M) Survivors: 10240.0K->10240.0K Heap: 2473.1M(4096.0M)->27760.2K(4096.0M)]
 [Times: user=0.00 sys=0.00, real=0.00 secs] 
2024-10-12T18:56:48.362+0300: 258.650: Total time for which application threads were stopped: 0.0035663 seconds, Stopping threads took: 0.0002099 seconds
2024-10-12T18:56:49.147+0300: 259.431: Application time: 0.7804500 seconds
2024-10-12T18:56:49.147+0300: 259.431: [GC pause (G1 Evacuation Pause) (young), 0.0032576 secs]
   [Parallel Time: 1.7 ms, GC Workers: 6]
      [GC Worker Start (ms): Min: 259431.1, Avg: 259431.1, Max: 259431.1, Diff: 0.1]
      [Ext Root Scanning (ms): Min: 0.3, Avg: 0.3, Max: 0.4, Diff: 0.1, Sum: 1.9]
      [Update RS (ms): Min: 0.1, Avg: 0.1, Max: 0.1, Diff: 0.1, Sum: 0.6]
         [Processed Buffers: Min: 1, Avg: 2.2, Max: 3, Diff: 2, Sum: 13]
      [Scan RS (ms): Min: 0.2, Avg: 0.2, Max: 0.2, Diff: 0.0, Sum: 1.1]
      [Code Root Scanning (ms): Min: 0.0, Avg: 0.0, Max: 0.0, Diff: 0.0, Sum: 0.0]
      [Object Copy (ms): Min: 0.8, Avg: 0.8, Max: 0.8, Diff: 0.1, Sum: 4.7]
      [Termination (ms): Min: 0.0, Avg: 0.0, Max: 0.0, Diff: 0.0, Sum: 0.0]
         [Termination Attempts: Min: 1, Avg: 1.0, Max: 1, Diff: 0, Sum: 6]
      [GC Worker Other (ms): Min: 0.0, Avg: 0.1, Max: 0.2, Diff: 0.2, Sum: 0.9]
      [GC Worker Total (ms): Min: 1.4, Avg: 1.5, Max: 1.6, Diff: 0.2, Sum: 9.2]
      [GC Worker End (ms): Min: 259432.5, Avg: 259432.6, Max: 259432.7, Diff: 0.2]
   [Code Root Fixup: 0.0 ms]
   [Code Root Purge: 0.0 ms]
   [Clear CT: 0.5 ms]
   [Other: 1.1 ms]
      [Choose CSet: 0.0 ms]
      [Ref Proc: 0.1 ms]
      [Ref Enq: 0.0 ms]
      [Redirty Cards: 0.1 ms]
      [Humongous Register: 0.1 ms]
      [Humongous Reclaim: 0.0 ms]
      [Free CSet: 0.6 ms]
   [Eden: 2446.0M(2446.0M)->0.0B(2444.0M) Survivors: 10240.0K->12288.0K Heap: 2473.1M(4096.0M)->30717.1K(4096.0M)]
 [Times: user=0.00 sys=0.00, real=0.00 secs] 
2024-10-12T18:56:49.147+0300: 259.434: Total time for which application threads were stopped: 0.0036971 seconds, Stopping threads took: 0.0001847 seconds
2024-10-12T18:56:49.932+0300: 260.212: Application time: 0.7781494 seconds
2024-10-12T18:56:49.932+0300: 260.213: [GC pause (G1 Evacuation Pause) (young), 0.0034023 secs]
   [Parallel Time: 1.6 ms, GC Workers: 6]
      [GC Worker Start (ms): Min: 260212.8, Avg: 260212.9, Max: 260212.9, Diff: 0.1]
      [Ext Root Scanning (ms): Min: 0.3, Avg: 0.3, Max: 0.4, Diff: 0.1, Sum: 2.0]
      [Update RS (ms): Min: 0.1, Avg: 0.1, Max: 0.1, Diff: 0.1, Sum: 0.6]
         [Processed Buffers: Min: 1, Avg: 2.2, Max: 4, Diff: 3, Sum: 13]
      [Scan RS (ms): Min: 0.2, Avg: 0.2, Max: 0.2, Diff: 0.0, Sum: 1.0]
      [Code Root Scanning (ms): Min: 0.0, Avg: 0.0, Max: 0.0, Diff: 0.0, Sum: 0.0]
      [Object Copy (ms): Min: 0.7, Avg: 0.8, Max: 0.8, Diff: 0.1, Sum: 4.5]
      [Termination (ms): Min: 0.0, Avg: 0.0, Max: 0.0, Diff: 0.0, Sum: 0.0]
         [Termination Attempts: Min: 1, Avg: 1.0, Max: 1, Diff: 0, Sum: 6]
      [GC Worker Other (ms): Min: 0.0, Avg: 0.1, Max: 0.2, Diff: 0.1, Sum: 0.7]
      [GC Worker Total (ms): Min: 1.4, Avg: 1.5, Max: 1.5, Diff: 0.1, Sum: 8.8]
      [GC Worker End (ms): Min: 260214.3, Avg: 260214.3, Max: 260214.4, Diff: 0.1]
   [Code Root Fixup: 0.0 ms]
   [Code Root Purge: 0.0 ms]
   [Clear CT: 0.5 ms]
   [Other: 1.3 ms]
      [Choose CSet: 0.0 ms]
      [Ref Proc: 0.2 ms]
      [Ref Enq: 0.0 ms]
      [Redirty Cards: 0.1 ms]
      [Humongous Register: 0.0 ms]
      [Humongous Reclaim: 0.0 ms]
      [Free CSet: 0.7 ms]
   [Eden: 2444.0M(2444.0M)->0.0B(2448.0M) Survivors: 12288.0K->8192.0K Heap: 2474.0M(4096.0M)->26612.1K(4096.0M)]
 [Times: user=0.00 sys=0.00, real=0.00 secs] 
2024-10-12T18:56:49.932+0300: 260.216: Total time for which application threads were stopped: 0.0037818 seconds, Stopping threads took: 0.0001318 seconds
2024-10-12T18:56:50.704+0300: 260.989: Application time: 0.7730009 seconds
2024-10-12T18:56:50.704+0300: 260.989: [GC pause (G1 Evacuation Pause) (young), 0.0037110 secs]
   [Parallel Time: 2.2 ms, GC Workers: 6]
      [GC Worker Start (ms): Min: 260989.6, Avg: 260989.6, Max: 260989.6, Diff: 0.1]
      [Ext Root Scanning (ms): Min: 0.3, Avg: 0.3, Max: 0.4, Diff: 0.1, Sum: 1.9]
      [Update RS (ms): Min: 0.1, Avg: 0.1, Max: 0.1, Diff: 0.1, Sum: 0.6]
         [Processed Buffers: Min: 1, Avg: 2.2, Max: 3, Diff: 2, Sum: 13]
      [Scan RS (ms): Min: 0.2, Avg: 0.2, Max: 0.2, Diff: 0.0, Sum: 1.1]
      [Code Root Scanning (ms): Min: 0.0, Avg: 0.0, Max: 0.0, Diff: 0.0, Sum: 0.0]
      [Object Copy (ms): Min: 1.4, Avg: 1.4, Max: 1.4, Diff: 0.0, Sum: 8.3]
      [Termination (ms): Min: 0.0, Avg: 0.0, Max: 0.0, Diff: 0.0, Sum: 0.0]
         [Termination Attempts: Min: 1, Avg: 1.0, Max: 1, Diff: 0, Sum: 6]
      [GC Worker Other (ms): Min: 0.0, Avg: 0.1, Max: 0.1, Diff: 0.1, Sum: 0.4]
      [GC Worker Total (ms): Min: 2.0, Avg: 2.1, Max: 2.1, Diff: 0.1, Sum: 12.3]
      [GC Worker End (ms): Min: 260991.6, Avg: 260991.7, Max: 260991.7, Diff: 0.1]
   [Code Root Fixup: 0.0 ms]
   [Code Root Purge: 0.0 ms]
   [Clear CT: 0.5 ms]
   [Other: 1.0 ms]
      [Choose CSet: 0.0 ms]
      [Ref Proc: 0.1 ms]
      [Ref Enq: 0.0 ms]
      [Redirty Cards: 0.1 ms]
      [Humongous Register: 0.0 ms]
      [Humongous Reclaim: 0.0 ms]
      [Free CSet: 0.6 ms]
   [Eden: 2448.0M(2448.0M)->0.0B(2444.0M) Survivors: 8192.0K->12288.0K Heap: 2474.0M(4096.0M)->30686.1K(4096.0M)]
 [Times: user=0.00 sys=0.00, real=0.00 secs] 
2024-10-12T18:56:50.704+0300: 260.993: Total time for which application threads were stopped: 0.0040569 seconds, Stopping threads took: 0.0001293 seconds
2024-10-12T18:56:51.485+0300: 261.767: Application time: 0.7738084 seconds
2024-10-12T18:56:51.485+0300: 261.767: [GC pause (G1 Evacuation Pause) (young), 0.0030468 secs]
   [Parallel Time: 1.5 ms, GC Workers: 6]
      [GC Worker Start (ms): Min: 261767.5, Avg: 261767.5, Max: 261767.5, Diff: 0.1]
      [Ext Root Scanning (ms): Min: 0.3, Avg: 0.3, Max: 0.4, Diff: 0.1, Sum: 2.0]
      [Update RS (ms): Min: 0.1, Avg: 0.1, Max: 0.1, Diff: 0.1, Sum: 0.6]
         [Processed Buffers: Min: 1, Avg: 2.2, Max: 4, Diff: 3, Sum: 13]
      [Scan RS (ms): Min: 0.1, Avg: 0.2, Max: 0.2, Diff: 0.0, Sum: 1.0]
      [Code Root Scanning (ms): Min: 0.0, Avg: 0.0, Max: 0.0, Diff: 0.0, Sum: 0.0]
      [Object Copy (ms): Min: 0.7, Avg: 0.8, Max: 0.8, Diff: 0.0, Sum: 4.5]
      [Termination (ms): Min: 0.0, Avg: 0.0, Max: 0.0, Diff: 0.0, Sum: 0.0]
         [Termination Attempts: Min: 1, Avg: 1.0, Max: 1, Diff: 0, Sum: 6]
      [GC Worker Other (ms): Min: 0.0, Avg: 0.1, Max: 0.1, Diff: 0.1, Sum: 0.5]
      [GC Worker Total (ms): Min: 1.4, Avg: 1.4, Max: 1.5, Diff: 0.1, Sum: 8.6]
      [GC Worker End (ms): Min: 261768.9, Avg: 261768.9, Max: 261769.0, Diff: 0.1]
   [Code Root Fixup: 0.0 ms]
   [Code Root Purge: 0.0 ms]
   [Clear CT: 0.5 ms]
   [Other: 1.0 ms]
      [Choose CSet: 0.0 ms]
      [Ref Proc: 0.1 ms]
      [Ref Enq: 0.0 ms]
      [Redirty Cards: 0.1 ms]
      [Humongous Register: 0.0 ms]
      [Humongous Reclaim: 0.0 ms]
      [Free CSet: 0.6 ms]
   [Eden: 2444.0M(2444.0M)->0.0B(2448.0M) Survivors: 12288.0K->8192.0K Heap: 2474.0M(4096.0M)->25829.2K(4096.0M)]
 [Times: user=0.00 sys=0.00, real=0.00 secs] 
2024-10-12T18:56:51.485+0300: 261.771: Total time for which application threads were stopped: 0.0034239 seconds, Stopping threads took: 0.0001427 seconds
2024-10-12T18:56:52.271+0300: 262.551: Application time: 0.7803981 seconds
2024-10-12T18:56:52.271+0300: 262.551: [GC pause (G1 Evacuation Pause) (young), 0.0034011 secs]
   [Parallel Time: 1.7 ms, GC Workers: 6]
      [GC Worker Start (ms): Min: 262551.4, Avg: 262551.4, Max: 262551.4, Diff: 0.0]
      [Ext Root Scanning (ms): Min: 0.3, Avg: 0.3, Max: 0.3, Diff: 0.0, Sum: 1.9]
      [Update RS (ms): Min: 0.1, Avg: 0.1, Max: 0.1, Diff: 0.1, Sum: 0.6]
         [Processed Buffers: Min: 1, Avg: 2.2, Max: 3, Diff: 2, Sum: 13]
      [Scan RS (ms): Min: 0.2, Avg: 0.2, Max: 0.2, Diff: 0.0, Sum: 1.1]
      [Code Root Scanning (ms): Min: 0.0, Avg: 0.0, Max: 0.0, Diff: 0.0, Sum: 0.0]
      [Object Copy (ms): Min: 0.8, Avg: 0.8, Max: 0.8, Diff: 0.1, Sum: 4.9]
      [Termination (ms): Min: 0.0, Avg: 0.0, Max: 0.0, Diff: 0.0, Sum: 0.0]
         [Termination Attempts: Min: 1, Avg: 1.8, Max: 3, Diff: 2, Sum: 11]
      [GC Worker Other (ms): Min: 0.0, Avg: 0.1, Max: 0.2, Diff: 0.2, Sum: 0.9]
      [GC Worker Total (ms): Min: 1.5, Avg: 1.6, Max: 1.7, Diff: 0.2, Sum: 9.5]
      [GC Worker End (ms): Min: 262552.9, Avg: 262553.0, Max: 262553.1, Diff: 0.2]
   [Code Root Fixup: 0.0 ms]
   [Code Root Purge: 0.0 ms]
   [Clear CT: 0.5 ms]
   [Other: 1.1 ms]
      [Choose CSet: 0.0 ms]
      [Ref Proc: 0.2 ms]
      [Ref Enq: 0.0 ms]
      [Redirty Cards: 0.1 ms]
      [Humongous Register: 0.1 ms]
      [Humongous Reclaim: 0.0 ms]
      [Free CSet: 0.7 ms]
   [Eden: 2448.0M(2448.0M)->0.0B(2448.0M) Survivors: 8192.0K->8192.0K Heap: 2473.2M(4096.0M)->26808.9K(4096.0M)]
 [Times: user=0.00 sys=0.00, real=0.00 secs] 
2024-10-12T18:56:52.271+0300: 262.555: Total time for which application threads were stopped: 0.0038404 seconds, Stopping threads took: 0.0001867 seconds
2024-10-12T18:56:53.056+0300: 263.339: Application time: 0.7843419 seconds
2024-10-12T18:56:53.056+0300: 263.339: [GC pause (G1 Evacuation Pause) (young), 0.0032806 secs]
   [Parallel Time: 1.7 ms, GC Workers: 6]
      [GC Worker Start (ms): Min: 263339.6, Avg: 263339.6, Max: 263339.7, Diff: 0.1]
      [Ext Root Scanning (ms): Min: 0.3, Avg: 0.4, Max: 0.7, Diff: 0.4, Sum: 2.5]
      [Update RS (ms): Min: 0.0, Avg: 0.1, Max: 0.1, Diff: 0.1, Sum: 0.6]
         [Processed Buffers: Min: 0, Avg: 2.2, Max: 3, Diff: 3, Sum: 13]
      [Scan RS (ms): Min: 0.0, Avg: 0.2, Max: 0.2, Diff: 0.2, Sum: 1.0]
      [Code Root Scanning (ms): Min: 0.0, Avg: 0.0, Max: 0.0, Diff: 0.0, Sum: 0.0]
      [Object Copy (ms): Min: 0.7, Avg: 0.8, Max: 0.8, Diff: 0.1, Sum: 4.7]
      [Termination (ms): Min: 0.0, Avg: 0.0, Max: 0.0, Diff: 0.0, Sum: 0.0]
         [Termination Attempts: Min: 1, Avg: 1.0, Max: 1, Diff: 0, Sum: 6]
      [GC Worker Other (ms): Min: 0.0, Avg: 0.1, Max: 0.1, Diff: 0.1, Sum: 0.6]
      [GC Worker Total (ms): Min: 1.4, Avg: 1.5, Max: 1.6, Diff: 0.2, Sum: 9.3]
      [GC Worker End (ms): Min: 263341.1, Avg: 263341.2, Max: 263341.2, Diff: 0.1]
   [Code Root Fixup: 0.0 ms]
   [Code Root Purge: 0.0 ms]
   [Clear CT: 0.5 ms]
   [Other: 1.0 ms]
      [Choose CSet: 0.0 ms]
      [Ref Proc: 0.1 ms]
      [Ref Enq: 0.0 ms]
      [Redirty Cards: 0.1 ms]
      [Humongous Register: 0.1 ms]
      [Humongous Reclaim: 0.0 ms]
      [Free CSet: 0.6 ms]
   [Eden: 2448.0M(2448.0M)->0.0B(2446.0M) Survivors: 8192.0K->10240.0K Heap: 2474.2M(4096.0M)->28797.5K(4096.0M)]
 [Times: user=0.00 sys=0.00, real=0.00 secs] 
2024-10-12T18:56:53.056+0300: 263.343: Total time for which application threads were stopped: 0.0037147 seconds, Stopping threads took: 0.0001928 seconds
2024-10-12T18:56:53.826+0300: 264.116: Application time: 0.7733350 seconds
2024-10-12T18:56:53.826+0300: 264.116: [GC pause (G1 Evacuation Pause) (young), 0.0032343 secs]
   [Parallel Time: 1.7 ms, GC Workers: 6]
      [GC Worker Start (ms): Min: 264116.5, Avg: 264116.6, Max: 264116.6, Diff: 0.1]
      [Ext Root Scanning (ms): Min: 0.3, Avg: 0.3, Max: 0.4, Diff: 0.1, Sum: 1.9]
      [Update RS (ms): Min: 0.1, Avg: 0.1, Max: 0.1, Diff: 0.1, Sum: 0.6]
         [Processed Buffers: Min: 1, Avg: 2.2, Max: 4, Diff: 3, Sum: 13]
      [Scan RS (ms): Min: 0.1, Avg: 0.2, Max: 0.2, Diff: 0.0, Sum: 1.0]
      [Code Root Scanning (ms): Min: 0.0, Avg: 0.0, Max: 0.0, Diff: 0.0, Sum: 0.0]
      [Object Copy (ms): Min: 0.8, Avg: 0.8, Max: 0.9, Diff: 0.0, Sum: 5.1]
      [Termination (ms): Min: 0.0, Avg: 0.0, Max: 0.0, Diff: 0.0, Sum: 0.0]
         [Termination Attempts: Min: 1, Avg: 1.0, Max: 1, Diff: 0, Sum: 6]
      [GC Worker Other (ms): Min: 0.0, Avg: 0.1, Max: 0.1, Diff: 0.1, Sum: 0.5]
      [GC Worker Total (ms): Min: 1.5, Avg: 1.5, Max: 1.6, Diff: 0.1, Sum: 9.2]
      [GC Worker End (ms): Min: 264118.0, Avg: 264118.1, Max: 264118.1, Diff: 0.1]
   [Code Root Fixup: 0.0 ms]
   [Code Root Purge: 0.0 ms]
   [Clear CT: 0.5 ms]
   [Other: 1.1 ms]
      [Choose CSet: 0.0 ms]
      [Ref Proc: 0.1 ms]
      [Ref Enq: 0.0 ms]
      [Redirty Cards: 0.1 ms]
      [Humongous Register: 0.0 ms]
      [Humongous Reclaim: 0.0 ms]
      [Free CSet: 0.7 ms]
   [Eden: 2446.0M(2446.0M)->0.0B(2446.0M) Survivors: 10240.0K->10240.0K Heap: 2474.1M(4096.0M)->28817.3K(4096.0M)]
 [Times: user=0.00 sys=0.00, real=0.00 secs] 
2024-10-12T18:56:53.826+0300: 264.120: Total time for which application threads were stopped: 0.0035850 seconds, Stopping threads took: 0.0001259 seconds
2024-10-12T18:56:54.613+0300: 264.898: Application time: 0.7784591 seconds
2024-10-12T18:56:54.613+0300: 264.899: [GC pause (G1 Evacuation Pause) (young), 0.0036927 secs]
   [Parallel Time: 2.1 ms, GC Workers: 6]
      [GC Worker Start (ms): Min: 264898.7, Avg: 264898.7, Max: 264898.8, Diff: 0.1]
      [Ext Root Scanning (ms): Min: 0.3, Avg: 0.3, Max: 0.4, Diff: 0.1, Sum: 2.1]
      [Update RS (ms): Min: 0.1, Avg: 0.1, Max: 0.1, Diff: 0.1, Sum: 0.6]
         [Processed Buffers: Min: 1, Avg: 2.2, Max: 3, Diff: 2, Sum: 13]
      [Scan RS (ms): Min: 0.2, Avg: 0.2, Max: 0.2, Diff: 0.0, Sum: 1.0]
      [Code Root Scanning (ms): Min: 0.0, Avg: 0.0, Max: 0.0, Diff: 0.0, Sum: 0.0]
      [Object Copy (ms): Min: 1.3, Avg: 1.3, Max: 1.4, Diff: 0.0, Sum: 8.0]
      [Termination (ms): Min: 0.0, Avg: 0.0, Max: 0.0, Diff: 0.0, Sum: 0.0]
         [Termination Attempts: Min: 1, Avg: 1.0, Max: 1, Diff: 0, Sum: 6]
      [GC Worker Other (ms): Min: 0.0, Avg: 0.1, Max: 0.1, Diff: 0.1, Sum: 0.4]
      [GC Worker Total (ms): Min: 1.9, Avg: 2.0, Max: 2.1, Diff: 0.2, Sum: 12.2]
      [GC Worker End (ms): Min: 264900.7, Avg: 264900.7, Max: 264900.8, Diff: 0.1]
   [Code Root Fixup: 0.0 ms]
   [Code Root Purge: 0.0 ms]
   [Clear CT: 0.5 ms]
   [Other: 1.0 ms]
      [Choose CSet: 0.0 ms]
      [Ref Proc: 0.1 ms]
      [Ref Enq: 0.0 ms]
      [Redirty Cards: 0.1 ms]
      [Humongous Register: 0.0 ms]
      [Humongous Reclaim: 0.0 ms]
      [Free CSet: 0.6 ms]
   [Eden: 2446.0M(2446.0M)->0.0B(2444.0M) Survivors: 10240.0K->12288.0K Heap: 2474.1M(4096.0M)->30959.2K(4096.0M)]
 [Times: user=0.00 sys=0.00, real=0.00 secs] 
2024-10-12T18:56:54.613+0300: 264.902: Total time for which application threads were stopped: 0.0041505 seconds, Stopping threads took: 0.0002192 seconds
2024-10-12T18:56:55.396+0300: 265.681: Application time: 0.7784241 seconds
2024-10-12T18:56:55.396+0300: 265.681: [GC pause (G1 Evacuation Pause) (young), 0.0030842 secs]
   [Parallel Time: 1.6 ms, GC Workers: 6]
      [GC Worker Start (ms): Min: 265681.2, Avg: 265681.2, Max: 265681.3, Diff: 0.1]
      [Ext Root Scanning (ms): Min: 0.3, Avg: 0.3, Max: 0.4, Diff: 0.1, Sum: 2.0]
      [Update RS (ms): Min: 0.1, Avg: 0.1, Max: 0.1, Diff: 0.1, Sum: 0.7]
         [Processed Buffers: Min: 1, Avg: 2.2, Max: 3, Diff: 2, Sum: 13]
      [Scan RS (ms): Min: 0.2, Avg: 0.2, Max: 0.2, Diff: 0.0, Sum: 1.1]
      [Code Root Scanning (ms): Min: 0.0, Avg: 0.0, Max: 0.0, Diff: 0.0, Sum: 0.0]
      [Object Copy (ms): Min: 0.7, Avg: 0.8, Max: 0.8, Diff: 0.1, Sum: 4.6]
      [Termination (ms): Min: 0.0, Avg: 0.0, Max: 0.0, Diff: 0.0, Sum: 0.0]
         [Termination Attempts: Min: 1, Avg: 1.5, Max: 2, Diff: 1, Sum: 9]
      [GC Worker Other (ms): Min: 0.0, Avg: 0.1, Max: 0.1, Diff: 0.1, Sum: 0.5]
      [GC Worker Total (ms): Min: 1.4, Avg: 1.5, Max: 1.5, Diff: 0.1, Sum: 8.9]
      [GC Worker End (ms): Min: 265682.7, Avg: 265682.7, Max: 265682.8, Diff: 0.1]
   [Code Root Fixup: 0.0 ms]
   [Code Root Purge: 0.0 ms]
   [Clear CT: 0.5 ms]
   [Other: 1.0 ms]
      [Choose CSet: 0.0 ms]
      [Ref Proc: 0.1 ms]
      [Ref Enq: 0.0 ms]
      [Redirty Cards: 0.1 ms]
      [Humongous Register: 0.0 ms]
      [Humongous Reclaim: 0.0 ms]
      [Free CSet: 0.6 ms]
   [Eden: 2444.0M(2444.0M)->0.0B(2448.0M) Survivors: 12288.0K->8192.0K Heap: 2474.2M(4096.0M)->25841.7K(4096.0M)]
 [Times: user=0.00 sys=0.00, real=0.00 secs] 
2024-10-12T18:56:55.396+0300: 265.684: Total time for which application threads were stopped: 0.0034830 seconds, Stopping threads took: 0.0001849 seconds
2024-10-12T18:56:56.181+0300: 266.470: Application time: 0.7860966 seconds
2024-10-12T18:56:56.181+0300: 266.471: [GC pause (G1 Evacuation Pause) (young), 0.0032112 secs]
   [Parallel Time: 1.6 ms, GC Workers: 6]
      [GC Worker Start (ms): Min: 266470.7, Avg: 266470.8, Max: 266471.2, Diff: 0.4]
      [Ext Root Scanning (ms): Min: 0.0, Avg: 0.3, Max: 0.4, Diff: 0.4, Sum: 1.9]
      [Update RS (ms): Min: 0.1, Avg: 0.1, Max: 0.1, Diff: 0.0, Sum: 0.7]
         [Processed Buffers: Min: 1, Avg: 2.2, Max: 3, Diff: 2, Sum: 13]
      [Scan RS (ms): Min: 0.2, Avg: 0.2, Max: 0.2, Diff: 0.0, Sum: 1.1]
      [Code Root Scanning (ms): Min: 0.0, Avg: 0.0, Max: 0.0, Diff: 0.0, Sum: 0.0]
      [Object Copy (ms): Min: 0.7, Avg: 0.7, Max: 0.8, Diff: 0.1, Sum: 4.5]
      [Termination (ms): Min: 0.0, Avg: 0.0, Max: 0.0, Diff: 0.0, Sum: 0.0]
         [Termination Attempts: Min: 1, Avg: 1.0, Max: 1, Diff: 0, Sum: 6]
      [GC Worker Other (ms): Min: 0.0, Avg: 0.1, Max: 0.1, Diff: 0.1, Sum: 0.5]
      [GC Worker Total (ms): Min: 1.1, Avg: 1.4, Max: 1.6, Diff: 0.5, Sum: 8.7]
      [GC Worker End (ms): Min: 266472.2, Avg: 266472.3, Max: 266472.3, Diff: 0.1]
   [Code Root Fixup: 0.0 ms]
   [Code Root Purge: 0.0 ms]
   [Clear CT: 0.5 ms]
   [Other: 1.1 ms]
      [Choose CSet: 0.0 ms]
      [Ref Proc: 0.1 ms]
      [Ref Enq: 0.0 ms]
      [Redirty Cards: 0.1 ms]
      [Humongous Register: 0.1 ms]
      [Humongous Reclaim: 0.0 ms]
      [Free CSet: 0.7 ms]
   [Eden: 2448.0M(2448.0M)->0.0B(2450.0M) Survivors: 8192.0K->6144.0K Heap: 2473.2M(4096.0M)->24760.1K(4096.0M)]
 [Times: user=0.00 sys=0.00, real=0.00 secs] 
2024-10-12T18:56:56.181+0300: 266.474: Total time for which application threads were stopped: 0.0035400 seconds, Stopping threads took: 0.0000988 seconds
2024-10-12T18:56:56.965+0300: 267.256: Application time: 0.7818486 seconds
2024-10-12T18:56:56.965+0300: 267.256: [GC pause (G1 Evacuation Pause) (young), 0.0032766 secs]
   [Parallel Time: 1.6 ms, GC Workers: 6]
      [GC Worker Start (ms): Min: 267256.2, Avg: 267256.2, Max: 267256.3, Diff: 0.1]
      [Ext Root Scanning (ms): Min: 0.3, Avg: 0.3, Max: 0.4, Diff: 0.1, Sum: 1.9]
      [Update RS (ms): Min: 0.0, Avg: 0.1, Max: 0.1, Diff: 0.1, Sum: 0.6]
         [Processed Buffers: Min: 0, Avg: 2.2, Max: 4, Diff: 4, Sum: 13]
      [Scan RS (ms): Min: 0.2, Avg: 0.2, Max: 0.2, Diff: 0.0, Sum: 1.1]
      [Code Root Scanning (ms): Min: 0.0, Avg: 0.0, Max: 0.0, Diff: 0.0, Sum: 0.0]
      [Object Copy (ms): Min: 0.7, Avg: 0.7, Max: 0.8, Diff: 0.1, Sum: 4.5]
      [Termination (ms): Min: 0.0, Avg: 0.0, Max: 0.0, Diff: 0.0, Sum: 0.0]
         [Termination Attempts: Min: 1, Avg: 1.0, Max: 1, Diff: 0, Sum: 6]
      [GC Worker Other (ms): Min: 0.0, Avg: 0.1, Max: 0.2, Diff: 0.1, Sum: 0.7]
      [GC Worker Total (ms): Min: 1.4, Avg: 1.5, Max: 1.5, Diff: 0.2, Sum: 8.9]
      [GC Worker End (ms): Min: 267257.6, Avg: 267257.7, Max: 267257.8, Diff: 0.1]
   [Code Root Fixup: 0.0 ms]
   [Code Root Purge: 0.0 ms]
   [Clear CT: 0.5 ms]
   [Other: 1.1 ms]
      [Choose CSet: 0.0 ms]
      [Ref Proc: 0.1 ms]
      [Ref Enq: 0.0 ms]
      [Redirty Cards: 0.1 ms]
      [Humongous Register: 0.1 ms]
      [Humongous Reclaim: 0.0 ms]
      [Free CSet: 0.6 ms]
   [Eden: 2450.0M(2450.0M)->0.0B(2446.0M) Survivors: 6144.0K->10240.0K Heap: 2474.2M(4096.0M)->28742.5K(4096.0M)]
 [Times: user=0.01 sys=0.00, real=0.00 secs] 
2024-10-12T18:56:56.965+0300: 267.260: Total time for which application threads were stopped: 0.0036741 seconds, Stopping threads took: 0.0001487 seconds
2024-10-12T18:56:57.751+0300: 268.033: Application time: 0.7738229 seconds
2024-10-12T18:56:57.751+0300: 268.034: [GC pause (G1 Evacuation Pause) (young), 0.0034919 secs]
   [Parallel Time: 1.7 ms, GC Workers: 6]
      [GC Worker Start (ms): Min: 268033.7, Avg: 268033.9, Max: 268034.4, Diff: 0.6]
      [Ext Root Scanning (ms): Min: 0.0, Avg: 0.3, Max: 0.4, Diff: 0.4, Sum: 1.9]
      [Update RS (ms): Min: 0.0, Avg: 0.1, Max: 0.1, Diff: 0.1, Sum: 0.6]
         [Processed Buffers: Min: 0, Avg: 2.2, Max: 5, Diff: 5, Sum: 13]
      [Scan RS (ms): Min: 0.1, Avg: 0.2, Max: 0.2, Diff: 0.1, Sum: 1.1]
      [Code Root Scanning (ms): Min: 0.0, Avg: 0.0, Max: 0.0, Diff: 0.0, Sum: 0.0]
      [Object Copy (ms): Min: 0.8, Avg: 0.8, Max: 0.8, Diff: 0.1, Sum: 4.7]
      [Termination (ms): Min: 0.0, Avg: 0.0, Max: 0.0, Diff: 0.0, Sum: 0.0]
         [Termination Attempts: Min: 1, Avg: 1.8, Max: 2, Diff: 1, Sum: 11]
      [GC Worker Other (ms): Min: 0.0, Avg: 0.1, Max: 0.2, Diff: 0.2, Sum: 0.7]
      [GC Worker Total (ms): Min: 1.0, Avg: 1.5, Max: 1.7, Diff: 0.6, Sum: 8.9]
      [GC Worker End (ms): Min: 268035.3, Avg: 268035.3, Max: 268035.4, Diff: 0.2]
   [Code Root Fixup: 0.0 ms]
   [Code Root Purge: 0.0 ms]
   [Clear CT: 0.5 ms]
   [Other: 1.2 ms]
      [Choose CSet: 0.0 ms]
      [Ref Proc: 0.2 ms]
      [Ref Enq: 0.0 ms]
      [Redirty Cards: 0.1 ms]
      [Humongous Register: 0.1 ms]
      [Humongous Reclaim: 0.0 ms]
      [Free CSet: 0.6 ms]
   [Eden: 2446.0M(2446.0M)->0.0B(2448.0M) Survivors: 10240.0K->8192.0K Heap: 2474.1M(4096.0M)->26577.2K(4096.0M)]
 [Times: user=0.00 sys=0.00, real=0.00 secs] 
2024-10-12T18:56:57.751+0300: 268.037: Total time for which application threads were stopped: 0.0038758 seconds, Stopping threads took: 0.0001547 seconds
2024-10-12T18:56:58.522+0300: 268.812: Application time: 0.7752094 seconds
2024-10-12T18:56:58.522+0300: 268.813: [GC pause (G1 Evacuation Pause) (young), 0.0032245 secs]
   [Parallel Time: 1.6 ms, GC Workers: 6]
      [GC Worker Start (ms): Min: 268812.8, Avg: 268812.8, Max: 268812.9, Diff: 0.1]
      [Ext Root Scanning (ms): Min: 0.3, Avg: 0.4, Max: 0.4, Diff: 0.1, Sum: 2.1]
      [Update RS (ms): Min: 0.1, Avg: 0.1, Max: 0.1, Diff: 0.1, Sum: 0.6]
         [Processed Buffers: Min: 1, Avg: 2.2, Max: 3, Diff: 2, Sum: 13]
      [Scan RS (ms): Min: 0.2, Avg: 0.2, Max: 0.2, Diff: 0.0, Sum: 1.1]
      [Code Root Scanning (ms): Min: 0.0, Avg: 0.0, Max: 0.0, Diff: 0.0, Sum: 0.0]
      [Object Copy (ms): Min: 0.8, Avg: 0.8, Max: 0.8, Diff: 0.1, Sum: 4.8]
      [Termination (ms): Min: 0.0, Avg: 0.0, Max: 0.0, Diff: 0.0, Sum: 0.0]
         [Termination Attempts: Min: 1, Avg: 2.3, Max: 5, Diff: 4, Sum: 14]
      [GC Worker Other (ms): Min: 0.0, Avg: 0.1, Max: 0.1, Diff: 0.1, Sum: 0.5]
      [GC Worker Total (ms): Min: 1.5, Avg: 1.5, Max: 1.6, Diff: 0.1, Sum: 9.1]
      [GC Worker End (ms): Min: 268814.3, Avg: 268814.4, Max: 268814.4, Diff: 0.1]
   [Code Root Fixup: 0.0 ms]
   [Code Root Purge: 0.0 ms]
   [Clear CT: 0.5 ms]
   [Other: 1.1 ms]
      [Choose CSet: 0.0 ms]
      [Ref Proc: 0.1 ms]
      [Ref Enq: 0.0 ms]
      [Redirty Cards: 0.1 ms]
      [Humongous Register: 0.0 ms]
      [Humongous Reclaim: 0.0 ms]
      [Free CSet: 0.7 ms]
   [Eden: 2448.0M(2448.0M)->0.0B(2444.0M) Survivors: 8192.0K->12288.0K Heap: 2474.0M(4096.0M)->30633.3K(4096.0M)]
 [Times: user=0.02 sys=0.00, real=0.01 secs] 
2024-10-12T18:56:58.536+0300: 268.816: Total time for which application threads were stopped: 0.0036604 seconds, Stopping threads took: 0.0001936 seconds
2024-10-12T18:56:59.305+0300: 269.598: Application time: 0.7818711 seconds
2024-10-12T18:56:59.305+0300: 269.598: [GC pause (G1 Evacuation Pause) (young), 0.0033240 secs]
   [Parallel Time: 1.7 ms, GC Workers: 6]
      [GC Worker Start (ms): Min: 269598.4, Avg: 269598.4, Max: 269598.4, Diff: 0.0]
      [Ext Root Scanning (ms): Min: 0.3, Avg: 0.3, Max: 0.4, Diff: 0.1, Sum: 1.9]
      [Update RS (ms): Min: 0.1, Avg: 0.1, Max: 0.1, Diff: 0.1, Sum: 0.6]
         [Processed Buffers: Min: 1, Avg: 2.2, Max: 3, Diff: 2, Sum: 13]
      [Scan RS (ms): Min: 0.1, Avg: 0.2, Max: 0.2, Diff: 0.0, Sum: 1.0]
      [Code Root Scanning (ms): Min: 0.0, Avg: 0.0, Max: 0.0, Diff: 0.0, Sum: 0.0]
      [Object Copy (ms): Min: 0.7, Avg: 0.7, Max: 0.7, Diff: 0.0, Sum: 4.3]
      [Termination (ms): Min: 0.0, Avg: 0.0, Max: 0.0, Diff: 0.0, Sum: 0.0]
         [Termination Attempts: Min: 1, Avg: 1.0, Max: 1, Diff: 0, Sum: 6]
      [GC Worker Other (ms): Min: 0.0, Avg: 0.1, Max: 0.1, Diff: 0.1, Sum: 0.5]
      [GC Worker Total (ms): Min: 1.3, Avg: 1.4, Max: 1.4, Diff: 0.1, Sum: 8.4]
      [GC Worker End (ms): Min: 269599.8, Avg: 269599.8, Max: 269599.9, Diff: 0.1]
   [Code Root Fixup: 0.0 ms]
   [Code Root Purge: 0.0 ms]
   [Clear CT: 0.5 ms]
   [Other: 1.1 ms]
      [Choose CSet: 0.0 ms]
      [Ref Proc: 0.1 ms]
      [Ref Enq: 0.0 ms]
      [Redirty Cards: 0.1 ms]
      [Humongous Register: 0.1 ms]
      [Humongous Reclaim: 0.0 ms]
      [Free CSet: 0.7 ms]
   [Eden: 2444.0M(2444.0M)->0.0B(2448.0M) Survivors: 12288.0K->8192.0K Heap: 2473.9M(4096.0M)->26509.7K(4096.0M)]
 [Times: user=0.00 sys=0.00, real=0.02 secs] 
2024-10-12T18:56:59.321+0300: 269.602: Total time for which application threads were stopped: 0.0037603 seconds, Stopping threads took: 0.0002023 seconds
2024-10-12T18:57:00.106+0300: 270.387: Application time: 0.7855029 seconds
2024-10-12T18:57:00.106+0300: 270.387: [GC pause (G1 Evacuation Pause) (young), 0.0032713 secs]
   [Parallel Time: 1.8 ms, GC Workers: 6]
      [GC Worker Start (ms): Min: 270387.5, Avg: 270387.6, Max: 270387.9, Diff: 0.4]
      [Ext Root Scanning (ms): Min: 0.0, Avg: 0.3, Max: 0.4, Diff: 0.4, Sum: 1.8]
      [Update RS (ms): Min: 0.0, Avg: 0.1, Max: 0.1, Diff: 0.1, Sum: 0.6]
         [Processed Buffers: Min: 0, Avg: 2.2, Max: 4, Diff: 4, Sum: 13]
      [Scan RS (ms): Min: 0.1, Avg: 0.2, Max: 0.2, Diff: 0.1, Sum: 1.0]
      [Code Root Scanning (ms): Min: 0.0, Avg: 0.0, Max: 0.0, Diff: 0.0, Sum: 0.0]
      [Object Copy (ms): Min: 0.9, Avg: 0.9, Max: 1.1, Diff: 0.2, Sum: 5.5]
      [Termination (ms): Min: 0.0, Avg: 0.0, Max: 0.0, Diff: 0.0, Sum: 0.0]
         [Termination Attempts: Min: 1, Avg: 1.5, Max: 2, Diff: 1, Sum: 9]
      [GC Worker Other (ms): Min: 0.0, Avg: 0.1, Max: 0.1, Diff: 0.1, Sum: 0.6]
      [GC Worker Total (ms): Min: 1.3, Avg: 1.6, Max: 1.7, Diff: 0.4, Sum: 9.5]
      [GC Worker End (ms): Min: 270389.1, Avg: 270389.2, Max: 270389.2, Diff: 0.1]
   [Code Root Fixup: 0.0 ms]
   [Code Root Purge: 0.0 ms]
   [Clear CT: 0.5 ms]
   [Other: 1.0 ms]
      [Choose CSet: 0.0 ms]
      [Ref Proc: 0.1 ms]
      [Ref Enq: 0.0 ms]
      [Redirty Cards: 0.1 ms]
      [Humongous Register: 0.0 ms]
      [Humongous Reclaim: 0.0 ms]
      [Free CSet: 0.7 ms]
   [Eden: 2448.0M(2448.0M)->0.0B(2444.0M) Survivors: 8192.0K->12288.0K Heap: 2473.9M(4096.0M)->29770.8K(4096.0M)]
 [Times: user=0.00 sys=0.00, real=0.00 secs] 
2024-10-12T18:57:00.106+0300: 270.391: Total time for which application threads were stopped: 0.0037024 seconds, Stopping threads took: 0.0001252 seconds
2024-10-12T18:57:00.881+0300: 271.161: Application time: 0.7696454 seconds
2024-10-12T18:57:00.881+0300: 271.161: [GC pause (G1 Evacuation Pause) (young), 0.0036358 secs]
   [Parallel Time: 2.0 ms, GC Workers: 6]
      [GC Worker Start (ms): Min: 271160.9, Avg: 271161.0, Max: 271161.4, Diff: 0.5]
      [Ext Root Scanning (ms): Min: 0.0, Avg: 0.3, Max: 0.4, Diff: 0.4, Sum: 1.9]
      [Update RS (ms): Min: 0.0, Avg: 0.3, Max: 1.3, Diff: 1.2, Sum: 1.9]
         [Processed Buffers: Min: 0, Avg: 2.0, Max: 4, Diff: 4, Sum: 12]
      [Scan RS (ms): Min: 0.1, Avg: 0.2, Max: 0.2, Diff: 0.1, Sum: 1.1]
      [Code Root Scanning (ms): Min: 0.0, Avg: 0.0, Max: 0.0, Diff: 0.0, Sum: 0.0]
      [Object Copy (ms): Min: 0.0, Avg: 0.8, Max: 0.9, Diff: 0.9, Sum: 4.5]
      [Termination (ms): Min: 0.0, Avg: 0.1, Max: 0.1, Diff: 0.1, Sum: 0.6]
         [Termination Attempts: Min: 1, Avg: 1.0, Max: 1, Diff: 0, Sum: 6]
      [GC Worker Other (ms): Min: 0.0, Avg: 0.1, Max: 0.1, Diff: 0.1, Sum: 0.5]
      [GC Worker Total (ms): Min: 1.4, Avg: 1.8, Max: 1.9, Diff: 0.5, Sum: 10.6]
      [GC Worker End (ms): Min: 271162.7, Avg: 271162.8, Max: 271162.8, Diff: 0.1]
   [Code Root Fixup: 0.0 ms]
   [Code Root Purge: 0.0 ms]
   [Clear CT: 0.6 ms]
   [Other: 1.1 ms]
      [Choose CSet: 0.0 ms]
      [Ref Proc: 0.1 ms]
      [Ref Enq: 0.0 ms]
      [Redirty Cards: 0.1 ms]
      [Humongous Register: 0.0 ms]
      [Humongous Reclaim: 0.0 ms]
      [Free CSet: 0.7 ms]
   [Eden: 2444.0M(2444.0M)->0.0B(2446.0M) Survivors: 12288.0K->10240.0K Heap: 2473.1M(4096.0M)->28740.0K(4096.0M)]
 [Times: user=0.00 sys=0.00, real=0.00 secs] 
2024-10-12T18:57:00.882+0300: 271.165: Total time for which application threads were stopped: 0.0039813 seconds, Stopping threads took: 0.0001458 seconds
2024-10-12T18:57:01.661+0300: 271.940: Application time: 0.7754809 seconds
2024-10-12T18:57:01.661+0300: 271.940: [GC pause (G1 Evacuation Pause) (young), 0.0031385 secs]
   [Parallel Time: 1.6 ms, GC Workers: 6]
      [GC Worker Start (ms): Min: 271940.4, Avg: 271940.5, Max: 271940.5, Diff: 0.0]
      [Ext Root Scanning (ms): Min: 0.3, Avg: 0.3, Max: 0.4, Diff: 0.0, Sum: 2.0]
      [Update RS (ms): Min: 0.1, Avg: 0.2, Max: 0.6, Diff: 0.5, Sum: 1.1]
         [Processed Buffers: Min: 1, Avg: 2.0, Max: 4, Diff: 3, Sum: 12]
      [Scan RS (ms): Min: 0.0, Avg: 0.2, Max: 0.2, Diff: 0.2, Sum: 1.0]
      [Code Root Scanning (ms): Min: 0.0, Avg: 0.0, Max: 0.0, Diff: 0.0, Sum: 0.0]
      [Object Copy (ms): Min: 0.5, Avg: 0.7, Max: 0.8, Diff: 0.3, Sum: 4.5]
      [Termination (ms): Min: 0.0, Avg: 0.0, Max: 0.0, Diff: 0.0, Sum: 0.0]
         [Termination Attempts: Min: 1, Avg: 1.0, Max: 1, Diff: 0, Sum: 6]
      [GC Worker Other (ms): Min: 0.0, Avg: 0.1, Max: 0.1, Diff: 0.1, Sum: 0.5]
      [GC Worker Total (ms): Min: 1.5, Avg: 1.5, Max: 1.6, Diff: 0.1, Sum: 9.1]
      [GC Worker End (ms): Min: 271941.9, Avg: 271942.0, Max: 271942.0, Diff: 0.1]
   [Code Root Fixup: 0.0 ms]
   [Code Root Purge: 0.0 ms]
   [Clear CT: 0.5 ms]
   [Other: 1.0 ms]
      [Choose CSet: 0.0 ms]
      [Ref Proc: 0.1 ms]
      [Ref Enq: 0.0 ms]
      [Redirty Cards: 0.1 ms]
      [Humongous Register: 0.0 ms]
      [Humongous Reclaim: 0.0 ms]
      [Free CSet: 0.7 ms]
   [Eden: 2446.0M(2446.0M)->0.0B(2446.0M) Survivors: 10240.0K->10240.0K Heap: 2474.1M(4096.0M)->27832.7K(4096.0M)]
 [Times: user=0.00 sys=0.00, real=0.00 secs] 
2024-10-12T18:57:01.661+0300: 271.944: Total time for which application threads were stopped: 0.0036472 seconds, Stopping threads took: 0.0002062 seconds
2024-10-12T18:57:02.431+0300: 272.724: Application time: 0.7803231 seconds
2024-10-12T18:57:02.431+0300: 272.724: [GC pause (G1 Evacuation Pause) (young), 0.0037502 secs]
   [Parallel Time: 2.2 ms, GC Workers: 6]
      [GC Worker Start (ms): Min: 272724.5, Avg: 272724.5, Max: 272724.5, Diff: 0.1]
      [Ext Root Scanning (ms): Min: 0.3, Avg: 0.3, Max: 0.3, Diff: 0.1, Sum: 1.9]
      [Update RS (ms): Min: 0.0, Avg: 0.1, Max: 0.2, Diff: 0.2, Sum: 0.7]
         [Processed Buffers: Min: 0, Avg: 2.2, Max: 3, Diff: 3, Sum: 13]
      [Scan RS (ms): Min: 0.1, Avg: 0.2, Max: 0.2, Diff: 0.1, Sum: 1.1]
      [Code Root Scanning (ms): Min: 0.0, Avg: 0.0, Max: 0.0, Diff: 0.0, Sum: 0.0]
      [Object Copy (ms): Min: 1.3, Avg: 1.4, Max: 1.5, Diff: 0.2, Sum: 8.3]
      [Termination (ms): Min: 0.0, Avg: 0.0, Max: 0.0, Diff: 0.0, Sum: 0.0]
         [Termination Attempts: Min: 1, Avg: 1.2, Max: 2, Diff: 1, Sum: 7]
      [GC Worker Other (ms): Min: 0.0, Avg: 0.1, Max: 0.2, Diff: 0.1, Sum: 0.7]
      [GC Worker Total (ms): Min: 2.0, Avg: 2.1, Max: 2.2, Diff: 0.1, Sum: 12.7]
      [GC Worker End (ms): Min: 272726.5, Avg: 272726.6, Max: 272726.7, Diff: 0.1]
   [Code Root Fixup: 0.0 ms]
   [Code Root Purge: 0.0 ms]
   [Clear CT: 0.5 ms]
   [Other: 1.0 ms]
      [Choose CSet: 0.0 ms]
      [Ref Proc: 0.1 ms]
      [Ref Enq: 0.0 ms]
      [Redirty Cards: 0.1 ms]
      [Humongous Register: 0.0 ms]
      [Humongous Reclaim: 0.0 ms]
      [Free CSet: 0.6 ms]
   [Eden: 2446.0M(2446.0M)->0.0B(2444.0M) Survivors: 10240.0K->12288.0K Heap: 2473.2M(4096.0M)->30791.7K(4096.0M)]
 [Times: user=0.00 sys=0.00, real=0.02 secs] 
2024-10-12T18:57:02.446+0300: 272.728: Total time for which application threads were stopped: 0.0042458 seconds, Stopping threads took: 0.0002480 seconds
2024-10-12T18:57:03.215+0300: 273.508: Application time: 0.7802225 seconds
2024-10-12T18:57:03.215+0300: 273.509: [GC pause (G1 Evacuation Pause) (young), 0.0040001 secs]
   [Parallel Time: 2.3 ms, GC Workers: 6]
      [GC Worker Start (ms): Min: 273508.9, Avg: 273509.0, Max: 273509.3, Diff: 0.4]
      [Ext Root Scanning (ms): Min: 0.0, Avg: 0.3, Max: 0.4, Diff: 0.4, Sum: 2.0]
      [Update RS (ms): Min: 0.1, Avg: 0.2, Max: 0.3, Diff: 0.2, Sum: 0.9]
         [Processed Buffers: Min: 1, Avg: 2.2, Max: 3, Diff: 2, Sum: 13]
      [Scan RS (ms): Min: 0.1, Avg: 0.2, Max: 0.2, Diff: 0.1, Sum: 1.0]
      [Code Root Scanning (ms): Min: 0.0, Avg: 0.0, Max: 0.1, Diff: 0.1, Sum: 0.1]
      [Object Copy (ms): Min: 1.3, Avg: 1.3, Max: 1.4, Diff: 0.1, Sum: 7.8]
      [Termination (ms): Min: 0.0, Avg: 0.0, Max: 0.0, Diff: 0.0, Sum: 0.0]
         [Termination Attempts: Min: 1, Avg: 1.0, Max: 1, Diff: 0, Sum: 6]
      [GC Worker Other (ms): Min: 0.0, Avg: 0.1, Max: 0.1, Diff: 0.1, Sum: 0.5]
      [GC Worker Total (ms): Min: 1.7, Avg: 2.1, Max: 2.2, Diff: 0.5, Sum: 12.4]
      [GC Worker End (ms): Min: 273511.0, Avg: 273511.1, Max: 273511.1, Diff: 0.1]
   [Code Root Fixup: 0.0 ms]
   [Code Root Purge: 0.0 ms]
   [Clear CT: 0.6 ms]
   [Other: 1.2 ms]
      [Choose CSet: 0.0 ms]
      [Ref Proc: 0.1 ms]
      [Ref Enq: 0.0 ms]
      [Redirty Cards: 0.1 ms]
      [Humongous Register: 0.1 ms]
      [Humongous Reclaim: 0.0 ms]
      [Free CSet: 0.7 ms]
   [Eden: 2444.0M(2444.0M)->0.0B(2444.0M) Survivors: 12288.0K->12288.0K Heap: 2474.1M(4096.0M)->29962.7K(4096.0M)]
 [Times: user=0.00 sys=0.00, real=0.02 secs] 
2024-10-12T18:57:03.233+0300: 273.513: Total time for which application threads were stopped: 0.0045134 seconds, Stopping threads took: 0.0002116 seconds
2024-10-12T18:57:04.000+0300: 274.292: Application time: 0.7794196 seconds
2024-10-12T18:57:04.000+0300: 274.293: [GC pause (G1 Evacuation Pause) (young), 0.0036381 secs]
   [Parallel Time: 1.8 ms, GC Workers: 6]
      [GC Worker Start (ms): Min: 274292.8, Avg: 274292.8, Max: 274292.8, Diff: 0.0]
      [Ext Root Scanning (ms): Min: 0.3, Avg: 0.3, Max: 0.4, Diff: 0.1, Sum: 2.1]
      [Update RS (ms): Min: 0.1, Avg: 0.1, Max: 0.1, Diff: 0.1, Sum: 0.6]
         [Processed Buffers: Min: 1, Avg: 2.2, Max: 4, Diff: 3, Sum: 13]
      [Scan RS (ms): Min: 0.1, Avg: 0.2, Max: 0.2, Diff: 0.1, Sum: 0.9]
      [Code Root Scanning (ms): Min: 0.0, Avg: 0.0, Max: 0.0, Diff: 0.0, Sum: 0.0]
      [Object Copy (ms): Min: 0.7, Avg: 0.7, Max: 0.8, Diff: 0.0, Sum: 4.4]
      [Termination (ms): Min: 0.0, Avg: 0.0, Max: 0.0, Diff: 0.0, Sum: 0.0]
         [Termination Attempts: Min: 1, Avg: 1.0, Max: 1, Diff: 0, Sum: 6]
      [GC Worker Other (ms): Min: 0.0, Avg: 0.1, Max: 0.2, Diff: 0.1, Sum: 0.6]
      [GC Worker Total (ms): Min: 1.4, Avg: 1.4, Max: 1.5, Diff: 0.1, Sum: 8.7]
      [GC Worker End (ms): Min: 274294.2, Avg: 274294.2, Max: 274294.3, Diff: 0.1]
   [Code Root Fixup: 0.0 ms]
   [Code Root Purge: 0.0 ms]
   [Clear CT: 0.5 ms]
   [Other: 1.3 ms]
      [Choose CSet: 0.0 ms]
      [Ref Proc: 0.1 ms]
      [Ref Enq: 0.0 ms]
      [Redirty Cards: 0.1 ms]
      [Humongous Register: 0.1 ms]
      [Humongous Reclaim: 0.0 ms]
      [Free CSet: 0.8 ms]
   [Eden: 2444.0M(2444.0M)->0.0B(2448.0M) Survivors: 12288.0K->8192.0K Heap: 2473.3M(4096.0M)->26893.2K(4096.0M)]
 [Times: user=0.00 sys=0.00, real=0.02 secs] 
2024-10-12T18:57:04.015+0300: 274.296: Total time for which application threads were stopped: 0.0040220 seconds, Stopping threads took: 0.0001188 seconds
2024-10-12T18:57:04.785+0300: 275.069: Application time: 0.7722761 seconds
2024-10-12T18:57:04.785+0300: 275.069: [GC pause (G1 Evacuation Pause) (young), 0.0029977 secs]
   [Parallel Time: 1.6 ms, GC Workers: 6]
      [GC Worker Start (ms): Min: 275069.1, Avg: 275069.1, Max: 275069.2, Diff: 0.1]
      [Ext Root Scanning (ms): Min: 0.3, Avg: 0.3, Max: 0.4, Diff: 0.1, Sum: 2.0]
      [Update RS (ms): Min: 0.1, Avg: 0.1, Max: 0.1, Diff: 0.1, Sum: 0.6]
         [Processed Buffers: Min: 1, Avg: 2.2, Max: 3, Diff: 2, Sum: 13]
      [Scan RS (ms): Min: 0.1, Avg: 0.2, Max: 0.2, Diff: 0.1, Sum: 1.1]
      [Code Root Scanning (ms): Min: 0.0, Avg: 0.0, Max: 0.0, Diff: 0.0, Sum: 0.0]
      [Object Copy (ms): Min: 0.7, Avg: 0.7, Max: 0.8, Diff: 0.1, Sum: 4.4]
      [Termination (ms): Min: 0.0, Avg: 0.0, Max: 0.0, Diff: 0.0, Sum: 0.0]
         [Termination Attempts: Min: 1, Avg: 1.2, Max: 2, Diff: 1, Sum: 7]
      [GC Worker Other (ms): Min: 0.0, Avg: 0.1, Max: 0.1, Diff: 0.1, Sum: 0.4]
      [GC Worker Total (ms): Min: 1.4, Avg: 1.4, Max: 1.5, Diff: 0.1, Sum: 8.6]
      [GC Worker End (ms): Min: 275070.5, Avg: 275070.5, Max: 275070.6, Diff: 0.1]
   [Code Root Fixup: 0.0 ms]
   [Code Root Purge: 0.0 ms]
   [Clear CT: 0.4 ms]
   [Other: 1.0 ms]
      [Choose CSet: 0.0 ms]
      [Ref Proc: 0.1 ms]
      [Ref Enq: 0.0 ms]
      [Redirty Cards: 0.1 ms]
      [Humongous Register: 0.0 ms]
      [Humongous Reclaim: 0.0 ms]
      [Free CSet: 0.6 ms]
   [Eden: 2448.0M(2448.0M)->0.0B(2448.0M) Survivors: 8192.0K->8192.0K Heap: 2474.3M(4096.0M)->26888.5K(4096.0M)]
 [Times: user=0.00 sys=0.00, real=0.00 secs] 
2024-10-12T18:57:04.785+0300: 275.072: Total time for which application threads were stopped: 0.0033804 seconds, Stopping threads took: 0.0001629 seconds
2024-10-12T18:57:05.570+0300: 275.855: Application time: 0.7826077 seconds
2024-10-12T18:57:05.570+0300: 275.855: [GC pause (G1 Evacuation Pause) (young), 0.0033569 secs]
   [Parallel Time: 1.7 ms, GC Workers: 6]
      [GC Worker Start (ms): Min: 275855.2, Avg: 275855.2, Max: 275855.3, Diff: 0.1]
      [Ext Root Scanning (ms): Min: 0.3, Avg: 0.4, Max: 0.4, Diff: 0.1, Sum: 2.1]
      [Update RS (ms): Min: 0.0, Avg: 0.1, Max: 0.1, Diff: 0.1, Sum: 0.6]
         [Processed Buffers: Min: 0, Avg: 2.2, Max: 4, Diff: 4, Sum: 13]
      [Scan RS (ms): Min: 0.0, Avg: 0.1, Max: 0.2, Diff: 0.2, Sum: 0.9]
      [Code Root Scanning (ms): Min: 0.0, Avg: 0.0, Max: 0.0, Diff: 0.0, Sum: 0.0]
      [Object Copy (ms): Min: 0.7, Avg: 0.8, Max: 1.1, Diff: 0.3, Sum: 5.0]
      [Termination (ms): Min: 0.0, Avg: 0.0, Max: 0.0, Diff: 0.0, Sum: 0.0]
         [Termination Attempts: Min: 1, Avg: 1.0, Max: 1, Diff: 0, Sum: 6]
      [GC Worker Other (ms): Min: 0.0, Avg: 0.1, Max: 0.1, Diff: 0.1, Sum: 0.4]
      [GC Worker Total (ms): Min: 1.4, Avg: 1.5, Max: 1.6, Diff: 0.1, Sum: 9.0]
      [GC Worker End (ms): Min: 275856.7, Avg: 275856.7, Max: 275856.8, Diff: 0.1]
   [Code Root Fixup: 0.0 ms]
   [Code Root Purge: 0.0 ms]
   [Clear CT: 0.5 ms]
   [Other: 1.2 ms]
      [Choose CSet: 0.0 ms]
      [Ref Proc: 0.1 ms]
      [Ref Enq: 0.0 ms]
      [Redirty Cards: 0.1 ms]
      [Humongous Register: 0.1 ms]
      [Humongous Reclaim: 0.0 ms]
      [Free CSet: 0.7 ms]
   [Eden: 2448.0M(2448.0M)->0.0B(2446.0M) Survivors: 8192.0K->10240.0K Heap: 2474.3M(4096.0M)->27854.9K(4096.0M)]
 [Times: user=0.00 sys=0.00, real=0.00 secs] 
2024-10-12T18:57:05.570+0300: 275.859: Total time for which application threads were stopped: 0.0039009 seconds, Stopping threads took: 0.0001991 seconds
2024-10-12T18:57:06.355+0300: 276.640: Application time: 0.7809594 seconds
2024-10-12T18:57:06.355+0300: 276.640: [GC pause (G1 Evacuation Pause) (young), 0.0032047 secs]
   [Parallel Time: 1.6 ms, GC Workers: 6]
      [GC Worker Start (ms): Min: 276640.0, Avg: 276640.0, Max: 276640.4, Diff: 0.4]
      [Ext Root Scanning (ms): Min: 0.0, Avg: 0.3, Max: 0.4, Diff: 0.4, Sum: 1.9]
      [Update RS (ms): Min: 0.1, Avg: 0.1, Max: 0.2, Diff: 0.1, Sum: 0.6]
         [Processed Buffers: Min: 1, Avg: 2.2, Max: 3, Diff: 2, Sum: 13]
      [Scan RS (ms): Min: 0.1, Avg: 0.2, Max: 0.2, Diff: 0.1, Sum: 1.0]
      [Code Root Scanning (ms): Min: 0.0, Avg: 0.0, Max: 0.0, Diff: 0.0, Sum: 0.0]
      [Object Copy (ms): Min: 0.8, Avg: 0.8, Max: 0.8, Diff: 0.1, Sum: 5.0]
      [Termination (ms): Min: 0.0, Avg: 0.0, Max: 0.0, Diff: 0.0, Sum: 0.0]
         [Termination Attempts: Min: 1, Avg: 4.0, Max: 6, Diff: 5, Sum: 24]
      [GC Worker Other (ms): Min: 0.0, Avg: 0.1, Max: 0.1, Diff: 0.1, Sum: 0.4]
      [GC Worker Total (ms): Min: 1.2, Avg: 1.5, Max: 1.6, Diff: 0.4, Sum: 8.9]
      [GC Worker End (ms): Min: 276641.5, Avg: 276641.5, Max: 276641.6, Diff: 0.1]
   [Code Root Fixup: 0.0 ms]
   [Code Root Purge: 0.0 ms]
   [Clear CT: 0.5 ms]
   [Other: 1.0 ms]
      [Choose CSet: 0.0 ms]
      [Ref Proc: 0.1 ms]
      [Ref Enq: 0.0 ms]
      [Redirty Cards: 0.1 ms]
      [Humongous Register: 0.0 ms]
      [Humongous Reclaim: 0.0 ms]
      [Free CSet: 0.6 ms]
   [Eden: 2446.0M(2446.0M)->0.0B(2448.0M) Survivors: 10240.0K->8192.0K Heap: 2473.2M(4096.0M)->26740.5K(4096.0M)]
 [Times: user=0.00 sys=0.00, real=0.00 secs] 
2024-10-12T18:57:06.355+0300: 276.643: Total time for which application threads were stopped: 0.0036131 seconds, Stopping threads took: 0.0001820 seconds
2024-10-12T18:57:07.140+0300: 277.419: Application time: 0.7757521 seconds
2024-10-12T18:57:07.140+0300: 277.419: [GC pause (G1 Evacuation Pause) (young), 0.0032482 secs]
   [Parallel Time: 1.5 ms, GC Workers: 6]
      [GC Worker Start (ms): Min: 277419.3, Avg: 277419.3, Max: 277419.4, Diff: 0.1]
      [Ext Root Scanning (ms): Min: 0.3, Avg: 0.3, Max: 0.4, Diff: 0.1, Sum: 2.0]
      [Update RS (ms): Min: 0.1, Avg: 0.1, Max: 0.1, Diff: 0.1, Sum: 0.6]
         [Processed Buffers: Min: 1, Avg: 2.2, Max: 3, Diff: 2, Sum: 13]
      [Scan RS (ms): Min: 0.1, Avg: 0.2, Max: 0.2, Diff: 0.1, Sum: 1.1]
      [Code Root Scanning (ms): Min: 0.0, Avg: 0.0, Max: 0.0, Diff: 0.0, Sum: 0.0]
      [Object Copy (ms): Min: 0.7, Avg: 0.7, Max: 0.7, Diff: 0.0, Sum: 4.2]
      [Termination (ms): Min: 0.0, Avg: 0.0, Max: 0.0, Diff: 0.0, Sum: 0.0]
         [Termination Attempts: Min: 1, Avg: 1.0, Max: 1, Diff: 0, Sum: 6]
      [GC Worker Other (ms): Min: 0.0, Avg: 0.1, Max: 0.1, Diff: 0.1, Sum: 0.4]
      [GC Worker Total (ms): Min: 1.3, Avg: 1.4, Max: 1.4, Diff: 0.1, Sum: 8.3]
      [GC Worker End (ms): Min: 277420.7, Avg: 277420.7, Max: 277420.8, Diff: 0.1]
   [Code Root Fixup: 0.0 ms]
   [Code Root Purge: 0.0 ms]
   [Clear CT: 0.5 ms]
   [Other: 1.2 ms]
      [Choose CSet: 0.0 ms]
      [Ref Proc: 0.2 ms]
      [Ref Enq: 0.0 ms]
      [Redirty Cards: 0.1 ms]
      [Humongous Register: 0.0 ms]
      [Humongous Reclaim: 0.0 ms]
      [Free CSet: 0.7 ms]
   [Eden: 2448.0M(2448.0M)->0.0B(2446.0M) Survivors: 8192.0K->10240.0K Heap: 2474.1M(4096.0M)->27836.2K(4096.0M)]
 [Times: user=0.00 sys=0.00, real=0.00 secs] 
2024-10-12T18:57:07.143+0300: 277.423: Total time for which application threads were stopped: 0.0036468 seconds, Stopping threads took: 0.0001780 seconds
2024-10-12T18:57:07.910+0300: 278.198: Application time: 0.7755134 seconds
2024-10-12T18:57:07.910+0300: 278.198: [GC pause (G1 Evacuation Pause) (young), 0.0034039 secs]
   [Parallel Time: 1.8 ms, GC Workers: 6]
      [GC Worker Start (ms): Min: 278198.6, Avg: 278198.9, Max: 278200.1, Diff: 1.5]
      [Ext Root Scanning (ms): Min: 0.0, Avg: 0.3, Max: 0.4, Diff: 0.4, Sum: 1.8]
      [Update RS (ms): Min: 0.0, Avg: 0.1, Max: 0.1, Diff: 0.1, Sum: 0.6]
         [Processed Buffers: Min: 0, Avg: 2.2, Max: 4, Diff: 4, Sum: 13]
      [Scan RS (ms): Min: 0.1, Avg: 0.2, Max: 0.2, Diff: 0.1, Sum: 1.0]
      [Code Root Scanning (ms): Min: 0.0, Avg: 0.0, Max: 0.0, Diff: 0.0, Sum: 0.0]
      [Object Copy (ms): Min: 0.0, Avg: 0.7, Max: 0.8, Diff: 0.8, Sum: 4.0]
      [Termination (ms): Min: 0.0, Avg: 0.1, Max: 0.1, Diff: 0.1, Sum: 0.7]
         [Termination Attempts: Min: 1, Avg: 1.0, Max: 1, Diff: 0, Sum: 6]
      [GC Worker Other (ms): Min: 0.0, Avg: 0.1, Max: 0.1, Diff: 0.1, Sum: 0.3]
      [GC Worker Total (ms): Min: 0.1, Avg: 1.4, Max: 1.7, Diff: 1.6, Sum: 8.4]
      [GC Worker End (ms): Min: 278200.2, Avg: 278200.3, Max: 278200.3, Diff: 0.1]
   [Code Root Fixup: 0.0 ms]
   [Code Root Purge: 0.0 ms]
   [Clear CT: 0.5 ms]
   [Other: 1.1 ms]
      [Choose CSet: 0.0 ms]
      [Ref Proc: 0.1 ms]
      [Ref Enq: 0.0 ms]
      [Redirty Cards: 0.1 ms]
      [Humongous Register: 0.1 ms]
      [Humongous Reclaim: 0.0 ms]
      [Free CSet: 0.7 ms]
   [Eden: 2446.0M(2446.0M)->0.0B(2446.0M) Survivors: 10240.0K->10240.0K Heap: 2473.2M(4096.0M)->28749.9K(4096.0M)]
 [Times: user=0.00 sys=0.00, real=0.00 secs] 
2024-10-12T18:57:07.910+0300: 278.202: Total time for which application threads were stopped: 0.0038376 seconds, Stopping threads took: 0.0002029 seconds
2024-10-12T18:57:08.380+0300: 278.667: Application time: 0.4649670 seconds
2024-10-12T18:57:08.380+0300: 278.667: Total time for which application threads were stopped: 0.0001951 seconds, Stopping threads took: 0.0001393 seconds
2024-10-12T18:57:08.537+0300: 278.825: Application time: 0.1574034 seconds
2024-10-12T18:57:08.537+0300: 278.825: Total time for which application threads were stopped: 0.0001941 seconds, Stopping threads took: 0.0001461 seconds
2024-10-12T18:57:08.710+0300: 278.996: Application time: 0.1710733 seconds
2024-10-12T18:57:08.710+0300: 278.996: Total time for which application threads were stopped: 0.0004386 seconds, Stopping threads took: 0.0003966 seconds
2024-10-12T18:57:08.710+0300: 279.000: Application time: 0.0040647 seconds
2024-10-12T18:57:08.710+0300: 279.001: Total time for which application threads were stopped: 0.0002809 seconds, Stopping threads took: 0.0001681 seconds
2024-10-12T18:57:08.804+0300: 279.087: Application time: 0.0859419 seconds
2024-10-12T18:57:08.804+0300: 279.087: Total time for which application threads were stopped: 0.0002503 seconds, Stopping threads took: 0.0001418 seconds
2024-10-12T18:57:08.804+0300: 279.087: Application time: 0.0000352 seconds
2024-10-12T18:57:08.804+0300: 279.087: Total time for which application threads were stopped: 0.0001244 seconds, Stopping threads took: 0.0000719 seconds
2024-10-12T18:57:08.961+0300: 279.251: Application time: 0.1643048 seconds
2024-10-12T18:57:08.961+0300: 279.252: [GC pause (G1 Evacuation Pause) (young), 0.0037867 secs]
   [Parallel Time: 2.1 ms, GC Workers: 6]
      [GC Worker Start (ms): Min: 279251.6, Avg: 279251.7, Max: 279251.8, Diff: 0.2]
      [Ext Root Scanning (ms): Min: 0.2, Avg: 0.3, Max: 0.3, Diff: 0.2, Sum: 1.8]
      [Update RS (ms): Min: 0.1, Avg: 0.1, Max: 0.1, Diff: 0.1, Sum: 0.6]
         [Processed Buffers: Min: 1, Avg: 2.2, Max: 3, Diff: 2, Sum: 13]
      [Scan RS (ms): Min: 0.1, Avg: 0.2, Max: 0.2, Diff: 0.1, Sum: 0.9]
      [Code Root Scanning (ms): Min: 0.0, Avg: 0.0, Max: 0.0, Diff: 0.0, Sum: 0.0]
      [Object Copy (ms): Min: 1.3, Avg: 1.3, Max: 1.3, Diff: 0.1, Sum: 7.7]
      [Termination (ms): Min: 0.0, Avg: 0.0, Max: 0.0, Diff: 0.0, Sum: 0.0]
         [Termination Attempts: Min: 1, Avg: 1.0, Max: 1, Diff: 0, Sum: 6]
      [GC Worker Other (ms): Min: 0.0, Avg: 0.1, Max: 0.2, Diff: 0.2, Sum: 0.7]
      [GC Worker Total (ms): Min: 1.8, Avg: 2.0, Max: 2.1, Diff: 0.3, Sum: 11.8]
      [GC Worker End (ms): Min: 279253.6, Avg: 279253.7, Max: 279253.7, Diff: 0.2]
   [Code Root Fixup: 0.0 ms]
   [Code Root Purge: 0.0 ms]
   [Clear CT: 0.5 ms]
   [Other: 1.1 ms]
      [Choose CSet: 0.0 ms]
      [Ref Proc: 0.2 ms]
      [Ref Enq: 0.0 ms]
      [Redirty Cards: 0.1 ms]
      [Humongous Register: 0.0 ms]
      [Humongous Reclaim: 0.0 ms]
      [Free CSet: 0.7 ms]
   [Eden: 2446.0M(2446.0M)->0.0B(2444.0M) Survivors: 10240.0K->12288.0K Heap: 2474.1M(4096.0M)->30799.9K(4096.0M)]
 [Times: user=0.00 sys=0.00, real=0.00 secs] 
2024-10-12T18:57:08.961+0300: 279.255: Total time for which application threads were stopped: 0.0042134 seconds, Stopping threads took: 0.0001948 seconds
2024-10-12T18:57:09.730+0300: 280.011: Application time: 0.7551963 seconds
2024-10-12T18:57:09.730+0300: 280.011: [GC pause (G1 Evacuation Pause) (young), 0.0036953 secs]
   [Parallel Time: 2.2 ms, GC Workers: 6]
      [GC Worker Start (ms): Min: 280011.0, Avg: 280011.1, Max: 280011.4, Diff: 0.4]
      [Ext Root Scanning (ms): Min: 0.0, Avg: 0.3, Max: 0.4, Diff: 0.4, Sum: 1.7]
      [Update RS (ms): Min: 0.0, Avg: 0.1, Max: 0.1, Diff: 0.1, Sum: 0.5]
         [Processed Buffers: Min: 1, Avg: 2.2, Max: 7, Diff: 6, Sum: 13]
      [Scan RS (ms): Min: 0.1, Avg: 0.2, Max: 0.2, Diff: 0.1, Sum: 1.0]
      [Code Root Scanning (ms): Min: 0.0, Avg: 0.0, Max: 0.0, Diff: 0.0, Sum: 0.0]
      [Object Copy (ms): Min: 1.3, Avg: 1.4, Max: 1.4, Diff: 0.1, Sum: 8.2]
      [Termination (ms): Min: 0.0, Avg: 0.0, Max: 0.0, Diff: 0.0, Sum: 0.0]
         [Termination Attempts: Min: 1, Avg: 1.0, Max: 1, Diff: 0, Sum: 6]
      [GC Worker Other (ms): Min: 0.0, Avg: 0.1, Max: 0.2, Diff: 0.1, Sum: 0.7]
      [GC Worker Total (ms): Min: 1.7, Avg: 2.0, Max: 2.1, Diff: 0.4, Sum: 12.0]
      [GC Worker End (ms): Min: 280013.0, Avg: 280013.1, Max: 280013.1, Diff: 0.1]
   [Code Root Fixup: 0.0 ms]
   [Code Root Purge: 0.0 ms]
   [Clear CT: 0.5 ms]
   [Other: 1.0 ms]
      [Choose CSet: 0.0 ms]
      [Ref Proc: 0.1 ms]
      [Ref Enq: 0.0 ms]
      [Redirty Cards: 0.1 ms]
      [Humongous Register: 0.0 ms]
      [Humongous Reclaim: 0.0 ms]
      [Free CSet: 0.6 ms]
   [Eden: 2444.0M(2444.0M)->0.0B(2444.0M) Survivors: 12288.0K->12288.0K Heap: 2474.1M(4096.0M)->31006.7K(4096.0M)]
 [Times: user=0.00 sys=0.00, real=0.00 secs] 
2024-10-12T18:57:09.730+0300: 280.015: Total time for which application threads were stopped: 0.0040311 seconds, Stopping threads took: 0.0001210 seconds
2024-10-12T18:57:10.500+0300: 280.784: Application time: 0.7695146 seconds
2024-10-12T18:57:10.500+0300: 280.784: [GC pause (G1 Evacuation Pause) (young), 0.0034741 secs]
   [Parallel Time: 1.9 ms, GC Workers: 6]
      [GC Worker Start (ms): Min: 280784.6, Avg: 280784.6, Max: 280784.6, Diff: 0.1]
      [Ext Root Scanning (ms): Min: 0.3, Avg: 0.3, Max: 0.3, Diff: 0.1, Sum: 1.9]
      [Update RS (ms): Min: 0.0, Avg: 0.1, Max: 0.1, Diff: 0.1, Sum: 0.5]
         [Processed Buffers: Min: 1, Avg: 2.2, Max: 8, Diff: 7, Sum: 13]
      [Scan RS (ms): Min: 0.1, Avg: 0.2, Max: 0.2, Diff: 0.1, Sum: 1.1]
      [Code Root Scanning (ms): Min: 0.0, Avg: 0.0, Max: 0.0, Diff: 0.0, Sum: 0.0]
      [Object Copy (ms): Min: 1.1, Avg: 1.1, Max: 1.1, Diff: 0.0, Sum: 6.7]
      [Termination (ms): Min: 0.0, Avg: 0.0, Max: 0.0, Diff: 0.0, Sum: 0.0]
         [Termination Attempts: Min: 1, Avg: 1.3, Max: 2, Diff: 1, Sum: 8]
      [GC Worker Other (ms): Min: 0.0, Avg: 0.1, Max: 0.1, Diff: 0.1, Sum: 0.5]
      [GC Worker Total (ms): Min: 1.7, Avg: 1.8, Max: 1.9, Diff: 0.1, Sum: 10.8]
      [GC Worker End (ms): Min: 280786.4, Avg: 280786.4, Max: 280786.4, Diff: 0.1]
   [Code Root Fixup: 0.0 ms]
   [Code Root Purge: 0.0 ms]
   [Clear CT: 0.5 ms]
   [Other: 1.1 ms]
      [Choose CSet: 0.0 ms]
      [Ref Proc: 0.1 ms]
      [Ref Enq: 0.0 ms]
      [Redirty Cards: 0.1 ms]
      [Humongous Register: 0.0 ms]
      [Humongous Reclaim: 0.0 ms]
      [Free CSet: 0.7 ms]
   [Eden: 2444.0M(2444.0M)->0.0B(2444.0M) Survivors: 12288.0K->12288.0K Heap: 2474.3M(4096.0M)->31009.2K(4096.0M)]
 [Times: user=0.00 sys=0.00, real=0.00 secs] 
2024-10-12T18:57:10.500+0300: 280.788: Total time for which application threads were stopped: 0.0038669 seconds, Stopping threads took: 0.0001058 seconds
2024-10-12T18:57:11.285+0300: 281.572: Application time: 0.7834390 seconds
2024-10-12T18:57:11.285+0300: 281.572: [GC pause (G1 Evacuation Pause) (young), 0.0037190 secs]
   [Parallel Time: 1.9 ms, GC Workers: 6]
      [GC Worker Start (ms): Min: 281572.0, Avg: 281572.0, Max: 281572.0, Diff: 0.1]
      [Ext Root Scanning (ms): Min: 0.3, Avg: 0.3, Max: 0.4, Diff: 0.1, Sum: 2.0]
      [Update RS (ms): Min: 0.1, Avg: 0.1, Max: 0.1, Diff: 0.1, Sum: 0.5]
         [Processed Buffers: Min: 1, Avg: 2.2, Max: 8, Diff: 7, Sum: 13]
      [Scan RS (ms): Min: 0.1, Avg: 0.2, Max: 0.2, Diff: 0.1, Sum: 1.1]
      [Code Root Scanning (ms): Min: 0.0, Avg: 0.0, Max: 0.0, Diff: 0.0, Sum: 0.0]
      [Object Copy (ms): Min: 1.0, Avg: 1.0, Max: 1.0, Diff: 0.0, Sum: 5.9]
      [Termination (ms): Min: 0.0, Avg: 0.0, Max: 0.0, Diff: 0.0, Sum: 0.0]
         [Termination Attempts: Min: 1, Avg: 1.0, Max: 1, Diff: 0, Sum: 6]
      [GC Worker Other (ms): Min: 0.0, Avg: 0.1, Max: 0.2, Diff: 0.1, Sum: 0.5]
      [GC Worker Total (ms): Min: 1.6, Avg: 1.7, Max: 1.8, Diff: 0.2, Sum: 10.1]
      [GC Worker End (ms): Min: 281573.6, Avg: 281573.7, Max: 281573.7, Diff: 0.1]
   [Code Root Fixup: 0.0 ms]
   [Code Root Purge: 0.0 ms]
   [Clear CT: 0.6 ms]
   [Other: 1.2 ms]
      [Choose CSet: 0.0 ms]
      [Ref Proc: 0.1 ms]
      [Ref Enq: 0.0 ms]
      [Redirty Cards: 0.1 ms]
      [Humongous Register: 0.1 ms]
      [Humongous Reclaim: 0.0 ms]
      [Free CSet: 0.8 ms]
   [Eden: 2444.0M(2444.0M)->0.0B(2444.0M) Survivors: 12288.0K->12288.0K Heap: 2474.3M(4096.0M)->29987.7K(4096.0M)]
 [Times: user=0.02 sys=0.00, real=0.00 secs] 
2024-10-12T18:57:11.285+0300: 281.576: Total time for which application threads were stopped: 0.0041294 seconds, Stopping threads took: 0.0001675 seconds
2024-10-12T18:57:12.085+0300: 282.366: Application time: 0.7900735 seconds
2024-10-12T18:57:12.085+0300: 282.366: [GC pause (G1 Evacuation Pause) (young), 0.0037177 secs]
   [Parallel Time: 2.0 ms, GC Workers: 6]
      [GC Worker Start (ms): Min: 282366.1, Avg: 282366.2, Max: 282366.2, Diff: 0.1]
      [Ext Root Scanning (ms): Min: 0.3, Avg: 0.3, Max: 0.4, Diff: 0.1, Sum: 1.9]
      [Update RS (ms): Min: 0.0, Avg: 0.1, Max: 0.2, Diff: 0.1, Sum: 0.5]
         [Processed Buffers: Min: 0, Avg: 2.2, Max: 8, Diff: 8, Sum: 13]
      [Scan RS (ms): Min: 0.1, Avg: 0.2, Max: 0.2, Diff: 0.2, Sum: 1.0]
      [Code Root Scanning (ms): Min: 0.0, Avg: 0.0, Max: 0.0, Diff: 0.0, Sum: 0.0]
      [Object Copy (ms): Min: 1.0, Avg: 1.1, Max: 1.3, Diff: 0.3, Sum: 6.3]
      [Termination (ms): Min: 0.0, Avg: 0.0, Max: 0.0, Diff: 0.0, Sum: 0.0]
         [Termination Attempts: Min: 1, Avg: 1.0, Max: 1, Diff: 0, Sum: 6]
      [GC Worker Other (ms): Min: 0.0, Avg: 0.1, Max: 0.2, Diff: 0.1, Sum: 0.8]
      [GC Worker Total (ms): Min: 1.7, Avg: 1.8, Max: 1.8, Diff: 0.1, Sum: 10.6]
      [GC Worker End (ms): Min: 282367.8, Avg: 282367.9, Max: 282368.0, Diff: 0.1]
   [Code Root Fixup: 0.0 ms]
   [Code Root Purge: 0.0 ms]
   [Clear CT: 0.6 ms]
   [Other: 1.2 ms]
      [Choose CSet: 0.0 ms]
      [Ref Proc: 0.1 ms]
      [Ref Enq: 0.0 ms]
      [Redirty Cards: 0.1 ms]
      [Humongous Register: 0.0 ms]
      [Humongous Reclaim: 0.0 ms]
      [Free CSet: 0.8 ms]
   [Eden: 2444.0M(2444.0M)->0.0B(2444.0M) Survivors: 12288.0K->12288.0K Heap: 2473.3M(4096.0M)->29990.2K(4096.0M)]
 [Times: user=0.00 sys=0.00, real=0.00 secs] 
2024-10-12T18:57:12.085+0300: 282.370: Total time for which application threads were stopped: 0.0041434 seconds, Stopping threads took: 0.0001889 seconds
2024-10-12T18:57:12.857+0300: 283.144: Application time: 0.7744449 seconds
2024-10-12T18:57:12.857+0300: 283.145: [GC pause (G1 Evacuation Pause) (young), 0.0034222 secs]
   [Parallel Time: 1.9 ms, GC Workers: 6]
      [GC Worker Start (ms): Min: 283144.7, Avg: 283144.7, Max: 283144.7, Diff: 0.1]
      [Ext Root Scanning (ms): Min: 0.3, Avg: 0.3, Max: 0.4, Diff: 0.1, Sum: 2.0]
      [Update RS (ms): Min: 0.0, Avg: 0.1, Max: 0.2, Diff: 0.1, Sum: 0.5]
         [Processed Buffers: Min: 1, Avg: 2.0, Max: 6, Diff: 5, Sum: 12]
      [Scan RS (ms): Min: 0.1, Avg: 0.2, Max: 0.2, Diff: 0.1, Sum: 1.1]
      [Code Root Scanning (ms): Min: 0.0, Avg: 0.0, Max: 0.0, Diff: 0.0, Sum: 0.0]
      [Object Copy (ms): Min: 1.0, Avg: 1.1, Max: 1.1, Diff: 0.0, Sum: 6.3]
      [Termination (ms): Min: 0.0, Avg: 0.0, Max: 0.0, Diff: 0.0, Sum: 0.0]
         [Termination Attempts: Min: 1, Avg: 1.5, Max: 2, Diff: 1, Sum: 9]
      [GC Worker Other (ms): Min: 0.0, Avg: 0.1, Max: 0.1, Diff: 0.1, Sum: 0.6]
      [GC Worker Total (ms): Min: 1.7, Avg: 1.8, Max: 1.8, Diff: 0.1, Sum: 10.5]
      [GC Worker End (ms): Min: 283146.4, Avg: 283146.5, Max: 283146.5, Diff: 0.1]
   [Code Root Fixup: 0.0 ms]
   [Code Root Purge: 0.0 ms]
   [Clear CT: 0.5 ms]
   [Other: 1.0 ms]
      [Choose CSet: 0.0 ms]
      [Ref Proc: 0.1 ms]
      [Ref Enq: 0.0 ms]
      [Redirty Cards: 0.1 ms]
      [Humongous Register: 0.1 ms]
      [Humongous Reclaim: 0.0 ms]
      [Free CSet: 0.6 ms]
   [Eden: 2444.0M(2444.0M)->0.0B(2444.0M) Survivors: 12288.0K->12288.0K Heap: 2473.3M(4096.0M)->29992.7K(4096.0M)]
 [Times: user=0.00 sys=0.00, real=0.00 secs] 
2024-10-12T18:57:12.857+0300: 283.148: Total time for which application threads were stopped: 0.0037889 seconds, Stopping threads took: 0.0001465 seconds
2024-10-12T18:57:13.639+0300: 283.926: Application time: 0.7781554 seconds
2024-10-12T18:57:13.639+0300: 283.927: [GC pause (G1 Evacuation Pause) (young), 0.0034102 secs]
   [Parallel Time: 1.9 ms, GC Workers: 6]
      [GC Worker Start (ms): Min: 283926.7, Avg: 283926.7, Max: 283926.8, Diff: 0.1]
      [Ext Root Scanning (ms): Min: 0.3, Avg: 0.3, Max: 0.4, Diff: 0.1, Sum: 2.0]
      [Update RS (ms): Min: 0.0, Avg: 0.1, Max: 0.1, Diff: 0.1, Sum: 0.5]
         [Processed Buffers: Min: 1, Avg: 2.2, Max: 7, Diff: 6, Sum: 13]
      [Scan RS (ms): Min: 0.1, Avg: 0.2, Max: 0.2, Diff: 0.1, Sum: 1.0]
      [Code Root Scanning (ms): Min: 0.0, Avg: 0.0, Max: 0.0, Diff: 0.0, Sum: 0.0]
      [Object Copy (ms): Min: 1.1, Avg: 1.1, Max: 1.1, Diff: 0.0, Sum: 6.4]
      [Termination (ms): Min: 0.0, Avg: 0.0, Max: 0.0, Diff: 0.0, Sum: 0.0]
         [Termination Attempts: Min: 1, Avg: 1.8, Max: 4, Diff: 3, Sum: 11]
      [GC Worker Other (ms): Min: 0.0, Avg: 0.1, Max: 0.1, Diff: 0.1, Sum: 0.5]
      [GC Worker Total (ms): Min: 1.7, Avg: 1.8, Max: 1.8, Diff: 0.2, Sum: 10.6]
      [GC Worker End (ms): Min: 283928.4, Avg: 283928.5, Max: 283928.5, Diff: 0.1]
   [Code Root Fixup: 0.0 ms]
   [Code Root Purge: 0.0 ms]
   [Clear CT: 0.5 ms]
   [Other: 1.0 ms]
      [Choose CSet: 0.0 ms]
      [Ref Proc: 0.1 ms]
      [Ref Enq: 0.0 ms]
      [Redirty Cards: 0.1 ms]
      [Humongous Register: 0.1 ms]
      [Humongous Reclaim: 0.0 ms]
      [Free CSet: 0.6 ms]
   [Eden: 2444.0M(2444.0M)->0.0B(2444.0M) Survivors: 12288.0K->12288.0K Heap: 2473.3M(4096.0M)->29995.2K(4096.0M)]
 [Times: user=0.00 sys=0.00, real=0.00 secs] 
2024-10-12T18:57:13.639+0300: 283.930: Total time for which application threads were stopped: 0.0038546 seconds, Stopping threads took: 0.0002079 seconds
2024-10-12T18:57:14.424+0300: 284.711: Application time: 0.7806256 seconds
2024-10-12T18:57:14.424+0300: 284.711: [GC pause (G1 Evacuation Pause) (young), 0.0035002 secs]
   [Parallel Time: 1.9 ms, GC Workers: 6]
      [GC Worker Start (ms): Min: 284711.2, Avg: 284711.2, Max: 284711.3, Diff: 0.1]
      [Ext Root Scanning (ms): Min: 0.3, Avg: 0.3, Max: 0.4, Diff: 0.1, Sum: 2.0]
      [Update RS (ms): Min: 0.0, Avg: 0.1, Max: 0.2, Diff: 0.1, Sum: 0.5]
         [Processed Buffers: Min: 1, Avg: 2.2, Max: 4, Diff: 3, Sum: 13]
      [Scan RS (ms): Min: 0.1, Avg: 0.2, Max: 0.2, Diff: 0.1, Sum: 1.1]
      [Code Root Scanning (ms): Min: 0.0, Avg: 0.0, Max: 0.0, Diff: 0.0, Sum: 0.0]
      [Object Copy (ms): Min: 1.1, Avg: 1.1, Max: 1.1, Diff: 0.1, Sum: 6.5]
      [Termination (ms): Min: 0.0, Avg: 0.0, Max: 0.0, Diff: 0.0, Sum: 0.0]
         [Termination Attempts: Min: 1, Avg: 1.0, Max: 1, Diff: 0, Sum: 6]
      [GC Worker Other (ms): Min: 0.0, Avg: 0.1, Max: 0.1, Diff: 0.1, Sum: 0.6]
      [GC Worker Total (ms): Min: 1.7, Avg: 1.8, Max: 1.9, Diff: 0.2, Sum: 10.9]
      [GC Worker End (ms): Min: 284713.0, Avg: 284713.1, Max: 284713.1, Diff: 0.1]
   [Code Root Fixup: 0.0 ms]
   [Code Root Purge: 0.0 ms]
   [Clear CT: 0.5 ms]
   [Other: 1.1 ms]
      [Choose CSet: 0.0 ms]
      [Ref Proc: 0.1 ms]
      [Ref Enq: 0.0 ms]
      [Redirty Cards: 0.1 ms]
      [Humongous Register: 0.0 ms]
      [Humongous Reclaim: 0.0 ms]
      [Free CSet: 0.6 ms]
   [Eden: 2444.0M(2444.0M)->0.0B(2444.0M) Survivors: 12288.0K->12288.0K Heap: 2473.3M(4096.0M)->29997.7K(4096.0M)]
 [Times: user=0.00 sys=0.00, real=0.00 secs] 
2024-10-12T18:57:14.424+0300: 284.715: Total time for which application threads were stopped: 0.0039566 seconds, Stopping threads took: 0.0002084 seconds
2024-10-12T18:57:15.208+0300: 285.498: Application time: 0.7834226 seconds
2024-10-12T18:57:15.208+0300: 285.498: [GC pause (G1 Evacuation Pause) (young), 0.0036552 secs]
   [Parallel Time: 1.9 ms, GC Workers: 6]
      [GC Worker Start (ms): Min: 285498.6, Avg: 285498.6, Max: 285498.6, Diff: 0.1]
      [Ext Root Scanning (ms): Min: 0.3, Avg: 0.3, Max: 0.4, Diff: 0.1, Sum: 2.0]
      [Update RS (ms): Min: 0.0, Avg: 0.1, Max: 0.1, Diff: 0.1, Sum: 0.5]
         [Processed Buffers: Min: 1, Avg: 2.2, Max: 7, Diff: 6, Sum: 13]
      [Scan RS (ms): Min: 0.1, Avg: 0.2, Max: 0.2, Diff: 0.1, Sum: 1.0]
      [Code Root Scanning (ms): Min: 0.0, Avg: 0.0, Max: 0.0, Diff: 0.0, Sum: 0.0]
      [Object Copy (ms): Min: 1.0, Avg: 1.0, Max: 1.0, Diff: 0.0, Sum: 5.9]
      [Termination (ms): Min: 0.0, Avg: 0.0, Max: 0.0, Diff: 0.0, Sum: 0.0]
         [Termination Attempts: Min: 1, Avg: 1.0, Max: 1, Diff: 0, Sum: 6]
      [GC Worker Other (ms): Min: 0.1, Avg: 0.1, Max: 0.2, Diff: 0.1, Sum: 0.7]
      [GC Worker Total (ms): Min: 1.6, Avg: 1.7, Max: 1.8, Diff: 0.1, Sum: 10.2]
      [GC Worker End (ms): Min: 285500.2, Avg: 285500.3, Max: 285500.4, Diff: 0.1]
   [Code Root Fixup: 0.0 ms]
   [Code Root Purge: 0.0 ms]
   [Clear CT: 0.6 ms]
   [Other: 1.2 ms]
      [Choose CSet: 0.0 ms]
      [Ref Proc: 0.1 ms]
      [Ref Enq: 0.0 ms]
      [Redirty Cards: 0.1 ms]
      [Humongous Register: 0.0 ms]
      [Humongous Reclaim: 0.0 ms]
      [Free CSet: 0.8 ms]
   [Eden: 2444.0M(2444.0M)->0.0B(2444.0M) Survivors: 12288.0K->12288.0K Heap: 2473.3M(4096.0M)->30000.2K(4096.0M)]
 [Times: user=0.00 sys=0.00, real=0.00 secs] 
2024-10-12T18:57:15.208+0300: 285.502: Total time for which application threads were stopped: 0.0041182 seconds, Stopping threads took: 0.0001912 seconds
2024-10-12T18:57:15.994+0300: 286.282: Application time: 0.7799373 seconds
2024-10-12T18:57:15.994+0300: 286.282: [GC pause (G1 Evacuation Pause) (young), 0.0033998 secs]
   [Parallel Time: 1.8 ms, GC Workers: 6]
      [GC Worker Start (ms): Min: 286282.6, Avg: 286282.6, Max: 286282.6, Diff: 0.0]
      [Ext Root Scanning (ms): Min: 0.3, Avg: 0.3, Max: 0.4, Diff: 0.1, Sum: 2.0]
      [Update RS (ms): Min: 0.0, Avg: 0.1, Max: 0.1, Diff: 0.1, Sum: 0.5]
         [Processed Buffers: Min: 1, Avg: 2.2, Max: 8, Diff: 7, Sum: 13]
      [Scan RS (ms): Min: 0.1, Avg: 0.2, Max: 0.2, Diff: 0.1, Sum: 1.0]
      [Code Root Scanning (ms): Min: 0.0, Avg: 0.0, Max: 0.0, Diff: 0.0, Sum: 0.0]
      [Object Copy (ms): Min: 1.0, Avg: 1.0, Max: 1.1, Diff: 0.1, Sum: 6.3]
      [Termination (ms): Min: 0.0, Avg: 0.0, Max: 0.0, Diff: 0.0, Sum: 0.0]
         [Termination Attempts: Min: 1, Avg: 1.0, Max: 1, Diff: 0, Sum: 6]
      [GC Worker Other (ms): Min: 0.0, Avg: 0.1, Max: 0.1, Diff: 0.1, Sum: 0.5]
      [GC Worker Total (ms): Min: 1.7, Avg: 1.7, Max: 1.8, Diff: 0.1, Sum: 10.3]
      [GC Worker End (ms): Min: 286284.3, Avg: 286284.3, Max: 286284.4, Diff: 0.1]
   [Code Root Fixup: 0.0 ms]
   [Code Root Purge: 0.0 ms]
   [Clear CT: 0.5 ms]
   [Other: 1.0 ms]
      [Choose CSet: 0.0 ms]
      [Ref Proc: 0.1 ms]
      [Ref Enq: 0.0 ms]
      [Redirty Cards: 0.1 ms]
      [Humongous Register: 0.0 ms]
      [Humongous Reclaim: 0.0 ms]
      [Free CSet: 0.6 ms]
   [Eden: 2444.0M(2444.0M)->0.0B(2444.0M) Survivors: 12288.0K->12288.0K Heap: 2473.3M(4096.0M)->31026.7K(4096.0M)]
 [Times: user=0.00 sys=0.00, real=0.00 secs] 
2024-10-12T18:57:15.994+0300: 286.286: Total time for which application threads were stopped: 0.0038182 seconds, Stopping threads took: 0.0001779 seconds
2024-10-12T18:57:16.766+0300: 287.057: Application time: 0.7708749 seconds
2024-10-12T18:57:16.766+0300: 287.057: [GC pause (G1 Evacuation Pause) (young), 0.0034531 secs]
   [Parallel Time: 1.9 ms, GC Workers: 6]
      [GC Worker Start (ms): Min: 287057.3, Avg: 287057.3, Max: 287057.4, Diff: 0.1]
      [Ext Root Scanning (ms): Min: 0.3, Avg: 0.3, Max: 0.4, Diff: 0.1, Sum: 2.0]
      [Update RS (ms): Min: 0.0, Avg: 0.1, Max: 0.2, Diff: 0.1, Sum: 0.5]
         [Processed Buffers: Min: 1, Avg: 2.2, Max: 7, Diff: 6, Sum: 13]
      [Scan RS (ms): Min: 0.1, Avg: 0.2, Max: 0.3, Diff: 0.1, Sum: 1.3]
      [Code Root Scanning (ms): Min: 0.0, Avg: 0.0, Max: 0.0, Diff: 0.0, Sum: 0.0]
      [Object Copy (ms): Min: 1.0, Avg: 1.0, Max: 1.1, Diff: 0.1, Sum: 6.3]
      [Termination (ms): Min: 0.0, Avg: 0.0, Max: 0.0, Diff: 0.0, Sum: 0.0]
         [Termination Attempts: Min: 1, Avg: 1.0, Max: 1, Diff: 0, Sum: 6]
      [GC Worker Other (ms): Min: 0.0, Avg: 0.1, Max: 0.1, Diff: 0.1, Sum: 0.5]
      [GC Worker Total (ms): Min: 1.7, Avg: 1.8, Max: 1.9, Diff: 0.2, Sum: 10.7]
      [GC Worker End (ms): Min: 287059.0, Avg: 287059.1, Max: 287059.2, Diff: 0.1]
   [Code Root Fixup: 0.0 ms]
   [Code Root Purge: 0.0 ms]
   [Clear CT: 0.5 ms]
   [Other: 1.0 ms]
      [Choose CSet: 0.0 ms]
      [Ref Proc: 0.1 ms]
      [Ref Enq: 0.0 ms]
      [Redirty Cards: 0.1 ms]
      [Humongous Register: 0.0 ms]
      [Humongous Reclaim: 0.0 ms]
      [Free CSet: 0.6 ms]
   [Eden: 2444.0M(2444.0M)->0.0B(2444.0M) Survivors: 12288.0K->12288.0K Heap: 2474.3M(4096.0M)->30429.6K(4096.0M)]
 [Times: user=0.02 sys=0.00, real=0.01 secs] 
2024-10-12T18:57:16.779+0300: 287.061: Total time for which application threads were stopped: 0.0038615 seconds, Stopping threads took: 0.0001889 seconds
2024-10-12T18:57:17.548+0300: 287.839: Application time: 0.7783862 seconds
2024-10-12T18:57:17.548+0300: 287.839: [GC pause (G1 Evacuation Pause) (young), 0.0032718 secs]
   [Parallel Time: 1.8 ms, GC Workers: 6]
      [GC Worker Start (ms): Min: 287839.5, Avg: 287839.6, Max: 287839.6, Diff: 0.1]
      [Ext Root Scanning (ms): Min: 0.3, Avg: 0.3, Max: 0.4, Diff: 0.1, Sum: 1.9]
      [Update RS (ms): Min: 0.0, Avg: 0.1, Max: 0.1, Diff: 0.1, Sum: 0.5]
         [Processed Buffers: Min: 1, Avg: 2.2, Max: 8, Diff: 7, Sum: 13]
      [Scan RS (ms): Min: 0.1, Avg: 0.2, Max: 0.2, Diff: 0.1, Sum: 1.0]
      [Code Root Scanning (ms): Min: 0.0, Avg: 0.0, Max: 0.0, Diff: 0.0, Sum: 0.0]
      [Object Copy (ms): Min: 1.0, Avg: 1.0, Max: 1.0, Diff: 0.0, Sum: 6.0]
      [Termination (ms): Min: 0.0, Avg: 0.0, Max: 0.0, Diff: 0.0, Sum: 0.0]
         [Termination Attempts: Min: 1, Avg: 1.0, Max: 1, Diff: 0, Sum: 6]
      [GC Worker Other (ms): Min: 0.0, Avg: 0.1, Max: 0.1, Diff: 0.1, Sum: 0.4]
      [GC Worker Total (ms): Min: 1.6, Avg: 1.6, Max: 1.7, Diff: 0.1, Sum: 9.8]
      [GC Worker End (ms): Min: 287841.2, Avg: 287841.2, Max: 287841.3, Diff: 0.1]
   [Code Root Fixup: 0.0 ms]
   [Code Root Purge: 0.0 ms]
   [Clear CT: 0.5 ms]
   [Other: 1.0 ms]
      [Choose CSet: 0.0 ms]
      [Ref Proc: 0.1 ms]
      [Ref Enq: 0.0 ms]
      [Redirty Cards: 0.1 ms]
      [Humongous Register: 0.0 ms]
      [Humongous Reclaim: 0.0 ms]
      [Free CSet: 0.6 ms]
   [Eden: 2444.0M(2444.0M)->0.0B(2444.0M) Survivors: 12288.0K->12288.0K Heap: 2473.7M(4096.0M)->31031.7K(4096.0M)]
 [Times: user=0.00 sys=0.00, real=0.00 secs] 
2024-10-12T18:57:17.564+0300: 287.843: Total time for which application threads were stopped: 0.0036987 seconds, Stopping threads took: 0.0001963 seconds
2024-10-12T18:57:18.334+0300: 288.621: Application time: 0.7785198 seconds
2024-10-12T18:57:18.334+0300: 288.622: [GC pause (G1 Evacuation Pause) (young), 0.0036242 secs]
   [Parallel Time: 2.0 ms, GC Workers: 6]
      [GC Worker Start (ms): Min: 288621.7, Avg: 288621.8, Max: 288621.8, Diff: 0.1]
      [Ext Root Scanning (ms): Min: 0.3, Avg: 0.3, Max: 0.4, Diff: 0.1, Sum: 2.0]
      [Update RS (ms): Min: 0.1, Avg: 0.1, Max: 0.1, Diff: 0.1, Sum: 0.5]
         [Processed Buffers: Min: 1, Avg: 2.2, Max: 8, Diff: 7, Sum: 13]
      [Scan RS (ms): Min: 0.1, Avg: 0.2, Max: 0.2, Diff: 0.1, Sum: 1.0]
      [Code Root Scanning (ms): Min: 0.0, Avg: 0.0, Max: 0.0, Diff: 0.0, Sum: 0.0]
      [Object Copy (ms): Min: 1.2, Avg: 1.2, Max: 1.2, Diff: 0.0, Sum: 7.0]
      [Termination (ms): Min: 0.0, Avg: 0.0, Max: 0.0, Diff: 0.0, Sum: 0.0]
         [Termination Attempts: Min: 1, Avg: 1.0, Max: 1, Diff: 0, Sum: 6]
      [GC Worker Other (ms): Min: 0.1, Avg: 0.1, Max: 0.1, Diff: 0.1, Sum: 0.7]
      [GC Worker Total (ms): Min: 1.8, Avg: 1.9, Max: 1.9, Diff: 0.1, Sum: 11.2]
      [GC Worker End (ms): Min: 288623.6, Avg: 288623.6, Max: 288623.7, Diff: 0.1]
   [Code Root Fixup: 0.0 ms]
   [Code Root Purge: 0.0 ms]
   [Clear CT: 0.5 ms]
   [Other: 1.1 ms]
      [Choose CSet: 0.0 ms]
      [Ref Proc: 0.1 ms]
      [Ref Enq: 0.0 ms]
      [Redirty Cards: 0.1 ms]
      [Humongous Register: 0.0 ms]
      [Humongous Reclaim: 0.0 ms]
      [Free CSet: 0.7 ms]
   [Eden: 2444.0M(2444.0M)->0.0B(2442.0M) Survivors: 12288.0K->14336.0K Heap: 2474.3M(4096.0M)->32416.6K(4096.0M)]
 [Times: user=0.00 sys=0.00, real=0.00 secs] 
2024-10-12T18:57:18.334+0300: 288.625: Total time for which application threads were stopped: 0.0040008 seconds, Stopping threads took: 0.0001589 seconds
2024-10-12T18:57:19.118+0300: 289.403: Application time: 0.7775125 seconds
2024-10-12T18:57:19.118+0300: 289.403: [GC pause (G1 Evacuation Pause) (young), 0.0037324 secs]
   [Parallel Time: 2.0 ms, GC Workers: 6]
      [GC Worker Start (ms): Min: 289403.3, Avg: 289403.4, Max: 289403.4, Diff: 0.1]
      [Ext Root Scanning (ms): Min: 0.3, Avg: 0.3, Max: 0.4, Diff: 0.1, Sum: 2.0]
      [Update RS (ms): Min: 0.1, Avg: 0.1, Max: 0.1, Diff: 0.1, Sum: 0.5]
         [Processed Buffers: Min: 1, Avg: 2.2, Max: 7, Diff: 6, Sum: 13]
      [Scan RS (ms): Min: 0.1, Avg: 0.2, Max: 0.2, Diff: 0.1, Sum: 1.0]
      [Code Root Scanning (ms): Min: 0.0, Avg: 0.0, Max: 0.0, Diff: 0.0, Sum: 0.0]
      [Object Copy (ms): Min: 1.1, Avg: 1.1, Max: 1.1, Diff: 0.0, Sum: 6.8]
      [Termination (ms): Min: 0.0, Avg: 0.0, Max: 0.0, Diff: 0.0, Sum: 0.0]
         [Termination Attempts: Min: 1, Avg: 1.0, Max: 1, Diff: 0, Sum: 6]
      [GC Worker Other (ms): Min: 0.0, Avg: 0.1, Max: 0.2, Diff: 0.2, Sum: 0.8]
      [GC Worker Total (ms): Min: 1.7, Avg: 1.8, Max: 2.0, Diff: 0.2, Sum: 11.1]
      [GC Worker End (ms): Min: 289405.1, Avg: 289405.2, Max: 289405.3, Diff: 0.2]
   [Code Root Fixup: 0.0 ms]
   [Code Root Purge: 0.0 ms]
   [Clear CT: 0.6 ms]
   [Other: 1.1 ms]
      [Choose CSet: 0.0 ms]
      [Ref Proc: 0.1 ms]
      [Ref Enq: 0.0 ms]
      [Redirty Cards: 0.1 ms]
      [Humongous Register: 0.1 ms]
      [Humongous Reclaim: 0.0 ms]
      [Free CSet: 0.7 ms]
   [Eden: 2442.0M(2442.0M)->0.0B(2444.0M) Survivors: 14336.0K->12288.0K Heap: 2473.7M(4096.0M)->31036.7K(4096.0M)]
 [Times: user=0.00 sys=0.00, real=0.00 secs] 
2024-10-12T18:57:19.118+0300: 289.407: Total time for which application threads were stopped: 0.0041984 seconds, Stopping threads took: 0.0001874 seconds
2024-10-12T18:57:19.888+0300: 290.181: Application time: 0.7736207 seconds
2024-10-12T18:57:19.888+0300: 290.181: [GC pause (G1 Evacuation Pause) (young), 0.0041047 secs]
   [Parallel Time: 2.1 ms, GC Workers: 6]
      [GC Worker Start (ms): Min: 290181.1, Avg: 290181.2, Max: 290181.2, Diff: 0.1]
      [Ext Root Scanning (ms): Min: 0.3, Avg: 0.3, Max: 0.4, Diff: 0.1, Sum: 2.0]
      [Update RS (ms): Min: 0.0, Avg: 0.1, Max: 0.1, Diff: 0.1, Sum: 0.4]
         [Processed Buffers: Min: 1, Avg: 2.2, Max: 6, Diff: 5, Sum: 13]
      [Scan RS (ms): Min: 0.1, Avg: 0.2, Max: 0.3, Diff: 0.2, Sum: 1.1]
      [Code Root Scanning (ms): Min: 0.0, Avg: 0.0, Max: 0.0, Diff: 0.0, Sum: 0.0]
      [Object Copy (ms): Min: 1.2, Avg: 1.3, Max: 1.4, Diff: 0.2, Sum: 7.9]
      [Termination (ms): Min: 0.0, Avg: 0.0, Max: 0.0, Diff: 0.0, Sum: 0.0]
         [Termination Attempts: Min: 1, Avg: 1.0, Max: 1, Diff: 0, Sum: 6]
      [GC Worker Other (ms): Min: 0.0, Avg: 0.1, Max: 0.1, Diff: 0.1, Sum: 0.6]
      [GC Worker Total (ms): Min: 1.9, Avg: 2.0, Max: 2.0, Diff: 0.1, Sum: 12.1]
      [GC Worker End (ms): Min: 290183.1, Avg: 290183.2, Max: 290183.2, Diff: 0.1]
   [Code Root Fixup: 0.0 ms]
   [Code Root Purge: 0.0 ms]
   [Clear CT: 0.6 ms]
   [Other: 1.4 ms]
      [Choose CSet: 0.0 ms]
      [Ref Proc: 0.1 ms]
      [Ref Enq: 0.0 ms]
      [Redirty Cards: 0.1 ms]
      [Humongous Register: 0.1 ms]
      [Humongous Reclaim: 0.0 ms]
      [Free CSet: 0.9 ms]
   [Eden: 2444.0M(2444.0M)->0.0B(2444.0M) Survivors: 12288.0K->12288.0K Heap: 2474.3M(4096.0M)->31039.2K(4096.0M)]
 [Times: user=0.02 sys=0.00, real=0.02 secs] 
2024-10-12T18:57:19.903+0300: 290.185: Total time for which application threads were stopped: 0.0045074 seconds, Stopping threads took: 0.0001680 seconds
2024-10-12T18:57:20.675+0300: 290.955: Application time: 0.7700297 seconds
2024-10-12T18:57:20.675+0300: 290.956: [GC pause (G1 Evacuation Pause) (young), 0.0041470 secs]
   [Parallel Time: 2.6 ms, GC Workers: 6]
      [GC Worker Start (ms): Min: 290955.6, Avg: 290955.6, Max: 290955.7, Diff: 0.0]
      [Ext Root Scanning (ms): Min: 0.3, Avg: 0.3, Max: 0.3, Diff: 0.1, Sum: 1.9]
      [Update RS (ms): Min: 0.0, Avg: 0.1, Max: 0.1, Diff: 0.1, Sum: 0.5]
         [Processed Buffers: Min: 1, Avg: 2.2, Max: 7, Diff: 6, Sum: 13]
      [Scan RS (ms): Min: 0.1, Avg: 0.2, Max: 0.2, Diff: 0.1, Sum: 1.0]
      [Code Root Scanning (ms): Min: 0.0, Avg: 0.0, Max: 0.0, Diff: 0.0, Sum: 0.0]
      [Object Copy (ms): Min: 1.8, Avg: 1.8, Max: 1.8, Diff: 0.0, Sum: 10.9]
      [Termination (ms): Min: 0.0, Avg: 0.0, Max: 0.0, Diff: 0.0, Sum: 0.0]
         [Termination Attempts: Min: 1, Avg: 1.0, Max: 1, Diff: 0, Sum: 6]
      [GC Worker Other (ms): Min: 0.0, Avg: 0.1, Max: 0.1, Diff: 0.1, Sum: 0.5]
      [GC Worker Total (ms): Min: 2.4, Avg: 2.5, Max: 2.5, Diff: 0.1, Sum: 14.9]
      [GC Worker End (ms): Min: 290958.1, Avg: 290958.1, Max: 290958.2, Diff: 0.1]
   [Code Root Fixup: 0.0 ms]
   [Code Root Purge: 0.0 ms]
   [Clear CT: 0.5 ms]
   [Other: 1.0 ms]
      [Choose CSet: 0.0 ms]
      [Ref Proc: 0.1 ms]
      [Ref Enq: 0.0 ms]
      [Redirty Cards: 0.1 ms]
      [Humongous Register: 0.0 ms]
      [Humongous Reclaim: 0.0 ms]
      [Free CSet: 0.7 ms]
   [Eden: 2444.0M(2444.0M)->0.0B(2444.0M) Survivors: 12288.0K->12288.0K Heap: 2474.3M(4096.0M)->32304.2K(4096.0M)]
 [Times: user=0.00 sys=0.00, real=0.00 secs] 
2024-10-12T18:57:20.675+0300: 290.960: Total time for which application threads were stopped: 0.0045308 seconds, Stopping threads took: 0.0001568 seconds
2024-10-12T18:57:21.457+0300: 291.744: Application time: 0.7837116 seconds
2024-10-12T18:57:21.457+0300: 291.744: [GC pause (G1 Evacuation Pause) (young), 0.0031945 secs]
   [Parallel Time: 1.7 ms, GC Workers: 6]
      [GC Worker Start (ms): Min: 291743.9, Avg: 291744.0, Max: 291744.0, Diff: 0.1]
      [Ext Root Scanning (ms): Min: 0.3, Avg: 0.3, Max: 0.4, Diff: 0.1, Sum: 2.1]
      [Update RS (ms): Min: 0.2, Avg: 0.3, Max: 0.4, Diff: 0.1, Sum: 1.8]
         [Processed Buffers: Min: 1, Avg: 2.7, Max: 9, Diff: 8, Sum: 16]
      [Scan RS (ms): Min: 0.1, Avg: 0.2, Max: 0.2, Diff: 0.1, Sum: 1.1]
      [Code Root Scanning (ms): Min: 0.0, Avg: 0.0, Max: 0.0, Diff: 0.0, Sum: 0.0]
      [Object Copy (ms): Min: 0.7, Avg: 0.7, Max: 0.7, Diff: 0.0, Sum: 4.2]
      [Termination (ms): Min: 0.0, Avg: 0.0, Max: 0.0, Diff: 0.0, Sum: 0.0]
         [Termination Attempts: Min: 1, Avg: 1.0, Max: 1, Diff: 0, Sum: 6]
      [GC Worker Other (ms): Min: 0.0, Avg: 0.1, Max: 0.1, Diff: 0.1, Sum: 0.5]
      [GC Worker Total (ms): Min: 1.6, Avg: 1.6, Max: 1.7, Diff: 0.1, Sum: 9.7]
      [GC Worker End (ms): Min: 291745.5, Avg: 291745.6, Max: 291745.6, Diff: 0.1]
   [Code Root Fixup: 0.0 ms]
   [Code Root Purge: 0.0 ms]
   [Clear CT: 0.5 ms]
   [Other: 1.0 ms]
      [Choose CSet: 0.0 ms]
      [Ref Proc: 0.1 ms]
      [Ref Enq: 0.0 ms]
      [Redirty Cards: 0.1 ms]
      [Humongous Register: 0.1 ms]
      [Humongous Reclaim: 0.0 ms]
      [Free CSet: 0.6 ms]
   [Eden: 2444.0M(2444.0M)->0.0B(2450.0M) Survivors: 12288.0K->6144.0K Heap: 2475.5M(4096.0M)->26503.7K(4096.0M)]
 [Times: user=0.00 sys=0.00, real=0.00 secs] 
2024-10-12T18:57:21.457+0300: 291.747: Total time for which application threads were stopped: 0.0036450 seconds, Stopping threads took: 0.0001762 seconds
2024-10-12T18:57:22.242+0300: 292.530: Application time: 0.7830226 seconds
2024-10-12T18:57:22.242+0300: 292.530: [GC pause (G1 Evacuation Pause) (young), 0.0037158 secs]
   [Parallel Time: 2.1 ms, GC Workers: 6]
      [GC Worker Start (ms): Min: 292530.6, Avg: 292530.6, Max: 292530.6, Diff: 0.1]
      [Ext Root Scanning (ms): Min: 0.3, Avg: 0.3, Max: 0.4, Diff: 0.1, Sum: 2.1]
      [Update RS (ms): Min: 0.1, Avg: 0.1, Max: 0.1, Diff: 0.0, Sum: 0.6]
         [Processed Buffers: Min: 2, Avg: 2.2, Max: 3, Diff: 1, Sum: 13]
      [Scan RS (ms): Min: 0.2, Avg: 0.2, Max: 0.2, Diff: 0.0, Sum: 1.0]
      [Code Root Scanning (ms): Min: 0.0, Avg: 0.0, Max: 0.0, Diff: 0.0, Sum: 0.0]
      [Object Copy (ms): Min: 1.3, Avg: 1.3, Max: 1.3, Diff: 0.0, Sum: 7.6]
      [Termination (ms): Min: 0.0, Avg: 0.0, Max: 0.0, Diff: 0.0, Sum: 0.0]
         [Termination Attempts: Min: 1, Avg: 1.0, Max: 1, Diff: 0, Sum: 6]
      [GC Worker Other (ms): Min: 0.0, Avg: 0.1, Max: 0.1, Diff: 0.1, Sum: 0.4]
      [GC Worker Total (ms): Min: 1.9, Avg: 2.0, Max: 2.0, Diff: 0.1, Sum: 11.8]
      [GC Worker End (ms): Min: 292532.5, Avg: 292532.6, Max: 292532.6, Diff: 0.1]
   [Code Root Fixup: 0.0 ms]
   [Code Root Purge: 0.0 ms]
   [Clear CT: 0.5 ms]
   [Other: 1.1 ms]
      [Choose CSet: 0.0 ms]
      [Ref Proc: 0.1 ms]
      [Ref Enq: 0.0 ms]
      [Redirty Cards: 0.1 ms]
      [Humongous Register: 0.0 ms]
      [Humongous Reclaim: 0.0 ms]
      [Free CSet: 0.7 ms]
   [Eden: 2450.0M(2450.0M)->0.0B(2444.0M) Survivors: 6144.0K->12288.0K Heap: 2475.9M(4096.0M)->32647.8K(4096.0M)]
 [Times: user=0.00 sys=0.00, real=0.00 secs] 
2024-10-12T18:57:22.242+0300: 292.534: Total time for which application threads were stopped: 0.0041383 seconds, Stopping threads took: 0.0001486 seconds
2024-10-12T18:57:23.027+0300: 293.312: Application time: 0.7774461 seconds
2024-10-12T18:57:23.027+0300: 293.312: [GC pause (G1 Evacuation Pause) (young), 0.0034724 secs]
   [Parallel Time: 1.8 ms, GC Workers: 6]
      [GC Worker Start (ms): Min: 293312.2, Avg: 293312.3, Max: 293312.3, Diff: 0.1]
      [Ext Root Scanning (ms): Min: 0.3, Avg: 0.4, Max: 0.4, Diff: 0.1, Sum: 2.2]
      [Update RS (ms): Min: 0.0, Avg: 0.1, Max: 0.1, Diff: 0.1, Sum: 0.6]
         [Processed Buffers: Min: 0, Avg: 2.2, Max: 4, Diff: 4, Sum: 13]
      [Scan RS (ms): Min: 0.0, Avg: 0.2, Max: 0.2, Diff: 0.2, Sum: 1.1]
      [Code Root Scanning (ms): Min: 0.0, Avg: 0.0, Max: 0.0, Diff: 0.0, Sum: 0.0]
      [Object Copy (ms): Min: 0.8, Avg: 0.8, Max: 1.1, Diff: 0.3, Sum: 5.0]
      [Termination (ms): Min: 0.0, Avg: 0.0, Max: 0.0, Diff: 0.0, Sum: 0.0]
         [Termination Attempts: Min: 1, Avg: 1.8, Max: 3, Diff: 2, Sum: 11]
      [GC Worker Other (ms): Min: 0.0, Avg: 0.1, Max: 0.1, Diff: 0.1, Sum: 0.6]
      [GC Worker Total (ms): Min: 1.5, Avg: 1.6, Max: 1.7, Diff: 0.2, Sum: 9.6]
      [GC Worker End (ms): Min: 293313.8, Avg: 293313.9, Max: 293313.9, Diff: 0.1]
   [Code Root Fixup: 0.0 ms]
   [Code Root Purge: 0.0 ms]
   [Clear CT: 0.6 ms]
   [Other: 1.1 ms]
      [Choose CSet: 0.0 ms]
      [Ref Proc: 0.1 ms]
      [Ref Enq: 0.0 ms]
      [Redirty Cards: 0.1 ms]
      [Humongous Register: 0.1 ms]
      [Humongous Reclaim: 0.0 ms]
      [Free CSet: 0.7 ms]
   [Eden: 2444.0M(2444.0M)->0.0B(2444.0M) Survivors: 12288.0K->12288.0K Heap: 2475.9M(4096.0M)->31332.7K(4096.0M)]
 [Times: user=0.00 sys=0.00, real=0.00 secs] 
2024-10-12T18:57:23.027+0300: 293.316: Total time for which application threads were stopped: 0.0039478 seconds, Stopping threads took: 0.0002170 seconds
2024-10-12T18:57:23.796+0300: 294.088: Application time: 0.7722184 seconds
2024-10-12T18:57:23.796+0300: 294.088: [GC pause (G1 Evacuation Pause) (young), 0.0031883 secs]
   [Parallel Time: 1.5 ms, GC Workers: 6]
      [GC Worker Start (ms): Min: 294088.3, Avg: 294088.4, Max: 294088.4, Diff: 0.1]
      [Ext Root Scanning (ms): Min: 0.3, Avg: 0.3, Max: 0.4, Diff: 0.1, Sum: 2.0]
      [Update RS (ms): Min: 0.1, Avg: 0.1, Max: 0.1, Diff: 0.1, Sum: 0.6]
         [Processed Buffers: Min: 1, Avg: 2.2, Max: 3, Diff: 2, Sum: 13]
      [Scan RS (ms): Min: 0.2, Avg: 0.2, Max: 0.2, Diff: 0.0, Sum: 1.1]
      [Code Root Scanning (ms): Min: 0.0, Avg: 0.0, Max: 0.0, Diff: 0.0, Sum: 0.0]
      [Object Copy (ms): Min: 0.7, Avg: 0.7, Max: 0.8, Diff: 0.1, Sum: 4.4]
      [Termination (ms): Min: 0.0, Avg: 0.0, Max: 0.0, Diff: 0.0, Sum: 0.0]
         [Termination Attempts: Min: 1, Avg: 1.0, Max: 1, Diff: 0, Sum: 6]
      [GC Worker Other (ms): Min: 0.0, Avg: 0.1, Max: 0.1, Diff: 0.1, Sum: 0.4]
      [GC Worker Total (ms): Min: 1.4, Avg: 1.4, Max: 1.5, Diff: 0.1, Sum: 8.5]
      [GC Worker End (ms): Min: 294089.8, Avg: 294089.8, Max: 294089.8, Diff: 0.1]
   [Code Root Fixup: 0.0 ms]
   [Code Root Purge: 0.0 ms]
   [Clear CT: 0.5 ms]
   [Other: 1.1 ms]
      [Choose CSet: 0.0 ms]
      [Ref Proc: 0.1 ms]
      [Ref Enq: 0.0 ms]
      [Redirty Cards: 0.1 ms]
      [Humongous Register: 0.1 ms]
      [Humongous Reclaim: 0.0 ms]
      [Free CSet: 0.7 ms]
   [Eden: 2444.0M(2444.0M)->0.0B(2444.0M) Survivors: 12288.0K->12288.0K Heap: 2474.6M(4096.0M)->31505.0K(4096.0M)]
 [Times: user=0.00 sys=0.00, real=0.02 secs] 
2024-10-12T18:57:23.812+0300: 294.092: Total time for which application threads were stopped: 0.0036077 seconds, Stopping threads took: 0.0002000 seconds
2024-10-12T18:57:24.584+0300: 294.870: Application time: 0.7781419 seconds
2024-10-12T18:57:24.584+0300: 294.870: [GC pause (G1 Evacuation Pause) (young), 0.0031003 secs]
   [Parallel Time: 1.6 ms, GC Workers: 6]
      [GC Worker Start (ms): Min: 294870.0, Avg: 294870.1, Max: 294870.1, Diff: 0.1]
      [Ext Root Scanning (ms): Min: 0.3, Avg: 0.3, Max: 0.4, Diff: 0.1, Sum: 2.1]
      [Update RS (ms): Min: 0.1, Avg: 0.1, Max: 0.1, Diff: 0.0, Sum: 0.6]
         [Processed Buffers: Min: 1, Avg: 2.2, Max: 4, Diff: 3, Sum: 13]
      [Scan RS (ms): Min: 0.2, Avg: 0.2, Max: 0.2, Diff: 0.0, Sum: 1.1]
      [Code Root Scanning (ms): Min: 0.0, Avg: 0.0, Max: 0.0, Diff: 0.0, Sum: 0.0]
      [Object Copy (ms): Min: 0.7, Avg: 0.8, Max: 0.8, Diff: 0.0, Sum: 4.5]
      [Termination (ms): Min: 0.0, Avg: 0.0, Max: 0.0, Diff: 0.0, Sum: 0.0]
         [Termination Attempts: Min: 1, Avg: 1.5, Max: 3, Diff: 2, Sum: 9]
      [GC Worker Other (ms): Min: 0.0, Avg: 0.1, Max: 0.1, Diff: 0.1, Sum: 0.5]
      [GC Worker Total (ms): Min: 1.4, Avg: 1.5, Max: 1.5, Diff: 0.1, Sum: 8.8]
      [GC Worker End (ms): Min: 294871.5, Avg: 294871.5, Max: 294871.6, Diff: 0.1]
   [Code Root Fixup: 0.0 ms]
   [Code Root Purge: 0.0 ms]
   [Clear CT: 0.5 ms]
   [Other: 1.0 ms]
      [Choose CSet: 0.0 ms]
      [Ref Proc: 0.1 ms]
      [Ref Enq: 0.0 ms]
      [Redirty Cards: 0.1 ms]
      [Humongous Register: 0.0 ms]
      [Humongous Reclaim: 0.0 ms]
      [Free CSet: 0.7 ms]
   [Eden: 2444.0M(2444.0M)->0.0B(2448.0M) Survivors: 12288.0K->8192.0K Heap: 2474.8M(4096.0M)->28235.3K(4096.0M)]
 [Times: user=0.00 sys=0.00, real=0.00 secs] 
2024-10-12T18:57:24.584+0300: 294.873: Total time for which application threads were stopped: 0.0034959 seconds, Stopping threads took: 0.0001617 seconds
2024-10-12T18:57:25.366+0300: 295.655: Application time: 0.7821244 seconds
2024-10-12T18:57:25.366+0300: 295.656: [GC pause (G1 Evacuation Pause) (young), 0.0032022 secs]
   [Parallel Time: 1.6 ms, GC Workers: 6]
      [GC Worker Start (ms): Min: 295655.8, Avg: 295655.8, Max: 295655.9, Diff: 0.1]
      [Ext Root Scanning (ms): Min: 0.3, Avg: 0.3, Max: 0.4, Diff: 0.2, Sum: 2.1]
      [Update RS (ms): Min: 0.1, Avg: 0.1, Max: 0.1, Diff: 0.0, Sum: 0.6]
         [Processed Buffers: Min: 1, Avg: 2.2, Max: 4, Diff: 3, Sum: 13]
      [Scan RS (ms): Min: 0.2, Avg: 0.2, Max: 0.2, Diff: 0.0, Sum: 1.1]
      [Code Root Scanning (ms): Min: 0.0, Avg: 0.0, Max: 0.0, Diff: 0.0, Sum: 0.0]
      [Object Copy (ms): Min: 0.7, Avg: 0.7, Max: 0.7, Diff: 0.1, Sum: 4.3]
      [Termination (ms): Min: 0.0, Avg: 0.0, Max: 0.0, Diff: 0.0, Sum: 0.0]
         [Termination Attempts: Min: 1, Avg: 1.0, Max: 1, Diff: 0, Sum: 6]
      [GC Worker Other (ms): Min: 0.0, Avg: 0.1, Max: 0.1, Diff: 0.1, Sum: 0.5]
      [GC Worker Total (ms): Min: 1.4, Avg: 1.4, Max: 1.5, Diff: 0.1, Sum: 8.6]
      [GC Worker End (ms): Min: 295657.2, Avg: 295657.3, Max: 295657.3, Diff: 0.1]
   [Code Root Fixup: 0.0 ms]
   [Code Root Purge: 0.0 ms]
   [Clear CT: 0.5 ms]
   [Other: 1.1 ms]
      [Choose CSet: 0.0 ms]
      [Ref Proc: 0.1 ms]
      [Ref Enq: 0.0 ms]
      [Redirty Cards: 0.1 ms]
      [Humongous Register: 0.1 ms]
      [Humongous Reclaim: 0.0 ms]
      [Free CSet: 0.7 ms]
   [Eden: 2448.0M(2448.0M)->0.0B(2446.0M) Survivors: 8192.0K->10240.0K Heap: 2475.6M(4096.0M)->30255.0K(4096.0M)]
 [Times: user=0.00 sys=0.00, real=0.00 secs] 
2024-10-12T18:57:25.366+0300: 295.659: Total time for which application threads were stopped: 0.0036870 seconds, Stopping threads took: 0.0002033 seconds
2024-10-12T18:57:26.151+0300: 296.436: Application time: 0.7767375 seconds
2024-10-12T18:57:26.151+0300: 296.436: [GC pause (G1 Evacuation Pause) (young), 0.0033615 secs]
   [Parallel Time: 1.7 ms, GC Workers: 6]
      [GC Worker Start (ms): Min: 296436.2, Avg: 296436.2, Max: 296436.2, Diff: 0.0]
      [Ext Root Scanning (ms): Min: 0.3, Avg: 0.3, Max: 0.4, Diff: 0.1, Sum: 1.9]
      [Update RS (ms): Min: 0.0, Avg: 0.1, Max: 0.1, Diff: 0.1, Sum: 0.6]
         [Processed Buffers: Min: 0, Avg: 2.2, Max: 4, Diff: 4, Sum: 13]
      [Scan RS (ms): Min: 0.1, Avg: 0.2, Max: 0.2, Diff: 0.1, Sum: 1.0]
      [Code Root Scanning (ms): Min: 0.0, Avg: 0.0, Max: 0.0, Diff: 0.0, Sum: 0.0]
      [Object Copy (ms): Min: 0.8, Avg: 0.8, Max: 1.0, Diff: 0.2, Sum: 4.8]
      [Termination (ms): Min: 0.0, Avg: 0.0, Max: 0.0, Diff: 0.0, Sum: 0.0]
         [Termination Attempts: Min: 1, Avg: 1.2, Max: 2, Diff: 1, Sum: 7]
      [GC Worker Other (ms): Min: 0.0, Avg: 0.1, Max: 0.2, Diff: 0.1, Sum: 0.5]
      [GC Worker Total (ms): Min: 1.4, Avg: 1.5, Max: 1.6, Diff: 0.2, Sum: 8.9]
      [GC Worker End (ms): Min: 296437.6, Avg: 296437.7, Max: 296437.8, Diff: 0.1]
   [Code Root Fixup: 0.0 ms]
   [Code Root Purge: 0.0 ms]
   [Clear CT: 0.5 ms]
   [Other: 1.1 ms]
      [Choose CSet: 0.0 ms]
      [Ref Proc: 0.1 ms]
      [Ref Enq: 0.0 ms]
      [Redirty Cards: 0.1 ms]
      [Humongous Register: 0.0 ms]
      [Humongous Reclaim: 0.0 ms]
      [Free CSet: 0.7 ms]
   [Eden: 2446.0M(2446.0M)->0.0B(2446.0M) Survivors: 10240.0K->10240.0K Heap: 2475.5M(4096.0M)->30409.8K(4096.0M)]
 [Times: user=0.00 sys=0.00, real=0.00 secs] 
2024-10-12T18:57:26.151+0300: 296.440: Total time for which application threads were stopped: 0.0038224 seconds, Stopping threads took: 0.0002061 seconds
2024-10-12T18:57:26.921+0300: 297.214: Application time: 0.7748466 seconds
2024-10-12T18:57:26.921+0300: 297.215: [GC pause (G1 Evacuation Pause) (young), 0.0034657 secs]
   [Parallel Time: 1.7 ms, GC Workers: 6]
      [GC Worker Start (ms): Min: 297214.8, Avg: 297214.9, Max: 297214.9, Diff: 0.0]
      [Ext Root Scanning (ms): Min: 0.3, Avg: 0.3, Max: 0.3, Diff: 0.1, Sum: 1.9]
      [Update RS (ms): Min: 0.1, Avg: 0.1, Max: 0.3, Diff: 0.2, Sum: 0.8]
         [Processed Buffers: Min: 1, Avg: 2.2, Max: 3, Diff: 2, Sum: 13]
      [Scan RS (ms): Min: 0.0, Avg: 0.2, Max: 0.2, Diff: 0.2, Sum: 1.1]
      [Code Root Scanning (ms): Min: 0.0, Avg: 0.0, Max: 0.0, Diff: 0.0, Sum: 0.0]
      [Object Copy (ms): Min: 0.8, Avg: 0.8, Max: 0.8, Diff: 0.1, Sum: 4.9]
      [Termination (ms): Min: 0.0, Avg: 0.0, Max: 0.0, Diff: 0.0, Sum: 0.0]
         [Termination Attempts: Min: 1, Avg: 1.3, Max: 2, Diff: 1, Sum: 8]
      [GC Worker Other (ms): Min: 0.0, Avg: 0.1, Max: 0.2, Diff: 0.1, Sum: 0.7]
      [GC Worker Total (ms): Min: 1.5, Avg: 1.6, Max: 1.6, Diff: 0.1, Sum: 9.4]
      [GC Worker End (ms): Min: 297216.4, Avg: 297216.4, Max: 297216.5, Diff: 0.1]
   [Code Root Fixup: 0.0 ms]
   [Code Root Purge: 0.0 ms]
   [Clear CT: 0.5 ms]
   [Other: 1.2 ms]
      [Choose CSet: 0.0 ms]
      [Ref Proc: 0.1 ms]
      [Ref Enq: 0.0 ms]
      [Redirty Cards: 0.1 ms]
      [Humongous Register: 0.0 ms]
      [Humongous Reclaim: 0.0 ms]
      [Free CSet: 0.8 ms]
   [Eden: 2446.0M(2446.0M)->0.0B(2444.0M) Survivors: 10240.0K->12288.0K Heap: 2475.7M(4096.0M)->31580.4K(4096.0M)]
 [Times: user=0.02 sys=0.00, real=0.02 secs] 
2024-10-12T18:57:26.936+0300: 297.218: Total time for which application threads were stopped: 0.0039139 seconds, Stopping threads took: 0.0001970 seconds
2024-10-12T18:57:27.705+0300: 297.989: Application time: 0.7709114 seconds
2024-10-12T18:57:27.705+0300: 297.990: [GC pause (G1 Evacuation Pause) (young), 0.0038937 secs]
   [Parallel Time: 2.2 ms, GC Workers: 6]
      [GC Worker Start (ms): Min: 297989.7, Avg: 297989.7, Max: 297989.7, Diff: 0.1]
      [Ext Root Scanning (ms): Min: 0.3, Avg: 0.3, Max: 0.4, Diff: 0.1, Sum: 2.0]
      [Update RS (ms): Min: 0.1, Avg: 0.1, Max: 0.1, Diff: 0.0, Sum: 0.6]
         [Processed Buffers: Min: 1, Avg: 2.2, Max: 3, Diff: 2, Sum: 13]
      [Scan RS (ms): Min: 0.1, Avg: 0.2, Max: 0.2, Diff: 0.0, Sum: 1.0]
      [Code Root Scanning (ms): Min: 0.0, Avg: 0.0, Max: 0.0, Diff: 0.0, Sum: 0.0]
      [Object Copy (ms): Min: 1.3, Avg: 1.3, Max: 1.3, Diff: 0.0, Sum: 7.9]
      [Termination (ms): Min: 0.0, Avg: 0.0, Max: 0.0, Diff: 0.0, Sum: 0.0]
         [Termination Attempts: Min: 1, Avg: 1.0, Max: 1, Diff: 0, Sum: 6]
      [GC Worker Other (ms): Min: 0.0, Avg: 0.1, Max: 0.2, Diff: 0.2, Sum: 0.6]
      [GC Worker Total (ms): Min: 1.9, Avg: 2.0, Max: 2.1, Diff: 0.2, Sum: 12.1]
      [GC Worker End (ms): Min: 297991.6, Avg: 297991.7, Max: 297991.8, Diff: 0.2]
   [Code Root Fixup: 0.0 ms]
   [Code Root Purge: 0.0 ms]
   [Clear CT: 0.6 ms]
   [Other: 1.1 ms]
      [Choose CSet: 0.0 ms]
      [Ref Proc: 0.1 ms]
      [Ref Enq: 0.0 ms]
      [Redirty Cards: 0.1 ms]
      [Humongous Register: 0.0 ms]
      [Humongous Reclaim: 0.0 ms]
      [Free CSet: 0.6 ms]
   [Eden: 2444.0M(2444.0M)->0.0B(2446.0M) Survivors: 12288.0K->10240.0K Heap: 2474.8M(4096.0M)->29827.4K(4096.0M)]
 [Times: user=0.00 sys=0.00, real=0.00 secs] 
2024-10-12T18:57:27.705+0300: 297.994: Total time for which application threads were stopped: 0.0043411 seconds, Stopping threads took: 0.0001913 seconds
2024-10-12T18:57:28.493+0300: 298.773: Application time: 0.7794102 seconds
2024-10-12T18:57:28.493+0300: 298.773: [GC pause (G1 Evacuation Pause) (young), 0.0036651 secs]
   [Parallel Time: 2.2 ms, GC Workers: 6]
      [GC Worker Start (ms): Min: 298773.4, Avg: 298773.4, Max: 298773.4, Diff: 0.0]
      [Ext Root Scanning (ms): Min: 0.3, Avg: 0.3, Max: 0.4, Diff: 0.1, Sum: 2.0]
      [Update RS (ms): Min: 0.1, Avg: 0.1, Max: 0.1, Diff: 0.1, Sum: 0.6]
         [Processed Buffers: Min: 1, Avg: 2.2, Max: 3, Diff: 2, Sum: 13]
      [Scan RS (ms): Min: 0.1, Avg: 0.2, Max: 0.2, Diff: 0.1, Sum: 1.0]
      [Code Root Scanning (ms): Min: 0.0, Avg: 0.0, Max: 0.0, Diff: 0.0, Sum: 0.0]
      [Object Copy (ms): Min: 1.3, Avg: 1.3, Max: 1.4, Diff: 0.0, Sum: 8.0]
      [Termination (ms): Min: 0.0, Avg: 0.0, Max: 0.0, Diff: 0.0, Sum: 0.0]
         [Termination Attempts: Min: 1, Avg: 1.0, Max: 1, Diff: 0, Sum: 6]
      [GC Worker Other (ms): Min: 0.0, Avg: 0.1, Max: 0.1, Diff: 0.1, Sum: 0.5]
      [GC Worker Total (ms): Min: 2.0, Avg: 2.0, Max: 2.0, Diff: 0.1, Sum: 12.2]
      [GC Worker End (ms): Min: 298775.4, Avg: 298775.4, Max: 298775.5, Diff: 0.1]
   [Code Root Fixup: 0.0 ms]
   [Code Root Purge: 0.0 ms]
   [Clear CT: 0.5 ms]
   [Other: 1.0 ms]
      [Choose CSet: 0.0 ms]
      [Ref Proc: 0.1 ms]
      [Ref Enq: 0.0 ms]
      [Redirty Cards: 0.1 ms]
      [Humongous Register: 0.0 ms]
      [Humongous Reclaim: 0.0 ms]
      [Free CSet: 0.6 ms]
   [Eden: 2446.0M(2446.0M)->0.0B(2444.0M) Survivors: 10240.0K->12288.0K Heap: 2475.1M(4096.0M)->31669.7K(4096.0M)]
 [Times: user=0.00 sys=0.00, real=0.00 secs] 
2024-10-12T18:57:28.493+0300: 298.777: Total time for which application threads were stopped: 0.0040672 seconds, Stopping threads took: 0.0001601 seconds
2024-10-12T18:57:29.275+0300: 299.555: Application time: 0.7778775 seconds
2024-10-12T18:57:29.275+0300: 299.555: [GC pause (G1 Evacuation Pause) (young), 0.0039893 secs]
   [Parallel Time: 2.1 ms, GC Workers: 6]
      [GC Worker Start (ms): Min: 299555.4, Avg: 299555.4, Max: 299555.4, Diff: 0.0]
      [Ext Root Scanning (ms): Min: 0.3, Avg: 0.3, Max: 0.3, Diff: 0.0, Sum: 1.9]
      [Update RS (ms): Min: 0.0, Avg: 0.1, Max: 0.2, Diff: 0.2, Sum: 0.6]
         [Processed Buffers: Min: 0, Avg: 2.2, Max: 3, Diff: 3, Sum: 13]
      [Scan RS (ms): Min: 0.1, Avg: 0.2, Max: 0.2, Diff: 0.1, Sum: 1.0]
      [Code Root Scanning (ms): Min: 0.0, Avg: 0.0, Max: 0.0, Diff: 0.0, Sum: 0.0]
      [Object Copy (ms): Min: 1.3, Avg: 1.4, Max: 1.5, Diff: 0.2, Sum: 8.1]
      [Termination (ms): Min: 0.0, Avg: 0.0, Max: 0.0, Diff: 0.0, Sum: 0.0]
         [Termination Attempts: Min: 1, Avg: 1.0, Max: 1, Diff: 0, Sum: 6]
      [GC Worker Other (ms): Min: 0.0, Avg: 0.1, Max: 0.1, Diff: 0.1, Sum: 0.5]
      [GC Worker Total (ms): Min: 1.9, Avg: 2.0, Max: 2.1, Diff: 0.1, Sum: 12.2]
      [GC Worker End (ms): Min: 299557.3, Avg: 299557.4, Max: 299557.5, Diff: 0.1]
   [Code Root Fixup: 0.0 ms]
   [Code Root Purge: 0.0 ms]
   [Clear CT: 0.6 ms]
   [Other: 1.3 ms]
      [Choose CSet: 0.0 ms]
      [Ref Proc: 0.2 ms]
      [Ref Enq: 0.0 ms]
      [Redirty Cards: 0.1 ms]
      [Humongous Register: 0.1 ms]
      [Humongous Reclaim: 0.0 ms]
      [Free CSet: 0.7 ms]
   [Eden: 2444.0M(2444.0M)->0.0B(2444.0M) Survivors: 12288.0K->12288.0K Heap: 2474.9M(4096.0M)->31672.2K(4096.0M)]
 [Times: user=0.00 sys=0.00, real=0.00 secs] 
2024-10-12T18:57:29.275+0300: 299.559: Total time for which application threads were stopped: 0.0044062 seconds, Stopping threads took: 0.0001513 seconds
2024-10-12T18:57:30.060+0300: 300.340: Application time: 0.7804321 seconds
2024-10-12T18:57:30.060+0300: 300.340: [GC pause (G1 Evacuation Pause) (young), 0.0030279 secs]
   [Parallel Time: 1.5 ms, GC Workers: 6]
      [GC Worker Start (ms): Min: 300340.1, Avg: 300340.1, Max: 300340.2, Diff: 0.1]
      [Ext Root Scanning (ms): Min: 0.3, Avg: 0.3, Max: 0.4, Diff: 0.1, Sum: 2.0]
      [Update RS (ms): Min: 0.1, Avg: 0.1, Max: 0.2, Diff: 0.1, Sum: 0.6]
         [Processed Buffers: Min: 2, Avg: 2.2, Max: 3, Diff: 1, Sum: 13]
      [Scan RS (ms): Min: 0.1, Avg: 0.2, Max: 0.2, Diff: 0.1, Sum: 1.1]
      [Code Root Scanning (ms): Min: 0.0, Avg: 0.0, Max: 0.0, Diff: 0.0, Sum: 0.0]
      [Object Copy (ms): Min: 0.7, Avg: 0.7, Max: 0.7, Diff: 0.1, Sum: 4.1]
      [Termination (ms): Min: 0.0, Avg: 0.0, Max: 0.0, Diff: 0.0, Sum: 0.0]
         [Termination Attempts: Min: 1, Avg: 1.0, Max: 1, Diff: 0, Sum: 6]
      [GC Worker Other (ms): Min: 0.0, Avg: 0.1, Max: 0.1, Diff: 0.1, Sum: 0.5]
      [GC Worker Total (ms): Min: 1.3, Avg: 1.4, Max: 1.4, Diff: 0.1, Sum: 8.4]
      [GC Worker End (ms): Min: 300341.5, Avg: 300341.5, Max: 300341.6, Diff: 0.1]
   [Code Root Fixup: 0.0 ms]
   [Code Root Purge: 0.0 ms]
   [Clear CT: 0.5 ms]
   [Other: 1.0 ms]
      [Choose CSet: 0.0 ms]
      [Ref Proc: 0.1 ms]
      [Ref Enq: 0.0 ms]
      [Redirty Cards: 0.1 ms]
      [Humongous Register: 0.0 ms]
      [Humongous Reclaim: 0.0 ms]
      [Free CSet: 0.6 ms]
   [Eden: 2444.0M(2444.0M)->0.0B(2448.0M) Survivors: 12288.0K->8192.0K Heap: 2474.9M(4096.0M)->28602.7K(4096.0M)]
 [Times: user=0.00 sys=0.00, real=0.00 secs] 
2024-10-12T18:57:30.060+0300: 300.343: Total time for which application threads were stopped: 0.0033816 seconds, Stopping threads took: 0.0001305 seconds
2024-10-12T18:57:30.830+0300: 301.115: Application time: 0.7718071 seconds
2024-10-12T18:57:30.830+0300: 301.115: [GC pause (G1 Evacuation Pause) (young), 0.0037095 secs]
   [Parallel Time: 2.2 ms, GC Workers: 6]
      [GC Worker Start (ms): Min: 301115.3, Avg: 301115.4, Max: 301115.4, Diff: 0.1]
      [Ext Root Scanning (ms): Min: 0.3, Avg: 0.3, Max: 0.4, Diff: 0.1, Sum: 1.9]
      [Update RS (ms): Min: 0.1, Avg: 0.1, Max: 0.2, Diff: 0.1, Sum: 0.6]
         [Processed Buffers: Min: 1, Avg: 2.2, Max: 4, Diff: 3, Sum: 13]
      [Scan RS (ms): Min: 0.1, Avg: 0.2, Max: 0.2, Diff: 0.1, Sum: 1.1]
      [Code Root Scanning (ms): Min: 0.0, Avg: 0.0, Max: 0.0, Diff: 0.0, Sum: 0.0]
      [Object Copy (ms): Min: 1.4, Avg: 1.4, Max: 1.4, Diff: 0.0, Sum: 8.3]
      [Termination (ms): Min: 0.0, Avg: 0.0, Max: 0.0, Diff: 0.0, Sum: 0.0]
         [Termination Attempts: Min: 1, Avg: 1.0, Max: 1, Diff: 0, Sum: 6]
      [GC Worker Other (ms): Min: 0.0, Avg: 0.1, Max: 0.1, Diff: 0.1, Sum: 0.5]
      [GC Worker Total (ms): Min: 2.0, Avg: 2.1, Max: 2.1, Diff: 0.1, Sum: 12.5]
      [GC Worker End (ms): Min: 301117.4, Avg: 301117.4, Max: 301117.5, Diff: 0.1]
   [Code Root Fixup: 0.0 ms]
   [Code Root Purge: 0.0 ms]
   [Clear CT: 0.5 ms]
   [Other: 1.0 ms]
      [Choose CSet: 0.0 ms]
      [Ref Proc: 0.1 ms]
      [Ref Enq: 0.0 ms]
      [Redirty Cards: 0.1 ms]
      [Humongous Register: 0.0 ms]
      [Humongous Reclaim: 0.0 ms]
      [Free CSet: 0.6 ms]
   [Eden: 2448.0M(2448.0M)->0.0B(2444.0M) Survivors: 8192.0K->12288.0K Heap: 2475.9M(4096.0M)->32649.4K(4096.0M)]
 [Times: user=0.00 sys=0.00, real=0.00 secs] 
2024-10-12T18:57:30.830+0300: 301.119: Total time for which application threads were stopped: 0.0040869 seconds, Stopping threads took: 0.0001669 seconds
2024-10-12T18:57:31.615+0300: 301.901: Application time: 0.7821280 seconds
2024-10-12T18:57:31.615+0300: 301.902: [GC pause (G1 Evacuation Pause) (young), 0.0036081 secs]
   [Parallel Time: 2.1 ms, GC Workers: 6]
      [GC Worker Start (ms): Min: 301901.6, Avg: 301901.6, Max: 301901.7, Diff: 0.0]
      [Ext Root Scanning (ms): Min: 0.3, Avg: 0.3, Max: 0.4, Diff: 0.0, Sum: 1.9]
      [Update RS (ms): Min: 0.1, Avg: 0.1, Max: 0.1, Diff: 0.1, Sum: 0.6]
         [Processed Buffers: Min: 1, Avg: 2.2, Max: 4, Diff: 3, Sum: 13]
      [Scan RS (ms): Min: 0.2, Avg: 0.2, Max: 0.2, Diff: 0.0, Sum: 1.1]
      [Code Root Scanning (ms): Min: 0.0, Avg: 0.0, Max: 0.0, Diff: 0.0, Sum: 0.0]
      [Object Copy (ms): Min: 1.2, Avg: 1.3, Max: 1.3, Diff: 0.1, Sum: 7.6]
      [Termination (ms): Min: 0.0, Avg: 0.0, Max: 0.0, Diff: 0.0, Sum: 0.0]
         [Termination Attempts: Min: 1, Avg: 1.0, Max: 1, Diff: 0, Sum: 6]
      [GC Worker Other (ms): Min: 0.0, Avg: 0.1, Max: 0.1, Diff: 0.1, Sum: 0.5]
      [GC Worker Total (ms): Min: 1.9, Avg: 2.0, Max: 2.0, Diff: 0.1, Sum: 11.8]
      [GC Worker End (ms): Min: 301903.5, Avg: 301903.6, Max: 301903.6, Diff: 0.1]
   [Code Root Fixup: 0.0 ms]
   [Code Root Purge: 0.0 ms]
   [Clear CT: 0.4 ms]
   [Other: 1.1 ms]
      [Choose CSet: 0.0 ms]
      [Ref Proc: 0.1 ms]
      [Ref Enq: 0.0 ms]
      [Redirty Cards: 0.1 ms]
      [Humongous Register: 0.0 ms]
      [Humongous Reclaim: 0.0 ms]
      [Free CSet: 0.7 ms]
   [Eden: 2444.0M(2444.0M)->0.0B(2444.0M) Survivors: 12288.0K->12288.0K Heap: 2475.9M(4096.0M)->31679.7K(4096.0M)]
 [Times: user=0.00 sys=0.00, real=0.00 secs] 
2024-10-12T18:57:31.615+0300: 301.905: Total time for which application threads were stopped: 0.0040486 seconds, Stopping threads took: 0.0002008 seconds
2024-10-12T18:57:32.403+0300: 302.682: Application time: 0.7769221 seconds
2024-10-12T18:57:32.403+0300: 302.682: [GC pause (G1 Evacuation Pause) (young), 0.0030653 secs]
   [Parallel Time: 1.5 ms, GC Workers: 6]
      [GC Worker Start (ms): Min: 302682.5, Avg: 302682.6, Max: 302682.6, Diff: 0.1]
      [Ext Root Scanning (ms): Min: 0.3, Avg: 0.3, Max: 0.4, Diff: 0.1, Sum: 2.0]
      [Update RS (ms): Min: 0.1, Avg: 0.1, Max: 0.1, Diff: 0.1, Sum: 0.6]
         [Processed Buffers: Min: 1, Avg: 2.2, Max: 3, Diff: 2, Sum: 13]
      [Scan RS (ms): Min: 0.1, Avg: 0.2, Max: 0.2, Diff: 0.0, Sum: 1.0]
      [Code Root Scanning (ms): Min: 0.0, Avg: 0.0, Max: 0.0, Diff: 0.0, Sum: 0.0]
      [Object Copy (ms): Min: 0.7, Avg: 0.7, Max: 0.7, Diff: 0.0, Sum: 4.4]
      [Termination (ms): Min: 0.0, Avg: 0.0, Max: 0.0, Diff: 0.0, Sum: 0.0]
         [Termination Attempts: Min: 1, Avg: 1.0, Max: 1, Diff: 0, Sum: 6]
      [GC Worker Other (ms): Min: 0.0, Avg: 0.1, Max: 0.1, Diff: 0.1, Sum: 0.5]
      [GC Worker Total (ms): Min: 1.4, Avg: 1.4, Max: 1.5, Diff: 0.1, Sum: 8.5]
      [GC Worker End (ms): Min: 302683.9, Avg: 302684.0, Max: 302684.0, Diff: 0.1]
   [Code Root Fixup: 0.0 ms]
   [Code Root Purge: 0.0 ms]
   [Clear CT: 0.5 ms]
   [Other: 1.1 ms]
      [Choose CSet: 0.0 ms]
      [Ref Proc: 0.1 ms]
      [Ref Enq: 0.0 ms]
      [Redirty Cards: 0.1 ms]
      [Humongous Register: 0.0 ms]
      [Humongous Reclaim: 0.0 ms]
      [Free CSet: 0.7 ms]
   [Eden: 2444.0M(2444.0M)->0.0B(2448.0M) Survivors: 12288.0K->8192.0K Heap: 2474.9M(4096.0M)->27586.2K(4096.0M)]
 [Times: user=0.00 sys=0.00, real=0.00 secs] 
2024-10-12T18:57:32.403+0300: 302.686: Total time for which application threads were stopped: 0.0034639 seconds, Stopping threads took: 0.0001803 seconds
2024-10-12T18:57:33.186+0300: 303.466: Application time: 0.7802454 seconds
2024-10-12T18:57:33.186+0300: 303.466: [GC pause (G1 Evacuation Pause) (young), 0.0034958 secs]
   [Parallel Time: 1.7 ms, GC Workers: 6]
      [GC Worker Start (ms): Min: 303466.2, Avg: 303466.3, Max: 303466.3, Diff: 0.0]
      [Ext Root Scanning (ms): Min: 0.3, Avg: 0.3, Max: 0.3, Diff: 0.0, Sum: 1.9]
      [Update RS (ms): Min: 0.0, Avg: 0.1, Max: 0.2, Diff: 0.2, Sum: 0.6]
         [Processed Buffers: Min: 0, Avg: 2.2, Max: 4, Diff: 4, Sum: 13]
      [Scan RS (ms): Min: 0.2, Avg: 0.2, Max: 0.2, Diff: 0.0, Sum: 1.0]
      [Code Root Scanning (ms): Min: 0.0, Avg: 0.0, Max: 0.0, Diff: 0.0, Sum: 0.0]
      [Object Copy (ms): Min: 0.8, Avg: 0.9, Max: 1.0, Diff: 0.2, Sum: 5.3]
      [Termination (ms): Min: 0.0, Avg: 0.0, Max: 0.0, Diff: 0.0, Sum: 0.0]
         [Termination Attempts: Min: 1, Avg: 1.0, Max: 1, Diff: 0, Sum: 6]
      [GC Worker Other (ms): Min: 0.0, Avg: 0.1, Max: 0.1, Diff: 0.1, Sum: 0.6]
      [GC Worker Total (ms): Min: 1.5, Avg: 1.6, Max: 1.7, Diff: 0.1, Sum: 9.5]
      [GC Worker End (ms): Min: 303467.8, Avg: 303467.8, Max: 303467.9, Diff: 0.1]
   [Code Root Fixup: 0.0 ms]
   [Code Root Purge: 0.0 ms]
   [Clear CT: 0.5 ms]
   [Other: 1.2 ms]
      [Choose CSet: 0.0 ms]
      [Ref Proc: 0.2 ms]
      [Ref Enq: 0.0 ms]
      [Redirty Cards: 0.1 ms]
      [Humongous Register: 0.0 ms]
      [Humongous Reclaim: 0.0 ms]
      [Free CSet: 0.7 ms]
   [Eden: 2448.0M(2448.0M)->0.0B(2446.0M) Survivors: 8192.0K->10240.0K Heap: 2474.9M(4096.0M)->29612.7K(4096.0M)]
 [Times: user=0.00 sys=0.00, real=0.00 secs] 
2024-10-12T18:57:33.186+0300: 303.470: Total time for which application threads were stopped: 0.0038707 seconds, Stopping threads took: 0.0001152 seconds
2024-10-12T18:57:33.956+0300: 304.246: Application time: 0.7761725 seconds
2024-10-12T18:57:33.956+0300: 304.246: [GC pause (G1 Evacuation Pause) (young), 0.0033154 secs]
   [Parallel Time: 1.6 ms, GC Workers: 6]
      [GC Worker Start (ms): Min: 304246.4, Avg: 304246.4, Max: 304246.4, Diff: 0.1]
      [Ext Root Scanning (ms): Min: 0.3, Avg: 0.3, Max: 0.4, Diff: 0.1, Sum: 2.0]
      [Update RS (ms): Min: 0.1, Avg: 0.1, Max: 0.1, Diff: 0.1, Sum: 0.6]
         [Processed Buffers: Min: 1, Avg: 2.2, Max: 3, Diff: 2, Sum: 13]
      [Scan RS (ms): Min: 0.1, Avg: 0.2, Max: 0.2, Diff: 0.1, Sum: 1.1]
      [Code Root Scanning (ms): Min: 0.0, Avg: 0.0, Max: 0.0, Diff: 0.0, Sum: 0.0]
      [Object Copy (ms): Min: 0.7, Avg: 0.7, Max: 0.7, Diff: 0.0, Sum: 4.2]
      [Termination (ms): Min: 0.0, Avg: 0.0, Max: 0.0, Diff: 0.0, Sum: 0.0]
         [Termination Attempts: Min: 1, Avg: 1.0, Max: 1, Diff: 0, Sum: 6]
      [GC Worker Other (ms): Min: 0.0, Avg: 0.1, Max: 0.1, Diff: 0.1, Sum: 0.5]
      [GC Worker Total (ms): Min: 1.4, Avg: 1.4, Max: 1.4, Diff: 0.1, Sum: 8.6]
      [GC Worker End (ms): Min: 304247.7, Avg: 304247.8, Max: 304247.9, Diff: 0.1]
   [Code Root Fixup: 0.0 ms]
   [Code Root Purge: 0.0 ms]
   [Clear CT: 0.5 ms]
   [Other: 1.2 ms]
      [Choose CSet: 0.0 ms]
      [Ref Proc: 0.1 ms]
      [Ref Enq: 0.0 ms]
      [Redirty Cards: 0.1 ms]
      [Humongous Register: 0.1 ms]
      [Humongous Reclaim: 0.0 ms]
      [Free CSet: 0.7 ms]
   [Eden: 2446.0M(2446.0M)->0.0B(2448.0M) Survivors: 10240.0K->8192.0K Heap: 2474.9M(4096.0M)->27562.3K(4096.0M)]
 [Times: user=0.00 sys=0.00, real=0.00 secs] 
2024-10-12T18:57:33.956+0300: 304.250: Total time for which application threads were stopped: 0.0037266 seconds, Stopping threads took: 0.0001837 seconds
2024-10-12T18:57:34.741+0300: 305.024: Application time: 0.7744820 seconds
2024-10-12T18:57:34.741+0300: 305.024: [GC pause (G1 Evacuation Pause) (young), 0.0030810 secs]
   [Parallel Time: 1.6 ms, GC Workers: 6]
      [GC Worker Start (ms): Min: 305024.5, Avg: 305024.6, Max: 305024.6, Diff: 0.1]
      [Ext Root Scanning (ms): Min: 0.3, Avg: 0.3, Max: 0.4, Diff: 0.1, Sum: 2.0]
      [Update RS (ms): Min: 0.1, Avg: 0.1, Max: 0.2, Diff: 0.1, Sum: 0.6]
         [Processed Buffers: Min: 1, Avg: 2.2, Max: 3, Diff: 2, Sum: 13]
      [Scan RS (ms): Min: 0.1, Avg: 0.2, Max: 0.2, Diff: 0.1, Sum: 1.0]
      [Code Root Scanning (ms): Min: 0.0, Avg: 0.0, Max: 0.0, Diff: 0.0, Sum: 0.0]
      [Object Copy (ms): Min: 0.7, Avg: 0.8, Max: 0.8, Diff: 0.1, Sum: 4.6]
      [Termination (ms): Min: 0.0, Avg: 0.0, Max: 0.0, Diff: 0.0, Sum: 0.0]
         [Termination Attempts: Min: 1, Avg: 1.0, Max: 1, Diff: 0, Sum: 6]
      [GC Worker Other (ms): Min: 0.0, Avg: 0.1, Max: 0.1, Diff: 0.1, Sum: 0.5]
      [GC Worker Total (ms): Min: 1.4, Avg: 1.5, Max: 1.5, Diff: 0.1, Sum: 8.8]
      [GC Worker End (ms): Min: 305026.0, Avg: 305026.0, Max: 305026.1, Diff: 0.1]
   [Code Root Fixup: 0.0 ms]
   [Code Root Purge: 0.0 ms]
   [Clear CT: 0.5 ms]
   [Other: 1.0 ms]
      [Choose CSet: 0.0 ms]
      [Ref Proc: 0.1 ms]
      [Ref Enq: 0.0 ms]
      [Redirty Cards: 0.1 ms]
      [Humongous Register: 0.1 ms]
      [Humongous Reclaim: 0.0 ms]
      [Free CSet: 0.6 ms]
   [Eden: 2448.0M(2448.0M)->0.0B(2446.0M) Survivors: 8192.0K->10240.0K Heap: 2474.9M(4096.0M)->30490.8K(4096.0M)]
 [Times: user=0.00 sys=0.00, real=0.00 secs] 
2024-10-12T18:57:34.741+0300: 305.028: Total time for which application threads were stopped: 0.0034805 seconds, Stopping threads took: 0.0001709 seconds
2024-10-12T18:57:35.526+0300: 305.810: Application time: 0.7822053 seconds
2024-10-12T18:57:35.526+0300: 305.810: [GC pause (G1 Evacuation Pause) (young), 0.0030214 secs]
   [Parallel Time: 1.5 ms, GC Workers: 6]
      [GC Worker Start (ms): Min: 305810.2, Avg: 305810.2, Max: 305810.3, Diff: 0.1]
      [Ext Root Scanning (ms): Min: 0.3, Avg: 0.3, Max: 0.3, Diff: 0.1, Sum: 1.9]
      [Update RS (ms): Min: 0.1, Avg: 0.1, Max: 0.1, Diff: 0.0, Sum: 0.6]
         [Processed Buffers: Min: 1, Avg: 2.2, Max: 3, Diff: 2, Sum: 13]
      [Scan RS (ms): Min: 0.1, Avg: 0.2, Max: 0.2, Diff: 0.0, Sum: 1.0]
      [Code Root Scanning (ms): Min: 0.0, Avg: 0.0, Max: 0.0, Diff: 0.0, Sum: 0.0]
      [Object Copy (ms): Min: 0.7, Avg: 0.7, Max: 0.7, Diff: 0.0, Sum: 4.2]
      [Termination (ms): Min: 0.0, Avg: 0.0, Max: 0.0, Diff: 0.0, Sum: 0.0]
         [Termination Attempts: Min: 1, Avg: 1.0, Max: 1, Diff: 0, Sum: 6]
      [GC Worker Other (ms): Min: 0.0, Avg: 0.1, Max: 0.1, Diff: 0.1, Sum: 0.5]
      [GC Worker Total (ms): Min: 1.3, Avg: 1.4, Max: 1.4, Diff: 0.1, Sum: 8.2]
      [GC Worker End (ms): Min: 305811.6, Avg: 305811.6, Max: 305811.7, Diff: 0.1]
   [Code Root Fixup: 0.0 ms]
   [Code Root Purge: 0.0 ms]
   [Clear CT: 0.5 ms]
   [Other: 1.0 ms]
      [Choose CSet: 0.0 ms]
      [Ref Proc: 0.1 ms]
      [Ref Enq: 0.0 ms]
      [Redirty Cards: 0.1 ms]
      [Humongous Register: 0.0 ms]
      [Humongous Reclaim: 0.0 ms]
      [Free CSet: 0.7 ms]
   [Eden: 2446.0M(2446.0M)->0.0B(2448.0M) Survivors: 10240.0K->8192.0K Heap: 2475.8M(4096.0M)->27517.2K(4096.0M)]
 [Times: user=0.00 sys=0.00, real=0.00 secs] 
2024-10-12T18:57:35.526+0300: 305.813: Total time for which application threads were stopped: 0.0034345 seconds, Stopping threads took: 0.0001757 seconds
2024-10-12T18:57:36.312+0300: 306.592: Application time: 0.7790646 seconds
2024-10-12T18:57:36.312+0300: 306.593: [GC pause (G1 Evacuation Pause) (young), 0.0032146 secs]
   [Parallel Time: 1.6 ms, GC Workers: 6]
      [GC Worker Start (ms): Min: 306592.7, Avg: 306592.7, Max: 306592.8, Diff: 0.1]
      [Ext Root Scanning (ms): Min: 0.2, Avg: 0.3, Max: 0.3, Diff: 0.1, Sum: 1.8]
      [Update RS (ms): Min: 0.1, Avg: 0.1, Max: 0.1, Diff: 0.0, Sum: 0.6]
         [Processed Buffers: Min: 1, Avg: 2.2, Max: 3, Diff: 2, Sum: 13]
      [Scan RS (ms): Min: 0.1, Avg: 0.2, Max: 0.2, Diff: 0.0, Sum: 1.0]
      [Code Root Scanning (ms): Min: 0.0, Avg: 0.0, Max: 0.0, Diff: 0.0, Sum: 0.0]
      [Object Copy (ms): Min: 0.7, Avg: 0.7, Max: 0.7, Diff: 0.0, Sum: 4.0]
      [Termination (ms): Min: 0.0, Avg: 0.0, Max: 0.0, Diff: 0.0, Sum: 0.0]
         [Termination Attempts: Min: 1, Avg: 1.0, Max: 1, Diff: 0, Sum: 6]
      [GC Worker Other (ms): Min: 0.0, Avg: 0.1, Max: 0.2, Diff: 0.2, Sum: 0.7]
      [GC Worker Total (ms): Min: 1.2, Avg: 1.4, Max: 1.4, Diff: 0.3, Sum: 8.2]
      [GC Worker End (ms): Min: 306594.0, Avg: 306594.1, Max: 306594.2, Diff: 0.2]
   [Code Root Fixup: 0.0 ms]
   [Code Root Purge: 0.0 ms]
   [Clear CT: 0.5 ms]
   [Other: 1.1 ms]
      [Choose CSet: 0.0 ms]
      [Ref Proc: 0.1 ms]
      [Ref Enq: 0.0 ms]
      [Redirty Cards: 0.1 ms]
      [Humongous Register: 0.0 ms]
      [Humongous Reclaim: 0.0 ms]
      [Free CSet: 0.7 ms]
   [Eden: 2448.0M(2448.0M)->0.0B(2448.0M) Survivors: 8192.0K->8192.0K Heap: 2474.9M(4096.0M)->28432.8K(4096.0M)]
 [Times: user=0.00 sys=0.00, real=0.00 secs] 
2024-10-12T18:57:36.312+0300: 306.596: Total time for which application threads were stopped: 0.0035960 seconds, Stopping threads took: 0.0001486 seconds
2024-10-12T18:57:37.081+0300: 307.374: Application time: 0.7779925 seconds
2024-10-12T18:57:37.081+0300: 307.374: [GC pause (G1 Evacuation Pause) (young), 0.0034174 secs]
   [Parallel Time: 1.7 ms, GC Workers: 6]
      [GC Worker Start (ms): Min: 307374.4, Avg: 307374.4, Max: 307374.5, Diff: 0.1]
      [Ext Root Scanning (ms): Min: 0.2, Avg: 0.3, Max: 0.4, Diff: 0.1, Sum: 2.0]
      [Update RS (ms): Min: 0.1, Avg: 0.1, Max: 0.1, Diff: 0.1, Sum: 0.6]
         [Processed Buffers: Min: 1, Avg: 2.2, Max: 3, Diff: 2, Sum: 13]
      [Scan RS (ms): Min: 0.1, Avg: 0.2, Max: 0.2, Diff: 0.1, Sum: 1.1]
      [Code Root Scanning (ms): Min: 0.0, Avg: 0.0, Max: 0.0, Diff: 0.0, Sum: 0.0]
      [Object Copy (ms): Min: 0.7, Avg: 0.8, Max: 0.8, Diff: 0.1, Sum: 4.6]
      [Termination (ms): Min: 0.0, Avg: 0.0, Max: 0.0, Diff: 0.0, Sum: 0.0]
         [Termination Attempts: Min: 1, Avg: 1.0, Max: 1, Diff: 0, Sum: 6]
      [GC Worker Other (ms): Min: 0.0, Avg: 0.1, Max: 0.2, Diff: 0.1, Sum: 0.7]
      [GC Worker Total (ms): Min: 1.4, Avg: 1.5, Max: 1.6, Diff: 0.2, Sum: 9.0]
      [GC Worker End (ms): Min: 307375.9, Avg: 307375.9, Max: 307376.0, Diff: 0.1]
   [Code Root Fixup: 0.0 ms]
   [Code Root Purge: 0.0 ms]
   [Clear CT: 0.6 ms]
   [Other: 1.1 ms]
      [Choose CSet: 0.0 ms]
      [Ref Proc: 0.2 ms]
      [Ref Enq: 0.0 ms]
      [Redirty Cards: 0.1 ms]
      [Humongous Register: 0.0 ms]
      [Humongous Reclaim: 0.0 ms]
      [Free CSet: 0.7 ms]
   [Eden: 2448.0M(2448.0M)->0.0B(2446.0M) Survivors: 8192.0K->10240.0K Heap: 2475.8M(4096.0M)->30449.7K(4096.0M)]
 [Times: user=0.00 sys=0.00, real=0.02 secs] 
2024-10-12T18:57:37.097+0300: 307.378: Total time for which application threads were stopped: 0.0038923 seconds, Stopping threads took: 0.0002054 seconds
2024-10-12T18:57:37.866+0300: 308.146: Application time: 0.7683136 seconds
2024-10-12T18:57:37.866+0300: 308.146: [GC pause (G1 Evacuation Pause) (young), 0.0035728 secs]
   [Parallel Time: 2.1 ms, GC Workers: 6]
      [GC Worker Start (ms): Min: 308146.5, Avg: 308146.5, Max: 308146.5, Diff: 0.0]
      [Ext Root Scanning (ms): Min: 0.3, Avg: 0.3, Max: 0.3, Diff: 0.1, Sum: 1.9]
      [Update RS (ms): Min: 0.1, Avg: 0.1, Max: 0.1, Diff: 0.1, Sum: 0.6]
         [Processed Buffers: Min: 1, Avg: 2.2, Max: 3, Diff: 2, Sum: 13]
      [Scan RS (ms): Min: 0.1, Avg: 0.2, Max: 0.2, Diff: 0.1, Sum: 1.0]
      [Code Root Scanning (ms): Min: 0.0, Avg: 0.0, Max: 0.0, Diff: 0.0, Sum: 0.0]
      [Object Copy (ms): Min: 1.2, Avg: 1.3, Max: 1.3, Diff: 0.1, Sum: 7.6]
      [Termination (ms): Min: 0.0, Avg: 0.0, Max: 0.0, Diff: 0.0, Sum: 0.0]
         [Termination Attempts: Min: 1, Avg: 1.0, Max: 1, Diff: 0, Sum: 6]
      [GC Worker Other (ms): Min: 0.0, Avg: 0.1, Max: 0.1, Diff: 0.1, Sum: 0.5]
      [GC Worker Total (ms): Min: 1.9, Avg: 1.9, Max: 2.0, Diff: 0.1, Sum: 11.7]
      [GC Worker End (ms): Min: 308148.4, Avg: 308148.5, Max: 308148.5, Diff: 0.1]
   [Code Root Fixup: 0.0 ms]
   [Code Root Purge: 0.0 ms]
   [Clear CT: 0.5 ms]
   [Other: 1.0 ms]
      [Choose CSet: 0.0 ms]
      [Ref Proc: 0.1 ms]
      [Ref Enq: 0.0 ms]
      [Redirty Cards: 0.1 ms]
      [Humongous Register: 0.0 ms]
      [Humongous Reclaim: 0.0 ms]
      [Free CSet: 0.6 ms]
   [Eden: 2446.0M(2446.0M)->0.0B(2444.0M) Survivors: 10240.0K->12288.0K Heap: 2475.7M(4096.0M)->32550.5K(4096.0M)]
 [Times: user=0.00 sys=0.00, real=0.00 secs] 
2024-10-12T18:57:37.866+0300: 308.150: Total time for which application threads were stopped: 0.0039177 seconds, Stopping threads took: 0.0001357 seconds
2024-10-12T18:57:38.636+0300: 308.929: Application time: 0.7790791 seconds
2024-10-12T18:57:38.636+0300: 308.929: [GC pause (G1 Evacuation Pause) (young), 0.0039318 secs]
   [Parallel Time: 2.1 ms, GC Workers: 6]
      [GC Worker Start (ms): Min: 308929.6, Avg: 308929.6, Max: 308929.7, Diff: 0.1]
      [Ext Root Scanning (ms): Min: 0.3, Avg: 0.3, Max: 0.4, Diff: 0.1, Sum: 2.0]
      [Update RS (ms): Min: 0.0, Avg: 0.1, Max: 0.2, Diff: 0.2, Sum: 0.6]
         [Processed Buffers: Min: 0, Avg: 2.2, Max: 3, Diff: 3, Sum: 13]
      [Scan RS (ms): Min: 0.1, Avg: 0.2, Max: 0.3, Diff: 0.2, Sum: 1.3]
      [Code Root Scanning (ms): Min: 0.0, Avg: 0.0, Max: 0.0, Diff: 0.0, Sum: 0.1]
      [Object Copy (ms): Min: 0.9, Avg: 1.1, Max: 1.4, Diff: 0.5, Sum: 6.3]
      [Termination (ms): Min: 0.0, Avg: 0.2, Max: 0.2, Diff: 0.2, Sum: 1.1]
         [Termination Attempts: Min: 1, Avg: 1.8, Max: 3, Diff: 2, Sum: 11]
      [GC Worker Other (ms): Min: 0.0, Avg: 0.1, Max: 0.2, Diff: 0.1, Sum: 0.5]
      [GC Worker Total (ms): Min: 1.9, Avg: 2.0, Max: 2.1, Diff: 0.1, Sum: 11.9]
      [GC Worker End (ms): Min: 308931.6, Avg: 308931.6, Max: 308931.7, Diff: 0.1]
   [Code Root Fixup: 0.0 ms]
   [Code Root Purge: 0.0 ms]
   [Clear CT: 0.5 ms]
   [Other: 1.3 ms]
      [Choose CSet: 0.0 ms]
      [Ref Proc: 0.1 ms]
      [Ref Enq: 0.0 ms]
      [Redirty Cards: 0.1 ms]
      [Humongous Register: 0.1 ms]
      [Humongous Reclaim: 0.0 ms]
      [Free CSet: 0.8 ms]
   [Eden: 2444.0M(2444.0M)->0.0B(2444.0M) Survivors: 12288.0K->12288.0K Heap: 2475.8M(4096.0M)->31702.2K(4096.0M)]
 [Times: user=0.01 sys=0.00, real=0.02 secs] 
2024-10-12T18:57:38.651+0300: 308.934: Total time for which application threads were stopped: 0.0044216 seconds, Stopping threads took: 0.0001900 seconds
2024-10-12T18:57:39.421+0300: 309.712: Application time: 0.7784316 seconds
2024-10-12T18:57:39.421+0300: 309.712: [GC pause (G1 Evacuation Pause) (young), 0.0037205 secs]
   [Parallel Time: 2.2 ms, GC Workers: 6]
      [GC Worker Start (ms): Min: 309712.4, Avg: 309712.4, Max: 309712.5, Diff: 0.0]
      [Ext Root Scanning (ms): Min: 0.3, Avg: 0.3, Max: 0.4, Diff: 0.1, Sum: 2.0]
      [Update RS (ms): Min: 0.1, Avg: 0.1, Max: 0.2, Diff: 0.1, Sum: 0.6]
         [Processed Buffers: Min: 1, Avg: 2.0, Max: 3, Diff: 2, Sum: 12]
      [Scan RS (ms): Min: 0.1, Avg: 0.2, Max: 0.2, Diff: 0.1, Sum: 1.0]
      [Code Root Scanning (ms): Min: 0.0, Avg: 0.0, Max: 0.0, Diff: 0.0, Sum: 0.0]
      [Object Copy (ms): Min: 1.4, Avg: 1.4, Max: 1.4, Diff: 0.1, Sum: 8.4]
      [Termination (ms): Min: 0.0, Avg: 0.0, Max: 0.0, Diff: 0.0, Sum: 0.0]
         [Termination Attempts: Min: 1, Avg: 1.0, Max: 1, Diff: 0, Sum: 6]
      [GC Worker Other (ms): Min: 0.0, Avg: 0.1, Max: 0.1, Diff: 0.1, Sum: 0.4]
      [GC Worker Total (ms): Min: 2.0, Avg: 2.1, Max: 2.1, Diff: 0.1, Sum: 12.5]
      [GC Worker End (ms): Min: 309714.5, Avg: 309714.5, Max: 309714.5, Diff: 0.1]
   [Code Root Fixup: 0.0 ms]
   [Code Root Purge: 0.0 ms]
   [Clear CT: 0.5 ms]
   [Other: 1.0 ms]
      [Choose CSet: 0.0 ms]
      [Ref Proc: 0.1 ms]
      [Ref Enq: 0.0 ms]
      [Redirty Cards: 0.1 ms]
      [Humongous Register: 0.0 ms]
      [Humongous Reclaim: 0.0 ms]
      [Free CSet: 0.6 ms]
   [Eden: 2444.0M(2444.0M)->0.0B(2446.0M) Survivors: 12288.0K->10240.0K Heap: 2475.0M(4096.0M)->30602.9K(4096.0M)]
 [Times: user=0.00 sys=0.00, real=0.02 secs] 
2024-10-12T18:57:39.437+0300: 309.716: Total time for which application threads were stopped: 0.0041903 seconds, Stopping threads took: 0.0001877 seconds
2024-10-12T18:57:40.206+0300: 310.494: Application time: 0.7772904 seconds
2024-10-12T18:57:40.206+0300: 310.494: [GC pause (G1 Evacuation Pause) (young), 0.0034496 secs]
   [Parallel Time: 1.7 ms, GC Workers: 6]
      [GC Worker Start (ms): Min: 310493.9, Avg: 310493.9, Max: 310494.0, Diff: 0.1]
      [Ext Root Scanning (ms): Min: 0.3, Avg: 0.3, Max: 0.4, Diff: 0.1, Sum: 2.1]
      [Update RS (ms): Min: 0.1, Avg: 0.1, Max: 0.1, Diff: 0.1, Sum: 0.6]
         [Processed Buffers: Min: 1, Avg: 2.2, Max: 3, Diff: 2, Sum: 13]
      [Scan RS (ms): Min: 0.1, Avg: 0.2, Max: 0.2, Diff: 0.1, Sum: 1.0]
      [Code Root Scanning (ms): Min: 0.0, Avg: 0.0, Max: 0.0, Diff: 0.0, Sum: 0.0]
      [Object Copy (ms): Min: 0.7, Avg: 0.8, Max: 0.8, Diff: 0.1, Sum: 4.6]
      [Termination (ms): Min: 0.0, Avg: 0.0, Max: 0.0, Diff: 0.0, Sum: 0.0]
         [Termination Attempts: Min: 1, Avg: 1.0, Max: 1, Diff: 0, Sum: 6]
      [GC Worker Other (ms): Min: 0.0, Avg: 0.1, Max: 0.2, Diff: 0.1, Sum: 0.7]
      [GC Worker Total (ms): Min: 1.4, Avg: 1.5, Max: 1.6, Diff: 0.2, Sum: 9.1]
      [GC Worker End (ms): Min: 310495.4, Avg: 310495.5, Max: 310495.5, Diff: 0.1]
   [Code Root Fixup: 0.0 ms]
   [Code Root Purge: 0.0 ms]
   [Clear CT: 0.5 ms]
   [Other: 1.2 ms]
      [Choose CSet: 0.0 ms]
      [Ref Proc: 0.2 ms]
      [Ref Enq: 0.0 ms]
      [Redirty Cards: 0.1 ms]
      [Humongous Register: 0.1 ms]
      [Humongous Reclaim: 0.0 ms]
      [Free CSet: 0.7 ms]
   [Eden: 2446.0M(2446.0M)->0.0B(2448.0M) Survivors: 10240.0K->8192.0K Heap: 2475.9M(4096.0M)->28635.2K(4096.0M)]
 [Times: user=0.00 sys=0.00, real=0.00 secs] 
2024-10-12T18:57:40.206+0300: 310.497: Total time for which application threads were stopped: 0.0038789 seconds, Stopping threads took: 0.0001554 seconds
2024-10-12T18:57:40.991+0300: 311.277: Application time: 0.7800467 seconds
2024-10-12T18:57:40.991+0300: 311.278: [GC pause (G1 Evacuation Pause) (young), 0.0032513 secs]
   [Parallel Time: 1.7 ms, GC Workers: 6]
      [GC Worker Start (ms): Min: 311277.8, Avg: 311277.8, Max: 311277.9, Diff: 0.1]
      [Ext Root Scanning (ms): Min: 0.3, Avg: 0.3, Max: 0.4, Diff: 0.1, Sum: 2.1]
      [Update RS (ms): Min: 0.1, Avg: 0.1, Max: 0.2, Diff: 0.1, Sum: 0.6]
         [Processed Buffers: Min: 1, Avg: 2.2, Max: 3, Diff: 2, Sum: 13]
      [Scan RS (ms): Min: 0.1, Avg: 0.2, Max: 0.2, Diff: 0.1, Sum: 1.1]
      [Code Root Scanning (ms): Min: 0.0, Avg: 0.0, Max: 0.0, Diff: 0.0, Sum: 0.0]
      [Object Copy (ms): Min: 0.8, Avg: 0.9, Max: 0.9, Diff: 0.1, Sum: 5.3]
      [Termination (ms): Min: 0.0, Avg: 0.0, Max: 0.0, Diff: 0.0, Sum: 0.0]
         [Termination Attempts: Min: 1, Avg: 4.2, Max: 7, Diff: 6, Sum: 25]
      [GC Worker Other (ms): Min: 0.0, Avg: 0.1, Max: 0.1, Diff: 0.1, Sum: 0.5]
      [GC Worker Total (ms): Min: 1.5, Avg: 1.6, Max: 1.7, Diff: 0.1, Sum: 9.6]
      [GC Worker End (ms): Min: 311279.4, Avg: 311279.4, Max: 311279.5, Diff: 0.1]
   [Code Root Fixup: 0.0 ms]
   [Code Root Purge: 0.0 ms]
   [Clear CT: 0.5 ms]
   [Other: 1.0 ms]
      [Choose CSet: 0.0 ms]
      [Ref Proc: 0.1 ms]
      [Ref Enq: 0.0 ms]
      [Redirty Cards: 0.1 ms]
      [Humongous Register: 0.0 ms]
      [Humongous Reclaim: 0.0 ms]
      [Free CSet: 0.6 ms]
   [Eden: 2448.0M(2448.0M)->0.0B(2448.0M) Survivors: 8192.0K->8192.0K Heap: 2476.0M(4096.0M)->27596.8K(4096.0M)]
 [Times: user=0.00 sys=0.00, real=0.00 secs] 
2024-10-12T18:57:40.991+0300: 311.281: Total time for which application threads were stopped: 0.0036471 seconds, Stopping threads took: 0.0001499 seconds
2024-10-12T18:57:41.775+0300: 312.056: Application time: 0.7744162 seconds
2024-10-12T18:57:41.775+0300: 312.056: [GC pause (G1 Evacuation Pause) (young), 0.0031061 secs]
   [Parallel Time: 1.6 ms, GC Workers: 6]
      [GC Worker Start (ms): Min: 312055.9, Avg: 312055.9, Max: 312056.3, Diff: 0.4]
      [Ext Root Scanning (ms): Min: 0.0, Avg: 0.3, Max: 0.4, Diff: 0.4, Sum: 1.9]
      [Update RS (ms): Min: 0.1, Avg: 0.1, Max: 0.1, Diff: 0.1, Sum: 0.6]
         [Processed Buffers: Min: 1, Avg: 2.2, Max: 3, Diff: 2, Sum: 13]
      [Scan RS (ms): Min: 0.2, Avg: 0.2, Max: 0.2, Diff: 0.0, Sum: 1.0]
      [Code Root Scanning (ms): Min: 0.0, Avg: 0.0, Max: 0.0, Diff: 0.0, Sum: 0.0]
      [Object Copy (ms): Min: 0.7, Avg: 0.7, Max: 0.7, Diff: 0.0, Sum: 4.4]
      [Termination (ms): Min: 0.0, Avg: 0.0, Max: 0.0, Diff: 0.0, Sum: 0.0]
         [Termination Attempts: Min: 1, Avg: 1.0, Max: 1, Diff: 0, Sum: 6]
      [GC Worker Other (ms): Min: 0.0, Avg: 0.1, Max: 0.1, Diff: 0.1, Sum: 0.5]
      [GC Worker Total (ms): Min: 1.1, Avg: 1.4, Max: 1.5, Diff: 0.5, Sum: 8.5]
      [GC Worker End (ms): Min: 312057.3, Avg: 312057.4, Max: 312057.4, Diff: 0.1]
   [Code Root Fixup: 0.0 ms]
   [Code Root Purge: 0.0 ms]
   [Clear CT: 0.5 ms]
   [Other: 1.0 ms]
      [Choose CSet: 0.0 ms]
      [Ref Proc: 0.1 ms]
      [Ref Enq: 0.0 ms]
      [Redirty Cards: 0.1 ms]
      [Humongous Register: 0.0 ms]
      [Humongous Reclaim: 0.0 ms]
      [Free CSet: 0.6 ms]
   [Eden: 2448.0M(2448.0M)->0.0B(2446.0M) Survivors: 8192.0K->10240.0K Heap: 2474.9M(4096.0M)->30606.4K(4096.0M)]
 [Times: user=0.00 sys=0.00, real=0.00 secs] 
2024-10-12T18:57:41.775+0300: 312.059: Total time for which application threads were stopped: 0.0034901 seconds, Stopping threads took: 0.0001560 seconds
2024-10-12T18:57:42.545+0300: 312.839: Application time: 0.7796033 seconds
2024-10-12T18:57:42.545+0300: 312.839: [GC pause (G1 Evacuation Pause) (young), 0.0032376 secs]
   [Parallel Time: 1.7 ms, GC Workers: 6]
      [GC Worker Start (ms): Min: 312839.0, Avg: 312839.0, Max: 312839.0, Diff: 0.1]
      [Ext Root Scanning (ms): Min: 0.3, Avg: 0.4, Max: 0.4, Diff: 0.1, Sum: 2.2]
      [Update RS (ms): Min: 0.0, Avg: 0.1, Max: 0.2, Diff: 0.1, Sum: 0.6]
         [Processed Buffers: Min: 1, Avg: 2.2, Max: 3, Diff: 2, Sum: 13]
      [Scan RS (ms): Min: 0.1, Avg: 0.2, Max: 0.2, Diff: 0.1, Sum: 1.1]
      [Code Root Scanning (ms): Min: 0.0, Avg: 0.0, Max: 0.0, Diff: 0.0, Sum: 0.0]
      [Object Copy (ms): Min: 0.8, Avg: 0.9, Max: 0.9, Diff: 0.1, Sum: 5.2]
      [Termination (ms): Min: 0.0, Avg: 0.0, Max: 0.0, Diff: 0.0, Sum: 0.0]
         [Termination Attempts: Min: 1, Avg: 1.0, Max: 1, Diff: 0, Sum: 6]
      [GC Worker Other (ms): Min: 0.0, Avg: 0.1, Max: 0.1, Diff: 0.1, Sum: 0.5]
      [GC Worker Total (ms): Min: 1.6, Avg: 1.6, Max: 1.6, Diff: 0.1, Sum: 9.6]
      [GC Worker End (ms): Min: 312840.5, Avg: 312840.6, Max: 312840.6, Diff: 0.1]
   [Code Root Fixup: 0.0 ms]
   [Code Root Purge: 0.0 ms]
   [Clear CT: 0.5 ms]
   [Other: 1.0 ms]
      [Choose CSet: 0.0 ms]
      [Ref Proc: 0.1 ms]
      [Ref Enq: 0.0 ms]
      [Redirty Cards: 0.1 ms]
      [Humongous Register: 0.0 ms]
      [Humongous Reclaim: 0.0 ms]
      [Free CSet: 0.6 ms]
   [Eden: 2446.0M(2446.0M)->0.0B(2448.0M) Survivors: 10240.0K->8192.0K Heap: 2475.9M(4096.0M)->28409.2K(4096.0M)]
 [Times: user=0.02 sys=0.00, real=0.01 secs] 
2024-10-12T18:57:42.560+0300: 312.842: Total time for which application threads were stopped: 0.0036651 seconds, Stopping threads took: 0.0001854 seconds
2024-10-12T18:57:43.329+0300: 313.618: Application time: 0.7757900 seconds
2024-10-12T18:57:43.329+0300: 313.618: [GC pause (G1 Evacuation Pause) (young), 0.0033074 secs]
   [Parallel Time: 1.7 ms, GC Workers: 6]
      [GC Worker Start (ms): Min: 313618.5, Avg: 313618.6, Max: 313618.6, Diff: 0.0]
      [Ext Root Scanning (ms): Min: 0.3, Avg: 0.3, Max: 0.4, Diff: 0.0, Sum: 2.0]
      [Update RS (ms): Min: 0.1, Avg: 0.1, Max: 0.1, Diff: 0.0, Sum: 0.6]
         [Processed Buffers: Min: 1, Avg: 2.2, Max: 3, Diff: 2, Sum: 13]
      [Scan RS (ms): Min: 0.2, Avg: 0.2, Max: 0.2, Diff: 0.0, Sum: 1.0]
      [Code Root Scanning (ms): Min: 0.0, Avg: 0.0, Max: 0.0, Diff: 0.0, Sum: 0.0]
      [Object Copy (ms): Min: 0.8, Avg: 0.8, Max: 0.8, Diff: 0.0, Sum: 4.9]
      [Termination (ms): Min: 0.0, Avg: 0.0, Max: 0.0, Diff: 0.0, Sum: 0.0]
         [Termination Attempts: Min: 1, Avg: 1.3, Max: 2, Diff: 1, Sum: 8]
      [GC Worker Other (ms): Min: 0.0, Avg: 0.1, Max: 0.2, Diff: 0.1, Sum: 0.7]
      [GC Worker Total (ms): Min: 1.5, Avg: 1.5, Max: 1.6, Diff: 0.1, Sum: 9.3]
      [GC Worker End (ms): Min: 313620.0, Avg: 313620.1, Max: 313620.2, Diff: 0.1]
   [Code Root Fixup: 0.0 ms]
   [Code Root Purge: 0.0 ms]
   [Clear CT: 0.5 ms]
   [Other: 1.1 ms]
      [Choose CSet: 0.0 ms]
      [Ref Proc: 0.1 ms]
      [Ref Enq: 0.0 ms]
      [Redirty Cards: 0.1 ms]
      [Humongous Register: 0.1 ms]
      [Humongous Reclaim: 0.0 ms]
      [Free CSet: 0.7 ms]
   [Eden: 2448.0M(2448.0M)->0.0B(2446.0M) Survivors: 8192.0K->10240.0K Heap: 2475.7M(4096.0M)->30511.6K(4096.0M)]
 [Times: user=0.00 sys=0.00, real=0.00 secs] 
2024-10-12T18:57:43.329+0300: 313.622: Total time for which application threads were stopped: 0.0037921 seconds, Stopping threads took: 0.0002093 seconds
2024-10-12T18:57:44.114+0300: 314.400: Application time: 0.7786227 seconds
2024-10-12T18:57:44.114+0300: 314.401: [GC pause (G1 Evacuation Pause) (young), 0.0039055 secs]
   [Parallel Time: 2.3 ms, GC Workers: 6]
      [GC Worker Start (ms): Min: 314400.9, Avg: 314400.9, Max: 314401.0, Diff: 0.0]
      [Ext Root Scanning (ms): Min: 0.3, Avg: 0.3, Max: 0.4, Diff: 0.0, Sum: 2.0]
      [Update RS (ms): Min: 0.1, Avg: 0.1, Max: 0.1, Diff: 0.0, Sum: 0.6]
         [Processed Buffers: Min: 1, Avg: 2.2, Max: 4, Diff: 3, Sum: 13]
      [Scan RS (ms): Min: 0.2, Avg: 0.2, Max: 0.2, Diff: 0.0, Sum: 1.0]
      [Code Root Scanning (ms): Min: 0.0, Avg: 0.0, Max: 0.0, Diff: 0.0, Sum: 0.0]
      [Object Copy (ms): Min: 1.3, Avg: 1.3, Max: 1.3, Diff: 0.1, Sum: 8.0]
      [Termination (ms): Min: 0.0, Avg: 0.0, Max: 0.0, Diff: 0.0, Sum: 0.0]
         [Termination Attempts: Min: 1, Avg: 1.0, Max: 1, Diff: 0, Sum: 6]
      [GC Worker Other (ms): Min: 0.0, Avg: 0.1, Max: 0.2, Diff: 0.2, Sum: 0.9]
      [GC Worker Total (ms): Min: 2.0, Avg: 2.1, Max: 2.2, Diff: 0.2, Sum: 12.6]
      [GC Worker End (ms): Min: 314402.9, Avg: 314403.0, Max: 314403.1, Diff: 0.2]
   [Code Root Fixup: 0.0 ms]
   [Code Root Purge: 0.0 ms]
   [Clear CT: 0.5 ms]
   [Other: 1.1 ms]
      [Choose CSet: 0.0 ms]
      [Ref Proc: 0.1 ms]
      [Ref Enq: 0.0 ms]
      [Redirty Cards: 0.1 ms]
      [Humongous Register: 0.0 ms]
      [Humongous Reclaim: 0.0 ms]
      [Free CSet: 0.7 ms]
   [Eden: 2446.0M(2446.0M)->0.0B(2444.0M) Survivors: 10240.0K->12288.0K Heap: 2475.8M(4096.0M)->32623.9K(4096.0M)]
 [Times: user=0.00 sys=0.00, real=0.00 secs] 
2024-10-12T18:57:44.114+0300: 314.405: Total time for which application threads were stopped: 0.0043693 seconds, Stopping threads took: 0.0002077 seconds
2024-10-12T18:57:44.883+0300: 315.177: Application time: 0.7725454 seconds
2024-10-12T18:57:44.898+0300: 315.178: [GC pause (G1 Evacuation Pause) (young), 0.0046505 secs]
   [Parallel Time: 2.7 ms, GC Workers: 6]
      [GC Worker Start (ms): Min: 315177.9, Avg: 315178.0, Max: 315178.6, Diff: 0.7]
      [Ext Root Scanning (ms): Min: 0.0, Avg: 0.4, Max: 0.5, Diff: 0.5, Sum: 2.1]
      [Update RS (ms): Min: 0.0, Avg: 0.1, Max: 0.2, Diff: 0.2, Sum: 0.6]
         [Processed Buffers: Min: 0, Avg: 2.2, Max: 4, Diff: 4, Sum: 13]
      [Scan RS (ms): Min: 0.1, Avg: 0.2, Max: 0.2, Diff: 0.1, Sum: 1.1]
      [Code Root Scanning (ms): Min: 0.0, Avg: 0.0, Max: 0.0, Diff: 0.0, Sum: 0.0]
      [Object Copy (ms): Min: 1.7, Avg: 1.8, Max: 2.0, Diff: 0.2, Sum: 10.8]
      [Termination (ms): Min: 0.0, Avg: 0.0, Max: 0.0, Diff: 0.0, Sum: 0.1]
         [Termination Attempts: Min: 1, Avg: 2.2, Max: 4, Diff: 3, Sum: 13]
      [GC Worker Other (ms): Min: 0.0, Avg: 0.1, Max: 0.1, Diff: 0.1, Sum: 0.3]
      [GC Worker Total (ms): Min: 2.0, Avg: 2.5, Max: 2.7, Diff: 0.7, Sum: 15.2]
      [GC Worker End (ms): Min: 315180.5, Avg: 315180.6, Max: 315180.6, Diff: 0.1]
   [Code Root Fixup: 0.0 ms]
   [Code Root Purge: 0.0 ms]
   [Clear CT: 0.5 ms]
   [Other: 1.4 ms]
      [Choose CSet: 0.0 ms]
      [Ref Proc: 0.2 ms]
      [Ref Enq: 0.0 ms]
      [Redirty Cards: 0.1 ms]
      [Humongous Register: 0.1 ms]
      [Humongous Reclaim: 0.0 ms]
      [Free CSet: 0.8 ms]
   [Eden: 2444.0M(2444.0M)->0.0B(2444.0M) Survivors: 12288.0K->12288.0K Heap: 2475.9M(4096.0M)->31722.2K(4096.0M)]
 [Times: user=0.00 sys=0.00, real=0.00 secs] 
2024-10-12T18:57:44.898+0300: 315.183: Total time for which application threads were stopped: 0.0051323 seconds, Stopping threads took: 0.0002212 seconds
2024-10-12T18:57:45.668+0300: 315.955: Application time: 0.7724750 seconds
2024-10-12T18:57:45.668+0300: 315.955: [GC pause (G1 Evacuation Pause) (young), 0.0038050 secs]
   [Parallel Time: 2.2 ms, GC Workers: 6]
      [GC Worker Start (ms): Min: 315955.4, Avg: 315955.4, Max: 315955.4, Diff: 0.1]
      [Ext Root Scanning (ms): Min: 0.3, Avg: 0.3, Max: 0.4, Diff: 0.1, Sum: 2.1]
      [Update RS (ms): Min: 0.1, Avg: 0.1, Max: 0.1, Diff: 0.1, Sum: 0.6]
         [Processed Buffers: Min: 1, Avg: 2.0, Max: 3, Diff: 2, Sum: 12]
      [Scan RS (ms): Min: 0.1, Avg: 0.2, Max: 0.2, Diff: 0.1, Sum: 1.1]
      [Code Root Scanning (ms): Min: 0.0, Avg: 0.0, Max: 0.0, Diff: 0.0, Sum: 0.0]
      [Object Copy (ms): Min: 1.3, Avg: 1.4, Max: 1.4, Diff: 0.1, Sum: 8.2]
      [Termination (ms): Min: 0.0, Avg: 0.0, Max: 0.0, Diff: 0.0, Sum: 0.0]
         [Termination Attempts: Min: 1, Avg: 1.0, Max: 1, Diff: 0, Sum: 6]
      [GC Worker Other (ms): Min: 0.0, Avg: 0.1, Max: 0.1, Diff: 0.1, Sum: 0.5]
      [GC Worker Total (ms): Min: 2.0, Avg: 2.1, Max: 2.1, Diff: 0.1, Sum: 12.5]
      [GC Worker End (ms): Min: 315957.4, Avg: 315957.5, Max: 315957.5, Diff: 0.1]
   [Code Root Fixup: 0.0 ms]
   [Code Root Purge: 0.0 ms]
   [Clear CT: 0.5 ms]
   [Other: 1.0 ms]
      [Choose CSet: 0.0 ms]
      [Ref Proc: 0.1 ms]
      [Ref Enq: 0.0 ms]
      [Redirty Cards: 0.1 ms]
      [Humongous Register: 0.0 ms]
      [Humongous Reclaim: 0.0 ms]
      [Free CSet: 0.6 ms]
   [Eden: 2444.0M(2444.0M)->0.0B(2444.0M) Survivors: 12288.0K->12288.0K Heap: 2475.0M(4096.0M)->31724.7K(4096.0M)]
 [Times: user=0.00 sys=0.00, real=0.00 secs] 
2024-10-12T18:57:45.668+0300: 315.959: Total time for which application threads were stopped: 0.0042043 seconds, Stopping threads took: 0.0001546 seconds
2024-10-12T18:57:46.453+0300: 316.738: Application time: 0.7790222 seconds
2024-10-12T18:57:46.453+0300: 316.739: [GC pause (G1 Evacuation Pause) (young), 0.0030703 secs]
   [Parallel Time: 1.5 ms, GC Workers: 6]
      [GC Worker Start (ms): Min: 316738.7, Avg: 316738.7, Max: 316738.7, Diff: 0.1]
      [Ext Root Scanning (ms): Min: 0.3, Avg: 0.3, Max: 0.4, Diff: 0.1, Sum: 2.1]
      [Update RS (ms): Min: 0.1, Avg: 0.1, Max: 0.1, Diff: 0.0, Sum: 0.6]
         [Processed Buffers: Min: 1, Avg: 2.2, Max: 4, Diff: 3, Sum: 13]
      [Scan RS (ms): Min: 0.2, Avg: 0.2, Max: 0.2, Diff: 0.0, Sum: 1.0]
      [Code Root Scanning (ms): Min: 0.0, Avg: 0.0, Max: 0.0, Diff: 0.0, Sum: 0.0]
      [Object Copy (ms): Min: 0.7, Avg: 0.7, Max: 0.7, Diff: 0.1, Sum: 4.3]
      [Termination (ms): Min: 0.0, Avg: 0.0, Max: 0.0, Diff: 0.0, Sum: 0.0]
         [Termination Attempts: Min: 1, Avg: 1.0, Max: 1, Diff: 0, Sum: 6]
      [GC Worker Other (ms): Min: 0.0, Avg: 0.1, Max: 0.1, Diff: 0.1, Sum: 0.5]
      [GC Worker Total (ms): Min: 1.3, Avg: 1.4, Max: 1.5, Diff: 0.1, Sum: 8.5]
      [GC Worker End (ms): Min: 316740.1, Avg: 316740.1, Max: 316740.2, Diff: 0.1]
   [Code Root Fixup: 0.0 ms]
   [Code Root Purge: 0.0 ms]
   [Clear CT: 0.5 ms]
   [Other: 1.0 ms]
      [Choose CSet: 0.0 ms]
      [Ref Proc: 0.1 ms]
      [Ref Enq: 0.0 ms]
      [Redirty Cards: 0.1 ms]
      [Humongous Register: 0.0 ms]
      [Humongous Reclaim: 0.0 ms]
      [Free CSet: 0.7 ms]
   [Eden: 2444.0M(2444.0M)->0.0B(2448.0M) Survivors: 12288.0K->8192.0K Heap: 2475.0M(4096.0M)->28655.2K(4096.0M)]
 [Times: user=0.00 sys=0.00, real=0.00 secs] 
2024-10-12T18:57:46.453+0300: 316.742: Total time for which application threads were stopped: 0.0035444 seconds, Stopping threads took: 0.0001892 seconds
2024-10-12T18:57:47.253+0300: 317.540: Application time: 0.7984333 seconds
2024-10-12T18:57:47.253+0300: 317.541: [GC pause (G1 Evacuation Pause) (young), 0.0032895 secs]
   [Parallel Time: 1.5 ms, GC Workers: 6]
      [GC Worker Start (ms): Min: 317540.7, Avg: 317540.7, Max: 317540.7, Diff: 0.0]
      [Ext Root Scanning (ms): Min: 0.3, Avg: 0.3, Max: 0.4, Diff: 0.0, Sum: 2.0]
      [Update RS (ms): Min: 0.1, Avg: 0.1, Max: 0.1, Diff: 0.1, Sum: 0.6]
         [Processed Buffers: Min: 1, Avg: 2.2, Max: 3, Diff: 2, Sum: 13]
      [Scan RS (ms): Min: 0.1, Avg: 0.2, Max: 0.2, Diff: 0.1, Sum: 1.0]
      [Code Root Scanning (ms): Min: 0.0, Avg: 0.0, Max: 0.0, Diff: 0.0, Sum: 0.0]
      [Object Copy (ms): Min: 0.7, Avg: 0.8, Max: 0.8, Diff: 0.1, Sum: 4.5]
      [Termination (ms): Min: 0.0, Avg: 0.0, Max: 0.0, Diff: 0.0, Sum: 0.0]
         [Termination Attempts: Min: 1, Avg: 1.0, Max: 1, Diff: 0, Sum: 6]
      [GC Worker Other (ms): Min: 0.1, Avg: 0.1, Max: 0.1, Diff: 0.1, Sum: 0.6]
      [GC Worker Total (ms): Min: 1.4, Avg: 1.5, Max: 1.5, Diff: 0.1, Sum: 8.8]
      [GC Worker End (ms): Min: 317542.1, Avg: 317542.2, Max: 317542.2, Diff: 0.1]
   [Code Root Fixup: 0.0 ms]
   [Code Root Purge: 0.0 ms]
   [Clear CT: 0.5 ms]
   [Other: 1.2 ms]
      [Choose CSet: 0.0 ms]
      [Ref Proc: 0.1 ms]
      [Ref Enq: 0.0 ms]
      [Redirty Cards: 0.1 ms]
      [Humongous Register: 0.0 ms]
      [Humongous Reclaim: 0.0 ms]
      [Free CSet: 0.8 ms]
   [Eden: 2448.0M(2448.0M)->0.0B(2448.0M) Survivors: 8192.0K->8192.0K Heap: 2476.0M(4096.0M)->28642.8K(4096.0M)]
 [Times: user=0.06 sys=0.00, real=0.00 secs] 
2024-10-12T18:57:47.253+0300: 317.544: Total time for which application threads were stopped: 0.0037889 seconds, Stopping threads took: 0.0002803 seconds
2024-10-12T18:57:48.040+0300: 318.332: Application time: 0.7879072 seconds
2024-10-12T18:57:48.040+0300: 318.332: [GC pause (G1 Evacuation Pause) (young), 0.0034241 secs]
   [Parallel Time: 1.8 ms, GC Workers: 6]
      [GC Worker Start (ms): Min: 318332.3, Avg: 318332.3, Max: 318332.3, Diff: 0.1]
      [Ext Root Scanning (ms): Min: 0.3, Avg: 0.3, Max: 0.4, Diff: 0.1, Sum: 2.1]
      [Update RS (ms): Min: 0.1, Avg: 0.1, Max: 0.1, Diff: 0.1, Sum: 0.6]
         [Processed Buffers: Min: 1, Avg: 2.2, Max: 3, Diff: 2, Sum: 13]
      [Scan RS (ms): Min: 0.2, Avg: 0.2, Max: 0.2, Diff: 0.0, Sum: 1.1]
      [Code Root Scanning (ms): Min: 0.0, Avg: 0.0, Max: 0.0, Diff: 0.0, Sum: 0.0]
      [Object Copy (ms): Min: 0.9, Avg: 1.0, Max: 1.0, Diff: 0.1, Sum: 5.7]
      [Termination (ms): Min: 0.0, Avg: 0.0, Max: 0.0, Diff: 0.0, Sum: 0.0]
         [Termination Attempts: Min: 1, Avg: 1.5, Max: 2, Diff: 1, Sum: 9]
      [GC Worker Other (ms): Min: 0.0, Avg: 0.1, Max: 0.1, Diff: 0.1, Sum: 0.5]
      [GC Worker Total (ms): Min: 1.6, Avg: 1.7, Max: 1.7, Diff: 0.1, Sum: 10.0]
      [GC Worker End (ms): Min: 318333.9, Avg: 318334.0, Max: 318334.0, Diff: 0.1]
   [Code Root Fixup: 0.0 ms]
   [Code Root Purge: 0.0 ms]
   [Clear CT: 0.5 ms]
   [Other: 1.1 ms]
      [Choose CSet: 0.0 ms]
      [Ref Proc: 0.1 ms]
      [Ref Enq: 0.0 ms]
      [Redirty Cards: 0.1 ms]
      [Humongous Register: 0.1 ms]
      [Humongous Reclaim: 0.0 ms]
      [Free CSet: 0.7 ms]
   [Eden: 2448.0M(2448.0M)->0.0B(2446.0M) Survivors: 8192.0K->10240.0K Heap: 2476.0M(4096.0M)->30592.4K(4096.0M)]
 [Times: user=0.00 sys=0.00, real=0.01 secs] 
2024-10-12T18:57:48.054+0300: 318.336: Total time for which application threads were stopped: 0.0038291 seconds, Stopping threads took: 0.0001527 seconds
2024-10-12T18:57:48.824+0300: 319.117: Application time: 0.7817181 seconds
2024-10-12T18:57:48.824+0300: 319.118: [GC pause (G1 Evacuation Pause) (young), 0.0034411 secs]
   [Parallel Time: 1.7 ms, GC Workers: 6]
      [GC Worker Start (ms): Min: 319117.9, Avg: 319117.9, Max: 319117.9, Diff: 0.1]
      [Ext Root Scanning (ms): Min: 0.3, Avg: 0.3, Max: 0.4, Diff: 0.1, Sum: 2.0]
      [Update RS (ms): Min: 0.1, Avg: 0.1, Max: 0.1, Diff: 0.0, Sum: 0.6]
         [Processed Buffers: Min: 1, Avg: 2.2, Max: 3, Diff: 2, Sum: 13]
      [Scan RS (ms): Min: 0.2, Avg: 0.2, Max: 0.2, Diff: 0.0, Sum: 1.0]
      [Code Root Scanning (ms): Min: 0.0, Avg: 0.0, Max: 0.0, Diff: 0.0, Sum: 0.0]
      [Object Copy (ms): Min: 0.8, Avg: 0.8, Max: 0.9, Diff: 0.0, Sum: 5.1]
      [Termination (ms): Min: 0.0, Avg: 0.0, Max: 0.0, Diff: 0.0, Sum: 0.0]
         [Termination Attempts: Min: 1, Avg: 1.0, Max: 1, Diff: 0, Sum: 6]
      [GC Worker Other (ms): Min: 0.0, Avg: 0.1, Max: 0.1, Diff: 0.1, Sum: 0.5]
      [GC Worker Total (ms): Min: 1.5, Avg: 1.5, Max: 1.6, Diff: 0.1, Sum: 9.2]
      [GC Worker End (ms): Min: 319119.4, Avg: 319119.4, Max: 319119.4, Diff: 0.1]
   [Code Root Fixup: 0.0 ms]
   [Code Root Purge: 0.0 ms]
   [Clear CT: 0.6 ms]
   [Other: 1.2 ms]
      [Choose CSet: 0.0 ms]
      [Ref Proc: 0.2 ms]
      [Ref Enq: 0.0 ms]
      [Redirty Cards: 0.1 ms]
      [Humongous Register: 0.1 ms]
      [Humongous Reclaim: 0.0 ms]
      [Free CSet: 0.7 ms]
   [Eden: 2446.0M(2446.0M)->0.0B(2448.0M) Survivors: 10240.0K->8192.0K Heap: 2475.9M(4096.0M)->28585.0K(4096.0M)]
 [Times: user=0.02 sys=0.00, real=0.02 secs] 
2024-10-12T18:57:48.842+0300: 319.121: Total time for which application threads were stopped: 0.0038746 seconds, Stopping threads took: 0.0001713 seconds
2024-10-12T18:57:49.626+0300: 319.915: Application time: 0.7941289 seconds
2024-10-12T18:57:49.626+0300: 319.916: [GC pause (G1 Evacuation Pause) (young), 0.0032286 secs]
   [Parallel Time: 1.6 ms, GC Workers: 6]
      [GC Worker Start (ms): Min: 319915.8, Avg: 319915.9, Max: 319915.9, Diff: 0.1]
      [Ext Root Scanning (ms): Min: 0.3, Avg: 0.3, Max: 0.4, Diff: 0.1, Sum: 2.0]
      [Update RS (ms): Min: 0.1, Avg: 0.1, Max: 0.1, Diff: 0.0, Sum: 0.6]
         [Processed Buffers: Min: 2, Avg: 2.2, Max: 3, Diff: 1, Sum: 13]
      [Scan RS (ms): Min: 0.2, Avg: 0.2, Max: 0.2, Diff: 0.0, Sum: 1.0]
      [Code Root Scanning (ms): Min: 0.0, Avg: 0.0, Max: 0.0, Diff: 0.0, Sum: 0.0]
      [Object Copy (ms): Min: 0.7, Avg: 0.7, Max: 0.7, Diff: 0.1, Sum: 4.3]
      [Termination (ms): Min: 0.0, Avg: 0.0, Max: 0.0, Diff: 0.0, Sum: 0.0]
         [Termination Attempts: Min: 1, Avg: 1.0, Max: 1, Diff: 0, Sum: 6]
      [GC Worker Other (ms): Min: 0.0, Avg: 0.1, Max: 0.2, Diff: 0.1, Sum: 0.7]
      [GC Worker Total (ms): Min: 1.3, Avg: 1.4, Max: 1.5, Diff: 0.2, Sum: 8.6]
      [GC Worker End (ms): Min: 319917.2, Avg: 319917.3, Max: 319917.3, Diff: 0.1]
   [Code Root Fixup: 0.0 ms]
   [Code Root Purge: 0.0 ms]
   [Clear CT: 0.5 ms]
   [Other: 1.1 ms]
      [Choose CSet: 0.0 ms]
      [Ref Proc: 0.1 ms]
      [Ref Enq: 0.0 ms]
      [Redirty Cards: 0.1 ms]
      [Humongous Register: 0.0 ms]
      [Humongous Reclaim: 0.0 ms]
      [Free CSet: 0.7 ms]
   [Eden: 2448.0M(2448.0M)->0.0B(2448.0M) Survivors: 8192.0K->8192.0K Heap: 2475.9M(4096.0M)->27576.1K(4096.0M)]
 [Times: user=0.00 sys=0.00, real=0.00 secs] 
2024-10-12T18:57:49.626+0300: 319.919: Total time for which application threads were stopped: 0.0036107 seconds, Stopping threads took: 0.0001306 seconds
2024-10-12T18:57:50.410+0300: 320.702: Application time: 0.7826022 seconds
2024-10-12T18:57:50.410+0300: 320.702: [GC pause (G1 Evacuation Pause) (young), 0.0033966 secs]
   [Parallel Time: 1.7 ms, GC Workers: 6]
      [GC Worker Start (ms): Min: 320702.1, Avg: 320702.1, Max: 320702.2, Diff: 0.1]
      [Ext Root Scanning (ms): Min: 0.3, Avg: 0.3, Max: 0.4, Diff: 0.1, Sum: 2.0]
      [Update RS (ms): Min: 0.1, Avg: 0.1, Max: 0.1, Diff: 0.0, Sum: 0.6]
         [Processed Buffers: Min: 1, Avg: 2.2, Max: 3, Diff: 2, Sum: 13]
      [Scan RS (ms): Min: 0.1, Avg: 0.2, Max: 0.2, Diff: 0.0, Sum: 1.0]
      [Code Root Scanning (ms): Min: 0.0, Avg: 0.0, Max: 0.0, Diff: 0.0, Sum: 0.0]
      [Object Copy (ms): Min: 0.8, Avg: 0.8, Max: 0.8, Diff: 0.0, Sum: 4.8]
      [Termination (ms): Min: 0.0, Avg: 0.0, Max: 0.0, Diff: 0.0, Sum: 0.0]
         [Termination Attempts: Min: 1, Avg: 1.7, Max: 3, Diff: 2, Sum: 10]
      [GC Worker Other (ms): Min: 0.0, Avg: 0.1, Max: 0.1, Diff: 0.1, Sum: 0.6]
      [GC Worker Total (ms): Min: 1.4, Avg: 1.5, Max: 1.6, Diff: 0.2, Sum: 9.1]
      [GC Worker End (ms): Min: 320703.6, Avg: 320703.6, Max: 320703.7, Diff: 0.1]
   [Code Root Fixup: 0.0 ms]
   [Code Root Purge: 0.0 ms]
   [Clear CT: 0.6 ms]
   [Other: 1.2 ms]
      [Choose CSet: 0.0 ms]
      [Ref Proc: 0.1 ms]
      [Ref Enq: 0.0 ms]
      [Redirty Cards: 0.1 ms]
      [Humongous Register: 0.1 ms]
      [Humongous Reclaim: 0.0 ms]
      [Free CSet: 0.7 ms]
   [Eden: 2448.0M(2448.0M)->0.0B(2446.0M) Survivors: 8192.0K->10240.0K Heap: 2474.9M(4096.0M)->30521.4K(4096.0M)]
 [Times: user=0.03 sys=0.00, real=0.02 secs] 
2024-10-12T18:57:50.426+0300: 320.706: Total time for which application threads were stopped: 0.0037977 seconds, Stopping threads took: 0.0001707 seconds
2024-10-12T18:57:51.211+0300: 321.494: Application time: 0.7887201 seconds
2024-10-12T18:57:51.211+0300: 321.495: [GC pause (G1 Evacuation Pause) (young), 0.0034946 secs]
   [Parallel Time: 1.7 ms, GC Workers: 6]
      [GC Worker Start (ms): Min: 321494.7, Avg: 321494.7, Max: 321494.7, Diff: 0.0]
      [Ext Root Scanning (ms): Min: 0.3, Avg: 0.3, Max: 0.4, Diff: 0.0, Sum: 2.0]
      [Update RS (ms): Min: 0.1, Avg: 0.1, Max: 0.1, Diff: 0.0, Sum: 0.6]
         [Processed Buffers: Min: 1, Avg: 2.2, Max: 3, Diff: 2, Sum: 13]
      [Scan RS (ms): Min: 0.2, Avg: 0.2, Max: 0.2, Diff: 0.0, Sum: 1.1]
      [Code Root Scanning (ms): Min: 0.0, Avg: 0.0, Max: 0.0, Diff: 0.0, Sum: 0.0]
      [Object Copy (ms): Min: 0.8, Avg: 0.9, Max: 0.9, Diff: 0.0, Sum: 5.1]
      [Termination (ms): Min: 0.0, Avg: 0.0, Max: 0.0, Diff: 0.0, Sum: 0.0]
         [Termination Attempts: Min: 1, Avg: 1.0, Max: 1, Diff: 0, Sum: 6]
      [GC Worker Other (ms): Min: 0.0, Avg: 0.1, Max: 0.2, Diff: 0.1, Sum: 0.6]
      [GC Worker Total (ms): Min: 1.5, Avg: 1.6, Max: 1.6, Diff: 0.1, Sum: 9.5]
      [GC Worker End (ms): Min: 321496.2, Avg: 321496.3, Max: 321496.3, Diff: 0.1]
   [Code Root Fixup: 0.0 ms]
   [Code Root Purge: 0.0 ms]
   [Clear CT: 0.6 ms]
   [Other: 1.2 ms]
      [Choose CSet: 0.0 ms]
      [Ref Proc: 0.1 ms]
      [Ref Enq: 0.0 ms]
      [Redirty Cards: 0.1 ms]
      [Humongous Register: 0.1 ms]
      [Humongous Reclaim: 0.0 ms]
      [Free CSet: 0.8 ms]
   [Eden: 2446.0M(2446.0M)->0.0B(2446.0M) Survivors: 10240.0K->10240.0K Heap: 2475.8M(4096.0M)->29638.2K(4096.0M)]
 [Times: user=0.00 sys=0.00, real=0.00 secs] 
2024-10-12T18:57:51.211+0300: 321.498: Total time for which application threads were stopped: 0.0039707 seconds, Stopping threads took: 0.0002212 seconds
2024-10-12T18:57:51.996+0300: 322.281: Application time: 0.7825921 seconds
2024-10-12T18:57:51.996+0300: 322.281: [GC pause (G1 Evacuation Pause) (young), 0.0042163 secs]
   [Parallel Time: 2.3 ms, GC Workers: 6]
      [GC Worker Start (ms): Min: 322281.2, Avg: 322281.2, Max: 322281.2, Diff: 0.0]
      [Ext Root Scanning (ms): Min: 0.3, Avg: 0.3, Max: 0.4, Diff: 0.0, Sum: 2.0]
      [Update RS (ms): Min: 0.1, Avg: 0.1, Max: 0.1, Diff: 0.0, Sum: 0.6]
         [Processed Buffers: Min: 1, Avg: 2.2, Max: 3, Diff: 2, Sum: 13]
      [Scan RS (ms): Min: 0.2, Avg: 0.2, Max: 0.2, Diff: 0.0, Sum: 1.1]
      [Code Root Scanning (ms): Min: 0.0, Avg: 0.0, Max: 0.0, Diff: 0.0, Sum: 0.0]
      [Object Copy (ms): Min: 1.4, Avg: 1.4, Max: 1.5, Diff: 0.1, Sum: 8.6]
      [Termination (ms): Min: 0.0, Avg: 0.0, Max: 0.0, Diff: 0.0, Sum: 0.0]
         [Termination Attempts: Min: 1, Avg: 1.0, Max: 1, Diff: 0, Sum: 6]
      [GC Worker Other (ms): Min: 0.0, Avg: 0.1, Max: 0.1, Diff: 0.1, Sum: 0.5]
      [GC Worker Total (ms): Min: 2.1, Avg: 2.1, Max: 2.2, Diff: 0.1, Sum: 12.8]
      [GC Worker End (ms): Min: 322283.3, Avg: 322283.3, Max: 322283.4, Diff: 0.1]
   [Code Root Fixup: 0.0 ms]
   [Code Root Purge: 0.0 ms]
   [Clear CT: 0.6 ms]
   [Other: 1.4 ms]
      [Choose CSet: 0.0 ms]
      [Ref Proc: 0.1 ms]
      [Ref Enq: 0.0 ms]
      [Redirty Cards: 0.1 ms]
      [Humongous Register: 0.1 ms]
      [Humongous Reclaim: 0.0 ms]
      [Free CSet: 0.9 ms]
   [Eden: 2446.0M(2446.0M)->0.0B(2444.0M) Survivors: 10240.0K->12288.0K Heap: 2474.9M(4096.0M)->32768.7K(4096.0M)]
 [Times: user=0.08 sys=0.00, real=0.00 secs] 
2024-10-12T18:57:51.996+0300: 322.285: Total time for which application threads were stopped: 0.0046311 seconds, Stopping threads took: 0.0001575 seconds
2024-10-12T18:57:52.765+0300: 323.055: Application time: 0.7697277 seconds
2024-10-12T18:57:52.765+0300: 323.055: [GC pause (G1 Evacuation Pause) (young), 0.0032618 secs]
   [Parallel Time: 1.6 ms, GC Workers: 6]
      [GC Worker Start (ms): Min: 323055.5, Avg: 323055.5, Max: 323055.6, Diff: 0.0]
      [Ext Root Scanning (ms): Min: 0.3, Avg: 0.3, Max: 0.4, Diff: 0.1, Sum: 2.0]
      [Update RS (ms): Min: 0.1, Avg: 0.1, Max: 0.1, Diff: 0.0, Sum: 0.6]
         [Processed Buffers: Min: 1, Avg: 2.2, Max: 4, Diff: 3, Sum: 13]
      [Scan RS (ms): Min: 0.1, Avg: 0.2, Max: 0.2, Diff: 0.0, Sum: 1.0]
      [Code Root Scanning (ms): Min: 0.0, Avg: 0.0, Max: 0.0, Diff: 0.0, Sum: 0.0]
      [Object Copy (ms): Min: 0.7, Avg: 0.8, Max: 0.8, Diff: 0.1, Sum: 4.6]
      [Termination (ms): Min: 0.0, Avg: 0.0, Max: 0.0, Diff: 0.0, Sum: 0.0]
         [Termination Attempts: Min: 1, Avg: 1.0, Max: 1, Diff: 0, Sum: 6]
      [GC Worker Other (ms): Min: 0.0, Avg: 0.1, Max: 0.1, Diff: 0.1, Sum: 0.5]
      [GC Worker Total (ms): Min: 1.4, Avg: 1.4, Max: 1.5, Diff: 0.1, Sum: 8.7]
      [GC Worker End (ms): Min: 323056.9, Avg: 323057.0, Max: 323057.0, Diff: 0.1]
   [Code Root Fixup: 0.0 ms]
   [Code Root Purge: 0.0 ms]
   [Clear CT: 0.5 ms]
   [Other: 1.2 ms]
      [Choose CSet: 0.0 ms]
      [Ref Proc: 0.1 ms]
      [Ref Enq: 0.0 ms]
      [Redirty Cards: 0.1 ms]
      [Humongous Register: 0.1 ms]
      [Humongous Reclaim: 0.0 ms]
      [Free CSet: 0.7 ms]
   [Eden: 2444.0M(2444.0M)->0.0B(2448.0M) Survivors: 12288.0K->8192.0K Heap: 2476.0M(4096.0M)->27651.2K(4096.0M)]
 [Times: user=0.00 sys=0.00, real=0.00 secs] 
2024-10-12T18:57:52.765+0300: 323.059: Total time for which application threads were stopped: 0.0036541 seconds, Stopping threads took: 0.0001474 seconds
2024-10-12T18:57:53.554+0300: 323.841: Application time: 0.7818650 seconds
2024-10-12T18:57:53.554+0300: 323.841: [GC pause (G1 Evacuation Pause) (young), 0.0033521 secs]
   [Parallel Time: 1.8 ms, GC Workers: 6]
      [GC Worker Start (ms): Min: 323841.2, Avg: 323841.4, Max: 323841.8, Diff: 0.5]
      [Ext Root Scanning (ms): Min: 0.0, Avg: 0.4, Max: 0.5, Diff: 0.5, Sum: 2.3]
      [Update RS (ms): Min: 0.1, Avg: 0.1, Max: 0.1, Diff: 0.0, Sum: 0.6]
         [Processed Buffers: Min: 1, Avg: 2.2, Max: 3, Diff: 2, Sum: 13]
      [Scan RS (ms): Min: 0.2, Avg: 0.2, Max: 0.2, Diff: 0.0, Sum: 1.1]
      [Code Root Scanning (ms): Min: 0.0, Avg: 0.0, Max: 0.0, Diff: 0.0, Sum: 0.0]
      [Object Copy (ms): Min: 0.8, Avg: 0.8, Max: 0.8, Diff: 0.1, Sum: 4.9]
      [Termination (ms): Min: 0.0, Avg: 0.0, Max: 0.0, Diff: 0.0, Sum: 0.0]
         [Termination Attempts: Min: 1, Avg: 1.5, Max: 2, Diff: 1, Sum: 9]
      [GC Worker Other (ms): Min: 0.0, Avg: 0.1, Max: 0.1, Diff: 0.1, Sum: 0.5]
      [GC Worker Total (ms): Min: 1.1, Avg: 1.6, Max: 1.7, Diff: 0.6, Sum: 9.4]
      [GC Worker End (ms): Min: 323842.9, Avg: 323842.9, Max: 323843.0, Diff: 0.1]
   [Code Root Fixup: 0.0 ms]
   [Code Root Purge: 0.0 ms]
   [Clear CT: 0.5 ms]
   [Other: 1.0 ms]
      [Choose CSet: 0.0 ms]
      [Ref Proc: 0.1 ms]
      [Ref Enq: 0.0 ms]
      [Redirty Cards: 0.1 ms]
      [Humongous Register: 0.1 ms]
      [Humongous Reclaim: 0.0 ms]
      [Free CSet: 0.6 ms]
   [Eden: 2448.0M(2448.0M)->0.0B(2448.0M) Survivors: 8192.0K->8192.0K Heap: 2475.0M(4096.0M)->28672.1K(4096.0M)]
 [Times: user=0.00 sys=0.00, real=0.00 secs] 
2024-10-12T18:57:53.554+0300: 323.845: Total time for which application threads were stopped: 0.0038829 seconds, Stopping threads took: 0.0002506 seconds
2024-10-12T18:57:54.351+0300: 324.630: Application time: 0.7853122 seconds
2024-10-12T18:57:54.351+0300: 324.630: [GC pause (G1 Evacuation Pause) (young), 0.0031803 secs]
   [Parallel Time: 1.6 ms, GC Workers: 6]
      [GC Worker Start (ms): Min: 324630.3, Avg: 324630.3, Max: 324630.3, Diff: 0.1]
      [Ext Root Scanning (ms): Min: 0.3, Avg: 0.3, Max: 0.4, Diff: 0.1, Sum: 2.0]
      [Update RS (ms): Min: 0.1, Avg: 0.1, Max: 0.1, Diff: 0.0, Sum: 0.6]
         [Processed Buffers: Min: 1, Avg: 2.2, Max: 4, Diff: 3, Sum: 13]
      [Scan RS (ms): Min: 0.2, Avg: 0.2, Max: 0.2, Diff: 0.0, Sum: 1.0]
      [Code Root Scanning (ms): Min: 0.0, Avg: 0.0, Max: 0.0, Diff: 0.0, Sum: 0.0]
      [Object Copy (ms): Min: 0.7, Avg: 0.8, Max: 0.8, Diff: 0.1, Sum: 4.5]
      [Termination (ms): Min: 0.0, Avg: 0.0, Max: 0.0, Diff: 0.0, Sum: 0.0]
         [Termination Attempts: Min: 1, Avg: 1.7, Max: 3, Diff: 2, Sum: 10]
      [GC Worker Other (ms): Min: 0.0, Avg: 0.1, Max: 0.1, Diff: 0.1, Sum: 0.5]
      [GC Worker Total (ms): Min: 1.4, Avg: 1.4, Max: 1.5, Diff: 0.1, Sum: 8.6]
      [GC Worker End (ms): Min: 324631.7, Avg: 324631.7, Max: 324631.8, Diff: 0.1]
   [Code Root Fixup: 0.0 ms]
   [Code Root Purge: 0.0 ms]
   [Clear CT: 0.5 ms]
   [Other: 1.1 ms]
      [Choose CSet: 0.0 ms]
      [Ref Proc: 0.2 ms]
      [Ref Enq: 0.0 ms]
      [Redirty Cards: 0.1 ms]
      [Humongous Register: 0.1 ms]
      [Humongous Reclaim: 0.0 ms]
      [Free CSet: 0.6 ms]
   [Eden: 2448.0M(2448.0M)->0.0B(2446.0M) Survivors: 8192.0K->10240.0K Heap: 2476.0M(4096.0M)->29641.9K(4096.0M)]
 [Times: user=0.00 sys=0.00, real=0.00 secs] 
2024-10-12T18:57:54.351+0300: 324.633: Total time for which application threads were stopped: 0.0035778 seconds, Stopping threads took: 0.0001585 seconds
2024-10-12T18:57:55.120+0300: 325.413: Application time: 0.7793308 seconds
2024-10-12T18:57:55.120+0300: 325.413: [GC pause (G1 Evacuation Pause) (young), 0.0033842 secs]
   [Parallel Time: 1.6 ms, GC Workers: 6]
      [GC Worker Start (ms): Min: 325413.2, Avg: 325413.2, Max: 325413.2, Diff: 0.0]
      [Ext Root Scanning (ms): Min: 0.3, Avg: 0.3, Max: 0.4, Diff: 0.0, Sum: 1.9]
      [Update RS (ms): Min: 0.1, Avg: 0.1, Max: 0.1, Diff: 0.1, Sum: 0.6]
         [Processed Buffers: Min: 1, Avg: 2.2, Max: 3, Diff: 2, Sum: 13]
      [Scan RS (ms): Min: 0.1, Avg: 0.2, Max: 0.2, Diff: 0.0, Sum: 1.0]
      [Code Root Scanning (ms): Min: 0.0, Avg: 0.0, Max: 0.0, Diff: 0.0, Sum: 0.0]
      [Object Copy (ms): Min: 0.7, Avg: 0.8, Max: 0.8, Diff: 0.0, Sum: 4.6]
      [Termination (ms): Min: 0.0, Avg: 0.0, Max: 0.0, Diff: 0.0, Sum: 0.0]
         [Termination Attempts: Min: 1, Avg: 1.8, Max: 3, Diff: 2, Sum: 11]
      [GC Worker Other (ms): Min: 0.0, Avg: 0.1, Max: 0.2, Diff: 0.2, Sum: 0.7]
      [GC Worker Total (ms): Min: 1.4, Avg: 1.5, Max: 1.5, Diff: 0.2, Sum: 8.8]
      [GC Worker End (ms): Min: 325414.6, Avg: 325414.7, Max: 325414.7, Diff: 0.2]
   [Code Root Fixup: 0.0 ms]
   [Code Root Purge: 0.0 ms]
   [Clear CT: 0.6 ms]
   [Other: 1.2 ms]
      [Choose CSet: 0.0 ms]
      [Ref Proc: 0.2 ms]
      [Ref Enq: 0.0 ms]
      [Redirty Cards: 0.1 ms]
      [Humongous Register: 0.0 ms]
      [Humongous Reclaim: 0.0 ms]
      [Free CSet: 0.7 ms]
   [Eden: 2446.0M(2446.0M)->0.0B(2448.0M) Survivors: 10240.0K->8192.0K Heap: 2474.9M(4096.0M)->28538.4K(4096.0M)]
 [Times: user=0.01 sys=0.00, real=0.02 secs] 
2024-10-12T18:57:55.136+0300: 325.417: Total time for which application threads were stopped: 0.0038177 seconds, Stopping threads took: 0.0001846 seconds
2024-10-12T18:57:55.906+0300: 326.191: Application time: 0.7740820 seconds
2024-10-12T18:57:55.906+0300: 326.191: [GC pause (G1 Evacuation Pause) (young), 0.0033272 secs]
   [Parallel Time: 1.6 ms, GC Workers: 6]
      [GC Worker Start (ms): Min: 326191.1, Avg: 326191.1, Max: 326191.2, Diff: 0.1]
      [Ext Root Scanning (ms): Min: 0.3, Avg: 0.3, Max: 0.3, Diff: 0.1, Sum: 1.9]
      [Update RS (ms): Min: 0.1, Avg: 0.1, Max: 0.1, Diff: 0.0, Sum: 0.6]
         [Processed Buffers: Min: 1, Avg: 2.2, Max: 4, Diff: 3, Sum: 13]
      [Scan RS (ms): Min: 0.1, Avg: 0.2, Max: 0.2, Diff: 0.0, Sum: 1.0]
      [Code Root Scanning (ms): Min: 0.0, Avg: 0.0, Max: 0.0, Diff: 0.0, Sum: 0.0]
      [Object Copy (ms): Min: 0.8, Avg: 0.8, Max: 0.8, Diff: 0.1, Sum: 4.7]
      [Termination (ms): Min: 0.0, Avg: 0.0, Max: 0.0, Diff: 0.0, Sum: 0.0]
         [Termination Attempts: Min: 1, Avg: 1.7, Max: 2, Diff: 1, Sum: 10]
      [GC Worker Other (ms): Min: 0.0, Avg: 0.1, Max: 0.1, Diff: 0.1, Sum: 0.5]
      [GC Worker Total (ms): Min: 1.4, Avg: 1.4, Max: 1.5, Diff: 0.2, Sum: 8.7]
      [GC Worker End (ms): Min: 326192.5, Avg: 326192.6, Max: 326192.7, Diff: 0.1]
   [Code Root Fixup: 0.0 ms]
   [Code Root Purge: 0.0 ms]
   [Clear CT: 0.5 ms]
   [Other: 1.1 ms]
      [Choose CSet: 0.0 ms]
      [Ref Proc: 0.1 ms]
      [Ref Enq: 0.0 ms]
      [Redirty Cards: 0.1 ms]
      [Humongous Register: 0.1 ms]
      [Humongous Reclaim: 0.0 ms]
      [Free CSet: 0.7 ms]
   [Eden: 2448.0M(2448.0M)->0.0B(2446.0M) Survivors: 8192.0K->10240.0K Heap: 2475.9M(4096.0M)->30556.7K(4096.0M)]
 [Times: user=0.00 sys=0.00, real=0.00 secs] 
2024-10-12T18:57:55.906+0300: 326.194: Total time for which application threads were stopped: 0.0037934 seconds, Stopping threads took: 0.0002154 seconds
2024-10-12T18:57:56.675+0300: 326.969: Application time: 0.7740957 seconds
2024-10-12T18:57:56.675+0300: 326.969: [GC pause (G1 Evacuation Pause) (young), 0.0033329 secs]
   [Parallel Time: 1.8 ms, GC Workers: 6]
      [GC Worker Start (ms): Min: 326968.9, Avg: 326969.0, Max: 326969.0, Diff: 0.1]
      [Ext Root Scanning (ms): Min: 0.3, Avg: 0.3, Max: 0.4, Diff: 0.1, Sum: 2.1]
      [Update RS (ms): Min: 0.0, Avg: 0.2, Max: 0.3, Diff: 0.3, Sum: 1.0]
         [Processed Buffers: Min: 0, Avg: 2.2, Max: 4, Diff: 4, Sum: 13]
      [Scan RS (ms): Min: 0.0, Avg: 0.2, Max: 0.3, Diff: 0.2, Sum: 1.0]
      [Code Root Scanning (ms): Min: 0.0, Avg: 0.0, Max: 0.0, Diff: 0.0, Sum: 0.0]
      [Object Copy (ms): Min: 0.8, Avg: 0.9, Max: 1.2, Diff: 0.4, Sum: 5.3]
      [Termination (ms): Min: 0.0, Avg: 0.0, Max: 0.0, Diff: 0.0, Sum: 0.0]
         [Termination Attempts: Min: 1, Avg: 1.0, Max: 1, Diff: 0, Sum: 6]
      [GC Worker Other (ms): Min: 0.0, Avg: 0.1, Max: 0.1, Diff: 0.1, Sum: 0.6]
      [GC Worker Total (ms): Min: 1.6, Avg: 1.7, Max: 1.8, Diff: 0.1, Sum: 10.1]
      [GC Worker End (ms): Min: 326970.6, Avg: 326970.7, Max: 326970.7, Diff: 0.1]
   [Code Root Fixup: 0.0 ms]
   [Code Root Purge: 0.0 ms]
   [Clear CT: 0.5 ms]
   [Other: 1.0 ms]
      [Choose CSet: 0.0 ms]
      [Ref Proc: 0.1 ms]
      [Ref Enq: 0.0 ms]
      [Redirty Cards: 0.1 ms]
      [Humongous Register: 0.1 ms]
      [Humongous Reclaim: 0.0 ms]
      [Free CSet: 0.6 ms]
   [Eden: 2446.0M(2446.0M)->0.0B(2446.0M) Survivors: 10240.0K->10240.0K Heap: 2475.8M(4096.0M)->30563.9K(4096.0M)]
 [Times: user=0.00 sys=0.00, real=0.02 secs] 
2024-10-12T18:57:56.690+0300: 326.972: Total time for which application threads were stopped: 0.0037931 seconds, Stopping threads took: 0.0001563 seconds
2024-10-12T18:57:57.464+0300: 327.753: Application time: 0.7808258 seconds
2024-10-12T18:57:57.464+0300: 327.753: [GC pause (G1 Evacuation Pause) (young), 0.0038106 secs]
   [Parallel Time: 2.3 ms, GC Workers: 6]
      [GC Worker Start (ms): Min: 327753.6, Avg: 327753.6, Max: 327753.6, Diff: 0.1]
      [Ext Root Scanning (ms): Min: 0.3, Avg: 0.3, Max: 0.3, Diff: 0.1, Sum: 1.9]
      [Update RS (ms): Min: 0.1, Avg: 0.1, Max: 0.1, Diff: 0.0, Sum: 0.6]
         [Processed Buffers: Min: 1, Avg: 2.2, Max: 3, Diff: 2, Sum: 13]
      [Scan RS (ms): Min: 0.2, Avg: 0.2, Max: 0.2, Diff: 0.0, Sum: 1.0]
      [Code Root Scanning (ms): Min: 0.0, Avg: 0.0, Max: 0.0, Diff: 0.0, Sum: 0.0]
      [Object Copy (ms): Min: 1.5, Avg: 1.5, Max: 1.5, Diff: 0.1, Sum: 9.1]
      [Termination (ms): Min: 0.0, Avg: 0.0, Max: 0.0, Diff: 0.0, Sum: 0.0]
         [Termination Attempts: Min: 1, Avg: 1.2, Max: 2, Diff: 1, Sum: 7]
      [GC Worker Other (ms): Min: 0.0, Avg: 0.1, Max: 0.1, Diff: 0.1, Sum: 0.5]
      [GC Worker Total (ms): Min: 2.1, Avg: 2.2, Max: 2.3, Diff: 0.1, Sum: 13.2]
      [GC Worker End (ms): Min: 327755.7, Avg: 327755.8, Max: 327755.8, Diff: 0.1]
   [Code Root Fixup: 0.0 ms]
   [Code Root Purge: 0.0 ms]
   [Clear CT: 0.5 ms]
   [Other: 1.0 ms]
      [Choose CSet: 0.0 ms]
      [Ref Proc: 0.1 ms]
      [Ref Enq: 0.0 ms]
      [Redirty Cards: 0.1 ms]
      [Humongous Register: 0.0 ms]
      [Humongous Reclaim: 0.0 ms]
      [Free CSet: 0.6 ms]
   [Eden: 2446.0M(2446.0M)->0.0B(2444.0M) Survivors: 10240.0K->12288.0K Heap: 2475.8M(4096.0M)->32619.6K(4096.0M)]
 [Times: user=0.00 sys=0.00, real=0.01 secs] 
2024-10-12T18:57:57.476+0300: 327.757: Total time for which application threads were stopped: 0.0042159 seconds, Stopping threads took: 0.0001941 seconds
2024-10-12T18:57:58.245+0300: 328.536: Application time: 0.7782199 seconds
2024-10-12T18:57:58.245+0300: 328.536: [GC pause (G1 Evacuation Pause) (young), 0.0036122 secs]
   [Parallel Time: 1.7 ms, GC Workers: 6]
      [GC Worker Start (ms): Min: 328536.1, Avg: 328536.1, Max: 328536.2, Diff: 0.1]
      [Ext Root Scanning (ms): Min: 0.3, Avg: 0.4, Max: 0.4, Diff: 0.1, Sum: 2.1]
      [Update RS (ms): Min: 0.1, Avg: 0.1, Max: 0.1, Diff: 0.0, Sum: 0.6]
         [Processed Buffers: Min: 1, Avg: 2.2, Max: 4, Diff: 3, Sum: 13]
      [Scan RS (ms): Min: 0.1, Avg: 0.2, Max: 0.2, Diff: 0.0, Sum: 1.0]
      [Code Root Scanning (ms): Min: 0.0, Avg: 0.0, Max: 0.0, Diff: 0.0, Sum: 0.0]
      [Object Copy (ms): Min: 0.8, Avg: 0.8, Max: 0.9, Diff: 0.0, Sum: 5.1]
      [Termination (ms): Min: 0.0, Avg: 0.0, Max: 0.0, Diff: 0.0, Sum: 0.0]
         [Termination Attempts: Min: 1, Avg: 1.0, Max: 1, Diff: 0, Sum: 6]
      [GC Worker Other (ms): Min: 0.0, Avg: 0.1, Max: 0.2, Diff: 0.1, Sum: 0.7]
      [GC Worker Total (ms): Min: 1.5, Avg: 1.6, Max: 1.6, Diff: 0.1, Sum: 9.5]
      [GC Worker End (ms): Min: 328537.7, Avg: 328537.7, Max: 328537.8, Diff: 0.1]
   [Code Root Fixup: 0.0 ms]
   [Code Root Purge: 0.0 ms]
   [Clear CT: 0.5 ms]
   [Other: 1.4 ms]
      [Choose CSet: 0.0 ms]
      [Ref Proc: 0.1 ms]
      [Ref Enq: 0.0 ms]
      [Redirty Cards: 0.1 ms]
      [Humongous Register: 0.1 ms]
      [Humongous Reclaim: 0.0 ms]
      [Free CSet: 0.9 ms]
   [Eden: 2444.0M(2444.0M)->0.0B(2446.0M) Survivors: 12288.0K->10240.0K Heap: 2475.9M(4096.0M)->29716.7K(4096.0M)]
 [Times: user=0.00 sys=0.00, real=0.02 secs] 
2024-10-12T18:57:58.261+0300: 328.540: Total time for which application threads were stopped: 0.0042318 seconds, Stopping threads took: 0.0002177 seconds
2024-10-12T18:57:59.046+0300: 329.326: Application time: 0.7861819 seconds
2024-10-12T18:57:59.046+0300: 329.326: [GC pause (G1 Evacuation Pause) (young), 0.0045403 secs]
   [Parallel Time: 2.7 ms, GC Workers: 6]
      [GC Worker Start (ms): Min: 329326.4, Avg: 329326.4, Max: 329326.5, Diff: 0.1]
      [Ext Root Scanning (ms): Min: 0.3, Avg: 0.3, Max: 0.4, Diff: 0.1, Sum: 2.1]
      [Update RS (ms): Min: 0.1, Avg: 0.1, Max: 0.1, Diff: 0.1, Sum: 0.6]
         [Processed Buffers: Min: 1, Avg: 2.2, Max: 3, Diff: 2, Sum: 13]
      [Scan RS (ms): Min: 0.1, Avg: 0.2, Max: 0.2, Diff: 0.0, Sum: 1.0]
      [Code Root Scanning (ms): Min: 0.0, Avg: 0.0, Max: 0.0, Diff: 0.0, Sum: 0.0]
      [Object Copy (ms): Min: 1.9, Avg: 1.9, Max: 1.9, Diff: 0.0, Sum: 11.2]
      [Termination (ms): Min: 0.0, Avg: 0.0, Max: 0.0, Diff: 0.0, Sum: 0.0]
         [Termination Attempts: Min: 1, Avg: 1.0, Max: 1, Diff: 0, Sum: 6]
      [GC Worker Other (ms): Min: 0.0, Avg: 0.1, Max: 0.1, Diff: 0.1, Sum: 0.5]
      [GC Worker Total (ms): Min: 2.5, Avg: 2.6, Max: 2.6, Diff: 0.1, Sum: 15.5]
      [GC Worker End (ms): Min: 329329.0, Avg: 329329.0, Max: 329329.1, Diff: 0.1]
   [Code Root Fixup: 0.0 ms]
   [Code Root Purge: 0.0 ms]
   [Clear CT: 0.5 ms]
   [Other: 1.3 ms]
      [Choose CSet: 0.0 ms]
      [Ref Proc: 0.1 ms]
      [Ref Enq: 0.0 ms]
      [Redirty Cards: 0.1 ms]
      [Humongous Register: 0.0 ms]
      [Humongous Reclaim: 0.0 ms]
      [Free CSet: 0.8 ms]
   [Eden: 2446.0M(2446.0M)->0.0B(2444.0M) Survivors: 10240.0K->12288.0K Heap: 2475.0M(4096.0M)->32791.2K(4096.0M)]
 [Times: user=0.00 sys=0.00, real=0.00 secs] 
2024-10-12T18:57:59.046+0300: 329.331: Total time for which application threads were stopped: 0.0049258 seconds, Stopping threads took: 0.0001540 seconds
2024-10-12T18:57:59.815+0300: 330.105: Application time: 0.7741786 seconds
2024-10-12T18:57:59.815+0300: 330.105: [GC pause (G1 Evacuation Pause) (young), 0.0030957 secs]
   [Parallel Time: 1.6 ms, GC Workers: 6]
      [GC Worker Start (ms): Min: 330105.6, Avg: 330105.6, Max: 330105.6, Diff: 0.1]
      [Ext Root Scanning (ms): Min: 0.3, Avg: 0.3, Max: 0.4, Diff: 0.1, Sum: 1.9]
      [Update RS (ms): Min: 0.0, Avg: 0.1, Max: 0.1, Diff: 0.1, Sum: 0.6]
         [Processed Buffers: Min: 0, Avg: 2.2, Max: 5, Diff: 5, Sum: 13]
      [Scan RS (ms): Min: 0.1, Avg: 0.2, Max: 0.2, Diff: 0.1, Sum: 1.1]
      [Code Root Scanning (ms): Min: 0.0, Avg: 0.0, Max: 0.0, Diff: 0.0, Sum: 0.0]
      [Object Copy (ms): Min: 0.7, Avg: 0.8, Max: 0.9, Diff: 0.2, Sum: 4.6]
      [Termination (ms): Min: 0.0, Avg: 0.0, Max: 0.0, Diff: 0.0, Sum: 0.0]
         [Termination Attempts: Min: 1, Avg: 1.0, Max: 1, Diff: 0, Sum: 6]
      [GC Worker Other (ms): Min: 0.1, Avg: 0.1, Max: 0.1, Diff: 0.1, Sum: 0.6]
      [GC Worker Total (ms): Min: 1.4, Avg: 1.5, Max: 1.5, Diff: 0.1, Sum: 8.9]
      [GC Worker End (ms): Min: 330107.0, Avg: 330107.1, Max: 330107.1, Diff: 0.1]
   [Code Root Fixup: 0.0 ms]
   [Code Root Purge: 0.0 ms]
   [Clear CT: 0.5 ms]
   [Other: 1.0 ms]
      [Choose CSet: 0.0 ms]
      [Ref Proc: 0.1 ms]
      [Ref Enq: 0.0 ms]
      [Redirty Cards: 0.1 ms]
      [Humongous Register: 0.0 ms]
      [Humongous Reclaim: 0.0 ms]
      [Free CSet: 0.6 ms]
   [Eden: 2444.0M(2444.0M)->0.0B(2448.0M) Survivors: 12288.0K->8192.0K Heap: 2476.0M(4096.0M)->27673.7K(4096.0M)]
 [Times: user=0.00 sys=0.00, real=0.00 secs] 
2024-10-12T18:57:59.815+0300: 330.109: Total time for which application threads were stopped: 0.0035155 seconds, Stopping threads took: 0.0002039 seconds
2024-10-12T18:58:00.616+0300: 330.895: Application time: 0.7863774 seconds
2024-10-12T18:58:00.616+0300: 330.895: [GC pause (G1 Evacuation Pause) (young), 0.0031261 secs]
   [Parallel Time: 1.6 ms, GC Workers: 6]
      [GC Worker Start (ms): Min: 330895.4, Avg: 330895.5, Max: 330895.8, Diff: 0.4]
      [Ext Root Scanning (ms): Min: 0.0, Avg: 0.3, Max: 0.4, Diff: 0.4, Sum: 1.8]
      [Update RS (ms): Min: 0.1, Avg: 0.1, Max: 0.1, Diff: 0.0, Sum: 0.6]
         [Processed Buffers: Min: 1, Avg: 2.2, Max: 3, Diff: 2, Sum: 13]
      [Scan RS (ms): Min: 0.2, Avg: 0.2, Max: 0.2, Diff: 0.0, Sum: 1.0]
      [Code Root Scanning (ms): Min: 0.0, Avg: 0.0, Max: 0.0, Diff: 0.0, Sum: 0.0]
      [Object Copy (ms): Min: 0.7, Avg: 0.7, Max: 0.8, Diff: 0.0, Sum: 4.4]
      [Termination (ms): Min: 0.0, Avg: 0.0, Max: 0.0, Diff: 0.0, Sum: 0.0]
         [Termination Attempts: Min: 1, Avg: 1.0, Max: 1, Diff: 0, Sum: 6]
      [GC Worker Other (ms): Min: 0.0, Avg: 0.1, Max: 0.1, Diff: 0.1, Sum: 0.5]
      [GC Worker Total (ms): Min: 1.1, Avg: 1.4, Max: 1.5, Diff: 0.4, Sum: 8.4]
      [GC Worker End (ms): Min: 330896.8, Avg: 330896.9, Max: 330896.9, Diff: 0.1]
   [Code Root Fixup: 0.0 ms]
   [Code Root Purge: 0.0 ms]
   [Clear CT: 0.5 ms]
   [Other: 1.0 ms]
      [Choose CSet: 0.0 ms]
      [Ref Proc: 0.1 ms]
      [Ref Enq: 0.0 ms]
      [Redirty Cards: 0.1 ms]
      [Humongous Register: 0.0 ms]
      [Humongous Reclaim: 0.0 ms]
      [Free CSet: 0.7 ms]
   [Eden: 2448.0M(2448.0M)->0.0B(2448.0M) Survivors: 8192.0K->8192.0K Heap: 2475.0M(4096.0M)->27676.2K(4096.0M)]
 [Times: user=0.00 sys=0.00, real=0.00 secs] 
2024-10-12T18:58:00.616+0300: 330.899: Total time for which application threads were stopped: 0.0035010 seconds, Stopping threads took: 0.0001514 seconds
2024-10-12T18:58:01.401+0300: 331.681: Application time: 0.7823315 seconds
2024-10-12T18:58:01.401+0300: 331.681: [GC pause (G1 Evacuation Pause) (young), 0.0030651 secs]
   [Parallel Time: 1.5 ms, GC Workers: 6]
      [GC Worker Start (ms): Min: 331681.2, Avg: 331681.3, Max: 331681.3, Diff: 0.1]
      [Ext Root Scanning (ms): Min: 0.3, Avg: 0.3, Max: 0.4, Diff: 0.1, Sum: 2.0]
      [Update RS (ms): Min: 0.1, Avg: 0.1, Max: 0.1, Diff: 0.1, Sum: 0.6]
         [Processed Buffers: Min: 1, Avg: 2.2, Max: 4, Diff: 3, Sum: 13]
      [Scan RS (ms): Min: 0.1, Avg: 0.2, Max: 0.2, Diff: 0.1, Sum: 1.0]
      [Code Root Scanning (ms): Min: 0.0, Avg: 0.0, Max: 0.0, Diff: 0.0, Sum: 0.0]
      [Object Copy (ms): Min: 0.7, Avg: 0.7, Max: 0.8, Diff: 0.0, Sum: 4.3]
      [Termination (ms): Min: 0.0, Avg: 0.0, Max: 0.0, Diff: 0.0, Sum: 0.0]
         [Termination Attempts: Min: 1, Avg: 1.0, Max: 1, Diff: 0, Sum: 6]
      [GC Worker Other (ms): Min: 0.0, Avg: 0.1, Max: 0.1, Diff: 0.1, Sum: 0.6]
      [GC Worker Total (ms): Min: 1.4, Avg: 1.4, Max: 1.5, Diff: 0.1, Sum: 8.7]
      [GC Worker End (ms): Min: 331682.7, Avg: 331682.7, Max: 331682.8, Diff: 0.1]
   [Code Root Fixup: 0.0 ms]
   [Code Root Purge: 0.0 ms]
   [Clear CT: 0.5 ms]
   [Other: 1.0 ms]
      [Choose CSet: 0.0 ms]
      [Ref Proc: 0.1 ms]
      [Ref Enq: 0.0 ms]
      [Redirty Cards: 0.1 ms]
      [Humongous Register: 0.0 ms]
      [Humongous Reclaim: 0.0 ms]
      [Free CSet: 0.7 ms]
   [Eden: 2448.0M(2448.0M)->0.0B(2448.0M) Survivors: 8192.0K->8192.0K Heap: 2475.0M(4096.0M)->27648.8K(4096.0M)]
 [Times: user=0.00 sys=0.00, real=0.00 secs] 
2024-10-12T18:58:01.401+0300: 331.684: Total time for which application threads were stopped: 0.0034386 seconds, Stopping threads took: 0.0001150 seconds
2024-10-12T18:58:02.186+0300: 332.468: Application time: 0.7836175 seconds
2024-10-12T18:58:02.186+0300: 332.468: [GC pause (G1 Evacuation Pause) (young), 0.0034474 secs]
   [Parallel Time: 1.7 ms, GC Workers: 6]
      [GC Worker Start (ms): Min: 332468.3, Avg: 332468.4, Max: 332468.4, Diff: 0.1]
      [Ext Root Scanning (ms): Min: 0.3, Avg: 0.3, Max: 0.3, Diff: 0.1, Sum: 1.9]
      [Update RS (ms): Min: 0.1, Avg: 0.1, Max: 0.1, Diff: 0.0, Sum: 0.6]
         [Processed Buffers: Min: 1, Avg: 2.2, Max: 4, Diff: 3, Sum: 13]
      [Scan RS (ms): Min: 0.2, Avg: 0.2, Max: 0.2, Diff: 0.0, Sum: 1.1]
      [Code Root Scanning (ms): Min: 0.0, Avg: 0.0, Max: 0.0, Diff: 0.0, Sum: 0.0]
      [Object Copy (ms): Min: 0.7, Avg: 0.8, Max: 0.8, Diff: 0.0, Sum: 4.6]
      [Termination (ms): Min: 0.0, Avg: 0.0, Max: 0.0, Diff: 0.0, Sum: 0.0]
         [Termination Attempts: Min: 1, Avg: 1.0, Max: 1, Diff: 0, Sum: 6]
      [GC Worker Other (ms): Min: 0.1, Avg: 0.1, Max: 0.2, Diff: 0.1, Sum: 0.8]
      [GC Worker Total (ms): Min: 1.4, Avg: 1.5, Max: 1.6, Diff: 0.1, Sum: 9.0]
      [GC Worker End (ms): Min: 332469.8, Avg: 332469.9, Max: 332469.9, Diff: 0.1]
   [Code Root Fixup: 0.0 ms]
   [Code Root Purge: 0.0 ms]
   [Clear CT: 0.6 ms]
   [Other: 1.2 ms]
      [Choose CSet: 0.0 ms]
      [Ref Proc: 0.1 ms]
      [Ref Enq: 0.0 ms]
      [Redirty Cards: 0.1 ms]
      [Humongous Register: 0.1 ms]
      [Humongous Reclaim: 0.0 ms]
      [Free CSet: 0.7 ms]
   [Eden: 2448.0M(2448.0M)->0.0B(2446.0M) Survivors: 8192.0K->10240.0K Heap: 2475.0M(4096.0M)->29664.0K(4096.0M)]
 [Times: user=0.00 sys=0.00, real=0.00 secs] 
2024-10-12T18:58:02.186+0300: 332.472: Total time for which application threads were stopped: 0.0038426 seconds, Stopping threads took: 0.0001559 seconds
2024-10-12T18:58:02.956+0300: 333.250: Application time: 0.7783306 seconds
2024-10-12T18:58:02.971+0300: 333.250: [GC pause (G1 Evacuation Pause) (young), 0.0041572 secs]
   [Parallel Time: 2.2 ms, GC Workers: 6]
      [GC Worker Start (ms): Min: 333250.6, Avg: 333250.6, Max: 333250.7, Diff: 0.1]
      [Ext Root Scanning (ms): Min: 0.3, Avg: 0.3, Max: 0.4, Diff: 0.1, Sum: 2.0]
      [Update RS (ms): Min: 0.1, Avg: 0.1, Max: 0.1, Diff: 0.0, Sum: 0.6]
         [Processed Buffers: Min: 1, Avg: 2.2, Max: 4, Diff: 3, Sum: 13]
      [Scan RS (ms): Min: 0.1, Avg: 0.2, Max: 0.2, Diff: 0.1, Sum: 1.0]
      [Code Root Scanning (ms): Min: 0.0, Avg: 0.0, Max: 0.0, Diff: 0.0, Sum: 0.0]
      [Object Copy (ms): Min: 1.3, Avg: 1.3, Max: 1.3, Diff: 0.0, Sum: 7.6]
      [Termination (ms): Min: 0.0, Avg: 0.0, Max: 0.0, Diff: 0.0, Sum: 0.0]
         [Termination Attempts: Min: 1, Avg: 1.0, Max: 1, Diff: 0, Sum: 6]
      [GC Worker Other (ms): Min: 0.0, Avg: 0.1, Max: 0.2, Diff: 0.1, Sum: 0.6]
      [GC Worker Total (ms): Min: 1.9, Avg: 2.0, Max: 2.1, Diff: 0.2, Sum: 11.9]
      [GC Worker End (ms): Min: 333252.6, Avg: 333252.6, Max: 333252.7, Diff: 0.1]
   [Code Root Fixup: 0.0 ms]
   [Code Root Purge: 0.0 ms]
   [Clear CT: 0.5 ms]
   [Other: 1.4 ms]
      [Choose CSet: 0.0 ms]
      [Ref Proc: 0.1 ms]
      [Ref Enq: 0.0 ms]
      [Redirty Cards: 0.1 ms]
      [Humongous Register: 0.1 ms]
      [Humongous Reclaim: 0.0 ms]
      [Free CSet: 0.9 ms]
   [Eden: 2446.0M(2446.0M)->0.0B(2444.0M) Survivors: 10240.0K->12288.0K Heap: 2475.0M(4096.0M)->32675.8K(4096.0M)]
 [Times: user=0.00 sys=0.00, real=0.00 secs] 
2024-10-12T18:58:02.971+0300: 333.255: Total time for which application threads were stopped: 0.0046206 seconds, Stopping threads took: 0.0002015 seconds
2024-10-12T18:58:03.740+0300: 334.028: Application time: 0.7736825 seconds
2024-10-12T18:58:03.740+0300: 334.029: [GC pause (G1 Evacuation Pause) (young), 0.0033173 secs]
   [Parallel Time: 1.8 ms, GC Workers: 6]
      [GC Worker Start (ms): Min: 334028.8, Avg: 334028.9, Max: 334028.9, Diff: 0.0]
      [Ext Root Scanning (ms): Min: 0.3, Avg: 0.3, Max: 0.4, Diff: 0.1, Sum: 2.0]
      [Update RS (ms): Min: 0.0, Avg: 0.1, Max: 0.1, Diff: 0.1, Sum: 0.6]
         [Processed Buffers: Min: 0, Avg: 2.2, Max: 3, Diff: 3, Sum: 13]
      [Scan RS (ms): Min: 0.0, Avg: 0.2, Max: 0.2, Diff: 0.2, Sum: 1.0]
      [Code Root Scanning (ms): Min: 0.0, Avg: 0.0, Max: 0.0, Diff: 0.0, Sum: 0.0]
      [Object Copy (ms): Min: 0.9, Avg: 1.0, Max: 1.2, Diff: 0.3, Sum: 6.0]
      [Termination (ms): Min: 0.0, Avg: 0.0, Max: 0.0, Diff: 0.0, Sum: 0.0]
         [Termination Attempts: Min: 1, Avg: 2.7, Max: 5, Diff: 4, Sum: 16]
      [GC Worker Other (ms): Min: 0.0, Avg: 0.1, Max: 0.1, Diff: 0.1, Sum: 0.6]
      [GC Worker Total (ms): Min: 1.7, Avg: 1.7, Max: 1.8, Diff: 0.1, Sum: 10.3]
      [GC Worker End (ms): Min: 334030.5, Avg: 334030.6, Max: 334030.6, Diff: 0.1]
   [Code Root Fixup: 0.0 ms]
   [Code Root Purge: 0.0 ms]
   [Clear CT: 0.5 ms]
   [Other: 1.0 ms]
      [Choose CSet: 0.0 ms]
      [Ref Proc: 0.1 ms]
      [Ref Enq: 0.0 ms]
      [Redirty Cards: 0.1 ms]
      [Humongous Register: 0.0 ms]
      [Humongous Reclaim: 0.0 ms]
      [Free CSet: 0.6 ms]
   [Eden: 2444.0M(2444.0M)->0.0B(2446.0M) Survivors: 12288.0K->10240.0K Heap: 2475.9M(4096.0M)->29734.2K(4096.0M)]
 [Times: user=0.00 sys=0.00, real=0.00 secs] 
2024-10-12T18:58:03.740+0300: 334.032: Total time for which application threads were stopped: 0.0037576 seconds, Stopping threads took: 0.0001999 seconds
2024-10-12T18:58:04.525+0300: 334.812: Application time: 0.7797188 seconds
2024-10-12T18:58:04.525+0300: 334.812: [GC pause (G1 Evacuation Pause) (young), 0.0031076 secs]
   [Parallel Time: 1.6 ms, GC Workers: 6]
      [GC Worker Start (ms): Min: 334812.3, Avg: 334812.4, Max: 334812.4, Diff: 0.1]
      [Ext Root Scanning (ms): Min: 0.3, Avg: 0.4, Max: 0.5, Diff: 0.1, Sum: 2.2]
      [Update RS (ms): Min: 0.0, Avg: 0.1, Max: 0.1, Diff: 0.1, Sum: 0.6]
         [Processed Buffers: Min: 0, Avg: 2.2, Max: 5, Diff: 5, Sum: 13]
      [Scan RS (ms): Min: 0.1, Avg: 0.2, Max: 0.2, Diff: 0.0, Sum: 1.0]
      [Code Root Scanning (ms): Min: 0.0, Avg: 0.0, Max: 0.0, Diff: 0.0, Sum: 0.0]
      [Object Copy (ms): Min: 0.7, Avg: 0.7, Max: 0.7, Diff: 0.0, Sum: 4.4]
      [Termination (ms): Min: 0.0, Avg: 0.0, Max: 0.0, Diff: 0.0, Sum: 0.0]
         [Termination Attempts: Min: 1, Avg: 1.0, Max: 1, Diff: 0, Sum: 6]
      [GC Worker Other (ms): Min: 0.0, Avg: 0.1, Max: 0.1, Diff: 0.1, Sum: 0.5]
      [GC Worker Total (ms): Min: 1.4, Avg: 1.5, Max: 1.5, Diff: 0.1, Sum: 8.8]
      [GC Worker End (ms): Min: 334813.8, Avg: 334813.8, Max: 334813.9, Diff: 0.1]
   [Code Root Fixup: 0.0 ms]
   [Code Root Purge: 0.0 ms]
   [Clear CT: 0.5 ms]
   [Other: 1.0 ms]
      [Choose CSet: 0.0 ms]
      [Ref Proc: 0.1 ms]
      [Ref Enq: 0.0 ms]
      [Redirty Cards: 0.1 ms]
      [Humongous Register: 0.1 ms]
      [Humongous Reclaim: 0.0 ms]
      [Free CSet: 0.7 ms]
   [Eden: 2446.0M(2446.0M)->0.0B(2448.0M) Survivors: 10240.0K->8192.0K Heap: 2475.0M(4096.0M)->27679.8K(4096.0M)]
 [Times: user=0.00 sys=0.00, real=0.00 secs] 
2024-10-12T18:58:04.525+0300: 334.815: Total time for which application threads were stopped: 0.0035362 seconds, Stopping threads took: 0.0001623 seconds
2024-10-12T18:58:05.310+0300: 335.595: Application time: 0.7799250 seconds
2024-10-12T18:58:05.310+0300: 335.596: [GC pause (G1 Evacuation Pause) (young), 0.0033165 secs]
   [Parallel Time: 1.6 ms, GC Workers: 6]
      [GC Worker Start (ms): Min: 335595.9, Avg: 335595.9, Max: 335595.9, Diff: 0.0]
      [Ext Root Scanning (ms): Min: 0.3, Avg: 0.3, Max: 0.4, Diff: 0.1, Sum: 2.0]
      [Update RS (ms): Min: 0.1, Avg: 0.1, Max: 0.1, Diff: 0.0, Sum: 0.7]
         [Processed Buffers: Min: 1, Avg: 2.2, Max: 4, Diff: 3, Sum: 13]
      [Scan RS (ms): Min: 0.2, Avg: 0.2, Max: 0.2, Diff: 0.0, Sum: 1.0]
      [Code Root Scanning (ms): Min: 0.0, Avg: 0.0, Max: 0.0, Diff: 0.0, Sum: 0.0]
      [Object Copy (ms): Min: 0.7, Avg: 0.7, Max: 0.8, Diff: 0.0, Sum: 4.4]
      [Termination (ms): Min: 0.0, Avg: 0.0, Max: 0.0, Diff: 0.0, Sum: 0.0]
         [Termination Attempts: Min: 1, Avg: 1.0, Max: 1, Diff: 0, Sum: 6]
      [GC Worker Other (ms): Min: 0.0, Avg: 0.1, Max: 0.2, Diff: 0.1, Sum: 0.6]
      [GC Worker Total (ms): Min: 1.4, Avg: 1.5, Max: 1.5, Diff: 0.1, Sum: 8.8]
      [GC Worker End (ms): Min: 335597.3, Avg: 335597.4, Max: 335597.4, Diff: 0.1]
   [Code Root Fixup: 0.0 ms]
   [Code Root Purge: 0.0 ms]
   [Clear CT: 0.5 ms]
   [Other: 1.2 ms]
      [Choose CSet: 0.0 ms]
      [Ref Proc: 0.2 ms]
      [Ref Enq: 0.0 ms]
      [Redirty Cards: 0.1 ms]
      [Humongous Register: 0.1 ms]
      [Humongous Reclaim: 0.0 ms]
      [Free CSet: 0.7 ms]
   [Eden: 2448.0M(2448.0M)->0.0B(2448.0M) Survivors: 8192.0K->8192.0K Heap: 2475.0M(4096.0M)->28557.0K(4096.0M)]
 [Times: user=0.00 sys=0.00, real=0.00 secs] 
2024-10-12T18:58:05.310+0300: 335.599: Total time for which application threads were stopped: 0.0038175 seconds, Stopping threads took: 0.0002159 seconds
2024-10-12T18:58:06.096+0300: 336.381: Application time: 0.7814336 seconds
2024-10-12T18:58:06.096+0300: 336.381: [GC pause (G1 Evacuation Pause) (young), 0.0032058 secs]
   [Parallel Time: 1.6 ms, GC Workers: 6]
      [GC Worker Start (ms): Min: 336381.1, Avg: 336381.1, Max: 336381.3, Diff: 0.2]
      [Ext Root Scanning (ms): Min: 0.2, Avg: 0.3, Max: 0.4, Diff: 0.2, Sum: 1.9]
      [Update RS (ms): Min: 0.0, Avg: 0.1, Max: 0.1, Diff: 0.1, Sum: 0.6]
         [Processed Buffers: Min: 0, Avg: 2.2, Max: 4, Diff: 4, Sum: 13]
      [Scan RS (ms): Min: 0.2, Avg: 0.2, Max: 0.2, Diff: 0.0, Sum: 1.1]
      [Code Root Scanning (ms): Min: 0.0, Avg: 0.0, Max: 0.0, Diff: 0.0, Sum: 0.0]
      [Object Copy (ms): Min: 0.6, Avg: 0.7, Max: 0.8, Diff: 0.2, Sum: 4.1]
      [Termination (ms): Min: 0.0, Avg: 0.0, Max: 0.0, Diff: 0.0, Sum: 0.0]
         [Termination Attempts: Min: 1, Avg: 1.0, Max: 1, Diff: 0, Sum: 6]
      [GC Worker Other (ms): Min: 0.0, Avg: 0.1, Max: 0.2, Diff: 0.1, Sum: 0.6]
      [GC Worker Total (ms): Min: 1.2, Avg: 1.4, Max: 1.5, Diff: 0.3, Sum: 8.5]
      [GC Worker End (ms): Min: 336382.5, Avg: 336382.5, Max: 336382.6, Diff: 0.1]
   [Code Root Fixup: 0.0 ms]
   [Code Root Purge: 0.0 ms]
   [Clear CT: 0.4 ms]
   [Other: 1.2 ms]
      [Choose CSet: 0.0 ms]
      [Ref Proc: 0.1 ms]
      [Ref Enq: 0.0 ms]
      [Redirty Cards: 0.2 ms]
      [Humongous Register: 0.1 ms]
      [Humongous Reclaim: 0.0 ms]
      [Free CSet: 0.7 ms]
   [Eden: 2448.0M(2448.0M)->0.0B(2448.0M) Survivors: 8192.0K->8192.0K Heap: 2475.9M(4096.0M)->27608.5K(4096.0M)]
 [Times: user=0.00 sys=0.00, real=0.00 secs] 
2024-10-12T18:58:06.096+0300: 336.384: Total time for which application threads were stopped: 0.0036403 seconds, Stopping threads took: 0.0001545 seconds
2024-10-12T18:58:06.865+0300: 337.159: Application time: 0.7745039 seconds
2024-10-12T18:58:06.865+0300: 337.159: [GC pause (G1 Evacuation Pause) (young), 0.0032992 secs]
   [Parallel Time: 1.8 ms, GC Workers: 6]
      [GC Worker Start (ms): Min: 337159.2, Avg: 337159.3, Max: 337159.3, Diff: 0.1]
      [Ext Root Scanning (ms): Min: 0.3, Avg: 0.4, Max: 0.4, Diff: 0.1, Sum: 2.1]
      [Update RS (ms): Min: 0.1, Avg: 0.1, Max: 0.1, Diff: 0.1, Sum: 0.6]
         [Processed Buffers: Min: 1, Avg: 2.2, Max: 3, Diff: 2, Sum: 13]
      [Scan RS (ms): Min: 0.1, Avg: 0.2, Max: 0.2, Diff: 0.1, Sum: 1.0]
      [Code Root Scanning (ms): Min: 0.0, Avg: 0.0, Max: 0.0, Diff: 0.0, Sum: 0.0]
      [Object Copy (ms): Min: 0.8, Avg: 0.8, Max: 0.8, Diff: 0.0, Sum: 4.8]
      [Termination (ms): Min: 0.0, Avg: 0.0, Max: 0.0, Diff: 0.0, Sum: 0.0]
         [Termination Attempts: Min: 1, Avg: 2.2, Max: 3, Diff: 2, Sum: 13]
      [GC Worker Other (ms): Min: 0.0, Avg: 0.1, Max: 0.2, Diff: 0.1, Sum: 0.5]
      [GC Worker Total (ms): Min: 1.4, Avg: 1.5, Max: 1.6, Diff: 0.1, Sum: 9.0]
      [GC Worker End (ms): Min: 337160.7, Avg: 337160.8, Max: 337160.8, Diff: 0.1]
   [Code Root Fixup: 0.0 ms]
   [Code Root Purge: 0.0 ms]
   [Clear CT: 0.5 ms]
   [Other: 1.0 ms]
      [Choose CSet: 0.0 ms]
      [Ref Proc: 0.1 ms]
      [Ref Enq: 0.0 ms]
      [Redirty Cards: 0.1 ms]
      [Humongous Register: 0.1 ms]
      [Humongous Reclaim: 0.0 ms]
      [Free CSet: 0.6 ms]
   [Eden: 2448.0M(2448.0M)->0.0B(2444.0M) Survivors: 8192.0K->12288.0K Heap: 2475.0M(4096.0M)->31691.6K(4096.0M)]
 [Times: user=0.01 sys=0.00, real=0.02 secs] 
2024-10-12T18:58:06.880+0300: 337.163: Total time for which application threads were stopped: 0.0037203 seconds, Stopping threads took: 0.0001960 seconds
2024-10-12T18:58:07.650+0300: 337.939: Application time: 0.7765837 seconds
2024-10-12T18:58:07.650+0300: 337.939: [GC pause (G1 Evacuation Pause) (young), 0.0031939 secs]
   [Parallel Time: 1.6 ms, GC Workers: 6]
      [GC Worker Start (ms): Min: 337939.5, Avg: 337939.5, Max: 337939.6, Diff: 0.1]
      [Ext Root Scanning (ms): Min: 0.3, Avg: 0.3, Max: 0.4, Diff: 0.1, Sum: 2.0]
      [Update RS (ms): Min: 0.1, Avg: 0.1, Max: 0.1, Diff: 0.0, Sum: 0.6]
         [Processed Buffers: Min: 1, Avg: 2.2, Max: 3, Diff: 2, Sum: 13]
      [Scan RS (ms): Min: 0.1, Avg: 0.2, Max: 0.2, Diff: 0.0, Sum: 1.0]
      [Code Root Scanning (ms): Min: 0.0, Avg: 0.0, Max: 0.0, Diff: 0.0, Sum: 0.0]
      [Object Copy (ms): Min: 0.8, Avg: 0.8, Max: 0.9, Diff: 0.1, Sum: 5.0]
      [Termination (ms): Min: 0.0, Avg: 0.0, Max: 0.0, Diff: 0.0, Sum: 0.0]
         [Termination Attempts: Min: 1, Avg: 1.0, Max: 1, Diff: 0, Sum: 6]
      [GC Worker Other (ms): Min: 0.0, Avg: 0.1, Max: 0.1, Diff: 0.1, Sum: 0.6]
      [GC Worker Total (ms): Min: 1.5, Avg: 1.5, Max: 1.6, Diff: 0.1, Sum: 9.3]
      [GC Worker End (ms): Min: 337941.0, Avg: 337941.1, Max: 337941.1, Diff: 0.1]
   [Code Root Fixup: 0.0 ms]
   [Code Root Purge: 0.0 ms]
   [Clear CT: 0.5 ms]
   [Other: 1.0 ms]
      [Choose CSet: 0.0 ms]
      [Ref Proc: 0.1 ms]
      [Ref Enq: 0.0 ms]
      [Redirty Cards: 0.1 ms]
      [Humongous Register: 0.0 ms]
      [Humongous Reclaim: 0.0 ms]
      [Free CSet: 0.6 ms]
   [Eden: 2444.0M(2444.0M)->0.0B(2446.0M) Survivors: 12288.0K->10240.0K Heap: 2474.9M(4096.0M)->29309.2K(4096.0M)]
 [Times: user=0.00 sys=0.00, real=0.00 secs] 
2024-10-12T18:58:07.650+0300: 337.943: Total time for which application threads were stopped: 0.0036320 seconds, Stopping threads took: 0.0001886 seconds
2024-10-12T18:58:08.435+0300: 338.721: Application time: 0.7786969 seconds
2024-10-12T18:58:08.435+0300: 338.722: [GC pause (G1 Evacuation Pause) (young), 0.0031699 secs]
   [Parallel Time: 1.7 ms, GC Workers: 6]
      [GC Worker Start (ms): Min: 338721.8, Avg: 338721.8, Max: 338721.8, Diff: 0.1]
      [Ext Root Scanning (ms): Min: 0.3, Avg: 0.3, Max: 0.4, Diff: 0.1, Sum: 2.0]
      [Update RS (ms): Min: 0.1, Avg: 0.1, Max: 0.1, Diff: 0.1, Sum: 0.6]
         [Processed Buffers: Min: 1, Avg: 2.2, Max: 3, Diff: 2, Sum: 13]
      [Scan RS (ms): Min: 0.1, Avg: 0.2, Max: 0.2, Diff: 0.1, Sum: 1.0]
      [Code Root Scanning (ms): Min: 0.0, Avg: 0.0, Max: 0.0, Diff: 0.0, Sum: 0.0]
      [Object Copy (ms): Min: 0.8, Avg: 0.8, Max: 0.9, Diff: 0.1, Sum: 5.1]
      [Termination (ms): Min: 0.0, Avg: 0.0, Max: 0.0, Diff: 0.0, Sum: 0.0]
         [Termination Attempts: Min: 1, Avg: 1.5, Max: 3, Diff: 2, Sum: 9]
      [GC Worker Other (ms): Min: 0.0, Avg: 0.1, Max: 0.1, Diff: 0.1, Sum: 0.5]
      [GC Worker Total (ms): Min: 1.5, Avg: 1.5, Max: 1.6, Diff: 0.1, Sum: 9.3]
      [GC Worker End (ms): Min: 338723.3, Avg: 338723.4, Max: 338723.4, Diff: 0.1]
   [Code Root Fixup: 0.0 ms]
   [Code Root Purge: 0.0 ms]
   [Clear CT: 0.5 ms]
   [Other: 1.0 ms]
      [Choose CSet: 0.0 ms]
      [Ref Proc: 0.1 ms]
      [Ref Enq: 0.0 ms]
      [Redirty Cards: 0.1 ms]
      [Humongous Register: 0.0 ms]
      [Humongous Reclaim: 0.0 ms]
      [Free CSet: 0.6 ms]
   [Eden: 2446.0M(2446.0M)->0.0B(2444.0M) Survivors: 10240.0K->12288.0K Heap: 2474.6M(4096.0M)->32636.9K(4096.0M)]
 [Times: user=0.00 sys=0.00, real=0.00 secs] 
2024-10-12T18:58:08.435+0300: 338.725: Total time for which application threads were stopped: 0.0035524 seconds, Stopping threads took: 0.0001496 seconds
2024-10-12T18:58:09.219+0300: 339.502: Application time: 0.7772272 seconds
2024-10-12T18:58:09.219+0300: 339.503: [GC pause (G1 Evacuation Pause) (young), 0.0033676 secs]
   [Parallel Time: 1.7 ms, GC Workers: 6]
      [GC Worker Start (ms): Min: 339502.7, Avg: 339502.7, Max: 339502.7, Diff: 0.0]
      [Ext Root Scanning (ms): Min: 0.3, Avg: 0.3, Max: 0.4, Diff: 0.0, Sum: 2.0]
      [Update RS (ms): Min: 0.1, Avg: 0.1, Max: 0.1, Diff: 0.0, Sum: 0.6]
         [Processed Buffers: Min: 1, Avg: 2.2, Max: 4, Diff: 3, Sum: 13]
      [Scan RS (ms): Min: 0.1, Avg: 0.2, Max: 0.2, Diff: 0.0, Sum: 1.0]
      [Code Root Scanning (ms): Min: 0.0, Avg: 0.0, Max: 0.0, Diff: 0.0, Sum: 0.0]
      [Object Copy (ms): Min: 0.8, Avg: 0.8, Max: 0.8, Diff: 0.1, Sum: 4.8]
      [Termination (ms): Min: 0.0, Avg: 0.0, Max: 0.0, Diff: 0.0, Sum: 0.0]
         [Termination Attempts: Min: 1, Avg: 1.0, Max: 1, Diff: 0, Sum: 6]
      [GC Worker Other (ms): Min: 0.0, Avg: 0.1, Max: 0.2, Diff: 0.1, Sum: 0.7]
      [GC Worker Total (ms): Min: 1.4, Avg: 1.5, Max: 1.6, Diff: 0.2, Sum: 9.1]
      [GC Worker End (ms): Min: 339504.1, Avg: 339504.2, Max: 339504.3, Diff: 0.1]
   [Code Root Fixup: 0.0 ms]
   [Code Root Purge: 0.0 ms]
   [Clear CT: 0.5 ms]
   [Other: 1.1 ms]
      [Choose CSet: 0.0 ms]
      [Ref Proc: 0.1 ms]
      [Ref Enq: 0.0 ms]
      [Redirty Cards: 0.1 ms]
      [Humongous Register: 0.0 ms]
      [Humongous Reclaim: 0.0 ms]
      [Free CSet: 0.7 ms]
   [Eden: 2444.0M(2444.0M)->0.0B(2448.0M) Survivors: 12288.0K->8192.0K Heap: 2475.9M(4096.0M)->28522.9K(4096.0M)]
 [Times: user=0.00 sys=0.00, real=0.00 secs] 
2024-10-12T18:58:09.219+0300: 339.506: Total time for which application threads were stopped: 0.0038554 seconds, Stopping threads took: 0.0002089 seconds
2024-10-12T18:58:10.004+0300: 340.286: Application time: 0.7797480 seconds
2024-10-12T18:58:10.004+0300: 340.286: [GC pause (G1 Evacuation Pause) (young), 0.0036266 secs]
   [Parallel Time: 1.8 ms, GC Workers: 6]
      [GC Worker Start (ms): Min: 340286.2, Avg: 340286.2, Max: 340286.3, Diff: 0.1]
      [Ext Root Scanning (ms): Min: 0.3, Avg: 0.3, Max: 0.4, Diff: 0.1, Sum: 2.0]
      [Update RS (ms): Min: 0.1, Avg: 0.1, Max: 0.1, Diff: 0.1, Sum: 0.6]
         [Processed Buffers: Min: 1, Avg: 2.2, Max: 3, Diff: 2, Sum: 13]
      [Scan RS (ms): Min: 0.2, Avg: 0.2, Max: 0.2, Diff: 0.0, Sum: 1.0]
      [Code Root Scanning (ms): Min: 0.0, Avg: 0.0, Max: 0.0, Diff: 0.0, Sum: 0.0]
      [Object Copy (ms): Min: 1.0, Avg: 1.0, Max: 1.1, Diff: 0.0, Sum: 6.2]
      [Termination (ms): Min: 0.0, Avg: 0.0, Max: 0.0, Diff: 0.0, Sum: 0.0]
         [Termination Attempts: Min: 1, Avg: 1.0, Max: 1, Diff: 0, Sum: 6]
      [GC Worker Other (ms): Min: 0.0, Avg: 0.1, Max: 0.1, Diff: 0.1, Sum: 0.4]
      [GC Worker Total (ms): Min: 1.7, Avg: 1.7, Max: 1.8, Diff: 0.1, Sum: 10.3]
      [GC Worker End (ms): Min: 340287.9, Avg: 340287.9, Max: 340288.0, Diff: 0.1]
   [Code Root Fixup: 0.0 ms]
   [Code Root Purge: 0.0 ms]
   [Clear CT: 0.6 ms]
   [Other: 1.1 ms]
      [Choose CSet: 0.0 ms]
      [Ref Proc: 0.1 ms]
      [Ref Enq: 0.0 ms]
      [Redirty Cards: 0.1 ms]
      [Humongous Register: 0.1 ms]
      [Humongous Reclaim: 0.0 ms]
      [Free CSet: 0.7 ms]
   [Eden: 2448.0M(2448.0M)->0.0B(2444.0M) Survivors: 8192.0K->12288.0K Heap: 2475.9M(4096.0M)->32570.5K(4096.0M)]
 [Times: user=0.00 sys=0.00, real=0.00 secs] 
2024-10-12T18:58:10.004+0300: 340.290: Total time for which application threads were stopped: 0.0039945 seconds, Stopping threads took: 0.0001256 seconds
2024-10-12T18:58:10.774+0300: 341.060: Application time: 0.7704241 seconds
2024-10-12T18:58:10.774+0300: 341.061: [GC pause (G1 Evacuation Pause) (young), 0.0031727 secs]
   [Parallel Time: 1.7 ms, GC Workers: 6]
      [GC Worker Start (ms): Min: 341060.7, Avg: 341060.7, Max: 341060.7, Diff: 0.1]
      [Ext Root Scanning (ms): Min: 0.3, Avg: 0.3, Max: 0.4, Diff: 0.1, Sum: 2.1]
      [Update RS (ms): Min: 0.1, Avg: 0.1, Max: 0.1, Diff: 0.1, Sum: 0.6]
         [Processed Buffers: Min: 1, Avg: 2.2, Max: 3, Diff: 2, Sum: 13]
      [Scan RS (ms): Min: 0.1, Avg: 0.2, Max: 0.2, Diff: 0.0, Sum: 1.1]
      [Code Root Scanning (ms): Min: 0.0, Avg: 0.0, Max: 0.0, Diff: 0.0, Sum: 0.0]
      [Object Copy (ms): Min: 0.8, Avg: 0.8, Max: 0.9, Diff: 0.0, Sum: 5.0]
      [Termination (ms): Min: 0.0, Avg: 0.0, Max: 0.0, Diff: 0.0, Sum: 0.0]
         [Termination Attempts: Min: 1, Avg: 1.2, Max: 2, Diff: 1, Sum: 7]
      [GC Worker Other (ms): Min: 0.0, Avg: 0.1, Max: 0.1, Diff: 0.1, Sum: 0.5]
      [GC Worker Total (ms): Min: 1.5, Avg: 1.6, Max: 1.6, Diff: 0.1, Sum: 9.3]
      [GC Worker End (ms): Min: 341062.2, Avg: 341062.2, Max: 341062.3, Diff: 0.1]
   [Code Root Fixup: 0.0 ms]
   [Code Root Purge: 0.0 ms]
   [Clear CT: 0.5 ms]
   [Other: 1.0 ms]
      [Choose CSet: 0.0 ms]
      [Ref Proc: 0.1 ms]
      [Ref Enq: 0.0 ms]
      [Redirty Cards: 0.1 ms]
      [Humongous Register: 0.1 ms]
      [Humongous Reclaim: 0.0 ms]
      [Free CSet: 0.6 ms]
   [Eden: 2444.0M(2444.0M)->0.0B(2448.0M) Survivors: 12288.0K->8192.0K Heap: 2475.8M(4096.0M)->28732.7K(4096.0M)]
 [Times: user=0.00 sys=0.00, real=0.00 secs] 
2024-10-12T18:58:10.774+0300: 341.064: Total time for which application threads were stopped: 0.0036045 seconds, Stopping threads took: 0.0001952 seconds
2024-10-12T18:58:11.558+0300: 341.847: Application time: 0.7827272 seconds
2024-10-12T18:58:11.558+0300: 341.847: [GC pause (G1 Evacuation Pause) (young), 0.0030455 secs]
   [Parallel Time: 1.6 ms, GC Workers: 6]
      [GC Worker Start (ms): Min: 341846.9, Avg: 341847.0, Max: 341847.0, Diff: 0.1]
      [Ext Root Scanning (ms): Min: 0.3, Avg: 0.3, Max: 0.4, Diff: 0.1, Sum: 2.0]
      [Update RS (ms): Min: 0.1, Avg: 0.1, Max: 0.1, Diff: 0.0, Sum: 0.6]
         [Processed Buffers: Min: 1, Avg: 2.2, Max: 4, Diff: 3, Sum: 13]
      [Scan RS (ms): Min: 0.2, Avg: 0.2, Max: 0.2, Diff: 0.0, Sum: 1.0]
      [Code Root Scanning (ms): Min: 0.0, Avg: 0.0, Max: 0.0, Diff: 0.0, Sum: 0.0]
      [Object Copy (ms): Min: 0.7, Avg: 0.7, Max: 0.8, Diff: 0.0, Sum: 4.5]
      [Termination (ms): Min: 0.0, Avg: 0.0, Max: 0.0, Diff: 0.0, Sum: 0.0]
         [Termination Attempts: Min: 1, Avg: 1.0, Max: 1, Diff: 0, Sum: 6]
      [GC Worker Other (ms): Min: 0.0, Avg: 0.1, Max: 0.1, Diff: 0.1, Sum: 0.5]
      [GC Worker Total (ms): Min: 1.4, Avg: 1.4, Max: 1.5, Diff: 0.1, Sum: 8.7]
      [GC Worker End (ms): Min: 341848.4, Avg: 341848.4, Max: 341848.5, Diff: 0.1]
   [Code Root Fixup: 0.0 ms]
   [Code Root Purge: 0.0 ms]
   [Clear CT: 0.5 ms]
   [Other: 1.0 ms]
      [Choose CSet: 0.0 ms]
      [Ref Proc: 0.1 ms]
      [Ref Enq: 0.0 ms]
      [Redirty Cards: 0.1 ms]
      [Humongous Register: 0.0 ms]
      [Humongous Reclaim: 0.0 ms]
      [Free CSet: 0.6 ms]
   [Eden: 2448.0M(2448.0M)->0.0B(2446.0M) Survivors: 8192.0K->10240.0K Heap: 2476.1M(4096.0M)->30705.2K(4096.0M)]
 [Times: user=0.00 sys=0.00, real=0.00 secs] 
2024-10-12T18:58:11.558+0300: 341.850: Total time for which application threads were stopped: 0.0034273 seconds, Stopping threads took: 0.0001629 seconds
2024-10-12T18:58:12.343+0300: 342.631: Application time: 0.7807908 seconds
2024-10-12T18:58:12.343+0300: 342.631: [GC pause (G1 Evacuation Pause) (young), 0.0037482 secs]
   [Parallel Time: 2.2 ms, GC Workers: 6]
      [GC Worker Start (ms): Min: 342631.2, Avg: 342631.2, Max: 342631.2, Diff: 0.1]
      [Ext Root Scanning (ms): Min: 0.3, Avg: 0.3, Max: 0.4, Diff: 0.1, Sum: 2.0]
      [Update RS (ms): Min: 0.1, Avg: 0.1, Max: 0.1, Diff: 0.1, Sum: 0.6]
         [Processed Buffers: Min: 1, Avg: 2.2, Max: 4, Diff: 3, Sum: 13]
      [Scan RS (ms): Min: 0.1, Avg: 0.2, Max: 0.2, Diff: 0.1, Sum: 1.1]
      [Code Root Scanning (ms): Min: 0.0, Avg: 0.0, Max: 0.0, Diff: 0.0, Sum: 0.0]
      [Object Copy (ms): Min: 1.3, Avg: 1.3, Max: 1.4, Diff: 0.1, Sum: 8.1]
      [Termination (ms): Min: 0.0, Avg: 0.0, Max: 0.0, Diff: 0.0, Sum: 0.0]
         [Termination Attempts: Min: 1, Avg: 1.0, Max: 1, Diff: 0, Sum: 6]
      [GC Worker Other (ms): Min: 0.0, Avg: 0.1, Max: 0.1, Diff: 0.1, Sum: 0.5]
      [GC Worker Total (ms): Min: 2.0, Avg: 2.1, Max: 2.1, Diff: 0.1, Sum: 12.4]
      [GC Worker End (ms): Min: 342633.2, Avg: 342633.2, Max: 342633.3, Diff: 0.1]
   [Code Root Fixup: 0.0 ms]
   [Code Root Purge: 0.0 ms]
   [Clear CT: 0.5 ms]
   [Other: 1.0 ms]
      [Choose CSet: 0.0 ms]
      [Ref Proc: 0.1 ms]
      [Ref Enq: 0.0 ms]
      [Redirty Cards: 0.1 ms]
      [Humongous Register: 0.0 ms]
      [Humongous Reclaim: 0.0 ms]
      [Free CSet: 0.6 ms]
   [Eden: 2446.0M(2446.0M)->0.0B(2444.0M) Survivors: 10240.0K->12288.0K Heap: 2476.0M(4096.0M)->31991.2K(4096.0M)]
 [Times: user=0.00 sys=0.00, real=0.00 secs] 
2024-10-12T18:58:12.343+0300: 342.635: Total time for which application threads were stopped: 0.0041219 seconds, Stopping threads took: 0.0001630 seconds
2024-10-12T18:58:13.127+0300: 343.414: Application time: 0.7793221 seconds
2024-10-12T18:58:13.127+0300: 343.415: [GC pause (G1 Evacuation Pause) (young), 0.0033615 secs]
   [Parallel Time: 1.6 ms, GC Workers: 6]
      [GC Worker Start (ms): Min: 343414.7, Avg: 343414.7, Max: 343414.7, Diff: 0.0]
      [Ext Root Scanning (ms): Min: 0.3, Avg: 0.3, Max: 0.4, Diff: 0.0, Sum: 2.1]
      [Update RS (ms): Min: 0.1, Avg: 0.1, Max: 0.1, Diff: 0.0, Sum: 0.6]
         [Processed Buffers: Min: 1, Avg: 2.2, Max: 4, Diff: 3, Sum: 13]
      [Scan RS (ms): Min: 0.2, Avg: 0.2, Max: 0.2, Diff: 0.0, Sum: 1.0]
      [Code Root Scanning (ms): Min: 0.0, Avg: 0.0, Max: 0.0, Diff: 0.0, Sum: 0.0]
      [Object Copy (ms): Min: 0.7, Avg: 0.7, Max: 0.7, Diff: 0.0, Sum: 4.3]
      [Termination (ms): Min: 0.0, Avg: 0.0, Max: 0.0, Diff: 0.0, Sum: 0.0]
         [Termination Attempts: Min: 1, Avg: 1.0, Max: 1, Diff: 0, Sum: 6]
      [GC Worker Other (ms): Min: 0.0, Avg: 0.1, Max: 0.2, Diff: 0.1, Sum: 0.6]
      [GC Worker Total (ms): Min: 1.4, Avg: 1.4, Max: 1.5, Diff: 0.1, Sum: 8.7]
      [GC Worker End (ms): Min: 343416.1, Avg: 343416.2, Max: 343416.2, Diff: 0.1]
   [Code Root Fixup: 0.0 ms]
   [Code Root Purge: 0.0 ms]
   [Clear CT: 0.5 ms]
   [Other: 1.2 ms]
      [Choose CSet: 0.0 ms]
      [Ref Proc: 0.1 ms]
      [Ref Enq: 0.0 ms]
      [Redirty Cards: 0.2 ms]
      [Humongous Register: 0.0 ms]
      [Humongous Reclaim: 0.0 ms]
      [Free CSet: 0.7 ms]
   [Eden: 2444.0M(2444.0M)->0.0B(2448.0M) Survivors: 12288.0K->8192.0K Heap: 2475.2M(4096.0M)->28740.2K(4096.0M)]
 [Times: user=0.00 sys=0.00, real=0.00 secs] 
2024-10-12T18:58:13.127+0300: 343.418: Total time for which application threads were stopped: 0.0038165 seconds, Stopping threads took: 0.0001701 seconds
2024-10-12T18:58:13.913+0300: 344.194: Application time: 0.7758308 seconds
2024-10-12T18:58:13.913+0300: 344.194: [GC pause (G1 Evacuation Pause) (young), 0.0033871 secs]
   [Parallel Time: 1.5 ms, GC Workers: 6]
      [GC Worker Start (ms): Min: 344194.3, Avg: 344194.4, Max: 344194.4, Diff: 0.1]
      [Ext Root Scanning (ms): Min: 0.3, Avg: 0.3, Max: 0.4, Diff: 0.1, Sum: 2.0]
      [Update RS (ms): Min: 0.1, Avg: 0.1, Max: 0.1, Diff: 0.0, Sum: 0.6]
         [Processed Buffers: Min: 1, Avg: 2.2, Max: 3, Diff: 2, Sum: 13]
      [Scan RS (ms): Min: 0.2, Avg: 0.2, Max: 0.2, Diff: 0.0, Sum: 1.1]
      [Code Root Scanning (ms): Min: 0.0, Avg: 0.0, Max: 0.0, Diff: 0.0, Sum: 0.0]
      [Object Copy (ms): Min: 0.7, Avg: 0.7, Max: 0.8, Diff: 0.0, Sum: 4.4]
      [Termination (ms): Min: 0.0, Avg: 0.0, Max: 0.0, Diff: 0.0, Sum: 0.0]
         [Termination Attempts: Min: 1, Avg: 1.0, Max: 1, Diff: 0, Sum: 6]
      [GC Worker Other (ms): Min: 0.0, Avg: 0.1, Max: 0.1, Diff: 0.1, Sum: 0.5]
      [GC Worker Total (ms): Min: 1.4, Avg: 1.4, Max: 1.5, Diff: 0.1, Sum: 8.6]
      [GC Worker End (ms): Min: 344195.7, Avg: 344195.8, Max: 344195.8, Diff: 0.1]
   [Code Root Fixup: 0.0 ms]
   [Code Root Purge: 0.0 ms]
   [Clear CT: 0.5 ms]
   [Other: 1.3 ms]
      [Choose CSet: 0.0 ms]
      [Ref Proc: 0.1 ms]
      [Ref Enq: 0.0 ms]
      [Redirty Cards: 0.1 ms]
      [Humongous Register: 0.1 ms]
      [Humongous Reclaim: 0.0 ms]
      [Free CSet: 0.8 ms]
   [Eden: 2448.0M(2448.0M)->0.0B(2448.0M) Survivors: 8192.0K->8192.0K Heap: 2476.1M(4096.0M)->27661.2K(4096.0M)]
 [Times: user=0.00 sys=0.00, real=0.00 secs] 
2024-10-12T18:58:13.913+0300: 344.198: Total time for which application threads were stopped: 0.0037706 seconds, Stopping threads took: 0.0001203 seconds
2024-10-12T18:58:14.682+0300: 344.971: Application time: 0.7732118 seconds
2024-10-12T18:58:14.682+0300: 344.971: [GC pause (G1 Evacuation Pause) (young), 0.0039893 secs]
   [Parallel Time: 2.3 ms, GC Workers: 6]
      [GC Worker Start (ms): Min: 344971.3, Avg: 344971.3, Max: 344971.4, Diff: 0.1]
      [Ext Root Scanning (ms): Min: 0.3, Avg: 0.4, Max: 0.4, Diff: 0.1, Sum: 2.2]
      [Update RS (ms): Min: 0.1, Avg: 0.1, Max: 0.1, Diff: 0.1, Sum: 0.6]
         [Processed Buffers: Min: 1, Avg: 2.2, Max: 4, Diff: 3, Sum: 13]
      [Scan RS (ms): Min: 0.1, Avg: 0.2, Max: 0.2, Diff: 0.0, Sum: 1.0]
      [Code Root Scanning (ms): Min: 0.0, Avg: 0.0, Max: 0.0, Diff: 0.0, Sum: 0.0]
      [Object Copy (ms): Min: 1.3, Avg: 1.4, Max: 1.4, Diff: 0.0, Sum: 8.2]
      [Termination (ms): Min: 0.0, Avg: 0.0, Max: 0.0, Diff: 0.0, Sum: 0.0]
         [Termination Attempts: Min: 1, Avg: 1.0, Max: 1, Diff: 0, Sum: 6]
      [GC Worker Other (ms): Min: 0.0, Avg: 0.1, Max: 0.2, Diff: 0.1, Sum: 0.5]
      [GC Worker Total (ms): Min: 2.0, Avg: 2.1, Max: 2.2, Diff: 0.2, Sum: 12.6]
      [GC Worker End (ms): Min: 344973.4, Avg: 344973.4, Max: 344973.5, Diff: 0.1]
   [Code Root Fixup: 0.0 ms]
   [Code Root Purge: 0.0 ms]
   [Clear CT: 0.5 ms]
   [Other: 1.1 ms]
      [Choose CSet: 0.0 ms]
      [Ref Proc: 0.2 ms]
      [Ref Enq: 0.0 ms]
      [Redirty Cards: 0.1 ms]
      [Humongous Register: 0.0 ms]
      [Humongous Reclaim: 0.0 ms]
      [Free CSet: 0.7 ms]
   [Eden: 2448.0M(2448.0M)->0.0B(2444.0M) Survivors: 8192.0K->12288.0K Heap: 2475.0M(4096.0M)->32647.5K(4096.0M)]
 [Times: user=0.00 sys=0.00, real=0.00 secs] 
2024-10-12T18:58:14.682+0300: 344.975: Total time for which application threads were stopped: 0.0044432 seconds, Stopping threads took: 0.0001986 seconds
2024-10-12T18:58:15.467+0300: 345.752: Application time: 0.7770329 seconds
2024-10-12T18:58:15.467+0300: 345.753: [GC pause (G1 Evacuation Pause) (young), 0.0030597 secs]
   [Parallel Time: 1.6 ms, GC Workers: 6]
      [GC Worker Start (ms): Min: 345752.8, Avg: 345752.8, Max: 345752.9, Diff: 0.1]
      [Ext Root Scanning (ms): Min: 0.3, Avg: 0.3, Max: 0.4, Diff: 0.1, Sum: 2.0]
      [Update RS (ms): Min: 0.1, Avg: 0.1, Max: 0.1, Diff: 0.1, Sum: 0.6]
         [Processed Buffers: Min: 1, Avg: 2.2, Max: 3, Diff: 2, Sum: 13]
      [Scan RS (ms): Min: 0.2, Avg: 0.2, Max: 0.2, Diff: 0.0, Sum: 1.0]
      [Code Root Scanning (ms): Min: 0.0, Avg: 0.0, Max: 0.0, Diff: 0.0, Sum: 0.0]
      [Object Copy (ms): Min: 0.7, Avg: 0.8, Max: 0.8, Diff: 0.0, Sum: 4.6]
      [Termination (ms): Min: 0.0, Avg: 0.0, Max: 0.0, Diff: 0.0, Sum: 0.0]
         [Termination Attempts: Min: 1, Avg: 1.5, Max: 2, Diff: 1, Sum: 9]
      [GC Worker Other (ms): Min: 0.0, Avg: 0.1, Max: 0.1, Diff: 0.1, Sum: 0.5]
      [GC Worker Total (ms): Min: 1.4, Avg: 1.5, Max: 1.5, Diff: 0.1, Sum: 8.8]
      [GC Worker End (ms): Min: 345754.2, Avg: 345754.3, Max: 345754.3, Diff: 0.1]
   [Code Root Fixup: 0.0 ms]
   [Code Root Purge: 0.0 ms]
   [Clear CT: 0.5 ms]
   [Other: 1.0 ms]
      [Choose CSet: 0.0 ms]
      [Ref Proc: 0.1 ms]
      [Ref Enq: 0.0 ms]
      [Redirty Cards: 0.1 ms]
      [Humongous Register: 0.0 ms]
      [Humongous Reclaim: 0.0 ms]
      [Free CSet: 0.6 ms]
   [Eden: 2444.0M(2444.0M)->0.0B(2448.0M) Survivors: 12288.0K->8192.0K Heap: 2475.9M(4096.0M)->27723.7K(4096.0M)]
 [Times: user=0.00 sys=0.00, real=0.00 secs] 
2024-10-12T18:58:15.467+0300: 345.756: Total time for which application threads were stopped: 0.0034849 seconds, Stopping threads took: 0.0001540 seconds
2024-10-12T18:58:16.251+0300: 346.536: Application time: 0.7800867 seconds
2024-10-12T18:58:16.251+0300: 346.536: [GC pause (G1 Evacuation Pause) (young), 0.0042225 secs]
   [Parallel Time: 2.6 ms, GC Workers: 6]
      [GC Worker Start (ms): Min: 346536.5, Avg: 346536.5, Max: 346536.5, Diff: 0.1]
      [Ext Root Scanning (ms): Min: 0.3, Avg: 0.3, Max: 0.4, Diff: 0.1, Sum: 2.0]
      [Update RS (ms): Min: 0.0, Avg: 0.1, Max: 0.1, Diff: 0.1, Sum: 0.6]
         [Processed Buffers: Min: 0, Avg: 2.2, Max: 3, Diff: 3, Sum: 13]
      [Scan RS (ms): Min: 0.2, Avg: 0.2, Max: 0.2, Diff: 0.0, Sum: 1.1]
      [Code Root Scanning (ms): Min: 0.0, Avg: 0.0, Max: 0.0, Diff: 0.0, Sum: 0.0]
      [Object Copy (ms): Min: 1.5, Avg: 1.6, Max: 1.8, Diff: 0.3, Sum: 9.7]
      [Termination (ms): Min: 0.0, Avg: 0.1, Max: 0.1, Diff: 0.1, Sum: 0.6]
         [Termination Attempts: Min: 1, Avg: 1.0, Max: 1, Diff: 0, Sum: 6]
      [GC Worker Other (ms): Min: 0.0, Avg: 0.1, Max: 0.1, Diff: 0.1, Sum: 0.3]
      [GC Worker Total (ms): Min: 2.3, Avg: 2.4, Max: 2.4, Diff: 0.1, Sum: 14.3]
      [GC Worker End (ms): Min: 346538.8, Avg: 346538.9, Max: 346538.9, Diff: 0.1]
   [Code Root Fixup: 0.0 ms]
   [Code Root Purge: 0.0 ms]
   [Clear CT: 0.5 ms]
   [Other: 1.2 ms]
      [Choose CSet: 0.0 ms]
      [Ref Proc: 0.1 ms]
      [Ref Enq: 0.0 ms]
      [Redirty Cards: 0.1 ms]
      [Humongous Register: 0.1 ms]
      [Humongous Reclaim: 0.0 ms]
      [Free CSet: 0.7 ms]
   [Eden: 2448.0M(2448.0M)->0.0B(2444.0M) Survivors: 8192.0K->12288.0K Heap: 2475.1M(4096.0M)->31781.6K(4096.0M)]
 [Times: user=0.00 sys=0.00, real=0.00 secs] 
2024-10-12T18:58:16.251+0300: 346.541: Total time for which application threads were stopped: 0.0047315 seconds, Stopping threads took: 0.0002410 seconds
2024-10-12T18:58:17.037+0300: 347.318: Application time: 0.7774607 seconds
2024-10-12T18:58:17.037+0300: 347.318: [GC pause (G1 Evacuation Pause) (young), 0.0042437 secs]
   [Parallel Time: 2.5 ms, GC Workers: 6]
      [GC Worker Start (ms): Min: 347318.5, Avg: 347318.6, Max: 347318.7, Diff: 0.2]
      [Ext Root Scanning (ms): Min: 0.2, Avg: 0.3, Max: 0.4, Diff: 0.2, Sum: 2.0]
      [Update RS (ms): Min: 0.1, Avg: 0.1, Max: 0.1, Diff: 0.1, Sum: 0.6]
         [Processed Buffers: Min: 1, Avg: 2.0, Max: 3, Diff: 2, Sum: 12]
      [Scan RS (ms): Min: 0.1, Avg: 0.2, Max: 0.2, Diff: 0.1, Sum: 1.0]
      [Code Root Scanning (ms): Min: 0.0, Avg: 0.0, Max: 0.0, Diff: 0.0, Sum: 0.0]
      [Object Copy (ms): Min: 1.6, Avg: 1.6, Max: 1.7, Diff: 0.1, Sum: 9.7]
      [Termination (ms): Min: 0.0, Avg: 0.0, Max: 0.0, Diff: 0.0, Sum: 0.0]
         [Termination Attempts: Min: 1, Avg: 1.0, Max: 1, Diff: 0, Sum: 6]
      [GC Worker Other (ms): Min: 0.0, Avg: 0.1, Max: 0.1, Diff: 0.1, Sum: 0.5]
      [GC Worker Total (ms): Min: 2.2, Avg: 2.3, Max: 2.4, Diff: 0.2, Sum: 13.9]
      [GC Worker End (ms): Min: 347320.8, Avg: 347320.9, Max: 347321.0, Diff: 0.1]
   [Code Root Fixup: 0.0 ms]
   [Code Root Purge: 0.0 ms]
   [Clear CT: 0.6 ms]
   [Other: 1.1 ms]
      [Choose CSet: 0.0 ms]
      [Ref Proc: 0.2 ms]
      [Ref Enq: 0.0 ms]
      [Redirty Cards: 0.1 ms]
      [Humongous Register: 0.1 ms]
      [Humongous Reclaim: 0.0 ms]
      [Free CSet: 0.7 ms]
   [Eden: 2444.0M(2444.0M)->0.0B(2444.0M) Survivors: 12288.0K->12288.0K Heap: 2475.0M(4096.0M)->32848.7K(4096.0M)]
 [Times: user=0.00 sys=0.00, real=0.00 secs] 
2024-10-12T18:58:17.037+0300: 347.323: Total time for which application threads were stopped: 0.0046389 seconds, Stopping threads took: 0.0001430 seconds
2024-10-12T18:58:17.812+0300: 348.093: Application time: 0.7699621 seconds
2024-10-12T18:58:17.812+0300: 348.093: [GC pause (G1 Evacuation Pause) (young), 0.0031198 secs]
   [Parallel Time: 1.6 ms, GC Workers: 6]
      [GC Worker Start (ms): Min: 348093.1, Avg: 348093.2, Max: 348093.2, Diff: 0.1]
      [Ext Root Scanning (ms): Min: 0.3, Avg: 0.3, Max: 0.4, Diff: 0.1, Sum: 2.0]
      [Update RS (ms): Min: 0.1, Avg: 0.1, Max: 0.1, Diff: 0.1, Sum: 0.6]
         [Processed Buffers: Min: 2, Avg: 2.2, Max: 3, Diff: 1, Sum: 13]
      [Scan RS (ms): Min: 0.1, Avg: 0.2, Max: 0.2, Diff: 0.1, Sum: 1.0]
      [Code Root Scanning (ms): Min: 0.0, Avg: 0.0, Max: 0.0, Diff: 0.0, Sum: 0.0]
      [Object Copy (ms): Min: 0.7, Avg: 0.8, Max: 0.8, Diff: 0.0, Sum: 4.5]
      [Termination (ms): Min: 0.0, Avg: 0.0, Max: 0.0, Diff: 0.0, Sum: 0.0]
         [Termination Attempts: Min: 1, Avg: 1.0, Max: 1, Diff: 0, Sum: 6]
      [GC Worker Other (ms): Min: 0.0, Avg: 0.1, Max: 0.1, Diff: 0.1, Sum: 0.5]
      [GC Worker Total (ms): Min: 1.4, Avg: 1.4, Max: 1.5, Diff: 0.1, Sum: 8.7]
      [GC Worker End (ms): Min: 348094.6, Avg: 348094.6, Max: 348094.6, Diff: 0.1]
   [Code Root Fixup: 0.0 ms]
   [Code Root Purge: 0.0 ms]
   [Clear CT: 0.5 ms]
   [Other: 1.0 ms]
      [Choose CSet: 0.0 ms]
      [Ref Proc: 0.1 ms]
      [Ref Enq: 0.0 ms]
      [Redirty Cards: 0.1 ms]
      [Humongous Register: 0.0 ms]
      [Humongous Reclaim: 0.0 ms]
      [Free CSet: 0.6 ms]
   [Eden: 2444.0M(2444.0M)->0.0B(2448.0M) Survivors: 12288.0K->8192.0K Heap: 2476.1M(4096.0M)->28755.2K(4096.0M)]
 [Times: user=0.00 sys=0.00, real=0.00 secs] 
2024-10-12T18:58:17.812+0300: 348.096: Total time for which application threads were stopped: 0.0035379 seconds, Stopping threads took: 0.0001796 seconds
2024-10-12T18:58:18.592+0300: 348.877: Application time: 0.7803048 seconds
2024-10-12T18:58:18.592+0300: 348.877: [GC pause (G1 Evacuation Pause) (young), 0.0030988 secs]
   [Parallel Time: 1.6 ms, GC Workers: 6]
      [GC Worker Start (ms): Min: 348877.1, Avg: 348877.1, Max: 348877.2, Diff: 0.1]
      [Ext Root Scanning (ms): Min: 0.3, Avg: 0.3, Max: 0.4, Diff: 0.1, Sum: 2.0]
      [Update RS (ms): Min: 0.1, Avg: 0.1, Max: 0.1, Diff: 0.0, Sum: 0.6]
         [Processed Buffers: Min: 1, Avg: 2.2, Max: 3, Diff: 2, Sum: 13]
      [Scan RS (ms): Min: 0.2, Avg: 0.2, Max: 0.2, Diff: 0.0, Sum: 1.0]
      [Code Root Scanning (ms): Min: 0.0, Avg: 0.0, Max: 0.0, Diff: 0.0, Sum: 0.0]
      [Object Copy (ms): Min: 0.7, Avg: 0.7, Max: 0.8, Diff: 0.0, Sum: 4.5]
      [Termination (ms): Min: 0.0, Avg: 0.0, Max: 0.0, Diff: 0.0, Sum: 0.0]
         [Termination Attempts: Min: 1, Avg: 1.3, Max: 2, Diff: 1, Sum: 8]
      [GC Worker Other (ms): Min: 0.0, Avg: 0.1, Max: 0.1, Diff: 0.1, Sum: 0.5]
      [GC Worker Total (ms): Min: 1.4, Avg: 1.5, Max: 1.5, Diff: 0.1, Sum: 8.7]
      [GC Worker End (ms): Min: 348878.5, Avg: 348878.6, Max: 348878.6, Diff: 0.1]
   [Code Root Fixup: 0.0 ms]
   [Code Root Purge: 0.0 ms]
   [Clear CT: 0.5 ms]
   [Other: 1.0 ms]
      [Choose CSet: 0.0 ms]
      [Ref Proc: 0.1 ms]
      [Ref Enq: 0.0 ms]
      [Redirty Cards: 0.1 ms]
      [Humongous Register: 0.1 ms]
      [Humongous Reclaim: 0.0 ms]
      [Free CSet: 0.6 ms]
   [Eden: 2448.0M(2448.0M)->0.0B(2448.0M) Survivors: 8192.0K->8192.0K Heap: 2476.1M(4096.0M)->27733.7K(4096.0M)]
 [Times: user=0.00 sys=0.00, real=0.00 secs] 
2024-10-12T18:58:18.592+0300: 348.880: Total time for which application threads were stopped: 0.0036178 seconds, Stopping threads took: 0.0002577 seconds
2024-10-12T18:58:19.377+0300: 349.664: Application time: 0.7839821 seconds
2024-10-12T18:58:19.377+0300: 349.665: [GC pause (G1 Evacuation Pause) (young), 0.0032905 secs]
   [Parallel Time: 1.6 ms, GC Workers: 6]
      [GC Worker Start (ms): Min: 349664.7, Avg: 349664.8, Max: 349665.1, Diff: 0.4]
      [Ext Root Scanning (ms): Min: 0.0, Avg: 0.3, Max: 0.4, Diff: 0.4, Sum: 1.9]
      [Update RS (ms): Min: 0.1, Avg: 0.1, Max: 0.1, Diff: 0.1, Sum: 0.6]
         [Processed Buffers: Min: 1, Avg: 2.2, Max: 3, Diff: 2, Sum: 13]
      [Scan RS (ms): Min: 0.2, Avg: 0.2, Max: 0.2, Diff: 0.0, Sum: 1.1]
      [Code Root Scanning (ms): Min: 0.0, Avg: 0.0, Max: 0.0, Diff: 0.0, Sum: 0.0]
      [Object Copy (ms): Min: 0.7, Avg: 0.7, Max: 0.8, Diff: 0.0, Sum: 4.5]
      [Termination (ms): Min: 0.0, Avg: 0.0, Max: 0.0, Diff: 0.0, Sum: 0.0]
         [Termination Attempts: Min: 1, Avg: 1.2, Max: 2, Diff: 1, Sum: 7]
      [GC Worker Other (ms): Min: 0.0, Avg: 0.1, Max: 0.1, Diff: 0.1, Sum: 0.5]
      [GC Worker Total (ms): Min: 1.1, Avg: 1.4, Max: 1.6, Diff: 0.4, Sum: 8.7]
      [GC Worker End (ms): Min: 349666.1, Avg: 349666.2, Max: 349666.2, Diff: 0.1]
   [Code Root Fixup: 0.0 ms]
   [Code Root Purge: 0.0 ms]
   [Clear CT: 0.5 ms]
   [Other: 1.2 ms]
      [Choose CSet: 0.0 ms]
      [Ref Proc: 0.1 ms]
      [Ref Enq: 0.0 ms]
      [Redirty Cards: 0.1 ms]
      [Humongous Register: 0.1 ms]
      [Humongous Reclaim: 0.0 ms]
      [Free CSet: 0.7 ms]
   [Eden: 2448.0M(2448.0M)->0.0B(2448.0M) Survivors: 8192.0K->8192.0K Heap: 2475.1M(4096.0M)->27685.5K(4096.0M)]
 [Times: user=0.00 sys=0.00, real=0.00 secs] 
2024-10-12T18:58:19.377+0300: 349.668: Total time for which application threads were stopped: 0.0037475 seconds, Stopping threads took: 0.0001821 seconds
2024-10-12T18:58:20.162+0300: 350.449: Application time: 0.7814684 seconds
2024-10-12T18:58:20.162+0300: 350.450: [GC pause (G1 Evacuation Pause) (young), 0.0033884 secs]
   [Parallel Time: 1.7 ms, GC Workers: 6]
      [GC Worker Start (ms): Min: 350449.9, Avg: 350450.0, Max: 350450.0, Diff: 0.1]
      [Ext Root Scanning (ms): Min: 0.3, Avg: 0.3, Max: 0.4, Diff: 0.1, Sum: 2.0]
      [Update RS (ms): Min: 0.1, Avg: 0.1, Max: 0.1, Diff: 0.1, Sum: 0.6]
         [Processed Buffers: Min: 1, Avg: 2.2, Max: 3, Diff: 2, Sum: 13]
      [Scan RS (ms): Min: 0.2, Avg: 0.2, Max: 0.2, Diff: 0.0, Sum: 1.0]
      [Code Root Scanning (ms): Min: 0.0, Avg: 0.0, Max: 0.0, Diff: 0.0, Sum: 0.0]
      [Object Copy (ms): Min: 0.7, Avg: 0.8, Max: 0.8, Diff: 0.0, Sum: 4.6]
      [Termination (ms): Min: 0.0, Avg: 0.0, Max: 0.0, Diff: 0.0, Sum: 0.0]
         [Termination Attempts: Min: 1, Avg: 2.2, Max: 4, Diff: 3, Sum: 13]
      [GC Worker Other (ms): Min: 0.1, Avg: 0.1, Max: 0.2, Diff: 0.1, Sum: 0.8]
      [GC Worker Total (ms): Min: 1.5, Avg: 1.5, Max: 1.6, Diff: 0.1, Sum: 9.1]
      [GC Worker End (ms): Min: 350451.4, Avg: 350451.5, Max: 350451.5, Diff: 0.1]
   [Code Root Fixup: 0.0 ms]
   [Code Root Purge: 0.0 ms]
   [Clear CT: 0.5 ms]
   [Other: 1.1 ms]
      [Choose CSet: 0.0 ms]
      [Ref Proc: 0.1 ms]
      [Ref Enq: 0.0 ms]
      [Redirty Cards: 0.1 ms]
      [Humongous Register: 0.1 ms]
      [Humongous Reclaim: 0.0 ms]
      [Free CSet: 0.7 ms]
   [Eden: 2448.0M(2448.0M)->0.0B(2446.0M) Survivors: 8192.0K->10240.0K Heap: 2475.0M(4096.0M)->30665.5K(4096.0M)]
 [Times: user=0.02 sys=0.00, real=0.00 secs] 
2024-10-12T18:58:20.162+0300: 350.453: Total time for which application threads were stopped: 0.0039080 seconds, Stopping threads took: 0.0002537 seconds
2024-10-12T18:58:20.948+0300: 351.230: Application time: 0.7770414 seconds
2024-10-12T18:58:20.948+0300: 351.231: [GC pause (G1 Evacuation Pause) (young), 0.0034674 secs]
   [Parallel Time: 1.7 ms, GC Workers: 6]
      [GC Worker Start (ms): Min: 351230.8, Avg: 351230.8, Max: 351231.0, Diff: 0.2]
      [Ext Root Scanning (ms): Min: 0.2, Avg: 0.3, Max: 0.4, Diff: 0.2, Sum: 1.9]
      [Update RS (ms): Min: 0.1, Avg: 0.1, Max: 0.1, Diff: 0.0, Sum: 0.6]
         [Processed Buffers: Min: 2, Avg: 2.2, Max: 3, Diff: 1, Sum: 13]
      [Scan RS (ms): Min: 0.2, Avg: 0.2, Max: 0.2, Diff: 0.0, Sum: 1.0]
      [Code Root Scanning (ms): Min: 0.0, Avg: 0.0, Max: 0.0, Diff: 0.0, Sum: 0.0]
      [Object Copy (ms): Min: 0.8, Avg: 0.8, Max: 0.9, Diff: 0.0, Sum: 5.0]
      [Termination (ms): Min: 0.0, Avg: 0.0, Max: 0.0, Diff: 0.0, Sum: 0.0]
         [Termination Attempts: Min: 1, Avg: 1.3, Max: 3, Diff: 2, Sum: 8]
      [GC Worker Other (ms): Min: 0.0, Avg: 0.1, Max: 0.2, Diff: 0.1, Sum: 0.6]
      [GC Worker Total (ms): Min: 1.4, Avg: 1.5, Max: 1.6, Diff: 0.2, Sum: 9.2]
      [GC Worker End (ms): Min: 351232.3, Avg: 351232.4, Max: 351232.4, Diff: 0.1]
   [Code Root Fixup: 0.0 ms]
   [Code Root Purge: 0.0 ms]
   [Clear CT: 0.5 ms]
   [Other: 1.2 ms]
      [Choose CSet: 0.0 ms]
      [Ref Proc: 0.2 ms]
      [Ref Enq: 0.0 ms]
      [Redirty Cards: 0.1 ms]
      [Humongous Register: 0.1 ms]
      [Humongous Reclaim: 0.0 ms]
      [Free CSet: 0.7 ms]
   [Eden: 2446.0M(2446.0M)->0.0B(2446.0M) Survivors: 10240.0K->10240.0K Heap: 2475.9M(4096.0M)->29358.4K(4096.0M)]
 [Times: user=0.00 sys=0.00, real=0.00 secs] 
2024-10-12T18:58:20.948+0300: 351.234: Total time for which application threads were stopped: 0.0038588 seconds, Stopping threads took: 0.0001466 seconds
2024-10-12T18:58:21.722+0300: 352.007: Application time: 0.7731404 seconds
2024-10-12T18:58:21.722+0300: 352.008: [GC pause (G1 Evacuation Pause) (young), 0.0036748 secs]
   [Parallel Time: 2.1 ms, GC Workers: 6]
      [GC Worker Start (ms): Min: 352007.7, Avg: 352007.8, Max: 352008.1, Diff: 0.4]
      [Ext Root Scanning (ms): Min: 0.0, Avg: 0.3, Max: 0.4, Diff: 0.4, Sum: 1.8]
      [Update RS (ms): Min: 0.0, Avg: 0.1, Max: 0.1, Diff: 0.1, Sum: 0.6]
         [Processed Buffers: Min: 0, Avg: 2.2, Max: 4, Diff: 4, Sum: 13]
      [Scan RS (ms): Min: 0.0, Avg: 0.2, Max: 0.2, Diff: 0.2, Sum: 1.1]
      [Code Root Scanning (ms): Min: 0.0, Avg: 0.0, Max: 0.0, Diff: 0.0, Sum: 0.0]
      [Object Copy (ms): Min: 1.1, Avg: 1.2, Max: 1.5, Diff: 0.4, Sum: 7.4]
      [Termination (ms): Min: 0.0, Avg: 0.0, Max: 0.0, Diff: 0.0, Sum: 0.0]
         [Termination Attempts: Min: 1, Avg: 1.0, Max: 1, Diff: 0, Sum: 6]
      [GC Worker Other (ms): Min: 0.0, Avg: 0.1, Max: 0.1, Diff: 0.1, Sum: 0.6]
      [GC Worker Total (ms): Min: 1.6, Avg: 1.9, Max: 2.0, Diff: 0.4, Sum: 11.6]
      [GC Worker End (ms): Min: 352009.7, Avg: 352009.7, Max: 352009.8, Diff: 0.1]
   [Code Root Fixup: 0.0 ms]
   [Code Root Purge: 0.0 ms]
   [Clear CT: 0.5 ms]
   [Other: 1.1 ms]
      [Choose CSet: 0.0 ms]
      [Ref Proc: 0.1 ms]
      [Ref Enq: 0.0 ms]
      [Redirty Cards: 0.1 ms]
      [Humongous Register: 0.0 ms]
      [Humongous Reclaim: 0.0 ms]
      [Free CSet: 0.7 ms]
   [Eden: 2446.0M(2446.0M)->0.0B(2444.0M) Survivors: 10240.0K->12288.0K Heap: 2474.7M(4096.0M)->31769.9K(4096.0M)]
 [Times: user=0.00 sys=0.00, real=0.00 secs] 
2024-10-12T18:58:21.722+0300: 352.011: Total time for which application threads were stopped: 0.0040406 seconds, Stopping threads took: 0.0001400 seconds
2024-10-12T18:58:22.503+0300: 352.789: Application time: 0.7773856 seconds
2024-10-12T18:58:22.503+0300: 352.789: [GC pause (G1 Evacuation Pause) (young), 0.0031343 secs]
   [Parallel Time: 1.6 ms, GC Workers: 6]
      [GC Worker Start (ms): Min: 352789.2, Avg: 352789.2, Max: 352789.2, Diff: 0.1]
      [Ext Root Scanning (ms): Min: 0.3, Avg: 0.3, Max: 0.4, Diff: 0.1, Sum: 2.1]
      [Update RS (ms): Min: 0.1, Avg: 0.1, Max: 0.1, Diff: 0.1, Sum: 0.6]
         [Processed Buffers: Min: 1, Avg: 2.0, Max: 3, Diff: 2, Sum: 12]
      [Scan RS (ms): Min: 0.1, Avg: 0.2, Max: 0.2, Diff: 0.1, Sum: 1.1]
      [Code Root Scanning (ms): Min: 0.0, Avg: 0.0, Max: 0.0, Diff: 0.0, Sum: 0.0]
      [Object Copy (ms): Min: 0.8, Avg: 0.8, Max: 0.8, Diff: 0.1, Sum: 4.8]
      [Termination (ms): Min: 0.0, Avg: 0.0, Max: 0.0, Diff: 0.0, Sum: 0.0]
         [Termination Attempts: Min: 1, Avg: 1.3, Max: 2, Diff: 1, Sum: 8]
      [GC Worker Other (ms): Min: 0.0, Avg: 0.1, Max: 0.1, Diff: 0.1, Sum: 0.5]
      [GC Worker Total (ms): Min: 1.5, Avg: 1.5, Max: 1.6, Diff: 0.1, Sum: 9.0]
      [GC Worker End (ms): Min: 352790.7, Avg: 352790.7, Max: 352790.8, Diff: 0.1]
   [Code Root Fixup: 0.0 ms]
   [Code Root Purge: 0.0 ms]
   [Clear CT: 0.5 ms]
   [Other: 1.0 ms]
      [Choose CSet: 0.0 ms]
      [Ref Proc: 0.1 ms]
      [Ref Enq: 0.0 ms]
      [Redirty Cards: 0.1 ms]
      [Humongous Register: 0.0 ms]
      [Humongous Reclaim: 0.0 ms]
      [Free CSet: 0.6 ms]
   [Eden: 2444.0M(2444.0M)->0.0B(2448.0M) Survivors: 12288.0K->8192.0K Heap: 2475.0M(4096.0M)->28770.2K(4096.0M)]
 [Times: user=0.00 sys=0.00, real=0.00 secs] 
2024-10-12T18:58:22.503+0300: 352.792: Total time for which application threads were stopped: 0.0035260 seconds, Stopping threads took: 0.0001661 seconds
2024-10-12T18:58:23.289+0300: 353.575: Application time: 0.7830597 seconds
2024-10-12T18:58:23.289+0300: 353.576: [GC pause (G1 Evacuation Pause) (young), 0.0032118 secs]
   [Parallel Time: 1.7 ms, GC Workers: 6]
      [GC Worker Start (ms): Min: 353575.8, Avg: 353575.9, Max: 353576.3, Diff: 0.5]
      [Ext Root Scanning (ms): Min: 0.0, Avg: 0.3, Max: 0.4, Diff: 0.4, Sum: 2.0]
      [Update RS (ms): Min: 0.1, Avg: 0.1, Max: 0.2, Diff: 0.1, Sum: 0.6]
         [Processed Buffers: Min: 1, Avg: 2.2, Max: 3, Diff: 2, Sum: 13]
      [Scan RS (ms): Min: 0.2, Avg: 0.2, Max: 0.2, Diff: 0.0, Sum: 1.1]
      [Code Root Scanning (ms): Min: 0.0, Avg: 0.0, Max: 0.0, Diff: 0.0, Sum: 0.0]
      [Object Copy (ms): Min: 0.7, Avg: 0.8, Max: 0.8, Diff: 0.1, Sum: 4.7]
      [Termination (ms): Min: 0.0, Avg: 0.0, Max: 0.0, Diff: 0.0, Sum: 0.0]
         [Termination Attempts: Min: 1, Avg: 1.0, Max: 1, Diff: 0, Sum: 6]
      [GC Worker Other (ms): Min: 0.0, Avg: 0.1, Max: 0.1, Diff: 0.1, Sum: 0.5]
      [GC Worker Total (ms): Min: 1.1, Avg: 1.5, Max: 1.6, Diff: 0.5, Sum: 9.0]
      [GC Worker End (ms): Min: 353577.4, Avg: 353577.4, Max: 353577.5, Diff: 0.1]
   [Code Root Fixup: 0.0 ms]
   [Code Root Purge: 0.0 ms]
   [Clear CT: 0.5 ms]
   [Other: 1.0 ms]
      [Choose CSet: 0.0 ms]
      [Ref Proc: 0.1 ms]
      [Ref Enq: 0.0 ms]
      [Redirty Cards: 0.1 ms]
      [Humongous Register: 0.1 ms]
      [Humongous Reclaim: 0.0 ms]
      [Free CSet: 0.6 ms]
   [Eden: 2448.0M(2448.0M)->0.0B(2446.0M) Survivors: 8192.0K->10240.0K Heap: 2476.1M(4096.0M)->29754.2K(4096.0M)]
 [Times: user=0.00 sys=0.00, real=0.00 secs] 
2024-10-12T18:58:23.289+0300: 353.579: Total time for which application threads were stopped: 0.0036448 seconds, Stopping threads took: 0.0001751 seconds
2024-10-12T18:58:24.074+0300: 354.358: Application time: 0.7790372 seconds
2024-10-12T18:58:24.074+0300: 354.358: [GC pause (G1 Evacuation Pause) (young), 0.0033460 secs]
   [Parallel Time: 1.6 ms, GC Workers: 6]
      [GC Worker Start (ms): Min: 354358.5, Avg: 354358.5, Max: 354358.5, Diff: 0.1]
      [Ext Root Scanning (ms): Min: 0.3, Avg: 0.3, Max: 0.4, Diff: 0.1, Sum: 2.0]
      [Update RS (ms): Min: 0.0, Avg: 0.1, Max: 0.1, Diff: 0.1, Sum: 0.6]
         [Processed Buffers: Min: 0, Avg: 2.2, Max: 3, Diff: 3, Sum: 13]
      [Scan RS (ms): Min: 0.2, Avg: 0.2, Max: 0.2, Diff: 0.0, Sum: 1.0]
      [Code Root Scanning (ms): Min: 0.0, Avg: 0.0, Max: 0.0, Diff: 0.0, Sum: 0.0]
      [Object Copy (ms): Min: 0.7, Avg: 0.8, Max: 0.9, Diff: 0.1, Sum: 4.6]
      [Termination (ms): Min: 0.0, Avg: 0.0, Max: 0.0, Diff: 0.0, Sum: 0.0]
         [Termination Attempts: Min: 1, Avg: 1.0, Max: 1, Diff: 0, Sum: 6]
      [GC Worker Other (ms): Min: 0.0, Avg: 0.1, Max: 0.2, Diff: 0.1, Sum: 0.7]
      [GC Worker Total (ms): Min: 1.4, Avg: 1.5, Max: 1.5, Diff: 0.1, Sum: 8.9]
      [GC Worker End (ms): Min: 354359.9, Avg: 354360.0, Max: 354360.1, Diff: 0.1]
   [Code Root Fixup: 0.0 ms]
   [Code Root Purge: 0.0 ms]
   [Clear CT: 0.6 ms]
   [Other: 1.2 ms]
      [Choose CSet: 0.0 ms]
      [Ref Proc: 0.2 ms]
      [Ref Enq: 0.0 ms]
      [Redirty Cards: 0.1 ms]
      [Humongous Register: 0.1 ms]
      [Humongous Reclaim: 0.0 ms]
      [Free CSet: 0.7 ms]
   [Eden: 2446.0M(2446.0M)->0.0B(2446.0M) Survivors: 10240.0K->10240.0K Heap: 2475.1M(4096.0M)->29720.2K(4096.0M)]
 [Times: user=0.00 sys=0.00, real=0.00 secs] 
2024-10-12T18:58:24.074+0300: 354.362: Total time for which application threads were stopped: 0.0037489 seconds, Stopping threads took: 0.0001405 seconds
2024-10-12T18:58:24.843+0300: 355.134: Application time: 0.7716682 seconds
2024-10-12T18:58:24.843+0300: 355.134: [GC pause (G1 Evacuation Pause) (young), 0.0031212 secs]
   [Parallel Time: 1.6 ms, GC Workers: 6]
      [GC Worker Start (ms): Min: 355133.9, Avg: 355134.0, Max: 355134.3, Diff: 0.4]
      [Ext Root Scanning (ms): Min: 0.0, Avg: 0.3, Max: 0.4, Diff: 0.4, Sum: 1.9]
      [Update RS (ms): Min: 0.1, Avg: 0.1, Max: 0.1, Diff: 0.0, Sum: 0.6]
         [Processed Buffers: Min: 1, Avg: 2.2, Max: 3, Diff: 2, Sum: 13]
      [Scan RS (ms): Min: 0.2, Avg: 0.2, Max: 0.2, Diff: 0.0, Sum: 1.0]
      [Code Root Scanning (ms): Min: 0.0, Avg: 0.0, Max: 0.0, Diff: 0.0, Sum: 0.0]
      [Object Copy (ms): Min: 0.7, Avg: 0.8, Max: 0.8, Diff: 0.1, Sum: 4.6]
      [Termination (ms): Min: 0.0, Avg: 0.0, Max: 0.0, Diff: 0.0, Sum: 0.0]
         [Termination Attempts: Min: 1, Avg: 2.8, Max: 5, Diff: 4, Sum: 17]
      [GC Worker Other (ms): Min: 0.0, Avg: 0.1, Max: 0.1, Diff: 0.1, Sum: 0.5]
      [GC Worker Total (ms): Min: 1.2, Avg: 1.4, Max: 1.6, Diff: 0.4, Sum: 8.7]
      [GC Worker End (ms): Min: 355135.4, Avg: 355135.4, Max: 355135.4, Diff: 0.1]
   [Code Root Fixup: 0.0 ms]
   [Code Root Purge: 0.0 ms]
   [Clear CT: 0.5 ms]
   [Other: 1.0 ms]
      [Choose CSet: 0.0 ms]
      [Ref Proc: 0.1 ms]
      [Ref Enq: 0.0 ms]
      [Redirty Cards: 0.1 ms]
      [Humongous Register: 0.0 ms]
      [Humongous Reclaim: 0.0 ms]
      [Free CSet: 0.6 ms]
   [Eden: 2446.0M(2446.0M)->0.0B(2448.0M) Survivors: 10240.0K->8192.0K Heap: 2475.0M(4096.0M)->28604.0K(4096.0M)]
 [Times: user=0.00 sys=0.00, real=0.00 secs] 
2024-10-12T18:58:24.843+0300: 355.137: Total time for which application threads were stopped: 0.0035061 seconds, Stopping threads took: 0.0001618 seconds
2024-10-12T18:58:25.631+0300: 355.916: Application time: 0.7791686 seconds
2024-10-12T18:58:25.631+0300: 355.917: [GC pause (G1 Evacuation Pause) (young), 0.0040337 secs]
   [Parallel Time: 2.4 ms, GC Workers: 6]
      [GC Worker Start (ms): Min: 355916.6, Avg: 355916.7, Max: 355917.0, Diff: 0.4]
      [Ext Root Scanning (ms): Min: 0.0, Avg: 0.3, Max: 0.4, Diff: 0.4, Sum: 1.9]
      [Update RS (ms): Min: 0.1, Avg: 0.1, Max: 0.1, Diff: 0.1, Sum: 0.6]
         [Processed Buffers: Min: 1, Avg: 2.2, Max: 3, Diff: 2, Sum: 13]
      [Scan RS (ms): Min: 0.2, Avg: 0.2, Max: 0.2, Diff: 0.0, Sum: 1.0]
      [Code Root Scanning (ms): Min: 0.0, Avg: 0.0, Max: 0.0, Diff: 0.0, Sum: 0.0]
      [Object Copy (ms): Min: 1.4, Avg: 1.4, Max: 1.5, Diff: 0.1, Sum: 8.5]
      [Termination (ms): Min: 0.0, Avg: 0.0, Max: 0.0, Diff: 0.0, Sum: 0.0]
         [Termination Attempts: Min: 1, Avg: 2.3, Max: 5, Diff: 4, Sum: 14]
      [GC Worker Other (ms): Min: 0.0, Avg: 0.1, Max: 0.2, Diff: 0.2, Sum: 0.6]
      [GC Worker Total (ms): Min: 1.9, Avg: 2.1, Max: 2.2, Diff: 0.4, Sum: 12.6]
      [GC Worker End (ms): Min: 355918.7, Avg: 355918.8, Max: 355918.9, Diff: 0.2]
   [Code Root Fixup: 0.0 ms]
   [Code Root Purge: 0.0 ms]
   [Clear CT: 0.6 ms]
   [Other: 1.0 ms]
      [Choose CSet: 0.0 ms]
      [Ref Proc: 0.1 ms]
      [Ref Enq: 0.0 ms]
      [Redirty Cards: 0.1 ms]
      [Humongous Register: 0.0 ms]
      [Humongous Reclaim: 0.0 ms]
      [Free CSet: 0.7 ms]
   [Eden: 2448.0M(2448.0M)->0.0B(2444.0M) Survivors: 8192.0K->12288.0K Heap: 2475.9M(4096.0M)->32687.0K(4096.0M)]
 [Times: user=0.00 sys=0.00, real=0.00 secs] 
2024-10-12T18:58:25.631+0300: 355.921: Total time for which application threads were stopped: 0.0045269 seconds, Stopping threads took: 0.0002052 seconds
2024-10-12T18:58:26.413+0300: 356.695: Application time: 0.7740465 seconds
2024-10-12T18:58:26.413+0300: 356.695: [GC pause (G1 Evacuation Pause) (young), 0.0031707 secs]
   [Parallel Time: 1.7 ms, GC Workers: 6]
      [GC Worker Start (ms): Min: 356695.2, Avg: 356695.2, Max: 356695.4, Diff: 0.2]
      [Ext Root Scanning (ms): Min: 0.2, Avg: 0.4, Max: 0.4, Diff: 0.2, Sum: 2.1]
      [Update RS (ms): Min: 0.1, Avg: 0.1, Max: 0.1, Diff: 0.1, Sum: 0.6]
         [Processed Buffers: Min: 1, Avg: 2.2, Max: 3, Diff: 2, Sum: 13]
      [Scan RS (ms): Min: 0.2, Avg: 0.2, Max: 0.2, Diff: 0.1, Sum: 1.1]
      [Code Root Scanning (ms): Min: 0.0, Avg: 0.0, Max: 0.0, Diff: 0.0, Sum: 0.0]
      [Object Copy (ms): Min: 0.7, Avg: 0.8, Max: 0.8, Diff: 0.1, Sum: 4.8]
      [Termination (ms): Min: 0.0, Avg: 0.0, Max: 0.0, Diff: 0.0, Sum: 0.0]
         [Termination Attempts: Min: 1, Avg: 2.7, Max: 5, Diff: 4, Sum: 16]
      [GC Worker Other (ms): Min: 0.0, Avg: 0.1, Max: 0.1, Diff: 0.1, Sum: 0.5]
      [GC Worker Total (ms): Min: 1.3, Avg: 1.5, Max: 1.6, Diff: 0.2, Sum: 9.1]
      [GC Worker End (ms): Min: 356696.7, Avg: 356696.8, Max: 356696.8, Diff: 0.1]
   [Code Root Fixup: 0.0 ms]
   [Code Root Purge: 0.0 ms]
   [Clear CT: 0.5 ms]
   [Other: 1.0 ms]
      [Choose CSet: 0.0 ms]
      [Ref Proc: 0.1 ms]
      [Ref Enq: 0.0 ms]
      [Redirty Cards: 0.1 ms]
      [Humongous Register: 0.1 ms]
      [Humongous Reclaim: 0.0 ms]
      [Free CSet: 0.6 ms]
   [Eden: 2444.0M(2444.0M)->0.0B(2448.0M) Survivors: 12288.0K->8192.0K Heap: 2475.9M(4096.0M)->28782.7K(4096.0M)]
 [Times: user=0.00 sys=0.00, real=0.00 secs] 
2024-10-12T18:58:26.413+0300: 356.698: Total time for which application threads were stopped: 0.0036011 seconds, Stopping threads took: 0.0001677 seconds
2024-10-12T18:58:27.199+0300: 357.481: Application time: 0.7821396 seconds
2024-10-12T18:58:27.199+0300: 357.481: [GC pause (G1 Evacuation Pause) (young), 0.0034769 secs]
   [Parallel Time: 2.0 ms, GC Workers: 6]
      [GC Worker Start (ms): Min: 357480.9, Avg: 357480.9, Max: 357480.9, Diff: 0.1]
      [Ext Root Scanning (ms): Min: 0.3, Avg: 0.3, Max: 0.4, Diff: 0.1, Sum: 2.0]
      [Update RS (ms): Min: 0.0, Avg: 0.1, Max: 0.2, Diff: 0.2, Sum: 0.6]
         [Processed Buffers: Min: 0, Avg: 2.2, Max: 5, Diff: 5, Sum: 13]
      [Scan RS (ms): Min: 0.0, Avg: 0.2, Max: 0.2, Diff: 0.2, Sum: 1.0]
      [Code Root Scanning (ms): Min: 0.0, Avg: 0.0, Max: 0.0, Diff: 0.0, Sum: 0.0]
      [Object Copy (ms): Min: 1.0, Avg: 1.2, Max: 1.4, Diff: 0.4, Sum: 7.1]
      [Termination (ms): Min: 0.0, Avg: 0.0, Max: 0.0, Diff: 0.0, Sum: 0.0]
         [Termination Attempts: Min: 1, Avg: 1.5, Max: 2, Diff: 1, Sum: 9]
      [GC Worker Other (ms): Min: 0.0, Avg: 0.1, Max: 0.1, Diff: 0.1, Sum: 0.5]
      [GC Worker Total (ms): Min: 1.8, Avg: 1.9, Max: 1.9, Diff: 0.1, Sum: 11.3]
      [GC Worker End (ms): Min: 357482.7, Avg: 357482.8, Max: 357482.8, Diff: 0.1]
   [Code Root Fixup: 0.0 ms]
   [Code Root Purge: 0.0 ms]
   [Clear CT: 0.5 ms]
   [Other: 1.0 ms]
      [Choose CSet: 0.0 ms]
      [Ref Proc: 0.1 ms]
      [Ref Enq: 0.0 ms]
      [Redirty Cards: 0.1 ms]
      [Humongous Register: 0.0 ms]
      [Humongous Reclaim: 0.0 ms]
      [Free CSet: 0.7 ms]
   [Eden: 2448.0M(2448.0M)->0.0B(2446.0M) Survivors: 8192.0K->10240.0K Heap: 2476.1M(4096.0M)->30830.1K(4096.0M)]
 [Times: user=0.00 sys=0.00, real=0.00 secs] 
2024-10-12T18:58:27.199+0300: 357.484: Total time for which application threads were stopped: 0.0038856 seconds, Stopping threads took: 0.0001800 seconds
2024-10-12T18:58:27.983+0300: 358.264: Application time: 0.7793822 seconds
2024-10-12T18:58:27.983+0300: 358.264: [GC pause (G1 Evacuation Pause) (young), 0.0034165 secs]
   [Parallel Time: 1.7 ms, GC Workers: 6]
      [GC Worker Start (ms): Min: 358264.2, Avg: 358264.2, Max: 358264.2, Diff: 0.0]
      [Ext Root Scanning (ms): Min: 0.3, Avg: 0.3, Max: 0.3, Diff: 0.0, Sum: 1.8]
      [Update RS (ms): Min: 0.0, Avg: 0.1, Max: 0.1, Diff: 0.1, Sum: 0.5]
         [Processed Buffers: Min: 0, Avg: 2.2, Max: 5, Diff: 5, Sum: 13]
      [Scan RS (ms): Min: 0.0, Avg: 0.2, Max: 0.2, Diff: 0.2, Sum: 0.9]
      [Code Root Scanning (ms): Min: 0.0, Avg: 0.0, Max: 0.0, Diff: 0.0, Sum: 0.0]
      [Object Copy (ms): Min: 0.8, Avg: 1.0, Max: 1.2, Diff: 0.3, Sum: 5.7]
      [Termination (ms): Min: 0.0, Avg: 0.0, Max: 0.0, Diff: 0.0, Sum: 0.0]
         [Termination Attempts: Min: 1, Avg: 2.7, Max: 5, Diff: 4, Sum: 16]
      [GC Worker Other (ms): Min: 0.0, Avg: 0.1, Max: 0.1, Diff: 0.1, Sum: 0.5]
      [GC Worker Total (ms): Min: 1.5, Avg: 1.6, Max: 1.7, Diff: 0.1, Sum: 9.5]
      [GC Worker End (ms): Min: 358265.7, Avg: 358265.8, Max: 358265.8, Diff: 0.1]
   [Code Root Fixup: 0.0 ms]
   [Code Root Purge: 0.0 ms]
   [Clear CT: 0.6 ms]
   [Other: 1.1 ms]
      [Choose CSet: 0.0 ms]
      [Ref Proc: 0.2 ms]
      [Ref Enq: 0.0 ms]
      [Redirty Cards: 0.1 ms]
      [Humongous Register: 0.0 ms]
      [Humongous Reclaim: 0.0 ms]
      [Free CSet: 0.7 ms]
   [Eden: 2446.0M(2446.0M)->0.0B(2448.0M) Survivors: 10240.0K->8192.0K Heap: 2476.1M(4096.0M)->28571.8K(4096.0M)]
 [Times: user=0.00 sys=0.00, real=0.00 secs] 
2024-10-12T18:58:27.983+0300: 358.268: Total time for which application threads were stopped: 0.0038001 seconds, Stopping threads took: 0.0001570 seconds
2024-10-12T18:58:28.753+0300: 359.040: Application time: 0.7719888 seconds
2024-10-12T18:58:28.753+0300: 359.040: [GC pause (G1 Evacuation Pause) (young), 0.0032791 secs]
   [Parallel Time: 1.7 ms, GC Workers: 6]
      [GC Worker Start (ms): Min: 359039.9, Avg: 359040.0, Max: 359040.0, Diff: 0.0]
      [Ext Root Scanning (ms): Min: 0.3, Avg: 0.3, Max: 0.3, Diff: 0.1, Sum: 1.9]
      [Update RS (ms): Min: 0.1, Avg: 0.2, Max: 0.3, Diff: 0.3, Sum: 0.9]
         [Processed Buffers: Min: 1, Avg: 2.2, Max: 4, Diff: 3, Sum: 13]
      [Scan RS (ms): Min: 0.0, Avg: 0.2, Max: 0.2, Diff: 0.2, Sum: 1.0]
      [Code Root Scanning (ms): Min: 0.0, Avg: 0.0, Max: 0.0, Diff: 0.0, Sum: 0.0]
      [Object Copy (ms): Min: 0.9, Avg: 0.9, Max: 0.9, Diff: 0.1, Sum: 5.3]
      [Termination (ms): Min: 0.0, Avg: 0.0, Max: 0.0, Diff: 0.0, Sum: 0.0]
         [Termination Attempts: Min: 1, Avg: 2.3, Max: 5, Diff: 4, Sum: 14]
      [GC Worker Other (ms): Min: 0.0, Avg: 0.1, Max: 0.1, Diff: 0.1, Sum: 0.6]
      [GC Worker Total (ms): Min: 1.6, Avg: 1.6, Max: 1.7, Diff: 0.1, Sum: 9.8]
      [GC Worker End (ms): Min: 359041.5, Avg: 359041.6, Max: 359041.6, Diff: 0.1]
   [Code Root Fixup: 0.0 ms]
   [Code Root Purge: 0.0 ms]
   [Clear CT: 0.5 ms]
   [Other: 1.0 ms]
      [Choose CSet: 0.0 ms]
      [Ref Proc: 0.1 ms]
      [Ref Enq: 0.0 ms]
      [Redirty Cards: 0.1 ms]
      [Humongous Register: 0.0 ms]
      [Humongous Reclaim: 0.0 ms]
      [Free CSet: 0.6 ms]
   [Eden: 2448.0M(2448.0M)->0.0B(2446.0M) Survivors: 8192.0K->10240.0K Heap: 2475.9M(4096.0M)->30543.1K(4096.0M)]
 [Times: user=0.00 sys=0.00, real=0.00 secs] 
2024-10-12T18:58:28.753+0300: 359.043: Total time for which application threads were stopped: 0.0036766 seconds, Stopping threads took: 0.0001521 seconds
2024-10-12T18:58:29.540+0300: 359.820: Application time: 0.7765762 seconds
2024-10-12T18:58:29.540+0300: 359.820: [GC pause (G1 Evacuation Pause) (young), 0.0036837 secs]
   [Parallel Time: 2.1 ms, GC Workers: 6]
      [GC Worker Start (ms): Min: 359820.2, Avg: 359820.2, Max: 359820.2, Diff: 0.0]
      [Ext Root Scanning (ms): Min: 0.3, Avg: 0.3, Max: 0.3, Diff: 0.1, Sum: 1.9]
      [Update RS (ms): Min: 0.1, Avg: 0.1, Max: 0.1, Diff: 0.0, Sum: 0.6]
         [Processed Buffers: Min: 1, Avg: 2.2, Max: 3, Diff: 2, Sum: 13]
      [Scan RS (ms): Min: 0.1, Avg: 0.2, Max: 0.2, Diff: 0.0, Sum: 1.0]
      [Code Root Scanning (ms): Min: 0.0, Avg: 0.0, Max: 0.0, Diff: 0.0, Sum: 0.0]
      [Object Copy (ms): Min: 1.3, Avg: 1.4, Max: 1.4, Diff: 0.0, Sum: 8.2]
      [Termination (ms): Min: 0.0, Avg: 0.0, Max: 0.0, Diff: 0.0, Sum: 0.0]
         [Termination Attempts: Min: 1, Avg: 1.0, Max: 1, Diff: 0, Sum: 6]
      [GC Worker Other (ms): Min: 0.0, Avg: 0.1, Max: 0.1, Diff: 0.1, Sum: 0.5]
      [GC Worker Total (ms): Min: 2.0, Avg: 2.0, Max: 2.1, Diff: 0.1, Sum: 12.2]
      [GC Worker End (ms): Min: 359822.2, Avg: 359822.2, Max: 359822.3, Diff: 0.1]
   [Code Root Fixup: 0.0 ms]
   [Code Root Purge: 0.0 ms]
   [Clear CT: 0.5 ms]
   [Other: 1.0 ms]
      [Choose CSet: 0.0 ms]
      [Ref Proc: 0.1 ms]
      [Ref Enq: 0.0 ms]
      [Redirty Cards: 0.1 ms]
      [Humongous Register: 0.0 ms]
      [Humongous Reclaim: 0.0 ms]
      [Free CSet: 0.7 ms]
   [Eden: 2446.0M(2446.0M)->0.0B(2444.0M) Survivors: 10240.0K->12288.0K Heap: 2475.8M(4096.0M)->31825.8K(4096.0M)]
 [Times: user=0.00 sys=0.00, real=0.00 secs] 
2024-10-12T18:58:29.540+0300: 359.824: Total time for which application threads were stopped: 0.0040652 seconds, Stopping threads took: 0.0001572 seconds
2024-10-12T18:58:30.322+0300: 360.603: Application time: 0.7788302 seconds
2024-10-12T18:58:30.322+0300: 360.603: [GC pause (G1 Evacuation Pause) (young), 0.0031532 secs]
   [Parallel Time: 1.6 ms, GC Workers: 6]
      [GC Worker Start (ms): Min: 360603.1, Avg: 360603.2, Max: 360603.5, Diff: 0.4]
      [Ext Root Scanning (ms): Min: 0.0, Avg: 0.3, Max: 0.4, Diff: 0.4, Sum: 1.8]
      [Update RS (ms): Min: 0.1, Avg: 0.1, Max: 0.1, Diff: 0.0, Sum: 0.6]
         [Processed Buffers: Min: 1, Avg: 2.2, Max: 4, Diff: 3, Sum: 13]
      [Scan RS (ms): Min: 0.1, Avg: 0.2, Max: 0.2, Diff: 0.0, Sum: 1.0]
      [Code Root Scanning (ms): Min: 0.0, Avg: 0.0, Max: 0.0, Diff: 0.0, Sum: 0.0]
      [Object Copy (ms): Min: 0.7, Avg: 0.8, Max: 0.8, Diff: 0.1, Sum: 4.7]
      [Termination (ms): Min: 0.0, Avg: 0.0, Max: 0.0, Diff: 0.0, Sum: 0.0]
         [Termination Attempts: Min: 1, Avg: 1.8, Max: 3, Diff: 2, Sum: 11]
      [GC Worker Other (ms): Min: 0.0, Avg: 0.1, Max: 0.1, Diff: 0.1, Sum: 0.5]
      [GC Worker Total (ms): Min: 1.2, Avg: 1.4, Max: 1.5, Diff: 0.4, Sum: 8.6]
      [GC Worker End (ms): Min: 360604.6, Avg: 360604.6, Max: 360604.7, Diff: 0.1]
   [Code Root Fixup: 0.0 ms]
   [Code Root Purge: 0.0 ms]
   [Clear CT: 0.5 ms]
   [Other: 1.0 ms]
      [Choose CSet: 0.0 ms]
      [Ref Proc: 0.1 ms]
      [Ref Enq: 0.0 ms]
      [Redirty Cards: 0.1 ms]
      [Humongous Register: 0.0 ms]
      [Humongous Reclaim: 0.0 ms]
      [Free CSet: 0.6 ms]
   [Eden: 2444.0M(2444.0M)->0.0B(2448.0M) Survivors: 12288.0K->8192.0K Heap: 2475.1M(4096.0M)->27771.2K(4096.0M)]
 [Times: user=0.00 sys=0.00, real=0.00 secs] 
2024-10-12T18:58:30.322+0300: 360.606: Total time for which application threads were stopped: 0.0035607 seconds, Stopping threads took: 0.0001631 seconds
2024-10-12T18:58:31.107+0300: 361.386: Application time: 0.7796639 seconds
2024-10-12T18:58:31.107+0300: 361.386: [GC pause (G1 Evacuation Pause) (young), 0.0038780 secs]
   [Parallel Time: 2.1 ms, GC Workers: 6]
      [GC Worker Start (ms): Min: 361386.4, Avg: 361386.4, Max: 361386.4, Diff: 0.1]
      [Ext Root Scanning (ms): Min: 0.3, Avg: 0.3, Max: 0.3, Diff: 0.1, Sum: 1.9]
      [Update RS (ms): Min: 0.1, Avg: 0.1, Max: 0.1, Diff: 0.0, Sum: 0.6]
         [Processed Buffers: Min: 1, Avg: 2.2, Max: 3, Diff: 2, Sum: 13]
      [Scan RS (ms): Min: 0.1, Avg: 0.2, Max: 0.2, Diff: 0.0, Sum: 1.0]
      [Code Root Scanning (ms): Min: 0.0, Avg: 0.0, Max: 0.0, Diff: 0.0, Sum: 0.0]
      [Object Copy (ms): Min: 1.3, Avg: 1.3, Max: 1.3, Diff: 0.0, Sum: 7.7]
      [Termination (ms): Min: 0.0, Avg: 0.0, Max: 0.0, Diff: 0.0, Sum: 0.0]
         [Termination Attempts: Min: 1, Avg: 1.0, Max: 1, Diff: 0, Sum: 6]
      [GC Worker Other (ms): Min: 0.0, Avg: 0.1, Max: 0.2, Diff: 0.2, Sum: 0.7]
      [GC Worker Total (ms): Min: 1.9, Avg: 2.0, Max: 2.1, Diff: 0.2, Sum: 11.9]
      [GC Worker End (ms): Min: 361388.3, Avg: 361388.4, Max: 361388.5, Diff: 0.2]
   [Code Root Fixup: 0.0 ms]
   [Code Root Purge: 0.0 ms]
   [Clear CT: 0.6 ms]
   [Other: 1.2 ms]
      [Choose CSet: 0.0 ms]
      [Ref Proc: 0.2 ms]
      [Ref Enq: 0.0 ms]
      [Redirty Cards: 0.1 ms]
      [Humongous Register: 0.1 ms]
      [Humongous Reclaim: 0.0 ms]
      [Free CSet: 0.7 ms]
   [Eden: 2448.0M(2448.0M)->0.0B(2444.0M) Survivors: 8192.0K->12288.0K Heap: 2475.1M(4096.0M)->32840.6K(4096.0M)]
 [Times: user=0.00 sys=0.00, real=0.00 secs] 
2024-10-12T18:58:31.107+0300: 361.390: Total time for which application threads were stopped: 0.0042399 seconds, Stopping threads took: 0.0001259 seconds
2024-10-12T18:58:31.876+0300: 362.161: Application time: 0.7712166 seconds
2024-10-12T18:58:31.876+0300: 362.162: [GC pause (G1 Evacuation Pause) (young), 0.0036528 secs]
   [Parallel Time: 2.1 ms, GC Workers: 6]
      [GC Worker Start (ms): Min: 362161.8, Avg: 362161.9, Max: 362162.2, Diff: 0.4]
      [Ext Root Scanning (ms): Min: 0.1, Avg: 0.3, Max: 0.4, Diff: 0.4, Sum: 1.9]
      [Update RS (ms): Min: 0.1, Avg: 0.1, Max: 0.1, Diff: 0.0, Sum: 0.6]
         [Processed Buffers: Min: 1, Avg: 2.2, Max: 3, Diff: 2, Sum: 13]
      [Scan RS (ms): Min: 0.1, Avg: 0.2, Max: 0.2, Diff: 0.0, Sum: 1.0]
      [Code Root Scanning (ms): Min: 0.0, Avg: 0.0, Max: 0.0, Diff: 0.0, Sum: 0.0]
      [Object Copy (ms): Min: 1.2, Avg: 1.3, Max: 1.3, Diff: 0.0, Sum: 7.6]
      [Termination (ms): Min: 0.0, Avg: 0.0, Max: 0.0, Diff: 0.0, Sum: 0.0]
         [Termination Attempts: Min: 1, Avg: 1.2, Max: 2, Diff: 1, Sum: 7]
      [GC Worker Other (ms): Min: 0.0, Avg: 0.1, Max: 0.1, Diff: 0.1, Sum: 0.4]
      [GC Worker Total (ms): Min: 1.6, Avg: 1.9, Max: 2.1, Diff: 0.4, Sum: 11.6]
      [GC Worker End (ms): Min: 362163.8, Avg: 362163.8, Max: 362163.9, Diff: 0.1]
   [Code Root Fixup: 0.0 ms]
   [Code Root Purge: 0.0 ms]
   [Clear CT: 0.5 ms]
   [Other: 1.0 ms]
      [Choose CSet: 0.0 ms]
      [Ref Proc: 0.1 ms]
      [Ref Enq: 0.0 ms]
      [Redirty Cards: 0.1 ms]
      [Humongous Register: 0.0 ms]
      [Humongous Reclaim: 0.0 ms]
      [Free CSet: 0.7 ms]
   [Eden: 2444.0M(2444.0M)->0.0B(2444.0M) Survivors: 12288.0K->12288.0K Heap: 2476.1M(4096.0M)->32896.2K(4096.0M)]
 [Times: user=0.00 sys=0.00, real=0.00 secs] 
2024-10-12T18:58:31.876+0300: 362.165: Total time for which application threads were stopped: 0.0040552 seconds, Stopping threads took: 0.0001636 seconds
2024-10-12T18:58:32.661+0300: 362.948: Application time: 0.7823201 seconds
2024-10-12T18:58:32.661+0300: 362.948: [GC pause (G1 Evacuation Pause) (young), 0.0031554 secs]
   [Parallel Time: 1.7 ms, GC Workers: 6]
      [GC Worker Start (ms): Min: 362948.2, Avg: 362948.2, Max: 362948.2, Diff: 0.1]
      [Ext Root Scanning (ms): Min: 0.3, Avg: 0.3, Max: 0.4, Diff: 0.1, Sum: 1.9]
      [Update RS (ms): Min: 0.1, Avg: 0.1, Max: 0.1, Diff: 0.0, Sum: 0.6]
         [Processed Buffers: Min: 1, Avg: 2.2, Max: 4, Diff: 3, Sum: 13]
      [Scan RS (ms): Min: 0.2, Avg: 0.2, Max: 0.2, Diff: 0.0, Sum: 1.0]
      [Code Root Scanning (ms): Min: 0.0, Avg: 0.0, Max: 0.0, Diff: 0.0, Sum: 0.0]
      [Object Copy (ms): Min: 0.8, Avg: 0.8, Max: 0.8, Diff: 0.0, Sum: 5.0]
      [Termination (ms): Min: 0.0, Avg: 0.0, Max: 0.0, Diff: 0.0, Sum: 0.0]
         [Termination Attempts: Min: 1, Avg: 1.0, Max: 1, Diff: 0, Sum: 6]
      [GC Worker Other (ms): Min: 0.0, Avg: 0.1, Max: 0.1, Diff: 0.1, Sum: 0.5]
      [GC Worker Total (ms): Min: 1.5, Avg: 1.5, Max: 1.6, Diff: 0.1, Sum: 9.2]
      [GC Worker End (ms): Min: 362949.7, Avg: 362949.7, Max: 362949.8, Diff: 0.1]
   [Code Root Fixup: 0.0 ms]
   [Code Root Purge: 0.0 ms]
   [Clear CT: 0.5 ms]
   [Other: 1.0 ms]
      [Choose CSet: 0.0 ms]
      [Ref Proc: 0.1 ms]
      [Ref Enq: 0.0 ms]
      [Redirty Cards: 0.1 ms]
      [Humongous Register: 0.0 ms]
      [Humongous Reclaim: 0.0 ms]
      [Free CSet: 0.6 ms]
   [Eden: 2444.0M(2444.0M)->0.0B(2446.0M) Survivors: 12288.0K->10240.0K Heap: 2476.1M(4096.0M)->30850.7K(4096.0M)]
 [Times: user=0.00 sys=0.00, real=0.00 secs] 
2024-10-12T18:58:32.661+0300: 362.951: Total time for which application threads were stopped: 0.0035376 seconds, Stopping threads took: 0.0001513 seconds
2024-10-12T18:58:33.450+0300: 363.732: Application time: 0.7802527 seconds
2024-10-12T18:58:33.450+0300: 363.732: [GC pause (G1 Evacuation Pause) (young), 0.0036362 secs]
   [Parallel Time: 2.1 ms, GC Workers: 6]
      [GC Worker Start (ms): Min: 363732.0, Avg: 363732.0, Max: 363732.0, Diff: 0.1]
      [Ext Root Scanning (ms): Min: 0.3, Avg: 0.3, Max: 0.4, Diff: 0.1, Sum: 2.0]
      [Update RS (ms): Min: 0.1, Avg: 0.1, Max: 0.1, Diff: 0.0, Sum: 0.6]
         [Processed Buffers: Min: 1, Avg: 2.2, Max: 3, Diff: 2, Sum: 13]
      [Scan RS (ms): Min: 0.2, Avg: 0.2, Max: 0.2, Diff: 0.0, Sum: 1.1]
      [Code Root Scanning (ms): Min: 0.0, Avg: 0.0, Max: 0.0, Diff: 0.0, Sum: 0.0]
      [Object Copy (ms): Min: 1.3, Avg: 1.3, Max: 1.3, Diff: 0.0, Sum: 7.9]
      [Termination (ms): Min: 0.0, Avg: 0.0, Max: 0.0, Diff: 0.0, Sum: 0.0]
         [Termination Attempts: Min: 1, Avg: 1.0, Max: 1, Diff: 0, Sum: 6]
      [GC Worker Other (ms): Min: 0.0, Avg: 0.1, Max: 0.1, Diff: 0.1, Sum: 0.5]
      [GC Worker Total (ms): Min: 1.9, Avg: 2.0, Max: 2.0, Diff: 0.1, Sum: 12.1]
      [GC Worker End (ms): Min: 363734.0, Avg: 363734.0, Max: 363734.1, Diff: 0.1]
   [Code Root Fixup: 0.0 ms]
   [Code Root Purge: 0.0 ms]
   [Clear CT: 0.5 ms]
   [Other: 1.0 ms]
      [Choose CSet: 0.0 ms]
      [Ref Proc: 0.1 ms]
      [Ref Enq: 0.0 ms]
      [Redirty Cards: 0.1 ms]
      [Humongous Register: 0.0 ms]
      [Humongous Reclaim: 0.0 ms]
      [Free CSet: 0.6 ms]
   [Eden: 2446.0M(2446.0M)->0.0B(2444.0M) Survivors: 10240.0K->12288.0K Heap: 2476.1M(4096.0M)->32901.2K(4096.0M)]
 [Times: user=0.00 sys=0.00, real=0.00 secs] 
2024-10-12T18:58:33.450+0300: 363.736: Total time for which application threads were stopped: 0.0040483 seconds, Stopping threads took: 0.0001862 seconds
2024-10-12T18:58:34.230+0300: 364.512: Application time: 0.7766362 seconds
2024-10-12T18:58:34.230+0300: 364.513: [GC pause (G1 Evacuation Pause) (young), 0.0033627 secs]
   [Parallel Time: 1.7 ms, GC Workers: 6]
      [GC Worker Start (ms): Min: 364512.7, Avg: 364512.7, Max: 364512.7, Diff: 0.0]
      [Ext Root Scanning (ms): Min: 0.3, Avg: 0.3, Max: 0.4, Diff: 0.0, Sum: 1.9]
      [Update RS (ms): Min: 0.0, Avg: 0.1, Max: 0.1, Diff: 0.1, Sum: 0.6]
         [Processed Buffers: Min: 0, Avg: 2.2, Max: 4, Diff: 4, Sum: 13]
      [Scan RS (ms): Min: 0.1, Avg: 0.2, Max: 0.2, Diff: 0.1, Sum: 1.0]
      [Code Root Scanning (ms): Min: 0.0, Avg: 0.0, Max: 0.0, Diff: 0.0, Sum: 0.0]
      [Object Copy (ms): Min: 0.8, Avg: 0.8, Max: 1.0, Diff: 0.2, Sum: 4.9]
      [Termination (ms): Min: 0.0, Avg: 0.0, Max: 0.0, Diff: 0.0, Sum: 0.0]
         [Termination Attempts: Min: 1, Avg: 2.0, Max: 3, Diff: 2, Sum: 12]
      [GC Worker Other (ms): Min: 0.0, Avg: 0.1, Max: 0.2, Diff: 0.1, Sum: 0.7]
      [GC Worker Total (ms): Min: 1.4, Avg: 1.5, Max: 1.6, Diff: 0.2, Sum: 9.1]
      [GC Worker End (ms): Min: 364514.2, Avg: 364514.3, Max: 364514.3, Diff: 0.1]
   [Code Root Fixup: 0.0 ms]
   [Code Root Purge: 0.0 ms]
   [Clear CT: 0.5 ms]
   [Other: 1.2 ms]
      [Choose CSet: 0.0 ms]
      [Ref Proc: 0.1 ms]
      [Ref Enq: 0.0 ms]
      [Redirty Cards: 0.1 ms]
      [Humongous Register: 0.1 ms]
      [Humongous Reclaim: 0.0 ms]
      [Free CSet: 0.7 ms]
   [Eden: 2444.0M(2444.0M)->0.0B(2448.0M) Survivors: 12288.0K->8192.0K Heap: 2476.1M(4096.0M)->28807.7K(4096.0M)]
 [Times: user=0.00 sys=0.00, real=0.00 secs] 
2024-10-12T18:58:34.230+0300: 364.516: Total time for which application threads were stopped: 0.0037810 seconds, Stopping threads took: 0.0001464 seconds
2024-10-12T18:58:35.015+0300: 365.297: Application time: 0.7807829 seconds
2024-10-12T18:58:35.015+0300: 365.297: [GC pause (G1 Evacuation Pause) (young), 0.0034143 secs]
   [Parallel Time: 1.7 ms, GC Workers: 6]
      [GC Worker Start (ms): Min: 365297.3, Avg: 365297.3, Max: 365297.3, Diff: 0.1]
      [Ext Root Scanning (ms): Min: 0.3, Avg: 0.3, Max: 0.4, Diff: 0.1, Sum: 2.0]
      [Update RS (ms): Min: 0.1, Avg: 0.1, Max: 0.1, Diff: 0.1, Sum: 0.6]
         [Processed Buffers: Min: 1, Avg: 2.2, Max: 3, Diff: 2, Sum: 13]
      [Scan RS (ms): Min: 0.1, Avg: 0.2, Max: 0.2, Diff: 0.0, Sum: 1.1]
      [Code Root Scanning (ms): Min: 0.0, Avg: 0.0, Max: 0.0, Diff: 0.0, Sum: 0.0]
      [Object Copy (ms): Min: 0.8, Avg: 0.8, Max: 0.9, Diff: 0.1, Sum: 5.0]
      [Termination (ms): Min: 0.0, Avg: 0.0, Max: 0.0, Diff: 0.0, Sum: 0.0]
         [Termination Attempts: Min: 1, Avg: 1.3, Max: 2, Diff: 1, Sum: 8]
      [GC Worker Other (ms): Min: 0.0, Avg: 0.1, Max: 0.1, Diff: 0.1, Sum: 0.5]
      [GC Worker Total (ms): Min: 1.5, Avg: 1.5, Max: 1.6, Diff: 0.1, Sum: 9.2]
      [GC Worker End (ms): Min: 365298.8, Avg: 365298.8, Max: 365298.9, Diff: 0.1]
   [Code Root Fixup: 0.0 ms]
   [Code Root Purge: 0.0 ms]
   [Clear CT: 0.6 ms]
   [Other: 1.1 ms]
      [Choose CSet: 0.0 ms]
      [Ref Proc: 0.1 ms]
      [Ref Enq: 0.0 ms]
      [Redirty Cards: 0.1 ms]
      [Humongous Register: 0.0 ms]
      [Humongous Reclaim: 0.0 ms]
      [Free CSet: 0.7 ms]
   [Eden: 2448.0M(2448.0M)->0.0B(2448.0M) Survivors: 8192.0K->8192.0K Heap: 2476.1M(4096.0M)->28796.3K(4096.0M)]
 [Times: user=0.00 sys=0.00, real=0.00 secs] 
2024-10-12T18:58:35.015+0300: 365.301: Total time for which application threads were stopped: 0.0038508 seconds, Stopping threads took: 0.0002060 seconds
2024-10-12T18:58:35.785+0300: 366.075: Application time: 0.7740181 seconds
2024-10-12T18:58:35.785+0300: 366.075: [GC pause (G1 Evacuation Pause) (young), 0.0031873 secs]
   [Parallel Time: 1.6 ms, GC Workers: 6]
      [GC Worker Start (ms): Min: 366075.1, Avg: 366075.1, Max: 366075.2, Diff: 0.1]
      [Ext Root Scanning (ms): Min: 0.3, Avg: 0.4, Max: 0.4, Diff: 0.1, Sum: 2.3]
      [Update RS (ms): Min: 0.1, Avg: 0.1, Max: 0.2, Diff: 0.1, Sum: 0.6]
         [Processed Buffers: Min: 1, Avg: 2.2, Max: 5, Diff: 4, Sum: 13]
      [Scan RS (ms): Min: 0.2, Avg: 0.2, Max: 0.2, Diff: 0.0, Sum: 1.1]
      [Code Root Scanning (ms): Min: 0.0, Avg: 0.0, Max: 0.0, Diff: 0.0, Sum: 0.0]
      [Object Copy (ms): Min: 0.7, Avg: 0.8, Max: 0.8, Diff: 0.1, Sum: 4.6]
      [Termination (ms): Min: 0.0, Avg: 0.0, Max: 0.0, Diff: 0.0, Sum: 0.0]
         [Termination Attempts: Min: 1, Avg: 1.0, Max: 1, Diff: 0, Sum: 6]
      [GC Worker Other (ms): Min: 0.0, Avg: 0.1, Max: 0.1, Diff: 0.1, Sum: 0.5]
      [GC Worker Total (ms): Min: 1.5, Avg: 1.5, Max: 1.5, Diff: 0.1, Sum: 9.1]
      [GC Worker End (ms): Min: 366076.6, Avg: 366076.6, Max: 366076.7, Diff: 0.1]
   [Code Root Fixup: 0.0 ms]
   [Code Root Purge: 0.0 ms]
   [Clear CT: 0.5 ms]
   [Other: 1.1 ms]
      [Choose CSet: 0.0 ms]
      [Ref Proc: 0.1 ms]
      [Ref Enq: 0.0 ms]
      [Redirty Cards: 0.1 ms]
      [Humongous Register: 0.1 ms]
      [Humongous Reclaim: 0.0 ms]
      [Free CSet: 0.7 ms]
   [Eden: 2448.0M(2448.0M)->0.0B(2448.0M) Survivors: 8192.0K->8192.0K Heap: 2476.1M(4096.0M)->28695.2K(4096.0M)]
 [Times: user=0.00 sys=0.00, real=0.00 secs] 
2024-10-12T18:58:35.785+0300: 366.078: Total time for which application threads were stopped: 0.0035631 seconds, Stopping threads took: 0.0001460 seconds
2024-10-12T18:58:36.570+0300: 366.861: Application time: 0.7830021 seconds
2024-10-12T18:58:36.570+0300: 366.862: [GC pause (G1 Evacuation Pause) (young), 0.0032695 secs]
   [Parallel Time: 1.5 ms, GC Workers: 6]
      [GC Worker Start (ms): Min: 366861.7, Avg: 366861.7, Max: 366861.8, Diff: 0.1]
      [Ext Root Scanning (ms): Min: 0.3, Avg: 0.3, Max: 0.3, Diff: 0.1, Sum: 1.9]
      [Update RS (ms): Min: 0.1, Avg: 0.1, Max: 0.1, Diff: 0.0, Sum: 0.6]
         [Processed Buffers: Min: 1, Avg: 2.2, Max: 4, Diff: 3, Sum: 13]
      [Scan RS (ms): Min: 0.1, Avg: 0.2, Max: 0.2, Diff: 0.0, Sum: 1.0]
      [Code Root Scanning (ms): Min: 0.0, Avg: 0.0, Max: 0.0, Diff: 0.0, Sum: 0.0]
      [Object Copy (ms): Min: 0.7, Avg: 0.7, Max: 0.7, Diff: 0.0, Sum: 4.2]
      [Termination (ms): Min: 0.0, Avg: 0.0, Max: 0.0, Diff: 0.0, Sum: 0.0]
         [Termination Attempts: Min: 1, Avg: 1.0, Max: 1, Diff: 0, Sum: 6]
      [GC Worker Other (ms): Min: 0.0, Avg: 0.1, Max: 0.1, Diff: 0.1, Sum: 0.5]
      [GC Worker Total (ms): Min: 1.3, Avg: 1.4, Max: 1.4, Diff: 0.1, Sum: 8.3]
      [GC Worker End (ms): Min: 366863.1, Avg: 366863.1, Max: 366863.2, Diff: 0.1]
   [Code Root Fixup: 0.0 ms]
   [Code Root Purge: 0.0 ms]
   [Clear CT: 0.5 ms]
   [Other: 1.3 ms]
      [Choose CSet: 0.0 ms]
      [Ref Proc: 0.1 ms]
      [Ref Enq: 0.0 ms]
      [Redirty Cards: 0.1 ms]
      [Humongous Register: 0.0 ms]
      [Humongous Reclaim: 0.0 ms]
      [Free CSet: 0.9 ms]
   [Eden: 2448.0M(2448.0M)->0.0B(2448.0M) Survivors: 8192.0K->8192.0K Heap: 2476.0M(4096.0M)->28637.2K(4096.0M)]
 [Times: user=0.00 sys=0.00, real=0.02 secs] 
2024-10-12T18:58:36.585+0300: 366.865: Total time for which application threads were stopped: 0.0036930 seconds, Stopping threads took: 0.0002216 seconds
2024-10-12T18:58:37.359+0300: 367.643: Application time: 0.7776006 seconds
2024-10-12T18:58:37.359+0300: 367.643: [GC pause (G1 Evacuation Pause) (young), 0.0033764 secs]
   [Parallel Time: 1.6 ms, GC Workers: 6]
      [GC Worker Start (ms): Min: 367643.0, Avg: 367643.0, Max: 367643.0, Diff: 0.1]
      [Ext Root Scanning (ms): Min: 0.3, Avg: 0.3, Max: 0.4, Diff: 0.1, Sum: 2.0]
      [Update RS (ms): Min: 0.1, Avg: 0.1, Max: 0.1, Diff: 0.1, Sum: 0.6]
         [Processed Buffers: Min: 1, Avg: 2.2, Max: 3, Diff: 2, Sum: 13]
      [Scan RS (ms): Min: 0.2, Avg: 0.2, Max: 0.2, Diff: 0.0, Sum: 1.0]
      [Code Root Scanning (ms): Min: 0.0, Avg: 0.0, Max: 0.0, Diff: 0.0, Sum: 0.0]
      [Object Copy (ms): Min: 0.7, Avg: 0.8, Max: 0.8, Diff: 0.1, Sum: 4.6]
      [Termination (ms): Min: 0.0, Avg: 0.0, Max: 0.0, Diff: 0.0, Sum: 0.0]
         [Termination Attempts: Min: 1, Avg: 1.2, Max: 2, Diff: 1, Sum: 7]
      [GC Worker Other (ms): Min: 0.0, Avg: 0.1, Max: 0.1, Diff: 0.1, Sum: 0.3]
      [GC Worker Total (ms): Min: 1.4, Avg: 1.4, Max: 1.5, Diff: 0.1, Sum: 8.6]
      [GC Worker End (ms): Min: 367644.4, Avg: 367644.4, Max: 367644.5, Diff: 0.1]
   [Code Root Fixup: 0.0 ms]
   [Code Root Purge: 0.0 ms]
   [Clear CT: 0.6 ms]
   [Other: 1.2 ms]
      [Choose CSet: 0.0 ms]
      [Ref Proc: 0.2 ms]
      [Ref Enq: 0.0 ms]
      [Redirty Cards: 0.1 ms]
      [Humongous Register: 0.1 ms]
      [Humongous Reclaim: 0.0 ms]
      [Free CSet: 0.7 ms]
   [Eden: 2448.0M(2448.0M)->0.0B(2448.0M) Survivors: 8192.0K->8192.0K Heap: 2476.0M(4096.0M)->28654.0K(4096.0M)]
 [Times: user=0.00 sys=0.00, real=0.00 secs] 
2024-10-12T18:58:37.359+0300: 367.646: Total time for which application threads were stopped: 0.0037842 seconds, Stopping threads took: 0.0001411 seconds
2024-10-12T18:58:38.139+0300: 368.423: Application time: 0.7770955 seconds
2024-10-12T18:58:38.139+0300: 368.424: [GC pause (G1 Evacuation Pause) (young), 0.0032969 secs]
   [Parallel Time: 1.7 ms, GC Workers: 6]
      [GC Worker Start (ms): Min: 368423.9, Avg: 368424.0, Max: 368424.0, Diff: 0.1]
      [Ext Root Scanning (ms): Min: 0.3, Avg: 0.3, Max: 0.4, Diff: 0.1, Sum: 2.1]
      [Update RS (ms): Min: 0.1, Avg: 0.1, Max: 0.1, Diff: 0.1, Sum: 0.6]
         [Processed Buffers: Min: 1, Avg: 2.2, Max: 3, Diff: 2, Sum: 13]
      [Scan RS (ms): Min: 0.2, Avg: 0.2, Max: 0.2, Diff: 0.1, Sum: 1.0]
      [Code Root Scanning (ms): Min: 0.0, Avg: 0.0, Max: 0.0, Diff: 0.0, Sum: 0.0]
      [Object Copy (ms): Min: 0.7, Avg: 0.7, Max: 0.8, Diff: 0.0, Sum: 4.4]
      [Termination (ms): Min: 0.0, Avg: 0.0, Max: 0.0, Diff: 0.0, Sum: 0.0]
         [Termination Attempts: Min: 1, Avg: 1.0, Max: 1, Diff: 0, Sum: 6]
      [GC Worker Other (ms): Min: 0.1, Avg: 0.1, Max: 0.2, Diff: 0.2, Sum: 0.8]
      [GC Worker Total (ms): Min: 1.4, Avg: 1.5, Max: 1.6, Diff: 0.2, Sum: 9.0]
      [GC Worker End (ms): Min: 368425.4, Avg: 368425.5, Max: 368425.5, Diff: 0.2]
   [Code Root Fixup: 0.0 ms]
   [Code Root Purge: 0.0 ms]
   [Clear CT: 0.5 ms]
   [Other: 1.1 ms]
      [Choose CSet: 0.0 ms]
      [Ref Proc: 0.2 ms]
      [Ref Enq: 0.0 ms]
      [Redirty Cards: 0.1 ms]
      [Humongous Register: 0.0 ms]
      [Humongous Reclaim: 0.0 ms]
      [Free CSet: 0.6 ms]
   [Eden: 2448.0M(2448.0M)->0.0B(2446.0M) Survivors: 8192.0K->10240.0K Heap: 2476.0M(4096.0M)->30662.9K(4096.0M)]
 [Times: user=0.00 sys=0.00, real=0.00 secs] 
2024-10-12T18:58:38.139+0300: 368.427: Total time for which application threads were stopped: 0.0037701 seconds, Stopping threads took: 0.0002008 seconds
2024-10-12T18:58:38.923+0300: 369.212: Application time: 0.7842426 seconds
2024-10-12T18:58:38.923+0300: 369.212: [GC pause (G1 Evacuation Pause) (young), 0.0037473 secs]
   [Parallel Time: 1.9 ms, GC Workers: 6]
      [GC Worker Start (ms): Min: 369211.9, Avg: 369211.9, Max: 369212.0, Diff: 0.1]
      [Ext Root Scanning (ms): Min: 0.3, Avg: 0.4, Max: 0.4, Diff: 0.1, Sum: 2.1]
      [Update RS (ms): Min: 0.0, Avg: 0.1, Max: 0.1, Diff: 0.1, Sum: 0.6]
         [Processed Buffers: Min: 0, Avg: 2.2, Max: 3, Diff: 3, Sum: 13]
      [Scan RS (ms): Min: 0.1, Avg: 0.2, Max: 0.2, Diff: 0.1, Sum: 1.0]
      [Code Root Scanning (ms): Min: 0.0, Avg: 0.0, Max: 0.0, Diff: 0.0, Sum: 0.0]
      [Object Copy (ms): Min: 0.8, Avg: 0.9, Max: 1.2, Diff: 0.4, Sum: 5.5]
      [Termination (ms): Min: 0.0, Avg: 0.1, Max: 0.2, Diff: 0.2, Sum: 0.9]
         [Termination Attempts: Min: 1, Avg: 1.8, Max: 3, Diff: 2, Sum: 11]
      [GC Worker Other (ms): Min: 0.0, Avg: 0.1, Max: 0.1, Diff: 0.1, Sum: 0.4]
      [GC Worker Total (ms): Min: 1.7, Avg: 1.7, Max: 1.8, Diff: 0.1, Sum: 10.4]
      [GC Worker End (ms): Min: 369213.6, Avg: 369213.7, Max: 369213.7, Diff: 0.1]
   [Code Root Fixup: 0.0 ms]
   [Code Root Purge: 0.0 ms]
   [Clear CT: 0.5 ms]
   [Other: 1.3 ms]
      [Choose CSet: 0.0 ms]
      [Ref Proc: 0.1 ms]
      [Ref Enq: 0.0 ms]
      [Redirty Cards: 0.1 ms]
      [Humongous Register: 0.1 ms]
      [Humongous Reclaim: 0.0 ms]
      [Free CSet: 0.8 ms]
   [Eden: 2446.0M(2446.0M)->0.0B(2446.0M) Survivors: 10240.0K->10240.0K Heap: 2475.9M(4096.0M)->30698.4K(4096.0M)]
 [Times: user=0.00 sys=0.00, real=0.00 secs] 
2024-10-12T18:58:38.923+0300: 369.216: Total time for which application threads were stopped: 0.0041480 seconds, Stopping threads took: 0.0001627 seconds
2024-10-12T18:58:39.693+0300: 369.987: Application time: 0.7710341 seconds
2024-10-12T18:58:39.693+0300: 369.987: [GC pause (G1 Evacuation Pause) (young), 0.0032565 secs]
   [Parallel Time: 1.7 ms, GC Workers: 6]
      [GC Worker Start (ms): Min: 369987.0, Avg: 369987.1, Max: 369987.1, Diff: 0.1]
      [Ext Root Scanning (ms): Min: 0.3, Avg: 0.3, Max: 0.4, Diff: 0.1, Sum: 2.0]
      [Update RS (ms): Min: 0.0, Avg: 0.1, Max: 0.1, Diff: 0.1, Sum: 0.6]
         [Processed Buffers: Min: 0, Avg: 2.0, Max: 4, Diff: 4, Sum: 12]
      [Scan RS (ms): Min: 0.2, Avg: 0.2, Max: 0.2, Diff: 0.0, Sum: 1.1]
      [Code Root Scanning (ms): Min: 0.0, Avg: 0.0, Max: 0.0, Diff: 0.0, Sum: 0.0]
      [Object Copy (ms): Min: 0.9, Avg: 0.9, Max: 1.0, Diff: 0.1, Sum: 5.4]
      [Termination (ms): Min: 0.0, Avg: 0.0, Max: 0.0, Diff: 0.0, Sum: 0.0]
         [Termination Attempts: Min: 1, Avg: 3.7, Max: 10, Diff: 9, Sum: 22]
      [GC Worker Other (ms): Min: 0.0, Avg: 0.1, Max: 0.1, Diff: 0.1, Sum: 0.4]
      [GC Worker Total (ms): Min: 1.5, Avg: 1.6, Max: 1.6, Diff: 0.1, Sum: 9.5]
      [GC Worker End (ms): Min: 369988.6, Avg: 369988.6, Max: 369988.7, Diff: 0.1]
   [Code Root Fixup: 0.0 ms]
   [Code Root Purge: 0.0 ms]
   [Clear CT: 0.5 ms]
   [Other: 1.1 ms]
      [Choose CSet: 0.0 ms]
      [Ref Proc: 0.1 ms]
      [Ref Enq: 0.0 ms]
      [Redirty Cards: 0.1 ms]
      [Humongous Register: 0.0 ms]
      [Humongous Reclaim: 0.0 ms]
      [Free CSet: 0.6 ms]
   [Eden: 2446.0M(2446.0M)->0.0B(2446.0M) Survivors: 10240.0K->10240.0K Heap: 2476.0M(4096.0M)->29408.5K(4096.0M)]
 [Times: user=0.02 sys=0.00, real=0.02 secs] 
2024-10-12T18:58:39.709+0300: 369.991: Total time for which application threads were stopped: 0.0044164 seconds, Stopping threads took: 0.0001488 seconds
2024-10-12T18:58:40.478+0300: 370.767: Application time: 0.7763576 seconds
2024-10-12T18:58:40.478+0300: 370.768: [GC pause (G1 Evacuation Pause) (young), 0.0030368 secs]
   [Parallel Time: 1.6 ms, GC Workers: 6]
      [GC Worker Start (ms): Min: 370767.8, Avg: 370767.8, Max: 370767.9, Diff: 0.1]
      [Ext Root Scanning (ms): Min: 0.3, Avg: 0.3, Max: 0.4, Diff: 0.1, Sum: 1.9]
      [Update RS (ms): Min: 0.1, Avg: 0.1, Max: 0.1, Diff: 0.1, Sum: 0.6]
         [Processed Buffers: Min: 1, Avg: 2.2, Max: 4, Diff: 3, Sum: 13]
      [Scan RS (ms): Min: 0.2, Avg: 0.2, Max: 0.2, Diff: 0.0, Sum: 1.0]
      [Code Root Scanning (ms): Min: 0.0, Avg: 0.0, Max: 0.0, Diff: 0.0, Sum: 0.0]
      [Object Copy (ms): Min: 0.8, Avg: 0.8, Max: 0.8, Diff: 0.0, Sum: 4.7]
      [Termination (ms): Min: 0.0, Avg: 0.0, Max: 0.0, Diff: 0.0, Sum: 0.0]
         [Termination Attempts: Min: 1, Avg: 1.0, Max: 1, Diff: 0, Sum: 6]
      [GC Worker Other (ms): Min: 0.0, Avg: 0.1, Max: 0.1, Diff: 0.1, Sum: 0.4]
      [GC Worker Total (ms): Min: 1.4, Avg: 1.4, Max: 1.5, Diff: 0.1, Sum: 8.7]
      [GC Worker End (ms): Min: 370769.2, Avg: 370769.3, Max: 370769.3, Diff: 0.1]
   [Code Root Fixup: 0.0 ms]
   [Code Root Purge: 0.0 ms]
   [Clear CT: 0.5 ms]
   [Other: 1.0 ms]
      [Choose CSet: 0.0 ms]
      [Ref Proc: 0.1 ms]
      [Ref Enq: 0.0 ms]
      [Redirty Cards: 0.1 ms]
      [Humongous Register: 0.0 ms]
      [Humongous Reclaim: 0.0 ms]
      [Free CSet: 0.6 ms]
   [Eden: 2446.0M(2446.0M)->0.0B(2446.0M) Survivors: 10240.0K->10240.0K Heap: 2474.7M(4096.0M)->30490.8K(4096.0M)]
 [Times: user=0.00 sys=0.00, real=0.00 secs] 
2024-10-12T18:58:40.478+0300: 370.771: Total time for which application threads were stopped: 0.0033963 seconds, Stopping threads took: 0.0001426 seconds
2024-10-12T18:58:41.268+0300: 371.549: Application time: 0.7782867 seconds
2024-10-12T18:58:41.268+0300: 371.549: [GC pause (G1 Evacuation Pause) (young), 0.0032833 secs]
   [Parallel Time: 1.6 ms, GC Workers: 6]
      [GC Worker Start (ms): Min: 371549.6, Avg: 371549.6, Max: 371549.6, Diff: 0.0]
      [Ext Root Scanning (ms): Min: 0.3, Avg: 0.3, Max: 0.3, Diff: 0.0, Sum: 1.9]
      [Update RS (ms): Min: 0.1, Avg: 0.1, Max: 0.1, Diff: 0.1, Sum: 0.6]
         [Processed Buffers: Min: 1, Avg: 2.2, Max: 4, Diff: 3, Sum: 13]
      [Scan RS (ms): Min: 0.1, Avg: 0.2, Max: 0.2, Diff: 0.1, Sum: 1.0]
      [Code Root Scanning (ms): Min: 0.0, Avg: 0.0, Max: 0.0, Diff: 0.0, Sum: 0.0]
      [Object Copy (ms): Min: 0.8, Avg: 0.8, Max: 0.8, Diff: 0.0, Sum: 4.9]
      [Termination (ms): Min: 0.0, Avg: 0.0, Max: 0.0, Diff: 0.0, Sum: 0.0]
         [Termination Attempts: Min: 1, Avg: 1.2, Max: 2, Diff: 1, Sum: 7]
      [GC Worker Other (ms): Min: 0.0, Avg: 0.1, Max: 0.2, Diff: 0.1, Sum: 0.8]
      [GC Worker Total (ms): Min: 1.4, Avg: 1.5, Max: 1.6, Diff: 0.2, Sum: 9.3]
      [GC Worker End (ms): Min: 371551.0, Avg: 371551.1, Max: 371551.2, Diff: 0.1]
   [Code Root Fixup: 0.0 ms]
   [Code Root Purge: 0.0 ms]
   [Clear CT: 0.5 ms]
   [Other: 1.1 ms]
      [Choose CSet: 0.0 ms]
      [Ref Proc: 0.2 ms]
      [Ref Enq: 0.0 ms]
      [Redirty Cards: 0.1 ms]
      [Humongous Register: 0.0 ms]
      [Humongous Reclaim: 0.0 ms]
      [Free CSet: 0.6 ms]
   [Eden: 2446.0M(2446.0M)->0.0B(2444.0M) Survivors: 10240.0K->12288.0K Heap: 2475.8M(4096.0M)->32704.4K(4096.0M)]
 [Times: user=0.00 sys=0.00, real=0.00 secs] 
2024-10-12T18:58:41.268+0300: 371.553: Total time for which application threads were stopped: 0.0037338 seconds, Stopping threads took: 0.0002095 seconds
2024-10-12T18:58:42.048+0300: 372.328: Application time: 0.7751954 seconds
2024-10-12T18:58:42.048+0300: 372.328: [GC pause (G1 Evacuation Pause) (young), 0.0034063 secs]
   [Parallel Time: 1.7 ms, GC Workers: 6]
      [GC Worker Start (ms): Min: 372328.4, Avg: 372328.4, Max: 372328.5, Diff: 0.0]
      [Ext Root Scanning (ms): Min: 0.3, Avg: 0.3, Max: 0.3, Diff: 0.0, Sum: 1.9]
      [Update RS (ms): Min: 0.1, Avg: 0.1, Max: 0.1, Diff: 0.0, Sum: 0.6]
         [Processed Buffers: Min: 1, Avg: 2.2, Max: 4, Diff: 3, Sum: 13]
      [Scan RS (ms): Min: 0.2, Avg: 0.2, Max: 0.2, Diff: 0.0, Sum: 1.1]
      [Code Root Scanning (ms): Min: 0.0, Avg: 0.0, Max: 0.0, Diff: 0.0, Sum: 0.0]
      [Object Copy (ms): Min: 0.7, Avg: 0.8, Max: 0.8, Diff: 0.1, Sum: 4.6]
      [Termination (ms): Min: 0.0, Avg: 0.0, Max: 0.0, Diff: 0.0, Sum: 0.0]
         [Termination Attempts: Min: 1, Avg: 1.5, Max: 2, Diff: 1, Sum: 9]
      [GC Worker Other (ms): Min: 0.0, Avg: 0.1, Max: 0.1, Diff: 0.1, Sum: 0.5]
      [GC Worker Total (ms): Min: 1.4, Avg: 1.5, Max: 1.5, Diff: 0.1, Sum: 8.7]
      [GC Worker End (ms): Min: 372329.8, Avg: 372329.9, Max: 372330.0, Diff: 0.1]
   [Code Root Fixup: 0.0 ms]
   [Code Root Purge: 0.0 ms]
   [Clear CT: 0.6 ms]
   [Other: 1.2 ms]
      [Choose CSet: 0.0 ms]
      [Ref Proc: 0.1 ms]
      [Ref Enq: 0.0 ms]
      [Redirty Cards: 0.1 ms]
      [Humongous Register: 0.1 ms]
      [Humongous Reclaim: 0.0 ms]
      [Free CSet: 0.7 ms]
   [Eden: 2444.0M(2444.0M)->0.0B(2448.0M) Survivors: 12288.0K->8192.0K Heap: 2475.9M(4096.0M)->28607.8K(4096.0M)]
 [Times: user=0.00 sys=0.00, real=0.00 secs] 
2024-10-12T18:58:42.048+0300: 372.332: Total time for which application threads were stopped: 0.0037623 seconds, Stopping threads took: 0.0001095 seconds
2024-10-12T18:58:42.818+0300: 373.103: Application time: 0.7708209 seconds
2024-10-12T18:58:42.818+0300: 373.103: [GC pause (G1 Evacuation Pause) (young), 0.0042215 secs]
   [Parallel Time: 2.7 ms, GC Workers: 6]
      [GC Worker Start (ms): Min: 373103.0, Avg: 373103.0, Max: 373103.1, Diff: 0.1]
      [Ext Root Scanning (ms): Min: 0.3, Avg: 0.3, Max: 0.3, Diff: 0.1, Sum: 1.9]
      [Update RS (ms): Min: 0.1, Avg: 0.1, Max: 0.1, Diff: 0.0, Sum: 0.6]
         [Processed Buffers: Min: 1, Avg: 2.2, Max: 4, Diff: 3, Sum: 13]
      [Scan RS (ms): Min: 0.2, Avg: 0.2, Max: 0.2, Diff: 0.0, Sum: 1.0]
      [Code Root Scanning (ms): Min: 0.0, Avg: 0.0, Max: 0.0, Diff: 0.0, Sum: 0.0]
      [Object Copy (ms): Min: 1.9, Avg: 1.9, Max: 1.9, Diff: 0.0, Sum: 11.3]
      [Termination (ms): Min: 0.0, Avg: 0.0, Max: 0.0, Diff: 0.0, Sum: 0.0]
         [Termination Attempts: Min: 1, Avg: 1.0, Max: 1, Diff: 0, Sum: 6]
      [GC Worker Other (ms): Min: 0.0, Avg: 0.1, Max: 0.1, Diff: 0.1, Sum: 0.5]
      [GC Worker Total (ms): Min: 2.5, Avg: 2.6, Max: 2.6, Diff: 0.1, Sum: 15.4]
      [GC Worker End (ms): Min: 373105.5, Avg: 373105.6, Max: 373105.6, Diff: 0.1]
   [Code Root Fixup: 0.0 ms]
   [Code Root Purge: 0.0 ms]
   [Clear CT: 0.5 ms]
   [Other: 1.0 ms]
      [Choose CSet: 0.0 ms]
      [Ref Proc: 0.1 ms]
      [Ref Enq: 0.0 ms]
      [Redirty Cards: 0.1 ms]
      [Humongous Register: 0.0 ms]
      [Humongous Reclaim: 0.0 ms]
      [Free CSet: 0.6 ms]
   [Eden: 2448.0M(2448.0M)->0.0B(2442.0M) Survivors: 8192.0K->14336.0K Heap: 2475.9M(4096.0M)->34662.1K(4096.0M)]
 [Times: user=0.00 sys=0.00, real=0.00 secs] 
2024-10-12T18:58:42.818+0300: 373.107: Total time for which application threads were stopped: 0.0045851 seconds, Stopping threads took: 0.0001380 seconds
2024-10-12T18:58:43.603+0300: 373.882: Application time: 0.7748464 seconds
2024-10-12T18:58:43.603+0300: 373.882: [GC pause (G1 Evacuation Pause) (young), 0.0031888 secs]
   [Parallel Time: 1.7 ms, GC Workers: 6]
      [GC Worker Start (ms): Min: 373882.4, Avg: 373882.5, Max: 373882.5, Diff: 0.1]
      [Ext Root Scanning (ms): Min: 0.3, Avg: 0.3, Max: 0.3, Diff: 0.1, Sum: 1.9]
      [Update RS (ms): Min: 0.0, Avg: 0.1, Max: 0.1, Diff: 0.1, Sum: 0.6]
         [Processed Buffers: Min: 0, Avg: 2.2, Max: 4, Diff: 4, Sum: 13]
      [Scan RS (ms): Min: 0.0, Avg: 0.2, Max: 0.2, Diff: 0.2, Sum: 1.1]
      [Code Root Scanning (ms): Min: 0.0, Avg: 0.0, Max: 0.0, Diff: 0.0, Sum: 0.0]
      [Object Copy (ms): Min: 0.8, Avg: 0.9, Max: 1.1, Diff: 0.3, Sum: 5.1]
      [Termination (ms): Min: 0.0, Avg: 0.0, Max: 0.0, Diff: 0.0, Sum: 0.0]
         [Termination Attempts: Min: 1, Avg: 1.0, Max: 1, Diff: 0, Sum: 6]
      [GC Worker Other (ms): Min: 0.0, Avg: 0.1, Max: 0.1, Diff: 0.1, Sum: 0.6]
      [GC Worker Total (ms): Min: 1.5, Avg: 1.5, Max: 1.6, Diff: 0.1, Sum: 9.2]
      [GC Worker End (ms): Min: 373883.9, Avg: 373884.0, Max: 373884.0, Diff: 0.1]
   [Code Root Fixup: 0.0 ms]
   [Code Root Purge: 0.0 ms]
   [Clear CT: 0.5 ms]
   [Other: 1.0 ms]
      [Choose CSet: 0.0 ms]
      [Ref Proc: 0.1 ms]
      [Ref Enq: 0.0 ms]
      [Redirty Cards: 0.1 ms]
      [Humongous Register: 0.0 ms]
      [Humongous Reclaim: 0.0 ms]
      [Free CSet: 0.7 ms]
   [Eden: 2442.0M(2442.0M)->0.0B(2446.0M) Survivors: 14336.0K->10240.0K Heap: 2475.8M(4096.0M)->30885.7K(4096.0M)]
 [Times: user=0.00 sys=0.00, real=0.00 secs] 
2024-10-12T18:58:43.603+0300: 373.886: Total time for which application threads were stopped: 0.0035271 seconds, Stopping threads took: 0.0001309 seconds
2024-10-12T18:58:44.375+0300: 374.664: Application time: 0.7783183 seconds
2024-10-12T18:58:44.375+0300: 374.664: [GC pause (G1 Evacuation Pause) (young), 0.0036828 secs]
   [Parallel Time: 2.0 ms, GC Workers: 6]
      [GC Worker Start (ms): Min: 374664.4, Avg: 374664.4, Max: 374664.5, Diff: 0.1]
      [Ext Root Scanning (ms): Min: 0.3, Avg: 0.3, Max: 0.4, Diff: 0.1, Sum: 2.0]
      [Update RS (ms): Min: 0.1, Avg: 0.1, Max: 0.1, Diff: 0.0, Sum: 0.6]
         [Processed Buffers: Min: 1, Avg: 2.2, Max: 4, Diff: 3, Sum: 13]
      [Scan RS (ms): Min: 0.1, Avg: 0.2, Max: 0.2, Diff: 0.0, Sum: 1.0]
      [Code Root Scanning (ms): Min: 0.0, Avg: 0.0, Max: 0.0, Diff: 0.0, Sum: 0.0]
      [Object Copy (ms): Min: 1.1, Avg: 1.1, Max: 1.2, Diff: 0.1, Sum: 6.9]
      [Termination (ms): Min: 0.0, Avg: 0.0, Max: 0.0, Diff: 0.0, Sum: 0.0]
         [Termination Attempts: Min: 1, Avg: 1.0, Max: 1, Diff: 0, Sum: 6]
      [GC Worker Other (ms): Min: 0.0, Avg: 0.1, Max: 0.1, Diff: 0.1, Sum: 0.4]
      [GC Worker Total (ms): Min: 1.7, Avg: 1.8, Max: 1.9, Diff: 0.1, Sum: 11.0]
      [GC Worker End (ms): Min: 374666.2, Avg: 374666.3, Max: 374666.3, Diff: 0.1]
   [Code Root Fixup: 0.0 ms]
   [Code Root Purge: 0.0 ms]
   [Clear CT: 0.6 ms]
   [Other: 1.1 ms]
      [Choose CSet: 0.0 ms]
      [Ref Proc: 0.1 ms]
      [Ref Enq: 0.0 ms]
      [Redirty Cards: 0.1 ms]
      [Humongous Register: 0.1 ms]
      [Humongous Reclaim: 0.0 ms]
      [Free CSet: 0.7 ms]
   [Eden: 2446.0M(2446.0M)->0.0B(2444.0M) Survivors: 10240.0K->12288.0K Heap: 2476.2M(4096.0M)->32355.0K(4096.0M)]
 [Times: user=0.02 sys=0.00, real=0.01 secs] 
2024-10-12T18:58:44.388+0300: 374.668: Total time for which application threads were stopped: 0.0041325 seconds, Stopping threads took: 0.0002022 seconds
2024-10-12T18:58:45.157+0300: 375.448: Application time: 0.7797496 seconds
2024-10-12T18:58:45.157+0300: 375.448: [GC pause (G1 Evacuation Pause) (young), 0.0034098 secs]
   [Parallel Time: 1.6 ms, GC Workers: 6]
      [GC Worker Start (ms): Min: 375448.3, Avg: 375448.3, Max: 375448.4, Diff: 0.0]
      [Ext Root Scanning (ms): Min: 0.3, Avg: 0.3, Max: 0.4, Diff: 0.1, Sum: 2.0]
      [Update RS (ms): Min: 0.1, Avg: 0.1, Max: 0.1, Diff: 0.0, Sum: 0.6]
         [Processed Buffers: Min: 1, Avg: 2.2, Max: 4, Diff: 3, Sum: 13]
      [Scan RS (ms): Min: 0.1, Avg: 0.2, Max: 0.2, Diff: 0.1, Sum: 1.0]
      [Code Root Scanning (ms): Min: 0.0, Avg: 0.0, Max: 0.0, Diff: 0.0, Sum: 0.0]
      [Object Copy (ms): Min: 0.7, Avg: 0.8, Max: 0.8, Diff: 0.0, Sum: 4.5]
      [Termination (ms): Min: 0.0, Avg: 0.0, Max: 0.0, Diff: 0.0, Sum: 0.0]
         [Termination Attempts: Min: 1, Avg: 1.0, Max: 1, Diff: 0, Sum: 6]
      [GC Worker Other (ms): Min: 0.0, Avg: 0.1, Max: 0.2, Diff: 0.1, Sum: 0.7]
      [GC Worker Total (ms): Min: 1.4, Avg: 1.5, Max: 1.5, Diff: 0.1, Sum: 8.8]
      [GC Worker End (ms): Min: 375449.7, Avg: 375449.8, Max: 375449.9, Diff: 0.1]
   [Code Root Fixup: 0.0 ms]
   [Code Root Purge: 0.0 ms]
   [Clear CT: 0.5 ms]
   [Other: 1.3 ms]
      [Choose CSet: 0.0 ms]
      [Ref Proc: 0.1 ms]
      [Ref Enq: 0.0 ms]
      [Redirty Cards: 0.1 ms]
      [Humongous Register: 0.1 ms]
      [Humongous Reclaim: 0.0 ms]
      [Free CSet: 0.8 ms]
   [Eden: 2444.0M(2444.0M)->0.0B(2448.0M) Survivors: 12288.0K->8192.0K Heap: 2475.6M(4096.0M)->28842.7K(4096.0M)]
 [Times: user=0.00 sys=0.00, real=0.01 secs] 
2024-10-12T18:58:45.172+0300: 375.452: Total time for which application threads were stopped: 0.0038998 seconds, Stopping threads took: 0.0002269 seconds
2024-10-12T18:58:45.942+0300: 376.228: Application time: 0.7766636 seconds
2024-10-12T18:58:45.942+0300: 376.229: [GC pause (G1 Evacuation Pause) (young), 0.0037312 secs]
   [Parallel Time: 1.8 ms, GC Workers: 6]
      [GC Worker Start (ms): Min: 376228.8, Avg: 376228.8, Max: 376228.9, Diff: 0.0]
      [Ext Root Scanning (ms): Min: 0.3, Avg: 0.3, Max: 0.3, Diff: 0.1, Sum: 1.9]
      [Update RS (ms): Min: 0.1, Avg: 0.1, Max: 0.1, Diff: 0.1, Sum: 0.6]
         [Processed Buffers: Min: 1, Avg: 2.2, Max: 4, Diff: 3, Sum: 13]
      [Scan RS (ms): Min: 0.2, Avg: 0.2, Max: 0.2, Diff: 0.0, Sum: 1.0]
      [Code Root Scanning (ms): Min: 0.0, Avg: 0.0, Max: 0.0, Diff: 0.0, Sum: 0.0]
      [Object Copy (ms): Min: 0.9, Avg: 0.9, Max: 1.0, Diff: 0.1, Sum: 5.6]
      [Termination (ms): Min: 0.0, Avg: 0.0, Max: 0.1, Diff: 0.1, Sum: 0.3]
         [Termination Attempts: Min: 1, Avg: 1.0, Max: 1, Diff: 0, Sum: 6]
      [GC Worker Other (ms): Min: 0.0, Avg: 0.0, Max: 0.1, Diff: 0.0, Sum: 0.2]
      [GC Worker Total (ms): Min: 1.6, Avg: 1.6, Max: 1.6, Diff: 0.1, Sum: 9.6]
      [GC Worker End (ms): Min: 376230.4, Avg: 376230.5, Max: 376230.5, Diff: 0.0]
   [Code Root Fixup: 0.0 ms]
   [Code Root Purge: 0.0 ms]
   [Clear CT: 0.5 ms]
   [Other: 1.4 ms]
      [Choose CSet: 0.0 ms]
      [Ref Proc: 0.1 ms]
      [Ref Enq: 0.0 ms]
      [Redirty Cards: 0.1 ms]
      [Humongous Register: 0.1 ms]
      [Humongous Reclaim: 0.0 ms]
      [Free CSet: 0.9 ms]
   [Eden: 2448.0M(2448.0M)->0.0B(2448.0M) Survivors: 8192.0K->8192.0K Heap: 2476.2M(4096.0M)->28816.1K(4096.0M)]
 [Times: user=0.00 sys=0.00, real=0.00 secs] 
2024-10-12T18:58:45.942+0300: 376.233: Total time for which application threads were stopped: 0.0041310 seconds, Stopping threads took: 0.0001546 seconds
2024-10-12T18:58:46.726+0300: 377.008: Application time: 0.7752965 seconds
2024-10-12T18:58:46.726+0300: 377.008: [GC pause (G1 Evacuation Pause) (young), 0.0031968 secs]
   [Parallel Time: 1.7 ms, GC Workers: 6]
      [GC Worker Start (ms): Min: 377008.2, Avg: 377008.2, Max: 377008.3, Diff: 0.0]
      [Ext Root Scanning (ms): Min: 0.3, Avg: 0.3, Max: 0.4, Diff: 0.1, Sum: 2.0]
      [Update RS (ms): Min: 0.0, Avg: 0.1, Max: 0.1, Diff: 0.1, Sum: 0.6]
         [Processed Buffers: Min: 0, Avg: 2.2, Max: 4, Diff: 4, Sum: 13]
      [Scan RS (ms): Min: 0.0, Avg: 0.2, Max: 0.2, Diff: 0.2, Sum: 1.1]
      [Code Root Scanning (ms): Min: 0.0, Avg: 0.0, Max: 0.0, Diff: 0.0, Sum: 0.0]
      [Object Copy (ms): Min: 0.8, Avg: 0.9, Max: 1.1, Diff: 0.3, Sum: 5.2]
      [Termination (ms): Min: 0.0, Avg: 0.0, Max: 0.0, Diff: 0.0, Sum: 0.0]
         [Termination Attempts: Min: 1, Avg: 4.2, Max: 7, Diff: 6, Sum: 25]
      [GC Worker Other (ms): Min: 0.0, Avg: 0.1, Max: 0.1, Diff: 0.1, Sum: 0.5]
      [GC Worker Total (ms): Min: 1.5, Avg: 1.6, Max: 1.6, Diff: 0.1, Sum: 9.4]
      [GC Worker End (ms): Min: 377009.8, Avg: 377009.8, Max: 377009.8, Diff: 0.1]
   [Code Root Fixup: 0.0 ms]
   [Code Root Purge: 0.0 ms]
   [Clear CT: 0.5 ms]
   [Other: 1.0 ms]
      [Choose CSet: 0.0 ms]
      [Ref Proc: 0.1 ms]
      [Ref Enq: 0.0 ms]
      [Redirty Cards: 0.1 ms]
      [Humongous Register: 0.0 ms]
      [Humongous Reclaim: 0.0 ms]
      [Free CSet: 0.6 ms]
   [Eden: 2448.0M(2448.0M)->0.0B(2448.0M) Survivors: 8192.0K->8192.0K Heap: 2476.1M(4096.0M)->28739.6K(4096.0M)]
 [Times: user=0.00 sys=0.00, real=0.00 secs] 
2024-10-12T18:58:46.726+0300: 377.011: Total time for which application threads were stopped: 0.0035981 seconds, Stopping threads took: 0.0001709 seconds
2024-10-12T18:58:47.511+0300: 377.794: Application time: 0.7821296 seconds
2024-10-12T18:58:47.511+0300: 377.794: [GC pause (G1 Evacuation Pause) (young), 0.0030853 secs]
   [Parallel Time: 1.5 ms, GC Workers: 6]
      [GC Worker Start (ms): Min: 377794.0, Avg: 377794.1, Max: 377794.1, Diff: 0.1]
      [Ext Root Scanning (ms): Min: 0.3, Avg: 0.3, Max: 0.4, Diff: 0.1, Sum: 1.9]
      [Update RS (ms): Min: 0.1, Avg: 0.1, Max: 0.1, Diff: 0.0, Sum: 0.6]
         [Processed Buffers: Min: 1, Avg: 2.2, Max: 3, Diff: 2, Sum: 13]
      [Scan RS (ms): Min: 0.1, Avg: 0.2, Max: 0.2, Diff: 0.0, Sum: 1.0]
      [Code Root Scanning (ms): Min: 0.0, Avg: 0.0, Max: 0.0, Diff: 0.0, Sum: 0.0]
      [Object Copy (ms): Min: 0.7, Avg: 0.7, Max: 0.8, Diff: 0.0, Sum: 4.4]
      [Termination (ms): Min: 0.0, Avg: 0.0, Max: 0.0, Diff: 0.0, Sum: 0.0]
         [Termination Attempts: Min: 1, Avg: 2.0, Max: 4, Diff: 3, Sum: 12]
      [GC Worker Other (ms): Min: 0.0, Avg: 0.1, Max: 0.1, Diff: 0.1, Sum: 0.5]
      [GC Worker Total (ms): Min: 1.4, Avg: 1.4, Max: 1.5, Diff: 0.1, Sum: 8.6]
      [GC Worker End (ms): Min: 377795.4, Avg: 377795.5, Max: 377795.5, Diff: 0.1]
   [Code Root Fixup: 0.0 ms]
   [Code Root Purge: 0.0 ms]
   [Clear CT: 0.5 ms]
   [Other: 1.0 ms]
      [Choose CSet: 0.0 ms]
      [Ref Proc: 0.1 ms]
      [Ref Enq: 0.0 ms]
      [Redirty Cards: 0.1 ms]
      [Humongous Register: 0.1 ms]
      [Humongous Reclaim: 0.0 ms]
      [Free CSet: 0.7 ms]
   [Eden: 2448.0M(2448.0M)->0.0B(2448.0M) Survivors: 8192.0K->8192.0K Heap: 2476.1M(4096.0M)->28700.5K(4096.0M)]
 [Times: user=0.00 sys=0.00, real=0.00 secs] 
2024-10-12T18:58:47.511+0300: 377.797: Total time for which application threads were stopped: 0.0035530 seconds, Stopping threads took: 0.0002342 seconds
2024-10-12T18:58:48.296+0300: 378.578: Application time: 0.7806345 seconds
2024-10-12T18:58:48.296+0300: 378.578: [GC pause (G1 Evacuation Pause) (young), 0.0031920 secs]
   [Parallel Time: 1.6 ms, GC Workers: 6]
      [GC Worker Start (ms): Min: 378578.1, Avg: 378578.1, Max: 378578.2, Diff: 0.1]
      [Ext Root Scanning (ms): Min: 0.3, Avg: 0.3, Max: 0.4, Diff: 0.1, Sum: 2.0]
      [Update RS (ms): Min: 0.1, Avg: 0.1, Max: 0.1, Diff: 0.1, Sum: 0.6]
         [Processed Buffers: Min: 1, Avg: 2.2, Max: 3, Diff: 2, Sum: 13]
      [Scan RS (ms): Min: 0.2, Avg: 0.2, Max: 0.2, Diff: 0.0, Sum: 1.1]
      [Code Root Scanning (ms): Min: 0.0, Avg: 0.0, Max: 0.0, Diff: 0.0, Sum: 0.0]
      [Object Copy (ms): Min: 0.8, Avg: 0.8, Max: 0.8, Diff: 0.0, Sum: 4.7]
      [Termination (ms): Min: 0.0, Avg: 0.0, Max: 0.0, Diff: 0.0, Sum: 0.0]
         [Termination Attempts: Min: 1, Avg: 1.0, Max: 1, Diff: 0, Sum: 6]
      [GC Worker Other (ms): Min: 0.0, Avg: 0.1, Max: 0.1, Diff: 0.1, Sum: 0.5]
      [GC Worker Total (ms): Min: 1.5, Avg: 1.5, Max: 1.5, Diff: 0.1, Sum: 8.9]
      [GC Worker End (ms): Min: 378579.6, Avg: 378579.6, Max: 378579.7, Diff: 0.1]
   [Code Root Fixup: 0.0 ms]
   [Code Root Purge: 0.0 ms]
   [Clear CT: 0.5 ms]
   [Other: 1.1 ms]
      [Choose CSet: 0.0 ms]
      [Ref Proc: 0.1 ms]
      [Ref Enq: 0.0 ms]
      [Redirty Cards: 0.1 ms]
      [Humongous Register: 0.0 ms]
      [Humongous Reclaim: 0.0 ms]
      [Free CSet: 0.7 ms]
   [Eden: 2448.0M(2448.0M)->0.0B(2446.0M) Survivors: 8192.0K->10240.0K Heap: 2476.0M(4096.0M)->30697.7K(4096.0M)]
 [Times: user=0.00 sys=0.00, real=0.00 secs] 
2024-10-12T18:58:48.296+0300: 378.581: Total time for which application threads were stopped: 0.0035523 seconds, Stopping threads took: 0.0001335 seconds
2024-10-12T18:58:49.086+0300: 379.368: Application time: 0.7867456 seconds
2024-10-12T18:58:49.086+0300: 379.368: [GC pause (G1 Evacuation Pause) (young), 0.0033420 secs]
   [Parallel Time: 1.6 ms, GC Workers: 6]
      [GC Worker Start (ms): Min: 379368.5, Avg: 379368.5, Max: 379368.5, Diff: 0.0]
      [Ext Root Scanning (ms): Min: 0.3, Avg: 0.3, Max: 0.4, Diff: 0.1, Sum: 2.1]
      [Update RS (ms): Min: 0.1, Avg: 0.1, Max: 0.1, Diff: 0.0, Sum: 0.6]
         [Processed Buffers: Min: 1, Avg: 2.2, Max: 3, Diff: 2, Sum: 13]
      [Scan RS (ms): Min: 0.2, Avg: 0.2, Max: 0.2, Diff: 0.0, Sum: 1.0]
      [Code Root Scanning (ms): Min: 0.0, Avg: 0.0, Max: 0.0, Diff: 0.0, Sum: 0.0]
      [Object Copy (ms): Min: 0.7, Avg: 0.8, Max: 0.8, Diff: 0.0, Sum: 4.5]
      [Termination (ms): Min: 0.0, Avg: 0.0, Max: 0.0, Diff: 0.0, Sum: 0.0]
         [Termination Attempts: Min: 1, Avg: 1.2, Max: 2, Diff: 1, Sum: 7]
      [GC Worker Other (ms): Min: 0.0, Avg: 0.1, Max: 0.2, Diff: 0.2, Sum: 0.6]
      [GC Worker Total (ms): Min: 1.4, Avg: 1.5, Max: 1.5, Diff: 0.1, Sum: 8.8]
      [GC Worker End (ms): Min: 379369.9, Avg: 379370.0, Max: 379370.1, Diff: 0.2]
   [Code Root Fixup: 0.0 ms]
   [Code Root Purge: 0.0 ms]
   [Clear CT: 0.5 ms]
   [Other: 1.1 ms]
      [Choose CSet: 0.0 ms]
      [Ref Proc: 0.2 ms]
      [Ref Enq: 0.0 ms]
      [Redirty Cards: 0.1 ms]
      [Humongous Register: 0.0 ms]
      [Humongous Reclaim: 0.0 ms]
      [Free CSet: 0.7 ms]
   [Eden: 2446.0M(2446.0M)->0.0B(2446.0M) Survivors: 10240.0K->10240.0K Heap: 2476.0M(4096.0M)->29807.3K(4096.0M)]
 [Times: user=0.00 sys=0.00, real=0.00 secs] 
2024-10-12T18:58:49.086+0300: 379.372: Total time for which application threads were stopped: 0.0037575 seconds, Stopping threads took: 0.0001812 seconds
2024-10-12T18:58:49.849+0300: 380.143: Application time: 0.7711177 seconds
2024-10-12T18:58:49.849+0300: 380.143: [GC pause (G1 Evacuation Pause) (young), 0.0032100 secs]
   [Parallel Time: 1.6 ms, GC Workers: 6]
      [GC Worker Start (ms): Min: 380143.3, Avg: 380143.4, Max: 380143.4, Diff: 0.1]
      [Ext Root Scanning (ms): Min: 0.3, Avg: 0.3, Max: 0.4, Diff: 0.1, Sum: 2.0]
      [Update RS (ms): Min: 0.1, Avg: 0.1, Max: 0.1, Diff: 0.0, Sum: 0.6]
         [Processed Buffers: Min: 1, Avg: 2.2, Max: 3, Diff: 2, Sum: 13]
      [Scan RS (ms): Min: 0.2, Avg: 0.2, Max: 0.4, Diff: 0.2, Sum: 1.4]
      [Code Root Scanning (ms): Min: 0.0, Avg: 0.0, Max: 0.0, Diff: 0.0, Sum: 0.0]
      [Object Copy (ms): Min: 0.6, Avg: 0.8, Max: 0.8, Diff: 0.2, Sum: 4.6]
      [Termination (ms): Min: 0.0, Avg: 0.0, Max: 0.0, Diff: 0.0, Sum: 0.0]
         [Termination Attempts: Min: 1, Avg: 1.8, Max: 3, Diff: 2, Sum: 11]
      [GC Worker Other (ms): Min: 0.1, Avg: 0.1, Max: 0.1, Diff: 0.1, Sum: 0.6]
      [GC Worker Total (ms): Min: 1.5, Avg: 1.5, Max: 1.6, Diff: 0.1, Sum: 9.2]
      [GC Worker End (ms): Min: 380144.9, Avg: 380144.9, Max: 380144.9, Diff: 0.1]
   [Code Root Fixup: 0.0 ms]
   [Code Root Purge: 0.0 ms]
   [Clear CT: 0.5 ms]
   [Other: 1.0 ms]
      [Choose CSet: 0.0 ms]
      [Ref Proc: 0.1 ms]
      [Ref Enq: 0.0 ms]
      [Redirty Cards: 0.1 ms]
      [Humongous Register: 0.0 ms]
      [Humongous Reclaim: 0.0 ms]
      [Free CSet: 0.7 ms]
   [Eden: 2446.0M(2446.0M)->0.0B(2446.0M) Survivors: 10240.0K->10240.0K Heap: 2475.1M(4096.0M)->29805.7K(4096.0M)]
 [Times: user=0.01 sys=0.00, real=0.02 secs] 
2024-10-12T18:58:49.865+0300: 380.147: Total time for which application threads were stopped: 0.0036272 seconds, Stopping threads took: 0.0001729 seconds
2024-10-12T18:58:50.634+0300: 380.925: Application time: 0.7781114 seconds
2024-10-12T18:58:50.634+0300: 380.925: [GC pause (G1 Evacuation Pause) (young), 0.0030643 secs]
   [Parallel Time: 1.5 ms, GC Workers: 6]
      [GC Worker Start (ms): Min: 380925.1, Avg: 380925.2, Max: 380925.4, Diff: 0.3]
      [Ext Root Scanning (ms): Min: 0.1, Avg: 0.3, Max: 0.4, Diff: 0.3, Sum: 1.9]
      [Update RS (ms): Min: 0.1, Avg: 0.1, Max: 0.1, Diff: 0.1, Sum: 0.6]
         [Processed Buffers: Min: 1, Avg: 2.2, Max: 3, Diff: 2, Sum: 13]
      [Scan RS (ms): Min: 0.1, Avg: 0.2, Max: 0.2, Diff: 0.0, Sum: 1.1]
      [Code Root Scanning (ms): Min: 0.0, Avg: 0.0, Max: 0.0, Diff: 0.0, Sum: 0.0]
      [Object Copy (ms): Min: 0.7, Avg: 0.7, Max: 0.7, Diff: 0.1, Sum: 4.3]
      [Termination (ms): Min: 0.0, Avg: 0.0, Max: 0.0, Diff: 0.0, Sum: 0.0]
         [Termination Attempts: Min: 1, Avg: 1.0, Max: 1, Diff: 0, Sum: 6]
      [GC Worker Other (ms): Min: 0.0, Avg: 0.1, Max: 0.1, Diff: 0.1, Sum: 0.5]
      [GC Worker Total (ms): Min: 1.2, Avg: 1.4, Max: 1.5, Diff: 0.3, Sum: 8.4]
      [GC Worker End (ms): Min: 380926.5, Avg: 380926.6, Max: 380926.6, Diff: 0.1]
   [Code Root Fixup: 0.0 ms]
   [Code Root Purge: 0.0 ms]
   [Clear CT: 0.5 ms]
   [Other: 1.0 ms]
      [Choose CSet: 0.0 ms]
      [Ref Proc: 0.1 ms]
      [Ref Enq: 0.0 ms]
      [Redirty Cards: 0.1 ms]
      [Humongous Register: 0.0 ms]
      [Humongous Reclaim: 0.0 ms]
      [Free CSet: 0.6 ms]
   [Eden: 2446.0M(2446.0M)->0.0B(2446.0M) Survivors: 10240.0K->10240.0K Heap: 2475.1M(4096.0M)->29798.4K(4096.0M)]
 [Times: user=0.00 sys=0.00, real=0.00 secs] 
2024-10-12T18:58:50.634+0300: 380.928: Total time for which application threads were stopped: 0.0034813 seconds, Stopping threads took: 0.0001732 seconds
2024-10-12T18:58:51.419+0300: 381.704: Application time: 0.7760462 seconds
2024-10-12T18:58:51.419+0300: 381.705: [GC pause (G1 Evacuation Pause) (young), 0.0030962 secs]
   [Parallel Time: 1.6 ms, GC Workers: 6]
      [GC Worker Start (ms): Min: 381704.6, Avg: 381704.7, Max: 381704.7, Diff: 0.1]
      [Ext Root Scanning (ms): Min: 0.3, Avg: 0.3, Max: 0.4, Diff: 0.1, Sum: 2.0]
      [Update RS (ms): Min: 0.1, Avg: 0.1, Max: 0.1, Diff: 0.1, Sum: 0.6]
         [Processed Buffers: Min: 1, Avg: 2.2, Max: 4, Diff: 3, Sum: 13]
      [Scan RS (ms): Min: 0.1, Avg: 0.2, Max: 0.2, Diff: 0.1, Sum: 1.0]
      [Code Root Scanning (ms): Min: 0.0, Avg: 0.0, Max: 0.0, Diff: 0.0, Sum: 0.0]
      [Object Copy (ms): Min: 0.8, Avg: 0.8, Max: 0.8, Diff: 0.1, Sum: 4.8]
      [Termination (ms): Min: 0.0, Avg: 0.0, Max: 0.0, Diff: 0.0, Sum: 0.0]
         [Termination Attempts: Min: 1, Avg: 1.0, Max: 1, Diff: 0, Sum: 6]
      [GC Worker Other (ms): Min: 0.0, Avg: 0.1, Max: 0.1, Diff: 0.1, Sum: 0.5]
      [GC Worker Total (ms): Min: 1.4, Avg: 1.5, Max: 1.5, Diff: 0.1, Sum: 8.8]
      [GC Worker End (ms): Min: 381706.1, Avg: 381706.1, Max: 381706.2, Diff: 0.1]
   [Code Root Fixup: 0.0 ms]
   [Code Root Purge: 0.0 ms]
   [Clear CT: 0.5 ms]
   [Other: 1.0 ms]
      [Choose CSet: 0.0 ms]
      [Ref Proc: 0.1 ms]
      [Ref Enq: 0.0 ms]
      [Redirty Cards: 0.1 ms]
      [Humongous Register: 0.0 ms]
      [Humongous Reclaim: 0.0 ms]
      [Free CSet: 0.7 ms]
   [Eden: 2446.0M(2446.0M)->0.0B(2446.0M) Survivors: 10240.0K->10240.0K Heap: 2475.1M(4096.0M)->29797.5K(4096.0M)]
 [Times: user=0.00 sys=0.00, real=0.00 secs] 
2024-10-12T18:58:51.419+0300: 381.708: Total time for which application threads were stopped: 0.0035201 seconds, Stopping threads took: 0.0001693 seconds
2024-10-12T18:58:52.204+0300: 382.496: Application time: 0.7886394 seconds
2024-10-12T18:58:52.204+0300: 382.497: [GC pause (G1 Evacuation Pause) (young), 0.0037219 secs]
   [Parallel Time: 1.6 ms, GC Workers: 6]
      [GC Worker Start (ms): Min: 382496.8, Avg: 382496.9, Max: 382497.2, Diff: 0.4]
      [Ext Root Scanning (ms): Min: 0.0, Avg: 0.3, Max: 0.4, Diff: 0.4, Sum: 1.7]
      [Update RS (ms): Min: 0.1, Avg: 0.1, Max: 0.1, Diff: 0.1, Sum: 0.6]
         [Processed Buffers: Min: 1, Avg: 2.2, Max: 3, Diff: 2, Sum: 13]
      [Scan RS (ms): Min: 0.2, Avg: 0.2, Max: 0.2, Diff: 0.0, Sum: 1.1]
      [Code Root Scanning (ms): Min: 0.0, Avg: 0.0, Max: 0.0, Diff: 0.0, Sum: 0.0]
      [Object Copy (ms): Min: 0.7, Avg: 0.7, Max: 0.8, Diff: 0.1, Sum: 4.4]
      [Termination (ms): Min: 0.0, Avg: 0.0, Max: 0.0, Diff: 0.0, Sum: 0.0]
         [Termination Attempts: Min: 1, Avg: 1.2, Max: 2, Diff: 1, Sum: 7]
      [GC Worker Other (ms): Min: 0.0, Avg: 0.1, Max: 0.2, Diff: 0.1, Sum: 0.7]
      [GC Worker Total (ms): Min: 1.2, Avg: 1.4, Max: 1.5, Diff: 0.3, Sum: 8.4]
      [GC Worker End (ms): Min: 382498.2, Avg: 382498.3, Max: 382498.3, Diff: 0.1]
   [Code Root Fixup: 0.0 ms]
   [Code Root Purge: 0.0 ms]
   [Clear CT: 0.6 ms]
   [Other: 1.5 ms]
      [Choose CSet: 0.0 ms]
      [Ref Proc: 0.2 ms]
      [Ref Enq: 0.0 ms]
      [Redirty Cards: 0.1 ms]
      [Humongous Register: 0.1 ms]
      [Humongous Reclaim: 0.0 ms]
      [Free CSet: 1.0 ms]
   [Eden: 2446.0M(2446.0M)->0.0B(2448.0M) Survivors: 10240.0K->8192.0K Heap: 2475.1M(4096.0M)->27743.6K(4096.0M)]
 [Times: user=0.02 sys=0.00, real=0.02 secs] 
2024-10-12T18:58:52.220+0300: 382.501: Total time for which application threads were stopped: 0.0041440 seconds, Stopping threads took: 0.0001688 seconds
2024-10-12T18:58:53.005+0300: 383.286: Application time: 0.7858057 seconds
2024-10-12T18:58:53.005+0300: 383.287: [GC pause (G1 Evacuation Pause) (young), 0.0035112 secs]
   [Parallel Time: 1.6 ms, GC Workers: 6]
      [GC Worker Start (ms): Min: 383286.7, Avg: 383286.7, Max: 383286.8, Diff: 0.1]
      [Ext Root Scanning (ms): Min: 0.3, Avg: 0.3, Max: 0.4, Diff: 0.1, Sum: 2.0]
      [Update RS (ms): Min: 0.1, Avg: 0.1, Max: 0.1, Diff: 0.1, Sum: 0.6]
         [Processed Buffers: Min: 1, Avg: 2.2, Max: 4, Diff: 3, Sum: 13]
      [Scan RS (ms): Min: 0.2, Avg: 0.2, Max: 0.2, Diff: 0.1, Sum: 1.0]
      [Code Root Scanning (ms): Min: 0.0, Avg: 0.0, Max: 0.0, Diff: 0.0, Sum: 0.0]
      [Object Copy (ms): Min: 0.7, Avg: 0.7, Max: 0.8, Diff: 0.0, Sum: 4.4]
      [Termination (ms): Min: 0.0, Avg: 0.0, Max: 0.0, Diff: 0.0, Sum: 0.0]
         [Termination Attempts: Min: 1, Avg: 1.2, Max: 2, Diff: 1, Sum: 7]
      [GC Worker Other (ms): Min: 0.0, Avg: 0.1, Max: 0.1, Diff: 0.1, Sum: 0.6]
      [GC Worker Total (ms): Min: 1.4, Avg: 1.4, Max: 1.5, Diff: 0.1, Sum: 8.7]
      [GC Worker End (ms): Min: 383288.1, Avg: 383288.2, Max: 383288.2, Diff: 0.1]
   [Code Root Fixup: 0.0 ms]
   [Code Root Purge: 0.0 ms]
   [Clear CT: 0.5 ms]
   [Other: 1.4 ms]
      [Choose CSet: 0.0 ms]
      [Ref Proc: 0.1 ms]
      [Ref Enq: 0.0 ms]
      [Redirty Cards: 0.1 ms]
      [Humongous Register: 0.1 ms]
      [Humongous Reclaim: 0.0 ms]
      [Free CSet: 0.9 ms]
   [Eden: 2448.0M(2448.0M)->0.0B(2448.0M) Survivors: 8192.0K->8192.0K Heap: 2475.1M(4096.0M)->28649.6K(4096.0M)]
 [Times: user=0.05 sys=0.00, real=0.00 secs] 
2024-10-12T18:58:53.005+0300: 383.290: Total time for which application threads were stopped: 0.0038808 seconds, Stopping threads took: 0.0001252 seconds
2024-10-12T18:58:53.798+0300: 384.081: Application time: 0.7903255 seconds
2024-10-12T18:58:53.798+0300: 384.081: [GC pause (G1 Evacuation Pause) (young), 0.0034226 secs]
   [Parallel Time: 1.7 ms, GC Workers: 6]
      [GC Worker Start (ms): Min: 384080.9, Avg: 384080.9, Max: 384081.0, Diff: 0.1]
      [Ext Root Scanning (ms): Min: 0.3, Avg: 0.3, Max: 0.4, Diff: 0.1, Sum: 2.0]
      [Update RS (ms): Min: 0.1, Avg: 0.1, Max: 0.1, Diff: 0.0, Sum: 0.6]
         [Processed Buffers: Min: 1, Avg: 2.2, Max: 4, Diff: 3, Sum: 13]
      [Scan RS (ms): Min: 0.2, Avg: 0.2, Max: 0.2, Diff: 0.0, Sum: 1.0]
      [Code Root Scanning (ms): Min: 0.0, Avg: 0.0, Max: 0.0, Diff: 0.0, Sum: 0.0]
      [Object Copy (ms): Min: 0.9, Avg: 0.9, Max: 0.9, Diff: 0.0, Sum: 5.3]
      [Termination (ms): Min: 0.0, Avg: 0.0, Max: 0.0, Diff: 0.0, Sum: 0.0]
         [Termination Attempts: Min: 1, Avg: 2.5, Max: 7, Diff: 6, Sum: 15]
      [GC Worker Other (ms): Min: 0.0, Avg: 0.1, Max: 0.2, Diff: 0.1, Sum: 0.6]
      [GC Worker Total (ms): Min: 1.5, Avg: 1.6, Max: 1.7, Diff: 0.1, Sum: 9.5]
      [GC Worker End (ms): Min: 384082.4, Avg: 384082.5, Max: 384082.6, Diff: 0.1]
   [Code Root Fixup: 0.0 ms]
   [Code Root Purge: 0.0 ms]
   [Clear CT: 0.5 ms]
   [Other: 1.2 ms]
      [Choose CSet: 0.0 ms]
      [Ref Proc: 0.1 ms]
      [Ref Enq: 0.0 ms]
      [Redirty Cards: 0.1 ms]
      [Humongous Register: 0.0 ms]
      [Humongous Reclaim: 0.0 ms]
      [Free CSet: 0.7 ms]
   [Eden: 2448.0M(2448.0M)->0.0B(2444.0M) Survivors: 8192.0K->12288.0K Heap: 2476.0M(4096.0M)->31838.8K(4096.0M)]
 [Times: user=0.00 sys=0.00, real=0.01 secs] 
2024-10-12T18:58:53.805+0300: 384.084: Total time for which application threads were stopped: 0.0038593 seconds, Stopping threads took: 0.0001356 seconds
2024-10-12T18:58:54.590+0300: 384.874: Application time: 0.7891165 seconds
2024-10-12T18:58:54.590+0300: 384.874: [GC pause (G1 Evacuation Pause) (young), 0.0037646 secs]
   [Parallel Time: 2.0 ms, GC Workers: 6]
      [GC Worker Start (ms): Min: 384873.9, Avg: 384874.0, Max: 384874.0, Diff: 0.1]
      [Ext Root Scanning (ms): Min: 0.3, Avg: 0.3, Max: 0.4, Diff: 0.1, Sum: 2.0]
      [Update RS (ms): Min: 0.1, Avg: 0.1, Max: 0.1, Diff: 0.1, Sum: 0.6]
         [Processed Buffers: Min: 1, Avg: 2.2, Max: 3, Diff: 2, Sum: 13]
      [Scan RS (ms): Min: 0.1, Avg: 0.2, Max: 0.2, Diff: 0.0, Sum: 1.0]
      [Code Root Scanning (ms): Min: 0.0, Avg: 0.0, Max: 0.0, Diff: 0.0, Sum: 0.0]
      [Object Copy (ms): Min: 1.1, Avg: 1.1, Max: 1.2, Diff: 0.1, Sum: 6.8]
      [Termination (ms): Min: 0.0, Avg: 0.0, Max: 0.0, Diff: 0.0, Sum: 0.0]
         [Termination Attempts: Min: 1, Avg: 2.0, Max: 3, Diff: 2, Sum: 12]
      [GC Worker Other (ms): Min: 0.0, Avg: 0.1, Max: 0.2, Diff: 0.1, Sum: 0.6]
      [GC Worker Total (ms): Min: 1.8, Avg: 1.8, Max: 1.9, Diff: 0.1, Sum: 11.0]
      [GC Worker End (ms): Min: 384875.7, Avg: 384875.8, Max: 384875.9, Diff: 0.1]
   [Code Root Fixup: 0.0 ms]
   [Code Root Purge: 0.0 ms]
   [Clear CT: 0.6 ms]
   [Other: 1.2 ms]
      [Choose CSet: 0.0 ms]
      [Ref Proc: 0.1 ms]
      [Ref Enq: 0.0 ms]
      [Redirty Cards: 0.1 ms]
      [Humongous Register: 0.1 ms]
      [Humongous Reclaim: 0.0 ms]
      [Free CSet: 0.8 ms]
   [Eden: 2444.0M(2444.0M)->0.0B(2444.0M) Survivors: 12288.0K->12288.0K Heap: 2475.1M(4096.0M)->32946.1K(4096.0M)]
 [Times: user=0.00 sys=0.00, real=0.00 secs] 
2024-10-12T18:58:54.590+0300: 384.878: Total time for which application threads were stopped: 0.0041721 seconds, Stopping threads took: 0.0001698 seconds
2024-10-12T18:58:55.374+0300: 385.665: Application time: 0.7868485 seconds
2024-10-12T18:58:55.374+0300: 385.665: [GC pause (G1 Evacuation Pause) (young), 0.0039406 secs]
   [Parallel Time: 2.3 ms, GC Workers: 6]
      [GC Worker Start (ms): Min: 385664.9, Avg: 385665.0, Max: 385665.4, Diff: 0.4]
      [Ext Root Scanning (ms): Min: 0.0, Avg: 0.3, Max: 0.4, Diff: 0.4, Sum: 1.9]
      [Update RS (ms): Min: 0.0, Avg: 0.1, Max: 0.1, Diff: 0.1, Sum: 0.6]
         [Processed Buffers: Min: 1, Avg: 2.2, Max: 4, Diff: 3, Sum: 13]
      [Scan RS (ms): Min: 0.2, Avg: 0.2, Max: 0.2, Diff: 0.0, Sum: 1.1]
      [Code Root Scanning (ms): Min: 0.0, Avg: 0.0, Max: 0.0, Diff: 0.0, Sum: 0.0]
      [Object Copy (ms): Min: 1.4, Avg: 1.4, Max: 1.5, Diff: 0.1, Sum: 8.5]
      [Termination (ms): Min: 0.0, Avg: 0.0, Max: 0.0, Diff: 0.0, Sum: 0.0]
         [Termination Attempts: Min: 1, Avg: 1.3, Max: 3, Diff: 2, Sum: 8]
      [GC Worker Other (ms): Min: 0.0, Avg: 0.1, Max: 0.2, Diff: 0.1, Sum: 0.7]
      [GC Worker Total (ms): Min: 1.8, Avg: 2.1, Max: 2.3, Diff: 0.4, Sum: 12.9]
      [GC Worker End (ms): Min: 385667.1, Avg: 385667.2, Max: 385667.2, Diff: 0.1]
   [Code Root Fixup: 0.0 ms]
   [Code Root Purge: 0.0 ms]
   [Clear CT: 0.5 ms]
   [Other: 1.1 ms]
      [Choose CSet: 0.0 ms]
      [Ref Proc: 0.1 ms]
      [Ref Enq: 0.0 ms]
      [Redirty Cards: 0.1 ms]
      [Humongous Register: 0.1 ms]
      [Humongous Reclaim: 0.0 ms]
      [Free CSet: 0.7 ms]
   [Eden: 2444.0M(2444.0M)->0.0B(2442.0M) Survivors: 12288.0K->14336.0K Heap: 2476.2M(4096.0M)->33665.1K(4096.0M)]
 [Times: user=0.00 sys=0.00, real=0.00 secs] 
2024-10-12T18:58:55.374+0300: 385.669: Total time for which application threads were stopped: 0.0043683 seconds, Stopping threads took: 0.0001399 seconds
2024-10-12T18:58:56.160+0300: 386.453: Application time: 0.7838788 seconds
2024-10-12T18:58:56.160+0300: 386.453: [GC pause (G1 Evacuation Pause) (young), 0.0041667 secs]
   [Parallel Time: 2.3 ms, GC Workers: 6]
      [GC Worker Start (ms): Min: 386453.3, Avg: 386453.3, Max: 386453.3, Diff: 0.1]
      [Ext Root Scanning (ms): Min: 0.3, Avg: 0.3, Max: 0.4, Diff: 0.1, Sum: 2.1]
      [Update RS (ms): Min: 0.1, Avg: 0.1, Max: 0.1, Diff: 0.1, Sum: 0.6]
         [Processed Buffers: Min: 1, Avg: 2.2, Max: 3, Diff: 2, Sum: 13]
      [Scan RS (ms): Min: 0.1, Avg: 0.2, Max: 0.2, Diff: 0.1, Sum: 1.0]
      [Code Root Scanning (ms): Min: 0.0, Avg: 0.0, Max: 0.0, Diff: 0.0, Sum: 0.0]
      [Object Copy (ms): Min: 1.5, Avg: 1.5, Max: 1.5, Diff: 0.1, Sum: 9.1]
      [Termination (ms): Min: 0.0, Avg: 0.0, Max: 0.0, Diff: 0.0, Sum: 0.0]
         [Termination Attempts: Min: 1, Avg: 1.0, Max: 1, Diff: 0, Sum: 6]
      [GC Worker Other (ms): Min: 0.0, Avg: 0.1, Max: 0.1, Diff: 0.1, Sum: 0.5]
      [GC Worker Total (ms): Min: 2.1, Avg: 2.2, Max: 2.3, Diff: 0.1, Sum: 13.3]
      [GC Worker End (ms): Min: 386455.5, Avg: 386455.5, Max: 386455.5, Diff: 0.1]
   [Code Root Fixup: 0.0 ms]
   [Code Root Purge: 0.0 ms]
   [Clear CT: 0.5 ms]
   [Other: 1.3 ms]
      [Choose CSet: 0.0 ms]
      [Ref Proc: 0.1 ms]
      [Ref Enq: 0.0 ms]
      [Redirty Cards: 0.1 ms]
      [Humongous Register: 0.1 ms]
      [Humongous Reclaim: 0.0 ms]
      [Free CSet: 0.8 ms]
   [Eden: 2442.0M(2442.0M)->0.0B(2444.0M) Survivors: 14336.0K->12288.0K Heap: 2474.9M(4096.0M)->32973.7K(4096.0M)]
 [Times: user=0.03 sys=0.00, real=0.01 secs] 
2024-10-12T18:58:56.175+0300: 386.457: Total time for which application threads were stopped: 0.0046022 seconds, Stopping threads took: 0.0002107 seconds
2024-10-12T18:58:56.961+0300: 387.241: Application time: 0.7839110 seconds
2024-10-12T18:58:56.961+0300: 387.242: [GC pause (G1 Evacuation Pause) (young), 0.0042366 secs]
   [Parallel Time: 2.5 ms, GC Workers: 6]
      [GC Worker Start (ms): Min: 387241.7, Avg: 387241.7, Max: 387241.8, Diff: 0.1]
      [Ext Root Scanning (ms): Min: 0.2, Avg: 0.3, Max: 0.4, Diff: 0.1, Sum: 2.0]
      [Update RS (ms): Min: 0.1, Avg: 0.1, Max: 0.1, Diff: 0.0, Sum: 0.6]
         [Processed Buffers: Min: 1, Avg: 2.2, Max: 4, Diff: 3, Sum: 13]
      [Scan RS (ms): Min: 0.1, Avg: 0.2, Max: 0.2, Diff: 0.1, Sum: 1.1]
      [Code Root Scanning (ms): Min: 0.0, Avg: 0.0, Max: 0.0, Diff: 0.0, Sum: 0.0]
      [Object Copy (ms): Min: 1.6, Avg: 1.6, Max: 1.6, Diff: 0.1, Sum: 9.5]
      [Termination (ms): Min: 0.0, Avg: 0.0, Max: 0.0, Diff: 0.0, Sum: 0.0]
         [Termination Attempts: Min: 1, Avg: 1.0, Max: 1, Diff: 0, Sum: 6]
      [GC Worker Other (ms): Min: 0.0, Avg: 0.1, Max: 0.1, Diff: 0.1, Sum: 0.4]
      [GC Worker Total (ms): Min: 2.2, Avg: 2.3, Max: 2.3, Diff: 0.1, Sum: 13.5]
      [GC Worker End (ms): Min: 387243.9, Avg: 387244.0, Max: 387244.0, Diff: 0.1]
   [Code Root Fixup: 0.0 ms]
   [Code Root Purge: 0.0 ms]
   [Clear CT: 0.6 ms]
   [Other: 1.2 ms]
      [Choose CSet: 0.0 ms]
      [Ref Proc: 0.2 ms]
      [Ref Enq: 0.0 ms]
      [Redirty Cards: 0.1 ms]
      [Humongous Register: 0.0 ms]
      [Humongous Reclaim: 0.0 ms]
      [Free CSet: 0.7 ms]
   [Eden: 2444.0M(2444.0M)->0.0B(2444.0M) Survivors: 12288.0K->12288.0K Heap: 2476.2M(4096.0M)->32976.2K(4096.0M)]
 [Times: user=0.00 sys=0.00, real=0.00 secs] 
2024-10-12T18:58:56.961+0300: 387.246: Total time for which application threads were stopped: 0.0045984 seconds, Stopping threads took: 0.0001422 seconds
2024-10-12T18:58:57.730+0300: 388.021: Application time: 0.7747429 seconds
2024-10-12T18:58:57.730+0300: 388.021: [GC pause (G1 Evacuation Pause) (young), 0.0033105 secs]
   [Parallel Time: 1.6 ms, GC Workers: 6]
      [GC Worker Start (ms): Min: 388021.0, Avg: 388021.1, Max: 388021.4, Diff: 0.4]
      [Ext Root Scanning (ms): Min: 0.0, Avg: 0.3, Max: 0.4, Diff: 0.4, Sum: 1.9]
      [Update RS (ms): Min: 0.1, Avg: 0.1, Max: 0.1, Diff: 0.0, Sum: 0.6]
         [Processed Buffers: Min: 1, Avg: 2.2, Max: 3, Diff: 2, Sum: 13]
      [Scan RS (ms): Min: 0.2, Avg: 0.2, Max: 0.2, Diff: 0.0, Sum: 1.1]
      [Code Root Scanning (ms): Min: 0.0, Avg: 0.0, Max: 0.0, Diff: 0.0, Sum: 0.0]
      [Object Copy (ms): Min: 0.7, Avg: 0.7, Max: 0.8, Diff: 0.1, Sum: 4.4]
      [Termination (ms): Min: 0.0, Avg: 0.0, Max: 0.0, Diff: 0.0, Sum: 0.0]
         [Termination Attempts: Min: 1, Avg: 1.0, Max: 1, Diff: 0, Sum: 6]
      [GC Worker Other (ms): Min: 0.0, Avg: 0.1, Max: 0.1, Diff: 0.1, Sum: 0.5]
      [GC Worker Total (ms): Min: 1.1, Avg: 1.4, Max: 1.5, Diff: 0.4, Sum: 8.6]
      [GC Worker End (ms): Min: 388022.5, Avg: 388022.5, Max: 388022.6, Diff: 0.1]
   [Code Root Fixup: 0.0 ms]
   [Code Root Purge: 0.0 ms]
   [Clear CT: 0.5 ms]
   [Other: 1.2 ms]
      [Choose CSet: 0.0 ms]
      [Ref Proc: 0.1 ms]
      [Ref Enq: 0.0 ms]
      [Redirty Cards: 0.1 ms]
      [Humongous Register: 0.0 ms]
      [Humongous Reclaim: 0.0 ms]
      [Free CSet: 0.7 ms]
   [Eden: 2444.0M(2444.0M)->0.0B(2448.0M) Survivors: 12288.0K->8192.0K Heap: 2476.2M(4096.0M)->27858.7K(4096.0M)]
 [Times: user=0.00 sys=0.00, real=0.00 secs] 
2024-10-12T18:58:57.730+0300: 388.024: Total time for which application threads were stopped: 0.0037513 seconds, Stopping threads took: 0.0001335 seconds
2024-10-12T18:58:58.515+0300: 388.805: Application time: 0.7804143 seconds
2024-10-12T18:58:58.515+0300: 388.805: [GC pause (G1 Evacuation Pause) (young), 0.0034252 secs]
   [Parallel Time: 1.8 ms, GC Workers: 6]
      [GC Worker Start (ms): Min: 388805.4, Avg: 388805.5, Max: 388805.6, Diff: 0.1]
      [Ext Root Scanning (ms): Min: 0.3, Avg: 0.4, Max: 0.4, Diff: 0.1, Sum: 2.2]
      [Update RS (ms): Min: 0.0, Avg: 0.1, Max: 0.2, Diff: 0.2, Sum: 0.8]
         [Processed Buffers: Min: 0, Avg: 2.2, Max: 4, Diff: 4, Sum: 13]
      [Scan RS (ms): Min: 0.0, Avg: 0.2, Max: 0.2, Diff: 0.2, Sum: 1.1]
      [Code Root Scanning (ms): Min: 0.0, Avg: 0.0, Max: 0.0, Diff: 0.0, Sum: 0.0]
      [Object Copy (ms): Min: 0.8, Avg: 0.9, Max: 1.2, Diff: 0.4, Sum: 5.5]
      [Termination (ms): Min: 0.0, Avg: 0.0, Max: 0.0, Diff: 0.0, Sum: 0.0]
         [Termination Attempts: Min: 1, Avg: 1.0, Max: 1, Diff: 0, Sum: 6]
      [GC Worker Other (ms): Min: 0.1, Avg: 0.1, Max: 0.1, Diff: 0.1, Sum: 0.6]
      [GC Worker Total (ms): Min: 1.6, Avg: 1.7, Max: 1.8, Diff: 0.1, Sum: 10.2]
      [GC Worker End (ms): Min: 388807.1, Avg: 388807.2, Max: 388807.2, Diff: 0.1]
   [Code Root Fixup: 0.0 ms]
   [Code Root Purge: 0.0 ms]
   [Clear CT: 0.5 ms]
   [Other: 1.1 ms]
      [Choose CSet: 0.0 ms]
      [Ref Proc: 0.1 ms]
      [Ref Enq: 0.0 ms]
      [Redirty Cards: 0.1 ms]
      [Humongous Register: 0.1 ms]
      [Humongous Reclaim: 0.0 ms]
      [Free CSet: 0.6 ms]
   [Eden: 2448.0M(2448.0M)->0.0B(2448.0M) Survivors: 8192.0K->8192.0K Heap: 2475.2M(4096.0M)->28885.2K(4096.0M)]
 [Times: user=0.00 sys=0.00, real=0.00 secs] 
2024-10-12T18:58:58.515+0300: 388.809: Total time for which application threads were stopped: 0.0039359 seconds, Stopping threads took: 0.0002311 seconds
2024-10-12T18:58:59.311+0300: 389.594: Application time: 0.7853522 seconds
2024-10-12T18:58:59.311+0300: 389.594: [GC pause (G1 Evacuation Pause) (young), 0.0032785 secs]
   [Parallel Time: 1.7 ms, GC Workers: 6]
      [GC Worker Start (ms): Min: 389594.5, Avg: 389594.6, Max: 389594.7, Diff: 0.2]
      [Ext Root Scanning (ms): Min: 0.2, Avg: 0.3, Max: 0.4, Diff: 0.2, Sum: 2.0]
      [Update RS (ms): Min: 0.1, Avg: 0.1, Max: 0.1, Diff: 0.0, Sum: 0.6]
         [Processed Buffers: Min: 1, Avg: 2.2, Max: 3, Diff: 2, Sum: 13]
      [Scan RS (ms): Min: 0.1, Avg: 0.2, Max: 0.2, Diff: 0.1, Sum: 1.0]
      [Code Root Scanning (ms): Min: 0.0, Avg: 0.0, Max: 0.0, Diff: 0.0, Sum: 0.0]
      [Object Copy (ms): Min: 0.7, Avg: 0.7, Max: 0.8, Diff: 0.1, Sum: 4.4]
      [Termination (ms): Min: 0.0, Avg: 0.0, Max: 0.0, Diff: 0.0, Sum: 0.0]
         [Termination Attempts: Min: 1, Avg: 1.0, Max: 1, Diff: 0, Sum: 6]
      [GC Worker Other (ms): Min: 0.0, Avg: 0.1, Max: 0.2, Diff: 0.1, Sum: 0.6]
      [GC Worker Total (ms): Min: 1.4, Avg: 1.4, Max: 1.5, Diff: 0.2, Sum: 8.7]
      [GC Worker End (ms): Min: 389596.0, Avg: 389596.0, Max: 389596.1, Diff: 0.1]
   [Code Root Fixup: 0.0 ms]
   [Code Root Purge: 0.0 ms]
   [Clear CT: 0.5 ms]
   [Other: 1.1 ms]
      [Choose CSet: 0.0 ms]
      [Ref Proc: 0.1 ms]
      [Ref Enq: 0.0 ms]
      [Redirty Cards: 0.1 ms]
      [Humongous Register: 0.1 ms]
      [Humongous Reclaim: 0.0 ms]
      [Free CSet: 0.6 ms]
   [Eden: 2448.0M(2448.0M)->0.0B(2448.0M) Survivors: 8192.0K->8192.0K Heap: 2476.2M(4096.0M)->27809.3K(4096.0M)]
 [Times: user=0.00 sys=0.00, real=0.00 secs] 
2024-10-12T18:58:59.315+0300: 389.598: Total time for which application threads were stopped: 0.0036954 seconds, Stopping threads took: 0.0001001 seconds
2024-10-12T18:59:00.100+0300: 390.383: Application time: 0.7854213 seconds
2024-10-12T18:59:00.100+0300: 390.384: [GC pause (G1 Evacuation Pause) (young), 0.0032073 secs]
   [Parallel Time: 1.6 ms, GC Workers: 6]
      [GC Worker Start (ms): Min: 390383.7, Avg: 390383.7, Max: 390383.8, Diff: 0.1]
      [Ext Root Scanning (ms): Min: 0.3, Avg: 0.3, Max: 0.4, Diff: 0.1, Sum: 2.0]
      [Update RS (ms): Min: 0.1, Avg: 0.1, Max: 0.1, Diff: 0.1, Sum: 0.6]
         [Processed Buffers: Min: 1, Avg: 2.2, Max: 4, Diff: 3, Sum: 13]
      [Scan RS (ms): Min: 0.1, Avg: 0.2, Max: 0.2, Diff: 0.0, Sum: 1.0]
      [Code Root Scanning (ms): Min: 0.0, Avg: 0.0, Max: 0.0, Diff: 0.0, Sum: 0.0]
      [Object Copy (ms): Min: 0.8, Avg: 0.8, Max: 0.8, Diff: 0.1, Sum: 4.8]
      [Termination (ms): Min: 0.0, Avg: 0.0, Max: 0.0, Diff: 0.0, Sum: 0.0]
         [Termination Attempts: Min: 1, Avg: 1.3, Max: 2, Diff: 1, Sum: 8]
      [GC Worker Other (ms): Min: 0.0, Avg: 0.1, Max: 0.1, Diff: 0.1, Sum: 0.4]
      [GC Worker Total (ms): Min: 1.4, Avg: 1.5, Max: 1.6, Diff: 0.2, Sum: 8.9]
      [GC Worker End (ms): Min: 390385.2, Avg: 390385.2, Max: 390385.3, Diff: 0.1]
   [Code Root Fixup: 0.0 ms]
   [Code Root Purge: 0.0 ms]
   [Clear CT: 0.5 ms]
   [Other: 1.1 ms]
      [Choose CSet: 0.0 ms]
      [Ref Proc: 0.1 ms]
      [Ref Enq: 0.0 ms]
      [Redirty Cards: 0.1 ms]
      [Humongous Register: 0.1 ms]
      [Humongous Reclaim: 0.0 ms]
      [Free CSet: 0.7 ms]
   [Eden: 2448.0M(2448.0M)->0.0B(2448.0M) Survivors: 8192.0K->8192.0K Heap: 2475.2M(4096.0M)->28727.8K(4096.0M)]
 [Times: user=0.00 sys=0.00, real=0.00 secs] 
2024-10-12T18:59:00.100+0300: 390.387: Total time for which application threads were stopped: 0.0036563 seconds, Stopping threads took: 0.0002027 seconds
2024-10-12T18:59:00.869+0300: 391.160: Application time: 0.7726876 seconds
2024-10-12T18:59:00.869+0300: 391.160: [GC pause (G1 Evacuation Pause) (young), 0.0032231 secs]
   [Parallel Time: 1.7 ms, GC Workers: 6]
      [GC Worker Start (ms): Min: 391160.0, Avg: 391160.0, Max: 391160.1, Diff: 0.1]
      [Ext Root Scanning (ms): Min: 0.3, Avg: 0.4, Max: 0.4, Diff: 0.1, Sum: 2.3]
      [Update RS (ms): Min: 0.0, Avg: 0.1, Max: 0.2, Diff: 0.2, Sum: 0.6]
         [Processed Buffers: Min: 0, Avg: 2.2, Max: 3, Diff: 3, Sum: 13]
      [Scan RS (ms): Min: 0.2, Avg: 0.2, Max: 0.2, Diff: 0.0, Sum: 1.1]
      [Code Root Scanning (ms): Min: 0.0, Avg: 0.0, Max: 0.0, Diff: 0.0, Sum: 0.0]
      [Object Copy (ms): Min: 0.8, Avg: 0.8, Max: 0.9, Diff: 0.2, Sum: 4.8]
      [Termination (ms): Min: 0.0, Avg: 0.0, Max: 0.0, Diff: 0.0, Sum: 0.0]
         [Termination Attempts: Min: 1, Avg: 1.5, Max: 2, Diff: 1, Sum: 9]
      [GC Worker Other (ms): Min: 0.0, Avg: 0.1, Max: 0.1, Diff: 0.1, Sum: 0.5]
      [GC Worker Total (ms): Min: 1.5, Avg: 1.6, Max: 1.6, Diff: 0.2, Sum: 9.4]
      [GC Worker End (ms): Min: 391161.5, Avg: 391161.6, Max: 391161.6, Diff: 0.1]
   [Code Root Fixup: 0.0 ms]
   [Code Root Purge: 0.0 ms]
   [Clear CT: 0.5 ms]
   [Other: 1.1 ms]
      [Choose CSet: 0.0 ms]
      [Ref Proc: 0.1 ms]
      [Ref Enq: 0.0 ms]
      [Redirty Cards: 0.1 ms]
      [Humongous Register: 0.1 ms]
      [Humongous Reclaim: 0.0 ms]
      [Free CSet: 0.7 ms]
   [Eden: 2448.0M(2448.0M)->0.0B(2448.0M) Survivors: 8192.0K->8192.0K Heap: 2476.1M(4096.0M)->28722.4K(4096.0M)]
 [Times: user=0.00 sys=0.00, real=0.00 secs] 
2024-10-12T18:59:00.869+0300: 391.163: Total time for which application threads were stopped: 0.0036415 seconds, Stopping threads took: 0.0001649 seconds
2024-10-12T18:59:01.654+0300: 391.942: Application time: 0.7786312 seconds
2024-10-12T18:59:01.654+0300: 391.942: [GC pause (G1 Evacuation Pause) (young), 0.0034788 secs]
   [Parallel Time: 1.7 ms, GC Workers: 6]
      [GC Worker Start (ms): Min: 391942.3, Avg: 391942.3, Max: 391942.3, Diff: 0.0]
      [Ext Root Scanning (ms): Min: 0.3, Avg: 0.3, Max: 0.4, Diff: 0.0, Sum: 2.0]
      [Update RS (ms): Min: 0.1, Avg: 0.1, Max: 0.1, Diff: 0.0, Sum: 0.6]
         [Processed Buffers: Min: 1, Avg: 2.2, Max: 4, Diff: 3, Sum: 13]
      [Scan RS (ms): Min: 0.2, Avg: 0.2, Max: 0.2, Diff: 0.0, Sum: 1.0]
      [Code Root Scanning (ms): Min: 0.0, Avg: 0.0, Max: 0.0, Diff: 0.0, Sum: 0.0]
      [Object Copy (ms): Min: 0.8, Avg: 0.8, Max: 0.8, Diff: 0.0, Sum: 4.8]
      [Termination (ms): Min: 0.0, Avg: 0.0, Max: 0.0, Diff: 0.0, Sum: 0.0]
         [Termination Attempts: Min: 1, Avg: 1.7, Max: 2, Diff: 1, Sum: 10]
      [GC Worker Other (ms): Min: 0.0, Avg: 0.1, Max: 0.2, Diff: 0.2, Sum: 0.7]
      [GC Worker Total (ms): Min: 1.5, Avg: 1.5, Max: 1.6, Diff: 0.2, Sum: 9.2]
      [GC Worker End (ms): Min: 391943.7, Avg: 391943.8, Max: 391943.9, Diff: 0.2]
   [Code Root Fixup: 0.0 ms]
   [Code Root Purge: 0.0 ms]
   [Clear CT: 0.6 ms]
   [Other: 1.2 ms]
      [Choose CSet: 0.0 ms]
      [Ref Proc: 0.1 ms]
      [Ref Enq: 0.0 ms]
      [Redirty Cards: 0.1 ms]
      [Humongous Register: 0.1 ms]
      [Humongous Reclaim: 0.0 ms]
      [Free CSet: 0.7 ms]
   [Eden: 2448.0M(2448.0M)->0.0B(2446.0M) Survivors: 8192.0K->10240.0K Heap: 2476.0M(4096.0M)->29818.0K(4096.0M)]
 [Times: user=0.00 sys=0.00, real=0.00 secs] 
2024-10-12T18:59:01.654+0300: 391.946: Total time for which application threads were stopped: 0.0038527 seconds, Stopping threads took: 0.0001388 seconds
2024-10-12T18:59:02.438+0300: 392.723: Application time: 0.7771885 seconds
2024-10-12T18:59:02.438+0300: 392.723: [GC pause (G1 Evacuation Pause) (young), 0.0030953 secs]
   [Parallel Time: 1.6 ms, GC Workers: 6]
      [GC Worker Start (ms): Min: 392723.2, Avg: 392723.3, Max: 392723.3, Diff: 0.1]
      [Ext Root Scanning (ms): Min: 0.3, Avg: 0.3, Max: 0.4, Diff: 0.1, Sum: 1.9]
      [Update RS (ms): Min: 0.1, Avg: 0.1, Max: 0.1, Diff: 0.0, Sum: 0.6]
         [Processed Buffers: Min: 1, Avg: 2.2, Max: 3, Diff: 2, Sum: 13]
      [Scan RS (ms): Min: 0.2, Avg: 0.2, Max: 0.2, Diff: 0.0, Sum: 1.1]
      [Code Root Scanning (ms): Min: 0.0, Avg: 0.0, Max: 0.0, Diff: 0.0, Sum: 0.0]
      [Object Copy (ms): Min: 0.8, Avg: 0.8, Max: 0.8, Diff: 0.1, Sum: 4.8]
      [Termination (ms): Min: 0.0, Avg: 0.0, Max: 0.0, Diff: 0.0, Sum: 0.0]
         [Termination Attempts: Min: 1, Avg: 1.0, Max: 1, Diff: 0, Sum: 6]
      [GC Worker Other (ms): Min: 0.0, Avg: 0.1, Max: 0.1, Diff: 0.1, Sum: 0.5]
      [GC Worker Total (ms): Min: 1.4, Avg: 1.5, Max: 1.5, Diff: 0.1, Sum: 9.0]
      [GC Worker End (ms): Min: 392724.7, Avg: 392724.8, Max: 392724.8, Diff: 0.1]
   [Code Root Fixup: 0.0 ms]
   [Code Root Purge: 0.0 ms]
   [Clear CT: 0.5 ms]
   [Other: 1.0 ms]
      [Choose CSet: 0.0 ms]
      [Ref Proc: 0.1 ms]
      [Ref Enq: 0.0 ms]
      [Redirty Cards: 0.1 ms]
      [Humongous Register: 0.0 ms]
      [Humongous Reclaim: 0.0 ms]
      [Free CSet: 0.6 ms]
   [Eden: 2446.0M(2446.0M)->0.0B(2446.0M) Survivors: 10240.0K->10240.0K Heap: 2475.1M(4096.0M)->29839.0K(4096.0M)]
 [Times: user=0.00 sys=0.00, real=0.00 secs] 
2024-10-12T18:59:02.438+0300: 392.726: Total time for which application threads were stopped: 0.0034567 seconds, Stopping threads took: 0.0001323 seconds
2024-10-12T18:59:03.223+0300: 393.506: Application time: 0.7798777 seconds
2024-10-12T18:59:03.223+0300: 393.507: [GC pause (G1 Evacuation Pause) (young), 0.0034934 secs]
   [Parallel Time: 1.7 ms, GC Workers: 6]
      [GC Worker Start (ms): Min: 393506.6, Avg: 393506.7, Max: 393506.7, Diff: 0.0]
      [Ext Root Scanning (ms): Min: 0.3, Avg: 0.3, Max: 0.4, Diff: 0.0, Sum: 2.0]
      [Update RS (ms): Min: 0.1, Avg: 0.1, Max: 0.1, Diff: 0.1, Sum: 0.6]
         [Processed Buffers: Min: 1, Avg: 2.2, Max: 3, Diff: 2, Sum: 13]
      [Scan RS (ms): Min: 0.1, Avg: 0.2, Max: 0.2, Diff: 0.1, Sum: 1.0]
      [Code Root Scanning (ms): Min: 0.0, Avg: 0.0, Max: 0.0, Diff: 0.0, Sum: 0.0]
      [Object Copy (ms): Min: 0.8, Avg: 0.8, Max: 0.8, Diff: 0.0, Sum: 4.8]
      [Termination (ms): Min: 0.0, Avg: 0.0, Max: 0.0, Diff: 0.0, Sum: 0.0]
         [Termination Attempts: Min: 1, Avg: 1.0, Max: 1, Diff: 0, Sum: 6]
      [GC Worker Other (ms): Min: 0.0, Avg: 0.1, Max: 0.2, Diff: 0.1, Sum: 0.6]
      [GC Worker Total (ms): Min: 1.4, Avg: 1.5, Max: 1.6, Diff: 0.2, Sum: 9.1]
      [GC Worker End (ms): Min: 393508.1, Avg: 393508.2, Max: 393508.3, Diff: 0.1]
   [Code Root Fixup: 0.0 ms]
   [Code Root Purge: 0.0 ms]
   [Clear CT: 0.6 ms]
   [Other: 1.2 ms]
      [Choose CSet: 0.0 ms]
      [Ref Proc: 0.2 ms]
      [Ref Enq: 0.0 ms]
      [Redirty Cards: 0.1 ms]
      [Humongous Register: 0.1 ms]
      [Humongous Reclaim: 0.0 ms]
      [Free CSet: 0.7 ms]
   [Eden: 2446.0M(2446.0M)->0.0B(2446.0M) Survivors: 10240.0K->10240.0K Heap: 2475.1M(4096.0M)->30827.3K(4096.0M)]
 [Times: user=0.00 sys=0.00, real=0.00 secs] 
2024-10-12T18:59:03.223+0300: 393.510: Total time for which application threads were stopped: 0.0038762 seconds, Stopping threads took: 0.0001321 seconds
2024-10-12T18:59:04.007+0300: 394.287: Application time: 0.7764342 seconds
2024-10-12T18:59:04.007+0300: 394.287: [GC pause (G1 Evacuation Pause) (young), 0.0047754 secs]
   [Parallel Time: 2.8 ms, GC Workers: 6]
      [GC Worker Start (ms): Min: 394286.9, Avg: 394287.0, Max: 394287.0, Diff: 0.0]
      [Ext Root Scanning (ms): Min: 0.3, Avg: 0.3, Max: 0.3, Diff: 0.0, Sum: 1.9]
      [Update RS (ms): Min: 0.1, Avg: 0.1, Max: 0.1, Diff: 0.0, Sum: 0.6]
         [Processed Buffers: Min: 1, Avg: 2.2, Max: 3, Diff: 2, Sum: 13]
      [Scan RS (ms): Min: 0.2, Avg: 0.2, Max: 0.2, Diff: 0.0, Sum: 1.0]
      [Code Root Scanning (ms): Min: 0.0, Avg: 0.0, Max: 0.0, Diff: 0.0, Sum: 0.0]
      [Object Copy (ms): Min: 2.0, Avg: 2.0, Max: 2.1, Diff: 0.1, Sum: 12.2]
      [Termination (ms): Min: 0.0, Avg: 0.0, Max: 0.0, Diff: 0.0, Sum: 0.0]
         [Termination Attempts: Min: 1, Avg: 2.0, Max: 4, Diff: 3, Sum: 12]
      [GC Worker Other (ms): Min: 0.0, Avg: 0.1, Max: 0.2, Diff: 0.1, Sum: 0.6]
      [GC Worker Total (ms): Min: 2.6, Avg: 2.7, Max: 2.8, Diff: 0.1, Sum: 16.3]
      [GC Worker End (ms): Min: 394289.6, Avg: 394289.7, Max: 394289.7, Diff: 0.1]
   [Code Root Fixup: 0.0 ms]
   [Code Root Purge: 0.0 ms]
   [Clear CT: 0.6 ms]
   [Other: 1.4 ms]
      [Choose CSet: 0.0 ms]
      [Ref Proc: 0.2 ms]
      [Ref Enq: 0.0 ms]
      [Redirty Cards: 0.1 ms]
      [Humongous Register: 0.1 ms]
      [Humongous Reclaim: 0.0 ms]
      [Free CSet: 0.8 ms]
   [Eden: 2446.0M(2446.0M)->0.0B(2444.0M) Survivors: 10240.0K->12288.0K Heap: 2476.1M(4096.0M)->32930.5K(4096.0M)]
 [Times: user=0.00 sys=0.00, real=0.00 secs] 
2024-10-12T18:59:04.007+0300: 394.292: Total time for which application threads were stopped: 0.0051548 seconds, Stopping threads took: 0.0001340 seconds
2024-10-12T18:59:04.777+0300: 395.057: Application time: 0.7652270 seconds
2024-10-12T18:59:04.777+0300: 395.057: [GC pause (G1 Evacuation Pause) (young), 0.0034655 secs]
   [Parallel Time: 1.9 ms, GC Workers: 6]
      [GC Worker Start (ms): Min: 395057.3, Avg: 395057.3, Max: 395057.3, Diff: 0.1]
      [Ext Root Scanning (ms): Min: 0.3, Avg: 0.3, Max: 0.4, Diff: 0.1, Sum: 2.0]
      [Update RS (ms): Min: 0.1, Avg: 0.1, Max: 0.1, Diff: 0.1, Sum: 0.6]
         [Processed Buffers: Min: 1, Avg: 2.2, Max: 3, Diff: 2, Sum: 13]
      [Scan RS (ms): Min: 0.2, Avg: 0.2, Max: 0.2, Diff: 0.0, Sum: 1.1]
      [Code Root Scanning (ms): Min: 0.0, Avg: 0.0, Max: 0.0, Diff: 0.0, Sum: 0.0]
      [Object Copy (ms): Min: 1.0, Avg: 1.0, Max: 1.0, Diff: 0.0, Sum: 6.1]
      [Termination (ms): Min: 0.0, Avg: 0.0, Max: 0.0, Diff: 0.0, Sum: 0.0]
         [Termination Attempts: Min: 1, Avg: 1.0, Max: 1, Diff: 0, Sum: 6]
      [GC Worker Other (ms): Min: 0.0, Avg: 0.1, Max: 0.1, Diff: 0.1, Sum: 0.5]
      [GC Worker Total (ms): Min: 1.6, Avg: 1.7, Max: 1.8, Diff: 0.2, Sum: 10.3]
      [GC Worker End (ms): Min: 395059.0, Avg: 395059.0, Max: 395059.0, Diff: 0.1]
   [Code Root Fixup: 0.0 ms]
   [Code Root Purge: 0.0 ms]
   [Clear CT: 0.5 ms]
   [Other: 1.1 ms]
      [Choose CSet: 0.0 ms]
      [Ref Proc: 0.1 ms]
      [Ref Enq: 0.0 ms]
      [Redirty Cards: 0.1 ms]
      [Humongous Register: 0.0 ms]
      [Humongous Reclaim: 0.0 ms]
      [Free CSet: 0.7 ms]
   [Eden: 2444.0M(2444.0M)->0.0B(2444.0M) Survivors: 12288.0K->12288.0K Heap: 2476.2M(4096.0M)->31977.2K(4096.0M)]
 [Times: user=0.00 sys=0.00, real=0.00 secs] 
2024-10-12T18:59:04.777+0300: 395.061: Total time for which application threads were stopped: 0.0037989 seconds, Stopping threads took: 0.0000916 seconds
2024-10-12T18:59:05.562+0300: 395.843: Application time: 0.7826458 seconds
2024-10-12T18:59:05.562+0300: 395.844: [GC pause (G1 Evacuation Pause) (young), 0.0032468 secs]
   [Parallel Time: 1.6 ms, GC Workers: 6]
      [GC Worker Start (ms): Min: 395843.8, Avg: 395843.8, Max: 395843.9, Diff: 0.1]
      [Ext Root Scanning (ms): Min: 0.3, Avg: 0.3, Max: 0.4, Diff: 0.1, Sum: 1.9]
      [Update RS (ms): Min: 0.1, Avg: 0.1, Max: 0.1, Diff: 0.0, Sum: 0.6]
         [Processed Buffers: Min: 1, Avg: 2.2, Max: 4, Diff: 3, Sum: 13]
      [Scan RS (ms): Min: 0.1, Avg: 0.2, Max: 0.2, Diff: 0.0, Sum: 1.0]
      [Code Root Scanning (ms): Min: 0.0, Avg: 0.0, Max: 0.0, Diff: 0.0, Sum: 0.0]
      [Object Copy (ms): Min: 0.7, Avg: 0.7, Max: 0.8, Diff: 0.0, Sum: 4.5]
      [Termination (ms): Min: 0.0, Avg: 0.0, Max: 0.0, Diff: 0.0, Sum: 0.0]
         [Termination Attempts: Min: 1, Avg: 1.0, Max: 1, Diff: 0, Sum: 6]
      [GC Worker Other (ms): Min: 0.0, Avg: 0.1, Max: 0.1, Diff: 0.1, Sum: 0.6]
      [GC Worker Total (ms): Min: 1.3, Avg: 1.4, Max: 1.5, Diff: 0.1, Sum: 8.6]
      [GC Worker End (ms): Min: 395845.2, Avg: 395845.3, Max: 395845.3, Diff: 0.1]
   [Code Root Fixup: 0.0 ms]
   [Code Root Purge: 0.0 ms]
   [Clear CT: 0.5 ms]
   [Other: 1.2 ms]
      [Choose CSet: 0.0 ms]
      [Ref Proc: 0.1 ms]
      [Ref Enq: 0.0 ms]
      [Redirty Cards: 0.1 ms]
      [Humongous Register: 0.1 ms]
      [Humongous Reclaim: 0.0 ms]
      [Free CSet: 0.7 ms]
   [Eden: 2444.0M(2444.0M)->0.0B(2444.0M) Survivors: 12288.0K->12288.0K Heap: 2475.2M(4096.0M)->32529.8K(4096.0M)]
 [Times: user=0.02 sys=0.00, real=0.00 secs] 
2024-10-12T18:59:05.562+0300: 395.847: Total time for which application threads were stopped: 0.0036400 seconds, Stopping threads took: 0.0001751 seconds
2024-10-12T18:59:06.347+0300: 396.628: Application time: 0.7811845 seconds
2024-10-12T18:59:06.347+0300: 396.629: [GC pause (G1 Evacuation Pause) (young), 0.0031926 secs]
   [Parallel Time: 1.6 ms, GC Workers: 6]
      [GC Worker Start (ms): Min: 396628.6, Avg: 396628.7, Max: 396628.9, Diff: 0.3]
      [Ext Root Scanning (ms): Min: 0.1, Avg: 0.3, Max: 0.4, Diff: 0.3, Sum: 1.8]
      [Update RS (ms): Min: 0.1, Avg: 0.1, Max: 0.1, Diff: 0.1, Sum: 0.6]
         [Processed Buffers: Min: 1, Avg: 2.2, Max: 3, Diff: 2, Sum: 13]
      [Scan RS (ms): Min: 0.1, Avg: 0.2, Max: 0.2, Diff: 0.1, Sum: 1.0]
      [Code Root Scanning (ms): Min: 0.0, Avg: 0.0, Max: 0.0, Diff: 0.0, Sum: 0.0]
      [Object Copy (ms): Min: 0.7, Avg: 0.7, Max: 0.8, Diff: 0.1, Sum: 4.4]
      [Termination (ms): Min: 0.0, Avg: 0.0, Max: 0.0, Diff: 0.0, Sum: 0.0]
         [Termination Attempts: Min: 1, Avg: 1.0, Max: 1, Diff: 0, Sum: 6]
      [GC Worker Other (ms): Min: 0.0, Avg: 0.1, Max: 0.1, Diff: 0.1, Sum: 0.5]
      [GC Worker Total (ms): Min: 1.2, Avg: 1.4, Max: 1.5, Diff: 0.3, Sum: 8.4]
      [GC Worker End (ms): Min: 396630.0, Avg: 396630.1, Max: 396630.1, Diff: 0.1]
   [Code Root Fixup: 0.0 ms]
   [Code Root Purge: 0.0 ms]
   [Clear CT: 0.5 ms]
   [Other: 1.1 ms]
      [Choose CSet: 0.0 ms]
      [Ref Proc: 0.1 ms]
      [Ref Enq: 0.0 ms]
      [Redirty Cards: 0.1 ms]
      [Humongous Register: 0.1 ms]
      [Humongous Reclaim: 0.0 ms]
      [Free CSet: 0.7 ms]
   [Eden: 2444.0M(2444.0M)->0.0B(2444.0M) Survivors: 12288.0K->12288.0K Heap: 2475.8M(4096.0M)->31872.3K(4096.0M)]
 [Times: user=0.00 sys=0.00, real=0.00 secs] 
2024-10-12T18:59:06.347+0300: 396.632: Total time for which application threads were stopped: 0.0035985 seconds, Stopping threads took: 0.0001469 seconds
2024-10-12T18:59:07.132+0300: 397.417: Application time: 0.7855671 seconds
2024-10-12T18:59:07.132+0300: 397.418: [GC pause (G1 Evacuation Pause) (young), 0.0033147 secs]
   [Parallel Time: 1.7 ms, GC Workers: 6]
      [GC Worker Start (ms): Min: 397417.8, Avg: 397417.8, Max: 397417.9, Diff: 0.1]
      [Ext Root Scanning (ms): Min: 0.3, Avg: 0.3, Max: 0.4, Diff: 0.1, Sum: 2.0]
      [Update RS (ms): Min: 0.1, Avg: 0.1, Max: 0.1, Diff: 0.1, Sum: 0.6]
         [Processed Buffers: Min: 1, Avg: 2.2, Max: 3, Diff: 2, Sum: 13]
      [Scan RS (ms): Min: 0.2, Avg: 0.2, Max: 0.2, Diff: 0.0, Sum: 1.0]
      [Code Root Scanning (ms): Min: 0.0, Avg: 0.0, Max: 0.0, Diff: 0.0, Sum: 0.0]
      [Object Copy (ms): Min: 0.8, Avg: 0.8, Max: 0.8, Diff: 0.1, Sum: 4.8]
      [Termination (ms): Min: 0.0, Avg: 0.0, Max: 0.0, Diff: 0.0, Sum: 0.0]
         [Termination Attempts: Min: 1, Avg: 1.0, Max: 1, Diff: 0, Sum: 6]
      [GC Worker Other (ms): Min: 0.0, Avg: 0.1, Max: 0.2, Diff: 0.2, Sum: 0.8]
      [GC Worker Total (ms): Min: 1.5, Avg: 1.5, Max: 1.6, Diff: 0.2, Sum: 9.2]
      [GC Worker End (ms): Min: 397419.3, Avg: 397419.4, Max: 397419.4, Diff: 0.2]
   [Code Root Fixup: 0.0 ms]
   [Code Root Purge: 0.0 ms]
   [Clear CT: 0.4 ms]
   [Other: 1.2 ms]
      [Choose CSet: 0.0 ms]
      [Ref Proc: 0.2 ms]
      [Ref Enq: 0.0 ms]
      [Redirty Cards: 0.2 ms]
      [Humongous Register: 0.0 ms]
      [Humongous Reclaim: 0.0 ms]
      [Free CSet: 0.7 ms]
   [Eden: 2444.0M(2444.0M)->0.0B(2446.0M) Survivors: 12288.0K->10240.0K Heap: 2475.1M(4096.0M)->29497.6K(4096.0M)]
 [Times: user=0.00 sys=0.00, real=0.00 secs] 
2024-10-12T18:59:07.132+0300: 397.421: Total time for which application threads were stopped: 0.0037185 seconds, Stopping threads took: 0.0001373 seconds
2024-10-12T18:59:07.917+0300: 398.198: Application time: 0.7772136 seconds
2024-10-12T18:59:07.917+0300: 398.199: [GC pause (G1 Evacuation Pause) (young), 0.0034368 secs]
   [Parallel Time: 1.7 ms, GC Workers: 6]
      [GC Worker Start (ms): Min: 398198.7, Avg: 398198.8, Max: 398199.1, Diff: 0.4]
      [Ext Root Scanning (ms): Min: 0.0, Avg: 0.3, Max: 0.4, Diff: 0.4, Sum: 1.7]
      [Update RS (ms): Min: 0.0, Avg: 0.1, Max: 0.1, Diff: 0.1, Sum: 0.6]
         [Processed Buffers: Min: 0, Avg: 2.2, Max: 3, Diff: 3, Sum: 13]
      [Scan RS (ms): Min: 0.0, Avg: 0.1, Max: 0.2, Diff: 0.2, Sum: 0.9]
      [Code Root Scanning (ms): Min: 0.0, Avg: 0.0, Max: 0.0, Diff: 0.0, Sum: 0.0]
      [Object Copy (ms): Min: 0.8, Avg: 0.9, Max: 1.1, Diff: 0.3, Sum: 5.1]
      [Termination (ms): Min: 0.0, Avg: 0.0, Max: 0.0, Diff: 0.0, Sum: 0.0]
         [Termination Attempts: Min: 1, Avg: 1.0, Max: 1, Diff: 0, Sum: 6]
      [GC Worker Other (ms): Min: 0.0, Avg: 0.1, Max: 0.2, Diff: 0.1, Sum: 0.7]
      [GC Worker Total (ms): Min: 1.2, Avg: 1.5, Max: 1.6, Diff: 0.4, Sum: 8.9]
      [GC Worker End (ms): Min: 398200.2, Avg: 398200.3, Max: 398200.3, Diff: 0.1]
   [Code Root Fixup: 0.0 ms]
   [Code Root Purge: 0.0 ms]
   [Clear CT: 0.5 ms]
   [Other: 1.3 ms]
      [Choose CSet: 0.0 ms]
      [Ref Proc: 0.1 ms]
      [Ref Enq: 0.0 ms]
      [Redirty Cards: 0.1 ms]
      [Humongous Register: 0.1 ms]
      [Humongous Reclaim: 0.0 ms]
      [Free CSet: 0.8 ms]
   [Eden: 2446.0M(2446.0M)->0.0B(2444.0M) Survivors: 10240.0K->12288.0K Heap: 2474.8M(4096.0M)->31844.4K(4096.0M)]
 [Times: user=0.00 sys=0.00, real=0.00 secs] 
2024-10-12T18:59:07.917+0300: 398.202: Total time for which application threads were stopped: 0.0037887 seconds, Stopping threads took: 0.0001082 seconds
2024-10-12T18:59:08.686+0300: 398.975: Application time: 0.7730512 seconds
2024-10-12T18:59:08.686+0300: 398.975: [GC pause (G1 Evacuation Pause) (young), 0.0035667 secs]
   [Parallel Time: 2.0 ms, GC Workers: 6]
      [GC Worker Start (ms): Min: 398975.5, Avg: 398975.6, Max: 398975.6, Diff: 0.1]
      [Ext Root Scanning (ms): Min: 0.3, Avg: 0.3, Max: 0.4, Diff: 0.1, Sum: 2.0]
      [Update RS (ms): Min: 0.1, Avg: 0.1, Max: 0.1, Diff: 0.1, Sum: 0.6]
         [Processed Buffers: Min: 1, Avg: 2.2, Max: 3, Diff: 2, Sum: 13]
      [Scan RS (ms): Min: 0.1, Avg: 0.2, Max: 0.2, Diff: 0.0, Sum: 1.0]
      [Code Root Scanning (ms): Min: 0.0, Avg: 0.0, Max: 0.0, Diff: 0.0, Sum: 0.0]
      [Object Copy (ms): Min: 1.2, Avg: 1.3, Max: 1.3, Diff: 0.0, Sum: 7.6]
      [Termination (ms): Min: 0.0, Avg: 0.0, Max: 0.0, Diff: 0.0, Sum: 0.0]
         [Termination Attempts: Min: 1, Avg: 1.0, Max: 1, Diff: 0, Sum: 6]
      [GC Worker Other (ms): Min: 0.0, Avg: 0.1, Max: 0.1, Diff: 0.1, Sum: 0.4]
      [GC Worker Total (ms): Min: 1.9, Avg: 1.9, Max: 2.0, Diff: 0.1, Sum: 11.6]
      [GC Worker End (ms): Min: 398977.5, Avg: 398977.5, Max: 398977.5, Diff: 0.1]
   [Code Root Fixup: 0.0 ms]
   [Code Root Purge: 0.0 ms]
   [Clear CT: 0.5 ms]
   [Other: 1.0 ms]
      [Choose CSet: 0.0 ms]
      [Ref Proc: 0.1 ms]
      [Ref Enq: 0.0 ms]
      [Redirty Cards: 0.1 ms]
      [Humongous Register: 0.0 ms]
      [Humongous Reclaim: 0.0 ms]
      [Free CSet: 0.6 ms]
   [Eden: 2444.0M(2444.0M)->0.0B(2444.0M) Survivors: 12288.0K->12288.0K Heap: 2475.1M(4096.0M)->32911.4K(4096.0M)]
 [Times: user=0.00 sys=0.00, real=0.00 secs] 
2024-10-12T18:59:08.686+0300: 398.979: Total time for which application threads were stopped: 0.0039497 seconds, Stopping threads took: 0.0001571 seconds
2024-10-12T18:59:09.471+0300: 399.759: Application time: 0.7800827 seconds
2024-10-12T18:59:09.471+0300: 399.760: [GC pause (G1 Evacuation Pause) (young), 0.0030839 secs]
   [Parallel Time: 1.6 ms, GC Workers: 6]
      [GC Worker Start (ms): Min: 399759.6, Avg: 399759.7, Max: 399759.7, Diff: 0.1]
      [Ext Root Scanning (ms): Min: 0.3, Avg: 0.3, Max: 0.4, Diff: 0.1, Sum: 2.0]
      [Update RS (ms): Min: 0.1, Avg: 0.1, Max: 0.1, Diff: 0.1, Sum: 0.6]
         [Processed Buffers: Min: 1, Avg: 2.2, Max: 3, Diff: 2, Sum: 13]
      [Scan RS (ms): Min: 0.2, Avg: 0.2, Max: 0.2, Diff: 0.0, Sum: 1.0]
      [Code Root Scanning (ms): Min: 0.0, Avg: 0.0, Max: 0.0, Diff: 0.0, Sum: 0.0]
      [Object Copy (ms): Min: 0.8, Avg: 0.8, Max: 0.8, Diff: 0.1, Sum: 4.8]
      [Termination (ms): Min: 0.0, Avg: 0.0, Max: 0.0, Diff: 0.0, Sum: 0.0]
         [Termination Attempts: Min: 1, Avg: 1.2, Max: 2, Diff: 1, Sum: 7]
      [GC Worker Other (ms): Min: 0.0, Avg: 0.1, Max: 0.1, Diff: 0.1, Sum: 0.5]
      [GC Worker Total (ms): Min: 1.5, Avg: 1.5, Max: 1.5, Diff: 0.1, Sum: 9.0]
      [GC Worker End (ms): Min: 399761.1, Avg: 399761.2, Max: 399761.2, Diff: 0.1]
   [Code Root Fixup: 0.0 ms]
   [Code Root Purge: 0.0 ms]
   [Clear CT: 0.5 ms]
   [Other: 1.0 ms]
      [Choose CSet: 0.0 ms]
      [Ref Proc: 0.1 ms]
      [Ref Enq: 0.0 ms]
      [Redirty Cards: 0.1 ms]
      [Humongous Register: 0.0 ms]
      [Humongous Reclaim: 0.0 ms]
      [Free CSet: 0.6 ms]
   [Eden: 2444.0M(2444.0M)->0.0B(2448.0M) Survivors: 12288.0K->8192.0K Heap: 2476.1M(4096.0M)->27896.2K(4096.0M)]
 [Times: user=0.00 sys=0.00, real=0.00 secs] 
2024-10-12T18:59:09.471+0300: 399.763: Total time for which application threads were stopped: 0.0035284 seconds, Stopping threads took: 0.0002173 seconds
2024-10-12T18:59:10.256+0300: 400.542: Application time: 0.7796492 seconds
2024-10-12T18:59:10.256+0300: 400.543: [GC pause (G1 Evacuation Pause) (young), 0.0034422 secs]
   [Parallel Time: 1.6 ms, GC Workers: 6]
      [GC Worker Start (ms): Min: 400542.8, Avg: 400542.8, Max: 400542.8, Diff: 0.0]
      [Ext Root Scanning (ms): Min: 0.3, Avg: 0.3, Max: 0.3, Diff: 0.0, Sum: 1.9]
      [Update RS (ms): Min: 0.1, Avg: 0.1, Max: 0.1, Diff: 0.1, Sum: 0.6]
         [Processed Buffers: Min: 1, Avg: 2.2, Max: 3, Diff: 2, Sum: 13]
      [Scan RS (ms): Min: 0.1, Avg: 0.2, Max: 0.2, Diff: 0.0, Sum: 1.0]
      [Code Root Scanning (ms): Min: 0.0, Avg: 0.0, Max: 0.0, Diff: 0.0, Sum: 0.0]
      [Object Copy (ms): Min: 0.7, Avg: 0.7, Max: 0.8, Diff: 0.0, Sum: 4.5]
      [Termination (ms): Min: 0.0, Avg: 0.0, Max: 0.0, Diff: 0.0, Sum: 0.0]
         [Termination Attempts: Min: 1, Avg: 1.0, Max: 1, Diff: 0, Sum: 6]
      [GC Worker Other (ms): Min: 0.1, Avg: 0.1, Max: 0.2, Diff: 0.1, Sum: 0.8]
      [GC Worker Total (ms): Min: 1.4, Avg: 1.5, Max: 1.5, Diff: 0.1, Sum: 8.8]
      [GC Worker End (ms): Min: 400544.2, Avg: 400544.3, Max: 400544.3, Diff: 0.1]
   [Code Root Fixup: 0.0 ms]
   [Code Root Purge: 0.0 ms]
   [Clear CT: 0.6 ms]
   [Other: 1.3 ms]
      [Choose CSet: 0.0 ms]
      [Ref Proc: 0.1 ms]
      [Ref Enq: 0.0 ms]
      [Redirty Cards: 0.1 ms]
      [Humongous Register: 0.1 ms]
      [Humongous Reclaim: 0.0 ms]
      [Free CSet: 0.8 ms]
   [Eden: 2448.0M(2448.0M)->0.0B(2448.0M) Survivors: 8192.0K->8192.0K Heap: 2475.2M(4096.0M)->27871.3K(4096.0M)]
 [Times: user=0.00 sys=0.00, real=0.00 secs] 
2024-10-12T18:59:10.256+0300: 400.546: Total time for which application threads were stopped: 0.0038462 seconds, Stopping threads took: 0.0001351 seconds
2024-10-12T18:59:11.042+0300: 401.326: Application time: 0.7801051 seconds
2024-10-12T18:59:11.042+0300: 401.327: [GC pause (G1 Evacuation Pause) (young), 0.0036330 secs]
   [Parallel Time: 2.0 ms, GC Workers: 6]
      [GC Worker Start (ms): Min: 401326.8, Avg: 401326.9, Max: 401327.2, Diff: 0.4]
      [Ext Root Scanning (ms): Min: 0.0, Avg: 0.3, Max: 0.4, Diff: 0.4, Sum: 1.8]
      [Update RS (ms): Min: 0.0, Avg: 0.1, Max: 0.1, Diff: 0.1, Sum: 0.6]
         [Processed Buffers: Min: 0, Avg: 2.2, Max: 4, Diff: 4, Sum: 13]
      [Scan RS (ms): Min: 0.1, Avg: 0.2, Max: 0.2, Diff: 0.1, Sum: 1.0]
      [Code Root Scanning (ms): Min: 0.0, Avg: 0.0, Max: 0.0, Diff: 0.0, Sum: 0.0]
      [Object Copy (ms): Min: 0.9, Avg: 1.0, Max: 1.3, Diff: 0.4, Sum: 6.0]
      [Termination (ms): Min: 0.0, Avg: 0.1, Max: 0.1, Diff: 0.1, Sum: 0.7]
         [Termination Attempts: Min: 1, Avg: 2.0, Max: 5, Diff: 4, Sum: 12]
      [GC Worker Other (ms): Min: 0.0, Avg: 0.1, Max: 0.1, Diff: 0.1, Sum: 0.5]
      [GC Worker Total (ms): Min: 1.5, Avg: 1.8, Max: 1.9, Diff: 0.4, Sum: 10.6]
      [GC Worker End (ms): Min: 401328.6, Avg: 401328.7, Max: 401328.7, Diff: 0.1]
   [Code Root Fixup: 0.0 ms]
   [Code Root Purge: 0.0 ms]
   [Clear CT: 0.6 ms]
   [Other: 1.1 ms]
      [Choose CSet: 0.0 ms]
      [Ref Proc: 0.1 ms]
      [Ref Enq: 0.0 ms]
      [Redirty Cards: 0.1 ms]
      [Humongous Register: 0.1 ms]
      [Humongous Reclaim: 0.0 ms]
      [Free CSet: 0.7 ms]
   [Eden: 2448.0M(2448.0M)->0.0B(2446.0M) Survivors: 8192.0K->10240.0K Heap: 2475.2M(4096.0M)->30853.3K(4096.0M)]
 [Times: user=0.00 sys=0.00, real=0.00 secs] 
2024-10-12T18:59:11.042+0300: 401.330: Total time for which application threads were stopped: 0.0040792 seconds, Stopping threads took: 0.0002155 seconds
2024-10-12T18:59:11.810+0300: 402.102: Application time: 0.7713669 seconds
2024-10-12T18:59:11.810+0300: 402.102: [GC pause (G1 Evacuation Pause) (young), 0.0031944 secs]
   [Parallel Time: 1.6 ms, GC Workers: 6]
      [GC Worker Start (ms): Min: 402102.2, Avg: 402102.2, Max: 402102.3, Diff: 0.1]
      [Ext Root Scanning (ms): Min: 0.3, Avg: 0.3, Max: 0.4, Diff: 0.1, Sum: 2.0]
      [Update RS (ms): Min: 0.1, Avg: 0.1, Max: 0.1, Diff: 0.1, Sum: 0.6]
         [Processed Buffers: Min: 1, Avg: 2.0, Max: 3, Diff: 2, Sum: 12]
      [Scan RS (ms): Min: 0.2, Avg: 0.2, Max: 0.2, Diff: 0.0, Sum: 1.0]
      [Code Root Scanning (ms): Min: 0.0, Avg: 0.0, Max: 0.0, Diff: 0.0, Sum: 0.0]
      [Object Copy (ms): Min: 0.7, Avg: 0.8, Max: 0.8, Diff: 0.1, Sum: 4.6]
      [Termination (ms): Min: 0.0, Avg: 0.0, Max: 0.0, Diff: 0.0, Sum: 0.0]
         [Termination Attempts: Min: 1, Avg: 1.7, Max: 3, Diff: 2, Sum: 10]
      [GC Worker Other (ms): Min: 0.0, Avg: 0.1, Max: 0.1, Diff: 0.1, Sum: 0.5]
      [GC Worker Total (ms): Min: 1.4, Avg: 1.5, Max: 1.5, Diff: 0.1, Sum: 8.8]
      [GC Worker End (ms): Min: 402103.6, Avg: 402103.7, Max: 402103.7, Diff: 0.1]
   [Code Root Fixup: 0.0 ms]
   [Code Root Purge: 0.0 ms]
   [Clear CT: 0.5 ms]
   [Other: 1.1 ms]
      [Choose CSet: 0.0 ms]
      [Ref Proc: 0.1 ms]
      [Ref Enq: 0.0 ms]
      [Redirty Cards: 0.1 ms]
      [Humongous Register: 0.1 ms]
      [Humongous Reclaim: 0.0 ms]
      [Free CSet: 0.7 ms]
   [Eden: 2446.0M(2446.0M)->0.0B(2448.0M) Survivors: 10240.0K->8192.0K Heap: 2476.1M(4096.0M)->28629.6K(4096.0M)]
 [Times: user=0.00 sys=0.00, real=0.02 secs] 
2024-10-12T18:59:11.826+0300: 402.105: Total time for which application threads were stopped: 0.0036226 seconds, Stopping threads took: 0.0001312 seconds
2024-10-12T18:59:12.596+0300: 402.886: Application time: 0.7808059 seconds
2024-10-12T18:59:12.596+0300: 402.887: [GC pause (G1 Evacuation Pause) (young), 0.0031722 secs]
   [Parallel Time: 1.6 ms, GC Workers: 6]
      [GC Worker Start (ms): Min: 402886.6, Avg: 402886.6, Max: 402886.7, Diff: 0.1]
      [Ext Root Scanning (ms): Min: 0.3, Avg: 0.3, Max: 0.4, Diff: 0.1, Sum: 2.0]
      [Update RS (ms): Min: 0.1, Avg: 0.1, Max: 0.1, Diff: 0.1, Sum: 0.6]
         [Processed Buffers: Min: 1, Avg: 2.2, Max: 3, Diff: 2, Sum: 13]
      [Scan RS (ms): Min: 0.1, Avg: 0.2, Max: 0.2, Diff: 0.0, Sum: 1.0]
      [Code Root Scanning (ms): Min: 0.0, Avg: 0.0, Max: 0.0, Diff: 0.0, Sum: 0.0]
      [Object Copy (ms): Min: 0.8, Avg: 0.8, Max: 0.8, Diff: 0.1, Sum: 4.8]
      [Termination (ms): Min: 0.0, Avg: 0.0, Max: 0.0, Diff: 0.0, Sum: 0.0]
         [Termination Attempts: Min: 1, Avg: 1.3, Max: 2, Diff: 1, Sum: 8]
      [GC Worker Other (ms): Min: 0.0, Avg: 0.1, Max: 0.1, Diff: 0.1, Sum: 0.4]
      [GC Worker Total (ms): Min: 1.4, Avg: 1.5, Max: 1.5, Diff: 0.1, Sum: 8.9]
      [GC Worker End (ms): Min: 402888.1, Avg: 402888.1, Max: 402888.2, Diff: 0.1]
   [Code Root Fixup: 0.0 ms]
   [Code Root Purge: 0.0 ms]
   [Clear CT: 0.5 ms]
   [Other: 1.1 ms]
      [Choose CSet: 0.0 ms]
      [Ref Proc: 0.1 ms]
      [Ref Enq: 0.0 ms]
      [Redirty Cards: 0.1 ms]
      [Humongous Register: 0.0 ms]
      [Humongous Reclaim: 0.0 ms]
      [Free CSet: 0.6 ms]
   [Eden: 2448.0M(2448.0M)->0.0B(2444.0M) Survivors: 8192.0K->12288.0K Heap: 2476.0M(4096.0M)->31814.3K(4096.0M)]
 [Times: user=0.00 sys=0.00, real=0.00 secs] 
2024-10-12T18:59:12.596+0300: 402.890: Total time for which application threads were stopped: 0.0035547 seconds, Stopping threads took: 0.0001563 seconds
2024-10-12T18:59:13.381+0300: 403.668: Application time: 0.7784169 seconds
2024-10-12T18:59:13.381+0300: 403.669: [GC pause (G1 Evacuation Pause) (young), 0.0034073 secs]
   [Parallel Time: 1.7 ms, GC Workers: 6]
      [GC Worker Start (ms): Min: 403668.7, Avg: 403668.7, Max: 403668.7, Diff: 0.1]
      [Ext Root Scanning (ms): Min: 0.3, Avg: 0.3, Max: 0.4, Diff: 0.1, Sum: 2.0]
      [Update RS (ms): Min: 0.1, Avg: 0.1, Max: 0.1, Diff: 0.0, Sum: 0.6]
         [Processed Buffers: Min: 1, Avg: 2.2, Max: 3, Diff: 2, Sum: 13]
      [Scan RS (ms): Min: 0.2, Avg: 0.2, Max: 0.2, Diff: 0.0, Sum: 1.0]
      [Code Root Scanning (ms): Min: 0.0, Avg: 0.0, Max: 0.0, Diff: 0.0, Sum: 0.0]
      [Object Copy (ms): Min: 0.8, Avg: 0.8, Max: 0.9, Diff: 0.0, Sum: 5.0]
      [Termination (ms): Min: 0.0, Avg: 0.0, Max: 0.0, Diff: 0.0, Sum: 0.0]
         [Termination Attempts: Min: 1, Avg: 2.3, Max: 4, Diff: 3, Sum: 14]
      [GC Worker Other (ms): Min: 0.0, Avg: 0.1, Max: 0.2, Diff: 0.2, Sum: 0.8]
      [GC Worker Total (ms): Min: 1.5, Avg: 1.6, Max: 1.7, Diff: 0.2, Sum: 9.5]
      [GC Worker End (ms): Min: 403670.2, Avg: 403670.3, Max: 403670.3, Diff: 0.2]
   [Code Root Fixup: 0.0 ms]
   [Code Root Purge: 0.0 ms]
   [Clear CT: 0.5 ms]
   [Other: 1.2 ms]
      [Choose CSet: 0.0 ms]
      [Ref Proc: 0.1 ms]
      [Ref Enq: 0.0 ms]
      [Redirty Cards: 0.1 ms]
      [Humongous Register: 0.1 ms]
      [Humongous Reclaim: 0.0 ms]
      [Free CSet: 0.7 ms]
   [Eden: 2444.0M(2444.0M)->0.0B(2446.0M) Survivors: 12288.0K->10240.0K Heap: 2475.1M(4096.0M)->29865.2K(4096.0M)]
 [Times: user=0.00 sys=0.00, real=0.00 secs] 
2024-10-12T18:59:13.381+0300: 403.672: Total time for which application threads were stopped: 0.0038551 seconds, Stopping threads took: 0.0001588 seconds
2024-10-12T18:59:14.166+0300: 404.449: Application time: 0.7764464 seconds
2024-10-12T18:59:14.166+0300: 404.449: [GC pause (G1 Evacuation Pause) (young), 0.0039502 secs]
   [Parallel Time: 2.3 ms, GC Workers: 6]
      [GC Worker Start (ms): Min: 404448.9, Avg: 404448.9, Max: 404449.0, Diff: 0.1]
      [Ext Root Scanning (ms): Min: 0.3, Avg: 0.3, Max: 0.4, Diff: 0.1, Sum: 2.0]
      [Update RS (ms): Min: 0.0, Avg: 0.1, Max: 0.1, Diff: 0.1, Sum: 0.6]
         [Processed Buffers: Min: 0, Avg: 2.2, Max: 4, Diff: 4, Sum: 13]
      [Scan RS (ms): Min: 0.2, Avg: 0.2, Max: 0.2, Diff: 0.0, Sum: 1.0]
      [Code Root Scanning (ms): Min: 0.0, Avg: 0.0, Max: 0.0, Diff: 0.0, Sum: 0.0]
      [Object Copy (ms): Min: 1.3, Avg: 1.4, Max: 1.5, Diff: 0.2, Sum: 8.2]
      [Termination (ms): Min: 0.0, Avg: 0.0, Max: 0.0, Diff: 0.0, Sum: 0.0]
         [Termination Attempts: Min: 1, Avg: 1.0, Max: 1, Diff: 0, Sum: 6]
      [GC Worker Other (ms): Min: 0.0, Avg: 0.1, Max: 0.2, Diff: 0.2, Sum: 0.7]
      [GC Worker Total (ms): Min: 2.0, Avg: 2.1, Max: 2.2, Diff: 0.3, Sum: 12.6]
      [GC Worker End (ms): Min: 404450.9, Avg: 404451.0, Max: 404451.1, Diff: 0.2]
   [Code Root Fixup: 0.0 ms]
   [Code Root Purge: 0.0 ms]
   [Clear CT: 0.6 ms]
   [Other: 1.1 ms]
      [Choose CSet: 0.0 ms]
      [Ref Proc: 0.1 ms]
      [Ref Enq: 0.0 ms]
      [Redirty Cards: 0.1 ms]
      [Humongous Register: 0.0 ms]
      [Humongous Reclaim: 0.0 ms]
      [Free CSet: 0.7 ms]
   [Eden: 2446.0M(2446.0M)->0.0B(2444.0M) Survivors: 10240.0K->12288.0K Heap: 2475.2M(4096.0M)->32921.1K(4096.0M)]
 [Times: user=0.00 sys=0.00, real=0.00 secs] 
2024-10-12T18:59:14.166+0300: 404.453: Total time for which application threads were stopped: 0.0043446 seconds, Stopping threads took: 0.0001536 seconds
2024-10-12T18:59:14.935+0300: 405.225: Application time: 0.7717153 seconds
2024-10-12T18:59:14.935+0300: 405.225: [GC pause (G1 Evacuation Pause) (young), 0.0034775 secs]
   [Parallel Time: 1.8 ms, GC Workers: 6]
      [GC Worker Start (ms): Min: 405225.0, Avg: 405225.0, Max: 405225.0, Diff: 0.0]
      [Ext Root Scanning (ms): Min: 0.3, Avg: 0.3, Max: 0.4, Diff: 0.1, Sum: 1.9]
      [Update RS (ms): Min: 0.0, Avg: 0.1, Max: 0.1, Diff: 0.1, Sum: 0.6]
         [Processed Buffers: Min: 0, Avg: 2.2, Max: 4, Diff: 4, Sum: 13]
      [Scan RS (ms): Min: 0.1, Avg: 0.2, Max: 0.2, Diff: 0.1, Sum: 1.0]
      [Code Root Scanning (ms): Min: 0.0, Avg: 0.0, Max: 0.0, Diff: 0.0, Sum: 0.0]
      [Object Copy (ms): Min: 0.9, Avg: 0.9, Max: 1.3, Diff: 0.4, Sum: 5.7]
      [Termination (ms): Min: 0.0, Avg: 0.1, Max: 0.2, Diff: 0.2, Sum: 0.9]
         [Termination Attempts: Min: 1, Avg: 1.7, Max: 2, Diff: 1, Sum: 10]
      [GC Worker Other (ms): Min: 0.0, Avg: 0.0, Max: 0.0, Diff: 0.0, Sum: 0.2]
      [GC Worker Total (ms): Min: 1.7, Avg: 1.7, Max: 1.7, Diff: 0.0, Sum: 10.3]
      [GC Worker End (ms): Min: 405226.7, Avg: 405226.7, Max: 405226.7, Diff: 0.0]
   [Code Root Fixup: 0.0 ms]
   [Code Root Purge: 0.0 ms]
   [Clear CT: 0.5 ms]
   [Other: 1.2 ms]
      [Choose CSet: 0.0 ms]
      [Ref Proc: 0.1 ms]
      [Ref Enq: 0.0 ms]
      [Redirty Cards: 0.1 ms]
      [Humongous Register: 0.1 ms]
      [Humongous Reclaim: 0.0 ms]
      [Free CSet: 0.7 ms]
   [Eden: 2444.0M(2444.0M)->0.0B(2444.0M) Survivors: 12288.0K->12288.0K Heap: 2476.1M(4096.0M)->32009.7K(4096.0M)]
 [Times: user=0.00 sys=0.00, real=0.01 secs] 
2024-10-12T18:59:14.948+0300: 405.229: Total time for which application threads were stopped: 0.0039101 seconds, Stopping threads took: 0.0001599 seconds
2024-10-12T18:59:15.720+0300: 406.000: Application time: 0.7710608 seconds
2024-10-12T18:59:15.720+0300: 406.000: [GC pause (G1 Evacuation Pause) (young), 0.0031463 secs]
   [Parallel Time: 1.6 ms, GC Workers: 6]
      [GC Worker Start (ms): Min: 405999.9, Avg: 405999.9, Max: 406000.0, Diff: 0.1]
      [Ext Root Scanning (ms): Min: 0.3, Avg: 0.3, Max: 0.4, Diff: 0.1, Sum: 2.0]
      [Update RS (ms): Min: 0.1, Avg: 0.1, Max: 0.1, Diff: 0.1, Sum: 0.6]
         [Processed Buffers: Min: 1, Avg: 2.0, Max: 3, Diff: 2, Sum: 12]
      [Scan RS (ms): Min: 0.2, Avg: 0.2, Max: 0.2, Diff: 0.0, Sum: 1.1]
      [Code Root Scanning (ms): Min: 0.0, Avg: 0.0, Max: 0.0, Diff: 0.0, Sum: 0.0]
      [Object Copy (ms): Min: 0.8, Avg: 0.8, Max: 0.8, Diff: 0.0, Sum: 4.8]
      [Termination (ms): Min: 0.0, Avg: 0.0, Max: 0.0, Diff: 0.0, Sum: 0.0]
         [Termination Attempts: Min: 1, Avg: 1.0, Max: 1, Diff: 0, Sum: 6]
      [GC Worker Other (ms): Min: 0.0, Avg: 0.1, Max: 0.1, Diff: 0.1, Sum: 0.5]
      [GC Worker Total (ms): Min: 1.4, Avg: 1.5, Max: 1.5, Diff: 0.1, Sum: 9.0]
      [GC Worker End (ms): Min: 406001.4, Avg: 406001.4, Max: 406001.5, Diff: 0.1]
   [Code Root Fixup: 0.0 ms]
   [Code Root Purge: 0.0 ms]
   [Clear CT: 0.5 ms]
   [Other: 1.0 ms]
      [Choose CSet: 0.0 ms]
      [Ref Proc: 0.1 ms]
      [Ref Enq: 0.0 ms]
      [Redirty Cards: 0.1 ms]
      [Humongous Register: 0.0 ms]
      [Humongous Reclaim: 0.0 ms]
      [Free CSet: 0.7 ms]
   [Eden: 2444.0M(2444.0M)->0.0B(2448.0M) Survivors: 12288.0K->8192.0K Heap: 2475.3M(4096.0M)->28907.0K(4096.0M)]
 [Times: user=0.00 sys=0.00, real=0.00 secs] 
2024-10-12T18:59:15.720+0300: 406.003: Total time for which application threads were stopped: 0.0035020 seconds, Stopping threads took: 0.0001429 seconds
2024-10-12T18:59:16.505+0300: 406.785: Application time: 0.7823305 seconds
2024-10-12T18:59:16.505+0300: 406.786: [GC pause (G1 Evacuation Pause) (young), 0.0038829 secs]
   [Parallel Time: 2.3 ms, GC Workers: 6]
      [GC Worker Start (ms): Min: 406785.8, Avg: 406785.8, Max: 406785.8, Diff: 0.1]
      [Ext Root Scanning (ms): Min: 0.3, Avg: 0.3, Max: 0.4, Diff: 0.1, Sum: 2.0]
      [Update RS (ms): Min: 0.1, Avg: 0.1, Max: 0.1, Diff: 0.1, Sum: 0.6]
         [Processed Buffers: Min: 1, Avg: 2.2, Max: 3, Diff: 2, Sum: 13]
      [Scan RS (ms): Min: 0.2, Avg: 0.2, Max: 0.2, Diff: 0.1, Sum: 1.1]
      [Code Root Scanning (ms): Min: 0.0, Avg: 0.0, Max: 0.0, Diff: 0.0, Sum: 0.0]
      [Object Copy (ms): Min: 1.5, Avg: 1.5, Max: 1.5, Diff: 0.1, Sum: 9.1]
      [Termination (ms): Min: 0.0, Avg: 0.0, Max: 0.0, Diff: 0.0, Sum: 0.0]
         [Termination Attempts: Min: 1, Avg: 1.0, Max: 1, Diff: 0, Sum: 6]
      [GC Worker Other (ms): Min: 0.0, Avg: 0.1, Max: 0.1, Diff: 0.1, Sum: 0.5]
      [GC Worker Total (ms): Min: 2.2, Avg: 2.2, Max: 2.3, Diff: 0.1, Sum: 13.3]
      [GC Worker End (ms): Min: 406788.0, Avg: 406788.0, Max: 406788.1, Diff: 0.1]
   [Code Root Fixup: 0.0 ms]
   [Code Root Purge: 0.0 ms]
   [Clear CT: 0.6 ms]
   [Other: 1.0 ms]
      [Choose CSet: 0.0 ms]
      [Ref Proc: 0.1 ms]
      [Ref Enq: 0.0 ms]
      [Redirty Cards: 0.1 ms]
      [Humongous Register: 0.0 ms]
      [Humongous Reclaim: 0.0 ms]
      [Free CSet: 0.6 ms]
   [Eden: 2448.0M(2448.0M)->0.0B(2444.0M) Survivors: 8192.0K->12288.0K Heap: 2476.2M(4096.0M)->32863.2K(4096.0M)]
 [Times: user=0.00 sys=0.00, real=0.00 secs] 
2024-10-12T18:59:16.505+0300: 406.790: Total time for which application threads were stopped: 0.0042831 seconds, Stopping threads took: 0.0001534 seconds
2024-10-12T18:59:17.289+0300: 407.572: Application time: 0.7827955 seconds
2024-10-12T18:59:17.289+0300: 407.573: [GC pause (G1 Evacuation Pause) (young), 0.0037689 secs]
   [Parallel Time: 2.2 ms, GC Workers: 6]
      [GC Worker Start (ms): Min: 407572.9, Avg: 407572.9, Max: 407573.0, Diff: 0.0]
      [Ext Root Scanning (ms): Min: 0.3, Avg: 0.3, Max: 0.4, Diff: 0.1, Sum: 2.0]
      [Update RS (ms): Min: 0.1, Avg: 0.1, Max: 0.1, Diff: 0.1, Sum: 0.6]
         [Processed Buffers: Min: 1, Avg: 2.2, Max: 3, Diff: 2, Sum: 13]
      [Scan RS (ms): Min: 0.1, Avg: 0.2, Max: 0.2, Diff: 0.0, Sum: 1.0]
      [Code Root Scanning (ms): Min: 0.0, Avg: 0.0, Max: 0.0, Diff: 0.0, Sum: 0.0]
      [Object Copy (ms): Min: 1.4, Avg: 1.4, Max: 1.4, Diff: 0.0, Sum: 8.3]
      [Termination (ms): Min: 0.0, Avg: 0.0, Max: 0.0, Diff: 0.0, Sum: 0.0]
         [Termination Attempts: Min: 1, Avg: 2.0, Max: 3, Diff: 2, Sum: 12]
      [GC Worker Other (ms): Min: 0.0, Avg: 0.1, Max: 0.1, Diff: 0.1, Sum: 0.5]
      [GC Worker Total (ms): Min: 2.0, Avg: 2.1, Max: 2.1, Diff: 0.1, Sum: 12.4]
      [GC Worker End (ms): Min: 407575.0, Avg: 407575.0, Max: 407575.1, Diff: 0.1]
   [Code Root Fixup: 0.0 ms]
   [Code Root Purge: 0.0 ms]
   [Clear CT: 0.5 ms]
   [Other: 1.1 ms]
      [Choose CSet: 0.0 ms]
      [Ref Proc: 0.1 ms]
      [Ref Enq: 0.0 ms]
      [Redirty Cards: 0.1 ms]
      [Humongous Register: 0.0 ms]
      [Humongous Reclaim: 0.0 ms]
      [Free CSet: 0.7 ms]
   [Eden: 2444.0M(2444.0M)->0.0B(2444.0M) Survivors: 12288.0K->12288.0K Heap: 2476.1M(4096.0M)->33041.2K(4096.0M)]
 [Times: user=0.00 sys=0.00, real=0.00 secs] 
2024-10-12T18:59:17.289+0300: 407.577: Total time for which application threads were stopped: 0.0042351 seconds, Stopping threads took: 0.0002224 seconds
2024-10-12T18:59:18.075+0300: 408.357: Application time: 0.7801827 seconds
2024-10-12T18:59:18.075+0300: 408.357: [GC pause (G1 Evacuation Pause) (young), 0.0035214 secs]
   [Parallel Time: 1.7 ms, GC Workers: 6]
      [GC Worker Start (ms): Min: 408357.3, Avg: 408357.3, Max: 408357.4, Diff: 0.0]
      [Ext Root Scanning (ms): Min: 0.3, Avg: 0.3, Max: 0.3, Diff: 0.1, Sum: 1.9]
      [Update RS (ms): Min: 0.1, Avg: 0.1, Max: 0.1, Diff: 0.0, Sum: 0.6]
         [Processed Buffers: Min: 1, Avg: 2.2, Max: 3, Diff: 2, Sum: 13]
      [Scan RS (ms): Min: 0.2, Avg: 0.2, Max: 0.2, Diff: 0.0, Sum: 1.1]
      [Code Root Scanning (ms): Min: 0.0, Avg: 0.0, Max: 0.0, Diff: 0.0, Sum: 0.0]
      [Object Copy (ms): Min: 0.8, Avg: 0.8, Max: 0.9, Diff: 0.0, Sum: 5.0]
      [Termination (ms): Min: 0.0, Avg: 0.0, Max: 0.0, Diff: 0.0, Sum: 0.0]
         [Termination Attempts: Min: 1, Avg: 1.0, Max: 1, Diff: 0, Sum: 6]
      [GC Worker Other (ms): Min: 0.0, Avg: 0.1, Max: 0.1, Diff: 0.1, Sum: 0.5]
      [GC Worker Total (ms): Min: 1.5, Avg: 1.5, Max: 1.6, Diff: 0.1, Sum: 9.1]
      [GC Worker End (ms): Min: 408358.8, Avg: 408358.9, Max: 408358.9, Diff: 0.1]
   [Code Root Fixup: 0.0 ms]
   [Code Root Purge: 0.0 ms]
   [Clear CT: 0.6 ms]
   [Other: 1.2 ms]
      [Choose CSet: 0.0 ms]
      [Ref Proc: 0.2 ms]
      [Ref Enq: 0.0 ms]
      [Redirty Cards: 0.1 ms]
      [Humongous Register: 0.0 ms]
      [Humongous Reclaim: 0.0 ms]
      [Free CSet: 0.8 ms]
   [Eden: 2444.0M(2444.0M)->0.0B(2446.0M) Survivors: 12288.0K->10240.0K Heap: 2476.3M(4096.0M)->29971.7K(4096.0M)]
 [Times: user=0.00 sys=0.00, real=0.00 secs] 
2024-10-12T18:59:18.075+0300: 408.361: Total time for which application threads were stopped: 0.0039225 seconds, Stopping threads took: 0.0001821 seconds
2024-10-12T18:59:18.843+0300: 409.135: Application time: 0.7739286 seconds
2024-10-12T18:59:18.843+0300: 409.135: [GC pause (G1 Evacuation Pause) (young), 0.0032093 secs]
   [Parallel Time: 1.6 ms, GC Workers: 6]
      [GC Worker Start (ms): Min: 409135.2, Avg: 409135.3, Max: 409135.6, Diff: 0.4]
      [Ext Root Scanning (ms): Min: 0.0, Avg: 0.3, Max: 0.4, Diff: 0.4, Sum: 2.0]
      [Update RS (ms): Min: 0.1, Avg: 0.1, Max: 0.1, Diff: 0.1, Sum: 0.6]
         [Processed Buffers: Min: 1, Avg: 2.2, Max: 4, Diff: 3, Sum: 13]
      [Scan RS (ms): Min: 0.2, Avg: 0.2, Max: 0.2, Diff: 0.0, Sum: 1.0]
      [Code Root Scanning (ms): Min: 0.0, Avg: 0.0, Max: 0.0, Diff: 0.0, Sum: 0.0]
      [Object Copy (ms): Min: 0.7, Avg: 0.8, Max: 0.8, Diff: 0.1, Sum: 4.7]
      [Termination (ms): Min: 0.0, Avg: 0.0, Max: 0.0, Diff: 0.0, Sum: 0.0]
         [Termination Attempts: Min: 1, Avg: 1.2, Max: 2, Diff: 1, Sum: 7]
      [GC Worker Other (ms): Min: 0.0, Avg: 0.1, Max: 0.1, Diff: 0.1, Sum: 0.4]
      [GC Worker Total (ms): Min: 1.2, Avg: 1.5, Max: 1.6, Diff: 0.4, Sum: 8.8]
      [GC Worker End (ms): Min: 409136.7, Avg: 409136.7, Max: 409136.8, Diff: 0.1]
   [Code Root Fixup: 0.0 ms]
   [Code Root Purge: 0.0 ms]
   [Clear CT: 0.6 ms]
   [Other: 1.0 ms]
      [Choose CSet: 0.0 ms]
      [Ref Proc: 0.1 ms]
      [Ref Enq: 0.0 ms]
      [Redirty Cards: 0.1 ms]
      [Humongous Register: 0.0 ms]
      [Humongous Reclaim: 0.0 ms]
      [Free CSet: 0.6 ms]
   [Eden: 2446.0M(2446.0M)->0.0B(2448.0M) Survivors: 10240.0K->8192.0K Heap: 2475.3M(4096.0M)->27926.2K(4096.0M)]
 [Times: user=0.00 sys=0.00, real=0.02 secs] 
2024-10-12T18:59:18.859+0300: 409.138: Total time for which application threads were stopped: 0.0036553 seconds, Stopping threads took: 0.0001978 seconds
2024-10-12T18:59:19.629+0300: 409.920: Application time: 0.7815902 seconds
2024-10-12T18:59:19.629+0300: 409.920: [GC pause (G1 Evacuation Pause) (young), 0.0032821 secs]
   [Parallel Time: 1.6 ms, GC Workers: 6]
      [GC Worker Start (ms): Min: 409920.4, Avg: 409920.4, Max: 409920.5, Diff: 0.1]
      [Ext Root Scanning (ms): Min: 0.3, Avg: 0.3, Max: 0.4, Diff: 0.1, Sum: 2.1]
      [Update RS (ms): Min: 0.1, Avg: 0.1, Max: 0.2, Diff: 0.1, Sum: 0.6]
         [Processed Buffers: Min: 1, Avg: 2.2, Max: 4, Diff: 3, Sum: 13]
      [Scan RS (ms): Min: 0.2, Avg: 0.2, Max: 0.2, Diff: 0.1, Sum: 1.1]
      [Code Root Scanning (ms): Min: 0.0, Avg: 0.0, Max: 0.0, Diff: 0.0, Sum: 0.0]
      [Object Copy (ms): Min: 0.8, Avg: 0.8, Max: 0.8, Diff: 0.1, Sum: 4.8]
      [Termination (ms): Min: 0.0, Avg: 0.0, Max: 0.0, Diff: 0.0, Sum: 0.0]
         [Termination Attempts: Min: 1, Avg: 2.3, Max: 4, Diff: 3, Sum: 14]
      [GC Worker Other (ms): Min: 0.0, Avg: 0.1, Max: 0.1, Diff: 0.1, Sum: 0.5]
      [GC Worker Total (ms): Min: 1.5, Avg: 1.5, Max: 1.6, Diff: 0.1, Sum: 9.2]
      [GC Worker End (ms): Min: 409921.9, Avg: 409922.0, Max: 409922.0, Diff: 0.1]
   [Code Root Fixup: 0.0 ms]
   [Code Root Purge: 0.0 ms]
   [Clear CT: 0.5 ms]
   [Other: 1.1 ms]
      [Choose CSet: 0.0 ms]
      [Ref Proc: 0.1 ms]
      [Ref Enq: 0.0 ms]
      [Redirty Cards: 0.1 ms]
      [Humongous Register: 0.0 ms]
      [Humongous Reclaim: 0.0 ms]
      [Free CSet: 0.7 ms]
   [Eden: 2448.0M(2448.0M)->0.0B(2448.0M) Survivors: 8192.0K->8192.0K Heap: 2475.3M(4096.0M)->27885.3K(4096.0M)]
 [Times: user=0.00 sys=0.00, real=0.02 secs] 
2024-10-12T18:59:19.644+0300: 409.924: Total time for which application threads were stopped: 0.0036909 seconds, Stopping threads took: 0.0001800 seconds
2024-10-12T18:59:20.414+0300: 410.705: Application time: 0.7810501 seconds
2024-10-12T18:59:20.414+0300: 410.705: [GC pause (G1 Evacuation Pause) (young), 0.0031099 secs]
   [Parallel Time: 1.6 ms, GC Workers: 6]
      [GC Worker Start (ms): Min: 410705.1, Avg: 410705.2, Max: 410705.2, Diff: 0.1]
      [Ext Root Scanning (ms): Min: 0.3, Avg: 0.3, Max: 0.4, Diff: 0.1, Sum: 2.0]
      [Update RS (ms): Min: 0.1, Avg: 0.1, Max: 0.1, Diff: 0.1, Sum: 0.6]
         [Processed Buffers: Min: 1, Avg: 2.2, Max: 4, Diff: 3, Sum: 13]
      [Scan RS (ms): Min: 0.2, Avg: 0.2, Max: 0.2, Diff: 0.0, Sum: 1.1]
      [Code Root Scanning (ms): Min: 0.0, Avg: 0.0, Max: 0.0, Diff: 0.0, Sum: 0.0]
      [Object Copy (ms): Min: 0.7, Avg: 0.8, Max: 0.8, Diff: 0.0, Sum: 4.6]
      [Termination (ms): Min: 0.0, Avg: 0.0, Max: 0.0, Diff: 0.0, Sum: 0.0]
         [Termination Attempts: Min: 1, Avg: 1.0, Max: 1, Diff: 0, Sum: 6]
      [GC Worker Other (ms): Min: 0.0, Avg: 0.1, Max: 0.1, Diff: 0.1, Sum: 0.5]
      [GC Worker Total (ms): Min: 1.4, Avg: 1.5, Max: 1.5, Diff: 0.1, Sum: 8.8]
      [GC Worker End (ms): Min: 410706.6, Avg: 410706.6, Max: 410706.7, Diff: 0.1]
   [Code Root Fixup: 0.0 ms]
   [Code Root Purge: 0.0 ms]
   [Clear CT: 0.5 ms]
   [Other: 1.0 ms]
      [Choose CSet: 0.0 ms]
      [Ref Proc: 0.1 ms]
      [Ref Enq: 0.0 ms]
      [Redirty Cards: 0.1 ms]
      [Humongous Register: 0.0 ms]
      [Humongous Reclaim: 0.0 ms]
      [Free CSet: 0.7 ms]
   [Eden: 2448.0M(2448.0M)->0.0B(2448.0M) Survivors: 8192.0K->8192.0K Heap: 2475.2M(4096.0M)->28798.8K(4096.0M)]
 [Times: user=0.00 sys=0.00, real=0.01 secs] 
2024-10-12T18:59:20.429+0300: 410.708: Total time for which application threads were stopped: 0.0035678 seconds, Stopping threads took: 0.0001736 seconds
2024-10-12T18:59:21.198+0300: 411.485: Application time: 0.7768321 seconds
2024-10-12T18:59:21.198+0300: 411.486: [GC pause (G1 Evacuation Pause) (young), 0.0033260 secs]
   [Parallel Time: 1.6 ms, GC Workers: 6]
      [GC Worker Start (ms): Min: 411485.6, Avg: 411485.7, Max: 411485.7, Diff: 0.1]
      [Ext Root Scanning (ms): Min: 0.3, Avg: 0.3, Max: 0.3, Diff: 0.1, Sum: 1.9]
      [Update RS (ms): Min: 0.0, Avg: 0.1, Max: 0.1, Diff: 0.1, Sum: 0.6]
         [Processed Buffers: Min: 0, Avg: 2.2, Max: 3, Diff: 3, Sum: 13]
      [Scan RS (ms): Min: 0.1, Avg: 0.2, Max: 0.2, Diff: 0.0, Sum: 1.0]
      [Code Root Scanning (ms): Min: 0.0, Avg: 0.0, Max: 0.0, Diff: 0.0, Sum: 0.0]
      [Object Copy (ms): Min: 0.7, Avg: 0.8, Max: 0.9, Diff: 0.1, Sum: 4.5]
      [Termination (ms): Min: 0.0, Avg: 0.0, Max: 0.0, Diff: 0.0, Sum: 0.0]
         [Termination Attempts: Min: 1, Avg: 1.7, Max: 3, Diff: 2, Sum: 10]
      [GC Worker Other (ms): Min: 0.0, Avg: 0.1, Max: 0.2, Diff: 0.1, Sum: 0.6]
      [GC Worker Total (ms): Min: 1.4, Avg: 1.4, Max: 1.5, Diff: 0.1, Sum: 8.6]
      [GC Worker End (ms): Min: 411487.0, Avg: 411487.1, Max: 411487.2, Diff: 0.1]
   [Code Root Fixup: 0.0 ms]
   [Code Root Purge: 0.0 ms]
   [Clear CT: 0.5 ms]
   [Other: 1.2 ms]
      [Choose CSet: 0.0 ms]
      [Ref Proc: 0.2 ms]
      [Ref Enq: 0.0 ms]
      [Redirty Cards: 0.1 ms]
      [Humongous Register: 0.0 ms]
      [Humongous Reclaim: 0.0 ms]
      [Free CSet: 0.7 ms]
   [Eden: 2448.0M(2448.0M)->0.0B(2446.0M) Survivors: 8192.0K->10240.0K Heap: 2476.1M(4096.0M)->29887.6K(4096.0M)]
 [Times: user=0.00 sys=0.00, real=0.00 secs] 
2024-10-12T18:59:21.198+0300: 411.489: Total time for which application threads were stopped: 0.0038068 seconds, Stopping threads took: 0.0002279 seconds
2024-10-12T18:59:21.983+0300: 412.268: Application time: 0.7791098 seconds
2024-10-12T18:59:21.983+0300: 412.268: [GC pause (G1 Evacuation Pause) (young), 0.0031788 secs]
   [Parallel Time: 1.7 ms, GC Workers: 6]
      [GC Worker Start (ms): Min: 412268.5, Avg: 412268.6, Max: 412268.9, Diff: 0.4]
      [Ext Root Scanning (ms): Min: 0.0, Avg: 0.3, Max: 0.4, Diff: 0.4, Sum: 1.8]
      [Update RS (ms): Min: 0.1, Avg: 0.1, Max: 0.1, Diff: 0.1, Sum: 0.6]
         [Processed Buffers: Min: 1, Avg: 2.2, Max: 3, Diff: 2, Sum: 13]
      [Scan RS (ms): Min: 0.2, Avg: 0.2, Max: 0.2, Diff: 0.1, Sum: 1.1]
      [Code Root Scanning (ms): Min: 0.0, Avg: 0.0, Max: 0.0, Diff: 0.0, Sum: 0.0]
      [Object Copy (ms): Min: 0.8, Avg: 0.8, Max: 0.9, Diff: 0.1, Sum: 5.0]
      [Termination (ms): Min: 0.0, Avg: 0.0, Max: 0.0, Diff: 0.0, Sum: 0.0]
         [Termination Attempts: Min: 1, Avg: 1.7, Max: 4, Diff: 3, Sum: 10]
      [GC Worker Other (ms): Min: 0.0, Avg: 0.1, Max: 0.1, Diff: 0.1, Sum: 0.5]
      [GC Worker Total (ms): Min: 1.2, Avg: 1.5, Max: 1.6, Diff: 0.4, Sum: 9.0]
      [GC Worker End (ms): Min: 412270.0, Avg: 412270.1, Max: 412270.1, Diff: 0.1]
   [Code Root Fixup: 0.0 ms]
   [Code Root Purge: 0.0 ms]
   [Clear CT: 0.5 ms]
   [Other: 1.0 ms]
      [Choose CSet: 0.0 ms]
      [Ref Proc: 0.1 ms]
      [Ref Enq: 0.0 ms]
      [Redirty Cards: 0.1 ms]
      [Humongous Register: 0.0 ms]
      [Humongous Reclaim: 0.0 ms]
      [Free CSet: 0.6 ms]
   [Eden: 2446.0M(2446.0M)->0.0B(2446.0M) Survivors: 10240.0K->10240.0K Heap: 2475.2M(4096.0M)->29893.4K(4096.0M)]
 [Times: user=0.00 sys=0.00, real=0.00 secs] 
2024-10-12T18:59:21.983+0300: 412.272: Total time for which application threads were stopped: 0.0036046 seconds, Stopping threads took: 0.0002071 seconds
2024-10-12T18:59:22.752+0300: 413.044: Application time: 0.7719214 seconds
2024-10-12T18:59:22.752+0300: 413.044: [GC pause (G1 Evacuation Pause) (young), 0.0031475 secs]
   [Parallel Time: 1.6 ms, GC Workers: 6]
      [GC Worker Start (ms): Min: 413044.0, Avg: 413044.0, Max: 413044.0, Diff: 0.0]
      [Ext Root Scanning (ms): Min: 0.3, Avg: 0.3, Max: 0.4, Diff: 0.1, Sum: 2.0]
      [Update RS (ms): Min: 0.1, Avg: 0.1, Max: 0.1, Diff: 0.1, Sum: 0.6]
         [Processed Buffers: Min: 1, Avg: 2.2, Max: 3, Diff: 2, Sum: 13]
      [Scan RS (ms): Min: 0.1, Avg: 0.2, Max: 0.2, Diff: 0.1, Sum: 1.0]
      [Code Root Scanning (ms): Min: 0.0, Avg: 0.0, Max: 0.0, Diff: 0.0, Sum: 0.0]
      [Object Copy (ms): Min: 0.8, Avg: 0.8, Max: 0.8, Diff: 0.0, Sum: 4.6]
      [Termination (ms): Min: 0.0, Avg: 0.0, Max: 0.0, Diff: 0.0, Sum: 0.0]
         [Termination Attempts: Min: 1, Avg: 2.0, Max: 3, Diff: 2, Sum: 12]
      [GC Worker Other (ms): Min: 0.0, Avg: 0.1, Max: 0.1, Diff: 0.1, Sum: 0.5]
      [GC Worker Total (ms): Min: 1.4, Avg: 1.5, Max: 1.5, Diff: 0.1, Sum: 8.8]
      [GC Worker End (ms): Min: 413045.4, Avg: 413045.4, Max: 413045.5, Diff: 0.1]
   [Code Root Fixup: 0.0 ms]
   [Code Root Purge: 0.0 ms]
   [Clear CT: 0.5 ms]
   [Other: 1.1 ms]
      [Choose CSet: 0.0 ms]
      [Ref Proc: 0.1 ms]
      [Ref Enq: 0.0 ms]
      [Redirty Cards: 0.1 ms]
      [Humongous Register: 0.0 ms]
      [Humongous Reclaim: 0.0 ms]
      [Free CSet: 0.7 ms]
   [Eden: 2446.0M(2446.0M)->0.0B(2446.0M) Survivors: 10240.0K->10240.0K Heap: 2475.2M(4096.0M)->30861.2K(4096.0M)]
 [Times: user=0.00 sys=0.00, real=0.02 secs] 
2024-10-12T18:59:22.768+0300: 413.047: Total time for which application threads were stopped: 0.0035243 seconds, Stopping threads took: 0.0001509 seconds
2024-10-12T18:59:23.537+0300: 413.823: Application time: 0.7758392 seconds
2024-10-12T18:59:23.537+0300: 413.823: [GC pause (G1 Evacuation Pause) (young), 0.0030233 secs]
   [Parallel Time: 1.5 ms, GC Workers: 6]
      [GC Worker Start (ms): Min: 413823.4, Avg: 413823.4, Max: 413823.4, Diff: 0.0]
      [Ext Root Scanning (ms): Min: 0.3, Avg: 0.3, Max: 0.3, Diff: 0.1, Sum: 1.9]
      [Update RS (ms): Min: 0.1, Avg: 0.1, Max: 0.1, Diff: 0.1, Sum: 0.6]
         [Processed Buffers: Min: 2, Avg: 2.2, Max: 3, Diff: 1, Sum: 13]
      [Scan RS (ms): Min: 0.1, Avg: 0.2, Max: 0.2, Diff: 0.0, Sum: 1.0]
      [Code Root Scanning (ms): Min: 0.0, Avg: 0.0, Max: 0.0, Diff: 0.0, Sum: 0.0]
      [Object Copy (ms): Min: 0.7, Avg: 0.8, Max: 0.8, Diff: 0.0, Sum: 4.6]
      [Termination (ms): Min: 0.0, Avg: 0.0, Max: 0.0, Diff: 0.0, Sum: 0.0]
         [Termination Attempts: Min: 1, Avg: 1.5, Max: 3, Diff: 2, Sum: 9]
      [GC Worker Other (ms): Min: 0.0, Avg: 0.1, Max: 0.1, Diff: 0.1, Sum: 0.5]
      [GC Worker Total (ms): Min: 1.4, Avg: 1.4, Max: 1.5, Diff: 0.1, Sum: 8.6]
      [GC Worker End (ms): Min: 413824.8, Avg: 413824.8, Max: 413824.9, Diff: 0.1]
   [Code Root Fixup: 0.0 ms]
   [Code Root Purge: 0.0 ms]
   [Clear CT: 0.5 ms]
   [Other: 1.0 ms]
      [Choose CSet: 0.0 ms]
      [Ref Proc: 0.1 ms]
      [Ref Enq: 0.0 ms]
      [Redirty Cards: 0.1 ms]
      [Humongous Register: 0.0 ms]
      [Humongous Reclaim: 0.0 ms]
      [Free CSet: 0.6 ms]
   [Eden: 2446.0M(2446.0M)->0.0B(2448.0M) Survivors: 10240.0K->8192.0K Heap: 2476.1M(4096.0M)->28684.3K(4096.0M)]
 [Times: user=0.00 sys=0.00, real=0.00 secs] 
2024-10-12T18:59:23.537+0300: 413.826: Total time for which application threads were stopped: 0.0034586 seconds, Stopping threads took: 0.0002041 seconds
2024-10-12T18:59:24.322+0300: 414.603: Application time: 0.7761172 seconds
2024-10-12T18:59:24.322+0300: 414.603: [GC pause (G1 Evacuation Pause) (young), 0.0039420 secs]
   [Parallel Time: 2.2 ms, GC Workers: 6]
      [GC Worker Start (ms): Min: 414603.0, Avg: 414603.1, Max: 414603.1, Diff: 0.0]
      [Ext Root Scanning (ms): Min: 0.3, Avg: 0.3, Max: 0.3, Diff: 0.1, Sum: 1.9]
      [Update RS (ms): Min: 0.1, Avg: 0.1, Max: 0.1, Diff: 0.1, Sum: 0.6]
         [Processed Buffers: Min: 1, Avg: 2.2, Max: 3, Diff: 2, Sum: 13]
      [Scan RS (ms): Min: 0.2, Avg: 0.2, Max: 0.2, Diff: 0.0, Sum: 1.1]
      [Code Root Scanning (ms): Min: 0.0, Avg: 0.0, Max: 0.0, Diff: 0.0, Sum: 0.0]
      [Object Copy (ms): Min: 1.3, Avg: 1.3, Max: 1.3, Diff: 0.0, Sum: 7.8]
      [Termination (ms): Min: 0.0, Avg: 0.0, Max: 0.0, Diff: 0.0, Sum: 0.0]
         [Termination Attempts: Min: 1, Avg: 1.0, Max: 1, Diff: 0, Sum: 6]
      [GC Worker Other (ms): Min: 0.0, Avg: 0.1, Max: 0.2, Diff: 0.2, Sum: 0.6]
      [GC Worker Total (ms): Min: 2.0, Avg: 2.0, Max: 2.1, Diff: 0.1, Sum: 12.1]
      [GC Worker End (ms): Min: 414605.0, Avg: 414605.1, Max: 414605.2, Diff: 0.2]
   [Code Root Fixup: 0.0 ms]
   [Code Root Purge: 0.0 ms]
   [Clear CT: 0.5 ms]
   [Other: 1.2 ms]
      [Choose CSet: 0.0 ms]
      [Ref Proc: 0.1 ms]
      [Ref Enq: 0.0 ms]
      [Redirty Cards: 0.1 ms]
      [Humongous Register: 0.1 ms]
      [Humongous Reclaim: 0.0 ms]
      [Free CSet: 0.7 ms]
   [Eden: 2448.0M(2448.0M)->0.0B(2444.0M) Survivors: 8192.0K->12288.0K Heap: 2476.0M(4096.0M)->32729.9K(4096.0M)]
 [Times: user=0.00 sys=0.00, real=0.00 secs] 
2024-10-12T18:59:24.322+0300: 414.607: Total time for which application threads were stopped: 0.0044427 seconds, Stopping threads took: 0.0002748 seconds
2024-10-12T18:59:25.092+0300: 415.385: Application time: 0.7775592 seconds
2024-10-12T18:59:25.092+0300: 415.385: [GC pause (G1 Evacuation Pause) (young), 0.0035038 secs]
   [Parallel Time: 1.7 ms, GC Workers: 6]
      [GC Worker Start (ms): Min: 415384.9, Avg: 415385.0, Max: 415385.0, Diff: 0.1]
      [Ext Root Scanning (ms): Min: 0.3, Avg: 0.3, Max: 0.4, Diff: 0.1, Sum: 2.0]
      [Update RS (ms): Min: 0.1, Avg: 0.1, Max: 0.1, Diff: 0.1, Sum: 0.6]
         [Processed Buffers: Min: 1, Avg: 2.2, Max: 3, Diff: 2, Sum: 13]
      [Scan RS (ms): Min: 0.1, Avg: 0.2, Max: 0.2, Diff: 0.1, Sum: 1.0]
      [Code Root Scanning (ms): Min: 0.0, Avg: 0.0, Max: 0.0, Diff: 0.0, Sum: 0.0]
      [Object Copy (ms): Min: 0.8, Avg: 0.8, Max: 0.9, Diff: 0.1, Sum: 5.0]
      [Termination (ms): Min: 0.0, Avg: 0.0, Max: 0.0, Diff: 0.0, Sum: 0.0]
         [Termination Attempts: Min: 1, Avg: 1.0, Max: 1, Diff: 0, Sum: 6]
      [GC Worker Other (ms): Min: 0.1, Avg: 0.1, Max: 0.2, Diff: 0.1, Sum: 0.7]
      [GC Worker Total (ms): Min: 1.5, Avg: 1.6, Max: 1.6, Diff: 0.1, Sum: 9.4]
      [GC Worker End (ms): Min: 415386.5, Avg: 415386.5, Max: 415386.6, Diff: 0.1]
   [Code Root Fixup: 0.0 ms]
   [Code Root Purge: 0.0 ms]
   [Clear CT: 0.6 ms]
   [Other: 1.1 ms]
      [Choose CSet: 0.0 ms]
      [Ref Proc: 0.2 ms]
      [Ref Enq: 0.0 ms]
      [Redirty Cards: 0.1 ms]
      [Humongous Register: 0.1 ms]
      [Humongous Reclaim: 0.0 ms]
      [Free CSet: 0.6 ms]
   [Eden: 2444.0M(2444.0M)->0.0B(2448.0M) Survivors: 12288.0K->8192.0K Heap: 2476.0M(4096.0M)->28970.2K(4096.0M)]
 [Times: user=0.00 sys=0.00, real=0.02 secs] 
2024-10-12T18:59:25.108+0300: 415.388: Total time for which application threads were stopped: 0.0038641 seconds, Stopping threads took: 0.0001137 seconds
2024-10-12T18:59:25.877+0300: 416.162: Application time: 0.7739914 seconds
2024-10-12T18:59:25.877+0300: 416.163: [GC pause (G1 Evacuation Pause) (young), 0.0031691 secs]
   [Parallel Time: 1.6 ms, GC Workers: 6]
      [GC Worker Start (ms): Min: 416162.8, Avg: 416162.9, Max: 416162.9, Diff: 0.1]
      [Ext Root Scanning (ms): Min: 0.3, Avg: 0.3, Max: 0.4, Diff: 0.1, Sum: 2.0]
      [Update RS (ms): Min: 0.0, Avg: 0.1, Max: 0.1, Diff: 0.1, Sum: 0.6]
         [Processed Buffers: Min: 0, Avg: 2.2, Max: 4, Diff: 4, Sum: 13]
      [Scan RS (ms): Min: 0.0, Avg: 0.2, Max: 0.2, Diff: 0.2, Sum: 1.0]
      [Code Root Scanning (ms): Min: 0.0, Avg: 0.0, Max: 0.0, Diff: 0.0, Sum: 0.0]
      [Object Copy (ms): Min: 0.7, Avg: 0.8, Max: 1.1, Diff: 0.3, Sum: 4.9]
      [Termination (ms): Min: 0.0, Avg: 0.0, Max: 0.0, Diff: 0.0, Sum: 0.0]
         [Termination Attempts: Min: 1, Avg: 1.0, Max: 1, Diff: 0, Sum: 6]
      [GC Worker Other (ms): Min: 0.0, Avg: 0.1, Max: 0.1, Diff: 0.1, Sum: 0.5]
      [GC Worker Total (ms): Min: 1.4, Avg: 1.5, Max: 1.6, Diff: 0.1, Sum: 9.1]
      [GC Worker End (ms): Min: 416164.3, Avg: 416164.4, Max: 416164.4, Diff: 0.1]
   [Code Root Fixup: 0.0 ms]
   [Code Root Purge: 0.0 ms]
   [Clear CT: 0.5 ms]
   [Other: 1.0 ms]
      [Choose CSet: 0.0 ms]
      [Ref Proc: 0.1 ms]
      [Ref Enq: 0.0 ms]
      [Redirty Cards: 0.1 ms]
      [Humongous Register: 0.0 ms]
      [Humongous Reclaim: 0.0 ms]
      [Free CSet: 0.6 ms]
   [Eden: 2448.0M(2448.0M)->0.0B(2448.0M) Survivors: 8192.0K->8192.0K Heap: 2476.3M(4096.0M)->28972.7K(4096.0M)]
 [Times: user=0.00 sys=0.00, real=0.00 secs] 
2024-10-12T18:59:25.877+0300: 416.166: Total time for which application threads were stopped: 0.0035938 seconds, Stopping threads took: 0.0001929 seconds
2024-10-12T18:59:26.661+0300: 416.943: Application time: 0.7771968 seconds
2024-10-12T18:59:26.661+0300: 416.943: [GC pause (G1 Evacuation Pause) (young), 0.0037755 secs]
   [Parallel Time: 2.2 ms, GC Workers: 6]
      [GC Worker Start (ms): Min: 416943.6, Avg: 416943.6, Max: 416943.6, Diff: 0.1]
      [Ext Root Scanning (ms): Min: 0.3, Avg: 0.3, Max: 0.4, Diff: 0.1, Sum: 1.9]
      [Update RS (ms): Min: 0.1, Avg: 0.1, Max: 0.1, Diff: 0.0, Sum: 0.6]
         [Processed Buffers: Min: 1, Avg: 2.2, Max: 4, Diff: 3, Sum: 13]
      [Scan RS (ms): Min: 0.1, Avg: 0.2, Max: 0.2, Diff: 0.0, Sum: 1.0]
      [Code Root Scanning (ms): Min: 0.0, Avg: 0.0, Max: 0.0, Diff: 0.0, Sum: 0.0]
      [Object Copy (ms): Min: 1.4, Avg: 1.4, Max: 1.4, Diff: 0.1, Sum: 8.5]
      [Termination (ms): Min: 0.0, Avg: 0.0, Max: 0.0, Diff: 0.0, Sum: 0.0]
         [Termination Attempts: Min: 1, Avg: 1.0, Max: 1, Diff: 0, Sum: 6]
      [GC Worker Other (ms): Min: 0.0, Avg: 0.1, Max: 0.1, Diff: 0.1, Sum: 0.6]
      [GC Worker Total (ms): Min: 2.0, Avg: 2.1, Max: 2.2, Diff: 0.1, Sum: 12.6]
      [GC Worker End (ms): Min: 416945.7, Avg: 416945.7, Max: 416945.8, Diff: 0.1]
   [Code Root Fixup: 0.0 ms]
   [Code Root Purge: 0.0 ms]
   [Clear CT: 0.5 ms]
   [Other: 1.0 ms]
      [Choose CSet: 0.0 ms]
      [Ref Proc: 0.1 ms]
      [Ref Enq: 0.0 ms]
      [Redirty Cards: 0.1 ms]
      [Humongous Register: 0.0 ms]
      [Humongous Reclaim: 0.0 ms]
      [Free CSet: 0.6 ms]
   [Eden: 2448.0M(2448.0M)->0.0B(2444.0M) Survivors: 8192.0K->12288.0K Heap: 2476.3M(4096.0M)->32985.2K(4096.0M)]
 [Times: user=0.00 sys=0.00, real=0.00 secs] 
2024-10-12T18:59:26.661+0300: 416.947: Total time for which application threads were stopped: 0.0041515 seconds, Stopping threads took: 0.0001596 seconds
2024-10-12T18:59:27.431+0300: 417.724: Application time: 0.7761279 seconds
2024-10-12T18:59:27.431+0300: 417.724: [GC pause (G1 Evacuation Pause) (young), 0.0042258 secs]
   [Parallel Time: 2.7 ms, GC Workers: 6]
      [GC Worker Start (ms): Min: 417723.9, Avg: 417723.9, Max: 417723.9, Diff: 0.1]
      [Ext Root Scanning (ms): Min: 0.3, Avg: 0.3, Max: 0.4, Diff: 0.1, Sum: 2.0]
      [Update RS (ms): Min: 0.1, Avg: 0.1, Max: 0.1, Diff: 0.1, Sum: 0.6]
         [Processed Buffers: Min: 1, Avg: 2.2, Max: 4, Diff: 3, Sum: 13]
      [Scan RS (ms): Min: 0.2, Avg: 0.2, Max: 0.2, Diff: 0.0, Sum: 1.1]
      [Code Root Scanning (ms): Min: 0.0, Avg: 0.0, Max: 0.0, Diff: 0.0, Sum: 0.0]
      [Object Copy (ms): Min: 1.8, Avg: 1.8, Max: 1.9, Diff: 0.1, Sum: 11.1]
      [Termination (ms): Min: 0.0, Avg: 0.0, Max: 0.1, Diff: 0.1, Sum: 0.2]
         [Termination Attempts: Min: 1, Avg: 1.0, Max: 1, Diff: 0, Sum: 6]
      [GC Worker Other (ms): Min: 0.0, Avg: 0.0, Max: 0.1, Diff: 0.0, Sum: 0.3]
      [GC Worker Total (ms): Min: 2.5, Avg: 2.5, Max: 2.6, Diff: 0.1, Sum: 15.3]
      [GC Worker End (ms): Min: 417726.4, Avg: 417726.5, Max: 417726.5, Diff: 0.0]
   [Code Root Fixup: 0.0 ms]
   [Code Root Purge: 0.0 ms]
   [Clear CT: 0.5 ms]
   [Other: 1.0 ms]
      [Choose CSet: 0.0 ms]
      [Ref Proc: 0.1 ms]
      [Ref Enq: 0.0 ms]
      [Redirty Cards: 0.1 ms]
      [Humongous Register: 0.0 ms]
      [Humongous Reclaim: 0.0 ms]
      [Free CSet: 0.6 ms]
   [Eden: 2444.0M(2444.0M)->0.0B(2444.0M) Survivors: 12288.0K->12288.0K Heap: 2476.2M(4096.0M)->33073.7K(4096.0M)]
 [Times: user=0.02 sys=0.00, real=0.02 secs] 
2024-10-12T18:59:27.447+0300: 417.728: Total time for which application threads were stopped: 0.0046335 seconds, Stopping threads took: 0.0001152 seconds
2024-10-12T18:59:28.217+0300: 418.509: Application time: 0.7811348 seconds
2024-10-12T18:59:28.217+0300: 418.510: [GC pause (G1 Evacuation Pause) (young), 0.0035425 secs]
   [Parallel Time: 1.7 ms, GC Workers: 6]
      [GC Worker Start (ms): Min: 418509.8, Avg: 418509.8, Max: 418509.8, Diff: 0.1]
      [Ext Root Scanning (ms): Min: 0.3, Avg: 0.3, Max: 0.4, Diff: 0.1, Sum: 2.1]
      [Update RS (ms): Min: 0.1, Avg: 0.1, Max: 0.1, Diff: 0.0, Sum: 0.6]
         [Processed Buffers: Min: 1, Avg: 2.2, Max: 4, Diff: 3, Sum: 13]
      [Scan RS (ms): Min: 0.1, Avg: 0.2, Max: 0.2, Diff: 0.1, Sum: 1.1]
      [Code Root Scanning (ms): Min: 0.0, Avg: 0.0, Max: 0.0, Diff: 0.0, Sum: 0.0]
      [Object Copy (ms): Min: 0.7, Avg: 0.8, Max: 0.8, Diff: 0.0, Sum: 4.6]
      [Termination (ms): Min: 0.0, Avg: 0.0, Max: 0.0, Diff: 0.0, Sum: 0.0]
         [Termination Attempts: Min: 1, Avg: 1.0, Max: 1, Diff: 0, Sum: 6]
      [GC Worker Other (ms): Min: 0.0, Avg: 0.1, Max: 0.2, Diff: 0.1, Sum: 0.7]
      [GC Worker Total (ms): Min: 1.4, Avg: 1.5, Max: 1.6, Diff: 0.2, Sum: 9.1]
      [GC Worker End (ms): Min: 418511.2, Avg: 418511.3, Max: 418511.4, Diff: 0.1]
   [Code Root Fixup: 0.0 ms]
   [Code Root Purge: 0.0 ms]
   [Clear CT: 0.6 ms]
   [Other: 1.2 ms]
      [Choose CSet: 0.0 ms]
      [Ref Proc: 0.2 ms]
      [Ref Enq: 0.0 ms]
      [Redirty Cards: 0.1 ms]
      [Humongous Register: 0.1 ms]
      [Humongous Reclaim: 0.0 ms]
      [Free CSet: 0.7 ms]
   [Eden: 2444.0M(2444.0M)->0.0B(2448.0M) Survivors: 12288.0K->8192.0K Heap: 2476.3M(4096.0M)->28980.2K(4096.0M)]
 [Times: user=0.00 sys=0.00, real=0.02 secs] 
2024-10-12T18:59:28.232+0300: 418.513: Total time for which application threads were stopped: 0.0040319 seconds, Stopping threads took: 0.0001946 seconds
2024-10-12T18:59:29.002+0300: 419.292: Application time: 0.7790301 seconds
2024-10-12T18:59:29.002+0300: 419.293: [GC pause (G1 Evacuation Pause) (young), 0.0044297 secs]
   [Parallel Time: 2.5 ms, GC Workers: 6]
      [GC Worker Start (ms): Min: 419292.8, Avg: 419293.2, Max: 419294.9, Diff: 2.1]
      [Ext Root Scanning (ms): Min: 0.0, Avg: 0.3, Max: 0.4, Diff: 0.4, Sum: 1.7]
      [Update RS (ms): Min: 0.0, Avg: 0.1, Max: 0.1, Diff: 0.1, Sum: 0.6]
         [Processed Buffers: Min: 0, Avg: 2.2, Max: 4, Diff: 4, Sum: 13]
      [Scan RS (ms): Min: 0.1, Avg: 0.2, Max: 0.2, Diff: 0.1, Sum: 1.1]
      [Code Root Scanning (ms): Min: 0.0, Avg: 0.0, Max: 0.0, Diff: 0.0, Sum: 0.0]
      [Object Copy (ms): Min: 0.0, Avg: 1.2, Max: 1.5, Diff: 1.5, Sum: 7.2]
      [Termination (ms): Min: 0.0, Avg: 0.1, Max: 0.1, Diff: 0.1, Sum: 0.5]
         [Termination Attempts: Min: 1, Avg: 1.0, Max: 1, Diff: 0, Sum: 6]
      [GC Worker Other (ms): Min: 0.0, Avg: 0.1, Max: 0.1, Diff: 0.1, Sum: 0.5]
      [GC Worker Total (ms): Min: 0.3, Avg: 1.9, Max: 2.4, Diff: 2.2, Sum: 11.6]
      [GC Worker End (ms): Min: 419295.1, Avg: 419295.2, Max: 419295.2, Diff: 0.1]
   [Code Root Fixup: 0.0 ms]
   [Code Root Purge: 0.0 ms]
   [Clear CT: 0.5 ms]
   [Other: 1.4 ms]
      [Choose CSet: 0.0 ms]
      [Ref Proc: 0.1 ms]
      [Ref Enq: 0.0 ms]
      [Redirty Cards: 0.1 ms]
      [Humongous Register: 0.1 ms]
      [Humongous Reclaim: 0.0 ms]
      [Free CSet: 0.9 ms]
   [Eden: 2448.0M(2448.0M)->0.0B(2446.0M) Survivors: 8192.0K->10240.0K Heap: 2476.3M(4096.0M)->31030.7K(4096.0M)]
 [Times: user=0.00 sys=0.00, real=0.02 secs] 
2024-10-12T18:59:29.018+0300: 419.297: Total time for which application threads were stopped: 0.0049034 seconds, Stopping threads took: 0.0002026 seconds
2024-10-12T18:59:29.788+0300: 420.069: Application time: 0.7718953 seconds
2024-10-12T18:59:29.788+0300: 420.069: [GC pause (G1 Evacuation Pause) (young), 0.0030420 secs]
   [Parallel Time: 1.6 ms, GC Workers: 6]
      [GC Worker Start (ms): Min: 420069.5, Avg: 420069.5, Max: 420069.6, Diff: 0.1]
      [Ext Root Scanning (ms): Min: 0.3, Avg: 0.3, Max: 0.4, Diff: 0.1, Sum: 2.0]
      [Update RS (ms): Min: 0.1, Avg: 0.1, Max: 0.1, Diff: 0.1, Sum: 0.6]
         [Processed Buffers: Min: 1, Avg: 2.0, Max: 3, Diff: 2, Sum: 12]
      [Scan RS (ms): Min: 0.1, Avg: 0.2, Max: 0.2, Diff: 0.1, Sum: 1.1]
      [Code Root Scanning (ms): Min: 0.0, Avg: 0.0, Max: 0.0, Diff: 0.0, Sum: 0.0]
      [Object Copy (ms): Min: 0.7, Avg: 0.7, Max: 0.8, Diff: 0.0, Sum: 4.4]
      [Termination (ms): Min: 0.0, Avg: 0.0, Max: 0.0, Diff: 0.0, Sum: 0.0]
         [Termination Attempts: Min: 1, Avg: 1.0, Max: 1, Diff: 0, Sum: 6]
      [GC Worker Other (ms): Min: 0.0, Avg: 0.1, Max: 0.1, Diff: 0.1, Sum: 0.5]
      [GC Worker Total (ms): Min: 1.4, Avg: 1.5, Max: 1.5, Diff: 0.1, Sum: 8.7]
      [GC Worker End (ms): Min: 420070.9, Avg: 420071.0, Max: 420071.0, Diff: 0.1]
   [Code Root Fixup: 0.0 ms]
   [Code Root Purge: 0.0 ms]
   [Clear CT: 0.5 ms]
   [Other: 1.0 ms]
      [Choose CSet: 0.0 ms]
      [Ref Proc: 0.1 ms]
      [Ref Enq: 0.0 ms]
      [Redirty Cards: 0.1 ms]
      [Humongous Register: 0.0 ms]
      [Humongous Reclaim: 0.0 ms]
      [Free CSet: 0.6 ms]
   [Eden: 2446.0M(2446.0M)->0.0B(2448.0M) Survivors: 10240.0K->8192.0K Heap: 2476.3M(4096.0M)->28985.2K(4096.0M)]
 [Times: user=0.00 sys=0.00, real=0.00 secs] 
2024-10-12T18:59:29.788+0300: 420.073: Total time for which application threads were stopped: 0.0034257 seconds, Stopping threads took: 0.0001374 seconds
2024-10-12T18:59:30.571+0300: 420.854: Application time: 0.7813314 seconds
2024-10-12T18:59:30.571+0300: 420.854: [GC pause (G1 Evacuation Pause) (young), 0.0030321 secs]
   [Parallel Time: 1.6 ms, GC Workers: 6]
      [GC Worker Start (ms): Min: 420854.3, Avg: 420854.3, Max: 420854.3, Diff: 0.1]
      [Ext Root Scanning (ms): Min: 0.3, Avg: 0.3, Max: 0.4, Diff: 0.1, Sum: 2.0]
      [Update RS (ms): Min: 0.1, Avg: 0.1, Max: 0.1, Diff: 0.0, Sum: 0.6]
         [Processed Buffers: Min: 1, Avg: 2.2, Max: 4, Diff: 3, Sum: 13]
      [Scan RS (ms): Min: 0.2, Avg: 0.2, Max: 0.2, Diff: 0.0, Sum: 1.1]
      [Code Root Scanning (ms): Min: 0.0, Avg: 0.0, Max: 0.0, Diff: 0.0, Sum: 0.0]
      [Object Copy (ms): Min: 0.7, Avg: 0.7, Max: 0.8, Diff: 0.0, Sum: 4.4]
      [Termination (ms): Min: 0.0, Avg: 0.0, Max: 0.0, Diff: 0.0, Sum: 0.0]
         [Termination Attempts: Min: 1, Avg: 1.0, Max: 1, Diff: 0, Sum: 6]
      [GC Worker Other (ms): Min: 0.0, Avg: 0.1, Max: 0.1, Diff: 0.1, Sum: 0.5]
      [GC Worker Total (ms): Min: 1.4, Avg: 1.4, Max: 1.5, Diff: 0.1, Sum: 8.6]
      [GC Worker End (ms): Min: 420855.7, Avg: 420855.8, Max: 420855.8, Diff: 0.1]
   [Code Root Fixup: 0.0 ms]
   [Code Root Purge: 0.0 ms]
   [Clear CT: 0.5 ms]
   [Other: 1.0 ms]
      [Choose CSet: 0.0 ms]
      [Ref Proc: 0.1 ms]
      [Ref Enq: 0.0 ms]
      [Redirty Cards: 0.1 ms]
      [Humongous Register: 0.0 ms]
      [Humongous Reclaim: 0.0 ms]
      [Free CSet: 0.6 ms]
   [Eden: 2448.0M(2448.0M)->0.0B(2448.0M) Survivors: 8192.0K->8192.0K Heap: 2476.3M(4096.0M)->28918.6K(4096.0M)]
 [Times: user=0.00 sys=0.00, real=0.00 secs] 
2024-10-12T18:59:30.571+0300: 420.857: Total time for which application threads were stopped: 0.0034295 seconds, Stopping threads took: 0.0001475 seconds
2024-10-12T18:59:31.356+0300: 421.639: Application time: 0.7811509 seconds
2024-10-12T18:59:31.356+0300: 421.639: [GC pause (G1 Evacuation Pause) (young), 0.0033732 secs]
   [Parallel Time: 1.7 ms, GC Workers: 6]
      [GC Worker Start (ms): Min: 421639.0, Avg: 421639.0, Max: 421639.0, Diff: 0.1]
      [Ext Root Scanning (ms): Min: 0.3, Avg: 0.3, Max: 0.4, Diff: 0.1, Sum: 1.9]
      [Update RS (ms): Min: 0.0, Avg: 0.1, Max: 0.1, Diff: 0.1, Sum: 0.6]
         [Processed Buffers: Min: 0, Avg: 2.2, Max: 4, Diff: 4, Sum: 13]
      [Scan RS (ms): Min: 0.1, Avg: 0.2, Max: 0.2, Diff: 0.1, Sum: 1.1]
      [Code Root Scanning (ms): Min: 0.0, Avg: 0.0, Max: 0.0, Diff: 0.0, Sum: 0.0]
      [Object Copy (ms): Min: 0.7, Avg: 0.8, Max: 1.0, Diff: 0.2, Sum: 4.7]
      [Termination (ms): Min: 0.0, Avg: 0.0, Max: 0.0, Diff: 0.0, Sum: 0.0]
         [Termination Attempts: Min: 1, Avg: 1.0, Max: 1, Diff: 0, Sum: 6]
      [GC Worker Other (ms): Min: 0.0, Avg: 0.1, Max: 0.2, Diff: 0.1, Sum: 0.7]
      [GC Worker Total (ms): Min: 1.4, Avg: 1.5, Max: 1.6, Diff: 0.2, Sum: 9.0]
      [GC Worker End (ms): Min: 421640.4, Avg: 421640.5, Max: 421640.6, Diff: 0.1]
   [Code Root Fixup: 0.0 ms]
   [Code Root Purge: 0.0 ms]
   [Clear CT: 0.5 ms]
   [Other: 1.2 ms]
      [Choose CSet: 0.0 ms]
      [Ref Proc: 0.1 ms]
      [Ref Enq: 0.0 ms]
      [Redirty Cards: 0.1 ms]
      [Humongous Register: 0.1 ms]
      [Humongous Reclaim: 0.0 ms]
      [Free CSet: 0.7 ms]
   [Eden: 2448.0M(2448.0M)->0.0B(2444.0M) Survivors: 8192.0K->12288.0K Heap: 2476.2M(4096.0M)->31965.9K(4096.0M)]
 [Times: user=0.00 sys=0.00, real=0.00 secs] 
2024-10-12T18:59:31.356+0300: 421.642: Total time for which application threads were stopped: 0.0038283 seconds, Stopping threads took: 0.0001997 seconds
2024-10-12T18:59:32.141+0300: 422.423: Application time: 0.7808625 seconds
2024-10-12T18:59:32.141+0300: 422.423: [GC pause (G1 Evacuation Pause) (young), 0.0030509 secs]
   [Parallel Time: 1.5 ms, GC Workers: 6]
      [GC Worker Start (ms): Min: 422423.5, Avg: 422423.6, Max: 422423.6, Diff: 0.1]
      [Ext Root Scanning (ms): Min: 0.3, Avg: 0.3, Max: 0.4, Diff: 0.1, Sum: 2.0]
      [Update RS (ms): Min: 0.1, Avg: 0.1, Max: 0.1, Diff: 0.1, Sum: 0.6]
         [Processed Buffers: Min: 1, Avg: 2.2, Max: 4, Diff: 3, Sum: 13]
      [Scan RS (ms): Min: 0.1, Avg: 0.2, Max: 0.2, Diff: 0.0, Sum: 1.0]
      [Code Root Scanning (ms): Min: 0.0, Avg: 0.0, Max: 0.0, Diff: 0.0, Sum: 0.0]
      [Object Copy (ms): Min: 0.7, Avg: 0.8, Max: 0.8, Diff: 0.1, Sum: 4.6]
      [Termination (ms): Min: 0.0, Avg: 0.0, Max: 0.0, Diff: 0.0, Sum: 0.0]
         [Termination Attempts: Min: 1, Avg: 1.0, Max: 1, Diff: 0, Sum: 6]
      [GC Worker Other (ms): Min: 0.0, Avg: 0.1, Max: 0.1, Diff: 0.1, Sum: 0.4]
      [GC Worker Total (ms): Min: 1.4, Avg: 1.4, Max: 1.5, Diff: 0.1, Sum: 8.6]
      [GC Worker End (ms): Min: 422425.0, Avg: 422425.0, Max: 422425.0, Diff: 0.1]
   [Code Root Fixup: 0.0 ms]
   [Code Root Purge: 0.0 ms]
   [Clear CT: 0.5 ms]
   [Other: 1.0 ms]
      [Choose CSet: 0.0 ms]
      [Ref Proc: 0.1 ms]
      [Ref Enq: 0.0 ms]
      [Redirty Cards: 0.1 ms]
      [Humongous Register: 0.0 ms]
      [Humongous Reclaim: 0.0 ms]
      [Free CSet: 0.7 ms]
   [Eden: 2444.0M(2444.0M)->0.0B(2448.0M) Survivors: 12288.0K->8192.0K Heap: 2475.2M(4096.0M)->28705.9K(4096.0M)]
 [Times: user=0.00 sys=0.00, real=0.00 secs] 
2024-10-12T18:59:32.141+0300: 422.427: Total time for which application threads were stopped: 0.0034212 seconds, Stopping threads took: 0.0001409 seconds
2024-10-12T18:59:32.926+0300: 423.206: Application time: 0.7789485 seconds
2024-10-12T18:59:32.926+0300: 423.206: [GC pause (G1 Evacuation Pause) (young), 0.0040777 secs]
   [Parallel Time: 2.0 ms, GC Workers: 6]
      [GC Worker Start (ms): Min: 423205.9, Avg: 423206.0, Max: 423206.0, Diff: 0.1]
      [Ext Root Scanning (ms): Min: 0.3, Avg: 0.3, Max: 0.4, Diff: 0.1, Sum: 2.1]
      [Update RS (ms): Min: 0.1, Avg: 0.1, Max: 0.1, Diff: 0.0, Sum: 0.6]
         [Processed Buffers: Min: 2, Avg: 2.2, Max: 3, Diff: 1, Sum: 13]
      [Scan RS (ms): Min: 0.2, Avg: 0.2, Max: 0.2, Diff: 0.0, Sum: 1.0]
      [Code Root Scanning (ms): Min: 0.0, Avg: 0.0, Max: 0.0, Diff: 0.0, Sum: 0.0]
      [Object Copy (ms): Min: 1.1, Avg: 1.1, Max: 1.1, Diff: 0.1, Sum: 6.5]
      [Termination (ms): Min: 0.0, Avg: 0.0, Max: 0.0, Diff: 0.0, Sum: 0.0]
         [Termination Attempts: Min: 1, Avg: 1.0, Max: 1, Diff: 0, Sum: 6]
      [GC Worker Other (ms): Min: 0.0, Avg: 0.1, Max: 0.2, Diff: 0.1, Sum: 0.8]
      [GC Worker Total (ms): Min: 1.7, Avg: 1.8, Max: 1.9, Diff: 0.1, Sum: 11.0]
      [GC Worker End (ms): Min: 423207.7, Avg: 423207.8, Max: 423207.9, Diff: 0.1]
   [Code Root Fixup: 0.0 ms]
   [Code Root Purge: 0.0 ms]
   [Clear CT: 0.4 ms]
   [Other: 1.6 ms]
      [Choose CSet: 0.0 ms]
      [Ref Proc: 0.2 ms]
      [Ref Enq: 0.0 ms]
      [Redirty Cards: 0.2 ms]
      [Humongous Register: 0.1 ms]
      [Humongous Reclaim: 0.0 ms]
      [Free CSet: 1.0 ms]
   [Eden: 2448.0M(2448.0M)->0.0B(2444.0M) Survivors: 8192.0K->12288.0K Heap: 2476.0M(4096.0M)->32768.4K(4096.0M)]
 [Times: user=0.00 sys=0.00, real=0.00 secs] 
2024-10-12T18:59:32.926+0300: 423.210: Total time for which application threads were stopped: 0.0044491 seconds, Stopping threads took: 0.0001161 seconds
2024-10-12T18:59:33.696+0300: 423.980: Application time: 0.7699559 seconds
2024-10-12T18:59:33.696+0300: 423.980: [GC pause (G1 Evacuation Pause) (young), 0.0030650 secs]
   [Parallel Time: 1.6 ms, GC Workers: 6]
      [GC Worker Start (ms): Min: 423980.3, Avg: 423980.4, Max: 423980.4, Diff: 0.1]
      [Ext Root Scanning (ms): Min: 0.3, Avg: 0.3, Max: 0.4, Diff: 0.1, Sum: 2.0]
      [Update RS (ms): Min: 0.1, Avg: 0.1, Max: 0.1, Diff: 0.0, Sum: 0.6]
         [Processed Buffers: Min: 1, Avg: 2.2, Max: 4, Diff: 3, Sum: 13]
      [Scan RS (ms): Min: 0.2, Avg: 0.2, Max: 0.2, Diff: 0.0, Sum: 1.0]
      [Code Root Scanning (ms): Min: 0.0, Avg: 0.0, Max: 0.0, Diff: 0.0, Sum: 0.0]
      [Object Copy (ms): Min: 0.7, Avg: 0.8, Max: 0.8, Diff: 0.0, Sum: 4.6]
      [Termination (ms): Min: 0.0, Avg: 0.0, Max: 0.0, Diff: 0.0, Sum: 0.0]
         [Termination Attempts: Min: 1, Avg: 1.0, Max: 1, Diff: 0, Sum: 6]
      [GC Worker Other (ms): Min: 0.0, Avg: 0.1, Max: 0.1, Diff: 0.1, Sum: 0.5]
      [GC Worker Total (ms): Min: 1.4, Avg: 1.5, Max: 1.5, Diff: 0.1, Sum: 8.7]
      [GC Worker End (ms): Min: 423981.8, Avg: 423981.8, Max: 423981.9, Diff: 0.1]
   [Code Root Fixup: 0.0 ms]
   [Code Root Purge: 0.0 ms]
   [Clear CT: 0.5 ms]
   [Other: 1.0 ms]
      [Choose CSet: 0.0 ms]
      [Ref Proc: 0.1 ms]
      [Ref Enq: 0.0 ms]
      [Redirty Cards: 0.1 ms]
      [Humongous Register: 0.0 ms]
      [Humongous Reclaim: 0.0 ms]
      [Free CSet: 0.6 ms]
   [Eden: 2444.0M(2444.0M)->0.0B(2448.0M) Survivors: 12288.0K->8192.0K Heap: 2476.0M(4096.0M)->27973.7K(4096.0M)]
 [Times: user=0.00 sys=0.00, real=0.00 secs] 
2024-10-12T18:59:33.696+0300: 423.983: Total time for which application threads were stopped: 0.0034717 seconds, Stopping threads took: 0.0001872 seconds
2024-10-12T18:59:34.481+0300: 424.765: Application time: 0.7817541 seconds
2024-10-12T18:59:34.481+0300: 424.766: [GC pause (G1 Evacuation Pause) (young), 0.0031200 secs]
   [Parallel Time: 1.6 ms, GC Workers: 6]
      [GC Worker Start (ms): Min: 424765.7, Avg: 424765.7, Max: 424765.7, Diff: 0.1]
      [Ext Root Scanning (ms): Min: 0.3, Avg: 0.3, Max: 0.4, Diff: 0.1, Sum: 1.9]
      [Update RS (ms): Min: 0.1, Avg: 0.1, Max: 0.1, Diff: 0.1, Sum: 0.6]
         [Processed Buffers: Min: 1, Avg: 2.2, Max: 3, Diff: 2, Sum: 13]
      [Scan RS (ms): Min: 0.1, Avg: 0.2, Max: 0.2, Diff: 0.0, Sum: 1.0]
      [Code Root Scanning (ms): Min: 0.0, Avg: 0.0, Max: 0.0, Diff: 0.0, Sum: 0.0]
      [Object Copy (ms): Min: 0.8, Avg: 0.8, Max: 0.8, Diff: 0.0, Sum: 4.7]
      [Termination (ms): Min: 0.0, Avg: 0.0, Max: 0.0, Diff: 0.0, Sum: 0.0]
         [Termination Attempts: Min: 1, Avg: 1.2, Max: 2, Diff: 1, Sum: 7]
      [GC Worker Other (ms): Min: 0.1, Avg: 0.1, Max: 0.1, Diff: 0.1, Sum: 0.6]
      [GC Worker Total (ms): Min: 1.4, Avg: 1.5, Max: 1.5, Diff: 0.1, Sum: 8.9]
      [GC Worker End (ms): Min: 424767.1, Avg: 424767.2, Max: 424767.2, Diff: 0.1]
   [Code Root Fixup: 0.0 ms]
   [Code Root Purge: 0.0 ms]
   [Clear CT: 0.5 ms]
   [Other: 1.0 ms]
      [Choose CSet: 0.0 ms]
      [Ref Proc: 0.1 ms]
      [Ref Enq: 0.0 ms]
      [Redirty Cards: 0.1 ms]
      [Humongous Register: 0.0 ms]
      [Humongous Reclaim: 0.0 ms]
      [Free CSet: 0.6 ms]
   [Eden: 2448.0M(2448.0M)->0.0B(2448.0M) Survivors: 8192.0K->8192.0K Heap: 2475.3M(4096.0M)->28886.3K(4096.0M)]
 [Times: user=0.00 sys=0.00, real=0.00 secs] 
2024-10-12T18:59:34.481+0300: 424.769: Total time for which application threads were stopped: 0.0035871 seconds, Stopping threads took: 0.0002274 seconds
2024-10-12T18:59:35.265+0300: 425.547: Application time: 0.7780897 seconds
2024-10-12T18:59:35.265+0300: 425.547: [GC pause (G1 Evacuation Pause) (young), 0.0034166 secs]
   [Parallel Time: 1.8 ms, GC Workers: 6]
      [GC Worker Start (ms): Min: 425547.3, Avg: 425547.3, Max: 425547.3, Diff: 0.0]
      [Ext Root Scanning (ms): Min: 0.3, Avg: 0.3, Max: 0.4, Diff: 0.0, Sum: 2.0]
      [Update RS (ms): Min: 0.0, Avg: 0.1, Max: 0.2, Diff: 0.2, Sum: 0.6]
         [Processed Buffers: Min: 0, Avg: 2.2, Max: 5, Diff: 5, Sum: 13]
      [Scan RS (ms): Min: 0.1, Avg: 0.2, Max: 0.2, Diff: 0.1, Sum: 1.1]
      [Code Root Scanning (ms): Min: 0.0, Avg: 0.0, Max: 0.0, Diff: 0.0, Sum: 0.0]
      [Object Copy (ms): Min: 0.8, Avg: 0.9, Max: 1.0, Diff: 0.3, Sum: 5.1]
      [Termination (ms): Min: 0.0, Avg: 0.0, Max: 0.0, Diff: 0.0, Sum: 0.0]
         [Termination Attempts: Min: 1, Avg: 1.0, Max: 1, Diff: 0, Sum: 6]
      [GC Worker Other (ms): Min: 0.0, Avg: 0.1, Max: 0.2, Diff: 0.1, Sum: 0.7]
      [GC Worker Total (ms): Min: 1.5, Avg: 1.6, Max: 1.7, Diff: 0.2, Sum: 9.5]
      [GC Worker End (ms): Min: 425548.8, Avg: 425548.9, Max: 425548.9, Diff: 0.2]
   [Code Root Fixup: 0.0 ms]
   [Code Root Purge: 0.0 ms]
   [Clear CT: 0.5 ms]
   [Other: 1.1 ms]
      [Choose CSet: 0.0 ms]
      [Ref Proc: 0.1 ms]
      [Ref Enq: 0.0 ms]
      [Redirty Cards: 0.1 ms]
      [Humongous Register: 0.0 ms]
      [Humongous Reclaim: 0.0 ms]
      [Free CSet: 0.7 ms]
   [Eden: 2448.0M(2448.0M)->0.0B(2446.0M) Survivors: 8192.0K->10240.0K Heap: 2476.2M(4096.0M)->29955.9K(4096.0M)]
 [Times: user=0.00 sys=0.00, real=0.00 secs] 
2024-10-12T18:59:35.265+0300: 425.551: Total time for which application threads were stopped: 0.0038144 seconds, Stopping threads took: 0.0001494 seconds
2024-10-12T18:59:36.035+0300: 426.328: Application time: 0.7774779 seconds
2024-10-12T18:59:36.035+0300: 426.329: [GC pause (G1 Evacuation Pause) (young), 0.0034422 secs]
   [Parallel Time: 1.6 ms, GC Workers: 6]
      [GC Worker Start (ms): Min: 426328.6, Avg: 426328.6, Max: 426328.7, Diff: 0.1]
      [Ext Root Scanning (ms): Min: 0.3, Avg: 0.3, Max: 0.4, Diff: 0.1, Sum: 2.0]
      [Update RS (ms): Min: 0.1, Avg: 0.1, Max: 0.1, Diff: 0.1, Sum: 0.6]
         [Processed Buffers: Min: 1, Avg: 2.2, Max: 3, Diff: 2, Sum: 13]
      [Scan RS (ms): Min: 0.1, Avg: 0.2, Max: 0.2, Diff: 0.1, Sum: 1.0]
      [Code Root Scanning (ms): Min: 0.0, Avg: 0.0, Max: 0.0, Diff: 0.0, Sum: 0.0]
      [Object Copy (ms): Min: 0.8, Avg: 0.8, Max: 0.9, Diff: 0.1, Sum: 5.1]
      [Termination (ms): Min: 0.0, Avg: 0.0, Max: 0.1, Diff: 0.1, Sum: 0.2]
         [Termination Attempts: Min: 1, Avg: 1.0, Max: 1, Diff: 0, Sum: 6]
      [GC Worker Other (ms): Min: 0.0, Avg: 0.0, Max: 0.0, Diff: 0.0, Sum: 0.2]
      [GC Worker Total (ms): Min: 1.5, Avg: 1.5, Max: 1.5, Diff: 0.1, Sum: 9.1]
      [GC Worker End (ms): Min: 426330.1, Avg: 426330.2, Max: 426330.2, Diff: 0.0]
   [Code Root Fixup: 0.0 ms]
   [Code Root Purge: 0.0 ms]
   [Clear CT: 0.6 ms]
   [Other: 1.2 ms]
      [Choose CSet: 0.0 ms]
      [Ref Proc: 0.2 ms]
      [Ref Enq: 0.0 ms]
      [Redirty Cards: 0.1 ms]
      [Humongous Register: 0.0 ms]
      [Humongous Reclaim: 0.0 ms]
      [Free CSet: 0.7 ms]
   [Eden: 2446.0M(2446.0M)->0.0B(2448.0M) Survivors: 10240.0K->8192.0K Heap: 2475.3M(4096.0M)->28891.7K(4096.0M)]
 [Times: user=0.02 sys=0.00, real=0.02 secs] 
2024-10-12T18:59:36.051+0300: 426.332: Total time for which application threads were stopped: 0.0038795 seconds, Stopping threads took: 0.0002005 seconds
2024-10-12T18:59:36.821+0300: 427.104: Application time: 0.7717314 seconds
2024-10-12T18:59:36.821+0300: 427.104: [GC pause (G1 Evacuation Pause) (young), 0.0032517 secs]
   [Parallel Time: 1.7 ms, GC Workers: 6]
      [GC Worker Start (ms): Min: 427104.1, Avg: 427104.2, Max: 427104.2, Diff: 0.1]
      [Ext Root Scanning (ms): Min: 0.3, Avg: 0.3, Max: 0.4, Diff: 0.1, Sum: 2.0]
      [Update RS (ms): Min: 0.1, Avg: 0.1, Max: 0.1, Diff: 0.1, Sum: 0.6]
         [Processed Buffers: Min: 1, Avg: 2.2, Max: 3, Diff: 2, Sum: 13]
      [Scan RS (ms): Min: 0.2, Avg: 0.2, Max: 0.2, Diff: 0.0, Sum: 1.1]
      [Code Root Scanning (ms): Min: 0.0, Avg: 0.0, Max: 0.0, Diff: 0.0, Sum: 0.0]
      [Object Copy (ms): Min: 0.9, Avg: 0.9, Max: 0.9, Diff: 0.0, Sum: 5.3]
      [Termination (ms): Min: 0.0, Avg: 0.0, Max: 0.0, Diff: 0.0, Sum: 0.0]
         [Termination Attempts: Min: 1, Avg: 2.0, Max: 4, Diff: 3, Sum: 12]
      [GC Worker Other (ms): Min: 0.0, Avg: 0.1, Max: 0.1, Diff: 0.1, Sum: 0.5]
      [GC Worker Total (ms): Min: 1.5, Avg: 1.6, Max: 1.6, Diff: 0.1, Sum: 9.5]
      [GC Worker End (ms): Min: 427105.7, Avg: 427105.7, Max: 427105.8, Diff: 0.1]
   [Code Root Fixup: 0.0 ms]
   [Code Root Purge: 0.0 ms]
   [Clear CT: 0.5 ms]
   [Other: 1.1 ms]
      [Choose CSet: 0.0 ms]
      [Ref Proc: 0.1 ms]
      [Ref Enq: 0.0 ms]
      [Redirty Cards: 0.1 ms]
      [Humongous Register: 0.0 ms]
      [Humongous Reclaim: 0.0 ms]
      [Free CSet: 0.6 ms]
   [Eden: 2448.0M(2448.0M)->0.0B(2446.0M) Survivors: 8192.0K->10240.0K Heap: 2476.2M(4096.0M)->30926.3K(4096.0M)]
 [Times: user=0.00 sys=0.00, real=0.00 secs] 
2024-10-12T18:59:36.821+0300: 427.107: Total time for which application threads were stopped: 0.0036012 seconds, Stopping threads took: 0.0001304 seconds
2024-10-12T18:59:37.606+0300: 427.885: Application time: 0.7779457 seconds
2024-10-12T18:59:37.606+0300: 427.886: [GC pause (G1 Evacuation Pause) (young), 0.0031519 secs]
   [Parallel Time: 1.6 ms, GC Workers: 6]
      [GC Worker Start (ms): Min: 427885.7, Avg: 427885.7, Max: 427885.7, Diff: 0.0]
      [Ext Root Scanning (ms): Min: 0.3, Avg: 0.3, Max: 0.3, Diff: 0.0, Sum: 1.8]
      [Update RS (ms): Min: 0.1, Avg: 0.1, Max: 0.1, Diff: 0.0, Sum: 0.6]
         [Processed Buffers: Min: 1, Avg: 2.2, Max: 3, Diff: 2, Sum: 13]
      [Scan RS (ms): Min: 0.1, Avg: 0.2, Max: 0.2, Diff: 0.0, Sum: 1.0]
      [Code Root Scanning (ms): Min: 0.0, Avg: 0.0, Max: 0.0, Diff: 0.0, Sum: 0.0]
      [Object Copy (ms): Min: 0.8, Avg: 0.8, Max: 0.8, Diff: 0.0, Sum: 4.8]
      [Termination (ms): Min: 0.0, Avg: 0.0, Max: 0.0, Diff: 0.0, Sum: 0.0]
         [Termination Attempts: Min: 1, Avg: 2.3, Max: 4, Diff: 3, Sum: 14]
      [GC Worker Other (ms): Min: 0.0, Avg: 0.1, Max: 0.1, Diff: 0.1, Sum: 0.5]
      [GC Worker Total (ms): Min: 1.4, Avg: 1.5, Max: 1.5, Diff: 0.1, Sum: 8.7]
      [GC Worker End (ms): Min: 427887.1, Avg: 427887.2, Max: 427887.2, Diff: 0.1]
   [Code Root Fixup: 0.0 ms]
   [Code Root Purge: 0.0 ms]
   [Clear CT: 0.5 ms]
   [Other: 1.1 ms]
      [Choose CSet: 0.0 ms]
      [Ref Proc: 0.1 ms]
      [Ref Enq: 0.0 ms]
      [Redirty Cards: 0.1 ms]
      [Humongous Register: 0.0 ms]
      [Humongous Reclaim: 0.0 ms]
      [Free CSet: 0.7 ms]
   [Eden: 2446.0M(2446.0M)->0.0B(2446.0M) Survivors: 10240.0K->10240.0K Heap: 2476.2M(4096.0M)->30034.2K(4096.0M)]
 [Times: user=0.00 sys=0.00, real=0.00 secs] 
2024-10-12T18:59:37.606+0300: 427.889: Total time for which application threads were stopped: 0.0035160 seconds, Stopping threads took: 0.0001455 seconds
2024-10-12T18:59:38.375+0300: 428.666: Application time: 0.7772084 seconds
2024-10-12T18:59:38.375+0300: 428.666: [GC pause (G1 Evacuation Pause) (young), 0.0040543 secs]
   [Parallel Time: 2.2 ms, GC Workers: 6]
      [GC Worker Start (ms): Min: 428666.5, Avg: 428666.5, Max: 428666.6, Diff: 0.0]
      [Ext Root Scanning (ms): Min: 0.3, Avg: 0.3, Max: 0.3, Diff: 0.0, Sum: 1.9]
      [Update RS (ms): Min: 0.1, Avg: 0.1, Max: 0.1, Diff: 0.1, Sum: 0.6]
         [Processed Buffers: Min: 1, Avg: 2.2, Max: 4, Diff: 3, Sum: 13]
      [Scan RS (ms): Min: 0.2, Avg: 0.2, Max: 0.2, Diff: 0.0, Sum: 1.1]
      [Code Root Scanning (ms): Min: 0.0, Avg: 0.0, Max: 0.0, Diff: 0.0, Sum: 0.0]
      [Object Copy (ms): Min: 1.3, Avg: 1.3, Max: 1.4, Diff: 0.0, Sum: 8.1]
      [Termination (ms): Min: 0.0, Avg: 0.0, Max: 0.0, Diff: 0.0, Sum: 0.0]
         [Termination Attempts: Min: 1, Avg: 1.0, Max: 1, Diff: 0, Sum: 6]
      [GC Worker Other (ms): Min: 0.0, Avg: 0.1, Max: 0.2, Diff: 0.2, Sum: 0.8]
      [GC Worker Total (ms): Min: 2.0, Avg: 2.1, Max: 2.2, Diff: 0.2, Sum: 12.5]
      [GC Worker End (ms): Min: 428668.5, Avg: 428668.6, Max: 428668.7, Diff: 0.2]
   [Code Root Fixup: 0.0 ms]
   [Code Root Purge: 0.0 ms]
   [Clear CT: 0.5 ms]
   [Other: 1.3 ms]
      [Choose CSet: 0.0 ms]
      [Ref Proc: 0.2 ms]
      [Ref Enq: 0.0 ms]
      [Redirty Cards: 0.1 ms]
      [Humongous Register: 0.1 ms]
      [Humongous Reclaim: 0.0 ms]
      [Free CSet: 0.8 ms]
   [Eden: 2446.0M(2446.0M)->0.0B(2444.0M) Survivors: 10240.0K->12288.0K Heap: 2475.3M(4096.0M)->33039.3K(4096.0M)]
 [Times: user=0.00 sys=0.00, real=0.02 secs] 
2024-10-12T18:59:38.390+0300: 428.671: Total time for which application threads were stopped: 0.0045026 seconds, Stopping threads took: 0.0001946 seconds
2024-10-12T18:59:39.160+0300: 429.454: Application time: 0.7831700 seconds
2024-10-12T18:59:39.160+0300: 429.454: [GC pause (G1 Evacuation Pause) (young), 0.0033182 secs]
   [Parallel Time: 1.6 ms, GC Workers: 6]
      [GC Worker Start (ms): Min: 429454.2, Avg: 429454.2, Max: 429454.2, Diff: 0.1]
      [Ext Root Scanning (ms): Min: 0.3, Avg: 0.4, Max: 0.5, Diff: 0.2, Sum: 2.2]
      [Update RS (ms): Min: 0.0, Avg: 0.1, Max: 0.1, Diff: 0.1, Sum: 0.6]
         [Processed Buffers: Min: 1, Avg: 2.2, Max: 3, Diff: 2, Sum: 13]
      [Scan RS (ms): Min: 0.1, Avg: 0.2, Max: 0.2, Diff: 0.1, Sum: 1.0]
      [Code Root Scanning (ms): Min: 0.0, Avg: 0.0, Max: 0.0, Diff: 0.0, Sum: 0.0]
      [Object Copy (ms): Min: 0.7, Avg: 0.7, Max: 0.8, Diff: 0.1, Sum: 4.5]
      [Termination (ms): Min: 0.0, Avg: 0.0, Max: 0.0, Diff: 0.0, Sum: 0.0]
         [Termination Attempts: Min: 1, Avg: 1.0, Max: 1, Diff: 0, Sum: 6]
      [GC Worker Other (ms): Min: 0.0, Avg: 0.1, Max: 0.1, Diff: 0.1, Sum: 0.4]
      [GC Worker Total (ms): Min: 1.4, Avg: 1.5, Max: 1.5, Diff: 0.1, Sum: 8.8]
      [GC Worker End (ms): Min: 429455.6, Avg: 429455.7, Max: 429455.7, Diff: 0.1]
   [Code Root Fixup: 0.0 ms]
   [Code Root Purge: 0.0 ms]
   [Clear CT: 0.5 ms]
   [Other: 1.2 ms]
      [Choose CSet: 0.0 ms]
      [Ref Proc: 0.1 ms]
      [Ref Enq: 0.0 ms]
      [Redirty Cards: 0.1 ms]
      [Humongous Register: 0.1 ms]
      [Humongous Reclaim: 0.0 ms]
      [Free CSet: 0.7 ms]
   [Eden: 2444.0M(2444.0M)->0.0B(2448.0M) Survivors: 12288.0K->8192.0K Heap: 2476.3M(4096.0M)->27991.2K(4096.0M)]
 [Times: user=0.02 sys=0.00, real=0.01 secs] 
2024-10-12T18:59:39.175+0300: 429.458: Total time for which application threads were stopped: 0.0037432 seconds, Stopping threads took: 0.0001937 seconds
2024-10-12T18:59:39.945+0300: 430.236: Application time: 0.7779960 seconds
2024-10-12T18:59:39.945+0300: 430.236: [GC pause (G1 Evacuation Pause) (young), 0.0053720 secs]
   [Parallel Time: 3.3 ms, GC Workers: 6]
      [GC Worker Start (ms): Min: 430236.0, Avg: 430236.0, Max: 430236.4, Diff: 0.4]
      [Ext Root Scanning (ms): Min: 0.0, Avg: 0.3, Max: 0.4, Diff: 0.4, Sum: 1.8]
      [Update RS (ms): Min: 0.0, Avg: 0.1, Max: 0.2, Diff: 0.2, Sum: 0.7]
         [Processed Buffers: Min: 0, Avg: 2.2, Max: 5, Diff: 5, Sum: 13]
      [Scan RS (ms): Min: 0.2, Avg: 0.2, Max: 0.2, Diff: 0.1, Sum: 1.2]
      [Code Root Scanning (ms): Min: 0.0, Avg: 0.0, Max: 0.0, Diff: 0.0, Sum: 0.0]
      [Object Copy (ms): Min: 2.3, Avg: 2.4, Max: 2.6, Diff: 0.3, Sum: 14.6]
      [Termination (ms): Min: 0.0, Avg: 0.0, Max: 0.0, Diff: 0.0, Sum: 0.0]
         [Termination Attempts: Min: 1, Avg: 1.0, Max: 1, Diff: 0, Sum: 6]
      [GC Worker Other (ms): Min: 0.0, Avg: 0.1, Max: 0.2, Diff: 0.1, Sum: 0.6]
      [GC Worker Total (ms): Min: 2.9, Avg: 3.2, Max: 3.3, Diff: 0.4, Sum: 18.9]
      [GC Worker End (ms): Min: 430239.1, Avg: 430239.2, Max: 430239.2, Diff: 0.1]
   [Code Root Fixup: 0.0 ms]
   [Code Root Purge: 0.0 ms]
   [Clear CT: 0.6 ms]
   [Other: 1.4 ms]
      [Choose CSet: 0.0 ms]
      [Ref Proc: 0.1 ms]
      [Ref Enq: 0.0 ms]
      [Redirty Cards: 0.2 ms]
      [Humongous Register: 0.1 ms]
      [Humongous Reclaim: 0.0 ms]
      [Free CSet: 0.9 ms]
   [Eden: 2448.0M(2448.0M)->0.0B(2442.0M) Survivors: 8192.0K->14336.0K Heap: 2475.3M(4096.0M)->34137.7K(4096.0M)]
 [Times: user=0.00 sys=0.00, real=0.02 secs] 
2024-10-12T18:59:39.961+0300: 430.241: Total time for which application threads were stopped: 0.0058293 seconds, Stopping threads took: 0.0001949 seconds
2024-10-12T18:59:40.730+0300: 431.014: Application time: 0.7727560 seconds
2024-10-12T18:59:40.730+0300: 431.014: [GC pause (G1 Evacuation Pause) (young), 0.0043306 secs]
   [Parallel Time: 2.8 ms, GC Workers: 6]
      [GC Worker Start (ms): Min: 431014.4, Avg: 431014.5, Max: 431014.9, Diff: 0.4]
      [Ext Root Scanning (ms): Min: 0.0, Avg: 0.3, Max: 0.4, Diff: 0.4, Sum: 1.8]
      [Update RS (ms): Min: 0.0, Avg: 0.1, Max: 0.1, Diff: 0.1, Sum: 0.6]
         [Processed Buffers: Min: 0, Avg: 2.2, Max: 5, Diff: 5, Sum: 13]
      [Scan RS (ms): Min: 0.0, Avg: 0.2, Max: 0.2, Diff: 0.2, Sum: 1.0]
      [Code Root Scanning (ms): Min: 0.0, Avg: 0.0, Max: 0.0, Diff: 0.0, Sum: 0.0]
      [Object Copy (ms): Min: 1.9, Avg: 2.0, Max: 2.2, Diff: 0.3, Sum: 11.7]
      [Termination (ms): Min: 0.0, Avg: 0.0, Max: 0.0, Diff: 0.0, Sum: 0.0]
         [Termination Attempts: Min: 1, Avg: 1.0, Max: 1, Diff: 0, Sum: 6]
      [GC Worker Other (ms): Min: 0.0, Avg: 0.1, Max: 0.1, Diff: 0.1, Sum: 0.5]
      [GC Worker Total (ms): Min: 2.2, Avg: 2.6, Max: 2.7, Diff: 0.5, Sum: 15.8]
      [GC Worker End (ms): Min: 431017.1, Avg: 431017.2, Max: 431017.2, Diff: 0.1]
   [Code Root Fixup: 0.0 ms]
   [Code Root Purge: 0.0 ms]
   [Clear CT: 0.5 ms]
   [Other: 1.0 ms]
      [Choose CSet: 0.0 ms]
      [Ref Proc: 0.1 ms]
      [Ref Enq: 0.0 ms]
      [Redirty Cards: 0.1 ms]
      [Humongous Register: 0.0 ms]
      [Humongous Reclaim: 0.0 ms]
      [Free CSet: 0.7 ms]
   [Eden: 2442.0M(2442.0M)->0.0B(2444.0M) Survivors: 14336.0K->12288.0K Heap: 2475.3M(4096.0M)->33116.2K(4096.0M)]
 [Times: user=0.00 sys=0.00, real=0.00 secs] 
2024-10-12T18:59:40.730+0300: 431.019: Total time for which application threads were stopped: 0.0047076 seconds, Stopping threads took: 0.0001574 seconds
2024-10-12T18:59:41.514+0300: 431.794: Application time: 0.7749362 seconds
2024-10-12T18:59:41.514+0300: 431.794: [GC pause (G1 Evacuation Pause) (young), 0.0037981 secs]
   [Parallel Time: 2.1 ms, GC Workers: 6]
      [GC Worker Start (ms): Min: 431794.2, Avg: 431794.3, Max: 431794.6, Diff: 0.4]
      [Ext Root Scanning (ms): Min: 0.0, Avg: 0.3, Max: 0.4, Diff: 0.4, Sum: 2.0]
      [Update RS (ms): Min: 0.0, Avg: 0.1, Max: 0.1, Diff: 0.1, Sum: 0.6]
         [Processed Buffers: Min: 0, Avg: 2.2, Max: 3, Diff: 3, Sum: 13]
      [Scan RS (ms): Min: 0.1, Avg: 0.2, Max: 0.2, Diff: 0.0, Sum: 1.0]
      [Code Root Scanning (ms): Min: 0.0, Avg: 0.0, Max: 0.0, Diff: 0.0, Sum: 0.0]
      [Object Copy (ms): Min: 1.2, Avg: 1.2, Max: 1.4, Diff: 0.2, Sum: 7.5]
      [Termination (ms): Min: 0.0, Avg: 0.0, Max: 0.0, Diff: 0.0, Sum: 0.0]
         [Termination Attempts: Min: 1, Avg: 3.2, Max: 5, Diff: 4, Sum: 19]
      [GC Worker Other (ms): Min: 0.0, Avg: 0.1, Max: 0.1, Diff: 0.1, Sum: 0.4]
      [GC Worker Total (ms): Min: 1.6, Avg: 1.9, Max: 2.1, Diff: 0.5, Sum: 11.5]
      [GC Worker End (ms): Min: 431796.1, Avg: 431796.2, Max: 431796.2, Diff: 0.1]
   [Code Root Fixup: 0.0 ms]
   [Code Root Purge: 0.0 ms]
   [Clear CT: 0.5 ms]
   [Other: 1.1 ms]
      [Choose CSet: 0.0 ms]
      [Ref Proc: 0.2 ms]
      [Ref Enq: 0.0 ms]
      [Redirty Cards: 0.1 ms]
      [Humongous Register: 0.0 ms]
      [Humongous Reclaim: 0.0 ms]
      [Free CSet: 0.7 ms]
   [Eden: 2444.0M(2444.0M)->0.0B(2444.0M) Survivors: 12288.0K->12288.0K Heap: 2476.3M(4096.0M)->32094.7K(4096.0M)]
 [Times: user=0.00 sys=0.00, real=0.00 secs] 
2024-10-12T18:59:41.515+0300: 431.798: Total time for which application threads were stopped: 0.0042386 seconds, Stopping threads took: 0.0001813 seconds
2024-10-12T18:59:42.285+0300: 432.579: Application time: 0.7809237 seconds
2024-10-12T18:59:42.285+0300: 432.579: [GC pause (G1 Evacuation Pause) (young), 0.0037275 secs]
   [Parallel Time: 2.1 ms, GC Workers: 6]
      [GC Worker Start (ms): Min: 432579.4, Avg: 432579.4, Max: 432579.5, Diff: 0.1]
      [Ext Root Scanning (ms): Min: 0.3, Avg: 0.3, Max: 0.4, Diff: 0.1, Sum: 2.0]
      [Update RS (ms): Min: 0.0, Avg: 0.1, Max: 0.2, Diff: 0.2, Sum: 0.7]
         [Processed Buffers: Min: 0, Avg: 2.0, Max: 3, Diff: 3, Sum: 12]
      [Scan RS (ms): Min: 0.1, Avg: 0.2, Max: 0.2, Diff: 0.1, Sum: 1.0]
      [Code Root Scanning (ms): Min: 0.0, Avg: 0.0, Max: 0.0, Diff: 0.0, Sum: 0.0]
      [Object Copy (ms): Min: 1.2, Avg: 1.3, Max: 1.4, Diff: 0.2, Sum: 7.5]
      [Termination (ms): Min: 0.0, Avg: 0.0, Max: 0.0, Diff: 0.0, Sum: 0.0]
         [Termination Attempts: Min: 1, Avg: 1.0, Max: 1, Diff: 0, Sum: 6]
      [GC Worker Other (ms): Min: 0.0, Avg: 0.1, Max: 0.1, Diff: 0.1, Sum: 0.4]
      [GC Worker Total (ms): Min: 1.9, Avg: 2.0, Max: 2.0, Diff: 0.1, Sum: 11.7]
      [GC Worker End (ms): Min: 432581.4, Avg: 432581.4, Max: 432581.5, Diff: 0.1]
   [Code Root Fixup: 0.0 ms]
   [Code Root Purge: 0.0 ms]
   [Clear CT: 0.6 ms]
   [Other: 1.0 ms]
      [Choose CSet: 0.0 ms]
      [Ref Proc: 0.1 ms]
      [Ref Enq: 0.0 ms]
      [Redirty Cards: 0.1 ms]
      [Humongous Register: 0.1 ms]
      [Humongous Reclaim: 0.0 ms]
      [Free CSet: 0.7 ms]
   [Eden: 2444.0M(2444.0M)->0.0B(2444.0M) Survivors: 12288.0K->12288.0K Heap: 2475.3M(4096.0M)->32097.2K(4096.0M)]
 [Times: user=0.02 sys=0.00, real=0.02 secs] 
2024-10-12T18:59:42.301+0300: 432.583: Total time for which application threads were stopped: 0.0042635 seconds, Stopping threads took: 0.0002919 seconds
2024-10-12T18:59:43.085+0300: 433.366: Application time: 0.7827026 seconds
2024-10-12T18:59:43.085+0300: 433.366: [GC pause (G1 Evacuation Pause) (young), 0.0031216 secs]
   [Parallel Time: 1.6 ms, GC Workers: 6]
      [GC Worker Start (ms): Min: 433366.2, Avg: 433366.2, Max: 433366.2, Diff: 0.1]
      [Ext Root Scanning (ms): Min: 0.3, Avg: 0.3, Max: 0.4, Diff: 0.1, Sum: 1.9]
      [Update RS (ms): Min: 0.1, Avg: 0.1, Max: 0.1, Diff: 0.0, Sum: 0.6]
         [Processed Buffers: Min: 1, Avg: 2.0, Max: 3, Diff: 2, Sum: 12]
      [Scan RS (ms): Min: 0.2, Avg: 0.2, Max: 0.2, Diff: 0.1, Sum: 1.1]
      [Code Root Scanning (ms): Min: 0.0, Avg: 0.0, Max: 0.0, Diff: 0.0, Sum: 0.0]
      [Object Copy (ms): Min: 0.8, Avg: 0.8, Max: 0.9, Diff: 0.1, Sum: 4.9]
      [Termination (ms): Min: 0.0, Avg: 0.0, Max: 0.0, Diff: 0.0, Sum: 0.0]
         [Termination Attempts: Min: 1, Avg: 1.0, Max: 1, Diff: 0, Sum: 6]
      [GC Worker Other (ms): Min: 0.0, Avg: 0.1, Max: 0.1, Diff: 0.1, Sum: 0.5]
      [GC Worker Total (ms): Min: 1.5, Avg: 1.5, Max: 1.6, Diff: 0.1, Sum: 9.1]
      [GC Worker End (ms): Min: 433367.7, Avg: 433367.7, Max: 433367.8, Diff: 0.1]
   [Code Root Fixup: 0.0 ms]
   [Code Root Purge: 0.0 ms]
   [Clear CT: 0.5 ms]
   [Other: 1.0 ms]
      [Choose CSet: 0.0 ms]
      [Ref Proc: 0.1 ms]
      [Ref Enq: 0.0 ms]
      [Redirty Cards: 0.1 ms]
      [Humongous Register: 0.0 ms]
      [Humongous Reclaim: 0.0 ms]
      [Free CSet: 0.6 ms]
   [Eden: 2444.0M(2444.0M)->0.0B(2448.0M) Survivors: 12288.0K->8192.0K Heap: 2475.3M(4096.0M)->29027.7K(4096.0M)]
 [Times: user=0.00 sys=0.00, real=0.00 secs] 
2024-10-12T18:59:43.085+0300: 433.369: Total time for which application threads were stopped: 0.0034622 seconds, Stopping threads took: 0.0001167 seconds
2024-10-12T18:59:43.855+0300: 434.140: Application time: 0.7711255 seconds
2024-10-12T18:59:43.855+0300: 434.141: [GC pause (G1 Evacuation Pause) (young), 0.0031488 secs]
   [Parallel Time: 1.6 ms, GC Workers: 6]
      [GC Worker Start (ms): Min: 434140.9, Avg: 434140.9, Max: 434140.9, Diff: 0.0]
      [Ext Root Scanning (ms): Min: 0.3, Avg: 0.3, Max: 0.4, Diff: 0.1, Sum: 2.0]
      [Update RS (ms): Min: 0.0, Avg: 0.1, Max: 0.2, Diff: 0.2, Sum: 0.6]
         [Processed Buffers: Min: 0, Avg: 2.2, Max: 3, Diff: 3, Sum: 13]
      [Scan RS (ms): Min: 0.1, Avg: 0.2, Max: 0.2, Diff: 0.1, Sum: 1.0]
      [Code Root Scanning (ms): Min: 0.0, Avg: 0.0, Max: 0.0, Diff: 0.0, Sum: 0.0]
      [Object Copy (ms): Min: 0.8, Avg: 0.8, Max: 1.0, Diff: 0.2, Sum: 5.0]
      [Termination (ms): Min: 0.0, Avg: 0.0, Max: 0.0, Diff: 0.0, Sum: 0.0]
         [Termination Attempts: Min: 1, Avg: 2.2, Max: 5, Diff: 4, Sum: 13]
      [GC Worker Other (ms): Min: 0.0, Avg: 0.1, Max: 0.1, Diff: 0.1, Sum: 0.5]
      [GC Worker Total (ms): Min: 1.5, Avg: 1.5, Max: 1.6, Diff: 0.1, Sum: 9.2]
      [GC Worker End (ms): Min: 434142.4, Avg: 434142.4, Max: 434142.5, Diff: 0.1]
   [Code Root Fixup: 0.0 ms]
   [Code Root Purge: 0.0 ms]
   [Clear CT: 0.5 ms]
   [Other: 1.0 ms]
      [Choose CSet: 0.0 ms]
      [Ref Proc: 0.1 ms]
      [Ref Enq: 0.0 ms]
      [Redirty Cards: 0.1 ms]
      [Humongous Register: 0.0 ms]
      [Humongous Reclaim: 0.0 ms]
      [Free CSet: 0.6 ms]
   [Eden: 2448.0M(2448.0M)->0.0B(2448.0M) Survivors: 8192.0K->8192.0K Heap: 2476.3M(4096.0M)->28001.1K(4096.0M)]
 [Times: user=0.00 sys=0.00, real=0.00 secs] 
2024-10-12T18:59:43.855+0300: 434.144: Total time for which application threads were stopped: 0.0036024 seconds, Stopping threads took: 0.0002052 seconds
2024-10-12T18:59:44.640+0300: 434.923: Application time: 0.7788494 seconds
2024-10-12T18:59:44.640+0300: 434.923: [GC pause (G1 Evacuation Pause) (young), 0.0031395 secs]
   [Parallel Time: 1.6 ms, GC Workers: 6]
      [GC Worker Start (ms): Min: 434923.3, Avg: 434923.3, Max: 434923.3, Diff: 0.1]
      [Ext Root Scanning (ms): Min: 0.3, Avg: 0.3, Max: 0.4, Diff: 0.1, Sum: 2.0]
      [Update RS (ms): Min: 0.1, Avg: 0.1, Max: 0.1, Diff: 0.1, Sum: 0.6]
         [Processed Buffers: Min: 1, Avg: 2.2, Max: 4, Diff: 3, Sum: 13]
      [Scan RS (ms): Min: 0.2, Avg: 0.2, Max: 0.2, Diff: 0.0, Sum: 1.1]
      [Code Root Scanning (ms): Min: 0.0, Avg: 0.0, Max: 0.0, Diff: 0.0, Sum: 0.0]
      [Object Copy (ms): Min: 0.7, Avg: 0.8, Max: 0.8, Diff: 0.1, Sum: 4.6]
      [Termination (ms): Min: 0.0, Avg: 0.0, Max: 0.0, Diff: 0.0, Sum: 0.0]
         [Termination Attempts: Min: 1, Avg: 1.0, Max: 1, Diff: 0, Sum: 6]
      [GC Worker Other (ms): Min: 0.0, Avg: 0.1, Max: 0.1, Diff: 0.1, Sum: 0.6]
      [GC Worker Total (ms): Min: 1.4, Avg: 1.5, Max: 1.5, Diff: 0.1, Sum: 8.8]
      [GC Worker End (ms): Min: 434924.7, Avg: 434924.8, Max: 434924.8, Diff: 0.1]
   [Code Root Fixup: 0.0 ms]
   [Code Root Purge: 0.0 ms]
   [Clear CT: 0.5 ms]
   [Other: 1.0 ms]
      [Choose CSet: 0.0 ms]
      [Ref Proc: 0.1 ms]
      [Ref Enq: 0.0 ms]
      [Redirty Cards: 0.1 ms]
      [Humongous Register: 0.1 ms]
      [Humongous Reclaim: 0.0 ms]
      [Free CSet: 0.6 ms]
   [Eden: 2448.0M(2448.0M)->0.0B(2448.0M) Survivors: 8192.0K->8192.0K Heap: 2475.3M(4096.0M)->28906.1K(4096.0M)]
 [Times: user=0.00 sys=0.00, real=0.00 secs] 
2024-10-12T18:59:44.640+0300: 434.926: Total time for which application threads were stopped: 0.0035087 seconds, Stopping threads took: 0.0001451 seconds
2024-10-12T18:59:45.426+0300: 435.705: Application time: 0.7788554 seconds
2024-10-12T18:59:45.426+0300: 435.706: [GC pause (G1 Evacuation Pause) (young), 0.0031055 secs]
   [Parallel Time: 1.6 ms, GC Workers: 6]
      [GC Worker Start (ms): Min: 435705.7, Avg: 435705.7, Max: 435705.7, Diff: 0.0]
      [Ext Root Scanning (ms): Min: 0.3, Avg: 0.3, Max: 0.4, Diff: 0.1, Sum: 2.0]
      [Update RS (ms): Min: 0.1, Avg: 0.1, Max: 0.1, Diff: 0.0, Sum: 0.6]
         [Processed Buffers: Min: 1, Avg: 2.2, Max: 3, Diff: 2, Sum: 13]
      [Scan RS (ms): Min: 0.2, Avg: 0.2, Max: 0.2, Diff: 0.0, Sum: 1.0]
      [Code Root Scanning (ms): Min: 0.0, Avg: 0.0, Max: 0.0, Diff: 0.0, Sum: 0.0]
      [Object Copy (ms): Min: 0.7, Avg: 0.8, Max: 0.8, Diff: 0.0, Sum: 4.6]
      [Termination (ms): Min: 0.0, Avg: 0.0, Max: 0.0, Diff: 0.0, Sum: 0.0]
         [Termination Attempts: Min: 1, Avg: 1.0, Max: 1, Diff: 0, Sum: 6]
      [GC Worker Other (ms): Min: 0.0, Avg: 0.1, Max: 0.1, Diff: 0.1, Sum: 0.5]
      [GC Worker Total (ms): Min: 1.4, Avg: 1.5, Max: 1.5, Diff: 0.1, Sum: 8.8]
      [GC Worker End (ms): Min: 435707.1, Avg: 435707.2, Max: 435707.2, Diff: 0.1]
   [Code Root Fixup: 0.0 ms]
   [Code Root Purge: 0.0 ms]
   [Clear CT: 0.5 ms]
   [Other: 1.0 ms]
      [Choose CSet: 0.0 ms]
      [Ref Proc: 0.1 ms]
      [Ref Enq: 0.0 ms]
      [Redirty Cards: 0.1 ms]
      [Humongous Register: 0.1 ms]
      [Humongous Reclaim: 0.0 ms]
      [Free CSet: 0.6 ms]
   [Eden: 2448.0M(2448.0M)->0.0B(2448.0M) Survivors: 8192.0K->8192.0K Heap: 2476.2M(4096.0M)->28850.8K(4096.0M)]
 [Times: user=0.00 sys=0.00, real=0.00 secs] 
2024-10-12T18:59:45.426+0300: 435.709: Total time for which application threads were stopped: 0.0035235 seconds, Stopping threads took: 0.0001646 seconds
2024-10-12T18:59:46.211+0300: 436.491: Application time: 0.7819051 seconds
2024-10-12T18:59:46.211+0300: 436.491: [GC pause (G1 Evacuation Pause) (young), 0.0036394 secs]
   [Parallel Time: 1.6 ms, GC Workers: 6]
      [GC Worker Start (ms): Min: 436491.1, Avg: 436491.1, Max: 436491.2, Diff: 0.0]
      [Ext Root Scanning (ms): Min: 0.3, Avg: 0.3, Max: 0.3, Diff: 0.0, Sum: 1.9]
      [Update RS (ms): Min: 0.1, Avg: 0.1, Max: 0.1, Diff: 0.0, Sum: 0.6]
         [Processed Buffers: Min: 1, Avg: 2.2, Max: 3, Diff: 2, Sum: 13]
      [Scan RS (ms): Min: 0.1, Avg: 0.2, Max: 0.2, Diff: 0.0, Sum: 1.0]
      [Code Root Scanning (ms): Min: 0.0, Avg: 0.0, Max: 0.0, Diff: 0.0, Sum: 0.0]
      [Object Copy (ms): Min: 0.7, Avg: 0.7, Max: 0.8, Diff: 0.1, Sum: 4.4]
      [Termination (ms): Min: 0.0, Avg: 0.0, Max: 0.0, Diff: 0.0, Sum: 0.0]
         [Termination Attempts: Min: 1, Avg: 1.0, Max: 1, Diff: 0, Sum: 6]
      [GC Worker Other (ms): Min: 0.0, Avg: 0.1, Max: 0.1, Diff: 0.1, Sum: 0.5]
      [GC Worker Total (ms): Min: 1.4, Avg: 1.4, Max: 1.5, Diff: 0.1, Sum: 8.5]
      [GC Worker End (ms): Min: 436492.5, Avg: 436492.5, Max: 436492.6, Diff: 0.1]
   [Code Root Fixup: 0.0 ms]
   [Code Root Purge: 0.0 ms]
   [Clear CT: 0.6 ms]
   [Other: 1.5 ms]
      [Choose CSet: 0.0 ms]
      [Ref Proc: 0.1 ms]
      [Ref Enq: 0.0 ms]
      [Redirty Cards: 0.1 ms]
      [Humongous Register: 0.1 ms]
      [Humongous Reclaim: 0.0 ms]
      [Free CSet: 1.0 ms]
   [Eden: 2448.0M(2448.0M)->0.0B(2446.0M) Survivors: 8192.0K->10240.0K Heap: 2476.2M(4096.0M)->30924.1K(4096.0M)]
 [Times: user=0.00 sys=0.00, real=0.00 secs] 
2024-10-12T18:59:46.211+0300: 436.495: Total time for which application threads were stopped: 0.0040276 seconds, Stopping threads took: 0.0001744 seconds
2024-10-12T18:59:46.979+0300: 437.272: Application time: 0.7767658 seconds
2024-10-12T18:59:46.979+0300: 437.272: [GC pause (G1 Evacuation Pause) (young), 0.0036734 secs]
   [Parallel Time: 1.6 ms, GC Workers: 6]
      [GC Worker Start (ms): Min: 437271.9, Avg: 437272.0, Max: 437272.0, Diff: 0.0]
      [Ext Root Scanning (ms): Min: 0.3, Avg: 0.3, Max: 0.4, Diff: 0.0, Sum: 2.0]
      [Update RS (ms): Min: 0.1, Avg: 0.1, Max: 0.1, Diff: 0.0, Sum: 0.6]
         [Processed Buffers: Min: 1, Avg: 2.2, Max: 3, Diff: 2, Sum: 13]
      [Scan RS (ms): Min: 0.1, Avg: 0.2, Max: 0.2, Diff: 0.0, Sum: 1.0]
      [Code Root Scanning (ms): Min: 0.0, Avg: 0.0, Max: 0.0, Diff: 0.0, Sum: 0.0]
      [Object Copy (ms): Min: 0.7, Avg: 0.7, Max: 0.8, Diff: 0.0, Sum: 4.4]
      [Termination (ms): Min: 0.0, Avg: 0.0, Max: 0.0, Diff: 0.0, Sum: 0.0]
         [Termination Attempts: Min: 1, Avg: 1.5, Max: 2, Diff: 1, Sum: 9]
      [GC Worker Other (ms): Min: 0.0, Avg: 0.1, Max: 0.2, Diff: 0.1, Sum: 0.7]
      [GC Worker Total (ms): Min: 1.3, Avg: 1.4, Max: 1.5, Diff: 0.1, Sum: 8.7]
      [GC Worker End (ms): Min: 437273.3, Avg: 437273.4, Max: 437273.5, Diff: 0.1]
   [Code Root Fixup: 0.0 ms]
   [Code Root Purge: 0.0 ms]
   [Clear CT: 0.6 ms]
   [Other: 1.5 ms]
      [Choose CSet: 0.0 ms]
      [Ref Proc: 0.2 ms]
      [Ref Enq: 0.0 ms]
      [Redirty Cards: 0.1 ms]
      [Humongous Register: 0.1 ms]
      [Humongous Reclaim: 0.0 ms]
      [Free CSet: 1.0 ms]
   [Eden: 2446.0M(2446.0M)->0.0B(2448.0M) Survivors: 10240.0K->8192.0K Heap: 2476.2M(4096.0M)->28890.7K(4096.0M)]
 [Times: user=0.03 sys=0.00, real=0.02 secs] 
2024-10-12T18:59:46.995+0300: 437.276: Total time for which application threads were stopped: 0.0041180 seconds, Stopping threads took: 0.0001921 seconds
2024-10-12T18:59:47.765+0300: 438.052: Application time: 0.7764742 seconds
2024-10-12T18:59:47.765+0300: 438.052: [GC pause (G1 Evacuation Pause) (young), 0.0032490 secs]
   [Parallel Time: 1.6 ms, GC Workers: 6]
      [GC Worker Start (ms): Min: 438052.5, Avg: 438052.6, Max: 438052.6, Diff: 0.1]
      [Ext Root Scanning (ms): Min: 0.3, Avg: 0.3, Max: 0.4, Diff: 0.1, Sum: 2.0]
      [Update RS (ms): Min: 0.1, Avg: 0.1, Max: 0.1, Diff: 0.0, Sum: 0.6]
         [Processed Buffers: Min: 1, Avg: 2.2, Max: 3, Diff: 2, Sum: 13]
      [Scan RS (ms): Min: 0.1, Avg: 0.2, Max: 0.2, Diff: 0.0, Sum: 1.0]
      [Code Root Scanning (ms): Min: 0.0, Avg: 0.0, Max: 0.0, Diff: 0.0, Sum: 0.0]
      [Object Copy (ms): Min: 0.8, Avg: 0.8, Max: 0.8, Diff: 0.0, Sum: 4.8]
      [Termination (ms): Min: 0.0, Avg: 0.0, Max: 0.0, Diff: 0.0, Sum: 0.0]
         [Termination Attempts: Min: 1, Avg: 2.2, Max: 3, Diff: 2, Sum: 13]
      [GC Worker Other (ms): Min: 0.0, Avg: 0.1, Max: 0.1, Diff: 0.1, Sum: 0.5]
      [GC Worker Total (ms): Min: 1.5, Avg: 1.5, Max: 1.6, Diff: 0.1, Sum: 9.0]
      [GC Worker End (ms): Min: 438054.0, Avg: 438054.1, Max: 438054.1, Diff: 0.1]
   [Code Root Fixup: 0.0 ms]
   [Code Root Purge: 0.0 ms]
   [Clear CT: 0.5 ms]
   [Other: 1.1 ms]
      [Choose CSet: 0.0 ms]
      [Ref Proc: 0.1 ms]
      [Ref Enq: 0.0 ms]
      [Redirty Cards: 0.1 ms]
      [Humongous Register: 0.1 ms]
      [Humongous Reclaim: 0.0 ms]
      [Free CSet: 0.7 ms]
   [Eden: 2448.0M(2448.0M)->0.0B(2448.0M) Survivors: 8192.0K->8192.0K Heap: 2476.2M(4096.0M)->28852.3K(4096.0M)]
 [Times: user=0.00 sys=0.00, real=0.00 secs] 
2024-10-12T18:59:47.765+0300: 438.056: Total time for which application threads were stopped: 0.0036929 seconds, Stopping threads took: 0.0002025 seconds
2024-10-12T18:59:48.552+0300: 438.837: Application time: 0.7812745 seconds
2024-10-12T18:59:48.558+0300: 438.837: [GC pause (G1 Evacuation Pause) (young), 0.0031664 secs]
   [Parallel Time: 1.6 ms, GC Workers: 6]
      [GC Worker Start (ms): Min: 438837.4, Avg: 438837.5, Max: 438837.5, Diff: 0.1]
      [Ext Root Scanning (ms): Min: 0.3, Avg: 0.3, Max: 0.4, Diff: 0.1, Sum: 2.1]
      [Update RS (ms): Min: 0.1, Avg: 0.1, Max: 0.1, Diff: 0.0, Sum: 0.6]
         [Processed Buffers: Min: 1, Avg: 2.2, Max: 4, Diff: 3, Sum: 13]
      [Scan RS (ms): Min: 0.2, Avg: 0.2, Max: 0.2, Diff: 0.0, Sum: 1.0]
      [Code Root Scanning (ms): Min: 0.0, Avg: 0.0, Max: 0.0, Diff: 0.0, Sum: 0.0]
      [Object Copy (ms): Min: 0.8, Avg: 0.8, Max: 0.8, Diff: 0.0, Sum: 4.7]
      [Termination (ms): Min: 0.0, Avg: 0.0, Max: 0.0, Diff: 0.0, Sum: 0.0]
         [Termination Attempts: Min: 1, Avg: 1.0, Max: 1, Diff: 0, Sum: 6]
      [GC Worker Other (ms): Min: 0.0, Avg: 0.1, Max: 0.1, Diff: 0.1, Sum: 0.4]
      [GC Worker Total (ms): Min: 1.4, Avg: 1.5, Max: 1.5, Diff: 0.1, Sum: 8.9]
      [GC Worker End (ms): Min: 438838.9, Avg: 438839.0, Max: 438839.0, Diff: 0.1]
   [Code Root Fixup: 0.0 ms]
   [Code Root Purge: 0.0 ms]
   [Clear CT: 0.5 ms]
   [Other: 1.1 ms]
      [Choose CSet: 0.0 ms]
      [Ref Proc: 0.1 ms]
      [Ref Enq: 0.0 ms]
      [Redirty Cards: 0.1 ms]
      [Humongous Register: 0.0 ms]
      [Humongous Reclaim: 0.0 ms]
      [Free CSet: 0.7 ms]
   [Eden: 2448.0M(2448.0M)->0.0B(2446.0M) Survivors: 8192.0K->10240.0K Heap: 2476.2M(4096.0M)->30928.2K(4096.0M)]
 [Times: user=0.00 sys=0.00, real=0.00 secs] 
2024-10-12T18:59:48.561+0300: 438.841: Total time for which application threads were stopped: 0.0035450 seconds, Stopping threads took: 0.0001580 seconds
2024-10-12T18:59:49.335+0300: 439.617: Application time: 0.7767297 seconds
2024-10-12T18:59:49.335+0300: 439.618: [GC pause (G1 Evacuation Pause) (young), 0.0034381 secs]
   [Parallel Time: 1.8 ms, GC Workers: 6]
      [GC Worker Start (ms): Min: 439617.7, Avg: 439617.8, Max: 439617.8, Diff: 0.0]
      [Ext Root Scanning (ms): Min: 0.3, Avg: 0.3, Max: 0.4, Diff: 0.1, Sum: 2.0]
      [Update RS (ms): Min: 0.0, Avg: 0.1, Max: 0.1, Diff: 0.1, Sum: 0.6]
         [Processed Buffers: Min: 0, Avg: 2.2, Max: 3, Diff: 3, Sum: 13]
      [Scan RS (ms): Min: 0.2, Avg: 0.2, Max: 0.2, Diff: 0.0, Sum: 1.0]
      [Code Root Scanning (ms): Min: 0.0, Avg: 0.0, Max: 0.0, Diff: 0.0, Sum: 0.0]
      [Object Copy (ms): Min: 0.8, Avg: 0.9, Max: 1.0, Diff: 0.1, Sum: 5.2]
      [Termination (ms): Min: 0.0, Avg: 0.0, Max: 0.0, Diff: 0.0, Sum: 0.0]
         [Termination Attempts: Min: 1, Avg: 1.2, Max: 2, Diff: 1, Sum: 7]
      [GC Worker Other (ms): Min: 0.0, Avg: 0.1, Max: 0.2, Diff: 0.2, Sum: 0.8]
      [GC Worker Total (ms): Min: 1.5, Avg: 1.6, Max: 1.6, Diff: 0.2, Sum: 9.5]
      [GC Worker End (ms): Min: 439619.3, Avg: 439619.4, Max: 439619.4, Diff: 0.2]
   [Code Root Fixup: 0.0 ms]
   [Code Root Purge: 0.0 ms]
   [Clear CT: 0.5 ms]
   [Other: 1.2 ms]
      [Choose CSet: 0.0 ms]
      [Ref Proc: 0.1 ms]
      [Ref Enq: 0.0 ms]
      [Redirty Cards: 0.1 ms]
      [Humongous Register: 0.0 ms]
      [Humongous Reclaim: 0.0 ms]
      [Free CSet: 0.7 ms]
   [Eden: 2446.0M(2446.0M)->0.0B(2446.0M) Survivors: 10240.0K->10240.0K Heap: 2476.2M(4096.0M)->30975.3K(4096.0M)]
 [Times: user=0.00 sys=0.00, real=0.00 secs] 
2024-10-12T18:59:49.335+0300: 439.621: Total time for which application threads were stopped: 0.0038566 seconds, Stopping threads took: 0.0001622 seconds
2024-10-12T18:59:50.104+0300: 440.397: Application time: 0.7755819 seconds
2024-10-12T18:59:50.104+0300: 440.397: [GC pause (G1 Evacuation Pause) (young), 0.0041703 secs]
   [Parallel Time: 2.5 ms, GC Workers: 6]
      [GC Worker Start (ms): Min: 440397.3, Avg: 440397.4, Max: 440397.6, Diff: 0.3]
      [Ext Root Scanning (ms): Min: 0.1, Avg: 0.3, Max: 0.4, Diff: 0.3, Sum: 1.9]
      [Update RS (ms): Min: 0.1, Avg: 0.1, Max: 0.1, Diff: 0.0, Sum: 0.6]
         [Processed Buffers: Min: 2, Avg: 2.2, Max: 3, Diff: 1, Sum: 13]
      [Scan RS (ms): Min: 0.2, Avg: 0.2, Max: 0.2, Diff: 0.0, Sum: 1.0]
      [Code Root Scanning (ms): Min: 0.0, Avg: 0.0, Max: 0.0, Diff: 0.0, Sum: 0.0]
      [Object Copy (ms): Min: 1.6, Avg: 1.6, Max: 1.7, Diff: 0.1, Sum: 9.7]
      [Termination (ms): Min: 0.0, Avg: 0.0, Max: 0.0, Diff: 0.0, Sum: 0.0]
         [Termination Attempts: Min: 1, Avg: 1.0, Max: 1, Diff: 0, Sum: 6]
      [GC Worker Other (ms): Min: 0.0, Avg: 0.1, Max: 0.2, Diff: 0.1, Sum: 0.7]
      [GC Worker Total (ms): Min: 2.1, Avg: 2.3, Max: 2.4, Diff: 0.4, Sum: 14.0]
      [GC Worker End (ms): Min: 440399.6, Avg: 440399.7, Max: 440399.8, Diff: 0.1]
   [Code Root Fixup: 0.0 ms]
   [Code Root Purge: 0.0 ms]
   [Clear CT: 0.5 ms]
   [Other: 1.1 ms]
      [Choose CSet: 0.0 ms]
      [Ref Proc: 0.2 ms]
      [Ref Enq: 0.0 ms]
      [Redirty Cards: 0.1 ms]
      [Humongous Register: 0.0 ms]
      [Humongous Reclaim: 0.0 ms]
      [Free CSet: 0.6 ms]
   [Eden: 2446.0M(2446.0M)->0.0B(2444.0M) Survivors: 10240.0K->12288.0K Heap: 2476.2M(4096.0M)->33146.2K(4096.0M)]
 [Times: user=0.02 sys=0.00, real=0.02 secs] 
2024-10-12T18:59:50.120+0300: 440.401: Total time for which application threads were stopped: 0.0046655 seconds, Stopping threads took: 0.0002445 seconds
2024-10-12T18:59:50.890+0300: 441.170: Application time: 0.7687926 seconds
2024-10-12T18:59:50.890+0300: 441.171: [GC pause (G1 Evacuation Pause) (young), 0.0039535 secs]
   [Parallel Time: 2.4 ms, GC Workers: 6]
      [GC Worker Start (ms): Min: 441170.6, Avg: 441170.7, Max: 441171.0, Diff: 0.4]
      [Ext Root Scanning (ms): Min: 0.0, Avg: 0.3, Max: 0.4, Diff: 0.4, Sum: 1.7]
      [Update RS (ms): Min: 0.0, Avg: 0.1, Max: 0.1, Diff: 0.1, Sum: 0.6]
         [Processed Buffers: Min: 0, Avg: 2.2, Max: 5, Diff: 5, Sum: 13]
      [Scan RS (ms): Min: 0.2, Avg: 0.2, Max: 0.2, Diff: 0.0, Sum: 1.1]
      [Code Root Scanning (ms): Min: 0.0, Avg: 0.0, Max: 0.0, Diff: 0.0, Sum: 0.0]
      [Object Copy (ms): Min: 1.4, Avg: 1.5, Max: 1.7, Diff: 0.2, Sum: 9.0]
      [Termination (ms): Min: 0.0, Avg: 0.1, Max: 0.1, Diff: 0.1, Sum: 0.5]
         [Termination Attempts: Min: 1, Avg: 1.3, Max: 3, Diff: 2, Sum: 8]
      [GC Worker Other (ms): Min: 0.0, Avg: 0.1, Max: 0.1, Diff: 0.1, Sum: 0.5]
      [GC Worker Total (ms): Min: 1.9, Avg: 2.2, Max: 2.3, Diff: 0.4, Sum: 13.4]
      [GC Worker End (ms): Min: 441172.9, Avg: 441172.9, Max: 441173.0, Diff: 0.1]
   [Code Root Fixup: 0.0 ms]
   [Code Root Purge: 0.0 ms]
   [Clear CT: 0.5 ms]
   [Other: 1.1 ms]
      [Choose CSet: 0.0 ms]
      [Ref Proc: 0.1 ms]
      [Ref Enq: 0.0 ms]
      [Redirty Cards: 0.1 ms]
      [Humongous Register: 0.0 ms]
      [Humongous Reclaim: 0.0 ms]
      [Free CSet: 0.7 ms]
   [Eden: 2444.0M(2444.0M)->0.0B(2444.0M) Survivors: 12288.0K->12288.0K Heap: 2476.4M(4096.0M)->32124.7K(4096.0M)]
 [Times: user=0.00 sys=0.00, real=0.00 secs] 
2024-10-12T18:59:50.890+0300: 441.175: Total time for which application threads were stopped: 0.0044109 seconds, Stopping threads took: 0.0001516 seconds
2024-10-12T18:59:51.675+0300: 441.957: Application time: 0.7821095 seconds
2024-10-12T18:59:51.675+0300: 441.957: [GC pause (G1 Evacuation Pause) (young), 0.0031376 secs]
   [Parallel Time: 1.7 ms, GC Workers: 6]
      [GC Worker Start (ms): Min: 441957.1, Avg: 441957.2, Max: 441957.2, Diff: 0.1]
      [Ext Root Scanning (ms): Min: 0.3, Avg: 0.4, Max: 0.4, Diff: 0.1, Sum: 2.3]
      [Update RS (ms): Min: 0.1, Avg: 0.1, Max: 0.1, Diff: 0.1, Sum: 0.6]
         [Processed Buffers: Min: 1, Avg: 2.0, Max: 3, Diff: 2, Sum: 12]
      [Scan RS (ms): Min: 0.2, Avg: 0.2, Max: 0.2, Diff: 0.0, Sum: 1.1]
      [Code Root Scanning (ms): Min: 0.0, Avg: 0.0, Max: 0.0, Diff: 0.0, Sum: 0.0]
      [Object Copy (ms): Min: 0.8, Avg: 0.8, Max: 0.8, Diff: 0.1, Sum: 4.7]
      [Termination (ms): Min: 0.0, Avg: 0.0, Max: 0.0, Diff: 0.0, Sum: 0.0]
         [Termination Attempts: Min: 1, Avg: 1.0, Max: 1, Diff: 0, Sum: 6]
      [GC Worker Other (ms): Min: 0.0, Avg: 0.1, Max: 0.1, Diff: 0.1, Sum: 0.5]
      [GC Worker Total (ms): Min: 1.5, Avg: 1.5, Max: 1.6, Diff: 0.1, Sum: 9.3]
      [GC Worker End (ms): Min: 441958.7, Avg: 441958.7, Max: 441958.8, Diff: 0.1]
   [Code Root Fixup: 0.0 ms]
   [Code Root Purge: 0.0 ms]
   [Clear CT: 0.5 ms]
   [Other: 1.0 ms]
      [Choose CSet: 0.0 ms]
      [Ref Proc: 0.1 ms]
      [Ref Enq: 0.0 ms]
      [Redirty Cards: 0.1 ms]
      [Humongous Register: 0.0 ms]
      [Humongous Reclaim: 0.0 ms]
      [Free CSet: 0.6 ms]
   [Eden: 2444.0M(2444.0M)->0.0B(2448.0M) Survivors: 12288.0K->8192.0K Heap: 2475.4M(4096.0M)->28031.2K(4096.0M)]
 [Times: user=0.00 sys=0.00, real=0.00 secs] 
2024-10-12T18:59:51.675+0300: 441.960: Total time for which application threads were stopped: 0.0034958 seconds, Stopping threads took: 0.0001385 seconds
2024-10-12T18:59:52.461+0300: 442.744: Application time: 0.7832301 seconds
2024-10-12T18:59:52.461+0300: 442.744: [GC pause (G1 Evacuation Pause) (young), 0.0033450 secs]
   [Parallel Time: 1.7 ms, GC Workers: 6]
      [GC Worker Start (ms): Min: 442744.0, Avg: 442744.0, Max: 442744.1, Diff: 0.1]
      [Ext Root Scanning (ms): Min: 0.3, Avg: 0.3, Max: 0.4, Diff: 0.1, Sum: 2.1]
      [Update RS (ms): Min: 0.1, Avg: 0.1, Max: 0.1, Diff: 0.0, Sum: 0.6]
         [Processed Buffers: Min: 1, Avg: 2.2, Max: 3, Diff: 2, Sum: 13]
      [Scan RS (ms): Min: 0.2, Avg: 0.2, Max: 0.2, Diff: 0.0, Sum: 1.0]
      [Code Root Scanning (ms): Min: 0.0, Avg: 0.0, Max: 0.0, Diff: 0.0, Sum: 0.0]
      [Object Copy (ms): Min: 0.7, Avg: 0.8, Max: 0.8, Diff: 0.0, Sum: 4.6]
      [Termination (ms): Min: 0.0, Avg: 0.0, Max: 0.0, Diff: 0.0, Sum: 0.0]
         [Termination Attempts: Min: 1, Avg: 1.0, Max: 1, Diff: 0, Sum: 6]
      [GC Worker Other (ms): Min: 0.0, Avg: 0.1, Max: 0.2, Diff: 0.2, Sum: 0.7]
      [GC Worker Total (ms): Min: 1.4, Avg: 1.5, Max: 1.6, Diff: 0.2, Sum: 9.0]
      [GC Worker End (ms): Min: 442745.4, Avg: 442745.5, Max: 442745.6, Diff: 0.2]
   [Code Root Fixup: 0.0 ms]
   [Code Root Purge: 0.0 ms]
   [Clear CT: 0.5 ms]
   [Other: 1.1 ms]
      [Choose CSet: 0.0 ms]
      [Ref Proc: 0.1 ms]
      [Ref Enq: 0.0 ms]
      [Redirty Cards: 0.1 ms]
      [Humongous Register: 0.1 ms]
      [Humongous Reclaim: 0.0 ms]
      [Free CSet: 0.7 ms]
   [Eden: 2448.0M(2448.0M)->0.0B(2448.0M) Survivors: 8192.0K->8192.0K Heap: 2475.4M(4096.0M)->29057.7K(4096.0M)]
 [Times: user=0.00 sys=0.00, real=0.00 secs] 
2024-10-12T18:59:52.461+0300: 442.747: Total time for which application threads were stopped: 0.0038795 seconds, Stopping threads took: 0.0002111 seconds
2024-10-12T18:59:53.246+0300: 443.529: Application time: 0.7818830 seconds
2024-10-12T18:59:53.246+0300: 443.530: [GC pause (G1 Evacuation Pause) (young), 0.0031613 secs]
   [Parallel Time: 1.6 ms, GC Workers: 6]
      [GC Worker Start (ms): Min: 443529.6, Avg: 443529.7, Max: 443529.7, Diff: 0.1]
      [Ext Root Scanning (ms): Min: 0.3, Avg: 0.3, Max: 0.4, Diff: 0.1, Sum: 2.0]
      [Update RS (ms): Min: 0.1, Avg: 0.1, Max: 0.1, Diff: 0.0, Sum: 0.6]
         [Processed Buffers: Min: 1, Avg: 2.2, Max: 3, Diff: 2, Sum: 13]
      [Scan RS (ms): Min: 0.1, Avg: 0.2, Max: 0.2, Diff: 0.1, Sum: 1.0]
      [Code Root Scanning (ms): Min: 0.0, Avg: 0.0, Max: 0.0, Diff: 0.0, Sum: 0.0]
      [Object Copy (ms): Min: 0.8, Avg: 0.8, Max: 0.8, Diff: 0.1, Sum: 4.8]
      [Termination (ms): Min: 0.0, Avg: 0.0, Max: 0.0, Diff: 0.0, Sum: 0.0]
         [Termination Attempts: Min: 1, Avg: 1.0, Max: 1, Diff: 0, Sum: 6]
      [GC Worker Other (ms): Min: 0.0, Avg: 0.1, Max: 0.1, Diff: 0.1, Sum: 0.5]
      [GC Worker Total (ms): Min: 1.4, Avg: 1.5, Max: 1.5, Diff: 0.1, Sum: 8.9]
      [GC Worker End (ms): Min: 443531.1, Avg: 443531.2, Max: 443531.2, Diff: 0.1]
   [Code Root Fixup: 0.0 ms]
   [Code Root Purge: 0.0 ms]
   [Clear CT: 0.5 ms]
   [Other: 1.0 ms]
      [Choose CSet: 0.0 ms]
      [Ref Proc: 0.1 ms]
      [Ref Enq: 0.0 ms]
      [Redirty Cards: 0.1 ms]
      [Humongous Register: 0.0 ms]
      [Humongous Reclaim: 0.0 ms]
      [Free CSet: 0.7 ms]
   [Eden: 2448.0M(2448.0M)->0.0B(2448.0M) Survivors: 8192.0K->8192.0K Heap: 2476.4M(4096.0M)->27988.2K(4096.0M)]
 [Times: user=0.00 sys=0.00, real=0.00 secs] 
2024-10-12T18:59:53.246+0300: 443.533: Total time for which application threads were stopped: 0.0035232 seconds, Stopping threads took: 0.0001318 seconds
2024-10-12T18:59:54.031+0300: 444.312: Application time: 0.7790337 seconds
2024-10-12T18:59:54.031+0300: 444.312: [GC pause (G1 Evacuation Pause) (young), 0.0033911 secs]
   [Parallel Time: 1.7 ms, GC Workers: 6]
      [GC Worker Start (ms): Min: 444312.2, Avg: 444312.3, Max: 444312.3, Diff: 0.0]
      [Ext Root Scanning (ms): Min: 0.3, Avg: 0.3, Max: 0.3, Diff: 0.0, Sum: 1.9]
      [Update RS (ms): Min: 0.1, Avg: 0.1, Max: 0.1, Diff: 0.1, Sum: 0.6]
         [Processed Buffers: Min: 1, Avg: 2.2, Max: 3, Diff: 2, Sum: 13]
      [Scan RS (ms): Min: 0.2, Avg: 0.2, Max: 0.2, Diff: 0.0, Sum: 1.0]
      [Code Root Scanning (ms): Min: 0.0, Avg: 0.0, Max: 0.0, Diff: 0.0, Sum: 0.0]
      [Object Copy (ms): Min: 0.8, Avg: 0.8, Max: 0.8, Diff: 0.0, Sum: 4.7]
      [Termination (ms): Min: 0.0, Avg: 0.0, Max: 0.0, Diff: 0.0, Sum: 0.0]
         [Termination Attempts: Min: 1, Avg: 1.0, Max: 1, Diff: 0, Sum: 6]
      [GC Worker Other (ms): Min: 0.0, Avg: 0.1, Max: 0.2, Diff: 0.2, Sum: 0.7]
      [GC Worker Total (ms): Min: 1.4, Avg: 1.5, Max: 1.6, Diff: 0.2, Sum: 8.9]
      [GC Worker End (ms): Min: 444313.7, Avg: 444313.8, Max: 444313.8, Diff: 0.2]
   [Code Root Fixup: 0.0 ms]
   [Code Root Purge: 0.0 ms]
   [Clear CT: 0.6 ms]
   [Other: 1.1 ms]
      [Choose CSet: 0.0 ms]
      [Ref Proc: 0.1 ms]
      [Ref Enq: 0.0 ms]
      [Redirty Cards: 0.1 ms]
      [Humongous Register: 0.0 ms]
      [Humongous Reclaim: 0.0 ms]
      [Free CSet: 0.7 ms]
   [Eden: 2448.0M(2448.0M)->0.0B(2448.0M) Survivors: 8192.0K->8192.0K Heap: 2475.3M(4096.0M)->28919.4K(4096.0M)]
 [Times: user=0.00 sys=0.00, real=0.00 secs] 
2024-10-12T18:59:54.031+0300: 444.316: Total time for which application threads were stopped: 0.0038028 seconds, Stopping threads took: 0.0001800 seconds
2024-10-12T18:59:54.801+0300: 445.086: Application time: 0.7707095 seconds
2024-10-12T18:59:54.801+0300: 445.087: [GC pause (G1 Evacuation Pause) (young), 0.0032233 secs]
   [Parallel Time: 1.7 ms, GC Workers: 6]
      [GC Worker Start (ms): Min: 445086.8, Avg: 445086.9, Max: 445087.2, Diff: 0.4]
      [Ext Root Scanning (ms): Min: 0.0, Avg: 0.3, Max: 0.4, Diff: 0.4, Sum: 1.9]
      [Update RS (ms): Min: 0.1, Avg: 0.1, Max: 0.1, Diff: 0.1, Sum: 0.6]
         [Processed Buffers: Min: 1, Avg: 2.2, Max: 3, Diff: 2, Sum: 13]
      [Scan RS (ms): Min: 0.2, Avg: 0.2, Max: 0.2, Diff: 0.0, Sum: 1.1]
      [Code Root Scanning (ms): Min: 0.0, Avg: 0.0, Max: 0.0, Diff: 0.0, Sum: 0.0]
      [Object Copy (ms): Min: 0.8, Avg: 0.9, Max: 0.9, Diff: 0.1, Sum: 5.2]
      [Termination (ms): Min: 0.0, Avg: 0.0, Max: 0.0, Diff: 0.0, Sum: 0.0]
         [Termination Attempts: Min: 1, Avg: 1.5, Max: 2, Diff: 1, Sum: 9]
      [GC Worker Other (ms): Min: 0.0, Avg: 0.1, Max: 0.1, Diff: 0.1, Sum: 0.4]
      [GC Worker Total (ms): Min: 1.2, Avg: 1.5, Max: 1.7, Diff: 0.4, Sum: 9.3]
      [GC Worker End (ms): Min: 445088.4, Avg: 445088.4, Max: 445088.5, Diff: 0.1]
   [Code Root Fixup: 0.0 ms]
   [Code Root Purge: 0.0 ms]
   [Clear CT: 0.5 ms]
   [Other: 1.0 ms]
      [Choose CSet: 0.0 ms]
      [Ref Proc: 0.1 ms]
      [Ref Enq: 0.0 ms]
      [Redirty Cards: 0.1 ms]
      [Humongous Register: 0.0 ms]
      [Humongous Reclaim: 0.0 ms]
      [Free CSet: 0.6 ms]
   [Eden: 2448.0M(2448.0M)->0.0B(2446.0M) Survivors: 8192.0K->10240.0K Heap: 2476.2M(4096.0M)->30045.9K(4096.0M)]
 [Times: user=0.00 sys=0.00, real=0.00 secs] 
2024-10-12T18:59:54.801+0300: 445.090: Total time for which application threads were stopped: 0.0037127 seconds, Stopping threads took: 0.0001878 seconds
2024-10-12T18:59:55.586+0300: 445.870: Application time: 0.7798778 seconds
2024-10-12T18:59:55.586+0300: 445.870: [GC pause (G1 Evacuation Pause) (young), 0.0031387 secs]
   [Parallel Time: 1.5 ms, GC Workers: 6]
      [GC Worker Start (ms): Min: 445870.4, Avg: 445870.4, Max: 445870.4, Diff: 0.1]
      [Ext Root Scanning (ms): Min: 0.3, Avg: 0.3, Max: 0.4, Diff: 0.1, Sum: 2.0]
      [Update RS (ms): Min: 0.1, Avg: 0.1, Max: 0.1, Diff: 0.0, Sum: 0.6]
         [Processed Buffers: Min: 1, Avg: 2.2, Max: 4, Diff: 3, Sum: 13]
      [Scan RS (ms): Min: 0.2, Avg: 0.2, Max: 0.2, Diff: 0.0, Sum: 1.1]
      [Code Root Scanning (ms): Min: 0.0, Avg: 0.0, Max: 0.0, Diff: 0.0, Sum: 0.0]
      [Object Copy (ms): Min: 0.7, Avg: 0.7, Max: 0.7, Diff: 0.1, Sum: 4.3]
      [Termination (ms): Min: 0.0, Avg: 0.0, Max: 0.0, Diff: 0.0, Sum: 0.0]
         [Termination Attempts: Min: 1, Avg: 1.0, Max: 1, Diff: 0, Sum: 6]
      [GC Worker Other (ms): Min: 0.0, Avg: 0.1, Max: 0.1, Diff: 0.1, Sum: 0.5]
      [GC Worker Total (ms): Min: 1.4, Avg: 1.4, Max: 1.5, Diff: 0.1, Sum: 8.5]
      [GC Worker End (ms): Min: 445871.8, Avg: 445871.8, Max: 445871.9, Diff: 0.1]
   [Code Root Fixup: 0.0 ms]
   [Code Root Purge: 0.0 ms]
   [Clear CT: 0.5 ms]
   [Other: 1.1 ms]
      [Choose CSet: 0.0 ms]
      [Ref Proc: 0.1 ms]
      [Ref Enq: 0.0 ms]
      [Redirty Cards: 0.1 ms]
      [Humongous Register: 0.1 ms]
      [Humongous Reclaim: 0.0 ms]
      [Free CSet: 0.7 ms]
   [Eden: 2446.0M(2446.0M)->0.0B(2448.0M) Survivors: 10240.0K->8192.0K Heap: 2475.3M(4096.0M)->27996.0K(4096.0M)]
 [Times: user=0.00 sys=0.00, real=0.00 secs] 
2024-10-12T18:59:55.586+0300: 445.874: Total time for which application threads were stopped: 0.0035368 seconds, Stopping threads took: 0.0001668 seconds
2024-10-12T18:59:56.370+0300: 446.658: Application time: 0.7842535 seconds
2024-10-12T18:59:56.370+0300: 446.658: [GC pause (G1 Evacuation Pause) (young), 0.0038340 secs]
   [Parallel Time: 1.9 ms, GC Workers: 6]
      [GC Worker Start (ms): Min: 446658.2, Avg: 446658.6, Max: 446659.9, Diff: 1.6]
      [Ext Root Scanning (ms): Min: 0.0, Avg: 0.3, Max: 0.4, Diff: 0.4, Sum: 1.7]
      [Update RS (ms): Min: 0.0, Avg: 0.1, Max: 0.1, Diff: 0.1, Sum: 0.6]
         [Processed Buffers: Min: 0, Avg: 2.2, Max: 3, Diff: 3, Sum: 13]
      [Scan RS (ms): Min: 0.1, Avg: 0.2, Max: 0.2, Diff: 0.1, Sum: 1.0]
      [Code Root Scanning (ms): Min: 0.0, Avg: 0.0, Max: 0.0, Diff: 0.0, Sum: 0.0]
      [Object Copy (ms): Min: 0.0, Avg: 0.7, Max: 0.9, Diff: 0.9, Sum: 4.2]
      [Termination (ms): Min: 0.0, Avg: 0.1, Max: 0.2, Diff: 0.2, Sum: 0.8]
         [Termination Attempts: Min: 1, Avg: 1.0, Max: 1, Diff: 0, Sum: 6]
      [GC Worker Other (ms): Min: 0.0, Avg: 0.0, Max: 0.1, Diff: 0.1, Sum: 0.2]
      [GC Worker Total (ms): Min: 0.1, Avg: 1.4, Max: 1.8, Diff: 1.7, Sum: 8.5]
      [GC Worker End (ms): Min: 446660.0, Avg: 446660.0, Max: 446660.0, Diff: 0.0]
   [Code Root Fixup: 0.0 ms]
   [Code Root Purge: 0.0 ms]
   [Clear CT: 0.5 ms]
   [Other: 1.4 ms]
      [Choose CSet: 0.0 ms]
      [Ref Proc: 0.2 ms]
      [Ref Enq: 0.0 ms]
      [Redirty Cards: 0.1 ms]
      [Humongous Register: 0.1 ms]
      [Humongous Reclaim: 0.0 ms]
      [Free CSet: 0.8 ms]
   [Eden: 2448.0M(2448.0M)->0.0B(2446.0M) Survivors: 8192.0K->10240.0K Heap: 2475.3M(4096.0M)->30948.7K(4096.0M)]
 [Times: user=0.00 sys=0.00, real=0.01 secs] 
2024-10-12T18:59:56.383+0300: 446.662: Total time for which application threads were stopped: 0.0043537 seconds, Stopping threads took: 0.0001943 seconds
2024-10-12T18:59:57.171+0300: 447.455: Application time: 0.7926383 seconds
2024-10-12T18:59:57.171+0300: 447.455: [GC pause (G1 Evacuation Pause) (young), 0.0033899 secs]
   [Parallel Time: 1.7 ms, GC Workers: 6]
      [GC Worker Start (ms): Min: 447455.1, Avg: 447455.2, Max: 447455.2, Diff: 0.1]
      [Ext Root Scanning (ms): Min: 0.3, Avg: 0.3, Max: 0.4, Diff: 0.1, Sum: 2.1]
      [Update RS (ms): Min: 0.1, Avg: 0.1, Max: 0.1, Diff: 0.0, Sum: 0.6]
         [Processed Buffers: Min: 1, Avg: 2.0, Max: 3, Diff: 2, Sum: 12]
      [Scan RS (ms): Min: 0.2, Avg: 0.2, Max: 0.2, Diff: 0.0, Sum: 1.0]
      [Code Root Scanning (ms): Min: 0.0, Avg: 0.0, Max: 0.0, Diff: 0.0, Sum: 0.0]
      [Object Copy (ms): Min: 0.8, Avg: 0.9, Max: 0.9, Diff: 0.1, Sum: 5.2]
      [Termination (ms): Min: 0.0, Avg: 0.0, Max: 0.0, Diff: 0.0, Sum: 0.0]
         [Termination Attempts: Min: 1, Avg: 1.0, Max: 1, Diff: 0, Sum: 6]
      [GC Worker Other (ms): Min: 0.0, Avg: 0.1, Max: 0.1, Diff: 0.1, Sum: 0.5]
      [GC Worker Total (ms): Min: 1.5, Avg: 1.6, Max: 1.6, Diff: 0.1, Sum: 9.5]
      [GC Worker End (ms): Min: 447456.7, Avg: 447456.7, Max: 447456.8, Diff: 0.1]
   [Code Root Fixup: 0.0 ms]
   [Code Root Purge: 0.0 ms]
   [Clear CT: 0.5 ms]
   [Other: 1.2 ms]
      [Choose CSet: 0.0 ms]
      [Ref Proc: 0.1 ms]
      [Ref Enq: 0.0 ms]
      [Redirty Cards: 0.1 ms]
      [Humongous Register: 0.1 ms]
      [Humongous Reclaim: 0.0 ms]
      [Free CSet: 0.8 ms]
   [Eden: 2446.0M(2446.0M)->0.0B(2448.0M) Survivors: 10240.0K->8192.0K Heap: 2476.2M(4096.0M)->28783.4K(4096.0M)]
 [Times: user=0.00 sys=0.00, real=0.00 secs] 
2024-10-12T18:59:57.171+0300: 447.459: Total time for which application threads were stopped: 0.0037755 seconds, Stopping threads took: 0.0001357 seconds
2024-10-12T18:59:57.956+0300: 448.247: Application time: 0.7882127 seconds
2024-10-12T18:59:57.956+0300: 448.247: [GC pause (G1 Evacuation Pause) (young), 0.0031877 secs]
   [Parallel Time: 1.5 ms, GC Workers: 6]
      [GC Worker Start (ms): Min: 448247.1, Avg: 448247.1, Max: 448247.1, Diff: 0.0]
      [Ext Root Scanning (ms): Min: 0.3, Avg: 0.3, Max: 0.3, Diff: 0.0, Sum: 1.9]
      [Update RS (ms): Min: 0.1, Avg: 0.1, Max: 0.1, Diff: 0.0, Sum: 0.6]
         [Processed Buffers: Min: 1, Avg: 2.2, Max: 3, Diff: 2, Sum: 13]
      [Scan RS (ms): Min: 0.2, Avg: 0.2, Max: 0.2, Diff: 0.0, Sum: 1.0]
      [Code Root Scanning (ms): Min: 0.0, Avg: 0.0, Max: 0.0, Diff: 0.0, Sum: 0.0]
      [Object Copy (ms): Min: 0.7, Avg: 0.7, Max: 0.7, Diff: 0.0, Sum: 4.3]
      [Termination (ms): Min: 0.0, Avg: 0.0, Max: 0.0, Diff: 0.0, Sum: 0.0]
         [Termination Attempts: Min: 1, Avg: 1.0, Max: 1, Diff: 0, Sum: 6]
      [GC Worker Other (ms): Min: 0.0, Avg: 0.1, Max: 0.2, Diff: 0.1, Sum: 0.6]
      [GC Worker Total (ms): Min: 1.3, Avg: 1.4, Max: 1.5, Diff: 0.2, Sum: 8.4]
      [GC Worker End (ms): Min: 448248.5, Avg: 448248.5, Max: 448248.6, Diff: 0.1]
   [Code Root Fixup: 0.0 ms]
   [Code Root Purge: 0.0 ms]
   [Clear CT: 0.5 ms]
   [Other: 1.1 ms]
      [Choose CSet: 0.0 ms]
      [Ref Proc: 0.1 ms]
      [Ref Enq: 0.0 ms]
      [Redirty Cards: 0.1 ms]
      [Humongous Register: 0.0 ms]
      [Humongous Reclaim: 0.0 ms]
      [Free CSet: 0.7 ms]
   [Eden: 2448.0M(2448.0M)->0.0B(2444.0M) Survivors: 8192.0K->12288.0K Heap: 2476.1M(4096.0M)->32002.4K(4096.0M)]
 [Times: user=0.00 sys=0.00, real=0.00 secs] 
2024-10-12T18:59:57.956+0300: 448.250: Total time for which application threads were stopped: 0.0036349 seconds, Stopping threads took: 0.0001355 seconds
2024-10-12T18:59:58.741+0300: 449.032: Application time: 0.7812819 seconds
2024-10-12T18:59:58.741+0300: 449.032: [GC pause (G1 Evacuation Pause) (young), 0.0040897 secs]
   [Parallel Time: 2.1 ms, GC Workers: 6]
      [GC Worker Start (ms): Min: 449032.1, Avg: 449032.1, Max: 449032.1, Diff: 0.1]
      [Ext Root Scanning (ms): Min: 0.3, Avg: 0.3, Max: 0.4, Diff: 0.1, Sum: 2.0]
      [Update RS (ms): Min: 0.1, Avg: 0.1, Max: 0.1, Diff: 0.1, Sum: 0.6]
         [Processed Buffers: Min: 1, Avg: 2.2, Max: 3, Diff: 2, Sum: 13]
      [Scan RS (ms): Min: 0.1, Avg: 0.2, Max: 0.2, Diff: 0.1, Sum: 1.0]
      [Code Root Scanning (ms): Min: 0.0, Avg: 0.0, Max: 0.0, Diff: 0.0, Sum: 0.0]
      [Object Copy (ms): Min: 1.3, Avg: 1.3, Max: 1.4, Diff: 0.0, Sum: 8.0]
      [Termination (ms): Min: 0.0, Avg: 0.0, Max: 0.0, Diff: 0.0, Sum: 0.0]
         [Termination Attempts: Min: 1, Avg: 1.0, Max: 1, Diff: 0, Sum: 6]
      [GC Worker Other (ms): Min: 0.0, Avg: 0.1, Max: 0.1, Diff: 0.1, Sum: 0.5]
      [GC Worker Total (ms): Min: 2.0, Avg: 2.0, Max: 2.1, Diff: 0.1, Sum: 12.1]
      [GC Worker End (ms): Min: 449034.1, Avg: 449034.1, Max: 449034.2, Diff: 0.1]
   [Code Root Fixup: 0.0 ms]
   [Code Root Purge: 0.0 ms]
   [Clear CT: 0.6 ms]
   [Other: 1.3 ms]
      [Choose CSet: 0.0 ms]
      [Ref Proc: 0.1 ms]
      [Ref Enq: 0.0 ms]
      [Redirty Cards: 0.1 ms]
      [Humongous Register: 0.1 ms]
      [Humongous Reclaim: 0.0 ms]
      [Free CSet: 0.8 ms]
   [Eden: 2444.0M(2444.0M)->0.0B(2444.0M) Survivors: 12288.0K->12288.0K Heap: 2475.3M(4096.0M)->32261.4K(4096.0M)]
 [Times: user=0.03 sys=0.00, real=0.02 secs] 
2024-10-12T18:59:58.756+0300: 449.036: Total time for which application threads were stopped: 0.0045060 seconds, Stopping threads took: 0.0001698 seconds
2024-10-12T18:59:59.527+0300: 449.817: Application time: 0.7805618 seconds
2024-10-12T18:59:59.527+0300: 449.817: [GC pause (G1 Evacuation Pause) (young), 0.0034528 secs]
   [Parallel Time: 1.8 ms, GC Workers: 6]
      [GC Worker Start (ms): Min: 449817.1, Avg: 449817.2, Max: 449817.2, Diff: 0.1]
      [Ext Root Scanning (ms): Min: 0.3, Avg: 0.3, Max: 0.4, Diff: 0.1, Sum: 2.0]
      [Update RS (ms): Min: 0.1, Avg: 0.1, Max: 0.1, Diff: 0.0, Sum: 0.6]
         [Processed Buffers: Min: 1, Avg: 2.2, Max: 4, Diff: 3, Sum: 13]
      [Scan RS (ms): Min: 0.2, Avg: 0.2, Max: 0.2, Diff: 0.0, Sum: 1.1]
      [Code Root Scanning (ms): Min: 0.0, Avg: 0.0, Max: 0.0, Diff: 0.0, Sum: 0.0]
      [Object Copy (ms): Min: 0.9, Avg: 0.9, Max: 0.9, Diff: 0.0, Sum: 5.3]
      [Termination (ms): Min: 0.0, Avg: 0.0, Max: 0.0, Diff: 0.0, Sum: 0.0]
         [Termination Attempts: Min: 1, Avg: 1.3, Max: 2, Diff: 1, Sum: 8]
      [GC Worker Other (ms): Min: 0.0, Avg: 0.1, Max: 0.1, Diff: 0.1, Sum: 0.6]
      [GC Worker Total (ms): Min: 1.6, Avg: 1.6, Max: 1.6, Diff: 0.1, Sum: 9.6]
      [GC Worker End (ms): Min: 449818.7, Avg: 449818.8, Max: 449818.8, Diff: 0.1]
   [Code Root Fixup: 0.0 ms]
   [Code Root Purge: 0.0 ms]
   [Clear CT: 0.5 ms]
   [Other: 1.2 ms]
      [Choose CSet: 0.0 ms]
      [Ref Proc: 0.1 ms]
      [Ref Enq: 0.0 ms]
      [Redirty Cards: 0.1 ms]
      [Humongous Register: 0.0 ms]
      [Humongous Reclaim: 0.0 ms]
      [Free CSet: 0.8 ms]
   [Eden: 2444.0M(2444.0M)->0.0B(2448.0M) Survivors: 12288.0K->8192.0K Heap: 2475.5M(4096.0M)->29080.2K(4096.0M)]
 [Times: user=0.03 sys=0.00, real=0.00 secs] 
2024-10-12T18:59:59.527+0300: 449.821: Total time for which application threads were stopped: 0.0039247 seconds, Stopping threads took: 0.0001688 seconds
2024-10-12T19:00:00.327+0300: 450.621: Application time: 0.8002828 seconds
2024-10-12T19:00:00.327+0300: 450.621: [GC pause (G1 Evacuation Pause) (young), 0.0034087 secs]
   [Parallel Time: 1.7 ms, GC Workers: 6]
      [GC Worker Start (ms): Min: 450621.4, Avg: 450621.5, Max: 450621.5, Diff: 0.0]
      [Ext Root Scanning (ms): Min: 0.3, Avg: 0.4, Max: 0.4, Diff: 0.1, Sum: 2.2]
      [Update RS (ms): Min: 0.0, Avg: 0.1, Max: 0.2, Diff: 0.1, Sum: 0.7]
         [Processed Buffers: Min: 1, Avg: 2.2, Max: 4, Diff: 3, Sum: 13]
      [Scan RS (ms): Min: 0.1, Avg: 0.2, Max: 0.2, Diff: 0.0, Sum: 1.0]
      [Code Root Scanning (ms): Min: 0.0, Avg: 0.0, Max: 0.0, Diff: 0.0, Sum: 0.0]
      [Object Copy (ms): Min: 0.7, Avg: 0.7, Max: 0.8, Diff: 0.0, Sum: 4.4]
      [Termination (ms): Min: 0.0, Avg: 0.0, Max: 0.0, Diff: 0.0, Sum: 0.0]
         [Termination Attempts: Min: 1, Avg: 1.0, Max: 1, Diff: 0, Sum: 6]
      [GC Worker Other (ms): Min: 0.0, Avg: 0.1, Max: 0.2, Diff: 0.1, Sum: 0.6]
      [GC Worker Total (ms): Min: 1.4, Avg: 1.5, Max: 1.6, Diff: 0.2, Sum: 9.0]
      [GC Worker End (ms): Min: 450622.9, Avg: 450622.9, Max: 450623.0, Diff: 0.1]
   [Code Root Fixup: 0.0 ms]
   [Code Root Purge: 0.0 ms]
   [Clear CT: 0.5 ms]
   [Other: 1.2 ms]
      [Choose CSet: 0.0 ms]
      [Ref Proc: 0.1 ms]
      [Ref Enq: 0.0 ms]
      [Redirty Cards: 0.1 ms]
      [Humongous Register: 0.1 ms]
      [Humongous Reclaim: 0.0 ms]
      [Free CSet: 0.8 ms]
   [Eden: 2448.0M(2448.0M)->0.0B(2448.0M) Survivors: 8192.0K->8192.0K Heap: 2476.4M(4096.0M)->29075.3K(4096.0M)]
 [Times: user=0.01 sys=0.00, real=0.02 secs] 
2024-10-12T19:00:00.343+0300: 450.625: Total time for which application threads were stopped: 0.0038525 seconds, Stopping threads took: 0.0002182 seconds
2024-10-12T19:00:01.128+0300: 451.413: Application time: 0.7877572 seconds
2024-10-12T19:00:01.128+0300: 451.413: [GC pause (G1 Evacuation Pause) (young), 0.0034458 secs]
   [Parallel Time: 1.6 ms, GC Workers: 6]
      [GC Worker Start (ms): Min: 451412.9, Avg: 451412.9, Max: 451412.9, Diff: 0.0]
      [Ext Root Scanning (ms): Min: 0.3, Avg: 0.3, Max: 0.4, Diff: 0.0, Sum: 2.0]
      [Update RS (ms): Min: 0.1, Avg: 0.1, Max: 0.1, Diff: 0.0, Sum: 0.6]
         [Processed Buffers: Min: 1, Avg: 2.2, Max: 3, Diff: 2, Sum: 13]
      [Scan RS (ms): Min: 0.1, Avg: 0.2, Max: 0.2, Diff: 0.0, Sum: 1.0]
      [Code Root Scanning (ms): Min: 0.0, Avg: 0.0, Max: 0.0, Diff: 0.0, Sum: 0.0]
      [Object Copy (ms): Min: 0.7, Avg: 0.7, Max: 0.8, Diff: 0.0, Sum: 4.4]
      [Termination (ms): Min: 0.0, Avg: 0.0, Max: 0.0, Diff: 0.0, Sum: 0.0]
         [Termination Attempts: Min: 1, Avg: 1.0, Max: 1, Diff: 0, Sum: 6]
      [GC Worker Other (ms): Min: 0.1, Avg: 0.1, Max: 0.2, Diff: 0.1, Sum: 0.8]
      [GC Worker Total (ms): Min: 1.4, Avg: 1.5, Max: 1.5, Diff: 0.1, Sum: 8.8]
      [GC Worker End (ms): Min: 451414.3, Avg: 451414.4, Max: 451414.4, Diff: 0.1]
   [Code Root Fixup: 0.0 ms]
   [Code Root Purge: 0.0 ms]
   [Clear CT: 0.5 ms]
   [Other: 1.3 ms]
      [Choose CSet: 0.0 ms]
      [Ref Proc: 0.1 ms]
      [Ref Enq: 0.0 ms]
      [Redirty Cards: 0.1 ms]
      [Humongous Register: 0.0 ms]
      [Humongous Reclaim: 0.0 ms]
      [Free CSet: 0.9 ms]
   [Eden: 2448.0M(2448.0M)->0.0B(2446.0M) Survivors: 8192.0K->10240.0K Heap: 2476.4M(4096.0M)->30058.9K(4096.0M)]
 [Times: user=0.00 sys=0.00, real=0.00 secs] 
2024-10-12T19:00:01.128+0300: 451.416: Total time for which application threads were stopped: 0.0037952 seconds, Stopping threads took: 0.0001167 seconds
2024-10-12T19:00:01.913+0300: 452.198: Application time: 0.7819122 seconds
2024-10-12T19:00:01.913+0300: 452.199: [GC pause (G1 Evacuation Pause) (young), 0.0048569 secs]
   [Parallel Time: 2.8 ms, GC Workers: 6]
      [GC Worker Start (ms): Min: 452198.6, Avg: 452199.1, Max: 452199.9, Diff: 1.2]
      [Ext Root Scanning (ms): Min: 0.0, Avg: 0.2, Max: 0.5, Diff: 0.5, Sum: 1.1]
      [Update RS (ms): Min: 0.0, Avg: 0.1, Max: 0.1, Diff: 0.1, Sum: 0.5]
         [Processed Buffers: Min: 0, Avg: 2.2, Max: 5, Diff: 5, Sum: 13]
      [Scan RS (ms): Min: 0.0, Avg: 0.2, Max: 0.2, Diff: 0.2, Sum: 1.1]
      [Code Root Scanning (ms): Min: 0.0, Avg: 0.0, Max: 0.0, Diff: 0.0, Sum: 0.0]
      [Object Copy (ms): Min: 1.4, Avg: 1.7, Max: 2.0, Diff: 0.6, Sum: 10.4]
      [Termination (ms): Min: 0.0, Avg: 0.0, Max: 0.1, Diff: 0.0, Sum: 0.2]
         [Termination Attempts: Min: 1, Avg: 1.0, Max: 1, Diff: 0, Sum: 6]
      [GC Worker Other (ms): Min: 0.0, Avg: 0.0, Max: 0.1, Diff: 0.1, Sum: 0.3]
      [GC Worker Total (ms): Min: 1.5, Avg: 2.3, Max: 2.8, Diff: 1.3, Sum: 13.6]
      [GC Worker End (ms): Min: 452201.4, Avg: 452201.4, Max: 452201.4, Diff: 0.0]
   [Code Root Fixup: 0.0 ms]
   [Code Root Purge: 0.0 ms]
   [Clear CT: 0.5 ms]
   [Other: 1.5 ms]
      [Choose CSet: 0.0 ms]
      [Ref Proc: 0.1 ms]
      [Ref Enq: 0.0 ms]
      [Redirty Cards: 0.1 ms]
      [Humongous Register: 0.1 ms]
      [Humongous Reclaim: 0.0 ms]
      [Free CSet: 1.0 ms]
   [Eden: 2446.0M(2446.0M)->0.0B(2446.0M) Survivors: 10240.0K->10240.0K Heap: 2475.4M(4096.0M)->31002.6K(4096.0M)]
 [Times: user=0.02 sys=0.00, real=0.00 secs] 
2024-10-12T19:00:01.913+0300: 452.204: Total time for which application threads were stopped: 0.0053227 seconds, Stopping threads took: 0.0001383 seconds
2024-10-12T19:00:02.698+0300: 452.981: Application time: 0.7772578 seconds
2024-10-12T19:00:02.698+0300: 452.981: [GC pause (G1 Evacuation Pause) (young), 0.0036963 secs]
   [Parallel Time: 2.0 ms, GC Workers: 6]
      [GC Worker Start (ms): Min: 452981.2, Avg: 452981.5, Max: 452983.0, Diff: 1.8]
      [Ext Root Scanning (ms): Min: 0.0, Avg: 0.3, Max: 0.4, Diff: 0.4, Sum: 1.9]
      [Update RS (ms): Min: 0.0, Avg: 0.1, Max: 0.1, Diff: 0.1, Sum: 0.6]
         [Processed Buffers: Min: 0, Avg: 2.2, Max: 4, Diff: 4, Sum: 13]
      [Scan RS (ms): Min: 0.1, Avg: 0.2, Max: 0.2, Diff: 0.1, Sum: 1.2]
      [Code Root Scanning (ms): Min: 0.0, Avg: 0.0, Max: 0.0, Diff: 0.0, Sum: 0.0]
      [Object Copy (ms): Min: 0.0, Avg: 0.8, Max: 1.0, Diff: 1.0, Sum: 4.8]
      [Termination (ms): Min: 0.0, Avg: 0.1, Max: 0.2, Diff: 0.2, Sum: 0.9]
         [Termination Attempts: Min: 1, Avg: 1.0, Max: 1, Diff: 0, Sum: 6]
      [GC Worker Other (ms): Min: 0.0, Avg: 0.1, Max: 0.1, Diff: 0.1, Sum: 0.4]
      [GC Worker Total (ms): Min: 0.1, Avg: 1.6, Max: 2.0, Diff: 1.8, Sum: 9.8]
      [GC Worker End (ms): Min: 452983.1, Avg: 452983.2, Max: 452983.2, Diff: 0.1]
   [Code Root Fixup: 0.0 ms]
   [Code Root Purge: 0.0 ms]
   [Clear CT: 0.5 ms]
   [Other: 1.2 ms]
      [Choose CSet: 0.0 ms]
      [Ref Proc: 0.1 ms]
      [Ref Enq: 0.0 ms]
      [Redirty Cards: 0.1 ms]
      [Humongous Register: 0.0 ms]
      [Humongous Reclaim: 0.0 ms]
      [Free CSet: 0.8 ms]
   [Eden: 2446.0M(2446.0M)->0.0B(2448.0M) Survivors: 10240.0K->8192.0K Heap: 2476.3M(4096.0M)->29090.2K(4096.0M)]
 [Times: user=0.00 sys=0.00, real=0.00 secs] 
2024-10-12T19:00:02.698+0300: 452.985: Total time for which application threads were stopped: 0.0040940 seconds, Stopping threads took: 0.0001740 seconds
2024-10-12T19:00:03.483+0300: 453.766: Application time: 0.7809790 seconds
2024-10-12T19:00:03.483+0300: 453.766: [GC pause (G1 Evacuation Pause) (young), 0.0037518 secs]
   [Parallel Time: 2.2 ms, GC Workers: 6]
      [GC Worker Start (ms): Min: 453766.4, Avg: 453766.4, Max: 453766.4, Diff: 0.1]
      [Ext Root Scanning (ms): Min: 0.3, Avg: 0.3, Max: 0.4, Diff: 0.1, Sum: 2.0]
      [Update RS (ms): Min: 0.1, Avg: 0.1, Max: 0.1, Diff: 0.0, Sum: 0.6]
         [Processed Buffers: Min: 1, Avg: 2.0, Max: 3, Diff: 2, Sum: 12]
      [Scan RS (ms): Min: 0.2, Avg: 0.2, Max: 0.2, Diff: 0.0, Sum: 1.0]
      [Code Root Scanning (ms): Min: 0.0, Avg: 0.0, Max: 0.0, Diff: 0.0, Sum: 0.0]
      [Object Copy (ms): Min: 1.3, Avg: 1.3, Max: 1.3, Diff: 0.0, Sum: 7.9]
      [Termination (ms): Min: 0.0, Avg: 0.0, Max: 0.0, Diff: 0.0, Sum: 0.0]
         [Termination Attempts: Min: 1, Avg: 1.0, Max: 1, Diff: 0, Sum: 6]
      [GC Worker Other (ms): Min: 0.0, Avg: 0.1, Max: 0.1, Diff: 0.1, Sum: 0.5]
      [GC Worker Total (ms): Min: 1.9, Avg: 2.0, Max: 2.1, Diff: 0.1, Sum: 12.0]
      [GC Worker End (ms): Min: 453768.3, Avg: 453768.4, Max: 453768.4, Diff: 0.1]
   [Code Root Fixup: 0.0 ms]
   [Code Root Purge: 0.0 ms]
   [Clear CT: 0.5 ms]
   [Other: 1.1 ms]
      [Choose CSet: 0.0 ms]
      [Ref Proc: 0.1 ms]
      [Ref Enq: 0.0 ms]
      [Redirty Cards: 0.1 ms]
      [Humongous Register: 0.0 ms]
      [Humongous Reclaim: 0.0 ms]
      [Free CSet: 0.7 ms]
   [Eden: 2448.0M(2448.0M)->0.0B(2444.0M) Survivors: 8192.0K->12288.0K Heap: 2476.4M(4096.0M)->32152.1K(4096.0M)]
 [Times: user=0.00 sys=0.00, real=0.00 secs] 
2024-10-12T19:00:03.483+0300: 453.770: Total time for which application threads were stopped: 0.0041951 seconds, Stopping threads took: 0.0001664 seconds
2024-10-12T19:00:04.268+0300: 454.549: Application time: 0.7784627 seconds
2024-10-12T19:00:04.268+0300: 454.549: [GC pause (G1 Evacuation Pause) (young), 0.0037686 secs]
   [Parallel Time: 2.2 ms, GC Workers: 6]
      [GC Worker Start (ms): Min: 454548.9, Avg: 454549.0, Max: 454549.0, Diff: 0.1]
      [Ext Root Scanning (ms): Min: 0.3, Avg: 0.3, Max: 0.4, Diff: 0.1, Sum: 1.9]
      [Update RS (ms): Min: 0.1, Avg: 0.1, Max: 0.1, Diff: 0.0, Sum: 0.6]
         [Processed Buffers: Min: 1, Avg: 2.2, Max: 4, Diff: 3, Sum: 13]
      [Scan RS (ms): Min: 0.1, Avg: 0.2, Max: 0.2, Diff: 0.0, Sum: 1.0]
      [Code Root Scanning (ms): Min: 0.0, Avg: 0.0, Max: 0.0, Diff: 0.0, Sum: 0.0]
      [Object Copy (ms): Min: 1.4, Avg: 1.4, Max: 1.4, Diff: 0.0, Sum: 8.4]
      [Termination (ms): Min: 0.0, Avg: 0.0, Max: 0.0, Diff: 0.0, Sum: 0.0]
         [Termination Attempts: Min: 1, Avg: 1.7, Max: 4, Diff: 3, Sum: 10]
      [GC Worker Other (ms): Min: 0.0, Avg: 0.1, Max: 0.1, Diff: 0.1, Sum: 0.5]
      [GC Worker Total (ms): Min: 2.1, Avg: 2.1, Max: 2.1, Diff: 0.1, Sum: 12.6]
      [GC Worker End (ms): Min: 454551.0, Avg: 454551.1, Max: 454551.1, Diff: 0.1]
   [Code Root Fixup: 0.0 ms]
   [Code Root Purge: 0.0 ms]
   [Clear CT: 0.5 ms]
   [Other: 1.0 ms]
      [Choose CSet: 0.0 ms]
      [Ref Proc: 0.1 ms]
      [Ref Enq: 0.0 ms]
      [Redirty Cards: 0.1 ms]
      [Humongous Register: 0.0 ms]
      [Humongous Reclaim: 0.0 ms]
      [Free CSet: 0.7 ms]
   [Eden: 2444.0M(2444.0M)->0.0B(2444.0M) Survivors: 12288.0K->12288.0K Heap: 2475.4M(4096.0M)->33191.2K(4096.0M)]
 [Times: user=0.00 sys=0.00, real=0.00 secs] 
2024-10-12T19:00:04.271+0300: 454.553: Total time for which application threads were stopped: 0.0041224 seconds, Stopping threads took: 0.0001335 seconds
2024-10-12T19:00:05.038+0300: 455.331: Application time: 0.7781946 seconds
2024-10-12T19:00:05.038+0300: 455.331: [GC pause (G1 Evacuation Pause) (young), 0.0035475 secs]
   [Parallel Time: 1.9 ms, GC Workers: 6]
      [GC Worker Start (ms): Min: 455331.4, Avg: 455331.4, Max: 455331.4, Diff: 0.1]
      [Ext Root Scanning (ms): Min: 0.3, Avg: 0.3, Max: 0.4, Diff: 0.1, Sum: 2.0]
      [Update RS (ms): Min: 0.1, Avg: 0.1, Max: 0.1, Diff: 0.0, Sum: 0.6]
         [Processed Buffers: Min: 1, Avg: 2.2, Max: 4, Diff: 3, Sum: 13]
      [Scan RS (ms): Min: 0.1, Avg: 0.2, Max: 0.2, Diff: 0.1, Sum: 1.1]
      [Code Root Scanning (ms): Min: 0.0, Avg: 0.0, Max: 0.0, Diff: 0.0, Sum: 0.0]
      [Object Copy (ms): Min: 0.9, Avg: 0.9, Max: 0.9, Diff: 0.0, Sum: 5.3]
      [Termination (ms): Min: 0.0, Avg: 0.0, Max: 0.0, Diff: 0.0, Sum: 0.0]
         [Termination Attempts: Min: 1, Avg: 2.8, Max: 6, Diff: 5, Sum: 17]
      [GC Worker Other (ms): Min: 0.0, Avg: 0.1, Max: 0.3, Diff: 0.2, Sum: 0.9]
      [GC Worker Total (ms): Min: 1.5, Avg: 1.7, Max: 1.8, Diff: 0.3, Sum: 10.0]
      [GC Worker End (ms): Min: 455333.0, Avg: 455333.1, Max: 455333.2, Diff: 0.2]
   [Code Root Fixup: 0.0 ms]
   [Code Root Purge: 0.0 ms]
   [Clear CT: 0.5 ms]
   [Other: 1.2 ms]
      [Choose CSet: 0.0 ms]
      [Ref Proc: 0.1 ms]
      [Ref Enq: 0.0 ms]
      [Redirty Cards: 0.1 ms]
      [Humongous Register: 0.1 ms]
      [Humongous Reclaim: 0.0 ms]
      [Free CSet: 0.6 ms]
   [Eden: 2444.0M(2444.0M)->0.0B(2448.0M) Survivors: 12288.0K->8192.0K Heap: 2476.4M(4096.0M)->29097.7K(4096.0M)]
 [Times: user=0.01 sys=0.00, real=0.01 secs] 
2024-10-12T19:00:05.053+0300: 455.335: Total time for which application threads were stopped: 0.0039854 seconds, Stopping threads took: 0.0001640 seconds
2024-10-12T19:00:05.823+0300: 456.106: Application time: 0.7706978 seconds
2024-10-12T19:00:05.823+0300: 456.106: [GC pause (G1 Evacuation Pause) (young), 0.0031678 secs]
   [Parallel Time: 1.6 ms, GC Workers: 6]
      [GC Worker Start (ms): Min: 456106.0, Avg: 456106.0, Max: 456106.1, Diff: 0.1]
      [Ext Root Scanning (ms): Min: 0.3, Avg: 0.3, Max: 0.4, Diff: 0.1, Sum: 2.0]
      [Update RS (ms): Min: 0.1, Avg: 0.1, Max: 0.1, Diff: 0.0, Sum: 0.6]
         [Processed Buffers: Min: 1, Avg: 2.2, Max: 4, Diff: 3, Sum: 13]
      [Scan RS (ms): Min: 0.1, Avg: 0.2, Max: 0.2, Diff: 0.1, Sum: 1.1]
      [Code Root Scanning (ms): Min: 0.0, Avg: 0.0, Max: 0.0, Diff: 0.0, Sum: 0.0]
      [Object Copy (ms): Min: 0.8, Avg: 0.8, Max: 0.8, Diff: 0.1, Sum: 4.8]
      [Termination (ms): Min: 0.0, Avg: 0.0, Max: 0.0, Diff: 0.0, Sum: 0.0]
         [Termination Attempts: Min: 1, Avg: 1.5, Max: 2, Diff: 1, Sum: 9]
      [GC Worker Other (ms): Min: 0.0, Avg: 0.1, Max: 0.1, Diff: 0.1, Sum: 0.5]
      [GC Worker Total (ms): Min: 1.5, Avg: 1.5, Max: 1.5, Diff: 0.1, Sum: 9.0]
      [GC Worker End (ms): Min: 456107.4, Avg: 456107.5, Max: 456107.5, Diff: 0.1]
   [Code Root Fixup: 0.0 ms]
   [Code Root Purge: 0.0 ms]
   [Clear CT: 0.5 ms]
   [Other: 1.1 ms]
      [Choose CSet: 0.0 ms]
      [Ref Proc: 0.1 ms]
      [Ref Enq: 0.0 ms]
      [Redirty Cards: 0.1 ms]
      [Humongous Register: 0.1 ms]
      [Humongous Reclaim: 0.0 ms]
      [Free CSet: 0.7 ms]
   [Eden: 2448.0M(2448.0M)->0.0B(2446.0M) Survivors: 8192.0K->10240.0K Heap: 2476.4M(4096.0M)->30124.2K(4096.0M)]
 [Times: user=0.00 sys=0.00, real=0.00 secs] 
2024-10-12T19:00:05.823+0300: 456.109: Total time for which application threads were stopped: 0.0035355 seconds, Stopping threads took: 0.0001476 seconds
2024-10-12T19:00:06.609+0300: 456.893: Application time: 0.7839022 seconds
2024-10-12T19:00:06.609+0300: 456.893: [GC pause (G1 Evacuation Pause) (young), 0.0031258 secs]
   [Parallel Time: 1.6 ms, GC Workers: 6]
      [GC Worker Start (ms): Min: 456893.4, Avg: 456893.5, Max: 456893.5, Diff: 0.1]
      [Ext Root Scanning (ms): Min: 0.3, Avg: 0.3, Max: 0.4, Diff: 0.1, Sum: 2.0]
      [Update RS (ms): Min: 0.1, Avg: 0.1, Max: 0.1, Diff: 0.0, Sum: 0.6]
         [Processed Buffers: Min: 1, Avg: 2.2, Max: 4, Diff: 3, Sum: 13]
      [Scan RS (ms): Min: 0.2, Avg: 0.2, Max: 0.2, Diff: 0.1, Sum: 1.1]
      [Code Root Scanning (ms): Min: 0.0, Avg: 0.0, Max: 0.0, Diff: 0.0, Sum: 0.0]
      [Object Copy (ms): Min: 0.7, Avg: 0.8, Max: 0.8, Diff: 0.0, Sum: 4.5]
      [Termination (ms): Min: 0.0, Avg: 0.0, Max: 0.0, Diff: 0.0, Sum: 0.0]
         [Termination Attempts: Min: 1, Avg: 1.0, Max: 1, Diff: 0, Sum: 6]
      [GC Worker Other (ms): Min: 0.0, Avg: 0.1, Max: 0.1, Diff: 0.1, Sum: 0.5]
      [GC Worker Total (ms): Min: 1.4, Avg: 1.5, Max: 1.5, Diff: 0.1, Sum: 8.8]
      [GC Worker End (ms): Min: 456894.9, Avg: 456894.9, Max: 456895.0, Diff: 0.1]
   [Code Root Fixup: 0.0 ms]
   [Code Root Purge: 0.0 ms]
   [Clear CT: 0.5 ms]
   [Other: 1.0 ms]
      [Choose CSet: 0.0 ms]
      [Ref Proc: 0.1 ms]
      [Ref Enq: 0.0 ms]
      [Redirty Cards: 0.1 ms]
      [Humongous Register: 0.0 ms]
      [Humongous Reclaim: 0.0 ms]
      [Free CSet: 0.7 ms]
   [Eden: 2446.0M(2446.0M)->0.0B(2448.0M) Survivors: 10240.0K->8192.0K Heap: 2475.4M(4096.0M)->28999.6K(4096.0M)]
 [Times: user=0.00 sys=0.00, real=0.00 secs] 
2024-10-12T19:00:06.609+0300: 456.897: Total time for which application threads were stopped: 0.0035189 seconds, Stopping threads took: 0.0001845 seconds
2024-10-12T19:00:07.393+0300: 457.678: Application time: 0.7816264 seconds
2024-10-12T19:00:07.393+0300: 457.678: [GC pause (G1 Evacuation Pause) (young), 0.0031904 secs]
   [Parallel Time: 1.7 ms, GC Workers: 6]
      [GC Worker Start (ms): Min: 457678.6, Avg: 457678.7, Max: 457679.0, Diff: 0.4]
      [Ext Root Scanning (ms): Min: 0.0, Avg: 0.3, Max: 0.4, Diff: 0.4, Sum: 1.8]
      [Update RS (ms): Min: 0.1, Avg: 0.1, Max: 0.1, Diff: 0.0, Sum: 0.6]
         [Processed Buffers: Min: 1, Avg: 2.2, Max: 4, Diff: 3, Sum: 13]
      [Scan RS (ms): Min: 0.2, Avg: 0.2, Max: 0.2, Diff: 0.0, Sum: 1.0]
      [Code Root Scanning (ms): Min: 0.0, Avg: 0.0, Max: 0.0, Diff: 0.0, Sum: 0.0]
      [Object Copy (ms): Min: 0.8, Avg: 0.8, Max: 0.9, Diff: 0.1, Sum: 4.9]
      [Termination (ms): Min: 0.0, Avg: 0.0, Max: 0.0, Diff: 0.0, Sum: 0.0]
         [Termination Attempts: Min: 1, Avg: 1.0, Max: 1, Diff: 0, Sum: 6]
      [GC Worker Other (ms): Min: 0.0, Avg: 0.1, Max: 0.1, Diff: 0.1, Sum: 0.5]
      [GC Worker Total (ms): Min: 1.2, Avg: 1.5, Max: 1.6, Diff: 0.4, Sum: 9.0]
      [GC Worker End (ms): Min: 457680.1, Avg: 457680.2, Max: 457680.2, Diff: 0.1]
   [Code Root Fixup: 0.0 ms]
   [Code Root Purge: 0.0 ms]
   [Clear CT: 0.5 ms]
   [Other: 1.0 ms]
      [Choose CSet: 0.0 ms]
      [Ref Proc: 0.1 ms]
      [Ref Enq: 0.0 ms]
      [Redirty Cards: 0.1 ms]
      [Humongous Register: 0.0 ms]
      [Humongous Reclaim: 0.0 ms]
      [Free CSet: 0.6 ms]
   [Eden: 2448.0M(2448.0M)->0.0B(2446.0M) Survivors: 8192.0K->10240.0K Heap: 2476.3M(4096.0M)->31010.4K(4096.0M)]
 [Times: user=0.00 sys=0.00, real=0.00 secs] 
2024-10-12T19:00:07.393+0300: 457.682: Total time for which application threads were stopped: 0.0036103 seconds, Stopping threads took: 0.0001770 seconds
2024-10-12T19:00:08.180+0300: 458.463: Application time: 0.7812478 seconds
2024-10-12T19:00:08.180+0300: 458.463: [GC pause (G1 Evacuation Pause) (young), 0.0037212 secs]
   [Parallel Time: 2.0 ms, GC Workers: 6]
      [GC Worker Start (ms): Min: 458463.5, Avg: 458463.5, Max: 458463.5, Diff: 0.0]
      [Ext Root Scanning (ms): Min: 0.3, Avg: 0.3, Max: 0.4, Diff: 0.0, Sum: 2.0]
      [Update RS (ms): Min: 0.0, Avg: 0.1, Max: 0.1, Diff: 0.1, Sum: 0.6]
         [Processed Buffers: Min: 0, Avg: 2.2, Max: 4, Diff: 4, Sum: 13]
      [Scan RS (ms): Min: 0.2, Avg: 0.2, Max: 0.2, Diff: 0.0, Sum: 1.0]
      [Code Root Scanning (ms): Min: 0.0, Avg: 0.0, Max: 0.0, Diff: 0.0, Sum: 0.0]
      [Object Copy (ms): Min: 1.1, Avg: 1.2, Max: 1.3, Diff: 0.1, Sum: 7.0]
      [Termination (ms): Min: 0.0, Avg: 0.0, Max: 0.0, Diff: 0.0, Sum: 0.0]
         [Termination Attempts: Min: 1, Avg: 1.0, Max: 1, Diff: 0, Sum: 6]
      [GC Worker Other (ms): Min: 0.0, Avg: 0.0, Max: 0.1, Diff: 0.0, Sum: 0.3]
      [GC Worker Total (ms): Min: 1.8, Avg: 1.8, Max: 1.9, Diff: 0.1, Sum: 10.9]
      [GC Worker End (ms): Min: 458465.3, Avg: 458465.3, Max: 458465.4, Diff: 0.0]
   [Code Root Fixup: 0.0 ms]
   [Code Root Purge: 0.0 ms]
   [Clear CT: 0.6 ms]
   [Other: 1.1 ms]
      [Choose CSet: 0.0 ms]
      [Ref Proc: 0.2 ms]
      [Ref Enq: 0.0 ms]
      [Redirty Cards: 0.1 ms]
      [Humongous Register: 0.0 ms]
      [Humongous Reclaim: 0.0 ms]
      [Free CSet: 0.6 ms]
   [Eden: 2446.0M(2446.0M)->0.0B(2444.0M) Survivors: 10240.0K->12288.0K Heap: 2476.3M(4096.0M)->32161.4K(4096.0M)]
 [Times: user=0.00 sys=0.00, real=0.00 secs] 
2024-10-12T19:00:08.180+0300: 458.467: Total time for which application threads were stopped: 0.0041591 seconds, Stopping threads took: 0.0001875 seconds
2024-10-12T19:00:08.963+0300: 459.243: Application time: 0.7761892 seconds
2024-10-12T19:00:08.963+0300: 459.244: [GC pause (G1 Evacuation Pause) (young), 0.0035168 secs]
   [Parallel Time: 1.7 ms, GC Workers: 6]
      [GC Worker Start (ms): Min: 459243.8, Avg: 459243.9, Max: 459243.9, Diff: 0.0]
      [Ext Root Scanning (ms): Min: 0.3, Avg: 0.3, Max: 0.4, Diff: 0.1, Sum: 1.9]
      [Update RS (ms): Min: 0.1, Avg: 0.1, Max: 0.1, Diff: 0.0, Sum: 0.6]
         [Processed Buffers: Min: 1, Avg: 2.2, Max: 4, Diff: 3, Sum: 13]
      [Scan RS (ms): Min: 0.1, Avg: 0.2, Max: 0.2, Diff: 0.0, Sum: 1.0]
      [Code Root Scanning (ms): Min: 0.0, Avg: 0.0, Max: 0.0, Diff: 0.0, Sum: 0.0]
      [Object Copy (ms): Min: 0.8, Avg: 0.8, Max: 0.8, Diff: 0.0, Sum: 4.8]
      [Termination (ms): Min: 0.0, Avg: 0.0, Max: 0.0, Diff: 0.0, Sum: 0.0]
         [Termination Attempts: Min: 1, Avg: 2.5, Max: 4, Diff: 3, Sum: 15]
      [GC Worker Other (ms): Min: 0.0, Avg: 0.1, Max: 0.2, Diff: 0.1, Sum: 0.6]
      [GC Worker Total (ms): Min: 1.4, Avg: 1.5, Max: 1.6, Diff: 0.2, Sum: 9.0]
      [GC Worker End (ms): Min: 459245.3, Avg: 459245.4, Max: 459245.4, Diff: 0.1]
   [Code Root Fixup: 0.0 ms]
   [Code Root Purge: 0.0 ms]
   [Clear CT: 0.5 ms]
   [Other: 1.3 ms]
      [Choose CSet: 0.0 ms]
      [Ref Proc: 0.1 ms]
      [Ref Enq: 0.0 ms]
      [Redirty Cards: 0.1 ms]
      [Humongous Register: 0.1 ms]
      [Humongous Reclaim: 0.0 ms]
      [Free CSet: 0.8 ms]
   [Eden: 2444.0M(2444.0M)->0.0B(2446.0M) Survivors: 12288.0K->10240.0K Heap: 2475.4M(4096.0M)->30134.2K(4096.0M)]
 [Times: user=0.00 sys=0.00, real=0.00 secs] 
2024-10-12T19:00:08.963+0300: 459.247: Total time for which application threads were stopped: 0.0039523 seconds, Stopping threads took: 0.0001580 seconds
2024-10-12T19:00:09.732+0300: 460.018: Application time: 0.7711013 seconds
2024-10-12T19:00:09.732+0300: 460.019: [GC pause (G1 Evacuation Pause) (young), 0.0031421 secs]
   [Parallel Time: 1.6 ms, GC Workers: 6]
      [GC Worker Start (ms): Min: 460018.9, Avg: 460018.9, Max: 460018.9, Diff: 0.1]
      [Ext Root Scanning (ms): Min: 0.3, Avg: 0.3, Max: 0.4, Diff: 0.1, Sum: 2.0]
      [Update RS (ms): Min: 0.1, Avg: 0.1, Max: 0.1, Diff: 0.1, Sum: 0.6]
         [Processed Buffers: Min: 1, Avg: 2.2, Max: 4, Diff: 3, Sum: 13]
      [Scan RS (ms): Min: 0.2, Avg: 0.2, Max: 0.2, Diff: 0.0, Sum: 1.0]
      [Code Root Scanning (ms): Min: 0.0, Avg: 0.0, Max: 0.0, Diff: 0.0, Sum: 0.0]
      [Object Copy (ms): Min: 0.8, Avg: 0.8, Max: 0.8, Diff: 0.0, Sum: 4.7]
      [Termination (ms): Min: 0.0, Avg: 0.0, Max: 0.0, Diff: 0.0, Sum: 0.0]
         [Termination Attempts: Min: 1, Avg: 2.0, Max: 3, Diff: 2, Sum: 12]
      [GC Worker Other (ms): Min: 0.0, Avg: 0.1, Max: 0.1, Diff: 0.1, Sum: 0.5]
      [GC Worker Total (ms): Min: 1.4, Avg: 1.5, Max: 1.5, Diff: 0.1, Sum: 8.9]
      [GC Worker End (ms): Min: 460020.3, Avg: 460020.4, Max: 460020.4, Diff: 0.1]
   [Code Root Fixup: 0.0 ms]
   [Code Root Purge: 0.0 ms]
   [Clear CT: 0.5 ms]
   [Other: 1.0 ms]
      [Choose CSet: 0.0 ms]
      [Ref Proc: 0.1 ms]
      [Ref Enq: 0.0 ms]
      [Redirty Cards: 0.1 ms]
      [Humongous Register: 0.0 ms]
      [Humongous Reclaim: 0.0 ms]
      [Free CSet: 0.7 ms]
   [Eden: 2446.0M(2446.0M)->0.0B(2448.0M) Survivors: 10240.0K->8192.0K Heap: 2475.4M(4096.0M)->28064.3K(4096.0M)]
 [Times: user=0.00 sys=0.00, real=0.00 secs] 
2024-10-12T19:00:09.732+0300: 460.022: Total time for which application threads were stopped: 0.0035582 seconds, Stopping threads took: 0.0001973 seconds
2024-10-12T19:00:10.517+0300: 460.802: Application time: 0.7801746 seconds
2024-10-12T19:00:10.517+0300: 460.802: [GC pause (G1 Evacuation Pause) (young), 0.0031617 secs]
   [Parallel Time: 1.7 ms, GC Workers: 6]
      [GC Worker Start (ms): Min: 460802.6, Avg: 460802.6, Max: 460802.6, Diff: 0.1]
      [Ext Root Scanning (ms): Min: 0.3, Avg: 0.3, Max: 0.4, Diff: 0.1, Sum: 2.0]
      [Update RS (ms): Min: 0.1, Avg: 0.1, Max: 0.1, Diff: 0.0, Sum: 0.6]
         [Processed Buffers: Min: 1, Avg: 2.2, Max: 3, Diff: 2, Sum: 13]
      [Scan RS (ms): Min: 0.2, Avg: 0.2, Max: 0.2, Diff: 0.0, Sum: 1.1]
      [Code Root Scanning (ms): Min: 0.0, Avg: 0.0, Max: 0.0, Diff: 0.0, Sum: 0.0]
      [Object Copy (ms): Min: 0.8, Avg: 0.8, Max: 0.9, Diff: 0.0, Sum: 5.0]
      [Termination (ms): Min: 0.0, Avg: 0.0, Max: 0.0, Diff: 0.0, Sum: 0.0]
         [Termination Attempts: Min: 1, Avg: 1.0, Max: 1, Diff: 0, Sum: 6]
      [GC Worker Other (ms): Min: 0.0, Avg: 0.1, Max: 0.1, Diff: 0.1, Sum: 0.5]
      [GC Worker Total (ms): Min: 1.5, Avg: 1.5, Max: 1.6, Diff: 0.1, Sum: 9.3]
      [GC Worker End (ms): Min: 460804.1, Avg: 460804.1, Max: 460804.2, Diff: 0.1]
   [Code Root Fixup: 0.0 ms]
   [Code Root Purge: 0.0 ms]
   [Clear CT: 0.5 ms]
   [Other: 1.0 ms]
      [Choose CSet: 0.0 ms]
      [Ref Proc: 0.1 ms]
      [Ref Enq: 0.0 ms]
      [Redirty Cards: 0.1 ms]
      [Humongous Register: 0.0 ms]
      [Humongous Reclaim: 0.0 ms]
      [Free CSet: 0.7 ms]
   [Eden: 2448.0M(2448.0M)->0.0B(2446.0M) Survivors: 8192.0K->10240.0K Heap: 2475.4M(4096.0M)->30060.7K(4096.0M)]
 [Times: user=0.00 sys=0.00, real=0.00 secs] 
2024-10-12T19:00:10.517+0300: 460.806: Total time for which application threads were stopped: 0.0035739 seconds, Stopping threads took: 0.0001720 seconds
2024-10-12T19:00:11.302+0300: 461.583: Application time: 0.7773963 seconds
2024-10-12T19:00:11.302+0300: 461.583: [GC pause (G1 Evacuation Pause) (young), 0.0033883 secs]
   [Parallel Time: 1.7 ms, GC Workers: 6]
      [GC Worker Start (ms): Min: 461583.6, Avg: 461583.6, Max: 461583.6, Diff: 0.0]
      [Ext Root Scanning (ms): Min: 0.3, Avg: 0.3, Max: 0.3, Diff: 0.0, Sum: 1.9]
      [Update RS (ms): Min: 0.1, Avg: 0.1, Max: 0.1, Diff: 0.1, Sum: 0.6]
         [Processed Buffers: Min: 1, Avg: 2.2, Max: 3, Diff: 2, Sum: 13]
      [Scan RS (ms): Min: 0.1, Avg: 0.2, Max: 0.2, Diff: 0.1, Sum: 0.9]
      [Code Root Scanning (ms): Min: 0.0, Avg: 0.0, Max: 0.0, Diff: 0.0, Sum: 0.0]
      [Object Copy (ms): Min: 0.8, Avg: 0.9, Max: 0.9, Diff: 0.0, Sum: 5.1]
      [Termination (ms): Min: 0.0, Avg: 0.0, Max: 0.0, Diff: 0.0, Sum: 0.0]
         [Termination Attempts: Min: 1, Avg: 4.2, Max: 6, Diff: 5, Sum: 25]
      [GC Worker Other (ms): Min: 0.0, Avg: 0.1, Max: 0.2, Diff: 0.1, Sum: 0.7]
      [GC Worker Total (ms): Min: 1.5, Avg: 1.6, Max: 1.6, Diff: 0.1, Sum: 9.4]
      [GC Worker End (ms): Min: 461585.1, Avg: 461585.2, Max: 461585.2, Diff: 0.1]
   [Code Root Fixup: 0.0 ms]
   [Code Root Purge: 0.0 ms]
   [Clear CT: 0.5 ms]
   [Other: 1.1 ms]
      [Choose CSet: 0.0 ms]
      [Ref Proc: 0.1 ms]
      [Ref Enq: 0.0 ms]
      [Redirty Cards: 0.1 ms]
      [Humongous Register: 0.0 ms]
      [Humongous Reclaim: 0.0 ms]
      [Free CSet: 0.7 ms]
   [Eden: 2446.0M(2446.0M)->0.0B(2446.0M) Survivors: 10240.0K->10240.0K Heap: 2475.4M(4096.0M)->30078.6K(4096.0M)]
 [Times: user=0.02 sys=0.00, real=0.00 secs] 
2024-10-12T19:00:11.302+0300: 461.587: Total time for which application threads were stopped: 0.0038073 seconds, Stopping threads took: 0.0001680 seconds
2024-10-12T19:00:12.072+0300: 462.362: Application time: 0.7753354 seconds
2024-10-12T19:00:12.072+0300: 462.363: [GC pause (G1 Evacuation Pause) (young), 0.0038965 secs]
   [Parallel Time: 2.1 ms, GC Workers: 6]
      [GC Worker Start (ms): Min: 462362.8, Avg: 462362.8, Max: 462362.8, Diff: 0.0]
      [Ext Root Scanning (ms): Min: 0.3, Avg: 0.3, Max: 0.4, Diff: 0.0, Sum: 2.0]
      [Update RS (ms): Min: 0.1, Avg: 0.1, Max: 0.1, Diff: 0.1, Sum: 0.6]
         [Processed Buffers: Min: 1, Avg: 2.2, Max: 3, Diff: 2, Sum: 13]
      [Scan RS (ms): Min: 0.1, Avg: 0.2, Max: 0.2, Diff: 0.0, Sum: 1.0]
      [Code Root Scanning (ms): Min: 0.0, Avg: 0.0, Max: 0.0, Diff: 0.0, Sum: 0.0]
      [Object Copy (ms): Min: 1.2, Avg: 1.3, Max: 1.3, Diff: 0.1, Sum: 7.5]
      [Termination (ms): Min: 0.0, Avg: 0.0, Max: 0.0, Diff: 0.0, Sum: 0.0]
         [Termination Attempts: Min: 1, Avg: 1.0, Max: 1, Diff: 0, Sum: 6]
      [GC Worker Other (ms): Min: 0.0, Avg: 0.1, Max: 0.1, Diff: 0.1, Sum: 0.5]
      [GC Worker Total (ms): Min: 1.9, Avg: 1.9, Max: 2.0, Diff: 0.1, Sum: 11.6]
      [GC Worker End (ms): Min: 462364.7, Avg: 462364.7, Max: 462364.8, Diff: 0.1]
   [Code Root Fixup: 0.0 ms]
   [Code Root Purge: 0.0 ms]
   [Clear CT: 0.6 ms]
   [Other: 1.2 ms]
      [Choose CSet: 0.0 ms]
      [Ref Proc: 0.1 ms]
      [Ref Enq: 0.0 ms]
      [Redirty Cards: 0.1 ms]
      [Humongous Register: 0.1 ms]
      [Humongous Reclaim: 0.0 ms]
      [Free CSet: 0.8 ms]
   [Eden: 2446.0M(2446.0M)->0.0B(2444.0M) Survivors: 10240.0K->12288.0K Heap: 2475.4M(4096.0M)->32115.7K(4096.0M)]
 [Times: user=0.00 sys=0.00, real=0.01 secs] 
2024-10-12T19:00:12.087+0300: 462.367: Total time for which application threads were stopped: 0.0043385 seconds, Stopping threads took: 0.0001675 seconds
2024-10-12T19:00:12.856+0300: 463.137: Application time: 0.7699246 seconds
2024-10-12T19:00:12.856+0300: 463.137: [GC pause (G1 Evacuation Pause) (young), 0.0031063 secs]
   [Parallel Time: 1.6 ms, GC Workers: 6]
      [GC Worker Start (ms): Min: 463136.9, Avg: 463137.0, Max: 463137.0, Diff: 0.1]
      [Ext Root Scanning (ms): Min: 0.3, Avg: 0.3, Max: 0.4, Diff: 0.1, Sum: 2.0]
      [Update RS (ms): Min: 0.1, Avg: 0.1, Max: 0.1, Diff: 0.0, Sum: 0.6]
         [Processed Buffers: Min: 1, Avg: 2.2, Max: 4, Diff: 3, Sum: 13]
      [Scan RS (ms): Min: 0.1, Avg: 0.2, Max: 0.2, Diff: 0.1, Sum: 1.0]
      [Code Root Scanning (ms): Min: 0.0, Avg: 0.0, Max: 0.0, Diff: 0.0, Sum: 0.0]
      [Object Copy (ms): Min: 0.8, Avg: 0.8, Max: 0.8, Diff: 0.0, Sum: 4.8]
      [Termination (ms): Min: 0.0, Avg: 0.0, Max: 0.0, Diff: 0.0, Sum: 0.0]
         [Termination Attempts: Min: 1, Avg: 1.0, Max: 1, Diff: 0, Sum: 6]
      [GC Worker Other (ms): Min: 0.0, Avg: 0.1, Max: 0.1, Diff: 0.1, Sum: 0.5]
      [GC Worker Total (ms): Min: 1.4, Avg: 1.5, Max: 1.5, Diff: 0.1, Sum: 8.9]
      [GC Worker End (ms): Min: 463138.4, Avg: 463138.4, Max: 463138.5, Diff: 0.1]
   [Code Root Fixup: 0.0 ms]
   [Code Root Purge: 0.0 ms]
   [Clear CT: 0.5 ms]
   [Other: 1.0 ms]
      [Choose CSet: 0.0 ms]
      [Ref Proc: 0.1 ms]
      [Ref Enq: 0.0 ms]
      [Redirty Cards: 0.1 ms]
      [Humongous Register: 0.0 ms]
      [Humongous Reclaim: 0.0 ms]
      [Free CSet: 0.6 ms]
   [Eden: 2444.0M(2444.0M)->0.0B(2446.0M) Survivors: 12288.0K->10240.0K Heap: 2475.4M(4096.0M)->30146.7K(4096.0M)]
 [Times: user=0.00 sys=0.00, real=0.00 secs] 
2024-10-12T19:00:12.856+0300: 463.140: Total time for which application threads were stopped: 0.0034721 seconds, Stopping threads took: 0.0001370 seconds
2024-10-12T19:00:13.633+0300: 463.920: Application time: 0.7798034 seconds
2024-10-12T19:00:13.633+0300: 463.920: [GC pause (G1 Evacuation Pause) (young), 0.0042247 secs]
   [Parallel Time: 2.7 ms, GC Workers: 6]
      [GC Worker Start (ms): Min: 463920.3, Avg: 463920.3, Max: 463920.3, Diff: 0.1]
      [Ext Root Scanning (ms): Min: 0.3, Avg: 0.4, Max: 0.4, Diff: 0.1, Sum: 2.3]
      [Update RS (ms): Min: 0.1, Avg: 0.1, Max: 0.1, Diff: 0.1, Sum: 0.6]
         [Processed Buffers: Min: 1, Avg: 2.2, Max: 3, Diff: 2, Sum: 13]
      [Scan RS (ms): Min: 0.2, Avg: 0.2, Max: 0.2, Diff: 0.0, Sum: 1.1]
      [Code Root Scanning (ms): Min: 0.0, Avg: 0.0, Max: 0.0, Diff: 0.0, Sum: 0.0]
      [Object Copy (ms): Min: 1.8, Avg: 1.8, Max: 1.9, Diff: 0.1, Sum: 10.9]
      [Termination (ms): Min: 0.0, Avg: 0.0, Max: 0.0, Diff: 0.0, Sum: 0.0]
         [Termination Attempts: Min: 1, Avg: 1.0, Max: 1, Diff: 0, Sum: 6]
      [GC Worker Other (ms): Min: 0.0, Avg: 0.1, Max: 0.1, Diff: 0.1, Sum: 0.6]
      [GC Worker Total (ms): Min: 2.5, Avg: 2.6, Max: 2.6, Diff: 0.1, Sum: 15.4]
      [GC Worker End (ms): Min: 463922.8, Avg: 463922.9, Max: 463922.9, Diff: 0.1]
   [Code Root Fixup: 0.0 ms]
   [Code Root Purge: 0.0 ms]
   [Clear CT: 0.5 ms]
   [Other: 1.0 ms]
      [Choose CSet: 0.0 ms]
      [Ref Proc: 0.1 ms]
      [Ref Enq: 0.0 ms]
      [Redirty Cards: 0.1 ms]
      [Humongous Register: 0.0 ms]
      [Humongous Reclaim: 0.0 ms]
      [Free CSet: 0.6 ms]
   [Eden: 2446.0M(2446.0M)->0.0B(2444.0M) Survivors: 10240.0K->12288.0K Heap: 2475.4M(4096.0M)->33221.2K(4096.0M)]
 [Times: user=0.02 sys=0.00, real=0.01 secs] 
2024-10-12T19:00:13.641+0300: 463.925: Total time for which application threads were stopped: 0.0046404 seconds, Stopping threads took: 0.0001905 seconds
2024-10-12T19:00:14.410+0300: 464.702: Application time: 0.7779021 seconds
2024-10-12T19:00:14.410+0300: 464.703: [GC pause (G1 Evacuation Pause) (young), 0.0035212 secs]
   [Parallel Time: 1.7 ms, GC Workers: 6]
      [GC Worker Start (ms): Min: 464702.9, Avg: 464703.0, Max: 464703.4, Diff: 0.4]
      [Ext Root Scanning (ms): Min: 0.0, Avg: 0.3, Max: 0.4, Diff: 0.4, Sum: 2.0]
      [Update RS (ms): Min: 0.1, Avg: 0.1, Max: 0.1, Diff: 0.1, Sum: 0.6]
         [Processed Buffers: Min: 1, Avg: 2.2, Max: 3, Diff: 2, Sum: 13]
      [Scan RS (ms): Min: 0.1, Avg: 0.2, Max: 0.2, Diff: 0.0, Sum: 1.0]
      [Code Root Scanning (ms): Min: 0.0, Avg: 0.0, Max: 0.0, Diff: 0.0, Sum: 0.0]
      [Object Copy (ms): Min: 0.7, Avg: 0.7, Max: 0.7, Diff: 0.1, Sum: 4.3]
      [Termination (ms): Min: 0.0, Avg: 0.0, Max: 0.0, Diff: 0.0, Sum: 0.0]
         [Termination Attempts: Min: 1, Avg: 1.0, Max: 1, Diff: 0, Sum: 6]
      [GC Worker Other (ms): Min: 0.0, Avg: 0.1, Max: 0.2, Diff: 0.1, Sum: 0.8]
      [GC Worker Total (ms): Min: 1.2, Avg: 1.5, Max: 1.6, Diff: 0.4, Sum: 8.8]
      [GC Worker End (ms): Min: 464704.4, Avg: 464704.5, Max: 464704.5, Diff: 0.1]
   [Code Root Fixup: 0.0 ms]
   [Code Root Purge: 0.0 ms]
   [Clear CT: 0.6 ms]
   [Other: 1.2 ms]
      [Choose CSet: 0.0 ms]
      [Ref Proc: 0.1 ms]
      [Ref Enq: 0.0 ms]
      [Redirty Cards: 0.1 ms]
      [Humongous Register: 0.1 ms]
      [Humongous Reclaim: 0.0 ms]
      [Free CSet: 0.7 ms]
   [Eden: 2444.0M(2444.0M)->0.0B(2448.0M) Survivors: 12288.0K->8192.0K Heap: 2476.4M(4096.0M)->28109.7K(4096.0M)]
 [Times: user=0.00 sys=0.00, real=0.02 secs] 
2024-10-12T19:00:14.426+0300: 464.706: Total time for which application threads were stopped: 0.0040355 seconds, Stopping threads took: 0.0002369 seconds
2024-10-12T19:00:15.197+0300: 465.486: Application time: 0.7799080 seconds
2024-10-12T19:00:15.197+0300: 465.487: [GC pause (G1 Evacuation Pause) (young), 0.0033770 secs]
   [Parallel Time: 1.7 ms, GC Workers: 6]
      [GC Worker Start (ms): Min: 465486.9, Avg: 465486.9, Max: 465486.9, Diff: 0.1]
      [Ext Root Scanning (ms): Min: 0.3, Avg: 0.3, Max: 0.4, Diff: 0.1, Sum: 2.1]
      [Update RS (ms): Min: 0.0, Avg: 0.1, Max: 0.1, Diff: 0.1, Sum: 0.6]
         [Processed Buffers: Min: 0, Avg: 2.2, Max: 4, Diff: 4, Sum: 13]
      [Scan RS (ms): Min: 0.2, Avg: 0.2, Max: 0.2, Diff: 0.0, Sum: 1.2]
      [Code Root Scanning (ms): Min: 0.0, Avg: 0.0, Max: 0.0, Diff: 0.0, Sum: 0.0]
      [Object Copy (ms): Min: 0.8, Avg: 0.8, Max: 0.9, Diff: 0.1, Sum: 4.9]
      [Termination (ms): Min: 0.0, Avg: 0.0, Max: 0.0, Diff: 0.0, Sum: 0.0]
         [Termination Attempts: Min: 1, Avg: 1.0, Max: 1, Diff: 0, Sum: 6]
      [GC Worker Other (ms): Min: 0.0, Avg: 0.1, Max: 0.2, Diff: 0.1, Sum: 0.6]
      [GC Worker Total (ms): Min: 1.5, Avg: 1.6, Max: 1.6, Diff: 0.1, Sum: 9.4]
      [GC Worker End (ms): Min: 465488.4, Avg: 465488.5, Max: 465488.5, Diff: 0.1]
   [Code Root Fixup: 0.0 ms]
   [Code Root Purge: 0.0 ms]
   [Clear CT: 0.5 ms]
   [Other: 1.1 ms]
      [Choose CSet: 0.0 ms]
      [Ref Proc: 0.2 ms]
      [Ref Enq: 0.0 ms]
      [Redirty Cards: 0.1 ms]
      [Humongous Register: 0.0 ms]
      [Humongous Reclaim: 0.0 ms]
      [Free CSet: 0.7 ms]
   [Eden: 2448.0M(2448.0M)->0.0B(2448.0M) Survivors: 8192.0K->8192.0K Heap: 2475.5M(4096.0M)->28112.2K(4096.0M)]
 [Times: user=0.00 sys=0.00, real=0.00 secs] 
2024-10-12T19:00:15.197+0300: 465.490: Total time for which application threads were stopped: 0.0038911 seconds, Stopping threads took: 0.0002630 seconds
2024-10-12T19:00:15.980+0300: 466.269: Application time: 0.7791594 seconds
2024-10-12T19:00:15.980+0300: 466.270: [GC pause (G1 Evacuation Pause) (young), 0.0034199 secs]
   [Parallel Time: 1.6 ms, GC Workers: 6]
      [GC Worker Start (ms): Min: 466269.9, Avg: 466269.9, Max: 466269.9, Diff: 0.0]
      [Ext Root Scanning (ms): Min: 0.3, Avg: 0.3, Max: 0.4, Diff: 0.1, Sum: 1.9]
      [Update RS (ms): Min: 0.0, Avg: 0.1, Max: 0.1, Diff: 0.1, Sum: 0.6]
         [Processed Buffers: Min: 0, Avg: 2.2, Max: 3, Diff: 3, Sum: 13]
      [Scan RS (ms): Min: 0.1, Avg: 0.2, Max: 0.2, Diff: 0.1, Sum: 1.0]
      [Code Root Scanning (ms): Min: 0.0, Avg: 0.0, Max: 0.0, Diff: 0.0, Sum: 0.0]
      [Object Copy (ms): Min: 0.7, Avg: 0.8, Max: 0.9, Diff: 0.2, Sum: 4.7]
      [Termination (ms): Min: 0.0, Avg: 0.0, Max: 0.0, Diff: 0.0, Sum: 0.0]
         [Termination Attempts: Min: 1, Avg: 1.0, Max: 1, Diff: 0, Sum: 6]
      [GC Worker Other (ms): Min: 0.0, Avg: 0.1, Max: 0.2, Diff: 0.1, Sum: 0.5]
      [GC Worker Total (ms): Min: 1.4, Avg: 1.5, Max: 1.5, Diff: 0.1, Sum: 8.8]
      [GC Worker End (ms): Min: 466271.3, Avg: 466271.4, Max: 466271.5, Diff: 0.1]
   [Code Root Fixup: 0.0 ms]
   [Code Root Purge: 0.0 ms]
   [Clear CT: 0.6 ms]
   [Other: 1.2 ms]
      [Choose CSet: 0.0 ms]
      [Ref Proc: 0.2 ms]
      [Ref Enq: 0.0 ms]
      [Redirty Cards: 0.1 ms]
      [Humongous Register: 0.1 ms]
      [Humongous Reclaim: 0.0 ms]
      [Free CSet: 0.7 ms]
   [Eden: 2448.0M(2448.0M)->0.0B(2448.0M) Survivors: 8192.0K->8192.0K Heap: 2475.5M(4096.0M)->28053.6K(4096.0M)]
 [Times: user=0.00 sys=0.00, real=0.00 secs] 
2024-10-12T19:00:15.980+0300: 466.273: Total time for which application threads were stopped: 0.0039202 seconds, Stopping threads took: 0.0002432 seconds
2024-10-12T19:00:16.765+0300: 467.047: Application time: 0.7731804 seconds
2024-10-12T19:00:16.765+0300: 467.047: [GC pause (G1 Evacuation Pause) (young), 0.0029719 secs]
   [Parallel Time: 1.5 ms, GC Workers: 6]
      [GC Worker Start (ms): Min: 467046.9, Avg: 467046.9, Max: 467046.9, Diff: 0.1]
      [Ext Root Scanning (ms): Min: 0.3, Avg: 0.3, Max: 0.4, Diff: 0.1, Sum: 1.9]
      [Update RS (ms): Min: 0.1, Avg: 0.1, Max: 0.1, Diff: 0.0, Sum: 0.6]
         [Processed Buffers: Min: 1, Avg: 2.2, Max: 3, Diff: 2, Sum: 13]
      [Scan RS (ms): Min: 0.2, Avg: 0.2, Max: 0.2, Diff: 0.0, Sum: 1.0]
      [Code Root Scanning (ms): Min: 0.0, Avg: 0.0, Max: 0.0, Diff: 0.0, Sum: 0.0]
      [Object Copy (ms): Min: 0.7, Avg: 0.7, Max: 0.7, Diff: 0.0, Sum: 4.2]
      [Termination (ms): Min: 0.0, Avg: 0.0, Max: 0.0, Diff: 0.0, Sum: 0.0]
         [Termination Attempts: Min: 1, Avg: 1.0, Max: 1, Diff: 0, Sum: 6]
      [GC Worker Other (ms): Min: 0.0, Avg: 0.1, Max: 0.1, Diff: 0.1, Sum: 0.5]
      [GC Worker Total (ms): Min: 1.3, Avg: 1.4, Max: 1.4, Diff: 0.1, Sum: 8.2]
      [GC Worker End (ms): Min: 467048.2, Avg: 467048.3, Max: 467048.3, Diff: 0.1]
   [Code Root Fixup: 0.0 ms]
   [Code Root Purge: 0.0 ms]
   [Clear CT: 0.5 ms]
   [Other: 1.0 ms]
      [Choose CSet: 0.0 ms]
      [Ref Proc: 0.1 ms]
      [Ref Enq: 0.0 ms]
      [Redirty Cards: 0.1 ms]
      [Humongous Register: 0.0 ms]
      [Humongous Reclaim: 0.0 ms]
      [Free CSet: 0.7 ms]
   [Eden: 2448.0M(2448.0M)->0.0B(2448.0M) Survivors: 8192.0K->8192.0K Heap: 2475.4M(4096.0M)->28985.5K(4096.0M)]
 [Times: user=0.00 sys=0.00, real=0.00 secs] 
2024-10-12T19:00:16.765+0300: 467.050: Total time for which application threads were stopped: 0.0033314 seconds, Stopping threads took: 0.0001393 seconds
2024-10-12T19:00:17.534+0300: 467.828: Application time: 0.7777523 seconds
2024-10-12T19:00:17.534+0300: 467.828: [GC pause (G1 Evacuation Pause) (young), 0.0032229 secs]
   [Parallel Time: 1.7 ms, GC Workers: 6]
      [GC Worker Start (ms): Min: 467828.1, Avg: 467828.1, Max: 467828.1, Diff: 0.0]
      [Ext Root Scanning (ms): Min: 0.3, Avg: 0.3, Max: 0.4, Diff: 0.1, Sum: 2.0]
      [Update RS (ms): Min: 0.1, Avg: 0.1, Max: 0.1, Diff: 0.0, Sum: 0.6]
         [Processed Buffers: Min: 1, Avg: 2.2, Max: 3, Diff: 2, Sum: 13]
      [Scan RS (ms): Min: 0.2, Avg: 0.2, Max: 0.2, Diff: 0.1, Sum: 1.1]
      [Code Root Scanning (ms): Min: 0.0, Avg: 0.0, Max: 0.0, Diff: 0.0, Sum: 0.1]
      [Object Copy (ms): Min: 0.8, Avg: 0.9, Max: 0.9, Diff: 0.1, Sum: 5.2]
      [Termination (ms): Min: 0.0, Avg: 0.0, Max: 0.0, Diff: 0.0, Sum: 0.0]
         [Termination Attempts: Min: 1, Avg: 1.0, Max: 1, Diff: 0, Sum: 6]
      [GC Worker Other (ms): Min: 0.0, Avg: 0.1, Max: 0.1, Diff: 0.1, Sum: 0.6]
      [GC Worker Total (ms): Min: 1.6, Avg: 1.6, Max: 1.7, Diff: 0.1, Sum: 9.6]
      [GC Worker End (ms): Min: 467829.6, Avg: 467829.7, Max: 467829.7, Diff: 0.1]
   [Code Root Fixup: 0.0 ms]
   [Code Root Purge: 0.0 ms]
   [Clear CT: 0.5 ms]
   [Other: 1.0 ms]
      [Choose CSet: 0.0 ms]
      [Ref Proc: 0.1 ms]
      [Ref Enq: 0.0 ms]
      [Redirty Cards: 0.1 ms]
      [Humongous Register: 0.0 ms]
      [Humongous Reclaim: 0.0 ms]
      [Free CSet: 0.6 ms]
   [Eden: 2448.0M(2448.0M)->0.0B(2446.0M) Survivors: 8192.0K->10240.0K Heap: 2476.3M(4096.0M)->30063.7K(4096.0M)]
 [Times: user=0.02 sys=0.00, real=0.02 secs] 
2024-10-12T19:00:17.550+0300: 467.831: Total time for which application threads were stopped: 0.0037045 seconds, Stopping threads took: 0.0002274 seconds
2024-10-12T19:00:18.328+0300: 468.608: Application time: 0.7761842 seconds
2024-10-12T19:00:18.328+0300: 468.608: [GC pause (G1 Evacuation Pause) (young), 0.0033857 secs]
   [Parallel Time: 1.6 ms, GC Workers: 6]
      [GC Worker Start (ms): Min: 468608.0, Avg: 468608.0, Max: 468608.0, Diff: 0.1]
      [Ext Root Scanning (ms): Min: 0.3, Avg: 0.3, Max: 0.4, Diff: 0.1, Sum: 2.0]
      [Update RS (ms): Min: 0.1, Avg: 0.1, Max: 0.1, Diff: 0.1, Sum: 0.6]
         [Processed Buffers: Min: 1, Avg: 2.2, Max: 4, Diff: 3, Sum: 13]
      [Scan RS (ms): Min: 0.1, Avg: 0.2, Max: 0.2, Diff: 0.1, Sum: 1.0]
      [Code Root Scanning (ms): Min: 0.0, Avg: 0.0, Max: 0.0, Diff: 0.0, Sum: 0.0]
      [Object Copy (ms): Min: 0.8, Avg: 0.8, Max: 0.8, Diff: 0.1, Sum: 4.8]
      [Termination (ms): Min: 0.0, Avg: 0.0, Max: 0.0, Diff: 0.0, Sum: 0.1]
         [Termination Attempts: Min: 1, Avg: 1.0, Max: 1, Diff: 0, Sum: 6]
      [GC Worker Other (ms): Min: 0.0, Avg: 0.1, Max: 0.1, Diff: 0.1, Sum: 0.4]
      [GC Worker Total (ms): Min: 1.4, Avg: 1.5, Max: 1.6, Diff: 0.1, Sum: 8.9]
      [GC Worker End (ms): Min: 468609.4, Avg: 468609.5, Max: 468609.5, Diff: 0.1]
   [Code Root Fixup: 0.0 ms]
   [Code Root Purge: 0.0 ms]
   [Clear CT: 0.6 ms]
   [Other: 1.2 ms]
      [Choose CSet: 0.0 ms]
      [Ref Proc: 0.1 ms]
      [Ref Enq: 0.0 ms]
      [Redirty Cards: 0.1 ms]
      [Humongous Register: 0.1 ms]
      [Humongous Reclaim: 0.0 ms]
      [Free CSet: 0.7 ms]
   [Eden: 2446.0M(2446.0M)->0.0B(2446.0M) Survivors: 10240.0K->10240.0K Heap: 2475.4M(4096.0M)->31137.3K(4096.0M)]
 [Times: user=0.00 sys=0.00, real=0.00 secs] 
2024-10-12T19:00:18.331+0300: 468.611: Total time for which application threads were stopped: 0.0038382 seconds, Stopping threads took: 0.0001913 seconds
2024-10-12T19:00:19.103+0300: 469.386: Application time: 0.7750992 seconds
2024-10-12T19:00:19.107+0300: 469.387: [GC pause (G1 Evacuation Pause) (young), 0.0042487 secs]
   [Parallel Time: 2.7 ms, GC Workers: 6]
      [GC Worker Start (ms): Min: 469386.8, Avg: 469386.8, Max: 469386.8, Diff: 0.0]
      [Ext Root Scanning (ms): Min: 0.3, Avg: 0.3, Max: 0.4, Diff: 0.1, Sum: 2.0]
      [Update RS (ms): Min: 0.1, Avg: 0.1, Max: 0.1, Diff: 0.0, Sum: 0.6]
         [Processed Buffers: Min: 1, Avg: 2.2, Max: 4, Diff: 3, Sum: 13]
      [Scan RS (ms): Min: 0.1, Avg: 0.2, Max: 0.2, Diff: 0.1, Sum: 1.0]
      [Code Root Scanning (ms): Min: 0.0, Avg: 0.0, Max: 0.0, Diff: 0.0, Sum: 0.0]
      [Object Copy (ms): Min: 1.9, Avg: 1.9, Max: 2.0, Diff: 0.0, Sum: 11.7]
      [Termination (ms): Min: 0.0, Avg: 0.0, Max: 0.0, Diff: 0.0, Sum: 0.0]
         [Termination Attempts: Min: 1, Avg: 1.0, Max: 1, Diff: 0, Sum: 6]
      [GC Worker Other (ms): Min: 0.0, Avg: 0.1, Max: 0.1, Diff: 0.1, Sum: 0.4]
      [GC Worker Total (ms): Min: 2.5, Avg: 2.6, Max: 2.7, Diff: 0.1, Sum: 15.7]
      [GC Worker End (ms): Min: 469389.4, Avg: 469389.4, Max: 469389.5, Diff: 0.1]
   [Code Root Fixup: 0.0 ms]
   [Code Root Purge: 0.0 ms]
   [Clear CT: 0.5 ms]
   [Other: 1.0 ms]
      [Choose CSet: 0.0 ms]
      [Ref Proc: 0.1 ms]
      [Ref Enq: 0.0 ms]
      [Redirty Cards: 0.1 ms]
      [Humongous Register: 0.0 ms]
      [Humongous Reclaim: 0.0 ms]
      [Free CSet: 0.6 ms]
   [Eden: 2446.0M(2446.0M)->0.0B(2444.0M) Survivors: 10240.0K->12288.0K Heap: 2476.4M(4096.0M)->33216.0K(4096.0M)]
 [Times: user=0.00 sys=0.00, real=0.00 secs] 
2024-10-12T19:00:19.107+0300: 469.391: Total time for which application threads were stopped: 0.0047229 seconds, Stopping threads took: 0.0001351 seconds
2024-10-12T19:00:19.872+0300: 470.160: Application time: 0.7685188 seconds
2024-10-12T19:00:19.872+0300: 470.160: [GC pause (G1 Evacuation Pause) (young), 0.0032319 secs]
   [Parallel Time: 1.7 ms, GC Workers: 6]
      [GC Worker Start (ms): Min: 470160.1, Avg: 470160.2, Max: 470160.5, Diff: 0.4]
      [Ext Root Scanning (ms): Min: 0.0, Avg: 0.3, Max: 0.4, Diff: 0.4, Sum: 1.9]
      [Update RS (ms): Min: 0.1, Avg: 0.1, Max: 0.1, Diff: 0.1, Sum: 0.6]
         [Processed Buffers: Min: 1, Avg: 2.2, Max: 4, Diff: 3, Sum: 13]
      [Scan RS (ms): Min: 0.2, Avg: 0.2, Max: 0.2, Diff: 0.0, Sum: 1.0]
      [Code Root Scanning (ms): Min: 0.0, Avg: 0.0, Max: 0.0, Diff: 0.0, Sum: 0.0]
      [Object Copy (ms): Min: 0.8, Avg: 0.8, Max: 0.8, Diff: 0.1, Sum: 4.9]
      [Termination (ms): Min: 0.0, Avg: 0.0, Max: 0.0, Diff: 0.0, Sum: 0.0]
         [Termination Attempts: Min: 1, Avg: 1.2, Max: 2, Diff: 1, Sum: 7]
      [GC Worker Other (ms): Min: 0.0, Avg: 0.1, Max: 0.1, Diff: 0.1, Sum: 0.5]
      [GC Worker Total (ms): Min: 1.2, Avg: 1.5, Max: 1.6, Diff: 0.4, Sum: 9.0]
      [GC Worker End (ms): Min: 470161.6, Avg: 470161.7, Max: 470161.7, Diff: 0.1]
   [Code Root Fixup: 0.0 ms]
   [Code Root Purge: 0.0 ms]
   [Clear CT: 0.5 ms]
   [Other: 1.1 ms]
      [Choose CSet: 0.0 ms]
      [Ref Proc: 0.1 ms]
      [Ref Enq: 0.0 ms]
      [Redirty Cards: 0.1 ms]
      [Humongous Register: 0.1 ms]
      [Humongous Reclaim: 0.0 ms]
      [Free CSet: 0.7 ms]
   [Eden: 2444.0M(2444.0M)->0.0B(2448.0M) Survivors: 12288.0K->8192.0K Heap: 2476.4M(4096.0M)->29151.2K(4096.0M)]
 [Times: user=0.00 sys=0.00, real=0.00 secs] 
2024-10-12T19:00:19.872+0300: 470.163: Total time for which application threads were stopped: 0.0036594 seconds, Stopping threads took: 0.0001924 seconds
2024-10-12T19:00:20.658+0300: 470.944: Application time: 0.7809768 seconds
2024-10-12T19:00:20.658+0300: 470.945: [GC pause (G1 Evacuation Pause) (young), 0.0030504 secs]
   [Parallel Time: 1.6 ms, GC Workers: 6]
      [GC Worker Start (ms): Min: 470944.7, Avg: 470944.8, Max: 470945.1, Diff: 0.4]
      [Ext Root Scanning (ms): Min: 0.0, Avg: 0.3, Max: 0.4, Diff: 0.4, Sum: 1.8]
      [Update RS (ms): Min: 0.1, Avg: 0.1, Max: 0.1, Diff: 0.0, Sum: 0.6]
         [Processed Buffers: Min: 1, Avg: 2.2, Max: 3, Diff: 2, Sum: 13]
      [Scan RS (ms): Min: 0.1, Avg: 0.2, Max: 0.2, Diff: 0.0, Sum: 1.0]
      [Code Root Scanning (ms): Min: 0.0, Avg: 0.0, Max: 0.0, Diff: 0.0, Sum: 0.0]
      [Object Copy (ms): Min: 0.7, Avg: 0.7, Max: 0.8, Diff: 0.1, Sum: 4.5]
      [Termination (ms): Min: 0.0, Avg: 0.0, Max: 0.0, Diff: 0.0, Sum: 0.0]
         [Termination Attempts: Min: 1, Avg: 1.2, Max: 2, Diff: 1, Sum: 7]
      [GC Worker Other (ms): Min: 0.0, Avg: 0.1, Max: 0.1, Diff: 0.1, Sum: 0.5]
      [GC Worker Total (ms): Min: 1.1, Avg: 1.4, Max: 1.5, Diff: 0.4, Sum: 8.4]
      [GC Worker End (ms): Min: 470946.2, Avg: 470946.2, Max: 470946.2, Diff: 0.1]
   [Code Root Fixup: 0.0 ms]
   [Code Root Purge: 0.0 ms]
   [Clear CT: 0.5 ms]
   [Other: 1.0 ms]
      [Choose CSet: 0.0 ms]
      [Ref Proc: 0.1 ms]
      [Ref Enq: 0.0 ms]
      [Redirty Cards: 0.1 ms]
      [Humongous Register: 0.0 ms]
      [Humongous Reclaim: 0.0 ms]
      [Free CSet: 0.6 ms]
   [Eden: 2448.0M(2448.0M)->0.0B(2448.0M) Survivors: 8192.0K->8192.0K Heap: 2476.5M(4096.0M)->29153.7K(4096.0M)]
 [Times: user=0.00 sys=0.00, real=0.00 secs] 
2024-10-12T19:00:20.658+0300: 470.948: Total time for which application threads were stopped: 0.0034498 seconds, Stopping threads took: 0.0001814 seconds
2024-10-12T19:00:21.443+0300: 471.727: Application time: 0.7788147 seconds
2024-10-12T19:00:21.443+0300: 471.727: [GC pause (G1 Evacuation Pause) (young), 0.0036842 secs]
   [Parallel Time: 2.2 ms, GC Workers: 6]
      [GC Worker Start (ms): Min: 471727.1, Avg: 471727.1, Max: 471727.1, Diff: 0.1]
      [Ext Root Scanning (ms): Min: 0.3, Avg: 0.3, Max: 0.4, Diff: 0.1, Sum: 2.0]
      [Update RS (ms): Min: 0.1, Avg: 0.1, Max: 0.1, Diff: 0.1, Sum: 0.6]
         [Processed Buffers: Min: 2, Avg: 2.2, Max: 3, Diff: 1, Sum: 13]
      [Scan RS (ms): Min: 0.2, Avg: 0.2, Max: 0.2, Diff: 0.0, Sum: 1.0]
      [Code Root Scanning (ms): Min: 0.0, Avg: 0.0, Max: 0.0, Diff: 0.0, Sum: 0.0]
      [Object Copy (ms): Min: 1.3, Avg: 1.4, Max: 1.4, Diff: 0.1, Sum: 8.2]
      [Termination (ms): Min: 0.0, Avg: 0.0, Max: 0.0, Diff: 0.0, Sum: 0.0]
         [Termination Attempts: Min: 1, Avg: 1.0, Max: 1, Diff: 0, Sum: 6]
      [GC Worker Other (ms): Min: 0.0, Avg: 0.1, Max: 0.1, Diff: 0.1, Sum: 0.4]
      [GC Worker Total (ms): Min: 2.0, Avg: 2.0, Max: 2.1, Diff: 0.1, Sum: 12.3]
      [GC Worker End (ms): Min: 471729.1, Avg: 471729.1, Max: 471729.2, Diff: 0.1]
   [Code Root Fixup: 0.0 ms]
   [Code Root Purge: 0.0 ms]
   [Clear CT: 0.5 ms]
   [Other: 1.0 ms]
      [Choose CSet: 0.0 ms]
      [Ref Proc: 0.1 ms]
      [Ref Enq: 0.0 ms]
      [Redirty Cards: 0.1 ms]
      [Humongous Register: 0.0 ms]
      [Humongous Reclaim: 0.0 ms]
      [Free CSet: 0.7 ms]
   [Eden: 2448.0M(2448.0M)->0.0B(2444.0M) Survivors: 8192.0K->12288.0K Heap: 2476.5M(4096.0M)->32189.0K(4096.0M)]
 [Times: user=0.00 sys=0.00, real=0.00 secs] 
2024-10-12T19:00:21.443+0300: 471.731: Total time for which application threads were stopped: 0.0041747 seconds, Stopping threads took: 0.0002315 seconds
2024-10-12T19:00:22.228+0300: 472.510: Application time: 0.7795382 seconds
2024-10-12T19:00:22.228+0300: 472.511: [GC pause (G1 Evacuation Pause) (young), 0.0032834 secs]
   [Parallel Time: 1.6 ms, GC Workers: 6]
      [GC Worker Start (ms): Min: 472510.7, Avg: 472510.8, Max: 472510.8, Diff: 0.1]
      [Ext Root Scanning (ms): Min: 0.3, Avg: 0.3, Max: 0.3, Diff: 0.1, Sum: 1.9]
      [Update RS (ms): Min: 0.1, Avg: 0.1, Max: 0.1, Diff: 0.0, Sum: 0.6]
         [Processed Buffers: Min: 1, Avg: 2.2, Max: 4, Diff: 3, Sum: 13]
      [Scan RS (ms): Min: 0.1, Avg: 0.2, Max: 0.2, Diff: 0.0, Sum: 1.0]
      [Code Root Scanning (ms): Min: 0.0, Avg: 0.0, Max: 0.0, Diff: 0.0, Sum: 0.0]
      [Object Copy (ms): Min: 0.8, Avg: 0.8, Max: 0.8, Diff: 0.0, Sum: 4.8]
      [Termination (ms): Min: 0.0, Avg: 0.0, Max: 0.0, Diff: 0.0, Sum: 0.0]
         [Termination Attempts: Min: 1, Avg: 1.0, Max: 1, Diff: 0, Sum: 6]
      [GC Worker Other (ms): Min: 0.0, Avg: 0.1, Max: 0.2, Diff: 0.1, Sum: 0.7]
      [GC Worker Total (ms): Min: 1.4, Avg: 1.5, Max: 1.6, Diff: 0.1, Sum: 9.0]
      [GC Worker End (ms): Min: 472512.2, Avg: 472512.2, Max: 472512.3, Diff: 0.1]
   [Code Root Fixup: 0.0 ms]
   [Code Root Purge: 0.0 ms]
   [Clear CT: 0.5 ms]
   [Other: 1.1 ms]
      [Choose CSet: 0.0 ms]
      [Ref Proc: 0.1 ms]
      [Ref Enq: 0.0 ms]
      [Redirty Cards: 0.1 ms]
      [Humongous Register: 0.1 ms]
      [Humongous Reclaim: 0.0 ms]
      [Free CSet: 0.7 ms]
   [Eden: 2444.0M(2444.0M)->0.0B(2446.0M) Survivors: 12288.0K->10240.0K Heap: 2475.4M(4096.0M)->31206.7K(4096.0M)]
 [Times: user=0.00 sys=0.00, real=0.00 secs] 
2024-10-12T19:00:22.228+0300: 472.514: Total time for which application threads were stopped: 0.0036692 seconds, Stopping threads took: 0.0001396 seconds
2024-10-12T19:00:22.997+0300: 473.291: Application time: 0.7771253 seconds
2024-10-12T19:00:22.997+0300: 473.292: [GC pause (G1 Evacuation Pause) (young), 0.0036543 secs]
   [Parallel Time: 1.7 ms, GC Workers: 6]
      [GC Worker Start (ms): Min: 473291.6, Avg: 473291.7, Max: 473291.7, Diff: 0.0]
      [Ext Root Scanning (ms): Min: 0.3, Avg: 0.3, Max: 0.4, Diff: 0.1, Sum: 2.1]
      [Update RS (ms): Min: 0.0, Avg: 0.1, Max: 0.2, Diff: 0.2, Sum: 0.7]
         [Processed Buffers: Min: 0, Avg: 2.2, Max: 4, Diff: 4, Sum: 13]
      [Scan RS (ms): Min: 0.1, Avg: 0.2, Max: 0.2, Diff: 0.1, Sum: 1.1]
      [Code Root Scanning (ms): Min: 0.0, Avg: 0.0, Max: 0.0, Diff: 0.0, Sum: 0.0]
      [Object Copy (ms): Min: 0.8, Avg: 0.8, Max: 1.0, Diff: 0.2, Sum: 4.9]
      [Termination (ms): Min: 0.0, Avg: 0.0, Max: 0.0, Diff: 0.0, Sum: 0.0]
         [Termination Attempts: Min: 1, Avg: 1.0, Max: 1, Diff: 0, Sum: 6]
      [GC Worker Other (ms): Min: 0.0, Avg: 0.1, Max: 0.2, Diff: 0.1, Sum: 0.6]
      [GC Worker Total (ms): Min: 1.5, Avg: 1.6, Max: 1.6, Diff: 0.2, Sum: 9.4]
      [GC Worker End (ms): Min: 473293.2, Avg: 473293.2, Max: 473293.3, Diff: 0.1]
   [Code Root Fixup: 0.0 ms]
   [Code Root Purge: 0.0 ms]
   [Clear CT: 0.6 ms]
   [Other: 1.4 ms]
      [Choose CSet: 0.0 ms]
      [Ref Proc: 0.2 ms]
      [Ref Enq: 0.0 ms]
      [Redirty Cards: 0.1 ms]
      [Humongous Register: 0.1 ms]
      [Humongous Reclaim: 0.0 ms]
      [Free CSet: 0.8 ms]
   [Eden: 2446.0M(2446.0M)->0.0B(2448.0M) Survivors: 10240.0K->8192.0K Heap: 2476.5M(4096.0M)->29128.6K(4096.0M)]
 [Times: user=0.02 sys=0.00, real=0.02 secs] 
2024-10-12T19:00:23.016+0300: 473.295: Total time for which application threads were stopped: 0.0041675 seconds, Stopping threads took: 0.0002012 seconds
2024-10-12T19:00:23.783+0300: 474.070: Application time: 0.7748330 seconds
2024-10-12T19:00:23.783+0300: 474.070: [GC pause (G1 Evacuation Pause) (young), 0.0036132 secs]
   [Parallel Time: 2.1 ms, GC Workers: 6]
      [GC Worker Start (ms): Min: 474070.4, Avg: 474070.5, Max: 474070.5, Diff: 0.1]
      [Ext Root Scanning (ms): Min: 0.3, Avg: 0.3, Max: 0.4, Diff: 0.1, Sum: 2.0]
      [Update RS (ms): Min: 0.1, Avg: 0.1, Max: 0.1, Diff: 0.1, Sum: 0.6]
         [Processed Buffers: Min: 1, Avg: 2.2, Max: 4, Diff: 3, Sum: 13]
      [Scan RS (ms): Min: 0.2, Avg: 0.2, Max: 0.2, Diff: 0.1, Sum: 1.1]
      [Code Root Scanning (ms): Min: 0.0, Avg: 0.0, Max: 0.0, Diff: 0.0, Sum: 0.0]
      [Object Copy (ms): Min: 1.2, Avg: 1.3, Max: 1.3, Diff: 0.1, Sum: 7.5]
      [Termination (ms): Min: 0.0, Avg: 0.0, Max: 0.0, Diff: 0.0, Sum: 0.0]
         [Termination Attempts: Min: 1, Avg: 1.0, Max: 1, Diff: 0, Sum: 6]
      [GC Worker Other (ms): Min: 0.0, Avg: 0.1, Max: 0.1, Diff: 0.1, Sum: 0.5]
      [GC Worker Total (ms): Min: 1.9, Avg: 2.0, Max: 2.0, Diff: 0.1, Sum: 11.7]
      [GC Worker End (ms): Min: 474072.4, Avg: 474072.4, Max: 474072.5, Diff: 0.1]
   [Code Root Fixup: 0.0 ms]
   [Code Root Purge: 0.0 ms]
   [Clear CT: 0.5 ms]
   [Other: 1.0 ms]
      [Choose CSet: 0.0 ms]
      [Ref Proc: 0.1 ms]
      [Ref Enq: 0.0 ms]
      [Redirty Cards: 0.1 ms]
      [Humongous Register: 0.0 ms]
      [Humongous Reclaim: 0.0 ms]
      [Free CSet: 0.6 ms]
   [Eden: 2448.0M(2448.0M)->0.0B(2444.0M) Survivors: 8192.0K->12288.0K Heap: 2476.4M(4096.0M)->32152.1K(4096.0M)]
 [Times: user=0.00 sys=0.00, real=0.00 secs] 
2024-10-12T19:00:23.783+0300: 474.074: Total time for which application threads were stopped: 0.0039568 seconds, Stopping threads took: 0.0001196 seconds
2024-10-12T19:00:24.568+0300: 474.853: Application time: 0.7793875 seconds
2024-10-12T19:00:24.568+0300: 474.854: [GC pause (G1 Evacuation Pause) (young), 0.0031632 secs]
   [Parallel Time: 1.7 ms, GC Workers: 6]
      [GC Worker Start (ms): Min: 474853.8, Avg: 474853.8, Max: 474853.9, Diff: 0.1]
      [Ext Root Scanning (ms): Min: 0.3, Avg: 0.3, Max: 0.4, Diff: 0.1, Sum: 1.9]
      [Update RS (ms): Min: 0.1, Avg: 0.1, Max: 0.1, Diff: 0.1, Sum: 0.7]
         [Processed Buffers: Min: 1, Avg: 2.2, Max: 4, Diff: 3, Sum: 13]
      [Scan RS (ms): Min: 0.2, Avg: 0.2, Max: 0.2, Diff: 0.0, Sum: 1.1]
      [Code Root Scanning (ms): Min: 0.0, Avg: 0.0, Max: 0.0, Diff: 0.0, Sum: 0.0]
      [Object Copy (ms): Min: 0.8, Avg: 0.8, Max: 0.9, Diff: 0.0, Sum: 5.0]
      [Termination (ms): Min: 0.0, Avg: 0.0, Max: 0.0, Diff: 0.0, Sum: 0.0]
         [Termination Attempts: Min: 1, Avg: 1.0, Max: 1, Diff: 0, Sum: 6]
      [GC Worker Other (ms): Min: 0.0, Avg: 0.1, Max: 0.1, Diff: 0.1, Sum: 0.5]
      [GC Worker Total (ms): Min: 1.5, Avg: 1.6, Max: 1.6, Diff: 0.1, Sum: 9.3]
      [GC Worker End (ms): Min: 474855.3, Avg: 474855.4, Max: 474855.4, Diff: 0.1]
   [Code Root Fixup: 0.0 ms]
   [Code Root Purge: 0.0 ms]
   [Clear CT: 0.5 ms]
   [Other: 1.0 ms]
      [Choose CSet: 0.0 ms]
      [Ref Proc: 0.1 ms]
      [Ref Enq: 0.0 ms]
      [Redirty Cards: 0.1 ms]
      [Humongous Register: 0.0 ms]
      [Humongous Reclaim: 0.0 ms]
      [Free CSet: 0.6 ms]
   [Eden: 2444.0M(2444.0M)->0.0B(2448.0M) Survivors: 12288.0K->8192.0K Heap: 2475.4M(4096.0M)->29166.2K(4096.0M)]
 [Times: user=0.00 sys=0.00, real=0.00 secs] 
2024-10-12T19:00:24.568+0300: 474.857: Total time for which application threads were stopped: 0.0035069 seconds, Stopping threads took: 0.0001450 seconds
2024-10-12T19:00:25.352+0300: 475.642: Application time: 0.7848572 seconds
2024-10-12T19:00:25.352+0300: 475.642: [GC pause (G1 Evacuation Pause) (young), 0.0031870 secs]
   [Parallel Time: 1.4 ms, GC Workers: 6]
      [GC Worker Start (ms): Min: 475642.2, Avg: 475642.3, Max: 475642.3, Diff: 0.1]
      [Ext Root Scanning (ms): Min: 0.3, Avg: 0.3, Max: 0.3, Diff: 0.1, Sum: 1.9]
      [Update RS (ms): Min: 0.1, Avg: 0.1, Max: 0.1, Diff: 0.0, Sum: 0.6]
         [Processed Buffers: Min: 1, Avg: 2.2, Max: 3, Diff: 2, Sum: 13]
      [Scan RS (ms): Min: 0.1, Avg: 0.2, Max: 0.2, Diff: 0.1, Sum: 1.0]
      [Code Root Scanning (ms): Min: 0.0, Avg: 0.0, Max: 0.0, Diff: 0.0, Sum: 0.0]
      [Object Copy (ms): Min: 0.7, Avg: 0.7, Max: 0.7, Diff: 0.0, Sum: 4.2]
      [Termination (ms): Min: 0.0, Avg: 0.0, Max: 0.0, Diff: 0.0, Sum: 0.0]
         [Termination Attempts: Min: 1, Avg: 1.0, Max: 1, Diff: 0, Sum: 6]
      [GC Worker Other (ms): Min: 0.0, Avg: 0.0, Max: 0.1, Diff: 0.0, Sum: 0.3]
      [GC Worker Total (ms): Min: 1.3, Avg: 1.3, Max: 1.4, Diff: 0.1, Sum: 8.1]
      [GC Worker End (ms): Min: 475643.6, Avg: 475643.6, Max: 475643.6, Diff: 0.0]
   [Code Root Fixup: 0.0 ms]
   [Code Root Purge: 0.0 ms]
   [Clear CT: 0.5 ms]
   [Other: 1.2 ms]
      [Choose CSet: 0.0 ms]
      [Ref Proc: 0.2 ms]
      [Ref Enq: 0.0 ms]
      [Redirty Cards: 0.1 ms]
      [Humongous Register: 0.0 ms]
      [Humongous Reclaim: 0.0 ms]
      [Free CSet: 0.7 ms]
   [Eden: 2448.0M(2448.0M)->0.0B(2448.0M) Survivors: 8192.0K->8192.0K Heap: 2476.5M(4096.0M)->29142.7K(4096.0M)]
 [Times: user=0.00 sys=0.00, real=0.00 secs] 
2024-10-12T19:00:25.352+0300: 475.645: Total time for which application threads were stopped: 0.0035910 seconds, Stopping threads took: 0.0001477 seconds
2024-10-12T19:00:26.137+0300: 476.424: Application time: 0.7787798 seconds
2024-10-12T19:00:26.137+0300: 476.425: [GC pause (G1 Evacuation Pause) (young), 0.0030780 secs]
   [Parallel Time: 1.6 ms, GC Workers: 6]
      [GC Worker Start (ms): Min: 476424.6, Avg: 476424.6, Max: 476424.6, Diff: 0.1]
      [Ext Root Scanning (ms): Min: 0.3, Avg: 0.3, Max: 0.4, Diff: 0.1, Sum: 1.9]
      [Update RS (ms): Min: 0.1, Avg: 0.1, Max: 0.1, Diff: 0.0, Sum: 0.6]
         [Processed Buffers: Min: 1, Avg: 2.2, Max: 3, Diff: 2, Sum: 13]
      [Scan RS (ms): Min: 0.1, Avg: 0.2, Max: 0.2, Diff: 0.1, Sum: 1.0]
      [Code Root Scanning (ms): Min: 0.0, Avg: 0.0, Max: 0.0, Diff: 0.0, Sum: 0.0]
      [Object Copy (ms): Min: 0.8, Avg: 0.8, Max: 0.8, Diff: 0.0, Sum: 4.7]
      [Termination (ms): Min: 0.0, Avg: 0.0, Max: 0.0, Diff: 0.0, Sum: 0.0]
         [Termination Attempts: Min: 1, Avg: 1.0, Max: 1, Diff: 0, Sum: 6]
      [GC Worker Other (ms): Min: 0.0, Avg: 0.1, Max: 0.1, Diff: 0.1, Sum: 0.5]
      [GC Worker Total (ms): Min: 1.4, Avg: 1.5, Max: 1.5, Diff: 0.1, Sum: 8.8]
      [GC Worker End (ms): Min: 476426.0, Avg: 476426.1, Max: 476426.1, Diff: 0.1]
   [Code Root Fixup: 0.0 ms]
   [Code Root Purge: 0.0 ms]
   [Clear CT: 0.5 ms]
   [Other: 1.0 ms]
      [Choose CSet: 0.0 ms]
      [Ref Proc: 0.1 ms]
      [Ref Enq: 0.0 ms]
      [Redirty Cards: 0.1 ms]
      [Humongous Register: 0.0 ms]
      [Humongous Reclaim: 0.0 ms]
      [Free CSet: 0.6 ms]
   [Eden: 2448.0M(2448.0M)->0.0B(2448.0M) Survivors: 8192.0K->8192.0K Heap: 2476.5M(4096.0M)->29036.0K(4096.0M)]
 [Times: user=0.00 sys=0.00, real=0.00 secs] 
2024-10-12T19:00:26.137+0300: 476.428: Total time for which application threads were stopped: 0.0034771 seconds, Stopping threads took: 0.0001850 seconds
2024-10-12T19:00:26.906+0300: 477.197: Application time: 0.7696667 seconds
2024-10-12T19:00:26.906+0300: 477.198: [GC pause (G1 Evacuation Pause) (young), 0.0030760 secs]
   [Parallel Time: 1.6 ms, GC Workers: 6]
      [GC Worker Start (ms): Min: 477197.8, Avg: 477197.8, Max: 477197.8, Diff: 0.1]
      [Ext Root Scanning (ms): Min: 0.3, Avg: 0.3, Max: 0.4, Diff: 0.1, Sum: 2.0]
      [Update RS (ms): Min: 0.1, Avg: 0.1, Max: 0.1, Diff: 0.1, Sum: 0.6]
         [Processed Buffers: Min: 1, Avg: 2.2, Max: 3, Diff: 2, Sum: 13]
      [Scan RS (ms): Min: 0.1, Avg: 0.2, Max: 0.2, Diff: 0.0, Sum: 1.0]
      [Code Root Scanning (ms): Min: 0.0, Avg: 0.0, Max: 0.0, Diff: 0.0, Sum: 0.0]
      [Object Copy (ms): Min: 0.7, Avg: 0.7, Max: 0.8, Diff: 0.0, Sum: 4.4]
      [Termination (ms): Min: 0.0, Avg: 0.0, Max: 0.0, Diff: 0.0, Sum: 0.0]
         [Termination Attempts: Min: 1, Avg: 1.0, Max: 1, Diff: 0, Sum: 6]
      [GC Worker Other (ms): Min: 0.0, Avg: 0.1, Max: 0.1, Diff: 0.1, Sum: 0.5]
      [GC Worker Total (ms): Min: 1.4, Avg: 1.4, Max: 1.5, Diff: 0.1, Sum: 8.6]
      [GC Worker End (ms): Min: 477199.2, Avg: 477199.2, Max: 477199.3, Diff: 0.1]
   [Code Root Fixup: 0.0 ms]
   [Code Root Purge: 0.0 ms]
   [Clear CT: 0.5 ms]
   [Other: 1.0 ms]
      [Choose CSet: 0.0 ms]
      [Ref Proc: 0.1 ms]
      [Ref Enq: 0.0 ms]
      [Redirty Cards: 0.1 ms]
      [Humongous Register: 0.0 ms]
      [Humongous Reclaim: 0.0 ms]
      [Free CSet: 0.6 ms]
   [Eden: 2448.0M(2448.0M)->0.0B(2448.0M) Survivors: 8192.0K->8192.0K Heap: 2476.4M(4096.0M)->28087.8K(4096.0M)]
 [Times: user=0.00 sys=0.00, real=0.00 secs] 
2024-10-12T19:00:26.906+0300: 477.201: Total time for which application threads were stopped: 0.0034920 seconds, Stopping threads took: 0.0001747 seconds
2024-10-12T19:00:27.691+0300: 477.979: Application time: 0.7783668 seconds
2024-10-12T19:00:27.691+0300: 477.980: [GC pause (G1 Evacuation Pause) (young), 0.0033444 secs]
   [Parallel Time: 1.7 ms, GC Workers: 6]
      [GC Worker Start (ms): Min: 477979.7, Avg: 477979.7, Max: 477979.8, Diff: 0.1]
      [Ext Root Scanning (ms): Min: 0.3, Avg: 0.4, Max: 0.4, Diff: 0.1, Sum: 2.2]
      [Update RS (ms): Min: 0.1, Avg: 0.1, Max: 0.1, Diff: 0.1, Sum: 0.6]
         [Processed Buffers: Min: 1, Avg: 2.2, Max: 3, Diff: 2, Sum: 13]
      [Scan RS (ms): Min: 0.1, Avg: 0.2, Max: 0.2, Diff: 0.1, Sum: 1.0]
      [Code Root Scanning (ms): Min: 0.0, Avg: 0.0, Max: 0.0, Diff: 0.0, Sum: 0.0]
      [Object Copy (ms): Min: 0.7, Avg: 0.8, Max: 0.8, Diff: 0.1, Sum: 4.6]
      [Termination (ms): Min: 0.0, Avg: 0.0, Max: 0.0, Diff: 0.0, Sum: 0.0]
         [Termination Attempts: Min: 1, Avg: 1.2, Max: 2, Diff: 1, Sum: 7]
      [GC Worker Other (ms): Min: 0.0, Avg: 0.1, Max: 0.2, Diff: 0.2, Sum: 0.9]
      [GC Worker Total (ms): Min: 1.4, Avg: 1.6, Max: 1.6, Diff: 0.2, Sum: 9.4]
      [GC Worker End (ms): Min: 477981.2, Avg: 477981.3, Max: 477981.4, Diff: 0.2]
   [Code Root Fixup: 0.0 ms]
   [Code Root Purge: 0.0 ms]
   [Clear CT: 0.6 ms]
   [Other: 1.0 ms]
      [Choose CSet: 0.0 ms]
      [Ref Proc: 0.1 ms]
      [Ref Enq: 0.0 ms]
      [Redirty Cards: 0.1 ms]
      [Humongous Register: 0.0 ms]
      [Humongous Reclaim: 0.0 ms]
      [Free CSet: 0.7 ms]
   [Eden: 2448.0M(2448.0M)->0.0B(2446.0M) Survivors: 8192.0K->10240.0K Heap: 2475.4M(4096.0M)->30109.2K(4096.0M)]
 [Times: user=0.00 sys=0.00, real=0.00 secs] 
2024-10-12T19:00:27.691+0300: 477.983: Total time for which application threads were stopped: 0.0038356 seconds, Stopping threads took: 0.0002384 seconds
2024-10-12T19:00:28.476+0300: 478.762: Application time: 0.7792793 seconds
2024-10-12T19:00:28.476+0300: 478.763: [GC pause (G1 Evacuation Pause) (young), 0.0030960 secs]
   [Parallel Time: 1.5 ms, GC Workers: 6]
      [GC Worker Start (ms): Min: 478762.7, Avg: 478762.8, Max: 478763.0, Diff: 0.2]
      [Ext Root Scanning (ms): Min: 0.2, Avg: 0.3, Max: 0.4, Diff: 0.2, Sum: 1.9]
      [Update RS (ms): Min: 0.1, Avg: 0.1, Max: 0.1, Diff: 0.0, Sum: 0.6]
         [Processed Buffers: Min: 1, Avg: 2.2, Max: 3, Diff: 2, Sum: 13]
      [Scan RS (ms): Min: 0.1, Avg: 0.2, Max: 0.2, Diff: 0.0, Sum: 1.0]
      [Code Root Scanning (ms): Min: 0.0, Avg: 0.0, Max: 0.0, Diff: 0.0, Sum: 0.0]
      [Object Copy (ms): Min: 0.7, Avg: 0.7, Max: 0.7, Diff: 0.1, Sum: 4.3]
      [Termination (ms): Min: 0.0, Avg: 0.0, Max: 0.0, Diff: 0.0, Sum: 0.0]
         [Termination Attempts: Min: 1, Avg: 1.0, Max: 1, Diff: 0, Sum: 6]
      [GC Worker Other (ms): Min: 0.0, Avg: 0.1, Max: 0.1, Diff: 0.1, Sum: 0.5]
      [GC Worker Total (ms): Min: 1.2, Avg: 1.4, Max: 1.4, Diff: 0.2, Sum: 8.3]
      [GC Worker End (ms): Min: 478764.1, Avg: 478764.2, Max: 478764.2, Diff: 0.1]
   [Code Root Fixup: 0.0 ms]
   [Code Root Purge: 0.0 ms]
   [Clear CT: 0.5 ms]
   [Other: 1.0 ms]
      [Choose CSet: 0.0 ms]
      [Ref Proc: 0.1 ms]
      [Ref Enq: 0.0 ms]
      [Redirty Cards: 0.1 ms]
      [Humongous Register: 0.1 ms]
      [Humongous Reclaim: 0.0 ms]
      [Free CSet: 0.6 ms]
   [Eden: 2446.0M(2446.0M)->0.0B(2448.0M) Survivors: 10240.0K->8192.0K Heap: 2475.4M(4096.0M)->28066.5K(4096.0M)]
 [Times: user=0.00 sys=0.00, real=0.00 secs] 
2024-10-12T19:00:28.476+0300: 478.766: Total time for which application threads were stopped: 0.0035092 seconds, Stopping threads took: 0.0001533 seconds
2024-10-12T19:00:29.262+0300: 479.543: Application time: 0.7774650 seconds
2024-10-12T19:00:29.262+0300: 479.544: [GC pause (G1 Evacuation Pause) (young), 0.0033586 secs]
   [Parallel Time: 1.6 ms, GC Workers: 6]
      [GC Worker Start (ms): Min: 479543.7, Avg: 479543.7, Max: 479543.8, Diff: 0.0]
      [Ext Root Scanning (ms): Min: 0.3, Avg: 0.3, Max: 0.4, Diff: 0.0, Sum: 2.0]
      [Update RS (ms): Min: 0.1, Avg: 0.1, Max: 0.1, Diff: 0.0, Sum: 0.6]
         [Processed Buffers: Min: 1, Avg: 2.2, Max: 3, Diff: 2, Sum: 13]
      [Scan RS (ms): Min: 0.1, Avg: 0.2, Max: 0.2, Diff: 0.0, Sum: 1.0]
      [Code Root Scanning (ms): Min: 0.0, Avg: 0.0, Max: 0.0, Diff: 0.0, Sum: 0.0]
      [Object Copy (ms): Min: 0.7, Avg: 0.7, Max: 0.7, Diff: 0.0, Sum: 4.4]
      [Termination (ms): Min: 0.0, Avg: 0.0, Max: 0.0, Diff: 0.0, Sum: 0.0]
         [Termination Attempts: Min: 1, Avg: 1.0, Max: 1, Diff: 0, Sum: 6]
      [GC Worker Other (ms): Min: 0.0, Avg: 0.1, Max: 0.2, Diff: 0.2, Sum: 0.8]
      [GC Worker Total (ms): Min: 1.4, Avg: 1.5, Max: 1.5, Diff: 0.2, Sum: 8.8]
      [GC Worker End (ms): Min: 479545.1, Avg: 479545.2, Max: 479545.3, Diff: 0.2]
   [Code Root Fixup: 0.0 ms]
   [Code Root Purge: 0.0 ms]
   [Clear CT: 0.6 ms]
   [Other: 1.2 ms]
      [Choose CSet: 0.0 ms]
      [Ref Proc: 0.1 ms]
      [Ref Enq: 0.0 ms]
      [Redirty Cards: 0.1 ms]
      [Humongous Register: 0.0 ms]
      [Humongous Reclaim: 0.0 ms]
      [Free CSet: 0.7 ms]
   [Eden: 2448.0M(2448.0M)->0.0B(2446.0M) Survivors: 8192.0K->10240.0K Heap: 2475.4M(4096.0M)->31003.6K(4096.0M)]
 [Times: user=0.00 sys=0.00, real=0.00 secs] 
2024-10-12T19:00:29.262+0300: 479.547: Total time for which application threads were stopped: 0.0037636 seconds, Stopping threads took: 0.0001561 seconds
2024-10-12T19:00:30.033+0300: 480.323: Application time: 0.7755234 seconds
2024-10-12T19:00:30.033+0300: 480.323: [GC pause (G1 Evacuation Pause) (young), 0.0038096 secs]
   [Parallel Time: 2.2 ms, GC Workers: 6]
      [GC Worker Start (ms): Min: 480323.0, Avg: 480323.1, Max: 480323.1, Diff: 0.0]
      [Ext Root Scanning (ms): Min: 0.3, Avg: 0.3, Max: 0.3, Diff: 0.0, Sum: 1.9]
      [Update RS (ms): Min: 0.1, Avg: 0.1, Max: 0.1, Diff: 0.0, Sum: 0.6]
         [Processed Buffers: Min: 1, Avg: 2.2, Max: 4, Diff: 3, Sum: 13]
      [Scan RS (ms): Min: 0.1, Avg: 0.2, Max: 0.2, Diff: 0.0, Sum: 1.0]
      [Code Root Scanning (ms): Min: 0.0, Avg: 0.0, Max: 0.0, Diff: 0.0, Sum: 0.0]
      [Object Copy (ms): Min: 1.4, Avg: 1.4, Max: 1.4, Diff: 0.0, Sum: 8.4]
      [Termination (ms): Min: 0.0, Avg: 0.0, Max: 0.0, Diff: 0.0, Sum: 0.0]
         [Termination Attempts: Min: 1, Avg: 1.0, Max: 1, Diff: 0, Sum: 6]
      [GC Worker Other (ms): Min: 0.0, Avg: 0.1, Max: 0.1, Diff: 0.1, Sum: 0.5]
      [GC Worker Total (ms): Min: 2.0, Avg: 2.1, Max: 2.1, Diff: 0.1, Sum: 12.4]
      [GC Worker End (ms): Min: 480325.1, Avg: 480325.1, Max: 480325.2, Diff: 0.1]
   [Code Root Fixup: 0.0 ms]
   [Code Root Purge: 0.0 ms]
   [Clear CT: 0.5 ms]
   [Other: 1.1 ms]
      [Choose CSet: 0.0 ms]
      [Ref Proc: 0.1 ms]
      [Ref Enq: 0.0 ms]
      [Redirty Cards: 0.1 ms]
      [Humongous Register: 0.0 ms]
      [Humongous Reclaim: 0.0 ms]
      [Free CSet: 0.8 ms]
   [Eden: 2446.0M(2446.0M)->0.0B(2444.0M) Survivors: 10240.0K->12288.0K Heap: 2476.3M(4096.0M)->32164.1K(4096.0M)]
 [Times: user=0.00 sys=0.00, real=0.01 secs] 
2024-10-12T19:00:30.047+0300: 480.327: Total time for which application threads were stopped: 0.0042619 seconds, Stopping threads took: 0.0002182 seconds
2024-10-12T19:00:30.801+0300: 481.094: Application time: 0.7672574 seconds
2024-10-12T19:00:30.801+0300: 481.094: [GC pause (G1 Evacuation Pause) (young), 0.0038562 secs]
   [Parallel Time: 2.4 ms, GC Workers: 6]
      [GC Worker Start (ms): Min: 481094.6, Avg: 481094.7, Max: 481095.0, Diff: 0.4]
      [Ext Root Scanning (ms): Min: 0.0, Avg: 0.3, Max: 0.4, Diff: 0.4, Sum: 1.8]
      [Update RS (ms): Min: 0.1, Avg: 0.1, Max: 0.1, Diff: 0.1, Sum: 0.6]
         [Processed Buffers: Min: 1, Avg: 2.2, Max: 3, Diff: 2, Sum: 13]
      [Scan RS (ms): Min: 0.2, Avg: 0.2, Max: 0.2, Diff: 0.0, Sum: 1.1]
      [Code Root Scanning (ms): Min: 0.0, Avg: 0.0, Max: 0.0, Diff: 0.0, Sum: 0.0]
      [Object Copy (ms): Min: 1.5, Avg: 1.5, Max: 1.6, Diff: 0.1, Sum: 9.2]
      [Termination (ms): Min: 0.0, Avg: 0.0, Max: 0.0, Diff: 0.0, Sum: 0.0]
         [Termination Attempts: Min: 1, Avg: 1.0, Max: 1, Diff: 0, Sum: 6]
      [GC Worker Other (ms): Min: 0.0, Avg: 0.1, Max: 0.1, Diff: 0.1, Sum: 0.5]
      [GC Worker Total (ms): Min: 1.8, Avg: 2.2, Max: 2.3, Diff: 0.5, Sum: 13.2]
      [GC Worker End (ms): Min: 481096.8, Avg: 481096.9, Max: 481096.9, Diff: 0.1]
   [Code Root Fixup: 0.0 ms]
   [Code Root Purge: 0.0 ms]
   [Clear CT: 0.5 ms]
   [Other: 1.0 ms]
      [Choose CSet: 0.0 ms]
      [Ref Proc: 0.1 ms]
      [Ref Enq: 0.0 ms]
      [Redirty Cards: 0.1 ms]
      [Humongous Register: 0.0 ms]
      [Humongous Reclaim: 0.0 ms]
      [Free CSet: 0.6 ms]
   [Eden: 2444.0M(2444.0M)->0.0B(2444.0M) Survivors: 12288.0K->12288.0K Heap: 2475.4M(4096.0M)->32258.2K(4096.0M)]
 [Times: user=0.02 sys=0.00, real=0.01 secs] 
2024-10-12T19:00:30.816+0300: 481.098: Total time for which application threads were stopped: 0.0043146 seconds, Stopping threads took: 0.0002338 seconds
2024-10-12T19:00:31.586+0300: 481.875: Application time: 0.7767770 seconds
2024-10-12T19:00:31.586+0300: 481.876: [GC pause (G1 Evacuation Pause) (young), 0.0033213 secs]
   [Parallel Time: 1.7 ms, GC Workers: 6]
      [GC Worker Start (ms): Min: 481875.7, Avg: 481875.7, Max: 481875.7, Diff: 0.1]
      [Ext Root Scanning (ms): Min: 0.3, Avg: 0.3, Max: 0.4, Diff: 0.1, Sum: 2.1]
      [Update RS (ms): Min: 0.1, Avg: 0.1, Max: 0.1, Diff: 0.1, Sum: 0.6]
         [Processed Buffers: Min: 1, Avg: 2.2, Max: 4, Diff: 3, Sum: 13]
      [Scan RS (ms): Min: 0.2, Avg: 0.2, Max: 0.2, Diff: 0.0, Sum: 1.1]
      [Code Root Scanning (ms): Min: 0.0, Avg: 0.0, Max: 0.0, Diff: 0.0, Sum: 0.0]
      [Object Copy (ms): Min: 0.8, Avg: 0.9, Max: 0.9, Diff: 0.1, Sum: 5.2]
      [Termination (ms): Min: 0.0, Avg: 0.0, Max: 0.0, Diff: 0.0, Sum: 0.0]
         [Termination Attempts: Min: 1, Avg: 1.0, Max: 1, Diff: 0, Sum: 6]
      [GC Worker Other (ms): Min: 0.0, Avg: 0.1, Max: 0.1, Diff: 0.1, Sum: 0.5]
      [GC Worker Total (ms): Min: 1.5, Avg: 1.6, Max: 1.6, Diff: 0.1, Sum: 9.6]
      [GC Worker End (ms): Min: 481877.3, Avg: 481877.3, Max: 481877.3, Diff: 0.1]
   [Code Root Fixup: 0.0 ms]
   [Code Root Purge: 0.0 ms]
   [Clear CT: 0.5 ms]
   [Other: 1.1 ms]
      [Choose CSet: 0.0 ms]
      [Ref Proc: 0.1 ms]
      [Ref Enq: 0.0 ms]
      [Redirty Cards: 0.1 ms]
      [Humongous Register: 0.1 ms]
      [Humongous Reclaim: 0.0 ms]
      [Free CSet: 0.7 ms]
   [Eden: 2444.0M(2444.0M)->0.0B(2446.0M) Survivors: 12288.0K->10240.0K Heap: 2475.5M(4096.0M)->30212.7K(4096.0M)]
 [Times: user=0.00 sys=0.00, real=0.00 secs] 
2024-10-12T19:00:31.586+0300: 481.879: Total time for which application threads were stopped: 0.0037409 seconds, Stopping threads took: 0.0001821 seconds
2024-10-12T19:00:32.371+0300: 482.658: Application time: 0.7794894 seconds
2024-10-12T19:00:32.371+0300: 482.659: [GC pause (G1 Evacuation Pause) (young), 0.0038629 secs]
   [Parallel Time: 2.4 ms, GC Workers: 6]
      [GC Worker Start (ms): Min: 482658.9, Avg: 482659.0, Max: 482659.3, Diff: 0.4]
      [Ext Root Scanning (ms): Min: 0.0, Avg: 0.3, Max: 0.4, Diff: 0.4, Sum: 1.8]
      [Update RS (ms): Min: 0.0, Avg: 0.1, Max: 0.1, Diff: 0.1, Sum: 0.6]
         [Processed Buffers: Min: 0, Avg: 2.2, Max: 3, Diff: 3, Sum: 13]
      [Scan RS (ms): Min: 0.0, Avg: 0.2, Max: 0.2, Diff: 0.2, Sum: 1.1]
      [Code Root Scanning (ms): Min: 0.0, Avg: 0.0, Max: 0.0, Diff: 0.0, Sum: 0.0]
      [Object Copy (ms): Min: 1.4, Avg: 1.5, Max: 1.7, Diff: 0.3, Sum: 8.9]
      [Termination (ms): Min: 0.0, Avg: 0.0, Max: 0.0, Diff: 0.0, Sum: 0.0]
         [Termination Attempts: Min: 1, Avg: 1.0, Max: 1, Diff: 0, Sum: 6]
      [GC Worker Other (ms): Min: 0.0, Avg: 0.1, Max: 0.1, Diff: 0.1, Sum: 0.5]
      [GC Worker Total (ms): Min: 1.8, Avg: 2.2, Max: 2.3, Diff: 0.5, Sum: 12.9]
      [GC Worker End (ms): Min: 482661.1, Avg: 482661.1, Max: 482661.2, Diff: 0.1]
   [Code Root Fixup: 0.0 ms]
   [Code Root Purge: 0.0 ms]
   [Clear CT: 0.5 ms]
   [Other: 1.0 ms]
      [Choose CSet: 0.0 ms]
      [Ref Proc: 0.1 ms]
      [Ref Enq: 0.0 ms]
      [Redirty Cards: 0.1 ms]
      [Humongous Register: 0.0 ms]
      [Humongous Reclaim: 0.0 ms]
      [Free CSet: 0.7 ms]
   [Eden: 2446.0M(2446.0M)->0.0B(2444.0M) Survivors: 10240.0K->12288.0K Heap: 2475.5M(4096.0M)->33287.2K(4096.0M)]
 [Times: user=0.00 sys=0.00, real=0.00 secs] 
2024-10-12T19:00:32.371+0300: 482.663: Total time for which application threads were stopped: 0.0042745 seconds, Stopping threads took: 0.0001902 seconds
2024-10-12T19:00:33.156+0300: 483.439: Application time: 0.7757376 seconds
2024-10-12T19:00:33.156+0300: 483.439: [GC pause (G1 Evacuation Pause) (young), 0.0041202 secs]
   [Parallel Time: 2.4 ms, GC Workers: 6]
      [GC Worker Start (ms): Min: 483438.9, Avg: 483438.9, Max: 483438.9, Diff: 0.1]
      [Ext Root Scanning (ms): Min: 0.3, Avg: 0.3, Max: 0.4, Diff: 0.1, Sum: 1.9]
      [Update RS (ms): Min: 0.1, Avg: 0.1, Max: 0.1, Diff: 0.0, Sum: 0.6]
         [Processed Buffers: Min: 1, Avg: 2.2, Max: 4, Diff: 3, Sum: 13]
      [Scan RS (ms): Min: 0.1, Avg: 0.2, Max: 0.2, Diff: 0.1, Sum: 1.1]
      [Code Root Scanning (ms): Min: 0.0, Avg: 0.0, Max: 0.0, Diff: 0.0, Sum: 0.0]
      [Object Copy (ms): Min: 1.5, Avg: 1.5, Max: 1.6, Diff: 0.0, Sum: 9.2]
      [Termination (ms): Min: 0.0, Avg: 0.0, Max: 0.0, Diff: 0.0, Sum: 0.0]
         [Termination Attempts: Min: 1, Avg: 2.0, Max: 3, Diff: 2, Sum: 12]
      [GC Worker Other (ms): Min: 0.0, Avg: 0.1, Max: 0.2, Diff: 0.2, Sum: 0.8]
      [GC Worker Total (ms): Min: 2.1, Avg: 2.3, Max: 2.3, Diff: 0.2, Sum: 13.6]
      [GC Worker End (ms): Min: 483441.1, Avg: 483441.2, Max: 483441.3, Diff: 0.2]
   [Code Root Fixup: 0.0 ms]
   [Code Root Purge: 0.0 ms]
   [Clear CT: 0.6 ms]
   [Other: 1.1 ms]
      [Choose CSet: 0.0 ms]
      [Ref Proc: 0.2 ms]
      [Ref Enq: 0.0 ms]
      [Redirty Cards: 0.1 ms]
      [Humongous Register: 0.0 ms]
      [Humongous Reclaim: 0.0 ms]
      [Free CSet: 0.7 ms]
   [Eden: 2444.0M(2444.0M)->0.0B(2444.0M) Survivors: 12288.0K->12288.0K Heap: 2476.5M(4096.0M)->33289.7K(4096.0M)]
 [Times: user=0.00 sys=0.00, real=0.00 secs] 
2024-10-12T19:00:33.156+0300: 483.443: Total time for which application threads were stopped: 0.0045362 seconds, Stopping threads took: 0.0001839 seconds
2024-10-12T19:00:33.924+0300: 484.215: Application time: 0.7721079 seconds
2024-10-12T19:00:33.924+0300: 484.215: [GC pause (G1 Evacuation Pause) (young), 0.0031299 secs]
   [Parallel Time: 1.6 ms, GC Workers: 6]
      [GC Worker Start (ms): Min: 484215.5, Avg: 484215.5, Max: 484215.6, Diff: 0.1]
      [Ext Root Scanning (ms): Min: 0.3, Avg: 0.3, Max: 0.4, Diff: 0.1, Sum: 2.1]
      [Update RS (ms): Min: 0.1, Avg: 0.1, Max: 0.1, Diff: 0.0, Sum: 0.6]
         [Processed Buffers: Min: 1, Avg: 2.2, Max: 3, Diff: 2, Sum: 13]
      [Scan RS (ms): Min: 0.2, Avg: 0.2, Max: 0.2, Diff: 0.0, Sum: 1.1]
      [Code Root Scanning (ms): Min: 0.0, Avg: 0.0, Max: 0.0, Diff: 0.0, Sum: 0.0]
      [Object Copy (ms): Min: 0.8, Avg: 0.8, Max: 0.8, Diff: 0.1, Sum: 4.8]
      [Termination (ms): Min: 0.0, Avg: 0.0, Max: 0.0, Diff: 0.0, Sum: 0.0]
         [Termination Attempts: Min: 1, Avg: 1.0, Max: 1, Diff: 0, Sum: 6]
      [GC Worker Other (ms): Min: 0.0, Avg: 0.1, Max: 0.1, Diff: 0.1, Sum: 0.5]
      [GC Worker Total (ms): Min: 1.5, Avg: 1.5, Max: 1.6, Diff: 0.1, Sum: 9.1]
      [GC Worker End (ms): Min: 484217.0, Avg: 484217.1, Max: 484217.1, Diff: 0.1]
   [Code Root Fixup: 0.0 ms]
   [Code Root Purge: 0.0 ms]
   [Clear CT: 0.5 ms]
   [Other: 1.0 ms]
      [Choose CSet: 0.0 ms]
      [Ref Proc: 0.1 ms]
      [Ref Enq: 0.0 ms]
      [Redirty Cards: 0.1 ms]
      [Humongous Register: 0.1 ms]
      [Humongous Reclaim: 0.0 ms]
      [Free CSet: 0.6 ms]
   [Eden: 2444.0M(2444.0M)->0.0B(2448.0M) Survivors: 12288.0K->8192.0K Heap: 2476.5M(4096.0M)->29196.2K(4096.0M)]
 [Times: user=0.00 sys=0.00, real=0.00 secs] 
2024-10-12T19:00:33.924+0300: 484.219: Total time for which application threads were stopped: 0.0035118 seconds, Stopping threads took: 0.0001488 seconds
2024-10-12T19:00:34.709+0300: 485.002: Application time: 0.7837409 seconds
2024-10-12T19:00:34.709+0300: 485.003: [GC pause (G1 Evacuation Pause) (young), 0.0031615 secs]
   [Parallel Time: 1.7 ms, GC Workers: 6]
      [GC Worker Start (ms): Min: 485002.8, Avg: 485002.8, Max: 485002.8, Diff: 0.1]
      [Ext Root Scanning (ms): Min: 0.3, Avg: 0.3, Max: 0.4, Diff: 0.1, Sum: 2.0]
      [Update RS (ms): Min: 0.1, Avg: 0.1, Max: 0.1, Diff: 0.1, Sum: 0.6]
         [Processed Buffers: Min: 2, Avg: 2.2, Max: 3, Diff: 1, Sum: 13]
      [Scan RS (ms): Min: 0.2, Avg: 0.2, Max: 0.2, Diff: 0.0, Sum: 1.1]
      [Code Root Scanning (ms): Min: 0.0, Avg: 0.0, Max: 0.0, Diff: 0.0, Sum: 0.0]
      [Object Copy (ms): Min: 0.8, Avg: 0.8, Max: 0.9, Diff: 0.0, Sum: 5.0]
      [Termination (ms): Min: 0.0, Avg: 0.0, Max: 0.0, Diff: 0.0, Sum: 0.2]
         [Termination Attempts: Min: 1, Avg: 1.0, Max: 1, Diff: 0, Sum: 6]
      [GC Worker Other (ms): Min: 0.0, Avg: 0.1, Max: 0.1, Diff: 0.1, Sum: 0.4]
      [GC Worker Total (ms): Min: 1.5, Avg: 1.6, Max: 1.6, Diff: 0.1, Sum: 9.3]
      [GC Worker End (ms): Min: 485004.3, Avg: 485004.3, Max: 485004.4, Diff: 0.1]
   [Code Root Fixup: 0.0 ms]
   [Code Root Purge: 0.0 ms]
   [Clear CT: 0.5 ms]
   [Other: 1.0 ms]
      [Choose CSet: 0.0 ms]
      [Ref Proc: 0.1 ms]
      [Ref Enq: 0.0 ms]
      [Redirty Cards: 0.1 ms]
      [Humongous Register: 0.0 ms]
      [Humongous Reclaim: 0.0 ms]
      [Free CSet: 0.6 ms]
   [Eden: 2448.0M(2448.0M)->0.0B(2448.0M) Survivors: 8192.0K->8192.0K Heap: 2476.5M(4096.0M)->28174.7K(4096.0M)]
 [Times: user=0.02 sys=0.00, real=0.02 secs] 
2024-10-12T19:00:34.725+0300: 485.006: Total time for which application threads were stopped: 0.0035285 seconds, Stopping threads took: 0.0001467 seconds
2024-10-12T19:00:35.494+0300: 485.787: Application time: 0.7808087 seconds
2024-10-12T19:00:35.494+0300: 485.787: [GC pause (G1 Evacuation Pause) (young), 0.0032632 secs]
   [Parallel Time: 1.7 ms, GC Workers: 6]
      [GC Worker Start (ms): Min: 485787.2, Avg: 485787.2, Max: 485787.2, Diff: 0.1]
      [Ext Root Scanning (ms): Min: 0.3, Avg: 0.3, Max: 0.4, Diff: 0.1, Sum: 2.0]
      [Update RS (ms): Min: 0.1, Avg: 0.1, Max: 0.1, Diff: 0.0, Sum: 0.6]
         [Processed Buffers: Min: 1, Avg: 2.2, Max: 4, Diff: 3, Sum: 13]
      [Scan RS (ms): Min: 0.2, Avg: 0.2, Max: 0.2, Diff: 0.0, Sum: 1.0]
      [Code Root Scanning (ms): Min: 0.0, Avg: 0.0, Max: 0.0, Diff: 0.0, Sum: 0.0]
      [Object Copy (ms): Min: 0.9, Avg: 0.9, Max: 0.9, Diff: 0.0, Sum: 5.3]
      [Termination (ms): Min: 0.0, Avg: 0.0, Max: 0.1, Diff: 0.1, Sum: 0.2]
         [Termination Attempts: Min: 1, Avg: 1.0, Max: 1, Diff: 0, Sum: 6]
      [GC Worker Other (ms): Min: 0.0, Avg: 0.0, Max: 0.0, Diff: 0.0, Sum: 0.2]
      [GC Worker Total (ms): Min: 1.5, Avg: 1.6, Max: 1.6, Diff: 0.1, Sum: 9.3]
      [GC Worker End (ms): Min: 485788.7, Avg: 485788.8, Max: 485788.8, Diff: 0.0]
   [Code Root Fixup: 0.0 ms]
   [Code Root Purge: 0.0 ms]
   [Clear CT: 0.5 ms]
   [Other: 1.0 ms]
      [Choose CSet: 0.0 ms]
      [Ref Proc: 0.1 ms]
      [Ref Enq: 0.0 ms]
      [Redirty Cards: 0.1 ms]
      [Humongous Register: 0.0 ms]
      [Humongous Reclaim: 0.0 ms]
      [Free CSet: 0.6 ms]
   [Eden: 2448.0M(2448.0M)->0.0B(2446.0M) Survivors: 8192.0K->10240.0K Heap: 2475.5M(4096.0M)->31107.8K(4096.0M)]
 [Times: user=0.03 sys=0.00, real=0.02 secs] 
2024-10-12T19:00:35.509+0300: 485.790: Total time for which application threads were stopped: 0.0037195 seconds, Stopping threads took: 0.0001896 seconds
2024-10-12T19:00:36.279+0300: 486.568: Application time: 0.7780155 seconds
2024-10-12T19:00:36.279+0300: 486.569: [GC pause (G1 Evacuation Pause) (young), 0.0033606 secs]
   [Parallel Time: 1.7 ms, GC Workers: 6]
      [GC Worker Start (ms): Min: 486568.9, Avg: 486569.0, Max: 486569.0, Diff: 0.0]
      [Ext Root Scanning (ms): Min: 0.3, Avg: 0.3, Max: 0.4, Diff: 0.1, Sum: 1.9]
      [Update RS (ms): Min: 0.1, Avg: 0.1, Max: 0.1, Diff: 0.1, Sum: 0.6]
         [Processed Buffers: Min: 1, Avg: 2.2, Max: 4, Diff: 3, Sum: 13]
      [Scan RS (ms): Min: 0.1, Avg: 0.2, Max: 0.2, Diff: 0.1, Sum: 1.0]
      [Code Root Scanning (ms): Min: 0.0, Avg: 0.0, Max: 0.0, Diff: 0.0, Sum: 0.0]
      [Object Copy (ms): Min: 0.7, Avg: 0.7, Max: 0.8, Diff: 0.0, Sum: 4.5]
      [Termination (ms): Min: 0.0, Avg: 0.0, Max: 0.0, Diff: 0.0, Sum: 0.0]
         [Termination Attempts: Min: 1, Avg: 1.0, Max: 1, Diff: 0, Sum: 6]
      [GC Worker Other (ms): Min: 0.1, Avg: 0.2, Max: 0.3, Diff: 0.2, Sum: 1.0]
      [GC Worker Total (ms): Min: 1.4, Avg: 1.5, Max: 1.6, Diff: 0.2, Sum: 9.1]
      [GC Worker End (ms): Min: 486570.4, Avg: 486570.5, Max: 486570.6, Diff: 0.2]
   [Code Root Fixup: 0.0 ms]
   [Code Root Purge: 0.0 ms]
   [Clear CT: 0.5 ms]
   [Other: 1.2 ms]
      [Choose CSet: 0.0 ms]
      [Ref Proc: 0.1 ms]
      [Ref Enq: 0.0 ms]
      [Redirty Cards: 0.1 ms]
      [Humongous Register: 0.1 ms]
      [Humongous Reclaim: 0.0 ms]
      [Free CSet: 0.7 ms]
   [Eden: 2446.0M(2446.0M)->0.0B(2446.0M) Survivors: 10240.0K->10240.0K Heap: 2476.4M(4096.0M)->30201.0K(4096.0M)]
 [Times: user=0.00 sys=0.00, real=0.00 secs] 
2024-10-12T19:00:36.279+0300: 486.572: Total time for which application threads were stopped: 0.0038247 seconds, Stopping threads took: 0.0002222 seconds
2024-10-12T19:00:37.064+0300: 487.350: Application time: 0.7774666 seconds
2024-10-12T19:00:37.064+0300: 487.350: [GC pause (G1 Evacuation Pause) (young), 0.0033230 secs]
   [Parallel Time: 1.7 ms, GC Workers: 6]
      [GC Worker Start (ms): Min: 487350.3, Avg: 487350.3, Max: 487350.3, Diff: 0.0]
      [Ext Root Scanning (ms): Min: 0.3, Avg: 0.3, Max: 0.4, Diff: 0.1, Sum: 1.9]
      [Update RS (ms): Min: 0.1, Avg: 0.1, Max: 0.1, Diff: 0.0, Sum: 0.6]
         [Processed Buffers: Min: 1, Avg: 2.2, Max: 4, Diff: 3, Sum: 13]
      [Scan RS (ms): Min: 0.1, Avg: 0.2, Max: 0.2, Diff: 0.1, Sum: 1.0]
      [Code Root Scanning (ms): Min: 0.0, Avg: 0.0, Max: 0.0, Diff: 0.0, Sum: 0.0]
      [Object Copy (ms): Min: 0.7, Avg: 0.8, Max: 0.8, Diff: 0.1, Sum: 4.7]
      [Termination (ms): Min: 0.0, Avg: 0.0, Max: 0.0, Diff: 0.0, Sum: 0.0]
         [Termination Attempts: Min: 1, Avg: 1.0, Max: 1, Diff: 0, Sum: 6]
      [GC Worker Other (ms): Min: 0.0, Avg: 0.1, Max: 0.2, Diff: 0.1, Sum: 0.7]
      [GC Worker Total (ms): Min: 1.4, Avg: 1.5, Max: 1.6, Diff: 0.1, Sum: 9.0]
      [GC Worker End (ms): Min: 487351.7, Avg: 487351.8, Max: 487351.8, Diff: 0.1]
   [Code Root Fixup: 0.0 ms]
   [Code Root Purge: 0.0 ms]
   [Clear CT: 0.5 ms]
   [Other: 1.1 ms]
      [Choose CSet: 0.0 ms]
      [Ref Proc: 0.1 ms]
      [Ref Enq: 0.0 ms]
      [Redirty Cards: 0.1 ms]
      [Humongous Register: 0.1 ms]
      [Humongous Reclaim: 0.0 ms]
      [Free CSet: 0.7 ms]
   [Eden: 2446.0M(2446.0M)->0.0B(2446.0M) Survivors: 10240.0K->10240.0K Heap: 2475.5M(4096.0M)->30181.1K(4096.0M)]
 [Times: user=0.00 sys=0.00, real=0.00 secs] 
2024-10-12T19:00:37.064+0300: 487.354: Total time for which application threads were stopped: 0.0038299 seconds, Stopping threads took: 0.0002517 seconds
2024-10-12T19:00:37.834+0300: 488.125: Application time: 0.7711321 seconds
2024-10-12T19:00:37.834+0300: 488.125: [GC pause (G1 Evacuation Pause) (young), 0.0032359 secs]
   [Parallel Time: 1.7 ms, GC Workers: 6]
      [GC Worker Start (ms): Min: 488125.2, Avg: 488125.2, Max: 488125.2, Diff: 0.1]
      [Ext Root Scanning (ms): Min: 0.3, Avg: 0.4, Max: 0.4, Diff: 0.1, Sum: 2.1]
      [Update RS (ms): Min: 0.0, Avg: 0.1, Max: 0.1, Diff: 0.1, Sum: 0.6]
         [Processed Buffers: Min: 0, Avg: 2.2, Max: 4, Diff: 4, Sum: 13]
      [Scan RS (ms): Min: 0.0, Avg: 0.2, Max: 0.2, Diff: 0.2, Sum: 1.1]
      [Code Root Scanning (ms): Min: 0.0, Avg: 0.0, Max: 0.0, Diff: 0.0, Sum: 0.0]
      [Object Copy (ms): Min: 0.8, Avg: 0.9, Max: 1.1, Diff: 0.3, Sum: 5.2]
      [Termination (ms): Min: 0.0, Avg: 0.0, Max: 0.0, Diff: 0.0, Sum: 0.0]
         [Termination Attempts: Min: 1, Avg: 1.0, Max: 1, Diff: 0, Sum: 6]
      [GC Worker Other (ms): Min: 0.0, Avg: 0.1, Max: 0.1, Diff: 0.1, Sum: 0.5]
      [GC Worker Total (ms): Min: 1.6, Avg: 1.6, Max: 1.7, Diff: 0.1, Sum: 9.6]
      [GC Worker End (ms): Min: 488126.7, Avg: 488126.8, Max: 488126.8, Diff: 0.1]
   [Code Root Fixup: 0.0 ms]
   [Code Root Purge: 0.0 ms]
   [Clear CT: 0.5 ms]
   [Other: 1.0 ms]
      [Choose CSet: 0.0 ms]
      [Ref Proc: 0.1 ms]
      [Ref Enq: 0.0 ms]
      [Redirty Cards: 0.1 ms]
      [Humongous Register: 0.0 ms]
      [Humongous Reclaim: 0.0 ms]
      [Free CSet: 0.7 ms]
   [Eden: 2446.0M(2446.0M)->0.0B(2448.0M) Survivors: 10240.0K->8192.0K Heap: 2475.5M(4096.0M)->29049.8K(4096.0M)]
 [Times: user=0.00 sys=0.00, real=0.00 secs] 
2024-10-12T19:00:37.834+0300: 488.128: Total time for which application threads were stopped: 0.0036726 seconds, Stopping threads took: 0.0001959 seconds
2024-10-12T19:00:38.620+0300: 488.909: Application time: 0.7808756 seconds
2024-10-12T19:00:38.620+0300: 488.910: [GC pause (G1 Evacuation Pause) (young), 0.0033033 secs]
   [Parallel Time: 1.8 ms, GC Workers: 6]
      [GC Worker Start (ms): Min: 488909.7, Avg: 488909.7, Max: 488909.7, Diff: 0.1]
      [Ext Root Scanning (ms): Min: 0.3, Avg: 0.3, Max: 0.4, Diff: 0.1, Sum: 2.1]
      [Update RS (ms): Min: 0.0, Avg: 0.1, Max: 0.1, Diff: 0.1, Sum: 0.6]
         [Processed Buffers: Min: 0, Avg: 2.2, Max: 4, Diff: 4, Sum: 13]
      [Scan RS (ms): Min: 0.1, Avg: 0.2, Max: 0.2, Diff: 0.1, Sum: 1.0]
      [Code Root Scanning (ms): Min: 0.0, Avg: 0.0, Max: 0.0, Diff: 0.0, Sum: 0.0]
      [Object Copy (ms): Min: 0.8, Avg: 0.9, Max: 1.2, Diff: 0.4, Sum: 5.5]
      [Termination (ms): Min: 0.0, Avg: 0.1, Max: 0.2, Diff: 0.2, Sum: 0.7]
         [Termination Attempts: Min: 1, Avg: 1.8, Max: 3, Diff: 2, Sum: 11]
      [GC Worker Other (ms): Min: 0.0, Avg: 0.1, Max: 0.1, Diff: 0.1, Sum: 0.4]
      [GC Worker Total (ms): Min: 1.6, Avg: 1.7, Max: 1.8, Diff: 0.1, Sum: 10.3]
      [GC Worker End (ms): Min: 488911.4, Avg: 488911.4, Max: 488911.5, Diff: 0.1]
   [Code Root Fixup: 0.0 ms]
   [Code Root Purge: 0.0 ms]
   [Clear CT: 0.4 ms]
   [Other: 1.1 ms]
      [Choose CSet: 0.0 ms]
      [Ref Proc: 0.1 ms]
      [Ref Enq: 0.0 ms]
      [Redirty Cards: 0.1 ms]
      [Humongous Register: 0.1 ms]
      [Humongous Reclaim: 0.0 ms]
      [Free CSet: 0.7 ms]
   [Eden: 2448.0M(2448.0M)->0.0B(2444.0M) Survivors: 8192.0K->12288.0K Heap: 2476.4M(4096.0M)->32220.3K(4096.0M)]
 [Times: user=0.00 sys=0.00, real=0.00 secs] 
2024-10-12T19:00:38.620+0300: 488.913: Total time for which application threads were stopped: 0.0036706 seconds, Stopping threads took: 0.0001563 seconds
2024-10-12T19:00:39.405+0300: 489.690: Application time: 0.7774365 seconds
2024-10-12T19:00:39.405+0300: 489.691: [GC pause (G1 Evacuation Pause) (young), 0.0032064 secs]
   [Parallel Time: 1.6 ms, GC Workers: 6]
      [GC Worker Start (ms): Min: 489690.8, Avg: 489690.8, Max: 489690.9, Diff: 0.1]
      [Ext Root Scanning (ms): Min: 0.3, Avg: 0.3, Max: 0.4, Diff: 0.1, Sum: 1.9]
      [Update RS (ms): Min: 0.1, Avg: 0.1, Max: 0.1, Diff: 0.1, Sum: 0.6]
         [Processed Buffers: Min: 1, Avg: 2.0, Max: 3, Diff: 2, Sum: 12]
      [Scan RS (ms): Min: 0.2, Avg: 0.2, Max: 0.2, Diff: 0.0, Sum: 1.0]
      [Code Root Scanning (ms): Min: 0.0, Avg: 0.0, Max: 0.0, Diff: 0.0, Sum: 0.0]
      [Object Copy (ms): Min: 0.8, Avg: 0.8, Max: 0.8, Diff: 0.1, Sum: 4.9]
      [Termination (ms): Min: 0.0, Avg: 0.0, Max: 0.0, Diff: 0.0, Sum: 0.0]
         [Termination Attempts: Min: 1, Avg: 1.7, Max: 3, Diff: 2, Sum: 10]
      [GC Worker Other (ms): Min: 0.0, Avg: 0.1, Max: 0.1, Diff: 0.1, Sum: 0.5]
      [GC Worker Total (ms): Min: 1.4, Avg: 1.5, Max: 1.5, Diff: 0.1, Sum: 9.0]
      [GC Worker End (ms): Min: 489692.3, Avg: 489692.3, Max: 489692.4, Diff: 0.1]
   [Code Root Fixup: 0.0 ms]
   [Code Root Purge: 0.0 ms]
   [Clear CT: 0.5 ms]
   [Other: 1.1 ms]
      [Choose CSet: 0.0 ms]
      [Ref Proc: 0.1 ms]
      [Ref Enq: 0.0 ms]
      [Redirty Cards: 0.1 ms]
      [Humongous Register: 0.0 ms]
      [Humongous Reclaim: 0.0 ms]
      [Free CSet: 0.7 ms]
   [Eden: 2444.0M(2444.0M)->0.0B(2446.0M) Survivors: 12288.0K->10240.0K Heap: 2475.5M(4096.0M)->29802.5K(4096.0M)]
 [Times: user=0.00 sys=0.00, real=0.00 secs] 
2024-10-12T19:00:39.405+0300: 489.694: Total time for which application threads were stopped: 0.0036465 seconds, Stopping threads took: 0.0002080 seconds
2024-10-12T19:00:40.189+0300: 490.472: Application time: 0.7779055 seconds
2024-10-12T19:00:40.189+0300: 490.472: [GC pause (G1 Evacuation Pause) (young), 0.0033111 secs]
   [Parallel Time: 1.6 ms, GC Workers: 6]
      [GC Worker Start (ms): Min: 490472.3, Avg: 490472.4, Max: 490472.4, Diff: 0.1]
      [Ext Root Scanning (ms): Min: 0.3, Avg: 0.3, Max: 0.3, Diff: 0.1, Sum: 1.9]
      [Update RS (ms): Min: 0.1, Avg: 0.1, Max: 0.1, Diff: 0.1, Sum: 0.6]
         [Processed Buffers: Min: 1, Avg: 2.2, Max: 4, Diff: 3, Sum: 13]
      [Scan RS (ms): Min: 0.2, Avg: 0.2, Max: 0.2, Diff: 0.0, Sum: 1.0]
      [Code Root Scanning (ms): Min: 0.0, Avg: 0.0, Max: 0.0, Diff: 0.0, Sum: 0.0]
      [Object Copy (ms): Min: 0.8, Avg: 0.8, Max: 0.8, Diff: 0.1, Sum: 4.7]
      [Termination (ms): Min: 0.0, Avg: 0.0, Max: 0.0, Diff: 0.0, Sum: 0.0]
         [Termination Attempts: Min: 1, Avg: 1.8, Max: 4, Diff: 3, Sum: 11]
      [GC Worker Other (ms): Min: 0.0, Avg: 0.1, Max: 0.2, Diff: 0.2, Sum: 0.8]
      [GC Worker Total (ms): Min: 1.4, Avg: 1.5, Max: 1.6, Diff: 0.2, Sum: 9.1]
      [GC Worker End (ms): Min: 490473.8, Avg: 490473.9, Max: 490473.9, Diff: 0.1]
   [Code Root Fixup: 0.0 ms]
   [Code Root Purge: 0.0 ms]
   [Clear CT: 0.6 ms]
   [Other: 1.1 ms]
      [Choose CSet: 0.0 ms]
      [Ref Proc: 0.1 ms]
      [Ref Enq: 0.0 ms]
      [Redirty Cards: 0.1 ms]
      [Humongous Register: 0.1 ms]
      [Humongous Reclaim: 0.0 ms]
      [Free CSet: 0.6 ms]
   [Eden: 2446.0M(2446.0M)->0.0B(2446.0M) Survivors: 10240.0K->10240.0K Heap: 2475.1M(4096.0M)->30077.8K(4096.0M)]
 [Times: user=0.00 sys=0.00, real=0.00 secs] 
2024-10-12T19:00:40.189+0300: 490.476: Total time for which application threads were stopped: 0.0036871 seconds, Stopping threads took: 0.0001321 seconds
2024-10-12T19:00:40.960+0300: 491.251: Application time: 0.7753133 seconds
2024-10-12T19:00:40.960+0300: 491.251: [GC pause (G1 Evacuation Pause) (young), 0.0035404 secs]
   [Parallel Time: 1.6 ms, GC Workers: 6]
      [GC Worker Start (ms): Min: 491251.4, Avg: 491251.4, Max: 491251.4, Diff: 0.1]
      [Ext Root Scanning (ms): Min: 0.3, Avg: 0.3, Max: 0.4, Diff: 0.1, Sum: 2.0]
      [Update RS (ms): Min: 0.1, Avg: 0.1, Max: 0.1, Diff: 0.1, Sum: 0.6]
         [Processed Buffers: Min: 1, Avg: 2.2, Max: 3, Diff: 2, Sum: 13]
      [Scan RS (ms): Min: 0.1, Avg: 0.2, Max: 0.2, Diff: 0.0, Sum: 1.0]
      [Code Root Scanning (ms): Min: 0.0, Avg: 0.0, Max: 0.0, Diff: 0.0, Sum: 0.0]
      [Object Copy (ms): Min: 0.7, Avg: 0.7, Max: 0.8, Diff: 0.1, Sum: 4.3]
      [Termination (ms): Min: 0.0, Avg: 0.0, Max: 0.0, Diff: 0.0, Sum: 0.0]
         [Termination Attempts: Min: 1, Avg: 1.0, Max: 1, Diff: 0, Sum: 6]
      [GC Worker Other (ms): Min: 0.0, Avg: 0.1, Max: 0.2, Diff: 0.2, Sum: 0.5]
      [GC Worker Total (ms): Min: 1.3, Avg: 1.4, Max: 1.5, Diff: 0.2, Sum: 8.4]
      [GC Worker End (ms): Min: 491252.7, Avg: 491252.8, Max: 491252.9, Diff: 0.2]
   [Code Root Fixup: 0.0 ms]
   [Code Root Purge: 0.0 ms]
   [Clear CT: 0.4 ms]
   [Other: 1.5 ms]
      [Choose CSet: 0.0 ms]
      [Ref Proc: 0.2 ms]
      [Ref Enq: 0.0 ms]
      [Redirty Cards: 0.2 ms]
      [Humongous Register: 0.1 ms]
      [Humongous Reclaim: 0.0 ms]
      [Free CSet: 0.9 ms]
   [Eden: 2446.0M(2446.0M)->0.0B(2448.0M) Survivors: 10240.0K->8192.0K Heap: 2475.4M(4096.0M)->29019.4K(4096.0M)]
 [Times: user=0.02 sys=0.00, real=0.01 secs] 
2024-10-12T19:00:40.974+0300: 491.255: Total time for which application threads were stopped: 0.0039763 seconds, Stopping threads took: 0.0001463 seconds
2024-10-12T19:00:41.743+0300: 492.026: Application time: 0.7709326 seconds
2024-10-12T19:00:41.743+0300: 492.026: [GC pause (G1 Evacuation Pause) (young), 0.0037504 secs]
   [Parallel Time: 2.1 ms, GC Workers: 6]
      [GC Worker Start (ms): Min: 492026.2, Avg: 492026.3, Max: 492026.3, Diff: 0.1]
      [Ext Root Scanning (ms): Min: 0.3, Avg: 0.3, Max: 0.4, Diff: 0.1, Sum: 2.0]
      [Update RS (ms): Min: 0.1, Avg: 0.1, Max: 0.1, Diff: 0.1, Sum: 0.6]
         [Processed Buffers: Min: 1, Avg: 2.2, Max: 4, Diff: 3, Sum: 13]
      [Scan RS (ms): Min: 0.2, Avg: 0.2, Max: 0.2, Diff: 0.0, Sum: 1.0]
      [Code Root Scanning (ms): Min: 0.0, Avg: 0.0, Max: 0.0, Diff: 0.0, Sum: 0.0]
      [Object Copy (ms): Min: 1.3, Avg: 1.3, Max: 1.3, Diff: 0.0, Sum: 8.0]
      [Termination (ms): Min: 0.0, Avg: 0.0, Max: 0.0, Diff: 0.0, Sum: 0.0]
         [Termination Attempts: Min: 1, Avg: 1.0, Max: 1, Diff: 0, Sum: 6]
      [GC Worker Other (ms): Min: 0.0, Avg: 0.1, Max: 0.1, Diff: 0.1, Sum: 0.5]
      [GC Worker Total (ms): Min: 2.0, Avg: 2.0, Max: 2.1, Diff: 0.1, Sum: 12.1]
      [GC Worker End (ms): Min: 492028.2, Avg: 492028.3, Max: 492028.3, Diff: 0.1]
   [Code Root Fixup: 0.0 ms]
   [Code Root Purge: 0.0 ms]
   [Clear CT: 0.5 ms]
   [Other: 1.1 ms]
      [Choose CSet: 0.0 ms]
      [Ref Proc: 0.1 ms]
      [Ref Enq: 0.0 ms]
      [Redirty Cards: 0.1 ms]
      [Humongous Register: 0.0 ms]
      [Humongous Reclaim: 0.0 ms]
      [Free CSet: 0.7 ms]
   [Eden: 2448.0M(2448.0M)->0.0B(2444.0M) Survivors: 8192.0K->12288.0K Heap: 2476.3M(4096.0M)->33140.1K(4096.0M)]
 [Times: user=0.00 sys=0.00, real=0.00 secs] 
2024-10-12T19:00:41.743+0300: 492.030: Total time for which application threads were stopped: 0.0041174 seconds, Stopping threads took: 0.0001400 seconds
2024-10-12T19:00:42.512+0300: 492.807: Application time: 0.7767372 seconds
2024-10-12T19:00:42.528+0300: 492.807: [GC pause (G1 Evacuation Pause) (young), 0.0037269 secs]
   [Parallel Time: 2.2 ms, GC Workers: 6]
      [GC Worker Start (ms): Min: 492807.2, Avg: 492807.3, Max: 492807.3, Diff: 0.0]
      [Ext Root Scanning (ms): Min: 0.3, Avg: 0.3, Max: 0.3, Diff: 0.1, Sum: 1.9]
      [Update RS (ms): Min: 0.1, Avg: 0.1, Max: 0.1, Diff: 0.0, Sum: 0.6]
         [Processed Buffers: Min: 1, Avg: 2.2, Max: 3, Diff: 2, Sum: 13]
      [Scan RS (ms): Min: 0.1, Avg: 0.2, Max: 0.2, Diff: 0.1, Sum: 1.0]
      [Code Root Scanning (ms): Min: 0.0, Avg: 0.0, Max: 0.0, Diff: 0.0, Sum: 0.0]
      [Object Copy (ms): Min: 1.4, Avg: 1.4, Max: 1.5, Diff: 0.0, Sum: 8.6]
      [Termination (ms): Min: 0.0, Avg: 0.0, Max: 0.0, Diff: 0.0, Sum: 0.0]
         [Termination Attempts: Min: 1, Avg: 1.0, Max: 1, Diff: 0, Sum: 6]
      [GC Worker Other (ms): Min: 0.0, Avg: 0.1, Max: 0.1, Diff: 0.1, Sum: 0.4]
      [GC Worker Total (ms): Min: 2.0, Avg: 2.1, Max: 2.1, Diff: 0.1, Sum: 12.5]
      [GC Worker End (ms): Min: 492809.3, Avg: 492809.4, Max: 492809.4, Diff: 0.1]
   [Code Root Fixup: 0.0 ms]
   [Code Root Purge: 0.0 ms]
   [Clear CT: 0.5 ms]
   [Other: 1.0 ms]
      [Choose CSet: 0.0 ms]
      [Ref Proc: 0.1 ms]
      [Ref Enq: 0.0 ms]
      [Redirty Cards: 0.1 ms]
      [Humongous Register: 0.0 ms]
      [Humongous Reclaim: 0.0 ms]
      [Free CSet: 0.7 ms]
   [Eden: 2444.0M(2444.0M)->0.0B(2444.0M) Survivors: 12288.0K->12288.0K Heap: 2476.4M(4096.0M)->32295.7K(4096.0M)]
 [Times: user=0.00 sys=0.00, real=0.00 secs] 
2024-10-12T19:00:42.528+0300: 492.811: Total time for which application threads were stopped: 0.0042673 seconds, Stopping threads took: 0.0002968 seconds
2024-10-12T19:00:43.297+0300: 493.584: Application time: 0.7731517 seconds
2024-10-12T19:00:43.297+0300: 493.584: [GC pause (G1 Evacuation Pause) (young), 0.0040258 secs]
   [Parallel Time: 2.2 ms, GC Workers: 6]
      [GC Worker Start (ms): Min: 493584.6, Avg: 493584.6, Max: 493584.6, Diff: 0.1]
      [Ext Root Scanning (ms): Min: 0.3, Avg: 0.3, Max: 0.4, Diff: 0.1, Sum: 1.9]
      [Update RS (ms): Min: 0.1, Avg: 0.1, Max: 0.1, Diff: 0.0, Sum: 0.6]
         [Processed Buffers: Min: 1, Avg: 2.2, Max: 3, Diff: 2, Sum: 13]
      [Scan RS (ms): Min: 0.1, Avg: 0.2, Max: 0.2, Diff: 0.1, Sum: 1.0]
      [Code Root Scanning (ms): Min: 0.0, Avg: 0.0, Max: 0.0, Diff: 0.0, Sum: 0.0]
      [Object Copy (ms): Min: 1.4, Avg: 1.4, Max: 1.4, Diff: 0.0, Sum: 8.2]
      [Termination (ms): Min: 0.0, Avg: 0.0, Max: 0.0, Diff: 0.0, Sum: 0.0]
         [Termination Attempts: Min: 1, Avg: 1.0, Max: 1, Diff: 0, Sum: 6]
      [GC Worker Other (ms): Min: 0.0, Avg: 0.1, Max: 0.2, Diff: 0.1, Sum: 0.6]
      [GC Worker Total (ms): Min: 2.0, Avg: 2.1, Max: 2.1, Diff: 0.2, Sum: 12.3]
      [GC Worker End (ms): Min: 493586.6, Avg: 493586.6, Max: 493586.7, Diff: 0.1]
   [Code Root Fixup: 0.0 ms]
   [Code Root Purge: 0.0 ms]
   [Clear CT: 0.6 ms]
   [Other: 1.2 ms]
      [Choose CSet: 0.0 ms]
      [Ref Proc: 0.2 ms]
      [Ref Enq: 0.0 ms]
      [Redirty Cards: 0.1 ms]
      [Humongous Register: 0.1 ms]
      [Humongous Reclaim: 0.0 ms]
      [Free CSet: 0.7 ms]
   [Eden: 2444.0M(2444.0M)->0.0B(2444.0M) Survivors: 12288.0K->12288.0K Heap: 2475.5M(4096.0M)->33322.2K(4096.0M)]
 [Times: user=0.00 sys=0.00, real=0.00 secs] 
2024-10-12T19:00:43.297+0300: 493.589: Total time for which application threads were stopped: 0.0044146 seconds, Stopping threads took: 0.0001467 seconds
2024-10-12T19:00:44.082+0300: 494.366: Application time: 0.7771253 seconds
2024-10-12T19:00:44.082+0300: 494.366: [GC pause (G1 Evacuation Pause) (young), 0.0048184 secs]
   [Parallel Time: 3.0 ms, GC Workers: 6]
      [GC Worker Start (ms): Min: 494366.2, Avg: 494366.2, Max: 494366.2, Diff: 0.1]
      [Ext Root Scanning (ms): Min: 0.3, Avg: 0.3, Max: 0.4, Diff: 0.1, Sum: 1.9]
      [Update RS (ms): Min: 0.1, Avg: 0.1, Max: 0.1, Diff: 0.0, Sum: 0.6]
         [Processed Buffers: Min: 1, Avg: 2.2, Max: 3, Diff: 2, Sum: 13]
      [Scan RS (ms): Min: 0.1, Avg: 0.2, Max: 0.2, Diff: 0.1, Sum: 1.1]
      [Code Root Scanning (ms): Min: 0.0, Avg: 0.0, Max: 0.0, Diff: 0.0, Sum: 0.0]
      [Object Copy (ms): Min: 2.0, Avg: 2.0, Max: 2.0, Diff: 0.0, Sum: 12.1]
      [Termination (ms): Min: 0.0, Avg: 0.0, Max: 0.0, Diff: 0.0, Sum: 0.0]
         [Termination Attempts: Min: 1, Avg: 1.0, Max: 1, Diff: 0, Sum: 6]
      [GC Worker Other (ms): Min: 0.0, Avg: 0.1, Max: 0.2, Diff: 0.2, Sum: 0.8]
      [GC Worker Total (ms): Min: 2.7, Avg: 2.8, Max: 2.8, Diff: 0.2, Sum: 16.6]
      [GC Worker End (ms): Min: 494368.9, Avg: 494369.0, Max: 494369.1, Diff: 0.2]
   [Code Root Fixup: 0.0 ms]
   [Code Root Purge: 0.0 ms]
   [Clear CT: 0.5 ms]
   [Other: 1.3 ms]
      [Choose CSet: 0.0 ms]
      [Ref Proc: 0.2 ms]
      [Ref Enq: 0.0 ms]
      [Redirty Cards: 0.1 ms]
      [Humongous Register: 0.1 ms]
      [Humongous Reclaim: 0.0 ms]
      [Free CSet: 0.7 ms]
   [Eden: 2444.0M(2444.0M)->0.0B(2442.0M) Survivors: 12288.0K->14336.0K Heap: 2476.5M(4096.0M)->34348.7K(4096.0M)]
 [Times: user=0.00 sys=0.00, real=0.00 secs] 
2024-10-12T19:00:44.082+0300: 494.371: Total time for which application threads were stopped: 0.0053072 seconds, Stopping threads took: 0.0002135 seconds
2024-10-12T19:00:44.851+0300: 495.143: Application time: 0.7720573 seconds
2024-10-12T19:00:44.851+0300: 495.143: [GC pause (G1 Evacuation Pause) (young), 0.0044146 secs]
   [Parallel Time: 2.9 ms, GC Workers: 6]
      [GC Worker Start (ms): Min: 495143.4, Avg: 495143.5, Max: 495143.9, Diff: 0.5]
      [Ext Root Scanning (ms): Min: 0.0, Avg: 0.3, Max: 0.4, Diff: 0.4, Sum: 2.0]
      [Update RS (ms): Min: 0.0, Avg: 0.1, Max: 0.1, Diff: 0.1, Sum: 0.6]
         [Processed Buffers: Min: 0, Avg: 2.2, Max: 4, Diff: 4, Sum: 13]
      [Scan RS (ms): Min: 0.2, Avg: 0.2, Max: 0.2, Diff: 0.0, Sum: 1.2]
      [Code Root Scanning (ms): Min: 0.0, Avg: 0.0, Max: 0.0, Diff: 0.0, Sum: 0.0]
      [Object Copy (ms): Min: 1.9, Avg: 2.0, Max: 2.1, Diff: 0.2, Sum: 11.8]
      [Termination (ms): Min: 0.0, Avg: 0.0, Max: 0.0, Diff: 0.0, Sum: 0.2]
         [Termination Attempts: Min: 1, Avg: 1.0, Max: 1, Diff: 0, Sum: 6]
      [GC Worker Other (ms): Min: 0.0, Avg: 0.1, Max: 0.1, Diff: 0.1, Sum: 0.4]
      [GC Worker Total (ms): Min: 2.3, Avg: 2.7, Max: 2.8, Diff: 0.5, Sum: 16.2]
      [GC Worker End (ms): Min: 495146.2, Avg: 495146.2, Max: 495146.3, Diff: 0.1]
   [Code Root Fixup: 0.0 ms]
   [Code Root Purge: 0.0 ms]
   [Clear CT: 0.5 ms]
   [Other: 1.0 ms]
      [Choose CSet: 0.0 ms]
      [Ref Proc: 0.1 ms]
      [Ref Enq: 0.0 ms]
      [Redirty Cards: 0.1 ms]
      [Humongous Register: 0.0 ms]
      [Humongous Reclaim: 0.0 ms]
      [Free CSet: 0.6 ms]
   [Eden: 2442.0M(2442.0M)->0.0B(2444.0M) Survivors: 14336.0K->12288.0K Heap: 2475.5M(4096.0M)->33327.2K(4096.0M)]
 [Times: user=0.02 sys=0.00, real=0.02 secs] 
2024-10-12T19:00:44.867+0300: 495.148: Total time for which application threads were stopped: 0.0048051 seconds, Stopping threads took: 0.0001614 seconds
2024-10-12T19:00:45.636+0300: 495.930: Application time: 0.7822732 seconds
2024-10-12T19:00:45.636+0300: 495.930: [GC pause (G1 Evacuation Pause) (young), 0.0031357 secs]
   [Parallel Time: 1.6 ms, GC Workers: 6]
      [GC Worker Start (ms): Min: 495930.6, Avg: 495930.6, Max: 495930.6, Diff: 0.1]
      [Ext Root Scanning (ms): Min: 0.3, Avg: 0.3, Max: 0.4, Diff: 0.1, Sum: 2.0]
      [Update RS (ms): Min: 0.1, Avg: 0.1, Max: 0.1, Diff: 0.1, Sum: 0.7]
         [Processed Buffers: Min: 1, Avg: 2.2, Max: 4, Diff: 3, Sum: 13]
      [Scan RS (ms): Min: 0.2, Avg: 0.2, Max: 0.2, Diff: 0.0, Sum: 1.3]
      [Code Root Scanning (ms): Min: 0.0, Avg: 0.0, Max: 0.0, Diff: 0.0, Sum: 0.0]
      [Object Copy (ms): Min: 0.8, Avg: 0.8, Max: 0.8, Diff: 0.1, Sum: 4.7]
      [Termination (ms): Min: 0.0, Avg: 0.0, Max: 0.0, Diff: 0.0, Sum: 0.0]
         [Termination Attempts: Min: 1, Avg: 1.5, Max: 2, Diff: 1, Sum: 9]
      [GC Worker Other (ms): Min: 0.0, Avg: 0.1, Max: 0.1, Diff: 0.1, Sum: 0.6]
      [GC Worker Total (ms): Min: 1.5, Avg: 1.5, Max: 1.6, Diff: 0.1, Sum: 9.3]
      [GC Worker End (ms): Min: 495932.1, Avg: 495932.1, Max: 495932.2, Diff: 0.1]
   [Code Root Fixup: 0.0 ms]
   [Code Root Purge: 0.0 ms]
   [Clear CT: 0.5 ms]
   [Other: 1.0 ms]
      [Choose CSet: 0.0 ms]
      [Ref Proc: 0.1 ms]
      [Ref Enq: 0.0 ms]
      [Redirty Cards: 0.1 ms]
      [Humongous Register: 0.0 ms]
      [Humongous Reclaim: 0.0 ms]
      [Free CSet: 0.6 ms]
   [Eden: 2444.0M(2444.0M)->0.0B(2448.0M) Survivors: 12288.0K->8192.0K Heap: 2476.5M(4096.0M)->28209.7K(4096.0M)]
 [Times: user=0.02 sys=0.00, real=0.02 secs] 
2024-10-12T19:00:45.652+0300: 495.934: Total time for which application threads were stopped: 0.0035672 seconds, Stopping threads took: 0.0002085 seconds
2024-10-12T19:00:46.422+0300: 496.714: Application time: 0.7798080 seconds
2024-10-12T19:00:46.422+0300: 496.714: [GC pause (G1 Evacuation Pause) (young), 0.0036078 secs]
   [Parallel Time: 1.6 ms, GC Workers: 6]
      [GC Worker Start (ms): Min: 496714.0, Avg: 496714.0, Max: 496714.1, Diff: 0.1]
      [Ext Root Scanning (ms): Min: 0.3, Avg: 0.3, Max: 0.4, Diff: 0.1, Sum: 1.9]
      [Update RS (ms): Min: 0.1, Avg: 0.1, Max: 0.1, Diff: 0.0, Sum: 0.6]
         [Processed Buffers: Min: 1, Avg: 2.2, Max: 3, Diff: 2, Sum: 13]
      [Scan RS (ms): Min: 0.1, Avg: 0.2, Max: 0.2, Diff: 0.0, Sum: 1.0]
      [Code Root Scanning (ms): Min: 0.0, Avg: 0.0, Max: 0.0, Diff: 0.0, Sum: 0.0]
      [Object Copy (ms): Min: 0.7, Avg: 0.7, Max: 0.8, Diff: 0.0, Sum: 4.5]
      [Termination (ms): Min: 0.0, Avg: 0.0, Max: 0.0, Diff: 0.0, Sum: 0.0]
         [Termination Attempts: Min: 1, Avg: 1.2, Max: 2, Diff: 1, Sum: 7]
      [GC Worker Other (ms): Min: 0.1, Avg: 0.2, Max: 0.2, Diff: 0.2, Sum: 0.9]
      [GC Worker Total (ms): Min: 1.4, Avg: 1.5, Max: 1.6, Diff: 0.2, Sum: 9.0]
      [GC Worker End (ms): Min: 496715.4, Avg: 496715.5, Max: 496715.6, Diff: 0.2]
   [Code Root Fixup: 0.0 ms]
   [Code Root Purge: 0.0 ms]
   [Clear CT: 0.5 ms]
   [Other: 1.4 ms]
      [Choose CSet: 0.0 ms]
      [Ref Proc: 0.1 ms]
      [Ref Enq: 0.0 ms]
      [Redirty Cards: 0.1 ms]
      [Humongous Register: 0.1 ms]
      [Humongous Reclaim: 0.0 ms]
      [Free CSet: 1.0 ms]
   [Eden: 2448.0M(2448.0M)->0.0B(2448.0M) Survivors: 8192.0K->8192.0K Heap: 2475.5M(4096.0M)->29236.2K(4096.0M)]
 [Times: user=0.00 sys=0.00, real=0.02 secs] 
2024-10-12T19:00:46.438+0300: 496.718: Total time for which application threads were stopped: 0.0040563 seconds, Stopping threads took: 0.0001792 seconds
2024-10-12T19:00:47.208+0300: 497.499: Application time: 0.7815251 seconds
2024-10-12T19:00:47.208+0300: 497.499: [GC pause (G1 Evacuation Pause) (young), 0.0033998 secs]
   [Parallel Time: 1.7 ms, GC Workers: 6]
      [GC Worker Start (ms): Min: 497499.6, Avg: 497499.6, Max: 497499.8, Diff: 0.2]
      [Ext Root Scanning (ms): Min: 0.1, Avg: 0.3, Max: 0.4, Diff: 0.2, Sum: 1.8]
      [Update RS (ms): Min: 0.1, Avg: 0.1, Max: 0.1, Diff: 0.1, Sum: 0.6]
         [Processed Buffers: Min: 1, Avg: 2.2, Max: 3, Diff: 2, Sum: 13]
      [Scan RS (ms): Min: 0.2, Avg: 0.2, Max: 0.2, Diff: 0.0, Sum: 1.0]
      [Code Root Scanning (ms): Min: 0.0, Avg: 0.0, Max: 0.0, Diff: 0.0, Sum: 0.0]
      [Object Copy (ms): Min: 0.7, Avg: 0.8, Max: 0.8, Diff: 0.1, Sum: 4.7]
      [Termination (ms): Min: 0.0, Avg: 0.0, Max: 0.0, Diff: 0.0, Sum: 0.0]
         [Termination Attempts: Min: 1, Avg: 1.8, Max: 2, Diff: 1, Sum: 11]
      [GC Worker Other (ms): Min: 0.0, Avg: 0.1, Max: 0.2, Diff: 0.1, Sum: 0.7]
      [GC Worker Total (ms): Min: 1.4, Avg: 1.5, Max: 1.6, Diff: 0.2, Sum: 8.8]
      [GC Worker End (ms): Min: 497501.0, Avg: 497501.1, Max: 497501.2, Diff: 0.2]
   [Code Root Fixup: 0.0 ms]
   [Code Root Purge: 0.0 ms]
   [Clear CT: 0.5 ms]
   [Other: 1.2 ms]
      [Choose CSet: 0.0 ms]
      [Ref Proc: 0.1 ms]
      [Ref Enq: 0.0 ms]
      [Redirty Cards: 0.1 ms]
      [Humongous Register: 0.1 ms]
      [Humongous Reclaim: 0.0 ms]
      [Free CSet: 0.7 ms]
   [Eden: 2448.0M(2448.0M)->0.0B(2446.0M) Survivors: 8192.0K->10240.0K Heap: 2476.6M(4096.0M)->30218.7K(4096.0M)]
 [Times: user=0.00 sys=0.00, real=0.02 secs] 
2024-10-12T19:00:47.223+0300: 497.503: Total time for which application threads were stopped: 0.0038465 seconds, Stopping threads took: 0.0001896 seconds
2024-10-12T19:00:47.993+0300: 498.280: Application time: 0.7766862 seconds
2024-10-12T19:00:47.993+0300: 498.280: [GC pause (G1 Evacuation Pause) (young), 0.0037179 secs]
   [Parallel Time: 1.6 ms, GC Workers: 6]
      [GC Worker Start (ms): Min: 498280.1, Avg: 498280.2, Max: 498280.5, Diff: 0.4]
      [Ext Root Scanning (ms): Min: 0.0, Avg: 0.3, Max: 0.4, Diff: 0.4, Sum: 1.8]
      [Update RS (ms): Min: 0.1, Avg: 0.1, Max: 0.1, Diff: 0.1, Sum: 0.6]
         [Processed Buffers: Min: 1, Avg: 2.2, Max: 3, Diff: 2, Sum: 13]
      [Scan RS (ms): Min: 0.2, Avg: 0.2, Max: 0.2, Diff: 0.0, Sum: 1.0]
      [Code Root Scanning (ms): Min: 0.0, Avg: 0.0, Max: 0.0, Diff: 0.0, Sum: 0.0]
      [Object Copy (ms): Min: 0.7, Avg: 0.8, Max: 0.8, Diff: 0.1, Sum: 4.5]
      [Termination (ms): Min: 0.0, Avg: 0.0, Max: 0.0, Diff: 0.0, Sum: 0.0]
         [Termination Attempts: Min: 1, Avg: 2.0, Max: 3, Diff: 2, Sum: 12]
      [GC Worker Other (ms): Min: 0.0, Avg: 0.1, Max: 0.1, Diff: 0.1, Sum: 0.6]
      [GC Worker Total (ms): Min: 1.1, Avg: 1.4, Max: 1.6, Diff: 0.4, Sum: 8.6]
      [GC Worker End (ms): Min: 498281.6, Avg: 498281.6, Max: 498281.7, Diff: 0.1]
   [Code Root Fixup: 0.0 ms]
   [Code Root Purge: 0.0 ms]
   [Clear CT: 0.6 ms]
   [Other: 1.5 ms]
      [Choose CSet: 0.0 ms]
      [Ref Proc: 0.2 ms]
      [Ref Enq: 0.0 ms]
      [Redirty Cards: 0.1 ms]
      [Humongous Register: 0.1 ms]
      [Humongous Reclaim: 0.0 ms]
      [Free CSet: 1.0 ms]
   [Eden: 2446.0M(2446.0M)->0.0B(2448.0M) Survivors: 10240.0K->8192.0K Heap: 2475.5M(4096.0M)->29098.1K(4096.0M)]
 [Times: user=0.00 sys=0.00, real=0.01 secs] 
2024-10-12T19:00:48.005+0300: 498.284: Total time for which application threads were stopped: 0.0042547 seconds, Stopping threads took: 0.0002033 seconds
2024-10-12T19:00:48.779+0300: 499.060: Application time: 0.7756064 seconds
2024-10-12T19:00:48.779+0300: 499.060: [GC pause (G1 Evacuation Pause) (young), 0.0031726 secs]
   [Parallel Time: 1.7 ms, GC Workers: 6]
      [GC Worker Start (ms): Min: 499059.9, Avg: 499060.0, Max: 499060.3, Diff: 0.3]
      [Ext Root Scanning (ms): Min: 0.1, Avg: 0.3, Max: 0.4, Diff: 0.3, Sum: 1.9]
      [Update RS (ms): Min: 0.1, Avg: 0.1, Max: 0.1, Diff: 0.0, Sum: 0.6]
         [Processed Buffers: Min: 1, Avg: 2.2, Max: 4, Diff: 3, Sum: 13]
      [Scan RS (ms): Min: 0.1, Avg: 0.2, Max: 0.2, Diff: 0.1, Sum: 1.0]
      [Code Root Scanning (ms): Min: 0.0, Avg: 0.0, Max: 0.0, Diff: 0.0, Sum: 0.0]
      [Object Copy (ms): Min: 0.8, Avg: 0.8, Max: 0.8, Diff: 0.1, Sum: 4.9]
      [Termination (ms): Min: 0.0, Avg: 0.0, Max: 0.0, Diff: 0.0, Sum: 0.0]
         [Termination Attempts: Min: 1, Avg: 1.0, Max: 1, Diff: 0, Sum: 6]
      [GC Worker Other (ms): Min: 0.0, Avg: 0.1, Max: 0.2, Diff: 0.1, Sum: 0.6]
      [GC Worker Total (ms): Min: 1.3, Avg: 1.5, Max: 1.6, Diff: 0.3, Sum: 9.0]
      [GC Worker End (ms): Min: 499061.5, Avg: 499061.5, Max: 499061.6, Diff: 0.1]
   [Code Root Fixup: 0.0 ms]
   [Code Root Purge: 0.0 ms]
   [Clear CT: 0.5 ms]
   [Other: 1.0 ms]
      [Choose CSet: 0.0 ms]
      [Ref Proc: 0.1 ms]
      [Ref Enq: 0.0 ms]
      [Redirty Cards: 0.1 ms]
      [Humongous Register: 0.0 ms]
      [Humongous Reclaim: 0.0 ms]
      [Free CSet: 0.6 ms]
   [Eden: 2448.0M(2448.0M)->0.0B(2446.0M) Survivors: 8192.0K->10240.0K Heap: 2476.4M(4096.0M)->31088.0K(4096.0M)]
 [Times: user=0.00 sys=0.00, real=0.00 secs] 
2024-10-12T19:00:48.784+0300: 499.063: Total time for which application threads were stopped: 0.0036093 seconds, Stopping threads took: 0.0001902 seconds
2024-10-12T19:00:49.547+0300: 499.841: Application time: 0.7774742 seconds
2024-10-12T19:00:49.547+0300: 499.841: [GC pause (G1 Evacuation Pause) (young), 0.0033860 secs]
   [Parallel Time: 1.7 ms, GC Workers: 6]
      [GC Worker Start (ms): Min: 499841.1, Avg: 499841.1, Max: 499841.2, Diff: 0.1]
      [Ext Root Scanning (ms): Min: 0.3, Avg: 0.3, Max: 0.4, Diff: 0.1, Sum: 2.0]
      [Update RS (ms): Min: 0.0, Avg: 0.1, Max: 0.2, Diff: 0.2, Sum: 0.9]
         [Processed Buffers: Min: 0, Avg: 2.2, Max: 4, Diff: 4, Sum: 13]
      [Scan RS (ms): Min: 0.1, Avg: 0.2, Max: 0.2, Diff: 0.1, Sum: 1.1]
      [Code Root Scanning (ms): Min: 0.0, Avg: 0.0, Max: 0.0, Diff: 0.0, Sum: 0.0]
      [Object Copy (ms): Min: 0.8, Avg: 0.8, Max: 1.0, Diff: 0.2, Sum: 4.9]
      [Termination (ms): Min: 0.0, Avg: 0.0, Max: 0.0, Diff: 0.0, Sum: 0.0]
         [Termination Attempts: Min: 1, Avg: 1.5, Max: 2, Diff: 1, Sum: 9]
      [GC Worker Other (ms): Min: 0.0, Avg: 0.1, Max: 0.1, Diff: 0.1, Sum: 0.6]
      [GC Worker Total (ms): Min: 1.5, Avg: 1.6, Max: 1.6, Diff: 0.1, Sum: 9.4]
      [GC Worker End (ms): Min: 499842.6, Avg: 499842.7, Max: 499842.8, Diff: 0.1]
   [Code Root Fixup: 0.0 ms]
   [Code Root Purge: 0.0 ms]
   [Clear CT: 0.6 ms]
   [Other: 1.1 ms]
      [Choose CSet: 0.0 ms]
      [Ref Proc: 0.1 ms]
      [Ref Enq: 0.0 ms]
      [Redirty Cards: 0.1 ms]
      [Humongous Register: 0.1 ms]
      [Humongous Reclaim: 0.0 ms]
      [Free CSet: 0.7 ms]
   [Eden: 2446.0M(2446.0M)->0.0B(2446.0M) Survivors: 10240.0K->10240.0K Heap: 2476.4M(4096.0M)->31118.9K(4096.0M)]
 [Times: user=0.02 sys=0.00, real=0.02 secs] 
2024-10-12T19:00:49.562+0300: 499.845: Total time for which application threads were stopped: 0.0038733 seconds, Stopping threads took: 0.0002413 seconds
2024-10-12T19:00:50.332+0300: 500.624: Application time: 0.7799135 seconds
2024-10-12T19:00:50.332+0300: 500.625: [GC pause (G1 Evacuation Pause) (young), 0.0035530 secs]
   [Parallel Time: 1.8 ms, GC Workers: 6]
      [GC Worker Start (ms): Min: 500624.9, Avg: 500625.0, Max: 500625.2, Diff: 0.2]
      [Ext Root Scanning (ms): Min: 0.2, Avg: 0.3, Max: 0.4, Diff: 0.2, Sum: 1.9]
      [Update RS (ms): Min: 0.1, Avg: 0.1, Max: 0.1, Diff: 0.1, Sum: 0.6]
         [Processed Buffers: Min: 1, Avg: 2.2, Max: 3, Diff: 2, Sum: 13]
      [Scan RS (ms): Min: 0.2, Avg: 0.2, Max: 0.2, Diff: 0.0, Sum: 1.1]
      [Code Root Scanning (ms): Min: 0.0, Avg: 0.0, Max: 0.0, Diff: 0.0, Sum: 0.0]
      [Object Copy (ms): Min: 0.8, Avg: 0.8, Max: 0.8, Diff: 0.0, Sum: 4.9]
      [Termination (ms): Min: 0.0, Avg: 0.0, Max: 0.0, Diff: 0.0, Sum: 0.0]
         [Termination Attempts: Min: 1, Avg: 2.2, Max: 3, Diff: 2, Sum: 13]
      [GC Worker Other (ms): Min: 0.0, Avg: 0.1, Max: 0.2, Diff: 0.1, Sum: 0.7]
      [GC Worker Total (ms): Min: 1.4, Avg: 1.5, Max: 1.6, Diff: 0.2, Sum: 9.2]
      [GC Worker End (ms): Min: 500626.5, Avg: 500626.5, Max: 500626.6, Diff: 0.1]
   [Code Root Fixup: 0.0 ms]
   [Code Root Purge: 0.0 ms]
   [Clear CT: 0.6 ms]
   [Other: 1.2 ms]
      [Choose CSet: 0.0 ms]
      [Ref Proc: 0.1 ms]
      [Ref Enq: 0.0 ms]
      [Redirty Cards: 0.1 ms]
      [Humongous Register: 0.1 ms]
      [Humongous Reclaim: 0.0 ms]
      [Free CSet: 0.7 ms]
   [Eden: 2446.0M(2446.0M)->0.0B(2446.0M) Survivors: 10240.0K->10240.0K Heap: 2476.4M(4096.0M)->31153.6K(4096.0M)]
 [Times: user=0.00 sys=0.02, real=0.02 secs] 
2024-10-12T19:00:50.349+0300: 500.629: Total time for which application threads were stopped: 0.0040807 seconds, Stopping threads took: 0.0002430 seconds
2024-10-12T19:00:51.117+0300: 501.405: Application time: 0.7762815 seconds
2024-10-12T19:00:51.117+0300: 501.405: [GC pause (G1 Evacuation Pause) (young), 0.0031957 secs]
   [Parallel Time: 1.6 ms, GC Workers: 6]
      [GC Worker Start (ms): Min: 501405.1, Avg: 501405.2, Max: 501405.2, Diff: 0.1]
      [Ext Root Scanning (ms): Min: 0.2, Avg: 0.3, Max: 0.4, Diff: 0.1, Sum: 1.9]
      [Update RS (ms): Min: 0.0, Avg: 0.1, Max: 0.1, Diff: 0.1, Sum: 0.6]
         [Processed Buffers: Min: 1, Avg: 2.2, Max: 3, Diff: 2, Sum: 13]
      [Scan RS (ms): Min: 0.2, Avg: 0.2, Max: 0.2, Diff: 0.0, Sum: 1.0]
      [Code Root Scanning (ms): Min: 0.0, Avg: 0.0, Max: 0.0, Diff: 0.0, Sum: 0.0]
      [Object Copy (ms): Min: 0.8, Avg: 0.8, Max: 0.9, Diff: 0.1, Sum: 4.8]
      [Termination (ms): Min: 0.0, Avg: 0.0, Max: 0.0, Diff: 0.0, Sum: 0.0]
         [Termination Attempts: Min: 1, Avg: 5.3, Max: 9, Diff: 8, Sum: 32]
      [GC Worker Other (ms): Min: 0.0, Avg: 0.1, Max: 0.1, Diff: 0.1, Sum: 0.6]
      [GC Worker Total (ms): Min: 1.4, Avg: 1.5, Max: 1.6, Diff: 0.2, Sum: 8.9]
      [GC Worker End (ms): Min: 501406.6, Avg: 501406.7, Max: 501406.7, Diff: 0.1]
   [Code Root Fixup: 0.0 ms]
   [Code Root Purge: 0.0 ms]
   [Clear CT: 0.5 ms]
   [Other: 1.1 ms]
      [Choose CSet: 0.0 ms]
      [Ref Proc: 0.1 ms]
      [Ref Enq: 0.0 ms]
      [Redirty Cards: 0.1 ms]
      [Humongous Register: 0.1 ms]
      [Humongous Reclaim: 0.0 ms]
      [Free CSet: 0.7 ms]
   [Eden: 2446.0M(2446.0M)->0.0B(2448.0M) Survivors: 10240.0K->8192.0K Heap: 2476.4M(4096.0M)->28163.1K(4096.0M)]
 [Times: user=0.00 sys=0.00, real=0.00 secs] 
2024-10-12T19:00:51.117+0300: 501.408: Total time for which application threads were stopped: 0.0035720 seconds, Stopping threads took: 0.0001695 seconds
2024-10-12T19:00:51.886+0300: 502.177: Application time: 0.7685302 seconds
2024-10-12T19:00:51.886+0300: 502.177: [GC pause (G1 Evacuation Pause) (young), 0.0033242 secs]
   [Parallel Time: 1.6 ms, GC Workers: 6]
      [GC Worker Start (ms): Min: 502177.3, Avg: 502177.4, Max: 502177.4, Diff: 0.1]
      [Ext Root Scanning (ms): Min: 0.3, Avg: 0.3, Max: 0.4, Diff: 0.1, Sum: 1.9]
      [Update RS (ms): Min: 0.1, Avg: 0.1, Max: 0.1, Diff: 0.0, Sum: 0.6]
         [Processed Buffers: Min: 1, Avg: 2.2, Max: 3, Diff: 2, Sum: 13]
      [Scan RS (ms): Min: 0.2, Avg: 0.2, Max: 0.2, Diff: 0.0, Sum: 1.0]
      [Code Root Scanning (ms): Min: 0.0, Avg: 0.0, Max: 0.0, Diff: 0.0, Sum: 0.0]
      [Object Copy (ms): Min: 0.8, Avg: 0.8, Max: 0.8, Diff: 0.0, Sum: 4.8]
      [Termination (ms): Min: 0.0, Avg: 0.0, Max: 0.0, Diff: 0.0, Sum: 0.0]
         [Termination Attempts: Min: 1, Avg: 1.0, Max: 1, Diff: 0, Sum: 6]
      [GC Worker Other (ms): Min: 0.0, Avg: 0.1, Max: 0.1, Diff: 0.1, Sum: 0.6]
      [GC Worker Total (ms): Min: 1.4, Avg: 1.5, Max: 1.5, Diff: 0.1, Sum: 8.9]
      [GC Worker End (ms): Min: 502178.8, Avg: 502178.9, Max: 502178.9, Diff: 0.1]
   [Code Root Fixup: 0.0 ms]
   [Code Root Purge: 0.0 ms]
   [Clear CT: 0.5 ms]
   [Other: 1.2 ms]
      [Choose CSet: 0.0 ms]
      [Ref Proc: 0.2 ms]
      [Ref Enq: 0.0 ms]
      [Redirty Cards: 0.1 ms]
      [Humongous Register: 0.1 ms]
      [Humongous Reclaim: 0.0 ms]
      [Free CSet: 0.7 ms]
   [Eden: 2448.0M(2448.0M)->0.0B(2448.0M) Survivors: 8192.0K->8192.0K Heap: 2475.5M(4096.0M)->29056.3K(4096.0M)]
 [Times: user=0.00 sys=0.00, real=0.00 secs] 
2024-10-12T19:00:51.886+0300: 502.181: Total time for which application threads were stopped: 0.0037639 seconds, Stopping threads took: 0.0001999 seconds
2024-10-12T19:00:52.671+0300: 502.956: Application time: 0.7755351 seconds
2024-10-12T19:00:52.671+0300: 502.956: [GC pause (G1 Evacuation Pause) (young), 0.0030327 secs]
   [Parallel Time: 1.6 ms, GC Workers: 6]
      [GC Worker Start (ms): Min: 502956.5, Avg: 502956.6, Max: 502956.6, Diff: 0.1]
      [Ext Root Scanning (ms): Min: 0.3, Avg: 0.3, Max: 0.4, Diff: 0.1, Sum: 1.9]
      [Update RS (ms): Min: 0.1, Avg: 0.1, Max: 0.1, Diff: 0.1, Sum: 0.6]
         [Processed Buffers: Min: 1, Avg: 2.2, Max: 3, Diff: 2, Sum: 13]
      [Scan RS (ms): Min: 0.2, Avg: 0.2, Max: 0.2, Diff: 0.0, Sum: 1.0]
      [Code Root Scanning (ms): Min: 0.0, Avg: 0.0, Max: 0.0, Diff: 0.0, Sum: 0.0]
      [Object Copy (ms): Min: 0.7, Avg: 0.8, Max: 0.8, Diff: 0.1, Sum: 4.7]
      [Termination (ms): Min: 0.0, Avg: 0.0, Max: 0.0, Diff: 0.0, Sum: 0.0]
         [Termination Attempts: Min: 1, Avg: 1.0, Max: 1, Diff: 0, Sum: 6]
      [GC Worker Other (ms): Min: 0.0, Avg: 0.1, Max: 0.1, Diff: 0.1, Sum: 0.5]
      [GC Worker Total (ms): Min: 1.4, Avg: 1.5, Max: 1.5, Diff: 0.1, Sum: 8.8]
      [GC Worker End (ms): Min: 502958.0, Avg: 502958.0, Max: 502958.1, Diff: 0.1]
   [Code Root Fixup: 0.0 ms]
   [Code Root Purge: 0.0 ms]
   [Clear CT: 0.5 ms]
   [Other: 1.0 ms]
      [Choose CSet: 0.0 ms]
      [Ref Proc: 0.1 ms]
      [Ref Enq: 0.0 ms]
      [Redirty Cards: 0.1 ms]
      [Humongous Register: 0.0 ms]
      [Humongous Reclaim: 0.0 ms]
      [Free CSet: 0.6 ms]
   [Eden: 2448.0M(2448.0M)->0.0B(2448.0M) Survivors: 8192.0K->8192.0K Heap: 2476.4M(4096.0M)->29102.0K(4096.0M)]
 [Times: user=0.00 sys=0.00, real=0.00 secs] 
2024-10-12T19:00:52.671+0300: 502.960: Total time for which application threads were stopped: 0.0034113 seconds, Stopping threads took: 0.0001616 seconds
2024-10-12T19:00:53.456+0300: 503.739: Application time: 0.7792148 seconds
2024-10-12T19:00:53.456+0300: 503.739: [GC pause (G1 Evacuation Pause) (young), 0.0031127 secs]
   [Parallel Time: 1.5 ms, GC Workers: 6]
      [GC Worker Start (ms): Min: 503739.2, Avg: 503739.3, Max: 503739.3, Diff: 0.1]
      [Ext Root Scanning (ms): Min: 0.3, Avg: 0.3, Max: 0.4, Diff: 0.1, Sum: 1.9]
      [Update RS (ms): Min: 0.1, Avg: 0.1, Max: 0.1, Diff: 0.1, Sum: 0.6]
         [Processed Buffers: Min: 1, Avg: 2.2, Max: 3, Diff: 2, Sum: 13]
      [Scan RS (ms): Min: 0.1, Avg: 0.2, Max: 0.2, Diff: 0.0, Sum: 1.0]
      [Code Root Scanning (ms): Min: 0.0, Avg: 0.0, Max: 0.0, Diff: 0.0, Sum: 0.0]
      [Object Copy (ms): Min: 0.7, Avg: 0.7, Max: 0.8, Diff: 0.1, Sum: 4.4]
      [Termination (ms): Min: 0.0, Avg: 0.0, Max: 0.0, Diff: 0.0, Sum: 0.0]
         [Termination Attempts: Min: 1, Avg: 1.0, Max: 1, Diff: 0, Sum: 6]
      [GC Worker Other (ms): Min: 0.0, Avg: 0.1, Max: 0.1, Diff: 0.1, Sum: 0.5]
      [GC Worker Total (ms): Min: 1.4, Avg: 1.4, Max: 1.5, Diff: 0.1, Sum: 8.5]
      [GC Worker End (ms): Min: 503740.6, Avg: 503740.7, Max: 503740.7, Diff: 0.1]
   [Code Root Fixup: 0.0 ms]
   [Code Root Purge: 0.0 ms]
   [Clear CT: 0.5 ms]
   [Other: 1.1 ms]
      [Choose CSet: 0.0 ms]
      [Ref Proc: 0.1 ms]
      [Ref Enq: 0.0 ms]
      [Redirty Cards: 0.1 ms]
      [Humongous Register: 0.1 ms]
      [Humongous Reclaim: 0.0 ms]
      [Free CSet: 0.7 ms]
   [Eden: 2448.0M(2448.0M)->0.0B(2446.0M) Survivors: 8192.0K->10240.0K Heap: 2476.4M(4096.0M)->30202.1K(4096.0M)]
 [Times: user=0.00 sys=0.00, real=0.00 secs] 
2024-10-12T19:00:53.456+0300: 503.742: Total time for which application threads were stopped: 0.0035575 seconds, Stopping threads took: 0.0002117 seconds
2024-10-12T19:00:54.241+0300: 504.522: Application time: 0.7795310 seconds
2024-10-12T19:00:54.241+0300: 504.522: [GC pause (G1 Evacuation Pause) (young), 0.0032776 secs]
   [Parallel Time: 1.6 ms, GC Workers: 6]
      [GC Worker Start (ms): Min: 504522.3, Avg: 504522.3, Max: 504522.4, Diff: 0.0]
      [Ext Root Scanning (ms): Min: 0.3, Avg: 0.3, Max: 0.3, Diff: 0.0, Sum: 1.9]
      [Update RS (ms): Min: 0.0, Avg: 0.1, Max: 0.1, Diff: 0.1, Sum: 0.6]
         [Processed Buffers: Min: 0, Avg: 2.2, Max: 4, Diff: 4, Sum: 13]
      [Scan RS (ms): Min: 0.1, Avg: 0.2, Max: 0.2, Diff: 0.1, Sum: 1.0]
      [Code Root Scanning (ms): Min: 0.0, Avg: 0.0, Max: 0.0, Diff: 0.0, Sum: 0.0]
      [Object Copy (ms): Min: 0.7, Avg: 0.8, Max: 1.0, Diff: 0.2, Sum: 4.8]
      [Termination (ms): Min: 0.0, Avg: 0.0, Max: 0.0, Diff: 0.0, Sum: 0.0]
         [Termination Attempts: Min: 1, Avg: 1.0, Max: 1, Diff: 0, Sum: 6]
      [GC Worker Other (ms): Min: 0.0, Avg: 0.1, Max: 0.1, Diff: 0.1, Sum: 0.5]
      [GC Worker Total (ms): Min: 1.4, Avg: 1.5, Max: 1.5, Diff: 0.1, Sum: 8.8]
      [GC Worker End (ms): Min: 504523.8, Avg: 504523.8, Max: 504523.9, Diff: 0.1]
   [Code Root Fixup: 0.0 ms]
   [Code Root Purge: 0.0 ms]
   [Clear CT: 0.5 ms]
   [Other: 1.1 ms]
      [Choose CSet: 0.0 ms]
      [Ref Proc: 0.1 ms]
      [Ref Enq: 0.0 ms]
      [Redirty Cards: 0.1 ms]
      [Humongous Register: 0.1 ms]
      [Humongous Reclaim: 0.0 ms]
      [Free CSet: 0.7 ms]
   [Eden: 2446.0M(2446.0M)->0.0B(2446.0M) Survivors: 10240.0K->10240.0K Heap: 2475.5M(4096.0M)->30194.7K(4096.0M)]
 [Times: user=0.00 sys=0.00, real=0.00 secs] 
2024-10-12T19:00:54.241+0300: 504.526: Total time for which application threads were stopped: 0.0036967 seconds, Stopping threads took: 0.0001815 seconds
2024-10-12T19:00:55.010+0300: 505.302: Application time: 0.7759520 seconds
2024-10-12T19:00:55.010+0300: 505.302: [GC pause (G1 Evacuation Pause) (young), 0.0039422 secs]
   [Parallel Time: 2.2 ms, GC Workers: 6]
      [GC Worker Start (ms): Min: 505302.0, Avg: 505302.1, Max: 505302.1, Diff: 0.0]
      [Ext Root Scanning (ms): Min: 0.3, Avg: 0.3, Max: 0.4, Diff: 0.0, Sum: 2.0]
      [Update RS (ms): Min: 0.1, Avg: 0.1, Max: 0.1, Diff: 0.1, Sum: 0.6]
         [Processed Buffers: Min: 2, Avg: 2.2, Max: 3, Diff: 1, Sum: 13]
      [Scan RS (ms): Min: 0.1, Avg: 0.2, Max: 0.2, Diff: 0.0, Sum: 1.0]
      [Code Root Scanning (ms): Min: 0.0, Avg: 0.0, Max: 0.0, Diff: 0.0, Sum: 0.0]
      [Object Copy (ms): Min: 1.3, Avg: 1.3, Max: 1.4, Diff: 0.1, Sum: 7.9]
      [Termination (ms): Min: 0.0, Avg: 0.0, Max: 0.0, Diff: 0.0, Sum: 0.0]
         [Termination Attempts: Min: 1, Avg: 1.2, Max: 2, Diff: 1, Sum: 7]
      [GC Worker Other (ms): Min: 0.0, Avg: 0.1, Max: 0.1, Diff: 0.1, Sum: 0.4]
      [GC Worker Total (ms): Min: 1.9, Avg: 2.0, Max: 2.1, Diff: 0.1, Sum: 12.0]
      [GC Worker End (ms): Min: 505304.0, Avg: 505304.1, Max: 505304.1, Diff: 0.1]
   [Code Root Fixup: 0.0 ms]
   [Code Root Purge: 0.0 ms]
   [Clear CT: 0.6 ms]
   [Other: 1.2 ms]
      [Choose CSet: 0.0 ms]
      [Ref Proc: 0.2 ms]
      [Ref Enq: 0.0 ms]
      [Redirty Cards: 0.1 ms]
      [Humongous Register: 0.1 ms]
      [Humongous Reclaim: 0.0 ms]
      [Free CSet: 0.7 ms]
   [Eden: 2446.0M(2446.0M)->0.0B(2444.0M) Survivors: 10240.0K->12288.0K Heap: 2475.5M(4096.0M)->32294.4K(4096.0M)]
 [Times: user=0.02 sys=0.00, real=0.02 secs] 
2024-10-12T19:00:55.025+0300: 505.306: Total time for which application threads were stopped: 0.0044354 seconds, Stopping threads took: 0.0002474 seconds
2024-10-12T19:00:55.796+0300: 506.078: Application time: 0.7721541 seconds
2024-10-12T19:00:55.796+0300: 506.078: [GC pause (G1 Evacuation Pause) (young), 0.0031389 secs]
   [Parallel Time: 1.6 ms, GC Workers: 6]
      [GC Worker Start (ms): Min: 506078.5, Avg: 506078.5, Max: 506078.5, Diff: 0.1]
      [Ext Root Scanning (ms): Min: 0.3, Avg: 0.3, Max: 0.4, Diff: 0.1, Sum: 2.0]
      [Update RS (ms): Min: 0.1, Avg: 0.1, Max: 0.1, Diff: 0.1, Sum: 0.6]
         [Processed Buffers: Min: 1, Avg: 2.2, Max: 4, Diff: 3, Sum: 13]
      [Scan RS (ms): Min: 0.2, Avg: 0.2, Max: 0.2, Diff: 0.0, Sum: 1.0]
      [Code Root Scanning (ms): Min: 0.0, Avg: 0.0, Max: 0.0, Diff: 0.0, Sum: 0.0]
      [Object Copy (ms): Min: 0.7, Avg: 0.8, Max: 0.8, Diff: 0.0, Sum: 4.6]
      [Termination (ms): Min: 0.0, Avg: 0.0, Max: 0.0, Diff: 0.0, Sum: 0.0]
         [Termination Attempts: Min: 1, Avg: 1.5, Max: 2, Diff: 1, Sum: 9]
      [GC Worker Other (ms): Min: 0.0, Avg: 0.1, Max: 0.1, Diff: 0.1, Sum: 0.5]
      [GC Worker Total (ms): Min: 1.4, Avg: 1.5, Max: 1.5, Diff: 0.1, Sum: 8.7]
      [GC Worker End (ms): Min: 506079.9, Avg: 506080.0, Max: 506080.0, Diff: 0.1]
   [Code Root Fixup: 0.0 ms]
   [Code Root Purge: 0.0 ms]
   [Clear CT: 0.5 ms]
   [Other: 1.0 ms]
      [Choose CSet: 0.0 ms]
      [Ref Proc: 0.1 ms]
      [Ref Enq: 0.0 ms]
      [Redirty Cards: 0.1 ms]
      [Humongous Register: 0.0 ms]
      [Humongous Reclaim: 0.0 ms]
      [Free CSet: 0.6 ms]
   [Eden: 2444.0M(2444.0M)->0.0B(2446.0M) Survivors: 12288.0K->10240.0K Heap: 2475.5M(4096.0M)->30294.2K(4096.0M)]
 [Times: user=0.00 sys=0.00, real=0.00 secs] 
2024-10-12T19:00:55.796+0300: 506.082: Total time for which application threads were stopped: 0.0034908 seconds, Stopping threads took: 0.0001327 seconds
2024-10-12T19:00:56.580+0300: 506.862: Application time: 0.7807179 seconds
2024-10-12T19:00:56.580+0300: 506.863: [GC pause (G1 Evacuation Pause) (young), 0.0032573 secs]
   [Parallel Time: 1.7 ms, GC Workers: 6]
      [GC Worker Start (ms): Min: 506862.9, Avg: 506862.9, Max: 506862.9, Diff: 0.1]
      [Ext Root Scanning (ms): Min: 0.3, Avg: 0.3, Max: 0.4, Diff: 0.1, Sum: 2.0]
      [Update RS (ms): Min: 0.1, Avg: 0.1, Max: 0.1, Diff: 0.1, Sum: 0.6]
         [Processed Buffers: Min: 1, Avg: 2.2, Max: 4, Diff: 3, Sum: 13]
      [Scan RS (ms): Min: 0.2, Avg: 0.2, Max: 0.2, Diff: 0.0, Sum: 1.1]
      [Code Root Scanning (ms): Min: 0.0, Avg: 0.0, Max: 0.0, Diff: 0.0, Sum: 0.0]
      [Object Copy (ms): Min: 0.8, Avg: 0.8, Max: 0.9, Diff: 0.1, Sum: 4.9]
      [Termination (ms): Min: 0.0, Avg: 0.0, Max: 0.0, Diff: 0.0, Sum: 0.0]
         [Termination Attempts: Min: 1, Avg: 1.0, Max: 1, Diff: 0, Sum: 6]
      [GC Worker Other (ms): Min: 0.0, Avg: 0.1, Max: 0.1, Diff: 0.1, Sum: 0.5]
      [GC Worker Total (ms): Min: 1.5, Avg: 1.5, Max: 1.6, Diff: 0.1, Sum: 9.2]
      [GC Worker End (ms): Min: 506864.4, Avg: 506864.4, Max: 506864.5, Diff: 0.1]
   [Code Root Fixup: 0.0 ms]
   [Code Root Purge: 0.0 ms]
   [Clear CT: 0.5 ms]
   [Other: 1.1 ms]
      [Choose CSet: 0.0 ms]
      [Ref Proc: 0.1 ms]
      [Ref Enq: 0.0 ms]
      [Redirty Cards: 0.1 ms]
      [Humongous Register: 0.1 ms]
      [Humongous Reclaim: 0.0 ms]
      [Free CSet: 0.7 ms]
   [Eden: 2446.0M(2446.0M)->0.0B(2446.0M) Survivors: 10240.0K->10240.0K Heap: 2475.6M(4096.0M)->30280.7K(4096.0M)]
 [Times: user=0.00 sys=0.00, real=0.00 secs] 
2024-10-12T19:00:56.580+0300: 506.866: Total time for which application threads were stopped: 0.0037695 seconds, Stopping threads took: 0.0002387 seconds
2024-10-12T19:00:57.365+0300: 507.645: Application time: 0.7787674 seconds
2024-10-12T19:00:57.365+0300: 507.645: [GC pause (G1 Evacuation Pause) (young), 0.0032795 secs]
   [Parallel Time: 1.7 ms, GC Workers: 6]
      [GC Worker Start (ms): Min: 507645.3, Avg: 507645.3, Max: 507645.4, Diff: 0.1]
      [Ext Root Scanning (ms): Min: 0.3, Avg: 0.3, Max: 0.4, Diff: 0.1, Sum: 2.0]
      [Update RS (ms): Min: 0.0, Avg: 0.1, Max: 0.2, Diff: 0.2, Sum: 0.6]
         [Processed Buffers: Min: 0, Avg: 2.2, Max: 4, Diff: 4, Sum: 13]
      [Scan RS (ms): Min: 0.0, Avg: 0.2, Max: 0.2, Diff: 0.2, Sum: 1.0]
      [Code Root Scanning (ms): Min: 0.0, Avg: 0.0, Max: 0.0, Diff: 0.0, Sum: 0.0]
      [Object Copy (ms): Min: 0.8, Avg: 0.9, Max: 1.1, Diff: 0.3, Sum: 5.2]
      [Termination (ms): Min: 0.0, Avg: 0.0, Max: 0.0, Diff: 0.0, Sum: 0.0]
         [Termination Attempts: Min: 1, Avg: 2.3, Max: 5, Diff: 4, Sum: 14]
      [GC Worker Other (ms): Min: 0.0, Avg: 0.1, Max: 0.1, Diff: 0.1, Sum: 0.6]
      [GC Worker Total (ms): Min: 1.5, Avg: 1.6, Max: 1.6, Diff: 0.1, Sum: 9.4]
      [GC Worker End (ms): Min: 507646.8, Avg: 507646.9, Max: 507646.9, Diff: 0.1]
   [Code Root Fixup: 0.0 ms]
   [Code Root Purge: 0.0 ms]
   [Clear CT: 0.5 ms]
   [Other: 1.1 ms]
      [Choose CSet: 0.0 ms]
      [Ref Proc: 0.1 ms]
      [Ref Enq: 0.0 ms]
      [Redirty Cards: 0.1 ms]
      [Humongous Register: 0.1 ms]
      [Humongous Reclaim: 0.0 ms]
      [Free CSet: 0.7 ms]
   [Eden: 2446.0M(2446.0M)->0.0B(2448.0M) Survivors: 10240.0K->8192.0K Heap: 2475.6M(4096.0M)->29238.9K(4096.0M)]
 [Times: user=0.00 sys=0.00, real=0.00 secs] 
2024-10-12T19:00:57.365+0300: 507.649: Total time for which application threads were stopped: 0.0036863 seconds, Stopping threads took: 0.0001595 seconds
2024-10-12T19:00:58.150+0300: 508.430: Application time: 0.7813095 seconds
2024-10-12T19:00:58.150+0300: 508.430: [GC pause (G1 Evacuation Pause) (young), 0.0033437 secs]
   [Parallel Time: 1.7 ms, GC Workers: 6]
      [GC Worker Start (ms): Min: 508430.3, Avg: 508430.3, Max: 508430.4, Diff: 0.0]
      [Ext Root Scanning (ms): Min: 0.3, Avg: 0.3, Max: 0.4, Diff: 0.0, Sum: 2.0]
      [Update RS (ms): Min: 0.0, Avg: 0.1, Max: 0.1, Diff: 0.1, Sum: 0.6]
         [Processed Buffers: Min: 0, Avg: 2.2, Max: 4, Diff: 4, Sum: 13]
      [Scan RS (ms): Min: 0.1, Avg: 0.2, Max: 0.2, Diff: 0.1, Sum: 1.0]
      [Code Root Scanning (ms): Min: 0.0, Avg: 0.0, Max: 0.0, Diff: 0.0, Sum: 0.0]
      [Object Copy (ms): Min: 0.8, Avg: 0.8, Max: 1.0, Diff: 0.2, Sum: 4.9]
      [Termination (ms): Min: 0.0, Avg: 0.0, Max: 0.0, Diff: 0.0, Sum: 0.0]
         [Termination Attempts: Min: 1, Avg: 1.0, Max: 1, Diff: 0, Sum: 6]
      [GC Worker Other (ms): Min: 0.0, Avg: 0.1, Max: 0.1, Diff: 0.1, Sum: 0.6]
      [GC Worker Total (ms): Min: 1.4, Avg: 1.5, Max: 1.6, Diff: 0.1, Sum: 9.2]
      [GC Worker End (ms): Min: 508431.8, Avg: 508431.9, Max: 508431.9, Diff: 0.1]
   [Code Root Fixup: 0.0 ms]
   [Code Root Purge: 0.0 ms]
   [Clear CT: 0.5 ms]
   [Other: 1.1 ms]
      [Choose CSet: 0.0 ms]
      [Ref Proc: 0.1 ms]
      [Ref Enq: 0.0 ms]
      [Redirty Cards: 0.1 ms]
      [Humongous Register: 0.0 ms]
      [Humongous Reclaim: 0.0 ms]
      [Free CSet: 0.7 ms]
   [Eden: 2448.0M(2448.0M)->0.0B(2446.0M) Survivors: 8192.0K->10240.0K Heap: 2476.6M(4096.0M)->31217.9K(4096.0M)]
 [Times: user=0.00 sys=0.00, real=0.00 secs] 
2024-10-12T19:00:58.150+0300: 508.434: Total time for which application threads were stopped: 0.0037678 seconds, Stopping threads took: 0.0001921 seconds
2024-10-12T19:00:58.919+0300: 509.207: Application time: 0.7730286 seconds
2024-10-12T19:00:58.919+0300: 509.207: [GC pause (G1 Evacuation Pause) (young), 0.0036374 secs]
   [Parallel Time: 2.1 ms, GC Workers: 6]
      [GC Worker Start (ms): Min: 509207.2, Avg: 509207.2, Max: 509207.2, Diff: 0.0]
      [Ext Root Scanning (ms): Min: 0.3, Avg: 0.3, Max: 0.4, Diff: 0.1, Sum: 2.0]
      [Update RS (ms): Min: 0.1, Avg: 0.1, Max: 0.1, Diff: 0.0, Sum: 0.6]
         [Processed Buffers: Min: 1, Avg: 2.2, Max: 3, Diff: 2, Sum: 13]
      [Scan RS (ms): Min: 0.2, Avg: 0.2, Max: 0.2, Diff: 0.0, Sum: 1.0]
      [Code Root Scanning (ms): Min: 0.0, Avg: 0.0, Max: 0.0, Diff: 0.0, Sum: 0.0]
      [Object Copy (ms): Min: 1.3, Avg: 1.3, Max: 1.3, Diff: 0.0, Sum: 7.6]
      [Termination (ms): Min: 0.0, Avg: 0.0, Max: 0.0, Diff: 0.0, Sum: 0.0]
         [Termination Attempts: Min: 1, Avg: 1.0, Max: 1, Diff: 0, Sum: 6]
      [GC Worker Other (ms): Min: 0.0, Avg: 0.1, Max: 0.1, Diff: 0.1, Sum: 0.5]
      [GC Worker Total (ms): Min: 1.9, Avg: 2.0, Max: 2.0, Diff: 0.1, Sum: 11.8]
      [GC Worker End (ms): Min: 509209.1, Avg: 509209.2, Max: 509209.2, Diff: 0.1]
   [Code Root Fixup: 0.0 ms]
   [Code Root Purge: 0.0 ms]
   [Clear CT: 0.5 ms]
   [Other: 1.0 ms]
      [Choose CSet: 0.0 ms]
      [Ref Proc: 0.1 ms]
      [Ref Enq: 0.0 ms]
      [Redirty Cards: 0.1 ms]
      [Humongous Register: 0.1 ms]
      [Humongous Reclaim: 0.0 ms]
      [Free CSet: 0.6 ms]
   [Eden: 2446.0M(2446.0M)->0.0B(2444.0M) Survivors: 10240.0K->12288.0K Heap: 2476.5M(4096.0M)->32315.4K(4096.0M)]
 [Times: user=0.00 sys=0.00, real=0.00 secs] 
2024-10-12T19:00:58.919+0300: 509.211: Total time for which application threads were stopped: 0.0041286 seconds, Stopping threads took: 0.0002364 seconds
2024-10-12T19:00:59.705+0300: 509.986: Application time: 0.7753867 seconds
2024-10-12T19:00:59.705+0300: 509.986: [GC pause (G1 Evacuation Pause) (young), 0.0030806 secs]
   [Parallel Time: 1.6 ms, GC Workers: 6]
      [GC Worker Start (ms): Min: 509986.6, Avg: 509986.6, Max: 509986.6, Diff: 0.1]
      [Ext Root Scanning (ms): Min: 0.3, Avg: 0.3, Max: 0.3, Diff: 0.1, Sum: 1.9]
      [Update RS (ms): Min: 0.0, Avg: 0.1, Max: 0.1, Diff: 0.1, Sum: 0.6]
         [Processed Buffers: Min: 0, Avg: 2.2, Max: 4, Diff: 4, Sum: 13]
      [Scan RS (ms): Min: 0.0, Avg: 0.2, Max: 0.2, Diff: 0.2, Sum: 1.0]
      [Code Root Scanning (ms): Min: 0.0, Avg: 0.0, Max: 0.0, Diff: 0.0, Sum: 0.0]
      [Object Copy (ms): Min: 0.7, Avg: 0.8, Max: 1.1, Diff: 0.3, Sum: 4.9]
      [Termination (ms): Min: 0.0, Avg: 0.0, Max: 0.0, Diff: 0.0, Sum: 0.0]
         [Termination Attempts: Min: 1, Avg: 1.0, Max: 1, Diff: 0, Sum: 6]
      [GC Worker Other (ms): Min: 0.0, Avg: 0.1, Max: 0.1, Diff: 0.1, Sum: 0.6]
      [GC Worker Total (ms): Min: 1.5, Avg: 1.5, Max: 1.6, Diff: 0.1, Sum: 9.0]
      [GC Worker End (ms): Min: 509988.1, Avg: 509988.1, Max: 509988.1, Diff: 0.1]
   [Code Root Fixup: 0.0 ms]
   [Code Root Purge: 0.0 ms]
   [Clear CT: 0.5 ms]
   [Other: 1.0 ms]
      [Choose CSet: 0.0 ms]
      [Ref Proc: 0.1 ms]
      [Ref Enq: 0.0 ms]
      [Redirty Cards: 0.1 ms]
      [Humongous Register: 0.0 ms]
      [Humongous Reclaim: 0.0 ms]
      [Free CSet: 0.6 ms]
   [Eden: 2444.0M(2444.0M)->0.0B(2448.0M) Survivors: 12288.0K->8192.0K Heap: 2475.6M(4096.0M)->29282.7K(4096.0M)]
 [Times: user=0.00 sys=0.00, real=0.00 secs] 
2024-10-12T19:00:59.705+0300: 509.990: Total time for which application threads were stopped: 0.0034560 seconds, Stopping threads took: 0.0001453 seconds
2024-10-12T19:01:00.489+0300: 510.772: Application time: 0.7819480 seconds
2024-10-12T19:01:00.489+0300: 510.772: [GC pause (G1 Evacuation Pause) (young), 0.0031337 secs]
   [Parallel Time: 1.6 ms, GC Workers: 6]
      [GC Worker Start (ms): Min: 510772.0, Avg: 510772.1, Max: 510772.1, Diff: 0.1]
      [Ext Root Scanning (ms): Min: 0.3, Avg: 0.4, Max: 0.4, Diff: 0.1, Sum: 2.1]
      [Update RS (ms): Min: 0.1, Avg: 0.1, Max: 0.1, Diff: 0.1, Sum: 0.6]
         [Processed Buffers: Min: 1, Avg: 2.2, Max: 4, Diff: 3, Sum: 13]
      [Scan RS (ms): Min: 0.2, Avg: 0.2, Max: 0.2, Diff: 0.0, Sum: 1.0]
      [Code Root Scanning (ms): Min: 0.0, Avg: 0.0, Max: 0.0, Diff: 0.0, Sum: 0.0]
      [Object Copy (ms): Min: 0.8, Avg: 0.8, Max: 0.8, Diff: 0.1, Sum: 4.9]
      [Termination (ms): Min: 0.0, Avg: 0.0, Max: 0.0, Diff: 0.0, Sum: 0.0]
         [Termination Attempts: Min: 1, Avg: 2.0, Max: 3, Diff: 2, Sum: 12]
      [GC Worker Other (ms): Min: 0.0, Avg: 0.1, Max: 0.1, Diff: 0.1, Sum: 0.4]
      [GC Worker Total (ms): Min: 1.4, Avg: 1.5, Max: 1.6, Diff: 0.1, Sum: 9.1]
      [GC Worker End (ms): Min: 510773.5, Avg: 510773.6, Max: 510773.6, Diff: 0.1]
   [Code Root Fixup: 0.0 ms]
   [Code Root Purge: 0.0 ms]
   [Clear CT: 0.5 ms]
   [Other: 1.0 ms]
      [Choose CSet: 0.0 ms]
      [Ref Proc: 0.1 ms]
      [Ref Enq: 0.0 ms]
      [Redirty Cards: 0.1 ms]
      [Humongous Register: 0.0 ms]
      [Humongous Reclaim: 0.0 ms]
      [Free CSet: 0.6 ms]
   [Eden: 2448.0M(2448.0M)->0.0B(2446.0M) Survivors: 8192.0K->10240.0K Heap: 2476.6M(4096.0M)->30290.3K(4096.0M)]
 [Times: user=0.00 sys=0.00, real=0.00 secs] 
2024-10-12T19:01:00.489+0300: 510.775: Total time for which application threads were stopped: 0.0035581 seconds, Stopping threads took: 0.0001913 seconds
2024-10-12T19:01:01.275+0300: 511.556: Application time: 0.7811879 seconds
2024-10-12T19:01:01.275+0300: 511.557: [GC pause (G1 Evacuation Pause) (young), 0.0031549 secs]
   [Parallel Time: 1.6 ms, GC Workers: 6]
      [GC Worker Start (ms): Min: 511556.8, Avg: 511556.8, Max: 511556.8, Diff: 0.1]
      [Ext Root Scanning (ms): Min: 0.3, Avg: 0.3, Max: 0.4, Diff: 0.1, Sum: 2.0]
      [Update RS (ms): Min: 0.1, Avg: 0.1, Max: 0.1, Diff: 0.0, Sum: 0.6]
         [Processed Buffers: Min: 1, Avg: 2.2, Max: 4, Diff: 3, Sum: 13]
      [Scan RS (ms): Min: 0.2, Avg: 0.2, Max: 0.2, Diff: 0.0, Sum: 1.0]
      [Code Root Scanning (ms): Min: 0.0, Avg: 0.0, Max: 0.0, Diff: 0.0, Sum: 0.0]
      [Object Copy (ms): Min: 0.7, Avg: 0.8, Max: 0.8, Diff: 0.1, Sum: 4.6]
      [Termination (ms): Min: 0.0, Avg: 0.0, Max: 0.0, Diff: 0.0, Sum: 0.0]
         [Termination Attempts: Min: 1, Avg: 2.0, Max: 4, Diff: 3, Sum: 12]
      [GC Worker Other (ms): Min: 0.0, Avg: 0.1, Max: 0.1, Diff: 0.1, Sum: 0.5]
      [GC Worker Total (ms): Min: 1.4, Avg: 1.4, Max: 1.5, Diff: 0.1, Sum: 8.7]
      [GC Worker End (ms): Min: 511558.2, Avg: 511558.2, Max: 511558.3, Diff: 0.1]
   [Code Root Fixup: 0.0 ms]
   [Code Root Purge: 0.0 ms]
   [Clear CT: 0.5 ms]
   [Other: 1.1 ms]
      [Choose CSet: 0.0 ms]
      [Ref Proc: 0.1 ms]
      [Ref Enq: 0.0 ms]
      [Redirty Cards: 0.1 ms]
      [Humongous Register: 0.0 ms]
      [Humongous Reclaim: 0.0 ms]
      [Free CSet: 0.7 ms]
   [Eden: 2446.0M(2446.0M)->0.0B(2446.0M) Survivors: 10240.0K->10240.0K Heap: 2475.6M(4096.0M)->30249.6K(4096.0M)]
 [Times: user=0.00 sys=0.00, real=0.00 secs] 
2024-10-12T19:01:01.275+0300: 511.560: Total time for which application threads were stopped: 0.0035555 seconds, Stopping threads took: 0.0001540 seconds
2024-10-12T19:01:02.059+0300: 512.343: Application time: 0.7831352 seconds
2024-10-12T19:01:02.059+0300: 512.343: [GC pause (G1 Evacuation Pause) (young), 0.0039750 secs]
   [Parallel Time: 2.0 ms, GC Workers: 6]
      [GC Worker Start (ms): Min: 512343.5, Avg: 512343.5, Max: 512343.6, Diff: 0.1]
      [Ext Root Scanning (ms): Min: 0.3, Avg: 0.3, Max: 0.4, Diff: 0.1, Sum: 2.0]
      [Update RS (ms): Min: 0.0, Avg: 0.1, Max: 0.1, Diff: 0.1, Sum: 0.6]
         [Processed Buffers: Min: 0, Avg: 2.2, Max: 3, Diff: 3, Sum: 13]
      [Scan RS (ms): Min: 0.1, Avg: 0.2, Max: 0.2, Diff: 0.1, Sum: 1.0]
      [Code Root Scanning (ms): Min: 0.0, Avg: 0.0, Max: 0.0, Diff: 0.0, Sum: 0.0]
      [Object Copy (ms): Min: 0.9, Avg: 1.0, Max: 1.3, Diff: 0.4, Sum: 5.8]
      [Termination (ms): Min: 0.0, Avg: 0.2, Max: 0.2, Diff: 0.2, Sum: 1.1]
         [Termination Attempts: Min: 1, Avg: 1.3, Max: 3, Diff: 2, Sum: 8]
      [GC Worker Other (ms): Min: 0.0, Avg: 0.1, Max: 0.1, Diff: 0.1, Sum: 0.6]
      [GC Worker Total (ms): Min: 1.8, Avg: 1.9, Max: 1.9, Diff: 0.1, Sum: 11.1]
      [GC Worker End (ms): Min: 512345.3, Avg: 512345.4, Max: 512345.5, Diff: 0.1]
   [Code Root Fixup: 0.0 ms]
   [Code Root Purge: 0.0 ms]
   [Clear CT: 0.5 ms]
   [Other: 1.5 ms]
      [Choose CSet: 0.0 ms]
      [Ref Proc: 0.1 ms]
      [Ref Enq: 0.0 ms]
      [Redirty Cards: 0.1 ms]
      [Humongous Register: 0.1 ms]
      [Humongous Reclaim: 0.0 ms]
      [Free CSet: 0.9 ms]
   [Eden: 2446.0M(2446.0M)->0.0B(2446.0M) Survivors: 10240.0K->10240.0K Heap: 2475.5M(4096.0M)->30231.9K(4096.0M)]
 [Times: user=0.00 sys=0.00, real=0.00 secs] 
2024-10-12T19:01:02.059+0300: 512.348: Total time for which application threads were stopped: 0.0044064 seconds, Stopping threads took: 0.0001669 seconds
2024-10-12T19:01:02.828+0300: 513.123: Application time: 0.7752408 seconds
2024-10-12T19:01:02.828+0300: 513.123: [GC pause (G1 Evacuation Pause) (young), 0.0034987 secs]
   [Parallel Time: 1.6 ms, GC Workers: 6]
      [GC Worker Start (ms): Min: 513123.1, Avg: 513123.1, Max: 513123.1, Diff: 0.0]
      [Ext Root Scanning (ms): Min: 0.4, Avg: 0.4, Max: 0.4, Diff: 0.1, Sum: 2.4]
      [Update RS (ms): Min: 0.1, Avg: 0.1, Max: 0.1, Diff: 0.1, Sum: 0.6]
         [Processed Buffers: Min: 1, Avg: 2.0, Max: 3, Diff: 2, Sum: 12]
      [Scan RS (ms): Min: 0.1, Avg: 0.2, Max: 0.2, Diff: 0.1, Sum: 1.0]
      [Code Root Scanning (ms): Min: 0.0, Avg: 0.0, Max: 0.0, Diff: 0.0, Sum: 0.0]
      [Object Copy (ms): Min: 0.7, Avg: 0.7, Max: 0.7, Diff: 0.0, Sum: 4.4]
      [Termination (ms): Min: 0.0, Avg: 0.0, Max: 0.0, Diff: 0.0, Sum: 0.0]
         [Termination Attempts: Min: 1, Avg: 1.0, Max: 1, Diff: 0, Sum: 6]
      [GC Worker Other (ms): Min: 0.0, Avg: 0.1, Max: 0.2, Diff: 0.1, Sum: 0.7]
      [GC Worker Total (ms): Min: 1.5, Avg: 1.5, Max: 1.6, Diff: 0.1, Sum: 9.1]
      [GC Worker End (ms): Min: 513124.6, Avg: 513124.6, Max: 513124.7, Diff: 0.1]
   [Code Root Fixup: 0.0 ms]
   [Code Root Purge: 0.0 ms]
   [Clear CT: 0.5 ms]
   [Other: 1.4 ms]
      [Choose CSet: 0.0 ms]
      [Ref Proc: 0.1 ms]
      [Ref Enq: 0.0 ms]
      [Redirty Cards: 0.1 ms]
      [Humongous Register: 0.1 ms]
      [Humongous Reclaim: 0.0 ms]
      [Free CSet: 1.0 ms]
   [Eden: 2446.0M(2446.0M)->0.0B(2446.0M) Survivors: 10240.0K->10240.0K Heap: 2475.5M(4096.0M)->30208.6K(4096.0M)]
 [Times: user=0.02 sys=0.00, real=0.02 secs] 
2024-10-12T19:01:02.844+0300: 513.127: Total time for which application threads were stopped: 0.0039051 seconds, Stopping threads took: 0.0001463 seconds
2024-10-12T19:01:03.629+0300: 513.918: Application time: 0.7918148 seconds
2024-10-12T19:01:03.629+0300: 513.919: [GC pause (G1 Evacuation Pause) (young), 0.0034584 secs]
   [Parallel Time: 1.6 ms, GC Workers: 6]
      [GC Worker Start (ms): Min: 513918.8, Avg: 513918.8, Max: 513918.8, Diff: 0.1]
      [Ext Root Scanning (ms): Min: 0.3, Avg: 0.3, Max: 0.4, Diff: 0.1, Sum: 1.9]
      [Update RS (ms): Min: 0.1, Avg: 0.1, Max: 0.1, Diff: 0.1, Sum: 0.6]
         [Processed Buffers: Min: 1, Avg: 2.2, Max: 4, Diff: 3, Sum: 13]
      [Scan RS (ms): Min: 0.2, Avg: 0.2, Max: 0.2, Diff: 0.0, Sum: 1.0]
      [Code Root Scanning (ms): Min: 0.0, Avg: 0.0, Max: 0.0, Diff: 0.0, Sum: 0.0]
      [Object Copy (ms): Min: 0.7, Avg: 0.7, Max: 0.8, Diff: 0.0, Sum: 4.4]
      [Termination (ms): Min: 0.0, Avg: 0.0, Max: 0.0, Diff: 0.0, Sum: 0.0]
         [Termination Attempts: Min: 1, Avg: 1.0, Max: 1, Diff: 0, Sum: 6]
      [GC Worker Other (ms): Min: 0.0, Avg: 0.1, Max: 0.1, Diff: 0.1, Sum: 0.5]
      [GC Worker Total (ms): Min: 1.4, Avg: 1.4, Max: 1.5, Diff: 0.1, Sum: 8.5]
      [GC Worker End (ms): Min: 513920.2, Avg: 513920.2, Max: 513920.3, Diff: 0.1]
   [Code Root Fixup: 0.0 ms]
   [Code Root Purge: 0.0 ms]
   [Clear CT: 0.5 ms]
   [Other: 1.4 ms]
      [Choose CSet: 0.0 ms]
      [Ref Proc: 0.1 ms]
      [Ref Enq: 0.0 ms]
      [Redirty Cards: 0.1 ms]
      [Humongous Register: 0.0 ms]
      [Humongous Reclaim: 0.0 ms]
      [Free CSet: 0.9 ms]
   [Eden: 2446.0M(2446.0M)->0.0B(2446.0M) Survivors: 10240.0K->10240.0K Heap: 2475.5M(4096.0M)->31171.1K(4096.0M)]
 [Times: user=0.00 sys=0.00, real=0.00 secs] 
2024-10-12T19:01:03.629+0300: 513.922: Total time for which application threads were stopped: 0.0038124 seconds, Stopping threads took: 0.0001196 seconds
2024-10-12T19:01:04.417+0300: 514.707: Application time: 0.7845095 seconds
2024-10-12T19:01:04.417+0300: 514.707: [GC pause (G1 Evacuation Pause) (young), 0.0042016 secs]
   [Parallel Time: 2.4 ms, GC Workers: 6]
      [GC Worker Start (ms): Min: 514707.2, Avg: 514707.2, Max: 514707.2, Diff: 0.0]
      [Ext Root Scanning (ms): Min: 0.3, Avg: 0.3, Max: 0.4, Diff: 0.1, Sum: 2.0]
      [Update RS (ms): Min: 0.1, Avg: 0.1, Max: 0.1, Diff: 0.1, Sum: 0.6]
         [Processed Buffers: Min: 1, Avg: 2.2, Max: 4, Diff: 3, Sum: 13]
      [Scan RS (ms): Min: 0.2, Avg: 0.2, Max: 0.2, Diff: 0.0, Sum: 1.0]
      [Code Root Scanning (ms): Min: 0.0, Avg: 0.0, Max: 0.0, Diff: 0.0, Sum: 0.0]
      [Object Copy (ms): Min: 1.5, Avg: 1.6, Max: 1.6, Diff: 0.0, Sum: 9.3]
      [Termination (ms): Min: 0.0, Avg: 0.0, Max: 0.0, Diff: 0.0, Sum: 0.0]
         [Termination Attempts: Min: 1, Avg: 1.5, Max: 3, Diff: 2, Sum: 9]
      [GC Worker Other (ms): Min: 0.0, Avg: 0.1, Max: 0.1, Diff: 0.1, Sum: 0.4]
      [GC Worker Total (ms): Min: 2.2, Avg: 2.2, Max: 2.3, Diff: 0.1, Sum: 13.4]
      [GC Worker End (ms): Min: 514709.4, Avg: 514709.4, Max: 514709.5, Diff: 0.1]
   [Code Root Fixup: 0.0 ms]
   [Code Root Purge: 0.0 ms]
   [Clear CT: 0.5 ms]
   [Other: 1.3 ms]
      [Choose CSet: 0.0 ms]
      [Ref Proc: 0.1 ms]
      [Ref Enq: 0.0 ms]
      [Redirty Cards: 0.1 ms]
      [Humongous Register: 0.1 ms]
      [Humongous Reclaim: 0.0 ms]
      [Free CSet: 0.8 ms]
   [Eden: 2446.0M(2446.0M)->0.0B(2444.0M) Survivors: 10240.0K->12288.0K Heap: 2476.4M(4096.0M)->33224.6K(4096.0M)]
 [Times: user=0.06 sys=0.00, real=0.01 secs] 
2024-10-12T19:01:04.430+0300: 514.711: Total time for which application threads were stopped: 0.0046065 seconds, Stopping threads took: 0.0001636 seconds
2024-10-12T19:01:05.199+0300: 515.490: Application time: 0.7790565 seconds
2024-10-12T19:01:05.199+0300: 515.491: [GC pause (G1 Evacuation Pause) (young), 0.0040989 secs]
   [Parallel Time: 2.2 ms, GC Workers: 6]
      [GC Worker Start (ms): Min: 515490.9, Avg: 515491.0, Max: 515491.3, Diff: 0.4]
      [Ext Root Scanning (ms): Min: 0.0, Avg: 0.3, Max: 0.4, Diff: 0.4, Sum: 1.8]
      [Update RS (ms): Min: 0.1, Avg: 0.1, Max: 0.1, Diff: 0.1, Sum: 0.6]
         [Processed Buffers: Min: 1, Avg: 2.2, Max: 3, Diff: 2, Sum: 13]
      [Scan RS (ms): Min: 0.2, Avg: 0.2, Max: 0.2, Diff: 0.1, Sum: 1.0]
      [Code Root Scanning (ms): Min: 0.0, Avg: 0.0, Max: 0.0, Diff: 0.0, Sum: 0.0]
      [Object Copy (ms): Min: 1.4, Avg: 1.4, Max: 1.4, Diff: 0.0, Sum: 8.5]
      [Termination (ms): Min: 0.0, Avg: 0.0, Max: 0.0, Diff: 0.0, Sum: 0.0]
         [Termination Attempts: Min: 1, Avg: 1.0, Max: 1, Diff: 0, Sum: 6]
      [GC Worker Other (ms): Min: 0.0, Avg: 0.1, Max: 0.1, Diff: 0.1, Sum: 0.4]
      [GC Worker Total (ms): Min: 1.7, Avg: 2.1, Max: 2.2, Diff: 0.5, Sum: 12.4]
      [GC Worker End (ms): Min: 515493.0, Avg: 515493.0, Max: 515493.1, Diff: 0.1]
   [Code Root Fixup: 0.0 ms]
   [Code Root Purge: 0.0 ms]
   [Clear CT: 0.6 ms]
   [Other: 1.2 ms]
      [Choose CSet: 0.0 ms]
      [Ref Proc: 0.1 ms]
      [Ref Enq: 0.0 ms]
      [Redirty Cards: 0.1 ms]
      [Humongous Register: 0.1 ms]
      [Humongous Reclaim: 0.0 ms]
      [Free CSet: 0.7 ms]
   [Eden: 2444.0M(2444.0M)->0.0B(2444.0M) Survivors: 12288.0K->12288.0K Heap: 2476.4M(4096.0M)->33398.2K(4096.0M)]
 [Times: user=0.01 sys=0.00, real=0.02 secs] 
2024-10-12T19:01:05.214+0300: 515.495: Total time for which application threads were stopped: 0.0045486 seconds, Stopping threads took: 0.0001887 seconds
2024-10-12T19:01:05.984+0300: 516.273: Application time: 0.7784538 seconds
2024-10-12T19:01:05.984+0300: 516.274: [GC pause (G1 Evacuation Pause) (young), 0.0034114 secs]
   [Parallel Time: 1.6 ms, GC Workers: 6]
      [GC Worker Start (ms): Min: 516273.8, Avg: 516273.9, Max: 516273.9, Diff: 0.1]
      [Ext Root Scanning (ms): Min: 0.3, Avg: 0.3, Max: 0.4, Diff: 0.1, Sum: 2.0]
      [Update RS (ms): Min: 0.1, Avg: 0.1, Max: 0.1, Diff: 0.1, Sum: 0.6]
         [Processed Buffers: Min: 1, Avg: 2.2, Max: 4, Diff: 3, Sum: 13]
      [Scan RS (ms): Min: 0.1, Avg: 0.2, Max: 0.2, Diff: 0.1, Sum: 1.0]
      [Code Root Scanning (ms): Min: 0.0, Avg: 0.0, Max: 0.0, Diff: 0.0, Sum: 0.0]
      [Object Copy (ms): Min: 0.7, Avg: 0.7, Max: 0.7, Diff: 0.0, Sum: 4.3]
      [Termination (ms): Min: 0.0, Avg: 0.0, Max: 0.0, Diff: 0.0, Sum: 0.0]
         [Termination Attempts: Min: 1, Avg: 1.0, Max: 1, Diff: 0, Sum: 6]
      [GC Worker Other (ms): Min: 0.1, Avg: 0.1, Max: 0.2, Diff: 0.1, Sum: 0.9]
      [GC Worker Total (ms): Min: 1.4, Avg: 1.5, Max: 1.5, Diff: 0.2, Sum: 8.8]
      [GC Worker End (ms): Min: 516275.2, Avg: 516275.3, Max: 516275.4, Diff: 0.1]
   [Code Root Fixup: 0.0 ms]
   [Code Root Purge: 0.0 ms]
   [Clear CT: 0.5 ms]
   [Other: 1.3 ms]
      [Choose CSet: 0.0 ms]
      [Ref Proc: 0.1 ms]
      [Ref Enq: 0.0 ms]
      [Redirty Cards: 0.1 ms]
      [Humongous Register: 0.1 ms]
      [Humongous Reclaim: 0.0 ms]
      [Free CSet: 0.9 ms]
   [Eden: 2444.0M(2444.0M)->0.0B(2448.0M) Survivors: 12288.0K->8192.0K Heap: 2476.6M(4096.0M)->29304.7K(4096.0M)]
 [Times: user=0.00 sys=0.00, real=0.00 secs] 
2024-10-12T19:01:05.984+0300: 516.277: Total time for which application threads were stopped: 0.0038203 seconds, Stopping threads took: 0.0001832 seconds
2024-10-12T19:01:06.769+0300: 517.061: Application time: 0.7841888 seconds
2024-10-12T19:01:06.769+0300: 517.062: [GC pause (G1 Evacuation Pause) (young), 0.0032969 secs]
   [Parallel Time: 1.6 ms, GC Workers: 6]
      [GC Worker Start (ms): Min: 517061.8, Avg: 517061.8, Max: 517061.9, Diff: 0.1]
      [Ext Root Scanning (ms): Min: 0.3, Avg: 0.3, Max: 0.4, Diff: 0.1, Sum: 1.9]
      [Update RS (ms): Min: 0.1, Avg: 0.1, Max: 0.1, Diff: 0.0, Sum: 0.6]
         [Processed Buffers: Min: 1, Avg: 2.2, Max: 3, Diff: 2, Sum: 13]
      [Scan RS (ms): Min: 0.2, Avg: 0.2, Max: 0.2, Diff: 0.0, Sum: 1.0]
      [Code Root Scanning (ms): Min: 0.0, Avg: 0.0, Max: 0.0, Diff: 0.0, Sum: 0.0]
      [Object Copy (ms): Min: 0.7, Avg: 0.8, Max: 0.8, Diff: 0.1, Sum: 4.5]
      [Termination (ms): Min: 0.0, Avg: 0.0, Max: 0.0, Diff: 0.0, Sum: 0.0]
         [Termination Attempts: Min: 1, Avg: 1.0, Max: 1, Diff: 0, Sum: 6]
      [GC Worker Other (ms): Min: 0.0, Avg: 0.1, Max: 0.1, Diff: 0.1, Sum: 0.6]
      [GC Worker Total (ms): Min: 1.4, Avg: 1.4, Max: 1.5, Diff: 0.1, Sum: 8.7]
      [GC Worker End (ms): Min: 517063.2, Avg: 517063.3, Max: 517063.3, Diff: 0.1]
   [Code Root Fixup: 0.0 ms]
   [Code Root Purge: 0.0 ms]
   [Clear CT: 0.6 ms]
   [Other: 1.1 ms]
      [Choose CSet: 0.0 ms]
      [Ref Proc: 0.1 ms]
      [Ref Enq: 0.0 ms]
      [Redirty Cards: 0.1 ms]
      [Humongous Register: 0.1 ms]
      [Humongous Reclaim: 0.0 ms]
      [Free CSet: 0.7 ms]
   [Eden: 2448.0M(2448.0M)->0.0B(2448.0M) Survivors: 8192.0K->8192.0K Heap: 2476.6M(4096.0M)->29307.2K(4096.0M)]
 [Times: user=0.03 sys=0.00, real=0.02 secs] 
2024-10-12T19:01:06.785+0300: 517.065: Total time for which application threads were stopped: 0.0036462 seconds, Stopping threads took: 0.0001292 seconds
2024-10-12T19:01:07.570+0300: 517.850: Application time: 0.7851969 seconds
2024-10-12T19:01:07.570+0300: 517.851: [GC pause (G1 Evacuation Pause) (young), 0.0037217 secs]
   [Parallel Time: 2.1 ms, GC Workers: 6]
      [GC Worker Start (ms): Min: 517850.6, Avg: 517850.7, Max: 517850.7, Diff: 0.1]
      [Ext Root Scanning (ms): Min: 0.3, Avg: 0.3, Max: 0.4, Diff: 0.1, Sum: 1.9]
      [Update RS (ms): Min: 0.1, Avg: 0.1, Max: 0.1, Diff: 0.0, Sum: 0.6]
         [Processed Buffers: Min: 1, Avg: 2.2, Max: 3, Diff: 2, Sum: 13]
      [Scan RS (ms): Min: 0.1, Avg: 0.2, Max: 0.2, Diff: 0.1, Sum: 0.9]
      [Code Root Scanning (ms): Min: 0.0, Avg: 0.0, Max: 0.0, Diff: 0.0, Sum: 0.0]
      [Object Copy (ms): Min: 1.3, Avg: 1.3, Max: 1.3, Diff: 0.1, Sum: 7.8]
      [Termination (ms): Min: 0.0, Avg: 0.0, Max: 0.0, Diff: 0.0, Sum: 0.0]
         [Termination Attempts: Min: 1, Avg: 1.2, Max: 2, Diff: 1, Sum: 7]
      [GC Worker Other (ms): Min: 0.0, Avg: 0.1, Max: 0.1, Diff: 0.1, Sum: 0.6]
      [GC Worker Total (ms): Min: 1.9, Avg: 2.0, Max: 2.1, Diff: 0.1, Sum: 11.9]
      [GC Worker End (ms): Min: 517852.6, Avg: 517852.6, Max: 517852.7, Diff: 0.1]
   [Code Root Fixup: 0.0 ms]
   [Code Root Purge: 0.0 ms]
   [Clear CT: 0.5 ms]
   [Other: 1.1 ms]
      [Choose CSet: 0.0 ms]
      [Ref Proc: 0.2 ms]
      [Ref Enq: 0.0 ms]
      [Redirty Cards: 0.1 ms]
      [Humongous Register: 0.0 ms]
      [Humongous Reclaim: 0.0 ms]
      [Free CSet: 0.6 ms]
   [Eden: 2448.0M(2448.0M)->0.0B(2444.0M) Survivors: 8192.0K->12288.0K Heap: 2476.6M(4096.0M)->33357.4K(4096.0M)]
 [Times: user=0.00 sys=0.00, real=0.00 secs] 
2024-10-12T19:01:07.570+0300: 517.854: Total time for which application threads were stopped: 0.0040874 seconds, Stopping threads took: 0.0001321 seconds
2024-10-12T19:01:08.355+0300: 518.638: Application time: 0.7831724 seconds
2024-10-12T19:01:08.355+0300: 518.638: [GC pause (G1 Evacuation Pause) (young), 0.0041014 secs]
   [Parallel Time: 2.2 ms, GC Workers: 6]
      [GC Worker Start (ms): Min: 518638.0, Avg: 518638.0, Max: 518638.1, Diff: 0.0]
      [Ext Root Scanning (ms): Min: 0.3, Avg: 0.3, Max: 0.4, Diff: 0.0, Sum: 2.0]
      [Update RS (ms): Min: 0.1, Avg: 0.1, Max: 0.1, Diff: 0.0, Sum: 0.6]
         [Processed Buffers: Min: 2, Avg: 2.2, Max: 3, Diff: 1, Sum: 13]
      [Scan RS (ms): Min: 0.2, Avg: 0.2, Max: 0.2, Diff: 0.0, Sum: 1.0]
      [Code Root Scanning (ms): Min: 0.0, Avg: 0.0, Max: 0.0, Diff: 0.0, Sum: 0.0]
      [Object Copy (ms): Min: 1.4, Avg: 1.4, Max: 1.4, Diff: 0.0, Sum: 8.3]
      [Termination (ms): Min: 0.0, Avg: 0.0, Max: 0.0, Diff: 0.0, Sum: 0.0]
         [Termination Attempts: Min: 1, Avg: 1.2, Max: 2, Diff: 1, Sum: 7]
      [GC Worker Other (ms): Min: 0.0, Avg: 0.1, Max: 0.2, Diff: 0.1, Sum: 0.7]
      [GC Worker Total (ms): Min: 2.1, Avg: 2.1, Max: 2.2, Diff: 0.1, Sum: 12.7]
      [GC Worker End (ms): Min: 518640.1, Avg: 518640.2, Max: 518640.2, Diff: 0.1]
   [Code Root Fixup: 0.0 ms]
   [Code Root Purge: 0.0 ms]
   [Clear CT: 0.5 ms]
   [Other: 1.3 ms]
      [Choose CSet: 0.0 ms]
      [Ref Proc: 0.1 ms]
      [Ref Enq: 0.0 ms]
      [Redirty Cards: 0.1 ms]
      [Humongous Register: 0.0 ms]
      [Humongous Reclaim: 0.0 ms]
      [Free CSet: 0.9 ms]
   [Eden: 2444.0M(2444.0M)->0.0B(2444.0M) Survivors: 12288.0K->12288.0K Heap: 2476.6M(4096.0M)->33408.2K(4096.0M)]
 [Times: user=0.03 sys=0.00, real=0.00 secs] 
2024-10-12T19:01:08.355+0300: 518.642: Total time for which application threads were stopped: 0.0045535 seconds, Stopping threads took: 0.0002245 seconds
2024-10-12T19:01:09.128+0300: 519.409: Application time: 0.7672780 seconds
2024-10-12T19:01:09.128+0300: 519.410: Total time for which application threads were stopped: 0.0003121 seconds, Stopping threads took: 0.0001596 seconds
2024-10-12T19:01:09.141+0300: 519.434: Application time: 0.0239527 seconds
2024-10-12T19:01:09.141+0300: 519.434: [GC pause (G1 Evacuation Pause) (young), 0.0030939 secs]
   [Parallel Time: 1.6 ms, GC Workers: 6]
      [GC Worker Start (ms): Min: 519434.0, Avg: 519434.0, Max: 519434.0, Diff: 0.1]
      [Ext Root Scanning (ms): Min: 0.3, Avg: 0.3, Max: 0.3, Diff: 0.1, Sum: 1.9]
      [Update RS (ms): Min: 0.1, Avg: 0.1, Max: 0.1, Diff: 0.0, Sum: 0.6]
         [Processed Buffers: Min: 1, Avg: 2.2, Max: 3, Diff: 2, Sum: 13]
      [Scan RS (ms): Min: 0.1, Avg: 0.2, Max: 0.2, Diff: 0.1, Sum: 1.1]
      [Code Root Scanning (ms): Min: 0.0, Avg: 0.0, Max: 0.0, Diff: 0.0, Sum: 0.0]
      [Object Copy (ms): Min: 0.7, Avg: 0.7, Max: 0.8, Diff: 0.1, Sum: 4.4]
      [Termination (ms): Min: 0.0, Avg: 0.1, Max: 0.1, Diff: 0.1, Sum: 0.5]
         [Termination Attempts: Min: 1, Avg: 1.0, Max: 1, Diff: 0, Sum: 6]
      [GC Worker Other (ms): Min: 0.0, Avg: 0.0, Max: 0.0, Diff: 0.0, Sum: 0.2]
      [GC Worker Total (ms): Min: 1.4, Avg: 1.4, Max: 1.5, Diff: 0.1, Sum: 8.6]
      [GC Worker End (ms): Min: 519435.4, Avg: 519435.4, Max: 519435.5, Diff: 0.1]
   [Code Root Fixup: 0.0 ms]
   [Code Root Purge: 0.0 ms]
   [Clear CT: 0.5 ms]
   [Other: 1.0 ms]
      [Choose CSet: 0.0 ms]
      [Ref Proc: 0.1 ms]
      [Ref Enq: 0.0 ms]
      [Redirty Cards: 0.1 ms]
      [Humongous Register: 0.0 ms]
      [Humongous Reclaim: 0.0 ms]
      [Free CSet: 0.6 ms]
   [Eden: 2444.0M(2444.0M)->0.0B(2448.0M) Survivors: 12288.0K->8192.0K Heap: 2476.6M(4096.0M)->28290.7K(4096.0M)]
 [Times: user=0.02 sys=0.00, real=0.01 secs] 
2024-10-12T19:01:09.156+0300: 519.437: Total time for which application threads were stopped: 0.0034261 seconds, Stopping threads took: 0.0001279 seconds
2024-10-12T19:01:09.219+0300: 519.504: Application time: 0.0668681 seconds
2024-10-12T19:01:09.219+0300: 519.504: Total time for which application threads were stopped: 0.0002422 seconds, Stopping threads took: 0.0001638 seconds
2024-10-12T19:01:09.297+0300: 519.591: Application time: 0.0862920 seconds
2024-10-12T19:01:09.297+0300: 519.591: Total time for which application threads were stopped: 0.0001567 seconds, Stopping threads took: 0.0001118 seconds
2024-10-12T19:01:09.407+0300: 519.696: Application time: 0.1049450 seconds
2024-10-12T19:01:09.407+0300: 519.696: Total time for which application threads were stopped: 0.0001616 seconds, Stopping threads took: 0.0001129 seconds
2024-10-12T19:01:09.454+0300: 519.735: Application time: 0.0390916 seconds
2024-10-12T19:01:09.454+0300: 519.735: Total time for which application threads were stopped: 0.0001048 seconds, Stopping threads took: 0.0000636 seconds
2024-10-12T19:01:09.548+0300: 519.831: Application time: 0.0957364 seconds
2024-10-12T19:01:09.548+0300: 519.831: Total time for which application threads were stopped: 0.0005847 seconds, Stopping threads took: 0.0005289 seconds
2024-10-12T19:01:10.113+0300: 520.405: Application time: 0.5735278 seconds
2024-10-12T19:01:10.113+0300: 520.405: [GC pause (G1 Evacuation Pause) (young), 0.0038858 secs]
   [Parallel Time: 2.1 ms, GC Workers: 6]
      [GC Worker Start (ms): Min: 520405.3, Avg: 520405.3, Max: 520405.3, Diff: 0.1]
      [Ext Root Scanning (ms): Min: 0.3, Avg: 0.3, Max: 0.4, Diff: 0.1, Sum: 1.9]
      [Update RS (ms): Min: 0.0, Avg: 0.1, Max: 0.1, Diff: 0.1, Sum: 0.6]
         [Processed Buffers: Min: 0, Avg: 2.5, Max: 6, Diff: 6, Sum: 15]
      [Scan RS (ms): Min: 0.2, Avg: 0.2, Max: 0.2, Diff: 0.0, Sum: 1.1]
      [Code Root Scanning (ms): Min: 0.0, Avg: 0.0, Max: 0.0, Diff: 0.0, Sum: 0.0]
      [Object Copy (ms): Min: 1.2, Avg: 1.2, Max: 1.3, Diff: 0.1, Sum: 7.2]
      [Termination (ms): Min: 0.0, Avg: 0.0, Max: 0.0, Diff: 0.0, Sum: 0.0]
         [Termination Attempts: Min: 1, Avg: 1.0, Max: 1, Diff: 0, Sum: 6]
      [GC Worker Other (ms): Min: 0.0, Avg: 0.1, Max: 0.2, Diff: 0.2, Sum: 0.8]
      [GC Worker Total (ms): Min: 1.8, Avg: 1.9, Max: 2.0, Diff: 0.2, Sum: 11.6]
      [GC Worker End (ms): Min: 520407.2, Avg: 520407.2, Max: 520407.3, Diff: 0.2]
   [Code Root Fixup: 0.0 ms]
   [Code Root Purge: 0.0 ms]
   [Clear CT: 0.6 ms]
   [Other: 1.1 ms]
      [Choose CSet: 0.0 ms]
      [Ref Proc: 0.1 ms]
      [Ref Enq: 0.0 ms]
      [Redirty Cards: 0.1 ms]
      [Humongous Register: 0.1 ms]
      [Humongous Reclaim: 0.0 ms]
      [Free CSet: 0.7 ms]
   [Eden: 2448.0M(2448.0M)->0.0B(2444.0M) Survivors: 8192.0K->12288.0K Heap: 2475.6M(4096.0M)->32383.0K(4096.0M)]
 [Times: user=0.02 sys=0.00, real=0.02 secs] 
2024-10-12T19:01:10.129+0300: 520.409: Total time for which application threads were stopped: 0.0043017 seconds, Stopping threads took: 0.0001688 seconds
2024-10-12T19:01:10.883+0300: 521.171: Application time: 0.7613334 seconds
2024-10-12T19:01:10.883+0300: 521.171: [GC pause (G1 Evacuation Pause) (young), 0.0038479 secs]
   [Parallel Time: 2.3 ms, GC Workers: 6]
      [GC Worker Start (ms): Min: 521170.9, Avg: 521170.9, Max: 521170.9, Diff: 0.0]
      [Ext Root Scanning (ms): Min: 0.3, Avg: 0.3, Max: 0.3, Diff: 0.1, Sum: 1.8]
      [Update RS (ms): Min: 0.0, Avg: 0.1, Max: 0.1, Diff: 0.1, Sum: 0.4]
         [Processed Buffers: Min: 1, Avg: 2.2, Max: 7, Diff: 6, Sum: 13]
      [Scan RS (ms): Min: 0.1, Avg: 0.2, Max: 0.2, Diff: 0.0, Sum: 0.9]
      [Code Root Scanning (ms): Min: 0.0, Avg: 0.0, Max: 0.0, Diff: 0.0, Sum: 0.0]
      [Object Copy (ms): Min: 1.6, Avg: 1.6, Max: 1.6, Diff: 0.0, Sum: 9.4]
      [Termination (ms): Min: 0.0, Avg: 0.0, Max: 0.0, Diff: 0.0, Sum: 0.0]
         [Termination Attempts: Min: 1, Avg: 1.0, Max: 1, Diff: 0, Sum: 6]
      [GC Worker Other (ms): Min: 0.0, Avg: 0.1, Max: 0.1, Diff: 0.1, Sum: 0.5]
      [GC Worker Total (ms): Min: 2.2, Avg: 2.2, Max: 2.2, Diff: 0.1, Sum: 13.2]
      [GC Worker End (ms): Min: 521173.0, Avg: 521173.1, Max: 521173.1, Diff: 0.1]
   [Code Root Fixup: 0.0 ms]
   [Code Root Purge: 0.0 ms]
   [Clear CT: 0.5 ms]
   [Other: 1.0 ms]
      [Choose CSet: 0.0 ms]
      [Ref Proc: 0.1 ms]
      [Ref Enq: 0.0 ms]
      [Redirty Cards: 0.1 ms]
      [Humongous Register: 0.0 ms]
      [Humongous Reclaim: 0.0 ms]
      [Free CSet: 0.7 ms]
   [Eden: 2444.0M(2444.0M)->0.0B(2444.0M) Survivors: 12288.0K->12288.0K Heap: 2475.6M(4096.0M)->33415.7K(4096.0M)]
 [Times: user=0.00 sys=0.00, real=0.00 secs] 
2024-10-12T19:01:10.883+0300: 521.175: Total time for which application threads were stopped: 0.0042515 seconds, Stopping threads took: 0.0001846 seconds
2024-10-12T19:01:11.652+0300: 521.946: Application time: 0.7713292 seconds
2024-10-12T19:01:11.652+0300: 521.946: [GC pause (G1 Evacuation Pause) (young), 0.0040399 secs]
   [Parallel Time: 2.4 ms, GC Workers: 6]
      [GC Worker Start (ms): Min: 521946.5, Avg: 521946.5, Max: 521946.5, Diff: 0.1]
      [Ext Root Scanning (ms): Min: 0.3, Avg: 0.4, Max: 0.4, Diff: 0.1, Sum: 2.1]
      [Update RS (ms): Min: 0.0, Avg: 0.1, Max: 0.1, Diff: 0.1, Sum: 0.6]
         [Processed Buffers: Min: 1, Avg: 2.2, Max: 5, Diff: 4, Sum: 13]
      [Scan RS (ms): Min: 0.2, Avg: 0.2, Max: 0.2, Diff: 0.0, Sum: 1.1]
      [Code Root Scanning (ms): Min: 0.0, Avg: 0.0, Max: 0.0, Diff: 0.0, Sum: 0.0]
      [Object Copy (ms): Min: 1.5, Avg: 1.6, Max: 1.6, Diff: 0.1, Sum: 9.4]
      [Termination (ms): Min: 0.0, Avg: 0.0, Max: 0.0, Diff: 0.0, Sum: 0.0]
         [Termination Attempts: Min: 1, Avg: 1.0, Max: 1, Diff: 0, Sum: 6]
      [GC Worker Other (ms): Min: 0.0, Avg: 0.1, Max: 0.2, Diff: 0.1, Sum: 0.7]
      [GC Worker Total (ms): Min: 2.3, Avg: 2.3, Max: 2.4, Diff: 0.1, Sum: 13.9]
      [GC Worker End (ms): Min: 521948.7, Avg: 521948.8, Max: 521948.8, Diff: 0.1]
   [Code Root Fixup: 0.0 ms]
   [Code Root Purge: 0.0 ms]
   [Clear CT: 0.5 ms]
   [Other: 1.1 ms]
      [Choose CSet: 0.0 ms]
      [Ref Proc: 0.1 ms]
      [Ref Enq: 0.0 ms]
      [Redirty Cards: 0.1 ms]
      [Humongous Register: 0.0 ms]
      [Humongous Reclaim: 0.0 ms]
      [Free CSet: 0.7 ms]
   [Eden: 2444.0M(2444.0M)->0.0B(2444.0M) Survivors: 12288.0K->12288.0K Heap: 2476.6M(4096.0M)->33418.2K(4096.0M)]
 [Times: user=0.02 sys=0.00, real=0.02 secs] 
2024-10-12T19:01:11.668+0300: 521.951: Total time for which application threads were stopped: 0.0044312 seconds, Stopping threads took: 0.0001700 seconds
2024-10-12T19:01:12.453+0300: 522.733: Application time: 0.7829378 seconds
2024-10-12T19:01:12.453+0300: 522.734: [GC pause (G1 Evacuation Pause) (young), 0.0035053 secs]
   [Parallel Time: 1.9 ms, GC Workers: 6]
      [GC Worker Start (ms): Min: 522733.9, Avg: 522733.9, Max: 522733.9, Diff: 0.1]
      [Ext Root Scanning (ms): Min: 0.3, Avg: 0.3, Max: 0.3, Diff: 0.1, Sum: 1.9]
      [Update RS (ms): Min: 0.0, Avg: 0.1, Max: 0.1, Diff: 0.1, Sum: 0.5]
         [Processed Buffers: Min: 0, Avg: 2.2, Max: 7, Diff: 7, Sum: 13]
      [Scan RS (ms): Min: 0.2, Avg: 0.2, Max: 0.2, Diff: 0.0, Sum: 1.1]
      [Code Root Scanning (ms): Min: 0.0, Avg: 0.0, Max: 0.0, Diff: 0.0, Sum: 0.0]
      [Object Copy (ms): Min: 1.0, Avg: 1.0, Max: 1.1, Diff: 0.1, Sum: 6.3]
      [Termination (ms): Min: 0.0, Avg: 0.0, Max: 0.0, Diff: 0.0, Sum: 0.0]
         [Termination Attempts: Min: 1, Avg: 1.3, Max: 2, Diff: 1, Sum: 8]
      [GC Worker Other (ms): Min: 0.0, Avg: 0.1, Max: 0.2, Diff: 0.1, Sum: 0.7]
      [GC Worker Total (ms): Min: 1.6, Avg: 1.8, Max: 1.8, Diff: 0.2, Sum: 10.5]
      [GC Worker End (ms): Min: 522735.6, Avg: 522735.6, Max: 522735.7, Diff: 0.1]
   [Code Root Fixup: 0.0 ms]
   [Code Root Purge: 0.0 ms]
   [Clear CT: 0.5 ms]
   [Other: 1.1 ms]
      [Choose CSet: 0.0 ms]
      [Ref Proc: 0.1 ms]
      [Ref Enq: 0.0 ms]
      [Redirty Cards: 0.1 ms]
      [Humongous Register: 0.1 ms]
      [Humongous Reclaim: 0.0 ms]
      [Free CSet: 0.7 ms]
   [Eden: 2444.0M(2444.0M)->0.0B(2444.0M) Survivors: 12288.0K->12288.0K Heap: 2476.6M(4096.0M)->32396.7K(4096.0M)]
 [Times: user=0.00 sys=0.00, real=0.00 secs] 
2024-10-12T19:01:12.453+0300: 522.737: Total time for which application threads were stopped: 0.0039344 seconds, Stopping threads took: 0.0001650 seconds
2024-10-12T19:01:13.238+0300: 523.524: Application time: 0.7866001 seconds
2024-10-12T19:01:13.238+0300: 523.524: [GC pause (G1 Evacuation Pause) (young), 0.0035639 secs]
   [Parallel Time: 1.9 ms, GC Workers: 6]
      [GC Worker Start (ms): Min: 523524.4, Avg: 523524.4, Max: 523524.5, Diff: 0.1]
      [Ext Root Scanning (ms): Min: 0.3, Avg: 0.3, Max: 0.4, Diff: 0.1, Sum: 1.9]
      [Update RS (ms): Min: 0.0, Avg: 0.1, Max: 0.1, Diff: 0.1, Sum: 0.5]
         [Processed Buffers: Min: 0, Avg: 2.2, Max: 7, Diff: 7, Sum: 13]
      [Scan RS (ms): Min: 0.1, Avg: 0.2, Max: 0.2, Diff: 0.1, Sum: 1.0]
      [Code Root Scanning (ms): Min: 0.0, Avg: 0.0, Max: 0.0, Diff: 0.0, Sum: 0.0]
      [Object Copy (ms): Min: 0.9, Avg: 1.0, Max: 1.1, Diff: 0.2, Sum: 6.0]
      [Termination (ms): Min: 0.0, Avg: 0.0, Max: 0.0, Diff: 0.0, Sum: 0.0]
         [Termination Attempts: Min: 1, Avg: 1.2, Max: 2, Diff: 1, Sum: 7]
      [GC Worker Other (ms): Min: 0.0, Avg: 0.1, Max: 0.2, Diff: 0.1, Sum: 0.6]
      [GC Worker Total (ms): Min: 1.6, Avg: 1.7, Max: 1.7, Diff: 0.2, Sum: 10.1]
      [GC Worker End (ms): Min: 523526.0, Avg: 523526.1, Max: 523526.2, Diff: 0.1]
   [Code Root Fixup: 0.0 ms]
   [Code Root Purge: 0.0 ms]
   [Clear CT: 0.6 ms]
   [Other: 1.1 ms]
      [Choose CSet: 0.0 ms]
      [Ref Proc: 0.1 ms]
      [Ref Enq: 0.0 ms]
      [Redirty Cards: 0.1 ms]
      [Humongous Register: 0.0 ms]
      [Humongous Reclaim: 0.0 ms]
      [Free CSet: 0.6 ms]
   [Eden: 2444.0M(2444.0M)->0.0B(2446.0M) Survivors: 12288.0K->10240.0K Heap: 2475.6M(4096.0M)->31375.2K(4096.0M)]
 [Times: user=0.00 sys=0.00, real=0.00 secs] 
2024-10-12T19:01:13.238+0300: 523.528: Total time for which application threads were stopped: 0.0039886 seconds, Stopping threads took: 0.0001849 seconds
2024-10-12T19:01:14.021+0300: 524.312: Application time: 0.7837169 seconds
2024-10-12T19:01:14.021+0300: 524.312: [GC pause (G1 Evacuation Pause) (young), 0.0037228 secs]
   [Parallel Time: 1.8 ms, GC Workers: 6]
      [GC Worker Start (ms): Min: 524312.1, Avg: 524312.1, Max: 524312.2, Diff: 0.1]
      [Ext Root Scanning (ms): Min: 0.3, Avg: 0.3, Max: 0.4, Diff: 0.1, Sum: 1.9]
      [Update RS (ms): Min: 0.0, Avg: 0.1, Max: 0.1, Diff: 0.1, Sum: 0.5]
         [Processed Buffers: Min: 1, Avg: 2.2, Max: 6, Diff: 5, Sum: 13]
      [Scan RS (ms): Min: 0.1, Avg: 0.2, Max: 0.2, Diff: 0.1, Sum: 1.0]
      [Code Root Scanning (ms): Min: 0.0, Avg: 0.0, Max: 0.0, Diff: 0.0, Sum: 0.0]
      [Object Copy (ms): Min: 0.9, Avg: 1.0, Max: 1.0, Diff: 0.1, Sum: 5.8]
      [Termination (ms): Min: 0.0, Avg: 0.0, Max: 0.0, Diff: 0.0, Sum: 0.0]
         [Termination Attempts: Min: 1, Avg: 1.0, Max: 1, Diff: 0, Sum: 6]
      [GC Worker Other (ms): Min: 0.0, Avg: 0.1, Max: 0.2, Diff: 0.2, Sum: 0.7]
      [GC Worker Total (ms): Min: 1.6, Avg: 1.6, Max: 1.7, Diff: 0.1, Sum: 9.9]
      [GC Worker End (ms): Min: 524313.7, Avg: 524313.8, Max: 524313.9, Diff: 0.2]
   [Code Root Fixup: 0.0 ms]
   [Code Root Purge: 0.0 ms]
   [Clear CT: 0.6 ms]
   [Other: 1.3 ms]
      [Choose CSet: 0.0 ms]
      [Ref Proc: 0.1 ms]
      [Ref Enq: 0.0 ms]
      [Redirty Cards: 0.1 ms]
      [Humongous Register: 0.1 ms]
      [Humongous Reclaim: 0.0 ms]
      [Free CSet: 0.7 ms]
   [Eden: 2446.0M(2446.0M)->0.0B(2446.0M) Survivors: 10240.0K->10240.0K Heap: 2476.6M(4096.0M)->31377.7K(4096.0M)]
 [Times: user=0.00 sys=0.00, real=0.00 secs] 
2024-10-12T19:01:14.021+0300: 524.316: Total time for which application threads were stopped: 0.0041116 seconds, Stopping threads took: 0.0001356 seconds
2024-10-12T19:01:14.807+0300: 525.090: Application time: 0.7737431 seconds
2024-10-12T19:01:14.807+0300: 525.090: [GC pause (G1 Evacuation Pause) (young), 0.0036559 secs]
   [Parallel Time: 2.1 ms, GC Workers: 6]
      [GC Worker Start (ms): Min: 525090.0, Avg: 525090.0, Max: 525090.1, Diff: 0.1]
      [Ext Root Scanning (ms): Min: 0.3, Avg: 0.3, Max: 0.4, Diff: 0.1, Sum: 2.0]
      [Update RS (ms): Min: 0.0, Avg: 0.1, Max: 0.1, Diff: 0.1, Sum: 0.5]
         [Processed Buffers: Min: 0, Avg: 2.2, Max: 6, Diff: 6, Sum: 13]
      [Scan RS (ms): Min: 0.0, Avg: 0.2, Max: 0.2, Diff: 0.2, Sum: 1.1]
      [Code Root Scanning (ms): Min: 0.0, Avg: 0.0, Max: 0.0, Diff: 0.0, Sum: 0.0]
      [Object Copy (ms): Min: 1.2, Avg: 1.3, Max: 1.5, Diff: 0.3, Sum: 7.6]
      [Termination (ms): Min: 0.0, Avg: 0.0, Max: 0.0, Diff: 0.0, Sum: 0.0]
         [Termination Attempts: Min: 1, Avg: 1.5, Max: 2, Diff: 1, Sum: 9]
      [GC Worker Other (ms): Min: 0.0, Avg: 0.1, Max: 0.1, Diff: 0.1, Sum: 0.6]
      [GC Worker Total (ms): Min: 1.9, Avg: 2.0, Max: 2.0, Diff: 0.1, Sum: 11.8]
      [GC Worker End (ms): Min: 525091.9, Avg: 525092.0, Max: 525092.0, Diff: 0.1]
   [Code Root Fixup: 0.0 ms]
   [Code Root Purge: 0.0 ms]
   [Clear CT: 0.5 ms]
   [Other: 1.1 ms]
      [Choose CSet: 0.0 ms]
      [Ref Proc: 0.1 ms]
      [Ref Enq: 0.0 ms]
      [Redirty Cards: 0.1 ms]
      [Humongous Register: 0.1 ms]
      [Humongous Reclaim: 0.0 ms]
      [Free CSet: 0.7 ms]
   [Eden: 2446.0M(2446.0M)->0.0B(2444.0M) Survivors: 10240.0K->12288.0K Heap: 2476.6M(4096.0M)->32404.2K(4096.0M)]
 [Times: user=0.00 sys=0.00, real=0.00 secs] 
2024-10-12T19:01:14.807+0300: 525.094: Total time for which application threads were stopped: 0.0040662 seconds, Stopping threads took: 0.0001881 seconds
2024-10-12T19:01:15.592+0300: 525.872: Application time: 0.7779554 seconds
2024-10-12T19:01:15.592+0300: 525.872: [GC pause (G1 Evacuation Pause) (young), 0.0033691 secs]
   [Parallel Time: 1.8 ms, GC Workers: 6]
      [GC Worker Start (ms): Min: 525872.0, Avg: 525872.0, Max: 525872.0, Diff: 0.1]
      [Ext Root Scanning (ms): Min: 0.3, Avg: 0.3, Max: 0.4, Diff: 0.1, Sum: 2.0]
      [Update RS (ms): Min: 0.0, Avg: 0.1, Max: 0.1, Diff: 0.1, Sum: 0.5]
         [Processed Buffers: Min: 1, Avg: 2.2, Max: 6, Diff: 5, Sum: 13]
      [Scan RS (ms): Min: 0.2, Avg: 0.2, Max: 0.2, Diff: 0.0, Sum: 1.0]
      [Code Root Scanning (ms): Min: 0.0, Avg: 0.0, Max: 0.0, Diff: 0.0, Sum: 0.0]
      [Object Copy (ms): Min: 1.0, Avg: 1.0, Max: 1.1, Diff: 0.1, Sum: 6.2]
      [Termination (ms): Min: 0.0, Avg: 0.0, Max: 0.0, Diff: 0.0, Sum: 0.0]
         [Termination Attempts: Min: 1, Avg: 3.0, Max: 5, Diff: 4, Sum: 18]
      [GC Worker Other (ms): Min: 0.0, Avg: 0.1, Max: 0.1, Diff: 0.1, Sum: 0.6]
      [GC Worker Total (ms): Min: 1.6, Avg: 1.7, Max: 1.8, Diff: 0.1, Sum: 10.4]
      [GC Worker End (ms): Min: 525873.7, Avg: 525873.7, Max: 525873.8, Diff: 0.1]
   [Code Root Fixup: 0.0 ms]
   [Code Root Purge: 0.0 ms]
   [Clear CT: 0.5 ms]
   [Other: 1.0 ms]
      [Choose CSet: 0.0 ms]
      [Ref Proc: 0.1 ms]
      [Ref Enq: 0.0 ms]
      [Redirty Cards: 0.1 ms]
      [Humongous Register: 0.1 ms]
      [Humongous Reclaim: 0.0 ms]
      [Free CSet: 0.7 ms]
   [Eden: 2444.0M(2444.0M)->0.0B(2446.0M) Survivors: 12288.0K->10240.0K Heap: 2475.6M(4096.0M)->31382.7K(4096.0M)]
 [Times: user=0.00 sys=0.00, real=0.00 secs] 
2024-10-12T19:01:15.592+0300: 525.875: Total time for which application threads were stopped: 0.0037465 seconds, Stopping threads took: 0.0001422 seconds
2024-10-12T19:01:16.377+0300: 526.657: Application time: 0.7815751 seconds
2024-10-12T19:01:16.377+0300: 526.657: [GC pause (G1 Evacuation Pause) (young), 0.0036146 secs]
   [Parallel Time: 1.8 ms, GC Workers: 6]
      [GC Worker Start (ms): Min: 526657.3, Avg: 526657.3, Max: 526657.4, Diff: 0.1]
      [Ext Root Scanning (ms): Min: 0.3, Avg: 0.3, Max: 0.4, Diff: 0.1, Sum: 2.0]
      [Update RS (ms): Min: 0.0, Avg: 0.1, Max: 0.1, Diff: 0.1, Sum: 0.5]
         [Processed Buffers: Min: 1, Avg: 2.2, Max: 6, Diff: 5, Sum: 13]
      [Scan RS (ms): Min: 0.1, Avg: 0.2, Max: 0.2, Diff: 0.1, Sum: 1.0]
      [Code Root Scanning (ms): Min: 0.0, Avg: 0.0, Max: 0.0, Diff: 0.0, Sum: 0.0]
      [Object Copy (ms): Min: 1.0, Avg: 1.0, Max: 1.0, Diff: 0.0, Sum: 5.9]
      [Termination (ms): Min: 0.0, Avg: 0.0, Max: 0.0, Diff: 0.0, Sum: 0.0]
         [Termination Attempts: Min: 1, Avg: 1.0, Max: 1, Diff: 0, Sum: 6]
      [GC Worker Other (ms): Min: 0.0, Avg: 0.1, Max: 0.2, Diff: 0.2, Sum: 0.7]
      [GC Worker Total (ms): Min: 1.6, Avg: 1.7, Max: 1.8, Diff: 0.2, Sum: 10.2]
      [GC Worker End (ms): Min: 526658.9, Avg: 526659.0, Max: 526659.1, Diff: 0.2]
   [Code Root Fixup: 0.0 ms]
   [Code Root Purge: 0.0 ms]
   [Clear CT: 0.5 ms]
   [Other: 1.3 ms]
      [Choose CSet: 0.0 ms]
      [Ref Proc: 0.2 ms]
      [Ref Enq: 0.0 ms]
      [Redirty Cards: 0.1 ms]
      [Humongous Register: 0.1 ms]
      [Humongous Reclaim: 0.0 ms]
      [Free CSet: 0.8 ms]
   [Eden: 2446.0M(2446.0M)->0.0B(2444.0M) Survivors: 10240.0K->12288.0K Heap: 2476.6M(4096.0M)->32409.2K(4096.0M)]
 [Times: user=0.00 sys=0.00, real=0.00 secs] 
2024-10-12T19:01:16.377+0300: 526.661: Total time for which application threads were stopped: 0.0040890 seconds, Stopping threads took: 0.0001778 seconds
2024-10-12T19:01:17.162+0300: 527.445: Application time: 0.7840978 seconds
2024-10-12T19:01:17.162+0300: 527.445: [GC pause (G1 Evacuation Pause) (young), 0.0035731 secs]
   [Parallel Time: 1.9 ms, GC Workers: 6]
      [GC Worker Start (ms): Min: 527445.5, Avg: 527445.5, Max: 527445.6, Diff: 0.2]
      [Ext Root Scanning (ms): Min: 0.2, Avg: 0.3, Max: 0.4, Diff: 0.2, Sum: 1.9]
      [Update RS (ms): Min: 0.0, Avg: 0.1, Max: 0.1, Diff: 0.1, Sum: 0.5]
         [Processed Buffers: Min: 1, Avg: 2.2, Max: 7, Diff: 6, Sum: 13]
      [Scan RS (ms): Min: 0.2, Avg: 0.2, Max: 0.2, Diff: 0.1, Sum: 1.1]
      [Code Root Scanning (ms): Min: 0.0, Avg: 0.0, Max: 0.0, Diff: 0.0, Sum: 0.0]
      [Object Copy (ms): Min: 1.0, Avg: 1.0, Max: 1.1, Diff: 0.1, Sum: 6.1]
      [Termination (ms): Min: 0.0, Avg: 0.0, Max: 0.0, Diff: 0.0, Sum: 0.0]
         [Termination Attempts: Min: 1, Avg: 1.0, Max: 1, Diff: 0, Sum: 6]
      [GC Worker Other (ms): Min: 0.0, Avg: 0.1, Max: 0.1, Diff: 0.1, Sum: 0.4]
      [GC Worker Total (ms): Min: 1.5, Avg: 1.7, Max: 1.8, Diff: 0.3, Sum: 10.0]
      [GC Worker End (ms): Min: 527447.1, Avg: 527447.2, Max: 527447.2, Diff: 0.1]
   [Code Root Fixup: 0.0 ms]
   [Code Root Purge: 0.0 ms]
   [Clear CT: 0.5 ms]
   [Other: 1.1 ms]
      [Choose CSet: 0.0 ms]
      [Ref Proc: 0.1 ms]
      [Ref Enq: 0.0 ms]
      [Redirty Cards: 0.1 ms]
      [Humongous Register: 0.0 ms]
      [Humongous Reclaim: 0.0 ms]
      [Free CSet: 0.6 ms]
   [Eden: 2444.0M(2444.0M)->0.0B(2444.0M) Survivors: 12288.0K->12288.0K Heap: 2475.6M(4096.0M)->32411.7K(4096.0M)]
 [Times: user=0.00 sys=0.00, real=0.00 secs] 
2024-10-12T19:01:17.162+0300: 527.449: Total time for which application threads were stopped: 0.0039392 seconds, Stopping threads took: 0.0001491 seconds
2024-10-12T19:01:17.930+0300: 528.223: Application time: 0.7734858 seconds
2024-10-12T19:01:17.930+0300: 528.223: [GC pause (G1 Evacuation Pause) (young), 0.0042640 secs]
   [Parallel Time: 2.2 ms, GC Workers: 6]
      [GC Worker Start (ms): Min: 528222.9, Avg: 528223.0, Max: 528223.3, Diff: 0.4]
      [Ext Root Scanning (ms): Min: 0.0, Avg: 0.3, Max: 0.4, Diff: 0.4, Sum: 1.8]
      [Update RS (ms): Min: 0.0, Avg: 0.1, Max: 0.1, Diff: 0.1, Sum: 0.4]
         [Processed Buffers: Min: 0, Avg: 2.2, Max: 5, Diff: 5, Sum: 13]
      [Scan RS (ms): Min: 0.0, Avg: 0.2, Max: 0.2, Diff: 0.2, Sum: 0.9]
      [Code Root Scanning (ms): Min: 0.0, Avg: 0.0, Max: 0.0, Diff: 0.0, Sum: 0.0]
      [Object Copy (ms): Min: 1.2, Avg: 1.3, Max: 1.5, Diff: 0.3, Sum: 7.7]
      [Termination (ms): Min: 0.0, Avg: 0.1, Max: 0.1, Diff: 0.1, Sum: 0.6]
         [Termination Attempts: Min: 1, Avg: 1.3, Max: 2, Diff: 1, Sum: 8]
      [GC Worker Other (ms): Min: 0.0, Avg: 0.1, Max: 0.1, Diff: 0.1, Sum: 0.4]
      [GC Worker Total (ms): Min: 1.7, Avg: 2.0, Max: 2.1, Diff: 0.4, Sum: 12.0]
      [GC Worker End (ms): Min: 528225.0, Avg: 528225.0, Max: 528225.1, Diff: 0.1]
   [Code Root Fixup: 0.0 ms]
   [Code Root Purge: 0.0 ms]
   [Clear CT: 0.7 ms]
   [Other: 1.3 ms]
      [Choose CSet: 0.0 ms]
      [Ref Proc: 0.2 ms]
      [Ref Enq: 0.0 ms]
      [Redirty Cards: 0.2 ms]
      [Humongous Register: 0.1 ms]
      [Humongous Reclaim: 0.0 ms]
      [Free CSet: 0.7 ms]
   [Eden: 2444.0M(2444.0M)->0.0B(2444.0M) Survivors: 12288.0K->12288.0K Heap: 2475.7M(4096.0M)->32414.2K(4096.0M)]
 [Times: user=0.00 sys=0.00, real=0.02 secs] 
2024-10-12T19:01:17.946+0300: 528.227: Total time for which application threads were stopped: 0.0047091 seconds, Stopping threads took: 0.0001371 seconds
2024-10-12T19:01:18.715+0300: 528.995: Application time: 0.7678793 seconds
2024-10-12T19:01:18.715+0300: 528.995: [GC pause (G1 Evacuation Pause) (young), 0.0033503 secs]
   [Parallel Time: 1.8 ms, GC Workers: 6]
      [GC Worker Start (ms): Min: 528995.5, Avg: 528995.5, Max: 528995.5, Diff: 0.1]
      [Ext Root Scanning (ms): Min: 0.3, Avg: 0.3, Max: 0.3, Diff: 0.1, Sum: 1.9]
      [Update RS (ms): Min: 0.0, Avg: 0.1, Max: 0.1, Diff: 0.1, Sum: 0.5]
         [Processed Buffers: Min: 1, Avg: 2.0, Max: 5, Diff: 4, Sum: 12]
      [Scan RS (ms): Min: 0.1, Avg: 0.2, Max: 0.2, Diff: 0.1, Sum: 1.0]
      [Code Root Scanning (ms): Min: 0.0, Avg: 0.0, Max: 0.0, Diff: 0.0, Sum: 0.0]
      [Object Copy (ms): Min: 1.0, Avg: 1.0, Max: 1.0, Diff: 0.0, Sum: 6.1]
      [Termination (ms): Min: 0.0, Avg: 0.0, Max: 0.0, Diff: 0.0, Sum: 0.0]
         [Termination Attempts: Min: 1, Avg: 1.0, Max: 1, Diff: 0, Sum: 6]
      [GC Worker Other (ms): Min: 0.1, Avg: 0.1, Max: 0.1, Diff: 0.1, Sum: 0.6]
      [GC Worker Total (ms): Min: 1.7, Avg: 1.7, Max: 1.7, Diff: 0.1, Sum: 10.2]
      [GC Worker End (ms): Min: 528997.2, Avg: 528997.2, Max: 528997.2, Diff: 0.1]
   [Code Root Fixup: 0.0 ms]
   [Code Root Purge: 0.0 ms]
   [Clear CT: 0.5 ms]
   [Other: 1.0 ms]
      [Choose CSet: 0.0 ms]
      [Ref Proc: 0.1 ms]
      [Ref Enq: 0.0 ms]
      [Redirty Cards: 0.1 ms]
      [Humongous Register: 0.0 ms]
      [Humongous Reclaim: 0.0 ms]
      [Free CSet: 0.7 ms]
   [Eden: 2444.0M(2444.0M)->0.0B(2444.0M) Survivors: 12288.0K->12288.0K Heap: 2475.7M(4096.0M)->33440.7K(4096.0M)]
 [Times: user=0.00 sys=0.00, real=0.01 secs] 
2024-10-12T19:01:18.720+0300: 528.999: Total time for which application threads were stopped: 0.0037217 seconds, Stopping threads took: 0.0001488 seconds
2024-10-12T19:01:19.499+0300: 529.779: Application time: 0.7796391 seconds
2024-10-12T19:01:19.499+0300: 529.779: [GC pause (G1 Evacuation Pause) (young), 0.0033142 secs]
   [Parallel Time: 1.8 ms, GC Workers: 6]
      [GC Worker Start (ms): Min: 529778.8, Avg: 529778.8, Max: 529778.9, Diff: 0.1]
      [Ext Root Scanning (ms): Min: 0.3, Avg: 0.3, Max: 0.4, Diff: 0.1, Sum: 2.0]
      [Update RS (ms): Min: 0.0, Avg: 0.1, Max: 0.1, Diff: 0.1, Sum: 0.5]
         [Processed Buffers: Min: 1, Avg: 2.2, Max: 5, Diff: 4, Sum: 13]
      [Scan RS (ms): Min: 0.1, Avg: 0.2, Max: 0.2, Diff: 0.1, Sum: 1.0]
      [Code Root Scanning (ms): Min: 0.0, Avg: 0.0, Max: 0.0, Diff: 0.0, Sum: 0.0]
      [Object Copy (ms): Min: 1.0, Avg: 1.0, Max: 1.0, Diff: 0.0, Sum: 5.9]
      [Termination (ms): Min: 0.0, Avg: 0.0, Max: 0.0, Diff: 0.0, Sum: 0.0]
         [Termination Attempts: Min: 1, Avg: 1.0, Max: 1, Diff: 0, Sum: 6]
      [GC Worker Other (ms): Min: 0.0, Avg: 0.1, Max: 0.1, Diff: 0.1, Sum: 0.5]
      [GC Worker Total (ms): Min: 1.6, Avg: 1.7, Max: 1.7, Diff: 0.1, Sum: 9.9]
      [GC Worker End (ms): Min: 529780.4, Avg: 529780.5, Max: 529780.5, Diff: 0.1]
   [Code Root Fixup: 0.0 ms]
   [Code Root Purge: 0.0 ms]
   [Clear CT: 0.5 ms]
   [Other: 1.0 ms]
      [Choose CSet: 0.0 ms]
      [Ref Proc: 0.1 ms]
      [Ref Enq: 0.0 ms]
      [Redirty Cards: 0.1 ms]
      [Humongous Register: 0.0 ms]
      [Humongous Reclaim: 0.0 ms]
      [Free CSet: 0.6 ms]
   [Eden: 2444.0M(2444.0M)->0.0B(2444.0M) Survivors: 12288.0K->12288.0K Heap: 2476.7M(4096.0M)->32824.6K(4096.0M)]
 [Times: user=0.00 sys=0.00, real=0.00 secs] 
2024-10-12T19:01:19.499+0300: 529.782: Total time for which application threads were stopped: 0.0037436 seconds, Stopping threads took: 0.0001321 seconds
2024-10-12T19:01:20.268+0300: 530.559: Application time: 0.7766449 seconds
2024-10-12T19:01:20.268+0300: 530.559: [GC pause (G1 Evacuation Pause) (young), 0.0042082 secs]
   [Parallel Time: 2.5 ms, GC Workers: 6]
      [GC Worker Start (ms): Min: 530559.3, Avg: 530559.4, Max: 530559.4, Diff: 0.1]
      [Ext Root Scanning (ms): Min: 0.3, Avg: 0.3, Max: 0.4, Diff: 0.1, Sum: 2.0]
      [Update RS (ms): Min: 0.0, Avg: 0.1, Max: 0.1, Diff: 0.1, Sum: 0.5]
         [Processed Buffers: Min: 1, Avg: 2.2, Max: 5, Diff: 4, Sum: 13]
      [Scan RS (ms): Min: 0.1, Avg: 0.2, Max: 0.2, Diff: 0.1, Sum: 1.1]
      [Code Root Scanning (ms): Min: 0.0, Avg: 0.0, Max: 0.0, Diff: 0.0, Sum: 0.0]
      [Object Copy (ms): Min: 1.6, Avg: 1.6, Max: 1.6, Diff: 0.0, Sum: 9.6]
      [Termination (ms): Min: 0.0, Avg: 0.0, Max: 0.0, Diff: 0.0, Sum: 0.0]
         [Termination Attempts: Min: 1, Avg: 1.0, Max: 1, Diff: 0, Sum: 6]
      [GC Worker Other (ms): Min: 0.0, Avg: 0.1, Max: 0.1, Diff: 0.1, Sum: 0.5]
      [GC Worker Total (ms): Min: 2.2, Avg: 2.3, Max: 2.3, Diff: 0.1, Sum: 13.6]
      [GC Worker End (ms): Min: 530561.6, Avg: 530561.6, Max: 530561.7, Diff: 0.1]
   [Code Root Fixup: 0.0 ms]
   [Code Root Purge: 0.0 ms]
   [Clear CT: 0.6 ms]
   [Other: 1.2 ms]
      [Choose CSet: 0.0 ms]
      [Ref Proc: 0.1 ms]
      [Ref Enq: 0.0 ms]
      [Redirty Cards: 0.1 ms]
      [Humongous Register: 0.0 ms]
      [Humongous Reclaim: 0.0 ms]
      [Free CSet: 0.7 ms]
   [Eden: 2444.0M(2444.0M)->0.0B(2444.0M) Survivors: 12288.0K->12288.0K Heap: 2476.1M(4096.0M)->33445.7K(4096.0M)]
 [Times: user=0.00 sys=0.00, real=0.02 secs] 
2024-10-12T19:01:20.283+0300: 530.564: Total time for which application threads were stopped: 0.0046840 seconds, Stopping threads took: 0.0002547 seconds
2024-10-12T19:01:21.057+0300: 531.338: Application time: 0.7741038 seconds
2024-10-12T19:01:21.057+0300: 531.338: [GC pause (G1 Evacuation Pause) (young), 0.0038588 secs]
   [Parallel Time: 2.3 ms, GC Workers: 6]
      [GC Worker Start (ms): Min: 531338.1, Avg: 531338.2, Max: 531338.5, Diff: 0.4]
      [Ext Root Scanning (ms): Min: 0.0, Avg: 0.3, Max: 0.4, Diff: 0.4, Sum: 1.9]
      [Update RS (ms): Min: 0.0, Avg: 0.1, Max: 0.1, Diff: 0.1, Sum: 0.5]
         [Processed Buffers: Min: 1, Avg: 2.2, Max: 4, Diff: 3, Sum: 13]
      [Scan RS (ms): Min: 0.1, Avg: 0.2, Max: 0.2, Diff: 0.1, Sum: 1.0]
      [Code Root Scanning (ms): Min: 0.0, Avg: 0.0, Max: 0.0, Diff: 0.0, Sum: 0.0]
      [Object Copy (ms): Min: 1.4, Avg: 1.4, Max: 1.5, Diff: 0.1, Sum: 8.5]
      [Termination (ms): Min: 0.0, Avg: 0.0, Max: 0.0, Diff: 0.0, Sum: 0.0]
         [Termination Attempts: Min: 1, Avg: 1.2, Max: 2, Diff: 1, Sum: 7]
      [GC Worker Other (ms): Min: 0.0, Avg: 0.1, Max: 0.1, Diff: 0.1, Sum: 0.6]
      [GC Worker Total (ms): Min: 1.8, Avg: 2.1, Max: 2.2, Diff: 0.4, Sum: 12.6]
      [GC Worker End (ms): Min: 531340.2, Avg: 531340.3, Max: 531340.3, Diff: 0.1]
   [Code Root Fixup: 0.0 ms]
   [Code Root Purge: 0.0 ms]
   [Clear CT: 0.6 ms]
   [Other: 1.0 ms]
      [Choose CSet: 0.0 ms]
      [Ref Proc: 0.1 ms]
      [Ref Enq: 0.0 ms]
      [Redirty Cards: 0.1 ms]
      [Humongous Register: 0.0 ms]
      [Humongous Reclaim: 0.0 ms]
      [Free CSet: 0.6 ms]
   [Eden: 2444.0M(2444.0M)->0.0B(2444.0M) Survivors: 12288.0K->12288.0K Heap: 2476.7M(4096.0M)->32504.2K(4096.0M)]
 [Times: user=0.00 sys=0.00, real=0.00 secs] 
2024-10-12T19:01:21.057+0300: 531.342: Total time for which application threads were stopped: 0.0043440 seconds, Stopping threads took: 0.0001827 seconds
2024-10-12T19:01:21.822+0300: 532.112: Application time: 0.7701533 seconds
2024-10-12T19:01:21.822+0300: 532.112: [GC pause (G1 Evacuation Pause) (young), 0.0040379 secs]
   [Parallel Time: 2.5 ms, GC Workers: 6]
      [GC Worker Start (ms): Min: 532112.5, Avg: 532112.6, Max: 532112.6, Diff: 0.1]
      [Ext Root Scanning (ms): Min: 0.3, Avg: 0.3, Max: 0.4, Diff: 0.1, Sum: 2.0]
      [Update RS (ms): Min: 0.1, Avg: 0.1, Max: 0.1, Diff: 0.1, Sum: 0.6]
         [Processed Buffers: Min: 1, Avg: 2.2, Max: 5, Diff: 4, Sum: 13]
      [Scan RS (ms): Min: 0.1, Avg: 0.2, Max: 0.2, Diff: 0.1, Sum: 1.1]
      [Code Root Scanning (ms): Min: 0.0, Avg: 0.0, Max: 0.0, Diff: 0.0, Sum: 0.0]
      [Object Copy (ms): Min: 1.6, Avg: 1.7, Max: 1.7, Diff: 0.1, Sum: 10.0]
      [Termination (ms): Min: 0.0, Avg: 0.0, Max: 0.0, Diff: 0.0, Sum: 0.0]
         [Termination Attempts: Min: 1, Avg: 1.0, Max: 1, Diff: 0, Sum: 6]
      [GC Worker Other (ms): Min: 0.0, Avg: 0.1, Max: 0.1, Diff: 0.1, Sum: 0.6]
      [GC Worker Total (ms): Min: 2.3, Avg: 2.4, Max: 2.4, Diff: 0.1, Sum: 14.2]
      [GC Worker End (ms): Min: 532114.9, Avg: 532114.9, Max: 532115.0, Diff: 0.1]
   [Code Root Fixup: 0.0 ms]
   [Code Root Purge: 0.0 ms]
   [Clear CT: 0.5 ms]
   [Other: 1.0 ms]
      [Choose CSet: 0.0 ms]
      [Ref Proc: 0.1 ms]
      [Ref Enq: 0.0 ms]
      [Redirty Cards: 0.1 ms]
      [Humongous Register: 0.0 ms]
      [Humongous Reclaim: 0.0 ms]
      [Free CSet: 0.6 ms]
   [Eden: 2444.0M(2444.0M)->0.0B(2444.0M) Survivors: 12288.0K->12288.0K Heap: 2475.7M(4096.0M)->33693.7K(4096.0M)]
 [Times: user=0.00 sys=0.00, real=0.01 secs] 
2024-10-12T19:01:21.837+0300: 532.117: Total time for which application threads were stopped: 0.0044525 seconds, Stopping threads took: 0.0001512 seconds
2024-10-12T19:01:22.607+0300: 532.897: Application time: 0.7804870 seconds
2024-10-12T19:01:22.607+0300: 532.897: [GC pause (G1 Evacuation Pause) (young), 0.0033559 secs]
   [Parallel Time: 1.8 ms, GC Workers: 6]
      [GC Worker Start (ms): Min: 532897.4, Avg: 532897.5, Max: 532897.5, Diff: 0.1]
      [Ext Root Scanning (ms): Min: 0.3, Avg: 0.3, Max: 0.4, Diff: 0.1, Sum: 2.0]
      [Update RS (ms): Min: 0.2, Avg: 0.3, Max: 0.4, Diff: 0.1, Sum: 1.8]
         [Processed Buffers: Min: 1, Avg: 2.7, Max: 5, Diff: 4, Sum: 16]
      [Scan RS (ms): Min: 0.1, Avg: 0.2, Max: 0.2, Diff: 0.1, Sum: 1.1]
      [Code Root Scanning (ms): Min: 0.0, Avg: 0.0, Max: 0.0, Diff: 0.0, Sum: 0.0]
      [Object Copy (ms): Min: 0.8, Avg: 0.8, Max: 0.8, Diff: 0.1, Sum: 4.8]
      [Termination (ms): Min: 0.0, Avg: 0.0, Max: 0.0, Diff: 0.0, Sum: 0.0]
         [Termination Attempts: Min: 1, Avg: 1.0, Max: 1, Diff: 0, Sum: 6]
      [GC Worker Other (ms): Min: 0.1, Avg: 0.1, Max: 0.1, Diff: 0.1, Sum: 0.6]
      [GC Worker Total (ms): Min: 1.7, Avg: 1.7, Max: 1.8, Diff: 0.1, Sum: 10.3]
      [GC Worker End (ms): Min: 532899.2, Avg: 532899.2, Max: 532899.2, Diff: 0.1]
   [Code Root Fixup: 0.0 ms]
   [Code Root Purge: 0.0 ms]
   [Clear CT: 0.5 ms]
   [Other: 1.0 ms]
      [Choose CSet: 0.0 ms]
      [Ref Proc: 0.1 ms]
      [Ref Enq: 0.0 ms]
      [Redirty Cards: 0.1 ms]
      [Humongous Register: 0.0 ms]
      [Humongous Reclaim: 0.0 ms]
      [Free CSet: 0.6 ms]
   [Eden: 2444.0M(2444.0M)->0.0B(2448.0M) Survivors: 12288.0K->8192.0K Heap: 2476.9M(4096.0M)->29685.7K(4096.0M)]
 [Times: user=0.00 sys=0.00, real=0.00 secs] 
2024-10-12T19:01:22.607+0300: 532.901: Total time for which application threads were stopped: 0.0037016 seconds, Stopping threads took: 0.0001322 seconds
2024-10-12T19:01:23.392+0300: 533.685: Application time: 0.7839954 seconds
2024-10-12T19:01:23.392+0300: 533.685: [GC pause (G1 Evacuation Pause) (young), 0.0032912 secs]
   [Parallel Time: 1.7 ms, GC Workers: 6]
      [GC Worker Start (ms): Min: 533685.2, Avg: 533685.2, Max: 533685.2, Diff: 0.1]
      [Ext Root Scanning (ms): Min: 0.3, Avg: 0.3, Max: 0.4, Diff: 0.1, Sum: 2.1]
      [Update RS (ms): Min: 0.1, Avg: 0.1, Max: 0.1, Diff: 0.0, Sum: 0.6]
         [Processed Buffers: Min: 1, Avg: 2.2, Max: 3, Diff: 2, Sum: 13]
      [Scan RS (ms): Min: 0.1, Avg: 0.2, Max: 0.2, Diff: 0.1, Sum: 1.1]
      [Code Root Scanning (ms): Min: 0.0, Avg: 0.0, Max: 0.0, Diff: 0.0, Sum: 0.0]
      [Object Copy (ms): Min: 0.9, Avg: 0.9, Max: 0.9, Diff: 0.1, Sum: 5.4]
      [Termination (ms): Min: 0.0, Avg: 0.0, Max: 0.0, Diff: 0.0, Sum: 0.0]
         [Termination Attempts: Min: 1, Avg: 1.0, Max: 1, Diff: 0, Sum: 6]
      [GC Worker Other (ms): Min: 0.0, Avg: 0.1, Max: 0.1, Diff: 0.1, Sum: 0.5]
      [GC Worker Total (ms): Min: 1.5, Avg: 1.6, Max: 1.7, Diff: 0.1, Sum: 9.7]
      [GC Worker End (ms): Min: 533686.8, Avg: 533686.8, Max: 533686.9, Diff: 0.1]
   [Code Root Fixup: 0.0 ms]
   [Code Root Purge: 0.0 ms]
   [Clear CT: 0.5 ms]
   [Other: 1.1 ms]
      [Choose CSet: 0.0 ms]
      [Ref Proc: 0.1 ms]
      [Ref Enq: 0.0 ms]
      [Redirty Cards: 0.1 ms]
      [Humongous Register: 0.0 ms]
      [Humongous Reclaim: 0.0 ms]
      [Free CSet: 0.7 ms]
   [Eden: 2448.0M(2448.0M)->0.0B(2446.0M) Survivors: 8192.0K->10240.0K Heap: 2477.0M(4096.0M)->31755.7K(4096.0M)]
 [Times: user=0.02 sys=0.00, real=0.02 secs] 
2024-10-12T19:01:23.407+0300: 533.689: Total time for which application threads were stopped: 0.0037399 seconds, Stopping threads took: 0.0001534 seconds
2024-10-12T19:01:24.192+0300: 534.472: Application time: 0.7834855 seconds
2024-10-12T19:01:24.192+0300: 534.472: [GC pause (G1 Evacuation Pause) (young), 0.0039239 secs]
   [Parallel Time: 2.2 ms, GC Workers: 6]
      [GC Worker Start (ms): Min: 534472.4, Avg: 534472.4, Max: 534472.5, Diff: 0.1]
      [Ext Root Scanning (ms): Min: 0.3, Avg: 0.3, Max: 0.4, Diff: 0.1, Sum: 2.0]
      [Update RS (ms): Min: 0.1, Avg: 0.1, Max: 0.2, Diff: 0.1, Sum: 0.6]
         [Processed Buffers: Min: 1, Avg: 2.2, Max: 3, Diff: 2, Sum: 13]
      [Scan RS (ms): Min: 0.1, Avg: 0.2, Max: 0.2, Diff: 0.1, Sum: 1.0]
      [Code Root Scanning (ms): Min: 0.0, Avg: 0.0, Max: 0.0, Diff: 0.0, Sum: 0.0]
      [Object Copy (ms): Min: 1.3, Avg: 1.3, Max: 1.3, Diff: 0.0, Sum: 7.8]
      [Termination (ms): Min: 0.0, Avg: 0.0, Max: 0.0, Diff: 0.0, Sum: 0.0]
         [Termination Attempts: Min: 1, Avg: 1.0, Max: 1, Diff: 0, Sum: 6]
      [GC Worker Other (ms): Min: 0.0, Avg: 0.1, Max: 0.2, Diff: 0.1, Sum: 0.5]
      [GC Worker Total (ms): Min: 1.9, Avg: 2.0, Max: 2.1, Diff: 0.2, Sum: 12.1]
      [GC Worker End (ms): Min: 534474.4, Avg: 534474.4, Max: 534474.5, Diff: 0.1]
   [Code Root Fixup: 0.0 ms]
   [Code Root Purge: 0.0 ms]
   [Clear CT: 0.6 ms]
   [Other: 1.1 ms]
      [Choose CSet: 0.0 ms]
      [Ref Proc: 0.1 ms]
      [Ref Enq: 0.0 ms]
      [Redirty Cards: 0.1 ms]
      [Humongous Register: 0.0 ms]
      [Humongous Reclaim: 0.0 ms]
      [Free CSet: 0.7 ms]
   [Eden: 2446.0M(2446.0M)->0.0B(2444.0M) Survivors: 10240.0K->12288.0K Heap: 2477.0M(4096.0M)->33757.5K(4096.0M)]
 [Times: user=0.02 sys=0.00, real=0.00 secs] 
2024-10-12T19:01:24.192+0300: 534.476: Total time for which application threads were stopped: 0.0042925 seconds, Stopping threads took: 0.0001352 seconds
2024-10-12T19:01:24.967+0300: 535.256: Application time: 0.7800872 seconds
2024-10-12T19:01:24.967+0300: 535.257: [GC pause (G1 Evacuation Pause) (young), 0.0034393 secs]
   [Parallel Time: 1.7 ms, GC Workers: 6]
      [GC Worker Start (ms): Min: 535256.9, Avg: 535256.9, Max: 535257.0, Diff: 0.1]
      [Ext Root Scanning (ms): Min: 0.2, Avg: 0.3, Max: 0.4, Diff: 0.1, Sum: 2.0]
      [Update RS (ms): Min: 0.1, Avg: 0.1, Max: 0.2, Diff: 0.1, Sum: 0.6]
         [Processed Buffers: Min: 1, Avg: 2.2, Max: 4, Diff: 3, Sum: 13]
      [Scan RS (ms): Min: 0.1, Avg: 0.2, Max: 0.2, Diff: 0.0, Sum: 1.0]
      [Code Root Scanning (ms): Min: 0.0, Avg: 0.0, Max: 0.0, Diff: 0.0, Sum: 0.0]
      [Object Copy (ms): Min: 0.7, Avg: 0.7, Max: 0.8, Diff: 0.1, Sum: 4.4]
      [Termination (ms): Min: 0.0, Avg: 0.0, Max: 0.0, Diff: 0.0, Sum: 0.0]
         [Termination Attempts: Min: 1, Avg: 1.0, Max: 1, Diff: 0, Sum: 6]
      [GC Worker Other (ms): Min: 0.1, Avg: 0.1, Max: 0.2, Diff: 0.1, Sum: 0.7]
      [GC Worker Total (ms): Min: 1.4, Avg: 1.5, Max: 1.5, Diff: 0.1, Sum: 8.8]
      [GC Worker End (ms): Min: 535258.3, Avg: 535258.4, Max: 535258.4, Diff: 0.1]
   [Code Root Fixup: 0.0 ms]
   [Code Root Purge: 0.0 ms]
   [Clear CT: 0.5 ms]
   [Other: 1.2 ms]
      [Choose CSet: 0.0 ms]
      [Ref Proc: 0.2 ms]
      [Ref Enq: 0.0 ms]
      [Redirty Cards: 0.1 ms]
      [Humongous Register: 0.0 ms]
      [Humongous Reclaim: 0.0 ms]
      [Free CSet: 0.7 ms]
   [Eden: 2444.0M(2444.0M)->0.0B(2448.0M) Survivors: 12288.0K->8192.0K Heap: 2477.0M(4096.0M)->29715.7K(4096.0M)]
 [Times: user=0.00 sys=0.02, real=0.01 secs] 
2024-10-12T19:01:24.978+0300: 535.260: Total time for which application threads were stopped: 0.0039248 seconds, Stopping threads took: 0.0001425 seconds
2024-10-12T19:01:25.747+0300: 536.035: Application time: 0.7743785 seconds
2024-10-12T19:01:25.747+0300: 536.035: [GC pause (G1 Evacuation Pause) (young), 0.0032494 secs]
   [Parallel Time: 1.7 ms, GC Workers: 6]
      [GC Worker Start (ms): Min: 536035.1, Avg: 536035.2, Max: 536035.2, Diff: 0.1]
      [Ext Root Scanning (ms): Min: 0.3, Avg: 0.3, Max: 0.4, Diff: 0.1, Sum: 2.0]
      [Update RS (ms): Min: 0.1, Avg: 0.1, Max: 0.1, Diff: 0.0, Sum: 0.6]
         [Processed Buffers: Min: 1, Avg: 2.2, Max: 4, Diff: 3, Sum: 13]
      [Scan RS (ms): Min: 0.1, Avg: 0.2, Max: 0.2, Diff: 0.1, Sum: 1.1]
      [Code Root Scanning (ms): Min: 0.0, Avg: 0.0, Max: 0.0, Diff: 0.0, Sum: 0.0]
      [Object Copy (ms): Min: 0.8, Avg: 0.8, Max: 0.9, Diff: 0.1, Sum: 4.9]
      [Termination (ms): Min: 0.0, Avg: 0.0, Max: 0.0, Diff: 0.0, Sum: 0.0]
         [Termination Attempts: Min: 1, Avg: 1.7, Max: 2, Diff: 1, Sum: 10]
      [GC Worker Other (ms): Min: 0.0, Avg: 0.1, Max: 0.1, Diff: 0.1, Sum: 0.5]
      [GC Worker Total (ms): Min: 1.5, Avg: 1.5, Max: 1.6, Diff: 0.1, Sum: 9.2]
      [GC Worker End (ms): Min: 536036.6, Avg: 536036.7, Max: 536036.7, Diff: 0.1]
   [Code Root Fixup: 0.0 ms]
   [Code Root Purge: 0.0 ms]
   [Clear CT: 0.5 ms]
   [Other: 1.1 ms]
      [Choose CSet: 0.0 ms]
      [Ref Proc: 0.1 ms]
      [Ref Enq: 0.0 ms]
      [Redirty Cards: 0.1 ms]
      [Humongous Register: 0.0 ms]
      [Humongous Reclaim: 0.0 ms]
      [Free CSet: 0.7 ms]
   [Eden: 2448.0M(2448.0M)->0.0B(2446.0M) Survivors: 8192.0K->10240.0K Heap: 2477.0M(4096.0M)->31739.5K(4096.0M)]
 [Times: user=0.00 sys=0.00, real=0.00 secs] 
2024-10-12T19:01:25.747+0300: 536.038: Total time for which application threads were stopped: 0.0036494 seconds, Stopping threads took: 0.0001714 seconds
2024-10-12T19:01:26.532+0300: 536.820: Application time: 0.7818234 seconds
2024-10-12T19:01:26.532+0300: 536.821: [GC pause (G1 Evacuation Pause) (young), 0.0030747 secs]
   [Parallel Time: 1.5 ms, GC Workers: 6]
      [GC Worker Start (ms): Min: 536820.6, Avg: 536820.6, Max: 536820.7, Diff: 0.1]
      [Ext Root Scanning (ms): Min: 0.3, Avg: 0.3, Max: 0.3, Diff: 0.1, Sum: 1.9]
      [Update RS (ms): Min: 0.1, Avg: 0.1, Max: 0.1, Diff: 0.1, Sum: 0.6]
         [Processed Buffers: Min: 1, Avg: 2.2, Max: 3, Diff: 2, Sum: 13]
      [Scan RS (ms): Min: 0.2, Avg: 0.2, Max: 0.2, Diff: 0.0, Sum: 1.0]
      [Code Root Scanning (ms): Min: 0.0, Avg: 0.0, Max: 0.0, Diff: 0.0, Sum: 0.0]
      [Object Copy (ms): Min: 0.7, Avg: 0.8, Max: 0.8, Diff: 0.0, Sum: 4.6]
      [Termination (ms): Min: 0.0, Avg: 0.0, Max: 0.0, Diff: 0.0, Sum: 0.0]
         [Termination Attempts: Min: 1, Avg: 1.2, Max: 2, Diff: 1, Sum: 7]
      [GC Worker Other (ms): Min: 0.0, Avg: 0.1, Max: 0.1, Diff: 0.1, Sum: 0.5]
      [GC Worker Total (ms): Min: 1.4, Avg: 1.4, Max: 1.5, Diff: 0.1, Sum: 8.7]
      [GC Worker End (ms): Min: 536822.0, Avg: 536822.1, Max: 536822.1, Diff: 0.1]
   [Code Root Fixup: 0.0 ms]
   [Code Root Purge: 0.0 ms]
   [Clear CT: 0.5 ms]
   [Other: 1.0 ms]
      [Choose CSet: 0.0 ms]
      [Ref Proc: 0.1 ms]
      [Ref Enq: 0.0 ms]
      [Redirty Cards: 0.1 ms]
      [Humongous Register: 0.0 ms]
      [Humongous Reclaim: 0.0 ms]
      [Free CSet: 0.7 ms]
   [Eden: 2446.0M(2446.0M)->0.0B(2446.0M) Survivors: 10240.0K->10240.0K Heap: 2477.0M(4096.0M)->31717.7K(4096.0M)]
 [Times: user=0.00 sys=0.00, real=0.00 secs] 
2024-10-12T19:01:26.532+0300: 536.824: Total time for which application threads were stopped: 0.0035089 seconds, Stopping threads took: 0.0002117 seconds
2024-10-12T19:01:27.316+0300: 537.608: Application time: 0.7847363 seconds
2024-10-12T19:01:27.316+0300: 537.609: [GC pause (G1 Evacuation Pause) (young), 0.0032765 secs]
   [Parallel Time: 1.6 ms, GC Workers: 6]
      [GC Worker Start (ms): Min: 537608.8, Avg: 537608.9, Max: 537608.9, Diff: 0.1]
      [Ext Root Scanning (ms): Min: 0.3, Avg: 0.3, Max: 0.4, Diff: 0.1, Sum: 2.0]
      [Update RS (ms): Min: 0.1, Avg: 0.1, Max: 0.1, Diff: 0.0, Sum: 0.6]
         [Processed Buffers: Min: 1, Avg: 2.2, Max: 3, Diff: 2, Sum: 13]
      [Scan RS (ms): Min: 0.2, Avg: 0.2, Max: 0.2, Diff: 0.1, Sum: 1.1]
      [Code Root Scanning (ms): Min: 0.0, Avg: 0.0, Max: 0.0, Diff: 0.0, Sum: 0.0]
      [Object Copy (ms): Min: 0.8, Avg: 0.8, Max: 0.8, Diff: 0.1, Sum: 4.7]
      [Termination (ms): Min: 0.0, Avg: 0.0, Max: 0.1, Diff: 0.1, Sum: 0.3]
         [Termination Attempts: Min: 1, Avg: 1.3, Max: 2, Diff: 1, Sum: 8]
      [GC Worker Other (ms): Min: 0.0, Avg: 0.0, Max: 0.1, Diff: 0.0, Sum: 0.3]
      [GC Worker Total (ms): Min: 1.4, Avg: 1.5, Max: 1.5, Diff: 0.1, Sum: 9.0]
      [GC Worker End (ms): Min: 537610.4, Avg: 537610.4, Max: 537610.4, Diff: 0.1]
   [Code Root Fixup: 0.0 ms]
   [Code Root Purge: 0.0 ms]
   [Clear CT: 0.5 ms]
   [Other: 1.1 ms]
      [Choose CSet: 0.0 ms]
      [Ref Proc: 0.1 ms]
      [Ref Enq: 0.0 ms]
      [Redirty Cards: 0.1 ms]
      [Humongous Register: 0.1 ms]
      [Humongous Reclaim: 0.0 ms]
      [Free CSet: 0.7 ms]
   [Eden: 2446.0M(2446.0M)->0.0B(2446.0M) Survivors: 10240.0K->10240.0K Heap: 2477.0M(4096.0M)->32614.0K(4096.0M)]
 [Times: user=0.02 sys=0.00, real=0.02 secs] 
2024-10-12T19:01:27.331+0300: 537.612: Total time for which application threads were stopped: 0.0036676 seconds, Stopping threads took: 0.0001693 seconds
2024-10-12T19:01:28.101+0300: 538.394: Application time: 0.7817670 seconds
2024-10-12T19:01:28.101+0300: 538.394: [GC pause (G1 Evacuation Pause) (young), 0.0034352 secs]
   [Parallel Time: 1.7 ms, GC Workers: 6]
      [GC Worker Start (ms): Min: 538394.3, Avg: 538394.4, Max: 538394.4, Diff: 0.1]
      [Ext Root Scanning (ms): Min: 0.3, Avg: 0.4, Max: 0.4, Diff: 0.1, Sum: 2.1]
      [Update RS (ms): Min: 0.1, Avg: 0.1, Max: 0.1, Diff: 0.1, Sum: 0.6]
         [Processed Buffers: Min: 1, Avg: 2.2, Max: 3, Diff: 2, Sum: 13]
      [Scan RS (ms): Min: 0.2, Avg: 0.2, Max: 0.2, Diff: 0.0, Sum: 1.0]
      [Code Root Scanning (ms): Min: 0.0, Avg: 0.0, Max: 0.0, Diff: 0.0, Sum: 0.0]
      [Object Copy (ms): Min: 0.8, Avg: 0.8, Max: 0.9, Diff: 0.1, Sum: 5.0]
      [Termination (ms): Min: 0.0, Avg: 0.0, Max: 0.1, Diff: 0.1, Sum: 0.2]
         [Termination Attempts: Min: 1, Avg: 2.0, Max: 4, Diff: 3, Sum: 12]
      [GC Worker Other (ms): Min: 0.0, Avg: 0.1, Max: 0.1, Diff: 0.1, Sum: 0.4]
      [GC Worker Total (ms): Min: 1.5, Avg: 1.6, Max: 1.6, Diff: 0.1, Sum: 9.4]
      [GC Worker End (ms): Min: 538395.9, Avg: 538395.9, Max: 538396.0, Diff: 0.1]
   [Code Root Fixup: 0.0 ms]
   [Code Root Purge: 0.0 ms]
   [Clear CT: 0.5 ms]
   [Other: 1.2 ms]
      [Choose CSet: 0.0 ms]
      [Ref Proc: 0.2 ms]
      [Ref Enq: 0.0 ms]
      [Redirty Cards: 0.1 ms]
      [Humongous Register: 0.1 ms]
      [Humongous Reclaim: 0.0 ms]
      [Free CSet: 0.7 ms]
   [Eden: 2446.0M(2446.0M)->0.0B(2446.0M) Survivors: 10240.0K->10240.0K Heap: 2477.8M(4096.0M)->31689.2K(4096.0M)]
 [Times: user=0.01 sys=0.00, real=0.02 secs] 
2024-10-12T19:01:28.117+0300: 538.398: Total time for which application threads were stopped: 0.0038533 seconds, Stopping threads took: 0.0001722 seconds
2024-10-12T19:01:28.886+0300: 539.168: Application time: 0.7702475 seconds
2024-10-12T19:01:28.886+0300: 539.168: [GC pause (G1 Evacuation Pause) (young), 0.0030738 secs]
   [Parallel Time: 1.6 ms, GC Workers: 6]
      [GC Worker Start (ms): Min: 539168.4, Avg: 539168.4, Max: 539168.4, Diff: 0.1]
      [Ext Root Scanning (ms): Min: 0.3, Avg: 0.3, Max: 0.4, Diff: 0.1, Sum: 2.0]
      [Update RS (ms): Min: 0.1, Avg: 0.1, Max: 0.1, Diff: 0.1, Sum: 0.6]
         [Processed Buffers: Min: 1, Avg: 2.2, Max: 4, Diff: 3, Sum: 13]
      [Scan RS (ms): Min: 0.1, Avg: 0.2, Max: 0.2, Diff: 0.1, Sum: 1.0]
      [Code Root Scanning (ms): Min: 0.0, Avg: 0.0, Max: 0.0, Diff: 0.0, Sum: 0.0]
      [Object Copy (ms): Min: 0.7, Avg: 0.7, Max: 0.8, Diff: 0.0, Sum: 4.5]
      [Termination (ms): Min: 0.0, Avg: 0.0, Max: 0.0, Diff: 0.0, Sum: 0.0]
         [Termination Attempts: Min: 1, Avg: 3.2, Max: 5, Diff: 4, Sum: 19]
      [GC Worker Other (ms): Min: 0.0, Avg: 0.1, Max: 0.1, Diff: 0.1, Sum: 0.5]
      [GC Worker Total (ms): Min: 1.4, Avg: 1.4, Max: 1.5, Diff: 0.1, Sum: 8.5]
      [GC Worker End (ms): Min: 539169.8, Avg: 539169.8, Max: 539169.9, Diff: 0.1]
   [Code Root Fixup: 0.0 ms]
   [Code Root Purge: 0.0 ms]
   [Clear CT: 0.5 ms]
   [Other: 1.0 ms]
      [Choose CSet: 0.0 ms]
      [Ref Proc: 0.1 ms]
      [Ref Enq: 0.0 ms]
      [Redirty Cards: 0.1 ms]
      [Humongous Register: 0.0 ms]
      [Humongous Reclaim: 0.0 ms]
      [Free CSet: 0.6 ms]
   [Eden: 2446.0M(2446.0M)->0.0B(2446.0M) Survivors: 10240.0K->10240.0K Heap: 2476.9M(4096.0M)->31684.8K(4096.0M)]
 [Times: user=0.00 sys=0.00, real=0.00 secs] 
2024-10-12T19:01:28.886+0300: 539.171: Total time for which application threads were stopped: 0.0034435 seconds, Stopping threads took: 0.0001402 seconds
2024-10-12T19:01:29.656+0300: 539.950: Application time: 0.7780949 seconds
2024-10-12T19:01:29.656+0300: 539.950: [GC pause (G1 Evacuation Pause) (young), 0.0031281 secs]
   [Parallel Time: 1.6 ms, GC Workers: 6]
      [GC Worker Start (ms): Min: 539950.0, Avg: 539950.0, Max: 539950.0, Diff: 0.1]
      [Ext Root Scanning (ms): Min: 0.3, Avg: 0.3, Max: 0.4, Diff: 0.1, Sum: 2.0]
      [Update RS (ms): Min: 0.0, Avg: 0.1, Max: 0.2, Diff: 0.2, Sum: 0.6]
         [Processed Buffers: Min: 0, Avg: 2.2, Max: 5, Diff: 5, Sum: 13]
      [Scan RS (ms): Min: 0.1, Avg: 0.2, Max: 0.2, Diff: 0.1, Sum: 1.1]
      [Code Root Scanning (ms): Min: 0.0, Avg: 0.0, Max: 0.0, Diff: 0.0, Sum: 0.0]
      [Object Copy (ms): Min: 0.7, Avg: 0.8, Max: 1.0, Diff: 0.3, Sum: 4.9]
      [Termination (ms): Min: 0.0, Avg: 0.0, Max: 0.0, Diff: 0.0, Sum: 0.0]
         [Termination Attempts: Min: 1, Avg: 1.0, Max: 1, Diff: 0, Sum: 6]
      [GC Worker Other (ms): Min: 0.0, Avg: 0.1, Max: 0.1, Diff: 0.1, Sum: 0.5]
      [GC Worker Total (ms): Min: 1.4, Avg: 1.5, Max: 1.6, Diff: 0.1, Sum: 9.1]
      [GC Worker End (ms): Min: 539951.5, Avg: 539951.5, Max: 539951.6, Diff: 0.1]
   [Code Root Fixup: 0.0 ms]
   [Code Root Purge: 0.0 ms]
   [Clear CT: 0.5 ms]
   [Other: 1.0 ms]
      [Choose CSet: 0.0 ms]
      [Ref Proc: 0.1 ms]
      [Ref Enq: 0.0 ms]
      [Redirty Cards: 0.1 ms]
      [Humongous Register: 0.0 ms]
      [Humongous Reclaim: 0.0 ms]
      [Free CSet: 0.6 ms]
   [Eden: 2446.0M(2446.0M)->0.0B(2446.0M) Survivors: 10240.0K->10240.0K Heap: 2476.9M(4096.0M)->31673.5K(4096.0M)]
 [Times: user=0.02 sys=0.00, real=0.02 secs] 
2024-10-12T19:01:29.671+0300: 539.953: Total time for which application threads were stopped: 0.0035614 seconds, Stopping threads took: 0.0002111 seconds
2024-10-12T19:01:30.441+0300: 540.733: Application time: 0.7802641 seconds
2024-10-12T19:01:30.441+0300: 540.734: [GC pause (G1 Evacuation Pause) (young), 0.0033724 secs]
   [Parallel Time: 1.6 ms, GC Workers: 6]
      [GC Worker Start (ms): Min: 540733.9, Avg: 540733.9, Max: 540734.0, Diff: 0.1]
      [Ext Root Scanning (ms): Min: 0.3, Avg: 0.3, Max: 0.4, Diff: 0.1, Sum: 2.0]
      [Update RS (ms): Min: 0.1, Avg: 0.1, Max: 0.1, Diff: 0.0, Sum: 0.6]
         [Processed Buffers: Min: 1, Avg: 2.2, Max: 5, Diff: 4, Sum: 13]
      [Scan RS (ms): Min: 0.2, Avg: 0.2, Max: 0.2, Diff: 0.0, Sum: 1.0]
      [Code Root Scanning (ms): Min: 0.0, Avg: 0.0, Max: 0.0, Diff: 0.0, Sum: 0.0]
      [Object Copy (ms): Min: 0.7, Avg: 0.8, Max: 0.8, Diff: 0.0, Sum: 4.6]
      [Termination (ms): Min: 0.0, Avg: 0.0, Max: 0.0, Diff: 0.0, Sum: 0.0]
         [Termination Attempts: Min: 1, Avg: 1.0, Max: 1, Diff: 0, Sum: 6]
      [GC Worker Other (ms): Min: 0.0, Avg: 0.1, Max: 0.2, Diff: 0.1, Sum: 0.6]
      [GC Worker Total (ms): Min: 1.4, Avg: 1.5, Max: 1.6, Diff: 0.1, Sum: 8.9]
      [GC Worker End (ms): Min: 540735.3, Avg: 540735.4, Max: 540735.5, Diff: 0.1]
   [Code Root Fixup: 0.0 ms]
   [Code Root Purge: 0.0 ms]
   [Clear CT: 0.6 ms]
   [Other: 1.1 ms]
      [Choose CSet: 0.0 ms]
      [Ref Proc: 0.1 ms]
      [Ref Enq: 0.0 ms]
      [Redirty Cards: 0.1 ms]
      [Humongous Register: 0.1 ms]
      [Humongous Reclaim: 0.0 ms]
      [Free CSet: 0.7 ms]
   [Eden: 2446.0M(2446.0M)->0.0B(2446.0M) Survivors: 10240.0K->10240.0K Heap: 2476.9M(4096.0M)->32607.1K(4096.0M)]
 [Times: user=0.00 sys=0.00, real=0.02 secs] 
2024-10-12T19:01:30.457+0300: 540.737: Total time for which application threads were stopped: 0.0039016 seconds, Stopping threads took: 0.0002784 seconds
2024-10-12T19:01:31.226+0300: 541.516: Application time: 0.7785971 seconds
2024-10-12T19:01:31.226+0300: 541.516: [GC pause (G1 Evacuation Pause) (young), 0.0037835 secs]
   [Parallel Time: 2.2 ms, GC Workers: 6]
      [GC Worker Start (ms): Min: 541516.3, Avg: 541516.3, Max: 541516.3, Diff: 0.0]
      [Ext Root Scanning (ms): Min: 0.3, Avg: 0.3, Max: 0.3, Diff: 0.0, Sum: 1.9]
      [Update RS (ms): Min: 0.1, Avg: 0.1, Max: 0.1, Diff: 0.0, Sum: 0.6]
         [Processed Buffers: Min: 1, Avg: 2.2, Max: 3, Diff: 2, Sum: 13]
      [Scan RS (ms): Min: 0.2, Avg: 0.2, Max: 0.2, Diff: 0.0, Sum: 1.1]
      [Code Root Scanning (ms): Min: 0.0, Avg: 0.0, Max: 0.0, Diff: 0.0, Sum: 0.0]
      [Object Copy (ms): Min: 1.2, Avg: 1.3, Max: 1.3, Diff: 0.0, Sum: 7.5]
      [Termination (ms): Min: 0.0, Avg: 0.0, Max: 0.0, Diff: 0.0, Sum: 0.0]
         [Termination Attempts: Min: 1, Avg: 1.0, Max: 1, Diff: 0, Sum: 6]
      [GC Worker Other (ms): Min: 0.0, Avg: 0.1, Max: 0.1, Diff: 0.1, Sum: 0.4]
      [GC Worker Total (ms): Min: 1.9, Avg: 1.9, Max: 2.0, Diff: 0.1, Sum: 11.6]
      [GC Worker End (ms): Min: 541518.2, Avg: 541518.2, Max: 541518.3, Diff: 0.1]
   [Code Root Fixup: 0.0 ms]
   [Code Root Purge: 0.0 ms]
   [Clear CT: 0.5 ms]
   [Other: 1.1 ms]
      [Choose CSet: 0.0 ms]
      [Ref Proc: 0.1 ms]
      [Ref Enq: 0.0 ms]
      [Redirty Cards: 0.1 ms]
      [Humongous Register: 0.0 ms]
      [Humongous Reclaim: 0.0 ms]
      [Free CSet: 0.7 ms]
   [Eden: 2446.0M(2446.0M)->0.0B(2444.0M) Survivors: 10240.0K->12288.0K Heap: 2477.8M(4096.0M)->34700.9K(4096.0M)]
 [Times: user=0.00 sys=0.00, real=0.00 secs] 
2024-10-12T19:01:31.226+0300: 541.520: Total time for which application threads were stopped: 0.0041815 seconds, Stopping threads took: 0.0001741 seconds
2024-10-12T19:01:32.011+0300: 542.297: Application time: 0.7769428 seconds
2024-10-12T19:01:32.011+0300: 542.297: [GC pause (G1 Evacuation Pause) (young), 0.0037227 secs]
   [Parallel Time: 1.9 ms, GC Workers: 6]
      [GC Worker Start (ms): Min: 542297.5, Avg: 542297.5, Max: 542297.6, Diff: 0.1]
      [Ext Root Scanning (ms): Min: 0.3, Avg: 0.5, Max: 1.6, Diff: 1.3, Sum: 3.2]
      [Update RS (ms): Min: 0.0, Avg: 0.1, Max: 0.1, Diff: 0.1, Sum: 0.6]
         [Processed Buffers: Min: 0, Avg: 2.2, Max: 3, Diff: 3, Sum: 13]
      [Scan RS (ms): Min: 0.1, Avg: 0.2, Max: 0.2, Diff: 0.1, Sum: 1.0]
      [Code Root Scanning (ms): Min: 0.0, Avg: 0.0, Max: 0.0, Diff: 0.0, Sum: 0.0]
      [Object Copy (ms): Min: 0.0, Avg: 0.8, Max: 0.9, Diff: 0.9, Sum: 4.6]
      [Termination (ms): Min: 0.0, Avg: 0.1, Max: 0.2, Diff: 0.2, Sum: 0.6]
         [Termination Attempts: Min: 1, Avg: 1.5, Max: 2, Diff: 1, Sum: 9]
      [GC Worker Other (ms): Min: 0.0, Avg: 0.1, Max: 0.1, Diff: 0.1, Sum: 0.3]
      [GC Worker Total (ms): Min: 1.7, Avg: 1.7, Max: 1.8, Diff: 0.1, Sum: 10.4]
      [GC Worker End (ms): Min: 542299.2, Avg: 542299.2, Max: 542299.3, Diff: 0.1]
   [Code Root Fixup: 0.0 ms]
   [Code Root Purge: 0.0 ms]
   [Clear CT: 0.6 ms]
   [Other: 1.3 ms]
      [Choose CSet: 0.0 ms]
      [Ref Proc: 0.1 ms]
      [Ref Enq: 0.0 ms]
      [Redirty Cards: 0.1 ms]
      [Humongous Register: 0.1 ms]
      [Humongous Reclaim: 0.0 ms]
      [Free CSet: 0.8 ms]
   [Eden: 2444.0M(2444.0M)->0.0B(2444.0M) Survivors: 12288.0K->12288.0K Heap: 2477.9M(4096.0M)->33834.2K(4096.0M)]
 [Times: user=0.00 sys=0.00, real=0.00 secs] 
2024-10-12T19:01:32.011+0300: 542.301: Total time for which application threads were stopped: 0.0042045 seconds, Stopping threads took: 0.0002328 seconds
2024-10-12T19:01:32.787+0300: 543.074: Application time: 0.7727432 seconds
2024-10-12T19:01:32.787+0300: 543.074: [GC pause (G1 Evacuation Pause) (young), 0.0032175 secs]
   [Parallel Time: 1.7 ms, GC Workers: 6]
      [GC Worker Start (ms): Min: 543074.3, Avg: 543074.4, Max: 543074.4, Diff: 0.1]
      [Ext Root Scanning (ms): Min: 0.3, Avg: 0.3, Max: 0.4, Diff: 0.1, Sum: 2.0]
      [Update RS (ms): Min: 0.1, Avg: 0.1, Max: 0.1, Diff: 0.1, Sum: 0.6]
         [Processed Buffers: Min: 1, Avg: 2.0, Max: 4, Diff: 3, Sum: 12]
      [Scan RS (ms): Min: 0.2, Avg: 0.2, Max: 0.3, Diff: 0.2, Sum: 1.4]
      [Code Root Scanning (ms): Min: 0.0, Avg: 0.0, Max: 0.0, Diff: 0.0, Sum: 0.0]
      [Object Copy (ms): Min: 0.7, Avg: 0.8, Max: 0.9, Diff: 0.2, Sum: 4.8]
      [Termination (ms): Min: 0.0, Avg: 0.0, Max: 0.0, Diff: 0.0, Sum: 0.0]
         [Termination Attempts: Min: 1, Avg: 1.2, Max: 2, Diff: 1, Sum: 7]
      [GC Worker Other (ms): Min: 0.1, Avg: 0.1, Max: 0.1, Diff: 0.1, Sum: 0.6]
      [GC Worker Total (ms): Min: 1.5, Avg: 1.6, Max: 1.6, Diff: 0.1, Sum: 9.5]
      [GC Worker End (ms): Min: 543075.9, Avg: 543076.0, Max: 543076.0, Diff: 0.1]
   [Code Root Fixup: 0.0 ms]
   [Code Root Purge: 0.0 ms]
   [Clear CT: 0.5 ms]
   [Other: 1.0 ms]
      [Choose CSet: 0.0 ms]
      [Ref Proc: 0.1 ms]
      [Ref Enq: 0.0 ms]
      [Redirty Cards: 0.1 ms]
      [Humongous Register: 0.1 ms]
      [Humongous Reclaim: 0.0 ms]
      [Free CSet: 0.6 ms]
   [Eden: 2444.0M(2444.0M)->0.0B(2448.0M) Survivors: 12288.0K->8192.0K Heap: 2477.0M(4096.0M)->30707.0K(4096.0M)]
 [Times: user=0.02 sys=0.00, real=0.01 secs] 
2024-10-12T19:01:32.796+0300: 543.078: Total time for which application threads were stopped: 0.0035981 seconds, Stopping threads took: 0.0001694 seconds
2024-10-12T19:01:33.580+0300: 543.861: Application time: 0.7832396 seconds
2024-10-12T19:01:33.580+0300: 543.861: [GC pause (G1 Evacuation Pause) (young), 0.0033269 secs]
   [Parallel Time: 1.7 ms, GC Workers: 6]
      [GC Worker Start (ms): Min: 543861.2, Avg: 543861.2, Max: 543861.2, Diff: 0.0]
      [Ext Root Scanning (ms): Min: 0.3, Avg: 0.3, Max: 0.4, Diff: 0.1, Sum: 1.9]
      [Update RS (ms): Min: 0.1, Avg: 0.1, Max: 0.1, Diff: 0.1, Sum: 0.6]
         [Processed Buffers: Min: 1, Avg: 2.2, Max: 3, Diff: 2, Sum: 13]
      [Scan RS (ms): Min: 0.2, Avg: 0.2, Max: 0.2, Diff: 0.0, Sum: 1.0]
      [Code Root Scanning (ms): Min: 0.0, Avg: 0.0, Max: 0.0, Diff: 0.0, Sum: 0.0]
      [Object Copy (ms): Min: 0.8, Avg: 0.8, Max: 0.9, Diff: 0.0, Sum: 5.0]
      [Termination (ms): Min: 0.0, Avg: 0.0, Max: 0.0, Diff: 0.0, Sum: 0.0]
         [Termination Attempts: Min: 1, Avg: 1.2, Max: 2, Diff: 1, Sum: 7]
      [GC Worker Other (ms): Min: 0.0, Avg: 0.2, Max: 0.2, Diff: 0.2, Sum: 1.0]
      [GC Worker Total (ms): Min: 1.5, Avg: 1.6, Max: 1.7, Diff: 0.2, Sum: 9.6]
      [GC Worker End (ms): Min: 543862.7, Avg: 543862.8, Max: 543862.9, Diff: 0.2]
   [Code Root Fixup: 0.0 ms]
   [Code Root Purge: 0.0 ms]
   [Clear CT: 0.5 ms]
   [Other: 1.0 ms]
      [Choose CSet: 0.0 ms]
      [Ref Proc: 0.1 ms]
      [Ref Enq: 0.0 ms]
      [Redirty Cards: 0.1 ms]
      [Humongous Register: 0.0 ms]
      [Humongous Reclaim: 0.0 ms]
      [Free CSet: 0.6 ms]
   [Eden: 2448.0M(2448.0M)->0.0B(2446.0M) Survivors: 8192.0K->10240.0K Heap: 2478.0M(4096.0M)->32557.4K(4096.0M)]
 [Times: user=0.00 sys=0.00, real=0.00 secs] 
2024-10-12T19:01:33.580+0300: 543.865: Total time for which application threads were stopped: 0.0036975 seconds, Stopping threads took: 0.0001234 seconds
2024-10-12T19:01:34.365+0300: 544.648: Application time: 0.7836370 seconds
2024-10-12T19:01:34.365+0300: 544.648: [GC pause (G1 Evacuation Pause) (young), 0.0031714 secs]
   [Parallel Time: 1.6 ms, GC Workers: 6]
      [GC Worker Start (ms): Min: 544648.6, Avg: 544648.6, Max: 544648.6, Diff: 0.1]
      [Ext Root Scanning (ms): Min: 0.3, Avg: 0.3, Max: 0.4, Diff: 0.1, Sum: 1.9]
      [Update RS (ms): Min: 0.1, Avg: 0.1, Max: 0.1, Diff: 0.0, Sum: 0.6]
         [Processed Buffers: Min: 1, Avg: 2.2, Max: 3, Diff: 2, Sum: 13]
      [Scan RS (ms): Min: 0.1, Avg: 0.2, Max: 0.2, Diff: 0.0, Sum: 1.0]
      [Code Root Scanning (ms): Min: 0.0, Avg: 0.0, Max: 0.0, Diff: 0.0, Sum: 0.0]
      [Object Copy (ms): Min: 0.8, Avg: 0.8, Max: 0.8, Diff: 0.0, Sum: 4.6]
      [Termination (ms): Min: 0.0, Avg: 0.0, Max: 0.0, Diff: 0.0, Sum: 0.0]
         [Termination Attempts: Min: 1, Avg: 1.0, Max: 1, Diff: 0, Sum: 6]
      [GC Worker Other (ms): Min: 0.1, Avg: 0.1, Max: 0.1, Diff: 0.1, Sum: 0.7]
      [GC Worker Total (ms): Min: 1.4, Avg: 1.5, Max: 1.5, Diff: 0.1, Sum: 8.9]
      [GC Worker End (ms): Min: 544650.0, Avg: 544650.1, Max: 544650.1, Diff: 0.1]
   [Code Root Fixup: 0.0 ms]
   [Code Root Purge: 0.0 ms]
   [Clear CT: 0.4 ms]
   [Other: 1.2 ms]
      [Choose CSet: 0.0 ms]
      [Ref Proc: 0.1 ms]
      [Ref Enq: 0.0 ms]
      [Redirty Cards: 0.1 ms]
      [Humongous Register: 0.1 ms]
      [Humongous Reclaim: 0.0 ms]
      [Free CSet: 0.7 ms]
   [Eden: 2446.0M(2446.0M)->0.0B(2446.0M) Survivors: 10240.0K->10240.0K Heap: 2477.8M(4096.0M)->31741.9K(4096.0M)]
 [Times: user=0.00 sys=0.00, real=0.00 secs] 
2024-10-12T19:01:34.365+0300: 544.652: Total time for which application threads were stopped: 0.0035803 seconds, Stopping threads took: 0.0001666 seconds
2024-10-12T19:01:35.150+0300: 545.434: Application time: 0.7818626 seconds
2024-10-12T19:01:35.150+0300: 545.434: [GC pause (G1 Evacuation Pause) (young), 0.0040592 secs]
   [Parallel Time: 2.4 ms, GC Workers: 6]
      [GC Worker Start (ms): Min: 545434.1, Avg: 545434.1, Max: 545434.2, Diff: 0.2]
      [Ext Root Scanning (ms): Min: 0.2, Avg: 0.3, Max: 0.3, Diff: 0.2, Sum: 1.8]
      [Update RS (ms): Min: 0.1, Avg: 0.1, Max: 0.1, Diff: 0.1, Sum: 0.6]
         [Processed Buffers: Min: 1, Avg: 2.2, Max: 4, Diff: 3, Sum: 13]
      [Scan RS (ms): Min: 0.1, Avg: 0.2, Max: 0.2, Diff: 0.0, Sum: 1.0]
      [Code Root Scanning (ms): Min: 0.0, Avg: 0.0, Max: 0.0, Diff: 0.0, Sum: 0.0]
      [Object Copy (ms): Min: 1.4, Avg: 1.5, Max: 1.5, Diff: 0.1, Sum: 8.8]
      [Termination (ms): Min: 0.0, Avg: 0.0, Max: 0.0, Diff: 0.0, Sum: 0.0]
         [Termination Attempts: Min: 1, Avg: 1.0, Max: 1, Diff: 0, Sum: 6]
      [GC Worker Other (ms): Min: 0.0, Avg: 0.1, Max: 0.2, Diff: 0.1, Sum: 0.7]
      [GC Worker Total (ms): Min: 2.1, Avg: 2.2, Max: 2.3, Diff: 0.2, Sum: 12.9]
      [GC Worker End (ms): Min: 545436.2, Avg: 545436.3, Max: 545436.3, Diff: 0.1]
   [Code Root Fixup: 0.0 ms]
   [Code Root Purge: 0.0 ms]
   [Clear CT: 0.6 ms]
   [Other: 1.1 ms]
      [Choose CSet: 0.0 ms]
      [Ref Proc: 0.1 ms]
      [Ref Enq: 0.0 ms]
      [Redirty Cards: 0.1 ms]
      [Humongous Register: 0.0 ms]
      [Humongous Reclaim: 0.0 ms]
      [Free CSet: 0.7 ms]
   [Eden: 2446.0M(2446.0M)->0.0B(2444.0M) Survivors: 10240.0K->12288.0K Heap: 2477.0M(4096.0M)->34761.6K(4096.0M)]
 [Times: user=0.00 sys=0.00, real=0.00 secs] 
2024-10-12T19:01:35.150+0300: 545.438: Total time for which application threads were stopped: 0.0045398 seconds, Stopping threads took: 0.0002351 seconds
2024-10-12T19:01:35.919+0300: 546.205: Application time: 0.7668244 seconds
2024-10-12T19:01:35.919+0300: 546.205: [GC pause (G1 Evacuation Pause) (young), 0.0035446 secs]
   [Parallel Time: 1.8 ms, GC Workers: 6]
      [GC Worker Start (ms): Min: 546205.4, Avg: 546205.4, Max: 546205.4, Diff: 0.1]
      [Ext Root Scanning (ms): Min: 0.3, Avg: 0.3, Max: 0.4, Diff: 0.1, Sum: 1.9]
      [Update RS (ms): Min: 0.1, Avg: 0.1, Max: 0.1, Diff: 0.1, Sum: 0.6]
         [Processed Buffers: Min: 1, Avg: 2.2, Max: 3, Diff: 2, Sum: 13]
      [Scan RS (ms): Min: 0.1, Avg: 0.2, Max: 0.2, Diff: 0.0, Sum: 1.0]
      [Code Root Scanning (ms): Min: 0.0, Avg: 0.0, Max: 0.0, Diff: 0.0, Sum: 0.0]
      [Object Copy (ms): Min: 0.9, Avg: 0.9, Max: 0.9, Diff: 0.0, Sum: 5.5]
      [Termination (ms): Min: 0.0, Avg: 0.0, Max: 0.0, Diff: 0.0, Sum: 0.0]
         [Termination Attempts: Min: 1, Avg: 1.0, Max: 1, Diff: 0, Sum: 6]
      [GC Worker Other (ms): Min: 0.0, Avg: 0.1, Max: 0.2, Diff: 0.1, Sum: 0.7]
      [GC Worker Total (ms): Min: 1.5, Avg: 1.6, Max: 1.7, Diff: 0.2, Sum: 9.8]
      [GC Worker End (ms): Min: 546206.9, Avg: 546207.0, Max: 546207.1, Diff: 0.1]
   [Code Root Fixup: 0.0 ms]
   [Code Root Purge: 0.0 ms]
   [Clear CT: 0.6 ms]
   [Other: 1.2 ms]
      [Choose CSet: 0.0 ms]
      [Ref Proc: 0.1 ms]
      [Ref Enq: 0.0 ms]
      [Redirty Cards: 0.1 ms]
      [Humongous Register: 0.1 ms]
      [Humongous Reclaim: 0.0 ms]
      [Free CSet: 0.7 ms]
   [Eden: 2444.0M(2444.0M)->0.0B(2446.0M) Survivors: 12288.0K->10240.0K Heap: 2477.9M(4096.0M)->32822.7K(4096.0M)]
 [Times: user=0.00 sys=0.00, real=0.00 secs] 
2024-10-12T19:01:35.919+0300: 546.209: Total time for which application threads were stopped: 0.0039606 seconds, Stopping threads took: 0.0001759 seconds
2024-10-12T19:01:36.705+0300: 546.991: Application time: 0.7818134 seconds
2024-10-12T19:01:36.705+0300: 546.991: [GC pause (G1 Evacuation Pause) (young), 0.0034242 secs]
   [Parallel Time: 1.9 ms, GC Workers: 6]
      [GC Worker Start (ms): Min: 546991.1, Avg: 546991.2, Max: 546991.5, Diff: 0.4]
      [Ext Root Scanning (ms): Min: 0.0, Avg: 0.3, Max: 0.4, Diff: 0.4, Sum: 2.0]
      [Update RS (ms): Min: 0.1, Avg: 0.1, Max: 0.1, Diff: 0.0, Sum: 0.6]
         [Processed Buffers: Min: 1, Avg: 2.2, Max: 3, Diff: 2, Sum: 13]
      [Scan RS (ms): Min: 0.2, Avg: 0.2, Max: 0.2, Diff: 0.0, Sum: 1.1]
      [Code Root Scanning (ms): Min: 0.0, Avg: 0.0, Max: 0.0, Diff: 0.0, Sum: 0.0]
      [Object Copy (ms): Min: 1.0, Avg: 1.0, Max: 1.1, Diff: 0.1, Sum: 6.2]
      [Termination (ms): Min: 0.0, Avg: 0.0, Max: 0.0, Diff: 0.0, Sum: 0.0]
         [Termination Attempts: Min: 1, Avg: 1.0, Max: 1, Diff: 0, Sum: 6]
      [GC Worker Other (ms): Min: 0.0, Avg: 0.1, Max: 0.1, Diff: 0.1, Sum: 0.5]
      [GC Worker Total (ms): Min: 1.5, Avg: 1.7, Max: 1.9, Diff: 0.4, Sum: 10.4]
      [GC Worker End (ms): Min: 546992.9, Avg: 546992.9, Max: 546993.0, Diff: 0.1]
   [Code Root Fixup: 0.0 ms]
   [Code Root Purge: 0.0 ms]
   [Clear CT: 0.5 ms]
   [Other: 1.0 ms]
      [Choose CSet: 0.0 ms]
      [Ref Proc: 0.1 ms]
      [Ref Enq: 0.0 ms]
      [Redirty Cards: 0.1 ms]
      [Humongous Register: 0.1 ms]
      [Humongous Reclaim: 0.0 ms]
      [Free CSet: 0.6 ms]
   [Eden: 2446.0M(2446.0M)->0.0B(2444.0M) Survivors: 10240.0K->12288.0K Heap: 2478.1M(4096.0M)->33849.2K(4096.0M)]
 [Times: user=0.00 sys=0.00, real=0.00 secs] 
2024-10-12T19:01:36.705+0300: 546.995: Total time for which application threads were stopped: 0.0038097 seconds, Stopping threads took: 0.0001659 seconds
2024-10-12T19:01:37.490+0300: 547.777: Application time: 0.7821837 seconds
2024-10-12T19:01:37.490+0300: 547.777: [GC pause (G1 Evacuation Pause) (young), 0.0033894 secs]
   [Parallel Time: 1.8 ms, GC Workers: 6]
      [GC Worker Start (ms): Min: 547777.1, Avg: 547777.2, Max: 547777.2, Diff: 0.1]
      [Ext Root Scanning (ms): Min: 0.3, Avg: 0.3, Max: 0.4, Diff: 0.1, Sum: 2.0]
      [Update RS (ms): Min: 0.1, Avg: 0.1, Max: 0.1, Diff: 0.0, Sum: 0.6]
         [Processed Buffers: Min: 1, Avg: 2.2, Max: 4, Diff: 3, Sum: 13]
      [Scan RS (ms): Min: 0.2, Avg: 0.2, Max: 0.2, Diff: 0.1, Sum: 1.1]
      [Code Root Scanning (ms): Min: 0.0, Avg: 0.0, Max: 0.0, Diff: 0.0, Sum: 0.0]
      [Object Copy (ms): Min: 1.0, Avg: 1.0, Max: 1.0, Diff: 0.1, Sum: 6.0]
      [Termination (ms): Min: 0.0, Avg: 0.0, Max: 0.0, Diff: 0.0, Sum: 0.0]
         [Termination Attempts: Min: 1, Avg: 1.0, Max: 1, Diff: 0, Sum: 6]
      [GC Worker Other (ms): Min: 0.0, Avg: 0.1, Max: 0.1, Diff: 0.1, Sum: 0.6]
      [GC Worker Total (ms): Min: 1.7, Avg: 1.7, Max: 1.8, Diff: 0.1, Sum: 10.4]
      [GC Worker End (ms): Min: 547778.8, Avg: 547778.9, Max: 547778.9, Diff: 0.1]
   [Code Root Fixup: 0.0 ms]
   [Code Root Purge: 0.0 ms]
   [Clear CT: 0.5 ms]
   [Other: 1.0 ms]
      [Choose CSet: 0.0 ms]
      [Ref Proc: 0.1 ms]
      [Ref Enq: 0.0 ms]
      [Redirty Cards: 0.1 ms]
      [Humongous Register: 0.0 ms]
      [Humongous Reclaim: 0.0 ms]
      [Free CSet: 0.7 ms]
   [Eden: 2444.0M(2444.0M)->0.0B(2444.0M) Survivors: 12288.0K->12288.0K Heap: 2477.1M(4096.0M)->34231.7K(4096.0M)]
 [Times: user=0.00 sys=0.00, real=0.01 secs] 
2024-10-12T19:01:37.498+0300: 547.781: Total time for which application threads were stopped: 0.0038150 seconds, Stopping threads took: 0.0001697 seconds
2024-10-12T19:01:38.275+0300: 548.564: Application time: 0.7836538 seconds
2024-10-12T19:01:38.275+0300: 548.565: [GC pause (G1 Evacuation Pause) (young), 0.0037561 secs]
   [Parallel Time: 2.2 ms, GC Workers: 6]
      [GC Worker Start (ms): Min: 548564.6, Avg: 548564.7, Max: 548564.7, Diff: 0.1]
      [Ext Root Scanning (ms): Min: 0.3, Avg: 0.4, Max: 0.4, Diff: 0.1, Sum: 2.3]
      [Update RS (ms): Min: 0.0, Avg: 0.1, Max: 0.1, Diff: 0.1, Sum: 0.6]
         [Processed Buffers: Min: 0, Avg: 2.2, Max: 4, Diff: 4, Sum: 13]
      [Scan RS (ms): Min: 0.0, Avg: 0.2, Max: 0.2, Diff: 0.2, Sum: 1.1]
      [Code Root Scanning (ms): Min: 0.0, Avg: 0.0, Max: 0.0, Diff: 0.0, Sum: 0.0]
      [Object Copy (ms): Min: 1.3, Avg: 1.4, Max: 1.6, Diff: 0.3, Sum: 8.2]
      [Termination (ms): Min: 0.0, Avg: 0.0, Max: 0.0, Diff: 0.0, Sum: 0.0]
         [Termination Attempts: Min: 1, Avg: 1.0, Max: 1, Diff: 0, Sum: 6]
      [GC Worker Other (ms): Min: 0.0, Avg: 0.1, Max: 0.1, Diff: 0.1, Sum: 0.6]
      [GC Worker Total (ms): Min: 2.1, Avg: 2.1, Max: 2.2, Diff: 0.1, Sum: 12.7]
      [GC Worker End (ms): Min: 548566.7, Avg: 548566.8, Max: 548566.8, Diff: 0.1]
   [Code Root Fixup: 0.0 ms]
   [Code Root Purge: 0.0 ms]
   [Clear CT: 0.5 ms]
   [Other: 1.0 ms]
      [Choose CSet: 0.0 ms]
      [Ref Proc: 0.1 ms]
      [Ref Enq: 0.0 ms]
      [Redirty Cards: 0.1 ms]
      [Humongous Register: 0.0 ms]
      [Humongous Reclaim: 0.0 ms]
      [Free CSet: 0.6 ms]
   [Eden: 2444.0M(2444.0M)->0.0B(2444.0M) Survivors: 12288.0K->12288.0K Heap: 2477.4M(4096.0M)->33854.2K(4096.0M)]
 [Times: user=0.00 sys=0.00, real=0.00 secs] 
2024-10-12T19:01:38.275+0300: 548.568: Total time for which application threads were stopped: 0.0041793 seconds, Stopping threads took: 0.0001955 seconds
2024-10-12T19:01:39.061+0300: 549.353: Application time: 0.7842256 seconds
2024-10-12T19:01:39.061+0300: 549.353: [GC pause (G1 Evacuation Pause) (young), 0.0038031 secs]
   [Parallel Time: 1.9 ms, GC Workers: 6]
      [GC Worker Start (ms): Min: 549353.1, Avg: 549353.1, Max: 549353.1, Diff: 0.1]
      [Ext Root Scanning (ms): Min: 0.3, Avg: 0.3, Max: 0.4, Diff: 0.1, Sum: 1.9]
      [Update RS (ms): Min: 0.1, Avg: 0.1, Max: 0.1, Diff: 0.0, Sum: 0.6]
         [Processed Buffers: Min: 1, Avg: 2.2, Max: 4, Diff: 3, Sum: 13]
      [Scan RS (ms): Min: 0.1, Avg: 0.2, Max: 0.2, Diff: 0.0, Sum: 1.0]
      [Code Root Scanning (ms): Min: 0.0, Avg: 0.0, Max: 0.0, Diff: 0.0, Sum: 0.0]
      [Object Copy (ms): Min: 1.0, Avg: 1.0, Max: 1.0, Diff: 0.1, Sum: 6.0]
      [Termination (ms): Min: 0.0, Avg: 0.0, Max: 0.0, Diff: 0.0, Sum: 0.0]
         [Termination Attempts: Min: 1, Avg: 1.0, Max: 1, Diff: 0, Sum: 6]
      [GC Worker Other (ms): Min: 0.0, Avg: 0.1, Max: 0.2, Diff: 0.1, Sum: 0.7]
      [GC Worker Total (ms): Min: 1.6, Avg: 1.7, Max: 1.8, Diff: 0.1, Sum: 10.3]
      [GC Worker End (ms): Min: 549354.7, Avg: 549354.8, Max: 549354.9, Diff: 0.1]
   [Code Root Fixup: 0.0 ms]
   [Code Root Purge: 0.0 ms]
   [Clear CT: 0.6 ms]
   [Other: 1.3 ms]
      [Choose CSet: 0.0 ms]
      [Ref Proc: 0.1 ms]
      [Ref Enq: 0.0 ms]
      [Redirty Cards: 0.1 ms]
      [Humongous Register: 0.1 ms]
      [Humongous Reclaim: 0.0 ms]
      [Free CSet: 0.8 ms]
   [Eden: 2444.0M(2444.0M)->0.0B(2444.0M) Survivors: 12288.0K->12288.0K Heap: 2477.1M(4096.0M)->33856.7K(4096.0M)]
 [Times: user=0.02 sys=0.00, real=0.01 secs] 
2024-10-12T19:01:39.076+0300: 549.357: Total time for which application threads were stopped: 0.0042241 seconds, Stopping threads took: 0.0001650 seconds
2024-10-12T19:01:39.846+0300: 550.130: Application time: 0.7732286 seconds
2024-10-12T19:01:39.846+0300: 550.130: [GC pause (G1 Evacuation Pause) (young), 0.0030519 secs]
   [Parallel Time: 1.6 ms, GC Workers: 6]
      [GC Worker Start (ms): Min: 550130.5, Avg: 550130.6, Max: 550130.9, Diff: 0.4]
      [Ext Root Scanning (ms): Min: 0.0, Avg: 0.3, Max: 0.4, Diff: 0.4, Sum: 1.9]
      [Update RS (ms): Min: 0.1, Avg: 0.1, Max: 0.1, Diff: 0.1, Sum: 0.6]
         [Processed Buffers: Min: 1, Avg: 2.2, Max: 4, Diff: 3, Sum: 13]
      [Scan RS (ms): Min: 0.2, Avg: 0.2, Max: 0.2, Diff: 0.1, Sum: 1.1]
      [Code Root Scanning (ms): Min: 0.0, Avg: 0.0, Max: 0.0, Diff: 0.0, Sum: 0.0]
      [Object Copy (ms): Min: 0.7, Avg: 0.7, Max: 0.7, Diff: 0.1, Sum: 4.2]
      [Termination (ms): Min: 0.0, Avg: 0.0, Max: 0.0, Diff: 0.0, Sum: 0.0]
         [Termination Attempts: Min: 1, Avg: 1.0, Max: 1, Diff: 0, Sum: 6]
      [GC Worker Other (ms): Min: 0.0, Avg: 0.1, Max: 0.1, Diff: 0.1, Sum: 0.5]
      [GC Worker Total (ms): Min: 1.1, Avg: 1.4, Max: 1.5, Diff: 0.4, Sum: 8.3]
      [GC Worker End (ms): Min: 550131.9, Avg: 550131.9, Max: 550132.0, Diff: 0.1]
   [Code Root Fixup: 0.0 ms]
   [Code Root Purge: 0.0 ms]
   [Clear CT: 0.5 ms]
   [Other: 1.0 ms]
      [Choose CSet: 0.0 ms]
      [Ref Proc: 0.1 ms]
      [Ref Enq: 0.0 ms]
      [Redirty Cards: 0.1 ms]
      [Humongous Register: 0.0 ms]
      [Humongous Reclaim: 0.0 ms]
      [Free CSet: 0.6 ms]
   [Eden: 2444.0M(2444.0M)->0.0B(2448.0M) Survivors: 12288.0K->8192.0K Heap: 2477.1M(4096.0M)->29763.2K(4096.0M)]
 [Times: user=0.00 sys=0.00, real=0.00 secs] 
2024-10-12T19:01:39.846+0300: 550.134: Total time for which application threads were stopped: 0.0034516 seconds, Stopping threads took: 0.0001711 seconds
2024-10-12T19:01:40.630+0300: 550.918: Application time: 0.7841287 seconds
2024-10-12T19:01:40.630+0300: 550.918: [GC pause (G1 Evacuation Pause) (young), 0.0030819 secs]
   [Parallel Time: 1.6 ms, GC Workers: 6]
      [GC Worker Start (ms): Min: 550918.1, Avg: 550918.1, Max: 550918.1, Diff: 0.0]
      [Ext Root Scanning (ms): Min: 0.3, Avg: 0.3, Max: 0.4, Diff: 0.1, Sum: 1.9]
      [Update RS (ms): Min: 0.1, Avg: 0.1, Max: 0.1, Diff: 0.1, Sum: 0.6]
         [Processed Buffers: Min: 1, Avg: 2.2, Max: 4, Diff: 3, Sum: 13]
      [Scan RS (ms): Min: 0.2, Avg: 0.2, Max: 0.2, Diff: 0.0, Sum: 1.0]
      [Code Root Scanning (ms): Min: 0.0, Avg: 0.0, Max: 0.0, Diff: 0.0, Sum: 0.0]
      [Object Copy (ms): Min: 0.8, Avg: 0.8, Max: 0.8, Diff: 0.1, Sum: 4.7]
      [Termination (ms): Min: 0.0, Avg: 0.0, Max: 0.0, Diff: 0.0, Sum: 0.0]
         [Termination Attempts: Min: 1, Avg: 1.0, Max: 1, Diff: 0, Sum: 6]
      [GC Worker Other (ms): Min: 0.0, Avg: 0.1, Max: 0.1, Diff: 0.1, Sum: 0.5]
      [GC Worker Total (ms): Min: 1.4, Avg: 1.5, Max: 1.5, Diff: 0.1, Sum: 8.8]
      [GC Worker End (ms): Min: 550919.5, Avg: 550919.6, Max: 550919.6, Diff: 0.1]
   [Code Root Fixup: 0.0 ms]
   [Code Root Purge: 0.0 ms]
   [Clear CT: 0.5 ms]
   [Other: 1.0 ms]
      [Choose CSet: 0.0 ms]
      [Ref Proc: 0.1 ms]
      [Ref Enq: 0.0 ms]
      [Redirty Cards: 0.1 ms]
      [Humongous Register: 0.0 ms]
      [Humongous Reclaim: 0.0 ms]
      [Free CSet: 0.6 ms]
   [Eden: 2448.0M(2448.0M)->0.0B(2448.0M) Survivors: 8192.0K->8192.0K Heap: 2477.1M(4096.0M)->29723.5K(4096.0M)]
 [Times: user=0.00 sys=0.00, real=0.00 secs] 
2024-10-12T19:01:40.630+0300: 550.921: Total time for which application threads were stopped: 0.0035072 seconds, Stopping threads took: 0.0001914 seconds
2024-10-12T19:01:41.415+0300: 551.702: Application time: 0.7805009 seconds
2024-10-12T19:01:41.415+0300: 551.702: [GC pause (G1 Evacuation Pause) (young), 0.0032032 secs]
   [Parallel Time: 1.6 ms, GC Workers: 6]
      [GC Worker Start (ms): Min: 551702.1, Avg: 551702.2, Max: 551702.2, Diff: 0.1]
      [Ext Root Scanning (ms): Min: 0.3, Avg: 0.4, Max: 0.4, Diff: 0.1, Sum: 2.1]
      [Update RS (ms): Min: 0.1, Avg: 0.1, Max: 0.1, Diff: 0.0, Sum: 0.6]
         [Processed Buffers: Min: 1, Avg: 2.2, Max: 3, Diff: 2, Sum: 13]
      [Scan RS (ms): Min: 0.2, Avg: 0.2, Max: 0.2, Diff: 0.1, Sum: 1.1]
      [Code Root Scanning (ms): Min: 0.0, Avg: 0.0, Max: 0.0, Diff: 0.0, Sum: 0.0]
      [Object Copy (ms): Min: 0.7, Avg: 0.8, Max: 0.8, Diff: 0.1, Sum: 4.7]
      [Termination (ms): Min: 0.0, Avg: 0.0, Max: 0.0, Diff: 0.0, Sum: 0.0]
         [Termination Attempts: Min: 1, Avg: 1.0, Max: 1, Diff: 0, Sum: 6]
      [GC Worker Other (ms): Min: 0.0, Avg: 0.1, Max: 0.1, Diff: 0.1, Sum: 0.5]
      [GC Worker Total (ms): Min: 1.5, Avg: 1.5, Max: 1.6, Diff: 0.1, Sum: 9.1]
      [GC Worker End (ms): Min: 551703.6, Avg: 551703.7, Max: 551703.7, Diff: 0.1]
   [Code Root Fixup: 0.0 ms]
   [Code Root Purge: 0.0 ms]
   [Clear CT: 0.5 ms]
   [Other: 1.1 ms]
      [Choose CSet: 0.0 ms]
      [Ref Proc: 0.1 ms]
      [Ref Enq: 0.0 ms]
      [Redirty Cards: 0.1 ms]
      [Humongous Register: 0.1 ms]
      [Humongous Reclaim: 0.0 ms]
      [Free CSet: 0.7 ms]
   [Eden: 2448.0M(2448.0M)->0.0B(2448.0M) Survivors: 8192.0K->8192.0K Heap: 2477.0M(4096.0M)->30664.9K(4096.0M)]
 [Times: user=0.00 sys=0.00, real=0.00 secs] 
2024-10-12T19:01:41.415+0300: 551.705: Total time for which application threads were stopped: 0.0036940 seconds, Stopping threads took: 0.0002404 seconds
2024-10-12T19:01:42.209+0300: 552.489: Application time: 0.7839416 seconds
2024-10-12T19:01:42.209+0300: 552.490: [GC pause (G1 Evacuation Pause) (young), 0.0033125 secs]
   [Parallel Time: 1.7 ms, GC Workers: 6]
      [GC Worker Start (ms): Min: 552489.7, Avg: 552489.8, Max: 552489.8, Diff: 0.1]
      [Ext Root Scanning (ms): Min: 0.3, Avg: 0.3, Max: 0.4, Diff: 0.1, Sum: 2.0]
      [Update RS (ms): Min: 0.1, Avg: 0.1, Max: 0.1, Diff: 0.0, Sum: 0.6]
         [Processed Buffers: Min: 1, Avg: 2.2, Max: 4, Diff: 3, Sum: 13]
      [Scan RS (ms): Min: 0.2, Avg: 0.2, Max: 0.2, Diff: 0.0, Sum: 1.0]
      [Code Root Scanning (ms): Min: 0.0, Avg: 0.0, Max: 0.0, Diff: 0.0, Sum: 0.0]
      [Object Copy (ms): Min: 0.7, Avg: 0.8, Max: 0.8, Diff: 0.0, Sum: 4.5]
      [Termination (ms): Min: 0.0, Avg: 0.0, Max: 0.0, Diff: 0.0, Sum: 0.0]
         [Termination Attempts: Min: 1, Avg: 1.0, Max: 1, Diff: 0, Sum: 6]
      [GC Worker Other (ms): Min: 0.0, Avg: 0.1, Max: 0.2, Diff: 0.1, Sum: 0.7]
      [GC Worker Total (ms): Min: 1.4, Avg: 1.5, Max: 1.6, Diff: 0.1, Sum: 8.8]
      [GC Worker End (ms): Min: 552491.2, Avg: 552491.2, Max: 552491.3, Diff: 0.2]
   [Code Root Fixup: 0.0 ms]
   [Code Root Purge: 0.0 ms]
   [Clear CT: 0.6 ms]
   [Other: 1.1 ms]
      [Choose CSet: 0.0 ms]
      [Ref Proc: 0.1 ms]
      [Ref Enq: 0.0 ms]
      [Redirty Cards: 0.1 ms]
      [Humongous Register: 0.0 ms]
      [Humongous Reclaim: 0.0 ms]
      [Free CSet: 0.6 ms]
   [Eden: 2448.0M(2448.0M)->0.0B(2446.0M) Survivors: 8192.0K->10240.0K Heap: 2477.9M(4096.0M)->31736.6K(4096.0M)]
 [Times: user=0.00 sys=0.00, real=0.00 secs] 
2024-10-12T19:01:42.209+0300: 552.493: Total time for which application threads were stopped: 0.0037337 seconds, Stopping threads took: 0.0001769 seconds
2024-10-12T19:01:42.985+0300: 553.270: Application time: 0.7771210 seconds
2024-10-12T19:01:42.985+0300: 553.271: [GC pause (G1 Evacuation Pause) (young), 0.0036865 secs]
   [Parallel Time: 1.8 ms, GC Workers: 6]
      [GC Worker Start (ms): Min: 553270.6, Avg: 553270.6, Max: 553270.7, Diff: 0.0]
      [Ext Root Scanning (ms): Min: 0.3, Avg: 0.3, Max: 0.4, Diff: 0.0, Sum: 2.0]
      [Update RS (ms): Min: 0.1, Avg: 0.1, Max: 0.1, Diff: 0.1, Sum: 0.6]
         [Processed Buffers: Min: 1, Avg: 2.2, Max: 3, Diff: 2, Sum: 13]
      [Scan RS (ms): Min: 0.1, Avg: 0.2, Max: 0.2, Diff: 0.1, Sum: 1.0]
      [Code Root Scanning (ms): Min: 0.0, Avg: 0.0, Max: 0.0, Diff: 0.0, Sum: 0.0]
      [Object Copy (ms): Min: 0.9, Avg: 0.9, Max: 1.0, Diff: 0.1, Sum: 5.7]
      [Termination (ms): Min: 0.0, Avg: 0.1, Max: 0.1, Diff: 0.1, Sum: 0.3]
         [Termination Attempts: Min: 1, Avg: 1.2, Max: 2, Diff: 1, Sum: 7]
      [GC Worker Other (ms): Min: 0.0, Avg: 0.0, Max: 0.0, Diff: 0.0, Sum: 0.2]
      [GC Worker Total (ms): Min: 1.6, Avg: 1.6, Max: 1.7, Diff: 0.1, Sum: 9.8]
      [GC Worker End (ms): Min: 553272.2, Avg: 553272.3, Max: 553272.3, Diff: 0.1]
   [Code Root Fixup: 0.0 ms]
   [Code Root Purge: 0.0 ms]
   [Clear CT: 0.6 ms]
   [Other: 1.3 ms]
      [Choose CSet: 0.0 ms]
      [Ref Proc: 0.1 ms]
      [Ref Enq: 0.0 ms]
      [Redirty Cards: 0.1 ms]
      [Humongous Register: 0.0 ms]
      [Humongous Reclaim: 0.0 ms]
      [Free CSet: 0.9 ms]
   [Eden: 2446.0M(2446.0M)->0.0B(2444.0M) Survivors: 10240.0K->12288.0K Heap: 2477.0M(4096.0M)->33787.8K(4096.0M)]
 [Times: user=0.00 sys=0.00, real=0.00 secs] 
2024-10-12T19:01:42.985+0300: 553.274: Total time for which application threads were stopped: 0.0041446 seconds, Stopping threads took: 0.0001964 seconds
2024-10-12T19:01:43.754+0300: 554.046: Application time: 0.7718886 seconds
2024-10-12T19:01:43.754+0300: 554.046: [GC pause (G1 Evacuation Pause) (young), 0.0033882 secs]
   [Parallel Time: 1.9 ms, GC Workers: 6]
      [GC Worker Start (ms): Min: 554046.6, Avg: 554046.7, Max: 554047.0, Diff: 0.4]
      [Ext Root Scanning (ms): Min: 0.0, Avg: 0.3, Max: 0.4, Diff: 0.4, Sum: 1.9]
      [Update RS (ms): Min: 0.0, Avg: 0.1, Max: 0.2, Diff: 0.2, Sum: 0.6]
         [Processed Buffers: Min: 0, Avg: 2.2, Max: 4, Diff: 4, Sum: 13]
      [Scan RS (ms): Min: 0.0, Avg: 0.2, Max: 0.2, Diff: 0.2, Sum: 1.1]
      [Code Root Scanning (ms): Min: 0.0, Avg: 0.0, Max: 0.0, Diff: 0.0, Sum: 0.0]
      [Object Copy (ms): Min: 0.9, Avg: 1.0, Max: 1.2, Diff: 0.4, Sum: 5.7]
      [Termination (ms): Min: 0.0, Avg: 0.0, Max: 0.0, Diff: 0.0, Sum: 0.0]
         [Termination Attempts: Min: 1, Avg: 1.0, Max: 1, Diff: 0, Sum: 6]
      [GC Worker Other (ms): Min: 0.0, Avg: 0.1, Max: 0.1, Diff: 0.1, Sum: 0.5]
      [GC Worker Total (ms): Min: 1.2, Avg: 1.6, Max: 1.8, Diff: 0.5, Sum: 9.8]
      [GC Worker End (ms): Min: 554048.3, Avg: 554048.3, Max: 554048.4, Diff: 0.1]
   [Code Root Fixup: 0.0 ms]
   [Code Root Purge: 0.0 ms]
   [Clear CT: 0.5 ms]
   [Other: 1.0 ms]
      [Choose CSet: 0.0 ms]
      [Ref Proc: 0.2 ms]
      [Ref Enq: 0.0 ms]
      [Redirty Cards: 0.1 ms]
      [Humongous Register: 0.0 ms]
      [Humongous Reclaim: 0.0 ms]
      [Free CSet: 0.6 ms]
   [Eden: 2444.0M(2444.0M)->0.0B(2446.0M) Survivors: 12288.0K->10240.0K Heap: 2477.0M(4096.0M)->31384.4K(4096.0M)]
 [Times: user=0.02 sys=0.00, real=0.02 secs] 
2024-10-12T19:01:43.769+0300: 554.050: Total time for which application threads were stopped: 0.0037696 seconds, Stopping threads took: 0.0001441 seconds
2024-10-12T19:01:44.539+0300: 554.831: Application time: 0.7813458 seconds
2024-10-12T19:01:44.539+0300: 554.832: [GC pause (G1 Evacuation Pause) (young), 0.0031481 secs]
   [Parallel Time: 1.5 ms, GC Workers: 6]
      [GC Worker Start (ms): Min: 554831.8, Avg: 554831.8, Max: 554831.8, Diff: 0.0]
      [Ext Root Scanning (ms): Min: 0.3, Avg: 0.3, Max: 0.3, Diff: 0.0, Sum: 1.9]
      [Update RS (ms): Min: 0.1, Avg: 0.1, Max: 0.1, Diff: 0.1, Sum: 0.6]
         [Processed Buffers: Min: 1, Avg: 2.2, Max: 3, Diff: 2, Sum: 13]
      [Scan RS (ms): Min: 0.2, Avg: 0.2, Max: 0.2, Diff: 0.0, Sum: 1.0]
      [Code Root Scanning (ms): Min: 0.0, Avg: 0.0, Max: 0.0, Diff: 0.0, Sum: 0.0]
      [Object Copy (ms): Min: 0.7, Avg: 0.8, Max: 0.8, Diff: 0.1, Sum: 4.5]
      [Termination (ms): Min: 0.0, Avg: 0.0, Max: 0.0, Diff: 0.0, Sum: 0.0]
         [Termination Attempts: Min: 1, Avg: 1.2, Max: 2, Diff: 1, Sum: 7]
      [GC Worker Other (ms): Min: 0.0, Avg: 0.1, Max: 0.1, Diff: 0.1, Sum: 0.4]
      [GC Worker Total (ms): Min: 1.4, Avg: 1.4, Max: 1.5, Diff: 0.1, Sum: 8.6]
      [GC Worker End (ms): Min: 554833.2, Avg: 554833.2, Max: 554833.3, Diff: 0.1]
   [Code Root Fixup: 0.0 ms]
   [Code Root Purge: 0.0 ms]
   [Clear CT: 0.6 ms]
   [Other: 1.0 ms]
      [Choose CSet: 0.0 ms]
      [Ref Proc: 0.1 ms]
      [Ref Enq: 0.0 ms]
      [Redirty Cards: 0.1 ms]
      [Humongous Register: 0.0 ms]
      [Humongous Reclaim: 0.0 ms]
      [Free CSet: 0.7 ms]
   [Eden: 2446.0M(2446.0M)->0.0B(2446.0M) Survivors: 10240.0K->10240.0K Heap: 2476.6M(4096.0M)->32526.6K(4096.0M)]
 [Times: user=0.02 sys=0.00, real=0.01 secs] 
2024-10-12T19:01:44.554+0300: 554.835: Total time for which application threads were stopped: 0.0036383 seconds, Stopping threads took: 0.0002409 seconds
2024-10-12T19:01:45.324+0300: 555.613: Application time: 0.7783079 seconds
2024-10-12T19:01:45.324+0300: 555.614: [GC pause (G1 Evacuation Pause) (young), 0.0032783 secs]
   [Parallel Time: 1.7 ms, GC Workers: 6]
      [GC Worker Start (ms): Min: 555613.8, Avg: 555613.8, Max: 555613.8, Diff: 0.1]
      [Ext Root Scanning (ms): Min: 0.3, Avg: 0.3, Max: 0.4, Diff: 0.1, Sum: 2.0]
      [Update RS (ms): Min: 0.1, Avg: 0.1, Max: 0.1, Diff: 0.1, Sum: 0.6]
         [Processed Buffers: Min: 1, Avg: 2.2, Max: 4, Diff: 3, Sum: 13]
      [Scan RS (ms): Min: 0.1, Avg: 0.2, Max: 0.2, Diff: 0.0, Sum: 1.0]
      [Code Root Scanning (ms): Min: 0.0, Avg: 0.0, Max: 0.0, Diff: 0.0, Sum: 0.0]
      [Object Copy (ms): Min: 0.8, Avg: 0.9, Max: 0.9, Diff: 0.1, Sum: 5.2]
      [Termination (ms): Min: 0.0, Avg: 0.0, Max: 0.0, Diff: 0.0, Sum: 0.0]
         [Termination Attempts: Min: 1, Avg: 5.2, Max: 8, Diff: 7, Sum: 31]
      [GC Worker Other (ms): Min: 0.0, Avg: 0.1, Max: 0.1, Diff: 0.1, Sum: 0.6]
      [GC Worker Total (ms): Min: 1.5, Avg: 1.6, Max: 1.6, Diff: 0.2, Sum: 9.4]
      [GC Worker End (ms): Min: 555615.3, Avg: 555615.4, Max: 555615.4, Diff: 0.1]
   [Code Root Fixup: 0.0 ms]
   [Code Root Purge: 0.0 ms]
   [Clear CT: 0.5 ms]
   [Other: 1.1 ms]
      [Choose CSet: 0.0 ms]
      [Ref Proc: 0.2 ms]
      [Ref Enq: 0.0 ms]
      [Redirty Cards: 0.1 ms]
      [Humongous Register: 0.0 ms]
      [Humongous Reclaim: 0.0 ms]
      [Free CSet: 0.6 ms]
   [Eden: 2446.0M(2446.0M)->0.0B(2446.0M) Survivors: 10240.0K->10240.0K Heap: 2477.8M(4096.0M)->32643.8K(4096.0M)]
 [Times: user=0.00 sys=0.00, real=0.00 secs] 
2024-10-12T19:01:45.324+0300: 555.617: Total time for which application threads were stopped: 0.0037590 seconds, Stopping threads took: 0.0002404 seconds
2024-10-12T19:01:46.109+0300: 556.396: Application time: 0.7789554 seconds
2024-10-12T19:01:46.109+0300: 556.396: [GC pause (G1 Evacuation Pause) (young), 0.0037725 secs]
   [Parallel Time: 1.9 ms, GC Workers: 6]
      [GC Worker Start (ms): Min: 556396.5, Avg: 556396.5, Max: 556396.5, Diff: 0.0]
      [Ext Root Scanning (ms): Min: 0.3, Avg: 0.3, Max: 0.3, Diff: 0.0, Sum: 1.9]
      [Update RS (ms): Min: 0.1, Avg: 0.1, Max: 0.1, Diff: 0.0, Sum: 0.6]
         [Processed Buffers: Min: 1, Avg: 2.2, Max: 3, Diff: 2, Sum: 13]
      [Scan RS (ms): Min: 0.2, Avg: 0.2, Max: 0.2, Diff: 0.0, Sum: 1.0]
      [Code Root Scanning (ms): Min: 0.0, Avg: 0.0, Max: 0.0, Diff: 0.0, Sum: 0.0]
      [Object Copy (ms): Min: 1.0, Avg: 1.1, Max: 1.1, Diff: 0.0, Sum: 6.5]
      [Termination (ms): Min: 0.0, Avg: 0.0, Max: 0.0, Diff: 0.0, Sum: 0.0]
         [Termination Attempts: Min: 1, Avg: 1.0, Max: 1, Diff: 0, Sum: 6]
      [GC Worker Other (ms): Min: 0.0, Avg: 0.1, Max: 0.2, Diff: 0.2, Sum: 0.7]
      [GC Worker Total (ms): Min: 1.7, Avg: 1.8, Max: 1.9, Diff: 0.2, Sum: 10.7]
      [GC Worker End (ms): Min: 556398.2, Avg: 556398.3, Max: 556398.4, Diff: 0.2]
   [Code Root Fixup: 0.0 ms]
   [Code Root Purge: 0.0 ms]
   [Clear CT: 0.6 ms]
   [Other: 1.3 ms]
      [Choose CSet: 0.0 ms]
      [Ref Proc: 0.2 ms]
      [Ref Enq: 0.0 ms]
      [Redirty Cards: 0.1 ms]
      [Humongous Register: 0.0 ms]
      [Humongous Reclaim: 0.0 ms]
      [Free CSet: 0.8 ms]
   [Eden: 2446.0M(2446.0M)->0.0B(2444.0M) Survivors: 10240.0K->12288.0K Heap: 2477.9M(4096.0M)->34739.2K(4096.0M)]
 [Times: user=0.01 sys=0.00, real=0.01 secs] 
2024-10-12T19:01:46.119+0300: 556.400: Total time for which application threads were stopped: 0.0042535 seconds, Stopping threads took: 0.0002163 seconds
2024-10-12T19:01:46.878+0300: 557.170: Application time: 0.7701518 seconds
2024-10-12T19:01:46.878+0300: 557.171: [GC pause (G1 Evacuation Pause) (young), 0.0040201 secs]
   [Parallel Time: 2.5 ms, GC Workers: 6]
      [GC Worker Start (ms): Min: 557170.7, Avg: 557170.8, Max: 557170.8, Diff: 0.1]
      [Ext Root Scanning (ms): Min: 0.3, Avg: 0.3, Max: 0.4, Diff: 0.1, Sum: 2.0]
      [Update RS (ms): Min: 0.1, Avg: 0.1, Max: 0.1, Diff: 0.0, Sum: 0.6]
         [Processed Buffers: Min: 1, Avg: 2.2, Max: 3, Diff: 2, Sum: 13]
      [Scan RS (ms): Min: 0.1, Avg: 0.2, Max: 0.2, Diff: 0.0, Sum: 1.0]
      [Code Root Scanning (ms): Min: 0.0, Avg: 0.0, Max: 0.0, Diff: 0.0, Sum: 0.0]
      [Object Copy (ms): Min: 1.6, Avg: 1.7, Max: 1.7, Diff: 0.1, Sum: 10.1]
      [Termination (ms): Min: 0.0, Avg: 0.0, Max: 0.0, Diff: 0.0, Sum: 0.1]
         [Termination Attempts: Min: 1, Avg: 1.0, Max: 1, Diff: 0, Sum: 6]
      [GC Worker Other (ms): Min: 0.0, Avg: 0.1, Max: 0.1, Diff: 0.1, Sum: 0.3]
      [GC Worker Total (ms): Min: 2.3, Avg: 2.4, Max: 2.4, Diff: 0.1, Sum: 14.2]
      [GC Worker End (ms): Min: 557173.1, Avg: 557173.1, Max: 557173.2, Diff: 0.1]
   [Code Root Fixup: 0.0 ms]
   [Code Root Purge: 0.0 ms]
   [Clear CT: 0.5 ms]
   [Other: 1.0 ms]
      [Choose CSet: 0.0 ms]
      [Ref Proc: 0.1 ms]
      [Ref Enq: 0.0 ms]
      [Redirty Cards: 0.1 ms]
      [Humongous Register: 0.0 ms]
      [Humongous Reclaim: 0.0 ms]
      [Free CSet: 0.6 ms]
   [Eden: 2444.0M(2444.0M)->0.0B(2444.0M) Survivors: 12288.0K->12288.0K Heap: 2477.9M(4096.0M)->34905.7K(4096.0M)]
 [Times: user=0.02 sys=0.00, real=0.02 secs] 
2024-10-12T19:01:46.894+0300: 557.175: Total time for which application threads were stopped: 0.0043541 seconds, Stopping threads took: 0.0001243 seconds
2024-10-12T19:01:47.664+0300: 557.958: Application time: 0.7827595 seconds
2024-10-12T19:01:47.664+0300: 557.958: [GC pause (G1 Evacuation Pause) (young), 0.0037499 secs]
   [Parallel Time: 2.2 ms, GC Workers: 6]
      [GC Worker Start (ms): Min: 557957.9, Avg: 557957.9, Max: 557957.9, Diff: 0.1]
      [Ext Root Scanning (ms): Min: 0.3, Avg: 0.3, Max: 0.4, Diff: 0.1, Sum: 1.9]
      [Update RS (ms): Min: 0.1, Avg: 0.1, Max: 0.3, Diff: 0.2, Sum: 0.8]
         [Processed Buffers: Min: 1, Avg: 2.2, Max: 4, Diff: 3, Sum: 13]
      [Scan RS (ms): Min: 0.1, Avg: 0.2, Max: 0.2, Diff: 0.2, Sum: 1.1]
      [Code Root Scanning (ms): Min: 0.0, Avg: 0.0, Max: 0.0, Diff: 0.0, Sum: 0.0]
      [Object Copy (ms): Min: 1.3, Avg: 1.4, Max: 1.4, Diff: 0.1, Sum: 8.2]
      [Termination (ms): Min: 0.0, Avg: 0.0, Max: 0.0, Diff: 0.0, Sum: 0.0]
         [Termination Attempts: Min: 1, Avg: 1.2, Max: 2, Diff: 1, Sum: 7]
      [GC Worker Other (ms): Min: 0.0, Avg: 0.1, Max: 0.1, Diff: 0.1, Sum: 0.5]
      [GC Worker Total (ms): Min: 2.0, Avg: 2.1, Max: 2.2, Diff: 0.1, Sum: 12.6]
      [GC Worker End (ms): Min: 557960.0, Avg: 557960.0, Max: 557960.1, Diff: 0.1]
   [Code Root Fixup: 0.0 ms]
   [Code Root Purge: 0.0 ms]
   [Clear CT: 0.5 ms]
   [Other: 1.0 ms]
      [Choose CSet: 0.0 ms]
      [Ref Proc: 0.1 ms]
      [Ref Enq: 0.0 ms]
      [Redirty Cards: 0.1 ms]
      [Humongous Register: 0.0 ms]
      [Humongous Reclaim: 0.0 ms]
      [Free CSet: 0.6 ms]
   [Eden: 2444.0M(2444.0M)->0.0B(2444.0M) Survivors: 12288.0K->12288.0K Heap: 2478.1M(4096.0M)->33884.2K(4096.0M)]
 [Times: user=0.02 sys=0.00, real=0.01 secs] 
2024-10-12T19:01:47.679+0300: 557.962: Total time for which application threads were stopped: 0.0041325 seconds, Stopping threads took: 0.0001553 seconds
2024-10-12T19:01:48.464+0300: 558.747: Application time: 0.7856191 seconds
2024-10-12T19:01:48.464+0300: 558.748: [GC pause (G1 Evacuation Pause) (young), 0.0035108 secs]
   [Parallel Time: 1.7 ms, GC Workers: 6]
      [GC Worker Start (ms): Min: 558747.7, Avg: 558747.7, Max: 558747.7, Diff: 0.1]
      [Ext Root Scanning (ms): Min: 0.3, Avg: 0.3, Max: 0.4, Diff: 0.1, Sum: 2.0]
      [Update RS (ms): Min: 0.1, Avg: 0.1, Max: 0.1, Diff: 0.1, Sum: 0.6]
         [Processed Buffers: Min: 1, Avg: 2.2, Max: 4, Diff: 3, Sum: 13]
      [Scan RS (ms): Min: 0.1, Avg: 0.2, Max: 0.2, Diff: 0.0, Sum: 1.0]
      [Code Root Scanning (ms): Min: 0.0, Avg: 0.0, Max: 0.0, Diff: 0.0, Sum: 0.0]
      [Object Copy (ms): Min: 0.8, Avg: 0.8, Max: 0.9, Diff: 0.1, Sum: 5.1]
      [Termination (ms): Min: 0.0, Avg: 0.0, Max: 0.0, Diff: 0.0, Sum: 0.0]
         [Termination Attempts: Min: 1, Avg: 1.0, Max: 1, Diff: 0, Sum: 6]
      [GC Worker Other (ms): Min: 0.0, Avg: 0.1, Max: 0.1, Diff: 0.1, Sum: 0.5]
      [GC Worker Total (ms): Min: 1.5, Avg: 1.5, Max: 1.6, Diff: 0.1, Sum: 9.2]
      [GC Worker End (ms): Min: 558749.2, Avg: 558749.2, Max: 558749.3, Diff: 0.1]
   [Code Root Fixup: 0.0 ms]
   [Code Root Purge: 0.0 ms]
   [Clear CT: 0.5 ms]
   [Other: 1.3 ms]
      [Choose CSet: 0.0 ms]
      [Ref Proc: 0.1 ms]
      [Ref Enq: 0.0 ms]
      [Redirty Cards: 0.1 ms]
      [Humongous Register: 0.1 ms]
      [Humongous Reclaim: 0.0 ms]
      [Free CSet: 0.9 ms]
   [Eden: 2444.0M(2444.0M)->0.0B(2446.0M) Survivors: 12288.0K->10240.0K Heap: 2477.1M(4096.0M)->31838.7K(4096.0M)]
 [Times: user=0.00 sys=0.00, real=0.00 secs] 
2024-10-12T19:01:48.464+0300: 558.751: Total time for which application threads were stopped: 0.0038950 seconds, Stopping threads took: 0.0001091 seconds
2024-10-12T19:01:49.249+0300: 559.529: Application time: 0.7781871 seconds
2024-10-12T19:01:49.249+0300: 559.530: [GC pause (G1 Evacuation Pause) (young), 0.0041188 secs]
   [Parallel Time: 2.6 ms, GC Workers: 6]
      [GC Worker Start (ms): Min: 559529.7, Avg: 559529.7, Max: 559529.8, Diff: 0.0]
      [Ext Root Scanning (ms): Min: 0.3, Avg: 0.3, Max: 0.4, Diff: 0.0, Sum: 2.0]
      [Update RS (ms): Min: 0.1, Avg: 0.1, Max: 0.1, Diff: 0.1, Sum: 0.6]
         [Processed Buffers: Min: 2, Avg: 2.2, Max: 3, Diff: 1, Sum: 13]
      [Scan RS (ms): Min: 0.1, Avg: 0.2, Max: 0.2, Diff: 0.1, Sum: 1.0]
      [Code Root Scanning (ms): Min: 0.0, Avg: 0.0, Max: 0.0, Diff: 0.0, Sum: 0.0]
      [Object Copy (ms): Min: 1.8, Avg: 1.8, Max: 1.8, Diff: 0.0, Sum: 10.8]
      [Termination (ms): Min: 0.0, Avg: 0.0, Max: 0.0, Diff: 0.0, Sum: 0.0]
         [Termination Attempts: Min: 1, Avg: 1.0, Max: 1, Diff: 0, Sum: 6]
      [GC Worker Other (ms): Min: 0.0, Avg: 0.1, Max: 0.1, Diff: 0.1, Sum: 0.5]
      [GC Worker Total (ms): Min: 2.4, Avg: 2.5, Max: 2.5, Diff: 0.1, Sum: 14.9]
      [GC Worker End (ms): Min: 559532.2, Avg: 559532.2, Max: 559532.3, Diff: 0.1]
   [Code Root Fixup: 0.0 ms]
   [Code Root Purge: 0.0 ms]
   [Clear CT: 0.5 ms]
   [Other: 1.0 ms]
      [Choose CSet: 0.0 ms]
      [Ref Proc: 0.1 ms]
      [Ref Enq: 0.0 ms]
      [Redirty Cards: 0.1 ms]
      [Humongous Register: 0.0 ms]
      [Humongous Reclaim: 0.0 ms]
      [Free CSet: 0.6 ms]
   [Eden: 2446.0M(2446.0M)->0.0B(2444.0M) Survivors: 10240.0K->12288.0K Heap: 2477.1M(4096.0M)->34913.2K(4096.0M)]
 [Times: user=0.00 sys=0.00, real=0.00 secs] 
2024-10-12T19:01:49.249+0300: 559.534: Total time for which application threads were stopped: 0.0044827 seconds, Stopping threads took: 0.0001383 seconds
2024-10-12T19:01:50.034+0300: 560.315: Application time: 0.7808320 seconds
2024-10-12T19:01:50.034+0300: 560.315: [GC pause (G1 Evacuation Pause) (young), 0.0037587 secs]
   [Parallel Time: 1.9 ms, GC Workers: 6]
      [GC Worker Start (ms): Min: 560315.1, Avg: 560315.1, Max: 560315.2, Diff: 0.1]
      [Ext Root Scanning (ms): Min: 0.3, Avg: 0.3, Max: 0.4, Diff: 0.1, Sum: 2.0]
      [Update RS (ms): Min: 0.1, Avg: 0.1, Max: 0.1, Diff: 0.0, Sum: 0.6]
         [Processed Buffers: Min: 1, Avg: 2.2, Max: 3, Diff: 2, Sum: 13]
      [Scan RS (ms): Min: 0.2, Avg: 0.2, Max: 0.3, Diff: 0.1, Sum: 1.2]
      [Code Root Scanning (ms): Min: 0.0, Avg: 0.0, Max: 0.0, Diff: 0.0, Sum: 0.0]
      [Object Copy (ms): Min: 0.9, Avg: 1.0, Max: 1.0, Diff: 0.2, Sum: 5.7]
      [Termination (ms): Min: 0.0, Avg: 0.1, Max: 0.1, Diff: 0.1, Sum: 0.5]
         [Termination Attempts: Min: 1, Avg: 1.0, Max: 1, Diff: 0, Sum: 6]
      [GC Worker Other (ms): Min: 0.0, Avg: 0.0, Max: 0.0, Diff: 0.0, Sum: 0.1]
      [GC Worker Total (ms): Min: 1.6, Avg: 1.7, Max: 1.8, Diff: 0.1, Sum: 10.2]
      [GC Worker End (ms): Min: 560316.8, Avg: 560316.8, Max: 560316.9, Diff: 0.1]
   [Code Root Fixup: 0.0 ms]
   [Code Root Purge: 0.0 ms]
   [Clear CT: 0.5 ms]
   [Other: 1.3 ms]
      [Choose CSet: 0.0 ms]
      [Ref Proc: 0.1 ms]
      [Ref Enq: 0.0 ms]
      [Redirty Cards: 0.1 ms]
      [Humongous Register: 0.1 ms]
      [Humongous Reclaim: 0.0 ms]
      [Free CSet: 0.8 ms]
   [Eden: 2444.0M(2444.0M)->0.0B(2446.0M) Survivors: 12288.0K->10240.0K Heap: 2478.1M(4096.0M)->32867.7K(4096.0M)]
 [Times: user=0.00 sys=0.00, real=0.00 secs] 
2024-10-12T19:01:50.034+0300: 560.319: Total time for which application threads were stopped: 0.0041889 seconds, Stopping threads took: 0.0001471 seconds
2024-10-12T19:01:50.803+0300: 561.095: Application time: 0.7758574 seconds
2024-10-12T19:01:50.803+0300: 561.095: [GC pause (G1 Evacuation Pause) (young), 0.0032153 secs]
   [Parallel Time: 1.6 ms, GC Workers: 6]
      [GC Worker Start (ms): Min: 561095.1, Avg: 561095.1, Max: 561095.2, Diff: 0.1]
      [Ext Root Scanning (ms): Min: 0.3, Avg: 0.3, Max: 0.4, Diff: 0.1, Sum: 2.0]
      [Update RS (ms): Min: 0.1, Avg: 0.1, Max: 0.1, Diff: 0.1, Sum: 0.6]
         [Processed Buffers: Min: 1, Avg: 2.2, Max: 3, Diff: 2, Sum: 13]
      [Scan RS (ms): Min: 0.1, Avg: 0.2, Max: 0.2, Diff: 0.1, Sum: 1.0]
      [Code Root Scanning (ms): Min: 0.0, Avg: 0.0, Max: 0.0, Diff: 0.0, Sum: 0.0]
      [Object Copy (ms): Min: 0.7, Avg: 0.8, Max: 0.8, Diff: 0.0, Sum: 4.6]
      [Termination (ms): Min: 0.0, Avg: 0.0, Max: 0.0, Diff: 0.0, Sum: 0.0]
         [Termination Attempts: Min: 1, Avg: 1.0, Max: 1, Diff: 0, Sum: 6]
      [GC Worker Other (ms): Min: 0.0, Avg: 0.1, Max: 0.1, Diff: 0.1, Sum: 0.5]
      [GC Worker Total (ms): Min: 1.4, Avg: 1.5, Max: 1.5, Diff: 0.1, Sum: 8.8]
      [GC Worker End (ms): Min: 561096.5, Avg: 561096.6, Max: 561096.6, Diff: 0.1]
   [Code Root Fixup: 0.0 ms]
   [Code Root Purge: 0.0 ms]
   [Clear CT: 0.5 ms]
   [Other: 1.1 ms]
      [Choose CSet: 0.0 ms]
      [Ref Proc: 0.1 ms]
      [Ref Enq: 0.0 ms]
      [Redirty Cards: 0.1 ms]
      [Humongous Register: 0.0 ms]
      [Humongous Reclaim: 0.0 ms]
      [Free CSet: 0.8 ms]
   [Eden: 2446.0M(2446.0M)->0.0B(2444.0M) Survivors: 10240.0K->12288.0K Heap: 2478.1M(4096.0M)->34311.0K(4096.0M)]
 [Times: user=0.00 sys=0.00, real=0.02 secs] 
2024-10-12T19:01:50.819+0300: 561.098: Total time for which application threads were stopped: 0.0036018 seconds, Stopping threads took: 0.0001625 seconds
2024-10-12T19:01:51.604+0300: 561.883: Application time: 0.7846954 seconds
2024-10-12T19:01:51.604+0300: 561.883: [GC pause (G1 Evacuation Pause) (young), 0.0030417 secs]
   [Parallel Time: 1.5 ms, GC Workers: 6]
      [GC Worker Start (ms): Min: 561883.4, Avg: 561883.4, Max: 561883.4, Diff: 0.0]
      [Ext Root Scanning (ms): Min: 0.3, Avg: 0.3, Max: 0.3, Diff: 0.1, Sum: 1.9]
      [Update RS (ms): Min: 0.1, Avg: 0.1, Max: 0.1, Diff: 0.0, Sum: 0.6]
         [Processed Buffers: Min: 1, Avg: 2.2, Max: 4, Diff: 3, Sum: 13]
      [Scan RS (ms): Min: 0.1, Avg: 0.2, Max: 0.2, Diff: 0.0, Sum: 1.0]
      [Code Root Scanning (ms): Min: 0.0, Avg: 0.0, Max: 0.0, Diff: 0.0, Sum: 0.0]
      [Object Copy (ms): Min: 0.7, Avg: 0.7, Max: 0.8, Diff: 0.0, Sum: 4.4]
      [Termination (ms): Min: 0.0, Avg: 0.0, Max: 0.0, Diff: 0.0, Sum: 0.0]
         [Termination Attempts: Min: 1, Avg: 1.0, Max: 1, Diff: 0, Sum: 6]
      [GC Worker Other (ms): Min: 0.0, Avg: 0.1, Max: 0.1, Diff: 0.1, Sum: 0.5]
      [GC Worker Total (ms): Min: 1.4, Avg: 1.4, Max: 1.5, Diff: 0.1, Sum: 8.4]
      [GC Worker End (ms): Min: 561884.8, Avg: 561884.8, Max: 561884.9, Diff: 0.1]
   [Code Root Fixup: 0.0 ms]
   [Code Root Purge: 0.0 ms]
   [Clear CT: 0.5 ms]
   [Other: 1.0 ms]
      [Choose CSet: 0.0 ms]
      [Ref Proc: 0.1 ms]
      [Ref Enq: 0.0 ms]
      [Redirty Cards: 0.1 ms]
      [Humongous Register: 0.0 ms]
      [Humongous Reclaim: 0.0 ms]
      [Free CSet: 0.7 ms]
   [Eden: 2444.0M(2444.0M)->0.0B(2444.0M) Survivors: 12288.0K->12288.0K Heap: 2477.5M(4096.0M)->33766.2K(4096.0M)]
 [Times: user=0.00 sys=0.00, real=0.00 secs] 
2024-10-12T19:01:51.604+0300: 561.886: Total time for which application threads were stopped: 0.0034278 seconds, Stopping threads took: 0.0001603 seconds
2024-10-12T19:01:52.389+0300: 562.670: Application time: 0.7832196 seconds
2024-10-12T19:01:52.389+0300: 562.670: [GC pause (G1 Evacuation Pause) (young), 0.0034003 secs]
   [Parallel Time: 1.8 ms, GC Workers: 6]
      [GC Worker Start (ms): Min: 562670.1, Avg: 562670.2, Max: 562670.5, Diff: 0.4]
      [Ext Root Scanning (ms): Min: 0.0, Avg: 0.3, Max: 0.4, Diff: 0.4, Sum: 1.8]
      [Update RS (ms): Min: 0.0, Avg: 0.1, Max: 0.1, Diff: 0.1, Sum: 0.6]
         [Processed Buffers: Min: 0, Avg: 2.2, Max: 3, Diff: 3, Sum: 13]
      [Scan RS (ms): Min: 0.1, Avg: 0.2, Max: 0.2, Diff: 0.2, Sum: 1.0]
      [Code Root Scanning (ms): Min: 0.0, Avg: 0.0, Max: 0.0, Diff: 0.0, Sum: 0.0]
      [Object Copy (ms): Min: 0.9, Avg: 1.0, Max: 1.2, Diff: 0.3, Sum: 6.0]
      [Termination (ms): Min: 0.0, Avg: 0.0, Max: 0.0, Diff: 0.0, Sum: 0.0]
         [Termination Attempts: Min: 1, Avg: 2.7, Max: 4, Diff: 3, Sum: 16]
      [GC Worker Other (ms): Min: 0.0, Avg: 0.1, Max: 0.1, Diff: 0.1, Sum: 0.5]
      [GC Worker Total (ms): Min: 1.3, Avg: 1.7, Max: 1.8, Diff: 0.5, Sum: 10.0]
      [GC Worker End (ms): Min: 562671.8, Avg: 562671.8, Max: 562671.9, Diff: 0.1]
   [Code Root Fixup: 0.0 ms]
   [Code Root Purge: 0.0 ms]
   [Clear CT: 0.5 ms]
   [Other: 1.1 ms]
      [Choose CSet: 0.0 ms]
      [Ref Proc: 0.1 ms]
      [Ref Enq: 0.0 ms]
      [Redirty Cards: 0.1 ms]
      [Humongous Register: 0.0 ms]
      [Humongous Reclaim: 0.0 ms]
      [Free CSet: 0.7 ms]
   [Eden: 2444.0M(2444.0M)->0.0B(2446.0M) Survivors: 12288.0K->10240.0K Heap: 2477.0M(4096.0M)->31402.8K(4096.0M)]
 [Times: user=0.00 sys=0.00, real=0.00 secs] 
2024-10-12T19:01:52.389+0300: 562.674: Total time for which application threads were stopped: 0.0038185 seconds, Stopping threads took: 0.0001938 seconds
2024-10-12T19:01:53.174+0300: 563.454: Application time: 0.7803301 seconds
2024-10-12T19:01:53.174+0300: 563.454: [GC pause (G1 Evacuation Pause) (young), 0.0033350 secs]
   [Parallel Time: 1.7 ms, GC Workers: 6]
      [GC Worker Start (ms): Min: 563454.2, Avg: 563454.2, Max: 563454.3, Diff: 0.0]
      [Ext Root Scanning (ms): Min: 0.3, Avg: 0.3, Max: 0.4, Diff: 0.0, Sum: 2.1]
      [Update RS (ms): Min: 0.1, Avg: 0.1, Max: 0.1, Diff: 0.1, Sum: 0.6]
         [Processed Buffers: Min: 1, Avg: 2.2, Max: 3, Diff: 2, Sum: 13]
      [Scan RS (ms): Min: 0.2, Avg: 0.2, Max: 0.2, Diff: 0.0, Sum: 1.0]
      [Code Root Scanning (ms): Min: 0.0, Avg: 0.0, Max: 0.0, Diff: 0.0, Sum: 0.0]
      [Object Copy (ms): Min: 0.8, Avg: 0.8, Max: 0.8, Diff: 0.1, Sum: 4.7]
      [Termination (ms): Min: 0.0, Avg: 0.0, Max: 0.0, Diff: 0.0, Sum: 0.0]
         [Termination Attempts: Min: 1, Avg: 1.0, Max: 1, Diff: 0, Sum: 6]
      [GC Worker Other (ms): Min: 0.0, Avg: 0.1, Max: 0.2, Diff: 0.1, Sum: 0.5]
      [GC Worker Total (ms): Min: 1.4, Avg: 1.5, Max: 1.5, Diff: 0.1, Sum: 8.9]
      [GC Worker End (ms): Min: 563455.7, Avg: 563455.7, Max: 563455.8, Diff: 0.1]
   [Code Root Fixup: 0.0 ms]
   [Code Root Purge: 0.0 ms]
   [Clear CT: 0.6 ms]
   [Other: 1.1 ms]
      [Choose CSet: 0.0 ms]
      [Ref Proc: 0.1 ms]
      [Ref Enq: 0.0 ms]
      [Redirty Cards: 0.1 ms]
      [Humongous Register: 0.0 ms]
      [Humongous Reclaim: 0.0 ms]
      [Free CSet: 0.6 ms]
   [Eden: 2446.0M(2446.0M)->0.0B(2444.0M) Survivors: 10240.0K->12288.0K Heap: 2476.7M(4096.0M)->33735.0K(4096.0M)]
 [Times: user=0.00 sys=0.00, real=0.00 secs] 
2024-10-12T19:01:53.174+0300: 563.458: Total time for which application threads were stopped: 0.0037217 seconds, Stopping threads took: 0.0001353 seconds
2024-10-12T19:01:53.944+0300: 564.235: Application time: 0.7770789 seconds
2024-10-12T19:01:53.944+0300: 564.235: [GC pause (G1 Evacuation Pause) (young), 0.0041917 secs]
   [Parallel Time: 2.2 ms, GC Workers: 6]
      [GC Worker Start (ms): Min: 564235.0, Avg: 564235.4, Max: 564236.9, Diff: 1.9]
      [Ext Root Scanning (ms): Min: 0.0, Avg: 0.3, Max: 0.4, Diff: 0.4, Sum: 1.5]
      [Update RS (ms): Min: 0.0, Avg: 0.1, Max: 0.1, Diff: 0.1, Sum: 0.6]
         [Processed Buffers: Min: 0, Avg: 2.2, Max: 4, Diff: 4, Sum: 13]
      [Scan RS (ms): Min: 0.1, Avg: 0.2, Max: 0.2, Diff: 0.1, Sum: 1.0]
      [Code Root Scanning (ms): Min: 0.0, Avg: 0.0, Max: 0.0, Diff: 0.0, Sum: 0.0]
      [Object Copy (ms): Min: 0.0, Avg: 1.0, Max: 1.3, Diff: 1.3, Sum: 5.7]
      [Termination (ms): Min: 0.0, Avg: 0.2, Max: 0.2, Diff: 0.2, Sum: 1.1]
         [Termination Attempts: Min: 1, Avg: 3.0, Max: 6, Diff: 5, Sum: 18]
      [GC Worker Other (ms): Min: 0.0, Avg: 0.1, Max: 0.1, Diff: 0.1, Sum: 0.3]
      [GC Worker Total (ms): Min: 0.2, Avg: 1.7, Max: 2.1, Diff: 1.9, Sum: 10.2]
      [GC Worker End (ms): Min: 564237.0, Avg: 564237.1, Max: 564237.1, Diff: 0.1]
   [Code Root Fixup: 0.0 ms]
   [Code Root Purge: 0.0 ms]
   [Clear CT: 0.5 ms]
   [Other: 1.5 ms]
      [Choose CSet: 0.0 ms]
      [Ref Proc: 0.1 ms]
      [Ref Enq: 0.0 ms]
      [Redirty Cards: 0.1 ms]
      [Humongous Register: 0.1 ms]
      [Humongous Reclaim: 0.0 ms]
      [Free CSet: 1.1 ms]
   [Eden: 2444.0M(2444.0M)->0.0B(2446.0M) Survivors: 12288.0K->10240.0K Heap: 2476.9M(4096.0M)->31775.9K(4096.0M)]
 [Times: user=0.02 sys=0.00, real=0.02 secs] 
2024-10-12T19:01:53.959+0300: 564.239: Total time for which application threads were stopped: 0.0045348 seconds, Stopping threads took: 0.0001176 seconds
2024-10-12T19:01:54.729+0300: 565.013: Application time: 0.7737083 seconds
2024-10-12T19:01:54.729+0300: 565.013: [GC pause (G1 Evacuation Pause) (young), 0.0038766 secs]
   [Parallel Time: 2.4 ms, GC Workers: 6]
      [GC Worker Start (ms): Min: 565013.3, Avg: 565013.4, Max: 565013.7, Diff: 0.4]
      [Ext Root Scanning (ms): Min: 0.0, Avg: 0.3, Max: 0.4, Diff: 0.4, Sum: 1.8]
      [Update RS (ms): Min: 0.0, Avg: 0.1, Max: 0.1, Diff: 0.1, Sum: 0.6]
         [Processed Buffers: Min: 0, Avg: 2.0, Max: 5, Diff: 5, Sum: 12]
      [Scan RS (ms): Min: 0.0, Avg: 0.2, Max: 0.2, Diff: 0.2, Sum: 1.0]
      [Code Root Scanning (ms): Min: 0.0, Avg: 0.0, Max: 0.0, Diff: 0.0, Sum: 0.0]
      [Object Copy (ms): Min: 1.5, Avg: 1.5, Max: 1.8, Diff: 0.3, Sum: 9.2]
      [Termination (ms): Min: 0.0, Avg: 0.0, Max: 0.0, Diff: 0.0, Sum: 0.0]
         [Termination Attempts: Min: 1, Avg: 1.0, Max: 1, Diff: 0, Sum: 6]
      [GC Worker Other (ms): Min: 0.0, Avg: 0.1, Max: 0.1, Diff: 0.1, Sum: 0.5]
      [GC Worker Total (ms): Min: 1.9, Avg: 2.2, Max: 2.3, Diff: 0.4, Sum: 13.2]
      [GC Worker End (ms): Min: 565015.5, Avg: 565015.6, Max: 565015.6, Diff: 0.1]
   [Code Root Fixup: 0.0 ms]
   [Code Root Purge: 0.0 ms]
   [Clear CT: 0.5 ms]
   [Other: 1.0 ms]
      [Choose CSet: 0.0 ms]
      [Ref Proc: 0.1 ms]
      [Ref Enq: 0.0 ms]
      [Redirty Cards: 0.1 ms]
      [Humongous Register: 0.0 ms]
      [Humongous Reclaim: 0.0 ms]
      [Free CSet: 0.6 ms]
   [Eden: 2446.0M(2446.0M)->0.0B(2444.0M) Survivors: 10240.0K->12288.0K Heap: 2477.0M(4096.0M)->34784.3K(4096.0M)]
 [Times: user=0.00 sys=0.00, real=0.00 secs] 
2024-10-12T19:01:54.729+0300: 565.017: Total time for which application threads were stopped: 0.0042857 seconds, Stopping threads took: 0.0001844 seconds
2024-10-12T19:01:55.514+0300: 565.797: Application time: 0.7795108 seconds
2024-10-12T19:01:55.514+0300: 565.797: [GC pause (G1 Evacuation Pause) (young), 0.0030868 secs]
   [Parallel Time: 1.5 ms, GC Workers: 6]
      [GC Worker Start (ms): Min: 565797.1, Avg: 565797.1, Max: 565797.1, Diff: 0.1]
      [Ext Root Scanning (ms): Min: 0.3, Avg: 0.3, Max: 0.4, Diff: 0.1, Sum: 2.0]
      [Update RS (ms): Min: 0.1, Avg: 0.1, Max: 0.1, Diff: 0.1, Sum: 0.6]
         [Processed Buffers: Min: 1, Avg: 2.2, Max: 3, Diff: 2, Sum: 13]
      [Scan RS (ms): Min: 0.2, Avg: 0.2, Max: 0.2, Diff: 0.0, Sum: 1.0]
      [Code Root Scanning (ms): Min: 0.0, Avg: 0.0, Max: 0.0, Diff: 0.0, Sum: 0.0]
      [Object Copy (ms): Min: 0.7, Avg: 0.7, Max: 0.8, Diff: 0.0, Sum: 4.5]
      [Termination (ms): Min: 0.0, Avg: 0.0, Max: 0.0, Diff: 0.0, Sum: 0.0]
         [Termination Attempts: Min: 1, Avg: 1.0, Max: 1, Diff: 0, Sum: 6]
      [GC Worker Other (ms): Min: 0.0, Avg: 0.1, Max: 0.1, Diff: 0.1, Sum: 0.5]
      [GC Worker Total (ms): Min: 1.4, Avg: 1.4, Max: 1.5, Diff: 0.1, Sum: 8.7]
      [GC Worker End (ms): Min: 565798.5, Avg: 565798.5, Max: 565798.6, Diff: 0.1]
   [Code Root Fixup: 0.0 ms]
   [Code Root Purge: 0.0 ms]
   [Clear CT: 0.5 ms]
   [Other: 1.0 ms]
      [Choose CSet: 0.0 ms]
      [Ref Proc: 0.1 ms]
      [Ref Enq: 0.0 ms]
      [Redirty Cards: 0.1 ms]
      [Humongous Register: 0.0 ms]
      [Humongous Reclaim: 0.0 ms]
      [Free CSet: 0.7 ms]
   [Eden: 2444.0M(2444.0M)->0.0B(2448.0M) Survivors: 12288.0K->8192.0K Heap: 2478.0M(4096.0M)->30837.2K(4096.0M)]
 [Times: user=0.00 sys=0.00, real=0.00 secs] 
2024-10-12T19:01:55.514+0300: 565.800: Total time for which application threads were stopped: 0.0035101 seconds, Stopping threads took: 0.0001837 seconds
2024-10-12T19:01:56.299+0300: 566.582: Application time: 0.7821564 seconds
2024-10-12T19:01:56.299+0300: 566.583: [GC pause (G1 Evacuation Pause) (young), 0.0033026 secs]
   [Parallel Time: 1.6 ms, GC Workers: 6]
      [GC Worker Start (ms): Min: 566582.9, Avg: 566582.9, Max: 566582.9, Diff: 0.0]
      [Ext Root Scanning (ms): Min: 0.3, Avg: 0.3, Max: 0.4, Diff: 0.1, Sum: 2.0]
      [Update RS (ms): Min: 0.1, Avg: 0.1, Max: 0.1, Diff: 0.0, Sum: 0.6]
         [Processed Buffers: Min: 1, Avg: 2.2, Max: 4, Diff: 3, Sum: 13]
      [Scan RS (ms): Min: 0.2, Avg: 0.2, Max: 0.2, Diff: 0.0, Sum: 1.1]
      [Code Root Scanning (ms): Min: 0.0, Avg: 0.0, Max: 0.0, Diff: 0.0, Sum: 0.0]
      [Object Copy (ms): Min: 0.7, Avg: 0.7, Max: 0.7, Diff: 0.0, Sum: 4.3]
      [Termination (ms): Min: 0.0, Avg: 0.0, Max: 0.0, Diff: 0.0, Sum: 0.0]
         [Termination Attempts: Min: 1, Avg: 1.0, Max: 1, Diff: 0, Sum: 6]
      [GC Worker Other (ms): Min: 0.0, Avg: 0.1, Max: 0.2, Diff: 0.2, Sum: 0.7]
      [GC Worker Total (ms): Min: 1.4, Avg: 1.5, Max: 1.5, Diff: 0.2, Sum: 8.7]
      [GC Worker End (ms): Min: 566584.3, Avg: 566584.3, Max: 566584.4, Diff: 0.2]
   [Code Root Fixup: 0.0 ms]
   [Code Root Purge: 0.0 ms]
   [Clear CT: 0.5 ms]
   [Other: 1.2 ms]
      [Choose CSet: 0.0 ms]
      [Ref Proc: 0.1 ms]
      [Ref Enq: 0.0 ms]
      [Redirty Cards: 0.1 ms]
      [Humongous Register: 0.1 ms]
      [Humongous Reclaim: 0.0 ms]
      [Free CSet: 0.7 ms]
   [Eden: 2448.0M(2448.0M)->0.0B(2448.0M) Survivors: 8192.0K->8192.0K Heap: 2478.1M(4096.0M)->30815.1K(4096.0M)]
 [Times: user=0.00 sys=0.00, real=0.00 secs] 
2024-10-12T19:01:56.299+0300: 566.586: Total time for which application threads were stopped: 0.0037871 seconds, Stopping threads took: 0.0002477 seconds
2024-10-12T19:01:57.084+0300: 567.369: Application time: 0.7829206 seconds
2024-10-12T19:01:57.084+0300: 567.369: [GC pause (G1 Evacuation Pause) (young), 0.0033736 secs]
   [Parallel Time: 1.6 ms, GC Workers: 6]
      [GC Worker Start (ms): Min: 567369.5, Avg: 567369.6, Max: 567369.7, Diff: 0.1]
      [Ext Root Scanning (ms): Min: 0.2, Avg: 0.4, Max: 0.4, Diff: 0.1, Sum: 2.1]
      [Update RS (ms): Min: 0.1, Avg: 0.1, Max: 0.1, Diff: 0.1, Sum: 0.6]
         [Processed Buffers: Min: 1, Avg: 2.2, Max: 3, Diff: 2, Sum: 13]
      [Scan RS (ms): Min: 0.2, Avg: 0.2, Max: 0.2, Diff: 0.0, Sum: 1.0]
      [Code Root Scanning (ms): Min: 0.0, Avg: 0.0, Max: 0.0, Diff: 0.0, Sum: 0.0]
      [Object Copy (ms): Min: 0.7, Avg: 0.8, Max: 0.8, Diff: 0.1, Sum: 4.6]
      [Termination (ms): Min: 0.0, Avg: 0.0, Max: 0.0, Diff: 0.0, Sum: 0.0]
         [Termination Attempts: Min: 1, Avg: 1.0, Max: 1, Diff: 0, Sum: 6]
      [GC Worker Other (ms): Min: 0.0, Avg: 0.1, Max: 0.1, Diff: 0.1, Sum: 0.6]
      [GC Worker Total (ms): Min: 1.4, Avg: 1.5, Max: 1.6, Diff: 0.2, Sum: 9.0]
      [GC Worker End (ms): Min: 567371.0, Avg: 567371.0, Max: 567371.1, Diff: 0.1]
   [Code Root Fixup: 0.0 ms]
   [Code Root Purge: 0.0 ms]
   [Clear CT: 0.6 ms]
   [Other: 1.2 ms]
      [Choose CSet: 0.0 ms]
      [Ref Proc: 0.2 ms]
      [Ref Enq: 0.0 ms]
      [Redirty Cards: 0.1 ms]
      [Humongous Register: 0.1 ms]
      [Humongous Reclaim: 0.0 ms]
      [Free CSet: 0.7 ms]
   [Eden: 2448.0M(2448.0M)->0.0B(2444.0M) Survivors: 8192.0K->12288.0K Heap: 2478.1M(4096.0M)->33826.2K(4096.0M)]
 [Times: user=0.00 sys=0.00, real=0.00 secs] 
2024-10-12T19:01:57.084+0300: 567.373: Total time for which application threads were stopped: 0.0038244 seconds, Stopping threads took: 0.0001795 seconds
2024-10-12T19:01:57.853+0300: 568.145: Application time: 0.7725383 seconds
2024-10-12T19:01:57.853+0300: 568.146: [GC pause (G1 Evacuation Pause) (young), 0.0032727 secs]
   [Parallel Time: 1.6 ms, GC Workers: 6]
      [GC Worker Start (ms): Min: 568145.8, Avg: 568145.8, Max: 568145.9, Diff: 0.1]
      [Ext Root Scanning (ms): Min: 0.3, Avg: 0.3, Max: 0.4, Diff: 0.1, Sum: 2.0]
      [Update RS (ms): Min: 0.0, Avg: 0.1, Max: 0.1, Diff: 0.1, Sum: 0.6]
         [Processed Buffers: Min: 0, Avg: 2.2, Max: 3, Diff: 3, Sum: 13]
      [Scan RS (ms): Min: 0.0, Avg: 0.2, Max: 0.2, Diff: 0.2, Sum: 1.0]
      [Code Root Scanning (ms): Min: 0.0, Avg: 0.0, Max: 0.0, Diff: 0.0, Sum: 0.0]
      [Object Copy (ms): Min: 0.7, Avg: 0.8, Max: 1.1, Diff: 0.3, Sum: 4.9]
      [Termination (ms): Min: 0.0, Avg: 0.0, Max: 0.0, Diff: 0.0, Sum: 0.0]
         [Termination Attempts: Min: 1, Avg: 1.0, Max: 1, Diff: 0, Sum: 6]
      [GC Worker Other (ms): Min: 0.0, Avg: 0.1, Max: 0.1, Diff: 0.1, Sum: 0.5]
      [GC Worker Total (ms): Min: 1.4, Avg: 1.5, Max: 1.5, Diff: 0.1, Sum: 9.1]
      [GC Worker End (ms): Min: 568147.3, Avg: 568147.3, Max: 568147.4, Diff: 0.1]
   [Code Root Fixup: 0.0 ms]
   [Code Root Purge: 0.0 ms]
   [Clear CT: 0.6 ms]
   [Other: 1.1 ms]
      [Choose CSet: 0.0 ms]
      [Ref Proc: 0.1 ms]
      [Ref Enq: 0.0 ms]
      [Redirty Cards: 0.1 ms]
      [Humongous Register: 0.0 ms]
      [Humongous Reclaim: 0.0 ms]
      [Free CSet: 0.7 ms]
   [Eden: 2444.0M(2444.0M)->0.0B(2448.0M) Survivors: 12288.0K->8192.0K Heap: 2477.0M(4096.0M)->30610.5K(4096.0M)]
 [Times: user=0.02 sys=0.00, real=0.02 secs] 
2024-10-12T19:01:57.869+0300: 568.149: Total time for which application threads were stopped: 0.0036400 seconds, Stopping threads took: 0.0001613 seconds
2024-10-12T19:01:58.650+0300: 568.930: Application time: 0.7806389 seconds
2024-10-12T19:01:58.650+0300: 568.930: [GC pause (G1 Evacuation Pause) (young), 0.0038211 secs]
   [Parallel Time: 2.2 ms, GC Workers: 6]
      [GC Worker Start (ms): Min: 568930.1, Avg: 568930.1, Max: 568930.2, Diff: 0.0]
      [Ext Root Scanning (ms): Min: 0.3, Avg: 0.3, Max: 0.4, Diff: 0.1, Sum: 2.0]
      [Update RS (ms): Min: 0.1, Avg: 0.1, Max: 0.1, Diff: 0.0, Sum: 0.6]
         [Processed Buffers: Min: 1, Avg: 2.2, Max: 3, Diff: 2, Sum: 13]
      [Scan RS (ms): Min: 0.1, Avg: 0.2, Max: 0.2, Diff: 0.1, Sum: 1.0]
      [Code Root Scanning (ms): Min: 0.0, Avg: 0.0, Max: 0.0, Diff: 0.0, Sum: 0.0]
      [Object Copy (ms): Min: 1.3, Avg: 1.4, Max: 1.4, Diff: 0.0, Sum: 8.2]
      [Termination (ms): Min: 0.0, Avg: 0.0, Max: 0.0, Diff: 0.0, Sum: 0.0]
         [Termination Attempts: Min: 1, Avg: 1.0, Max: 1, Diff: 0, Sum: 6]
      [GC Worker Other (ms): Min: 0.0, Avg: 0.1, Max: 0.1, Diff: 0.1, Sum: 0.5]
      [GC Worker Total (ms): Min: 2.0, Avg: 2.1, Max: 2.1, Diff: 0.1, Sum: 12.4]
      [GC Worker End (ms): Min: 568932.2, Avg: 568932.2, Max: 568932.3, Diff: 0.1]
   [Code Root Fixup: 0.0 ms]
   [Code Root Purge: 0.0 ms]
   [Clear CT: 0.5 ms]
   [Other: 1.1 ms]
      [Choose CSet: 0.0 ms]
      [Ref Proc: 0.1 ms]
      [Ref Enq: 0.0 ms]
      [Redirty Cards: 0.1 ms]
      [Humongous Register: 0.0 ms]
      [Humongous Reclaim: 0.0 ms]
      [Free CSet: 0.7 ms]
   [Eden: 2448.0M(2448.0M)->0.0B(2444.0M) Survivors: 8192.0K->12288.0K Heap: 2477.9M(4096.0M)->34624.0K(4096.0M)]
 [Times: user=0.00 sys=0.00, real=0.00 secs] 
2024-10-12T19:01:58.654+0300: 568.934: Total time for which application threads were stopped: 0.0042385 seconds, Stopping threads took: 0.0001827 seconds
2024-10-12T19:01:59.423+0300: 569.714: Application time: 0.7801407 seconds
2024-10-12T19:01:59.423+0300: 569.714: [GC pause (G1 Evacuation Pause) (young), 0.0035445 secs]
   [Parallel Time: 2.0 ms, GC Workers: 6]
      [GC Worker Start (ms): Min: 569714.6, Avg: 569714.6, Max: 569714.7, Diff: 0.0]
      [Ext Root Scanning (ms): Min: 0.3, Avg: 0.3, Max: 0.4, Diff: 0.1, Sum: 1.9]
      [Update RS (ms): Min: 0.0, Avg: 0.1, Max: 0.1, Diff: 0.1, Sum: 0.6]
         [Processed Buffers: Min: 0, Avg: 2.2, Max: 3, Diff: 3, Sum: 13]
      [Scan RS (ms): Min: 0.1, Avg: 0.2, Max: 0.2, Diff: 0.1, Sum: 1.0]
      [Code Root Scanning (ms): Min: 0.0, Avg: 0.0, Max: 0.0, Diff: 0.0, Sum: 0.0]
      [Object Copy (ms): Min: 1.1, Avg: 1.1, Max: 1.4, Diff: 0.3, Sum: 6.7]
      [Termination (ms): Min: 0.0, Avg: 0.0, Max: 0.1, Diff: 0.1, Sum: 0.2]
         [Termination Attempts: Min: 1, Avg: 3.0, Max: 5, Diff: 4, Sum: 18]
      [GC Worker Other (ms): Min: 0.0, Avg: 0.1, Max: 0.1, Diff: 0.1, Sum: 0.4]
      [GC Worker Total (ms): Min: 1.8, Avg: 1.8, Max: 1.9, Diff: 0.1, Sum: 11.0]
      [GC Worker End (ms): Min: 569716.4, Avg: 569716.5, Max: 569716.5, Diff: 0.1]
   [Code Root Fixup: 0.0 ms]
   [Code Root Purge: 0.0 ms]
   [Clear CT: 0.5 ms]
   [Other: 1.1 ms]
      [Choose CSet: 0.0 ms]
      [Ref Proc: 0.1 ms]
      [Ref Enq: 0.0 ms]
      [Redirty Cards: 0.1 ms]
      [Humongous Register: 0.1 ms]
      [Humongous Reclaim: 0.0 ms]
      [Free CSet: 0.7 ms]
   [Eden: 2444.0M(2444.0M)->0.0B(2446.0M) Survivors: 12288.0K->10240.0K Heap: 2477.8M(4096.0M)->32897.7K(4096.0M)]
 [Times: user=0.00 sys=0.00, real=0.02 secs] 
2024-10-12T19:01:59.439+0300: 569.718: Total time for which application threads were stopped: 0.0040765 seconds, Stopping threads took: 0.0002305 seconds
2024-10-12T19:02:00.224+0300: 570.507: Application time: 0.7885123 seconds
2024-10-12T19:02:00.224+0300: 570.507: [GC pause (G1 Evacuation Pause) (young), 0.0031258 secs]
   [Parallel Time: 1.6 ms, GC Workers: 6]
      [GC Worker Start (ms): Min: 570507.1, Avg: 570507.2, Max: 570507.5, Diff: 0.4]
      [Ext Root Scanning (ms): Min: 0.0, Avg: 0.2, Max: 0.4, Diff: 0.4, Sum: 1.4]
      [Update RS (ms): Min: 0.1, Avg: 0.1, Max: 0.1, Diff: 0.0, Sum: 0.6]
         [Processed Buffers: Min: 1, Avg: 2.0, Max: 3, Diff: 2, Sum: 12]
      [Scan RS (ms): Min: 0.2, Avg: 0.2, Max: 0.2, Diff: 0.0, Sum: 1.0]
      [Code Root Scanning (ms): Min: 0.0, Avg: 0.0, Max: 0.0, Diff: 0.0, Sum: 0.0]
      [Object Copy (ms): Min: 0.6, Avg: 0.7, Max: 0.7, Diff: 0.1, Sum: 4.1]
      [Termination (ms): Min: 0.0, Avg: 0.0, Max: 0.0, Diff: 0.0, Sum: 0.0]
         [Termination Attempts: Min: 1, Avg: 1.0, Max: 1, Diff: 0, Sum: 6]
      [GC Worker Other (ms): Min: 0.0, Avg: 0.1, Max: 0.2, Diff: 0.1, Sum: 0.6]
      [GC Worker Total (ms): Min: 1.0, Avg: 1.3, Max: 1.4, Diff: 0.4, Sum: 7.7]
      [GC Worker End (ms): Min: 570508.5, Avg: 570508.5, Max: 570508.6, Diff: 0.1]
   [Code Root Fixup: 0.0 ms]
   [Code Root Purge: 0.0 ms]
   [Clear CT: 0.5 ms]
   [Other: 1.1 ms]
      [Choose CSet: 0.0 ms]
      [Ref Proc: 0.1 ms]
      [Ref Enq: 0.0 ms]
      [Redirty Cards: 0.1 ms]
      [Humongous Register: 0.0 ms]
      [Humongous Reclaim: 0.0 ms]
      [Free CSet: 0.7 ms]
   [Eden: 2446.0M(2446.0M)->0.0B(2448.0M) Survivors: 10240.0K->8192.0K Heap: 2478.1M(4096.0M)->30765.1K(4096.0M)]
 [Times: user=0.00 sys=0.00, real=0.00 secs] 
2024-10-12T19:02:00.224+0300: 570.510: Total time for which application threads were stopped: 0.0035240 seconds, Stopping threads took: 0.0001513 seconds
2024-10-12T19:02:01.009+0300: 571.290: Application time: 0.7794766 seconds
2024-10-12T19:02:01.009+0300: 571.290: [GC pause (G1 Evacuation Pause) (young), 0.0035094 secs]
   [Parallel Time: 1.6 ms, GC Workers: 6]
      [GC Worker Start (ms): Min: 571290.1, Avg: 571290.1, Max: 571290.2, Diff: 0.1]
      [Ext Root Scanning (ms): Min: 0.3, Avg: 0.3, Max: 0.4, Diff: 0.1, Sum: 2.0]
      [Update RS (ms): Min: 0.1, Avg: 0.1, Max: 0.1, Diff: 0.1, Sum: 0.6]
         [Processed Buffers: Min: 1, Avg: 2.2, Max: 3, Diff: 2, Sum: 13]
      [Scan RS (ms): Min: 0.1, Avg: 0.2, Max: 0.2, Diff: 0.1, Sum: 1.0]
      [Code Root Scanning (ms): Min: 0.0, Avg: 0.0, Max: 0.0, Diff: 0.0, Sum: 0.0]
      [Object Copy (ms): Min: 0.7, Avg: 0.7, Max: 0.8, Diff: 0.0, Sum: 4.4]
      [Termination (ms): Min: 0.0, Avg: 0.0, Max: 0.0, Diff: 0.0, Sum: 0.0]
         [Termination Attempts: Min: 1, Avg: 1.0, Max: 1, Diff: 0, Sum: 6]
      [GC Worker Other (ms): Min: 0.0, Avg: 0.1, Max: 0.2, Diff: 0.1, Sum: 0.6]
      [GC Worker Total (ms): Min: 1.3, Avg: 1.4, Max: 1.5, Diff: 0.2, Sum: 8.7]
      [GC Worker End (ms): Min: 571291.5, Avg: 571291.6, Max: 571291.7, Diff: 0.1]
   [Code Root Fixup: 0.0 ms]
   [Code Root Purge: 0.0 ms]
   [Clear CT: 0.6 ms]
   [Other: 1.3 ms]
      [Choose CSet: 0.0 ms]
      [Ref Proc: 0.1 ms]
      [Ref Enq: 0.0 ms]
      [Redirty Cards: 0.1 ms]
      [Humongous Register: 0.1 ms]
      [Humongous Reclaim: 0.0 ms]
      [Free CSet: 0.8 ms]
   [Eden: 2448.0M(2448.0M)->0.0B(2444.0M) Survivors: 8192.0K->12288.0K Heap: 2478.0M(4096.0M)->33749.3K(4096.0M)]
 [Times: user=0.00 sys=0.00, real=0.00 secs] 
2024-10-12T19:02:01.009+0300: 571.294: Total time for which application threads were stopped: 0.0039364 seconds, Stopping threads took: 0.0001643 seconds
2024-10-12T19:02:01.778+0300: 572.063: Application time: 0.7688892 seconds
2024-10-12T19:02:01.778+0300: 572.063: [GC pause (G1 Evacuation Pause) (young), 0.0037246 secs]
   [Parallel Time: 2.1 ms, GC Workers: 6]
      [GC Worker Start (ms): Min: 572063.0, Avg: 572063.0, Max: 572063.0, Diff: 0.1]
      [Ext Root Scanning (ms): Min: 0.3, Avg: 0.3, Max: 0.4, Diff: 0.1, Sum: 2.1]
      [Update RS (ms): Min: 0.1, Avg: 0.1, Max: 0.1, Diff: 0.1, Sum: 0.6]
         [Processed Buffers: Min: 1, Avg: 2.2, Max: 5, Diff: 4, Sum: 13]
      [Scan RS (ms): Min: 0.2, Avg: 0.2, Max: 0.2, Diff: 0.0, Sum: 1.0]
      [Code Root Scanning (ms): Min: 0.0, Avg: 0.0, Max: 0.0, Diff: 0.0, Sum: 0.0]
      [Object Copy (ms): Min: 1.3, Avg: 1.3, Max: 1.3, Diff: 0.1, Sum: 7.8]
      [Termination (ms): Min: 0.0, Avg: 0.0, Max: 0.0, Diff: 0.0, Sum: 0.0]
         [Termination Attempts: Min: 1, Avg: 1.0, Max: 1, Diff: 0, Sum: 6]
      [GC Worker Other (ms): Min: 0.0, Avg: 0.1, Max: 0.1, Diff: 0.1, Sum: 0.4]
      [GC Worker Total (ms): Min: 1.9, Avg: 2.0, Max: 2.1, Diff: 0.1, Sum: 12.0]
      [GC Worker End (ms): Min: 572064.9, Avg: 572065.0, Max: 572065.0, Diff: 0.1]
   [Code Root Fixup: 0.0 ms]
   [Code Root Purge: 0.0 ms]
   [Clear CT: 0.5 ms]
   [Other: 1.1 ms]
      [Choose CSet: 0.0 ms]
      [Ref Proc: 0.1 ms]
      [Ref Enq: 0.0 ms]
      [Redirty Cards: 0.1 ms]
      [Humongous Register: 0.0 ms]
      [Humongous Reclaim: 0.0 ms]
      [Free CSet: 0.7 ms]
   [Eden: 2444.0M(2444.0M)->0.0B(2444.0M) Survivors: 12288.0K->12288.0K Heap: 2477.0M(4096.0M)->34729.0K(4096.0M)]
 [Times: user=0.00 sys=0.00, real=0.00 secs] 
2024-10-12T19:02:01.778+0300: 572.067: Total time for which application threads were stopped: 0.0041594 seconds, Stopping threads took: 0.0001850 seconds
2024-10-12T19:02:02.563+0300: 572.848: Application time: 0.7813928 seconds
2024-10-12T19:02:02.563+0300: 572.848: [GC pause (G1 Evacuation Pause) (young), 0.0030532 secs]
   [Parallel Time: 1.6 ms, GC Workers: 6]
      [GC Worker Start (ms): Min: 572848.6, Avg: 572848.6, Max: 572848.6, Diff: 0.1]
      [Ext Root Scanning (ms): Min: 0.3, Avg: 0.3, Max: 0.4, Diff: 0.1, Sum: 2.0]
      [Update RS (ms): Min: 0.1, Avg: 0.1, Max: 0.1, Diff: 0.0, Sum: 0.6]
         [Processed Buffers: Min: 1, Avg: 2.2, Max: 3, Diff: 2, Sum: 13]
      [Scan RS (ms): Min: 0.2, Avg: 0.2, Max: 0.2, Diff: 0.0, Sum: 1.0]
      [Code Root Scanning (ms): Min: 0.0, Avg: 0.0, Max: 0.0, Diff: 0.0, Sum: 0.0]
      [Object Copy (ms): Min: 0.8, Avg: 0.8, Max: 0.8, Diff: 0.0, Sum: 4.7]
      [Termination (ms): Min: 0.0, Avg: 0.0, Max: 0.0, Diff: 0.0, Sum: 0.0]
         [Termination Attempts: Min: 1, Avg: 1.0, Max: 1, Diff: 0, Sum: 6]
      [GC Worker Other (ms): Min: 0.0, Avg: 0.1, Max: 0.1, Diff: 0.1, Sum: 0.5]
      [GC Worker Total (ms): Min: 1.4, Avg: 1.5, Max: 1.5, Diff: 0.1, Sum: 8.9]
      [GC Worker End (ms): Min: 572850.0, Avg: 572850.1, Max: 572850.1, Diff: 0.1]
   [Code Root Fixup: 0.0 ms]
   [Code Root Purge: 0.0 ms]
   [Clear CT: 0.4 ms]
   [Other: 1.0 ms]
      [Choose CSet: 0.0 ms]
      [Ref Proc: 0.1 ms]
      [Ref Enq: 0.0 ms]
      [Redirty Cards: 0.1 ms]
      [Humongous Register: 0.0 ms]
      [Humongous Reclaim: 0.0 ms]
      [Free CSet: 0.6 ms]
   [Eden: 2444.0M(2444.0M)->0.0B(2448.0M) Survivors: 12288.0K->8192.0K Heap: 2477.9M(4096.0M)->30859.7K(4096.0M)]
 [Times: user=0.00 sys=0.00, real=0.00 secs] 
2024-10-12T19:02:02.563+0300: 572.852: Total time for which application threads were stopped: 0.0035390 seconds, Stopping threads took: 0.0002397 seconds
2024-10-12T19:02:03.348+0300: 573.634: Application time: 0.7819195 seconds
2024-10-12T19:02:03.348+0300: 573.634: [GC pause (G1 Evacuation Pause) (young), 0.0039620 secs]
   [Parallel Time: 2.2 ms, GC Workers: 6]
      [GC Worker Start (ms): Min: 573634.0, Avg: 573634.0, Max: 573634.1, Diff: 0.0]
      [Ext Root Scanning (ms): Min: 0.3, Avg: 0.3, Max: 0.3, Diff: 0.1, Sum: 1.9]
      [Update RS (ms): Min: 0.1, Avg: 0.1, Max: 0.1, Diff: 0.0, Sum: 0.6]
         [Processed Buffers: Min: 1, Avg: 2.2, Max: 3, Diff: 2, Sum: 13]
      [Scan RS (ms): Min: 0.2, Avg: 0.2, Max: 0.2, Diff: 0.0, Sum: 1.0]
      [Code Root Scanning (ms): Min: 0.0, Avg: 0.0, Max: 0.0, Diff: 0.0, Sum: 0.0]
      [Object Copy (ms): Min: 1.4, Avg: 1.4, Max: 1.4, Diff: 0.0, Sum: 8.4]
      [Termination (ms): Min: 0.0, Avg: 0.0, Max: 0.0, Diff: 0.0, Sum: 0.0]
         [Termination Attempts: Min: 1, Avg: 1.0, Max: 1, Diff: 0, Sum: 6]
      [GC Worker Other (ms): Min: 0.0, Avg: 0.1, Max: 0.2, Diff: 0.1, Sum: 0.5]
      [GC Worker Total (ms): Min: 2.0, Avg: 2.1, Max: 2.1, Diff: 0.1, Sum: 12.5]
      [GC Worker End (ms): Min: 573636.1, Avg: 573636.1, Max: 573636.2, Diff: 0.1]
   [Code Root Fixup: 0.0 ms]
   [Code Root Purge: 0.0 ms]
   [Clear CT: 0.5 ms]
   [Other: 1.2 ms]
      [Choose CSet: 0.0 ms]
      [Ref Proc: 0.2 ms]
      [Ref Enq: 0.0 ms]
      [Redirty Cards: 0.1 ms]
      [Humongous Register: 0.1 ms]
      [Humongous Reclaim: 0.0 ms]
      [Free CSet: 0.7 ms]
   [Eden: 2448.0M(2448.0M)->0.0B(2444.0M) Survivors: 8192.0K->12288.0K Heap: 2478.1M(4096.0M)->34958.2K(4096.0M)]
 [Times: user=0.00 sys=0.00, real=0.00 secs] 
2024-10-12T19:02:03.348+0300: 573.638: Total time for which application threads were stopped: 0.0044171 seconds, Stopping threads took: 0.0002172 seconds
2024-10-12T19:02:04.133+0300: 574.417: Application time: 0.7787999 seconds
2024-10-12T19:02:04.133+0300: 574.417: [GC pause (G1 Evacuation Pause) (young), 0.0039327 secs]
   [Parallel Time: 2.4 ms, GC Workers: 6]
      [GC Worker Start (ms): Min: 574417.1, Avg: 574417.2, Max: 574417.2, Diff: 0.1]
      [Ext Root Scanning (ms): Min: 0.3, Avg: 0.3, Max: 0.4, Diff: 0.1, Sum: 2.0]
      [Update RS (ms): Min: 0.1, Avg: 0.1, Max: 0.1, Diff: 0.1, Sum: 0.6]
         [Processed Buffers: Min: 1, Avg: 2.2, Max: 3, Diff: 2, Sum: 13]
      [Scan RS (ms): Min: 0.2, Avg: 0.2, Max: 0.2, Diff: 0.0, Sum: 1.1]
      [Code Root Scanning (ms): Min: 0.0, Avg: 0.0, Max: 0.0, Diff: 0.0, Sum: 0.0]
      [Object Copy (ms): Min: 1.5, Avg: 1.6, Max: 1.6, Diff: 0.1, Sum: 9.4]
      [Termination (ms): Min: 0.0, Avg: 0.0, Max: 0.0, Diff: 0.0, Sum: 0.0]
         [Termination Attempts: Min: 1, Avg: 1.0, Max: 1, Diff: 0, Sum: 6]
      [GC Worker Other (ms): Min: 0.0, Avg: 0.1, Max: 0.1, Diff: 0.1, Sum: 0.5]
      [GC Worker Total (ms): Min: 2.2, Avg: 2.3, Max: 2.3, Diff: 0.1, Sum: 13.7]
      [GC Worker End (ms): Min: 574419.4, Avg: 574419.5, Max: 574419.5, Diff: 0.1]
   [Code Root Fixup: 0.0 ms]
   [Code Root Purge: 0.0 ms]
   [Clear CT: 0.5 ms]
   [Other: 1.0 ms]
      [Choose CSet: 0.0 ms]
      [Ref Proc: 0.1 ms]
      [Ref Enq: 0.0 ms]
      [Redirty Cards: 0.1 ms]
      [Humongous Register: 0.0 ms]
      [Humongous Reclaim: 0.0 ms]
      [Free CSet: 0.7 ms]
   [Eden: 2444.0M(2444.0M)->0.0B(2444.0M) Survivors: 12288.0K->12288.0K Heap: 2478.1M(4096.0M)->34960.7K(4096.0M)]
 [Times: user=0.00 sys=0.00, real=0.00 secs] 
2024-10-12T19:02:04.133+0300: 574.421: Total time for which application threads were stopped: 0.0043309 seconds, Stopping threads took: 0.0001653 seconds
2024-10-12T19:02:04.902+0300: 575.192: Application time: 0.7710249 seconds
2024-10-12T19:02:04.902+0300: 575.192: [GC pause (G1 Evacuation Pause) (young), 0.0031485 secs]
   [Parallel Time: 1.6 ms, GC Workers: 6]
      [GC Worker Start (ms): Min: 575192.5, Avg: 575192.6, Max: 575192.6, Diff: 0.0]
      [Ext Root Scanning (ms): Min: 0.3, Avg: 0.3, Max: 0.4, Diff: 0.1, Sum: 2.0]
      [Update RS (ms): Min: 0.1, Avg: 0.1, Max: 0.1, Diff: 0.1, Sum: 0.6]
         [Processed Buffers: Min: 1, Avg: 2.2, Max: 3, Diff: 2, Sum: 13]
      [Scan RS (ms): Min: 0.1, Avg: 0.2, Max: 0.2, Diff: 0.1, Sum: 1.0]
      [Code Root Scanning (ms): Min: 0.0, Avg: 0.0, Max: 0.0, Diff: 0.0, Sum: 0.0]
      [Object Copy (ms): Min: 0.7, Avg: 0.7, Max: 0.8, Diff: 0.0, Sum: 4.5]
      [Termination (ms): Min: 0.0, Avg: 0.0, Max: 0.0, Diff: 0.0, Sum: 0.0]
         [Termination Attempts: Min: 1, Avg: 1.0, Max: 1, Diff: 0, Sum: 6]
      [GC Worker Other (ms): Min: 0.0, Avg: 0.0, Max: 0.1, Diff: 0.1, Sum: 0.3]
      [GC Worker Total (ms): Min: 1.4, Avg: 1.4, Max: 1.5, Diff: 0.1, Sum: 8.5]
      [GC Worker End (ms): Min: 575193.9, Avg: 575194.0, Max: 575194.0, Diff: 0.1]
   [Code Root Fixup: 0.0 ms]
   [Code Root Purge: 0.0 ms]
   [Clear CT: 0.5 ms]
   [Other: 1.1 ms]
      [Choose CSet: 0.0 ms]
      [Ref Proc: 0.1 ms]
      [Ref Enq: 0.0 ms]
      [Redirty Cards: 0.1 ms]
      [Humongous Register: 0.0 ms]
      [Humongous Reclaim: 0.0 ms]
      [Free CSet: 0.6 ms]
   [Eden: 2444.0M(2444.0M)->0.0B(2448.0M) Survivors: 12288.0K->8192.0K Heap: 2478.1M(4096.0M)->29843.2K(4096.0M)]
 [Times: user=0.00 sys=0.00, real=0.00 secs] 
2024-10-12T19:02:04.902+0300: 575.196: Total time for which application threads were stopped: 0.0035524 seconds, Stopping threads took: 0.0001828 seconds
2024-10-12T19:02:05.687+0300: 575.979: Application time: 0.7830999 seconds
2024-10-12T19:02:05.687+0300: 575.979: [GC pause (G1 Evacuation Pause) (young), 0.0032689 secs]
   [Parallel Time: 1.7 ms, GC Workers: 6]
      [GC Worker Start (ms): Min: 575979.1, Avg: 575979.2, Max: 575979.2, Diff: 0.1]
      [Ext Root Scanning (ms): Min: 0.3, Avg: 0.3, Max: 0.4, Diff: 0.1, Sum: 2.1]
      [Update RS (ms): Min: 0.1, Avg: 0.1, Max: 0.1, Diff: 0.1, Sum: 0.6]
         [Processed Buffers: Min: 1, Avg: 2.2, Max: 3, Diff: 2, Sum: 13]
      [Scan RS (ms): Min: 0.2, Avg: 0.2, Max: 0.2, Diff: 0.0, Sum: 1.1]
      [Code Root Scanning (ms): Min: 0.0, Avg: 0.0, Max: 0.0, Diff: 0.0, Sum: 0.0]
      [Object Copy (ms): Min: 0.8, Avg: 0.8, Max: 0.9, Diff: 0.1, Sum: 4.9]
      [Termination (ms): Min: 0.0, Avg: 0.0, Max: 0.0, Diff: 0.0, Sum: 0.0]
         [Termination Attempts: Min: 1, Avg: 1.0, Max: 1, Diff: 0, Sum: 6]
      [GC Worker Other (ms): Min: 0.1, Avg: 0.1, Max: 0.1, Diff: 0.1, Sum: 0.6]
      [GC Worker Total (ms): Min: 1.5, Avg: 1.6, Max: 1.6, Diff: 0.1, Sum: 9.3]
      [GC Worker End (ms): Min: 575980.7, Avg: 575980.7, Max: 575980.8, Diff: 0.1]
   [Code Root Fixup: 0.0 ms]
   [Code Root Purge: 0.0 ms]
   [Clear CT: 0.5 ms]
   [Other: 1.1 ms]
      [Choose CSet: 0.0 ms]
      [Ref Proc: 0.1 ms]
      [Ref Enq: 0.0 ms]
      [Redirty Cards: 0.1 ms]
      [Humongous Register: 0.0 ms]
      [Humongous Reclaim: 0.0 ms]
      [Free CSet: 0.7 ms]
   [Eden: 2448.0M(2448.0M)->0.0B(2446.0M) Survivors: 8192.0K->10240.0K Heap: 2477.1M(4096.0M)->31893.7K(4096.0M)]
 [Times: user=0.02 sys=0.00, real=0.01 secs] 
2024-10-12T19:02:05.702+0300: 575.982: Total time for which application threads were stopped: 0.0036346 seconds, Stopping threads took: 0.0001388 seconds
2024-10-12T19:02:06.488+0300: 576.768: Application time: 0.7853075 seconds
2024-10-12T19:02:06.488+0300: 576.768: [GC pause (G1 Evacuation Pause) (young), 0.0035619 secs]
   [Parallel Time: 1.6 ms, GC Workers: 6]
      [GC Worker Start (ms): Min: 576768.2, Avg: 576768.2, Max: 576768.2, Diff: 0.1]
      [Ext Root Scanning (ms): Min: 0.3, Avg: 0.3, Max: 0.4, Diff: 0.1, Sum: 1.9]
      [Update RS (ms): Min: 0.1, Avg: 0.1, Max: 0.1, Diff: 0.1, Sum: 0.6]
         [Processed Buffers: Min: 1, Avg: 2.2, Max: 4, Diff: 3, Sum: 13]
      [Scan RS (ms): Min: 0.1, Avg: 0.2, Max: 0.2, Diff: 0.1, Sum: 1.0]
      [Code Root Scanning (ms): Min: 0.0, Avg: 0.0, Max: 0.0, Diff: 0.0, Sum: 0.0]
      [Object Copy (ms): Min: 0.7, Avg: 0.8, Max: 0.8, Diff: 0.0, Sum: 4.6]
      [Termination (ms): Min: 0.0, Avg: 0.0, Max: 0.0, Diff: 0.0, Sum: 0.0]
         [Termination Attempts: Min: 1, Avg: 1.0, Max: 1, Diff: 0, Sum: 6]
      [GC Worker Other (ms): Min: 0.1, Avg: 0.1, Max: 0.2, Diff: 0.1, Sum: 0.7]
      [GC Worker Total (ms): Min: 1.4, Avg: 1.5, Max: 1.5, Diff: 0.1, Sum: 8.9]
      [GC Worker End (ms): Min: 576769.6, Avg: 576769.7, Max: 576769.7, Diff: 0.1]
   [Code Root Fixup: 0.0 ms]
   [Code Root Purge: 0.0 ms]
   [Clear CT: 0.5 ms]
   [Other: 1.4 ms]
      [Choose CSet: 0.0 ms]
      [Ref Proc: 0.2 ms]
      [Ref Enq: 0.0 ms]
      [Redirty Cards: 0.1 ms]
      [Humongous Register: 0.1 ms]
      [Humongous Reclaim: 0.0 ms]
      [Free CSet: 0.9 ms]
   [Eden: 2446.0M(2446.0M)->0.0B(2448.0M) Survivors: 10240.0K->8192.0K Heap: 2477.1M(4096.0M)->30801.8K(4096.0M)]
 [Times: user=0.00 sys=0.00, real=0.00 secs] 
2024-10-12T19:02:06.488+0300: 576.772: Total time for which application threads were stopped: 0.0039759 seconds, Stopping threads took: 0.0001498 seconds
2024-10-12T19:02:07.273+0300: 577.556: Application time: 0.7845266 seconds
2024-10-12T19:02:07.273+0300: 577.557: [GC pause (G1 Evacuation Pause) (young), 0.0033609 secs]
   [Parallel Time: 1.6 ms, GC Workers: 6]
      [GC Worker Start (ms): Min: 577556.7, Avg: 577556.7, Max: 577556.7, Diff: 0.0]
      [Ext Root Scanning (ms): Min: 0.3, Avg: 0.3, Max: 0.3, Diff: 0.0, Sum: 2.0]
      [Update RS (ms): Min: 0.1, Avg: 0.1, Max: 0.1, Diff: 0.0, Sum: 0.6]
         [Processed Buffers: Min: 1, Avg: 2.2, Max: 4, Diff: 3, Sum: 13]
      [Scan RS (ms): Min: 0.2, Avg: 0.2, Max: 0.2, Diff: 0.1, Sum: 1.1]
      [Code Root Scanning (ms): Min: 0.0, Avg: 0.0, Max: 0.0, Diff: 0.0, Sum: 0.0]
      [Object Copy (ms): Min: 0.7, Avg: 0.7, Max: 0.7, Diff: 0.0, Sum: 4.3]
      [Termination (ms): Min: 0.0, Avg: 0.0, Max: 0.0, Diff: 0.0, Sum: 0.0]
         [Termination Attempts: Min: 1, Avg: 1.7, Max: 3, Diff: 2, Sum: 10]
      [GC Worker Other (ms): Min: 0.0, Avg: 0.1, Max: 0.2, Diff: 0.2, Sum: 0.7]
      [GC Worker Total (ms): Min: 1.4, Avg: 1.5, Max: 1.5, Diff: 0.2, Sum: 8.7]
      [GC Worker End (ms): Min: 577558.1, Avg: 577558.2, Max: 577558.2, Diff: 0.2]
   [Code Root Fixup: 0.0 ms]
   [Code Root Purge: 0.0 ms]
   [Clear CT: 0.6 ms]
   [Other: 1.2 ms]
      [Choose CSet: 0.0 ms]
      [Ref Proc: 0.2 ms]
      [Ref Enq: 0.0 ms]
      [Redirty Cards: 0.1 ms]
      [Humongous Register: 0.1 ms]
      [Humongous Reclaim: 0.0 ms]
      [Free CSet: 0.7 ms]
   [Eden: 2448.0M(2448.0M)->0.0B(2448.0M) Survivors: 8192.0K->8192.0K Heap: 2478.1M(4096.0M)->30730.8K(4096.0M)]
 [Times: user=0.00 sys=0.00, real=0.00 secs] 
2024-10-12T19:02:07.273+0300: 577.560: Total time for which application threads were stopped: 0.0038236 seconds, Stopping threads took: 0.0002044 seconds
2024-10-12T19:02:08.042+0300: 578.336: Application time: 0.7757310 seconds
2024-10-12T19:02:08.042+0300: 578.336: [GC pause (G1 Evacuation Pause) (young), 0.0042631 secs]
   [Parallel Time: 2.4 ms, GC Workers: 6]
      [GC Worker Start (ms): Min: 578336.3, Avg: 578336.3, Max: 578336.3, Diff: 0.0]
      [Ext Root Scanning (ms): Min: 0.3, Avg: 0.3, Max: 0.4, Diff: 0.1, Sum: 2.1]
      [Update RS (ms): Min: 0.1, Avg: 0.1, Max: 0.2, Diff: 0.1, Sum: 0.6]
         [Processed Buffers: Min: 1, Avg: 2.2, Max: 3, Diff: 2, Sum: 13]
      [Scan RS (ms): Min: 0.2, Avg: 0.2, Max: 0.2, Diff: 0.0, Sum: 1.1]
      [Code Root Scanning (ms): Min: 0.0, Avg: 0.0, Max: 0.0, Diff: 0.0, Sum: 0.0]
      [Object Copy (ms): Min: 1.4, Avg: 1.4, Max: 1.5, Diff: 0.1, Sum: 8.6]
      [Termination (ms): Min: 0.0, Avg: 0.0, Max: 0.0, Diff: 0.0, Sum: 0.0]
         [Termination Attempts: Min: 1, Avg: 1.2, Max: 2, Diff: 1, Sum: 7]
      [GC Worker Other (ms): Min: 0.0, Avg: 0.1, Max: 0.2, Diff: 0.2, Sum: 0.9]
      [GC Worker Total (ms): Min: 2.1, Avg: 2.2, Max: 2.3, Diff: 0.2, Sum: 13.3]
      [GC Worker End (ms): Min: 578338.4, Avg: 578338.5, Max: 578338.6, Diff: 0.2]
   [Code Root Fixup: 0.0 ms]
   [Code Root Purge: 0.0 ms]
   [Clear CT: 0.5 ms]
   [Other: 1.3 ms]
      [Choose CSet: 0.0 ms]
      [Ref Proc: 0.2 ms]
      [Ref Enq: 0.0 ms]
      [Redirty Cards: 0.1 ms]
      [Humongous Register: 0.0 ms]
      [Humongous Reclaim: 0.0 ms]
      [Free CSet: 0.7 ms]
   [Eden: 2448.0M(2448.0M)->0.0B(2444.0M) Survivors: 8192.0K->12288.0K Heap: 2478.0M(4096.0M)->33854.6K(4096.0M)]
 [Times: user=0.02 sys=0.00, real=0.01 secs] 
2024-10-12T19:02:08.057+0300: 578.341: Total time for which application threads were stopped: 0.0047293 seconds, Stopping threads took: 0.0002086 seconds
2024-10-12T19:02:08.842+0300: 579.123: Application time: 0.7828839 seconds
2024-10-12T19:02:08.842+0300: 579.124: [GC pause (G1 Evacuation Pause) (young), 0.0036760 secs]
   [Parallel Time: 1.8 ms, GC Workers: 6]
      [GC Worker Start (ms): Min: 579123.8, Avg: 579123.9, Max: 579123.9, Diff: 0.0]
      [Ext Root Scanning (ms): Min: 0.3, Avg: 0.3, Max: 0.3, Diff: 0.1, Sum: 1.9]
      [Update RS (ms): Min: 0.1, Avg: 0.1, Max: 0.1, Diff: 0.1, Sum: 0.6]
         [Processed Buffers: Min: 1, Avg: 2.2, Max: 4, Diff: 3, Sum: 13]
      [Scan RS (ms): Min: 0.1, Avg: 0.2, Max: 0.2, Diff: 0.1, Sum: 1.0]
      [Code Root Scanning (ms): Min: 0.0, Avg: 0.0, Max: 0.0, Diff: 0.0, Sum: 0.0]
      [Object Copy (ms): Min: 0.9, Avg: 0.9, Max: 0.9, Diff: 0.0, Sum: 5.6]
      [Termination (ms): Min: 0.0, Avg: 0.0, Max: 0.0, Diff: 0.0, Sum: 0.0]
         [Termination Attempts: Min: 1, Avg: 2.0, Max: 3, Diff: 2, Sum: 12]
      [GC Worker Other (ms): Min: 0.0, Avg: 0.1, Max: 0.2, Diff: 0.1, Sum: 0.6]
      [GC Worker Total (ms): Min: 1.6, Avg: 1.6, Max: 1.7, Diff: 0.1, Sum: 9.8]
      [GC Worker End (ms): Min: 579125.4, Avg: 579125.5, Max: 579125.6, Diff: 0.1]
   [Code Root Fixup: 0.0 ms]
   [Code Root Purge: 0.0 ms]
   [Clear CT: 0.5 ms]
   [Other: 1.3 ms]
      [Choose CSet: 0.0 ms]
      [Ref Proc: 0.1 ms]
      [Ref Enq: 0.0 ms]
      [Redirty Cards: 0.1 ms]
      [Humongous Register: 0.1 ms]
      [Humongous Reclaim: 0.0 ms]
      [Free CSet: 0.9 ms]
   [Eden: 2444.0M(2444.0M)->0.0B(2446.0M) Survivors: 12288.0K->10240.0K Heap: 2477.1M(4096.0M)->32931.7K(4096.0M)]
 [Times: user=0.00 sys=0.00, real=0.00 secs] 
2024-10-12T19:02:08.842+0300: 579.128: Total time for which application threads were stopped: 0.0040759 seconds, Stopping threads took: 0.0001583 seconds
2024-10-12T19:02:09.628+0300: 579.919: Application time: 0.7916583 seconds
2024-10-12T19:02:09.628+0300: 579.920: [GC pause (G1 Evacuation Pause) (young), 0.0038470 secs]
   [Parallel Time: 1.6 ms, GC Workers: 6]
      [GC Worker Start (ms): Min: 579919.6, Avg: 579919.7, Max: 579919.7, Diff: 0.1]
      [Ext Root Scanning (ms): Min: 0.3, Avg: 0.3, Max: 0.4, Diff: 0.1, Sum: 2.0]
      [Update RS (ms): Min: 0.1, Avg: 0.1, Max: 0.1, Diff: 0.1, Sum: 0.6]
         [Processed Buffers: Min: 1, Avg: 2.2, Max: 4, Diff: 3, Sum: 13]
      [Scan RS (ms): Min: 0.1, Avg: 0.2, Max: 0.2, Diff: 0.1, Sum: 1.0]
      [Code Root Scanning (ms): Min: 0.0, Avg: 0.0, Max: 0.0, Diff: 0.0, Sum: 0.0]
      [Object Copy (ms): Min: 0.7, Avg: 0.7, Max: 0.8, Diff: 0.0, Sum: 4.4]
      [Termination (ms): Min: 0.0, Avg: 0.0, Max: 0.0, Diff: 0.0, Sum: 0.0]
         [Termination Attempts: Min: 1, Avg: 1.0, Max: 1, Diff: 0, Sum: 6]
      [GC Worker Other (ms): Min: 0.0, Avg: 0.1, Max: 0.1, Diff: 0.1, Sum: 0.6]
      [GC Worker Total (ms): Min: 1.4, Avg: 1.4, Max: 1.5, Diff: 0.1, Sum: 8.7]
      [GC Worker End (ms): Min: 579921.1, Avg: 579921.1, Max: 579921.2, Diff: 0.1]
   [Code Root Fixup: 0.0 ms]
   [Code Root Purge: 0.0 ms]
   [Clear CT: 0.6 ms]
   [Other: 1.7 ms]
      [Choose CSet: 0.0 ms]
      [Ref Proc: 0.1 ms]
      [Ref Enq: 0.0 ms]
      [Redirty Cards: 0.1 ms]
      [Humongous Register: 0.1 ms]
      [Humongous Reclaim: 0.0 ms]
      [Free CSet: 1.2 ms]
   [Eden: 2446.0M(2446.0M)->0.0B(2448.0M) Survivors: 10240.0K->8192.0K Heap: 2478.2M(4096.0M)->30886.2K(4096.0M)]
 [Times: user=0.02 sys=0.00, real=0.02 secs] 
2024-10-12T19:02:09.644+0300: 579.924: Total time for which application threads were stopped: 0.0043368 seconds, Stopping threads took: 0.0002418 seconds
2024-10-12T19:02:10.428+0300: 580.714: Application time: 0.7905028 seconds
2024-10-12T19:02:10.428+0300: 580.714: [GC pause (G1 Evacuation Pause) (young), 0.0032543 secs]
   [Parallel Time: 1.6 ms, GC Workers: 6]
      [GC Worker Start (ms): Min: 580714.3, Avg: 580714.4, Max: 580714.4, Diff: 0.1]
      [Ext Root Scanning (ms): Min: 0.3, Avg: 0.3, Max: 0.4, Diff: 0.1, Sum: 2.1]
      [Update RS (ms): Min: 0.1, Avg: 0.1, Max: 0.1, Diff: 0.0, Sum: 0.6]
         [Processed Buffers: Min: 1, Avg: 2.2, Max: 3, Diff: 2, Sum: 13]
      [Scan RS (ms): Min: 0.2, Avg: 0.2, Max: 0.2, Diff: 0.0, Sum: 1.0]
      [Code Root Scanning (ms): Min: 0.0, Avg: 0.0, Max: 0.0, Diff: 0.0, Sum: 0.0]
      [Object Copy (ms): Min: 0.7, Avg: 0.7, Max: 0.7, Diff: 0.0, Sum: 4.4]
      [Termination (ms): Min: 0.0, Avg: 0.0, Max: 0.0, Diff: 0.0, Sum: 0.0]
         [Termination Attempts: Min: 1, Avg: 1.0, Max: 1, Diff: 0, Sum: 6]
      [GC Worker Other (ms): Min: 0.0, Avg: 0.1, Max: 0.1, Diff: 0.1, Sum: 0.5]
      [GC Worker Total (ms): Min: 1.4, Avg: 1.5, Max: 1.5, Diff: 0.1, Sum: 8.7]
      [GC Worker End (ms): Min: 580715.8, Avg: 580715.8, Max: 580715.9, Diff: 0.1]
   [Code Root Fixup: 0.0 ms]
   [Code Root Purge: 0.0 ms]
   [Clear CT: 0.5 ms]
   [Other: 1.2 ms]
      [Choose CSet: 0.0 ms]
      [Ref Proc: 0.1 ms]
      [Ref Enq: 0.0 ms]
      [Redirty Cards: 0.1 ms]
      [Humongous Register: 0.0 ms]
      [Humongous Reclaim: 0.0 ms]
      [Free CSet: 0.7 ms]
   [Eden: 2448.0M(2448.0M)->0.0B(2448.0M) Survivors: 8192.0K->8192.0K Heap: 2478.2M(4096.0M)->30802.7K(4096.0M)]
 [Times: user=0.00 sys=0.00, real=0.00 secs] 
2024-10-12T19:02:10.428+0300: 580.718: Total time for which application threads were stopped: 0.0036039 seconds, Stopping threads took: 0.0001118 seconds
2024-10-12T19:02:11.229+0300: 581.509: Application time: 0.7916608 seconds
2024-10-12T19:02:11.229+0300: 581.510: [GC pause (G1 Evacuation Pause) (young), 0.0032450 secs]
   [Parallel Time: 1.6 ms, GC Workers: 6]
      [GC Worker Start (ms): Min: 581509.6, Avg: 581509.6, Max: 581509.7, Diff: 0.0]
      [Ext Root Scanning (ms): Min: 0.3, Avg: 0.3, Max: 0.4, Diff: 0.0, Sum: 2.0]
      [Update RS (ms): Min: 0.1, Avg: 0.1, Max: 0.1, Diff: 0.0, Sum: 0.6]
         [Processed Buffers: Min: 1, Avg: 2.2, Max: 3, Diff: 2, Sum: 13]
      [Scan RS (ms): Min: 0.2, Avg: 0.2, Max: 0.2, Diff: 0.0, Sum: 1.0]
      [Code Root Scanning (ms): Min: 0.0, Avg: 0.0, Max: 0.0, Diff: 0.0, Sum: 0.0]
      [Object Copy (ms): Min: 0.7, Avg: 0.7, Max: 0.7, Diff: 0.0, Sum: 4.4]
      [Termination (ms): Min: 0.0, Avg: 0.0, Max: 0.0, Diff: 0.0, Sum: 0.0]
         [Termination Attempts: Min: 1, Avg: 1.0, Max: 1, Diff: 0, Sum: 6]
      [GC Worker Other (ms): Min: 0.0, Avg: 0.1, Max: 0.2, Diff: 0.1, Sum: 0.8]
      [GC Worker Total (ms): Min: 1.4, Avg: 1.5, Max: 1.5, Diff: 0.1, Sum: 8.8]
      [GC Worker End (ms): Min: 581511.0, Avg: 581511.1, Max: 581511.2, Diff: 0.1]
   [Code Root Fixup: 0.0 ms]
   [Code Root Purge: 0.0 ms]
   [Clear CT: 0.5 ms]
   [Other: 1.2 ms]
      [Choose CSet: 0.0 ms]
      [Ref Proc: 0.2 ms]
      [Ref Enq: 0.0 ms]
      [Redirty Cards: 0.1 ms]
      [Humongous Register: 0.0 ms]
      [Humongous Reclaim: 0.0 ms]
      [Free CSet: 0.7 ms]
   [Eden: 2448.0M(2448.0M)->0.0B(2446.0M) Survivors: 8192.0K->10240.0K Heap: 2478.1M(4096.0M)->31835.4K(4096.0M)]
 [Times: user=0.00 sys=0.00, real=0.00 secs] 
2024-10-12T19:02:11.229+0300: 581.513: Total time for which application threads were stopped: 0.0036115 seconds, Stopping threads took: 0.0001306 seconds
2024-10-12T19:02:11.999+0300: 582.292: Application time: 0.7794505 seconds
2024-10-12T19:02:11.999+0300: 582.293: [GC pause (G1 Evacuation Pause) (young), 0.0036189 secs]
   [Parallel Time: 1.6 ms, GC Workers: 6]
      [GC Worker Start (ms): Min: 582292.8, Avg: 582292.9, Max: 582292.9, Diff: 0.0]
      [Ext Root Scanning (ms): Min: 0.3, Avg: 0.3, Max: 0.4, Diff: 0.0, Sum: 2.0]
      [Update RS (ms): Min: 0.1, Avg: 0.1, Max: 0.1, Diff: 0.1, Sum: 0.6]
         [Processed Buffers: Min: 1, Avg: 2.2, Max: 3, Diff: 2, Sum: 13]
      [Scan RS (ms): Min: 0.1, Avg: 0.2, Max: 0.2, Diff: 0.0, Sum: 0.9]
      [Code Root Scanning (ms): Min: 0.0, Avg: 0.0, Max: 0.0, Diff: 0.0, Sum: 0.0]
      [Object Copy (ms): Min: 0.8, Avg: 0.9, Max: 0.9, Diff: 0.1, Sum: 5.1]
      [Termination (ms): Min: 0.0, Avg: 0.0, Max: 0.0, Diff: 0.0, Sum: 0.0]
         [Termination Attempts: Min: 1, Avg: 1.3, Max: 2, Diff: 1, Sum: 8]
      [GC Worker Other (ms): Min: 0.0, Avg: 0.1, Max: 0.1, Diff: 0.1, Sum: 0.5]
      [GC Worker Total (ms): Min: 1.5, Avg: 1.5, Max: 1.6, Diff: 0.1, Sum: 9.3]
      [GC Worker End (ms): Min: 582294.3, Avg: 582294.4, Max: 582294.4, Diff: 0.1]
   [Code Root Fixup: 0.0 ms]
   [Code Root Purge: 0.0 ms]
   [Clear CT: 0.5 ms]
   [Other: 1.4 ms]
      [Choose CSet: 0.0 ms]
      [Ref Proc: 0.1 ms]
      [Ref Enq: 0.0 ms]
      [Redirty Cards: 0.1 ms]
      [Humongous Register: 0.1 ms]
      [Humongous Reclaim: 0.0 ms]
      [Free CSet: 1.0 ms]
   [Eden: 2446.0M(2446.0M)->0.0B(2446.0M) Survivors: 10240.0K->10240.0K Heap: 2477.1M(4096.0M)->31833.0K(4096.0M)]
 [Times: user=0.02 sys=0.00, real=0.02 secs] 
2024-10-12T19:02:12.015+0300: 582.296: Total time for which application threads were stopped: 0.0040955 seconds, Stopping threads took: 0.0002256 seconds
2024-10-12T19:02:12.785+0300: 583.073: Application time: 0.7764755 seconds
2024-10-12T19:02:12.785+0300: 583.073: [GC pause (G1 Evacuation Pause) (young), 0.0031997 secs]
   [Parallel Time: 1.6 ms, GC Workers: 6]
      [GC Worker Start (ms): Min: 583073.4, Avg: 583073.4, Max: 583073.6, Diff: 0.3]
      [Ext Root Scanning (ms): Min: 0.1, Avg: 0.3, Max: 0.4, Diff: 0.3, Sum: 1.9]
      [Update RS (ms): Min: 0.1, Avg: 0.1, Max: 0.1, Diff: 0.0, Sum: 0.6]
         [Processed Buffers: Min: 1, Avg: 2.2, Max: 4, Diff: 3, Sum: 13]
      [Scan RS (ms): Min: 0.1, Avg: 0.2, Max: 0.2, Diff: 0.0, Sum: 1.0]
      [Code Root Scanning (ms): Min: 0.0, Avg: 0.0, Max: 0.0, Diff: 0.0, Sum: 0.0]
      [Object Copy (ms): Min: 0.7, Avg: 0.8, Max: 0.8, Diff: 0.0, Sum: 4.6]
      [Termination (ms): Min: 0.0, Avg: 0.0, Max: 0.0, Diff: 0.0, Sum: 0.0]
         [Termination Attempts: Min: 1, Avg: 1.0, Max: 1, Diff: 0, Sum: 6]
      [GC Worker Other (ms): Min: 0.0, Avg: 0.1, Max: 0.1, Diff: 0.1, Sum: 0.6]
      [GC Worker Total (ms): Min: 1.2, Avg: 1.5, Max: 1.5, Diff: 0.3, Sum: 8.8]
      [GC Worker End (ms): Min: 583074.8, Avg: 583074.9, Max: 583074.9, Diff: 0.1]
   [Code Root Fixup: 0.0 ms]
   [Code Root Purge: 0.0 ms]
   [Clear CT: 0.5 ms]
   [Other: 1.1 ms]
      [Choose CSet: 0.0 ms]
      [Ref Proc: 0.1 ms]
      [Ref Enq: 0.0 ms]
      [Redirty Cards: 0.1 ms]
      [Humongous Register: 0.1 ms]
      [Humongous Reclaim: 0.0 ms]
      [Free CSet: 0.7 ms]
   [Eden: 2446.0M(2446.0M)->0.0B(2446.0M) Survivors: 10240.0K->10240.0K Heap: 2477.1M(4096.0M)->32752.3K(4096.0M)]
 [Times: user=0.00 sys=0.00, real=0.00 secs] 
2024-10-12T19:02:12.785+0300: 583.077: Total time for which application threads were stopped: 0.0036379 seconds, Stopping threads took: 0.0001690 seconds
2024-10-12T19:02:13.583+0300: 583.864: Application time: 0.7879017 seconds
2024-10-12T19:02:13.583+0300: 583.865: [GC pause (G1 Evacuation Pause) (young), 0.0032703 secs]
   [Parallel Time: 1.6 ms, GC Workers: 6]
      [GC Worker Start (ms): Min: 583865.0, Avg: 583865.0, Max: 583865.0, Diff: 0.1]
      [Ext Root Scanning (ms): Min: 0.3, Avg: 0.3, Max: 0.4, Diff: 0.1, Sum: 1.9]
      [Update RS (ms): Min: 0.1, Avg: 0.1, Max: 0.1, Diff: 0.0, Sum: 0.6]
         [Processed Buffers: Min: 1, Avg: 2.2, Max: 3, Diff: 2, Sum: 13]
      [Scan RS (ms): Min: 0.2, Avg: 0.2, Max: 0.2, Diff: 0.0, Sum: 1.1]
      [Code Root Scanning (ms): Min: 0.0, Avg: 0.0, Max: 0.0, Diff: 0.0, Sum: 0.0]
      [Object Copy (ms): Min: 0.7, Avg: 0.8, Max: 0.8, Diff: 0.1, Sum: 4.6]
      [Termination (ms): Min: 0.0, Avg: 0.0, Max: 0.0, Diff: 0.0, Sum: 0.0]
         [Termination Attempts: Min: 1, Avg: 1.0, Max: 1, Diff: 0, Sum: 6]
      [GC Worker Other (ms): Min: 0.0, Avg: 0.1, Max: 0.1, Diff: 0.1, Sum: 0.4]
      [GC Worker Total (ms): Min: 1.4, Avg: 1.4, Max: 1.5, Diff: 0.2, Sum: 8.7]
      [GC Worker End (ms): Min: 583866.4, Avg: 583866.4, Max: 583866.5, Diff: 0.1]
   [Code Root Fixup: 0.0 ms]
   [Code Root Purge: 0.0 ms]
   [Clear CT: 0.5 ms]
   [Other: 1.1 ms]
      [Choose CSet: 0.0 ms]
      [Ref Proc: 0.1 ms]
      [Ref Enq: 0.0 ms]
      [Redirty Cards: 0.1 ms]
      [Humongous Register: 0.1 ms]
      [Humongous Reclaim: 0.0 ms]
      [Free CSet: 0.7 ms]
   [Eden: 2446.0M(2446.0M)->0.0B(2446.0M) Survivors: 10240.0K->10240.0K Heap: 2478.0M(4096.0M)->31839.2K(4096.0M)]
 [Times: user=0.05 sys=0.02, real=0.00 secs] 
2024-10-12T19:02:13.587+0300: 583.868: Total time for which application threads were stopped: 0.0038657 seconds, Stopping threads took: 0.0002756 seconds
2024-10-12T19:02:14.369+0300: 584.650: Application time: 0.7812640 seconds
2024-10-12T19:02:14.369+0300: 584.650: [GC pause (G1 Evacuation Pause) (young), 0.0033916 secs]
   [Parallel Time: 1.6 ms, GC Workers: 6]
      [GC Worker Start (ms): Min: 584649.9, Avg: 584649.9, Max: 584650.0, Diff: 0.0]
      [Ext Root Scanning (ms): Min: 0.3, Avg: 0.3, Max: 0.3, Diff: 0.0, Sum: 1.9]
      [Update RS (ms): Min: 0.1, Avg: 0.1, Max: 0.1, Diff: 0.0, Sum: 0.6]
         [Processed Buffers: Min: 1, Avg: 2.2, Max: 4, Diff: 3, Sum: 13]
      [Scan RS (ms): Min: 0.2, Avg: 0.2, Max: 0.2, Diff: 0.0, Sum: 1.0]
      [Code Root Scanning (ms): Min: 0.0, Avg: 0.0, Max: 0.0, Diff: 0.0, Sum: 0.0]
      [Object Copy (ms): Min: 0.7, Avg: 0.8, Max: 0.8, Diff: 0.1, Sum: 4.5]
      [Termination (ms): Min: 0.0, Avg: 0.0, Max: 0.0, Diff: 0.0, Sum: 0.0]
         [Termination Attempts: Min: 1, Avg: 1.0, Max: 1, Diff: 0, Sum: 6]
      [GC Worker Other (ms): Min: 0.0, Avg: 0.1, Max: 0.1, Diff: 0.1, Sum: 0.6]
      [GC Worker Total (ms): Min: 1.4, Avg: 1.4, Max: 1.5, Diff: 0.1, Sum: 8.6]
      [GC Worker End (ms): Min: 584651.3, Avg: 584651.4, Max: 584651.4, Diff: 0.1]
   [Code Root Fixup: 0.0 ms]
   [Code Root Purge: 0.0 ms]
   [Clear CT: 0.5 ms]
   [Other: 1.3 ms]
      [Choose CSet: 0.0 ms]
      [Ref Proc: 0.1 ms]
      [Ref Enq: 0.0 ms]
      [Redirty Cards: 0.1 ms]
      [Humongous Register: 0.0 ms]
      [Humongous Reclaim: 0.0 ms]
      [Free CSet: 0.9 ms]
   [Eden: 2446.0M(2446.0M)->0.0B(2446.0M) Survivors: 10240.0K->10240.0K Heap: 2477.1M(4096.0M)->32785.3K(4096.0M)]
 [Times: user=0.03 sys=0.00, real=0.00 secs] 
2024-10-12T19:02:14.369+0300: 584.653: Total time for which application threads were stopped: 0.0037311 seconds, Stopping threads took: 0.0001182 seconds
2024-10-12T19:02:15.155+0300: 585.438: Application time: 0.7847826 seconds
2024-10-12T19:02:15.155+0300: 585.438: [GC pause (G1 Evacuation Pause) (young), 0.0042032 secs]
   [Parallel Time: 2.2 ms, GC Workers: 6]
      [GC Worker Start (ms): Min: 585438.6, Avg: 585438.6, Max: 585438.6, Diff: 0.0]
      [Ext Root Scanning (ms): Min: 0.3, Avg: 0.3, Max: 0.4, Diff: 0.1, Sum: 2.0]
      [Update RS (ms): Min: 0.1, Avg: 0.1, Max: 0.1, Diff: 0.1, Sum: 0.6]
         [Processed Buffers: Min: 1, Avg: 2.2, Max: 4, Diff: 3, Sum: 13]
      [Scan RS (ms): Min: 0.2, Avg: 0.2, Max: 0.2, Diff: 0.0, Sum: 1.1]
      [Code Root Scanning (ms): Min: 0.0, Avg: 0.0, Max: 0.0, Diff: 0.0, Sum: 0.0]
      [Object Copy (ms): Min: 1.3, Avg: 1.3, Max: 1.4, Diff: 0.1, Sum: 8.1]
      [Termination (ms): Min: 0.0, Avg: 0.0, Max: 0.0, Diff: 0.0, Sum: 0.0]
         [Termination Attempts: Min: 1, Avg: 1.0, Max: 1, Diff: 0, Sum: 6]
      [GC Worker Other (ms): Min: 0.1, Avg: 0.1, Max: 0.2, Diff: 0.1, Sum: 0.8]
      [GC Worker Total (ms): Min: 2.0, Avg: 2.1, Max: 2.2, Diff: 0.2, Sum: 12.7]
      [GC Worker End (ms): Min: 585440.6, Avg: 585440.7, Max: 585440.8, Diff: 0.1]
   [Code Root Fixup: 0.0 ms]
   [Code Root Purge: 0.0 ms]
   [Clear CT: 0.6 ms]
   [Other: 1.4 ms]
      [Choose CSet: 0.0 ms]
      [Ref Proc: 0.1 ms]
      [Ref Enq: 0.0 ms]
      [Redirty Cards: 0.1 ms]
      [Humongous Register: 0.1 ms]
      [Humongous Reclaim: 0.0 ms]
      [Free CSet: 0.9 ms]
   [Eden: 2446.0M(2446.0M)->0.0B(2444.0M) Survivors: 10240.0K->12288.0K Heap: 2478.0M(4096.0M)->34877.9K(4096.0M)]
 [Times: user=0.00 sys=0.00, real=0.00 secs] 
2024-10-12T19:02:15.155+0300: 585.443: Total time for which application threads were stopped: 0.0046811 seconds, Stopping threads took: 0.0002525 seconds
2024-10-12T19:02:15.939+0300: 586.226: Application time: 0.7828870 seconds
2024-10-12T19:02:15.939+0300: 586.226: [GC pause (G1 Evacuation Pause) (young), 0.0041948 secs]
   [Parallel Time: 2.2 ms, GC Workers: 6]
      [GC Worker Start (ms): Min: 586226.1, Avg: 586226.1, Max: 586226.2, Diff: 0.1]
      [Ext Root Scanning (ms): Min: 0.2, Avg: 0.4, Max: 0.6, Diff: 0.3, Sum: 2.2]
      [Update RS (ms): Min: 0.0, Avg: 0.1, Max: 0.2, Diff: 0.2, Sum: 0.5]
         [Processed Buffers: Min: 0, Avg: 2.2, Max: 5, Diff: 5, Sum: 13]
      [Scan RS (ms): Min: 0.0, Avg: 0.1, Max: 0.2, Diff: 0.2, Sum: 0.9]
      [Code Root Scanning (ms): Min: 0.0, Avg: 0.0, Max: 0.0, Diff: 0.0, Sum: 0.0]
      [Object Copy (ms): Min: 1.2, Avg: 1.4, Max: 1.6, Diff: 0.4, Sum: 8.1]
      [Termination (ms): Min: 0.0, Avg: 0.0, Max: 0.1, Diff: 0.1, Sum: 0.2]
         [Termination Attempts: Min: 1, Avg: 9.7, Max: 14, Diff: 13, Sum: 58]
      [GC Worker Other (ms): Min: 0.0, Avg: 0.0, Max: 0.1, Diff: 0.0, Sum: 0.2]
      [GC Worker Total (ms): Min: 2.0, Avg: 2.0, Max: 2.1, Diff: 0.1, Sum: 12.2]
      [GC Worker End (ms): Min: 586228.1, Avg: 586228.1, Max: 586228.2, Diff: 0.1]
   [Code Root Fixup: 0.0 ms]
   [Code Root Purge: 0.0 ms]
   [Clear CT: 0.5 ms]
   [Other: 1.5 ms]
      [Choose CSet: 0.0 ms]
      [Ref Proc: 0.1 ms]
      [Ref Enq: 0.0 ms]
      [Redirty Cards: 0.1 ms]
      [Humongous Register: 0.1 ms]
      [Humongous Reclaim: 0.0 ms]
      [Free CSet: 1.0 ms]
   [Eden: 2444.0M(2444.0M)->0.0B(2446.0M) Survivors: 12288.0K->10240.0K Heap: 2478.1M(4096.0M)->32954.2K(4096.0M)]
 [Times: user=0.02 sys=0.00, real=0.00 secs] 
2024-10-12T19:02:15.939+0300: 586.230: Total time for which application threads were stopped: 0.0045615 seconds, Stopping threads took: 0.0001329 seconds
2024-10-12T19:02:16.724+0300: 587.009: Application time: 0.7784624 seconds
2024-10-12T19:02:16.724+0300: 587.009: [GC pause (G1 Evacuation Pause) (young), 0.0031906 secs]
   [Parallel Time: 1.6 ms, GC Workers: 6]
      [GC Worker Start (ms): Min: 587009.1, Avg: 587009.1, Max: 587009.2, Diff: 0.1]
      [Ext Root Scanning (ms): Min: 0.3, Avg: 0.3, Max: 0.4, Diff: 0.1, Sum: 2.1]
      [Update RS (ms): Min: 0.1, Avg: 0.1, Max: 0.2, Diff: 0.1, Sum: 0.6]
         [Processed Buffers: Min: 1, Avg: 2.0, Max: 4, Diff: 3, Sum: 12]
      [Scan RS (ms): Min: 0.1, Avg: 0.2, Max: 0.2, Diff: 0.1, Sum: 1.0]
      [Code Root Scanning (ms): Min: 0.0, Avg: 0.0, Max: 0.0, Diff: 0.0, Sum: 0.0]
      [Object Copy (ms): Min: 0.8, Avg: 0.8, Max: 0.8, Diff: 0.1, Sum: 4.8]
      [Termination (ms): Min: 0.0, Avg: 0.0, Max: 0.0, Diff: 0.0, Sum: 0.0]
         [Termination Attempts: Min: 1, Avg: 1.0, Max: 1, Diff: 0, Sum: 6]
      [GC Worker Other (ms): Min: 0.0, Avg: 0.1, Max: 0.1, Diff: 0.1, Sum: 0.5]
      [GC Worker Total (ms): Min: 1.5, Avg: 1.5, Max: 1.6, Diff: 0.1, Sum: 9.1]
      [GC Worker End (ms): Min: 587010.6, Avg: 587010.7, Max: 587010.7, Diff: 0.1]
   [Code Root Fixup: 0.0 ms]
   [Code Root Purge: 0.0 ms]
   [Clear CT: 0.5 ms]
   [Other: 1.0 ms]
      [Choose CSet: 0.0 ms]
      [Ref Proc: 0.1 ms]
      [Ref Enq: 0.0 ms]
      [Redirty Cards: 0.1 ms]
      [Humongous Register: 0.0 ms]
      [Humongous Reclaim: 0.0 ms]
      [Free CSet: 0.7 ms]
   [Eden: 2446.0M(2446.0M)->0.0B(2446.0M) Survivors: 10240.0K->10240.0K Heap: 2478.2M(4096.0M)->32956.7K(4096.0M)]
 [Times: user=0.00 sys=0.00, real=0.00 secs] 
2024-10-12T19:02:16.724+0300: 587.012: Total time for which application threads were stopped: 0.0036161 seconds, Stopping threads took: 0.0001732 seconds
2024-10-12T19:02:17.509+0300: 587.793: Application time: 0.7806643 seconds
2024-10-12T19:02:17.509+0300: 587.793: [GC pause (G1 Evacuation Pause) (young), 0.0034482 secs]
   [Parallel Time: 1.8 ms, GC Workers: 6]
      [GC Worker Start (ms): Min: 587793.5, Avg: 587793.5, Max: 587793.6, Diff: 0.1]
      [Ext Root Scanning (ms): Min: 0.2, Avg: 0.3, Max: 0.4, Diff: 0.1, Sum: 1.9]
      [Update RS (ms): Min: 0.1, Avg: 0.1, Max: 0.2, Diff: 0.1, Sum: 0.8]
         [Processed Buffers: Min: 1, Avg: 2.2, Max: 4, Diff: 3, Sum: 13]
      [Scan RS (ms): Min: 0.1, Avg: 0.2, Max: 0.2, Diff: 0.1, Sum: 1.1]
      [Code Root Scanning (ms): Min: 0.0, Avg: 0.0, Max: 0.0, Diff: 0.0, Sum: 0.0]
      [Object Copy (ms): Min: 0.9, Avg: 0.9, Max: 0.9, Diff: 0.0, Sum: 5.6]
      [Termination (ms): Min: 0.0, Avg: 0.0, Max: 0.0, Diff: 0.0, Sum: 0.0]
         [Termination Attempts: Min: 1, Avg: 1.0, Max: 1, Diff: 0, Sum: 6]
      [GC Worker Other (ms): Min: 0.0, Avg: 0.1, Max: 0.1, Diff: 0.1, Sum: 0.6]
      [GC Worker Total (ms): Min: 1.5, Avg: 1.7, Max: 1.7, Diff: 0.2, Sum: 10.0]
      [GC Worker End (ms): Min: 587795.1, Avg: 587795.2, Max: 587795.2, Diff: 0.1]
   [Code Root Fixup: 0.0 ms]
   [Code Root Purge: 0.0 ms]
   [Clear CT: 0.5 ms]
   [Other: 1.2 ms]
      [Choose CSet: 0.0 ms]
      [Ref Proc: 0.1 ms]
      [Ref Enq: 0.0 ms]
      [Redirty Cards: 0.1 ms]
      [Humongous Register: 0.1 ms]
      [Humongous Reclaim: 0.0 ms]
      [Free CSet: 0.7 ms]
   [Eden: 2446.0M(2446.0M)->0.0B(2446.0M) Survivors: 10240.0K->10240.0K Heap: 2478.2M(4096.0M)->32959.2K(4096.0M)]
 [Times: user=0.00 sys=0.00, real=0.00 secs] 
2024-10-12T19:02:17.509+0300: 587.797: Total time for which application threads were stopped: 0.0039202 seconds, Stopping threads took: 0.0002213 seconds
2024-10-12T19:02:18.298+0300: 588.578: Application time: 0.7807050 seconds
2024-10-12T19:02:18.298+0300: 588.578: [GC pause (G1 Evacuation Pause) (young), 0.0031284 secs]
   [Parallel Time: 1.6 ms, GC Workers: 6]
      [GC Worker Start (ms): Min: 588578.0, Avg: 588578.0, Max: 588578.1, Diff: 0.1]
      [Ext Root Scanning (ms): Min: 0.3, Avg: 0.3, Max: 0.4, Diff: 0.1, Sum: 2.0]
      [Update RS (ms): Min: 0.1, Avg: 0.1, Max: 0.1, Diff: 0.1, Sum: 0.7]
         [Processed Buffers: Min: 1, Avg: 2.2, Max: 4, Diff: 3, Sum: 13]
      [Scan RS (ms): Min: 0.2, Avg: 0.2, Max: 0.2, Diff: 0.0, Sum: 1.1]
      [Code Root Scanning (ms): Min: 0.0, Avg: 0.0, Max: 0.0, Diff: 0.0, Sum: 0.0]
      [Object Copy (ms): Min: 0.8, Avg: 0.8, Max: 0.8, Diff: 0.0, Sum: 4.7]
      [Termination (ms): Min: 0.0, Avg: 0.0, Max: 0.0, Diff: 0.0, Sum: 0.0]
         [Termination Attempts: Min: 1, Avg: 1.0, Max: 1, Diff: 0, Sum: 6]
      [GC Worker Other (ms): Min: 0.0, Avg: 0.1, Max: 0.1, Diff: 0.1, Sum: 0.5]
      [GC Worker Total (ms): Min: 1.4, Avg: 1.5, Max: 1.5, Diff: 0.1, Sum: 8.9]
      [GC Worker End (ms): Min: 588579.5, Avg: 588579.5, Max: 588579.6, Diff: 0.1]
   [Code Root Fixup: 0.0 ms]
   [Code Root Purge: 0.0 ms]
   [Clear CT: 0.5 ms]
   [Other: 1.0 ms]
      [Choose CSet: 0.0 ms]
      [Ref Proc: 0.1 ms]
      [Ref Enq: 0.0 ms]
      [Redirty Cards: 0.1 ms]
      [Humongous Register: 0.0 ms]
      [Humongous Reclaim: 0.0 ms]
      [Free CSet: 0.7 ms]
   [Eden: 2446.0M(2446.0M)->0.0B(2448.0M) Survivors: 10240.0K->8192.0K Heap: 2478.2M(4096.0M)->29889.7K(4096.0M)]
 [Times: user=0.00 sys=0.00, real=0.00 secs] 
2024-10-12T19:02:18.298+0300: 588.581: Total time for which application threads were stopped: 0.0035231 seconds, Stopping threads took: 0.0001627 seconds
2024-10-12T19:02:19.078+0300: 589.364: Application time: 0.7824459 seconds
2024-10-12T19:02:19.078+0300: 589.364: [GC pause (G1 Evacuation Pause) (young), 0.0036666 secs]
   [Parallel Time: 1.7 ms, GC Workers: 6]
      [GC Worker Start (ms): Min: 589364.2, Avg: 589364.3, Max: 589364.4, Diff: 0.2]
      [Ext Root Scanning (ms): Min: 0.1, Avg: 0.3, Max: 0.4, Diff: 0.2, Sum: 1.9]
      [Update RS (ms): Min: 0.1, Avg: 0.1, Max: 0.1, Diff: 0.1, Sum: 0.6]
         [Processed Buffers: Min: 1, Avg: 2.2, Max: 3, Diff: 2, Sum: 13]
      [Scan RS (ms): Min: 0.2, Avg: 0.2, Max: 0.2, Diff: 0.0, Sum: 1.1]
      [Code Root Scanning (ms): Min: 0.0, Avg: 0.0, Max: 0.0, Diff: 0.0, Sum: 0.0]
      [Object Copy (ms): Min: 0.7, Avg: 0.7, Max: 0.8, Diff: 0.1, Sum: 4.3]
      [Termination (ms): Min: 0.0, Avg: 0.0, Max: 0.0, Diff: 0.0, Sum: 0.0]
         [Termination Attempts: Min: 1, Avg: 1.2, Max: 2, Diff: 1, Sum: 7]
      [GC Worker Other (ms): Min: 0.0, Avg: 0.1, Max: 0.2, Diff: 0.1, Sum: 0.9]
      [GC Worker Total (ms): Min: 1.4, Avg: 1.5, Max: 1.6, Diff: 0.2, Sum: 8.9]
      [GC Worker End (ms): Min: 589365.7, Avg: 589365.7, Max: 589365.8, Diff: 0.1]
   [Code Root Fixup: 0.0 ms]
   [Code Root Purge: 0.0 ms]
   [Clear CT: 0.6 ms]
   [Other: 1.4 ms]
      [Choose CSet: 0.0 ms]
      [Ref Proc: 0.1 ms]
      [Ref Enq: 0.0 ms]
      [Redirty Cards: 0.1 ms]
      [Humongous Register: 0.1 ms]
      [Humongous Reclaim: 0.0 ms]
      [Free CSet: 0.9 ms]
   [Eden: 2448.0M(2448.0M)->0.0B(2448.0M) Survivors: 8192.0K->8192.0K Heap: 2477.2M(4096.0M)->29849.2K(4096.0M)]
 [Times: user=0.00 sys=0.00, real=0.00 secs] 
2024-10-12T19:02:19.078+0300: 589.368: Total time for which application threads were stopped: 0.0042287 seconds, Stopping threads took: 0.0003119 seconds
2024-10-12T19:02:19.864+0300: 590.147: Application time: 0.7792376 seconds
2024-10-12T19:02:19.864+0300: 590.147: [GC pause (G1 Evacuation Pause) (young), 0.0030420 secs]
   [Parallel Time: 1.5 ms, GC Workers: 6]
      [GC Worker Start (ms): Min: 590147.4, Avg: 590147.4, Max: 590147.4, Diff: 0.1]
      [Ext Root Scanning (ms): Min: 0.3, Avg: 0.3, Max: 0.4, Diff: 0.1, Sum: 1.9]
      [Update RS (ms): Min: 0.1, Avg: 0.1, Max: 0.1, Diff: 0.1, Sum: 0.6]
         [Processed Buffers: Min: 1, Avg: 2.2, Max: 4, Diff: 3, Sum: 13]
      [Scan RS (ms): Min: 0.1, Avg: 0.2, Max: 0.2, Diff: 0.1, Sum: 1.1]
      [Code Root Scanning (ms): Min: 0.0, Avg: 0.0, Max: 0.0, Diff: 0.0, Sum: 0.0]
      [Object Copy (ms): Min: 0.7, Avg: 0.7, Max: 0.7, Diff: 0.1, Sum: 4.2]
      [Termination (ms): Min: 0.0, Avg: 0.0, Max: 0.0, Diff: 0.0, Sum: 0.0]
         [Termination Attempts: Min: 1, Avg: 1.0, Max: 1, Diff: 0, Sum: 6]
      [GC Worker Other (ms): Min: 0.0, Avg: 0.1, Max: 0.1, Diff: 0.1, Sum: 0.5]
      [GC Worker Total (ms): Min: 1.3, Avg: 1.4, Max: 1.4, Diff: 0.1, Sum: 8.4]
      [GC Worker End (ms): Min: 590148.8, Avg: 590148.8, Max: 590148.9, Diff: 0.1]
   [Code Root Fixup: 0.0 ms]
   [Code Root Purge: 0.0 ms]
   [Clear CT: 0.5 ms]
   [Other: 1.0 ms]
      [Choose CSet: 0.0 ms]
      [Ref Proc: 0.1 ms]
      [Ref Enq: 0.0 ms]
      [Redirty Cards: 0.1 ms]
      [Humongous Register: 0.0 ms]
      [Humongous Reclaim: 0.0 ms]
      [Free CSet: 0.6 ms]
   [Eden: 2448.0M(2448.0M)->0.0B(2448.0M) Survivors: 8192.0K->8192.0K Heap: 2477.1M(4096.0M)->30752.3K(4096.0M)]
 [Times: user=0.00 sys=0.00, real=0.00 secs] 
2024-10-12T19:02:19.864+0300: 590.150: Total time for which application threads were stopped: 0.0033678 seconds, Stopping threads took: 0.0001114 seconds
2024-10-12T19:02:20.648+0300: 590.936: Application time: 0.7858283 seconds
2024-10-12T19:02:20.648+0300: 590.937: [GC pause (G1 Evacuation Pause) (young), 0.0030272 secs]
   [Parallel Time: 1.5 ms, GC Workers: 6]
      [GC Worker Start (ms): Min: 590936.6, Avg: 590936.7, Max: 590936.7, Diff: 0.1]
      [Ext Root Scanning (ms): Min: 0.3, Avg: 0.3, Max: 0.4, Diff: 0.1, Sum: 1.9]
      [Update RS (ms): Min: 0.1, Avg: 0.1, Max: 0.1, Diff: 0.0, Sum: 0.6]
         [Processed Buffers: Min: 1, Avg: 2.2, Max: 3, Diff: 2, Sum: 13]
      [Scan RS (ms): Min: 0.2, Avg: 0.2, Max: 0.2, Diff: 0.0, Sum: 1.0]
      [Code Root Scanning (ms): Min: 0.0, Avg: 0.0, Max: 0.0, Diff: 0.0, Sum: 0.0]
      [Object Copy (ms): Min: 0.7, Avg: 0.7, Max: 0.8, Diff: 0.0, Sum: 4.5]
      [Termination (ms): Min: 0.0, Avg: 0.0, Max: 0.0, Diff: 0.0, Sum: 0.0]
         [Termination Attempts: Min: 1, Avg: 1.0, Max: 1, Diff: 0, Sum: 6]
      [GC Worker Other (ms): Min: 0.0, Avg: 0.1, Max: 0.1, Diff: 0.1, Sum: 0.5]
      [GC Worker Total (ms): Min: 1.4, Avg: 1.4, Max: 1.5, Diff: 0.1, Sum: 8.6]
      [GC Worker End (ms): Min: 590938.0, Avg: 590938.1, Max: 590938.1, Diff: 0.1]
   [Code Root Fixup: 0.0 ms]
   [Code Root Purge: 0.0 ms]
   [Clear CT: 0.5 ms]
   [Other: 1.0 ms]
      [Choose CSet: 0.0 ms]
      [Ref Proc: 0.1 ms]
      [Ref Enq: 0.0 ms]
      [Redirty Cards: 0.1 ms]
      [Humongous Register: 0.0 ms]
      [Humongous Reclaim: 0.0 ms]
      [Free CSet: 0.6 ms]
   [Eden: 2448.0M(2448.0M)->0.0B(2446.0M) Survivors: 8192.0K->10240.0K Heap: 2478.0M(4096.0M)->32763.6K(4096.0M)]
 [Times: user=0.00 sys=0.00, real=0.00 secs] 
2024-10-12T19:02:20.648+0300: 590.940: Total time for which application threads were stopped: 0.0034165 seconds, Stopping threads took: 0.0001619 seconds
2024-10-12T19:02:21.433+0300: 591.722: Application time: 0.7819776 seconds
2024-10-12T19:02:21.433+0300: 591.722: [GC pause (G1 Evacuation Pause) (young), 0.0031223 secs]
   [Parallel Time: 1.6 ms, GC Workers: 6]
      [GC Worker Start (ms): Min: 591722.0, Avg: 591722.1, Max: 591722.5, Diff: 0.4]
      [Ext Root Scanning (ms): Min: 0.0, Avg: 0.3, Max: 0.4, Diff: 0.4, Sum: 1.9]
      [Update RS (ms): Min: 0.1, Avg: 0.1, Max: 0.1, Diff: 0.0, Sum: 0.6]
         [Processed Buffers: Min: 1, Avg: 2.2, Max: 3, Diff: 2, Sum: 13]
      [Scan RS (ms): Min: 0.2, Avg: 0.2, Max: 0.2, Diff: 0.0, Sum: 1.0]
      [Code Root Scanning (ms): Min: 0.0, Avg: 0.0, Max: 0.0, Diff: 0.0, Sum: 0.0]
      [Object Copy (ms): Min: 0.7, Avg: 0.7, Max: 0.7, Diff: 0.1, Sum: 4.3]
      [Termination (ms): Min: 0.0, Avg: 0.0, Max: 0.0, Diff: 0.0, Sum: 0.0]
         [Termination Attempts: Min: 1, Avg: 1.0, Max: 1, Diff: 0, Sum: 6]
      [GC Worker Other (ms): Min: 0.0, Avg: 0.1, Max: 0.1, Diff: 0.1, Sum: 0.5]
      [GC Worker Total (ms): Min: 1.1, Avg: 1.4, Max: 1.5, Diff: 0.4, Sum: 8.4]
      [GC Worker End (ms): Min: 591723.5, Avg: 591723.5, Max: 591723.6, Diff: 0.1]
   [Code Root Fixup: 0.0 ms]
   [Code Root Purge: 0.0 ms]
   [Clear CT: 0.5 ms]
   [Other: 1.0 ms]
      [Choose CSet: 0.0 ms]
      [Ref Proc: 0.1 ms]
      [Ref Enq: 0.0 ms]
      [Redirty Cards: 0.1 ms]
      [Humongous Register: 0.1 ms]
      [Humongous Reclaim: 0.0 ms]
      [Free CSet: 0.6 ms]
   [Eden: 2446.0M(2446.0M)->0.0B(2446.0M) Survivors: 10240.0K->10240.0K Heap: 2478.0M(4096.0M)->31866.1K(4096.0M)]
 [Times: user=0.00 sys=0.00, real=0.00 secs] 
2024-10-12T19:02:21.433+0300: 591.725: Total time for which application threads were stopped: 0.0034793 seconds, Stopping threads took: 0.0001178 seconds
2024-10-12T19:02:22.217+0300: 592.505: Application time: 0.7801642 seconds
2024-10-12T19:02:22.217+0300: 592.506: [GC pause (G1 Evacuation Pause) (young), 0.0039198 secs]
   [Parallel Time: 2.2 ms, GC Workers: 6]
      [GC Worker Start (ms): Min: 592505.8, Avg: 592505.8, Max: 592505.9, Diff: 0.0]
      [Ext Root Scanning (ms): Min: 0.3, Avg: 0.3, Max: 0.3, Diff: 0.0, Sum: 1.9]
      [Update RS (ms): Min: 0.1, Avg: 0.1, Max: 0.1, Diff: 0.0, Sum: 0.6]
         [Processed Buffers: Min: 1, Avg: 2.2, Max: 3, Diff: 2, Sum: 13]
      [Scan RS (ms): Min: 0.2, Avg: 0.2, Max: 0.2, Diff: 0.0, Sum: 1.0]
      [Code Root Scanning (ms): Min: 0.0, Avg: 0.0, Max: 0.0, Diff: 0.0, Sum: 0.0]
      [Object Copy (ms): Min: 1.3, Avg: 1.3, Max: 1.3, Diff: 0.0, Sum: 7.7]
      [Termination (ms): Min: 0.0, Avg: 0.0, Max: 0.0, Diff: 0.0, Sum: 0.0]
         [Termination Attempts: Min: 1, Avg: 1.0, Max: 1, Diff: 0, Sum: 6]
      [GC Worker Other (ms): Min: 0.0, Avg: 0.1, Max: 0.3, Diff: 0.2, Sum: 0.8]
      [GC Worker Total (ms): Min: 1.9, Avg: 2.0, Max: 2.2, Diff: 0.3, Sum: 12.2]
      [GC Worker End (ms): Min: 592507.8, Avg: 592507.9, Max: 592508.0, Diff: 0.2]
   [Code Root Fixup: 0.0 ms]
   [Code Root Purge: 0.0 ms]
   [Clear CT: 0.5 ms]
   [Other: 1.1 ms]
      [Choose CSet: 0.0 ms]
      [Ref Proc: 0.1 ms]
      [Ref Enq: 0.0 ms]
      [Redirty Cards: 0.1 ms]
      [Humongous Register: 0.1 ms]
      [Humongous Reclaim: 0.0 ms]
      [Free CSet: 0.7 ms]
   [Eden: 2446.0M(2446.0M)->0.0B(2444.0M) Survivors: 10240.0K->12288.0K Heap: 2477.1M(4096.0M)->34814.4K(4096.0M)]
 [Times: user=0.00 sys=0.00, real=0.00 secs] 
2024-10-12T19:02:22.217+0300: 592.510: Total time for which application threads were stopped: 0.0044296 seconds, Stopping threads took: 0.0002579 seconds
2024-10-12T19:02:23.009+0300: 593.290: Application time: 0.7801274 seconds
2024-10-12T19:02:23.009+0300: 593.290: [GC pause (G1 Evacuation Pause) (young), 0.0034724 secs]
   [Parallel Time: 1.7 ms, GC Workers: 6]
      [GC Worker Start (ms): Min: 593290.3, Avg: 593290.4, Max: 593290.8, Diff: 0.4]
      [Ext Root Scanning (ms): Min: 0.0, Avg: 0.3, Max: 0.4, Diff: 0.4, Sum: 1.9]
      [Update RS (ms): Min: 0.0, Avg: 0.1, Max: 0.2, Diff: 0.2, Sum: 0.7]
         [Processed Buffers: Min: 0, Avg: 2.2, Max: 3, Diff: 3, Sum: 13]
      [Scan RS (ms): Min: 0.1, Avg: 0.2, Max: 0.2, Diff: 0.1, Sum: 1.0]
      [Code Root Scanning (ms): Min: 0.0, Avg: 0.0, Max: 0.0, Diff: 0.0, Sum: 0.0]
      [Object Copy (ms): Min: 0.7, Avg: 0.7, Max: 0.8, Diff: 0.2, Sum: 4.4]
      [Termination (ms): Min: 0.0, Avg: 0.0, Max: 0.0, Diff: 0.0, Sum: 0.0]
         [Termination Attempts: Min: 1, Avg: 1.0, Max: 1, Diff: 0, Sum: 6]
      [GC Worker Other (ms): Min: 0.0, Avg: 0.1, Max: 0.2, Diff: 0.1, Sum: 0.5]
      [GC Worker Total (ms): Min: 1.2, Avg: 1.4, Max: 1.5, Diff: 0.4, Sum: 8.6]
      [GC Worker End (ms): Min: 593291.8, Avg: 593291.9, Max: 593291.9, Diff: 0.1]
   [Code Root Fixup: 0.0 ms]
   [Code Root Purge: 0.0 ms]
   [Clear CT: 0.5 ms]
   [Other: 1.2 ms]
      [Choose CSet: 0.0 ms]
      [Ref Proc: 0.2 ms]
      [Ref Enq: 0.0 ms]
      [Redirty Cards: 0.1 ms]
      [Humongous Register: 0.1 ms]
      [Humongous Reclaim: 0.0 ms]
      [Free CSet: 0.7 ms]
   [Eden: 2444.0M(2444.0M)->0.0B(2448.0M) Survivors: 12288.0K->8192.0K Heap: 2478.0M(4096.0M)->30928.7K(4096.0M)]
 [Times: user=0.00 sys=0.00, real=0.00 secs] 
2024-10-12T19:02:23.009+0300: 593.294: Total time for which application threads were stopped: 0.0039046 seconds, Stopping threads took: 0.0001524 seconds
2024-10-12T19:02:23.787+0300: 594.069: Application time: 0.7753803 seconds
2024-10-12T19:02:23.787+0300: 594.069: [GC pause (G1 Evacuation Pause) (young), 0.0030962 secs]
   [Parallel Time: 1.6 ms, GC Workers: 6]
      [GC Worker Start (ms): Min: 594069.5, Avg: 594069.5, Max: 594069.6, Diff: 0.1]
      [Ext Root Scanning (ms): Min: 0.3, Avg: 0.3, Max: 0.4, Diff: 0.1, Sum: 2.0]
      [Update RS (ms): Min: 0.1, Avg: 0.1, Max: 0.1, Diff: 0.1, Sum: 0.6]
         [Processed Buffers: Min: 1, Avg: 2.2, Max: 3, Diff: 2, Sum: 13]
      [Scan RS (ms): Min: 0.1, Avg: 0.2, Max: 0.2, Diff: 0.0, Sum: 1.0]
      [Code Root Scanning (ms): Min: 0.0, Avg: 0.0, Max: 0.0, Diff: 0.0, Sum: 0.0]
      [Object Copy (ms): Min: 0.8, Avg: 0.8, Max: 0.8, Diff: 0.1, Sum: 4.9]
      [Termination (ms): Min: 0.0, Avg: 0.0, Max: 0.0, Diff: 0.0, Sum: 0.0]
         [Termination Attempts: Min: 1, Avg: 2.3, Max: 4, Diff: 3, Sum: 14]
      [GC Worker Other (ms): Min: 0.0, Avg: 0.1, Max: 0.1, Diff: 0.1, Sum: 0.5]
      [GC Worker Total (ms): Min: 1.5, Avg: 1.5, Max: 1.6, Diff: 0.1, Sum: 9.1]
      [GC Worker End (ms): Min: 594071.0, Avg: 594071.1, Max: 594071.1, Diff: 0.1]
   [Code Root Fixup: 0.0 ms]
   [Code Root Purge: 0.0 ms]
   [Clear CT: 0.5 ms]
   [Other: 1.0 ms]
      [Choose CSet: 0.0 ms]
      [Ref Proc: 0.1 ms]
      [Ref Enq: 0.0 ms]
      [Redirty Cards: 0.1 ms]
      [Humongous Register: 0.0 ms]
      [Humongous Reclaim: 0.0 ms]
      [Free CSet: 0.6 ms]
   [Eden: 2448.0M(2448.0M)->0.0B(2448.0M) Survivors: 8192.0K->8192.0K Heap: 2478.2M(4096.0M)->30871.6K(4096.0M)]
 [Times: user=0.00 sys=0.00, real=0.00 secs] 
2024-10-12T19:02:23.787+0300: 594.073: Total time for which application threads were stopped: 0.0034549 seconds, Stopping threads took: 0.0001230 seconds
2024-10-12T19:02:24.572+0300: 594.856: Application time: 0.7836538 seconds
2024-10-12T19:02:24.572+0300: 594.857: [GC pause (G1 Evacuation Pause) (young), 0.0033336 secs]
   [Parallel Time: 1.7 ms, GC Workers: 6]
      [GC Worker Start (ms): Min: 594856.7, Avg: 594856.7, Max: 594856.8, Diff: 0.0]
      [Ext Root Scanning (ms): Min: 0.3, Avg: 0.3, Max: 0.4, Diff: 0.0, Sum: 2.0]
      [Update RS (ms): Min: 0.0, Avg: 0.1, Max: 0.2, Diff: 0.2, Sum: 0.6]
         [Processed Buffers: Min: 0, Avg: 2.2, Max: 4, Diff: 4, Sum: 13]
      [Scan RS (ms): Min: 0.1, Avg: 0.2, Max: 0.2, Diff: 0.1, Sum: 1.0]
      [Code Root Scanning (ms): Min: 0.0, Avg: 0.0, Max: 0.0, Diff: 0.0, Sum: 0.0]
      [Object Copy (ms): Min: 0.7, Avg: 0.8, Max: 0.9, Diff: 0.2, Sum: 4.8]
      [Termination (ms): Min: 0.0, Avg: 0.0, Max: 0.0, Diff: 0.0, Sum: 0.0]
         [Termination Attempts: Min: 1, Avg: 1.0, Max: 1, Diff: 0, Sum: 6]
      [GC Worker Other (ms): Min: 0.0, Avg: 0.1, Max: 0.2, Diff: 0.2, Sum: 0.7]
      [GC Worker Total (ms): Min: 1.4, Avg: 1.5, Max: 1.6, Diff: 0.2, Sum: 9.2]
      [GC Worker End (ms): Min: 594858.2, Avg: 594858.3, Max: 594858.4, Diff: 0.2]
   [Code Root Fixup: 0.0 ms]
   [Code Root Purge: 0.0 ms]
   [Clear CT: 0.5 ms]
   [Other: 1.1 ms]
      [Choose CSet: 0.0 ms]
      [Ref Proc: 0.1 ms]
      [Ref Enq: 0.0 ms]
      [Redirty Cards: 0.1 ms]
      [Humongous Register: 0.1 ms]
      [Humongous Reclaim: 0.0 ms]
      [Free CSet: 0.7 ms]
   [Eden: 2448.0M(2448.0M)->0.0B(2446.0M) Survivors: 8192.0K->10240.0K Heap: 2478.1M(4096.0M)->31877.2K(4096.0M)]
 [Times: user=0.00 sys=0.00, real=0.00 secs] 
2024-10-12T19:02:24.572+0300: 594.860: Total time for which application threads were stopped: 0.0037625 seconds, Stopping threads took: 0.0001687 seconds
2024-10-12T19:02:25.357+0300: 595.638: Application time: 0.7782727 seconds
2024-10-12T19:02:25.357+0300: 595.639: [GC pause (G1 Evacuation Pause) (young), 0.0031333 secs]
   [Parallel Time: 1.6 ms, GC Workers: 6]
      [GC Worker Start (ms): Min: 595638.7, Avg: 595638.8, Max: 595639.1, Diff: 0.4]
      [Ext Root Scanning (ms): Min: 0.0, Avg: 0.3, Max: 0.4, Diff: 0.4, Sum: 1.8]
      [Update RS (ms): Min: 0.1, Avg: 0.1, Max: 0.1, Diff: 0.1, Sum: 0.6]
         [Processed Buffers: Min: 1, Avg: 2.2, Max: 3, Diff: 2, Sum: 13]
      [Scan RS (ms): Min: 0.1, Avg: 0.2, Max: 0.2, Diff: 0.1, Sum: 1.0]
      [Code Root Scanning (ms): Min: 0.0, Avg: 0.0, Max: 0.0, Diff: 0.0, Sum: 0.0]
      [Object Copy (ms): Min: 0.7, Avg: 0.7, Max: 0.8, Diff: 0.0, Sum: 4.5]
      [Termination (ms): Min: 0.0, Avg: 0.0, Max: 0.0, Diff: 0.0, Sum: 0.0]
         [Termination Attempts: Min: 1, Avg: 1.7, Max: 3, Diff: 2, Sum: 10]
      [GC Worker Other (ms): Min: 0.0, Avg: 0.1, Max: 0.1, Diff: 0.1, Sum: 0.5]
      [GC Worker Total (ms): Min: 1.0, Avg: 1.4, Max: 1.5, Diff: 0.5, Sum: 8.5]
      [GC Worker End (ms): Min: 595640.2, Avg: 595640.2, Max: 595640.3, Diff: 0.1]
   [Code Root Fixup: 0.0 ms]
   [Code Root Purge: 0.0 ms]
   [Clear CT: 0.5 ms]
   [Other: 1.1 ms]
      [Choose CSet: 0.0 ms]
      [Ref Proc: 0.1 ms]
      [Ref Enq: 0.0 ms]
      [Redirty Cards: 0.1 ms]
      [Humongous Register: 0.1 ms]
      [Humongous Reclaim: 0.0 ms]
      [Free CSet: 0.6 ms]
   [Eden: 2446.0M(2446.0M)->0.0B(2448.0M) Survivors: 10240.0K->8192.0K Heap: 2477.1M(4096.0M)->30801.8K(4096.0M)]
 [Times: user=0.00 sys=0.00, real=0.00 secs] 
2024-10-12T19:02:25.357+0300: 595.642: Total time for which application threads were stopped: 0.0035558 seconds, Stopping threads took: 0.0002003 seconds
2024-10-12T19:02:26.142+0300: 596.423: Application time: 0.7815635 seconds
2024-10-12T19:02:26.142+0300: 596.424: [GC pause (G1 Evacuation Pause) (young), 0.0032964 secs]
   [Parallel Time: 1.7 ms, GC Workers: 6]
      [GC Worker Start (ms): Min: 596423.9, Avg: 596423.9, Max: 596423.9, Diff: 0.0]
      [Ext Root Scanning (ms): Min: 0.3, Avg: 0.3, Max: 0.3, Diff: 0.1, Sum: 1.9]
      [Update RS (ms): Min: 0.1, Avg: 0.1, Max: 0.1, Diff: 0.1, Sum: 0.6]
         [Processed Buffers: Min: 1, Avg: 2.2, Max: 3, Diff: 2, Sum: 13]
      [Scan RS (ms): Min: 0.1, Avg: 0.2, Max: 0.2, Diff: 0.0, Sum: 1.0]
      [Code Root Scanning (ms): Min: 0.0, Avg: 0.0, Max: 0.0, Diff: 0.0, Sum: 0.0]
      [Object Copy (ms): Min: 0.8, Avg: 0.8, Max: 0.8, Diff: 0.0, Sum: 4.7]
      [Termination (ms): Min: 0.0, Avg: 0.0, Max: 0.0, Diff: 0.0, Sum: 0.0]
         [Termination Attempts: Min: 1, Avg: 2.3, Max: 6, Diff: 5, Sum: 14]
      [GC Worker Other (ms): Min: 0.0, Avg: 0.1, Max: 0.1, Diff: 0.1, Sum: 0.5]
      [GC Worker Total (ms): Min: 1.4, Avg: 1.5, Max: 1.5, Diff: 0.1, Sum: 8.8]
      [GC Worker End (ms): Min: 596425.3, Avg: 596425.3, Max: 596425.4, Diff: 0.1]
   [Code Root Fixup: 0.0 ms]
   [Code Root Purge: 0.0 ms]
   [Clear CT: 0.5 ms]
   [Other: 1.1 ms]
      [Choose CSet: 0.0 ms]
      [Ref Proc: 0.1 ms]
      [Ref Enq: 0.0 ms]
      [Redirty Cards: 0.1 ms]
      [Humongous Register: 0.0 ms]
      [Humongous Reclaim: 0.0 ms]
      [Free CSet: 0.6 ms]
   [Eden: 2448.0M(2448.0M)->0.0B(2446.0M) Survivors: 8192.0K->10240.0K Heap: 2478.1M(4096.0M)->31874.3K(4096.0M)]
 [Times: user=0.00 sys=0.00, real=0.00 secs] 
2024-10-12T19:02:26.142+0300: 596.427: Total time for which application threads were stopped: 0.0037135 seconds, Stopping threads took: 0.0001920 seconds
2024-10-12T19:02:26.919+0300: 597.200: Application time: 0.7726742 seconds
2024-10-12T19:02:26.919+0300: 597.200: [GC pause (G1 Evacuation Pause) (young), 0.0033708 secs]
   [Parallel Time: 1.7 ms, GC Workers: 6]
      [GC Worker Start (ms): Min: 597200.2, Avg: 597200.3, Max: 597200.3, Diff: 0.1]
      [Ext Root Scanning (ms): Min: 0.3, Avg: 0.3, Max: 0.4, Diff: 0.1, Sum: 1.9]
      [Update RS (ms): Min: 0.1, Avg: 0.1, Max: 0.1, Diff: 0.1, Sum: 0.6]
         [Processed Buffers: Min: 2, Avg: 2.2, Max: 3, Diff: 1, Sum: 13]
      [Scan RS (ms): Min: 0.2, Avg: 0.2, Max: 0.2, Diff: 0.0, Sum: 1.0]
      [Code Root Scanning (ms): Min: 0.0, Avg: 0.0, Max: 0.0, Diff: 0.0, Sum: 0.0]
      [Object Copy (ms): Min: 0.8, Avg: 0.8, Max: 0.9, Diff: 0.1, Sum: 4.9]
      [Termination (ms): Min: 0.0, Avg: 0.0, Max: 0.0, Diff: 0.0, Sum: 0.0]
         [Termination Attempts: Min: 1, Avg: 1.8, Max: 3, Diff: 2, Sum: 11]
      [GC Worker Other (ms): Min: 0.0, Avg: 0.1, Max: 0.2, Diff: 0.2, Sum: 0.8]
      [GC Worker Total (ms): Min: 1.5, Avg: 1.5, Max: 1.6, Diff: 0.2, Sum: 9.3]
      [GC Worker End (ms): Min: 597201.7, Avg: 597201.8, Max: 597201.9, Diff: 0.2]
   [Code Root Fixup: 0.0 ms]
   [Code Root Purge: 0.0 ms]
   [Clear CT: 0.5 ms]
   [Other: 1.2 ms]
      [Choose CSet: 0.0 ms]
      [Ref Proc: 0.1 ms]
      [Ref Enq: 0.0 ms]
      [Redirty Cards: 0.1 ms]
      [Humongous Register: 0.1 ms]
      [Humongous Reclaim: 0.0 ms]
      [Free CSet: 0.7 ms]
   [Eden: 2446.0M(2446.0M)->0.0B(2446.0M) Survivors: 10240.0K->10240.0K Heap: 2477.1M(4096.0M)->32830.4K(4096.0M)]
 [Times: user=0.00 sys=0.00, real=0.00 secs] 
2024-10-12T19:02:26.919+0300: 597.204: Total time for which application threads were stopped: 0.0037797 seconds, Stopping threads took: 0.0001751 seconds
2024-10-12T19:02:27.698+0300: 597.984: Application time: 0.7804865 seconds
2024-10-12T19:02:27.698+0300: 597.984: [GC pause (G1 Evacuation Pause) (young), 0.0032379 secs]
   [Parallel Time: 1.7 ms, GC Workers: 6]
      [GC Worker Start (ms): Min: 597984.5, Avg: 597984.5, Max: 597984.5, Diff: 0.0]
      [Ext Root Scanning (ms): Min: 0.3, Avg: 0.3, Max: 0.4, Diff: 0.0, Sum: 2.0]
      [Update RS (ms): Min: 0.1, Avg: 0.1, Max: 0.1, Diff: 0.1, Sum: 0.6]
         [Processed Buffers: Min: 1, Avg: 2.2, Max: 3, Diff: 2, Sum: 13]
      [Scan RS (ms): Min: 0.2, Avg: 0.2, Max: 0.2, Diff: 0.0, Sum: 1.0]
      [Code Root Scanning (ms): Min: 0.0, Avg: 0.0, Max: 0.0, Diff: 0.0, Sum: 0.0]
      [Object Copy (ms): Min: 0.8, Avg: 0.9, Max: 0.9, Diff: 0.1, Sum: 5.2]
      [Termination (ms): Min: 0.0, Avg: 0.0, Max: 0.0, Diff: 0.0, Sum: 0.0]
         [Termination Attempts: Min: 1, Avg: 1.0, Max: 1, Diff: 0, Sum: 6]
      [GC Worker Other (ms): Min: 0.0, Avg: 0.1, Max: 0.1, Diff: 0.1, Sum: 0.6]
      [GC Worker Total (ms): Min: 1.5, Avg: 1.6, Max: 1.6, Diff: 0.1, Sum: 9.4]
      [GC Worker End (ms): Min: 597986.0, Avg: 597986.1, Max: 597986.1, Diff: 0.1]
   [Code Root Fixup: 0.0 ms]
   [Code Root Purge: 0.0 ms]
   [Clear CT: 0.5 ms]
   [Other: 1.1 ms]
      [Choose CSet: 0.0 ms]
      [Ref Proc: 0.1 ms]
      [Ref Enq: 0.0 ms]
      [Redirty Cards: 0.1 ms]
      [Humongous Register: 0.0 ms]
      [Humongous Reclaim: 0.0 ms]
      [Free CSet: 0.6 ms]
   [Eden: 2446.0M(2446.0M)->0.0B(2444.0M) Survivors: 10240.0K->12288.0K Heap: 2478.1M(4096.0M)->33961.3K(4096.0M)]
 [Times: user=0.00 sys=0.00, real=0.00 secs] 
2024-10-12T19:02:27.698+0300: 597.988: Total time for which application threads were stopped: 0.0036688 seconds, Stopping threads took: 0.0001973 seconds
2024-10-12T19:02:28.483+0300: 598.763: Application time: 0.7751292 seconds
2024-10-12T19:02:28.483+0300: 598.763: [GC pause (G1 Evacuation Pause) (young), 0.0031846 secs]
   [Parallel Time: 1.7 ms, GC Workers: 6]
      [GC Worker Start (ms): Min: 598763.2, Avg: 598763.3, Max: 598763.3, Diff: 0.0]
      [Ext Root Scanning (ms): Min: 0.3, Avg: 0.3, Max: 0.3, Diff: 0.1, Sum: 1.8]
      [Update RS (ms): Min: 0.1, Avg: 0.1, Max: 0.1, Diff: 0.0, Sum: 0.6]
         [Processed Buffers: Min: 1, Avg: 2.2, Max: 3, Diff: 2, Sum: 13]
      [Scan RS (ms): Min: 0.2, Avg: 0.2, Max: 0.2, Diff: 0.0, Sum: 1.0]
      [Code Root Scanning (ms): Min: 0.0, Avg: 0.0, Max: 0.0, Diff: 0.0, Sum: 0.0]
      [Object Copy (ms): Min: 0.9, Avg: 0.9, Max: 0.9, Diff: 0.0, Sum: 5.2]
      [Termination (ms): Min: 0.0, Avg: 0.0, Max: 0.0, Diff: 0.0, Sum: 0.0]
         [Termination Attempts: Min: 1, Avg: 2.3, Max: 5, Diff: 4, Sum: 14]
      [GC Worker Other (ms): Min: 0.0, Avg: 0.1, Max: 0.1, Diff: 0.1, Sum: 0.5]
      [GC Worker Total (ms): Min: 1.5, Avg: 1.5, Max: 1.6, Diff: 0.1, Sum: 9.2]
      [GC Worker End (ms): Min: 598764.7, Avg: 598764.8, Max: 598764.8, Diff: 0.1]
   [Code Root Fixup: 0.0 ms]
   [Code Root Purge: 0.0 ms]
   [Clear CT: 0.5 ms]
   [Other: 1.0 ms]
      [Choose CSet: 0.0 ms]
      [Ref Proc: 0.1 ms]
      [Ref Enq: 0.0 ms]
      [Redirty Cards: 0.1 ms]
      [Humongous Register: 0.0 ms]
      [Humongous Reclaim: 0.0 ms]
      [Free CSet: 0.7 ms]
   [Eden: 2444.0M(2444.0M)->0.0B(2448.0M) Survivors: 12288.0K->8192.0K Heap: 2477.2M(4096.0M)->30817.1K(4096.0M)]
 [Times: user=0.00 sys=0.00, real=0.00 secs] 
2024-10-12T19:02:28.483+0300: 598.766: Total time for which application threads were stopped: 0.0035385 seconds, Stopping threads took: 0.0001436 seconds
2024-10-12T19:02:29.253+0300: 599.546: Application time: 0.7795983 seconds
2024-10-12T19:02:29.253+0300: 599.546: [GC pause (G1 Evacuation Pause) (young), 0.0043182 secs]
   [Parallel Time: 2.7 ms, GC Workers: 6]
      [GC Worker Start (ms): Min: 599546.4, Avg: 599546.5, Max: 599546.5, Diff: 0.1]
      [Ext Root Scanning (ms): Min: 0.3, Avg: 0.3, Max: 0.4, Diff: 0.1, Sum: 2.0]
      [Update RS (ms): Min: 0.1, Avg: 0.1, Max: 0.1, Diff: 0.0, Sum: 0.6]
         [Processed Buffers: Min: 1, Avg: 2.2, Max: 3, Diff: 2, Sum: 13]
      [Scan RS (ms): Min: 0.1, Avg: 0.2, Max: 0.2, Diff: 0.1, Sum: 1.0]
      [Code Root Scanning (ms): Min: 0.0, Avg: 0.0, Max: 0.0, Diff: 0.0, Sum: 0.0]
      [Object Copy (ms): Min: 1.8, Avg: 1.8, Max: 1.8, Diff: 0.1, Sum: 10.9]
      [Termination (ms): Min: 0.0, Avg: 0.0, Max: 0.0, Diff: 0.0, Sum: 0.0]
         [Termination Attempts: Min: 1, Avg: 2.3, Max: 4, Diff: 3, Sum: 14]
      [GC Worker Other (ms): Min: 0.0, Avg: 0.1, Max: 0.2, Diff: 0.1, Sum: 0.5]
      [GC Worker Total (ms): Min: 2.5, Avg: 2.5, Max: 2.6, Diff: 0.2, Sum: 15.1]
      [GC Worker End (ms): Min: 599548.9, Avg: 599549.0, Max: 599549.1, Diff: 0.1]
   [Code Root Fixup: 0.0 ms]
   [Code Root Purge: 0.0 ms]
   [Clear CT: 0.5 ms]
   [Other: 1.1 ms]
      [Choose CSet: 0.0 ms]
      [Ref Proc: 0.1 ms]
      [Ref Enq: 0.0 ms]
      [Redirty Cards: 0.1 ms]
      [Humongous Register: 0.0 ms]
      [Humongous Reclaim: 0.0 ms]
      [Free CSet: 0.8 ms]
   [Eden: 2448.0M(2448.0M)->0.0B(2444.0M) Survivors: 8192.0K->12288.0K Heap: 2478.1M(4096.0M)->34908.1K(4096.0M)]
 [Times: user=0.02 sys=0.00, real=0.01 secs] 
2024-10-12T19:02:29.268+0300: 599.551: Total time for which application threads were stopped: 0.0047418 seconds, Stopping threads took: 0.0001901 seconds
2024-10-12T19:02:30.053+0300: 600.336: Application time: 0.7851292 seconds
2024-10-12T19:02:30.053+0300: 600.336: [GC pause (G1 Evacuation Pause) (young), 0.0033335 secs]
   [Parallel Time: 1.6 ms, GC Workers: 6]
      [GC Worker Start (ms): Min: 600336.3, Avg: 600336.4, Max: 600336.5, Diff: 0.2]
      [Ext Root Scanning (ms): Min: 0.2, Avg: 0.3, Max: 0.4, Diff: 0.2, Sum: 1.9]
      [Update RS (ms): Min: 0.1, Avg: 0.1, Max: 0.1, Diff: 0.1, Sum: 0.6]
         [Processed Buffers: Min: 1, Avg: 2.2, Max: 3, Diff: 2, Sum: 13]
      [Scan RS (ms): Min: 0.2, Avg: 0.2, Max: 0.2, Diff: 0.0, Sum: 1.1]
      [Code Root Scanning (ms): Min: 0.0, Avg: 0.0, Max: 0.0, Diff: 0.0, Sum: 0.0]
      [Object Copy (ms): Min: 0.7, Avg: 0.7, Max: 0.7, Diff: 0.0, Sum: 4.2]
      [Termination (ms): Min: 0.0, Avg: 0.0, Max: 0.0, Diff: 0.0, Sum: 0.0]
         [Termination Attempts: Min: 1, Avg: 1.0, Max: 1, Diff: 0, Sum: 6]
      [GC Worker Other (ms): Min: 0.0, Avg: 0.1, Max: 0.2, Diff: 0.1, Sum: 0.7]
      [GC Worker Total (ms): Min: 1.2, Avg: 1.4, Max: 1.5, Diff: 0.3, Sum: 8.6]
      [GC Worker End (ms): Min: 600337.7, Avg: 600337.8, Max: 600337.9, Diff: 0.1]
   [Code Root Fixup: 0.0 ms]
   [Code Root Purge: 0.0 ms]
   [Clear CT: 0.5 ms]
   [Other: 1.2 ms]
      [Choose CSet: 0.0 ms]
      [Ref Proc: 0.2 ms]
      [Ref Enq: 0.0 ms]
      [Redirty Cards: 0.1 ms]
      [Humongous Register: 0.1 ms]
      [Humongous Reclaim: 0.0 ms]
      [Free CSet: 0.7 ms]
   [Eden: 2444.0M(2444.0M)->0.0B(2448.0M) Survivors: 12288.0K->8192.0K Heap: 2478.1M(4096.0M)->29927.2K(4096.0M)]
 [Times: user=0.00 sys=0.00, real=0.00 secs] 
2024-10-12T19:02:30.053+0300: 600.340: Total time for which application threads were stopped: 0.0037177 seconds, Stopping threads took: 0.0001436 seconds
2024-10-12T19:02:30.838+0300: 601.118: Application time: 0.7780204 seconds
2024-10-12T19:02:30.838+0300: 601.118: [GC pause (G1 Evacuation Pause) (young), 0.0031677 secs]
   [Parallel Time: 1.7 ms, GC Workers: 6]
      [GC Worker Start (ms): Min: 601118.1, Avg: 601118.1, Max: 601118.1, Diff: 0.1]
      [Ext Root Scanning (ms): Min: 0.3, Avg: 0.3, Max: 0.4, Diff: 0.1, Sum: 2.1]
      [Update RS (ms): Min: 0.1, Avg: 0.1, Max: 0.1, Diff: 0.1, Sum: 0.6]
         [Processed Buffers: Min: 1, Avg: 2.2, Max: 4, Diff: 3, Sum: 13]
      [Scan RS (ms): Min: 0.2, Avg: 0.2, Max: 0.2, Diff: 0.0, Sum: 1.1]
      [Code Root Scanning (ms): Min: 0.0, Avg: 0.0, Max: 0.0, Diff: 0.0, Sum: 0.0]
      [Object Copy (ms): Min: 0.8, Avg: 0.8, Max: 0.8, Diff: 0.0, Sum: 4.9]
      [Termination (ms): Min: 0.0, Avg: 0.0, Max: 0.0, Diff: 0.0, Sum: 0.0]
         [Termination Attempts: Min: 1, Avg: 1.5, Max: 3, Diff: 2, Sum: 9]
      [GC Worker Other (ms): Min: 0.0, Avg: 0.1, Max: 0.1, Diff: 0.1, Sum: 0.5]
      [GC Worker Total (ms): Min: 1.5, Avg: 1.5, Max: 1.6, Diff: 0.1, Sum: 9.2]
      [GC Worker End (ms): Min: 601119.6, Avg: 601119.6, Max: 601119.7, Diff: 0.1]
   [Code Root Fixup: 0.0 ms]
   [Code Root Purge: 0.0 ms]
   [Clear CT: 0.5 ms]
   [Other: 1.0 ms]
      [Choose CSet: 0.0 ms]
      [Ref Proc: 0.1 ms]
      [Ref Enq: 0.0 ms]
      [Redirty Cards: 0.1 ms]
      [Humongous Register: 0.0 ms]
      [Humongous Reclaim: 0.0 ms]
      [Free CSet: 0.6 ms]
   [Eden: 2448.0M(2448.0M)->0.0B(2448.0M) Survivors: 8192.0K->8192.0K Heap: 2477.2M(4096.0M)->30950.7K(4096.0M)]
 [Times: user=0.00 sys=0.00, real=0.00 secs] 
2024-10-12T19:02:30.838+0300: 601.121: Total time for which application threads were stopped: 0.0035950 seconds, Stopping threads took: 0.0001725 seconds
2024-10-12T19:02:31.623+0300: 601.907: Application time: 0.7860176 seconds
2024-10-12T19:02:31.623+0300: 601.908: [GC pause (G1 Evacuation Pause) (young), 0.0031800 secs]
   [Parallel Time: 1.7 ms, GC Workers: 6]
      [GC Worker Start (ms): Min: 601907.7, Avg: 601907.7, Max: 601907.7, Diff: 0.0]
      [Ext Root Scanning (ms): Min: 0.3, Avg: 0.3, Max: 0.4, Diff: 0.1, Sum: 2.0]
      [Update RS (ms): Min: 0.1, Avg: 0.1, Max: 0.1, Diff: 0.1, Sum: 0.6]
         [Processed Buffers: Min: 1, Avg: 2.2, Max: 4, Diff: 3, Sum: 13]
      [Scan RS (ms): Min: 0.2, Avg: 0.2, Max: 0.2, Diff: 0.0, Sum: 1.0]
      [Code Root Scanning (ms): Min: 0.0, Avg: 0.0, Max: 0.0, Diff: 0.0, Sum: 0.0]
      [Object Copy (ms): Min: 0.8, Avg: 0.8, Max: 0.9, Diff: 0.1, Sum: 5.0]
      [Termination (ms): Min: 0.0, Avg: 0.0, Max: 0.0, Diff: 0.0, Sum: 0.0]
         [Termination Attempts: Min: 1, Avg: 1.0, Max: 1, Diff: 0, Sum: 6]
      [GC Worker Other (ms): Min: 0.0, Avg: 0.1, Max: 0.1, Diff: 0.1, Sum: 0.5]
      [GC Worker Total (ms): Min: 1.5, Avg: 1.5, Max: 1.6, Diff: 0.1, Sum: 9.2]
      [GC Worker End (ms): Min: 601909.2, Avg: 601909.2, Max: 601909.3, Diff: 0.1]
   [Code Root Fixup: 0.0 ms]
   [Code Root Purge: 0.0 ms]
   [Clear CT: 0.5 ms]
   [Other: 1.0 ms]
      [Choose CSet: 0.0 ms]
      [Ref Proc: 0.1 ms]
      [Ref Enq: 0.0 ms]
      [Redirty Cards: 0.1 ms]
      [Humongous Register: 0.0 ms]
      [Humongous Reclaim: 0.0 ms]
      [Free CSet: 0.7 ms]
   [Eden: 2448.0M(2448.0M)->0.0B(2448.0M) Survivors: 8192.0K->8192.0K Heap: 2478.2M(4096.0M)->30917.5K(4096.0M)]
 [Times: user=0.00 sys=0.00, real=0.01 secs] 
2024-10-12T19:02:31.631+0300: 601.911: Total time for which application threads were stopped: 0.0035740 seconds, Stopping threads took: 0.0001667 seconds
2024-10-12T19:02:32.408+0300: 602.692: Application time: 0.7813793 seconds
2024-10-12T19:02:32.408+0300: 602.693: [GC pause (G1 Evacuation Pause) (young), 0.0031979 secs]
   [Parallel Time: 1.7 ms, GC Workers: 6]
      [GC Worker Start (ms): Min: 602692.6, Avg: 602692.7, Max: 602692.7, Diff: 0.1]
      [Ext Root Scanning (ms): Min: 0.3, Avg: 0.4, Max: 0.4, Diff: 0.1, Sum: 2.3]
      [Update RS (ms): Min: 0.1, Avg: 0.1, Max: 0.1, Diff: 0.1, Sum: 0.6]
         [Processed Buffers: Min: 1, Avg: 2.2, Max: 3, Diff: 2, Sum: 13]
      [Scan RS (ms): Min: 0.2, Avg: 0.2, Max: 0.2, Diff: 0.0, Sum: 1.0]
      [Code Root Scanning (ms): Min: 0.0, Avg: 0.0, Max: 0.0, Diff: 0.0, Sum: 0.0]
      [Object Copy (ms): Min: 0.8, Avg: 0.8, Max: 0.8, Diff: 0.0, Sum: 4.7]
      [Termination (ms): Min: 0.0, Avg: 0.0, Max: 0.0, Diff: 0.0, Sum: 0.0]
         [Termination Attempts: Min: 1, Avg: 2.2, Max: 3, Diff: 2, Sum: 13]
      [GC Worker Other (ms): Min: 0.0, Avg: 0.1, Max: 0.1, Diff: 0.1, Sum: 0.5]
      [GC Worker Total (ms): Min: 1.5, Avg: 1.5, Max: 1.6, Diff: 0.1, Sum: 9.2]
      [GC Worker End (ms): Min: 602694.2, Avg: 602694.2, Max: 602694.3, Diff: 0.1]
   [Code Root Fixup: 0.0 ms]
   [Code Root Purge: 0.0 ms]
   [Clear CT: 0.5 ms]
   [Other: 1.0 ms]
      [Choose CSet: 0.0 ms]
      [Ref Proc: 0.1 ms]
      [Ref Enq: 0.0 ms]
      [Redirty Cards: 0.1 ms]
      [Humongous Register: 0.0 ms]
      [Humongous Reclaim: 0.0 ms]
      [Free CSet: 0.6 ms]
   [Eden: 2448.0M(2448.0M)->0.0B(2448.0M) Survivors: 8192.0K->8192.0K Heap: 2478.2M(4096.0M)->29919.4K(4096.0M)]
 [Times: user=0.00 sys=0.00, real=0.00 secs] 
2024-10-12T19:02:32.408+0300: 602.696: Total time for which application threads were stopped: 0.0035963 seconds, Stopping threads took: 0.0001755 seconds
2024-10-12T19:02:33.194+0300: 603.476: Application time: 0.7803954 seconds
2024-10-12T19:02:33.194+0300: 603.477: [GC pause (G1 Evacuation Pause) (young), 0.0031336 secs]
   [Parallel Time: 1.6 ms, GC Workers: 6]
      [GC Worker Start (ms): Min: 603476.6, Avg: 603476.6, Max: 603476.7, Diff: 0.1]
      [Ext Root Scanning (ms): Min: 0.3, Avg: 0.3, Max: 0.4, Diff: 0.1, Sum: 2.0]
      [Update RS (ms): Min: 0.1, Avg: 0.1, Max: 0.1, Diff: 0.0, Sum: 0.6]
         [Processed Buffers: Min: 2, Avg: 2.2, Max: 3, Diff: 1, Sum: 13]
      [Scan RS (ms): Min: 0.2, Avg: 0.2, Max: 0.2, Diff: 0.0, Sum: 1.1]
      [Code Root Scanning (ms): Min: 0.0, Avg: 0.0, Max: 0.0, Diff: 0.0, Sum: 0.0]
      [Object Copy (ms): Min: 0.8, Avg: 0.8, Max: 0.8, Diff: 0.0, Sum: 4.9]
      [Termination (ms): Min: 0.0, Avg: 0.0, Max: 0.0, Diff: 0.0, Sum: 0.0]
         [Termination Attempts: Min: 1, Avg: 4.2, Max: 7, Diff: 6, Sum: 25]
      [GC Worker Other (ms): Min: 0.0, Avg: 0.1, Max: 0.1, Diff: 0.1, Sum: 0.5]
      [GC Worker Total (ms): Min: 1.5, Avg: 1.5, Max: 1.6, Diff: 0.1, Sum: 9.0]
      [GC Worker End (ms): Min: 603478.1, Avg: 603478.1, Max: 603478.2, Diff: 0.1]
   [Code Root Fixup: 0.0 ms]
   [Code Root Purge: 0.0 ms]
   [Clear CT: 0.5 ms]
   [Other: 1.0 ms]
      [Choose CSet: 0.0 ms]
      [Ref Proc: 0.1 ms]
      [Ref Enq: 0.0 ms]
      [Redirty Cards: 0.1 ms]
      [Humongous Register: 0.0 ms]
      [Humongous Reclaim: 0.0 ms]
      [Free CSet: 0.6 ms]
   [Eden: 2448.0M(2448.0M)->0.0B(2448.0M) Survivors: 8192.0K->8192.0K Heap: 2477.2M(4096.0M)->30856.9K(4096.0M)]
 [Times: user=0.00 sys=0.00, real=0.00 secs] 
2024-10-12T19:02:33.194+0300: 603.480: Total time for which application threads were stopped: 0.0035174 seconds, Stopping threads took: 0.0001646 seconds
2024-10-12T19:02:33.977+0300: 604.263: Application time: 0.7837133 seconds
2024-10-12T19:02:33.977+0300: 604.264: [GC pause (G1 Evacuation Pause) (young), 0.0035069 secs]
   [Parallel Time: 1.8 ms, GC Workers: 6]
      [GC Worker Start (ms): Min: 604263.9, Avg: 604264.0, Max: 604264.0, Diff: 0.0]
      [Ext Root Scanning (ms): Min: 0.3, Avg: 0.3, Max: 0.4, Diff: 0.0, Sum: 2.0]
      [Update RS (ms): Min: 0.0, Avg: 0.1, Max: 0.1, Diff: 0.1, Sum: 0.6]
         [Processed Buffers: Min: 0, Avg: 2.2, Max: 3, Diff: 3, Sum: 13]
      [Scan RS (ms): Min: 0.0, Avg: 0.2, Max: 0.2, Diff: 0.1, Sum: 0.9]
      [Code Root Scanning (ms): Min: 0.0, Avg: 0.0, Max: 0.0, Diff: 0.0, Sum: 0.0]
      [Object Copy (ms): Min: 0.9, Avg: 0.9, Max: 1.2, Diff: 0.3, Sum: 5.6]
      [Termination (ms): Min: 0.0, Avg: 0.0, Max: 0.0, Diff: 0.0, Sum: 0.0]
         [Termination Attempts: Min: 1, Avg: 1.0, Max: 1, Diff: 0, Sum: 6]
      [GC Worker Other (ms): Min: 0.0, Avg: 0.1, Max: 0.2, Diff: 0.1, Sum: 0.5]
      [GC Worker Total (ms): Min: 1.6, Avg: 1.6, Max: 1.7, Diff: 0.1, Sum: 9.7]
      [GC Worker End (ms): Min: 604265.5, Avg: 604265.6, Max: 604265.7, Diff: 0.2]
   [Code Root Fixup: 0.0 ms]
   [Code Root Purge: 0.0 ms]
   [Clear CT: 0.5 ms]
   [Other: 1.2 ms]
      [Choose CSet: 0.0 ms]
      [Ref Proc: 0.1 ms]
      [Ref Enq: 0.0 ms]
      [Redirty Cards: 0.1 ms]
      [Humongous Register: 0.1 ms]
      [Humongous Reclaim: 0.0 ms]
      [Free CSet: 0.7 ms]
   [Eden: 2448.0M(2448.0M)->0.0B(2446.0M) Survivors: 8192.0K->10240.0K Heap: 2478.1M(4096.0M)->32830.1K(4096.0M)]
 [Times: user=0.00 sys=0.00, real=0.00 secs] 
2024-10-12T19:02:33.977+0300: 604.267: Total time for which application threads were stopped: 0.0039362 seconds, Stopping threads took: 0.0001959 seconds
2024-10-12T19:02:34.764+0300: 605.044: Application time: 0.7765019 seconds
2024-10-12T19:02:34.764+0300: 605.044: [GC pause (G1 Evacuation Pause) (young), 0.0031807 secs]
   [Parallel Time: 1.6 ms, GC Workers: 6]
      [GC Worker Start (ms): Min: 605044.3, Avg: 605044.3, Max: 605044.4, Diff: 0.1]
      [Ext Root Scanning (ms): Min: 0.3, Avg: 0.4, Max: 0.4, Diff: 0.1, Sum: 2.3]
      [Update RS (ms): Min: 0.1, Avg: 0.1, Max: 0.1, Diff: 0.0, Sum: 0.6]
         [Processed Buffers: Min: 1, Avg: 2.2, Max: 4, Diff: 3, Sum: 13]
      [Scan RS (ms): Min: 0.2, Avg: 0.2, Max: 0.2, Diff: 0.0, Sum: 1.0]
      [Code Root Scanning (ms): Min: 0.0, Avg: 0.0, Max: 0.0, Diff: 0.0, Sum: 0.0]
      [Object Copy (ms): Min: 0.7, Avg: 0.7, Max: 0.8, Diff: 0.1, Sum: 4.3]
      [Termination (ms): Min: 0.0, Avg: 0.0, Max: 0.0, Diff: 0.0, Sum: 0.0]
         [Termination Attempts: Min: 1, Avg: 1.0, Max: 1, Diff: 0, Sum: 6]
      [GC Worker Other (ms): Min: 0.0, Avg: 0.1, Max: 0.1, Diff: 0.1, Sum: 0.4]
      [GC Worker Total (ms): Min: 1.4, Avg: 1.5, Max: 1.5, Diff: 0.2, Sum: 8.7]
      [GC Worker End (ms): Min: 605045.7, Avg: 605045.8, Max: 605045.8, Diff: 0.1]
   [Code Root Fixup: 0.0 ms]
   [Code Root Purge: 0.0 ms]
   [Clear CT: 0.5 ms]
   [Other: 1.1 ms]
      [Choose CSet: 0.0 ms]
      [Ref Proc: 0.1 ms]
      [Ref Enq: 0.0 ms]
      [Redirty Cards: 0.1 ms]
      [Humongous Register: 0.0 ms]
      [Humongous Reclaim: 0.0 ms]
      [Free CSet: 0.7 ms]
   [Eden: 2446.0M(2446.0M)->0.0B(2448.0M) Survivors: 10240.0K->8192.0K Heap: 2478.1M(4096.0M)->30817.2K(4096.0M)]
 [Times: user=0.00 sys=0.00, real=0.00 secs] 
2024-10-12T19:02:34.768+0300: 605.048: Total time for which application threads were stopped: 0.0035677 seconds, Stopping threads took: 0.0001469 seconds
2024-10-12T19:02:35.548+0300: 605.828: Application time: 0.7804482 seconds
2024-10-12T19:02:35.548+0300: 605.828: [GC pause (G1 Evacuation Pause) (young), 0.0036475 secs]
   [Parallel Time: 2.2 ms, GC Workers: 6]
      [GC Worker Start (ms): Min: 605828.4, Avg: 605828.4, Max: 605828.4, Diff: 0.1]
      [Ext Root Scanning (ms): Min: 0.3, Avg: 0.3, Max: 0.4, Diff: 0.0, Sum: 2.0]
      [Update RS (ms): Min: 0.1, Avg: 0.1, Max: 0.1, Diff: 0.0, Sum: 0.6]
         [Processed Buffers: Min: 1, Avg: 2.2, Max: 4, Diff: 3, Sum: 13]
      [Scan RS (ms): Min: 0.1, Avg: 0.2, Max: 0.2, Diff: 0.0, Sum: 1.0]
      [Code Root Scanning (ms): Min: 0.0, Avg: 0.0, Max: 0.0, Diff: 0.0, Sum: 0.0]
      [Object Copy (ms): Min: 1.3, Avg: 1.3, Max: 1.4, Diff: 0.0, Sum: 8.1]
      [Termination (ms): Min: 0.0, Avg: 0.0, Max: 0.0, Diff: 0.0, Sum: 0.0]
         [Termination Attempts: Min: 1, Avg: 1.0, Max: 1, Diff: 0, Sum: 6]
      [GC Worker Other (ms): Min: 0.0, Avg: 0.1, Max: 0.1, Diff: 0.1, Sum: 0.6]
      [GC Worker Total (ms): Min: 2.0, Avg: 2.0, Max: 2.1, Diff: 0.2, Sum: 12.3]
      [GC Worker End (ms): Min: 605830.4, Avg: 605830.4, Max: 605830.5, Diff: 0.1]
   [Code Root Fixup: 0.0 ms]
   [Code Root Purge: 0.0 ms]
   [Clear CT: 0.5 ms]
   [Other: 1.0 ms]
      [Choose CSet: 0.0 ms]
      [Ref Proc: 0.1 ms]
      [Ref Enq: 0.0 ms]
      [Redirty Cards: 0.1 ms]
      [Humongous Register: 0.1 ms]
      [Humongous Reclaim: 0.0 ms]
      [Free CSet: 0.6 ms]
   [Eden: 2448.0M(2448.0M)->0.0B(2444.0M) Survivors: 8192.0K->12288.0K Heap: 2478.1M(4096.0M)->34850.4K(4096.0M)]
 [Times: user=0.00 sys=0.00, real=0.00 secs] 
2024-10-12T19:02:35.548+0300: 605.832: Total time for which application threads were stopped: 0.0040780 seconds, Stopping threads took: 0.0002038 seconds
2024-10-12T19:02:36.317+0300: 606.610: Application time: 0.7782396 seconds
2024-10-12T19:02:36.317+0300: 606.611: [GC pause (G1 Evacuation Pause) (young), 0.0034361 secs]
   [Parallel Time: 1.7 ms, GC Workers: 6]
      [GC Worker Start (ms): Min: 606610.8, Avg: 606610.8, Max: 606610.8, Diff: 0.0]
      [Ext Root Scanning (ms): Min: 0.3, Avg: 0.3, Max: 0.4, Diff: 0.1, Sum: 2.1]
      [Update RS (ms): Min: 0.1, Avg: 0.1, Max: 0.1, Diff: 0.0, Sum: 0.6]
         [Processed Buffers: Min: 1, Avg: 2.2, Max: 4, Diff: 3, Sum: 13]
      [Scan RS (ms): Min: 0.2, Avg: 0.3, Max: 0.7, Diff: 0.5, Sum: 1.8]
      [Code Root Scanning (ms): Min: 0.0, Avg: 0.0, Max: 0.0, Diff: 0.0, Sum: 0.0]
      [Object Copy (ms): Min: 0.4, Avg: 0.8, Max: 0.9, Diff: 0.5, Sum: 4.7]
      [Termination (ms): Min: 0.0, Avg: 0.0, Max: 0.0, Diff: 0.0, Sum: 0.0]
         [Termination Attempts: Min: 1, Avg: 1.0, Max: 1, Diff: 0, Sum: 6]
      [GC Worker Other (ms): Min: 0.0, Avg: 0.1, Max: 0.1, Diff: 0.1, Sum: 0.4]
      [GC Worker Total (ms): Min: 1.6, Avg: 1.6, Max: 1.6, Diff: 0.1, Sum: 9.6]
      [GC Worker End (ms): Min: 606612.4, Avg: 606612.4, Max: 606612.5, Diff: 0.1]
   [Code Root Fixup: 0.0 ms]
   [Code Root Purge: 0.0 ms]
   [Clear CT: 0.5 ms]
   [Other: 1.2 ms]
      [Choose CSet: 0.0 ms]
      [Ref Proc: 0.1 ms]
      [Ref Enq: 0.0 ms]
      [Redirty Cards: 0.1 ms]
      [Humongous Register: 0.1 ms]
      [Humongous Reclaim: 0.0 ms]
      [Free CSet: 0.7 ms]
   [Eden: 2444.0M(2444.0M)->0.0B(2446.0M) Survivors: 12288.0K->10240.0K Heap: 2478.0M(4096.0M)->31995.2K(4096.0M)]
 [Times: user=0.02 sys=0.00, real=0.02 secs] 
2024-10-12T19:02:36.332+0300: 606.614: Total time for which application threads were stopped: 0.0039449 seconds, Stopping threads took: 0.0002117 seconds
2024-10-12T19:02:37.101+0300: 607.395: Application time: 0.7804859 seconds
2024-10-12T19:02:37.101+0300: 607.395: [GC pause (G1 Evacuation Pause) (young), 0.0033894 secs]
   [Parallel Time: 1.7 ms, GC Workers: 6]
      [GC Worker Start (ms): Min: 607395.3, Avg: 607395.3, Max: 607395.3, Diff: 0.1]
      [Ext Root Scanning (ms): Min: 0.3, Avg: 0.4, Max: 0.4, Diff: 0.1, Sum: 2.1]
      [Update RS (ms): Min: 0.1, Avg: 0.1, Max: 0.1, Diff: 0.0, Sum: 0.6]
         [Processed Buffers: Min: 2, Avg: 2.2, Max: 3, Diff: 1, Sum: 13]
      [Scan RS (ms): Min: 0.2, Avg: 0.2, Max: 0.2, Diff: 0.0, Sum: 1.0]
      [Code Root Scanning (ms): Min: 0.0, Avg: 0.0, Max: 0.0, Diff: 0.0, Sum: 0.0]
      [Object Copy (ms): Min: 0.8, Avg: 0.8, Max: 0.8, Diff: 0.0, Sum: 4.8]
      [Termination (ms): Min: 0.0, Avg: 0.0, Max: 0.0, Diff: 0.0, Sum: 0.0]
         [Termination Attempts: Min: 1, Avg: 1.2, Max: 2, Diff: 1, Sum: 7]
      [GC Worker Other (ms): Min: 0.0, Avg: 0.1, Max: 0.1, Diff: 0.1, Sum: 0.6]
      [GC Worker Total (ms): Min: 1.5, Avg: 1.5, Max: 1.6, Diff: 0.2, Sum: 9.3]
      [GC Worker End (ms): Min: 607396.8, Avg: 607396.9, Max: 607396.9, Diff: 0.1]
   [Code Root Fixup: 0.0 ms]
   [Code Root Purge: 0.0 ms]
   [Clear CT: 0.6 ms]
   [Other: 1.1 ms]
      [Choose CSet: 0.0 ms]
      [Ref Proc: 0.1 ms]
      [Ref Enq: 0.0 ms]
      [Redirty Cards: 0.1 ms]
      [Humongous Register: 0.0 ms]
      [Humongous Reclaim: 0.0 ms]
      [Free CSet: 0.7 ms]
   [Eden: 2446.0M(2446.0M)->0.0B(2446.0M) Survivors: 10240.0K->10240.0K Heap: 2477.2M(4096.0M)->31967.2K(4096.0M)]
 [Times: user=0.02 sys=0.00, real=0.02 secs] 
2024-10-12T19:02:37.117+0300: 607.399: Total time for which application threads were stopped: 0.0039790 seconds, Stopping threads took: 0.0003573 seconds
2024-10-12T19:02:37.887+0300: 608.173: Application time: 0.7741894 seconds
2024-10-12T19:02:37.887+0300: 608.173: [GC pause (G1 Evacuation Pause) (young), 0.0032080 secs]
   [Parallel Time: 1.7 ms, GC Workers: 6]
      [GC Worker Start (ms): Min: 608173.3, Avg: 608173.3, Max: 608173.3, Diff: 0.1]
      [Ext Root Scanning (ms): Min: 0.3, Avg: 0.3, Max: 0.4, Diff: 0.1, Sum: 2.0]
      [Update RS (ms): Min: 0.1, Avg: 0.1, Max: 0.1, Diff: 0.0, Sum: 0.6]
         [Processed Buffers: Min: 1, Avg: 2.2, Max: 3, Diff: 2, Sum: 13]
      [Scan RS (ms): Min: 0.2, Avg: 0.2, Max: 0.2, Diff: 0.0, Sum: 1.0]
      [Code Root Scanning (ms): Min: 0.0, Avg: 0.0, Max: 0.0, Diff: 0.0, Sum: 0.0]
      [Object Copy (ms): Min: 0.9, Avg: 0.9, Max: 0.9, Diff: 0.0, Sum: 5.3]
      [Termination (ms): Min: 0.0, Avg: 0.0, Max: 0.0, Diff: 0.0, Sum: 0.0]
         [Termination Attempts: Min: 1, Avg: 1.0, Max: 1, Diff: 0, Sum: 6]
      [GC Worker Other (ms): Min: 0.1, Avg: 0.1, Max: 0.1, Diff: 0.1, Sum: 0.6]
      [GC Worker Total (ms): Min: 1.5, Avg: 1.6, Max: 1.6, Diff: 0.1, Sum: 9.6]
      [GC Worker End (ms): Min: 608174.9, Avg: 608174.9, Max: 608174.9, Diff: 0.1]
   [Code Root Fixup: 0.0 ms]
   [Code Root Purge: 0.0 ms]
   [Clear CT: 0.5 ms]
   [Other: 1.0 ms]
      [Choose CSet: 0.0 ms]
      [Ref Proc: 0.1 ms]
      [Ref Enq: 0.0 ms]
      [Redirty Cards: 0.1 ms]
      [Humongous Register: 0.1 ms]
      [Humongous Reclaim: 0.0 ms]
      [Free CSet: 0.6 ms]
   [Eden: 2446.0M(2446.0M)->0.0B(2444.0M) Survivors: 10240.0K->12288.0K Heap: 2477.2M(4096.0M)->34905.3K(4096.0M)]
 [Times: user=0.00 sys=0.00, real=0.00 secs] 
2024-10-12T19:02:37.887+0300: 608.177: Total time for which application threads were stopped: 0.0036398 seconds, Stopping threads took: 0.0002027 seconds
2024-10-12T19:02:38.672+0300: 608.959: Application time: 0.7826014 seconds
2024-10-12T19:02:38.672+0300: 608.959: [GC pause (G1 Evacuation Pause) (young), 0.0034846 secs]
   [Parallel Time: 1.9 ms, GC Workers: 6]
      [GC Worker Start (ms): Min: 608959.5, Avg: 608959.6, Max: 608959.6, Diff: 0.1]
      [Ext Root Scanning (ms): Min: 0.3, Avg: 0.3, Max: 0.4, Diff: 0.1, Sum: 2.1]
      [Update RS (ms): Min: 0.0, Avg: 0.1, Max: 0.1, Diff: 0.1, Sum: 0.6]
         [Processed Buffers: Min: 0, Avg: 2.2, Max: 3, Diff: 3, Sum: 13]
      [Scan RS (ms): Min: 0.1, Avg: 0.2, Max: 0.4, Diff: 0.3, Sum: 1.2]
      [Code Root Scanning (ms): Min: 0.0, Avg: 0.0, Max: 0.0, Diff: 0.0, Sum: 0.0]
      [Object Copy (ms): Min: 0.8, Avg: 1.0, Max: 1.3, Diff: 0.5, Sum: 5.9]
      [Termination (ms): Min: 0.0, Avg: 0.1, Max: 0.2, Diff: 0.2, Sum: 0.8]
         [Termination Attempts: Min: 1, Avg: 1.7, Max: 2, Diff: 1, Sum: 10]
      [GC Worker Other (ms): Min: 0.0, Avg: 0.1, Max: 0.1, Diff: 0.1, Sum: 0.4]
      [GC Worker Total (ms): Min: 1.7, Avg: 1.8, Max: 1.9, Diff: 0.1, Sum: 10.9]
      [GC Worker End (ms): Min: 608961.4, Avg: 608961.4, Max: 608961.4, Diff: 0.1]
   [Code Root Fixup: 0.0 ms]
   [Code Root Purge: 0.0 ms]
   [Clear CT: 0.5 ms]
   [Other: 1.1 ms]
      [Choose CSet: 0.0 ms]
      [Ref Proc: 0.1 ms]
      [Ref Enq: 0.0 ms]
      [Redirty Cards: 0.1 ms]
      [Humongous Register: 0.1 ms]
      [Humongous Reclaim: 0.0 ms]
      [Free CSet: 0.6 ms]
   [Eden: 2444.0M(2444.0M)->0.0B(2448.0M) Survivors: 12288.0K->8192.0K Heap: 2478.1M(4096.0M)->30829.1K(4096.0M)]
 [Times: user=0.00 sys=0.00, real=0.00 secs] 
2024-10-12T19:02:38.672+0300: 608.963: Total time for which application threads were stopped: 0.0039315 seconds, Stopping threads took: 0.0002024 seconds
2024-10-12T19:02:39.458+0300: 609.745: Application time: 0.7818225 seconds
2024-10-12T19:02:39.458+0300: 609.745: [GC pause (G1 Evacuation Pause) (young), 0.0039579 secs]
   [Parallel Time: 2.2 ms, GC Workers: 6]
      [GC Worker Start (ms): Min: 609745.3, Avg: 609745.3, Max: 609745.4, Diff: 0.1]
      [Ext Root Scanning (ms): Min: 0.3, Avg: 0.3, Max: 0.4, Diff: 0.1, Sum: 1.9]
      [Update RS (ms): Min: 0.1, Avg: 0.1, Max: 0.1, Diff: 0.0, Sum: 0.6]
         [Processed Buffers: Min: 1, Avg: 2.0, Max: 3, Diff: 2, Sum: 12]
      [Scan RS (ms): Min: 0.2, Avg: 0.2, Max: 0.2, Diff: 0.0, Sum: 1.1]
      [Code Root Scanning (ms): Min: 0.0, Avg: 0.0, Max: 0.0, Diff: 0.0, Sum: 0.0]
      [Object Copy (ms): Min: 1.4, Avg: 1.4, Max: 1.4, Diff: 0.0, Sum: 8.4]
      [Termination (ms): Min: 0.0, Avg: 0.0, Max: 0.0, Diff: 0.0, Sum: 0.0]
         [Termination Attempts: Min: 1, Avg: 1.0, Max: 1, Diff: 0, Sum: 6]
      [GC Worker Other (ms): Min: 0.0, Avg: 0.1, Max: 0.1, Diff: 0.1, Sum: 0.5]
      [GC Worker Total (ms): Min: 2.0, Avg: 2.1, Max: 2.2, Diff: 0.1, Sum: 12.6]
      [GC Worker End (ms): Min: 609747.4, Avg: 609747.4, Max: 609747.5, Diff: 0.1]
   [Code Root Fixup: 0.0 ms]
   [Code Root Purge: 0.0 ms]
   [Clear CT: 0.5 ms]
   [Other: 1.2 ms]
      [Choose CSet: 0.0 ms]
      [Ref Proc: 0.1 ms]
      [Ref Enq: 0.0 ms]
      [Redirty Cards: 0.1 ms]
      [Humongous Register: 0.1 ms]
      [Humongous Reclaim: 0.0 ms]
      [Free CSet: 0.8 ms]
   [Eden: 2448.0M(2448.0M)->0.0B(2444.0M) Survivors: 8192.0K->12288.0K Heap: 2478.1M(4096.0M)->34830.5K(4096.0M)]
 [Times: user=0.00 sys=0.00, real=0.00 secs] 
2024-10-12T19:02:39.458+0300: 609.749: Total time for which application threads were stopped: 0.0043643 seconds, Stopping threads took: 0.0001846 seconds
2024-10-12T19:02:40.243+0300: 610.530: Application time: 0.7804504 seconds
2024-10-12T19:02:40.243+0300: 610.530: [GC pause (G1 Evacuation Pause) (young), 0.0037112 secs]
   [Parallel Time: 1.9 ms, GC Workers: 6]
      [GC Worker Start (ms): Min: 610530.2, Avg: 610530.2, Max: 610530.2, Diff: 0.1]
      [Ext Root Scanning (ms): Min: 0.3, Avg: 0.3, Max: 0.4, Diff: 0.1, Sum: 1.9]
      [Update RS (ms): Min: 0.1, Avg: 0.1, Max: 0.1, Diff: 0.0, Sum: 0.6]
         [Processed Buffers: Min: 1, Avg: 2.2, Max: 3, Diff: 2, Sum: 13]
      [Scan RS (ms): Min: 0.1, Avg: 0.2, Max: 0.2, Diff: 0.0, Sum: 1.0]
      [Code Root Scanning (ms): Min: 0.0, Avg: 0.0, Max: 0.0, Diff: 0.0, Sum: 0.0]
      [Object Copy (ms): Min: 1.0, Avg: 1.0, Max: 1.0, Diff: 0.0, Sum: 6.2]
      [Termination (ms): Min: 0.0, Avg: 0.0, Max: 0.0, Diff: 0.0, Sum: 0.0]
         [Termination Attempts: Min: 1, Avg: 1.0, Max: 1, Diff: 0, Sum: 6]
      [GC Worker Other (ms): Min: 0.0, Avg: 0.1, Max: 0.2, Diff: 0.1, Sum: 0.6]
      [GC Worker Total (ms): Min: 1.7, Avg: 1.7, Max: 1.8, Diff: 0.1, Sum: 10.3]
      [GC Worker End (ms): Min: 610531.8, Avg: 610531.9, Max: 610532.0, Diff: 0.1]
   [Code Root Fixup: 0.0 ms]
   [Code Root Purge: 0.0 ms]
   [Clear CT: 0.6 ms]
   [Other: 1.2 ms]
      [Choose CSet: 0.0 ms]
      [Ref Proc: 0.1 ms]
      [Ref Enq: 0.0 ms]
      [Redirty Cards: 0.1 ms]
      [Humongous Register: 0.1 ms]
      [Humongous Reclaim: 0.0 ms]
      [Free CSet: 0.7 ms]
   [Eden: 2444.0M(2444.0M)->0.0B(2444.0M) Survivors: 12288.0K->12288.0K Heap: 2478.0M(4096.0M)->34055.7K(4096.0M)]
 [Times: user=0.00 sys=0.00, real=0.01 secs] 
2024-10-12T19:02:40.252+0300: 610.534: Total time for which application threads were stopped: 0.0041622 seconds, Stopping threads took: 0.0001815 seconds
2024-10-12T19:02:41.029+0300: 611.314: Application time: 0.7797749 seconds
2024-10-12T19:02:41.029+0300: 611.314: [GC pause (G1 Evacuation Pause) (young), 0.0035216 secs]
   [Parallel Time: 1.8 ms, GC Workers: 6]
      [GC Worker Start (ms): Min: 611314.1, Avg: 611314.2, Max: 611314.3, Diff: 0.2]
      [Ext Root Scanning (ms): Min: 0.2, Avg: 0.3, Max: 0.4, Diff: 0.2, Sum: 2.0]
      [Update RS (ms): Min: 0.1, Avg: 0.1, Max: 0.1, Diff: 0.1, Sum: 0.7]
         [Processed Buffers: Min: 1, Avg: 2.2, Max: 3, Diff: 2, Sum: 13]
      [Scan RS (ms): Min: 0.2, Avg: 0.2, Max: 0.2, Diff: 0.0, Sum: 1.1]
      [Code Root Scanning (ms): Min: 0.0, Avg: 0.0, Max: 0.0, Diff: 0.0, Sum: 0.0]
      [Object Copy (ms): Min: 0.7, Avg: 0.7, Max: 0.8, Diff: 0.1, Sum: 4.5]
      [Termination (ms): Min: 0.0, Avg: 0.0, Max: 0.0, Diff: 0.0, Sum: 0.0]
         [Termination Attempts: Min: 1, Avg: 1.0, Max: 1, Diff: 0, Sum: 6]
      [GC Worker Other (ms): Min: 0.1, Avg: 0.2, Max: 0.3, Diff: 0.2, Sum: 1.0]
      [GC Worker Total (ms): Min: 1.5, Avg: 1.6, Max: 1.7, Diff: 0.2, Sum: 9.3]
      [GC Worker End (ms): Min: 611315.6, Avg: 611315.7, Max: 611315.8, Diff: 0.2]
   [Code Root Fixup: 0.0 ms]
   [Code Root Purge: 0.0 ms]
   [Clear CT: 0.5 ms]
   [Other: 1.2 ms]
      [Choose CSet: 0.0 ms]
      [Ref Proc: 0.1 ms]
      [Ref Enq: 0.0 ms]
      [Redirty Cards: 0.1 ms]
      [Humongous Register: 0.1 ms]
      [Humongous Reclaim: 0.0 ms]
      [Free CSet: 0.7 ms]
   [Eden: 2444.0M(2444.0M)->0.0B(2450.0M) Survivors: 12288.0K->6144.0K Heap: 2477.3M(4096.0M)->28938.2K(4096.0M)]
 [Times: user=0.00 sys=0.00, real=0.00 secs] 
2024-10-12T19:02:41.029+0300: 611.318: Total time for which application threads were stopped: 0.0040105 seconds, Stopping threads took: 0.0002188 seconds
2024-10-12T19:02:41.813+0300: 612.096: Application time: 0.7780716 seconds
2024-10-12T19:02:41.813+0300: 612.096: [GC pause (G1 Evacuation Pause) (young), 0.0030325 secs]
   [Parallel Time: 1.6 ms, GC Workers: 6]
      [GC Worker Start (ms): Min: 612096.1, Avg: 612096.2, Max: 612096.2, Diff: 0.1]
      [Ext Root Scanning (ms): Min: 0.3, Avg: 0.3, Max: 0.4, Diff: 0.1, Sum: 2.0]
      [Update RS (ms): Min: 0.1, Avg: 0.1, Max: 0.1, Diff: 0.0, Sum: 0.6]
         [Processed Buffers: Min: 1, Avg: 2.2, Max: 4, Diff: 3, Sum: 13]
      [Scan RS (ms): Min: 0.2, Avg: 0.2, Max: 0.2, Diff: 0.0, Sum: 1.1]
      [Code Root Scanning (ms): Min: 0.0, Avg: 0.0, Max: 0.0, Diff: 0.0, Sum: 0.0]
      [Object Copy (ms): Min: 0.7, Avg: 0.7, Max: 0.8, Diff: 0.0, Sum: 4.4]
      [Termination (ms): Min: 0.0, Avg: 0.0, Max: 0.0, Diff: 0.0, Sum: 0.0]
         [Termination Attempts: Min: 1, Avg: 1.0, Max: 1, Diff: 0, Sum: 6]
      [GC Worker Other (ms): Min: 0.0, Avg: 0.1, Max: 0.1, Diff: 0.1, Sum: 0.5]
      [GC Worker Total (ms): Min: 1.4, Avg: 1.4, Max: 1.5, Diff: 0.1, Sum: 8.7]
      [GC Worker End (ms): Min: 612097.6, Avg: 612097.6, Max: 612097.6, Diff: 0.1]
   [Code Root Fixup: 0.0 ms]
   [Code Root Purge: 0.0 ms]
   [Clear CT: 0.5 ms]
   [Other: 1.0 ms]
      [Choose CSet: 0.0 ms]
      [Ref Proc: 0.1 ms]
      [Ref Enq: 0.0 ms]
      [Redirty Cards: 0.1 ms]
      [Humongous Register: 0.0 ms]
      [Humongous Reclaim: 0.0 ms]
      [Free CSet: 0.6 ms]
   [Eden: 2450.0M(2450.0M)->0.0B(2446.0M) Survivors: 6144.0K->10240.0K Heap: 2478.3M(4096.0M)->31974.1K(4096.0M)]
 [Times: user=0.00 sys=0.00, real=0.00 secs] 
2024-10-12T19:02:41.813+0300: 612.099: Total time for which application threads were stopped: 0.0035456 seconds, Stopping threads took: 0.0001994 seconds
2024-10-12T19:02:42.598+0300: 612.884: Application time: 0.7842924 seconds
2024-10-12T19:02:42.598+0300: 612.884: [GC pause (G1 Evacuation Pause) (young), 0.0030804 secs]
   [Parallel Time: 1.6 ms, GC Workers: 6]
      [GC Worker Start (ms): Min: 612883.9, Avg: 612883.9, Max: 612884.0, Diff: 0.1]
      [Ext Root Scanning (ms): Min: 0.3, Avg: 0.3, Max: 0.4, Diff: 0.1, Sum: 1.9]
      [Update RS (ms): Min: 0.1, Avg: 0.1, Max: 0.1, Diff: 0.0, Sum: 0.6]
         [Processed Buffers: Min: 1, Avg: 2.2, Max: 3, Diff: 2, Sum: 13]
      [Scan RS (ms): Min: 0.2, Avg: 0.2, Max: 0.2, Diff: 0.0, Sum: 1.0]
      [Code Root Scanning (ms): Min: 0.0, Avg: 0.0, Max: 0.0, Diff: 0.0, Sum: 0.0]
      [Object Copy (ms): Min: 0.8, Avg: 0.8, Max: 0.8, Diff: 0.0, Sum: 4.6]
      [Termination (ms): Min: 0.0, Avg: 0.0, Max: 0.0, Diff: 0.0, Sum: 0.0]
         [Termination Attempts: Min: 1, Avg: 1.0, Max: 1, Diff: 0, Sum: 6]
      [GC Worker Other (ms): Min: 0.0, Avg: 0.1, Max: 0.1, Diff: 0.1, Sum: 0.5]
      [GC Worker Total (ms): Min: 1.4, Avg: 1.5, Max: 1.5, Diff: 0.1, Sum: 8.7]
      [GC Worker End (ms): Min: 612885.3, Avg: 612885.4, Max: 612885.4, Diff: 0.1]
   [Code Root Fixup: 0.0 ms]
   [Code Root Purge: 0.0 ms]
   [Clear CT: 0.5 ms]
   [Other: 1.0 ms]
      [Choose CSet: 0.0 ms]
      [Ref Proc: 0.1 ms]
      [Ref Enq: 0.0 ms]
      [Redirty Cards: 0.1 ms]
      [Humongous Register: 0.0 ms]
      [Humongous Reclaim: 0.0 ms]
      [Free CSet: 0.6 ms]
   [Eden: 2446.0M(2446.0M)->0.0B(2446.0M) Survivors: 10240.0K->10240.0K Heap: 2477.2M(4096.0M)->32900.0K(4096.0M)]
 [Times: user=0.00 sys=0.00, real=0.00 secs] 
2024-10-12T19:02:42.598+0300: 612.887: Total time for which application threads were stopped: 0.0034359 seconds, Stopping threads took: 0.0001360 seconds
2024-10-12T19:02:43.382+0300: 613.666: Application time: 0.7791238 seconds
2024-10-12T19:02:43.382+0300: 613.666: [GC pause (G1 Evacuation Pause) (young), 0.0031989 secs]
   [Parallel Time: 1.7 ms, GC Workers: 6]
      [GC Worker Start (ms): Min: 613666.5, Avg: 613666.5, Max: 613666.6, Diff: 0.1]
      [Ext Root Scanning (ms): Min: 0.3, Avg: 0.3, Max: 0.4, Diff: 0.1, Sum: 2.1]
      [Update RS (ms): Min: 0.0, Avg: 0.1, Max: 0.1, Diff: 0.1, Sum: 0.6]
         [Processed Buffers: Min: 0, Avg: 2.2, Max: 4, Diff: 4, Sum: 13]
      [Scan RS (ms): Min: 0.0, Avg: 0.2, Max: 0.2, Diff: 0.2, Sum: 1.1]
      [Code Root Scanning (ms): Min: 0.0, Avg: 0.0, Max: 0.0, Diff: 0.0, Sum: 0.0]
      [Object Copy (ms): Min: 0.8, Avg: 0.8, Max: 1.1, Diff: 0.3, Sum: 5.0]
      [Termination (ms): Min: 0.0, Avg: 0.0, Max: 0.0, Diff: 0.0, Sum: 0.0]
         [Termination Attempts: Min: 1, Avg: 1.0, Max: 1, Diff: 0, Sum: 6]
      [GC Worker Other (ms): Min: 0.0, Avg: 0.1, Max: 0.1, Diff: 0.1, Sum: 0.6]
      [GC Worker Total (ms): Min: 1.5, Avg: 1.6, Max: 1.6, Diff: 0.1, Sum: 9.4]
      [GC Worker End (ms): Min: 613668.0, Avg: 613668.1, Max: 613668.1, Diff: 0.1]
   [Code Root Fixup: 0.0 ms]
   [Code Root Purge: 0.0 ms]
   [Clear CT: 0.5 ms]
   [Other: 1.0 ms]
      [Choose CSet: 0.0 ms]
      [Ref Proc: 0.1 ms]
      [Ref Enq: 0.0 ms]
      [Redirty Cards: 0.1 ms]
      [Humongous Register: 0.0 ms]
      [Humongous Reclaim: 0.0 ms]
      [Free CSet: 0.7 ms]
   [Eden: 2446.0M(2446.0M)->0.0B(2446.0M) Survivors: 10240.0K->10240.0K Heap: 2478.1M(4096.0M)->31951.9K(4096.0M)]
 [Times: user=0.00 sys=0.00, real=0.00 secs] 
2024-10-12T19:02:43.382+0300: 613.670: Total time for which application threads were stopped: 0.0036688 seconds, Stopping threads took: 0.0001786 seconds
2024-10-12T19:02:44.167+0300: 614.447: Application time: 0.7773415 seconds
2024-10-12T19:02:44.167+0300: 614.447: [GC pause (G1 Evacuation Pause) (young), 0.0040811 secs]
   [Parallel Time: 2.1 ms, GC Workers: 6]
      [GC Worker Start (ms): Min: 614447.5, Avg: 614447.5, Max: 614447.6, Diff: 0.0]
      [Ext Root Scanning (ms): Min: 0.3, Avg: 0.3, Max: 0.4, Diff: 0.0, Sum: 2.0]
      [Update RS (ms): Min: 0.1, Avg: 0.1, Max: 0.1, Diff: 0.0, Sum: 0.6]
         [Processed Buffers: Min: 1, Avg: 2.2, Max: 4, Diff: 3, Sum: 13]
      [Scan RS (ms): Min: 0.2, Avg: 0.2, Max: 0.2, Diff: 0.0, Sum: 1.0]
      [Code Root Scanning (ms): Min: 0.0, Avg: 0.0, Max: 0.0, Diff: 0.0, Sum: 0.0]
      [Object Copy (ms): Min: 1.3, Avg: 1.3, Max: 1.3, Diff: 0.0, Sum: 7.6]
      [Termination (ms): Min: 0.0, Avg: 0.0, Max: 0.0, Diff: 0.0, Sum: 0.0]
         [Termination Attempts: Min: 1, Avg: 1.0, Max: 1, Diff: 0, Sum: 6]
      [GC Worker Other (ms): Min: 0.0, Avg: 0.1, Max: 0.1, Diff: 0.1, Sum: 0.4]
      [GC Worker Total (ms): Min: 1.9, Avg: 1.9, Max: 2.0, Diff: 0.1, Sum: 11.7]
      [GC Worker End (ms): Min: 614449.5, Avg: 614449.5, Max: 614449.5, Diff: 0.1]
   [Code Root Fixup: 0.0 ms]
   [Code Root Purge: 0.0 ms]
   [Clear CT: 0.6 ms]
   [Other: 1.3 ms]
      [Choose CSet: 0.0 ms]
      [Ref Proc: 0.1 ms]
      [Ref Enq: 0.0 ms]
      [Redirty Cards: 0.1 ms]
      [Humongous Register: 0.1 ms]
      [Humongous Reclaim: 0.0 ms]
      [Free CSet: 0.9 ms]
   [Eden: 2446.0M(2446.0M)->0.0B(2444.0M) Survivors: 10240.0K->12288.0K Heap: 2477.2M(4096.0M)->34933.7K(4096.0M)]
 [Times: user=0.00 sys=0.00, real=0.00 secs] 
2024-10-12T19:02:44.167+0300: 614.452: Total time for which application threads were stopped: 0.0044650 seconds, Stopping threads took: 0.0001395 seconds
2024-10-12T19:02:44.936+0300: 615.231: Application time: 0.7791507 seconds
2024-10-12T19:02:44.952+0300: 615.231: [GC pause (G1 Evacuation Pause) (young), 0.0038828 secs]
   [Parallel Time: 1.9 ms, GC Workers: 6]
      [GC Worker Start (ms): Min: 615231.1, Avg: 615231.3, Max: 615231.6, Diff: 0.5]
      [Ext Root Scanning (ms): Min: 0.0, Avg: 0.3, Max: 0.5, Diff: 0.4, Sum: 2.0]
      [Update RS (ms): Min: 0.0, Avg: 0.1, Max: 0.1, Diff: 0.1, Sum: 0.6]
         [Processed Buffers: Min: 0, Avg: 2.2, Max: 4, Diff: 4, Sum: 13]
      [Scan RS (ms): Min: 0.1, Avg: 0.2, Max: 0.2, Diff: 0.1, Sum: 1.1]
      [Code Root Scanning (ms): Min: 0.0, Avg: 0.0, Max: 0.0, Diff: 0.0, Sum: 0.0]
      [Object Copy (ms): Min: 0.8, Avg: 0.9, Max: 1.2, Diff: 0.4, Sum: 5.3]
      [Termination (ms): Min: 0.0, Avg: 0.1, Max: 0.2, Diff: 0.2, Sum: 0.8]
         [Termination Attempts: Min: 1, Avg: 1.5, Max: 2, Diff: 1, Sum: 9]
      [GC Worker Other (ms): Min: 0.0, Avg: 0.0, Max: 0.1, Diff: 0.1, Sum: 0.2]
      [GC Worker Total (ms): Min: 1.4, Avg: 1.7, Max: 1.8, Diff: 0.4, Sum: 10.0]
      [GC Worker End (ms): Min: 615232.9, Avg: 615232.9, Max: 615233.0, Diff: 0.1]
   [Code Root Fixup: 0.0 ms]
   [Code Root Purge: 0.0 ms]
   [Clear CT: 0.6 ms]
   [Other: 1.4 ms]
      [Choose CSet: 0.0 ms]
      [Ref Proc: 0.1 ms]
      [Ref Enq: 0.0 ms]
      [Redirty Cards: 0.1 ms]
      [Humongous Register: 0.1 ms]
      [Humongous Reclaim: 0.0 ms]
      [Free CSet: 0.9 ms]
   [Eden: 2444.0M(2444.0M)->0.0B(2446.0M) Survivors: 12288.0K->10240.0K Heap: 2478.1M(4096.0M)->33046.7K(4096.0M)]
 [Times: user=0.00 sys=0.00, real=0.00 secs] 
2024-10-12T19:02:44.952+0300: 615.235: Total time for which application threads were stopped: 0.0042534 seconds, Stopping threads took: 0.0001331 seconds
2024-10-12T19:02:45.722+0300: 616.014: Application time: 0.7792327 seconds
2024-10-12T19:02:45.722+0300: 616.015: [GC pause (G1 Evacuation Pause) (young), 0.0033387 secs]
   [Parallel Time: 1.6 ms, GC Workers: 6]
      [GC Worker Start (ms): Min: 616014.6, Avg: 616014.7, Max: 616014.7, Diff: 0.0]
      [Ext Root Scanning (ms): Min: 0.3, Avg: 0.3, Max: 0.3, Diff: 0.1, Sum: 1.9]
      [Update RS (ms): Min: 0.1, Avg: 0.1, Max: 0.1, Diff: 0.1, Sum: 0.6]
         [Processed Buffers: Min: 1, Avg: 2.0, Max: 3, Diff: 2, Sum: 12]
      [Scan RS (ms): Min: 0.2, Avg: 0.2, Max: 0.2, Diff: 0.0, Sum: 1.1]
      [Code Root Scanning (ms): Min: 0.0, Avg: 0.0, Max: 0.0, Diff: 0.0, Sum: 0.0]
      [Object Copy (ms): Min: 0.7, Avg: 0.7, Max: 0.7, Diff: 0.1, Sum: 4.3]
      [Termination (ms): Min: 0.0, Avg: 0.0, Max: 0.0, Diff: 0.0, Sum: 0.0]
         [Termination Attempts: Min: 1, Avg: 1.0, Max: 1, Diff: 0, Sum: 6]
      [GC Worker Other (ms): Min: 0.0, Avg: 0.1, Max: 0.2, Diff: 0.2, Sum: 0.7]
      [GC Worker Total (ms): Min: 1.3, Avg: 1.4, Max: 1.5, Diff: 0.2, Sum: 8.6]
      [GC Worker End (ms): Min: 616016.0, Avg: 616016.1, Max: 616016.2, Diff: 0.2]
   [Code Root Fixup: 0.0 ms]
   [Code Root Purge: 0.0 ms]
   [Clear CT: 0.6 ms]
   [Other: 1.1 ms]
      [Choose CSet: 0.0 ms]
      [Ref Proc: 0.2 ms]
      [Ref Enq: 0.0 ms]
      [Redirty Cards: 0.1 ms]
      [Humongous Register: 0.1 ms]
      [Humongous Reclaim: 0.0 ms]
      [Free CSet: 0.6 ms]
   [Eden: 2446.0M(2446.0M)->0.0B(2448.0M) Survivors: 10240.0K->8192.0K Heap: 2478.3M(4096.0M)->30850.5K(4096.0M)]
 [Times: user=0.00 sys=0.00, real=0.02 secs] 
2024-10-12T19:02:45.737+0300: 616.018: Total time for which application threads were stopped: 0.0038028 seconds, Stopping threads took: 0.0001396 seconds
2024-10-12T19:02:46.507+0300: 616.800: Application time: 0.7818638 seconds
2024-10-12T19:02:46.507+0300: 616.800: [GC pause (G1 Evacuation Pause) (young), 0.0033661 secs]
   [Parallel Time: 1.9 ms, GC Workers: 6]
      [GC Worker Start (ms): Min: 616800.4, Avg: 616800.4, Max: 616800.5, Diff: 0.1]
      [Ext Root Scanning (ms): Min: 0.2, Avg: 0.3, Max: 0.4, Diff: 0.1, Sum: 1.9]
      [Update RS (ms): Min: 0.0, Avg: 0.1, Max: 0.2, Diff: 0.1, Sum: 0.6]
         [Processed Buffers: Min: 0, Avg: 2.2, Max: 3, Diff: 3, Sum: 13]
      [Scan RS (ms): Min: 0.1, Avg: 0.2, Max: 0.2, Diff: 0.1, Sum: 1.1]
      [Code Root Scanning (ms): Min: 0.0, Avg: 0.0, Max: 0.0, Diff: 0.0, Sum: 0.0]
      [Object Copy (ms): Min: 1.0, Avg: 1.0, Max: 1.3, Diff: 0.3, Sum: 6.2]
      [Termination (ms): Min: 0.0, Avg: 0.0, Max: 0.0, Diff: 0.0, Sum: 0.2]
         [Termination Attempts: Min: 1, Avg: 1.0, Max: 1, Diff: 0, Sum: 6]
      [GC Worker Other (ms): Min: 0.0, Avg: 0.1, Max: 0.1, Diff: 0.1, Sum: 0.5]
      [GC Worker Total (ms): Min: 1.7, Avg: 1.8, Max: 1.8, Diff: 0.1, Sum: 10.7]
      [GC Worker End (ms): Min: 616802.2, Avg: 616802.2, Max: 616802.2, Diff: 0.1]
   [Code Root Fixup: 0.0 ms]
   [Code Root Purge: 0.0 ms]
   [Clear CT: 0.5 ms]
   [Other: 1.0 ms]
      [Choose CSet: 0.0 ms]
      [Ref Proc: 0.1 ms]
      [Ref Enq: 0.0 ms]
      [Redirty Cards: 0.1 ms]
      [Humongous Register: 0.1 ms]
      [Humongous Reclaim: 0.0 ms]
      [Free CSet: 0.6 ms]
   [Eden: 2448.0M(2448.0M)->0.0B(2444.0M) Survivors: 8192.0K->12288.0K Heap: 2478.1M(4096.0M)->33895.9K(4096.0M)]
 [Times: user=0.00 sys=0.00, real=0.02 secs] 
2024-10-12T19:02:46.522+0300: 616.804: Total time for which application threads were stopped: 0.0038491 seconds, Stopping threads took: 0.0002514 seconds
2024-10-12T19:02:47.291+0300: 617.582: Application time: 0.7786453 seconds
2024-10-12T19:02:47.291+0300: 617.583: [GC pause (G1 Evacuation Pause) (young), 0.0031067 secs]
   [Parallel Time: 1.6 ms, GC Workers: 6]
      [GC Worker Start (ms): Min: 617582.8, Avg: 617582.8, Max: 617582.8, Diff: 0.0]
      [Ext Root Scanning (ms): Min: 0.3, Avg: 0.3, Max: 0.3, Diff: 0.1, Sum: 1.9]
      [Update RS (ms): Min: 0.1, Avg: 0.1, Max: 0.1, Diff: 0.0, Sum: 0.6]
         [Processed Buffers: Min: 1, Avg: 2.0, Max: 3, Diff: 2, Sum: 12]
      [Scan RS (ms): Min: 0.2, Avg: 0.2, Max: 0.2, Diff: 0.0, Sum: 1.1]
      [Code Root Scanning (ms): Min: 0.0, Avg: 0.0, Max: 0.0, Diff: 0.0, Sum: 0.0]
      [Object Copy (ms): Min: 0.8, Avg: 0.8, Max: 0.8, Diff: 0.1, Sum: 4.8]
      [Termination (ms): Min: 0.0, Avg: 0.0, Max: 0.0, Diff: 0.0, Sum: 0.0]
         [Termination Attempts: Min: 1, Avg: 1.5, Max: 3, Diff: 2, Sum: 9]
      [GC Worker Other (ms): Min: 0.0, Avg: 0.1, Max: 0.1, Diff: 0.1, Sum: 0.5]
      [GC Worker Total (ms): Min: 1.4, Avg: 1.5, Max: 1.5, Diff: 0.1, Sum: 9.0]
      [GC Worker End (ms): Min: 617584.3, Avg: 617584.3, Max: 617584.3, Diff: 0.1]
   [Code Root Fixup: 0.0 ms]
   [Code Root Purge: 0.0 ms]
   [Clear CT: 0.5 ms]
   [Other: 1.0 ms]
      [Choose CSet: 0.0 ms]
      [Ref Proc: 0.1 ms]
      [Ref Enq: 0.0 ms]
      [Redirty Cards: 0.1 ms]
      [Humongous Register: 0.0 ms]
      [Humongous Reclaim: 0.0 ms]
      [Free CSet: 0.6 ms]
   [Eden: 2444.0M(2444.0M)->0.0B(2446.0M) Survivors: 12288.0K->10240.0K Heap: 2477.1M(4096.0M)->31924.9K(4096.0M)]
 [Times: user=0.00 sys=0.00, real=0.00 secs] 
2024-10-12T19:02:47.291+0300: 617.586: Total time for which application threads were stopped: 0.0035702 seconds, Stopping threads took: 0.0001679 seconds
2024-10-12T19:02:48.077+0300: 618.367: Application time: 0.7814045 seconds
2024-10-12T19:02:48.077+0300: 618.368: [GC pause (G1 Evacuation Pause) (young), 0.0034124 secs]
   [Parallel Time: 1.8 ms, GC Workers: 6]
      [GC Worker Start (ms): Min: 618367.9, Avg: 618368.0, Max: 618368.0, Diff: 0.1]
      [Ext Root Scanning (ms): Min: 0.3, Avg: 0.3, Max: 0.4, Diff: 0.1, Sum: 2.0]
      [Update RS (ms): Min: 0.1, Avg: 0.1, Max: 0.1, Diff: 0.1, Sum: 0.6]
         [Processed Buffers: Min: 1, Avg: 2.2, Max: 4, Diff: 3, Sum: 13]
      [Scan RS (ms): Min: 0.2, Avg: 0.2, Max: 0.2, Diff: 0.0, Sum: 1.1]
      [Code Root Scanning (ms): Min: 0.0, Avg: 0.0, Max: 0.0, Diff: 0.0, Sum: 0.0]
      [Object Copy (ms): Min: 0.9, Avg: 0.9, Max: 1.0, Diff: 0.1, Sum: 5.4]
      [Termination (ms): Min: 0.0, Avg: 0.1, Max: 0.1, Diff: 0.1, Sum: 0.4]
         [Termination Attempts: Min: 1, Avg: 2.0, Max: 4, Diff: 3, Sum: 12]
      [GC Worker Other (ms): Min: 0.0, Avg: 0.1, Max: 0.1, Diff: 0.1, Sum: 0.5]
      [GC Worker Total (ms): Min: 1.6, Avg: 1.7, Max: 1.8, Diff: 0.2, Sum: 10.0]
      [GC Worker End (ms): Min: 618369.6, Avg: 618369.6, Max: 618369.7, Diff: 0.1]
   [Code Root Fixup: 0.0 ms]
   [Code Root Purge: 0.0 ms]
   [Clear CT: 0.5 ms]
   [Other: 1.1 ms]
      [Choose CSet: 0.0 ms]
      [Ref Proc: 0.1 ms]
      [Ref Enq: 0.0 ms]
      [Redirty Cards: 0.1 ms]
      [Humongous Register: 0.0 ms]
      [Humongous Reclaim: 0.0 ms]
      [Free CSet: 0.7 ms]
   [Eden: 2446.0M(2446.0M)->0.0B(2446.0M) Survivors: 10240.0K->10240.0K Heap: 2477.2M(4096.0M)->31953.4K(4096.0M)]
 [Times: user=0.00 sys=0.00, real=0.00 secs] 
2024-10-12T19:02:48.077+0300: 618.371: Total time for which application threads were stopped: 0.0039589 seconds, Stopping threads took: 0.0002812 seconds
2024-10-12T19:02:48.862+0300: 619.144: Application time: 0.7725717 seconds
2024-10-12T19:02:48.862+0300: 619.144: [GC pause (G1 Evacuation Pause) (young), 0.0036024 secs]
   [Parallel Time: 2.1 ms, GC Workers: 6]
      [GC Worker Start (ms): Min: 619144.3, Avg: 619144.3, Max: 619144.4, Diff: 0.1]
      [Ext Root Scanning (ms): Min: 0.3, Avg: 0.3, Max: 0.3, Diff: 0.1, Sum: 1.9]
      [Update RS (ms): Min: 0.1, Avg: 0.1, Max: 0.1, Diff: 0.0, Sum: 0.6]
         [Processed Buffers: Min: 1, Avg: 2.2, Max: 3, Diff: 2, Sum: 13]
      [Scan RS (ms): Min: 0.1, Avg: 0.2, Max: 0.2, Diff: 0.1, Sum: 1.0]
      [Code Root Scanning (ms): Min: 0.0, Avg: 0.0, Max: 0.0, Diff: 0.0, Sum: 0.0]
      [Object Copy (ms): Min: 1.2, Avg: 1.3, Max: 1.3, Diff: 0.1, Sum: 7.5]
      [Termination (ms): Min: 0.0, Avg: 0.0, Max: 0.0, Diff: 0.0, Sum: 0.0]
         [Termination Attempts: Min: 1, Avg: 1.0, Max: 1, Diff: 0, Sum: 6]
      [GC Worker Other (ms): Min: 0.0, Avg: 0.1, Max: 0.1, Diff: 0.1, Sum: 0.5]
      [GC Worker Total (ms): Min: 1.9, Avg: 1.9, Max: 2.0, Diff: 0.1, Sum: 11.6]
      [GC Worker End (ms): Min: 619146.2, Avg: 619146.3, Max: 619146.3, Diff: 0.1]
   [Code Root Fixup: 0.0 ms]
   [Code Root Purge: 0.0 ms]
   [Clear CT: 0.5 ms]
   [Other: 1.1 ms]
      [Choose CSet: 0.0 ms]
      [Ref Proc: 0.1 ms]
      [Ref Enq: 0.0 ms]
      [Redirty Cards: 0.1 ms]
      [Humongous Register: 0.0 ms]
      [Humongous Reclaim: 0.0 ms]
      [Free CSet: 0.7 ms]
   [Eden: 2446.0M(2446.0M)->0.0B(2444.0M) Survivors: 10240.0K->12288.0K Heap: 2477.2M(4096.0M)->35048.3K(4096.0M)]
 [Times: user=0.00 sys=0.00, real=0.00 secs] 
2024-10-12T19:02:48.862+0300: 619.148: Total time for which application threads were stopped: 0.0040801 seconds, Stopping threads took: 0.0001713 seconds
2024-10-12T19:02:49.632+0300: 619.926: Application time: 0.7777054 seconds
2024-10-12T19:02:49.632+0300: 619.926: [GC pause (G1 Evacuation Pause) (young), 0.0036944 secs]
   [Parallel Time: 2.2 ms, GC Workers: 6]
      [GC Worker Start (ms): Min: 619926.1, Avg: 619926.1, Max: 619926.1, Diff: 0.1]
      [Ext Root Scanning (ms): Min: 0.3, Avg: 0.3, Max: 0.4, Diff: 0.1, Sum: 2.0]
      [Update RS (ms): Min: 0.1, Avg: 0.1, Max: 0.1, Diff: 0.0, Sum: 0.6]
         [Processed Buffers: Min: 1, Avg: 2.2, Max: 3, Diff: 2, Sum: 13]
      [Scan RS (ms): Min: 0.2, Avg: 0.2, Max: 0.4, Diff: 0.2, Sum: 1.4]
      [Code Root Scanning (ms): Min: 0.0, Avg: 0.0, Max: 0.0, Diff: 0.0, Sum: 0.0]
      [Object Copy (ms): Min: 1.2, Avg: 1.3, Max: 1.4, Diff: 0.2, Sum: 8.0]
      [Termination (ms): Min: 0.0, Avg: 0.0, Max: 0.0, Diff: 0.0, Sum: 0.0]
         [Termination Attempts: Min: 1, Avg: 1.0, Max: 1, Diff: 0, Sum: 6]
      [GC Worker Other (ms): Min: 0.0, Avg: 0.1, Max: 0.1, Diff: 0.1, Sum: 0.6]
      [GC Worker Total (ms): Min: 2.0, Avg: 2.1, Max: 2.2, Diff: 0.1, Sum: 12.7]
      [GC Worker End (ms): Min: 619928.1, Avg: 619928.2, Max: 619928.2, Diff: 0.1]
   [Code Root Fixup: 0.0 ms]
   [Code Root Purge: 0.0 ms]
   [Clear CT: 0.5 ms]
   [Other: 1.0 ms]
      [Choose CSet: 0.0 ms]
      [Ref Proc: 0.1 ms]
      [Ref Enq: 0.0 ms]
      [Redirty Cards: 0.1 ms]
      [Humongous Register: 0.0 ms]
      [Humongous Reclaim: 0.0 ms]
      [Free CSet: 0.6 ms]
   [Eden: 2444.0M(2444.0M)->0.0B(2444.0M) Survivors: 12288.0K->12288.0K Heap: 2478.2M(4096.0M)->34085.7K(4096.0M)]
 [Times: user=0.02 sys=0.00, real=0.02 secs] 
2024-10-12T19:02:49.648+0300: 619.930: Total time for which application threads were stopped: 0.0040510 seconds, Stopping threads took: 0.0001414 seconds
2024-10-12T19:02:50.433+0300: 620.715: Application time: 0.7853558 seconds
2024-10-12T19:02:50.433+0300: 620.715: [GC pause (G1 Evacuation Pause) (young), 0.0038631 secs]
   [Parallel Time: 2.3 ms, GC Workers: 6]
      [GC Worker Start (ms): Min: 620715.5, Avg: 620715.6, Max: 620716.0, Diff: 0.4]
      [Ext Root Scanning (ms): Min: 0.0, Avg: 0.3, Max: 0.4, Diff: 0.4, Sum: 1.8]
      [Update RS (ms): Min: 0.0, Avg: 0.1, Max: 0.1, Diff: 0.1, Sum: 0.6]
         [Processed Buffers: Min: 0, Avg: 2.2, Max: 3, Diff: 3, Sum: 13]
      [Scan RS (ms): Min: 0.0, Avg: 0.2, Max: 0.2, Diff: 0.2, Sum: 1.0]
      [Code Root Scanning (ms): Min: 0.0, Avg: 0.0, Max: 0.0, Diff: 0.0, Sum: 0.0]
      [Object Copy (ms): Min: 1.4, Avg: 1.5, Max: 1.7, Diff: 0.3, Sum: 8.9]
      [Termination (ms): Min: 0.0, Avg: 0.0, Max: 0.0, Diff: 0.0, Sum: 0.0]
         [Termination Attempts: Min: 1, Avg: 1.0, Max: 1, Diff: 0, Sum: 6]
      [GC Worker Other (ms): Min: 0.0, Avg: 0.1, Max: 0.1, Diff: 0.1, Sum: 0.5]
      [GC Worker Total (ms): Min: 1.8, Avg: 2.1, Max: 2.3, Diff: 0.4, Sum: 12.9]
      [GC Worker End (ms): Min: 620717.7, Avg: 620717.8, Max: 620717.8, Diff: 0.1]
   [Code Root Fixup: 0.0 ms]
   [Code Root Purge: 0.0 ms]
   [Clear CT: 0.5 ms]
   [Other: 1.0 ms]
      [Choose CSet: 0.0 ms]
      [Ref Proc: 0.1 ms]
      [Ref Enq: 0.0 ms]
      [Redirty Cards: 0.1 ms]
      [Humongous Register: 0.0 ms]
      [Humongous Reclaim: 0.0 ms]
      [Free CSet: 0.6 ms]
   [Eden: 2444.0M(2444.0M)->0.0B(2446.0M) Survivors: 12288.0K->10240.0K Heap: 2477.3M(4096.0M)->33064.2K(4096.0M)]
 [Times: user=0.00 sys=0.00, real=0.00 secs] 
2024-10-12T19:02:50.433+0300: 620.720: Total time for which application threads were stopped: 0.0043603 seconds, Stopping threads took: 0.0001916 seconds
2024-10-12T19:02:51.218+0300: 621.501: Application time: 0.7813946 seconds
2024-10-12T19:02:51.218+0300: 621.501: [GC pause (G1 Evacuation Pause) (young), 0.0033304 secs]
   [Parallel Time: 1.6 ms, GC Workers: 6]
      [GC Worker Start (ms): Min: 621501.3, Avg: 621501.3, Max: 621501.4, Diff: 0.0]
      [Ext Root Scanning (ms): Min: 0.3, Avg: 0.3, Max: 0.3, Diff: 0.1, Sum: 1.9]
      [Update RS (ms): Min: 0.1, Avg: 0.1, Max: 0.1, Diff: 0.0, Sum: 0.6]
         [Processed Buffers: Min: 1, Avg: 2.2, Max: 4, Diff: 3, Sum: 13]
      [Scan RS (ms): Min: 0.2, Avg: 0.2, Max: 0.2, Diff: 0.0, Sum: 1.1]
      [Code Root Scanning (ms): Min: 0.0, Avg: 0.0, Max: 0.0, Diff: 0.0, Sum: 0.0]
      [Object Copy (ms): Min: 0.7, Avg: 0.7, Max: 0.8, Diff: 0.0, Sum: 4.5]
      [Termination (ms): Min: 0.0, Avg: 0.0, Max: 0.0, Diff: 0.0, Sum: 0.0]
         [Termination Attempts: Min: 1, Avg: 1.0, Max: 1, Diff: 0, Sum: 6]
      [GC Worker Other (ms): Min: 0.0, Avg: 0.1, Max: 0.2, Diff: 0.1, Sum: 0.7]
      [GC Worker Total (ms): Min: 1.4, Avg: 1.5, Max: 1.5, Diff: 0.1, Sum: 8.8]
      [GC Worker End (ms): Min: 621502.7, Avg: 621502.8, Max: 621502.9, Diff: 0.1]
   [Code Root Fixup: 0.0 ms]
   [Code Root Purge: 0.0 ms]
   [Clear CT: 0.5 ms]
   [Other: 1.2 ms]
      [Choose CSet: 0.0 ms]
      [Ref Proc: 0.2 ms]
      [Ref Enq: 0.0 ms]
      [Redirty Cards: 0.1 ms]
      [Humongous Register: 0.1 ms]
      [Humongous Reclaim: 0.0 ms]
      [Free CSet: 0.7 ms]
   [Eden: 2446.0M(2446.0M)->0.0B(2448.0M) Survivors: 10240.0K->8192.0K Heap: 2478.3M(4096.0M)->29994.7K(4096.0M)]
 [Times: user=0.00 sys=0.00, real=0.00 secs] 
2024-10-12T19:02:51.218+0300: 621.505: Total time for which application threads were stopped: 0.0037279 seconds, Stopping threads took: 0.0001289 seconds
2024-10-12T19:02:52.003+0300: 622.287: Application time: 0.7821702 seconds
2024-10-12T19:02:52.003+0300: 622.287: [GC pause (G1 Evacuation Pause) (young), 0.0034414 secs]
   [Parallel Time: 1.7 ms, GC Workers: 6]
      [GC Worker Start (ms): Min: 622287.2, Avg: 622287.3, Max: 622287.3, Diff: 0.1]
      [Ext Root Scanning (ms): Min: 0.3, Avg: 0.4, Max: 0.4, Diff: 0.1, Sum: 2.1]
      [Update RS (ms): Min: 0.1, Avg: 0.1, Max: 0.1, Diff: 0.1, Sum: 0.6]
         [Processed Buffers: Min: 1, Avg: 2.2, Max: 3, Diff: 2, Sum: 13]
      [Scan RS (ms): Min: 0.1, Avg: 0.2, Max: 0.2, Diff: 0.0, Sum: 1.0]
      [Code Root Scanning (ms): Min: 0.0, Avg: 0.0, Max: 0.0, Diff: 0.0, Sum: 0.0]
      [Object Copy (ms): Min: 0.8, Avg: 0.8, Max: 0.8, Diff: 0.0, Sum: 4.7]
      [Termination (ms): Min: 0.0, Avg: 0.0, Max: 0.0, Diff: 0.0, Sum: 0.0]
         [Termination Attempts: Min: 1, Avg: 1.0, Max: 1, Diff: 0, Sum: 6]
      [GC Worker Other (ms): Min: 0.0, Avg: 0.1, Max: 0.2, Diff: 0.1, Sum: 0.8]
      [GC Worker Total (ms): Min: 1.5, Avg: 1.5, Max: 1.6, Diff: 0.1, Sum: 9.2]
      [GC Worker End (ms): Min: 622288.7, Avg: 622288.8, Max: 622288.9, Diff: 0.2]
   [Code Root Fixup: 0.0 ms]
   [Code Root Purge: 0.0 ms]
   [Clear CT: 0.6 ms]
   [Other: 1.2 ms]
      [Choose CSet: 0.0 ms]
      [Ref Proc: 0.2 ms]
      [Ref Enq: 0.0 ms]
      [Redirty Cards: 0.1 ms]
      [Humongous Register: 0.1 ms]
      [Humongous Reclaim: 0.0 ms]
      [Free CSet: 0.7 ms]
   [Eden: 2448.0M(2448.0M)->0.0B(2448.0M) Survivors: 8192.0K->8192.0K Heap: 2477.3M(4096.0M)->29997.2K(4096.0M)]
 [Times: user=0.02 sys=0.00, real=0.00 secs] 
2024-10-12T19:02:52.003+0300: 622.291: Total time for which application threads were stopped: 0.0038632 seconds, Stopping threads took: 0.0001602 seconds
2024-10-12T19:02:52.788+0300: 623.070: Application time: 0.7789035 seconds
2024-10-12T19:02:52.788+0300: 623.070: [GC pause (G1 Evacuation Pause) (young), 0.0030862 secs]
   [Parallel Time: 1.6 ms, GC Workers: 6]
      [GC Worker Start (ms): Min: 623069.9, Avg: 623069.9, Max: 623070.0, Diff: 0.1]
      [Ext Root Scanning (ms): Min: 0.3, Avg: 0.3, Max: 0.4, Diff: 0.1, Sum: 2.0]
      [Update RS (ms): Min: 0.1, Avg: 0.1, Max: 0.1, Diff: 0.1, Sum: 0.6]
         [Processed Buffers: Min: 1, Avg: 2.2, Max: 3, Diff: 2, Sum: 13]
      [Scan RS (ms): Min: 0.2, Avg: 0.2, Max: 0.2, Diff: 0.0, Sum: 1.0]
      [Code Root Scanning (ms): Min: 0.0, Avg: 0.0, Max: 0.0, Diff: 0.0, Sum: 0.0]
      [Object Copy (ms): Min: 0.8, Avg: 0.8, Max: 0.9, Diff: 0.1, Sum: 5.0]
      [Termination (ms): Min: 0.0, Avg: 0.0, Max: 0.0, Diff: 0.0, Sum: 0.0]
         [Termination Attempts: Min: 1, Avg: 1.3, Max: 3, Diff: 2, Sum: 8]
      [GC Worker Other (ms): Min: 0.0, Avg: 0.1, Max: 0.1, Diff: 0.1, Sum: 0.5]
      [GC Worker Total (ms): Min: 1.5, Avg: 1.5, Max: 1.6, Diff: 0.1, Sum: 9.1]
      [GC Worker End (ms): Min: 623071.4, Avg: 623071.4, Max: 623071.5, Diff: 0.1]
   [Code Root Fixup: 0.0 ms]
   [Code Root Purge: 0.0 ms]
   [Clear CT: 0.5 ms]
   [Other: 0.9 ms]
      [Choose CSet: 0.0 ms]
      [Ref Proc: 0.1 ms]
      [Ref Enq: 0.0 ms]
      [Redirty Cards: 0.1 ms]
      [Humongous Register: 0.0 ms]
      [Humongous Reclaim: 0.0 ms]
      [Free CSet: 0.6 ms]
   [Eden: 2448.0M(2448.0M)->0.0B(2446.0M) Survivors: 8192.0K->10240.0K Heap: 2477.3M(4096.0M)->32002.6K(4096.0M)]
 [Times: user=0.00 sys=0.00, real=0.00 secs] 
2024-10-12T19:02:52.788+0300: 623.073: Total time for which application threads were stopped: 0.0035170 seconds, Stopping threads took: 0.0001261 seconds
2024-10-12T19:02:53.573+0300: 623.852: Application time: 0.7789713 seconds
2024-10-12T19:02:53.573+0300: 623.852: [GC pause (G1 Evacuation Pause) (young), 0.0035859 secs]
   [Parallel Time: 2.0 ms, GC Workers: 6]
      [GC Worker Start (ms): Min: 623852.4, Avg: 623852.4, Max: 623852.5, Diff: 0.0]
      [Ext Root Scanning (ms): Min: 0.3, Avg: 0.3, Max: 0.4, Diff: 0.0, Sum: 1.9]
      [Update RS (ms): Min: 0.1, Avg: 0.1, Max: 0.1, Diff: 0.0, Sum: 0.6]
         [Processed Buffers: Min: 1, Avg: 2.2, Max: 4, Diff: 3, Sum: 13]
      [Scan RS (ms): Min: 0.2, Avg: 0.2, Max: 0.2, Diff: 0.0, Sum: 1.0]
      [Code Root Scanning (ms): Min: 0.0, Avg: 0.0, Max: 0.0, Diff: 0.0, Sum: 0.0]
      [Object Copy (ms): Min: 1.2, Avg: 1.2, Max: 1.3, Diff: 0.0, Sum: 7.4]
      [Termination (ms): Min: 0.0, Avg: 0.0, Max: 0.0, Diff: 0.0, Sum: 0.0]
         [Termination Attempts: Min: 1, Avg: 1.0, Max: 1, Diff: 0, Sum: 6]
      [GC Worker Other (ms): Min: 0.0, Avg: 0.1, Max: 0.1, Diff: 0.1, Sum: 0.5]
      [GC Worker Total (ms): Min: 1.9, Avg: 1.9, Max: 2.0, Diff: 0.1, Sum: 11.5]
      [GC Worker End (ms): Min: 623854.3, Avg: 623854.4, Max: 623854.4, Diff: 0.1]
   [Code Root Fixup: 0.0 ms]
   [Code Root Purge: 0.0 ms]
   [Clear CT: 0.5 ms]
   [Other: 1.0 ms]
      [Choose CSet: 0.0 ms]
      [Ref Proc: 0.1 ms]
      [Ref Enq: 0.0 ms]
      [Redirty Cards: 0.1 ms]
      [Humongous Register: 0.0 ms]
      [Humongous Reclaim: 0.0 ms]
      [Free CSet: 0.7 ms]
   [Eden: 2446.0M(2446.0M)->0.0B(2444.0M) Survivors: 10240.0K->12288.0K Heap: 2477.3M(4096.0M)->35061.3K(4096.0M)]
 [Times: user=0.00 sys=0.00, real=0.00 secs] 
2024-10-12T19:02:53.573+0300: 623.856: Total time for which application threads were stopped: 0.0039537 seconds, Stopping threads took: 0.0001458 seconds
2024-10-12T19:02:54.343+0300: 624.634: Application time: 0.7783771 seconds
2024-10-12T19:02:54.343+0300: 624.635: [GC pause (G1 Evacuation Pause) (young), 0.0035092 secs]
   [Parallel Time: 1.7 ms, GC Workers: 6]
      [GC Worker Start (ms): Min: 624634.9, Avg: 624634.9, Max: 624634.9, Diff: 0.1]
      [Ext Root Scanning (ms): Min: 0.3, Avg: 0.3, Max: 0.4, Diff: 0.1, Sum: 2.0]
      [Update RS (ms): Min: 0.0, Avg: 0.1, Max: 0.1, Diff: 0.1, Sum: 0.6]
         [Processed Buffers: Min: 0, Avg: 2.2, Max: 3, Diff: 3, Sum: 13]
      [Scan RS (ms): Min: 0.1, Avg: 0.2, Max: 0.2, Diff: 0.1, Sum: 1.0]
      [Code Root Scanning (ms): Min: 0.0, Avg: 0.0, Max: 0.0, Diff: 0.0, Sum: 0.0]
      [Object Copy (ms): Min: 0.7, Avg: 0.8, Max: 0.9, Diff: 0.2, Sum: 4.6]
      [Termination (ms): Min: 0.0, Avg: 0.0, Max: 0.0, Diff: 0.0, Sum: 0.0]
         [Termination Attempts: Min: 1, Avg: 1.0, Max: 1, Diff: 0, Sum: 6]
      [GC Worker Other (ms): Min: 0.0, Avg: 0.1, Max: 0.2, Diff: 0.1, Sum: 0.5]
      [GC Worker Total (ms): Min: 1.4, Avg: 1.5, Max: 1.5, Diff: 0.2, Sum: 8.7]
      [GC Worker End (ms): Min: 624636.3, Avg: 624636.3, Max: 624636.4, Diff: 0.1]
   [Code Root Fixup: 0.0 ms]
   [Code Root Purge: 0.0 ms]
   [Clear CT: 0.6 ms]
   [Other: 1.3 ms]
      [Choose CSet: 0.0 ms]
      [Ref Proc: 0.1 ms]
      [Ref Enq: 0.0 ms]
      [Redirty Cards: 0.1 ms]
      [Humongous Register: 0.1 ms]
      [Humongous Reclaim: 0.0 ms]
      [Free CSet: 0.8 ms]
   [Eden: 2444.0M(2444.0M)->0.0B(2448.0M) Survivors: 12288.0K->8192.0K Heap: 2478.2M(4096.0M)->31028.7K(4096.0M)]
 [Times: user=0.00 sys=0.00, real=0.02 secs] 
2024-10-12T19:02:54.358+0300: 624.638: Total time for which application threads were stopped: 0.0040162 seconds, Stopping threads took: 0.0001682 seconds
2024-10-12T19:02:55.133+0300: 625.421: Application time: 0.7822836 seconds
2024-10-12T19:02:55.133+0300: 625.421: [GC pause (G1 Evacuation Pause) (young), 0.0034392 secs]
   [Parallel Time: 1.7 ms, GC Workers: 6]
      [GC Worker Start (ms): Min: 625421.1, Avg: 625421.1, Max: 625421.2, Diff: 0.1]
      [Ext Root Scanning (ms): Min: 0.3, Avg: 0.4, Max: 0.4, Diff: 0.1, Sum: 2.3]
      [Update RS (ms): Min: 0.1, Avg: 0.1, Max: 0.1, Diff: 0.0, Sum: 0.6]
         [Processed Buffers: Min: 1, Avg: 2.2, Max: 4, Diff: 3, Sum: 13]
      [Scan RS (ms): Min: 0.2, Avg: 0.2, Max: 0.2, Diff: 0.0, Sum: 1.1]
      [Code Root Scanning (ms): Min: 0.0, Avg: 0.0, Max: 0.0, Diff: 0.0, Sum: 0.0]
      [Object Copy (ms): Min: 0.7, Avg: 0.7, Max: 0.7, Diff: 0.0, Sum: 4.3]
      [Termination (ms): Min: 0.0, Avg: 0.0, Max: 0.0, Diff: 0.0, Sum: 0.0]
         [Termination Attempts: Min: 1, Avg: 1.0, Max: 1, Diff: 0, Sum: 6]
      [GC Worker Other (ms): Min: 0.0, Avg: 0.1, Max: 0.2, Diff: 0.1, Sum: 0.5]
      [GC Worker Total (ms): Min: 1.4, Avg: 1.5, Max: 1.5, Diff: 0.2, Sum: 8.8]
      [GC Worker End (ms): Min: 625422.5, Avg: 625422.6, Max: 625422.7, Diff: 0.1]
   [Code Root Fixup: 0.0 ms]
   [Code Root Purge: 0.0 ms]
   [Clear CT: 0.5 ms]
   [Other: 1.3 ms]
      [Choose CSet: 0.0 ms]
      [Ref Proc: 0.1 ms]
      [Ref Enq: 0.0 ms]
      [Redirty Cards: 0.1 ms]
      [Humongous Register: 0.1 ms]
      [Humongous Reclaim: 0.0 ms]
      [Free CSet: 0.8 ms]
   [Eden: 2448.0M(2448.0M)->0.0B(2448.0M) Survivors: 8192.0K->8192.0K Heap: 2478.3M(4096.0M)->29958.0K(4096.0M)]
 [Times: user=0.00 sys=0.00, real=0.01 secs] 
2024-10-12T19:02:55.145+0300: 625.425: Total time for which application threads were stopped: 0.0038367 seconds, Stopping threads took: 0.0001158 seconds
2024-10-12T19:02:55.914+0300: 626.201: Application time: 0.7761995 seconds
2024-10-12T19:02:55.914+0300: 626.201: [GC pause (G1 Evacuation Pause) (young), 0.0034602 secs]
   [Parallel Time: 1.8 ms, GC Workers: 6]
      [GC Worker Start (ms): Min: 626201.1, Avg: 626201.1, Max: 626201.2, Diff: 0.1]
      [Ext Root Scanning (ms): Min: 0.3, Avg: 0.3, Max: 0.4, Diff: 0.1, Sum: 2.0]
      [Update RS (ms): Min: 0.0, Avg: 0.1, Max: 0.2, Diff: 0.2, Sum: 0.6]
         [Processed Buffers: Min: 0, Avg: 2.2, Max: 3, Diff: 3, Sum: 13]
      [Scan RS (ms): Min: 0.0, Avg: 0.2, Max: 0.2, Diff: 0.2, Sum: 1.0]
      [Code Root Scanning (ms): Min: 0.0, Avg: 0.0, Max: 0.0, Diff: 0.0, Sum: 0.0]
      [Object Copy (ms): Min: 0.9, Avg: 0.9, Max: 1.2, Diff: 0.3, Sum: 5.6]
      [Termination (ms): Min: 0.0, Avg: 0.0, Max: 0.0, Diff: 0.0, Sum: 0.0]
         [Termination Attempts: Min: 1, Avg: 1.2, Max: 2, Diff: 1, Sum: 7]
      [GC Worker Other (ms): Min: 0.0, Avg: 0.1, Max: 0.2, Diff: 0.2, Sum: 0.8]
      [GC Worker Total (ms): Min: 1.6, Avg: 1.7, Max: 1.8, Diff: 0.2, Sum: 10.0]
      [GC Worker End (ms): Min: 626202.7, Avg: 626202.8, Max: 626202.9, Diff: 0.2]
   [Code Root Fixup: 0.0 ms]
   [Code Root Purge: 0.0 ms]
   [Clear CT: 0.5 ms]
   [Other: 1.1 ms]
      [Choose CSet: 0.0 ms]
      [Ref Proc: 0.1 ms]
      [Ref Enq: 0.0 ms]
      [Redirty Cards: 0.1 ms]
      [Humongous Register: 0.1 ms]
      [Humongous Reclaim: 0.0 ms]
      [Free CSet: 0.7 ms]
   [Eden: 2448.0M(2448.0M)->0.0B(2444.0M) Survivors: 8192.0K->12288.0K Heap: 2477.3M(4096.0M)->34014.4K(4096.0M)]
 [Times: user=0.00 sys=0.00, real=0.00 secs] 
2024-10-12T19:02:55.914+0300: 626.205: Total time for which application threads were stopped: 0.0039163 seconds, Stopping threads took: 0.0001304 seconds
2024-10-12T19:02:56.699+0300: 626.981: Application time: 0.7765369 seconds
2024-10-12T19:02:56.699+0300: 626.981: [GC pause (G1 Evacuation Pause) (young), 0.0036101 secs]
   [Parallel Time: 2.1 ms, GC Workers: 6]
      [GC Worker Start (ms): Min: 626981.6, Avg: 626981.6, Max: 626981.6, Diff: 0.0]
      [Ext Root Scanning (ms): Min: 0.3, Avg: 0.3, Max: 0.4, Diff: 0.0, Sum: 2.0]
      [Update RS (ms): Min: 0.1, Avg: 0.1, Max: 0.1, Diff: 0.0, Sum: 0.6]
         [Processed Buffers: Min: 1, Avg: 2.2, Max: 4, Diff: 3, Sum: 13]
      [Scan RS (ms): Min: 0.2, Avg: 0.2, Max: 0.2, Diff: 0.0, Sum: 1.0]
      [Code Root Scanning (ms): Min: 0.0, Avg: 0.0, Max: 0.0, Diff: 0.0, Sum: 0.0]
      [Object Copy (ms): Min: 1.3, Avg: 1.3, Max: 1.3, Diff: 0.0, Sum: 7.8]
      [Termination (ms): Min: 0.0, Avg: 0.0, Max: 0.0, Diff: 0.0, Sum: 0.0]
         [Termination Attempts: Min: 1, Avg: 1.0, Max: 1, Diff: 0, Sum: 6]
      [GC Worker Other (ms): Min: 0.0, Avg: 0.1, Max: 0.1, Diff: 0.1, Sum: 0.5]
      [GC Worker Total (ms): Min: 1.9, Avg: 2.0, Max: 2.0, Diff: 0.1, Sum: 11.9]
      [GC Worker End (ms): Min: 626983.5, Avg: 626983.6, Max: 626983.6, Diff: 0.1]
   [Code Root Fixup: 0.0 ms]
   [Code Root Purge: 0.0 ms]
   [Clear CT: 0.5 ms]
   [Other: 1.0 ms]
      [Choose CSet: 0.0 ms]
      [Ref Proc: 0.1 ms]
      [Ref Enq: 0.0 ms]
      [Redirty Cards: 0.1 ms]
      [Humongous Register: 0.0 ms]
      [Humongous Reclaim: 0.0 ms]
      [Free CSet: 0.7 ms]
   [Eden: 2444.0M(2444.0M)->0.0B(2444.0M) Survivors: 12288.0K->12288.0K Heap: 2477.2M(4096.0M)->33685.7K(4096.0M)]
 [Times: user=0.00 sys=0.00, real=0.00 secs] 
2024-10-12T19:02:56.699+0300: 626.985: Total time for which application threads were stopped: 0.0039864 seconds, Stopping threads took: 0.0001676 seconds
2024-10-12T19:02:57.485+0300: 627.766: Application time: 0.7812245 seconds
2024-10-12T19:02:57.485+0300: 627.767: [GC pause (G1 Evacuation Pause) (young), 0.0032564 secs]
   [Parallel Time: 1.6 ms, GC Workers: 6]
      [GC Worker Start (ms): Min: 627766.8, Avg: 627766.8, Max: 627766.9, Diff: 0.1]
      [Ext Root Scanning (ms): Min: 0.3, Avg: 0.3, Max: 0.4, Diff: 0.1, Sum: 2.1]
      [Update RS (ms): Min: 0.1, Avg: 0.1, Max: 0.1, Diff: 0.1, Sum: 0.6]
         [Processed Buffers: Min: 1, Avg: 2.2, Max: 3, Diff: 2, Sum: 13]
      [Scan RS (ms): Min: 0.2, Avg: 0.2, Max: 0.2, Diff: 0.1, Sum: 1.0]
      [Code Root Scanning (ms): Min: 0.0, Avg: 0.0, Max: 0.0, Diff: 0.0, Sum: 0.0]
      [Object Copy (ms): Min: 0.8, Avg: 0.8, Max: 0.8, Diff: 0.1, Sum: 4.8]
      [Termination (ms): Min: 0.0, Avg: 0.0, Max: 0.0, Diff: 0.0, Sum: 0.0]
         [Termination Attempts: Min: 1, Avg: 1.0, Max: 1, Diff: 0, Sum: 6]
      [GC Worker Other (ms): Min: 0.0, Avg: 0.1, Max: 0.1, Diff: 0.1, Sum: 0.5]
      [GC Worker Total (ms): Min: 1.4, Avg: 1.5, Max: 1.6, Diff: 0.1, Sum: 9.0]
      [GC Worker End (ms): Min: 627768.3, Avg: 627768.3, Max: 627768.3, Diff: 0.1]
   [Code Root Fixup: 0.0 ms]
   [Code Root Purge: 0.0 ms]
   [Clear CT: 0.5 ms]
   [Other: 1.1 ms]
      [Choose CSet: 0.0 ms]
      [Ref Proc: 0.1 ms]
      [Ref Enq: 0.0 ms]
      [Redirty Cards: 0.1 ms]
      [Humongous Register: 0.0 ms]
      [Humongous Reclaim: 0.0 ms]
      [Free CSet: 0.7 ms]
   [Eden: 2444.0M(2444.0M)->0.0B(2448.0M) Survivors: 12288.0K->8192.0K Heap: 2476.9M(4096.0M)->31038.7K(4096.0M)]
 [Times: user=0.00 sys=0.00, real=0.00 secs] 
2024-10-12T19:02:57.485+0300: 627.770: Total time for which application threads were stopped: 0.0036304 seconds, Stopping threads took: 0.0001333 seconds
2024-10-12T19:02:58.270+0300: 628.552: Application time: 0.7822656 seconds
2024-10-12T19:02:58.270+0300: 628.553: [GC pause (G1 Evacuation Pause) (young), 0.0036856 secs]
   [Parallel Time: 2.1 ms, GC Workers: 6]
      [GC Worker Start (ms): Min: 628552.7, Avg: 628552.7, Max: 628552.7, Diff: 0.1]
      [Ext Root Scanning (ms): Min: 0.3, Avg: 0.3, Max: 0.4, Diff: 0.1, Sum: 2.0]
      [Update RS (ms): Min: 0.1, Avg: 0.1, Max: 0.1, Diff: 0.0, Sum: 0.6]
         [Processed Buffers: Min: 1, Avg: 2.2, Max: 3, Diff: 2, Sum: 13]
      [Scan RS (ms): Min: 0.2, Avg: 0.2, Max: 0.2, Diff: 0.0, Sum: 1.1]
      [Code Root Scanning (ms): Min: 0.0, Avg: 0.0, Max: 0.0, Diff: 0.0, Sum: 0.0]
      [Object Copy (ms): Min: 1.3, Avg: 1.3, Max: 1.3, Diff: 0.0, Sum: 7.7]
      [Termination (ms): Min: 0.0, Avg: 0.0, Max: 0.0, Diff: 0.0, Sum: 0.0]
         [Termination Attempts: Min: 1, Avg: 1.0, Max: 1, Diff: 0, Sum: 6]
      [GC Worker Other (ms): Min: 0.0, Avg: 0.1, Max: 0.1, Diff: 0.1, Sum: 0.5]
      [GC Worker Total (ms): Min: 1.9, Avg: 2.0, Max: 2.0, Diff: 0.1, Sum: 12.0]
      [GC Worker End (ms): Min: 628554.7, Avg: 628554.7, Max: 628554.7, Diff: 0.1]
   [Code Root Fixup: 0.0 ms]
   [Code Root Purge: 0.0 ms]
   [Clear CT: 0.5 ms]
   [Other: 1.0 ms]
      [Choose CSet: 0.0 ms]
      [Ref Proc: 0.1 ms]
      [Ref Enq: 0.0 ms]
      [Redirty Cards: 0.1 ms]
      [Humongous Register: 0.0 ms]
      [Humongous Reclaim: 0.0 ms]
      [Free CSet: 0.7 ms]
   [Eden: 2448.0M(2448.0M)->0.0B(2444.0M) Survivors: 8192.0K->12288.0K Heap: 2478.3M(4096.0M)->34083.1K(4096.0M)]
 [Times: user=0.00 sys=0.00, real=0.00 secs] 
2024-10-12T19:02:58.270+0300: 628.556: Total time for which application threads were stopped: 0.0041495 seconds, Stopping threads took: 0.0001572 seconds
2024-10-12T19:02:59.055+0300: 629.336: Application time: 0.7794311 seconds
2024-10-12T19:02:59.055+0300: 629.336: [GC pause (G1 Evacuation Pause) (young), 0.0034511 secs]
   [Parallel Time: 1.6 ms, GC Workers: 6]
      [GC Worker Start (ms): Min: 629336.3, Avg: 629336.3, Max: 629336.3, Diff: 0.0]
      [Ext Root Scanning (ms): Min: 0.3, Avg: 0.3, Max: 0.3, Diff: 0.0, Sum: 1.9]
      [Update RS (ms): Min: 0.1, Avg: 0.1, Max: 0.1, Diff: 0.0, Sum: 0.6]
         [Processed Buffers: Min: 1, Avg: 2.2, Max: 4, Diff: 3, Sum: 13]
      [Scan RS (ms): Min: 0.2, Avg: 0.2, Max: 0.2, Diff: 0.0, Sum: 1.0]
      [Code Root Scanning (ms): Min: 0.0, Avg: 0.0, Max: 0.0, Diff: 0.0, Sum: 0.0]
      [Object Copy (ms): Min: 0.7, Avg: 0.8, Max: 0.8, Diff: 0.0, Sum: 4.6]
      [Termination (ms): Min: 0.0, Avg: 0.0, Max: 0.0, Diff: 0.0, Sum: 0.0]
         [Termination Attempts: Min: 1, Avg: 1.0, Max: 1, Diff: 0, Sum: 6]
      [GC Worker Other (ms): Min: 0.0, Avg: 0.1, Max: 0.2, Diff: 0.1, Sum: 0.7]
      [GC Worker Total (ms): Min: 1.4, Avg: 1.5, Max: 1.5, Diff: 0.1, Sum: 8.9]
      [GC Worker End (ms): Min: 629337.7, Avg: 629337.8, Max: 629337.9, Diff: 0.1]
   [Code Root Fixup: 0.0 ms]
   [Code Root Purge: 0.0 ms]
   [Clear CT: 0.5 ms]
   [Other: 1.3 ms]
      [Choose CSet: 0.0 ms]
      [Ref Proc: 0.1 ms]
      [Ref Enq: 0.0 ms]
      [Redirty Cards: 0.1 ms]
      [Humongous Register: 0.0 ms]
      [Humongous Reclaim: 0.0 ms]
      [Free CSet: 0.8 ms]
   [Eden: 2444.0M(2444.0M)->0.0B(2448.0M) Survivors: 12288.0K->8192.0K Heap: 2477.3M(4096.0M)->31043.7K(4096.0M)]
 [Times: user=0.00 sys=0.00, real=0.00 secs] 
2024-10-12T19:02:59.055+0300: 629.340: Total time for which application threads were stopped: 0.0038671 seconds, Stopping threads took: 0.0001820 seconds
2024-10-12T19:02:59.825+0300: 630.110: Application time: 0.7702019 seconds
2024-10-12T19:02:59.825+0300: 630.110: [GC pause (G1 Evacuation Pause) (young), 0.0041143 secs]
   [Parallel Time: 2.6 ms, GC Workers: 6]
      [GC Worker Start (ms): Min: 630110.3, Avg: 630110.3, Max: 630110.4, Diff: 0.1]
      [Ext Root Scanning (ms): Min: 0.3, Avg: 0.3, Max: 0.4, Diff: 0.1, Sum: 1.9]
      [Update RS (ms): Min: 0.1, Avg: 0.1, Max: 0.2, Diff: 0.1, Sum: 0.6]
         [Processed Buffers: Min: 1, Avg: 2.2, Max: 4, Diff: 3, Sum: 13]
      [Scan RS (ms): Min: 0.2, Avg: 0.2, Max: 0.2, Diff: 0.0, Sum: 1.1]
      [Code Root Scanning (ms): Min: 0.0, Avg: 0.0, Max: 0.0, Diff: 0.0, Sum: 0.0]
      [Object Copy (ms): Min: 1.7, Avg: 1.8, Max: 1.8, Diff: 0.1, Sum: 10.5]
      [Termination (ms): Min: 0.0, Avg: 0.0, Max: 0.0, Diff: 0.0, Sum: 0.0]
         [Termination Attempts: Min: 1, Avg: 1.0, Max: 1, Diff: 0, Sum: 6]
      [GC Worker Other (ms): Min: 0.0, Avg: 0.1, Max: 0.1, Diff: 0.1, Sum: 0.5]
      [GC Worker Total (ms): Min: 2.4, Avg: 2.5, Max: 2.5, Diff: 0.1, Sum: 14.7]
      [GC Worker End (ms): Min: 630112.7, Avg: 630112.8, Max: 630112.8, Diff: 0.1]
   [Code Root Fixup: 0.0 ms]
   [Code Root Purge: 0.0 ms]
   [Clear CT: 0.5 ms]
   [Other: 1.0 ms]
      [Choose CSet: 0.0 ms]
      [Ref Proc: 0.1 ms]
      [Ref Enq: 0.0 ms]
      [Redirty Cards: 0.1 ms]
      [Humongous Register: 0.0 ms]
      [Humongous Reclaim: 0.0 ms]
      [Free CSet: 0.7 ms]
   [Eden: 2448.0M(2448.0M)->0.0B(2444.0M) Survivors: 8192.0K->12288.0K Heap: 2478.3M(4096.0M)->35102.1K(4096.0M)]
 [Times: user=0.00 sys=0.00, real=0.00 secs] 
2024-10-12T19:02:59.825+0300: 630.115: Total time for which application threads were stopped: 0.0045489 seconds, Stopping threads took: 0.0001312 seconds
2024-10-12T19:03:00.611+0300: 630.903: Application time: 0.7879663 seconds
2024-10-12T19:03:00.611+0300: 630.903: [GC pause (G1 Evacuation Pause) (young), 0.0031959 secs]
   [Parallel Time: 1.6 ms, GC Workers: 6]
      [GC Worker Start (ms): Min: 630902.8, Avg: 630902.9, Max: 630902.9, Diff: 0.1]
      [Ext Root Scanning (ms): Min: 0.3, Avg: 0.3, Max: 0.3, Diff: 0.1, Sum: 1.9]
      [Update RS (ms): Min: 0.1, Avg: 0.1, Max: 0.1, Diff: 0.0, Sum: 0.7]
         [Processed Buffers: Min: 1, Avg: 2.2, Max: 4, Diff: 3, Sum: 13]
      [Scan RS (ms): Min: 0.2, Avg: 0.2, Max: 0.2, Diff: 0.0, Sum: 1.1]
      [Code Root Scanning (ms): Min: 0.0, Avg: 0.0, Max: 0.0, Diff: 0.0, Sum: 0.0]
      [Object Copy (ms): Min: 0.7, Avg: 0.8, Max: 0.8, Diff: 0.1, Sum: 4.5]
      [Termination (ms): Min: 0.0, Avg: 0.0, Max: 0.0, Diff: 0.0, Sum: 0.0]
         [Termination Attempts: Min: 1, Avg: 1.0, Max: 1, Diff: 0, Sum: 6]
      [GC Worker Other (ms): Min: 0.0, Avg: 0.1, Max: 0.1, Diff: 0.1, Sum: 0.5]
      [GC Worker Total (ms): Min: 1.4, Avg: 1.4, Max: 1.5, Diff: 0.1, Sum: 8.7]
      [GC Worker End (ms): Min: 630904.3, Avg: 630904.3, Max: 630904.3, Diff: 0.1]
   [Code Root Fixup: 0.0 ms]
   [Code Root Purge: 0.0 ms]
   [Clear CT: 0.4 ms]
   [Other: 1.2 ms]
      [Choose CSet: 0.0 ms]
      [Ref Proc: 0.1 ms]
      [Ref Enq: 0.0 ms]
      [Redirty Cards: 0.1 ms]
      [Humongous Register: 0.0 ms]
      [Humongous Reclaim: 0.0 ms]
      [Free CSet: 0.8 ms]
   [Eden: 2444.0M(2444.0M)->0.0B(2448.0M) Survivors: 12288.0K->8192.0K Heap: 2478.3M(4096.0M)->30024.7K(4096.0M)]
 [Times: user=0.00 sys=0.00, real=0.01 secs] 
2024-10-12T19:03:00.626+0300: 630.906: Total time for which application threads were stopped: 0.0035273 seconds, Stopping threads took: 0.0001389 seconds
2024-10-12T19:03:01.412+0300: 631.693: Application time: 0.7870814 seconds
2024-10-12T19:03:01.412+0300: 631.693: [GC pause (G1 Evacuation Pause) (young), 0.0033324 secs]
   [Parallel Time: 1.7 ms, GC Workers: 6]
      [GC Worker Start (ms): Min: 631693.5, Avg: 631693.5, Max: 631693.9, Diff: 0.4]
      [Ext Root Scanning (ms): Min: 0.0, Avg: 0.3, Max: 0.4, Diff: 0.4, Sum: 1.8]
      [Update RS (ms): Min: 0.1, Avg: 0.1, Max: 0.1, Diff: 0.0, Sum: 0.7]
         [Processed Buffers: Min: 1, Avg: 2.2, Max: 3, Diff: 2, Sum: 13]
      [Scan RS (ms): Min: 0.2, Avg: 0.2, Max: 0.2, Diff: 0.0, Sum: 1.1]
      [Code Root Scanning (ms): Min: 0.0, Avg: 0.0, Max: 0.0, Diff: 0.0, Sum: 0.0]
      [Object Copy (ms): Min: 0.7, Avg: 0.8, Max: 0.8, Diff: 0.1, Sum: 4.6]
      [Termination (ms): Min: 0.0, Avg: 0.0, Max: 0.0, Diff: 0.0, Sum: 0.0]
         [Termination Attempts: Min: 1, Avg: 1.0, Max: 1, Diff: 0, Sum: 6]
      [GC Worker Other (ms): Min: 0.0, Avg: 0.1, Max: 0.1, Diff: 0.1, Sum: 0.6]
      [GC Worker Total (ms): Min: 1.1, Avg: 1.5, Max: 1.6, Diff: 0.5, Sum: 8.9]
      [GC Worker End (ms): Min: 631695.0, Avg: 631695.0, Max: 631695.1, Diff: 0.1]
   [Code Root Fixup: 0.0 ms]
   [Code Root Purge: 0.0 ms]
   [Clear CT: 0.5 ms]
   [Other: 1.1 ms]
      [Choose CSet: 0.0 ms]
      [Ref Proc: 0.1 ms]
      [Ref Enq: 0.0 ms]
      [Redirty Cards: 0.1 ms]
      [Humongous Register: 0.1 ms]
      [Humongous Reclaim: 0.0 ms]
      [Free CSet: 0.7 ms]
   [Eden: 2448.0M(2448.0M)->0.0B(2448.0M) Survivors: 8192.0K->8192.0K Heap: 2477.3M(4096.0M)->30027.2K(4096.0M)]
 [Times: user=0.00 sys=0.00, real=0.00 secs] 
2024-10-12T19:03:01.412+0300: 631.697: Total time for which application threads were stopped: 0.0036966 seconds, Stopping threads took: 0.0001367 seconds
2024-10-12T19:03:02.204+0300: 632.483: Application time: 0.7865222 seconds
2024-10-12T19:03:02.204+0300: 632.484: [GC pause (G1 Evacuation Pause) (young), 0.0033362 secs]
   [Parallel Time: 1.6 ms, GC Workers: 6]
      [GC Worker Start (ms): Min: 632483.7, Avg: 632483.8, Max: 632483.8, Diff: 0.0]
      [Ext Root Scanning (ms): Min: 0.3, Avg: 0.3, Max: 0.4, Diff: 0.1, Sum: 2.0]
      [Update RS (ms): Min: 0.1, Avg: 0.1, Max: 0.1, Diff: 0.0, Sum: 0.6]
         [Processed Buffers: Min: 1, Avg: 2.2, Max: 3, Diff: 2, Sum: 13]
      [Scan RS (ms): Min: 0.1, Avg: 0.2, Max: 0.2, Diff: 0.0, Sum: 1.0]
      [Code Root Scanning (ms): Min: 0.0, Avg: 0.0, Max: 0.0, Diff: 0.0, Sum: 0.0]
      [Object Copy (ms): Min: 0.8, Avg: 0.8, Max: 0.8, Diff: 0.1, Sum: 4.7]
      [Termination (ms): Min: 0.0, Avg: 0.0, Max: 0.0, Diff: 0.0, Sum: 0.0]
         [Termination Attempts: Min: 1, Avg: 1.7, Max: 4, Diff: 3, Sum: 10]
      [GC Worker Other (ms): Min: 0.0, Avg: 0.1, Max: 0.2, Diff: 0.1, Sum: 0.6]
      [GC Worker Total (ms): Min: 1.4, Avg: 1.5, Max: 1.5, Diff: 0.1, Sum: 9.0]
      [GC Worker End (ms): Min: 632485.2, Avg: 632485.3, Max: 632485.3, Diff: 0.1]
   [Code Root Fixup: 0.0 ms]
   [Code Root Purge: 0.0 ms]
   [Clear CT: 0.6 ms]
   [Other: 1.1 ms]
      [Choose CSet: 0.0 ms]
      [Ref Proc: 0.2 ms]
      [Ref Enq: 0.0 ms]
      [Redirty Cards: 0.1 ms]
      [Humongous Register: 0.1 ms]
      [Humongous Reclaim: 0.0 ms]
      [Free CSet: 0.6 ms]
   [Eden: 2448.0M(2448.0M)->0.0B(2446.0M) Survivors: 8192.0K->10240.0K Heap: 2477.3M(4096.0M)->32014.2K(4096.0M)]
 [Times: user=0.00 sys=0.00, real=0.00 secs] 
2024-10-12T19:03:02.204+0300: 632.487: Total time for which application threads were stopped: 0.0037511 seconds, Stopping threads took: 0.0001786 seconds
2024-10-12T19:03:02.983+0300: 633.265: Application time: 0.7778103 seconds
2024-10-12T19:03:02.983+0300: 633.265: [GC pause (G1 Evacuation Pause) (young), 0.0034812 secs]
   [Parallel Time: 1.9 ms, GC Workers: 6]
      [GC Worker Start (ms): Min: 633265.3, Avg: 633265.3, Max: 633265.3, Diff: 0.0]
      [Ext Root Scanning (ms): Min: 0.3, Avg: 0.3, Max: 0.4, Diff: 0.0, Sum: 1.9]
      [Update RS (ms): Min: 0.0, Avg: 0.1, Max: 0.2, Diff: 0.2, Sum: 0.7]
         [Processed Buffers: Min: 0, Avg: 2.2, Max: 4, Diff: 4, Sum: 13]
      [Scan RS (ms): Min: 0.1, Avg: 0.2, Max: 0.2, Diff: 0.2, Sum: 1.1]
      [Code Root Scanning (ms): Min: 0.0, Avg: 0.0, Max: 0.0, Diff: 0.0, Sum: 0.0]
      [Object Copy (ms): Min: 0.9, Avg: 1.0, Max: 1.2, Diff: 0.3, Sum: 5.8]
      [Termination (ms): Min: 0.0, Avg: 0.0, Max: 0.1, Diff: 0.1, Sum: 0.2]
         [Termination Attempts: Min: 1, Avg: 1.0, Max: 1, Diff: 0, Sum: 6]
      [GC Worker Other (ms): Min: 0.0, Avg: 0.1, Max: 0.1, Diff: 0.1, Sum: 0.4]
      [GC Worker Total (ms): Min: 1.6, Avg: 1.7, Max: 1.7, Diff: 0.1, Sum: 10.1]
      [GC Worker End (ms): Min: 633266.9, Avg: 633267.0, Max: 633267.1, Diff: 0.1]
   [Code Root Fixup: 0.0 ms]
   [Code Root Purge: 0.0 ms]
   [Clear CT: 0.5 ms]
   [Other: 1.1 ms]
      [Choose CSet: 0.0 ms]
      [Ref Proc: 0.1 ms]
      [Ref Enq: 0.0 ms]
      [Redirty Cards: 0.1 ms]
      [Humongous Register: 0.1 ms]
      [Humongous Reclaim: 0.0 ms]
      [Free CSet: 0.6 ms]
   [Eden: 2446.0M(2446.0M)->0.0B(2446.0M) Survivors: 10240.0K->10240.0K Heap: 2477.3M(4096.0M)->32992.6K(4096.0M)]
 [Times: user=0.00 sys=0.00, real=0.00 secs] 
2024-10-12T19:03:02.983+0300: 633.269: Total time for which application threads were stopped: 0.0038764 seconds, Stopping threads took: 0.0001488 seconds
2024-10-12T19:03:03.752+0300: 634.041: Application time: 0.7722991 seconds
2024-10-12T19:03:03.752+0300: 634.041: [GC pause (G1 Evacuation Pause) (young), 0.0032017 secs]
   [Parallel Time: 1.6 ms, GC Workers: 6]
      [GC Worker Start (ms): Min: 634041.5, Avg: 634041.6, Max: 634041.9, Diff: 0.4]
      [Ext Root Scanning (ms): Min: 0.0, Avg: 0.3, Max: 0.4, Diff: 0.4, Sum: 1.8]
      [Update RS (ms): Min: 0.1, Avg: 0.1, Max: 0.1, Diff: 0.0, Sum: 0.6]
         [Processed Buffers: Min: 1, Avg: 2.0, Max: 3, Diff: 2, Sum: 12]
      [Scan RS (ms): Min: 0.2, Avg: 0.2, Max: 0.2, Diff: 0.0, Sum: 1.0]
      [Code Root Scanning (ms): Min: 0.0, Avg: 0.0, Max: 0.0, Diff: 0.0, Sum: 0.0]
      [Object Copy (ms): Min: 0.7, Avg: 0.7, Max: 0.8, Diff: 0.1, Sum: 4.5]
      [Termination (ms): Min: 0.0, Avg: 0.0, Max: 0.0, Diff: 0.0, Sum: 0.0]
         [Termination Attempts: Min: 1, Avg: 1.3, Max: 2, Diff: 1, Sum: 8]
      [GC Worker Other (ms): Min: 0.0, Avg: 0.1, Max: 0.1, Diff: 0.1, Sum: 0.5]
      [GC Worker Total (ms): Min: 1.1, Avg: 1.4, Max: 1.5, Diff: 0.4, Sum: 8.5]
      [GC Worker End (ms): Min: 634042.9, Avg: 634043.0, Max: 634043.0, Diff: 0.1]
   [Code Root Fixup: 0.0 ms]
   [Code Root Purge: 0.0 ms]
   [Clear CT: 0.5 ms]
   [Other: 1.1 ms]
      [Choose CSet: 0.0 ms]
      [Ref Proc: 0.1 ms]
      [Ref Enq: 0.0 ms]
      [Redirty Cards: 0.1 ms]
      [Humongous Register: 0.0 ms]
      [Humongous Reclaim: 0.0 ms]
      [Free CSet: 0.7 ms]
   [Eden: 2446.0M(2446.0M)->0.0B(2448.0M) Survivors: 10240.0K->8192.0K Heap: 2478.2M(4096.0M)->30781.3K(4096.0M)]
 [Times: user=0.00 sys=0.00, real=0.00 secs] 
2024-10-12T19:03:03.752+0300: 634.045: Total time for which application threads were stopped: 0.0036269 seconds, Stopping threads took: 0.0001775 seconds
2024-10-12T19:03:04.537+0300: 634.829: Application time: 0.7846122 seconds
2024-10-12T19:03:04.537+0300: 634.830: [GC pause (G1 Evacuation Pause) (young), 0.0031518 secs]
   [Parallel Time: 1.5 ms, GC Workers: 6]
      [GC Worker Start (ms): Min: 634829.7, Avg: 634829.7, Max: 634829.7, Diff: 0.1]
      [Ext Root Scanning (ms): Min: 0.3, Avg: 0.3, Max: 0.4, Diff: 0.1, Sum: 2.0]
      [Update RS (ms): Min: 0.1, Avg: 0.1, Max: 0.1, Diff: 0.0, Sum: 0.6]
         [Processed Buffers: Min: 1, Avg: 2.2, Max: 3, Diff: 2, Sum: 13]
      [Scan RS (ms): Min: 0.1, Avg: 0.2, Max: 0.2, Diff: 0.0, Sum: 1.0]
      [Code Root Scanning (ms): Min: 0.0, Avg: 0.0, Max: 0.0, Diff: 0.0, Sum: 0.0]
      [Object Copy (ms): Min: 0.7, Avg: 0.7, Max: 0.8, Diff: 0.0, Sum: 4.4]
      [Termination (ms): Min: 0.0, Avg: 0.0, Max: 0.0, Diff: 0.0, Sum: 0.0]
         [Termination Attempts: Min: 1, Avg: 1.0, Max: 1, Diff: 0, Sum: 6]
      [GC Worker Other (ms): Min: 0.0, Avg: 0.1, Max: 0.1, Diff: 0.1, Sum: 0.5]
      [GC Worker Total (ms): Min: 1.4, Avg: 1.4, Max: 1.5, Diff: 0.1, Sum: 8.6]
      [GC Worker End (ms): Min: 634831.1, Avg: 634831.2, Max: 634831.2, Diff: 0.1]
   [Code Root Fixup: 0.0 ms]
   [Code Root Purge: 0.0 ms]
   [Clear CT: 0.5 ms]
   [Other: 1.1 ms]
      [Choose CSet: 0.0 ms]
      [Ref Proc: 0.1 ms]
      [Ref Enq: 0.0 ms]
      [Redirty Cards: 0.1 ms]
      [Humongous Register: 0.0 ms]
      [Humongous Reclaim: 0.0 ms]
      [Free CSet: 0.7 ms]
   [Eden: 2448.0M(2448.0M)->0.0B(2444.0M) Survivors: 8192.0K->12288.0K Heap: 2478.1M(4096.0M)->33952.0K(4096.0M)]
 [Times: user=0.01 sys=0.00, real=0.02 secs] 
2024-10-12T19:03:04.553+0300: 634.833: Total time for which application threads were stopped: 0.0035251 seconds, Stopping threads took: 0.0001643 seconds
2024-10-12T19:03:05.323+0300: 635.617: Application time: 0.7837779 seconds
2024-10-12T19:03:05.323+0300: 635.617: [GC pause (G1 Evacuation Pause) (young), 0.0032764 secs]
   [Parallel Time: 1.7 ms, GC Workers: 6]
      [GC Worker Start (ms): Min: 635617.0, Avg: 635617.1, Max: 635617.4, Diff: 0.4]
      [Ext Root Scanning (ms): Min: 0.0, Avg: 0.3, Max: 0.4, Diff: 0.4, Sum: 1.9]
      [Update RS (ms): Min: 0.1, Avg: 0.1, Max: 0.1, Diff: 0.0, Sum: 0.6]
         [Processed Buffers: Min: 1, Avg: 2.2, Max: 3, Diff: 2, Sum: 13]
      [Scan RS (ms): Min: 0.2, Avg: 0.2, Max: 0.2, Diff: 0.0, Sum: 1.1]
      [Code Root Scanning (ms): Min: 0.0, Avg: 0.0, Max: 0.0, Diff: 0.0, Sum: 0.0]
      [Object Copy (ms): Min: 0.8, Avg: 0.9, Max: 0.9, Diff: 0.0, Sum: 5.2]
      [Termination (ms): Min: 0.0, Avg: 0.0, Max: 0.0, Diff: 0.0, Sum: 0.0]
         [Termination Attempts: Min: 1, Avg: 2.2, Max: 4, Diff: 3, Sum: 13]
      [GC Worker Other (ms): Min: 0.0, Avg: 0.1, Max: 0.1, Diff: 0.1, Sum: 0.5]
      [GC Worker Total (ms): Min: 1.2, Avg: 1.5, Max: 1.7, Diff: 0.4, Sum: 9.3]
      [GC Worker End (ms): Min: 635618.6, Avg: 635618.7, Max: 635618.7, Diff: 0.1]
   [Code Root Fixup: 0.0 ms]
   [Code Root Purge: 0.0 ms]
   [Clear CT: 0.5 ms]
   [Other: 1.0 ms]
      [Choose CSet: 0.0 ms]
      [Ref Proc: 0.1 ms]
      [Ref Enq: 0.0 ms]
      [Redirty Cards: 0.1 ms]
      [Humongous Register: 0.0 ms]
      [Humongous Reclaim: 0.0 ms]
      [Free CSet: 0.6 ms]
   [Eden: 2444.0M(2444.0M)->0.0B(2446.0M) Survivors: 12288.0K->10240.0K Heap: 2477.2M(4096.0M)->31621.3K(4096.0M)]
 [Times: user=0.01 sys=0.00, real=0.02 secs] 
2024-10-12T19:03:05.339+0300: 635.620: Total time for which application threads were stopped: 0.0036954 seconds, Stopping threads took: 0.0001881 seconds
2024-10-12T19:03:06.113+0300: 636.397: Application time: 0.7766651 seconds
2024-10-12T19:03:06.113+0300: 636.397: [GC pause (G1 Evacuation Pause) (young), 0.0032992 secs]
   [Parallel Time: 1.6 ms, GC Workers: 6]
      [GC Worker Start (ms): Min: 636397.4, Avg: 636397.4, Max: 636397.6, Diff: 0.2]
      [Ext Root Scanning (ms): Min: 0.2, Avg: 0.3, Max: 0.3, Diff: 0.2, Sum: 1.8]
      [Update RS (ms): Min: 0.1, Avg: 0.1, Max: 0.1, Diff: 0.1, Sum: 0.6]
         [Processed Buffers: Min: 1, Avg: 2.2, Max: 3, Diff: 2, Sum: 13]
      [Scan RS (ms): Min: 0.2, Avg: 0.2, Max: 0.2, Diff: 0.0, Sum: 1.1]
      [Code Root Scanning (ms): Min: 0.0, Avg: 0.0, Max: 0.0, Diff: 0.0, Sum: 0.0]
      [Object Copy (ms): Min: 0.7, Avg: 0.7, Max: 0.8, Diff: 0.1, Sum: 4.5]
      [Termination (ms): Min: 0.0, Avg: 0.0, Max: 0.0, Diff: 0.0, Sum: 0.0]
         [Termination Attempts: Min: 1, Avg: 1.0, Max: 1, Diff: 0, Sum: 6]
      [GC Worker Other (ms): Min: 0.0, Avg: 0.1, Max: 0.2, Diff: 0.2, Sum: 0.7]
      [GC Worker Total (ms): Min: 1.4, Avg: 1.5, Max: 1.6, Diff: 0.2, Sum: 8.8]
      [GC Worker End (ms): Min: 636398.8, Avg: 636398.9, Max: 636399.0, Diff: 0.2]
   [Code Root Fixup: 0.0 ms]
   [Code Root Purge: 0.0 ms]
   [Clear CT: 0.5 ms]
   [Other: 1.2 ms]
      [Choose CSet: 0.0 ms]
      [Ref Proc: 0.2 ms]
      [Ref Enq: 0.0 ms]
      [Redirty Cards: 0.1 ms]
      [Humongous Register: 0.0 ms]
      [Humongous Reclaim: 0.0 ms]
      [Free CSet: 0.6 ms]
   [Eden: 2446.0M(2446.0M)->0.0B(2446.0M) Survivors: 10240.0K->10240.0K Heap: 2476.9M(4096.0M)->32764.1K(4096.0M)]
 [Times: user=0.00 sys=0.00, real=0.00 secs] 
2024-10-12T19:03:06.113+0300: 636.401: Total time for which application threads were stopped: 0.0036976 seconds, Stopping threads took: 0.0001741 seconds
2024-10-12T19:03:06.893+0300: 637.176: Application time: 0.7751870 seconds
2024-10-12T19:03:06.893+0300: 637.176: [GC pause (G1 Evacuation Pause) (young), 0.0033763 secs]
   [Parallel Time: 1.7 ms, GC Workers: 6]
      [GC Worker Start (ms): Min: 637176.3, Avg: 637176.3, Max: 637176.4, Diff: 0.1]
      [Ext Root Scanning (ms): Min: 0.3, Avg: 0.3, Max: 0.4, Diff: 0.1, Sum: 1.9]
      [Update RS (ms): Min: 0.1, Avg: 0.1, Max: 0.2, Diff: 0.1, Sum: 0.6]
         [Processed Buffers: Min: 1, Avg: 2.2, Max: 3, Diff: 2, Sum: 13]
      [Scan RS (ms): Min: 0.1, Avg: 0.2, Max: 0.2, Diff: 0.0, Sum: 1.0]
      [Code Root Scanning (ms): Min: 0.0, Avg: 0.0, Max: 0.0, Diff: 0.0, Sum: 0.0]
      [Object Copy (ms): Min: 0.7, Avg: 0.8, Max: 0.8, Diff: 0.1, Sum: 4.7]
      [Termination (ms): Min: 0.0, Avg: 0.0, Max: 0.0, Diff: 0.0, Sum: 0.0]
         [Termination Attempts: Min: 1, Avg: 1.3, Max: 2, Diff: 1, Sum: 8]
      [GC Worker Other (ms): Min: 0.0, Avg: 0.1, Max: 0.2, Diff: 0.1, Sum: 0.6]
      [GC Worker Total (ms): Min: 1.4, Avg: 1.5, Max: 1.5, Diff: 0.2, Sum: 8.8]
      [GC Worker End (ms): Min: 637177.7, Avg: 637177.8, Max: 637177.9, Diff: 0.1]
   [Code Root Fixup: 0.0 ms]
   [Code Root Purge: 0.0 ms]
   [Clear CT: 0.5 ms]
   [Other: 1.2 ms]
      [Choose CSet: 0.0 ms]
      [Ref Proc: 0.1 ms]
      [Ref Enq: 0.0 ms]
      [Redirty Cards: 0.1 ms]
      [Humongous Register: 0.1 ms]
      [Humongous Reclaim: 0.0 ms]
      [Free CSet: 0.7 ms]
   [Eden: 2446.0M(2446.0M)->0.0B(2446.0M) Survivors: 10240.0K->10240.0K Heap: 2478.0M(4096.0M)->31982.9K(4096.0M)]
 [Times: user=0.00 sys=0.00, real=0.00 secs] 
2024-10-12T19:03:06.893+0300: 637.180: Total time for which application threads were stopped: 0.0038054 seconds, Stopping threads took: 0.0001846 seconds
2024-10-12T19:03:07.677+0300: 637.969: Application time: 0.7889985 seconds
2024-10-12T19:03:07.677+0300: 637.969: [GC pause (G1 Evacuation Pause) (young), 0.0036849 secs]
   [Parallel Time: 1.6 ms, GC Workers: 6]
      [GC Worker Start (ms): Min: 637969.1, Avg: 637969.2, Max: 637969.2, Diff: 0.1]
      [Ext Root Scanning (ms): Min: 0.3, Avg: 0.3, Max: 0.4, Diff: 0.1, Sum: 2.0]
      [Update RS (ms): Min: 0.1, Avg: 0.1, Max: 0.1, Diff: 0.1, Sum: 0.6]
         [Processed Buffers: Min: 1, Avg: 2.2, Max: 3, Diff: 2, Sum: 13]
      [Scan RS (ms): Min: 0.1, Avg: 0.2, Max: 0.2, Diff: 0.1, Sum: 1.0]
      [Code Root Scanning (ms): Min: 0.0, Avg: 0.0, Max: 0.0, Diff: 0.0, Sum: 0.0]
      [Object Copy (ms): Min: 0.7, Avg: 0.8, Max: 0.8, Diff: 0.0, Sum: 4.5]
      [Termination (ms): Min: 0.0, Avg: 0.0, Max: 0.0, Diff: 0.0, Sum: 0.0]
         [Termination Attempts: Min: 1, Avg: 1.0, Max: 1, Diff: 0, Sum: 6]
      [GC Worker Other (ms): Min: 0.0, Avg: 0.1, Max: 0.2, Diff: 0.1, Sum: 0.6]
      [GC Worker Total (ms): Min: 1.4, Avg: 1.5, Max: 1.5, Diff: 0.1, Sum: 8.8]
      [GC Worker End (ms): Min: 637970.6, Avg: 637970.6, Max: 637970.7, Diff: 0.1]
   [Code Root Fixup: 0.0 ms]
   [Code Root Purge: 0.0 ms]
   [Clear CT: 0.5 ms]
   [Other: 1.5 ms]
      [Choose CSet: 0.0 ms]
      [Ref Proc: 0.2 ms]
      [Ref Enq: 0.0 ms]
      [Redirty Cards: 0.1 ms]
      [Humongous Register: 0.1 ms]
      [Humongous Reclaim: 0.0 ms]
      [Free CSet: 1.0 ms]
   [Eden: 2446.0M(2446.0M)->0.0B(2446.0M) Survivors: 10240.0K->10240.0K Heap: 2477.2M(4096.0M)->31999.1K(4096.0M)]
 [Times: user=0.00 sys=0.00, real=0.02 secs] 
2024-10-12T19:03:07.693+0300: 637.973: Total time for which application threads were stopped: 0.0041008 seconds, Stopping threads took: 0.0001601 seconds
2024-10-12T19:03:08.462+0300: 638.754: Application time: 0.7808699 seconds
2024-10-12T19:03:08.462+0300: 638.754: [GC pause (G1 Evacuation Pause) (young), 0.0038612 secs]
   [Parallel Time: 1.7 ms, GC Workers: 6]
      [GC Worker Start (ms): Min: 638754.1, Avg: 638754.1, Max: 638754.2, Diff: 0.1]
      [Ext Root Scanning (ms): Min: 0.3, Avg: 0.3, Max: 0.4, Diff: 0.1, Sum: 2.0]
      [Update RS (ms): Min: 0.1, Avg: 0.1, Max: 0.1, Diff: 0.1, Sum: 0.6]
         [Processed Buffers: Min: 1, Avg: 2.2, Max: 4, Diff: 3, Sum: 13]
      [Scan RS (ms): Min: 0.2, Avg: 0.2, Max: 0.2, Diff: 0.1, Sum: 1.1]
      [Code Root Scanning (ms): Min: 0.0, Avg: 0.0, Max: 0.0, Diff: 0.0, Sum: 0.0]
      [Object Copy (ms): Min: 0.8, Avg: 0.8, Max: 0.8, Diff: 0.0, Sum: 4.8]
      [Termination (ms): Min: 0.0, Avg: 0.0, Max: 0.0, Diff: 0.0, Sum: 0.0]
         [Termination Attempts: Min: 1, Avg: 1.0, Max: 1, Diff: 0, Sum: 6]
      [GC Worker Other (ms): Min: 0.0, Avg: 0.1, Max: 0.2, Diff: 0.1, Sum: 0.7]
      [GC Worker Total (ms): Min: 1.5, Avg: 1.6, Max: 1.6, Diff: 0.1, Sum: 9.3]
      [GC Worker End (ms): Min: 638755.6, Avg: 638755.7, Max: 638755.7, Diff: 0.1]
   [Code Root Fixup: 0.0 ms]
   [Code Root Purge: 0.0 ms]
   [Clear CT: 0.5 ms]
   [Other: 1.6 ms]
      [Choose CSet: 0.0 ms]
      [Ref Proc: 0.1 ms]
      [Ref Enq: 0.0 ms]
      [Redirty Cards: 0.1 ms]
      [Humongous Register: 0.1 ms]
      [Humongous Reclaim: 0.0 ms]
      [Free CSet: 1.1 ms]
   [Eden: 2446.0M(2446.0M)->0.0B(2446.0M) Survivors: 10240.0K->10240.0K Heap: 2477.2M(4096.0M)->31991.3K(4096.0M)]
 [Times: user=0.02 sys=0.00, real=0.02 secs] 
2024-10-12T19:03:08.478+0300: 638.758: Total time for which application threads were stopped: 0.0042899 seconds, Stopping threads took: 0.0001497 seconds
2024-10-12T19:03:09.247+0300: 639.541: Application time: 0.7832846 seconds
2024-10-12T19:03:09.247+0300: 639.542: [GC pause (G1 Evacuation Pause) (young), 0.0038581 secs]
   [Parallel Time: 1.8 ms, GC Workers: 6]
      [GC Worker Start (ms): Min: 639541.7, Avg: 639541.8, Max: 639541.8, Diff: 0.0]
      [Ext Root Scanning (ms): Min: 0.3, Avg: 0.3, Max: 0.4, Diff: 0.0, Sum: 2.0]
      [Update RS (ms): Min: 0.1, Avg: 0.1, Max: 0.1, Diff: 0.0, Sum: 0.6]
         [Processed Buffers: Min: 1, Avg: 2.2, Max: 3, Diff: 2, Sum: 13]
      [Scan RS (ms): Min: 0.1, Avg: 0.2, Max: 0.2, Diff: 0.1, Sum: 1.0]
      [Code Root Scanning (ms): Min: 0.0, Avg: 0.0, Max: 0.0, Diff: 0.0, Sum: 0.0]
      [Object Copy (ms): Min: 0.8, Avg: 0.9, Max: 0.9, Diff: 0.0, Sum: 5.1]
      [Termination (ms): Min: 0.0, Avg: 0.0, Max: 0.0, Diff: 0.0, Sum: 0.0]
         [Termination Attempts: Min: 1, Avg: 1.0, Max: 1, Diff: 0, Sum: 6]
      [GC Worker Other (ms): Min: 0.0, Avg: 0.1, Max: 0.2, Diff: 0.1, Sum: 0.6]
      [GC Worker Total (ms): Min: 1.5, Avg: 1.6, Max: 1.7, Diff: 0.2, Sum: 9.4]
      [GC Worker End (ms): Min: 639543.2, Avg: 639543.3, Max: 639543.4, Diff: 0.1]
   [Code Root Fixup: 0.0 ms]
   [Code Root Purge: 0.0 ms]
   [Clear CT: 0.6 ms]
   [Other: 1.5 ms]
      [Choose CSet: 0.0 ms]
      [Ref Proc: 0.1 ms]
      [Ref Enq: 0.0 ms]
      [Redirty Cards: 0.1 ms]
      [Humongous Register: 0.1 ms]
      [Humongous Reclaim: 0.0 ms]
      [Free CSet: 1.0 ms]
   [Eden: 2446.0M(2446.0M)->0.0B(2446.0M) Survivors: 10240.0K->10240.0K Heap: 2477.2M(4096.0M)->33003.4K(4096.0M)]
 [Times: user=0.03 sys=0.00, real=0.02 secs] 
2024-10-12T19:03:09.263+0300: 639.546: Total time for which application threads were stopped: 0.0043149 seconds, Stopping threads took: 0.0002188 seconds
2024-10-12T19:03:10.032+0300: 640.325: Application time: 0.7792346 seconds
2024-10-12T19:03:10.032+0300: 640.325: [GC pause (G1 Evacuation Pause) (young), 0.0046150 secs]
   [Parallel Time: 2.9 ms, GC Workers: 6]
      [GC Worker Start (ms): Min: 640325.2, Avg: 640325.3, Max: 640325.3, Diff: 0.1]
      [Ext Root Scanning (ms): Min: 0.3, Avg: 0.3, Max: 0.4, Diff: 0.1, Sum: 2.0]
      [Update RS (ms): Min: 0.1, Avg: 0.1, Max: 0.1, Diff: 0.0, Sum: 0.6]
         [Processed Buffers: Min: 1, Avg: 2.2, Max: 4, Diff: 3, Sum: 13]
      [Scan RS (ms): Min: 0.2, Avg: 0.2, Max: 0.2, Diff: 0.0, Sum: 1.0]
      [Code Root Scanning (ms): Min: 0.0, Avg: 0.0, Max: 0.0, Diff: 0.0, Sum: 0.0]
      [Object Copy (ms): Min: 2.0, Avg: 2.1, Max: 2.1, Diff: 0.0, Sum: 12.4]
      [Termination (ms): Min: 0.0, Avg: 0.0, Max: 0.0, Diff: 0.0, Sum: 0.0]
         [Termination Attempts: Min: 1, Avg: 1.0, Max: 1, Diff: 0, Sum: 6]
      [GC Worker Other (ms): Min: 0.0, Avg: 0.1, Max: 0.1, Diff: 0.1, Sum: 0.5]
      [GC Worker Total (ms): Min: 2.7, Avg: 2.8, Max: 2.8, Diff: 0.2, Sum: 16.6]
      [GC Worker End (ms): Min: 640328.0, Avg: 640328.0, Max: 640328.1, Diff: 0.1]
   [Code Root Fixup: 0.0 ms]
   [Code Root Purge: 0.0 ms]
   [Clear CT: 0.6 ms]
   [Other: 1.1 ms]
      [Choose CSet: 0.0 ms]
      [Ref Proc: 0.1 ms]
      [Ref Enq: 0.0 ms]
      [Redirty Cards: 0.1 ms]
      [Humongous Register: 0.1 ms]
      [Humongous Reclaim: 0.0 ms]
      [Free CSet: 0.7 ms]
   [Eden: 2446.0M(2446.0M)->0.0B(2444.0M) Survivors: 10240.0K->12288.0K Heap: 2478.2M(4096.0M)->35174.7K(4096.0M)]
 [Times: user=0.02 sys=0.00, real=0.02 secs] 
2024-10-12T19:03:10.048+0300: 640.330: Total time for which application threads were stopped: 0.0050523 seconds, Stopping threads took: 0.0001931 seconds
2024-10-12T19:03:10.816+0300: 641.097: Application time: 0.7676228 seconds
2024-10-12T19:03:10.816+0300: 641.098: [GC pause (G1 Evacuation Pause) (young), 0.0042467 secs]
   [Parallel Time: 2.6 ms, GC Workers: 6]
      [GC Worker Start (ms): Min: 641097.8, Avg: 641097.9, Max: 641097.9, Diff: 0.1]
      [Ext Root Scanning (ms): Min: 0.3, Avg: 0.3, Max: 0.4, Diff: 0.1, Sum: 2.0]
      [Update RS (ms): Min: 0.1, Avg: 0.1, Max: 0.1, Diff: 0.0, Sum: 0.6]
         [Processed Buffers: Min: 1, Avg: 2.2, Max: 3, Diff: 2, Sum: 13]
      [Scan RS (ms): Min: 0.2, Avg: 0.2, Max: 0.2, Diff: 0.0, Sum: 1.1]
      [Code Root Scanning (ms): Min: 0.0, Avg: 0.0, Max: 0.0, Diff: 0.0, Sum: 0.0]
      [Object Copy (ms): Min: 1.8, Avg: 1.8, Max: 1.8, Diff: 0.0, Sum: 10.9]
      [Termination (ms): Min: 0.0, Avg: 0.0, Max: 0.0, Diff: 0.0, Sum: 0.0]
         [Termination Attempts: Min: 1, Avg: 1.0, Max: 1, Diff: 0, Sum: 6]
      [GC Worker Other (ms): Min: 0.0, Avg: 0.1, Max: 0.1, Diff: 0.1, Sum: 0.5]
      [GC Worker Total (ms): Min: 2.5, Avg: 2.5, Max: 2.6, Diff: 0.1, Sum: 15.1]
      [GC Worker End (ms): Min: 641100.3, Avg: 641100.4, Max: 641100.4, Diff: 0.1]
   [Code Root Fixup: 0.0 ms]
   [Code Root Purge: 0.0 ms]
   [Clear CT: 0.5 ms]
   [Other: 1.1 ms]
      [Choose CSet: 0.0 ms]
      [Ref Proc: 0.1 ms]
      [Ref Enq: 0.0 ms]
      [Redirty Cards: 0.1 ms]
      [Humongous Register: 0.0 ms]
      [Humongous Reclaim: 0.0 ms]
      [Free CSet: 0.7 ms]
   [Eden: 2444.0M(2444.0M)->0.0B(2444.0M) Survivors: 12288.0K->12288.0K Heap: 2478.4M(4096.0M)->35177.2K(4096.0M)]
 [Times: user=0.00 sys=0.00, real=0.00 secs] 
2024-10-12T19:03:10.816+0300: 641.102: Total time for which application threads were stopped: 0.0046259 seconds, Stopping threads took: 0.0001312 seconds
2024-10-12T19:03:11.602+0300: 641.886: Application time: 0.7834311 seconds
2024-10-12T19:03:11.602+0300: 641.886: [GC pause (G1 Evacuation Pause) (young), 0.0031832 secs]
   [Parallel Time: 1.7 ms, GC Workers: 6]
      [GC Worker Start (ms): Min: 641886.0, Avg: 641886.0, Max: 641886.0, Diff: 0.1]
      [Ext Root Scanning (ms): Min: 0.3, Avg: 0.3, Max: 0.4, Diff: 0.1, Sum: 1.9]
      [Update RS (ms): Min: 0.1, Avg: 0.1, Max: 0.1, Diff: 0.0, Sum: 0.6]
         [Processed Buffers: Min: 1, Avg: 2.2, Max: 4, Diff: 3, Sum: 13]
      [Scan RS (ms): Min: 0.1, Avg: 0.2, Max: 0.2, Diff: 0.0, Sum: 1.0]
      [Code Root Scanning (ms): Min: 0.0, Avg: 0.0, Max: 0.0, Diff: 0.0, Sum: 0.0]
      [Object Copy (ms): Min: 0.8, Avg: 0.8, Max: 0.8, Diff: 0.0, Sum: 5.0]
      [Termination (ms): Min: 0.0, Avg: 0.0, Max: 0.0, Diff: 0.0, Sum: 0.0]
         [Termination Attempts: Min: 1, Avg: 1.0, Max: 1, Diff: 0, Sum: 6]
      [GC Worker Other (ms): Min: 0.1, Avg: 0.1, Max: 0.1, Diff: 0.1, Sum: 0.7]
      [GC Worker Total (ms): Min: 1.5, Avg: 1.5, Max: 1.6, Diff: 0.1, Sum: 9.2]
      [GC Worker End (ms): Min: 641887.5, Avg: 641887.5, Max: 641887.6, Diff: 0.1]
   [Code Root Fixup: 0.0 ms]
   [Code Root Purge: 0.0 ms]
   [Clear CT: 0.5 ms]
   [Other: 1.0 ms]
      [Choose CSet: 0.0 ms]
      [Ref Proc: 0.1 ms]
      [Ref Enq: 0.0 ms]
      [Redirty Cards: 0.1 ms]
      [Humongous Register: 0.1 ms]
      [Humongous Reclaim: 0.0 ms]
      [Free CSet: 0.6 ms]
   [Eden: 2444.0M(2444.0M)->0.0B(2446.0M) Survivors: 12288.0K->10240.0K Heap: 2478.4M(4096.0M)->33131.7K(4096.0M)]
 [Times: user=0.00 sys=0.00, real=0.00 secs] 
2024-10-12T19:03:11.602+0300: 641.889: Total time for which application threads were stopped: 0.0036043 seconds, Stopping threads took: 0.0001833 seconds
2024-10-12T19:03:12.387+0300: 642.670: Application time: 0.7804846 seconds
2024-10-12T19:03:12.387+0300: 642.670: [GC pause (G1 Evacuation Pause) (young), 0.0033588 secs]
   [Parallel Time: 1.6 ms, GC Workers: 6]
      [GC Worker Start (ms): Min: 642670.1, Avg: 642670.2, Max: 642670.3, Diff: 0.2]
      [Ext Root Scanning (ms): Min: 0.2, Avg: 0.3, Max: 0.4, Diff: 0.2, Sum: 1.9]
      [Update RS (ms): Min: 0.1, Avg: 0.1, Max: 0.1, Diff: 0.0, Sum: 0.6]
         [Processed Buffers: Min: 1, Avg: 2.2, Max: 3, Diff: 2, Sum: 13]
      [Scan RS (ms): Min: 0.1, Avg: 0.2, Max: 0.2, Diff: 0.0, Sum: 1.1]
      [Code Root Scanning (ms): Min: 0.0, Avg: 0.0, Max: 0.0, Diff: 0.0, Sum: 0.0]
      [Object Copy (ms): Min: 0.7, Avg: 0.8, Max: 0.8, Diff: 0.0, Sum: 4.5]
      [Termination (ms): Min: 0.0, Avg: 0.0, Max: 0.0, Diff: 0.0, Sum: 0.0]
         [Termination Attempts: Min: 1, Avg: 2.0, Max: 3, Diff: 2, Sum: 12]
      [GC Worker Other (ms): Min: 0.0, Avg: 0.1, Max: 0.1, Diff: 0.1, Sum: 0.5]
      [GC Worker Total (ms): Min: 1.3, Avg: 1.5, Max: 1.6, Diff: 0.2, Sum: 8.7]
      [GC Worker End (ms): Min: 642671.6, Avg: 642671.6, Max: 642671.7, Diff: 0.1]
   [Code Root Fixup: 0.0 ms]
   [Code Root Purge: 0.0 ms]
   [Clear CT: 0.5 ms]
   [Other: 1.2 ms]
      [Choose CSet: 0.0 ms]
      [Ref Proc: 0.1 ms]
      [Ref Enq: 0.0 ms]
      [Redirty Cards: 0.1 ms]
      [Humongous Register: 0.1 ms]
      [Humongous Reclaim: 0.0 ms]
      [Free CSet: 0.7 ms]
   [Eden: 2446.0M(2446.0M)->0.0B(2448.0M) Survivors: 10240.0K->8192.0K Heap: 2478.4M(4096.0M)->30064.2K(4096.0M)]
 [Times: user=0.00 sys=0.00, real=0.00 secs] 
2024-10-12T19:03:12.387+0300: 642.673: Total time for which application threads were stopped: 0.0038405 seconds, Stopping threads took: 0.0002270 seconds
2024-10-12T19:03:13.172+0300: 643.460: Application time: 0.7867404 seconds
2024-10-12T19:03:13.172+0300: 643.461: [GC pause (G1 Evacuation Pause) (young), 0.0034530 secs]
   [Parallel Time: 1.7 ms, GC Workers: 6]
      [GC Worker Start (ms): Min: 643460.6, Avg: 643460.6, Max: 643460.7, Diff: 0.1]
      [Ext Root Scanning (ms): Min: 0.3, Avg: 0.3, Max: 0.4, Diff: 0.1, Sum: 2.0]
      [Update RS (ms): Min: 0.1, Avg: 0.1, Max: 0.1, Diff: 0.1, Sum: 0.6]
         [Processed Buffers: Min: 1, Avg: 2.2, Max: 3, Diff: 2, Sum: 13]
      [Scan RS (ms): Min: 0.1, Avg: 0.2, Max: 0.2, Diff: 0.1, Sum: 1.0]
      [Code Root Scanning (ms): Min: 0.0, Avg: 0.0, Max: 0.0, Diff: 0.0, Sum: 0.0]
      [Object Copy (ms): Min: 0.8, Avg: 0.8, Max: 0.9, Diff: 0.1, Sum: 4.8]
      [Termination (ms): Min: 0.0, Avg: 0.0, Max: 0.0, Diff: 0.0, Sum: 0.0]
         [Termination Attempts: Min: 1, Avg: 1.2, Max: 2, Diff: 1, Sum: 7]
      [GC Worker Other (ms): Min: 0.1, Avg: 0.2, Max: 0.2, Diff: 0.2, Sum: 0.9]
      [GC Worker Total (ms): Min: 1.5, Avg: 1.6, Max: 1.6, Diff: 0.2, Sum: 9.4]
      [GC Worker End (ms): Min: 643462.1, Avg: 643462.2, Max: 643462.3, Diff: 0.2]
   [Code Root Fixup: 0.0 ms]
   [Code Root Purge: 0.0 ms]
   [Clear CT: 0.5 ms]
   [Other: 1.2 ms]
      [Choose CSet: 0.0 ms]
      [Ref Proc: 0.2 ms]
      [Ref Enq: 0.0 ms]
      [Redirty Cards: 0.1 ms]
      [Humongous Register: 0.1 ms]
      [Humongous Reclaim: 0.0 ms]
      [Free CSet: 0.7 ms]
   [Eden: 2448.0M(2448.0M)->0.0B(2448.0M) Survivors: 8192.0K->8192.0K Heap: 2477.4M(4096.0M)->31026.6K(4096.0M)]
 [Times: user=0.00 sys=0.00, real=0.00 secs] 
2024-10-12T19:03:13.172+0300: 643.464: Total time for which application threads were stopped: 0.0038524 seconds, Stopping threads took: 0.0001654 seconds
2024-10-12T19:03:13.957+0300: 644.242: Application time: 0.7776294 seconds
2024-10-12T19:03:13.957+0300: 644.242: [GC pause (G1 Evacuation Pause) (young), 0.0038764 secs]
   [Parallel Time: 2.0 ms, GC Workers: 6]
      [GC Worker Start (ms): Min: 644242.1, Avg: 644242.4, Max: 644243.5, Diff: 1.4]
      [Ext Root Scanning (ms): Min: 0.0, Avg: 0.4, Max: 1.1, Diff: 1.1, Sum: 2.6]
      [Update RS (ms): Min: 0.0, Avg: 0.1, Max: 0.2, Diff: 0.2, Sum: 0.6]
         [Processed Buffers: Min: 0, Avg: 2.2, Max: 5, Diff: 5, Sum: 13]
      [Scan RS (ms): Min: 0.1, Avg: 0.2, Max: 0.5, Diff: 0.4, Sum: 1.5]
      [Code Root Scanning (ms): Min: 0.0, Avg: 0.0, Max: 0.0, Diff: 0.0, Sum: 0.0]
      [Object Copy (ms): Min: 0.0, Avg: 0.8, Max: 1.0, Diff: 1.0, Sum: 4.6]
      [Termination (ms): Min: 0.0, Avg: 0.1, Max: 0.1, Diff: 0.1, Sum: 0.5]
         [Termination Attempts: Min: 1, Avg: 1.0, Max: 1, Diff: 0, Sum: 6]
      [GC Worker Other (ms): Min: 0.0, Avg: 0.0, Max: 0.0, Diff: 0.0, Sum: 0.2]
      [GC Worker Total (ms): Min: 0.6, Avg: 1.7, Max: 2.0, Diff: 1.4, Sum: 10.1]
      [GC Worker End (ms): Min: 644244.0, Avg: 644244.0, Max: 644244.1, Diff: 0.0]
   [Code Root Fixup: 0.0 ms]
   [Code Root Purge: 0.0 ms]
   [Clear CT: 0.6 ms]
   [Other: 1.3 ms]
      [Choose CSet: 0.0 ms]
      [Ref Proc: 0.1 ms]
      [Ref Enq: 0.0 ms]
      [Redirty Cards: 0.1 ms]
      [Humongous Register: 0.1 ms]
      [Humongous Reclaim: 0.0 ms]
      [Free CSet: 0.8 ms]
   [Eden: 2448.0M(2448.0M)->0.0B(2446.0M) Survivors: 8192.0K->10240.0K Heap: 2478.3M(4096.0M)->32058.0K(4096.0M)]
 [Times: user=0.00 sys=0.00, real=0.00 secs] 
2024-10-12T19:03:13.957+0300: 644.246: Total time for which application threads were stopped: 0.0042718 seconds, Stopping threads took: 0.0001559 seconds
2024-10-12T19:03:14.741+0300: 645.029: Application time: 0.7828139 seconds
2024-10-12T19:03:14.741+0300: 645.029: [GC pause (G1 Evacuation Pause) (young), 0.0033556 secs]
   [Parallel Time: 1.8 ms, GC Workers: 6]
      [GC Worker Start (ms): Min: 645029.2, Avg: 645029.2, Max: 645029.2, Diff: 0.1]
      [Ext Root Scanning (ms): Min: 0.3, Avg: 0.3, Max: 0.4, Diff: 0.1, Sum: 2.0]
      [Update RS (ms): Min: 0.0, Avg: 0.1, Max: 0.1, Diff: 0.1, Sum: 0.6]
         [Processed Buffers: Min: 0, Avg: 2.0, Max: 4, Diff: 4, Sum: 12]
      [Scan RS (ms): Min: 0.0, Avg: 0.2, Max: 0.2, Diff: 0.2, Sum: 1.1]
      [Code Root Scanning (ms): Min: 0.0, Avg: 0.0, Max: 0.0, Diff: 0.0, Sum: 0.0]
      [Object Copy (ms): Min: 0.9, Avg: 1.0, Max: 1.2, Diff: 0.3, Sum: 6.0]
      [Termination (ms): Min: 0.0, Avg: 0.0, Max: 0.0, Diff: 0.0, Sum: 0.0]
         [Termination Attempts: Min: 1, Avg: 2.0, Max: 3, Diff: 2, Sum: 12]
      [GC Worker Other (ms): Min: 0.1, Avg: 0.1, Max: 0.1, Diff: 0.1, Sum: 0.6]
      [GC Worker Total (ms): Min: 1.7, Avg: 1.7, Max: 1.8, Diff: 0.1, Sum: 10.3]
      [GC Worker End (ms): Min: 645030.9, Avg: 645030.9, Max: 645030.9, Diff: 0.1]
   [Code Root Fixup: 0.0 ms]
   [Code Root Purge: 0.0 ms]
   [Clear CT: 0.5 ms]
   [Other: 1.1 ms]
      [Choose CSet: 0.0 ms]
      [Ref Proc: 0.1 ms]
      [Ref Enq: 0.0 ms]
      [Redirty Cards: 0.1 ms]
      [Humongous Register: 0.0 ms]
      [Humongous Reclaim: 0.0 ms]
      [Free CSet: 0.7 ms]
   [Eden: 2446.0M(2446.0M)->0.0B(2444.0M) Survivors: 10240.0K->12288.0K Heap: 2477.3M(4096.0M)->34084.4K(4096.0M)]
 [Times: user=0.00 sys=0.00, real=0.00 secs] 
2024-10-12T19:03:14.741+0300: 645.033: Total time for which application threads were stopped: 0.0037425 seconds, Stopping threads took: 0.0001603 seconds
2024-10-12T19:03:15.525+0300: 645.815: Application time: 0.7826643 seconds
2024-10-12T19:03:15.525+0300: 645.815: [GC pause (G1 Evacuation Pause) (young), 0.0031577 secs]
   [Parallel Time: 1.6 ms, GC Workers: 6]
      [GC Worker Start (ms): Min: 645815.6, Avg: 645815.6, Max: 645815.6, Diff: 0.1]
      [Ext Root Scanning (ms): Min: 0.3, Avg: 0.3, Max: 0.4, Diff: 0.1, Sum: 1.9]
      [Update RS (ms): Min: 0.0, Avg: 0.1, Max: 0.1, Diff: 0.1, Sum: 0.6]
         [Processed Buffers: Min: 0, Avg: 2.2, Max: 5, Diff: 5, Sum: 13]
      [Scan RS (ms): Min: 0.0, Avg: 0.2, Max: 0.2, Diff: 0.2, Sum: 1.1]
      [Code Root Scanning (ms): Min: 0.0, Avg: 0.0, Max: 0.0, Diff: 0.0, Sum: 0.0]
      [Object Copy (ms): Min: 0.7, Avg: 0.8, Max: 1.1, Diff: 0.3, Sum: 4.9]
      [Termination (ms): Min: 0.0, Avg: 0.0, Max: 0.0, Diff: 0.0, Sum: 0.0]
         [Termination Attempts: Min: 1, Avg: 1.2, Max: 2, Diff: 1, Sum: 7]
      [GC Worker Other (ms): Min: 0.0, Avg: 0.1, Max: 0.1, Diff: 0.1, Sum: 0.5]
      [GC Worker Total (ms): Min: 1.4, Avg: 1.5, Max: 1.6, Diff: 0.1, Sum: 9.1]
      [GC Worker End (ms): Min: 645817.1, Avg: 645817.1, Max: 645817.2, Diff: 0.1]
   [Code Root Fixup: 0.0 ms]
   [Code Root Purge: 0.0 ms]
   [Clear CT: 0.5 ms]
   [Other: 1.0 ms]
      [Choose CSet: 0.0 ms]
      [Ref Proc: 0.1 ms]
      [Ref Enq: 0.0 ms]
      [Redirty Cards: 0.1 ms]
      [Humongous Register: 0.0 ms]
      [Humongous Reclaim: 0.0 ms]
      [Free CSet: 0.6 ms]
   [Eden: 2444.0M(2444.0M)->0.0B(2448.0M) Survivors: 12288.0K->8192.0K Heap: 2477.3M(4096.0M)->30231.1K(4096.0M)]
 [Times: user=0.00 sys=0.00, real=0.01 secs] 
2024-10-12T19:03:15.537+0300: 645.819: Total time for which application threads were stopped: 0.0035546 seconds, Stopping threads took: 0.0001691 seconds
2024-10-12T19:03:16.311+0300: 646.603: Application time: 0.7847075 seconds
2024-10-12T19:03:16.311+0300: 646.604: [GC pause (G1 Evacuation Pause) (young), 0.0037551 secs]
   [Parallel Time: 1.7 ms, GC Workers: 6]
      [GC Worker Start (ms): Min: 646603.9, Avg: 646604.0, Max: 646604.0, Diff: 0.1]
      [Ext Root Scanning (ms): Min: 0.3, Avg: 0.3, Max: 0.4, Diff: 0.1, Sum: 2.0]
      [Update RS (ms): Min: 0.1, Avg: 0.1, Max: 0.1, Diff: 0.1, Sum: 0.6]
         [Processed Buffers: Min: 1, Avg: 2.2, Max: 3, Diff: 2, Sum: 13]
      [Scan RS (ms): Min: 0.1, Avg: 0.2, Max: 0.2, Diff: 0.0, Sum: 1.0]
      [Code Root Scanning (ms): Min: 0.0, Avg: 0.0, Max: 0.0, Diff: 0.0, Sum: 0.0]
      [Object Copy (ms): Min: 0.8, Avg: 0.8, Max: 0.9, Diff: 0.1, Sum: 4.8]
      [Termination (ms): Min: 0.0, Avg: 0.1, Max: 0.2, Diff: 0.2, Sum: 0.7]
         [Termination Attempts: Min: 1, Avg: 1.3, Max: 2, Diff: 1, Sum: 8]
      [GC Worker Other (ms): Min: 0.0, Avg: 0.0, Max: 0.0, Diff: 0.0, Sum: 0.1]
      [GC Worker Total (ms): Min: 1.5, Avg: 1.5, Max: 1.6, Diff: 0.1, Sum: 9.2]
      [GC Worker End (ms): Min: 646605.5, Avg: 646605.5, Max: 646605.5, Diff: 0.0]
   [Code Root Fixup: 0.0 ms]
   [Code Root Purge: 0.0 ms]
   [Clear CT: 0.6 ms]
   [Other: 1.5 ms]
      [Choose CSet: 0.0 ms]
      [Ref Proc: 0.1 ms]
      [Ref Enq: 0.0 ms]
      [Redirty Cards: 0.1 ms]
      [Humongous Register: 0.1 ms]
      [Humongous Reclaim: 0.0 ms]
      [Free CSet: 1.0 ms]
   [Eden: 2448.0M(2448.0M)->0.0B(2444.0M) Survivors: 8192.0K->12288.0K Heap: 2477.5M(4096.0M)->33989.0K(4096.0M)]
 [Times: user=0.02 sys=0.00, real=0.01 secs] 
2024-10-12T19:03:16.326+0300: 646.608: Total time for which application threads were stopped: 0.0041977 seconds, Stopping threads took: 0.0002097 seconds
2024-10-12T19:03:17.112+0300: 647.397: Application time: 0.7889620 seconds
2024-10-12T19:03:17.112+0300: 647.397: [GC pause (G1 Evacuation Pause) (young), 0.0032072 secs]
   [Parallel Time: 1.6 ms, GC Workers: 6]
      [GC Worker Start (ms): Min: 647397.0, Avg: 647397.1, Max: 647397.1, Diff: 0.1]
      [Ext Root Scanning (ms): Min: 0.3, Avg: 0.3, Max: 0.4, Diff: 0.1, Sum: 2.0]
      [Update RS (ms): Min: 0.1, Avg: 0.1, Max: 0.1, Diff: 0.1, Sum: 0.6]
         [Processed Buffers: Min: 1, Avg: 2.2, Max: 4, Diff: 3, Sum: 13]
      [Scan RS (ms): Min: 0.2, Avg: 0.2, Max: 0.2, Diff: 0.0, Sum: 1.1]
      [Code Root Scanning (ms): Min: 0.0, Avg: 0.0, Max: 0.0, Diff: 0.0, Sum: 0.0]
      [Object Copy (ms): Min: 0.7, Avg: 0.7, Max: 0.7, Diff: 0.1, Sum: 4.4]
      [Termination (ms): Min: 0.0, Avg: 0.0, Max: 0.0, Diff: 0.0, Sum: 0.0]
         [Termination Attempts: Min: 1, Avg: 1.0, Max: 1, Diff: 0, Sum: 6]
      [GC Worker Other (ms): Min: 0.1, Avg: 0.1, Max: 0.1, Diff: 0.1, Sum: 0.6]
      [GC Worker Total (ms): Min: 1.4, Avg: 1.5, Max: 1.5, Diff: 0.1, Sum: 8.7]
      [GC Worker End (ms): Min: 647398.5, Avg: 647398.5, Max: 647398.5, Diff: 0.1]
   [Code Root Fixup: 0.0 ms]
   [Code Root Purge: 0.0 ms]
   [Clear CT: 0.5 ms]
   [Other: 1.1 ms]
      [Choose CSet: 0.0 ms]
      [Ref Proc: 0.1 ms]
      [Ref Enq: 0.0 ms]
      [Redirty Cards: 0.1 ms]
      [Humongous Register: 0.1 ms]
      [Humongous Reclaim: 0.0 ms]
      [Free CSet: 0.7 ms]
   [Eden: 2444.0M(2444.0M)->0.0B(2446.0M) Survivors: 12288.0K->10240.0K Heap: 2477.2M(4096.0M)->32017.3K(4096.0M)]
 [Times: user=0.03 sys=0.00, real=0.00 secs] 
2024-10-12T19:03:17.112+0300: 647.400: Total time for which application threads were stopped: 0.0036271 seconds, Stopping threads took: 0.0001799 seconds
2024-10-12T19:03:17.896+0300: 648.190: Application time: 0.7898559 seconds
2024-10-12T19:03:17.896+0300: 648.190: [GC pause (G1 Evacuation Pause) (young), 0.0033303 secs]
   [Parallel Time: 1.6 ms, GC Workers: 6]
      [GC Worker Start (ms): Min: 648190.5, Avg: 648190.5, Max: 648190.5, Diff: 0.1]
      [Ext Root Scanning (ms): Min: 0.3, Avg: 0.3, Max: 0.4, Diff: 0.1, Sum: 1.9]
      [Update RS (ms): Min: 0.1, Avg: 0.1, Max: 0.1, Diff: 0.0, Sum: 0.6]
         [Processed Buffers: Min: 1, Avg: 2.2, Max: 4, Diff: 3, Sum: 13]
      [Scan RS (ms): Min: 0.2, Avg: 0.2, Max: 0.4, Diff: 0.2, Sum: 1.3]
      [Code Root Scanning (ms): Min: 0.0, Avg: 0.0, Max: 0.0, Diff: 0.0, Sum: 0.0]
      [Object Copy (ms): Min: 0.6, Avg: 0.8, Max: 0.9, Diff: 0.2, Sum: 4.8]
      [Termination (ms): Min: 0.0, Avg: 0.0, Max: 0.0, Diff: 0.0, Sum: 0.0]
         [Termination Attempts: Min: 1, Avg: 1.0, Max: 1, Diff: 0, Sum: 6]
      [GC Worker Other (ms): Min: 0.0, Avg: 0.1, Max: 0.1, Diff: 0.1, Sum: 0.5]
      [GC Worker Total (ms): Min: 1.5, Avg: 1.5, Max: 1.6, Diff: 0.1, Sum: 9.1]
      [GC Worker End (ms): Min: 648192.0, Avg: 648192.0, Max: 648192.1, Diff: 0.1]
   [Code Root Fixup: 0.0 ms]
   [Code Root Purge: 0.0 ms]
   [Clear CT: 0.5 ms]
   [Other: 1.2 ms]
      [Choose CSet: 0.0 ms]
      [Ref Proc: 0.1 ms]
      [Ref Enq: 0.0 ms]
      [Redirty Cards: 0.1 ms]
      [Humongous Register: 0.1 ms]
      [Humongous Reclaim: 0.0 ms]
      [Free CSet: 0.8 ms]
   [Eden: 2446.0M(2446.0M)->0.0B(2446.0M) Survivors: 10240.0K->10240.0K Heap: 2477.3M(4096.0M)->32947.1K(4096.0M)]
 [Times: user=0.02 sys=0.00, real=0.02 secs] 
2024-10-12T19:03:17.912+0300: 648.194: Total time for which application threads were stopped: 0.0037175 seconds, Stopping threads took: 0.0001427 seconds
2024-10-12T19:03:18.697+0300: 648.979: Application time: 0.7850703 seconds
2024-10-12T19:03:18.697+0300: 648.979: [GC pause (G1 Evacuation Pause) (young), 0.0032480 secs]
   [Parallel Time: 1.6 ms, GC Workers: 6]
      [GC Worker Start (ms): Min: 648979.3, Avg: 648979.4, Max: 648979.7, Diff: 0.4]
      [Ext Root Scanning (ms): Min: 0.0, Avg: 0.3, Max: 0.4, Diff: 0.4, Sum: 1.7]
      [Update RS (ms): Min: 0.1, Avg: 0.1, Max: 0.1, Diff: 0.1, Sum: 0.6]
         [Processed Buffers: Min: 1, Avg: 2.2, Max: 3, Diff: 2, Sum: 13]
      [Scan RS (ms): Min: 0.2, Avg: 0.2, Max: 0.2, Diff: 0.0, Sum: 1.0]
      [Code Root Scanning (ms): Min: 0.0, Avg: 0.0, Max: 0.0, Diff: 0.0, Sum: 0.0]
      [Object Copy (ms): Min: 0.8, Avg: 0.8, Max: 0.8, Diff: 0.1, Sum: 4.7]
      [Termination (ms): Min: 0.0, Avg: 0.0, Max: 0.0, Diff: 0.0, Sum: 0.0]
         [Termination Attempts: Min: 1, Avg: 4.0, Max: 5, Diff: 4, Sum: 24]
      [GC Worker Other (ms): Min: 0.0, Avg: 0.1, Max: 0.1, Diff: 0.1, Sum: 0.6]
      [GC Worker Total (ms): Min: 1.1, Avg: 1.4, Max: 1.6, Diff: 0.4, Sum: 8.6]
      [GC Worker End (ms): Min: 648980.8, Avg: 648980.8, Max: 648980.9, Diff: 0.1]
   [Code Root Fixup: 0.0 ms]
   [Code Root Purge: 0.0 ms]
   [Clear CT: 0.5 ms]
   [Other: 1.1 ms]
      [Choose CSet: 0.0 ms]
      [Ref Proc: 0.1 ms]
      [Ref Enq: 0.0 ms]
      [Redirty Cards: 0.1 ms]
      [Humongous Register: 0.0 ms]
      [Humongous Reclaim: 0.0 ms]
      [Free CSet: 0.7 ms]
   [Eden: 2446.0M(2446.0M)->0.0B(2446.0M) Survivors: 10240.0K->10240.0K Heap: 2478.2M(4096.0M)->32038.8K(4096.0M)]
 [Times: user=0.00 sys=0.00, real=0.00 secs] 
2024-10-12T19:03:18.697+0300: 648.983: Total time for which application threads were stopped: 0.0036306 seconds, Stopping threads took: 0.0001598 seconds
2024-10-12T19:03:19.483+0300: 649.764: Application time: 0.7815514 seconds
2024-10-12T19:03:19.483+0300: 649.764: [GC pause (G1 Evacuation Pause) (young), 0.0032478 secs]
   [Parallel Time: 1.7 ms, GC Workers: 6]
      [GC Worker Start (ms): Min: 649764.4, Avg: 649764.5, Max: 649764.5, Diff: 0.1]
      [Ext Root Scanning (ms): Min: 0.3, Avg: 0.3, Max: 0.4, Diff: 0.1, Sum: 2.0]
      [Update RS (ms): Min: 0.1, Avg: 0.1, Max: 0.1, Diff: 0.0, Sum: 0.6]
         [Processed Buffers: Min: 2, Avg: 2.2, Max: 3, Diff: 1, Sum: 13]
      [Scan RS (ms): Min: 0.1, Avg: 0.2, Max: 0.2, Diff: 0.0, Sum: 1.0]
      [Code Root Scanning (ms): Min: 0.0, Avg: 0.0, Max: 0.0, Diff: 0.0, Sum: 0.0]
      [Object Copy (ms): Min: 0.8, Avg: 0.8, Max: 0.8, Diff: 0.0, Sum: 4.9]
      [Termination (ms): Min: 0.0, Avg: 0.0, Max: 0.0, Diff: 0.0, Sum: 0.0]
         [Termination Attempts: Min: 1, Avg: 1.0, Max: 1, Diff: 0, Sum: 6]
      [GC Worker Other (ms): Min: 0.0, Avg: 0.1, Max: 0.2, Diff: 0.1, Sum: 0.7]
      [GC Worker Total (ms): Min: 1.5, Avg: 1.5, Max: 1.6, Diff: 0.1, Sum: 9.2]
      [GC Worker End (ms): Min: 649765.9, Avg: 649766.0, Max: 649766.1, Diff: 0.1]
   [Code Root Fixup: 0.0 ms]
   [Code Root Purge: 0.0 ms]
   [Clear CT: 0.5 ms]
   [Other: 1.1 ms]
      [Choose CSet: 0.0 ms]
      [Ref Proc: 0.1 ms]
      [Ref Enq: 0.0 ms]
      [Redirty Cards: 0.1 ms]
      [Humongous Register: 0.0 ms]
      [Humongous Reclaim: 0.0 ms]
      [Free CSet: 0.7 ms]
   [Eden: 2446.0M(2446.0M)->0.0B(2446.0M) Survivors: 10240.0K->10240.0K Heap: 2477.3M(4096.0M)->32966.7K(4096.0M)]
 [Times: user=0.00 sys=0.00, real=0.00 secs] 
2024-10-12T19:03:19.483+0300: 649.768: Total time for which application threads were stopped: 0.0036242 seconds, Stopping threads took: 0.0001548 seconds
2024-10-12T19:03:20.268+0300: 650.550: Application time: 0.7824832 seconds
2024-10-12T19:03:20.268+0300: 650.550: [GC pause (G1 Evacuation Pause) (young), 0.0033440 secs]
   [Parallel Time: 1.6 ms, GC Workers: 6]
      [GC Worker Start (ms): Min: 650550.6, Avg: 650550.6, Max: 650550.6, Diff: 0.0]
      [Ext Root Scanning (ms): Min: 0.3, Avg: 0.3, Max: 0.3, Diff: 0.0, Sum: 1.9]
      [Update RS (ms): Min: 0.1, Avg: 0.1, Max: 0.1, Diff: 0.0, Sum: 0.6]
         [Processed Buffers: Min: 1, Avg: 2.2, Max: 5, Diff: 4, Sum: 13]
      [Scan RS (ms): Min: 0.1, Avg: 0.2, Max: 0.2, Diff: 0.0, Sum: 1.0]
      [Code Root Scanning (ms): Min: 0.0, Avg: 0.0, Max: 0.0, Diff: 0.0, Sum: 0.0]
      [Object Copy (ms): Min: 0.7, Avg: 0.8, Max: 0.8, Diff: 0.0, Sum: 4.6]
      [Termination (ms): Min: 0.0, Avg: 0.0, Max: 0.0, Diff: 0.0, Sum: 0.0]
         [Termination Attempts: Min: 1, Avg: 1.0, Max: 1, Diff: 0, Sum: 6]
      [GC Worker Other (ms): Min: 0.0, Avg: 0.1, Max: 0.2, Diff: 0.1, Sum: 0.6]
      [GC Worker Total (ms): Min: 1.4, Avg: 1.4, Max: 1.5, Diff: 0.1, Sum: 8.7]
      [GC Worker End (ms): Min: 650552.0, Avg: 650552.1, Max: 650552.1, Diff: 0.1]
   [Code Root Fixup: 0.0 ms]
   [Code Root Purge: 0.0 ms]
   [Clear CT: 0.6 ms]
   [Other: 1.2 ms]
      [Choose CSet: 0.0 ms]
      [Ref Proc: 0.2 ms]
      [Ref Enq: 0.0 ms]
      [Redirty Cards: 0.1 ms]
      [Humongous Register: 0.1 ms]
      [Humongous Reclaim: 0.0 ms]
      [Free CSet: 0.7 ms]
   [Eden: 2446.0M(2446.0M)->0.0B(2446.0M) Survivors: 10240.0K->10240.0K Heap: 2478.2M(4096.0M)->32106.1K(4096.0M)]
 [Times: user=0.00 sys=0.00, real=0.00 secs] 
2024-10-12T19:03:20.268+0300: 650.554: Total time for which application threads were stopped: 0.0037247 seconds, Stopping threads took: 0.0001609 seconds
2024-10-12T19:03:21.053+0300: 651.333: Application time: 0.7787082 seconds
2024-10-12T19:03:21.053+0300: 651.333: [GC pause (G1 Evacuation Pause) (young), 0.0036214 secs]
   [Parallel Time: 1.7 ms, GC Workers: 6]
      [GC Worker Start (ms): Min: 651333.0, Avg: 651333.1, Max: 651333.1, Diff: 0.0]
      [Ext Root Scanning (ms): Min: 0.3, Avg: 0.3, Max: 0.3, Diff: 0.0, Sum: 1.9]
      [Update RS (ms): Min: 0.1, Avg: 0.1, Max: 0.1, Diff: 0.0, Sum: 0.6]
         [Processed Buffers: Min: 1, Avg: 2.2, Max: 3, Diff: 2, Sum: 13]
      [Scan RS (ms): Min: 0.2, Avg: 0.2, Max: 0.2, Diff: 0.0, Sum: 1.0]
      [Code Root Scanning (ms): Min: 0.0, Avg: 0.0, Max: 0.0, Diff: 0.0, Sum: 0.0]
      [Object Copy (ms): Min: 0.8, Avg: 0.8, Max: 0.9, Diff: 0.0, Sum: 5.0]
      [Termination (ms): Min: 0.0, Avg: 0.0, Max: 0.0, Diff: 0.0, Sum: 0.0]
         [Termination Attempts: Min: 1, Avg: 1.0, Max: 1, Diff: 0, Sum: 6]
      [GC Worker Other (ms): Min: 0.0, Avg: 0.1, Max: 0.1, Diff: 0.1, Sum: 0.5]
      [GC Worker Total (ms): Min: 1.4, Avg: 1.5, Max: 1.6, Diff: 0.1, Sum: 9.1]
      [GC Worker End (ms): Min: 651334.5, Avg: 651334.6, Max: 651334.6, Diff: 0.1]
   [Code Root Fixup: 0.0 ms]
   [Code Root Purge: 0.0 ms]
   [Clear CT: 0.5 ms]
   [Other: 1.4 ms]
      [Choose CSet: 0.0 ms]
      [Ref Proc: 0.1 ms]
      [Ref Enq: 0.0 ms]
      [Redirty Cards: 0.1 ms]
      [Humongous Register: 0.1 ms]
      [Humongous Reclaim: 0.0 ms]
      [Free CSet: 0.9 ms]
   [Eden: 2446.0M(2446.0M)->0.0B(2446.0M) Survivors: 10240.0K->10240.0K Heap: 2477.4M(4096.0M)->33060.2K(4096.0M)]
 [Times: user=0.05 sys=0.00, real=0.00 secs] 
2024-10-12T19:03:21.053+0300: 651.337: Total time for which application threads were stopped: 0.0040158 seconds, Stopping threads took: 0.0001514 seconds
2024-10-12T19:03:21.823+0300: 652.111: Application time: 0.7747213 seconds
2024-10-12T19:03:21.823+0300: 652.112: [GC pause (G1 Evacuation Pause) (young), 0.0039564 secs]
   [Parallel Time: 2.3 ms, GC Workers: 6]
      [GC Worker Start (ms): Min: 652111.9, Avg: 652111.9, Max: 652112.1, Diff: 0.3]
      [Ext Root Scanning (ms): Min: 0.1, Avg: 0.3, Max: 0.4, Diff: 0.2, Sum: 1.9]
      [Update RS (ms): Min: 0.0, Avg: 0.1, Max: 0.1, Diff: 0.1, Sum: 0.6]
         [Processed Buffers: Min: 0, Avg: 2.2, Max: 4, Diff: 4, Sum: 13]
      [Scan RS (ms): Min: 0.1, Avg: 0.2, Max: 0.2, Diff: 0.1, Sum: 1.0]
      [Code Root Scanning (ms): Min: 0.0, Avg: 0.0, Max: 0.0, Diff: 0.0, Sum: 0.0]
      [Object Copy (ms): Min: 1.4, Avg: 1.4, Max: 1.7, Diff: 0.3, Sum: 8.7]
      [Termination (ms): Min: 0.0, Avg: 0.0, Max: 0.0, Diff: 0.0, Sum: 0.0]
         [Termination Attempts: Min: 1, Avg: 1.0, Max: 1, Diff: 0, Sum: 6]
      [GC Worker Other (ms): Min: 0.0, Avg: 0.1, Max: 0.1, Diff: 0.1, Sum: 0.4]
      [GC Worker Total (ms): Min: 1.9, Avg: 2.1, Max: 2.2, Diff: 0.3, Sum: 12.8]
      [GC Worker End (ms): Min: 652114.0, Avg: 652114.0, Max: 652114.1, Diff: 0.1]
   [Code Root Fixup: 0.0 ms]
   [Code Root Purge: 0.0 ms]
   [Clear CT: 0.5 ms]
   [Other: 1.1 ms]
      [Choose CSet: 0.0 ms]
      [Ref Proc: 0.2 ms]
      [Ref Enq: 0.0 ms]
      [Redirty Cards: 0.1 ms]
      [Humongous Register: 0.1 ms]
      [Humongous Reclaim: 0.0 ms]
      [Free CSet: 0.7 ms]
   [Eden: 2446.0M(2446.0M)->0.0B(2444.0M) Survivors: 10240.0K->12288.0K Heap: 2478.3M(4096.0M)->34172.2K(4096.0M)]
 [Times: user=0.00 sys=0.00, real=0.00 secs] 
2024-10-12T19:03:21.823+0300: 652.116: Total time for which application threads were stopped: 0.0044147 seconds, Stopping threads took: 0.0002208 seconds
2024-10-12T19:03:22.608+0300: 652.900: Application time: 0.7843775 seconds
2024-10-12T19:03:22.608+0300: 652.900: [GC pause (G1 Evacuation Pause) (young), 0.0033642 secs]
   [Parallel Time: 1.7 ms, GC Workers: 6]
      [GC Worker Start (ms): Min: 652900.6, Avg: 652900.6, Max: 652900.7, Diff: 0.1]
      [Ext Root Scanning (ms): Min: 0.3, Avg: 0.3, Max: 0.4, Diff: 0.1, Sum: 2.0]
      [Update RS (ms): Min: 0.1, Avg: 0.1, Max: 0.1, Diff: 0.0, Sum: 0.6]
         [Processed Buffers: Min: 1, Avg: 2.0, Max: 3, Diff: 2, Sum: 12]
      [Scan RS (ms): Min: 0.1, Avg: 0.2, Max: 0.2, Diff: 0.1, Sum: 1.0]
      [Code Root Scanning (ms): Min: 0.0, Avg: 0.0, Max: 0.0, Diff: 0.0, Sum: 0.0]
      [Object Copy (ms): Min: 0.8, Avg: 0.8, Max: 0.9, Diff: 0.1, Sum: 5.0]
      [Termination (ms): Min: 0.0, Avg: 0.0, Max: 0.0, Diff: 0.0, Sum: 0.0]
         [Termination Attempts: Min: 1, Avg: 1.0, Max: 1, Diff: 0, Sum: 6]
      [GC Worker Other (ms): Min: 0.0, Avg: 0.1, Max: 0.2, Diff: 0.1, Sum: 0.6]
      [GC Worker Total (ms): Min: 1.5, Avg: 1.5, Max: 1.6, Diff: 0.1, Sum: 9.3]
      [GC Worker End (ms): Min: 652902.1, Avg: 652902.2, Max: 652902.2, Diff: 0.1]
   [Code Root Fixup: 0.0 ms]
   [Code Root Purge: 0.0 ms]
   [Clear CT: 0.6 ms]
   [Other: 1.0 ms]
      [Choose CSet: 0.0 ms]
      [Ref Proc: 0.1 ms]
      [Ref Enq: 0.0 ms]
      [Redirty Cards: 0.1 ms]
      [Humongous Register: 0.1 ms]
      [Humongous Reclaim: 0.0 ms]
      [Free CSet: 0.6 ms]
   [Eden: 2444.0M(2444.0M)->0.0B(2444.0M) Survivors: 12288.0K->12288.0K Heap: 2477.4M(4096.0M)->34192.7K(4096.0M)]
 [Times: user=0.00 sys=0.01, real=0.01 secs] 
2024-10-12T19:03:22.623+0300: 652.904: Total time for which application threads were stopped: 0.0037818 seconds, Stopping threads took: 0.0001839 seconds
2024-10-12T19:03:23.408+0300: 653.690: Application time: 0.7862836 seconds
2024-10-12T19:03:23.408+0300: 653.691: [GC pause (G1 Evacuation Pause) (young), 0.0033203 secs]
   [Parallel Time: 1.6 ms, GC Workers: 6]
      [GC Worker Start (ms): Min: 653690.6, Avg: 653690.7, Max: 653690.7, Diff: 0.1]
      [Ext Root Scanning (ms): Min: 0.3, Avg: 0.4, Max: 0.4, Diff: 0.1, Sum: 2.2]
      [Update RS (ms): Min: 0.1, Avg: 0.1, Max: 0.1, Diff: 0.0, Sum: 0.6]
         [Processed Buffers: Min: 1, Avg: 2.2, Max: 3, Diff: 2, Sum: 13]
      [Scan RS (ms): Min: 0.2, Avg: 0.2, Max: 0.2, Diff: 0.0, Sum: 1.1]
      [Code Root Scanning (ms): Min: 0.0, Avg: 0.0, Max: 0.0, Diff: 0.0, Sum: 0.0]
      [Object Copy (ms): Min: 0.7, Avg: 0.7, Max: 0.7, Diff: 0.0, Sum: 4.3]
      [Termination (ms): Min: 0.0, Avg: 0.0, Max: 0.0, Diff: 0.0, Sum: 0.0]
         [Termination Attempts: Min: 1, Avg: 2.8, Max: 5, Diff: 4, Sum: 17]
      [GC Worker Other (ms): Min: 0.0, Avg: 0.1, Max: 0.1, Diff: 0.1, Sum: 0.6]
      [GC Worker Total (ms): Min: 1.4, Avg: 1.5, Max: 1.5, Diff: 0.1, Sum: 8.9]
      [GC Worker End (ms): Min: 653692.1, Avg: 653692.1, Max: 653692.2, Diff: 0.1]
   [Code Root Fixup: 0.0 ms]
   [Code Root Purge: 0.0 ms]
   [Clear CT: 0.5 ms]
   [Other: 1.2 ms]
      [Choose CSet: 0.0 ms]
      [Ref Proc: 0.1 ms]
      [Ref Enq: 0.0 ms]
      [Redirty Cards: 0.1 ms]
      [Humongous Register: 0.1 ms]
      [Humongous Reclaim: 0.0 ms]
      [Free CSet: 0.7 ms]
   [Eden: 2444.0M(2444.0M)->0.0B(2444.0M) Survivors: 12288.0K->12288.0K Heap: 2477.4M(4096.0M)->34578.9K(4096.0M)]
 [Times: user=0.00 sys=0.00, real=0.00 secs] 
2024-10-12T19:03:23.408+0300: 653.694: Total time for which application threads were stopped: 0.0037000 seconds, Stopping threads took: 0.0001402 seconds
2024-10-12T19:03:24.193+0300: 654.479: Application time: 0.7853992 seconds
2024-10-12T19:03:24.193+0300: 654.480: [GC pause (G1 Evacuation Pause) (young), 0.0033315 secs]
   [Parallel Time: 1.5 ms, GC Workers: 6]
      [GC Worker Start (ms): Min: 654479.8, Avg: 654479.8, Max: 654479.9, Diff: 0.1]
      [Ext Root Scanning (ms): Min: 0.3, Avg: 0.3, Max: 0.4, Diff: 0.1, Sum: 2.0]
      [Update RS (ms): Min: 0.1, Avg: 0.1, Max: 0.1, Diff: 0.0, Sum: 0.6]
         [Processed Buffers: Min: 1, Avg: 2.2, Max: 4, Diff: 3, Sum: 13]
      [Scan RS (ms): Min: 0.2, Avg: 0.2, Max: 0.2, Diff: 0.0, Sum: 1.0]
      [Code Root Scanning (ms): Min: 0.0, Avg: 0.0, Max: 0.0, Diff: 0.0, Sum: 0.0]
      [Object Copy (ms): Min: 0.7, Avg: 0.7, Max: 0.8, Diff: 0.0, Sum: 4.4]
      [Termination (ms): Min: 0.0, Avg: 0.0, Max: 0.0, Diff: 0.0, Sum: 0.0]
         [Termination Attempts: Min: 1, Avg: 1.0, Max: 1, Diff: 0, Sum: 6]
      [GC Worker Other (ms): Min: 0.0, Avg: 0.1, Max: 0.1, Diff: 0.1, Sum: 0.5]
      [GC Worker Total (ms): Min: 1.4, Avg: 1.4, Max: 1.5, Diff: 0.1, Sum: 8.5]
      [GC Worker End (ms): Min: 654481.2, Avg: 654481.3, Max: 654481.3, Diff: 0.1]
   [Code Root Fixup: 0.0 ms]
   [Code Root Purge: 0.0 ms]
   [Clear CT: 0.5 ms]
   [Other: 1.3 ms]
      [Choose CSet: 0.0 ms]
      [Ref Proc: 0.1 ms]
      [Ref Enq: 0.0 ms]
      [Redirty Cards: 0.1 ms]
      [Humongous Register: 0.1 ms]
      [Humongous Reclaim: 0.0 ms]
      [Free CSet: 0.8 ms]
   [Eden: 2444.0M(2444.0M)->0.0B(2444.0M) Survivors: 12288.0K->12288.0K Heap: 2477.8M(4096.0M)->34034.9K(4096.0M)]
 [Times: user=0.00 sys=0.00, real=0.00 secs] 
2024-10-12T19:03:24.193+0300: 654.483: Total time for which application threads were stopped: 0.0037807 seconds, Stopping threads took: 0.0002357 seconds
2024-10-12T19:03:24.978+0300: 655.269: Application time: 0.7861945 seconds
2024-10-12T19:03:24.978+0300: 655.270: [GC pause (G1 Evacuation Pause) (young), 0.0039539 secs]
   [Parallel Time: 1.8 ms, GC Workers: 6]
      [GC Worker Start (ms): Min: 655269.9, Avg: 655269.9, Max: 655270.0, Diff: 0.1]
      [Ext Root Scanning (ms): Min: 0.3, Avg: 0.3, Max: 0.4, Diff: 0.1, Sum: 2.0]
      [Update RS (ms): Min: 0.1, Avg: 0.1, Max: 0.1, Diff: 0.1, Sum: 0.6]
         [Processed Buffers: Min: 1, Avg: 2.2, Max: 3, Diff: 2, Sum: 13]
      [Scan RS (ms): Min: 0.2, Avg: 0.2, Max: 0.2, Diff: 0.0, Sum: 1.0]
      [Code Root Scanning (ms): Min: 0.0, Avg: 0.0, Max: 0.0, Diff: 0.0, Sum: 0.0]
      [Object Copy (ms): Min: 0.9, Avg: 0.9, Max: 0.9, Diff: 0.0, Sum: 5.4]
      [Termination (ms): Min: 0.0, Avg: 0.0, Max: 0.0, Diff: 0.0, Sum: 0.0]
         [Termination Attempts: Min: 1, Avg: 1.0, Max: 1, Diff: 0, Sum: 6]
      [GC Worker Other (ms): Min: 0.0, Avg: 0.1, Max: 0.2, Diff: 0.1, Sum: 0.7]
      [GC Worker Total (ms): Min: 1.5, Avg: 1.6, Max: 1.7, Diff: 0.2, Sum: 9.8]
      [GC Worker End (ms): Min: 655271.5, Avg: 655271.6, Max: 655271.6, Diff: 0.1]
   [Code Root Fixup: 0.0 ms]
   [Code Root Purge: 0.0 ms]
   [Clear CT: 0.6 ms]
   [Other: 1.6 ms]
      [Choose CSet: 0.0 ms]
      [Ref Proc: 0.1 ms]
      [Ref Enq: 0.0 ms]
      [Redirty Cards: 0.1 ms]
      [Humongous Register: 0.1 ms]
      [Humongous Reclaim: 0.0 ms]
      [Free CSet: 1.1 ms]
   [Eden: 2444.0M(2444.0M)->0.0B(2444.0M) Survivors: 12288.0K->12288.0K Heap: 2477.2M(4096.0M)->34102.9K(4096.0M)]
 [Times: user=0.02 sys=0.00, real=0.02 secs] 
2024-10-12T19:03:24.993+0300: 655.274: Total time for which application threads were stopped: 0.0045530 seconds, Stopping threads took: 0.0003230 seconds
2024-10-12T19:03:25.762+0300: 656.054: Application time: 0.7805366 seconds
2024-10-12T19:03:25.762+0300: 656.055: [GC pause (G1 Evacuation Pause) (young), 0.0034681 secs]
   [Parallel Time: 1.6 ms, GC Workers: 6]
      [GC Worker Start (ms): Min: 656054.8, Avg: 656054.8, Max: 656054.9, Diff: 0.1]
      [Ext Root Scanning (ms): Min: 0.3, Avg: 0.3, Max: 0.4, Diff: 0.1, Sum: 2.0]
      [Update RS (ms): Min: 0.1, Avg: 0.1, Max: 0.1, Diff: 0.0, Sum: 0.6]
         [Processed Buffers: Min: 1, Avg: 2.2, Max: 3, Diff: 2, Sum: 13]
      [Scan RS (ms): Min: 0.1, Avg: 0.2, Max: 0.2, Diff: 0.0, Sum: 1.0]
      [Code Root Scanning (ms): Min: 0.0, Avg: 0.0, Max: 0.0, Diff: 0.0, Sum: 0.0]
      [Object Copy (ms): Min: 0.7, Avg: 0.8, Max: 0.8, Diff: 0.0, Sum: 4.5]
      [Termination (ms): Min: 0.0, Avg: 0.0, Max: 0.0, Diff: 0.0, Sum: 0.0]
         [Termination Attempts: Min: 1, Avg: 1.2, Max: 2, Diff: 1, Sum: 7]
      [GC Worker Other (ms): Min: 0.0, Avg: 0.1, Max: 0.1, Diff: 0.1, Sum: 0.5]
      [GC Worker Total (ms): Min: 1.4, Avg: 1.5, Max: 1.5, Diff: 0.2, Sum: 8.7]
      [GC Worker End (ms): Min: 656056.2, Avg: 656056.3, Max: 656056.3, Diff: 0.1]
   [Code Root Fixup: 0.0 ms]
   [Code Root Purge: 0.0 ms]
   [Clear CT: 0.5 ms]
   [Other: 1.3 ms]
      [Choose CSet: 0.0 ms]
      [Ref Proc: 0.1 ms]
      [Ref Enq: 0.0 ms]
      [Redirty Cards: 0.1 ms]
      [Humongous Register: 0.1 ms]
      [Humongous Reclaim: 0.0 ms]
      [Free CSet: 0.9 ms]
   [Eden: 2444.0M(2444.0M)->0.0B(2448.0M) Survivors: 12288.0K->8192.0K Heap: 2477.3M(4096.0M)->30100.1K(4096.0M)]
 [Times: user=0.00 sys=0.00, real=0.02 secs] 
2024-10-12T19:03:25.778+0300: 656.058: Total time for which application threads were stopped: 0.0038416 seconds, Stopping threads took: 0.0001254 seconds
2024-10-12T19:03:26.563+0300: 656.847: Application time: 0.7887342 seconds
2024-10-12T19:03:26.563+0300: 656.847: [GC pause (G1 Evacuation Pause) (young), 0.0030430 secs]
   [Parallel Time: 1.6 ms, GC Workers: 6]
      [GC Worker Start (ms): Min: 656847.4, Avg: 656847.4, Max: 656847.4, Diff: 0.1]
      [Ext Root Scanning (ms): Min: 0.3, Avg: 0.3, Max: 0.4, Diff: 0.1, Sum: 2.0]
      [Update RS (ms): Min: 0.1, Avg: 0.1, Max: 0.1, Diff: 0.0, Sum: 0.6]
         [Processed Buffers: Min: 1, Avg: 2.2, Max: 3, Diff: 2, Sum: 13]
      [Scan RS (ms): Min: 0.2, Avg: 0.2, Max: 0.2, Diff: 0.0, Sum: 1.0]
      [Code Root Scanning (ms): Min: 0.0, Avg: 0.0, Max: 0.0, Diff: 0.0, Sum: 0.0]
      [Object Copy (ms): Min: 0.7, Avg: 0.7, Max: 0.8, Diff: 0.1, Sum: 4.5]
      [Termination (ms): Min: 0.0, Avg: 0.0, Max: 0.0, Diff: 0.0, Sum: 0.0]
         [Termination Attempts: Min: 1, Avg: 1.0, Max: 1, Diff: 0, Sum: 6]
      [GC Worker Other (ms): Min: 0.0, Avg: 0.1, Max: 0.1, Diff: 0.1, Sum: 0.5]
      [GC Worker Total (ms): Min: 1.4, Avg: 1.4, Max: 1.5, Diff: 0.1, Sum: 8.7]
      [GC Worker End (ms): Min: 656848.8, Avg: 656848.9, Max: 656848.9, Diff: 0.1]
   [Code Root Fixup: 0.0 ms]
   [Code Root Purge: 0.0 ms]
   [Clear CT: 0.5 ms]
   [Other: 1.0 ms]
      [Choose CSet: 0.0 ms]
      [Ref Proc: 0.1 ms]
      [Ref Enq: 0.0 ms]
      [Redirty Cards: 0.1 ms]
      [Humongous Register: 0.0 ms]
      [Humongous Reclaim: 0.0 ms]
      [Free CSet: 0.6 ms]
   [Eden: 2448.0M(2448.0M)->0.0B(2446.0M) Survivors: 8192.0K->10240.0K Heap: 2477.4M(4096.0M)->32092.2K(4096.0M)]
 [Times: user=0.00 sys=0.00, real=0.00 secs] 
2024-10-12T19:03:26.563+0300: 656.850: Total time for which application threads were stopped: 0.0034611 seconds, Stopping threads took: 0.0001879 seconds
2024-10-12T19:03:27.349+0300: 657.634: Application time: 0.7839156 seconds
2024-10-12T19:03:27.349+0300: 657.635: [GC pause (G1 Evacuation Pause) (young), 0.0030231 secs]
   [Parallel Time: 1.6 ms, GC Workers: 6]
      [GC Worker Start (ms): Min: 657634.8, Avg: 657634.8, Max: 657634.8, Diff: 0.1]
      [Ext Root Scanning (ms): Min: 0.3, Avg: 0.3, Max: 0.4, Diff: 0.1, Sum: 2.1]
      [Update RS (ms): Min: 0.1, Avg: 0.1, Max: 0.1, Diff: 0.1, Sum: 0.6]
         [Processed Buffers: Min: 1, Avg: 2.2, Max: 4, Diff: 3, Sum: 13]
      [Scan RS (ms): Min: 0.1, Avg: 0.2, Max: 0.2, Diff: 0.0, Sum: 1.0]
      [Code Root Scanning (ms): Min: 0.0, Avg: 0.0, Max: 0.0, Diff: 0.0, Sum: 0.0]
      [Object Copy (ms): Min: 0.7, Avg: 0.7, Max: 0.7, Diff: 0.0, Sum: 4.3]
      [Termination (ms): Min: 0.0, Avg: 0.0, Max: 0.0, Diff: 0.0, Sum: 0.0]
         [Termination Attempts: Min: 1, Avg: 1.0, Max: 1, Diff: 0, Sum: 6]
      [GC Worker Other (ms): Min: 0.0, Avg: 0.1, Max: 0.1, Diff: 0.1, Sum: 0.5]
      [GC Worker Total (ms): Min: 1.3, Avg: 1.4, Max: 1.5, Diff: 0.1, Sum: 8.6]
      [GC Worker End (ms): Min: 657636.2, Avg: 657636.2, Max: 657636.3, Diff: 0.1]
   [Code Root Fixup: 0.0 ms]
   [Code Root Purge: 0.0 ms]
   [Clear CT: 0.5 ms]
   [Other: 1.0 ms]
      [Choose CSet: 0.0 ms]
      [Ref Proc: 0.1 ms]
      [Ref Enq: 0.0 ms]
      [Redirty Cards: 0.1 ms]
      [Humongous Register: 0.0 ms]
      [Humongous Reclaim: 0.0 ms]
      [Free CSet: 0.6 ms]
   [Eden: 2446.0M(2446.0M)->0.0B(2448.0M) Survivors: 10240.0K->8192.0K Heap: 2477.3M(4096.0M)->30980.4K(4096.0M)]
 [Times: user=0.00 sys=0.00, real=0.00 secs] 
2024-10-12T19:03:27.349+0300: 657.638: Total time for which application threads were stopped: 0.0034363 seconds, Stopping threads took: 0.0001827 seconds
2024-10-12T19:03:28.134+0300: 658.417: Application time: 0.7791901 seconds
2024-10-12T19:03:28.134+0300: 658.417: [GC pause (G1 Evacuation Pause) (young), 0.0032250 secs]
   [Parallel Time: 1.7 ms, GC Workers: 6]
      [GC Worker Start (ms): Min: 658417.4, Avg: 658417.5, Max: 658417.8, Diff: 0.4]
      [Ext Root Scanning (ms): Min: 0.0, Avg: 0.3, Max: 0.4, Diff: 0.4, Sum: 2.0]
      [Update RS (ms): Min: 0.0, Avg: 0.1, Max: 0.1, Diff: 0.1, Sum: 0.6]
         [Processed Buffers: Min: 0, Avg: 2.2, Max: 4, Diff: 4, Sum: 13]
      [Scan RS (ms): Min: 0.0, Avg: 0.2, Max: 0.2, Diff: 0.2, Sum: 1.0]
      [Code Root Scanning (ms): Min: 0.0, Avg: 0.0, Max: 0.0, Diff: 0.0, Sum: 0.0]
      [Object Copy (ms): Min: 0.7, Avg: 0.8, Max: 1.1, Diff: 0.3, Sum: 5.0]
      [Termination (ms): Min: 0.0, Avg: 0.0, Max: 0.0, Diff: 0.0, Sum: 0.0]
         [Termination Attempts: Min: 1, Avg: 1.0, Max: 1, Diff: 0, Sum: 6]
      [GC Worker Other (ms): Min: 0.0, Avg: 0.1, Max: 0.1, Diff: 0.1, Sum: 0.6]
      [GC Worker Total (ms): Min: 1.1, Avg: 1.5, Max: 1.7, Diff: 0.5, Sum: 9.3]
      [GC Worker End (ms): Min: 658419.0, Avg: 658419.0, Max: 658419.1, Diff: 0.1]
   [Code Root Fixup: 0.0 ms]
   [Code Root Purge: 0.0 ms]
   [Clear CT: 0.5 ms]
   [Other: 1.0 ms]
      [Choose CSet: 0.0 ms]
      [Ref Proc: 0.1 ms]
      [Ref Enq: 0.0 ms]
      [Redirty Cards: 0.1 ms]
      [Humongous Register: 0.0 ms]
      [Humongous Reclaim: 0.0 ms]
      [Free CSet: 0.6 ms]
   [Eden: 2448.0M(2448.0M)->0.0B(2446.0M) Survivors: 8192.0K->10240.0K Heap: 2478.3M(4096.0M)->33000.7K(4096.0M)]
 [Times: user=0.00 sys=0.00, real=0.00 secs] 
2024-10-12T19:03:28.134+0300: 658.421: Total time for which application threads were stopped: 0.0036216 seconds, Stopping threads took: 0.0001607 seconds
2024-10-12T19:03:28.903+0300: 659.192: Application time: 0.7710658 seconds
2024-10-12T19:03:28.903+0300: 659.192: [GC pause (G1 Evacuation Pause) (young), 0.0031020 secs]
   [Parallel Time: 1.6 ms, GC Workers: 6]
      [GC Worker Start (ms): Min: 659192.1, Avg: 659192.1, Max: 659192.1, Diff: 0.1]
      [Ext Root Scanning (ms): Min: 0.3, Avg: 0.3, Max: 0.4, Diff: 0.1, Sum: 2.0]
      [Update RS (ms): Min: 0.1, Avg: 0.1, Max: 0.1, Diff: 0.1, Sum: 0.6]
         [Processed Buffers: Min: 1, Avg: 2.2, Max: 4, Diff: 3, Sum: 13]
      [Scan RS (ms): Min: 0.1, Avg: 0.2, Max: 0.2, Diff: 0.1, Sum: 1.1]
      [Code Root Scanning (ms): Min: 0.0, Avg: 0.0, Max: 0.0, Diff: 0.0, Sum: 0.0]
      [Object Copy (ms): Min: 0.8, Avg: 0.8, Max: 0.8, Diff: 0.1, Sum: 4.7]
      [Termination (ms): Min: 0.0, Avg: 0.0, Max: 0.0, Diff: 0.0, Sum: 0.0]
         [Termination Attempts: Min: 1, Avg: 2.2, Max: 4, Diff: 3, Sum: 13]
      [GC Worker Other (ms): Min: 0.0, Avg: 0.1, Max: 0.1, Diff: 0.1, Sum: 0.5]
      [GC Worker Total (ms): Min: 1.4, Avg: 1.5, Max: 1.5, Diff: 0.1, Sum: 8.9]
      [GC Worker End (ms): Min: 659193.5, Avg: 659193.6, Max: 659193.6, Diff: 0.1]
   [Code Root Fixup: 0.0 ms]
   [Code Root Purge: 0.0 ms]
   [Clear CT: 0.5 ms]
   [Other: 1.0 ms]
      [Choose CSet: 0.0 ms]
      [Ref Proc: 0.1 ms]
      [Ref Enq: 0.0 ms]
      [Redirty Cards: 0.1 ms]
      [Humongous Register: 0.0 ms]
      [Humongous Reclaim: 0.0 ms]
      [Free CSet: 0.6 ms]
   [Eden: 2446.0M(2446.0M)->0.0B(2446.0M) Survivors: 10240.0K->10240.0K Heap: 2478.2M(4096.0M)->32084.5K(4096.0M)]
 [Times: user=0.00 sys=0.00, real=0.00 secs] 
2024-10-12T19:03:28.903+0300: 659.195: Total time for which application threads were stopped: 0.0034917 seconds, Stopping threads took: 0.0001568 seconds
2024-10-12T19:03:29.688+0300: 659.976: Application time: 0.7812179 seconds
2024-10-12T19:03:29.688+0300: 659.977: [GC pause (G1 Evacuation Pause) (young), 0.0030204 secs]
   [Parallel Time: 1.5 ms, GC Workers: 6]
      [GC Worker Start (ms): Min: 659976.8, Avg: 659976.8, Max: 659976.8, Diff: 0.1]
      [Ext Root Scanning (ms): Min: 0.3, Avg: 0.3, Max: 0.4, Diff: 0.1, Sum: 1.9]
      [Update RS (ms): Min: 0.1, Avg: 0.1, Max: 0.1, Diff: 0.0, Sum: 0.6]
         [Processed Buffers: Min: 1, Avg: 2.2, Max: 4, Diff: 3, Sum: 13]
      [Scan RS (ms): Min: 0.1, Avg: 0.2, Max: 0.2, Diff: 0.0, Sum: 1.0]
      [Code Root Scanning (ms): Min: 0.0, Avg: 0.0, Max: 0.0, Diff: 0.0, Sum: 0.0]
      [Object Copy (ms): Min: 0.7, Avg: 0.8, Max: 0.8, Diff: 0.0, Sum: 4.5]
      [Termination (ms): Min: 0.0, Avg: 0.0, Max: 0.0, Diff: 0.0, Sum: 0.0]
         [Termination Attempts: Min: 1, Avg: 1.0, Max: 1, Diff: 0, Sum: 6]
      [GC Worker Other (ms): Min: 0.0, Avg: 0.1, Max: 0.1, Diff: 0.1, Sum: 0.5]
      [GC Worker Total (ms): Min: 1.4, Avg: 1.4, Max: 1.5, Diff: 0.1, Sum: 8.5]
      [GC Worker End (ms): Min: 659978.2, Avg: 659978.2, Max: 659978.2, Diff: 0.1]
   [Code Root Fixup: 0.0 ms]
   [Code Root Purge: 0.0 ms]
   [Clear CT: 0.4 ms]
   [Other: 1.0 ms]
      [Choose CSet: 0.0 ms]
      [Ref Proc: 0.1 ms]
      [Ref Enq: 0.0 ms]
      [Redirty Cards: 0.1 ms]
      [Humongous Register: 0.0 ms]
      [Humongous Reclaim: 0.0 ms]
      [Free CSet: 0.7 ms]
   [Eden: 2446.0M(2446.0M)->0.0B(2446.0M) Survivors: 10240.0K->10240.0K Heap: 2477.3M(4096.0M)->32999.4K(4096.0M)]
 [Times: user=0.00 sys=0.00, real=0.00 secs] 
2024-10-12T19:03:29.688+0300: 659.980: Total time for which application threads were stopped: 0.0033668 seconds, Stopping threads took: 0.0001327 seconds
2024-10-12T19:03:30.473+0300: 660.760: Application time: 0.7801394 seconds
2024-10-12T19:03:30.473+0300: 660.760: [GC pause (G1 Evacuation Pause) (young), 0.0032249 secs]
   [Parallel Time: 1.6 ms, GC Workers: 6]
      [GC Worker Start (ms): Min: 660760.4, Avg: 660760.4, Max: 660760.4, Diff: 0.0]
      [Ext Root Scanning (ms): Min: 0.3, Avg: 0.3, Max: 0.4, Diff: 0.1, Sum: 1.9]
      [Update RS (ms): Min: 0.1, Avg: 0.1, Max: 0.1, Diff: 0.0, Sum: 0.6]
         [Processed Buffers: Min: 1, Avg: 2.2, Max: 3, Diff: 2, Sum: 13]
      [Scan RS (ms): Min: 0.2, Avg: 0.2, Max: 0.2, Diff: 0.0, Sum: 1.0]
      [Code Root Scanning (ms): Min: 0.0, Avg: 0.0, Max: 0.0, Diff: 0.0, Sum: 0.0]
      [Object Copy (ms): Min: 0.7, Avg: 0.8, Max: 0.8, Diff: 0.1, Sum: 4.6]
      [Termination (ms): Min: 0.0, Avg: 0.0, Max: 0.0, Diff: 0.0, Sum: 0.0]
         [Termination Attempts: Min: 1, Avg: 1.0, Max: 1, Diff: 0, Sum: 6]
      [GC Worker Other (ms): Min: 0.0, Avg: 0.1, Max: 0.1, Diff: 0.1, Sum: 0.6]
      [GC Worker Total (ms): Min: 1.4, Avg: 1.5, Max: 1.5, Diff: 0.1, Sum: 8.7]
      [GC Worker End (ms): Min: 660761.8, Avg: 660761.9, Max: 660761.9, Diff: 0.1]
   [Code Root Fixup: 0.0 ms]
   [Code Root Purge: 0.0 ms]
   [Clear CT: 0.5 ms]
   [Other: 1.1 ms]
      [Choose CSet: 0.0 ms]
      [Ref Proc: 0.1 ms]
      [Ref Enq: 0.0 ms]
      [Redirty Cards: 0.1 ms]
      [Humongous Register: 0.0 ms]
      [Humongous Reclaim: 0.0 ms]
      [Free CSet: 0.7 ms]
   [Eden: 2446.0M(2446.0M)->0.0B(2446.0M) Survivors: 10240.0K->10240.0K Heap: 2478.2M(4096.0M)->33023.7K(4096.0M)]
 [Times: user=0.00 sys=0.00, real=0.00 secs] 
2024-10-12T19:03:30.473+0300: 660.764: Total time for which application threads were stopped: 0.0036932 seconds, Stopping threads took: 0.0002189 seconds
2024-10-12T19:03:31.258+0300: 661.541: Application time: 0.7773095 seconds
2024-10-12T19:03:31.258+0300: 661.541: [GC pause (G1 Evacuation Pause) (young), 0.0040179 secs]
   [Parallel Time: 2.3 ms, GC Workers: 6]
      [GC Worker Start (ms): Min: 661541.4, Avg: 661541.4, Max: 661541.4, Diff: 0.0]
      [Ext Root Scanning (ms): Min: 0.3, Avg: 0.3, Max: 0.4, Diff: 0.0, Sum: 2.0]
      [Update RS (ms): Min: 0.1, Avg: 0.1, Max: 0.1, Diff: 0.1, Sum: 0.6]
         [Processed Buffers: Min: 1, Avg: 2.2, Max: 4, Diff: 3, Sum: 13]
      [Scan RS (ms): Min: 0.1, Avg: 0.2, Max: 0.2, Diff: 0.1, Sum: 1.0]
      [Code Root Scanning (ms): Min: 0.0, Avg: 0.0, Max: 0.0, Diff: 0.0, Sum: 0.0]
      [Object Copy (ms): Min: 1.4, Avg: 1.4, Max: 1.5, Diff: 0.1, Sum: 8.5]
      [Termination (ms): Min: 0.0, Avg: 0.0, Max: 0.0, Diff: 0.0, Sum: 0.0]
         [Termination Attempts: Min: 1, Avg: 1.0, Max: 1, Diff: 0, Sum: 6]
      [GC Worker Other (ms): Min: 0.0, Avg: 0.1, Max: 0.2, Diff: 0.2, Sum: 0.8]
      [GC Worker Total (ms): Min: 2.1, Avg: 2.1, Max: 2.2, Diff: 0.1, Sum: 12.9]
      [GC Worker End (ms): Min: 661543.5, Avg: 661543.5, Max: 661543.6, Diff: 0.2]
   [Code Root Fixup: 0.0 ms]
   [Code Root Purge: 0.0 ms]
   [Clear CT: 0.5 ms]
   [Other: 1.1 ms]
      [Choose CSet: 0.0 ms]
      [Ref Proc: 0.2 ms]
      [Ref Enq: 0.0 ms]
      [Redirty Cards: 0.1 ms]
      [Humongous Register: 0.1 ms]
      [Humongous Reclaim: 0.0 ms]
      [Free CSet: 0.6 ms]
   [Eden: 2446.0M(2446.0M)->0.0B(2444.0M) Survivors: 10240.0K->12288.0K Heap: 2478.2M(4096.0M)->34144.5K(4096.0M)]
 [Times: user=0.00 sys=0.00, real=0.00 secs] 
2024-10-12T19:03:31.258+0300: 661.545: Total time for which application threads were stopped: 0.0044583 seconds, Stopping threads took: 0.0001767 seconds
2024-10-12T19:03:32.027+0300: 662.321: Application time: 0.7752127 seconds
2024-10-12T19:03:32.027+0300: 662.321: [GC pause (G1 Evacuation Pause) (young), 0.0032386 secs]
   [Parallel Time: 1.7 ms, GC Workers: 6]
      [GC Worker Start (ms): Min: 662321.0, Avg: 662321.1, Max: 662321.4, Diff: 0.4]
      [Ext Root Scanning (ms): Min: 0.0, Avg: 0.3, Max: 0.4, Diff: 0.4, Sum: 1.8]
      [Update RS (ms): Min: 0.1, Avg: 0.1, Max: 0.1, Diff: 0.0, Sum: 0.6]
         [Processed Buffers: Min: 1, Avg: 2.2, Max: 3, Diff: 2, Sum: 13]
      [Scan RS (ms): Min: 0.1, Avg: 0.2, Max: 0.2, Diff: 0.0, Sum: 1.0]
      [Code Root Scanning (ms): Min: 0.0, Avg: 0.0, Max: 0.0, Diff: 0.0, Sum: 0.0]
      [Object Copy (ms): Min: 0.9, Avg: 0.9, Max: 0.9, Diff: 0.0, Sum: 5.3]
      [Termination (ms): Min: 0.0, Avg: 0.0, Max: 0.0, Diff: 0.0, Sum: 0.0]
         [Termination Attempts: Min: 1, Avg: 1.0, Max: 1, Diff: 0, Sum: 6]
      [GC Worker Other (ms): Min: 0.0, Avg: 0.1, Max: 0.1, Diff: 0.1, Sum: 0.5]
      [GC Worker Total (ms): Min: 1.2, Avg: 1.5, Max: 1.6, Diff: 0.4, Sum: 9.2]
      [GC Worker End (ms): Min: 662322.6, Avg: 662322.6, Max: 662322.6, Diff: 0.1]
   [Code Root Fixup: 0.0 ms]
   [Code Root Purge: 0.0 ms]
   [Clear CT: 0.5 ms]
   [Other: 1.0 ms]
      [Choose CSet: 0.0 ms]
      [Ref Proc: 0.1 ms]
      [Ref Enq: 0.0 ms]
      [Redirty Cards: 0.1 ms]
      [Humongous Register: 0.0 ms]
      [Humongous Reclaim: 0.0 ms]
      [Free CSet: 0.6 ms]
   [Eden: 2444.0M(2444.0M)->0.0B(2446.0M) Survivors: 12288.0K->10240.0K Heap: 2477.3M(4096.0M)->33198.7K(4096.0M)]
 [Times: user=0.02 sys=0.00, real=0.02 secs] 
2024-10-12T19:03:32.043+0300: 662.324: Total time for which application threads were stopped: 0.0036264 seconds, Stopping threads took: 0.0001675 seconds
2024-10-12T19:03:32.813+0300: 663.098: Application time: 0.7740449 seconds
2024-10-12T19:03:32.813+0300: 663.099: [GC pause (G1 Evacuation Pause) (young), 0.0037016 secs]
   [Parallel Time: 2.2 ms, GC Workers: 6]
      [GC Worker Start (ms): Min: 663098.7, Avg: 663098.7, Max: 663098.7, Diff: 0.0]
      [Ext Root Scanning (ms): Min: 0.3, Avg: 0.3, Max: 0.4, Diff: 0.1, Sum: 1.9]
      [Update RS (ms): Min: 0.1, Avg: 0.1, Max: 0.1, Diff: 0.0, Sum: 0.7]
         [Processed Buffers: Min: 1, Avg: 2.2, Max: 4, Diff: 3, Sum: 13]
      [Scan RS (ms): Min: 0.2, Avg: 0.2, Max: 0.2, Diff: 0.0, Sum: 1.1]
      [Code Root Scanning (ms): Min: 0.0, Avg: 0.0, Max: 0.0, Diff: 0.0, Sum: 0.0]
      [Object Copy (ms): Min: 1.4, Avg: 1.4, Max: 1.4, Diff: 0.0, Sum: 8.3]
      [Termination (ms): Min: 0.0, Avg: 0.0, Max: 0.0, Diff: 0.0, Sum: 0.0]
         [Termination Attempts: Min: 1, Avg: 1.0, Max: 1, Diff: 0, Sum: 6]
      [GC Worker Other (ms): Min: 0.0, Avg: 0.1, Max: 0.1, Diff: 0.1, Sum: 0.5]
      [GC Worker Total (ms): Min: 2.0, Avg: 2.1, Max: 2.2, Diff: 0.1, Sum: 12.5]
      [GC Worker End (ms): Min: 663100.7, Avg: 663100.8, Max: 663100.8, Diff: 0.1]
   [Code Root Fixup: 0.0 ms]
   [Code Root Purge: 0.0 ms]
   [Clear CT: 0.5 ms]
   [Other: 1.0 ms]
      [Choose CSet: 0.0 ms]
      [Ref Proc: 0.1 ms]
      [Ref Enq: 0.0 ms]
      [Redirty Cards: 0.1 ms]
      [Humongous Register: 0.0 ms]
      [Humongous Reclaim: 0.0 ms]
      [Free CSet: 0.6 ms]
   [Eden: 2446.0M(2446.0M)->0.0B(2446.0M) Survivors: 10240.0K->10240.0K Heap: 2478.4M(4096.0M)->32502.2K(4096.0M)]
 [Times: user=0.00 sys=0.00, real=0.00 secs] 
2024-10-12T19:03:32.813+0300: 663.102: Total time for which application threads were stopped: 0.0040889 seconds, Stopping threads took: 0.0001683 seconds
2024-10-12T19:03:33.598+0300: 663.883: Application time: 0.7805274 seconds
2024-10-12T19:03:33.598+0300: 663.883: [GC pause (G1 Evacuation Pause) (young), 0.0038787 secs]
   [Parallel Time: 2.4 ms, GC Workers: 6]
      [GC Worker Start (ms): Min: 663883.4, Avg: 663883.4, Max: 663883.4, Diff: 0.0]
      [Ext Root Scanning (ms): Min: 0.3, Avg: 0.3, Max: 0.4, Diff: 0.1, Sum: 2.0]
      [Update RS (ms): Min: 0.1, Avg: 0.1, Max: 0.1, Diff: 0.0, Sum: 0.6]
         [Processed Buffers: Min: 1, Avg: 2.2, Max: 3, Diff: 2, Sum: 13]
      [Scan RS (ms): Min: 0.2, Avg: 0.2, Max: 0.2, Diff: 0.0, Sum: 1.0]
      [Code Root Scanning (ms): Min: 0.0, Avg: 0.0, Max: 0.0, Diff: 0.0, Sum: 0.0]
      [Object Copy (ms): Min: 1.5, Avg: 1.6, Max: 1.6, Diff: 0.0, Sum: 9.4]
      [Termination (ms): Min: 0.0, Avg: 0.0, Max: 0.0, Diff: 0.0, Sum: 0.0]
         [Termination Attempts: Min: 1, Avg: 1.0, Max: 1, Diff: 0, Sum: 6]
      [GC Worker Other (ms): Min: 0.0, Avg: 0.1, Max: 0.1, Diff: 0.1, Sum: 0.5]
      [GC Worker Total (ms): Min: 2.2, Avg: 2.3, Max: 2.3, Diff: 0.1, Sum: 13.5]
      [GC Worker End (ms): Min: 663885.6, Avg: 663885.6, Max: 663885.7, Diff: 0.1]
   [Code Root Fixup: 0.0 ms]
   [Code Root Purge: 0.0 ms]
   [Clear CT: 0.5 ms]
   [Other: 1.0 ms]
      [Choose CSet: 0.0 ms]
      [Ref Proc: 0.1 ms]
      [Ref Enq: 0.0 ms]
      [Redirty Cards: 0.1 ms]
      [Humongous Register: 0.0 ms]
      [Humongous Reclaim: 0.0 ms]
      [Free CSet: 0.6 ms]
   [Eden: 2446.0M(2446.0M)->0.0B(2444.0M) Survivors: 10240.0K->12288.0K Heap: 2477.7M(4096.0M)->35251.7K(4096.0M)]
 [Times: user=0.00 sys=0.00, real=0.00 secs] 
2024-10-12T19:03:33.598+0300: 663.887: Total time for which application threads were stopped: 0.0043654 seconds, Stopping threads took: 0.0002499 seconds
2024-10-12T19:03:34.383+0300: 664.666: Application time: 0.7788749 seconds
2024-10-12T19:03:34.383+0300: 664.667: [GC pause (G1 Evacuation Pause) (young), 0.0034231 secs]
   [Parallel Time: 1.6 ms, GC Workers: 6]
      [GC Worker Start (ms): Min: 664666.7, Avg: 664666.7, Max: 664666.7, Diff: 0.0]
      [Ext Root Scanning (ms): Min: 0.3, Avg: 0.3, Max: 0.4, Diff: 0.1, Sum: 2.0]
      [Update RS (ms): Min: 0.1, Avg: 0.1, Max: 0.1, Diff: 0.0, Sum: 0.6]
         [Processed Buffers: Min: 1, Avg: 2.2, Max: 4, Diff: 3, Sum: 13]
      [Scan RS (ms): Min: 0.1, Avg: 0.2, Max: 0.2, Diff: 0.0, Sum: 1.0]
      [Code Root Scanning (ms): Min: 0.0, Avg: 0.0, Max: 0.0, Diff: 0.0, Sum: 0.0]
      [Object Copy (ms): Min: 0.7, Avg: 0.8, Max: 0.8, Diff: 0.0, Sum: 4.6]
      [Termination (ms): Min: 0.0, Avg: 0.0, Max: 0.0, Diff: 0.0, Sum: 0.0]
         [Termination Attempts: Min: 1, Avg: 2.0, Max: 3, Diff: 2, Sum: 12]
      [GC Worker Other (ms): Min: 0.0, Avg: 0.1, Max: 0.2, Diff: 0.1, Sum: 0.6]
      [GC Worker Total (ms): Min: 1.4, Avg: 1.5, Max: 1.5, Diff: 0.1, Sum: 8.8]
      [GC Worker End (ms): Min: 664668.1, Avg: 664668.2, Max: 664668.2, Diff: 0.1]
   [Code Root Fixup: 0.0 ms]
   [Code Root Purge: 0.0 ms]
   [Clear CT: 0.5 ms]
   [Other: 1.2 ms]
      [Choose CSet: 0.0 ms]
      [Ref Proc: 0.1 ms]
      [Ref Enq: 0.0 ms]
      [Redirty Cards: 0.1 ms]
      [Humongous Register: 0.1 ms]
      [Humongous Reclaim: 0.0 ms]
      [Free CSet: 0.7 ms]
   [Eden: 2444.0M(2444.0M)->0.0B(2450.0M) Survivors: 12288.0K->6144.0K Heap: 2478.4M(4096.0M)->29110.2K(4096.0M)]
 [Times: user=0.00 sys=0.00, real=0.00 secs] 
2024-10-12T19:03:34.383+0300: 664.670: Total time for which application threads were stopped: 0.0039024 seconds, Stopping threads took: 0.0002212 seconds
2024-10-12T19:03:35.168+0300: 665.454: Application time: 0.7840831 seconds
2024-10-12T19:03:35.168+0300: 665.455: [GC pause (G1 Evacuation Pause) (young), 0.0033908 secs]
   [Parallel Time: 1.7 ms, GC Workers: 6]
      [GC Worker Start (ms): Min: 665454.6, Avg: 665454.7, Max: 665454.9, Diff: 0.2]
      [Ext Root Scanning (ms): Min: 0.2, Avg: 0.3, Max: 0.4, Diff: 0.2, Sum: 1.9]
      [Update RS (ms): Min: 0.1, Avg: 0.1, Max: 0.1, Diff: 0.1, Sum: 0.6]
         [Processed Buffers: Min: 1, Avg: 2.2, Max: 3, Diff: 2, Sum: 13]
      [Scan RS (ms): Min: 0.1, Avg: 0.2, Max: 0.2, Diff: 0.0, Sum: 1.0]
      [Code Root Scanning (ms): Min: 0.0, Avg: 0.0, Max: 0.0, Diff: 0.0, Sum: 0.0]
      [Object Copy (ms): Min: 0.7, Avg: 0.7, Max: 0.8, Diff: 0.1, Sum: 4.4]
      [Termination (ms): Min: 0.0, Avg: 0.0, Max: 0.0, Diff: 0.0, Sum: 0.0]
         [Termination Attempts: Min: 1, Avg: 1.0, Max: 1, Diff: 0, Sum: 6]
      [GC Worker Other (ms): Min: 0.1, Avg: 0.1, Max: 0.2, Diff: 0.1, Sum: 0.7]
      [GC Worker Total (ms): Min: 1.3, Avg: 1.4, Max: 1.6, Diff: 0.3, Sum: 8.6]
      [GC Worker End (ms): Min: 665456.1, Avg: 665456.1, Max: 665456.2, Diff: 0.1]
   [Code Root Fixup: 0.0 ms]
   [Code Root Purge: 0.0 ms]
   [Clear CT: 0.6 ms]
   [Other: 1.1 ms]
      [Choose CSet: 0.0 ms]
      [Ref Proc: 0.1 ms]
      [Ref Enq: 0.0 ms]
      [Redirty Cards: 0.1 ms]
      [Humongous Register: 0.1 ms]
      [Humongous Reclaim: 0.0 ms]
      [Free CSet: 0.7 ms]
   [Eden: 2450.0M(2450.0M)->0.0B(2450.0M) Survivors: 6144.0K->6144.0K Heap: 2478.4M(4096.0M)->29112.7K(4096.0M)]
 [Times: user=0.00 sys=0.00, real=0.00 secs] 
2024-10-12T19:03:35.168+0300: 665.458: Total time for which application threads were stopped: 0.0038935 seconds, Stopping threads took: 0.0002543 seconds
2024-10-12T19:03:35.953+0300: 666.236: Application time: 0.7778723 seconds
2024-10-12T19:03:35.953+0300: 666.236: [GC pause (G1 Evacuation Pause) (young), 0.0044470 secs]
   [Parallel Time: 2.0 ms, GC Workers: 6]
      [GC Worker Start (ms): Min: 666236.3, Avg: 666236.5, Max: 666236.8, Diff: 0.5]
      [Ext Root Scanning (ms): Min: 0.0, Avg: 0.3, Max: 0.4, Diff: 0.4, Sum: 1.6]
      [Update RS (ms): Min: 0.0, Avg: 0.1, Max: 0.1, Diff: 0.1, Sum: 0.6]
         [Processed Buffers: Min: 0, Avg: 2.2, Max: 3, Diff: 3, Sum: 13]
      [Scan RS (ms): Min: 0.1, Avg: 0.2, Max: 0.2, Diff: 0.1, Sum: 1.1]
      [Code Root Scanning (ms): Min: 0.0, Avg: 0.0, Max: 0.0, Diff: 0.0, Sum: 0.0]
      [Object Copy (ms): Min: 0.8, Avg: 1.0, Max: 1.3, Diff: 0.4, Sum: 5.7]
      [Termination (ms): Min: 0.0, Avg: 0.2, Max: 0.2, Diff: 0.2, Sum: 0.9]
         [Termination Attempts: Min: 1, Avg: 1.8, Max: 3, Diff: 2, Sum: 11]
      [GC Worker Other (ms): Min: 0.0, Avg: 0.1, Max: 0.1, Diff: 0.1, Sum: 0.5]
      [GC Worker Total (ms): Min: 1.5, Avg: 1.7, Max: 1.9, Diff: 0.5, Sum: 10.4]
      [GC Worker End (ms): Min: 666238.1, Avg: 666238.2, Max: 666238.3, Diff: 0.1]
   [Code Root Fixup: 0.0 ms]
   [Code Root Purge: 0.0 ms]
   [Clear CT: 0.9 ms]
   [Other: 1.6 ms]
      [Choose CSet: 0.0 ms]
      [Ref Proc: 0.5 ms]
      [Ref Enq: 0.0 ms]
      [Redirty Cards: 0.1 ms]
      [Humongous Register: 0.1 ms]
      [Humongous Reclaim: 0.0 ms]
      [Free CSet: 0.7 ms]
   [Eden: 2450.0M(2450.0M)->0.0B(2444.0M) Survivors: 6144.0K->12288.0K Heap: 2478.4M(4096.0M)->34180.5K(4096.0M)]
 [Times: user=0.00 sys=0.00, real=0.00 secs] 
2024-10-12T19:03:35.953+0300: 666.241: Total time for which application threads were stopped: 0.0048528 seconds, Stopping threads took: 0.0001756 seconds
2024-10-12T19:03:36.738+0300: 667.021: Application time: 0.7803833 seconds
2024-10-12T19:03:36.738+0300: 667.021: [GC pause (G1 Evacuation Pause) (young), 0.0030922 secs]
   [Parallel Time: 1.6 ms, GC Workers: 6]
      [GC Worker Start (ms): Min: 667021.6, Avg: 667021.6, Max: 667021.6, Diff: 0.1]
      [Ext Root Scanning (ms): Min: 0.3, Avg: 0.3, Max: 0.4, Diff: 0.1, Sum: 2.0]
      [Update RS (ms): Min: 0.1, Avg: 0.1, Max: 0.1, Diff: 0.1, Sum: 0.6]
         [Processed Buffers: Min: 1, Avg: 2.0, Max: 3, Diff: 2, Sum: 12]
      [Scan RS (ms): Min: 0.1, Avg: 0.2, Max: 0.2, Diff: 0.1, Sum: 1.0]
      [Code Root Scanning (ms): Min: 0.0, Avg: 0.0, Max: 0.0, Diff: 0.0, Sum: 0.0]
      [Object Copy (ms): Min: 0.7, Avg: 0.7, Max: 0.8, Diff: 0.1, Sum: 4.3]
      [Termination (ms): Min: 0.0, Avg: 0.0, Max: 0.0, Diff: 0.0, Sum: 0.0]
         [Termination Attempts: Min: 1, Avg: 1.0, Max: 1, Diff: 0, Sum: 6]
      [GC Worker Other (ms): Min: 0.0, Avg: 0.1, Max: 0.1, Diff: 0.1, Sum: 0.5]
      [GC Worker Total (ms): Min: 1.4, Avg: 1.4, Max: 1.5, Diff: 0.1, Sum: 8.5]
      [GC Worker End (ms): Min: 667023.0, Avg: 667023.0, Max: 667023.0, Diff: 0.1]
   [Code Root Fixup: 0.0 ms]
   [Code Root Purge: 0.0 ms]
   [Clear CT: 0.5 ms]
   [Other: 1.0 ms]
      [Choose CSet: 0.0 ms]
      [Ref Proc: 0.1 ms]
      [Ref Enq: 0.0 ms]
      [Redirty Cards: 0.1 ms]
      [Humongous Register: 0.1 ms]
      [Humongous Reclaim: 0.0 ms]
      [Free CSet: 0.6 ms]
   [Eden: 2444.0M(2444.0M)->0.0B(2448.0M) Survivors: 12288.0K->8192.0K Heap: 2477.4M(4096.0M)->30870.9K(4096.0M)]
 [Times: user=0.02 sys=0.00, real=0.00 secs] 
2024-10-12T19:03:36.738+0300: 667.025: Total time for which application threads were stopped: 0.0034986 seconds, Stopping threads took: 0.0001772 seconds
2024-10-12T19:03:37.524+0300: 667.807: Application time: 0.7818256 seconds
2024-10-12T19:03:37.524+0300: 667.807: [GC pause (G1 Evacuation Pause) (young), 0.0030632 secs]
   [Parallel Time: 1.6 ms, GC Workers: 6]
      [GC Worker Start (ms): Min: 667806.9, Avg: 667807.0, Max: 667807.0, Diff: 0.1]
      [Ext Root Scanning (ms): Min: 0.3, Avg: 0.4, Max: 0.4, Diff: 0.1, Sum: 2.1]
      [Update RS (ms): Min: 0.1, Avg: 0.1, Max: 0.1, Diff: 0.0, Sum: 0.6]
         [Processed Buffers: Min: 1, Avg: 2.2, Max: 3, Diff: 2, Sum: 13]
      [Scan RS (ms): Min: 0.2, Avg: 0.2, Max: 0.2, Diff: 0.0, Sum: 1.0]
      [Code Root Scanning (ms): Min: 0.0, Avg: 0.0, Max: 0.0, Diff: 0.0, Sum: 0.0]
      [Object Copy (ms): Min: 0.7, Avg: 0.7, Max: 0.7, Diff: 0.0, Sum: 4.3]
      [Termination (ms): Min: 0.0, Avg: 0.0, Max: 0.0, Diff: 0.0, Sum: 0.0]
         [Termination Attempts: Min: 1, Avg: 1.2, Max: 2, Diff: 1, Sum: 7]
      [GC Worker Other (ms): Min: 0.0, Avg: 0.1, Max: 0.1, Diff: 0.1, Sum: 0.5]
      [GC Worker Total (ms): Min: 1.4, Avg: 1.4, Max: 1.5, Diff: 0.1, Sum: 8.6]
      [GC Worker End (ms): Min: 667808.3, Avg: 667808.4, Max: 667808.4, Diff: 0.1]
   [Code Root Fixup: 0.0 ms]
   [Code Root Purge: 0.0 ms]
   [Clear CT: 0.5 ms]
   [Other: 1.0 ms]
      [Choose CSet: 0.0 ms]
      [Ref Proc: 0.1 ms]
      [Ref Enq: 0.0 ms]
      [Redirty Cards: 0.1 ms]
      [Humongous Register: 0.0 ms]
      [Humongous Reclaim: 0.0 ms]
      [Free CSet: 0.7 ms]
   [Eden: 2448.0M(2448.0M)->0.0B(2444.0M) Survivors: 8192.0K->12288.0K Heap: 2478.1M(4096.0M)->34059.2K(4096.0M)]
 [Times: user=0.00 sys=0.00, real=0.00 secs] 
2024-10-12T19:03:37.524+0300: 667.810: Total time for which application threads were stopped: 0.0035425 seconds, Stopping threads took: 0.0002116 seconds
2024-10-12T19:03:38.293+0300: 668.587: Application time: 0.7766483 seconds
2024-10-12T19:03:38.293+0300: 668.587: [GC pause (G1 Evacuation Pause) (young), 0.0033357 secs]
   [Parallel Time: 1.6 ms, GC Workers: 6]
      [GC Worker Start (ms): Min: 668587.1, Avg: 668587.2, Max: 668587.2, Diff: 0.1]
      [Ext Root Scanning (ms): Min: 0.3, Avg: 0.4, Max: 0.5, Diff: 0.2, Sum: 2.2]
      [Update RS (ms): Min: 0.0, Avg: 0.1, Max: 0.2, Diff: 0.2, Sum: 0.7]
         [Processed Buffers: Min: 0, Avg: 2.2, Max: 3, Diff: 3, Sum: 13]
      [Scan RS (ms): Min: 0.1, Avg: 0.2, Max: 0.2, Diff: 0.1, Sum: 1.0]
      [Code Root Scanning (ms): Min: 0.0, Avg: 0.0, Max: 0.0, Diff: 0.0, Sum: 0.0]
      [Object Copy (ms): Min: 0.7, Avg: 0.7, Max: 0.7, Diff: 0.0, Sum: 4.2]
      [Termination (ms): Min: 0.0, Avg: 0.0, Max: 0.0, Diff: 0.0, Sum: 0.0]
         [Termination Attempts: Min: 1, Avg: 1.0, Max: 1, Diff: 0, Sum: 6]
      [GC Worker Other (ms): Min: 0.0, Avg: 0.1, Max: 0.1, Diff: 0.1, Sum: 0.5]
      [GC Worker Total (ms): Min: 1.4, Avg: 1.5, Max: 1.5, Diff: 0.2, Sum: 8.7]
      [GC Worker End (ms): Min: 668588.6, Avg: 668588.6, Max: 668588.7, Diff: 0.1]
   [Code Root Fixup: 0.0 ms]
   [Code Root Purge: 0.0 ms]
   [Clear CT: 0.6 ms]
   [Other: 1.2 ms]
      [Choose CSet: 0.0 ms]
      [Ref Proc: 0.1 ms]
      [Ref Enq: 0.0 ms]
      [Redirty Cards: 0.1 ms]
      [Humongous Register: 0.0 ms]
      [Humongous Reclaim: 0.0 ms]
      [Free CSet: 0.7 ms]
   [Eden: 2444.0M(2444.0M)->0.0B(2446.0M) Survivors: 12288.0K->10240.0K Heap: 2477.3M(4096.0M)->32986.2K(4096.0M)]
 [Times: user=0.01 sys=0.00, real=0.02 secs] 
2024-10-12T19:03:38.308+0300: 668.591: Total time for which application threads were stopped: 0.0038179 seconds, Stopping threads took: 0.0002191 seconds
2024-10-12T19:03:39.094+0300: 669.373: Application time: 0.7828909 seconds
2024-10-12T19:03:39.094+0300: 669.374: [GC pause (G1 Evacuation Pause) (young), 0.0030065 secs]
   [Parallel Time: 1.5 ms, GC Workers: 6]
      [GC Worker Start (ms): Min: 669373.7, Avg: 669373.7, Max: 669373.7, Diff: 0.1]
      [Ext Root Scanning (ms): Min: 0.3, Avg: 0.3, Max: 0.4, Diff: 0.1, Sum: 1.9]
      [Update RS (ms): Min: 0.1, Avg: 0.1, Max: 0.1, Diff: 0.0, Sum: 0.6]
         [Processed Buffers: Min: 1, Avg: 2.2, Max: 3, Diff: 2, Sum: 13]
      [Scan RS (ms): Min: 0.2, Avg: 0.2, Max: 0.2, Diff: 0.0, Sum: 1.0]
      [Code Root Scanning (ms): Min: 0.0, Avg: 0.0, Max: 0.0, Diff: 0.0, Sum: 0.0]
      [Object Copy (ms): Min: 0.7, Avg: 0.7, Max: 0.7, Diff: 0.1, Sum: 4.3]
      [Termination (ms): Min: 0.0, Avg: 0.0, Max: 0.0, Diff: 0.0, Sum: 0.0]
         [Termination Attempts: Min: 1, Avg: 1.2, Max: 2, Diff: 1, Sum: 7]
      [GC Worker Other (ms): Min: 0.0, Avg: 0.1, Max: 0.1, Diff: 0.1, Sum: 0.5]
      [GC Worker Total (ms): Min: 1.3, Avg: 1.4, Max: 1.4, Diff: 0.1, Sum: 8.4]
      [GC Worker End (ms): Min: 669375.1, Avg: 669375.1, Max: 669375.2, Diff: 0.1]
   [Code Root Fixup: 0.0 ms]
   [Code Root Purge: 0.0 ms]
   [Clear CT: 0.5 ms]
   [Other: 1.0 ms]
      [Choose CSet: 0.0 ms]
      [Ref Proc: 0.1 ms]
      [Ref Enq: 0.0 ms]
      [Redirty Cards: 0.1 ms]
      [Humongous Register: 0.0 ms]
      [Humongous Reclaim: 0.0 ms]
      [Free CSet: 0.6 ms]
   [Eden: 2446.0M(2446.0M)->0.0B(2446.0M) Survivors: 10240.0K->10240.0K Heap: 2478.2M(4096.0M)->32094.8K(4096.0M)]
 [Times: user=0.00 sys=0.00, real=0.00 secs] 
2024-10-12T19:03:39.094+0300: 669.377: Total time for which application threads were stopped: 0.0034151 seconds, Stopping threads took: 0.0001156 seconds
2024-10-12T19:03:39.863+0300: 670.149: Application time: 0.7724035 seconds
2024-10-12T19:03:39.863+0300: 670.150: [GC pause (G1 Evacuation Pause) (young), 0.0033378 secs]
   [Parallel Time: 1.6 ms, GC Workers: 6]
      [GC Worker Start (ms): Min: 670149.6, Avg: 670149.7, Max: 670149.7, Diff: 0.1]
      [Ext Root Scanning (ms): Min: 0.3, Avg: 0.3, Max: 0.3, Diff: 0.1, Sum: 1.9]
      [Update RS (ms): Min: 0.1, Avg: 0.1, Max: 0.1, Diff: 0.1, Sum: 0.6]
         [Processed Buffers: Min: 1, Avg: 2.2, Max: 4, Diff: 3, Sum: 13]
      [Scan RS (ms): Min: 0.2, Avg: 0.2, Max: 0.2, Diff: 0.0, Sum: 1.0]
      [Code Root Scanning (ms): Min: 0.0, Avg: 0.0, Max: 0.0, Diff: 0.0, Sum: 0.0]
      [Object Copy (ms): Min: 0.7, Avg: 0.7, Max: 0.7, Diff: 0.0, Sum: 4.4]
      [Termination (ms): Min: 0.0, Avg: 0.0, Max: 0.0, Diff: 0.0, Sum: 0.0]
         [Termination Attempts: Min: 1, Avg: 1.0, Max: 1, Diff: 0, Sum: 6]
      [GC Worker Other (ms): Min: 0.1, Avg: 0.1, Max: 0.2, Diff: 0.2, Sum: 0.8]
      [GC Worker Total (ms): Min: 1.4, Avg: 1.5, Max: 1.5, Diff: 0.1, Sum: 8.8]
      [GC Worker End (ms): Min: 670151.0, Avg: 670151.1, Max: 670151.2, Diff: 0.2]
   [Code Root Fixup: 0.0 ms]
   [Code Root Purge: 0.0 ms]
   [Clear CT: 0.6 ms]
   [Other: 1.1 ms]
      [Choose CSet: 0.0 ms]
      [Ref Proc: 0.1 ms]
      [Ref Enq: 0.0 ms]
      [Redirty Cards: 0.1 ms]
      [Humongous Register: 0.0 ms]
      [Humongous Reclaim: 0.0 ms]
      [Free CSet: 0.7 ms]
   [Eden: 2446.0M(2446.0M)->0.0B(2446.0M) Survivors: 10240.0K->10240.0K Heap: 2477.3M(4096.0M)->32099.4K(4096.0M)]
 [Times: user=0.00 sys=0.00, real=0.00 secs] 
2024-10-12T19:03:39.863+0300: 670.153: Total time for which application threads were stopped: 0.0037575 seconds, Stopping threads took: 0.0001670 seconds
2024-10-12T19:03:40.647+0300: 670.931: Application time: 0.7778732 seconds
2024-10-12T19:03:40.647+0300: 670.931: [GC pause (G1 Evacuation Pause) (young), 0.0034875 secs]
   [Parallel Time: 1.9 ms, GC Workers: 6]
      [GC Worker Start (ms): Min: 670931.3, Avg: 670931.3, Max: 670931.3, Diff: 0.1]
      [Ext Root Scanning (ms): Min: 0.3, Avg: 0.3, Max: 0.4, Diff: 0.1, Sum: 1.9]
      [Update RS (ms): Min: 0.1, Avg: 0.1, Max: 0.1, Diff: 0.1, Sum: 0.6]
         [Processed Buffers: Min: 1, Avg: 2.2, Max: 3, Diff: 2, Sum: 13]
      [Scan RS (ms): Min: 0.1, Avg: 0.2, Max: 0.2, Diff: 0.0, Sum: 1.0]
      [Code Root Scanning (ms): Min: 0.0, Avg: 0.0, Max: 0.0, Diff: 0.0, Sum: 0.0]
      [Object Copy (ms): Min: 1.1, Avg: 1.1, Max: 1.2, Diff: 0.1, Sum: 6.8]
      [Termination (ms): Min: 0.0, Avg: 0.0, Max: 0.0, Diff: 0.0, Sum: 0.0]
         [Termination Attempts: Min: 1, Avg: 1.0, Max: 1, Diff: 0, Sum: 6]
      [GC Worker Other (ms): Min: 0.1, Avg: 0.1, Max: 0.1, Diff: 0.1, Sum: 0.6]
      [GC Worker Total (ms): Min: 1.8, Avg: 1.8, Max: 1.9, Diff: 0.1, Sum: 11.0]
      [GC Worker End (ms): Min: 670933.1, Avg: 670933.1, Max: 670933.2, Diff: 0.1]
   [Code Root Fixup: 0.0 ms]
   [Code Root Purge: 0.0 ms]
   [Clear CT: 0.5 ms]
   [Other: 1.0 ms]
      [Choose CSet: 0.0 ms]
      [Ref Proc: 0.1 ms]
      [Ref Enq: 0.0 ms]
      [Redirty Cards: 0.1 ms]
      [Humongous Register: 0.0 ms]
      [Humongous Reclaim: 0.0 ms]
      [Free CSet: 0.6 ms]
   [Eden: 2446.0M(2446.0M)->0.0B(2444.0M) Survivors: 10240.0K->12288.0K Heap: 2477.3M(4096.0M)->35093.0K(4096.0M)]
 [Times: user=0.00 sys=0.00, real=0.00 secs] 
2024-10-12T19:03:40.647+0300: 670.935: Total time for which application threads were stopped: 0.0039454 seconds, Stopping threads took: 0.0002103 seconds
2024-10-12T19:03:41.432+0300: 671.718: Application time: 0.7836788 seconds
2024-10-12T19:03:41.432+0300: 671.719: [GC pause (G1 Evacuation Pause) (young), 0.0042328 secs]
   [Parallel Time: 2.2 ms, GC Workers: 6]
      [GC Worker Start (ms): Min: 671719.0, Avg: 671719.0, Max: 671719.0, Diff: 0.0]
      [Ext Root Scanning (ms): Min: 0.3, Avg: 0.3, Max: 0.4, Diff: 0.0, Sum: 2.0]
      [Update RS (ms): Min: 0.1, Avg: 0.1, Max: 0.1, Diff: 0.1, Sum: 0.6]
         [Processed Buffers: Min: 1, Avg: 2.2, Max: 3, Diff: 2, Sum: 13]
      [Scan RS (ms): Min: 0.2, Avg: 0.2, Max: 0.2, Diff: 0.0, Sum: 1.1]
      [Code Root Scanning (ms): Min: 0.0, Avg: 0.0, Max: 0.0, Diff: 0.0, Sum: 0.0]
      [Object Copy (ms): Min: 1.3, Avg: 1.3, Max: 1.4, Diff: 0.1, Sum: 7.9]
      [Termination (ms): Min: 0.0, Avg: 0.0, Max: 0.0, Diff: 0.0, Sum: 0.0]
         [Termination Attempts: Min: 1, Avg: 1.0, Max: 1, Diff: 0, Sum: 6]
      [GC Worker Other (ms): Min: 0.0, Avg: 0.1, Max: 0.2, Diff: 0.1, Sum: 0.6]
      [GC Worker Total (ms): Min: 2.0, Avg: 2.1, Max: 2.1, Diff: 0.1, Sum: 12.3]
      [GC Worker End (ms): Min: 671721.0, Avg: 671721.1, Max: 671721.1, Diff: 0.1]
   [Code Root Fixup: 0.0 ms]
   [Code Root Purge: 0.0 ms]
   [Clear CT: 0.5 ms]
   [Other: 1.5 ms]
      [Choose CSet: 0.0 ms]
      [Ref Proc: 0.1 ms]
      [Ref Enq: 0.0 ms]
      [Redirty Cards: 0.1 ms]
      [Humongous Register: 0.0 ms]
      [Humongous Reclaim: 0.0 ms]
      [Free CSet: 1.0 ms]
   [Eden: 2444.0M(2444.0M)->0.0B(2444.0M) Survivors: 12288.0K->12288.0K Heap: 2478.3M(4096.0M)->35276.7K(4096.0M)]
 [Times: user=0.00 sys=0.00, real=0.00 secs] 
2024-10-12T19:03:41.432+0300: 671.723: Total time for which application threads were stopped: 0.0047403 seconds, Stopping threads took: 0.0002705 seconds
2024-10-12T19:03:42.247+0300: 672.540: Application time: 0.8168728 seconds
2024-10-12T19:03:42.247+0300: 672.540: [GC pause (G1 Evacuation Pause) (young), 0.0039541 secs]
   [Parallel Time: 2.1 ms, GC Workers: 6]
      [GC Worker Start (ms): Min: 672540.5, Avg: 672540.6, Max: 672540.9, Diff: 0.4]
      [Ext Root Scanning (ms): Min: 0.0, Avg: 0.3, Max: 0.4, Diff: 0.4, Sum: 1.9]
      [Update RS (ms): Min: 0.0, Avg: 0.1, Max: 0.1, Diff: 0.1, Sum: 0.6]
         [Processed Buffers: Min: 0, Avg: 2.2, Max: 3, Diff: 3, Sum: 13]
      [Scan RS (ms): Min: 0.1, Avg: 0.2, Max: 0.2, Diff: 0.1, Sum: 1.1]
      [Code Root Scanning (ms): Min: 0.0, Avg: 0.0, Max: 0.0, Diff: 0.0, Sum: 0.0]
      [Object Copy (ms): Min: 0.9, Avg: 1.0, Max: 1.3, Diff: 0.4, Sum: 6.0]
      [Termination (ms): Min: 0.0, Avg: 0.2, Max: 0.2, Diff: 0.2, Sum: 1.1]
         [Termination Attempts: Min: 1, Avg: 1.5, Max: 2, Diff: 1, Sum: 9]
      [GC Worker Other (ms): Min: 0.0, Avg: 0.0, Max: 0.1, Diff: 0.1, Sum: 0.2]
      [GC Worker Total (ms): Min: 1.5, Avg: 1.8, Max: 1.9, Diff: 0.5, Sum: 10.9]
      [GC Worker End (ms): Min: 672542.4, Avg: 672542.4, Max: 672542.4, Diff: 0.1]
   [Code Root Fixup: 0.0 ms]
   [Code Root Purge: 0.0 ms]
   [Clear CT: 0.4 ms]
   [Other: 1.5 ms]
      [Choose CSet: 0.0 ms]
      [Ref Proc: 0.1 ms]
      [Ref Enq: 0.0 ms]
      [Redirty Cards: 0.1 ms]
      [Humongous Register: 0.1 ms]
      [Humongous Reclaim: 0.0 ms]
      [Free CSet: 1.0 ms]
   [Eden: 2444.0M(2444.0M)->0.0B(2446.0M) Survivors: 12288.0K->10240.0K Heap: 2478.4M(4096.0M)->33231.2K(4096.0M)]
 [Times: user=0.00 sys=0.00, real=0.02 secs] 
2024-10-12T19:03:42.263+0300: 672.544: Total time for which application threads were stopped: 0.0043719 seconds, Stopping threads took: 0.0001513 seconds
2024-10-12T19:03:43.064+0300: 673.345: Application time: 0.8000119 seconds
2024-10-12T19:03:43.064+0300: 673.345: [GC pause (G1 Evacuation Pause) (young), 0.0038128 secs]
   [Parallel Time: 1.7 ms, GC Workers: 6]
      [GC Worker Start (ms): Min: 673344.9, Avg: 673344.9, Max: 673344.9, Diff: 0.0]
      [Ext Root Scanning (ms): Min: 0.3, Avg: 0.3, Max: 0.4, Diff: 0.0, Sum: 2.0]
      [Update RS (ms): Min: 0.1, Avg: 0.1, Max: 0.1, Diff: 0.1, Sum: 0.6]
         [Processed Buffers: Min: 1, Avg: 2.0, Max: 3, Diff: 2, Sum: 12]
      [Scan RS (ms): Min: 0.1, Avg: 0.2, Max: 0.2, Diff: 0.1, Sum: 1.0]
      [Code Root Scanning (ms): Min: 0.0, Avg: 0.0, Max: 0.0, Diff: 0.0, Sum: 0.0]
      [Object Copy (ms): Min: 0.8, Avg: 0.8, Max: 0.9, Diff: 0.0, Sum: 5.1]
      [Termination (ms): Min: 0.0, Avg: 0.0, Max: 0.0, Diff: 0.0, Sum: 0.0]
         [Termination Attempts: Min: 1, Avg: 1.8, Max: 3, Diff: 2, Sum: 11]
      [GC Worker Other (ms): Min: 0.0, Avg: 0.1, Max: 0.2, Diff: 0.1, Sum: 0.6]
      [GC Worker Total (ms): Min: 1.4, Avg: 1.5, Max: 1.6, Diff: 0.2, Sum: 9.2]
      [GC Worker End (ms): Min: 673346.4, Avg: 673346.5, Max: 673346.5, Diff: 0.1]
   [Code Root Fixup: 0.0 ms]
   [Code Root Purge: 0.0 ms]
   [Clear CT: 0.5 ms]
   [Other: 1.6 ms]
      [Choose CSet: 0.0 ms]
      [Ref Proc: 0.1 ms]
      [Ref Enq: 0.0 ms]
      [Redirty Cards: 0.1 ms]
      [Humongous Register: 0.1 ms]
      [Humongous Reclaim: 0.0 ms]
      [Free CSet: 1.0 ms]
   [Eden: 2446.0M(2446.0M)->0.0B(2448.0M) Survivors: 10240.0K->8192.0K Heap: 2478.5M(4096.0M)->31066.2K(4096.0M)]
 [Times: user=0.00 sys=0.00, real=0.00 secs] 
2024-10-12T19:03:43.064+0300: 673.349: Total time for which application threads were stopped: 0.0042214 seconds, Stopping threads took: 0.0001448 seconds
2024-10-12T19:03:43.864+0300: 674.158: Application time: 0.8089387 seconds
2024-10-12T19:03:43.864+0300: 674.158: [GC pause (G1 Evacuation Pause) (young), 0.0044021 secs]
   [Parallel Time: 2.4 ms, GC Workers: 6]
      [GC Worker Start (ms): Min: 674158.1, Avg: 674158.2, Max: 674158.2, Diff: 0.1]
      [Ext Root Scanning (ms): Min: 0.3, Avg: 0.4, Max: 0.4, Diff: 0.1, Sum: 2.1]
      [Update RS (ms): Min: 0.1, Avg: 0.1, Max: 0.1, Diff: 0.0, Sum: 0.6]
         [Processed Buffers: Min: 2, Avg: 2.2, Max: 3, Diff: 1, Sum: 13]
      [Scan RS (ms): Min: 0.2, Avg: 0.2, Max: 0.2, Diff: 0.1, Sum: 1.2]
      [Code Root Scanning (ms): Min: 0.0, Avg: 0.0, Max: 0.0, Diff: 0.0, Sum: 0.0]
      [Object Copy (ms): Min: 1.3, Avg: 1.4, Max: 1.5, Diff: 0.1, Sum: 8.5]
      [Termination (ms): Min: 0.0, Avg: 0.0, Max: 0.0, Diff: 0.0, Sum: 0.0]
         [Termination Attempts: Min: 1, Avg: 1.0, Max: 1, Diff: 0, Sum: 6]
      [GC Worker Other (ms): Min: 0.0, Avg: 0.1, Max: 0.2, Diff: 0.2, Sum: 0.8]
      [GC Worker Total (ms): Min: 2.1, Avg: 2.2, Max: 2.3, Diff: 0.1, Sum: 13.3]
      [GC Worker End (ms): Min: 674160.3, Avg: 674160.4, Max: 674160.4, Diff: 0.2]
   [Code Root Fixup: 0.0 ms]
   [Code Root Purge: 0.0 ms]
   [Clear CT: 0.5 ms]
   [Other: 1.5 ms]
      [Choose CSet: 0.0 ms]
      [Ref Proc: 0.1 ms]
      [Ref Enq: 0.0 ms]
      [Redirty Cards: 0.1 ms]
      [Humongous Register: 0.1 ms]
      [Humongous Reclaim: 0.0 ms]
      [Free CSet: 1.0 ms]
   [Eden: 2448.0M(2448.0M)->0.0B(2444.0M) Survivors: 8192.0K->12288.0K Heap: 2478.3M(4096.0M)->35012.0K(4096.0M)]
 [Times: user=0.02 sys=0.00, real=0.02 secs] 
2024-10-12T19:03:43.880+0300: 674.163: Total time for which application threads were stopped: 0.0048746 seconds, Stopping threads took: 0.0001921 seconds
2024-10-12T19:03:44.696+0300: 674.979: Application time: 0.8168094 seconds
2024-10-12T19:03:44.696+0300: 674.980: [GC pause (G1 Evacuation Pause) (young), 0.0044203 secs]
   [Parallel Time: 2.2 ms, GC Workers: 6]
      [GC Worker Start (ms): Min: 674979.8, Avg: 674979.9, Max: 674980.2, Diff: 0.4]
      [Ext Root Scanning (ms): Min: 0.0, Avg: 0.3, Max: 0.4, Diff: 0.4, Sum: 1.8]
      [Update RS (ms): Min: 0.1, Avg: 0.1, Max: 0.1, Diff: 0.0, Sum: 0.6]
         [Processed Buffers: Min: 1, Avg: 2.2, Max: 4, Diff: 3, Sum: 13]
      [Scan RS (ms): Min: 0.2, Avg: 0.2, Max: 0.2, Diff: 0.0, Sum: 1.0]
      [Code Root Scanning (ms): Min: 0.0, Avg: 0.0, Max: 0.0, Diff: 0.0, Sum: 0.0]
      [Object Copy (ms): Min: 1.3, Avg: 1.3, Max: 1.3, Diff: 0.0, Sum: 7.9]
      [Termination (ms): Min: 0.0, Avg: 0.0, Max: 0.0, Diff: 0.0, Sum: 0.0]
         [Termination Attempts: Min: 1, Avg: 1.2, Max: 2, Diff: 1, Sum: 7]
      [GC Worker Other (ms): Min: 0.0, Avg: 0.1, Max: 0.2, Diff: 0.2, Sum: 0.6]
      [GC Worker Total (ms): Min: 1.6, Avg: 2.0, Max: 2.1, Diff: 0.5, Sum: 12.0]
      [GC Worker End (ms): Min: 674981.8, Avg: 674981.9, Max: 674981.9, Diff: 0.2]
   [Code Root Fixup: 0.0 ms]
   [Code Root Purge: 0.0 ms]
   [Clear CT: 0.5 ms]
   [Other: 1.6 ms]
      [Choose CSet: 0.0 ms]
      [Ref Proc: 0.1 ms]
      [Ref Enq: 0.0 ms]
      [Redirty Cards: 0.1 ms]
      [Humongous Register: 0.1 ms]
      [Humongous Reclaim: 0.0 ms]
      [Free CSet: 1.1 ms]
   [Eden: 2444.0M(2444.0M)->0.0B(2444.0M) Survivors: 12288.0K->12288.0K Heap: 2478.2M(4096.0M)->35286.7K(4096.0M)]
 [Times: user=0.00 sys=0.00, real=0.00 secs] 
2024-10-12T19:03:44.696+0300: 674.984: Total time for which application threads were stopped: 0.0048627 seconds, Stopping threads took: 0.0001771 seconds
2024-10-12T19:03:45.481+0300: 675.769: Application time: 0.7847626 seconds
2024-10-12T19:03:45.481+0300: 675.769: [GC pause (G1 Evacuation Pause) (young), 0.0038508 secs]
   [Parallel Time: 1.8 ms, GC Workers: 6]
      [GC Worker Start (ms): Min: 675769.4, Avg: 675769.4, Max: 675769.4, Diff: 0.1]
      [Ext Root Scanning (ms): Min: 0.3, Avg: 0.3, Max: 0.4, Diff: 0.1, Sum: 2.0]
      [Update RS (ms): Min: 0.1, Avg: 0.1, Max: 0.1, Diff: 0.0, Sum: 0.6]
         [Processed Buffers: Min: 1, Avg: 2.2, Max: 3, Diff: 2, Sum: 13]
      [Scan RS (ms): Min: 0.2, Avg: 0.2, Max: 0.2, Diff: 0.0, Sum: 1.1]
      [Code Root Scanning (ms): Min: 0.0, Avg: 0.0, Max: 0.0, Diff: 0.0, Sum: 0.0]
      [Object Copy (ms): Min: 0.8, Avg: 0.9, Max: 0.9, Diff: 0.1, Sum: 5.1]
      [Termination (ms): Min: 0.0, Avg: 0.0, Max: 0.0, Diff: 0.0, Sum: 0.0]
         [Termination Attempts: Min: 1, Avg: 1.2, Max: 2, Diff: 1, Sum: 7]
      [GC Worker Other (ms): Min: 0.0, Avg: 0.1, Max: 0.2, Diff: 0.2, Sum: 0.7]
      [GC Worker Total (ms): Min: 1.5, Avg: 1.6, Max: 1.7, Diff: 0.2, Sum: 9.6]
      [GC Worker End (ms): Min: 675770.9, Avg: 675771.0, Max: 675771.1, Diff: 0.2]
   [Code Root Fixup: 0.0 ms]
   [Code Root Purge: 0.0 ms]
   [Clear CT: 0.5 ms]
   [Other: 1.5 ms]
      [Choose CSet: 0.0 ms]
      [Ref Proc: 0.1 ms]
      [Ref Enq: 0.0 ms]
      [Redirty Cards: 0.1 ms]
      [Humongous Register: 0.1 ms]
      [Humongous Reclaim: 0.0 ms]
      [Free CSet: 1.0 ms]
   [Eden: 2444.0M(2444.0M)->0.0B(2444.0M) Survivors: 12288.0K->12288.0K Heap: 2478.5M(4096.0M)->34736.9K(4096.0M)]
 [Times: user=0.00 sys=0.00, real=0.00 secs] 
2024-10-12T19:03:45.481+0300: 675.773: Total time for which application threads were stopped: 0.0042381 seconds, Stopping threads took: 0.0001327 seconds
2024-10-12T19:03:46.267+0300: 676.556: Application time: 0.7829488 seconds
2024-10-12T19:03:46.267+0300: 676.557: [GC pause (G1 Evacuation Pause) (young), 0.0042480 secs]
   [Parallel Time: 2.2 ms, GC Workers: 6]
      [GC Worker Start (ms): Min: 676556.6, Avg: 676556.7, Max: 676556.7, Diff: 0.0]
      [Ext Root Scanning (ms): Min: 0.3, Avg: 0.3, Max: 0.3, Diff: 0.0, Sum: 2.0]
      [Update RS (ms): Min: 0.1, Avg: 0.1, Max: 0.1, Diff: 0.0, Sum: 0.6]
         [Processed Buffers: Min: 1, Avg: 2.2, Max: 4, Diff: 3, Sum: 13]
      [Scan RS (ms): Min: 0.1, Avg: 0.2, Max: 0.2, Diff: 0.0, Sum: 1.0]
      [Code Root Scanning (ms): Min: 0.0, Avg: 0.0, Max: 0.0, Diff: 0.0, Sum: 0.0]
      [Object Copy (ms): Min: 1.4, Avg: 1.4, Max: 1.4, Diff: 0.0, Sum: 8.2]
      [Termination (ms): Min: 0.0, Avg: 0.0, Max: 0.0, Diff: 0.0, Sum: 0.0]
         [Termination Attempts: Min: 1, Avg: 1.0, Max: 1, Diff: 0, Sum: 6]
      [GC Worker Other (ms): Min: 0.0, Avg: 0.1, Max: 0.2, Diff: 0.1, Sum: 0.6]
      [GC Worker Total (ms): Min: 2.0, Avg: 2.1, Max: 2.1, Diff: 0.2, Sum: 12.3]
      [GC Worker End (ms): Min: 676558.6, Avg: 676558.7, Max: 676558.8, Diff: 0.1]
   [Code Root Fixup: 0.0 ms]
   [Code Root Purge: 0.0 ms]
   [Clear CT: 0.6 ms]
   [Other: 1.4 ms]
      [Choose CSet: 0.0 ms]
      [Ref Proc: 0.1 ms]
      [Ref Enq: 0.0 ms]
      [Redirty Cards: 0.1 ms]
      [Humongous Register: 0.1 ms]
      [Humongous Reclaim: 0.0 ms]
      [Free CSet: 1.0 ms]
   [Eden: 2444.0M(2444.0M)->0.0B(2444.0M) Survivors: 12288.0K->12288.0K Heap: 2477.9M(4096.0M)->35201.9K(4096.0M)]
 [Times: user=0.01 sys=0.00, real=0.00 secs] 
2024-10-12T19:03:46.267+0300: 676.561: Total time for which application threads were stopped: 0.0047568 seconds, Stopping threads took: 0.0002239 seconds
2024-10-12T19:03:47.052+0300: 677.345: Application time: 0.7839841 seconds
2024-10-12T19:03:47.052+0300: 677.345: [GC pause (G1 Evacuation Pause) (young), 0.0035495 secs]
   [Parallel Time: 1.8 ms, GC Workers: 6]
      [GC Worker Start (ms): Min: 677345.3, Avg: 677345.4, Max: 677345.7, Diff: 0.4]
      [Ext Root Scanning (ms): Min: 0.0, Avg: 0.3, Max: 0.4, Diff: 0.4, Sum: 1.8]
      [Update RS (ms): Min: 0.0, Avg: 0.1, Max: 0.1, Diff: 0.1, Sum: 0.6]
         [Processed Buffers: Min: 0, Avg: 2.2, Max: 3, Diff: 3, Sum: 13]
      [Scan RS (ms): Min: 0.1, Avg: 0.2, Max: 0.2, Diff: 0.1, Sum: 1.0]
      [Code Root Scanning (ms): Min: 0.0, Avg: 0.0, Max: 0.0, Diff: 0.0, Sum: 0.0]
      [Object Copy (ms): Min: 0.9, Avg: 1.0, Max: 1.2, Diff: 0.3, Sum: 6.0]
      [Termination (ms): Min: 0.0, Avg: 0.0, Max: 0.0, Diff: 0.0, Sum: 0.0]
         [Termination Attempts: Min: 1, Avg: 1.0, Max: 1, Diff: 0, Sum: 6]
      [GC Worker Other (ms): Min: 0.0, Avg: 0.1, Max: 0.1, Diff: 0.1, Sum: 0.6]
      [GC Worker Total (ms): Min: 1.3, Avg: 1.7, Max: 1.8, Diff: 0.5, Sum: 10.1]
      [GC Worker End (ms): Min: 677347.0, Avg: 677347.1, Max: 677347.1, Diff: 0.1]
   [Code Root Fixup: 0.0 ms]
   [Code Root Purge: 0.0 ms]
   [Clear CT: 0.5 ms]
   [Other: 1.2 ms]
      [Choose CSet: 0.0 ms]
      [Ref Proc: 0.1 ms]
      [Ref Enq: 0.0 ms]
      [Redirty Cards: 0.1 ms]
      [Humongous Register: 0.1 ms]
      [Humongous Reclaim: 0.0 ms]
      [Free CSet: 0.8 ms]
   [Eden: 2444.0M(2444.0M)->0.0B(2446.0M) Survivors: 12288.0K->10240.0K Heap: 2478.4M(4096.0M)->33246.2K(4096.0M)]
 [Times: user=0.00 sys=0.00, real=0.01 secs] 
2024-10-12T19:03:47.067+0300: 677.349: Total time for which application threads were stopped: 0.0039729 seconds, Stopping threads took: 0.0001973 seconds
2024-10-12T19:03:47.837+0300: 678.125: Application time: 0.7759005 seconds
2024-10-12T19:03:47.837+0300: 678.125: [GC pause (G1 Evacuation Pause) (young), 0.0039675 secs]
   [Parallel Time: 2.2 ms, GC Workers: 6]
      [GC Worker Start (ms): Min: 678125.2, Avg: 678125.3, Max: 678125.5, Diff: 0.3]
      [Ext Root Scanning (ms): Min: 0.1, Avg: 0.3, Max: 0.4, Diff: 0.3, Sum: 1.9]
      [Update RS (ms): Min: 0.1, Avg: 0.1, Max: 0.1, Diff: 0.1, Sum: 0.6]
         [Processed Buffers: Min: 1, Avg: 2.2, Max: 3, Diff: 2, Sum: 13]
      [Scan RS (ms): Min: 0.1, Avg: 0.2, Max: 0.2, Diff: 0.0, Sum: 1.0]
      [Code Root Scanning (ms): Min: 0.0, Avg: 0.0, Max: 0.0, Diff: 0.0, Sum: 0.0]
      [Object Copy (ms): Min: 1.3, Avg: 1.3, Max: 1.3, Diff: 0.1, Sum: 7.8]
      [Termination (ms): Min: 0.0, Avg: 0.0, Max: 0.0, Diff: 0.0, Sum: 0.0]
         [Termination Attempts: Min: 1, Avg: 1.0, Max: 1, Diff: 0, Sum: 6]
      [GC Worker Other (ms): Min: 0.0, Avg: 0.1, Max: 0.2, Diff: 0.1, Sum: 0.7]
      [GC Worker Total (ms): Min: 1.8, Avg: 2.0, Max: 2.1, Diff: 0.3, Sum: 12.1]
      [GC Worker End (ms): Min: 678127.2, Avg: 678127.3, Max: 678127.4, Diff: 0.1]
   [Code Root Fixup: 0.0 ms]
   [Code Root Purge: 0.0 ms]
   [Clear CT: 0.5 ms]
   [Other: 1.2 ms]
      [Choose CSet: 0.0 ms]
      [Ref Proc: 0.1 ms]
      [Ref Enq: 0.0 ms]
      [Redirty Cards: 0.1 ms]
      [Humongous Register: 0.1 ms]
      [Humongous Reclaim: 0.0 ms]
      [Free CSet: 0.8 ms]
   [Eden: 2446.0M(2446.0M)->0.0B(2446.0M) Survivors: 10240.0K->10240.0K Heap: 2478.5M(4096.0M)->31866.1K(4096.0M)]
 [Times: user=0.00 sys=0.00, real=0.00 secs] 
2024-10-12T19:03:47.837+0300: 678.129: Total time for which application threads were stopped: 0.0044060 seconds, Stopping threads took: 0.0001989 seconds
2024-10-12T19:03:48.622+0300: 678.906: Application time: 0.7766522 seconds
2024-10-12T19:03:48.622+0300: 678.906: [GC pause (G1 Evacuation Pause) (young), 0.0037349 secs]
   [Parallel Time: 1.9 ms, GC Workers: 6]
      [GC Worker Start (ms): Min: 678906.2, Avg: 678906.2, Max: 678906.3, Diff: 0.1]
      [Ext Root Scanning (ms): Min: 0.3, Avg: 0.3, Max: 0.4, Diff: 0.1, Sum: 1.9]
      [Update RS (ms): Min: 0.0, Avg: 0.1, Max: 0.1, Diff: 0.1, Sum: 0.6]
         [Processed Buffers: Min: 0, Avg: 2.2, Max: 4, Diff: 4, Sum: 13]
      [Scan RS (ms): Min: 0.1, Avg: 0.2, Max: 0.2, Diff: 0.1, Sum: 1.1]
      [Code Root Scanning (ms): Min: 0.0, Avg: 0.0, Max: 0.0, Diff: 0.0, Sum: 0.0]
      [Object Copy (ms): Min: 0.9, Avg: 1.0, Max: 1.3, Diff: 0.4, Sum: 5.7]
      [Termination (ms): Min: 0.0, Avg: 0.2, Max: 0.2, Diff: 0.2, Sum: 1.0]
         [Termination Attempts: Min: 1, Avg: 1.3, Max: 2, Diff: 1, Sum: 8]
      [GC Worker Other (ms): Min: 0.0, Avg: 0.1, Max: 0.1, Diff: 0.1, Sum: 0.4]
      [GC Worker Total (ms): Min: 1.7, Avg: 1.8, Max: 1.8, Diff: 0.1, Sum: 10.8]
      [GC Worker End (ms): Min: 678908.0, Avg: 678908.0, Max: 678908.1, Diff: 0.1]
   [Code Root Fixup: 0.0 ms]
   [Code Root Purge: 0.0 ms]
   [Clear CT: 0.5 ms]
   [Other: 1.3 ms]
      [Choose CSet: 0.0 ms]
      [Ref Proc: 0.1 ms]
      [Ref Enq: 0.0 ms]
      [Redirty Cards: 0.1 ms]
      [Humongous Register: 0.0 ms]
      [Humongous Reclaim: 0.0 ms]
      [Free CSet: 0.8 ms]
   [Eden: 2446.0M(2446.0M)->0.0B(2446.0M) Survivors: 10240.0K->10240.0K Heap: 2477.1M(4096.0M)->33251.2K(4096.0M)]
 [Times: user=0.00 sys=0.00, real=0.00 secs] 
2024-10-12T19:03:48.622+0300: 678.910: Total time for which application threads were stopped: 0.0040757 seconds, Stopping threads took: 0.0001366 seconds
2024-10-12T19:03:49.423+0300: 679.706: Application time: 0.7964050 seconds
2024-10-12T19:03:49.423+0300: 679.707: [GC pause (G1 Evacuation Pause) (young), 0.0047069 secs]
   [Parallel Time: 2.8 ms, GC Workers: 6]
      [GC Worker Start (ms): Min: 679706.8, Avg: 679707.3, Max: 679709.2, Diff: 2.4]
      [Ext Root Scanning (ms): Min: 0.0, Avg: 0.3, Max: 0.5, Diff: 0.5, Sum: 1.8]
      [Update RS (ms): Min: 0.0, Avg: 0.1, Max: 0.2, Diff: 0.2, Sum: 0.6]
         [Processed Buffers: Min: 0, Avg: 2.0, Max: 3, Diff: 3, Sum: 12]
      [Scan RS (ms): Min: 0.2, Avg: 0.2, Max: 0.2, Diff: 0.1, Sum: 1.2]
      [Code Root Scanning (ms): Min: 0.0, Avg: 0.0, Max: 0.0, Diff: 0.0, Sum: 0.0]
      [Object Copy (ms): Min: 0.0, Avg: 1.3, Max: 1.6, Diff: 1.6, Sum: 7.8]
      [Termination (ms): Min: 0.0, Avg: 0.2, Max: 0.2, Diff: 0.2, Sum: 1.2]
         [Termination Attempts: Min: 1, Avg: 1.0, Max: 1, Diff: 0, Sum: 6]
      [GC Worker Other (ms): Min: 0.0, Avg: 0.1, Max: 0.1, Diff: 0.1, Sum: 0.3]
      [GC Worker Total (ms): Min: 0.2, Avg: 2.2, Max: 2.7, Diff: 2.5, Sum: 12.9]
      [GC Worker End (ms): Min: 679709.4, Avg: 679709.5, Max: 679709.5, Diff: 0.1]
   [Code Root Fixup: 0.0 ms]
   [Code Root Purge: 0.0 ms]
   [Clear CT: 0.6 ms]
   [Other: 1.3 ms]
      [Choose CSet: 0.0 ms]
      [Ref Proc: 0.1 ms]
      [Ref Enq: 0.0 ms]
      [Redirty Cards: 0.1 ms]
      [Humongous Register: 0.1 ms]
      [Humongous Reclaim: 0.0 ms]
      [Free CSet: 0.9 ms]
   [Eden: 2446.0M(2446.0M)->0.0B(2446.0M) Survivors: 10240.0K->10240.0K Heap: 2478.5M(4096.0M)->33115.3K(4096.0M)]
 [Times: user=0.01 sys=0.00, real=0.00 secs] 
2024-10-12T19:03:49.423+0300: 679.712: Total time for which application threads were stopped: 0.0051719 seconds, Stopping threads took: 0.0002221 seconds
2024-10-12T19:03:50.223+0300: 680.506: Application time: 0.7940152 seconds
2024-10-12T19:03:50.223+0300: 680.506: [GC pause (G1 Evacuation Pause) (young), 0.0035638 secs]
   [Parallel Time: 1.7 ms, GC Workers: 6]
      [GC Worker Start (ms): Min: 680506.0, Avg: 680506.0, Max: 680506.0, Diff: 0.1]
      [Ext Root Scanning (ms): Min: 0.3, Avg: 0.3, Max: 0.4, Diff: 0.1, Sum: 2.0]
      [Update RS (ms): Min: 0.1, Avg: 0.1, Max: 0.1, Diff: 0.1, Sum: 0.6]
         [Processed Buffers: Min: 1, Avg: 2.0, Max: 3, Diff: 2, Sum: 12]
      [Scan RS (ms): Min: 0.1, Avg: 0.2, Max: 0.2, Diff: 0.0, Sum: 1.0]
      [Code Root Scanning (ms): Min: 0.0, Avg: 0.0, Max: 0.0, Diff: 0.0, Sum: 0.0]
      [Object Copy (ms): Min: 0.8, Avg: 0.8, Max: 0.8, Diff: 0.1, Sum: 4.8]
      [Termination (ms): Min: 0.0, Avg: 0.0, Max: 0.0, Diff: 0.0, Sum: 0.0]
         [Termination Attempts: Min: 1, Avg: 1.0, Max: 1, Diff: 0, Sum: 6]
      [GC Worker Other (ms): Min: 0.1, Avg: 0.2, Max: 0.2, Diff: 0.2, Sum: 0.9]
      [GC Worker Total (ms): Min: 1.5, Avg: 1.5, Max: 1.6, Diff: 0.1, Sum: 9.3]
      [GC Worker End (ms): Min: 680507.5, Avg: 680507.6, Max: 680507.6, Diff: 0.2]
   [Code Root Fixup: 0.0 ms]
   [Code Root Purge: 0.0 ms]
   [Clear CT: 0.6 ms]
   [Other: 1.3 ms]
      [Choose CSet: 0.0 ms]
      [Ref Proc: 0.2 ms]
      [Ref Enq: 0.0 ms]
      [Redirty Cards: 0.1 ms]
      [Humongous Register: 0.1 ms]
      [Humongous Reclaim: 0.0 ms]
      [Free CSet: 0.7 ms]
   [Eden: 2446.0M(2446.0M)->0.0B(2450.0M) Survivors: 10240.0K->6144.0K Heap: 2478.3M(4096.0M)->29160.2K(4096.0M)]
 [Times: user=0.00 sys=0.00, real=0.00 secs] 
2024-10-12T19:03:50.223+0300: 680.510: Total time for which application threads were stopped: 0.0039854 seconds, Stopping threads took: 0.0001772 seconds
2024-10-12T19:03:51.009+0300: 681.295: Application time: 0.7853647 seconds
2024-10-12T19:03:51.009+0300: 681.295: [GC pause (G1 Evacuation Pause) (young), 0.0036872 secs]
   [Parallel Time: 1.6 ms, GC Workers: 6]
      [GC Worker Start (ms): Min: 681295.3, Avg: 681295.3, Max: 681295.4, Diff: 0.1]
      [Ext Root Scanning (ms): Min: 0.3, Avg: 0.3, Max: 0.4, Diff: 0.1, Sum: 2.0]
      [Update RS (ms): Min: 0.1, Avg: 0.1, Max: 0.1, Diff: 0.1, Sum: 0.6]
         [Processed Buffers: Min: 1, Avg: 2.2, Max: 4, Diff: 3, Sum: 13]
      [Scan RS (ms): Min: 0.1, Avg: 0.2, Max: 0.2, Diff: 0.0, Sum: 1.0]
      [Code Root Scanning (ms): Min: 0.0, Avg: 0.0, Max: 0.0, Diff: 0.0, Sum: 0.0]
      [Object Copy (ms): Min: 0.7, Avg: 0.7, Max: 0.8, Diff: 0.0, Sum: 4.5]
      [Termination (ms): Min: 0.0, Avg: 0.0, Max: 0.0, Diff: 0.0, Sum: 0.0]
         [Termination Attempts: Min: 1, Avg: 1.3, Max: 2, Diff: 1, Sum: 8]
      [GC Worker Other (ms): Min: 0.0, Avg: 0.1, Max: 0.2, Diff: 0.1, Sum: 0.6]
      [GC Worker Total (ms): Min: 1.4, Avg: 1.5, Max: 1.5, Diff: 0.1, Sum: 8.8]
      [GC Worker End (ms): Min: 681296.7, Avg: 681296.8, Max: 681296.9, Diff: 0.1]
   [Code Root Fixup: 0.0 ms]
   [Code Root Purge: 0.0 ms]
   [Clear CT: 0.5 ms]
   [Other: 1.5 ms]
      [Choose CSet: 0.0 ms]
      [Ref Proc: 0.1 ms]
      [Ref Enq: 0.0 ms]
      [Redirty Cards: 0.1 ms]
      [Humongous Register: 0.1 ms]
      [Humongous Reclaim: 0.0 ms]
      [Free CSet: 1.1 ms]
   [Eden: 2450.0M(2450.0M)->0.0B(2448.0M) Survivors: 6144.0K->8192.0K Heap: 2478.5M(4096.0M)->30160.9K(4096.0M)]
 [Times: user=0.00 sys=0.00, real=0.00 secs] 
2024-10-12T19:03:51.009+0300: 681.299: Total time for which application threads were stopped: 0.0041127 seconds, Stopping threads took: 0.0001453 seconds
2024-10-12T19:03:51.778+0300: 682.072: Application time: 0.7731822 seconds
2024-10-12T19:03:51.778+0300: 682.073: [GC pause (G1 Evacuation Pause) (young), 0.0034860 secs]
   [Parallel Time: 1.7 ms, GC Workers: 6]
      [GC Worker Start (ms): Min: 682072.7, Avg: 682072.7, Max: 682072.7, Diff: 0.1]
      [Ext Root Scanning (ms): Min: 0.3, Avg: 0.3, Max: 0.4, Diff: 0.1, Sum: 2.1]
      [Update RS (ms): Min: 0.0, Avg: 0.1, Max: 0.2, Diff: 0.2, Sum: 0.7]
         [Processed Buffers: Min: 0, Avg: 2.2, Max: 4, Diff: 4, Sum: 13]
      [Scan RS (ms): Min: 0.0, Avg: 0.2, Max: 0.2, Diff: 0.2, Sum: 1.1]
      [Code Root Scanning (ms): Min: 0.0, Avg: 0.0, Max: 0.0, Diff: 0.0, Sum: 0.0]
      [Object Copy (ms): Min: 0.7, Avg: 0.8, Max: 1.1, Diff: 0.4, Sum: 4.9]
      [Termination (ms): Min: 0.0, Avg: 0.0, Max: 0.0, Diff: 0.0, Sum: 0.0]
         [Termination Attempts: Min: 1, Avg: 1.0, Max: 1, Diff: 0, Sum: 6]
      [GC Worker Other (ms): Min: 0.0, Avg: 0.1, Max: 0.2, Diff: 0.1, Sum: 0.6]
      [GC Worker Total (ms): Min: 1.5, Avg: 1.6, Max: 1.6, Diff: 0.1, Sum: 9.4]
      [GC Worker End (ms): Min: 682074.2, Avg: 682074.3, Max: 682074.3, Diff: 0.1]
   [Code Root Fixup: 0.0 ms]
   [Code Root Purge: 0.0 ms]
   [Clear CT: 0.5 ms]
   [Other: 1.3 ms]
      [Choose CSet: 0.0 ms]
      [Ref Proc: 0.1 ms]
      [Ref Enq: 0.0 ms]
      [Redirty Cards: 0.1 ms]
      [Humongous Register: 0.1 ms]
      [Humongous Reclaim: 0.0 ms]
      [Free CSet: 0.8 ms]
   [Eden: 2448.0M(2448.0M)->0.0B(2448.0M) Survivors: 8192.0K->8192.0K Heap: 2477.5M(4096.0M)->31060.6K(4096.0M)]
 [Times: user=0.02 sys=0.00, real=0.02 secs] 
2024-10-12T19:03:51.794+0300: 682.076: Total time for which application threads were stopped: 0.0039588 seconds, Stopping threads took: 0.0001920 seconds
2024-10-12T19:03:52.579+0300: 682.861: Application time: 0.7852821 seconds
2024-10-12T19:03:52.579+0300: 682.862: [GC pause (G1 Evacuation Pause) (young), 0.0035559 secs]
   [Parallel Time: 1.9 ms, GC Workers: 6]
      [GC Worker Start (ms): Min: 682861.8, Avg: 682862.1, Max: 682863.5, Diff: 1.7]
      [Ext Root Scanning (ms): Min: 0.0, Avg: 0.3, Max: 0.4, Diff: 0.4, Sum: 2.0]
      [Update RS (ms): Min: 0.0, Avg: 0.1, Max: 0.1, Diff: 0.1, Sum: 0.6]
         [Processed Buffers: Min: 0, Avg: 2.2, Max: 4, Diff: 4, Sum: 13]
      [Scan RS (ms): Min: 0.1, Avg: 0.2, Max: 0.2, Diff: 0.1, Sum: 1.1]
      [Code Root Scanning (ms): Min: 0.0, Avg: 0.0, Max: 0.0, Diff: 0.0, Sum: 0.0]
      [Object Copy (ms): Min: 0.0, Avg: 0.7, Max: 0.8, Diff: 0.8, Sum: 4.2]
      [Termination (ms): Min: 0.0, Avg: 0.2, Max: 0.2, Diff: 0.2, Sum: 1.0]
         [Termination Attempts: Min: 1, Avg: 1.0, Max: 1, Diff: 0, Sum: 6]
      [GC Worker Other (ms): Min: 0.0, Avg: 0.1, Max: 0.1, Diff: 0.1, Sum: 0.3]
      [GC Worker Total (ms): Min: 0.1, Avg: 1.5, Max: 1.8, Diff: 1.7, Sum: 9.2]
      [GC Worker End (ms): Min: 682863.6, Avg: 682863.7, Max: 682863.7, Diff: 0.1]
   [Code Root Fixup: 0.0 ms]
   [Code Root Purge: 0.0 ms]
   [Clear CT: 0.5 ms]
   [Other: 1.1 ms]
      [Choose CSet: 0.0 ms]
      [Ref Proc: 0.1 ms]
      [Ref Enq: 0.0 ms]
      [Redirty Cards: 0.1 ms]
      [Humongous Register: 0.1 ms]
      [Humongous Reclaim: 0.0 ms]
      [Free CSet: 0.7 ms]
   [Eden: 2448.0M(2448.0M)->0.0B(2446.0M) Survivors: 8192.0K->10240.0K Heap: 2478.3M(4096.0M)->33102.1K(4096.0M)]
 [Times: user=0.00 sys=0.00, real=0.00 secs] 
2024-10-12T19:03:52.579+0300: 682.865: Total time for which application threads were stopped: 0.0039479 seconds, Stopping threads took: 0.0001473 seconds
2024-10-12T19:03:53.365+0300: 683.649: Application time: 0.7833098 seconds
2024-10-12T19:03:53.365+0300: 683.649: [GC pause (G1 Evacuation Pause) (young), 0.0037784 secs]
   [Parallel Time: 1.8 ms, GC Workers: 6]
      [GC Worker Start (ms): Min: 683649.2, Avg: 683649.3, Max: 683649.5, Diff: 0.3]
      [Ext Root Scanning (ms): Min: 0.1, Avg: 0.3, Max: 0.4, Diff: 0.3, Sum: 1.9]
      [Update RS (ms): Min: 0.1, Avg: 0.1, Max: 0.1, Diff: 0.1, Sum: 0.6]
         [Processed Buffers: Min: 1, Avg: 2.0, Max: 3, Diff: 2, Sum: 12]
      [Scan RS (ms): Min: 0.2, Avg: 0.2, Max: 0.2, Diff: 0.0, Sum: 1.0]
      [Code Root Scanning (ms): Min: 0.0, Avg: 0.0, Max: 0.0, Diff: 0.0, Sum: 0.0]
      [Object Copy (ms): Min: 0.9, Avg: 0.9, Max: 0.9, Diff: 0.1, Sum: 5.5]
      [Termination (ms): Min: 0.0, Avg: 0.0, Max: 0.1, Diff: 0.1, Sum: 0.3]
         [Termination Attempts: Min: 1, Avg: 1.0, Max: 1, Diff: 0, Sum: 6]
      [GC Worker Other (ms): Min: 0.0, Avg: 0.1, Max: 0.1, Diff: 0.1, Sum: 0.4]
      [GC Worker Total (ms): Min: 1.4, Avg: 1.6, Max: 1.8, Diff: 0.4, Sum: 9.7]
      [GC Worker End (ms): Min: 683650.9, Avg: 683650.9, Max: 683651.0, Diff: 0.1]
   [Code Root Fixup: 0.0 ms]
   [Code Root Purge: 0.0 ms]
   [Clear CT: 0.6 ms]
   [Other: 1.4 ms]
      [Choose CSet: 0.0 ms]
      [Ref Proc: 0.1 ms]
      [Ref Enq: 0.0 ms]
      [Redirty Cards: 0.1 ms]
      [Humongous Register: 0.1 ms]
      [Humongous Reclaim: 0.0 ms]
      [Free CSet: 0.8 ms]
   [Eden: 2446.0M(2446.0M)->0.0B(2446.0M) Survivors: 10240.0K->10240.0K Heap: 2478.3M(4096.0M)->31801.0K(4096.0M)]
 [Times: user=0.00 sys=0.00, real=0.00 secs] 
2024-10-12T19:03:53.365+0300: 683.653: Total time for which application threads were stopped: 0.0042465 seconds, Stopping threads took: 0.0001805 seconds
2024-10-12T19:03:54.149+0300: 684.436: Application time: 0.7833155 seconds
2024-10-12T19:03:54.149+0300: 684.437: [GC pause (G1 Evacuation Pause) (young), 0.0043083 secs]
   [Parallel Time: 2.1 ms, GC Workers: 6]
      [GC Worker Start (ms): Min: 684436.7, Avg: 684436.7, Max: 684436.7, Diff: 0.0]
      [Ext Root Scanning (ms): Min: 0.3, Avg: 0.3, Max: 0.4, Diff: 0.0, Sum: 2.0]
      [Update RS (ms): Min: 0.1, Avg: 0.1, Max: 0.1, Diff: 0.1, Sum: 0.6]
         [Processed Buffers: Min: 1, Avg: 2.0, Max: 3, Diff: 2, Sum: 12]
      [Scan RS (ms): Min: 0.1, Avg: 0.2, Max: 0.2, Diff: 0.0, Sum: 1.0]
      [Code Root Scanning (ms): Min: 0.0, Avg: 0.0, Max: 0.0, Diff: 0.0, Sum: 0.0]
      [Object Copy (ms): Min: 1.3, Avg: 1.3, Max: 1.3, Diff: 0.0, Sum: 7.6]
      [Termination (ms): Min: 0.0, Avg: 0.0, Max: 0.0, Diff: 0.0, Sum: 0.0]
         [Termination Attempts: Min: 1, Avg: 1.0, Max: 1, Diff: 0, Sum: 6]
      [GC Worker Other (ms): Min: 0.0, Avg: 0.1, Max: 0.2, Diff: 0.1, Sum: 0.7]
      [GC Worker Total (ms): Min: 1.9, Avg: 2.0, Max: 2.1, Diff: 0.1, Sum: 11.9]
      [GC Worker End (ms): Min: 684438.7, Avg: 684438.7, Max: 684438.8, Diff: 0.1]
   [Code Root Fixup: 0.0 ms]
   [Code Root Purge: 0.0 ms]
   [Clear CT: 0.6 ms]
   [Other: 1.6 ms]
      [Choose CSet: 0.0 ms]
      [Ref Proc: 0.1 ms]
      [Ref Enq: 0.0 ms]
      [Redirty Cards: 0.1 ms]
      [Humongous Register: 0.1 ms]
      [Humongous Reclaim: 0.0 ms]
      [Free CSet: 1.1 ms]
   [Eden: 2446.0M(2446.0M)->0.0B(2444.0M) Survivors: 10240.0K->12288.0K Heap: 2477.1M(4096.0M)->34971.8K(4096.0M)]
 [Times: user=0.02 sys=0.00, real=0.00 secs] 
2024-10-12T19:03:54.149+0300: 684.441: Total time for which application threads were stopped: 0.0047367 seconds, Stopping threads took: 0.0001717 seconds
2024-10-12T19:03:54.934+0300: 685.213: Application time: 0.7721132 seconds
2024-10-12T19:03:54.934+0300: 685.213: [GC pause (G1 Evacuation Pause) (young), 0.0035934 secs]
   [Parallel Time: 1.6 ms, GC Workers: 6]
      [GC Worker Start (ms): Min: 685213.5, Avg: 685213.5, Max: 685213.5, Diff: 0.1]
      [Ext Root Scanning (ms): Min: 0.3, Avg: 0.3, Max: 0.3, Diff: 0.1, Sum: 1.9]
      [Update RS (ms): Min: 0.1, Avg: 0.1, Max: 0.1, Diff: 0.1, Sum: 0.6]
         [Processed Buffers: Min: 1, Avg: 2.2, Max: 3, Diff: 2, Sum: 13]
      [Scan RS (ms): Min: 0.1, Avg: 0.2, Max: 0.2, Diff: 0.0, Sum: 1.0]
      [Code Root Scanning (ms): Min: 0.0, Avg: 0.0, Max: 0.0, Diff: 0.0, Sum: 0.0]
      [Object Copy (ms): Min: 0.8, Avg: 0.8, Max: 0.9, Diff: 0.1, Sum: 4.9]
      [Termination (ms): Min: 0.0, Avg: 0.0, Max: 0.0, Diff: 0.0, Sum: 0.0]
         [Termination Attempts: Min: 1, Avg: 1.5, Max: 2, Diff: 1, Sum: 9]
      [GC Worker Other (ms): Min: 0.0, Avg: 0.1, Max: 0.2, Diff: 0.1, Sum: 0.7]
      [GC Worker Total (ms): Min: 1.5, Avg: 1.5, Max: 1.6, Diff: 0.1, Sum: 9.1]
      [GC Worker End (ms): Min: 685214.9, Avg: 685215.0, Max: 685215.1, Diff: 0.1]
   [Code Root Fixup: 0.0 ms]
   [Code Root Purge: 0.0 ms]
   [Clear CT: 0.5 ms]
   [Other: 1.4 ms]
      [Choose CSet: 0.0 ms]
      [Ref Proc: 0.1 ms]
      [Ref Enq: 0.0 ms]
      [Redirty Cards: 0.1 ms]
      [Humongous Register: 0.1 ms]
      [Humongous Reclaim: 0.0 ms]
      [Free CSet: 1.0 ms]
   [Eden: 2444.0M(2444.0M)->0.0B(2448.0M) Survivors: 12288.0K->8192.0K Heap: 2478.2M(4096.0M)->31225.2K(4096.0M)]
 [Times: user=0.00 sys=0.00, real=0.00 secs] 
2024-10-12T19:03:54.934+0300: 685.217: Total time for which application threads were stopped: 0.0039528 seconds, Stopping threads took: 0.0001390 seconds
2024-10-12T19:03:55.718+0300: 686.001: Application time: 0.7835564 seconds
2024-10-12T19:03:55.718+0300: 686.001: [GC pause (G1 Evacuation Pause) (young), 0.0032717 secs]
   [Parallel Time: 1.6 ms, GC Workers: 6]
      [GC Worker Start (ms): Min: 686001.0, Avg: 686001.1, Max: 686001.2, Diff: 0.2]
      [Ext Root Scanning (ms): Min: 0.2, Avg: 0.3, Max: 0.4, Diff: 0.2, Sum: 2.0]
      [Update RS (ms): Min: 0.0, Avg: 0.1, Max: 0.2, Diff: 0.2, Sum: 0.7]
         [Processed Buffers: Min: 0, Avg: 2.2, Max: 3, Diff: 3, Sum: 13]
      [Scan RS (ms): Min: 0.2, Avg: 0.2, Max: 0.2, Diff: 0.1, Sum: 1.1]
      [Code Root Scanning (ms): Min: 0.0, Avg: 0.0, Max: 0.0, Diff: 0.0, Sum: 0.0]
      [Object Copy (ms): Min: 0.7, Avg: 0.8, Max: 0.9, Diff: 0.2, Sum: 4.6]
      [Termination (ms): Min: 0.0, Avg: 0.0, Max: 0.0, Diff: 0.0, Sum: 0.0]
         [Termination Attempts: Min: 1, Avg: 1.7, Max: 3, Diff: 2, Sum: 10]
      [GC Worker Other (ms): Min: 0.0, Avg: 0.1, Max: 0.1, Diff: 0.1, Sum: 0.6]
      [GC Worker Total (ms): Min: 1.4, Avg: 1.5, Max: 1.6, Diff: 0.2, Sum: 9.0]
      [GC Worker End (ms): Min: 686002.5, Avg: 686002.6, Max: 686002.6, Diff: 0.1]
   [Code Root Fixup: 0.0 ms]
   [Code Root Purge: 0.0 ms]
   [Clear CT: 0.5 ms]
   [Other: 1.1 ms]
      [Choose CSet: 0.0 ms]
      [Ref Proc: 0.1 ms]
      [Ref Enq: 0.0 ms]
      [Redirty Cards: 0.1 ms]
      [Humongous Register: 0.0 ms]
      [Humongous Reclaim: 0.0 ms]
      [Free CSet: 0.7 ms]
   [Eden: 2448.0M(2448.0M)->0.0B(2448.0M) Survivors: 8192.0K->8192.0K Heap: 2478.5M(4096.0M)->30182.4K(4096.0M)]
 [Times: user=0.00 sys=0.00, real=0.00 secs] 
2024-10-12T19:03:55.718+0300: 686.004: Total time for which application threads were stopped: 0.0036989 seconds, Stopping threads took: 0.0001916 seconds
2024-10-12T19:03:56.504+0300: 686.792: Application time: 0.7880524 seconds
2024-10-12T19:03:56.504+0300: 686.793: [GC pause (G1 Evacuation Pause) (young), 0.0039439 secs]
   [Parallel Time: 2.1 ms, GC Workers: 6]
      [GC Worker Start (ms): Min: 686792.9, Avg: 686792.9, Max: 686792.9, Diff: 0.1]
      [Ext Root Scanning (ms): Min: 0.3, Avg: 0.3, Max: 0.4, Diff: 0.1, Sum: 2.0]
      [Update RS (ms): Min: 0.1, Avg: 0.1, Max: 0.1, Diff: 0.1, Sum: 0.6]
         [Processed Buffers: Min: 1, Avg: 2.2, Max: 4, Diff: 3, Sum: 13]
      [Scan RS (ms): Min: 0.2, Avg: 0.2, Max: 0.2, Diff: 0.0, Sum: 1.0]
      [Code Root Scanning (ms): Min: 0.0, Avg: 0.0, Max: 0.0, Diff: 0.0, Sum: 0.0]
      [Object Copy (ms): Min: 1.3, Avg: 1.3, Max: 1.3, Diff: 0.0, Sum: 7.7]
      [Termination (ms): Min: 0.0, Avg: 0.0, Max: 0.0, Diff: 0.0, Sum: 0.0]
         [Termination Attempts: Min: 1, Avg: 1.0, Max: 1, Diff: 0, Sum: 6]
      [GC Worker Other (ms): Min: 0.0, Avg: 0.1, Max: 0.1, Diff: 0.1, Sum: 0.6]
      [GC Worker Total (ms): Min: 1.9, Avg: 2.0, Max: 2.0, Diff: 0.1, Sum: 11.9]
      [GC Worker End (ms): Min: 686794.8, Avg: 686794.9, Max: 686794.9, Diff: 0.1]
   [Code Root Fixup: 0.0 ms]
   [Code Root Purge: 0.0 ms]
   [Clear CT: 0.5 ms]
   [Other: 1.3 ms]
      [Choose CSet: 0.0 ms]
      [Ref Proc: 0.1 ms]
      [Ref Enq: 0.0 ms]
      [Redirty Cards: 0.1 ms]
      [Humongous Register: 0.1 ms]
      [Humongous Reclaim: 0.0 ms]
      [Free CSet: 0.8 ms]
   [Eden: 2448.0M(2448.0M)->0.0B(2444.0M) Survivors: 8192.0K->12288.0K Heap: 2477.5M(4096.0M)->34214.4K(4096.0M)]
 [Times: user=0.00 sys=0.00, real=0.00 secs] 
2024-10-12T19:03:56.504+0300: 686.797: Total time for which application threads were stopped: 0.0044381 seconds, Stopping threads took: 0.0002049 seconds
2024-10-12T19:03:57.289+0300: 687.583: Application time: 0.7858426 seconds
2024-10-12T19:03:57.289+0300: 687.583: [GC pause (G1 Evacuation Pause) (young), 0.0041902 secs]
   [Parallel Time: 2.2 ms, GC Workers: 6]
      [GC Worker Start (ms): Min: 687583.1, Avg: 687583.1, Max: 687583.1, Diff: 0.0]
      [Ext Root Scanning (ms): Min: 0.3, Avg: 0.4, Max: 0.4, Diff: 0.1, Sum: 2.2]
      [Update RS (ms): Min: 0.1, Avg: 0.1, Max: 0.1, Diff: 0.1, Sum: 0.6]
         [Processed Buffers: Min: 1, Avg: 2.2, Max: 3, Diff: 2, Sum: 13]
      [Scan RS (ms): Min: 0.2, Avg: 0.2, Max: 0.2, Diff: 0.0, Sum: 1.0]
      [Code Root Scanning (ms): Min: 0.0, Avg: 0.0, Max: 0.0, Diff: 0.0, Sum: 0.0]
      [Object Copy (ms): Min: 1.3, Avg: 1.3, Max: 1.3, Diff: 0.0, Sum: 7.9]
      [Termination (ms): Min: 0.0, Avg: 0.0, Max: 0.0, Diff: 0.0, Sum: 0.0]
         [Termination Attempts: Min: 1, Avg: 1.8, Max: 3, Diff: 2, Sum: 11]
      [GC Worker Other (ms): Min: 0.0, Avg: 0.1, Max: 0.2, Diff: 0.2, Sum: 0.7]
      [GC Worker Total (ms): Min: 2.0, Avg: 2.1, Max: 2.2, Diff: 0.2, Sum: 12.5]
      [GC Worker End (ms): Min: 687585.1, Avg: 687585.2, Max: 687585.3, Diff: 0.2]
   [Code Root Fixup: 0.0 ms]
   [Code Root Purge: 0.0 ms]
   [Clear CT: 0.6 ms]
   [Other: 1.4 ms]
      [Choose CSet: 0.0 ms]
      [Ref Proc: 0.2 ms]
      [Ref Enq: 0.0 ms]
      [Redirty Cards: 0.1 ms]
      [Humongous Register: 0.1 ms]
      [Humongous Reclaim: 0.0 ms]
      [Free CSet: 0.9 ms]
   [Eden: 2444.0M(2444.0M)->0.0B(2444.0M) Survivors: 12288.0K->12288.0K Heap: 2477.4M(4096.0M)->35328.7K(4096.0M)]
 [Times: user=0.03 sys=0.00, real=0.01 secs] 
2024-10-12T19:03:57.304+0300: 687.587: Total time for which application threads were stopped: 0.0046242 seconds, Stopping threads took: 0.0001669 seconds
2024-10-12T19:03:58.074+0300: 688.367: Application time: 0.7793813 seconds
2024-10-12T19:03:58.074+0300: 688.367: [GC pause (G1 Evacuation Pause) (young), 0.0037234 secs]
   [Parallel Time: 2.1 ms, GC Workers: 6]
      [GC Worker Start (ms): Min: 688367.1, Avg: 688367.3, Max: 688367.6, Diff: 0.5]
      [Ext Root Scanning (ms): Min: 0.0, Avg: 0.3, Max: 0.4, Diff: 0.4, Sum: 1.7]
      [Update RS (ms): Min: 0.0, Avg: 0.1, Max: 0.1, Diff: 0.1, Sum: 0.6]
         [Processed Buffers: Min: 0, Avg: 2.2, Max: 4, Diff: 4, Sum: 13]
      [Scan RS (ms): Min: 0.1, Avg: 0.2, Max: 0.2, Diff: 0.1, Sum: 1.1]
      [Code Root Scanning (ms): Min: 0.0, Avg: 0.0, Max: 0.0, Diff: 0.0, Sum: 0.0]
      [Object Copy (ms): Min: 0.9, Avg: 1.1, Max: 1.4, Diff: 0.4, Sum: 6.3]
      [Termination (ms): Min: 0.0, Avg: 0.1, Max: 0.2, Diff: 0.2, Sum: 0.9]
         [Termination Attempts: Min: 1, Avg: 2.3, Max: 6, Diff: 5, Sum: 14]
      [GC Worker Other (ms): Min: 0.0, Avg: 0.0, Max: 0.1, Diff: 0.1, Sum: 0.2]
      [GC Worker Total (ms): Min: 1.5, Avg: 1.8, Max: 2.0, Diff: 0.5, Sum: 10.9]
      [GC Worker End (ms): Min: 688369.1, Avg: 688369.1, Max: 688369.1, Diff: 0.1]
   [Code Root Fixup: 0.0 ms]
   [Code Root Purge: 0.0 ms]
   [Clear CT: 0.4 ms]
   [Other: 1.2 ms]
      [Choose CSet: 0.0 ms]
      [Ref Proc: 0.1 ms]
      [Ref Enq: 0.0 ms]
      [Redirty Cards: 0.1 ms]
      [Humongous Register: 0.1 ms]
      [Humongous Reclaim: 0.0 ms]
      [Free CSet: 0.8 ms]
   [Eden: 2444.0M(2444.0M)->0.0B(2446.0M) Survivors: 12288.0K->10240.0K Heap: 2478.5M(4096.0M)->33283.2K(4096.0M)]
 [Times: user=0.02 sys=0.00, real=0.02 secs] 
2024-10-12T19:03:58.089+0300: 688.371: Total time for which application threads were stopped: 0.0041481 seconds, Stopping threads took: 0.0001928 seconds
2024-10-12T19:03:58.859+0300: 689.144: Application time: 0.7730831 seconds
2024-10-12T19:03:58.859+0300: 689.144: [GC pause (G1 Evacuation Pause) (young), 0.0034118 secs]
   [Parallel Time: 1.8 ms, GC Workers: 6]
      [GC Worker Start (ms): Min: 689144.3, Avg: 689144.4, Max: 689144.7, Diff: 0.4]
      [Ext Root Scanning (ms): Min: 0.0, Avg: 0.3, Max: 0.4, Diff: 0.4, Sum: 1.8]
      [Update RS (ms): Min: 0.0, Avg: 0.1, Max: 0.2, Diff: 0.2, Sum: 0.6]
         [Processed Buffers: Min: 0, Avg: 2.0, Max: 4, Diff: 4, Sum: 12]
      [Scan RS (ms): Min: 0.0, Avg: 0.2, Max: 0.3, Diff: 0.2, Sum: 0.9]
      [Code Root Scanning (ms): Min: 0.0, Avg: 0.0, Max: 0.0, Diff: 0.0, Sum: 0.0]
      [Object Copy (ms): Min: 0.8, Avg: 1.0, Max: 1.2, Diff: 0.4, Sum: 5.8]
      [Termination (ms): Min: 0.0, Avg: 0.0, Max: 0.0, Diff: 0.0, Sum: 0.0]
         [Termination Attempts: Min: 1, Avg: 1.0, Max: 1, Diff: 0, Sum: 6]
      [GC Worker Other (ms): Min: 0.0, Avg: 0.1, Max: 0.1, Diff: 0.1, Sum: 0.5]
      [GC Worker Total (ms): Min: 1.2, Avg: 1.6, Max: 1.7, Diff: 0.5, Sum: 9.6]
      [GC Worker End (ms): Min: 689146.0, Avg: 689146.0, Max: 689146.1, Diff: 0.1]
   [Code Root Fixup: 0.0 ms]
   [Code Root Purge: 0.0 ms]
   [Clear CT: 0.5 ms]
   [Other: 1.1 ms]
      [Choose CSet: 0.0 ms]
      [Ref Proc: 0.2 ms]
      [Ref Enq: 0.0 ms]
      [Redirty Cards: 0.1 ms]
      [Humongous Register: 0.1 ms]
      [Humongous Reclaim: 0.0 ms]
      [Free CSet: 0.6 ms]
   [Eden: 2446.0M(2446.0M)->0.0B(2448.0M) Survivors: 10240.0K->8192.0K Heap: 2478.5M(4096.0M)->30480.1K(4096.0M)]
 [Times: user=0.00 sys=0.00, real=0.00 secs] 
2024-10-12T19:03:58.859+0300: 689.148: Total time for which application threads were stopped: 0.0038349 seconds, Stopping threads took: 0.0001913 seconds
2024-10-12T19:03:59.644+0300: 689.933: Application time: 0.7854984 seconds
2024-10-12T19:03:59.644+0300: 689.934: [GC pause (G1 Evacuation Pause) (young), 0.0037308 secs]
   [Parallel Time: 1.9 ms, GC Workers: 6]
      [GC Worker Start (ms): Min: 689933.7, Avg: 689933.7, Max: 689933.7, Diff: 0.1]
      [Ext Root Scanning (ms): Min: 0.3, Avg: 0.3, Max: 0.4, Diff: 0.1, Sum: 1.9]
      [Update RS (ms): Min: 0.1, Avg: 0.3, Max: 1.2, Diff: 1.1, Sum: 1.8]
         [Processed Buffers: Min: 0, Avg: 2.2, Max: 4, Diff: 4, Sum: 13]
      [Scan RS (ms): Min: 0.1, Avg: 0.2, Max: 0.2, Diff: 0.1, Sum: 1.1]
      [Code Root Scanning (ms): Min: 0.0, Avg: 0.0, Max: 0.0, Diff: 0.0, Sum: 0.0]
      [Object Copy (ms): Min: 0.0, Avg: 0.8, Max: 0.9, Diff: 0.9, Sum: 4.6]
      [Termination (ms): Min: 0.0, Avg: 0.1, Max: 0.2, Diff: 0.2, Sum: 0.8]
         [Termination Attempts: Min: 1, Avg: 1.0, Max: 1, Diff: 0, Sum: 6]
      [GC Worker Other (ms): Min: 0.0, Avg: 0.1, Max: 0.1, Diff: 0.1, Sum: 0.5]
      [GC Worker Total (ms): Min: 1.7, Avg: 1.8, Max: 1.9, Diff: 0.2, Sum: 10.7]
      [GC Worker End (ms): Min: 689935.4, Avg: 689935.5, Max: 689935.6, Diff: 0.1]
   [Code Root Fixup: 0.0 ms]
   [Code Root Purge: 0.0 ms]
   [Clear CT: 0.5 ms]
   [Other: 1.3 ms]
      [Choose CSet: 0.0 ms]
      [Ref Proc: 0.1 ms]
      [Ref Enq: 0.0 ms]
      [Redirty Cards: 0.1 ms]
      [Humongous Register: 0.1 ms]
      [Humongous Reclaim: 0.0 ms]
      [Free CSet: 0.8 ms]
   [Eden: 2448.0M(2448.0M)->0.0B(2444.0M) Survivors: 8192.0K->12288.0K Heap: 2477.8M(4096.0M)->34146.0K(4096.0M)]
 [Times: user=0.00 sys=0.00, real=0.00 secs] 
2024-10-12T19:03:59.644+0300: 689.937: Total time for which application threads were stopped: 0.0041413 seconds, Stopping threads took: 0.0001837 seconds
2024-10-12T19:04:00.445+0300: 690.725: Application time: 0.7879674 seconds
2024-10-12T19:04:00.445+0300: 690.726: [GC pause (G1 Evacuation Pause) (young), 0.0035767 secs]
   [Parallel Time: 2.0 ms, GC Workers: 6]
      [GC Worker Start (ms): Min: 690725.7, Avg: 690725.8, Max: 690725.8, Diff: 0.1]
      [Ext Root Scanning (ms): Min: 0.3, Avg: 0.3, Max: 0.4, Diff: 0.1, Sum: 2.0]
      [Update RS (ms): Min: 0.0, Avg: 0.1, Max: 0.1, Diff: 0.1, Sum: 0.6]
         [Processed Buffers: Min: 0, Avg: 2.0, Max: 5, Diff: 5, Sum: 12]
      [Scan RS (ms): Min: 0.1, Avg: 0.2, Max: 0.2, Diff: 0.1, Sum: 1.1]
      [Code Root Scanning (ms): Min: 0.0, Avg: 0.0, Max: 0.0, Diff: 0.0, Sum: 0.0]
      [Object Copy (ms): Min: 0.9, Avg: 1.0, Max: 1.3, Diff: 0.4, Sum: 5.9]
      [Termination (ms): Min: 0.0, Avg: 0.2, Max: 0.2, Diff: 0.2, Sum: 1.1]
         [Termination Attempts: Min: 1, Avg: 1.5, Max: 3, Diff: 2, Sum: 9]
      [GC Worker Other (ms): Min: 0.0, Avg: 0.1, Max: 0.1, Diff: 0.1, Sum: 0.4]
      [GC Worker Total (ms): Min: 1.8, Avg: 1.8, Max: 1.9, Diff: 0.1, Sum: 11.0]
      [GC Worker End (ms): Min: 690727.6, Avg: 690727.6, Max: 690727.7, Diff: 0.1]
   [Code Root Fixup: 0.0 ms]
   [Code Root Purge: 0.0 ms]
   [Clear CT: 0.5 ms]
   [Other: 1.1 ms]
      [Choose CSet: 0.0 ms]
      [Ref Proc: 0.1 ms]
      [Ref Enq: 0.0 ms]
      [Redirty Cards: 0.1 ms]
      [Humongous Register: 0.1 ms]
      [Humongous Reclaim: 0.0 ms]
      [Free CSet: 0.7 ms]
   [Eden: 2444.0M(2444.0M)->0.0B(2444.0M) Survivors: 12288.0K->12288.0K Heap: 2477.3M(4096.0M)->34218.7K(4096.0M)]
 [Times: user=0.00 sys=0.00, real=0.00 secs] 
2024-10-12T19:04:00.445+0300: 690.729: Total time for which application threads were stopped: 0.0040040 seconds, Stopping threads took: 0.0001744 seconds
2024-10-12T19:04:01.230+0300: 691.510: Application time: 0.7801649 seconds
2024-10-12T19:04:01.230+0300: 691.510: [GC pause (G1 Evacuation Pause) (young), 0.0041540 secs]
   [Parallel Time: 2.6 ms, GC Workers: 6]
      [GC Worker Start (ms): Min: 691509.9, Avg: 691510.4, Max: 691512.0, Diff: 2.1]
      [Ext Root Scanning (ms): Min: 0.0, Avg: 0.2, Max: 0.5, Diff: 0.5, Sum: 1.4]
      [Update RS (ms): Min: 0.0, Avg: 0.1, Max: 0.1, Diff: 0.1, Sum: 0.6]
         [Processed Buffers: Min: 0, Avg: 2.0, Max: 4, Diff: 4, Sum: 12]
      [Scan RS (ms): Min: 0.2, Avg: 0.2, Max: 0.2, Diff: 0.0, Sum: 1.2]
      [Code Root Scanning (ms): Min: 0.0, Avg: 0.0, Max: 0.0, Diff: 0.0, Sum: 0.0]
      [Object Copy (ms): Min: 0.1, Avg: 1.4, Max: 1.6, Diff: 1.5, Sum: 8.1]
      [Termination (ms): Min: 0.0, Avg: 0.0, Max: 0.0, Diff: 0.0, Sum: 0.0]
         [Termination Attempts: Min: 1, Avg: 2.5, Max: 4, Diff: 3, Sum: 15]
      [GC Worker Other (ms): Min: 0.0, Avg: 0.1, Max: 0.1, Diff: 0.1, Sum: 0.5]
      [GC Worker Total (ms): Min: 0.4, Avg: 2.0, Max: 2.5, Diff: 2.1, Sum: 11.8]
      [GC Worker End (ms): Min: 691512.3, Avg: 691512.4, Max: 691512.4, Diff: 0.1]
   [Code Root Fixup: 0.0 ms]
   [Code Root Purge: 0.0 ms]
   [Clear CT: 0.5 ms]
   [Other: 1.1 ms]
      [Choose CSet: 0.0 ms]
      [Ref Proc: 0.1 ms]
      [Ref Enq: 0.0 ms]
      [Redirty Cards: 0.1 ms]
      [Humongous Register: 0.0 ms]
      [Humongous Reclaim: 0.0 ms]
      [Free CSet: 0.7 ms]
   [Eden: 2444.0M(2444.0M)->0.0B(2444.0M) Survivors: 12288.0K->12288.0K Heap: 2477.4M(4096.0M)->34457.4K(4096.0M)]
 [Times: user=0.00 sys=0.00, real=0.00 secs] 
2024-10-12T19:04:01.234+0300: 691.514: Total time for which application threads were stopped: 0.0045419 seconds, Stopping threads took: 0.0001305 seconds
2024-10-12T19:04:02.015+0300: 692.295: Application time: 0.7810031 seconds
2024-10-12T19:04:02.015+0300: 692.295: [GC pause (G1 Evacuation Pause) (young), 0.0034593 secs]
   [Parallel Time: 1.6 ms, GC Workers: 6]
      [GC Worker Start (ms): Min: 692295.4, Avg: 692295.4, Max: 692295.5, Diff: 0.1]
      [Ext Root Scanning (ms): Min: 0.3, Avg: 0.3, Max: 0.3, Diff: 0.1, Sum: 1.8]
      [Update RS (ms): Min: 0.1, Avg: 0.1, Max: 0.1, Diff: 0.1, Sum: 0.6]
         [Processed Buffers: Min: 1, Avg: 2.0, Max: 3, Diff: 2, Sum: 12]
      [Scan RS (ms): Min: 0.1, Avg: 0.2, Max: 0.2, Diff: 0.1, Sum: 1.0]
      [Code Root Scanning (ms): Min: 0.0, Avg: 0.0, Max: 0.0, Diff: 0.0, Sum: 0.0]
      [Object Copy (ms): Min: 0.8, Avg: 0.8, Max: 0.8, Diff: 0.0, Sum: 4.8]
      [Termination (ms): Min: 0.0, Avg: 0.0, Max: 0.0, Diff: 0.0, Sum: 0.0]
         [Termination Attempts: Min: 1, Avg: 1.0, Max: 1, Diff: 0, Sum: 6]
      [GC Worker Other (ms): Min: 0.0, Avg: 0.1, Max: 0.2, Diff: 0.1, Sum: 0.7]
      [GC Worker Total (ms): Min: 1.4, Avg: 1.5, Max: 1.6, Diff: 0.1, Sum: 8.9]
      [GC Worker End (ms): Min: 692296.8, Avg: 692296.9, Max: 692297.0, Diff: 0.1]
   [Code Root Fixup: 0.0 ms]
   [Code Root Purge: 0.0 ms]
   [Clear CT: 0.5 ms]
   [Other: 1.3 ms]
      [Choose CSet: 0.0 ms]
      [Ref Proc: 0.1 ms]
      [Ref Enq: 0.0 ms]
      [Redirty Cards: 0.1 ms]
      [Humongous Register: 0.1 ms]
      [Humongous Reclaim: 0.0 ms]
      [Free CSet: 0.9 ms]
   [Eden: 2444.0M(2444.0M)->0.0B(2446.0M) Survivors: 12288.0K->10240.0K Heap: 2477.6M(4096.0M)->32273.7K(4096.0M)]
 [Times: user=0.00 sys=0.00, real=0.00 secs] 
2024-10-12T19:04:02.015+0300: 692.299: Total time for which application threads were stopped: 0.0038012 seconds, Stopping threads took: 0.0001188 seconds
2024-10-12T19:04:02.785+0300: 693.067: Application time: 0.7677140 seconds
2024-10-12T19:04:02.785+0300: 693.067: [GC pause (G1 Evacuation Pause) (young), 0.0043201 secs]
   [Parallel Time: 2.7 ms, GC Workers: 6]
      [GC Worker Start (ms): Min: 693067.0, Avg: 693067.0, Max: 693067.3, Diff: 0.4]
      [Ext Root Scanning (ms): Min: 0.0, Avg: 0.3, Max: 0.4, Diff: 0.4, Sum: 1.8]
      [Update RS (ms): Min: 0.1, Avg: 0.1, Max: 0.1, Diff: 0.0, Sum: 0.6]
         [Processed Buffers: Min: 1, Avg: 2.2, Max: 3, Diff: 2, Sum: 13]
      [Scan RS (ms): Min: 0.2, Avg: 0.2, Max: 0.2, Diff: 0.0, Sum: 1.1]
      [Code Root Scanning (ms): Min: 0.0, Avg: 0.0, Max: 0.0, Diff: 0.0, Sum: 0.0]
      [Object Copy (ms): Min: 1.9, Avg: 1.9, Max: 1.9, Diff: 0.1, Sum: 11.4]
      [Termination (ms): Min: 0.0, Avg: 0.0, Max: 0.0, Diff: 0.0, Sum: 0.0]
         [Termination Attempts: Min: 1, Avg: 1.0, Max: 1, Diff: 0, Sum: 6]
      [GC Worker Other (ms): Min: 0.0, Avg: 0.1, Max: 0.1, Diff: 0.1, Sum: 0.5]
      [GC Worker Total (ms): Min: 2.2, Avg: 2.6, Max: 2.7, Diff: 0.4, Sum: 15.4]
      [GC Worker End (ms): Min: 693069.5, Avg: 693069.6, Max: 693069.6, Diff: 0.1]
   [Code Root Fixup: 0.0 ms]
   [Code Root Purge: 0.0 ms]
   [Clear CT: 0.5 ms]
   [Other: 1.1 ms]
      [Choose CSet: 0.0 ms]
      [Ref Proc: 0.1 ms]
      [Ref Enq: 0.0 ms]
      [Redirty Cards: 0.1 ms]
      [Humongous Register: 0.0 ms]
      [Humongous Reclaim: 0.0 ms]
      [Free CSet: 0.7 ms]
   [Eden: 2446.0M(2446.0M)->0.0B(2444.0M) Survivors: 10240.0K->12288.0K Heap: 2477.5M(4096.0M)->35341.9K(4096.0M)]
 [Times: user=0.00 sys=0.00, real=0.00 secs] 
2024-10-12T19:04:02.785+0300: 693.071: Total time for which application threads were stopped: 0.0047138 seconds, Stopping threads took: 0.0001642 seconds
2024-10-12T19:04:03.571+0300: 693.851: Application time: 0.7796984 seconds
2024-10-12T19:04:03.571+0300: 693.851: [GC pause (G1 Evacuation Pause) (young), 0.0037649 secs]
   [Parallel Time: 2.2 ms, GC Workers: 6]
      [GC Worker Start (ms): Min: 693851.4, Avg: 693851.4, Max: 693851.4, Diff: 0.1]
      [Ext Root Scanning (ms): Min: 0.3, Avg: 0.3, Max: 0.4, Diff: 0.1, Sum: 2.0]
      [Update RS (ms): Min: 0.0, Avg: 0.1, Max: 0.2, Diff: 0.2, Sum: 0.6]
         [Processed Buffers: Min: 0, Avg: 2.2, Max: 4, Diff: 4, Sum: 13]
      [Scan RS (ms): Min: 0.0, Avg: 0.2, Max: 0.2, Diff: 0.2, Sum: 1.1]
      [Code Root Scanning (ms): Min: 0.0, Avg: 0.0, Max: 0.0, Diff: 0.0, Sum: 0.0]
      [Object Copy (ms): Min: 1.3, Avg: 1.4, Max: 1.6, Diff: 0.3, Sum: 8.2]
      [Termination (ms): Min: 0.0, Avg: 0.0, Max: 0.0, Diff: 0.0, Sum: 0.0]
         [Termination Attempts: Min: 1, Avg: 1.0, Max: 1, Diff: 0, Sum: 6]
      [GC Worker Other (ms): Min: 0.0, Avg: 0.1, Max: 0.1, Diff: 0.1, Sum: 0.4]
      [GC Worker Total (ms): Min: 2.0, Avg: 2.1, Max: 2.1, Diff: 0.1, Sum: 12.4]
      [GC Worker End (ms): Min: 693853.4, Avg: 693853.4, Max: 693853.5, Diff: 0.1]
   [Code Root Fixup: 0.0 ms]
   [Code Root Purge: 0.0 ms]
   [Clear CT: 0.5 ms]
   [Other: 1.1 ms]
      [Choose CSet: 0.0 ms]
      [Ref Proc: 0.1 ms]
      [Ref Enq: 0.0 ms]
      [Redirty Cards: 0.1 ms]
      [Humongous Register: 0.0 ms]
      [Humongous Reclaim: 0.0 ms]
      [Free CSet: 0.7 ms]
   [Eden: 2444.0M(2444.0M)->0.0B(2446.0M) Survivors: 12288.0K->10240.0K Heap: 2478.5M(4096.0M)->33302.7K(4096.0M)]
 [Times: user=0.00 sys=0.00, real=0.00 secs] 
2024-10-12T19:04:03.571+0300: 693.855: Total time for which application threads were stopped: 0.0041202 seconds, Stopping threads took: 0.0001214 seconds
2024-10-12T19:04:04.355+0300: 694.642: Application time: 0.7868194 seconds
2024-10-12T19:04:04.355+0300: 694.642: [GC pause (G1 Evacuation Pause) (young), 0.0032183 secs]
   [Parallel Time: 1.7 ms, GC Workers: 6]
      [GC Worker Start (ms): Min: 694642.4, Avg: 694642.5, Max: 694642.5, Diff: 0.0]
      [Ext Root Scanning (ms): Min: 0.4, Avg: 0.4, Max: 0.4, Diff: 0.0, Sum: 2.2]
      [Update RS (ms): Min: 0.0, Avg: 0.1, Max: 0.1, Diff: 0.1, Sum: 0.6]
         [Processed Buffers: Min: 1, Avg: 2.2, Max: 3, Diff: 2, Sum: 13]
      [Scan RS (ms): Min: 0.1, Avg: 0.2, Max: 0.2, Diff: 0.1, Sum: 1.0]
      [Code Root Scanning (ms): Min: 0.0, Avg: 0.0, Max: 0.0, Diff: 0.0, Sum: 0.0]
      [Object Copy (ms): Min: 0.8, Avg: 0.8, Max: 0.8, Diff: 0.1, Sum: 4.8]
      [Termination (ms): Min: 0.0, Avg: 0.0, Max: 0.0, Diff: 0.0, Sum: 0.0]
         [Termination Attempts: Min: 1, Avg: 1.0, Max: 1, Diff: 0, Sum: 6]
      [GC Worker Other (ms): Min: 0.1, Avg: 0.1, Max: 0.2, Diff: 0.1, Sum: 0.7]
      [GC Worker Total (ms): Min: 1.5, Avg: 1.6, Max: 1.6, Diff: 0.1, Sum: 9.4]
      [GC Worker End (ms): Min: 694644.0, Avg: 694644.0, Max: 694644.1, Diff: 0.1]
   [Code Root Fixup: 0.0 ms]
   [Code Root Purge: 0.0 ms]
   [Clear CT: 0.5 ms]
   [Other: 1.0 ms]
      [Choose CSet: 0.0 ms]
      [Ref Proc: 0.1 ms]
      [Ref Enq: 0.0 ms]
      [Redirty Cards: 0.1 ms]
      [Humongous Register: 0.1 ms]
      [Humongous Reclaim: 0.0 ms]
      [Free CSet: 0.6 ms]
   [Eden: 2446.0M(2446.0M)->0.0B(2446.0M) Survivors: 10240.0K->10240.0K Heap: 2478.5M(4096.0M)->32281.2K(4096.0M)]
 [Times: user=0.00 sys=0.00, real=0.00 secs] 
2024-10-12T19:04:04.355+0300: 694.646: Total time for which application threads were stopped: 0.0036889 seconds, Stopping threads took: 0.0001977 seconds
2024-10-12T19:04:05.140+0300: 695.429: Application time: 0.7833017 seconds
2024-10-12T19:04:05.140+0300: 695.429: [GC pause (G1 Evacuation Pause) (young), 0.0041773 secs]
   [Parallel Time: 2.5 ms, GC Workers: 6]
      [GC Worker Start (ms): Min: 695429.4, Avg: 695429.4, Max: 695429.5, Diff: 0.1]
      [Ext Root Scanning (ms): Min: 0.3, Avg: 0.3, Max: 0.3, Diff: 0.1, Sum: 1.9]
      [Update RS (ms): Min: 0.0, Avg: 0.1, Max: 0.1, Diff: 0.1, Sum: 0.6]
         [Processed Buffers: Min: 0, Avg: 2.2, Max: 4, Diff: 4, Sum: 13]
      [Scan RS (ms): Min: 0.1, Avg: 0.2, Max: 0.2, Diff: 0.1, Sum: 1.1]
      [Code Root Scanning (ms): Min: 0.0, Avg: 0.0, Max: 0.0, Diff: 0.0, Sum: 0.0]
      [Object Copy (ms): Min: 1.5, Avg: 1.6, Max: 1.7, Diff: 0.2, Sum: 9.5]
      [Termination (ms): Min: 0.0, Avg: 0.0, Max: 0.0, Diff: 0.0, Sum: 0.0]
         [Termination Attempts: Min: 1, Avg: 1.0, Max: 1, Diff: 0, Sum: 6]
      [GC Worker Other (ms): Min: 0.0, Avg: 0.1, Max: 0.2, Diff: 0.1, Sum: 0.6]
      [GC Worker Total (ms): Min: 2.2, Avg: 2.3, Max: 2.3, Diff: 0.2, Sum: 13.7]
      [GC Worker End (ms): Min: 695431.6, Avg: 695431.7, Max: 695431.8, Diff: 0.1]
   [Code Root Fixup: 0.0 ms]
   [Code Root Purge: 0.0 ms]
   [Clear CT: 0.5 ms]
   [Other: 1.2 ms]
      [Choose CSet: 0.0 ms]
      [Ref Proc: 0.1 ms]
      [Ref Enq: 0.0 ms]
      [Redirty Cards: 0.1 ms]
      [Humongous Register: 0.1 ms]
      [Humongous Reclaim: 0.0 ms]
      [Free CSet: 0.7 ms]
   [Eden: 2446.0M(2446.0M)->0.0B(2444.0M) Survivors: 10240.0K->12288.0K Heap: 2477.5M(4096.0M)->34331.7K(4096.0M)]
 [Times: user=0.00 sys=0.00, real=0.00 secs] 
2024-10-12T19:04:05.140+0300: 695.434: Total time for which application threads were stopped: 0.0046099 seconds, Stopping threads took: 0.0001962 seconds
2024-10-12T19:04:05.928+0300: 696.207: Application time: 0.7735959 seconds
2024-10-12T19:04:05.928+0300: 696.207: [GC pause (G1 Evacuation Pause) (young), 0.0032508 secs]
   [Parallel Time: 1.6 ms, GC Workers: 6]
      [GC Worker Start (ms): Min: 696207.5, Avg: 696207.5, Max: 696207.6, Diff: 0.1]
      [Ext Root Scanning (ms): Min: 0.3, Avg: 0.3, Max: 0.4, Diff: 0.1, Sum: 2.0]
      [Update RS (ms): Min: 0.0, Avg: 0.1, Max: 0.1, Diff: 0.1, Sum: 0.6]
         [Processed Buffers: Min: 0, Avg: 2.0, Max: 4, Diff: 4, Sum: 12]
      [Scan RS (ms): Min: 0.1, Avg: 0.2, Max: 0.2, Diff: 0.0, Sum: 1.0]
      [Code Root Scanning (ms): Min: 0.0, Avg: 0.0, Max: 0.0, Diff: 0.0, Sum: 0.0]
      [Object Copy (ms): Min: 0.7, Avg: 0.8, Max: 0.9, Diff: 0.1, Sum: 4.6]
      [Termination (ms): Min: 0.0, Avg: 0.0, Max: 0.0, Diff: 0.0, Sum: 0.0]
         [Termination Attempts: Min: 1, Avg: 1.0, Max: 1, Diff: 0, Sum: 6]
      [GC Worker Other (ms): Min: 0.0, Avg: 0.1, Max: 0.1, Diff: 0.1, Sum: 0.6]
      [GC Worker Total (ms): Min: 1.4, Avg: 1.5, Max: 1.5, Diff: 0.1, Sum: 8.7]
      [GC Worker End (ms): Min: 696208.9, Avg: 696209.0, Max: 696209.0, Diff: 0.1]
   [Code Root Fixup: 0.0 ms]
   [Code Root Purge: 0.0 ms]
   [Clear CT: 0.5 ms]
   [Other: 1.1 ms]
      [Choose CSet: 0.0 ms]
      [Ref Proc: 0.1 ms]
      [Ref Enq: 0.0 ms]
      [Redirty Cards: 0.1 ms]
      [Humongous Register: 0.1 ms]
      [Humongous Reclaim: 0.0 ms]
      [Free CSet: 0.7 ms]
   [Eden: 2444.0M(2444.0M)->0.0B(2448.0M) Survivors: 12288.0K->8192.0K Heap: 2477.5M(4096.0M)->30238.2K(4096.0M)]
 [Times: user=0.00 sys=0.02, real=0.00 secs] 
2024-10-12T19:04:05.932+0300: 696.211: Total time for which application threads were stopped: 0.0036298 seconds, Stopping threads took: 0.0001374 seconds
2024-10-12T19:04:06.697+0300: 696.990: Application time: 0.7788321 seconds
2024-10-12T19:04:06.697+0300: 696.990: [GC pause (G1 Evacuation Pause) (young), 0.0032464 secs]
   [Parallel Time: 1.7 ms, GC Workers: 6]
      [GC Worker Start (ms): Min: 696990.1, Avg: 696990.1, Max: 696990.1, Diff: 0.1]
      [Ext Root Scanning (ms): Min: 0.3, Avg: 0.4, Max: 0.4, Diff: 0.1, Sum: 2.1]
      [Update RS (ms): Min: 0.1, Avg: 0.1, Max: 0.1, Diff: 0.0, Sum: 0.6]
         [Processed Buffers: Min: 1, Avg: 2.2, Max: 3, Diff: 2, Sum: 13]
      [Scan RS (ms): Min: 0.2, Avg: 0.2, Max: 0.2, Diff: 0.0, Sum: 1.1]
      [Code Root Scanning (ms): Min: 0.0, Avg: 0.0, Max: 0.0, Diff: 0.0, Sum: 0.0]
      [Object Copy (ms): Min: 0.9, Avg: 0.9, Max: 0.9, Diff: 0.0, Sum: 5.3]
      [Termination (ms): Min: 0.0, Avg: 0.0, Max: 0.1, Diff: 0.1, Sum: 0.2]
         [Termination Attempts: Min: 1, Avg: 1.0, Max: 1, Diff: 0, Sum: 6]
      [GC Worker Other (ms): Min: 0.0, Avg: 0.0, Max: 0.0, Diff: 0.0, Sum: 0.2]
      [GC Worker Total (ms): Min: 1.6, Avg: 1.6, Max: 1.7, Diff: 0.1, Sum: 9.7]
      [GC Worker End (ms): Min: 696991.7, Avg: 696991.7, Max: 696991.7, Diff: 0.0]
   [Code Root Fixup: 0.0 ms]
   [Code Root Purge: 0.0 ms]
   [Clear CT: 0.5 ms]
   [Other: 1.1 ms]
      [Choose CSet: 0.0 ms]
      [Ref Proc: 0.2 ms]
      [Ref Enq: 0.0 ms]
      [Redirty Cards: 0.1 ms]
      [Humongous Register: 0.0 ms]
      [Humongous Reclaim: 0.0 ms]
      [Free CSet: 0.6 ms]
   [Eden: 2448.0M(2448.0M)->0.0B(2446.0M) Survivors: 8192.0K->10240.0K Heap: 2477.5M(4096.0M)->32268.7K(4096.0M)]
 [Times: user=0.02 sys=0.00, real=0.01 secs] 
2024-10-12T19:04:06.712+0300: 696.994: Total time for which application threads were stopped: 0.0045133 seconds, Stopping threads took: 0.0002091 seconds
2024-10-12T19:04:07.497+0300: 697.780: Application time: 0.7854210 seconds
2024-10-12T19:04:07.497+0300: 697.780: [GC pause (G1 Evacuation Pause) (young), 0.0031938 secs]
   [Parallel Time: 1.6 ms, GC Workers: 6]
      [GC Worker Start (ms): Min: 697779.9, Avg: 697780.0, Max: 697780.0, Diff: 0.1]
      [Ext Root Scanning (ms): Min: 0.3, Avg: 0.4, Max: 0.4, Diff: 0.1, Sum: 2.1]
      [Update RS (ms): Min: 0.1, Avg: 0.1, Max: 0.1, Diff: 0.1, Sum: 0.7]
         [Processed Buffers: Min: 1, Avg: 2.2, Max: 3, Diff: 2, Sum: 13]
      [Scan RS (ms): Min: 0.2, Avg: 0.2, Max: 0.2, Diff: 0.0, Sum: 1.1]
      [Code Root Scanning (ms): Min: 0.0, Avg: 0.0, Max: 0.0, Diff: 0.0, Sum: 0.0]
      [Object Copy (ms): Min: 0.7, Avg: 0.8, Max: 0.8, Diff: 0.0, Sum: 4.6]
      [Termination (ms): Min: 0.0, Avg: 0.0, Max: 0.0, Diff: 0.0, Sum: 0.0]
         [Termination Attempts: Min: 1, Avg: 1.0, Max: 1, Diff: 0, Sum: 6]
      [GC Worker Other (ms): Min: 0.0, Avg: 0.1, Max: 0.1, Diff: 0.1, Sum: 0.5]
      [GC Worker Total (ms): Min: 1.5, Avg: 1.5, Max: 1.6, Diff: 0.1, Sum: 9.0]
      [GC Worker End (ms): Min: 697781.4, Avg: 697781.5, Max: 697781.5, Diff: 0.1]
   [Code Root Fixup: 0.0 ms]
   [Code Root Purge: 0.0 ms]
   [Clear CT: 0.5 ms]
   [Other: 1.1 ms]
      [Choose CSet: 0.0 ms]
      [Ref Proc: 0.1 ms]
      [Ref Enq: 0.0 ms]
      [Redirty Cards: 0.1 ms]
      [Humongous Register: 0.1 ms]
      [Humongous Reclaim: 0.0 ms]
      [Free CSet: 0.7 ms]
   [Eden: 2446.0M(2446.0M)->0.0B(2448.0M) Survivors: 10240.0K->8192.0K Heap: 2477.5M(4096.0M)->31199.9K(4096.0M)]
 [Times: user=0.00 sys=0.00, real=0.00 secs] 
2024-10-12T19:04:07.497+0300: 697.783: Total time for which application threads were stopped: 0.0036818 seconds, Stopping threads took: 0.0001505 seconds
2024-10-12T19:04:08.282+0300: 698.568: Application time: 0.7844621 seconds
2024-10-12T19:04:08.282+0300: 698.568: [GC pause (G1 Evacuation Pause) (young), 0.0033805 secs]
   [Parallel Time: 1.7 ms, GC Workers: 6]
      [GC Worker Start (ms): Min: 698568.1, Avg: 698568.2, Max: 698568.4, Diff: 0.3]
      [Ext Root Scanning (ms): Min: 0.1, Avg: 0.3, Max: 0.4, Diff: 0.3, Sum: 2.0]
      [Update RS (ms): Min: 0.1, Avg: 0.1, Max: 0.1, Diff: 0.0, Sum: 0.6]
         [Processed Buffers: Min: 1, Avg: 2.2, Max: 4, Diff: 3, Sum: 13]
      [Scan RS (ms): Min: 0.2, Avg: 0.2, Max: 0.2, Diff: 0.0, Sum: 1.1]
      [Code Root Scanning (ms): Min: 0.0, Avg: 0.0, Max: 0.0, Diff: 0.0, Sum: 0.0]
      [Object Copy (ms): Min: 0.7, Avg: 0.8, Max: 0.8, Diff: 0.1, Sum: 4.7]
      [Termination (ms): Min: 0.0, Avg: 0.0, Max: 0.0, Diff: 0.0, Sum: 0.0]
         [Termination Attempts: Min: 1, Avg: 1.3, Max: 2, Diff: 1, Sum: 8]
      [GC Worker Other (ms): Min: 0.0, Avg: 0.1, Max: 0.2, Diff: 0.2, Sum: 0.7]
      [GC Worker Total (ms): Min: 1.4, Avg: 1.5, Max: 1.6, Diff: 0.3, Sum: 9.1]
      [GC Worker End (ms): Min: 698569.6, Avg: 698569.7, Max: 698569.8, Diff: 0.2]
   [Code Root Fixup: 0.0 ms]
   [Code Root Purge: 0.0 ms]
   [Clear CT: 0.4 ms]
   [Other: 1.2 ms]
      [Choose CSet: 0.0 ms]
      [Ref Proc: 0.2 ms]
      [Ref Enq: 0.0 ms]
      [Redirty Cards: 0.2 ms]
      [Humongous Register: 0.1 ms]
      [Humongous Reclaim: 0.0 ms]
      [Free CSet: 0.6 ms]
   [Eden: 2448.0M(2448.0M)->0.0B(2446.0M) Survivors: 8192.0K->10240.0K Heap: 2478.5M(4096.0M)->33191.0K(4096.0M)]
 [Times: user=0.00 sys=0.00, real=0.00 secs] 
2024-10-12T19:04:08.282+0300: 698.572: Total time for which application threads were stopped: 0.0038019 seconds, Stopping threads took: 0.0001682 seconds
2024-10-12T19:04:09.067+0300: 699.354: Application time: 0.7821049 seconds
2024-10-12T19:04:09.067+0300: 699.354: [GC pause (G1 Evacuation Pause) (young), 0.0035104 secs]
   [Parallel Time: 1.7 ms, GC Workers: 6]
      [GC Worker Start (ms): Min: 699354.1, Avg: 699354.1, Max: 699354.2, Diff: 0.0]
      [Ext Root Scanning (ms): Min: 0.3, Avg: 0.3, Max: 0.4, Diff: 0.1, Sum: 2.0]
      [Update RS (ms): Min: 0.1, Avg: 0.1, Max: 0.1, Diff: 0.1, Sum: 0.6]
         [Processed Buffers: Min: 1, Avg: 2.2, Max: 3, Diff: 2, Sum: 13]
      [Scan RS (ms): Min: 0.2, Avg: 0.2, Max: 0.2, Diff: 0.0, Sum: 1.1]
      [Code Root Scanning (ms): Min: 0.0, Avg: 0.0, Max: 0.0, Diff: 0.0, Sum: 0.0]
      [Object Copy (ms): Min: 0.7, Avg: 0.8, Max: 0.8, Diff: 0.1, Sum: 4.7]
      [Termination (ms): Min: 0.0, Avg: 0.0, Max: 0.0, Diff: 0.0, Sum: 0.0]
         [Termination Attempts: Min: 1, Avg: 1.0, Max: 1, Diff: 0, Sum: 6]
      [GC Worker Other (ms): Min: 0.0, Avg: 0.1, Max: 0.2, Diff: 0.1, Sum: 0.7]
      [GC Worker Total (ms): Min: 1.4, Avg: 1.5, Max: 1.6, Diff: 0.2, Sum: 9.1]
      [GC Worker End (ms): Min: 699355.6, Avg: 699355.7, Max: 699355.7, Diff: 0.1]
   [Code Root Fixup: 0.0 ms]
   [Code Root Purge: 0.0 ms]
   [Clear CT: 0.6 ms]
   [Other: 1.2 ms]
      [Choose CSet: 0.0 ms]
      [Ref Proc: 0.1 ms]
      [Ref Enq: 0.0 ms]
      [Redirty Cards: 0.1 ms]
      [Humongous Register: 0.1 ms]
      [Humongous Reclaim: 0.0 ms]
      [Free CSet: 0.7 ms]
   [Eden: 2446.0M(2446.0M)->0.0B(2448.0M) Survivors: 10240.0K->8192.0K Heap: 2478.4M(4096.0M)->31165.0K(4096.0M)]
 [Times: user=0.00 sys=0.00, real=0.00 secs] 
2024-10-12T19:04:09.067+0300: 699.358: Total time for which application threads were stopped: 0.0039821 seconds, Stopping threads took: 0.0002147 seconds
2024-10-12T19:04:09.835+0300: 700.130: Application time: 0.7720996 seconds
2024-10-12T19:04:09.835+0300: 700.130: [GC pause (G1 Evacuation Pause) (young), 0.0031301 secs]
   [Parallel Time: 1.6 ms, GC Workers: 6]
      [GC Worker Start (ms): Min: 700130.1, Avg: 700130.2, Max: 700130.3, Diff: 0.2]
      [Ext Root Scanning (ms): Min: 0.2, Avg: 0.3, Max: 0.4, Diff: 0.2, Sum: 1.9]
      [Update RS (ms): Min: 0.1, Avg: 0.1, Max: 0.1, Diff: 0.1, Sum: 0.6]
         [Processed Buffers: Min: 1, Avg: 2.2, Max: 4, Diff: 3, Sum: 13]
      [Scan RS (ms): Min: 0.1, Avg: 0.2, Max: 0.2, Diff: 0.0, Sum: 1.0]
      [Code Root Scanning (ms): Min: 0.0, Avg: 0.0, Max: 0.0, Diff: 0.0, Sum: 0.0]
      [Object Copy (ms): Min: 0.7, Avg: 0.7, Max: 0.8, Diff: 0.1, Sum: 4.4]
      [Termination (ms): Min: 0.0, Avg: 0.0, Max: 0.0, Diff: 0.0, Sum: 0.0]
         [Termination Attempts: Min: 1, Avg: 1.0, Max: 1, Diff: 0, Sum: 6]
      [GC Worker Other (ms): Min: 0.0, Avg: 0.1, Max: 0.1, Diff: 0.1, Sum: 0.5]
      [GC Worker Total (ms): Min: 1.3, Avg: 1.4, Max: 1.5, Diff: 0.2, Sum: 8.5]
      [GC Worker End (ms): Min: 700131.5, Avg: 700131.6, Max: 700131.6, Diff: 0.1]
   [Code Root Fixup: 0.0 ms]
   [Code Root Purge: 0.0 ms]
   [Clear CT: 0.5 ms]
   [Other: 1.1 ms]
      [Choose CSet: 0.0 ms]
      [Ref Proc: 0.1 ms]
      [Ref Enq: 0.0 ms]
      [Redirty Cards: 0.1 ms]
      [Humongous Register: 0.1 ms]
      [Humongous Reclaim: 0.0 ms]
      [Free CSet: 0.7 ms]
   [Eden: 2448.0M(2448.0M)->0.0B(2448.0M) Survivors: 8192.0K->8192.0K Heap: 2478.4M(4096.0M)->31113.6K(4096.0M)]
 [Times: user=0.00 sys=0.00, real=0.02 secs] 
2024-10-12T19:04:09.851+0300: 700.133: Total time for which application threads were stopped: 0.0036020 seconds, Stopping threads took: 0.0001666 seconds
2024-10-12T19:04:10.621+0300: 700.911: Application time: 0.7775109 seconds
2024-10-12T19:04:10.621+0300: 700.911: [GC pause (G1 Evacuation Pause) (young), 0.0032112 secs]
   [Parallel Time: 1.7 ms, GC Workers: 6]
      [GC Worker Start (ms): Min: 700911.2, Avg: 700911.2, Max: 700911.3, Diff: 0.1]
      [Ext Root Scanning (ms): Min: 0.3, Avg: 0.3, Max: 0.4, Diff: 0.1, Sum: 2.0]
      [Update RS (ms): Min: 0.1, Avg: 0.1, Max: 0.1, Diff: 0.0, Sum: 0.6]
         [Processed Buffers: Min: 1, Avg: 2.2, Max: 3, Diff: 2, Sum: 13]
      [Scan RS (ms): Min: 0.2, Avg: 0.2, Max: 0.2, Diff: 0.0, Sum: 1.1]
      [Code Root Scanning (ms): Min: 0.0, Avg: 0.0, Max: 0.0, Diff: 0.0, Sum: 0.0]
      [Object Copy (ms): Min: 0.9, Avg: 0.9, Max: 0.9, Diff: 0.0, Sum: 5.3]
      [Termination (ms): Min: 0.0, Avg: 0.0, Max: 0.0, Diff: 0.0, Sum: 0.0]
         [Termination Attempts: Min: 1, Avg: 3.3, Max: 5, Diff: 4, Sum: 20]
      [GC Worker Other (ms): Min: 0.0, Avg: 0.1, Max: 0.1, Diff: 0.1, Sum: 0.5]
      [GC Worker Total (ms): Min: 1.5, Avg: 1.6, Max: 1.7, Diff: 0.1, Sum: 9.5]
      [GC Worker End (ms): Min: 700912.8, Avg: 700912.8, Max: 700912.8, Diff: 0.1]
   [Code Root Fixup: 0.0 ms]
   [Code Root Purge: 0.0 ms]
   [Clear CT: 0.5 ms]
   [Other: 1.0 ms]
      [Choose CSet: 0.0 ms]
      [Ref Proc: 0.1 ms]
      [Ref Enq: 0.0 ms]
      [Redirty Cards: 0.1 ms]
      [Humongous Register: 0.0 ms]
      [Humongous Reclaim: 0.0 ms]
      [Free CSet: 0.6 ms]
   [Eden: 2448.0M(2448.0M)->0.0B(2446.0M) Survivors: 8192.0K->10240.0K Heap: 2478.4M(4096.0M)->33157.8K(4096.0M)]
 [Times: user=0.00 sys=0.00, real=0.00 secs] 
2024-10-12T19:04:10.621+0300: 700.914: Total time for which application threads were stopped: 0.0035920 seconds, Stopping threads took: 0.0001650 seconds
2024-10-12T19:04:11.405+0300: 701.692: Application time: 0.7776378 seconds
2024-10-12T19:04:11.405+0300: 701.692: [GC pause (G1 Evacuation Pause) (young), 0.0031953 secs]
   [Parallel Time: 1.6 ms, GC Workers: 6]
      [GC Worker Start (ms): Min: 701692.4, Avg: 701692.5, Max: 701692.5, Diff: 0.1]
      [Ext Root Scanning (ms): Min: 0.3, Avg: 0.3, Max: 0.4, Diff: 0.1, Sum: 2.0]
      [Update RS (ms): Min: 0.1, Avg: 0.1, Max: 0.1, Diff: 0.0, Sum: 0.6]
         [Processed Buffers: Min: 1, Avg: 2.2, Max: 3, Diff: 2, Sum: 13]
      [Scan RS (ms): Min: 0.1, Avg: 0.2, Max: 0.2, Diff: 0.1, Sum: 1.0]
      [Code Root Scanning (ms): Min: 0.0, Avg: 0.0, Max: 0.0, Diff: 0.0, Sum: 0.0]
      [Object Copy (ms): Min: 0.8, Avg: 0.9, Max: 0.9, Diff: 0.1, Sum: 5.1]
      [Termination (ms): Min: 0.0, Avg: 0.0, Max: 0.0, Diff: 0.0, Sum: 0.0]
         [Termination Attempts: Min: 1, Avg: 1.0, Max: 1, Diff: 0, Sum: 6]
      [GC Worker Other (ms): Min: 0.0, Avg: 0.1, Max: 0.1, Diff: 0.1, Sum: 0.4]
      [GC Worker Total (ms): Min: 1.5, Avg: 1.5, Max: 1.6, Diff: 0.1, Sum: 9.2]
      [GC Worker End (ms): Min: 701694.0, Avg: 701694.0, Max: 701694.1, Diff: 0.1]
   [Code Root Fixup: 0.0 ms]
   [Code Root Purge: 0.0 ms]
   [Clear CT: 0.5 ms]
   [Other: 1.0 ms]
      [Choose CSet: 0.0 ms]
      [Ref Proc: 0.1 ms]
      [Ref Enq: 0.0 ms]
      [Redirty Cards: 0.1 ms]
      [Humongous Register: 0.0 ms]
      [Humongous Reclaim: 0.0 ms]
      [Free CSet: 0.7 ms]
   [Eden: 2446.0M(2446.0M)->0.0B(2446.0M) Survivors: 10240.0K->10240.0K Heap: 2478.4M(4096.0M)->33227.5K(4096.0M)]
 [Times: user=0.00 sys=0.00, real=0.00 secs] 
2024-10-12T19:04:11.405+0300: 701.696: Total time for which application threads were stopped: 0.0036818 seconds, Stopping threads took: 0.0001806 seconds
2024-10-12T19:04:12.190+0300: 702.477: Application time: 0.7817358 seconds
2024-10-12T19:04:12.190+0300: 702.478: [GC pause (G1 Evacuation Pause) (young), 0.0034499 secs]
   [Parallel Time: 1.8 ms, GC Workers: 6]
      [GC Worker Start (ms): Min: 702478.0, Avg: 702478.0, Max: 702478.0, Diff: 0.1]
      [Ext Root Scanning (ms): Min: 0.3, Avg: 0.4, Max: 0.4, Diff: 0.1, Sum: 2.1]
      [Update RS (ms): Min: 0.1, Avg: 0.1, Max: 0.1, Diff: 0.1, Sum: 0.6]
         [Processed Buffers: Min: 1, Avg: 2.2, Max: 3, Diff: 2, Sum: 13]
      [Scan RS (ms): Min: 0.1, Avg: 0.2, Max: 0.2, Diff: 0.0, Sum: 1.0]
      [Code Root Scanning (ms): Min: 0.0, Avg: 0.0, Max: 0.0, Diff: 0.0, Sum: 0.0]
      [Object Copy (ms): Min: 0.8, Avg: 0.9, Max: 0.9, Diff: 0.0, Sum: 5.2]
      [Termination (ms): Min: 0.0, Avg: 0.0, Max: 0.0, Diff: 0.0, Sum: 0.0]
         [Termination Attempts: Min: 1, Avg: 2.3, Max: 4, Diff: 3, Sum: 14]
      [GC Worker Other (ms): Min: 0.0, Avg: 0.1, Max: 0.2, Diff: 0.2, Sum: 0.7]
      [GC Worker Total (ms): Min: 1.5, Avg: 1.6, Max: 1.7, Diff: 0.2, Sum: 9.6]
      [GC Worker End (ms): Min: 702479.5, Avg: 702479.6, Max: 702479.7, Diff: 0.2]
   [Code Root Fixup: 0.0 ms]
   [Code Root Purge: 0.0 ms]
   [Clear CT: 0.5 ms]
   [Other: 1.1 ms]
      [Choose CSet: 0.0 ms]
      [Ref Proc: 0.1 ms]
      [Ref Enq: 0.0 ms]
      [Redirty Cards: 0.1 ms]
      [Humongous Register: 0.0 ms]
      [Humongous Reclaim: 0.0 ms]
      [Free CSet: 0.6 ms]
   [Eden: 2446.0M(2446.0M)->0.0B(2448.0M) Survivors: 10240.0K->8192.0K Heap: 2478.4M(4096.0M)->31259.2K(4096.0M)]
 [Times: user=0.00 sys=0.00, real=0.00 secs] 
2024-10-12T19:04:12.190+0300: 702.481: Total time for which application threads were stopped: 0.0039646 seconds, Stopping threads took: 0.0002595 seconds
2024-10-12T19:04:12.976+0300: 703.261: Application time: 0.7793960 seconds
2024-10-12T19:04:12.976+0300: 703.261: [GC pause (G1 Evacuation Pause) (young), 0.0033605 secs]
   [Parallel Time: 1.5 ms, GC Workers: 6]
      [GC Worker Start (ms): Min: 703261.3, Avg: 703261.3, Max: 703261.4, Diff: 0.1]
      [Ext Root Scanning (ms): Min: 0.3, Avg: 0.3, Max: 0.3, Diff: 0.1, Sum: 1.9]
      [Update RS (ms): Min: 0.1, Avg: 0.1, Max: 0.1, Diff: 0.0, Sum: 0.6]
         [Processed Buffers: Min: 1, Avg: 2.2, Max: 3, Diff: 2, Sum: 13]
      [Scan RS (ms): Min: 0.2, Avg: 0.2, Max: 0.2, Diff: 0.0, Sum: 1.0]
      [Code Root Scanning (ms): Min: 0.0, Avg: 0.0, Max: 0.0, Diff: 0.0, Sum: 0.0]
      [Object Copy (ms): Min: 0.7, Avg: 0.7, Max: 0.8, Diff: 0.0, Sum: 4.4]
      [Termination (ms): Min: 0.0, Avg: 0.0, Max: 0.0, Diff: 0.0, Sum: 0.0]
         [Termination Attempts: Min: 1, Avg: 1.0, Max: 1, Diff: 0, Sum: 6]
      [GC Worker Other (ms): Min: 0.0, Avg: 0.1, Max: 0.1, Diff: 0.1, Sum: 0.5]
      [GC Worker Total (ms): Min: 1.4, Avg: 1.4, Max: 1.5, Diff: 0.1, Sum: 8.4]
      [GC Worker End (ms): Min: 703262.7, Avg: 703262.7, Max: 703262.8, Diff: 0.1]
   [Code Root Fixup: 0.0 ms]
   [Code Root Purge: 0.0 ms]
   [Clear CT: 0.5 ms]
   [Other: 1.3 ms]
      [Choose CSet: 0.0 ms]
      [Ref Proc: 0.2 ms]
      [Ref Enq: 0.0 ms]
      [Redirty Cards: 0.1 ms]
      [Humongous Register: 0.1 ms]
      [Humongous Reclaim: 0.0 ms]
      [Free CSet: 0.7 ms]
   [Eden: 2448.0M(2448.0M)->0.0B(2448.0M) Survivors: 8192.0K->8192.0K Heap: 2478.5M(4096.0M)->30252.8K(4096.0M)]
 [Times: user=0.00 sys=0.00, real=0.00 secs] 
2024-10-12T19:04:12.976+0300: 703.265: Total time for which application threads were stopped: 0.0038042 seconds, Stopping threads took: 0.0001827 seconds
2024-10-12T19:04:13.760+0300: 704.041: Application time: 0.7766019 seconds
2024-10-12T19:04:13.760+0300: 704.041: [GC pause (G1 Evacuation Pause) (young), 0.0032996 secs]
   [Parallel Time: 1.8 ms, GC Workers: 6]
      [GC Worker Start (ms): Min: 704041.6, Avg: 704041.6, Max: 704041.6, Diff: 0.1]
      [Ext Root Scanning (ms): Min: 0.3, Avg: 0.3, Max: 0.4, Diff: 0.1, Sum: 1.9]
      [Update RS (ms): Min: 0.1, Avg: 0.1, Max: 0.1, Diff: 0.0, Sum: 0.6]
         [Processed Buffers: Min: 1, Avg: 2.2, Max: 3, Diff: 2, Sum: 13]
      [Scan RS (ms): Min: 0.2, Avg: 0.2, Max: 0.2, Diff: 0.0, Sum: 1.0]
      [Code Root Scanning (ms): Min: 0.0, Avg: 0.0, Max: 0.0, Diff: 0.0, Sum: 0.0]
      [Object Copy (ms): Min: 0.9, Avg: 0.9, Max: 1.0, Diff: 0.0, Sum: 5.6]
      [Termination (ms): Min: 0.0, Avg: 0.0, Max: 0.0, Diff: 0.0, Sum: 0.0]
         [Termination Attempts: Min: 1, Avg: 1.0, Max: 1, Diff: 0, Sum: 6]
      [GC Worker Other (ms): Min: 0.0, Avg: 0.1, Max: 0.1, Diff: 0.1, Sum: 0.5]
      [GC Worker Total (ms): Min: 1.6, Avg: 1.6, Max: 1.7, Diff: 0.1, Sum: 9.8]
      [GC Worker End (ms): Min: 704043.2, Avg: 704043.2, Max: 704043.3, Diff: 0.1]
   [Code Root Fixup: 0.0 ms]
   [Code Root Purge: 0.0 ms]
   [Clear CT: 0.5 ms]
   [Other: 1.0 ms]
      [Choose CSet: 0.0 ms]
      [Ref Proc: 0.1 ms]
      [Ref Enq: 0.0 ms]
      [Redirty Cards: 0.1 ms]
      [Humongous Register: 0.0 ms]
      [Humongous Reclaim: 0.0 ms]
      [Free CSet: 0.7 ms]
   [Eden: 2448.0M(2448.0M)->0.0B(2444.0M) Survivors: 8192.0K->12288.0K Heap: 2477.5M(4096.0M)->34305.8K(4096.0M)]
 [Times: user=0.00 sys=0.00, real=0.00 secs] 
2024-10-12T19:04:13.760+0300: 704.045: Total time for which application threads were stopped: 0.0036320 seconds, Stopping threads took: 0.0001141 seconds
2024-10-12T19:04:14.546+0300: 704.827: Application time: 0.7822371 seconds
2024-10-12T19:04:14.546+0300: 704.827: [GC pause (G1 Evacuation Pause) (young), 0.0031803 secs]
   [Parallel Time: 1.6 ms, GC Workers: 6]
      [GC Worker Start (ms): Min: 704827.6, Avg: 704827.6, Max: 704827.6, Diff: 0.1]
      [Ext Root Scanning (ms): Min: 0.3, Avg: 0.3, Max: 0.4, Diff: 0.1, Sum: 2.0]
      [Update RS (ms): Min: 0.1, Avg: 0.1, Max: 0.1, Diff: 0.1, Sum: 0.6]
         [Processed Buffers: Min: 2, Avg: 2.2, Max: 3, Diff: 1, Sum: 13]
      [Scan RS (ms): Min: 0.1, Avg: 0.2, Max: 0.2, Diff: 0.0, Sum: 1.0]
      [Code Root Scanning (ms): Min: 0.0, Avg: 0.0, Max: 0.0, Diff: 0.0, Sum: 0.0]
      [Object Copy (ms): Min: 0.8, Avg: 0.8, Max: 0.9, Diff: 0.0, Sum: 5.1]
      [Termination (ms): Min: 0.0, Avg: 0.0, Max: 0.0, Diff: 0.0, Sum: 0.0]
         [Termination Attempts: Min: 1, Avg: 1.3, Max: 2, Diff: 1, Sum: 8]
      [GC Worker Other (ms): Min: 0.0, Avg: 0.1, Max: 0.1, Diff: 0.1, Sum: 0.5]
      [GC Worker Total (ms): Min: 1.5, Avg: 1.5, Max: 1.6, Diff: 0.1, Sum: 9.2]
      [GC Worker End (ms): Min: 704829.1, Avg: 704829.1, Max: 704829.2, Diff: 0.1]
   [Code Root Fixup: 0.0 ms]
   [Code Root Purge: 0.0 ms]
   [Clear CT: 0.5 ms]
   [Other: 1.1 ms]
      [Choose CSet: 0.0 ms]
      [Ref Proc: 0.1 ms]
      [Ref Enq: 0.0 ms]
      [Redirty Cards: 0.1 ms]
      [Humongous Register: 0.0 ms]
      [Humongous Reclaim: 0.0 ms]
      [Free CSet: 0.7 ms]
   [Eden: 2444.0M(2444.0M)->0.0B(2448.0M) Survivors: 12288.0K->8192.0K Heap: 2477.5M(4096.0M)->31289.7K(4096.0M)]
 [Times: user=0.00 sys=0.00, real=0.00 secs] 
2024-10-12T19:04:14.546+0300: 704.831: Total time for which application threads were stopped: 0.0036304 seconds, Stopping threads took: 0.0002064 seconds
2024-10-12T19:04:15.331+0300: 705.615: Application time: 0.7840376 seconds
2024-10-12T19:04:15.331+0300: 705.615: [GC pause (G1 Evacuation Pause) (young), 0.0032277 secs]
   [Parallel Time: 1.7 ms, GC Workers: 6]
      [GC Worker Start (ms): Min: 705615.2, Avg: 705615.3, Max: 705615.7, Diff: 0.4]
      [Ext Root Scanning (ms): Min: 0.0, Avg: 0.3, Max: 0.4, Diff: 0.4, Sum: 1.9]
      [Update RS (ms): Min: 0.1, Avg: 0.1, Max: 0.1, Diff: 0.0, Sum: 0.6]
         [Processed Buffers: Min: 2, Avg: 2.2, Max: 3, Diff: 1, Sum: 13]
      [Scan RS (ms): Min: 0.2, Avg: 0.2, Max: 0.2, Diff: 0.1, Sum: 1.1]
      [Code Root Scanning (ms): Min: 0.0, Avg: 0.0, Max: 0.0, Diff: 0.0, Sum: 0.0]
      [Object Copy (ms): Min: 0.7, Avg: 0.8, Max: 0.8, Diff: 0.1, Sum: 4.7]
      [Termination (ms): Min: 0.0, Avg: 0.0, Max: 0.0, Diff: 0.0, Sum: 0.0]
         [Termination Attempts: Min: 1, Avg: 1.3, Max: 2, Diff: 1, Sum: 8]
      [GC Worker Other (ms): Min: 0.0, Avg: 0.1, Max: 0.1, Diff: 0.1, Sum: 0.5]
      [GC Worker Total (ms): Min: 1.1, Avg: 1.5, Max: 1.6, Diff: 0.5, Sum: 8.9]
      [GC Worker End (ms): Min: 705616.8, Avg: 705616.8, Max: 705616.9, Diff: 0.1]
   [Code Root Fixup: 0.0 ms]
   [Code Root Purge: 0.0 ms]
   [Clear CT: 0.5 ms]
   [Other: 1.1 ms]
      [Choose CSet: 0.0 ms]
      [Ref Proc: 0.1 ms]
      [Ref Enq: 0.0 ms]
      [Redirty Cards: 0.1 ms]
      [Humongous Register: 0.0 ms]
      [Humongous Reclaim: 0.0 ms]
      [Free CSet: 0.6 ms]
   [Eden: 2448.0M(2448.0M)->0.0B(2448.0M) Survivors: 8192.0K->8192.0K Heap: 2478.6M(4096.0M)->30262.5K(4096.0M)]
 [Times: user=0.00 sys=0.00, real=0.00 secs] 
2024-10-12T19:04:15.331+0300: 705.619: Total time for which application threads were stopped: 0.0036831 seconds, Stopping threads took: 0.0002001 seconds
2024-10-12T19:04:16.116+0300: 706.400: Application time: 0.7819267 seconds
2024-10-12T19:04:16.116+0300: 706.401: [GC pause (G1 Evacuation Pause) (young), 0.0034419 secs]
   [Parallel Time: 1.7 ms, GC Workers: 6]
      [GC Worker Start (ms): Min: 706400.9, Avg: 706400.9, Max: 706400.9, Diff: 0.1]
      [Ext Root Scanning (ms): Min: 0.3, Avg: 0.3, Max: 0.4, Diff: 0.1, Sum: 2.0]
      [Update RS (ms): Min: 0.1, Avg: 0.1, Max: 0.1, Diff: 0.0, Sum: 0.6]
         [Processed Buffers: Min: 2, Avg: 2.2, Max: 3, Diff: 1, Sum: 13]
      [Scan RS (ms): Min: 0.2, Avg: 0.2, Max: 0.2, Diff: 0.0, Sum: 1.0]
      [Code Root Scanning (ms): Min: 0.0, Avg: 0.0, Max: 0.0, Diff: 0.0, Sum: 0.0]
      [Object Copy (ms): Min: 0.9, Avg: 0.9, Max: 0.9, Diff: 0.0, Sum: 5.3]
      [Termination (ms): Min: 0.0, Avg: 0.0, Max: 0.0, Diff: 0.0, Sum: 0.0]
         [Termination Attempts: Min: 1, Avg: 2.5, Max: 4, Diff: 3, Sum: 15]
      [GC Worker Other (ms): Min: 0.0, Avg: 0.1, Max: 0.1, Diff: 0.1, Sum: 0.5]
      [GC Worker Total (ms): Min: 1.5, Avg: 1.6, Max: 1.6, Diff: 0.1, Sum: 9.4]
      [GC Worker End (ms): Min: 706402.4, Avg: 706402.5, Max: 706402.5, Diff: 0.1]
   [Code Root Fixup: 0.0 ms]
   [Code Root Purge: 0.0 ms]
   [Clear CT: 0.6 ms]
   [Other: 1.2 ms]
      [Choose CSet: 0.0 ms]
      [Ref Proc: 0.2 ms]
      [Ref Enq: 0.0 ms]
      [Redirty Cards: 0.1 ms]
      [Humongous Register: 0.0 ms]
      [Humongous Reclaim: 0.0 ms]
      [Free CSet: 0.7 ms]
   [Eden: 2448.0M(2448.0M)->0.0B(2446.0M) Survivors: 8192.0K->10240.0K Heap: 2477.6M(4096.0M)->32265.5K(4096.0M)]
 [Times: user=0.00 sys=0.00, real=0.00 secs] 
2024-10-12T19:04:16.116+0300: 706.404: Total time for which application threads were stopped: 0.0038938 seconds, Stopping threads took: 0.0002124 seconds
2024-10-12T19:04:16.885+0300: 707.177: Application time: 0.7726337 seconds
2024-10-12T19:04:16.885+0300: 707.177: [GC pause (G1 Evacuation Pause) (young), 0.0036883 secs]
   [Parallel Time: 2.0 ms, GC Workers: 6]
      [GC Worker Start (ms): Min: 707177.4, Avg: 707177.4, Max: 707177.4, Diff: 0.1]
      [Ext Root Scanning (ms): Min: 0.3, Avg: 0.3, Max: 0.4, Diff: 0.1, Sum: 1.9]
      [Update RS (ms): Min: 0.1, Avg: 0.1, Max: 0.1, Diff: 0.0, Sum: 0.6]
         [Processed Buffers: Min: 1, Avg: 2.2, Max: 3, Diff: 2, Sum: 13]
      [Scan RS (ms): Min: 0.2, Avg: 0.2, Max: 0.2, Diff: 0.0, Sum: 1.0]
      [Code Root Scanning (ms): Min: 0.0, Avg: 0.0, Max: 0.0, Diff: 0.0, Sum: 0.0]
      [Object Copy (ms): Min: 1.2, Avg: 1.2, Max: 1.3, Diff: 0.1, Sum: 7.4]
      [Termination (ms): Min: 0.0, Avg: 0.0, Max: 0.0, Diff: 0.0, Sum: 0.0]
         [Termination Attempts: Min: 1, Avg: 1.2, Max: 2, Diff: 1, Sum: 7]
      [GC Worker Other (ms): Min: 0.0, Avg: 0.1, Max: 0.1, Diff: 0.1, Sum: 0.5]
      [GC Worker Total (ms): Min: 1.8, Avg: 1.9, Max: 2.0, Diff: 0.1, Sum: 11.5]
      [GC Worker End (ms): Min: 707179.3, Avg: 707179.3, Max: 707179.4, Diff: 0.1]
   [Code Root Fixup: 0.0 ms]
   [Code Root Purge: 0.0 ms]
   [Clear CT: 0.6 ms]
   [Other: 1.0 ms]
      [Choose CSet: 0.0 ms]
      [Ref Proc: 0.1 ms]
      [Ref Enq: 0.0 ms]
      [Redirty Cards: 0.1 ms]
      [Humongous Register: 0.0 ms]
      [Humongous Reclaim: 0.0 ms]
      [Free CSet: 0.6 ms]
   [Eden: 2446.0M(2446.0M)->0.0B(2444.0M) Survivors: 10240.0K->12288.0K Heap: 2477.5M(4096.0M)->35335.8K(4096.0M)]
 [Times: user=0.00 sys=0.00, real=0.02 secs] 
2024-10-12T19:04:16.901+0300: 707.181: Total time for which application threads were stopped: 0.0041226 seconds, Stopping threads took: 0.0002039 seconds
2024-10-12T19:04:17.670+0300: 707.964: Application time: 0.7825184 seconds
2024-10-12T19:04:17.670+0300: 707.964: [GC pause (G1 Evacuation Pause) (young), 0.0031447 secs]
   [Parallel Time: 1.6 ms, GC Workers: 6]
      [GC Worker Start (ms): Min: 707963.9, Avg: 707964.0, Max: 707964.0, Diff: 0.1]
      [Ext Root Scanning (ms): Min: 0.3, Avg: 0.3, Max: 0.4, Diff: 0.1, Sum: 2.0]
      [Update RS (ms): Min: 0.1, Avg: 0.2, Max: 0.3, Diff: 0.2, Sum: 0.9]
         [Processed Buffers: Min: 1, Avg: 2.2, Max: 3, Diff: 2, Sum: 13]
      [Scan RS (ms): Min: 0.1, Avg: 0.2, Max: 0.2, Diff: 0.1, Sum: 1.0]
      [Code Root Scanning (ms): Min: 0.0, Avg: 0.0, Max: 0.0, Diff: 0.0, Sum: 0.0]
      [Object Copy (ms): Min: 0.7, Avg: 0.8, Max: 0.8, Diff: 0.1, Sum: 4.7]
      [Termination (ms): Min: 0.0, Avg: 0.0, Max: 0.0, Diff: 0.0, Sum: 0.0]
         [Termination Attempts: Min: 1, Avg: 1.3, Max: 2, Diff: 1, Sum: 8]
      [GC Worker Other (ms): Min: 0.0, Avg: 0.1, Max: 0.1, Diff: 0.1, Sum: 0.5]
      [GC Worker Total (ms): Min: 1.5, Avg: 1.5, Max: 1.6, Diff: 0.1, Sum: 9.2]
      [GC Worker End (ms): Min: 707965.4, Avg: 707965.5, Max: 707965.5, Diff: 0.1]
   [Code Root Fixup: 0.0 ms]
   [Code Root Purge: 0.0 ms]
   [Clear CT: 0.5 ms]
   [Other: 1.0 ms]
      [Choose CSet: 0.0 ms]
      [Ref Proc: 0.1 ms]
      [Ref Enq: 0.0 ms]
      [Redirty Cards: 0.1 ms]
      [Humongous Register: 0.0 ms]
      [Humongous Reclaim: 0.0 ms]
      [Free CSet: 0.7 ms]
   [Eden: 2444.0M(2444.0M)->0.0B(2448.0M) Survivors: 12288.0K->8192.0K Heap: 2478.5M(4096.0M)->30275.7K(4096.0M)]
 [Times: user=0.02 sys=0.00, real=0.02 secs] 
2024-10-12T19:04:17.686+0300: 707.967: Total time for which application threads were stopped: 0.0034906 seconds, Stopping threads took: 0.0001278 seconds
2024-10-12T19:04:18.455+0300: 708.748: Application time: 0.7808268 seconds
2024-10-12T19:04:18.455+0300: 708.748: [GC pause (G1 Evacuation Pause) (young), 0.0034105 secs]
   [Parallel Time: 1.9 ms, GC Workers: 6]
      [GC Worker Start (ms): Min: 708748.4, Avg: 708748.5, Max: 708748.9, Diff: 0.4]
      [Ext Root Scanning (ms): Min: 0.0, Avg: 0.3, Max: 0.4, Diff: 0.4, Sum: 1.9]
      [Update RS (ms): Min: 0.1, Avg: 0.1, Max: 0.1, Diff: 0.0, Sum: 0.6]
         [Processed Buffers: Min: 2, Avg: 2.2, Max: 3, Diff: 1, Sum: 13]
      [Scan RS (ms): Min: 0.2, Avg: 0.2, Max: 0.2, Diff: 0.0, Sum: 1.0]
      [Code Root Scanning (ms): Min: 0.0, Avg: 0.0, Max: 0.0, Diff: 0.0, Sum: 0.0]
      [Object Copy (ms): Min: 1.0, Avg: 1.0, Max: 1.0, Diff: 0.1, Sum: 6.0]
      [Termination (ms): Min: 0.0, Avg: 0.0, Max: 0.0, Diff: 0.0, Sum: 0.0]
         [Termination Attempts: Min: 1, Avg: 1.8, Max: 3, Diff: 2, Sum: 11]
      [GC Worker Other (ms): Min: 0.0, Avg: 0.1, Max: 0.1, Diff: 0.1, Sum: 0.5]
      [GC Worker Total (ms): Min: 1.4, Avg: 1.7, Max: 1.8, Diff: 0.4, Sum: 10.2]
      [GC Worker End (ms): Min: 708750.2, Avg: 708750.2, Max: 708750.2, Diff: 0.1]
   [Code Root Fixup: 0.0 ms]
   [Code Root Purge: 0.0 ms]
   [Clear CT: 0.5 ms]
   [Other: 1.0 ms]
      [Choose CSet: 0.0 ms]
      [Ref Proc: 0.1 ms]
      [Ref Enq: 0.0 ms]
      [Redirty Cards: 0.1 ms]
      [Humongous Register: 0.1 ms]
      [Humongous Reclaim: 0.0 ms]
      [Free CSet: 0.6 ms]
   [Eden: 2448.0M(2448.0M)->0.0B(2446.0M) Survivors: 8192.0K->10240.0K Heap: 2477.6M(4096.0M)->32300.2K(4096.0M)]
 [Times: user=0.02 sys=0.00, real=0.02 secs] 
2024-10-12T19:04:18.470+0300: 708.752: Total time for which application threads were stopped: 0.0039212 seconds, Stopping threads took: 0.0002430 seconds
2024-10-12T19:04:19.240+0300: 709.531: Application time: 0.7789545 seconds
2024-10-12T19:04:19.240+0300: 709.531: [GC pause (G1 Evacuation Pause) (young), 0.0035517 secs]
   [Parallel Time: 1.7 ms, GC Workers: 6]
      [GC Worker Start (ms): Min: 709531.2, Avg: 709531.3, Max: 709531.3, Diff: 0.0]
      [Ext Root Scanning (ms): Min: 0.3, Avg: 0.3, Max: 0.4, Diff: 0.1, Sum: 2.0]
      [Update RS (ms): Min: 0.1, Avg: 0.1, Max: 0.1, Diff: 0.1, Sum: 0.6]
         [Processed Buffers: Min: 1, Avg: 2.2, Max: 4, Diff: 3, Sum: 13]
      [Scan RS (ms): Min: 0.2, Avg: 0.2, Max: 0.2, Diff: 0.0, Sum: 1.0]
      [Code Root Scanning (ms): Min: 0.0, Avg: 0.0, Max: 0.0, Diff: 0.0, Sum: 0.0]
      [Object Copy (ms): Min: 0.8, Avg: 0.9, Max: 0.9, Diff: 0.1, Sum: 5.3]
      [Termination (ms): Min: 0.0, Avg: 0.0, Max: 0.0, Diff: 0.0, Sum: 0.0]
         [Termination Attempts: Min: 1, Avg: 3.0, Max: 4, Diff: 3, Sum: 18]
      [GC Worker Other (ms): Min: 0.0, Avg: 0.1, Max: 0.2, Diff: 0.2, Sum: 0.7]
      [GC Worker Total (ms): Min: 1.5, Avg: 1.6, Max: 1.7, Diff: 0.2, Sum: 9.6]
      [GC Worker End (ms): Min: 709532.8, Avg: 709532.9, Max: 709532.9, Diff: 0.1]
   [Code Root Fixup: 0.0 ms]
   [Code Root Purge: 0.0 ms]
   [Clear CT: 0.5 ms]
   [Other: 1.3 ms]
      [Choose CSet: 0.0 ms]
      [Ref Proc: 0.2 ms]
      [Ref Enq: 0.0 ms]
      [Redirty Cards: 0.1 ms]
      [Humongous Register: 0.1 ms]
      [Humongous Reclaim: 0.0 ms]
      [Free CSet: 0.7 ms]
   [Eden: 2446.0M(2446.0M)->0.0B(2446.0M) Survivors: 10240.0K->10240.0K Heap: 2477.5M(4096.0M)->32328.7K(4096.0M)]
 [Times: user=0.00 sys=0.00, real=0.02 secs] 
2024-10-12T19:04:19.255+0300: 709.535: Total time for which application threads were stopped: 0.0039782 seconds, Stopping threads took: 0.0001639 seconds
2024-10-12T19:04:20.025+0300: 710.314: Application time: 0.7788738 seconds
2024-10-12T19:04:20.025+0300: 710.314: [GC pause (G1 Evacuation Pause) (young), 0.0042081 secs]
   [Parallel Time: 2.3 ms, GC Workers: 6]
      [GC Worker Start (ms): Min: 710314.1, Avg: 710314.2, Max: 710314.5, Diff: 0.4]
      [Ext Root Scanning (ms): Min: 0.0, Avg: 0.3, Max: 0.4, Diff: 0.4, Sum: 1.8]
      [Update RS (ms): Min: 0.0, Avg: 0.1, Max: 0.2, Diff: 0.2, Sum: 0.7]
         [Processed Buffers: Min: 0, Avg: 2.2, Max: 4, Diff: 4, Sum: 13]
      [Scan RS (ms): Min: 0.1, Avg: 0.2, Max: 0.2, Diff: 0.1, Sum: 1.0]
      [Code Root Scanning (ms): Min: 0.0, Avg: 0.0, Max: 0.0, Diff: 0.0, Sum: 0.0]
      [Object Copy (ms): Min: 1.4, Avg: 1.4, Max: 1.6, Diff: 0.2, Sum: 8.6]
      [Termination (ms): Min: 0.0, Avg: 0.0, Max: 0.0, Diff: 0.0, Sum: 0.0]
         [Termination Attempts: Min: 1, Avg: 1.0, Max: 1, Diff: 0, Sum: 6]
      [GC Worker Other (ms): Min: 0.0, Avg: 0.1, Max: 0.2, Diff: 0.1, Sum: 0.7]
      [GC Worker Total (ms): Min: 1.8, Avg: 2.1, Max: 2.3, Diff: 0.4, Sum: 12.8]
      [GC Worker End (ms): Min: 710316.2, Avg: 710316.3, Max: 710316.4, Diff: 0.1]
   [Code Root Fixup: 0.0 ms]
   [Code Root Purge: 0.0 ms]
   [Clear CT: 0.6 ms]
   [Other: 1.3 ms]
      [Choose CSet: 0.0 ms]
      [Ref Proc: 0.1 ms]
      [Ref Enq: 0.0 ms]
      [Redirty Cards: 0.1 ms]
      [Humongous Register: 0.1 ms]
      [Humongous Reclaim: 0.0 ms]
      [Free CSet: 0.8 ms]
   [Eden: 2446.0M(2446.0M)->0.0B(2444.0M) Survivors: 10240.0K->12288.0K Heap: 2477.6M(4096.0M)->35370.4K(4096.0M)]
 [Times: user=0.00 sys=0.00, real=0.00 secs] 
2024-10-12T19:04:20.025+0300: 710.318: Total time for which application threads were stopped: 0.0046334 seconds, Stopping threads took: 0.0001700 seconds
2024-10-12T19:04:20.810+0300: 711.092: Application time: 0.7738111 seconds
2024-10-12T19:04:20.810+0300: 711.092: [GC pause (G1 Evacuation Pause) (young), 0.0030282 secs]
   [Parallel Time: 1.5 ms, GC Workers: 6]
      [GC Worker Start (ms): Min: 711092.5, Avg: 711092.5, Max: 711092.5, Diff: 0.0]
      [Ext Root Scanning (ms): Min: 0.3, Avg: 0.3, Max: 0.3, Diff: 0.1, Sum: 1.9]
      [Update RS (ms): Min: 0.1, Avg: 0.1, Max: 0.1, Diff: 0.1, Sum: 0.6]
         [Processed Buffers: Min: 1, Avg: 2.2, Max: 3, Diff: 2, Sum: 13]
      [Scan RS (ms): Min: 0.2, Avg: 0.2, Max: 0.2, Diff: 0.0, Sum: 1.1]
      [Code Root Scanning (ms): Min: 0.0, Avg: 0.0, Max: 0.0, Diff: 0.0, Sum: 0.0]
      [Object Copy (ms): Min: 0.7, Avg: 0.7, Max: 0.7, Diff: 0.0, Sum: 4.2]
      [Termination (ms): Min: 0.0, Avg: 0.0, Max: 0.0, Diff: 0.0, Sum: 0.0]
         [Termination Attempts: Min: 1, Avg: 1.0, Max: 1, Diff: 0, Sum: 6]
      [GC Worker Other (ms): Min: 0.0, Avg: 0.1, Max: 0.1, Diff: 0.1, Sum: 0.5]
      [GC Worker Total (ms): Min: 1.4, Avg: 1.4, Max: 1.4, Diff: 0.1, Sum: 8.3]
      [GC Worker End (ms): Min: 711093.8, Avg: 711093.9, Max: 711093.9, Diff: 0.1]
   [Code Root Fixup: 0.0 ms]
   [Code Root Purge: 0.0 ms]
   [Clear CT: 0.5 ms]
   [Other: 1.0 ms]
      [Choose CSet: 0.0 ms]
      [Ref Proc: 0.1 ms]
      [Ref Enq: 0.0 ms]
      [Redirty Cards: 0.1 ms]
      [Humongous Register: 0.0 ms]
      [Humongous Reclaim: 0.0 ms]
      [Free CSet: 0.7 ms]
   [Eden: 2444.0M(2444.0M)->0.0B(2448.0M) Survivors: 12288.0K->8192.0K Heap: 2478.5M(4096.0M)->30285.7K(4096.0M)]
 [Times: user=0.00 sys=0.00, real=0.00 secs] 
2024-10-12T19:04:20.810+0300: 711.096: Total time for which application threads were stopped: 0.0034225 seconds, Stopping threads took: 0.0001886 seconds
2024-10-12T19:04:21.595+0300: 711.884: Application time: 0.7884165 seconds
2024-10-12T19:04:21.595+0300: 711.884: [GC pause (G1 Evacuation Pause) (young), 0.0031328 secs]
   [Parallel Time: 1.6 ms, GC Workers: 6]
      [GC Worker Start (ms): Min: 711884.4, Avg: 711884.4, Max: 711884.4, Diff: 0.1]
      [Ext Root Scanning (ms): Min: 0.3, Avg: 0.3, Max: 0.4, Diff: 0.1, Sum: 2.0]
      [Update RS (ms): Min: 0.1, Avg: 0.1, Max: 0.1, Diff: 0.1, Sum: 0.6]
         [Processed Buffers: Min: 1, Avg: 2.2, Max: 4, Diff: 3, Sum: 13]
      [Scan RS (ms): Min: 0.1, Avg: 0.2, Max: 0.2, Diff: 0.0, Sum: 1.0]
      [Code Root Scanning (ms): Min: 0.0, Avg: 0.0, Max: 0.0, Diff: 0.0, Sum: 0.0]
      [Object Copy (ms): Min: 0.7, Avg: 0.8, Max: 0.8, Diff: 0.0, Sum: 4.6]
      [Termination (ms): Min: 0.0, Avg: 0.0, Max: 0.0, Diff: 0.0, Sum: 0.0]
         [Termination Attempts: Min: 1, Avg: 1.0, Max: 1, Diff: 0, Sum: 6]
      [GC Worker Other (ms): Min: 0.0, Avg: 0.1, Max: 0.1, Diff: 0.1, Sum: 0.6]
      [GC Worker Total (ms): Min: 1.4, Avg: 1.5, Max: 1.5, Diff: 0.1, Sum: 8.8]
      [GC Worker End (ms): Min: 711885.8, Avg: 711885.9, Max: 711885.9, Diff: 0.1]
   [Code Root Fixup: 0.0 ms]
   [Code Root Purge: 0.0 ms]
   [Clear CT: 0.5 ms]
   [Other: 1.1 ms]
      [Choose CSet: 0.0 ms]
      [Ref Proc: 0.1 ms]
      [Ref Enq: 0.0 ms]
      [Redirty Cards: 0.1 ms]
      [Humongous Register: 0.0 ms]
      [Humongous Reclaim: 0.0 ms]
      [Free CSet: 0.7 ms]
   [Eden: 2448.0M(2448.0M)->0.0B(2448.0M) Survivors: 8192.0K->8192.0K Heap: 2477.6M(4096.0M)->31216.4K(4096.0M)]
 [Times: user=0.00 sys=0.00, real=0.00 secs] 
2024-10-12T19:04:21.595+0300: 711.888: Total time for which application threads were stopped: 0.0035697 seconds, Stopping threads took: 0.0001981 seconds
2024-10-12T19:04:22.379+0300: 712.673: Application time: 0.7849636 seconds
2024-10-12T19:04:22.379+0300: 712.673: [GC pause (G1 Evacuation Pause) (young), 0.0034042 secs]
   [Parallel Time: 1.7 ms, GC Workers: 6]
      [GC Worker Start (ms): Min: 712672.9, Avg: 712673.0, Max: 712673.0, Diff: 0.0]
      [Ext Root Scanning (ms): Min: 0.3, Avg: 0.3, Max: 0.4, Diff: 0.0, Sum: 2.0]
      [Update RS (ms): Min: 0.1, Avg: 0.1, Max: 0.1, Diff: 0.1, Sum: 0.6]
         [Processed Buffers: Min: 1, Avg: 2.2, Max: 3, Diff: 2, Sum: 13]
      [Scan RS (ms): Min: 0.1, Avg: 0.2, Max: 0.2, Diff: 0.0, Sum: 1.0]
      [Code Root Scanning (ms): Min: 0.0, Avg: 0.0, Max: 0.0, Diff: 0.0, Sum: 0.0]
      [Object Copy (ms): Min: 0.9, Avg: 0.9, Max: 1.0, Diff: 0.0, Sum: 5.6]
      [Termination (ms): Min: 0.0, Avg: 0.0, Max: 0.0, Diff: 0.0, Sum: 0.0]
         [Termination Attempts: Min: 1, Avg: 3.0, Max: 5, Diff: 4, Sum: 18]
      [GC Worker Other (ms): Min: 0.0, Avg: 0.1, Max: 0.1, Diff: 0.1, Sum: 0.6]
      [GC Worker Total (ms): Min: 1.6, Avg: 1.6, Max: 1.7, Diff: 0.1, Sum: 9.8]
      [GC Worker End (ms): Min: 712674.5, Avg: 712674.6, Max: 712674.6, Diff: 0.1]
   [Code Root Fixup: 0.0 ms]
   [Code Root Purge: 0.0 ms]
   [Clear CT: 0.5 ms]
   [Other: 1.1 ms]
      [Choose CSet: 0.0 ms]
      [Ref Proc: 0.1 ms]
      [Ref Enq: 0.0 ms]
      [Redirty Cards: 0.1 ms]
      [Humongous Register: 0.0 ms]
      [Humongous Reclaim: 0.0 ms]
      [Free CSet: 0.7 ms]
   [Eden: 2448.0M(2448.0M)->0.0B(2446.0M) Survivors: 8192.0K->10240.0K Heap: 2478.5M(4096.0M)->32271.4K(4096.0M)]
 [Times: user=0.02 sys=0.00, real=0.02 secs] 
2024-10-12T19:04:22.397+0300: 712.676: Total time for which application threads were stopped: 0.0038720 seconds, Stopping threads took: 0.0002090 seconds
2024-10-12T19:04:23.164+0300: 713.454: Application time: 0.7777593 seconds
2024-10-12T19:04:23.164+0300: 713.454: [GC pause (G1 Evacuation Pause) (young), 0.0033339 secs]
   [Parallel Time: 1.8 ms, GC Workers: 6]
      [GC Worker Start (ms): Min: 713454.5, Avg: 713454.5, Max: 713454.5, Diff: 0.1]
      [Ext Root Scanning (ms): Min: 0.3, Avg: 0.3, Max: 0.4, Diff: 0.1, Sum: 1.9]
      [Update RS (ms): Min: 0.1, Avg: 0.1, Max: 0.1, Diff: 0.1, Sum: 0.6]
         [Processed Buffers: Min: 1, Avg: 2.2, Max: 3, Diff: 2, Sum: 13]
      [Scan RS (ms): Min: 0.2, Avg: 0.2, Max: 0.2, Diff: 0.0, Sum: 1.1]
      [Code Root Scanning (ms): Min: 0.0, Avg: 0.0, Max: 0.0, Diff: 0.0, Sum: 0.0]
      [Object Copy (ms): Min: 0.9, Avg: 1.0, Max: 1.0, Diff: 0.1, Sum: 5.9]
      [Termination (ms): Min: 0.0, Avg: 0.0, Max: 0.0, Diff: 0.0, Sum: 0.0]
         [Termination Attempts: Min: 1, Avg: 1.0, Max: 1, Diff: 0, Sum: 6]
      [GC Worker Other (ms): Min: 0.0, Avg: 0.1, Max: 0.1, Diff: 0.1, Sum: 0.5]
      [GC Worker Total (ms): Min: 1.6, Avg: 1.7, Max: 1.7, Diff: 0.1, Sum: 10.1]
      [GC Worker End (ms): Min: 713456.1, Avg: 713456.2, Max: 713456.2, Diff: 0.1]
   [Code Root Fixup: 0.0 ms]
   [Code Root Purge: 0.0 ms]
   [Clear CT: 0.5 ms]
   [Other: 1.0 ms]
      [Choose CSet: 0.0 ms]
      [Ref Proc: 0.1 ms]
      [Ref Enq: 0.0 ms]
      [Redirty Cards: 0.1 ms]
      [Humongous Register: 0.0 ms]
      [Humongous Reclaim: 0.0 ms]
      [Free CSet: 0.7 ms]
   [Eden: 2446.0M(2446.0M)->0.0B(2444.0M) Survivors: 10240.0K->12288.0K Heap: 2477.5M(4096.0M)->35272.5K(4096.0M)]
 [Times: user=0.00 sys=0.00, real=0.00 secs] 
2024-10-12T19:04:23.164+0300: 713.458: Total time for which application threads were stopped: 0.0037189 seconds, Stopping threads took: 0.0001640 seconds
2024-10-12T19:04:23.949+0300: 714.231: Application time: 0.7731329 seconds
2024-10-12T19:04:23.949+0300: 714.231: [GC pause (G1 Evacuation Pause) (young), 0.0037187 secs]
   [Parallel Time: 1.8 ms, GC Workers: 6]
      [GC Worker Start (ms): Min: 714231.3, Avg: 714231.4, Max: 714231.7, Diff: 0.4]
      [Ext Root Scanning (ms): Min: 0.0, Avg: 0.3, Max: 0.4, Diff: 0.4, Sum: 1.7]
      [Update RS (ms): Min: 0.0, Avg: 0.1, Max: 0.1, Diff: 0.1, Sum: 0.6]
         [Processed Buffers: Min: 0, Avg: 2.2, Max: 5, Diff: 5, Sum: 13]
      [Scan RS (ms): Min: 0.0, Avg: 0.2, Max: 0.2, Diff: 0.2, Sum: 0.9]
      [Code Root Scanning (ms): Min: 0.0, Avg: 0.0, Max: 0.0, Diff: 0.0, Sum: 0.0]
      [Object Copy (ms): Min: 0.8, Avg: 0.9, Max: 1.1, Diff: 0.3, Sum: 5.5]
      [Termination (ms): Min: 0.0, Avg: 0.0, Max: 0.0, Diff: 0.0, Sum: 0.0]
         [Termination Attempts: Min: 1, Avg: 2.0, Max: 3, Diff: 2, Sum: 12]
      [GC Worker Other (ms): Min: 0.1, Avg: 0.1, Max: 0.2, Diff: 0.1, Sum: 0.9]
      [GC Worker Total (ms): Min: 1.3, Avg: 1.6, Max: 1.7, Diff: 0.4, Sum: 9.5]
      [GC Worker End (ms): Min: 714232.9, Avg: 714233.0, Max: 714233.0, Diff: 0.1]
   [Code Root Fixup: 0.0 ms]
   [Code Root Purge: 0.0 ms]
   [Clear CT: 0.5 ms]
   [Other: 1.4 ms]
      [Choose CSet: 0.0 ms]
      [Ref Proc: 0.1 ms]
      [Ref Enq: 0.0 ms]
      [Redirty Cards: 0.1 ms]
      [Humongous Register: 0.1 ms]
      [Humongous Reclaim: 0.0 ms]
      [Free CSet: 0.9 ms]
   [Eden: 2444.0M(2444.0M)->0.0B(2448.0M) Survivors: 12288.0K->8192.0K Heap: 2478.4M(4096.0M)->30577.1K(4096.0M)]
 [Times: user=0.00 sys=0.00, real=0.00 secs] 
2024-10-12T19:04:23.949+0300: 714.235: Total time for which application threads were stopped: 0.0040865 seconds, Stopping threads took: 0.0001342 seconds
2024-10-12T19:04:24.734+0300: 715.017: Application time: 0.7820734 seconds
2024-10-12T19:04:24.734+0300: 715.017: [GC pause (G1 Evacuation Pause) (young), 0.0031992 secs]
   [Parallel Time: 1.7 ms, GC Workers: 6]
      [GC Worker Start (ms): Min: 715017.5, Avg: 715017.6, Max: 715017.6, Diff: 0.1]
      [Ext Root Scanning (ms): Min: 0.3, Avg: 0.3, Max: 0.4, Diff: 0.1, Sum: 2.0]
      [Update RS (ms): Min: 0.1, Avg: 0.1, Max: 0.1, Diff: 0.1, Sum: 0.6]
         [Processed Buffers: Min: 1, Avg: 2.2, Max: 3, Diff: 2, Sum: 13]
      [Scan RS (ms): Min: 0.2, Avg: 0.2, Max: 0.2, Diff: 0.0, Sum: 1.1]
      [Code Root Scanning (ms): Min: 0.0, Avg: 0.0, Max: 0.0, Diff: 0.0, Sum: 0.0]
      [Object Copy (ms): Min: 0.8, Avg: 0.9, Max: 0.9, Diff: 0.1, Sum: 5.2]
      [Termination (ms): Min: 0.0, Avg: 0.0, Max: 0.0, Diff: 0.0, Sum: 0.0]
         [Termination Attempts: Min: 1, Avg: 2.0, Max: 3, Diff: 2, Sum: 12]
      [GC Worker Other (ms): Min: 0.0, Avg: 0.1, Max: 0.1, Diff: 0.1, Sum: 0.5]
      [GC Worker Total (ms): Min: 1.5, Avg: 1.6, Max: 1.6, Diff: 0.1, Sum: 9.5]
      [GC Worker End (ms): Min: 715019.1, Avg: 715019.1, Max: 715019.2, Diff: 0.1]
   [Code Root Fixup: 0.0 ms]
   [Code Root Purge: 0.0 ms]
   [Clear CT: 0.5 ms]
   [Other: 1.0 ms]
      [Choose CSet: 0.0 ms]
      [Ref Proc: 0.1 ms]
      [Ref Enq: 0.0 ms]
      [Redirty Cards: 0.1 ms]
      [Humongous Register: 0.0 ms]
      [Humongous Reclaim: 0.0 ms]
      [Free CSet: 0.6 ms]
   [Eden: 2448.0M(2448.0M)->0.0B(2444.0M) Survivors: 8192.0K->12288.0K Heap: 2477.9M(4096.0M)->34248.0K(4096.0M)]
 [Times: user=0.00 sys=0.00, real=0.00 secs] 
2024-10-12T19:04:24.734+0300: 715.021: Total time for which application threads were stopped: 0.0036115 seconds, Stopping threads took: 0.0001894 seconds
2024-10-12T19:04:25.519+0300: 715.801: Application time: 0.7804980 seconds
2024-10-12T19:04:25.519+0300: 715.802: [GC pause (G1 Evacuation Pause) (young), 0.0034519 secs]
   [Parallel Time: 2.0 ms, GC Workers: 6]
      [GC Worker Start (ms): Min: 715801.6, Avg: 715801.7, Max: 715801.7, Diff: 0.1]
      [Ext Root Scanning (ms): Min: 0.3, Avg: 0.3, Max: 0.4, Diff: 0.1, Sum: 2.0]
      [Update RS (ms): Min: 0.0, Avg: 0.1, Max: 0.1, Diff: 0.1, Sum: 0.6]
         [Processed Buffers: Min: 0, Avg: 2.2, Max: 4, Diff: 4, Sum: 13]
      [Scan RS (ms): Min: 0.1, Avg: 0.2, Max: 0.2, Diff: 0.1, Sum: 1.1]
      [Code Root Scanning (ms): Min: 0.0, Avg: 0.0, Max: 0.0, Diff: 0.0, Sum: 0.0]
      [Object Copy (ms): Min: 0.9, Avg: 1.0, Max: 1.3, Diff: 0.4, Sum: 6.0]
      [Termination (ms): Min: 0.0, Avg: 0.1, Max: 0.2, Diff: 0.2, Sum: 0.7]
         [Termination Attempts: Min: 1, Avg: 1.7, Max: 2, Diff: 1, Sum: 10]
      [GC Worker Other (ms): Min: 0.0, Avg: 0.1, Max: 0.1, Diff: 0.1, Sum: 0.5]
      [GC Worker Total (ms): Min: 1.8, Avg: 1.8, Max: 1.9, Diff: 0.1, Sum: 11.0]
      [GC Worker End (ms): Min: 715803.4, Avg: 715803.5, Max: 715803.5, Diff: 0.1]
   [Code Root Fixup: 0.0 ms]
   [Code Root Purge: 0.0 ms]
   [Clear CT: 0.5 ms]
   [Other: 1.0 ms]
      [Choose CSet: 0.0 ms]
      [Ref Proc: 0.1 ms]
      [Ref Enq: 0.0 ms]
      [Redirty Cards: 0.1 ms]
      [Humongous Register: 0.0 ms]
      [Humongous Reclaim: 0.0 ms]
      [Free CSet: 0.7 ms]
   [Eden: 2444.0M(2444.0M)->0.0B(2446.0M) Survivors: 12288.0K->10240.0K Heap: 2477.4M(4096.0M)->33291.8K(4096.0M)]
 [Times: user=0.00 sys=0.00, real=0.00 secs] 
2024-10-12T19:04:25.519+0300: 715.805: Total time for which application threads were stopped: 0.0038670 seconds, Stopping threads took: 0.0001524 seconds
2024-10-12T19:04:26.306+0300: 716.598: Application time: 0.7929182 seconds
2024-10-12T19:04:26.306+0300: 716.598: [GC pause (G1 Evacuation Pause) (young), 0.0036687 secs]
   [Parallel Time: 1.7 ms, GC Workers: 6]
      [GC Worker Start (ms): Min: 716598.5, Avg: 716598.5, Max: 716598.6, Diff: 0.1]
      [Ext Root Scanning (ms): Min: 0.3, Avg: 0.4, Max: 0.4, Diff: 0.1, Sum: 2.4]
      [Update RS (ms): Min: 0.1, Avg: 0.1, Max: 0.1, Diff: 0.1, Sum: 0.6]
         [Processed Buffers: Min: 1, Avg: 2.0, Max: 3, Diff: 2, Sum: 12]
      [Scan RS (ms): Min: 0.1, Avg: 0.2, Max: 0.2, Diff: 0.0, Sum: 1.0]
      [Code Root Scanning (ms): Min: 0.0, Avg: 0.0, Max: 0.0, Diff: 0.0, Sum: 0.0]
      [Object Copy (ms): Min: 0.8, Avg: 0.8, Max: 0.8, Diff: 0.0, Sum: 4.9]
      [Termination (ms): Min: 0.0, Avg: 0.0, Max: 0.0, Diff: 0.0, Sum: 0.0]
         [Termination Attempts: Min: 1, Avg: 2.0, Max: 3, Diff: 2, Sum: 12]
      [GC Worker Other (ms): Min: 0.0, Avg: 0.1, Max: 0.1, Diff: 0.1, Sum: 0.5]
      [GC Worker Total (ms): Min: 1.5, Avg: 1.6, Max: 1.6, Diff: 0.1, Sum: 9.4]
      [GC Worker End (ms): Min: 716600.0, Avg: 716600.1, Max: 716600.1, Diff: 0.1]
   [Code Root Fixup: 0.0 ms]
   [Code Root Purge: 0.0 ms]
   [Clear CT: 0.5 ms]
   [Other: 1.4 ms]
      [Choose CSet: 0.0 ms]
      [Ref Proc: 0.1 ms]
      [Ref Enq: 0.0 ms]
      [Redirty Cards: 0.1 ms]
      [Humongous Register: 0.1 ms]
      [Humongous Reclaim: 0.0 ms]
      [Free CSet: 0.9 ms]
   [Eden: 2446.0M(2446.0M)->0.0B(2448.0M) Survivors: 10240.0K->8192.0K Heap: 2478.5M(4096.0M)->31068.7K(4096.0M)]
 [Times: user=0.00 sys=0.00, real=0.01 secs] 
2024-10-12T19:04:26.319+0300: 716.602: Total time for which application threads were stopped: 0.0040957 seconds, Stopping threads took: 0.0001730 seconds
2024-10-12T19:04:27.120+0300: 717.403: Application time: 0.8005723 seconds
2024-10-12T19:04:27.120+0300: 717.403: [GC pause (G1 Evacuation Pause) (young), 0.0039585 secs]
   [Parallel Time: 2.2 ms, GC Workers: 6]
      [GC Worker Start (ms): Min: 717403.1, Avg: 717403.1, Max: 717403.1, Diff: 0.1]
      [Ext Root Scanning (ms): Min: 0.3, Avg: 0.3, Max: 0.3, Diff: 0.1, Sum: 1.9]
      [Update RS (ms): Min: 0.1, Avg: 0.1, Max: 0.1, Diff: 0.1, Sum: 0.6]
         [Processed Buffers: Min: 1, Avg: 2.2, Max: 3, Diff: 2, Sum: 13]
      [Scan RS (ms): Min: 0.2, Avg: 0.2, Max: 0.2, Diff: 0.0, Sum: 1.0]
      [Code Root Scanning (ms): Min: 0.0, Avg: 0.0, Max: 0.0, Diff: 0.0, Sum: 0.0]
      [Object Copy (ms): Min: 1.3, Avg: 1.3, Max: 1.4, Diff: 0.1, Sum: 8.0]
      [Termination (ms): Min: 0.0, Avg: 0.0, Max: 0.0, Diff: 0.0, Sum: 0.0]
         [Termination Attempts: Min: 1, Avg: 1.0, Max: 1, Diff: 0, Sum: 6]
      [GC Worker Other (ms): Min: 0.1, Avg: 0.1, Max: 0.2, Diff: 0.1, Sum: 0.8]
      [GC Worker Total (ms): Min: 2.0, Avg: 2.1, Max: 2.1, Diff: 0.2, Sum: 12.4]
      [GC Worker End (ms): Min: 717405.1, Avg: 717405.2, Max: 717405.2, Diff: 0.1]
   [Code Root Fixup: 0.0 ms]
   [Code Root Purge: 0.0 ms]
   [Clear CT: 0.5 ms]
   [Other: 1.2 ms]
      [Choose CSet: 0.0 ms]
      [Ref Proc: 0.1 ms]
      [Ref Enq: 0.0 ms]
      [Redirty Cards: 0.1 ms]
      [Humongous Register: 0.0 ms]
      [Humongous Reclaim: 0.0 ms]
      [Free CSet: 0.8 ms]
   [Eden: 2448.0M(2448.0M)->0.0B(2444.0M) Survivors: 8192.0K->12288.0K Heap: 2478.3M(4096.0M)->35078.9K(4096.0M)]
 [Times: user=0.00 sys=0.00, real=0.00 secs] 
2024-10-12T19:04:27.120+0300: 717.407: Total time for which application threads were stopped: 0.0043201 seconds, Stopping threads took: 0.0001320 seconds
2024-10-12T19:04:27.889+0300: 718.183: Application time: 0.7762157 seconds
2024-10-12T19:04:27.889+0300: 718.183: [GC pause (G1 Evacuation Pause) (young), 0.0037314 secs]
   [Parallel Time: 1.9 ms, GC Workers: 6]
      [GC Worker Start (ms): Min: 718183.6, Avg: 718183.6, Max: 718183.7, Diff: 0.1]
      [Ext Root Scanning (ms): Min: 0.3, Avg: 0.3, Max: 0.4, Diff: 0.1, Sum: 2.1]
      [Update RS (ms): Min: 0.1, Avg: 0.2, Max: 0.3, Diff: 0.2, Sum: 0.9]
         [Processed Buffers: Min: 1, Avg: 2.2, Max: 4, Diff: 3, Sum: 13]
      [Scan RS (ms): Min: 0.1, Avg: 0.2, Max: 0.2, Diff: 0.1, Sum: 1.2]
      [Code Root Scanning (ms): Min: 0.0, Avg: 0.0, Max: 0.0, Diff: 0.0, Sum: 0.0]
      [Object Copy (ms): Min: 0.9, Avg: 1.0, Max: 1.0, Diff: 0.1, Sum: 5.9]
      [Termination (ms): Min: 0.0, Avg: 0.0, Max: 0.0, Diff: 0.0, Sum: 0.0]
         [Termination Attempts: Min: 1, Avg: 2.3, Max: 4, Diff: 3, Sum: 14]
      [GC Worker Other (ms): Min: 0.1, Avg: 0.1, Max: 0.2, Diff: 0.1, Sum: 0.7]
      [GC Worker Total (ms): Min: 1.7, Avg: 1.8, Max: 1.9, Diff: 0.1, Sum: 10.8]
      [GC Worker End (ms): Min: 718185.4, Avg: 718185.4, Max: 718185.5, Diff: 0.1]
   [Code Root Fixup: 0.0 ms]
   [Code Root Purge: 0.0 ms]
   [Clear CT: 0.5 ms]
   [Other: 1.3 ms]
      [Choose CSet: 0.0 ms]
      [Ref Proc: 0.2 ms]
      [Ref Enq: 0.0 ms]
      [Redirty Cards: 0.1 ms]
      [Humongous Register: 0.1 ms]
      [Humongous Reclaim: 0.0 ms]
      [Free CSet: 0.7 ms]
   [Eden: 2444.0M(2444.0M)->0.0B(2446.0M) Survivors: 12288.0K->10240.0K Heap: 2478.3M(4096.0M)->32356.2K(4096.0M)]
 [Times: user=0.02 sys=0.00, real=0.02 secs] 
2024-10-12T19:04:27.905+0300: 718.187: Total time for which application threads were stopped: 0.0041057 seconds, Stopping threads took: 0.0001109 seconds
2024-10-12T19:04:28.690+0300: 718.971: Application time: 0.7841035 seconds
2024-10-12T19:04:28.690+0300: 718.972: [GC pause (G1 Evacuation Pause) (young), 0.0032280 secs]
   [Parallel Time: 1.5 ms, GC Workers: 6]
      [GC Worker Start (ms): Min: 718971.8, Avg: 718971.9, Max: 718971.9, Diff: 0.1]
      [Ext Root Scanning (ms): Min: 0.3, Avg: 0.3, Max: 0.3, Diff: 0.1, Sum: 1.9]
      [Update RS (ms): Min: 0.1, Avg: 0.1, Max: 0.1, Diff: 0.0, Sum: 0.6]
         [Processed Buffers: Min: 1, Avg: 2.2, Max: 3, Diff: 2, Sum: 13]
      [Scan RS (ms): Min: 0.2, Avg: 0.2, Max: 0.2, Diff: 0.0, Sum: 1.0]
      [Code Root Scanning (ms): Min: 0.0, Avg: 0.0, Max: 0.0, Diff: 0.0, Sum: 0.0]
      [Object Copy (ms): Min: 0.7, Avg: 0.7, Max: 0.7, Diff: 0.0, Sum: 4.4]
      [Termination (ms): Min: 0.0, Avg: 0.0, Max: 0.0, Diff: 0.0, Sum: 0.0]
         [Termination Attempts: Min: 1, Avg: 1.0, Max: 1, Diff: 0, Sum: 6]
      [GC Worker Other (ms): Min: 0.0, Avg: 0.1, Max: 0.1, Diff: 0.1, Sum: 0.5]
      [GC Worker Total (ms): Min: 1.3, Avg: 1.4, Max: 1.5, Diff: 0.1, Sum: 8.4]
      [GC Worker End (ms): Min: 718973.2, Avg: 718973.3, Max: 718973.3, Diff: 0.1]
   [Code Root Fixup: 0.0 ms]
   [Code Root Purge: 0.0 ms]
   [Clear CT: 0.5 ms]
   [Other: 1.2 ms]
      [Choose CSet: 0.0 ms]
      [Ref Proc: 0.1 ms]
      [Ref Enq: 0.0 ms]
      [Redirty Cards: 0.1 ms]
      [Humongous Register: 0.1 ms]
      [Humongous Reclaim: 0.0 ms]
      [Free CSet: 0.7 ms]
   [Eden: 2446.0M(2446.0M)->0.0B(2448.0M) Survivors: 10240.0K->8192.0K Heap: 2477.6M(4096.0M)->30310.7K(4096.0M)]
 [Times: user=0.00 sys=0.00, real=0.00 secs] 
2024-10-12T19:04:28.690+0300: 718.975: Total time for which application threads were stopped: 0.0035880 seconds, Stopping threads took: 0.0001344 seconds
2024-10-12T19:04:29.475+0300: 719.762: Application time: 0.7874156 seconds
2024-10-12T19:04:29.475+0300: 719.763: [GC pause (G1 Evacuation Pause) (young), 0.0033224 secs]
   [Parallel Time: 1.6 ms, GC Workers: 6]
      [GC Worker Start (ms): Min: 719763.0, Avg: 719763.0, Max: 719763.0, Diff: 0.1]
      [Ext Root Scanning (ms): Min: 0.3, Avg: 0.3, Max: 0.4, Diff: 0.1, Sum: 2.0]
      [Update RS (ms): Min: 0.1, Avg: 0.1, Max: 0.1, Diff: 0.1, Sum: 0.6]
         [Processed Buffers: Min: 1, Avg: 2.2, Max: 4, Diff: 3, Sum: 13]
      [Scan RS (ms): Min: 0.1, Avg: 0.2, Max: 0.2, Diff: 0.1, Sum: 1.0]
      [Code Root Scanning (ms): Min: 0.0, Avg: 0.0, Max: 0.0, Diff: 0.0, Sum: 0.0]
      [Object Copy (ms): Min: 0.7, Avg: 0.8, Max: 0.8, Diff: 0.1, Sum: 4.5]
      [Termination (ms): Min: 0.0, Avg: 0.0, Max: 0.0, Diff: 0.0, Sum: 0.0]
         [Termination Attempts: Min: 1, Avg: 1.0, Max: 1, Diff: 0, Sum: 6]
      [GC Worker Other (ms): Min: 0.0, Avg: 0.1, Max: 0.1, Diff: 0.1, Sum: 0.6]
      [GC Worker Total (ms): Min: 1.4, Avg: 1.5, Max: 1.5, Diff: 0.2, Sum: 8.7]
      [GC Worker End (ms): Min: 719764.4, Avg: 719764.5, Max: 719764.5, Diff: 0.1]
   [Code Root Fixup: 0.0 ms]
   [Code Root Purge: 0.0 ms]
   [Clear CT: 0.5 ms]
   [Other: 1.2 ms]
      [Choose CSet: 0.0 ms]
      [Ref Proc: 0.2 ms]
      [Ref Enq: 0.0 ms]
      [Redirty Cards: 0.1 ms]
      [Humongous Register: 0.1 ms]
      [Humongous Reclaim: 0.0 ms]
      [Free CSet: 0.7 ms]
   [Eden: 2448.0M(2448.0M)->0.0B(2448.0M) Survivors: 8192.0K->8192.0K Heap: 2477.6M(4096.0M)->30277.3K(4096.0M)]
 [Times: user=0.00 sys=0.00, real=0.00 secs] 
2024-10-12T19:04:29.475+0300: 719.766: Total time for which application threads were stopped: 0.0038038 seconds, Stopping threads took: 0.0001935 seconds
2024-10-12T19:04:30.260+0300: 720.549: Application time: 0.7826896 seconds
2024-10-12T19:04:30.260+0300: 720.549: [GC pause (G1 Evacuation Pause) (young), 0.0034325 secs]
   [Parallel Time: 1.7 ms, GC Workers: 6]
      [GC Worker Start (ms): Min: 720549.5, Avg: 720549.5, Max: 720549.5, Diff: 0.0]
      [Ext Root Scanning (ms): Min: 0.3, Avg: 0.3, Max: 0.4, Diff: 0.0, Sum: 2.0]
      [Update RS (ms): Min: 0.1, Avg: 0.1, Max: 0.1, Diff: 0.0, Sum: 0.6]
         [Processed Buffers: Min: 1, Avg: 2.2, Max: 3, Diff: 2, Sum: 13]
      [Scan RS (ms): Min: 0.2, Avg: 0.2, Max: 0.2, Diff: 0.0, Sum: 1.0]
      [Code Root Scanning (ms): Min: 0.0, Avg: 0.0, Max: 0.0, Diff: 0.0, Sum: 0.0]
      [Object Copy (ms): Min: 0.9, Avg: 0.9, Max: 0.9, Diff: 0.0, Sum: 5.2]
      [Termination (ms): Min: 0.0, Avg: 0.0, Max: 0.0, Diff: 0.0, Sum: 0.0]
         [Termination Attempts: Min: 1, Avg: 1.0, Max: 1, Diff: 0, Sum: 6]
      [GC Worker Other (ms): Min: 0.0, Avg: 0.1, Max: 0.2, Diff: 0.1, Sum: 0.7]
      [GC Worker Total (ms): Min: 1.5, Avg: 1.6, Max: 1.7, Diff: 0.2, Sum: 9.6]
      [GC Worker End (ms): Min: 720551.0, Avg: 720551.1, Max: 720551.2, Diff: 0.1]
   [Code Root Fixup: 0.0 ms]
   [Code Root Purge: 0.0 ms]
   [Clear CT: 0.5 ms]
   [Other: 1.2 ms]
      [Choose CSet: 0.0 ms]
      [Ref Proc: 0.2 ms]
      [Ref Enq: 0.0 ms]
      [Redirty Cards: 0.1 ms]
      [Humongous Register: 0.0 ms]
      [Humongous Reclaim: 0.0 ms]
      [Free CSet: 0.7 ms]
   [Eden: 2448.0M(2448.0M)->0.0B(2444.0M) Survivors: 8192.0K->12288.0K Heap: 2477.6M(4096.0M)->35296.0K(4096.0M)]
 [Times: user=0.00 sys=0.00, real=0.00 secs] 
2024-10-12T19:04:30.260+0300: 720.553: Total time for which application threads were stopped: 0.0039639 seconds, Stopping threads took: 0.0002791 seconds
2024-10-12T19:04:31.045+0300: 721.337: Application time: 0.7839747 seconds
2024-10-12T19:04:31.045+0300: 721.337: [GC pause (G1 Evacuation Pause) (young), 0.0039881 secs]
   [Parallel Time: 2.1 ms, GC Workers: 6]
      [GC Worker Start (ms): Min: 721337.4, Avg: 721337.4, Max: 721337.4, Diff: 0.0]
      [Ext Root Scanning (ms): Min: 0.3, Avg: 0.3, Max: 0.4, Diff: 0.0, Sum: 2.0]
      [Update RS (ms): Min: 0.1, Avg: 0.1, Max: 0.1, Diff: 0.0, Sum: 0.6]
         [Processed Buffers: Min: 1, Avg: 2.2, Max: 3, Diff: 2, Sum: 13]
      [Scan RS (ms): Min: 0.2, Avg: 0.2, Max: 0.2, Diff: 0.0, Sum: 1.0]
      [Code Root Scanning (ms): Min: 0.0, Avg: 0.0, Max: 0.0, Diff: 0.0, Sum: 0.0]
      [Object Copy (ms): Min: 1.3, Avg: 1.3, Max: 1.3, Diff: 0.0, Sum: 7.8]
      [Termination (ms): Min: 0.0, Avg: 0.0, Max: 0.0, Diff: 0.0, Sum: 0.0]
         [Termination Attempts: Min: 1, Avg: 1.0, Max: 1, Diff: 0, Sum: 6]
      [GC Worker Other (ms): Min: 0.0, Avg: 0.1, Max: 0.1, Diff: 0.1, Sum: 0.5]
      [GC Worker Total (ms): Min: 1.9, Avg: 2.0, Max: 2.0, Diff: 0.1, Sum: 11.9]
      [GC Worker End (ms): Min: 721339.4, Avg: 721339.4, Max: 721339.5, Diff: 0.1]
   [Code Root Fixup: 0.0 ms]
   [Code Root Purge: 0.0 ms]
   [Clear CT: 0.6 ms]
   [Other: 1.2 ms]
      [Choose CSet: 0.0 ms]
      [Ref Proc: 0.1 ms]
      [Ref Enq: 0.0 ms]
      [Redirty Cards: 0.1 ms]
      [Humongous Register: 0.1 ms]
      [Humongous Reclaim: 0.0 ms]
      [Free CSet: 0.8 ms]
   [Eden: 2444.0M(2444.0M)->0.0B(2446.0M) Survivors: 12288.0K->10240.0K Heap: 2478.5M(4096.0M)->32632.6K(4096.0M)]
 [Times: user=0.05 sys=0.00, real=0.02 secs] 
2024-10-12T19:04:31.061+0300: 721.341: Total time for which application threads were stopped: 0.0044690 seconds, Stopping threads took: 0.0002220 seconds
2024-10-12T19:04:31.846+0300: 722.128: Application time: 0.7864614 seconds
2024-10-12T19:04:31.846+0300: 722.128: [GC pause (G1 Evacuation Pause) (young), 0.0035750 secs]
   [Parallel Time: 1.6 ms, GC Workers: 6]
      [GC Worker Start (ms): Min: 722128.2, Avg: 722128.3, Max: 722128.3, Diff: 0.1]
      [Ext Root Scanning (ms): Min: 0.3, Avg: 0.3, Max: 0.4, Diff: 0.1, Sum: 2.0]
      [Update RS (ms): Min: 0.1, Avg: 0.1, Max: 0.1, Diff: 0.0, Sum: 0.6]
         [Processed Buffers: Min: 1, Avg: 2.2, Max: 4, Diff: 3, Sum: 13]
      [Scan RS (ms): Min: 0.2, Avg: 0.2, Max: 0.2, Diff: 0.0, Sum: 1.1]
      [Code Root Scanning (ms): Min: 0.0, Avg: 0.0, Max: 0.0, Diff: 0.0, Sum: 0.0]
      [Object Copy (ms): Min: 0.8, Avg: 0.8, Max: 0.8, Diff: 0.1, Sum: 4.8]
      [Termination (ms): Min: 0.0, Avg: 0.0, Max: 0.0, Diff: 0.0, Sum: 0.0]
         [Termination Attempts: Min: 1, Avg: 1.0, Max: 1, Diff: 0, Sum: 6]
      [GC Worker Other (ms): Min: 0.0, Avg: 0.1, Max: 0.1, Diff: 0.1, Sum: 0.5]
      [GC Worker Total (ms): Min: 1.4, Avg: 1.5, Max: 1.6, Diff: 0.1, Sum: 9.0]
      [GC Worker End (ms): Min: 722129.7, Avg: 722129.8, Max: 722129.8, Diff: 0.1]
   [Code Root Fixup: 0.0 ms]
   [Code Root Purge: 0.0 ms]
   [Clear CT: 0.6 ms]
   [Other: 1.4 ms]
      [Choose CSet: 0.0 ms]
      [Ref Proc: 0.1 ms]
      [Ref Enq: 0.0 ms]
      [Redirty Cards: 0.1 ms]
      [Humongous Register: 0.1 ms]
      [Humongous Reclaim: 0.0 ms]
      [Free CSet: 0.9 ms]
   [Eden: 2446.0M(2446.0M)->0.0B(2446.0M) Survivors: 10240.0K->10240.0K Heap: 2477.9M(4096.0M)->32368.7K(4096.0M)]
 [Times: user=0.00 sys=0.00, real=0.00 secs] 
2024-10-12T19:04:31.846+0300: 722.132: Total time for which application threads were stopped: 0.0039646 seconds, Stopping threads took: 0.0001468 seconds
2024-10-12T19:04:32.631+0300: 722.919: Application time: 0.7868833 seconds
2024-10-12T19:04:32.631+0300: 722.919: [GC pause (G1 Evacuation Pause) (young), 0.0037290 secs]
   [Parallel Time: 2.1 ms, GC Workers: 6]
      [GC Worker Start (ms): Min: 722919.1, Avg: 722919.1, Max: 722919.1, Diff: 0.0]
      [Ext Root Scanning (ms): Min: 0.3, Avg: 0.3, Max: 0.4, Diff: 0.1, Sum: 2.1]
      [Update RS (ms): Min: 0.1, Avg: 0.1, Max: 0.1, Diff: 0.1, Sum: 0.6]
         [Processed Buffers: Min: 1, Avg: 2.2, Max: 3, Diff: 2, Sum: 13]
      [Scan RS (ms): Min: 0.2, Avg: 0.2, Max: 0.2, Diff: 0.0, Sum: 1.1]
      [Code Root Scanning (ms): Min: 0.0, Avg: 0.0, Max: 0.0, Diff: 0.0, Sum: 0.0]
      [Object Copy (ms): Min: 1.3, Avg: 1.3, Max: 1.3, Diff: 0.1, Sum: 7.7]
      [Termination (ms): Min: 0.0, Avg: 0.0, Max: 0.0, Diff: 0.0, Sum: 0.0]
         [Termination Attempts: Min: 1, Avg: 1.0, Max: 1, Diff: 0, Sum: 6]
      [GC Worker Other (ms): Min: 0.0, Avg: 0.1, Max: 0.1, Diff: 0.1, Sum: 0.5]
      [GC Worker Total (ms): Min: 2.0, Avg: 2.0, Max: 2.0, Diff: 0.1, Sum: 12.1]
      [GC Worker End (ms): Min: 722921.0, Avg: 722921.1, Max: 722921.1, Diff: 0.1]
   [Code Root Fixup: 0.0 ms]
   [Code Root Purge: 0.0 ms]
   [Clear CT: 0.5 ms]
   [Other: 1.1 ms]
      [Choose CSet: 0.0 ms]
      [Ref Proc: 0.1 ms]
      [Ref Enq: 0.0 ms]
      [Redirty Cards: 0.1 ms]
      [Humongous Register: 0.0 ms]
      [Humongous Reclaim: 0.0 ms]
      [Free CSet: 0.7 ms]
   [Eden: 2446.0M(2446.0M)->0.0B(2446.0M) Survivors: 10240.0K->10240.0K Heap: 2477.6M(4096.0M)->33395.2K(4096.0M)]
 [Times: user=0.00 sys=0.00, real=0.00 secs] 
2024-10-12T19:04:32.631+0300: 722.923: Total time for which application threads were stopped: 0.0041216 seconds, Stopping threads took: 0.0001587 seconds
2024-10-12T19:04:33.415+0300: 723.701: Application time: 0.7777106 seconds
2024-10-12T19:04:33.415+0300: 723.701: [GC pause (G1 Evacuation Pause) (young), 0.0040089 secs]
   [Parallel Time: 2.4 ms, GC Workers: 6]
      [GC Worker Start (ms): Min: 723700.9, Avg: 723701.0, Max: 723701.4, Diff: 0.4]
      [Ext Root Scanning (ms): Min: 0.0, Avg: 0.3, Max: 0.4, Diff: 0.4, Sum: 1.8]
      [Update RS (ms): Min: 0.1, Avg: 0.1, Max: 0.1, Diff: 0.0, Sum: 0.6]
         [Processed Buffers: Min: 1, Avg: 2.2, Max: 4, Diff: 3, Sum: 13]
      [Scan RS (ms): Min: 0.1, Avg: 0.2, Max: 0.2, Diff: 0.1, Sum: 1.0]
      [Code Root Scanning (ms): Min: 0.0, Avg: 0.0, Max: 0.0, Diff: 0.0, Sum: 0.0]
      [Object Copy (ms): Min: 1.6, Avg: 1.6, Max: 1.6, Diff: 0.0, Sum: 9.5]
      [Termination (ms): Min: 0.0, Avg: 0.0, Max: 0.0, Diff: 0.0, Sum: 0.0]
         [Termination Attempts: Min: 1, Avg: 1.0, Max: 1, Diff: 0, Sum: 6]
      [GC Worker Other (ms): Min: 0.0, Avg: 0.1, Max: 0.1, Diff: 0.1, Sum: 0.5]
      [GC Worker Total (ms): Min: 2.0, Avg: 2.2, Max: 2.4, Diff: 0.4, Sum: 13.5]
      [GC Worker End (ms): Min: 723703.2, Avg: 723703.3, Max: 723703.3, Diff: 0.1]
   [Code Root Fixup: 0.0 ms]
   [Code Root Purge: 0.0 ms]
   [Clear CT: 0.4 ms]
   [Other: 1.1 ms]
      [Choose CSet: 0.0 ms]
      [Ref Proc: 0.1 ms]
      [Ref Enq: 0.0 ms]
      [Redirty Cards: 0.1 ms]
      [Humongous Register: 0.0 ms]
      [Humongous Reclaim: 0.0 ms]
      [Free CSet: 0.7 ms]
   [Eden: 2446.0M(2446.0M)->0.0B(2444.0M) Survivors: 10240.0K->12288.0K Heap: 2478.6M(4096.0M)->35445.7K(4096.0M)]
 [Times: user=0.00 sys=0.00, real=0.01 secs] 
2024-10-12T19:04:33.424+0300: 723.705: Total time for which application threads were stopped: 0.0044330 seconds, Stopping threads took: 0.0002021 seconds
2024-10-12T19:04:34.200+0300: 724.485: Application time: 0.7799636 seconds
2024-10-12T19:04:34.200+0300: 724.485: [GC pause (G1 Evacuation Pause) (young), 0.0034071 secs]
   [Parallel Time: 1.8 ms, GC Workers: 6]
      [GC Worker Start (ms): Min: 724485.5, Avg: 724485.5, Max: 724485.5, Diff: 0.1]
      [Ext Root Scanning (ms): Min: 0.3, Avg: 0.3, Max: 0.4, Diff: 0.1, Sum: 2.0]
      [Update RS (ms): Min: 0.1, Avg: 0.1, Max: 0.2, Diff: 0.1, Sum: 0.6]
         [Processed Buffers: Min: 1, Avg: 2.2, Max: 3, Diff: 2, Sum: 13]
      [Scan RS (ms): Min: 0.1, Avg: 0.2, Max: 0.2, Diff: 0.1, Sum: 1.0]
      [Code Root Scanning (ms): Min: 0.0, Avg: 0.0, Max: 0.0, Diff: 0.0, Sum: 0.0]
      [Object Copy (ms): Min: 0.8, Avg: 0.8, Max: 0.8, Diff: 0.1, Sum: 5.0]
      [Termination (ms): Min: 0.0, Avg: 0.0, Max: 0.0, Diff: 0.0, Sum: 0.0]
         [Termination Attempts: Min: 1, Avg: 1.0, Max: 1, Diff: 0, Sum: 6]
      [GC Worker Other (ms): Min: 0.0, Avg: 0.1, Max: 0.2, Diff: 0.2, Sum: 0.8]
      [GC Worker Total (ms): Min: 1.5, Avg: 1.6, Max: 1.7, Diff: 0.2, Sum: 9.5]
      [GC Worker End (ms): Min: 724487.0, Avg: 724487.1, Max: 724487.2, Diff: 0.2]
   [Code Root Fixup: 0.0 ms]
   [Code Root Purge: 0.0 ms]
   [Clear CT: 0.6 ms]
   [Other: 1.1 ms]
      [Choose CSet: 0.0 ms]
      [Ref Proc: 0.1 ms]
      [Ref Enq: 0.0 ms]
      [Redirty Cards: 0.1 ms]
      [Humongous Register: 0.0 ms]
      [Humongous Reclaim: 0.0 ms]
      [Free CSet: 0.7 ms]
   [Eden: 2444.0M(2444.0M)->0.0B(2448.0M) Survivors: 12288.0K->8192.0K Heap: 2478.6M(4096.0M)->31352.2K(4096.0M)]
 [Times: user=0.00 sys=0.00, real=0.00 secs] 
2024-10-12T19:04:34.200+0300: 724.489: Total time for which application threads were stopped: 0.0039509 seconds, Stopping threads took: 0.0002985 seconds
2024-10-12T19:04:34.985+0300: 725.273: Application time: 0.7840234 seconds
2024-10-12T19:04:34.985+0300: 725.273: [GC pause (G1 Evacuation Pause) (young), 0.0035073 secs]
   [Parallel Time: 1.7 ms, GC Workers: 6]
      [GC Worker Start (ms): Min: 725273.4, Avg: 725273.4, Max: 725273.4, Diff: 0.0]
      [Ext Root Scanning (ms): Min: 0.3, Avg: 0.3, Max: 0.4, Diff: 0.0, Sum: 1.9]
      [Update RS (ms): Min: 0.1, Avg: 0.1, Max: 0.1, Diff: 0.1, Sum: 0.7]
         [Processed Buffers: Min: 1, Avg: 2.2, Max: 3, Diff: 2, Sum: 13]
      [Scan RS (ms): Min: 0.2, Avg: 0.2, Max: 0.2, Diff: 0.1, Sum: 1.1]
      [Code Root Scanning (ms): Min: 0.0, Avg: 0.0, Max: 0.0, Diff: 0.0, Sum: 0.0]
      [Object Copy (ms): Min: 0.7, Avg: 0.8, Max: 0.8, Diff: 0.0, Sum: 4.7]
      [Termination (ms): Min: 0.0, Avg: 0.0, Max: 0.0, Diff: 0.0, Sum: 0.0]
         [Termination Attempts: Min: 1, Avg: 2.8, Max: 5, Diff: 4, Sum: 17]
      [GC Worker Other (ms): Min: 0.1, Avg: 0.2, Max: 0.2, Diff: 0.2, Sum: 1.0]
      [GC Worker Total (ms): Min: 1.5, Avg: 1.6, Max: 1.7, Diff: 0.2, Sum: 9.4]
      [GC Worker End (ms): Min: 725274.9, Avg: 725275.0, Max: 725275.0, Diff: 0.2]
   [Code Root Fixup: 0.0 ms]
   [Code Root Purge: 0.0 ms]
   [Clear CT: 0.5 ms]
   [Other: 1.3 ms]
      [Choose CSet: 0.0 ms]
      [Ref Proc: 0.1 ms]
      [Ref Enq: 0.0 ms]
      [Redirty Cards: 0.1 ms]
      [Humongous Register: 0.1 ms]
      [Humongous Reclaim: 0.0 ms]
      [Free CSet: 0.8 ms]
   [Eden: 2448.0M(2448.0M)->0.0B(2448.0M) Survivors: 8192.0K->8192.0K Heap: 2478.6M(4096.0M)->31354.7K(4096.0M)]
 [Times: user=0.00 sys=0.00, real=0.00 secs] 
2024-10-12T19:04:34.985+0300: 725.277: Total time for which application threads were stopped: 0.0039687 seconds, Stopping threads took: 0.0002200 seconds
2024-10-12T19:04:35.770+0300: 726.055: Application time: 0.7784073 seconds
2024-10-12T19:04:35.770+0300: 726.056: [GC pause (G1 Evacuation Pause) (young), 0.0032289 secs]
   [Parallel Time: 1.6 ms, GC Workers: 6]
      [GC Worker Start (ms): Min: 726055.7, Avg: 726055.8, Max: 726056.1, Diff: 0.4]
      [Ext Root Scanning (ms): Min: 0.0, Avg: 0.3, Max: 0.4, Diff: 0.4, Sum: 1.9]
      [Update RS (ms): Min: 0.1, Avg: 0.1, Max: 0.1, Diff: 0.1, Sum: 0.7]
         [Processed Buffers: Min: 1, Avg: 2.2, Max: 4, Diff: 3, Sum: 13]
      [Scan RS (ms): Min: 0.2, Avg: 0.2, Max: 0.2, Diff: 0.0, Sum: 1.1]
      [Code Root Scanning (ms): Min: 0.0, Avg: 0.0, Max: 0.0, Diff: 0.0, Sum: 0.0]
      [Object Copy (ms): Min: 0.7, Avg: 0.7, Max: 0.8, Diff: 0.1, Sum: 4.4]
      [Termination (ms): Min: 0.0, Avg: 0.0, Max: 0.0, Diff: 0.0, Sum: 0.0]
         [Termination Attempts: Min: 1, Avg: 1.2, Max: 2, Diff: 1, Sum: 7]
      [GC Worker Other (ms): Min: 0.0, Avg: 0.1, Max: 0.1, Diff: 0.1, Sum: 0.5]
      [GC Worker Total (ms): Min: 1.1, Avg: 1.4, Max: 1.5, Diff: 0.4, Sum: 8.6]
      [GC Worker End (ms): Min: 726057.2, Avg: 726057.2, Max: 726057.3, Diff: 0.1]
   [Code Root Fixup: 0.0 ms]
   [Code Root Purge: 0.0 ms]
   [Clear CT: 0.5 ms]
   [Other: 1.1 ms]
      [Choose CSet: 0.0 ms]
      [Ref Proc: 0.1 ms]
      [Ref Enq: 0.0 ms]
      [Redirty Cards: 0.1 ms]
      [Humongous Register: 0.1 ms]
      [Humongous Reclaim: 0.0 ms]
      [Free CSet: 0.7 ms]
   [Eden: 2448.0M(2448.0M)->0.0B(2448.0M) Survivors: 8192.0K->8192.0K Heap: 2478.6M(4096.0M)->30296.7K(4096.0M)]
 [Times: user=0.00 sys=0.00, real=0.00 secs] 
2024-10-12T19:04:35.770+0300: 726.059: Total time for which application threads were stopped: 0.0036349 seconds, Stopping threads took: 0.0001659 seconds
2024-10-12T19:04:36.555+0300: 726.843: Application time: 0.7842729 seconds
2024-10-12T19:04:36.555+0300: 726.844: [GC pause (G1 Evacuation Pause) (young), 0.0032706 secs]
   [Parallel Time: 1.6 ms, GC Workers: 6]
      [GC Worker Start (ms): Min: 726843.7, Avg: 726843.8, Max: 726843.8, Diff: 0.1]
      [Ext Root Scanning (ms): Min: 0.3, Avg: 0.3, Max: 0.4, Diff: 0.1, Sum: 2.0]
      [Update RS (ms): Min: 0.1, Avg: 0.1, Max: 0.1, Diff: 0.0, Sum: 0.6]
         [Processed Buffers: Min: 1, Avg: 2.2, Max: 3, Diff: 2, Sum: 13]
      [Scan RS (ms): Min: 0.2, Avg: 0.2, Max: 0.2, Diff: 0.0, Sum: 1.0]
      [Code Root Scanning (ms): Min: 0.0, Avg: 0.0, Max: 0.0, Diff: 0.0, Sum: 0.0]
      [Object Copy (ms): Min: 0.8, Avg: 0.8, Max: 0.8, Diff: 0.0, Sum: 4.7]
      [Termination (ms): Min: 0.0, Avg: 0.0, Max: 0.0, Diff: 0.0, Sum: 0.0]
         [Termination Attempts: Min: 1, Avg: 2.2, Max: 3, Diff: 2, Sum: 13]
      [GC Worker Other (ms): Min: 0.0, Avg: 0.1, Max: 0.2, Diff: 0.1, Sum: 0.7]
      [GC Worker Total (ms): Min: 1.4, Avg: 1.5, Max: 1.6, Diff: 0.1, Sum: 9.0]
      [GC Worker End (ms): Min: 726845.2, Avg: 726845.3, Max: 726845.3, Diff: 0.1]
   [Code Root Fixup: 0.0 ms]
   [Code Root Purge: 0.0 ms]
   [Clear CT: 0.5 ms]
   [Other: 1.1 ms]
      [Choose CSet: 0.0 ms]
      [Ref Proc: 0.1 ms]
      [Ref Enq: 0.0 ms]
      [Redirty Cards: 0.1 ms]
      [Humongous Register: 0.1 ms]
      [Humongous Reclaim: 0.0 ms]
      [Free CSet: 0.7 ms]
   [Eden: 2448.0M(2448.0M)->0.0B(2446.0M) Survivors: 8192.0K->10240.0K Heap: 2477.6M(4096.0M)->33235.3K(4096.0M)]
 [Times: user=0.00 sys=0.00, real=0.00 secs] 
2024-10-12T19:04:36.555+0300: 726.847: Total time for which application threads were stopped: 0.0037005 seconds, Stopping threads took: 0.0001381 seconds
2024-10-12T19:04:37.340+0300: 727.627: Application time: 0.7797008 seconds
2024-10-12T19:04:37.340+0300: 727.627: [GC pause (G1 Evacuation Pause) (young), 0.0032159 secs]
   [Parallel Time: 1.7 ms, GC Workers: 6]
      [GC Worker Start (ms): Min: 727627.0, Avg: 727627.0, Max: 727627.1, Diff: 0.1]
      [Ext Root Scanning (ms): Min: 0.3, Avg: 0.3, Max: 0.4, Diff: 0.1, Sum: 2.0]
      [Update RS (ms): Min: 0.1, Avg: 0.1, Max: 0.1, Diff: 0.1, Sum: 0.7]
         [Processed Buffers: Min: 1, Avg: 2.2, Max: 4, Diff: 3, Sum: 13]
      [Scan RS (ms): Min: 0.2, Avg: 0.2, Max: 0.2, Diff: 0.1, Sum: 1.1]
      [Code Root Scanning (ms): Min: 0.0, Avg: 0.0, Max: 0.0, Diff: 0.0, Sum: 0.0]
      [Object Copy (ms): Min: 0.8, Avg: 0.8, Max: 0.8, Diff: 0.0, Sum: 4.9]
      [Termination (ms): Min: 0.0, Avg: 0.0, Max: 0.0, Diff: 0.0, Sum: 0.0]
         [Termination Attempts: Min: 1, Avg: 1.8, Max: 3, Diff: 2, Sum: 11]
      [GC Worker Other (ms): Min: 0.0, Avg: 0.1, Max: 0.1, Diff: 0.1, Sum: 0.5]
      [GC Worker Total (ms): Min: 1.5, Avg: 1.5, Max: 1.6, Diff: 0.1, Sum: 9.2]
      [GC Worker End (ms): Min: 727628.5, Avg: 727628.6, Max: 727628.6, Diff: 0.1]
   [Code Root Fixup: 0.0 ms]
   [Code Root Purge: 0.0 ms]
   [Clear CT: 0.5 ms]
   [Other: 1.0 ms]
      [Choose CSet: 0.0 ms]
      [Ref Proc: 0.1 ms]
      [Ref Enq: 0.0 ms]
      [Redirty Cards: 0.1 ms]
      [Humongous Register: 0.0 ms]
      [Humongous Reclaim: 0.0 ms]
      [Free CSet: 0.7 ms]
   [Eden: 2446.0M(2446.0M)->0.0B(2446.0M) Survivors: 10240.0K->10240.0K Heap: 2478.5M(4096.0M)->32304.1K(4096.0M)]
 [Times: user=0.00 sys=0.00, real=0.00 secs] 
2024-10-12T19:04:37.340+0300: 727.630: Total time for which application threads were stopped: 0.0036032 seconds, Stopping threads took: 0.0001731 seconds
2024-10-12T19:04:38.125+0300: 728.411: Application time: 0.7809734 seconds
2024-10-12T19:04:38.125+0300: 728.412: [GC pause (G1 Evacuation Pause) (young), 0.0033960 secs]
   [Parallel Time: 1.6 ms, GC Workers: 6]
      [GC Worker Start (ms): Min: 728411.7, Avg: 728411.7, Max: 728411.7, Diff: 0.1]
      [Ext Root Scanning (ms): Min: 0.3, Avg: 0.3, Max: 0.4, Diff: 0.1, Sum: 2.0]
      [Update RS (ms): Min: 0.1, Avg: 0.1, Max: 0.1, Diff: 0.0, Sum: 0.6]
         [Processed Buffers: Min: 1, Avg: 2.2, Max: 3, Diff: 2, Sum: 13]
      [Scan RS (ms): Min: 0.2, Avg: 0.2, Max: 0.2, Diff: 0.1, Sum: 1.1]
      [Code Root Scanning (ms): Min: 0.0, Avg: 0.0, Max: 0.0, Diff: 0.0, Sum: 0.0]
      [Object Copy (ms): Min: 0.7, Avg: 0.7, Max: 0.8, Diff: 0.1, Sum: 4.4]
      [Termination (ms): Min: 0.0, Avg: 0.0, Max: 0.0, Diff: 0.0, Sum: 0.0]
         [Termination Attempts: Min: 1, Avg: 2.3, Max: 4, Diff: 3, Sum: 14]
      [GC Worker Other (ms): Min: 0.0, Avg: 0.1, Max: 0.2, Diff: 0.1, Sum: 0.7]
      [GC Worker Total (ms): Min: 1.4, Avg: 1.5, Max: 1.5, Diff: 0.1, Sum: 8.8]
      [GC Worker End (ms): Min: 728413.1, Avg: 728413.2, Max: 728413.3, Diff: 0.1]
   [Code Root Fixup: 0.0 ms]
   [Code Root Purge: 0.0 ms]
   [Clear CT: 0.5 ms]
   [Other: 1.2 ms]
      [Choose CSet: 0.0 ms]
      [Ref Proc: 0.1 ms]
      [Ref Enq: 0.0 ms]
      [Redirty Cards: 0.1 ms]
      [Humongous Register: 0.1 ms]
      [Humongous Reclaim: 0.0 ms]
      [Free CSet: 0.8 ms]
   [Eden: 2446.0M(2446.0M)->0.0B(2448.0M) Survivors: 10240.0K->8192.0K Heap: 2477.5M(4096.0M)->31198.0K(4096.0M)]
 [Times: user=0.02 sys=0.00, real=0.01 secs] 
2024-10-12T19:04:38.135+0300: 728.415: Total time for which application threads were stopped: 0.0039090 seconds, Stopping threads took: 0.0002355 seconds
2024-10-12T19:04:38.910+0300: 729.192: Application time: 0.7764651 seconds
2024-10-12T19:04:38.910+0300: 729.192: [GC pause (G1 Evacuation Pause) (young), 0.0032415 secs]
   [Parallel Time: 1.6 ms, GC Workers: 6]
      [GC Worker Start (ms): Min: 729191.9, Avg: 729192.0, Max: 729192.1, Diff: 0.1]
      [Ext Root Scanning (ms): Min: 0.3, Avg: 0.3, Max: 0.4, Diff: 0.1, Sum: 2.1]
      [Update RS (ms): Min: 0.1, Avg: 0.1, Max: 0.1, Diff: 0.1, Sum: 0.6]
         [Processed Buffers: Min: 1, Avg: 2.2, Max: 4, Diff: 3, Sum: 13]
      [Scan RS (ms): Min: 0.2, Avg: 0.2, Max: 0.2, Diff: 0.0, Sum: 1.1]
      [Code Root Scanning (ms): Min: 0.0, Avg: 0.0, Max: 0.0, Diff: 0.0, Sum: 0.0]
      [Object Copy (ms): Min: 0.7, Avg: 0.8, Max: 0.8, Diff: 0.0, Sum: 4.6]
      [Termination (ms): Min: 0.0, Avg: 0.0, Max: 0.0, Diff: 0.0, Sum: 0.0]
         [Termination Attempts: Min: 1, Avg: 1.0, Max: 1, Diff: 0, Sum: 6]
      [GC Worker Other (ms): Min: 0.0, Avg: 0.1, Max: 0.1, Diff: 0.1, Sum: 0.5]
      [GC Worker Total (ms): Min: 1.4, Avg: 1.5, Max: 1.5, Diff: 0.1, Sum: 8.9]
      [GC Worker End (ms): Min: 729193.4, Avg: 729193.5, Max: 729193.5, Diff: 0.1]
   [Code Root Fixup: 0.0 ms]
   [Code Root Purge: 0.0 ms]
   [Clear CT: 0.5 ms]
   [Other: 1.1 ms]
      [Choose CSet: 0.0 ms]
      [Ref Proc: 0.1 ms]
      [Ref Enq: 0.0 ms]
      [Redirty Cards: 0.1 ms]
      [Humongous Register: 0.0 ms]
      [Humongous Reclaim: 0.0 ms]
      [Free CSet: 0.7 ms]
   [Eden: 2448.0M(2448.0M)->0.0B(2446.0M) Survivors: 8192.0K->10240.0K Heap: 2478.5M(4096.0M)->32286.9K(4096.0M)]
 [Times: user=0.00 sys=0.00, real=0.00 secs] 
2024-10-12T19:04:38.910+0300: 729.195: Total time for which application threads were stopped: 0.0036175 seconds, Stopping threads took: 0.0001658 seconds
2024-10-12T19:04:39.695+0300: 729.974: Application time: 0.7792799 seconds
2024-10-12T19:04:39.695+0300: 729.975: [GC pause (G1 Evacuation Pause) (young), 0.0033478 secs]
   [Parallel Time: 1.8 ms, GC Workers: 6]
      [GC Worker Start (ms): Min: 729974.9, Avg: 729974.9, Max: 729974.9, Diff: 0.1]
      [Ext Root Scanning (ms): Min: 0.3, Avg: 0.3, Max: 0.3, Diff: 0.1, Sum: 1.8]
      [Update RS (ms): Min: 0.0, Avg: 0.1, Max: 0.1, Diff: 0.1, Sum: 0.6]
         [Processed Buffers: Min: 0, Avg: 2.2, Max: 4, Diff: 4, Sum: 13]
      [Scan RS (ms): Min: 0.1, Avg: 0.2, Max: 0.2, Diff: 0.1, Sum: 1.0]
      [Code Root Scanning (ms): Min: 0.0, Avg: 0.0, Max: 0.0, Diff: 0.0, Sum: 0.0]
      [Object Copy (ms): Min: 0.8, Avg: 0.9, Max: 1.2, Diff: 0.4, Sum: 5.4]
      [Termination (ms): Min: 0.0, Avg: 0.1, Max: 0.2, Diff: 0.2, Sum: 0.6]
         [Termination Attempts: Min: 1, Avg: 1.8, Max: 3, Diff: 2, Sum: 11]
      [GC Worker Other (ms): Min: 0.0, Avg: 0.1, Max: 0.1, Diff: 0.1, Sum: 0.4]
      [GC Worker Total (ms): Min: 1.6, Avg: 1.7, Max: 1.7, Diff: 0.1, Sum: 9.9]
      [GC Worker End (ms): Min: 729976.5, Avg: 729976.5, Max: 729976.6, Diff: 0.1]
   [Code Root Fixup: 0.0 ms]
   [Code Root Purge: 0.0 ms]
   [Clear CT: 0.5 ms]
   [Other: 1.1 ms]
      [Choose CSet: 0.0 ms]
      [Ref Proc: 0.1 ms]
      [Ref Enq: 0.0 ms]
      [Redirty Cards: 0.1 ms]
      [Humongous Register: 0.0 ms]
      [Humongous Reclaim: 0.0 ms]
      [Free CSet: 0.7 ms]
   [Eden: 2446.0M(2446.0M)->0.0B(2444.0M) Survivors: 10240.0K->12288.0K Heap: 2477.5M(4096.0M)->34351.1K(4096.0M)]
 [Times: user=0.00 sys=0.00, real=0.00 secs] 
2024-10-12T19:04:39.695+0300: 729.978: Total time for which application threads were stopped: 0.0037496 seconds, Stopping threads took: 0.0001801 seconds
2024-10-12T19:04:40.464+0300: 730.753: Application time: 0.7746742 seconds
2024-10-12T19:04:40.464+0300: 730.753: [GC pause (G1 Evacuation Pause) (young), 0.0034337 secs]
   [Parallel Time: 1.7 ms, GC Workers: 6]
      [GC Worker Start (ms): Min: 730753.3, Avg: 730753.3, Max: 730753.4, Diff: 0.1]
      [Ext Root Scanning (ms): Min: 0.3, Avg: 0.3, Max: 0.4, Diff: 0.1, Sum: 2.0]
      [Update RS (ms): Min: 0.1, Avg: 0.1, Max: 0.1, Diff: 0.1, Sum: 0.6]
         [Processed Buffers: Min: 1, Avg: 2.0, Max: 3, Diff: 2, Sum: 12]
      [Scan RS (ms): Min: 0.1, Avg: 0.2, Max: 0.2, Diff: 0.1, Sum: 1.0]
      [Code Root Scanning (ms): Min: 0.0, Avg: 0.0, Max: 0.0, Diff: 0.0, Sum: 0.0]
      [Object Copy (ms): Min: 0.8, Avg: 0.8, Max: 0.8, Diff: 0.0, Sum: 4.9]
      [Termination (ms): Min: 0.0, Avg: 0.0, Max: 0.0, Diff: 0.0, Sum: 0.0]
         [Termination Attempts: Min: 1, Avg: 2.5, Max: 4, Diff: 3, Sum: 15]
      [GC Worker Other (ms): Min: 0.0, Avg: 0.1, Max: 0.2, Diff: 0.1, Sum: 0.5]
      [GC Worker Total (ms): Min: 1.4, Avg: 1.5, Max: 1.6, Diff: 0.2, Sum: 9.1]
      [GC Worker End (ms): Min: 730754.8, Avg: 730754.8, Max: 730754.9, Diff: 0.1]
   [Code Root Fixup: 0.0 ms]
   [Code Root Purge: 0.0 ms]
   [Clear CT: 0.6 ms]
   [Other: 1.2 ms]
      [Choose CSet: 0.0 ms]
      [Ref Proc: 0.2 ms]
      [Ref Enq: 0.0 ms]
      [Redirty Cards: 0.1 ms]
      [Humongous Register: 0.0 ms]
      [Humongous Reclaim: 0.0 ms]
      [Free CSet: 0.7 ms]
   [Eden: 2444.0M(2444.0M)->0.0B(2446.0M) Survivors: 12288.0K->10240.0K Heap: 2477.5M(4096.0M)->31941.8K(4096.0M)]
 [Times: user=0.00 sys=0.00, real=0.00 secs] 
2024-10-12T19:04:40.464+0300: 730.757: Total time for which application threads were stopped: 0.0038446 seconds, Stopping threads took: 0.0001595 seconds
2024-10-12T19:04:41.250+0300: 731.537: Application time: 0.7799160 seconds
2024-10-12T19:04:41.250+0300: 731.537: [GC pause (G1 Evacuation Pause) (young), 0.0034086 secs]
   [Parallel Time: 1.7 ms, GC Workers: 6]
      [GC Worker Start (ms): Min: 731537.1, Avg: 731537.2, Max: 731537.3, Diff: 0.2]
      [Ext Root Scanning (ms): Min: 0.2, Avg: 0.3, Max: 0.4, Diff: 0.2, Sum: 1.9]
      [Update RS (ms): Min: 0.1, Avg: 0.1, Max: 0.1, Diff: 0.1, Sum: 0.6]
         [Processed Buffers: Min: 1, Avg: 2.2, Max: 3, Diff: 2, Sum: 13]
      [Scan RS (ms): Min: 0.1, Avg: 0.2, Max: 0.2, Diff: 0.0, Sum: 1.0]
      [Code Root Scanning (ms): Min: 0.0, Avg: 0.0, Max: 0.0, Diff: 0.0, Sum: 0.0]
      [Object Copy (ms): Min: 0.8, Avg: 0.8, Max: 0.9, Diff: 0.0, Sum: 5.0]
      [Termination (ms): Min: 0.0, Avg: 0.0, Max: 0.0, Diff: 0.0, Sum: 0.0]
         [Termination Attempts: Min: 1, Avg: 1.0, Max: 1, Diff: 0, Sum: 6]
      [GC Worker Other (ms): Min: 0.0, Avg: 0.1, Max: 0.2, Diff: 0.1, Sum: 0.5]
      [GC Worker Total (ms): Min: 1.4, Avg: 1.5, Max: 1.6, Diff: 0.2, Sum: 9.2]
      [GC Worker End (ms): Min: 731538.7, Avg: 731538.7, Max: 731538.8, Diff: 0.1]
   [Code Root Fixup: 0.0 ms]
   [Code Root Purge: 0.0 ms]
   [Clear CT: 0.6 ms]
   [Other: 1.1 ms]
      [Choose CSet: 0.0 ms]
      [Ref Proc: 0.1 ms]
      [Ref Enq: 0.0 ms]
      [Redirty Cards: 0.1 ms]
      [Humongous Register: 0.0 ms]
      [Humongous Reclaim: 0.0 ms]
      [Free CSet: 0.6 ms]
   [Eden: 2446.0M(2446.0M)->0.0B(2444.0M) Survivors: 10240.0K->12288.0K Heap: 2477.2M(4096.0M)->35123.6K(4096.0M)]
 [Times: user=0.00 sys=0.00, real=0.00 secs] 
2024-10-12T19:04:41.250+0300: 731.541: Total time for which application threads were stopped: 0.0038820 seconds, Stopping threads took: 0.0002296 seconds
2024-10-12T19:04:42.035+0300: 732.318: Application time: 0.7775509 seconds
2024-10-12T19:04:42.035+0300: 732.318: [GC pause (G1 Evacuation Pause) (young), 0.0049840 secs]
   [Parallel Time: 3.3 ms, GC Workers: 6]
      [GC Worker Start (ms): Min: 732318.5, Avg: 732318.6, Max: 732318.9, Diff: 0.4]
      [Ext Root Scanning (ms): Min: 0.0, Avg: 0.3, Max: 0.4, Diff: 0.4, Sum: 1.8]
      [Update RS (ms): Min: 0.1, Avg: 0.1, Max: 0.1, Diff: 0.1, Sum: 0.6]
         [Processed Buffers: Min: 1, Avg: 2.2, Max: 3, Diff: 2, Sum: 13]
      [Scan RS (ms): Min: 0.1, Avg: 0.2, Max: 0.2, Diff: 0.0, Sum: 1.0]
      [Code Root Scanning (ms): Min: 0.0, Avg: 0.0, Max: 0.0, Diff: 0.0, Sum: 0.0]
      [Object Copy (ms): Min: 2.4, Avg: 2.4, Max: 2.5, Diff: 0.1, Sum: 14.6]
      [Termination (ms): Min: 0.0, Avg: 0.0, Max: 0.0, Diff: 0.0, Sum: 0.0]
         [Termination Attempts: Min: 1, Avg: 1.0, Max: 1, Diff: 0, Sum: 6]
      [GC Worker Other (ms): Min: 0.0, Avg: 0.1, Max: 0.1, Diff: 0.1, Sum: 0.5]
      [GC Worker Total (ms): Min: 2.7, Avg: 3.1, Max: 3.2, Diff: 0.5, Sum: 18.5]
      [GC Worker End (ms): Min: 732321.7, Avg: 732321.7, Max: 732321.8, Diff: 0.1]
   [Code Root Fixup: 0.0 ms]
   [Code Root Purge: 0.0 ms]
   [Clear CT: 0.5 ms]
   [Other: 1.2 ms]
      [Choose CSet: 0.0 ms]
      [Ref Proc: 0.1 ms]
      [Ref Enq: 0.0 ms]
      [Redirty Cards: 0.1 ms]
      [Humongous Register: 0.1 ms]
      [Humongous Reclaim: 0.0 ms]
      [Free CSet: 0.8 ms]
   [Eden: 2444.0M(2444.0M)->0.0B(2440.0M) Survivors: 12288.0K->16384.0K Heap: 2478.3M(4096.0M)->38522.1K(4096.0M)]
 [Times: user=0.00 sys=0.00, real=0.01 secs] 
2024-10-12T19:04:42.044+0300: 732.324: Total time for which application threads were stopped: 0.0054372 seconds, Stopping threads took: 0.0002273 seconds
2024-10-12T19:04:42.804+0300: 733.092: Application time: 0.7683178 seconds
2024-10-12T19:04:42.804+0300: 733.092: [GC pause (G1 Evacuation Pause) (young), 0.0035982 secs]
   [Parallel Time: 2.1 ms, GC Workers: 6]
      [GC Worker Start (ms): Min: 733092.2, Avg: 733092.3, Max: 733092.3, Diff: 0.1]
      [Ext Root Scanning (ms): Min: 0.3, Avg: 0.3, Max: 0.4, Diff: 0.1, Sum: 2.0]
      [Update RS (ms): Min: 0.1, Avg: 0.1, Max: 0.1, Diff: 0.0, Sum: 0.6]
         [Processed Buffers: Min: 1, Avg: 2.2, Max: 4, Diff: 3, Sum: 13]
      [Scan RS (ms): Min: 0.2, Avg: 0.2, Max: 0.2, Diff: 0.0, Sum: 1.1]
      [Code Root Scanning (ms): Min: 0.0, Avg: 0.0, Max: 0.0, Diff: 0.0, Sum: 0.0]
      [Object Copy (ms): Min: 1.2, Avg: 1.2, Max: 1.3, Diff: 0.0, Sum: 7.5]
      [Termination (ms): Min: 0.0, Avg: 0.0, Max: 0.0, Diff: 0.0, Sum: 0.0]
         [Termination Attempts: Min: 1, Avg: 1.0, Max: 1, Diff: 0, Sum: 6]
      [GC Worker Other (ms): Min: 0.0, Avg: 0.1, Max: 0.1, Diff: 0.1, Sum: 0.5]
      [GC Worker Total (ms): Min: 1.9, Avg: 2.0, Max: 2.0, Diff: 0.1, Sum: 11.7]
      [GC Worker End (ms): Min: 733094.2, Avg: 733094.2, Max: 733094.3, Diff: 0.1]
   [Code Root Fixup: 0.0 ms]
   [Code Root Purge: 0.0 ms]
   [Clear CT: 0.5 ms]
   [Other: 1.0 ms]
      [Choose CSet: 0.0 ms]
      [Ref Proc: 0.1 ms]
      [Ref Enq: 0.0 ms]
      [Redirty Cards: 0.1 ms]
      [Humongous Register: 0.0 ms]
      [Humongous Reclaim: 0.0 ms]
      [Free CSet: 0.7 ms]
   [Eden: 2440.0M(2440.0M)->0.0B(2444.0M) Survivors: 16384.0K->12288.0K Heap: 2477.6M(4096.0M)->34451.7K(4096.0M)]
 [Times: user=0.00 sys=0.00, real=0.00 secs] 
2024-10-12T19:04:42.804+0300: 733.096: Total time for which application threads were stopped: 0.0039688 seconds, Stopping threads took: 0.0001440 seconds
2024-10-12T19:04:43.588+0300: 733.876: Application time: 0.7796458 seconds
2024-10-12T19:04:43.588+0300: 733.876: [GC pause (G1 Evacuation Pause) (young), 0.0031165 secs]
   [Parallel Time: 1.6 ms, GC Workers: 6]
      [GC Worker Start (ms): Min: 733875.9, Avg: 733876.0, Max: 733876.0, Diff: 0.1]
      [Ext Root Scanning (ms): Min: 0.3, Avg: 0.3, Max: 0.3, Diff: 0.1, Sum: 1.9]
      [Update RS (ms): Min: 0.1, Avg: 0.1, Max: 0.1, Diff: 0.0, Sum: 0.6]
         [Processed Buffers: Min: 1, Avg: 2.2, Max: 4, Diff: 3, Sum: 13]
      [Scan RS (ms): Min: 0.2, Avg: 0.2, Max: 0.2, Diff: 0.0, Sum: 1.0]
      [Code Root Scanning (ms): Min: 0.0, Avg: 0.0, Max: 0.0, Diff: 0.0, Sum: 0.0]
      [Object Copy (ms): Min: 0.7, Avg: 0.8, Max: 0.8, Diff: 0.0, Sum: 4.5]
      [Termination (ms): Min: 0.0, Avg: 0.0, Max: 0.0, Diff: 0.0, Sum: 0.0]
         [Termination Attempts: Min: 1, Avg: 1.2, Max: 2, Diff: 1, Sum: 7]
      [GC Worker Other (ms): Min: 0.0, Avg: 0.1, Max: 0.1, Diff: 0.1, Sum: 0.5]
      [GC Worker Total (ms): Min: 1.4, Avg: 1.4, Max: 1.5, Diff: 0.1, Sum: 8.6]
      [GC Worker End (ms): Min: 733877.3, Avg: 733877.4, Max: 733877.4, Diff: 0.1]
   [Code Root Fixup: 0.0 ms]
   [Code Root Purge: 0.0 ms]
   [Clear CT: 0.5 ms]
   [Other: 1.1 ms]
      [Choose CSet: 0.0 ms]
      [Ref Proc: 0.1 ms]
      [Ref Enq: 0.0 ms]
      [Redirty Cards: 0.1 ms]
      [Humongous Register: 0.1 ms]
      [Humongous Reclaim: 0.0 ms]
      [Free CSet: 0.6 ms]
   [Eden: 2444.0M(2444.0M)->0.0B(2448.0M) Survivors: 12288.0K->8192.0K Heap: 2477.6M(4096.0M)->30358.2K(4096.0M)]
 [Times: user=0.00 sys=0.00, real=0.00 secs] 
2024-10-12T19:04:43.588+0300: 733.879: Total time for which application threads were stopped: 0.0035550 seconds, Stopping threads took: 0.0001905 seconds
2024-10-12T19:04:44.389+0300: 734.671: Application time: 0.7921316 seconds
2024-10-12T19:04:44.389+0300: 734.672: [GC pause (G1 Evacuation Pause) (young), 0.0032697 secs]
   [Parallel Time: 1.5 ms, GC Workers: 6]
      [GC Worker Start (ms): Min: 734671.6, Avg: 734671.6, Max: 734671.7, Diff: 0.1]
      [Ext Root Scanning (ms): Min: 0.3, Avg: 0.3, Max: 0.4, Diff: 0.1, Sum: 1.9]
      [Update RS (ms): Min: 0.1, Avg: 0.1, Max: 0.1, Diff: 0.1, Sum: 0.6]
         [Processed Buffers: Min: 1, Avg: 2.2, Max: 4, Diff: 3, Sum: 13]
      [Scan RS (ms): Min: 0.1, Avg: 0.2, Max: 0.2, Diff: 0.0, Sum: 1.0]
      [Code Root Scanning (ms): Min: 0.0, Avg: 0.0, Max: 0.0, Diff: 0.0, Sum: 0.0]
      [Object Copy (ms): Min: 0.7, Avg: 0.7, Max: 0.7, Diff: 0.0, Sum: 4.3]
      [Termination (ms): Min: 0.0, Avg: 0.0, Max: 0.0, Diff: 0.0, Sum: 0.0]
         [Termination Attempts: Min: 1, Avg: 1.0, Max: 1, Diff: 0, Sum: 6]
      [GC Worker Other (ms): Min: 0.0, Avg: 0.1, Max: 0.1, Diff: 0.1, Sum: 0.4]
      [GC Worker Total (ms): Min: 1.3, Avg: 1.4, Max: 1.5, Diff: 0.1, Sum: 8.4]
      [GC Worker End (ms): Min: 734673.0, Avg: 734673.0, Max: 734673.1, Diff: 0.1]
   [Code Root Fixup: 0.0 ms]
   [Code Root Purge: 0.0 ms]
   [Clear CT: 0.5 ms]
   [Other: 1.2 ms]
      [Choose CSet: 0.0 ms]
      [Ref Proc: 0.2 ms]
      [Ref Enq: 0.0 ms]
      [Redirty Cards: 0.1 ms]
      [Humongous Register: 0.1 ms]
      [Humongous Reclaim: 0.0 ms]
      [Free CSet: 0.7 ms]
   [Eden: 2448.0M(2448.0M)->0.0B(2448.0M) Survivors: 8192.0K->8192.0K Heap: 2477.6M(4096.0M)->30360.7K(4096.0M)]
 [Times: user=0.00 sys=0.00, real=0.00 secs] 
2024-10-12T19:04:44.389+0300: 734.675: Total time for which application threads were stopped: 0.0037030 seconds, Stopping threads took: 0.0001749 seconds
2024-10-12T19:04:45.174+0300: 735.458: Application time: 0.7832703 seconds
2024-10-12T19:04:45.174+0300: 735.458: [GC pause (G1 Evacuation Pause) (young), 0.0040176 secs]
   [Parallel Time: 2.3 ms, GC Workers: 6]
      [GC Worker Start (ms): Min: 735458.5, Avg: 735458.6, Max: 735458.6, Diff: 0.1]
      [Ext Root Scanning (ms): Min: 0.3, Avg: 0.3, Max: 0.4, Diff: 0.1, Sum: 2.0]
      [Update RS (ms): Min: 0.0, Avg: 0.1, Max: 0.1, Diff: 0.1, Sum: 0.6]
         [Processed Buffers: Min: 0, Avg: 2.2, Max: 3, Diff: 3, Sum: 13]
      [Scan RS (ms): Min: 0.1, Avg: 0.2, Max: 0.2, Diff: 0.2, Sum: 1.1]
      [Code Root Scanning (ms): Min: 0.0, Avg: 0.0, Max: 0.0, Diff: 0.0, Sum: 0.0]
      [Object Copy (ms): Min: 1.3, Avg: 1.4, Max: 1.6, Diff: 0.3, Sum: 8.2]
      [Termination (ms): Min: 0.0, Avg: 0.0, Max: 0.0, Diff: 0.0, Sum: 0.0]
         [Termination Attempts: Min: 1, Avg: 1.0, Max: 1, Diff: 0, Sum: 6]
      [GC Worker Other (ms): Min: 0.1, Avg: 0.2, Max: 0.2, Diff: 0.2, Sum: 0.9]
      [GC Worker Total (ms): Min: 2.0, Avg: 2.1, Max: 2.2, Diff: 0.2, Sum: 12.9]
      [GC Worker End (ms): Min: 735460.6, Avg: 735460.7, Max: 735460.8, Diff: 0.2]
   [Code Root Fixup: 0.0 ms]
   [Code Root Purge: 0.0 ms]
   [Clear CT: 0.6 ms]
   [Other: 1.2 ms]
      [Choose CSet: 0.0 ms]
      [Ref Proc: 0.2 ms]
      [Ref Enq: 0.0 ms]
      [Redirty Cards: 0.1 ms]
      [Humongous Register: 0.1 ms]
      [Humongous Reclaim: 0.0 ms]
      [Free CSet: 0.7 ms]
   [Eden: 2448.0M(2448.0M)->0.0B(2444.0M) Survivors: 8192.0K->12288.0K Heap: 2477.6M(4096.0M)->35371.8K(4096.0M)]
 [Times: user=0.01 sys=0.00, real=0.00 secs] 
2024-10-12T19:04:45.174+0300: 735.463: Total time for which application threads were stopped: 0.0044094 seconds, Stopping threads took: 0.0001219 seconds
2024-10-12T19:04:45.953+0300: 736.235: Application time: 0.7728620 seconds
2024-10-12T19:04:45.953+0300: 736.236: [GC pause (G1 Evacuation Pause) (young), 0.0034557 secs]
   [Parallel Time: 1.6 ms, GC Workers: 6]
      [GC Worker Start (ms): Min: 736235.8, Avg: 736235.9, Max: 736235.9, Diff: 0.1]
      [Ext Root Scanning (ms): Min: 0.3, Avg: 0.3, Max: 0.3, Diff: 0.1, Sum: 1.9]
      [Update RS (ms): Min: 0.1, Avg: 0.1, Max: 0.1, Diff: 0.1, Sum: 0.6]
         [Processed Buffers: Min: 2, Avg: 2.2, Max: 3, Diff: 1, Sum: 13]
      [Scan RS (ms): Min: 0.2, Avg: 0.2, Max: 0.2, Diff: 0.0, Sum: 1.0]
      [Code Root Scanning (ms): Min: 0.0, Avg: 0.0, Max: 0.0, Diff: 0.0, Sum: 0.0]
      [Object Copy (ms): Min: 0.8, Avg: 0.8, Max: 0.8, Diff: 0.1, Sum: 4.9]
      [Termination (ms): Min: 0.0, Avg: 0.0, Max: 0.0, Diff: 0.0, Sum: 0.0]
         [Termination Attempts: Min: 1, Avg: 1.0, Max: 1, Diff: 0, Sum: 6]
      [GC Worker Other (ms): Min: 0.0, Avg: 0.1, Max: 0.1, Diff: 0.1, Sum: 0.5]
      [GC Worker Total (ms): Min: 1.4, Avg: 1.5, Max: 1.6, Diff: 0.1, Sum: 9.0]
      [GC Worker End (ms): Min: 736237.3, Avg: 736237.4, Max: 736237.4, Diff: 0.1]
   [Code Root Fixup: 0.0 ms]
   [Code Root Purge: 0.0 ms]
   [Clear CT: 0.4 ms]
   [Other: 1.4 ms]
      [Choose CSet: 0.0 ms]
      [Ref Proc: 0.1 ms]
      [Ref Enq: 0.0 ms]
      [Redirty Cards: 0.1 ms]
      [Humongous Register: 0.1 ms]
      [Humongous Reclaim: 0.0 ms]
      [Free CSet: 1.0 ms]
   [Eden: 2444.0M(2444.0M)->0.0B(2446.0M) Survivors: 12288.0K->10240.0K Heap: 2478.5M(4096.0M)->32413.7K(4096.0M)]
 [Times: user=0.00 sys=0.00, real=0.01 secs] 
2024-10-12T19:04:45.959+0300: 736.239: Total time for which application threads were stopped: 0.0038600 seconds, Stopping threads took: 0.0001397 seconds
2024-10-12T19:04:46.729+0300: 737.018: Application time: 0.7791567 seconds
2024-10-12T19:04:46.729+0300: 737.019: [GC pause (G1 Evacuation Pause) (young), 0.0031866 secs]
   [Parallel Time: 1.7 ms, GC Workers: 6]
      [GC Worker Start (ms): Min: 737018.8, Avg: 737018.9, Max: 737018.9, Diff: 0.1]
      [Ext Root Scanning (ms): Min: 0.3, Avg: 0.3, Max: 0.4, Diff: 0.1, Sum: 2.1]
      [Update RS (ms): Min: 0.1, Avg: 0.1, Max: 0.1, Diff: 0.1, Sum: 0.6]
         [Processed Buffers: Min: 2, Avg: 2.2, Max: 3, Diff: 1, Sum: 13]
      [Scan RS (ms): Min: 0.2, Avg: 0.2, Max: 0.2, Diff: 0.0, Sum: 1.2]
      [Code Root Scanning (ms): Min: 0.0, Avg: 0.0, Max: 0.0, Diff: 0.0, Sum: 0.0]
      [Object Copy (ms): Min: 0.8, Avg: 0.8, Max: 0.8, Diff: 0.0, Sum: 4.9]
      [Termination (ms): Min: 0.0, Avg: 0.0, Max: 0.0, Diff: 0.0, Sum: 0.0]
         [Termination Attempts: Min: 1, Avg: 1.0, Max: 1, Diff: 0, Sum: 6]
      [GC Worker Other (ms): Min: 0.0, Avg: 0.1, Max: 0.1, Diff: 0.1, Sum: 0.5]
      [GC Worker Total (ms): Min: 1.5, Avg: 1.6, Max: 1.6, Diff: 0.1, Sum: 9.3]
      [GC Worker End (ms): Min: 737020.4, Avg: 737020.4, Max: 737020.5, Diff: 0.1]
   [Code Root Fixup: 0.0 ms]
   [Code Root Purge: 0.0 ms]
   [Clear CT: 0.5 ms]
   [Other: 1.0 ms]
      [Choose CSet: 0.0 ms]
      [Ref Proc: 0.1 ms]
      [Ref Enq: 0.0 ms]
      [Redirty Cards: 0.1 ms]
      [Humongous Register: 0.0 ms]
      [Humongous Reclaim: 0.0 ms]
      [Free CSet: 0.6 ms]
   [Eden: 2446.0M(2446.0M)->0.0B(2448.0M) Survivors: 10240.0K->8192.0K Heap: 2477.7M(4096.0M)->30368.2K(4096.0M)]
 [Times: user=0.00 sys=0.00, real=0.00 secs] 
2024-10-12T19:04:46.729+0300: 737.022: Total time for which application threads were stopped: 0.0035937 seconds, Stopping threads took: 0.0001910 seconds
2024-10-12T19:04:47.514+0300: 737.808: Application time: 0.7854521 seconds
2024-10-12T19:04:47.514+0300: 737.808: [GC pause (G1 Evacuation Pause) (young), 0.0032740 secs]
   [Parallel Time: 1.7 ms, GC Workers: 6]
      [GC Worker Start (ms): Min: 737808.0, Avg: 737808.0, Max: 737808.2, Diff: 0.2]
      [Ext Root Scanning (ms): Min: 0.2, Avg: 0.3, Max: 0.4, Diff: 0.2, Sum: 2.1]
      [Update RS (ms): Min: 0.1, Avg: 0.1, Max: 0.1, Diff: 0.1, Sum: 0.6]
         [Processed Buffers: Min: 1, Avg: 2.2, Max: 4, Diff: 3, Sum: 13]
      [Scan RS (ms): Min: 0.1, Avg: 0.2, Max: 0.2, Diff: 0.1, Sum: 1.0]
      [Code Root Scanning (ms): Min: 0.0, Avg: 0.0, Max: 0.0, Diff: 0.0, Sum: 0.0]
      [Object Copy (ms): Min: 0.9, Avg: 0.9, Max: 0.9, Diff: 0.1, Sum: 5.2]
      [Termination (ms): Min: 0.0, Avg: 0.0, Max: 0.0, Diff: 0.0, Sum: 0.0]
         [Termination Attempts: Min: 1, Avg: 1.0, Max: 1, Diff: 0, Sum: 6]
      [GC Worker Other (ms): Min: 0.0, Avg: 0.1, Max: 0.1, Diff: 0.1, Sum: 0.5]
      [GC Worker Total (ms): Min: 1.4, Avg: 1.6, Max: 1.7, Diff: 0.2, Sum: 9.5]
      [GC Worker End (ms): Min: 737809.6, Avg: 737809.6, Max: 737809.7, Diff: 0.1]
   [Code Root Fixup: 0.0 ms]
   [Code Root Purge: 0.0 ms]
   [Clear CT: 0.5 ms]
   [Other: 1.1 ms]
      [Choose CSet: 0.0 ms]
      [Ref Proc: 0.1 ms]
      [Ref Enq: 0.0 ms]
      [Redirty Cards: 0.1 ms]
      [Humongous Register: 0.1 ms]
      [Humongous Reclaim: 0.0 ms]
      [Free CSet: 0.7 ms]
   [Eden: 2448.0M(2448.0M)->0.0B(2448.0M) Survivors: 8192.0K->8192.0K Heap: 2477.7M(4096.0M)->30351.8K(4096.0M)]
 [Times: user=0.02 sys=0.00, real=0.02 secs] 
2024-10-12T19:04:47.530+0300: 737.811: Total time for which application threads were stopped: 0.0037829 seconds, Stopping threads took: 0.0002206 seconds
2024-10-12T19:04:48.315+0300: 738.597: Application time: 0.7853170 seconds
2024-10-12T19:04:48.315+0300: 738.597: [GC pause (G1 Evacuation Pause) (young), 0.0030774 secs]
   [Parallel Time: 1.6 ms, GC Workers: 6]
      [GC Worker Start (ms): Min: 738597.0, Avg: 738597.0, Max: 738597.0, Diff: 0.1]
      [Ext Root Scanning (ms): Min: 0.3, Avg: 0.3, Max: 0.4, Diff: 0.1, Sum: 2.0]
      [Update RS (ms): Min: 0.1, Avg: 0.1, Max: 0.1, Diff: 0.1, Sum: 0.6]
         [Processed Buffers: Min: 1, Avg: 2.2, Max: 3, Diff: 2, Sum: 13]
      [Scan RS (ms): Min: 0.2, Avg: 0.2, Max: 0.2, Diff: 0.0, Sum: 1.1]
      [Code Root Scanning (ms): Min: 0.0, Avg: 0.0, Max: 0.0, Diff: 0.0, Sum: 0.0]
      [Object Copy (ms): Min: 0.8, Avg: 0.8, Max: 0.8, Diff: 0.1, Sum: 4.8]
      [Termination (ms): Min: 0.0, Avg: 0.0, Max: 0.0, Diff: 0.0, Sum: 0.0]
         [Termination Attempts: Min: 1, Avg: 1.8, Max: 3, Diff: 2, Sum: 11]
      [GC Worker Other (ms): Min: 0.0, Avg: 0.1, Max: 0.1, Diff: 0.1, Sum: 0.6]
      [GC Worker Total (ms): Min: 1.5, Avg: 1.5, Max: 1.6, Diff: 0.1, Sum: 9.1]
      [GC Worker End (ms): Min: 738598.5, Avg: 738598.5, Max: 738598.5, Diff: 0.1]
   [Code Root Fixup: 0.0 ms]
   [Code Root Purge: 0.0 ms]
   [Clear CT: 0.5 ms]
   [Other: 1.0 ms]
      [Choose CSet: 0.0 ms]
      [Ref Proc: 0.1 ms]
      [Ref Enq: 0.0 ms]
      [Redirty Cards: 0.1 ms]
      [Humongous Register: 0.0 ms]
      [Humongous Reclaim: 0.0 ms]
      [Free CSet: 0.6 ms]
   [Eden: 2448.0M(2448.0M)->0.0B(2446.0M) Survivors: 8192.0K->10240.0K Heap: 2477.6M(4096.0M)->33318.2K(4096.0M)]
 [Times: user=0.00 sys=0.00, real=0.00 secs] 
2024-10-12T19:04:48.315+0300: 738.600: Total time for which application threads were stopped: 0.0034564 seconds, Stopping threads took: 0.0001556 seconds
2024-10-12T19:04:49.100+0300: 739.383: Application time: 0.7830816 seconds
2024-10-12T19:04:49.100+0300: 739.383: [GC pause (G1 Evacuation Pause) (young), 0.0032863 secs]
   [Parallel Time: 1.6 ms, GC Workers: 6]
      [GC Worker Start (ms): Min: 739383.5, Avg: 739383.6, Max: 739383.6, Diff: 0.0]
      [Ext Root Scanning (ms): Min: 0.3, Avg: 0.3, Max: 0.3, Diff: 0.0, Sum: 1.9]
      [Update RS (ms): Min: 0.1, Avg: 0.1, Max: 0.1, Diff: 0.0, Sum: 0.6]
         [Processed Buffers: Min: 1, Avg: 2.2, Max: 3, Diff: 2, Sum: 13]
      [Scan RS (ms): Min: 0.2, Avg: 0.2, Max: 0.2, Diff: 0.0, Sum: 1.0]
      [Code Root Scanning (ms): Min: 0.0, Avg: 0.0, Max: 0.0, Diff: 0.0, Sum: 0.0]
      [Object Copy (ms): Min: 0.7, Avg: 0.7, Max: 0.7, Diff: 0.0, Sum: 4.3]
      [Termination (ms): Min: 0.0, Avg: 0.0, Max: 0.0, Diff: 0.0, Sum: 0.0]
         [Termination Attempts: Min: 1, Avg: 1.0, Max: 1, Diff: 0, Sum: 6]
      [GC Worker Other (ms): Min: 0.0, Avg: 0.1, Max: 0.2, Diff: 0.1, Sum: 0.6]
      [GC Worker Total (ms): Min: 1.3, Avg: 1.4, Max: 1.5, Diff: 0.1, Sum: 8.4]
      [GC Worker End (ms): Min: 739384.9, Avg: 739385.0, Max: 739385.0, Diff: 0.1]
   [Code Root Fixup: 0.0 ms]
   [Code Root Purge: 0.0 ms]
   [Clear CT: 0.5 ms]
   [Other: 1.2 ms]
      [Choose CSet: 0.0 ms]
      [Ref Proc: 0.1 ms]
      [Ref Enq: 0.0 ms]
      [Redirty Cards: 0.1 ms]
      [Humongous Register: 0.1 ms]
      [Humongous Reclaim: 0.0 ms]
      [Free CSet: 0.7 ms]
   [Eden: 2446.0M(2446.0M)->0.0B(2446.0M) Survivors: 10240.0K->10240.0K Heap: 2478.5M(4096.0M)->31990.2K(4096.0M)]
 [Times: user=0.00 sys=0.00, real=0.00 secs] 
2024-10-12T19:04:49.100+0300: 739.387: Total time for which application threads were stopped: 0.0036999 seconds, Stopping threads took: 0.0001510 seconds
2024-10-12T19:04:49.870+0300: 740.156: Application time: 0.7690641 seconds
2024-10-12T19:04:49.870+0300: 740.156: [GC pause (G1 Evacuation Pause) (young), 0.0030980 secs]
   [Parallel Time: 1.6 ms, GC Workers: 6]
      [GC Worker Start (ms): Min: 740156.3, Avg: 740156.3, Max: 740156.3, Diff: 0.0]
      [Ext Root Scanning (ms): Min: 0.3, Avg: 0.3, Max: 0.4, Diff: 0.1, Sum: 2.0]
      [Update RS (ms): Min: 0.1, Avg: 0.1, Max: 0.1, Diff: 0.1, Sum: 0.6]
         [Processed Buffers: Min: 1, Avg: 2.2, Max: 4, Diff: 3, Sum: 13]
      [Scan RS (ms): Min: 0.2, Avg: 0.2, Max: 0.2, Diff: 0.0, Sum: 1.0]
      [Code Root Scanning (ms): Min: 0.0, Avg: 0.0, Max: 0.0, Diff: 0.0, Sum: 0.0]
      [Object Copy (ms): Min: 0.7, Avg: 0.8, Max: 0.8, Diff: 0.0, Sum: 4.6]
      [Termination (ms): Min: 0.0, Avg: 0.0, Max: 0.0, Diff: 0.0, Sum: 0.0]
         [Termination Attempts: Min: 1, Avg: 1.3, Max: 3, Diff: 2, Sum: 8]
      [GC Worker Other (ms): Min: 0.0, Avg: 0.1, Max: 0.1, Diff: 0.1, Sum: 0.5]
      [GC Worker Total (ms): Min: 1.4, Avg: 1.5, Max: 1.5, Diff: 0.1, Sum: 8.8]
      [GC Worker End (ms): Min: 740157.7, Avg: 740157.8, Max: 740157.8, Diff: 0.1]
   [Code Root Fixup: 0.0 ms]
   [Code Root Purge: 0.0 ms]
   [Clear CT: 0.5 ms]
   [Other: 1.0 ms]
      [Choose CSet: 0.0 ms]
      [Ref Proc: 0.1 ms]
      [Ref Enq: 0.0 ms]
      [Redirty Cards: 0.1 ms]
      [Humongous Register: 0.0 ms]
      [Humongous Reclaim: 0.0 ms]
      [Free CSet: 0.6 ms]
   [Eden: 2446.0M(2446.0M)->0.0B(2444.0M) Survivors: 10240.0K->12288.0K Heap: 2477.2M(4096.0M)->34305.3K(4096.0M)]
 [Times: user=0.00 sys=0.00, real=0.00 secs] 
2024-10-12T19:04:49.870+0300: 740.159: Total time for which application threads were stopped: 0.0034984 seconds, Stopping threads took: 0.0001801 seconds
2024-10-12T19:04:50.654+0300: 740.943: Application time: 0.7833595 seconds
2024-10-12T19:04:50.664+0300: 740.943: [GC pause (G1 Evacuation Pause) (young), 0.0030998 secs]
   [Parallel Time: 1.6 ms, GC Workers: 6]
      [GC Worker Start (ms): Min: 740943.1, Avg: 740943.2, Max: 740943.3, Diff: 0.2]
      [Ext Root Scanning (ms): Min: 0.2, Avg: 0.3, Max: 0.4, Diff: 0.2, Sum: 1.9]
      [Update RS (ms): Min: 0.1, Avg: 0.1, Max: 0.1, Diff: 0.0, Sum: 0.6]
         [Processed Buffers: Min: 1, Avg: 2.2, Max: 3, Diff: 2, Sum: 13]
      [Scan RS (ms): Min: 0.2, Avg: 0.2, Max: 0.2, Diff: 0.0, Sum: 1.0]
      [Code Root Scanning (ms): Min: 0.0, Avg: 0.0, Max: 0.0, Diff: 0.0, Sum: 0.0]
      [Object Copy (ms): Min: 0.8, Avg: 0.8, Max: 0.8, Diff: 0.1, Sum: 4.7]
      [Termination (ms): Min: 0.0, Avg: 0.0, Max: 0.0, Diff: 0.0, Sum: 0.0]
         [Termination Attempts: Min: 1, Avg: 1.8, Max: 2, Diff: 1, Sum: 11]
      [GC Worker Other (ms): Min: 0.0, Avg: 0.1, Max: 0.1, Diff: 0.1, Sum: 0.5]
      [GC Worker Total (ms): Min: 1.3, Avg: 1.5, Max: 1.5, Diff: 0.3, Sum: 8.8]
      [GC Worker End (ms): Min: 740944.6, Avg: 740944.7, Max: 740944.7, Diff: 0.1]
   [Code Root Fixup: 0.0 ms]
   [Code Root Purge: 0.0 ms]
   [Clear CT: 0.5 ms]
   [Other: 1.0 ms]
      [Choose CSet: 0.0 ms]
      [Ref Proc: 0.1 ms]
      [Ref Enq: 0.0 ms]
      [Redirty Cards: 0.1 ms]
      [Humongous Register: 0.0 ms]
      [Humongous Reclaim: 0.0 ms]
      [Free CSet: 0.6 ms]
   [Eden: 2444.0M(2444.0M)->0.0B(2446.0M) Survivors: 12288.0K->10240.0K Heap: 2477.5M(4096.0M)->33249.6K(4096.0M)]
 [Times: user=0.02 sys=0.00, real=0.00 secs] 
2024-10-12T19:04:50.664+0300: 740.946: Total time for which application threads were stopped: 0.0034927 seconds, Stopping threads took: 0.0001563 seconds
2024-10-12T19:04:51.439+0300: 741.725: Application time: 0.7789750 seconds
2024-10-12T19:04:51.439+0300: 741.726: [GC pause (G1 Evacuation Pause) (young), 0.0034893 secs]
   [Parallel Time: 1.9 ms, GC Workers: 6]
      [GC Worker Start (ms): Min: 741725.7, Avg: 741725.7, Max: 741725.7, Diff: 0.0]
      [Ext Root Scanning (ms): Min: 0.3, Avg: 0.3, Max: 0.4, Diff: 0.0, Sum: 2.0]
      [Update RS (ms): Min: 0.0, Avg: 0.1, Max: 0.1, Diff: 0.1, Sum: 0.6]
         [Processed Buffers: Min: 0, Avg: 2.2, Max: 3, Diff: 3, Sum: 13]
      [Scan RS (ms): Min: 0.1, Avg: 0.2, Max: 0.2, Diff: 0.1, Sum: 1.1]
      [Code Root Scanning (ms): Min: 0.0, Avg: 0.0, Max: 0.0, Diff: 0.0, Sum: 0.0]
      [Object Copy (ms): Min: 0.8, Avg: 0.9, Max: 1.3, Diff: 0.4, Sum: 5.6]
      [Termination (ms): Min: 0.0, Avg: 0.2, Max: 0.2, Diff: 0.2, Sum: 0.9]
         [Termination Attempts: Min: 1, Avg: 1.7, Max: 3, Diff: 2, Sum: 10]
      [GC Worker Other (ms): Min: 0.0, Avg: 0.1, Max: 0.1, Diff: 0.1, Sum: 0.4]
      [GC Worker Total (ms): Min: 1.7, Avg: 1.8, Max: 1.9, Diff: 0.2, Sum: 10.7]
      [GC Worker End (ms): Min: 741727.4, Avg: 741727.5, Max: 741727.5, Diff: 0.1]
   [Code Root Fixup: 0.0 ms]
   [Code Root Purge: 0.0 ms]
   [Clear CT: 0.4 ms]
   [Other: 1.1 ms]
      [Choose CSet: 0.0 ms]
      [Ref Proc: 0.2 ms]
      [Ref Enq: 0.0 ms]
      [Redirty Cards: 0.1 ms]
      [Humongous Register: 0.1 ms]
      [Humongous Reclaim: 0.0 ms]
      [Free CSet: 0.6 ms]
   [Eden: 2446.0M(2446.0M)->0.0B(2444.0M) Survivors: 10240.0K->12288.0K Heap: 2478.5M(4096.0M)->34407.9K(4096.0M)]
 [Times: user=0.00 sys=0.00, real=0.00 secs] 
2024-10-12T19:04:51.439+0300: 741.729: Total time for which application threads were stopped: 0.0038713 seconds, Stopping threads took: 0.0001573 seconds
2024-10-12T19:04:52.224+0300: 742.510: Application time: 0.7809984 seconds
2024-10-12T19:04:52.224+0300: 742.510: [GC pause (G1 Evacuation Pause) (young), 0.0033636 secs]
   [Parallel Time: 1.6 ms, GC Workers: 6]
      [GC Worker Start (ms): Min: 742510.5, Avg: 742510.6, Max: 742510.6, Diff: 0.0]
      [Ext Root Scanning (ms): Min: 0.3, Avg: 0.3, Max: 0.3, Diff: 0.0, Sum: 1.9]
      [Update RS (ms): Min: 0.1, Avg: 0.1, Max: 0.1, Diff: 0.0, Sum: 0.6]
         [Processed Buffers: Min: 1, Avg: 2.0, Max: 3, Diff: 2, Sum: 12]
      [Scan RS (ms): Min: 0.2, Avg: 0.2, Max: 0.2, Diff: 0.0, Sum: 1.0]
      [Code Root Scanning (ms): Min: 0.0, Avg: 0.0, Max: 0.0, Diff: 0.0, Sum: 0.0]
      [Object Copy (ms): Min: 0.8, Avg: 0.8, Max: 0.8, Diff: 0.0, Sum: 5.0]
      [Termination (ms): Min: 0.0, Avg: 0.0, Max: 0.0, Diff: 0.0, Sum: 0.0]
         [Termination Attempts: Min: 1, Avg: 1.0, Max: 1, Diff: 0, Sum: 6]
      [GC Worker Other (ms): Min: 0.0, Avg: 0.1, Max: 0.1, Diff: 0.1, Sum: 0.4]
      [GC Worker Total (ms): Min: 1.4, Avg: 1.5, Max: 1.6, Diff: 0.1, Sum: 8.9]
      [GC Worker End (ms): Min: 742512.0, Avg: 742512.0, Max: 742512.1, Diff: 0.1]
   [Code Root Fixup: 0.0 ms]
   [Code Root Purge: 0.0 ms]
   [Clear CT: 0.6 ms]
   [Other: 1.2 ms]
      [Choose CSet: 0.0 ms]
      [Ref Proc: 0.2 ms]
      [Ref Enq: 0.0 ms]
      [Redirty Cards: 0.1 ms]
      [Humongous Register: 0.1 ms]
      [Humongous Reclaim: 0.0 ms]
      [Free CSet: 0.7 ms]
   [Eden: 2444.0M(2444.0M)->0.0B(2446.0M) Survivors: 12288.0K->10240.0K Heap: 2477.6M(4096.0M)->31982.7K(4096.0M)]
 [Times: user=0.00 sys=0.00, real=0.00 secs] 
2024-10-12T19:04:52.224+0300: 742.514: Total time for which application threads were stopped: 0.0037823 seconds, Stopping threads took: 0.0001719 seconds
2024-10-12T19:04:53.009+0300: 743.295: Application time: 0.7813767 seconds
2024-10-12T19:04:53.009+0300: 743.296: [GC pause (G1 Evacuation Pause) (young), 0.0033725 secs]
   [Parallel Time: 1.6 ms, GC Workers: 6]
      [GC Worker Start (ms): Min: 743295.8, Avg: 743295.8, Max: 743295.9, Diff: 0.1]
      [Ext Root Scanning (ms): Min: 0.3, Avg: 0.4, Max: 0.4, Diff: 0.1, Sum: 2.2]
      [Update RS (ms): Min: 0.1, Avg: 0.1, Max: 0.1, Diff: 0.1, Sum: 0.6]
         [Processed Buffers: Min: 1, Avg: 2.2, Max: 3, Diff: 2, Sum: 13]
      [Scan RS (ms): Min: 0.1, Avg: 0.2, Max: 0.2, Diff: 0.1, Sum: 1.0]
      [Code Root Scanning (ms): Min: 0.0, Avg: 0.0, Max: 0.0, Diff: 0.0, Sum: 0.0]
      [Object Copy (ms): Min: 0.7, Avg: 0.7, Max: 0.7, Diff: 0.0, Sum: 4.3]
      [Termination (ms): Min: 0.0, Avg: 0.0, Max: 0.0, Diff: 0.0, Sum: 0.0]
         [Termination Attempts: Min: 1, Avg: 1.0, Max: 1, Diff: 0, Sum: 6]
      [GC Worker Other (ms): Min: 0.0, Avg: 0.1, Max: 0.1, Diff: 0.1, Sum: 0.6]
      [GC Worker Total (ms): Min: 1.4, Avg: 1.4, Max: 1.5, Diff: 0.1, Sum: 8.7]
      [GC Worker End (ms): Min: 743297.2, Avg: 743297.2, Max: 743297.3, Diff: 0.1]
   [Code Root Fixup: 0.0 ms]
   [Code Root Purge: 0.0 ms]
   [Clear CT: 0.5 ms]
   [Other: 1.2 ms]
      [Choose CSet: 0.0 ms]
      [Ref Proc: 0.1 ms]
      [Ref Enq: 0.0 ms]
      [Redirty Cards: 0.1 ms]
      [Humongous Register: 0.1 ms]
      [Humongous Reclaim: 0.0 ms]
      [Free CSet: 0.7 ms]
   [Eden: 2446.0M(2446.0M)->0.0B(2446.0M) Survivors: 10240.0K->10240.0K Heap: 2477.2M(4096.0M)->33203.9K(4096.0M)]
 [Times: user=0.00 sys=0.00, real=0.00 secs] 
2024-10-12T19:04:53.009+0300: 743.299: Total time for which application threads were stopped: 0.0038436 seconds, Stopping threads took: 0.0001908 seconds
2024-10-12T19:04:53.778+0300: 744.072: Application time: 0.7728417 seconds
2024-10-12T19:04:53.778+0300: 744.072: [GC pause (G1 Evacuation Pause) (young), 0.0039713 secs]
   [Parallel Time: 2.3 ms, GC Workers: 6]
      [GC Worker Start (ms): Min: 744072.4, Avg: 744072.4, Max: 744072.4, Diff: 0.0]
      [Ext Root Scanning (ms): Min: 0.3, Avg: 0.4, Max: 0.4, Diff: 0.0, Sum: 2.1]
      [Update RS (ms): Min: 0.1, Avg: 0.2, Max: 0.3, Diff: 0.2, Sum: 1.0]
         [Processed Buffers: Min: 1, Avg: 2.2, Max: 4, Diff: 3, Sum: 13]
      [Scan RS (ms): Min: 0.1, Avg: 0.2, Max: 0.2, Diff: 0.1, Sum: 1.1]
      [Code Root Scanning (ms): Min: 0.0, Avg: 0.0, Max: 0.0, Diff: 0.0, Sum: 0.0]
      [Object Copy (ms): Min: 1.3, Avg: 1.4, Max: 1.4, Diff: 0.1, Sum: 8.2]
      [Termination (ms): Min: 0.0, Avg: 0.0, Max: 0.0, Diff: 0.0, Sum: 0.0]
         [Termination Attempts: Min: 1, Avg: 1.0, Max: 1, Diff: 0, Sum: 6]
      [GC Worker Other (ms): Min: 0.1, Avg: 0.1, Max: 0.1, Diff: 0.1, Sum: 0.7]
      [GC Worker Total (ms): Min: 2.1, Avg: 2.2, Max: 2.2, Diff: 0.1, Sum: 13.1]
      [GC Worker End (ms): Min: 744074.5, Avg: 744074.6, Max: 744074.6, Diff: 0.1]
   [Code Root Fixup: 0.0 ms]
   [Code Root Purge: 0.0 ms]
   [Clear CT: 0.6 ms]
   [Other: 1.1 ms]
      [Choose CSet: 0.0 ms]
      [Ref Proc: 0.2 ms]
      [Ref Enq: 0.0 ms]
      [Redirty Cards: 0.1 ms]
      [Humongous Register: 0.0 ms]
      [Humongous Reclaim: 0.0 ms]
      [Free CSet: 0.6 ms]
   [Eden: 2446.0M(2446.0M)->0.0B(2444.0M) Survivors: 10240.0K->12288.0K Heap: 2478.4M(4096.0M)->35329.1K(4096.0M)]
 [Times: user=0.02 sys=0.00, real=0.02 secs] 
2024-10-12T19:04:53.794+0300: 744.076: Total time for which application threads were stopped: 0.0043982 seconds, Stopping threads took: 0.0001661 seconds
2024-10-12T19:04:54.573+0300: 744.856: Application time: 0.7798158 seconds
2024-10-12T19:04:54.573+0300: 744.857: [GC pause (G1 Evacuation Pause) (young), 0.0032158 secs]
   [Parallel Time: 1.6 ms, GC Workers: 6]
      [GC Worker Start (ms): Min: 744856.6, Avg: 744856.6, Max: 744856.7, Diff: 0.1]
      [Ext Root Scanning (ms): Min: 0.3, Avg: 0.3, Max: 0.4, Diff: 0.1, Sum: 2.1]
      [Update RS (ms): Min: 0.1, Avg: 0.1, Max: 0.1, Diff: 0.0, Sum: 0.6]
         [Processed Buffers: Min: 1, Avg: 2.2, Max: 4, Diff: 3, Sum: 13]
      [Scan RS (ms): Min: 0.2, Avg: 0.2, Max: 0.2, Diff: 0.0, Sum: 1.0]
      [Code Root Scanning (ms): Min: 0.0, Avg: 0.0, Max: 0.0, Diff: 0.0, Sum: 0.0]
      [Object Copy (ms): Min: 0.8, Avg: 0.8, Max: 0.8, Diff: 0.0, Sum: 4.7]
      [Termination (ms): Min: 0.0, Avg: 0.1, Max: 0.1, Diff: 0.1, Sum: 0.4]
         [Termination Attempts: Min: 1, Avg: 1.0, Max: 1, Diff: 0, Sum: 6]
      [GC Worker Other (ms): Min: 0.0, Avg: 0.0, Max: 0.1, Diff: 0.0, Sum: 0.2]
      [GC Worker Total (ms): Min: 1.5, Avg: 1.5, Max: 1.5, Diff: 0.1, Sum: 8.9]
      [GC Worker End (ms): Min: 744858.1, Avg: 744858.1, Max: 744858.2, Diff: 0.1]
   [Code Root Fixup: 0.0 ms]
   [Code Root Purge: 0.0 ms]
   [Clear CT: 0.5 ms]
   [Other: 1.0 ms]
      [Choose CSet: 0.0 ms]
      [Ref Proc: 0.1 ms]
      [Ref Enq: 0.0 ms]
      [Redirty Cards: 0.1 ms]
      [Humongous Register: 0.0 ms]
      [Humongous Reclaim: 0.0 ms]
      [Free CSet: 0.6 ms]
   [Eden: 2444.0M(2444.0M)->0.0B(2448.0M) Survivors: 12288.0K->8192.0K Heap: 2478.5M(4096.0M)->30393.2K(4096.0M)]
 [Times: user=0.00 sys=0.00, real=0.01 secs] 
2024-10-12T19:04:54.579+0300: 744.861: Total time for which application threads were stopped: 0.0043725 seconds, Stopping threads took: 0.0001950 seconds
2024-10-12T19:04:55.363+0300: 745.644: Application time: 0.7836057 seconds
2024-10-12T19:04:55.363+0300: 745.644: [GC pause (G1 Evacuation Pause) (young), 0.0030247 secs]
   [Parallel Time: 1.5 ms, GC Workers: 6]
      [GC Worker Start (ms): Min: 745644.5, Avg: 745644.6, Max: 745644.6, Diff: 0.0]
      [Ext Root Scanning (ms): Min: 0.3, Avg: 0.3, Max: 0.3, Diff: 0.0, Sum: 1.9]
      [Update RS (ms): Min: 0.1, Avg: 0.1, Max: 0.1, Diff: 0.1, Sum: 0.6]
         [Processed Buffers: Min: 2, Avg: 2.2, Max: 3, Diff: 1, Sum: 13]
      [Scan RS (ms): Min: 0.2, Avg: 0.2, Max: 0.2, Diff: 0.0, Sum: 1.0]
      [Code Root Scanning (ms): Min: 0.0, Avg: 0.0, Max: 0.0, Diff: 0.0, Sum: 0.0]
      [Object Copy (ms): Min: 0.7, Avg: 0.7, Max: 0.8, Diff: 0.1, Sum: 4.4]
      [Termination (ms): Min: 0.0, Avg: 0.0, Max: 0.0, Diff: 0.0, Sum: 0.0]
         [Termination Attempts: Min: 1, Avg: 1.0, Max: 1, Diff: 0, Sum: 6]
      [GC Worker Other (ms): Min: 0.0, Avg: 0.1, Max: 0.1, Diff: 0.1, Sum: 0.5]
      [GC Worker Total (ms): Min: 1.4, Avg: 1.4, Max: 1.4, Diff: 0.1, Sum: 8.5]
      [GC Worker End (ms): Min: 745645.9, Avg: 745646.0, Max: 745646.0, Diff: 0.1]
   [Code Root Fixup: 0.0 ms]
   [Code Root Purge: 0.0 ms]
   [Clear CT: 0.5 ms]
   [Other: 1.0 ms]
      [Choose CSet: 0.0 ms]
      [Ref Proc: 0.1 ms]
      [Ref Enq: 0.0 ms]
      [Redirty Cards: 0.1 ms]
      [Humongous Register: 0.0 ms]
      [Humongous Reclaim: 0.0 ms]
      [Free CSet: 0.6 ms]
   [Eden: 2448.0M(2448.0M)->0.0B(2448.0M) Survivors: 8192.0K->8192.0K Heap: 2477.7M(4096.0M)->30355.3K(4096.0M)]
 [Times: user=0.00 sys=0.00, real=0.00 secs] 
2024-10-12T19:04:55.363+0300: 745.648: Total time for which application threads were stopped: 0.0033967 seconds, Stopping threads took: 0.0001587 seconds
2024-10-12T19:04:56.148+0300: 746.432: Application time: 0.7840854 seconds
2024-10-12T19:04:56.148+0300: 746.432: [GC pause (G1 Evacuation Pause) (young), 0.0032046 secs]
   [Parallel Time: 1.6 ms, GC Workers: 6]
      [GC Worker Start (ms): Min: 746432.1, Avg: 746432.1, Max: 746432.2, Diff: 0.1]
      [Ext Root Scanning (ms): Min: 0.3, Avg: 0.3, Max: 0.4, Diff: 0.1, Sum: 2.0]
      [Update RS (ms): Min: 0.1, Avg: 0.1, Max: 0.1, Diff: 0.1, Sum: 0.6]
         [Processed Buffers: Min: 1, Avg: 2.2, Max: 3, Diff: 2, Sum: 13]
      [Scan RS (ms): Min: 0.2, Avg: 0.2, Max: 0.2, Diff: 0.0, Sum: 1.0]
      [Code Root Scanning (ms): Min: 0.0, Avg: 0.0, Max: 0.0, Diff: 0.0, Sum: 0.0]
      [Object Copy (ms): Min: 0.7, Avg: 0.7, Max: 0.8, Diff: 0.0, Sum: 4.5]
      [Termination (ms): Min: 0.0, Avg: 0.0, Max: 0.0, Diff: 0.0, Sum: 0.0]
         [Termination Attempts: Min: 1, Avg: 1.8, Max: 3, Diff: 2, Sum: 11]
      [GC Worker Other (ms): Min: 0.0, Avg: 0.1, Max: 0.1, Diff: 0.1, Sum: 0.5]
      [GC Worker Total (ms): Min: 1.4, Avg: 1.4, Max: 1.5, Diff: 0.1, Sum: 8.7]
      [GC Worker End (ms): Min: 746433.5, Avg: 746433.6, Max: 746433.6, Diff: 0.1]
   [Code Root Fixup: 0.0 ms]
   [Code Root Purge: 0.0 ms]
   [Clear CT: 0.5 ms]
   [Other: 1.1 ms]
      [Choose CSet: 0.0 ms]
      [Ref Proc: 0.1 ms]
      [Ref Enq: 0.0 ms]
      [Redirty Cards: 0.1 ms]
      [Humongous Register: 0.1 ms]
      [Humongous Reclaim: 0.0 ms]
      [Free CSet: 0.7 ms]
   [Eden: 2448.0M(2448.0M)->0.0B(2448.0M) Survivors: 8192.0K->8192.0K Heap: 2477.6M(4096.0M)->31252.4K(4096.0M)]
 [Times: user=0.00 sys=0.00, real=0.00 secs] 
2024-10-12T19:04:56.148+0300: 746.435: Total time for which application threads were stopped: 0.0036248 seconds, Stopping threads took: 0.0001779 seconds
2024-10-12T19:04:56.919+0300: 747.209: Application time: 0.7734520 seconds
2024-10-12T19:04:56.919+0300: 747.209: [GC pause (G1 Evacuation Pause) (young), 0.0031113 secs]
   [Parallel Time: 1.6 ms, GC Workers: 6]
      [GC Worker Start (ms): Min: 747209.1, Avg: 747209.1, Max: 747209.2, Diff: 0.1]
      [Ext Root Scanning (ms): Min: 0.3, Avg: 0.3, Max: 0.4, Diff: 0.1, Sum: 2.1]
      [Update RS (ms): Min: 0.1, Avg: 0.1, Max: 0.1, Diff: 0.1, Sum: 0.6]
         [Processed Buffers: Min: 1, Avg: 2.2, Max: 4, Diff: 3, Sum: 13]
      [Scan RS (ms): Min: 0.2, Avg: 0.2, Max: 0.2, Diff: 0.0, Sum: 1.1]
      [Code Root Scanning (ms): Min: 0.0, Avg: 0.0, Max: 0.0, Diff: 0.0, Sum: 0.0]
      [Object Copy (ms): Min: 0.7, Avg: 0.8, Max: 0.8, Diff: 0.0, Sum: 4.6]
      [Termination (ms): Min: 0.0, Avg: 0.0, Max: 0.0, Diff: 0.0, Sum: 0.0]
         [Termination Attempts: Min: 1, Avg: 1.7, Max: 3, Diff: 2, Sum: 10]
      [GC Worker Other (ms): Min: 0.0, Avg: 0.1, Max: 0.1, Diff: 0.1, Sum: 0.5]
      [GC Worker Total (ms): Min: 1.4, Avg: 1.5, Max: 1.5, Diff: 0.1, Sum: 8.9]
      [GC Worker End (ms): Min: 747210.6, Avg: 747210.6, Max: 747210.7, Diff: 0.1]
   [Code Root Fixup: 0.0 ms]
   [Code Root Purge: 0.0 ms]
   [Clear CT: 0.5 ms]
   [Other: 1.0 ms]
      [Choose CSet: 0.0 ms]
      [Ref Proc: 0.1 ms]
      [Ref Enq: 0.0 ms]
      [Redirty Cards: 0.1 ms]
      [Humongous Register: 0.0 ms]
      [Humongous Reclaim: 0.0 ms]
      [Free CSet: 0.6 ms]
   [Eden: 2448.0M(2448.0M)->0.0B(2446.0M) Survivors: 8192.0K->10240.0K Heap: 2478.5M(4096.0M)->32350.6K(4096.0M)]
 [Times: user=0.00 sys=0.00, real=0.00 secs] 
2024-10-12T19:04:56.919+0300: 747.212: Total time for which application threads were stopped: 0.0034782 seconds, Stopping threads took: 0.0001257 seconds
2024-10-12T19:04:57.704+0300: 747.995: Application time: 0.7830967 seconds
2024-10-12T19:04:57.704+0300: 747.996: [GC pause (G1 Evacuation Pause) (young), 0.0032303 secs]
   [Parallel Time: 1.6 ms, GC Workers: 6]
      [GC Worker Start (ms): Min: 747995.7, Avg: 747995.7, Max: 747995.7, Diff: 0.1]
      [Ext Root Scanning (ms): Min: 0.3, Avg: 0.3, Max: 0.4, Diff: 0.1, Sum: 2.1]
      [Update RS (ms): Min: 0.1, Avg: 0.1, Max: 0.1, Diff: 0.1, Sum: 0.6]
         [Processed Buffers: Min: 1, Avg: 2.2, Max: 4, Diff: 3, Sum: 13]
      [Scan RS (ms): Min: 0.2, Avg: 0.2, Max: 0.2, Diff: 0.0, Sum: 1.0]
      [Code Root Scanning (ms): Min: 0.0, Avg: 0.0, Max: 0.0, Diff: 0.0, Sum: 0.0]
      [Object Copy (ms): Min: 0.8, Avg: 0.8, Max: 0.8, Diff: 0.0, Sum: 4.7]
      [Termination (ms): Min: 0.0, Avg: 0.0, Max: 0.0, Diff: 0.0, Sum: 0.0]
         [Termination Attempts: Min: 1, Avg: 1.0, Max: 1, Diff: 0, Sum: 6]
      [GC Worker Other (ms): Min: 0.0, Avg: 0.1, Max: 0.1, Diff: 0.1, Sum: 0.5]
      [GC Worker Total (ms): Min: 1.4, Avg: 1.5, Max: 1.6, Diff: 0.1, Sum: 9.0]
      [GC Worker End (ms): Min: 747997.2, Avg: 747997.2, Max: 747997.3, Diff: 0.1]
   [Code Root Fixup: 0.0 ms]
   [Code Root Purge: 0.0 ms]
   [Clear CT: 0.5 ms]
   [Other: 1.1 ms]
      [Choose CSet: 0.0 ms]
      [Ref Proc: 0.1 ms]
      [Ref Enq: 0.0 ms]
      [Redirty Cards: 0.1 ms]
      [Humongous Register: 0.0 ms]
      [Humongous Reclaim: 0.0 ms]
      [Free CSet: 0.7 ms]
   [Eden: 2446.0M(2446.0M)->0.0B(2446.0M) Survivors: 10240.0K->10240.0K Heap: 2477.6M(4096.0M)->33278.2K(4096.0M)]
 [Times: user=0.00 sys=0.00, real=0.02 secs] 
2024-10-12T19:04:57.719+0300: 747.999: Total time for which application threads were stopped: 0.0036263 seconds, Stopping threads took: 0.0001594 seconds
2024-10-12T19:04:58.489+0300: 748.779: Application time: 0.7798823 seconds
2024-10-12T19:04:58.489+0300: 748.779: [GC pause (G1 Evacuation Pause) (young), 0.0038106 secs]
   [Parallel Time: 2.2 ms, GC Workers: 6]
      [GC Worker Start (ms): Min: 748779.3, Avg: 748779.3, Max: 748779.3, Diff: 0.1]
      [Ext Root Scanning (ms): Min: 0.3, Avg: 0.3, Max: 0.4, Diff: 0.1, Sum: 2.0]
      [Update RS (ms): Min: 0.1, Avg: 0.1, Max: 0.1, Diff: 0.0, Sum: 0.6]
         [Processed Buffers: Min: 1, Avg: 2.2, Max: 4, Diff: 3, Sum: 13]
      [Scan RS (ms): Min: 0.1, Avg: 0.2, Max: 0.2, Diff: 0.1, Sum: 1.0]
      [Code Root Scanning (ms): Min: 0.0, Avg: 0.0, Max: 0.0, Diff: 0.0, Sum: 0.0]
      [Object Copy (ms): Min: 1.3, Avg: 1.4, Max: 1.4, Diff: 0.1, Sum: 8.1]
      [Termination (ms): Min: 0.0, Avg: 0.0, Max: 0.0, Diff: 0.0, Sum: 0.0]
         [Termination Attempts: Min: 1, Avg: 1.0, Max: 1, Diff: 0, Sum: 6]
      [GC Worker Other (ms): Min: 0.0, Avg: 0.1, Max: 0.1, Diff: 0.1, Sum: 0.5]
      [GC Worker Total (ms): Min: 2.0, Avg: 2.0, Max: 2.1, Diff: 0.1, Sum: 12.3]
      [GC Worker End (ms): Min: 748781.3, Avg: 748781.3, Max: 748781.4, Diff: 0.1]
   [Code Root Fixup: 0.0 ms]
   [Code Root Purge: 0.0 ms]
   [Clear CT: 0.6 ms]
   [Other: 1.1 ms]
      [Choose CSet: 0.0 ms]
      [Ref Proc: 0.1 ms]
      [Ref Enq: 0.0 ms]
      [Redirty Cards: 0.1 ms]
      [Humongous Register: 0.0 ms]
      [Humongous Reclaim: 0.0 ms]
      [Free CSet: 0.7 ms]
   [Eden: 2446.0M(2446.0M)->0.0B(2444.0M) Survivors: 10240.0K->12288.0K Heap: 2478.5M(4096.0M)->35465.2K(4096.0M)]
 [Times: user=0.00 sys=0.00, real=0.00 secs] 
2024-10-12T19:04:58.489+0300: 748.783: Total time for which application threads were stopped: 0.0042307 seconds, Stopping threads took: 0.0002036 seconds
2024-10-12T19:04:59.274+0300: 749.562: Application time: 0.7785340 seconds
2024-10-12T19:04:59.274+0300: 749.562: [GC pause (G1 Evacuation Pause) (young), 0.0038285 secs]
   [Parallel Time: 2.3 ms, GC Workers: 6]
      [GC Worker Start (ms): Min: 749562.1, Avg: 749562.1, Max: 749562.2, Diff: 0.0]
      [Ext Root Scanning (ms): Min: 0.3, Avg: 0.3, Max: 0.4, Diff: 0.0, Sum: 2.0]
      [Update RS (ms): Min: 0.1, Avg: 0.1, Max: 0.1, Diff: 0.0, Sum: 0.6]
         [Processed Buffers: Min: 1, Avg: 2.2, Max: 4, Diff: 3, Sum: 13]
      [Scan RS (ms): Min: 0.1, Avg: 0.2, Max: 0.2, Diff: 0.0, Sum: 1.0]
      [Code Root Scanning (ms): Min: 0.0, Avg: 0.0, Max: 0.0, Diff: 0.0, Sum: 0.0]
      [Object Copy (ms): Min: 1.4, Avg: 1.4, Max: 1.4, Diff: 0.0, Sum: 8.5]
      [Termination (ms): Min: 0.0, Avg: 0.0, Max: 0.0, Diff: 0.0, Sum: 0.0]
         [Termination Attempts: Min: 1, Avg: 1.0, Max: 1, Diff: 0, Sum: 6]
      [GC Worker Other (ms): Min: 0.0, Avg: 0.1, Max: 0.2, Diff: 0.1, Sum: 0.6]
      [GC Worker Total (ms): Min: 2.1, Avg: 2.1, Max: 2.2, Diff: 0.1, Sum: 12.8]
      [GC Worker End (ms): Min: 749564.2, Avg: 749564.3, Max: 749564.4, Diff: 0.1]
   [Code Root Fixup: 0.0 ms]
   [Code Root Purge: 0.0 ms]
   [Clear CT: 0.5 ms]
   [Other: 1.0 ms]
      [Choose CSet: 0.0 ms]
      [Ref Proc: 0.1 ms]
      [Ref Enq: 0.0 ms]
      [Redirty Cards: 0.1 ms]
      [Humongous Register: 0.1 ms]
      [Humongous Reclaim: 0.0 ms]
      [Free CSet: 0.6 ms]
   [Eden: 2444.0M(2444.0M)->0.0B(2444.0M) Survivors: 12288.0K->12288.0K Heap: 2478.6M(4096.0M)->35528.2K(4096.0M)]
 [Times: user=0.02 sys=0.00, real=0.01 secs] 
2024-10-12T19:04:59.284+0300: 749.566: Total time for which application threads were stopped: 0.0043399 seconds, Stopping threads took: 0.0002676 seconds
2024-10-12T19:05:00.059+0300: 750.349: Application time: 0.7828103 seconds
2024-10-12T19:05:00.059+0300: 750.349: [GC pause (G1 Evacuation Pause) (young), 0.0033894 secs]
   [Parallel Time: 1.6 ms, GC Workers: 6]
      [GC Worker Start (ms): Min: 750349.2, Avg: 750349.2, Max: 750349.3, Diff: 0.0]
      [Ext Root Scanning (ms): Min: 0.3, Avg: 0.3, Max: 0.3, Diff: 0.1, Sum: 1.9]
      [Update RS (ms): Min: 0.1, Avg: 0.1, Max: 0.1, Diff: 0.1, Sum: 0.6]
         [Processed Buffers: Min: 1, Avg: 2.2, Max: 3, Diff: 2, Sum: 13]
      [Scan RS (ms): Min: 0.1, Avg: 0.2, Max: 0.2, Diff: 0.0, Sum: 1.0]
      [Code Root Scanning (ms): Min: 0.0, Avg: 0.0, Max: 0.0, Diff: 0.0, Sum: 0.0]
      [Object Copy (ms): Min: 0.7, Avg: 0.7, Max: 0.7, Diff: 0.0, Sum: 4.3]
      [Termination (ms): Min: 0.0, Avg: 0.0, Max: 0.0, Diff: 0.0, Sum: 0.0]
         [Termination Attempts: Min: 1, Avg: 1.0, Max: 1, Diff: 0, Sum: 6]
      [GC Worker Other (ms): Min: 0.0, Avg: 0.1, Max: 0.1, Diff: 0.1, Sum: 0.6]
      [GC Worker Total (ms): Min: 1.3, Avg: 1.4, Max: 1.5, Diff: 0.1, Sum: 8.5]
      [GC Worker End (ms): Min: 750350.6, Avg: 750350.6, Max: 750350.7, Diff: 0.1]
   [Code Root Fixup: 0.0 ms]
   [Code Root Purge: 0.0 ms]
   [Clear CT: 0.6 ms]
   [Other: 1.2 ms]
      [Choose CSet: 0.0 ms]
      [Ref Proc: 0.1 ms]
      [Ref Enq: 0.0 ms]
      [Redirty Cards: 0.1 ms]
      [Humongous Register: 0.1 ms]
      [Humongous Reclaim: 0.0 ms]
      [Free CSet: 0.7 ms]
   [Eden: 2444.0M(2444.0M)->0.0B(2448.0M) Survivors: 12288.0K->8192.0K Heap: 2478.7M(4096.0M)->30410.7K(4096.0M)]
 [Times: user=0.02 sys=0.00, real=0.00 secs] 
2024-10-12T19:05:00.059+0300: 750.353: Total time for which application threads were stopped: 0.0038235 seconds, Stopping threads took: 0.0001792 seconds
2024-10-12T19:05:00.844+0300: 751.125: Application time: 0.7720779 seconds
2024-10-12T19:05:00.844+0300: 751.125: [GC pause (G1 Evacuation Pause) (young), 0.0031707 secs]
   [Parallel Time: 1.6 ms, GC Workers: 6]
      [GC Worker Start (ms): Min: 751125.1, Avg: 751125.1, Max: 751125.1, Diff: 0.1]
      [Ext Root Scanning (ms): Min: 0.3, Avg: 0.3, Max: 0.4, Diff: 0.1, Sum: 1.9]
      [Update RS (ms): Min: 0.1, Avg: 0.1, Max: 0.1, Diff: 0.1, Sum: 0.6]
         [Processed Buffers: Min: 1, Avg: 2.2, Max: 4, Diff: 3, Sum: 13]
      [Scan RS (ms): Min: 0.2, Avg: 0.2, Max: 0.2, Diff: 0.0, Sum: 1.1]
      [Code Root Scanning (ms): Min: 0.0, Avg: 0.0, Max: 0.0, Diff: 0.0, Sum: 0.0]
      [Object Copy (ms): Min: 0.8, Avg: 0.8, Max: 0.8, Diff: 0.1, Sum: 4.8]
      [Termination (ms): Min: 0.0, Avg: 0.0, Max: 0.0, Diff: 0.0, Sum: 0.0]
         [Termination Attempts: Min: 1, Avg: 1.0, Max: 1, Diff: 0, Sum: 6]
      [GC Worker Other (ms): Min: 0.0, Avg: 0.1, Max: 0.1, Diff: 0.1, Sum: 0.5]
      [GC Worker Total (ms): Min: 1.5, Avg: 1.5, Max: 1.6, Diff: 0.1, Sum: 9.0]
      [GC Worker End (ms): Min: 751126.5, Avg: 751126.6, Max: 751126.6, Diff: 0.1]
   [Code Root Fixup: 0.0 ms]
   [Code Root Purge: 0.0 ms]
   [Clear CT: 0.5 ms]
   [Other: 1.0 ms]
      [Choose CSet: 0.0 ms]
      [Ref Proc: 0.1 ms]
      [Ref Enq: 0.0 ms]
      [Redirty Cards: 0.1 ms]
      [Humongous Register: 0.0 ms]
      [Humongous Reclaim: 0.0 ms]
      [Free CSet: 0.6 ms]
   [Eden: 2448.0M(2448.0M)->0.0B(2446.0M) Survivors: 8192.0K->10240.0K Heap: 2477.7M(4096.0M)->32461.2K(4096.0M)]
 [Times: user=0.00 sys=0.00, real=0.00 secs] 
2024-10-12T19:05:00.844+0300: 751.128: Total time for which application threads were stopped: 0.0035692 seconds, Stopping threads took: 0.0001743 seconds
2024-10-12T19:05:01.629+0300: 751.912: Application time: 0.7836557 seconds
2024-10-12T19:05:01.629+0300: 751.912: [GC pause (G1 Evacuation Pause) (young), 0.0032379 secs]
   [Parallel Time: 1.6 ms, GC Workers: 6]
      [GC Worker Start (ms): Min: 751912.3, Avg: 751912.3, Max: 751912.4, Diff: 0.1]
      [Ext Root Scanning (ms): Min: 0.3, Avg: 0.3, Max: 0.4, Diff: 0.1, Sum: 2.0]
      [Update RS (ms): Min: 0.1, Avg: 0.1, Max: 0.1, Diff: 0.0, Sum: 0.6]
         [Processed Buffers: Min: 1, Avg: 2.2, Max: 3, Diff: 2, Sum: 13]
      [Scan RS (ms): Min: 0.2, Avg: 0.2, Max: 0.2, Diff: 0.0, Sum: 1.0]
      [Code Root Scanning (ms): Min: 0.0, Avg: 0.0, Max: 0.0, Diff: 0.0, Sum: 0.0]
      [Object Copy (ms): Min: 0.8, Avg: 0.8, Max: 0.8, Diff: 0.0, Sum: 4.7]
      [Termination (ms): Min: 0.0, Avg: 0.0, Max: 0.0, Diff: 0.0, Sum: 0.0]
         [Termination Attempts: Min: 1, Avg: 1.3, Max: 2, Diff: 1, Sum: 8]
      [GC Worker Other (ms): Min: 0.0, Avg: 0.1, Max: 0.1, Diff: 0.1, Sum: 0.4]
      [GC Worker Total (ms): Min: 1.4, Avg: 1.5, Max: 1.5, Diff: 0.1, Sum: 8.8]
      [GC Worker End (ms): Min: 751913.8, Avg: 751913.8, Max: 751913.8, Diff: 0.1]
   [Code Root Fixup: 0.0 ms]
   [Code Root Purge: 0.0 ms]
   [Clear CT: 0.6 ms]
   [Other: 1.1 ms]
      [Choose CSet: 0.0 ms]
      [Ref Proc: 0.1 ms]
      [Ref Enq: 0.0 ms]
      [Redirty Cards: 0.1 ms]
      [Humongous Register: 0.0 ms]
      [Humongous Reclaim: 0.0 ms]
      [Free CSet: 0.6 ms]
   [Eden: 2446.0M(2446.0M)->0.0B(2448.0M) Survivors: 10240.0K->8192.0K Heap: 2477.7M(4096.0M)->31439.7K(4096.0M)]
 [Times: user=0.00 sys=0.00, real=0.00 secs] 
2024-10-12T19:05:01.629+0300: 751.916: Total time for which application threads were stopped: 0.0036708 seconds, Stopping threads took: 0.0001733 seconds
2024-10-12T19:05:02.414+0300: 752.698: Application time: 0.7824940 seconds
2024-10-12T19:05:02.414+0300: 752.698: [GC pause (G1 Evacuation Pause) (young), 0.0033385 secs]
   [Parallel Time: 1.8 ms, GC Workers: 6]
      [GC Worker Start (ms): Min: 752698.5, Avg: 752698.6, Max: 752698.9, Diff: 0.4]
      [Ext Root Scanning (ms): Min: 0.0, Avg: 0.3, Max: 0.4, Diff: 0.4, Sum: 2.0]
      [Update RS (ms): Min: 0.0, Avg: 0.1, Max: 0.2, Diff: 0.2, Sum: 0.7]
         [Processed Buffers: Min: 0, Avg: 2.2, Max: 3, Diff: 3, Sum: 13]
      [Scan RS (ms): Min: 0.0, Avg: 0.2, Max: 0.2, Diff: 0.2, Sum: 1.1]
      [Code Root Scanning (ms): Min: 0.0, Avg: 0.0, Max: 0.0, Diff: 0.0, Sum: 0.0]
      [Object Copy (ms): Min: 0.8, Avg: 0.9, Max: 1.2, Diff: 0.4, Sum: 5.5]
      [Termination (ms): Min: 0.0, Avg: 0.0, Max: 0.0, Diff: 0.0, Sum: 0.0]
         [Termination Attempts: Min: 1, Avg: 1.3, Max: 2, Diff: 1, Sum: 8]
      [GC Worker Other (ms): Min: 0.0, Avg: 0.1, Max: 0.1, Diff: 0.1, Sum: 0.5]
      [GC Worker Total (ms): Min: 1.2, Avg: 1.6, Max: 1.7, Diff: 0.5, Sum: 9.8]
      [GC Worker End (ms): Min: 752700.1, Avg: 752700.2, Max: 752700.2, Diff: 0.1]
   [Code Root Fixup: 0.0 ms]
   [Code Root Purge: 0.0 ms]
   [Clear CT: 0.5 ms]
   [Other: 1.0 ms]
      [Choose CSet: 0.0 ms]
      [Ref Proc: 0.1 ms]
      [Ref Enq: 0.0 ms]
      [Redirty Cards: 0.1 ms]
      [Humongous Register: 0.0 ms]
      [Humongous Reclaim: 0.0 ms]
      [Free CSet: 0.6 ms]
   [Eden: 2448.0M(2448.0M)->0.0B(2444.0M) Survivors: 8192.0K->12288.0K Heap: 2478.7M(4096.0M)->34446.4K(4096.0M)]
 [Times: user=0.00 sys=0.00, real=0.00 secs] 
2024-10-12T19:05:02.414+0300: 752.702: Total time for which application threads were stopped: 0.0037247 seconds, Stopping threads took: 0.0001667 seconds
2024-10-12T19:05:03.199+0300: 753.484: Application time: 0.7820994 seconds
2024-10-12T19:05:03.199+0300: 753.484: [GC pause (G1 Evacuation Pause) (young), 0.0039457 secs]
   [Parallel Time: 2.2 ms, GC Workers: 6]
      [GC Worker Start (ms): Min: 753484.4, Avg: 753484.5, Max: 753484.5, Diff: 0.0]
      [Ext Root Scanning (ms): Min: 0.3, Avg: 0.4, Max: 0.4, Diff: 0.1, Sum: 2.1]
      [Update RS (ms): Min: 0.1, Avg: 0.1, Max: 0.1, Diff: 0.1, Sum: 0.6]
         [Processed Buffers: Min: 1, Avg: 2.2, Max: 3, Diff: 2, Sum: 13]
      [Scan RS (ms): Min: 0.2, Avg: 0.2, Max: 0.2, Diff: 0.0, Sum: 1.0]
      [Code Root Scanning (ms): Min: 0.0, Avg: 0.0, Max: 0.0, Diff: 0.0, Sum: 0.0]
      [Object Copy (ms): Min: 1.3, Avg: 1.3, Max: 1.3, Diff: 0.0, Sum: 7.7]
      [Termination (ms): Min: 0.0, Avg: 0.0, Max: 0.0, Diff: 0.0, Sum: 0.0]
         [Termination Attempts: Min: 1, Avg: 1.0, Max: 1, Diff: 0, Sum: 6]
      [GC Worker Other (ms): Min: 0.0, Avg: 0.1, Max: 0.2, Diff: 0.2, Sum: 0.7]
      [GC Worker Total (ms): Min: 2.0, Avg: 2.0, Max: 2.1, Diff: 0.2, Sum: 12.3]
      [GC Worker End (ms): Min: 753486.4, Avg: 753486.5, Max: 753486.6, Diff: 0.2]
   [Code Root Fixup: 0.0 ms]
   [Code Root Purge: 0.0 ms]
   [Clear CT: 0.6 ms]
   [Other: 1.1 ms]
      [Choose CSet: 0.0 ms]
      [Ref Proc: 0.2 ms]
      [Ref Enq: 0.0 ms]
      [Redirty Cards: 0.1 ms]
      [Humongous Register: 0.1 ms]
      [Humongous Reclaim: 0.0 ms]
      [Free CSet: 0.7 ms]
   [Eden: 2444.0M(2444.0M)->0.0B(2444.0M) Survivors: 12288.0K->12288.0K Heap: 2477.6M(4096.0M)->34079.6K(4096.0M)]
 [Times: user=0.00 sys=0.00, real=0.00 secs] 
2024-10-12T19:05:03.199+0300: 753.488: Total time for which application threads were stopped: 0.0044808 seconds, Stopping threads took: 0.0002691 seconds
2024-10-12T19:05:03.983+0300: 754.267: Application time: 0.7784655 seconds
2024-10-12T19:05:03.983+0300: 754.267: [GC pause (G1 Evacuation Pause) (young), 0.0034010 secs]
   [Parallel Time: 1.6 ms, GC Workers: 6]
      [GC Worker Start (ms): Min: 754267.3, Avg: 754267.3, Max: 754267.4, Diff: 0.0]
      [Ext Root Scanning (ms): Min: 0.3, Avg: 0.3, Max: 0.4, Diff: 0.1, Sum: 2.0]
      [Update RS (ms): Min: 0.1, Avg: 0.1, Max: 0.1, Diff: 0.0, Sum: 0.6]
         [Processed Buffers: Min: 1, Avg: 2.2, Max: 3, Diff: 2, Sum: 13]
      [Scan RS (ms): Min: 0.2, Avg: 0.2, Max: 0.2, Diff: 0.0, Sum: 1.1]
      [Code Root Scanning (ms): Min: 0.0, Avg: 0.0, Max: 0.0, Diff: 0.0, Sum: 0.0]
      [Object Copy (ms): Min: 0.7, Avg: 0.7, Max: 0.7, Diff: 0.0, Sum: 4.3]
      [Termination (ms): Min: 0.0, Avg: 0.0, Max: 0.0, Diff: 0.0, Sum: 0.0]
         [Termination Attempts: Min: 1, Avg: 1.0, Max: 1, Diff: 0, Sum: 6]
      [GC Worker Other (ms): Min: 0.0, Avg: 0.1, Max: 0.1, Diff: 0.1, Sum: 0.5]
      [GC Worker Total (ms): Min: 1.3, Avg: 1.4, Max: 1.5, Diff: 0.2, Sum: 8.5]
      [GC Worker End (ms): Min: 754268.7, Avg: 754268.8, Max: 754268.8, Diff: 0.1]
   [Code Root Fixup: 0.0 ms]
   [Code Root Purge: 0.0 ms]
   [Clear CT: 0.5 ms]
   [Other: 1.2 ms]
      [Choose CSet: 0.0 ms]
      [Ref Proc: 0.1 ms]
      [Ref Enq: 0.0 ms]
      [Redirty Cards: 0.1 ms]
      [Humongous Register: 0.1 ms]
      [Humongous Reclaim: 0.0 ms]
      [Free CSet: 0.7 ms]
   [Eden: 2444.0M(2444.0M)->0.0B(2448.0M) Survivors: 12288.0K->8192.0K Heap: 2477.3M(4096.0M)->31447.2K(4096.0M)]
 [Times: user=0.00 sys=0.00, real=0.00 secs] 
2024-10-12T19:05:03.983+0300: 754.271: Total time for which application threads were stopped: 0.0038658 seconds, Stopping threads took: 0.0002180 seconds
2024-10-12T19:05:04.753+0300: 755.047: Application time: 0.7764143 seconds
2024-10-12T19:05:04.768+0300: 755.047: [GC pause (G1 Evacuation Pause) (young), 0.0030776 secs]
   [Parallel Time: 1.5 ms, GC Workers: 6]
      [GC Worker Start (ms): Min: 755047.6, Avg: 755047.6, Max: 755047.6, Diff: 0.1]
      [Ext Root Scanning (ms): Min: 0.3, Avg: 0.3, Max: 0.4, Diff: 0.1, Sum: 2.1]
      [Update RS (ms): Min: 0.1, Avg: 0.1, Max: 0.1, Diff: 0.1, Sum: 0.6]
         [Processed Buffers: Min: 1, Avg: 2.2, Max: 4, Diff: 3, Sum: 13]
      [Scan RS (ms): Min: 0.1, Avg: 0.2, Max: 0.2, Diff: 0.0, Sum: 1.0]
      [Code Root Scanning (ms): Min: 0.0, Avg: 0.0, Max: 0.0, Diff: 0.0, Sum: 0.0]
      [Object Copy (ms): Min: 0.7, Avg: 0.7, Max: 0.7, Diff: 0.0, Sum: 4.3]
      [Termination (ms): Min: 0.0, Avg: 0.0, Max: 0.0, Diff: 0.0, Sum: 0.0]
         [Termination Attempts: Min: 1, Avg: 1.0, Max: 1, Diff: 0, Sum: 6]
      [GC Worker Other (ms): Min: 0.1, Avg: 0.1, Max: 0.1, Diff: 0.1, Sum: 0.6]
      [GC Worker Total (ms): Min: 1.4, Avg: 1.4, Max: 1.5, Diff: 0.1, Sum: 8.7]
      [GC Worker End (ms): Min: 755049.0, Avg: 755049.0, Max: 755049.1, Diff: 0.1]
   [Code Root Fixup: 0.0 ms]
   [Code Root Purge: 0.0 ms]
   [Clear CT: 0.5 ms]
   [Other: 1.0 ms]
      [Choose CSet: 0.0 ms]
      [Ref Proc: 0.1 ms]
      [Ref Enq: 0.0 ms]
      [Redirty Cards: 0.1 ms]
      [Humongous Register: 0.1 ms]
      [Humongous Reclaim: 0.0 ms]
      [Free CSet: 0.7 ms]
   [Eden: 2448.0M(2448.0M)->0.0B(2448.0M) Survivors: 8192.0K->8192.0K Heap: 2478.7M(4096.0M)->31329.2K(4096.0M)]
 [Times: user=0.00 sys=0.00, real=0.00 secs] 
2024-10-12T19:05:04.768+0300: 755.051: Total time for which application threads were stopped: 0.0035820 seconds, Stopping threads took: 0.0001884 seconds
2024-10-12T19:05:05.538+0300: 755.832: Application time: 0.7811961 seconds
2024-10-12T19:05:05.538+0300: 755.832: [GC pause (G1 Evacuation Pause) (young), 0.0031100 secs]
   [Parallel Time: 1.6 ms, GC Workers: 6]
      [GC Worker Start (ms): Min: 755832.4, Avg: 755832.4, Max: 755832.5, Diff: 0.1]
      [Ext Root Scanning (ms): Min: 0.3, Avg: 0.4, Max: 0.4, Diff: 0.1, Sum: 2.3]
      [Update RS (ms): Min: 0.1, Avg: 0.1, Max: 0.1, Diff: 0.0, Sum: 0.6]
         [Processed Buffers: Min: 1, Avg: 2.2, Max: 4, Diff: 3, Sum: 13]
      [Scan RS (ms): Min: 0.2, Avg: 0.2, Max: 0.2, Diff: 0.0, Sum: 1.1]
      [Code Root Scanning (ms): Min: 0.0, Avg: 0.0, Max: 0.0, Diff: 0.0, Sum: 0.0]
      [Object Copy (ms): Min: 0.7, Avg: 0.7, Max: 0.8, Diff: 0.1, Sum: 4.4]
      [Termination (ms): Min: 0.0, Avg: 0.0, Max: 0.0, Diff: 0.0, Sum: 0.0]
         [Termination Attempts: Min: 1, Avg: 1.0, Max: 1, Diff: 0, Sum: 6]
      [GC Worker Other (ms): Min: 0.0, Avg: 0.1, Max: 0.1, Diff: 0.1, Sum: 0.5]
      [GC Worker Total (ms): Min: 1.5, Avg: 1.5, Max: 1.5, Diff: 0.1, Sum: 9.0]
      [GC Worker End (ms): Min: 755833.8, Avg: 755833.9, Max: 755833.9, Diff: 0.1]
   [Code Root Fixup: 0.0 ms]
   [Code Root Purge: 0.0 ms]
   [Clear CT: 0.5 ms]
   [Other: 1.0 ms]
      [Choose CSet: 0.0 ms]
      [Ref Proc: 0.1 ms]
      [Ref Enq: 0.0 ms]
      [Redirty Cards: 0.1 ms]
      [Humongous Register: 0.0 ms]
      [Humongous Reclaim: 0.0 ms]
      [Free CSet: 0.6 ms]
   [Eden: 2448.0M(2448.0M)->0.0B(2448.0M) Survivors: 8192.0K->8192.0K Heap: 2478.6M(4096.0M)->31304.6K(4096.0M)]
 [Times: user=0.00 sys=0.00, real=0.01 secs] 
2024-10-12T19:05:05.553+0300: 755.836: Total time for which application threads were stopped: 0.0035850 seconds, Stopping threads took: 0.0002151 seconds
2024-10-12T19:05:06.339+0300: 756.619: Application time: 0.7831449 seconds
2024-10-12T19:05:06.339+0300: 756.619: [GC pause (G1 Evacuation Pause) (young), 0.0033235 secs]
   [Parallel Time: 1.6 ms, GC Workers: 6]
      [GC Worker Start (ms): Min: 756619.0, Avg: 756619.0, Max: 756619.1, Diff: 0.0]
      [Ext Root Scanning (ms): Min: 0.3, Avg: 0.3, Max: 0.4, Diff: 0.1, Sum: 1.9]
      [Update RS (ms): Min: 0.1, Avg: 0.1, Max: 0.1, Diff: 0.1, Sum: 0.6]
         [Processed Buffers: Min: 1, Avg: 2.2, Max: 3, Diff: 2, Sum: 13]
      [Scan RS (ms): Min: 0.2, Avg: 0.2, Max: 0.2, Diff: 0.0, Sum: 1.0]
      [Code Root Scanning (ms): Min: 0.0, Avg: 0.0, Max: 0.0, Diff: 0.0, Sum: 0.0]
      [Object Copy (ms): Min: 0.7, Avg: 0.7, Max: 0.8, Diff: 0.0, Sum: 4.4]
      [Termination (ms): Min: 0.0, Avg: 0.0, Max: 0.1, Diff: 0.1, Sum: 0.2]
         [Termination Attempts: Min: 1, Avg: 1.2, Max: 2, Diff: 1, Sum: 7]
      [GC Worker Other (ms): Min: 0.0, Avg: 0.1, Max: 0.1, Diff: 0.1, Sum: 0.3]
      [GC Worker Total (ms): Min: 1.4, Avg: 1.4, Max: 1.5, Diff: 0.1, Sum: 8.6]
      [GC Worker End (ms): Min: 756620.4, Avg: 756620.5, Max: 756620.5, Diff: 0.1]
   [Code Root Fixup: 0.0 ms]
   [Code Root Purge: 0.0 ms]
   [Clear CT: 0.6 ms]
   [Other: 1.2 ms]
      [Choose CSet: 0.0 ms]
      [Ref Proc: 0.1 ms]
      [Ref Enq: 0.0 ms]
      [Redirty Cards: 0.1 ms]
      [Humongous Register: 0.1 ms]
      [Humongous Reclaim: 0.0 ms]
      [Free CSet: 0.8 ms]
   [Eden: 2448.0M(2448.0M)->0.0B(2448.0M) Survivors: 8192.0K->8192.0K Heap: 2478.6M(4096.0M)->31285.9K(4096.0M)]
 [Times: user=0.00 sys=0.00, real=0.00 secs] 
2024-10-12T19:05:06.342+0300: 756.622: Total time for which application threads were stopped: 0.0036941 seconds, Stopping threads took: 0.0001145 seconds
2024-10-12T19:05:07.124+0300: 757.408: Application time: 0.7857450 seconds
2024-10-12T19:05:07.124+0300: 757.408: [GC pause (G1 Evacuation Pause) (young), 0.0032348 secs]
   [Parallel Time: 1.7 ms, GC Workers: 6]
      [GC Worker Start (ms): Min: 757408.5, Avg: 757408.5, Max: 757408.5, Diff: 0.1]
      [Ext Root Scanning (ms): Min: 0.3, Avg: 0.3, Max: 0.4, Diff: 0.1, Sum: 2.0]
      [Update RS (ms): Min: 0.1, Avg: 0.1, Max: 0.1, Diff: 0.1, Sum: 0.6]
         [Processed Buffers: Min: 1, Avg: 2.2, Max: 3, Diff: 2, Sum: 13]
      [Scan RS (ms): Min: 0.1, Avg: 0.2, Max: 0.2, Diff: 0.0, Sum: 1.0]
      [Code Root Scanning (ms): Min: 0.0, Avg: 0.0, Max: 0.0, Diff: 0.0, Sum: 0.0]
      [Object Copy (ms): Min: 0.8, Avg: 0.8, Max: 0.8, Diff: 0.0, Sum: 4.8]
      [Termination (ms): Min: 0.0, Avg: 0.0, Max: 0.0, Diff: 0.0, Sum: 0.0]
         [Termination Attempts: Min: 1, Avg: 1.0, Max: 1, Diff: 0, Sum: 6]
      [GC Worker Other (ms): Min: 0.1, Avg: 0.1, Max: 0.2, Diff: 0.1, Sum: 0.7]
      [GC Worker Total (ms): Min: 1.5, Avg: 1.5, Max: 1.6, Diff: 0.1, Sum: 9.0]
      [GC Worker End (ms): Min: 757409.9, Avg: 757410.0, Max: 757410.0, Diff: 0.1]
   [Code Root Fixup: 0.0 ms]
   [Code Root Purge: 0.0 ms]
   [Clear CT: 0.5 ms]
   [Other: 1.0 ms]
      [Choose CSet: 0.0 ms]
      [Ref Proc: 0.1 ms]
      [Ref Enq: 0.0 ms]
      [Redirty Cards: 0.1 ms]
      [Humongous Register: 0.0 ms]
      [Humongous Reclaim: 0.0 ms]
      [Free CSet: 0.6 ms]
   [Eden: 2448.0M(2448.0M)->0.0B(2446.0M) Survivors: 8192.0K->10240.0K Heap: 2478.6M(4096.0M)->32391.1K(4096.0M)]
 [Times: user=0.00 sys=0.00, real=0.00 secs] 
2024-10-12T19:05:07.124+0300: 757.412: Total time for which application threads were stopped: 0.0036394 seconds, Stopping threads took: 0.0001399 seconds
2024-10-12T19:05:07.893+0300: 758.182: Application time: 0.7697628 seconds
2024-10-12T19:05:07.893+0300: 758.182: [GC pause (G1 Evacuation Pause) (young), 0.0031379 secs]
   [Parallel Time: 1.6 ms, GC Workers: 6]
      [GC Worker Start (ms): Min: 758181.9, Avg: 758181.9, Max: 758181.9, Diff: 0.0]
      [Ext Root Scanning (ms): Min: 0.3, Avg: 0.3, Max: 0.4, Diff: 0.1, Sum: 2.0]
      [Update RS (ms): Min: 0.1, Avg: 0.1, Max: 0.1, Diff: 0.1, Sum: 0.6]
         [Processed Buffers: Min: 1, Avg: 2.2, Max: 4, Diff: 3, Sum: 13]
      [Scan RS (ms): Min: 0.1, Avg: 0.2, Max: 0.2, Diff: 0.1, Sum: 1.0]
      [Code Root Scanning (ms): Min: 0.0, Avg: 0.0, Max: 0.0, Diff: 0.0, Sum: 0.0]
      [Object Copy (ms): Min: 0.8, Avg: 0.8, Max: 0.9, Diff: 0.1, Sum: 4.9]
      [Termination (ms): Min: 0.0, Avg: 0.0, Max: 0.0, Diff: 0.0, Sum: 0.2]
         [Termination Attempts: Min: 1, Avg: 1.0, Max: 1, Diff: 0, Sum: 6]
      [GC Worker Other (ms): Min: 0.0, Avg: 0.1, Max: 0.1, Diff: 0.1, Sum: 0.4]
      [GC Worker Total (ms): Min: 1.5, Avg: 1.5, Max: 1.6, Diff: 0.1, Sum: 9.1]
      [GC Worker End (ms): Min: 758183.4, Avg: 758183.4, Max: 758183.4, Diff: 0.1]
   [Code Root Fixup: 0.0 ms]
   [Code Root Purge: 0.0 ms]
   [Clear CT: 0.5 ms]
   [Other: 1.0 ms]
      [Choose CSet: 0.0 ms]
      [Ref Proc: 0.1 ms]
      [Ref Enq: 0.0 ms]
      [Redirty Cards: 0.1 ms]
      [Humongous Register: 0.0 ms]
      [Humongous Reclaim: 0.0 ms]
      [Free CSet: 0.6 ms]
   [Eden: 2446.0M(2446.0M)->0.0B(2448.0M) Survivors: 10240.0K->8192.0K Heap: 2477.6M(4096.0M)->31314.7K(4096.0M)]
 [Times: user=0.02 sys=0.00, real=0.01 secs] 
2024-10-12T19:05:07.904+0300: 758.185: Total time for which application threads were stopped: 0.0035240 seconds, Stopping threads took: 0.0001689 seconds
2024-10-12T19:05:08.678+0300: 758.968: Application time: 0.7827370 seconds
2024-10-12T19:05:08.678+0300: 758.968: [GC pause (G1 Evacuation Pause) (young), 0.0031190 secs]
   [Parallel Time: 1.6 ms, GC Workers: 6]
      [GC Worker Start (ms): Min: 758968.1, Avg: 758968.2, Max: 758968.2, Diff: 0.1]
      [Ext Root Scanning (ms): Min: 0.3, Avg: 0.3, Max: 0.3, Diff: 0.1, Sum: 1.9]
      [Update RS (ms): Min: 0.1, Avg: 0.1, Max: 0.1, Diff: 0.1, Sum: 0.6]
         [Processed Buffers: Min: 1, Avg: 2.2, Max: 4, Diff: 3, Sum: 13]
      [Scan RS (ms): Min: 0.2, Avg: 0.2, Max: 0.2, Diff: 0.0, Sum: 1.1]
      [Code Root Scanning (ms): Min: 0.0, Avg: 0.0, Max: 0.0, Diff: 0.0, Sum: 0.0]
      [Object Copy (ms): Min: 0.8, Avg: 0.8, Max: 0.8, Diff: 0.0, Sum: 4.7]
      [Termination (ms): Min: 0.0, Avg: 0.0, Max: 0.0, Diff: 0.0, Sum: 0.0]
         [Termination Attempts: Min: 1, Avg: 1.2, Max: 2, Diff: 1, Sum: 7]
      [GC Worker Other (ms): Min: 0.0, Avg: 0.1, Max: 0.1, Diff: 0.1, Sum: 0.5]
      [GC Worker Total (ms): Min: 1.4, Avg: 1.5, Max: 1.5, Diff: 0.1, Sum: 8.9]
      [GC Worker End (ms): Min: 758969.6, Avg: 758969.7, Max: 758969.7, Diff: 0.1]
   [Code Root Fixup: 0.0 ms]
   [Code Root Purge: 0.0 ms]
   [Clear CT: 0.5 ms]
   [Other: 1.0 ms]
      [Choose CSet: 0.0 ms]
      [Ref Proc: 0.1 ms]
      [Ref Enq: 0.0 ms]
      [Redirty Cards: 0.1 ms]
      [Humongous Register: 0.0 ms]
      [Humongous Reclaim: 0.0 ms]
      [Free CSet: 0.6 ms]
   [Eden: 2448.0M(2448.0M)->0.0B(2446.0M) Survivors: 8192.0K->10240.0K Heap: 2478.6M(4096.0M)->33326.2K(4096.0M)]
 [Times: user=0.00 sys=0.00, real=0.00 secs] 
2024-10-12T19:05:08.678+0300: 758.971: Total time for which application threads were stopped: 0.0035201 seconds, Stopping threads took: 0.0001764 seconds
2024-10-12T19:05:09.464+0300: 759.751: Application time: 0.7798380 seconds
2024-10-12T19:05:09.464+0300: 759.751: [GC pause (G1 Evacuation Pause) (young), 0.0032434 secs]
   [Parallel Time: 1.6 ms, GC Workers: 6]
      [GC Worker Start (ms): Min: 759751.6, Avg: 759751.6, Max: 759751.6, Diff: 0.0]
      [Ext Root Scanning (ms): Min: 0.3, Avg: 0.3, Max: 0.3, Diff: 0.1, Sum: 1.9]
      [Update RS (ms): Min: 0.1, Avg: 0.1, Max: 0.1, Diff: 0.1, Sum: 0.6]
         [Processed Buffers: Min: 1, Avg: 2.2, Max: 3, Diff: 2, Sum: 13]
      [Scan RS (ms): Min: 0.2, Avg: 0.2, Max: 0.2, Diff: 0.0, Sum: 1.1]
      [Code Root Scanning (ms): Min: 0.0, Avg: 0.0, Max: 0.0, Diff: 0.0, Sum: 0.0]
      [Object Copy (ms): Min: 0.7, Avg: 0.7, Max: 0.8, Diff: 0.1, Sum: 4.4]
      [Termination (ms): Min: 0.0, Avg: 0.0, Max: 0.0, Diff: 0.0, Sum: 0.0]
         [Termination Attempts: Min: 1, Avg: 1.0, Max: 1, Diff: 0, Sum: 6]
      [GC Worker Other (ms): Min: 0.0, Avg: 0.1, Max: 0.2, Diff: 0.1, Sum: 0.5]
      [GC Worker Total (ms): Min: 1.4, Avg: 1.4, Max: 1.5, Diff: 0.1, Sum: 8.6]
      [GC Worker End (ms): Min: 759753.0, Avg: 759753.0, Max: 759753.1, Diff: 0.1]
   [Code Root Fixup: 0.0 ms]
   [Code Root Purge: 0.0 ms]
   [Clear CT: 0.4 ms]
   [Other: 1.2 ms]
      [Choose CSet: 0.0 ms]
      [Ref Proc: 0.1 ms]
      [Ref Enq: 0.0 ms]
      [Redirty Cards: 0.1 ms]
      [Humongous Register: 0.1 ms]
      [Humongous Reclaim: 0.0 ms]
      [Free CSet: 0.7 ms]
   [Eden: 2446.0M(2446.0M)->0.0B(2446.0M) Survivors: 10240.0K->10240.0K Heap: 2478.5M(4096.0M)->32421.9K(4096.0M)]
 [Times: user=0.00 sys=0.00, real=0.00 secs] 
2024-10-12T19:05:09.464+0300: 759.755: Total time for which application threads were stopped: 0.0036369 seconds, Stopping threads took: 0.0001791 seconds
2024-10-12T19:05:09.965+0300: 760.245: Application time: 0.4905869 seconds
2024-10-12T19:05:09.965+0300: 760.246: Total time for which application threads were stopped: 0.0004144 seconds, Stopping threads took: 0.0001439 seconds
2024-10-12T19:05:10.295+0300: 760.582: Application time: 0.3360583 seconds
2024-10-12T19:05:10.295+0300: 760.582: Total time for which application threads were stopped: 0.0004574 seconds, Stopping threads took: 0.0004311 seconds
2024-10-12T19:05:10.405+0300: 760.688: Application time: 0.1057627 seconds
2024-10-12T19:05:10.405+0300: 760.688: [GC pause (G1 Evacuation Pause) (young), 0.0035020 secs]
   [Parallel Time: 2.0 ms, GC Workers: 6]
      [GC Worker Start (ms): Min: 760688.4, Avg: 760688.5, Max: 760688.5, Diff: 0.0]
      [Ext Root Scanning (ms): Min: 0.3, Avg: 0.3, Max: 0.3, Diff: 0.1, Sum: 1.9]
      [Update RS (ms): Min: 0.1, Avg: 0.1, Max: 0.1, Diff: 0.1, Sum: 0.6]
         [Processed Buffers: Min: 1, Avg: 2.3, Max: 4, Diff: 3, Sum: 14]
      [Scan RS (ms): Min: 0.1, Avg: 0.2, Max: 0.2, Diff: 0.1, Sum: 1.1]
      [Code Root Scanning (ms): Min: 0.0, Avg: 0.0, Max: 0.0, Diff: 0.0, Sum: 0.0]
      [Object Copy (ms): Min: 1.1, Avg: 1.2, Max: 1.2, Diff: 0.1, Sum: 7.1]
      [Termination (ms): Min: 0.0, Avg: 0.0, Max: 0.0, Diff: 0.0, Sum: 0.0]
         [Termination Attempts: Min: 1, Avg: 2.0, Max: 3, Diff: 2, Sum: 12]
      [GC Worker Other (ms): Min: 0.0, Avg: 0.1, Max: 0.1, Diff: 0.1, Sum: 0.5]
      [GC Worker Total (ms): Min: 1.8, Avg: 1.9, Max: 1.9, Diff: 0.1, Sum: 11.2]
      [GC Worker End (ms): Min: 760690.3, Avg: 760690.3, Max: 760690.4, Diff: 0.1]
   [Code Root Fixup: 0.0 ms]
   [Code Root Purge: 0.0 ms]
   [Clear CT: 0.5 ms]
   [Other: 1.0 ms]
      [Choose CSet: 0.0 ms]
      [Ref Proc: 0.1 ms]
      [Ref Enq: 0.0 ms]
      [Redirty Cards: 0.1 ms]
      [Humongous Register: 0.0 ms]
      [Humongous Reclaim: 0.0 ms]
      [Free CSet: 0.6 ms]
   [Eden: 2446.0M(2446.0M)->0.0B(2444.0M) Survivors: 10240.0K->12288.0K Heap: 2477.7M(4096.0M)->34443.8K(4096.0M)]
 [Times: user=0.00 sys=0.00, real=0.01 secs] 
2024-10-12T19:05:10.410+0300: 760.692: Total time for which application threads were stopped: 0.0039037 seconds, Stopping threads took: 0.0001801 seconds
2024-10-12T19:05:11.174+0300: 761.462: Application time: 0.7696405 seconds
2024-10-12T19:05:11.174+0300: 761.462: [GC pause (G1 Evacuation Pause) (young), 0.0038316 secs]
   [Parallel Time: 2.2 ms, GC Workers: 6]
      [GC Worker Start (ms): Min: 761462.1, Avg: 761462.1, Max: 761462.1, Diff: 0.0]
      [Ext Root Scanning (ms): Min: 0.3, Avg: 0.3, Max: 0.3, Diff: 0.0, Sum: 2.0]
      [Update RS (ms): Min: 0.0, Avg: 0.1, Max: 0.1, Diff: 0.1, Sum: 0.5]
         [Processed Buffers: Min: 0, Avg: 2.2, Max: 4, Diff: 4, Sum: 13]
      [Scan RS (ms): Min: 0.1, Avg: 0.2, Max: 0.2, Diff: 0.1, Sum: 1.0]
      [Code Root Scanning (ms): Min: 0.0, Avg: 0.0, Max: 0.0, Diff: 0.0, Sum: 0.0]
      [Object Copy (ms): Min: 1.3, Avg: 1.3, Max: 1.5, Diff: 0.2, Sum: 8.0]
      [Termination (ms): Min: 0.0, Avg: 0.0, Max: 0.0, Diff: 0.0, Sum: 0.1]
         [Termination Attempts: Min: 1, Avg: 1.0, Max: 1, Diff: 0, Sum: 6]
      [GC Worker Other (ms): Min: 0.0, Avg: 0.1, Max: 0.2, Diff: 0.1, Sum: 0.4]
      [GC Worker Total (ms): Min: 1.9, Avg: 2.0, Max: 2.1, Diff: 0.1, Sum: 12.0]
      [GC Worker End (ms): Min: 761464.0, Avg: 761464.1, Max: 761464.2, Diff: 0.1]
   [Code Root Fixup: 0.0 ms]
   [Code Root Purge: 0.0 ms]
   [Clear CT: 0.5 ms]
   [Other: 1.1 ms]
      [Choose CSet: 0.0 ms]
      [Ref Proc: 0.2 ms]
      [Ref Enq: 0.0 ms]
      [Redirty Cards: 0.1 ms]
      [Humongous Register: 0.1 ms]
      [Humongous Reclaim: 0.0 ms]
      [Free CSet: 0.6 ms]
   [Eden: 2444.0M(2444.0M)->0.0B(2444.0M) Survivors: 12288.0K->12288.0K Heap: 2477.6M(4096.0M)->34541.7K(4096.0M)]
 [Times: user=0.00 sys=0.00, real=0.00 secs] 
2024-10-12T19:05:11.174+0300: 761.466: Total time for which application threads were stopped: 0.0042813 seconds, Stopping threads took: 0.0002210 seconds
2024-10-12T19:05:11.944+0300: 762.230: Application time: 0.7644598 seconds
2024-10-12T19:05:11.944+0300: 762.231: [GC pause (G1 Evacuation Pause) (young), 0.0045835 secs]
   [Parallel Time: 3.1 ms, GC Workers: 6]
      [GC Worker Start (ms): Min: 762230.7, Avg: 762230.7, Max: 762230.8, Diff: 0.0]
      [Ext Root Scanning (ms): Min: 0.3, Avg: 0.3, Max: 0.3, Diff: 0.0, Sum: 1.9]
      [Update RS (ms): Min: 0.0, Avg: 0.1, Max: 0.1, Diff: 0.1, Sum: 0.5]
         [Processed Buffers: Min: 1, Avg: 2.0, Max: 7, Diff: 6, Sum: 12]
      [Scan RS (ms): Min: 0.2, Avg: 0.2, Max: 0.2, Diff: 0.0, Sum: 1.0]
      [Code Root Scanning (ms): Min: 0.0, Avg: 0.0, Max: 0.0, Diff: 0.0, Sum: 0.0]
      [Object Copy (ms): Min: 2.3, Avg: 2.3, Max: 2.3, Diff: 0.0, Sum: 13.7]
      [Termination (ms): Min: 0.0, Avg: 0.0, Max: 0.0, Diff: 0.0, Sum: 0.0]
         [Termination Attempts: Min: 1, Avg: 1.0, Max: 1, Diff: 0, Sum: 6]
      [GC Worker Other (ms): Min: 0.0, Avg: 0.1, Max: 0.1, Diff: 0.1, Sum: 0.6]
      [GC Worker Total (ms): Min: 2.9, Avg: 2.9, Max: 3.0, Diff: 0.1, Sum: 17.7]
      [GC Worker End (ms): Min: 762233.6, Avg: 762233.7, Max: 762233.7, Diff: 0.1]
   [Code Root Fixup: 0.0 ms]
   [Code Root Purge: 0.0 ms]
   [Clear CT: 0.5 ms]
   [Other: 1.0 ms]
      [Choose CSet: 0.0 ms]
      [Ref Proc: 0.1 ms]
      [Ref Enq: 0.0 ms]
      [Redirty Cards: 0.1 ms]
      [Humongous Register: 0.0 ms]
      [Humongous Reclaim: 0.0 ms]
      [Free CSet: 0.6 ms]
   [Eden: 2444.0M(2444.0M)->0.0B(2442.0M) Survivors: 12288.0K->14336.0K Heap: 2477.7M(4096.0M)->37616.2K(4096.0M)]
 [Times: user=0.00 sys=0.00, real=0.00 secs] 
2024-10-12T19:05:11.944+0300: 762.235: Total time for which application threads were stopped: 0.0049711 seconds, Stopping threads took: 0.0001609 seconds
2024-10-12T19:05:12.729+0300: 763.011: Application time: 0.7756866 seconds
2024-10-12T19:05:12.729+0300: 763.011: [GC pause (G1 Evacuation Pause) (young), 0.0041331 secs]
   [Parallel Time: 2.6 ms, GC Workers: 6]
      [GC Worker Start (ms): Min: 763011.4, Avg: 763011.4, Max: 763011.4, Diff: 0.1]
      [Ext Root Scanning (ms): Min: 0.3, Avg: 0.3, Max: 0.3, Diff: 0.1, Sum: 1.9]
      [Update RS (ms): Min: 0.0, Avg: 0.1, Max: 0.1, Diff: 0.1, Sum: 0.5]
         [Processed Buffers: Min: 1, Avg: 2.2, Max: 7, Diff: 6, Sum: 13]
      [Scan RS (ms): Min: 0.1, Avg: 0.2, Max: 0.2, Diff: 0.1, Sum: 1.1]
      [Code Root Scanning (ms): Min: 0.0, Avg: 0.0, Max: 0.0, Diff: 0.0, Sum: 0.0]
      [Object Copy (ms): Min: 1.8, Avg: 1.8, Max: 1.8, Diff: 0.0, Sum: 10.7]
      [Termination (ms): Min: 0.0, Avg: 0.0, Max: 0.0, Diff: 0.0, Sum: 0.0]
         [Termination Attempts: Min: 1, Avg: 1.0, Max: 1, Diff: 0, Sum: 6]
      [GC Worker Other (ms): Min: 0.0, Avg: 0.1, Max: 0.1, Diff: 0.1, Sum: 0.6]
      [GC Worker Total (ms): Min: 2.4, Avg: 2.5, Max: 2.5, Diff: 0.1, Sum: 14.7]
      [GC Worker End (ms): Min: 763013.8, Avg: 763013.8, Max: 763013.9, Diff: 0.1]
   [Code Root Fixup: 0.0 ms]
   [Code Root Purge: 0.0 ms]
   [Clear CT: 0.5 ms]
   [Other: 1.0 ms]
      [Choose CSet: 0.0 ms]
      [Ref Proc: 0.1 ms]
      [Ref Enq: 0.0 ms]
      [Redirty Cards: 0.1 ms]
      [Humongous Register: 0.0 ms]
      [Humongous Reclaim: 0.0 ms]
      [Free CSet: 0.7 ms]
   [Eden: 2442.0M(2442.0M)->0.0B(2444.0M) Survivors: 14336.0K->12288.0K Heap: 2478.7M(4096.0M)->35570.7K(4096.0M)]
 [Times: user=0.00 sys=0.00, real=0.00 secs] 
2024-10-12T19:05:12.729+0300: 763.016: Total time for which application threads were stopped: 0.0045086 seconds, Stopping threads took: 0.0001655 seconds
2024-10-12T19:05:13.518+0300: 763.798: Application time: 0.7823771 seconds
2024-10-12T19:05:13.518+0300: 763.798: [GC pause (G1 Evacuation Pause) (young), 0.0034667 secs]
   [Parallel Time: 1.8 ms, GC Workers: 6]
      [GC Worker Start (ms): Min: 763798.3, Avg: 763798.4, Max: 763798.5, Diff: 0.1]
      [Ext Root Scanning (ms): Min: 0.2, Avg: 0.3, Max: 0.4, Diff: 0.1, Sum: 2.0]
      [Update RS (ms): Min: 0.0, Avg: 0.1, Max: 0.1, Diff: 0.1, Sum: 0.5]
         [Processed Buffers: Min: 1, Avg: 2.2, Max: 7, Diff: 6, Sum: 13]
      [Scan RS (ms): Min: 0.1, Avg: 0.2, Max: 0.2, Diff: 0.1, Sum: 1.0]
      [Code Root Scanning (ms): Min: 0.0, Avg: 0.0, Max: 0.0, Diff: 0.0, Sum: 0.0]
      [Object Copy (ms): Min: 1.0, Avg: 1.0, Max: 1.0, Diff: 0.0, Sum: 6.1]
      [Termination (ms): Min: 0.0, Avg: 0.0, Max: 0.0, Diff: 0.0, Sum: 0.0]
         [Termination Attempts: Min: 1, Avg: 1.0, Max: 1, Diff: 0, Sum: 6]
      [GC Worker Other (ms): Min: 0.0, Avg: 0.1, Max: 0.1, Diff: 0.1, Sum: 0.6]
      [GC Worker Total (ms): Min: 1.6, Avg: 1.7, Max: 1.8, Diff: 0.2, Sum: 10.2]
      [GC Worker End (ms): Min: 763800.0, Avg: 763800.1, Max: 763800.1, Diff: 0.1]
   [Code Root Fixup: 0.0 ms]
   [Code Root Purge: 0.0 ms]
   [Clear CT: 0.5 ms]
   [Other: 1.1 ms]
      [Choose CSet: 0.0 ms]
      [Ref Proc: 0.1 ms]
      [Ref Enq: 0.0 ms]
      [Redirty Cards: 0.1 ms]
      [Humongous Register: 0.1 ms]
      [Humongous Reclaim: 0.0 ms]
      [Free CSet: 0.7 ms]
   [Eden: 2444.0M(2444.0M)->0.0B(2446.0M) Survivors: 12288.0K->10240.0K Heap: 2478.7M(4096.0M)->33525.2K(4096.0M)]
 [Times: user=0.00 sys=0.00, real=0.00 secs] 
2024-10-12T19:05:13.518+0300: 763.802: Total time for which application threads were stopped: 0.0039030 seconds, Stopping threads took: 0.0002171 seconds
2024-10-12T19:05:14.298+0300: 764.584: Application time: 0.7822444 seconds
2024-10-12T19:05:14.298+0300: 764.584: [GC pause (G1 Evacuation Pause) (young), 0.0036145 secs]
   [Parallel Time: 2.0 ms, GC Workers: 6]
      [GC Worker Start (ms): Min: 764584.5, Avg: 764584.6, Max: 764584.7, Diff: 0.1]
      [Ext Root Scanning (ms): Min: 0.2, Avg: 0.3, Max: 0.4, Diff: 0.1, Sum: 2.0]
      [Update RS (ms): Min: 0.1, Avg: 0.1, Max: 0.1, Diff: 0.1, Sum: 0.5]
         [Processed Buffers: Min: 1, Avg: 2.2, Max: 5, Diff: 4, Sum: 13]
      [Scan RS (ms): Min: 0.1, Avg: 0.2, Max: 0.2, Diff: 0.1, Sum: 1.0]
      [Code Root Scanning (ms): Min: 0.0, Avg: 0.0, Max: 0.0, Diff: 0.0, Sum: 0.0]
      [Object Copy (ms): Min: 1.0, Avg: 1.0, Max: 1.1, Diff: 0.0, Sum: 6.2]
      [Termination (ms): Min: 0.0, Avg: 0.0, Max: 0.0, Diff: 0.0, Sum: 0.0]
         [Termination Attempts: Min: 1, Avg: 1.2, Max: 2, Diff: 1, Sum: 7]
      [GC Worker Other (ms): Min: 0.0, Avg: 0.1, Max: 0.2, Diff: 0.2, Sum: 0.8]
      [GC Worker Total (ms): Min: 1.6, Avg: 1.8, Max: 1.9, Diff: 0.3, Sum: 10.6]
      [GC Worker End (ms): Min: 764586.2, Avg: 764586.3, Max: 764586.4, Diff: 0.2]
   [Code Root Fixup: 0.0 ms]
   [Code Root Purge: 0.0 ms]
   [Clear CT: 0.6 ms]
   [Other: 1.1 ms]
      [Choose CSet: 0.0 ms]
      [Ref Proc: 0.1 ms]
      [Ref Enq: 0.0 ms]
      [Redirty Cards: 0.1 ms]
      [Humongous Register: 0.1 ms]
      [Humongous Reclaim: 0.0 ms]
      [Free CSet: 0.6 ms]
   [Eden: 2446.0M(2446.0M)->0.0B(2444.0M) Survivors: 10240.0K->12288.0K Heap: 2478.7M(4096.0M)->34551.7K(4096.0M)]
 [Times: user=0.00 sys=0.00, real=0.00 secs] 
2024-10-12T19:05:14.298+0300: 764.588: Total time for which application threads were stopped: 0.0040961 seconds, Stopping threads took: 0.0002240 seconds
2024-10-12T19:05:15.083+0300: 765.365: Application time: 0.7768616 seconds
2024-10-12T19:05:15.083+0300: 765.365: [GC pause (G1 Evacuation Pause) (young), 0.0036965 secs]
   [Parallel Time: 1.9 ms, GC Workers: 6]
      [GC Worker Start (ms): Min: 765365.5, Avg: 765365.6, Max: 765365.6, Diff: 0.1]
      [Ext Root Scanning (ms): Min: 0.3, Avg: 0.3, Max: 0.4, Diff: 0.1, Sum: 2.0]
      [Update RS (ms): Min: 0.1, Avg: 0.1, Max: 0.1, Diff: 0.1, Sum: 0.5]
         [Processed Buffers: Min: 1, Avg: 2.2, Max: 6, Diff: 5, Sum: 13]
      [Scan RS (ms): Min: 0.2, Avg: 0.2, Max: 0.2, Diff: 0.0, Sum: 1.1]
      [Code Root Scanning (ms): Min: 0.0, Avg: 0.0, Max: 0.0, Diff: 0.0, Sum: 0.0]
      [Object Copy (ms): Min: 1.0, Avg: 1.0, Max: 1.0, Diff: 0.1, Sum: 6.1]
      [Termination (ms): Min: 0.0, Avg: 0.0, Max: 0.0, Diff: 0.0, Sum: 0.0]
         [Termination Attempts: Min: 1, Avg: 1.0, Max: 1, Diff: 0, Sum: 6]
      [GC Worker Other (ms): Min: 0.0, Avg: 0.1, Max: 0.1, Diff: 0.1, Sum: 0.4]
      [GC Worker Total (ms): Min: 1.6, Avg: 1.7, Max: 1.8, Diff: 0.1, Sum: 10.2]
      [GC Worker End (ms): Min: 765367.2, Avg: 765367.3, Max: 765367.3, Diff: 0.1]
   [Code Root Fixup: 0.0 ms]
   [Code Root Purge: 0.0 ms]
   [Clear CT: 0.6 ms]
   [Other: 1.2 ms]
      [Choose CSet: 0.0 ms]
      [Ref Proc: 0.1 ms]
      [Ref Enq: 0.0 ms]
      [Redirty Cards: 0.1 ms]
      [Humongous Register: 0.1 ms]
      [Humongous Reclaim: 0.0 ms]
      [Free CSet: 0.8 ms]
   [Eden: 2444.0M(2444.0M)->0.0B(2444.0M) Survivors: 12288.0K->12288.0K Heap: 2477.7M(4096.0M)->35578.2K(4096.0M)]
 [Times: user=0.00 sys=0.00, real=0.00 secs] 
2024-10-12T19:05:15.083+0300: 765.369: Total time for which application threads were stopped: 0.0042025 seconds, Stopping threads took: 0.0002452 seconds
2024-10-12T19:05:15.853+0300: 766.144: Application time: 0.7748584 seconds
2024-10-12T19:05:15.853+0300: 766.144: [GC pause (G1 Evacuation Pause) (young), 0.0034963 secs]
   [Parallel Time: 1.9 ms, GC Workers: 6]
      [GC Worker Start (ms): Min: 766144.5, Avg: 766144.5, Max: 766144.5, Diff: 0.1]
      [Ext Root Scanning (ms): Min: 0.3, Avg: 0.3, Max: 0.4, Diff: 0.1, Sum: 2.1]
      [Update RS (ms): Min: 0.0, Avg: 0.1, Max: 0.1, Diff: 0.1, Sum: 0.5]
         [Processed Buffers: Min: 1, Avg: 2.2, Max: 5, Diff: 4, Sum: 13]
      [Scan RS (ms): Min: 0.1, Avg: 0.2, Max: 0.2, Diff: 0.1, Sum: 1.0]
      [Code Root Scanning (ms): Min: 0.0, Avg: 0.0, Max: 0.0, Diff: 0.0, Sum: 0.0]
      [Object Copy (ms): Min: 1.0, Avg: 1.1, Max: 1.1, Diff: 0.0, Sum: 6.3]
      [Termination (ms): Min: 0.0, Avg: 0.0, Max: 0.0, Diff: 0.0, Sum: 0.0]
         [Termination Attempts: Min: 1, Avg: 1.2, Max: 2, Diff: 1, Sum: 7]
      [GC Worker Other (ms): Min: 0.0, Avg: 0.1, Max: 0.1, Diff: 0.1, Sum: 0.5]
      [GC Worker Total (ms): Min: 1.7, Avg: 1.8, Max: 1.8, Diff: 0.1, Sum: 10.6]
      [GC Worker End (ms): Min: 766146.2, Avg: 766146.3, Max: 766146.3, Diff: 0.1]
   [Code Root Fixup: 0.0 ms]
   [Code Root Purge: 0.0 ms]
   [Clear CT: 0.5 ms]
   [Other: 1.1 ms]
      [Choose CSet: 0.0 ms]
      [Ref Proc: 0.1 ms]
      [Ref Enq: 0.0 ms]
      [Redirty Cards: 0.1 ms]
      [Humongous Register: 0.0 ms]
      [Humongous Reclaim: 0.0 ms]
      [Free CSet: 0.7 ms]
   [Eden: 2444.0M(2444.0M)->0.0B(2444.0M) Survivors: 12288.0K->12288.0K Heap: 2478.7M(4096.0M)->34989.7K(4096.0M)]
 [Times: user=0.00 sys=0.00, real=0.02 secs] 
2024-10-12T19:05:15.868+0300: 766.148: Total time for which application threads were stopped: 0.0038881 seconds, Stopping threads took: 0.0001544 seconds
2024-10-12T19:05:16.654+0300: 766.934: Application time: 0.7859204 seconds
2024-10-12T19:05:16.654+0300: 766.934: [GC pause (G1 Evacuation Pause) (young), 0.0032433 secs]
   [Parallel Time: 1.7 ms, GC Workers: 6]
      [GC Worker Start (ms): Min: 766934.2, Avg: 766934.3, Max: 766934.3, Diff: 0.1]
      [Ext Root Scanning (ms): Min: 0.3, Avg: 0.3, Max: 0.3, Diff: 0.1, Sum: 1.9]
      [Update RS (ms): Min: 0.0, Avg: 0.1, Max: 0.1, Diff: 0.1, Sum: 0.5]
         [Processed Buffers: Min: 1, Avg: 2.2, Max: 6, Diff: 5, Sum: 13]
      [Scan RS (ms): Min: 0.2, Avg: 0.2, Max: 0.2, Diff: 0.0, Sum: 1.0]
      [Code Root Scanning (ms): Min: 0.0, Avg: 0.0, Max: 0.0, Diff: 0.0, Sum: 0.0]
      [Object Copy (ms): Min: 0.9, Avg: 1.0, Max: 1.0, Diff: 0.0, Sum: 5.8]
      [Termination (ms): Min: 0.0, Avg: 0.0, Max: 0.0, Diff: 0.0, Sum: 0.0]
         [Termination Attempts: Min: 1, Avg: 1.0, Max: 1, Diff: 0, Sum: 6]
      [GC Worker Other (ms): Min: 0.0, Avg: 0.1, Max: 0.1, Diff: 0.1, Sum: 0.5]
      [GC Worker Total (ms): Min: 1.6, Avg: 1.6, Max: 1.7, Diff: 0.1, Sum: 9.7]
      [GC Worker End (ms): Min: 766935.8, Avg: 766935.9, Max: 766935.9, Diff: 0.1]
   [Code Root Fixup: 0.0 ms]
   [Code Root Purge: 0.0 ms]
   [Clear CT: 0.5 ms]
   [Other: 1.0 ms]
      [Choose CSet: 0.0 ms]
      [Ref Proc: 0.1 ms]
      [Ref Enq: 0.0 ms]
      [Redirty Cards: 0.1 ms]
      [Humongous Register: 0.0 ms]
      [Humongous Reclaim: 0.0 ms]
      [Free CSet: 0.6 ms]
   [Eden: 2444.0M(2444.0M)->0.0B(2444.0M) Survivors: 12288.0K->12288.0K Heap: 2478.2M(4096.0M)->34559.2K(4096.0M)]
 [Times: user=0.00 sys=0.00, real=0.00 secs] 
2024-10-12T19:05:16.654+0300: 766.938: Total time for which application threads were stopped: 0.0036002 seconds, Stopping threads took: 0.0001383 seconds
2024-10-12T19:05:17.427+0300: 767.717: Application time: 0.7791856 seconds
2024-10-12T19:05:17.427+0300: 767.717: [GC pause (G1 Evacuation Pause) (young), 0.0035965 secs]
   [Parallel Time: 1.9 ms, GC Workers: 6]
      [GC Worker Start (ms): Min: 767717.1, Avg: 767717.2, Max: 767717.2, Diff: 0.0]
      [Ext Root Scanning (ms): Min: 0.3, Avg: 0.3, Max: 0.4, Diff: 0.0, Sum: 2.0]
      [Update RS (ms): Min: 0.0, Avg: 0.1, Max: 0.1, Diff: 0.1, Sum: 0.5]
         [Processed Buffers: Min: 1, Avg: 2.2, Max: 5, Diff: 4, Sum: 13]
      [Scan RS (ms): Min: 0.1, Avg: 0.2, Max: 0.2, Diff: 0.1, Sum: 1.0]
      [Code Root Scanning (ms): Min: 0.0, Avg: 0.0, Max: 0.0, Diff: 0.0, Sum: 0.0]
      [Object Copy (ms): Min: 1.1, Avg: 1.1, Max: 1.1, Diff: 0.0, Sum: 6.6]
      [Termination (ms): Min: 0.0, Avg: 0.0, Max: 0.0, Diff: 0.0, Sum: 0.0]
         [Termination Attempts: Min: 1, Avg: 1.0, Max: 1, Diff: 0, Sum: 6]
      [GC Worker Other (ms): Min: 0.0, Avg: 0.1, Max: 0.2, Diff: 0.1, Sum: 0.6]
      [GC Worker Total (ms): Min: 1.7, Avg: 1.8, Max: 1.9, Diff: 0.1, Sum: 10.7]
      [GC Worker End (ms): Min: 767718.9, Avg: 767718.9, Max: 767719.0, Diff: 0.1]
   [Code Root Fixup: 0.0 ms]
   [Code Root Purge: 0.0 ms]
   [Clear CT: 0.5 ms]
   [Other: 1.2 ms]
      [Choose CSet: 0.0 ms]
      [Ref Proc: 0.1 ms]
      [Ref Enq: 0.0 ms]
      [Redirty Cards: 0.1 ms]
      [Humongous Register: 0.1 ms]
      [Humongous Reclaim: 0.0 ms]
      [Free CSet: 0.7 ms]
   [Eden: 2444.0M(2444.0M)->0.0B(2446.0M) Survivors: 12288.0K->10240.0K Heap: 2477.7M(4096.0M)->32513.7K(4096.0M)]
 [Times: user=0.02 sys=0.00, real=0.01 secs] 
2024-10-12T19:05:17.439+0300: 767.721: Total time for which application threads were stopped: 0.0040546 seconds, Stopping threads took: 0.0001982 seconds
2024-10-12T19:05:18.207+0300: 768.497: Application time: 0.7764617 seconds
2024-10-12T19:05:18.207+0300: 768.498: [GC pause (G1 Evacuation Pause) (young), 0.0036078 secs]
   [Parallel Time: 1.9 ms, GC Workers: 6]
      [GC Worker Start (ms): Min: 768497.7, Avg: 768497.7, Max: 768497.7, Diff: 0.1]
      [Ext Root Scanning (ms): Min: 0.3, Avg: 0.4, Max: 0.4, Diff: 0.0, Sum: 2.1]
      [Update RS (ms): Min: 0.0, Avg: 0.1, Max: 0.1, Diff: 0.1, Sum: 0.5]
         [Processed Buffers: Min: 1, Avg: 2.2, Max: 4, Diff: 3, Sum: 13]
      [Scan RS (ms): Min: 0.2, Avg: 0.2, Max: 0.2, Diff: 0.0, Sum: 1.0]
      [Code Root Scanning (ms): Min: 0.0, Avg: 0.0, Max: 0.0, Diff: 0.0, Sum: 0.0]
      [Object Copy (ms): Min: 0.9, Avg: 1.0, Max: 1.0, Diff: 0.1, Sum: 5.9]
      [Termination (ms): Min: 0.0, Avg: 0.0, Max: 0.0, Diff: 0.0, Sum: 0.0]
         [Termination Attempts: Min: 1, Avg: 1.0, Max: 1, Diff: 0, Sum: 6]
      [GC Worker Other (ms): Min: 0.0, Avg: 0.1, Max: 0.1, Diff: 0.1, Sum: 0.4]
      [GC Worker Total (ms): Min: 1.6, Avg: 1.7, Max: 1.7, Diff: 0.1, Sum: 10.1]
      [GC Worker End (ms): Min: 768499.3, Avg: 768499.4, Max: 768499.4, Diff: 0.1]
   [Code Root Fixup: 0.0 ms]
   [Code Root Purge: 0.0 ms]
   [Clear CT: 0.5 ms]
   [Other: 1.2 ms]
      [Choose CSet: 0.0 ms]
      [Ref Proc: 0.2 ms]
      [Ref Enq: 0.0 ms]
      [Redirty Cards: 0.1 ms]
      [Humongous Register: 0.0 ms]
      [Humongous Reclaim: 0.0 ms]
      [Free CSet: 0.7 ms]
   [Eden: 2446.0M(2446.0M)->0.0B(2444.0M) Survivors: 10240.0K->12288.0K Heap: 2477.8M(4096.0M)->35588.2K(4096.0M)]
 [Times: user=0.00 sys=0.00, real=0.00 secs] 
2024-10-12T19:05:18.207+0300: 768.501: Total time for which application threads were stopped: 0.0040867 seconds, Stopping threads took: 0.0002061 seconds
2024-10-12T19:05:18.992+0300: 769.279: Application time: 0.7773817 seconds
2024-10-12T19:05:18.992+0300: 769.279: [GC pause (G1 Evacuation Pause) (young), 0.0039619 secs]
   [Parallel Time: 2.0 ms, GC Workers: 6]
      [GC Worker Start (ms): Min: 769279.2, Avg: 769279.2, Max: 769279.4, Diff: 0.3]
      [Ext Root Scanning (ms): Min: 0.1, Avg: 0.3, Max: 0.4, Diff: 0.3, Sum: 2.0]
      [Update RS (ms): Min: 0.0, Avg: 0.1, Max: 0.1, Diff: 0.1, Sum: 0.5]
         [Processed Buffers: Min: 1, Avg: 2.2, Max: 6, Diff: 5, Sum: 13]
      [Scan RS (ms): Min: 0.1, Avg: 0.2, Max: 0.2, Diff: 0.1, Sum: 1.0]
      [Code Root Scanning (ms): Min: 0.0, Avg: 0.0, Max: 0.0, Diff: 0.0, Sum: 0.0]
      [Object Copy (ms): Min: 1.0, Avg: 1.0, Max: 1.1, Diff: 0.1, Sum: 6.2]
      [Termination (ms): Min: 0.0, Avg: 0.0, Max: 0.0, Diff: 0.0, Sum: 0.0]
         [Termination Attempts: Min: 1, Avg: 3.3, Max: 6, Diff: 5, Sum: 20]
      [GC Worker Other (ms): Min: 0.0, Avg: 0.1, Max: 0.2, Diff: 0.2, Sum: 0.8]
      [GC Worker Total (ms): Min: 1.6, Avg: 1.8, Max: 1.9, Diff: 0.3, Sum: 10.6]
      [GC Worker End (ms): Min: 769280.9, Avg: 769281.0, Max: 769281.1, Diff: 0.2]
   [Code Root Fixup: 0.0 ms]
   [Code Root Purge: 0.0 ms]
   [Clear CT: 0.5 ms]
   [Other: 1.5 ms]
      [Choose CSet: 0.0 ms]
      [Ref Proc: 0.2 ms]
      [Ref Enq: 0.0 ms]
      [Redirty Cards: 0.1 ms]
      [Humongous Register: 0.1 ms]
      [Humongous Reclaim: 0.0 ms]
      [Free CSet: 0.9 ms]
   [Eden: 2444.0M(2444.0M)->0.0B(2444.0M) Survivors: 12288.0K->12288.0K Heap: 2478.8M(4096.0M)->34947.1K(4096.0M)]
 [Times: user=0.00 sys=0.00, real=0.00 secs] 
2024-10-12T19:05:18.992+0300: 769.283: Total time for which application threads were stopped: 0.0044398 seconds, Stopping threads took: 0.0001893 seconds
2024-10-12T19:05:19.761+0300: 770.056: Application time: 0.7724815 seconds
2024-10-12T19:05:19.761+0300: 770.056: [GC pause (G1 Evacuation Pause) (young), 0.0034059 secs]
   [Parallel Time: 1.9 ms, GC Workers: 6]
      [GC Worker Start (ms): Min: 770056.0, Avg: 770056.0, Max: 770056.2, Diff: 0.2]
      [Ext Root Scanning (ms): Min: 0.2, Avg: 0.3, Max: 0.4, Diff: 0.2, Sum: 2.1]
      [Update RS (ms): Min: 0.0, Avg: 0.1, Max: 0.1, Diff: 0.1, Sum: 0.5]
         [Processed Buffers: Min: 1, Avg: 2.2, Max: 7, Diff: 6, Sum: 13]
      [Scan RS (ms): Min: 0.1, Avg: 0.2, Max: 0.2, Diff: 0.0, Sum: 1.0]
      [Code Root Scanning (ms): Min: 0.0, Avg: 0.0, Max: 0.0, Diff: 0.0, Sum: 0.0]
      [Object Copy (ms): Min: 1.0, Avg: 1.1, Max: 1.1, Diff: 0.1, Sum: 6.4]
      [Termination (ms): Min: 0.0, Avg: 0.0, Max: 0.0, Diff: 0.0, Sum: 0.0]
         [Termination Attempts: Min: 1, Avg: 1.7, Max: 3, Diff: 2, Sum: 10]
      [GC Worker Other (ms): Min: 0.0, Avg: 0.1, Max: 0.1, Diff: 0.1, Sum: 0.5]
      [GC Worker Total (ms): Min: 1.6, Avg: 1.8, Max: 1.8, Diff: 0.2, Sum: 10.5]
      [GC Worker End (ms): Min: 770057.7, Avg: 770057.8, Max: 770057.8, Diff: 0.1]
   [Code Root Fixup: 0.0 ms]
   [Code Root Purge: 0.0 ms]
   [Clear CT: 0.5 ms]
   [Other: 1.0 ms]
      [Choose CSet: 0.0 ms]
      [Ref Proc: 0.1 ms]
      [Ref Enq: 0.0 ms]
      [Redirty Cards: 0.1 ms]
      [Humongous Register: 0.0 ms]
      [Humongous Reclaim: 0.0 ms]
      [Free CSet: 0.6 ms]
   [Eden: 2444.0M(2444.0M)->0.0B(2444.0M) Survivors: 12288.0K->12288.0K Heap: 2478.1M(4096.0M)->34569.2K(4096.0M)]
 [Times: user=0.00 sys=0.00, real=0.02 secs] 
2024-10-12T19:05:19.777+0300: 770.059: Total time for which application threads were stopped: 0.0037878 seconds, Stopping threads took: 0.0001551 seconds
2024-10-12T19:05:20.547+0300: 770.839: Application time: 0.7800310 seconds
2024-10-12T19:05:20.547+0300: 770.840: [GC pause (G1 Evacuation Pause) (young), 0.0034806 secs]
   [Parallel Time: 2.0 ms, GC Workers: 6]
      [GC Worker Start (ms): Min: 770839.9, Avg: 770839.9, Max: 770839.9, Diff: 0.1]
      [Ext Root Scanning (ms): Min: 0.3, Avg: 0.3, Max: 0.3, Diff: 0.1, Sum: 1.9]
      [Update RS (ms): Min: 0.0, Avg: 0.1, Max: 0.1, Diff: 0.1, Sum: 0.5]
         [Processed Buffers: Min: 1, Avg: 2.2, Max: 7, Diff: 6, Sum: 13]
      [Scan RS (ms): Min: 0.1, Avg: 0.2, Max: 0.2, Diff: 0.0, Sum: 1.0]
      [Code Root Scanning (ms): Min: 0.0, Avg: 0.0, Max: 0.0, Diff: 0.0, Sum: 0.0]
      [Object Copy (ms): Min: 1.2, Avg: 1.2, Max: 1.2, Diff: 0.0, Sum: 7.3]
      [Termination (ms): Min: 0.0, Avg: 0.0, Max: 0.1, Diff: 0.1, Sum: 0.2]
         [Termination Attempts: Min: 1, Avg: 1.2, Max: 2, Diff: 1, Sum: 7]
      [GC Worker Other (ms): Min: 0.0, Avg: 0.0, Max: 0.0, Diff: 0.0, Sum: 0.1]
      [GC Worker Total (ms): Min: 1.8, Avg: 1.8, Max: 1.9, Diff: 0.1, Sum: 11.0]
      [GC Worker End (ms): Min: 770841.7, Avg: 770841.7, Max: 770841.7, Diff: 0.0]
   [Code Root Fixup: 0.0 ms]
   [Code Root Purge: 0.0 ms]
   [Clear CT: 0.5 ms]
   [Other: 1.0 ms]
      [Choose CSet: 0.0 ms]
      [Ref Proc: 0.1 ms]
      [Ref Enq: 0.0 ms]
      [Redirty Cards: 0.1 ms]
      [Humongous Register: 0.0 ms]
      [Humongous Reclaim: 0.0 ms]
      [Free CSet: 0.6 ms]
   [Eden: 2444.0M(2444.0M)->0.0B(2444.0M) Survivors: 12288.0K->12288.0K Heap: 2477.8M(4096.0M)->34571.7K(4096.0M)]
 [Times: user=0.02 sys=0.00, real=0.02 secs] 
2024-10-12T19:05:20.562+0300: 770.843: Total time for which application threads were stopped: 0.0039312 seconds, Stopping threads took: 0.0002035 seconds
2024-10-12T19:05:21.337+0300: 771.621: Application time: 0.7772347 seconds
2024-10-12T19:05:21.337+0300: 771.621: [GC pause (G1 Evacuation Pause) (young), 0.0035334 secs]
   [Parallel Time: 1.7 ms, GC Workers: 6]
      [GC Worker Start (ms): Min: 771621.1, Avg: 771621.1, Max: 771621.1, Diff: 0.0]
      [Ext Root Scanning (ms): Min: 0.3, Avg: 0.3, Max: 0.4, Diff: 0.1, Sum: 2.0]
      [Update RS (ms): Min: 0.0, Avg: 0.1, Max: 0.1, Diff: 0.1, Sum: 0.5]
         [Processed Buffers: Min: 1, Avg: 2.2, Max: 7, Diff: 6, Sum: 13]
      [Scan RS (ms): Min: 0.2, Avg: 0.2, Max: 0.2, Diff: 0.0, Sum: 1.0]
      [Code Root Scanning (ms): Min: 0.0, Avg: 0.0, Max: 0.0, Diff: 0.0, Sum: 0.0]
      [Object Copy (ms): Min: 0.9, Avg: 0.9, Max: 0.9, Diff: 0.0, Sum: 5.6]
      [Termination (ms): Min: 0.0, Avg: 0.0, Max: 0.0, Diff: 0.0, Sum: 0.0]
         [Termination Attempts: Min: 1, Avg: 1.0, Max: 1, Diff: 0, Sum: 6]
      [GC Worker Other (ms): Min: 0.0, Avg: 0.1, Max: 0.1, Diff: 0.1, Sum: 0.4]
      [GC Worker Total (ms): Min: 1.5, Avg: 1.6, Max: 1.6, Diff: 0.1, Sum: 9.5]
      [GC Worker End (ms): Min: 771622.6, Avg: 771622.7, Max: 771622.7, Diff: 0.1]
   [Code Root Fixup: 0.0 ms]
   [Code Root Purge: 0.0 ms]
   [Clear CT: 0.5 ms]
   [Other: 1.2 ms]
      [Choose CSet: 0.0 ms]
      [Ref Proc: 0.2 ms]
      [Ref Enq: 0.0 ms]
      [Redirty Cards: 0.1 ms]
      [Humongous Register: 0.0 ms]
      [Humongous Reclaim: 0.0 ms]
      [Free CSet: 0.7 ms]
   [Eden: 2444.0M(2444.0M)->0.0B(2444.0M) Survivors: 12288.0K->12288.0K Heap: 2477.8M(4096.0M)->34574.2K(4096.0M)]
 [Times: user=0.00 sys=0.00, real=0.00 secs] 
2024-10-12T19:05:21.337+0300: 771.625: Total time for which application threads were stopped: 0.0040194 seconds, Stopping threads took: 0.0002158 seconds
2024-10-12T19:05:22.117+0300: 772.402: Application time: 0.7770614 seconds
2024-10-12T19:05:22.117+0300: 772.402: [GC pause (G1 Evacuation Pause) (young), 0.0047581 secs]
   [Parallel Time: 3.0 ms, GC Workers: 6]
      [GC Worker Start (ms): Min: 772402.1, Avg: 772402.1, Max: 772402.2, Diff: 0.1]
      [Ext Root Scanning (ms): Min: 0.3, Avg: 0.3, Max: 0.3, Diff: 0.1, Sum: 1.9]
      [Update RS (ms): Min: 0.0, Avg: 0.1, Max: 0.1, Diff: 0.0, Sum: 0.5]
         [Processed Buffers: Min: 1, Avg: 2.2, Max: 8, Diff: 7, Sum: 13]
      [Scan RS (ms): Min: 0.1, Avg: 0.2, Max: 0.2, Diff: 0.1, Sum: 1.0]
      [Code Root Scanning (ms): Min: 0.0, Avg: 0.0, Max: 0.0, Diff: 0.0, Sum: 0.0]
      [Object Copy (ms): Min: 2.1, Avg: 2.2, Max: 2.2, Diff: 0.1, Sum: 12.9]
      [Termination (ms): Min: 0.0, Avg: 0.0, Max: 0.0, Diff: 0.0, Sum: 0.0]
         [Termination Attempts: Min: 1, Avg: 1.0, Max: 1, Diff: 0, Sum: 6]
      [GC Worker Other (ms): Min: 0.0, Avg: 0.1, Max: 0.2, Diff: 0.2, Sum: 0.7]
      [GC Worker Total (ms): Min: 2.8, Avg: 2.9, Max: 3.0, Diff: 0.2, Sum: 17.1]
      [GC Worker End (ms): Min: 772404.9, Avg: 772405.0, Max: 772405.1, Diff: 0.2]
   [Code Root Fixup: 0.0 ms]
   [Code Root Purge: 0.0 ms]
   [Clear CT: 0.6 ms]
   [Other: 1.1 ms]
      [Choose CSet: 0.0 ms]
      [Ref Proc: 0.2 ms]
      [Ref Enq: 0.0 ms]
      [Redirty Cards: 0.1 ms]
      [Humongous Register: 0.0 ms]
      [Humongous Reclaim: 0.0 ms]
      [Free CSet: 0.7 ms]
   [Eden: 2444.0M(2444.0M)->0.0B(2444.0M) Survivors: 12288.0K->12288.0K Heap: 2477.8M(4096.0M)->35822.2K(4096.0M)]
 [Times: user=0.00 sys=0.00, real=0.00 secs] 
2024-10-12T19:05:22.117+0300: 772.407: Total time for which application threads were stopped: 0.0052021 seconds, Stopping threads took: 0.0002115 seconds
2024-10-12T19:05:22.886+0300: 773.179: Application time: 0.7722168 seconds
2024-10-12T19:05:22.886+0300: 773.179: [GC pause (G1 Evacuation Pause) (young), 0.0038510 secs]
   [Parallel Time: 2.3 ms, GC Workers: 6]
      [GC Worker Start (ms): Min: 773179.5, Avg: 773179.5, Max: 773179.5, Diff: 0.1]
      [Ext Root Scanning (ms): Min: 0.3, Avg: 0.3, Max: 0.4, Diff: 0.1, Sum: 2.0]
      [Update RS (ms): Min: 0.2, Avg: 0.3, Max: 0.3, Diff: 0.1, Sum: 1.7]
         [Processed Buffers: Min: 1, Avg: 2.7, Max: 7, Diff: 6, Sum: 16]
      [Scan RS (ms): Min: 0.1, Avg: 0.2, Max: 0.2, Diff: 0.1, Sum: 1.0]
      [Code Root Scanning (ms): Min: 0.0, Avg: 0.0, Max: 0.0, Diff: 0.0, Sum: 0.0]
      [Object Copy (ms): Min: 1.3, Avg: 1.3, Max: 1.3, Diff: 0.1, Sum: 7.9]
      [Termination (ms): Min: 0.0, Avg: 0.0, Max: 0.0, Diff: 0.0, Sum: 0.0]
         [Termination Attempts: Min: 1, Avg: 1.3, Max: 2, Diff: 1, Sum: 8]
      [GC Worker Other (ms): Min: 0.0, Avg: 0.1, Max: 0.1, Diff: 0.1, Sum: 0.6]
      [GC Worker Total (ms): Min: 2.1, Avg: 2.2, Max: 2.2, Diff: 0.1, Sum: 13.2]
      [GC Worker End (ms): Min: 773181.6, Avg: 773181.7, Max: 773181.7, Diff: 0.1]
   [Code Root Fixup: 0.0 ms]
   [Code Root Purge: 0.0 ms]
   [Clear CT: 0.5 ms]
   [Other: 1.1 ms]
      [Choose CSet: 0.0 ms]
      [Ref Proc: 0.1 ms]
      [Ref Enq: 0.0 ms]
      [Redirty Cards: 0.1 ms]
      [Humongous Register: 0.0 ms]
      [Humongous Reclaim: 0.0 ms]
      [Free CSet: 0.7 ms]
   [Eden: 2444.0M(2444.0M)->0.0B(2446.0M) Survivors: 12288.0K->10240.0K Heap: 2479.0M(4096.0M)->34214.7K(4096.0M)]
 [Times: user=0.01 sys=0.00, real=0.02 secs] 
2024-10-12T19:05:22.902+0300: 773.183: Total time for which application threads were stopped: 0.0042324 seconds, Stopping threads took: 0.0001513 seconds
2024-10-12T19:05:23.672+0300: 773.965: Application time: 0.7813063 seconds
2024-10-12T19:05:23.672+0300: 773.965: [GC pause (G1 Evacuation Pause) (young), 0.0033727 secs]
   [Parallel Time: 1.6 ms, GC Workers: 6]
      [GC Worker Start (ms): Min: 773965.0, Avg: 773965.0, Max: 773965.1, Diff: 0.1]
      [Ext Root Scanning (ms): Min: 0.3, Avg: 0.3, Max: 0.4, Diff: 0.1, Sum: 2.0]
      [Update RS (ms): Min: 0.1, Avg: 0.1, Max: 0.1, Diff: 0.0, Sum: 0.7]
         [Processed Buffers: Min: 1, Avg: 2.2, Max: 4, Diff: 3, Sum: 13]
      [Scan RS (ms): Min: 0.2, Avg: 0.2, Max: 0.2, Diff: 0.0, Sum: 1.1]
      [Code Root Scanning (ms): Min: 0.0, Avg: 0.0, Max: 0.0, Diff: 0.0, Sum: 0.0]
      [Object Copy (ms): Min: 0.7, Avg: 0.8, Max: 0.8, Diff: 0.1, Sum: 4.5]
      [Termination (ms): Min: 0.0, Avg: 0.1, Max: 0.1, Diff: 0.1, Sum: 0.6]
         [Termination Attempts: Min: 1, Avg: 1.0, Max: 1, Diff: 0, Sum: 6]
      [GC Worker Other (ms): Min: 0.0, Avg: 0.0, Max: 0.0, Diff: 0.0, Sum: 0.1]
      [GC Worker Total (ms): Min: 1.5, Avg: 1.5, Max: 1.6, Diff: 0.1, Sum: 9.2]
      [GC Worker End (ms): Min: 773966.5, Avg: 773966.6, Max: 773966.6, Diff: 0.0]
   [Code Root Fixup: 0.0 ms]
   [Code Root Purge: 0.0 ms]
   [Clear CT: 0.5 ms]
   [Other: 1.2 ms]
      [Choose CSet: 0.0 ms]
      [Ref Proc: 0.2 ms]
      [Ref Enq: 0.0 ms]
      [Redirty Cards: 0.1 ms]
      [Humongous Register: 0.0 ms]
      [Humongous Reclaim: 0.0 ms]
      [Free CSet: 0.7 ms]
   [Eden: 2446.0M(2446.0M)->0.0B(2448.0M) Survivors: 10240.0K->8192.0K Heap: 2479.4M(4096.0M)->32189.7K(4096.0M)]
 [Times: user=0.02 sys=0.00, real=0.02 secs] 
2024-10-12T19:05:23.687+0300: 773.968: Total time for which application threads were stopped: 0.0037379 seconds, Stopping threads took: 0.0001457 seconds
2024-10-12T19:05:24.472+0300: 774.754: Application time: 0.7855255 seconds
2024-10-12T19:05:24.472+0300: 774.754: [GC pause (G1 Evacuation Pause) (young), 0.0032799 secs]
   [Parallel Time: 1.7 ms, GC Workers: 6]
      [GC Worker Start (ms): Min: 774754.3, Avg: 774754.4, Max: 774754.4, Diff: 0.0]
      [Ext Root Scanning (ms): Min: 0.3, Avg: 0.3, Max: 0.3, Diff: 0.0, Sum: 1.9]
      [Update RS (ms): Min: 0.1, Avg: 0.1, Max: 0.1, Diff: 0.0, Sum: 0.6]
         [Processed Buffers: Min: 1, Avg: 2.2, Max: 4, Diff: 3, Sum: 13]
      [Scan RS (ms): Min: 0.2, Avg: 0.2, Max: 0.2, Diff: 0.0, Sum: 1.0]
      [Code Root Scanning (ms): Min: 0.0, Avg: 0.0, Max: 0.0, Diff: 0.0, Sum: 0.0]
      [Object Copy (ms): Min: 0.8, Avg: 0.8, Max: 0.8, Diff: 0.0, Sum: 4.6]
      [Termination (ms): Min: 0.0, Avg: 0.0, Max: 0.0, Diff: 0.0, Sum: 0.0]
         [Termination Attempts: Min: 1, Avg: 3.0, Max: 6, Diff: 5, Sum: 18]
      [GC Worker Other (ms): Min: 0.0, Avg: 0.2, Max: 0.2, Diff: 0.2, Sum: 0.9]
      [GC Worker Total (ms): Min: 1.4, Avg: 1.5, Max: 1.6, Diff: 0.2, Sum: 9.2]
      [GC Worker End (ms): Min: 774755.8, Avg: 774755.9, Max: 774756.0, Diff: 0.2]
   [Code Root Fixup: 0.0 ms]
   [Code Root Purge: 0.0 ms]
   [Clear CT: 0.4 ms]
   [Other: 1.1 ms]
      [Choose CSet: 0.0 ms]
      [Ref Proc: 0.1 ms]
      [Ref Enq: 0.0 ms]
      [Redirty Cards: 0.1 ms]
      [Humongous Register: 0.1 ms]
      [Humongous Reclaim: 0.0 ms]
      [Free CSet: 0.7 ms]
   [Eden: 2448.0M(2448.0M)->0.0B(2448.0M) Survivors: 8192.0K->8192.0K Heap: 2479.4M(4096.0M)->32180.9K(4096.0M)]
 [Times: user=0.00 sys=0.00, real=0.00 secs] 
2024-10-12T19:05:24.472+0300: 774.758: Total time for which application threads were stopped: 0.0037297 seconds, Stopping threads took: 0.0001593 seconds
2024-10-12T19:05:25.258+0300: 775.540: Application time: 0.7823732 seconds
2024-10-12T19:05:25.258+0300: 775.540: [GC pause (G1 Evacuation Pause) (young), 0.0033330 secs]
   [Parallel Time: 1.7 ms, GC Workers: 6]
      [GC Worker Start (ms): Min: 775540.4, Avg: 775540.4, Max: 775540.5, Diff: 0.1]
      [Ext Root Scanning (ms): Min: 0.3, Avg: 0.3, Max: 0.4, Diff: 0.1, Sum: 2.0]
      [Update RS (ms): Min: 0.1, Avg: 0.1, Max: 0.1, Diff: 0.1, Sum: 0.6]
         [Processed Buffers: Min: 1, Avg: 2.2, Max: 4, Diff: 3, Sum: 13]
      [Scan RS (ms): Min: 0.2, Avg: 0.2, Max: 0.2, Diff: 0.0, Sum: 1.0]
      [Code Root Scanning (ms): Min: 0.0, Avg: 0.0, Max: 0.0, Diff: 0.0, Sum: 0.0]
      [Object Copy (ms): Min: 0.8, Avg: 0.8, Max: 0.8, Diff: 0.0, Sum: 4.6]
      [Termination (ms): Min: 0.0, Avg: 0.0, Max: 0.0, Diff: 0.0, Sum: 0.0]
         [Termination Attempts: Min: 1, Avg: 1.0, Max: 1, Diff: 0, Sum: 6]
      [GC Worker Other (ms): Min: 0.0, Avg: 0.1, Max: 0.2, Diff: 0.2, Sum: 0.8]
      [GC Worker Total (ms): Min: 1.4, Avg: 1.5, Max: 1.6, Diff: 0.2, Sum: 9.1]
      [GC Worker End (ms): Min: 775541.9, Avg: 775541.9, Max: 775542.0, Diff: 0.2]
   [Code Root Fixup: 0.0 ms]
   [Code Root Purge: 0.0 ms]
   [Clear CT: 0.5 ms]
   [Other: 1.1 ms]
      [Choose CSet: 0.0 ms]
      [Ref Proc: 0.1 ms]
      [Ref Enq: 0.0 ms]
      [Redirty Cards: 0.1 ms]
      [Humongous Register: 0.0 ms]
      [Humongous Reclaim: 0.0 ms]
      [Free CSet: 0.7 ms]
   [Eden: 2448.0M(2448.0M)->0.0B(2448.0M) Survivors: 8192.0K->8192.0K Heap: 2479.4M(4096.0M)->33106.2K(4096.0M)]
 [Times: user=0.00 sys=0.00, real=0.00 secs] 
2024-10-12T19:05:25.258+0300: 775.544: Total time for which application threads were stopped: 0.0037380 seconds, Stopping threads took: 0.0001594 seconds
2024-10-12T19:05:26.042+0300: 776.322: Application time: 0.7777383 seconds
2024-10-12T19:05:26.042+0300: 776.322: [GC pause (G1 Evacuation Pause) (young), 0.0040477 secs]
   [Parallel Time: 2.1 ms, GC Workers: 6]
      [GC Worker Start (ms): Min: 776321.9, Avg: 776321.9, Max: 776322.0, Diff: 0.0]
      [Ext Root Scanning (ms): Min: 0.3, Avg: 0.3, Max: 0.3, Diff: 0.0, Sum: 1.9]
      [Update RS (ms): Min: 0.1, Avg: 0.1, Max: 0.1, Diff: 0.0, Sum: 0.6]
         [Processed Buffers: Min: 1, Avg: 2.2, Max: 4, Diff: 3, Sum: 13]
      [Scan RS (ms): Min: 0.2, Avg: 0.2, Max: 0.2, Diff: 0.0, Sum: 1.0]
      [Code Root Scanning (ms): Min: 0.0, Avg: 0.0, Max: 0.0, Diff: 0.0, Sum: 0.0]
      [Object Copy (ms): Min: 1.3, Avg: 1.3, Max: 1.3, Diff: 0.1, Sum: 7.8]
      [Termination (ms): Min: 0.0, Avg: 0.0, Max: 0.0, Diff: 0.0, Sum: 0.0]
         [Termination Attempts: Min: 1, Avg: 1.0, Max: 1, Diff: 0, Sum: 6]
      [GC Worker Other (ms): Min: 0.0, Avg: 0.1, Max: 0.2, Diff: 0.1, Sum: 0.5]
      [GC Worker Total (ms): Min: 1.9, Avg: 2.0, Max: 2.1, Diff: 0.2, Sum: 11.9]
      [GC Worker End (ms): Min: 776323.9, Avg: 776323.9, Max: 776324.0, Diff: 0.1]
   [Code Root Fixup: 0.0 ms]
   [Code Root Purge: 0.0 ms]
   [Clear CT: 0.6 ms]
   [Other: 1.3 ms]
      [Choose CSet: 0.0 ms]
      [Ref Proc: 0.2 ms]
      [Ref Enq: 0.0 ms]
      [Redirty Cards: 0.1 ms]
      [Humongous Register: 0.0 ms]
      [Humongous Reclaim: 0.0 ms]
      [Free CSet: 0.7 ms]
   [Eden: 2448.0M(2448.0M)->0.0B(2444.0M) Survivors: 8192.0K->12288.0K Heap: 2480.3M(4096.0M)->37258.6K(4096.0M)]
 [Times: user=0.00 sys=0.00, real=0.00 secs] 
2024-10-12T19:05:26.042+0300: 776.326: Total time for which application threads were stopped: 0.0044909 seconds, Stopping threads took: 0.0001846 seconds
2024-10-12T19:05:26.812+0300: 777.099: Application time: 0.7729866 seconds
2024-10-12T19:05:26.812+0300: 777.099: [GC pause (G1 Evacuation Pause) (young), 0.0030702 secs]
   [Parallel Time: 1.5 ms, GC Workers: 6]
      [GC Worker Start (ms): Min: 777099.3, Avg: 777099.4, Max: 777099.4, Diff: 0.1]
      [Ext Root Scanning (ms): Min: 0.3, Avg: 0.3, Max: 0.4, Diff: 0.1, Sum: 2.0]
      [Update RS (ms): Min: 0.1, Avg: 0.1, Max: 0.1, Diff: 0.1, Sum: 0.6]
         [Processed Buffers: Min: 1, Avg: 2.2, Max: 3, Diff: 2, Sum: 13]
      [Scan RS (ms): Min: 0.1, Avg: 0.2, Max: 0.2, Diff: 0.1, Sum: 1.1]
      [Code Root Scanning (ms): Min: 0.0, Avg: 0.0, Max: 0.0, Diff: 0.0, Sum: 0.0]
      [Object Copy (ms): Min: 0.7, Avg: 0.7, Max: 0.7, Diff: 0.0, Sum: 4.3]
      [Termination (ms): Min: 0.0, Avg: 0.0, Max: 0.0, Diff: 0.0, Sum: 0.0]
         [Termination Attempts: Min: 1, Avg: 1.0, Max: 1, Diff: 0, Sum: 6]
      [GC Worker Other (ms): Min: 0.0, Avg: 0.1, Max: 0.1, Diff: 0.1, Sum: 0.5]
      [GC Worker Total (ms): Min: 1.3, Avg: 1.4, Max: 1.5, Diff: 0.1, Sum: 8.6]
      [GC Worker End (ms): Min: 777100.7, Avg: 777100.8, Max: 777100.8, Diff: 0.1]
   [Code Root Fixup: 0.0 ms]
   [Code Root Purge: 0.0 ms]
   [Clear CT: 0.5 ms]
   [Other: 1.0 ms]
      [Choose CSet: 0.0 ms]
      [Ref Proc: 0.1 ms]
      [Ref Enq: 0.0 ms]
      [Redirty Cards: 0.1 ms]
      [Humongous Register: 0.0 ms]
      [Humongous Reclaim: 0.0 ms]
      [Free CSet: 0.6 ms]
   [Eden: 2444.0M(2444.0M)->0.0B(2450.0M) Survivors: 12288.0K->6144.0K Heap: 2480.4M(4096.0M)->31179.2K(4096.0M)]
 [Times: user=0.00 sys=0.00, real=0.00 secs] 
2024-10-12T19:05:26.812+0300: 777.102: Total time for which application threads were stopped: 0.0034350 seconds, Stopping threads took: 0.0001441 seconds
2024-10-12T19:05:27.597+0300: 777.887: Application time: 0.7849594 seconds
2024-10-12T19:05:27.597+0300: 777.888: [GC pause (G1 Evacuation Pause) (young), 0.0031467 secs]
   [Parallel Time: 1.6 ms, GC Workers: 6]
      [GC Worker Start (ms): Min: 777887.7, Avg: 777887.8, Max: 777887.8, Diff: 0.0]
      [Ext Root Scanning (ms): Min: 0.3, Avg: 0.3, Max: 0.4, Diff: 0.1, Sum: 2.0]
      [Update RS (ms): Min: 0.1, Avg: 0.1, Max: 0.1, Diff: 0.0, Sum: 0.6]
         [Processed Buffers: Min: 1, Avg: 2.2, Max: 3, Diff: 2, Sum: 13]
      [Scan RS (ms): Min: 0.1, Avg: 0.2, Max: 0.2, Diff: 0.1, Sum: 1.0]
      [Code Root Scanning (ms): Min: 0.0, Avg: 0.0, Max: 0.0, Diff: 0.0, Sum: 0.0]
      [Object Copy (ms): Min: 0.8, Avg: 0.8, Max: 0.8, Diff: 0.1, Sum: 4.8]
      [Termination (ms): Min: 0.0, Avg: 0.0, Max: 0.0, Diff: 0.0, Sum: 0.0]
         [Termination Attempts: Min: 1, Avg: 1.0, Max: 1, Diff: 0, Sum: 6]
      [GC Worker Other (ms): Min: 0.0, Avg: 0.1, Max: 0.1, Diff: 0.1, Sum: 0.5]
      [GC Worker Total (ms): Min: 1.4, Avg: 1.5, Max: 1.6, Diff: 0.1, Sum: 9.0]
      [GC Worker End (ms): Min: 777889.2, Avg: 777889.3, Max: 777889.3, Diff: 0.1]
   [Code Root Fixup: 0.0 ms]
   [Code Root Purge: 0.0 ms]
   [Clear CT: 0.5 ms]
   [Other: 1.0 ms]
      [Choose CSet: 0.0 ms]
      [Ref Proc: 0.1 ms]
      [Ref Enq: 0.0 ms]
      [Redirty Cards: 0.1 ms]
      [Humongous Register: 0.0 ms]
      [Humongous Reclaim: 0.0 ms]
      [Free CSet: 0.6 ms]
   [Eden: 2450.0M(2450.0M)->0.0B(2446.0M) Survivors: 6144.0K->10240.0K Heap: 2480.4M(4096.0M)->35185.2K(4096.0M)]
 [Times: user=0.00 sys=0.00, real=0.00 secs] 
2024-10-12T19:05:27.597+0300: 777.891: Total time for which application threads were stopped: 0.0035185 seconds, Stopping threads took: 0.0001560 seconds
2024-10-12T19:05:28.383+0300: 778.672: Application time: 0.7809340 seconds
2024-10-12T19:05:28.383+0300: 778.672: [GC pause (G1 Evacuation Pause) (young), 0.0032570 secs]
   [Parallel Time: 1.6 ms, GC Workers: 6]
      [GC Worker Start (ms): Min: 778672.4, Avg: 778672.4, Max: 778672.4, Diff: 0.1]
      [Ext Root Scanning (ms): Min: 0.3, Avg: 0.3, Max: 0.4, Diff: 0.1, Sum: 2.0]
      [Update RS (ms): Min: 0.0, Avg: 0.1, Max: 0.1, Diff: 0.1, Sum: 0.6]
         [Processed Buffers: Min: 0, Avg: 2.2, Max: 3, Diff: 3, Sum: 13]
      [Scan RS (ms): Min: 0.2, Avg: 0.2, Max: 0.2, Diff: 0.0, Sum: 1.0]
      [Code Root Scanning (ms): Min: 0.0, Avg: 0.0, Max: 0.0, Diff: 0.0, Sum: 0.0]
      [Object Copy (ms): Min: 0.7, Avg: 0.8, Max: 0.8, Diff: 0.1, Sum: 4.5]
      [Termination (ms): Min: 0.0, Avg: 0.0, Max: 0.0, Diff: 0.0, Sum: 0.0]
         [Termination Attempts: Min: 1, Avg: 1.3, Max: 2, Diff: 1, Sum: 8]
      [GC Worker Other (ms): Min: 0.0, Avg: 0.1, Max: 0.1, Diff: 0.1, Sum: 0.4]
      [GC Worker Total (ms): Min: 1.4, Avg: 1.4, Max: 1.5, Diff: 0.1, Sum: 8.7]
      [GC Worker End (ms): Min: 778673.8, Avg: 778673.8, Max: 778673.9, Diff: 0.1]
   [Code Root Fixup: 0.0 ms]
   [Code Root Purge: 0.0 ms]
   [Clear CT: 0.5 ms]
   [Other: 1.2 ms]
      [Choose CSet: 0.0 ms]
      [Ref Proc: 0.1 ms]
      [Ref Enq: 0.0 ms]
      [Redirty Cards: 0.1 ms]
      [Humongous Register: 0.1 ms]
      [Humongous Reclaim: 0.0 ms]
      [Free CSet: 0.7 ms]
   [Eden: 2446.0M(2446.0M)->0.0B(2448.0M) Survivors: 10240.0K->8192.0K Heap: 2480.4M(4096.0M)->33186.9K(4096.0M)]
 [Times: user=0.00 sys=0.00, real=0.00 secs] 
2024-10-12T19:05:28.383+0300: 778.676: Total time for which application threads were stopped: 0.0037856 seconds, Stopping threads took: 0.0002553 seconds
2024-10-12T19:05:29.167+0300: 779.459: Application time: 0.7835388 seconds
2024-10-12T19:05:29.167+0300: 779.460: [GC pause (G1 Evacuation Pause) (young), 0.0035019 secs]
   [Parallel Time: 1.7 ms, GC Workers: 6]
      [GC Worker Start (ms): Min: 779459.6, Avg: 779459.7, Max: 779459.7, Diff: 0.1]
      [Ext Root Scanning (ms): Min: 0.3, Avg: 0.3, Max: 0.4, Diff: 0.0, Sum: 2.0]
      [Update RS (ms): Min: 0.1, Avg: 0.1, Max: 0.1, Diff: 0.1, Sum: 0.6]
         [Processed Buffers: Min: 1, Avg: 2.2, Max: 3, Diff: 2, Sum: 13]
      [Scan RS (ms): Min: 0.2, Avg: 0.2, Max: 0.2, Diff: 0.0, Sum: 1.0]
      [Code Root Scanning (ms): Min: 0.0, Avg: 0.0, Max: 0.0, Diff: 0.0, Sum: 0.0]
      [Object Copy (ms): Min: 0.7, Avg: 0.8, Max: 0.8, Diff: 0.1, Sum: 4.7]
      [Termination (ms): Min: 0.0, Avg: 0.0, Max: 0.0, Diff: 0.0, Sum: 0.0]
         [Termination Attempts: Min: 1, Avg: 2.2, Max: 3, Diff: 2, Sum: 13]
      [GC Worker Other (ms): Min: 0.0, Avg: 0.1, Max: 0.2, Diff: 0.2, Sum: 0.7]
      [GC Worker Total (ms): Min: 1.4, Avg: 1.5, Max: 1.6, Diff: 0.2, Sum: 9.1]
      [GC Worker End (ms): Min: 779461.1, Avg: 779461.2, Max: 779461.3, Diff: 0.2]
   [Code Root Fixup: 0.0 ms]
   [Code Root Purge: 0.0 ms]
   [Clear CT: 0.5 ms]
   [Other: 1.2 ms]
      [Choose CSet: 0.0 ms]
      [Ref Proc: 0.1 ms]
      [Ref Enq: 0.0 ms]
      [Redirty Cards: 0.1 ms]
      [Humongous Register: 0.1 ms]
      [Humongous Reclaim: 0.0 ms]
      [Free CSet: 0.8 ms]
   [Eden: 2448.0M(2448.0M)->0.0B(2446.0M) Survivors: 8192.0K->10240.0K Heap: 2480.4M(4096.0M)->34184.2K(4096.0M)]
 [Times: user=0.00 sys=0.00, real=0.02 secs] 
2024-10-12T19:05:29.183+0300: 779.463: Total time for which application threads were stopped: 0.0039583 seconds, Stopping threads took: 0.0002106 seconds
2024-10-12T19:05:29.959+0300: 780.241: Application time: 0.7777319 seconds
2024-10-12T19:05:29.959+0300: 780.241: [GC pause (G1 Evacuation Pause) (young), 0.0042514 secs]
   [Parallel Time: 2.4 ms, GC Workers: 6]
      [GC Worker Start (ms): Min: 780241.2, Avg: 780241.4, Max: 780242.0, Diff: 0.8]
      [Ext Root Scanning (ms): Min: 0.1, Avg: 0.5, Max: 0.7, Diff: 0.6, Sum: 2.8]
      [Update RS (ms): Min: 0.0, Avg: 0.1, Max: 0.3, Diff: 0.3, Sum: 0.6]
         [Processed Buffers: Min: 0, Avg: 2.2, Max: 7, Diff: 7, Sum: 13]
      [Scan RS (ms): Min: 0.0, Avg: 0.2, Max: 0.2, Diff: 0.2, Sum: 1.1]
      [Code Root Scanning (ms): Min: 0.0, Avg: 0.0, Max: 0.0, Diff: 0.0, Sum: 0.0]
      [Object Copy (ms): Min: 1.2, Avg: 1.3, Max: 1.3, Diff: 0.1, Sum: 7.8]
      [Termination (ms): Min: 0.0, Avg: 0.0, Max: 0.1, Diff: 0.1, Sum: 0.2]
         [Termination Attempts: Min: 1, Avg: 1.3, Max: 2, Diff: 1, Sum: 8]
      [GC Worker Other (ms): Min: 0.0, Avg: 0.1, Max: 0.3, Diff: 0.2, Sum: 0.6]
      [GC Worker Total (ms): Min: 1.5, Avg: 2.2, Max: 2.4, Diff: 0.8, Sum: 13.1]
      [GC Worker End (ms): Min: 780243.5, Avg: 780243.5, Max: 780243.6, Diff: 0.1]
   [Code Root Fixup: 0.0 ms]
   [Code Root Purge: 0.0 ms]
   [Clear CT: 0.5 ms]
   [Other: 1.3 ms]
      [Choose CSet: 0.0 ms]
      [Ref Proc: 0.1 ms]
      [Ref Enq: 0.0 ms]
      [Redirty Cards: 0.1 ms]
      [Humongous Register: 0.1 ms]
      [Humongous Reclaim: 0.0 ms]
      [Free CSet: 0.8 ms]
   [Eden: 2446.0M(2446.0M)->0.0B(2446.0M) Survivors: 10240.0K->10240.0K Heap: 2479.4M(4096.0M)->35122.2K(4096.0M)]
 [Times: user=0.00 sys=0.00, real=0.00 secs] 
2024-10-12T19:05:29.959+0300: 780.245: Total time for which application threads were stopped: 0.0045984 seconds, Stopping threads took: 0.0001087 seconds
2024-10-12T19:05:30.738+0300: 781.022: Application time: 0.7766277 seconds
2024-10-12T19:05:30.738+0300: 781.022: [GC pause (G1 Evacuation Pause) (young), 0.0032280 secs]
   [Parallel Time: 1.7 ms, GC Workers: 6]
      [GC Worker Start (ms): Min: 781022.5, Avg: 781022.6, Max: 781022.9, Diff: 0.4]
      [Ext Root Scanning (ms): Min: 0.0, Avg: 0.3, Max: 0.4, Diff: 0.4, Sum: 1.9]
      [Update RS (ms): Min: 0.0, Avg: 0.1, Max: 0.1, Diff: 0.1, Sum: 0.6]
         [Processed Buffers: Min: 0, Avg: 1.8, Max: 4, Diff: 4, Sum: 11]
      [Scan RS (ms): Min: 0.0, Avg: 0.2, Max: 0.2, Diff: 0.2, Sum: 1.0]
      [Code Root Scanning (ms): Min: 0.0, Avg: 0.0, Max: 0.0, Diff: 0.0, Sum: 0.0]
      [Object Copy (ms): Min: 0.8, Avg: 0.9, Max: 1.1, Diff: 0.3, Sum: 5.3]
      [Termination (ms): Min: 0.0, Avg: 0.0, Max: 0.0, Diff: 0.0, Sum: 0.0]
         [Termination Attempts: Min: 1, Avg: 1.5, Max: 2, Diff: 1, Sum: 9]
      [GC Worker Other (ms): Min: 0.0, Avg: 0.1, Max: 0.1, Diff: 0.1, Sum: 0.4]
      [GC Worker Total (ms): Min: 1.2, Avg: 1.6, Max: 1.7, Diff: 0.5, Sum: 9.3]
      [GC Worker End (ms): Min: 781024.1, Avg: 781024.1, Max: 781024.2, Diff: 0.1]
   [Code Root Fixup: 0.0 ms]
   [Code Root Purge: 0.0 ms]
   [Clear CT: 0.5 ms]
   [Other: 1.0 ms]
      [Choose CSet: 0.0 ms]
      [Ref Proc: 0.1 ms]
      [Ref Enq: 0.0 ms]
      [Redirty Cards: 0.1 ms]
      [Humongous Register: 0.0 ms]
      [Humongous Reclaim: 0.0 ms]
      [Free CSet: 0.6 ms]
   [Eden: 2446.0M(2446.0M)->0.0B(2446.0M) Survivors: 10240.0K->10240.0K Heap: 2480.3M(4096.0M)->34226.3K(4096.0M)]
 [Times: user=0.00 sys=0.00, real=0.00 secs] 
2024-10-12T19:05:30.738+0300: 781.026: Total time for which application threads were stopped: 0.0036067 seconds, Stopping threads took: 0.0001422 seconds
2024-10-12T19:05:31.523+0300: 781.805: Application time: 0.7793316 seconds
2024-10-12T19:05:31.523+0300: 781.805: [GC pause (G1 Evacuation Pause) (young), 0.0031391 secs]
   [Parallel Time: 1.6 ms, GC Workers: 6]
      [GC Worker Start (ms): Min: 781805.4, Avg: 781805.5, Max: 781805.6, Diff: 0.1]
      [Ext Root Scanning (ms): Min: 0.2, Avg: 0.3, Max: 0.4, Diff: 0.1, Sum: 2.0]
      [Update RS (ms): Min: 0.1, Avg: 0.1, Max: 0.1, Diff: 0.1, Sum: 0.6]
         [Processed Buffers: Min: 1, Avg: 2.2, Max: 3, Diff: 2, Sum: 13]
      [Scan RS (ms): Min: 0.2, Avg: 0.2, Max: 0.2, Diff: 0.0, Sum: 1.0]
      [Code Root Scanning (ms): Min: 0.0, Avg: 0.0, Max: 0.0, Diff: 0.0, Sum: 0.0]
      [Object Copy (ms): Min: 0.8, Avg: 0.8, Max: 0.8, Diff: 0.1, Sum: 4.9]
      [Termination (ms): Min: 0.0, Avg: 0.0, Max: 0.0, Diff: 0.0, Sum: 0.0]
         [Termination Attempts: Min: 1, Avg: 1.2, Max: 2, Diff: 1, Sum: 7]
      [GC Worker Other (ms): Min: 0.0, Avg: 0.1, Max: 0.1, Diff: 0.1, Sum: 0.6]
      [GC Worker Total (ms): Min: 1.4, Avg: 1.5, Max: 1.6, Diff: 0.2, Sum: 9.1]
      [GC Worker End (ms): Min: 781806.9, Avg: 781807.0, Max: 781807.0, Diff: 0.1]
   [Code Root Fixup: 0.0 ms]
   [Code Root Purge: 0.0 ms]
   [Clear CT: 0.4 ms]
   [Other: 1.1 ms]
      [Choose CSet: 0.0 ms]
      [Ref Proc: 0.1 ms]
      [Ref Enq: 0.0 ms]
      [Redirty Cards: 0.1 ms]
      [Humongous Register: 0.1 ms]
      [Humongous Reclaim: 0.0 ms]
      [Free CSet: 0.7 ms]
   [Eden: 2446.0M(2446.0M)->0.0B(2446.0M) Survivors: 10240.0K->10240.0K Heap: 2479.4M(4096.0M)->35128.1K(4096.0M)]
 [Times: user=0.00 sys=0.00, real=0.00 secs] 
2024-10-12T19:05:31.523+0300: 781.809: Total time for which application threads were stopped: 0.0035531 seconds, Stopping threads took: 0.0001387 seconds
2024-10-12T19:05:32.308+0300: 782.598: Application time: 0.7897545 seconds
2024-10-12T19:05:32.308+0300: 782.599: [GC pause (G1 Evacuation Pause) (young), 0.0033861 secs]
   [Parallel Time: 1.7 ms, GC Workers: 6]
      [GC Worker Start (ms): Min: 782598.8, Avg: 782598.9, Max: 782599.2, Diff: 0.4]
      [Ext Root Scanning (ms): Min: 0.0, Avg: 0.3, Max: 0.4, Diff: 0.4, Sum: 1.9]
      [Update RS (ms): Min: 0.1, Avg: 0.1, Max: 0.3, Diff: 0.2, Sum: 0.8]
         [Processed Buffers: Min: 1, Avg: 2.2, Max: 3, Diff: 2, Sum: 13]
      [Scan RS (ms): Min: 0.0, Avg: 0.2, Max: 0.2, Diff: 0.2, Sum: 1.0]
      [Code Root Scanning (ms): Min: 0.0, Avg: 0.0, Max: 0.0, Diff: 0.0, Sum: 0.0]
      [Object Copy (ms): Min: 0.7, Avg: 0.8, Max: 0.8, Diff: 0.1, Sum: 4.6]
      [Termination (ms): Min: 0.0, Avg: 0.0, Max: 0.0, Diff: 0.0, Sum: 0.0]
         [Termination Attempts: Min: 1, Avg: 1.0, Max: 1, Diff: 0, Sum: 6]
      [GC Worker Other (ms): Min: 0.1, Avg: 0.1, Max: 0.1, Diff: 0.1, Sum: 0.7]
      [GC Worker Total (ms): Min: 1.2, Avg: 1.5, Max: 1.6, Diff: 0.4, Sum: 9.0]
      [GC Worker End (ms): Min: 782600.3, Avg: 782600.4, Max: 782600.4, Diff: 0.1]
   [Code Root Fixup: 0.0 ms]
   [Code Root Purge: 0.0 ms]
   [Clear CT: 0.5 ms]
   [Other: 1.2 ms]
      [Choose CSet: 0.0 ms]
      [Ref Proc: 0.1 ms]
      [Ref Enq: 0.0 ms]
      [Redirty Cards: 0.1 ms]
      [Humongous Register: 0.1 ms]
      [Humongous Reclaim: 0.0 ms]
      [Free CSet: 0.8 ms]
   [Eden: 2446.0M(2446.0M)->0.0B(2448.0M) Survivors: 10240.0K->8192.0K Heap: 2480.3M(4096.0M)->33127.0K(4096.0M)]
 [Times: user=0.00 sys=0.00, real=0.00 secs] 
2024-10-12T19:05:32.308+0300: 782.602: Total time for which application threads were stopped: 0.0038221 seconds, Stopping threads took: 0.0001601 seconds
2024-10-12T19:05:33.108+0300: 783.395: Application time: 0.7928687 seconds
2024-10-12T19:05:33.108+0300: 783.395: [GC pause (G1 Evacuation Pause) (young), 0.0037564 secs]
   [Parallel Time: 2.0 ms, GC Workers: 6]
      [GC Worker Start (ms): Min: 783395.5, Avg: 783395.5, Max: 783395.5, Diff: 0.0]
      [Ext Root Scanning (ms): Min: 0.3, Avg: 0.3, Max: 0.4, Diff: 0.0, Sum: 2.0]
      [Update RS (ms): Min: 0.1, Avg: 0.1, Max: 0.1, Diff: 0.1, Sum: 0.6]
         [Processed Buffers: Min: 2, Avg: 2.2, Max: 3, Diff: 1, Sum: 13]
      [Scan RS (ms): Min: 0.2, Avg: 0.2, Max: 0.2, Diff: 0.0, Sum: 1.0]
      [Code Root Scanning (ms): Min: 0.0, Avg: 0.0, Max: 0.0, Diff: 0.0, Sum: 0.0]
      [Object Copy (ms): Min: 1.2, Avg: 1.2, Max: 1.2, Diff: 0.1, Sum: 7.3]
      [Termination (ms): Min: 0.0, Avg: 0.0, Max: 0.0, Diff: 0.0, Sum: 0.0]
         [Termination Attempts: Min: 1, Avg: 1.0, Max: 1, Diff: 0, Sum: 6]
      [GC Worker Other (ms): Min: 0.0, Avg: 0.1, Max: 0.1, Diff: 0.1, Sum: 0.5]
      [GC Worker Total (ms): Min: 1.8, Avg: 1.9, Max: 2.0, Diff: 0.1, Sum: 11.4]
      [GC Worker End (ms): Min: 783397.3, Avg: 783397.4, Max: 783397.4, Diff: 0.1]
   [Code Root Fixup: 0.0 ms]
   [Code Root Purge: 0.0 ms]
   [Clear CT: 0.5 ms]
   [Other: 1.2 ms]
      [Choose CSet: 0.0 ms]
      [Ref Proc: 0.1 ms]
      [Ref Enq: 0.0 ms]
      [Redirty Cards: 0.1 ms]
      [Humongous Register: 0.1 ms]
      [Humongous Reclaim: 0.0 ms]
      [Free CSet: 0.8 ms]
   [Eden: 2448.0M(2448.0M)->0.0B(2444.0M) Survivors: 8192.0K->12288.0K Heap: 2480.4M(4096.0M)->37196.0K(4096.0M)]
 [Times: user=0.03 sys=0.00, real=0.00 secs] 
2024-10-12T19:05:33.108+0300: 783.399: Total time for which application threads were stopped: 0.0041737 seconds, Stopping threads took: 0.0001695 seconds
2024-10-12T19:05:33.908+0300: 784.188: Application time: 0.7886585 seconds
2024-10-12T19:05:33.908+0300: 784.188: [GC pause (G1 Evacuation Pause) (young), 0.0032795 secs]
   [Parallel Time: 1.5 ms, GC Workers: 6]
      [GC Worker Start (ms): Min: 784188.2, Avg: 784188.2, Max: 784188.2, Diff: 0.1]
      [Ext Root Scanning (ms): Min: 0.3, Avg: 0.3, Max: 0.3, Diff: 0.1, Sum: 1.9]
      [Update RS (ms): Min: 0.1, Avg: 0.1, Max: 0.1, Diff: 0.1, Sum: 0.6]
         [Processed Buffers: Min: 1, Avg: 2.2, Max: 3, Diff: 2, Sum: 13]
      [Scan RS (ms): Min: 0.1, Avg: 0.2, Max: 0.2, Diff: 0.0, Sum: 1.0]
      [Code Root Scanning (ms): Min: 0.0, Avg: 0.0, Max: 0.0, Diff: 0.0, Sum: 0.0]
      [Object Copy (ms): Min: 0.7, Avg: 0.7, Max: 0.8, Diff: 0.0, Sum: 4.5]
      [Termination (ms): Min: 0.0, Avg: 0.0, Max: 0.0, Diff: 0.0, Sum: 0.0]
         [Termination Attempts: Min: 1, Avg: 1.0, Max: 1, Diff: 0, Sum: 6]
      [GC Worker Other (ms): Min: 0.0, Avg: 0.1, Max: 0.1, Diff: 0.1, Sum: 0.6]
      [GC Worker Total (ms): Min: 1.3, Avg: 1.4, Max: 1.5, Diff: 0.2, Sum: 8.5]
      [GC Worker End (ms): Min: 784189.6, Avg: 784189.6, Max: 784189.7, Diff: 0.1]
   [Code Root Fixup: 0.0 ms]
   [Code Root Purge: 0.0 ms]
   [Clear CT: 0.5 ms]
   [Other: 1.2 ms]
      [Choose CSet: 0.0 ms]
      [Ref Proc: 0.1 ms]
      [Ref Enq: 0.0 ms]
      [Redirty Cards: 0.1 ms]
      [Humongous Register: 0.0 ms]
      [Humongous Reclaim: 0.0 ms]
      [Free CSet: 0.8 ms]
   [Eden: 2444.0M(2444.0M)->0.0B(2448.0M) Survivors: 12288.0K->8192.0K Heap: 2480.3M(4096.0M)->32227.7K(4096.0M)]
 [Times: user=0.00 sys=0.00, real=0.00 secs] 
2024-10-12T19:05:33.908+0300: 784.192: Total time for which application threads were stopped: 0.0036775 seconds, Stopping threads took: 0.0000912 seconds
2024-10-12T19:05:34.692+0300: 784.980: Application time: 0.7885939 seconds
2024-10-12T19:05:34.692+0300: 784.980: [GC pause (G1 Evacuation Pause) (young), 0.0033244 secs]
   [Parallel Time: 1.7 ms, GC Workers: 6]
      [GC Worker Start (ms): Min: 784980.6, Avg: 784980.6, Max: 784980.7, Diff: 0.1]
      [Ext Root Scanning (ms): Min: 0.3, Avg: 0.4, Max: 0.4, Diff: 0.1, Sum: 2.2]
      [Update RS (ms): Min: 0.0, Avg: 0.1, Max: 0.2, Diff: 0.2, Sum: 0.6]
         [Processed Buffers: Min: 0, Avg: 2.2, Max: 4, Diff: 4, Sum: 13]
      [Scan RS (ms): Min: 0.1, Avg: 0.2, Max: 0.2, Diff: 0.1, Sum: 1.1]
      [Code Root Scanning (ms): Min: 0.0, Avg: 0.0, Max: 0.0, Diff: 0.0, Sum: 0.0]
      [Object Copy (ms): Min: 0.8, Avg: 0.8, Max: 1.0, Diff: 0.3, Sum: 4.9]
      [Termination (ms): Min: 0.0, Avg: 0.0, Max: 0.0, Diff: 0.0, Sum: 0.0]
         [Termination Attempts: Min: 1, Avg: 1.0, Max: 1, Diff: 0, Sum: 6]
      [GC Worker Other (ms): Min: 0.0, Avg: 0.1, Max: 0.1, Diff: 0.1, Sum: 0.5]
      [GC Worker Total (ms): Min: 1.5, Avg: 1.6, Max: 1.6, Diff: 0.2, Sum: 9.3]
      [GC Worker End (ms): Min: 784982.1, Avg: 784982.2, Max: 784982.2, Diff: 0.1]
   [Code Root Fixup: 0.0 ms]
   [Code Root Purge: 0.0 ms]
   [Clear CT: 0.5 ms]
   [Other: 1.1 ms]
      [Choose CSet: 0.0 ms]
      [Ref Proc: 0.1 ms]
      [Ref Enq: 0.0 ms]
      [Redirty Cards: 0.1 ms]
      [Humongous Register: 0.1 ms]
      [Humongous Reclaim: 0.0 ms]
      [Free CSet: 0.7 ms]
   [Eden: 2448.0M(2448.0M)->0.0B(2448.0M) Survivors: 8192.0K->8192.0K Heap: 2479.5M(4096.0M)->32223.8K(4096.0M)]
 [Times: user=0.00 sys=0.00, real=0.00 secs] 
2024-10-12T19:05:34.692+0300: 784.984: Total time for which application threads were stopped: 0.0037252 seconds, Stopping threads took: 0.0001801 seconds
2024-10-12T19:05:35.493+0300: 785.780: Application time: 0.7961252 seconds
2024-10-12T19:05:35.493+0300: 785.780: [GC pause (G1 Evacuation Pause) (young), 0.0032491 secs]
   [Parallel Time: 1.6 ms, GC Workers: 6]
      [GC Worker Start (ms): Min: 785780.4, Avg: 785780.5, Max: 785780.5, Diff: 0.1]
      [Ext Root Scanning (ms): Min: 0.3, Avg: 0.3, Max: 0.4, Diff: 0.1, Sum: 2.0]
      [Update RS (ms): Min: 0.1, Avg: 0.1, Max: 0.2, Diff: 0.1, Sum: 0.8]
         [Processed Buffers: Min: 1, Avg: 2.2, Max: 4, Diff: 3, Sum: 13]
      [Scan RS (ms): Min: 0.1, Avg: 0.2, Max: 0.2, Diff: 0.1, Sum: 1.1]
      [Code Root Scanning (ms): Min: 0.0, Avg: 0.0, Max: 0.0, Diff: 0.0, Sum: 0.0]
      [Object Copy (ms): Min: 0.7, Avg: 0.7, Max: 0.8, Diff: 0.0, Sum: 4.5]
      [Termination (ms): Min: 0.0, Avg: 0.0, Max: 0.0, Diff: 0.0, Sum: 0.0]
         [Termination Attempts: Min: 1, Avg: 2.7, Max: 5, Diff: 4, Sum: 16]
      [GC Worker Other (ms): Min: 0.0, Avg: 0.1, Max: 0.2, Diff: 0.1, Sum: 0.6]
      [GC Worker Total (ms): Min: 1.4, Avg: 1.5, Max: 1.5, Diff: 0.1, Sum: 8.9]
      [GC Worker End (ms): Min: 785781.9, Avg: 785781.9, Max: 785782.0, Diff: 0.1]
   [Code Root Fixup: 0.0 ms]
   [Code Root Purge: 0.0 ms]
   [Clear CT: 0.5 ms]
   [Other: 1.1 ms]
      [Choose CSet: 0.0 ms]
      [Ref Proc: 0.1 ms]
      [Ref Enq: 0.0 ms]
      [Redirty Cards: 0.1 ms]
      [Humongous Register: 0.1 ms]
      [Humongous Reclaim: 0.0 ms]
      [Free CSet: 0.7 ms]
   [Eden: 2448.0M(2448.0M)->0.0B(2448.0M) Survivors: 8192.0K->8192.0K Heap: 2479.5M(4096.0M)->32170.7K(4096.0M)]
 [Times: user=0.01 sys=0.00, real=0.00 secs] 
2024-10-12T19:05:35.493+0300: 785.784: Total time for which application threads were stopped: 0.0037303 seconds, Stopping threads took: 0.0001579 seconds
2024-10-12T19:05:36.278+0300: 786.573: Application time: 0.7889169 seconds
2024-10-12T19:05:36.294+0300: 786.573: [GC pause (G1 Evacuation Pause) (young), 0.0033757 secs]
   [Parallel Time: 1.7 ms, GC Workers: 6]
      [GC Worker Start (ms): Min: 786573.2, Avg: 786573.2, Max: 786573.3, Diff: 0.0]
      [Ext Root Scanning (ms): Min: 0.3, Avg: 0.3, Max: 0.4, Diff: 0.0, Sum: 2.0]
      [Update RS (ms): Min: 0.1, Avg: 0.1, Max: 0.1, Diff: 0.0, Sum: 0.6]
         [Processed Buffers: Min: 1, Avg: 2.2, Max: 3, Diff: 2, Sum: 13]
      [Scan RS (ms): Min: 0.1, Avg: 0.2, Max: 0.2, Diff: 0.0, Sum: 1.0]
      [Code Root Scanning (ms): Min: 0.0, Avg: 0.0, Max: 0.0, Diff: 0.0, Sum: 0.0]
      [Object Copy (ms): Min: 0.8, Avg: 0.8, Max: 0.8, Diff: 0.0, Sum: 4.8]
      [Termination (ms): Min: 0.0, Avg: 0.0, Max: 0.0, Diff: 0.0, Sum: 0.0]
         [Termination Attempts: Min: 1, Avg: 2.2, Max: 4, Diff: 3, Sum: 13]
      [GC Worker Other (ms): Min: 0.1, Avg: 0.1, Max: 0.2, Diff: 0.1, Sum: 0.8]
      [GC Worker Total (ms): Min: 1.4, Avg: 1.5, Max: 1.6, Diff: 0.1, Sum: 9.2]
      [GC Worker End (ms): Min: 786574.7, Avg: 786574.8, Max: 786574.8, Diff: 0.1]
   [Code Root Fixup: 0.0 ms]
   [Code Root Purge: 0.0 ms]
   [Clear CT: 0.5 ms]
   [Other: 1.2 ms]
      [Choose CSet: 0.0 ms]
      [Ref Proc: 0.1 ms]
      [Ref Enq: 0.0 ms]
      [Redirty Cards: 0.1 ms]
      [Humongous Register: 0.1 ms]
      [Humongous Reclaim: 0.0 ms]
      [Free CSet: 0.7 ms]
   [Eden: 2448.0M(2448.0M)->0.0B(2446.0M) Survivors: 8192.0K->10240.0K Heap: 2479.4M(4096.0M)->34205.4K(4096.0M)]
 [Times: user=0.00 sys=0.00, real=0.00 secs] 
2024-10-12T19:05:36.294+0300: 786.577: Total time for which application threads were stopped: 0.0039285 seconds, Stopping threads took: 0.0003142 seconds
2024-10-12T19:05:37.078+0300: 787.366: Application time: 0.7893485 seconds
2024-10-12T19:05:37.078+0300: 787.366: [GC pause (G1 Evacuation Pause) (young), 0.0034126 secs]
   [Parallel Time: 1.7 ms, GC Workers: 6]
      [GC Worker Start (ms): Min: 787366.3, Avg: 787366.3, Max: 787366.4, Diff: 0.1]
      [Ext Root Scanning (ms): Min: 0.3, Avg: 0.3, Max: 0.4, Diff: 0.1, Sum: 1.9]
      [Update RS (ms): Min: 0.1, Avg: 0.1, Max: 0.1, Diff: 0.1, Sum: 0.6]
         [Processed Buffers: Min: 1, Avg: 2.2, Max: 3, Diff: 2, Sum: 13]
      [Scan RS (ms): Min: 0.1, Avg: 0.2, Max: 0.2, Diff: 0.0, Sum: 1.0]
      [Code Root Scanning (ms): Min: 0.0, Avg: 0.0, Max: 0.0, Diff: 0.0, Sum: 0.0]
      [Object Copy (ms): Min: 0.7, Avg: 0.8, Max: 0.9, Diff: 0.1, Sum: 4.6]
      [Termination (ms): Min: 0.0, Avg: 0.1, Max: 0.1, Diff: 0.1, Sum: 0.6]
         [Termination Attempts: Min: 1, Avg: 1.0, Max: 1, Diff: 0, Sum: 6]
      [GC Worker Other (ms): Min: 0.0, Avg: 0.1, Max: 0.1, Diff: 0.1, Sum: 0.5]
      [GC Worker Total (ms): Min: 1.5, Avg: 1.5, Max: 1.6, Diff: 0.1, Sum: 9.3]
      [GC Worker End (ms): Min: 787367.8, Avg: 787367.9, Max: 787367.9, Diff: 0.1]
   [Code Root Fixup: 0.0 ms]
   [Code Root Purge: 0.0 ms]
   [Clear CT: 0.5 ms]
   [Other: 1.2 ms]
      [Choose CSet: 0.0 ms]
      [Ref Proc: 0.1 ms]
      [Ref Enq: 0.0 ms]
      [Redirty Cards: 0.1 ms]
      [Humongous Register: 0.0 ms]
      [Humongous Reclaim: 0.0 ms]
      [Free CSet: 0.8 ms]
   [Eden: 2446.0M(2446.0M)->0.0B(2446.0M) Survivors: 10240.0K->10240.0K Heap: 2479.4M(4096.0M)->34215.9K(4096.0M)]
 [Times: user=0.00 sys=0.00, real=0.00 secs] 
2024-10-12T19:05:37.078+0300: 787.370: Total time for which application threads were stopped: 0.0038757 seconds, Stopping threads took: 0.0001565 seconds
2024-10-12T19:05:37.863+0300: 788.145: Application time: 0.7749927 seconds
2024-10-12T19:05:37.863+0300: 788.145: [GC pause (G1 Evacuation Pause) (young), 0.0042611 secs]
   [Parallel Time: 2.5 ms, GC Workers: 6]
      [GC Worker Start (ms): Min: 788145.4, Avg: 788145.5, Max: 788145.8, Diff: 0.5]
      [Ext Root Scanning (ms): Min: 0.0, Avg: 0.3, Max: 0.4, Diff: 0.4, Sum: 2.0]
      [Update RS (ms): Min: 0.0, Avg: 0.1, Max: 0.1, Diff: 0.1, Sum: 0.6]
         [Processed Buffers: Min: 0, Avg: 2.2, Max: 4, Diff: 4, Sum: 13]
      [Scan RS (ms): Min: 0.0, Avg: 0.2, Max: 0.2, Diff: 0.2, Sum: 1.1]
      [Code Root Scanning (ms): Min: 0.0, Avg: 0.0, Max: 0.0, Diff: 0.0, Sum: 0.0]
      [Object Copy (ms): Min: 1.5, Avg: 1.5, Max: 1.8, Diff: 0.3, Sum: 9.2]
      [Termination (ms): Min: 0.0, Avg: 0.0, Max: 0.0, Diff: 0.0, Sum: 0.0]
         [Termination Attempts: Min: 1, Avg: 1.0, Max: 1, Diff: 0, Sum: 6]
      [GC Worker Other (ms): Min: 0.1, Avg: 0.1, Max: 0.1, Diff: 0.1, Sum: 0.6]
      [GC Worker Total (ms): Min: 1.9, Avg: 2.3, Max: 2.4, Diff: 0.5, Sum: 13.6]
      [GC Worker End (ms): Min: 788147.7, Avg: 788147.7, Max: 788147.8, Diff: 0.1]
   [Code Root Fixup: 0.0 ms]
   [Code Root Purge: 0.0 ms]
   [Clear CT: 0.5 ms]
   [Other: 1.3 ms]
      [Choose CSet: 0.0 ms]
      [Ref Proc: 0.1 ms]
      [Ref Enq: 0.0 ms]
      [Redirty Cards: 0.1 ms]
      [Humongous Register: 0.1 ms]
      [Humongous Reclaim: 0.0 ms]
      [Free CSet: 0.8 ms]
   [Eden: 2446.0M(2446.0M)->0.0B(2444.0M) Survivors: 10240.0K->12288.0K Heap: 2479.4M(4096.0M)->36263.9K(4096.0M)]
 [Times: user=0.00 sys=0.00, real=0.00 secs] 
2024-10-12T19:05:37.863+0300: 788.150: Total time for which application threads were stopped: 0.0047109 seconds, Stopping threads took: 0.0001693 seconds
2024-10-12T19:05:38.648+0300: 788.934: Application time: 0.7842095 seconds
2024-10-12T19:05:38.648+0300: 788.934: [GC pause (G1 Evacuation Pause) (young), 0.0032453 secs]
   [Parallel Time: 1.6 ms, GC Workers: 6]
      [GC Worker Start (ms): Min: 788934.1, Avg: 788934.1, Max: 788934.2, Diff: 0.1]
      [Ext Root Scanning (ms): Min: 0.3, Avg: 0.3, Max: 0.4, Diff: 0.1, Sum: 2.0]
      [Update RS (ms): Min: 0.1, Avg: 0.1, Max: 0.1, Diff: 0.0, Sum: 0.6]
         [Processed Buffers: Min: 1, Avg: 2.2, Max: 4, Diff: 3, Sum: 13]
      [Scan RS (ms): Min: 0.1, Avg: 0.2, Max: 0.2, Diff: 0.1, Sum: 0.9]
      [Code Root Scanning (ms): Min: 0.0, Avg: 0.0, Max: 0.0, Diff: 0.0, Sum: 0.0]
      [Object Copy (ms): Min: 0.8, Avg: 0.8, Max: 0.9, Diff: 0.0, Sum: 5.0]
      [Termination (ms): Min: 0.0, Avg: 0.0, Max: 0.0, Diff: 0.0, Sum: 0.0]
         [Termination Attempts: Min: 1, Avg: 2.8, Max: 4, Diff: 3, Sum: 17]
      [GC Worker Other (ms): Min: 0.0, Avg: 0.1, Max: 0.1, Diff: 0.1, Sum: 0.5]
      [GC Worker Total (ms): Min: 1.5, Avg: 1.5, Max: 1.5, Diff: 0.1, Sum: 9.1]
      [GC Worker End (ms): Min: 788935.6, Avg: 788935.7, Max: 788935.7, Diff: 0.1]
   [Code Root Fixup: 0.0 ms]
   [Code Root Purge: 0.0 ms]
   [Clear CT: 0.5 ms]
   [Other: 1.1 ms]
      [Choose CSet: 0.0 ms]
      [Ref Proc: 0.1 ms]
      [Ref Enq: 0.0 ms]
      [Redirty Cards: 0.1 ms]
      [Humongous Register: 0.1 ms]
      [Humongous Reclaim: 0.0 ms]
      [Free CSet: 0.6 ms]
   [Eden: 2444.0M(2444.0M)->0.0B(2448.0M) Survivors: 12288.0K->8192.0K Heap: 2479.4M(4096.0M)->32244.7K(4096.0M)]
 [Times: user=0.00 sys=0.00, real=0.00 secs] 
2024-10-12T19:05:38.648+0300: 788.937: Total time for which application threads were stopped: 0.0036864 seconds, Stopping threads took: 0.0001398 seconds
2024-10-12T19:05:39.433+0300: 789.721: Application time: 0.7832013 seconds
2024-10-12T19:05:39.433+0300: 789.721: [GC pause (G1 Evacuation Pause) (young), 0.0036442 secs]
   [Parallel Time: 1.9 ms, GC Workers: 6]
      [GC Worker Start (ms): Min: 789721.1, Avg: 789721.2, Max: 789721.2, Diff: 0.1]
      [Ext Root Scanning (ms): Min: 0.3, Avg: 0.3, Max: 0.4, Diff: 0.1, Sum: 2.0]
      [Update RS (ms): Min: 0.0, Avg: 0.1, Max: 0.1, Diff: 0.1, Sum: 0.6]
         [Processed Buffers: Min: 0, Avg: 2.2, Max: 3, Diff: 3, Sum: 13]
      [Scan RS (ms): Min: 0.1, Avg: 0.2, Max: 0.2, Diff: 0.1, Sum: 1.1]
      [Code Root Scanning (ms): Min: 0.0, Avg: 0.0, Max: 0.0, Diff: 0.0, Sum: 0.0]
      [Object Copy (ms): Min: 0.9, Avg: 1.0, Max: 1.3, Diff: 0.4, Sum: 5.9]
      [Termination (ms): Min: 0.0, Avg: 0.1, Max: 0.1, Diff: 0.1, Sum: 0.7]
         [Termination Attempts: Min: 1, Avg: 1.8, Max: 2, Diff: 1, Sum: 11]
      [GC Worker Other (ms): Min: 0.0, Avg: 0.1, Max: 0.1, Diff: 0.1, Sum: 0.5]
      [GC Worker Total (ms): Min: 1.8, Avg: 1.8, Max: 1.9, Diff: 0.1, Sum: 10.8]
      [GC Worker End (ms): Min: 789722.9, Avg: 789723.0, Max: 789723.0, Diff: 0.1]
   [Code Root Fixup: 0.0 ms]
   [Code Root Purge: 0.0 ms]
   [Clear CT: 0.5 ms]
   [Other: 1.2 ms]
      [Choose CSet: 0.0 ms]
      [Ref Proc: 0.1 ms]
      [Ref Enq: 0.0 ms]
      [Redirty Cards: 0.1 ms]
      [Humongous Register: 0.1 ms]
      [Humongous Reclaim: 0.0 ms]
      [Free CSet: 0.8 ms]
   [Eden: 2448.0M(2448.0M)->0.0B(2446.0M) Survivors: 8192.0K->10240.0K Heap: 2479.5M(4096.0M)->35292.4K(4096.0M)]
 [Times: user=0.00 sys=0.00, real=0.00 secs] 
2024-10-12T19:05:39.433+0300: 789.725: Total time for which application threads were stopped: 0.0041238 seconds, Stopping threads took: 0.0002337 seconds
2024-10-12T19:05:40.218+0300: 790.508: Application time: 0.7832735 seconds
2024-10-12T19:05:40.218+0300: 790.508: [GC pause (G1 Evacuation Pause) (young), 0.0033129 secs]
   [Parallel Time: 1.6 ms, GC Workers: 6]
      [GC Worker Start (ms): Min: 790508.5, Avg: 790508.5, Max: 790508.5, Diff: 0.0]
      [Ext Root Scanning (ms): Min: 0.3, Avg: 0.3, Max: 0.4, Diff: 0.1, Sum: 1.9]
      [Update RS (ms): Min: 0.1, Avg: 0.1, Max: 0.1, Diff: 0.1, Sum: 0.6]
         [Processed Buffers: Min: 1, Avg: 2.0, Max: 3, Diff: 2, Sum: 12]
      [Scan RS (ms): Min: 0.1, Avg: 0.2, Max: 0.2, Diff: 0.1, Sum: 1.0]
      [Code Root Scanning (ms): Min: 0.0, Avg: 0.0, Max: 0.0, Diff: 0.0, Sum: 0.0]
      [Object Copy (ms): Min: 0.7, Avg: 0.7, Max: 0.8, Diff: 0.0, Sum: 4.4]
      [Termination (ms): Min: 0.0, Avg: 0.0, Max: 0.0, Diff: 0.0, Sum: 0.0]
         [Termination Attempts: Min: 1, Avg: 1.0, Max: 1, Diff: 0, Sum: 6]
      [GC Worker Other (ms): Min: 0.0, Avg: 0.1, Max: 0.2, Diff: 0.2, Sum: 0.7]
      [GC Worker Total (ms): Min: 1.4, Avg: 1.5, Max: 1.5, Diff: 0.2, Sum: 8.8]
      [GC Worker End (ms): Min: 790509.9, Avg: 790509.9, Max: 790510.0, Diff: 0.2]
   [Code Root Fixup: 0.0 ms]
   [Code Root Purge: 0.0 ms]
   [Clear CT: 0.5 ms]
   [Other: 1.1 ms]
      [Choose CSet: 0.0 ms]
      [Ref Proc: 0.1 ms]
      [Ref Enq: 0.0 ms]
      [Redirty Cards: 0.1 ms]
      [Humongous Register: 0.1 ms]
      [Humongous Reclaim: 0.0 ms]
      [Free CSet: 0.7 ms]
   [Eden: 2446.0M(2446.0M)->0.0B(2448.0M) Survivors: 10240.0K->8192.0K Heap: 2480.5M(4096.0M)->33054.8K(4096.0M)]
 [Times: user=0.00 sys=0.00, real=0.00 secs] 
2024-10-12T19:05:40.218+0300: 790.512: Total time for which application threads were stopped: 0.0037103 seconds, Stopping threads took: 0.0001691 seconds
2024-10-12T19:05:41.003+0300: 791.291: Application time: 0.7794781 seconds
2024-10-12T19:05:41.003+0300: 791.292: [GC pause (G1 Evacuation Pause) (young), 0.0035071 secs]
   [Parallel Time: 1.7 ms, GC Workers: 6]
      [GC Worker Start (ms): Min: 791291.6, Avg: 791291.7, Max: 791291.7, Diff: 0.1]
      [Ext Root Scanning (ms): Min: 0.3, Avg: 0.3, Max: 0.4, Diff: 0.1, Sum: 2.0]
      [Update RS (ms): Min: 0.1, Avg: 0.1, Max: 0.1, Diff: 0.1, Sum: 0.6]
         [Processed Buffers: Min: 1, Avg: 2.2, Max: 3, Diff: 2, Sum: 13]
      [Scan RS (ms): Min: 0.2, Avg: 0.2, Max: 0.2, Diff: 0.0, Sum: 1.0]
      [Code Root Scanning (ms): Min: 0.0, Avg: 0.0, Max: 0.0, Diff: 0.0, Sum: 0.0]
      [Object Copy (ms): Min: 0.7, Avg: 0.7, Max: 0.8, Diff: 0.1, Sum: 4.5]
      [Termination (ms): Min: 0.0, Avg: 0.0, Max: 0.0, Diff: 0.0, Sum: 0.0]
         [Termination Attempts: Min: 1, Avg: 1.0, Max: 1, Diff: 0, Sum: 6]
      [GC Worker Other (ms): Min: 0.0, Avg: 0.1, Max: 0.2, Diff: 0.1, Sum: 0.8]
      [GC Worker Total (ms): Min: 1.4, Avg: 1.5, Max: 1.6, Diff: 0.1, Sum: 9.0]
      [GC Worker End (ms): Min: 791293.1, Avg: 791293.2, Max: 791293.2, Diff: 0.1]
   [Code Root Fixup: 0.0 ms]
   [Code Root Purge: 0.0 ms]
   [Clear CT: 0.5 ms]
   [Other: 1.3 ms]
      [Choose CSet: 0.0 ms]
      [Ref Proc: 0.1 ms]
      [Ref Enq: 0.0 ms]
      [Redirty Cards: 0.1 ms]
      [Humongous Register: 0.1 ms]
      [Humongous Reclaim: 0.0 ms]
      [Free CSet: 0.8 ms]
   [Eden: 2448.0M(2448.0M)->0.0B(2444.0M) Survivors: 8192.0K->12288.0K Heap: 2480.3M(4096.0M)->36180.3K(4096.0M)]
 [Times: user=0.00 sys=0.00, real=0.00 secs] 
2024-10-12T19:05:41.003+0300: 791.295: Total time for which application threads were stopped: 0.0039729 seconds, Stopping threads took: 0.0001549 seconds
2024-10-12T19:05:41.788+0300: 792.070: Application time: 0.7744139 seconds
2024-10-12T19:05:41.788+0300: 792.070: [GC pause (G1 Evacuation Pause) (young), 0.0031222 secs]
   [Parallel Time: 1.6 ms, GC Workers: 6]
      [GC Worker Start (ms): Min: 792070.0, Avg: 792070.0, Max: 792070.0, Diff: 0.1]
      [Ext Root Scanning (ms): Min: 0.3, Avg: 0.3, Max: 0.3, Diff: 0.1, Sum: 1.9]
      [Update RS (ms): Min: 0.1, Avg: 0.1, Max: 0.1, Diff: 0.1, Sum: 0.6]
         [Processed Buffers: Min: 2, Avg: 2.2, Max: 3, Diff: 1, Sum: 13]
      [Scan RS (ms): Min: 0.2, Avg: 0.2, Max: 0.2, Diff: 0.0, Sum: 1.0]
      [Code Root Scanning (ms): Min: 0.0, Avg: 0.0, Max: 0.0, Diff: 0.0, Sum: 0.0]
      [Object Copy (ms): Min: 0.8, Avg: 0.8, Max: 0.9, Diff: 0.1, Sum: 5.0]
      [Termination (ms): Min: 0.0, Avg: 0.0, Max: 0.0, Diff: 0.0, Sum: 0.0]
         [Termination Attempts: Min: 1, Avg: 1.0, Max: 1, Diff: 0, Sum: 6]
      [GC Worker Other (ms): Min: 0.0, Avg: 0.1, Max: 0.1, Diff: 0.1, Sum: 0.5]
      [GC Worker Total (ms): Min: 1.4, Avg: 1.5, Max: 1.6, Diff: 0.1, Sum: 9.1]
      [GC Worker End (ms): Min: 792071.4, Avg: 792071.5, Max: 792071.5, Diff: 0.1]
   [Code Root Fixup: 0.0 ms]
   [Code Root Purge: 0.0 ms]
   [Clear CT: 0.5 ms]
   [Other: 1.0 ms]
      [Choose CSet: 0.0 ms]
      [Ref Proc: 0.1 ms]
      [Ref Enq: 0.0 ms]
      [Redirty Cards: 0.1 ms]
      [Humongous Register: 0.0 ms]
      [Humongous Reclaim: 0.0 ms]
      [Free CSet: 0.7 ms]
   [Eden: 2444.0M(2444.0M)->0.0B(2446.0M) Survivors: 12288.0K->10240.0K Heap: 2479.3M(4096.0M)->34213.6K(4096.0M)]
 [Times: user=0.00 sys=0.00, real=0.00 secs] 
2024-10-12T19:05:41.788+0300: 792.073: Total time for which application threads were stopped: 0.0034741 seconds, Stopping threads took: 0.0001339 seconds
2024-10-12T19:05:42.572+0300: 792.854: Application time: 0.7808343 seconds
2024-10-12T19:05:42.572+0300: 792.854: [GC pause (G1 Evacuation Pause) (young), 0.0037569 secs]
   [Parallel Time: 2.2 ms, GC Workers: 6]
      [GC Worker Start (ms): Min: 792854.3, Avg: 792854.3, Max: 792854.4, Diff: 0.1]
      [Ext Root Scanning (ms): Min: 0.3, Avg: 0.3, Max: 0.3, Diff: 0.1, Sum: 1.9]
      [Update RS (ms): Min: 0.1, Avg: 0.1, Max: 0.1, Diff: 0.1, Sum: 0.6]
         [Processed Buffers: Min: 1, Avg: 2.2, Max: 3, Diff: 2, Sum: 13]
      [Scan RS (ms): Min: 0.2, Avg: 0.2, Max: 0.2, Diff: 0.0, Sum: 1.0]
      [Code Root Scanning (ms): Min: 0.0, Avg: 0.0, Max: 0.0, Diff: 0.0, Sum: 0.0]
      [Object Copy (ms): Min: 1.4, Avg: 1.4, Max: 1.4, Diff: 0.1, Sum: 8.4]
      [Termination (ms): Min: 0.0, Avg: 0.0, Max: 0.0, Diff: 0.0, Sum: 0.0]
         [Termination Attempts: Min: 1, Avg: 1.0, Max: 1, Diff: 0, Sum: 6]
      [GC Worker Other (ms): Min: 0.0, Avg: 0.1, Max: 0.1, Diff: 0.1, Sum: 0.5]
      [GC Worker Total (ms): Min: 2.0, Avg: 2.1, Max: 2.1, Diff: 0.1, Sum: 12.5]
      [GC Worker End (ms): Min: 792856.3, Avg: 792856.4, Max: 792856.4, Diff: 0.1]
   [Code Root Fixup: 0.0 ms]
   [Code Root Purge: 0.0 ms]
   [Clear CT: 0.5 ms]
   [Other: 1.1 ms]
      [Choose CSet: 0.0 ms]
      [Ref Proc: 0.1 ms]
      [Ref Enq: 0.0 ms]
      [Redirty Cards: 0.1 ms]
      [Humongous Register: 0.0 ms]
      [Humongous Reclaim: 0.0 ms]
      [Free CSet: 0.7 ms]
   [Eden: 2446.0M(2446.0M)->0.0B(2444.0M) Survivors: 10240.0K->12288.0K Heap: 2479.4M(4096.0M)->37268.3K(4096.0M)]
 [Times: user=0.00 sys=0.00, real=0.00 secs] 
2024-10-12T19:05:42.572+0300: 792.858: Total time for which application threads were stopped: 0.0042161 seconds, Stopping threads took: 0.0001322 seconds
2024-10-12T19:05:43.342+0300: 793.635: Application time: 0.7765855 seconds
2024-10-12T19:05:43.342+0300: 793.635: [GC pause (G1 Evacuation Pause) (young), 0.0034679 secs]
   [Parallel Time: 1.8 ms, GC Workers: 6]
      [GC Worker Start (ms): Min: 793635.2, Avg: 793635.3, Max: 793635.3, Diff: 0.1]
      [Ext Root Scanning (ms): Min: 0.3, Avg: 0.3, Max: 0.4, Diff: 0.1, Sum: 2.0]
      [Update RS (ms): Min: 0.1, Avg: 0.1, Max: 0.1, Diff: 0.0, Sum: 0.6]
         [Processed Buffers: Min: 1, Avg: 2.2, Max: 3, Diff: 2, Sum: 13]
      [Scan RS (ms): Min: 0.2, Avg: 0.2, Max: 0.2, Diff: 0.0, Sum: 1.0]
      [Code Root Scanning (ms): Min: 0.0, Avg: 0.0, Max: 0.0, Diff: 0.0, Sum: 0.0]
      [Object Copy (ms): Min: 0.8, Avg: 0.8, Max: 0.8, Diff: 0.0, Sum: 4.7]
      [Termination (ms): Min: 0.0, Avg: 0.0, Max: 0.0, Diff: 0.0, Sum: 0.0]
         [Termination Attempts: Min: 1, Avg: 1.0, Max: 1, Diff: 0, Sum: 6]
      [GC Worker Other (ms): Min: 0.0, Avg: 0.1, Max: 0.2, Diff: 0.2, Sum: 0.7]
      [GC Worker Total (ms): Min: 1.4, Avg: 1.5, Max: 1.6, Diff: 0.2, Sum: 9.1]
      [GC Worker End (ms): Min: 793636.7, Avg: 793636.8, Max: 793636.9, Diff: 0.2]
   [Code Root Fixup: 0.0 ms]
   [Code Root Purge: 0.0 ms]
   [Clear CT: 0.5 ms]
   [Other: 1.2 ms]
      [Choose CSet: 0.0 ms]
      [Ref Proc: 0.1 ms]
      [Ref Enq: 0.0 ms]
      [Redirty Cards: 0.1 ms]
      [Humongous Register: 0.1 ms]
      [Humongous Reclaim: 0.0 ms]
      [Free CSet: 0.7 ms]
   [Eden: 2444.0M(2444.0M)->0.0B(2446.0M) Survivors: 12288.0K->10240.0K Heap: 2480.4M(4096.0M)->35331.7K(4096.0M)]
 [Times: user=0.00 sys=0.00, real=0.02 secs] 
2024-10-12T19:05:43.358+0300: 793.639: Total time for which application threads were stopped: 0.0039540 seconds, Stopping threads took: 0.0002544 seconds
2024-10-12T19:05:44.127+0300: 794.418: Application time: 0.7790998 seconds
2024-10-12T19:05:44.127+0300: 794.418: [GC pause (G1 Evacuation Pause) (young), 0.0043149 secs]
   [Parallel Time: 2.7 ms, GC Workers: 6]
      [GC Worker Start (ms): Min: 794418.3, Avg: 794418.3, Max: 794418.3, Diff: 0.1]
      [Ext Root Scanning (ms): Min: 0.3, Avg: 0.3, Max: 0.4, Diff: 0.1, Sum: 1.9]
      [Update RS (ms): Min: 0.1, Avg: 0.1, Max: 0.1, Diff: 0.0, Sum: 0.6]
         [Processed Buffers: Min: 1, Avg: 2.2, Max: 3, Diff: 2, Sum: 13]
      [Scan RS (ms): Min: 0.1, Avg: 0.2, Max: 0.2, Diff: 0.0, Sum: 1.1]
      [Code Root Scanning (ms): Min: 0.0, Avg: 0.0, Max: 0.0, Diff: 0.0, Sum: 0.0]
      [Object Copy (ms): Min: 1.6, Avg: 1.7, Max: 1.7, Diff: 0.0, Sum: 9.9]
      [Termination (ms): Min: 0.0, Avg: 0.0, Max: 0.0, Diff: 0.0, Sum: 0.0]
         [Termination Attempts: Min: 1, Avg: 1.0, Max: 1, Diff: 0, Sum: 6]
      [GC Worker Other (ms): Min: 0.1, Avg: 0.2, Max: 0.3, Diff: 0.2, Sum: 1.2]
      [GC Worker Total (ms): Min: 2.3, Avg: 2.5, Max: 2.5, Diff: 0.2, Sum: 14.7]
      [GC Worker End (ms): Min: 794420.6, Avg: 794420.8, Max: 794420.8, Diff: 0.2]
   [Code Root Fixup: 0.0 ms]
   [Code Root Purge: 0.0 ms]
   [Clear CT: 0.6 ms]
   [Other: 1.1 ms]
      [Choose CSet: 0.0 ms]
      [Ref Proc: 0.1 ms]
      [Ref Enq: 0.0 ms]
      [Redirty Cards: 0.1 ms]
      [Humongous Register: 0.0 ms]
      [Humongous Reclaim: 0.0 ms]
      [Free CSet: 0.7 ms]
   [Eden: 2446.0M(2446.0M)->0.0B(2444.0M) Survivors: 10240.0K->12288.0K Heap: 2480.5M(4096.0M)->37382.2K(4096.0M)]
 [Times: user=0.00 sys=0.00, real=0.02 secs] 
2024-10-12T19:05:44.143+0300: 794.423: Total time for which application threads were stopped: 0.0047926 seconds, Stopping threads took: 0.0002566 seconds
2024-10-12T19:05:44.912+0300: 795.196: Application time: 0.7729158 seconds
2024-10-12T19:05:44.912+0300: 795.196: [GC pause (G1 Evacuation Pause) (young), 0.0038160 secs]
   [Parallel Time: 2.3 ms, GC Workers: 6]
      [GC Worker Start (ms): Min: 795195.9, Avg: 795195.9, Max: 795196.0, Diff: 0.1]
      [Ext Root Scanning (ms): Min: 0.3, Avg: 0.3, Max: 0.4, Diff: 0.1, Sum: 1.9]
      [Update RS (ms): Min: 0.1, Avg: 0.1, Max: 0.1, Diff: 0.0, Sum: 0.6]
         [Processed Buffers: Min: 1, Avg: 2.2, Max: 5, Diff: 4, Sum: 13]
      [Scan RS (ms): Min: 0.1, Avg: 0.2, Max: 0.2, Diff: 0.1, Sum: 1.0]
      [Code Root Scanning (ms): Min: 0.0, Avg: 0.0, Max: 0.0, Diff: 0.0, Sum: 0.0]
      [Object Copy (ms): Min: 1.4, Avg: 1.5, Max: 1.5, Diff: 0.0, Sum: 8.7]
      [Termination (ms): Min: 0.0, Avg: 0.0, Max: 0.0, Diff: 0.0, Sum: 0.0]
         [Termination Attempts: Min: 1, Avg: 1.0, Max: 1, Diff: 0, Sum: 6]
      [GC Worker Other (ms): Min: 0.0, Avg: 0.1, Max: 0.1, Diff: 0.1, Sum: 0.6]
      [GC Worker Total (ms): Min: 2.1, Avg: 2.1, Max: 2.2, Diff: 0.1, Sum: 12.9]
      [GC Worker End (ms): Min: 795198.0, Avg: 795198.1, Max: 795198.1, Diff: 0.1]
   [Code Root Fixup: 0.0 ms]
   [Code Root Purge: 0.0 ms]
   [Clear CT: 0.5 ms]
   [Other: 1.0 ms]
      [Choose CSet: 0.0 ms]
      [Ref Proc: 0.1 ms]
      [Ref Enq: 0.0 ms]
      [Redirty Cards: 0.1 ms]
      [Humongous Register: 0.0 ms]
      [Humongous Reclaim: 0.0 ms]
      [Free CSet: 0.6 ms]
   [Eden: 2444.0M(2444.0M)->0.0B(2444.0M) Survivors: 12288.0K->12288.0K Heap: 2480.5M(4096.0M)->36360.7K(4096.0M)]
 [Times: user=0.00 sys=0.00, real=0.00 secs] 
2024-10-12T19:05:44.912+0300: 795.200: Total time for which application threads were stopped: 0.0042381 seconds, Stopping threads took: 0.0001995 seconds
2024-10-12T19:05:45.698+0300: 795.981: Application time: 0.7811748 seconds
2024-10-12T19:05:45.698+0300: 795.981: [GC pause (G1 Evacuation Pause) (young), 0.0036863 secs]
   [Parallel Time: 2.0 ms, GC Workers: 6]
      [GC Worker Start (ms): Min: 795981.3, Avg: 795981.3, Max: 795981.4, Diff: 0.1]
      [Ext Root Scanning (ms): Min: 0.3, Avg: 0.3, Max: 0.4, Diff: 0.1, Sum: 1.9]
      [Update RS (ms): Min: 0.1, Avg: 0.1, Max: 0.1, Diff: 0.1, Sum: 0.7]
         [Processed Buffers: Min: 1, Avg: 2.2, Max: 3, Diff: 2, Sum: 13]
      [Scan RS (ms): Min: 0.2, Avg: 0.2, Max: 0.2, Diff: 0.0, Sum: 1.1]
      [Code Root Scanning (ms): Min: 0.0, Avg: 0.0, Max: 0.0, Diff: 0.0, Sum: 0.0]
      [Object Copy (ms): Min: 1.0, Avg: 1.0, Max: 1.1, Diff: 0.1, Sum: 6.2]
      [Termination (ms): Min: 0.0, Avg: 0.0, Max: 0.0, Diff: 0.0, Sum: 0.0]
         [Termination Attempts: Min: 1, Avg: 1.0, Max: 1, Diff: 0, Sum: 6]
      [GC Worker Other (ms): Min: 0.1, Avg: 0.2, Max: 0.3, Diff: 0.2, Sum: 1.1]
      [GC Worker Total (ms): Min: 1.7, Avg: 1.8, Max: 1.9, Diff: 0.2, Sum: 10.9]
      [GC Worker End (ms): Min: 795983.0, Avg: 795983.2, Max: 795983.2, Diff: 0.2]
   [Code Root Fixup: 0.0 ms]
   [Code Root Purge: 0.0 ms]
   [Clear CT: 0.5 ms]
   [Other: 1.2 ms]
      [Choose CSet: 0.0 ms]
      [Ref Proc: 0.2 ms]
      [Ref Enq: 0.0 ms]
      [Redirty Cards: 0.1 ms]
      [Humongous Register: 0.1 ms]
      [Humongous Reclaim: 0.0 ms]
      [Free CSet: 0.7 ms]
   [Eden: 2444.0M(2444.0M)->0.0B(2446.0M) Survivors: 12288.0K->10240.0K Heap: 2479.5M(4096.0M)->34315.2K(4096.0M)]
 [Times: user=0.00 sys=0.00, real=0.00 secs] 
2024-10-12T19:05:45.698+0300: 795.985: Total time for which application threads were stopped: 0.0040583 seconds, Stopping threads took: 0.0001402 seconds
2024-10-12T19:05:46.482+0300: 796.768: Application time: 0.7828526 seconds
2024-10-12T19:05:46.482+0300: 796.768: [GC pause (G1 Evacuation Pause) (young), 0.0031951 secs]
   [Parallel Time: 1.7 ms, GC Workers: 6]
      [GC Worker Start (ms): Min: 796768.3, Avg: 796768.4, Max: 796768.7, Diff: 0.4]
      [Ext Root Scanning (ms): Min: 0.0, Avg: 0.3, Max: 0.4, Diff: 0.4, Sum: 1.9]
      [Update RS (ms): Min: 0.1, Avg: 0.1, Max: 0.1, Diff: 0.1, Sum: 0.6]
         [Processed Buffers: Min: 1, Avg: 2.2, Max: 4, Diff: 3, Sum: 13]
      [Scan RS (ms): Min: 0.1, Avg: 0.2, Max: 0.2, Diff: 0.0, Sum: 1.1]
      [Code Root Scanning (ms): Min: 0.0, Avg: 0.0, Max: 0.0, Diff: 0.0, Sum: 0.0]
      [Object Copy (ms): Min: 0.8, Avg: 0.8, Max: 0.8, Diff: 0.1, Sum: 4.7]
      [Termination (ms): Min: 0.0, Avg: 0.0, Max: 0.0, Diff: 0.0, Sum: 0.0]
         [Termination Attempts: Min: 1, Avg: 1.0, Max: 1, Diff: 0, Sum: 6]
      [GC Worker Other (ms): Min: 0.0, Avg: 0.1, Max: 0.1, Diff: 0.1, Sum: 0.5]
      [GC Worker Total (ms): Min: 1.2, Avg: 1.5, Max: 1.6, Diff: 0.4, Sum: 8.9]
      [GC Worker End (ms): Min: 796769.8, Avg: 796769.8, Max: 796769.9, Diff: 0.1]
   [Code Root Fixup: 0.0 ms]
   [Code Root Purge: 0.0 ms]
   [Clear CT: 0.5 ms]
   [Other: 1.0 ms]
      [Choose CSet: 0.0 ms]
      [Ref Proc: 0.1 ms]
      [Ref Enq: 0.0 ms]
      [Redirty Cards: 0.1 ms]
      [Humongous Register: 0.1 ms]
      [Humongous Reclaim: 0.0 ms]
      [Free CSet: 0.7 ms]
   [Eden: 2446.0M(2446.0M)->0.0B(2448.0M) Survivors: 10240.0K->8192.0K Heap: 2479.5M(4096.0M)->33293.7K(4096.0M)]
 [Times: user=0.00 sys=0.00, real=0.00 secs] 
2024-10-12T19:05:46.482+0300: 796.771: Total time for which application threads were stopped: 0.0036263 seconds, Stopping threads took: 0.0001948 seconds
2024-10-12T19:05:47.267+0300: 797.559: Application time: 0.7878654 seconds
2024-10-12T19:05:47.267+0300: 797.560: [GC pause (G1 Evacuation Pause) (young), 0.0034108 secs]
   [Parallel Time: 1.8 ms, GC Workers: 6]
      [GC Worker Start (ms): Min: 797559.8, Avg: 797559.8, Max: 797559.9, Diff: 0.0]
      [Ext Root Scanning (ms): Min: 0.3, Avg: 0.3, Max: 0.4, Diff: 0.1, Sum: 2.0]
      [Update RS (ms): Min: 0.0, Avg: 0.1, Max: 0.1, Diff: 0.1, Sum: 0.6]
         [Processed Buffers: Min: 0, Avg: 2.2, Max: 4, Diff: 4, Sum: 13]
      [Scan RS (ms): Min: 0.0, Avg: 0.2, Max: 0.2, Diff: 0.2, Sum: 1.0]
      [Code Root Scanning (ms): Min: 0.0, Avg: 0.0, Max: 0.0, Diff: 0.0, Sum: 0.0]
      [Object Copy (ms): Min: 0.7, Avg: 0.8, Max: 1.0, Diff: 0.3, Sum: 4.8]
      [Termination (ms): Min: 0.0, Avg: 0.0, Max: 0.0, Diff: 0.0, Sum: 0.0]
         [Termination Attempts: Min: 1, Avg: 1.0, Max: 1, Diff: 0, Sum: 6]
      [GC Worker Other (ms): Min: 0.0, Avg: 0.1, Max: 0.2, Diff: 0.1, Sum: 0.7]
      [GC Worker Total (ms): Min: 1.4, Avg: 1.5, Max: 1.6, Diff: 0.2, Sum: 9.1]
      [GC Worker End (ms): Min: 797561.3, Avg: 797561.4, Max: 797561.4, Diff: 0.1]
   [Code Root Fixup: 0.0 ms]
   [Code Root Purge: 0.0 ms]
   [Clear CT: 0.5 ms]
   [Other: 1.1 ms]
      [Choose CSet: 0.0 ms]
      [Ref Proc: 0.2 ms]
      [Ref Enq: 0.0 ms]
      [Redirty Cards: 0.1 ms]
      [Humongous Register: 0.1 ms]
      [Humongous Reclaim: 0.0 ms]
      [Free CSet: 0.6 ms]
   [Eden: 2448.0M(2448.0M)->0.0B(2446.0M) Survivors: 8192.0K->10240.0K Heap: 2480.5M(4096.0M)->35283.9K(4096.0M)]
 [Times: user=0.00 sys=0.00, real=0.02 secs] 
2024-10-12T19:05:47.282+0300: 797.563: Total time for which application threads were stopped: 0.0038717 seconds, Stopping threads took: 0.0001988 seconds
2024-10-12T19:05:48.053+0300: 798.345: Application time: 0.7822201 seconds
2024-10-12T19:05:48.053+0300: 798.346: [GC pause (G1 Evacuation Pause) (young), 0.0035394 secs]
   [Parallel Time: 1.7 ms, GC Workers: 6]
      [GC Worker Start (ms): Min: 798345.9, Avg: 798346.0, Max: 798346.0, Diff: 0.1]
      [Ext Root Scanning (ms): Min: 0.3, Avg: 0.4, Max: 0.4, Diff: 0.1, Sum: 2.2]
      [Update RS (ms): Min: 0.0, Avg: 0.1, Max: 0.1, Diff: 0.1, Sum: 0.6]
         [Processed Buffers: Min: 0, Avg: 2.2, Max: 4, Diff: 4, Sum: 13]
      [Scan RS (ms): Min: 0.2, Avg: 0.2, Max: 0.2, Diff: 0.0, Sum: 1.0]
      [Code Root Scanning (ms): Min: 0.0, Avg: 0.0, Max: 0.0, Diff: 0.0, Sum: 0.0]
      [Object Copy (ms): Min: 0.9, Avg: 0.9, Max: 1.0, Diff: 0.1, Sum: 5.3]
      [Termination (ms): Min: 0.0, Avg: 0.0, Max: 0.1, Diff: 0.1, Sum: 0.2]
         [Termination Attempts: Min: 1, Avg: 1.0, Max: 1, Diff: 0, Sum: 6]
      [GC Worker Other (ms): Min: 0.0, Avg: 0.0, Max: 0.1, Diff: 0.1, Sum: 0.3]
      [GC Worker Total (ms): Min: 1.6, Avg: 1.6, Max: 1.6, Diff: 0.0, Sum: 9.6]
      [GC Worker End (ms): Min: 798347.5, Avg: 798347.6, Max: 798347.6, Diff: 0.1]
   [Code Root Fixup: 0.0 ms]
   [Code Root Purge: 0.0 ms]
   [Clear CT: 0.6 ms]
   [Other: 1.3 ms]
      [Choose CSet: 0.0 ms]
      [Ref Proc: 0.1 ms]
      [Ref Enq: 0.0 ms]
      [Redirty Cards: 0.1 ms]
      [Humongous Register: 0.1 ms]
      [Humongous Reclaim: 0.0 ms]
      [Free CSet: 0.7 ms]
   [Eden: 2446.0M(2446.0M)->0.0B(2448.0M) Survivors: 10240.0K->8192.0K Heap: 2480.5M(4096.0M)->33063.5K(4096.0M)]
 [Times: user=0.02 sys=0.00, real=0.02 secs] 
2024-10-12T19:05:48.068+0300: 798.349: Total time for which application threads were stopped: 0.0040313 seconds, Stopping threads took: 0.0001678 seconds
2024-10-12T19:05:48.838+0300: 799.123: Application time: 0.7731813 seconds
2024-10-12T19:05:48.838+0300: 799.123: [GC pause (G1 Evacuation Pause) (young), 0.0030342 secs]
   [Parallel Time: 1.5 ms, GC Workers: 6]
      [GC Worker Start (ms): Min: 799123.0, Avg: 799123.0, Max: 799123.1, Diff: 0.1]
      [Ext Root Scanning (ms): Min: 0.3, Avg: 0.3, Max: 0.4, Diff: 0.1, Sum: 2.0]
      [Update RS (ms): Min: 0.1, Avg: 0.1, Max: 0.1, Diff: 0.0, Sum: 0.6]
         [Processed Buffers: Min: 1, Avg: 2.2, Max: 3, Diff: 2, Sum: 13]
      [Scan RS (ms): Min: 0.2, Avg: 0.2, Max: 0.2, Diff: 0.0, Sum: 1.1]
      [Code Root Scanning (ms): Min: 0.0, Avg: 0.0, Max: 0.0, Diff: 0.0, Sum: 0.0]
      [Object Copy (ms): Min: 0.7, Avg: 0.7, Max: 0.7, Diff: 0.0, Sum: 4.3]
      [Termination (ms): Min: 0.0, Avg: 0.0, Max: 0.0, Diff: 0.0, Sum: 0.0]
         [Termination Attempts: Min: 1, Avg: 1.0, Max: 1, Diff: 0, Sum: 6]
      [GC Worker Other (ms): Min: 0.0, Avg: 0.1, Max: 0.1, Diff: 0.1, Sum: 0.5]
      [GC Worker Total (ms): Min: 1.4, Avg: 1.4, Max: 1.5, Diff: 0.1, Sum: 8.5]
      [GC Worker End (ms): Min: 799124.4, Avg: 799124.5, Max: 799124.5, Diff: 0.1]
   [Code Root Fixup: 0.0 ms]
   [Code Root Purge: 0.0 ms]
   [Clear CT: 0.5 ms]
   [Other: 1.0 ms]
      [Choose CSet: 0.0 ms]
      [Ref Proc: 0.1 ms]
      [Ref Enq: 0.0 ms]
      [Redirty Cards: 0.1 ms]
      [Humongous Register: 0.0 ms]
      [Humongous Reclaim: 0.0 ms]
      [Free CSet: 0.6 ms]
   [Eden: 2448.0M(2448.0M)->0.0B(2446.0M) Survivors: 8192.0K->10240.0K Heap: 2480.3M(4096.0M)->34182.5K(4096.0M)]
 [Times: user=0.00 sys=0.00, real=0.00 secs] 
2024-10-12T19:05:48.838+0300: 799.126: Total time for which application threads were stopped: 0.0034121 seconds, Stopping threads took: 0.0001502 seconds
2024-10-12T19:05:49.622+0300: 799.908: Application time: 0.7818986 seconds
2024-10-12T19:05:49.622+0300: 799.908: [GC pause (G1 Evacuation Pause) (young), 0.0031331 secs]
   [Parallel Time: 1.7 ms, GC Workers: 6]
      [GC Worker Start (ms): Min: 799908.3, Avg: 799908.4, Max: 799908.4, Diff: 0.1]
      [Ext Root Scanning (ms): Min: 0.3, Avg: 0.3, Max: 0.4, Diff: 0.1, Sum: 2.0]
      [Update RS (ms): Min: 0.1, Avg: 0.1, Max: 0.1, Diff: 0.0, Sum: 0.6]
         [Processed Buffers: Min: 1, Avg: 2.2, Max: 3, Diff: 2, Sum: 13]
      [Scan RS (ms): Min: 0.2, Avg: 0.2, Max: 0.2, Diff: 0.0, Sum: 1.2]
      [Code Root Scanning (ms): Min: 0.0, Avg: 0.0, Max: 0.0, Diff: 0.0, Sum: 0.0]
      [Object Copy (ms): Min: 0.8, Avg: 0.8, Max: 0.8, Diff: 0.1, Sum: 4.9]
      [Termination (ms): Min: 0.0, Avg: 0.0, Max: 0.0, Diff: 0.0, Sum: 0.0]
         [Termination Attempts: Min: 1, Avg: 1.5, Max: 2, Diff: 1, Sum: 9]
      [GC Worker Other (ms): Min: 0.0, Avg: 0.1, Max: 0.1, Diff: 0.1, Sum: 0.5]
      [GC Worker Total (ms): Min: 1.5, Avg: 1.5, Max: 1.6, Diff: 0.1, Sum: 9.2]
      [GC Worker End (ms): Min: 799909.9, Avg: 799909.9, Max: 799909.9, Diff: 0.1]
   [Code Root Fixup: 0.0 ms]
   [Code Root Purge: 0.0 ms]
   [Clear CT: 0.5 ms]
   [Other: 1.0 ms]
      [Choose CSet: 0.0 ms]
      [Ref Proc: 0.1 ms]
      [Ref Enq: 0.0 ms]
      [Redirty Cards: 0.1 ms]
      [Humongous Register: 0.0 ms]
      [Humongous Reclaim: 0.0 ms]
      [Free CSet: 0.6 ms]
   [Eden: 2446.0M(2446.0M)->0.0B(2446.0M) Survivors: 10240.0K->10240.0K Heap: 2479.4M(4096.0M)->35118.3K(4096.0M)]
 [Times: user=0.00 sys=0.00, real=0.00 secs] 
2024-10-12T19:05:49.622+0300: 799.912: Total time for which application threads were stopped: 0.0035438 seconds, Stopping threads took: 0.0001783 seconds
2024-10-12T19:05:50.408+0300: 800.694: Application time: 0.7829198 seconds
2024-10-12T19:05:50.408+0300: 800.695: [GC pause (G1 Evacuation Pause) (young), 0.0032754 secs]
   [Parallel Time: 1.6 ms, GC Workers: 6]
      [GC Worker Start (ms): Min: 800694.8, Avg: 800694.8, Max: 800694.9, Diff: 0.1]
      [Ext Root Scanning (ms): Min: 0.3, Avg: 0.3, Max: 0.4, Diff: 0.1, Sum: 2.0]
      [Update RS (ms): Min: 0.1, Avg: 0.1, Max: 0.1, Diff: 0.0, Sum: 0.6]
         [Processed Buffers: Min: 1, Avg: 2.2, Max: 3, Diff: 2, Sum: 13]
      [Scan RS (ms): Min: 0.2, Avg: 0.2, Max: 0.2, Diff: 0.0, Sum: 1.1]
      [Code Root Scanning (ms): Min: 0.0, Avg: 0.0, Max: 0.0, Diff: 0.0, Sum: 0.0]
      [Object Copy (ms): Min: 0.7, Avg: 0.7, Max: 0.8, Diff: 0.0, Sum: 4.5]
      [Termination (ms): Min: 0.0, Avg: 0.0, Max: 0.0, Diff: 0.0, Sum: 0.0]
         [Termination Attempts: Min: 1, Avg: 1.0, Max: 1, Diff: 0, Sum: 6]
      [GC Worker Other (ms): Min: 0.0, Avg: 0.1, Max: 0.2, Diff: 0.2, Sum: 0.7]
      [GC Worker Total (ms): Min: 1.4, Avg: 1.5, Max: 1.6, Diff: 0.2, Sum: 8.9]
      [GC Worker End (ms): Min: 800696.2, Avg: 800696.3, Max: 800696.4, Diff: 0.2]
   [Code Root Fixup: 0.0 ms]
   [Code Root Purge: 0.0 ms]
   [Clear CT: 0.5 ms]
   [Other: 1.1 ms]
      [Choose CSet: 0.0 ms]
      [Ref Proc: 0.1 ms]
      [Ref Enq: 0.0 ms]
      [Redirty Cards: 0.1 ms]
      [Humongous Register: 0.0 ms]
      [Humongous Reclaim: 0.0 ms]
      [Free CSet: 0.7 ms]
   [Eden: 2446.0M(2446.0M)->0.0B(2446.0M) Survivors: 10240.0K->10240.0K Heap: 2480.3M(4096.0M)->34242.0K(4096.0M)]
 [Times: user=0.00 sys=0.00, real=0.00 secs] 
2024-10-12T19:05:50.408+0300: 800.698: Total time for which application threads were stopped: 0.0036381 seconds, Stopping threads took: 0.0001341 seconds
2024-10-12T19:05:51.192+0300: 801.476: Application time: 0.7781313 seconds
2024-10-12T19:05:51.192+0300: 801.477: [GC pause (G1 Evacuation Pause) (young), 0.0033327 secs]
   [Parallel Time: 1.6 ms, GC Workers: 6]
      [GC Worker Start (ms): Min: 801476.6, Avg: 801476.7, Max: 801476.7, Diff: 0.0]
      [Ext Root Scanning (ms): Min: 0.3, Avg: 0.3, Max: 0.4, Diff: 0.0, Sum: 2.0]
      [Update RS (ms): Min: 0.1, Avg: 0.1, Max: 0.1, Diff: 0.0, Sum: 0.6]
         [Processed Buffers: Min: 1, Avg: 2.2, Max: 3, Diff: 2, Sum: 13]
      [Scan RS (ms): Min: 0.2, Avg: 0.2, Max: 0.2, Diff: 0.0, Sum: 1.0]
      [Code Root Scanning (ms): Min: 0.0, Avg: 0.0, Max: 0.0, Diff: 0.0, Sum: 0.0]
      [Object Copy (ms): Min: 0.7, Avg: 0.7, Max: 0.8, Diff: 0.0, Sum: 4.4]
      [Termination (ms): Min: 0.0, Avg: 0.0, Max: 0.0, Diff: 0.0, Sum: 0.0]
         [Termination Attempts: Min: 1, Avg: 1.2, Max: 2, Diff: 1, Sum: 7]
      [GC Worker Other (ms): Min: 0.0, Avg: 0.1, Max: 0.1, Diff: 0.1, Sum: 0.6]
      [GC Worker Total (ms): Min: 1.4, Avg: 1.4, Max: 1.5, Diff: 0.1, Sum: 8.6]
      [GC Worker End (ms): Min: 801478.0, Avg: 801478.1, Max: 801478.1, Diff: 0.1]
   [Code Root Fixup: 0.0 ms]
   [Code Root Purge: 0.0 ms]
   [Clear CT: 0.5 ms]
   [Other: 1.2 ms]
      [Choose CSet: 0.0 ms]
      [Ref Proc: 0.2 ms]
      [Ref Enq: 0.0 ms]
      [Redirty Cards: 0.1 ms]
      [Humongous Register: 0.1 ms]
      [Humongous Reclaim: 0.0 ms]
      [Free CSet: 0.7 ms]
   [Eden: 2446.0M(2446.0M)->0.0B(2448.0M) Survivors: 10240.0K->8192.0K Heap: 2479.4M(4096.0M)->33149.0K(4096.0M)]
 [Times: user=0.00 sys=0.00, real=0.00 secs] 
2024-10-12T19:05:51.192+0300: 801.480: Total time for which application threads were stopped: 0.0037553 seconds, Stopping threads took: 0.0001776 seconds
2024-10-12T19:05:51.977+0300: 802.259: Application time: 0.7789790 seconds
2024-10-12T19:05:51.977+0300: 802.259: [GC pause (G1 Evacuation Pause) (young), 0.0036492 secs]
   [Parallel Time: 1.8 ms, GC Workers: 6]
      [GC Worker Start (ms): Min: 802259.3, Avg: 802259.4, Max: 802259.5, Diff: 0.1]
      [Ext Root Scanning (ms): Min: 0.2, Avg: 0.3, Max: 0.4, Diff: 0.1, Sum: 2.0]
      [Update RS (ms): Min: 0.0, Avg: 0.1, Max: 0.1, Diff: 0.1, Sum: 0.6]
         [Processed Buffers: Min: 0, Avg: 2.2, Max: 4, Diff: 4, Sum: 13]
      [Scan RS (ms): Min: 0.1, Avg: 0.2, Max: 0.2, Diff: 0.1, Sum: 1.0]
      [Code Root Scanning (ms): Min: 0.0, Avg: 0.0, Max: 0.0, Diff: 0.0, Sum: 0.0]
      [Object Copy (ms): Min: 0.8, Avg: 0.9, Max: 1.2, Diff: 0.4, Sum: 5.3]
      [Termination (ms): Min: 0.0, Avg: 0.1, Max: 0.2, Diff: 0.2, Sum: 0.7]
         [Termination Attempts: Min: 1, Avg: 1.2, Max: 2, Diff: 1, Sum: 7]
      [GC Worker Other (ms): Min: 0.0, Avg: 0.0, Max: 0.1, Diff: 0.1, Sum: 0.2]
      [GC Worker Total (ms): Min: 1.5, Avg: 1.6, Max: 1.7, Diff: 0.1, Sum: 9.8]
      [GC Worker End (ms): Min: 802261.0, Avg: 802261.0, Max: 802261.0, Diff: 0.1]
   [Code Root Fixup: 0.0 ms]
   [Code Root Purge: 0.0 ms]
   [Clear CT: 0.6 ms]
   [Other: 1.3 ms]
      [Choose CSet: 0.0 ms]
      [Ref Proc: 0.1 ms]
      [Ref Enq: 0.0 ms]
      [Redirty Cards: 0.1 ms]
      [Humongous Register: 0.1 ms]
      [Humongous Reclaim: 0.0 ms]
      [Free CSet: 0.8 ms]
   [Eden: 2448.0M(2448.0M)->0.0B(2444.0M) Survivors: 8192.0K->12288.0K Heap: 2480.4M(4096.0M)->36295.4K(4096.0M)]
 [Times: user=0.00 sys=0.00, real=0.00 secs] 
2024-10-12T19:05:51.977+0300: 802.263: Total time for which application threads were stopped: 0.0040522 seconds, Stopping threads took: 0.0001678 seconds
2024-10-12T19:05:52.746+0300: 803.034: Application time: 0.7708579 seconds
2024-10-12T19:05:52.746+0300: 803.034: [GC pause (G1 Evacuation Pause) (young), 0.0037256 secs]
   [Parallel Time: 2.2 ms, GC Workers: 6]
      [GC Worker Start (ms): Min: 803034.3, Avg: 803034.3, Max: 803034.3, Diff: 0.1]
      [Ext Root Scanning (ms): Min: 0.3, Avg: 0.3, Max: 0.4, Diff: 0.1, Sum: 2.0]
      [Update RS (ms): Min: 0.1, Avg: 0.1, Max: 0.1, Diff: 0.0, Sum: 0.6]
         [Processed Buffers: Min: 1, Avg: 2.0, Max: 3, Diff: 2, Sum: 12]
      [Scan RS (ms): Min: 0.1, Avg: 0.2, Max: 0.2, Diff: 0.0, Sum: 1.1]
      [Code Root Scanning (ms): Min: 0.0, Avg: 0.0, Max: 0.0, Diff: 0.0, Sum: 0.0]
      [Object Copy (ms): Min: 1.3, Avg: 1.4, Max: 1.4, Diff: 0.0, Sum: 8.1]
      [Termination (ms): Min: 0.0, Avg: 0.0, Max: 0.0, Diff: 0.0, Sum: 0.0]
         [Termination Attempts: Min: 1, Avg: 1.0, Max: 1, Diff: 0, Sum: 6]
      [GC Worker Other (ms): Min: 0.0, Avg: 0.1, Max: 0.1, Diff: 0.1, Sum: 0.5]
      [GC Worker Total (ms): Min: 2.0, Avg: 2.1, Max: 2.1, Diff: 0.1, Sum: 12.4]
      [GC Worker End (ms): Min: 803036.3, Avg: 803036.4, Max: 803036.4, Diff: 0.1]
   [Code Root Fixup: 0.0 ms]
   [Code Root Purge: 0.0 ms]
   [Clear CT: 0.5 ms]
   [Other: 1.0 ms]
      [Choose CSet: 0.0 ms]
      [Ref Proc: 0.1 ms]
      [Ref Enq: 0.0 ms]
      [Redirty Cards: 0.1 ms]
      [Humongous Register: 0.1 ms]
      [Humongous Reclaim: 0.0 ms]
      [Free CSet: 0.6 ms]
   [Eden: 2444.0M(2444.0M)->0.0B(2446.0M) Survivors: 12288.0K->10240.0K Heap: 2479.4M(4096.0M)->35082.7K(4096.0M)]
 [Times: user=0.00 sys=0.00, real=0.00 secs] 
2024-10-12T19:05:52.746+0300: 803.038: Total time for which application threads were stopped: 0.0041603 seconds, Stopping threads took: 0.0002050 seconds
2024-10-12T19:05:53.531+0300: 803.821: Application time: 0.7825158 seconds
2024-10-12T19:05:53.531+0300: 803.821: [GC pause (G1 Evacuation Pause) (young), 0.0031110 secs]
   [Parallel Time: 1.6 ms, GC Workers: 6]
      [GC Worker Start (ms): Min: 803820.9, Avg: 803821.0, Max: 803821.0, Diff: 0.1]
      [Ext Root Scanning (ms): Min: 0.3, Avg: 0.3, Max: 0.4, Diff: 0.1, Sum: 2.1]
      [Update RS (ms): Min: 0.1, Avg: 0.1, Max: 0.1, Diff: 0.1, Sum: 0.6]
         [Processed Buffers: Min: 1, Avg: 2.2, Max: 3, Diff: 2, Sum: 13]
      [Scan RS (ms): Min: 0.2, Avg: 0.2, Max: 0.2, Diff: 0.0, Sum: 1.1]
      [Code Root Scanning (ms): Min: 0.0, Avg: 0.0, Max: 0.0, Diff: 0.0, Sum: 0.0]
      [Object Copy (ms): Min: 0.8, Avg: 0.8, Max: 0.8, Diff: 0.1, Sum: 4.8]
      [Termination (ms): Min: 0.0, Avg: 0.0, Max: 0.0, Diff: 0.0, Sum: 0.0]
         [Termination Attempts: Min: 1, Avg: 1.0, Max: 1, Diff: 0, Sum: 6]
      [GC Worker Other (ms): Min: 0.0, Avg: 0.1, Max: 0.1, Diff: 0.1, Sum: 0.5]
      [GC Worker Total (ms): Min: 1.5, Avg: 1.5, Max: 1.6, Diff: 0.1, Sum: 9.2]
      [GC Worker End (ms): Min: 803822.4, Avg: 803822.5, Max: 803822.5, Diff: 0.1]
   [Code Root Fixup: 0.0 ms]
   [Code Root Purge: 0.0 ms]
   [Clear CT: 0.5 ms]
   [Other: 1.0 ms]
      [Choose CSet: 0.0 ms]
      [Ref Proc: 0.1 ms]
      [Ref Enq: 0.0 ms]
      [Redirty Cards: 0.1 ms]
      [Humongous Register: 0.0 ms]
      [Humongous Reclaim: 0.0 ms]
      [Free CSet: 0.6 ms]
   [Eden: 2446.0M(2446.0M)->0.0B(2448.0M) Survivors: 10240.0K->8192.0K Heap: 2480.3M(4096.0M)->33318.2K(4096.0M)]
 [Times: user=0.00 sys=0.00, real=0.00 secs] 
2024-10-12T19:05:53.531+0300: 803.824: Total time for which application threads were stopped: 0.0035293 seconds, Stopping threads took: 0.0001817 seconds
2024-10-12T19:05:54.317+0300: 804.603: Application time: 0.7785925 seconds
2024-10-12T19:05:54.317+0300: 804.603: [GC pause (G1 Evacuation Pause) (young), 0.0042671 secs]
   [Parallel Time: 2.5 ms, GC Workers: 6]
      [GC Worker Start (ms): Min: 804603.1, Avg: 804603.1, Max: 804603.1, Diff: 0.0]
      [Ext Root Scanning (ms): Min: 0.3, Avg: 0.3, Max: 0.3, Diff: 0.0, Sum: 1.9]
      [Update RS (ms): Min: 0.1, Avg: 0.1, Max: 0.1, Diff: 0.0, Sum: 0.6]
         [Processed Buffers: Min: 1, Avg: 2.2, Max: 3, Diff: 2, Sum: 13]
      [Scan RS (ms): Min: 0.1, Avg: 0.2, Max: 0.2, Diff: 0.0, Sum: 1.0]
      [Code Root Scanning (ms): Min: 0.0, Avg: 0.0, Max: 0.0, Diff: 0.0, Sum: 0.0]
      [Object Copy (ms): Min: 1.6, Avg: 1.6, Max: 1.6, Diff: 0.0, Sum: 9.7]
      [Termination (ms): Min: 0.0, Avg: 0.0, Max: 0.0, Diff: 0.0, Sum: 0.0]
         [Termination Attempts: Min: 1, Avg: 1.0, Max: 1, Diff: 0, Sum: 6]
      [GC Worker Other (ms): Min: 0.0, Avg: 0.1, Max: 0.1, Diff: 0.1, Sum: 0.5]
      [GC Worker Total (ms): Min: 2.2, Avg: 2.3, Max: 2.3, Diff: 0.1, Sum: 13.7]
      [GC Worker End (ms): Min: 804605.3, Avg: 804605.4, Max: 804605.5, Diff: 0.1]
   [Code Root Fixup: 0.0 ms]
   [Code Root Purge: 0.0 ms]
   [Clear CT: 0.6 ms]
   [Other: 1.2 ms]
      [Choose CSet: 0.0 ms]
      [Ref Proc: 0.1 ms]
      [Ref Enq: 0.0 ms]
      [Redirty Cards: 0.1 ms]
      [Humongous Register: 0.1 ms]
      [Humongous Reclaim: 0.0 ms]
      [Free CSet: 0.8 ms]
   [Eden: 2448.0M(2448.0M)->0.0B(2444.0M) Survivors: 8192.0K->12288.0K Heap: 2480.5M(4096.0M)->37365.0K(4096.0M)]
 [Times: user=0.00 sys=0.00, real=0.00 secs] 
2024-10-12T19:05:54.317+0300: 804.607: Total time for which application threads were stopped: 0.0046944 seconds, Stopping threads took: 0.0001867 seconds
2024-10-12T19:05:55.100+0300: 805.387: Application time: 0.7794210 seconds
2024-10-12T19:05:55.100+0300: 805.387: [GC pause (G1 Evacuation Pause) (young), 0.0040023 secs]
   [Parallel Time: 2.3 ms, GC Workers: 6]
      [GC Worker Start (ms): Min: 805387.2, Avg: 805387.2, Max: 805387.2, Diff: 0.0]
      [Ext Root Scanning (ms): Min: 0.3, Avg: 0.3, Max: 0.4, Diff: 0.1, Sum: 1.9]
      [Update RS (ms): Min: 0.1, Avg: 0.1, Max: 0.1, Diff: 0.1, Sum: 0.6]
         [Processed Buffers: Min: 1, Avg: 2.2, Max: 3, Diff: 2, Sum: 13]
      [Scan RS (ms): Min: 0.2, Avg: 0.2, Max: 0.2, Diff: 0.0, Sum: 1.0]
      [Code Root Scanning (ms): Min: 0.0, Avg: 0.0, Max: 0.0, Diff: 0.0, Sum: 0.0]
      [Object Copy (ms): Min: 1.3, Avg: 1.4, Max: 1.4, Diff: 0.1, Sum: 8.2]
      [Termination (ms): Min: 0.0, Avg: 0.0, Max: 0.0, Diff: 0.0, Sum: 0.0]
         [Termination Attempts: Min: 1, Avg: 1.0, Max: 1, Diff: 0, Sum: 6]
      [GC Worker Other (ms): Min: 0.1, Avg: 0.1, Max: 0.2, Diff: 0.1, Sum: 0.8]
      [GC Worker Total (ms): Min: 2.0, Avg: 2.1, Max: 2.2, Diff: 0.1, Sum: 12.6]
      [GC Worker End (ms): Min: 805389.2, Avg: 805389.3, Max: 805389.4, Diff: 0.1]
   [Code Root Fixup: 0.0 ms]
   [Code Root Purge: 0.0 ms]
   [Clear CT: 0.5 ms]
   [Other: 1.1 ms]
      [Choose CSet: 0.0 ms]
      [Ref Proc: 0.2 ms]
      [Ref Enq: 0.0 ms]
      [Redirty Cards: 0.1 ms]
      [Humongous Register: 0.0 ms]
      [Humongous Reclaim: 0.0 ms]
      [Free CSet: 0.7 ms]
   [Eden: 2444.0M(2444.0M)->0.0B(2444.0M) Survivors: 12288.0K->12288.0K Heap: 2480.5M(4096.0M)->37419.2K(4096.0M)]
 [Times: user=0.00 sys=0.00, real=0.00 secs] 
2024-10-12T19:05:55.100+0300: 805.391: Total time for which application threads were stopped: 0.0044138 seconds, Stopping threads took: 0.0001667 seconds
2024-10-12T19:05:55.884+0300: 806.163: Application time: 0.7719790 seconds
2024-10-12T19:05:55.884+0300: 806.163: [GC pause (G1 Evacuation Pause) (young), 0.0031182 secs]
   [Parallel Time: 1.6 ms, GC Workers: 6]
      [GC Worker Start (ms): Min: 806163.5, Avg: 806163.5, Max: 806163.6, Diff: 0.1]
      [Ext Root Scanning (ms): Min: 0.3, Avg: 0.3, Max: 0.4, Diff: 0.1, Sum: 2.0]
      [Update RS (ms): Min: 0.1, Avg: 0.1, Max: 0.1, Diff: 0.1, Sum: 0.6]
         [Processed Buffers: Min: 1, Avg: 2.2, Max: 3, Diff: 2, Sum: 13]
      [Scan RS (ms): Min: 0.1, Avg: 0.2, Max: 0.2, Diff: 0.1, Sum: 1.1]
      [Code Root Scanning (ms): Min: 0.0, Avg: 0.0, Max: 0.0, Diff: 0.0, Sum: 0.0]
      [Object Copy (ms): Min: 0.8, Avg: 0.8, Max: 0.8, Diff: 0.0, Sum: 4.8]
      [Termination (ms): Min: 0.0, Avg: 0.0, Max: 0.0, Diff: 0.0, Sum: 0.0]
         [Termination Attempts: Min: 1, Avg: 1.3, Max: 2, Diff: 1, Sum: 8]
      [GC Worker Other (ms): Min: 0.0, Avg: 0.1, Max: 0.1, Diff: 0.1, Sum: 0.5]
      [GC Worker Total (ms): Min: 1.4, Avg: 1.5, Max: 1.5, Diff: 0.1, Sum: 9.0]
      [GC Worker End (ms): Min: 806165.0, Avg: 806165.0, Max: 806165.1, Diff: 0.1]
   [Code Root Fixup: 0.0 ms]
   [Code Root Purge: 0.0 ms]
   [Clear CT: 0.4 ms]
   [Other: 1.1 ms]
      [Choose CSet: 0.0 ms]
      [Ref Proc: 0.1 ms]
      [Ref Enq: 0.0 ms]
      [Redirty Cards: 0.1 ms]
      [Humongous Register: 0.0 ms]
      [Humongous Reclaim: 0.0 ms]
      [Free CSet: 0.7 ms]
   [Eden: 2444.0M(2444.0M)->0.0B(2448.0M) Survivors: 12288.0K->8192.0K Heap: 2480.5M(4096.0M)->33325.7K(4096.0M)]
 [Times: user=0.00 sys=0.00, real=0.00 secs] 
2024-10-12T19:05:55.884+0300: 806.167: Total time for which application threads were stopped: 0.0034659 seconds, Stopping threads took: 0.0001275 seconds
2024-10-12T19:05:56.669+0300: 806.950: Application time: 0.7832371 seconds
2024-10-12T19:05:56.669+0300: 806.950: [GC pause (G1 Evacuation Pause) (young), 0.0033138 secs]
   [Parallel Time: 1.8 ms, GC Workers: 6]
      [GC Worker Start (ms): Min: 806950.3, Avg: 806950.4, Max: 806950.7, Diff: 0.4]
      [Ext Root Scanning (ms): Min: 0.0, Avg: 0.3, Max: 0.4, Diff: 0.4, Sum: 1.9]
      [Update RS (ms): Min: 0.0, Avg: 0.1, Max: 0.1, Diff: 0.1, Sum: 0.6]
         [Processed Buffers: Min: 0, Avg: 2.2, Max: 3, Diff: 3, Sum: 13]
      [Scan RS (ms): Min: 0.0, Avg: 0.2, Max: 0.2, Diff: 0.2, Sum: 1.1]
      [Code Root Scanning (ms): Min: 0.0, Avg: 0.0, Max: 0.0, Diff: 0.0, Sum: 0.0]
      [Object Copy (ms): Min: 0.8, Avg: 0.9, Max: 1.2, Diff: 0.4, Sum: 5.5]
      [Termination (ms): Min: 0.0, Avg: 0.0, Max: 0.0, Diff: 0.0, Sum: 0.0]
         [Termination Attempts: Min: 1, Avg: 2.0, Max: 3, Diff: 2, Sum: 12]
      [GC Worker Other (ms): Min: 0.0, Avg: 0.1, Max: 0.1, Diff: 0.1, Sum: 0.5]
      [GC Worker Total (ms): Min: 1.3, Avg: 1.6, Max: 1.7, Diff: 0.5, Sum: 9.7]
      [GC Worker End (ms): Min: 806951.9, Avg: 806952.0, Max: 806952.1, Diff: 0.1]
   [Code Root Fixup: 0.0 ms]
   [Code Root Purge: 0.0 ms]
   [Clear CT: 0.5 ms]
   [Other: 1.0 ms]
      [Choose CSet: 0.0 ms]
      [Ref Proc: 0.1 ms]
      [Ref Enq: 0.0 ms]
      [Redirty Cards: 0.1 ms]
      [Humongous Register: 0.0 ms]
      [Humongous Reclaim: 0.0 ms]
      [Free CSet: 0.6 ms]
   [Eden: 2448.0M(2448.0M)->0.0B(2448.0M) Survivors: 8192.0K->8192.0K Heap: 2480.5M(4096.0M)->32304.2K(4096.0M)]
 [Times: user=0.00 sys=0.00, real=0.00 secs] 
2024-10-12T19:05:56.669+0300: 806.954: Total time for which application threads were stopped: 0.0037582 seconds, Stopping threads took: 0.0001908 seconds
2024-10-12T19:05:57.458+0300: 807.737: Application time: 0.7837692 seconds
2024-10-12T19:05:57.458+0300: 807.738: [GC pause (G1 Evacuation Pause) (young), 0.0033313 secs]
   [Parallel Time: 1.7 ms, GC Workers: 6]
      [GC Worker Start (ms): Min: 807737.8, Avg: 807737.8, Max: 807737.9, Diff: 0.1]
      [Ext Root Scanning (ms): Min: 0.3, Avg: 0.3, Max: 0.4, Diff: 0.1, Sum: 2.1]
      [Update RS (ms): Min: 0.1, Avg: 0.1, Max: 0.1, Diff: 0.0, Sum: 0.6]
         [Processed Buffers: Min: 1, Avg: 2.2, Max: 4, Diff: 3, Sum: 13]
      [Scan RS (ms): Min: 0.1, Avg: 0.2, Max: 0.2, Diff: 0.0, Sum: 1.0]
      [Code Root Scanning (ms): Min: 0.0, Avg: 0.0, Max: 0.0, Diff: 0.0, Sum: 0.0]
      [Object Copy (ms): Min: 0.8, Avg: 0.8, Max: 0.8, Diff: 0.0, Sum: 5.0]
      [Termination (ms): Min: 0.0, Avg: 0.0, Max: 0.0, Diff: 0.0, Sum: 0.0]
         [Termination Attempts: Min: 1, Avg: 1.3, Max: 2, Diff: 1, Sum: 8]
      [GC Worker Other (ms): Min: 0.1, Avg: 0.1, Max: 0.2, Diff: 0.2, Sum: 0.9]
      [GC Worker Total (ms): Min: 1.5, Avg: 1.6, Max: 1.6, Diff: 0.1, Sum: 9.5]
      [GC Worker End (ms): Min: 807739.3, Avg: 807739.4, Max: 807739.5, Diff: 0.2]
   [Code Root Fixup: 0.0 ms]
   [Code Root Purge: 0.0 ms]
   [Clear CT: 0.5 ms]
   [Other: 1.1 ms]
      [Choose CSet: 0.0 ms]
      [Ref Proc: 0.1 ms]
      [Ref Enq: 0.0 ms]
      [Redirty Cards: 0.1 ms]
      [Humongous Register: 0.1 ms]
      [Humongous Reclaim: 0.0 ms]
      [Free CSet: 0.6 ms]
   [Eden: 2448.0M(2448.0M)->0.0B(2446.0M) Survivors: 8192.0K->10240.0K Heap: 2479.5M(4096.0M)->34308.0K(4096.0M)]
 [Times: user=0.01 sys=0.00, real=0.00 secs] 
2024-10-12T19:05:57.461+0300: 807.741: Total time for which application threads were stopped: 0.0037298 seconds, Stopping threads took: 0.0001350 seconds
2024-10-12T19:05:58.239+0300: 808.523: Application time: 0.7821423 seconds
2024-10-12T19:05:58.239+0300: 808.524: [GC pause (G1 Evacuation Pause) (young), 0.0037523 secs]
   [Parallel Time: 2.2 ms, GC Workers: 6]
      [GC Worker Start (ms): Min: 808523.8, Avg: 808523.8, Max: 808523.8, Diff: 0.1]
      [Ext Root Scanning (ms): Min: 0.3, Avg: 0.4, Max: 0.4, Diff: 0.1, Sum: 2.3]
      [Update RS (ms): Min: 0.1, Avg: 0.1, Max: 0.1, Diff: 0.1, Sum: 0.6]
         [Processed Buffers: Min: 1, Avg: 2.2, Max: 4, Diff: 3, Sum: 13]
      [Scan RS (ms): Min: 0.2, Avg: 0.2, Max: 0.2, Diff: 0.0, Sum: 1.1]
      [Code Root Scanning (ms): Min: 0.0, Avg: 0.0, Max: 0.0, Diff: 0.0, Sum: 0.0]
      [Object Copy (ms): Min: 1.3, Avg: 1.3, Max: 1.3, Diff: 0.0, Sum: 7.7]
      [Termination (ms): Min: 0.0, Avg: 0.0, Max: 0.0, Diff: 0.0, Sum: 0.0]
         [Termination Attempts: Min: 1, Avg: 1.0, Max: 1, Diff: 0, Sum: 6]
      [GC Worker Other (ms): Min: 0.0, Avg: 0.1, Max: 0.1, Diff: 0.1, Sum: 0.5]
      [GC Worker Total (ms): Min: 2.0, Avg: 2.0, Max: 2.1, Diff: 0.1, Sum: 12.3]
      [GC Worker End (ms): Min: 808525.8, Avg: 808525.8, Max: 808525.9, Diff: 0.1]
   [Code Root Fixup: 0.0 ms]
   [Code Root Purge: 0.0 ms]
   [Clear CT: 0.5 ms]
   [Other: 1.0 ms]
      [Choose CSet: 0.0 ms]
      [Ref Proc: 0.1 ms]
      [Ref Enq: 0.0 ms]
      [Redirty Cards: 0.1 ms]
      [Humongous Register: 0.1 ms]
      [Humongous Reclaim: 0.0 ms]
      [Free CSet: 0.7 ms]
   [Eden: 2446.0M(2446.0M)->0.0B(2444.0M) Survivors: 10240.0K->12288.0K Heap: 2479.5M(4096.0M)->37392.6K(4096.0M)]
 [Times: user=0.00 sys=0.00, real=0.00 secs] 
2024-10-12T19:05:58.239+0300: 808.528: Total time for which application threads were stopped: 0.0042067 seconds, Stopping threads took: 0.0001786 seconds
2024-10-12T19:05:59.024+0300: 809.308: Application time: 0.7806217 seconds
2024-10-12T19:05:59.029+0300: 809.308: [GC pause (G1 Evacuation Pause) (young), 0.0034451 secs]
   [Parallel Time: 1.7 ms, GC Workers: 6]
      [GC Worker Start (ms): Min: 809308.5, Avg: 809308.6, Max: 809308.6, Diff: 0.0]
      [Ext Root Scanning (ms): Min: 0.3, Avg: 0.3, Max: 0.3, Diff: 0.1, Sum: 1.9]
      [Update RS (ms): Min: 0.1, Avg: 0.1, Max: 0.1, Diff: 0.1, Sum: 0.6]
         [Processed Buffers: Min: 1, Avg: 2.2, Max: 3, Diff: 2, Sum: 13]
      [Scan RS (ms): Min: 0.2, Avg: 0.2, Max: 0.2, Diff: 0.0, Sum: 1.1]
      [Code Root Scanning (ms): Min: 0.0, Avg: 0.0, Max: 0.0, Diff: 0.0, Sum: 0.0]
      [Object Copy (ms): Min: 0.8, Avg: 0.8, Max: 0.8, Diff: 0.0, Sum: 4.7]
      [Termination (ms): Min: 0.0, Avg: 0.0, Max: 0.0, Diff: 0.0, Sum: 0.0]
         [Termination Attempts: Min: 1, Avg: 1.0, Max: 1, Diff: 0, Sum: 6]
      [GC Worker Other (ms): Min: 0.0, Avg: 0.1, Max: 0.2, Diff: 0.1, Sum: 0.6]
      [GC Worker Total (ms): Min: 1.4, Avg: 1.5, Max: 1.5, Diff: 0.1, Sum: 8.9]
      [GC Worker End (ms): Min: 809310.0, Avg: 809310.0, Max: 809310.1, Diff: 0.1]
   [Code Root Fixup: 0.0 ms]
   [Code Root Purge: 0.0 ms]
   [Clear CT: 0.6 ms]
   [Other: 1.2 ms]
      [Choose CSet: 0.0 ms]
      [Ref Proc: 0.2 ms]
      [Ref Enq: 0.0 ms]
      [Redirty Cards: 0.1 ms]
      [Humongous Register: 0.0 ms]
      [Humongous Reclaim: 0.0 ms]
      [Free CSet: 0.7 ms]
   [Eden: 2444.0M(2444.0M)->0.0B(2448.0M) Survivors: 12288.0K->8192.0K Heap: 2480.5M(4096.0M)->32311.7K(4096.0M)]
 [Times: user=0.00 sys=0.00, real=0.00 secs] 
2024-10-12T19:05:59.029+0300: 809.312: Total time for which application threads were stopped: 0.0038697 seconds, Stopping threads took: 0.0001886 seconds
2024-10-12T19:05:59.793+0300: 810.087: Application time: 0.7754770 seconds
2024-10-12T19:05:59.793+0300: 810.088: [GC pause (G1 Evacuation Pause) (young), 0.0031311 secs]
   [Parallel Time: 1.6 ms, GC Workers: 6]
      [GC Worker Start (ms): Min: 810087.9, Avg: 810087.9, Max: 810087.9, Diff: 0.1]
      [Ext Root Scanning (ms): Min: 0.2, Avg: 0.3, Max: 0.4, Diff: 0.2, Sum: 2.0]
      [Update RS (ms): Min: 0.1, Avg: 0.1, Max: 0.1, Diff: 0.1, Sum: 0.6]
         [Processed Buffers: Min: 1, Avg: 2.2, Max: 3, Diff: 2, Sum: 13]
      [Scan RS (ms): Min: 0.1, Avg: 0.2, Max: 0.2, Diff: 0.0, Sum: 1.0]
      [Code Root Scanning (ms): Min: 0.0, Avg: 0.0, Max: 0.0, Diff: 0.0, Sum: 0.0]
      [Object Copy (ms): Min: 0.7, Avg: 0.8, Max: 0.9, Diff: 0.2, Sum: 4.6]
      [Termination (ms): Min: 0.0, Avg: 0.0, Max: 0.0, Diff: 0.0, Sum: 0.0]
         [Termination Attempts: Min: 1, Avg: 1.0, Max: 1, Diff: 0, Sum: 6]
      [GC Worker Other (ms): Min: 0.0, Avg: 0.1, Max: 0.1, Diff: 0.1, Sum: 0.6]
      [GC Worker Total (ms): Min: 1.4, Avg: 1.5, Max: 1.5, Diff: 0.1, Sum: 8.9]
      [GC Worker End (ms): Min: 810089.3, Avg: 810089.4, Max: 810089.4, Diff: 0.1]
   [Code Root Fixup: 0.0 ms]
   [Code Root Purge: 0.0 ms]
   [Clear CT: 0.5 ms]
   [Other: 1.0 ms]
      [Choose CSet: 0.0 ms]
      [Ref Proc: 0.1 ms]
      [Ref Enq: 0.0 ms]
      [Redirty Cards: 0.1 ms]
      [Humongous Register: 0.0 ms]
      [Humongous Reclaim: 0.0 ms]
      [Free CSet: 0.7 ms]
   [Eden: 2448.0M(2448.0M)->0.0B(2448.0M) Survivors: 8192.0K->8192.0K Heap: 2479.6M(4096.0M)->32305.3K(4096.0M)]
 [Times: user=0.01 sys=0.00, real=0.02 secs] 
2024-10-12T19:05:59.809+0300: 810.091: Total time for which application threads were stopped: 0.0035308 seconds, Stopping threads took: 0.0001717 seconds
2024-10-12T19:06:00.595+0300: 810.876: Application time: 0.7849792 seconds
2024-10-12T19:06:00.595+0300: 810.876: [GC pause (G1 Evacuation Pause) (young), 0.0036785 secs]
   [Parallel Time: 2.1 ms, GC Workers: 6]
      [GC Worker Start (ms): Min: 810876.3, Avg: 810876.4, Max: 810876.4, Diff: 0.1]
      [Ext Root Scanning (ms): Min: 0.3, Avg: 0.3, Max: 0.4, Diff: 0.1, Sum: 2.0]
      [Update RS (ms): Min: 0.1, Avg: 0.1, Max: 0.1, Diff: 0.0, Sum: 0.6]
         [Processed Buffers: Min: 1, Avg: 2.2, Max: 4, Diff: 3, Sum: 13]
      [Scan RS (ms): Min: 0.1, Avg: 0.2, Max: 0.2, Diff: 0.1, Sum: 1.0]
      [Code Root Scanning (ms): Min: 0.0, Avg: 0.0, Max: 0.0, Diff: 0.0, Sum: 0.0]
      [Object Copy (ms): Min: 1.3, Avg: 1.3, Max: 1.4, Diff: 0.0, Sum: 8.1]
      [Termination (ms): Min: 0.0, Avg: 0.0, Max: 0.0, Diff: 0.0, Sum: 0.0]
         [Termination Attempts: Min: 1, Avg: 1.0, Max: 1, Diff: 0, Sum: 6]
      [GC Worker Other (ms): Min: 0.0, Avg: 0.1, Max: 0.1, Diff: 0.1, Sum: 0.4]
      [GC Worker Total (ms): Min: 2.0, Avg: 2.0, Max: 2.1, Diff: 0.1, Sum: 12.1]
      [GC Worker End (ms): Min: 810878.3, Avg: 810878.4, Max: 810878.4, Diff: 0.1]
   [Code Root Fixup: 0.0 ms]
   [Code Root Purge: 0.0 ms]
   [Clear CT: 0.5 ms]
   [Other: 1.0 ms]
      [Choose CSet: 0.0 ms]
      [Ref Proc: 0.1 ms]
      [Ref Enq: 0.0 ms]
      [Redirty Cards: 0.1 ms]
      [Humongous Register: 0.0 ms]
      [Humongous Reclaim: 0.0 ms]
      [Free CSet: 0.7 ms]
   [Eden: 2448.0M(2448.0M)->0.0B(2444.0M) Survivors: 8192.0K->12288.0K Heap: 2479.5M(4096.0M)->37306.7K(4096.0M)]
 [Times: user=0.00 sys=0.00, real=0.00 secs] 
2024-10-12T19:06:00.595+0300: 810.880: Total time for which application threads were stopped: 0.0040575 seconds, Stopping threads took: 0.0001407 seconds
2024-10-12T19:06:01.380+0300: 811.663: Application time: 0.7831354 seconds
2024-10-12T19:06:01.380+0300: 811.664: [GC pause (G1 Evacuation Pause) (young), 0.0033092 secs]
   [Parallel Time: 1.7 ms, GC Workers: 6]
      [GC Worker Start (ms): Min: 811663.6, Avg: 811663.7, Max: 811663.7, Diff: 0.0]
      [Ext Root Scanning (ms): Min: 0.3, Avg: 0.3, Max: 0.4, Diff: 0.0, Sum: 2.0]
      [Update RS (ms): Min: 0.1, Avg: 0.1, Max: 0.1, Diff: 0.1, Sum: 0.6]
         [Processed Buffers: Min: 1, Avg: 2.2, Max: 3, Diff: 2, Sum: 13]
      [Scan RS (ms): Min: 0.1, Avg: 0.2, Max: 0.2, Diff: 0.0, Sum: 1.0]
      [Code Root Scanning (ms): Min: 0.0, Avg: 0.0, Max: 0.0, Diff: 0.0, Sum: 0.0]
      [Object Copy (ms): Min: 0.8, Avg: 0.8, Max: 0.8, Diff: 0.0, Sum: 4.9]
      [Termination (ms): Min: 0.0, Avg: 0.0, Max: 0.0, Diff: 0.0, Sum: 0.0]
         [Termination Attempts: Min: 1, Avg: 1.0, Max: 1, Diff: 0, Sum: 6]
      [GC Worker Other (ms): Min: 0.0, Avg: 0.1, Max: 0.2, Diff: 0.2, Sum: 0.7]
      [GC Worker Total (ms): Min: 1.4, Avg: 1.5, Max: 1.6, Diff: 0.2, Sum: 9.2]
      [GC Worker End (ms): Min: 811665.1, Avg: 811665.2, Max: 811665.3, Diff: 0.2]
   [Code Root Fixup: 0.0 ms]
   [Code Root Purge: 0.0 ms]
   [Clear CT: 0.5 ms]
   [Other: 1.1 ms]
      [Choose CSet: 0.0 ms]
      [Ref Proc: 0.1 ms]
      [Ref Enq: 0.0 ms]
      [Redirty Cards: 0.1 ms]
      [Humongous Register: 0.0 ms]
      [Humongous Reclaim: 0.0 ms]
      [Free CSet: 0.7 ms]
   [Eden: 2444.0M(2444.0M)->0.0B(2446.0M) Survivors: 12288.0K->10240.0K Heap: 2480.4M(4096.0M)->35393.2K(4096.0M)]
 [Times: user=0.00 sys=0.00, real=0.00 secs] 
2024-10-12T19:06:01.380+0300: 811.667: Total time for which application threads were stopped: 0.0037435 seconds, Stopping threads took: 0.0002028 seconds
2024-10-12T19:06:02.165+0300: 812.445: Application time: 0.7778171 seconds
2024-10-12T19:06:02.165+0300: 812.445: [GC pause (G1 Evacuation Pause) (young), 0.0036900 secs]
   [Parallel Time: 1.8 ms, GC Workers: 6]
      [GC Worker Start (ms): Min: 812445.1, Avg: 812445.2, Max: 812445.2, Diff: 0.0]
      [Ext Root Scanning (ms): Min: 0.3, Avg: 0.3, Max: 0.4, Diff: 0.0, Sum: 2.0]
      [Update RS (ms): Min: 0.1, Avg: 0.1, Max: 0.1, Diff: 0.0, Sum: 0.6]
         [Processed Buffers: Min: 1, Avg: 2.2, Max: 4, Diff: 3, Sum: 13]
      [Scan RS (ms): Min: 0.1, Avg: 0.2, Max: 0.2, Diff: 0.0, Sum: 1.0]
      [Code Root Scanning (ms): Min: 0.0, Avg: 0.0, Max: 0.0, Diff: 0.0, Sum: 0.0]
      [Object Copy (ms): Min: 0.9, Avg: 1.0, Max: 1.0, Diff: 0.0, Sum: 5.8]
      [Termination (ms): Min: 0.0, Avg: 0.0, Max: 0.0, Diff: 0.0, Sum: 0.0]
         [Termination Attempts: Min: 1, Avg: 1.0, Max: 1, Diff: 0, Sum: 6]
      [GC Worker Other (ms): Min: 0.0, Avg: 0.1, Max: 0.2, Diff: 0.1, Sum: 0.5]
      [GC Worker Total (ms): Min: 1.6, Avg: 1.6, Max: 1.7, Diff: 0.1, Sum: 9.9]
      [GC Worker End (ms): Min: 812446.7, Avg: 812446.8, Max: 812446.9, Diff: 0.1]
   [Code Root Fixup: 0.0 ms]
   [Code Root Purge: 0.0 ms]
   [Clear CT: 0.7 ms]
   [Other: 1.2 ms]
      [Choose CSet: 0.0 ms]
      [Ref Proc: 0.1 ms]
      [Ref Enq: 0.0 ms]
      [Redirty Cards: 0.1 ms]
      [Humongous Register: 0.0 ms]
      [Humongous Reclaim: 0.0 ms]
      [Free CSet: 0.8 ms]
   [Eden: 2446.0M(2446.0M)->0.0B(2444.0M) Survivors: 10240.0K->12288.0K Heap: 2480.6M(4096.0M)->36419.7K(4096.0M)]
 [Times: user=0.00 sys=0.00, real=0.00 secs] 
2024-10-12T19:06:02.165+0300: 812.449: Total time for which application threads were stopped: 0.0041359 seconds, Stopping threads took: 0.0001518 seconds
2024-10-12T19:06:02.939+0300: 813.223: Application time: 0.7739728 seconds
2024-10-12T19:06:02.939+0300: 813.223: [GC pause (G1 Evacuation Pause) (young), 0.0032280 secs]
   [Parallel Time: 1.7 ms, GC Workers: 6]
      [GC Worker Start (ms): Min: 813223.3, Avg: 813223.3, Max: 813223.4, Diff: 0.1]
      [Ext Root Scanning (ms): Min: 0.3, Avg: 0.4, Max: 0.4, Diff: 0.1, Sum: 2.1]
      [Update RS (ms): Min: 0.1, Avg: 0.1, Max: 0.1, Diff: 0.0, Sum: 0.6]
         [Processed Buffers: Min: 1, Avg: 2.2, Max: 4, Diff: 3, Sum: 13]
      [Scan RS (ms): Min: 0.2, Avg: 0.2, Max: 0.2, Diff: 0.0, Sum: 1.1]
      [Code Root Scanning (ms): Min: 0.0, Avg: 0.0, Max: 0.0, Diff: 0.0, Sum: 0.0]
      [Object Copy (ms): Min: 0.8, Avg: 0.8, Max: 0.8, Diff: 0.0, Sum: 4.8]
      [Termination (ms): Min: 0.0, Avg: 0.0, Max: 0.0, Diff: 0.0, Sum: 0.0]
         [Termination Attempts: Min: 1, Avg: 1.8, Max: 3, Diff: 2, Sum: 11]
      [GC Worker Other (ms): Min: 0.0, Avg: 0.1, Max: 0.1, Diff: 0.1, Sum: 0.5]
      [GC Worker Total (ms): Min: 1.4, Avg: 1.5, Max: 1.6, Diff: 0.1, Sum: 9.2]
      [GC Worker End (ms): Min: 813224.8, Avg: 813224.9, Max: 813224.9, Diff: 0.1]
   [Code Root Fixup: 0.0 ms]
   [Code Root Purge: 0.0 ms]
   [Clear CT: 0.5 ms]
   [Other: 1.1 ms]
      [Choose CSet: 0.0 ms]
      [Ref Proc: 0.1 ms]
      [Ref Enq: 0.0 ms]
      [Redirty Cards: 0.1 ms]
      [Humongous Register: 0.1 ms]
      [Humongous Reclaim: 0.0 ms]
      [Free CSet: 0.7 ms]
   [Eden: 2444.0M(2444.0M)->0.0B(2448.0M) Survivors: 12288.0K->8192.0K Heap: 2479.6M(4096.0M)->33345.0K(4096.0M)]
 [Times: user=0.00 sys=0.00, real=0.00 secs] 
2024-10-12T19:06:02.939+0300: 813.227: Total time for which application threads were stopped: 0.0036506 seconds, Stopping threads took: 0.0001981 seconds
2024-10-12T19:06:03.718+0300: 814.013: Application time: 0.7866989 seconds
2024-10-12T19:06:03.734+0300: 814.014: [GC pause (G1 Evacuation Pause) (young), 0.0035510 secs]
   [Parallel Time: 2.1 ms, GC Workers: 6]
      [GC Worker Start (ms): Min: 814013.6, Avg: 814013.6, Max: 814013.7, Diff: 0.1]
      [Ext Root Scanning (ms): Min: 0.3, Avg: 0.3, Max: 0.4, Diff: 0.1, Sum: 2.0]
      [Update RS (ms): Min: 0.1, Avg: 0.1, Max: 0.1, Diff: 0.0, Sum: 0.6]
         [Processed Buffers: Min: 1, Avg: 2.2, Max: 4, Diff: 3, Sum: 13]
      [Scan RS (ms): Min: 0.2, Avg: 0.2, Max: 0.2, Diff: 0.0, Sum: 1.0]
      [Code Root Scanning (ms): Min: 0.0, Avg: 0.0, Max: 0.0, Diff: 0.0, Sum: 0.0]
      [Object Copy (ms): Min: 1.3, Avg: 1.3, Max: 1.3, Diff: 0.0, Sum: 7.7]
      [Termination (ms): Min: 0.0, Avg: 0.0, Max: 0.0, Diff: 0.0, Sum: 0.0]
         [Termination Attempts: Min: 1, Avg: 1.0, Max: 1, Diff: 0, Sum: 6]
      [GC Worker Other (ms): Min: 0.0, Avg: 0.1, Max: 0.1, Diff: 0.1, Sum: 0.4]
      [GC Worker Total (ms): Min: 1.9, Avg: 2.0, Max: 2.0, Diff: 0.1, Sum: 11.7]
      [GC Worker End (ms): Min: 814015.6, Avg: 814015.6, Max: 814015.6, Diff: 0.1]
   [Code Root Fixup: 0.0 ms]
   [Code Root Purge: 0.0 ms]
   [Clear CT: 0.5 ms]
   [Other: 1.0 ms]
      [Choose CSet: 0.0 ms]
      [Ref Proc: 0.1 ms]
      [Ref Enq: 0.0 ms]
      [Redirty Cards: 0.1 ms]
      [Humongous Register: 0.0 ms]
      [Humongous Reclaim: 0.0 ms]
      [Free CSet: 0.6 ms]
   [Eden: 2448.0M(2448.0M)->0.0B(2444.0M) Survivors: 8192.0K->12288.0K Heap: 2480.6M(4096.0M)->37194.7K(4096.0M)]
 [Times: user=0.00 sys=0.00, real=0.00 secs] 
2024-10-12T19:06:03.734+0300: 814.017: Total time for which application threads were stopped: 0.0039671 seconds, Stopping threads took: 0.0001531 seconds
2024-10-12T19:06:04.520+0300: 814.800: Application time: 0.7823431 seconds
2024-10-12T19:06:04.520+0300: 814.800: [GC pause (G1 Evacuation Pause) (young), 0.0034122 secs]
   [Parallel Time: 1.6 ms, GC Workers: 6]
      [GC Worker Start (ms): Min: 814799.9, Avg: 814800.0, Max: 814800.1, Diff: 0.2]
      [Ext Root Scanning (ms): Min: 0.2, Avg: 0.3, Max: 0.4, Diff: 0.2, Sum: 1.9]
      [Update RS (ms): Min: 0.1, Avg: 0.1, Max: 0.1, Diff: 0.1, Sum: 0.6]
         [Processed Buffers: Min: 1, Avg: 2.2, Max: 4, Diff: 3, Sum: 13]
      [Scan RS (ms): Min: 0.1, Avg: 0.2, Max: 0.2, Diff: 0.1, Sum: 1.0]
      [Code Root Scanning (ms): Min: 0.0, Avg: 0.0, Max: 0.0, Diff: 0.0, Sum: 0.0]
      [Object Copy (ms): Min: 0.7, Avg: 0.8, Max: 0.8, Diff: 0.1, Sum: 4.6]
      [Termination (ms): Min: 0.0, Avg: 0.0, Max: 0.0, Diff: 0.0, Sum: 0.0]
         [Termination Attempts: Min: 1, Avg: 2.5, Max: 5, Diff: 4, Sum: 15]
      [GC Worker Other (ms): Min: 0.0, Avg: 0.1, Max: 0.2, Diff: 0.1, Sum: 0.7]
      [GC Worker Total (ms): Min: 1.3, Avg: 1.5, Max: 1.6, Diff: 0.3, Sum: 8.9]
      [GC Worker End (ms): Min: 814801.4, Avg: 814801.4, Max: 814801.5, Diff: 0.1]
   [Code Root Fixup: 0.0 ms]
   [Code Root Purge: 0.0 ms]
   [Clear CT: 0.6 ms]
   [Other: 1.2 ms]
      [Choose CSet: 0.0 ms]
      [Ref Proc: 0.1 ms]
      [Ref Enq: 0.0 ms]
      [Redirty Cards: 0.1 ms]
      [Humongous Register: 0.1 ms]
      [Humongous Reclaim: 0.0 ms]
      [Free CSet: 0.7 ms]
   [Eden: 2444.0M(2444.0M)->0.0B(2448.0M) Survivors: 12288.0K->8192.0K Heap: 2480.3M(4096.0M)->32331.2K(4096.0M)]
 [Times: user=0.02 sys=0.00, real=0.00 secs] 
2024-10-12T19:06:04.520+0300: 814.803: Total time for which application threads were stopped: 0.0037790 seconds, Stopping threads took: 0.0001145 seconds
2024-10-12T19:06:05.305+0300: 815.585: Application time: 0.7816210 seconds
2024-10-12T19:06:05.305+0300: 815.585: [GC pause (G1 Evacuation Pause) (young), 0.0031985 secs]
   [Parallel Time: 1.6 ms, GC Workers: 6]
      [GC Worker Start (ms): Min: 815585.3, Avg: 815585.3, Max: 815585.4, Diff: 0.0]
      [Ext Root Scanning (ms): Min: 0.3, Avg: 0.3, Max: 0.3, Diff: 0.0, Sum: 1.9]
      [Update RS (ms): Min: 0.1, Avg: 0.1, Max: 0.1, Diff: 0.1, Sum: 0.6]
         [Processed Buffers: Min: 1, Avg: 2.2, Max: 4, Diff: 3, Sum: 13]
      [Scan RS (ms): Min: 0.2, Avg: 0.2, Max: 0.2, Diff: 0.0, Sum: 1.0]
      [Code Root Scanning (ms): Min: 0.0, Avg: 0.0, Max: 0.0, Diff: 0.0, Sum: 0.0]
      [Object Copy (ms): Min: 0.7, Avg: 0.7, Max: 0.7, Diff: 0.1, Sum: 4.1]
      [Termination (ms): Min: 0.0, Avg: 0.0, Max: 0.0, Diff: 0.0, Sum: 0.0]
         [Termination Attempts: Min: 1, Avg: 1.2, Max: 2, Diff: 1, Sum: 7]
      [GC Worker Other (ms): Min: 0.0, Avg: 0.1, Max: 0.2, Diff: 0.1, Sum: 0.6]
      [GC Worker Total (ms): Min: 1.3, Avg: 1.4, Max: 1.5, Diff: 0.1, Sum: 8.3]
      [GC Worker End (ms): Min: 815586.7, Avg: 815586.7, Max: 815586.8, Diff: 0.1]
   [Code Root Fixup: 0.0 ms]
   [Code Root Purge: 0.0 ms]
   [Clear CT: 0.5 ms]
   [Other: 1.1 ms]
      [Choose CSet: 0.0 ms]
      [Ref Proc: 0.1 ms]
      [Ref Enq: 0.0 ms]
      [Redirty Cards: 0.1 ms]
      [Humongous Register: 0.0 ms]
      [Humongous Reclaim: 0.0 ms]
      [Free CSet: 0.7 ms]
   [Eden: 2448.0M(2448.0M)->0.0B(2448.0M) Survivors: 8192.0K->8192.0K Heap: 2479.6M(4096.0M)->32286.4K(4096.0M)]
 [Times: user=0.00 sys=0.00, real=0.00 secs] 
2024-10-12T19:06:05.305+0300: 815.589: Total time for which application threads were stopped: 0.0035777 seconds, Stopping threads took: 0.0001670 seconds
2024-10-12T19:06:06.090+0300: 816.371: Application time: 0.7826726 seconds
2024-10-12T19:06:06.090+0300: 816.372: [GC pause (G1 Evacuation Pause) (young), 0.0034981 secs]
   [Parallel Time: 1.7 ms, GC Workers: 6]
      [GC Worker Start (ms): Min: 816371.7, Avg: 816371.7, Max: 816371.7, Diff: 0.1]
      [Ext Root Scanning (ms): Min: 0.3, Avg: 0.3, Max: 0.4, Diff: 0.1, Sum: 2.0]
      [Update RS (ms): Min: 0.1, Avg: 0.1, Max: 0.1, Diff: 0.1, Sum: 0.6]
         [Processed Buffers: Min: 1, Avg: 2.2, Max: 3, Diff: 2, Sum: 13]
      [Scan RS (ms): Min: 0.1, Avg: 0.2, Max: 0.2, Diff: 0.0, Sum: 1.0]
      [Code Root Scanning (ms): Min: 0.0, Avg: 0.0, Max: 0.0, Diff: 0.0, Sum: 0.0]
      [Object Copy (ms): Min: 0.8, Avg: 0.8, Max: 0.8, Diff: 0.1, Sum: 4.9]
      [Termination (ms): Min: 0.0, Avg: 0.0, Max: 0.0, Diff: 0.0, Sum: 0.0]
         [Termination Attempts: Min: 1, Avg: 2.8, Max: 4, Diff: 3, Sum: 17]
      [GC Worker Other (ms): Min: 0.0, Avg: 0.1, Max: 0.2, Diff: 0.1, Sum: 0.7]
      [GC Worker Total (ms): Min: 1.5, Avg: 1.5, Max: 1.6, Diff: 0.1, Sum: 9.3]
      [GC Worker End (ms): Min: 816373.2, Avg: 816373.2, Max: 816373.3, Diff: 0.1]
   [Code Root Fixup: 0.0 ms]
   [Code Root Purge: 0.0 ms]
   [Clear CT: 0.5 ms]
   [Other: 1.3 ms]
      [Choose CSet: 0.0 ms]
      [Ref Proc: 0.2 ms]
      [Ref Enq: 0.0 ms]
      [Redirty Cards: 0.1 ms]
      [Humongous Register: 0.1 ms]
      [Humongous Reclaim: 0.0 ms]
      [Free CSet: 0.8 ms]
   [Eden: 2448.0M(2448.0M)->0.0B(2446.0M) Survivors: 8192.0K->10240.0K Heap: 2479.5M(4096.0M)->35203.8K(4096.0M)]
 [Times: user=0.00 sys=0.00, real=0.00 secs] 
2024-10-12T19:06:06.090+0300: 816.375: Total time for which application threads were stopped: 0.0039405 seconds, Stopping threads took: 0.0001767 seconds
2024-10-12T19:06:06.860+0300: 817.148: Application time: 0.7730314 seconds
2024-10-12T19:06:06.860+0300: 817.148: [GC pause (G1 Evacuation Pause) (young), 0.0032276 secs]
   [Parallel Time: 1.7 ms, GC Workers: 6]
      [GC Worker Start (ms): Min: 817148.6, Avg: 817148.6, Max: 817148.6, Diff: 0.0]
      [Ext Root Scanning (ms): Min: 0.3, Avg: 0.3, Max: 0.4, Diff: 0.1, Sum: 2.0]
      [Update RS (ms): Min: 0.1, Avg: 0.1, Max: 0.1, Diff: 0.1, Sum: 0.6]
         [Processed Buffers: Min: 1, Avg: 2.2, Max: 4, Diff: 3, Sum: 13]
      [Scan RS (ms): Min: 0.2, Avg: 0.2, Max: 0.2, Diff: 0.0, Sum: 1.1]
      [Code Root Scanning (ms): Min: 0.0, Avg: 0.0, Max: 0.0, Diff: 0.0, Sum: 0.0]
      [Object Copy (ms): Min: 0.8, Avg: 0.9, Max: 0.9, Diff: 0.1, Sum: 5.1]
      [Termination (ms): Min: 0.0, Avg: 0.0, Max: 0.0, Diff: 0.0, Sum: 0.0]
         [Termination Attempts: Min: 1, Avg: 1.8, Max: 3, Diff: 2, Sum: 11]
      [GC Worker Other (ms): Min: 0.0, Avg: 0.1, Max: 0.1, Diff: 0.1, Sum: 0.5]
      [GC Worker Total (ms): Min: 1.5, Avg: 1.6, Max: 1.6, Diff: 0.1, Sum: 9.4]
      [GC Worker End (ms): Min: 817150.1, Avg: 817150.1, Max: 817150.2, Diff: 0.1]
   [Code Root Fixup: 0.0 ms]
   [Code Root Purge: 0.0 ms]
   [Clear CT: 0.5 ms]
   [Other: 1.1 ms]
      [Choose CSet: 0.0 ms]
      [Ref Proc: 0.1 ms]
      [Ref Enq: 0.0 ms]
      [Redirty Cards: 0.1 ms]
      [Humongous Register: 0.0 ms]
      [Humongous Reclaim: 0.0 ms]
      [Free CSet: 0.7 ms]
   [Eden: 2446.0M(2446.0M)->0.0B(2446.0M) Survivors: 10240.0K->10240.0K Heap: 2480.4M(4096.0M)->35271.0K(4096.0M)]
 [Times: user=0.00 sys=0.00, real=0.00 secs] 
2024-10-12T19:06:06.860+0300: 817.152: Total time for which application threads were stopped: 0.0036290 seconds, Stopping threads took: 0.0001658 seconds
2024-10-12T19:06:07.651+0300: 817.934: Application time: 0.7826037 seconds
2024-10-12T19:06:07.651+0300: 817.935: [GC pause (G1 Evacuation Pause) (young), 0.0036017 secs]
   [Parallel Time: 2.1 ms, GC Workers: 6]
      [GC Worker Start (ms): Min: 817934.8, Avg: 817934.8, Max: 817934.8, Diff: 0.1]
      [Ext Root Scanning (ms): Min: 0.3, Avg: 0.3, Max: 0.4, Diff: 0.1, Sum: 2.0]
      [Update RS (ms): Min: 0.1, Avg: 0.1, Max: 0.1, Diff: 0.0, Sum: 0.6]
         [Processed Buffers: Min: 1, Avg: 2.2, Max: 3, Diff: 2, Sum: 13]
      [Scan RS (ms): Min: 0.2, Avg: 0.2, Max: 0.2, Diff: 0.0, Sum: 1.0]
      [Code Root Scanning (ms): Min: 0.0, Avg: 0.0, Max: 0.0, Diff: 0.0, Sum: 0.0]
      [Object Copy (ms): Min: 1.3, Avg: 1.3, Max: 1.3, Diff: 0.0, Sum: 7.7]
      [Termination (ms): Min: 0.0, Avg: 0.0, Max: 0.0, Diff: 0.0, Sum: 0.0]
         [Termination Attempts: Min: 1, Avg: 1.0, Max: 1, Diff: 0, Sum: 6]
      [GC Worker Other (ms): Min: 0.0, Avg: 0.1, Max: 0.1, Diff: 0.1, Sum: 0.5]
      [GC Worker Total (ms): Min: 1.9, Avg: 2.0, Max: 2.0, Diff: 0.1, Sum: 11.9]
      [GC Worker End (ms): Min: 817936.7, Avg: 817936.8, Max: 817936.8, Diff: 0.1]
   [Code Root Fixup: 0.0 ms]
   [Code Root Purge: 0.0 ms]
   [Clear CT: 0.5 ms]
   [Other: 1.0 ms]
      [Choose CSet: 0.0 ms]
      [Ref Proc: 0.1 ms]
      [Ref Enq: 0.0 ms]
      [Redirty Cards: 0.1 ms]
      [Humongous Register: 0.0 ms]
      [Humongous Reclaim: 0.0 ms]
      [Free CSet: 0.6 ms]
   [Eden: 2446.0M(2446.0M)->0.0B(2444.0M) Survivors: 10240.0K->12288.0K Heap: 2480.4M(4096.0M)->37419.1K(4096.0M)]
 [Times: user=0.00 sys=0.00, real=0.00 secs] 
2024-10-12T19:06:07.651+0300: 817.938: Total time for which application threads were stopped: 0.0040011 seconds, Stopping threads took: 0.0001629 seconds
2024-10-12T19:06:08.430+0300: 818.717: Application time: 0.7788384 seconds
2024-10-12T19:06:08.430+0300: 818.718: [GC pause (G1 Evacuation Pause) (young), 0.0033708 secs]
   [Parallel Time: 1.7 ms, GC Workers: 6]
      [GC Worker Start (ms): Min: 818717.7, Avg: 818717.8, Max: 818717.9, Diff: 0.2]
      [Ext Root Scanning (ms): Min: 0.2, Avg: 0.3, Max: 0.4, Diff: 0.2, Sum: 1.8]
      [Update RS (ms): Min: 0.1, Avg: 0.1, Max: 0.1, Diff: 0.1, Sum: 0.6]
         [Processed Buffers: Min: 1, Avg: 2.2, Max: 4, Diff: 3, Sum: 13]
      [Scan RS (ms): Min: 0.1, Avg: 0.2, Max: 0.2, Diff: 0.0, Sum: 1.1]
      [Code Root Scanning (ms): Min: 0.0, Avg: 0.0, Max: 0.0, Diff: 0.0, Sum: 0.0]
      [Object Copy (ms): Min: 0.8, Avg: 0.8, Max: 0.9, Diff: 0.1, Sum: 5.0]
      [Termination (ms): Min: 0.0, Avg: 0.0, Max: 0.0, Diff: 0.0, Sum: 0.0]
         [Termination Attempts: Min: 1, Avg: 1.0, Max: 1, Diff: 0, Sum: 6]
      [GC Worker Other (ms): Min: 0.0, Avg: 0.1, Max: 0.1, Diff: 0.1, Sum: 0.6]
      [GC Worker Total (ms): Min: 1.4, Avg: 1.5, Max: 1.6, Diff: 0.2, Sum: 9.1]
      [GC Worker End (ms): Min: 818719.2, Avg: 818719.3, Max: 818719.4, Diff: 0.1]
   [Code Root Fixup: 0.0 ms]
   [Code Root Purge: 0.0 ms]
   [Clear CT: 0.5 ms]
   [Other: 1.2 ms]
      [Choose CSet: 0.0 ms]
      [Ref Proc: 0.2 ms]
      [Ref Enq: 0.0 ms]
      [Redirty Cards: 0.1 ms]
      [Humongous Register: 0.1 ms]
      [Humongous Reclaim: 0.0 ms]
      [Free CSet: 0.7 ms]
   [Eden: 2444.0M(2444.0M)->0.0B(2448.0M) Survivors: 12288.0K->8192.0K Heap: 2480.5M(4096.0M)->33367.7K(4096.0M)]
 [Times: user=0.00 sys=0.00, real=0.00 secs] 
2024-10-12T19:06:08.430+0300: 818.721: Total time for which application threads were stopped: 0.0038559 seconds, Stopping threads took: 0.0002480 seconds
2024-10-12T19:06:09.215+0300: 819.504: Application time: 0.7826380 seconds
2024-10-12T19:06:09.215+0300: 819.504: [GC pause (G1 Evacuation Pause) (young), 0.0033645 secs]
   [Parallel Time: 1.7 ms, GC Workers: 6]
      [GC Worker Start (ms): Min: 819504.2, Avg: 819504.3, Max: 819504.3, Diff: 0.0]
      [Ext Root Scanning (ms): Min: 0.3, Avg: 0.3, Max: 0.4, Diff: 0.0, Sum: 2.0]
      [Update RS (ms): Min: 0.1, Avg: 0.1, Max: 0.1, Diff: 0.1, Sum: 0.6]
         [Processed Buffers: Min: 1, Avg: 2.2, Max: 3, Diff: 2, Sum: 13]
      [Scan RS (ms): Min: 0.1, Avg: 0.2, Max: 0.2, Diff: 0.0, Sum: 1.0]
      [Code Root Scanning (ms): Min: 0.0, Avg: 0.0, Max: 0.0, Diff: 0.0, Sum: 0.0]
      [Object Copy (ms): Min: 0.8, Avg: 0.8, Max: 0.9, Diff: 0.1, Sum: 5.0]
      [Termination (ms): Min: 0.0, Avg: 0.0, Max: 0.0, Diff: 0.0, Sum: 0.0]
         [Termination Attempts: Min: 1, Avg: 2.8, Max: 5, Diff: 4, Sum: 17]
      [GC Worker Other (ms): Min: 0.0, Avg: 0.1, Max: 0.1, Diff: 0.1, Sum: 0.5]
      [GC Worker Total (ms): Min: 1.5, Avg: 1.5, Max: 1.6, Diff: 0.2, Sum: 9.2]
      [GC Worker End (ms): Min: 819505.7, Avg: 819505.8, Max: 819505.8, Diff: 0.1]
   [Code Root Fixup: 0.0 ms]
   [Code Root Purge: 0.0 ms]
   [Clear CT: 0.6 ms]
   [Other: 1.1 ms]
      [Choose CSet: 0.0 ms]
      [Ref Proc: 0.1 ms]
      [Ref Enq: 0.0 ms]
      [Redirty Cards: 0.1 ms]
      [Humongous Register: 0.1 ms]
      [Humongous Reclaim: 0.0 ms]
      [Free CSet: 0.7 ms]
   [Eden: 2448.0M(2448.0M)->0.0B(2446.0M) Survivors: 8192.0K->10240.0K Heap: 2480.6M(4096.0M)->35418.2K(4096.0M)]
 [Times: user=0.00 sys=0.00, real=0.00 secs] 
2024-10-12T19:06:09.215+0300: 819.508: Total time for which application threads were stopped: 0.0038541 seconds, Stopping threads took: 0.0002422 seconds
2024-10-12T19:06:10.000+0300: 820.284: Application time: 0.7765501 seconds
2024-10-12T19:06:10.000+0300: 820.285: [GC pause (G1 Evacuation Pause) (young), 0.0047178 secs]
   [Parallel Time: 2.8 ms, GC Workers: 6]
      [GC Worker Start (ms): Min: 820284.7, Avg: 820284.7, Max: 820284.7, Diff: 0.1]
      [Ext Root Scanning (ms): Min: 0.3, Avg: 0.3, Max: 0.4, Diff: 0.1, Sum: 2.0]
      [Update RS (ms): Min: 0.0, Avg: 0.1, Max: 0.1, Diff: 0.1, Sum: 0.6]
         [Processed Buffers: Min: 0, Avg: 2.2, Max: 4, Diff: 4, Sum: 13]
      [Scan RS (ms): Min: 0.0, Avg: 0.2, Max: 0.2, Diff: 0.2, Sum: 1.0]
      [Code Root Scanning (ms): Min: 0.0, Avg: 0.0, Max: 0.0, Diff: 0.0, Sum: 0.0]
      [Object Copy (ms): Min: 1.8, Avg: 1.9, Max: 2.2, Diff: 0.3, Sum: 11.4]
      [Termination (ms): Min: 0.0, Avg: 0.0, Max: 0.0, Diff: 0.0, Sum: 0.0]
         [Termination Attempts: Min: 1, Avg: 1.0, Max: 1, Diff: 0, Sum: 6]
      [GC Worker Other (ms): Min: 0.0, Avg: 0.1, Max: 0.2, Diff: 0.2, Sum: 0.7]
      [GC Worker Total (ms): Min: 2.5, Avg: 2.6, Max: 2.7, Diff: 0.2, Sum: 15.8]
      [GC Worker End (ms): Min: 820287.2, Avg: 820287.3, Max: 820287.4, Diff: 0.2]
   [Code Root Fixup: 0.0 ms]
   [Code Root Purge: 0.0 ms]
   [Clear CT: 0.6 ms]
   [Other: 1.3 ms]
      [Choose CSet: 0.0 ms]
      [Ref Proc: 0.2 ms]
      [Ref Enq: 0.0 ms]
      [Redirty Cards: 0.1 ms]
      [Humongous Register: 0.1 ms]
      [Humongous Reclaim: 0.0 ms]
      [Free CSet: 0.8 ms]
   [Eden: 2446.0M(2446.0M)->0.0B(2444.0M) Survivors: 10240.0K->12288.0K Heap: 2480.6M(4096.0M)->37329.4K(4096.0M)]
 [Times: user=0.00 sys=0.00, real=0.00 secs] 
2024-10-12T19:06:10.000+0300: 820.289: Total time for which application threads were stopped: 0.0052038 seconds, Stopping threads took: 0.0002139 seconds
2024-10-12T19:06:10.770+0300: 821.063: Application time: 0.7740413 seconds
2024-10-12T19:06:10.770+0300: 821.064: [GC pause (G1 Evacuation Pause) (young), 0.0031950 secs]
   [Parallel Time: 1.7 ms, GC Workers: 6]
      [GC Worker Start (ms): Min: 821063.8, Avg: 821063.8, Max: 821063.9, Diff: 0.1]
      [Ext Root Scanning (ms): Min: 0.3, Avg: 0.3, Max: 0.4, Diff: 0.1, Sum: 2.0]
      [Update RS (ms): Min: 0.1, Avg: 0.1, Max: 0.1, Diff: 0.1, Sum: 0.6]
         [Processed Buffers: Min: 1, Avg: 2.0, Max: 3, Diff: 2, Sum: 12]
      [Scan RS (ms): Min: 0.2, Avg: 0.2, Max: 0.2, Diff: 0.0, Sum: 1.0]
      [Code Root Scanning (ms): Min: 0.0, Avg: 0.0, Max: 0.0, Diff: 0.0, Sum: 0.0]
      [Object Copy (ms): Min: 0.8, Avg: 0.8, Max: 0.9, Diff: 0.1, Sum: 5.0]
      [Termination (ms): Min: 0.0, Avg: 0.0, Max: 0.0, Diff: 0.0, Sum: 0.1]
         [Termination Attempts: Min: 1, Avg: 2.2, Max: 3, Diff: 2, Sum: 13]
      [GC Worker Other (ms): Min: 0.0, Avg: 0.1, Max: 0.1, Diff: 0.1, Sum: 0.4]
      [GC Worker Total (ms): Min: 1.5, Avg: 1.6, Max: 1.6, Diff: 0.1, Sum: 9.3]
      [GC Worker End (ms): Min: 821065.3, Avg: 821065.4, Max: 821065.4, Diff: 0.1]
   [Code Root Fixup: 0.0 ms]
   [Code Root Purge: 0.0 ms]
   [Clear CT: 0.5 ms]
   [Other: 1.0 ms]
      [Choose CSet: 0.0 ms]
      [Ref Proc: 0.1 ms]
      [Ref Enq: 0.0 ms]
      [Redirty Cards: 0.1 ms]
      [Humongous Register: 0.0 ms]
      [Humongous Reclaim: 0.0 ms]
      [Free CSet: 0.6 ms]
   [Eden: 2444.0M(2444.0M)->0.0B(2448.0M) Survivors: 12288.0K->8192.0K Heap: 2480.5M(4096.0M)->33375.2K(4096.0M)]
 [Times: user=0.02 sys=0.00, real=0.02 secs] 
2024-10-12T19:06:10.786+0300: 821.067: Total time for which application threads were stopped: 0.0036100 seconds, Stopping threads took: 0.0001747 seconds
2024-10-12T19:06:11.571+0300: 821.851: Application time: 0.7835390 seconds
2024-10-12T19:06:11.571+0300: 821.851: [GC pause (G1 Evacuation Pause) (young), 0.0031653 secs]
   [Parallel Time: 1.6 ms, GC Workers: 6]
      [GC Worker Start (ms): Min: 821850.9, Avg: 821850.9, Max: 821851.0, Diff: 0.1]
      [Ext Root Scanning (ms): Min: 0.3, Avg: 0.3, Max: 0.4, Diff: 0.1, Sum: 2.0]
      [Update RS (ms): Min: 0.1, Avg: 0.1, Max: 0.1, Diff: 0.1, Sum: 0.6]
         [Processed Buffers: Min: 1, Avg: 2.2, Max: 3, Diff: 2, Sum: 13]
      [Scan RS (ms): Min: 0.1, Avg: 0.2, Max: 0.2, Diff: 0.1, Sum: 1.0]
      [Code Root Scanning (ms): Min: 0.0, Avg: 0.0, Max: 0.0, Diff: 0.0, Sum: 0.0]
      [Object Copy (ms): Min: 0.7, Avg: 0.8, Max: 0.8, Diff: 0.1, Sum: 4.7]
      [Termination (ms): Min: 0.0, Avg: 0.0, Max: 0.0, Diff: 0.0, Sum: 0.0]
         [Termination Attempts: Min: 1, Avg: 1.0, Max: 1, Diff: 0, Sum: 6]
      [GC Worker Other (ms): Min: 0.0, Avg: 0.1, Max: 0.1, Diff: 0.1, Sum: 0.5]
      [GC Worker Total (ms): Min: 1.4, Avg: 1.5, Max: 1.5, Diff: 0.1, Sum: 8.9]
      [GC Worker End (ms): Min: 821852.4, Avg: 821852.4, Max: 821852.5, Diff: 0.1]
   [Code Root Fixup: 0.0 ms]
   [Code Root Purge: 0.0 ms]
   [Clear CT: 0.5 ms]
   [Other: 1.0 ms]
      [Choose CSet: 0.0 ms]
      [Ref Proc: 0.1 ms]
      [Ref Enq: 0.0 ms]
      [Redirty Cards: 0.1 ms]
      [Humongous Register: 0.0 ms]
      [Humongous Reclaim: 0.0 ms]
      [Free CSet: 0.7 ms]
   [Eden: 2448.0M(2448.0M)->0.0B(2446.0M) Survivors: 8192.0K->10240.0K Heap: 2480.6M(4096.0M)->34380.5K(4096.0M)]
 [Times: user=0.00 sys=0.00, real=0.00 secs] 
2024-10-12T19:06:11.571+0300: 821.854: Total time for which application threads were stopped: 0.0035340 seconds, Stopping threads took: 0.0001303 seconds
2024-10-12T19:06:12.355+0300: 822.637: Application time: 0.7830056 seconds
2024-10-12T19:06:12.355+0300: 822.637: [GC pause (G1 Evacuation Pause) (young), 0.0039167 secs]
   [Parallel Time: 2.1 ms, GC Workers: 6]
      [GC Worker Start (ms): Min: 822637.5, Avg: 822637.6, Max: 822637.7, Diff: 0.2]
      [Ext Root Scanning (ms): Min: 0.2, Avg: 0.3, Max: 0.4, Diff: 0.2, Sum: 2.0]
      [Update RS (ms): Min: 0.1, Avg: 0.1, Max: 0.1, Diff: 0.0, Sum: 0.6]
         [Processed Buffers: Min: 1, Avg: 2.2, Max: 4, Diff: 3, Sum: 13]
      [Scan RS (ms): Min: 0.1, Avg: 0.2, Max: 0.2, Diff: 0.1, Sum: 1.1]
      [Code Root Scanning (ms): Min: 0.0, Avg: 0.0, Max: 0.0, Diff: 0.0, Sum: 0.0]
      [Object Copy (ms): Min: 1.2, Avg: 1.3, Max: 1.3, Diff: 0.0, Sum: 7.6]
      [Termination (ms): Min: 0.0, Avg: 0.0, Max: 0.0, Diff: 0.0, Sum: 0.0]
         [Termination Attempts: Min: 1, Avg: 1.0, Max: 1, Diff: 0, Sum: 6]
      [GC Worker Other (ms): Min: 0.0, Avg: 0.1, Max: 0.1, Diff: 0.1, Sum: 0.6]
      [GC Worker Total (ms): Min: 1.9, Avg: 2.0, Max: 2.1, Diff: 0.2, Sum: 11.9]
      [GC Worker End (ms): Min: 822639.5, Avg: 822639.6, Max: 822639.6, Diff: 0.1]
   [Code Root Fixup: 0.0 ms]
   [Code Root Purge: 0.0 ms]
   [Clear CT: 0.6 ms]
   [Other: 1.2 ms]
      [Choose CSet: 0.0 ms]
      [Ref Proc: 0.1 ms]
      [Ref Enq: 0.0 ms]
      [Redirty Cards: 0.1 ms]
      [Humongous Register: 0.1 ms]
      [Humongous Reclaim: 0.0 ms]
      [Free CSet: 0.8 ms]
   [Eden: 2446.0M(2446.0M)->0.0B(2444.0M) Survivors: 10240.0K->12288.0K Heap: 2479.6M(4096.0M)->37426.4K(4096.0M)]
 [Times: user=0.00 sys=0.00, real=0.01 secs] 
2024-10-12T19:06:12.362+0300: 822.641: Total time for which application threads were stopped: 0.0043459 seconds, Stopping threads took: 0.0001716 seconds
2024-10-12T19:06:13.140+0300: 823.423: Application time: 0.7815908 seconds
2024-10-12T19:06:13.140+0300: 823.423: [GC pause (G1 Evacuation Pause) (young), 0.0034010 secs]
   [Parallel Time: 1.8 ms, GC Workers: 6]
      [GC Worker Start (ms): Min: 823423.5, Avg: 823423.5, Max: 823423.6, Diff: 0.0]
      [Ext Root Scanning (ms): Min: 0.3, Avg: 0.4, Max: 0.4, Diff: 0.1, Sum: 2.1]
      [Update RS (ms): Min: 0.1, Avg: 0.1, Max: 0.1, Diff: 0.0, Sum: 0.6]
         [Processed Buffers: Min: 1, Avg: 2.2, Max: 3, Diff: 2, Sum: 13]
      [Scan RS (ms): Min: 0.2, Avg: 0.2, Max: 0.2, Diff: 0.1, Sum: 1.1]
      [Code Root Scanning (ms): Min: 0.0, Avg: 0.0, Max: 0.0, Diff: 0.0, Sum: 0.0]
      [Object Copy (ms): Min: 0.8, Avg: 0.8, Max: 0.9, Diff: 0.1, Sum: 5.1]
      [Termination (ms): Min: 0.0, Avg: 0.0, Max: 0.0, Diff: 0.0, Sum: 0.0]
         [Termination Attempts: Min: 1, Avg: 2.2, Max: 4, Diff: 3, Sum: 13]
      [GC Worker Other (ms): Min: 0.0, Avg: 0.1, Max: 0.1, Diff: 0.1, Sum: 0.6]
      [GC Worker Total (ms): Min: 1.5, Avg: 1.6, Max: 1.6, Diff: 0.1, Sum: 9.6]
      [GC Worker End (ms): Min: 823425.1, Avg: 823425.1, Max: 823425.2, Diff: 0.1]
   [Code Root Fixup: 0.0 ms]
   [Code Root Purge: 0.0 ms]
   [Clear CT: 0.5 ms]
   [Other: 1.1 ms]
      [Choose CSet: 0.0 ms]
      [Ref Proc: 0.1 ms]
      [Ref Enq: 0.0 ms]
      [Redirty Cards: 0.1 ms]
      [Humongous Register: 0.0 ms]
      [Humongous Reclaim: 0.0 ms]
      [Free CSet: 0.7 ms]
   [Eden: 2444.0M(2444.0M)->0.0B(2448.0M) Survivors: 12288.0K->8192.0K Heap: 2480.5M(4096.0M)->33382.7K(4096.0M)]
 [Times: user=0.00 sys=0.00, real=0.00 secs] 
2024-10-12T19:06:13.140+0300: 823.427: Total time for which application threads were stopped: 0.0038894 seconds, Stopping threads took: 0.0002148 seconds
2024-10-12T19:06:13.910+0300: 824.204: Application time: 0.7771480 seconds
2024-10-12T19:06:13.910+0300: 824.204: [GC pause (G1 Evacuation Pause) (young), 0.0032416 secs]
   [Parallel Time: 1.7 ms, GC Workers: 6]
      [GC Worker Start (ms): Min: 824204.5, Avg: 824204.5, Max: 824204.6, Diff: 0.1]
      [Ext Root Scanning (ms): Min: 0.3, Avg: 0.4, Max: 0.5, Diff: 0.1, Sum: 2.5]
      [Update RS (ms): Min: 0.1, Avg: 0.1, Max: 0.1, Diff: 0.1, Sum: 0.7]
         [Processed Buffers: Min: 1, Avg: 2.2, Max: 3, Diff: 2, Sum: 13]
      [Scan RS (ms): Min: 0.2, Avg: 0.2, Max: 0.2, Diff: 0.0, Sum: 1.1]
      [Code Root Scanning (ms): Min: 0.0, Avg: 0.0, Max: 0.0, Diff: 0.0, Sum: 0.0]
      [Object Copy (ms): Min: 0.7, Avg: 0.7, Max: 0.8, Diff: 0.0, Sum: 4.5]
      [Termination (ms): Min: 0.0, Avg: 0.0, Max: 0.0, Diff: 0.0, Sum: 0.0]
         [Termination Attempts: Min: 1, Avg: 1.8, Max: 2, Diff: 1, Sum: 11]
      [GC Worker Other (ms): Min: 0.0, Avg: 0.1, Max: 0.2, Diff: 0.1, Sum: 0.7]
      [GC Worker Total (ms): Min: 1.5, Avg: 1.6, Max: 1.6, Diff: 0.1, Sum: 9.5]
      [GC Worker End (ms): Min: 824206.0, Avg: 824206.1, Max: 824206.1, Diff: 0.1]
   [Code Root Fixup: 0.0 ms]
   [Code Root Purge: 0.0 ms]
   [Clear CT: 0.5 ms]
   [Other: 1.1 ms]
      [Choose CSet: 0.0 ms]
      [Ref Proc: 0.1 ms]
      [Ref Enq: 0.0 ms]
      [Redirty Cards: 0.1 ms]
      [Humongous Register: 0.0 ms]
      [Humongous Reclaim: 0.0 ms]
      [Free CSet: 0.7 ms]
   [Eden: 2448.0M(2448.0M)->0.0B(2448.0M) Survivors: 8192.0K->8192.0K Heap: 2480.6M(4096.0M)->32329.6K(4096.0M)]
 [Times: user=0.02 sys=0.00, real=0.02 secs] 
2024-10-12T19:06:13.926+0300: 824.208: Total time for which application threads were stopped: 0.0036279 seconds, Stopping threads took: 0.0001677 seconds
2024-10-12T19:06:14.711+0300: 824.992: Application time: 0.7839779 seconds
2024-10-12T19:06:14.711+0300: 824.992: [GC pause (G1 Evacuation Pause) (young), 0.0031122 secs]
   [Parallel Time: 1.6 ms, GC Workers: 6]
      [GC Worker Start (ms): Min: 824992.0, Avg: 824992.0, Max: 824992.1, Diff: 0.1]
      [Ext Root Scanning (ms): Min: 0.3, Avg: 0.3, Max: 0.4, Diff: 0.1, Sum: 2.0]
      [Update RS (ms): Min: 0.1, Avg: 0.1, Max: 0.1, Diff: 0.0, Sum: 0.6]
         [Processed Buffers: Min: 1, Avg: 2.2, Max: 4, Diff: 3, Sum: 13]
      [Scan RS (ms): Min: 0.1, Avg: 0.2, Max: 0.2, Diff: 0.0, Sum: 1.0]
      [Code Root Scanning (ms): Min: 0.0, Avg: 0.0, Max: 0.0, Diff: 0.0, Sum: 0.0]
      [Object Copy (ms): Min: 0.8, Avg: 0.8, Max: 0.9, Diff: 0.1, Sum: 4.9]
      [Termination (ms): Min: 0.0, Avg: 0.0, Max: 0.0, Diff: 0.0, Sum: 0.0]
         [Termination Attempts: Min: 1, Avg: 2.2, Max: 4, Diff: 3, Sum: 13]
      [GC Worker Other (ms): Min: 0.0, Avg: 0.1, Max: 0.1, Diff: 0.1, Sum: 0.5]
      [GC Worker Total (ms): Min: 1.4, Avg: 1.5, Max: 1.5, Diff: 0.1, Sum: 9.0]
      [GC Worker End (ms): Min: 824993.5, Avg: 824993.6, Max: 824993.6, Diff: 0.1]
   [Code Root Fixup: 0.0 ms]
   [Code Root Purge: 0.0 ms]
   [Clear CT: 0.5 ms]
   [Other: 1.0 ms]
      [Choose CSet: 0.0 ms]
      [Ref Proc: 0.1 ms]
      [Ref Enq: 0.0 ms]
      [Redirty Cards: 0.1 ms]
      [Humongous Register: 0.0 ms]
      [Humongous Reclaim: 0.0 ms]
      [Free CSet: 0.6 ms]
   [Eden: 2448.0M(2448.0M)->0.0B(2444.0M) Survivors: 8192.0K->12288.0K Heap: 2479.6M(4096.0M)->36392.9K(4096.0M)]
 [Times: user=0.00 sys=0.00, real=0.00 secs] 
2024-10-12T19:06:14.711+0300: 824.995: Total time for which application threads were stopped: 0.0034650 seconds, Stopping threads took: 0.0001181 seconds
2024-10-12T19:06:15.496+0300: 825.777: Application time: 0.7813705 seconds
2024-10-12T19:06:15.496+0300: 825.777: [GC pause (G1 Evacuation Pause) (young), 0.0037960 secs]
   [Parallel Time: 2.1 ms, GC Workers: 6]
      [GC Worker Start (ms): Min: 825776.9, Avg: 825777.0, Max: 825777.0, Diff: 0.1]
      [Ext Root Scanning (ms): Min: 0.3, Avg: 0.3, Max: 0.4, Diff: 0.1, Sum: 2.0]
      [Update RS (ms): Min: 0.1, Avg: 0.1, Max: 0.1, Diff: 0.0, Sum: 0.6]
         [Processed Buffers: Min: 1, Avg: 2.2, Max: 3, Diff: 2, Sum: 13]
      [Scan RS (ms): Min: 0.1, Avg: 0.2, Max: 0.2, Diff: 0.0, Sum: 1.0]
      [Code Root Scanning (ms): Min: 0.0, Avg: 0.0, Max: 0.0, Diff: 0.0, Sum: 0.0]
      [Object Copy (ms): Min: 1.3, Avg: 1.3, Max: 1.3, Diff: 0.0, Sum: 7.7]
      [Termination (ms): Min: 0.0, Avg: 0.0, Max: 0.0, Diff: 0.0, Sum: 0.0]
         [Termination Attempts: Min: 1, Avg: 1.0, Max: 1, Diff: 0, Sum: 6]
      [GC Worker Other (ms): Min: 0.0, Avg: 0.1, Max: 0.1, Diff: 0.1, Sum: 0.6]
      [GC Worker Total (ms): Min: 1.9, Avg: 2.0, Max: 2.0, Diff: 0.1, Sum: 12.0]
      [GC Worker End (ms): Min: 825778.9, Avg: 825779.0, Max: 825779.0, Diff: 0.1]
   [Code Root Fixup: 0.0 ms]
   [Code Root Purge: 0.0 ms]
   [Clear CT: 0.5 ms]
   [Other: 1.1 ms]
      [Choose CSet: 0.0 ms]
      [Ref Proc: 0.2 ms]
      [Ref Enq: 0.0 ms]
      [Redirty Cards: 0.1 ms]
      [Humongous Register: 0.0 ms]
      [Humongous Reclaim: 0.0 ms]
      [Free CSet: 0.7 ms]
   [Eden: 2444.0M(2444.0M)->0.0B(2446.0M) Survivors: 12288.0K->10240.0K Heap: 2479.5M(4096.0M)->34627.5K(4096.0M)]
 [Times: user=0.00 sys=0.00, real=0.00 secs] 
2024-10-12T19:06:15.496+0300: 825.781: Total time for which application threads were stopped: 0.0042090 seconds, Stopping threads took: 0.0001557 seconds
2024-10-12T19:06:16.281+0300: 826.561: Application time: 0.7806248 seconds
2024-10-12T19:06:16.281+0300: 826.562: [GC pause (G1 Evacuation Pause) (young), 0.0040053 secs]
   [Parallel Time: 2.3 ms, GC Workers: 6]
      [GC Worker Start (ms): Min: 826561.8, Avg: 826561.8, Max: 826561.8, Diff: 0.1]
      [Ext Root Scanning (ms): Min: 0.3, Avg: 0.3, Max: 0.4, Diff: 0.1, Sum: 2.0]
      [Update RS (ms): Min: 0.1, Avg: 0.1, Max: 0.1, Diff: 0.0, Sum: 0.6]
         [Processed Buffers: Min: 1, Avg: 2.2, Max: 3, Diff: 2, Sum: 13]
      [Scan RS (ms): Min: 0.2, Avg: 0.2, Max: 0.2, Diff: 0.0, Sum: 1.1]
      [Code Root Scanning (ms): Min: 0.0, Avg: 0.0, Max: 0.0, Diff: 0.0, Sum: 0.0]
      [Object Copy (ms): Min: 1.4, Avg: 1.4, Max: 1.4, Diff: 0.0, Sum: 8.5]
      [Termination (ms): Min: 0.0, Avg: 0.0, Max: 0.0, Diff: 0.0, Sum: 0.0]
         [Termination Attempts: Min: 1, Avg: 1.0, Max: 1, Diff: 0, Sum: 6]
      [GC Worker Other (ms): Min: 0.0, Avg: 0.1, Max: 0.2, Diff: 0.2, Sum: 0.7]
      [GC Worker Total (ms): Min: 2.1, Avg: 2.1, Max: 2.2, Diff: 0.2, Sum: 12.9]
      [GC Worker End (ms): Min: 826563.8, Avg: 826563.9, Max: 826564.0, Diff: 0.2]
   [Code Root Fixup: 0.0 ms]
   [Code Root Purge: 0.0 ms]
   [Clear CT: 0.5 ms]
   [Other: 1.1 ms]
      [Choose CSet: 0.0 ms]
      [Ref Proc: 0.2 ms]
      [Ref Enq: 0.0 ms]
      [Redirty Cards: 0.1 ms]
      [Humongous Register: 0.1 ms]
      [Humongous Reclaim: 0.0 ms]
      [Free CSet: 0.7 ms]
   [Eden: 2446.0M(2446.0M)->0.0B(2444.0M) Survivors: 10240.0K->12288.0K Heap: 2479.8M(4096.0M)->37488.7K(4096.0M)]
 [Times: user=0.00 sys=0.00, real=0.00 secs] 
2024-10-12T19:06:16.281+0300: 826.566: Total time for which application threads were stopped: 0.0043934 seconds, Stopping threads took: 0.0001421 seconds
2024-10-12T19:06:17.066+0300: 827.348: Application time: 0.7820293 seconds
2024-10-12T19:06:17.066+0300: 827.348: [GC pause (G1 Evacuation Pause) (young), 0.0037753 secs]
   [Parallel Time: 2.2 ms, GC Workers: 6]
      [GC Worker Start (ms): Min: 827348.2, Avg: 827348.3, Max: 827348.3, Diff: 0.1]
      [Ext Root Scanning (ms): Min: 0.3, Avg: 0.3, Max: 0.4, Diff: 0.1, Sum: 2.0]
      [Update RS (ms): Min: 0.1, Avg: 0.1, Max: 0.1, Diff: 0.1, Sum: 0.6]
         [Processed Buffers: Min: 1, Avg: 2.2, Max: 3, Diff: 2, Sum: 13]
      [Scan RS (ms): Min: 0.2, Avg: 0.2, Max: 0.2, Diff: 0.0, Sum: 1.0]
      [Code Root Scanning (ms): Min: 0.0, Avg: 0.0, Max: 0.0, Diff: 0.0, Sum: 0.0]
      [Object Copy (ms): Min: 1.3, Avg: 1.3, Max: 1.4, Diff: 0.0, Sum: 8.1]
      [Termination (ms): Min: 0.0, Avg: 0.0, Max: 0.0, Diff: 0.0, Sum: 0.0]
         [Termination Attempts: Min: 1, Avg: 1.0, Max: 1, Diff: 0, Sum: 6]
      [GC Worker Other (ms): Min: 0.0, Avg: 0.1, Max: 0.1, Diff: 0.1, Sum: 0.4]
      [GC Worker Total (ms): Min: 1.9, Avg: 2.0, Max: 2.1, Diff: 0.1, Sum: 12.1]
      [GC Worker End (ms): Min: 827350.3, Avg: 827350.3, Max: 827350.3, Diff: 0.1]
   [Code Root Fixup: 0.0 ms]
   [Code Root Purge: 0.0 ms]
   [Clear CT: 0.5 ms]
   [Other: 1.1 ms]
      [Choose CSet: 0.0 ms]
      [Ref Proc: 0.1 ms]
      [Ref Enq: 0.0 ms]
      [Redirty Cards: 0.1 ms]
      [Humongous Register: 0.1 ms]
      [Humongous Reclaim: 0.0 ms]
      [Free CSet: 0.7 ms]
   [Eden: 2444.0M(2444.0M)->0.0B(2444.0M) Survivors: 12288.0K->12288.0K Heap: 2480.6M(4096.0M)->36467.2K(4096.0M)]
 [Times: user=0.00 sys=0.00, real=0.01 secs] 
2024-10-12T19:06:17.073+0300: 827.352: Total time for which application threads were stopped: 0.0041943 seconds, Stopping threads took: 0.0001752 seconds
2024-10-12T19:06:17.836+0300: 828.123: Application time: 0.7711168 seconds
2024-10-12T19:06:17.836+0300: 828.123: [GC pause (G1 Evacuation Pause) (young), 0.0030304 secs]
   [Parallel Time: 1.5 ms, GC Workers: 6]
      [GC Worker Start (ms): Min: 828123.5, Avg: 828123.5, Max: 828123.6, Diff: 0.0]
      [Ext Root Scanning (ms): Min: 0.3, Avg: 0.3, Max: 0.3, Diff: 0.0, Sum: 1.9]
      [Update RS (ms): Min: 0.1, Avg: 0.1, Max: 0.1, Diff: 0.0, Sum: 0.6]
         [Processed Buffers: Min: 1, Avg: 2.2, Max: 3, Diff: 2, Sum: 13]
      [Scan RS (ms): Min: 0.2, Avg: 0.2, Max: 0.2, Diff: 0.0, Sum: 1.0]
      [Code Root Scanning (ms): Min: 0.0, Avg: 0.0, Max: 0.0, Diff: 0.0, Sum: 0.0]
      [Object Copy (ms): Min: 0.7, Avg: 0.7, Max: 0.7, Diff: 0.0, Sum: 4.3]
      [Termination (ms): Min: 0.0, Avg: 0.0, Max: 0.0, Diff: 0.0, Sum: 0.0]
         [Termination Attempts: Min: 1, Avg: 1.0, Max: 1, Diff: 0, Sum: 6]
      [GC Worker Other (ms): Min: 0.0, Avg: 0.1, Max: 0.1, Diff: 0.1, Sum: 0.5]
      [GC Worker Total (ms): Min: 1.4, Avg: 1.4, Max: 1.4, Diff: 0.1, Sum: 8.4]
      [GC Worker End (ms): Min: 828124.9, Avg: 828124.9, Max: 828125.0, Diff: 0.1]
   [Code Root Fixup: 0.0 ms]
   [Code Root Purge: 0.0 ms]
   [Clear CT: 0.5 ms]
   [Other: 1.0 ms]
      [Choose CSet: 0.0 ms]
      [Ref Proc: 0.1 ms]
      [Ref Enq: 0.0 ms]
      [Redirty Cards: 0.1 ms]
      [Humongous Register: 0.0 ms]
      [Humongous Reclaim: 0.0 ms]
      [Free CSet: 0.7 ms]
   [Eden: 2444.0M(2444.0M)->0.0B(2448.0M) Survivors: 12288.0K->8192.0K Heap: 2479.6M(4096.0M)->33397.7K(4096.0M)]
 [Times: user=0.00 sys=0.00, real=0.00 secs] 
2024-10-12T19:06:17.836+0300: 828.127: Total time for which application threads were stopped: 0.0034435 seconds, Stopping threads took: 0.0001901 seconds
2024-10-12T19:06:18.621+0300: 828.910: Application time: 0.7831925 seconds
2024-10-12T19:06:18.621+0300: 828.910: [GC pause (G1 Evacuation Pause) (young), 0.0031484 secs]
   [Parallel Time: 1.7 ms, GC Workers: 6]
      [GC Worker Start (ms): Min: 828910.2, Avg: 828910.2, Max: 828910.3, Diff: 0.1]
      [Ext Root Scanning (ms): Min: 0.3, Avg: 0.3, Max: 0.4, Diff: 0.1, Sum: 2.0]
      [Update RS (ms): Min: 0.1, Avg: 0.1, Max: 0.1, Diff: 0.1, Sum: 0.6]
         [Processed Buffers: Min: 1, Avg: 2.2, Max: 3, Diff: 2, Sum: 13]
      [Scan RS (ms): Min: 0.2, Avg: 0.2, Max: 0.2, Diff: 0.0, Sum: 1.0]
      [Code Root Scanning (ms): Min: 0.0, Avg: 0.0, Max: 0.0, Diff: 0.0, Sum: 0.0]
      [Object Copy (ms): Min: 0.8, Avg: 0.9, Max: 0.9, Diff: 0.0, Sum: 5.1]
      [Termination (ms): Min: 0.0, Avg: 0.0, Max: 0.0, Diff: 0.0, Sum: 0.0]
         [Termination Attempts: Min: 1, Avg: 2.7, Max: 4, Diff: 3, Sum: 16]
      [GC Worker Other (ms): Min: 0.0, Avg: 0.1, Max: 0.1, Diff: 0.1, Sum: 0.5]
      [GC Worker Total (ms): Min: 1.5, Avg: 1.5, Max: 1.6, Diff: 0.1, Sum: 9.3]
      [GC Worker End (ms): Min: 828911.7, Avg: 828911.8, Max: 828911.8, Diff: 0.1]
   [Code Root Fixup: 0.0 ms]
   [Code Root Purge: 0.0 ms]
   [Clear CT: 0.5 ms]
   [Other: 1.0 ms]
      [Choose CSet: 0.0 ms]
      [Ref Proc: 0.1 ms]
      [Ref Enq: 0.0 ms]
      [Redirty Cards: 0.1 ms]
      [Humongous Register: 0.0 ms]
      [Humongous Reclaim: 0.0 ms]
      [Free CSet: 0.6 ms]
   [Eden: 2448.0M(2448.0M)->0.0B(2446.0M) Survivors: 8192.0K->10240.0K Heap: 2480.6M(4096.0M)->35426.1K(4096.0M)]
 [Times: user=0.00 sys=0.00, real=0.00 secs] 
2024-10-12T19:06:18.621+0300: 828.913: Total time for which application threads were stopped: 0.0036407 seconds, Stopping threads took: 0.0002505 seconds
2024-10-12T19:06:19.407+0300: 829.693: Application time: 0.7800605 seconds
2024-10-12T19:06:19.407+0300: 829.694: [GC pause (G1 Evacuation Pause) (young), 0.0034453 secs]
   [Parallel Time: 1.9 ms, GC Workers: 6]
      [GC Worker Start (ms): Min: 829693.9, Avg: 829694.0, Max: 829694.0, Diff: 0.0]
      [Ext Root Scanning (ms): Min: 0.4, Avg: 0.4, Max: 0.5, Diff: 0.1, Sum: 2.4]
      [Update RS (ms): Min: 0.0, Avg: 0.1, Max: 0.2, Diff: 0.2, Sum: 0.6]
         [Processed Buffers: Min: 0, Avg: 2.2, Max: 5, Diff: 5, Sum: 13]
      [Scan RS (ms): Min: 0.0, Avg: 0.2, Max: 0.2, Diff: 0.2, Sum: 0.9]
      [Code Root Scanning (ms): Min: 0.0, Avg: 0.0, Max: 0.0, Diff: 0.0, Sum: 0.0]
      [Object Copy (ms): Min: 0.8, Avg: 1.0, Max: 1.3, Diff: 0.4, Sum: 5.9]
      [Termination (ms): Min: 0.0, Avg: 0.1, Max: 0.1, Diff: 0.1, Sum: 0.4]
         [Termination Attempts: Min: 1, Avg: 1.7, Max: 2, Diff: 1, Sum: 10]
      [GC Worker Other (ms): Min: 0.0, Avg: 0.0, Max: 0.1, Diff: 0.1, Sum: 0.2]
      [GC Worker Total (ms): Min: 1.7, Avg: 1.7, Max: 1.8, Diff: 0.1, Sum: 10.5]
      [GC Worker End (ms): Min: 829695.7, Avg: 829695.7, Max: 829695.7, Diff: 0.1]
   [Code Root Fixup: 0.0 ms]
   [Code Root Purge: 0.0 ms]
   [Clear CT: 0.5 ms]
   [Other: 1.0 ms]
      [Choose CSet: 0.0 ms]
      [Ref Proc: 0.1 ms]
      [Ref Enq: 0.0 ms]
      [Redirty Cards: 0.1 ms]
      [Humongous Register: 0.0 ms]
      [Humongous Reclaim: 0.0 ms]
      [Free CSet: 0.7 ms]
   [Eden: 2446.0M(2446.0M)->0.0B(2448.0M) Survivors: 10240.0K->8192.0K Heap: 2480.6M(4096.0M)->33228.1K(4096.0M)]
 [Times: user=0.00 sys=0.00, real=0.00 secs] 
2024-10-12T19:06:19.407+0300: 829.697: Total time for which application threads were stopped: 0.0039189 seconds, Stopping threads took: 0.0002544 seconds
2024-10-12T19:06:20.191+0300: 830.479: Application time: 0.7813423 seconds
2024-10-12T19:06:20.191+0300: 830.479: [GC pause (G1 Evacuation Pause) (young), 0.0031278 secs]
   [Parallel Time: 1.6 ms, GC Workers: 6]
      [GC Worker Start (ms): Min: 830479.1, Avg: 830479.1, Max: 830479.2, Diff: 0.1]
      [Ext Root Scanning (ms): Min: 0.3, Avg: 0.3, Max: 0.4, Diff: 0.1, Sum: 1.9]
      [Update RS (ms): Min: 0.1, Avg: 0.1, Max: 0.1, Diff: 0.1, Sum: 0.6]
         [Processed Buffers: Min: 1, Avg: 2.0, Max: 4, Diff: 3, Sum: 12]
      [Scan RS (ms): Min: 0.1, Avg: 0.2, Max: 0.2, Diff: 0.1, Sum: 1.0]
      [Code Root Scanning (ms): Min: 0.0, Avg: 0.0, Max: 0.0, Diff: 0.0, Sum: 0.0]
      [Object Copy (ms): Min: 0.8, Avg: 0.8, Max: 0.8, Diff: 0.0, Sum: 4.8]
      [Termination (ms): Min: 0.0, Avg: 0.0, Max: 0.0, Diff: 0.0, Sum: 0.0]
         [Termination Attempts: Min: 1, Avg: 1.0, Max: 1, Diff: 0, Sum: 6]
      [GC Worker Other (ms): Min: 0.0, Avg: 0.1, Max: 0.1, Diff: 0.1, Sum: 0.5]
      [GC Worker Total (ms): Min: 1.4, Avg: 1.5, Max: 1.5, Diff: 0.1, Sum: 8.9]
      [GC Worker End (ms): Min: 830480.6, Avg: 830480.6, Max: 830480.7, Diff: 0.1]
   [Code Root Fixup: 0.0 ms]
   [Code Root Purge: 0.0 ms]
   [Clear CT: 0.5 ms]
   [Other: 1.0 ms]
      [Choose CSet: 0.0 ms]
      [Ref Proc: 0.1 ms]
      [Ref Enq: 0.0 ms]
      [Redirty Cards: 0.1 ms]
      [Humongous Register: 0.0 ms]
      [Humongous Reclaim: 0.0 ms]
      [Free CSet: 0.7 ms]
   [Eden: 2448.0M(2448.0M)->0.0B(2444.0M) Survivors: 8192.0K->12288.0K Heap: 2480.4M(4096.0M)->37135.1K(4096.0M)]
 [Times: user=0.00 sys=0.00, real=0.00 secs] 
2024-10-12T19:06:20.191+0300: 830.482: Total time for which application threads were stopped: 0.0035441 seconds, Stopping threads took: 0.0001807 seconds
2024-10-12T19:06:20.976+0300: 831.259: Application time: 0.7764161 seconds
2024-10-12T19:06:20.976+0300: 831.259: [GC pause (G1 Evacuation Pause) (young), 0.0040125 secs]
   [Parallel Time: 2.2 ms, GC Workers: 6]
      [GC Worker Start (ms): Min: 831259.1, Avg: 831259.1, Max: 831259.2, Diff: 0.1]
      [Ext Root Scanning (ms): Min: 0.3, Avg: 0.3, Max: 0.4, Diff: 0.1, Sum: 1.9]
      [Update RS (ms): Min: 0.0, Avg: 0.1, Max: 0.1, Diff: 0.1, Sum: 0.6]
         [Processed Buffers: Min: 1, Avg: 2.2, Max: 3, Diff: 2, Sum: 13]
      [Scan RS (ms): Min: 0.1, Avg: 0.2, Max: 0.2, Diff: 0.1, Sum: 1.0]
      [Code Root Scanning (ms): Min: 0.0, Avg: 0.0, Max: 0.0, Diff: 0.0, Sum: 0.0]
      [Object Copy (ms): Min: 1.3, Avg: 1.3, Max: 1.4, Diff: 0.1, Sum: 7.8]
      [Termination (ms): Min: 0.0, Avg: 0.0, Max: 0.0, Diff: 0.0, Sum: 0.0]
         [Termination Attempts: Min: 1, Avg: 1.0, Max: 1, Diff: 0, Sum: 6]
      [GC Worker Other (ms): Min: 0.0, Avg: 0.1, Max: 0.2, Diff: 0.2, Sum: 0.7]
      [GC Worker Total (ms): Min: 1.9, Avg: 2.0, Max: 2.1, Diff: 0.2, Sum: 12.1]
      [GC Worker End (ms): Min: 831261.1, Avg: 831261.1, Max: 831261.2, Diff: 0.2]
   [Code Root Fixup: 0.0 ms]
   [Code Root Purge: 0.0 ms]
   [Clear CT: 0.6 ms]
   [Other: 1.2 ms]
      [Choose CSet: 0.0 ms]
      [Ref Proc: 0.1 ms]
      [Ref Enq: 0.0 ms]
      [Redirty Cards: 0.1 ms]
      [Humongous Register: 0.1 ms]
      [Humongous Reclaim: 0.0 ms]
      [Free CSet: 0.8 ms]
   [Eden: 2444.0M(2444.0M)->0.0B(2444.0M) Survivors: 12288.0K->12288.0K Heap: 2480.3M(4096.0M)->37411.3K(4096.0M)]
 [Times: user=0.00 sys=0.00, real=0.01 secs] 
2024-10-12T19:06:20.982+0300: 831.263: Total time for which application threads were stopped: 0.0044011 seconds, Stopping threads took: 0.0001442 seconds
2024-10-12T19:06:21.745+0300: 832.039: Application time: 0.7756912 seconds
2024-10-12T19:06:21.745+0300: 832.039: [GC pause (G1 Evacuation Pause) (young), 0.0032256 secs]
   [Parallel Time: 1.7 ms, GC Workers: 6]
      [GC Worker Start (ms): Min: 832039.1, Avg: 832039.2, Max: 832039.2, Diff: 0.1]
      [Ext Root Scanning (ms): Min: 0.3, Avg: 0.3, Max: 0.4, Diff: 0.1, Sum: 2.0]
      [Update RS (ms): Min: 0.1, Avg: 0.2, Max: 0.3, Diff: 0.2, Sum: 1.0]
         [Processed Buffers: Min: 1, Avg: 2.2, Max: 4, Diff: 3, Sum: 13]
      [Scan RS (ms): Min: 0.1, Avg: 0.2, Max: 0.2, Diff: 0.2, Sum: 1.1]
      [Code Root Scanning (ms): Min: 0.0, Avg: 0.0, Max: 0.0, Diff: 0.0, Sum: 0.0]
      [Object Copy (ms): Min: 0.8, Avg: 0.8, Max: 0.8, Diff: 0.0, Sum: 4.8]
      [Termination (ms): Min: 0.0, Avg: 0.0, Max: 0.0, Diff: 0.0, Sum: 0.0]
         [Termination Attempts: Min: 1, Avg: 1.3, Max: 2, Diff: 1, Sum: 8]
      [GC Worker Other (ms): Min: 0.0, Avg: 0.1, Max: 0.2, Diff: 0.1, Sum: 0.6]
      [GC Worker Total (ms): Min: 1.5, Avg: 1.6, Max: 1.7, Diff: 0.2, Sum: 9.5]
      [GC Worker End (ms): Min: 832040.7, Avg: 832040.7, Max: 832040.8, Diff: 0.1]
   [Code Root Fixup: 0.0 ms]
   [Code Root Purge: 0.0 ms]
   [Clear CT: 0.5 ms]
   [Other: 1.0 ms]
      [Choose CSet: 0.0 ms]
      [Ref Proc: 0.1 ms]
      [Ref Enq: 0.0 ms]
      [Redirty Cards: 0.1 ms]
      [Humongous Register: 0.1 ms]
      [Humongous Reclaim: 0.0 ms]
      [Free CSet: 0.6 ms]
   [Eden: 2444.0M(2444.0M)->0.0B(2448.0M) Survivors: 12288.0K->8192.0K Heap: 2480.5M(4096.0M)->33410.2K(4096.0M)]
 [Times: user=0.02 sys=0.00, real=0.02 secs] 
2024-10-12T19:06:21.761+0300: 832.042: Total time for which application threads were stopped: 0.0035721 seconds, Stopping threads took: 0.0001274 seconds
2024-10-12T19:06:22.546+0300: 832.829: Application time: 0.7863834 seconds
2024-10-12T19:06:22.546+0300: 832.829: [GC pause (G1 Evacuation Pause) (young), 0.0030902 secs]
   [Parallel Time: 1.6 ms, GC Workers: 6]
      [GC Worker Start (ms): Min: 832829.2, Avg: 832829.2, Max: 832829.2, Diff: 0.1]
      [Ext Root Scanning (ms): Min: 0.3, Avg: 0.3, Max: 0.4, Diff: 0.1, Sum: 1.9]
      [Update RS (ms): Min: 0.1, Avg: 0.1, Max: 0.1, Diff: 0.1, Sum: 0.6]
         [Processed Buffers: Min: 1, Avg: 2.2, Max: 3, Diff: 2, Sum: 13]
      [Scan RS (ms): Min: 0.1, Avg: 0.2, Max: 0.2, Diff: 0.1, Sum: 1.0]
      [Code Root Scanning (ms): Min: 0.0, Avg: 0.0, Max: 0.0, Diff: 0.0, Sum: 0.0]
      [Object Copy (ms): Min: 0.8, Avg: 0.8, Max: 0.8, Diff: 0.1, Sum: 4.7]
      [Termination (ms): Min: 0.0, Avg: 0.0, Max: 0.0, Diff: 0.0, Sum: 0.0]
         [Termination Attempts: Min: 1, Avg: 3.0, Max: 4, Diff: 3, Sum: 18]
      [GC Worker Other (ms): Min: 0.0, Avg: 0.1, Max: 0.1, Diff: 0.1, Sum: 0.5]
      [GC Worker Total (ms): Min: 1.4, Avg: 1.5, Max: 1.5, Diff: 0.1, Sum: 8.8]
      [GC Worker End (ms): Min: 832830.6, Avg: 832830.7, Max: 832830.7, Diff: 0.1]
   [Code Root Fixup: 0.0 ms]
   [Code Root Purge: 0.0 ms]
   [Clear CT: 0.5 ms]
   [Other: 1.0 ms]
      [Choose CSet: 0.0 ms]
      [Ref Proc: 0.1 ms]
      [Ref Enq: 0.0 ms]
      [Redirty Cards: 0.1 ms]
      [Humongous Register: 0.1 ms]
      [Humongous Reclaim: 0.0 ms]
      [Free CSet: 0.7 ms]
   [Eden: 2448.0M(2448.0M)->0.0B(2448.0M) Survivors: 8192.0K->8192.0K Heap: 2480.6M(4096.0M)->33412.7K(4096.0M)]
 [Times: user=0.00 sys=0.00, real=0.00 secs] 
2024-10-12T19:06:22.546+0300: 832.832: Total time for which application threads were stopped: 0.0035161 seconds, Stopping threads took: 0.0002151 seconds
2024-10-12T19:06:23.331+0300: 833.615: Application time: 0.7829570 seconds
2024-10-12T19:06:23.331+0300: 833.616: [GC pause (G1 Evacuation Pause) (young), 0.0032623 secs]
   [Parallel Time: 1.8 ms, GC Workers: 6]
      [GC Worker Start (ms): Min: 833615.6, Avg: 833615.7, Max: 833616.1, Diff: 0.4]
      [Ext Root Scanning (ms): Min: 0.0, Avg: 0.3, Max: 0.4, Diff: 0.4, Sum: 1.9]
      [Update RS (ms): Min: 0.0, Avg: 0.1, Max: 0.2, Diff: 0.2, Sum: 0.6]
         [Processed Buffers: Min: 0, Avg: 2.2, Max: 4, Diff: 4, Sum: 13]
      [Scan RS (ms): Min: 0.0, Avg: 0.2, Max: 0.2, Diff: 0.2, Sum: 1.1]
      [Code Root Scanning (ms): Min: 0.0, Avg: 0.0, Max: 0.0, Diff: 0.0, Sum: 0.0]
      [Object Copy (ms): Min: 0.8, Avg: 0.9, Max: 1.2, Diff: 0.4, Sum: 5.5]
      [Termination (ms): Min: 0.0, Avg: 0.0, Max: 0.0, Diff: 0.0, Sum: 0.0]
         [Termination Attempts: Min: 1, Avg: 3.0, Max: 6, Diff: 5, Sum: 18]
      [GC Worker Other (ms): Min: 0.0, Avg: 0.1, Max: 0.1, Diff: 0.1, Sum: 0.5]
      [GC Worker Total (ms): Min: 1.2, Avg: 1.6, Max: 1.7, Diff: 0.5, Sum: 9.6]
      [GC Worker End (ms): Min: 833617.3, Avg: 833617.3, Max: 833617.4, Diff: 0.1]
   [Code Root Fixup: 0.0 ms]
   [Code Root Purge: 0.0 ms]
   [Clear CT: 0.5 ms]
   [Other: 1.0 ms]
      [Choose CSet: 0.0 ms]
      [Ref Proc: 0.1 ms]
      [Ref Enq: 0.0 ms]
      [Redirty Cards: 0.1 ms]
      [Humongous Register: 0.0 ms]
      [Humongous Reclaim: 0.0 ms]
      [Free CSet: 0.6 ms]
   [Eden: 2448.0M(2448.0M)->0.0B(2446.0M) Survivors: 8192.0K->10240.0K Heap: 2480.6M(4096.0M)->35339.8K(4096.0M)]
 [Times: user=0.00 sys=0.00, real=0.00 secs] 
2024-10-12T19:06:23.331+0300: 833.619: Total time for which application threads were stopped: 0.0036735 seconds, Stopping threads took: 0.0001796 seconds
2024-10-12T19:06:24.117+0300: 834.404: Application time: 0.7852769 seconds
2024-10-12T19:06:24.117+0300: 834.404: [GC pause (G1 Evacuation Pause) (young), 0.0036230 secs]
   [Parallel Time: 2.1 ms, GC Workers: 6]
      [GC Worker Start (ms): Min: 834404.6, Avg: 834404.6, Max: 834404.6, Diff: 0.1]
      [Ext Root Scanning (ms): Min: 0.3, Avg: 0.3, Max: 0.4, Diff: 0.1, Sum: 2.0]
      [Update RS (ms): Min: 0.1, Avg: 0.1, Max: 0.1, Diff: 0.0, Sum: 0.6]
         [Processed Buffers: Min: 1, Avg: 2.2, Max: 4, Diff: 3, Sum: 13]
      [Scan RS (ms): Min: 0.2, Avg: 0.2, Max: 0.2, Diff: 0.0, Sum: 1.0]
      [Code Root Scanning (ms): Min: 0.0, Avg: 0.0, Max: 0.0, Diff: 0.0, Sum: 0.0]
      [Object Copy (ms): Min: 1.3, Avg: 1.3, Max: 1.3, Diff: 0.0, Sum: 7.7]
      [Termination (ms): Min: 0.0, Avg: 0.0, Max: 0.0, Diff: 0.0, Sum: 0.0]
         [Termination Attempts: Min: 1, Avg: 1.0, Max: 1, Diff: 0, Sum: 6]
      [GC Worker Other (ms): Min: 0.0, Avg: 0.1, Max: 0.1, Diff: 0.1, Sum: 0.5]
      [GC Worker Total (ms): Min: 1.9, Avg: 2.0, Max: 2.0, Diff: 0.1, Sum: 11.9]
      [GC Worker End (ms): Min: 834406.5, Avg: 834406.6, Max: 834406.6, Diff: 0.1]
   [Code Root Fixup: 0.0 ms]
   [Code Root Purge: 0.0 ms]
   [Clear CT: 0.5 ms]
   [Other: 1.0 ms]
      [Choose CSet: 0.0 ms]
      [Ref Proc: 0.1 ms]
      [Ref Enq: 0.0 ms]
      [Redirty Cards: 0.1 ms]
      [Humongous Register: 0.0 ms]
      [Humongous Reclaim: 0.0 ms]
      [Free CSet: 0.7 ms]
   [Eden: 2446.0M(2446.0M)->0.0B(2444.0M) Survivors: 10240.0K->12288.0K Heap: 2480.5M(4096.0M)->36453.2K(4096.0M)]
 [Times: user=0.00 sys=0.00, real=0.00 secs] 
2024-10-12T19:06:24.117+0300: 834.408: Total time for which application threads were stopped: 0.0040302 seconds, Stopping threads took: 0.0001825 seconds
2024-10-12T19:06:24.901+0300: 835.181: Application time: 0.7732055 seconds
2024-10-12T19:06:24.901+0300: 835.182: [GC pause (G1 Evacuation Pause) (young), 0.0030711 secs]
   [Parallel Time: 1.6 ms, GC Workers: 6]
      [GC Worker Start (ms): Min: 835181.8, Avg: 835181.8, Max: 835181.8, Diff: 0.0]
      [Ext Root Scanning (ms): Min: 0.3, Avg: 0.3, Max: 0.3, Diff: 0.0, Sum: 1.9]
      [Update RS (ms): Min: 0.1, Avg: 0.1, Max: 0.1, Diff: 0.0, Sum: 0.6]
         [Processed Buffers: Min: 1, Avg: 2.2, Max: 4, Diff: 3, Sum: 13]
      [Scan RS (ms): Min: 0.2, Avg: 0.2, Max: 0.2, Diff: 0.0, Sum: 1.0]
      [Code Root Scanning (ms): Min: 0.0, Avg: 0.0, Max: 0.0, Diff: 0.0, Sum: 0.0]
      [Object Copy (ms): Min: 0.8, Avg: 0.8, Max: 0.8, Diff: 0.0, Sum: 4.7]
      [Termination (ms): Min: 0.0, Avg: 0.0, Max: 0.0, Diff: 0.0, Sum: 0.0]
         [Termination Attempts: Min: 1, Avg: 1.3, Max: 2, Diff: 1, Sum: 8]
      [GC Worker Other (ms): Min: 0.0, Avg: 0.1, Max: 0.1, Diff: 0.1, Sum: 0.5]
      [GC Worker Total (ms): Min: 1.4, Avg: 1.5, Max: 1.5, Diff: 0.1, Sum: 8.7]
      [GC Worker End (ms): Min: 835183.2, Avg: 835183.3, Max: 835183.3, Diff: 0.1]
   [Code Root Fixup: 0.0 ms]
   [Code Root Purge: 0.0 ms]
   [Clear CT: 0.5 ms]
   [Other: 1.0 ms]
      [Choose CSet: 0.0 ms]
      [Ref Proc: 0.1 ms]
      [Ref Enq: 0.0 ms]
      [Redirty Cards: 0.1 ms]
      [Humongous Register: 0.0 ms]
      [Humongous Reclaim: 0.0 ms]
      [Free CSet: 0.6 ms]
   [Eden: 2444.0M(2444.0M)->0.0B(2446.0M) Survivors: 12288.0K->10240.0K Heap: 2479.6M(4096.0M)->34444.2K(4096.0M)]
 [Times: user=0.00 sys=0.00, real=0.00 secs] 
2024-10-12T19:06:24.901+0300: 835.185: Total time for which application threads were stopped: 0.0034615 seconds, Stopping threads took: 0.0001660 seconds
2024-10-12T19:06:25.686+0300: 835.967: Application time: 0.7821206 seconds
2024-10-12T19:06:25.686+0300: 835.967: [GC pause (G1 Evacuation Pause) (young), 0.0031502 secs]
   [Parallel Time: 1.6 ms, GC Workers: 6]
      [GC Worker Start (ms): Min: 835967.4, Avg: 835967.4, Max: 835967.5, Diff: 0.0]
      [Ext Root Scanning (ms): Min: 0.3, Avg: 0.3, Max: 0.4, Diff: 0.1, Sum: 2.0]
      [Update RS (ms): Min: 0.1, Avg: 0.1, Max: 0.1, Diff: 0.1, Sum: 0.6]
         [Processed Buffers: Min: 1, Avg: 2.2, Max: 3, Diff: 2, Sum: 13]
      [Scan RS (ms): Min: 0.1, Avg: 0.2, Max: 0.2, Diff: 0.1, Sum: 1.0]
      [Code Root Scanning (ms): Min: 0.0, Avg: 0.0, Max: 0.0, Diff: 0.0, Sum: 0.0]
      [Object Copy (ms): Min: 0.7, Avg: 0.8, Max: 0.8, Diff: 0.1, Sum: 4.6]
      [Termination (ms): Min: 0.0, Avg: 0.0, Max: 0.0, Diff: 0.0, Sum: 0.0]
         [Termination Attempts: Min: 1, Avg: 1.0, Max: 1, Diff: 0, Sum: 6]
      [GC Worker Other (ms): Min: 0.0, Avg: 0.1, Max: 0.1, Diff: 0.1, Sum: 0.5]
      [GC Worker Total (ms): Min: 1.4, Avg: 1.5, Max: 1.5, Diff: 0.1, Sum: 8.8]
      [GC Worker End (ms): Min: 835968.8, Avg: 835968.9, Max: 835968.9, Diff: 0.1]
   [Code Root Fixup: 0.0 ms]
   [Code Root Purge: 0.0 ms]
   [Clear CT: 0.5 ms]
   [Other: 1.1 ms]
      [Choose CSet: 0.0 ms]
      [Ref Proc: 0.1 ms]
      [Ref Enq: 0.0 ms]
      [Redirty Cards: 0.1 ms]
      [Humongous Register: 0.0 ms]
      [Humongous Reclaim: 0.0 ms]
      [Free CSet: 0.7 ms]
   [Eden: 2446.0M(2446.0M)->0.0B(2446.0M) Survivors: 10240.0K->10240.0K Heap: 2479.6M(4096.0M)->34446.7K(4096.0M)]
 [Times: user=0.00 sys=0.00, real=0.00 secs] 
2024-10-12T19:06:25.686+0300: 835.971: Total time for which application threads were stopped: 0.0035614 seconds, Stopping threads took: 0.0001787 seconds
2024-10-12T19:06:26.471+0300: 836.753: Application time: 0.7826293 seconds
2024-10-12T19:06:26.471+0300: 836.754: [GC pause (G1 Evacuation Pause) (young), 0.0032964 secs]
   [Parallel Time: 1.6 ms, GC Workers: 6]
      [GC Worker Start (ms): Min: 836753.7, Avg: 836753.7, Max: 836753.7, Diff: 0.1]
      [Ext Root Scanning (ms): Min: 0.3, Avg: 0.3, Max: 0.4, Diff: 0.1, Sum: 2.0]
      [Update RS (ms): Min: 0.0, Avg: 0.1, Max: 0.1, Diff: 0.1, Sum: 0.6]
         [Processed Buffers: Min: 0, Avg: 2.2, Max: 3, Diff: 3, Sum: 13]
      [Scan RS (ms): Min: 0.1, Avg: 0.2, Max: 0.2, Diff: 0.1, Sum: 1.1]
      [Code Root Scanning (ms): Min: 0.0, Avg: 0.0, Max: 0.0, Diff: 0.0, Sum: 0.0]
      [Object Copy (ms): Min: 0.7, Avg: 0.8, Max: 0.9, Diff: 0.2, Sum: 4.5]
      [Termination (ms): Min: 0.0, Avg: 0.0, Max: 0.0, Diff: 0.0, Sum: 0.0]
         [Termination Attempts: Min: 1, Avg: 1.3, Max: 2, Diff: 1, Sum: 8]
      [GC Worker Other (ms): Min: 0.0, Avg: 0.1, Max: 0.2, Diff: 0.1, Sum: 0.6]
      [GC Worker Total (ms): Min: 1.4, Avg: 1.5, Max: 1.5, Diff: 0.2, Sum: 8.8]
      [GC Worker End (ms): Min: 836755.1, Avg: 836755.2, Max: 836755.2, Diff: 0.1]
   [Code Root Fixup: 0.0 ms]
   [Code Root Purge: 0.0 ms]
   [Clear CT: 0.6 ms]
   [Other: 1.1 ms]
      [Choose CSet: 0.0 ms]
      [Ref Proc: 0.1 ms]
      [Ref Enq: 0.0 ms]
      [Redirty Cards: 0.1 ms]
      [Humongous Register: 0.1 ms]
      [Humongous Reclaim: 0.0 ms]
      [Free CSet: 0.6 ms]
   [Eden: 2446.0M(2446.0M)->0.0B(2448.0M) Survivors: 10240.0K->8192.0K Heap: 2479.6M(4096.0M)->32379.6K(4096.0M)]
 [Times: user=0.00 sys=0.00, real=0.00 secs] 
2024-10-12T19:06:26.471+0300: 836.757: Total time for which application threads were stopped: 0.0037611 seconds, Stopping threads took: 0.0002109 seconds
2024-10-12T19:06:27.256+0300: 837.543: Application time: 0.7860789 seconds
2024-10-12T19:06:27.256+0300: 837.543: [GC pause (G1 Evacuation Pause) (young), 0.0030939 secs]
   [Parallel Time: 1.6 ms, GC Workers: 6]
      [GC Worker Start (ms): Min: 837543.4, Avg: 837543.5, Max: 837543.5, Diff: 0.0]
      [Ext Root Scanning (ms): Min: 0.3, Avg: 0.3, Max: 0.4, Diff: 0.1, Sum: 2.0]
      [Update RS (ms): Min: 0.1, Avg: 0.1, Max: 0.1, Diff: 0.1, Sum: 0.6]
         [Processed Buffers: Min: 1, Avg: 2.2, Max: 4, Diff: 3, Sum: 13]
      [Scan RS (ms): Min: 0.2, Avg: 0.2, Max: 0.2, Diff: 0.0, Sum: 1.0]
      [Code Root Scanning (ms): Min: 0.0, Avg: 0.0, Max: 0.0, Diff: 0.0, Sum: 0.0]
      [Object Copy (ms): Min: 0.7, Avg: 0.8, Max: 0.8, Diff: 0.1, Sum: 4.7]
      [Termination (ms): Min: 0.0, Avg: 0.0, Max: 0.0, Diff: 0.0, Sum: 0.0]
         [Termination Attempts: Min: 1, Avg: 1.8, Max: 3, Diff: 2, Sum: 11]
      [GC Worker Other (ms): Min: 0.0, Avg: 0.1, Max: 0.1, Diff: 0.1, Sum: 0.5]
      [GC Worker Total (ms): Min: 1.4, Avg: 1.5, Max: 1.5, Diff: 0.1, Sum: 8.8]
      [GC Worker End (ms): Min: 837544.9, Avg: 837544.9, Max: 837545.0, Diff: 0.1]
   [Code Root Fixup: 0.0 ms]
   [Code Root Purge: 0.0 ms]
   [Clear CT: 0.5 ms]
   [Other: 1.0 ms]
      [Choose CSet: 0.0 ms]
      [Ref Proc: 0.1 ms]
      [Ref Enq: 0.0 ms]
      [Redirty Cards: 0.1 ms]
      [Humongous Register: 0.0 ms]
      [Humongous Reclaim: 0.0 ms]
      [Free CSet: 0.7 ms]
   [Eden: 2448.0M(2448.0M)->0.0B(2446.0M) Survivors: 8192.0K->10240.0K Heap: 2479.6M(4096.0M)->35306.3K(4096.0M)]
 [Times: user=0.00 sys=0.00, real=0.00 secs] 
2024-10-12T19:06:27.256+0300: 837.547: Total time for which application threads were stopped: 0.0035036 seconds, Stopping threads took: 0.0001744 seconds
2024-10-12T19:06:28.041+0300: 838.327: Application time: 0.7800604 seconds
2024-10-12T19:06:28.041+0300: 838.327: [GC pause (G1 Evacuation Pause) (young), 0.0032933 secs]
   [Parallel Time: 1.6 ms, GC Workers: 6]
      [GC Worker Start (ms): Min: 838327.1, Avg: 838327.1, Max: 838327.2, Diff: 0.0]
      [Ext Root Scanning (ms): Min: 0.3, Avg: 0.3, Max: 0.3, Diff: 0.0, Sum: 1.9]
      [Update RS (ms): Min: 0.1, Avg: 0.1, Max: 0.1, Diff: 0.0, Sum: 0.6]
         [Processed Buffers: Min: 1, Avg: 2.2, Max: 4, Diff: 3, Sum: 13]
      [Scan RS (ms): Min: 0.2, Avg: 0.2, Max: 0.2, Diff: 0.0, Sum: 1.0]
      [Code Root Scanning (ms): Min: 0.0, Avg: 0.0, Max: 0.0, Diff: 0.0, Sum: 0.0]
      [Object Copy (ms): Min: 0.7, Avg: 0.8, Max: 0.8, Diff: 0.0, Sum: 4.5]
      [Termination (ms): Min: 0.0, Avg: 0.0, Max: 0.0, Diff: 0.0, Sum: 0.0]
         [Termination Attempts: Min: 1, Avg: 1.3, Max: 2, Diff: 1, Sum: 8]
      [GC Worker Other (ms): Min: 0.0, Avg: 0.1, Max: 0.2, Diff: 0.2, Sum: 0.9]
      [GC Worker Total (ms): Min: 1.4, Avg: 1.5, Max: 1.6, Diff: 0.2, Sum: 9.0]
      [GC Worker End (ms): Min: 838328.5, Avg: 838328.6, Max: 838328.7, Diff: 0.2]
   [Code Root Fixup: 0.0 ms]
   [Code Root Purge: 0.0 ms]
   [Clear CT: 0.6 ms]
   [Other: 1.1 ms]
      [Choose CSet: 0.0 ms]
      [Ref Proc: 0.1 ms]
      [Ref Enq: 0.0 ms]
      [Redirty Cards: 0.1 ms]
      [Humongous Register: 0.1 ms]
      [Humongous Reclaim: 0.0 ms]
      [Free CSet: 0.6 ms]
   [Eden: 2446.0M(2446.0M)->0.0B(2448.0M) Survivors: 10240.0K->8192.0K Heap: 2480.5M(4096.0M)->33136.2K(4096.0M)]
 [Times: user=0.00 sys=0.00, real=0.00 secs] 
2024-10-12T19:06:28.041+0300: 838.330: Total time for which application threads were stopped: 0.0037771 seconds, Stopping threads took: 0.0002230 seconds
2024-10-12T19:06:28.811+0300: 839.105: Application time: 0.7748106 seconds
2024-10-12T19:06:28.826+0300: 839.106: [GC pause (G1 Evacuation Pause) (young), 0.0031368 secs]
   [Parallel Time: 1.6 ms, GC Workers: 6]
      [GC Worker Start (ms): Min: 839105.7, Avg: 839105.7, Max: 839105.7, Diff: 0.1]
      [Ext Root Scanning (ms): Min: 0.3, Avg: 0.3, Max: 0.4, Diff: 0.1, Sum: 2.1]
      [Update RS (ms): Min: 0.1, Avg: 0.1, Max: 0.1, Diff: 0.0, Sum: 0.6]
         [Processed Buffers: Min: 1, Avg: 2.2, Max: 4, Diff: 3, Sum: 13]
      [Scan RS (ms): Min: 0.2, Avg: 0.2, Max: 0.2, Diff: 0.0, Sum: 1.0]
      [Code Root Scanning (ms): Min: 0.0, Avg: 0.0, Max: 0.0, Diff: 0.0, Sum: 0.0]
      [Object Copy (ms): Min: 0.7, Avg: 0.7, Max: 0.8, Diff: 0.0, Sum: 4.4]
      [Termination (ms): Min: 0.0, Avg: 0.0, Max: 0.0, Diff: 0.0, Sum: 0.0]
         [Termination Attempts: Min: 1, Avg: 1.0, Max: 1, Diff: 0, Sum: 6]
      [GC Worker Other (ms): Min: 0.0, Avg: 0.1, Max: 0.1, Diff: 0.1, Sum: 0.5]
      [GC Worker Total (ms): Min: 1.4, Avg: 1.5, Max: 1.5, Diff: 0.1, Sum: 8.7]
      [GC Worker End (ms): Min: 839107.1, Avg: 839107.2, Max: 839107.2, Diff: 0.1]
   [Code Root Fixup: 0.0 ms]
   [Code Root Purge: 0.0 ms]
   [Clear CT: 0.5 ms]
   [Other: 1.1 ms]
      [Choose CSet: 0.0 ms]
      [Ref Proc: 0.1 ms]
      [Ref Enq: 0.0 ms]
      [Redirty Cards: 0.1 ms]
      [Humongous Register: 0.1 ms]
      [Humongous Reclaim: 0.0 ms]
      [Free CSet: 0.7 ms]
   [Eden: 2448.0M(2448.0M)->0.0B(2444.0M) Survivors: 8192.0K->12288.0K Heap: 2480.4M(4096.0M)->36331.9K(4096.0M)]
 [Times: user=0.00 sys=0.00, real=0.00 secs] 
2024-10-12T19:06:28.826+0300: 839.109: Total time for which application threads were stopped: 0.0036041 seconds, Stopping threads took: 0.0001799 seconds
2024-10-12T19:06:29.603+0300: 839.891: Application time: 0.7817358 seconds
2024-10-12T19:06:29.612+0300: 839.891: [GC pause (G1 Evacuation Pause) (young), 0.0038133 secs]
   [Parallel Time: 2.2 ms, GC Workers: 6]
      [GC Worker Start (ms): Min: 839891.1, Avg: 839891.1, Max: 839891.2, Diff: 0.1]
      [Ext Root Scanning (ms): Min: 0.3, Avg: 0.3, Max: 0.3, Diff: 0.1, Sum: 1.9]
      [Update RS (ms): Min: 0.0, Avg: 0.1, Max: 0.1, Diff: 0.1, Sum: 0.6]
         [Processed Buffers: Min: 0, Avg: 2.2, Max: 5, Diff: 5, Sum: 13]
      [Scan RS (ms): Min: 0.1, Avg: 0.2, Max: 0.2, Diff: 0.1, Sum: 1.0]
      [Code Root Scanning (ms): Min: 0.0, Avg: 0.0, Max: 0.0, Diff: 0.0, Sum: 0.0]
      [Object Copy (ms): Min: 1.4, Avg: 1.5, Max: 1.7, Diff: 0.2, Sum: 8.7]
      [Termination (ms): Min: 0.0, Avg: 0.0, Max: 0.0, Diff: 0.0, Sum: 0.0]
         [Termination Attempts: Min: 1, Avg: 1.0, Max: 1, Diff: 0, Sum: 6]
      [GC Worker Other (ms): Min: 0.0, Avg: 0.1, Max: 0.1, Diff: 0.1, Sum: 0.4]
      [GC Worker Total (ms): Min: 2.1, Avg: 2.1, Max: 2.2, Diff: 0.1, Sum: 12.8]
      [GC Worker End (ms): Min: 839893.2, Avg: 839893.3, Max: 839893.3, Diff: 0.1]
   [Code Root Fixup: 0.0 ms]
   [Code Root Purge: 0.0 ms]
   [Clear CT: 0.5 ms]
   [Other: 1.1 ms]
      [Choose CSet: 0.0 ms]
      [Ref Proc: 0.1 ms]
      [Ref Enq: 0.0 ms]
      [Redirty Cards: 0.1 ms]
      [Humongous Register: 0.1 ms]
      [Humongous Reclaim: 0.0 ms]
      [Free CSet: 0.7 ms]
   [Eden: 2444.0M(2444.0M)->0.0B(2444.0M) Survivors: 12288.0K->12288.0K Heap: 2479.5M(4096.0M)->36402.4K(4096.0M)]
 [Times: user=0.00 sys=0.00, real=0.00 secs] 
2024-10-12T19:06:29.612+0300: 839.895: Total time for which application threads were stopped: 0.0043617 seconds, Stopping threads took: 0.0003139 seconds
2024-10-12T19:06:30.381+0300: 840.673: Application time: 0.7783951 seconds
2024-10-12T19:06:30.381+0300: 840.674: [GC pause (G1 Evacuation Pause) (young), 0.0033183 secs]
   [Parallel Time: 1.7 ms, GC Workers: 6]
      [GC Worker Start (ms): Min: 840673.7, Avg: 840673.8, Max: 840673.8, Diff: 0.1]
      [Ext Root Scanning (ms): Min: 0.3, Avg: 0.4, Max: 0.4, Diff: 0.1, Sum: 2.2]
      [Update RS (ms): Min: 0.1, Avg: 0.1, Max: 0.1, Diff: 0.1, Sum: 0.6]
         [Processed Buffers: Min: 1, Avg: 2.0, Max: 4, Diff: 3, Sum: 12]
      [Scan RS (ms): Min: 0.2, Avg: 0.2, Max: 0.2, Diff: 0.0, Sum: 1.1]
      [Code Root Scanning (ms): Min: 0.0, Avg: 0.0, Max: 0.0, Diff: 0.0, Sum: 0.0]
      [Object Copy (ms): Min: 0.8, Avg: 0.8, Max: 0.8, Diff: 0.1, Sum: 4.9]
      [Termination (ms): Min: 0.0, Avg: 0.0, Max: 0.0, Diff: 0.0, Sum: 0.0]
         [Termination Attempts: Min: 1, Avg: 2.0, Max: 4, Diff: 3, Sum: 12]
      [GC Worker Other (ms): Min: 0.0, Avg: 0.1, Max: 0.1, Diff: 0.1, Sum: 0.4]
      [GC Worker Total (ms): Min: 1.5, Avg: 1.5, Max: 1.6, Diff: 0.1, Sum: 9.2]
      [GC Worker End (ms): Min: 840675.3, Avg: 840675.3, Max: 840675.4, Diff: 0.1]
   [Code Root Fixup: 0.0 ms]
   [Code Root Purge: 0.0 ms]
   [Clear CT: 0.5 ms]
   [Other: 1.2 ms]
      [Choose CSet: 0.0 ms]
      [Ref Proc: 0.1 ms]
      [Ref Enq: 0.0 ms]
      [Redirty Cards: 0.2 ms]
      [Humongous Register: 0.1 ms]
      [Humongous Reclaim: 0.0 ms]
      [Free CSet: 0.6 ms]
   [Eden: 2444.0M(2444.0M)->0.0B(2448.0M) Survivors: 12288.0K->8192.0K Heap: 2479.5M(4096.0M)->33439.7K(4096.0M)]
 [Times: user=0.02 sys=0.00, real=0.02 secs] 
2024-10-12T19:06:30.397+0300: 840.677: Total time for which application threads were stopped: 0.0037372 seconds, Stopping threads took: 0.0001536 seconds
2024-10-12T19:06:31.166+0300: 841.457: Application time: 0.7799322 seconds
2024-10-12T19:06:31.166+0300: 841.457: [GC pause (G1 Evacuation Pause) (young), 0.0031961 secs]
   [Parallel Time: 1.7 ms, GC Workers: 6]
      [GC Worker Start (ms): Min: 841457.4, Avg: 841457.4, Max: 841457.5, Diff: 0.1]
      [Ext Root Scanning (ms): Min: 0.3, Avg: 0.4, Max: 0.4, Diff: 0.1, Sum: 2.3]
      [Update RS (ms): Min: 0.0, Avg: 0.1, Max: 0.2, Diff: 0.2, Sum: 0.7]
         [Processed Buffers: Min: 0, Avg: 2.2, Max: 4, Diff: 4, Sum: 13]
      [Scan RS (ms): Min: 0.2, Avg: 0.2, Max: 0.2, Diff: 0.0, Sum: 1.1]
      [Code Root Scanning (ms): Min: 0.0, Avg: 0.0, Max: 0.0, Diff: 0.0, Sum: 0.0]
      [Object Copy (ms): Min: 0.8, Avg: 0.8, Max: 0.9, Diff: 0.1, Sum: 4.8]
      [Termination (ms): Min: 0.0, Avg: 0.0, Max: 0.0, Diff: 0.0, Sum: 0.0]
         [Termination Attempts: Min: 1, Avg: 1.7, Max: 3, Diff: 2, Sum: 10]
      [GC Worker Other (ms): Min: 0.0, Avg: 0.1, Max: 0.1, Diff: 0.1, Sum: 0.4]
      [GC Worker Total (ms): Min: 1.5, Avg: 1.6, Max: 1.6, Diff: 0.1, Sum: 9.4]
      [GC Worker End (ms): Min: 841458.9, Avg: 841459.0, Max: 841459.0, Diff: 0.1]
   [Code Root Fixup: 0.0 ms]
   [Code Root Purge: 0.0 ms]
   [Clear CT: 0.5 ms]
   [Other: 1.0 ms]
      [Choose CSet: 0.0 ms]
      [Ref Proc: 0.1 ms]
      [Ref Enq: 0.0 ms]
      [Redirty Cards: 0.1 ms]
      [Humongous Register: 0.0 ms]
      [Humongous Reclaim: 0.0 ms]
      [Free CSet: 0.6 ms]
   [Eden: 2448.0M(2448.0M)->0.0B(2448.0M) Survivors: 8192.0K->8192.0K Heap: 2480.7M(4096.0M)->33393.0K(4096.0M)]
 [Times: user=0.00 sys=0.00, real=0.00 secs] 
2024-10-12T19:06:31.166+0300: 841.461: Total time for which application threads were stopped: 0.0036694 seconds, Stopping threads took: 0.0001704 seconds
2024-10-12T19:06:31.952+0300: 842.237: Application time: 0.7765035 seconds
2024-10-12T19:06:31.952+0300: 842.237: [GC pause (G1 Evacuation Pause) (young), 0.0042026 secs]
   [Parallel Time: 2.2 ms, GC Workers: 6]
      [GC Worker Start (ms): Min: 842237.6, Avg: 842237.7, Max: 842238.3, Diff: 0.7]
      [Ext Root Scanning (ms): Min: 0.0, Avg: 0.3, Max: 0.4, Diff: 0.4, Sum: 2.0]
      [Update RS (ms): Min: 0.0, Avg: 0.1, Max: 0.2, Diff: 0.2, Sum: 0.6]
         [Processed Buffers: Min: 0, Avg: 2.2, Max: 4, Diff: 4, Sum: 13]
      [Scan RS (ms): Min: 0.1, Avg: 0.2, Max: 0.2, Diff: 0.2, Sum: 1.2]
      [Code Root Scanning (ms): Min: 0.0, Avg: 0.0, Max: 0.0, Diff: 0.0, Sum: 0.0]
      [Object Copy (ms): Min: 1.2, Avg: 1.3, Max: 1.4, Diff: 0.2, Sum: 7.7]
      [Termination (ms): Min: 0.0, Avg: 0.0, Max: 0.1, Diff: 0.1, Sum: 0.2]
         [Termination Attempts: Min: 1, Avg: 1.0, Max: 1, Diff: 0, Sum: 6]
      [GC Worker Other (ms): Min: 0.0, Avg: 0.1, Max: 0.1, Diff: 0.1, Sum: 0.3]
      [GC Worker Total (ms): Min: 1.4, Avg: 2.0, Max: 2.2, Diff: 0.8, Sum: 11.9]
      [GC Worker End (ms): Min: 842239.6, Avg: 842239.7, Max: 842239.7, Diff: 0.1]
   [Code Root Fixup: 0.0 ms]
   [Code Root Purge: 0.0 ms]
   [Clear CT: 0.6 ms]
   [Other: 1.4 ms]
      [Choose CSet: 0.0 ms]
      [Ref Proc: 0.1 ms]
      [Ref Enq: 0.0 ms]
      [Redirty Cards: 0.1 ms]
      [Humongous Register: 0.1 ms]
      [Humongous Reclaim: 0.0 ms]
      [Free CSet: 0.9 ms]
   [Eden: 2448.0M(2448.0M)->0.0B(2446.0M) Survivors: 8192.0K->10240.0K Heap: 2480.6M(4096.0M)->35365.0K(4096.0M)]
 [Times: user=0.00 sys=0.00, real=0.00 secs] 
2024-10-12T19:06:31.952+0300: 842.242: Total time for which application threads were stopped: 0.0046186 seconds, Stopping threads took: 0.0001496 seconds
2024-10-12T19:06:32.737+0300: 843.018: Application time: 0.7758945 seconds
2024-10-12T19:06:32.737+0300: 843.018: [GC pause (G1 Evacuation Pause) (young), 0.0034276 secs]
   [Parallel Time: 1.7 ms, GC Workers: 6]
      [GC Worker Start (ms): Min: 843018.0, Avg: 843018.1, Max: 843018.1, Diff: 0.1]
      [Ext Root Scanning (ms): Min: 0.3, Avg: 0.4, Max: 0.4, Diff: 0.1, Sum: 2.2]
      [Update RS (ms): Min: 0.0, Avg: 0.1, Max: 0.1, Diff: 0.1, Sum: 0.6]
         [Processed Buffers: Min: 1, Avg: 2.2, Max: 4, Diff: 3, Sum: 13]
      [Scan RS (ms): Min: 0.1, Avg: 0.2, Max: 0.2, Diff: 0.0, Sum: 1.0]
      [Code Root Scanning (ms): Min: 0.0, Avg: 0.0, Max: 0.0, Diff: 0.0, Sum: 0.0]
      [Object Copy (ms): Min: 0.8, Avg: 0.8, Max: 0.9, Diff: 0.0, Sum: 5.1]
      [Termination (ms): Min: 0.0, Avg: 0.0, Max: 0.0, Diff: 0.0, Sum: 0.0]
         [Termination Attempts: Min: 1, Avg: 1.0, Max: 1, Diff: 0, Sum: 6]
      [GC Worker Other (ms): Min: 0.0, Avg: 0.1, Max: 0.1, Diff: 0.1, Sum: 0.6]
      [GC Worker Total (ms): Min: 1.6, Avg: 1.6, Max: 1.6, Diff: 0.1, Sum: 9.5]
      [GC Worker End (ms): Min: 843019.6, Avg: 843019.7, Max: 843019.7, Diff: 0.1]
   [Code Root Fixup: 0.0 ms]
   [Code Root Purge: 0.0 ms]
   [Clear CT: 0.5 ms]
   [Other: 1.2 ms]
      [Choose CSet: 0.0 ms]
      [Ref Proc: 0.1 ms]
      [Ref Enq: 0.0 ms]
      [Redirty Cards: 0.1 ms]
      [Humongous Register: 0.1 ms]
      [Humongous Reclaim: 0.0 ms]
      [Free CSet: 0.8 ms]
   [Eden: 2446.0M(2446.0M)->0.0B(2446.0M) Survivors: 10240.0K->10240.0K Heap: 2480.5M(4096.0M)->34451.3K(4096.0M)]
 [Times: user=0.00 sys=0.00, real=0.00 secs] 
2024-10-12T19:06:32.737+0300: 843.022: Total time for which application threads were stopped: 0.0037944 seconds, Stopping threads took: 0.0001438 seconds
2024-10-12T19:06:33.522+0300: 843.807: Application time: 0.7851365 seconds
2024-10-12T19:06:33.522+0300: 843.807: [GC pause (G1 Evacuation Pause) (young), 0.0039609 secs]
   [Parallel Time: 2.2 ms, GC Workers: 6]
      [GC Worker Start (ms): Min: 843807.0, Avg: 843807.0, Max: 843807.1, Diff: 0.1]
      [Ext Root Scanning (ms): Min: 0.3, Avg: 0.3, Max: 0.4, Diff: 0.1, Sum: 2.1]
      [Update RS (ms): Min: 0.1, Avg: 0.1, Max: 0.1, Diff: 0.0, Sum: 0.6]
         [Processed Buffers: Min: 1, Avg: 2.2, Max: 3, Diff: 2, Sum: 13]
      [Scan RS (ms): Min: 0.2, Avg: 0.2, Max: 0.2, Diff: 0.0, Sum: 1.0]
      [Code Root Scanning (ms): Min: 0.0, Avg: 0.0, Max: 0.0, Diff: 0.0, Sum: 0.0]
      [Object Copy (ms): Min: 1.4, Avg: 1.4, Max: 1.4, Diff: 0.0, Sum: 8.3]
      [Termination (ms): Min: 0.0, Avg: 0.0, Max: 0.0, Diff: 0.0, Sum: 0.0]
         [Termination Attempts: Min: 1, Avg: 1.0, Max: 1, Diff: 0, Sum: 6]
      [GC Worker Other (ms): Min: 0.0, Avg: 0.1, Max: 0.2, Diff: 0.1, Sum: 0.6]
      [GC Worker Total (ms): Min: 2.1, Avg: 2.1, Max: 2.2, Diff: 0.1, Sum: 12.7]
      [GC Worker End (ms): Min: 843809.1, Avg: 843809.1, Max: 843809.2, Diff: 0.1]
   [Code Root Fixup: 0.0 ms]
   [Code Root Purge: 0.0 ms]
   [Clear CT: 0.5 ms]
   [Other: 1.2 ms]
      [Choose CSet: 0.0 ms]
      [Ref Proc: 0.2 ms]
      [Ref Enq: 0.0 ms]
      [Redirty Cards: 0.1 ms]
      [Humongous Register: 0.1 ms]
      [Humongous Reclaim: 0.0 ms]
      [Free CSet: 0.7 ms]
   [Eden: 2446.0M(2446.0M)->0.0B(2444.0M) Survivors: 10240.0K->12288.0K Heap: 2479.6M(4096.0M)->36507.1K(4096.0M)]
 [Times: user=0.00 sys=0.00, real=0.00 secs] 
2024-10-12T19:06:33.522+0300: 843.811: Total time for which application threads were stopped: 0.0043226 seconds, Stopping threads took: 0.0001378 seconds
2024-10-12T19:06:34.306+0300: 844.590: Application time: 0.7785817 seconds
2024-10-12T19:06:34.306+0300: 844.590: [GC pause (G1 Evacuation Pause) (young), 0.0035498 secs]
   [Parallel Time: 1.7 ms, GC Workers: 6]
      [GC Worker Start (ms): Min: 844589.9, Avg: 844590.0, Max: 844590.0, Diff: 0.1]
      [Ext Root Scanning (ms): Min: 0.3, Avg: 0.3, Max: 0.4, Diff: 0.1, Sum: 2.0]
      [Update RS (ms): Min: 0.1, Avg: 0.1, Max: 0.1, Diff: 0.1, Sum: 0.6]
         [Processed Buffers: Min: 1, Avg: 2.2, Max: 4, Diff: 3, Sum: 13]
      [Scan RS (ms): Min: 0.1, Avg: 0.2, Max: 0.2, Diff: 0.0, Sum: 1.0]
      [Code Root Scanning (ms): Min: 0.0, Avg: 0.0, Max: 0.0, Diff: 0.0, Sum: 0.0]
      [Object Copy (ms): Min: 0.8, Avg: 0.8, Max: 0.8, Diff: 0.0, Sum: 4.8]
      [Termination (ms): Min: 0.0, Avg: 0.0, Max: 0.0, Diff: 0.0, Sum: 0.0]
         [Termination Attempts: Min: 1, Avg: 1.0, Max: 1, Diff: 0, Sum: 6]
      [GC Worker Other (ms): Min: 0.0, Avg: 0.1, Max: 0.2, Diff: 0.1, Sum: 0.7]
      [GC Worker Total (ms): Min: 1.4, Avg: 1.5, Max: 1.6, Diff: 0.1, Sum: 9.1]
      [GC Worker End (ms): Min: 844591.4, Avg: 844591.5, Max: 844591.5, Diff: 0.1]
   [Code Root Fixup: 0.0 ms]
   [Code Root Purge: 0.0 ms]
   [Clear CT: 0.5 ms]
   [Other: 1.3 ms]
      [Choose CSet: 0.0 ms]
      [Ref Proc: 0.2 ms]
      [Ref Enq: 0.0 ms]
      [Redirty Cards: 0.1 ms]
      [Humongous Register: 0.1 ms]
      [Humongous Reclaim: 0.0 ms]
      [Free CSet: 0.8 ms]
   [Eden: 2444.0M(2444.0M)->0.0B(2448.0M) Survivors: 12288.0K->8192.0K Heap: 2479.7M(4096.0M)->33454.2K(4096.0M)]
 [Times: user=0.00 sys=0.00, real=0.01 secs] 
2024-10-12T19:06:34.314+0300: 844.594: Total time for which application threads were stopped: 0.0039804 seconds, Stopping threads took: 0.0001685 seconds
2024-10-12T19:06:35.092+0300: 845.375: Application time: 0.7811229 seconds
2024-10-12T19:06:35.092+0300: 845.375: [GC pause (G1 Evacuation Pause) (young), 0.0038711 secs]
   [Parallel Time: 2.0 ms, GC Workers: 6]
      [GC Worker Start (ms): Min: 845375.0, Avg: 845375.1, Max: 845375.1, Diff: 0.1]
      [Ext Root Scanning (ms): Min: 0.3, Avg: 0.3, Max: 0.4, Diff: 0.1, Sum: 2.0]
      [Update RS (ms): Min: 0.0, Avg: 0.1, Max: 0.1, Diff: 0.1, Sum: 0.6]
         [Processed Buffers: Min: 0, Avg: 2.2, Max: 4, Diff: 4, Sum: 13]
      [Scan RS (ms): Min: 0.0, Avg: 0.2, Max: 0.2, Diff: 0.2, Sum: 1.1]
      [Code Root Scanning (ms): Min: 0.0, Avg: 0.0, Max: 0.0, Diff: 0.0, Sum: 0.0]
      [Object Copy (ms): Min: 1.0, Avg: 1.1, Max: 1.3, Diff: 0.3, Sum: 6.7]
      [Termination (ms): Min: 0.0, Avg: 0.0, Max: 0.0, Diff: 0.0, Sum: 0.0]
         [Termination Attempts: Min: 1, Avg: 1.0, Max: 1, Diff: 0, Sum: 6]
      [GC Worker Other (ms): Min: 0.0, Avg: 0.1, Max: 0.1, Diff: 0.1, Sum: 0.4]
      [GC Worker Total (ms): Min: 1.7, Avg: 1.8, Max: 1.9, Diff: 0.1, Sum: 10.8]
      [GC Worker End (ms): Min: 845376.8, Avg: 845376.8, Max: 845376.9, Diff: 0.1]
   [Code Root Fixup: 0.0 ms]
   [Code Root Purge: 0.0 ms]
   [Clear CT: 0.6 ms]
   [Other: 1.3 ms]
      [Choose CSet: 0.0 ms]
      [Ref Proc: 0.1 ms]
      [Ref Enq: 0.0 ms]
      [Redirty Cards: 0.1 ms]
      [Humongous Register: 0.1 ms]
      [Humongous Reclaim: 0.0 ms]
      [Free CSet: 1.0 ms]
   [Eden: 2448.0M(2448.0M)->0.0B(2446.0M) Survivors: 8192.0K->10240.0K Heap: 2480.7M(4096.0M)->35504.7K(4096.0M)]
 [Times: user=0.00 sys=0.00, real=0.00 secs] 
2024-10-12T19:06:35.092+0300: 845.379: Total time for which application threads were stopped: 0.0042527 seconds, Stopping threads took: 0.0001537 seconds
2024-10-12T19:06:35.877+0300: 846.158: Application time: 0.7789160 seconds
2024-10-12T19:06:35.877+0300: 846.158: [GC pause (G1 Evacuation Pause) (young), 0.0032582 secs]
   [Parallel Time: 1.5 ms, GC Workers: 6]
      [GC Worker Start (ms): Min: 846158.2, Avg: 846158.3, Max: 846158.3, Diff: 0.1]
      [Ext Root Scanning (ms): Min: 0.3, Avg: 0.3, Max: 0.4, Diff: 0.1, Sum: 2.0]
      [Update RS (ms): Min: 0.1, Avg: 0.1, Max: 0.1, Diff: 0.1, Sum: 0.6]
         [Processed Buffers: Min: 1, Avg: 2.0, Max: 3, Diff: 2, Sum: 12]
      [Scan RS (ms): Min: 0.2, Avg: 0.2, Max: 0.2, Diff: 0.0, Sum: 1.1]
      [Code Root Scanning (ms): Min: 0.0, Avg: 0.0, Max: 0.0, Diff: 0.0, Sum: 0.0]
      [Object Copy (ms): Min: 0.7, Avg: 0.7, Max: 0.7, Diff: 0.1, Sum: 4.2]
      [Termination (ms): Min: 0.0, Avg: 0.0, Max: 0.0, Diff: 0.0, Sum: 0.0]
         [Termination Attempts: Min: 1, Avg: 1.8, Max: 3, Diff: 2, Sum: 11]
      [GC Worker Other (ms): Min: 0.0, Avg: 0.1, Max: 0.1, Diff: 0.1, Sum: 0.5]
      [GC Worker Total (ms): Min: 1.3, Avg: 1.4, Max: 1.5, Diff: 0.2, Sum: 8.4]
      [GC Worker End (ms): Min: 846159.6, Avg: 846159.7, Max: 846159.7, Diff: 0.1]
   [Code Root Fixup: 0.0 ms]
   [Code Root Purge: 0.0 ms]
   [Clear CT: 0.5 ms]
   [Other: 1.2 ms]
      [Choose CSet: 0.0 ms]
      [Ref Proc: 0.1 ms]
      [Ref Enq: 0.0 ms]
      [Redirty Cards: 0.1 ms]
      [Humongous Register: 0.1 ms]
      [Humongous Reclaim: 0.0 ms]
      [Free CSet: 0.8 ms]
   [Eden: 2446.0M(2446.0M)->0.0B(2448.0M) Survivors: 10240.0K->8192.0K Heap: 2480.7M(4096.0M)->33459.2K(4096.0M)]
 [Times: user=0.00 sys=0.00, real=0.00 secs] 
2024-10-12T19:06:35.877+0300: 846.161: Total time for which application threads were stopped: 0.0036589 seconds, Stopping threads took: 0.0001588 seconds
2024-10-12T19:06:36.661+0300: 846.949: Application time: 0.7875915 seconds
2024-10-12T19:06:36.661+0300: 846.949: [GC pause (G1 Evacuation Pause) (young), 0.0033698 secs]
   [Parallel Time: 1.7 ms, GC Workers: 6]
      [GC Worker Start (ms): Min: 846949.5, Avg: 846949.6, Max: 846949.9, Diff: 0.4]
      [Ext Root Scanning (ms): Min: 0.0, Avg: 0.3, Max: 0.5, Diff: 0.4, Sum: 1.7]
      [Update RS (ms): Min: 0.1, Avg: 0.1, Max: 0.1, Diff: 0.1, Sum: 0.6]
         [Processed Buffers: Min: 1, Avg: 2.2, Max: 4, Diff: 3, Sum: 13]
      [Scan RS (ms): Min: 0.1, Avg: 0.2, Max: 0.2, Diff: 0.1, Sum: 1.0]
      [Code Root Scanning (ms): Min: 0.0, Avg: 0.0, Max: 0.0, Diff: 0.0, Sum: 0.0]
      [Object Copy (ms): Min: 0.7, Avg: 0.7, Max: 0.8, Diff: 0.1, Sum: 4.4]
      [Termination (ms): Min: 0.0, Avg: 0.0, Max: 0.0, Diff: 0.0, Sum: 0.0]
         [Termination Attempts: Min: 1, Avg: 1.0, Max: 1, Diff: 0, Sum: 6]
      [GC Worker Other (ms): Min: 0.0, Avg: 0.1, Max: 0.1, Diff: 0.1, Sum: 0.6]
      [GC Worker Total (ms): Min: 1.1, Avg: 1.4, Max: 1.6, Diff: 0.4, Sum: 8.4]
      [GC Worker End (ms): Min: 846951.0, Avg: 846951.0, Max: 846951.1, Diff: 0.1]
   [Code Root Fixup: 0.0 ms]
   [Code Root Purge: 0.0 ms]
   [Clear CT: 0.5 ms]
   [Other: 1.2 ms]
      [Choose CSet: 0.0 ms]
      [Ref Proc: 0.1 ms]
      [Ref Enq: 0.0 ms]
      [Redirty Cards: 0.1 ms]
      [Humongous Register: 0.1 ms]
      [Humongous Reclaim: 0.0 ms]
      [Free CSet: 0.7 ms]
   [Eden: 2448.0M(2448.0M)->0.0B(2448.0M) Survivors: 8192.0K->8192.0K Heap: 2480.7M(4096.0M)->33342.4K(4096.0M)]
 [Times: user=0.00 sys=0.00, real=0.00 secs] 
2024-10-12T19:06:36.661+0300: 846.953: Total time for which application threads were stopped: 0.0037698 seconds, Stopping threads took: 0.0001722 seconds
2024-10-12T19:06:37.477+0300: 847.771: Application time: 0.8186060 seconds
2024-10-12T19:06:37.492+0300: 847.772: [GC pause (G1 Evacuation Pause) (young), 0.0038453 secs]
   [Parallel Time: 1.7 ms, GC Workers: 6]
      [GC Worker Start (ms): Min: 847771.9, Avg: 847771.9, Max: 847771.9, Diff: 0.1]
      [Ext Root Scanning (ms): Min: 0.3, Avg: 0.3, Max: 0.3, Diff: 0.1, Sum: 1.9]
      [Update RS (ms): Min: 0.1, Avg: 0.1, Max: 0.1, Diff: 0.0, Sum: 0.6]
         [Processed Buffers: Min: 1, Avg: 2.2, Max: 3, Diff: 2, Sum: 13]
      [Scan RS (ms): Min: 0.2, Avg: 0.2, Max: 0.2, Diff: 0.0, Sum: 1.0]
      [Code Root Scanning (ms): Min: 0.0, Avg: 0.0, Max: 0.0, Diff: 0.0, Sum: 0.0]
      [Object Copy (ms): Min: 0.8, Avg: 0.8, Max: 0.8, Diff: 0.0, Sum: 4.9]
      [Termination (ms): Min: 0.0, Avg: 0.0, Max: 0.0, Diff: 0.0, Sum: 0.0]
         [Termination Attempts: Min: 1, Avg: 2.8, Max: 5, Diff: 4, Sum: 17]
      [GC Worker Other (ms): Min: 0.0, Avg: 0.1, Max: 0.2, Diff: 0.2, Sum: 0.6]
      [GC Worker Total (ms): Min: 1.4, Avg: 1.5, Max: 1.6, Diff: 0.2, Sum: 9.0]
      [GC Worker End (ms): Min: 847773.3, Avg: 847773.4, Max: 847773.5, Diff: 0.1]
   [Code Root Fixup: 0.0 ms]
   [Code Root Purge: 0.0 ms]
   [Clear CT: 0.5 ms]
   [Other: 1.6 ms]
      [Choose CSet: 0.0 ms]
      [Ref Proc: 0.2 ms]
      [Ref Enq: 0.0 ms]
      [Redirty Cards: 0.1 ms]
      [Humongous Register: 0.0 ms]
      [Humongous Reclaim: 0.0 ms]
      [Free CSet: 1.1 ms]
   [Eden: 2448.0M(2448.0M)->0.0B(2446.0M) Survivors: 8192.0K->10240.0K Heap: 2480.6M(4096.0M)->34389.8K(4096.0M)]
 [Times: user=0.00 sys=0.00, real=0.00 secs] 
2024-10-12T19:06:37.492+0300: 847.776: Total time for which application threads were stopped: 0.0043037 seconds, Stopping threads took: 0.0002317 seconds
2024-10-12T19:06:38.325+0300: 848.610: Application time: 0.8344912 seconds
2024-10-12T19:06:38.325+0300: 848.611: [GC pause (G1 Evacuation Pause) (young), 0.0036173 secs]
   [Parallel Time: 1.6 ms, GC Workers: 6]
      [GC Worker Start (ms): Min: 848610.7, Avg: 848610.7, Max: 848610.7, Diff: 0.1]
      [Ext Root Scanning (ms): Min: 0.3, Avg: 0.3, Max: 0.4, Diff: 0.1, Sum: 2.0]
      [Update RS (ms): Min: 0.1, Avg: 0.1, Max: 0.1, Diff: 0.1, Sum: 0.6]
         [Processed Buffers: Min: 1, Avg: 2.2, Max: 4, Diff: 3, Sum: 13]
      [Scan RS (ms): Min: 0.2, Avg: 0.2, Max: 0.2, Diff: 0.0, Sum: 1.0]
      [Code Root Scanning (ms): Min: 0.0, Avg: 0.0, Max: 0.0, Diff: 0.0, Sum: 0.0]
      [Object Copy (ms): Min: 0.7, Avg: 0.8, Max: 0.8, Diff: 0.0, Sum: 4.6]
      [Termination (ms): Min: 0.0, Avg: 0.0, Max: 0.0, Diff: 0.0, Sum: 0.0]
         [Termination Attempts: Min: 1, Avg: 1.0, Max: 1, Diff: 0, Sum: 6]
      [GC Worker Other (ms): Min: 0.0, Avg: 0.1, Max: 0.2, Diff: 0.1, Sum: 0.7]
      [GC Worker Total (ms): Min: 1.5, Avg: 1.5, Max: 1.5, Diff: 0.1, Sum: 9.0]
      [GC Worker End (ms): Min: 848612.1, Avg: 848612.2, Max: 848612.3, Diff: 0.1]
   [Code Root Fixup: 0.0 ms]
   [Code Root Purge: 0.0 ms]
   [Clear CT: 0.5 ms]
   [Other: 1.4 ms]
      [Choose CSet: 0.0 ms]
      [Ref Proc: 0.1 ms]
      [Ref Enq: 0.0 ms]
      [Redirty Cards: 0.1 ms]
      [Humongous Register: 0.1 ms]
      [Humongous Reclaim: 0.0 ms]
      [Free CSet: 0.9 ms]
   [Eden: 2446.0M(2446.0M)->0.0B(2446.0M) Survivors: 10240.0K->10240.0K Heap: 2479.6M(4096.0M)->34417.3K(4096.0M)]
 [Times: user=0.06 sys=0.00, real=0.00 secs] 
2024-10-12T19:06:38.325+0300: 848.614: Total time for which application threads were stopped: 0.0040219 seconds, Stopping threads took: 0.0001227 seconds
2024-10-12T19:06:39.140+0300: 849.426: Application time: 0.8117418 seconds
2024-10-12T19:06:39.140+0300: 849.426: [GC pause (G1 Evacuation Pause) (young), 0.0035083 secs]
   [Parallel Time: 1.6 ms, GC Workers: 6]
      [GC Worker Start (ms): Min: 849426.5, Avg: 849426.5, Max: 849426.5, Diff: 0.1]
      [Ext Root Scanning (ms): Min: 0.3, Avg: 0.3, Max: 0.3, Diff: 0.1, Sum: 1.9]
      [Update RS (ms): Min: 0.1, Avg: 0.1, Max: 0.1, Diff: 0.0, Sum: 0.6]
         [Processed Buffers: Min: 1, Avg: 2.2, Max: 4, Diff: 3, Sum: 13]
      [Scan RS (ms): Min: 0.2, Avg: 0.2, Max: 0.2, Diff: 0.0, Sum: 1.0]
      [Code Root Scanning (ms): Min: 0.0, Avg: 0.0, Max: 0.0, Diff: 0.0, Sum: 0.0]
      [Object Copy (ms): Min: 0.8, Avg: 0.8, Max: 0.8, Diff: 0.0, Sum: 4.8]
      [Termination (ms): Min: 0.0, Avg: 0.0, Max: 0.0, Diff: 0.0, Sum: 0.0]
         [Termination Attempts: Min: 1, Avg: 1.0, Max: 1, Diff: 0, Sum: 6]
      [GC Worker Other (ms): Min: 0.1, Avg: 0.1, Max: 0.2, Diff: 0.1, Sum: 0.7]
      [GC Worker Total (ms): Min: 1.4, Avg: 1.5, Max: 1.6, Diff: 0.1, Sum: 9.0]
      [GC Worker End (ms): Min: 849427.9, Avg: 849428.0, Max: 849428.0, Diff: 0.1]
   [Code Root Fixup: 0.0 ms]
   [Code Root Purge: 0.0 ms]
   [Clear CT: 0.5 ms]
   [Other: 1.4 ms]
      [Choose CSet: 0.0 ms]
      [Ref Proc: 0.1 ms]
      [Ref Enq: 0.0 ms]
      [Redirty Cards: 0.1 ms]
      [Humongous Register: 0.1 ms]
      [Humongous Reclaim: 0.0 ms]
      [Free CSet: 0.9 ms]
   [Eden: 2446.0M(2446.0M)->0.0B(2446.0M) Survivors: 10240.0K->10240.0K Heap: 2479.6M(4096.0M)->34426.2K(4096.0M)]
 [Times: user=0.03 sys=0.00, real=0.00 secs] 
2024-10-12T19:06:39.140+0300: 849.430: Total time for which application threads were stopped: 0.0039667 seconds, Stopping threads took: 0.0002140 seconds
2024-10-12T19:06:39.927+0300: 850.219: Application time: 0.7886349 seconds
2024-10-12T19:06:39.927+0300: 850.219: [GC pause (G1 Evacuation Pause) (young), 0.0032539 secs]
   [Parallel Time: 1.6 ms, GC Workers: 6]
      [GC Worker Start (ms): Min: 850219.0, Avg: 850219.1, Max: 850219.1, Diff: 0.1]
      [Ext Root Scanning (ms): Min: 0.3, Avg: 0.3, Max: 0.4, Diff: 0.1, Sum: 2.0]
      [Update RS (ms): Min: 0.1, Avg: 0.1, Max: 0.2, Diff: 0.1, Sum: 0.6]
         [Processed Buffers: Min: 1, Avg: 2.2, Max: 4, Diff: 3, Sum: 13]
      [Scan RS (ms): Min: 0.1, Avg: 0.2, Max: 0.3, Diff: 0.1, Sum: 1.2]
      [Code Root Scanning (ms): Min: 0.0, Avg: 0.0, Max: 0.0, Diff: 0.0, Sum: 0.0]
      [Object Copy (ms): Min: 0.7, Avg: 0.7, Max: 0.8, Diff: 0.1, Sum: 4.4]
      [Termination (ms): Min: 0.0, Avg: 0.0, Max: 0.0, Diff: 0.0, Sum: 0.0]
         [Termination Attempts: Min: 1, Avg: 1.7, Max: 3, Diff: 2, Sum: 10]
      [GC Worker Other (ms): Min: 0.0, Avg: 0.1, Max: 0.1, Diff: 0.1, Sum: 0.5]
      [GC Worker Total (ms): Min: 1.4, Avg: 1.5, Max: 1.5, Diff: 0.1, Sum: 8.8]
      [GC Worker End (ms): Min: 850220.5, Avg: 850220.5, Max: 850220.6, Diff: 0.1]
   [Code Root Fixup: 0.0 ms]
   [Code Root Purge: 0.0 ms]
   [Clear CT: 0.5 ms]
   [Other: 1.1 ms]
      [Choose CSet: 0.0 ms]
      [Ref Proc: 0.1 ms]
      [Ref Enq: 0.0 ms]
      [Redirty Cards: 0.1 ms]
      [Humongous Register: 0.1 ms]
      [Humongous Reclaim: 0.0 ms]
      [Free CSet: 0.7 ms]
   [Eden: 2446.0M(2446.0M)->0.0B(2448.0M) Survivors: 10240.0K->8192.0K Heap: 2479.6M(4096.0M)->32381.2K(4096.0M)]
 [Times: user=0.03 sys=0.00, real=0.01 secs] 
2024-10-12T19:06:39.940+0300: 850.222: Total time for which application threads were stopped: 0.0036607 seconds, Stopping threads took: 0.0001723 seconds
2024-10-12T19:06:40.729+0300: 851.011: Application time: 0.7885571 seconds
2024-10-12T19:06:40.729+0300: 851.011: [GC pause (G1 Evacuation Pause) (young), 0.0035877 secs]
   [Parallel Time: 1.6 ms, GC Workers: 6]
      [GC Worker Start (ms): Min: 851011.2, Avg: 851011.2, Max: 851011.3, Diff: 0.1]
      [Ext Root Scanning (ms): Min: 0.3, Avg: 0.3, Max: 0.4, Diff: 0.1, Sum: 1.9]
      [Update RS (ms): Min: 0.1, Avg: 0.1, Max: 0.1, Diff: 0.0, Sum: 0.6]
         [Processed Buffers: Min: 1, Avg: 2.2, Max: 3, Diff: 2, Sum: 13]
      [Scan RS (ms): Min: 0.2, Avg: 0.2, Max: 0.2, Diff: 0.0, Sum: 1.0]
      [Code Root Scanning (ms): Min: 0.0, Avg: 0.0, Max: 0.0, Diff: 0.0, Sum: 0.0]
      [Object Copy (ms): Min: 0.8, Avg: 0.8, Max: 0.8, Diff: 0.0, Sum: 4.8]
      [Termination (ms): Min: 0.0, Avg: 0.0, Max: 0.0, Diff: 0.0, Sum: 0.0]
         [Termination Attempts: Min: 1, Avg: 1.8, Max: 3, Diff: 2, Sum: 11]
      [GC Worker Other (ms): Min: 0.0, Avg: 0.1, Max: 0.1, Diff: 0.1, Sum: 0.5]
      [GC Worker Total (ms): Min: 1.4, Avg: 1.5, Max: 1.5, Diff: 0.1, Sum: 8.9]
      [GC Worker End (ms): Min: 851012.7, Avg: 851012.7, Max: 851012.8, Diff: 0.1]
   [Code Root Fixup: 0.0 ms]
   [Code Root Purge: 0.0 ms]
   [Clear CT: 0.6 ms]
   [Other: 1.4 ms]
      [Choose CSet: 0.0 ms]
      [Ref Proc: 0.1 ms]
      [Ref Enq: 0.0 ms]
      [Redirty Cards: 0.1 ms]
      [Humongous Register: 0.1 ms]
      [Humongous Reclaim: 0.0 ms]
      [Free CSet: 0.9 ms]
   [Eden: 2448.0M(2448.0M)->0.0B(2446.0M) Survivors: 8192.0K->10240.0K Heap: 2479.6M(4096.0M)->35309.8K(4096.0M)]
 [Times: user=0.00 sys=0.00, real=0.00 secs] 
2024-10-12T19:06:40.729+0300: 851.015: Total time for which application threads were stopped: 0.0039620 seconds, Stopping threads took: 0.0001453 seconds
2024-10-12T19:06:41.511+0300: 851.803: Application time: 0.7886523 seconds
2024-10-12T19:06:41.511+0300: 851.804: [GC pause (G1 Evacuation Pause) (young), 0.0035145 secs]
   [Parallel Time: 1.6 ms, GC Workers: 6]
      [GC Worker Start (ms): Min: 851803.8, Avg: 851803.8, Max: 851803.9, Diff: 0.1]
      [Ext Root Scanning (ms): Min: 0.3, Avg: 0.3, Max: 0.4, Diff: 0.1, Sum: 1.9]
      [Update RS (ms): Min: 0.1, Avg: 0.1, Max: 0.1, Diff: 0.0, Sum: 0.6]
         [Processed Buffers: Min: 1, Avg: 2.2, Max: 4, Diff: 3, Sum: 13]
      [Scan RS (ms): Min: 0.1, Avg: 0.2, Max: 0.2, Diff: 0.0, Sum: 1.0]
      [Code Root Scanning (ms): Min: 0.0, Avg: 0.0, Max: 0.0, Diff: 0.0, Sum: 0.0]
      [Object Copy (ms): Min: 0.8, Avg: 0.8, Max: 0.8, Diff: 0.0, Sum: 4.9]
      [Termination (ms): Min: 0.0, Avg: 0.0, Max: 0.0, Diff: 0.0, Sum: 0.0]
         [Termination Attempts: Min: 1, Avg: 1.0, Max: 1, Diff: 0, Sum: 6]
      [GC Worker Other (ms): Min: 0.0, Avg: 0.1, Max: 0.1, Diff: 0.1, Sum: 0.5]
      [GC Worker Total (ms): Min: 1.5, Avg: 1.5, Max: 1.5, Diff: 0.1, Sum: 9.0]
      [GC Worker End (ms): Min: 851805.3, Avg: 851805.3, Max: 851805.4, Diff: 0.1]
   [Code Root Fixup: 0.0 ms]
   [Code Root Purge: 0.0 ms]
   [Clear CT: 0.6 ms]
   [Other: 1.3 ms]
      [Choose CSet: 0.0 ms]
      [Ref Proc: 0.1 ms]
      [Ref Enq: 0.0 ms]
      [Redirty Cards: 0.1 ms]
      [Humongous Register: 0.0 ms]
      [Humongous Reclaim: 0.0 ms]
      [Free CSet: 0.8 ms]
   [Eden: 2446.0M(2446.0M)->0.0B(2446.0M) Survivors: 10240.0K->10240.0K Heap: 2480.5M(4096.0M)->35380.5K(4096.0M)]
 [Times: user=0.02 sys=0.00, real=0.02 secs] 
2024-10-12T19:06:41.527+0300: 851.807: Total time for which application threads were stopped: 0.0038767 seconds, Stopping threads took: 0.0001199 seconds
2024-10-12T19:06:42.297+0300: 852.591: Application time: 0.7834462 seconds
2024-10-12T19:06:42.297+0300: 852.591: [GC pause (G1 Evacuation Pause) (young), 0.0040288 secs]
   [Parallel Time: 1.7 ms, GC Workers: 6]
      [GC Worker Start (ms): Min: 852591.2, Avg: 852591.2, Max: 852591.3, Diff: 0.1]
      [Ext Root Scanning (ms): Min: 0.3, Avg: 0.4, Max: 0.4, Diff: 0.1, Sum: 2.3]
      [Update RS (ms): Min: 0.0, Avg: 0.1, Max: 0.2, Diff: 0.2, Sum: 0.6]
         [Processed Buffers: Min: 0, Avg: 2.2, Max: 4, Diff: 4, Sum: 13]
      [Scan RS (ms): Min: 0.2, Avg: 0.2, Max: 0.2, Diff: 0.0, Sum: 1.1]
      [Code Root Scanning (ms): Min: 0.0, Avg: 0.0, Max: 0.0, Diff: 0.0, Sum: 0.0]
      [Object Copy (ms): Min: 0.8, Avg: 0.8, Max: 0.9, Diff: 0.2, Sum: 5.1]
      [Termination (ms): Min: 0.0, Avg: 0.0, Max: 0.0, Diff: 0.0, Sum: 0.0]
         [Termination Attempts: Min: 1, Avg: 1.0, Max: 1, Diff: 0, Sum: 6]
      [GC Worker Other (ms): Min: 0.0, Avg: 0.1, Max: 0.2, Diff: 0.1, Sum: 0.7]
      [GC Worker Total (ms): Min: 1.6, Avg: 1.6, Max: 1.7, Diff: 0.1, Sum: 9.7]
      [GC Worker End (ms): Min: 852592.8, Avg: 852592.8, Max: 852592.9, Diff: 0.1]
   [Code Root Fixup: 0.0 ms]
   [Code Root Purge: 0.0 ms]
   [Clear CT: 0.5 ms]
   [Other: 1.8 ms]
      [Choose CSet: 0.0 ms]
      [Ref Proc: 0.1 ms]
      [Ref Enq: 0.0 ms]
      [Redirty Cards: 0.1 ms]
      [Humongous Register: 0.1 ms]
      [Humongous Reclaim: 0.0 ms]
      [Free CSet: 1.2 ms]
   [Eden: 2446.0M(2446.0M)->0.0B(2448.0M) Survivors: 10240.0K->8192.0K Heap: 2480.6M(4096.0M)->32450.5K(4096.0M)]
 [Times: user=0.02 sys=0.00, real=0.02 secs] 
2024-10-12T19:06:42.312+0300: 852.595: Total time for which application threads were stopped: 0.0045124 seconds, Stopping threads took: 0.0001591 seconds
2024-10-12T19:06:43.097+0300: 853.385: Application time: 0.7894964 seconds
2024-10-12T19:06:43.097+0300: 853.385: [GC pause (G1 Evacuation Pause) (young), 0.0044444 secs]
   [Parallel Time: 1.8 ms, GC Workers: 6]
      [GC Worker Start (ms): Min: 853385.5, Avg: 853385.5, Max: 853385.6, Diff: 0.1]
      [Ext Root Scanning (ms): Min: 0.3, Avg: 0.3, Max: 0.4, Diff: 0.1, Sum: 2.1]
      [Update RS (ms): Min: 0.1, Avg: 0.1, Max: 0.1, Diff: 0.0, Sum: 0.7]
         [Processed Buffers: Min: 1, Avg: 2.2, Max: 3, Diff: 2, Sum: 13]
      [Scan RS (ms): Min: 0.2, Avg: 0.2, Max: 0.2, Diff: 0.0, Sum: 1.1]
      [Code Root Scanning (ms): Min: 0.0, Avg: 0.0, Max: 0.0, Diff: 0.0, Sum: 0.0]
      [Object Copy (ms): Min: 0.8, Avg: 0.8, Max: 0.8, Diff: 0.1, Sum: 4.8]
      [Termination (ms): Min: 0.0, Avg: 0.0, Max: 0.0, Diff: 0.0, Sum: 0.0]
         [Termination Attempts: Min: 1, Avg: 1.0, Max: 1, Diff: 0, Sum: 6]
      [GC Worker Other (ms): Min: 0.0, Avg: 0.1, Max: 0.2, Diff: 0.1, Sum: 0.6]
      [GC Worker Total (ms): Min: 1.5, Avg: 1.5, Max: 1.6, Diff: 0.2, Sum: 9.3]
      [GC Worker End (ms): Min: 853387.0, Avg: 853387.0, Max: 853387.1, Diff: 0.1]
   [Code Root Fixup: 0.0 ms]
   [Code Root Purge: 0.0 ms]
   [Clear CT: 0.6 ms]
   [Other: 2.1 ms]
      [Choose CSet: 0.0 ms]
      [Ref Proc: 0.1 ms]
      [Ref Enq: 0.0 ms]
      [Redirty Cards: 0.1 ms]
      [Humongous Register: 0.1 ms]
      [Humongous Reclaim: 0.0 ms]
      [Free CSet: 1.5 ms]
   [Eden: 2448.0M(2448.0M)->0.0B(2448.0M) Survivors: 8192.0K->8192.0K Heap: 2479.7M(4096.0M)->33345.9K(4096.0M)]
 [Times: user=0.00 sys=0.00, real=0.00 secs] 
2024-10-12T19:06:43.097+0300: 853.390: Total time for which application threads were stopped: 0.0051838 seconds, Stopping threads took: 0.0003705 seconds
2024-10-12T19:06:43.992+0300: 854.273: Application time: 0.8832656 seconds
2024-10-12T19:06:43.992+0300: 854.274: [GC pause (G1 Evacuation Pause) (young), 0.0041244 secs]
   [Parallel Time: 2.1 ms, GC Workers: 6]
      [GC Worker Start (ms): Min: 854273.7, Avg: 854273.8, Max: 854274.1, Diff: 0.5]
      [Ext Root Scanning (ms): Min: 0.0, Avg: 0.3, Max: 0.4, Diff: 0.4, Sum: 1.7]
      [Update RS (ms): Min: 0.0, Avg: 0.1, Max: 0.1, Diff: 0.1, Sum: 0.6]
         [Processed Buffers: Min: 0, Avg: 2.2, Max: 4, Diff: 4, Sum: 13]
      [Scan RS (ms): Min: 0.1, Avg: 0.2, Max: 0.2, Diff: 0.1, Sum: 1.1]
      [Code Root Scanning (ms): Min: 0.0, Avg: 0.0, Max: 0.0, Diff: 0.0, Sum: 0.0]
      [Object Copy (ms): Min: 1.0, Avg: 1.1, Max: 1.5, Diff: 0.5, Sum: 6.8]
      [Termination (ms): Min: 0.0, Avg: 0.2, Max: 0.2, Diff: 0.2, Sum: 0.9]
         [Termination Attempts: Min: 1, Avg: 1.5, Max: 3, Diff: 2, Sum: 9]
      [GC Worker Other (ms): Min: 0.0, Avg: 0.0, Max: 0.0, Diff: 0.0, Sum: 0.1]
      [GC Worker Total (ms): Min: 1.6, Avg: 1.9, Max: 2.0, Diff: 0.5, Sum: 11.3]
      [GC Worker End (ms): Min: 854275.7, Avg: 854275.7, Max: 854275.7, Diff: 0.0]
   [Code Root Fixup: 0.0 ms]
   [Code Root Purge: 0.0 ms]
   [Clear CT: 0.5 ms]
   [Other: 1.5 ms]
      [Choose CSet: 0.0 ms]
      [Ref Proc: 0.1 ms]
      [Ref Enq: 0.0 ms]
      [Redirty Cards: 0.1 ms]
      [Humongous Register: 0.1 ms]
      [Humongous Reclaim: 0.0 ms]
      [Free CSet: 1.0 ms]
   [Eden: 2448.0M(2448.0M)->0.0B(2444.0M) Survivors: 8192.0K->12288.0K Heap: 2480.6M(4096.0M)->36481.2K(4096.0M)]
 [Times: user=0.00 sys=0.00, real=0.00 secs] 
2024-10-12T19:06:43.992+0300: 854.278: Total time for which application threads were stopped: 0.0045512 seconds, Stopping threads took: 0.0001578 seconds
2024-10-12T19:06:44.761+0300: 855.052: Application time: 0.7745598 seconds
2024-10-12T19:06:44.761+0300: 855.053: [GC pause (G1 Evacuation Pause) (young), 0.0040612 secs]
   [Parallel Time: 2.1 ms, GC Workers: 6]
      [GC Worker Start (ms): Min: 855052.8, Avg: 855052.8, Max: 855052.9, Diff: 0.1]
      [Ext Root Scanning (ms): Min: 0.3, Avg: 0.4, Max: 0.4, Diff: 0.1, Sum: 2.3]
      [Update RS (ms): Min: 0.0, Avg: 0.1, Max: 0.1, Diff: 0.1, Sum: 0.6]
         [Processed Buffers: Min: 0, Avg: 2.0, Max: 4, Diff: 4, Sum: 12]
      [Scan RS (ms): Min: 0.1, Avg: 0.2, Max: 0.2, Diff: 0.1, Sum: 1.2]
      [Code Root Scanning (ms): Min: 0.0, Avg: 0.0, Max: 0.0, Diff: 0.0, Sum: 0.0]
      [Object Copy (ms): Min: 1.0, Avg: 1.0, Max: 1.4, Diff: 0.4, Sum: 6.3]
      [Termination (ms): Min: 0.0, Avg: 0.2, Max: 0.2, Diff: 0.2, Sum: 1.0]
         [Termination Attempts: Min: 1, Avg: 1.7, Max: 2, Diff: 1, Sum: 10]
      [GC Worker Other (ms): Min: 0.0, Avg: 0.1, Max: 0.1, Diff: 0.1, Sum: 0.4]
      [GC Worker Total (ms): Min: 1.9, Avg: 2.0, Max: 2.0, Diff: 0.2, Sum: 11.9]
      [GC Worker End (ms): Min: 855054.8, Avg: 855054.8, Max: 855054.9, Diff: 0.1]
   [Code Root Fixup: 0.0 ms]
   [Code Root Purge: 0.0 ms]
   [Clear CT: 0.5 ms]
   [Other: 1.5 ms]
      [Choose CSet: 0.0 ms]
      [Ref Proc: 0.1 ms]
      [Ref Enq: 0.0 ms]
      [Redirty Cards: 0.1 ms]
      [Humongous Register: 0.1 ms]
      [Humongous Reclaim: 0.0 ms]
      [Free CSet: 1.1 ms]
   [Eden: 2444.0M(2444.0M)->0.0B(2446.0M) Survivors: 12288.0K->10240.0K Heap: 2479.6M(4096.0M)->35536.7K(4096.0M)]
 [Times: user=0.00 sys=0.00, real=0.02 secs] 
2024-10-12T19:06:44.777+0300: 855.057: Total time for which application threads were stopped: 0.0044929 seconds, Stopping threads took: 0.0001715 seconds
2024-10-12T19:06:45.547+0300: 855.841: Application time: 0.7840951 seconds
2024-10-12T19:06:45.547+0300: 855.841: [GC pause (G1 Evacuation Pause) (young), 0.0034564 secs]
   [Parallel Time: 1.7 ms, GC Workers: 6]
      [GC Worker Start (ms): Min: 855841.4, Avg: 855841.4, Max: 855841.5, Diff: 0.1]
      [Ext Root Scanning (ms): Min: 0.4, Avg: 0.4, Max: 0.4, Diff: 0.1, Sum: 2.4]
      [Update RS (ms): Min: 0.0, Avg: 0.1, Max: 0.1, Diff: 0.1, Sum: 0.6]
         [Processed Buffers: Min: 0, Avg: 2.0, Max: 4, Diff: 4, Sum: 12]
      [Scan RS (ms): Min: 0.1, Avg: 0.2, Max: 0.2, Diff: 0.0, Sum: 1.0]
      [Code Root Scanning (ms): Min: 0.0, Avg: 0.0, Max: 0.0, Diff: 0.0, Sum: 0.0]
      [Object Copy (ms): Min: 0.8, Avg: 0.8, Max: 0.9, Diff: 0.2, Sum: 4.9]
      [Termination (ms): Min: 0.0, Avg: 0.0, Max: 0.0, Diff: 0.0, Sum: 0.0]
         [Termination Attempts: Min: 1, Avg: 1.0, Max: 1, Diff: 0, Sum: 6]
      [GC Worker Other (ms): Min: 0.0, Avg: 0.1, Max: 0.1, Diff: 0.1, Sum: 0.6]
      [GC Worker Total (ms): Min: 1.5, Avg: 1.6, Max: 1.6, Diff: 0.1, Sum: 9.4]
      [GC Worker End (ms): Min: 855842.9, Avg: 855843.0, Max: 855843.1, Diff: 0.1]
   [Code Root Fixup: 0.0 ms]
   [Code Root Purge: 0.0 ms]
   [Clear CT: 0.5 ms]
   [Other: 1.2 ms]
      [Choose CSet: 0.0 ms]
      [Ref Proc: 0.1 ms]
      [Ref Enq: 0.0 ms]
      [Redirty Cards: 0.1 ms]
      [Humongous Register: 0.1 ms]
      [Humongous Reclaim: 0.0 ms]
      [Free CSet: 0.8 ms]
   [Eden: 2446.0M(2446.0M)->0.0B(2448.0M) Survivors: 10240.0K->8192.0K Heap: 2480.7M(4096.0M)->33320.0K(4096.0M)]
 [Times: user=0.01 sys=0.00, real=0.02 secs] 
2024-10-12T19:06:45.562+0300: 855.845: Total time for which application threads were stopped: 0.0039146 seconds, Stopping threads took: 0.0002084 seconds
2024-10-12T19:06:46.347+0300: 856.628: Application time: 0.7834030 seconds
2024-10-12T19:06:46.347+0300: 856.629: [GC pause (G1 Evacuation Pause) (young), 0.0034542 secs]
   [Parallel Time: 1.6 ms, GC Workers: 6]
      [GC Worker Start (ms): Min: 856628.7, Avg: 856628.7, Max: 856628.7, Diff: 0.0]
      [Ext Root Scanning (ms): Min: 0.3, Avg: 0.3, Max: 0.4, Diff: 0.0, Sum: 2.0]
      [Update RS (ms): Min: 0.1, Avg: 0.1, Max: 0.1, Diff: 0.0, Sum: 0.6]
         [Processed Buffers: Min: 1, Avg: 2.2, Max: 4, Diff: 3, Sum: 13]
      [Scan RS (ms): Min: 0.1, Avg: 0.2, Max: 0.2, Diff: 0.0, Sum: 1.0]
      [Code Root Scanning (ms): Min: 0.0, Avg: 0.0, Max: 0.0, Diff: 0.0, Sum: 0.0]
      [Object Copy (ms): Min: 0.7, Avg: 0.8, Max: 0.8, Diff: 0.0, Sum: 4.6]
      [Termination (ms): Min: 0.0, Avg: 0.0, Max: 0.0, Diff: 0.0, Sum: 0.0]
         [Termination Attempts: Min: 1, Avg: 1.0, Max: 1, Diff: 0, Sum: 6]
      [GC Worker Other (ms): Min: 0.0, Avg: 0.1, Max: 0.2, Diff: 0.1, Sum: 0.6]
      [GC Worker Total (ms): Min: 1.4, Avg: 1.5, Max: 1.5, Diff: 0.1, Sum: 8.8]
      [GC Worker End (ms): Min: 856630.1, Avg: 856630.2, Max: 856630.2, Diff: 0.1]
   [Code Root Fixup: 0.0 ms]
   [Code Root Purge: 0.0 ms]
   [Clear CT: 0.5 ms]
   [Other: 1.3 ms]
      [Choose CSet: 0.0 ms]
      [Ref Proc: 0.1 ms]
      [Ref Enq: 0.0 ms]
      [Redirty Cards: 0.1 ms]
      [Humongous Register: 0.1 ms]
      [Humongous Reclaim: 0.0 ms]
      [Free CSet: 0.8 ms]
   [Eden: 2448.0M(2448.0M)->0.0B(2446.0M) Survivors: 8192.0K->10240.0K Heap: 2480.5M(4096.0M)->35264.1K(4096.0M)]
 [Times: user=0.00 sys=0.00, real=0.00 secs] 
2024-10-12T19:06:46.347+0300: 856.632: Total time for which application threads were stopped: 0.0038746 seconds, Stopping threads took: 0.0001745 seconds
2024-10-12T19:06:47.132+0300: 857.412: Application time: 0.7797815 seconds
2024-10-12T19:06:47.132+0300: 857.412: [GC pause (G1 Evacuation Pause) (young), 0.0036874 secs]
   [Parallel Time: 1.7 ms, GC Workers: 6]
      [GC Worker Start (ms): Min: 857412.4, Avg: 857412.4, Max: 857412.4, Diff: 0.1]
      [Ext Root Scanning (ms): Min: 0.3, Avg: 0.3, Max: 0.4, Diff: 0.1, Sum: 1.9]
      [Update RS (ms): Min: 0.1, Avg: 0.1, Max: 0.1, Diff: 0.0, Sum: 0.6]
         [Processed Buffers: Min: 1, Avg: 2.2, Max: 3, Diff: 2, Sum: 13]
      [Scan RS (ms): Min: 0.2, Avg: 0.2, Max: 0.2, Diff: 0.0, Sum: 1.0]
      [Code Root Scanning (ms): Min: 0.0, Avg: 0.0, Max: 0.0, Diff: 0.0, Sum: 0.0]
      [Object Copy (ms): Min: 0.8, Avg: 0.8, Max: 0.9, Diff: 0.0, Sum: 5.1]
      [Termination (ms): Min: 0.0, Avg: 0.0, Max: 0.0, Diff: 0.0, Sum: 0.0]
         [Termination Attempts: Min: 1, Avg: 1.0, Max: 1, Diff: 0, Sum: 6]
      [GC Worker Other (ms): Min: 0.0, Avg: 0.1, Max: 0.2, Diff: 0.1, Sum: 0.8]
      [GC Worker Total (ms): Min: 1.5, Avg: 1.6, Max: 1.6, Diff: 0.1, Sum: 9.5]
      [GC Worker End (ms): Min: 857413.9, Avg: 857414.0, Max: 857414.0, Diff: 0.1]
   [Code Root Fixup: 0.0 ms]
   [Code Root Purge: 0.0 ms]
   [Clear CT: 0.5 ms]
   [Other: 1.4 ms]
      [Choose CSet: 0.0 ms]
      [Ref Proc: 0.1 ms]
      [Ref Enq: 0.0 ms]
      [Redirty Cards: 0.1 ms]
      [Humongous Register: 0.1 ms]
      [Humongous Reclaim: 0.0 ms]
      [Free CSet: 1.0 ms]
   [Eden: 2446.0M(2446.0M)->0.0B(2444.0M) Survivors: 10240.0K->12288.0K Heap: 2480.4M(4096.0M)->37452.0K(4096.0M)]
 [Times: user=0.00 sys=0.00, real=0.00 secs] 
2024-10-12T19:06:47.132+0300: 857.416: Total time for which application threads were stopped: 0.0041561 seconds, Stopping threads took: 0.0002252 seconds
2024-10-12T19:06:47.901+0300: 858.191: Application time: 0.7749575 seconds
2024-10-12T19:06:47.901+0300: 858.191: [GC pause (G1 Evacuation Pause) (young), 0.0048723 secs]
   [Parallel Time: 2.6 ms, GC Workers: 6]
      [GC Worker Start (ms): Min: 858191.5, Avg: 858191.6, Max: 858191.7, Diff: 0.2]
      [Ext Root Scanning (ms): Min: 0.2, Avg: 0.3, Max: 0.4, Diff: 0.2, Sum: 2.0]
      [Update RS (ms): Min: 0.1, Avg: 0.1, Max: 0.1, Diff: 0.0, Sum: 0.6]
         [Processed Buffers: Min: 1, Avg: 2.2, Max: 3, Diff: 2, Sum: 13]
      [Scan RS (ms): Min: 0.1, Avg: 0.2, Max: 0.2, Diff: 0.0, Sum: 1.0]
      [Code Root Scanning (ms): Min: 0.0, Avg: 0.0, Max: 0.0, Diff: 0.0, Sum: 0.0]
      [Object Copy (ms): Min: 1.8, Avg: 1.8, Max: 1.8, Diff: 0.0, Sum: 10.7]
      [Termination (ms): Min: 0.0, Avg: 0.0, Max: 0.0, Diff: 0.0, Sum: 0.0]
         [Termination Attempts: Min: 1, Avg: 1.0, Max: 1, Diff: 0, Sum: 6]
      [GC Worker Other (ms): Min: 0.0, Avg: 0.1, Max: 0.1, Diff: 0.1, Sum: 0.4]
      [GC Worker Total (ms): Min: 2.4, Avg: 2.5, Max: 2.5, Diff: 0.1, Sum: 14.8]
      [GC Worker End (ms): Min: 858194.0, Avg: 858194.1, Max: 858194.1, Diff: 0.1]
   [Code Root Fixup: 0.0 ms]
   [Code Root Purge: 0.0 ms]
   [Clear CT: 0.7 ms]
   [Other: 1.6 ms]
      [Choose CSet: 0.0 ms]
      [Ref Proc: 0.2 ms]
      [Ref Enq: 0.0 ms]
      [Redirty Cards: 0.1 ms]
      [Humongous Register: 0.1 ms]
      [Humongous Reclaim: 0.0 ms]
      [Free CSet: 1.1 ms]
   [Eden: 2444.0M(2444.0M)->0.0B(2444.0M) Survivors: 12288.0K->12288.0K Heap: 2480.6M(4096.0M)->37480.0K(4096.0M)]
 [Times: user=0.02 sys=0.00, real=0.01 secs] 
2024-10-12T19:06:47.916+0300: 858.196: Total time for which application threads were stopped: 0.0053258 seconds, Stopping threads took: 0.0002242 seconds
2024-10-12T19:06:48.827+0300: 859.112: Application time: 0.9155021 seconds
2024-10-12T19:06:48.827+0300: 859.112: [GC pause (G1 Evacuation Pause) (young), 0.0041314 secs]
   [Parallel Time: 2.3 ms, GC Workers: 6]
      [GC Worker Start (ms): Min: 859112.3, Avg: 859112.3, Max: 859112.4, Diff: 0.1]
      [Ext Root Scanning (ms): Min: 0.3, Avg: 0.3, Max: 0.4, Diff: 0.1, Sum: 2.1]
      [Update RS (ms): Min: 0.1, Avg: 0.1, Max: 0.1, Diff: 0.1, Sum: 0.7]
         [Processed Buffers: Min: 1, Avg: 2.2, Max: 3, Diff: 2, Sum: 13]
      [Scan RS (ms): Min: 0.2, Avg: 0.2, Max: 0.2, Diff: 0.0, Sum: 1.1]
      [Code Root Scanning (ms): Min: 0.0, Avg: 0.0, Max: 0.0, Diff: 0.0, Sum: 0.0]
      [Object Copy (ms): Min: 1.4, Avg: 1.4, Max: 1.4, Diff: 0.0, Sum: 8.5]
      [Termination (ms): Min: 0.0, Avg: 0.0, Max: 0.0, Diff: 0.0, Sum: 0.0]
         [Termination Attempts: Min: 1, Avg: 1.0, Max: 1, Diff: 0, Sum: 6]
      [GC Worker Other (ms): Min: 0.0, Avg: 0.1, Max: 0.1, Diff: 0.1, Sum: 0.5]
      [GC Worker Total (ms): Min: 2.1, Avg: 2.1, Max: 2.2, Diff: 0.1, Sum: 12.9]
      [GC Worker End (ms): Min: 859114.4, Avg: 859114.5, Max: 859114.5, Diff: 0.1]
   [Code Root Fixup: 0.0 ms]
   [Code Root Purge: 0.0 ms]
   [Clear CT: 0.5 ms]
   [Other: 1.3 ms]
      [Choose CSet: 0.0 ms]
      [Ref Proc: 0.1 ms]
      [Ref Enq: 0.0 ms]
      [Redirty Cards: 0.1 ms]
      [Humongous Register: 0.1 ms]
      [Humongous Reclaim: 0.0 ms]
      [Free CSet: 0.9 ms]
   [Eden: 2444.0M(2444.0M)->0.0B(2446.0M) Survivors: 12288.0K->10240.0K Heap: 2480.6M(4096.0M)->35549.2K(4096.0M)]
 [Times: user=0.00 sys=0.00, real=0.00 secs] 
2024-10-12T19:06:48.827+0300: 859.116: Total time for which application threads were stopped: 0.0045818 seconds, Stopping threads took: 0.0001925 seconds
2024-10-12T19:06:49.770+0300: 860.061: Application time: 0.9445607 seconds
2024-10-12T19:06:49.770+0300: 860.061: [GC pause (G1 Evacuation Pause) (young), 0.0072337 secs]
   [Parallel Time: 2.6 ms, GC Workers: 6]
      [GC Worker Start (ms): Min: 860061.5, Avg: 860061.5, Max: 860061.5, Diff: 0.1]
      [Ext Root Scanning (ms): Min: 0.3, Avg: 0.3, Max: 0.4, Diff: 0.1, Sum: 2.0]
      [Update RS (ms): Min: 0.0, Avg: 0.1, Max: 0.1, Diff: 0.1, Sum: 0.6]
         [Processed Buffers: Min: 0, Avg: 2.2, Max: 3, Diff: 3, Sum: 13]
      [Scan RS (ms): Min: 0.1, Avg: 0.2, Max: 0.2, Diff: 0.1, Sum: 1.1]
      [Code Root Scanning (ms): Min: 0.0, Avg: 0.0, Max: 0.0, Diff: 0.0, Sum: 0.0]
      [Object Copy (ms): Min: 1.6, Avg: 1.7, Max: 2.0, Diff: 0.4, Sum: 10.1]
      [Termination (ms): Min: 0.0, Avg: 0.2, Max: 0.2, Diff: 0.2, Sum: 1.0]
         [Termination Attempts: Min: 1, Avg: 1.8, Max: 3, Diff: 2, Sum: 11]
      [GC Worker Other (ms): Min: 0.0, Avg: 0.0, Max: 0.1, Diff: 0.0, Sum: 0.2]
      [GC Worker Total (ms): Min: 2.5, Avg: 2.5, Max: 2.5, Diff: 0.1, Sum: 15.1]
      [GC Worker End (ms): Min: 860064.0, Avg: 860064.0, Max: 860064.0, Diff: 0.0]
   [Code Root Fixup: 0.0 ms]
   [Code Root Purge: 0.0 ms]
   [Clear CT: 2.0 ms]
   [Other: 2.6 ms]
      [Choose CSet: 0.0 ms]
      [Ref Proc: 0.1 ms]
      [Ref Enq: 0.0 ms]
      [Redirty Cards: 0.1 ms]
      [Humongous Register: 0.1 ms]
      [Humongous Reclaim: 0.0 ms]
      [Free CSet: 2.1 ms]
   [Eden: 2446.0M(2446.0M)->0.0B(2444.0M) Survivors: 10240.0K->12288.0K Heap: 2480.7M(4096.0M)->36575.7K(4096.0M)]
 [Times: user=0.00 sys=0.02, real=0.02 secs] 
2024-10-12T19:06:49.785+0300: 860.069: Total time for which application threads were stopped: 0.0076688 seconds, Stopping threads took: 0.0001565 seconds
2024-10-12T19:06:50.571+0300: 860.854: Application time: 0.7855738 seconds
2024-10-12T19:06:50.571+0300: 860.855: [GC pause (G1 Evacuation Pause) (young), 0.0034348 secs]
   [Parallel Time: 1.6 ms, GC Workers: 6]
      [GC Worker Start (ms): Min: 860854.7, Avg: 860854.7, Max: 860854.8, Diff: 0.1]
      [Ext Root Scanning (ms): Min: 0.3, Avg: 0.3, Max: 0.4, Diff: 0.0, Sum: 2.0]
      [Update RS (ms): Min: 0.1, Avg: 0.1, Max: 0.1, Diff: 0.0, Sum: 0.6]
         [Processed Buffers: Min: 1, Avg: 2.0, Max: 3, Diff: 2, Sum: 12]
      [Scan RS (ms): Min: 0.2, Avg: 0.2, Max: 0.2, Diff: 0.0, Sum: 1.0]
      [Code Root Scanning (ms): Min: 0.0, Avg: 0.0, Max: 0.0, Diff: 0.0, Sum: 0.0]
      [Object Copy (ms): Min: 0.7, Avg: 0.8, Max: 0.8, Diff: 0.0, Sum: 4.6]
      [Termination (ms): Min: 0.0, Avg: 0.0, Max: 0.0, Diff: 0.0, Sum: 0.0]
         [Termination Attempts: Min: 1, Avg: 1.0, Max: 1, Diff: 0, Sum: 6]
      [GC Worker Other (ms): Min: 0.0, Avg: 0.1, Max: 0.1, Diff: 0.1, Sum: 0.5]
      [GC Worker Total (ms): Min: 1.4, Avg: 1.5, Max: 1.5, Diff: 0.1, Sum: 8.8]
      [GC Worker End (ms): Min: 860856.1, Avg: 860856.2, Max: 860856.2, Diff: 0.1]
   [Code Root Fixup: 0.0 ms]
   [Code Root Purge: 0.0 ms]
   [Clear CT: 0.5 ms]
   [Other: 1.3 ms]
      [Choose CSet: 0.0 ms]
      [Ref Proc: 0.1 ms]
      [Ref Enq: 0.0 ms]
      [Redirty Cards: 0.1 ms]
      [Humongous Register: 0.1 ms]
      [Humongous Reclaim: 0.0 ms]
      [Free CSet: 0.9 ms]
   [Eden: 2444.0M(2444.0M)->0.0B(2446.0M) Survivors: 12288.0K->10240.0K Heap: 2479.7M(4096.0M)->34530.2K(4096.0M)]
 [Times: user=0.00 sys=0.00, real=0.00 secs] 
2024-10-12T19:06:50.571+0300: 860.858: Total time for which application threads were stopped: 0.0038837 seconds, Stopping threads took: 0.0001811 seconds
2024-10-12T19:06:51.355+0300: 861.644: Application time: 0.7859326 seconds
2024-10-12T19:06:51.355+0300: 861.644: [GC pause (G1 Evacuation Pause) (young), 0.0034707 secs]
   [Parallel Time: 1.8 ms, GC Workers: 6]
      [GC Worker Start (ms): Min: 861644.6, Avg: 861644.7, Max: 861644.7, Diff: 0.1]
      [Ext Root Scanning (ms): Min: 0.3, Avg: 0.3, Max: 0.4, Diff: 0.1, Sum: 2.0]
      [Update RS (ms): Min: 0.1, Avg: 0.1, Max: 0.1, Diff: 0.1, Sum: 0.6]
         [Processed Buffers: Min: 1, Avg: 2.2, Max: 4, Diff: 3, Sum: 13]
      [Scan RS (ms): Min: 0.2, Avg: 0.2, Max: 0.2, Diff: 0.0, Sum: 1.0]
      [Code Root Scanning (ms): Min: 0.0, Avg: 0.0, Max: 0.0, Diff: 0.0, Sum: 0.0]
      [Object Copy (ms): Min: 0.9, Avg: 0.9, Max: 0.9, Diff: 0.0, Sum: 5.2]
      [Termination (ms): Min: 0.0, Avg: 0.0, Max: 0.0, Diff: 0.0, Sum: 0.0]
         [Termination Attempts: Min: 1, Avg: 1.0, Max: 1, Diff: 0, Sum: 6]
      [GC Worker Other (ms): Min: 0.0, Avg: 0.1, Max: 0.2, Diff: 0.1, Sum: 0.6]
      [GC Worker Total (ms): Min: 1.5, Avg: 1.6, Max: 1.7, Diff: 0.1, Sum: 9.6]
      [GC Worker End (ms): Min: 861646.2, Avg: 861646.2, Max: 861646.3, Diff: 0.1]
   [Code Root Fixup: 0.0 ms]
   [Code Root Purge: 0.0 ms]
   [Clear CT: 0.5 ms]
   [Other: 1.1 ms]
      [Choose CSet: 0.0 ms]
      [Ref Proc: 0.2 ms]
      [Ref Enq: 0.0 ms]
      [Redirty Cards: 0.1 ms]
      [Humongous Register: 0.1 ms]
      [Humongous Reclaim: 0.0 ms]
      [Free CSet: 0.6 ms]
   [Eden: 2446.0M(2446.0M)->0.0B(2446.0M) Survivors: 10240.0K->10240.0K Heap: 2479.7M(4096.0M)->35558.7K(4096.0M)]
 [Times: user=0.00 sys=0.00, real=0.00 secs] 
2024-10-12T19:06:51.355+0300: 861.648: Total time for which application threads were stopped: 0.0039565 seconds, Stopping threads took: 0.0002149 seconds
2024-10-12T19:06:52.140+0300: 862.432: Application time: 0.7838693 seconds
2024-10-12T19:06:52.140+0300: 862.432: [GC pause (G1 Evacuation Pause) (young), 0.0041341 secs]
   [Parallel Time: 2.3 ms, GC Workers: 6]
      [GC Worker Start (ms): Min: 862432.4, Avg: 862432.4, Max: 862432.5, Diff: 0.1]
      [Ext Root Scanning (ms): Min: 0.3, Avg: 0.3, Max: 0.4, Diff: 0.1, Sum: 1.9]
      [Update RS (ms): Min: 0.1, Avg: 0.1, Max: 0.1, Diff: 0.0, Sum: 0.6]
         [Processed Buffers: Min: 1, Avg: 2.2, Max: 4, Diff: 3, Sum: 13]
      [Scan RS (ms): Min: 0.1, Avg: 0.2, Max: 0.2, Diff: 0.1, Sum: 1.0]
      [Code Root Scanning (ms): Min: 0.0, Avg: 0.0, Max: 0.0, Diff: 0.0, Sum: 0.0]
      [Object Copy (ms): Min: 1.3, Avg: 1.3, Max: 1.4, Diff: 0.1, Sum: 8.0]
      [Termination (ms): Min: 0.0, Avg: 0.0, Max: 0.0, Diff: 0.0, Sum: 0.0]
         [Termination Attempts: Min: 1, Avg: 1.0, Max: 1, Diff: 0, Sum: 6]
      [GC Worker Other (ms): Min: 0.0, Avg: 0.2, Max: 0.3, Diff: 0.3, Sum: 1.0]
      [GC Worker Total (ms): Min: 1.9, Avg: 2.1, Max: 2.3, Diff: 0.3, Sum: 12.6]
      [GC Worker End (ms): Min: 862434.4, Avg: 862434.5, Max: 862434.7, Diff: 0.3]
   [Code Root Fixup: 0.0 ms]
   [Code Root Purge: 0.0 ms]
   [Clear CT: 0.5 ms]
   [Other: 1.2 ms]
      [Choose CSet: 0.0 ms]
      [Ref Proc: 0.1 ms]
      [Ref Enq: 0.0 ms]
      [Redirty Cards: 0.1 ms]
      [Humongous Register: 0.1 ms]
      [Humongous Reclaim: 0.0 ms]
      [Free CSet: 0.7 ms]
   [Eden: 2446.0M(2446.0M)->0.0B(2444.0M) Survivors: 10240.0K->12288.0K Heap: 2480.7M(4096.0M)->37609.2K(4096.0M)]
 [Times: user=0.03 sys=0.00, real=0.02 secs] 
2024-10-12T19:06:52.156+0300: 862.437: Total time for which application threads were stopped: 0.0045991 seconds, Stopping threads took: 0.0002163 seconds
2024-10-12T19:06:52.925+0300: 863.210: Application time: 0.7736603 seconds
2024-10-12T19:06:52.925+0300: 863.211: [GC pause (G1 Evacuation Pause) (young), 0.0034331 secs]
   [Parallel Time: 1.7 ms, GC Workers: 6]
      [GC Worker Start (ms): Min: 863210.6, Avg: 863210.8, Max: 863211.1, Diff: 0.5]
      [Ext Root Scanning (ms): Min: 0.0, Avg: 0.3, Max: 0.4, Diff: 0.4, Sum: 1.6]
      [Update RS (ms): Min: 0.1, Avg: 0.1, Max: 0.1, Diff: 0.1, Sum: 0.6]
         [Processed Buffers: Min: 1, Avg: 2.2, Max: 3, Diff: 2, Sum: 13]
      [Scan RS (ms): Min: 0.1, Avg: 0.2, Max: 0.2, Diff: 0.1, Sum: 1.0]
      [Code Root Scanning (ms): Min: 0.0, Avg: 0.0, Max: 0.0, Diff: 0.0, Sum: 0.0]
      [Object Copy (ms): Min: 0.7, Avg: 0.8, Max: 0.8, Diff: 0.1, Sum: 4.6]
      [Termination (ms): Min: 0.0, Avg: 0.0, Max: 0.0, Diff: 0.0, Sum: 0.0]
         [Termination Attempts: Min: 1, Avg: 1.0, Max: 1, Diff: 0, Sum: 6]
      [GC Worker Other (ms): Min: 0.0, Avg: 0.1, Max: 0.2, Diff: 0.1, Sum: 0.7]
      [GC Worker Total (ms): Min: 1.1, Avg: 1.4, Max: 1.6, Diff: 0.5, Sum: 8.6]
      [GC Worker End (ms): Min: 863212.2, Avg: 863212.2, Max: 863212.3, Diff: 0.1]
   [Code Root Fixup: 0.0 ms]
   [Code Root Purge: 0.0 ms]
   [Clear CT: 0.5 ms]
   [Other: 1.2 ms]
      [Choose CSet: 0.0 ms]
      [Ref Proc: 0.2 ms]
      [Ref Enq: 0.0 ms]
      [Redirty Cards: 0.1 ms]
      [Humongous Register: 0.1 ms]
      [Humongous Reclaim: 0.0 ms]
      [Free CSet: 0.7 ms]
   [Eden: 2444.0M(2444.0M)->0.0B(2448.0M) Survivors: 12288.0K->8192.0K Heap: 2480.7M(4096.0M)->33517.7K(4096.0M)]
 [Times: user=0.00 sys=0.00, real=0.00 secs] 
2024-10-12T19:06:52.925+0300: 863.214: Total time for which application threads were stopped: 0.0038937 seconds, Stopping threads took: 0.0001673 seconds
2024-10-12T19:06:53.726+0300: 864.015: Application time: 0.8007583 seconds
2024-10-12T19:06:53.726+0300: 864.015: [GC pause (G1 Evacuation Pause) (young), 0.0050147 secs]
   [Parallel Time: 3.3 ms, GC Workers: 6]
      [GC Worker Start (ms): Min: 864015.5, Avg: 864015.5, Max: 864015.6, Diff: 0.1]
      [Ext Root Scanning (ms): Min: 0.5, Avg: 0.6, Max: 0.6, Diff: 0.1, Sum: 3.5]
      [Update RS (ms): Min: 0.0, Avg: 0.2, Max: 0.2, Diff: 0.2, Sum: 1.0]
         [Processed Buffers: Min: 0, Avg: 2.2, Max: 6, Diff: 6, Sum: 13]
      [Scan RS (ms): Min: 0.1, Avg: 0.3, Max: 0.4, Diff: 0.2, Sum: 1.8]
      [Code Root Scanning (ms): Min: 0.0, Avg: 0.0, Max: 0.0, Diff: 0.0, Sum: 0.0]
      [Object Copy (ms): Min: 1.7, Avg: 1.8, Max: 2.3, Diff: 0.6, Sum: 10.9]
      [Termination (ms): Min: 0.0, Avg: 0.2, Max: 0.2, Diff: 0.2, Sum: 1.0]
         [Termination Attempts: Min: 1, Avg: 2.3, Max: 3, Diff: 2, Sum: 14]
      [GC Worker Other (ms): Min: 0.0, Avg: 0.1, Max: 0.1, Diff: 0.1, Sum: 0.5]
      [GC Worker Total (ms): Min: 3.0, Avg: 3.1, Max: 3.1, Diff: 0.1, Sum: 18.7]
      [GC Worker End (ms): Min: 864018.6, Avg: 864018.6, Max: 864018.7, Diff: 0.1]
   [Code Root Fixup: 0.0 ms]
   [Code Root Purge: 0.0 ms]
   [Clear CT: 0.5 ms]
   [Other: 1.2 ms]
      [Choose CSet: 0.0 ms]
      [Ref Proc: 0.1 ms]
      [Ref Enq: 0.0 ms]
      [Redirty Cards: 0.1 ms]
      [Humongous Register: 0.1 ms]
      [Humongous Reclaim: 0.0 ms]
      [Free CSet: 0.7 ms]
   [Eden: 2448.0M(2448.0M)->0.0B(2446.0M) Survivors: 8192.0K->10240.0K Heap: 2480.7M(4096.0M)->34542.1K(4096.0M)]
 [Times: user=0.00 sys=0.00, real=0.01 secs] 
2024-10-12T19:06:53.741+0300: 864.020: Total time for which application threads were stopped: 0.0054990 seconds, Stopping threads took: 0.0001696 seconds
2024-10-12T19:06:54.511+0300: 864.804: Application time: 0.7837808 seconds
2024-10-12T19:06:54.511+0300: 864.804: [GC pause (G1 Evacuation Pause) (young), 0.0036124 secs]
   [Parallel Time: 2.1 ms, GC Workers: 6]
      [GC Worker Start (ms): Min: 864804.6, Avg: 864804.6, Max: 864804.6, Diff: 0.1]
      [Ext Root Scanning (ms): Min: 0.3, Avg: 0.3, Max: 0.4, Diff: 0.1, Sum: 2.1]
      [Update RS (ms): Min: 0.0, Avg: 0.1, Max: 0.1, Diff: 0.1, Sum: 0.6]
         [Processed Buffers: Min: 0, Avg: 2.0, Max: 4, Diff: 4, Sum: 12]
      [Scan RS (ms): Min: 0.1, Avg: 0.2, Max: 0.2, Diff: 0.1, Sum: 1.1]
      [Code Root Scanning (ms): Min: 0.0, Avg: 0.0, Max: 0.0, Diff: 0.0, Sum: 0.0]
      [Object Copy (ms): Min: 1.0, Avg: 1.1, Max: 1.5, Diff: 0.4, Sum: 6.7]
      [Termination (ms): Min: 0.0, Avg: 0.2, Max: 0.2, Diff: 0.2, Sum: 1.1]
         [Termination Attempts: Min: 1, Avg: 2.0, Max: 4, Diff: 3, Sum: 12]
      [GC Worker Other (ms): Min: 0.0, Avg: 0.1, Max: 0.1, Diff: 0.1, Sum: 0.5]
      [GC Worker Total (ms): Min: 2.0, Avg: 2.0, Max: 2.1, Diff: 0.1, Sum: 12.1]
      [GC Worker End (ms): Min: 864806.6, Avg: 864806.6, Max: 864806.7, Diff: 0.1]
   [Code Root Fixup: 0.0 ms]
   [Code Root Purge: 0.0 ms]
   [Clear CT: 0.4 ms]
   [Other: 1.0 ms]
      [Choose CSet: 0.0 ms]
      [Ref Proc: 0.1 ms]
      [Ref Enq: 0.0 ms]
      [Redirty Cards: 0.1 ms]
      [Humongous Register: 0.1 ms]
      [Humongous Reclaim: 0.0 ms]
      [Free CSet: 0.7 ms]
   [Eden: 2446.0M(2446.0M)->0.0B(2446.0M) Survivors: 10240.0K->10240.0K Heap: 2479.7M(4096.0M)->35451.7K(4096.0M)]
 [Times: user=0.00 sys=0.00, real=0.02 secs] 
2024-10-12T19:06:54.527+0300: 864.808: Total time for which application threads were stopped: 0.0040705 seconds, Stopping threads took: 0.0001771 seconds
2024-10-12T19:06:55.313+0300: 865.594: Application time: 0.7855776 seconds
2024-10-12T19:06:55.313+0300: 865.594: [GC pause (G1 Evacuation Pause) (young), 0.0032432 secs]
   [Parallel Time: 1.5 ms, GC Workers: 6]
      [GC Worker Start (ms): Min: 865594.2, Avg: 865594.3, Max: 865594.3, Diff: 0.0]
      [Ext Root Scanning (ms): Min: 0.3, Avg: 0.3, Max: 0.3, Diff: 0.0, Sum: 1.9]
      [Update RS (ms): Min: 0.1, Avg: 0.1, Max: 0.1, Diff: 0.1, Sum: 0.6]
         [Processed Buffers: Min: 1, Avg: 2.0, Max: 3, Diff: 2, Sum: 12]
      [Scan RS (ms): Min: 0.1, Avg: 0.2, Max: 0.2, Diff: 0.1, Sum: 0.9]
      [Code Root Scanning (ms): Min: 0.0, Avg: 0.0, Max: 0.0, Diff: 0.0, Sum: 0.0]
      [Object Copy (ms): Min: 0.7, Avg: 0.8, Max: 0.8, Diff: 0.1, Sum: 4.6]
      [Termination (ms): Min: 0.0, Avg: 0.0, Max: 0.0, Diff: 0.0, Sum: 0.0]
         [Termination Attempts: Min: 1, Avg: 1.0, Max: 1, Diff: 0, Sum: 6]
      [GC Worker Other (ms): Min: 0.0, Avg: 0.0, Max: 0.1, Diff: 0.0, Sum: 0.3]
      [GC Worker Total (ms): Min: 1.4, Avg: 1.4, Max: 1.4, Diff: 0.1, Sum: 8.4]
      [GC Worker End (ms): Min: 865595.6, Avg: 865595.7, Max: 865595.7, Diff: 0.0]
   [Code Root Fixup: 0.0 ms]
   [Code Root Purge: 0.0 ms]
   [Clear CT: 0.6 ms]
   [Other: 1.2 ms]
      [Choose CSet: 0.0 ms]
      [Ref Proc: 0.2 ms]
      [Ref Enq: 0.0 ms]
      [Redirty Cards: 0.1 ms]
      [Humongous Register: 0.0 ms]
      [Humongous Reclaim: 0.0 ms]
      [Free CSet: 0.7 ms]
   [Eden: 2446.0M(2446.0M)->0.0B(2448.0M) Survivors: 10240.0K->8192.0K Heap: 2480.6M(4096.0M)->33402.5K(4096.0M)]
 [Times: user=0.00 sys=0.00, real=0.00 secs] 
2024-10-12T19:06:55.313+0300: 865.598: Total time for which application threads were stopped: 0.0036988 seconds, Stopping threads took: 0.0002235 seconds
2024-10-12T19:06:56.098+0300: 866.377: Application time: 0.7793443 seconds
2024-10-12T19:06:56.098+0300: 866.377: [GC pause (G1 Evacuation Pause) (young), 0.0034995 secs]
   [Parallel Time: 1.6 ms, GC Workers: 6]
      [GC Worker Start (ms): Min: 866377.4, Avg: 866377.4, Max: 866377.4, Diff: 0.1]
      [Ext Root Scanning (ms): Min: 0.3, Avg: 0.3, Max: 0.4, Diff: 0.1, Sum: 1.9]
      [Update RS (ms): Min: 0.1, Avg: 0.1, Max: 0.1, Diff: 0.0, Sum: 0.6]
         [Processed Buffers: Min: 1, Avg: 2.2, Max: 3, Diff: 2, Sum: 13]
      [Scan RS (ms): Min: 0.1, Avg: 0.2, Max: 0.2, Diff: 0.0, Sum: 1.0]
      [Code Root Scanning (ms): Min: 0.0, Avg: 0.0, Max: 0.0, Diff: 0.0, Sum: 0.0]
      [Object Copy (ms): Min: 0.8, Avg: 0.8, Max: 0.8, Diff: 0.0, Sum: 4.8]
      [Termination (ms): Min: 0.0, Avg: 0.0, Max: 0.0, Diff: 0.0, Sum: 0.0]
         [Termination Attempts: Min: 1, Avg: 1.2, Max: 2, Diff: 1, Sum: 7]
      [GC Worker Other (ms): Min: 0.0, Avg: 0.1, Max: 0.2, Diff: 0.1, Sum: 0.7]
      [GC Worker Total (ms): Min: 1.4, Avg: 1.5, Max: 1.6, Diff: 0.1, Sum: 9.0]
      [GC Worker End (ms): Min: 866378.8, Avg: 866378.9, Max: 866378.9, Diff: 0.1]
   [Code Root Fixup: 0.0 ms]
   [Code Root Purge: 0.0 ms]
   [Clear CT: 0.6 ms]
   [Other: 1.3 ms]
      [Choose CSet: 0.0 ms]
      [Ref Proc: 0.1 ms]
      [Ref Enq: 0.0 ms]
      [Redirty Cards: 0.1 ms]
      [Humongous Register: 0.1 ms]
      [Humongous Reclaim: 0.0 ms]
      [Free CSet: 0.8 ms]
   [Eden: 2448.0M(2448.0M)->0.0B(2446.0M) Survivors: 8192.0K->10240.0K Heap: 2480.6M(4096.0M)->35410.9K(4096.0M)]
 [Times: user=0.00 sys=0.00, real=0.00 secs] 
2024-10-12T19:06:56.098+0300: 866.381: Total time for which application threads were stopped: 0.0040192 seconds, Stopping threads took: 0.0002827 seconds
2024-10-12T19:06:56.868+0300: 867.155: Application time: 0.7739880 seconds
2024-10-12T19:06:56.868+0300: 867.155: [GC pause (G1 Evacuation Pause) (young), 0.0030590 secs]
   [Parallel Time: 1.6 ms, GC Workers: 6]
      [GC Worker Start (ms): Min: 867155.2, Avg: 867155.2, Max: 867155.3, Diff: 0.1]
      [Ext Root Scanning (ms): Min: 0.3, Avg: 0.3, Max: 0.4, Diff: 0.1, Sum: 2.0]
      [Update RS (ms): Min: 0.1, Avg: 0.1, Max: 0.1, Diff: 0.0, Sum: 0.6]
         [Processed Buffers: Min: 1, Avg: 2.2, Max: 4, Diff: 3, Sum: 13]
      [Scan RS (ms): Min: 0.2, Avg: 0.2, Max: 0.2, Diff: 0.0, Sum: 1.1]
      [Code Root Scanning (ms): Min: 0.0, Avg: 0.0, Max: 0.0, Diff: 0.0, Sum: 0.0]
      [Object Copy (ms): Min: 0.7, Avg: 0.8, Max: 0.8, Diff: 0.0, Sum: 4.6]
      [Termination (ms): Min: 0.0, Avg: 0.0, Max: 0.0, Diff: 0.0, Sum: 0.0]
         [Termination Attempts: Min: 1, Avg: 1.2, Max: 2, Diff: 1, Sum: 7]
      [GC Worker Other (ms): Min: 0.1, Avg: 0.1, Max: 0.1, Diff: 0.1, Sum: 0.6]
      [GC Worker Total (ms): Min: 1.4, Avg: 1.5, Max: 1.5, Diff: 0.1, Sum: 8.8]
      [GC Worker End (ms): Min: 867156.7, Avg: 867156.7, Max: 867156.7, Diff: 0.1]
   [Code Root Fixup: 0.0 ms]
   [Code Root Purge: 0.0 ms]
   [Clear CT: 0.5 ms]
   [Other: 1.0 ms]
      [Choose CSet: 0.0 ms]
      [Ref Proc: 0.1 ms]
      [Ref Enq: 0.0 ms]
      [Redirty Cards: 0.1 ms]
      [Humongous Register: 0.0 ms]
      [Humongous Reclaim: 0.0 ms]
      [Free CSet: 0.6 ms]
   [Eden: 2446.0M(2446.0M)->0.0B(2446.0M) Survivors: 10240.0K->10240.0K Heap: 2480.6M(4096.0M)->34487.2K(4096.0M)]
 [Times: user=0.00 sys=0.00, real=0.00 secs] 
2024-10-12T19:06:56.868+0300: 867.158: Total time for which application threads were stopped: 0.0034268 seconds, Stopping threads took: 0.0001260 seconds
2024-10-12T19:06:57.652+0300: 867.935: Application time: 0.7771315 seconds
2024-10-12T19:06:57.652+0300: 867.936: [GC pause (G1 Evacuation Pause) (young), 0.0031967 secs]
   [Parallel Time: 1.7 ms, GC Workers: 6]
      [GC Worker Start (ms): Min: 867935.8, Avg: 867935.8, Max: 867935.8, Diff: 0.1]
      [Ext Root Scanning (ms): Min: 0.3, Avg: 0.3, Max: 0.4, Diff: 0.1, Sum: 2.0]
      [Update RS (ms): Min: 0.1, Avg: 0.1, Max: 0.1, Diff: 0.0, Sum: 0.6]
         [Processed Buffers: Min: 1, Avg: 2.2, Max: 4, Diff: 3, Sum: 13]
      [Scan RS (ms): Min: 0.2, Avg: 0.2, Max: 0.2, Diff: 0.0, Sum: 1.1]
      [Code Root Scanning (ms): Min: 0.0, Avg: 0.0, Max: 0.0, Diff: 0.0, Sum: 0.0]
      [Object Copy (ms): Min: 0.9, Avg: 0.9, Max: 0.9, Diff: 0.0, Sum: 5.3]
      [Termination (ms): Min: 0.0, Avg: 0.0, Max: 0.0, Diff: 0.0, Sum: 0.0]
         [Termination Attempts: Min: 1, Avg: 1.0, Max: 1, Diff: 0, Sum: 6]
      [GC Worker Other (ms): Min: 0.0, Avg: 0.1, Max: 0.1, Diff: 0.1, Sum: 0.5]
      [GC Worker Total (ms): Min: 1.5, Avg: 1.6, Max: 1.6, Diff: 0.1, Sum: 9.5]
      [GC Worker End (ms): Min: 867937.3, Avg: 867937.4, Max: 867937.4, Diff: 0.1]
   [Code Root Fixup: 0.0 ms]
   [Code Root Purge: 0.0 ms]
   [Clear CT: 0.4 ms]
   [Other: 1.1 ms]
      [Choose CSet: 0.0 ms]
      [Ref Proc: 0.1 ms]
      [Ref Enq: 0.0 ms]
      [Redirty Cards: 0.1 ms]
      [Humongous Register: 0.0 ms]
      [Humongous Reclaim: 0.0 ms]
      [Free CSet: 0.7 ms]
   [Eden: 2446.0M(2446.0M)->0.0B(2444.0M) Survivors: 10240.0K->12288.0K Heap: 2479.7M(4096.0M)->36535.7K(4096.0M)]
 [Times: user=0.00 sys=0.00, real=0.00 secs] 
2024-10-12T19:06:57.652+0300: 867.939: Total time for which application threads were stopped: 0.0035768 seconds, Stopping threads took: 0.0001704 seconds
2024-10-12T19:06:58.436+0300: 868.721: Application time: 0.7820871 seconds
2024-10-12T19:06:58.436+0300: 868.721: [GC pause (G1 Evacuation Pause) (young), 0.0037751 secs]
   [Parallel Time: 2.2 ms, GC Workers: 6]
      [GC Worker Start (ms): Min: 868721.5, Avg: 868721.5, Max: 868721.5, Diff: 0.1]
      [Ext Root Scanning (ms): Min: 0.3, Avg: 0.3, Max: 0.4, Diff: 0.1, Sum: 1.9]
      [Update RS (ms): Min: 0.1, Avg: 0.1, Max: 0.1, Diff: 0.0, Sum: 0.6]
         [Processed Buffers: Min: 1, Avg: 2.2, Max: 4, Diff: 3, Sum: 13]
      [Scan RS (ms): Min: 0.2, Avg: 0.2, Max: 0.2, Diff: 0.0, Sum: 1.1]
      [Code Root Scanning (ms): Min: 0.0, Avg: 0.0, Max: 0.0, Diff: 0.0, Sum: 0.0]
      [Object Copy (ms): Min: 1.4, Avg: 1.4, Max: 1.4, Diff: 0.0, Sum: 8.3]
      [Termination (ms): Min: 0.0, Avg: 0.0, Max: 0.0, Diff: 0.0, Sum: 0.0]
         [Termination Attempts: Min: 1, Avg: 1.0, Max: 1, Diff: 0, Sum: 6]
      [GC Worker Other (ms): Min: 0.0, Avg: 0.1, Max: 0.1, Diff: 0.1, Sum: 0.4]
      [GC Worker Total (ms): Min: 2.0, Avg: 2.1, Max: 2.1, Diff: 0.1, Sum: 12.4]
      [GC Worker End (ms): Min: 868723.5, Avg: 868723.5, Max: 868723.6, Diff: 0.1]
   [Code Root Fixup: 0.0 ms]
   [Code Root Purge: 0.0 ms]
   [Clear CT: 0.5 ms]
   [Other: 1.1 ms]
      [Choose CSet: 0.0 ms]
      [Ref Proc: 0.1 ms]
      [Ref Enq: 0.0 ms]
      [Redirty Cards: 0.1 ms]
      [Humongous Register: 0.0 ms]
      [Humongous Reclaim: 0.0 ms]
      [Free CSet: 0.7 ms]
   [Eden: 2444.0M(2444.0M)->0.0B(2444.0M) Survivors: 12288.0K->12288.0K Heap: 2479.7M(4096.0M)->36201.4K(4096.0M)]
 [Times: user=0.00 sys=0.00, real=0.00 secs] 
2024-10-12T19:06:58.436+0300: 868.725: Total time for which application threads were stopped: 0.0041865 seconds, Stopping threads took: 0.0001737 seconds
2024-10-12T19:06:59.221+0300: 869.506: Application time: 0.7804830 seconds
2024-10-12T19:06:59.221+0300: 869.506: [GC pause (G1 Evacuation Pause) (young), 0.0032077 secs]
   [Parallel Time: 1.6 ms, GC Workers: 6]
      [GC Worker Start (ms): Min: 869506.2, Avg: 869506.2, Max: 869506.3, Diff: 0.0]
      [Ext Root Scanning (ms): Min: 0.3, Avg: 0.3, Max: 0.4, Diff: 0.1, Sum: 1.9]
      [Update RS (ms): Min: 0.1, Avg: 0.1, Max: 0.1, Diff: 0.0, Sum: 0.6]
         [Processed Buffers: Min: 1, Avg: 2.2, Max: 3, Diff: 2, Sum: 13]
      [Scan RS (ms): Min: 0.2, Avg: 0.2, Max: 0.2, Diff: 0.0, Sum: 1.0]
      [Code Root Scanning (ms): Min: 0.0, Avg: 0.0, Max: 0.0, Diff: 0.0, Sum: 0.0]
      [Object Copy (ms): Min: 0.7, Avg: 0.7, Max: 0.7, Diff: 0.0, Sum: 4.2]
      [Termination (ms): Min: 0.0, Avg: 0.0, Max: 0.0, Diff: 0.0, Sum: 0.0]
         [Termination Attempts: Min: 1, Avg: 1.0, Max: 1, Diff: 0, Sum: 6]
      [GC Worker Other (ms): Min: 0.0, Avg: 0.1, Max: 0.2, Diff: 0.1, Sum: 0.8]
      [GC Worker Total (ms): Min: 1.3, Avg: 1.4, Max: 1.5, Diff: 0.2, Sum: 8.5]
      [GC Worker End (ms): Min: 869507.6, Avg: 869507.7, Max: 869507.7, Diff: 0.1]
   [Code Root Fixup: 0.0 ms]
   [Code Root Purge: 0.0 ms]
   [Clear CT: 0.5 ms]
   [Other: 1.0 ms]
      [Choose CSet: 0.0 ms]
      [Ref Proc: 0.1 ms]
      [Ref Enq: 0.0 ms]
      [Redirty Cards: 0.1 ms]
      [Humongous Register: 0.0 ms]
      [Humongous Reclaim: 0.0 ms]
      [Free CSet: 0.6 ms]
   [Eden: 2444.0M(2444.0M)->0.0B(2448.0M) Survivors: 12288.0K->8192.0K Heap: 2479.4M(4096.0M)->32513.7K(4096.0M)]
 [Times: user=0.00 sys=0.00, real=0.00 secs] 
2024-10-12T19:06:59.221+0300: 869.509: Total time for which application threads were stopped: 0.0036739 seconds, Stopping threads took: 0.0002347 seconds
2024-10-12T19:07:00.006+0300: 870.289: Application time: 0.7799694 seconds
2024-10-12T19:07:00.006+0300: 870.290: [GC pause (G1 Evacuation Pause) (young), 0.0040693 secs]
   [Parallel Time: 1.7 ms, GC Workers: 6]
      [GC Worker Start (ms): Min: 870290.0, Avg: 870290.1, Max: 870290.1, Diff: 0.1]
      [Ext Root Scanning (ms): Min: 0.3, Avg: 0.3, Max: 0.4, Diff: 0.1, Sum: 2.1]
      [Update RS (ms): Min: 0.1, Avg: 0.1, Max: 0.1, Diff: 0.0, Sum: 0.6]
         [Processed Buffers: Min: 1, Avg: 2.2, Max: 4, Diff: 3, Sum: 13]
      [Scan RS (ms): Min: 0.2, Avg: 0.2, Max: 0.2, Diff: 0.0, Sum: 1.0]
      [Code Root Scanning (ms): Min: 0.0, Avg: 0.0, Max: 0.0, Diff: 0.0, Sum: 0.0]
      [Object Copy (ms): Min: 0.8, Avg: 0.8, Max: 0.9, Diff: 0.1, Sum: 5.1]
      [Termination (ms): Min: 0.0, Avg: 0.0, Max: 0.0, Diff: 0.0, Sum: 0.0]
         [Termination Attempts: Min: 1, Avg: 1.0, Max: 1, Diff: 0, Sum: 6]
      [GC Worker Other (ms): Min: 0.1, Avg: 0.1, Max: 0.2, Diff: 0.1, Sum: 0.7]
      [GC Worker Total (ms): Min: 1.5, Avg: 1.6, Max: 1.7, Diff: 0.1, Sum: 9.5]
      [GC Worker End (ms): Min: 870291.6, Avg: 870291.6, Max: 870291.7, Diff: 0.1]
   [Code Root Fixup: 0.0 ms]
   [Code Root Purge: 0.0 ms]
   [Clear CT: 0.5 ms]
   [Other: 1.8 ms]
      [Choose CSet: 0.0 ms]
      [Ref Proc: 0.1 ms]
      [Ref Enq: 0.0 ms]
      [Redirty Cards: 0.1 ms]
      [Humongous Register: 0.1 ms]
      [Humongous Reclaim: 0.0 ms]
      [Free CSet: 1.2 ms]
   [Eden: 2448.0M(2448.0M)->0.0B(2446.0M) Survivors: 8192.0K->10240.0K Heap: 2479.8M(4096.0M)->35502.1K(4096.0M)]
 [Times: user=0.00 sys=0.00, real=0.00 secs] 
2024-10-12T19:07:00.006+0300: 870.294: Total time for which application threads were stopped: 0.0047617 seconds, Stopping threads took: 0.0003268 seconds
2024-10-12T19:07:00.791+0300: 871.078: Application time: 0.7837237 seconds
2024-10-12T19:07:00.791+0300: 871.078: [GC pause (G1 Evacuation Pause) (young), 0.0032968 secs]
   [Parallel Time: 1.8 ms, GC Workers: 6]
      [GC Worker Start (ms): Min: 871078.3, Avg: 871078.3, Max: 871078.4, Diff: 0.1]
      [Ext Root Scanning (ms): Min: 0.3, Avg: 0.3, Max: 0.4, Diff: 0.1, Sum: 2.0]
      [Update RS (ms): Min: 0.1, Avg: 0.1, Max: 0.1, Diff: 0.0, Sum: 0.6]
         [Processed Buffers: Min: 1, Avg: 2.2, Max: 3, Diff: 2, Sum: 13]
      [Scan RS (ms): Min: 0.2, Avg: 0.2, Max: 0.2, Diff: 0.0, Sum: 1.1]
      [Code Root Scanning (ms): Min: 0.0, Avg: 0.0, Max: 0.0, Diff: 0.0, Sum: 0.0]
      [Object Copy (ms): Min: 1.0, Avg: 1.0, Max: 1.0, Diff: 0.0, Sum: 5.8]
      [Termination (ms): Min: 0.0, Avg: 0.0, Max: 0.0, Diff: 0.0, Sum: 0.0]
         [Termination Attempts: Min: 1, Avg: 1.0, Max: 1, Diff: 0, Sum: 6]
      [GC Worker Other (ms): Min: 0.0, Avg: 0.1, Max: 0.1, Diff: 0.1, Sum: 0.5]
      [GC Worker Total (ms): Min: 1.6, Avg: 1.7, Max: 1.7, Diff: 0.1, Sum: 10.1]
      [GC Worker End (ms): Min: 871080.0, Avg: 871080.0, Max: 871080.1, Diff: 0.1]
   [Code Root Fixup: 0.0 ms]
   [Code Root Purge: 0.0 ms]
   [Clear CT: 0.5 ms]
   [Other: 1.0 ms]
      [Choose CSet: 0.0 ms]
      [Ref Proc: 0.1 ms]
      [Ref Enq: 0.0 ms]
      [Redirty Cards: 0.1 ms]
      [Humongous Register: 0.0 ms]
      [Humongous Reclaim: 0.0 ms]
      [Free CSet: 0.6 ms]
   [Eden: 2446.0M(2446.0M)->0.0B(2444.0M) Survivors: 10240.0K->12288.0K Heap: 2480.7M(4096.0M)->36609.4K(4096.0M)]
 [Times: user=0.00 sys=0.00, real=0.00 secs] 
2024-10-12T19:07:00.791+0300: 871.082: Total time for which application threads were stopped: 0.0037202 seconds, Stopping threads took: 0.0001928 seconds
2024-10-12T19:07:01.579+0300: 871.864: Application time: 0.7826135 seconds
2024-10-12T19:07:01.579+0300: 871.865: [GC pause (G1 Evacuation Pause) (young), 0.0030775 secs]
   [Parallel Time: 1.5 ms, GC Workers: 6]
      [GC Worker Start (ms): Min: 871864.7, Avg: 871864.7, Max: 871864.7, Diff: 0.0]
      [Ext Root Scanning (ms): Min: 0.3, Avg: 0.3, Max: 0.4, Diff: 0.1, Sum: 1.9]
      [Update RS (ms): Min: 0.1, Avg: 0.1, Max: 0.1, Diff: 0.0, Sum: 0.6]
         [Processed Buffers: Min: 1, Avg: 2.2, Max: 3, Diff: 2, Sum: 13]
      [Scan RS (ms): Min: 0.1, Avg: 0.2, Max: 0.2, Diff: 0.0, Sum: 1.0]
      [Code Root Scanning (ms): Min: 0.0, Avg: 0.0, Max: 0.0, Diff: 0.0, Sum: 0.0]
      [Object Copy (ms): Min: 0.7, Avg: 0.8, Max: 0.8, Diff: 0.0, Sum: 4.5]
      [Termination (ms): Min: 0.0, Avg: 0.0, Max: 0.0, Diff: 0.0, Sum: 0.0]
         [Termination Attempts: Min: 1, Avg: 1.0, Max: 1, Diff: 0, Sum: 6]
      [GC Worker Other (ms): Min: 0.0, Avg: 0.1, Max: 0.1, Diff: 0.1, Sum: 0.5]
      [GC Worker Total (ms): Min: 1.4, Avg: 1.4, Max: 1.5, Diff: 0.1, Sum: 8.6]
      [GC Worker End (ms): Min: 871866.1, Avg: 871866.1, Max: 871866.1, Diff: 0.1]
   [Code Root Fixup: 0.0 ms]
   [Code Root Purge: 0.0 ms]
   [Clear CT: 0.5 ms]
   [Other: 1.1 ms]
      [Choose CSet: 0.0 ms]
      [Ref Proc: 0.1 ms]
      [Ref Enq: 0.0 ms]
      [Redirty Cards: 0.1 ms]
      [Humongous Register: 0.0 ms]
      [Humongous Reclaim: 0.0 ms]
      [Free CSet: 0.7 ms]
   [Eden: 2444.0M(2444.0M)->0.0B(2448.0M) Survivors: 12288.0K->8192.0K Heap: 2479.8M(4096.0M)->33496.3K(4096.0M)]
 [Times: user=0.00 sys=0.00, real=0.00 secs] 
2024-10-12T19:07:01.579+0300: 871.868: Total time for which application threads were stopped: 0.0035372 seconds, Stopping threads took: 0.0001936 seconds
2024-10-12T19:07:02.361+0300: 872.651: Application time: 0.7830022 seconds
2024-10-12T19:07:02.361+0300: 872.651: [GC pause (G1 Evacuation Pause) (young), 0.0030994 secs]
   [Parallel Time: 1.6 ms, GC Workers: 6]
      [GC Worker Start (ms): Min: 872651.1, Avg: 872651.2, Max: 872651.2, Diff: 0.1]
      [Ext Root Scanning (ms): Min: 0.3, Avg: 0.3, Max: 0.4, Diff: 0.1, Sum: 2.0]
      [Update RS (ms): Min: 0.1, Avg: 0.1, Max: 0.1, Diff: 0.1, Sum: 0.6]
         [Processed Buffers: Min: 2, Avg: 2.2, Max: 3, Diff: 1, Sum: 13]
      [Scan RS (ms): Min: 0.2, Avg: 0.2, Max: 0.2, Diff: 0.0, Sum: 1.0]
      [Code Root Scanning (ms): Min: 0.0, Avg: 0.0, Max: 0.0, Diff: 0.0, Sum: 0.0]
      [Object Copy (ms): Min: 0.7, Avg: 0.8, Max: 0.8, Diff: 0.0, Sum: 4.5]
      [Termination (ms): Min: 0.0, Avg: 0.0, Max: 0.0, Diff: 0.0, Sum: 0.0]
         [Termination Attempts: Min: 1, Avg: 1.7, Max: 3, Diff: 2, Sum: 10]
      [GC Worker Other (ms): Min: 0.0, Avg: 0.1, Max: 0.1, Diff: 0.1, Sum: 0.5]
      [GC Worker Total (ms): Min: 1.4, Avg: 1.5, Max: 1.5, Diff: 0.1, Sum: 8.7]
      [GC Worker End (ms): Min: 872652.6, Avg: 872652.6, Max: 872652.6, Diff: 0.1]
   [Code Root Fixup: 0.0 ms]
   [Code Root Purge: 0.0 ms]
   [Clear CT: 0.5 ms]
   [Other: 1.0 ms]
      [Choose CSet: 0.0 ms]
      [Ref Proc: 0.1 ms]
      [Ref Enq: 0.0 ms]
      [Redirty Cards: 0.1 ms]
      [Humongous Register: 0.0 ms]
      [Humongous Reclaim: 0.0 ms]
      [Free CSet: 0.7 ms]
   [Eden: 2448.0M(2448.0M)->0.0B(2446.0M) Survivors: 8192.0K->10240.0K Heap: 2480.7M(4096.0M)->35286.0K(4096.0M)]
 [Times: user=0.00 sys=0.00, real=0.00 secs] 
2024-10-12T19:07:02.361+0300: 872.654: Total time for which application threads were stopped: 0.0034773 seconds, Stopping threads took: 0.0001525 seconds
2024-10-12T19:07:03.146+0300: 873.436: Application time: 0.7819011 seconds
2024-10-12T19:07:03.146+0300: 873.436: [GC pause (G1 Evacuation Pause) (young), 0.0033903 secs]
   [Parallel Time: 1.7 ms, GC Workers: 6]
      [GC Worker Start (ms): Min: 873436.6, Avg: 873436.6, Max: 873436.7, Diff: 0.1]
      [Ext Root Scanning (ms): Min: 0.3, Avg: 0.3, Max: 0.4, Diff: 0.1, Sum: 2.0]
      [Update RS (ms): Min: 0.1, Avg: 0.1, Max: 0.1, Diff: 0.0, Sum: 0.6]
         [Processed Buffers: Min: 1, Avg: 2.2, Max: 3, Diff: 2, Sum: 13]
      [Scan RS (ms): Min: 0.2, Avg: 0.2, Max: 0.2, Diff: 0.0, Sum: 1.1]
      [Code Root Scanning (ms): Min: 0.0, Avg: 0.0, Max: 0.0, Diff: 0.0, Sum: 0.0]
      [Object Copy (ms): Min: 0.7, Avg: 0.8, Max: 0.8, Diff: 0.0, Sum: 4.5]
      [Termination (ms): Min: 0.0, Avg: 0.0, Max: 0.0, Diff: 0.0, Sum: 0.0]
         [Termination Attempts: Min: 1, Avg: 1.5, Max: 2, Diff: 1, Sum: 9]
      [GC Worker Other (ms): Min: 0.0, Avg: 0.2, Max: 0.2, Diff: 0.2, Sum: 1.0]
      [GC Worker Total (ms): Min: 1.4, Avg: 1.5, Max: 1.6, Diff: 0.2, Sum: 9.2]
      [GC Worker End (ms): Min: 873438.0, Avg: 873438.2, Max: 873438.2, Diff: 0.2]
   [Code Root Fixup: 0.0 ms]
   [Code Root Purge: 0.0 ms]
   [Clear CT: 0.5 ms]
   [Other: 1.2 ms]
      [Choose CSet: 0.0 ms]
      [Ref Proc: 0.1 ms]
      [Ref Enq: 0.0 ms]
      [Redirty Cards: 0.1 ms]
      [Humongous Register: 0.1 ms]
      [Humongous Reclaim: 0.0 ms]
      [Free CSet: 0.7 ms]
   [Eden: 2446.0M(2446.0M)->0.0B(2446.0M) Survivors: 10240.0K->10240.0K Heap: 2480.5M(4096.0M)->34464.3K(4096.0M)]
 [Times: user=0.00 sys=0.00, real=0.00 secs] 
2024-10-12T19:07:03.146+0300: 873.440: Total time for which application threads were stopped: 0.0038239 seconds, Stopping threads took: 0.0001792 seconds
2024-10-12T19:07:03.931+0300: 874.211: Application time: 0.7713800 seconds
2024-10-12T19:07:03.931+0300: 874.212: [GC pause (G1 Evacuation Pause) (young), 0.0030775 secs]
   [Parallel Time: 1.6 ms, GC Workers: 6]
      [GC Worker Start (ms): Min: 874211.7, Avg: 874211.8, Max: 874212.1, Diff: 0.4]
      [Ext Root Scanning (ms): Min: 0.0, Avg: 0.3, Max: 0.4, Diff: 0.4, Sum: 1.8]
      [Update RS (ms): Min: 0.1, Avg: 0.1, Max: 0.1, Diff: 0.1, Sum: 0.6]
         [Processed Buffers: Min: 1, Avg: 2.2, Max: 4, Diff: 3, Sum: 13]
      [Scan RS (ms): Min: 0.1, Avg: 0.2, Max: 0.2, Diff: 0.0, Sum: 0.9]
      [Code Root Scanning (ms): Min: 0.0, Avg: 0.0, Max: 0.0, Diff: 0.0, Sum: 0.0]
      [Object Copy (ms): Min: 0.8, Avg: 0.8, Max: 0.8, Diff: 0.1, Sum: 4.8]
      [Termination (ms): Min: 0.0, Avg: 0.0, Max: 0.0, Diff: 0.0, Sum: 0.0]
         [Termination Attempts: Min: 1, Avg: 1.0, Max: 1, Diff: 0, Sum: 6]
      [GC Worker Other (ms): Min: 0.1, Avg: 0.1, Max: 0.1, Diff: 0.1, Sum: 0.6]
      [GC Worker Total (ms): Min: 1.1, Avg: 1.5, Max: 1.5, Diff: 0.4, Sum: 8.8]
      [GC Worker End (ms): Min: 874213.2, Avg: 874213.3, Max: 874213.3, Diff: 0.1]
   [Code Root Fixup: 0.0 ms]
   [Code Root Purge: 0.0 ms]
   [Clear CT: 0.5 ms]
   [Other: 1.0 ms]
      [Choose CSet: 0.0 ms]
      [Ref Proc: 0.1 ms]
      [Ref Enq: 0.0 ms]
      [Redirty Cards: 0.1 ms]
      [Humongous Register: 0.0 ms]
      [Humongous Reclaim: 0.0 ms]
      [Free CSet: 0.6 ms]
   [Eden: 2446.0M(2446.0M)->0.0B(2444.0M) Survivors: 10240.0K->12288.0K Heap: 2479.7M(4096.0M)->36540.7K(4096.0M)]
 [Times: user=0.00 sys=0.00, real=0.00 secs] 
2024-10-12T19:07:03.931+0300: 874.215: Total time for which application threads were stopped: 0.0034693 seconds, Stopping threads took: 0.0001597 seconds
2024-10-12T19:07:04.700+0300: 874.995: Application time: 0.7798428 seconds
2024-10-12T19:07:04.700+0300: 874.995: [GC pause (G1 Evacuation Pause) (young), 0.0040031 secs]
   [Parallel Time: 2.4 ms, GC Workers: 6]
      [GC Worker Start (ms): Min: 874995.0, Avg: 874995.0, Max: 874995.1, Diff: 0.1]
      [Ext Root Scanning (ms): Min: 0.3, Avg: 0.4, Max: 0.4, Diff: 0.1, Sum: 2.1]
      [Update RS (ms): Min: 0.1, Avg: 0.1, Max: 0.1, Diff: 0.0, Sum: 0.6]
         [Processed Buffers: Min: 1, Avg: 2.2, Max: 3, Diff: 2, Sum: 13]
      [Scan RS (ms): Min: 0.2, Avg: 0.2, Max: 0.2, Diff: 0.0, Sum: 1.1]
      [Code Root Scanning (ms): Min: 0.0, Avg: 0.0, Max: 0.0, Diff: 0.0, Sum: 0.0]
      [Object Copy (ms): Min: 1.5, Avg: 1.6, Max: 1.6, Diff: 0.1, Sum: 9.3]
      [Termination (ms): Min: 0.0, Avg: 0.0, Max: 0.0, Diff: 0.0, Sum: 0.0]
         [Termination Attempts: Min: 1, Avg: 1.0, Max: 1, Diff: 0, Sum: 6]
      [GC Worker Other (ms): Min: 0.0, Avg: 0.1, Max: 0.1, Diff: 0.1, Sum: 0.5]
      [GC Worker Total (ms): Min: 2.2, Avg: 2.3, Max: 2.3, Diff: 0.2, Sum: 13.7]
      [GC Worker End (ms): Min: 874997.3, Avg: 874997.3, Max: 874997.4, Diff: 0.1]
   [Code Root Fixup: 0.0 ms]
   [Code Root Purge: 0.0 ms]
   [Clear CT: 0.5 ms]
   [Other: 1.0 ms]
      [Choose CSet: 0.0 ms]
      [Ref Proc: 0.1 ms]
      [Ref Enq: 0.0 ms]
      [Redirty Cards: 0.1 ms]
      [Humongous Register: 0.0 ms]
      [Humongous Reclaim: 0.0 ms]
      [Free CSet: 0.7 ms]
   [Eden: 2444.0M(2444.0M)->0.0B(2444.0M) Survivors: 12288.0K->12288.0K Heap: 2479.7M(4096.0M)->36845.4K(4096.0M)]
 [Times: user=0.00 sys=0.00, real=0.02 secs] 
2024-10-12T19:07:04.716+0300: 874.999: Total time for which application threads were stopped: 0.0043296 seconds, Stopping threads took: 0.0001054 seconds
2024-10-12T19:07:05.488+0300: 875.778: Application time: 0.7792932 seconds
2024-10-12T19:07:05.488+0300: 875.779: [GC pause (G1 Evacuation Pause) (young), 0.0035018 secs]
   [Parallel Time: 1.9 ms, GC Workers: 6]
      [GC Worker Start (ms): Min: 875778.8, Avg: 875778.8, Max: 875778.8, Diff: 0.1]
      [Ext Root Scanning (ms): Min: 0.3, Avg: 0.4, Max: 0.4, Diff: 0.1, Sum: 2.1]
      [Update RS (ms): Min: 0.1, Avg: 0.1, Max: 0.1, Diff: 0.0, Sum: 0.6]
         [Processed Buffers: Min: 1, Avg: 2.2, Max: 3, Diff: 2, Sum: 13]
      [Scan RS (ms): Min: 0.2, Avg: 0.2, Max: 0.2, Diff: 0.0, Sum: 1.1]
      [Code Root Scanning (ms): Min: 0.0, Avg: 0.0, Max: 0.0, Diff: 0.0, Sum: 0.0]
      [Object Copy (ms): Min: 0.9, Avg: 0.9, Max: 1.1, Diff: 0.2, Sum: 5.5]
      [Termination (ms): Min: 0.0, Avg: 0.2, Max: 0.2, Diff: 0.2, Sum: 0.9]
         [Termination Attempts: Min: 1, Avg: 1.7, Max: 3, Diff: 2, Sum: 10]
      [GC Worker Other (ms): Min: 0.0, Avg: 0.0, Max: 0.1, Diff: 0.0, Sum: 0.2]
      [GC Worker Total (ms): Min: 1.7, Avg: 1.8, Max: 1.8, Diff: 0.1, Sum: 10.6]
      [GC Worker End (ms): Min: 875780.5, Avg: 875780.6, Max: 875780.6, Diff: 0.0]
   [Code Root Fixup: 0.0 ms]
   [Code Root Purge: 0.0 ms]
   [Clear CT: 0.5 ms]
   [Other: 1.1 ms]
      [Choose CSet: 0.0 ms]
      [Ref Proc: 0.1 ms]
      [Ref Enq: 0.0 ms]
      [Redirty Cards: 0.1 ms]
      [Humongous Register: 0.0 ms]
      [Humongous Reclaim: 0.0 ms]
      [Free CSet: 0.7 ms]
   [Eden: 2444.0M(2444.0M)->0.0B(2446.0M) Survivors: 12288.0K->10240.0K Heap: 2480.0M(4096.0M)->34589.7K(4096.0M)]
 [Times: user=0.02 sys=0.00, real=0.01 secs] 
2024-10-12T19:07:05.501+0300: 875.782: Total time for which application threads were stopped: 0.0039629 seconds, Stopping threads took: 0.0002232 seconds
2024-10-12T19:07:06.286+0300: 876.566: Application time: 0.7840538 seconds
2024-10-12T19:07:06.286+0300: 876.567: [GC pause (G1 Evacuation Pause) (young), 0.0038655 secs]
   [Parallel Time: 2.2 ms, GC Workers: 6]
      [GC Worker Start (ms): Min: 876566.7, Avg: 876566.7, Max: 876566.7, Diff: 0.1]
      [Ext Root Scanning (ms): Min: 0.3, Avg: 0.3, Max: 0.3, Diff: 0.1, Sum: 1.9]
      [Update RS (ms): Min: 0.1, Avg: 0.1, Max: 0.1, Diff: 0.0, Sum: 0.6]
         [Processed Buffers: Min: 1, Avg: 2.2, Max: 3, Diff: 2, Sum: 13]
      [Scan RS (ms): Min: 0.2, Avg: 0.2, Max: 0.2, Diff: 0.0, Sum: 1.0]
      [Code Root Scanning (ms): Min: 0.0, Avg: 0.0, Max: 0.0, Diff: 0.0, Sum: 0.0]
      [Object Copy (ms): Min: 1.3, Avg: 1.3, Max: 1.3, Diff: 0.1, Sum: 7.9]
      [Termination (ms): Min: 0.0, Avg: 0.0, Max: 0.0, Diff: 0.0, Sum: 0.0]
         [Termination Attempts: Min: 1, Avg: 1.0, Max: 1, Diff: 0, Sum: 6]
      [GC Worker Other (ms): Min: 0.0, Avg: 0.1, Max: 0.2, Diff: 0.2, Sum: 0.7]
      [GC Worker Total (ms): Min: 1.9, Avg: 2.0, Max: 2.1, Diff: 0.1, Sum: 12.1]
      [GC Worker End (ms): Min: 876568.6, Avg: 876568.7, Max: 876568.8, Diff: 0.2]
   [Code Root Fixup: 0.0 ms]
   [Code Root Purge: 0.0 ms]
   [Clear CT: 0.4 ms]
   [Other: 1.2 ms]
      [Choose CSet: 0.0 ms]
      [Ref Proc: 0.1 ms]
      [Ref Enq: 0.0 ms]
      [Redirty Cards: 0.2 ms]
      [Humongous Register: 0.1 ms]
      [Humongous Reclaim: 0.0 ms]
      [Free CSet: 0.7 ms]
   [Eden: 2446.0M(2446.0M)->0.0B(2444.0M) Survivors: 10240.0K->12288.0K Heap: 2479.8M(4096.0M)->37664.2K(4096.0M)]
 [Times: user=0.01 sys=0.00, real=0.00 secs] 
2024-10-12T19:07:06.290+0300: 876.571: Total time for which application threads were stopped: 0.0042127 seconds, Stopping threads took: 0.0001262 seconds
2024-10-12T19:07:07.071+0300: 877.353: Application time: 0.7819737 seconds
2024-10-12T19:07:07.071+0300: 877.353: [GC pause (G1 Evacuation Pause) (young), 0.0040147 secs]
   [Parallel Time: 2.3 ms, GC Workers: 6]
      [GC Worker Start (ms): Min: 877353.0, Avg: 877353.0, Max: 877353.0, Diff: 0.1]
      [Ext Root Scanning (ms): Min: 0.3, Avg: 0.3, Max: 0.4, Diff: 0.1, Sum: 2.0]
      [Update RS (ms): Min: 0.1, Avg: 0.1, Max: 0.1, Diff: 0.0, Sum: 0.6]
         [Processed Buffers: Min: 1, Avg: 2.2, Max: 4, Diff: 3, Sum: 13]
      [Scan RS (ms): Min: 0.2, Avg: 0.2, Max: 0.2, Diff: 0.0, Sum: 1.0]
      [Code Root Scanning (ms): Min: 0.0, Avg: 0.0, Max: 0.0, Diff: 0.0, Sum: 0.0]
      [Object Copy (ms): Min: 1.4, Avg: 1.4, Max: 1.4, Diff: 0.0, Sum: 8.2]
      [Termination (ms): Min: 0.0, Avg: 0.0, Max: 0.0, Diff: 0.0, Sum: 0.0]
         [Termination Attempts: Min: 1, Avg: 2.2, Max: 4, Diff: 3, Sum: 13]
      [GC Worker Other (ms): Min: 0.1, Avg: 0.2, Max: 0.2, Diff: 0.2, Sum: 1.0]
      [GC Worker Total (ms): Min: 2.0, Avg: 2.1, Max: 2.2, Diff: 0.2, Sum: 12.9]
      [GC Worker End (ms): Min: 877355.0, Avg: 877355.1, Max: 877355.2, Diff: 0.2]
   [Code Root Fixup: 0.0 ms]
   [Code Root Purge: 0.0 ms]
   [Clear CT: 0.5 ms]
   [Other: 1.2 ms]
      [Choose CSet: 0.0 ms]
      [Ref Proc: 0.2 ms]
      [Ref Enq: 0.0 ms]
      [Redirty Cards: 0.1 ms]
      [Humongous Register: 0.1 ms]
      [Humongous Reclaim: 0.0 ms]
      [Free CSet: 0.7 ms]
   [Eden: 2444.0M(2444.0M)->0.0B(2444.0M) Survivors: 12288.0K->12288.0K Heap: 2480.8M(4096.0M)->36642.7K(4096.0M)]
 [Times: user=0.02 sys=0.00, real=0.00 secs] 
2024-10-12T19:07:07.071+0300: 877.357: Total time for which application threads were stopped: 0.0044567 seconds, Stopping threads took: 0.0001718 seconds
2024-10-12T19:07:07.840+0300: 878.132: Application time: 0.7754615 seconds
2024-10-12T19:07:07.840+0300: 878.133: [GC pause (G1 Evacuation Pause) (young), 0.0031691 secs]
   [Parallel Time: 1.6 ms, GC Workers: 6]
      [GC Worker Start (ms): Min: 878132.8, Avg: 878132.9, Max: 878132.9, Diff: 0.1]
      [Ext Root Scanning (ms): Min: 0.3, Avg: 0.3, Max: 0.4, Diff: 0.1, Sum: 1.9]
      [Update RS (ms): Min: 0.1, Avg: 0.1, Max: 0.1, Diff: 0.1, Sum: 0.7]
         [Processed Buffers: Min: 1, Avg: 2.2, Max: 3, Diff: 2, Sum: 13]
      [Scan RS (ms): Min: 0.2, Avg: 0.2, Max: 0.2, Diff: 0.0, Sum: 1.0]
      [Code Root Scanning (ms): Min: 0.0, Avg: 0.0, Max: 0.0, Diff: 0.0, Sum: 0.0]
      [Object Copy (ms): Min: 0.8, Avg: 0.8, Max: 0.8, Diff: 0.1, Sum: 4.7]
      [Termination (ms): Min: 0.0, Avg: 0.0, Max: 0.0, Diff: 0.0, Sum: 0.0]
         [Termination Attempts: Min: 1, Avg: 1.0, Max: 1, Diff: 0, Sum: 6]
      [GC Worker Other (ms): Min: 0.0, Avg: 0.1, Max: 0.1, Diff: 0.1, Sum: 0.5]
      [GC Worker Total (ms): Min: 1.4, Avg: 1.5, Max: 1.5, Diff: 0.1, Sum: 8.8]
      [GC Worker End (ms): Min: 878134.3, Avg: 878134.3, Max: 878134.4, Diff: 0.1]
   [Code Root Fixup: 0.0 ms]
   [Code Root Purge: 0.0 ms]
   [Clear CT: 0.5 ms]
   [Other: 1.1 ms]
      [Choose CSet: 0.0 ms]
      [Ref Proc: 0.1 ms]
      [Ref Enq: 0.0 ms]
      [Redirty Cards: 0.1 ms]
      [Humongous Register: 0.0 ms]
      [Humongous Reclaim: 0.0 ms]
      [Free CSet: 0.7 ms]
   [Eden: 2444.0M(2444.0M)->0.0B(2448.0M) Survivors: 12288.0K->8192.0K Heap: 2479.8M(4096.0M)->32549.2K(4096.0M)]
 [Times: user=0.00 sys=0.00, real=0.02 secs] 
2024-10-12T19:07:07.856+0300: 878.136: Total time for which application threads were stopped: 0.0035730 seconds, Stopping threads took: 0.0001985 seconds
2024-10-12T19:07:08.641+0300: 878.922: Application time: 0.7857552 seconds
2024-10-12T19:07:08.641+0300: 878.922: [GC pause (G1 Evacuation Pause) (young), 0.0031020 secs]
   [Parallel Time: 1.5 ms, GC Workers: 6]
      [GC Worker Start (ms): Min: 878922.1, Avg: 878922.1, Max: 878922.1, Diff: 0.1]
      [Ext Root Scanning (ms): Min: 0.3, Avg: 0.3, Max: 0.3, Diff: 0.1, Sum: 1.9]
      [Update RS (ms): Min: 0.1, Avg: 0.1, Max: 0.1, Diff: 0.0, Sum: 0.6]
         [Processed Buffers: Min: 1, Avg: 2.2, Max: 3, Diff: 2, Sum: 13]
      [Scan RS (ms): Min: 0.2, Avg: 0.2, Max: 0.2, Diff: 0.0, Sum: 1.0]
      [Code Root Scanning (ms): Min: 0.0, Avg: 0.0, Max: 0.0, Diff: 0.0, Sum: 0.0]
      [Object Copy (ms): Min: 0.7, Avg: 0.8, Max: 0.8, Diff: 0.1, Sum: 4.6]
      [Termination (ms): Min: 0.0, Avg: 0.0, Max: 0.0, Diff: 0.0, Sum: 0.0]
         [Termination Attempts: Min: 1, Avg: 1.2, Max: 2, Diff: 1, Sum: 7]
      [GC Worker Other (ms): Min: 0.0, Avg: 0.1, Max: 0.1, Diff: 0.1, Sum: 0.5]
      [GC Worker Total (ms): Min: 1.4, Avg: 1.4, Max: 1.5, Diff: 0.1, Sum: 8.7]
      [GC Worker End (ms): Min: 878923.5, Avg: 878923.6, Max: 878923.6, Diff: 0.1]
   [Code Root Fixup: 0.0 ms]
   [Code Root Purge: 0.0 ms]
   [Clear CT: 0.5 ms]
   [Other: 1.0 ms]
      [Choose CSet: 0.0 ms]
      [Ref Proc: 0.1 ms]
      [Ref Enq: 0.0 ms]
      [Redirty Cards: 0.1 ms]
      [Humongous Register: 0.0 ms]
      [Humongous Reclaim: 0.0 ms]
      [Free CSet: 0.7 ms]
   [Eden: 2448.0M(2448.0M)->0.0B(2448.0M) Survivors: 8192.0K->8192.0K Heap: 2479.8M(4096.0M)->33575.7K(4096.0M)]
 [Times: user=0.00 sys=0.00, real=0.00 secs] 
2024-10-12T19:07:08.641+0300: 878.925: Total time for which application threads were stopped: 0.0034409 seconds, Stopping threads took: 0.0001085 seconds
2024-10-12T19:07:09.426+0300: 879.709: Application time: 0.7837712 seconds
2024-10-12T19:07:09.426+0300: 879.709: [GC pause (G1 Evacuation Pause) (young), 0.0032513 secs]
   [Parallel Time: 1.5 ms, GC Workers: 6]
      [GC Worker Start (ms): Min: 879709.4, Avg: 879709.4, Max: 879709.5, Diff: 0.0]
      [Ext Root Scanning (ms): Min: 0.3, Avg: 0.3, Max: 0.3, Diff: 0.0, Sum: 1.9]
      [Update RS (ms): Min: 0.1, Avg: 0.1, Max: 0.1, Diff: 0.0, Sum: 0.6]
         [Processed Buffers: Min: 1, Avg: 2.2, Max: 3, Diff: 2, Sum: 13]
      [Scan RS (ms): Min: 0.2, Avg: 0.2, Max: 0.2, Diff: 0.0, Sum: 1.0]
      [Code Root Scanning (ms): Min: 0.0, Avg: 0.0, Max: 0.0, Diff: 0.0, Sum: 0.0]
      [Object Copy (ms): Min: 0.7, Avg: 0.7, Max: 0.8, Diff: 0.0, Sum: 4.5]
      [Termination (ms): Min: 0.0, Avg: 0.0, Max: 0.0, Diff: 0.0, Sum: 0.0]
         [Termination Attempts: Min: 1, Avg: 1.8, Max: 3, Diff: 2, Sum: 11]
      [GC Worker Other (ms): Min: 0.0, Avg: 0.1, Max: 0.1, Diff: 0.1, Sum: 0.5]
      [GC Worker Total (ms): Min: 1.4, Avg: 1.4, Max: 1.5, Diff: 0.1, Sum: 8.5]
      [GC Worker End (ms): Min: 879710.8, Avg: 879710.9, Max: 879710.9, Diff: 0.1]
   [Code Root Fixup: 0.0 ms]
   [Code Root Purge: 0.0 ms]
   [Clear CT: 0.5 ms]
   [Other: 1.2 ms]
      [Choose CSet: 0.0 ms]
      [Ref Proc: 0.2 ms]
      [Ref Enq: 0.0 ms]
      [Redirty Cards: 0.1 ms]
      [Humongous Register: 0.1 ms]
      [Humongous Reclaim: 0.0 ms]
      [Free CSet: 0.7 ms]
   [Eden: 2448.0M(2448.0M)->0.0B(2446.0M) Survivors: 8192.0K->10240.0K Heap: 2480.8M(4096.0M)->34542.5K(4096.0M)]
 [Times: user=0.00 sys=0.00, real=0.00 secs] 
2024-10-12T19:07:09.426+0300: 879.713: Total time for which application threads were stopped: 0.0036922 seconds, Stopping threads took: 0.0001718 seconds
2024-10-12T19:07:10.211+0300: 880.492: Application time: 0.7794454 seconds
2024-10-12T19:07:10.211+0300: 880.492: [GC pause (G1 Evacuation Pause) (young), 0.0033957 secs]
   [Parallel Time: 1.6 ms, GC Workers: 6]
      [GC Worker Start (ms): Min: 880492.6, Avg: 880492.6, Max: 880492.6, Diff: 0.0]
      [Ext Root Scanning (ms): Min: 0.3, Avg: 0.3, Max: 0.4, Diff: 0.0, Sum: 2.0]
      [Update RS (ms): Min: 0.1, Avg: 0.1, Max: 0.1, Diff: 0.1, Sum: 0.6]
         [Processed Buffers: Min: 1, Avg: 2.2, Max: 3, Diff: 2, Sum: 13]
      [Scan RS (ms): Min: 0.1, Avg: 0.2, Max: 0.2, Diff: 0.0, Sum: 1.0]
      [Code Root Scanning (ms): Min: 0.0, Avg: 0.0, Max: 0.0, Diff: 0.0, Sum: 0.0]
      [Object Copy (ms): Min: 0.7, Avg: 0.7, Max: 0.7, Diff: 0.0, Sum: 4.4]
      [Termination (ms): Min: 0.0, Avg: 0.0, Max: 0.0, Diff: 0.0, Sum: 0.0]
         [Termination Attempts: Min: 1, Avg: 1.3, Max: 2, Diff: 1, Sum: 8]
      [GC Worker Other (ms): Min: 0.0, Avg: 0.1, Max: 0.2, Diff: 0.1, Sum: 0.7]
      [GC Worker Total (ms): Min: 1.4, Avg: 1.4, Max: 1.5, Diff: 0.1, Sum: 8.7]
      [GC Worker End (ms): Min: 880494.0, Avg: 880494.1, Max: 880494.1, Diff: 0.1]
   [Code Root Fixup: 0.0 ms]
   [Code Root Purge: 0.0 ms]
   [Clear CT: 0.5 ms]
   [Other: 1.2 ms]
      [Choose CSet: 0.0 ms]
      [Ref Proc: 0.2 ms]
      [Ref Enq: 0.0 ms]
      [Redirty Cards: 0.1 ms]
      [Humongous Register: 0.1 ms]
      [Humongous Reclaim: 0.0 ms]
      [Free CSet: 0.7 ms]
   [Eden: 2446.0M(2446.0M)->0.0B(2446.0M) Survivors: 10240.0K->10240.0K Heap: 2479.7M(4096.0M)->34519.4K(4096.0M)]
 [Times: user=0.00 sys=0.00, real=0.00 secs] 
2024-10-12T19:07:10.211+0300: 880.496: Total time for which application threads were stopped: 0.0038387 seconds, Stopping threads took: 0.0001935 seconds
2024-10-12T19:07:10.996+0300: 881.275: Application time: 0.7788366 seconds
2024-10-12T19:07:10.996+0300: 881.275: [GC pause (G1 Evacuation Pause) (young), 0.0034759 secs]
   [Parallel Time: 1.7 ms, GC Workers: 6]
      [GC Worker Start (ms): Min: 881275.3, Avg: 881275.3, Max: 881275.4, Diff: 0.1]
      [Ext Root Scanning (ms): Min: 0.3, Avg: 0.3, Max: 0.4, Diff: 0.1, Sum: 2.0]
      [Update RS (ms): Min: 0.0, Avg: 0.1, Max: 0.1, Diff: 0.1, Sum: 0.6]
         [Processed Buffers: Min: 0, Avg: 2.2, Max: 4, Diff: 4, Sum: 13]
      [Scan RS (ms): Min: 0.2, Avg: 0.2, Max: 0.3, Diff: 0.2, Sum: 1.2]
      [Code Root Scanning (ms): Min: 0.0, Avg: 0.0, Max: 0.0, Diff: 0.0, Sum: 0.0]
      [Object Copy (ms): Min: 0.6, Avg: 0.7, Max: 0.9, Diff: 0.3, Sum: 4.3]
      [Termination (ms): Min: 0.0, Avg: 0.0, Max: 0.0, Diff: 0.0, Sum: 0.0]
         [Termination Attempts: Min: 1, Avg: 1.0, Max: 1, Diff: 0, Sum: 6]
      [GC Worker Other (ms): Min: 0.0, Avg: 0.1, Max: 0.2, Diff: 0.1, Sum: 0.6]
      [GC Worker Total (ms): Min: 1.3, Avg: 1.5, Max: 1.5, Diff: 0.2, Sum: 8.8]
      [GC Worker End (ms): Min: 881276.7, Avg: 881276.8, Max: 881276.8, Diff: 0.1]
   [Code Root Fixup: 0.0 ms]
   [Code Root Purge: 0.0 ms]
   [Clear CT: 0.5 ms]
   [Other: 1.3 ms]
      [Choose CSet: 0.0 ms]
      [Ref Proc: 0.1 ms]
      [Ref Enq: 0.0 ms]
      [Redirty Cards: 0.1 ms]
      [Humongous Register: 0.1 ms]
      [Humongous Reclaim: 0.0 ms]
      [Free CSet: 0.8 ms]
   [Eden: 2446.0M(2446.0M)->0.0B(2446.0M) Survivors: 10240.0K->10240.0K Heap: 2479.7M(4096.0M)->34515.3K(4096.0M)]
 [Times: user=0.00 sys=0.00, real=0.00 secs] 
2024-10-12T19:07:10.996+0300: 881.279: Total time for which application threads were stopped: 0.0039208 seconds, Stopping threads took: 0.0001737 seconds
2024-10-12T19:07:11.765+0300: 882.057: Application time: 0.7780137 seconds
2024-10-12T19:07:11.765+0300: 882.057: [GC pause (G1 Evacuation Pause) (young), 0.0030587 secs]
   [Parallel Time: 1.6 ms, GC Workers: 6]
      [GC Worker Start (ms): Min: 882057.1, Avg: 882057.1, Max: 882057.1, Diff: 0.1]
      [Ext Root Scanning (ms): Min: 0.3, Avg: 0.3, Max: 0.4, Diff: 0.1, Sum: 1.9]
      [Update RS (ms): Min: 0.1, Avg: 0.1, Max: 0.1, Diff: 0.0, Sum: 0.6]
         [Processed Buffers: Min: 1, Avg: 2.2, Max: 3, Diff: 2, Sum: 13]
      [Scan RS (ms): Min: 0.1, Avg: 0.2, Max: 0.2, Diff: 0.0, Sum: 1.0]
      [Code Root Scanning (ms): Min: 0.0, Avg: 0.0, Max: 0.0, Diff: 0.0, Sum: 0.0]
      [Object Copy (ms): Min: 0.7, Avg: 0.8, Max: 0.8, Diff: 0.1, Sum: 4.6]
      [Termination (ms): Min: 0.0, Avg: 0.0, Max: 0.0, Diff: 0.0, Sum: 0.0]
         [Termination Attempts: Min: 1, Avg: 1.8, Max: 3, Diff: 2, Sum: 11]
      [GC Worker Other (ms): Min: 0.0, Avg: 0.1, Max: 0.1, Diff: 0.1, Sum: 0.5]
      [GC Worker Total (ms): Min: 1.4, Avg: 1.4, Max: 1.5, Diff: 0.1, Sum: 8.7]
      [GC Worker End (ms): Min: 882058.5, Avg: 882058.6, Max: 882058.6, Diff: 0.1]
   [Code Root Fixup: 0.0 ms]
   [Code Root Purge: 0.0 ms]
   [Clear CT: 0.5 ms]
   [Other: 1.0 ms]
      [Choose CSet: 0.0 ms]
      [Ref Proc: 0.1 ms]
      [Ref Enq: 0.0 ms]
      [Redirty Cards: 0.1 ms]
      [Humongous Register: 0.0 ms]
      [Humongous Reclaim: 0.0 ms]
      [Free CSet: 0.6 ms]
   [Eden: 2446.0M(2446.0M)->0.0B(2446.0M) Survivors: 10240.0K->10240.0K Heap: 2479.7M(4096.0M)->34509.0K(4096.0M)]
 [Times: user=0.00 sys=0.00, real=0.02 secs] 
2024-10-12T19:07:11.781+0300: 882.060: Total time for which application threads were stopped: 0.0035018 seconds, Stopping threads took: 0.0001291 seconds
2024-10-12T19:07:12.551+0300: 882.840: Application time: 0.7800520 seconds
2024-10-12T19:07:12.551+0300: 882.841: [GC pause (G1 Evacuation Pause) (young), 0.0031637 secs]
   [Parallel Time: 1.6 ms, GC Workers: 6]
      [GC Worker Start (ms): Min: 882840.7, Avg: 882840.8, Max: 882840.8, Diff: 0.0]
      [Ext Root Scanning (ms): Min: 0.3, Avg: 0.3, Max: 0.3, Diff: 0.1, Sum: 1.9]
      [Update RS (ms): Min: 0.1, Avg: 0.1, Max: 0.1, Diff: 0.0, Sum: 0.6]
         [Processed Buffers: Min: 1, Avg: 2.2, Max: 3, Diff: 2, Sum: 13]
      [Scan RS (ms): Min: 0.2, Avg: 0.2, Max: 0.3, Diff: 0.1, Sum: 1.2]
      [Code Root Scanning (ms): Min: 0.0, Avg: 0.0, Max: 0.0, Diff: 0.0, Sum: 0.0]
      [Object Copy (ms): Min: 0.7, Avg: 0.8, Max: 0.8, Diff: 0.1, Sum: 4.7]
      [Termination (ms): Min: 0.0, Avg: 0.0, Max: 0.0, Diff: 0.0, Sum: 0.0]
         [Termination Attempts: Min: 1, Avg: 2.5, Max: 4, Diff: 3, Sum: 15]
      [GC Worker Other (ms): Min: 0.0, Avg: 0.1, Max: 0.1, Diff: 0.1, Sum: 0.5]
      [GC Worker Total (ms): Min: 1.4, Avg: 1.5, Max: 1.5, Diff: 0.1, Sum: 8.9]
      [GC Worker End (ms): Min: 882842.2, Avg: 882842.2, Max: 882842.3, Diff: 0.1]
   [Code Root Fixup: 0.0 ms]
   [Code Root Purge: 0.0 ms]
   [Clear CT: 0.5 ms]
   [Other: 1.0 ms]
      [Choose CSet: 0.0 ms]
      [Ref Proc: 0.1 ms]
      [Ref Enq: 0.0 ms]
      [Redirty Cards: 0.1 ms]
      [Humongous Register: 0.0 ms]
      [Humongous Reclaim: 0.0 ms]
      [Free CSet: 0.7 ms]
   [Eden: 2446.0M(2446.0M)->0.0B(2446.0M) Survivors: 10240.0K->10240.0K Heap: 2479.7M(4096.0M)->35444.9K(4096.0M)]
 [Times: user=0.00 sys=0.00, real=0.00 secs] 
2024-10-12T19:07:12.551+0300: 882.844: Total time for which application threads were stopped: 0.0036059 seconds, Stopping threads took: 0.0002088 seconds
2024-10-12T19:07:13.336+0300: 883.622: Application time: 0.7784751 seconds
2024-10-12T19:07:13.336+0300: 883.623: [GC pause (G1 Evacuation Pause) (young), 0.0032481 secs]
   [Parallel Time: 1.7 ms, GC Workers: 6]
      [GC Worker Start (ms): Min: 883622.9, Avg: 883622.9, Max: 883623.0, Diff: 0.1]
      [Ext Root Scanning (ms): Min: 0.3, Avg: 0.3, Max: 0.4, Diff: 0.1, Sum: 1.9]
      [Update RS (ms): Min: 0.1, Avg: 0.1, Max: 0.1, Diff: 0.1, Sum: 0.6]
         [Processed Buffers: Min: 1, Avg: 2.2, Max: 3, Diff: 2, Sum: 13]
      [Scan RS (ms): Min: 0.2, Avg: 0.2, Max: 0.2, Diff: 0.0, Sum: 1.0]
      [Code Root Scanning (ms): Min: 0.0, Avg: 0.0, Max: 0.0, Diff: 0.0, Sum: 0.0]
      [Object Copy (ms): Min: 0.8, Avg: 0.8, Max: 0.8, Diff: 0.1, Sum: 4.7]
      [Termination (ms): Min: 0.0, Avg: 0.0, Max: 0.0, Diff: 0.0, Sum: 0.0]
         [Termination Attempts: Min: 1, Avg: 2.0, Max: 4, Diff: 3, Sum: 12]
      [GC Worker Other (ms): Min: 0.1, Avg: 0.1, Max: 0.2, Diff: 0.1, Sum: 0.7]
      [GC Worker Total (ms): Min: 1.5, Avg: 1.5, Max: 1.6, Diff: 0.1, Sum: 9.1]
      [GC Worker End (ms): Min: 883624.4, Avg: 883624.4, Max: 883624.5, Diff: 0.1]
   [Code Root Fixup: 0.0 ms]
   [Code Root Purge: 0.0 ms]
   [Clear CT: 0.5 ms]
   [Other: 1.1 ms]
      [Choose CSet: 0.0 ms]
      [Ref Proc: 0.2 ms]
      [Ref Enq: 0.0 ms]
      [Redirty Cards: 0.1 ms]
      [Humongous Register: 0.0 ms]
      [Humongous Reclaim: 0.0 ms]
      [Free CSet: 0.6 ms]
   [Eden: 2446.0M(2446.0M)->0.0B(2448.0M) Survivors: 10240.0K->8192.0K Heap: 2480.6M(4096.0M)->33269.4K(4096.0M)]
 [Times: user=0.00 sys=0.00, real=0.00 secs] 
2024-10-12T19:07:13.336+0300: 883.626: Total time for which application threads were stopped: 0.0037539 seconds, Stopping threads took: 0.0002736 seconds
2024-10-12T19:07:14.121+0300: 884.407: Application time: 0.7807535 seconds
2024-10-12T19:07:14.121+0300: 884.407: [GC pause (G1 Evacuation Pause) (young), 0.0033185 secs]
   [Parallel Time: 1.6 ms, GC Workers: 6]
      [GC Worker Start (ms): Min: 884407.4, Avg: 884407.4, Max: 884407.4, Diff: 0.0]
      [Ext Root Scanning (ms): Min: 0.3, Avg: 0.3, Max: 0.4, Diff: 0.1, Sum: 2.0]
      [Update RS (ms): Min: 0.1, Avg: 0.1, Max: 0.1, Diff: 0.1, Sum: 0.6]
         [Processed Buffers: Min: 1, Avg: 2.2, Max: 3, Diff: 2, Sum: 13]
      [Scan RS (ms): Min: 0.2, Avg: 0.2, Max: 0.2, Diff: 0.0, Sum: 1.0]
      [Code Root Scanning (ms): Min: 0.0, Avg: 0.0, Max: 0.0, Diff: 0.0, Sum: 0.0]
      [Object Copy (ms): Min: 0.7, Avg: 0.7, Max: 0.8, Diff: 0.1, Sum: 4.4]
      [Termination (ms): Min: 0.0, Avg: 0.0, Max: 0.0, Diff: 0.0, Sum: 0.0]
         [Termination Attempts: Min: 1, Avg: 1.0, Max: 1, Diff: 0, Sum: 6]
      [GC Worker Other (ms): Min: 0.0, Avg: 0.1, Max: 0.2, Diff: 0.1, Sum: 0.7]
      [GC Worker Total (ms): Min: 1.4, Avg: 1.5, Max: 1.5, Diff: 0.1, Sum: 8.8]
      [GC Worker End (ms): Min: 884408.8, Avg: 884408.9, Max: 884408.9, Diff: 0.1]
   [Code Root Fixup: 0.0 ms]
   [Code Root Purge: 0.0 ms]
   [Clear CT: 0.5 ms]
   [Other: 1.1 ms]
      [Choose CSet: 0.0 ms]
      [Ref Proc: 0.1 ms]
      [Ref Enq: 0.0 ms]
      [Redirty Cards: 0.1 ms]
      [Humongous Register: 0.1 ms]
      [Humongous Reclaim: 0.0 ms]
      [Free CSet: 0.7 ms]
   [Eden: 2448.0M(2448.0M)->0.0B(2444.0M) Survivors: 8192.0K->12288.0K Heap: 2480.5M(4096.0M)->36481.1K(4096.0M)]
 [Times: user=0.00 sys=0.00, real=0.00 secs] 
2024-10-12T19:07:14.121+0300: 884.411: Total time for which application threads were stopped: 0.0038076 seconds, Stopping threads took: 0.0002385 seconds
2024-10-12T19:07:14.890+0300: 885.184: Application time: 0.7728704 seconds
2024-10-12T19:07:14.890+0300: 885.184: [GC pause (G1 Evacuation Pause) (young), 0.0031980 secs]
   [Parallel Time: 1.7 ms, GC Workers: 6]
      [GC Worker Start (ms): Min: 885184.0, Avg: 885184.0, Max: 885184.1, Diff: 0.2]
      [Ext Root Scanning (ms): Min: 0.2, Avg: 0.3, Max: 0.4, Diff: 0.2, Sum: 1.9]
      [Update RS (ms): Min: 0.1, Avg: 0.1, Max: 0.1, Diff: 0.0, Sum: 0.6]
         [Processed Buffers: Min: 1, Avg: 2.2, Max: 3, Diff: 2, Sum: 13]
      [Scan RS (ms): Min: 0.2, Avg: 0.2, Max: 0.3, Diff: 0.1, Sum: 1.4]
      [Code Root Scanning (ms): Min: 0.0, Avg: 0.0, Max: 0.0, Diff: 0.0, Sum: 0.0]
      [Object Copy (ms): Min: 0.7, Avg: 0.8, Max: 0.8, Diff: 0.1, Sum: 4.6]
      [Termination (ms): Min: 0.0, Avg: 0.0, Max: 0.0, Diff: 0.0, Sum: 0.0]
         [Termination Attempts: Min: 1, Avg: 1.0, Max: 1, Diff: 0, Sum: 6]
      [GC Worker Other (ms): Min: 0.0, Avg: 0.1, Max: 0.1, Diff: 0.1, Sum: 0.6]
      [GC Worker Total (ms): Min: 1.4, Avg: 1.5, Max: 1.6, Diff: 0.2, Sum: 9.0]
      [GC Worker End (ms): Min: 885185.5, Avg: 885185.5, Max: 885185.6, Diff: 0.1]
   [Code Root Fixup: 0.0 ms]
   [Code Root Purge: 0.0 ms]
   [Clear CT: 0.5 ms]
   [Other: 1.1 ms]
      [Choose CSet: 0.0 ms]
      [Ref Proc: 0.1 ms]
      [Ref Enq: 0.0 ms]
      [Redirty Cards: 0.1 ms]
      [Humongous Register: 0.1 ms]
      [Humongous Reclaim: 0.0 ms]
      [Free CSet: 0.6 ms]
   [Eden: 2444.0M(2444.0M)->0.0B(2446.0M) Survivors: 12288.0K->10240.0K Heap: 2479.6M(4096.0M)->35414.8K(4096.0M)]
 [Times: user=0.02 sys=0.00, real=0.01 secs] 
2024-10-12T19:07:14.905+0300: 885.187: Total time for which application threads were stopped: 0.0035814 seconds, Stopping threads took: 0.0001701 seconds
2024-10-12T19:07:15.675+0300: 885.967: Application time: 0.7799944 seconds
2024-10-12T19:07:15.675+0300: 885.967: [GC pause (G1 Evacuation Pause) (young), 0.0037589 secs]
   [Parallel Time: 2.3 ms, GC Workers: 6]
      [GC Worker Start (ms): Min: 885967.5, Avg: 885967.6, Max: 885967.6, Diff: 0.0]
      [Ext Root Scanning (ms): Min: 0.3, Avg: 0.3, Max: 0.3, Diff: 0.1, Sum: 1.9]
      [Update RS (ms): Min: 0.1, Avg: 0.1, Max: 0.1, Diff: 0.0, Sum: 0.6]
         [Processed Buffers: Min: 1, Avg: 2.2, Max: 4, Diff: 3, Sum: 13]
      [Scan RS (ms): Min: 0.1, Avg: 0.2, Max: 0.2, Diff: 0.1, Sum: 1.0]
      [Code Root Scanning (ms): Min: 0.0, Avg: 0.0, Max: 0.0, Diff: 0.0, Sum: 0.0]
      [Object Copy (ms): Min: 1.5, Avg: 1.5, Max: 1.5, Diff: 0.0, Sum: 9.0]
      [Termination (ms): Min: 0.0, Avg: 0.0, Max: 0.0, Diff: 0.0, Sum: 0.1]
         [Termination Attempts: Min: 1, Avg: 1.3, Max: 2, Diff: 1, Sum: 8]
      [GC Worker Other (ms): Min: 0.0, Avg: 0.1, Max: 0.1, Diff: 0.1, Sum: 0.3]
      [GC Worker Total (ms): Min: 2.1, Avg: 2.2, Max: 2.2, Diff: 0.1, Sum: 13.1]
      [GC Worker End (ms): Min: 885969.7, Avg: 885969.7, Max: 885969.8, Diff: 0.1]
   [Code Root Fixup: 0.0 ms]
   [Code Root Purge: 0.0 ms]
   [Clear CT: 0.5 ms]
   [Other: 1.0 ms]
      [Choose CSet: 0.0 ms]
      [Ref Proc: 0.1 ms]
      [Ref Enq: 0.0 ms]
      [Redirty Cards: 0.1 ms]
      [Humongous Register: 0.0 ms]
      [Humongous Reclaim: 0.0 ms]
      [Free CSet: 0.6 ms]
   [Eden: 2446.0M(2446.0M)->0.0B(2444.0M) Survivors: 10240.0K->12288.0K Heap: 2480.6M(4096.0M)->37537.6K(4096.0M)]
 [Times: user=0.02 sys=0.00, real=0.02 secs] 
2024-10-12T19:07:15.690+0300: 885.971: Total time for which application threads were stopped: 0.0041401 seconds, Stopping threads took: 0.0001603 seconds
2024-10-12T19:07:16.460+0300: 886.749: Application time: 0.7780900 seconds
2024-10-12T19:07:16.460+0300: 886.750: [GC pause (G1 Evacuation Pause) (young), 0.0033623 secs]
   [Parallel Time: 1.7 ms, GC Workers: 6]
      [GC Worker Start (ms): Min: 886749.8, Avg: 886749.9, Max: 886749.9, Diff: 0.1]
      [Ext Root Scanning (ms): Min: 0.3, Avg: 0.3, Max: 0.4, Diff: 0.1, Sum: 2.0]
      [Update RS (ms): Min: 0.1, Avg: 0.1, Max: 0.1, Diff: 0.0, Sum: 0.6]
         [Processed Buffers: Min: 1, Avg: 2.2, Max: 4, Diff: 3, Sum: 13]
      [Scan RS (ms): Min: 0.2, Avg: 0.2, Max: 0.2, Diff: 0.0, Sum: 1.1]
      [Code Root Scanning (ms): Min: 0.0, Avg: 0.0, Max: 0.0, Diff: 0.0, Sum: 0.0]
      [Object Copy (ms): Min: 0.9, Avg: 0.9, Max: 0.9, Diff: 0.0, Sum: 5.5]
      [Termination (ms): Min: 0.0, Avg: 0.0, Max: 0.0, Diff: 0.0, Sum: 0.0]
         [Termination Attempts: Min: 1, Avg: 1.0, Max: 1, Diff: 0, Sum: 6]
      [GC Worker Other (ms): Min: 0.0, Avg: 0.1, Max: 0.1, Diff: 0.1, Sum: 0.5]
      [GC Worker Total (ms): Min: 1.6, Avg: 1.6, Max: 1.7, Diff: 0.1, Sum: 9.7]
      [GC Worker End (ms): Min: 886751.4, Avg: 886751.5, Max: 886751.5, Diff: 0.1]
   [Code Root Fixup: 0.0 ms]
   [Code Root Purge: 0.0 ms]
   [Clear CT: 0.5 ms]
   [Other: 1.1 ms]
      [Choose CSet: 0.0 ms]
      [Ref Proc: 0.1 ms]
      [Ref Enq: 0.0 ms]
      [Redirty Cards: 0.1 ms]
      [Humongous Register: 0.1 ms]
      [Humongous Reclaim: 0.0 ms]
      [Free CSet: 0.7 ms]
   [Eden: 2444.0M(2444.0M)->0.0B(2446.0M) Survivors: 12288.0K->10240.0K Heap: 2480.7M(4096.0M)->35648.7K(4096.0M)]
 [Times: user=0.00 sys=0.00, real=0.00 secs] 
2024-10-12T19:07:16.460+0300: 886.753: Total time for which application threads were stopped: 0.0037998 seconds, Stopping threads took: 0.0002087 seconds
2024-10-12T19:07:17.245+0300: 887.537: Application time: 0.7834130 seconds
2024-10-12T19:07:17.245+0300: 887.537: [GC pause (G1 Evacuation Pause) (young), 0.0033836 secs]
   [Parallel Time: 1.6 ms, GC Workers: 6]
      [GC Worker Start (ms): Min: 887537.0, Avg: 887537.1, Max: 887537.1, Diff: 0.1]
      [Ext Root Scanning (ms): Min: 0.3, Avg: 0.3, Max: 0.3, Diff: 0.1, Sum: 1.9]
      [Update RS (ms): Min: 0.1, Avg: 0.1, Max: 0.1, Diff: 0.0, Sum: 0.6]
         [Processed Buffers: Min: 1, Avg: 2.2, Max: 3, Diff: 2, Sum: 13]
      [Scan RS (ms): Min: 0.2, Avg: 0.2, Max: 0.2, Diff: 0.0, Sum: 1.1]
      [Code Root Scanning (ms): Min: 0.0, Avg: 0.0, Max: 0.0, Diff: 0.0, Sum: 0.0]
      [Object Copy (ms): Min: 0.8, Avg: 0.8, Max: 0.8, Diff: 0.0, Sum: 4.7]
      [Termination (ms): Min: 0.0, Avg: 0.0, Max: 0.0, Diff: 0.0, Sum: 0.0]
         [Termination Attempts: Min: 1, Avg: 1.0, Max: 1, Diff: 0, Sum: 6]
      [GC Worker Other (ms): Min: 0.0, Avg: 0.1, Max: 0.2, Diff: 0.1, Sum: 0.6]
      [GC Worker Total (ms): Min: 1.4, Avg: 1.5, Max: 1.6, Diff: 0.1, Sum: 8.9]
      [GC Worker End (ms): Min: 887538.5, Avg: 887538.6, Max: 887538.6, Diff: 0.1]
   [Code Root Fixup: 0.0 ms]
   [Code Root Purge: 0.0 ms]
   [Clear CT: 0.6 ms]
   [Other: 1.2 ms]
      [Choose CSet: 0.0 ms]
      [Ref Proc: 0.1 ms]
      [Ref Enq: 0.0 ms]
      [Redirty Cards: 0.1 ms]
      [Humongous Register: 0.0 ms]
      [Humongous Reclaim: 0.0 ms]
      [Free CSet: 0.7 ms]
   [Eden: 2446.0M(2446.0M)->0.0B(2448.0M) Survivors: 10240.0K->8192.0K Heap: 2480.8M(4096.0M)->33603.2K(4096.0M)]
 [Times: user=0.02 sys=0.00, real=0.02 secs] 
2024-10-12T19:07:17.260+0300: 887.540: Total time for which application threads were stopped: 0.0038018 seconds, Stopping threads took: 0.0001727 seconds
2024-10-12T19:07:18.030+0300: 888.324: Application time: 0.7834970 seconds
2024-10-12T19:07:18.030+0300: 888.324: [GC pause (G1 Evacuation Pause) (young), 0.0034817 secs]
   [Parallel Time: 1.8 ms, GC Workers: 6]
      [GC Worker Start (ms): Min: 888324.3, Avg: 888324.3, Max: 888324.4, Diff: 0.0]
      [Ext Root Scanning (ms): Min: 0.3, Avg: 0.3, Max: 0.4, Diff: 0.0, Sum: 1.9]
      [Update RS (ms): Min: 0.1, Avg: 0.1, Max: 0.3, Diff: 0.2, Sum: 0.8]
         [Processed Buffers: Min: 1, Avg: 2.2, Max: 3, Diff: 2, Sum: 13]
      [Scan RS (ms): Min: 0.1, Avg: 0.2, Max: 0.2, Diff: 0.2, Sum: 1.0]
      [Code Root Scanning (ms): Min: 0.0, Avg: 0.0, Max: 0.0, Diff: 0.0, Sum: 0.0]
      [Object Copy (ms): Min: 0.9, Avg: 0.9, Max: 0.9, Diff: 0.1, Sum: 5.3]
      [Termination (ms): Min: 0.0, Avg: 0.0, Max: 0.0, Diff: 0.0, Sum: 0.0]
         [Termination Attempts: Min: 1, Avg: 4.0, Max: 6, Diff: 5, Sum: 24]
      [GC Worker Other (ms): Min: 0.0, Avg: 0.1, Max: 0.1, Diff: 0.1, Sum: 0.5]
      [GC Worker Total (ms): Min: 1.5, Avg: 1.6, Max: 1.7, Diff: 0.2, Sum: 9.7]
      [GC Worker End (ms): Min: 888325.9, Avg: 888326.0, Max: 888326.0, Diff: 0.1]
   [Code Root Fixup: 0.0 ms]
   [Code Root Purge: 0.0 ms]
   [Clear CT: 0.6 ms]
   [Other: 1.1 ms]
      [Choose CSet: 0.0 ms]
      [Ref Proc: 0.2 ms]
      [Ref Enq: 0.0 ms]
      [Redirty Cards: 0.1 ms]
      [Humongous Register: 0.1 ms]
      [Humongous Reclaim: 0.0 ms]
      [Free CSet: 0.7 ms]
   [Eden: 2448.0M(2448.0M)->0.0B(2448.0M) Survivors: 8192.0K->8192.0K Heap: 2480.8M(4096.0M)->33595.7K(4096.0M)]
 [Times: user=0.02 sys=0.00, real=0.02 secs] 
2024-10-12T19:07:18.046+0300: 888.328: Total time for which application threads were stopped: 0.0038808 seconds, Stopping threads took: 0.0001485 seconds
2024-10-12T19:07:18.820+0300: 889.105: Application time: 0.7775252 seconds
2024-10-12T19:07:18.820+0300: 889.106: [GC pause (G1 Evacuation Pause) (young), 0.0036923 secs]
   [Parallel Time: 2.1 ms, GC Workers: 6]
      [GC Worker Start (ms): Min: 889105.8, Avg: 889105.8, Max: 889105.8, Diff: 0.1]
      [Ext Root Scanning (ms): Min: 0.3, Avg: 0.3, Max: 0.4, Diff: 0.1, Sum: 2.0]
      [Update RS (ms): Min: 0.1, Avg: 0.1, Max: 0.1, Diff: 0.1, Sum: 0.6]
         [Processed Buffers: Min: 1, Avg: 2.2, Max: 3, Diff: 2, Sum: 13]
      [Scan RS (ms): Min: 0.2, Avg: 0.2, Max: 0.2, Diff: 0.0, Sum: 1.1]
      [Code Root Scanning (ms): Min: 0.0, Avg: 0.0, Max: 0.0, Diff: 0.0, Sum: 0.0]
      [Object Copy (ms): Min: 1.3, Avg: 1.3, Max: 1.3, Diff: 0.1, Sum: 7.8]
      [Termination (ms): Min: 0.0, Avg: 0.0, Max: 0.0, Diff: 0.0, Sum: 0.0]
         [Termination Attempts: Min: 1, Avg: 1.0, Max: 1, Diff: 0, Sum: 6]
      [GC Worker Other (ms): Min: 0.0, Avg: 0.1, Max: 0.1, Diff: 0.1, Sum: 0.5]
      [GC Worker Total (ms): Min: 1.9, Avg: 2.0, Max: 2.1, Diff: 0.2, Sum: 12.1]
      [GC Worker End (ms): Min: 889107.8, Avg: 889107.8, Max: 889107.9, Diff: 0.1]
   [Code Root Fixup: 0.0 ms]
   [Code Root Purge: 0.0 ms]
   [Clear CT: 0.5 ms]
   [Other: 1.0 ms]
      [Choose CSet: 0.0 ms]
      [Ref Proc: 0.1 ms]
      [Ref Enq: 0.0 ms]
      [Redirty Cards: 0.1 ms]
      [Humongous Register: 0.0 ms]
      [Humongous Reclaim: 0.0 ms]
      [Free CSet: 0.7 ms]
   [Eden: 2448.0M(2448.0M)->0.0B(2444.0M) Survivors: 8192.0K->12288.0K Heap: 2480.8M(4096.0M)->36682.2K(4096.0M)]
 [Times: user=0.00 sys=0.00, real=0.00 secs] 
2024-10-12T19:07:18.820+0300: 889.110: Total time for which application threads were stopped: 0.0041358 seconds, Stopping threads took: 0.0002086 seconds
2024-10-12T19:07:19.600+0300: 889.890: Application time: 0.7801332 seconds
2024-10-12T19:07:19.600+0300: 889.890: [GC pause (G1 Evacuation Pause) (young), 0.0036495 secs]
   [Parallel Time: 2.1 ms, GC Workers: 6]
      [GC Worker Start (ms): Min: 889890.0, Avg: 889890.1, Max: 889890.1, Diff: 0.1]
      [Ext Root Scanning (ms): Min: 0.3, Avg: 0.3, Max: 0.4, Diff: 0.1, Sum: 2.0]
      [Update RS (ms): Min: 0.1, Avg: 0.1, Max: 0.1, Diff: 0.0, Sum: 0.6]
         [Processed Buffers: Min: 1, Avg: 2.2, Max: 3, Diff: 2, Sum: 13]
      [Scan RS (ms): Min: 0.1, Avg: 0.2, Max: 0.2, Diff: 0.0, Sum: 1.0]
      [Code Root Scanning (ms): Min: 0.0, Avg: 0.0, Max: 0.0, Diff: 0.0, Sum: 0.0]
      [Object Copy (ms): Min: 1.3, Avg: 1.3, Max: 1.3, Diff: 0.0, Sum: 7.7]
      [Termination (ms): Min: 0.0, Avg: 0.0, Max: 0.0, Diff: 0.0, Sum: 0.0]
         [Termination Attempts: Min: 1, Avg: 1.0, Max: 1, Diff: 0, Sum: 6]
      [GC Worker Other (ms): Min: 0.0, Avg: 0.1, Max: 0.1, Diff: 0.1, Sum: 0.5]
      [GC Worker Total (ms): Min: 1.9, Avg: 2.0, Max: 2.0, Diff: 0.1, Sum: 11.8]
      [GC Worker End (ms): Min: 889892.0, Avg: 889892.0, Max: 889892.1, Diff: 0.1]
   [Code Root Fixup: 0.0 ms]
   [Code Root Purge: 0.0 ms]
   [Clear CT: 0.5 ms]
   [Other: 1.0 ms]
      [Choose CSet: 0.0 ms]
      [Ref Proc: 0.1 ms]
      [Ref Enq: 0.0 ms]
      [Redirty Cards: 0.1 ms]
      [Humongous Register: 0.0 ms]
      [Humongous Reclaim: 0.0 ms]
      [Free CSet: 0.7 ms]
   [Eden: 2444.0M(2444.0M)->0.0B(2444.0M) Survivors: 12288.0K->12288.0K Heap: 2479.8M(4096.0M)->36684.7K(4096.0M)]
 [Times: user=0.00 sys=0.00, real=0.00 secs] 
2024-10-12T19:07:19.600+0300: 889.894: Total time for which application threads were stopped: 0.0041081 seconds, Stopping threads took: 0.0002270 seconds
2024-10-12T19:07:20.385+0300: 890.675: Application time: 0.7816982 seconds
2024-10-12T19:07:20.385+0300: 890.676: [GC pause (G1 Evacuation Pause) (young), 0.0037902 secs]
   [Parallel Time: 2.1 ms, GC Workers: 6]
      [GC Worker Start (ms): Min: 890675.9, Avg: 890675.9, Max: 890676.0, Diff: 0.1]
      [Ext Root Scanning (ms): Min: 0.2, Avg: 0.3, Max: 0.4, Diff: 0.1, Sum: 2.0]
      [Update RS (ms): Min: 0.1, Avg: 0.1, Max: 0.1, Diff: 0.1, Sum: 0.6]
         [Processed Buffers: Min: 1, Avg: 2.2, Max: 4, Diff: 3, Sum: 13]
      [Scan RS (ms): Min: 0.2, Avg: 0.2, Max: 0.2, Diff: 0.0, Sum: 1.0]
      [Code Root Scanning (ms): Min: 0.0, Avg: 0.0, Max: 0.0, Diff: 0.0, Sum: 0.0]
      [Object Copy (ms): Min: 1.3, Avg: 1.3, Max: 1.3, Diff: 0.0, Sum: 7.6]
      [Termination (ms): Min: 0.0, Avg: 0.0, Max: 0.0, Diff: 0.0, Sum: 0.0]
         [Termination Attempts: Min: 1, Avg: 1.0, Max: 1, Diff: 0, Sum: 6]
      [GC Worker Other (ms): Min: 0.0, Avg: 0.1, Max: 0.1, Diff: 0.1, Sum: 0.6]
      [GC Worker Total (ms): Min: 1.8, Avg: 2.0, Max: 2.1, Diff: 0.2, Sum: 11.9]
      [GC Worker End (ms): Min: 890677.8, Avg: 890677.9, Max: 890677.9, Diff: 0.1]
   [Code Root Fixup: 0.0 ms]
   [Code Root Purge: 0.0 ms]
   [Clear CT: 0.5 ms]
   [Other: 1.1 ms]
      [Choose CSet: 0.0 ms]
      [Ref Proc: 0.1 ms]
      [Ref Enq: 0.0 ms]
      [Redirty Cards: 0.1 ms]
      [Humongous Register: 0.1 ms]
      [Humongous Reclaim: 0.0 ms]
      [Free CSet: 0.7 ms]
   [Eden: 2444.0M(2444.0M)->0.0B(2444.0M) Survivors: 12288.0K->12288.0K Heap: 2479.8M(4096.0M)->36687.2K(4096.0M)]
 [Times: user=0.00 sys=0.00, real=0.02 secs] 
2024-10-12T19:07:20.401+0300: 890.680: Total time for which application threads were stopped: 0.0043173 seconds, Stopping threads took: 0.0002252 seconds
2024-10-12T19:07:21.169+0300: 891.462: Application time: 0.7825274 seconds
2024-10-12T19:07:21.169+0300: 891.463: [GC pause (G1 Evacuation Pause) (young), 0.0034543 secs]
   [Parallel Time: 1.7 ms, GC Workers: 6]
      [GC Worker Start (ms): Min: 891462.7, Avg: 891462.7, Max: 891462.8, Diff: 0.0]
      [Ext Root Scanning (ms): Min: 0.3, Avg: 0.3, Max: 0.4, Diff: 0.1, Sum: 2.0]
      [Update RS (ms): Min: 0.1, Avg: 0.1, Max: 0.1, Diff: 0.1, Sum: 0.6]
         [Processed Buffers: Min: 1, Avg: 2.2, Max: 3, Diff: 2, Sum: 13]
      [Scan RS (ms): Min: 0.2, Avg: 0.2, Max: 0.2, Diff: 0.0, Sum: 1.0]
      [Code Root Scanning (ms): Min: 0.0, Avg: 0.0, Max: 0.0, Diff: 0.0, Sum: 0.0]
      [Object Copy (ms): Min: 0.8, Avg: 0.9, Max: 0.9, Diff: 0.1, Sum: 5.1]
      [Termination (ms): Min: 0.0, Avg: 0.0, Max: 0.0, Diff: 0.0, Sum: 0.0]
         [Termination Attempts: Min: 1, Avg: 1.0, Max: 1, Diff: 0, Sum: 6]
      [GC Worker Other (ms): Min: 0.0, Avg: 0.1, Max: 0.1, Diff: 0.1, Sum: 0.4]
      [GC Worker Total (ms): Min: 1.5, Avg: 1.6, Max: 1.6, Diff: 0.1, Sum: 9.3]
      [GC Worker End (ms): Min: 891464.3, Avg: 891464.3, Max: 891464.3, Diff: 0.1]
   [Code Root Fixup: 0.0 ms]
   [Code Root Purge: 0.0 ms]
   [Clear CT: 0.5 ms]
   [Other: 1.2 ms]
      [Choose CSet: 0.0 ms]
      [Ref Proc: 0.1 ms]
      [Ref Enq: 0.0 ms]
      [Redirty Cards: 0.1 ms]
      [Humongous Register: 0.1 ms]
      [Humongous Reclaim: 0.0 ms]
      [Free CSet: 0.7 ms]
   [Eden: 2444.0M(2444.0M)->0.0B(2448.0M) Survivors: 12288.0K->8192.0K Heap: 2479.8M(4096.0M)->32593.7K(4096.0M)]
 [Times: user=0.02 sys=0.00, real=0.02 secs] 
2024-10-12T19:07:21.185+0300: 891.466: Total time for which application threads were stopped: 0.0039139 seconds, Stopping threads took: 0.0001934 seconds
2024-10-12T19:07:21.955+0300: 892.240: Application time: 0.7742149 seconds
2024-10-12T19:07:21.955+0300: 892.241: [GC pause (G1 Evacuation Pause) (young), 0.0032371 secs]
   [Parallel Time: 1.6 ms, GC Workers: 6]
      [GC Worker Start (ms): Min: 892240.9, Avg: 892240.9, Max: 892240.9, Diff: 0.1]
      [Ext Root Scanning (ms): Min: 0.3, Avg: 0.3, Max: 0.4, Diff: 0.1, Sum: 2.0]
      [Update RS (ms): Min: 0.0, Avg: 0.1, Max: 0.1, Diff: 0.1, Sum: 0.6]
         [Processed Buffers: Min: 1, Avg: 2.2, Max: 4, Diff: 3, Sum: 13]
      [Scan RS (ms): Min: 0.2, Avg: 0.2, Max: 0.2, Diff: 0.0, Sum: 1.0]
      [Code Root Scanning (ms): Min: 0.0, Avg: 0.0, Max: 0.0, Diff: 0.0, Sum: 0.0]
      [Object Copy (ms): Min: 0.7, Avg: 0.7, Max: 0.8, Diff: 0.1, Sum: 4.5]
      [Termination (ms): Min: 0.0, Avg: 0.0, Max: 0.0, Diff: 0.0, Sum: 0.0]
         [Termination Attempts: Min: 1, Avg: 1.7, Max: 2, Diff: 1, Sum: 10]
      [GC Worker Other (ms): Min: 0.0, Avg: 0.1, Max: 0.2, Diff: 0.2, Sum: 0.6]
      [GC Worker Total (ms): Min: 1.4, Avg: 1.4, Max: 1.5, Diff: 0.2, Sum: 8.7]
      [GC Worker End (ms): Min: 892242.3, Avg: 892242.3, Max: 892242.4, Diff: 0.2]
   [Code Root Fixup: 0.0 ms]
   [Code Root Purge: 0.0 ms]
   [Clear CT: 0.5 ms]
   [Other: 1.1 ms]
      [Choose CSet: 0.0 ms]
      [Ref Proc: 0.1 ms]
      [Ref Enq: 0.0 ms]
      [Redirty Cards: 0.1 ms]
      [Humongous Register: 0.1 ms]
      [Humongous Reclaim: 0.0 ms]
      [Free CSet: 0.6 ms]
   [Eden: 2448.0M(2448.0M)->0.0B(2448.0M) Survivors: 8192.0K->8192.0K Heap: 2479.8M(4096.0M)->32578.0K(4096.0M)]
 [Times: user=0.00 sys=0.00, real=0.00 secs] 
2024-10-12T19:07:21.955+0300: 892.244: Total time for which application threads were stopped: 0.0036890 seconds, Stopping threads took: 0.0002014 seconds
2024-10-12T19:07:22.740+0300: 893.024: Application time: 0.7797920 seconds
2024-10-12T19:07:22.740+0300: 893.024: [GC pause (G1 Evacuation Pause) (young), 0.0030954 secs]
   [Parallel Time: 1.6 ms, GC Workers: 6]
      [GC Worker Start (ms): Min: 893024.2, Avg: 893024.3, Max: 893024.3, Diff: 0.1]
      [Ext Root Scanning (ms): Min: 0.3, Avg: 0.3, Max: 0.4, Diff: 0.1, Sum: 2.0]
      [Update RS (ms): Min: 0.1, Avg: 0.1, Max: 0.1, Diff: 0.0, Sum: 0.6]
         [Processed Buffers: Min: 1, Avg: 2.2, Max: 4, Diff: 3, Sum: 13]
      [Scan RS (ms): Min: 0.2, Avg: 0.2, Max: 0.2, Diff: 0.0, Sum: 1.1]
      [Code Root Scanning (ms): Min: 0.0, Avg: 0.0, Max: 0.0, Diff: 0.0, Sum: 0.0]
      [Object Copy (ms): Min: 0.7, Avg: 0.8, Max: 0.8, Diff: 0.0, Sum: 4.6]
      [Termination (ms): Min: 0.0, Avg: 0.0, Max: 0.0, Diff: 0.0, Sum: 0.0]
         [Termination Attempts: Min: 1, Avg: 1.2, Max: 2, Diff: 1, Sum: 7]
      [GC Worker Other (ms): Min: 0.0, Avg: 0.1, Max: 0.1, Diff: 0.1, Sum: 0.5]
      [GC Worker Total (ms): Min: 1.4, Avg: 1.5, Max: 1.5, Diff: 0.1, Sum: 8.9]
      [GC Worker End (ms): Min: 893025.7, Avg: 893025.7, Max: 893025.8, Diff: 0.1]
   [Code Root Fixup: 0.0 ms]
   [Code Root Purge: 0.0 ms]
   [Clear CT: 0.5 ms]
   [Other: 1.0 ms]
      [Choose CSet: 0.0 ms]
      [Ref Proc: 0.1 ms]
      [Ref Enq: 0.0 ms]
      [Redirty Cards: 0.1 ms]
      [Humongous Register: 0.0 ms]
      [Humongous Reclaim: 0.0 ms]
      [Free CSet: 0.6 ms]
   [Eden: 2448.0M(2448.0M)->0.0B(2446.0M) Survivors: 8192.0K->10240.0K Heap: 2479.8M(4096.0M)->34553.4K(4096.0M)]
 [Times: user=0.00 sys=0.00, real=0.00 secs] 
2024-10-12T19:07:22.740+0300: 893.027: Total time for which application threads were stopped: 0.0034464 seconds, Stopping threads took: 0.0001425 seconds
2024-10-12T19:07:23.531+0300: 893.810: Application time: 0.7828653 seconds
2024-10-12T19:07:23.531+0300: 893.811: [GC pause (G1 Evacuation Pause) (young), 0.0031523 secs]
   [Parallel Time: 1.6 ms, GC Workers: 6]
      [GC Worker Start (ms): Min: 893810.6, Avg: 893810.7, Max: 893810.8, Diff: 0.1]
      [Ext Root Scanning (ms): Min: 0.3, Avg: 0.4, Max: 0.4, Diff: 0.1, Sum: 2.3]
      [Update RS (ms): Min: 0.1, Avg: 0.1, Max: 0.1, Diff: 0.1, Sum: 0.6]
         [Processed Buffers: Min: 1, Avg: 2.2, Max: 4, Diff: 3, Sum: 13]
      [Scan RS (ms): Min: 0.1, Avg: 0.2, Max: 0.2, Diff: 0.0, Sum: 1.0]
      [Code Root Scanning (ms): Min: 0.0, Avg: 0.0, Max: 0.0, Diff: 0.0, Sum: 0.0]
      [Object Copy (ms): Min: 0.7, Avg: 0.7, Max: 0.7, Diff: 0.0, Sum: 4.4]
      [Termination (ms): Min: 0.0, Avg: 0.0, Max: 0.0, Diff: 0.0, Sum: 0.0]
         [Termination Attempts: Min: 1, Avg: 1.0, Max: 1, Diff: 0, Sum: 6]
      [GC Worker Other (ms): Min: 0.0, Avg: 0.1, Max: 0.1, Diff: 0.1, Sum: 0.5]
      [GC Worker Total (ms): Min: 1.4, Avg: 1.5, Max: 1.5, Diff: 0.1, Sum: 8.9]
      [GC Worker End (ms): Min: 893812.1, Avg: 893812.2, Max: 893812.2, Diff: 0.1]
   [Code Root Fixup: 0.0 ms]
   [Code Root Purge: 0.0 ms]
   [Clear CT: 0.5 ms]
   [Other: 1.1 ms]
      [Choose CSet: 0.0 ms]
      [Ref Proc: 0.1 ms]
      [Ref Enq: 0.0 ms]
      [Redirty Cards: 0.1 ms]
      [Humongous Register: 0.0 ms]
      [Humongous Reclaim: 0.0 ms]
      [Free CSet: 0.6 ms]
   [Eden: 2446.0M(2446.0M)->0.0B(2446.0M) Survivors: 10240.0K->10240.0K Heap: 2479.7M(4096.0M)->34558.9K(4096.0M)]
 [Times: user=0.00 sys=0.00, real=0.00 secs] 
2024-10-12T19:07:23.531+0300: 893.814: Total time for which application threads were stopped: 0.0036056 seconds, Stopping threads took: 0.0002042 seconds
2024-10-12T19:07:24.309+0300: 894.598: Application time: 0.7843810 seconds
2024-10-12T19:07:24.309+0300: 894.599: [GC pause (G1 Evacuation Pause) (young), 0.0032197 secs]
   [Parallel Time: 1.7 ms, GC Workers: 6]
      [GC Worker Start (ms): Min: 894598.6, Avg: 894598.7, Max: 894598.8, Diff: 0.2]
      [Ext Root Scanning (ms): Min: 0.2, Avg: 0.3, Max: 0.4, Diff: 0.2, Sum: 1.9]
      [Update RS (ms): Min: 0.1, Avg: 0.1, Max: 0.1, Diff: 0.0, Sum: 0.6]
         [Processed Buffers: Min: 1, Avg: 2.2, Max: 4, Diff: 3, Sum: 13]
      [Scan RS (ms): Min: 0.2, Avg: 0.2, Max: 0.2, Diff: 0.0, Sum: 1.1]
      [Code Root Scanning (ms): Min: 0.0, Avg: 0.0, Max: 0.0, Diff: 0.0, Sum: 0.0]
      [Object Copy (ms): Min: 0.7, Avg: 0.7, Max: 0.8, Diff: 0.1, Sum: 4.5]
      [Termination (ms): Min: 0.0, Avg: 0.0, Max: 0.0, Diff: 0.0, Sum: 0.0]
         [Termination Attempts: Min: 1, Avg: 1.2, Max: 2, Diff: 1, Sum: 7]
      [GC Worker Other (ms): Min: 0.0, Avg: 0.1, Max: 0.2, Diff: 0.2, Sum: 0.7]
      [GC Worker Total (ms): Min: 1.4, Avg: 1.5, Max: 1.6, Diff: 0.2, Sum: 8.7]
      [GC Worker End (ms): Min: 894600.0, Avg: 894600.1, Max: 894600.2, Diff: 0.2]
   [Code Root Fixup: 0.0 ms]
   [Code Root Purge: 0.0 ms]
   [Clear CT: 0.5 ms]
   [Other: 1.0 ms]
      [Choose CSet: 0.0 ms]
      [Ref Proc: 0.1 ms]
      [Ref Enq: 0.0 ms]
      [Redirty Cards: 0.1 ms]
      [Humongous Register: 0.0 ms]
      [Humongous Reclaim: 0.0 ms]
      [Free CSet: 0.6 ms]
   [Eden: 2446.0M(2446.0M)->0.0B(2446.0M) Survivors: 10240.0K->10240.0K Heap: 2479.7M(4096.0M)->34564.9K(4096.0M)]
 [Times: user=0.00 sys=0.00, real=0.00 secs] 
2024-10-12T19:07:24.309+0300: 894.602: Total time for which application threads were stopped: 0.0036347 seconds, Stopping threads took: 0.0001828 seconds
2024-10-12T19:07:25.095+0300: 895.382: Application time: 0.7802648 seconds
2024-10-12T19:07:25.095+0300: 895.382: [GC pause (G1 Evacuation Pause) (young), 0.0039661 secs]
   [Parallel Time: 2.3 ms, GC Workers: 6]
      [GC Worker Start (ms): Min: 895382.5, Avg: 895382.5, Max: 895382.6, Diff: 0.1]
      [Ext Root Scanning (ms): Min: 0.3, Avg: 0.4, Max: 0.4, Diff: 0.1, Sum: 2.2]
      [Update RS (ms): Min: 0.1, Avg: 0.1, Max: 0.1, Diff: 0.1, Sum: 0.6]
         [Processed Buffers: Min: 1, Avg: 2.2, Max: 3, Diff: 2, Sum: 13]
      [Scan RS (ms): Min: 0.1, Avg: 0.2, Max: 0.2, Diff: 0.0, Sum: 1.0]
      [Code Root Scanning (ms): Min: 0.0, Avg: 0.0, Max: 0.0, Diff: 0.0, Sum: 0.0]
      [Object Copy (ms): Min: 1.3, Avg: 1.3, Max: 1.4, Diff: 0.0, Sum: 8.0]
      [Termination (ms): Min: 0.0, Avg: 0.0, Max: 0.0, Diff: 0.0, Sum: 0.0]
         [Termination Attempts: Min: 1, Avg: 1.0, Max: 1, Diff: 0, Sum: 6]
      [GC Worker Other (ms): Min: 0.1, Avg: 0.1, Max: 0.2, Diff: 0.1, Sum: 0.8]
      [GC Worker Total (ms): Min: 2.0, Avg: 2.1, Max: 2.2, Diff: 0.2, Sum: 12.7]
      [GC Worker End (ms): Min: 895384.6, Avg: 895384.7, Max: 895384.7, Diff: 0.1]
   [Code Root Fixup: 0.0 ms]
   [Code Root Purge: 0.0 ms]
   [Clear CT: 0.4 ms]
   [Other: 1.2 ms]
      [Choose CSet: 0.0 ms]
      [Ref Proc: 0.2 ms]
      [Ref Enq: 0.0 ms]
      [Redirty Cards: 0.2 ms]
      [Humongous Register: 0.0 ms]
      [Humongous Reclaim: 0.0 ms]
      [Free CSet: 0.7 ms]
   [Eden: 2446.0M(2446.0M)->0.0B(2444.0M) Survivors: 10240.0K->12288.0K Heap: 2479.8M(4096.0M)->37575.2K(4096.0M)]
 [Times: user=0.00 sys=0.00, real=0.00 secs] 
2024-10-12T19:07:25.095+0300: 895.387: Total time for which application threads were stopped: 0.0043912 seconds, Stopping threads took: 0.0001210 seconds
2024-10-12T19:07:25.864+0300: 896.154: Application time: 0.7678034 seconds
2024-10-12T19:07:25.864+0300: 896.155: [GC pause (G1 Evacuation Pause) (young), 0.0038183 secs]
   [Parallel Time: 2.2 ms, GC Workers: 6]
      [GC Worker Start (ms): Min: 896154.7, Avg: 896154.8, Max: 896155.2, Diff: 0.5]
      [Ext Root Scanning (ms): Min: 0.0, Avg: 0.3, Max: 0.4, Diff: 0.4, Sum: 2.0]
      [Update RS (ms): Min: 0.1, Avg: 0.1, Max: 0.2, Diff: 0.1, Sum: 0.6]
         [Processed Buffers: Min: 1, Avg: 2.2, Max: 3, Diff: 2, Sum: 13]
      [Scan RS (ms): Min: 0.1, Avg: 0.2, Max: 0.2, Diff: 0.1, Sum: 1.1]
      [Code Root Scanning (ms): Min: 0.0, Avg: 0.0, Max: 0.0, Diff: 0.0, Sum: 0.0]
      [Object Copy (ms): Min: 1.3, Avg: 1.3, Max: 1.4, Diff: 0.1, Sum: 8.1]
      [Termination (ms): Min: 0.0, Avg: 0.0, Max: 0.0, Diff: 0.0, Sum: 0.0]
         [Termination Attempts: Min: 1, Avg: 1.0, Max: 1, Diff: 0, Sum: 6]
      [GC Worker Other (ms): Min: 0.0, Avg: 0.1, Max: 0.1, Diff: 0.1, Sum: 0.5]
      [GC Worker Total (ms): Min: 1.6, Avg: 2.1, Max: 2.2, Diff: 0.5, Sum: 12.3]
      [GC Worker End (ms): Min: 896156.8, Avg: 896156.8, Max: 896156.9, Diff: 0.1]
   [Code Root Fixup: 0.0 ms]
   [Code Root Purge: 0.0 ms]
   [Clear CT: 0.5 ms]
   [Other: 1.1 ms]
      [Choose CSet: 0.0 ms]
      [Ref Proc: 0.1 ms]
      [Ref Enq: 0.0 ms]
      [Redirty Cards: 0.1 ms]
      [Humongous Register: 0.0 ms]
      [Humongous Reclaim: 0.0 ms]
      [Free CSet: 0.6 ms]
   [Eden: 2444.0M(2444.0M)->0.0B(2444.0M) Survivors: 12288.0K->12288.0K Heap: 2480.7M(4096.0M)->36706.7K(4096.0M)]
 [Times: user=0.00 sys=0.00, real=0.00 secs] 
2024-10-12T19:07:25.864+0300: 896.159: Total time for which application threads were stopped: 0.0042202 seconds, Stopping threads took: 0.0001600 seconds
2024-10-12T19:07:26.648+0300: 896.942: Application time: 0.7835875 seconds
2024-10-12T19:07:26.648+0300: 896.942: [GC pause (G1 Evacuation Pause) (young), 0.0032164 secs]
   [Parallel Time: 1.7 ms, GC Workers: 6]
      [GC Worker Start (ms): Min: 896942.5, Avg: 896942.5, Max: 896942.6, Diff: 0.1]
      [Ext Root Scanning (ms): Min: 0.4, Avg: 0.4, Max: 0.4, Diff: 0.1, Sum: 2.4]
      [Update RS (ms): Min: 0.1, Avg: 0.1, Max: 0.1, Diff: 0.0, Sum: 0.7]
         [Processed Buffers: Min: 1, Avg: 2.2, Max: 3, Diff: 2, Sum: 13]
      [Scan RS (ms): Min: 0.2, Avg: 0.2, Max: 0.2, Diff: 0.0, Sum: 1.0]
      [Code Root Scanning (ms): Min: 0.0, Avg: 0.0, Max: 0.0, Diff: 0.0, Sum: 0.0]
      [Object Copy (ms): Min: 0.8, Avg: 0.8, Max: 0.8, Diff: 0.0, Sum: 4.8]
      [Termination (ms): Min: 0.0, Avg: 0.0, Max: 0.0, Diff: 0.0, Sum: 0.0]
         [Termination Attempts: Min: 1, Avg: 1.3, Max: 2, Diff: 1, Sum: 8]
      [GC Worker Other (ms): Min: 0.0, Avg: 0.1, Max: 0.1, Diff: 0.1, Sum: 0.4]
      [GC Worker Total (ms): Min: 1.5, Avg: 1.6, Max: 1.6, Diff: 0.1, Sum: 9.4]
      [GC Worker End (ms): Min: 896944.0, Avg: 896944.1, Max: 896944.1, Diff: 0.1]
   [Code Root Fixup: 0.0 ms]
   [Code Root Purge: 0.0 ms]
   [Clear CT: 0.5 ms]
   [Other: 1.0 ms]
      [Choose CSet: 0.0 ms]
      [Ref Proc: 0.1 ms]
      [Ref Enq: 0.0 ms]
      [Redirty Cards: 0.1 ms]
      [Humongous Register: 0.0 ms]
      [Humongous Reclaim: 0.0 ms]
      [Free CSet: 0.7 ms]
   [Eden: 2444.0M(2444.0M)->0.0B(2448.0M) Survivors: 12288.0K->8192.0K Heap: 2479.8M(4096.0M)->33637.2K(4096.0M)]
 [Times: user=0.02 sys=0.00, real=0.02 secs] 
2024-10-12T19:07:26.664+0300: 896.946: Total time for which application threads were stopped: 0.0036280 seconds, Stopping threads took: 0.0001744 seconds
2024-10-12T19:07:27.449+0300: 897.731: Application time: 0.7849214 seconds
2024-10-12T19:07:27.449+0300: 897.731: [GC pause (G1 Evacuation Pause) (young), 0.0032361 secs]
   [Parallel Time: 1.8 ms, GC Workers: 6]
      [GC Worker Start (ms): Min: 897731.1, Avg: 897731.1, Max: 897731.1, Diff: 0.1]
      [Ext Root Scanning (ms): Min: 0.3, Avg: 0.3, Max: 0.4, Diff: 0.1, Sum: 1.9]
      [Update RS (ms): Min: 0.0, Avg: 0.1, Max: 0.1, Diff: 0.1, Sum: 0.6]
         [Processed Buffers: Min: 0, Avg: 2.2, Max: 3, Diff: 3, Sum: 13]
      [Scan RS (ms): Min: 0.0, Avg: 0.2, Max: 0.2, Diff: 0.2, Sum: 1.0]
      [Code Root Scanning (ms): Min: 0.0, Avg: 0.0, Max: 0.0, Diff: 0.0, Sum: 0.0]
      [Object Copy (ms): Min: 0.8, Avg: 0.9, Max: 1.2, Diff: 0.3, Sum: 5.6]
      [Termination (ms): Min: 0.0, Avg: 0.0, Max: 0.0, Diff: 0.0, Sum: 0.2]
         [Termination Attempts: Min: 1, Avg: 1.0, Max: 1, Diff: 0, Sum: 6]
      [GC Worker Other (ms): Min: 0.0, Avg: 0.1, Max: 0.1, Diff: 0.1, Sum: 0.4]
      [GC Worker Total (ms): Min: 1.6, Avg: 1.6, Max: 1.7, Diff: 0.1, Sum: 9.8]
      [GC Worker End (ms): Min: 897732.7, Avg: 897732.7, Max: 897732.8, Diff: 0.1]
   [Code Root Fixup: 0.0 ms]
   [Code Root Purge: 0.0 ms]
   [Clear CT: 0.5 ms]
   [Other: 1.0 ms]
      [Choose CSet: 0.0 ms]
      [Ref Proc: 0.1 ms]
      [Ref Enq: 0.0 ms]
      [Redirty Cards: 0.1 ms]
      [Humongous Register: 0.1 ms]
      [Humongous Reclaim: 0.0 ms]
      [Free CSet: 0.6 ms]
   [Eden: 2448.0M(2448.0M)->0.0B(2446.0M) Survivors: 8192.0K->10240.0K Heap: 2480.8M(4096.0M)->35671.5K(4096.0M)]
 [Times: user=0.00 sys=0.00, real=0.00 secs] 
2024-10-12T19:07:27.449+0300: 897.734: Total time for which application threads were stopped: 0.0036306 seconds, Stopping threads took: 0.0001698 seconds
2024-10-12T19:07:28.233+0300: 898.517: Application time: 0.7825712 seconds
2024-10-12T19:07:28.233+0300: 898.517: [GC pause (G1 Evacuation Pause) (young), 0.0046678 secs]
   [Parallel Time: 2.8 ms, GC Workers: 6]
      [GC Worker Start (ms): Min: 898517.3, Avg: 898517.3, Max: 898517.3, Diff: 0.0]
      [Ext Root Scanning (ms): Min: 0.3, Avg: 0.3, Max: 0.4, Diff: 0.1, Sum: 2.1]
      [Update RS (ms): Min: 0.1, Avg: 0.1, Max: 0.1, Diff: 0.0, Sum: 0.6]
         [Processed Buffers: Min: 1, Avg: 2.2, Max: 4, Diff: 3, Sum: 13]
      [Scan RS (ms): Min: 0.1, Avg: 0.2, Max: 0.2, Diff: 0.0, Sum: 1.0]
      [Code Root Scanning (ms): Min: 0.0, Avg: 0.0, Max: 0.0, Diff: 0.0, Sum: 0.0]
      [Object Copy (ms): Min: 1.9, Avg: 1.9, Max: 1.9, Diff: 0.0, Sum: 11.6]
      [Termination (ms): Min: 0.0, Avg: 0.0, Max: 0.0, Diff: 0.0, Sum: 0.0]
         [Termination Attempts: Min: 1, Avg: 1.0, Max: 1, Diff: 0, Sum: 6]
      [GC Worker Other (ms): Min: 0.0, Avg: 0.1, Max: 0.2, Diff: 0.2, Sum: 0.8]
      [GC Worker Total (ms): Min: 2.6, Avg: 2.7, Max: 2.8, Diff: 0.2, Sum: 16.1]
      [GC Worker End (ms): Min: 898519.9, Avg: 898520.0, Max: 898520.1, Diff: 0.2]
   [Code Root Fixup: 0.0 ms]
   [Code Root Purge: 0.0 ms]
   [Clear CT: 0.6 ms]
   [Other: 1.2 ms]
      [Choose CSet: 0.0 ms]
      [Ref Proc: 0.1 ms]
      [Ref Enq: 0.0 ms]
      [Redirty Cards: 0.1 ms]
      [Humongous Register: 0.1 ms]
      [Humongous Reclaim: 0.0 ms]
      [Free CSet: 0.7 ms]
   [Eden: 2446.0M(2446.0M)->0.0B(2444.0M) Survivors: 10240.0K->12288.0K Heap: 2480.8M(4096.0M)->37480.8K(4096.0M)]
 [Times: user=0.00 sys=0.00, real=0.01 secs] 
2024-10-12T19:07:28.242+0300: 898.522: Total time for which application threads were stopped: 0.0051306 seconds, Stopping threads took: 0.0001497 seconds
2024-10-12T19:07:29.019+0300: 899.303: Application time: 0.7812043 seconds
2024-10-12T19:07:29.019+0300: 899.304: [GC pause (G1 Evacuation Pause) (young), 0.0038152 secs]
   [Parallel Time: 2.3 ms, GC Workers: 6]
      [GC Worker Start (ms): Min: 899303.6, Avg: 899303.7, Max: 899304.0, Diff: 0.4]
      [Ext Root Scanning (ms): Min: 0.0, Avg: 0.3, Max: 0.4, Diff: 0.4, Sum: 1.9]
      [Update RS (ms): Min: 0.1, Avg: 0.1, Max: 0.1, Diff: 0.0, Sum: 0.6]
         [Processed Buffers: Min: 1, Avg: 2.2, Max: 3, Diff: 2, Sum: 13]
      [Scan RS (ms): Min: 0.1, Avg: 0.2, Max: 0.2, Diff: 0.0, Sum: 1.0]
      [Code Root Scanning (ms): Min: 0.0, Avg: 0.0, Max: 0.0, Diff: 0.0, Sum: 0.0]
      [Object Copy (ms): Min: 1.4, Avg: 1.4, Max: 1.5, Diff: 0.1, Sum: 8.6]
