[0.008s][info][gc,init] CardTable entry size: 512
[0.008s][info][gc     ] Using Parallel
[0.018s][info][gc,init] Version: 21.0.4+7-adhoc.Administrator.jdk21u (release)
[0.018s][info][gc,init] CPUs: 6 total, 6 available
[0.018s][info][gc,init] Memory: 15591M
[0.018s][info][gc,init] Large Page Support: Disabled
[0.018s][info][gc,init] NUMA Support: Disabled
[0.018s][info][gc,init] Compressed Oops: Enabled (Zero based)
[0.018s][info][gc,init] Alignments: Space 512K, Generation 512K, Heap 2M
[0.019s][info][gc,init] Heap Min Capacity: 4G
[0.019s][info][gc,init] Heap Initial Capacity: 4G
[0.019s][info][gc,init] Heap Max Capacity: 4G
[0.021s][info][gc,init] Pre-touch: Disabled
[0.021s][info][gc,init] Parallel Workers: 6
[0.030s][info][gc,metaspace] CDS archive(s) mapped at: [0x000001d9cc000000-0x000001d9ccc90000-0x000001d9ccc90000), size 13172736, SharedBaseAddress: 0x000001d9cc000000, ArchiveRelocationMode: 1.
[0.030s][info][gc,metaspace] Compressed class space mapped at: 0x000001d9cd000000-0x000001da0d000000, reserved size: 1073741824
[0.030s][info][gc,metaspace] Narrow klass base: 0x000001d9cc000000, Narrow klass shift: 0, Narrow klass range: 0x100000000
[6.773s][info][gc,start    ] GC(0) Pause Young (Metadata GC Threshold)
[6.781s][info][gc,heap     ] GC(0) PSYoungGen: 192276K(1223168K)->19038K(1223168K) Eden: 192276K(1048576K)->0K(1048576K) From: 0K(174592K)->19038K(174592K)
[6.781s][info][gc,heap     ] GC(0) ParOldGen: 0K(2796544K)->88K(2796544K)
[6.781s][info][gc,metaspace] GC(0) Metaspace: 21255K(21504K)->21255K(21504K) NonClass: 18593K(18752K)->18593K(18752K) Class: 2661K(2752K)->2661K(2752K)
[6.781s][info][gc          ] GC(0) Pause Young (Metadata GC Threshold) 187M->18M(3925M) 8.309ms
[6.781s][info][gc,cpu      ] GC(0) User=0.00s Sys=0.00s Real=0.00s
[6.781s][info][gc,start    ] GC(1) Pause Full (Metadata GC Threshold)
[6.781s][info][gc,phases,start] GC(1) Marking Phase
[6.786s][info][gc,phases      ] GC(1) Marking Phase 4.682ms
[6.786s][info][gc,phases,start] GC(1) Summary Phase
[6.786s][info][gc,phases      ] GC(1) Summary Phase 0.016ms
[6.786s][info][gc,phases,start] GC(1) Adjust Roots
[6.788s][info][gc,phases      ] GC(1) Adjust Roots 1.986ms
[6.788s][info][gc,phases,start] GC(1) Compaction Phase
[6.794s][info][gc,phases      ] GC(1) Compaction Phase 6.100ms
[6.794s][info][gc,phases,start] GC(1) Post Compact
[6.796s][info][gc,phases      ] GC(1) Post Compact 1.394ms
[6.796s][info][gc,heap        ] GC(1) PSYoungGen: 19038K(1223168K)->0K(1223168K) Eden: 0K(1048576K)->0K(1048576K) From: 19038K(174592K)->0K(174592K)
[6.796s][info][gc,heap        ] GC(1) ParOldGen: 88K(2796544K)->18880K(2796544K)
[6.796s][info][gc,metaspace   ] GC(1) Metaspace: 21255K(21504K)->21255K(21504K) NonClass: 18593K(18752K)->18593K(18752K) Class: 2661K(2752K)->2661K(2752K)
[6.796s][info][gc             ] GC(1) Pause Full (Metadata GC Threshold) 18M->18M(3925M) 14.438ms
[6.796s][info][gc,cpu         ] GC(1) User=0.02s Sys=0.00s Real=0.02s
[7.581s][info][gc,start       ] GC(2) Pause Young (Metadata GC Threshold)
[7.584s][info][gc,heap        ] GC(2) PSYoungGen: 131073K(1223168K)->3929K(1223168K) Eden: 131073K(1048576K)->0K(1048576K) From: 0K(174592K)->3929K(174592K)
[7.584s][info][gc,heap        ] GC(2) ParOldGen: 18880K(2796544K)->18888K(2796544K)
[7.584s][info][gc,metaspace   ] GC(2) Metaspace: 35485K(35840K)->35485K(35840K) NonClass: 31068K(31232K)->31068K(31232K) Class: 4416K(4608K)->4416K(4608K)
[7.584s][info][gc             ] GC(2) Pause Young (Metadata GC Threshold) 146M->22M(3925M) 3.638ms
[7.584s][info][gc,cpu         ] GC(2) User=0.00s Sys=0.00s Real=0.00s
[7.584s][info][gc,start       ] GC(3) Pause Full (Metadata GC Threshold)
[7.584s][info][gc,phases,start] GC(3) Marking Phase
[7.592s][info][gc,phases      ] GC(3) Marking Phase 7.286ms
[7.592s][info][gc,phases,start] GC(3) Summary Phase
[7.592s][info][gc,phases      ] GC(3) Summary Phase 0.010ms
[7.592s][info][gc,phases,start] GC(3) Adjust Roots
[7.595s][info][gc,phases      ] GC(3) Adjust Roots 3.326ms
[7.595s][info][gc,phases,start] GC(3) Compaction Phase
[7.603s][info][gc,phases      ] GC(3) Compaction Phase 8.293ms
[7.603s][info][gc,phases,start] GC(3) Post Compact
[7.605s][info][gc,phases      ] GC(3) Post Compact 1.101ms
[7.605s][info][gc,heap        ] GC(3) PSYoungGen: 3929K(1223168K)->0K(1223168K) Eden: 0K(1048576K)->0K(1048576K) From: 3929K(174592K)->0K(174592K)
[7.605s][info][gc,heap        ] GC(3) ParOldGen: 18888K(2796544K)->22566K(2796544K)
[7.605s][info][gc,metaspace   ] GC(3) Metaspace: 35485K(35840K)->35485K(35840K) NonClass: 31068K(31232K)->31068K(31232K) Class: 4416K(4608K)->4416K(4608K)
[7.605s][info][gc             ] GC(3) Pause Full (Metadata GC Threshold) 22M->22M(3925M) 20.292ms
[7.605s][info][gc,cpu         ] GC(3) User=0.03s Sys=0.00s Real=0.03s
[8.725s][info][gc,start       ] GC(4) Pause Young (System.gc())
[8.729s][info][gc,heap        ] GC(4) PSYoungGen: 352336K(1223168K)->4784K(1223168K) Eden: 352336K(1048576K)->0K(1048576K) From: 0K(174592K)->4784K(174592K)
[8.729s][info][gc,heap        ] GC(4) ParOldGen: 22566K(2796544K)->22574K(2796544K)
[8.730s][info][gc,metaspace   ] GC(4) Metaspace: 54737K(55296K)->54737K(55296K) NonClass: 47858K(48192K)->47858K(48192K) Class: 6879K(7104K)->6879K(7104K)
[8.730s][info][gc             ] GC(4) Pause Young (System.gc()) 366M->26M(3925M) 4.482ms
[8.730s][info][gc,cpu         ] GC(4) User=0.02s Sys=0.00s Real=0.00s
[8.730s][info][gc,start       ] GC(5) Pause Full (System.gc())
[8.730s][info][gc,phases,start] GC(5) Marking Phase
[8.740s][info][gc,phases      ] GC(5) Marking Phase 10.791ms
[8.740s][info][gc,phases,start] GC(5) Summary Phase
[8.740s][info][gc,phases      ] GC(5) Summary Phase 0.010ms
[8.740s][info][gc,phases,start] GC(5) Adjust Roots
[8.745s][info][gc,phases      ] GC(5) Adjust Roots 4.224ms
[8.745s][info][gc,phases,start] GC(5) Compaction Phase
[8.755s][info][gc,phases      ] GC(5) Compaction Phase 10.584ms
[8.755s][info][gc,phases,start] GC(5) Post Compact
[8.756s][info][gc,phases      ] GC(5) Post Compact 1.079ms
[8.757s][info][gc,heap        ] GC(5) PSYoungGen: 4784K(1223168K)->0K(1223168K) Eden: 0K(1048576K)->0K(1048576K) From: 4784K(174592K)->0K(174592K)
[8.757s][info][gc,heap        ] GC(5) ParOldGen: 22574K(2796544K)->26942K(2796544K)
[8.757s][info][gc,metaspace   ] GC(5) Metaspace: 54737K(55296K)->54737K(55296K) NonClass: 47858K(48192K)->47858K(48192K) Class: 6879K(7104K)->6879K(7104K)
[8.757s][info][gc             ] GC(5) Pause Full (System.gc()) 26M->26M(3925M) 26.968ms
[8.757s][info][gc,cpu         ] GC(5) User=0.05s Sys=0.00s Real=0.03s
[11.079s][info][gc,start       ] GC(6) Pause Young (Metadata GC Threshold)
[11.084s][info][gc,heap        ] GC(6) PSYoungGen: 425247K(1223168K)->7193K(1223168K) Eden: 425247K(1048576K)->0K(1048576K) From: 0K(174592K)->7193K(174592K)
[11.084s][info][gc,heap        ] GC(6) ParOldGen: 26942K(2796544K)->26950K(2796544K)
[11.084s][info][gc,metaspace   ] GC(6) Metaspace: 91335K(92160K)->91335K(92160K) NonClass: 81619K(82048K)->81619K(82048K) Class: 9715K(10112K)->9715K(10112K)
[11.084s][info][gc             ] GC(6) Pause Young (Metadata GC Threshold) 441M->33M(3925M) 4.550ms
[11.084s][info][gc,cpu         ] GC(6) User=0.00s Sys=0.00s Real=0.00s
[11.084s][info][gc,start       ] GC(7) Pause Full (Metadata GC Threshold)
[11.084s][info][gc,phases,start] GC(7) Marking Phase
[11.103s][info][gc,phases      ] GC(7) Marking Phase 19.419ms
[11.103s][info][gc,phases,start] GC(7) Summary Phase
[11.103s][info][gc,phases      ] GC(7) Summary Phase 0.011ms
[11.103s][info][gc,phases,start] GC(7) Adjust Roots
[11.109s][info][gc,phases      ] GC(7) Adjust Roots 5.631ms
[11.109s][info][gc,phases,start] GC(7) Compaction Phase
[11.118s][info][gc,phases      ] GC(7) Compaction Phase 8.870ms
[11.118s][info][gc,phases,start] GC(7) Post Compact
[11.119s][info][gc,phases      ] GC(7) Post Compact 1.347ms
[11.119s][info][gc,heap        ] GC(7) PSYoungGen: 7193K(1223168K)->0K(1223168K) Eden: 0K(1048576K)->0K(1048576K) From: 7193K(174592K)->0K(174592K)
[11.119s][info][gc,heap        ] GC(7) ParOldGen: 26950K(2796544K)->33685K(2796544K)
[11.120s][info][gc,metaspace   ] GC(7) Metaspace: 91335K(92160K)->91316K(92160K) NonClass: 81619K(82048K)->81605K(82048K) Class: 9715K(10112K)->9710K(10112K)
[11.120s][info][gc             ] GC(7) Pause Full (Metadata GC Threshold) 33M->32M(3925M) 35.653ms
[11.120s][info][gc,cpu         ] GC(7) User=0.00s Sys=0.00s Real=0.03s
[11.892s][info][gc,start       ] GC(8) Pause Young (Allocation Failure)
[11.893s][info][gc,heap        ] GC(8) PSYoungGen: 1046586K(1223168K)->1070K(1223168K) Eden: 1046586K(1048576K)->0K(1048576K) From: 0K(174592K)->1070K(174592K)
[11.893s][info][gc,heap        ] GC(8) ParOldGen: 33685K(2796544K)->33693K(2796544K)
[11.893s][info][gc,metaspace   ] GC(8) Metaspace: 91796K(92608K)->91796K(92608K) NonClass: 82032K(82432K)->82032K(82432K) Class: 9764K(10176K)->9764K(10176K)
[11.893s][info][gc             ] GC(8) Pause Young (Allocation Failure) 1054M->33M(3925M) 1.091ms
[11.893s][info][gc,cpu         ] GC(8) User=0.00s Sys=0.00s Real=0.00s
[12.046s][info][gc,start       ] GC(9) Pause Young (System.gc())
[12.047s][info][gc,heap        ] GC(9) PSYoungGen: 337209K(1223168K)->873K(1223168K) Eden: 336138K(1048576K)->0K(1048576K) From: 1070K(174592K)->873K(174592K)
[12.047s][info][gc,heap        ] GC(9) ParOldGen: 33693K(2796544K)->33701K(2796544K)
[12.047s][info][gc,metaspace   ] GC(9) Metaspace: 92122K(92928K)->92122K(92928K) NonClass: 82313K(82752K)->82313K(82752K) Class: 9808K(10176K)->9808K(10176K)
[12.047s][info][gc             ] GC(9) Pause Young (System.gc()) 362M->33M(3925M) 1.184ms
[12.047s][info][gc,cpu         ] GC(9) User=0.00s Sys=0.00s Real=0.00s
[12.047s][info][gc,start       ] GC(10) Pause Full (System.gc())
[12.047s][info][gc,phases,start] GC(10) Marking Phase
[12.064s][info][gc,phases      ] GC(10) Marking Phase 16.501ms
[12.064s][info][gc,phases,start] GC(10) Summary Phase
[12.064s][info][gc,phases      ] GC(10) Summary Phase 0.010ms
[12.064s][info][gc,phases,start] GC(10) Adjust Roots
[12.070s][info][gc,phases      ] GC(10) Adjust Roots 6.296ms
[12.070s][info][gc,phases,start] GC(10) Compaction Phase
[12.078s][info][gc,phases      ] GC(10) Compaction Phase 8.195ms
[12.078s][info][gc,phases,start] GC(10) Post Compact
[12.079s][info][gc,phases      ] GC(10) Post Compact 0.960ms
[12.079s][info][gc,heap        ] GC(10) PSYoungGen: 873K(1223168K)->0K(1223168K) Eden: 0K(1048576K)->0K(1048576K) From: 873K(174592K)->0K(174592K)
[12.079s][info][gc,heap        ] GC(10) ParOldGen: 33701K(2796544K)->33321K(2796544K)
[12.079s][info][gc,metaspace   ] GC(10) Metaspace: 92122K(92928K)->92122K(92928K) NonClass: 82313K(82752K)->82313K(82752K) Class: 9808K(10176K)->9808K(10176K)
[12.079s][info][gc             ] GC(10) Pause Full (System.gc()) 33M->32M(3925M) 32.270ms
[12.079s][info][gc,cpu         ] GC(10) User=0.02s Sys=0.00s Real=0.03s
[12.720s][info][gc,start       ] GC(11) Pause Young (Allocation Failure)
[12.722s][info][gc,heap        ] GC(11) PSYoungGen: 1048576K(1223168K)->1880K(1223168K) Eden: 1048576K(1048576K)->0K(1048576K) From: 0K(174592K)->1880K(174592K)
[12.722s][info][gc,heap        ] GC(11) ParOldGen: 33321K(2796544K)->33329K(2796544K)
[12.722s][info][gc,metaspace   ] GC(11) Metaspace: 92496K(93312K)->92496K(93312K) NonClass: 82680K(83136K)->82680K(83136K) Class: 9815K(10176K)->9815K(10176K)
[12.722s][info][gc             ] GC(11) Pause Young (Allocation Failure) 1056M->34M(3925M) 1.721ms
[12.722s][info][gc,cpu         ] GC(11) User=0.00s Sys=0.00s Real=0.00s
[12.866s][info][gc,start       ] GC(12) Pause Young (System.gc())
[12.868s][info][gc,heap        ] GC(12) PSYoungGen: 332825K(1223168K)->642K(1379840K) Eden: 330944K(1048576K)->0K(1361920K) From: 1880K(174592K)->642K(17920K)
[12.868s][info][gc,heap        ] GC(12) ParOldGen: 33329K(2796544K)->33337K(2796544K)
[12.868s][info][gc,metaspace   ] GC(12) Metaspace: 92603K(93440K)->92603K(93440K) NonClass: 82785K(83200K)->82785K(83200K) Class: 9818K(10240K)->9818K(10240K)
[12.868s][info][gc             ] GC(12) Pause Young (System.gc()) 357M->33M(4078M) 1.236ms
[12.868s][info][gc,cpu         ] GC(12) User=0.00s Sys=0.00s Real=0.00s
[12.868s][info][gc,start       ] GC(13) Pause Full (System.gc())
[12.868s][info][gc,phases,start] GC(13) Marking Phase
[12.887s][info][gc,phases      ] GC(13) Marking Phase 19.340ms
[12.887s][info][gc,phases,start] GC(13) Summary Phase
[12.887s][info][gc,phases      ] GC(13) Summary Phase 0.009ms
[12.887s][info][gc,phases,start] GC(13) Adjust Roots
[12.893s][info][gc,phases      ] GC(13) Adjust Roots 5.790ms
[12.893s][info][gc,phases,start] GC(13) Compaction Phase
[12.899s][info][gc,phases      ] GC(13) Compaction Phase 6.344ms
[12.899s][info][gc,phases,start] GC(13) Post Compact
[12.900s][info][gc,phases      ] GC(13) Post Compact 0.874ms
[12.900s][info][gc,heap        ] GC(13) PSYoungGen: 642K(1379840K)->0K(1379840K) Eden: 0K(1361920K)->0K(1361920K) From: 642K(17920K)->0K(17920K)
[12.900s][info][gc,heap        ] GC(13) ParOldGen: 33337K(2796544K)->33607K(2796544K)
[12.900s][info][gc,metaspace   ] GC(13) Metaspace: 92603K(93440K)->92603K(93440K) NonClass: 82785K(83200K)->82785K(83200K) Class: 9818K(10240K)->9818K(10240K)
[12.900s][info][gc             ] GC(13) Pause Full (System.gc()) 33M->32M(4078M) 32.674ms
[12.900s][info][gc,cpu         ] GC(13) User=0.03s Sys=0.00s Real=0.03s
[13.658s][info][gc,start       ] GC(14) Pause Young (System.gc())
[13.659s][info][gc,heap        ] GC(14) PSYoungGen: 1285530K(1379840K)->1127K(1379840K) Eden: 1285530K(1361920K)->0K(1361920K) From: 0K(17920K)->1127K(17920K)
[13.659s][info][gc,heap        ] GC(14) ParOldGen: 33607K(2796544K)->33615K(2796544K)
[13.659s][info][gc,metaspace   ] GC(14) Metaspace: 92960K(93824K)->92960K(93824K) NonClass: 83137K(83584K)->83137K(83584K) Class: 9822K(10240K)->9822K(10240K)
[13.659s][info][gc             ] GC(14) Pause Young (System.gc()) 1288M->33M(4078M) 1.209ms
[13.659s][info][gc,cpu         ] GC(14) User=0.00s Sys=0.00s Real=0.00s
[13.659s][info][gc,start       ] GC(15) Pause Full (System.gc())
[13.659s][info][gc,phases,start] GC(15) Marking Phase
[13.676s][info][gc,phases      ] GC(15) Marking Phase 16.728ms
[13.676s][info][gc,phases,start] GC(15) Summary Phase
[13.676s][info][gc,phases      ] GC(15) Summary Phase 0.009ms
[13.676s][info][gc,phases,start] GC(15) Adjust Roots
[13.682s][info][gc,phases      ] GC(15) Adjust Roots 6.018ms
[13.682s][info][gc,phases,start] GC(15) Compaction Phase
[13.688s][info][gc,phases      ] GC(15) Compaction Phase 6.261ms
[13.688s][info][gc,phases,start] GC(15) Post Compact
[13.689s][info][gc,phases      ] GC(15) Post Compact 0.656ms
[13.689s][info][gc,heap        ] GC(15) PSYoungGen: 1127K(1379840K)->0K(1379840K) Eden: 0K(1361920K)->0K(1361920K) From: 1127K(17920K)->0K(17920K)
[13.689s][info][gc,heap        ] GC(15) ParOldGen: 33615K(2796544K)->34347K(2796544K)
[13.689s][info][gc,metaspace   ] GC(15) Metaspace: 92960K(93824K)->92960K(93824K) NonClass: 83137K(83584K)->83137K(83584K) Class: 9822K(10240K)->9822K(10240K)
[13.689s][info][gc             ] GC(15) Pause Full (System.gc()) 33M->33M(4078M) 29.956ms
[13.689s][info][gc,cpu         ] GC(15) User=0.02s Sys=0.00s Real=0.03s
[14.396s][info][gc,start       ] GC(16) Pause Young (System.gc())
[14.397s][info][gc,heap        ] GC(16) PSYoungGen: 1271029K(1379840K)->1167K(1381376K) Eden: 1271029K(1361920K)->0K(1364480K) From: 0K(17920K)->1167K(16896K)
[14.397s][info][gc,heap        ] GC(16) ParOldGen: 34347K(2796544K)->34355K(2796544K)
[14.397s][info][gc,metaspace   ] GC(16) Metaspace: 93301K(94144K)->93301K(94144K) NonClass: 83470K(83904K)->83470K(83904K) Class: 9830K(10240K)->9830K(10240K)
[14.397s][info][gc             ] GC(16) Pause Young (System.gc()) 1274M->34M(4080M) 1.020ms
[14.397s][info][gc,cpu         ] GC(16) User=0.00s Sys=0.00s Real=0.00s
[14.397s][info][gc,start       ] GC(17) Pause Full (System.gc())
[14.397s][info][gc,phases,start] GC(17) Marking Phase
[14.414s][info][gc,phases      ] GC(17) Marking Phase 17.756ms
[14.415s][info][gc,phases,start] GC(17) Summary Phase
[14.415s][info][gc,phases      ] GC(17) Summary Phase 0.009ms
[14.415s][info][gc,phases,start] GC(17) Adjust Roots
[14.421s][info][gc,phases      ] GC(17) Adjust Roots 6.375ms
[14.421s][info][gc,phases,start] GC(17) Compaction Phase
[14.428s][info][gc,phases      ] GC(17) Compaction Phase 6.991ms
[14.428s][info][gc,phases,start] GC(17) Post Compact
[14.429s][info][gc,phases      ] GC(17) Post Compact 0.821ms
[14.429s][info][gc,heap        ] GC(17) PSYoungGen: 1167K(1381376K)->0K(1381376K) Eden: 0K(1364480K)->0K(1364480K) From: 1167K(16896K)->0K(16896K)
[14.429s][info][gc,heap        ] GC(17) ParOldGen: 34355K(2796544K)->34599K(2796544K)
[14.429s][info][gc,metaspace   ] GC(17) Metaspace: 93301K(94144K)->93301K(94144K) NonClass: 83470K(83904K)->83470K(83904K) Class: 9830K(10240K)->9830K(10240K)
[14.429s][info][gc             ] GC(17) Pause Full (System.gc()) 34M->33M(4080M) 32.271ms
[14.429s][info][gc,cpu         ] GC(17) User=0.02s Sys=0.00s Real=0.03s
[15.095s][info][gc,start       ] GC(18) Pause Young (System.gc())
[15.096s][info][gc,heap        ] GC(18) PSYoungGen: 1226713K(1381376K)->1135K(1380864K) Eden: 1226713K(1364480K)->0K(1364480K) From: 0K(16896K)->1135K(16384K)
[15.096s][info][gc,heap        ] GC(18) ParOldGen: 34599K(2796544K)->34607K(2796544K)
[15.096s][info][gc,metaspace   ] GC(18) Metaspace: 93499K(94400K)->93499K(94400K) NonClass: 83662K(84160K)->83662K(84160K) Class: 9837K(10240K)->9837K(10240K)
[15.096s][info][gc             ] GC(18) Pause Young (System.gc()) 1231M->34M(4079M) 0.930ms
[15.096s][info][gc,cpu         ] GC(18) User=0.00s Sys=0.00s Real=0.00s
[15.096s][info][gc,start       ] GC(19) Pause Full (System.gc())
[15.096s][info][gc,phases,start] GC(19) Marking Phase
[15.114s][info][gc,phases      ] GC(19) Marking Phase 18.270ms
[15.114s][info][gc,phases,start] GC(19) Summary Phase
[15.114s][info][gc,phases      ] GC(19) Summary Phase 0.009ms
[15.114s][info][gc,phases,start] GC(19) Adjust Roots
[15.121s][info][gc,phases      ] GC(19) Adjust Roots 7.100ms
[15.121s][info][gc,phases,start] GC(19) Compaction Phase
[15.128s][info][gc,phases      ] GC(19) Compaction Phase 6.220ms
[15.128s][info][gc,phases,start] GC(19) Post Compact
[15.128s][info][gc,phases      ] GC(19) Post Compact 0.905ms
[15.129s][info][gc,heap        ] GC(19) PSYoungGen: 1135K(1380864K)->0K(1380864K) Eden: 0K(1364480K)->0K(1364480K) From: 1135K(16384K)->0K(16384K)
[15.129s][info][gc,heap        ] GC(19) ParOldGen: 34607K(2796544K)->34818K(2796544K)
[15.129s][info][gc,metaspace   ] GC(19) Metaspace: 93499K(94400K)->93499K(94400K) NonClass: 83662K(84160K)->83662K(84160K) Class: 9837K(10240K)->9837K(10240K)
[15.129s][info][gc             ] GC(19) Pause Full (System.gc()) 34M->34M(4079M) 32.840ms
[15.129s][info][gc,cpu         ] GC(19) User=0.02s Sys=0.00s Real=0.03s
[15.781s][info][gc,start       ] GC(20) Pause Young (System.gc())
[15.782s][info][gc,heap        ] GC(20) PSYoungGen: 1201585K(1380864K)->1191K(1382912K) Eden: 1201585K(1364480K)->0K(1367040K) From: 0K(16384K)->1191K(15872K)
[15.782s][info][gc,heap        ] GC(20) ParOldGen: 34818K(2796544K)->34826K(2796544K)
[15.782s][info][gc,metaspace   ] GC(20) Metaspace: 93763K(94656K)->93763K(94656K) NonClass: 83922K(84416K)->83922K(84416K) Class: 9841K(10240K)->9841K(10240K)
[15.782s][info][gc             ] GC(20) Pause Young (System.gc()) 1207M->35M(4081M) 1.454ms
[15.782s][info][gc,cpu         ] GC(20) User=0.00s Sys=0.00s Real=0.00s
[15.783s][info][gc,start       ] GC(21) Pause Full (System.gc())
[15.783s][info][gc,phases,start] GC(21) Marking Phase
[15.802s][info][gc,phases      ] GC(21) Marking Phase 19.181ms
[15.802s][info][gc,phases,start] GC(21) Summary Phase
[15.802s][info][gc,phases      ] GC(21) Summary Phase 0.010ms
[15.802s][info][gc,phases,start] GC(21) Adjust Roots
[15.809s][info][gc,phases      ] GC(21) Adjust Roots 6.920ms
[15.809s][info][gc,phases,start] GC(21) Compaction Phase
[15.815s][info][gc,phases      ] GC(21) Compaction Phase 6.333ms
[15.815s][info][gc,phases,start] GC(21) Post Compact
[15.816s][info][gc,phases      ] GC(21) Post Compact 0.733ms
[15.816s][info][gc,heap        ] GC(21) PSYoungGen: 1191K(1382912K)->0K(1382912K) Eden: 0K(1367040K)->0K(1367040K) From: 1191K(15872K)->0K(15872K)
[15.816s][info][gc,heap        ] GC(21) ParOldGen: 34826K(2796544K)->34938K(2796544K)
[15.816s][info][gc,metaspace   ] GC(21) Metaspace: 93763K(94656K)->93763K(94656K) NonClass: 83922K(84416K)->83922K(84416K) Class: 9841K(10240K)->9841K(10240K)
[15.816s][info][gc             ] GC(21) Pause Full (System.gc()) 35M->34M(4081M) 33.508ms
[15.816s][info][gc,cpu         ] GC(21) User=0.02s Sys=0.00s Real=0.03s
[16.459s][info][gc,start       ] GC(22) Pause Young (System.gc())
[16.460s][info][gc,heap        ] GC(22) PSYoungGen: 1213448K(1382912K)->1127K(1381888K) Eden: 1213448K(1367040K)->0K(1367040K) From: 0K(15872K)->1127K(14848K)
[16.460s][info][gc,heap        ] GC(22) ParOldGen: 34938K(2796544K)->34946K(2796544K)
[16.461s][info][gc,metaspace   ] GC(22) Metaspace: 93881K(94720K)->93881K(94720K) NonClass: 84040K(84480K)->84040K(84480K) Class: 9841K(10240K)->9841K(10240K)
[16.461s][info][gc             ] GC(22) Pause Young (System.gc()) 1219M->35M(4080M) 1.203ms
[16.461s][info][gc,cpu         ] GC(22) User=0.00s Sys=0.00s Real=0.00s
[16.461s][info][gc,start       ] GC(23) Pause Full (System.gc())
[16.461s][info][gc,phases,start] GC(23) Marking Phase
[16.480s][info][gc,phases      ] GC(23) Marking Phase 19.528ms
[16.480s][info][gc,phases,start] GC(23) Summary Phase
[16.480s][info][gc,phases      ] GC(23) Summary Phase 0.013ms
[16.480s][info][gc,phases,start] GC(23) Adjust Roots
[16.487s][info][gc,phases      ] GC(23) Adjust Roots 6.886ms
[16.487s][info][gc,phases,start] GC(23) Compaction Phase
[16.493s][info][gc,phases      ] GC(23) Compaction Phase 6.207ms
[16.493s][info][gc,phases,start] GC(23) Post Compact
[16.494s][info][gc,phases      ] GC(23) Post Compact 0.771ms
[16.494s][info][gc,heap        ] GC(23) PSYoungGen: 1127K(1381888K)->0K(1381888K) Eden: 0K(1367040K)->0K(1367040K) From: 1127K(14848K)->0K(14848K)
[16.494s][info][gc,heap        ] GC(23) ParOldGen: 34946K(2796544K)->35049K(2796544K)
[16.494s][info][gc,metaspace   ] GC(23) Metaspace: 93881K(94720K)->93881K(94720K) NonClass: 84040K(84480K)->84040K(84480K) Class: 9841K(10240K)->9841K(10240K)
[16.494s][info][gc             ] GC(23) Pause Full (System.gc()) 35M->34M(4080M) 33.699ms
[16.494s][info][gc,cpu         ] GC(23) User=0.02s Sys=0.00s Real=0.03s
[17.125s][info][gc,start       ] GC(24) Pause Young (System.gc())
[17.126s][info][gc,heap        ] GC(24) PSYoungGen: 1182782K(1381888K)->1127K(1383936K) Eden: 1182782K(1367040K)->0K(1369600K) From: 0K(14848K)->1127K(14336K)
[17.126s][info][gc,heap        ] GC(24) ParOldGen: 35049K(2796544K)->35057K(2796544K)
[17.126s][info][gc,metaspace   ] GC(24) Metaspace: 94189K(95104K)->94189K(95104K) NonClass: 84347K(84864K)->84347K(84864K) Class: 9842K(10240K)->9842K(10240K)
[17.126s][info][gc             ] GC(24) Pause Young (System.gc()) 1189M->35M(4082M) 0.983ms
[17.126s][info][gc,cpu         ] GC(24) User=0.00s Sys=0.00s Real=0.00s
[17.126s][info][gc,start       ] GC(25) Pause Full (System.gc())
[17.126s][info][gc,phases,start] GC(25) Marking Phase
[17.146s][info][gc,phases      ] GC(25) Marking Phase 19.385ms
[17.146s][info][gc,phases,start] GC(25) Summary Phase
[17.146s][info][gc,phases      ] GC(25) Summary Phase 0.009ms
[17.146s][info][gc,phases,start] GC(25) Adjust Roots
[17.153s][info][gc,phases      ] GC(25) Adjust Roots 7.013ms
[17.153s][info][gc,phases,start] GC(25) Compaction Phase
[17.159s][info][gc,phases      ] GC(25) Compaction Phase 6.355ms
[17.159s][info][gc,phases,start] GC(25) Post Compact
[17.160s][info][gc,phases      ] GC(25) Post Compact 0.855ms
[17.160s][info][gc,heap        ] GC(25) PSYoungGen: 1127K(1383936K)->0K(1383936K) Eden: 0K(1369600K)->0K(1369600K) From: 1127K(14336K)->0K(14336K)
[17.160s][info][gc,heap        ] GC(25) ParOldGen: 35057K(2796544K)->35163K(2796544K)
[17.160s][info][gc,metaspace   ] GC(25) Metaspace: 94189K(95104K)->94189K(95104K) NonClass: 84347K(84864K)->84347K(84864K) Class: 9842K(10240K)->9842K(10240K)
[17.160s][info][gc             ] GC(25) Pause Full (System.gc()) 35M->34M(4082M) 33.966ms
[17.160s][info][gc,cpu         ] GC(25) User=0.02s Sys=0.00s Real=0.03s
[17.778s][info][gc,start       ] GC(26) Pause Young (System.gc())
[17.779s][info][gc,heap        ] GC(26) PSYoungGen: 1189448K(1383936K)->1127K(1383424K) Eden: 1189448K(1369600K)->0K(1369600K) From: 0K(14336K)->1127K(13824K)
[17.779s][info][gc,heap        ] GC(26) ParOldGen: 35163K(2796544K)->35171K(2796544K)
[17.779s][info][gc,metaspace   ] GC(26) Metaspace: 94251K(95104K)->94251K(95104K) NonClass: 84408K(84864K)->84408K(84864K) Class: 9843K(10240K)->9843K(10240K)
[17.779s][info][gc             ] GC(26) Pause Young (System.gc()) 1195M->35M(4082M) 0.977ms
[17.779s][info][gc,cpu         ] GC(26) User=0.00s Sys=0.00s Real=0.00s
[17.779s][info][gc,start       ] GC(27) Pause Full (System.gc())
[17.779s][info][gc,phases,start] GC(27) Marking Phase
[17.797s][info][gc,phases      ] GC(27) Marking Phase 18.472ms
[17.797s][info][gc,phases,start] GC(27) Summary Phase
[17.797s][info][gc,phases      ] GC(27) Summary Phase 0.009ms
[17.797s][info][gc,phases,start] GC(27) Adjust Roots
[17.805s][info][gc,phases      ] GC(27) Adjust Roots 7.298ms
[17.805s][info][gc,phases,start] GC(27) Compaction Phase
[17.811s][info][gc,phases      ] GC(27) Compaction Phase 6.498ms
[17.811s][info][gc,phases,start] GC(27) Post Compact
[17.812s][info][gc,phases      ] GC(27) Post Compact 0.818ms
[17.812s][info][gc,heap        ] GC(27) PSYoungGen: 1127K(1383424K)->0K(1383424K) Eden: 0K(1369600K)->0K(1369600K) From: 1127K(13824K)->0K(13824K)
[17.812s][info][gc,heap        ] GC(27) ParOldGen: 35171K(2796544K)->35276K(2796544K)
[17.812s][info][gc,metaspace   ] GC(27) Metaspace: 94251K(95104K)->94251K(95104K) NonClass: 84408K(84864K)->84408K(84864K) Class: 9843K(10240K)->9843K(10240K)
[17.812s][info][gc             ] GC(27) Pause Full (System.gc()) 35M->34M(4082M) 33.404ms
[17.812s][info][gc,cpu         ] GC(27) User=0.02s Sys=0.00s Real=0.03s
[18.427s][info][gc,start       ] GC(28) Pause Young (System.gc())
[18.428s][info][gc,heap        ] GC(28) PSYoungGen: 1178179K(1383424K)->1087K(1385472K) Eden: 1178179K(1369600K)->0K(1372672K) From: 0K(13824K)->1087K(12800K)
[18.428s][info][gc,heap        ] GC(28) ParOldGen: 35276K(2796544K)->35284K(2796544K)
[18.428s][info][gc,metaspace   ] GC(28) Metaspace: 94387K(95232K)->94387K(95232K) NonClass: 84544K(84992K)->84544K(84992K) Class: 9843K(10240K)->9843K(10240K)
[18.428s][info][gc             ] GC(28) Pause Young (System.gc()) 1185M->35M(4084M) 1.217ms
[18.428s][info][gc,cpu         ] GC(28) User=0.00s Sys=0.00s Real=0.00s
[18.428s][info][gc,start       ] GC(29) Pause Full (System.gc())
[18.428s][info][gc,phases,start] GC(29) Marking Phase
[18.448s][info][gc,phases      ] GC(29) Marking Phase 19.915ms
[18.448s][info][gc,phases,start] GC(29) Summary Phase
[18.448s][info][gc,phases      ] GC(29) Summary Phase 0.009ms
[18.448s][info][gc,phases,start] GC(29) Adjust Roots
[18.457s][info][gc,phases      ] GC(29) Adjust Roots 8.411ms
[18.457s][info][gc,phases,start] GC(29) Compaction Phase
[18.463s][info][gc,phases      ] GC(29) Compaction Phase 6.268ms
[18.463s][info][gc,phases,start] GC(29) Post Compact
[18.464s][info][gc,phases      ] GC(29) Post Compact 0.886ms
[18.464s][info][gc,heap        ] GC(29) PSYoungGen: 1087K(1385472K)->0K(1385472K) Eden: 0K(1372672K)->0K(1372672K) From: 1087K(12800K)->0K(12800K)
[18.464s][info][gc,heap        ] GC(29) ParOldGen: 35284K(2796544K)->35385K(2796544K)
[18.464s][info][gc,metaspace   ] GC(29) Metaspace: 94387K(95232K)->94387K(95232K) NonClass: 84544K(84992K)->84544K(84992K) Class: 9843K(10240K)->9843K(10240K)
[18.464s][info][gc             ] GC(29) Pause Full (System.gc()) 35M->34M(4084M) 35.774ms
[18.464s][info][gc,cpu         ] GC(29) User=0.02s Sys=0.00s Real=0.03s
[19.073s][info][gc,start       ] GC(30) Pause Young (System.gc())
[19.074s][info][gc,heap        ] GC(30) PSYoungGen: 1186000K(1385472K)->1127K(1384960K) Eden: 1186000K(1372672K)->0K(1372672K) From: 0K(12800K)->1127K(12288K)
[19.074s][info][gc,heap        ] GC(30) ParOldGen: 35385K(2796544K)->35393K(2796544K)
[19.074s][info][gc,metaspace   ] GC(30) Metaspace: 94509K(95360K)->94509K(95360K) NonClass: 84666K(85120K)->84666K(85120K) Class: 9843K(10240K)->9843K(10240K)
[19.074s][info][gc             ] GC(30) Pause Young (System.gc()) 1192M->35M(4083M) 0.995ms
[19.074s][info][gc,cpu         ] GC(30) User=0.00s Sys=0.00s Real=0.00s
[19.074s][info][gc,start       ] GC(31) Pause Full (System.gc())
[19.074s][info][gc,phases,start] GC(31) Marking Phase
[19.093s][info][gc,phases      ] GC(31) Marking Phase 18.814ms
[19.093s][info][gc,phases,start] GC(31) Summary Phase
[19.093s][info][gc,phases      ] GC(31) Summary Phase 0.009ms
[19.093s][info][gc,phases,start] GC(31) Adjust Roots
[19.101s][info][gc,phases      ] GC(31) Adjust Roots 7.716ms
[19.101s][info][gc,phases,start] GC(31) Compaction Phase
[19.106s][info][gc,phases      ] GC(31) Compaction Phase 5.099ms
[19.106s][info][gc,phases,start] GC(31) Post Compact
[19.107s][info][gc,phases      ] GC(31) Post Compact 0.781ms
[19.107s][info][gc,heap        ] GC(31) PSYoungGen: 1127K(1384960K)->0K(1384960K) Eden: 0K(1372672K)->0K(1372672K) From: 1127K(12288K)->0K(12288K)
[19.107s][info][gc,heap        ] GC(31) ParOldGen: 35393K(2796544K)->35513K(2796544K)
[19.107s][info][gc,metaspace   ] GC(31) Metaspace: 94509K(95360K)->94509K(95360K) NonClass: 84666K(85120K)->84666K(85120K) Class: 9843K(10240K)->9843K(10240K)
[19.107s][info][gc             ] GC(31) Pause Full (System.gc()) 35M->34M(4083M) 32.688ms
[19.107s][info][gc,cpu         ] GC(31) User=0.02s Sys=0.00s Real=0.03s
[19.715s][info][gc,start       ] GC(32) Pause Young (System.gc())
[19.716s][info][gc,heap        ] GC(32) PSYoungGen: 1180944K(1384960K)->1135K(1386496K) Eden: 1180944K(1372672K)->0K(1374720K) From: 0K(12288K)->1135K(11776K)
[19.716s][info][gc,heap        ] GC(32) ParOldGen: 35513K(2796544K)->35521K(2796544K)
[19.716s][info][gc,metaspace   ] GC(32) Metaspace: 94622K(95424K)->94622K(95424K) NonClass: 84778K(85184K)->84778K(85184K) Class: 9843K(10240K)->9843K(10240K)
[19.716s][info][gc             ] GC(32) Pause Young (System.gc()) 1187M->35M(4085M) 1.361ms
[19.716s][info][gc,cpu         ] GC(32) User=0.00s Sys=0.00s Real=0.00s
[19.716s][info][gc,start       ] GC(33) Pause Full (System.gc())
[19.716s][info][gc,phases,start] GC(33) Marking Phase
[19.736s][info][gc,phases      ] GC(33) Marking Phase 19.414ms
[19.736s][info][gc,phases,start] GC(33) Summary Phase
[19.736s][info][gc,phases      ] GC(33) Summary Phase 0.009ms
[19.736s][info][gc,phases,start] GC(33) Adjust Roots
[19.744s][info][gc,phases      ] GC(33) Adjust Roots 7.953ms
[19.744s][info][gc,phases,start] GC(33) Compaction Phase
[19.749s][info][gc,phases      ] GC(33) Compaction Phase 5.038ms
[19.749s][info][gc,phases,start] GC(33) Post Compact
[19.749s][info][gc,phases      ] GC(33) Post Compact 0.774ms
[19.750s][info][gc,heap        ] GC(33) PSYoungGen: 1135K(1386496K)->0K(1386496K) Eden: 0K(1374720K)->0K(1374720K) From: 1135K(11776K)->0K(11776K)
[19.750s][info][gc,heap        ] GC(33) ParOldGen: 35521K(2796544K)->35621K(2796544K)
[19.750s][info][gc,metaspace   ] GC(33) Metaspace: 94622K(95424K)->94622K(95424K) NonClass: 84778K(85184K)->84778K(85184K) Class: 9843K(10240K)->9843K(10240K)
[19.750s][info][gc             ] GC(33) Pause Full (System.gc()) 35M->34M(4085M) 33.459ms
[19.750s][info][gc,cpu         ] GC(33) User=0.00s Sys=0.00s Real=0.03s
[20.353s][info][gc,start       ] GC(34) Pause Young (System.gc())
[20.353s][info][gc,heap        ] GC(34) PSYoungGen: 1177276K(1386496K)->1137K(1385984K) Eden: 1177276K(1374720K)->0K(1374720K) From: 0K(11776K)->1137K(11264K)
[20.353s][info][gc,heap        ] GC(34) ParOldGen: 35621K(2796544K)->35629K(2796544K)
[20.353s][info][gc,metaspace   ] GC(34) Metaspace: 94665K(95488K)->94665K(95488K) NonClass: 84821K(85248K)->84821K(85248K) Class: 9843K(10240K)->9843K(10240K)
[20.353s][info][gc             ] GC(34) Pause Young (System.gc()) 1184M->35M(4084M) 0.946ms
[20.354s][info][gc,cpu         ] GC(34) User=0.00s Sys=0.00s Real=0.00s
[20.354s][info][gc,start       ] GC(35) Pause Full (System.gc())
[20.354s][info][gc,phases,start] GC(35) Marking Phase
[20.375s][info][gc,phases      ] GC(35) Marking Phase 21.176ms
[20.375s][info][gc,phases,start] GC(35) Summary Phase
[20.375s][info][gc,phases      ] GC(35) Summary Phase 0.009ms
[20.375s][info][gc,phases,start] GC(35) Adjust Roots
[20.383s][info][gc,phases      ] GC(35) Adjust Roots 7.961ms
[20.383s][info][gc,phases,start] GC(35) Compaction Phase
[20.390s][info][gc,phases      ] GC(35) Compaction Phase 7.012ms
[20.390s][info][gc,phases,start] GC(35) Post Compact
[20.391s][info][gc,phases      ] GC(35) Post Compact 0.938ms
[20.391s][info][gc,heap        ] GC(35) PSYoungGen: 1137K(1385984K)->0K(1385984K) Eden: 0K(1374720K)->0K(1374720K) From: 1137K(11264K)->0K(11264K)
[20.391s][info][gc,heap        ] GC(35) ParOldGen: 35629K(2796544K)->35725K(2796544K)
[20.391s][info][gc,metaspace   ] GC(35) Metaspace: 94665K(95488K)->94665K(95488K) NonClass: 84821K(85248K)->84821K(85248K) Class: 9843K(10240K)->9843K(10240K)
[20.391s][info][gc             ] GC(35) Pause Full (System.gc()) 35M->34M(4084M) 37.393ms
[20.391s][info][gc,cpu         ] GC(35) User=0.02s Sys=0.00s Real=0.03s
[20.991s][info][gc,start       ] GC(36) Pause Young (System.gc())
[20.992s][info][gc,heap        ] GC(36) PSYoungGen: 1182541K(1385984K)->1095K(1388032K) Eden: 1182541K(1374720K)->0K(1377792K) From: 0K(11264K)->1095K(10240K)
[20.992s][info][gc,heap        ] GC(36) ParOldGen: 35725K(2796544K)->35733K(2796544K)
[20.992s][info][gc,metaspace   ] GC(36) Metaspace: 94719K(95616K)->94719K(95616K) NonClass: 84876K(85376K)->84876K(85376K) Class: 9843K(10240K)->9843K(10240K)
[20.992s][info][gc             ] GC(36) Pause Young (System.gc()) 1189M->35M(4086M) 1.070ms
[20.992s][info][gc,cpu         ] GC(36) User=0.00s Sys=0.00s Real=0.00s
[20.992s][info][gc,start       ] GC(37) Pause Full (System.gc())
[20.992s][info][gc,phases,start] GC(37) Marking Phase
[21.011s][info][gc,phases      ] GC(37) Marking Phase 19.156ms
[21.011s][info][gc,phases,start] GC(37) Summary Phase
[21.011s][info][gc,phases      ] GC(37) Summary Phase 0.009ms
[21.011s][info][gc,phases,start] GC(37) Adjust Roots
[21.019s][info][gc,phases      ] GC(37) Adjust Roots 7.594ms
[21.019s][info][gc,phases,start] GC(37) Compaction Phase
[21.024s][info][gc,phases      ] GC(37) Compaction Phase 5.066ms
[21.024s][info][gc,phases,start] GC(37) Post Compact
[21.025s][info][gc,phases      ] GC(37) Post Compact 0.850ms
[21.025s][info][gc,heap        ] GC(37) PSYoungGen: 1095K(1388032K)->0K(1388032K) Eden: 0K(1377792K)->0K(1377792K) From: 1095K(10240K)->0K(10240K)
[21.025s][info][gc,heap        ] GC(37) ParOldGen: 35733K(2796544K)->35825K(2796544K)
[21.025s][info][gc,metaspace   ] GC(37) Metaspace: 94719K(95616K)->94719K(95616K) NonClass: 84876K(85376K)->84876K(85376K) Class: 9843K(10240K)->9843K(10240K)
[21.025s][info][gc             ] GC(37) Pause Full (System.gc()) 35M->34M(4086M) 32.942ms
[21.025s][info][gc,cpu         ] GC(37) User=0.02s Sys=0.00s Real=0.03s
[21.628s][info][gc,start       ] GC(38) Pause Young (System.gc())
[21.629s][info][gc,heap        ] GC(38) PSYoungGen: 1186051K(1388032K)->1095K(1387520K) Eden: 1186051K(1377792K)->0K(1377792K) From: 0K(10240K)->1095K(9728K)
[21.629s][info][gc,heap        ] GC(38) ParOldGen: 35825K(2796544K)->35833K(2796544K)
[21.629s][info][gc,metaspace   ] GC(38) Metaspace: 94924K(95808K)->94924K(95808K) NonClass: 85080K(85568K)->85080K(85568K) Class: 9844K(10240K)->9844K(10240K)
[21.629s][info][gc             ] GC(38) Pause Young (System.gc()) 1193M->36M(4086M) 0.965ms
[21.629s][info][gc,cpu         ] GC(38) User=0.00s Sys=0.00s Real=0.00s
[21.629s][info][gc,start       ] GC(39) Pause Full (System.gc())
[21.629s][info][gc,phases,start] GC(39) Marking Phase
[21.649s][info][gc,phases      ] GC(39) Marking Phase 19.735ms
[21.649s][info][gc,phases,start] GC(39) Summary Phase
[21.649s][info][gc,phases      ] GC(39) Summary Phase 0.010ms
[21.649s][info][gc,phases,start] GC(39) Adjust Roots
[21.657s][info][gc,phases      ] GC(39) Adjust Roots 8.407ms
[21.658s][info][gc,phases,start] GC(39) Compaction Phase
[21.663s][info][gc,phases      ] GC(39) Compaction Phase 5.024ms
[21.663s][info][gc,phases,start] GC(39) Post Compact
[21.664s][info][gc,phases      ] GC(39) Post Compact 0.927ms
[21.664s][info][gc,heap        ] GC(39) PSYoungGen: 1095K(1387520K)->0K(1387520K) Eden: 0K(1377792K)->0K(1377792K) From: 1095K(9728K)->0K(9728K)
[21.664s][info][gc,heap        ] GC(39) ParOldGen: 35833K(2796544K)->35928K(2796544K)
[21.664s][info][gc,metaspace   ] GC(39) Metaspace: 94924K(95808K)->94924K(95808K) NonClass: 85080K(85568K)->85080K(85568K) Class: 9844K(10240K)->9844K(10240K)
[21.664s][info][gc             ] GC(39) Pause Full (System.gc()) 36M->35M(4086M) 34.386ms
[21.664s][info][gc,cpu         ] GC(39) User=0.03s Sys=0.00s Real=0.05s
[22.259s][info][gc,start       ] GC(40) Pause Young (System.gc())
[22.260s][info][gc,heap        ] GC(40) PSYoungGen: 1186822K(1387520K)->1137K(1389056K) Eden: 1186822K(1377792K)->0K(1379840K) From: 0K(9728K)->1137K(9216K)
[22.260s][info][gc,heap        ] GC(40) ParOldGen: 35928K(2796544K)->35936K(2796544K)
[22.260s][info][gc,metaspace   ] GC(40) Metaspace: 95115K(96000K)->95115K(96000K) NonClass: 85249K(85696K)->85249K(85696K) Class: 9866K(10304K)->9866K(10304K)
[22.260s][info][gc             ] GC(40) Pause Young (System.gc()) 1194M->36M(4087M) 1.158ms
[22.260s][info][gc,cpu         ] GC(40) User=0.00s Sys=0.00s Real=0.00s
[22.261s][info][gc,start       ] GC(41) Pause Full (System.gc())
[22.261s][info][gc,phases,start] GC(41) Marking Phase
[22.281s][info][gc,phases      ] GC(41) Marking Phase 20.767ms
[22.281s][info][gc,phases,start] GC(41) Summary Phase
[22.281s][info][gc,phases      ] GC(41) Summary Phase 0.009ms
[22.281s][info][gc,phases,start] GC(41) Adjust Roots
[22.290s][info][gc,phases      ] GC(41) Adjust Roots 8.642ms
[22.290s][info][gc,phases,start] GC(41) Compaction Phase
[22.297s][info][gc,phases      ] GC(41) Compaction Phase 6.451ms
[22.297s][info][gc,phases,start] GC(41) Post Compact
[22.297s][info][gc,phases      ] GC(41) Post Compact 0.818ms
[22.297s][info][gc,heap        ] GC(41) PSYoungGen: 1137K(1389056K)->0K(1389056K) Eden: 0K(1379840K)->0K(1379840K) From: 1137K(9216K)->0K(9216K)
[22.297s][info][gc,heap        ] GC(41) ParOldGen: 35936K(2796544K)->36062K(2796544K)
[22.298s][info][gc,metaspace   ] GC(41) Metaspace: 95115K(96000K)->95115K(96000K) NonClass: 85249K(85696K)->85249K(85696K) Class: 9866K(10304K)->9866K(10304K)
[22.298s][info][gc             ] GC(41) Pause Full (System.gc()) 36M->35M(4087M) 36.956ms
[22.298s][info][gc,cpu         ] GC(41) User=0.02s Sys=0.00s Real=0.04s
[22.893s][info][gc,start       ] GC(42) Pause Young (System.gc())
[22.894s][info][gc,heap        ] GC(42) PSYoungGen: 1179011K(1389056K)->1071K(1388544K) Eden: 1179011K(1379840K)->0K(1379840K) From: 0K(9216K)->1071K(8704K)
[22.894s][info][gc,heap        ] GC(42) ParOldGen: 36062K(2796544K)->36062K(2796544K)
[22.894s][info][gc,metaspace   ] GC(42) Metaspace: 95122K(96000K)->95122K(96000K) NonClass: 85256K(85696K)->85256K(85696K) Class: 9866K(10304K)->9866K(10304K)
[22.894s][info][gc             ] GC(42) Pause Young (System.gc()) 1186M->36M(4087M) 0.951ms
[22.894s][info][gc,cpu         ] GC(42) User=0.00s Sys=0.00s Real=0.00s
[22.894s][info][gc,start       ] GC(43) Pause Full (System.gc())
[22.894s][info][gc,phases,start] GC(43) Marking Phase
[22.915s][info][gc,phases      ] GC(43) Marking Phase 20.943ms
[22.915s][info][gc,phases,start] GC(43) Summary Phase
[22.915s][info][gc,phases      ] GC(43) Summary Phase 0.009ms
[22.915s][info][gc,phases,start] GC(43) Adjust Roots
[22.923s][info][gc,phases      ] GC(43) Adjust Roots 8.476ms
[22.923s][info][gc,phases,start] GC(43) Compaction Phase
[22.930s][info][gc,phases      ] GC(43) Compaction Phase 6.363ms
[22.930s][info][gc,phases,start] GC(43) Post Compact
[22.930s][info][gc,phases      ] GC(43) Post Compact 0.712ms
[22.931s][info][gc,heap        ] GC(43) PSYoungGen: 1071K(1388544K)->0K(1388544K) Eden: 0K(1379840K)->0K(1379840K) From: 1071K(8704K)->0K(8704K)
[22.931s][info][gc,heap        ] GC(43) ParOldGen: 36062K(2796544K)->36162K(2796544K)
[22.931s][info][gc,metaspace   ] GC(43) Metaspace: 95122K(96000K)->95122K(96000K) NonClass: 85256K(85696K)->85256K(85696K) Class: 9866K(10304K)->9866K(10304K)
[22.931s][info][gc             ] GC(43) Pause Full (System.gc()) 36M->35M(4087M) 36.825ms
[22.931s][info][gc,cpu         ] GC(43) User=0.00s Sys=0.00s Real=0.03s
[23.525s][info][gc,start       ] GC(44) Pause Young (System.gc())
[23.526s][info][gc,heap        ] GC(44) PSYoungGen: 1190381K(1388544K)->1071K(1390080K) Eden: 1190381K(1379840K)->0K(1381888K) From: 0K(8704K)->1071K(8192K)
[23.526s][info][gc,heap        ] GC(44) ParOldGen: 36162K(2796544K)->36170K(2796544K)
[23.526s][info][gc,metaspace   ] GC(44) Metaspace: 95155K(96064K)->95155K(96064K) NonClass: 85289K(85760K)->85289K(85760K) Class: 9866K(10304K)->9866K(10304K)
[23.526s][info][gc             ] GC(44) Pause Young (System.gc()) 1197M->36M(4088M) 1.034ms
[23.526s][info][gc,cpu         ] GC(44) User=0.00s Sys=0.00s Real=0.00s
[23.526s][info][gc,start       ] GC(45) Pause Full (System.gc())
[23.526s][info][gc,phases,start] GC(45) Marking Phase
[23.546s][info][gc,phases      ] GC(45) Marking Phase 19.721ms
[23.546s][info][gc,phases,start] GC(45) Summary Phase
[23.546s][info][gc,phases      ] GC(45) Summary Phase 0.009ms
[23.546s][info][gc,phases,start] GC(45) Adjust Roots
[23.555s][info][gc,phases      ] GC(45) Adjust Roots 9.074ms
[23.555s][info][gc,phases,start] GC(45) Compaction Phase
[23.561s][info][gc,phases      ] GC(45) Compaction Phase 5.335ms
[23.561s][info][gc,phases,start] GC(45) Post Compact
[23.562s][info][gc,phases      ] GC(45) Post Compact 0.811ms
[23.562s][info][gc,heap        ] GC(45) PSYoungGen: 1071K(1390080K)->0K(1390080K) Eden: 0K(1381888K)->0K(1381888K) From: 1071K(8192K)->0K(8192K)
[23.562s][info][gc,heap        ] GC(45) ParOldGen: 36170K(2796544K)->36263K(2796544K)
[23.562s][info][gc,metaspace   ] GC(45) Metaspace: 95155K(96064K)->95155K(96064K) NonClass: 85289K(85760K)->85289K(85760K) Class: 9866K(10304K)->9866K(10304K)
[23.562s][info][gc             ] GC(45) Pause Full (System.gc()) 36M->35M(4088M) 35.206ms
[23.562s][info][gc,cpu         ] GC(45) User=0.02s Sys=0.00s Real=0.04s
[24.151s][info][gc,start       ] GC(46) Pause Young (System.gc())
[24.152s][info][gc,heap        ] GC(46) PSYoungGen: 1169413K(1390080K)->1063K(1389568K) Eden: 1169413K(1381888K)->0K(1381888K) From: 0K(8192K)->1063K(7680K)
[24.152s][info][gc,heap        ] GC(46) ParOldGen: 36263K(2796544K)->36271K(2796544K)
[24.152s][info][gc,metaspace   ] GC(46) Metaspace: 95165K(96064K)->95165K(96064K) NonClass: 85299K(85760K)->85299K(85760K) Class: 9866K(10304K)->9866K(10304K)
[24.152s][info][gc             ] GC(46) Pause Young (System.gc()) 1177M->36M(4088M) 0.861ms
[24.152s][info][gc,cpu         ] GC(46) User=0.00s Sys=0.00s Real=0.00s
[24.152s][info][gc,start       ] GC(47) Pause Full (System.gc())
[24.152s][info][gc,phases,start] GC(47) Marking Phase
[24.173s][info][gc,phases      ] GC(47) Marking Phase 20.592ms
[24.173s][info][gc,phases,start] GC(47) Summary Phase
[24.173s][info][gc,phases      ] GC(47) Summary Phase 0.010ms
[24.173s][info][gc,phases,start] GC(47) Adjust Roots
[24.181s][info][gc,phases      ] GC(47) Adjust Roots 7.921ms
[24.181s][info][gc,phases,start] GC(47) Compaction Phase
[24.186s][info][gc,phases      ] GC(47) Compaction Phase 5.439ms
[24.186s][info][gc,phases,start] GC(47) Post Compact
[24.187s][info][gc,phases      ] GC(47) Post Compact 0.926ms
[24.187s][info][gc,heap        ] GC(47) PSYoungGen: 1063K(1389568K)->0K(1389568K) Eden: 0K(1381888K)->0K(1381888K) From: 1063K(7680K)->0K(7680K)
[24.187s][info][gc,heap        ] GC(47) ParOldGen: 36271K(2796544K)->36365K(2796544K)
[24.187s][info][gc,metaspace   ] GC(47) Metaspace: 95165K(96064K)->95165K(96064K) NonClass: 85299K(85760K)->85299K(85760K) Class: 9866K(10304K)->9866K(10304K)
[24.187s][info][gc             ] GC(47) Pause Full (System.gc()) 36M->35M(4088M) 35.201ms
[24.187s][info][gc,cpu         ] GC(47) User=0.00s Sys=0.00s Real=0.03s
[24.781s][info][gc,start       ] GC(48) Pause Young (System.gc())
[24.782s][info][gc,heap        ] GC(48) PSYoungGen: 1169417K(1389568K)->1095K(1390592K) Eden: 1169417K(1381888K)->0K(1383424K) From: 0K(7680K)->1095K(7168K)
[24.782s][info][gc,heap        ] GC(48) ParOldGen: 36365K(2796544K)->36373K(2796544K)
[24.782s][info][gc,metaspace   ] GC(48) Metaspace: 95177K(96064K)->95177K(96064K) NonClass: 85310K(85760K)->85310K(85760K) Class: 9866K(10304K)->9866K(10304K)
[24.782s][info][gc             ] GC(48) Pause Young (System.gc()) 1177M->36M(4089M) 0.961ms
[24.782s][info][gc,cpu         ] GC(48) User=0.00s Sys=0.00s Real=0.00s
[24.782s][info][gc,start       ] GC(49) Pause Full (System.gc())
[24.782s][info][gc,phases,start] GC(49) Marking Phase
[24.803s][info][gc,phases      ] GC(49) Marking Phase 21.624ms
[24.803s][info][gc,phases,start] GC(49) Summary Phase
[24.803s][info][gc,phases      ] GC(49) Summary Phase 0.009ms
[24.803s][info][gc,phases,start] GC(49) Adjust Roots
[24.812s][info][gc,phases      ] GC(49) Adjust Roots 8.519ms
[24.812s][info][gc,phases,start] GC(49) Compaction Phase
[24.818s][info][gc,phases      ] GC(49) Compaction Phase 6.429ms
[24.818s][info][gc,phases,start] GC(49) Post Compact
[24.819s][info][gc,phases      ] GC(49) Post Compact 0.755ms
[24.819s][info][gc,heap        ] GC(49) PSYoungGen: 1095K(1390592K)->0K(1390592K) Eden: 0K(1383424K)->0K(1383424K) From: 1095K(7168K)->0K(7168K)
[24.819s][info][gc,heap        ] GC(49) ParOldGen: 36373K(2796544K)->36470K(2796544K)
[24.819s][info][gc,metaspace   ] GC(49) Metaspace: 95177K(96064K)->95177K(96064K) NonClass: 85310K(85760K)->85310K(85760K) Class: 9866K(10304K)->9866K(10304K)
[24.819s][info][gc             ] GC(49) Pause Full (System.gc()) 36M->35M(4089M) 37.629ms
[24.819s][info][gc,cpu         ] GC(49) User=0.05s Sys=0.00s Real=0.05s
[25.408s][info][gc,start       ] GC(50) Pause Young (System.gc())
[25.409s][info][gc,heap        ] GC(50) PSYoungGen: 1188435K(1390592K)->1223K(1390592K) Eden: 1188435K(1383424K)->0K(1383424K) From: 0K(7168K)->1223K(7168K)
[25.409s][info][gc,heap        ] GC(50) ParOldGen: 36470K(2796544K)->36478K(2796544K)
[25.409s][info][gc,metaspace   ] GC(50) Metaspace: 95320K(96192K)->95320K(96192K) NonClass: 85429K(85888K)->85429K(85888K) Class: 9891K(10304K)->9891K(10304K)
[25.409s][info][gc             ] GC(50) Pause Young (System.gc()) 1196M->36M(4089M) 1.034ms
[25.409s][info][gc,cpu         ] GC(50) User=0.00s Sys=0.00s Real=0.00s
[25.409s][info][gc,start       ] GC(51) Pause Full (System.gc())
[25.409s][info][gc,phases,start] GC(51) Marking Phase
[25.430s][info][gc,phases      ] GC(51) Marking Phase 20.971ms
[25.430s][info][gc,phases,start] GC(51) Summary Phase
[25.430s][info][gc,phases      ] GC(51) Summary Phase 0.010ms
[25.430s][info][gc,phases,start] GC(51) Adjust Roots
[25.439s][info][gc,phases      ] GC(51) Adjust Roots 8.752ms
[25.439s][info][gc,phases,start] GC(51) Compaction Phase
[25.445s][info][gc,phases      ] GC(51) Compaction Phase 6.304ms
[25.445s][info][gc,phases,start] GC(51) Post Compact
[25.446s][info][gc,phases      ] GC(51) Post Compact 0.883ms
[25.446s][info][gc,heap        ] GC(51) PSYoungGen: 1223K(1390592K)->0K(1390592K) Eden: 0K(1383424K)->0K(1383424K) From: 1223K(7168K)->0K(7168K)
[25.446s][info][gc,heap        ] GC(51) ParOldGen: 36478K(2796544K)->36503K(2796544K)
[25.446s][info][gc,metaspace   ] GC(51) Metaspace: 95320K(96192K)->95320K(96192K) NonClass: 85429K(85888K)->85429K(85888K) Class: 9891K(10304K)->9891K(10304K)
[25.446s][info][gc             ] GC(51) Pause Full (System.gc()) 36M->35M(4089M) 37.208ms
[25.446s][info][gc,cpu         ] GC(51) User=0.02s Sys=0.00s Real=0.03s
[26.038s][info][gc,start       ] GC(52) Pause Young (System.gc())
[26.039s][info][gc,heap        ] GC(52) PSYoungGen: 1175109K(1390592K)->1135K(1391616K) Eden: 1175109K(1383424K)->0K(1384960K) From: 0K(7168K)->1135K(6656K)
[26.039s][info][gc,heap        ] GC(52) ParOldGen: 36503K(2796544K)->36511K(2796544K)
[26.039s][info][gc,metaspace   ] GC(52) Metaspace: 95376K(96192K)->95376K(96192K) NonClass: 85485K(85888K)->85485K(85888K) Class: 9891K(10304K)->9891K(10304K)
[26.039s][info][gc             ] GC(52) Pause Young (System.gc()) 1183M->36M(4090M) 0.924ms
[26.039s][info][gc,cpu         ] GC(52) User=0.00s Sys=0.00s Real=0.00s
[26.039s][info][gc,start       ] GC(53) Pause Full (System.gc())
[26.039s][info][gc,phases,start] GC(53) Marking Phase
[26.060s][info][gc,phases      ] GC(53) Marking Phase 20.866ms
[26.060s][info][gc,phases,start] GC(53) Summary Phase
[26.060s][info][gc,phases      ] GC(53) Summary Phase 0.010ms
[26.060s][info][gc,phases,start] GC(53) Adjust Roots
[26.069s][info][gc,phases      ] GC(53) Adjust Roots 9.062ms
[26.069s][info][gc,phases,start] GC(53) Compaction Phase
[26.075s][info][gc,phases      ] GC(53) Compaction Phase 5.807ms
[26.075s][info][gc,phases,start] GC(53) Post Compact
[26.076s][info][gc,phases      ] GC(53) Post Compact 0.955ms
[26.076s][info][gc,heap        ] GC(53) PSYoungGen: 1135K(1391616K)->0K(1391616K) Eden: 0K(1384960K)->0K(1384960K) From: 1135K(6656K)->0K(6656K)
[26.076s][info][gc,heap        ] GC(53) ParOldGen: 36511K(2796544K)->36617K(2796544K)
[26.076s][info][gc,metaspace   ] GC(53) Metaspace: 95376K(96192K)->95376K(96192K) NonClass: 85485K(85888K)->85485K(85888K) Class: 9891K(10304K)->9891K(10304K)
[26.076s][info][gc             ] GC(53) Pause Full (System.gc()) 36M->35M(4090M) 37.002ms
[26.076s][info][gc,cpu         ] GC(53) User=0.02s Sys=0.00s Real=0.03s
[26.661s][info][gc,start       ] GC(54) Pause Young (System.gc())
[26.662s][info][gc,heap        ] GC(54) PSYoungGen: 1170617K(1391616K)->1095K(1391104K) Eden: 1170617K(1384960K)->0K(1384960K) From: 0K(6656K)->1095K(6144K)
[26.662s][info][gc,heap        ] GC(54) ParOldGen: 36617K(2796544K)->36617K(2796544K)
[26.662s][info][gc,metaspace   ] GC(54) Metaspace: 95387K(96256K)->95387K(96256K) NonClass: 85495K(85952K)->85495K(85952K) Class: 9891K(10304K)->9891K(10304K)
[26.662s][info][gc             ] GC(54) Pause Young (System.gc()) 1178M->36M(4089M) 0.872ms
[26.662s][info][gc,cpu         ] GC(54) User=0.00s Sys=0.00s Real=0.00s
[26.662s][info][gc,start       ] GC(55) Pause Full (System.gc())
[26.662s][info][gc,phases,start] GC(55) Marking Phase
[26.683s][info][gc,phases      ] GC(55) Marking Phase 20.369ms
[26.683s][info][gc,phases,start] GC(55) Summary Phase
[26.683s][info][gc,phases      ] GC(55) Summary Phase 0.010ms
[26.683s][info][gc,phases,start] GC(55) Adjust Roots
[26.692s][info][gc,phases      ] GC(55) Adjust Roots 8.869ms
[26.692s][info][gc,phases,start] GC(55) Compaction Phase
[26.698s][info][gc,phases      ] GC(55) Compaction Phase 6.421ms
[26.698s][info][gc,phases,start] GC(55) Post Compact
[26.699s][info][gc,phases      ] GC(55) Post Compact 0.868ms
[26.699s][info][gc,heap        ] GC(55) PSYoungGen: 1095K(1391104K)->0K(1391104K) Eden: 0K(1384960K)->0K(1384960K) From: 1095K(6144K)->0K(6144K)
[26.699s][info][gc,heap        ] GC(55) ParOldGen: 36617K(2796544K)->36719K(2796544K)
[26.699s][info][gc,metaspace   ] GC(55) Metaspace: 95387K(96256K)->95387K(96256K) NonClass: 85495K(85952K)->85495K(85952K) Class: 9891K(10304K)->9891K(10304K)
[26.699s][info][gc             ] GC(55) Pause Full (System.gc()) 36M->35M(4089M) 36.853ms
[26.699s][info][gc,cpu         ] GC(55) User=0.02s Sys=0.00s Real=0.03s
[27.280s][info][gc,start       ] GC(56) Pause Young (System.gc())
[27.282s][info][gc,heap        ] GC(56) PSYoungGen: 1170080K(1391104K)->1413K(1392128K) Eden: 1170080K(1384960K)->0K(1386496K) From: 0K(6144K)->1413K(5632K)
[27.282s][info][gc,heap        ] GC(56) ParOldGen: 36719K(2796544K)->36719K(2796544K)
[27.282s][info][gc,metaspace   ] GC(56) Metaspace: 95397K(96256K)->95397K(96256K) NonClass: 85505K(85952K)->85505K(85952K) Class: 9891K(10304K)->9891K(10304K)
[27.282s][info][gc             ] GC(56) Pause Young (System.gc()) 1178M->37M(4090M) 1.260ms
[27.282s][info][gc,cpu         ] GC(56) User=0.00s Sys=0.00s Real=0.00s
[27.282s][info][gc,start       ] GC(57) Pause Full (System.gc())
[27.282s][info][gc,phases,start] GC(57) Marking Phase
[27.303s][info][gc,phases      ] GC(57) Marking Phase 21.197ms
[27.303s][info][gc,phases,start] GC(57) Summary Phase
[27.303s][info][gc,phases      ] GC(57) Summary Phase 0.009ms
[27.303s][info][gc,phases,start] GC(57) Adjust Roots
[27.312s][info][gc,phases      ] GC(57) Adjust Roots 8.398ms
[27.312s][info][gc,phases,start] GC(57) Compaction Phase
[27.317s][info][gc,phases      ] GC(57) Compaction Phase 5.347ms
[27.317s][info][gc,phases,start] GC(57) Post Compact
[27.318s][info][gc,phases      ] GC(57) Post Compact 1.011ms
[27.318s][info][gc,heap        ] GC(57) PSYoungGen: 1413K(1392128K)->0K(1392128K) Eden: 0K(1386496K)->0K(1386496K) From: 1413K(5632K)->0K(5632K)
[27.318s][info][gc,heap        ] GC(57) ParOldGen: 36719K(2796544K)->37155K(2796544K)
[27.318s][info][gc,metaspace   ] GC(57) Metaspace: 95397K(96256K)->95397K(96256K) NonClass: 85505K(85952K)->85505K(85952K) Class: 9891K(10304K)->9891K(10304K)
[27.318s][info][gc             ] GC(57) Pause Full (System.gc()) 37M->36M(4090M) 36.275ms
[27.318s][info][gc,cpu         ] GC(57) User=0.02s Sys=0.00s Real=0.03s
[27.903s][info][gc,start       ] GC(58) Pause Young (System.gc())
[27.904s][info][gc,heap        ] GC(58) PSYoungGen: 1171137K(1392128K)->1358K(1392128K) Eden: 1171137K(1386496K)->0K(1386496K) From: 0K(5632K)->1358K(5632K)
[27.904s][info][gc,heap        ] GC(58) ParOldGen: 37155K(2796544K)->37155K(2796544K)
[27.904s][info][gc,metaspace   ] GC(58) Metaspace: 95397K(96256K)->95397K(96256K) NonClass: 85505K(85952K)->85505K(85952K) Class: 9891K(10304K)->9891K(10304K)
[27.904s][info][gc             ] GC(58) Pause Young (System.gc()) 1179M->37M(4090M) 1.098ms
[27.904s][info][gc,cpu         ] GC(58) User=0.00s Sys=0.00s Real=0.00s
[27.904s][info][gc,start       ] GC(59) Pause Full (System.gc())
[27.904s][info][gc,phases,start] GC(59) Marking Phase
[27.926s][info][gc,phases      ] GC(59) Marking Phase 21.381ms
[27.926s][info][gc,phases,start] GC(59) Summary Phase
[27.926s][info][gc,phases      ] GC(59) Summary Phase 0.010ms
[27.926s][info][gc,phases,start] GC(59) Adjust Roots
[27.934s][info][gc,phases      ] GC(59) Adjust Roots 8.465ms
[27.934s][info][gc,phases,start] GC(59) Compaction Phase
[27.941s][info][gc,phases      ] GC(59) Compaction Phase 7.068ms
[27.941s][info][gc,phases,start] GC(59) Post Compact
[27.942s][info][gc,phases      ] GC(59) Post Compact 0.926ms
[27.942s][info][gc,heap        ] GC(59) PSYoungGen: 1358K(1392128K)->0K(1392128K) Eden: 0K(1386496K)->0K(1386496K) From: 1358K(5632K)->0K(5632K)
[27.942s][info][gc,heap        ] GC(59) ParOldGen: 37155K(2796544K)->37256K(2796544K)
[27.942s][info][gc,metaspace   ] GC(59) Metaspace: 95397K(96256K)->95397K(96256K) NonClass: 85505K(85952K)->85505K(85952K) Class: 9891K(10304K)->9891K(10304K)
[27.942s][info][gc             ] GC(59) Pause Full (System.gc()) 37M->36M(4090M) 38.170ms
[27.942s][info][gc,cpu         ] GC(59) User=0.03s Sys=0.00s Real=0.05s
[28.524s][info][gc,start       ] GC(60) Pause Young (System.gc())
[28.525s][info][gc,heap        ] GC(60) PSYoungGen: 1172915K(1392128K)->1071K(1393152K) Eden: 1172915K(1386496K)->0K(1388032K) From: 0K(5632K)->1071K(5120K)
[28.525s][info][gc,heap        ] GC(60) ParOldGen: 37256K(2796544K)->37264K(2796544K)
[28.525s][info][gc,metaspace   ] GC(60) Metaspace: 95410K(96256K)->95410K(96256K) NonClass: 85518K(85952K)->85518K(85952K) Class: 9891K(10304K)->9891K(10304K)
[28.525s][info][gc             ] GC(60) Pause Young (System.gc()) 1181M->37M(4091M) 0.933ms
[28.525s][info][gc,cpu         ] GC(60) User=0.00s Sys=0.00s Real=0.00s
[28.525s][info][gc,start       ] GC(61) Pause Full (System.gc())
[28.525s][info][gc,phases,start] GC(61) Marking Phase
[28.545s][info][gc,phases      ] GC(61) Marking Phase 20.028ms
[28.545s][info][gc,phases,start] GC(61) Summary Phase
[28.545s][info][gc,phases      ] GC(61) Summary Phase 0.009ms
[28.545s][info][gc,phases,start] GC(61) Adjust Roots
[28.554s][info][gc,phases      ] GC(61) Adjust Roots 8.842ms
[28.554s][info][gc,phases,start] GC(61) Compaction Phase
[28.560s][info][gc,phases      ] GC(61) Compaction Phase 6.188ms
[28.560s][info][gc,phases,start] GC(61) Post Compact
[28.561s][info][gc,phases      ] GC(61) Post Compact 0.710ms
[28.561s][info][gc,heap        ] GC(61) PSYoungGen: 1071K(1393152K)->0K(1393152K) Eden: 0K(1388032K)->0K(1388032K) From: 1071K(5120K)->0K(5120K)
[28.561s][info][gc,heap        ] GC(61) ParOldGen: 37264K(2796544K)->37035K(2796544K)
[28.561s][info][gc,metaspace   ] GC(61) Metaspace: 95410K(96256K)->95410K(96256K) NonClass: 85518K(85952K)->85518K(85952K) Class: 9891K(10304K)->9891K(10304K)
[28.561s][info][gc             ] GC(61) Pause Full (System.gc()) 37M->36M(4091M) 36.069ms
[28.561s][info][gc,cpu         ] GC(61) User=0.02s Sys=0.00s Real=0.03s
[29.142s][info][gc,start       ] GC(62) Pause Young (System.gc())
[29.143s][info][gc,heap        ] GC(62) PSYoungGen: 1168712K(1393152K)->1381K(1392640K) Eden: 1168712K(1388032K)->0K(1388032K) From: 0K(5120K)->1381K(4608K)
[29.143s][info][gc,heap        ] GC(62) ParOldGen: 37035K(2796544K)->37035K(2796544K)
[29.143s][info][gc,metaspace   ] GC(62) Metaspace: 95410K(96256K)->95410K(96256K) NonClass: 85518K(85952K)->85518K(85952K) Class: 9891K(10304K)->9891K(10304K)
[29.143s][info][gc             ] GC(62) Pause Young (System.gc()) 1177M->37M(4091M) 1.074ms
[29.143s][info][gc,cpu         ] GC(62) User=0.00s Sys=0.00s Real=0.00s
[29.143s][info][gc,start       ] GC(63) Pause Full (System.gc())
[29.143s][info][gc,phases,start] GC(63) Marking Phase
[29.164s][info][gc,phases      ] GC(63) Marking Phase 21.055ms
[29.164s][info][gc,phases,start] GC(63) Summary Phase
[29.164s][info][gc,phases      ] GC(63) Summary Phase 0.009ms
[29.164s][info][gc,phases,start] GC(63) Adjust Roots
[29.172s][info][gc,phases      ] GC(63) Adjust Roots 8.269ms
[29.172s][info][gc,phases,start] GC(63) Compaction Phase
[29.177s][info][gc,phases      ] GC(63) Compaction Phase 4.878ms
[29.177s][info][gc,phases,start] GC(63) Post Compact
[29.178s][info][gc,phases      ] GC(63) Post Compact 0.856ms
[29.178s][info][gc,heap        ] GC(63) PSYoungGen: 1381K(1392640K)->0K(1392640K) Eden: 0K(1388032K)->0K(1388032K) From: 1381K(4608K)->0K(4608K)
[29.178s][info][gc,heap        ] GC(63) ParOldGen: 37035K(2796544K)->37460K(2796544K)
[29.178s][info][gc,metaspace   ] GC(63) Metaspace: 95410K(96256K)->95410K(96256K) NonClass: 85518K(85952K)->85518K(85952K) Class: 9891K(10304K)->9891K(10304K)
[29.178s][info][gc             ] GC(63) Pause Full (System.gc()) 37M->36M(4091M) 35.353ms
[29.178s][info][gc,cpu         ] GC(63) User=0.02s Sys=0.00s Real=0.04s
[29.760s][info][gc,start       ] GC(64) Pause Young (System.gc())
[29.760s][info][gc,heap        ] GC(64) PSYoungGen: 1172252K(1392640K)->1071K(1393664K) Eden: 1172252K(1388032K)->0K(1389056K) From: 0K(4608K)->1071K(4608K)
[29.760s][info][gc,heap        ] GC(64) ParOldGen: 37460K(2796544K)->37468K(2796544K)
[29.760s][info][gc,metaspace   ] GC(64) Metaspace: 95438K(96256K)->95438K(96256K) NonClass: 85547K(85952K)->85547K(85952K) Class: 9891K(10304K)->9891K(10304K)
[29.760s][info][gc             ] GC(64) Pause Young (System.gc()) 1181M->37M(4092M) 0.841ms
[29.760s][info][gc,cpu         ] GC(64) User=0.00s Sys=0.00s Real=0.00s
[29.760s][info][gc,start       ] GC(65) Pause Full (System.gc())
[29.760s][info][gc,phases,start] GC(65) Marking Phase
[29.783s][info][gc,phases      ] GC(65) Marking Phase 22.924ms
[29.783s][info][gc,phases,start] GC(65) Summary Phase
[29.783s][info][gc,phases      ] GC(65) Summary Phase 0.010ms
[29.783s][info][gc,phases,start] GC(65) Adjust Roots
[29.792s][info][gc,phases      ] GC(65) Adjust Roots 8.711ms
[29.792s][info][gc,phases,start] GC(65) Compaction Phase
[29.798s][info][gc,phases      ] GC(65) Compaction Phase 5.855ms
[29.798s][info][gc,phases,start] GC(65) Post Compact
[29.799s][info][gc,phases      ] GC(65) Post Compact 0.925ms
[29.799s][info][gc,heap        ] GC(65) PSYoungGen: 1071K(1393664K)->0K(1393664K) Eden: 0K(1389056K)->0K(1389056K) From: 1071K(4608K)->0K(4608K)
[29.799s][info][gc,heap        ] GC(65) ParOldGen: 37468K(2796544K)->37243K(2796544K)
[29.799s][info][gc,metaspace   ] GC(65) Metaspace: 95438K(96256K)->95438K(96256K) NonClass: 85547K(85952K)->85547K(85952K) Class: 9891K(10304K)->9891K(10304K)
[29.799s][info][gc             ] GC(65) Pause Full (System.gc()) 37M->36M(4092M) 38.755ms
[29.799s][info][gc,cpu         ] GC(65) User=0.03s Sys=0.00s Real=0.03s
[30.382s][info][gc,start       ] GC(66) Pause Young (System.gc())
[30.383s][info][gc,heap        ] GC(66) PSYoungGen: 1172540K(1393664K)->1071K(1393152K) Eden: 1172540K(1389056K)->0K(1389056K) From: 0K(4608K)->1071K(4096K)
[30.383s][info][gc,heap        ] GC(66) ParOldGen: 37243K(2796544K)->37243K(2796544K)
[30.383s][info][gc,metaspace   ] GC(66) Metaspace: 95598K(96448K)->95598K(96448K) NonClass: 85706K(86144K)->85706K(86144K) Class: 9892K(10304K)->9892K(10304K)
[30.383s][info][gc             ] GC(66) Pause Young (System.gc()) 1181M->37M(4091M) 0.851ms
[30.383s][info][gc,cpu         ] GC(66) User=0.00s Sys=0.00s Real=0.00s
[30.383s][info][gc,start       ] GC(67) Pause Full (System.gc())
[30.383s][info][gc,phases,start] GC(67) Marking Phase
[30.405s][info][gc,phases      ] GC(67) Marking Phase 21.694ms
[30.405s][info][gc,phases,start] GC(67) Summary Phase
[30.405s][info][gc,phases      ] GC(67) Summary Phase 0.009ms
[30.405s][info][gc,phases,start] GC(67) Adjust Roots
[30.413s][info][gc,phases      ] GC(67) Adjust Roots 8.428ms
[30.414s][info][gc,phases,start] GC(67) Compaction Phase
[30.420s][info][gc,phases      ] GC(67) Compaction Phase 6.265ms
[30.420s][info][gc,phases,start] GC(67) Post Compact
[30.421s][info][gc,phases      ] GC(67) Post Compact 0.850ms
[30.421s][info][gc,heap        ] GC(67) PSYoungGen: 1071K(1393152K)->0K(1393152K) Eden: 0K(1389056K)->0K(1389056K) From: 1071K(4096K)->0K(4096K)
[30.421s][info][gc,heap        ] GC(67) ParOldGen: 37243K(2796544K)->37346K(2796544K)
[30.421s][info][gc,metaspace   ] GC(67) Metaspace: 95598K(96448K)->95598K(96448K) NonClass: 85706K(86144K)->85706K(86144K) Class: 9892K(10304K)->9892K(10304K)
[30.421s][info][gc             ] GC(67) Pause Full (System.gc()) 37M->36M(4091M) 37.509ms
[30.421s][info][gc,cpu         ] GC(67) User=0.00s Sys=0.00s Real=0.05s
[31.000s][info][gc,start       ] GC(68) Pause Young (System.gc())
[31.001s][info][gc,heap        ] GC(68) PSYoungGen: 1175247K(1393152K)->1071K(1393664K) Eden: 1175247K(1389056K)->0K(1389568K) From: 0K(4096K)->1071K(4096K)
[31.001s][info][gc,heap        ] GC(68) ParOldGen: 37346K(2796544K)->37354K(2796544K)
[31.001s][info][gc,metaspace   ] GC(68) Metaspace: 95605K(96448K)->95605K(96448K) NonClass: 85712K(86144K)->85712K(86144K) Class: 9892K(10304K)->9892K(10304K)
[31.001s][info][gc             ] GC(68) Pause Young (System.gc()) 1184M->37M(4092M) 0.872ms
[31.001s][info][gc,cpu         ] GC(68) User=0.00s Sys=0.00s Real=0.00s
[31.001s][info][gc,start       ] GC(69) Pause Full (System.gc())
[31.001s][info][gc,phases,start] GC(69) Marking Phase
[31.023s][info][gc,phases      ] GC(69) Marking Phase 21.400ms
[31.023s][info][gc,phases,start] GC(69) Summary Phase
[31.023s][info][gc,phases      ] GC(69) Summary Phase 0.010ms
[31.023s][info][gc,phases,start] GC(69) Adjust Roots
[31.032s][info][gc,phases      ] GC(69) Adjust Roots 8.668ms
[31.032s][info][gc,phases,start] GC(69) Compaction Phase
[31.037s][info][gc,phases      ] GC(69) Compaction Phase 5.725ms
[31.037s][info][gc,phases,start] GC(69) Post Compact
[31.038s][info][gc,phases      ] GC(69) Post Compact 0.875ms
[31.038s][info][gc,heap        ] GC(69) PSYoungGen: 1071K(1393664K)->0K(1393664K) Eden: 0K(1389568K)->0K(1389568K) From: 1071K(4096K)->0K(4096K)
[31.038s][info][gc,heap        ] GC(69) ParOldGen: 37354K(2796544K)->37448K(2796544K)
[31.038s][info][gc,metaspace   ] GC(69) Metaspace: 95605K(96448K)->95605K(96448K) NonClass: 85712K(86144K)->85712K(86144K) Class: 9892K(10304K)->9892K(10304K)
[31.038s][info][gc             ] GC(69) Pause Full (System.gc()) 37M->36M(4092M) 36.979ms
[31.038s][info][gc,cpu         ] GC(69) User=0.05s Sys=0.00s Real=0.05s
[31.622s][info][gc,start       ] GC(70) Pause Young (System.gc())
[31.623s][info][gc,heap        ] GC(70) PSYoungGen: 1183630K(1393664K)->1095K(1393664K) Eden: 1183630K(1389568K)->0K(1389568K) From: 0K(4096K)->1095K(4096K)
[31.623s][info][gc,heap        ] GC(70) ParOldGen: 37448K(2796544K)->37448K(2796544K)
[31.623s][info][gc,metaspace   ] GC(70) Metaspace: 95607K(96448K)->95607K(96448K) NonClass: 85714K(86144K)->85714K(86144K) Class: 9892K(10304K)->9892K(10304K)
[31.623s][info][gc             ] GC(70) Pause Young (System.gc()) 1192M->37M(4092M) 0.979ms
[31.623s][info][gc,cpu         ] GC(70) User=0.00s Sys=0.00s Real=0.00s
[31.623s][info][gc,start       ] GC(71) Pause Full (System.gc())
[31.623s][info][gc,phases,start] GC(71) Marking Phase
[31.644s][info][gc,phases      ] GC(71) Marking Phase 21.001ms
[31.644s][info][gc,phases,start] GC(71) Summary Phase
[31.644s][info][gc,phases      ] GC(71) Summary Phase 0.009ms
[31.644s][info][gc,phases,start] GC(71) Adjust Roots
[31.652s][info][gc,phases      ] GC(71) Adjust Roots 8.451ms
[31.652s][info][gc,phases,start] GC(71) Compaction Phase
[31.658s][info][gc,phases      ] GC(71) Compaction Phase 6.045ms
[31.659s][info][gc,phases,start] GC(71) Post Compact
[31.659s][info][gc,phases      ] GC(71) Post Compact 0.829ms
[31.659s][info][gc,heap        ] GC(71) PSYoungGen: 1095K(1393664K)->0K(1393664K) Eden: 0K(1389568K)->0K(1389568K) From: 1095K(4096K)->0K(4096K)
[31.659s][info][gc,heap        ] GC(71) ParOldGen: 37448K(2796544K)->37549K(2796544K)
[31.659s][info][gc,metaspace   ] GC(71) Metaspace: 95607K(96448K)->95607K(96448K) NonClass: 85714K(86144K)->85714K(86144K) Class: 9892K(10304K)->9892K(10304K)
[31.659s][info][gc             ] GC(71) Pause Full (System.gc()) 37M->36M(4092M) 36.625ms
[31.660s][info][gc,cpu         ] GC(71) User=0.02s Sys=0.00s Real=0.05s
[32.236s][info][gc,start       ] GC(72) Pause Young (System.gc())
[32.237s][info][gc,heap        ] GC(72) PSYoungGen: 1175972K(1393664K)->1423K(1394176K) Eden: 1175972K(1389568K)->0K(1390592K) From: 0K(4096K)->1423K(3584K)
[32.237s][info][gc,heap        ] GC(72) ParOldGen: 37549K(2796544K)->37549K(2796544K)
[32.237s][info][gc,metaspace   ] GC(72) Metaspace: 95614K(96512K)->95614K(96512K) NonClass: 85720K(86208K)->85720K(86208K) Class: 9894K(10304K)->9894K(10304K)
[32.237s][info][gc             ] GC(72) Pause Young (System.gc()) 1185M->38M(4092M) 1.052ms
[32.237s][info][gc,cpu         ] GC(72) User=0.00s Sys=0.00s Real=0.00s
[32.237s][info][gc,start       ] GC(73) Pause Full (System.gc())
[32.237s][info][gc,phases,start] GC(73) Marking Phase
[32.259s][info][gc,phases      ] GC(73) Marking Phase 21.952ms
[32.259s][info][gc,phases,start] GC(73) Summary Phase
[32.259s][info][gc,phases      ] GC(73) Summary Phase 0.009ms
[32.259s][info][gc,phases,start] GC(73) Adjust Roots
[32.269s][info][gc,phases      ] GC(73) Adjust Roots 9.441ms
[32.269s][info][gc,phases,start] GC(73) Compaction Phase
[32.274s][info][gc,phases      ] GC(73) Compaction Phase 5.194ms
[32.274s][info][gc,phases,start] GC(73) Post Compact
[32.275s][info][gc,phases      ] GC(73) Post Compact 0.899ms
[32.275s][info][gc,heap        ] GC(73) PSYoungGen: 1423K(1394176K)->0K(1394176K) Eden: 0K(1390592K)->0K(1390592K) From: 1423K(3584K)->0K(3584K)
[32.275s][info][gc,heap        ] GC(73) ParOldGen: 37549K(2796544K)->37977K(2796544K)
[32.275s][info][gc,metaspace   ] GC(73) Metaspace: 95614K(96512K)->95614K(96512K) NonClass: 85720K(86208K)->85720K(86208K) Class: 9894K(10304K)->9894K(10304K)
[32.275s][info][gc             ] GC(73) Pause Full (System.gc()) 38M->37M(4092M) 37.795ms
[32.275s][info][gc,cpu         ] GC(73) User=0.02s Sys=0.00s Real=0.03s
[32.855s][info][gc,start       ] GC(74) Pause Young (System.gc())
[32.856s][info][gc,heap        ] GC(74) PSYoungGen: 1173829K(1394176K)->1381K(1394176K) Eden: 1173829K(1390592K)->0K(1390592K) From: 0K(3584K)->1381K(3584K)
[32.856s][info][gc,heap        ] GC(74) ParOldGen: 37977K(2796544K)->37977K(2796544K)
[32.856s][info][gc,metaspace   ] GC(74) Metaspace: 95617K(96512K)->95617K(96512K) NonClass: 85722K(86208K)->85722K(86208K) Class: 9894K(10304K)->9894K(10304K)
[32.856s][info][gc             ] GC(74) Pause Young (System.gc()) 1183M->38M(4092M) 1.070ms
[32.856s][info][gc,cpu         ] GC(74) User=0.00s Sys=0.00s Real=0.01s
[32.856s][info][gc,start       ] GC(75) Pause Full (System.gc())
[32.856s][info][gc,phases,start] GC(75) Marking Phase
[32.877s][info][gc,phases      ] GC(75) Marking Phase 20.792ms
[32.877s][info][gc,phases,start] GC(75) Summary Phase
[32.877s][info][gc,phases      ] GC(75) Summary Phase 0.010ms
[32.877s][info][gc,phases,start] GC(75) Adjust Roots
[32.885s][info][gc,phases      ] GC(75) Adjust Roots 8.759ms
[32.885s][info][gc,phases,start] GC(75) Compaction Phase
[32.892s][info][gc,phases      ] GC(75) Compaction Phase 6.465ms
[32.892s][info][gc,phases,start] GC(75) Post Compact
[32.893s][info][gc,phases      ] GC(75) Post Compact 0.810ms
[32.893s][info][gc,heap        ] GC(75) PSYoungGen: 1381K(1394176K)->0K(1394176K) Eden: 0K(1390592K)->0K(1390592K) From: 1381K(3584K)->0K(3584K)
[32.893s][info][gc,heap        ] GC(75) ParOldGen: 37977K(2796544K)->38079K(2796544K)
[32.893s][info][gc,metaspace   ] GC(75) Metaspace: 95617K(96512K)->95617K(96512K) NonClass: 85722K(86208K)->85722K(86208K) Class: 9894K(10304K)->9894K(10304K)
[32.893s][info][gc             ] GC(75) Pause Full (System.gc()) 38M->37M(4092M) 37.116ms
[32.893s][info][gc,cpu         ] GC(75) User=0.00s Sys=0.00s Real=0.03s
[33.470s][info][gc,start       ] GC(76) Pause Young (System.gc())
[33.471s][info][gc,heap        ] GC(76) PSYoungGen: 1174753K(1394176K)->1031K(1394688K) Eden: 1174753K(1390592K)->0K(1391104K) From: 0K(3584K)->1031K(3584K)
[33.471s][info][gc,heap        ] GC(76) ParOldGen: 38079K(2796544K)->38079K(2796544K)
[33.471s][info][gc,metaspace   ] GC(76) Metaspace: 95618K(96512K)->95618K(96512K) NonClass: 85723K(86208K)->85723K(86208K) Class: 9894K(10304K)->9894K(10304K)
[33.471s][info][gc             ] GC(76) Pause Young (System.gc()) 1184M->38M(4093M) 0.995ms
[33.471s][info][gc,cpu         ] GC(76) User=0.00s Sys=0.00s Real=0.00s
[33.471s][info][gc,start       ] GC(77) Pause Full (System.gc())
[33.471s][info][gc,phases,start] GC(77) Marking Phase
[33.492s][info][gc,phases      ] GC(77) Marking Phase 21.486ms
[33.493s][info][gc,phases,start] GC(77) Summary Phase
[33.493s][info][gc,phases      ] GC(77) Summary Phase 0.009ms
[33.493s][info][gc,phases,start] GC(77) Adjust Roots
[33.501s][info][gc,phases      ] GC(77) Adjust Roots 8.896ms
[33.501s][info][gc,phases,start] GC(77) Compaction Phase
[33.507s][info][gc,phases      ] GC(77) Compaction Phase 5.040ms
[33.507s][info][gc,phases,start] GC(77) Post Compact
[33.507s][info][gc,phases      ] GC(77) Post Compact 0.904ms
[33.508s][info][gc,heap        ] GC(77) PSYoungGen: 1031K(1394688K)->0K(1394688K) Eden: 0K(1391104K)->0K(1391104K) From: 1031K(3584K)->0K(3584K)
[33.508s][info][gc,heap        ] GC(77) ParOldGen: 38079K(2796544K)->37858K(2796544K)
[33.508s][info][gc,metaspace   ] GC(77) Metaspace: 95618K(96512K)->95618K(96512K) NonClass: 85723K(86208K)->85723K(86208K) Class: 9894K(10304K)->9894K(10304K)
[33.508s][info][gc             ] GC(77) Pause Full (System.gc()) 38M->36M(4093M) 36.626ms
[33.508s][info][gc,cpu         ] GC(77) User=0.02s Sys=0.00s Real=0.03s
[34.084s][info][gc,start       ] GC(78) Pause Young (System.gc())
[34.085s][info][gc,heap        ] GC(78) PSYoungGen: 1173016K(1394688K)->1388K(1394176K) Eden: 1173016K(1391104K)->0K(1391104K) From: 0K(3584K)->1388K(3072K)
[34.085s][info][gc,heap        ] GC(78) ParOldGen: 37858K(2796544K)->37858K(2796544K)
[34.085s][info][gc,metaspace   ] GC(78) Metaspace: 95633K(96512K)->95633K(96512K) NonClass: 85738K(86208K)->85738K(86208K) Class: 9894K(10304K)->9894K(10304K)
[34.085s][info][gc             ] GC(78) Pause Young (System.gc()) 1182M->38M(4092M) 1.034ms
[34.085s][info][gc,cpu         ] GC(78) User=0.00s Sys=0.00s Real=0.00s
[34.085s][info][gc,start       ] GC(79) Pause Full (System.gc())
[34.085s][info][gc,phases,start] GC(79) Marking Phase
[34.108s][info][gc,phases      ] GC(79) Marking Phase 22.200ms
[34.108s][info][gc,phases,start] GC(79) Summary Phase
[34.108s][info][gc,phases      ] GC(79) Summary Phase 0.013ms
[34.108s][info][gc,phases,start] GC(79) Adjust Roots
[34.116s][info][gc,phases      ] GC(79) Adjust Roots 8.453ms
[34.116s][info][gc,phases,start] GC(79) Compaction Phase
[34.121s][info][gc,phases      ] GC(79) Compaction Phase 4.880ms
[34.121s][info][gc,phases,start] GC(79) Post Compact
[34.122s][info][gc,phases      ] GC(79) Post Compact 0.983ms
[34.122s][info][gc,heap        ] GC(79) PSYoungGen: 1388K(1394176K)->0K(1394176K) Eden: 0K(1391104K)->0K(1391104K) From: 1388K(3072K)->0K(3072K)
[34.122s][info][gc,heap        ] GC(79) ParOldGen: 37858K(2796544K)->38284K(2796544K)
[34.122s][info][gc,metaspace   ] GC(79) Metaspace: 95633K(96512K)->95633K(96512K) NonClass: 85738K(86208K)->85738K(86208K) Class: 9894K(10304K)->9894K(10304K)
[34.122s][info][gc             ] GC(79) Pause Full (System.gc()) 38M->37M(4092M) 36.865ms
[34.122s][info][gc,cpu         ] GC(79) User=0.00s Sys=0.00s Real=0.04s
[34.698s][info][gc,start       ] GC(80) Pause Young (System.gc())
[34.698s][info][gc,heap        ] GC(80) PSYoungGen: 1172917K(1394176K)->1071K(1394688K) Eden: 1172917K(1391104K)->0K(1391616K) From: 0K(3072K)->1071K(3072K)
[34.698s][info][gc,heap        ] GC(80) ParOldGen: 38284K(2796544K)->38284K(2796544K)
[34.698s][info][gc,metaspace   ] GC(80) Metaspace: 95636K(96512K)->95636K(96512K) NonClass: 85741K(86208K)->85741K(86208K) Class: 9895K(10304K)->9895K(10304K)
[34.698s][info][gc             ] GC(80) Pause Young (System.gc()) 1182M->38M(4093M) 0.898ms
[34.698s][info][gc,cpu         ] GC(80) User=0.00s Sys=0.00s Real=0.00s
[34.699s][info][gc,start       ] GC(81) Pause Full (System.gc())
[34.699s][info][gc,phases,start] GC(81) Marking Phase
[34.720s][info][gc,phases      ] GC(81) Marking Phase 21.813ms
[34.720s][info][gc,phases,start] GC(81) Summary Phase
[34.720s][info][gc,phases      ] GC(81) Summary Phase 0.010ms
[34.720s][info][gc,phases,start] GC(81) Adjust Roots
[34.729s][info][gc,phases      ] GC(81) Adjust Roots 8.642ms
[34.729s][info][gc,phases,start] GC(81) Compaction Phase
[34.735s][info][gc,phases      ] GC(81) Compaction Phase 5.739ms
[34.735s][info][gc,phases,start] GC(81) Post Compact
[34.736s][info][gc,phases      ] GC(81) Post Compact 1.006ms
[34.736s][info][gc,heap        ] GC(81) PSYoungGen: 1071K(1394688K)->0K(1394688K) Eden: 0K(1391616K)->0K(1391616K) From: 1071K(3072K)->0K(3072K)
[34.736s][info][gc,heap        ] GC(81) ParOldGen: 38284K(2796544K)->38065K(2796544K)
[34.736s][info][gc,metaspace   ] GC(81) Metaspace: 95636K(96512K)->95636K(96512K) NonClass: 85741K(86208K)->85741K(86208K) Class: 9895K(10304K)->9895K(10304K)
[34.736s][info][gc             ] GC(81) Pause Full (System.gc()) 38M->37M(4093M) 37.529ms
[34.736s][info][gc,cpu         ] GC(81) User=0.02s Sys=0.00s Real=0.05s
[35.309s][info][gc,start       ] GC(82) Pause Young (System.gc())
[35.310s][info][gc,heap        ] GC(82) PSYoungGen: 1184156K(1394688K)->1127K(1394688K) Eden: 1184156K(1391616K)->0K(1391616K) From: 0K(3072K)->1127K(3072K)
[35.310s][info][gc,heap        ] GC(82) ParOldGen: 38065K(2796544K)->38065K(2796544K)
[35.310s][info][gc,metaspace   ] GC(82) Metaspace: 95648K(96512K)->95648K(96512K) NonClass: 85753K(86208K)->85753K(86208K) Class: 9895K(10304K)->9895K(10304K)
[35.310s][info][gc             ] GC(82) Pause Young (System.gc()) 1193M->38M(4093M) 1.006ms
[35.310s][info][gc,cpu         ] GC(82) User=0.00s Sys=0.00s Real=0.00s
[35.310s][info][gc,start       ] GC(83) Pause Full (System.gc())
[35.310s][info][gc,phases,start] GC(83) Marking Phase
[35.333s][info][gc,phases      ] GC(83) Marking Phase 22.713ms
[35.333s][info][gc,phases,start] GC(83) Summary Phase
[35.333s][info][gc,phases      ] GC(83) Summary Phase 0.009ms
[35.333s][info][gc,phases,start] GC(83) Adjust Roots
[35.342s][info][gc,phases      ] GC(83) Adjust Roots 9.121ms
[35.342s][info][gc,phases,start] GC(83) Compaction Phase
[35.348s][info][gc,phases      ] GC(83) Compaction Phase 6.479ms
[35.348s][info][gc,phases,start] GC(83) Post Compact
[35.349s][info][gc,phases      ] GC(83) Post Compact 0.808ms
[35.349s][info][gc,heap        ] GC(83) PSYoungGen: 1127K(1394688K)->0K(1394688K) Eden: 0K(1391616K)->0K(1391616K) From: 1127K(3072K)->0K(3072K)
[35.349s][info][gc,heap        ] GC(83) ParOldGen: 38065K(2796544K)->38081K(2796544K)
[35.349s][info][gc,metaspace   ] GC(83) Metaspace: 95648K(96512K)->95648K(96512K) NonClass: 85753K(86208K)->85753K(86208K) Class: 9895K(10304K)->9895K(10304K)
[35.349s][info][gc             ] GC(83) Pause Full (System.gc()) 38M->37M(4093M) 39.420ms
[35.349s][info][gc,cpu         ] GC(83) User=0.00s Sys=0.00s Real=0.05s
[35.931s][info][gc,start       ] GC(84) Pause Young (System.gc())
[35.932s][info][gc,heap        ] GC(84) PSYoungGen: 1173454K(1394688K)->1031K(1395200K) Eden: 1173454K(1391616K)->0K(1392128K) From: 0K(3072K)->1031K(3072K)
[35.932s][info][gc,heap        ] GC(84) ParOldGen: 38081K(2796544K)->38081K(2796544K)
[35.932s][info][gc,metaspace   ] GC(84) Metaspace: 95648K(96512K)->95648K(96512K) NonClass: 85753K(86208K)->85753K(86208K) Class: 9895K(10304K)->9895K(10304K)
[35.932s][info][gc             ] GC(84) Pause Young (System.gc()) 1183M->38M(4093M) 1.196ms
[35.932s][info][gc,cpu         ] GC(84) User=0.00s Sys=0.00s Real=0.00s
[35.933s][info][gc,start       ] GC(85) Pause Full (System.gc())
[35.933s][info][gc,phases,start] GC(85) Marking Phase
[35.953s][info][gc,phases      ] GC(85) Marking Phase 20.925ms
[35.954s][info][gc,phases,start] GC(85) Summary Phase
[35.954s][info][gc,phases      ] GC(85) Summary Phase 0.009ms
[35.954s][info][gc,phases,start] GC(85) Adjust Roots
[35.962s][info][gc,phases      ] GC(85) Adjust Roots 8.819ms
[35.962s][info][gc,phases,start] GC(85) Compaction Phase
[35.968s][info][gc,phases      ] GC(85) Compaction Phase 5.189ms
[35.968s][info][gc,phases,start] GC(85) Post Compact
[35.969s][info][gc,phases      ] GC(85) Post Compact 0.866ms
[35.969s][info][gc,heap        ] GC(85) PSYoungGen: 1031K(1395200K)->0K(1395200K) Eden: 0K(1392128K)->0K(1392128K) From: 1031K(3072K)->0K(3072K)
[35.969s][info][gc,heap        ] GC(85) ParOldGen: 38081K(2796544K)->38182K(2796544K)
[35.969s][info][gc,metaspace   ] GC(85) Metaspace: 95648K(96512K)->95648K(96512K) NonClass: 85753K(86208K)->85753K(86208K) Class: 9895K(10304K)->9895K(10304K)
[35.969s][info][gc             ] GC(85) Pause Full (System.gc()) 38M->37M(4093M) 36.112ms
[35.969s][info][gc,cpu         ] GC(85) User=0.00s Sys=0.00s Real=0.03s
[36.545s][info][gc,start       ] GC(86) Pause Young (System.gc())
[36.545s][info][gc,heap        ] GC(86) PSYoungGen: 1174904K(1395200K)->1039K(1394688K) Eden: 1174904K(1392128K)->0K(1392128K) From: 0K(3072K)->1039K(2560K)
[36.546s][info][gc,heap        ] GC(86) ParOldGen: 38182K(2796544K)->38182K(2796544K)
[36.546s][info][gc,metaspace   ] GC(86) Metaspace: 95648K(96512K)->95648K(96512K) NonClass: 85753K(86208K)->85753K(86208K) Class: 9895K(10304K)->9895K(10304K)
[36.546s][info][gc             ] GC(86) Pause Young (System.gc()) 1184M->38M(4093M) 0.912ms
[36.546s][info][gc,cpu         ] GC(86) User=0.00s Sys=0.00s Real=0.00s
[36.546s][info][gc,start       ] GC(87) Pause Full (System.gc())
[36.546s][info][gc,phases,start] GC(87) Marking Phase
[36.566s][info][gc,phases      ] GC(87) Marking Phase 20.730ms
[36.566s][info][gc,phases,start] GC(87) Summary Phase
[36.566s][info][gc,phases      ] GC(87) Summary Phase 0.009ms
[36.566s][info][gc,phases,start] GC(87) Adjust Roots
[36.575s][info][gc,phases      ] GC(87) Adjust Roots 8.484ms
[36.575s][info][gc,phases,start] GC(87) Compaction Phase
[36.581s][info][gc,phases      ] GC(87) Compaction Phase 5.901ms
[36.581s][info][gc,phases,start] GC(87) Post Compact
[36.582s][info][gc,phases      ] GC(87) Post Compact 0.951ms
[36.582s][info][gc,heap        ] GC(87) PSYoungGen: 1039K(1394688K)->0K(1394688K) Eden: 0K(1392128K)->0K(1392128K) From: 1039K(2560K)->0K(2560K)
[36.582s][info][gc,heap        ] GC(87) ParOldGen: 38182K(2796544K)->38285K(2796544K)
[36.582s][info][gc,metaspace   ] GC(87) Metaspace: 95648K(96512K)->95648K(96512K) NonClass: 85753K(86208K)->85753K(86208K) Class: 9895K(10304K)->9895K(10304K)
[36.582s][info][gc             ] GC(87) Pause Full (System.gc()) 38M->37M(4093M) 36.344ms
[36.582s][info][gc,cpu         ] GC(87) User=0.00s Sys=0.00s Real=0.03s
[37.156s][info][gc,start       ] GC(88) Pause Young (System.gc())
[37.157s][info][gc,heap        ] GC(88) PSYoungGen: 1173199K(1394688K)->1381K(1395200K) Eden: 1173199K(1392128K)->0K(1392640K) From: 0K(2560K)->1381K(2560K)
[37.157s][info][gc,heap        ] GC(88) ParOldGen: 38285K(2796544K)->38285K(2796544K)
[37.157s][info][gc,metaspace   ] GC(88) Metaspace: 95648K(96512K)->95648K(96512K) NonClass: 85753K(86208K)->85753K(86208K) Class: 9895K(10304K)->9895K(10304K)
[37.157s][info][gc             ] GC(88) Pause Young (System.gc()) 1183M->38M(4093M) 1.014ms
[37.158s][info][gc,cpu         ] GC(88) User=0.00s Sys=0.00s Real=0.00s
[37.158s][info][gc,start       ] GC(89) Pause Full (System.gc())
[37.158s][info][gc,phases,start] GC(89) Marking Phase
[37.179s][info][gc,phases      ] GC(89) Marking Phase 21.264ms
[37.179s][info][gc,phases,start] GC(89) Summary Phase
[37.179s][info][gc,phases      ] GC(89) Summary Phase 0.015ms
[37.179s][info][gc,phases,start] GC(89) Adjust Roots
[37.187s][info][gc,phases      ] GC(89) Adjust Roots 8.545ms
[37.188s][info][gc,phases,start] GC(89) Compaction Phase
[37.194s][info][gc,phases      ] GC(89) Compaction Phase 6.476ms
[37.194s][info][gc,phases,start] GC(89) Post Compact
[37.195s][info][gc,phases      ] GC(89) Post Compact 0.791ms
[37.195s][info][gc,heap        ] GC(89) PSYoungGen: 1381K(1395200K)->0K(1395200K) Eden: 0K(1392640K)->0K(1392640K) From: 1381K(2560K)->0K(2560K)
[37.195s][info][gc,heap        ] GC(89) ParOldGen: 38285K(2796544K)->38711K(2796544K)
[37.195s][info][gc,metaspace   ] GC(89) Metaspace: 95648K(96512K)->95648K(96512K) NonClass: 85753K(86208K)->85753K(86208K) Class: 9895K(10304K)->9895K(10304K)
[37.195s][info][gc             ] GC(89) Pause Full (System.gc()) 38M->37M(4093M) 37.403ms
[37.195s][info][gc,cpu         ] GC(89) User=0.05s Sys=0.00s Real=0.04s
[37.764s][info][gc,start       ] GC(90) Pause Young (System.gc())
[37.764s][info][gc,heap        ] GC(90) PSYoungGen: 1175322K(1395200K)->1046K(1395200K) Eden: 1175322K(1392640K)->0K(1392640K) From: 0K(2560K)->1046K(2560K)
[37.764s][info][gc,heap        ] GC(90) ParOldGen: 38711K(2796544K)->38711K(2796544K)
[37.764s][info][gc,metaspace   ] GC(90) Metaspace: 95648K(96512K)->95648K(96512K) NonClass: 85753K(86208K)->85753K(86208K) Class: 9895K(10304K)->9895K(10304K)
[37.764s][info][gc             ] GC(90) Pause Young (System.gc()) 1185M->38M(4093M) 0.864ms
[37.765s][info][gc,cpu         ] GC(90) User=0.00s Sys=0.00s Real=0.00s
[37.765s][info][gc,start       ] GC(91) Pause Full (System.gc())
[37.765s][info][gc,phases,start] GC(91) Marking Phase
[37.786s][info][gc,phases      ] GC(91) Marking Phase 21.716ms
[37.786s][info][gc,phases,start] GC(91) Summary Phase
[37.786s][info][gc,phases      ] GC(91) Summary Phase 0.009ms
[37.786s][info][gc,phases,start] GC(91) Adjust Roots
[37.795s][info][gc,phases      ] GC(91) Adjust Roots 8.728ms
[37.795s][info][gc,phases,start] GC(91) Compaction Phase
[37.801s][info][gc,phases      ] GC(91) Compaction Phase 5.998ms
[37.801s][info][gc,phases,start] GC(91) Post Compact
[37.802s][info][gc,phases      ] GC(91) Post Compact 0.708ms
[37.802s][info][gc,heap        ] GC(91) PSYoungGen: 1046K(1395200K)->0K(1395200K) Eden: 0K(1392640K)->0K(1392640K) From: 1046K(2560K)->0K(2560K)
[37.802s][info][gc,heap        ] GC(91) ParOldGen: 38711K(2796544K)->38490K(2796544K)
[37.802s][info][gc,metaspace   ] GC(91) Metaspace: 95648K(96512K)->95648K(96512K) NonClass: 85753K(86208K)->85753K(86208K) Class: 9895K(10304K)->9895K(10304K)
[37.802s][info][gc             ] GC(91) Pause Full (System.gc()) 38M->37M(4093M) 37.492ms
[37.802s][info][gc,cpu         ] GC(91) User=0.00s Sys=0.00s Real=0.03s
[38.376s][info][gc,start       ] GC(92) Pause Young (System.gc())
[38.377s][info][gc,heap        ] GC(92) PSYoungGen: 1179537K(1395200K)->1039K(1395200K) Eden: 1179537K(1392640K)->0K(1392640K) From: 0K(2560K)->1039K(2560K)
[38.377s][info][gc,heap        ] GC(92) ParOldGen: 38490K(2796544K)->38490K(2796544K)
[38.377s][info][gc,metaspace   ] GC(92) Metaspace: 95649K(96512K)->95649K(96512K) NonClass: 85754K(86208K)->85754K(86208K) Class: 9895K(10304K)->9895K(10304K)
[38.377s][info][gc             ] GC(92) Pause Young (System.gc()) 1189M->38M(4093M) 0.895ms
[38.377s][info][gc,cpu         ] GC(92) User=0.00s Sys=0.00s Real=0.00s
[38.377s][info][gc,start       ] GC(93) Pause Full (System.gc())
[38.377s][info][gc,phases,start] GC(93) Marking Phase
[38.399s][info][gc,phases      ] GC(93) Marking Phase 21.804ms
[38.399s][info][gc,phases,start] GC(93) Summary Phase
[38.399s][info][gc,phases      ] GC(93) Summary Phase 0.009ms
[38.399s][info][gc,phases,start] GC(93) Adjust Roots
[38.408s][info][gc,phases      ] GC(93) Adjust Roots 9.089ms
[38.408s][info][gc,phases,start] GC(93) Compaction Phase
[38.414s][info][gc,phases      ] GC(93) Compaction Phase 6.093ms
[38.414s][info][gc,phases,start] GC(93) Post Compact
[38.415s][info][gc,phases      ] GC(93) Post Compact 0.896ms
[38.415s][info][gc,heap        ] GC(93) PSYoungGen: 1039K(1395200K)->0K(1395200K) Eden: 0K(1392640K)->0K(1392640K) From: 1039K(2560K)->0K(2560K)
[38.415s][info][gc,heap        ] GC(93) ParOldGen: 38490K(2796544K)->38590K(2796544K)
[38.415s][info][gc,metaspace   ] GC(93) Metaspace: 95649K(96512K)->95649K(96512K) NonClass: 85754K(86208K)->85754K(86208K) Class: 9895K(10304K)->9895K(10304K)
[38.415s][info][gc             ] GC(93) Pause Full (System.gc()) 38M->37M(4093M) 38.189ms
[38.415s][info][gc,cpu         ] GC(93) User=0.00s Sys=0.00s Real=0.03s
[38.986s][info][gc,start       ] GC(94) Pause Young (System.gc())
[38.987s][info][gc,heap        ] GC(94) PSYoungGen: 1175186K(1395200K)->1135K(1395200K) Eden: 1175186K(1392640K)->0K(1392640K) From: 0K(2560K)->1135K(2560K)
[38.987s][info][gc,heap        ] GC(94) ParOldGen: 38590K(2796544K)->38590K(2796544K)
[38.987s][info][gc,metaspace   ] GC(94) Metaspace: 95666K(96512K)->95666K(96512K) NonClass: 85770K(86208K)->85770K(86208K) Class: 9895K(10304K)->9895K(10304K)
[38.987s][info][gc             ] GC(94) Pause Young (System.gc()) 1185M->38M(4093M) 0.872ms
[38.987s][info][gc,cpu         ] GC(94) User=0.00s Sys=0.00s Real=0.00s
[38.987s][info][gc,start       ] GC(95) Pause Full (System.gc())
[38.987s][info][gc,phases,start] GC(95) Marking Phase
[39.008s][info][gc,phases      ] GC(95) Marking Phase 20.720ms
[39.008s][info][gc,phases,start] GC(95) Summary Phase
[39.008s][info][gc,phases      ] GC(95) Summary Phase 0.010ms
[39.008s][info][gc,phases,start] GC(95) Adjust Roots
[39.017s][info][gc,phases      ] GC(95) Adjust Roots 9.340ms
[39.017s][info][gc,phases,start] GC(95) Compaction Phase
[39.024s][info][gc,phases      ] GC(95) Compaction Phase 6.823ms
[39.024s][info][gc,phases,start] GC(95) Post Compact
[39.025s][info][gc,phases      ] GC(95) Post Compact 0.977ms
[39.025s][info][gc,heap        ] GC(95) PSYoungGen: 1135K(1395200K)->0K(1395200K) Eden: 0K(1392640K)->0K(1392640K) From: 1135K(2560K)->0K(2560K)
[39.025s][info][gc,heap        ] GC(95) ParOldGen: 38590K(2796544K)->38717K(2796544K)
[39.025s][info][gc,metaspace   ] GC(95) Metaspace: 95666K(96512K)->95666K(96512K) NonClass: 85770K(86208K)->85770K(86208K) Class: 9895K(10304K)->9895K(10304K)
[39.025s][info][gc             ] GC(95) Pause Full (System.gc()) 38M->37M(4093M) 38.191ms
[39.025s][info][gc,cpu         ] GC(95) User=0.03s Sys=0.00s Real=0.05s
[39.590s][info][gc,start       ] GC(96) Pause Young (System.gc())
[39.591s][info][gc,heap        ] GC(96) PSYoungGen: 1177649K(1395200K)->1102K(1395200K) Eden: 1177649K(1392640K)->0K(1392640K) From: 0K(2560K)->1102K(2560K)
[39.591s][info][gc,heap        ] GC(96) ParOldGen: 38717K(2796544K)->38717K(2796544K)
[39.591s][info][gc,metaspace   ] GC(96) Metaspace: 95669K(96512K)->95669K(96512K) NonClass: 85773K(86208K)->85773K(86208K) Class: 9895K(10304K)->9895K(10304K)
[39.591s][info][gc             ] GC(96) Pause Young (System.gc()) 1187M->38M(4093M) 1.142ms
[39.591s][info][gc,cpu         ] GC(96) User=0.00s Sys=0.00s Real=0.01s
[39.591s][info][gc,start       ] GC(97) Pause Full (System.gc())
[39.591s][info][gc,phases,start] GC(97) Marking Phase
[39.612s][info][gc,phases      ] GC(97) Marking Phase 21.450ms
[39.612s][info][gc,phases,start] GC(97) Summary Phase
[39.613s][info][gc,phases      ] GC(97) Summary Phase 0.009ms
[39.613s][info][gc,phases,start] GC(97) Adjust Roots
[39.621s][info][gc,phases      ] GC(97) Adjust Roots 8.574ms
[39.621s][info][gc,phases,start] GC(97) Compaction Phase
[39.628s][info][gc,phases      ] GC(97) Compaction Phase 7.195ms
[39.628s][info][gc,phases,start] GC(97) Post Compact
[39.629s][info][gc,phases      ] GC(97) Post Compact 0.955ms
[39.629s][info][gc,heap        ] GC(97) PSYoungGen: 1102K(1395200K)->0K(1395200K) Eden: 0K(1392640K)->0K(1392640K) From: 1102K(2560K)->0K(2560K)
[39.629s][info][gc,heap        ] GC(97) ParOldGen: 38717K(2796544K)->38825K(2796544K)
[39.629s][info][gc,metaspace   ] GC(97) Metaspace: 95669K(96512K)->95669K(96512K) NonClass: 85773K(86208K)->85773K(86208K) Class: 9895K(10304K)->9895K(10304K)
[39.629s][info][gc             ] GC(97) Pause Full (System.gc()) 38M->37M(4093M) 38.487ms
[39.630s][info][gc,cpu         ] GC(97) User=0.00s Sys=0.00s Real=0.03s
[40.198s][info][gc,start       ] GC(98) Pause Young (System.gc())
[40.199s][info][gc,heap        ] GC(98) PSYoungGen: 1174683K(1395200K)->1388K(1395200K) Eden: 1174683K(1392640K)->0K(1392640K) From: 0K(2560K)->1388K(2560K)
[40.199s][info][gc,heap        ] GC(98) ParOldGen: 38825K(2796544K)->38825K(2796544K)
[40.199s][info][gc,metaspace   ] GC(98) Metaspace: 95670K(96512K)->95670K(96512K) NonClass: 85774K(86208K)->85774K(86208K) Class: 9895K(10304K)->9895K(10304K)
[40.199s][info][gc             ] GC(98) Pause Young (System.gc()) 1185M->39M(4093M) 1.058ms
[40.199s][info][gc,cpu         ] GC(98) User=0.00s Sys=0.00s Real=0.00s
[40.199s][info][gc,start       ] GC(99) Pause Full (System.gc())
[40.199s][info][gc,phases,start] GC(99) Marking Phase
[40.221s][info][gc,phases      ] GC(99) Marking Phase 21.975ms
[40.221s][info][gc,phases,start] GC(99) Summary Phase
[40.221s][info][gc,phases      ] GC(99) Summary Phase 0.009ms
[40.221s][info][gc,phases,start] GC(99) Adjust Roots
[40.230s][info][gc,phases      ] GC(99) Adjust Roots 8.873ms
[40.230s][info][gc,phases,start] GC(99) Compaction Phase
[40.236s][info][gc,phases      ] GC(99) Compaction Phase 6.417ms
[40.236s][info][gc,phases,start] GC(99) Post Compact
[40.237s][info][gc,phases      ] GC(99) Post Compact 1.016ms
[40.237s][info][gc,heap        ] GC(99) PSYoungGen: 1388K(1395200K)->0K(1395200K) Eden: 0K(1392640K)->0K(1392640K) From: 1388K(2560K)->0K(2560K)
[40.237s][info][gc,heap        ] GC(99) ParOldGen: 38825K(2796544K)->39250K(2796544K)
[40.237s][info][gc,metaspace   ] GC(99) Metaspace: 95670K(96512K)->95670K(96512K) NonClass: 85774K(86208K)->85774K(86208K) Class: 9895K(10304K)->9895K(10304K)
[40.237s][info][gc             ] GC(99) Pause Full (System.gc()) 39M->38M(4093M) 38.591ms
[40.237s][info][gc,cpu         ] GC(99) User=0.00s Sys=0.00s Real=0.03s
[40.802s][info][gc,start       ] GC(100) Pause Young (System.gc())
[40.802s][info][gc,heap        ] GC(100) PSYoungGen: 1175154K(1395200K)->1009K(1395712K) Eden: 1175154K(1392640K)->0K(1393664K) From: 0K(2560K)->1009K(2048K)
[40.802s][info][gc,heap        ] GC(100) ParOldGen: 39250K(2796544K)->39250K(2796544K)
[40.802s][info][gc,metaspace   ] GC(100) Metaspace: 95670K(96512K)->95670K(96512K) NonClass: 85774K(86208K)->85774K(86208K) Class: 9895K(10304K)->9895K(10304K)
[40.802s][info][gc             ] GC(100) Pause Young (System.gc()) 1185M->39M(4094M) 0.850ms
[40.803s][info][gc,cpu         ] GC(100) User=0.00s Sys=0.00s Real=0.00s
[40.803s][info][gc,start       ] GC(101) Pause Full (System.gc())
[40.803s][info][gc,phases,start] GC(101) Marking Phase
[40.825s][info][gc,phases      ] GC(101) Marking Phase 22.180ms
[40.825s][info][gc,phases,start] GC(101) Summary Phase
[40.825s][info][gc,phases      ] GC(101) Summary Phase 0.015ms
[40.825s][info][gc,phases,start] GC(101) Adjust Roots
[40.834s][info][gc,phases      ] GC(101) Adjust Roots 9.008ms
[40.834s][info][gc,phases,start] GC(101) Compaction Phase
[40.841s][info][gc,phases      ] GC(101) Compaction Phase 6.604ms
[40.841s][info][gc,phases,start] GC(101) Post Compact
[40.842s][info][gc,phases      ] GC(101) Post Compact 0.962ms
[40.842s][info][gc,heap        ] GC(101) PSYoungGen: 1009K(1395712K)->0K(1395712K) Eden: 0K(1393664K)->0K(1393664K) From: 1009K(2048K)->0K(2048K)
[40.842s][info][gc,heap        ] GC(101) ParOldGen: 39250K(2796544K)->39028K(2796544K)
[40.842s][info][gc,metaspace   ] GC(101) Metaspace: 95670K(96512K)->95670K(96512K) NonClass: 85774K(86208K)->85774K(86208K) Class: 9895K(10304K)->9895K(10304K)
[40.842s][info][gc             ] GC(101) Pause Full (System.gc()) 39M->38M(4094M) 39.134ms
[40.842s][info][gc,cpu         ] GC(101) User=0.02s Sys=0.00s Real=0.03s
[41.405s][info][gc,start       ] GC(102) Pause Young (System.gc())
[41.406s][info][gc,heap        ] GC(102) PSYoungGen: 1178109K(1395712K)->1039K(1395712K) Eden: 1178109K(1393664K)->0K(1393664K) From: 0K(2048K)->1039K(2048K)
[41.406s][info][gc,heap        ] GC(102) ParOldGen: 39028K(2796544K)->39028K(2796544K)
[41.406s][info][gc,metaspace   ] GC(102) Metaspace: 95670K(96512K)->95670K(96512K) NonClass: 85774K(86208K)->85774K(86208K) Class: 9895K(10304K)->9895K(10304K)
[41.406s][info][gc             ] GC(102) Pause Young (System.gc()) 1188M->39M(4094M) 0.915ms
[41.406s][info][gc,cpu         ] GC(102) User=0.00s Sys=0.00s Real=0.00s
[41.406s][info][gc,start       ] GC(103) Pause Full (System.gc())
[41.406s][info][gc,phases,start] GC(103) Marking Phase
[41.427s][info][gc,phases      ] GC(103) Marking Phase 21.310ms
[41.427s][info][gc,phases,start] GC(103) Summary Phase
[41.427s][info][gc,phases      ] GC(103) Summary Phase 0.009ms
[41.427s][info][gc,phases,start] GC(103) Adjust Roots
[41.436s][info][gc,phases      ] GC(103) Adjust Roots 8.605ms
[41.436s][info][gc,phases,start] GC(103) Compaction Phase
[41.441s][info][gc,phases      ] GC(103) Compaction Phase 5.432ms
[41.441s][info][gc,phases,start] GC(103) Post Compact
[41.442s][info][gc,phases      ] GC(103) Post Compact 0.850ms
[41.442s][info][gc,heap        ] GC(103) PSYoungGen: 1039K(1395712K)->0K(1395712K) Eden: 0K(1393664K)->0K(1393664K) From: 1039K(2048K)->0K(2048K)
[41.442s][info][gc,heap        ] GC(103) ParOldGen: 39028K(2796544K)->39131K(2796544K)
[41.442s][info][gc,metaspace   ] GC(103) Metaspace: 95670K(96512K)->95670K(96512K) NonClass: 85774K(86208K)->85774K(86208K) Class: 9895K(10304K)->9895K(10304K)
[41.442s][info][gc             ] GC(103) Pause Full (System.gc()) 39M->38M(4094M) 36.484ms
[41.442s][info][gc,cpu         ] GC(103) User=0.02s Sys=0.00s Real=0.03s
[42.006s][info][gc,start       ] GC(104) Pause Young (System.gc())
[42.007s][info][gc,heap        ] GC(104) PSYoungGen: 1177008K(1395712K)->1356K(1395712K) Eden: 1177008K(1393664K)->0K(1393664K) From: 0K(2048K)->1356K(2048K)
[42.007s][info][gc,heap        ] GC(104) ParOldGen: 39131K(2796544K)->39131K(2796544K)
[42.007s][info][gc,metaspace   ] GC(104) Metaspace: 95670K(96512K)->95670K(96512K) NonClass: 85774K(86208K)->85774K(86208K) Class: 9895K(10304K)->9895K(10304K)
[42.007s][info][gc             ] GC(104) Pause Young (System.gc()) 1187M->39M(4094M) 1.000ms
[42.007s][info][gc,cpu         ] GC(104) User=0.00s Sys=0.00s Real=0.00s
[42.007s][info][gc,start       ] GC(105) Pause Full (System.gc())
[42.007s][info][gc,phases,start] GC(105) Marking Phase
[42.028s][info][gc,phases      ] GC(105) Marking Phase 20.952ms
[42.028s][info][gc,phases,start] GC(105) Summary Phase
[42.028s][info][gc,phases      ] GC(105) Summary Phase 0.009ms
[42.028s][info][gc,phases,start] GC(105) Adjust Roots
[42.037s][info][gc,phases      ] GC(105) Adjust Roots 8.721ms
[42.037s][info][gc,phases,start] GC(105) Compaction Phase
[42.043s][info][gc,phases      ] GC(105) Compaction Phase 6.136ms
[42.043s][info][gc,phases,start] GC(105) Post Compact
[42.044s][info][gc,phases      ] GC(105) Post Compact 0.948ms
[42.044s][info][gc,heap        ] GC(105) PSYoungGen: 1356K(1395712K)->0K(1395712K) Eden: 0K(1393664K)->0K(1393664K) From: 1356K(2048K)->0K(2048K)
[42.044s][info][gc,heap        ] GC(105) ParOldGen: 39131K(2796544K)->39555K(2796544K)
[42.044s][info][gc,metaspace   ] GC(105) Metaspace: 95670K(96512K)->95670K(96512K) NonClass: 85774K(86208K)->85774K(86208K) Class: 9895K(10304K)->9895K(10304K)
[42.044s][info][gc             ] GC(105) Pause Full (System.gc()) 39M->38M(4094M) 37.105ms
[42.044s][info][gc,cpu         ] GC(105) User=0.00s Sys=0.00s Real=0.03s
[42.608s][info][gc,start       ] GC(106) Pause Young (System.gc())
[42.608s][info][gc,heap        ] GC(106) PSYoungGen: 1180992K(1395712K)->1055K(1395712K) Eden: 1180992K(1393664K)->0K(1393664K) From: 0K(2048K)->1055K(2048K)
[42.608s][info][gc,heap        ] GC(106) ParOldGen: 39555K(2796544K)->39555K(2796544K)
[42.608s][info][gc,metaspace   ] GC(106) Metaspace: 95671K(96512K)->95671K(96512K) NonClass: 85775K(86208K)->85775K(86208K) Class: 9895K(10304K)->9895K(10304K)
[42.608s][info][gc             ] GC(106) Pause Young (System.gc()) 1191M->39M(4094M) 0.825ms
[42.608s][info][gc,cpu         ] GC(106) User=0.00s Sys=0.00s Real=0.00s
[42.608s][info][gc,start       ] GC(107) Pause Full (System.gc())
[42.608s][info][gc,phases,start] GC(107) Marking Phase
[42.629s][info][gc,phases      ] GC(107) Marking Phase 20.381ms
[42.629s][info][gc,phases,start] GC(107) Summary Phase
[42.629s][info][gc,phases      ] GC(107) Summary Phase 0.009ms
[42.629s][info][gc,phases,start] GC(107) Adjust Roots
[42.638s][info][gc,phases      ] GC(107) Adjust Roots 8.731ms
[42.638s][info][gc,phases,start] GC(107) Compaction Phase
[42.644s][info][gc,phases      ] GC(107) Compaction Phase 6.311ms
[42.644s][info][gc,phases,start] GC(107) Post Compact
[42.645s][info][gc,phases      ] GC(107) Post Compact 0.867ms
[42.645s][info][gc,heap        ] GC(107) PSYoungGen: 1055K(1395712K)->0K(1395712K) Eden: 0K(1393664K)->0K(1393664K) From: 1055K(2048K)->0K(2048K)
[42.645s][info][gc,heap        ] GC(107) ParOldGen: 39555K(2796544K)->39333K(2796544K)
[42.645s][info][gc,metaspace   ] GC(107) Metaspace: 95671K(96512K)->95671K(96512K) NonClass: 85775K(86208K)->85775K(86208K) Class: 9895K(10304K)->9895K(10304K)
[42.645s][info][gc             ] GC(107) Pause Full (System.gc()) 39M->38M(4094M) 36.576ms
[42.645s][info][gc,cpu         ] GC(107) User=0.00s Sys=0.00s Real=0.03s
[43.211s][info][gc,start       ] GC(108) Pause Young (System.gc())
[43.212s][info][gc,heap        ] GC(108) PSYoungGen: 1174484K(1395712K)->1063K(1395712K) Eden: 1174484K(1393664K)->0K(1393664K) From: 0K(2048K)->1063K(2048K)
[43.212s][info][gc,heap        ] GC(108) ParOldGen: 39333K(2796544K)->39333K(2796544K)
[43.212s][info][gc,metaspace   ] GC(108) Metaspace: 95672K(96512K)->95672K(96512K) NonClass: 85777K(86208K)->85777K(86208K) Class: 9895K(10304K)->9895K(10304K)
[43.212s][info][gc             ] GC(108) Pause Young (System.gc()) 1185M->39M(4094M) 0.832ms
[43.212s][info][gc,cpu         ] GC(108) User=0.00s Sys=0.00s Real=0.00s
[43.212s][info][gc,start       ] GC(109) Pause Full (System.gc())
[43.212s][info][gc,phases,start] GC(109) Marking Phase
[43.235s][info][gc,phases      ] GC(109) Marking Phase 22.569ms
[43.235s][info][gc,phases,start] GC(109) Summary Phase
[43.235s][info][gc,phases      ] GC(109) Summary Phase 0.009ms
[43.235s][info][gc,phases,start] GC(109) Adjust Roots
[43.243s][info][gc,phases      ] GC(109) Adjust Roots 8.500ms
[43.243s][info][gc,phases,start] GC(109) Compaction Phase
[43.250s][info][gc,phases      ] GC(109) Compaction Phase 6.240ms
[43.250s][info][gc,phases,start] GC(109) Post Compact
[43.250s][info][gc,phases      ] GC(109) Post Compact 0.756ms
[43.251s][info][gc,heap        ] GC(109) PSYoungGen: 1063K(1395712K)->0K(1395712K) Eden: 0K(1393664K)->0K(1393664K) From: 1063K(2048K)->0K(2048K)
[43.251s][info][gc,heap        ] GC(109) ParOldGen: 39333K(2796544K)->39435K(2796544K)
[43.251s][info][gc,metaspace   ] GC(109) Metaspace: 95672K(96512K)->95672K(96512K) NonClass: 85777K(86208K)->85777K(86208K) Class: 9895K(10304K)->9895K(10304K)
[43.251s][info][gc             ] GC(109) Pause Full (System.gc()) 39M->38M(4094M) 38.344ms
[43.251s][info][gc,cpu         ] GC(109) User=0.02s Sys=0.00s Real=0.05s
[43.820s][info][gc,start       ] GC(110) Pause Young (System.gc())
[43.821s][info][gc,heap        ] GC(110) PSYoungGen: 1177968K(1395712K)->1022K(1395712K) Eden: 1177968K(1393664K)->0K(1393664K) From: 0K(2048K)->1022K(2048K)
[43.821s][info][gc,heap        ] GC(110) ParOldGen: 39435K(2796544K)->39435K(2796544K)
[43.821s][info][gc,metaspace   ] GC(110) Metaspace: 95675K(96512K)->95675K(96512K) NonClass: 85779K(86208K)->85779K(86208K) Class: 9895K(10304K)->9895K(10304K)
[43.821s][info][gc             ] GC(110) Pause Young (System.gc()) 1188M->39M(4094M) 0.891ms
[43.821s][info][gc,cpu         ] GC(110) User=0.00s Sys=0.00s Real=0.00s
[43.821s][info][gc,start       ] GC(111) Pause Full (System.gc())
[43.821s][info][gc,phases,start] GC(111) Marking Phase
[43.842s][info][gc,phases      ] GC(111) Marking Phase 20.591ms
[43.842s][info][gc,phases,start] GC(111) Summary Phase
[43.842s][info][gc,phases      ] GC(111) Summary Phase 0.009ms
[43.842s][info][gc,phases,start] GC(111) Adjust Roots
[43.851s][info][gc,phases      ] GC(111) Adjust Roots 8.999ms
[43.851s][info][gc,phases,start] GC(111) Compaction Phase
[43.859s][info][gc,phases      ] GC(111) Compaction Phase 8.318ms
[43.859s][info][gc,phases,start] GC(111) Post Compact
[43.860s][info][gc,phases      ] GC(111) Post Compact 0.968ms
[43.860s][info][gc,heap        ] GC(111) PSYoungGen: 1022K(1395712K)->0K(1395712K) Eden: 0K(1393664K)->0K(1393664K) From: 1022K(2048K)->0K(2048K)
[43.860s][info][gc,heap        ] GC(111) ParOldGen: 39435K(2796544K)->39538K(2796544K)
[43.860s][info][gc,metaspace   ] GC(111) Metaspace: 95675K(96512K)->95675K(96512K) NonClass: 85779K(86208K)->85779K(86208K) Class: 9895K(10304K)->9895K(10304K)
[43.860s][info][gc             ] GC(111) Pause Full (System.gc()) 39M->38M(4094M) 39.206ms
[43.860s][info][gc,cpu         ] GC(111) User=0.02s Sys=0.00s Real=0.03s
[44.426s][info][gc,start       ] GC(112) Pause Young (System.gc())
[44.427s][info][gc,heap        ] GC(112) PSYoungGen: 1175107K(1395712K)->1031K(1395712K) Eden: 1175107K(1393664K)->0K(1393664K) From: 0K(2048K)->1031K(2048K)
[44.427s][info][gc,heap        ] GC(112) ParOldGen: 39538K(2796544K)->39538K(2796544K)
[44.427s][info][gc,metaspace   ] GC(112) Metaspace: 95677K(96512K)->95677K(96512K) NonClass: 85781K(86208K)->85781K(86208K) Class: 9895K(10304K)->9895K(10304K)
[44.427s][info][gc             ] GC(112) Pause Young (System.gc()) 1186M->39M(4094M) 1.088ms
[44.427s][info][gc,cpu         ] GC(112) User=0.02s Sys=0.00s Real=0.02s
[44.427s][info][gc,start       ] GC(113) Pause Full (System.gc())
[44.427s][info][gc,phases,start] GC(113) Marking Phase
[44.449s][info][gc,phases      ] GC(113) Marking Phase 21.864ms
[44.449s][info][gc,phases,start] GC(113) Summary Phase
[44.449s][info][gc,phases      ] GC(113) Summary Phase 0.009ms
[44.449s][info][gc,phases,start] GC(113) Adjust Roots
[44.458s][info][gc,phases      ] GC(113) Adjust Roots 8.921ms
[44.458s][info][gc,phases,start] GC(113) Compaction Phase
[44.464s][info][gc,phases      ] GC(113) Compaction Phase 5.408ms
[44.464s][info][gc,phases,start] GC(113) Post Compact
[44.464s][info][gc,phases      ] GC(113) Post Compact 0.878ms
[44.465s][info][gc,heap        ] GC(113) PSYoungGen: 1031K(1395712K)->0K(1395712K) Eden: 0K(1393664K)->0K(1393664K) From: 1031K(2048K)->0K(2048K)
[44.465s][info][gc,heap        ] GC(113) ParOldGen: 39538K(2796544K)->39639K(2796544K)
[44.465s][info][gc,metaspace   ] GC(113) Metaspace: 95677K(96512K)->95677K(96512K) NonClass: 85781K(86208K)->85781K(86208K) Class: 9895K(10304K)->9895K(10304K)
[44.465s][info][gc             ] GC(113) Pause Full (System.gc()) 39M->38M(4094M) 37.387ms
[44.465s][info][gc,cpu         ] GC(113) User=0.00s Sys=0.00s Real=0.03s
[45.027s][info][gc,start       ] GC(114) Pause Young (System.gc())
[45.028s][info][gc,heap        ] GC(114) PSYoungGen: 1176941K(1395712K)->1388K(1395712K) Eden: 1176941K(1393664K)->0K(1393664K) From: 0K(2048K)->1388K(2048K)
[45.028s][info][gc,heap        ] GC(114) ParOldGen: 39639K(2796544K)->39639K(2796544K)
[45.028s][info][gc,metaspace   ] GC(114) Metaspace: 95678K(96512K)->95678K(96512K) NonClass: 85782K(86208K)->85782K(86208K) Class: 9895K(10304K)->9895K(10304K)
[45.028s][info][gc             ] GC(114) Pause Young (System.gc()) 1188M->40M(4094M) 1.095ms
[45.028s][info][gc,cpu         ] GC(114) User=0.00s Sys=0.00s Real=0.00s
[45.029s][info][gc,start       ] GC(115) Pause Full (System.gc())
[45.029s][info][gc,phases,start] GC(115) Marking Phase
[45.051s][info][gc,phases      ] GC(115) Marking Phase 22.689ms
[45.051s][info][gc,phases,start] GC(115) Summary Phase
[45.051s][info][gc,phases      ] GC(115) Summary Phase 0.009ms
[45.051s][info][gc,phases,start] GC(115) Adjust Roots
[45.060s][info][gc,phases      ] GC(115) Adjust Roots 9.034ms
[45.060s][info][gc,phases,start] GC(115) Compaction Phase
[45.067s][info][gc,phases      ] GC(115) Compaction Phase 6.283ms
[45.067s][info][gc,phases,start] GC(115) Post Compact
[45.068s][info][gc,phases      ] GC(115) Post Compact 1.034ms
[45.068s][info][gc,heap        ] GC(115) PSYoungGen: 1388K(1395712K)->0K(1395712K) Eden: 0K(1393664K)->0K(1393664K) From: 1388K(2048K)->0K(2048K)
[45.068s][info][gc,heap        ] GC(115) ParOldGen: 39639K(2796544K)->40070K(2796544K)
[45.068s][info][gc,metaspace   ] GC(115) Metaspace: 95678K(96512K)->95678K(96512K) NonClass: 85782K(86208K)->85782K(86208K) Class: 9895K(10304K)->9895K(10304K)
[45.068s][info][gc             ] GC(115) Pause Full (System.gc()) 40M->39M(4094M) 39.362ms
[45.068s][info][gc,cpu         ] GC(115) User=0.05s Sys=0.00s Real=0.05s
[45.640s][info][gc,start       ] GC(116) Pause Young (System.gc())
[45.641s][info][gc,heap        ] GC(116) PSYoungGen: 1184574K(1395712K)->1095K(1395712K) Eden: 1184574K(1393664K)->0K(1393664K) From: 0K(2048K)->1095K(2048K)
[45.641s][info][gc,heap        ] GC(116) ParOldGen: 40070K(2796544K)->40070K(2796544K)
[45.641s][info][gc,metaspace   ] GC(116) Metaspace: 95678K(96512K)->95678K(96512K) NonClass: 85782K(86208K)->85782K(86208K) Class: 9895K(10304K)->9895K(10304K)
[45.641s][info][gc             ] GC(116) Pause Young (System.gc()) 1195M->40M(4094M) 1.101ms
[45.641s][info][gc,cpu         ] GC(116) User=0.08s Sys=0.00s Real=0.02s
[45.641s][info][gc,start       ] GC(117) Pause Full (System.gc())
[45.641s][info][gc,phases,start] GC(117) Marking Phase
[45.661s][info][gc,phases      ] GC(117) Marking Phase 20.585ms
[45.661s][info][gc,phases,start] GC(117) Summary Phase
[45.661s][info][gc,phases      ] GC(117) Summary Phase 0.009ms
[45.661s][info][gc,phases,start] GC(117) Adjust Roots
[45.671s][info][gc,phases      ] GC(117) Adjust Roots 9.441ms
[45.671s][info][gc,phases,start] GC(117) Compaction Phase
[45.677s][info][gc,phases      ] GC(117) Compaction Phase 5.747ms
[45.677s][info][gc,phases,start] GC(117) Post Compact
[45.678s][info][gc,phases      ] GC(117) Post Compact 0.896ms
[45.678s][info][gc,heap        ] GC(117) PSYoungGen: 1095K(1395712K)->0K(1395712K) Eden: 0K(1393664K)->0K(1393664K) From: 1095K(2048K)->0K(2048K)
[45.678s][info][gc,heap        ] GC(117) ParOldGen: 40070K(2796544K)->39763K(2796544K)
[45.678s][info][gc,metaspace   ] GC(117) Metaspace: 95678K(96512K)->95678K(96512K) NonClass: 85782K(86208K)->85782K(86208K) Class: 9895K(10304K)->9895K(10304K)
[45.678s][info][gc             ] GC(117) Pause Full (System.gc()) 40M->38M(4094M) 36.980ms
[45.678s][info][gc,cpu         ] GC(117) User=0.00s Sys=0.00s Real=0.03s
[46.239s][info][gc,start       ] GC(118) Pause Young (System.gc())
[46.239s][info][gc,heap        ] GC(118) PSYoungGen: 1172138K(1395712K)->1063K(1395712K) Eden: 1172138K(1393664K)->0K(1393664K) From: 0K(2048K)->1063K(2048K)
[46.239s][info][gc,heap        ] GC(118) ParOldGen: 39763K(2796544K)->39763K(2796544K)
[46.239s][info][gc,metaspace   ] GC(118) Metaspace: 95678K(96512K)->95678K(96512K) NonClass: 85782K(86208K)->85782K(86208K) Class: 9895K(10304K)->9895K(10304K)
[46.240s][info][gc             ] GC(118) Pause Young (System.gc()) 1183M->39M(4094M) 0.953ms
[46.240s][info][gc,cpu         ] GC(118) User=0.00s Sys=0.00s Real=0.00s
[46.240s][info][gc,start       ] GC(119) Pause Full (System.gc())
[46.240s][info][gc,phases,start] GC(119) Marking Phase
[46.261s][info][gc,phases      ] GC(119) Marking Phase 21.833ms
[46.262s][info][gc,phases,start] GC(119) Summary Phase
[46.262s][info][gc,phases      ] GC(119) Summary Phase 0.009ms
[46.262s][info][gc,phases,start] GC(119) Adjust Roots
[46.271s][info][gc,phases      ] GC(119) Adjust Roots 9.351ms
[46.271s][info][gc,phases,start] GC(119) Compaction Phase
[46.278s][info][gc,phases      ] GC(119) Compaction Phase 6.613ms
[46.278s][info][gc,phases,start] GC(119) Post Compact
[46.278s][info][gc,phases      ] GC(119) Post Compact 0.841ms
[46.279s][info][gc,heap        ] GC(119) PSYoungGen: 1063K(1395712K)->0K(1395712K) Eden: 0K(1393664K)->0K(1393664K) From: 1063K(2048K)->0K(2048K)
[46.279s][info][gc,heap        ] GC(119) ParOldGen: 39763K(2796544K)->39865K(2796544K)
[46.279s][info][gc,metaspace   ] GC(119) Metaspace: 95678K(96512K)->95678K(96512K) NonClass: 85782K(86208K)->85782K(86208K) Class: 9895K(10304K)->9895K(10304K)
[46.279s][info][gc             ] GC(119) Pause Full (System.gc()) 39M->38M(4094M) 38.932ms
[46.279s][info][gc,cpu         ] GC(119) User=0.00s Sys=0.00s Real=0.03s
[46.845s][info][gc,start       ] GC(120) Pause Young (System.gc())
[46.845s][info][gc,heap        ] GC(120) PSYoungGen: 1178444K(1395712K)->1063K(1395712K) Eden: 1178444K(1393664K)->0K(1393664K) From: 0K(2048K)->1063K(2048K)
[46.845s][info][gc,heap        ] GC(120) ParOldGen: 39865K(2796544K)->39873K(2796544K)
[46.845s][info][gc,metaspace   ] GC(120) Metaspace: 95793K(96640K)->95793K(96640K) NonClass: 85876K(86336K)->85876K(86336K) Class: 9917K(10304K)->9917K(10304K)
[46.845s][info][gc             ] GC(120) Pause Young (System.gc()) 1189M->39M(4094M) 0.914ms
[46.845s][info][gc,cpu         ] GC(120) User=0.00s Sys=0.00s Real=0.00s
[46.846s][info][gc,start       ] GC(121) Pause Full (System.gc())
[46.846s][info][gc,phases,start] GC(121) Marking Phase
[46.866s][info][gc,phases      ] GC(121) Marking Phase 20.928ms
[46.866s][info][gc,phases,start] GC(121) Summary Phase
[46.867s][info][gc,phases      ] GC(121) Summary Phase 0.010ms
[46.867s][info][gc,phases,start] GC(121) Adjust Roots
[46.876s][info][gc,phases      ] GC(121) Adjust Roots 9.163ms
[46.876s][info][gc,phases,start] GC(121) Compaction Phase
[46.881s][info][gc,phases      ] GC(121) Compaction Phase 5.699ms
[46.882s][info][gc,phases,start] GC(121) Post Compact
[46.882s][info][gc,phases      ] GC(121) Post Compact 0.959ms
[46.883s][info][gc,heap        ] GC(121) PSYoungGen: 1063K(1395712K)->0K(1395712K) Eden: 0K(1393664K)->0K(1393664K) From: 1063K(2048K)->0K(2048K)
[46.883s][info][gc,heap        ] GC(121) ParOldGen: 39873K(2796544K)->39484K(2796544K)
[46.883s][info][gc,metaspace   ] GC(121) Metaspace: 95793K(96640K)->95793K(96640K) NonClass: 85876K(86336K)->85876K(86336K) Class: 9917K(10304K)->9917K(10304K)
[46.883s][info][gc             ] GC(121) Pause Full (System.gc()) 39M->38M(4094M) 37.069ms
[46.883s][info][gc,cpu         ] GC(121) User=0.00s Sys=0.00s Real=0.03s
[47.443s][info][gc,start       ] GC(122) Pause Young (System.gc())
[47.444s][info][gc,heap        ] GC(122) PSYoungGen: 1180052K(1395712K)->1078K(1395712K) Eden: 1180052K(1393664K)->0K(1393664K) From: 0K(2048K)->1078K(2048K)
[47.444s][info][gc,heap        ] GC(122) ParOldGen: 39484K(2796544K)->39492K(2796544K)
[47.444s][info][gc,metaspace   ] GC(122) Metaspace: 95795K(96640K)->95795K(96640K) NonClass: 85877K(86336K)->85877K(86336K) Class: 9917K(10304K)->9917K(10304K)
[47.444s][info][gc             ] GC(122) Pause Young (System.gc()) 1190M->39M(4094M) 1.355ms
[47.444s][info][gc,cpu         ] GC(122) User=0.00s Sys=0.00s Real=0.00s
[47.444s][info][gc,start       ] GC(123) Pause Full (System.gc())
[47.444s][info][gc,phases,start] GC(123) Marking Phase
[47.466s][info][gc,phases      ] GC(123) Marking Phase 21.793ms
[47.466s][info][gc,phases,start] GC(123) Summary Phase
[47.466s][info][gc,phases      ] GC(123) Summary Phase 0.009ms
[47.466s][info][gc,phases,start] GC(123) Adjust Roots
[47.475s][info][gc,phases      ] GC(123) Adjust Roots 9.200ms
[47.475s][info][gc,phases,start] GC(123) Compaction Phase
[47.482s][info][gc,phases      ] GC(123) Compaction Phase 6.270ms
[47.482s][info][gc,phases,start] GC(123) Post Compact
[47.482s][info][gc,phases      ] GC(123) Post Compact 0.846ms
[47.483s][info][gc,heap        ] GC(123) PSYoungGen: 1078K(1395712K)->0K(1395712K) Eden: 0K(1393664K)->0K(1393664K) From: 1078K(2048K)->0K(2048K)
[47.483s][info][gc,heap        ] GC(123) ParOldGen: 39492K(2796544K)->39584K(2796544K)
[47.483s][info][gc,metaspace   ] GC(123) Metaspace: 95795K(96640K)->95795K(96640K) NonClass: 85877K(86336K)->85877K(86336K) Class: 9917K(10304K)->9917K(10304K)
[47.483s][info][gc             ] GC(123) Pause Full (System.gc()) 39M->38M(4094M) 38.423ms
[47.483s][info][gc,cpu         ] GC(123) User=0.00s Sys=0.00s Real=0.03s
[48.042s][info][gc,start       ] GC(124) Pause Young (System.gc())
[48.043s][info][gc,heap        ] GC(124) PSYoungGen: 1178115K(1395712K)->1041K(1395712K) Eden: 1178115K(1393664K)->0K(1393664K) From: 0K(2048K)->1041K(2048K)
[48.043s][info][gc,heap        ] GC(124) ParOldGen: 39584K(2796544K)->39584K(2796544K)
[48.043s][info][gc,metaspace   ] GC(124) Metaspace: 95795K(96640K)->95795K(96640K) NonClass: 85877K(86336K)->85877K(86336K) Class: 9917K(10304K)->9917K(10304K)
[48.043s][info][gc             ] GC(124) Pause Young (System.gc()) 1189M->39M(4094M) 0.988ms
[48.043s][info][gc,cpu         ] GC(124) User=0.05s Sys=0.00s Real=0.02s
[48.043s][info][gc,start       ] GC(125) Pause Full (System.gc())
[48.043s][info][gc,phases,start] GC(125) Marking Phase
[48.065s][info][gc,phases      ] GC(125) Marking Phase 21.622ms
[48.065s][info][gc,phases,start] GC(125) Summary Phase
[48.065s][info][gc,phases      ] GC(125) Summary Phase 0.009ms
[48.065s][info][gc,phases,start] GC(125) Adjust Roots
[48.074s][info][gc,phases      ] GC(125) Adjust Roots 9.337ms
[48.074s][info][gc,phases,start] GC(125) Compaction Phase
[48.080s][info][gc,phases      ] GC(125) Compaction Phase 5.467ms
[48.080s][info][gc,phases,start] GC(125) Post Compact
[48.081s][info][gc,phases      ] GC(125) Post Compact 0.914ms
[48.081s][info][gc,heap        ] GC(125) PSYoungGen: 1041K(1395712K)->0K(1395712K) Eden: 0K(1393664K)->0K(1393664K) From: 1041K(2048K)->0K(2048K)
[48.081s][info][gc,heap        ] GC(125) ParOldGen: 39584K(2796544K)->39685K(2796544K)
[48.081s][info][gc,metaspace   ] GC(125) Metaspace: 95795K(96640K)->95795K(96640K) NonClass: 85877K(86336K)->85877K(86336K) Class: 9917K(10304K)->9917K(10304K)
[48.081s][info][gc             ] GC(125) Pause Full (System.gc()) 39M->38M(4094M) 37.669ms
[48.081s][info][gc,cpu         ] GC(125) User=0.02s Sys=0.00s Real=0.03s
[48.640s][info][gc,start       ] GC(126) Pause Young (System.gc())
[48.641s][info][gc,heap        ] GC(126) PSYoungGen: 1175237K(1395712K)->1031K(1395712K) Eden: 1175237K(1393664K)->0K(1393664K) From: 0K(2048K)->1031K(2048K)
[48.641s][info][gc,heap        ] GC(126) ParOldGen: 39685K(2796544K)->39685K(2796544K)
[48.641s][info][gc,metaspace   ] GC(126) Metaspace: 95795K(96640K)->95795K(96640K) NonClass: 85877K(86336K)->85877K(86336K) Class: 9917K(10304K)->9917K(10304K)
[48.641s][info][gc             ] GC(126) Pause Young (System.gc()) 1186M->39M(4094M) 0.853ms
[48.641s][info][gc,cpu         ] GC(126) User=0.00s Sys=0.00s Real=0.00s
[48.641s][info][gc,start       ] GC(127) Pause Full (System.gc())
[48.641s][info][gc,phases,start] GC(127) Marking Phase
[48.662s][info][gc,phases      ] GC(127) Marking Phase 20.691ms
[48.662s][info][gc,phases,start] GC(127) Summary Phase
[48.662s][info][gc,phases      ] GC(127) Summary Phase 0.009ms
[48.662s][info][gc,phases,start] GC(127) Adjust Roots
[48.671s][info][gc,phases      ] GC(127) Adjust Roots 8.998ms
[48.671s][info][gc,phases,start] GC(127) Compaction Phase
[48.677s][info][gc,phases      ] GC(127) Compaction Phase 6.250ms
[48.677s][info][gc,phases,start] GC(127) Post Compact
[48.678s][info][gc,phases      ] GC(127) Post Compact 0.735ms
[48.678s][info][gc,heap        ] GC(127) PSYoungGen: 1031K(1395712K)->0K(1395712K) Eden: 0K(1393664K)->0K(1393664K) From: 1031K(2048K)->0K(2048K)
[48.678s][info][gc,heap        ] GC(127) ParOldGen: 39685K(2796544K)->39786K(2796544K)
[48.678s][info][gc,metaspace   ] GC(127) Metaspace: 95795K(96640K)->95795K(96640K) NonClass: 85877K(86336K)->85877K(86336K) Class: 9917K(10304K)->9917K(10304K)
[48.678s][info][gc             ] GC(127) Pause Full (System.gc()) 39M->38M(4094M) 36.941ms
[48.678s][info][gc,cpu         ] GC(127) User=0.00s Sys=0.00s Real=0.04s
[49.239s][info][gc,start       ] GC(128) Pause Young (System.gc())
[49.240s][info][gc,heap        ] GC(128) PSYoungGen: 1177273K(1395712K)->1063K(1396224K) Eden: 1177273K(1393664K)->0K(1394176K) From: 0K(2048K)->1063K(2048K)
[49.240s][info][gc,heap        ] GC(128) ParOldGen: 39786K(2796544K)->39786K(2796544K)
[49.240s][info][gc,metaspace   ] GC(128) Metaspace: 95795K(96640K)->95795K(96640K) NonClass: 85877K(86336K)->85877K(86336K) Class: 9917K(10304K)->9917K(10304K)
[49.240s][info][gc             ] GC(128) Pause Young (System.gc()) 1188M->39M(4094M) 1.003ms
[49.240s][info][gc,cpu         ] GC(128) User=0.00s Sys=0.00s Real=0.00s
[49.240s][info][gc,start       ] GC(129) Pause Full (System.gc())
[49.240s][info][gc,phases,start] GC(129) Marking Phase
[49.261s][info][gc,phases      ] GC(129) Marking Phase 21.484ms
[49.261s][info][gc,phases,start] GC(129) Summary Phase
[49.261s][info][gc,phases      ] GC(129) Summary Phase 0.009ms
[49.261s][info][gc,phases,start] GC(129) Adjust Roots
[49.270s][info][gc,phases      ] GC(129) Adjust Roots 8.935ms
[49.270s][info][gc,phases,start] GC(129) Compaction Phase
[49.277s][info][gc,phases      ] GC(129) Compaction Phase 6.156ms
[49.277s][info][gc,phases,start] GC(129) Post Compact
[49.278s][info][gc,phases      ] GC(129) Post Compact 0.984ms
[49.278s][info][gc,heap        ] GC(129) PSYoungGen: 1063K(1396224K)->0K(1396224K) Eden: 0K(1394176K)->0K(1394176K) From: 1063K(2048K)->0K(2048K)
[49.278s][info][gc,heap        ] GC(129) ParOldGen: 39786K(2796544K)->39887K(2796544K)
[49.278s][info][gc,metaspace   ] GC(129) Metaspace: 95795K(96640K)->95795K(96640K) NonClass: 85877K(86336K)->85877K(86336K) Class: 9917K(10304K)->9917K(10304K)
[49.278s][info][gc             ] GC(129) Pause Full (System.gc()) 39M->38M(4094M) 37.874ms
[49.278s][info][gc,cpu         ] GC(129) User=0.00s Sys=0.00s Real=0.03s
[49.839s][info][gc,start       ] GC(130) Pause Young (System.gc())
[49.840s][info][gc,heap        ] GC(130) PSYoungGen: 1179087K(1396224K)->1071K(1395712K) Eden: 1179087K(1394176K)->0K(1394176K) From: 0K(2048K)->1071K(1536K)
[49.840s][info][gc,heap        ] GC(130) ParOldGen: 39887K(2796544K)->39887K(2796544K)
[49.840s][info][gc,metaspace   ] GC(130) Metaspace: 95795K(96640K)->95795K(96640K) NonClass: 85877K(86336K)->85877K(86336K) Class: 9917K(10304K)->9917K(10304K)
[49.840s][info][gc             ] GC(130) Pause Young (System.gc()) 1190M->39M(4094M) 0.816ms
[49.840s][info][gc,cpu         ] GC(130) User=0.00s Sys=0.00s Real=0.00s
[49.840s][info][gc,start       ] GC(131) Pause Full (System.gc())
[49.840s][info][gc,phases,start] GC(131) Marking Phase
[49.861s][info][gc,phases      ] GC(131) Marking Phase 21.127ms
[49.861s][info][gc,phases,start] GC(131) Summary Phase
[49.861s][info][gc,phases      ] GC(131) Summary Phase 0.009ms
[49.861s][info][gc,phases,start] GC(131) Adjust Roots
[49.870s][info][gc,phases      ] GC(131) Adjust Roots 9.150ms
[49.870s][info][gc,phases,start] GC(131) Compaction Phase
[49.877s][info][gc,phases      ] GC(131) Compaction Phase 6.275ms
[49.877s][info][gc,phases,start] GC(131) Post Compact
[49.878s][info][gc,phases      ] GC(131) Post Compact 0.876ms
[49.878s][info][gc,heap        ] GC(131) PSYoungGen: 1071K(1395712K)->0K(1395712K) Eden: 0K(1394176K)->0K(1394176K) From: 1071K(1536K)->0K(1536K)
[49.878s][info][gc,heap        ] GC(131) ParOldGen: 39887K(2796544K)->39992K(2796544K)
[49.878s][info][gc,metaspace   ] GC(131) Metaspace: 95795K(96640K)->95795K(96640K) NonClass: 85877K(86336K)->85877K(86336K) Class: 9917K(10304K)->9917K(10304K)
[49.878s][info][gc             ] GC(131) Pause Full (System.gc()) 39M->39M(4094M) 37.719ms
[49.878s][info][gc,cpu         ] GC(131) User=0.00s Sys=0.00s Real=0.03s
[50.439s][info][gc,start       ] GC(132) Pause Young (System.gc())
[50.440s][info][gc,heap        ] GC(132) PSYoungGen: 1176882K(1395712K)->1381K(1395200K) Eden: 1176882K(1394176K)->0K(1393664K) From: 0K(1536K)->1381K(1536K)
[50.440s][info][gc,heap        ] GC(132) ParOldGen: 39992K(2796544K)->39992K(2796544K)
[50.440s][info][gc,metaspace   ] GC(132) Metaspace: 95800K(96640K)->95800K(96640K) NonClass: 85882K(86336K)->85882K(86336K) Class: 9917K(10304K)->9917K(10304K)
[50.440s][info][gc             ] GC(132) Pause Young (System.gc()) 1188M->40M(4093M) 1.028ms
[50.440s][info][gc,cpu         ] GC(132) User=0.00s Sys=0.00s Real=0.00s
[50.440s][info][gc,start       ] GC(133) Pause Full (System.gc())
[50.440s][info][gc,phases,start] GC(133) Marking Phase
[50.463s][info][gc,phases      ] GC(133) Marking Phase 23.099ms
[50.463s][info][gc,phases,start] GC(133) Summary Phase
[50.463s][info][gc,phases      ] GC(133) Summary Phase 0.009ms
[50.463s][info][gc,phases,start] GC(133) Adjust Roots
[50.472s][info][gc,phases      ] GC(133) Adjust Roots 8.740ms
[50.472s][info][gc,phases,start] GC(133) Compaction Phase
[50.479s][info][gc,phases      ] GC(133) Compaction Phase 6.747ms
[50.479s][info][gc,phases,start] GC(133) Post Compact
[50.479s][info][gc,phases      ] GC(133) Post Compact 0.704ms
[50.480s][info][gc,heap        ] GC(133) PSYoungGen: 1381K(1395200K)->0K(1395200K) Eden: 0K(1393664K)->0K(1393664K) From: 1381K(1536K)->0K(1536K)
[50.480s][info][gc,heap        ] GC(133) ParOldGen: 39992K(2796544K)->39889K(2796544K)
[50.480s][info][gc,metaspace   ] GC(133) Metaspace: 95800K(96640K)->95800K(96640K) NonClass: 85882K(86336K)->85882K(86336K) Class: 9917K(10304K)->9917K(10304K)
[50.480s][info][gc             ] GC(133) Pause Full (System.gc()) 40M->38M(4093M) 39.584ms
[50.480s][info][gc,cpu         ] GC(133) User=0.03s Sys=0.00s Real=0.03s
[51.045s][info][gc,start       ] GC(134) Pause Young (System.gc())
[51.046s][info][gc,heap        ] GC(134) PSYoungGen: 1174828K(1395200K)->1103K(1395712K) Eden: 1174828K(1393664K)->0K(1393664K) From: 0K(1536K)->1103K(2048K)
[51.046s][info][gc,heap        ] GC(134) ParOldGen: 39889K(2796544K)->39889K(2796544K)
[51.046s][info][gc,metaspace   ] GC(134) Metaspace: 95800K(96640K)->95800K(96640K) NonClass: 85882K(86336K)->85882K(86336K) Class: 9917K(10304K)->9917K(10304K)
[51.046s][info][gc             ] GC(134) Pause Young (System.gc()) 1186M->40M(4094M) 1.034ms
[51.046s][info][gc,cpu         ] GC(134) User=0.00s Sys=0.00s Real=0.00s
[51.046s][info][gc,start       ] GC(135) Pause Full (System.gc())
[51.046s][info][gc,phases,start] GC(135) Marking Phase
[51.068s][info][gc,phases      ] GC(135) Marking Phase 21.701ms
[51.068s][info][gc,phases,start] GC(135) Summary Phase
[51.068s][info][gc,phases      ] GC(135) Summary Phase 0.009ms
[51.068s][info][gc,phases,start] GC(135) Adjust Roots
[51.077s][info][gc,phases      ] GC(135) Adjust Roots 8.700ms
[51.077s][info][gc,phases,start] GC(135) Compaction Phase
[51.082s][info][gc,phases      ] GC(135) Compaction Phase 5.583ms
[51.082s][info][gc,phases,start] GC(135) Post Compact
[51.083s][info][gc,phases      ] GC(135) Post Compact 0.961ms
[51.083s][info][gc,heap        ] GC(135) PSYoungGen: 1103K(1395712K)->0K(1395712K) Eden: 0K(1393664K)->0K(1393664K) From: 1103K(2048K)->0K(2048K)
[51.083s][info][gc,heap        ] GC(135) ParOldGen: 39889K(2796544K)->39668K(2796544K)
[51.083s][info][gc,metaspace   ] GC(135) Metaspace: 95800K(96640K)->95800K(96640K) NonClass: 85882K(86336K)->85882K(86336K) Class: 9917K(10304K)->9917K(10304K)
[51.083s][info][gc             ] GC(135) Pause Full (System.gc()) 40M->38M(4094M) 37.281ms
[51.083s][info][gc,cpu         ] GC(135) User=0.03s Sys=0.00s Real=0.05s
[51.645s][info][gc,start       ] GC(136) Pause Young (System.gc())
[51.646s][info][gc,heap        ] GC(136) PSYoungGen: 1177989K(1395712K)->1007K(1396224K) Eden: 1177989K(1393664K)->0K(1394688K) From: 0K(2048K)->1007K(1536K)
[51.646s][info][gc,heap        ] GC(136) ParOldGen: 39668K(2796544K)->39668K(2796544K)
[51.646s][info][gc,metaspace   ] GC(136) Metaspace: 95814K(96640K)->95814K(96640K) NonClass: 85896K(86336K)->85896K(86336K) Class: 9918K(10304K)->9918K(10304K)
[51.646s][info][gc             ] GC(136) Pause Young (System.gc()) 1189M->39M(4094M) 0.862ms
[51.646s][info][gc,cpu         ] GC(136) User=0.00s Sys=0.00s Real=0.02s
[51.646s][info][gc,start       ] GC(137) Pause Full (System.gc())
[51.646s][info][gc,phases,start] GC(137) Marking Phase
[51.667s][info][gc,phases      ] GC(137) Marking Phase 20.717ms
[51.667s][info][gc,phases,start] GC(137) Summary Phase
[51.667s][info][gc,phases      ] GC(137) Summary Phase 0.009ms
[51.667s][info][gc,phases,start] GC(137) Adjust Roots
[51.676s][info][gc,phases      ] GC(137) Adjust Roots 8.773ms
[51.676s][info][gc,phases,start] GC(137) Compaction Phase
[51.683s][info][gc,phases      ] GC(137) Compaction Phase 6.778ms
[51.683s][info][gc,phases,start] GC(137) Post Compact
[51.684s][info][gc,phases      ] GC(137) Post Compact 0.897ms
[51.684s][info][gc,heap        ] GC(137) PSYoungGen: 1007K(1396224K)->0K(1396224K) Eden: 0K(1394688K)->0K(1394688K) From: 1007K(1536K)->0K(1536K)
[51.684s][info][gc,heap        ] GC(137) ParOldGen: 39668K(2796544K)->39772K(2796544K)
[51.684s][info][gc,metaspace   ] GC(137) Metaspace: 95814K(96640K)->95814K(96640K) NonClass: 85896K(86336K)->85896K(86336K) Class: 9918K(10304K)->9918K(10304K)
[51.684s][info][gc             ] GC(137) Pause Full (System.gc()) 39M->38M(4094M) 37.457ms
[51.684s][info][gc,cpu         ] GC(137) User=0.02s Sys=0.00s Real=0.03s
[52.241s][info][gc,start       ] GC(138) Pause Young (System.gc())
[52.242s][info][gc,heap        ] GC(138) PSYoungGen: 1175812K(1396224K)->1063K(1396224K) Eden: 1175812K(1394688K)->0K(1394688K) From: 0K(1536K)->1063K(1536K)
[52.242s][info][gc,heap        ] GC(138) ParOldGen: 39772K(2796544K)->39772K(2796544K)
[52.242s][info][gc,metaspace   ] GC(138) Metaspace: 95820K(96640K)->95820K(96640K) NonClass: 85901K(86336K)->85901K(86336K) Class: 9919K(10304K)->9919K(10304K)
[52.242s][info][gc             ] GC(138) Pause Young (System.gc()) 1187M->39M(4094M) 0.833ms
[52.242s][info][gc,cpu         ] GC(138) User=0.00s Sys=0.00s Real=0.00s
[52.242s][info][gc,start       ] GC(139) Pause Full (System.gc())
[52.242s][info][gc,phases,start] GC(139) Marking Phase
[52.264s][info][gc,phases      ] GC(139) Marking Phase 21.816ms
[52.264s][info][gc,phases,start] GC(139) Summary Phase
[52.264s][info][gc,phases      ] GC(139) Summary Phase 0.010ms
[52.264s][info][gc,phases,start] GC(139) Adjust Roots
[52.272s][info][gc,phases      ] GC(139) Adjust Roots 8.805ms
[52.272s][info][gc,phases,start] GC(139) Compaction Phase
[52.279s][info][gc,phases      ] GC(139) Compaction Phase 7.032ms
[52.280s][info][gc,phases,start] GC(139) Post Compact
[52.280s][info][gc,phases      ] GC(139) Post Compact 0.882ms
[52.281s][info][gc,heap        ] GC(139) PSYoungGen: 1063K(1396224K)->0K(1396224K) Eden: 0K(1394688K)->0K(1394688K) From: 1063K(1536K)->0K(1536K)
[52.281s][info][gc,heap        ] GC(139) ParOldGen: 39772K(2796544K)->39874K(2796544K)
[52.281s][info][gc,metaspace   ] GC(139) Metaspace: 95820K(96640K)->95820K(96640K) NonClass: 85901K(86336K)->85901K(86336K) Class: 9919K(10304K)->9919K(10304K)
[52.281s][info][gc             ] GC(139) Pause Full (System.gc()) 39M->38M(4094M) 38.868ms
[52.281s][info][gc,cpu         ] GC(139) User=0.03s Sys=0.00s Real=0.05s
[52.835s][info][gc,start       ] GC(140) Pause Young (System.gc())
[52.836s][info][gc,heap        ] GC(140) PSYoungGen: 1177432K(1396224K)->1063K(1396224K) Eden: 1177432K(1394688K)->0K(1394688K) From: 0K(1536K)->1063K(1536K)
[52.836s][info][gc,heap        ] GC(140) ParOldGen: 39874K(2796544K)->39874K(2796544K)
[52.836s][info][gc,metaspace   ] GC(140) Metaspace: 95820K(96640K)->95820K(96640K) NonClass: 85901K(86336K)->85901K(86336K) Class: 9919K(10304K)->9919K(10304K)
[52.836s][info][gc             ] GC(140) Pause Young (System.gc()) 1188M->39M(4094M) 0.919ms
[52.836s][info][gc,cpu         ] GC(140) User=0.00s Sys=0.00s Real=0.00s
[52.836s][info][gc,start       ] GC(141) Pause Full (System.gc())
[52.836s][info][gc,phases,start] GC(141) Marking Phase
[52.858s][info][gc,phases      ] GC(141) Marking Phase 22.084ms
[52.858s][info][gc,phases,start] GC(141) Summary Phase
[52.858s][info][gc,phases      ] GC(141) Summary Phase 0.009ms
[52.858s][info][gc,phases,start] GC(141) Adjust Roots
[52.867s][info][gc,phases      ] GC(141) Adjust Roots 9.222ms
[52.868s][info][gc,phases,start] GC(141) Compaction Phase
[52.873s][info][gc,phases      ] GC(141) Compaction Phase 5.190ms
[52.873s][info][gc,phases,start] GC(141) Post Compact
[52.874s][info][gc,phases      ] GC(141) Post Compact 0.865ms
[52.874s][info][gc,heap        ] GC(141) PSYoungGen: 1063K(1396224K)->0K(1396224K) Eden: 0K(1394688K)->0K(1394688K) From: 1063K(1536K)->0K(1536K)
[52.874s][info][gc,heap        ] GC(141) ParOldGen: 39874K(2796544K)->39976K(2796544K)
[52.874s][info][gc,metaspace   ] GC(141) Metaspace: 95820K(96640K)->95820K(96640K) NonClass: 85901K(86336K)->85901K(86336K) Class: 9919K(10304K)->9919K(10304K)
[52.874s][info][gc             ] GC(141) Pause Full (System.gc()) 39M->39M(4094M) 37.653ms
[52.874s][info][gc,cpu         ] GC(141) User=0.00s Sys=0.00s Real=0.03s
[53.434s][info][gc,start       ] GC(142) Pause Young (System.gc())
[53.435s][info][gc,heap        ] GC(142) PSYoungGen: 1180627K(1396224K)->1031K(1396224K) Eden: 1180627K(1394688K)->0K(1394688K) From: 0K(1536K)->1031K(1536K)
[53.435s][info][gc,heap        ] GC(142) ParOldGen: 39976K(2796544K)->39976K(2796544K)
[53.435s][info][gc,metaspace   ] GC(142) Metaspace: 95829K(96640K)->95829K(96640K) NonClass: 85909K(86336K)->85909K(86336K) Class: 9919K(10304K)->9919K(10304K)
[53.435s][info][gc             ] GC(142) Pause Young (System.gc()) 1191M->40M(4094M) 0.994ms
[53.435s][info][gc,cpu         ] GC(142) User=0.00s Sys=0.00s Real=0.00s
[53.435s][info][gc,start       ] GC(143) Pause Full (System.gc())
[53.435s][info][gc,phases,start] GC(143) Marking Phase
[53.457s][info][gc,phases      ] GC(143) Marking Phase 22.306ms
[53.457s][info][gc,phases,start] GC(143) Summary Phase
[53.457s][info][gc,phases      ] GC(143) Summary Phase 0.009ms
[53.458s][info][gc,phases,start] GC(143) Adjust Roots
[53.466s][info][gc,phases      ] GC(143) Adjust Roots 8.939ms
[53.467s][info][gc,phases,start] GC(143) Compaction Phase
[53.473s][info][gc,phases      ] GC(143) Compaction Phase 6.670ms
[53.473s][info][gc,phases,start] GC(143) Post Compact
[53.474s][info][gc,phases      ] GC(143) Post Compact 0.854ms
[53.474s][info][gc,heap        ] GC(143) PSYoungGen: 1031K(1396224K)->0K(1396224K) Eden: 0K(1394688K)->0K(1394688K) From: 1031K(1536K)->0K(1536K)
[53.474s][info][gc,heap        ] GC(143) ParOldGen: 39976K(2796544K)->39546K(2796544K)
[53.474s][info][gc,metaspace   ] GC(143) Metaspace: 95829K(96640K)->95829K(96640K) NonClass: 85909K(86336K)->85909K(86336K) Class: 9919K(10304K)->9919K(10304K)
[53.474s][info][gc             ] GC(143) Pause Full (System.gc()) 40M->38M(4094M) 39.075ms
[53.474s][info][gc,cpu         ] GC(143) User=0.00s Sys=0.00s Real=0.03s
[54.030s][info][gc,start       ] GC(144) Pause Young (System.gc())
[54.031s][info][gc,heap        ] GC(144) PSYoungGen: 1177487K(1396224K)->1324K(1396224K) Eden: 1177487K(1394688K)->0K(1394688K) From: 0K(1536K)->1324K(1536K)
[54.031s][info][gc,heap        ] GC(144) ParOldGen: 39546K(2796544K)->39546K(2796544K)
[54.031s][info][gc,metaspace   ] GC(144) Metaspace: 95829K(96640K)->95829K(96640K) NonClass: 85909K(86336K)->85909K(86336K) Class: 9919K(10304K)->9919K(10304K)
[54.031s][info][gc             ] GC(144) Pause Young (System.gc()) 1188M->39M(4094M) 1.053ms
[54.031s][info][gc,cpu         ] GC(144) User=0.00s Sys=0.00s Real=0.00s
[54.032s][info][gc,start       ] GC(145) Pause Full (System.gc())
[54.032s][info][gc,phases,start] GC(145) Marking Phase
[54.053s][info][gc,phases      ] GC(145) Marking Phase 21.879ms
[54.053s][info][gc,phases,start] GC(145) Summary Phase
[54.053s][info][gc,phases      ] GC(145) Summary Phase 0.009ms
[54.053s][info][gc,phases,start] GC(145) Adjust Roots
[54.062s][info][gc,phases      ] GC(145) Adjust Roots 8.894ms
[54.062s][info][gc,phases,start] GC(145) Compaction Phase
[54.069s][info][gc,phases      ] GC(145) Compaction Phase 6.857ms
[54.069s][info][gc,phases,start] GC(145) Post Compact
[54.070s][info][gc,phases      ] GC(145) Post Compact 0.765ms
[54.070s][info][gc,heap        ] GC(145) PSYoungGen: 1324K(1396224K)->0K(1396224K) Eden: 0K(1394688K)->0K(1394688K) From: 1324K(1536K)->0K(1536K)
[54.070s][info][gc,heap        ] GC(145) ParOldGen: 39546K(2796544K)->39970K(2796544K)
[54.070s][info][gc,metaspace   ] GC(145) Metaspace: 95829K(96640K)->95829K(96640K) NonClass: 85909K(86336K)->85909K(86336K) Class: 9919K(10304K)->9919K(10304K)
[54.070s][info][gc             ] GC(145) Pause Full (System.gc()) 39M->39M(4094M) 38.685ms
[54.070s][info][gc,cpu         ] GC(145) User=0.02s Sys=0.00s Real=0.05s
[54.631s][info][gc,start       ] GC(146) Pause Young (System.gc())
[54.632s][info][gc,heap        ] GC(146) PSYoungGen: 1174799K(1396224K)->1063K(1396224K) Eden: 1174799K(1394688K)->0K(1394688K) From: 0K(1536K)->1063K(1536K)
[54.632s][info][gc,heap        ] GC(146) ParOldGen: 39970K(2796544K)->39970K(2796544K)
[54.632s][info][gc,metaspace   ] GC(146) Metaspace: 95829K(96640K)->95829K(96640K) NonClass: 85909K(86336K)->85909K(86336K) Class: 9919K(10304K)->9919K(10304K)
[54.632s][info][gc             ] GC(146) Pause Young (System.gc()) 1186M->40M(4094M) 0.897ms
[54.632s][info][gc,cpu         ] GC(146) User=0.00s Sys=0.00s Real=0.00s
[54.632s][info][gc,start       ] GC(147) Pause Full (System.gc())
[54.632s][info][gc,phases,start] GC(147) Marking Phase
[54.653s][info][gc,phases      ] GC(147) Marking Phase 20.584ms
[54.653s][info][gc,phases,start] GC(147) Summary Phase
[54.653s][info][gc,phases      ] GC(147) Summary Phase 0.009ms
[54.653s][info][gc,phases,start] GC(147) Adjust Roots
[54.662s][info][gc,phases      ] GC(147) Adjust Roots 9.205ms
[54.662s][info][gc,phases,start] GC(147) Compaction Phase
[54.668s][info][gc,phases      ] GC(147) Compaction Phase 6.046ms
[54.668s][info][gc,phases,start] GC(147) Post Compact
[54.669s][info][gc,phases      ] GC(147) Post Compact 0.837ms
[54.669s][info][gc,heap        ] GC(147) PSYoungGen: 1063K(1396224K)->0K(1396224K) Eden: 0K(1394688K)->0K(1394688K) From: 1063K(1536K)->0K(1536K)
[54.669s][info][gc,heap        ] GC(147) ParOldGen: 39970K(2796544K)->39747K(2796544K)
[54.669s][info][gc,metaspace   ] GC(147) Metaspace: 95829K(96640K)->95829K(96640K) NonClass: 85909K(86336K)->85909K(86336K) Class: 9919K(10304K)->9919K(10304K)
[54.669s][info][gc             ] GC(147) Pause Full (System.gc()) 40M->38M(4094M) 36.976ms
[54.669s][info][gc,cpu         ] GC(147) User=0.00s Sys=0.00s Real=0.03s
[55.223s][info][gc,start       ] GC(148) Pause Young (System.gc())
[55.224s][info][gc,heap        ] GC(148) PSYoungGen: 1183535K(1396224K)->1103K(1396224K) Eden: 1183535K(1394688K)->0K(1394688K) From: 0K(1536K)->1103K(1536K)
[55.224s][info][gc,heap        ] GC(148) ParOldGen: 39747K(2796544K)->39747K(2796544K)
[55.224s][info][gc,metaspace   ] GC(148) Metaspace: 95829K(96640K)->95829K(96640K) NonClass: 85909K(86336K)->85909K(86336K) Class: 9919K(10304K)->9919K(10304K)
[55.224s][info][gc             ] GC(148) Pause Young (System.gc()) 1194M->39M(4094M) 1.025ms
[55.224s][info][gc,cpu         ] GC(148) User=0.00s Sys=0.00s Real=0.00s
[55.224s][info][gc,start       ] GC(149) Pause Full (System.gc())
[55.224s][info][gc,phases,start] GC(149) Marking Phase
[55.247s][info][gc,phases      ] GC(149) Marking Phase 22.584ms
[55.247s][info][gc,phases,start] GC(149) Summary Phase
[55.247s][info][gc,phases      ] GC(149) Summary Phase 0.009ms
[55.247s][info][gc,phases,start] GC(149) Adjust Roots
[55.255s][info][gc,phases      ] GC(149) Adjust Roots 8.631ms
[55.255s][info][gc,phases,start] GC(149) Compaction Phase
[55.262s][info][gc,phases      ] GC(149) Compaction Phase 6.404ms
[55.262s][info][gc,phases,start] GC(149) Post Compact
[55.263s][info][gc,phases      ] GC(149) Post Compact 0.962ms
[55.263s][info][gc,heap        ] GC(149) PSYoungGen: 1103K(1396224K)->0K(1396224K) Eden: 0K(1394688K)->0K(1394688K) From: 1103K(1536K)->0K(1536K)
[55.263s][info][gc,heap        ] GC(149) ParOldGen: 39747K(2796544K)->39761K(2796544K)
[55.263s][info][gc,metaspace   ] GC(149) Metaspace: 95829K(96640K)->95829K(96640K) NonClass: 85909K(86336K)->85909K(86336K) Class: 9919K(10304K)->9919K(10304K)
[55.263s][info][gc             ] GC(149) Pause Full (System.gc()) 39M->38M(4094M) 38.930ms
[55.263s][info][gc,cpu         ] GC(149) User=0.00s Sys=0.00s Real=0.03s
[55.819s][info][gc,start       ] GC(150) Pause Young (System.gc())
[55.820s][info][gc,heap        ] GC(150) PSYoungGen: 1175706K(1396224K)->1391K(1396224K) Eden: 1175706K(1394688K)->0K(1394688K) From: 0K(1536K)->1391K(1536K)
[55.820s][info][gc,heap        ] GC(150) ParOldGen: 39761K(2796544K)->39761K(2796544K)
[55.820s][info][gc,metaspace   ] GC(150) Metaspace: 95829K(96640K)->95829K(96640K) NonClass: 85909K(86336K)->85909K(86336K) Class: 9919K(10304K)->9919K(10304K)
[55.820s][info][gc             ] GC(150) Pause Young (System.gc()) 1186M->40M(4094M) 0.991ms
[55.820s][info][gc,cpu         ] GC(150) User=0.00s Sys=0.00s Real=0.00s
[55.820s][info][gc,start       ] GC(151) Pause Full (System.gc())
[55.820s][info][gc,phases,start] GC(151) Marking Phase
[55.840s][info][gc,phases      ] GC(151) Marking Phase 20.696ms
[55.841s][info][gc,phases,start] GC(151) Summary Phase
[55.841s][info][gc,phases      ] GC(151) Summary Phase 0.009ms
[55.841s][info][gc,phases,start] GC(151) Adjust Roots
[55.850s][info][gc,phases      ] GC(151) Adjust Roots 9.007ms
[55.850s][info][gc,phases,start] GC(151) Compaction Phase
[55.856s][info][gc,phases      ] GC(151) Compaction Phase 6.380ms
[55.856s][info][gc,phases,start] GC(151) Post Compact
[55.857s][info][gc,phases      ] GC(151) Post Compact 1.016ms
[55.857s][info][gc,heap        ] GC(151) PSYoungGen: 1391K(1396224K)->0K(1396224K) Eden: 0K(1394688K)->0K(1394688K) From: 1391K(1536K)->0K(1536K)
[55.857s][info][gc,heap        ] GC(151) ParOldGen: 39761K(2796544K)->40188K(2796544K)
[55.857s][info][gc,metaspace   ] GC(151) Metaspace: 95829K(96640K)->95829K(96640K) NonClass: 85909K(86336K)->85909K(86336K) Class: 9919K(10304K)->9919K(10304K)
[55.857s][info][gc             ] GC(151) Pause Full (System.gc()) 40M->39M(4094M) 37.406ms
[55.857s][info][gc,cpu         ] GC(151) User=0.00s Sys=0.00s Real=0.03s
[56.413s][info][gc,start       ] GC(152) Pause Young (System.gc())
[56.413s][info][gc,heap        ] GC(152) PSYoungGen: 1177487K(1396224K)->1103K(1396224K) Eden: 1177487K(1394688K)->0K(1394688K) From: 0K(1536K)->1103K(1536K)
[56.413s][info][gc,heap        ] GC(152) ParOldGen: 40188K(2796544K)->40188K(2796544K)
[56.413s][info][gc,metaspace   ] GC(152) Metaspace: 95829K(96640K)->95829K(96640K) NonClass: 85909K(86336K)->85909K(86336K) Class: 9919K(10304K)->9919K(10304K)
[56.413s][info][gc             ] GC(152) Pause Young (System.gc()) 1189M->40M(4094M) 0.821ms
[56.414s][info][gc,cpu         ] GC(152) User=0.00s Sys=0.00s Real=0.00s
[56.414s][info][gc,start       ] GC(153) Pause Full (System.gc())
[56.414s][info][gc,phases,start] GC(153) Marking Phase
[56.435s][info][gc,phases      ] GC(153) Marking Phase 21.743ms
[56.435s][info][gc,phases,start] GC(153) Summary Phase
[56.435s][info][gc,phases      ] GC(153) Summary Phase 0.009ms
[56.435s][info][gc,phases,start] GC(153) Adjust Roots
[56.445s][info][gc,phases      ] GC(153) Adjust Roots 9.313ms
[56.445s][info][gc,phases,start] GC(153) Compaction Phase
[56.452s][info][gc,phases      ] GC(153) Compaction Phase 7.066ms
[56.452s][info][gc,phases,start] GC(153) Post Compact
[56.453s][info][gc,phases      ] GC(153) Post Compact 1.025ms
[56.453s][info][gc,heap        ] GC(153) PSYoungGen: 1103K(1396224K)->0K(1396224K) Eden: 0K(1394688K)->0K(1394688K) From: 1103K(1536K)->0K(1536K)
[56.453s][info][gc,heap        ] GC(153) ParOldGen: 40188K(2796544K)->39965K(2796544K)
[56.453s][info][gc,metaspace   ] GC(153) Metaspace: 95829K(96640K)->95829K(96640K) NonClass: 85909K(86336K)->85909K(86336K) Class: 9919K(10304K)->9919K(10304K)
[56.453s][info][gc             ] GC(153) Pause Full (System.gc()) 40M->39M(4094M) 39.470ms
[56.453s][info][gc,cpu         ] GC(153) User=0.02s Sys=0.00s Real=0.05s
[57.009s][info][gc,start       ] GC(154) Pause Young (System.gc())
[57.010s][info][gc,heap        ] GC(154) PSYoungGen: 1180655K(1396224K)->1071K(1396224K) Eden: 1180655K(1394688K)->0K(1394688K) From: 0K(1536K)->1071K(1536K)
[57.010s][info][gc,heap        ] GC(154) ParOldGen: 39965K(2796544K)->39965K(2796544K)
[57.010s][info][gc,metaspace   ] GC(154) Metaspace: 95841K(96640K)->95841K(96640K) NonClass: 85922K(86336K)->85922K(86336K) Class: 9919K(10304K)->9919K(10304K)
[57.010s][info][gc             ] GC(154) Pause Young (System.gc()) 1192M->40M(4094M) 0.937ms
[57.010s][info][gc,cpu         ] GC(154) User=0.00s Sys=0.00s Real=0.02s
[57.010s][info][gc,start       ] GC(155) Pause Full (System.gc())
[57.010s][info][gc,phases,start] GC(155) Marking Phase
[57.032s][info][gc,phases      ] GC(155) Marking Phase 22.141ms
[57.032s][info][gc,phases,start] GC(155) Summary Phase
[57.032s][info][gc,phases      ] GC(155) Summary Phase 0.009ms
[57.032s][info][gc,phases,start] GC(155) Adjust Roots
[57.041s][info][gc,phases      ] GC(155) Adjust Roots 8.946ms
[57.041s][info][gc,phases,start] GC(155) Compaction Phase
[57.048s][info][gc,phases      ] GC(155) Compaction Phase 6.644ms
[57.048s][info][gc,phases,start] GC(155) Post Compact
[57.049s][info][gc,phases      ] GC(155) Post Compact 1.088ms
[57.049s][info][gc,heap        ] GC(155) PSYoungGen: 1071K(1396224K)->0K(1396224K) Eden: 0K(1394688K)->0K(1394688K) From: 1071K(1536K)->0K(1536K)
[57.049s][info][gc,heap        ] GC(155) ParOldGen: 39965K(2796544K)->39534K(2796544K)
[57.049s][info][gc,metaspace   ] GC(155) Metaspace: 95841K(96640K)->95841K(96640K) NonClass: 85922K(86336K)->85922K(86336K) Class: 9919K(10304K)->9919K(10304K)
[57.049s][info][gc             ] GC(155) Pause Full (System.gc()) 40M->38M(4094M) 39.164ms
[57.049s][info][gc,cpu         ] GC(155) User=0.00s Sys=0.00s Real=0.03s
[57.606s][info][gc,start       ] GC(156) Pause Young (System.gc())
[57.607s][info][gc,heap        ] GC(156) PSYoungGen: 1177527K(1396224K)->999K(1396224K) Eden: 1177527K(1394688K)->0K(1394688K) From: 0K(1536K)->999K(1536K)
[57.607s][info][gc,heap        ] GC(156) ParOldGen: 39534K(2796544K)->39534K(2796544K)
[57.607s][info][gc,metaspace   ] GC(156) Metaspace: 95841K(96640K)->95841K(96640K) NonClass: 85922K(86336K)->85922K(86336K) Class: 9919K(10304K)->9919K(10304K)
[57.607s][info][gc             ] GC(156) Pause Young (System.gc()) 1188M->39M(4094M) 0.806ms
[57.607s][info][gc,cpu         ] GC(156) User=0.00s Sys=0.00s Real=0.00s
[57.607s][info][gc,start       ] GC(157) Pause Full (System.gc())
[57.607s][info][gc,phases,start] GC(157) Marking Phase
[57.628s][info][gc,phases      ] GC(157) Marking Phase 20.850ms
[57.628s][info][gc,phases,start] GC(157) Summary Phase
[57.628s][info][gc,phases      ] GC(157) Summary Phase 0.010ms
[57.628s][info][gc,phases,start] GC(157) Adjust Roots
[57.637s][info][gc,phases      ] GC(157) Adjust Roots 8.932ms
[57.637s][info][gc,phases,start] GC(157) Compaction Phase
[57.643s][info][gc,phases      ] GC(157) Compaction Phase 5.651ms
[57.643s][info][gc,phases,start] GC(157) Post Compact
[57.644s][info][gc,phases      ] GC(157) Post Compact 0.960ms
[57.644s][info][gc,heap        ] GC(157) PSYoungGen: 999K(1396224K)->0K(1396224K) Eden: 0K(1394688K)->0K(1394688K) From: 999K(1536K)->0K(1536K)
[57.644s][info][gc,heap        ] GC(157) ParOldGen: 39534K(2796544K)->39634K(2796544K)
[57.644s][info][gc,metaspace   ] GC(157) Metaspace: 95841K(96640K)->95841K(96640K) NonClass: 85922K(86336K)->85922K(86336K) Class: 9919K(10304K)->9919K(10304K)
[57.644s][info][gc             ] GC(157) Pause Full (System.gc()) 39M->38M(4094M) 36.736ms
[57.644s][info][gc,cpu         ] GC(157) User=0.03s Sys=0.00s Real=0.03s
[58.205s][info][gc,start       ] GC(158) Pause Young (System.gc())
[58.206s][info][gc,heap        ] GC(158) PSYoungGen: 1175725K(1396224K)->1063K(1396224K) Eden: 1175725K(1394688K)->0K(1394688K) From: 0K(1536K)->1063K(1536K)
[58.206s][info][gc,heap        ] GC(158) ParOldGen: 39634K(2796544K)->39634K(2796544K)
[58.206s][info][gc,metaspace   ] GC(158) Metaspace: 95841K(96640K)->95841K(96640K) NonClass: 85922K(86336K)->85922K(86336K) Class: 9919K(10304K)->9919K(10304K)
[58.206s][info][gc             ] GC(158) Pause Young (System.gc()) 1186M->39M(4094M) 0.910ms
[58.206s][info][gc,cpu         ] GC(158) User=0.00s Sys=0.00s Real=0.00s
[58.206s][info][gc,start       ] GC(159) Pause Full (System.gc())
[58.206s][info][gc,phases,start] GC(159) Marking Phase
[58.230s][info][gc,phases      ] GC(159) Marking Phase 23.706ms
[58.230s][info][gc,phases,start] GC(159) Summary Phase
[58.230s][info][gc,phases      ] GC(159) Summary Phase 0.009ms
[58.230s][info][gc,phases,start] GC(159) Adjust Roots
[58.238s][info][gc,phases      ] GC(159) Adjust Roots 8.473ms
[58.238s][info][gc,phases,start] GC(159) Compaction Phase
[58.245s][info][gc,phases      ] GC(159) Compaction Phase 6.690ms
[58.245s][info][gc,phases,start] GC(159) Post Compact
[58.246s][info][gc,phases      ] GC(159) Post Compact 0.858ms
[58.246s][info][gc,heap        ] GC(159) PSYoungGen: 1063K(1396224K)->0K(1396224K) Eden: 0K(1394688K)->0K(1394688K) From: 1063K(1536K)->0K(1536K)
[58.246s][info][gc,heap        ] GC(159) ParOldGen: 39634K(2796544K)->39736K(2796544K)
[58.246s][info][gc,metaspace   ] GC(159) Metaspace: 95841K(96640K)->95841K(96640K) NonClass: 85922K(86336K)->85922K(86336K) Class: 9919K(10304K)->9919K(10304K)
[58.246s][info][gc             ] GC(159) Pause Full (System.gc()) 39M->38M(4094M) 40.022ms
[58.246s][info][gc,cpu         ] GC(159) User=0.03s Sys=0.00s Real=0.05s
[58.801s][info][gc,start       ] GC(160) Pause Young (System.gc())
[58.803s][info][gc,heap        ] GC(160) PSYoungGen: 1178744K(1396224K)->1039K(1396224K) Eden: 1178744K(1394688K)->0K(1394688K) From: 0K(1536K)->1039K(1536K)
[58.803s][info][gc,heap        ] GC(160) ParOldGen: 39736K(2796544K)->39736K(2796544K)
[58.803s][info][gc,metaspace   ] GC(160) Metaspace: 95841K(96640K)->95841K(96640K) NonClass: 85922K(86336K)->85922K(86336K) Class: 9919K(10304K)->9919K(10304K)
[58.803s][info][gc             ] GC(160) Pause Young (System.gc()) 1189M->39M(4094M) 1.125ms
[58.803s][info][gc,cpu         ] GC(160) User=0.00s Sys=0.00s Real=0.00s
[58.803s][info][gc,start       ] GC(161) Pause Full (System.gc())
[58.803s][info][gc,phases,start] GC(161) Marking Phase
[58.825s][info][gc,phases      ] GC(161) Marking Phase 22.604ms
[58.825s][info][gc,phases,start] GC(161) Summary Phase
[58.825s][info][gc,phases      ] GC(161) Summary Phase 0.009ms
[58.825s][info][gc,phases,start] GC(161) Adjust Roots
[58.835s][info][gc,phases      ] GC(161) Adjust Roots 9.689ms
[58.835s][info][gc,phases,start] GC(161) Compaction Phase
[58.842s][info][gc,phases      ] GC(161) Compaction Phase 6.791ms
[58.842s][info][gc,phases,start] GC(161) Post Compact
[58.843s][info][gc,phases      ] GC(161) Post Compact 0.933ms
[58.843s][info][gc,heap        ] GC(161) PSYoungGen: 1039K(1396224K)->0K(1396224K) Eden: 0K(1394688K)->0K(1394688K) From: 1039K(1536K)->0K(1536K)
[58.843s][info][gc,heap        ] GC(161) ParOldGen: 39736K(2796544K)->39837K(2796544K)
[58.843s][info][gc,metaspace   ] GC(161) Metaspace: 95841K(96640K)->95841K(96640K) NonClass: 85922K(86336K)->85922K(86336K) Class: 9919K(10304K)->9919K(10304K)
[58.843s][info][gc             ] GC(161) Pause Full (System.gc()) 39M->38M(4094M) 40.371ms
[58.843s][info][gc,cpu         ] GC(161) User=0.02s Sys=0.00s Real=0.05s
[59.400s][info][gc,start       ] GC(162) Pause Young (System.gc())
[59.400s][info][gc,heap        ] GC(162) PSYoungGen: 1177674K(1396224K)->1103K(1396224K) Eden: 1177674K(1394688K)->0K(1394688K) From: 0K(1536K)->1103K(1536K)
[59.400s][info][gc,heap        ] GC(162) ParOldGen: 39837K(2796544K)->39837K(2796544K)
[59.400s][info][gc,metaspace   ] GC(162) Metaspace: 95843K(96640K)->95843K(96640K) NonClass: 85923K(86336K)->85923K(86336K) Class: 9919K(10304K)->9919K(10304K)
[59.400s][info][gc             ] GC(162) Pause Young (System.gc()) 1188M->39M(4094M) 0.900ms
[59.401s][info][gc,cpu         ] GC(162) User=0.00s Sys=0.00s Real=0.00s
[59.401s][info][gc,start       ] GC(163) Pause Full (System.gc())
[59.401s][info][gc,phases,start] GC(163) Marking Phase
[59.423s][info][gc,phases      ] GC(163) Marking Phase 22.902ms
[59.424s][info][gc,phases,start] GC(163) Summary Phase
[59.424s][info][gc,phases      ] GC(163) Summary Phase 0.010ms
[59.424s][info][gc,phases,start] GC(163) Adjust Roots
[59.432s][info][gc,phases      ] GC(163) Adjust Roots 8.470ms
[59.432s][info][gc,phases,start] GC(163) Compaction Phase
[59.439s][info][gc,phases      ] GC(163) Compaction Phase 6.491ms
[59.439s][info][gc,phases,start] GC(163) Post Compact
[59.439s][info][gc,phases      ] GC(163) Post Compact 0.811ms
[59.440s][info][gc,heap        ] GC(163) PSYoungGen: 1103K(1396224K)->0K(1396224K) Eden: 0K(1394688K)->0K(1394688K) From: 1103K(1536K)->0K(1536K)
[59.440s][info][gc,heap        ] GC(163) ParOldGen: 39837K(2796544K)->39939K(2796544K)
[59.440s][info][gc,metaspace   ] GC(163) Metaspace: 95843K(96640K)->95843K(96640K) NonClass: 85923K(86336K)->85923K(86336K) Class: 9919K(10304K)->9919K(10304K)
[59.440s][info][gc             ] GC(163) Pause Full (System.gc()) 39M->39M(4094M) 38.992ms
[59.440s][info][gc,cpu         ] GC(163) User=0.02s Sys=0.00s Real=0.05s
[59.994s][info][gc,start       ] GC(164) Pause Young (System.gc())
[59.995s][info][gc,heap        ] GC(164) PSYoungGen: 1175855K(1396224K)->1103K(1396224K) Eden: 1175855K(1394688K)->0K(1394688K) From: 0K(1536K)->1103K(1536K)
[59.995s][info][gc,heap        ] GC(164) ParOldGen: 39939K(2796544K)->39939K(2796544K)
[59.995s][info][gc,metaspace   ] GC(164) Metaspace: 95846K(96640K)->95846K(96640K) NonClass: 85926K(86336K)->85926K(86336K) Class: 9919K(10304K)->9919K(10304K)
[59.995s][info][gc             ] GC(164) Pause Young (System.gc()) 1187M->40M(4094M) 0.898ms
[59.995s][info][gc,cpu         ] GC(164) User=0.00s Sys=0.00s Real=0.00s
[59.995s][info][gc,start       ] GC(165) Pause Full (System.gc())
[59.995s][info][gc,phases,start] GC(165) Marking Phase
[60.017s][info][gc,phases      ] GC(165) Marking Phase 22.167ms
[60.017s][info][gc,phases,start] GC(165) Summary Phase
[60.017s][info][gc,phases      ] GC(165) Summary Phase 0.009ms
[60.017s][info][gc,phases,start] GC(165) Adjust Roots
[60.026s][info][gc,phases      ] GC(165) Adjust Roots 8.917ms
[60.026s][info][gc,phases,start] GC(165) Compaction Phase
[60.033s][info][gc,phases      ] GC(165) Compaction Phase 6.795ms
[60.033s][info][gc,phases,start] GC(165) Post Compact
[60.034s][info][gc,phases      ] GC(165) Post Compact 0.820ms
[60.034s][info][gc,heap        ] GC(165) PSYoungGen: 1103K(1396224K)->0K(1396224K) Eden: 0K(1394688K)->0K(1394688K) From: 1103K(1536K)->0K(1536K)
[60.034s][info][gc,heap        ] GC(165) ParOldGen: 39939K(2796544K)->39506K(2796544K)
[60.034s][info][gc,metaspace   ] GC(165) Metaspace: 95846K(96640K)->95846K(96640K) NonClass: 85926K(86336K)->85926K(86336K) Class: 9919K(10304K)->9919K(10304K)
[60.034s][info][gc             ] GC(165) Pause Full (System.gc()) 40M->38M(4094M) 38.990ms
[60.034s][info][gc,cpu         ] GC(165) User=0.02s Sys=0.00s Real=0.04s
[60.593s][info][gc,start       ] GC(166) Pause Young (System.gc())
[60.595s][info][gc,heap        ] GC(166) PSYoungGen: 1177792K(1396224K)->1063K(1396224K) Eden: 1177792K(1394688K)->0K(1394688K) From: 0K(1536K)->1063K(1536K)
[60.595s][info][gc,heap        ] GC(166) ParOldGen: 39506K(2796544K)->39506K(2796544K)
[60.595s][info][gc,metaspace   ] GC(166) Metaspace: 95846K(96640K)->95846K(96640K) NonClass: 85926K(86336K)->85926K(86336K) Class: 9919K(10304K)->9919K(10304K)
[60.595s][info][gc             ] GC(166) Pause Young (System.gc()) 1188M->39M(4094M) 1.315ms
[60.595s][info][gc,cpu         ] GC(166) User=0.00s Sys=0.00s Real=0.00s
[60.595s][info][gc,start       ] GC(167) Pause Full (System.gc())
[60.595s][info][gc,phases,start] GC(167) Marking Phase
[60.616s][info][gc,phases      ] GC(167) Marking Phase 21.609ms
[60.616s][info][gc,phases,start] GC(167) Summary Phase
[60.617s][info][gc,phases      ] GC(167) Summary Phase 0.009ms
[60.617s][info][gc,phases,start] GC(167) Adjust Roots
[60.626s][info][gc,phases      ] GC(167) Adjust Roots 8.983ms
[60.626s][info][gc,phases,start] GC(167) Compaction Phase
[60.632s][info][gc,phases      ] GC(167) Compaction Phase 6.323ms
[60.632s][info][gc,phases,start] GC(167) Post Compact
[60.633s][info][gc,phases      ] GC(167) Post Compact 1.036ms
[60.633s][info][gc,heap        ] GC(167) PSYoungGen: 1063K(1396224K)->0K(1396224K) Eden: 0K(1394688K)->0K(1394688K) From: 1063K(1536K)->0K(1536K)
[60.633s][info][gc,heap        ] GC(167) ParOldGen: 39506K(2796544K)->39609K(2796544K)
[60.633s][info][gc,metaspace   ] GC(167) Metaspace: 95846K(96640K)->95846K(96640K) NonClass: 85926K(86336K)->85926K(86336K) Class: 9919K(10304K)->9919K(10304K)
[60.633s][info][gc             ] GC(167) Pause Full (System.gc()) 39M->38M(4094M) 38.239ms
[60.633s][info][gc,cpu         ] GC(167) User=0.02s Sys=0.00s Real=0.04s
[61.190s][info][gc,start       ] GC(168) Pause Young (System.gc())
[61.191s][info][gc,heap        ] GC(168) PSYoungGen: 1177702K(1396224K)->1071K(1396224K) Eden: 1177702K(1394688K)->0K(1394688K) From: 0K(1536K)->1071K(1536K)
[61.191s][info][gc,heap        ] GC(168) ParOldGen: 39609K(2796544K)->39609K(2796544K)
[61.191s][info][gc,metaspace   ] GC(168) Metaspace: 95846K(96640K)->95846K(96640K) NonClass: 85926K(86336K)->85926K(86336K) Class: 9919K(10304K)->9919K(10304K)
[61.191s][info][gc             ] GC(168) Pause Young (System.gc()) 1188M->39M(4094M) 1.168ms
[61.191s][info][gc,cpu         ] GC(168) User=0.00s Sys=0.00s Real=0.00s
[61.191s][info][gc,start       ] GC(169) Pause Full (System.gc())
[61.191s][info][gc,phases,start] GC(169) Marking Phase
[61.216s][info][gc,phases      ] GC(169) Marking Phase 25.396ms
[61.216s][info][gc,phases,start] GC(169) Summary Phase
[61.216s][info][gc,phases      ] GC(169) Summary Phase 0.009ms
[61.216s][info][gc,phases,start] GC(169) Adjust Roots
[61.225s][info][gc,phases      ] GC(169) Adjust Roots 8.584ms
[61.225s][info][gc,phases,start] GC(169) Compaction Phase
[61.232s][info][gc,phases      ] GC(169) Compaction Phase 6.768ms
[61.232s][info][gc,phases,start] GC(169) Post Compact
[61.233s][info][gc,phases      ] GC(169) Post Compact 0.880ms
[61.233s][info][gc,heap        ] GC(169) PSYoungGen: 1071K(1396224K)->0K(1396224K) Eden: 0K(1394688K)->0K(1394688K) From: 1071K(1536K)->0K(1536K)
[61.233s][info][gc,heap        ] GC(169) ParOldGen: 39609K(2796544K)->39713K(2796544K)
[61.233s][info][gc,metaspace   ] GC(169) Metaspace: 95846K(96640K)->95846K(96640K) NonClass: 85926K(86336K)->85926K(86336K) Class: 9919K(10304K)->9919K(10304K)
[61.233s][info][gc             ] GC(169) Pause Full (System.gc()) 39M->38M(4094M) 42.011ms
[61.233s][info][gc,cpu         ] GC(169) User=0.05s Sys=0.00s Real=0.05s
[61.787s][info][gc,start       ] GC(170) Pause Young (System.gc())
[61.788s][info][gc,heap        ] GC(170) PSYoungGen: 1176800K(1396224K)->1031K(1396224K) Eden: 1176800K(1394688K)->0K(1394688K) From: 0K(1536K)->1031K(1536K)
[61.788s][info][gc,heap        ] GC(170) ParOldGen: 39713K(2796544K)->39713K(2796544K)
[61.788s][info][gc,metaspace   ] GC(170) Metaspace: 95846K(96640K)->95846K(96640K) NonClass: 85926K(86336K)->85926K(86336K) Class: 9919K(10304K)->9919K(10304K)
[61.788s][info][gc             ] GC(170) Pause Young (System.gc()) 1188M->39M(4094M) 0.817ms
[61.788s][info][gc,cpu         ] GC(170) User=0.00s Sys=0.00s Real=0.00s
[61.788s][info][gc,start       ] GC(171) Pause Full (System.gc())
[61.788s][info][gc,phases,start] GC(171) Marking Phase
[61.809s][info][gc,phases      ] GC(171) Marking Phase 20.752ms
[61.809s][info][gc,phases,start] GC(171) Summary Phase
[61.809s][info][gc,phases      ] GC(171) Summary Phase 0.009ms
[61.809s][info][gc,phases,start] GC(171) Adjust Roots
[61.818s][info][gc,phases      ] GC(171) Adjust Roots 9.125ms
[61.818s][info][gc,phases,start] GC(171) Compaction Phase
[61.825s][info][gc,phases      ] GC(171) Compaction Phase 6.647ms
[61.825s][info][gc,phases,start] GC(171) Post Compact
[61.826s][info][gc,phases      ] GC(171) Post Compact 1.091ms
[61.826s][info][gc,heap        ] GC(171) PSYoungGen: 1031K(1396224K)->0K(1396224K) Eden: 0K(1394688K)->0K(1394688K) From: 1031K(1536K)->0K(1536K)
[61.826s][info][gc,heap        ] GC(171) ParOldGen: 39713K(2796544K)->39814K(2796544K)
[61.826s][info][gc,metaspace   ] GC(171) Metaspace: 95846K(96640K)->95846K(96640K) NonClass: 85926K(86336K)->85926K(86336K) Class: 9919K(10304K)->9919K(10304K)
[61.826s][info][gc             ] GC(171) Pause Full (System.gc()) 39M->38M(4094M) 37.937ms
[61.826s][info][gc,cpu         ] GC(171) User=0.03s Sys=0.00s Real=0.05s
[62.379s][info][gc,start       ] GC(172) Pause Young (System.gc())
[62.380s][info][gc,heap        ] GC(172) PSYoungGen: 1176458K(1396224K)->1063K(1396224K) Eden: 1176458K(1394688K)->0K(1394688K) From: 0K(1536K)->1063K(1536K)
[62.380s][info][gc,heap        ] GC(172) ParOldGen: 39814K(2796544K)->39814K(2796544K)
[62.380s][info][gc,metaspace   ] GC(172) Metaspace: 95846K(96640K)->95846K(96640K) NonClass: 85926K(86336K)->85926K(86336K) Class: 9919K(10304K)->9919K(10304K)
[62.380s][info][gc             ] GC(172) Pause Young (System.gc()) 1187M->39M(4094M) 1.074ms
[62.380s][info][gc,cpu         ] GC(172) User=0.00s Sys=0.00s Real=0.00s
[62.380s][info][gc,start       ] GC(173) Pause Full (System.gc())
[62.380s][info][gc,phases,start] GC(173) Marking Phase
[62.404s][info][gc,phases      ] GC(173) Marking Phase 23.439ms
[62.404s][info][gc,phases,start] GC(173) Summary Phase
[62.404s][info][gc,phases      ] GC(173) Summary Phase 0.019ms
[62.404s][info][gc,phases,start] GC(173) Adjust Roots
[62.413s][info][gc,phases      ] GC(173) Adjust Roots 8.757ms
[62.413s][info][gc,phases,start] GC(173) Compaction Phase
[62.419s][info][gc,phases      ] GC(173) Compaction Phase 5.708ms
[62.419s][info][gc,phases,start] GC(173) Post Compact
[62.420s][info][gc,phases      ] GC(173) Post Compact 0.930ms
[62.420s][info][gc,heap        ] GC(173) PSYoungGen: 1063K(1396224K)->0K(1396224K) Eden: 0K(1394688K)->0K(1394688K) From: 1063K(1536K)->0K(1536K)
[62.420s][info][gc,heap        ] GC(173) ParOldGen: 39814K(2796544K)->39921K(2796544K)
[62.420s][info][gc,metaspace   ] GC(173) Metaspace: 95846K(96640K)->95846K(96640K) NonClass: 85926K(86336K)->85926K(86336K) Class: 9919K(10304K)->9919K(10304K)
[62.420s][info][gc             ] GC(173) Pause Full (System.gc()) 39M->38M(4094M) 39.183ms
[62.420s][info][gc,cpu         ] GC(173) User=0.03s Sys=0.00s Real=0.05s
[62.971s][info][gc,start       ] GC(174) Pause Young (System.gc())
[62.972s][info][gc,heap        ] GC(174) PSYoungGen: 1177801K(1396224K)->1031K(1396224K) Eden: 1177801K(1394688K)->0K(1394688K) From: 0K(1536K)->1031K(1536K)
[62.972s][info][gc,heap        ] GC(174) ParOldGen: 39921K(2796544K)->39921K(2796544K)
[62.972s][info][gc,metaspace   ] GC(174) Metaspace: 95846K(96640K)->95846K(96640K) NonClass: 85926K(86336K)->85926K(86336K) Class: 9919K(10304K)->9919K(10304K)
[62.972s][info][gc             ] GC(174) Pause Young (System.gc()) 1189M->39M(4094M) 0.817ms
[62.972s][info][gc,cpu         ] GC(174) User=0.00s Sys=0.00s Real=0.00s
[62.972s][info][gc,start       ] GC(175) Pause Full (System.gc())
[62.972s][info][gc,phases,start] GC(175) Marking Phase
[62.994s][info][gc,phases      ] GC(175) Marking Phase 21.942ms
[62.994s][info][gc,phases,start] GC(175) Summary Phase
[62.994s][info][gc,phases      ] GC(175) Summary Phase 0.009ms
[62.994s][info][gc,phases,start] GC(175) Adjust Roots
[63.002s][info][gc,phases      ] GC(175) Adjust Roots 8.580ms
[63.003s][info][gc,phases,start] GC(175) Compaction Phase
[63.009s][info][gc,phases      ] GC(175) Compaction Phase 6.744ms
[63.009s][info][gc,phases,start] GC(175) Post Compact
[63.010s][info][gc,phases      ] GC(175) Post Compact 0.760ms
[63.010s][info][gc,heap        ] GC(175) PSYoungGen: 1031K(1396224K)->0K(1396224K) Eden: 0K(1394688K)->0K(1394688K) From: 1031K(1536K)->0K(1536K)
[63.010s][info][gc,heap        ] GC(175) ParOldGen: 39921K(2796544K)->40022K(2796544K)
[63.010s][info][gc,metaspace   ] GC(175) Metaspace: 95846K(96640K)->95846K(96640K) NonClass: 85926K(86336K)->85926K(86336K) Class: 9919K(10304K)->9919K(10304K)
[63.010s][info][gc             ] GC(175) Pause Full (System.gc()) 39M->39M(4094M) 38.340ms
[63.010s][info][gc,cpu         ] GC(175) User=0.00s Sys=0.00s Real=0.03s
[63.564s][info][gc,start       ] GC(176) Pause Young (System.gc())
[63.565s][info][gc,heap        ] GC(176) PSYoungGen: 1178007K(1396224K)->1063K(1396224K) Eden: 1178007K(1394688K)->0K(1394688K) From: 0K(1536K)->1063K(1536K)
[63.565s][info][gc,heap        ] GC(176) ParOldGen: 40022K(2796544K)->40022K(2796544K)
[63.565s][info][gc,metaspace   ] GC(176) Metaspace: 95857K(96640K)->95857K(96640K) NonClass: 85937K(86336K)->85937K(86336K) Class: 9919K(10304K)->9919K(10304K)
[63.565s][info][gc             ] GC(176) Pause Young (System.gc()) 1189M->40M(4094M) 0.801ms
[63.565s][info][gc,cpu         ] GC(176) User=0.00s Sys=0.00s Real=0.00s
[63.565s][info][gc,start       ] GC(177) Pause Full (System.gc())
[63.565s][info][gc,phases,start] GC(177) Marking Phase
[63.588s][info][gc,phases      ] GC(177) Marking Phase 23.018ms
[63.588s][info][gc,phases,start] GC(177) Summary Phase
[63.588s][info][gc,phases      ] GC(177) Summary Phase 0.009ms
[63.588s][info][gc,phases,start] GC(177) Adjust Roots
[63.597s][info][gc,phases      ] GC(177) Adjust Roots 9.133ms
[63.597s][info][gc,phases,start] GC(177) Compaction Phase
[63.604s][info][gc,phases      ] GC(177) Compaction Phase 6.619ms
[63.604s][info][gc,phases,start] GC(177) Post Compact
[63.605s][info][gc,phases      ] GC(177) Post Compact 0.807ms
[63.605s][info][gc,heap        ] GC(177) PSYoungGen: 1063K(1396224K)->0K(1396224K) Eden: 0K(1394688K)->0K(1394688K) From: 1063K(1536K)->0K(1536K)
[63.605s][info][gc,heap        ] GC(177) ParOldGen: 40022K(2796544K)->39591K(2796544K)
[63.605s][info][gc,metaspace   ] GC(177) Metaspace: 95857K(96640K)->95857K(96640K) NonClass: 85937K(86336K)->85937K(86336K) Class: 9919K(10304K)->9919K(10304K)
[63.605s][info][gc             ] GC(177) Pause Full (System.gc()) 40M->38M(4094M) 39.910ms
[63.605s][info][gc,cpu         ] GC(177) User=0.00s Sys=0.00s Real=0.03s
[64.155s][info][gc,start       ] GC(178) Pause Young (System.gc())
[64.156s][info][gc,heap        ] GC(178) PSYoungGen: 1179953K(1396224K)->1041K(1396224K) Eden: 1179953K(1394688K)->0K(1394688K) From: 0K(1536K)->1041K(1536K)
[64.156s][info][gc,heap        ] GC(178) ParOldGen: 39591K(2796544K)->39591K(2796544K)
[64.156s][info][gc,metaspace   ] GC(178) Metaspace: 95857K(96640K)->95857K(96640K) NonClass: 85937K(86336K)->85937K(86336K) Class: 9919K(10304K)->9919K(10304K)
[64.156s][info][gc             ] GC(178) Pause Young (System.gc()) 1190M->39M(4094M) 0.885ms
[64.156s][info][gc,cpu         ] GC(178) User=0.00s Sys=0.00s Real=0.00s
[64.156s][info][gc,start       ] GC(179) Pause Full (System.gc())
[64.156s][info][gc,phases,start] GC(179) Marking Phase
[64.178s][info][gc,phases      ] GC(179) Marking Phase 22.318ms
[64.178s][info][gc,phases,start] GC(179) Summary Phase
[64.178s][info][gc,phases      ] GC(179) Summary Phase 0.009ms
[64.178s][info][gc,phases,start] GC(179) Adjust Roots
[64.188s][info][gc,phases      ] GC(179) Adjust Roots 9.179ms
[64.188s][info][gc,phases,start] GC(179) Compaction Phase
[64.195s][info][gc,phases      ] GC(179) Compaction Phase 6.934ms
[64.195s][info][gc,phases,start] GC(179) Post Compact
[64.195s][info][gc,phases      ] GC(179) Post Compact 0.716ms
[64.195s][info][gc,heap        ] GC(179) PSYoungGen: 1041K(1396224K)->0K(1396224K) Eden: 0K(1394688K)->0K(1394688K) From: 1041K(1536K)->0K(1536K)
[64.196s][info][gc,heap        ] GC(179) ParOldGen: 39591K(2796544K)->39693K(2796544K)
[64.196s][info][gc,metaspace   ] GC(179) Metaspace: 95857K(96640K)->95857K(96640K) NonClass: 85937K(86336K)->85937K(86336K) Class: 9919K(10304K)->9919K(10304K)
[64.196s][info][gc             ] GC(179) Pause Full (System.gc()) 39M->38M(4094M) 39.465ms
[64.196s][info][gc,cpu         ] GC(179) User=0.02s Sys=0.00s Real=0.05s
[64.748s][info][gc,start       ] GC(180) Pause Young (System.gc())
[64.749s][info][gc,heap        ] GC(180) PSYoungGen: 1176855K(1396224K)->1063K(1396224K) Eden: 1176855K(1394688K)->0K(1394688K) From: 0K(1536K)->1063K(1536K)
[64.749s][info][gc,heap        ] GC(180) ParOldGen: 39693K(2796544K)->39693K(2796544K)
[64.749s][info][gc,metaspace   ] GC(180) Metaspace: 95870K(96704K)->95870K(96704K) NonClass: 85950K(86400K)->85950K(86400K) Class: 9919K(10304K)->9919K(10304K)
[64.749s][info][gc             ] GC(180) Pause Young (System.gc()) 1188M->39M(4094M) 0.804ms
[64.749s][info][gc,cpu         ] GC(180) User=0.00s Sys=0.00s Real=0.00s
[64.749s][info][gc,start       ] GC(181) Pause Full (System.gc())
[64.749s][info][gc,phases,start] GC(181) Marking Phase
[64.771s][info][gc,phases      ] GC(181) Marking Phase 22.023ms
[64.771s][info][gc,phases,start] GC(181) Summary Phase
[64.771s][info][gc,phases      ] GC(181) Summary Phase 0.009ms
[64.771s][info][gc,phases,start] GC(181) Adjust Roots
[64.780s][info][gc,phases      ] GC(181) Adjust Roots 9.329ms
[64.780s][info][gc,phases,start] GC(181) Compaction Phase
[64.787s][info][gc,phases      ] GC(181) Compaction Phase 6.460ms
[64.787s][info][gc,phases,start] GC(181) Post Compact
[64.788s][info][gc,phases      ] GC(181) Post Compact 0.992ms
[64.788s][info][gc,heap        ] GC(181) PSYoungGen: 1063K(1396224K)->0K(1396224K) Eden: 0K(1394688K)->0K(1394688K) From: 1063K(1536K)->0K(1536K)
[64.788s][info][gc,heap        ] GC(181) ParOldGen: 39693K(2796544K)->39795K(2796544K)
[64.788s][info][gc,metaspace   ] GC(181) Metaspace: 95870K(96704K)->95870K(96704K) NonClass: 85950K(86400K)->85950K(86400K) Class: 9919K(10304K)->9919K(10304K)
[64.788s][info][gc             ] GC(181) Pause Full (System.gc()) 39M->38M(4094M) 39.127ms
[64.788s][info][gc,cpu         ] GC(181) User=0.00s Sys=0.00s Real=0.03s
[65.337s][info][gc,start       ] GC(182) Pause Young (System.gc())
[65.338s][info][gc,heap        ] GC(182) PSYoungGen: 1181322K(1396224K)->1127K(1396224K) Eden: 1181322K(1394688K)->0K(1394688K) From: 0K(1536K)->1127K(1536K)
[65.338s][info][gc,heap        ] GC(182) ParOldGen: 39795K(2796544K)->39795K(2796544K)
[65.338s][info][gc,metaspace   ] GC(182) Metaspace: 95870K(96704K)->95870K(96704K) NonClass: 85950K(86400K)->85950K(86400K) Class: 9919K(10304K)->9919K(10304K)
[65.338s][info][gc             ] GC(182) Pause Young (System.gc()) 1192M->39M(4094M) 0.820ms
[65.338s][info][gc,cpu         ] GC(182) User=0.00s Sys=0.00s Real=0.00s
[65.338s][info][gc,start       ] GC(183) Pause Full (System.gc())
[65.338s][info][gc,phases,start] GC(183) Marking Phase
[65.360s][info][gc,phases      ] GC(183) Marking Phase 22.169ms
[65.360s][info][gc,phases,start] GC(183) Summary Phase
[65.360s][info][gc,phases      ] GC(183) Summary Phase 0.011ms
[65.360s][info][gc,phases,start] GC(183) Adjust Roots
[65.369s][info][gc,phases      ] GC(183) Adjust Roots 8.697ms
[65.369s][info][gc,phases,start] GC(183) Compaction Phase
[65.376s][info][gc,phases      ] GC(183) Compaction Phase 6.844ms
[65.376s][info][gc,phases,start] GC(183) Post Compact
[65.377s][info][gc,phases      ] GC(183) Post Compact 0.870ms
[65.377s][info][gc,heap        ] GC(183) PSYoungGen: 1127K(1396224K)->0K(1396224K) Eden: 0K(1394688K)->0K(1394688K) From: 1127K(1536K)->0K(1536K)
[65.377s][info][gc,heap        ] GC(183) ParOldGen: 39795K(2796544K)->39809K(2796544K)
[65.377s][info][gc,metaspace   ] GC(183) Metaspace: 95870K(96704K)->95870K(96704K) NonClass: 85950K(86400K)->85950K(86400K) Class: 9919K(10304K)->9919K(10304K)
[65.377s][info][gc             ] GC(183) Pause Full (System.gc()) 39M->38M(4094M) 38.919ms
[65.377s][info][gc,cpu         ] GC(183) User=0.00s Sys=0.00s Real=0.05s
[65.924s][info][gc,start       ] GC(184) Pause Young (System.gc())
[65.925s][info][gc,heap        ] GC(184) PSYoungGen: 1176215K(1396224K)->1071K(1396224K) Eden: 1176215K(1394688K)->0K(1394688K) From: 0K(1536K)->1071K(1536K)
[65.925s][info][gc,heap        ] GC(184) ParOldGen: 39809K(2796544K)->39809K(2796544K)
[65.925s][info][gc,metaspace   ] GC(184) Metaspace: 95871K(96704K)->95871K(96704K) NonClass: 85951K(86400K)->85951K(86400K) Class: 9919K(10304K)->9919K(10304K)
[65.925s][info][gc             ] GC(184) Pause Young (System.gc()) 1187M->39M(4094M) 0.784ms
[65.925s][info][gc,cpu         ] GC(184) User=0.00s Sys=0.00s Real=0.00s
[65.925s][info][gc,start       ] GC(185) Pause Full (System.gc())
[65.925s][info][gc,phases,start] GC(185) Marking Phase
[65.947s][info][gc,phases      ] GC(185) Marking Phase 21.476ms
[65.947s][info][gc,phases,start] GC(185) Summary Phase
[65.947s][info][gc,phases      ] GC(185) Summary Phase 0.010ms
[65.947s][info][gc,phases,start] GC(185) Adjust Roots
[65.956s][info][gc,phases      ] GC(185) Adjust Roots 9.153ms
[65.956s][info][gc,phases,start] GC(185) Compaction Phase
[65.962s][info][gc,phases      ] GC(185) Compaction Phase 6.006ms
[65.962s][info][gc,phases,start] GC(185) Post Compact
[65.963s][info][gc,phases      ] GC(185) Post Compact 1.014ms
[65.963s][info][gc,heap        ] GC(185) PSYoungGen: 1071K(1396224K)->0K(1396224K) Eden: 0K(1394688K)->0K(1394688K) From: 1071K(1536K)->0K(1536K)
[65.963s][info][gc,heap        ] GC(185) ParOldGen: 39809K(2796544K)->39910K(2796544K)
[65.963s][info][gc,metaspace   ] GC(185) Metaspace: 95871K(96704K)->95871K(96704K) NonClass: 85951K(86400K)->85951K(86400K) Class: 9919K(10304K)->9919K(10304K)
[65.963s][info][gc             ] GC(185) Pause Full (System.gc()) 39M->38M(4094M) 37.968ms
[65.963s][info][gc,cpu         ] GC(185) User=0.00s Sys=0.00s Real=0.03s
[66.512s][info][gc,start       ] GC(186) Pause Young (System.gc())
[66.513s][info][gc,heap        ] GC(186) PSYoungGen: 1178629K(1396224K)->1103K(1396224K) Eden: 1178629K(1394688K)->0K(1394688K) From: 0K(1536K)->1103K(1536K)
[66.513s][info][gc,heap        ] GC(186) ParOldGen: 39910K(2796544K)->39910K(2796544K)
[66.513s][info][gc,metaspace   ] GC(186) Metaspace: 95871K(96704K)->95871K(96704K) NonClass: 85951K(86400K)->85951K(86400K) Class: 9919K(10304K)->9919K(10304K)
[66.513s][info][gc             ] GC(186) Pause Young (System.gc()) 1189M->40M(4094M) 0.889ms
[66.513s][info][gc,cpu         ] GC(186) User=0.00s Sys=0.00s Real=0.00s
[66.513s][info][gc,start       ] GC(187) Pause Full (System.gc())
[66.513s][info][gc,phases,start] GC(187) Marking Phase
[66.534s][info][gc,phases      ] GC(187) Marking Phase 20.853ms
[66.534s][info][gc,phases,start] GC(187) Summary Phase
[66.534s][info][gc,phases      ] GC(187) Summary Phase 0.010ms
[66.534s][info][gc,phases,start] GC(187) Adjust Roots
[66.544s][info][gc,phases      ] GC(187) Adjust Roots 9.178ms
[66.544s][info][gc,phases,start] GC(187) Compaction Phase
[66.550s][info][gc,phases      ] GC(187) Compaction Phase 5.982ms
[66.550s][info][gc,phases,start] GC(187) Post Compact
[66.551s][info][gc,phases      ] GC(187) Post Compact 0.849ms
[66.551s][info][gc,heap        ] GC(187) PSYoungGen: 1103K(1396224K)->0K(1396224K) Eden: 0K(1394688K)->0K(1394688K) From: 1103K(1536K)->0K(1536K)
[66.551s][info][gc,heap        ] GC(187) ParOldGen: 39910K(2796544K)->39478K(2796544K)
[66.551s][info][gc,metaspace   ] GC(187) Metaspace: 95871K(96704K)->95871K(96704K) NonClass: 85951K(86400K)->85951K(86400K) Class: 9919K(10304K)->9919K(10304K)
[66.551s][info][gc             ] GC(187) Pause Full (System.gc()) 40M->38M(4094M) 37.185ms
[66.551s][info][gc,cpu         ] GC(187) User=0.02s Sys=0.00s Real=0.04s
[67.102s][info][gc,start       ] GC(188) Pause Young (System.gc())
[67.102s][info][gc,heap        ] GC(188) PSYoungGen: 1175858K(1396224K)->1063K(1396224K) Eden: 1175858K(1394688K)->0K(1394688K) From: 0K(1536K)->1063K(1536K)
[67.102s][info][gc,heap        ] GC(188) ParOldGen: 39478K(2796544K)->39478K(2796544K)
[67.102s][info][gc,metaspace   ] GC(188) Metaspace: 95871K(96704K)->95871K(96704K) NonClass: 85951K(86400K)->85951K(86400K) Class: 9919K(10304K)->9919K(10304K)
[67.103s][info][gc             ] GC(188) Pause Young (System.gc()) 1186M->39M(4094M) 0.808ms
[67.103s][info][gc,cpu         ] GC(188) User=0.00s Sys=0.00s Real=0.00s
[67.103s][info][gc,start       ] GC(189) Pause Full (System.gc())
[67.103s][info][gc,phases,start] GC(189) Marking Phase
[67.125s][info][gc,phases      ] GC(189) Marking Phase 22.177ms
[67.125s][info][gc,phases,start] GC(189) Summary Phase
[67.125s][info][gc,phases      ] GC(189) Summary Phase 0.009ms
[67.125s][info][gc,phases,start] GC(189) Adjust Roots
[67.134s][info][gc,phases      ] GC(189) Adjust Roots 8.789ms
[67.134s][info][gc,phases,start] GC(189) Compaction Phase
[67.140s][info][gc,phases      ] GC(189) Compaction Phase 6.534ms
[67.140s][info][gc,phases,start] GC(189) Post Compact
[67.141s][info][gc,phases      ] GC(189) Post Compact 0.816ms
[67.141s][info][gc,heap        ] GC(189) PSYoungGen: 1063K(1396224K)->0K(1396224K) Eden: 0K(1394688K)->0K(1394688K) From: 1063K(1536K)->0K(1536K)
[67.141s][info][gc,heap        ] GC(189) ParOldGen: 39478K(2796544K)->39579K(2796544K)
[67.141s][info][gc,metaspace   ] GC(189) Metaspace: 95871K(96704K)->95871K(96704K) NonClass: 85951K(86400K)->85951K(86400K) Class: 9919K(10304K)->9919K(10304K)
[67.141s][info][gc             ] GC(189) Pause Full (System.gc()) 39M->38M(4094M) 38.625ms
[67.141s][info][gc,cpu         ] GC(189) User=0.02s Sys=0.00s Real=0.03s
[67.692s][info][gc,start       ] GC(190) Pause Young (System.gc())
[67.693s][info][gc,heap        ] GC(190) PSYoungGen: 1179863K(1396224K)->1095K(1396224K) Eden: 1179863K(1394688K)->0K(1394688K) From: 0K(1536K)->1095K(1536K)
[67.693s][info][gc,heap        ] GC(190) ParOldGen: 39579K(2796544K)->39579K(2796544K)
[67.693s][info][gc,metaspace   ] GC(190) Metaspace: 95871K(96704K)->95871K(96704K) NonClass: 85951K(86400K)->85951K(86400K) Class: 9919K(10304K)->9919K(10304K)
[67.693s][info][gc             ] GC(190) Pause Young (System.gc()) 1190M->39M(4094M) 0.835ms
[67.693s][info][gc,cpu         ] GC(190) User=0.00s Sys=0.00s Real=0.00s
[67.693s][info][gc,start       ] GC(191) Pause Full (System.gc())
[67.693s][info][gc,phases,start] GC(191) Marking Phase
[67.713s][info][gc,phases      ] GC(191) Marking Phase 20.497ms
[67.713s][info][gc,phases,start] GC(191) Summary Phase
[67.713s][info][gc,phases      ] GC(191) Summary Phase 0.010ms
[67.713s][info][gc,phases,start] GC(191) Adjust Roots
[67.723s][info][gc,phases      ] GC(191) Adjust Roots 9.525ms
[67.723s][info][gc,phases,start] GC(191) Compaction Phase
[67.730s][info][gc,phases      ] GC(191) Compaction Phase 6.529ms
[67.730s][info][gc,phases,start] GC(191) Post Compact
[67.730s][info][gc,phases      ] GC(191) Post Compact 0.833ms
[67.730s][info][gc,heap        ] GC(191) PSYoungGen: 1095K(1396224K)->0K(1396224K) Eden: 0K(1394688K)->0K(1394688K) From: 1095K(1536K)->0K(1536K)
[67.730s][info][gc,heap        ] GC(191) ParOldGen: 39579K(2796544K)->39681K(2796544K)
[67.730s][info][gc,metaspace   ] GC(191) Metaspace: 95871K(96704K)->95871K(96704K) NonClass: 85951K(86400K)->85951K(86400K) Class: 9919K(10304K)->9919K(10304K)
[67.731s][info][gc             ] GC(191) Pause Full (System.gc()) 39M->38M(4094M) 37.655ms
[67.731s][info][gc,cpu         ] GC(191) User=0.02s Sys=0.00s Real=0.05s
[68.278s][info][gc,start       ] GC(192) Pause Young (System.gc())
[68.279s][info][gc,heap        ] GC(192) PSYoungGen: 1199544K(1396224K)->1103K(1396224K) Eden: 1199544K(1394688K)->0K(1394688K) From: 0K(1536K)->1103K(1536K)
[68.279s][info][gc,heap        ] GC(192) ParOldGen: 39681K(2796544K)->39681K(2796544K)
[68.279s][info][gc,metaspace   ] GC(192) Metaspace: 95872K(96704K)->95872K(96704K) NonClass: 85953K(86400K)->85953K(86400K) Class: 9919K(10304K)->9919K(10304K)
[68.279s][info][gc             ] GC(192) Pause Young (System.gc()) 1210M->39M(4094M) 1.065ms
[68.279s][info][gc,cpu         ] GC(192) User=0.06s Sys=0.00s Real=0.02s
[68.279s][info][gc,start       ] GC(193) Pause Full (System.gc())
[68.279s][info][gc,phases,start] GC(193) Marking Phase
[68.301s][info][gc,phases      ] GC(193) Marking Phase 21.688ms
[68.301s][info][gc,phases,start] GC(193) Summary Phase
[68.301s][info][gc,phases      ] GC(193) Summary Phase 0.009ms
[68.301s][info][gc,phases,start] GC(193) Adjust Roots
[68.310s][info][gc,phases      ] GC(193) Adjust Roots 9.139ms
[68.310s][info][gc,phases,start] GC(193) Compaction Phase
[68.316s][info][gc,phases      ] GC(193) Compaction Phase 5.293ms
[68.316s][info][gc,phases,start] GC(193) Post Compact
[68.317s][info][gc,phases      ] GC(193) Post Compact 0.892ms
[68.317s][info][gc,heap        ] GC(193) PSYoungGen: 1103K(1396224K)->0K(1396224K) Eden: 0K(1394688K)->0K(1394688K) From: 1103K(1536K)->0K(1536K)
[68.317s][info][gc,heap        ] GC(193) ParOldGen: 39681K(2796544K)->39782K(2796544K)
[68.317s][info][gc,metaspace   ] GC(193) Metaspace: 95872K(96704K)->95872K(96704K) NonClass: 85953K(86400K)->85953K(86400K) Class: 9919K(10304K)->9919K(10304K)
[68.317s][info][gc             ] GC(193) Pause Full (System.gc()) 39M->38M(4094M) 37.337ms
[68.317s][info][gc,cpu         ] GC(193) User=0.00s Sys=0.00s Real=0.03s
[68.864s][info][gc,start       ] GC(194) Pause Young (System.gc())
[68.865s][info][gc,heap        ] GC(194) PSYoungGen: 1174099K(1396224K)->1031K(1396224K) Eden: 1174099K(1394688K)->0K(1394688K) From: 0K(1536K)->1031K(1536K)
[68.865s][info][gc,heap        ] GC(194) ParOldGen: 39782K(2796544K)->39782K(2796544K)
[68.865s][info][gc,metaspace   ] GC(194) Metaspace: 95872K(96704K)->95872K(96704K) NonClass: 85953K(86400K)->85953K(86400K) Class: 9919K(10304K)->9919K(10304K)
[68.865s][info][gc             ] GC(194) Pause Young (System.gc()) 1185M->39M(4094M) 0.816ms
[68.865s][info][gc,cpu         ] GC(194) User=0.00s Sys=0.00s Real=0.00s
[68.865s][info][gc,start       ] GC(195) Pause Full (System.gc())
[68.865s][info][gc,phases,start] GC(195) Marking Phase
[68.885s][info][gc,phases      ] GC(195) Marking Phase 20.298ms
[68.885s][info][gc,phases,start] GC(195) Summary Phase
[68.885s][info][gc,phases      ] GC(195) Summary Phase 0.010ms
[68.885s][info][gc,phases,start] GC(195) Adjust Roots
[68.894s][info][gc,phases      ] GC(195) Adjust Roots 8.953ms
[68.894s][info][gc,phases,start] GC(195) Compaction Phase
[68.900s][info][gc,phases      ] GC(195) Compaction Phase 5.846ms
[68.900s][info][gc,phases,start] GC(195) Post Compact
[68.901s][info][gc,phases      ] GC(195) Post Compact 0.940ms
[68.901s][info][gc,heap        ] GC(195) PSYoungGen: 1031K(1396224K)->0K(1396224K) Eden: 0K(1394688K)->0K(1394688K) From: 1031K(1536K)->0K(1536K)
[68.901s][info][gc,heap        ] GC(195) ParOldGen: 39782K(2796544K)->39883K(2796544K)
[68.901s][info][gc,metaspace   ] GC(195) Metaspace: 95872K(96704K)->95872K(96704K) NonClass: 85953K(86400K)->85953K(86400K) Class: 9919K(10304K)->9919K(10304K)
[68.901s][info][gc             ] GC(195) Pause Full (System.gc()) 39M->38M(4094M) 36.370ms
[68.901s][info][gc,cpu         ] GC(195) User=0.03s Sys=0.00s Real=0.03s
[69.450s][info][gc,start       ] GC(196) Pause Young (System.gc())
[69.451s][info][gc,heap        ] GC(196) PSYoungGen: 1174911K(1396224K)->1381K(1396224K) Eden: 1174911K(1394688K)->0K(1394688K) From: 0K(1536K)->1381K(1536K)
[69.451s][info][gc,heap        ] GC(196) ParOldGen: 39883K(2796544K)->39883K(2796544K)
[69.451s][info][gc,metaspace   ] GC(196) Metaspace: 95872K(96704K)->95872K(96704K) NonClass: 85953K(86400K)->85953K(86400K) Class: 9919K(10304K)->9919K(10304K)
[69.451s][info][gc             ] GC(196) Pause Young (System.gc()) 1186M->40M(4094M) 1.366ms
[69.451s][info][gc,cpu         ] GC(196) User=0.00s Sys=0.00s Real=0.01s
[69.451s][info][gc,start       ] GC(197) Pause Full (System.gc())
[69.451s][info][gc,phases,start] GC(197) Marking Phase
[69.474s][info][gc,phases      ] GC(197) Marking Phase 22.109ms
[69.474s][info][gc,phases,start] GC(197) Summary Phase
[69.474s][info][gc,phases      ] GC(197) Summary Phase 0.009ms
[69.474s][info][gc,phases,start] GC(197) Adjust Roots
[69.483s][info][gc,phases      ] GC(197) Adjust Roots 8.869ms
[69.483s][info][gc,phases,start] GC(197) Compaction Phase
[69.490s][info][gc,phases      ] GC(197) Compaction Phase 7.610ms
[69.490s][info][gc,phases,start] GC(197) Post Compact
[69.491s][info][gc,phases      ] GC(197) Post Compact 0.852ms
[69.491s][info][gc,heap        ] GC(197) PSYoungGen: 1381K(1396224K)->0K(1396224K) Eden: 0K(1394688K)->0K(1394688K) From: 1381K(1536K)->0K(1536K)
[69.491s][info][gc,heap        ] GC(197) ParOldGen: 39883K(2796544K)->40308K(2796544K)
[69.491s][info][gc,metaspace   ] GC(197) Metaspace: 95872K(96704K)->95872K(96704K) NonClass: 85953K(86400K)->85953K(86400K) Class: 9919K(10304K)->9919K(10304K)
[69.491s][info][gc             ] GC(197) Pause Full (System.gc()) 40M->39M(4094M) 39.772ms
[69.491s][info][gc,cpu         ] GC(197) User=0.03s Sys=0.00s Real=0.03s
[70.043s][info][gc,start       ] GC(198) Pause Young (System.gc())
[70.044s][info][gc,heap        ] GC(198) PSYoungGen: 1177033K(1396224K)->1039K(1396224K) Eden: 1177033K(1394688K)->0K(1394688K) From: 0K(1536K)->1039K(1536K)
[70.044s][info][gc,heap        ] GC(198) ParOldGen: 40308K(2796544K)->40308K(2796544K)
[70.044s][info][gc,metaspace   ] GC(198) Metaspace: 95880K(96768K)->95880K(96768K) NonClass: 85960K(86464K)->85960K(86464K) Class: 9919K(10304K)->9919K(10304K)
[70.044s][info][gc             ] GC(198) Pause Young (System.gc()) 1188M->40M(4094M) 0.874ms
[70.044s][info][gc,cpu         ] GC(198) User=0.00s Sys=0.00s Real=0.00s
[70.044s][info][gc,start       ] GC(199) Pause Full (System.gc())
[70.044s][info][gc,phases,start] GC(199) Marking Phase
[70.066s][info][gc,phases      ] GC(199) Marking Phase 22.311ms
[70.066s][info][gc,phases,start] GC(199) Summary Phase
[70.066s][info][gc,phases      ] GC(199) Summary Phase 0.009ms
[70.066s][info][gc,phases,start] GC(199) Adjust Roots
[70.075s][info][gc,phases      ] GC(199) Adjust Roots 8.900ms
[70.075s][info][gc,phases,start] GC(199) Compaction Phase
[70.082s][info][gc,phases      ] GC(199) Compaction Phase 6.555ms
[70.082s][info][gc,phases,start] GC(199) Post Compact
[70.083s][info][gc,phases      ] GC(199) Post Compact 0.760ms
[70.083s][info][gc,heap        ] GC(199) PSYoungGen: 1039K(1396224K)->0K(1396224K) Eden: 0K(1394688K)->0K(1394688K) From: 1039K(1536K)->0K(1536K)
[70.083s][info][gc,heap        ] GC(199) ParOldGen: 40308K(2796544K)->39553K(2796544K)
[70.083s][info][gc,metaspace   ] GC(199) Metaspace: 95880K(96768K)->95880K(96768K) NonClass: 85960K(86464K)->85960K(86464K) Class: 9919K(10304K)->9919K(10304K)
[70.083s][info][gc             ] GC(199) Pause Full (System.gc()) 40M->38M(4094M) 38.823ms
[70.083s][info][gc,cpu         ] GC(199) User=0.02s Sys=0.00s Real=0.03s
[70.636s][info][gc,start       ] GC(200) Pause Young (System.gc())
[70.637s][info][gc,heap        ] GC(200) PSYoungGen: 1174986K(1396224K)->1031K(1396224K) Eden: 1174986K(1394688K)->0K(1394688K) From: 0K(1536K)->1031K(1536K)
[70.637s][info][gc,heap        ] GC(200) ParOldGen: 39553K(2796544K)->39553K(2796544K)
[70.637s][info][gc,metaspace   ] GC(200) Metaspace: 95886K(96768K)->95886K(96768K) NonClass: 85966K(86464K)->85966K(86464K) Class: 9919K(10304K)->9919K(10304K)
[70.637s][info][gc             ] GC(200) Pause Young (System.gc()) 1186M->39M(4094M) 0.815ms
[70.637s][info][gc,cpu         ] GC(200) User=0.00s Sys=0.00s Real=0.00s
[70.637s][info][gc,start       ] GC(201) Pause Full (System.gc())
[70.637s][info][gc,phases,start] GC(201) Marking Phase
[70.658s][info][gc,phases      ] GC(201) Marking Phase 20.831ms
[70.658s][info][gc,phases,start] GC(201) Summary Phase
[70.658s][info][gc,phases      ] GC(201) Summary Phase 0.009ms
[70.658s][info][gc,phases,start] GC(201) Adjust Roots
[70.667s][info][gc,phases      ] GC(201) Adjust Roots 9.081ms
[70.667s][info][gc,phases,start] GC(201) Compaction Phase
[70.673s][info][gc,phases      ] GC(201) Compaction Phase 5.893ms
[70.673s][info][gc,phases,start] GC(201) Post Compact
[70.674s][info][gc,phases      ] GC(201) Post Compact 0.877ms
[70.674s][info][gc,heap        ] GC(201) PSYoungGen: 1031K(1396224K)->0K(1396224K) Eden: 0K(1394688K)->0K(1394688K) From: 1031K(1536K)->0K(1536K)
[70.674s][info][gc,heap        ] GC(201) ParOldGen: 39553K(2796544K)->39653K(2796544K)
[70.674s][info][gc,metaspace   ] GC(201) Metaspace: 95886K(96768K)->95886K(96768K) NonClass: 85966K(86464K)->85966K(86464K) Class: 9919K(10304K)->9919K(10304K)
[70.674s][info][gc             ] GC(201) Pause Full (System.gc()) 39M->38M(4094M) 36.994ms
[70.674s][info][gc,cpu         ] GC(201) User=0.00s Sys=0.00s Real=0.03s
[71.224s][info][gc,start       ] GC(202) Pause Young (System.gc())
[71.224s][info][gc,heap        ] GC(202) PSYoungGen: 1175165K(1396224K)->1039K(1396224K) Eden: 1175165K(1394688K)->0K(1394688K) From: 0K(1536K)->1039K(1536K)
[71.224s][info][gc,heap        ] GC(202) ParOldGen: 39653K(2796544K)->39653K(2796544K)
[71.224s][info][gc,metaspace   ] GC(202) Metaspace: 95886K(96768K)->95886K(96768K) NonClass: 85966K(86464K)->85966K(86464K) Class: 9919K(10304K)->9919K(10304K)
[71.225s][info][gc             ] GC(202) Pause Young (System.gc()) 1186M->39M(4094M) 0.799ms
[71.225s][info][gc,cpu         ] GC(202) User=0.00s Sys=0.00s Real=0.00s
[71.225s][info][gc,start       ] GC(203) Pause Full (System.gc())
[71.225s][info][gc,phases,start] GC(203) Marking Phase
[71.246s][info][gc,phases      ] GC(203) Marking Phase 21.097ms
[71.246s][info][gc,phases,start] GC(203) Summary Phase
[71.246s][info][gc,phases      ] GC(203) Summary Phase 0.010ms
[71.246s][info][gc,phases,start] GC(203) Adjust Roots
[71.255s][info][gc,phases      ] GC(203) Adjust Roots 8.895ms
[71.255s][info][gc,phases,start] GC(203) Compaction Phase
[71.260s][info][gc,phases      ] GC(203) Compaction Phase 5.619ms
[71.260s][info][gc,phases,start] GC(203) Post Compact
[71.261s][info][gc,phases      ] GC(203) Post Compact 0.844ms
[71.261s][info][gc,heap        ] GC(203) PSYoungGen: 1039K(1396224K)->0K(1396224K) Eden: 0K(1394688K)->0K(1394688K) From: 1039K(1536K)->0K(1536K)
[71.261s][info][gc,heap        ] GC(203) ParOldGen: 39653K(2796544K)->39756K(2796544K)
[71.261s][info][gc,metaspace   ] GC(203) Metaspace: 95886K(96768K)->95886K(96768K) NonClass: 85966K(86464K)->85966K(86464K) Class: 9919K(10304K)->9919K(10304K)
[71.261s][info][gc             ] GC(203) Pause Full (System.gc()) 39M->38M(4094M) 36.813ms
[71.261s][info][gc,cpu         ] GC(203) User=0.02s Sys=0.00s Real=0.05s
[71.813s][info][gc,start       ] GC(204) Pause Young (System.gc())
[71.813s][info][gc,heap        ] GC(204) PSYoungGen: 1176034K(1396224K)->1063K(1396224K) Eden: 1176034K(1394688K)->0K(1394688K) From: 0K(1536K)->1063K(1536K)
[71.813s][info][gc,heap        ] GC(204) ParOldGen: 39756K(2796544K)->39756K(2796544K)
[71.813s][info][gc,metaspace   ] GC(204) Metaspace: 95886K(96768K)->95886K(96768K) NonClass: 85966K(86464K)->85966K(86464K) Class: 9919K(10304K)->9919K(10304K)
[71.813s][info][gc             ] GC(204) Pause Young (System.gc()) 1187M->39M(4094M) 0.780ms
[71.813s][info][gc,cpu         ] GC(204) User=0.00s Sys=0.00s Real=0.00s
[71.813s][info][gc,start       ] GC(205) Pause Full (System.gc())
[71.813s][info][gc,phases,start] GC(205) Marking Phase
[71.834s][info][gc,phases      ] GC(205) Marking Phase 20.343ms
[71.834s][info][gc,phases,start] GC(205) Summary Phase
[71.834s][info][gc,phases      ] GC(205) Summary Phase 0.013ms
[71.834s][info][gc,phases,start] GC(205) Adjust Roots
[71.843s][info][gc,phases      ] GC(205) Adjust Roots 8.950ms
[71.843s][info][gc,phases,start] GC(205) Compaction Phase
[71.849s][info][gc,phases      ] GC(205) Compaction Phase 6.466ms
[71.849s][info][gc,phases,start] GC(205) Post Compact
[71.850s][info][gc,phases      ] GC(205) Post Compact 0.961ms
[71.851s][info][gc,heap        ] GC(205) PSYoungGen: 1063K(1396224K)->0K(1396224K) Eden: 0K(1394688K)->0K(1394688K) From: 1063K(1536K)->0K(1536K)
[71.851s][info][gc,heap        ] GC(205) ParOldGen: 39756K(2796544K)->39857K(2796544K)
[71.851s][info][gc,metaspace   ] GC(205) Metaspace: 95886K(96768K)->95886K(96768K) NonClass: 85966K(86464K)->85966K(86464K) Class: 9919K(10304K)->9919K(10304K)
[71.851s][info][gc             ] GC(205) Pause Full (System.gc()) 39M->38M(4094M) 37.106ms
[71.851s][info][gc,cpu         ] GC(205) User=0.03s Sys=0.00s Real=0.05s
[72.399s][info][gc,start       ] GC(206) Pause Young (System.gc())
[72.400s][info][gc,heap        ] GC(206) PSYoungGen: 1179945K(1396224K)->1031K(1396224K) Eden: 1179945K(1394688K)->0K(1394688K) From: 0K(1536K)->1031K(1536K)
[72.400s][info][gc,heap        ] GC(206) ParOldGen: 39857K(2796544K)->39857K(2796544K)
[72.400s][info][gc,metaspace   ] GC(206) Metaspace: 95889K(96768K)->95889K(96768K) NonClass: 85969K(86464K)->85969K(86464K) Class: 9919K(10304K)->9919K(10304K)
[72.400s][info][gc             ] GC(206) Pause Young (System.gc()) 1191M->39M(4094M) 0.831ms
[72.400s][info][gc,cpu         ] GC(206) User=0.00s Sys=0.00s Real=0.00s
[72.400s][info][gc,start       ] GC(207) Pause Full (System.gc())
[72.400s][info][gc,phases,start] GC(207) Marking Phase
[72.422s][info][gc,phases      ] GC(207) Marking Phase 21.742ms
[72.422s][info][gc,phases,start] GC(207) Summary Phase
[72.422s][info][gc,phases      ] GC(207) Summary Phase 0.009ms
[72.422s][info][gc,phases,start] GC(207) Adjust Roots
[72.430s][info][gc,phases      ] GC(207) Adjust Roots 8.735ms
[72.431s][info][gc,phases,start] GC(207) Compaction Phase
[72.437s][info][gc,phases      ] GC(207) Compaction Phase 6.691ms
[72.437s][info][gc,phases,start] GC(207) Post Compact
[72.438s][info][gc,phases      ] GC(207) Post Compact 0.950ms
[72.438s][info][gc,heap        ] GC(207) PSYoungGen: 1031K(1396224K)->0K(1396224K) Eden: 0K(1394688K)->0K(1394688K) From: 1031K(1536K)->0K(1536K)
[72.438s][info][gc,heap        ] GC(207) ParOldGen: 39857K(2796544K)->39958K(2796544K)
[72.438s][info][gc,metaspace   ] GC(207) Metaspace: 95889K(96768K)->95889K(96768K) NonClass: 85969K(86464K)->85969K(86464K) Class: 9919K(10304K)->9919K(10304K)
[72.438s][info][gc             ] GC(207) Pause Full (System.gc()) 39M->39M(4094M) 38.448ms
[72.438s][info][gc,cpu         ] GC(207) User=0.00s Sys=0.00s Real=0.03s
[73.068s][info][gc,heap,exit   ] Heap
[73.068s][info][gc,heap,exit   ]  PSYoungGen      total 1396224K, used 1265135K [0x00000007aab00000, 0x0000000800000000, 0x0000000800000000)
[73.068s][info][gc,heap,exit   ]   eden space 1394688K, 90% used [0x00000007aab00000,0x00000007f7e7bce0,0x00000007ffd00000)
[73.068s][info][gc,heap,exit   ]   from space 1536K, 0% used [0x00000007ffd00000,0x00000007ffd00000,0x00000007ffe80000)
[73.068s][info][gc,heap,exit   ]   to   space 1536K, 0% used [0x00000007ffe80000,0x00000007ffe80000,0x0000000800000000)
[73.068s][info][gc,heap,exit   ]  ParOldGen       total 2796544K, used 39958K [0x0000000700000000, 0x00000007aab00000, 0x00000007aab00000)
[73.068s][info][gc,heap,exit   ]   object space 2796544K, 1% used [0x0000000700000000,0x0000000702705bc0,0x00000007aab00000)
[73.068s][info][gc,heap,exit   ]  Metaspace       used 96346K, committed 97216K, reserved 1179648K
[73.069s][info][gc,heap,exit   ]   class space    used 10013K, committed 10432K, reserved 1048576K
