[0.007s][info][gc,init] Initializing The Z Garbage Collector
[0.007s][info][gc,init] Version: 17.0.12+7-adhoc..jdk17u (release)
[0.007s][info][gc,init] NUMA Support: Disabled
[0.007s][info][gc,init] CPUs: 6 total, 6 available
[0.007s][info][gc,init] Memory: 15591M
[0.007s][info][gc,init] Large Page Support: Disabled
[0.007s][info][gc,init] GC Workers: 2 (dynamic)
[0.008s][info][gc,init] Address Space Type: Contiguous/Unrestricted/Complete
[0.008s][info][gc,init] Address Space Size: 32768M x 3 = 98304M
[0.008s][info][gc,init] Min Capacity: 2048M
[0.008s][info][gc,init] Initial Capacity: 2048M
[0.008s][info][gc,init] Max Capacity: 2048M
[0.009s][info][gc,init] Medium Page Size: 32M
[0.009s][info][gc,init] Pre-touch: Disabled
[0.009s][info][gc,init] Uncommit: Implicitly Disabled (-Xms equals -Xmx)
[0.079s][info][gc,init] Runtime Workers: 4
[0.080s][info][gc     ] Using The Z Garbage Collector
[0.088s][info][gc,metaspace] CDS archive(s) mapped at: [0x000001b200000000-0x000001b200bc0000-0x000001b200bc0000), size 12320768, SharedBaseAddress: 0x000001b200000000, ArchiveRelocationMode: 1.
[0.088s][info][gc,metaspace] Compressed class space mapped at: 0x000001b201000000-0x000001b241000000, reserved size: 1073741824
[0.088s][info][gc,metaspace] Narrow klass base: 0x000001b200000000, Narrow klass shift: 0, Narrow klass range: 0x100000000
[0.946s][info][gc,start    ] GC(0) Garbage Collection (System.gc())
[0.946s][info][gc,task     ] GC(0) Using 2 workers
[0.946s][info][gc,phases   ] GC(0) Pause Mark Start 0.007ms
[0.962s][info][gc,phases   ] GC(0) Concurrent Mark 15.994ms
[0.962s][info][gc,phases   ] GC(0) Pause Mark End 0.043ms
[0.962s][info][gc,phases   ] GC(0) Concurrent Mark Free 0.002ms
[0.964s][info][gc,phases   ] GC(0) Concurrent Process Non-Strong References 1.423ms
[0.964s][info][gc,phases   ] GC(0) Concurrent Reset Relocation Set 0.003ms
[0.969s][info][gc,phases   ] GC(0) Concurrent Select Relocation Set 5.461ms
[0.970s][info][gc,phases   ] GC(0) Pause Relocate Start 0.010ms
[0.972s][info][gc,phases   ] GC(0) Concurrent Relocate 2.334ms
[0.972s][info][gc,load     ] GC(0) Load: 0.00/0.00/0.00
[0.972s][info][gc,mmu      ] GC(0) MMU: 2ms/97.9%, 5ms/99.1%, 10ms/99.5%, 20ms/99.7%, 50ms/99.9%, 100ms/99.9%
[0.972s][info][gc,marking  ] GC(0) Mark: 2 stripe(s), 1 proactive flush(es), 1 terminate flush(es), 0 completion(s), 0 continuation(s) 
[0.972s][info][gc,marking  ] GC(0) Mark Stack Usage: 32M
[0.972s][info][gc,nmethod  ] GC(0) NMethods: 1067 registered, 0 unregistered
[0.972s][info][gc,metaspace] GC(0) Metaspace: 8M used, 8M committed, 1088M reserved
[0.972s][info][gc,ref      ] GC(0) Soft: 240 encountered, 0 discovered, 0 enqueued
[0.972s][info][gc,ref      ] GC(0) Weak: 751 encountered, 525 discovered, 173 enqueued
[0.972s][info][gc,ref      ] GC(0) Final: 0 encountered, 0 discovered, 0 enqueued
[0.972s][info][gc,ref      ] GC(0) Phantom: 221 encountered, 207 discovered, 194 enqueued
[0.972s][info][gc,reloc    ] GC(0) Small Pages: 15 / 30M, Empty: 0M, Relocated: 3M, In-Place: 0
[0.972s][info][gc,reloc    ] GC(0) Medium Pages: 0 / 0M, Empty: 0M, Relocated: 0M, In-Place: 0
[0.972s][info][gc,reloc    ] GC(0) Large Pages: 0 / 0M, Empty: 0M, Relocated: 0M, In-Place: 0
[0.972s][info][gc,reloc    ] GC(0) Forwarding Usage: 1M
[0.972s][info][gc,heap     ] GC(0) Min Capacity: 2048M(100%)
[0.972s][info][gc,heap     ] GC(0) Max Capacity: 2048M(100%)
[0.972s][info][gc,heap     ] GC(0) Soft Max Capacity: 2048M(100%)
[0.972s][info][gc,heap     ] GC(0)                Mark Start          Mark End        Relocate Start      Relocate End           High               Low         
[0.972s][info][gc,heap     ] GC(0)  Capacity:     2048M (100%)       2048M (100%)       2048M (100%)       2048M (100%)       2048M (100%)       2048M (100%)   
[0.972s][info][gc,heap     ] GC(0)      Free:     2018M (99%)        2018M (99%)        2018M (99%)        2040M (100%)       2040M (100%)       2014M (98%)    
[0.972s][info][gc,heap     ] GC(0)      Used:       30M (1%)           30M (1%)           30M (1%)            8M (0%)           34M (2%)            8M (0%)     
[0.972s][info][gc,heap     ] GC(0)      Live:         -                 4M (0%)            4M (0%)            4M (0%)             -                  -          
[0.972s][info][gc,heap     ] GC(0) Allocated:         -                 0M (0%)            0M (0%)            0M (0%)             -                  -          
[0.972s][info][gc,heap     ] GC(0)   Garbage:         -                25M (1%)           25M (1%)            3M (0%)             -                  -          
[0.972s][info][gc,heap     ] GC(0) Reclaimed:         -                  -                 0M (0%)           22M (1%)             -                  -          
[0.973s][info][gc          ] GC(0) Garbage Collection (System.gc()) 30M(1%)->8M(0%)
[2.013s][info][gc,start    ] GC(1) Garbage Collection (Warmup)
[2.013s][info][gc,task     ] GC(1) Using 2 workers
[2.013s][info][gc,phases   ] GC(1) Pause Mark Start 0.006ms
[2.138s][info][gc,phases   ] GC(1) Concurrent Mark 125.192ms
[2.139s][info][gc,phases   ] GC(1) Pause Mark End 0.016ms
[2.139s][info][gc,phases   ] GC(1) Concurrent Mark Free 0.002ms
[2.140s][info][gc,phases   ] GC(1) Concurrent Process Non-Strong References 1.619ms
[2.140s][info][gc,phases   ] GC(1) Concurrent Reset Relocation Set 0.001ms
[2.150s][info][gc,phases   ] GC(1) Concurrent Select Relocation Set 9.058ms
[2.150s][info][gc,phases   ] GC(1) Pause Relocate Start 0.026ms
[2.202s][info][gc,phases   ] GC(1) Concurrent Relocate 52.240ms
[2.202s][info][gc,load     ] GC(1) Load: 0.00/0.00/0.00
[2.202s][info][gc,mmu      ] GC(1) MMU: 2ms/97.9%, 5ms/99.1%, 10ms/99.5%, 20ms/99.7%, 50ms/99.9%, 100ms/99.9%
[2.202s][info][gc,marking  ] GC(1) Mark: 2 stripe(s), 2 proactive flush(es), 1 terminate flush(es), 0 completion(s), 0 continuation(s) 
[2.202s][info][gc,marking  ] GC(1) Mark Stack Usage: 32M
[2.202s][info][gc,nmethod  ] GC(1) NMethods: 1760 registered, 0 unregistered
[2.202s][info][gc,metaspace] GC(1) Metaspace: 14M used, 14M committed, 1088M reserved
[2.202s][info][gc,ref      ] GC(1) Soft: 267 encountered, 0 discovered, 0 enqueued
[2.202s][info][gc,ref      ] GC(1) Weak: 642 encountered, 428 discovered, 16 enqueued
[2.202s][info][gc,ref      ] GC(1) Final: 0 encountered, 0 discovered, 0 enqueued
[2.202s][info][gc,ref      ] GC(1) Phantom: 78 encountered, 44 discovered, 15 enqueued
[2.202s][info][gc,reloc    ] GC(1) Small Pages: 116 / 232M, Empty: 0M, Relocated: 66M, In-Place: 0
[2.202s][info][gc,reloc    ] GC(1) Medium Pages: 1 / 32M, Empty: 0M, Relocated: 0M, In-Place: 0
[2.202s][info][gc,reloc    ] GC(1) Large Pages: 1 / 6M, Empty: 0M, Relocated: 0M, In-Place: 0
[2.202s][info][gc,reloc    ] GC(1) Forwarding Usage: 45M
[2.202s][info][gc,heap     ] GC(1) Min Capacity: 2048M(100%)
[2.202s][info][gc,heap     ] GC(1) Max Capacity: 2048M(100%)
[2.202s][info][gc,heap     ] GC(1) Soft Max Capacity: 2048M(100%)
[2.202s][info][gc,heap     ] GC(1)                Mark Start          Mark End        Relocate Start      Relocate End           High               Low         
[2.202s][info][gc,heap     ] GC(1)  Capacity:     2048M (100%)       2048M (100%)       2048M (100%)       2048M (100%)       2048M (100%)       2048M (100%)   
[2.202s][info][gc,heap     ] GC(1)      Free:     1778M (87%)        1696M (83%)        1690M (83%)        1800M (88%)        1812M (88%)        1686M (82%)    
[2.202s][info][gc,heap     ] GC(1)      Used:      270M (13%)         352M (17%)         358M (17%)         248M (12%)         362M (18%)         236M (12%)    
[2.202s][info][gc,heap     ] GC(1)      Live:         -                83M (4%)           83M (4%)           83M (4%)             -                  -          
[2.202s][info][gc,heap     ] GC(1) Allocated:         -                82M (4%)           88M (4%)          135M (7%)             -                  -          
[2.202s][info][gc,heap     ] GC(1)   Garbage:         -               186M (9%)          186M (9%)           29M (1%)             -                  -          
[2.202s][info][gc,heap     ] GC(1) Reclaimed:         -                  -                 0M (0%)          157M (8%)             -                  -          
[2.202s][info][gc          ] GC(1) Garbage Collection (Warmup) 270M(13%)->248M(12%)
[2.405s][info][gc,start    ] GC(2) Garbage Collection (Warmup)
[2.406s][info][gc,task     ] GC(2) Using 2 workers
[2.406s][info][gc,phases   ] GC(2) Pause Mark Start 0.014ms
[2.688s][info][gc,phases   ] GC(2) Concurrent Mark 282.269ms
[2.688s][info][gc,phases   ] GC(2) Pause Mark End 0.013ms
[2.688s][info][gc,phases   ] GC(2) Concurrent Mark Free 0.000ms
[2.690s][info][gc,phases   ] GC(2) Concurrent Process Non-Strong References 2.018ms
[2.690s][info][gc,phases   ] GC(2) Concurrent Reset Relocation Set 0.012ms
[2.713s][info][gc,phases   ] GC(2) Concurrent Select Relocation Set 22.832ms
[2.714s][info][gc,phases   ] GC(2) Pause Relocate Start 0.008ms
[2.793s][info][gc,phases   ] GC(2) Concurrent Relocate 79.322ms
[2.793s][info][gc,load     ] GC(2) Load: 0.00/0.00/0.00
[2.793s][info][gc,mmu      ] GC(2) MMU: 2ms/97.9%, 5ms/99.1%, 10ms/99.5%, 20ms/99.7%, 50ms/99.9%, 100ms/99.9%
[2.793s][info][gc,marking  ] GC(2) Mark: 2 stripe(s), 2 proactive flush(es), 1 terminate flush(es), 0 completion(s), 0 continuation(s) 
[2.793s][info][gc,marking  ] GC(2) Mark Stack Usage: 32M
[2.793s][info][gc,nmethod  ] GC(2) NMethods: 1840 registered, 0 unregistered
[2.793s][info][gc,metaspace] GC(2) Metaspace: 14M used, 14M committed, 1088M reserved
[2.793s][info][gc,ref      ] GC(2) Soft: 267 encountered, 0 discovered, 0 enqueued
[2.793s][info][gc,ref      ] GC(2) Weak: 626 encountered, 230 discovered, 0 enqueued
[2.793s][info][gc,ref      ] GC(2) Final: 0 encountered, 0 discovered, 0 enqueued
[2.793s][info][gc,ref      ] GC(2) Phantom: 63 encountered, 25 discovered, 0 enqueued
[2.793s][info][gc,reloc    ] GC(2) Small Pages: 174 / 348M, Empty: 0M, Relocated: 94M, In-Place: 0
[2.793s][info][gc,reloc    ] GC(2) Medium Pages: 2 / 64M, Empty: 32M, Relocated: 0M, In-Place: 0
[2.793s][info][gc,reloc    ] GC(2) Large Pages: 4 / 28M, Empty: 6M, Relocated: 0M, In-Place: 0
[2.793s][info][gc,reloc    ] GC(2) Forwarding Usage: 67M
[2.793s][info][gc,heap     ] GC(2) Min Capacity: 2048M(100%)
[2.793s][info][gc,heap     ] GC(2) Max Capacity: 2048M(100%)
[2.793s][info][gc,heap     ] GC(2) Soft Max Capacity: 2048M(100%)
[2.793s][info][gc,heap     ] GC(2)                Mark Start          Mark End        Relocate Start      Relocate End           High               Low         
[2.793s][info][gc,heap     ] GC(2)  Capacity:     2048M (100%)       2048M (100%)       2048M (100%)       2048M (100%)       2048M (100%)       2048M (100%)   
[2.793s][info][gc,heap     ] GC(2)      Free:     1608M (79%)        1370M (67%)        1404M (69%)        1580M (77%)        1608M (79%)        1368M (67%)    
[2.793s][info][gc,heap     ] GC(2)      Used:      440M (21%)         678M (33%)         644M (31%)         468M (23%)         680M (33%)         440M (21%)    
[2.793s][info][gc,heap     ] GC(2)      Live:         -               190M (9%)          190M (9%)          190M (9%)             -                  -          
[2.793s][info][gc,heap     ] GC(2) Allocated:         -               238M (12%)         242M (12%)         244M (12%)            -                  -          
[2.794s][info][gc,heap     ] GC(2)   Garbage:         -               249M (12%)         211M (10%)          32M (2%)             -                  -          
[2.794s][info][gc,heap     ] GC(2) Reclaimed:         -                  -                38M (2%)          216M (11%)            -                  -          
[2.794s][info][gc          ] GC(2) Garbage Collection (Warmup) 440M(21%)->468M(23%)
[2.814s][info][gc,start    ] GC(3) Garbage Collection (Allocation Rate)
[2.814s][info][gc,task     ] GC(3) Using 2 workers
[2.814s][info][gc,phases   ] GC(3) Pause Mark Start 0.011ms
[3.167s][info][gc,phases   ] GC(3) Concurrent Mark 352.487ms
[3.167s][info][gc,phases   ] GC(3) Pause Mark End 0.011ms
[3.183s][info][gc,phases   ] GC(3) Concurrent Mark Free 0.002ms
[3.185s][info][gc,phases   ] GC(3) Concurrent Process Non-Strong References 2.273ms
[3.185s][info][gc,phases   ] GC(3) Concurrent Reset Relocation Set 0.015ms
[3.194s][info][gc,phases   ] GC(3) Concurrent Select Relocation Set 8.766ms
[3.198s][info][gc,phases   ] GC(3) Pause Relocate Start 0.010ms
[3.278s][info][gc,phases   ] GC(3) Concurrent Relocate 64.225ms
[3.278s][info][gc,load     ] GC(3) Load: 0.00/0.00/0.00
[3.278s][info][gc,mmu      ] GC(3) MMU: 2ms/97.9%, 5ms/99.1%, 10ms/99.5%, 20ms/99.7%, 50ms/99.9%, 100ms/99.9%
[3.278s][info][gc,marking  ] GC(3) Mark: 2 stripe(s), 2 proactive flush(es), 1 terminate flush(es), 0 completion(s), 0 continuation(s) 
[3.278s][info][gc,marking  ] GC(3) Mark Stack Usage: 32M
[3.278s][info][gc,nmethod  ] GC(3) NMethods: 2128 registered, 0 unregistered
[3.278s][info][gc,metaspace] GC(3) Metaspace: 14M used, 15M committed, 1088M reserved
[3.278s][info][gc,ref      ] GC(3) Soft: 268 encountered, 0 discovered, 0 enqueued
[3.278s][info][gc,ref      ] GC(3) Weak: 634 encountered, 174 discovered, 2 enqueued
[3.278s][info][gc,ref      ] GC(3) Final: 0 encountered, 0 discovered, 0 enqueued
[3.278s][info][gc,ref      ] GC(3) Phantom: 65 encountered, 26 discovered, 2 enqueued
[3.278s][info][gc,reloc    ] GC(3) Small Pages: 164 / 328M, Empty: 0M, Relocated: 57M, In-Place: 0
[3.278s][info][gc,reloc    ] GC(3) Medium Pages: 2 / 64M, Empty: 32M, Relocated: 0M, In-Place: 0
[3.278s][info][gc,reloc    ] GC(3) Large Pages: 8 / 76M, Empty: 22M, Relocated: 0M, In-Place: 0
[3.278s][info][gc,reloc    ] GC(3) Forwarding Usage: 40M
[3.278s][info][gc,heap     ] GC(3) Min Capacity: 2048M(100%)
[3.278s][info][gc,heap     ] GC(3) Max Capacity: 2048M(100%)
[3.278s][info][gc,heap     ] GC(3) Soft Max Capacity: 2048M(100%)
[3.278s][info][gc,heap     ] GC(3)                Mark Start          Mark End        Relocate Start      Relocate End           High               Low         
[3.278s][info][gc,heap     ] GC(3)  Capacity:     2048M (100%)       2048M (100%)       2048M (100%)       2048M (100%)       2048M (100%)       2048M (100%)   
[3.278s][info][gc,heap     ] GC(3)      Free:     1580M (77%)        1428M (70%)        1424M (70%)        1482M (72%)        1580M (77%)        1378M (67%)    
[3.278s][info][gc,heap     ] GC(3)      Used:      468M (23%)         620M (30%)         624M (30%)         566M (28%)         670M (33%)         468M (23%)    
[3.278s][info][gc,heap     ] GC(3)      Live:         -               269M (13%)         269M (13%)         269M (13%)            -                  -          
[3.278s][info][gc,heap     ] GC(3) Allocated:         -               152M (7%)          210M (10%)         260M (13%)            -                  -          
[3.278s][info][gc,heap     ] GC(3)   Garbage:         -               198M (10%)         144M (7%)           36M (2%)             -                  -          
[3.278s][info][gc,heap     ] GC(3) Reclaimed:         -                  -                54M (3%)          162M (8%)             -                  -          
[3.278s][info][gc          ] GC(3) Garbage Collection (Allocation Rate) 468M(23%)->566M(28%)
[3.401s][info][gc,start    ] GC(4) Garbage Collection (Warmup)
[3.401s][info][gc,task     ] GC(4) Using 2 workers
[3.402s][info][gc,phases   ] GC(4) Pause Mark Start 0.010ms
[3.636s][info][gc,phases   ] GC(4) Concurrent Mark 234.785ms
[3.637s][info][gc,phases   ] GC(4) Pause Mark End 0.009ms
[3.637s][info][gc,phases   ] GC(4) Concurrent Mark Free 0.001ms
[3.642s][info][gc,phases   ] GC(4) Concurrent Process Non-Strong References 5.149ms
[3.642s][info][gc,phases   ] GC(4) Concurrent Reset Relocation Set 0.010ms
[3.646s][info][gc,phases   ] GC(4) Concurrent Select Relocation Set 4.415ms
[3.647s][info][gc,phases   ] GC(4) Pause Relocate Start 0.022ms
[3.655s][info][gc,phases   ] GC(4) Concurrent Relocate 8.329ms
[3.655s][info][gc,load     ] GC(4) Load: 0.00/0.00/0.00
[3.655s][info][gc,mmu      ] GC(4) MMU: 2ms/97.9%, 5ms/99.1%, 10ms/99.5%, 20ms/99.7%, 50ms/99.9%, 100ms/99.9%
[3.655s][info][gc,marking  ] GC(4) Mark: 2 stripe(s), 2 proactive flush(es), 1 terminate flush(es), 0 completion(s), 0 continuation(s) 
[3.655s][info][gc,marking  ] GC(4) Mark Stack Usage: 32M
[3.655s][info][gc,nmethod  ] GC(4) NMethods: 2183 registered, 0 unregistered
[3.655s][info][gc,metaspace] GC(4) Metaspace: 14M used, 15M committed, 1088M reserved
[3.655s][info][gc,ref      ] GC(4) Soft: 344 encountered, 0 discovered, 0 enqueued
[3.655s][info][gc,ref      ] GC(4) Weak: 703 encountered, 394 discovered, 14 enqueued
[3.655s][info][gc,ref      ] GC(4) Final: 0 encountered, 0 discovered, 0 enqueued
[3.655s][info][gc,ref      ] GC(4) Phantom: 81 encountered, 63 discovered, 17 enqueued
[3.655s][info][gc,reloc    ] GC(4) Small Pages: 288 / 576M, Empty: 266M, Relocated: 13M, In-Place: 0
[3.655s][info][gc,reloc    ] GC(4) Medium Pages: 3 / 96M, Empty: 64M, Relocated: 0M, In-Place: 0
[3.655s][info][gc,reloc    ] GC(4) Large Pages: 17 / 126M, Empty: 54M, Relocated: 0M, In-Place: 0
[3.655s][info][gc,reloc    ] GC(4) Forwarding Usage: 8M
[3.655s][info][gc,heap     ] GC(4) Min Capacity: 2048M(100%)
[3.655s][info][gc,heap     ] GC(4) Max Capacity: 2048M(100%)
[3.655s][info][gc,heap     ] GC(4) Soft Max Capacity: 2048M(100%)
[3.655s][info][gc,heap     ] GC(4)                Mark Start          Mark End        Relocate Start      Relocate End           High               Low         
[3.655s][info][gc,heap     ] GC(4)  Capacity:     2048M (100%)       2048M (100%)       2048M (100%)       2048M (100%)       2048M (100%)       2048M (100%)   
[3.655s][info][gc,heap     ] GC(4)      Free:     1250M (61%)        1174M (57%)        1558M (76%)        1650M (81%)        1650M (81%)        1174M (57%)    
[3.655s][info][gc,heap     ] GC(4)      Used:      798M (39%)         874M (43%)         490M (24%)         398M (19%)         874M (43%)         398M (19%)    
[3.655s][info][gc,heap     ] GC(4)      Live:         -               271M (13%)         271M (13%)         271M (13%)            -                  -          
[3.656s][info][gc,heap     ] GC(4) Allocated:         -                76M (4%)           76M (4%)           76M (4%)             -                  -          
[3.656s][info][gc,heap     ] GC(4)   Garbage:         -               526M (26%)         142M (7%)           50M (2%)             -                  -          
[3.656s][info][gc,heap     ] GC(4) Reclaimed:         -                  -               384M (19%)         476M (23%)            -                  -          
[3.656s][info][gc          ] GC(4) Garbage Collection (Warmup) 798M(39%)->398M(19%)
[3.656s][info][gc,start    ] GC(5) Garbage Collection (System.gc())
[3.656s][info][gc,task     ] GC(5) Using 2 workers
[3.656s][info][gc,phases   ] GC(5) Pause Mark Start 0.007ms
[3.668s][info][gc,phases   ] GC(5) Concurrent Mark 12.139ms
[3.668s][info][gc,phases   ] GC(5) Pause Mark End 0.024ms
[3.668s][info][gc,phases   ] GC(5) Concurrent Mark Free 0.002ms
[3.671s][info][gc,phases   ] GC(5) Concurrent Process Non-Strong References 2.446ms
[3.671s][info][gc,phases   ] GC(5) Concurrent Reset Relocation Set 0.003ms
[3.673s][info][gc,phases   ] GC(5) Concurrent Select Relocation Set 2.454ms
[3.673s][info][gc,phases   ] GC(5) Pause Relocate Start 0.011ms
[3.676s][info][gc,phases   ] GC(5) Concurrent Relocate 2.936ms
[3.677s][info][gc,load     ] GC(5) Load: 0.00/0.00/0.00
[3.677s][info][gc,mmu      ] GC(5) MMU: 2ms/97.9%, 5ms/99.1%, 10ms/99.5%, 20ms/99.7%, 50ms/99.9%, 100ms/99.9%
[3.677s][info][gc,marking  ] GC(5) Mark: 2 stripe(s), 1 proactive flush(es), 1 terminate flush(es), 0 completion(s), 0 continuation(s) 
[3.677s][info][gc,marking  ] GC(5) Mark Stack Usage: 32M
[3.677s][info][gc,nmethod  ] GC(5) NMethods: 2183 registered, 0 unregistered
[3.677s][info][gc,metaspace] GC(5) Metaspace: 14M used, 15M committed, 1088M reserved
[3.677s][info][gc,ref      ] GC(5) Soft: 345 encountered, 0 discovered, 0 enqueued
[3.677s][info][gc,ref      ] GC(5) Weak: 687 encountered, 294 discovered, 3 enqueued
[3.677s][info][gc,ref      ] GC(5) Final: 0 encountered, 0 discovered, 0 enqueued
[3.677s][info][gc,ref      ] GC(5) Phantom: 66 encountered, 31 discovered, 2 enqueued
[3.677s][info][gc,reloc    ] GC(5) Small Pages: 147 / 294M, Empty: 244M, Relocated: 3M, In-Place: 0
[3.677s][info][gc,reloc    ] GC(5) Medium Pages: 1 / 32M, Empty: 32M, Relocated: 0M, In-Place: 0
[3.677s][info][gc,reloc    ] GC(5) Large Pages: 12 / 72M, Empty: 72M, Relocated: 0M, In-Place: 0
[3.677s][info][gc,reloc    ] GC(5) Forwarding Usage: 1M
[3.677s][info][gc,heap     ] GC(5) Min Capacity: 2048M(100%)
[3.677s][info][gc,heap     ] GC(5) Max Capacity: 2048M(100%)
[3.677s][info][gc,heap     ] GC(5) Soft Max Capacity: 2048M(100%)
[3.677s][info][gc,heap     ] GC(5)                Mark Start          Mark End        Relocate Start      Relocate End           High               Low         
[3.677s][info][gc,heap     ] GC(5)  Capacity:     2048M (100%)       2048M (100%)       2048M (100%)       2048M (100%)       2048M (100%)       2048M (100%)   
[3.677s][info][gc,heap     ] GC(5)      Free:     1650M (81%)        1650M (81%)        1998M (98%)        2040M (100%)       2040M (100%)       1650M (81%)    
[3.677s][info][gc,heap     ] GC(5)      Used:      398M (19%)         398M (19%)          50M (2%)            8M (0%)          398M (19%)           8M (0%)     
[3.677s][info][gc,heap     ] GC(5)      Live:         -                 6M (0%)            6M (0%)            6M (0%)             -                  -          
[3.677s][info][gc,heap     ] GC(5) Allocated:         -                 0M (0%)            0M (0%)            0M (0%)             -                  -          
[3.677s][info][gc,heap     ] GC(5)   Garbage:         -               391M (19%)          43M (2%)            1M (0%)             -                  -          
[3.677s][info][gc,heap     ] GC(5) Reclaimed:         -                  -               348M (17%)         390M (19%)            -                  -          
[3.677s][info][gc          ] GC(5) Garbage Collection (System.gc()) 398M(19%)->8M(0%)
[4.706s][info][gc,start    ] GC(6) Garbage Collection (Allocation Rate)
[4.706s][info][gc,task     ] GC(6) Using 2 workers
[4.706s][info][gc,phases   ] GC(6) Pause Mark Start 0.006ms
[4.976s][info][gc,phases   ] GC(6) Concurrent Mark 269.466ms
[4.976s][info][gc,phases   ] GC(6) Pause Mark End 0.009ms
[4.976s][info][gc,phases   ] GC(6) Concurrent Mark Free 0.001ms
[4.978s][info][gc,phases   ] GC(6) Concurrent Process Non-Strong References 1.974ms
[4.978s][info][gc,phases   ] GC(6) Concurrent Reset Relocation Set 0.001ms
[5.002s][info][gc,phases   ] GC(6) Concurrent Select Relocation Set 23.907ms
[5.002s][info][gc,phases   ] GC(6) Pause Relocate Start 0.011ms
[5.135s][info][gc,phases   ] GC(6) Concurrent Relocate 132.780ms
[5.135s][info][gc,load     ] GC(6) Load: 0.00/0.00/0.00
[5.135s][info][gc,mmu      ] GC(6) MMU: 2ms/97.9%, 5ms/99.1%, 10ms/99.5%, 20ms/99.7%, 50ms/99.9%, 100ms/99.9%
[5.135s][info][gc,marking  ] GC(6) Mark: 2 stripe(s), 2 proactive flush(es), 1 terminate flush(es), 0 completion(s), 0 continuation(s) 
[5.135s][info][gc,marking  ] GC(6) Mark Stack Usage: 32M
[5.135s][info][gc,nmethod  ] GC(6) NMethods: 2375 registered, 0 unregistered
[5.135s][info][gc,metaspace] GC(6) Metaspace: 15M used, 15M committed, 1088M reserved
[5.135s][info][gc,ref      ] GC(6) Soft: 346 encountered, 0 discovered, 0 enqueued
[5.135s][info][gc,ref      ] GC(6) Weak: 703 encountered, 440 discovered, 0 enqueued
[5.135s][info][gc,ref      ] GC(6) Final: 0 encountered, 0 discovered, 0 enqueued
[5.135s][info][gc,ref      ] GC(6) Phantom: 64 encountered, 42 discovered, 0 enqueued
[5.135s][info][gc,reloc    ] GC(6) Small Pages: 442 / 884M, Empty: 240M, Relocated: 192M, In-Place: 0
[5.135s][info][gc,reloc    ] GC(6) Medium Pages: 3 / 96M, Empty: 64M, Relocated: 0M, In-Place: 0
[5.135s][info][gc,reloc    ] GC(6) Large Pages: 21 / 154M, Empty: 82M, Relocated: 0M, In-Place: 0
[5.135s][info][gc,reloc    ] GC(6) Forwarding Usage: 144M
[5.135s][info][gc,heap     ] GC(6) Min Capacity: 2048M(100%)
[5.135s][info][gc,heap     ] GC(6) Max Capacity: 2048M(100%)
[5.135s][info][gc,heap     ] GC(6) Soft Max Capacity: 2048M(100%)
[5.135s][info][gc,heap     ] GC(6)                Mark Start          Mark End        Relocate Start      Relocate End           High               Low         
[5.135s][info][gc,heap     ] GC(6)  Capacity:     2048M (100%)       2048M (100%)       2048M (100%)       2048M (100%)       2048M (100%)       2048M (100%)   
[5.136s][info][gc,heap     ] GC(6)      Free:      914M (45%)         764M (37%)        1150M (56%)        1592M (78%)        1592M (78%)         764M (37%)    
[5.136s][info][gc,heap     ] GC(6)      Used:     1134M (55%)        1284M (63%)         898M (44%)         456M (22%)        1284M (63%)         456M (22%)    
[5.136s][info][gc,heap     ] GC(6)      Live:         -               272M (13%)         272M (13%)         272M (13%)            -                  -          
[5.136s][info][gc,heap     ] GC(6) Allocated:         -               150M (7%)          150M (7%)          150M (7%)             -                  -          
[5.136s][info][gc,heap     ] GC(6)   Garbage:         -               861M (42%)         475M (23%)          33M (2%)             -                  -          
[5.136s][info][gc,heap     ] GC(6) Reclaimed:         -                  -               386M (19%)         828M (40%)            -                  -          
[5.136s][info][gc          ] GC(6) Garbage Collection (Allocation Rate) 1134M(55%)->456M(22%)
[5.136s][info][gc,start    ] GC(7) Garbage Collection (System.gc())
[5.136s][info][gc,task     ] GC(7) Using 2 workers
[5.136s][info][gc,phases   ] GC(7) Pause Mark Start 0.008ms
[5.149s][info][gc,phases   ] GC(7) Concurrent Mark 12.700ms
[5.149s][info][gc,phases   ] GC(7) Pause Mark End 0.022ms
[5.149s][info][gc,phases   ] GC(7) Concurrent Mark Free 0.002ms
[5.151s][info][gc,phases   ] GC(7) Concurrent Process Non-Strong References 2.493ms
[5.151s][info][gc,phases   ] GC(7) Concurrent Reset Relocation Set 0.023ms
[5.162s][info][gc,phases   ] GC(7) Concurrent Select Relocation Set 10.165ms
[5.162s][info][gc,phases   ] GC(7) Pause Relocate Start 0.020ms
[5.164s][info][gc,phases   ] GC(7) Concurrent Relocate 1.835ms
[5.164s][info][gc,load     ] GC(7) Load: 0.00/0.00/0.00
[5.164s][info][gc,mmu      ] GC(7) MMU: 2ms/97.9%, 5ms/99.1%, 10ms/99.5%, 20ms/99.7%, 50ms/99.9%, 100ms/99.9%
[5.164s][info][gc,marking  ] GC(7) Mark: 2 stripe(s), 1 proactive flush(es), 1 terminate flush(es), 0 completion(s), 0 continuation(s) 
[5.164s][info][gc,marking  ] GC(7) Mark Stack Usage: 32M
[5.164s][info][gc,nmethod  ] GC(7) NMethods: 2375 registered, 0 unregistered
[5.164s][info][gc,metaspace] GC(7) Metaspace: 15M used, 15M committed, 1088M reserved
[5.164s][info][gc,ref      ] GC(7) Soft: 346 encountered, 0 discovered, 0 enqueued
[5.164s][info][gc,ref      ] GC(7) Weak: 685 encountered, 343 discovered, 0 enqueued
[5.164s][info][gc,ref      ] GC(7) Final: 0 encountered, 0 discovered, 0 enqueued
[5.164s][info][gc,ref      ] GC(7) Phantom: 64 encountered, 56 discovered, 0 enqueued
[5.164s][info][gc,reloc    ] GC(7) Small Pages: 176 / 352M, Empty: 334M, Relocated: 1M, In-Place: 0
[5.164s][info][gc,reloc    ] GC(7) Medium Pages: 1 / 32M, Empty: 32M, Relocated: 0M, In-Place: 0
[5.164s][info][gc,reloc    ] GC(7) Large Pages: 12 / 72M, Empty: 72M, Relocated: 0M, In-Place: 0
[5.164s][info][gc,reloc    ] GC(7) Forwarding Usage: 0M
[5.164s][info][gc,heap     ] GC(7) Min Capacity: 2048M(100%)
[5.164s][info][gc,heap     ] GC(7) Max Capacity: 2048M(100%)
[5.164s][info][gc,heap     ] GC(7) Soft Max Capacity: 2048M(100%)
[5.164s][info][gc,heap     ] GC(7)                Mark Start          Mark End        Relocate Start      Relocate End           High               Low         
[5.164s][info][gc,heap     ] GC(7)  Capacity:     2048M (100%)       2048M (100%)       2048M (100%)       2048M (100%)       2048M (100%)       2048M (100%)   
[5.164s][info][gc,heap     ] GC(7)      Free:     1592M (78%)        1592M (78%)        2030M (99%)        2038M (100%)       2038M (100%)       1592M (78%)    
[5.164s][info][gc,heap     ] GC(7)      Used:      456M (22%)         456M (22%)          18M (1%)           10M (0%)          456M (22%)          10M (0%)     
[5.164s][info][gc,heap     ] GC(7)      Live:         -                 6M (0%)            6M (0%)            6M (0%)             -                  -          
[5.164s][info][gc,heap     ] GC(7) Allocated:         -                 0M (0%)            0M (0%)            0M (0%)             -                  -          
[5.164s][info][gc,heap     ] GC(7)   Garbage:         -               449M (22%)          11M (1%)            3M (0%)             -                  -          
[5.164s][info][gc,heap     ] GC(7) Reclaimed:         -                  -               438M (21%)         446M (22%)            -                  -          
[5.164s][info][gc          ] GC(7) Garbage Collection (System.gc()) 456M(22%)->10M(0%)
[6.106s][info][gc,start    ] GC(8) Garbage Collection (Allocation Rate)
[6.106s][info][gc,task     ] GC(8) Using 2 workers
[6.106s][info][gc,phases   ] GC(8) Pause Mark Start 0.006ms
[6.370s][info][gc,phases   ] GC(8) Concurrent Mark 247.602ms
[6.370s][info][gc,phases   ] GC(8) Pause Mark End 0.013ms
[6.370s][info][gc,phases   ] GC(8) Concurrent Mark Free 0.002ms
[6.372s][info][gc,phases   ] GC(8) Concurrent Process Non-Strong References 2.658ms
[6.373s][info][gc,phases   ] GC(8) Concurrent Reset Relocation Set 0.001ms
[6.398s][info][gc,phases   ] GC(8) Concurrent Select Relocation Set 25.177ms
[6.398s][info][gc,phases   ] GC(8) Pause Relocate Start 0.010ms
[6.530s][info][gc,phases   ] GC(8) Concurrent Relocate 131.665ms
[6.530s][info][gc,load     ] GC(8) Load: 0.00/0.00/0.00
[6.530s][info][gc,mmu      ] GC(8) MMU: 2ms/97.9%, 5ms/99.1%, 10ms/99.5%, 20ms/99.7%, 50ms/99.9%, 100ms/99.9%
[6.530s][info][gc,marking  ] GC(8) Mark: 2 stripe(s), 2 proactive flush(es), 1 terminate flush(es), 0 completion(s), 0 continuation(s) 
[6.530s][info][gc,marking  ] GC(8) Mark Stack Usage: 32M
[6.530s][info][gc,nmethod  ] GC(8) NMethods: 2536 registered, 0 unregistered
[6.530s][info][gc,metaspace] GC(8) Metaspace: 15M used, 15M committed, 1088M reserved
[6.530s][info][gc,ref      ] GC(8) Soft: 391 encountered, 0 discovered, 0 enqueued
[6.530s][info][gc,ref      ] GC(8) Weak: 745 encountered, 420 discovered, 0 enqueued
[6.530s][info][gc,ref      ] GC(8) Final: 0 encountered, 0 discovered, 0 enqueued
[6.530s][info][gc,ref      ] GC(8) Phantom: 64 encountered, 49 discovered, 0 enqueued
[6.530s][info][gc,reloc    ] GC(8) Small Pages: 453 / 906M, Empty: 252M, Relocated: 192M, In-Place: 0
[6.530s][info][gc,reloc    ] GC(8) Medium Pages: 3 / 96M, Empty: 64M, Relocated: 0M, In-Place: 0
[6.530s][info][gc,reloc    ] GC(8) Large Pages: 21 / 154M, Empty: 82M, Relocated: 0M, In-Place: 0
[6.530s][info][gc,reloc    ] GC(8) Forwarding Usage: 144M
[6.530s][info][gc,heap     ] GC(8) Min Capacity: 2048M(100%)
[6.530s][info][gc,heap     ] GC(8) Max Capacity: 2048M(100%)
[6.530s][info][gc,heap     ] GC(8) Soft Max Capacity: 2048M(100%)
[6.530s][info][gc,heap     ] GC(8)                Mark Start          Mark End        Relocate Start      Relocate End           High               Low         
[6.530s][info][gc,heap     ] GC(8)  Capacity:     2048M (100%)       2048M (100%)       2048M (100%)       2048M (100%)       2048M (100%)       2048M (100%)   
[6.530s][info][gc,heap     ] GC(8)      Free:      892M (44%)         758M (37%)        1156M (56%)        1608M (79%)        1608M (79%)         758M (37%)    
[6.530s][info][gc,heap     ] GC(8)      Used:     1156M (56%)        1290M (63%)         892M (44%)         440M (21%)        1290M (63%)         440M (21%)    
[6.530s][info][gc,heap     ] GC(8)      Live:         -               272M (13%)         272M (13%)         272M (13%)            -                  -          
[6.530s][info][gc,heap     ] GC(8) Allocated:         -               134M (7%)          134M (7%)          134M (7%)             -                  -          
[6.530s][info][gc,heap     ] GC(8)   Garbage:         -               883M (43%)         485M (24%)          33M (2%)             -                  -          
[6.530s][info][gc,heap     ] GC(8) Reclaimed:         -                  -               398M (19%)         850M (42%)            -                  -          
[6.530s][info][gc          ] GC(8) Garbage Collection (Allocation Rate) 1156M(56%)->440M(21%)
[6.530s][info][gc,start    ] GC(9) Garbage Collection (System.gc())
[6.530s][info][gc,task     ] GC(9) Using 2 workers
[6.530s][info][gc,phases   ] GC(9) Pause Mark Start 0.008ms
[6.542s][info][gc,phases   ] GC(9) Concurrent Mark 11.966ms
[6.543s][info][gc,phases   ] GC(9) Pause Mark End 0.030ms
[6.543s][info][gc,phases   ] GC(9) Concurrent Mark Free 0.002ms
[6.546s][info][gc,phases   ] GC(9) Concurrent Process Non-Strong References 3.106ms
[6.546s][info][gc,phases   ] GC(9) Concurrent Reset Relocation Set 0.030ms
[6.556s][info][gc,phases   ] GC(9) Concurrent Select Relocation Set 9.563ms
[6.556s][info][gc,phases   ] GC(9) Pause Relocate Start 0.018ms
[6.558s][info][gc,phases   ] GC(9) Concurrent Relocate 2.151ms
[6.558s][info][gc,load     ] GC(9) Load: 0.00/0.00/0.00
[6.558s][info][gc,mmu      ] GC(9) MMU: 2ms/97.9%, 5ms/99.1%, 10ms/99.5%, 20ms/99.7%, 50ms/99.9%, 100ms/99.9%
[6.558s][info][gc,marking  ] GC(9) Mark: 2 stripe(s), 1 proactive flush(es), 1 terminate flush(es), 0 completion(s), 0 continuation(s) 
[6.558s][info][gc,marking  ] GC(9) Mark Stack Usage: 32M
[6.558s][info][gc,nmethod  ] GC(9) NMethods: 2536 registered, 0 unregistered
[6.558s][info][gc,metaspace] GC(9) Metaspace: 15M used, 15M committed, 1088M reserved
[6.558s][info][gc,ref      ] GC(9) Soft: 391 encountered, 0 discovered, 0 enqueued
[6.558s][info][gc,ref      ] GC(9) Weak: 730 encountered, 307 discovered, 0 enqueued
[6.558s][info][gc,ref      ] GC(9) Final: 0 encountered, 0 discovered, 0 enqueued
[6.558s][info][gc,ref      ] GC(9) Phantom: 64 encountered, 42 discovered, 0 enqueued
[6.558s][info][gc,reloc    ] GC(9) Small Pages: 168 / 336M, Empty: 320M, Relocated: 1M, In-Place: 0
[6.558s][info][gc,reloc    ] GC(9) Medium Pages: 1 / 32M, Empty: 32M, Relocated: 0M, In-Place: 0
[6.558s][info][gc,reloc    ] GC(9) Large Pages: 12 / 72M, Empty: 72M, Relocated: 0M, In-Place: 0
[6.558s][info][gc,reloc    ] GC(9) Forwarding Usage: 0M
[6.558s][info][gc,heap     ] GC(9) Min Capacity: 2048M(100%)
[6.558s][info][gc,heap     ] GC(9) Max Capacity: 2048M(100%)
[6.558s][info][gc,heap     ] GC(9) Soft Max Capacity: 2048M(100%)
[6.558s][info][gc,heap     ] GC(9)                Mark Start          Mark End        Relocate Start      Relocate End           High               Low         
[6.558s][info][gc,heap     ] GC(9)  Capacity:     2048M (100%)       2048M (100%)       2048M (100%)       2048M (100%)       2048M (100%)       2048M (100%)   
[6.558s][info][gc,heap     ] GC(9)      Free:     1608M (79%)        1608M (79%)        2032M (99%)        2038M (100%)       2038M (100%)       1608M (79%)    
[6.558s][info][gc,heap     ] GC(9)      Used:      440M (21%)         440M (21%)          16M (1%)           10M (0%)          440M (21%)          10M (0%)     
[6.558s][info][gc,heap     ] GC(9)      Live:         -                 6M (0%)            6M (0%)            6M (0%)             -                  -          
[6.558s][info][gc,heap     ] GC(9) Allocated:         -                 0M (0%)            0M (0%)            0M (0%)             -                  -          
[6.558s][info][gc,heap     ] GC(9)   Garbage:         -               433M (21%)           9M (0%)            3M (0%)             -                  -          
[6.558s][info][gc,heap     ] GC(9) Reclaimed:         -                  -               424M (21%)         430M (21%)            -                  -          
[6.558s][info][gc          ] GC(9) Garbage Collection (System.gc()) 440M(21%)->10M(0%)
[7.504s][info][gc,start    ] GC(10) Garbage Collection (Allocation Rate)
[7.504s][info][gc,task     ] GC(10) Using 2 workers
[7.504s][info][gc,phases   ] GC(10) Pause Mark Start 0.008ms
[7.748s][info][gc,phases   ] GC(10) Concurrent Mark 243.979ms
[7.748s][info][gc,phases   ] GC(10) Pause Mark End 0.019ms
[7.748s][info][gc,phases   ] GC(10) Concurrent Mark Free 0.002ms
[7.751s][info][gc,phases   ] GC(10) Concurrent Process Non-Strong References 2.833ms
[7.751s][info][gc,phases   ] GC(10) Concurrent Reset Relocation Set 0.001ms
[7.776s][info][gc,phases   ] GC(10) Concurrent Select Relocation Set 25.277ms
[7.777s][info][gc,phases   ] GC(10) Pause Relocate Start 0.016ms
[7.909s][info][gc,phases   ] GC(10) Concurrent Relocate 132.190ms
[7.909s][info][gc,load     ] GC(10) Load: 0.00/0.00/0.00
[7.909s][info][gc,mmu      ] GC(10) MMU: 2ms/97.9%, 5ms/99.1%, 10ms/99.5%, 20ms/99.7%, 50ms/99.9%, 100ms/99.9%
[7.909s][info][gc,marking  ] GC(10) Mark: 2 stripe(s), 2 proactive flush(es), 1 terminate flush(es), 0 completion(s), 0 continuation(s) 
[7.909s][info][gc,marking  ] GC(10) Mark Stack Usage: 32M
[7.909s][info][gc,nmethod  ] GC(10) NMethods: 2587 registered, 0 unregistered
[7.909s][info][gc,metaspace] GC(10) Metaspace: 15M used, 15M committed, 1088M reserved
[7.909s][info][gc,ref      ] GC(10) Soft: 391 encountered, 0 discovered, 0 enqueued
[7.909s][info][gc,ref      ] GC(10) Weak: 746 encountered, 428 discovered, 0 enqueued
[7.909s][info][gc,ref      ] GC(10) Final: 0 encountered, 0 discovered, 0 enqueued
[7.909s][info][gc,ref      ] GC(10) Phantom: 64 encountered, 50 discovered, 0 enqueued
[7.909s][info][gc,reloc    ] GC(10) Small Pages: 481 / 962M, Empty: 304M, Relocated: 192M, In-Place: 0
[7.909s][info][gc,reloc    ] GC(10) Medium Pages: 3 / 96M, Empty: 64M, Relocated: 0M, In-Place: 0
[7.909s][info][gc,reloc    ] GC(10) Large Pages: 21 / 154M, Empty: 82M, Relocated: 0M, In-Place: 0
[7.909s][info][gc,reloc    ] GC(10) Forwarding Usage: 144M
[7.909s][info][gc,heap     ] GC(10) Min Capacity: 2048M(100%)
[7.909s][info][gc,heap     ] GC(10) Max Capacity: 2048M(100%)
[7.909s][info][gc,heap     ] GC(10) Soft Max Capacity: 2048M(100%)
[7.909s][info][gc,heap     ] GC(10)                Mark Start          Mark End        Relocate Start      Relocate End           High               Low         
[7.909s][info][gc,heap     ] GC(10)  Capacity:     2048M (100%)       2048M (100%)       2048M (100%)       2048M (100%)       2048M (100%)       2048M (100%)   
[7.909s][info][gc,heap     ] GC(10)      Free:      836M (41%)         764M (37%)        1214M (59%)        1670M (82%)        1670M (82%)         764M (37%)    
[7.909s][info][gc,heap     ] GC(10)      Used:     1212M (59%)        1284M (63%)         834M (41%)         378M (18%)        1284M (63%)         378M (18%)    
[7.909s][info][gc,heap     ] GC(10)      Live:         -               272M (13%)         272M (13%)         272M (13%)            -                  -          
[7.909s][info][gc,heap     ] GC(10) Allocated:         -                72M (4%)           72M (4%)           72M (4%)             -                  -          
[7.909s][info][gc,heap     ] GC(10)   Garbage:         -               939M (46%)         489M (24%)          33M (2%)             -                  -          
[7.909s][info][gc,heap     ] GC(10) Reclaimed:         -                  -               450M (22%)         906M (44%)            -                  -          
[7.909s][info][gc          ] GC(10) Garbage Collection (Allocation Rate) 1212M(59%)->378M(18%)
[7.909s][info][gc,start    ] GC(11) Garbage Collection (System.gc())
[7.909s][info][gc,task     ] GC(11) Using 2 workers
[7.909s][info][gc,phases   ] GC(11) Pause Mark Start 0.008ms
[7.920s][info][gc,phases   ] GC(11) Concurrent Mark 10.389ms
[7.920s][info][gc,phases   ] GC(11) Pause Mark End 0.021ms
[7.920s][info][gc,phases   ] GC(11) Concurrent Mark Free 0.001ms
[7.923s][info][gc,phases   ] GC(11) Concurrent Process Non-Strong References 2.804ms
[7.923s][info][gc,phases   ] GC(11) Concurrent Reset Relocation Set 0.025ms
[7.932s][info][gc,phases   ] GC(11) Concurrent Select Relocation Set 9.239ms
[7.933s][info][gc,phases   ] GC(11) Pause Relocate Start 0.018ms
[7.934s][info][gc,phases   ] GC(11) Concurrent Relocate 1.214ms
[7.934s][info][gc,load     ] GC(11) Load: 0.00/0.00/0.00
[7.934s][info][gc,mmu      ] GC(11) MMU: 2ms/97.9%, 5ms/99.1%, 10ms/99.5%, 20ms/99.7%, 50ms/99.9%, 100ms/99.9%
[7.934s][info][gc,marking  ] GC(11) Mark: 2 stripe(s), 2 proactive flush(es), 1 terminate flush(es), 0 completion(s), 0 continuation(s) 
[7.934s][info][gc,marking  ] GC(11) Mark Stack Usage: 32M
[7.934s][info][gc,nmethod  ] GC(11) NMethods: 2587 registered, 0 unregistered
[7.934s][info][gc,metaspace] GC(11) Metaspace: 15M used, 15M committed, 1088M reserved
[7.934s][info][gc,ref      ] GC(11) Soft: 391 encountered, 0 discovered, 0 enqueued
[7.934s][info][gc,ref      ] GC(11) Weak: 730 encountered, 325 discovered, 0 enqueued
[7.934s][info][gc,ref      ] GC(11) Final: 0 encountered, 0 discovered, 0 enqueued
[7.934s][info][gc,ref      ] GC(11) Phantom: 64 encountered, 50 discovered, 0 enqueued
[7.934s][info][gc,reloc    ] GC(11) Small Pages: 137 / 274M, Empty: 258M, Relocated: 1M, In-Place: 0
[7.934s][info][gc,reloc    ] GC(11) Medium Pages: 1 / 32M, Empty: 32M, Relocated: 0M, In-Place: 0
[7.934s][info][gc,reloc    ] GC(11) Large Pages: 12 / 72M, Empty: 72M, Relocated: 0M, In-Place: 0
[7.934s][info][gc,reloc    ] GC(11) Forwarding Usage: 0M
[7.934s][info][gc,heap     ] GC(11) Min Capacity: 2048M(100%)
[7.934s][info][gc,heap     ] GC(11) Max Capacity: 2048M(100%)
[7.934s][info][gc,heap     ] GC(11) Soft Max Capacity: 2048M(100%)
[7.934s][info][gc,heap     ] GC(11)                Mark Start          Mark End        Relocate Start      Relocate End           High               Low         
[7.934s][info][gc,heap     ] GC(11)  Capacity:     2048M (100%)       2048M (100%)       2048M (100%)       2048M (100%)       2048M (100%)       2048M (100%)   
[7.934s][info][gc,heap     ] GC(11)      Free:     1670M (82%)        1670M (82%)        2032M (99%)        2038M (100%)       2038M (100%)       1670M (82%)    
[7.934s][info][gc,heap     ] GC(11)      Used:      378M (18%)         378M (18%)          16M (1%)           10M (0%)          378M (18%)          10M (0%)     
[7.934s][info][gc,heap     ] GC(11)      Live:         -                 6M (0%)            6M (0%)            6M (0%)             -                  -          
[7.934s][info][gc,heap     ] GC(11) Allocated:         -                 0M (0%)            0M (0%)            0M (0%)             -                  -          
[7.934s][info][gc,heap     ] GC(11)   Garbage:         -               371M (18%)           9M (0%)            3M (0%)             -                  -          
[7.934s][info][gc,heap     ] GC(11) Reclaimed:         -                  -               362M (18%)         368M (18%)            -                  -          
[7.934s][info][gc          ] GC(11) Garbage Collection (System.gc()) 378M(18%)->10M(0%)
[8.802s][info][gc,start    ] GC(12) Garbage Collection (Allocation Rate)
[8.802s][info][gc,task     ] GC(12) Using 2 workers
[8.802s][info][gc,phases   ] GC(12) Pause Mark Start 0.008ms
[9.082s][info][gc,phases   ] GC(12) Concurrent Mark 264.550ms
[9.082s][info][gc,phases   ] GC(12) Pause Mark End 0.022ms
[9.082s][info][gc,phases   ] GC(12) Concurrent Mark Free 0.002ms
[9.086s][info][gc,phases   ] GC(12) Concurrent Process Non-Strong References 3.705ms
[9.086s][info][gc,phases   ] GC(12) Concurrent Reset Relocation Set 0.001ms
[9.111s][info][gc,phases   ] GC(12) Concurrent Select Relocation Set 25.257ms
[9.112s][info][gc,phases   ] GC(12) Pause Relocate Start 0.011ms
[9.244s][info][gc,phases   ] GC(12) Concurrent Relocate 132.853ms
[9.245s][info][gc,load     ] GC(12) Load: 0.00/0.00/0.00
[9.245s][info][gc,mmu      ] GC(12) MMU: 2ms/97.9%, 5ms/99.1%, 10ms/99.5%, 20ms/99.7%, 50ms/99.9%, 100ms/99.9%
[9.245s][info][gc,marking  ] GC(12) Mark: 2 stripe(s), 2 proactive flush(es), 1 terminate flush(es), 0 completion(s), 0 continuation(s) 
[9.245s][info][gc,marking  ] GC(12) Mark Stack Usage: 32M
[9.245s][info][gc,nmethod  ] GC(12) NMethods: 2647 registered, 0 unregistered
[9.245s][info][gc,metaspace] GC(12) Metaspace: 15M used, 15M committed, 1088M reserved
[9.245s][info][gc,ref      ] GC(12) Soft: 391 encountered, 0 discovered, 0 enqueued
[9.245s][info][gc,ref      ] GC(12) Weak: 747 encountered, 310 discovered, 0 enqueued
[9.245s][info][gc,ref      ] GC(12) Final: 0 encountered, 0 discovered, 0 enqueued
[9.245s][info][gc,ref      ] GC(12) Phantom: 64 encountered, 49 discovered, 0 enqueued
[9.245s][info][gc,reloc    ] GC(12) Small Pages: 432 / 864M, Empty: 204M, Relocated: 192M, In-Place: 0
[9.245s][info][gc,reloc    ] GC(12) Medium Pages: 3 / 96M, Empty: 0M, Relocated: 8M, In-Place: 0
[9.245s][info][gc,reloc    ] GC(12) Large Pages: 17 / 130M, Empty: 82M, Relocated: 0M, In-Place: 0
[9.245s][info][gc,reloc    ] GC(12) Forwarding Usage: 143M
[9.245s][info][gc,heap     ] GC(12) Min Capacity: 2048M(100%)
[9.245s][info][gc,heap     ] GC(12) Max Capacity: 2048M(100%)
[9.245s][info][gc,heap     ] GC(12) Soft Max Capacity: 2048M(100%)
[9.245s][info][gc,heap     ] GC(12)                Mark Start          Mark End        Relocate Start      Relocate End           High               Low         
[9.245s][info][gc,heap     ] GC(12)  Capacity:     2048M (100%)       2048M (100%)       2048M (100%)       2048M (100%)       2048M (100%)       2048M (100%)   
[9.245s][info][gc,heap     ] GC(12)      Free:      958M (47%)         764M (37%)        1050M (51%)        1572M (77%)        1572M (77%)         764M (37%)    
[9.245s][info][gc,heap     ] GC(12)      Used:     1090M (53%)        1284M (63%)         998M (49%)         476M (23%)        1284M (63%)         476M (23%)    
[9.245s][info][gc,heap     ] GC(12)      Live:         -               256M (13%)         256M (13%)         256M (13%)            -                  -          
[9.245s][info][gc,heap     ] GC(12) Allocated:         -               194M (9%)          194M (9%)          194M (9%)             -                  -          
[9.245s][info][gc,heap     ] GC(12)   Garbage:         -               833M (41%)         547M (27%)          25M (1%)             -                  -          
[9.245s][info][gc,heap     ] GC(12) Reclaimed:         -                  -               286M (14%)         808M (39%)            -                  -          
[9.245s][info][gc          ] GC(12) Garbage Collection (Allocation Rate) 1090M(53%)->476M(23%)
[9.245s][info][gc,start    ] GC(13) Garbage Collection (System.gc())
[9.245s][info][gc,task     ] GC(13) Using 2 workers
[9.245s][info][gc,phases   ] GC(13) Pause Mark Start 0.008ms
[9.255s][info][gc,phases   ] GC(13) Concurrent Mark 9.820ms
[9.255s][info][gc,phases   ] GC(13) Pause Mark End 0.017ms
[9.255s][info][gc,phases   ] GC(13) Concurrent Mark Free 0.002ms
[9.257s][info][gc,phases   ] GC(13) Concurrent Process Non-Strong References 2.457ms
[9.257s][info][gc,phases   ] GC(13) Concurrent Reset Relocation Set 0.024ms
[9.267s][info][gc,phases   ] GC(13) Concurrent Select Relocation Set 9.814ms
[9.268s][info][gc,phases   ] GC(13) Pause Relocate Start 0.023ms
[9.268s][info][gc,phases   ] GC(13) Concurrent Relocate 0.695ms
[9.268s][info][gc,load     ] GC(13) Load: 0.00/0.00/0.00
[9.268s][info][gc,mmu      ] GC(13) MMU: 2ms/97.9%, 5ms/99.1%, 10ms/99.5%, 20ms/99.7%, 50ms/99.9%, 100ms/99.9%
[9.268s][info][gc,marking  ] GC(13) Mark: 2 stripe(s), 1 proactive flush(es), 1 terminate flush(es), 0 completion(s), 0 continuation(s) 
[9.268s][info][gc,marking  ] GC(13) Mark Stack Usage: 32M
[9.268s][info][gc,nmethod  ] GC(13) NMethods: 2647 registered, 0 unregistered
[9.268s][info][gc,metaspace] GC(13) Metaspace: 15M used, 15M committed, 1088M reserved
[9.268s][info][gc,ref      ] GC(13) Soft: 391 encountered, 0 discovered, 0 enqueued
[9.268s][info][gc,ref      ] GC(13) Weak: 730 encountered, 76 discovered, 0 enqueued
[9.268s][info][gc,ref      ] GC(13) Final: 0 encountered, 0 discovered, 0 enqueued
[9.268s][info][gc,ref      ] GC(13) Phantom: 64 encountered, 46 discovered, 0 enqueued
[9.268s][info][gc,reloc    ] GC(13) Small Pages: 186 / 372M, Empty: 356M, Relocated: 1M, In-Place: 0
[9.268s][info][gc,reloc    ] GC(13) Medium Pages: 1 / 32M, Empty: 32M, Relocated: 0M, In-Place: 0
[9.268s][info][gc,reloc    ] GC(13) Large Pages: 12 / 72M, Empty: 72M, Relocated: 0M, In-Place: 0
[9.268s][info][gc,reloc    ] GC(13) Forwarding Usage: 0M
[9.268s][info][gc,heap     ] GC(13) Min Capacity: 2048M(100%)
[9.268s][info][gc,heap     ] GC(13) Max Capacity: 2048M(100%)
[9.268s][info][gc,heap     ] GC(13) Soft Max Capacity: 2048M(100%)
[9.268s][info][gc,heap     ] GC(13)                Mark Start          Mark End        Relocate Start      Relocate End           High               Low         
[9.268s][info][gc,heap     ] GC(13)  Capacity:     2048M (100%)       2048M (100%)       2048M (100%)       2048M (100%)       2048M (100%)       2048M (100%)   
[9.269s][info][gc,heap     ] GC(13)      Free:     1572M (77%)        1572M (77%)        2032M (99%)        2038M (100%)       2038M (100%)       1572M (77%)    
[9.269s][info][gc,heap     ] GC(13)      Used:      476M (23%)         476M (23%)          16M (1%)           10M (0%)          476M (23%)          10M (0%)     
[9.269s][info][gc,heap     ] GC(13)      Live:         -                 6M (0%)            6M (0%)            6M (0%)             -                  -          
[9.269s][info][gc,heap     ] GC(13) Allocated:         -                 0M (0%)            0M (0%)            0M (0%)             -                  -          
[9.269s][info][gc,heap     ] GC(13)   Garbage:         -               469M (23%)           9M (0%)            3M (0%)             -                  -          
[9.269s][info][gc,heap     ] GC(13) Reclaimed:         -                  -               460M (22%)         466M (23%)            -                  -          
[9.269s][info][gc          ] GC(13) Garbage Collection (System.gc()) 476M(23%)->10M(0%)
[10.103s][info][gc,stats    ] === Garbage Collection Statistics =======================================================================================================================
[10.103s][info][gc,stats    ]                                                              Last 10s              Last 10m              Last 10h                Total
[10.103s][info][gc,stats    ]                                                              Avg / Max             Avg / Max             Avg / Max             Avg / Max
[10.103s][info][gc,stats    ]   Collector: Garbage Collection Cycle                    224.837 / 463.951     224.837 / 463.951     224.837 / 463.951     224.837 / 463.951     ms
[10.103s][info][gc,stats    ]  Contention: Mark Segment Reset Contention                     0 / 1                 0 / 1                 0 / 1                 0 / 1           ops/s
[10.103s][info][gc,stats    ]  Contention: Mark SeqNum Reset Contention                      0 / 1                 0 / 1                 0 / 1                 0 / 1           ops/s
[10.103s][info][gc,stats    ]    Critical: Allocation Stall                                  0 / 0                 0 / 0                 0 / 0                 0 / 0           ops/s
[10.103s][info][gc,stats    ]    Critical: Allocation Stall                              0.000 / 0.000         0.000 / 0.000         0.000 / 0.000         0.000 / 0.000       ms
[10.103s][info][gc,stats    ]    Critical: GC Locker Stall                                   0 / 0                 0 / 0                 0 / 0                 0 / 0           ops/s
[10.103s][info][gc,stats    ]    Critical: GC Locker Stall                               0.000 / 0.000         0.000 / 0.000         0.000 / 0.000         0.000 / 0.000       ms
[10.103s][info][gc,stats    ]    Critical: Relocation Stall                                  0 / 0                 0 / 0                 0 / 0                 0 / 0           ops/s
[10.103s][info][gc,stats    ]    Critical: Relocation Stall                              0.000 / 0.000         0.000 / 0.000         0.000 / 0.000         0.000 / 0.000       ms
[10.103s][info][gc,stats    ]      Memory: Allocation Rate                                 760 / 1146            760 / 1146            760 / 1146            760 / 1146        MB/s
[10.103s][info][gc,stats    ]      Memory: Out Of Memory                                     0 / 0                 0 / 0                 0 / 0                 0 / 0           ops/s
[10.103s][info][gc,stats    ]      Memory: Page Cache Flush                                  0 / 0                 0 / 0                 0 / 0                 0 / 0           MB/s
[10.103s][info][gc,stats    ]      Memory: Page Cache Hit L1                               314 / 533             314 / 533             314 / 533             314 / 533         ops/s
[10.103s][info][gc,stats    ]      Memory: Page Cache Hit L2                                 0 / 0                 0 / 0                 0 / 0                 0 / 0           ops/s
[10.103s][info][gc,stats    ]      Memory: Page Cache Hit L3                                54 / 195              54 / 195              54 / 195              54 / 195         ops/s
[10.103s][info][gc,stats    ]      Memory: Page Cache Miss                                   0 / 1                 0 / 1                 0 / 1                 0 / 1           ops/s
[10.103s][info][gc,stats    ]      Memory: Uncommit                                          0 / 0                 0 / 0                 0 / 0                 0 / 0           MB/s
[10.103s][info][gc,stats    ]      Memory: Undo Object Allocation Failed                     0 / 0                 0 / 0                 0 / 0                 0 / 0           ops/s
[10.103s][info][gc,stats    ]      Memory: Undo Object Allocation Succeeded               2929 / 29292          2929 / 29292          2929 / 29292          2929 / 29292       ops/s
[10.103s][info][gc,stats    ]      Memory: Undo Page Allocation                              0 / 3                 0 / 3                 0 / 3                 0 / 3           ops/s
[10.103s][info][gc,stats    ]       Phase: Concurrent Mark                             149.524 / 352.487     149.524 / 352.487     149.524 / 352.487     149.524 / 352.487     ms
[10.103s][info][gc,stats    ]       Phase: Concurrent Mark Continue                      0.000 / 0.000         0.000 / 0.000         0.000 / 0.000         0.000 / 0.000       ms
[10.103s][info][gc,stats    ]       Phase: Concurrent Mark Free                          0.002 / 0.002         0.002 / 0.002         0.002 / 0.002         0.002 / 0.002       ms
[10.103s][info][gc,stats    ]       Phase: Concurrent Process Non-Strong References      2.640 / 5.149         2.640 / 5.149         2.640 / 5.149         2.640 / 5.149       ms
[10.103s][info][gc,stats    ]       Phase: Concurrent Relocate                          53.198 / 132.853      53.198 / 132.853      53.198 / 132.853      53.198 / 132.853     ms
[10.103s][info][gc,stats    ]       Phase: Concurrent Reset Relocation Set               0.011 / 0.030         0.011 / 0.030         0.011 / 0.030         0.011 / 0.030       ms
[10.103s][info][gc,stats    ]       Phase: Concurrent Select Relocation Set             13.670 / 25.277       13.670 / 25.277       13.670 / 25.277       13.670 / 25.277      ms
[10.103s][info][gc,stats    ]       Phase: Pause Mark End                                0.019 / 0.043         0.019 / 0.043         0.019 / 0.043         0.019 / 0.043       ms
[10.103s][info][gc,stats    ]       Phase: Pause Mark Start                              0.008 / 0.014         0.008 / 0.014         0.008 / 0.014         0.008 / 0.014       ms
[10.103s][info][gc,stats    ]       Phase: Pause Relocate Start                          0.015 / 0.026         0.015 / 0.026         0.015 / 0.026         0.015 / 0.026       ms
[10.103s][info][gc,stats    ]    Subphase: Concurrent Classes Purge                      0.108 / 0.252         0.108 / 0.252         0.108 / 0.252         0.108 / 0.252       ms
[10.103s][info][gc,stats    ]    Subphase: Concurrent Classes Unlink                     1.961 / 4.168         1.961 / 4.168         1.961 / 4.168         1.961 / 4.168       ms
[10.103s][info][gc,stats    ]    Subphase: Concurrent Mark                             145.146 / 351.776     145.146 / 351.776     145.146 / 351.776     145.146 / 351.776     ms
[10.103s][info][gc,stats    ]    Subphase: Concurrent Mark Try Flush                     0.717 / 15.584        0.717 / 15.584        0.717 / 15.584        0.717 / 15.584      ms
[10.103s][info][gc,stats    ]    Subphase: Concurrent Mark Try Terminate                 3.488 / 15.880        3.488 / 15.880        3.488 / 15.880        3.488 / 15.880      ms
[10.103s][info][gc,stats    ]    Subphase: Concurrent References Enqueue                 0.001 / 0.005         0.001 / 0.005         0.001 / 0.005         0.001 / 0.005       ms
[10.103s][info][gc,stats    ]    Subphase: Concurrent References Process                 0.121 / 0.238         0.121 / 0.238         0.121 / 0.238         0.121 / 0.238       ms
[10.103s][info][gc,stats    ]    Subphase: Concurrent Roots ClassLoaderDataGraph         0.074 / 0.252         0.074 / 0.252         0.074 / 0.252         0.074 / 0.252       ms
[10.103s][info][gc,stats    ]    Subphase: Concurrent Roots CodeCache                    0.000 / 0.000         0.000 / 0.000         0.000 / 0.000         0.000 / 0.000       ms
[10.103s][info][gc,stats    ]    Subphase: Concurrent Roots JavaThreads                  0.289 / 0.558         0.289 / 0.558         0.289 / 0.558         0.289 / 0.558       ms
[10.103s][info][gc,stats    ]    Subphase: Concurrent Roots OopStorageSet                0.020 / 0.049         0.020 / 0.049         0.020 / 0.049         0.020 / 0.049       ms
[10.103s][info][gc,stats    ]    Subphase: Concurrent Weak Roots OopStorageSet           0.256 / 0.457         0.256 / 0.457         0.256 / 0.457         0.256 / 0.457       ms
[10.103s][info][gc,stats    ]    Subphase: Pause Mark Try Complete                       0.000 / 0.000         0.000 / 0.000         0.000 / 0.000         0.000 / 0.000       ms
[10.103s][info][gc,stats    ]      System: Java Threads                                     13 / 19               13 / 19               13 / 19               13 / 19          threads
[10.103s][info][gc,stats    ] =========================================================================================================================================================
[10.213s][info][gc,start    ] GC(14) Garbage Collection (Allocation Rate)
[10.213s][info][gc,task     ] GC(14) Using 2 workers
[10.213s][info][gc,phases   ] GC(14) Pause Mark Start 0.004ms
[10.459s][info][gc,phases   ] GC(14) Concurrent Mark 230.557ms
[10.459s][info][gc,phases   ] GC(14) Pause Mark End 0.009ms
[10.459s][info][gc,phases   ] GC(14) Concurrent Mark Free 0.001ms
[10.462s][info][gc,phases   ] GC(14) Concurrent Process Non-Strong References 2.527ms
[10.462s][info][gc,phases   ] GC(14) Concurrent Reset Relocation Set 0.001ms
[10.486s][info][gc,phases   ] GC(14) Concurrent Select Relocation Set 23.983ms
[10.486s][info][gc,phases   ] GC(14) Pause Relocate Start 0.017ms
[10.620s][info][gc,phases   ] GC(14) Concurrent Relocate 133.554ms
[10.620s][info][gc,load     ] GC(14) Load: 0.00/0.00/0.00
[10.620s][info][gc,mmu      ] GC(14) MMU: 2ms/97.9%, 5ms/99.1%, 10ms/99.5%, 20ms/99.7%, 50ms/99.9%, 100ms/99.9%
[10.620s][info][gc,marking  ] GC(14) Mark: 2 stripe(s), 2 proactive flush(es), 1 terminate flush(es), 0 completion(s), 0 continuation(s) 
[10.620s][info][gc,marking  ] GC(14) Mark Stack Usage: 32M
[10.620s][info][gc,nmethod  ] GC(14) NMethods: 2693 registered, 0 unregistered
[10.620s][info][gc,metaspace] GC(14) Metaspace: 15M used, 15M committed, 1088M reserved
[10.620s][info][gc,ref      ] GC(14) Soft: 391 encountered, 0 discovered, 0 enqueued
[10.620s][info][gc,ref      ] GC(14) Weak: 748 encountered, 404 discovered, 0 enqueued
[10.620s][info][gc,ref      ] GC(14) Final: 0 encountered, 0 discovered, 0 enqueued
[10.620s][info][gc,ref      ] GC(14) Phantom: 64 encountered, 51 discovered, 0 enqueued
[10.620s][info][gc,reloc    ] GC(14) Small Pages: 496 / 992M, Empty: 334M, Relocated: 192M, In-Place: 0
[10.620s][info][gc,reloc    ] GC(14) Medium Pages: 3 / 96M, Empty: 64M, Relocated: 0M, In-Place: 0
[10.620s][info][gc,reloc    ] GC(14) Large Pages: 21 / 154M, Empty: 82M, Relocated: 0M, In-Place: 0
[10.620s][info][gc,reloc    ] GC(14) Forwarding Usage: 144M
[10.620s][info][gc,heap     ] GC(14) Min Capacity: 2048M(100%)
[10.620s][info][gc,heap     ] GC(14) Max Capacity: 2048M(100%)
[10.620s][info][gc,heap     ] GC(14) Soft Max Capacity: 2048M(100%)
[10.620s][info][gc,heap     ] GC(14)                Mark Start          Mark End        Relocate Start      Relocate End           High               Low         
[10.620s][info][gc,heap     ] GC(14)  Capacity:     2048M (100%)       2048M (100%)       2048M (100%)       2048M (100%)       2048M (100%)       2048M (100%)   
[10.620s][info][gc,heap     ] GC(14)      Free:      806M (39%)         758M (37%)        1238M (60%)        1692M (83%)        1692M (83%)         758M (37%)    
[10.620s][info][gc,heap     ] GC(14)      Used:     1242M (61%)        1290M (63%)         810M (40%)         356M (17%)        1290M (63%)         356M (17%)    
[10.620s][info][gc,heap     ] GC(14)      Live:         -               272M (13%)         272M (13%)         272M (13%)            -                  -          
[10.620s][info][gc,heap     ] GC(14) Allocated:         -                48M (2%)           48M (2%)           48M (2%)             -                  -          
[10.620s][info][gc,heap     ] GC(14)   Garbage:         -               969M (47%)         489M (24%)          35M (2%)             -                  -          
[10.620s][info][gc,heap     ] GC(14) Reclaimed:         -                  -               480M (23%)         934M (46%)            -                  -          
[10.620s][info][gc          ] GC(14) Garbage Collection (Allocation Rate) 1242M(61%)->356M(17%)
[10.620s][info][gc,start    ] GC(15) Garbage Collection (System.gc())
[10.620s][info][gc,task     ] GC(15) Using 2 workers
[10.621s][info][gc,phases   ] GC(15) Pause Mark Start 0.010ms
[10.632s][info][gc,phases   ] GC(15) Concurrent Mark 11.157ms
[10.632s][info][gc,phases   ] GC(15) Pause Mark End 0.019ms
[10.632s][info][gc,phases   ] GC(15) Concurrent Mark Free 0.002ms
[10.635s][info][gc,phases   ] GC(15) Concurrent Process Non-Strong References 2.480ms
[10.635s][info][gc,phases   ] GC(15) Concurrent Reset Relocation Set 0.027ms
[10.644s][info][gc,phases   ] GC(15) Concurrent Select Relocation Set 9.082ms
[10.644s][info][gc,phases   ] GC(15) Pause Relocate Start 0.023ms
[10.645s][info][gc,phases   ] GC(15) Concurrent Relocate 1.213ms
[10.645s][info][gc,load     ] GC(15) Load: 0.00/0.00/0.00
[10.645s][info][gc,mmu      ] GC(15) MMU: 2ms/97.9%, 5ms/99.1%, 10ms/99.5%, 20ms/99.7%, 50ms/99.9%, 100ms/99.9%
[10.645s][info][gc,marking  ] GC(15) Mark: 2 stripe(s), 1 proactive flush(es), 1 terminate flush(es), 0 completion(s), 0 continuation(s) 
[10.645s][info][gc,marking  ] GC(15) Mark Stack Usage: 32M
[10.646s][info][gc,nmethod  ] GC(15) NMethods: 2693 registered, 0 unregistered
[10.646s][info][gc,metaspace] GC(15) Metaspace: 15M used, 15M committed, 1088M reserved
[10.646s][info][gc,ref      ] GC(15) Soft: 391 encountered, 0 discovered, 0 enqueued
[10.646s][info][gc,ref      ] GC(15) Weak: 730 encountered, 320 discovered, 0 enqueued
[10.646s][info][gc,ref      ] GC(15) Final: 0 encountered, 0 discovered, 0 enqueued
[10.646s][info][gc,ref      ] GC(15) Phantom: 64 encountered, 49 discovered, 0 enqueued
[10.646s][info][gc,reloc    ] GC(15) Small Pages: 126 / 252M, Empty: 236M, Relocated: 1M, In-Place: 0
[10.646s][info][gc,reloc    ] GC(15) Medium Pages: 1 / 32M, Empty: 32M, Relocated: 0M, In-Place: 0
[10.646s][info][gc,reloc    ] GC(15) Large Pages: 12 / 72M, Empty: 72M, Relocated: 0M, In-Place: 0
[10.646s][info][gc,reloc    ] GC(15) Forwarding Usage: 0M
[10.646s][info][gc,heap     ] GC(15) Min Capacity: 2048M(100%)
[10.646s][info][gc,heap     ] GC(15) Max Capacity: 2048M(100%)
[10.646s][info][gc,heap     ] GC(15) Soft Max Capacity: 2048M(100%)
[10.646s][info][gc,heap     ] GC(15)                Mark Start          Mark End        Relocate Start      Relocate End           High               Low         
[10.646s][info][gc,heap     ] GC(15)  Capacity:     2048M (100%)       2048M (100%)       2048M (100%)       2048M (100%)       2048M (100%)       2048M (100%)   
[10.646s][info][gc,heap     ] GC(15)      Free:     1692M (83%)        1692M (83%)        2032M (99%)        2038M (100%)       2038M (100%)       1692M (83%)    
[10.646s][info][gc,heap     ] GC(15)      Used:      356M (17%)         356M (17%)          16M (1%)           10M (0%)          356M (17%)          10M (0%)     
[10.646s][info][gc,heap     ] GC(15)      Live:         -                 6M (0%)            6M (0%)            6M (0%)             -                  -          
[10.646s][info][gc,heap     ] GC(15) Allocated:         -                 0M (0%)            0M (0%)            0M (0%)             -                  -          
[10.646s][info][gc,heap     ] GC(15)   Garbage:         -               349M (17%)           9M (0%)            3M (0%)             -                  -          
[10.646s][info][gc,heap     ] GC(15) Reclaimed:         -                  -               340M (17%)         346M (17%)            -                  -          
[10.646s][info][gc          ] GC(15) Garbage Collection (System.gc()) 356M(17%)->10M(0%)
[11.510s][info][gc,start    ] GC(16) Garbage Collection (Allocation Rate)
[11.510s][info][gc,task     ] GC(16) Using 2 workers
[11.510s][info][gc,phases   ] GC(16) Pause Mark Start 0.005ms
[11.772s][info][gc,phases   ] GC(16) Concurrent Mark 246.052ms
[11.772s][info][gc,phases   ] GC(16) Pause Mark End 0.020ms
[11.772s][info][gc,phases   ] GC(16) Concurrent Mark Free 0.002ms
[11.775s][info][gc,phases   ] GC(16) Concurrent Process Non-Strong References 2.627ms
[11.775s][info][gc,phases   ] GC(16) Concurrent Reset Relocation Set 0.001ms
[11.799s][info][gc,phases   ] GC(16) Concurrent Select Relocation Set 24.522ms
[11.799s][info][gc,phases   ] GC(16) Pause Relocate Start 0.011ms
[11.932s][info][gc,phases   ] GC(16) Concurrent Relocate 132.702ms
[11.932s][info][gc,load     ] GC(16) Load: 0.00/0.00/0.00
[11.932s][info][gc,mmu      ] GC(16) MMU: 2ms/97.9%, 5ms/99.1%, 10ms/99.5%, 20ms/99.7%, 50ms/99.9%, 100ms/99.9%
[11.932s][info][gc,marking  ] GC(16) Mark: 2 stripe(s), 2 proactive flush(es), 1 terminate flush(es), 0 completion(s), 0 continuation(s) 
[11.932s][info][gc,marking  ] GC(16) Mark Stack Usage: 32M
[11.932s][info][gc,nmethod  ] GC(16) NMethods: 2734 registered, 0 unregistered
[11.932s][info][gc,metaspace] GC(16) Metaspace: 15M used, 15M committed, 1088M reserved
[11.932s][info][gc,ref      ] GC(16) Soft: 391 encountered, 0 discovered, 0 enqueued
[11.932s][info][gc,ref      ] GC(16) Weak: 746 encountered, 135 discovered, 0 enqueued
[11.932s][info][gc,ref      ] GC(16) Final: 0 encountered, 0 discovered, 0 enqueued
[11.932s][info][gc,ref      ] GC(16) Phantom: 64 encountered, 52 discovered, 0 enqueued
[11.932s][info][gc,reloc    ] GC(16) Small Pages: 439 / 878M, Empty: 222M, Relocated: 192M, In-Place: 0
[11.932s][info][gc,reloc    ] GC(16) Medium Pages: 3 / 96M, Empty: 32M, Relocated: 4M, In-Place: 0
[11.932s][info][gc,reloc    ] GC(16) Large Pages: 19 / 142M, Empty: 82M, Relocated: 0M, In-Place: 0
[11.932s][info][gc,reloc    ] GC(16) Forwarding Usage: 145M
[11.933s][info][gc,heap     ] GC(16) Min Capacity: 2048M(100%)
[11.933s][info][gc,heap     ] GC(16) Max Capacity: 2048M(100%)
[11.933s][info][gc,heap     ] GC(16) Soft Max Capacity: 2048M(100%)
[11.933s][info][gc,heap     ] GC(16)                Mark Start          Mark End        Relocate Start      Relocate End           High               Low         
[11.933s][info][gc,heap     ] GC(16)  Capacity:     2048M (100%)       2048M (100%)       2048M (100%)       2048M (100%)       2048M (100%)       2048M (100%)   
[11.933s][info][gc,heap     ] GC(16)      Free:      932M (46%)         762M (37%)        1098M (54%)        1584M (77%)        1584M (77%)         762M (37%)    
[11.933s][info][gc,heap     ] GC(16)      Used:     1116M (54%)        1286M (63%)         950M (46%)         464M (23%)        1286M (63%)         464M (23%)    
[11.933s][info][gc,heap     ] GC(16)      Live:         -               264M (13%)         264M (13%)         264M (13%)            -                  -          
[11.933s][info][gc,heap     ] GC(16) Allocated:         -               170M (8%)          170M (8%)          170M (8%)             -                  -          
[11.933s][info][gc,heap     ] GC(16)   Garbage:         -               851M (42%)         515M (25%)          29M (1%)             -                  -          
[11.933s][info][gc,heap     ] GC(16) Reclaimed:         -                  -               336M (16%)         822M (40%)            -                  -          
[11.933s][info][gc          ] GC(16) Garbage Collection (Allocation Rate) 1116M(54%)->464M(23%)
[11.933s][info][gc,start    ] GC(17) Garbage Collection (System.gc())
[11.933s][info][gc,task     ] GC(17) Using 2 workers
[11.933s][info][gc,phases   ] GC(17) Pause Mark Start 0.017ms
[11.945s][info][gc,phases   ] GC(17) Concurrent Mark 11.616ms
[11.945s][info][gc,phases   ] GC(17) Pause Mark End 0.025ms
[11.945s][info][gc,phases   ] GC(17) Concurrent Mark Free 0.001ms
[11.948s][info][gc,phases   ] GC(17) Concurrent Process Non-Strong References 2.779ms
[11.948s][info][gc,phases   ] GC(17) Concurrent Reset Relocation Set 0.025ms
[11.958s][info][gc,phases   ] GC(17) Concurrent Select Relocation Set 9.886ms
[11.958s][info][gc,phases   ] GC(17) Pause Relocate Start 0.020ms
[11.959s][info][gc,phases   ] GC(17) Concurrent Relocate 1.364ms
[11.959s][info][gc,load     ] GC(17) Load: 0.00/0.00/0.00
[11.959s][info][gc,mmu      ] GC(17) MMU: 2ms/97.9%, 5ms/99.1%, 10ms/99.5%, 20ms/99.7%, 50ms/99.9%, 100ms/99.9%
[11.960s][info][gc,marking  ] GC(17) Mark: 2 stripe(s), 1 proactive flush(es), 1 terminate flush(es), 0 completion(s), 0 continuation(s) 
[11.960s][info][gc,marking  ] GC(17) Mark Stack Usage: 32M
[11.960s][info][gc,nmethod  ] GC(17) NMethods: 2734 registered, 0 unregistered
[11.960s][info][gc,metaspace] GC(17) Metaspace: 15M used, 15M committed, 1088M reserved
[11.960s][info][gc,ref      ] GC(17) Soft: 391 encountered, 0 discovered, 0 enqueued
[11.960s][info][gc,ref      ] GC(17) Weak: 730 encountered, 167 discovered, 0 enqueued
[11.960s][info][gc,ref      ] GC(17) Final: 0 encountered, 0 discovered, 0 enqueued
[11.960s][info][gc,ref      ] GC(17) Phantom: 64 encountered, 48 discovered, 0 enqueued
[11.960s][info][gc,reloc    ] GC(17) Small Pages: 180 / 360M, Empty: 348M, Relocated: 1M, In-Place: 0
[11.960s][info][gc,reloc    ] GC(17) Medium Pages: 1 / 32M, Empty: 32M, Relocated: 0M, In-Place: 0
[11.960s][info][gc,reloc    ] GC(17) Large Pages: 12 / 72M, Empty: 72M, Relocated: 0M, In-Place: 0
[11.960s][info][gc,reloc    ] GC(17) Forwarding Usage: 0M
[11.960s][info][gc,heap     ] GC(17) Min Capacity: 2048M(100%)
[11.960s][info][gc,heap     ] GC(17) Max Capacity: 2048M(100%)
[11.960s][info][gc,heap     ] GC(17) Soft Max Capacity: 2048M(100%)
[11.960s][info][gc,heap     ] GC(17)                Mark Start          Mark End        Relocate Start      Relocate End           High               Low         
[11.960s][info][gc,heap     ] GC(17)  Capacity:     2048M (100%)       2048M (100%)       2048M (100%)       2048M (100%)       2048M (100%)       2048M (100%)   
[11.960s][info][gc,heap     ] GC(17)      Free:     1584M (77%)        1584M (77%)        2036M (99%)        2038M (100%)       2038M (100%)       1584M (77%)    
[11.960s][info][gc,heap     ] GC(17)      Used:      464M (23%)         464M (23%)          12M (1%)           10M (0%)          464M (23%)          10M (0%)     
[11.960s][info][gc,heap     ] GC(17)      Live:         -                 6M (0%)            6M (0%)            6M (0%)             -                  -          
[11.960s][info][gc,heap     ] GC(17) Allocated:         -                 0M (0%)            0M (0%)            0M (0%)             -                  -          
[11.960s][info][gc,heap     ] GC(17)   Garbage:         -               457M (22%)           5M (0%)            3M (0%)             -                  -          
[11.960s][info][gc,heap     ] GC(17) Reclaimed:         -                  -               452M (22%)         454M (22%)            -                  -          
[11.960s][info][gc          ] GC(17) Garbage Collection (System.gc()) 464M(23%)->10M(0%)
[12.807s][info][gc,start    ] GC(18) Garbage Collection (Allocation Rate)
[12.807s][info][gc,task     ] GC(18) Using 2 workers
[12.807s][info][gc,phases   ] GC(18) Pause Mark Start 0.006ms
[13.074s][info][gc,phases   ] GC(18) Concurrent Mark 263.761ms
[13.074s][info][gc,phases   ] GC(18) Pause Mark End 0.017ms
[13.074s][info][gc,phases   ] GC(18) Concurrent Mark Free 0.003ms
[13.077s][info][gc,phases   ] GC(18) Concurrent Process Non-Strong References 3.013ms
[13.077s][info][gc,phases   ] GC(18) Concurrent Reset Relocation Set 0.001ms
[13.104s][info][gc,phases   ] GC(18) Concurrent Select Relocation Set 26.863ms
[13.104s][info][gc,phases   ] GC(18) Pause Relocate Start 0.012ms
[13.236s][info][gc,phases   ] GC(18) Concurrent Relocate 132.049ms
[13.236s][info][gc,load     ] GC(18) Load: 0.00/0.00/0.00
[13.236s][info][gc,mmu      ] GC(18) MMU: 2ms/97.9%, 5ms/99.1%, 10ms/99.5%, 20ms/99.7%, 50ms/99.9%, 100ms/99.9%
[13.236s][info][gc,marking  ] GC(18) Mark: 2 stripe(s), 2 proactive flush(es), 1 terminate flush(es), 0 completion(s), 0 continuation(s) 
[13.237s][info][gc,marking  ] GC(18) Mark Stack Usage: 32M
[13.237s][info][gc,nmethod  ] GC(18) NMethods: 2762 registered, 0 unregistered
[13.237s][info][gc,metaspace] GC(18) Metaspace: 15M used, 15M committed, 1088M reserved
[13.237s][info][gc,ref      ] GC(18) Soft: 391 encountered, 0 discovered, 0 enqueued
[13.237s][info][gc,ref      ] GC(18) Weak: 746 encountered, 412 discovered, 0 enqueued
[13.237s][info][gc,ref      ] GC(18) Final: 0 encountered, 0 discovered, 0 enqueued
[13.237s][info][gc,ref      ] GC(18) Phantom: 64 encountered, 48 discovered, 0 enqueued
[13.237s][info][gc,reloc    ] GC(18) Small Pages: 432 / 864M, Empty: 204M, Relocated: 192M, In-Place: 0
[13.237s][info][gc,reloc    ] GC(18) Medium Pages: 3 / 96M, Empty: 0M, Relocated: 8M, In-Place: 0
[13.237s][info][gc,reloc    ] GC(18) Large Pages: 17 / 130M, Empty: 82M, Relocated: 0M, In-Place: 0
[13.237s][info][gc,reloc    ] GC(18) Forwarding Usage: 144M
[13.237s][info][gc,heap     ] GC(18) Min Capacity: 2048M(100%)
[13.237s][info][gc,heap     ] GC(18) Max Capacity: 2048M(100%)
[13.237s][info][gc,heap     ] GC(18) Soft Max Capacity: 2048M(100%)
[13.237s][info][gc,heap     ] GC(18)                Mark Start          Mark End        Relocate Start      Relocate End           High               Low         
[13.237s][info][gc,heap     ] GC(18)  Capacity:     2048M (100%)       2048M (100%)       2048M (100%)       2048M (100%)       2048M (100%)       2048M (100%)   
[13.237s][info][gc,heap     ] GC(18)      Free:      958M (47%)         760M (37%)        1046M (51%)        1568M (77%)        1568M (77%)         760M (37%)    
[13.237s][info][gc,heap     ] GC(18)      Used:     1090M (53%)        1288M (63%)        1002M (49%)         480M (23%)        1288M (63%)         480M (23%)    
[13.237s][info][gc,heap     ] GC(18)      Live:         -               256M (13%)         256M (13%)         256M (13%)            -                  -          
[13.237s][info][gc,heap     ] GC(18) Allocated:         -               198M (10%)         198M (10%)         198M (10%)            -                  -          
[13.237s][info][gc,heap     ] GC(18)   Garbage:         -               833M (41%)         547M (27%)          25M (1%)             -                  -          
[13.237s][info][gc,heap     ] GC(18) Reclaimed:         -                  -               286M (14%)         808M (39%)            -                  -          
[13.237s][info][gc          ] GC(18) Garbage Collection (Allocation Rate) 1090M(53%)->480M(23%)
[13.237s][info][gc,start    ] GC(19) Garbage Collection (System.gc())
[13.237s][info][gc,task     ] GC(19) Using 2 workers
[13.237s][info][gc,phases   ] GC(19) Pause Mark Start 0.007ms
[13.247s][info][gc,phases   ] GC(19) Concurrent Mark 10.056ms
[13.247s][info][gc,phases   ] GC(19) Pause Mark End 0.025ms
[13.247s][info][gc,phases   ] GC(19) Concurrent Mark Free 0.001ms
[13.250s][info][gc,phases   ] GC(19) Concurrent Process Non-Strong References 2.671ms
[13.250s][info][gc,phases   ] GC(19) Concurrent Reset Relocation Set 0.027ms
[13.260s][info][gc,phases   ] GC(19) Concurrent Select Relocation Set 9.545ms
[13.260s][info][gc,phases   ] GC(19) Pause Relocate Start 0.026ms
[13.261s][info][gc,phases   ] GC(19) Concurrent Relocate 1.030ms
[13.261s][info][gc,load     ] GC(19) Load: 0.00/0.00/0.00
[13.261s][info][gc,mmu      ] GC(19) MMU: 2ms/97.9%, 5ms/99.1%, 10ms/99.5%, 20ms/99.7%, 50ms/99.9%, 100ms/99.9%
[13.261s][info][gc,marking  ] GC(19) Mark: 2 stripe(s), 1 proactive flush(es), 1 terminate flush(es), 0 completion(s), 0 continuation(s) 
[13.261s][info][gc,marking  ] GC(19) Mark Stack Usage: 32M
[13.261s][info][gc,nmethod  ] GC(19) NMethods: 2762 registered, 0 unregistered
[13.261s][info][gc,metaspace] GC(19) Metaspace: 15M used, 15M committed, 1088M reserved
[13.261s][info][gc,ref      ] GC(19) Soft: 391 encountered, 0 discovered, 0 enqueued
[13.261s][info][gc,ref      ] GC(19) Weak: 730 encountered, 73 discovered, 0 enqueued
[13.261s][info][gc,ref      ] GC(19) Final: 0 encountered, 0 discovered, 0 enqueued
[13.261s][info][gc,ref      ] GC(19) Phantom: 64 encountered, 48 discovered, 0 enqueued
[13.261s][info][gc,reloc    ] GC(19) Small Pages: 188 / 376M, Empty: 360M, Relocated: 1M, In-Place: 0
[13.261s][info][gc,reloc    ] GC(19) Medium Pages: 1 / 32M, Empty: 32M, Relocated: 0M, In-Place: 0
[13.261s][info][gc,reloc    ] GC(19) Large Pages: 12 / 72M, Empty: 72M, Relocated: 0M, In-Place: 0
[13.261s][info][gc,reloc    ] GC(19) Forwarding Usage: 0M
[13.261s][info][gc,heap     ] GC(19) Min Capacity: 2048M(100%)
[13.261s][info][gc,heap     ] GC(19) Max Capacity: 2048M(100%)
[13.261s][info][gc,heap     ] GC(19) Soft Max Capacity: 2048M(100%)
[13.261s][info][gc,heap     ] GC(19)                Mark Start          Mark End        Relocate Start      Relocate End           High               Low         
[13.261s][info][gc,heap     ] GC(19)  Capacity:     2048M (100%)       2048M (100%)       2048M (100%)       2048M (100%)       2048M (100%)       2048M (100%)   
[13.261s][info][gc,heap     ] GC(19)      Free:     1568M (77%)        1568M (77%)        2032M (99%)        2038M (100%)       2038M (100%)       1568M (77%)    
[13.261s][info][gc,heap     ] GC(19)      Used:      480M (23%)         480M (23%)          16M (1%)           10M (0%)          480M (23%)          10M (0%)     
[13.261s][info][gc,heap     ] GC(19)      Live:         -                 6M (0%)            6M (0%)            6M (0%)             -                  -          
[13.261s][info][gc,heap     ] GC(19) Allocated:         -                 0M (0%)            0M (0%)            0M (0%)             -                  -          
[13.261s][info][gc,heap     ] GC(19)   Garbage:         -               473M (23%)           9M (0%)            3M (0%)             -                  -          
[13.261s][info][gc,heap     ] GC(19) Reclaimed:         -                  -               464M (23%)         470M (23%)            -                  -          
[13.261s][info][gc          ] GC(19) Garbage Collection (System.gc()) 480M(23%)->10M(0%)
[14.216s][info][gc,start    ] GC(20) Garbage Collection (Allocation Rate)
[14.216s][info][gc,task     ] GC(20) Using 2 workers
[14.216s][info][gc,phases   ] GC(20) Pause Mark Start 0.006ms
[14.461s][info][gc,phases   ] GC(20) Concurrent Mark 229.004ms
[14.461s][info][gc,phases   ] GC(20) Pause Mark End 0.020ms
[14.461s][info][gc,phases   ] GC(20) Concurrent Mark Free 0.002ms
[14.464s][info][gc,phases   ] GC(20) Concurrent Process Non-Strong References 3.169ms
[14.464s][info][gc,phases   ] GC(20) Concurrent Reset Relocation Set 0.001ms
[14.489s][info][gc,phases   ] GC(20) Concurrent Select Relocation Set 24.969ms
[14.489s][info][gc,phases   ] GC(20) Pause Relocate Start 0.010ms
[14.622s][info][gc,phases   ] GC(20) Concurrent Relocate 132.216ms
[14.622s][info][gc,load     ] GC(20) Load: 0.00/0.00/0.00
[14.622s][info][gc,mmu      ] GC(20) MMU: 2ms/97.9%, 5ms/99.1%, 10ms/99.5%, 20ms/99.7%, 50ms/99.9%, 100ms/99.9%
[14.622s][info][gc,marking  ] GC(20) Mark: 2 stripe(s), 2 proactive flush(es), 1 terminate flush(es), 0 completion(s), 0 continuation(s) 
[14.622s][info][gc,marking  ] GC(20) Mark Stack Usage: 32M
[14.622s][info][gc,nmethod  ] GC(20) NMethods: 2791 registered, 0 unregistered
[14.622s][info][gc,metaspace] GC(20) Metaspace: 15M used, 15M committed, 1088M reserved
[14.622s][info][gc,ref      ] GC(20) Soft: 391 encountered, 0 discovered, 0 enqueued
[14.622s][info][gc,ref      ] GC(20) Weak: 747 encountered, 232 discovered, 0 enqueued
[14.622s][info][gc,ref      ] GC(20) Final: 0 encountered, 0 discovered, 0 enqueued
[14.622s][info][gc,ref      ] GC(20) Phantom: 64 encountered, 49 discovered, 0 enqueued
[14.622s][info][gc,reloc    ] GC(20) Small Pages: 493 / 986M, Empty: 324M, Relocated: 192M, In-Place: 0
[14.622s][info][gc,reloc    ] GC(20) Medium Pages: 3 / 96M, Empty: 64M, Relocated: 0M, In-Place: 0
[14.622s][info][gc,reloc    ] GC(20) Large Pages: 21 / 154M, Empty: 82M, Relocated: 0M, In-Place: 0
[14.622s][info][gc,reloc    ] GC(20) Forwarding Usage: 144M
[14.622s][info][gc,heap     ] GC(20) Min Capacity: 2048M(100%)
[14.622s][info][gc,heap     ] GC(20) Max Capacity: 2048M(100%)
[14.622s][info][gc,heap     ] GC(20) Soft Max Capacity: 2048M(100%)
[14.622s][info][gc,heap     ] GC(20)                Mark Start          Mark End        Relocate Start      Relocate End           High               Low         
[14.622s][info][gc,heap     ] GC(20)  Capacity:     2048M (100%)       2048M (100%)       2048M (100%)       2048M (100%)       2048M (100%)       2048M (100%)   
[14.622s][info][gc,heap     ] GC(20)      Free:      812M (40%)         760M (37%)        1230M (60%)        1688M (82%)        1688M (82%)         760M (37%)    
[14.622s][info][gc,heap     ] GC(20)      Used:     1236M (60%)        1288M (63%)         818M (40%)         360M (18%)        1288M (63%)         360M (18%)    
[14.622s][info][gc,heap     ] GC(20)      Live:         -               272M (13%)         272M (13%)         272M (13%)            -                  -          
[14.622s][info][gc,heap     ] GC(20) Allocated:         -                52M (3%)           52M (3%)           52M (3%)             -                  -          
[14.622s][info][gc,heap     ] GC(20)   Garbage:         -               963M (47%)         493M (24%)          35M (2%)             -                  -          
[14.622s][info][gc,heap     ] GC(20) Reclaimed:         -                  -               470M (23%)         928M (45%)            -                  -          
[14.622s][info][gc          ] GC(20) Garbage Collection (Allocation Rate) 1236M(60%)->360M(18%)
[14.622s][info][gc,start    ] GC(21) Garbage Collection (System.gc())
[14.622s][info][gc,task     ] GC(21) Using 2 workers
[14.622s][info][gc,phases   ] GC(21) Pause Mark Start 0.008ms
[14.633s][info][gc,phases   ] GC(21) Concurrent Mark 10.510ms
[14.633s][info][gc,phases   ] GC(21) Pause Mark End 0.025ms
[14.633s][info][gc,phases   ] GC(21) Concurrent Mark Free 0.003ms
[14.636s][info][gc,phases   ] GC(21) Concurrent Process Non-Strong References 3.022ms
[14.636s][info][gc,phases   ] GC(21) Concurrent Reset Relocation Set 0.026ms
[14.646s][info][gc,phases   ] GC(21) Concurrent Select Relocation Set 9.879ms
[14.646s][info][gc,phases   ] GC(21) Pause Relocate Start 0.020ms
[14.648s][info][gc,phases   ] GC(21) Concurrent Relocate 1.374ms
[14.648s][info][gc,load     ] GC(21) Load: 0.00/0.00/0.00
[14.648s][info][gc,mmu      ] GC(21) MMU: 2ms/97.9%, 5ms/99.1%, 10ms/99.5%, 20ms/99.7%, 50ms/99.9%, 100ms/99.9%
[14.648s][info][gc,marking  ] GC(21) Mark: 2 stripe(s), 1 proactive flush(es), 1 terminate flush(es), 0 completion(s), 0 continuation(s) 
[14.648s][info][gc,marking  ] GC(21) Mark Stack Usage: 32M
[14.648s][info][gc,nmethod  ] GC(21) NMethods: 2791 registered, 0 unregistered
[14.648s][info][gc,metaspace] GC(21) Metaspace: 15M used, 15M committed, 1088M reserved
[14.648s][info][gc,ref      ] GC(21) Soft: 391 encountered, 0 discovered, 0 enqueued
[14.648s][info][gc,ref      ] GC(21) Weak: 730 encountered, 238 discovered, 0 enqueued
[14.648s][info][gc,ref      ] GC(21) Final: 0 encountered, 0 discovered, 0 enqueued
[14.648s][info][gc,ref      ] GC(21) Phantom: 64 encountered, 56 discovered, 0 enqueued
[14.648s][info][gc,reloc    ] GC(21) Small Pages: 128 / 256M, Empty: 244M, Relocated: 1M, In-Place: 0
[14.648s][info][gc,reloc    ] GC(21) Medium Pages: 1 / 32M, Empty: 32M, Relocated: 0M, In-Place: 0
[14.648s][info][gc,reloc    ] GC(21) Large Pages: 12 / 72M, Empty: 72M, Relocated: 0M, In-Place: 0
[14.648s][info][gc,reloc    ] GC(21) Forwarding Usage: 0M
[14.648s][info][gc,heap     ] GC(21) Min Capacity: 2048M(100%)
[14.648s][info][gc,heap     ] GC(21) Max Capacity: 2048M(100%)
[14.648s][info][gc,heap     ] GC(21) Soft Max Capacity: 2048M(100%)
[14.648s][info][gc,heap     ] GC(21)                Mark Start          Mark End        Relocate Start      Relocate End           High               Low         
[14.648s][info][gc,heap     ] GC(21)  Capacity:     2048M (100%)       2048M (100%)       2048M (100%)       2048M (100%)       2048M (100%)       2048M (100%)   
[14.648s][info][gc,heap     ] GC(21)      Free:     1688M (82%)        1688M (82%)        2036M (99%)        2038M (100%)       2038M (100%)       1688M (82%)    
[14.648s][info][gc,heap     ] GC(21)      Used:      360M (18%)         360M (18%)          12M (1%)           10M (0%)          360M (18%)          10M (0%)     
[14.648s][info][gc,heap     ] GC(21)      Live:         -                 6M (0%)            6M (0%)            6M (0%)             -                  -          
[14.648s][info][gc,heap     ] GC(21) Allocated:         -                 0M (0%)            0M (0%)            0M (0%)             -                  -          
[14.648s][info][gc,heap     ] GC(21)   Garbage:         -               353M (17%)           5M (0%)            3M (0%)             -                  -          
[14.648s][info][gc,heap     ] GC(21) Reclaimed:         -                  -               348M (17%)         350M (17%)            -                  -          
[14.648s][info][gc          ] GC(21) Garbage Collection (System.gc()) 360M(18%)->10M(0%)
[15.512s][info][gc,start    ] GC(22) Garbage Collection (Allocation Rate)
[15.512s][info][gc,task     ] GC(22) Using 2 workers
[15.512s][info][gc,phases   ] GC(22) Pause Mark Start 0.005ms
[15.786s][info][gc,phases   ] GC(22) Concurrent Mark 258.197ms
[15.786s][info][gc,phases   ] GC(22) Pause Mark End 0.018ms
[15.787s][info][gc,phases   ] GC(22) Concurrent Mark Free 0.003ms
[15.790s][info][gc,phases   ] GC(22) Concurrent Process Non-Strong References 3.075ms
[15.790s][info][gc,phases   ] GC(22) Concurrent Reset Relocation Set 0.001ms
[15.816s][info][gc,phases   ] GC(22) Concurrent Select Relocation Set 25.953ms
[15.816s][info][gc,phases   ] GC(22) Pause Relocate Start 0.014ms
[15.950s][info][gc,phases   ] GC(22) Concurrent Relocate 133.419ms
[15.950s][info][gc,load     ] GC(22) Load: 0.00/0.00/0.00
[15.950s][info][gc,mmu      ] GC(22) MMU: 2ms/97.9%, 5ms/99.1%, 10ms/99.5%, 20ms/99.7%, 50ms/99.9%, 100ms/99.9%
[15.950s][info][gc,marking  ] GC(22) Mark: 2 stripe(s), 1 proactive flush(es), 1 terminate flush(es), 0 completion(s), 0 continuation(s) 
[15.950s][info][gc,marking  ] GC(22) Mark Stack Usage: 32M
[15.950s][info][gc,nmethod  ] GC(22) NMethods: 2816 registered, 0 unregistered
[15.950s][info][gc,metaspace] GC(22) Metaspace: 15M used, 15M committed, 1088M reserved
[15.950s][info][gc,ref      ] GC(22) Soft: 391 encountered, 0 discovered, 0 enqueued
[15.950s][info][gc,ref      ] GC(22) Weak: 748 encountered, 320 discovered, 0 enqueued
[15.950s][info][gc,ref      ] GC(22) Final: 0 encountered, 0 discovered, 0 enqueued
[15.950s][info][gc,ref      ] GC(22) Phantom: 64 encountered, 49 discovered, 0 enqueued
[15.950s][info][gc,reloc    ] GC(22) Small Pages: 436 / 872M, Empty: 214M, Relocated: 192M, In-Place: 0
[15.950s][info][gc,reloc    ] GC(22) Medium Pages: 3 / 96M, Empty: 0M, Relocated: 8M, In-Place: 0
[15.950s][info][gc,reloc    ] GC(22) Large Pages: 17 / 130M, Empty: 82M, Relocated: 0M, In-Place: 0
[15.950s][info][gc,reloc    ] GC(22) Forwarding Usage: 145M
[15.950s][info][gc,heap     ] GC(22) Min Capacity: 2048M(100%)
[15.950s][info][gc,heap     ] GC(22) Max Capacity: 2048M(100%)
[15.950s][info][gc,heap     ] GC(22) Soft Max Capacity: 2048M(100%)
[15.950s][info][gc,heap     ] GC(22)                Mark Start          Mark End        Relocate Start      Relocate End           High               Low         
[15.950s][info][gc,heap     ] GC(22)  Capacity:     2048M (100%)       2048M (100%)       2048M (100%)       2048M (100%)       2048M (100%)       2048M (100%)   
[15.950s][info][gc,heap     ] GC(22)      Free:      950M (46%)         762M (37%)        1058M (52%)        1578M (77%)        1578M (77%)         762M (37%)    
[15.950s][info][gc,heap     ] GC(22)      Used:     1098M (54%)        1286M (63%)         990M (48%)         470M (23%)        1286M (63%)         470M (23%)    
[15.950s][info][gc,heap     ] GC(22)      Live:         -               256M (13%)         256M (13%)         256M (13%)            -                  -          
[15.950s][info][gc,heap     ] GC(22) Allocated:         -               188M (9%)          188M (9%)          188M (9%)             -                  -          
[15.950s][info][gc,heap     ] GC(22)   Garbage:         -               841M (41%)         545M (27%)          25M (1%)             -                  -          
[15.950s][info][gc,heap     ] GC(22) Reclaimed:         -                  -               296M (14%)         816M (40%)            -                  -          
[15.950s][info][gc          ] GC(22) Garbage Collection (Allocation Rate) 1098M(54%)->470M(23%)
[15.950s][info][gc,start    ] GC(23) Garbage Collection (System.gc())
[15.950s][info][gc,task     ] GC(23) Using 2 workers
[15.950s][info][gc,phases   ] GC(23) Pause Mark Start 0.008ms
[15.959s][info][gc,phases   ] GC(23) Concurrent Mark 8.813ms
[15.959s][info][gc,phases   ] GC(23) Pause Mark End 0.020ms
[15.959s][info][gc,phases   ] GC(23) Concurrent Mark Free 0.001ms
[15.963s][info][gc,phases   ] GC(23) Concurrent Process Non-Strong References 3.083ms
[15.963s][info][gc,phases   ] GC(23) Concurrent Reset Relocation Set 0.025ms
[15.972s][info][gc,phases   ] GC(23) Concurrent Select Relocation Set 9.673ms
[15.973s][info][gc,phases   ] GC(23) Pause Relocate Start 0.021ms
[15.974s][info][gc,phases   ] GC(23) Concurrent Relocate 1.389ms
[15.974s][info][gc,load     ] GC(23) Load: 0.00/0.00/0.00
[15.974s][info][gc,mmu      ] GC(23) MMU: 2ms/97.9%, 5ms/99.1%, 10ms/99.5%, 20ms/99.7%, 50ms/99.9%, 100ms/99.9%
[15.974s][info][gc,marking  ] GC(23) Mark: 2 stripe(s), 1 proactive flush(es), 1 terminate flush(es), 0 completion(s), 0 continuation(s) 
[15.974s][info][gc,marking  ] GC(23) Mark Stack Usage: 32M
[15.974s][info][gc,nmethod  ] GC(23) NMethods: 2816 registered, 0 unregistered
[15.974s][info][gc,metaspace] GC(23) Metaspace: 15M used, 15M committed, 1088M reserved
[15.974s][info][gc,ref      ] GC(23) Soft: 391 encountered, 0 discovered, 0 enqueued
[15.974s][info][gc,ref      ] GC(23) Weak: 730 encountered, 175 discovered, 0 enqueued
[15.974s][info][gc,ref      ] GC(23) Final: 0 encountered, 0 discovered, 0 enqueued
[15.974s][info][gc,ref      ] GC(23) Phantom: 64 encountered, 48 discovered, 0 enqueued
[15.974s][info][gc,reloc    ] GC(23) Small Pages: 183 / 366M, Empty: 352M, Relocated: 1M, In-Place: 0
[15.974s][info][gc,reloc    ] GC(23) Medium Pages: 1 / 32M, Empty: 32M, Relocated: 0M, In-Place: 0
[15.974s][info][gc,reloc    ] GC(23) Large Pages: 12 / 72M, Empty: 72M, Relocated: 0M, In-Place: 0
[15.974s][info][gc,reloc    ] GC(23) Forwarding Usage: 0M
[15.974s][info][gc,heap     ] GC(23) Min Capacity: 2048M(100%)
[15.974s][info][gc,heap     ] GC(23) Max Capacity: 2048M(100%)
[15.974s][info][gc,heap     ] GC(23) Soft Max Capacity: 2048M(100%)
[15.974s][info][gc,heap     ] GC(23)                Mark Start          Mark End        Relocate Start      Relocate End           High               Low         
[15.974s][info][gc,heap     ] GC(23)  Capacity:     2048M (100%)       2048M (100%)       2048M (100%)       2048M (100%)       2048M (100%)       2048M (100%)   
[15.974s][info][gc,heap     ] GC(23)      Free:     1578M (77%)        1578M (77%)        2034M (99%)        2038M (100%)       2038M (100%)       1578M (77%)    
[15.974s][info][gc,heap     ] GC(23)      Used:      470M (23%)         470M (23%)          14M (1%)           10M (0%)          470M (23%)          10M (0%)     
[15.974s][info][gc,heap     ] GC(23)      Live:         -                 6M (0%)            6M (0%)            6M (0%)             -                  -          
[15.974s][info][gc,heap     ] GC(23) Allocated:         -                 0M (0%)            0M (0%)            0M (0%)             -                  -          
[15.974s][info][gc,heap     ] GC(23)   Garbage:         -               463M (23%)           7M (0%)            3M (0%)             -                  -          
[15.974s][info][gc,heap     ] GC(23) Reclaimed:         -                  -               456M (22%)         460M (22%)            -                  -          
[15.974s][info][gc          ] GC(23) Garbage Collection (System.gc()) 470M(23%)->10M(0%)
[16.901s][info][gc,start    ] GC(24) Garbage Collection (Allocation Rate)
[16.901s][info][gc,task     ] GC(24) Using 2 workers
[16.901s][info][gc,phases   ] GC(24) Pause Mark Start 0.008ms
[17.164s][info][gc,phases   ] GC(24) Concurrent Mark 232.181ms
[17.164s][info][gc,phases   ] GC(24) Pause Mark End 0.025ms
[17.165s][info][gc,phases   ] GC(24) Concurrent Mark Free 0.002ms
[17.168s][info][gc,phases   ] GC(24) Concurrent Process Non-Strong References 3.037ms
[17.168s][info][gc,phases   ] GC(24) Concurrent Reset Relocation Set 0.001ms
[17.192s][info][gc,phases   ] GC(24) Concurrent Select Relocation Set 24.731ms
[17.193s][info][gc,phases   ] GC(24) Pause Relocate Start 0.012ms
[17.327s][info][gc,phases   ] GC(24) Concurrent Relocate 134.320ms
[17.327s][info][gc,load     ] GC(24) Load: 0.00/0.00/0.00
[17.327s][info][gc,mmu      ] GC(24) MMU: 2ms/97.9%, 5ms/99.1%, 10ms/99.5%, 20ms/99.7%, 50ms/99.9%, 100ms/99.9%
[17.327s][info][gc,marking  ] GC(24) Mark: 2 stripe(s), 2 proactive flush(es), 1 terminate flush(es), 0 completion(s), 0 continuation(s) 
[17.327s][info][gc,marking  ] GC(24) Mark Stack Usage: 32M
[17.327s][info][gc,nmethod  ] GC(24) NMethods: 2839 registered, 0 unregistered
[17.327s][info][gc,metaspace] GC(24) Metaspace: 15M used, 15M committed, 1088M reserved
[17.327s][info][gc,ref      ] GC(24) Soft: 391 encountered, 0 discovered, 0 enqueued
[17.327s][info][gc,ref      ] GC(24) Weak: 747 encountered, 300 discovered, 0 enqueued
[17.327s][info][gc,ref      ] GC(24) Final: 0 encountered, 0 discovered, 0 enqueued
[17.327s][info][gc,ref      ] GC(24) Phantom: 64 encountered, 49 discovered, 0 enqueued
[17.327s][info][gc,reloc    ] GC(24) Small Pages: 468 / 936M, Empty: 292M, Relocated: 192M, In-Place: 0
[17.327s][info][gc,reloc    ] GC(24) Medium Pages: 3 / 96M, Empty: 64M, Relocated: 0M, In-Place: 0
[17.327s][info][gc,reloc    ] GC(24) Large Pages: 21 / 154M, Empty: 82M, Relocated: 0M, In-Place: 0
[17.327s][info][gc,reloc    ] GC(24) Forwarding Usage: 145M
[17.327s][info][gc,heap     ] GC(24) Min Capacity: 2048M(100%)
[17.327s][info][gc,heap     ] GC(24) Max Capacity: 2048M(100%)
[17.327s][info][gc,heap     ] GC(24) Soft Max Capacity: 2048M(100%)
[17.327s][info][gc,heap     ] GC(24)                Mark Start          Mark End        Relocate Start      Relocate End           High               Low         
[17.327s][info][gc,heap     ] GC(24)  Capacity:     2048M (100%)       2048M (100%)       2048M (100%)       2048M (100%)       2048M (100%)       2048M (100%)   
[17.327s][info][gc,heap     ] GC(24)      Free:      862M (42%)         762M (37%)        1200M (59%)        1642M (80%)        1642M (80%)         762M (37%)    
[17.327s][info][gc,heap     ] GC(24)      Used:     1186M (58%)        1286M (63%)         848M (41%)         406M (20%)        1286M (63%)         406M (20%)    
[17.327s][info][gc,heap     ] GC(24)      Live:         -               272M (13%)         272M (13%)         272M (13%)            -                  -          
[17.327s][info][gc,heap     ] GC(24) Allocated:         -               100M (5%)          100M (5%)          100M (5%)             -                  -          
[17.327s][info][gc,heap     ] GC(24)   Garbage:         -               913M (45%)         475M (23%)          33M (2%)             -                  -          
[17.327s][info][gc,heap     ] GC(24) Reclaimed:         -                  -               438M (21%)         880M (43%)            -                  -          
[17.327s][info][gc          ] GC(24) Garbage Collection (Allocation Rate) 1186M(58%)->406M(20%)
[17.328s][info][gc,start    ] GC(25) Garbage Collection (System.gc())
[17.328s][info][gc,task     ] GC(25) Using 2 workers
[17.328s][info][gc,phases   ] GC(25) Pause Mark Start 0.008ms
[17.337s][info][gc,phases   ] GC(25) Concurrent Mark 9.174ms
[17.337s][info][gc,phases   ] GC(25) Pause Mark End 0.020ms
[17.337s][info][gc,phases   ] GC(25) Concurrent Mark Free 0.002ms
[17.340s][info][gc,phases   ] GC(25) Concurrent Process Non-Strong References 3.158ms
[17.340s][info][gc,phases   ] GC(25) Concurrent Reset Relocation Set 0.024ms
[17.350s][info][gc,phases   ] GC(25) Concurrent Select Relocation Set 9.936ms
[17.351s][info][gc,phases   ] GC(25) Pause Relocate Start 0.018ms
[17.352s][info][gc,phases   ] GC(25) Concurrent Relocate 1.021ms
[17.352s][info][gc,load     ] GC(25) Load: 0.00/0.00/0.00
[17.352s][info][gc,mmu      ] GC(25) MMU: 2ms/97.9%, 5ms/99.1%, 10ms/99.5%, 20ms/99.7%, 50ms/99.9%, 100ms/99.9%
[17.352s][info][gc,marking  ] GC(25) Mark: 2 stripe(s), 1 proactive flush(es), 1 terminate flush(es), 0 completion(s), 0 continuation(s) 
[17.352s][info][gc,marking  ] GC(25) Mark Stack Usage: 32M
[17.352s][info][gc,nmethod  ] GC(25) NMethods: 2839 registered, 0 unregistered
[17.352s][info][gc,metaspace] GC(25) Metaspace: 15M used, 15M committed, 1088M reserved
[17.352s][info][gc,ref      ] GC(25) Soft: 391 encountered, 0 discovered, 0 enqueued
[17.352s][info][gc,ref      ] GC(25) Weak: 730 encountered, 91 discovered, 0 enqueued
[17.352s][info][gc,ref      ] GC(25) Final: 0 encountered, 0 discovered, 0 enqueued
[17.352s][info][gc,ref      ] GC(25) Phantom: 64 encountered, 48 discovered, 0 enqueued
[17.352s][info][gc,reloc    ] GC(25) Small Pages: 151 / 302M, Empty: 288M, Relocated: 1M, In-Place: 0
[17.352s][info][gc,reloc    ] GC(25) Medium Pages: 1 / 32M, Empty: 32M, Relocated: 0M, In-Place: 0
[17.352s][info][gc,reloc    ] GC(25) Large Pages: 12 / 72M, Empty: 72M, Relocated: 0M, In-Place: 0
[17.352s][info][gc,reloc    ] GC(25) Forwarding Usage: 0M
[17.352s][info][gc,heap     ] GC(25) Min Capacity: 2048M(100%)
[17.352s][info][gc,heap     ] GC(25) Max Capacity: 2048M(100%)
[17.352s][info][gc,heap     ] GC(25) Soft Max Capacity: 2048M(100%)
[17.352s][info][gc,heap     ] GC(25)                Mark Start          Mark End        Relocate Start      Relocate End           High               Low         
[17.352s][info][gc,heap     ] GC(25)  Capacity:     2048M (100%)       2048M (100%)       2048M (100%)       2048M (100%)       2048M (100%)       2048M (100%)   
[17.352s][info][gc,heap     ] GC(25)      Free:     1642M (80%)        1642M (80%)        2034M (99%)        2038M (100%)       2038M (100%)       1642M (80%)    
[17.352s][info][gc,heap     ] GC(25)      Used:      406M (20%)         406M (20%)          14M (1%)           10M (0%)          406M (20%)          10M (0%)     
[17.352s][info][gc,heap     ] GC(25)      Live:         -                 6M (0%)            6M (0%)            6M (0%)             -                  -          
[17.352s][info][gc,heap     ] GC(25) Allocated:         -                 0M (0%)            0M (0%)            0M (0%)             -                  -          
[17.352s][info][gc,heap     ] GC(25)   Garbage:         -               399M (19%)           7M (0%)            3M (0%)             -                  -          
[17.352s][info][gc,heap     ] GC(25) Reclaimed:         -                  -               392M (19%)         396M (19%)            -                  -          
[17.352s][info][gc          ] GC(25) Garbage Collection (System.gc()) 406M(20%)->10M(0%)
[18.212s][info][gc,start    ] GC(26) Garbage Collection (Allocation Rate)
[18.212s][info][gc,task     ] GC(26) Using 2 workers
[18.212s][info][gc,phases   ] GC(26) Pause Mark Start 0.009ms
[18.481s][info][gc,phases   ] GC(26) Concurrent Mark 253.375ms
[18.481s][info][gc,phases   ] GC(26) Pause Mark End 0.011ms
[18.481s][info][gc,phases   ] GC(26) Concurrent Mark Free 0.001ms
[18.484s][info][gc,phases   ] GC(26) Concurrent Process Non-Strong References 2.999ms
[18.484s][info][gc,phases   ] GC(26) Concurrent Reset Relocation Set 0.001ms
[18.510s][info][gc,phases   ] GC(26) Concurrent Select Relocation Set 25.420ms
[18.510s][info][gc,phases   ] GC(26) Pause Relocate Start 0.019ms
[18.645s][info][gc,phases   ] GC(26) Concurrent Relocate 135.006ms
[18.645s][info][gc,load     ] GC(26) Load: 0.00/0.00/0.00
[18.645s][info][gc,mmu      ] GC(26) MMU: 2ms/97.9%, 5ms/99.1%, 10ms/99.5%, 20ms/99.7%, 50ms/99.9%, 100ms/99.9%
[18.645s][info][gc,marking  ] GC(26) Mark: 2 stripe(s), 1 proactive flush(es), 1 terminate flush(es), 0 completion(s), 0 continuation(s) 
[18.645s][info][gc,marking  ] GC(26) Mark Stack Usage: 32M
[18.645s][info][gc,nmethod  ] GC(26) NMethods: 2851 registered, 0 unregistered
[18.645s][info][gc,metaspace] GC(26) Metaspace: 15M used, 15M committed, 1088M reserved
[18.645s][info][gc,ref      ] GC(26) Soft: 391 encountered, 0 discovered, 0 enqueued
[18.645s][info][gc,ref      ] GC(26) Weak: 748 encountered, 390 discovered, 0 enqueued
[18.645s][info][gc,ref      ] GC(26) Final: 0 encountered, 0 discovered, 0 enqueued
[18.645s][info][gc,ref      ] GC(26) Phantom: 64 encountered, 50 discovered, 0 enqueued
[18.645s][info][gc,reloc    ] GC(26) Small Pages: 441 / 882M, Empty: 224M, Relocated: 192M, In-Place: 0
[18.645s][info][gc,reloc    ] GC(26) Medium Pages: 3 / 96M, Empty: 32M, Relocated: 4M, In-Place: 0
[18.645s][info][gc,reloc    ] GC(26) Large Pages: 19 / 142M, Empty: 82M, Relocated: 0M, In-Place: 0
[18.645s][info][gc,reloc    ] GC(26) Forwarding Usage: 143M
[18.645s][info][gc,heap     ] GC(26) Min Capacity: 2048M(100%)
[18.645s][info][gc,heap     ] GC(26) Max Capacity: 2048M(100%)
[18.645s][info][gc,heap     ] GC(26) Soft Max Capacity: 2048M(100%)
[18.645s][info][gc,heap     ] GC(26)                Mark Start          Mark End        Relocate Start      Relocate End           High               Low         
[18.645s][info][gc,heap     ] GC(26)  Capacity:     2048M (100%)       2048M (100%)       2048M (100%)       2048M (100%)       2048M (100%)       2048M (100%)   
[18.645s][info][gc,heap     ] GC(26)      Free:      928M (45%)         760M (37%)        1098M (54%)        1584M (77%)        1584M (77%)         760M (37%)    
[18.645s][info][gc,heap     ] GC(26)      Used:     1120M (55%)        1288M (63%)         950M (46%)         464M (23%)        1288M (63%)         464M (23%)    
[18.645s][info][gc,heap     ] GC(26)      Live:         -               264M (13%)         264M (13%)         264M (13%)            -                  -          
[18.646s][info][gc,heap     ] GC(26) Allocated:         -               168M (8%)          168M (8%)          168M (8%)             -                  -          
[18.646s][info][gc,heap     ] GC(26)   Garbage:         -               855M (42%)         517M (25%)          31M (2%)             -                  -          
[18.646s][info][gc,heap     ] GC(26) Reclaimed:         -                  -               338M (17%)         824M (40%)            -                  -          
[18.646s][info][gc          ] GC(26) Garbage Collection (Allocation Rate) 1120M(55%)->464M(23%)
[18.646s][info][gc,start    ] GC(27) Garbage Collection (System.gc())
[18.646s][info][gc,task     ] GC(27) Using 2 workers
[18.646s][info][gc,phases   ] GC(27) Pause Mark Start 0.005ms
[18.654s][info][gc,phases   ] GC(27) Concurrent Mark 8.728ms
[18.655s][info][gc,phases   ] GC(27) Pause Mark End 0.021ms
[18.655s][info][gc,phases   ] GC(27) Concurrent Mark Free 0.004ms
[18.658s][info][gc,phases   ] GC(27) Concurrent Process Non-Strong References 2.797ms
[18.658s][info][gc,phases   ] GC(27) Concurrent Reset Relocation Set 0.026ms
[18.668s][info][gc,phases   ] GC(27) Concurrent Select Relocation Set 10.264ms
[18.668s][info][gc,phases   ] GC(27) Pause Relocate Start 0.020ms
[18.670s][info][gc,phases   ] GC(27) Concurrent Relocate 1.172ms
[18.670s][info][gc,load     ] GC(27) Load: 0.00/0.00/0.00
[18.670s][info][gc,mmu      ] GC(27) MMU: 2ms/97.9%, 5ms/99.1%, 10ms/99.5%, 20ms/99.7%, 50ms/99.9%, 100ms/99.9%
[18.670s][info][gc,marking  ] GC(27) Mark: 2 stripe(s), 1 proactive flush(es), 1 terminate flush(es), 0 completion(s), 0 continuation(s) 
[18.670s][info][gc,marking  ] GC(27) Mark Stack Usage: 32M
[18.670s][info][gc,nmethod  ] GC(27) NMethods: 2851 registered, 0 unregistered
[18.670s][info][gc,metaspace] GC(27) Metaspace: 15M used, 15M committed, 1088M reserved
[18.670s][info][gc,ref      ] GC(27) Soft: 391 encountered, 0 discovered, 0 enqueued
[18.670s][info][gc,ref      ] GC(27) Weak: 730 encountered, 316 discovered, 0 enqueued
[18.670s][info][gc,ref      ] GC(27) Final: 0 encountered, 0 discovered, 0 enqueued
[18.670s][info][gc,ref      ] GC(27) Phantom: 64 encountered, 49 discovered, 0 enqueued
[18.670s][info][gc,reloc    ] GC(27) Small Pages: 180 / 360M, Empty: 344M, Relocated: 1M, In-Place: 0
[18.670s][info][gc,reloc    ] GC(27) Medium Pages: 1 / 32M, Empty: 32M, Relocated: 0M, In-Place: 0
[18.670s][info][gc,reloc    ] GC(27) Large Pages: 12 / 72M, Empty: 72M, Relocated: 0M, In-Place: 0
[18.670s][info][gc,reloc    ] GC(27) Forwarding Usage: 0M
[18.670s][info][gc,heap     ] GC(27) Min Capacity: 2048M(100%)
[18.670s][info][gc,heap     ] GC(27) Max Capacity: 2048M(100%)
[18.670s][info][gc,heap     ] GC(27) Soft Max Capacity: 2048M(100%)
[18.670s][info][gc,heap     ] GC(27)                Mark Start          Mark End        Relocate Start      Relocate End           High               Low         
[18.670s][info][gc,heap     ] GC(27)  Capacity:     2048M (100%)       2048M (100%)       2048M (100%)       2048M (100%)       2048M (100%)       2048M (100%)   
[18.670s][info][gc,heap     ] GC(27)      Free:     1584M (77%)        1584M (77%)        2032M (99%)        2038M (100%)       2038M (100%)       1584M (77%)    
[18.670s][info][gc,heap     ] GC(27)      Used:      464M (23%)         464M (23%)          16M (1%)           10M (0%)          464M (23%)          10M (0%)     
[18.670s][info][gc,heap     ] GC(27)      Live:         -                 6M (0%)            6M (0%)            6M (0%)             -                  -          
[18.670s][info][gc,heap     ] GC(27) Allocated:         -                 0M (0%)            0M (0%)            0M (0%)             -                  -          
[18.670s][info][gc,heap     ] GC(27)   Garbage:         -               457M (22%)           9M (0%)            3M (0%)             -                  -          
[18.670s][info][gc,heap     ] GC(27) Reclaimed:         -                  -               448M (22%)         454M (22%)            -                  -          
[18.670s][info][gc          ] GC(27) Garbage Collection (System.gc()) 464M(23%)->10M(0%)
[19.510s][info][gc,start    ] GC(28) Garbage Collection (Allocation Rate)
[19.510s][info][gc,task     ] GC(28) Using 2 workers
[19.510s][info][gc,phases   ] GC(28) Pause Mark Start 0.005ms
[19.787s][info][gc,phases   ] GC(28) Concurrent Mark 261.330ms
[19.787s][info][gc,phases   ] GC(28) Pause Mark End 0.020ms
[19.787s][info][gc,phases   ] GC(28) Concurrent Mark Free 0.001ms
[19.791s][info][gc,phases   ] GC(28) Concurrent Process Non-Strong References 3.687ms
[19.791s][info][gc,phases   ] GC(28) Concurrent Reset Relocation Set 0.001ms
[19.816s][info][gc,phases   ] GC(28) Concurrent Select Relocation Set 24.775ms
[19.816s][info][gc,phases   ] GC(28) Pause Relocate Start 0.013ms
[19.950s][info][gc,phases   ] GC(28) Concurrent Relocate 133.446ms
[19.950s][info][gc,load     ] GC(28) Load: 0.00/0.00/0.00
[19.950s][info][gc,mmu      ] GC(28) MMU: 2ms/97.9%, 5ms/99.1%, 10ms/99.5%, 20ms/99.7%, 50ms/99.9%, 100ms/99.9%
[19.950s][info][gc,marking  ] GC(28) Mark: 2 stripe(s), 1 proactive flush(es), 1 terminate flush(es), 0 completion(s), 0 continuation(s) 
[19.950s][info][gc,marking  ] GC(28) Mark Stack Usage: 32M
[19.950s][info][gc,nmethod  ] GC(28) NMethods: 2869 registered, 0 unregistered
[19.950s][info][gc,metaspace] GC(28) Metaspace: 15M used, 15M committed, 1088M reserved
[19.950s][info][gc,ref      ] GC(28) Soft: 391 encountered, 0 discovered, 0 enqueued
[19.950s][info][gc,ref      ] GC(28) Weak: 748 encountered, 318 discovered, 0 enqueued
[19.950s][info][gc,ref      ] GC(28) Final: 0 encountered, 0 discovered, 0 enqueued
[19.950s][info][gc,ref      ] GC(28) Phantom: 64 encountered, 50 discovered, 0 enqueued
[19.950s][info][gc,reloc    ] GC(28) Small Pages: 429 / 858M, Empty: 204M, Relocated: 192M, In-Place: 0
[19.950s][info][gc,reloc    ] GC(28) Medium Pages: 3 / 96M, Empty: 0M, Relocated: 16M, In-Place: 0
[19.950s][info][gc,reloc    ] GC(28) Large Pages: 13 / 106M, Empty: 82M, Relocated: 0M, In-Place: 0
[19.950s][info][gc,reloc    ] GC(28) Forwarding Usage: 144M
[19.950s][info][gc,heap     ] GC(28) Min Capacity: 2048M(100%)
[19.950s][info][gc,heap     ] GC(28) Max Capacity: 2048M(100%)
[19.950s][info][gc,heap     ] GC(28) Soft Max Capacity: 2048M(100%)
[19.950s][info][gc,heap     ] GC(28)                Mark Start          Mark End        Relocate Start      Relocate End           High               Low         
[19.950s][info][gc,heap     ] GC(28)  Capacity:     2048M (100%)       2048M (100%)       2048M (100%)       2048M (100%)       2048M (100%)       2048M (100%)   
[19.950s][info][gc,heap     ] GC(28)      Free:      988M (48%)         760M (37%)        1046M (51%)        1562M (76%)        1562M (76%)         760M (37%)    
[19.950s][info][gc,heap     ] GC(28)      Used:     1060M (52%)        1288M (63%)        1002M (49%)         486M (24%)        1288M (63%)         486M (24%)    
[19.950s][info][gc,heap     ] GC(28)      Live:         -               240M (12%)         240M (12%)         240M (12%)            -                  -          
[19.950s][info][gc,heap     ] GC(28) Allocated:         -               228M (11%)         228M (11%)         228M (11%)            -                  -          
[19.950s][info][gc,heap     ] GC(28)   Garbage:         -               819M (40%)         533M (26%)          17M (1%)             -                  -          
[19.950s][info][gc,heap     ] GC(28) Reclaimed:         -                  -               286M (14%)         802M (39%)            -                  -          
[19.950s][info][gc          ] GC(28) Garbage Collection (Allocation Rate) 1060M(52%)->486M(24%)
[19.950s][info][gc,start    ] GC(29) Garbage Collection (System.gc())
[19.950s][info][gc,task     ] GC(29) Using 2 workers
[19.950s][info][gc,phases   ] GC(29) Pause Mark Start 0.007ms
[19.960s][info][gc,phases   ] GC(29) Concurrent Mark 9.691ms
[19.960s][info][gc,phases   ] GC(29) Pause Mark End 0.018ms
[19.960s][info][gc,phases   ] GC(29) Concurrent Mark Free 0.001ms
[19.964s][info][gc,phases   ] GC(29) Concurrent Process Non-Strong References 3.222ms
[19.964s][info][gc,phases   ] GC(29) Concurrent Reset Relocation Set 0.025ms
[19.973s][info][gc,phases   ] GC(29) Concurrent Select Relocation Set 9.637ms
[19.974s][info][gc,phases   ] GC(29) Pause Relocate Start 0.022ms
[19.975s][info][gc,phases   ] GC(29) Concurrent Relocate 1.057ms
[19.975s][info][gc,load     ] GC(29) Load: 0.00/0.00/0.00
[19.975s][info][gc,mmu      ] GC(29) MMU: 2ms/97.9%, 5ms/99.1%, 10ms/99.5%, 20ms/99.7%, 50ms/99.9%, 100ms/99.9%
[19.975s][info][gc,marking  ] GC(29) Mark: 2 stripe(s), 1 proactive flush(es), 1 terminate flush(es), 0 completion(s), 0 continuation(s) 
[19.975s][info][gc,marking  ] GC(29) Mark Stack Usage: 32M
[19.975s][info][gc,nmethod  ] GC(29) NMethods: 2869 registered, 0 unregistered
[19.975s][info][gc,metaspace] GC(29) Metaspace: 15M used, 15M committed, 1088M reserved
[19.975s][info][gc,ref      ] GC(29) Soft: 391 encountered, 0 discovered, 0 enqueued
[19.975s][info][gc,ref      ] GC(29) Weak: 730 encountered, 165 discovered, 0 enqueued
[19.975s][info][gc,ref      ] GC(29) Final: 0 encountered, 0 discovered, 0 enqueued
[19.975s][info][gc,ref      ] GC(29) Phantom: 64 encountered, 50 discovered, 0 enqueued
[19.975s][info][gc,reloc    ] GC(29) Small Pages: 191 / 382M, Empty: 368M, Relocated: 1M, In-Place: 0
[19.975s][info][gc,reloc    ] GC(29) Medium Pages: 1 / 32M, Empty: 32M, Relocated: 0M, In-Place: 0
[19.975s][info][gc,reloc    ] GC(29) Large Pages: 12 / 72M, Empty: 72M, Relocated: 0M, In-Place: 0
[19.975s][info][gc,reloc    ] GC(29) Forwarding Usage: 0M
[19.975s][info][gc,heap     ] GC(29) Min Capacity: 2048M(100%)
[19.975s][info][gc,heap     ] GC(29) Max Capacity: 2048M(100%)
[19.975s][info][gc,heap     ] GC(29) Soft Max Capacity: 2048M(100%)
[19.975s][info][gc,heap     ] GC(29)                Mark Start          Mark End        Relocate Start      Relocate End           High               Low         
[19.975s][info][gc,heap     ] GC(29)  Capacity:     2048M (100%)       2048M (100%)       2048M (100%)       2048M (100%)       2048M (100%)       2048M (100%)   
[19.975s][info][gc,heap     ] GC(29)      Free:     1562M (76%)        1562M (76%)        2034M (99%)        2038M (100%)       2038M (100%)       1562M (76%)    
[19.975s][info][gc,heap     ] GC(29)      Used:      486M (24%)         486M (24%)          14M (1%)           10M (0%)          486M (24%)          10M (0%)     
[19.975s][info][gc,heap     ] GC(29)      Live:         -                 6M (0%)            6M (0%)            6M (0%)             -                  -          
[19.975s][info][gc,heap     ] GC(29) Allocated:         -                 0M (0%)            0M (0%)            0M (0%)             -                  -          
[19.975s][info][gc,heap     ] GC(29)   Garbage:         -               479M (23%)           7M (0%)            3M (0%)             -                  -          
[19.975s][info][gc,heap     ] GC(29) Reclaimed:         -                  -               472M (23%)         476M (23%)            -                  -          
[19.975s][info][gc          ] GC(29) Garbage Collection (System.gc()) 486M(24%)->10M(0%)
[20.101s][info][gc,stats    ] === Garbage Collection Statistics =======================================================================================================================
[20.101s][info][gc,stats    ]                                                              Last 10s              Last 10m              Last 10h                Total
[20.101s][info][gc,stats    ]                                                              Avg / Max             Avg / Max             Avg / Max             Avg / Max
[20.101s][info][gc,stats    ]   Collector: Garbage Collection Cycle                    225.040 / 439.819     224.945 / 463.951     224.945 / 463.951     224.945 / 463.951     ms
[20.101s][info][gc,stats    ]  Contention: Mark Segment Reset Contention                     0 / 2                 0 / 2                 0 / 2                 0 / 2           ops/s
[20.101s][info][gc,stats    ]  Contention: Mark SeqNum Reset Contention                      0 / 1                 0 / 1                 0 / 1                 0 / 1           ops/s
[20.101s][info][gc,stats    ]    Critical: Allocation Stall                                  0 / 0                 0 / 0                 0 / 0                 0 / 0           ops/s
[20.101s][info][gc,stats    ]    Critical: Allocation Stall                              0.000 / 0.000         0.000 / 0.000         0.000 / 0.000         0.000 / 0.000       ms
[20.101s][info][gc,stats    ]    Critical: GC Locker Stall                                   0 / 0                 0 / 0                 0 / 0                 0 / 0           ops/s
[20.101s][info][gc,stats    ]    Critical: GC Locker Stall                               0.000 / 0.000         0.000 / 0.000         0.000 / 0.000         0.000 / 0.000       ms
[20.102s][info][gc,stats    ]    Critical: Relocation Stall                                  0 / 0                 0 / 0                 0 / 0                 0 / 0           ops/s
[20.102s][info][gc,stats    ]    Critical: Relocation Stall                              0.000 / 0.000         0.000 / 0.000         0.000 / 0.000         0.000 / 0.000       ms
[20.102s][info][gc,stats    ]      Memory: Allocation Rate                                 947 / 1076            854 / 1146            854 / 1146            854 / 1146        MB/s
[20.102s][info][gc,stats    ]      Memory: Out Of Memory                                     0 / 0                 0 / 0                 0 / 0                 0 / 0           ops/s
[20.102s][info][gc,stats    ]      Memory: Page Cache Flush                                  0 / 0                 0 / 0                 0 / 0                 0 / 0           MB/s
[20.102s][info][gc,stats    ]      Memory: Page Cache Hit L1                               474 / 535             394 / 535             394 / 535             394 / 535         ops/s
[20.102s][info][gc,stats    ]      Memory: Page Cache Hit L2                                 0 / 0                 0 / 0                 0 / 0                 0 / 0           ops/s
[20.102s][info][gc,stats    ]      Memory: Page Cache Hit L3                                 0 / 0                27 / 195              27 / 195              27 / 195         ops/s
[20.102s][info][gc,stats    ]      Memory: Page Cache Miss                                   0 / 0                 0 / 1                 0 / 1                 0 / 1           ops/s
[20.102s][info][gc,stats    ]      Memory: Uncommit                                          0 / 0                 0 / 0                 0 / 0                 0 / 0           MB/s
[20.102s][info][gc,stats    ]      Memory: Undo Object Allocation Failed                     0 / 0                 0 / 0                 0 / 0                 0 / 0           ops/s
[20.102s][info][gc,stats    ]      Memory: Undo Object Allocation Succeeded                  0 / 0              1464 / 29292          1464 / 29292          1464 / 29292       ops/s
[20.102s][info][gc,stats    ]      Memory: Undo Page Allocation                              0 / 2                 0 / 3                 0 / 3                 0 / 3           ops/s
[20.102s][info][gc,stats    ]       Phase: Concurrent Mark                             128.387 / 263.761     138.251 / 352.487     138.251 / 352.487     138.251 / 352.487     ms
[20.102s][info][gc,stats    ]       Phase: Concurrent Mark Continue                      0.000 / 0.000         0.000 / 0.000         0.000 / 0.000         0.000 / 0.000       ms
[20.102s][info][gc,stats    ]       Phase: Concurrent Mark Free                          0.002 / 0.004         0.002 / 0.004         0.002 / 0.004         0.002 / 0.004       ms
[20.102s][info][gc,stats    ]       Phase: Concurrent Process Non-Strong References      2.959 / 3.687         2.810 / 5.149         2.810 / 5.149         2.810 / 5.149       ms
[20.102s][info][gc,stats    ]       Phase: Concurrent Relocate                          67.271 / 135.006      60.703 / 135.006      60.703 / 135.006      60.703 / 135.006     ms
[20.102s][info][gc,stats    ]       Phase: Concurrent Reset Relocation Set               0.013 / 0.027         0.012 / 0.030         0.012 / 0.030         0.012 / 0.030       ms
[20.102s][info][gc,stats    ]       Phase: Concurrent Select Relocation Set             17.445 / 26.863       15.683 / 26.863       15.683 / 26.863       15.683 / 26.863      ms
[20.102s][info][gc,stats    ]       Phase: Pause Mark End                                0.020 / 0.025         0.019 / 0.043         0.019 / 0.043         0.019 / 0.043       ms
[20.102s][info][gc,stats    ]       Phase: Pause Mark Start                              0.007 / 0.017         0.008 / 0.017         0.008 / 0.017         0.008 / 0.017       ms
[20.102s][info][gc,stats    ]       Phase: Pause Relocate Start                          0.017 / 0.026         0.016 / 0.026         0.016 / 0.026         0.016 / 0.026       ms
[20.102s][info][gc,stats    ]    Subphase: Concurrent Classes Purge                      0.090 / 0.115         0.098 / 0.252         0.098 / 0.252         0.098 / 0.252       ms
[20.102s][info][gc,stats    ]    Subphase: Concurrent Classes Unlink                     2.266 / 2.932         2.124 / 4.168         2.124 / 4.168         2.124 / 4.168       ms
[20.102s][info][gc,stats    ]    Subphase: Concurrent Mark                             124.977 / 263.252     134.389 / 351.776     134.389 / 351.776     134.389 / 351.776     ms
[20.102s][info][gc,stats    ]    Subphase: Concurrent Mark Try Flush                     0.375 / 9.216         0.546 / 15.584        0.546 / 15.584        0.546 / 15.584      ms
[20.102s][info][gc,stats    ]    Subphase: Concurrent Mark Try Terminate                 2.913 / 16.032        3.194 / 16.032        3.194 / 16.032        3.194 / 16.032      ms
[20.102s][info][gc,stats    ]    Subphase: Concurrent References Enqueue                 0.000 / 0.001         0.001 / 0.005         0.001 / 0.005         0.001 / 0.005       ms
[20.102s][info][gc,stats    ]    Subphase: Concurrent References Process                 0.122 / 0.164         0.122 / 0.238         0.122 / 0.238         0.122 / 0.238       ms
[20.102s][info][gc,stats    ]    Subphase: Concurrent Roots ClassLoaderDataGraph         0.094 / 0.265         0.084 / 0.265         0.084 / 0.265         0.084 / 0.265       ms
[20.102s][info][gc,stats    ]    Subphase: Concurrent Roots CodeCache                    0.000 / 0.000         0.000 / 0.000         0.000 / 0.000         0.000 / 0.000       ms
[20.102s][info][gc,stats    ]    Subphase: Concurrent Roots JavaThreads                  0.246 / 0.510         0.266 / 0.558         0.266 / 0.558         0.266 / 0.558       ms
[20.102s][info][gc,stats    ]    Subphase: Concurrent Roots OopStorageSet                0.017 / 0.032         0.018 / 0.049         0.018 / 0.049         0.018 / 0.049       ms
[20.102s][info][gc,stats    ]    Subphase: Concurrent Weak Roots OopStorageSet           0.321 / 0.461         0.290 / 0.461         0.290 / 0.461         0.290 / 0.461       ms
[20.102s][info][gc,stats    ]    Subphase: Pause Mark Try Complete                       0.000 / 0.000         0.000 / 0.000         0.000 / 0.000         0.000 / 0.000       ms
[20.102s][info][gc,stats    ]      System: Java Threads                                     13 / 18               13 / 19               13 / 19               13 / 19          threads
[20.102s][info][gc,stats    ] =========================================================================================================================================================
[20.801s][info][gc,start    ] GC(30) Garbage Collection (Allocation Rate)
[20.801s][info][gc,task     ] GC(30) Using 2 workers
[20.816s][info][gc,phases   ] GC(30) Pause Mark Start 0.019ms
[21.093s][info][gc,phases   ] GC(30) Concurrent Mark 260.643ms
[21.093s][info][gc,phases   ] GC(30) Pause Mark End 0.025ms
[21.093s][info][gc,phases   ] GC(30) Concurrent Mark Free 0.001ms
[21.096s][info][gc,phases   ] GC(30) Concurrent Process Non-Strong References 2.588ms
[21.096s][info][gc,phases   ] GC(30) Concurrent Reset Relocation Set 0.001ms
[21.120s][info][gc,phases   ] GC(30) Concurrent Select Relocation Set 23.803ms
[21.120s][info][gc,phases   ] GC(30) Pause Relocate Start 0.014ms
[21.253s][info][gc,phases   ] GC(30) Concurrent Relocate 133.164ms
[21.253s][info][gc,load     ] GC(30) Load: 0.00/0.00/0.00
[21.253s][info][gc,mmu      ] GC(30) MMU: 2ms/97.9%, 5ms/99.1%, 10ms/99.5%, 20ms/99.7%, 50ms/99.9%, 100ms/99.9%
[21.253s][info][gc,marking  ] GC(30) Mark: 2 stripe(s), 2 proactive flush(es), 1 terminate flush(es), 0 completion(s), 0 continuation(s) 
[21.253s][info][gc,marking  ] GC(30) Mark Stack Usage: 32M
[21.253s][info][gc,nmethod  ] GC(30) NMethods: 2882 registered, 0 unregistered
[21.253s][info][gc,metaspace] GC(30) Metaspace: 15M used, 15M committed, 1088M reserved
[21.253s][info][gc,ref      ] GC(30) Soft: 391 encountered, 0 discovered, 0 enqueued
[21.253s][info][gc,ref      ] GC(30) Weak: 748 encountered, 336 discovered, 0 enqueued
[21.253s][info][gc,ref      ] GC(30) Final: 0 encountered, 0 discovered, 0 enqueued
[21.253s][info][gc,ref      ] GC(30) Phantom: 64 encountered, 49 discovered, 0 enqueued
[21.253s][info][gc,reloc    ] GC(30) Small Pages: 429 / 858M, Empty: 202M, Relocated: 192M, In-Place: 0
[21.253s][info][gc,reloc    ] GC(30) Medium Pages: 3 / 96M, Empty: 0M, Relocated: 20M, In-Place: 0
[21.253s][info][gc,reloc    ] GC(30) Large Pages: 14 / 112M, Empty: 82M, Relocated: 0M, In-Place: 0
[21.253s][info][gc,reloc    ] GC(30) Forwarding Usage: 144M
[21.253s][info][gc,heap     ] GC(30) Min Capacity: 2048M(100%)
[21.253s][info][gc,heap     ] GC(30) Max Capacity: 2048M(100%)
[21.253s][info][gc,heap     ] GC(30) Soft Max Capacity: 2048M(100%)
[21.253s][info][gc,heap     ] GC(30)                Mark Start          Mark End        Relocate Start      Relocate End           High               Low         
[21.253s][info][gc,heap     ] GC(30)  Capacity:     2048M (100%)       2048M (100%)       2048M (100%)       2048M (100%)       2048M (100%)       2048M (100%)   
[21.253s][info][gc,heap     ] GC(30)      Free:      982M (48%)         764M (37%)        1048M (51%)        1566M (76%)        1566M (76%)         764M (37%)    
[21.253s][info][gc,heap     ] GC(30)      Used:     1066M (52%)        1284M (63%)        1000M (49%)         482M (24%)        1284M (63%)         482M (24%)    
[21.253s][info][gc,heap     ] GC(30)      Live:         -               250M (12%)         250M (12%)         250M (12%)            -                  -          
[21.253s][info][gc,heap     ] GC(30) Allocated:         -               218M (11%)         218M (11%)         218M (11%)            -                  -          
[21.253s][info][gc,heap     ] GC(30)   Garbage:         -               815M (40%)         531M (26%)          13M (1%)             -                  -          
[21.253s][info][gc,heap     ] GC(30) Reclaimed:         -                  -               284M (14%)         802M (39%)            -                  -          
[21.253s][info][gc          ] GC(30) Garbage Collection (Allocation Rate) 1066M(52%)->482M(24%)
[21.253s][info][gc,start    ] GC(31) Garbage Collection (System.gc())
[21.253s][info][gc,task     ] GC(31) Using 2 workers
[21.254s][info][gc,phases   ] GC(31) Pause Mark Start 0.011ms
[21.266s][info][gc,phases   ] GC(31) Concurrent Mark 11.900ms
[21.266s][info][gc,phases   ] GC(31) Pause Mark End 0.012ms
[21.266s][info][gc,phases   ] GC(31) Concurrent Mark Free 0.001ms
[21.268s][info][gc,phases   ] GC(31) Concurrent Process Non-Strong References 2.426ms
[21.268s][info][gc,phases   ] GC(31) Concurrent Reset Relocation Set 0.031ms
[21.279s][info][gc,phases   ] GC(31) Concurrent Select Relocation Set 10.738ms
[21.279s][info][gc,phases   ] GC(31) Pause Relocate Start 0.012ms
[21.280s][info][gc,phases   ] GC(31) Concurrent Relocate 1.183ms
[21.280s][info][gc,load     ] GC(31) Load: 0.00/0.00/0.00
[21.280s][info][gc,mmu      ] GC(31) MMU: 2ms/97.9%, 5ms/99.1%, 10ms/99.5%, 20ms/99.7%, 50ms/99.9%, 100ms/99.9%
[21.280s][info][gc,marking  ] GC(31) Mark: 2 stripe(s), 1 proactive flush(es), 1 terminate flush(es), 0 completion(s), 0 continuation(s) 
[21.280s][info][gc,marking  ] GC(31) Mark Stack Usage: 32M
[21.280s][info][gc,nmethod  ] GC(31) NMethods: 2882 registered, 0 unregistered
[21.280s][info][gc,metaspace] GC(31) Metaspace: 15M used, 15M committed, 1088M reserved
[21.280s][info][gc,ref      ] GC(31) Soft: 391 encountered, 0 discovered, 0 enqueued
[21.280s][info][gc,ref      ] GC(31) Weak: 730 encountered, 502 discovered, 0 enqueued
[21.280s][info][gc,ref      ] GC(31) Final: 0 encountered, 0 discovered, 0 enqueued
[21.280s][info][gc,ref      ] GC(31) Phantom: 64 encountered, 48 discovered, 0 enqueued
[21.280s][info][gc,reloc    ] GC(31) Small Pages: 189 / 378M, Empty: 364M, Relocated: 1M, In-Place: 0
[21.280s][info][gc,reloc    ] GC(31) Medium Pages: 1 / 32M, Empty: 32M, Relocated: 0M, In-Place: 0
[21.280s][info][gc,reloc    ] GC(31) Large Pages: 12 / 72M, Empty: 72M, Relocated: 0M, In-Place: 0
[21.280s][info][gc,reloc    ] GC(31) Forwarding Usage: 0M
[21.280s][info][gc,heap     ] GC(31) Min Capacity: 2048M(100%)
[21.280s][info][gc,heap     ] GC(31) Max Capacity: 2048M(100%)
[21.281s][info][gc,heap     ] GC(31) Soft Max Capacity: 2048M(100%)
[21.281s][info][gc,heap     ] GC(31)                Mark Start          Mark End        Relocate Start      Relocate End           High               Low         
[21.281s][info][gc,heap     ] GC(31)  Capacity:     2048M (100%)       2048M (100%)       2048M (100%)       2048M (100%)       2048M (100%)       2048M (100%)   
[21.281s][info][gc,heap     ] GC(31)      Free:     1566M (76%)        1566M (76%)        2034M (99%)        2038M (100%)       2038M (100%)       1566M (76%)    
[21.281s][info][gc,heap     ] GC(31)      Used:      482M (24%)         482M (24%)          14M (1%)           10M (0%)          482M (24%)          10M (0%)     
[21.281s][info][gc,heap     ] GC(31)      Live:         -                 6M (0%)            6M (0%)            6M (0%)             -                  -          
[21.281s][info][gc,heap     ] GC(31) Allocated:         -                 0M (0%)            0M (0%)            0M (0%)             -                  -          
[21.281s][info][gc,heap     ] GC(31)   Garbage:         -               475M (23%)           7M (0%)            3M (0%)             -                  -          
[21.281s][info][gc,heap     ] GC(31) Reclaimed:         -                  -               468M (23%)         472M (23%)            -                  -          
[21.281s][info][gc          ] GC(31) Garbage Collection (System.gc()) 482M(24%)->10M(0%)
[22.114s][info][gc,start    ] GC(32) Garbage Collection (Allocation Rate)
[22.115s][info][gc,task     ] GC(32) Using 2 workers
[22.115s][info][gc,phases   ] GC(32) Pause Mark Start 0.009ms
[22.392s][info][gc,phases   ] GC(32) Concurrent Mark 261.949ms
[22.392s][info][gc,phases   ] GC(32) Pause Mark End 0.026ms
[22.392s][info][gc,phases   ] GC(32) Concurrent Mark Free 0.001ms
[22.395s][info][gc,phases   ] GC(32) Concurrent Process Non-Strong References 2.618ms
[22.395s][info][gc,phases   ] GC(32) Concurrent Reset Relocation Set 0.001ms
[22.420s][info][gc,phases   ] GC(32) Concurrent Select Relocation Set 24.647ms
[22.420s][info][gc,phases   ] GC(32) Pause Relocate Start 0.011ms
[22.552s][info][gc,phases   ] GC(32) Concurrent Relocate 131.931ms
[22.552s][info][gc,load     ] GC(32) Load: 0.00/0.00/0.00
[22.552s][info][gc,mmu      ] GC(32) MMU: 2ms/97.9%, 5ms/99.1%, 10ms/99.5%, 20ms/99.7%, 50ms/99.9%, 100ms/99.9%
[22.552s][info][gc,marking  ] GC(32) Mark: 2 stripe(s), 2 proactive flush(es), 1 terminate flush(es), 0 completion(s), 0 continuation(s) 
[22.552s][info][gc,marking  ] GC(32) Mark Stack Usage: 32M
[22.552s][info][gc,nmethod  ] GC(32) NMethods: 2900 registered, 0 unregistered
[22.552s][info][gc,metaspace] GC(32) Metaspace: 15M used, 15M committed, 1088M reserved
[22.552s][info][gc,ref      ] GC(32) Soft: 391 encountered, 0 discovered, 0 enqueued
[22.552s][info][gc,ref      ] GC(32) Weak: 747 encountered, 26 discovered, 0 enqueued
[22.552s][info][gc,ref      ] GC(32) Final: 0 encountered, 0 discovered, 0 enqueued
[22.552s][info][gc,ref      ] GC(32) Phantom: 64 encountered, 49 discovered, 0 enqueued
[22.552s][info][gc,reloc    ] GC(32) Small Pages: 433 / 866M, Empty: 206M, Relocated: 192M, In-Place: 0
[22.552s][info][gc,reloc    ] GC(32) Medium Pages: 3 / 96M, Empty: 0M, Relocated: 8M, In-Place: 0
[22.552s][info][gc,reloc    ] GC(32) Large Pages: 17 / 130M, Empty: 82M, Relocated: 0M, In-Place: 0
[22.552s][info][gc,reloc    ] GC(32) Forwarding Usage: 144M
[22.552s][info][gc,heap     ] GC(32) Min Capacity: 2048M(100%)
[22.552s][info][gc,heap     ] GC(32) Max Capacity: 2048M(100%)
[22.552s][info][gc,heap     ] GC(32) Soft Max Capacity: 2048M(100%)
[22.552s][info][gc,heap     ] GC(32)                Mark Start          Mark End        Relocate Start      Relocate End           High               Low         
[22.552s][info][gc,heap     ] GC(32)  Capacity:     2048M (100%)       2048M (100%)       2048M (100%)       2048M (100%)       2048M (100%)       2048M (100%)   
[22.552s][info][gc,heap     ] GC(32)      Free:      956M (47%)         762M (37%)        1050M (51%)        1572M (77%)        1572M (77%)         762M (37%)    
[22.552s][info][gc,heap     ] GC(32)      Used:     1092M (53%)        1286M (63%)         998M (49%)         476M (23%)        1286M (63%)         476M (23%)    
[22.552s][info][gc,heap     ] GC(32)      Live:         -               256M (13%)         256M (13%)         256M (13%)            -                  -          
[22.552s][info][gc,heap     ] GC(32) Allocated:         -               194M (9%)          194M (9%)          194M (9%)             -                  -          
[22.552s][info][gc,heap     ] GC(32)   Garbage:         -               835M (41%)         547M (27%)          25M (1%)             -                  -          
[22.552s][info][gc,heap     ] GC(32) Reclaimed:         -                  -               288M (14%)         810M (40%)            -                  -          
[22.553s][info][gc          ] GC(32) Garbage Collection (Allocation Rate) 1092M(53%)->476M(23%)
[22.553s][info][gc,start    ] GC(33) Garbage Collection (System.gc())
[22.553s][info][gc,task     ] GC(33) Using 2 workers
[22.553s][info][gc,phases   ] GC(33) Pause Mark Start 0.011ms
[22.565s][info][gc,phases   ] GC(33) Concurrent Mark 12.387ms
[22.565s][info][gc,phases   ] GC(33) Pause Mark End 0.028ms
[22.566s][info][gc,phases   ] GC(33) Concurrent Mark Free 0.002ms
[22.569s][info][gc,phases   ] GC(33) Concurrent Process Non-Strong References 3.292ms
[22.569s][info][gc,phases   ] GC(33) Concurrent Reset Relocation Set 0.035ms
[22.579s][info][gc,phases   ] GC(33) Concurrent Select Relocation Set 9.801ms
[22.579s][info][gc,phases   ] GC(33) Pause Relocate Start 0.022ms
[22.581s][info][gc,phases   ] GC(33) Concurrent Relocate 1.447ms
[22.581s][info][gc,load     ] GC(33) Load: 0.00/0.00/0.00
[22.581s][info][gc,mmu      ] GC(33) MMU: 2ms/97.9%, 5ms/99.1%, 10ms/99.5%, 20ms/99.7%, 50ms/99.9%, 100ms/99.9%
[22.581s][info][gc,marking  ] GC(33) Mark: 2 stripe(s), 2 proactive flush(es), 1 terminate flush(es), 0 completion(s), 0 continuation(s) 
[22.581s][info][gc,marking  ] GC(33) Mark Stack Usage: 32M
[22.581s][info][gc,nmethod  ] GC(33) NMethods: 2900 registered, 0 unregistered
[22.581s][info][gc,metaspace] GC(33) Metaspace: 15M used, 15M committed, 1088M reserved
[22.581s][info][gc,ref      ] GC(33) Soft: 391 encountered, 0 discovered, 0 enqueued
[22.581s][info][gc,ref      ] GC(33) Weak: 730 encountered, 311 discovered, 0 enqueued
[22.581s][info][gc,ref      ] GC(33) Final: 0 encountered, 0 discovered, 0 enqueued
[22.581s][info][gc,ref      ] GC(33) Phantom: 64 encountered, 49 discovered, 0 enqueued
[22.581s][info][gc,reloc    ] GC(33) Small Pages: 186 / 372M, Empty: 356M, Relocated: 1M, In-Place: 0
[22.581s][info][gc,reloc    ] GC(33) Medium Pages: 1 / 32M, Empty: 32M, Relocated: 0M, In-Place: 0
[22.581s][info][gc,reloc    ] GC(33) Large Pages: 12 / 72M, Empty: 72M, Relocated: 0M, In-Place: 0
[22.581s][info][gc,reloc    ] GC(33) Forwarding Usage: 0M
[22.581s][info][gc,heap     ] GC(33) Min Capacity: 2048M(100%)
[22.581s][info][gc,heap     ] GC(33) Max Capacity: 2048M(100%)
[22.581s][info][gc,heap     ] GC(33) Soft Max Capacity: 2048M(100%)
[22.581s][info][gc,heap     ] GC(33)                Mark Start          Mark End        Relocate Start      Relocate End           High               Low         
[22.581s][info][gc,heap     ] GC(33)  Capacity:     2048M (100%)       2048M (100%)       2048M (100%)       2048M (100%)       2048M (100%)       2048M (100%)   
[22.581s][info][gc,heap     ] GC(33)      Free:     1572M (77%)        1572M (77%)        2032M (99%)        2038M (100%)       2038M (100%)       1572M (77%)    
[22.581s][info][gc,heap     ] GC(33)      Used:      476M (23%)         476M (23%)          16M (1%)           10M (0%)          476M (23%)          10M (0%)     
[22.581s][info][gc,heap     ] GC(33)      Live:         -                 6M (0%)            6M (0%)            6M (0%)             -                  -          
[22.581s][info][gc,heap     ] GC(33) Allocated:         -                 0M (0%)            0M (0%)            0M (0%)             -                  -          
[22.581s][info][gc,heap     ] GC(33)   Garbage:         -               469M (23%)           9M (0%)            3M (0%)             -                  -          
[22.581s][info][gc,heap     ] GC(33) Reclaimed:         -                  -               460M (22%)         466M (23%)            -                  -          
[22.581s][info][gc          ] GC(33) Garbage Collection (System.gc()) 476M(23%)->10M(0%)
[23.512s][info][gc,start    ] GC(34) Garbage Collection (Allocation Rate)
[23.512s][info][gc,task     ] GC(34) Using 2 workers
[23.512s][info][gc,phases   ] GC(34) Pause Mark Start 0.007ms
[23.770s][info][gc,phases   ] GC(34) Concurrent Mark 242.249ms
[23.770s][info][gc,phases   ] GC(34) Pause Mark End 0.021ms
[23.770s][info][gc,phases   ] GC(34) Concurrent Mark Free 0.002ms
[23.774s][info][gc,phases   ] GC(34) Concurrent Process Non-Strong References 3.731ms
[23.774s][info][gc,phases   ] GC(34) Concurrent Reset Relocation Set 0.001ms
[23.798s][info][gc,phases   ] GC(34) Concurrent Select Relocation Set 24.375ms
[23.798s][info][gc,phases   ] GC(34) Pause Relocate Start 0.011ms
[23.932s][info][gc,phases   ] GC(34) Concurrent Relocate 133.493ms
[23.932s][info][gc,load     ] GC(34) Load: 0.00/0.00/0.00
[23.932s][info][gc,mmu      ] GC(34) MMU: 2ms/97.9%, 5ms/99.1%, 10ms/99.5%, 20ms/99.7%, 50ms/99.9%, 100ms/99.9%
[23.932s][info][gc,marking  ] GC(34) Mark: 2 stripe(s), 3 proactive flush(es), 1 terminate flush(es), 0 completion(s), 0 continuation(s) 
[23.932s][info][gc,marking  ] GC(34) Mark Stack Usage: 32M
[23.932s][info][gc,nmethod  ] GC(34) NMethods: 2909 registered, 0 unregistered
[23.932s][info][gc,metaspace] GC(34) Metaspace: 15M used, 15M committed, 1088M reserved
[23.932s][info][gc,ref      ] GC(34) Soft: 392 encountered, 0 discovered, 0 enqueued
[23.932s][info][gc,ref      ] GC(34) Weak: 748 encountered, 53 discovered, 0 enqueued
[23.932s][info][gc,ref      ] GC(34) Final: 0 encountered, 0 discovered, 0 enqueued
[23.932s][info][gc,ref      ] GC(34) Phantom: 64 encountered, 50 discovered, 0 enqueued
[23.932s][info][gc,reloc    ] GC(34) Small Pages: 480 / 960M, Empty: 302M, Relocated: 192M, In-Place: 0
[23.932s][info][gc,reloc    ] GC(34) Medium Pages: 3 / 96M, Empty: 64M, Relocated: 0M, In-Place: 0
[23.932s][info][gc,reloc    ] GC(34) Large Pages: 21 / 154M, Empty: 82M, Relocated: 0M, In-Place: 0
[23.932s][info][gc,reloc    ] GC(34) Forwarding Usage: 144M
[23.932s][info][gc,heap     ] GC(34) Min Capacity: 2048M(100%)
[23.932s][info][gc,heap     ] GC(34) Max Capacity: 2048M(100%)
[23.932s][info][gc,heap     ] GC(34) Soft Max Capacity: 2048M(100%)
[23.932s][info][gc,heap     ] GC(34)                Mark Start          Mark End        Relocate Start      Relocate End           High               Low         
[23.932s][info][gc,heap     ] GC(34)  Capacity:     2048M (100%)       2048M (100%)       2048M (100%)       2048M (100%)       2048M (100%)       2048M (100%)   
[23.932s][info][gc,heap     ] GC(34)      Free:      838M (41%)         760M (37%)        1208M (59%)        1664M (81%)        1664M (81%)         760M (37%)    
[23.932s][info][gc,heap     ] GC(34)      Used:     1210M (59%)        1288M (63%)         840M (41%)         384M (19%)        1288M (63%)         384M (19%)    
[23.932s][info][gc,heap     ] GC(34)      Live:         -               272M (13%)         272M (13%)         272M (13%)            -                  -          
[23.932s][info][gc,heap     ] GC(34) Allocated:         -                78M (4%)           78M (4%)           78M (4%)             -                  -          
[23.932s][info][gc,heap     ] GC(34)   Garbage:         -               937M (46%)         489M (24%)          33M (2%)             -                  -          
[23.932s][info][gc,heap     ] GC(34) Reclaimed:         -                  -               448M (22%)         904M (44%)            -                  -          
[23.932s][info][gc          ] GC(34) Garbage Collection (Allocation Rate) 1210M(59%)->384M(19%)
[23.932s][info][gc,start    ] GC(35) Garbage Collection (System.gc())
[23.932s][info][gc,task     ] GC(35) Using 2 workers
[23.932s][info][gc,phases   ] GC(35) Pause Mark Start 0.005ms
[23.943s][info][gc,phases   ] GC(35) Concurrent Mark 10.129ms
[23.943s][info][gc,phases   ] GC(35) Pause Mark End 0.024ms
[23.943s][info][gc,phases   ] GC(35) Concurrent Mark Free 0.002ms
[23.946s][info][gc,phases   ] GC(35) Concurrent Process Non-Strong References 2.974ms
[23.946s][info][gc,phases   ] GC(35) Concurrent Reset Relocation Set 0.024ms
[23.956s][info][gc,phases   ] GC(35) Concurrent Select Relocation Set 10.208ms
[23.956s][info][gc,phases   ] GC(35) Pause Relocate Start 0.020ms
[23.958s][info][gc,phases   ] GC(35) Concurrent Relocate 1.356ms
[23.958s][info][gc,load     ] GC(35) Load: 0.00/0.00/0.00
[23.958s][info][gc,mmu      ] GC(35) MMU: 2ms/97.9%, 5ms/99.1%, 10ms/99.5%, 20ms/99.7%, 50ms/99.9%, 100ms/99.9%
[23.958s][info][gc,marking  ] GC(35) Mark: 2 stripe(s), 1 proactive flush(es), 1 terminate flush(es), 0 completion(s), 0 continuation(s) 
[23.958s][info][gc,marking  ] GC(35) Mark Stack Usage: 32M
[23.958s][info][gc,nmethod  ] GC(35) NMethods: 2909 registered, 0 unregistered
[23.958s][info][gc,metaspace] GC(35) Metaspace: 15M used, 15M committed, 1088M reserved
[23.958s][info][gc,ref      ] GC(35) Soft: 392 encountered, 0 discovered, 0 enqueued
[23.958s][info][gc,ref      ] GC(35) Weak: 731 encountered, 321 discovered, 0 enqueued
[23.958s][info][gc,ref      ] GC(35) Final: 0 encountered, 0 discovered, 0 enqueued
[23.958s][info][gc,ref      ] GC(35) Phantom: 64 encountered, 49 discovered, 0 enqueued
[23.958s][info][gc,reloc    ] GC(35) Small Pages: 140 / 280M, Empty: 264M, Relocated: 1M, In-Place: 0
[23.958s][info][gc,reloc    ] GC(35) Medium Pages: 1 / 32M, Empty: 32M, Relocated: 0M, In-Place: 0
[23.958s][info][gc,reloc    ] GC(35) Large Pages: 12 / 72M, Empty: 72M, Relocated: 0M, In-Place: 0
[23.958s][info][gc,reloc    ] GC(35) Forwarding Usage: 0M
[23.958s][info][gc,heap     ] GC(35) Min Capacity: 2048M(100%)
[23.958s][info][gc,heap     ] GC(35) Max Capacity: 2048M(100%)
[23.958s][info][gc,heap     ] GC(35) Soft Max Capacity: 2048M(100%)
[23.958s][info][gc,heap     ] GC(35)                Mark Start          Mark End        Relocate Start      Relocate End           High               Low         
[23.958s][info][gc,heap     ] GC(35)  Capacity:     2048M (100%)       2048M (100%)       2048M (100%)       2048M (100%)       2048M (100%)       2048M (100%)   
[23.958s][info][gc,heap     ] GC(35)      Free:     1664M (81%)        1664M (81%)        2032M (99%)        2038M (100%)       2038M (100%)       1664M (81%)    
[23.958s][info][gc,heap     ] GC(35)      Used:      384M (19%)         384M (19%)          16M (1%)           10M (0%)          384M (19%)          10M (0%)     
[23.958s][info][gc,heap     ] GC(35)      Live:         -                 6M (0%)            6M (0%)            6M (0%)             -                  -          
[23.958s][info][gc,heap     ] GC(35) Allocated:         -                 0M (0%)            0M (0%)            0M (0%)             -                  -          
[23.958s][info][gc,heap     ] GC(35)   Garbage:         -               377M (18%)           9M (0%)            3M (0%)             -                  -          
[23.958s][info][gc,heap     ] GC(35) Reclaimed:         -                  -               368M (18%)         374M (18%)            -                  -          
[23.958s][info][gc          ] GC(35) Garbage Collection (System.gc()) 384M(19%)->10M(0%)
[24.800s][info][gc,start    ] GC(36) Garbage Collection (Allocation Rate)
[24.800s][info][gc,task     ] GC(36) Using 2 workers
[24.801s][info][gc,phases   ] GC(36) Pause Mark Start 0.005ms
[25.055s][info][gc,phases   ] GC(36) Concurrent Mark 254.807ms
[25.056s][info][gc,phases   ] GC(36) Pause Mark End 0.013ms
[25.056s][info][gc,phases   ] GC(36) Concurrent Mark Free 0.001ms
[25.058s][info][gc,phases   ] GC(36) Concurrent Process Non-Strong References 2.620ms
[25.058s][info][gc,phases   ] GC(36) Concurrent Reset Relocation Set 0.001ms
[25.083s][info][gc,phases   ] GC(36) Concurrent Select Relocation Set 24.653ms
[25.083s][info][gc,phases   ] GC(36) Pause Relocate Start 0.013ms
[25.217s][info][gc,phases   ] GC(36) Concurrent Relocate 134.013ms
[25.217s][info][gc,load     ] GC(36) Load: 0.00/0.00/0.00
[25.217s][info][gc,mmu      ] GC(36) MMU: 2ms/97.9%, 5ms/99.1%, 10ms/99.5%, 20ms/99.7%, 50ms/99.9%, 100ms/99.9%
[25.217s][info][gc,marking  ] GC(36) Mark: 2 stripe(s), 1 proactive flush(es), 1 terminate flush(es), 0 completion(s), 0 continuation(s) 
[25.217s][info][gc,marking  ] GC(36) Mark Stack Usage: 32M
[25.217s][info][gc,nmethod  ] GC(36) NMethods: 2911 registered, 0 unregistered
[25.217s][info][gc,metaspace] GC(36) Metaspace: 15M used, 15M committed, 1088M reserved
[25.217s][info][gc,ref      ] GC(36) Soft: 392 encountered, 0 discovered, 0 enqueued
[25.217s][info][gc,ref      ] GC(36) Weak: 748 encountered, 108 discovered, 0 enqueued
[25.217s][info][gc,ref      ] GC(36) Final: 0 encountered, 0 discovered, 0 enqueued
[25.217s][info][gc,ref      ] GC(36) Phantom: 64 encountered, 47 discovered, 0 enqueued
[25.217s][info][gc,reloc    ] GC(36) Small Pages: 440 / 880M, Empty: 226M, Relocated: 192M, In-Place: 0
[25.217s][info][gc,reloc    ] GC(36) Medium Pages: 3 / 96M, Empty: 32M, Relocated: 4M, In-Place: 0
[25.217s][info][gc,reloc    ] GC(36) Large Pages: 20 / 148M, Empty: 82M, Relocated: 0M, In-Place: 0
[25.217s][info][gc,reloc    ] GC(36) Forwarding Usage: 144M
[25.217s][info][gc,heap     ] GC(36) Min Capacity: 2048M(100%)
[25.217s][info][gc,heap     ] GC(36) Max Capacity: 2048M(100%)
[25.217s][info][gc,heap     ] GC(36) Soft Max Capacity: 2048M(100%)
[25.217s][info][gc,heap     ] GC(36)                Mark Start          Mark End        Relocate Start      Relocate End           High               Low         
[25.217s][info][gc,heap     ] GC(36)  Capacity:     2048M (100%)       2048M (100%)       2048M (100%)       2048M (100%)       2048M (100%)       2048M (100%)   
[25.217s][info][gc,heap     ] GC(36)      Free:      924M (45%)         758M (37%)        1098M (54%)        1582M (77%)        1582M (77%)         758M (37%)    
[25.218s][info][gc,heap     ] GC(36)      Used:     1124M (55%)        1290M (63%)         950M (46%)         466M (23%)        1290M (63%)         466M (23%)    
[25.218s][info][gc,heap     ] GC(36)      Live:         -               270M (13%)         270M (13%)         270M (13%)            -                  -          
[25.218s][info][gc,heap     ] GC(36) Allocated:         -               166M (8%)          166M (8%)          166M (8%)             -                  -          
[25.218s][info][gc,heap     ] GC(36)   Garbage:         -               853M (42%)         513M (25%)          29M (1%)             -                  -          
[25.218s][info][gc,heap     ] GC(36) Reclaimed:         -                  -               340M (17%)         824M (40%)            -                  -          
[25.218s][info][gc          ] GC(36) Garbage Collection (Allocation Rate) 1124M(55%)->466M(23%)
[25.218s][info][gc,start    ] GC(37) Garbage Collection (System.gc())
[25.218s][info][gc,task     ] GC(37) Using 2 workers
[25.218s][info][gc,phases   ] GC(37) Pause Mark Start 0.006ms
[25.229s][info][gc,phases   ] GC(37) Concurrent Mark 10.894ms
[25.229s][info][gc,phases   ] GC(37) Pause Mark End 0.019ms
[25.229s][info][gc,phases   ] GC(37) Concurrent Mark Free 0.002ms
[25.232s][info][gc,phases   ] GC(37) Concurrent Process Non-Strong References 3.147ms
[25.232s][info][gc,phases   ] GC(37) Concurrent Reset Relocation Set 0.023ms
[25.242s][info][gc,phases   ] GC(37) Concurrent Select Relocation Set 9.925ms
[25.242s][info][gc,phases   ] GC(37) Pause Relocate Start 0.018ms
[25.243s][info][gc,phases   ] GC(37) Concurrent Relocate 0.891ms
[25.243s][info][gc,load     ] GC(37) Load: 0.00/0.00/0.00
[25.243s][info][gc,mmu      ] GC(37) MMU: 2ms/97.9%, 5ms/99.1%, 10ms/99.5%, 20ms/99.7%, 50ms/99.9%, 100ms/99.9%
[25.243s][info][gc,marking  ] GC(37) Mark: 2 stripe(s), 1 proactive flush(es), 1 terminate flush(es), 0 completion(s), 0 continuation(s) 
[25.243s][info][gc,marking  ] GC(37) Mark Stack Usage: 32M
[25.243s][info][gc,nmethod  ] GC(37) NMethods: 2911 registered, 0 unregistered
[25.243s][info][gc,metaspace] GC(37) Metaspace: 15M used, 15M committed, 1088M reserved
[25.243s][info][gc,ref      ] GC(37) Soft: 392 encountered, 0 discovered, 0 enqueued
[25.243s][info][gc,ref      ] GC(37) Weak: 731 encountered, 309 discovered, 0 enqueued
[25.243s][info][gc,ref      ] GC(37) Final: 0 encountered, 0 discovered, 0 enqueued
[25.243s][info][gc,ref      ] GC(37) Phantom: 64 encountered, 42 discovered, 0 enqueued
[25.243s][info][gc,reloc    ] GC(37) Small Pages: 181 / 362M, Empty: 346M, Relocated: 1M, In-Place: 0
[25.243s][info][gc,reloc    ] GC(37) Medium Pages: 1 / 32M, Empty: 32M, Relocated: 0M, In-Place: 0
[25.243s][info][gc,reloc    ] GC(37) Large Pages: 12 / 72M, Empty: 72M, Relocated: 0M, In-Place: 0
[25.243s][info][gc,reloc    ] GC(37) Forwarding Usage: 0M
[25.243s][info][gc,heap     ] GC(37) Min Capacity: 2048M(100%)
[25.243s][info][gc,heap     ] GC(37) Max Capacity: 2048M(100%)
[25.243s][info][gc,heap     ] GC(37) Soft Max Capacity: 2048M(100%)
[25.243s][info][gc,heap     ] GC(37)                Mark Start          Mark End        Relocate Start      Relocate End           High               Low         
[25.243s][info][gc,heap     ] GC(37)  Capacity:     2048M (100%)       2048M (100%)       2048M (100%)       2048M (100%)       2048M (100%)       2048M (100%)   
[25.243s][info][gc,heap     ] GC(37)      Free:     1582M (77%)        1582M (77%)        2032M (99%)        2038M (100%)       2038M (100%)       1582M (77%)    
[25.243s][info][gc,heap     ] GC(37)      Used:      466M (23%)         466M (23%)          16M (1%)           10M (0%)          466M (23%)          10M (0%)     
[25.243s][info][gc,heap     ] GC(37)      Live:         -                 6M (0%)            6M (0%)            6M (0%)             -                  -          
[25.243s][info][gc,heap     ] GC(37) Allocated:         -                 0M (0%)            0M (0%)            0M (0%)             -                  -          
[25.243s][info][gc,heap     ] GC(37)   Garbage:         -               459M (22%)           9M (0%)            3M (0%)             -                  -          
[25.243s][info][gc,heap     ] GC(37) Reclaimed:         -                  -               450M (22%)         456M (22%)            -                  -          
[25.243s][info][gc          ] GC(37) Garbage Collection (System.gc()) 466M(23%)->10M(0%)
[26.113s][info][gc,start    ] GC(38) Garbage Collection (Allocation Rate)
[26.113s][info][gc,task     ] GC(38) Using 2 workers
[26.113s][info][gc,phases   ] GC(38) Pause Mark Start 0.006ms
[26.393s][info][gc,phases   ] GC(38) Concurrent Mark 248.442ms
[26.393s][info][gc,phases   ] GC(38) Pause Mark End 0.015ms
[26.393s][info][gc,phases   ] GC(38) Concurrent Mark Free 0.002ms
[26.396s][info][gc,phases   ] GC(38) Concurrent Process Non-Strong References 3.017ms
[26.396s][info][gc,phases   ] GC(38) Concurrent Reset Relocation Set 0.001ms
[26.421s][info][gc,phases   ] GC(38) Concurrent Select Relocation Set 25.198ms
[26.421s][info][gc,phases   ] GC(38) Pause Relocate Start 0.023ms
[26.573s][info][gc,phases   ] GC(38) Concurrent Relocate 151.919ms
[26.573s][info][gc,load     ] GC(38) Load: 0.00/0.00/0.00
[26.573s][info][gc,mmu      ] GC(38) MMU: 2ms/97.9%, 5ms/99.1%, 10ms/99.5%, 20ms/99.7%, 50ms/99.9%, 100ms/99.9%
[26.573s][info][gc,marking  ] GC(38) Mark: 2 stripe(s), 2 proactive flush(es), 1 terminate flush(es), 0 completion(s), 0 continuation(s) 
[26.573s][info][gc,marking  ] GC(38) Mark Stack Usage: 32M
[26.573s][info][gc,nmethod  ] GC(38) NMethods: 2920 registered, 0 unregistered
[26.573s][info][gc,metaspace] GC(38) Metaspace: 15M used, 15M committed, 1088M reserved
[26.573s][info][gc,ref      ] GC(38) Soft: 392 encountered, 0 discovered, 0 enqueued
[26.573s][info][gc,ref      ] GC(38) Weak: 745 encountered, 462 discovered, 0 enqueued
[26.573s][info][gc,ref      ] GC(38) Final: 0 encountered, 0 discovered, 0 enqueued
[26.573s][info][gc,ref      ] GC(38) Phantom: 64 encountered, 50 discovered, 0 enqueued
[26.573s][info][gc,reloc    ] GC(38) Small Pages: 453 / 906M, Empty: 264M, Relocated: 192M, In-Place: 0
[26.573s][info][gc,reloc    ] GC(38) Medium Pages: 3 / 96M, Empty: 64M, Relocated: 0M, In-Place: 0
[26.573s][info][gc,reloc    ] GC(38) Large Pages: 21 / 154M, Empty: 82M, Relocated: 0M, In-Place: 0
[26.573s][info][gc,reloc    ] GC(38) Forwarding Usage: 145M
[26.573s][info][gc,heap     ] GC(38) Min Capacity: 2048M(100%)
[26.573s][info][gc,heap     ] GC(38) Max Capacity: 2048M(100%)
[26.573s][info][gc,heap     ] GC(38) Soft Max Capacity: 2048M(100%)
[26.573s][info][gc,heap     ] GC(38)                Mark Start          Mark End        Relocate Start      Relocate End           High               Low         
[26.573s][info][gc,heap     ] GC(38)  Capacity:     2048M (100%)       2048M (100%)       2048M (100%)       2048M (100%)       2048M (100%)       2048M (100%)   
[26.573s][info][gc,heap     ] GC(38)      Free:      892M (44%)         760M (37%)        1170M (57%)        1610M (79%)        1610M (79%)         760M (37%)    
[26.573s][info][gc,heap     ] GC(38)      Used:     1156M (56%)        1288M (63%)         878M (43%)         438M (21%)        1288M (63%)         438M (21%)    
[26.573s][info][gc,heap     ] GC(38)      Live:         -               272M (13%)         272M (13%)         272M (13%)            -                  -          
[26.573s][info][gc,heap     ] GC(38) Allocated:         -               132M (6%)          132M (6%)          132M (6%)             -                  -          
[26.573s][info][gc,heap     ] GC(38)   Garbage:         -               883M (43%)         473M (23%)          33M (2%)             -                  -          
[26.573s][info][gc,heap     ] GC(38) Reclaimed:         -                  -               410M (20%)         850M (42%)            -                  -          
[26.573s][info][gc          ] GC(38) Garbage Collection (Allocation Rate) 1156M(56%)->438M(21%)
[26.574s][info][gc,start    ] GC(39) Garbage Collection (System.gc())
[26.574s][info][gc,task     ] GC(39) Using 2 workers
[26.574s][info][gc,phases   ] GC(39) Pause Mark Start 0.007ms
[26.581s][info][gc,phases   ] GC(39) Concurrent Mark 6.841ms
[26.581s][info][gc,phases   ] GC(39) Pause Mark End 0.023ms
[26.581s][info][gc,phases   ] GC(39) Concurrent Mark Free 0.002ms
[26.584s][info][gc,phases   ] GC(39) Concurrent Process Non-Strong References 2.839ms
[26.584s][info][gc,phases   ] GC(39) Concurrent Reset Relocation Set 0.027ms
[26.594s][info][gc,phases   ] GC(39) Concurrent Select Relocation Set 9.793ms
[26.594s][info][gc,phases   ] GC(39) Pause Relocate Start 0.020ms
[26.595s][info][gc,phases   ] GC(39) Concurrent Relocate 1.106ms
[26.595s][info][gc,load     ] GC(39) Load: 0.00/0.00/0.00
[26.595s][info][gc,mmu      ] GC(39) MMU: 2ms/97.9%, 5ms/99.1%, 10ms/99.5%, 20ms/99.7%, 50ms/99.9%, 100ms/99.9%
[26.595s][info][gc,marking  ] GC(39) Mark: 2 stripe(s), 1 proactive flush(es), 1 terminate flush(es), 0 completion(s), 0 continuation(s) 
[26.595s][info][gc,marking  ] GC(39) Mark Stack Usage: 32M
[26.595s][info][gc,nmethod  ] GC(39) NMethods: 2920 registered, 0 unregistered
[26.595s][info][gc,metaspace] GC(39) Metaspace: 15M used, 15M committed, 1088M reserved
[26.595s][info][gc,ref      ] GC(39) Soft: 392 encountered, 0 discovered, 0 enqueued
[26.595s][info][gc,ref      ] GC(39) Weak: 731 encountered, 125 discovered, 0 enqueued
[26.595s][info][gc,ref      ] GC(39) Final: 0 encountered, 0 discovered, 0 enqueued
[26.595s][info][gc,ref      ] GC(39) Phantom: 64 encountered, 49 discovered, 0 enqueued
[26.595s][info][gc,reloc    ] GC(39) Small Pages: 167 / 334M, Empty: 316M, Relocated: 1M, In-Place: 0
[26.595s][info][gc,reloc    ] GC(39) Medium Pages: 1 / 32M, Empty: 32M, Relocated: 0M, In-Place: 0
[26.595s][info][gc,reloc    ] GC(39) Large Pages: 12 / 72M, Empty: 72M, Relocated: 0M, In-Place: 0
[26.595s][info][gc,reloc    ] GC(39) Forwarding Usage: 0M
[26.595s][info][gc,heap     ] GC(39) Min Capacity: 2048M(100%)
[26.595s][info][gc,heap     ] GC(39) Max Capacity: 2048M(100%)
[26.595s][info][gc,heap     ] GC(39) Soft Max Capacity: 2048M(100%)
[26.595s][info][gc,heap     ] GC(39)                Mark Start          Mark End        Relocate Start      Relocate End           High               Low         
[26.595s][info][gc,heap     ] GC(39)  Capacity:     2048M (100%)       2048M (100%)       2048M (100%)       2048M (100%)       2048M (100%)       2048M (100%)   
[26.595s][info][gc,heap     ] GC(39)      Free:     1610M (79%)        1610M (79%)        2030M (99%)        2038M (100%)       2038M (100%)       1610M (79%)    
[26.595s][info][gc,heap     ] GC(39)      Used:      438M (21%)         438M (21%)          18M (1%)           10M (0%)          438M (21%)          10M (0%)     
[26.595s][info][gc,heap     ] GC(39)      Live:         -                 6M (0%)            6M (0%)            6M (0%)             -                  -          
[26.595s][info][gc,heap     ] GC(39) Allocated:         -                 0M (0%)            0M (0%)            0M (0%)             -                  -          
[26.595s][info][gc,heap     ] GC(39)   Garbage:         -               431M (21%)          11M (1%)            3M (0%)             -                  -          
[26.595s][info][gc,heap     ] GC(39) Reclaimed:         -                  -               420M (21%)         428M (21%)            -                  -          
[26.595s][info][gc          ] GC(39) Garbage Collection (System.gc()) 438M(21%)->10M(0%)
[27.507s][info][gc,start    ] GC(40) Garbage Collection (Allocation Rate)
[27.507s][info][gc,task     ] GC(40) Using 2 workers
[27.507s][info][gc,phases   ] GC(40) Pause Mark Start 0.005ms
[27.789s][info][gc,phases   ] GC(40) Concurrent Mark 250.506ms
[27.789s][info][gc,phases   ] GC(40) Pause Mark End 0.022ms
[27.789s][info][gc,phases   ] GC(40) Concurrent Mark Free 0.002ms
[27.793s][info][gc,phases   ] GC(40) Concurrent Process Non-Strong References 3.554ms
[27.793s][info][gc,phases   ] GC(40) Concurrent Reset Relocation Set 0.001ms
[27.814s][info][gc,phases   ] GC(40) Concurrent Select Relocation Set 21.250ms
[27.815s][info][gc,phases   ] GC(40) Pause Relocate Start 0.010ms
[27.941s][info][gc,phases   ] GC(40) Concurrent Relocate 125.972ms
[27.941s][info][gc,load     ] GC(40) Load: 0.00/0.00/0.00
[27.941s][info][gc,mmu      ] GC(40) MMU: 2ms/97.9%, 5ms/99.1%, 10ms/99.5%, 20ms/99.7%, 50ms/99.9%, 100ms/99.9%
[27.941s][info][gc,marking  ] GC(40) Mark: 2 stripe(s), 2 proactive flush(es), 1 terminate flush(es), 0 completion(s), 0 continuation(s) 
[27.941s][info][gc,marking  ] GC(40) Mark Stack Usage: 32M
[27.941s][info][gc,nmethod  ] GC(40) NMethods: 2947 registered, 0 unregistered
[27.941s][info][gc,metaspace] GC(40) Metaspace: 15M used, 15M committed, 1088M reserved
[27.941s][info][gc,ref      ] GC(40) Soft: 392 encountered, 0 discovered, 0 enqueued
[27.941s][info][gc,ref      ] GC(40) Weak: 746 encountered, 467 discovered, 0 enqueued
[27.941s][info][gc,ref      ] GC(40) Final: 0 encountered, 0 discovered, 0 enqueued
[27.941s][info][gc,ref      ] GC(40) Phantom: 64 encountered, 47 discovered, 0 enqueued
[27.941s][info][gc,reloc    ] GC(40) Small Pages: 474 / 948M, Empty: 272M, Relocated: 192M, In-Place: 0
[27.941s][info][gc,reloc    ] GC(40) Medium Pages: 3 / 96M, Empty: 64M, Relocated: 0M, In-Place: 0
[27.941s][info][gc,reloc    ] GC(40) Large Pages: 21 / 154M, Empty: 82M, Relocated: 0M, In-Place: 0
[27.941s][info][gc,reloc    ] GC(40) Forwarding Usage: 117M
[27.941s][info][gc,heap     ] GC(40) Min Capacity: 2048M(100%)
[27.941s][info][gc,heap     ] GC(40) Max Capacity: 2048M(100%)
[27.941s][info][gc,heap     ] GC(40) Soft Max Capacity: 2048M(100%)
[27.941s][info][gc,heap     ] GC(40)                Mark Start          Mark End        Relocate Start      Relocate End           High               Low         
[27.941s][info][gc,heap     ] GC(40)  Capacity:     2048M (100%)       2048M (100%)       2048M (100%)       2048M (100%)       2048M (100%)       2048M (100%)   
[27.941s][info][gc,heap     ] GC(40)      Free:      850M (42%)         730M (36%)        1148M (56%)        1620M (79%)        1620M (79%)         730M (36%)    
[27.941s][info][gc,heap     ] GC(40)      Used:     1198M (58%)        1318M (64%)         900M (44%)         428M (21%)        1318M (64%)         428M (21%)    
[27.941s][info][gc,heap     ] GC(40)      Live:         -               272M (13%)         272M (13%)         272M (13%)            -                  -          
[27.941s][info][gc,heap     ] GC(40) Allocated:         -               120M (6%)          120M (6%)          120M (6%)             -                  -          
[27.941s][info][gc,heap     ] GC(40)   Garbage:         -               925M (45%)         507M (25%)          35M (2%)             -                  -          
[27.941s][info][gc,heap     ] GC(40) Reclaimed:         -                  -               418M (20%)         890M (43%)            -                  -          
[27.941s][info][gc          ] GC(40) Garbage Collection (Allocation Rate) 1198M(58%)->428M(21%)
[27.941s][info][gc,start    ] GC(41) Garbage Collection (System.gc())
[27.941s][info][gc,task     ] GC(41) Using 2 workers
[27.941s][info][gc,phases   ] GC(41) Pause Mark Start 0.008ms
[27.961s][info][gc,phases   ] GC(41) Concurrent Mark 19.923ms
[27.961s][info][gc,phases   ] GC(41) Pause Mark End 0.022ms
[27.962s][info][gc,phases   ] GC(41) Concurrent Mark Free 0.002ms
[27.966s][info][gc,phases   ] GC(41) Concurrent Process Non-Strong References 4.237ms
[27.966s][info][gc,phases   ] GC(41) Concurrent Reset Relocation Set 0.029ms
[27.975s][info][gc,phases   ] GC(41) Concurrent Select Relocation Set 8.578ms
[27.975s][info][gc,phases   ] GC(41) Pause Relocate Start 0.021ms
[27.977s][info][gc,phases   ] GC(41) Concurrent Relocate 1.651ms
[27.977s][info][gc,load     ] GC(41) Load: 0.00/0.00/0.00
[27.977s][info][gc,mmu      ] GC(41) MMU: 2ms/97.9%, 5ms/99.1%, 10ms/99.5%, 20ms/99.7%, 50ms/99.9%, 100ms/99.9%
[27.977s][info][gc,marking  ] GC(41) Mark: 2 stripe(s), 1 proactive flush(es), 1 terminate flush(es), 0 completion(s), 0 continuation(s) 
[27.977s][info][gc,marking  ] GC(41) Mark Stack Usage: 32M
[27.977s][info][gc,nmethod  ] GC(41) NMethods: 2947 registered, 0 unregistered
[27.977s][info][gc,metaspace] GC(41) Metaspace: 15M used, 15M committed, 1088M reserved
[27.977s][info][gc,ref      ] GC(41) Soft: 392 encountered, 0 discovered, 0 enqueued
[27.977s][info][gc,ref      ] GC(41) Weak: 731 encountered, 188 discovered, 0 enqueued
[27.977s][info][gc,ref      ] GC(41) Final: 0 encountered, 0 discovered, 0 enqueued
[27.977s][info][gc,ref      ] GC(41) Phantom: 64 encountered, 49 discovered, 0 enqueued
[27.977s][info][gc,reloc    ] GC(41) Small Pages: 162 / 324M, Empty: 308M, Relocated: 1M, In-Place: 0
[27.977s][info][gc,reloc    ] GC(41) Medium Pages: 1 / 32M, Empty: 32M, Relocated: 0M, In-Place: 0
[27.977s][info][gc,reloc    ] GC(41) Large Pages: 12 / 72M, Empty: 72M, Relocated: 0M, In-Place: 0
[27.977s][info][gc,reloc    ] GC(41) Forwarding Usage: 0M
[27.977s][info][gc,heap     ] GC(41) Min Capacity: 2048M(100%)
[27.977s][info][gc,heap     ] GC(41) Max Capacity: 2048M(100%)
[27.977s][info][gc,heap     ] GC(41) Soft Max Capacity: 2048M(100%)
[27.977s][info][gc,heap     ] GC(41)                Mark Start          Mark End        Relocate Start      Relocate End           High               Low         
[27.977s][info][gc,heap     ] GC(41)  Capacity:     2048M (100%)       2048M (100%)       2048M (100%)       2048M (100%)       2048M (100%)       2048M (100%)   
[27.977s][info][gc,heap     ] GC(41)      Free:     1620M (79%)        1620M (79%)        2032M (99%)        2038M (100%)       2038M (100%)       1620M (79%)    
[27.977s][info][gc,heap     ] GC(41)      Used:      428M (21%)         428M (21%)          16M (1%)           10M (0%)          428M (21%)          10M (0%)     
[27.977s][info][gc,heap     ] GC(41)      Live:         -                 6M (0%)            6M (0%)            6M (0%)             -                  -          
[27.977s][info][gc,heap     ] GC(41) Allocated:         -                 0M (0%)            0M (0%)            0M (0%)             -                  -          
[27.977s][info][gc,heap     ] GC(41)   Garbage:         -               421M (21%)           9M (0%)            3M (0%)             -                  -          
[27.977s][info][gc,heap     ] GC(41) Reclaimed:         -                  -               412M (20%)         418M (20%)            -                  -          
[27.977s][info][gc          ] GC(41) Garbage Collection (System.gc()) 428M(21%)->10M(0%)
[28.911s][info][gc,start    ] GC(42) Garbage Collection (Allocation Rate)
[28.911s][info][gc,task     ] GC(42) Using 2 workers
[28.911s][info][gc,phases   ] GC(42) Pause Mark Start 0.010ms
[29.168s][info][gc,phases   ] GC(42) Concurrent Mark 241.074ms
[29.168s][info][gc,phases   ] GC(42) Pause Mark End 0.022ms
[29.168s][info][gc,phases   ] GC(42) Concurrent Mark Free 0.002ms
[29.171s][info][gc,phases   ] GC(42) Concurrent Process Non-Strong References 2.975ms
[29.171s][info][gc,phases   ] GC(42) Concurrent Reset Relocation Set 0.001ms
[29.193s][info][gc,phases   ] GC(42) Concurrent Select Relocation Set 21.686ms
[29.193s][info][gc,phases   ] GC(42) Pause Relocate Start 0.010ms
[29.323s][info][gc,phases   ] GC(42) Concurrent Relocate 129.143ms
[29.323s][info][gc,load     ] GC(42) Load: 0.00/0.00/0.00
[29.323s][info][gc,mmu      ] GC(42) MMU: 2ms/97.9%, 5ms/99.1%, 10ms/99.5%, 20ms/99.7%, 50ms/99.9%, 100ms/99.9%
[29.323s][info][gc,marking  ] GC(42) Mark: 2 stripe(s), 2 proactive flush(es), 1 terminate flush(es), 0 completion(s), 0 continuation(s) 
[29.323s][info][gc,marking  ] GC(42) Mark Stack Usage: 32M
[29.323s][info][gc,nmethod  ] GC(42) NMethods: 2956 registered, 0 unregistered
[29.323s][info][gc,metaspace] GC(42) Metaspace: 15M used, 15M committed, 1088M reserved
[29.323s][info][gc,ref      ] GC(42) Soft: 392 encountered, 0 discovered, 0 enqueued
[29.323s][info][gc,ref      ] GC(42) Weak: 748 encountered, 368 discovered, 0 enqueued
[29.323s][info][gc,ref      ] GC(42) Final: 0 encountered, 0 discovered, 0 enqueued
[29.323s][info][gc,ref      ] GC(42) Phantom: 64 encountered, 50 discovered, 0 enqueued
[29.323s][info][gc,reloc    ] GC(42) Small Pages: 501 / 1002M, Empty: 314M, Relocated: 192M, In-Place: 0
[29.323s][info][gc,reloc    ] GC(42) Medium Pages: 3 / 96M, Empty: 64M, Relocated: 0M, In-Place: 0
[29.323s][info][gc,reloc    ] GC(42) Large Pages: 21 / 154M, Empty: 82M, Relocated: 0M, In-Place: 0
[29.323s][info][gc,reloc    ] GC(42) Forwarding Usage: 119M
[29.323s][info][gc,heap     ] GC(42) Min Capacity: 2048M(100%)
[29.323s][info][gc,heap     ] GC(42) Max Capacity: 2048M(100%)
[29.323s][info][gc,heap     ] GC(42) Soft Max Capacity: 2048M(100%)
[29.323s][info][gc,heap     ] GC(42)                Mark Start          Mark End        Relocate Start      Relocate End           High               Low         
[29.323s][info][gc,heap     ] GC(42)  Capacity:     2048M (100%)       2048M (100%)       2048M (100%)       2048M (100%)       2048M (100%)       2048M (100%)   
[29.323s][info][gc,heap     ] GC(42)      Free:      796M (39%)         730M (36%)        1190M (58%)        1676M (82%)        1676M (82%)         730M (36%)    
[29.323s][info][gc,heap     ] GC(42)      Used:     1252M (61%)        1318M (64%)         858M (42%)         372M (18%)        1318M (64%)         372M (18%)    
[29.323s][info][gc,heap     ] GC(42)      Live:         -               272M (13%)         272M (13%)         272M (13%)            -                  -          
[29.323s][info][gc,heap     ] GC(42) Allocated:         -                66M (3%)           66M (3%)           66M (3%)             -                  -          
[29.323s][info][gc,heap     ] GC(42)   Garbage:         -               979M (48%)         519M (25%)          33M (2%)             -                  -          
[29.323s][info][gc,heap     ] GC(42) Reclaimed:         -                  -               460M (22%)         946M (46%)            -                  -          
[29.323s][info][gc          ] GC(42) Garbage Collection (Allocation Rate) 1252M(61%)->372M(18%)
[29.323s][info][gc,start    ] GC(43) Garbage Collection (System.gc())
[29.323s][info][gc,task     ] GC(43) Using 2 workers
[29.323s][info][gc,phases   ] GC(43) Pause Mark Start 0.008ms
[29.341s][info][gc,phases   ] GC(43) Concurrent Mark 17.789ms
[29.341s][info][gc,phases   ] GC(43) Pause Mark End 0.022ms
[29.341s][info][gc,phases   ] GC(43) Concurrent Mark Free 0.002ms
[29.345s][info][gc,phases   ] GC(43) Concurrent Process Non-Strong References 3.130ms
[29.345s][info][gc,phases   ] GC(43) Concurrent Reset Relocation Set 0.025ms
[29.354s][info][gc,phases   ] GC(43) Concurrent Select Relocation Set 8.963ms
[29.354s][info][gc,phases   ] GC(43) Pause Relocate Start 0.018ms
[29.355s][info][gc,phases   ] GC(43) Concurrent Relocate 1.518ms
[29.355s][info][gc,load     ] GC(43) Load: 0.00/0.00/0.00
[29.355s][info][gc,mmu      ] GC(43) MMU: 2ms/97.9%, 5ms/99.1%, 10ms/99.5%, 20ms/99.7%, 50ms/99.9%, 100ms/99.9%
[29.355s][info][gc,marking  ] GC(43) Mark: 2 stripe(s), 1 proactive flush(es), 1 terminate flush(es), 0 completion(s), 0 continuation(s) 
[29.355s][info][gc,marking  ] GC(43) Mark Stack Usage: 32M
[29.355s][info][gc,nmethod  ] GC(43) NMethods: 2956 registered, 0 unregistered
[29.355s][info][gc,metaspace] GC(43) Metaspace: 15M used, 15M committed, 1088M reserved
[29.355s][info][gc,ref      ] GC(43) Soft: 392 encountered, 0 discovered, 0 enqueued
[29.355s][info][gc,ref      ] GC(43) Weak: 731 encountered, 335 discovered, 0 enqueued
[29.356s][info][gc,ref      ] GC(43) Final: 0 encountered, 0 discovered, 0 enqueued
[29.356s][info][gc,ref      ] GC(43) Phantom: 64 encountered, 49 discovered, 0 enqueued
[29.356s][info][gc,reloc    ] GC(43) Small Pages: 134 / 268M, Empty: 252M, Relocated: 1M, In-Place: 0
[29.356s][info][gc,reloc    ] GC(43) Medium Pages: 1 / 32M, Empty: 32M, Relocated: 0M, In-Place: 0
[29.356s][info][gc,reloc    ] GC(43) Large Pages: 12 / 72M, Empty: 72M, Relocated: 0M, In-Place: 0
[29.356s][info][gc,reloc    ] GC(43) Forwarding Usage: 0M
[29.356s][info][gc,heap     ] GC(43) Min Capacity: 2048M(100%)
[29.356s][info][gc,heap     ] GC(43) Max Capacity: 2048M(100%)
[29.356s][info][gc,heap     ] GC(43) Soft Max Capacity: 2048M(100%)
[29.356s][info][gc,heap     ] GC(43)                Mark Start          Mark End        Relocate Start      Relocate End           High               Low         
[29.356s][info][gc,heap     ] GC(43)  Capacity:     2048M (100%)       2048M (100%)       2048M (100%)       2048M (100%)       2048M (100%)       2048M (100%)   
[29.356s][info][gc,heap     ] GC(43)      Free:     1676M (82%)        1676M (82%)        2032M (99%)        2038M (100%)       2038M (100%)       1676M (82%)    
[29.356s][info][gc,heap     ] GC(43)      Used:      372M (18%)         372M (18%)          16M (1%)           10M (0%)          372M (18%)          10M (0%)     
[29.356s][info][gc,heap     ] GC(43)      Live:         -                 6M (0%)            6M (0%)            6M (0%)             -                  -          
[29.356s][info][gc,heap     ] GC(43) Allocated:         -                 0M (0%)            0M (0%)            0M (0%)             -                  -          
[29.356s][info][gc,heap     ] GC(43)   Garbage:         -               365M (18%)           9M (0%)            3M (0%)             -                  -          
[29.356s][info][gc,heap     ] GC(43) Reclaimed:         -                  -               356M (17%)         362M (18%)            -                  -          
[29.356s][info][gc          ] GC(43) Garbage Collection (System.gc()) 372M(18%)->10M(0%)
[30.105s][info][gc,stats    ] === Garbage Collection Statistics =======================================================================================================================
[30.106s][info][gc,stats    ]                                                              Last 10s              Last 10m              Last 10h                Total
[30.106s][info][gc,stats    ]                                                              Avg / Max             Avg / Max             Avg / Max             Avg / Max
[30.106s][info][gc,stats    ]   Collector: Garbage Collection Cycle                    230.589 / 460.474     226.741 / 463.951     226.741 / 463.951     226.741 / 463.951     ms
[30.106s][info][gc,stats    ]  Contention: Mark Segment Reset Contention                     0 / 1                 0 / 2                 0 / 2                 0 / 2           ops/s
[30.106s][info][gc,stats    ]  Contention: Mark SeqNum Reset Contention                      0 / 1                 0 / 1                 0 / 1                 0 / 1           ops/s
[30.106s][info][gc,stats    ]    Critical: Allocation Stall                                  0 / 0                 0 / 0                 0 / 0                 0 / 0           ops/s
[30.106s][info][gc,stats    ]    Critical: Allocation Stall                              0.000 / 0.000         0.000 / 0.000         0.000 / 0.000         0.000 / 0.000       ms
[30.106s][info][gc,stats    ]    Critical: GC Locker Stall                                   0 / 0                 0 / 0                 0 / 0                 0 / 0           ops/s
[30.106s][info][gc,stats    ]    Critical: GC Locker Stall                               0.000 / 0.000         0.000 / 0.000         0.000 / 0.000         0.000 / 0.000       ms
[30.106s][info][gc,stats    ]    Critical: Relocation Stall                                  0 / 0                 0 / 0                 0 / 0                 0 / 0           ops/s
[30.106s][info][gc,stats    ]    Critical: Relocation Stall                              0.000 / 0.000         0.000 / 0.000         0.000 / 0.000         0.000 / 0.000       ms
[30.106s][info][gc,stats    ]      Memory: Allocation Rate                                 977 / 1146            895 / 1146            895 / 1146            895 / 1146        MB/s
[30.106s][info][gc,stats    ]      Memory: Out Of Memory                                     0 / 0                 0 / 0                 0 / 0                 0 / 0           ops/s
[30.106s][info][gc,stats    ]      Memory: Page Cache Flush                                  0 / 0                 0 / 0                 0 / 0                 0 / 0           MB/s
[30.106s][info][gc,stats    ]      Memory: Page Cache Hit L1                               480 / 557             423 / 557             423 / 557             423 / 557         ops/s
[30.106s][info][gc,stats    ]      Memory: Page Cache Hit L2                                 0 / 0                 0 / 0                 0 / 0                 0 / 0           ops/s
[30.106s][info][gc,stats    ]      Memory: Page Cache Hit L3                                 1 / 14               18 / 195              18 / 195              18 / 195         ops/s
[30.106s][info][gc,stats    ]      Memory: Page Cache Miss                                   0 / 0                 0 / 1                 0 / 1                 0 / 1           ops/s
[30.106s][info][gc,stats    ]      Memory: Uncommit                                          0 / 0                 0 / 0                 0 / 0                 0 / 0           MB/s
[30.106s][info][gc,stats    ]      Memory: Undo Object Allocation Failed                     0 / 0                 0 / 0                 0 / 0                 0 / 0           ops/s
[30.106s][info][gc,stats    ]      Memory: Undo Object Allocation Succeeded                  0 / 0               976 / 29292           976 / 29292           976 / 29292       ops/s
[30.106s][info][gc,stats    ]      Memory: Undo Page Allocation                              0 / 1                 0 / 3                 0 / 3                 0 / 3           ops/s
[30.106s][info][gc,stats    ]       Phase: Concurrent Mark                             132.109 / 261.949     136.297 / 352.487     136.297 / 352.487     136.297 / 352.487     ms
[30.106s][info][gc,stats    ]       Phase: Concurrent Mark Continue                      0.000 / 0.000         0.000 / 0.000         0.000 / 0.000         0.000 / 0.000       ms
[30.106s][info][gc,stats    ]       Phase: Concurrent Mark Free                          0.002 / 0.002         0.002 / 0.004         0.002 / 0.004         0.002 / 0.004       ms
[30.106s][info][gc,stats    ]       Phase: Concurrent Process Non-Strong References      3.082 / 4.237         2.897 / 5.149         2.897 / 5.149         2.897 / 5.149       ms
[30.106s][info][gc,stats    ]       Phase: Concurrent Relocate                          67.770 / 151.919      62.952 / 151.919      62.952 / 151.919      62.952 / 151.919     ms
[30.106s][info][gc,stats    ]       Phase: Concurrent Reset Relocation Set               0.014 / 0.035         0.013 / 0.035         0.013 / 0.035         0.013 / 0.035       ms
[30.106s][info][gc,stats    ]       Phase: Concurrent Select Relocation Set             16.687 / 25.198       16.003 / 26.863       16.003 / 26.863       16.003 / 26.863      ms
[30.106s][info][gc,stats    ]       Phase: Pause Mark End                                0.021 / 0.028         0.020 / 0.043         0.020 / 0.043         0.020 / 0.043       ms
[30.106s][info][gc,stats    ]       Phase: Pause Mark Start                              0.008 / 0.019         0.008 / 0.019         0.008 / 0.019         0.008 / 0.019       ms
[30.106s][info][gc,stats    ]       Phase: Pause Relocate Start                          0.016 / 0.023         0.016 / 0.026         0.016 / 0.026         0.016 / 0.026       ms
[30.106s][info][gc,stats    ]    Subphase: Concurrent Classes Purge                      0.110 / 0.146         0.102 / 0.252         0.102 / 0.252         0.102 / 0.252       ms
[30.106s][info][gc,stats    ]    Subphase: Concurrent Classes Unlink                     2.412 / 3.455         2.215 / 4.168         2.215 / 4.168         2.215 / 4.168       ms
[30.106s][info][gc,stats    ]    Subphase: Concurrent Mark                             127.151 / 261.363     132.086 / 351.776     132.086 / 351.776     132.086 / 351.776     ms
[30.106s][info][gc,stats    ]    Subphase: Concurrent Mark Try Flush                     0.073 / 0.327         0.391 / 15.584        0.391 / 15.584        0.391 / 15.584      ms
[30.106s][info][gc,stats    ]    Subphase: Concurrent Mark Try Terminate                 3.711 / 15.931        3.364 / 16.032        3.364 / 16.032        3.364 / 16.032      ms
[30.106s][info][gc,stats    ]    Subphase: Concurrent References Enqueue                 0.000 / 0.000         0.001 / 0.005         0.001 / 0.005         0.001 / 0.005       ms
[30.106s][info][gc,stats    ]    Subphase: Concurrent References Process                 0.111 / 0.201         0.118 / 0.238         0.118 / 0.238         0.118 / 0.238       ms
[30.106s][info][gc,stats    ]    Subphase: Concurrent Roots ClassLoaderDataGraph         0.084 / 0.241         0.084 / 0.265         0.084 / 0.265         0.084 / 0.265       ms
[30.106s][info][gc,stats    ]    Subphase: Concurrent Roots CodeCache                    0.000 / 0.000         0.000 / 0.000         0.000 / 0.000         0.000 / 0.000       ms
[30.106s][info][gc,stats    ]    Subphase: Concurrent Roots JavaThreads                  0.235 / 0.443         0.256 / 0.558         0.256 / 0.558         0.256 / 0.558       ms
[30.106s][info][gc,stats    ]    Subphase: Concurrent Roots OopStorageSet                0.017 / 0.039         0.018 / 0.049         0.018 / 0.049         0.018 / 0.049       ms
[30.106s][info][gc,stats    ]    Subphase: Concurrent Weak Roots OopStorageSet           0.297 / 0.463         0.292 / 0.463         0.292 / 0.463         0.292 / 0.463       ms
[30.106s][info][gc,stats    ]    Subphase: Pause Mark Try Complete                       0.000 / 0.000         0.000 / 0.000         0.000 / 0.000         0.000 / 0.000       ms
[30.106s][info][gc,stats    ]      System: Java Threads                                     13 / 18               13 / 19               13 / 19               13 / 19          threads
[30.106s][info][gc,stats    ] =========================================================================================================================================================
[30.215s][info][gc,start    ] GC(44) Garbage Collection (Allocation Rate)
[30.215s][info][gc,task     ] GC(44) Using 2 workers
[30.215s][info][gc,phases   ] GC(44) Pause Mark Start 0.009ms
[30.484s][info][gc,phases   ] GC(44) Concurrent Mark 253.639ms
[30.485s][info][gc,phases   ] GC(44) Pause Mark End 0.015ms
[30.485s][info][gc,phases   ] GC(44) Concurrent Mark Free 0.002ms
[30.487s][info][gc,phases   ] GC(44) Concurrent Process Non-Strong References 2.692ms
[30.487s][info][gc,phases   ] GC(44) Concurrent Reset Relocation Set 0.001ms
[30.509s][info][gc,phases   ] GC(44) Concurrent Select Relocation Set 21.408ms
[30.509s][info][gc,phases   ] GC(44) Pause Relocate Start 0.010ms
[30.636s][info][gc,phases   ] GC(44) Concurrent Relocate 127.279ms
[30.637s][info][gc,load     ] GC(44) Load: 0.00/0.00/0.00
[30.637s][info][gc,mmu      ] GC(44) MMU: 2ms/97.9%, 5ms/99.1%, 10ms/99.5%, 20ms/99.7%, 50ms/99.9%, 100ms/99.9%
[30.637s][info][gc,marking  ] GC(44) Mark: 2 stripe(s), 1 proactive flush(es), 1 terminate flush(es), 0 completion(s), 0 continuation(s) 
[30.637s][info][gc,marking  ] GC(44) Mark Stack Usage: 32M
[30.637s][info][gc,nmethod  ] GC(44) NMethods: 2966 registered, 0 unregistered
[30.637s][info][gc,metaspace] GC(44) Metaspace: 15M used, 15M committed, 1088M reserved
[30.637s][info][gc,ref      ] GC(44) Soft: 392 encountered, 0 discovered, 0 enqueued
[30.637s][info][gc,ref      ] GC(44) Weak: 747 encountered, 434 discovered, 0 enqueued
[30.637s][info][gc,ref      ] GC(44) Final: 0 encountered, 0 discovered, 0 enqueued
[30.637s][info][gc,ref      ] GC(44) Phantom: 64 encountered, 46 discovered, 0 enqueued
[30.637s][info][gc,reloc    ] GC(44) Small Pages: 453 / 906M, Empty: 216M, Relocated: 192M, In-Place: 0
[30.637s][info][gc,reloc    ] GC(44) Medium Pages: 3 / 96M, Empty: 32M, Relocated: 4M, In-Place: 0
[30.637s][info][gc,reloc    ] GC(44) Large Pages: 19 / 142M, Empty: 82M, Relocated: 0M, In-Place: 0
[30.637s][info][gc,reloc    ] GC(44) Forwarding Usage: 119M
[30.637s][info][gc,heap     ] GC(44) Min Capacity: 2048M(100%)
[30.637s][info][gc,heap     ] GC(44) Max Capacity: 2048M(100%)
[30.637s][info][gc,heap     ] GC(44) Soft Max Capacity: 2048M(100%)
[30.637s][info][gc,heap     ] GC(44)                Mark Start          Mark End        Relocate Start      Relocate End           High               Low         
[30.637s][info][gc,heap     ] GC(44)  Capacity:     2048M (100%)       2048M (100%)       2048M (100%)       2048M (100%)       2048M (100%)       2048M (100%)   
[30.637s][info][gc,heap     ] GC(44)      Free:      904M (44%)         734M (36%)        1064M (52%)        1582M (77%)        1582M (77%)         734M (36%)    
[30.637s][info][gc,heap     ] GC(44)      Used:     1144M (56%)        1314M (64%)         984M (48%)         466M (23%)        1314M (64%)         466M (23%)    
[30.637s][info][gc,heap     ] GC(44)      Live:         -               264M (13%)         264M (13%)         264M (13%)            -                  -          
[30.637s][info][gc,heap     ] GC(44) Allocated:         -               170M (8%)          170M (8%)          170M (8%)             -                  -          
[30.637s][info][gc,heap     ] GC(44)   Garbage:         -               879M (43%)         549M (27%)          31M (2%)             -                  -          
[30.637s][info][gc,heap     ] GC(44) Reclaimed:         -                  -               330M (16%)         848M (41%)            -                  -          
[30.637s][info][gc          ] GC(44) Garbage Collection (Allocation Rate) 1144M(56%)->466M(23%)
[30.637s][info][gc,start    ] GC(45) Garbage Collection (System.gc())
[30.637s][info][gc,task     ] GC(45) Using 2 workers
[30.637s][info][gc,phases   ] GC(45) Pause Mark Start 0.008ms
[30.657s][info][gc,phases   ] GC(45) Concurrent Mark 19.845ms
[30.657s][info][gc,phases   ] GC(45) Pause Mark End 0.019ms
[30.657s][info][gc,phases   ] GC(45) Concurrent Mark Free 0.002ms
[30.662s][info][gc,phases   ] GC(45) Concurrent Process Non-Strong References 4.344ms
[30.662s][info][gc,phases   ] GC(45) Concurrent Reset Relocation Set 0.034ms
[30.670s][info][gc,phases   ] GC(45) Concurrent Select Relocation Set 8.479ms
[30.671s][info][gc,phases   ] GC(45) Pause Relocate Start 0.023ms
[30.672s][info][gc,phases   ] GC(45) Concurrent Relocate 1.093ms
[30.672s][info][gc,load     ] GC(45) Load: 0.00/0.00/0.00
[30.672s][info][gc,mmu      ] GC(45) MMU: 2ms/97.9%, 5ms/99.1%, 10ms/99.5%, 20ms/99.7%, 50ms/99.9%, 100ms/99.9%
[30.672s][info][gc,marking  ] GC(45) Mark: 2 stripe(s), 1 proactive flush(es), 1 terminate flush(es), 0 completion(s), 0 continuation(s) 
[30.672s][info][gc,marking  ] GC(45) Mark Stack Usage: 32M
[30.672s][info][gc,nmethod  ] GC(45) NMethods: 2966 registered, 0 unregistered
[30.672s][info][gc,metaspace] GC(45) Metaspace: 15M used, 15M committed, 1088M reserved
[30.672s][info][gc,ref      ] GC(45) Soft: 392 encountered, 0 discovered, 0 enqueued
[30.672s][info][gc,ref      ] GC(45) Weak: 731 encountered, 153 discovered, 0 enqueued
[30.672s][info][gc,ref      ] GC(45) Final: 0 encountered, 0 discovered, 0 enqueued
[30.672s][info][gc,ref      ] GC(45) Phantom: 64 encountered, 49 discovered, 0 enqueued
[30.672s][info][gc,reloc    ] GC(45) Small Pages: 181 / 362M, Empty: 348M, Relocated: 1M, In-Place: 0
[30.672s][info][gc,reloc    ] GC(45) Medium Pages: 1 / 32M, Empty: 32M, Relocated: 0M, In-Place: 0
[30.672s][info][gc,reloc    ] GC(45) Large Pages: 12 / 72M, Empty: 72M, Relocated: 0M, In-Place: 0
[30.672s][info][gc,reloc    ] GC(45) Forwarding Usage: 0M
[30.672s][info][gc,heap     ] GC(45) Min Capacity: 2048M(100%)
[30.672s][info][gc,heap     ] GC(45) Max Capacity: 2048M(100%)
[30.672s][info][gc,heap     ] GC(45) Soft Max Capacity: 2048M(100%)
[30.672s][info][gc,heap     ] GC(45)                Mark Start          Mark End        Relocate Start      Relocate End           High               Low         
[30.672s][info][gc,heap     ] GC(45)  Capacity:     2048M (100%)       2048M (100%)       2048M (100%)       2048M (100%)       2048M (100%)       2048M (100%)   
[30.672s][info][gc,heap     ] GC(45)      Free:     1582M (77%)        1582M (77%)        2034M (99%)        2038M (100%)       2038M (100%)       1582M (77%)    
[30.672s][info][gc,heap     ] GC(45)      Used:      466M (23%)         466M (23%)          14M (1%)           10M (0%)          466M (23%)          10M (0%)     
[30.672s][info][gc,heap     ] GC(45)      Live:         -                 6M (0%)            6M (0%)            6M (0%)             -                  -          
[30.672s][info][gc,heap     ] GC(45) Allocated:         -                 0M (0%)            0M (0%)            0M (0%)             -                  -          
[30.672s][info][gc,heap     ] GC(45)   Garbage:         -               459M (22%)           7M (0%)            3M (0%)             -                  -          
[30.672s][info][gc,heap     ] GC(45) Reclaimed:         -                  -               452M (22%)         456M (22%)            -                  -          
[30.672s][info][gc          ] GC(45) Garbage Collection (System.gc()) 466M(23%)->10M(0%)
[31.612s][info][gc,start    ] GC(46) Garbage Collection (Allocation Rate)
[31.612s][info][gc,task     ] GC(46) Using 2 workers
[31.612s][info][gc,phases   ] GC(46) Pause Mark Start 0.009ms
[31.879s][info][gc,phases   ] GC(46) Concurrent Mark 235.681ms
[31.879s][info][gc,phases   ] GC(46) Pause Mark End 0.020ms
[31.880s][info][gc,phases   ] GC(46) Concurrent Mark Free 0.003ms
[31.883s][info][gc,phases   ] GC(46) Concurrent Process Non-Strong References 3.607ms
[31.883s][info][gc,phases   ] GC(46) Concurrent Reset Relocation Set 0.001ms
[31.905s][info][gc,phases   ] GC(46) Concurrent Select Relocation Set 21.261ms
[31.905s][info][gc,phases   ] GC(46) Pause Relocate Start 0.021ms
[32.031s][info][gc,phases   ] GC(46) Concurrent Relocate 125.845ms
[32.031s][info][gc,load     ] GC(46) Load: 0.00/0.00/0.00
[32.031s][info][gc,mmu      ] GC(46) MMU: 2ms/97.9%, 5ms/99.1%, 10ms/99.5%, 20ms/99.7%, 50ms/99.9%, 100ms/99.9%
[32.031s][info][gc,marking  ] GC(46) Mark: 2 stripe(s), 3 proactive flush(es), 1 terminate flush(es), 0 completion(s), 0 continuation(s) 
[32.031s][info][gc,marking  ] GC(46) Mark Stack Usage: 32M
[32.031s][info][gc,nmethod  ] GC(46) NMethods: 2977 registered, 0 unregistered
[32.031s][info][gc,metaspace] GC(46) Metaspace: 15M used, 15M committed, 1088M reserved
[32.031s][info][gc,ref      ] GC(46) Soft: 392 encountered, 0 discovered, 0 enqueued
[32.031s][info][gc,ref      ] GC(46) Weak: 749 encountered, 431 discovered, 0 enqueued
[32.031s][info][gc,ref      ] GC(46) Final: 0 encountered, 0 discovered, 0 enqueued
[32.031s][info][gc,ref      ] GC(46) Phantom: 64 encountered, 45 discovered, 0 enqueued
[32.031s][info][gc,reloc    ] GC(46) Small Pages: 506 / 1012M, Empty: 326M, Relocated: 192M, In-Place: 0
[32.031s][info][gc,reloc    ] GC(46) Medium Pages: 3 / 96M, Empty: 64M, Relocated: 0M, In-Place: 0
[32.031s][info][gc,reloc    ] GC(46) Large Pages: 21 / 154M, Empty: 82M, Relocated: 0M, In-Place: 0
[32.031s][info][gc,reloc    ] GC(46) Forwarding Usage: 118M
[32.031s][info][gc,heap     ] GC(46) Min Capacity: 2048M(100%)
[32.031s][info][gc,heap     ] GC(46) Max Capacity: 2048M(100%)
[32.031s][info][gc,heap     ] GC(46) Soft Max Capacity: 2048M(100%)
[32.031s][info][gc,heap     ] GC(46)                Mark Start          Mark End        Relocate Start      Relocate End           High               Low         
[32.031s][info][gc,heap     ] GC(46)  Capacity:     2048M (100%)       2048M (100%)       2048M (100%)       2048M (100%)       2048M (100%)       2048M (100%)   
[32.031s][info][gc,heap     ] GC(46)      Free:      786M (38%)         730M (36%)        1202M (59%)        1686M (82%)        1686M (82%)         730M (36%)    
[32.031s][info][gc,heap     ] GC(46)      Used:     1262M (62%)        1318M (64%)         846M (41%)         362M (18%)        1318M (64%)         362M (18%)    
[32.031s][info][gc,heap     ] GC(46)      Live:         -               272M (13%)         272M (13%)         272M (13%)            -                  -          
[32.031s][info][gc,heap     ] GC(46) Allocated:         -                56M (3%)           56M (3%)           56M (3%)             -                  -          
[32.031s][info][gc,heap     ] GC(46)   Garbage:         -               989M (48%)         517M (25%)          33M (2%)             -                  -          
[32.031s][info][gc,heap     ] GC(46) Reclaimed:         -                  -               472M (23%)         956M (47%)            -                  -          
[32.031s][info][gc          ] GC(46) Garbage Collection (Allocation Rate) 1262M(62%)->362M(18%)
[32.031s][info][gc,start    ] GC(47) Garbage Collection (System.gc())
[32.031s][info][gc,task     ] GC(47) Using 2 workers
[32.031s][info][gc,phases   ] GC(47) Pause Mark Start 0.007ms
[32.052s][info][gc,phases   ] GC(47) Concurrent Mark 20.112ms
[32.052s][info][gc,phases   ] GC(47) Pause Mark End 0.024ms
[32.052s][info][gc,phases   ] GC(47) Concurrent Mark Free 0.002ms
[32.056s][info][gc,phases   ] GC(47) Concurrent Process Non-Strong References 4.114ms
[32.056s][info][gc,phases   ] GC(47) Concurrent Reset Relocation Set 0.031ms
[32.065s][info][gc,phases   ] GC(47) Concurrent Select Relocation Set 8.558ms
[32.065s][info][gc,phases   ] GC(47) Pause Relocate Start 0.023ms
[32.067s][info][gc,phases   ] GC(47) Concurrent Relocate 1.494ms
[32.067s][info][gc,load     ] GC(47) Load: 0.00/0.00/0.00
[32.067s][info][gc,mmu      ] GC(47) MMU: 2ms/97.9%, 5ms/99.1%, 10ms/99.5%, 20ms/99.7%, 50ms/99.9%, 100ms/99.9%
[32.067s][info][gc,marking  ] GC(47) Mark: 2 stripe(s), 1 proactive flush(es), 1 terminate flush(es), 0 completion(s), 0 continuation(s) 
[32.067s][info][gc,marking  ] GC(47) Mark Stack Usage: 32M
[32.067s][info][gc,nmethod  ] GC(47) NMethods: 2977 registered, 0 unregistered
[32.067s][info][gc,metaspace] GC(47) Metaspace: 15M used, 15M committed, 1088M reserved
[32.067s][info][gc,ref      ] GC(47) Soft: 392 encountered, 0 discovered, 0 enqueued
[32.067s][info][gc,ref      ] GC(47) Weak: 731 encountered, 115 discovered, 0 enqueued
[32.067s][info][gc,ref      ] GC(47) Final: 0 encountered, 0 discovered, 0 enqueued
[32.067s][info][gc,ref      ] GC(47) Phantom: 64 encountered, 50 discovered, 0 enqueued
[32.067s][info][gc,reloc    ] GC(47) Small Pages: 129 / 258M, Empty: 242M, Relocated: 1M, In-Place: 0
[32.067s][info][gc,reloc    ] GC(47) Medium Pages: 1 / 32M, Empty: 32M, Relocated: 0M, In-Place: 0
[32.067s][info][gc,reloc    ] GC(47) Large Pages: 12 / 72M, Empty: 72M, Relocated: 0M, In-Place: 0
[32.067s][info][gc,reloc    ] GC(47) Forwarding Usage: 0M
[32.067s][info][gc,heap     ] GC(47) Min Capacity: 2048M(100%)
[32.067s][info][gc,heap     ] GC(47) Max Capacity: 2048M(100%)
[32.067s][info][gc,heap     ] GC(47) Soft Max Capacity: 2048M(100%)
[32.067s][info][gc,heap     ] GC(47)                Mark Start          Mark End        Relocate Start      Relocate End           High               Low         
[32.067s][info][gc,heap     ] GC(47)  Capacity:     2048M (100%)       2048M (100%)       2048M (100%)       2048M (100%)       2048M (100%)       2048M (100%)   
[32.067s][info][gc,heap     ] GC(47)      Free:     1686M (82%)        1686M (82%)        2032M (99%)        2038M (100%)       2038M (100%)       1686M (82%)    
[32.067s][info][gc,heap     ] GC(47)      Used:      362M (18%)         362M (18%)          16M (1%)           10M (0%)          362M (18%)          10M (0%)     
[32.067s][info][gc,heap     ] GC(47)      Live:         -                 6M (0%)            6M (0%)            6M (0%)             -                  -          
[32.067s][info][gc,heap     ] GC(47) Allocated:         -                 0M (0%)            0M (0%)            0M (0%)             -                  -          
[32.067s][info][gc,heap     ] GC(47)   Garbage:         -               355M (17%)           9M (0%)            3M (0%)             -                  -          
[32.067s][info][gc,heap     ] GC(47) Reclaimed:         -                  -               346M (17%)         352M (17%)            -                  -          
[32.067s][info][gc          ] GC(47) Garbage Collection (System.gc()) 362M(18%)->10M(0%)
[32.901s][info][gc,start    ] GC(48) Garbage Collection (Allocation Rate)
[32.901s][info][gc,task     ] GC(48) Using 2 workers
[32.902s][info][gc,phases   ] GC(48) Pause Mark Start 0.008ms
[33.174s][info][gc,phases   ] GC(48) Concurrent Mark 257.457ms
[33.175s][info][gc,phases   ] GC(48) Pause Mark End 0.020ms
[33.175s][info][gc,phases   ] GC(48) Concurrent Mark Free 0.001ms
[33.177s][info][gc,phases   ] GC(48) Concurrent Process Non-Strong References 2.840ms
[33.178s][info][gc,phases   ] GC(48) Concurrent Reset Relocation Set 0.001ms
[33.201s][info][gc,phases   ] GC(48) Concurrent Select Relocation Set 23.100ms
[33.201s][info][gc,phases   ] GC(48) Pause Relocate Start 0.032ms
[33.335s][info][gc,phases   ] GC(48) Concurrent Relocate 134.206ms
[33.335s][info][gc,load     ] GC(48) Load: 0.00/0.00/0.00
[33.335s][info][gc,mmu      ] GC(48) MMU: 2ms/97.9%, 5ms/99.1%, 10ms/99.5%, 20ms/99.7%, 50ms/99.9%, 100ms/99.9%
[33.335s][info][gc,marking  ] GC(48) Mark: 2 stripe(s), 3 proactive flush(es), 1 terminate flush(es), 0 completion(s), 0 continuation(s) 
[33.335s][info][gc,marking  ] GC(48) Mark Stack Usage: 32M
[33.335s][info][gc,nmethod  ] GC(48) NMethods: 2981 registered, 0 unregistered
[33.335s][info][gc,metaspace] GC(48) Metaspace: 15M used, 15M committed, 1088M reserved
[33.335s][info][gc,ref      ] GC(48) Soft: 392 encountered, 0 discovered, 0 enqueued
[33.335s][info][gc,ref      ] GC(48) Weak: 749 encountered, 124 discovered, 0 enqueued
[33.335s][info][gc,ref      ] GC(48) Final: 0 encountered, 0 discovered, 0 enqueued
[33.335s][info][gc,ref      ] GC(48) Phantom: 64 encountered, 50 discovered, 0 enqueued
[33.335s][info][gc,reloc    ] GC(48) Small Pages: 446 / 892M, Empty: 206M, Relocated: 193M, In-Place: 0
[33.335s][info][gc,reloc    ] GC(48) Medium Pages: 3 / 96M, Empty: 0M, Relocated: 18M, In-Place: 0
[33.335s][info][gc,reloc    ] GC(48) Large Pages: 12 / 100M, Empty: 82M, Relocated: 0M, In-Place: 0
[33.335s][info][gc,reloc    ] GC(48) Forwarding Usage: 118M
[33.335s][info][gc,heap     ] GC(48) Min Capacity: 2048M(100%)
[33.335s][info][gc,heap     ] GC(48) Max Capacity: 2048M(100%)
[33.335s][info][gc,heap     ] GC(48) Soft Max Capacity: 2048M(100%)
[33.335s][info][gc,heap     ] GC(48)                Mark Start          Mark End        Relocate Start      Relocate End           High               Low         
[33.335s][info][gc,heap     ] GC(48)  Capacity:     2048M (100%)       2048M (100%)       2048M (100%)       2048M (100%)       2048M (100%)       2048M (100%)   
[33.335s][info][gc,heap     ] GC(48)      Free:      960M (47%)         734M (36%)        1022M (50%)        1570M (77%)        1570M (77%)         734M (36%)    
[33.336s][info][gc,heap     ] GC(48)      Used:     1088M (53%)        1314M (64%)        1026M (50%)         478M (23%)        1314M (64%)         478M (23%)    
[33.336s][info][gc,heap     ] GC(48)      Live:         -               236M (12%)         236M (12%)         236M (12%)            -                  -          
[33.336s][info][gc,heap     ] GC(48) Allocated:         -               226M (11%)         226M (11%)         226M (11%)            -                  -          
[33.336s][info][gc,heap     ] GC(48)   Garbage:         -               851M (42%)         563M (28%)          15M (1%)             -                  -          
[33.336s][info][gc,heap     ] GC(48) Reclaimed:         -                  -               288M (14%)         836M (41%)            -                  -          
[33.336s][info][gc          ] GC(48) Garbage Collection (Allocation Rate) 1088M(53%)->478M(23%)
[33.336s][info][gc,start    ] GC(49) Garbage Collection (System.gc())
[33.336s][info][gc,task     ] GC(49) Using 2 workers
[33.336s][info][gc,phases   ] GC(49) Pause Mark Start 0.009ms
[33.348s][info][gc,phases   ] GC(49) Concurrent Mark 11.793ms
[33.348s][info][gc,phases   ] GC(49) Pause Mark End 0.019ms
[33.348s][info][gc,phases   ] GC(49) Concurrent Mark Free 0.001ms
[33.351s][info][gc,phases   ] GC(49) Concurrent Process Non-Strong References 3.139ms
[33.351s][info][gc,phases   ] GC(49) Concurrent Reset Relocation Set 0.034ms
[33.360s][info][gc,phases   ] GC(49) Concurrent Select Relocation Set 8.350ms
[33.360s][info][gc,phases   ] GC(49) Pause Relocate Start 0.020ms
[33.361s][info][gc,phases   ] GC(49) Concurrent Relocate 1.344ms
[33.361s][info][gc,load     ] GC(49) Load: 0.00/0.00/0.00
[33.361s][info][gc,mmu      ] GC(49) MMU: 2ms/97.9%, 5ms/99.1%, 10ms/99.5%, 20ms/99.7%, 50ms/99.9%, 100ms/99.9%
[33.361s][info][gc,marking  ] GC(49) Mark: 2 stripe(s), 1 proactive flush(es), 1 terminate flush(es), 0 completion(s), 0 continuation(s) 
[33.361s][info][gc,marking  ] GC(49) Mark Stack Usage: 32M
[33.361s][info][gc,nmethod  ] GC(49) NMethods: 2981 registered, 0 unregistered
[33.361s][info][gc,metaspace] GC(49) Metaspace: 15M used, 15M committed, 1088M reserved
[33.361s][info][gc,ref      ] GC(49) Soft: 392 encountered, 0 discovered, 0 enqueued
[33.361s][info][gc,ref      ] GC(49) Weak: 731 encountered, 34 discovered, 0 enqueued
[33.361s][info][gc,ref      ] GC(49) Final: 0 encountered, 0 discovered, 0 enqueued
[33.361s][info][gc,ref      ] GC(49) Phantom: 64 encountered, 50 discovered, 0 enqueued
[33.361s][info][gc,reloc    ] GC(49) Small Pages: 187 / 374M, Empty: 362M, Relocated: 1M, In-Place: 0
[33.361s][info][gc,reloc    ] GC(49) Medium Pages: 1 / 32M, Empty: 32M, Relocated: 0M, In-Place: 0
[33.361s][info][gc,reloc    ] GC(49) Large Pages: 12 / 72M, Empty: 72M, Relocated: 0M, In-Place: 0
[33.361s][info][gc,reloc    ] GC(49) Forwarding Usage: 0M
[33.361s][info][gc,heap     ] GC(49) Min Capacity: 2048M(100%)
[33.361s][info][gc,heap     ] GC(49) Max Capacity: 2048M(100%)
[33.361s][info][gc,heap     ] GC(49) Soft Max Capacity: 2048M(100%)
[33.361s][info][gc,heap     ] GC(49)                Mark Start          Mark End        Relocate Start      Relocate End           High               Low         
[33.361s][info][gc,heap     ] GC(49)  Capacity:     2048M (100%)       2048M (100%)       2048M (100%)       2048M (100%)       2048M (100%)       2048M (100%)   
[33.361s][info][gc,heap     ] GC(49)      Free:     1570M (77%)        1570M (77%)        2036M (99%)        2038M (100%)       2038M (100%)       1570M (77%)    
[33.361s][info][gc,heap     ] GC(49)      Used:      478M (23%)         478M (23%)          12M (1%)           10M (0%)          478M (23%)          10M (0%)     
[33.361s][info][gc,heap     ] GC(49)      Live:         -                 6M (0%)            6M (0%)            6M (0%)             -                  -          
[33.361s][info][gc,heap     ] GC(49) Allocated:         -                 0M (0%)            0M (0%)            0M (0%)             -                  -          
[33.361s][info][gc,heap     ] GC(49)   Garbage:         -               471M (23%)           5M (0%)            3M (0%)             -                  -          
[33.361s][info][gc,heap     ] GC(49) Reclaimed:         -                  -               466M (23%)         468M (23%)            -                  -          
[33.362s][info][gc          ] GC(49) Garbage Collection (System.gc()) 478M(23%)->10M(0%)
[34.112s][info][gc,start    ] GC(50) Garbage Collection (Allocation Rate)
[34.113s][info][gc,task     ] GC(50) Using 2 workers
[34.113s][info][gc,phases   ] GC(50) Pause Mark Start 0.009ms
[34.379s][info][gc,phases   ] GC(50) Concurrent Mark 266.248ms
[34.379s][info][gc,phases   ] GC(50) Pause Mark End 0.014ms
[34.379s][info][gc,phases   ] GC(50) Concurrent Mark Free 0.001ms
[34.395s][info][gc,phases   ] GC(50) Concurrent Process Non-Strong References 15.958ms
[34.395s][info][gc,phases   ] GC(50) Concurrent Reset Relocation Set 0.001ms
[34.420s][info][gc,phases   ] GC(50) Concurrent Select Relocation Set 24.377ms
[34.420s][info][gc,phases   ] GC(50) Pause Relocate Start 0.025ms
[34.578s][info][gc,phases   ] GC(50) Concurrent Relocate 151.487ms
[34.578s][info][gc,load     ] GC(50) Load: 0.00/0.00/0.00
[34.578s][info][gc,mmu      ] GC(50) MMU: 2ms/97.9%, 5ms/99.1%, 10ms/99.5%, 20ms/99.7%, 50ms/99.9%, 100ms/99.9%
[34.578s][info][gc,marking  ] GC(50) Mark: 2 stripe(s), 2 proactive flush(es), 1 terminate flush(es), 0 completion(s), 0 continuation(s) 
[34.578s][info][gc,marking  ] GC(50) Mark Stack Usage: 32M
[34.578s][info][gc,nmethod  ] GC(50) NMethods: 2984 registered, 0 unregistered
[34.578s][info][gc,metaspace] GC(50) Metaspace: 15M used, 15M committed, 1088M reserved
[34.578s][info][gc,ref      ] GC(50) Soft: 392 encountered, 0 discovered, 0 enqueued
[34.578s][info][gc,ref      ] GC(50) Weak: 749 encountered, 469 discovered, 0 enqueued
[34.578s][info][gc,ref      ] GC(50) Final: 0 encountered, 0 discovered, 0 enqueued
[34.578s][info][gc,ref      ] GC(50) Phantom: 64 encountered, 48 discovered, 0 enqueued
[34.578s][info][gc,reloc    ] GC(50) Small Pages: 390 / 780M, Empty: 100M, Relocated: 193M, In-Place: 0
[34.578s][info][gc,reloc    ] GC(50) Medium Pages: 3 / 96M, Empty: 0M, Relocated: 25M, In-Place: 0
[34.578s][info][gc,reloc    ] GC(50) Large Pages: 9 / 82M, Empty: 82M, Relocated: 0M, In-Place: 0
[34.578s][info][gc,reloc    ] GC(50) Forwarding Usage: 118M
[34.578s][info][gc,heap     ] GC(50) Min Capacity: 2048M(100%)
[34.578s][info][gc,heap     ] GC(50) Max Capacity: 2048M(100%)
[34.578s][info][gc,heap     ] GC(50) Soft Max Capacity: 2048M(100%)
[34.578s][info][gc,heap     ] GC(50)                Mark Start          Mark End        Relocate Start      Relocate End           High               Low         
[34.578s][info][gc,heap     ] GC(50)  Capacity:     2048M (100%)       2048M (100%)       2048M (100%)       2048M (100%)       2048M (100%)       2048M (100%)   
[34.578s][info][gc,heap     ] GC(50)      Free:     1090M (53%)         832M (41%)         980M (48%)        1458M (71%)        1458M (71%)         812M (40%)    
[34.578s][info][gc,heap     ] GC(50)      Used:      958M (47%)        1216M (59%)        1068M (52%)         590M (29%)        1236M (60%)         590M (29%)    
[34.578s][info][gc,heap     ] GC(50)      Live:         -               224M (11%)         224M (11%)         224M (11%)            -                  -          
[34.578s][info][gc,heap     ] GC(50) Allocated:         -               258M (13%)         292M (14%)         356M (17%)            -                  -          
[34.578s][info][gc,heap     ] GC(50)   Garbage:         -               733M (36%)         551M (27%)           8M (0%)             -                  -          
[34.578s][info][gc,heap     ] GC(50) Reclaimed:         -                  -               182M (9%)          724M (35%)            -                  -          
[34.578s][info][gc          ] GC(50) Garbage Collection (Allocation Rate) 958M(47%)->590M(29%)
[34.578s][info][gc,start    ] GC(51) Garbage Collection (System.gc())
[34.578s][info][gc,task     ] GC(51) Using 2 workers
[34.578s][info][gc,phases   ] GC(51) Pause Mark Start 0.008ms
[34.591s][info][gc,phases   ] GC(51) Concurrent Mark 13.272ms
[34.592s][info][gc,phases   ] GC(51) Pause Mark End 0.021ms
[34.592s][info][gc,phases   ] GC(51) Concurrent Mark Free 0.001ms
[34.595s][info][gc,phases   ] GC(51) Concurrent Process Non-Strong References 3.125ms
[34.595s][info][gc,phases   ] GC(51) Concurrent Reset Relocation Set 0.028ms
[34.604s][info][gc,phases   ] GC(51) Concurrent Select Relocation Set 8.788ms
[34.604s][info][gc,phases   ] GC(51) Pause Relocate Start 0.018ms
[34.605s][info][gc,phases   ] GC(51) Concurrent Relocate 1.252ms
[34.605s][info][gc,load     ] GC(51) Load: 0.00/0.00/0.00
[34.605s][info][gc,mmu      ] GC(51) MMU: 2ms/97.9%, 5ms/99.1%, 10ms/99.5%, 20ms/99.7%, 50ms/99.9%, 100ms/99.9%
[34.605s][info][gc,marking  ] GC(51) Mark: 2 stripe(s), 1 proactive flush(es), 1 terminate flush(es), 0 completion(s), 0 continuation(s) 
[34.605s][info][gc,marking  ] GC(51) Mark Stack Usage: 32M
[34.605s][info][gc,nmethod  ] GC(51) NMethods: 2985 registered, 0 unregistered
[34.605s][info][gc,metaspace] GC(51) Metaspace: 15M used, 15M committed, 1088M reserved
[34.605s][info][gc,ref      ] GC(51) Soft: 392 encountered, 0 discovered, 0 enqueued
[34.605s][info][gc,ref      ] GC(51) Weak: 731 encountered, 231 discovered, 0 enqueued
[34.605s][info][gc,ref      ] GC(51) Final: 0 encountered, 0 discovered, 0 enqueued
[34.605s][info][gc,ref      ] GC(51) Phantom: 64 encountered, 56 discovered, 0 enqueued
[34.605s][info][gc,reloc    ] GC(51) Small Pages: 243 / 486M, Empty: 474M, Relocated: 1M, In-Place: 0
[34.605s][info][gc,reloc    ] GC(51) Medium Pages: 1 / 32M, Empty: 32M, Relocated: 0M, In-Place: 0
[34.605s][info][gc,reloc    ] GC(51) Large Pages: 12 / 72M, Empty: 72M, Relocated: 0M, In-Place: 0
[34.605s][info][gc,reloc    ] GC(51) Forwarding Usage: 0M
[34.606s][info][gc,heap     ] GC(51) Min Capacity: 2048M(100%)
[34.606s][info][gc,heap     ] GC(51) Max Capacity: 2048M(100%)
[34.606s][info][gc,heap     ] GC(51) Soft Max Capacity: 2048M(100%)
[34.606s][info][gc,heap     ] GC(51)                Mark Start          Mark End        Relocate Start      Relocate End           High               Low         
[34.606s][info][gc,heap     ] GC(51)  Capacity:     2048M (100%)       2048M (100%)       2048M (100%)       2048M (100%)       2048M (100%)       2048M (100%)   
[34.606s][info][gc,heap     ] GC(51)      Free:     1458M (71%)        1458M (71%)        2036M (99%)        2038M (100%)       2038M (100%)       1458M (71%)    
[34.606s][info][gc,heap     ] GC(51)      Used:      590M (29%)         590M (29%)          12M (1%)           10M (0%)          590M (29%)          10M (0%)     
[34.606s][info][gc,heap     ] GC(51)      Live:         -                 6M (0%)            6M (0%)            6M (0%)             -                  -          
[34.606s][info][gc,heap     ] GC(51) Allocated:         -                 0M (0%)            0M (0%)            0M (0%)             -                  -          
[34.606s][info][gc,heap     ] GC(51)   Garbage:         -               583M (28%)           5M (0%)            3M (0%)             -                  -          
[34.606s][info][gc,heap     ] GC(51) Reclaimed:         -                  -               578M (28%)         580M (28%)            -                  -          
[34.606s][info][gc          ] GC(51) Garbage Collection (System.gc()) 590M(29%)->10M(0%)
[35.511s][info][gc,start    ] GC(52) Garbage Collection (Allocation Rate)
[35.512s][info][gc,task     ] GC(52) Using 2 workers
[35.512s][info][gc,phases   ] GC(52) Pause Mark Start 0.010ms
[35.785s][info][gc,phases   ] GC(52) Concurrent Mark 258.141ms
[35.785s][info][gc,phases   ] GC(52) Pause Mark End 0.015ms
[35.786s][info][gc,phases   ] GC(52) Concurrent Mark Free 0.002ms
[35.788s][info][gc,phases   ] GC(52) Concurrent Process Non-Strong References 2.750ms
[35.788s][info][gc,phases   ] GC(52) Concurrent Reset Relocation Set 0.001ms
[35.811s][info][gc,phases   ] GC(52) Concurrent Select Relocation Set 22.087ms
[35.811s][info][gc,phases   ] GC(52) Pause Relocate Start 0.011ms
[35.938s][info][gc,phases   ] GC(52) Concurrent Relocate 126.985ms
[35.938s][info][gc,load     ] GC(52) Load: 0.00/0.00/0.00
[35.938s][info][gc,mmu      ] GC(52) MMU: 2ms/97.9%, 5ms/99.1%, 10ms/99.5%, 20ms/99.7%, 50ms/99.9%, 100ms/99.9%
[35.938s][info][gc,marking  ] GC(52) Mark: 2 stripe(s), 1 proactive flush(es), 1 terminate flush(es), 0 completion(s), 0 continuation(s) 
[35.938s][info][gc,marking  ] GC(52) Mark Stack Usage: 32M
[35.938s][info][gc,nmethod  ] GC(52) NMethods: 2993 registered, 0 unregistered
[35.938s][info][gc,metaspace] GC(52) Metaspace: 15M used, 15M committed, 1088M reserved
[35.938s][info][gc,ref      ] GC(52) Soft: 392 encountered, 0 discovered, 0 enqueued
[35.938s][info][gc,ref      ] GC(52) Weak: 748 encountered, 31 discovered, 0 enqueued
[35.938s][info][gc,ref      ] GC(52) Final: 0 encountered, 0 discovered, 0 enqueued
[35.938s][info][gc,ref      ] GC(52) Phantom: 64 encountered, 49 discovered, 0 enqueued
[35.938s][info][gc,reloc    ] GC(52) Small Pages: 460 / 920M, Empty: 234M, Relocated: 192M, In-Place: 0
[35.938s][info][gc,reloc    ] GC(52) Medium Pages: 3 / 96M, Empty: 0M, Relocated: 8M, In-Place: 0
[35.938s][info][gc,reloc    ] GC(52) Large Pages: 17 / 130M, Empty: 82M, Relocated: 0M, In-Place: 0
[35.938s][info][gc,reloc    ] GC(52) Forwarding Usage: 118M
[35.938s][info][gc,heap     ] GC(52) Min Capacity: 2048M(100%)
[35.938s][info][gc,heap     ] GC(52) Max Capacity: 2048M(100%)
[35.938s][info][gc,heap     ] GC(52) Soft Max Capacity: 2048M(100%)
[35.938s][info][gc,heap     ] GC(52)                Mark Start          Mark End        Relocate Start      Relocate End           High               Low         
[35.938s][info][gc,heap     ] GC(52)  Capacity:     2048M (100%)       2048M (100%)       2048M (100%)       2048M (100%)       2048M (100%)       2048M (100%)   
[35.938s][info][gc,heap     ] GC(52)      Free:      902M (44%)         730M (36%)        1046M (51%)        1594M (78%)        1594M (78%)         730M (36%)    
[35.938s][info][gc,heap     ] GC(52)      Used:     1146M (56%)        1318M (64%)        1002M (49%)         454M (22%)        1318M (64%)         454M (22%)    
[35.938s][info][gc,heap     ] GC(52)      Live:         -               256M (13%)         256M (13%)         256M (13%)            -                  -          
[35.938s][info][gc,heap     ] GC(52) Allocated:         -               172M (8%)          172M (8%)          172M (8%)             -                  -          
[35.938s][info][gc,heap     ] GC(52)   Garbage:         -               889M (43%)         573M (28%)          25M (1%)             -                  -          
[35.938s][info][gc,heap     ] GC(52) Reclaimed:         -                  -               316M (15%)         864M (42%)            -                  -          
[35.938s][info][gc          ] GC(52) Garbage Collection (Allocation Rate) 1146M(56%)->454M(22%)
[35.938s][info][gc,start    ] GC(53) Garbage Collection (System.gc())
[35.938s][info][gc,task     ] GC(53) Using 2 workers
[35.938s][info][gc,phases   ] GC(53) Pause Mark Start 0.007ms
[35.958s][info][gc,phases   ] GC(53) Concurrent Mark 19.390ms
[35.958s][info][gc,phases   ] GC(53) Pause Mark End 0.029ms
[35.958s][info][gc,phases   ] GC(53) Concurrent Mark Free 0.002ms
[35.962s][info][gc,phases   ] GC(53) Concurrent Process Non-Strong References 4.115ms
[35.962s][info][gc,phases   ] GC(53) Concurrent Reset Relocation Set 0.035ms
[35.971s][info][gc,phases   ] GC(53) Concurrent Select Relocation Set 8.256ms
[35.971s][info][gc,phases   ] GC(53) Pause Relocate Start 0.017ms
[35.972s][info][gc,phases   ] GC(53) Concurrent Relocate 1.011ms
[35.972s][info][gc,load     ] GC(53) Load: 0.00/0.00/0.00
[35.972s][info][gc,mmu      ] GC(53) MMU: 2ms/97.9%, 5ms/99.1%, 10ms/99.5%, 20ms/99.7%, 50ms/99.9%, 100ms/99.9%
[35.972s][info][gc,marking  ] GC(53) Mark: 2 stripe(s), 1 proactive flush(es), 1 terminate flush(es), 0 completion(s), 0 continuation(s) 
[35.972s][info][gc,marking  ] GC(53) Mark Stack Usage: 32M
[35.972s][info][gc,nmethod  ] GC(53) NMethods: 2993 registered, 0 unregistered
[35.972s][info][gc,metaspace] GC(53) Metaspace: 15M used, 15M committed, 1088M reserved
[35.972s][info][gc,ref      ] GC(53) Soft: 392 encountered, 0 discovered, 0 enqueued
[35.972s][info][gc,ref      ] GC(53) Weak: 731 encountered, 173 discovered, 0 enqueued
[35.972s][info][gc,ref      ] GC(53) Final: 0 encountered, 0 discovered, 0 enqueued
[35.972s][info][gc,ref      ] GC(53) Phantom: 64 encountered, 49 discovered, 0 enqueued
[35.972s][info][gc,reloc    ] GC(53) Small Pages: 175 / 350M, Empty: 336M, Relocated: 1M, In-Place: 0
[35.972s][info][gc,reloc    ] GC(53) Medium Pages: 1 / 32M, Empty: 32M, Relocated: 0M, In-Place: 0
[35.972s][info][gc,reloc    ] GC(53) Large Pages: 12 / 72M, Empty: 72M, Relocated: 0M, In-Place: 0
[35.972s][info][gc,reloc    ] GC(53) Forwarding Usage: 0M
[35.972s][info][gc,heap     ] GC(53) Min Capacity: 2048M(100%)
[35.972s][info][gc,heap     ] GC(53) Max Capacity: 2048M(100%)
[35.972s][info][gc,heap     ] GC(53) Soft Max Capacity: 2048M(100%)
[35.972s][info][gc,heap     ] GC(53)                Mark Start          Mark End        Relocate Start      Relocate End           High               Low         
[35.972s][info][gc,heap     ] GC(53)  Capacity:     2048M (100%)       2048M (100%)       2048M (100%)       2048M (100%)       2048M (100%)       2048M (100%)   
[35.972s][info][gc,heap     ] GC(53)      Free:     1594M (78%)        1594M (78%)        2034M (99%)        2038M (100%)       2038M (100%)       1594M (78%)    
[35.972s][info][gc,heap     ] GC(53)      Used:      454M (22%)         454M (22%)          14M (1%)           10M (0%)          454M (22%)          10M (0%)     
[35.972s][info][gc,heap     ] GC(53)      Live:         -                 6M (0%)            6M (0%)            6M (0%)             -                  -          
[35.972s][info][gc,heap     ] GC(53) Allocated:         -                 0M (0%)            0M (0%)            0M (0%)             -                  -          
[35.972s][info][gc,heap     ] GC(53)   Garbage:         -               447M (22%)           7M (0%)            3M (0%)             -                  -          
[35.972s][info][gc,heap     ] GC(53) Reclaimed:         -                  -               440M (21%)         444M (22%)            -                  -          
[35.972s][info][gc          ] GC(53) Garbage Collection (System.gc()) 454M(22%)->10M(0%)
[36.901s][info][gc,start    ] GC(54) Garbage Collection (Allocation Rate)
[36.901s][info][gc,task     ] GC(54) Using 2 workers
[36.901s][info][gc,phases   ] GC(54) Pause Mark Start 0.007ms
[37.156s][info][gc,phases   ] GC(54) Concurrent Mark 239.468ms
[37.156s][info][gc,phases   ] GC(54) Pause Mark End 0.021ms
[37.156s][info][gc,phases   ] GC(54) Concurrent Mark Free 0.002ms
[37.160s][info][gc,phases   ] GC(54) Concurrent Process Non-Strong References 3.867ms
[37.160s][info][gc,phases   ] GC(54) Concurrent Reset Relocation Set 0.001ms
[37.181s][info][gc,phases   ] GC(54) Concurrent Select Relocation Set 21.196ms
[37.182s][info][gc,phases   ] GC(54) Pause Relocate Start 0.010ms
[37.311s][info][gc,phases   ] GC(54) Concurrent Relocate 128.913ms
[37.311s][info][gc,load     ] GC(54) Load: 0.00/0.00/0.00
[37.311s][info][gc,mmu      ] GC(54) MMU: 2ms/97.9%, 5ms/99.1%, 10ms/99.5%, 20ms/99.7%, 50ms/99.9%, 100ms/99.9%
[37.311s][info][gc,marking  ] GC(54) Mark: 2 stripe(s), 3 proactive flush(es), 1 terminate flush(es), 0 completion(s), 0 continuation(s) 
[37.311s][info][gc,marking  ] GC(54) Mark Stack Usage: 32M
[37.311s][info][gc,nmethod  ] GC(54) NMethods: 3001 registered, 0 unregistered
[37.311s][info][gc,metaspace] GC(54) Metaspace: 15M used, 15M committed, 1088M reserved
[37.311s][info][gc,ref      ] GC(54) Soft: 392 encountered, 0 discovered, 0 enqueued
[37.311s][info][gc,ref      ] GC(54) Weak: 749 encountered, 28 discovered, 0 enqueued
[37.311s][info][gc,ref      ] GC(54) Final: 0 encountered, 0 discovered, 0 enqueued
[37.311s][info][gc,ref      ] GC(54) Phantom: 64 encountered, 49 discovered, 0 enqueued
[37.311s][info][gc,reloc    ] GC(54) Small Pages: 499 / 998M, Empty: 308M, Relocated: 192M, In-Place: 0
[37.311s][info][gc,reloc    ] GC(54) Medium Pages: 3 / 96M, Empty: 64M, Relocated: 0M, In-Place: 0
[37.311s][info][gc,reloc    ] GC(54) Large Pages: 21 / 154M, Empty: 82M, Relocated: 0M, In-Place: 0
[37.311s][info][gc,reloc    ] GC(54) Forwarding Usage: 118M
[37.311s][info][gc,heap     ] GC(54) Min Capacity: 2048M(100%)
[37.311s][info][gc,heap     ] GC(54) Max Capacity: 2048M(100%)
[37.311s][info][gc,heap     ] GC(54) Soft Max Capacity: 2048M(100%)
[37.311s][info][gc,heap     ] GC(54)                Mark Start          Mark End        Relocate Start      Relocate End           High               Low         
[37.311s][info][gc,heap     ] GC(54)  Capacity:     2048M (100%)       2048M (100%)       2048M (100%)       2048M (100%)       2048M (100%)       2048M (100%)   
[37.311s][info][gc,heap     ] GC(54)      Free:      800M (39%)         728M (36%)        1182M (58%)        1668M (81%)        1668M (81%)         728M (36%)    
[37.311s][info][gc,heap     ] GC(54)      Used:     1248M (61%)        1320M (64%)         866M (42%)         380M (19%)        1320M (64%)         380M (19%)    
[37.311s][info][gc,heap     ] GC(54)      Live:         -               272M (13%)         272M (13%)         272M (13%)            -                  -          
[37.311s][info][gc,heap     ] GC(54) Allocated:         -                72M (4%)           72M (4%)           72M (4%)             -                  -          
[37.311s][info][gc,heap     ] GC(54)   Garbage:         -               975M (48%)         521M (25%)          35M (2%)             -                  -          
[37.311s][info][gc,heap     ] GC(54) Reclaimed:         -                  -               454M (22%)         940M (46%)            -                  -          
[37.311s][info][gc          ] GC(54) Garbage Collection (Allocation Rate) 1248M(61%)->380M(19%)
[37.311s][info][gc,start    ] GC(55) Garbage Collection (System.gc())
[37.311s][info][gc,task     ] GC(55) Using 2 workers
[37.311s][info][gc,phases   ] GC(55) Pause Mark Start 0.007ms
[37.329s][info][gc,phases   ] GC(55) Concurrent Mark 17.198ms
[37.329s][info][gc,phases   ] GC(55) Pause Mark End 0.025ms
[37.329s][info][gc,phases   ] GC(55) Concurrent Mark Free 0.002ms
[37.332s][info][gc,phases   ] GC(55) Concurrent Process Non-Strong References 2.792ms
[37.332s][info][gc,phases   ] GC(55) Concurrent Reset Relocation Set 0.024ms
[37.340s][info][gc,phases   ] GC(55) Concurrent Select Relocation Set 8.285ms
[37.340s][info][gc,phases   ] GC(55) Pause Relocate Start 0.020ms
[37.342s][info][gc,phases   ] GC(55) Concurrent Relocate 1.284ms
[37.342s][info][gc,load     ] GC(55) Load: 0.00/0.00/0.00
[37.342s][info][gc,mmu      ] GC(55) MMU: 2ms/97.9%, 5ms/99.1%, 10ms/99.5%, 20ms/99.7%, 50ms/99.9%, 100ms/99.9%
[37.342s][info][gc,marking  ] GC(55) Mark: 2 stripe(s), 1 proactive flush(es), 1 terminate flush(es), 0 completion(s), 0 continuation(s) 
[37.342s][info][gc,marking  ] GC(55) Mark Stack Usage: 32M
[37.342s][info][gc,nmethod  ] GC(55) NMethods: 3001 registered, 0 unregistered
[37.342s][info][gc,metaspace] GC(55) Metaspace: 15M used, 15M committed, 1088M reserved
[37.342s][info][gc,ref      ] GC(55) Soft: 392 encountered, 0 discovered, 0 enqueued
[37.342s][info][gc,ref      ] GC(55) Weak: 731 encountered, 126 discovered, 0 enqueued
[37.342s][info][gc,ref      ] GC(55) Final: 0 encountered, 0 discovered, 0 enqueued
[37.342s][info][gc,ref      ] GC(55) Phantom: 64 encountered, 50 discovered, 0 enqueued
[37.342s][info][gc,reloc    ] GC(55) Small Pages: 138 / 276M, Empty: 262M, Relocated: 1M, In-Place: 0
[37.342s][info][gc,reloc    ] GC(55) Medium Pages: 1 / 32M, Empty: 32M, Relocated: 0M, In-Place: 0
[37.342s][info][gc,reloc    ] GC(55) Large Pages: 12 / 72M, Empty: 72M, Relocated: 0M, In-Place: 0
[37.342s][info][gc,reloc    ] GC(55) Forwarding Usage: 0M
[37.342s][info][gc,heap     ] GC(55) Min Capacity: 2048M(100%)
[37.342s][info][gc,heap     ] GC(55) Max Capacity: 2048M(100%)
[37.342s][info][gc,heap     ] GC(55) Soft Max Capacity: 2048M(100%)
[37.342s][info][gc,heap     ] GC(55)                Mark Start          Mark End        Relocate Start      Relocate End           High               Low         
[37.342s][info][gc,heap     ] GC(55)  Capacity:     2048M (100%)       2048M (100%)       2048M (100%)       2048M (100%)       2048M (100%)       2048M (100%)   
[37.342s][info][gc,heap     ] GC(55)      Free:     1668M (81%)        1668M (81%)        2034M (99%)        2038M (100%)       2038M (100%)       1668M (81%)    
[37.342s][info][gc,heap     ] GC(55)      Used:      380M (19%)         380M (19%)          14M (1%)           10M (0%)          380M (19%)          10M (0%)     
[37.342s][info][gc,heap     ] GC(55)      Live:         -                 6M (0%)            6M (0%)            6M (0%)             -                  -          
[37.342s][info][gc,heap     ] GC(55) Allocated:         -                 0M (0%)            0M (0%)            0M (0%)             -                  -          
[37.342s][info][gc,heap     ] GC(55)   Garbage:         -               373M (18%)           7M (0%)            3M (0%)             -                  -          
[37.342s][info][gc,heap     ] GC(55) Reclaimed:         -                  -               366M (18%)         370M (18%)            -                  -          
[37.342s][info][gc          ] GC(55) Garbage Collection (System.gc()) 380M(19%)->10M(0%)
[38.207s][info][gc,start    ] GC(56) Garbage Collection (Allocation Rate)
[38.207s][info][gc,task     ] GC(56) Using 2 workers
[38.207s][info][gc,phases   ] GC(56) Pause Mark Start 0.009ms
[38.485s][info][gc,phases   ] GC(56) Concurrent Mark 272.713ms
[38.486s][info][gc,phases   ] GC(56) Pause Mark End 0.021ms
[38.486s][info][gc,phases   ] GC(56) Concurrent Mark Free 0.001ms
[38.489s][info][gc,phases   ] GC(56) Concurrent Process Non-Strong References 3.204ms
[38.489s][info][gc,phases   ] GC(56) Concurrent Reset Relocation Set 0.001ms
[38.511s][info][gc,phases   ] GC(56) Concurrent Select Relocation Set 21.595ms
[38.511s][info][gc,phases   ] GC(56) Pause Relocate Start 0.012ms
[38.639s][info][gc,phases   ] GC(56) Concurrent Relocate 128.053ms
[38.639s][info][gc,load     ] GC(56) Load: 0.00/0.00/0.00
[38.639s][info][gc,mmu      ] GC(56) MMU: 2ms/97.9%, 5ms/99.1%, 10ms/99.5%, 20ms/99.7%, 50ms/99.9%, 100ms/99.9%
[38.639s][info][gc,marking  ] GC(56) Mark: 2 stripe(s), 1 proactive flush(es), 1 terminate flush(es), 0 completion(s), 0 continuation(s) 
[38.639s][info][gc,marking  ] GC(56) Mark Stack Usage: 32M
[38.639s][info][gc,nmethod  ] GC(56) NMethods: 3005 registered, 0 unregistered
[38.639s][info][gc,metaspace] GC(56) Metaspace: 15M used, 15M committed, 1088M reserved
[38.639s][info][gc,ref      ] GC(56) Soft: 392 encountered, 0 discovered, 0 enqueued
[38.639s][info][gc,ref      ] GC(56) Weak: 748 encountered, 330 discovered, 0 enqueued
[38.639s][info][gc,ref      ] GC(56) Final: 0 encountered, 0 discovered, 0 enqueued
[38.639s][info][gc,ref      ] GC(56) Phantom: 64 encountered, 49 discovered, 0 enqueued
[38.639s][info][gc,reloc    ] GC(56) Small Pages: 447 / 894M, Empty: 202M, Relocated: 192M, In-Place: 0
[38.639s][info][gc,reloc    ] GC(56) Medium Pages: 3 / 96M, Empty: 0M, Relocated: 12M, In-Place: 0
[38.639s][info][gc,reloc    ] GC(56) Large Pages: 15 / 118M, Empty: 82M, Relocated: 0M, In-Place: 0
[38.639s][info][gc,reloc    ] GC(56) Forwarding Usage: 118M
[38.639s][info][gc,heap     ] GC(56) Min Capacity: 2048M(100%)
[38.639s][info][gc,heap     ] GC(56) Max Capacity: 2048M(100%)
[38.639s][info][gc,heap     ] GC(56) Soft Max Capacity: 2048M(100%)
[38.639s][info][gc,heap     ] GC(56)                Mark Start          Mark End        Relocate Start      Relocate End           High               Low         
[38.639s][info][gc,heap     ] GC(56)  Capacity:     2048M (100%)       2048M (100%)       2048M (100%)       2048M (100%)       2048M (100%)       2048M (100%)   
[38.639s][info][gc,heap     ] GC(56)      Free:      940M (46%)         728M (36%)        1012M (49%)        1564M (76%)        1564M (76%)         728M (36%)    
[38.639s][info][gc,heap     ] GC(56)      Used:     1108M (54%)        1320M (64%)        1036M (51%)         484M (24%)        1320M (64%)         484M (24%)    
[38.639s][info][gc,heap     ] GC(56)      Live:         -               248M (12%)         248M (12%)         248M (12%)            -                  -          
[38.639s][info][gc,heap     ] GC(56) Allocated:         -               212M (10%)         212M (10%)         212M (10%)            -                  -          
[38.639s][info][gc,heap     ] GC(56)   Garbage:         -               859M (42%)         575M (28%)          23M (1%)             -                  -          
[38.639s][info][gc,heap     ] GC(56) Reclaimed:         -                  -               284M (14%)         836M (41%)            -                  -          
[38.639s][info][gc          ] GC(56) Garbage Collection (Allocation Rate) 1108M(54%)->484M(24%)
[38.639s][info][gc,start    ] GC(57) Garbage Collection (System.gc())
[38.639s][info][gc,task     ] GC(57) Using 2 workers
[38.639s][info][gc,phases   ] GC(57) Pause Mark Start 0.007ms
[38.658s][info][gc,phases   ] GC(57) Concurrent Mark 18.477ms
[38.658s][info][gc,phases   ] GC(57) Pause Mark End 0.029ms
[38.658s][info][gc,phases   ] GC(57) Concurrent Mark Free 0.002ms
[38.663s][info][gc,phases   ] GC(57) Concurrent Process Non-Strong References 4.357ms
[38.663s][info][gc,phases   ] GC(57) Concurrent Reset Relocation Set 0.031ms
[38.671s][info][gc,phases   ] GC(57) Concurrent Select Relocation Set 8.512ms
[38.672s][info][gc,phases   ] GC(57) Pause Relocate Start 0.019ms
[38.673s][info][gc,phases   ] GC(57) Concurrent Relocate 0.912ms
[38.673s][info][gc,load     ] GC(57) Load: 0.00/0.00/0.00
[38.673s][info][gc,mmu      ] GC(57) MMU: 2ms/97.9%, 5ms/99.1%, 10ms/99.5%, 20ms/99.7%, 50ms/99.9%, 100ms/99.9%
[38.673s][info][gc,marking  ] GC(57) Mark: 2 stripe(s), 1 proactive flush(es), 1 terminate flush(es), 0 completion(s), 0 continuation(s) 
[38.673s][info][gc,marking  ] GC(57) Mark Stack Usage: 32M
[38.673s][info][gc,nmethod  ] GC(57) NMethods: 3005 registered, 0 unregistered
[38.673s][info][gc,metaspace] GC(57) Metaspace: 15M used, 15M committed, 1088M reserved
[38.673s][info][gc,ref      ] GC(57) Soft: 392 encountered, 0 discovered, 0 enqueued
[38.673s][info][gc,ref      ] GC(57) Weak: 731 encountered, 151 discovered, 0 enqueued
[38.673s][info][gc,ref      ] GC(57) Final: 0 encountered, 0 discovered, 0 enqueued
[38.673s][info][gc,ref      ] GC(57) Phantom: 64 encountered, 49 discovered, 0 enqueued
[38.673s][info][gc,reloc    ] GC(57) Small Pages: 190 / 380M, Empty: 366M, Relocated: 1M, In-Place: 0
[38.673s][info][gc,reloc    ] GC(57) Medium Pages: 1 / 32M, Empty: 32M, Relocated: 0M, In-Place: 0
[38.673s][info][gc,reloc    ] GC(57) Large Pages: 12 / 72M, Empty: 72M, Relocated: 0M, In-Place: 0
[38.673s][info][gc,reloc    ] GC(57) Forwarding Usage: 0M
[38.673s][info][gc,heap     ] GC(57) Min Capacity: 2048M(100%)
[38.673s][info][gc,heap     ] GC(57) Max Capacity: 2048M(100%)
[38.673s][info][gc,heap     ] GC(57) Soft Max Capacity: 2048M(100%)
[38.673s][info][gc,heap     ] GC(57)                Mark Start          Mark End        Relocate Start      Relocate End           High               Low         
[38.673s][info][gc,heap     ] GC(57)  Capacity:     2048M (100%)       2048M (100%)       2048M (100%)       2048M (100%)       2048M (100%)       2048M (100%)   
[38.673s][info][gc,heap     ] GC(57)      Free:     1564M (76%)        1564M (76%)        2034M (99%)        2038M (100%)       2038M (100%)       1564M (76%)    
[38.673s][info][gc,heap     ] GC(57)      Used:      484M (24%)         484M (24%)          14M (1%)           10M (0%)          484M (24%)          10M (0%)     
[38.673s][info][gc,heap     ] GC(57)      Live:         -                 6M (0%)            6M (0%)            6M (0%)             -                  -          
[38.673s][info][gc,heap     ] GC(57) Allocated:         -                 0M (0%)            0M (0%)            0M (0%)             -                  -          
[38.673s][info][gc,heap     ] GC(57)   Garbage:         -               477M (23%)           7M (0%)            3M (0%)             -                  -          
[38.673s][info][gc,heap     ] GC(57) Reclaimed:         -                  -               470M (23%)         474M (23%)            -                  -          
[38.673s][info][gc          ] GC(57) Garbage Collection (System.gc()) 484M(24%)->10M(0%)
[39.615s][info][gc,start    ] GC(58) Garbage Collection (Allocation Rate)
[39.615s][info][gc,task     ] GC(58) Using 2 workers
[39.616s][info][gc,phases   ] GC(58) Pause Mark Start 0.006ms
[39.868s][info][gc,phases   ] GC(58) Concurrent Mark 237.082ms
[39.868s][info][gc,phases   ] GC(58) Pause Mark End 0.023ms
[39.869s][info][gc,phases   ] GC(58) Concurrent Mark Free 0.002ms
[39.872s][info][gc,phases   ] GC(58) Concurrent Process Non-Strong References 3.597ms
[39.872s][info][gc,phases   ] GC(58) Concurrent Reset Relocation Set 0.001ms
[39.894s][info][gc,phases   ] GC(58) Concurrent Select Relocation Set 22.170ms
[39.895s][info][gc,phases   ] GC(58) Pause Relocate Start 0.014ms
[40.023s][info][gc,phases   ] GC(58) Concurrent Relocate 128.109ms
[40.023s][info][gc,load     ] GC(58) Load: 0.00/0.00/0.00
[40.023s][info][gc,mmu      ] GC(58) MMU: 2ms/97.9%, 5ms/99.1%, 10ms/99.5%, 20ms/99.7%, 50ms/99.9%, 100ms/99.9%
[40.023s][info][gc,marking  ] GC(58) Mark: 2 stripe(s), 2 proactive flush(es), 1 terminate flush(es), 0 completion(s), 0 continuation(s) 
[40.023s][info][gc,marking  ] GC(58) Mark Stack Usage: 32M
[40.023s][info][gc,nmethod  ] GC(58) NMethods: 3011 registered, 0 unregistered
[40.023s][info][gc,metaspace] GC(58) Metaspace: 15M used, 15M committed, 1088M reserved
[40.023s][info][gc,ref      ] GC(58) Soft: 392 encountered, 0 discovered, 0 enqueued
[40.023s][info][gc,ref      ] GC(58) Weak: 747 encountered, 381 discovered, 0 enqueued
[40.023s][info][gc,ref      ] GC(58) Final: 0 encountered, 0 discovered, 0 enqueued
[40.023s][info][gc,ref      ] GC(58) Phantom: 64 encountered, 50 discovered, 0 enqueued
[40.023s][info][gc,reloc    ] GC(58) Small Pages: 494 / 988M, Empty: 296M, Relocated: 192M, In-Place: 0
[40.023s][info][gc,reloc    ] GC(58) Medium Pages: 3 / 96M, Empty: 64M, Relocated: 0M, In-Place: 0
[40.023s][info][gc,reloc    ] GC(58) Large Pages: 21 / 154M, Empty: 82M, Relocated: 0M, In-Place: 0
[40.023s][info][gc,reloc    ] GC(58) Forwarding Usage: 121M
[40.023s][info][gc,heap     ] GC(58) Min Capacity: 2048M(100%)
[40.023s][info][gc,heap     ] GC(58) Max Capacity: 2048M(100%)
[40.023s][info][gc,heap     ] GC(58) Soft Max Capacity: 2048M(100%)
[40.023s][info][gc,heap     ] GC(58)                Mark Start          Mark End        Relocate Start      Relocate End           High               Low         
[40.023s][info][gc,heap     ] GC(58)  Capacity:     2048M (100%)       2048M (100%)       2048M (100%)       2048M (100%)       2048M (100%)       2048M (100%)   
[40.023s][info][gc,heap     ] GC(58)      Free:      810M (40%)         728M (36%)        1170M (57%)        1658M (81%)        1658M (81%)         728M (36%)    
[40.023s][info][gc,heap     ] GC(58)      Used:     1238M (60%)        1320M (64%)         878M (43%)         390M (19%)        1320M (64%)         390M (19%)    
[40.023s][info][gc,heap     ] GC(58)      Live:         -               272M (13%)         272M (13%)         272M (13%)            -                  -          
[40.023s][info][gc,heap     ] GC(58) Allocated:         -                82M (4%)           82M (4%)           82M (4%)             -                  -          
[40.023s][info][gc,heap     ] GC(58)   Garbage:         -               965M (47%)         523M (26%)          35M (2%)             -                  -          
[40.023s][info][gc,heap     ] GC(58) Reclaimed:         -                  -               442M (22%)         930M (45%)            -                  -          
[40.023s][info][gc          ] GC(58) Garbage Collection (Allocation Rate) 1238M(60%)->390M(19%)
[40.023s][info][gc,start    ] GC(59) Garbage Collection (System.gc())
[40.023s][info][gc,task     ] GC(59) Using 2 workers
[40.023s][info][gc,phases   ] GC(59) Pause Mark Start 0.008ms
[40.041s][info][gc,phases   ] GC(59) Concurrent Mark 17.999ms
[40.042s][info][gc,phases   ] GC(59) Pause Mark End 0.024ms
[40.042s][info][gc,phases   ] GC(59) Concurrent Mark Free 0.003ms
[40.046s][info][gc,phases   ] GC(59) Concurrent Process Non-Strong References 4.064ms
[40.046s][info][gc,phases   ] GC(59) Concurrent Reset Relocation Set 0.033ms
[40.055s][info][gc,phases   ] GC(59) Concurrent Select Relocation Set 8.786ms
[40.055s][info][gc,phases   ] GC(59) Pause Relocate Start 0.022ms
[40.056s][info][gc,phases   ] GC(59) Concurrent Relocate 0.923ms
[40.056s][info][gc,load     ] GC(59) Load: 0.00/0.00/0.00
[40.056s][info][gc,mmu      ] GC(59) MMU: 2ms/97.9%, 5ms/99.1%, 10ms/99.5%, 20ms/99.7%, 50ms/99.9%, 100ms/99.9%
[40.056s][info][gc,marking  ] GC(59) Mark: 2 stripe(s), 1 proactive flush(es), 1 terminate flush(es), 0 completion(s), 0 continuation(s) 
[40.056s][info][gc,marking  ] GC(59) Mark Stack Usage: 32M
[40.056s][info][gc,nmethod  ] GC(59) NMethods: 3011 registered, 0 unregistered
[40.056s][info][gc,metaspace] GC(59) Metaspace: 15M used, 15M committed, 1088M reserved
[40.056s][info][gc,ref      ] GC(59) Soft: 392 encountered, 0 discovered, 0 enqueued
[40.056s][info][gc,ref      ] GC(59) Weak: 731 encountered, 145 discovered, 0 enqueued
[40.056s][info][gc,ref      ] GC(59) Final: 0 encountered, 0 discovered, 0 enqueued
[40.056s][info][gc,ref      ] GC(59) Phantom: 64 encountered, 46 discovered, 0 enqueued
[40.056s][info][gc,reloc    ] GC(59) Small Pages: 143 / 286M, Empty: 270M, Relocated: 1M, In-Place: 0
[40.056s][info][gc,reloc    ] GC(59) Medium Pages: 1 / 32M, Empty: 32M, Relocated: 0M, In-Place: 0
[40.056s][info][gc,reloc    ] GC(59) Large Pages: 12 / 72M, Empty: 72M, Relocated: 0M, In-Place: 0
[40.056s][info][gc,reloc    ] GC(59) Forwarding Usage: 0M
[40.056s][info][gc,heap     ] GC(59) Min Capacity: 2048M(100%)
[40.056s][info][gc,heap     ] GC(59) Max Capacity: 2048M(100%)
[40.056s][info][gc,heap     ] GC(59) Soft Max Capacity: 2048M(100%)
[40.056s][info][gc,heap     ] GC(59)                Mark Start          Mark End        Relocate Start      Relocate End           High               Low         
[40.056s][info][gc,heap     ] GC(59)  Capacity:     2048M (100%)       2048M (100%)       2048M (100%)       2048M (100%)       2048M (100%)       2048M (100%)   
[40.056s][info][gc,heap     ] GC(59)      Free:     1658M (81%)        1658M (81%)        2032M (99%)        2038M (100%)       2038M (100%)       1658M (81%)    
[40.056s][info][gc,heap     ] GC(59)      Used:      390M (19%)         390M (19%)          16M (1%)           10M (0%)          390M (19%)          10M (0%)     
[40.056s][info][gc,heap     ] GC(59)      Live:         -                 6M (0%)            6M (0%)            6M (0%)             -                  -          
[40.056s][info][gc,heap     ] GC(59) Allocated:         -                 0M (0%)            0M (0%)            0M (0%)             -                  -          
[40.056s][info][gc,heap     ] GC(59)   Garbage:         -               383M (19%)           9M (0%)            3M (0%)             -                  -          
[40.056s][info][gc,heap     ] GC(59) Reclaimed:         -                  -               374M (18%)         380M (19%)            -                  -          
[40.056s][info][gc          ] GC(59) Garbage Collection (System.gc()) 390M(19%)->10M(0%)
[40.104s][info][gc,stats    ] === Garbage Collection Statistics =======================================================================================================================
[40.104s][info][gc,stats    ]                                                              Last 10s              Last 10m              Last 10h                Total
[40.104s][info][gc,stats    ]                                                              Avg / Max             Avg / Max             Avg / Max             Avg / Max
[40.104s][info][gc,stats    ]   Collector: Garbage Collection Cycle                    229.246 / 465.355     227.409 / 465.355     227.409 / 465.355     227.409 / 465.355     ms
[40.104s][info][gc,stats    ]  Contention: Mark Segment Reset Contention                     0 / 2                 0 / 2                 0 / 2                 0 / 2           ops/s
[40.104s][info][gc,stats    ]  Contention: Mark SeqNum Reset Contention                      0 / 0                 0 / 1                 0 / 1                 0 / 1           ops/s
[40.104s][info][gc,stats    ]    Critical: Allocation Stall                                  0 / 0                 0 / 0                 0 / 0                 0 / 0           ops/s
[40.105s][info][gc,stats    ]    Critical: Allocation Stall                              0.000 / 0.000         0.000 / 0.000         0.000 / 0.000         0.000 / 0.000       ms
[40.105s][info][gc,stats    ]    Critical: GC Locker Stall                                   0 / 0                 0 / 0                 0 / 0                 0 / 0           ops/s
[40.105s][info][gc,stats    ]    Critical: GC Locker Stall                               0.000 / 0.000         0.000 / 0.000         0.000 / 0.000         0.000 / 0.000       ms
[40.105s][info][gc,stats    ]    Critical: Relocation Stall                                  0 / 0                 0 / 0                 0 / 0                 0 / 0           ops/s
[40.105s][info][gc,stats    ]    Critical: Relocation Stall                              0.000 / 0.000         0.000 / 0.000         0.000 / 0.000         0.000 / 0.000       ms
[40.105s][info][gc,stats    ]      Memory: Allocation Rate                                 976 / 1244            915 / 1244            915 / 1244            915 / 1244        MB/s
[40.105s][info][gc,stats    ]      Memory: Out Of Memory                                     0 / 0                 0 / 0                 0 / 0                 0 / 0           ops/s
[40.105s][info][gc,stats    ]      Memory: Page Cache Flush                                  0 / 0                 0 / 0                 0 / 0                 0 / 0           MB/s
[40.105s][info][gc,stats    ]      Memory: Page Cache Hit L1                               486 / 550             438 / 557             438 / 557             438 / 557         ops/s
[40.105s][info][gc,stats    ]      Memory: Page Cache Hit L2                                 0 / 0                 0 / 0                 0 / 0                 0 / 0           ops/s
[40.105s][info][gc,stats    ]      Memory: Page Cache Hit L3                                 0 / 1                14 / 195              14 / 195              14 / 195         ops/s
[40.105s][info][gc,stats    ]      Memory: Page Cache Miss                                   0 / 0                 0 / 1                 0 / 1                 0 / 1           ops/s
[40.105s][info][gc,stats    ]      Memory: Uncommit                                          0 / 0                 0 / 0                 0 / 0                 0 / 0           MB/s
[40.105s][info][gc,stats    ]      Memory: Undo Object Allocation Failed                     0 / 2                 0 / 2                 0 / 2                 0 / 2           ops/s
[40.105s][info][gc,stats    ]      Memory: Undo Object Allocation Succeeded              24876 / 248763         6951 / 248763         6951 / 248763         6951 / 248763      ops/s
[40.105s][info][gc,stats    ]      Memory: Undo Page Allocation                              0 / 3                 0 / 3                 0 / 3                 0 / 3           ops/s
[40.105s][info][gc,stats    ]       Phase: Concurrent Mark                             134.907 / 272.713     135.926 / 352.487     135.926 / 352.487     135.926 / 352.487     ms
[40.105s][info][gc,stats    ]       Phase: Concurrent Mark Continue                      0.000 / 0.000         0.000 / 0.000         0.000 / 0.000         0.000 / 0.000       ms
[40.105s][info][gc,stats    ]       Phase: Concurrent Mark Free                          0.002 / 0.003         0.002 / 0.004         0.002 / 0.004         0.002 / 0.004       ms
[40.105s][info][gc,stats    ]       Phase: Concurrent Process Non-Strong References      4.285 / 15.958        3.267 / 15.958        3.267 / 15.958        3.267 / 15.958      ms
[40.105s][info][gc,stats    ]       Phase: Concurrent Relocate                          66.262 / 151.487      63.835 / 151.919      63.835 / 151.919      63.835 / 151.919     ms
[40.105s][info][gc,stats    ]       Phase: Concurrent Reset Relocation Set               0.016 / 0.035         0.014 / 0.035         0.014 / 0.035         0.014 / 0.035       ms
[40.105s][info][gc,stats    ]       Phase: Concurrent Select Relocation Set             15.325 / 24.377       15.822 / 26.863       15.822 / 26.863       15.822 / 26.863      ms
[40.105s][info][gc,stats    ]       Phase: Pause Mark End                                0.021 / 0.029         0.020 / 0.043         0.020 / 0.043         0.020 / 0.043       ms
[40.105s][info][gc,stats    ]       Phase: Pause Mark Start                              0.008 / 0.010         0.008 / 0.019         0.008 / 0.019         0.008 / 0.019       ms
[40.105s][info][gc,stats    ]       Phase: Pause Relocate Start                          0.018 / 0.032         0.017 / 0.032         0.017 / 0.032         0.017 / 0.032       ms
[40.105s][info][gc,stats    ]    Subphase: Concurrent Classes Purge                      0.116 / 0.158         0.106 / 0.252         0.106 / 0.252         0.106 / 0.252       ms
[40.105s][info][gc,stats    ]    Subphase: Concurrent Classes Unlink                     2.742 / 3.546         2.356 / 4.168         2.356 / 4.168         2.356 / 4.168       ms
[40.105s][info][gc,stats    ]    Subphase: Concurrent Mark                             128.720 / 272.220     131.188 / 351.776     131.188 / 351.776     131.188 / 351.776     ms
[40.105s][info][gc,stats    ]    Subphase: Concurrent Mark Try Flush                     0.422 / 12.111        0.399 / 15.584        0.399 / 15.584        0.399 / 15.584      ms
[40.105s][info][gc,stats    ]    Subphase: Concurrent Mark Try Terminate                 4.539 / 15.812        3.687 / 16.032        3.687 / 16.032        3.687 / 16.032      ms
[40.105s][info][gc,stats    ]    Subphase: Concurrent References Enqueue                 0.000 / 0.000         0.001 / 0.005         0.001 / 0.005         0.001 / 0.005       ms
[40.105s][info][gc,stats    ]    Subphase: Concurrent References Process                 0.108 / 0.151         0.116 / 0.238         0.116 / 0.238         0.116 / 0.238       ms
[40.105s][info][gc,stats    ]    Subphase: Concurrent Roots ClassLoaderDataGraph         0.085 / 0.240         0.084 / 0.265         0.084 / 0.265         0.084 / 0.265       ms
[40.105s][info][gc,stats    ]    Subphase: Concurrent Roots CodeCache                    0.000 / 0.000         0.000 / 0.000         0.000 / 0.000         0.000 / 0.000       ms
[40.105s][info][gc,stats    ]    Subphase: Concurrent Roots JavaThreads                  0.347 / 2.583         0.280 / 2.583         0.280 / 2.583         0.280 / 2.583       ms
[40.105s][info][gc,stats    ]    Subphase: Concurrent Roots OopStorageSet                0.015 / 0.024         0.017 / 0.049         0.017 / 0.049         0.017 / 0.049       ms
[40.105s][info][gc,stats    ]    Subphase: Concurrent Weak Roots OopStorageSet           0.334 / 0.505         0.304 / 0.505         0.304 / 0.505         0.304 / 0.505       ms
[40.105s][info][gc,stats    ]    Subphase: Pause Mark Try Complete                       0.000 / 0.000         0.000 / 0.000         0.000 / 0.000         0.000 / 0.000       ms
[40.105s][info][gc,stats    ]      System: Java Threads                                     13 / 18               13 / 19               13 / 19               13 / 19          threads
[40.105s][info][gc,stats    ] =========================================================================================================================================================
[41.014s][info][gc,start    ] GC(60) Garbage Collection (Allocation Rate)
[41.014s][info][gc,task     ] GC(60) Using 2 workers
[41.014s][info][gc,phases   ] GC(60) Pause Mark Start 0.008ms
[41.254s][info][gc,phases   ] GC(60) Concurrent Mark 224.162ms
[41.254s][info][gc,phases   ] GC(60) Pause Mark End 0.013ms
[41.254s][info][gc,phases   ] GC(60) Concurrent Mark Free 0.001ms
[41.257s][info][gc,phases   ] GC(60) Concurrent Process Non-Strong References 3.087ms
[41.257s][info][gc,phases   ] GC(60) Concurrent Reset Relocation Set 0.001ms
[41.280s][info][gc,phases   ] GC(60) Concurrent Select Relocation Set 22.592ms
[41.280s][info][gc,phases   ] GC(60) Pause Relocate Start 0.008ms
[41.407s][info][gc,phases   ] GC(60) Concurrent Relocate 126.601ms
[41.407s][info][gc,load     ] GC(60) Load: 0.00/0.00/0.00
[41.407s][info][gc,mmu      ] GC(60) MMU: 2ms/97.9%, 5ms/99.1%, 10ms/99.5%, 20ms/99.7%, 50ms/99.9%, 100ms/99.9%
[41.407s][info][gc,marking  ] GC(60) Mark: 2 stripe(s), 2 proactive flush(es), 1 terminate flush(es), 0 completion(s), 0 continuation(s) 
[41.407s][info][gc,marking  ] GC(60) Mark Stack Usage: 32M
[41.407s][info][gc,nmethod  ] GC(60) NMethods: 3023 registered, 0 unregistered
[41.407s][info][gc,metaspace] GC(60) Metaspace: 15M used, 15M committed, 1088M reserved
[41.407s][info][gc,ref      ] GC(60) Soft: 392 encountered, 0 discovered, 0 enqueued
[41.407s][info][gc,ref      ] GC(60) Weak: 748 encountered, 259 discovered, 0 enqueued
[41.407s][info][gc,ref      ] GC(60) Final: 0 encountered, 0 discovered, 0 enqueued
[41.407s][info][gc,ref      ] GC(60) Phantom: 64 encountered, 50 discovered, 0 enqueued
[41.407s][info][gc,reloc    ] GC(60) Small Pages: 436 / 872M, Empty: 194M, Relocated: 192M, In-Place: 0
[41.407s][info][gc,reloc    ] GC(60) Medium Pages: 3 / 96M, Empty: 64M, Relocated: 0M, In-Place: 0
[41.407s][info][gc,reloc    ] GC(60) Large Pages: 21 / 154M, Empty: 82M, Relocated: 0M, In-Place: 0
[41.407s][info][gc,reloc    ] GC(60) Forwarding Usage: 120M
[41.407s][info][gc,heap     ] GC(60) Min Capacity: 2048M(100%)
[41.407s][info][gc,heap     ] GC(60) Max Capacity: 2048M(100%)
[41.407s][info][gc,heap     ] GC(60) Soft Max Capacity: 2048M(100%)
[41.407s][info][gc,heap     ] GC(60)                Mark Start          Mark End        Relocate Start      Relocate End           High               Low         
[41.407s][info][gc,heap     ] GC(60)  Capacity:     2048M (100%)       2048M (100%)       2048M (100%)       2048M (100%)       2048M (100%)       2048M (100%)   
[41.407s][info][gc,heap     ] GC(60)      Free:      926M (45%)         874M (43%)        1214M (59%)        1690M (83%)        1690M (83%)         874M (43%)    
[41.407s][info][gc,heap     ] GC(60)      Used:     1122M (55%)        1174M (57%)         834M (41%)         358M (17%)        1174M (57%)         358M (17%)    
[41.407s][info][gc,heap     ] GC(60)      Live:         -               272M (13%)         272M (13%)         272M (13%)            -                  -          
[41.407s][info][gc,heap     ] GC(60) Allocated:         -                52M (3%)           52M (3%)           52M (3%)             -                  -          
[41.407s][info][gc,heap     ] GC(60)   Garbage:         -               849M (41%)         509M (25%)          33M (2%)             -                  -          
[41.407s][info][gc,heap     ] GC(60) Reclaimed:         -                  -               340M (17%)         816M (40%)            -                  -          
[41.407s][info][gc          ] GC(60) Garbage Collection (Allocation Rate) 1122M(55%)->358M(17%)
[41.407s][info][gc,start    ] GC(61) Garbage Collection (System.gc())
[41.407s][info][gc,task     ] GC(61) Using 2 workers
[41.407s][info][gc,phases   ] GC(61) Pause Mark Start 0.006ms
[41.427s][info][gc,phases   ] GC(61) Concurrent Mark 19.302ms
[41.427s][info][gc,phases   ] GC(61) Pause Mark End 0.021ms
[41.427s][info][gc,phases   ] GC(61) Concurrent Mark Free 0.002ms
[41.431s][info][gc,phases   ] GC(61) Concurrent Process Non-Strong References 3.779ms
[41.431s][info][gc,phases   ] GC(61) Concurrent Reset Relocation Set 0.030ms
[41.439s][info][gc,phases   ] GC(61) Concurrent Select Relocation Set 8.477ms
[41.440s][info][gc,phases   ] GC(61) Pause Relocate Start 0.022ms
[41.441s][info][gc,phases   ] GC(61) Concurrent Relocate 1.011ms
[41.441s][info][gc,load     ] GC(61) Load: 0.00/0.00/0.00
[41.441s][info][gc,mmu      ] GC(61) MMU: 2ms/97.9%, 5ms/99.1%, 10ms/99.5%, 20ms/99.7%, 50ms/99.9%, 100ms/99.9%
[41.441s][info][gc,marking  ] GC(61) Mark: 2 stripe(s), 3 proactive flush(es), 1 terminate flush(es), 0 completion(s), 0 continuation(s) 
[41.441s][info][gc,marking  ] GC(61) Mark Stack Usage: 32M
[41.441s][info][gc,nmethod  ] GC(61) NMethods: 3023 registered, 0 unregistered
[41.441s][info][gc,metaspace] GC(61) Metaspace: 15M used, 15M committed, 1088M reserved
[41.441s][info][gc,ref      ] GC(61) Soft: 392 encountered, 0 discovered, 0 enqueued
[41.441s][info][gc,ref      ] GC(61) Weak: 731 encountered, 449 discovered, 0 enqueued
[41.441s][info][gc,ref      ] GC(61) Final: 0 encountered, 0 discovered, 0 enqueued
[41.441s][info][gc,ref      ] GC(61) Phantom: 64 encountered, 48 discovered, 0 enqueued
[41.441s][info][gc,reloc    ] GC(61) Small Pages: 127 / 254M, Empty: 238M, Relocated: 1M, In-Place: 0
[41.441s][info][gc,reloc    ] GC(61) Medium Pages: 1 / 32M, Empty: 32M, Relocated: 0M, In-Place: 0
[41.441s][info][gc,reloc    ] GC(61) Large Pages: 12 / 72M, Empty: 72M, Relocated: 0M, In-Place: 0
[41.441s][info][gc,reloc    ] GC(61) Forwarding Usage: 0M
[41.441s][info][gc,heap     ] GC(61) Min Capacity: 2048M(100%)
[41.441s][info][gc,heap     ] GC(61) Max Capacity: 2048M(100%)
[41.441s][info][gc,heap     ] GC(61) Soft Max Capacity: 2048M(100%)
[41.441s][info][gc,heap     ] GC(61)                Mark Start          Mark End        Relocate Start      Relocate End           High               Low         
[41.441s][info][gc,heap     ] GC(61)  Capacity:     2048M (100%)       2048M (100%)       2048M (100%)       2048M (100%)       2048M (100%)       2048M (100%)   
[41.441s][info][gc,heap     ] GC(61)      Free:     1690M (83%)        1690M (83%)        2032M (99%)        2038M (100%)       2038M (100%)       1690M (83%)    
[41.441s][info][gc,heap     ] GC(61)      Used:      358M (17%)         358M (17%)          16M (1%)           10M (0%)          358M (17%)          10M (0%)     
[41.441s][info][gc,heap     ] GC(61)      Live:         -                 6M (0%)            6M (0%)            6M (0%)             -                  -          
[41.441s][info][gc,heap     ] GC(61) Allocated:         -                 0M (0%)            0M (0%)            0M (0%)             -                  -          
[41.441s][info][gc,heap     ] GC(61)   Garbage:         -               351M (17%)           9M (0%)            3M (0%)             -                  -          
[41.441s][info][gc,heap     ] GC(61) Reclaimed:         -                  -               342M (17%)         348M (17%)            -                  -          
[41.441s][info][gc          ] GC(61) Garbage Collection (System.gc()) 358M(17%)->10M(0%)
[42.303s][info][gc,start    ] GC(62) Garbage Collection (Allocation Rate)
[42.304s][info][gc,task     ] GC(62) Using 2 workers
[42.304s][info][gc,phases   ] GC(62) Pause Mark Start 0.007ms
[42.573s][info][gc,phases   ] GC(62) Concurrent Mark 254.183ms
[42.573s][info][gc,phases   ] GC(62) Pause Mark End 0.025ms
[42.573s][info][gc,phases   ] GC(62) Concurrent Mark Free 0.002ms
[42.577s][info][gc,phases   ] GC(62) Concurrent Process Non-Strong References 3.583ms
[42.577s][info][gc,phases   ] GC(62) Concurrent Reset Relocation Set 0.001ms
[42.599s][info][gc,phases   ] GC(62) Concurrent Select Relocation Set 22.014ms
[42.599s][info][gc,phases   ] GC(62) Pause Relocate Start 0.011ms
[42.725s][info][gc,phases   ] GC(62) Concurrent Relocate 126.067ms
[42.725s][info][gc,load     ] GC(62) Load: 0.00/0.00/0.00
[42.725s][info][gc,mmu      ] GC(62) MMU: 2ms/97.9%, 5ms/99.1%, 10ms/99.5%, 20ms/99.7%, 50ms/99.9%, 100ms/99.9%
[42.725s][info][gc,marking  ] GC(62) Mark: 2 stripe(s), 2 proactive flush(es), 1 terminate flush(es), 0 completion(s), 0 continuation(s) 
[42.725s][info][gc,marking  ] GC(62) Mark Stack Usage: 32M
[42.725s][info][gc,nmethod  ] GC(62) NMethods: 3035 registered, 0 unregistered
[42.725s][info][gc,metaspace] GC(62) Metaspace: 15M used, 15M committed, 1088M reserved
[42.725s][info][gc,ref      ] GC(62) Soft: 392 encountered, 0 discovered, 0 enqueued
[42.725s][info][gc,ref      ] GC(62) Weak: 748 encountered, 345 discovered, 0 enqueued
[42.725s][info][gc,ref      ] GC(62) Final: 0 encountered, 0 discovered, 0 enqueued
[42.725s][info][gc,ref      ] GC(62) Phantom: 64 encountered, 51 discovered, 0 enqueued
[42.725s][info][gc,reloc    ] GC(62) Small Pages: 411 / 822M, Empty: 132M, Relocated: 192M, In-Place: 0
[42.725s][info][gc,reloc    ] GC(62) Medium Pages: 3 / 96M, Empty: 64M, Relocated: 0M, In-Place: 0
[42.725s][info][gc,reloc    ] GC(62) Large Pages: 21 / 154M, Empty: 82M, Relocated: 0M, In-Place: 0
[42.725s][info][gc,reloc    ] GC(62) Forwarding Usage: 118M
[42.725s][info][gc,heap     ] GC(62) Min Capacity: 2048M(100%)
[42.725s][info][gc,heap     ] GC(62) Max Capacity: 2048M(100%)
[42.725s][info][gc,heap     ] GC(62) Soft Max Capacity: 2048M(100%)
[42.725s][info][gc,heap     ] GC(62)                Mark Start          Mark End        Relocate Start      Relocate End           High               Low         
[42.725s][info][gc,heap     ] GC(62)  Capacity:     2048M (100%)       2048M (100%)       2048M (100%)       2048M (100%)       2048M (100%)       2048M (100%)   
[42.725s][info][gc,heap     ] GC(62)      Free:      976M (48%)         876M (43%)        1154M (56%)        1642M (80%)        1642M (80%)         876M (43%)    
[42.725s][info][gc,heap     ] GC(62)      Used:     1072M (52%)        1172M (57%)         894M (44%)         406M (20%)        1172M (57%)         406M (20%)    
[42.725s][info][gc,heap     ] GC(62)      Live:         -               272M (13%)         272M (13%)         272M (13%)            -                  -          
[42.725s][info][gc,heap     ] GC(62) Allocated:         -               100M (5%)          100M (5%)          100M (5%)             -                  -          
[42.725s][info][gc,heap     ] GC(62)   Garbage:         -               799M (39%)         521M (25%)          33M (2%)             -                  -          
[42.725s][info][gc,heap     ] GC(62) Reclaimed:         -                  -               278M (14%)         766M (37%)            -                  -          
[42.725s][info][gc          ] GC(62) Garbage Collection (Allocation Rate) 1072M(52%)->406M(20%)
[42.725s][info][gc,start    ] GC(63) Garbage Collection (System.gc())
[42.725s][info][gc,task     ] GC(63) Using 2 workers
[42.725s][info][gc,phases   ] GC(63) Pause Mark Start 0.008ms
[42.746s][info][gc,phases   ] GC(63) Concurrent Mark 20.061ms
[42.746s][info][gc,phases   ] GC(63) Pause Mark End 0.022ms
[42.746s][info][gc,phases   ] GC(63) Concurrent Mark Free 0.001ms
[42.750s][info][gc,phases   ] GC(63) Concurrent Process Non-Strong References 4.341ms
[42.750s][info][gc,phases   ] GC(63) Concurrent Reset Relocation Set 0.049ms
[42.759s][info][gc,phases   ] GC(63) Concurrent Select Relocation Set 8.423ms
[42.759s][info][gc,phases   ] GC(63) Pause Relocate Start 0.021ms
[42.760s][info][gc,phases   ] GC(63) Concurrent Relocate 1.339ms
[42.761s][info][gc,load     ] GC(63) Load: 0.00/0.00/0.00
[42.761s][info][gc,mmu      ] GC(63) MMU: 2ms/97.9%, 5ms/99.1%, 10ms/99.5%, 20ms/99.7%, 50ms/99.9%, 100ms/99.9%
[42.761s][info][gc,marking  ] GC(63) Mark: 2 stripe(s), 1 proactive flush(es), 1 terminate flush(es), 0 completion(s), 0 continuation(s) 
[42.761s][info][gc,marking  ] GC(63) Mark Stack Usage: 32M
[42.761s][info][gc,nmethod  ] GC(63) NMethods: 3035 registered, 0 unregistered
[42.761s][info][gc,metaspace] GC(63) Metaspace: 15M used, 15M committed, 1088M reserved
[42.761s][info][gc,ref      ] GC(63) Soft: 392 encountered, 0 discovered, 0 enqueued
[42.761s][info][gc,ref      ] GC(63) Weak: 731 encountered, 203 discovered, 0 enqueued
[42.761s][info][gc,ref      ] GC(63) Final: 0 encountered, 0 discovered, 0 enqueued
[42.761s][info][gc,ref      ] GC(63) Phantom: 64 encountered, 50 discovered, 0 enqueued
[42.761s][info][gc,reloc    ] GC(63) Small Pages: 151 / 302M, Empty: 290M, Relocated: 1M, In-Place: 0
[42.761s][info][gc,reloc    ] GC(63) Medium Pages: 1 / 32M, Empty: 32M, Relocated: 0M, In-Place: 0
[42.761s][info][gc,reloc    ] GC(63) Large Pages: 12 / 72M, Empty: 72M, Relocated: 0M, In-Place: 0
[42.761s][info][gc,reloc    ] GC(63) Forwarding Usage: 0M
[42.761s][info][gc,heap     ] GC(63) Min Capacity: 2048M(100%)
[42.761s][info][gc,heap     ] GC(63) Max Capacity: 2048M(100%)
[42.761s][info][gc,heap     ] GC(63) Soft Max Capacity: 2048M(100%)
[42.761s][info][gc,heap     ] GC(63)                Mark Start          Mark End        Relocate Start      Relocate End           High               Low         
[42.761s][info][gc,heap     ] GC(63)  Capacity:     2048M (100%)       2048M (100%)       2048M (100%)       2048M (100%)       2048M (100%)       2048M (100%)   
[42.761s][info][gc,heap     ] GC(63)      Free:     1642M (80%)        1642M (80%)        2036M (99%)        2038M (100%)       2038M (100%)       1642M (80%)    
[42.761s][info][gc,heap     ] GC(63)      Used:      406M (20%)         406M (20%)          12M (1%)           10M (0%)          406M (20%)          10M (0%)     
[42.761s][info][gc,heap     ] GC(63)      Live:         -                 6M (0%)            6M (0%)            6M (0%)             -                  -          
[42.761s][info][gc,heap     ] GC(63) Allocated:         -                 0M (0%)            0M (0%)            0M (0%)             -                  -          
[42.761s][info][gc,heap     ] GC(63)   Garbage:         -               399M (19%)           5M (0%)            3M (0%)             -                  -          
[42.761s][info][gc,heap     ] GC(63) Reclaimed:         -                  -               394M (19%)         396M (19%)            -                  -          
[42.761s][info][gc          ] GC(63) Garbage Collection (System.gc()) 406M(20%)->10M(0%)
[43.609s][info][gc,start    ] GC(64) Garbage Collection (Allocation Rate)
[43.609s][info][gc,task     ] GC(64) Using 2 workers
[43.610s][info][gc,phases   ] GC(64) Pause Mark Start 0.005ms
[43.873s][info][gc,phases   ] GC(64) Concurrent Mark 247.416ms
[43.873s][info][gc,phases   ] GC(64) Pause Mark End 0.021ms
[43.873s][info][gc,phases   ] GC(64) Concurrent Mark Free 0.001ms
[43.876s][info][gc,phases   ] GC(64) Concurrent Process Non-Strong References 3.192ms
[43.876s][info][gc,phases   ] GC(64) Concurrent Reset Relocation Set 0.001ms
[43.897s][info][gc,phases   ] GC(64) Concurrent Select Relocation Set 21.335ms
[43.898s][info][gc,phases   ] GC(64) Pause Relocate Start 0.010ms
[44.025s][info][gc,phases   ] GC(64) Concurrent Relocate 127.406ms
[44.025s][info][gc,load     ] GC(64) Load: 0.00/0.00/0.00
[44.025s][info][gc,mmu      ] GC(64) MMU: 2ms/97.9%, 5ms/99.1%, 10ms/99.5%, 20ms/99.7%, 50ms/99.9%, 100ms/99.9%
[44.025s][info][gc,marking  ] GC(64) Mark: 2 stripe(s), 2 proactive flush(es), 1 terminate flush(es), 0 completion(s), 0 continuation(s) 
[44.025s][info][gc,marking  ] GC(64) Mark Stack Usage: 32M
[44.025s][info][gc,nmethod  ] GC(64) NMethods: 3039 registered, 0 unregistered
[44.025s][info][gc,metaspace] GC(64) Metaspace: 15M used, 15M committed, 1088M reserved
[44.025s][info][gc,ref      ] GC(64) Soft: 392 encountered, 0 discovered, 0 enqueued
[44.025s][info][gc,ref      ] GC(64) Weak: 748 encountered, 111 discovered, 0 enqueued
[44.025s][info][gc,ref      ] GC(64) Final: 0 encountered, 0 discovered, 0 enqueued
[44.025s][info][gc,ref      ] GC(64) Phantom: 64 encountered, 56 discovered, 0 enqueued
[44.025s][info][gc,reloc    ] GC(64) Small Pages: 408 / 816M, Empty: 132M, Relocated: 192M, In-Place: 0
[44.025s][info][gc,reloc    ] GC(64) Medium Pages: 3 / 96M, Empty: 32M, Relocated: 4M, In-Place: 0
[44.025s][info][gc,reloc    ] GC(64) Large Pages: 19 / 142M, Empty: 82M, Relocated: 0M, In-Place: 0
[44.025s][info][gc,reloc    ] GC(64) Forwarding Usage: 118M
[44.025s][info][gc,heap     ] GC(64) Min Capacity: 2048M(100%)
[44.025s][info][gc,heap     ] GC(64) Max Capacity: 2048M(100%)
[44.025s][info][gc,heap     ] GC(64) Soft Max Capacity: 2048M(100%)
[44.025s][info][gc,heap     ] GC(64)                Mark Start          Mark End        Relocate Start      Relocate End           High               Low         
[44.025s][info][gc,heap     ] GC(64)  Capacity:     2048M (100%)       2048M (100%)       2048M (100%)       2048M (100%)       2048M (100%)       2048M (100%)   
[44.025s][info][gc,heap     ] GC(64)      Free:      994M (49%)         876M (43%)        1122M (55%)        1636M (80%)        1636M (80%)         876M (43%)    
[44.025s][info][gc,heap     ] GC(64)      Used:     1054M (51%)        1172M (57%)         926M (45%)         412M (20%)        1172M (57%)         412M (20%)    
[44.025s][info][gc,heap     ] GC(64)      Live:         -               264M (13%)         264M (13%)         264M (13%)            -                  -          
[44.025s][info][gc,heap     ] GC(64) Allocated:         -               118M (6%)          118M (6%)          118M (6%)             -                  -          
[44.025s][info][gc,heap     ] GC(64)   Garbage:         -               789M (39%)         543M (27%)          29M (1%)             -                  -          
[44.025s][info][gc,heap     ] GC(64) Reclaimed:         -                  -               246M (12%)         760M (37%)            -                  -          
[44.025s][info][gc          ] GC(64) Garbage Collection (Allocation Rate) 1054M(51%)->412M(20%)
[44.025s][info][gc,start    ] GC(65) Garbage Collection (System.gc())
[44.025s][info][gc,task     ] GC(65) Using 2 workers
[44.025s][info][gc,phases   ] GC(65) Pause Mark Start 0.008ms
[44.045s][info][gc,phases   ] GC(65) Concurrent Mark 19.966ms
[44.046s][info][gc,phases   ] GC(65) Pause Mark End 0.020ms
[44.046s][info][gc,phases   ] GC(65) Concurrent Mark Free 0.002ms
[44.050s][info][gc,phases   ] GC(65) Concurrent Process Non-Strong References 4.328ms
[44.050s][info][gc,phases   ] GC(65) Concurrent Reset Relocation Set 0.033ms
[44.059s][info][gc,phases   ] GC(65) Concurrent Select Relocation Set 8.674ms
[44.059s][info][gc,phases   ] GC(65) Pause Relocate Start 0.019ms
[44.061s][info][gc,phases   ] GC(65) Concurrent Relocate 1.187ms
[44.061s][info][gc,load     ] GC(65) Load: 0.00/0.00/0.00
[44.061s][info][gc,mmu      ] GC(65) MMU: 2ms/97.9%, 5ms/99.1%, 10ms/99.5%, 20ms/99.7%, 50ms/99.9%, 100ms/99.9%
[44.061s][info][gc,marking  ] GC(65) Mark: 2 stripe(s), 1 proactive flush(es), 1 terminate flush(es), 0 completion(s), 0 continuation(s) 
[44.061s][info][gc,marking  ] GC(65) Mark Stack Usage: 32M
[44.061s][info][gc,nmethod  ] GC(65) NMethods: 3039 registered, 0 unregistered
[44.061s][info][gc,metaspace] GC(65) Metaspace: 15M used, 15M committed, 1088M reserved
[44.061s][info][gc,ref      ] GC(65) Soft: 392 encountered, 0 discovered, 0 enqueued
[44.061s][info][gc,ref      ] GC(65) Weak: 731 encountered, 80 discovered, 0 enqueued
[44.061s][info][gc,ref      ] GC(65) Final: 0 encountered, 0 discovered, 0 enqueued
[44.061s][info][gc,ref      ] GC(65) Phantom: 64 encountered, 48 discovered, 0 enqueued
[44.061s][info][gc,reloc    ] GC(65) Small Pages: 154 / 308M, Empty: 294M, Relocated: 1M, In-Place: 0
[44.061s][info][gc,reloc    ] GC(65) Medium Pages: 1 / 32M, Empty: 32M, Relocated: 0M, In-Place: 0
[44.061s][info][gc,reloc    ] GC(65) Large Pages: 12 / 72M, Empty: 72M, Relocated: 0M, In-Place: 0
[44.061s][info][gc,reloc    ] GC(65) Forwarding Usage: 0M
[44.061s][info][gc,heap     ] GC(65) Min Capacity: 2048M(100%)
[44.061s][info][gc,heap     ] GC(65) Max Capacity: 2048M(100%)
[44.061s][info][gc,heap     ] GC(65) Soft Max Capacity: 2048M(100%)
[44.061s][info][gc,heap     ] GC(65)                Mark Start          Mark End        Relocate Start      Relocate End           High               Low         
[44.061s][info][gc,heap     ] GC(65)  Capacity:     2048M (100%)       2048M (100%)       2048M (100%)       2048M (100%)       2048M (100%)       2048M (100%)   
[44.061s][info][gc,heap     ] GC(65)      Free:     1636M (80%)        1636M (80%)        2034M (99%)        2038M (100%)       2038M (100%)       1636M (80%)    
[44.061s][info][gc,heap     ] GC(65)      Used:      412M (20%)         412M (20%)          14M (1%)           10M (0%)          412M (20%)          10M (0%)     
[44.061s][info][gc,heap     ] GC(65)      Live:         -                 6M (0%)            6M (0%)            6M (0%)             -                  -          
[44.061s][info][gc,heap     ] GC(65) Allocated:         -                 0M (0%)            0M (0%)            0M (0%)             -                  -          
[44.061s][info][gc,heap     ] GC(65)   Garbage:         -               405M (20%)           7M (0%)            3M (0%)             -                  -          
[44.061s][info][gc,heap     ] GC(65) Reclaimed:         -                  -               398M (19%)         402M (20%)            -                  -          
[44.061s][info][gc          ] GC(65) Garbage Collection (System.gc()) 412M(20%)->10M(0%)
[44.912s][info][gc,start    ] GC(66) Garbage Collection (Allocation Rate)
[44.912s][info][gc,task     ] GC(66) Using 2 workers
[44.912s][info][gc,phases   ] GC(66) Pause Mark Start 0.009ms
[45.173s][info][gc,phases   ] GC(66) Concurrent Mark 245.952ms
[45.174s][info][gc,phases   ] GC(66) Pause Mark End 0.015ms
[45.174s][info][gc,phases   ] GC(66) Concurrent Mark Free 0.002ms
[45.177s][info][gc,phases   ] GC(66) Concurrent Process Non-Strong References 2.920ms
[45.177s][info][gc,phases   ] GC(66) Concurrent Reset Relocation Set 0.001ms
[45.198s][info][gc,phases   ] GC(66) Concurrent Select Relocation Set 20.866ms
[45.198s][info][gc,phases   ] GC(66) Pause Relocate Start 0.013ms
[45.329s][info][gc,phases   ] GC(66) Concurrent Relocate 130.882ms
[45.329s][info][gc,load     ] GC(66) Load: 0.00/0.00/0.00
[45.329s][info][gc,mmu      ] GC(66) MMU: 2ms/97.9%, 5ms/99.1%, 10ms/99.5%, 20ms/99.7%, 50ms/99.9%, 100ms/99.9%
[45.329s][info][gc,marking  ] GC(66) Mark: 2 stripe(s), 2 proactive flush(es), 1 terminate flush(es), 0 completion(s), 0 continuation(s) 
[45.329s][info][gc,marking  ] GC(66) Mark Stack Usage: 32M
[45.329s][info][gc,nmethod  ] GC(66) NMethods: 3052 registered, 0 unregistered
[45.329s][info][gc,metaspace] GC(66) Metaspace: 15M used, 15M committed, 1088M reserved
[45.329s][info][gc,ref      ] GC(66) Soft: 392 encountered, 0 discovered, 0 enqueued
[45.329s][info][gc,ref      ] GC(66) Weak: 749 encountered, 28 discovered, 0 enqueued
[45.329s][info][gc,ref      ] GC(66) Final: 0 encountered, 0 discovered, 0 enqueued
[45.329s][info][gc,ref      ] GC(66) Phantom: 64 encountered, 49 discovered, 0 enqueued
[45.329s][info][gc,reloc    ] GC(66) Small Pages: 410 / 820M, Empty: 134M, Relocated: 192M, In-Place: 0
[45.329s][info][gc,reloc    ] GC(66) Medium Pages: 3 / 96M, Empty: 64M, Relocated: 0M, In-Place: 0
[45.329s][info][gc,reloc    ] GC(66) Large Pages: 21 / 154M, Empty: 82M, Relocated: 0M, In-Place: 0
[45.329s][info][gc,reloc    ] GC(66) Forwarding Usage: 119M
[45.329s][info][gc,heap     ] GC(66) Min Capacity: 2048M(100%)
[45.329s][info][gc,heap     ] GC(66) Max Capacity: 2048M(100%)
[45.329s][info][gc,heap     ] GC(66) Soft Max Capacity: 2048M(100%)
[45.329s][info][gc,heap     ] GC(66)                Mark Start          Mark End        Relocate Start      Relocate End           High               Low         
[45.329s][info][gc,heap     ] GC(66)  Capacity:     2048M (100%)       2048M (100%)       2048M (100%)       2048M (100%)       2048M (100%)       2048M (100%)   
[45.329s][info][gc,heap     ] GC(66)      Free:      978M (48%)         878M (43%)        1158M (57%)        1642M (80%)        1642M (80%)         878M (43%)    
[45.329s][info][gc,heap     ] GC(66)      Used:     1070M (52%)        1170M (57%)         890M (43%)         406M (20%)        1170M (57%)         406M (20%)    
[45.329s][info][gc,heap     ] GC(66)      Live:         -               272M (13%)         272M (13%)         272M (13%)            -                  -          
[45.329s][info][gc,heap     ] GC(66) Allocated:         -               100M (5%)          100M (5%)          100M (5%)             -                  -          
[45.329s][info][gc,heap     ] GC(66)   Garbage:         -               797M (39%)         517M (25%)          33M (2%)             -                  -          
[45.329s][info][gc,heap     ] GC(66) Reclaimed:         -                  -               280M (14%)         764M (37%)            -                  -          
[45.329s][info][gc          ] GC(66) Garbage Collection (Allocation Rate) 1070M(52%)->406M(20%)
[45.329s][info][gc,start    ] GC(67) Garbage Collection (System.gc())
[45.329s][info][gc,task     ] GC(67) Using 2 workers
[45.329s][info][gc,phases   ] GC(67) Pause Mark Start 0.008ms
[45.346s][info][gc,phases   ] GC(67) Concurrent Mark 16.733ms
[45.346s][info][gc,phases   ] GC(67) Pause Mark End 0.021ms
[45.346s][info][gc,phases   ] GC(67) Concurrent Mark Free 0.002ms
[45.350s][info][gc,phases   ] GC(67) Concurrent Process Non-Strong References 3.304ms
[45.350s][info][gc,phases   ] GC(67) Concurrent Reset Relocation Set 0.031ms
[45.359s][info][gc,phases   ] GC(67) Concurrent Select Relocation Set 8.939ms
[45.359s][info][gc,phases   ] GC(67) Pause Relocate Start 0.020ms
[45.360s][info][gc,phases   ] GC(67) Concurrent Relocate 0.764ms
[45.360s][info][gc,load     ] GC(67) Load: 0.00/0.00/0.00
[45.360s][info][gc,mmu      ] GC(67) MMU: 2ms/97.9%, 5ms/99.1%, 10ms/99.5%, 20ms/99.7%, 50ms/99.9%, 100ms/99.9%
[45.360s][info][gc,marking  ] GC(67) Mark: 2 stripe(s), 1 proactive flush(es), 1 terminate flush(es), 0 completion(s), 0 continuation(s) 
[45.360s][info][gc,marking  ] GC(67) Mark Stack Usage: 32M
[45.360s][info][gc,nmethod  ] GC(67) NMethods: 3052 registered, 0 unregistered
[45.360s][info][gc,metaspace] GC(67) Metaspace: 15M used, 15M committed, 1088M reserved
[45.360s][info][gc,ref      ] GC(67) Soft: 392 encountered, 0 discovered, 0 enqueued
[45.360s][info][gc,ref      ] GC(67) Weak: 731 encountered, 512 discovered, 0 enqueued
[45.360s][info][gc,ref      ] GC(67) Final: 0 encountered, 0 discovered, 0 enqueued
[45.360s][info][gc,ref      ] GC(67) Phantom: 64 encountered, 50 discovered, 0 enqueued
[45.360s][info][gc,reloc    ] GC(67) Small Pages: 151 / 302M, Empty: 290M, Relocated: 1M, In-Place: 0
[45.360s][info][gc,reloc    ] GC(67) Medium Pages: 1 / 32M, Empty: 32M, Relocated: 0M, In-Place: 0
[45.360s][info][gc,reloc    ] GC(67) Large Pages: 12 / 72M, Empty: 72M, Relocated: 0M, In-Place: 0
[45.360s][info][gc,reloc    ] GC(67) Forwarding Usage: 0M
[45.360s][info][gc,heap     ] GC(67) Min Capacity: 2048M(100%)
[45.360s][info][gc,heap     ] GC(67) Max Capacity: 2048M(100%)
[45.360s][info][gc,heap     ] GC(67) Soft Max Capacity: 2048M(100%)
[45.360s][info][gc,heap     ] GC(67)                Mark Start          Mark End        Relocate Start      Relocate End           High               Low         
[45.360s][info][gc,heap     ] GC(67)  Capacity:     2048M (100%)       2048M (100%)       2048M (100%)       2048M (100%)       2048M (100%)       2048M (100%)   
[45.360s][info][gc,heap     ] GC(67)      Free:     1642M (80%)        1642M (80%)        2036M (99%)        2038M (100%)       2038M (100%)       1642M (80%)    
[45.360s][info][gc,heap     ] GC(67)      Used:      406M (20%)         406M (20%)          12M (1%)           10M (0%)          406M (20%)          10M (0%)     
[45.360s][info][gc,heap     ] GC(67)      Live:         -                 6M (0%)            6M (0%)            6M (0%)             -                  -          
[45.360s][info][gc,heap     ] GC(67) Allocated:         -                 0M (0%)            0M (0%)            0M (0%)             -                  -          
[45.360s][info][gc,heap     ] GC(67)   Garbage:         -               399M (19%)           5M (0%)            3M (0%)             -                  -          
[45.360s][info][gc,heap     ] GC(67) Reclaimed:         -                  -               394M (19%)         396M (19%)            -                  -          
[45.360s][info][gc          ] GC(67) Garbage Collection (System.gc()) 406M(20%)->10M(0%)
[46.204s][info][gc,start    ] GC(68) Garbage Collection (Allocation Rate)
[46.204s][info][gc,task     ] GC(68) Using 2 workers
[46.204s][info][gc,phases   ] GC(68) Pause Mark Start 0.009ms
[46.468s][info][gc,phases   ] GC(68) Concurrent Mark 263.757ms
[46.468s][info][gc,phases   ] GC(68) Pause Mark End 0.021ms
[46.468s][info][gc,phases   ] GC(68) Concurrent Mark Free 0.002ms
[46.471s][info][gc,phases   ] GC(68) Concurrent Process Non-Strong References 3.179ms
[46.471s][info][gc,phases   ] GC(68) Concurrent Reset Relocation Set 0.001ms
[46.493s][info][gc,phases   ] GC(68) Concurrent Select Relocation Set 22.069ms
[46.494s][info][gc,phases   ] GC(68) Pause Relocate Start 0.010ms
[46.621s][info][gc,phases   ] GC(68) Concurrent Relocate 126.950ms
[46.621s][info][gc,load     ] GC(68) Load: 0.00/0.00/0.00
[46.621s][info][gc,mmu      ] GC(68) MMU: 2ms/97.9%, 5ms/99.1%, 10ms/99.5%, 20ms/99.7%, 50ms/99.9%, 100ms/99.9%
[46.621s][info][gc,marking  ] GC(68) Mark: 2 stripe(s), 2 proactive flush(es), 1 terminate flush(es), 0 completion(s), 0 continuation(s) 
[46.621s][info][gc,marking  ] GC(68) Mark Stack Usage: 32M
[46.621s][info][gc,nmethod  ] GC(68) NMethods: 3058 registered, 0 unregistered
[46.621s][info][gc,metaspace] GC(68) Metaspace: 15M used, 15M committed, 1088M reserved
[46.621s][info][gc,ref      ] GC(68) Soft: 392 encountered, 0 discovered, 0 enqueued
[46.621s][info][gc,ref      ] GC(68) Weak: 749 encountered, 11 discovered, 0 enqueued
[46.621s][info][gc,ref      ] GC(68) Final: 0 encountered, 0 discovered, 0 enqueued
[46.621s][info][gc,ref      ] GC(68) Phantom: 64 encountered, 49 discovered, 0 enqueued
[46.621s][info][gc,reloc    ] GC(68) Small Pages: 407 / 814M, Empty: 132M, Relocated: 192M, In-Place: 0
[46.621s][info][gc,reloc    ] GC(68) Medium Pages: 3 / 96M, Empty: 64M, Relocated: 0M, In-Place: 0
[46.621s][info][gc,reloc    ] GC(68) Large Pages: 21 / 154M, Empty: 82M, Relocated: 0M, In-Place: 0
[46.621s][info][gc,reloc    ] GC(68) Forwarding Usage: 119M
[46.621s][info][gc,heap     ] GC(68) Min Capacity: 2048M(100%)
[46.621s][info][gc,heap     ] GC(68) Max Capacity: 2048M(100%)
[46.621s][info][gc,heap     ] GC(68) Soft Max Capacity: 2048M(100%)
[46.621s][info][gc,heap     ] GC(68)                Mark Start          Mark End        Relocate Start      Relocate End           High               Low         
[46.621s][info][gc,heap     ] GC(68)  Capacity:     2048M (100%)       2048M (100%)       2048M (100%)       2048M (100%)       2048M (100%)       2048M (100%)   
[46.621s][info][gc,heap     ] GC(68)      Free:      984M (48%)         876M (43%)        1154M (56%)        1632M (80%)        1632M (80%)         876M (43%)    
[46.621s][info][gc,heap     ] GC(68)      Used:     1064M (52%)        1172M (57%)         894M (44%)         416M (20%)        1172M (57%)         416M (20%)    
[46.621s][info][gc,heap     ] GC(68)      Live:         -               272M (13%)         272M (13%)         272M (13%)            -                  -          
[46.621s][info][gc,heap     ] GC(68) Allocated:         -               108M (5%)          108M (5%)          108M (5%)             -                  -          
[46.621s][info][gc,heap     ] GC(68)   Garbage:         -               791M (39%)         513M (25%)          35M (2%)             -                  -          
[46.621s][info][gc,heap     ] GC(68) Reclaimed:         -                  -               278M (14%)         756M (37%)            -                  -          
[46.621s][info][gc          ] GC(68) Garbage Collection (Allocation Rate) 1064M(52%)->416M(20%)
[46.621s][info][gc,start    ] GC(69) Garbage Collection (System.gc())
[46.621s][info][gc,task     ] GC(69) Using 2 workers
[46.621s][info][gc,phases   ] GC(69) Pause Mark Start 0.007ms
[46.641s][info][gc,phases   ] GC(69) Concurrent Mark 19.387ms
[46.641s][info][gc,phases   ] GC(69) Pause Mark End 0.021ms
[46.641s][info][gc,phases   ] GC(69) Concurrent Mark Free 0.002ms
[46.646s][info][gc,phases   ] GC(69) Concurrent Process Non-Strong References 4.505ms
[46.646s][info][gc,phases   ] GC(69) Concurrent Reset Relocation Set 0.033ms
[46.654s][info][gc,phases   ] GC(69) Concurrent Select Relocation Set 8.642ms
[46.655s][info][gc,phases   ] GC(69) Pause Relocate Start 0.022ms
[46.657s][info][gc,phases   ] GC(69) Concurrent Relocate 2.042ms
[46.657s][info][gc,load     ] GC(69) Load: 0.00/0.00/0.00
[46.657s][info][gc,mmu      ] GC(69) MMU: 2ms/97.9%, 5ms/99.1%, 10ms/99.5%, 20ms/99.7%, 50ms/99.9%, 100ms/99.9%
[46.657s][info][gc,marking  ] GC(69) Mark: 2 stripe(s), 2 proactive flush(es), 1 terminate flush(es), 0 completion(s), 0 continuation(s) 
[46.657s][info][gc,marking  ] GC(69) Mark Stack Usage: 32M
[46.657s][info][gc,nmethod  ] GC(69) NMethods: 3058 registered, 0 unregistered
[46.657s][info][gc,metaspace] GC(69) Metaspace: 15M used, 15M committed, 1088M reserved
[46.657s][info][gc,ref      ] GC(69) Soft: 392 encountered, 0 discovered, 0 enqueued
[46.657s][info][gc,ref      ] GC(69) Weak: 731 encountered, 100 discovered, 0 enqueued
[46.657s][info][gc,ref      ] GC(69) Final: 0 encountered, 0 discovered, 0 enqueued
[46.657s][info][gc,ref      ] GC(69) Phantom: 64 encountered, 46 discovered, 0 enqueued
[46.657s][info][gc,reloc    ] GC(69) Small Pages: 156 / 312M, Empty: 296M, Relocated: 1M, In-Place: 0
[46.657s][info][gc,reloc    ] GC(69) Medium Pages: 1 / 32M, Empty: 32M, Relocated: 0M, In-Place: 0
[46.657s][info][gc,reloc    ] GC(69) Large Pages: 12 / 72M, Empty: 72M, Relocated: 0M, In-Place: 0
[46.657s][info][gc,reloc    ] GC(69) Forwarding Usage: 0M
[46.657s][info][gc,heap     ] GC(69) Min Capacity: 2048M(100%)
[46.657s][info][gc,heap     ] GC(69) Max Capacity: 2048M(100%)
[46.657s][info][gc,heap     ] GC(69) Soft Max Capacity: 2048M(100%)
[46.657s][info][gc,heap     ] GC(69)                Mark Start          Mark End        Relocate Start      Relocate End           High               Low         
[46.657s][info][gc,heap     ] GC(69)  Capacity:     2048M (100%)       2048M (100%)       2048M (100%)       2048M (100%)       2048M (100%)       2048M (100%)   
[46.657s][info][gc,heap     ] GC(69)      Free:     1632M (80%)        1632M (80%)        2032M (99%)        2038M (100%)       2038M (100%)       1632M (80%)    
[46.657s][info][gc,heap     ] GC(69)      Used:      416M (20%)         416M (20%)          16M (1%)           10M (0%)          416M (20%)          10M (0%)     
[46.657s][info][gc,heap     ] GC(69)      Live:         -                 6M (0%)            6M (0%)            6M (0%)             -                  -          
[46.657s][info][gc,heap     ] GC(69) Allocated:         -                 0M (0%)            0M (0%)            0M (0%)             -                  -          
[46.657s][info][gc,heap     ] GC(69)   Garbage:         -               409M (20%)           9M (0%)            3M (0%)             -                  -          
[46.657s][info][gc,heap     ] GC(69) Reclaimed:         -                  -               400M (20%)         406M (20%)            -                  -          
[46.657s][info][gc          ] GC(69) Garbage Collection (System.gc()) 416M(20%)->10M(0%)
[47.516s][info][gc,start    ] GC(70) Garbage Collection (Allocation Rate)
[47.516s][info][gc,task     ] GC(70) Using 2 workers
[47.516s][info][gc,phases   ] GC(70) Pause Mark Start 0.008ms
[47.799s][info][gc,phases   ] GC(70) Concurrent Mark 251.239ms
[47.799s][info][gc,phases   ] GC(70) Pause Mark End 0.027ms
[47.799s][info][gc,phases   ] GC(70) Concurrent Mark Free 0.002ms
[47.802s][info][gc,phases   ] GC(70) Concurrent Process Non-Strong References 3.477ms
[47.803s][info][gc,phases   ] GC(70) Concurrent Reset Relocation Set 0.001ms
[47.824s][info][gc,phases   ] GC(70) Concurrent Select Relocation Set 21.288ms
[47.824s][info][gc,phases   ] GC(70) Pause Relocate Start 0.010ms
[47.951s][info][gc,phases   ] GC(70) Concurrent Relocate 126.794ms
[47.951s][info][gc,load     ] GC(70) Load: 0.00/0.00/0.00
[47.951s][info][gc,mmu      ] GC(70) MMU: 2ms/97.9%, 5ms/99.1%, 10ms/99.5%, 20ms/99.7%, 50ms/99.9%, 100ms/99.9%
[47.951s][info][gc,marking  ] GC(70) Mark: 2 stripe(s), 2 proactive flush(es), 1 terminate flush(es), 0 completion(s), 0 continuation(s) 
[47.951s][info][gc,marking  ] GC(70) Mark Stack Usage: 32M
[47.951s][info][gc,nmethod  ] GC(70) NMethods: 3066 registered, 0 unregistered
[47.951s][info][gc,metaspace] GC(70) Metaspace: 15M used, 15M committed, 1088M reserved
[47.951s][info][gc,ref      ] GC(70) Soft: 392 encountered, 0 discovered, 0 enqueued
[47.951s][info][gc,ref      ] GC(70) Weak: 746 encountered, 472 discovered, 0 enqueued
[47.951s][info][gc,ref      ] GC(70) Final: 0 encountered, 0 discovered, 0 enqueued
[47.951s][info][gc,ref      ] GC(70) Phantom: 64 encountered, 47 discovered, 0 enqueued
[47.951s][info][gc,reloc    ] GC(70) Small Pages: 413 / 826M, Empty: 148M, Relocated: 192M, In-Place: 0
[47.951s][info][gc,reloc    ] GC(70) Medium Pages: 3 / 96M, Empty: 32M, Relocated: 2M, In-Place: 0
[47.951s][info][gc,reloc    ] GC(70) Large Pages: 20 / 148M, Empty: 82M, Relocated: 0M, In-Place: 0
[47.951s][info][gc,reloc    ] GC(70) Forwarding Usage: 119M
[47.951s][info][gc,heap     ] GC(70) Min Capacity: 2048M(100%)
[47.951s][info][gc,heap     ] GC(70) Max Capacity: 2048M(100%)
[47.951s][info][gc,heap     ] GC(70) Soft Max Capacity: 2048M(100%)
[47.951s][info][gc,heap     ] GC(70)                Mark Start          Mark End        Relocate Start      Relocate End           High               Low         
[47.951s][info][gc,heap     ] GC(70)  Capacity:     2048M (100%)       2048M (100%)       2048M (100%)       2048M (100%)       2048M (100%)       2048M (100%)   
[47.951s][info][gc,heap     ] GC(70)      Free:      978M (48%)         870M (42%)        1132M (55%)        1640M (80%)        1640M (80%)         870M (42%)    
[47.951s][info][gc,heap     ] GC(70)      Used:     1070M (52%)        1178M (58%)         916M (45%)         408M (20%)        1178M (58%)         408M (20%)    
[47.951s][info][gc,heap     ] GC(70)      Live:         -               268M (13%)         268M (13%)         268M (13%)            -                  -          
[47.951s][info][gc,heap     ] GC(70) Allocated:         -               108M (5%)          108M (5%)          108M (5%)             -                  -          
[47.951s][info][gc,heap     ] GC(70)   Garbage:         -               801M (39%)         539M (26%)          31M (2%)             -                  -          
[47.951s][info][gc,heap     ] GC(70) Reclaimed:         -                  -               262M (13%)         770M (38%)            -                  -          
[47.951s][info][gc          ] GC(70) Garbage Collection (Allocation Rate) 1070M(52%)->408M(20%)
[47.951s][info][gc,start    ] GC(71) Garbage Collection (System.gc())
[47.951s][info][gc,task     ] GC(71) Using 2 workers
[47.951s][info][gc,phases   ] GC(71) Pause Mark Start 0.008ms
[47.971s][info][gc,phases   ] GC(71) Concurrent Mark 19.899ms
[47.972s][info][gc,phases   ] GC(71) Pause Mark End 0.022ms
[47.972s][info][gc,phases   ] GC(71) Concurrent Mark Free 0.002ms
[47.976s][info][gc,phases   ] GC(71) Concurrent Process Non-Strong References 4.494ms
[47.976s][info][gc,phases   ] GC(71) Concurrent Reset Relocation Set 0.049ms
[47.985s][info][gc,phases   ] GC(71) Concurrent Select Relocation Set 8.388ms
[47.985s][info][gc,phases   ] GC(71) Pause Relocate Start 0.019ms
[47.986s][info][gc,phases   ] GC(71) Concurrent Relocate 1.068ms
[47.986s][info][gc,load     ] GC(71) Load: 0.00/0.00/0.00
[47.986s][info][gc,mmu      ] GC(71) MMU: 2ms/97.9%, 5ms/99.1%, 10ms/99.5%, 20ms/99.7%, 50ms/99.9%, 100ms/99.9%
[47.986s][info][gc,marking  ] GC(71) Mark: 2 stripe(s), 1 proactive flush(es), 1 terminate flush(es), 0 completion(s), 0 continuation(s) 
[47.986s][info][gc,marking  ] GC(71) Mark Stack Usage: 32M
[47.986s][info][gc,nmethod  ] GC(71) NMethods: 3066 registered, 0 unregistered
[47.986s][info][gc,metaspace] GC(71) Metaspace: 15M used, 15M committed, 1088M reserved
[47.986s][info][gc,ref      ] GC(71) Soft: 392 encountered, 0 discovered, 0 enqueued
[47.986s][info][gc,ref      ] GC(71) Weak: 731 encountered, 56 discovered, 0 enqueued
[47.986s][info][gc,ref      ] GC(71) Final: 0 encountered, 0 discovered, 0 enqueued
[47.986s][info][gc,ref      ] GC(71) Phantom: 64 encountered, 50 discovered, 0 enqueued
[47.986s][info][gc,reloc    ] GC(71) Small Pages: 152 / 304M, Empty: 290M, Relocated: 1M, In-Place: 0
[47.986s][info][gc,reloc    ] GC(71) Medium Pages: 1 / 32M, Empty: 32M, Relocated: 0M, In-Place: 0
[47.986s][info][gc,reloc    ] GC(71) Large Pages: 12 / 72M, Empty: 72M, Relocated: 0M, In-Place: 0
[47.986s][info][gc,reloc    ] GC(71) Forwarding Usage: 0M
[47.986s][info][gc,heap     ] GC(71) Min Capacity: 2048M(100%)
[47.986s][info][gc,heap     ] GC(71) Max Capacity: 2048M(100%)
[47.986s][info][gc,heap     ] GC(71) Soft Max Capacity: 2048M(100%)
[47.986s][info][gc,heap     ] GC(71)                Mark Start          Mark End        Relocate Start      Relocate End           High               Low         
[47.986s][info][gc,heap     ] GC(71)  Capacity:     2048M (100%)       2048M (100%)       2048M (100%)       2048M (100%)       2048M (100%)       2048M (100%)   
[47.986s][info][gc,heap     ] GC(71)      Free:     1640M (80%)        1640M (80%)        2034M (99%)        2038M (100%)       2038M (100%)       1640M (80%)    
[47.986s][info][gc,heap     ] GC(71)      Used:      408M (20%)         408M (20%)          14M (1%)           10M (0%)          408M (20%)          10M (0%)     
[47.986s][info][gc,heap     ] GC(71)      Live:         -                 6M (0%)            6M (0%)            6M (0%)             -                  -          
[47.986s][info][gc,heap     ] GC(71) Allocated:         -                 0M (0%)            0M (0%)            0M (0%)             -                  -          
[47.986s][info][gc,heap     ] GC(71)   Garbage:         -               401M (20%)           7M (0%)            3M (0%)             -                  -          
[47.986s][info][gc,heap     ] GC(71) Reclaimed:         -                  -               394M (19%)         398M (19%)            -                  -          
[47.986s][info][gc          ] GC(71) Garbage Collection (System.gc()) 408M(20%)->10M(0%)
[48.911s][info][gc,start    ] GC(72) Garbage Collection (Allocation Rate)
[48.911s][info][gc,task     ] GC(72) Using 2 workers
[48.911s][info][gc,phases   ] GC(72) Pause Mark Start 0.010ms
[49.159s][info][gc,phases   ] GC(72) Concurrent Mark 242.980ms
[49.159s][info][gc,phases   ] GC(72) Pause Mark End 0.021ms
[49.159s][info][gc,phases   ] GC(72) Concurrent Mark Free 0.001ms
[49.163s][info][gc,phases   ] GC(72) Concurrent Process Non-Strong References 3.622ms
[49.163s][info][gc,phases   ] GC(72) Concurrent Reset Relocation Set 0.001ms
[49.184s][info][gc,phases   ] GC(72) Concurrent Select Relocation Set 20.725ms
[49.184s][info][gc,phases   ] GC(72) Pause Relocate Start 0.012ms
[49.313s][info][gc,phases   ] GC(72) Concurrent Relocate 129.373ms
[49.313s][info][gc,load     ] GC(72) Load: 0.00/0.00/0.00
[49.313s][info][gc,mmu      ] GC(72) MMU: 2ms/97.9%, 5ms/99.1%, 10ms/99.5%, 20ms/99.7%, 50ms/99.9%, 100ms/99.9%
[49.313s][info][gc,marking  ] GC(72) Mark: 2 stripe(s), 2 proactive flush(es), 1 terminate flush(es), 0 completion(s), 0 continuation(s) 
[49.313s][info][gc,marking  ] GC(72) Mark Stack Usage: 32M
[49.313s][info][gc,nmethod  ] GC(72) NMethods: 3071 registered, 0 unregistered
[49.313s][info][gc,metaspace] GC(72) Metaspace: 15M used, 15M committed, 1088M reserved
[49.313s][info][gc,ref      ] GC(72) Soft: 392 encountered, 0 discovered, 0 enqueued
[49.313s][info][gc,ref      ] GC(72) Weak: 747 encountered, 15 discovered, 0 enqueued
[49.313s][info][gc,ref      ] GC(72) Final: 0 encountered, 0 discovered, 0 enqueued
[49.313s][info][gc,ref      ] GC(72) Phantom: 64 encountered, 50 discovered, 0 enqueued
[49.313s][info][gc,reloc    ] GC(72) Small Pages: 439 / 878M, Empty: 194M, Relocated: 192M, In-Place: 0
[49.313s][info][gc,reloc    ] GC(72) Medium Pages: 3 / 96M, Empty: 64M, Relocated: 0M, In-Place: 0
[49.313s][info][gc,reloc    ] GC(72) Large Pages: 21 / 154M, Empty: 82M, Relocated: 0M, In-Place: 0
[49.313s][info][gc,reloc    ] GC(72) Forwarding Usage: 119M
[49.313s][info][gc,heap     ] GC(72) Min Capacity: 2048M(100%)
[49.313s][info][gc,heap     ] GC(72) Max Capacity: 2048M(100%)
[49.313s][info][gc,heap     ] GC(72) Soft Max Capacity: 2048M(100%)
[49.313s][info][gc,heap     ] GC(72)                Mark Start          Mark End        Relocate Start      Relocate End           High               Low         
[49.313s][info][gc,heap     ] GC(72)  Capacity:     2048M (100%)       2048M (100%)       2048M (100%)       2048M (100%)       2048M (100%)       2048M (100%)   
[49.314s][info][gc,heap     ] GC(72)      Free:      920M (45%)         876M (43%)        1216M (59%)        1698M (83%)        1698M (83%)         876M (43%)    
[49.314s][info][gc,heap     ] GC(72)      Used:     1128M (55%)        1172M (57%)         832M (41%)         350M (17%)        1172M (57%)         350M (17%)    
[49.314s][info][gc,heap     ] GC(72)      Live:         -               272M (13%)         272M (13%)         272M (13%)            -                  -          
[49.314s][info][gc,heap     ] GC(72) Allocated:         -                44M (2%)           44M (2%)           44M (2%)             -                  -          
[49.314s][info][gc,heap     ] GC(72)   Garbage:         -               855M (42%)         515M (25%)          33M (2%)             -                  -          
[49.314s][info][gc,heap     ] GC(72) Reclaimed:         -                  -               340M (17%)         822M (40%)            -                  -          
[49.314s][info][gc          ] GC(72) Garbage Collection (Allocation Rate) 1128M(55%)->350M(17%)
[49.314s][info][gc,start    ] GC(73) Garbage Collection (System.gc())
[49.314s][info][gc,task     ] GC(73) Using 2 workers
[49.314s][info][gc,phases   ] GC(73) Pause Mark Start 0.008ms
[49.331s][info][gc,phases   ] GC(73) Concurrent Mark 17.178ms
[49.331s][info][gc,phases   ] GC(73) Pause Mark End 0.022ms
[49.331s][info][gc,phases   ] GC(73) Concurrent Mark Free 0.002ms
[49.335s][info][gc,phases   ] GC(73) Concurrent Process Non-Strong References 3.964ms
[49.335s][info][gc,phases   ] GC(73) Concurrent Reset Relocation Set 0.029ms
[49.344s][info][gc,phases   ] GC(73) Concurrent Select Relocation Set 8.508ms
[49.344s][info][gc,phases   ] GC(73) Pause Relocate Start 0.020ms
[49.345s][info][gc,phases   ] GC(73) Concurrent Relocate 1.006ms
[49.345s][info][gc,load     ] GC(73) Load: 0.00/0.00/0.00
[49.345s][info][gc,mmu      ] GC(73) MMU: 2ms/97.9%, 5ms/99.1%, 10ms/99.5%, 20ms/99.7%, 50ms/99.9%, 100ms/99.9%
[49.345s][info][gc,marking  ] GC(73) Mark: 2 stripe(s), 1 proactive flush(es), 1 terminate flush(es), 0 completion(s), 0 continuation(s) 
[49.345s][info][gc,marking  ] GC(73) Mark Stack Usage: 32M
[49.345s][info][gc,nmethod  ] GC(73) NMethods: 3071 registered, 0 unregistered
[49.345s][info][gc,metaspace] GC(73) Metaspace: 15M used, 15M committed, 1088M reserved
[49.345s][info][gc,ref      ] GC(73) Soft: 392 encountered, 0 discovered, 0 enqueued
[49.345s][info][gc,ref      ] GC(73) Weak: 731 encountered, 468 discovered, 0 enqueued
[49.345s][info][gc,ref      ] GC(73) Final: 0 encountered, 0 discovered, 0 enqueued
[49.345s][info][gc,ref      ] GC(73) Phantom: 64 encountered, 49 discovered, 0 enqueued
[49.345s][info][gc,reloc    ] GC(73) Small Pages: 123 / 246M, Empty: 230M, Relocated: 1M, In-Place: 0
[49.345s][info][gc,reloc    ] GC(73) Medium Pages: 1 / 32M, Empty: 32M, Relocated: 0M, In-Place: 0
[49.345s][info][gc,reloc    ] GC(73) Large Pages: 12 / 72M, Empty: 72M, Relocated: 0M, In-Place: 0
[49.345s][info][gc,reloc    ] GC(73) Forwarding Usage: 0M
[49.345s][info][gc,heap     ] GC(73) Min Capacity: 2048M(100%)
[49.345s][info][gc,heap     ] GC(73) Max Capacity: 2048M(100%)
[49.345s][info][gc,heap     ] GC(73) Soft Max Capacity: 2048M(100%)
[49.345s][info][gc,heap     ] GC(73)                Mark Start          Mark End        Relocate Start      Relocate End           High               Low         
[49.345s][info][gc,heap     ] GC(73)  Capacity:     2048M (100%)       2048M (100%)       2048M (100%)       2048M (100%)       2048M (100%)       2048M (100%)   
[49.345s][info][gc,heap     ] GC(73)      Free:     1698M (83%)        1698M (83%)        2032M (99%)        2038M (100%)       2038M (100%)       1698M (83%)    
[49.345s][info][gc,heap     ] GC(73)      Used:      350M (17%)         350M (17%)          16M (1%)           10M (0%)          350M (17%)          10M (0%)     
[49.345s][info][gc,heap     ] GC(73)      Live:         -                 6M (0%)            6M (0%)            6M (0%)             -                  -          
[49.346s][info][gc,heap     ] GC(73) Allocated:         -                 0M (0%)            0M (0%)            0M (0%)             -                  -          
[49.346s][info][gc,heap     ] GC(73)   Garbage:         -               343M (17%)           9M (0%)            3M (0%)             -                  -          
[49.346s][info][gc,heap     ] GC(73) Reclaimed:         -                  -               334M (16%)         340M (17%)            -                  -          
[49.346s][info][gc          ] GC(73) Garbage Collection (System.gc()) 350M(17%)->10M(0%)
[50.100s][info][gc,stats    ] === Garbage Collection Statistics =======================================================================================================================
[50.100s][info][gc,stats    ]                                                              Last 10s              Last 10m              Last 10h                Total
[50.100s][info][gc,stats    ]                                                              Avg / Max             Avg / Max             Avg / Max             Avg / Max
[50.100s][info][gc,stats    ]   Collector: Garbage Collection Cycle                    224.163 / 434.963     226.795 / 465.355     226.795 / 465.355     226.795 / 465.355     ms
[50.100s][info][gc,stats    ]  Contention: Mark Segment Reset Contention                     0 / 2                 0 / 2                 0 / 2                 0 / 2           ops/s
[50.100s][info][gc,stats    ]  Contention: Mark SeqNum Reset Contention                      0 / 1                 0 / 1                 0 / 1                 0 / 1           ops/s
[50.100s][info][gc,stats    ]    Critical: Allocation Stall                                  0 / 0                 0 / 0                 0 / 0                 0 / 0           ops/s
[50.100s][info][gc,stats    ]    Critical: Allocation Stall                              0.000 / 0.000         0.000 / 0.000         0.000 / 0.000         0.000 / 0.000       ms
[50.100s][info][gc,stats    ]    Critical: GC Locker Stall                                   0 / 0                 0 / 0                 0 / 0                 0 / 0           ops/s
[50.100s][info][gc,stats    ]    Critical: GC Locker Stall                               0.000 / 0.000         0.000 / 0.000         0.000 / 0.000         0.000 / 0.000       ms
[50.100s][info][gc,stats    ]    Critical: Relocation Stall                                  0 / 0                 0 / 0                 0 / 0                 0 / 0           ops/s
[50.100s][info][gc,stats    ]    Critical: Relocation Stall                              0.000 / 0.000         0.000 / 0.000         0.000 / 0.000         0.000 / 0.000       ms
[50.101s][info][gc,stats    ]      Memory: Allocation Rate                                 895 / 1070            911 / 1244            911 / 1244            911 / 1244        MB/s
[50.101s][info][gc,stats    ]      Memory: Out Of Memory                                     0 / 0                 0 / 0                 0 / 0                 0 / 0           ops/s
[50.101s][info][gc,stats    ]      Memory: Page Cache Flush                                  0 / 0                 0 / 0                 0 / 0                 0 / 0           MB/s
[50.101s][info][gc,stats    ]      Memory: Page Cache Hit L1                               440 / 479             439 / 557             439 / 557             439 / 557         ops/s
[50.101s][info][gc,stats    ]      Memory: Page Cache Hit L2                                 0 / 0                 0 / 0                 0 / 0                 0 / 0           ops/s
[50.101s][info][gc,stats    ]      Memory: Page Cache Hit L3                                 0 / 0                11 / 195              11 / 195              11 / 195         ops/s
[50.101s][info][gc,stats    ]      Memory: Page Cache Miss                                   0 / 0                 0 / 1                 0 / 1                 0 / 1           ops/s
[50.101s][info][gc,stats    ]      Memory: Uncommit                                          0 / 0                 0 / 0                 0 / 0                 0 / 0           MB/s
[50.101s][info][gc,stats    ]      Memory: Undo Object Allocation Failed                     0 / 0                 0 / 2                 0 / 2                 0 / 2           ops/s
[50.101s][info][gc,stats    ]      Memory: Undo Object Allocation Succeeded                  0 / 0              5561 / 248763         5561 / 248763         5561 / 248763      ops/s
[50.101s][info][gc,stats    ]      Memory: Undo Page Allocation                              0 / 1                 0 / 3                 0 / 3                 0 / 3           ops/s
[50.101s][info][gc,stats    ]       Phase: Concurrent Mark                             133.015 / 263.757     135.376 / 352.487     135.376 / 352.487     135.376 / 352.487     ms
[50.101s][info][gc,stats    ]       Phase: Concurrent Mark Continue                      0.000 / 0.000         0.000 / 0.000         0.000 / 0.000         0.000 / 0.000       ms
[50.101s][info][gc,stats    ]       Phase: Concurrent Mark Free                          0.002 / 0.002         0.002 / 0.004         0.002 / 0.004         0.002 / 0.004       ms
[50.101s][info][gc,stats    ]       Phase: Concurrent Process Non-Strong References      3.698 / 4.505         3.348 / 15.958        3.348 / 15.958        3.348 / 15.958      ms
[50.101s][info][gc,stats    ]       Phase: Concurrent Relocate                          64.464 / 130.882      63.954 / 151.919      63.954 / 151.919      63.954 / 151.919     ms
[50.101s][info][gc,stats    ]       Phase: Concurrent Reset Relocation Set               0.019 / 0.049         0.015 / 0.049         0.015 / 0.049         0.015 / 0.049       ms
[50.101s][info][gc,stats    ]       Phase: Concurrent Select Relocation Set             15.067 / 22.592       15.679 / 26.863       15.679 / 26.863       15.679 / 26.863      ms
[50.101s][info][gc,stats    ]       Phase: Pause Mark End                                0.021 / 0.027         0.020 / 0.043         0.020 / 0.043         0.020 / 0.043       ms
[50.101s][info][gc,stats    ]       Phase: Pause Mark Start                              0.008 / 0.010         0.008 / 0.019         0.008 / 0.019         0.008 / 0.019       ms
[50.101s][info][gc,stats    ]       Phase: Pause Relocate Start                          0.015 / 0.022         0.017 / 0.032         0.017 / 0.032         0.017 / 0.032       ms
[50.101s][info][gc,stats    ]    Subphase: Concurrent Classes Purge                      0.128 / 0.183         0.110 / 0.252         0.110 / 0.252         0.110 / 0.252       ms
[50.101s][info][gc,stats    ]    Subphase: Concurrent Classes Unlink                     2.939 / 3.820         2.466 / 4.168         2.466 / 4.168         2.466 / 4.168       ms
[50.101s][info][gc,stats    ]    Subphase: Concurrent Mark                             127.216 / 263.329     130.437 / 351.776     130.437 / 351.776     130.437 / 351.776     ms
[50.101s][info][gc,stats    ]    Subphase: Concurrent Mark Try Flush                     0.090 / 0.334         0.337 / 15.584        0.337 / 15.584        0.337 / 15.584      ms
[50.101s][info][gc,stats    ]    Subphase: Concurrent Mark Try Terminate                 4.438 / 16.252        3.829 / 16.252        3.829 / 16.252        3.829 / 16.252      ms
[50.101s][info][gc,stats    ]    Subphase: Concurrent References Enqueue                 0.000 / 0.001         0.001 / 0.005         0.001 / 0.005         0.001 / 0.005       ms
[50.101s][info][gc,stats    ]    Subphase: Concurrent References Process                 0.120 / 0.200         0.116 / 0.238         0.116 / 0.238         0.116 / 0.238       ms
[50.101s][info][gc,stats    ]    Subphase: Concurrent Roots ClassLoaderDataGraph         0.089 / 0.222         0.085 / 0.265         0.085 / 0.265         0.085 / 0.265       ms
[50.101s][info][gc,stats    ]    Subphase: Concurrent Roots CodeCache                    0.000 / 0.000         0.000 / 0.000         0.000 / 0.000         0.000 / 0.000       ms
[50.101s][info][gc,stats    ]    Subphase: Concurrent Roots JavaThreads                  0.207 / 0.419         0.267 / 2.583         0.267 / 2.583         0.267 / 2.583       ms
[50.101s][info][gc,stats    ]    Subphase: Concurrent Roots OopStorageSet                0.017 / 0.026         0.017 / 0.049         0.017 / 0.049         0.017 / 0.049       ms
[50.101s][info][gc,stats    ]    Subphase: Concurrent Weak Roots OopStorageSet           0.338 / 0.492         0.310 / 0.505         0.310 / 0.505         0.310 / 0.505       ms
[50.101s][info][gc,stats    ]    Subphase: Pause Mark Try Complete                       0.000 / 0.000         0.000 / 0.000         0.000 / 0.000         0.000 / 0.000       ms
[50.101s][info][gc,stats    ]      System: Java Threads                                     13 / 19               13 / 19               13 / 19               13 / 19          threads
[50.101s][info][gc,stats    ] =========================================================================================================================================================
[50.210s][info][gc,start    ] GC(74) Garbage Collection (Allocation Rate)
[50.210s][info][gc,task     ] GC(74) Using 2 workers
[50.210s][info][gc,phases   ] GC(74) Pause Mark Start 0.005ms
[50.481s][info][gc,phases   ] GC(74) Concurrent Mark 254.861ms
[50.481s][info][gc,phases   ] GC(74) Pause Mark End 0.014ms
[50.481s][info][gc,phases   ] GC(74) Concurrent Mark Free 0.002ms
[50.484s][info][gc,phases   ] GC(74) Concurrent Process Non-Strong References 2.698ms
[50.484s][info][gc,phases   ] GC(74) Concurrent Reset Relocation Set 0.001ms
[50.506s][info][gc,phases   ] GC(74) Concurrent Select Relocation Set 21.443ms
[50.506s][info][gc,phases   ] GC(74) Pause Relocate Start 0.016ms
[50.635s][info][gc,phases   ] GC(74) Concurrent Relocate 128.517ms
[50.635s][info][gc,load     ] GC(74) Load: 0.00/0.00/0.00
[50.635s][info][gc,mmu      ] GC(74) MMU: 2ms/97.9%, 5ms/99.1%, 10ms/99.5%, 20ms/99.7%, 50ms/99.9%, 100ms/99.9%
[50.635s][info][gc,marking  ] GC(74) Mark: 2 stripe(s), 1 proactive flush(es), 1 terminate flush(es), 0 completion(s), 0 continuation(s) 
[50.635s][info][gc,marking  ] GC(74) Mark Stack Usage: 32M
[50.635s][info][gc,nmethod  ] GC(74) NMethods: 3081 registered, 0 unregistered
[50.635s][info][gc,metaspace] GC(74) Metaspace: 15M used, 15M committed, 1088M reserved
[50.635s][info][gc,ref      ] GC(74) Soft: 392 encountered, 0 discovered, 0 enqueued
[50.635s][info][gc,ref      ] GC(74) Weak: 748 encountered, 21 discovered, 0 enqueued
[50.635s][info][gc,ref      ] GC(74) Final: 0 encountered, 0 discovered, 0 enqueued
[50.635s][info][gc,ref      ] GC(74) Phantom: 64 encountered, 49 discovered, 0 enqueued
[50.635s][info][gc,reloc    ] GC(74) Small Pages: 410 / 820M, Empty: 144M, Relocated: 192M, In-Place: 0
[50.635s][info][gc,reloc    ] GC(74) Medium Pages: 3 / 96M, Empty: 32M, Relocated: 4M, In-Place: 0
[50.635s][info][gc,reloc    ] GC(74) Large Pages: 19 / 142M, Empty: 82M, Relocated: 0M, In-Place: 0
[50.635s][info][gc,reloc    ] GC(74) Forwarding Usage: 118M
[50.635s][info][gc,heap     ] GC(74) Min Capacity: 2048M(100%)
[50.635s][info][gc,heap     ] GC(74) Max Capacity: 2048M(100%)
[50.635s][info][gc,heap     ] GC(74) Soft Max Capacity: 2048M(100%)
[50.635s][info][gc,heap     ] GC(74)                Mark Start          Mark End        Relocate Start      Relocate End           High               Low         
[50.635s][info][gc,heap     ] GC(74)  Capacity:     2048M (100%)       2048M (100%)       2048M (100%)       2048M (100%)       2048M (100%)       2048M (100%)   
[50.635s][info][gc,heap     ] GC(74)      Free:      990M (48%)         878M (43%)        1136M (55%)        1640M (80%)        1640M (80%)         878M (43%)    
[50.635s][info][gc,heap     ] GC(74)      Used:     1058M (52%)        1170M (57%)         912M (45%)         408M (20%)        1170M (57%)         408M (20%)    
[50.635s][info][gc,heap     ] GC(74)      Live:         -               264M (13%)         264M (13%)         264M (13%)            -                  -          
[50.635s][info][gc,heap     ] GC(74) Allocated:         -               112M (5%)          112M (5%)          112M (5%)             -                  -          
[50.635s][info][gc,heap     ] GC(74)   Garbage:         -               793M (39%)         535M (26%)          31M (2%)             -                  -          
[50.635s][info][gc,heap     ] GC(74) Reclaimed:         -                  -               258M (13%)         762M (37%)            -                  -          
[50.635s][info][gc          ] GC(74) Garbage Collection (Allocation Rate) 1058M(52%)->408M(20%)
[50.635s][info][gc,start    ] GC(75) Garbage Collection (System.gc())
[50.635s][info][gc,task     ] GC(75) Using 2 workers
[50.635s][info][gc,phases   ] GC(75) Pause Mark Start 0.008ms
[50.655s][info][gc,phases   ] GC(75) Concurrent Mark 19.624ms
[50.655s][info][gc,phases   ] GC(75) Pause Mark End 0.022ms
[50.655s][info][gc,phases   ] GC(75) Concurrent Mark Free 0.002ms
[50.659s][info][gc,phases   ] GC(75) Concurrent Process Non-Strong References 3.789ms
[50.659s][info][gc,phases   ] GC(75) Concurrent Reset Relocation Set 0.030ms
[50.668s][info][gc,phases   ] GC(75) Concurrent Select Relocation Set 8.795ms
[50.668s][info][gc,phases   ] GC(75) Pause Relocate Start 0.019ms
[50.669s][info][gc,phases   ] GC(75) Concurrent Relocate 0.989ms
[50.669s][info][gc,load     ] GC(75) Load: 0.00/0.00/0.00
[50.669s][info][gc,mmu      ] GC(75) MMU: 2ms/97.9%, 5ms/99.1%, 10ms/99.5%, 20ms/99.7%, 50ms/99.9%, 100ms/99.9%
[50.669s][info][gc,marking  ] GC(75) Mark: 2 stripe(s), 1 proactive flush(es), 1 terminate flush(es), 0 completion(s), 0 continuation(s) 
[50.669s][info][gc,marking  ] GC(75) Mark Stack Usage: 32M
[50.669s][info][gc,nmethod  ] GC(75) NMethods: 3081 registered, 0 unregistered
[50.669s][info][gc,metaspace] GC(75) Metaspace: 15M used, 15M committed, 1088M reserved
[50.669s][info][gc,ref      ] GC(75) Soft: 392 encountered, 0 discovered, 0 enqueued
[50.669s][info][gc,ref      ] GC(75) Weak: 731 encountered, 259 discovered, 0 enqueued
[50.669s][info][gc,ref      ] GC(75) Final: 0 encountered, 0 discovered, 0 enqueued
[50.669s][info][gc,ref      ] GC(75) Phantom: 64 encountered, 49 discovered, 0 enqueued
[50.669s][info][gc,reloc    ] GC(75) Small Pages: 152 / 304M, Empty: 288M, Relocated: 1M, In-Place: 0
[50.669s][info][gc,reloc    ] GC(75) Medium Pages: 1 / 32M, Empty: 32M, Relocated: 0M, In-Place: 0
[50.669s][info][gc,reloc    ] GC(75) Large Pages: 12 / 72M, Empty: 72M, Relocated: 0M, In-Place: 0
[50.669s][info][gc,reloc    ] GC(75) Forwarding Usage: 0M
[50.669s][info][gc,heap     ] GC(75) Min Capacity: 2048M(100%)
[50.669s][info][gc,heap     ] GC(75) Max Capacity: 2048M(100%)
[50.669s][info][gc,heap     ] GC(75) Soft Max Capacity: 2048M(100%)
[50.669s][info][gc,heap     ] GC(75)                Mark Start          Mark End        Relocate Start      Relocate End           High               Low         
[50.669s][info][gc,heap     ] GC(75)  Capacity:     2048M (100%)       2048M (100%)       2048M (100%)       2048M (100%)       2048M (100%)       2048M (100%)   
[50.669s][info][gc,heap     ] GC(75)      Free:     1640M (80%)        1640M (80%)        2032M (99%)        2038M (100%)       2038M (100%)       1640M (80%)    
[50.669s][info][gc,heap     ] GC(75)      Used:      408M (20%)         408M (20%)          16M (1%)           10M (0%)          408M (20%)          10M (0%)     
[50.669s][info][gc,heap     ] GC(75)      Live:         -                 6M (0%)            6M (0%)            6M (0%)             -                  -          
[50.669s][info][gc,heap     ] GC(75) Allocated:         -                 0M (0%)            0M (0%)            0M (0%)             -                  -          
[50.669s][info][gc,heap     ] GC(75)   Garbage:         -               401M (20%)           9M (0%)            3M (0%)             -                  -          
[50.669s][info][gc,heap     ] GC(75) Reclaimed:         -                  -               392M (19%)         398M (19%)            -                  -          
[50.669s][info][gc          ] GC(75) Garbage Collection (System.gc()) 408M(20%)->10M(0%)
[51.602s][info][gc,start    ] GC(76) Garbage Collection (Allocation Rate)
[51.602s][info][gc,task     ] GC(76) Using 2 workers
[51.602s][info][gc,phases   ] GC(76) Pause Mark Start 0.008ms
[51.859s][info][gc,phases   ] GC(76) Concurrent Mark 241.332ms
[51.859s][info][gc,phases   ] GC(76) Pause Mark End 0.022ms
[51.859s][info][gc,phases   ] GC(76) Concurrent Mark Free 0.002ms
[51.863s][info][gc,phases   ] GC(76) Concurrent Process Non-Strong References 4.114ms
[51.864s][info][gc,phases   ] GC(76) Concurrent Reset Relocation Set 0.001ms
[51.885s][info][gc,phases   ] GC(76) Concurrent Select Relocation Set 21.346ms
[51.885s][info][gc,phases   ] GC(76) Pause Relocate Start 0.010ms
[52.011s][info][gc,phases   ] GC(76) Concurrent Relocate 126.183ms
[52.011s][info][gc,load     ] GC(76) Load: 0.00/0.00/0.00
[52.011s][info][gc,mmu      ] GC(76) MMU: 2ms/97.9%, 5ms/99.1%, 10ms/99.5%, 20ms/99.7%, 50ms/99.9%, 100ms/99.9%
[52.011s][info][gc,marking  ] GC(76) Mark: 2 stripe(s), 2 proactive flush(es), 1 terminate flush(es), 0 completion(s), 0 continuation(s) 
[52.012s][info][gc,marking  ] GC(76) Mark Stack Usage: 32M
[52.012s][info][gc,nmethod  ] GC(76) NMethods: 3103 registered, 0 unregistered
[52.012s][info][gc,metaspace] GC(76) Metaspace: 15M used, 15M committed, 1088M reserved
[52.012s][info][gc,ref      ] GC(76) Soft: 392 encountered, 0 discovered, 0 enqueued
[52.012s][info][gc,ref      ] GC(76) Weak: 747 encountered, 15 discovered, 0 enqueued
[52.012s][info][gc,ref      ] GC(76) Final: 0 encountered, 0 discovered, 0 enqueued
[52.012s][info][gc,ref      ] GC(76) Phantom: 64 encountered, 52 discovered, 0 enqueued
[52.012s][info][gc,reloc    ] GC(76) Small Pages: 443 / 886M, Empty: 204M, Relocated: 192M, In-Place: 0
[52.012s][info][gc,reloc    ] GC(76) Medium Pages: 3 / 96M, Empty: 64M, Relocated: 0M, In-Place: 0
[52.012s][info][gc,reloc    ] GC(76) Large Pages: 21 / 154M, Empty: 82M, Relocated: 0M, In-Place: 0
[52.012s][info][gc,reloc    ] GC(76) Forwarding Usage: 118M
[52.012s][info][gc,heap     ] GC(76) Min Capacity: 2048M(100%)
[52.012s][info][gc,heap     ] GC(76) Max Capacity: 2048M(100%)
[52.012s][info][gc,heap     ] GC(76) Soft Max Capacity: 2048M(100%)
[52.012s][info][gc,heap     ] GC(76)                Mark Start          Mark End        Relocate Start      Relocate End           High               Low         
[52.012s][info][gc,heap     ] GC(76)  Capacity:     2048M (100%)       2048M (100%)       2048M (100%)       2048M (100%)       2048M (100%)       2048M (100%)   
[52.012s][info][gc,heap     ] GC(76)      Free:      912M (45%)         872M (43%)        1222M (60%)        1702M (83%)        1702M (83%)         872M (43%)    
[52.012s][info][gc,heap     ] GC(76)      Used:     1136M (55%)        1176M (57%)         826M (40%)         346M (17%)        1176M (57%)         346M (17%)    
[52.012s][info][gc,heap     ] GC(76)      Live:         -               272M (13%)         272M (13%)         272M (13%)            -                  -          
[52.012s][info][gc,heap     ] GC(76) Allocated:         -                40M (2%)           40M (2%)           40M (2%)             -                  -          
[52.012s][info][gc,heap     ] GC(76)   Garbage:         -               863M (42%)         513M (25%)          33M (2%)             -                  -          
[52.012s][info][gc,heap     ] GC(76) Reclaimed:         -                  -               350M (17%)         830M (41%)            -                  -          
[52.012s][info][gc          ] GC(76) Garbage Collection (Allocation Rate) 1136M(55%)->346M(17%)
[52.012s][info][gc,start    ] GC(77) Garbage Collection (System.gc())
[52.012s][info][gc,task     ] GC(77) Using 2 workers
[52.012s][info][gc,phases   ] GC(77) Pause Mark Start 0.010ms
[52.032s][info][gc,phases   ] GC(77) Concurrent Mark 19.291ms
[52.032s][info][gc,phases   ] GC(77) Pause Mark End 0.021ms
[52.032s][info][gc,phases   ] GC(77) Concurrent Mark Free 0.002ms
[52.036s][info][gc,phases   ] GC(77) Concurrent Process Non-Strong References 4.287ms
[52.036s][info][gc,phases   ] GC(77) Concurrent Reset Relocation Set 0.032ms
[52.045s][info][gc,phases   ] GC(77) Concurrent Select Relocation Set 8.364ms
[52.045s][info][gc,phases   ] GC(77) Pause Relocate Start 0.021ms
[52.046s][info][gc,phases   ] GC(77) Concurrent Relocate 1.242ms
[52.046s][info][gc,load     ] GC(77) Load: 0.00/0.00/0.00
[52.046s][info][gc,mmu      ] GC(77) MMU: 2ms/97.9%, 5ms/99.1%, 10ms/99.5%, 20ms/99.7%, 50ms/99.9%, 100ms/99.9%
[52.046s][info][gc,marking  ] GC(77) Mark: 2 stripe(s), 1 proactive flush(es), 1 terminate flush(es), 0 completion(s), 0 continuation(s) 
[52.046s][info][gc,marking  ] GC(77) Mark Stack Usage: 32M
[52.046s][info][gc,nmethod  ] GC(77) NMethods: 3103 registered, 0 unregistered
[52.046s][info][gc,metaspace] GC(77) Metaspace: 15M used, 15M committed, 1088M reserved
[52.046s][info][gc,ref      ] GC(77) Soft: 392 encountered, 0 discovered, 0 enqueued
[52.046s][info][gc,ref      ] GC(77) Weak: 731 encountered, 126 discovered, 0 enqueued
[52.046s][info][gc,ref      ] GC(77) Final: 0 encountered, 0 discovered, 0 enqueued
[52.046s][info][gc,ref      ] GC(77) Phantom: 64 encountered, 49 discovered, 0 enqueued
[52.046s][info][gc,reloc    ] GC(77) Small Pages: 121 / 242M, Empty: 228M, Relocated: 1M, In-Place: 0
[52.046s][info][gc,reloc    ] GC(77) Medium Pages: 1 / 32M, Empty: 32M, Relocated: 0M, In-Place: 0
[52.046s][info][gc,reloc    ] GC(77) Large Pages: 12 / 72M, Empty: 72M, Relocated: 0M, In-Place: 0
[52.046s][info][gc,reloc    ] GC(77) Forwarding Usage: 0M
[52.046s][info][gc,heap     ] GC(77) Min Capacity: 2048M(100%)
[52.046s][info][gc,heap     ] GC(77) Max Capacity: 2048M(100%)
[52.046s][info][gc,heap     ] GC(77) Soft Max Capacity: 2048M(100%)
[52.046s][info][gc,heap     ] GC(77)                Mark Start          Mark End        Relocate Start      Relocate End           High               Low         
[52.046s][info][gc,heap     ] GC(77)  Capacity:     2048M (100%)       2048M (100%)       2048M (100%)       2048M (100%)       2048M (100%)       2048M (100%)   
[52.046s][info][gc,heap     ] GC(77)      Free:     1702M (83%)        1702M (83%)        2034M (99%)        2038M (100%)       2038M (100%)       1702M (83%)    
[52.046s][info][gc,heap     ] GC(77)      Used:      346M (17%)         346M (17%)          14M (1%)           10M (0%)          346M (17%)          10M (0%)     
[52.046s][info][gc,heap     ] GC(77)      Live:         -                 6M (0%)            6M (0%)            6M (0%)             -                  -          
[52.046s][info][gc,heap     ] GC(77) Allocated:         -                 0M (0%)            0M (0%)            0M (0%)             -                  -          
[52.046s][info][gc,heap     ] GC(77)   Garbage:         -               339M (17%)           7M (0%)            3M (0%)             -                  -          
[52.046s][info][gc,heap     ] GC(77) Reclaimed:         -                  -               332M (16%)         336M (16%)            -                  -          
[52.046s][info][gc          ] GC(77) Garbage Collection (System.gc()) 346M(17%)->10M(0%)
[52.910s][info][gc,start    ] GC(78) Garbage Collection (Allocation Rate)
[52.910s][info][gc,task     ] GC(78) Using 2 workers
[52.910s][info][gc,phases   ] GC(78) Pause Mark Start 0.007ms
[53.161s][info][gc,phases   ] GC(78) Concurrent Mark 237.944ms
[53.163s][info][gc,phases   ] GC(78) Pause Mark End 0.030ms
[53.163s][info][gc,phases   ] GC(78) Concurrent Mark Free 0.001ms
[53.166s][info][gc,phases   ] GC(78) Concurrent Process Non-Strong References 3.296ms
[53.166s][info][gc,phases   ] GC(78) Concurrent Reset Relocation Set 0.001ms
[53.187s][info][gc,phases   ] GC(78) Concurrent Select Relocation Set 20.800ms
[53.187s][info][gc,phases   ] GC(78) Pause Relocate Start 0.015ms
[53.317s][info][gc,phases   ] GC(78) Concurrent Relocate 128.916ms
[53.317s][info][gc,load     ] GC(78) Load: 0.00/0.00/0.00
[53.317s][info][gc,mmu      ] GC(78) MMU: 2ms/97.9%, 5ms/99.1%, 10ms/99.5%, 20ms/99.7%, 50ms/99.9%, 100ms/99.9%
[53.317s][info][gc,marking  ] GC(78) Mark: 2 stripe(s), 2 proactive flush(es), 1 terminate flush(es), 0 completion(s), 0 continuation(s) 
[53.317s][info][gc,marking  ] GC(78) Mark Stack Usage: 32M
[53.317s][info][gc,nmethod  ] GC(78) NMethods: 3111 registered, 0 unregistered
[53.317s][info][gc,metaspace] GC(78) Metaspace: 15M used, 15M committed, 1088M reserved
[53.317s][info][gc,ref      ] GC(78) Soft: 392 encountered, 0 discovered, 0 enqueued
[53.317s][info][gc,ref      ] GC(78) Weak: 748 encountered, 510 discovered, 0 enqueued
[53.317s][info][gc,ref      ] GC(78) Final: 0 encountered, 0 discovered, 0 enqueued
[53.317s][info][gc,ref      ] GC(78) Phantom: 64 encountered, 55 discovered, 0 enqueued
[53.317s][info][gc,reloc    ] GC(78) Small Pages: 419 / 838M, Empty: 164M, Relocated: 192M, In-Place: 0
[53.317s][info][gc,reloc    ] GC(78) Medium Pages: 3 / 96M, Empty: 64M, Relocated: 0M, In-Place: 0
[53.317s][info][gc,reloc    ] GC(78) Large Pages: 21 / 154M, Empty: 82M, Relocated: 0M, In-Place: 0
[53.317s][info][gc,reloc    ] GC(78) Forwarding Usage: 119M
[53.317s][info][gc,heap     ] GC(78) Min Capacity: 2048M(100%)
[53.317s][info][gc,heap     ] GC(78) Max Capacity: 2048M(100%)
[53.317s][info][gc,heap     ] GC(78) Soft Max Capacity: 2048M(100%)
[53.317s][info][gc,heap     ] GC(78)                Mark Start          Mark End        Relocate Start      Relocate End           High               Low         
[53.317s][info][gc,heap     ] GC(78)  Capacity:     2048M (100%)       2048M (100%)       2048M (100%)       2048M (100%)       2048M (100%)       2048M (100%)   
[53.317s][info][gc,heap     ] GC(78)      Free:      960M (47%)         874M (43%)        1184M (58%)        1654M (81%)        1654M (81%)         874M (43%)    
[53.317s][info][gc,heap     ] GC(78)      Used:     1088M (53%)        1174M (57%)         864M (42%)         394M (19%)        1174M (57%)         394M (19%)    
[53.317s][info][gc,heap     ] GC(78)      Live:         -               272M (13%)         272M (13%)         272M (13%)            -                  -          
[53.317s][info][gc,heap     ] GC(78) Allocated:         -                86M (4%)           86M (4%)           86M (4%)             -                  -          
[53.317s][info][gc,heap     ] GC(78)   Garbage:         -               815M (40%)         505M (25%)          35M (2%)             -                  -          
[53.317s][info][gc,heap     ] GC(78) Reclaimed:         -                  -               310M (15%)         780M (38%)            -                  -          
[53.317s][info][gc          ] GC(78) Garbage Collection (Allocation Rate) 1088M(53%)->394M(19%)
[53.317s][info][gc,start    ] GC(79) Garbage Collection (System.gc())
[53.317s][info][gc,task     ] GC(79) Using 2 workers
[53.317s][info][gc,phases   ] GC(79) Pause Mark Start 0.008ms
[53.334s][info][gc,phases   ] GC(79) Concurrent Mark 16.326ms
[53.334s][info][gc,phases   ] GC(79) Pause Mark End 0.019ms
[53.334s][info][gc,phases   ] GC(79) Concurrent Mark Free 0.002ms
[53.337s][info][gc,phases   ] GC(79) Concurrent Process Non-Strong References 3.085ms
[53.337s][info][gc,phases   ] GC(79) Concurrent Reset Relocation Set 0.025ms
[53.346s][info][gc,phases   ] GC(79) Concurrent Select Relocation Set 8.860ms
[53.346s][info][gc,phases   ] GC(79) Pause Relocate Start 0.020ms
[53.348s][info][gc,phases   ] GC(79) Concurrent Relocate 1.680ms
[53.348s][info][gc,load     ] GC(79) Load: 0.00/0.00/0.00
[53.348s][info][gc,mmu      ] GC(79) MMU: 2ms/97.9%, 5ms/99.1%, 10ms/99.5%, 20ms/99.7%, 50ms/99.9%, 100ms/99.9%
[53.348s][info][gc,marking  ] GC(79) Mark: 2 stripe(s), 1 proactive flush(es), 1 terminate flush(es), 0 completion(s), 0 continuation(s) 
[53.348s][info][gc,marking  ] GC(79) Mark Stack Usage: 32M
[53.348s][info][gc,nmethod  ] GC(79) NMethods: 3111 registered, 0 unregistered
[53.348s][info][gc,metaspace] GC(79) Metaspace: 15M used, 15M committed, 1088M reserved
[53.348s][info][gc,ref      ] GC(79) Soft: 392 encountered, 0 discovered, 0 enqueued
[53.348s][info][gc,ref      ] GC(79) Weak: 731 encountered, 245 discovered, 0 enqueued
[53.348s][info][gc,ref      ] GC(79) Final: 0 encountered, 0 discovered, 0 enqueued
[53.348s][info][gc,ref      ] GC(79) Phantom: 64 encountered, 49 discovered, 0 enqueued
[53.348s][info][gc,reloc    ] GC(79) Small Pages: 145 / 290M, Empty: 276M, Relocated: 1M, In-Place: 0
[53.348s][info][gc,reloc    ] GC(79) Medium Pages: 1 / 32M, Empty: 32M, Relocated: 0M, In-Place: 0
[53.348s][info][gc,reloc    ] GC(79) Large Pages: 12 / 72M, Empty: 72M, Relocated: 0M, In-Place: 0
[53.348s][info][gc,reloc    ] GC(79) Forwarding Usage: 0M
[53.348s][info][gc,heap     ] GC(79) Min Capacity: 2048M(100%)
[53.348s][info][gc,heap     ] GC(79) Max Capacity: 2048M(100%)
[53.348s][info][gc,heap     ] GC(79) Soft Max Capacity: 2048M(100%)
[53.348s][info][gc,heap     ] GC(79)                Mark Start          Mark End        Relocate Start      Relocate End           High               Low         
[53.348s][info][gc,heap     ] GC(79)  Capacity:     2048M (100%)       2048M (100%)       2048M (100%)       2048M (100%)       2048M (100%)       2048M (100%)   
[53.348s][info][gc,heap     ] GC(79)      Free:     1654M (81%)        1654M (81%)        2034M (99%)        2038M (100%)       2038M (100%)       1654M (81%)    
[53.349s][info][gc,heap     ] GC(79)      Used:      394M (19%)         394M (19%)          14M (1%)           10M (0%)          394M (19%)          10M (0%)     
[53.349s][info][gc,heap     ] GC(79)      Live:         -                 6M (0%)            6M (0%)            6M (0%)             -                  -          
[53.349s][info][gc,heap     ] GC(79) Allocated:         -                 0M (0%)            0M (0%)            0M (0%)             -                  -          
[53.349s][info][gc,heap     ] GC(79)   Garbage:         -               387M (19%)           7M (0%)            3M (0%)             -                  -          
[53.349s][info][gc,heap     ] GC(79) Reclaimed:         -                  -               380M (19%)         384M (19%)            -                  -          
[53.349s][info][gc          ] GC(79) Garbage Collection (System.gc()) 394M(19%)->10M(0%)
[54.209s][info][gc,start    ] GC(80) Garbage Collection (Allocation Rate)
[54.209s][info][gc,task     ] GC(80) Using 2 workers
[54.209s][info][gc,phases   ] GC(80) Pause Mark Start 0.009ms
[54.470s][info][gc,phases   ] GC(80) Concurrent Mark 244.718ms
[54.470s][info][gc,phases   ] GC(80) Pause Mark End 0.022ms
[54.470s][info][gc,phases   ] GC(80) Concurrent Mark Free 0.002ms
[54.473s][info][gc,phases   ] GC(80) Concurrent Process Non-Strong References 3.115ms
[54.473s][info][gc,phases   ] GC(80) Concurrent Reset Relocation Set 0.001ms
[54.495s][info][gc,phases   ] GC(80) Concurrent Select Relocation Set 21.761ms
[54.495s][info][gc,phases   ] GC(80) Pause Relocate Start 0.011ms
[54.622s][info][gc,phases   ] GC(80) Concurrent Relocate 127.072ms
[54.623s][info][gc,load     ] GC(80) Load: 0.00/0.00/0.00
[54.623s][info][gc,mmu      ] GC(80) MMU: 2ms/97.9%, 5ms/99.1%, 10ms/99.5%, 20ms/99.7%, 50ms/99.9%, 100ms/99.9%
[54.623s][info][gc,marking  ] GC(80) Mark: 2 stripe(s), 2 proactive flush(es), 1 terminate flush(es), 0 completion(s), 0 continuation(s) 
[54.623s][info][gc,marking  ] GC(80) Mark Stack Usage: 32M
[54.623s][info][gc,nmethod  ] GC(80) NMethods: 3117 registered, 0 unregistered
[54.623s][info][gc,metaspace] GC(80) Metaspace: 15M used, 15M committed, 1088M reserved
[54.623s][info][gc,ref      ] GC(80) Soft: 392 encountered, 0 discovered, 0 enqueued
[54.623s][info][gc,ref      ] GC(80) Weak: 748 encountered, 66 discovered, 0 enqueued
[54.623s][info][gc,ref      ] GC(80) Final: 0 encountered, 0 discovered, 0 enqueued
[54.623s][info][gc,ref      ] GC(80) Phantom: 64 encountered, 50 discovered, 0 enqueued
[54.623s][info][gc,reloc    ] GC(80) Small Pages: 419 / 838M, Empty: 164M, Relocated: 192M, In-Place: 0
[54.623s][info][gc,reloc    ] GC(80) Medium Pages: 3 / 96M, Empty: 64M, Relocated: 0M, In-Place: 0
[54.623s][info][gc,reloc    ] GC(80) Large Pages: 21 / 154M, Empty: 82M, Relocated: 0M, In-Place: 0
[54.623s][info][gc,reloc    ] GC(80) Forwarding Usage: 119M
[54.623s][info][gc,heap     ] GC(80) Min Capacity: 2048M(100%)
[54.623s][info][gc,heap     ] GC(80) Max Capacity: 2048M(100%)
[54.623s][info][gc,heap     ] GC(80) Soft Max Capacity: 2048M(100%)
[54.623s][info][gc,heap     ] GC(80)                Mark Start          Mark End        Relocate Start      Relocate End           High               Low         
[54.623s][info][gc,heap     ] GC(80)  Capacity:     2048M (100%)       2048M (100%)       2048M (100%)       2048M (100%)       2048M (100%)       2048M (100%)   
[54.623s][info][gc,heap     ] GC(80)      Free:      960M (47%)         874M (43%)        1184M (58%)        1656M (81%)        1656M (81%)         874M (43%)    
[54.623s][info][gc,heap     ] GC(80)      Used:     1088M (53%)        1174M (57%)         864M (42%)         392M (19%)        1174M (57%)         392M (19%)    
[54.623s][info][gc,heap     ] GC(80)      Live:         -               272M (13%)         272M (13%)         272M (13%)            -                  -          
[54.623s][info][gc,heap     ] GC(80) Allocated:         -                86M (4%)           86M (4%)           86M (4%)             -                  -          
[54.623s][info][gc,heap     ] GC(80)   Garbage:         -               815M (40%)         505M (25%)          33M (2%)             -                  -          
[54.623s][info][gc,heap     ] GC(80) Reclaimed:         -                  -               310M (15%)         782M (38%)            -                  -          
[54.623s][info][gc          ] GC(80) Garbage Collection (Allocation Rate) 1088M(53%)->392M(19%)
[54.623s][info][gc,start    ] GC(81) Garbage Collection (System.gc())
[54.623s][info][gc,task     ] GC(81) Using 2 workers
[54.623s][info][gc,phases   ] GC(81) Pause Mark Start 0.007ms
[54.643s][info][gc,phases   ] GC(81) Concurrent Mark 19.435ms
[54.643s][info][gc,phases   ] GC(81) Pause Mark End 0.021ms
[54.643s][info][gc,phases   ] GC(81) Concurrent Mark Free 0.002ms
[54.648s][info][gc,phases   ] GC(81) Concurrent Process Non-Strong References 4.501ms
[54.648s][info][gc,phases   ] GC(81) Concurrent Reset Relocation Set 0.030ms
[54.656s][info][gc,phases   ] GC(81) Concurrent Select Relocation Set 8.304ms
[54.656s][info][gc,phases   ] GC(81) Pause Relocate Start 0.023ms
[54.658s][info][gc,phases   ] GC(81) Concurrent Relocate 1.517ms
[54.658s][info][gc,load     ] GC(81) Load: 0.00/0.00/0.00
[54.658s][info][gc,mmu      ] GC(81) MMU: 2ms/97.9%, 5ms/99.1%, 10ms/99.5%, 20ms/99.7%, 50ms/99.9%, 100ms/99.9%
[54.658s][info][gc,marking  ] GC(81) Mark: 2 stripe(s), 1 proactive flush(es), 1 terminate flush(es), 0 completion(s), 0 continuation(s) 
[54.658s][info][gc,marking  ] GC(81) Mark Stack Usage: 32M
[54.658s][info][gc,nmethod  ] GC(81) NMethods: 3117 registered, 0 unregistered
[54.658s][info][gc,metaspace] GC(81) Metaspace: 15M used, 15M committed, 1088M reserved
[54.658s][info][gc,ref      ] GC(81) Soft: 392 encountered, 0 discovered, 0 enqueued
[54.658s][info][gc,ref      ] GC(81) Weak: 731 encountered, 154 discovered, 0 enqueued
[54.658s][info][gc,ref      ] GC(81) Final: 0 encountered, 0 discovered, 0 enqueued
[54.658s][info][gc,ref      ] GC(81) Phantom: 64 encountered, 50 discovered, 0 enqueued
[54.658s][info][gc,reloc    ] GC(81) Small Pages: 144 / 288M, Empty: 276M, Relocated: 1M, In-Place: 0
[54.658s][info][gc,reloc    ] GC(81) Medium Pages: 1 / 32M, Empty: 32M, Relocated: 0M, In-Place: 0
[54.658s][info][gc,reloc    ] GC(81) Large Pages: 12 / 72M, Empty: 72M, Relocated: 0M, In-Place: 0
[54.658s][info][gc,reloc    ] GC(81) Forwarding Usage: 0M
[54.658s][info][gc,heap     ] GC(81) Min Capacity: 2048M(100%)
[54.658s][info][gc,heap     ] GC(81) Max Capacity: 2048M(100%)
[54.658s][info][gc,heap     ] GC(81) Soft Max Capacity: 2048M(100%)
[54.658s][info][gc,heap     ] GC(81)                Mark Start          Mark End        Relocate Start      Relocate End           High               Low         
[54.658s][info][gc,heap     ] GC(81)  Capacity:     2048M (100%)       2048M (100%)       2048M (100%)       2048M (100%)       2048M (100%)       2048M (100%)   
[54.658s][info][gc,heap     ] GC(81)      Free:     1656M (81%)        1656M (81%)        2036M (99%)        2038M (100%)       2038M (100%)       1656M (81%)    
[54.658s][info][gc,heap     ] GC(81)      Used:      392M (19%)         392M (19%)          12M (1%)           10M (0%)          392M (19%)          10M (0%)     
[54.658s][info][gc,heap     ] GC(81)      Live:         -                 6M (0%)            6M (0%)            6M (0%)             -                  -          
[54.658s][info][gc,heap     ] GC(81) Allocated:         -                 0M (0%)            0M (0%)            0M (0%)             -                  -          
[54.658s][info][gc,heap     ] GC(81)   Garbage:         -               385M (19%)           5M (0%)            3M (0%)             -                  -          
[54.658s][info][gc,heap     ] GC(81) Reclaimed:         -                  -               380M (19%)         382M (19%)            -                  -          
[54.658s][info][gc          ] GC(81) Garbage Collection (System.gc()) 392M(19%)->10M(0%)
[55.503s][info][gc,start    ] GC(82) Garbage Collection (Allocation Rate)
[55.503s][info][gc,task     ] GC(82) Using 2 workers
[55.503s][info][gc,phases   ] GC(82) Pause Mark Start 0.006ms
[55.802s][info][gc,phases   ] GC(82) Concurrent Mark 252.469ms
[55.803s][info][gc,phases   ] GC(82) Pause Mark End 0.022ms
[55.803s][info][gc,phases   ] GC(82) Concurrent Mark Free 0.002ms
[55.807s][info][gc,phases   ] GC(82) Concurrent Process Non-Strong References 3.784ms
[55.807s][info][gc,phases   ] GC(82) Concurrent Reset Relocation Set 0.001ms
[55.829s][info][gc,phases   ] GC(82) Concurrent Select Relocation Set 22.236ms
[55.829s][info][gc,phases   ] GC(82) Pause Relocate Start 0.015ms
[55.957s][info][gc,phases   ] GC(82) Concurrent Relocate 127.414ms
[55.957s][info][gc,load     ] GC(82) Load: 0.00/0.00/0.00
[55.957s][info][gc,mmu      ] GC(82) MMU: 2ms/97.9%, 5ms/99.1%, 10ms/99.5%, 20ms/99.7%, 50ms/99.9%, 100ms/99.9%
[55.957s][info][gc,marking  ] GC(82) Mark: 2 stripe(s), 2 proactive flush(es), 1 terminate flush(es), 0 completion(s), 0 continuation(s) 
[55.957s][info][gc,marking  ] GC(82) Mark Stack Usage: 32M
[55.957s][info][gc,nmethod  ] GC(82) NMethods: 3121 registered, 0 unregistered
[55.957s][info][gc,metaspace] GC(82) Metaspace: 15M used, 15M committed, 1088M reserved
[55.957s][info][gc,ref      ] GC(82) Soft: 392 encountered, 0 discovered, 0 enqueued
[55.957s][info][gc,ref      ] GC(82) Weak: 749 encountered, 45 discovered, 0 enqueued
[55.957s][info][gc,ref      ] GC(82) Final: 0 encountered, 0 discovered, 0 enqueued
[55.957s][info][gc,ref      ] GC(82) Phantom: 64 encountered, 50 discovered, 0 enqueued
[55.957s][info][gc,reloc    ] GC(82) Small Pages: 408 / 816M, Empty: 130M, Relocated: 192M, In-Place: 0
[55.957s][info][gc,reloc    ] GC(82) Medium Pages: 3 / 96M, Empty: 32M, Relocated: 4M, In-Place: 0
[55.957s][info][gc,reloc    ] GC(82) Large Pages: 19 / 142M, Empty: 82M, Relocated: 0M, In-Place: 0
[55.957s][info][gc,reloc    ] GC(82) Forwarding Usage: 120M
[55.957s][info][gc,heap     ] GC(82) Min Capacity: 2048M(100%)
[55.957s][info][gc,heap     ] GC(82) Max Capacity: 2048M(100%)
[55.957s][info][gc,heap     ] GC(82) Soft Max Capacity: 2048M(100%)
[55.957s][info][gc,heap     ] GC(82)                Mark Start          Mark End        Relocate Start      Relocate End           High               Low         
[55.957s][info][gc,heap     ] GC(82)  Capacity:     2048M (100%)       2048M (100%)       2048M (100%)       2048M (100%)       2048M (100%)       2048M (100%)   
[55.957s][info][gc,heap     ] GC(82)      Free:      994M (49%)         876M (43%)        1120M (55%)        1636M (80%)        1636M (80%)         876M (43%)    
[55.957s][info][gc,heap     ] GC(82)      Used:     1054M (51%)        1172M (57%)         928M (45%)         412M (20%)        1172M (57%)         412M (20%)    
[55.957s][info][gc,heap     ] GC(82)      Live:         -               264M (13%)         264M (13%)         264M (13%)            -                  -          
[55.957s][info][gc,heap     ] GC(82) Allocated:         -               118M (6%)          118M (6%)          118M (6%)             -                  -          
[55.957s][info][gc,heap     ] GC(82)   Garbage:         -               789M (39%)         545M (27%)          29M (1%)             -                  -          
[55.957s][info][gc,heap     ] GC(82) Reclaimed:         -                  -               244M (12%)         760M (37%)            -                  -          
[55.957s][info][gc          ] GC(82) Garbage Collection (Allocation Rate) 1054M(51%)->412M(20%)
[55.957s][info][gc,start    ] GC(83) Garbage Collection (System.gc())
[55.957s][info][gc,task     ] GC(83) Using 2 workers
[55.957s][info][gc,phases   ] GC(83) Pause Mark Start 0.008ms
[55.976s][info][gc,phases   ] GC(83) Concurrent Mark 18.943ms
[55.976s][info][gc,phases   ] GC(83) Pause Mark End 0.025ms
[55.977s][info][gc,phases   ] GC(83) Concurrent Mark Free 0.003ms
[55.981s][info][gc,phases   ] GC(83) Concurrent Process Non-Strong References 4.672ms
[55.981s][info][gc,phases   ] GC(83) Concurrent Reset Relocation Set 0.038ms
[55.990s][info][gc,phases   ] GC(83) Concurrent Select Relocation Set 8.757ms
[55.990s][info][gc,phases   ] GC(83) Pause Relocate Start 0.019ms
[55.992s][info][gc,phases   ] GC(83) Concurrent Relocate 1.504ms
[55.992s][info][gc,load     ] GC(83) Load: 0.00/0.00/0.00
[55.992s][info][gc,mmu      ] GC(83) MMU: 2ms/97.9%, 5ms/99.1%, 10ms/99.5%, 20ms/99.7%, 50ms/99.9%, 100ms/99.9%
[55.992s][info][gc,marking  ] GC(83) Mark: 2 stripe(s), 1 proactive flush(es), 1 terminate flush(es), 0 completion(s), 0 continuation(s) 
[55.992s][info][gc,marking  ] GC(83) Mark Stack Usage: 32M
[55.992s][info][gc,nmethod  ] GC(83) NMethods: 3121 registered, 0 unregistered
[55.992s][info][gc,metaspace] GC(83) Metaspace: 15M used, 15M committed, 1088M reserved
[55.992s][info][gc,ref      ] GC(83) Soft: 392 encountered, 0 discovered, 0 enqueued
[55.992s][info][gc,ref      ] GC(83) Weak: 731 encountered, 477 discovered, 0 enqueued
[55.992s][info][gc,ref      ] GC(83) Final: 0 encountered, 0 discovered, 0 enqueued
[55.992s][info][gc,ref      ] GC(83) Phantom: 64 encountered, 49 discovered, 0 enqueued
[55.992s][info][gc,reloc    ] GC(83) Small Pages: 154 / 308M, Empty: 294M, Relocated: 1M, In-Place: 0
[55.992s][info][gc,reloc    ] GC(83) Medium Pages: 1 / 32M, Empty: 32M, Relocated: 0M, In-Place: 0
[55.992s][info][gc,reloc    ] GC(83) Large Pages: 12 / 72M, Empty: 72M, Relocated: 0M, In-Place: 0
[55.992s][info][gc,reloc    ] GC(83) Forwarding Usage: 0M
[55.992s][info][gc,heap     ] GC(83) Min Capacity: 2048M(100%)
[55.992s][info][gc,heap     ] GC(83) Max Capacity: 2048M(100%)
[55.992s][info][gc,heap     ] GC(83) Soft Max Capacity: 2048M(100%)
[55.992s][info][gc,heap     ] GC(83)                Mark Start          Mark End        Relocate Start      Relocate End           High               Low         
[55.992s][info][gc,heap     ] GC(83)  Capacity:     2048M (100%)       2048M (100%)       2048M (100%)       2048M (100%)       2048M (100%)       2048M (100%)   
[55.992s][info][gc,heap     ] GC(83)      Free:     1636M (80%)        1636M (80%)        2034M (99%)        2038M (100%)       2038M (100%)       1636M (80%)    
[55.992s][info][gc,heap     ] GC(83)      Used:      412M (20%)         412M (20%)          14M (1%)           10M (0%)          412M (20%)          10M (0%)     
[55.992s][info][gc,heap     ] GC(83)      Live:         -                 6M (0%)            6M (0%)            6M (0%)             -                  -          
[55.992s][info][gc,heap     ] GC(83) Allocated:         -                 0M (0%)            0M (0%)            0M (0%)             -                  -          
[55.992s][info][gc,heap     ] GC(83)   Garbage:         -               405M (20%)           7M (0%)            3M (0%)             -                  -          
[55.992s][info][gc,heap     ] GC(83) Reclaimed:         -                  -               398M (19%)         402M (20%)            -                  -          
[55.992s][info][gc          ] GC(83) Garbage Collection (System.gc()) 412M(20%)->10M(0%)
[56.904s][info][gc,start    ] GC(84) Garbage Collection (Allocation Rate)
[56.904s][info][gc,task     ] GC(84) Using 2 workers
[56.904s][info][gc,phases   ] GC(84) Pause Mark Start 0.009ms
[57.161s][info][gc,phases   ] GC(84) Concurrent Mark 240.581ms
[57.161s][info][gc,phases   ] GC(84) Pause Mark End 0.021ms
[57.161s][info][gc,phases   ] GC(84) Concurrent Mark Free 0.002ms
[57.165s][info][gc,phases   ] GC(84) Concurrent Process Non-Strong References 4.366ms
[57.165s][info][gc,phases   ] GC(84) Concurrent Reset Relocation Set 0.001ms
[57.188s][info][gc,phases   ] GC(84) Concurrent Select Relocation Set 22.326ms
[57.188s][info][gc,phases   ] GC(84) Pause Relocate Start 0.011ms
[57.317s][info][gc,phases   ] GC(84) Concurrent Relocate 128.849ms
[57.317s][info][gc,load     ] GC(84) Load: 0.00/0.00/0.00
[57.317s][info][gc,mmu      ] GC(84) MMU: 2ms/97.9%, 5ms/99.1%, 10ms/99.5%, 20ms/99.7%, 50ms/99.9%, 100ms/99.9%
[57.317s][info][gc,marking  ] GC(84) Mark: 2 stripe(s), 2 proactive flush(es), 1 terminate flush(es), 0 completion(s), 0 continuation(s) 
[57.317s][info][gc,marking  ] GC(84) Mark Stack Usage: 32M
[57.317s][info][gc,nmethod  ] GC(84) NMethods: 3123 registered, 0 unregistered
[57.317s][info][gc,metaspace] GC(84) Metaspace: 15M used, 15M committed, 1088M reserved
[57.317s][info][gc,ref      ] GC(84) Soft: 392 encountered, 0 discovered, 0 enqueued
[57.317s][info][gc,ref      ] GC(84) Weak: 749 encountered, 81 discovered, 0 enqueued
[57.317s][info][gc,ref      ] GC(84) Final: 0 encountered, 0 discovered, 0 enqueued
[57.317s][info][gc,ref      ] GC(84) Phantom: 64 encountered, 49 discovered, 0 enqueued
[57.317s][info][gc,reloc    ] GC(84) Small Pages: 432 / 864M, Empty: 182M, Relocated: 192M, In-Place: 0
[57.317s][info][gc,reloc    ] GC(84) Medium Pages: 3 / 96M, Empty: 64M, Relocated: 0M, In-Place: 0
[57.317s][info][gc,reloc    ] GC(84) Large Pages: 21 / 154M, Empty: 82M, Relocated: 0M, In-Place: 0
[57.317s][info][gc,reloc    ] GC(84) Forwarding Usage: 118M
[57.317s][info][gc,heap     ] GC(84) Min Capacity: 2048M(100%)
[57.317s][info][gc,heap     ] GC(84) Max Capacity: 2048M(100%)
[57.317s][info][gc,heap     ] GC(84) Soft Max Capacity: 2048M(100%)
[57.317s][info][gc,heap     ] GC(84)                Mark Start          Mark End        Relocate Start      Relocate End           High               Low         
[57.317s][info][gc,heap     ] GC(84)  Capacity:     2048M (100%)       2048M (100%)       2048M (100%)       2048M (100%)       2048M (100%)       2048M (100%)   
[57.317s][info][gc,heap     ] GC(84)      Free:      934M (46%)         874M (43%)        1202M (59%)        1682M (82%)        1682M (82%)         874M (43%)    
[57.317s][info][gc,heap     ] GC(84)      Used:     1114M (54%)        1174M (57%)         846M (41%)         366M (18%)        1174M (57%)         366M (18%)    
[57.317s][info][gc,heap     ] GC(84)      Live:         -               272M (13%)         272M (13%)         272M (13%)            -                  -          
[57.317s][info][gc,heap     ] GC(84) Allocated:         -                60M (3%)           60M (3%)           60M (3%)             -                  -          
[57.317s][info][gc,heap     ] GC(84)   Garbage:         -               841M (41%)         513M (25%)          33M (2%)             -                  -          
[57.317s][info][gc,heap     ] GC(84) Reclaimed:         -                  -               328M (16%)         808M (39%)            -                  -          
[57.317s][info][gc          ] GC(84) Garbage Collection (Allocation Rate) 1114M(54%)->366M(18%)
[57.317s][info][gc,start    ] GC(85) Garbage Collection (System.gc())
[57.317s][info][gc,task     ] GC(85) Using 2 workers
[57.318s][info][gc,phases   ] GC(85) Pause Mark Start 0.008ms
[57.333s][info][gc,phases   ] GC(85) Concurrent Mark 15.495ms
[57.333s][info][gc,phases   ] GC(85) Pause Mark End 0.017ms
[57.333s][info][gc,phases   ] GC(85) Concurrent Mark Free 0.002ms
[57.337s][info][gc,phases   ] GC(85) Concurrent Process Non-Strong References 3.167ms
[57.337s][info][gc,phases   ] GC(85) Concurrent Reset Relocation Set 0.026ms
[57.346s][info][gc,phases   ] GC(85) Concurrent Select Relocation Set 8.923ms
[57.346s][info][gc,phases   ] GC(85) Pause Relocate Start 0.020ms
[57.347s][info][gc,phases   ] GC(85) Concurrent Relocate 0.962ms
[57.347s][info][gc,load     ] GC(85) Load: 0.00/0.00/0.00
[57.347s][info][gc,mmu      ] GC(85) MMU: 2ms/97.9%, 5ms/99.1%, 10ms/99.5%, 20ms/99.7%, 50ms/99.9%, 100ms/99.9%
[57.347s][info][gc,marking  ] GC(85) Mark: 2 stripe(s), 1 proactive flush(es), 1 terminate flush(es), 0 completion(s), 0 continuation(s) 
[57.347s][info][gc,marking  ] GC(85) Mark Stack Usage: 32M
[57.347s][info][gc,nmethod  ] GC(85) NMethods: 3123 registered, 0 unregistered
[57.347s][info][gc,metaspace] GC(85) Metaspace: 15M used, 15M committed, 1088M reserved
[57.347s][info][gc,ref      ] GC(85) Soft: 392 encountered, 0 discovered, 0 enqueued
[57.347s][info][gc,ref      ] GC(85) Weak: 731 encountered, 84 discovered, 0 enqueued
[57.347s][info][gc,ref      ] GC(85) Final: 0 encountered, 0 discovered, 0 enqueued
[57.347s][info][gc,ref      ] GC(85) Phantom: 64 encountered, 48 discovered, 0 enqueued
[57.347s][info][gc,reloc    ] GC(85) Small Pages: 131 / 262M, Empty: 248M, Relocated: 1M, In-Place: 0
[57.347s][info][gc,reloc    ] GC(85) Medium Pages: 1 / 32M, Empty: 32M, Relocated: 0M, In-Place: 0
[57.347s][info][gc,reloc    ] GC(85) Large Pages: 12 / 72M, Empty: 72M, Relocated: 0M, In-Place: 0
[57.347s][info][gc,reloc    ] GC(85) Forwarding Usage: 0M
[57.347s][info][gc,heap     ] GC(85) Min Capacity: 2048M(100%)
[57.347s][info][gc,heap     ] GC(85) Max Capacity: 2048M(100%)
[57.347s][info][gc,heap     ] GC(85) Soft Max Capacity: 2048M(100%)
[57.347s][info][gc,heap     ] GC(85)                Mark Start          Mark End        Relocate Start      Relocate End           High               Low         
[57.347s][info][gc,heap     ] GC(85)  Capacity:     2048M (100%)       2048M (100%)       2048M (100%)       2048M (100%)       2048M (100%)       2048M (100%)   
[57.347s][info][gc,heap     ] GC(85)      Free:     1682M (82%)        1682M (82%)        2034M (99%)        2038M (100%)       2038M (100%)       1682M (82%)    
[57.347s][info][gc,heap     ] GC(85)      Used:      366M (18%)         366M (18%)          14M (1%)           10M (0%)          366M (18%)          10M (0%)     
[57.347s][info][gc,heap     ] GC(85)      Live:         -                 6M (0%)            6M (0%)            6M (0%)             -                  -          
[57.347s][info][gc,heap     ] GC(85) Allocated:         -                 0M (0%)            0M (0%)            0M (0%)             -                  -          
[57.347s][info][gc,heap     ] GC(85)   Garbage:         -               359M (18%)           7M (0%)            3M (0%)             -                  -          
[57.347s][info][gc,heap     ] GC(85) Reclaimed:         -                  -               352M (17%)         356M (17%)            -                  -          
[57.347s][info][gc          ] GC(85) Garbage Collection (System.gc()) 366M(18%)->10M(0%)
[58.212s][info][gc,start    ] GC(86) Garbage Collection (Allocation Rate)
[58.212s][info][gc,task     ] GC(86) Using 2 workers
[58.212s][info][gc,phases   ] GC(86) Pause Mark Start 0.008ms
[58.467s][info][gc,phases   ] GC(86) Concurrent Mark 241.060ms
[58.467s][info][gc,phases   ] GC(86) Pause Mark End 0.022ms
[58.467s][info][gc,phases   ] GC(86) Concurrent Mark Free 0.001ms
[58.471s][info][gc,phases   ] GC(86) Concurrent Process Non-Strong References 3.365ms
[58.471s][info][gc,phases   ] GC(86) Concurrent Reset Relocation Set 0.001ms
[58.493s][info][gc,phases   ] GC(86) Concurrent Select Relocation Set 21.827ms
[58.493s][info][gc,phases   ] GC(86) Pause Relocate Start 0.011ms
[58.622s][info][gc,phases   ] GC(86) Concurrent Relocate 129.157ms
[58.622s][info][gc,load     ] GC(86) Load: 0.00/0.00/0.00
[58.622s][info][gc,mmu      ] GC(86) MMU: 2ms/97.9%, 5ms/99.1%, 10ms/99.5%, 20ms/99.7%, 50ms/99.9%, 100ms/99.9%
[58.622s][info][gc,marking  ] GC(86) Mark: 2 stripe(s), 2 proactive flush(es), 1 terminate flush(es), 0 completion(s), 0 continuation(s) 
[58.622s][info][gc,marking  ] GC(86) Mark Stack Usage: 32M
[58.622s][info][gc,nmethod  ] GC(86) NMethods: 3126 registered, 0 unregistered
[58.622s][info][gc,metaspace] GC(86) Metaspace: 15M used, 15M committed, 1088M reserved
[58.622s][info][gc,ref      ] GC(86) Soft: 392 encountered, 0 discovered, 0 enqueued
[58.622s][info][gc,ref      ] GC(86) Weak: 748 encountered, 397 discovered, 0 enqueued
[58.622s][info][gc,ref      ] GC(86) Final: 0 encountered, 0 discovered, 0 enqueued
[58.622s][info][gc,ref      ] GC(86) Phantom: 64 encountered, 57 discovered, 0 enqueued
[58.622s][info][gc,reloc    ] GC(86) Small Pages: 421 / 842M, Empty: 170M, Relocated: 192M, In-Place: 0
[58.622s][info][gc,reloc    ] GC(86) Medium Pages: 3 / 96M, Empty: 64M, Relocated: 0M, In-Place: 0
[58.622s][info][gc,reloc    ] GC(86) Large Pages: 21 / 154M, Empty: 82M, Relocated: 0M, In-Place: 0
[58.622s][info][gc,reloc    ] GC(86) Forwarding Usage: 120M
[58.622s][info][gc,heap     ] GC(86) Min Capacity: 2048M(100%)
[58.622s][info][gc,heap     ] GC(86) Max Capacity: 2048M(100%)
[58.622s][info][gc,heap     ] GC(86) Soft Max Capacity: 2048M(100%)
[58.622s][info][gc,heap     ] GC(86)                Mark Start          Mark End        Relocate Start      Relocate End           High               Low         
[58.622s][info][gc,heap     ] GC(86)  Capacity:     2048M (100%)       2048M (100%)       2048M (100%)       2048M (100%)       2048M (100%)       2048M (100%)   
[58.622s][info][gc,heap     ] GC(86)      Free:      956M (47%)         872M (43%)        1188M (58%)        1658M (81%)        1658M (81%)         872M (43%)    
[58.622s][info][gc,heap     ] GC(86)      Used:     1092M (53%)        1176M (57%)         860M (42%)         390M (19%)        1176M (57%)         390M (19%)    
[58.622s][info][gc,heap     ] GC(86)      Live:         -               272M (13%)         272M (13%)         272M (13%)            -                  -          
[58.622s][info][gc,heap     ] GC(86) Allocated:         -                84M (4%)           84M (4%)           84M (4%)             -                  -          
[58.622s][info][gc,heap     ] GC(86)   Garbage:         -               819M (40%)         503M (25%)          33M (2%)             -                  -          
[58.623s][info][gc,heap     ] GC(86) Reclaimed:         -                  -               316M (15%)         786M (38%)            -                  -          
[58.623s][info][gc          ] GC(86) Garbage Collection (Allocation Rate) 1092M(53%)->390M(19%)
[58.623s][info][gc,start    ] GC(87) Garbage Collection (System.gc())
[58.623s][info][gc,task     ] GC(87) Using 2 workers
[58.623s][info][gc,phases   ] GC(87) Pause Mark Start 0.010ms
[58.640s][info][gc,phases   ] GC(87) Concurrent Mark 16.959ms
[58.640s][info][gc,phases   ] GC(87) Pause Mark End 0.024ms
[58.640s][info][gc,phases   ] GC(87) Concurrent Mark Free 0.003ms
[58.644s][info][gc,phases   ] GC(87) Concurrent Process Non-Strong References 3.876ms
[58.644s][info][gc,phases   ] GC(87) Concurrent Reset Relocation Set 0.025ms
[58.652s][info][gc,phases   ] GC(87) Concurrent Select Relocation Set 8.350ms
[58.653s][info][gc,phases   ] GC(87) Pause Relocate Start 0.020ms
[58.654s][info][gc,phases   ] GC(87) Concurrent Relocate 1.367ms
[58.654s][info][gc,load     ] GC(87) Load: 0.00/0.00/0.00
[58.654s][info][gc,mmu      ] GC(87) MMU: 2ms/97.9%, 5ms/99.1%, 10ms/99.5%, 20ms/99.7%, 50ms/99.9%, 100ms/99.9%
[58.654s][info][gc,marking  ] GC(87) Mark: 2 stripe(s), 1 proactive flush(es), 1 terminate flush(es), 0 completion(s), 0 continuation(s) 
[58.654s][info][gc,marking  ] GC(87) Mark Stack Usage: 32M
[58.654s][info][gc,nmethod  ] GC(87) NMethods: 3126 registered, 0 unregistered
[58.654s][info][gc,metaspace] GC(87) Metaspace: 15M used, 15M committed, 1088M reserved
[58.654s][info][gc,ref      ] GC(87) Soft: 392 encountered, 0 discovered, 0 enqueued
[58.654s][info][gc,ref      ] GC(87) Weak: 731 encountered, 22 discovered, 0 enqueued
[58.654s][info][gc,ref      ] GC(87) Final: 0 encountered, 0 discovered, 0 enqueued
[58.654s][info][gc,ref      ] GC(87) Phantom: 64 encountered, 49 discovered, 0 enqueued
[58.654s][info][gc,reloc    ] GC(87) Small Pages: 143 / 286M, Empty: 272M, Relocated: 1M, In-Place: 0
[58.654s][info][gc,reloc    ] GC(87) Medium Pages: 1 / 32M, Empty: 32M, Relocated: 0M, In-Place: 0
[58.654s][info][gc,reloc    ] GC(87) Large Pages: 12 / 72M, Empty: 72M, Relocated: 0M, In-Place: 0
[58.654s][info][gc,reloc    ] GC(87) Forwarding Usage: 0M
[58.654s][info][gc,heap     ] GC(87) Min Capacity: 2048M(100%)
[58.654s][info][gc,heap     ] GC(87) Max Capacity: 2048M(100%)
[58.654s][info][gc,heap     ] GC(87) Soft Max Capacity: 2048M(100%)
[58.654s][info][gc,heap     ] GC(87)                Mark Start          Mark End        Relocate Start      Relocate End           High               Low         
[58.654s][info][gc,heap     ] GC(87)  Capacity:     2048M (100%)       2048M (100%)       2048M (100%)       2048M (100%)       2048M (100%)       2048M (100%)   
[58.654s][info][gc,heap     ] GC(87)      Free:     1658M (81%)        1658M (81%)        2034M (99%)        2038M (100%)       2038M (100%)       1658M (81%)    
[58.654s][info][gc,heap     ] GC(87)      Used:      390M (19%)         390M (19%)          14M (1%)           10M (0%)          390M (19%)          10M (0%)     
[58.654s][info][gc,heap     ] GC(87)      Live:         -                 6M (0%)            6M (0%)            6M (0%)             -                  -          
[58.654s][info][gc,heap     ] GC(87) Allocated:         -                 0M (0%)            0M (0%)            0M (0%)             -                  -          
[58.654s][info][gc,heap     ] GC(87)   Garbage:         -               383M (19%)           7M (0%)            3M (0%)             -                  -          
[58.654s][info][gc,heap     ] GC(87) Reclaimed:         -                  -               376M (18%)         380M (19%)            -                  -          
[58.654s][info][gc          ] GC(87) Garbage Collection (System.gc()) 390M(19%)->10M(0%)
[59.516s][info][gc,start    ] GC(88) Garbage Collection (Allocation Rate)
[59.516s][info][gc,task     ] GC(88) Using 2 workers
[59.516s][info][gc,phases   ] GC(88) Pause Mark Start 0.008ms
[59.781s][info][gc,phases   ] GC(88) Concurrent Mark 249.132ms
[59.781s][info][gc,phases   ] GC(88) Pause Mark End 0.023ms
[59.781s][info][gc,phases   ] GC(88) Concurrent Mark Free 0.002ms
[59.785s][info][gc,phases   ] GC(88) Concurrent Process Non-Strong References 3.755ms
[59.785s][info][gc,phases   ] GC(88) Concurrent Reset Relocation Set 0.001ms
[59.807s][info][gc,phases   ] GC(88) Concurrent Select Relocation Set 21.739ms
[59.807s][info][gc,phases   ] GC(88) Pause Relocate Start 0.022ms
[59.934s][info][gc,phases   ] GC(88) Concurrent Relocate 126.898ms
[59.934s][info][gc,load     ] GC(88) Load: 0.00/0.00/0.00
[59.934s][info][gc,mmu      ] GC(88) MMU: 2ms/97.9%, 5ms/99.1%, 10ms/99.5%, 20ms/99.7%, 50ms/99.9%, 100ms/99.9%
[59.934s][info][gc,marking  ] GC(88) Mark: 2 stripe(s), 2 proactive flush(es), 1 terminate flush(es), 0 completion(s), 0 continuation(s) 
[59.934s][info][gc,marking  ] GC(88) Mark Stack Usage: 32M
[59.934s][info][gc,nmethod  ] GC(88) NMethods: 3142 registered, 0 unregistered
[59.934s][info][gc,metaspace] GC(88) Metaspace: 15M used, 15M committed, 1088M reserved
[59.934s][info][gc,ref      ] GC(88) Soft: 392 encountered, 0 discovered, 0 enqueued
[59.934s][info][gc,ref      ] GC(88) Weak: 748 encountered, 403 discovered, 0 enqueued
[59.934s][info][gc,ref      ] GC(88) Final: 0 encountered, 0 discovered, 0 enqueued
[59.934s][info][gc,ref      ] GC(88) Phantom: 64 encountered, 50 discovered, 0 enqueued
[59.934s][info][gc,reloc    ] GC(88) Small Pages: 416 / 832M, Empty: 170M, Relocated: 192M, In-Place: 0
[59.934s][info][gc,reloc    ] GC(88) Medium Pages: 3 / 96M, Empty: 64M, Relocated: 0M, In-Place: 0
[59.934s][info][gc,reloc    ] GC(88) Large Pages: 21 / 154M, Empty: 82M, Relocated: 0M, In-Place: 0
[59.934s][info][gc,reloc    ] GC(88) Forwarding Usage: 118M
[59.934s][info][gc,heap     ] GC(88) Min Capacity: 2048M(100%)
[59.934s][info][gc,heap     ] GC(88) Max Capacity: 2048M(100%)
[59.934s][info][gc,heap     ] GC(88) Soft Max Capacity: 2048M(100%)
[59.934s][info][gc,heap     ] GC(88)                Mark Start          Mark End        Relocate Start      Relocate End           High               Low         
[59.934s][info][gc,heap     ] GC(88)  Capacity:     2048M (100%)       2048M (100%)       2048M (100%)       2048M (100%)       2048M (100%)       2048M (100%)   
[59.935s][info][gc,heap     ] GC(88)      Free:      966M (47%)         878M (43%)        1194M (58%)        1652M (81%)        1652M (81%)         878M (43%)    
[59.935s][info][gc,heap     ] GC(88)      Used:     1082M (53%)        1170M (57%)         854M (42%)         396M (19%)        1170M (57%)         396M (19%)    
[59.935s][info][gc,heap     ] GC(88)      Live:         -               272M (13%)         272M (13%)         272M (13%)            -                  -          
[59.935s][info][gc,heap     ] GC(88) Allocated:         -                88M (4%)           88M (4%)           88M (4%)             -                  -          
[59.935s][info][gc,heap     ] GC(88)   Garbage:         -               809M (40%)         493M (24%)          35M (2%)             -                  -          
[59.935s][info][gc,heap     ] GC(88) Reclaimed:         -                  -               316M (15%)         774M (38%)            -                  -          
[59.935s][info][gc          ] GC(88) Garbage Collection (Allocation Rate) 1082M(53%)->396M(19%)
[59.935s][info][gc,start    ] GC(89) Garbage Collection (System.gc())
[59.935s][info][gc,task     ] GC(89) Using 2 workers
[59.935s][info][gc,phases   ] GC(89) Pause Mark Start 0.009ms
[59.953s][info][gc,phases   ] GC(89) Concurrent Mark 18.125ms
[59.953s][info][gc,phases   ] GC(89) Pause Mark End 0.024ms
[59.953s][info][gc,phases   ] GC(89) Concurrent Mark Free 0.003ms
[59.958s][info][gc,phases   ] GC(89) Concurrent Process Non-Strong References 4.141ms
[59.958s][info][gc,phases   ] GC(89) Concurrent Reset Relocation Set 0.038ms
[59.966s][info][gc,phases   ] GC(89) Concurrent Select Relocation Set 8.430ms
[59.966s][info][gc,phases   ] GC(89) Pause Relocate Start 0.019ms
[59.968s][info][gc,phases   ] GC(89) Concurrent Relocate 1.673ms
[59.968s][info][gc,load     ] GC(89) Load: 0.00/0.00/0.00
[59.968s][info][gc,mmu      ] GC(89) MMU: 2ms/97.9%, 5ms/99.1%, 10ms/99.5%, 20ms/99.7%, 50ms/99.9%, 100ms/99.9%
[59.968s][info][gc,marking  ] GC(89) Mark: 2 stripe(s), 1 proactive flush(es), 1 terminate flush(es), 0 completion(s), 0 continuation(s) 
[59.968s][info][gc,marking  ] GC(89) Mark Stack Usage: 32M
[59.968s][info][gc,nmethod  ] GC(89) NMethods: 3142 registered, 0 unregistered
[59.968s][info][gc,metaspace] GC(89) Metaspace: 15M used, 15M committed, 1088M reserved
[59.968s][info][gc,ref      ] GC(89) Soft: 392 encountered, 0 discovered, 0 enqueued
[59.968s][info][gc,ref      ] GC(89) Weak: 731 encountered, 336 discovered, 0 enqueued
[59.968s][info][gc,ref      ] GC(89) Final: 0 encountered, 0 discovered, 0 enqueued
[59.968s][info][gc,ref      ] GC(89) Phantom: 64 encountered, 49 discovered, 0 enqueued
[59.968s][info][gc,reloc    ] GC(89) Small Pages: 146 / 292M, Empty: 278M, Relocated: 1M, In-Place: 0
[59.968s][info][gc,reloc    ] GC(89) Medium Pages: 1 / 32M, Empty: 32M, Relocated: 0M, In-Place: 0
[59.968s][info][gc,reloc    ] GC(89) Large Pages: 12 / 72M, Empty: 72M, Relocated: 0M, In-Place: 0
[59.968s][info][gc,reloc    ] GC(89) Forwarding Usage: 0M
[59.968s][info][gc,heap     ] GC(89) Min Capacity: 2048M(100%)
[59.968s][info][gc,heap     ] GC(89) Max Capacity: 2048M(100%)
[59.968s][info][gc,heap     ] GC(89) Soft Max Capacity: 2048M(100%)
[59.968s][info][gc,heap     ] GC(89)                Mark Start          Mark End        Relocate Start      Relocate End           High               Low         
[59.968s][info][gc,heap     ] GC(89)  Capacity:     2048M (100%)       2048M (100%)       2048M (100%)       2048M (100%)       2048M (100%)       2048M (100%)   
[59.969s][info][gc,heap     ] GC(89)      Free:     1652M (81%)        1652M (81%)        2034M (99%)        2038M (100%)       2038M (100%)       1652M (81%)    
[59.969s][info][gc,heap     ] GC(89)      Used:      396M (19%)         396M (19%)          14M (1%)           10M (0%)          396M (19%)          10M (0%)     
[59.969s][info][gc,heap     ] GC(89)      Live:         -                 6M (0%)            6M (0%)            6M (0%)             -                  -          
[59.969s][info][gc,heap     ] GC(89) Allocated:         -                 0M (0%)            0M (0%)            0M (0%)             -                  -          
[59.969s][info][gc,heap     ] GC(89)   Garbage:         -               389M (19%)           7M (0%)            3M (0%)             -                  -          
[59.969s][info][gc,heap     ] GC(89) Reclaimed:         -                  -               382M (19%)         386M (19%)            -                  -          
[59.969s][info][gc          ] GC(89) Garbage Collection (System.gc()) 396M(19%)->10M(0%)
[60.110s][info][gc,stats    ] === Garbage Collection Statistics =======================================================================================================================
[60.110s][info][gc,stats    ]                                                              Last 10s              Last 10m              Last 10h                Total
[60.111s][info][gc,stats    ]                                                              Avg / Max             Avg / Max             Avg / Max             Avg / Max
[60.111s][info][gc,stats    ]   Collector: Garbage Collection Cycle                    225.778 / 454.176     226.614 / 465.355     226.614 / 465.355     226.614 / 465.355     ms
[60.111s][info][gc,stats    ]  Contention: Mark Segment Reset Contention                     1 / 8                 0 / 8                 0 / 8                 0 / 8           ops/s
[60.111s][info][gc,stats    ]  Contention: Mark SeqNum Reset Contention                      0 / 1                 0 / 1                 0 / 1                 0 / 1           ops/s
[60.111s][info][gc,stats    ]    Critical: Allocation Stall                                  0 / 0                 0 / 0                 0 / 0                 0 / 0           ops/s
[60.111s][info][gc,stats    ]    Critical: Allocation Stall                              0.000 / 0.000         0.000 / 0.000         0.000 / 0.000         0.000 / 0.000       ms
[60.111s][info][gc,stats    ]    Critical: GC Locker Stall                                   0 / 0                 0 / 0                 0 / 0                 0 / 0           ops/s
[60.111s][info][gc,stats    ]    Critical: GC Locker Stall                               0.000 / 0.000         0.000 / 0.000         0.000 / 0.000         0.000 / 0.000       ms
[60.111s][info][gc,stats    ]    Critical: Relocation Stall                                  0 / 0                 0 / 0                 0 / 0                 0 / 0           ops/s
[60.111s][info][gc,stats    ]    Critical: Relocation Stall                              0.000 / 0.000         0.000 / 0.000         0.000 / 0.000         0.000 / 0.000       ms
[60.111s][info][gc,stats    ]      Memory: Allocation Rate                                 871 / 1052            904 / 1244            904 / 1244            904 / 1244        MB/s
[60.111s][info][gc,stats    ]      Memory: Out Of Memory                                     0 / 0                 0 / 0                 0 / 0                 0 / 0           ops/s
[60.111s][info][gc,stats    ]      Memory: Page Cache Flush                                  0 / 0                 0 / 0                 0 / 0                 0 / 0           MB/s
[60.111s][info][gc,stats    ]      Memory: Page Cache Hit L1                               435 / 485             438 / 557             438 / 557             438 / 557         ops/s
[60.111s][info][gc,stats    ]      Memory: Page Cache Hit L2                                 0 / 0                 0 / 0                 0 / 0                 0 / 0           ops/s
[60.111s][info][gc,stats    ]      Memory: Page Cache Hit L3                                 0 / 0                 9 / 195               9 / 195               9 / 195         ops/s
[60.111s][info][gc,stats    ]      Memory: Page Cache Miss                                   0 / 0                 0 / 1                 0 / 1                 0 / 1           ops/s
[60.111s][info][gc,stats    ]      Memory: Uncommit                                          0 / 0                 0 / 0                 0 / 0                 0 / 0           MB/s
[60.111s][info][gc,stats    ]      Memory: Undo Object Allocation Failed                     0 / 0                 0 / 2                 0 / 2                 0 / 2           ops/s
[60.111s][info][gc,stats    ]      Memory: Undo Object Allocation Succeeded                  0 / 0              4634 / 248763         4634 / 248763         4634 / 248763      ops/s
[60.111s][info][gc,stats    ]      Memory: Undo Page Allocation                              0 / 2                 0 / 3                 0 / 3                 0 / 3           ops/s
[60.111s][info][gc,stats    ]       Phase: Concurrent Mark                             131.643 / 254.861     134.712 / 352.487     134.712 / 352.487     134.712 / 352.487     ms
[60.111s][info][gc,stats    ]       Phase: Concurrent Mark Continue                      0.000 / 0.000         0.000 / 0.000         0.000 / 0.000         0.000 / 0.000       ms
[60.111s][info][gc,stats    ]       Phase: Concurrent Mark Free                          0.002 / 0.003         0.002 / 0.004         0.002 / 0.004         0.002 / 0.004       ms
[60.111s][info][gc,stats    ]       Phase: Concurrent Process Non-Strong References      3.751 / 4.672         3.420 / 15.958        3.420 / 15.958        3.420 / 15.958      ms
[60.111s][info][gc,stats    ]       Phase: Concurrent Relocate                          64.621 / 129.157      64.072 / 151.919      64.072 / 151.919      64.072 / 151.919     ms
[60.111s][info][gc,stats    ]       Phase: Concurrent Reset Relocation Set               0.016 / 0.038         0.015 / 0.049         0.015 / 0.049         0.015 / 0.049       ms
[60.111s][info][gc,stats    ]       Phase: Concurrent Select Relocation Set             15.141 / 22.326       15.584 / 26.863       15.584 / 26.863       15.584 / 26.863      ms
[60.111s][info][gc,stats    ]       Phase: Pause Mark End                                0.022 / 0.030         0.021 / 0.043         0.021 / 0.043         0.021 / 0.043       ms
[60.111s][info][gc,stats    ]       Phase: Pause Mark Start                              0.008 / 0.010         0.008 / 0.019         0.008 / 0.019         0.008 / 0.019       ms
[60.111s][info][gc,stats    ]       Phase: Pause Relocate Start                          0.017 / 0.023         0.017 / 0.032         0.017 / 0.032         0.017 / 0.032       ms
[60.111s][info][gc,stats    ]    Subphase: Concurrent Classes Purge                      0.119 / 0.140         0.112 / 0.252         0.112 / 0.252         0.112 / 0.252       ms
[60.111s][info][gc,stats    ]    Subphase: Concurrent Classes Unlink                     2.957 / 3.768         2.554 / 4.168         2.554 / 4.168         2.554 / 4.168       ms
[60.111s][info][gc,stats    ]    Subphase: Concurrent Mark                             125.063 / 254.447     129.481 / 351.776     129.481 / 351.776     129.481 / 351.776     ms
[60.111s][info][gc,stats    ]    Subphase: Concurrent Mark Try Flush                     0.079 / 0.518         0.292 / 15.584        0.292 / 15.584        0.292 / 15.584      ms
[60.111s][info][gc,stats    ]    Subphase: Concurrent Mark Try Terminate                 4.333 / 15.522        3.915 / 16.252        3.915 / 16.252        3.915 / 16.252      ms
[60.111s][info][gc,stats    ]    Subphase: Concurrent References Enqueue                 0.000 / 0.000         0.000 / 0.005         0.000 / 0.005         0.000 / 0.005       ms
[60.111s][info][gc,stats    ]    Subphase: Concurrent References Process                 0.138 / 0.213         0.120 / 0.238         0.120 / 0.238         0.120 / 0.238       ms
[60.111s][info][gc,stats    ]    Subphase: Concurrent Roots ClassLoaderDataGraph         0.086 / 0.273         0.086 / 0.273         0.086 / 0.273         0.086 / 0.273       ms
[60.111s][info][gc,stats    ]    Subphase: Concurrent Roots CodeCache                    0.000 / 0.000         0.000 / 0.000         0.000 / 0.000         0.000 / 0.000       ms
[60.111s][info][gc,stats    ]    Subphase: Concurrent Roots JavaThreads                  0.217 / 0.523         0.258 / 2.583         0.258 / 2.583         0.258 / 2.583       ms
[60.111s][info][gc,stats    ]    Subphase: Concurrent Roots OopStorageSet                0.016 / 0.023         0.017 / 0.049         0.017 / 0.049         0.017 / 0.049       ms
[60.111s][info][gc,stats    ]    Subphase: Concurrent Weak Roots OopStorageSet           0.353 / 0.503         0.318 / 0.505         0.318 / 0.505         0.318 / 0.505       ms
[60.111s][info][gc,stats    ]    Subphase: Pause Mark Try Complete                       0.000 / 0.000         0.000 / 0.000         0.000 / 0.000         0.000 / 0.000       ms
[60.111s][info][gc,stats    ]      System: Java Threads                                     13 / 18               13 / 19               13 / 19               13 / 19          threads
[60.111s][info][gc,stats    ] =========================================================================================================================================================
[60.812s][info][gc,start    ] GC(90) Garbage Collection (Allocation Rate)
[60.812s][info][gc,task     ] GC(90) Using 2 workers
[60.812s][info][gc,phases   ] GC(90) Pause Mark Start 0.009ms
[61.081s][info][gc,phases   ] GC(90) Concurrent Mark 253.329ms
[61.082s][info][gc,phases   ] GC(90) Pause Mark End 0.022ms
[61.082s][info][gc,phases   ] GC(90) Concurrent Mark Free 0.002ms
[61.085s][info][gc,phases   ] GC(90) Concurrent Process Non-Strong References 3.023ms
[61.085s][info][gc,phases   ] GC(90) Concurrent Reset Relocation Set 0.001ms
[61.106s][info][gc,phases   ] GC(90) Concurrent Select Relocation Set 20.867ms
[61.106s][info][gc,phases   ] GC(90) Pause Relocate Start 0.011ms
[61.232s][info][gc,phases   ] GC(90) Concurrent Relocate 126.325ms
[61.232s][info][gc,load     ] GC(90) Load: 0.00/0.00/0.00
[61.232s][info][gc,mmu      ] GC(90) MMU: 2ms/97.9%, 5ms/99.1%, 10ms/99.5%, 20ms/99.7%, 50ms/99.9%, 100ms/99.9%
[61.232s][info][gc,marking  ] GC(90) Mark: 2 stripe(s), 2 proactive flush(es), 1 terminate flush(es), 0 completion(s), 0 continuation(s) 
[61.232s][info][gc,marking  ] GC(90) Mark Stack Usage: 32M
[61.232s][info][gc,nmethod  ] GC(90) NMethods: 3147 registered, 0 unregistered
[61.232s][info][gc,metaspace] GC(90) Metaspace: 15M used, 15M committed, 1088M reserved
[61.232s][info][gc,ref      ] GC(90) Soft: 392 encountered, 0 discovered, 0 enqueued
[61.232s][info][gc,ref      ] GC(90) Weak: 748 encountered, 408 discovered, 0 enqueued
[61.232s][info][gc,ref      ] GC(90) Final: 0 encountered, 0 discovered, 0 enqueued
[61.233s][info][gc,ref      ] GC(90) Phantom: 64 encountered, 50 discovered, 0 enqueued
[61.233s][info][gc,reloc    ] GC(90) Small Pages: 408 / 816M, Empty: 124M, Relocated: 192M, In-Place: 0
[61.233s][info][gc,reloc    ] GC(90) Medium Pages: 3 / 96M, Empty: 32M, Relocated: 4M, In-Place: 0
[61.233s][info][gc,reloc    ] GC(90) Large Pages: 19 / 142M, Empty: 82M, Relocated: 0M, In-Place: 0
[61.233s][info][gc,reloc    ] GC(90) Forwarding Usage: 119M
[61.233s][info][gc,heap     ] GC(90) Min Capacity: 2048M(100%)
[61.233s][info][gc,heap     ] GC(90) Max Capacity: 2048M(100%)
[61.233s][info][gc,heap     ] GC(90) Soft Max Capacity: 2048M(100%)
[61.233s][info][gc,heap     ] GC(90)                Mark Start          Mark End        Relocate Start      Relocate End           High               Low         
[61.233s][info][gc,heap     ] GC(90)  Capacity:     2048M (100%)       2048M (100%)       2048M (100%)       2048M (100%)       2048M (100%)       2048M (100%)   
[61.233s][info][gc,heap     ] GC(90)      Free:      994M (49%)         872M (43%)        1110M (54%)        1632M (80%)        1632M (80%)         872M (43%)    
[61.233s][info][gc,heap     ] GC(90)      Used:     1054M (51%)        1176M (57%)         938M (46%)         416M (20%)        1176M (57%)         416M (20%)    
[61.233s][info][gc,heap     ] GC(90)      Live:         -               264M (13%)         264M (13%)         264M (13%)            -                  -          
[61.233s][info][gc,heap     ] GC(90) Allocated:         -               122M (6%)          122M (6%)          122M (6%)             -                  -          
[61.233s][info][gc,heap     ] GC(90)   Garbage:         -               789M (39%)         551M (27%)          29M (1%)             -                  -          
[61.233s][info][gc,heap     ] GC(90) Reclaimed:         -                  -               238M (12%)         760M (37%)            -                  -          
[61.233s][info][gc          ] GC(90) Garbage Collection (Allocation Rate) 1054M(51%)->416M(20%)
[61.233s][info][gc,start    ] GC(91) Garbage Collection (System.gc())
[61.233s][info][gc,task     ] GC(91) Using 2 workers
[61.233s][info][gc,phases   ] GC(91) Pause Mark Start 0.007ms
[61.254s][info][gc,phases   ] GC(91) Concurrent Mark 21.287ms
[61.255s][info][gc,phases   ] GC(91) Pause Mark End 0.024ms
[61.255s][info][gc,phases   ] GC(91) Concurrent Mark Free 0.002ms
[61.259s][info][gc,phases   ] GC(91) Concurrent Process Non-Strong References 4.016ms
[61.259s][info][gc,phases   ] GC(91) Concurrent Reset Relocation Set 0.032ms
[61.267s][info][gc,phases   ] GC(91) Concurrent Select Relocation Set 8.308ms
[61.267s][info][gc,phases   ] GC(91) Pause Relocate Start 0.012ms
[61.268s][info][gc,phases   ] GC(91) Concurrent Relocate 0.913ms
[61.268s][info][gc,load     ] GC(91) Load: 0.00/0.00/0.00
[61.268s][info][gc,mmu      ] GC(91) MMU: 2ms/97.9%, 5ms/99.1%, 10ms/99.5%, 20ms/99.7%, 50ms/99.9%, 100ms/99.9%
[61.268s][info][gc,marking  ] GC(91) Mark: 2 stripe(s), 1 proactive flush(es), 1 terminate flush(es), 0 completion(s), 0 continuation(s) 
[61.268s][info][gc,marking  ] GC(91) Mark Stack Usage: 32M
[61.268s][info][gc,nmethod  ] GC(91) NMethods: 3147 registered, 0 unregistered
[61.268s][info][gc,metaspace] GC(91) Metaspace: 15M used, 15M committed, 1088M reserved
[61.268s][info][gc,ref      ] GC(91) Soft: 392 encountered, 0 discovered, 0 enqueued
[61.268s][info][gc,ref      ] GC(91) Weak: 731 encountered, 116 discovered, 0 enqueued
[61.268s][info][gc,ref      ] GC(91) Final: 0 encountered, 0 discovered, 0 enqueued
[61.268s][info][gc,ref      ] GC(91) Phantom: 64 encountered, 50 discovered, 0 enqueued
[61.268s][info][gc,reloc    ] GC(91) Small Pages: 156 / 312M, Empty: 300M, Relocated: 1M, In-Place: 0
[61.268s][info][gc,reloc    ] GC(91) Medium Pages: 1 / 32M, Empty: 32M, Relocated: 0M, In-Place: 0
[61.268s][info][gc,reloc    ] GC(91) Large Pages: 12 / 72M, Empty: 72M, Relocated: 0M, In-Place: 0
[61.268s][info][gc,reloc    ] GC(91) Forwarding Usage: 0M
[61.268s][info][gc,heap     ] GC(91) Min Capacity: 2048M(100%)
[61.268s][info][gc,heap     ] GC(91) Max Capacity: 2048M(100%)
[61.268s][info][gc,heap     ] GC(91) Soft Max Capacity: 2048M(100%)
[61.268s][info][gc,heap     ] GC(91)                Mark Start          Mark End        Relocate Start      Relocate End           High               Low         
[61.268s][info][gc,heap     ] GC(91)  Capacity:     2048M (100%)       2048M (100%)       2048M (100%)       2048M (100%)       2048M (100%)       2048M (100%)   
[61.268s][info][gc,heap     ] GC(91)      Free:     1632M (80%)        1632M (80%)        2036M (99%)        2038M (100%)       2038M (100%)       1632M (80%)    
[61.268s][info][gc,heap     ] GC(91)      Used:      416M (20%)         416M (20%)          12M (1%)           10M (0%)          416M (20%)          10M (0%)     
[61.268s][info][gc,heap     ] GC(91)      Live:         -                 6M (0%)            6M (0%)            6M (0%)             -                  -          
[61.268s][info][gc,heap     ] GC(91) Allocated:         -                 0M (0%)            0M (0%)            0M (0%)             -                  -          
[61.268s][info][gc,heap     ] GC(91)   Garbage:         -               409M (20%)           5M (0%)            3M (0%)             -                  -          
[61.268s][info][gc,heap     ] GC(91) Reclaimed:         -                  -               404M (20%)         406M (20%)            -                  -          
[61.268s][info][gc          ] GC(91) Garbage Collection (System.gc()) 416M(20%)->10M(0%)
[62.115s][info][gc,start    ] GC(92) Garbage Collection (Allocation Rate)
[62.115s][info][gc,task     ] GC(92) Using 2 workers
[62.115s][info][gc,phases   ] GC(92) Pause Mark Start 0.008ms
[62.382s][info][gc,phases   ] GC(92) Concurrent Mark 251.233ms
[62.382s][info][gc,phases   ] GC(92) Pause Mark End 0.024ms
[62.382s][info][gc,phases   ] GC(92) Concurrent Mark Free 0.002ms
[62.385s][info][gc,phases   ] GC(92) Concurrent Process Non-Strong References 3.485ms
[62.385s][info][gc,phases   ] GC(92) Concurrent Reset Relocation Set 0.001ms
[62.407s][info][gc,phases   ] GC(92) Concurrent Select Relocation Set 21.771ms
[62.407s][info][gc,phases   ] GC(92) Pause Relocate Start 0.021ms
[62.534s][info][gc,phases   ] GC(92) Concurrent Relocate 126.372ms
[62.534s][info][gc,load     ] GC(92) Load: 0.00/0.00/0.00
[62.534s][info][gc,mmu      ] GC(92) MMU: 2ms/97.9%, 5ms/99.1%, 10ms/99.5%, 20ms/99.7%, 50ms/99.9%, 100ms/99.9%
[62.534s][info][gc,marking  ] GC(92) Mark: 2 stripe(s), 2 proactive flush(es), 1 terminate flush(es), 0 completion(s), 0 continuation(s) 
[62.534s][info][gc,marking  ] GC(92) Mark Stack Usage: 32M
[62.534s][info][gc,nmethod  ] GC(92) NMethods: 3147 registered, 0 unregistered
[62.534s][info][gc,metaspace] GC(92) Metaspace: 15M used, 15M committed, 1088M reserved
[62.534s][info][gc,ref      ] GC(92) Soft: 392 encountered, 0 discovered, 0 enqueued
[62.534s][info][gc,ref      ] GC(92) Weak: 749 encountered, 279 discovered, 0 enqueued
[62.534s][info][gc,ref      ] GC(92) Final: 0 encountered, 0 discovered, 0 enqueued
[62.534s][info][gc,ref      ] GC(92) Phantom: 64 encountered, 49 discovered, 0 enqueued
[62.534s][info][gc,reloc    ] GC(92) Small Pages: 408 / 816M, Empty: 134M, Relocated: 192M, In-Place: 0
[62.534s][info][gc,reloc    ] GC(92) Medium Pages: 3 / 96M, Empty: 64M, Relocated: 0M, In-Place: 0
[62.534s][info][gc,reloc    ] GC(92) Large Pages: 21 / 154M, Empty: 82M, Relocated: 0M, In-Place: 0
[62.534s][info][gc,reloc    ] GC(92) Forwarding Usage: 120M
[62.534s][info][gc,heap     ] GC(92) Min Capacity: 2048M(100%)
[62.534s][info][gc,heap     ] GC(92) Max Capacity: 2048M(100%)
[62.534s][info][gc,heap     ] GC(92) Soft Max Capacity: 2048M(100%)
[62.534s][info][gc,heap     ] GC(92)                Mark Start          Mark End        Relocate Start      Relocate End           High               Low         
[62.534s][info][gc,heap     ] GC(92)  Capacity:     2048M (100%)       2048M (100%)       2048M (100%)       2048M (100%)       2048M (100%)       2048M (100%)   
[62.534s][info][gc,heap     ] GC(92)      Free:      982M (48%)         878M (43%)        1158M (57%)        1638M (80%)        1638M (80%)         878M (43%)    
[62.534s][info][gc,heap     ] GC(92)      Used:     1066M (52%)        1170M (57%)         890M (43%)         410M (20%)        1170M (57%)         410M (20%)    
[62.534s][info][gc,heap     ] GC(92)      Live:         -               272M (13%)         272M (13%)         272M (13%)            -                  -          
[62.534s][info][gc,heap     ] GC(92) Allocated:         -               104M (5%)          104M (5%)          104M (5%)             -                  -          
[62.534s][info][gc,heap     ] GC(92)   Garbage:         -               793M (39%)         513M (25%)          33M (2%)             -                  -          
[62.534s][info][gc,heap     ] GC(92) Reclaimed:         -                  -               280M (14%)         760M (37%)            -                  -          
[62.534s][info][gc          ] GC(92) Garbage Collection (Allocation Rate) 1066M(52%)->410M(20%)
[62.534s][info][gc,start    ] GC(93) Garbage Collection (System.gc())
[62.534s][info][gc,task     ] GC(93) Using 2 workers
[62.534s][info][gc,phases   ] GC(93) Pause Mark Start 0.008ms
[62.554s][info][gc,phases   ] GC(93) Concurrent Mark 19.847ms
[62.555s][info][gc,phases   ] GC(93) Pause Mark End 0.020ms
[62.555s][info][gc,phases   ] GC(93) Concurrent Mark Free 0.002ms
[62.559s][info][gc,phases   ] GC(93) Concurrent Process Non-Strong References 4.342ms
[62.559s][info][gc,phases   ] GC(93) Concurrent Reset Relocation Set 0.035ms
[62.568s][info][gc,phases   ] GC(93) Concurrent Select Relocation Set 8.249ms
[62.568s][info][gc,phases   ] GC(93) Pause Relocate Start 0.022ms
[62.569s][info][gc,phases   ] GC(93) Concurrent Relocate 1.574ms
[62.570s][info][gc,load     ] GC(93) Load: 0.00/0.00/0.00
[62.570s][info][gc,mmu      ] GC(93) MMU: 2ms/97.9%, 5ms/99.1%, 10ms/99.5%, 20ms/99.7%, 50ms/99.9%, 100ms/99.9%
[62.570s][info][gc,marking  ] GC(93) Mark: 2 stripe(s), 2 proactive flush(es), 1 terminate flush(es), 0 completion(s), 0 continuation(s) 
[62.570s][info][gc,marking  ] GC(93) Mark Stack Usage: 32M
[62.570s][info][gc,nmethod  ] GC(93) NMethods: 3147 registered, 0 unregistered
[62.570s][info][gc,metaspace] GC(93) Metaspace: 15M used, 15M committed, 1088M reserved
[62.570s][info][gc,ref      ] GC(93) Soft: 392 encountered, 0 discovered, 0 enqueued
[62.570s][info][gc,ref      ] GC(93) Weak: 731 encountered, 315 discovered, 0 enqueued
[62.570s][info][gc,ref      ] GC(93) Final: 0 encountered, 0 discovered, 0 enqueued
[62.570s][info][gc,ref      ] GC(93) Phantom: 64 encountered, 51 discovered, 0 enqueued
[62.570s][info][gc,reloc    ] GC(93) Small Pages: 153 / 306M, Empty: 290M, Relocated: 1M, In-Place: 0
[62.570s][info][gc,reloc    ] GC(93) Medium Pages: 1 / 32M, Empty: 32M, Relocated: 0M, In-Place: 0
[62.570s][info][gc,reloc    ] GC(93) Large Pages: 12 / 72M, Empty: 72M, Relocated: 0M, In-Place: 0
[62.570s][info][gc,reloc    ] GC(93) Forwarding Usage: 0M
[62.570s][info][gc,heap     ] GC(93) Min Capacity: 2048M(100%)
[62.570s][info][gc,heap     ] GC(93) Max Capacity: 2048M(100%)
[62.570s][info][gc,heap     ] GC(93) Soft Max Capacity: 2048M(100%)
[62.570s][info][gc,heap     ] GC(93)                Mark Start          Mark End        Relocate Start      Relocate End           High               Low         
[62.570s][info][gc,heap     ] GC(93)  Capacity:     2048M (100%)       2048M (100%)       2048M (100%)       2048M (100%)       2048M (100%)       2048M (100%)   
[62.570s][info][gc,heap     ] GC(93)      Free:     1638M (80%)        1638M (80%)        2032M (99%)        2038M (100%)       2038M (100%)       1638M (80%)    
[62.570s][info][gc,heap     ] GC(93)      Used:      410M (20%)         410M (20%)          16M (1%)           10M (0%)          410M (20%)          10M (0%)     
[62.570s][info][gc,heap     ] GC(93)      Live:         -                 6M (0%)            6M (0%)            6M (0%)             -                  -          
[62.570s][info][gc,heap     ] GC(93) Allocated:         -                 0M (0%)            0M (0%)            0M (0%)             -                  -          
[62.570s][info][gc,heap     ] GC(93)   Garbage:         -               403M (20%)           9M (0%)            3M (0%)             -                  -          
[62.570s][info][gc,heap     ] GC(93) Reclaimed:         -                  -               394M (19%)         400M (20%)            -                  -          
[62.570s][info][gc          ] GC(93) Garbage Collection (System.gc()) 410M(20%)->10M(0%)
[63.506s][info][gc,start    ] GC(94) Garbage Collection (Allocation Rate)
[63.506s][info][gc,task     ] GC(94) Using 2 workers
[63.506s][info][gc,phases   ] GC(94) Pause Mark Start 0.009ms
[63.751s][info][gc,phases   ] GC(94) Concurrent Mark 229.475ms
[63.751s][info][gc,phases   ] GC(94) Pause Mark End 0.022ms
[63.751s][info][gc,phases   ] GC(94) Concurrent Mark Free 0.003ms
[63.755s][info][gc,phases   ] GC(94) Concurrent Process Non-Strong References 3.238ms
[63.755s][info][gc,phases   ] GC(94) Concurrent Reset Relocation Set 0.001ms
[63.776s][info][gc,phases   ] GC(94) Concurrent Select Relocation Set 21.595ms
[63.777s][info][gc,phases   ] GC(94) Pause Relocate Start 0.010ms
[63.903s][info][gc,phases   ] GC(94) Concurrent Relocate 126.034ms
[63.903s][info][gc,load     ] GC(94) Load: 0.00/0.00/0.00
[63.903s][info][gc,mmu      ] GC(94) MMU: 2ms/97.9%, 5ms/99.1%, 10ms/99.5%, 20ms/99.7%, 50ms/99.9%, 100ms/99.9%
[63.903s][info][gc,marking  ] GC(94) Mark: 2 stripe(s), 2 proactive flush(es), 1 terminate flush(es), 0 completion(s), 0 continuation(s) 
[63.903s][info][gc,marking  ] GC(94) Mark Stack Usage: 32M
[63.903s][info][gc,nmethod  ] GC(94) NMethods: 3152 registered, 0 unregistered
[63.903s][info][gc,metaspace] GC(94) Metaspace: 15M used, 15M committed, 1088M reserved
[63.903s][info][gc,ref      ] GC(94) Soft: 392 encountered, 0 discovered, 0 enqueued
[63.903s][info][gc,ref      ] GC(94) Weak: 749 encountered, 18 discovered, 0 enqueued
[63.903s][info][gc,ref      ] GC(94) Final: 0 encountered, 0 discovered, 0 enqueued
[63.903s][info][gc,ref      ] GC(94) Phantom: 64 encountered, 39 discovered, 0 enqueued
[63.903s][info][gc,reloc    ] GC(94) Small Pages: 441 / 882M, Empty: 206M, Relocated: 192M, In-Place: 0
[63.903s][info][gc,reloc    ] GC(94) Medium Pages: 3 / 96M, Empty: 64M, Relocated: 0M, In-Place: 0
[63.903s][info][gc,reloc    ] GC(94) Large Pages: 21 / 154M, Empty: 82M, Relocated: 0M, In-Place: 0
[63.903s][info][gc,reloc    ] GC(94) Forwarding Usage: 118M
[63.903s][info][gc,heap     ] GC(94) Min Capacity: 2048M(100%)
[63.903s][info][gc,heap     ] GC(94) Max Capacity: 2048M(100%)
[63.903s][info][gc,heap     ] GC(94) Soft Max Capacity: 2048M(100%)
[63.903s][info][gc,heap     ] GC(94)                Mark Start          Mark End        Relocate Start      Relocate End           High               Low         
[63.903s][info][gc,heap     ] GC(94)  Capacity:     2048M (100%)       2048M (100%)       2048M (100%)       2048M (100%)       2048M (100%)       2048M (100%)   
[63.903s][info][gc,heap     ] GC(94)      Free:      916M (45%)         878M (43%)        1230M (60%)        1704M (83%)        1704M (83%)         878M (43%)    
[63.903s][info][gc,heap     ] GC(94)      Used:     1132M (55%)        1170M (57%)         818M (40%)         344M (17%)        1170M (57%)         344M (17%)    
[63.903s][info][gc,heap     ] GC(94)      Live:         -               272M (13%)         272M (13%)         272M (13%)            -                  -          
[63.903s][info][gc,heap     ] GC(94) Allocated:         -                38M (2%)           38M (2%)           38M (2%)             -                  -          
[63.903s][info][gc,heap     ] GC(94)   Garbage:         -               859M (42%)         507M (25%)          33M (2%)             -                  -          
[63.903s][info][gc,heap     ] GC(94) Reclaimed:         -                  -               352M (17%)         826M (40%)            -                  -          
[63.903s][info][gc          ] GC(94) Garbage Collection (Allocation Rate) 1132M(55%)->344M(17%)
[63.903s][info][gc,start    ] GC(95) Garbage Collection (System.gc())
[63.903s][info][gc,task     ] GC(95) Using 2 workers
[63.903s][info][gc,phases   ] GC(95) Pause Mark Start 0.008ms
[63.923s][info][gc,phases   ] GC(95) Concurrent Mark 19.968ms
[63.924s][info][gc,phases   ] GC(95) Pause Mark End 0.022ms
[63.924s][info][gc,phases   ] GC(95) Concurrent Mark Free 0.002ms
[63.928s][info][gc,phases   ] GC(95) Concurrent Process Non-Strong References 4.236ms
[63.928s][info][gc,phases   ] GC(95) Concurrent Reset Relocation Set 0.030ms
[63.937s][info][gc,phases   ] GC(95) Concurrent Select Relocation Set 8.491ms
[63.937s][info][gc,phases   ] GC(95) Pause Relocate Start 0.022ms
[63.938s][info][gc,phases   ] GC(95) Concurrent Relocate 1.327ms
[63.938s][info][gc,load     ] GC(95) Load: 0.00/0.00/0.00
[63.938s][info][gc,mmu      ] GC(95) MMU: 2ms/97.9%, 5ms/99.1%, 10ms/99.5%, 20ms/99.7%, 50ms/99.9%, 100ms/99.9%
[63.938s][info][gc,marking  ] GC(95) Mark: 2 stripe(s), 1 proactive flush(es), 1 terminate flush(es), 0 completion(s), 0 continuation(s) 
[63.938s][info][gc,marking  ] GC(95) Mark Stack Usage: 32M
[63.938s][info][gc,nmethod  ] GC(95) NMethods: 3152 registered, 0 unregistered
[63.938s][info][gc,metaspace] GC(95) Metaspace: 15M used, 15M committed, 1088M reserved
[63.938s][info][gc,ref      ] GC(95) Soft: 392 encountered, 0 discovered, 0 enqueued
[63.938s][info][gc,ref      ] GC(95) Weak: 731 encountered, 15 discovered, 0 enqueued
[63.938s][info][gc,ref      ] GC(95) Final: 0 encountered, 0 discovered, 0 enqueued
[63.938s][info][gc,ref      ] GC(95) Phantom: 64 encountered, 27 discovered, 0 enqueued
[63.938s][info][gc,reloc    ] GC(95) Small Pages: 120 / 240M, Empty: 226M, Relocated: 1M, In-Place: 0
[63.938s][info][gc,reloc    ] GC(95) Medium Pages: 1 / 32M, Empty: 32M, Relocated: 0M, In-Place: 0
[63.938s][info][gc,reloc    ] GC(95) Large Pages: 12 / 72M, Empty: 72M, Relocated: 0M, In-Place: 0
[63.938s][info][gc,reloc    ] GC(95) Forwarding Usage: 0M
[63.938s][info][gc,heap     ] GC(95) Min Capacity: 2048M(100%)
[63.938s][info][gc,heap     ] GC(95) Max Capacity: 2048M(100%)
[63.938s][info][gc,heap     ] GC(95) Soft Max Capacity: 2048M(100%)
[63.938s][info][gc,heap     ] GC(95)                Mark Start          Mark End        Relocate Start      Relocate End           High               Low         
[63.938s][info][gc,heap     ] GC(95)  Capacity:     2048M (100%)       2048M (100%)       2048M (100%)       2048M (100%)       2048M (100%)       2048M (100%)   
[63.938s][info][gc,heap     ] GC(95)      Free:     1704M (83%)        1704M (83%)        2034M (99%)        2038M (100%)       2038M (100%)       1704M (83%)    
[63.938s][info][gc,heap     ] GC(95)      Used:      344M (17%)         344M (17%)          14M (1%)           10M (0%)          344M (17%)          10M (0%)     
[63.938s][info][gc,heap     ] GC(95)      Live:         -                 6M (0%)            6M (0%)            6M (0%)             -                  -          
[63.938s][info][gc,heap     ] GC(95) Allocated:         -                 0M (0%)            0M (0%)            0M (0%)             -                  -          
[63.938s][info][gc,heap     ] GC(95)   Garbage:         -               337M (16%)           7M (0%)            3M (0%)             -                  -          
[63.938s][info][gc,heap     ] GC(95) Reclaimed:         -                  -               330M (16%)         334M (16%)            -                  -          
[63.938s][info][gc          ] GC(95) Garbage Collection (System.gc()) 344M(17%)->10M(0%)
[64.803s][info][gc,start    ] GC(96) Garbage Collection (Allocation Rate)
[64.803s][info][gc,task     ] GC(96) Using 2 workers
[64.803s][info][gc,phases   ] GC(96) Pause Mark Start 0.006ms
[65.062s][info][gc,phases   ] GC(96) Concurrent Mark 249.082ms
[65.062s][info][gc,phases   ] GC(96) Pause Mark End 0.025ms
[65.062s][info][gc,phases   ] GC(96) Concurrent Mark Free 0.001ms
[65.066s][info][gc,phases   ] GC(96) Concurrent Process Non-Strong References 4.482ms
[65.067s][info][gc,phases   ] GC(96) Concurrent Reset Relocation Set 0.001ms
[65.087s][info][gc,phases   ] GC(96) Concurrent Select Relocation Set 20.753ms
[65.087s][info][gc,phases   ] GC(96) Pause Relocate Start 0.011ms
[65.214s][info][gc,phases   ] GC(96) Concurrent Relocate 125.986ms
[65.214s][info][gc,load     ] GC(96) Load: 0.00/0.00/0.00
[65.214s][info][gc,mmu      ] GC(96) MMU: 2ms/97.9%, 5ms/99.1%, 10ms/99.5%, 20ms/99.7%, 50ms/99.9%, 100ms/99.9%
[65.214s][info][gc,marking  ] GC(96) Mark: 2 stripe(s), 2 proactive flush(es), 1 terminate flush(es), 0 completion(s), 0 continuation(s) 
[65.214s][info][gc,marking  ] GC(96) Mark Stack Usage: 32M
[65.214s][info][gc,nmethod  ] GC(96) NMethods: 3155 registered, 0 unregistered
[65.214s][info][gc,metaspace] GC(96) Metaspace: 15M used, 15M committed, 1088M reserved
[65.214s][info][gc,ref      ] GC(96) Soft: 392 encountered, 0 discovered, 0 enqueued
[65.214s][info][gc,ref      ] GC(96) Weak: 747 encountered, 273 discovered, 0 enqueued
[65.214s][info][gc,ref      ] GC(96) Final: 0 encountered, 0 discovered, 0 enqueued
[65.214s][info][gc,ref      ] GC(96) Phantom: 64 encountered, 49 discovered, 0 enqueued
[65.214s][info][gc,reloc    ] GC(96) Small Pages: 416 / 832M, Empty: 158M, Relocated: 192M, In-Place: 0
[65.214s][info][gc,reloc    ] GC(96) Medium Pages: 3 / 96M, Empty: 64M, Relocated: 0M, In-Place: 0
[65.214s][info][gc,reloc    ] GC(96) Large Pages: 21 / 154M, Empty: 82M, Relocated: 0M, In-Place: 0
[65.214s][info][gc,reloc    ] GC(96) Forwarding Usage: 119M
[65.214s][info][gc,heap     ] GC(96) Min Capacity: 2048M(100%)
[65.214s][info][gc,heap     ] GC(96) Max Capacity: 2048M(100%)
[65.214s][info][gc,heap     ] GC(96) Soft Max Capacity: 2048M(100%)
[65.214s][info][gc,heap     ] GC(96)                Mark Start          Mark End        Relocate Start      Relocate End           High               Low         
[65.214s][info][gc,heap     ] GC(96)  Capacity:     2048M (100%)       2048M (100%)       2048M (100%)       2048M (100%)       2048M (100%)       2048M (100%)   
[65.214s][info][gc,heap     ] GC(96)      Free:      966M (47%)         876M (43%)        1180M (58%)        1650M (81%)        1650M (81%)         876M (43%)    
[65.214s][info][gc,heap     ] GC(96)      Used:     1082M (53%)        1172M (57%)         868M (42%)         398M (19%)        1172M (57%)         398M (19%)    
[65.214s][info][gc,heap     ] GC(96)      Live:         -               272M (13%)         272M (13%)         272M (13%)            -                  -          
[65.214s][info][gc,heap     ] GC(96) Allocated:         -                90M (4%)           90M (4%)           90M (4%)             -                  -          
[65.214s][info][gc,heap     ] GC(96)   Garbage:         -               809M (40%)         505M (25%)          35M (2%)             -                  -          
[65.214s][info][gc,heap     ] GC(96) Reclaimed:         -                  -               304M (15%)         774M (38%)            -                  -          
[65.214s][info][gc          ] GC(96) Garbage Collection (Allocation Rate) 1082M(53%)->398M(19%)
[65.214s][info][gc,start    ] GC(97) Garbage Collection (System.gc())
[65.214s][info][gc,task     ] GC(97) Using 2 workers
[65.214s][info][gc,phases   ] GC(97) Pause Mark Start 0.008ms
[65.234s][info][gc,phases   ] GC(97) Concurrent Mark 19.733ms
[65.234s][info][gc,phases   ] GC(97) Pause Mark End 0.021ms
[65.234s][info][gc,phases   ] GC(97) Concurrent Mark Free 0.002ms
[65.239s][info][gc,phases   ] GC(97) Concurrent Process Non-Strong References 4.728ms
[65.239s][info][gc,phases   ] GC(97) Concurrent Reset Relocation Set 0.050ms
[65.248s][info][gc,phases   ] GC(97) Concurrent Select Relocation Set 8.760ms
[65.248s][info][gc,phases   ] GC(97) Pause Relocate Start 0.022ms
[65.250s][info][gc,phases   ] GC(97) Concurrent Relocate 1.674ms
[65.250s][info][gc,load     ] GC(97) Load: 0.00/0.00/0.00
[65.250s][info][gc,mmu      ] GC(97) MMU: 2ms/97.9%, 5ms/99.1%, 10ms/99.5%, 20ms/99.7%, 50ms/99.9%, 100ms/99.9%
[65.250s][info][gc,marking  ] GC(97) Mark: 2 stripe(s), 2 proactive flush(es), 1 terminate flush(es), 0 completion(s), 0 continuation(s) 
[65.250s][info][gc,marking  ] GC(97) Mark Stack Usage: 32M
[65.250s][info][gc,nmethod  ] GC(97) NMethods: 3155 registered, 0 unregistered
[65.250s][info][gc,metaspace] GC(97) Metaspace: 15M used, 15M committed, 1088M reserved
[65.250s][info][gc,ref      ] GC(97) Soft: 392 encountered, 0 discovered, 0 enqueued
[65.250s][info][gc,ref      ] GC(97) Weak: 731 encountered, 23 discovered, 0 enqueued
[65.250s][info][gc,ref      ] GC(97) Final: 0 encountered, 0 discovered, 0 enqueued
[65.250s][info][gc,ref      ] GC(97) Phantom: 64 encountered, 50 discovered, 0 enqueued
[65.250s][info][gc,reloc    ] GC(97) Small Pages: 147 / 294M, Empty: 280M, Relocated: 1M, In-Place: 0
[65.250s][info][gc,reloc    ] GC(97) Medium Pages: 1 / 32M, Empty: 32M, Relocated: 0M, In-Place: 0
[65.250s][info][gc,reloc    ] GC(97) Large Pages: 12 / 72M, Empty: 72M, Relocated: 0M, In-Place: 0
[65.250s][info][gc,reloc    ] GC(97) Forwarding Usage: 0M
[65.250s][info][gc,heap     ] GC(97) Min Capacity: 2048M(100%)
[65.250s][info][gc,heap     ] GC(97) Max Capacity: 2048M(100%)
[65.250s][info][gc,heap     ] GC(97) Soft Max Capacity: 2048M(100%)
[65.250s][info][gc,heap     ] GC(97)                Mark Start          Mark End        Relocate Start      Relocate End           High               Low         
[65.250s][info][gc,heap     ] GC(97)  Capacity:     2048M (100%)       2048M (100%)       2048M (100%)       2048M (100%)       2048M (100%)       2048M (100%)   
[65.250s][info][gc,heap     ] GC(97)      Free:     1650M (81%)        1650M (81%)        2034M (99%)        2038M (100%)       2038M (100%)       1650M (81%)    
[65.250s][info][gc,heap     ] GC(97)      Used:      398M (19%)         398M (19%)          14M (1%)           10M (0%)          398M (19%)          10M (0%)     
[65.250s][info][gc,heap     ] GC(97)      Live:         -                 6M (0%)            6M (0%)            6M (0%)             -                  -          
[65.250s][info][gc,heap     ] GC(97) Allocated:         -                 0M (0%)            0M (0%)            0M (0%)             -                  -          
[65.250s][info][gc,heap     ] GC(97)   Garbage:         -               391M (19%)           7M (0%)            3M (0%)             -                  -          
[65.250s][info][gc,heap     ] GC(97) Reclaimed:         -                  -               384M (19%)         388M (19%)            -                  -          
[65.250s][info][gc          ] GC(97) Garbage Collection (System.gc()) 398M(19%)->10M(0%)
[66.101s][info][gc,start    ] GC(98) Garbage Collection (Allocation Rate)
[66.101s][info][gc,task     ] GC(98) Using 2 workers
[66.101s][info][gc,phases   ] GC(98) Pause Mark Start 0.011ms
[66.367s][info][gc,phases   ] GC(98) Concurrent Mark 266.202ms
[66.368s][info][gc,phases   ] GC(98) Pause Mark End 0.021ms
[66.368s][info][gc,phases   ] GC(98) Concurrent Mark Free 0.002ms
[66.372s][info][gc,phases   ] GC(98) Concurrent Process Non-Strong References 4.191ms
[66.372s][info][gc,phases   ] GC(98) Concurrent Reset Relocation Set 0.001ms
[66.394s][info][gc,phases   ] GC(98) Concurrent Select Relocation Set 21.665ms
[66.394s][info][gc,phases   ] GC(98) Pause Relocate Start 0.013ms
[66.522s][info][gc,phases   ] GC(98) Concurrent Relocate 127.756ms
[66.522s][info][gc,load     ] GC(98) Load: 0.00/0.00/0.00
[66.522s][info][gc,mmu      ] GC(98) MMU: 2ms/97.9%, 5ms/99.1%, 10ms/99.5%, 20ms/99.7%, 50ms/99.9%, 100ms/99.9%
[66.522s][info][gc,marking  ] GC(98) Mark: 2 stripe(s), 3 proactive flush(es), 1 terminate flush(es), 0 completion(s), 0 continuation(s) 
[66.522s][info][gc,marking  ] GC(98) Mark Stack Usage: 32M
[66.522s][info][gc,nmethod  ] GC(98) NMethods: 3161 registered, 0 unregistered
[66.522s][info][gc,metaspace] GC(98) Metaspace: 15M used, 15M committed, 1088M reserved
[66.522s][info][gc,ref      ] GC(98) Soft: 392 encountered, 0 discovered, 0 enqueued
[66.522s][info][gc,ref      ] GC(98) Weak: 748 encountered, 363 discovered, 0 enqueued
[66.522s][info][gc,ref      ] GC(98) Final: 0 encountered, 0 discovered, 0 enqueued
[66.522s][info][gc,ref      ] GC(98) Phantom: 64 encountered, 49 discovered, 0 enqueued
[66.522s][info][gc,reloc    ] GC(98) Small Pages: 408 / 816M, Empty: 134M, Relocated: 192M, In-Place: 0
[66.522s][info][gc,reloc    ] GC(98) Medium Pages: 3 / 96M, Empty: 32M, Relocated: 4M, In-Place: 0
[66.522s][info][gc,reloc    ] GC(98) Large Pages: 20 / 148M, Empty: 82M, Relocated: 0M, In-Place: 0
[66.522s][info][gc,reloc    ] GC(98) Forwarding Usage: 120M
[66.522s][info][gc,heap     ] GC(98) Min Capacity: 2048M(100%)
[66.522s][info][gc,heap     ] GC(98) Max Capacity: 2048M(100%)
[66.522s][info][gc,heap     ] GC(98) Soft Max Capacity: 2048M(100%)
[66.522s][info][gc,heap     ] GC(98)                Mark Start          Mark End        Relocate Start      Relocate End           High               Low         
[66.522s][info][gc,heap     ] GC(98)  Capacity:     2048M (100%)       2048M (100%)       2048M (100%)       2048M (100%)       2048M (100%)       2048M (100%)   
[66.522s][info][gc,heap     ] GC(98)      Free:      988M (48%)         876M (43%)        1124M (55%)        1636M (80%)        1636M (80%)         876M (43%)    
[66.522s][info][gc,heap     ] GC(98)      Used:     1060M (52%)        1172M (57%)         924M (45%)         412M (20%)        1172M (57%)         412M (20%)    
[66.522s][info][gc,heap     ] GC(98)      Live:         -               270M (13%)         270M (13%)         270M (13%)            -                  -          
[66.522s][info][gc,heap     ] GC(98) Allocated:         -               112M (5%)          112M (5%)          112M (5%)             -                  -          
[66.522s][info][gc,heap     ] GC(98)   Garbage:         -               789M (39%)         541M (26%)          29M (1%)             -                  -          
[66.522s][info][gc,heap     ] GC(98) Reclaimed:         -                  -               248M (12%)         760M (37%)            -                  -          
[66.522s][info][gc          ] GC(98) Garbage Collection (Allocation Rate) 1060M(52%)->412M(20%)
[66.522s][info][gc,start    ] GC(99) Garbage Collection (System.gc())
[66.522s][info][gc,task     ] GC(99) Using 2 workers
[66.522s][info][gc,phases   ] GC(99) Pause Mark Start 0.007ms
[66.540s][info][gc,phases   ] GC(99) Concurrent Mark 17.547ms
[66.540s][info][gc,phases   ] GC(99) Pause Mark End 0.022ms
[66.540s][info][gc,phases   ] GC(99) Concurrent Mark Free 0.002ms
[66.544s][info][gc,phases   ] GC(99) Concurrent Process Non-Strong References 3.611ms
[66.544s][info][gc,phases   ] GC(99) Concurrent Reset Relocation Set 0.034ms
[66.553s][info][gc,phases   ] GC(99) Concurrent Select Relocation Set 8.607ms
[66.553s][info][gc,phases   ] GC(99) Pause Relocate Start 0.018ms
[66.554s][info][gc,phases   ] GC(99) Concurrent Relocate 1.241ms
[66.554s][info][gc,load     ] GC(99) Load: 0.00/0.00/0.00
[66.554s][info][gc,mmu      ] GC(99) MMU: 2ms/97.9%, 5ms/99.1%, 10ms/99.5%, 20ms/99.7%, 50ms/99.9%, 100ms/99.9%
[66.554s][info][gc,marking  ] GC(99) Mark: 2 stripe(s), 1 proactive flush(es), 1 terminate flush(es), 0 completion(s), 0 continuation(s) 
[66.554s][info][gc,marking  ] GC(99) Mark Stack Usage: 32M
[66.554s][info][gc,nmethod  ] GC(99) NMethods: 3161 registered, 0 unregistered
[66.554s][info][gc,metaspace] GC(99) Metaspace: 15M used, 15M committed, 1088M reserved
[66.554s][info][gc,ref      ] GC(99) Soft: 392 encountered, 0 discovered, 0 enqueued
[66.554s][info][gc,ref      ] GC(99) Weak: 731 encountered, 190 discovered, 0 enqueued
[66.554s][info][gc,ref      ] GC(99) Final: 0 encountered, 0 discovered, 0 enqueued
[66.554s][info][gc,ref      ] GC(99) Phantom: 64 encountered, 49 discovered, 0 enqueued
[66.554s][info][gc,reloc    ] GC(99) Small Pages: 154 / 308M, Empty: 290M, Relocated: 1M, In-Place: 0
[66.554s][info][gc,reloc    ] GC(99) Medium Pages: 1 / 32M, Empty: 32M, Relocated: 0M, In-Place: 0
[66.554s][info][gc,reloc    ] GC(99) Large Pages: 12 / 72M, Empty: 72M, Relocated: 0M, In-Place: 0
[66.554s][info][gc,reloc    ] GC(99) Forwarding Usage: 0M
[66.554s][info][gc,heap     ] GC(99) Min Capacity: 2048M(100%)
[66.554s][info][gc,heap     ] GC(99) Max Capacity: 2048M(100%)
[66.554s][info][gc,heap     ] GC(99) Soft Max Capacity: 2048M(100%)
[66.554s][info][gc,heap     ] GC(99)                Mark Start          Mark End        Relocate Start      Relocate End           High               Low         
[66.554s][info][gc,heap     ] GC(99)  Capacity:     2048M (100%)       2048M (100%)       2048M (100%)       2048M (100%)       2048M (100%)       2048M (100%)   
[66.554s][info][gc,heap     ] GC(99)      Free:     1636M (80%)        1636M (80%)        2030M (99%)        2038M (100%)       2038M (100%)       1636M (80%)    
[66.554s][info][gc,heap     ] GC(99)      Used:      412M (20%)         412M (20%)          18M (1%)           10M (0%)          412M (20%)          10M (0%)     
[66.554s][info][gc,heap     ] GC(99)      Live:         -                 6M (0%)            6M (0%)            6M (0%)             -                  -          
[66.554s][info][gc,heap     ] GC(99) Allocated:         -                 0M (0%)            0M (0%)            0M (0%)             -                  -          
[66.554s][info][gc,heap     ] GC(99)   Garbage:         -               405M (20%)          11M (1%)            3M (0%)             -                  -          
[66.554s][info][gc,heap     ] GC(99) Reclaimed:         -                  -               394M (19%)         402M (20%)            -                  -          
[66.554s][info][gc          ] GC(99) Garbage Collection (System.gc()) 412M(20%)->10M(0%)
[67.413s][info][gc,start    ] GC(100) Garbage Collection (Allocation Rate)
[67.413s][info][gc,task     ] GC(100) Using 2 workers
[67.413s][info][gc,phases   ] GC(100) Pause Mark Start 0.011ms
[67.674s][info][gc,phases   ] GC(100) Concurrent Mark 246.076ms
[67.675s][info][gc,phases   ] GC(100) Pause Mark End 0.015ms
[67.675s][info][gc,phases   ] GC(100) Concurrent Mark Free 0.003ms
[67.678s][info][gc,phases   ] GC(100) Concurrent Process Non-Strong References 2.925ms
[67.678s][info][gc,phases   ] GC(100) Concurrent Reset Relocation Set 0.001ms
[67.699s][info][gc,phases   ] GC(100) Concurrent Select Relocation Set 21.738ms
[67.700s][info][gc,phases   ] GC(100) Pause Relocate Start 0.010ms
[67.826s][info][gc,phases   ] GC(100) Concurrent Relocate 126.396ms
[67.826s][info][gc,load     ] GC(100) Load: 0.00/0.00/0.00
[67.826s][info][gc,mmu      ] GC(100) MMU: 2ms/97.9%, 5ms/99.1%, 10ms/99.5%, 20ms/99.7%, 50ms/99.9%, 100ms/99.9%
[67.826s][info][gc,marking  ] GC(100) Mark: 2 stripe(s), 2 proactive flush(es), 1 terminate flush(es), 0 completion(s), 0 continuation(s) 
[67.826s][info][gc,marking  ] GC(100) Mark Stack Usage: 32M
[67.826s][info][gc,nmethod  ] GC(100) NMethods: 3162 registered, 0 unregistered
[67.826s][info][gc,metaspace] GC(100) Metaspace: 15M used, 15M committed, 1088M reserved
[67.826s][info][gc,ref      ] GC(100) Soft: 392 encountered, 0 discovered, 0 enqueued
[67.826s][info][gc,ref      ] GC(100) Weak: 748 encountered, 16 discovered, 0 enqueued
[67.826s][info][gc,ref      ] GC(100) Final: 0 encountered, 0 discovered, 0 enqueued
[67.826s][info][gc,ref      ] GC(100) Phantom: 64 encountered, 45 discovered, 0 enqueued
[67.826s][info][gc,reloc    ] GC(100) Small Pages: 409 / 818M, Empty: 130M, Relocated: 192M, In-Place: 0
[67.826s][info][gc,reloc    ] GC(100) Medium Pages: 3 / 96M, Empty: 64M, Relocated: 0M, In-Place: 0
[67.826s][info][gc,reloc    ] GC(100) Large Pages: 21 / 154M, Empty: 82M, Relocated: 0M, In-Place: 0
[67.826s][info][gc,reloc    ] GC(100) Forwarding Usage: 119M
[67.826s][info][gc,heap     ] GC(100) Min Capacity: 2048M(100%)
[67.826s][info][gc,heap     ] GC(100) Max Capacity: 2048M(100%)
[67.826s][info][gc,heap     ] GC(100) Soft Max Capacity: 2048M(100%)
[67.826s][info][gc,heap     ] GC(100)                Mark Start          Mark End        Relocate Start      Relocate End           High               Low         
[67.826s][info][gc,heap     ] GC(100)  Capacity:     2048M (100%)       2048M (100%)       2048M (100%)       2048M (100%)       2048M (100%)       2048M (100%)   
[67.826s][info][gc,heap     ] GC(100)      Free:      980M (48%)         878M (43%)        1154M (56%)        1640M (80%)        1640M (80%)         878M (43%)    
[67.826s][info][gc,heap     ] GC(100)      Used:     1068M (52%)        1170M (57%)         894M (44%)         408M (20%)        1170M (57%)         408M (20%)    
[67.827s][info][gc,heap     ] GC(100)      Live:         -               272M (13%)         272M (13%)         272M (13%)            -                  -          
[67.827s][info][gc,heap     ] GC(100) Allocated:         -               102M (5%)          102M (5%)          102M (5%)             -                  -          
[67.827s][info][gc,heap     ] GC(100)   Garbage:         -               795M (39%)         519M (25%)          33M (2%)             -                  -          
[67.827s][info][gc,heap     ] GC(100) Reclaimed:         -                  -               276M (13%)         762M (37%)            -                  -          
[67.827s][info][gc          ] GC(100) Garbage Collection (Allocation Rate) 1068M(52%)->408M(20%)
[67.827s][info][gc,start    ] GC(101) Garbage Collection (System.gc())
[67.827s][info][gc,task     ] GC(101) Using 2 workers
[67.827s][info][gc,phases   ] GC(101) Pause Mark Start 0.008ms
[67.847s][info][gc,phases   ] GC(101) Concurrent Mark 20.152ms
[67.847s][info][gc,phases   ] GC(101) Pause Mark End 0.020ms
[67.847s][info][gc,phases   ] GC(101) Concurrent Mark Free 0.002ms
[67.852s][info][gc,phases   ] GC(101) Concurrent Process Non-Strong References 4.645ms
[67.852s][info][gc,phases   ] GC(101) Concurrent Reset Relocation Set 0.046ms
[67.861s][info][gc,phases   ] GC(101) Concurrent Select Relocation Set 8.482ms
[67.861s][info][gc,phases   ] GC(101) Pause Relocate Start 0.023ms
[67.862s][info][gc,phases   ] GC(101) Concurrent Relocate 1.333ms
[67.862s][info][gc,load     ] GC(101) Load: 0.00/0.00/0.00
[67.862s][info][gc,mmu      ] GC(101) MMU: 2ms/97.9%, 5ms/99.1%, 10ms/99.5%, 20ms/99.7%, 50ms/99.9%, 100ms/99.9%
[67.862s][info][gc,marking  ] GC(101) Mark: 2 stripe(s), 2 proactive flush(es), 1 terminate flush(es), 0 completion(s), 0 continuation(s) 
[67.862s][info][gc,marking  ] GC(101) Mark Stack Usage: 32M
[67.862s][info][gc,nmethod  ] GC(101) NMethods: 3162 registered, 0 unregistered
[67.862s][info][gc,metaspace] GC(101) Metaspace: 15M used, 15M committed, 1088M reserved
[67.862s][info][gc,ref      ] GC(101) Soft: 392 encountered, 0 discovered, 0 enqueued
[67.862s][info][gc,ref      ] GC(101) Weak: 731 encountered, 256 discovered, 0 enqueued
[67.862s][info][gc,ref      ] GC(101) Final: 0 encountered, 0 discovered, 0 enqueued
[67.862s][info][gc,ref      ] GC(101) Phantom: 64 encountered, 47 discovered, 0 enqueued
[67.862s][info][gc,reloc    ] GC(101) Small Pages: 152 / 304M, Empty: 290M, Relocated: 1M, In-Place: 0
[67.862s][info][gc,reloc    ] GC(101) Medium Pages: 1 / 32M, Empty: 32M, Relocated: 0M, In-Place: 0
[67.863s][info][gc,reloc    ] GC(101) Large Pages: 12 / 72M, Empty: 72M, Relocated: 0M, In-Place: 0
[67.863s][info][gc,reloc    ] GC(101) Forwarding Usage: 0M
[67.863s][info][gc,heap     ] GC(101) Min Capacity: 2048M(100%)
[67.863s][info][gc,heap     ] GC(101) Max Capacity: 2048M(100%)
[67.863s][info][gc,heap     ] GC(101) Soft Max Capacity: 2048M(100%)
[67.863s][info][gc,heap     ] GC(101)                Mark Start          Mark End        Relocate Start      Relocate End           High               Low         
[67.863s][info][gc,heap     ] GC(101)  Capacity:     2048M (100%)       2048M (100%)       2048M (100%)       2048M (100%)       2048M (100%)       2048M (100%)   
[67.863s][info][gc,heap     ] GC(101)      Free:     1640M (80%)        1640M (80%)        2034M (99%)        2038M (100%)       2038M (100%)       1640M (80%)    
[67.863s][info][gc,heap     ] GC(101)      Used:      408M (20%)         408M (20%)          14M (1%)           10M (0%)          408M (20%)          10M (0%)     
[67.863s][info][gc,heap     ] GC(101)      Live:         -                 6M (0%)            6M (0%)            6M (0%)             -                  -          
[67.863s][info][gc,heap     ] GC(101) Allocated:         -                 0M (0%)            0M (0%)            0M (0%)             -                  -          
[67.863s][info][gc,heap     ] GC(101)   Garbage:         -               401M (20%)           7M (0%)            3M (0%)             -                  -          
[67.863s][info][gc,heap     ] GC(101) Reclaimed:         -                  -               394M (19%)         398M (19%)            -                  -          
[67.863s][info][gc          ] GC(101) Garbage Collection (System.gc()) 408M(20%)->10M(0%)
[68.710s][info][gc,start    ] GC(102) Garbage Collection (Allocation Rate)
[68.711s][info][gc,task     ] GC(102) Using 2 workers
[68.711s][info][gc,phases   ] GC(102) Pause Mark Start 0.006ms
[69.008s][info][gc,phases   ] GC(102) Concurrent Mark 249.704ms
[69.008s][info][gc,phases   ] GC(102) Pause Mark End 0.020ms
[69.008s][info][gc,phases   ] GC(102) Concurrent Mark Free 0.001ms
[69.011s][info][gc,phases   ] GC(102) Concurrent Process Non-Strong References 3.546ms
[69.011s][info][gc,phases   ] GC(102) Concurrent Reset Relocation Set 0.001ms
[69.033s][info][gc,phases   ] GC(102) Concurrent Select Relocation Set 21.891ms
[69.034s][info][gc,phases   ] GC(102) Pause Relocate Start 0.015ms
[69.160s][info][gc,phases   ] GC(102) Concurrent Relocate 126.716ms
[69.160s][info][gc,load     ] GC(102) Load: 0.00/0.00/0.00
[69.160s][info][gc,mmu      ] GC(102) MMU: 2ms/97.9%, 5ms/99.1%, 10ms/99.5%, 20ms/99.7%, 50ms/99.9%, 100ms/99.9%
[69.160s][info][gc,marking  ] GC(102) Mark: 2 stripe(s), 3 proactive flush(es), 1 terminate flush(es), 0 completion(s), 0 continuation(s) 
[69.161s][info][gc,marking  ] GC(102) Mark Stack Usage: 32M
[69.161s][info][gc,nmethod  ] GC(102) NMethods: 3165 registered, 0 unregistered
[69.161s][info][gc,metaspace] GC(102) Metaspace: 15M used, 15M committed, 1088M reserved
[69.161s][info][gc,ref      ] GC(102) Soft: 392 encountered, 0 discovered, 0 enqueued
[69.161s][info][gc,ref      ] GC(102) Weak: 749 encountered, 365 discovered, 0 enqueued
[69.161s][info][gc,ref      ] GC(102) Final: 0 encountered, 0 discovered, 0 enqueued
[69.161s][info][gc,ref      ] GC(102) Phantom: 64 encountered, 50 discovered, 0 enqueued
[69.161s][info][gc,reloc    ] GC(102) Small Pages: 409 / 818M, Empty: 132M, Relocated: 193M, In-Place: 0
[69.161s][info][gc,reloc    ] GC(102) Medium Pages: 3 / 96M, Empty: 64M, Relocated: 0M, In-Place: 0
[69.161s][info][gc,reloc    ] GC(102) Large Pages: 21 / 154M, Empty: 82M, Relocated: 0M, In-Place: 0
[69.161s][info][gc,reloc    ] GC(102) Forwarding Usage: 120M
[69.161s][info][gc,heap     ] GC(102) Min Capacity: 2048M(100%)
[69.161s][info][gc,heap     ] GC(102) Max Capacity: 2048M(100%)
[69.161s][info][gc,heap     ] GC(102) Soft Max Capacity: 2048M(100%)
[69.161s][info][gc,heap     ] GC(102)                Mark Start          Mark End        Relocate Start      Relocate End           High               Low         
[69.161s][info][gc,heap     ] GC(102)  Capacity:     2048M (100%)       2048M (100%)       2048M (100%)       2048M (100%)       2048M (100%)       2048M (100%)   
[69.161s][info][gc,heap     ] GC(102)      Free:      980M (48%)         878M (43%)        1156M (56%)        1640M (80%)        1640M (80%)         878M (43%)    
[69.161s][info][gc,heap     ] GC(102)      Used:     1068M (52%)        1170M (57%)         892M (44%)         408M (20%)        1170M (57%)         408M (20%)    
[69.161s][info][gc,heap     ] GC(102)      Live:         -               272M (13%)         272M (13%)         272M (13%)            -                  -          
[69.161s][info][gc,heap     ] GC(102) Allocated:         -               102M (5%)          102M (5%)          102M (5%)             -                  -          
[69.161s][info][gc,heap     ] GC(102)   Garbage:         -               795M (39%)         517M (25%)          33M (2%)             -                  -          
[69.161s][info][gc,heap     ] GC(102) Reclaimed:         -                  -               278M (14%)         762M (37%)            -                  -          
[69.161s][info][gc          ] GC(102) Garbage Collection (Allocation Rate) 1068M(52%)->408M(20%)
[69.161s][info][gc,start    ] GC(103) Garbage Collection (System.gc())
[69.161s][info][gc,task     ] GC(103) Using 2 workers
[69.161s][info][gc,phases   ] GC(103) Pause Mark Start 0.008ms
[69.180s][info][gc,phases   ] GC(103) Concurrent Mark 19.367ms
[69.181s][info][gc,phases   ] GC(103) Pause Mark End 0.024ms
[69.181s][info][gc,phases   ] GC(103) Concurrent Mark Free 0.002ms
[69.186s][info][gc,phases   ] GC(103) Concurrent Process Non-Strong References 4.783ms
[69.186s][info][gc,phases   ] GC(103) Concurrent Reset Relocation Set 0.029ms
[69.194s][info][gc,phases   ] GC(103) Concurrent Select Relocation Set 8.356ms
[69.194s][info][gc,phases   ] GC(103) Pause Relocate Start 0.021ms
[69.196s][info][gc,phases   ] GC(103) Concurrent Relocate 1.988ms
[69.196s][info][gc,load     ] GC(103) Load: 0.00/0.00/0.00
[69.196s][info][gc,mmu      ] GC(103) MMU: 2ms/97.9%, 5ms/99.1%, 10ms/99.5%, 20ms/99.7%, 50ms/99.9%, 100ms/99.9%
[69.196s][info][gc,marking  ] GC(103) Mark: 2 stripe(s), 1 proactive flush(es), 1 terminate flush(es), 0 completion(s), 0 continuation(s) 
[69.196s][info][gc,marking  ] GC(103) Mark Stack Usage: 32M
[69.196s][info][gc,nmethod  ] GC(103) NMethods: 3165 registered, 0 unregistered
[69.197s][info][gc,metaspace] GC(103) Metaspace: 15M used, 15M committed, 1088M reserved
[69.197s][info][gc,ref      ] GC(103) Soft: 392 encountered, 0 discovered, 0 enqueued
[69.197s][info][gc,ref      ] GC(103) Weak: 731 encountered, 291 discovered, 0 enqueued
[69.197s][info][gc,ref      ] GC(103) Final: 0 encountered, 0 discovered, 0 enqueued
[69.197s][info][gc,ref      ] GC(103) Phantom: 64 encountered, 50 discovered, 0 enqueued
[69.197s][info][gc,reloc    ] GC(103) Small Pages: 152 / 304M, Empty: 292M, Relocated: 1M, In-Place: 0
[69.197s][info][gc,reloc    ] GC(103) Medium Pages: 1 / 32M, Empty: 32M, Relocated: 0M, In-Place: 0
[69.197s][info][gc,reloc    ] GC(103) Large Pages: 12 / 72M, Empty: 72M, Relocated: 0M, In-Place: 0
[69.197s][info][gc,reloc    ] GC(103) Forwarding Usage: 0M
[69.197s][info][gc,heap     ] GC(103) Min Capacity: 2048M(100%)
[69.197s][info][gc,heap     ] GC(103) Max Capacity: 2048M(100%)
[69.197s][info][gc,heap     ] GC(103) Soft Max Capacity: 2048M(100%)
[69.197s][info][gc,heap     ] GC(103)                Mark Start          Mark End        Relocate Start      Relocate End           High               Low         
[69.197s][info][gc,heap     ] GC(103)  Capacity:     2048M (100%)       2048M (100%)       2048M (100%)       2048M (100%)       2048M (100%)       2048M (100%)   
[69.197s][info][gc,heap     ] GC(103)      Free:     1640M (80%)        1640M (80%)        2036M (99%)        2038M (100%)       2038M (100%)       1640M (80%)    
[69.197s][info][gc,heap     ] GC(103)      Used:      408M (20%)         408M (20%)          12M (1%)           10M (0%)          408M (20%)          10M (0%)     
[69.197s][info][gc,heap     ] GC(103)      Live:         -                 6M (0%)            6M (0%)            6M (0%)             -                  -          
[69.197s][info][gc,heap     ] GC(103) Allocated:         -                 0M (0%)            0M (0%)            0M (0%)             -                  -          
[69.197s][info][gc,heap     ] GC(103)   Garbage:         -               401M (20%)           5M (0%)            3M (0%)             -                  -          
[69.197s][info][gc,heap     ] GC(103) Reclaimed:         -                  -               396M (19%)         398M (19%)            -                  -          
[69.197s][info][gc          ] GC(103) Garbage Collection (System.gc()) 408M(20%)->10M(0%)
[70.107s][info][gc,stats    ] === Garbage Collection Statistics =======================================================================================================================
[70.107s][info][gc,start    ] GC(104) Garbage Collection (Allocation Rate)
[70.107s][info][gc,stats    ]                                                              Last 10s              Last 10m              Last 10h                Total
[70.107s][info][gc,task     ] GC(104) Using 2 workers
[70.107s][info][gc,stats    ]                                                              Avg / Max             Avg / Max             Avg / Max             Avg / Max
[70.107s][info][gc,stats    ]   Collector: Garbage Collection Cycle                    226.876 / 449.966     226.649 / 465.355     226.649 / 465.355     226.649 / 465.355     ms
[70.107s][info][gc,stats    ]  Contention: Mark Segment Reset Contention                     0 / 2                 0 / 8                 0 / 8                 0 / 8           ops/s
[70.107s][info][gc,stats    ]  Contention: Mark SeqNum Reset Contention                      0 / 0                 0 / 1                 0 / 1                 0 / 1           ops/s
[70.107s][info][gc,stats    ]    Critical: Allocation Stall                                  0 / 0                 0 / 0                 0 / 0                 0 / 0           ops/s
[70.107s][info][gc,stats    ]    Critical: Allocation Stall                              0.000 / 0.000         0.000 / 0.000         0.000 / 0.000         0.000 / 0.000       ms
[70.107s][info][gc,stats    ]    Critical: GC Locker Stall                                   0 / 0                 0 / 0                 0 / 0                 0 / 0           ops/s
[70.107s][info][gc,stats    ]    Critical: GC Locker Stall                               0.000 / 0.000         0.000 / 0.000         0.000 / 0.000         0.000 / 0.000       ms
[70.107s][info][gc,stats    ]    Critical: Relocation Stall                                  0 / 0                 0 / 0                 0 / 0                 0 / 0           ops/s
[70.107s][info][gc,stats    ]    Critical: Relocation Stall                              0.000 / 0.000         0.000 / 0.000         0.000 / 0.000         0.000 / 0.000       ms
[70.107s][info][gc,phases   ] GC(104) Pause Mark Start 0.011ms
[70.107s][info][gc,stats    ]      Memory: Allocation Rate                                 903 / 1108            904 / 1244            904 / 1244            904 / 1244        MB/s
[70.107s][info][gc,stats    ]      Memory: Out Of Memory                                     0 / 0                 0 / 0                 0 / 0                 0 / 0           ops/s
[70.107s][info][gc,stats    ]      Memory: Page Cache Flush                                  0 / 0                 0 / 0                 0 / 0                 0 / 0           MB/s
[70.107s][info][gc,stats    ]      Memory: Page Cache Hit L1                               442 / 520             439 / 557             439 / 557             439 / 557         ops/s
[70.107s][info][gc,stats    ]      Memory: Page Cache Hit L2                                 0 / 0                 0 / 0                 0 / 0                 0 / 0           ops/s
[70.107s][info][gc,stats    ]      Memory: Page Cache Hit L3                                 0 / 0                 8 / 195               8 / 195               8 / 195         ops/s
[70.107s][info][gc,stats    ]      Memory: Page Cache Miss                                   0 / 0                 0 / 1                 0 / 1                 0 / 1           ops/s
[70.107s][info][gc,stats    ]      Memory: Uncommit                                          0 / 0                 0 / 0                 0 / 0                 0 / 0           MB/s
[70.107s][info][gc,stats    ]      Memory: Undo Object Allocation Failed                     0 / 0                 0 / 2                 0 / 2                 0 / 2           ops/s
[70.107s][info][gc,stats    ]      Memory: Undo Object Allocation Succeeded                  0 / 0              3972 / 248763         3972 / 248763         3972 / 248763      ops/s
[70.107s][info][gc,stats    ]      Memory: Undo Page Allocation                              0 / 1                 0 / 3                 0 / 3                 0 / 3           ops/s
[70.107s][info][gc,stats    ]       Phase: Concurrent Mark                             134.500 / 266.202     134.684 / 352.487     134.684 / 352.487     134.684 / 352.487     ms
[70.107s][info][gc,stats    ]       Phase: Concurrent Mark Continue                      0.000 / 0.000         0.000 / 0.000         0.000 / 0.000         0.000 / 0.000       ms
[70.107s][info][gc,stats    ]       Phase: Concurrent Mark Free                          0.002 / 0.003         0.002 / 0.004         0.002 / 0.004         0.002 / 0.004       ms
[70.107s][info][gc,stats    ]       Phase: Concurrent Process Non-Strong References      3.946 / 4.783         3.491 / 15.958        3.491 / 15.958        3.491 / 15.958      ms
[70.107s][info][gc,stats    ]       Phase: Concurrent Relocate                          63.974 / 127.756      64.059 / 151.919      64.059 / 151.919      64.059 / 151.919     ms
[70.107s][info][gc,stats    ]       Phase: Concurrent Reset Relocation Set               0.019 / 0.050         0.015 / 0.050         0.015 / 0.050         0.015 / 0.050       ms
[70.107s][info][gc,stats    ]       Phase: Concurrent Select Relocation Set             14.967 / 21.891       15.501 / 26.863       15.501 / 26.863       15.501 / 26.863      ms
[70.107s][info][gc,stats    ]       Phase: Pause Mark End                                0.022 / 0.025         0.021 / 0.043         0.021 / 0.043         0.021 / 0.043       ms
[70.107s][info][gc,stats    ]       Phase: Pause Mark Start                              0.008 / 0.011         0.008 / 0.019         0.008 / 0.019         0.008 / 0.019       ms
[70.107s][info][gc,stats    ]       Phase: Pause Relocate Start                          0.016 / 0.023         0.017 / 0.032         0.017 / 0.032         0.017 / 0.032       ms
[70.107s][info][gc,stats    ]    Subphase: Concurrent Classes Purge                      0.141 / 0.191         0.116 / 0.252         0.116 / 0.252         0.116 / 0.252       ms
[70.107s][info][gc,stats    ]    Subphase: Concurrent Classes Unlink                     3.124 / 4.014         2.630 / 4.168         2.630 / 4.168         2.630 / 4.168       ms
[70.107s][info][gc,stats    ]    Subphase: Concurrent Mark                             128.020 / 265.777     129.285 / 351.776     129.285 / 351.776     129.285 / 351.776     ms
[70.107s][info][gc,stats    ]    Subphase: Concurrent Mark Try Flush                     0.084 / 0.386         0.261 / 15.584        0.261 / 15.584        0.261 / 15.584      ms
[70.107s][info][gc,stats    ]    Subphase: Concurrent Mark Try Terminate                 4.757 / 16.875        4.027 / 16.875        4.027 / 16.875        4.027 / 16.875      ms
[70.107s][info][gc,stats    ]    Subphase: Concurrent References Enqueue                 0.000 / 0.001         0.000 / 0.005         0.000 / 0.005         0.000 / 0.005       ms
[70.107s][info][gc,stats    ]    Subphase: Concurrent References Process                 0.120 / 0.184         0.120 / 0.238         0.120 / 0.238         0.120 / 0.238       ms
[70.107s][info][gc,stats    ]    Subphase: Concurrent Roots ClassLoaderDataGraph         0.076 / 0.191         0.084 / 0.273         0.084 / 0.273         0.084 / 0.273       ms
[70.107s][info][gc,stats    ]    Subphase: Concurrent Roots CodeCache                    0.000 / 0.000         0.000 / 0.000         0.000 / 0.000         0.000 / 0.000       ms
[70.107s][info][gc,stats    ]    Subphase: Concurrent Roots JavaThreads                  0.187 / 0.409         0.248 / 2.583         0.248 / 2.583         0.248 / 2.583       ms
[70.107s][info][gc,stats    ]    Subphase: Concurrent Roots OopStorageSet                0.015 / 0.024         0.017 / 0.049         0.017 / 0.049         0.017 / 0.049       ms
[70.107s][info][gc,stats    ]    Subphase: Concurrent Weak Roots OopStorageSet           0.369 / 0.499         0.325 / 0.505         0.325 / 0.505         0.325 / 0.505       ms
[70.107s][info][gc,stats    ]    Subphase: Pause Mark Try Complete                       0.000 / 0.000         0.000 / 0.000         0.000 / 0.000         0.000 / 0.000       ms
[70.107s][info][gc,stats    ]      System: Java Threads                                     13 / 18               13 / 19               13 / 19               13 / 19          threads
[70.107s][info][gc,stats    ] =========================================================================================================================================================
[70.380s][info][gc,phases   ] GC(104) Concurrent Mark 241.829ms
[70.380s][info][gc,phases   ] GC(104) Pause Mark End 0.023ms
[70.380s][info][gc,phases   ] GC(104) Concurrent Mark Free 0.003ms
[70.384s][info][gc,phases   ] GC(104) Concurrent Process Non-Strong References 4.270ms
[70.384s][info][gc,phases   ] GC(104) Concurrent Reset Relocation Set 0.001ms
[70.406s][info][gc,phases   ] GC(104) Concurrent Select Relocation Set 21.667ms
[70.406s][info][gc,phases   ] GC(104) Pause Relocate Start 0.010ms
[70.533s][info][gc,phases   ] GC(104) Concurrent Relocate 126.408ms
[70.533s][info][gc,load     ] GC(104) Load: 0.00/0.00/0.00
[70.533s][info][gc,mmu      ] GC(104) MMU: 2ms/97.9%, 5ms/99.1%, 10ms/99.5%, 20ms/99.7%, 50ms/99.9%, 100ms/99.9%
[70.533s][info][gc,marking  ] GC(104) Mark: 2 stripe(s), 2 proactive flush(es), 1 terminate flush(es), 0 completion(s), 0 continuation(s) 
[70.533s][info][gc,marking  ] GC(104) Mark Stack Usage: 32M
[70.533s][info][gc,nmethod  ] GC(104) NMethods: 3165 registered, 0 unregistered
[70.533s][info][gc,metaspace] GC(104) Metaspace: 15M used, 15M committed, 1088M reserved
[70.533s][info][gc,ref      ] GC(104) Soft: 392 encountered, 0 discovered, 0 enqueued
[70.533s][info][gc,ref      ] GC(104) Weak: 748 encountered, 121 discovered, 0 enqueued
[70.533s][info][gc,ref      ] GC(104) Final: 0 encountered, 0 discovered, 0 enqueued
[70.533s][info][gc,ref      ] GC(104) Phantom: 64 encountered, 47 discovered, 0 enqueued
[70.533s][info][gc,reloc    ] GC(104) Small Pages: 434 / 868M, Empty: 180M, Relocated: 192M, In-Place: 0
[70.533s][info][gc,reloc    ] GC(104) Medium Pages: 3 / 96M, Empty: 64M, Relocated: 0M, In-Place: 0
[70.533s][info][gc,reloc    ] GC(104) Large Pages: 21 / 154M, Empty: 82M, Relocated: 0M, In-Place: 0
[70.533s][info][gc,reloc    ] GC(104) Forwarding Usage: 119M
[70.533s][info][gc,heap     ] GC(104) Min Capacity: 2048M(100%)
[70.533s][info][gc,heap     ] GC(104) Max Capacity: 2048M(100%)
[70.533s][info][gc,heap     ] GC(104) Soft Max Capacity: 2048M(100%)
[70.533s][info][gc,heap     ] GC(104)                Mark Start          Mark End        Relocate Start      Relocate End           High               Low         
[70.533s][info][gc,heap     ] GC(104)  Capacity:     2048M (100%)       2048M (100%)       2048M (100%)       2048M (100%)       2048M (100%)       2048M (100%)   
[70.533s][info][gc,heap     ] GC(104)      Free:      930M (45%)         876M (43%)        1202M (59%)        1688M (82%)        1688M (82%)         876M (43%)    
[70.533s][info][gc,heap     ] GC(104)      Used:     1118M (55%)        1172M (57%)         846M (41%)         360M (18%)        1172M (57%)         360M (18%)    
[70.533s][info][gc,heap     ] GC(104)      Live:         -               272M (13%)         272M (13%)         272M (13%)            -                  -          
[70.533s][info][gc,heap     ] GC(104) Allocated:         -                54M (3%)           54M (3%)           54M (3%)             -                  -          
[70.533s][info][gc,heap     ] GC(104)   Garbage:         -               845M (41%)         519M (25%)          33M (2%)             -                  -          
[70.533s][info][gc,heap     ] GC(104) Reclaimed:         -                  -               326M (16%)         812M (40%)            -                  -          
[70.533s][info][gc          ] GC(104) Garbage Collection (Allocation Rate) 1118M(55%)->360M(18%)
[70.533s][info][gc,start    ] GC(105) Garbage Collection (System.gc())
[70.533s][info][gc,task     ] GC(105) Using 2 workers
[70.533s][info][gc,phases   ] GC(105) Pause Mark Start 0.008ms
[70.552s][info][gc,phases   ] GC(105) Concurrent Mark 18.233ms
[70.552s][info][gc,phases   ] GC(105) Pause Mark End 0.026ms
[70.552s][info][gc,phases   ] GC(105) Concurrent Mark Free 0.002ms
[70.556s][info][gc,phases   ] GC(105) Concurrent Process Non-Strong References 3.950ms
[70.556s][info][gc,phases   ] GC(105) Concurrent Reset Relocation Set 0.029ms
[70.565s][info][gc,phases   ] GC(105) Concurrent Select Relocation Set 8.422ms
[70.565s][info][gc,phases   ] GC(105) Pause Relocate Start 0.022ms
[70.567s][info][gc,phases   ] GC(105) Concurrent Relocate 1.526ms
[70.567s][info][gc,load     ] GC(105) Load: 0.00/0.00/0.00
[70.567s][info][gc,mmu      ] GC(105) MMU: 2ms/97.9%, 5ms/99.1%, 10ms/99.5%, 20ms/99.7%, 50ms/99.9%, 100ms/99.9%
[70.567s][info][gc,marking  ] GC(105) Mark: 2 stripe(s), 1 proactive flush(es), 1 terminate flush(es), 0 completion(s), 0 continuation(s) 
[70.567s][info][gc,marking  ] GC(105) Mark Stack Usage: 32M
[70.567s][info][gc,nmethod  ] GC(105) NMethods: 3165 registered, 0 unregistered
[70.567s][info][gc,metaspace] GC(105) Metaspace: 15M used, 15M committed, 1088M reserved
[70.567s][info][gc,ref      ] GC(105) Soft: 392 encountered, 0 discovered, 0 enqueued
[70.567s][info][gc,ref      ] GC(105) Weak: 731 encountered, 302 discovered, 0 enqueued
[70.567s][info][gc,ref      ] GC(105) Final: 0 encountered, 0 discovered, 0 enqueued
[70.567s][info][gc,ref      ] GC(105) Phantom: 64 encountered, 51 discovered, 0 enqueued
[70.567s][info][gc,reloc    ] GC(105) Small Pages: 128 / 256M, Empty: 240M, Relocated: 1M, In-Place: 0
[70.567s][info][gc,reloc    ] GC(105) Medium Pages: 1 / 32M, Empty: 32M, Relocated: 0M, In-Place: 0
[70.567s][info][gc,reloc    ] GC(105) Large Pages: 12 / 72M, Empty: 72M, Relocated: 0M, In-Place: 0
[70.567s][info][gc,reloc    ] GC(105) Forwarding Usage: 0M
[70.567s][info][gc,heap     ] GC(105) Min Capacity: 2048M(100%)
[70.567s][info][gc,heap     ] GC(105) Max Capacity: 2048M(100%)
[70.567s][info][gc,heap     ] GC(105) Soft Max Capacity: 2048M(100%)
[70.567s][info][gc,heap     ] GC(105)                Mark Start          Mark End        Relocate Start      Relocate End           High               Low         
[70.567s][info][gc,heap     ] GC(105)  Capacity:     2048M (100%)       2048M (100%)       2048M (100%)       2048M (100%)       2048M (100%)       2048M (100%)   
[70.567s][info][gc,heap     ] GC(105)      Free:     1688M (82%)        1688M (82%)        2032M (99%)        2038M (100%)       2038M (100%)       1688M (82%)    
[70.567s][info][gc,heap     ] GC(105)      Used:      360M (18%)         360M (18%)          16M (1%)           10M (0%)          360M (18%)          10M (0%)     
[70.567s][info][gc,heap     ] GC(105)      Live:         -                 6M (0%)            6M (0%)            6M (0%)             -                  -          
[70.567s][info][gc,heap     ] GC(105) Allocated:         -                 0M (0%)            0M (0%)            0M (0%)             -                  -          
[70.567s][info][gc,heap     ] GC(105)   Garbage:         -               353M (17%)           9M (0%)            3M (0%)             -                  -          
[70.567s][info][gc,heap     ] GC(105) Reclaimed:         -                  -               344M (17%)         350M (17%)            -                  -          
[70.567s][info][gc          ] GC(105) Garbage Collection (System.gc()) 360M(18%)->10M(0%)
[71.407s][info][gc,start    ] GC(106) Garbage Collection (Allocation Rate)
[71.407s][info][gc,task     ] GC(106) Using 2 workers
[71.407s][info][gc,phases   ] GC(106) Pause Mark Start 0.017ms
[71.669s][info][gc,phases   ] GC(106) Concurrent Mark 247.651ms
[71.670s][info][gc,phases   ] GC(106) Pause Mark End 0.034ms
[71.670s][info][gc,phases   ] GC(106) Concurrent Mark Free 0.001ms
[71.673s][info][gc,phases   ] GC(106) Concurrent Process Non-Strong References 2.899ms
[71.673s][info][gc,phases   ] GC(106) Concurrent Reset Relocation Set 0.001ms
[71.694s][info][gc,phases   ] GC(106) Concurrent Select Relocation Set 21.652ms
[71.694s][info][gc,phases   ] GC(106) Pause Relocate Start 0.014ms
[71.822s][info][gc,phases   ] GC(106) Concurrent Relocate 127.288ms
[71.822s][info][gc,load     ] GC(106) Load: 0.00/0.00/0.00
[71.822s][info][gc,mmu      ] GC(106) MMU: 2ms/97.9%, 5ms/99.1%, 10ms/99.5%, 20ms/99.7%, 50ms/99.9%, 100ms/99.9%
[71.822s][info][gc,marking  ] GC(106) Mark: 2 stripe(s), 1 proactive flush(es), 1 terminate flush(es), 0 completion(s), 0 continuation(s) 
[71.822s][info][gc,marking  ] GC(106) Mark Stack Usage: 32M
[71.822s][info][gc,nmethod  ] GC(106) NMethods: 3169 registered, 0 unregistered
[71.822s][info][gc,metaspace] GC(106) Metaspace: 15M used, 15M committed, 1088M reserved
[71.822s][info][gc,ref      ] GC(106) Soft: 392 encountered, 0 discovered, 0 enqueued
[71.822s][info][gc,ref      ] GC(106) Weak: 748 encountered, 348 discovered, 0 enqueued
[71.822s][info][gc,ref      ] GC(106) Final: 0 encountered, 0 discovered, 0 enqueued
[71.822s][info][gc,ref      ] GC(106) Phantom: 64 encountered, 50 discovered, 0 enqueued
[71.822s][info][gc,reloc    ] GC(106) Small Pages: 404 / 808M, Empty: 130M, Relocated: 192M, In-Place: 0
[71.822s][info][gc,reloc    ] GC(106) Medium Pages: 3 / 96M, Empty: 0M, Relocated: 12M, In-Place: 0
[71.822s][info][gc,reloc    ] GC(106) Large Pages: 17 / 130M, Empty: 82M, Relocated: 0M, In-Place: 0
[71.822s][info][gc,reloc    ] GC(106) Forwarding Usage: 119M
[71.822s][info][gc,heap     ] GC(106) Min Capacity: 2048M(100%)
[71.822s][info][gc,heap     ] GC(106) Max Capacity: 2048M(100%)
[71.822s][info][gc,heap     ] GC(106) Soft Max Capacity: 2048M(100%)
[71.822s][info][gc,heap     ] GC(106)                Mark Start          Mark End        Relocate Start      Relocate End           High               Low         
[71.822s][info][gc,heap     ] GC(106)  Capacity:     2048M (100%)       2048M (100%)       2048M (100%)       2048M (100%)       2048M (100%)       2048M (100%)   
[71.822s][info][gc,heap     ] GC(106)      Free:     1014M (50%)         876M (43%)        1088M (53%)        1628M (79%)        1628M (79%)         876M (43%)    
[71.822s][info][gc,heap     ] GC(106)      Used:     1034M (50%)        1172M (57%)         960M (47%)         420M (21%)        1172M (57%)         420M (21%)    
[71.822s][info][gc,heap     ] GC(106)      Live:         -               260M (13%)         260M (13%)         260M (13%)            -                  -          
[71.822s][info][gc,heap     ] GC(106) Allocated:         -               138M (7%)          138M (7%)          138M (7%)             -                  -          
[71.822s][info][gc,heap     ] GC(106)   Garbage:         -               773M (38%)         561M (27%)          21M (1%)             -                  -          
[71.822s][info][gc,heap     ] GC(106) Reclaimed:         -                  -               212M (10%)         752M (37%)            -                  -          
[71.822s][info][gc          ] GC(106) Garbage Collection (Allocation Rate) 1034M(50%)->420M(21%)
[71.822s][info][gc,start    ] GC(107) Garbage Collection (System.gc())
[71.822s][info][gc,task     ] GC(107) Using 2 workers
[71.822s][info][gc,phases   ] GC(107) Pause Mark Start 0.007ms
[71.842s][info][gc,phases   ] GC(107) Concurrent Mark 19.310ms
[71.842s][info][gc,phases   ] GC(107) Pause Mark End 0.026ms
[71.842s][info][gc,phases   ] GC(107) Concurrent Mark Free 0.003ms
[71.847s][info][gc,phases   ] GC(107) Concurrent Process Non-Strong References 4.411ms
[71.847s][info][gc,phases   ] GC(107) Concurrent Reset Relocation Set 0.030ms
[71.855s][info][gc,phases   ] GC(107) Concurrent Select Relocation Set 8.489ms
[71.855s][info][gc,phases   ] GC(107) Pause Relocate Start 0.022ms
[71.857s][info][gc,phases   ] GC(107) Concurrent Relocate 1.620ms
[71.857s][info][gc,load     ] GC(107) Load: 0.00/0.00/0.00
[71.857s][info][gc,mmu      ] GC(107) MMU: 2ms/97.9%, 5ms/99.1%, 10ms/99.5%, 20ms/99.7%, 50ms/99.9%, 100ms/99.9%
[71.857s][info][gc,marking  ] GC(107) Mark: 2 stripe(s), 1 proactive flush(es), 1 terminate flush(es), 0 completion(s), 0 continuation(s) 
[71.857s][info][gc,marking  ] GC(107) Mark Stack Usage: 32M
[71.857s][info][gc,nmethod  ] GC(107) NMethods: 3169 registered, 0 unregistered
[71.857s][info][gc,metaspace] GC(107) Metaspace: 15M used, 15M committed, 1088M reserved
[71.857s][info][gc,ref      ] GC(107) Soft: 392 encountered, 0 discovered, 0 enqueued
[71.857s][info][gc,ref      ] GC(107) Weak: 731 encountered, 164 discovered, 0 enqueued
[71.857s][info][gc,ref      ] GC(107) Final: 0 encountered, 0 discovered, 0 enqueued
[71.857s][info][gc,ref      ] GC(107) Phantom: 64 encountered, 50 discovered, 0 enqueued
[71.857s][info][gc,reloc    ] GC(107) Small Pages: 158 / 316M, Empty: 302M, Relocated: 1M, In-Place: 0
[71.857s][info][gc,reloc    ] GC(107) Medium Pages: 1 / 32M, Empty: 32M, Relocated: 0M, In-Place: 0
[71.858s][info][gc,reloc    ] GC(107) Large Pages: 12 / 72M, Empty: 72M, Relocated: 0M, In-Place: 0
[71.858s][info][gc,reloc    ] GC(107) Forwarding Usage: 0M
[71.858s][info][gc,heap     ] GC(107) Min Capacity: 2048M(100%)
[71.858s][info][gc,heap     ] GC(107) Max Capacity: 2048M(100%)
[71.858s][info][gc,heap     ] GC(107) Soft Max Capacity: 2048M(100%)
[71.858s][info][gc,heap     ] GC(107)                Mark Start          Mark End        Relocate Start      Relocate End           High               Low         
[71.858s][info][gc,heap     ] GC(107)  Capacity:     2048M (100%)       2048M (100%)       2048M (100%)       2048M (100%)       2048M (100%)       2048M (100%)   
[71.858s][info][gc,heap     ] GC(107)      Free:     1628M (79%)        1628M (79%)        2034M (99%)        2038M (100%)       2038M (100%)       1628M (79%)    
[71.858s][info][gc,heap     ] GC(107)      Used:      420M (21%)         420M (21%)          14M (1%)           10M (0%)          420M (21%)          10M (0%)     
[71.858s][info][gc,heap     ] GC(107)      Live:         -                 6M (0%)            6M (0%)            6M (0%)             -                  -          
[71.858s][info][gc,heap     ] GC(107) Allocated:         -                 0M (0%)            0M (0%)            0M (0%)             -                  -          
[71.858s][info][gc,heap     ] GC(107)   Garbage:         -               413M (20%)           7M (0%)            3M (0%)             -                  -          
[71.858s][info][gc,heap     ] GC(107) Reclaimed:         -                  -               406M (20%)         410M (20%)            -                  -          
[71.858s][info][gc          ] GC(107) Garbage Collection (System.gc()) 420M(21%)->10M(0%)
[72.703s][info][gc,start    ] GC(108) Garbage Collection (Allocation Rate)
[72.703s][info][gc,task     ] GC(108) Using 2 workers
[72.703s][info][gc,phases   ] GC(108) Pause Mark Start 0.009ms
[72.966s][info][gc,phases   ] GC(108) Concurrent Mark 247.156ms
[72.967s][info][gc,phases   ] GC(108) Pause Mark End 0.022ms
[72.967s][info][gc,phases   ] GC(108) Concurrent Mark Free 0.002ms
[72.970s][info][gc,phases   ] GC(108) Concurrent Process Non-Strong References 3.295ms
[72.970s][info][gc,phases   ] GC(108) Concurrent Reset Relocation Set 0.001ms
[72.991s][info][gc,phases   ] GC(108) Concurrent Select Relocation Set 21.266ms
[72.991s][info][gc,phases   ] GC(108) Pause Relocate Start 0.020ms
[73.118s][info][gc,phases   ] GC(108) Concurrent Relocate 126.760ms
[73.118s][info][gc,load     ] GC(108) Load: 0.00/0.00/0.00
[73.118s][info][gc,mmu      ] GC(108) MMU: 2ms/97.9%, 5ms/99.1%, 10ms/99.5%, 20ms/99.7%, 50ms/99.9%, 100ms/99.9%
[73.118s][info][gc,marking  ] GC(108) Mark: 2 stripe(s), 2 proactive flush(es), 1 terminate flush(es), 0 completion(s), 0 continuation(s) 
[73.118s][info][gc,marking  ] GC(108) Mark Stack Usage: 32M
[73.118s][info][gc,nmethod  ] GC(108) NMethods: 3182 registered, 0 unregistered
[73.118s][info][gc,metaspace] GC(108) Metaspace: 15M used, 15M committed, 1088M reserved
[73.118s][info][gc,ref      ] GC(108) Soft: 392 encountered, 0 discovered, 0 enqueued
[73.118s][info][gc,ref      ] GC(108) Weak: 748 encountered, 272 discovered, 0 enqueued
[73.118s][info][gc,ref      ] GC(108) Final: 0 encountered, 0 discovered, 0 enqueued
[73.119s][info][gc,ref      ] GC(108) Phantom: 64 encountered, 49 discovered, 0 enqueued
[73.119s][info][gc,reloc    ] GC(108) Small Pages: 409 / 818M, Empty: 128M, Relocated: 192M, In-Place: 0
[73.119s][info][gc,reloc    ] GC(108) Medium Pages: 3 / 96M, Empty: 32M, Relocated: 4M, In-Place: 0
[73.119s][info][gc,reloc    ] GC(108) Large Pages: 19 / 142M, Empty: 82M, Relocated: 0M, In-Place: 0
[73.119s][info][gc,reloc    ] GC(108) Forwarding Usage: 119M
[73.119s][info][gc,heap     ] GC(108) Min Capacity: 2048M(100%)
[73.119s][info][gc,heap     ] GC(108) Max Capacity: 2048M(100%)
[73.119s][info][gc,heap     ] GC(108) Soft Max Capacity: 2048M(100%)
[73.119s][info][gc,heap     ] GC(108)                Mark Start          Mark End        Relocate Start      Relocate End           High               Low         
[73.119s][info][gc,heap     ] GC(108)  Capacity:     2048M (100%)       2048M (100%)       2048M (100%)       2048M (100%)       2048M (100%)       2048M (100%)   
[73.119s][info][gc,heap     ] GC(108)      Free:      992M (48%)         872M (43%)        1114M (54%)        1634M (80%)        1634M (80%)         872M (43%)    
[73.119s][info][gc,heap     ] GC(108)      Used:     1056M (52%)        1176M (57%)         934M (46%)         414M (20%)        1176M (57%)         414M (20%)    
[73.119s][info][gc,heap     ] GC(108)      Live:         -               264M (13%)         264M (13%)         264M (13%)            -                  -          
[73.119s][info][gc,heap     ] GC(108) Allocated:         -               120M (6%)          120M (6%)          120M (6%)             -                  -          
[73.119s][info][gc,heap     ] GC(108)   Garbage:         -               791M (39%)         549M (27%)          29M (1%)             -                  -          
[73.119s][info][gc,heap     ] GC(108) Reclaimed:         -                  -               242M (12%)         762M (37%)            -                  -          
[73.119s][info][gc          ] GC(108) Garbage Collection (Allocation Rate) 1056M(52%)->414M(20%)
[73.119s][info][gc,start    ] GC(109) Garbage Collection (System.gc())
[73.119s][info][gc,task     ] GC(109) Using 2 workers
[73.119s][info][gc,phases   ] GC(109) Pause Mark Start 0.007ms
[73.140s][info][gc,phases   ] GC(109) Concurrent Mark 20.563ms
[73.140s][info][gc,phases   ] GC(109) Pause Mark End 0.023ms
[73.140s][info][gc,phases   ] GC(109) Concurrent Mark Free 0.002ms
[73.144s][info][gc,phases   ] GC(109) Concurrent Process Non-Strong References 4.199ms
[73.144s][info][gc,phases   ] GC(109) Concurrent Reset Relocation Set 0.030ms
[73.153s][info][gc,phases   ] GC(109) Concurrent Select Relocation Set 8.449ms
[73.153s][info][gc,phases   ] GC(109) Pause Relocate Start 0.021ms
[73.154s][info][gc,phases   ] GC(109) Concurrent Relocate 1.393ms
[73.155s][info][gc,load     ] GC(109) Load: 0.00/0.00/0.00
[73.155s][info][gc,mmu      ] GC(109) MMU: 2ms/97.9%, 5ms/99.1%, 10ms/99.5%, 20ms/99.7%, 50ms/99.9%, 100ms/99.9%
[73.155s][info][gc,marking  ] GC(109) Mark: 2 stripe(s), 1 proactive flush(es), 1 terminate flush(es), 0 completion(s), 0 continuation(s) 
[73.155s][info][gc,marking  ] GC(109) Mark Stack Usage: 32M
[73.155s][info][gc,nmethod  ] GC(109) NMethods: 3182 registered, 0 unregistered
[73.155s][info][gc,metaspace] GC(109) Metaspace: 15M used, 15M committed, 1088M reserved
[73.155s][info][gc,ref      ] GC(109) Soft: 392 encountered, 0 discovered, 0 enqueued
[73.155s][info][gc,ref      ] GC(109) Weak: 731 encountered, 274 discovered, 0 enqueued
[73.155s][info][gc,ref      ] GC(109) Final: 0 encountered, 0 discovered, 0 enqueued
[73.155s][info][gc,ref      ] GC(109) Phantom: 64 encountered, 50 discovered, 0 enqueued
[73.155s][info][gc,reloc    ] GC(109) Small Pages: 155 / 310M, Empty: 298M, Relocated: 1M, In-Place: 0
[73.155s][info][gc,reloc    ] GC(109) Medium Pages: 1 / 32M, Empty: 32M, Relocated: 0M, In-Place: 0
[73.155s][info][gc,reloc    ] GC(109) Large Pages: 12 / 72M, Empty: 72M, Relocated: 0M, In-Place: 0
[73.155s][info][gc,reloc    ] GC(109) Forwarding Usage: 0M
[73.155s][info][gc,heap     ] GC(109) Min Capacity: 2048M(100%)
[73.155s][info][gc,heap     ] GC(109) Max Capacity: 2048M(100%)
[73.155s][info][gc,heap     ] GC(109) Soft Max Capacity: 2048M(100%)
[73.155s][info][gc,heap     ] GC(109)                Mark Start          Mark End        Relocate Start      Relocate End           High               Low         
[73.155s][info][gc,heap     ] GC(109)  Capacity:     2048M (100%)       2048M (100%)       2048M (100%)       2048M (100%)       2048M (100%)       2048M (100%)   
[73.155s][info][gc,heap     ] GC(109)      Free:     1634M (80%)        1634M (80%)        2036M (99%)        2038M (100%)       2038M (100%)       1634M (80%)    
[73.155s][info][gc,heap     ] GC(109)      Used:      414M (20%)         414M (20%)          12M (1%)           10M (0%)          414M (20%)          10M (0%)     
[73.155s][info][gc,heap     ] GC(109)      Live:         -                 6M (0%)            6M (0%)            6M (0%)             -                  -          
[73.155s][info][gc,heap     ] GC(109) Allocated:         -                 0M (0%)            0M (0%)            0M (0%)             -                  -          
[73.155s][info][gc,heap     ] GC(109)   Garbage:         -               407M (20%)           5M (0%)            3M (0%)             -                  -          
[73.155s][info][gc,heap     ] GC(109) Reclaimed:         -                  -               402M (20%)         404M (20%)            -                  -          
[73.155s][info][gc          ] GC(109) Garbage Collection (System.gc()) 414M(20%)->10M(0%)
[74.016s][info][gc,start    ] GC(110) Garbage Collection (Allocation Rate)
[74.016s][info][gc,task     ] GC(110) Using 2 workers
[74.016s][info][gc,phases   ] GC(110) Pause Mark Start 0.005ms
[74.268s][info][gc,phases   ] GC(110) Concurrent Mark 237.529ms
[74.268s][info][gc,phases   ] GC(110) Pause Mark End 0.017ms
[74.268s][info][gc,phases   ] GC(110) Concurrent Mark Free 0.001ms
[74.272s][info][gc,phases   ] GC(110) Concurrent Process Non-Strong References 3.093ms
[74.272s][info][gc,phases   ] GC(110) Concurrent Reset Relocation Set 0.001ms
[74.293s][info][gc,phases   ] GC(110) Concurrent Select Relocation Set 21.139ms
[74.293s][info][gc,phases   ] GC(110) Pause Relocate Start 0.009ms
[74.420s][info][gc,phases   ] GC(110) Concurrent Relocate 127.517ms
[74.421s][info][gc,load     ] GC(110) Load: 0.00/0.00/0.00
[74.421s][info][gc,mmu      ] GC(110) MMU: 2ms/97.9%, 5ms/99.1%, 10ms/99.5%, 20ms/99.7%, 50ms/99.9%, 100ms/99.9%
[74.421s][info][gc,marking  ] GC(110) Mark: 2 stripe(s), 2 proactive flush(es), 1 terminate flush(es), 0 completion(s), 0 continuation(s) 
[74.421s][info][gc,marking  ] GC(110) Mark Stack Usage: 32M
[74.421s][info][gc,nmethod  ] GC(110) NMethods: 3182 registered, 0 unregistered
[74.421s][info][gc,metaspace] GC(110) Metaspace: 15M used, 15M committed, 1088M reserved
[74.421s][info][gc,ref      ] GC(110) Soft: 392 encountered, 0 discovered, 0 enqueued
[74.421s][info][gc,ref      ] GC(110) Weak: 749 encountered, 281 discovered, 0 enqueued
[74.421s][info][gc,ref      ] GC(110) Final: 0 encountered, 0 discovered, 0 enqueued
[74.421s][info][gc,ref      ] GC(110) Phantom: 64 encountered, 48 discovered, 0 enqueued
[74.421s][info][gc,reloc    ] GC(110) Small Pages: 416 / 832M, Empty: 164M, Relocated: 192M, In-Place: 0
[74.421s][info][gc,reloc    ] GC(110) Medium Pages: 3 / 96M, Empty: 64M, Relocated: 0M, In-Place: 0
[74.421s][info][gc,reloc    ] GC(110) Large Pages: 21 / 154M, Empty: 82M, Relocated: 0M, In-Place: 0
[74.421s][info][gc,reloc    ] GC(110) Forwarding Usage: 119M
[74.421s][info][gc,heap     ] GC(110) Min Capacity: 2048M(100%)
[74.421s][info][gc,heap     ] GC(110) Max Capacity: 2048M(100%)
[74.421s][info][gc,heap     ] GC(110) Soft Max Capacity: 2048M(100%)
[74.421s][info][gc,heap     ] GC(110)                Mark Start          Mark End        Relocate Start      Relocate End           High               Low         
[74.421s][info][gc,heap     ] GC(110)  Capacity:     2048M (100%)       2048M (100%)       2048M (100%)       2048M (100%)       2048M (100%)       2048M (100%)   
[74.421s][info][gc,heap     ] GC(110)      Free:      966M (47%)         878M (43%)        1188M (58%)        1654M (81%)        1654M (81%)         878M (43%)    
[74.421s][info][gc,heap     ] GC(110)      Used:     1082M (53%)        1170M (57%)         860M (42%)         394M (19%)        1170M (57%)         394M (19%)    
[74.421s][info][gc,heap     ] GC(110)      Live:         -               272M (13%)         272M (13%)         272M (13%)            -                  -          
[74.421s][info][gc,heap     ] GC(110) Allocated:         -                88M (4%)           88M (4%)           88M (4%)             -                  -          
[74.421s][info][gc,heap     ] GC(110)   Garbage:         -               809M (40%)         499M (24%)          33M (2%)             -                  -          
[74.421s][info][gc,heap     ] GC(110) Reclaimed:         -                  -               310M (15%)         776M (38%)            -                  -          
[74.421s][info][gc          ] GC(110) Garbage Collection (Allocation Rate) 1082M(53%)->394M(19%)
[74.421s][info][gc,start    ] GC(111) Garbage Collection (System.gc())
[74.421s][info][gc,task     ] GC(111) Using 2 workers
[74.421s][info][gc,phases   ] GC(111) Pause Mark Start 0.008ms
[74.442s][info][gc,phases   ] GC(111) Concurrent Mark 20.451ms
[74.442s][info][gc,phases   ] GC(111) Pause Mark End 0.024ms
[74.442s][info][gc,phases   ] GC(111) Concurrent Mark Free 0.002ms
[74.446s][info][gc,phases   ] GC(111) Concurrent Process Non-Strong References 4.163ms
[74.446s][info][gc,phases   ] GC(111) Concurrent Reset Relocation Set 0.033ms
[74.455s][info][gc,phases   ] GC(111) Concurrent Select Relocation Set 8.614ms
[74.455s][info][gc,phases   ] GC(111) Pause Relocate Start 0.022ms
[74.456s][info][gc,phases   ] GC(111) Concurrent Relocate 1.128ms
[74.456s][info][gc,load     ] GC(111) Load: 0.00/0.00/0.00
[74.456s][info][gc,mmu      ] GC(111) MMU: 2ms/97.9%, 5ms/99.1%, 10ms/99.5%, 20ms/99.7%, 50ms/99.9%, 100ms/99.9%
[74.456s][info][gc,marking  ] GC(111) Mark: 2 stripe(s), 1 proactive flush(es), 1 terminate flush(es), 0 completion(s), 0 continuation(s) 
[74.457s][info][gc,marking  ] GC(111) Mark Stack Usage: 32M
[74.457s][info][gc,nmethod  ] GC(111) NMethods: 3182 registered, 0 unregistered
[74.457s][info][gc,metaspace] GC(111) Metaspace: 15M used, 15M committed, 1088M reserved
[74.457s][info][gc,ref      ] GC(111) Soft: 392 encountered, 0 discovered, 0 enqueued
[74.457s][info][gc,ref      ] GC(111) Weak: 731 encountered, 330 discovered, 0 enqueued
[74.457s][info][gc,ref      ] GC(111) Final: 0 encountered, 0 discovered, 0 enqueued
[74.457s][info][gc,ref      ] GC(111) Phantom: 64 encountered, 51 discovered, 0 enqueued
[74.457s][info][gc,reloc    ] GC(111) Small Pages: 145 / 290M, Empty: 278M, Relocated: 1M, In-Place: 0
[74.457s][info][gc,reloc    ] GC(111) Medium Pages: 1 / 32M, Empty: 32M, Relocated: 0M, In-Place: 0
[74.457s][info][gc,reloc    ] GC(111) Large Pages: 12 / 72M, Empty: 72M, Relocated: 0M, In-Place: 0
[74.457s][info][gc,reloc    ] GC(111) Forwarding Usage: 0M
[74.457s][info][gc,heap     ] GC(111) Min Capacity: 2048M(100%)
[74.457s][info][gc,heap     ] GC(111) Max Capacity: 2048M(100%)
[74.457s][info][gc,heap     ] GC(111) Soft Max Capacity: 2048M(100%)
[74.457s][info][gc,heap     ] GC(111)                Mark Start          Mark End        Relocate Start      Relocate End           High               Low         
[74.457s][info][gc,heap     ] GC(111)  Capacity:     2048M (100%)       2048M (100%)       2048M (100%)       2048M (100%)       2048M (100%)       2048M (100%)   
[74.457s][info][gc,heap     ] GC(111)      Free:     1654M (81%)        1654M (81%)        2036M (99%)        2038M (100%)       2038M (100%)       1654M (81%)    
[74.457s][info][gc,heap     ] GC(111)      Used:      394M (19%)         394M (19%)          12M (1%)           10M (0%)          394M (19%)          10M (0%)     
[74.457s][info][gc,heap     ] GC(111)      Live:         -                 6M (0%)            6M (0%)            6M (0%)             -                  -          
[74.457s][info][gc,heap     ] GC(111) Allocated:         -                 0M (0%)            0M (0%)            0M (0%)             -                  -          
[74.457s][info][gc,heap     ] GC(111)   Garbage:         -               387M (19%)           5M (0%)            3M (0%)             -                  -          
[74.457s][info][gc,heap     ] GC(111) Reclaimed:         -                  -               382M (19%)         384M (19%)            -                  -          
[74.457s][info][gc          ] GC(111) Garbage Collection (System.gc()) 394M(19%)->10M(0%)
[75.409s][info][gc,start    ] GC(112) Garbage Collection (Allocation Rate)
[75.409s][info][gc,task     ] GC(112) Using 2 workers
[75.409s][info][gc,phases   ] GC(112) Pause Mark Start 0.006ms
[75.641s][info][gc,phases   ] GC(112) Concurrent Mark 231.106ms
[75.641s][info][gc,phases   ] GC(112) Pause Mark End 0.021ms
[75.641s][info][gc,phases   ] GC(112) Concurrent Mark Free 0.002ms
[75.645s][info][gc,phases   ] GC(112) Concurrent Process Non-Strong References 3.564ms
[75.645s][info][gc,phases   ] GC(112) Concurrent Reset Relocation Set 0.001ms
[75.666s][info][gc,phases   ] GC(112) Concurrent Select Relocation Set 21.257ms
[75.666s][info][gc,phases   ] GC(112) Pause Relocate Start 0.010ms
[75.793s][info][gc,phases   ] GC(112) Concurrent Relocate 126.834ms
[75.793s][info][gc,load     ] GC(112) Load: 0.00/0.00/0.00
[75.793s][info][gc,mmu      ] GC(112) MMU: 2ms/97.9%, 5ms/99.1%, 10ms/99.5%, 20ms/99.7%, 50ms/99.9%, 100ms/99.9%
[75.793s][info][gc,marking  ] GC(112) Mark: 2 stripe(s), 2 proactive flush(es), 1 terminate flush(es), 0 completion(s), 0 continuation(s) 
[75.793s][info][gc,marking  ] GC(112) Mark Stack Usage: 32M
[75.793s][info][gc,nmethod  ] GC(112) NMethods: 3194 registered, 0 unregistered
[75.793s][info][gc,metaspace] GC(112) Metaspace: 15M used, 15M committed, 1088M reserved
[75.793s][info][gc,ref      ] GC(112) Soft: 392 encountered, 0 discovered, 0 enqueued
[75.793s][info][gc,ref      ] GC(112) Weak: 749 encountered, 144 discovered, 0 enqueued
[75.793s][info][gc,ref      ] GC(112) Final: 0 encountered, 0 discovered, 0 enqueued
[75.793s][info][gc,ref      ] GC(112) Phantom: 64 encountered, 48 discovered, 0 enqueued
[75.793s][info][gc,reloc    ] GC(112) Small Pages: 445 / 890M, Empty: 206M, Relocated: 192M, In-Place: 0
[75.793s][info][gc,reloc    ] GC(112) Medium Pages: 3 / 96M, Empty: 64M, Relocated: 0M, In-Place: 0
[75.793s][info][gc,reloc    ] GC(112) Large Pages: 21 / 154M, Empty: 82M, Relocated: 0M, In-Place: 0
[75.793s][info][gc,reloc    ] GC(112) Forwarding Usage: 119M
[75.793s][info][gc,heap     ] GC(112) Min Capacity: 2048M(100%)
[75.793s][info][gc,heap     ] GC(112) Max Capacity: 2048M(100%)
[75.793s][info][gc,heap     ] GC(112) Soft Max Capacity: 2048M(100%)
[75.793s][info][gc,heap     ] GC(112)                Mark Start          Mark End        Relocate Start      Relocate End           High               Low         
[75.793s][info][gc,heap     ] GC(112)  Capacity:     2048M (100%)       2048M (100%)       2048M (100%)       2048M (100%)       2048M (100%)       2048M (100%)   
[75.793s][info][gc,heap     ] GC(112)      Free:      908M (44%)         872M (43%)        1224M (60%)        1706M (83%)        1706M (83%)         872M (43%)    
[75.793s][info][gc,heap     ] GC(112)      Used:     1140M (56%)        1176M (57%)         824M (40%)         342M (17%)        1176M (57%)         342M (17%)    
[75.793s][info][gc,heap     ] GC(112)      Live:         -               272M (13%)         272M (13%)         272M (13%)            -                  -          
[75.793s][info][gc,heap     ] GC(112) Allocated:         -                36M (2%)           36M (2%)           36M (2%)             -                  -          
[75.793s][info][gc,heap     ] GC(112)   Garbage:         -               867M (42%)         515M (25%)          33M (2%)             -                  -          
[75.794s][info][gc,heap     ] GC(112) Reclaimed:         -                  -               352M (17%)         834M (41%)            -                  -          
[75.794s][info][gc          ] GC(112) Garbage Collection (Allocation Rate) 1140M(56%)->342M(17%)
[75.794s][info][gc,start    ] GC(113) Garbage Collection (System.gc())
[75.794s][info][gc,task     ] GC(113) Using 2 workers
[75.794s][info][gc,phases   ] GC(113) Pause Mark Start 0.008ms
[75.813s][info][gc,phases   ] GC(113) Concurrent Mark 19.406ms
[75.813s][info][gc,phases   ] GC(113) Pause Mark End 0.022ms
[75.814s][info][gc,phases   ] GC(113) Concurrent Mark Free 0.002ms
[75.818s][info][gc,phases   ] GC(113) Concurrent Process Non-Strong References 4.377ms
[75.818s][info][gc,phases   ] GC(113) Concurrent Reset Relocation Set 0.029ms
[75.827s][info][gc,phases   ] GC(113) Concurrent Select Relocation Set 8.439ms
[75.827s][info][gc,phases   ] GC(113) Pause Relocate Start 0.022ms
[75.828s][info][gc,phases   ] GC(113) Concurrent Relocate 1.195ms
[75.828s][info][gc,load     ] GC(113) Load: 0.00/0.00/0.00
[75.828s][info][gc,mmu      ] GC(113) MMU: 2ms/97.9%, 5ms/99.1%, 10ms/99.5%, 20ms/99.7%, 50ms/99.9%, 100ms/99.9%
[75.828s][info][gc,marking  ] GC(113) Mark: 2 stripe(s), 1 proactive flush(es), 1 terminate flush(es), 0 completion(s), 0 continuation(s) 
[75.828s][info][gc,marking  ] GC(113) Mark Stack Usage: 32M
[75.828s][info][gc,nmethod  ] GC(113) NMethods: 3194 registered, 0 unregistered
[75.828s][info][gc,metaspace] GC(113) Metaspace: 15M used, 15M committed, 1088M reserved
[75.828s][info][gc,ref      ] GC(113) Soft: 392 encountered, 0 discovered, 0 enqueued
[75.828s][info][gc,ref      ] GC(113) Weak: 731 encountered, 320 discovered, 0 enqueued
[75.828s][info][gc,ref      ] GC(113) Final: 0 encountered, 0 discovered, 0 enqueued
[75.828s][info][gc,ref      ] GC(113) Phantom: 64 encountered, 51 discovered, 0 enqueued
[75.828s][info][gc,reloc    ] GC(113) Small Pages: 119 / 238M, Empty: 224M, Relocated: 1M, In-Place: 0
[75.828s][info][gc,reloc    ] GC(113) Medium Pages: 1 / 32M, Empty: 32M, Relocated: 0M, In-Place: 0
[75.828s][info][gc,reloc    ] GC(113) Large Pages: 12 / 72M, Empty: 72M, Relocated: 0M, In-Place: 0
[75.828s][info][gc,reloc    ] GC(113) Forwarding Usage: 0M
[75.828s][info][gc,heap     ] GC(113) Min Capacity: 2048M(100%)
[75.828s][info][gc,heap     ] GC(113) Max Capacity: 2048M(100%)
[75.828s][info][gc,heap     ] GC(113) Soft Max Capacity: 2048M(100%)
[75.828s][info][gc,heap     ] GC(113)                Mark Start          Mark End        Relocate Start      Relocate End           High               Low         
[75.828s][info][gc,heap     ] GC(113)  Capacity:     2048M (100%)       2048M (100%)       2048M (100%)       2048M (100%)       2048M (100%)       2048M (100%)   
[75.828s][info][gc,heap     ] GC(113)      Free:     1706M (83%)        1706M (83%)        2034M (99%)        2038M (100%)       2038M (100%)       1706M (83%)    
[75.828s][info][gc,heap     ] GC(113)      Used:      342M (17%)         342M (17%)          14M (1%)           10M (0%)          342M (17%)          10M (0%)     
[75.828s][info][gc,heap     ] GC(113)      Live:         -                 6M (0%)            6M (0%)            6M (0%)             -                  -          
[75.828s][info][gc,heap     ] GC(113) Allocated:         -                 0M (0%)            0M (0%)            0M (0%)             -                  -          
[75.828s][info][gc,heap     ] GC(113)   Garbage:         -               335M (16%)           7M (0%)            3M (0%)             -                  -          
[75.828s][info][gc,heap     ] GC(113) Reclaimed:         -                  -               328M (16%)         332M (16%)            -                  -          
[75.828s][info][gc          ] GC(113) Garbage Collection (System.gc()) 342M(17%)->10M(0%)
[76.704s][info][gc,start    ] GC(114) Garbage Collection (Allocation Rate)
[76.704s][info][gc,task     ] GC(114) Using 2 workers
[76.704s][info][gc,phases   ] GC(114) Pause Mark Start 0.010ms
[76.970s][info][gc,phases   ] GC(114) Concurrent Mark 250.152ms
[76.970s][info][gc,phases   ] GC(114) Pause Mark End 0.020ms
[76.970s][info][gc,phases   ] GC(114) Concurrent Mark Free 0.002ms
[76.974s][info][gc,phases   ] GC(114) Concurrent Process Non-Strong References 3.315ms
[76.974s][info][gc,phases   ] GC(114) Concurrent Reset Relocation Set 0.001ms
[76.995s][info][gc,phases   ] GC(114) Concurrent Select Relocation Set 21.335ms
[76.995s][info][gc,phases   ] GC(114) Pause Relocate Start 0.010ms
[77.122s][info][gc,phases   ] GC(114) Concurrent Relocate 126.590ms
[77.122s][info][gc,load     ] GC(114) Load: 0.00/0.00/0.00
[77.122s][info][gc,mmu      ] GC(114) MMU: 2ms/97.9%, 5ms/99.1%, 10ms/99.5%, 20ms/99.7%, 50ms/99.9%, 100ms/99.9%
[77.122s][info][gc,marking  ] GC(114) Mark: 2 stripe(s), 2 proactive flush(es), 1 terminate flush(es), 0 completion(s), 0 continuation(s) 
[77.122s][info][gc,marking  ] GC(114) Mark Stack Usage: 32M
[77.122s][info][gc,nmethod  ] GC(114) NMethods: 3203 registered, 0 unregistered
[77.122s][info][gc,metaspace] GC(114) Metaspace: 15M used, 15M committed, 1088M reserved
[77.122s][info][gc,ref      ] GC(114) Soft: 392 encountered, 0 discovered, 0 enqueued
[77.122s][info][gc,ref      ] GC(114) Weak: 749 encountered, 410 discovered, 0 enqueued
[77.122s][info][gc,ref      ] GC(114) Final: 0 encountered, 0 discovered, 0 enqueued
[77.122s][info][gc,ref      ] GC(114) Phantom: 64 encountered, 49 discovered, 0 enqueued
[77.122s][info][gc,reloc    ] GC(114) Small Pages: 417 / 834M, Empty: 164M, Relocated: 193M, In-Place: 0
[77.122s][info][gc,reloc    ] GC(114) Medium Pages: 3 / 96M, Empty: 64M, Relocated: 0M, In-Place: 0
[77.122s][info][gc,reloc    ] GC(114) Large Pages: 21 / 154M, Empty: 82M, Relocated: 0M, In-Place: 0
[77.122s][info][gc,reloc    ] GC(114) Forwarding Usage: 120M
[77.122s][info][gc,heap     ] GC(114) Min Capacity: 2048M(100%)
[77.122s][info][gc,heap     ] GC(114) Max Capacity: 2048M(100%)
[77.122s][info][gc,heap     ] GC(114) Soft Max Capacity: 2048M(100%)
[77.122s][info][gc,heap     ] GC(114)                Mark Start          Mark End        Relocate Start      Relocate End           High               Low         
[77.122s][info][gc,heap     ] GC(114)  Capacity:     2048M (100%)       2048M (100%)       2048M (100%)       2048M (100%)       2048M (100%)       2048M (100%)   
[77.122s][info][gc,heap     ] GC(114)      Free:      964M (47%)         878M (43%)        1188M (58%)        1656M (81%)        1656M (81%)         878M (43%)    
[77.123s][info][gc,heap     ] GC(114)      Used:     1084M (53%)        1170M (57%)         860M (42%)         392M (19%)        1170M (57%)         392M (19%)    
[77.123s][info][gc,heap     ] GC(114)      Live:         -               272M (13%)         272M (13%)         272M (13%)            -                  -          
[77.123s][info][gc,heap     ] GC(114) Allocated:         -                86M (4%)           86M (4%)           86M (4%)             -                  -          
[77.123s][info][gc,heap     ] GC(114)   Garbage:         -               811M (40%)         501M (25%)          33M (2%)             -                  -          
[77.123s][info][gc,heap     ] GC(114) Reclaimed:         -                  -               310M (15%)         778M (38%)            -                  -          
[77.123s][info][gc          ] GC(114) Garbage Collection (Allocation Rate) 1084M(53%)->392M(19%)
[77.123s][info][gc,start    ] GC(115) Garbage Collection (System.gc())
[77.123s][info][gc,task     ] GC(115) Using 2 workers
[77.123s][info][gc,phases   ] GC(115) Pause Mark Start 0.007ms
[77.143s][info][gc,phases   ] GC(115) Concurrent Mark 20.181ms
[77.143s][info][gc,phases   ] GC(115) Pause Mark End 0.024ms
[77.143s][info][gc,phases   ] GC(115) Concurrent Mark Free 0.003ms
[77.148s][info][gc,phases   ] GC(115) Concurrent Process Non-Strong References 4.608ms
[77.148s][info][gc,phases   ] GC(115) Concurrent Reset Relocation Set 0.029ms
[77.157s][info][gc,phases   ] GC(115) Concurrent Select Relocation Set 8.312ms
[77.157s][info][gc,phases   ] GC(115) Pause Relocate Start 0.021ms
[77.158s][info][gc,phases   ] GC(115) Concurrent Relocate 1.031ms
[77.158s][info][gc,load     ] GC(115) Load: 0.00/0.00/0.00
[77.158s][info][gc,mmu      ] GC(115) MMU: 2ms/97.9%, 5ms/99.1%, 10ms/99.5%, 20ms/99.7%, 50ms/99.9%, 100ms/99.9%
[77.158s][info][gc,marking  ] GC(115) Mark: 2 stripe(s), 1 proactive flush(es), 1 terminate flush(es), 0 completion(s), 0 continuation(s) 
[77.158s][info][gc,marking  ] GC(115) Mark Stack Usage: 32M
[77.158s][info][gc,nmethod  ] GC(115) NMethods: 3203 registered, 0 unregistered
[77.158s][info][gc,metaspace] GC(115) Metaspace: 15M used, 15M committed, 1088M reserved
[77.158s][info][gc,ref      ] GC(115) Soft: 392 encountered, 0 discovered, 0 enqueued
[77.158s][info][gc,ref      ] GC(115) Weak: 731 encountered, 196 discovered, 0 enqueued
[77.158s][info][gc,ref      ] GC(115) Final: 0 encountered, 0 discovered, 0 enqueued
[77.158s][info][gc,ref      ] GC(115) Phantom: 64 encountered, 49 discovered, 0 enqueued
[77.158s][info][gc,reloc    ] GC(115) Small Pages: 144 / 288M, Empty: 274M, Relocated: 1M, In-Place: 0
[77.158s][info][gc,reloc    ] GC(115) Medium Pages: 1 / 32M, Empty: 32M, Relocated: 0M, In-Place: 0
[77.158s][info][gc,reloc    ] GC(115) Large Pages: 12 / 72M, Empty: 72M, Relocated: 0M, In-Place: 0
[77.158s][info][gc,reloc    ] GC(115) Forwarding Usage: 0M
[77.158s][info][gc,heap     ] GC(115) Min Capacity: 2048M(100%)
[77.158s][info][gc,heap     ] GC(115) Max Capacity: 2048M(100%)
[77.158s][info][gc,heap     ] GC(115) Soft Max Capacity: 2048M(100%)
[77.158s][info][gc,heap     ] GC(115)                Mark Start          Mark End        Relocate Start      Relocate End           High               Low         
[77.158s][info][gc,heap     ] GC(115)  Capacity:     2048M (100%)       2048M (100%)       2048M (100%)       2048M (100%)       2048M (100%)       2048M (100%)   
[77.158s][info][gc,heap     ] GC(115)      Free:     1656M (81%)        1656M (81%)        2034M (99%)        2038M (100%)       2038M (100%)       1656M (81%)    
[77.158s][info][gc,heap     ] GC(115)      Used:      392M (19%)         392M (19%)          14M (1%)           10M (0%)          392M (19%)          10M (0%)     
[77.158s][info][gc,heap     ] GC(115)      Live:         -                 6M (0%)            6M (0%)            6M (0%)             -                  -          
[77.158s][info][gc,heap     ] GC(115) Allocated:         -                 0M (0%)            0M (0%)            0M (0%)             -                  -          
[77.158s][info][gc,heap     ] GC(115)   Garbage:         -               385M (19%)           7M (0%)            3M (0%)             -                  -          
[77.158s][info][gc,heap     ] GC(115) Reclaimed:         -                  -               378M (18%)         382M (19%)            -                  -          
[77.158s][info][gc          ] GC(115) Garbage Collection (System.gc()) 392M(19%)->10M(0%)
[78.114s][info][gc,start    ] GC(116) Garbage Collection (Allocation Rate)
[78.114s][info][gc,task     ] GC(116) Using 2 workers
[78.114s][info][gc,phases   ] GC(116) Pause Mark Start 0.010ms
[78.357s][info][gc,phases   ] GC(116) Concurrent Mark 228.091ms
[78.357s][info][gc,phases   ] GC(116) Pause Mark End 0.027ms
[78.358s][info][gc,phases   ] GC(116) Concurrent Mark Free 0.002ms
[78.362s][info][gc,phases   ] GC(116) Concurrent Process Non-Strong References 4.259ms
[78.362s][info][gc,phases   ] GC(116) Concurrent Reset Relocation Set 0.001ms
[78.383s][info][gc,phases   ] GC(116) Concurrent Select Relocation Set 21.159ms
[78.383s][info][gc,phases   ] GC(116) Pause Relocate Start 0.019ms
[78.509s][info][gc,phases   ] GC(116) Concurrent Relocate 125.343ms
[78.509s][info][gc,load     ] GC(116) Load: 0.00/0.00/0.00
[78.509s][info][gc,mmu      ] GC(116) MMU: 2ms/97.9%, 5ms/99.1%, 10ms/99.5%, 20ms/99.7%, 50ms/99.9%, 100ms/99.9%
[78.509s][info][gc,marking  ] GC(116) Mark: 2 stripe(s), 2 proactive flush(es), 1 terminate flush(es), 0 completion(s), 0 continuation(s) 
[78.509s][info][gc,marking  ] GC(116) Mark Stack Usage: 32M
[78.509s][info][gc,nmethod  ] GC(116) NMethods: 3208 registered, 0 unregistered
[78.509s][info][gc,metaspace] GC(116) Metaspace: 15M used, 15M committed, 1088M reserved
[78.509s][info][gc,ref      ] GC(116) Soft: 392 encountered, 0 discovered, 0 enqueued
[78.509s][info][gc,ref      ] GC(116) Weak: 749 encountered, 21 discovered, 0 enqueued
[78.509s][info][gc,ref      ] GC(116) Final: 0 encountered, 0 discovered, 0 enqueued
[78.509s][info][gc,ref      ] GC(116) Phantom: 64 encountered, 49 discovered, 0 enqueued
[78.509s][info][gc,reloc    ] GC(116) Small Pages: 449 / 898M, Empty: 218M, Relocated: 192M, In-Place: 0
[78.509s][info][gc,reloc    ] GC(116) Medium Pages: 3 / 96M, Empty: 64M, Relocated: 0M, In-Place: 0
[78.509s][info][gc,reloc    ] GC(116) Large Pages: 21 / 154M, Empty: 82M, Relocated: 0M, In-Place: 0
[78.509s][info][gc,reloc    ] GC(116) Forwarding Usage: 116M
[78.509s][info][gc,heap     ] GC(116) Min Capacity: 2048M(100%)
[78.509s][info][gc,heap     ] GC(116) Max Capacity: 2048M(100%)
[78.509s][info][gc,heap     ] GC(116) Soft Max Capacity: 2048M(100%)
[78.509s][info][gc,heap     ] GC(116)                Mark Start          Mark End        Relocate Start      Relocate End           High               Low         
[78.509s][info][gc,heap     ] GC(116)  Capacity:     2048M (100%)       2048M (100%)       2048M (100%)       2048M (100%)       2048M (100%)       2048M (100%)   
[78.509s][info][gc,heap     ] GC(116)      Free:      900M (44%)         880M (43%)        1244M (61%)        1720M (84%)        1720M (84%)         880M (43%)    
[78.509s][info][gc,heap     ] GC(116)      Used:     1148M (56%)        1168M (57%)         804M (39%)         328M (16%)        1168M (57%)         328M (16%)    
[78.509s][info][gc,heap     ] GC(116)      Live:         -               272M (13%)         272M (13%)         272M (13%)            -                  -          
[78.509s][info][gc,heap     ] GC(116) Allocated:         -                20M (1%)           20M (1%)           20M (1%)             -                  -          
[78.509s][info][gc,heap     ] GC(116)   Garbage:         -               875M (43%)         511M (25%)          35M (2%)             -                  -          
[78.509s][info][gc,heap     ] GC(116) Reclaimed:         -                  -               364M (18%)         840M (41%)            -                  -          
[78.509s][info][gc          ] GC(116) Garbage Collection (Allocation Rate) 1148M(56%)->328M(16%)
[78.509s][info][gc,start    ] GC(117) Garbage Collection (System.gc())
[78.509s][info][gc,task     ] GC(117) Using 2 workers
[78.509s][info][gc,phases   ] GC(117) Pause Mark Start 0.007ms
[78.514s][info][gc,phases   ] GC(117) Concurrent Mark 4.994ms
[78.514s][info][gc,phases   ] GC(117) Pause Mark End 0.010ms
[78.515s][info][gc,phases   ] GC(117) Concurrent Mark Free 0.001ms
[78.518s][info][gc,phases   ] GC(117) Concurrent Process Non-Strong References 3.013ms
[78.518s][info][gc,phases   ] GC(117) Concurrent Reset Relocation Set 0.032ms
[78.526s][info][gc,phases   ] GC(117) Concurrent Select Relocation Set 8.283ms
[78.526s][info][gc,phases   ] GC(117) Pause Relocate Start 0.017ms
[78.528s][info][gc,phases   ] GC(117) Concurrent Relocate 1.350ms
[78.528s][info][gc,load     ] GC(117) Load: 0.00/0.00/0.00
[78.528s][info][gc,mmu      ] GC(117) MMU: 2ms/97.9%, 5ms/99.1%, 10ms/99.5%, 20ms/99.7%, 50ms/99.9%, 100ms/99.9%
[78.528s][info][gc,marking  ] GC(117) Mark: 2 stripe(s), 1 proactive flush(es), 1 terminate flush(es), 0 completion(s), 0 continuation(s) 
[78.528s][info][gc,marking  ] GC(117) Mark Stack Usage: 32M
[78.528s][info][gc,nmethod  ] GC(117) NMethods: 3208 registered, 0 unregistered
[78.528s][info][gc,metaspace] GC(117) Metaspace: 15M used, 15M committed, 1088M reserved
[78.528s][info][gc,ref      ] GC(117) Soft: 392 encountered, 0 discovered, 0 enqueued
[78.528s][info][gc,ref      ] GC(117) Weak: 731 encountered, 423 discovered, 0 enqueued
[78.528s][info][gc,ref      ] GC(117) Final: 0 encountered, 0 discovered, 0 enqueued
[78.528s][info][gc,ref      ] GC(117) Phantom: 64 encountered, 55 discovered, 0 enqueued
[78.528s][info][gc,reloc    ] GC(117) Small Pages: 112 / 224M, Empty: 208M, Relocated: 1M, In-Place: 0
[78.528s][info][gc,reloc    ] GC(117) Medium Pages: 1 / 32M, Empty: 32M, Relocated: 0M, In-Place: 0
[78.528s][info][gc,reloc    ] GC(117) Large Pages: 12 / 72M, Empty: 72M, Relocated: 0M, In-Place: 0
[78.528s][info][gc,reloc    ] GC(117) Forwarding Usage: 0M
[78.528s][info][gc,heap     ] GC(117) Min Capacity: 2048M(100%)
[78.528s][info][gc,heap     ] GC(117) Max Capacity: 2048M(100%)
[78.528s][info][gc,heap     ] GC(117) Soft Max Capacity: 2048M(100%)
[78.528s][info][gc,heap     ] GC(117)                Mark Start          Mark End        Relocate Start      Relocate End           High               Low         
[78.528s][info][gc,heap     ] GC(117)  Capacity:     2048M (100%)       2048M (100%)       2048M (100%)       2048M (100%)       2048M (100%)       2048M (100%)   
[78.528s][info][gc,heap     ] GC(117)      Free:     1720M (84%)        1720M (84%)        2032M (99%)        2038M (100%)       2038M (100%)       1720M (84%)    
[78.528s][info][gc,heap     ] GC(117)      Used:      328M (16%)         328M (16%)          16M (1%)           10M (0%)          328M (16%)          10M (0%)     
[78.528s][info][gc,heap     ] GC(117)      Live:         -                 6M (0%)            6M (0%)            6M (0%)             -                  -          
[78.528s][info][gc,heap     ] GC(117) Allocated:         -                 0M (0%)            0M (0%)            0M (0%)             -                  -          
[78.528s][info][gc,heap     ] GC(117)   Garbage:         -               321M (16%)           9M (0%)            3M (0%)             -                  -          
[78.528s][info][gc,heap     ] GC(117) Reclaimed:         -                  -               312M (15%)         318M (16%)            -                  -          
[78.528s][info][gc          ] GC(117) Garbage Collection (System.gc()) 328M(16%)->10M(0%)
[79.402s][info][gc,start    ] GC(118) Garbage Collection (Allocation Rate)
[79.402s][info][gc,task     ] GC(118) Using 2 workers
[79.402s][info][gc,phases   ] GC(118) Pause Mark Start 0.008ms
[79.658s][info][gc,phases   ] GC(118) Concurrent Mark 248.332ms
[79.659s][info][gc,phases   ] GC(118) Pause Mark End 0.021ms
[79.659s][info][gc,phases   ] GC(118) Concurrent Mark Free 0.003ms
[79.663s][info][gc,phases   ] GC(118) Concurrent Process Non-Strong References 3.978ms
[79.663s][info][gc,phases   ] GC(118) Concurrent Reset Relocation Set 0.001ms
[79.684s][info][gc,phases   ] GC(118) Concurrent Select Relocation Set 21.354ms
[79.684s][info][gc,phases   ] GC(118) Pause Relocate Start 0.010ms
[79.811s][info][gc,phases   ] GC(118) Concurrent Relocate 125.956ms
[79.811s][info][gc,load     ] GC(118) Load: 0.00/0.00/0.00
[79.811s][info][gc,mmu      ] GC(118) MMU: 2ms/97.9%, 5ms/99.1%, 10ms/99.5%, 20ms/99.7%, 50ms/99.9%, 100ms/99.9%
[79.811s][info][gc,marking  ] GC(118) Mark: 2 stripe(s), 2 proactive flush(es), 1 terminate flush(es), 0 completion(s), 0 continuation(s) 
[79.811s][info][gc,marking  ] GC(118) Mark Stack Usage: 32M
[79.811s][info][gc,nmethod  ] GC(118) NMethods: 3212 registered, 0 unregistered
[79.811s][info][gc,metaspace] GC(118) Metaspace: 15M used, 15M committed, 1088M reserved
[79.811s][info][gc,ref      ] GC(118) Soft: 392 encountered, 0 discovered, 0 enqueued
[79.811s][info][gc,ref      ] GC(118) Weak: 748 encountered, 15 discovered, 0 enqueued
[79.811s][info][gc,ref      ] GC(118) Final: 0 encountered, 0 discovered, 0 enqueued
[79.811s][info][gc,ref      ] GC(118) Phantom: 64 encountered, 49 discovered, 0 enqueued
[79.811s][info][gc,reloc    ] GC(118) Small Pages: 417 / 834M, Empty: 154M, Relocated: 192M, In-Place: 0
[79.811s][info][gc,reloc    ] GC(118) Medium Pages: 3 / 96M, Empty: 64M, Relocated: 0M, In-Place: 0
[79.811s][info][gc,reloc    ] GC(118) Large Pages: 21 / 154M, Empty: 82M, Relocated: 0M, In-Place: 0
[79.811s][info][gc,reloc    ] GC(118) Forwarding Usage: 118M
[79.811s][info][gc,heap     ] GC(118) Min Capacity: 2048M(100%)
[79.811s][info][gc,heap     ] GC(118) Max Capacity: 2048M(100%)
[79.811s][info][gc,heap     ] GC(118) Soft Max Capacity: 2048M(100%)
[79.811s][info][gc,heap     ] GC(118)                Mark Start          Mark End        Relocate Start      Relocate End           High               Low         
[79.811s][info][gc,heap     ] GC(118)  Capacity:     2048M (100%)       2048M (100%)       2048M (100%)       2048M (100%)       2048M (100%)       2048M (100%)   
[79.811s][info][gc,heap     ] GC(118)      Free:      964M (47%)         874M (43%)        1174M (57%)        1652M (81%)        1652M (81%)         874M (43%)    
[79.811s][info][gc,heap     ] GC(118)      Used:     1084M (53%)        1174M (57%)         874M (43%)         396M (19%)        1174M (57%)         396M (19%)    
[79.811s][info][gc,heap     ] GC(118)      Live:         -               272M (13%)         272M (13%)         272M (13%)            -                  -          
[79.811s][info][gc,heap     ] GC(118) Allocated:         -                90M (4%)           90M (4%)           90M (4%)             -                  -          
[79.811s][info][gc,heap     ] GC(118)   Garbage:         -               811M (40%)         511M (25%)          33M (2%)             -                  -          
[79.811s][info][gc,heap     ] GC(118) Reclaimed:         -                  -               300M (15%)         778M (38%)            -                  -          
[79.811s][info][gc          ] GC(118) Garbage Collection (Allocation Rate) 1084M(53%)->396M(19%)
[79.811s][info][gc,start    ] GC(119) Garbage Collection (System.gc())
[79.811s][info][gc,task     ] GC(119) Using 2 workers
[79.811s][info][gc,phases   ] GC(119) Pause Mark Start 0.009ms
[79.831s][info][gc,phases   ] GC(119) Concurrent Mark 19.403ms
[79.831s][info][gc,phases   ] GC(119) Pause Mark End 0.022ms
[79.831s][info][gc,phases   ] GC(119) Concurrent Mark Free 0.002ms
[79.836s][info][gc,phases   ] GC(119) Concurrent Process Non-Strong References 4.895ms
[79.836s][info][gc,phases   ] GC(119) Concurrent Reset Relocation Set 0.043ms
[79.845s][info][gc,phases   ] GC(119) Concurrent Select Relocation Set 8.576ms
[79.845s][info][gc,phases   ] GC(119) Pause Relocate Start 0.019ms
[79.846s][info][gc,phases   ] GC(119) Concurrent Relocate 1.334ms
[79.846s][info][gc,load     ] GC(119) Load: 0.00/0.00/0.00
[79.846s][info][gc,mmu      ] GC(119) MMU: 2ms/97.9%, 5ms/99.1%, 10ms/99.5%, 20ms/99.7%, 50ms/99.9%, 100ms/99.9%
[79.846s][info][gc,marking  ] GC(119) Mark: 2 stripe(s), 1 proactive flush(es), 1 terminate flush(es), 0 completion(s), 0 continuation(s) 
[79.846s][info][gc,marking  ] GC(119) Mark Stack Usage: 32M
[79.846s][info][gc,nmethod  ] GC(119) NMethods: 3212 registered, 0 unregistered
[79.846s][info][gc,metaspace] GC(119) Metaspace: 15M used, 15M committed, 1088M reserved
[79.846s][info][gc,ref      ] GC(119) Soft: 392 encountered, 0 discovered, 0 enqueued
[79.846s][info][gc,ref      ] GC(119) Weak: 731 encountered, 311 discovered, 0 enqueued
[79.846s][info][gc,ref      ] GC(119) Final: 0 encountered, 0 discovered, 0 enqueued
[79.846s][info][gc,ref      ] GC(119) Phantom: 64 encountered, 50 discovered, 0 enqueued
[79.847s][info][gc,reloc    ] GC(119) Small Pages: 146 / 292M, Empty: 278M, Relocated: 1M, In-Place: 0
[79.847s][info][gc,reloc    ] GC(119) Medium Pages: 1 / 32M, Empty: 32M, Relocated: 0M, In-Place: 0
[79.847s][info][gc,reloc    ] GC(119) Large Pages: 12 / 72M, Empty: 72M, Relocated: 0M, In-Place: 0
[79.847s][info][gc,reloc    ] GC(119) Forwarding Usage: 0M
[79.847s][info][gc,heap     ] GC(119) Min Capacity: 2048M(100%)
[79.847s][info][gc,heap     ] GC(119) Max Capacity: 2048M(100%)
[79.847s][info][gc,heap     ] GC(119) Soft Max Capacity: 2048M(100%)
[79.847s][info][gc,heap     ] GC(119)                Mark Start          Mark End        Relocate Start      Relocate End           High               Low         
[79.847s][info][gc,heap     ] GC(119)  Capacity:     2048M (100%)       2048M (100%)       2048M (100%)       2048M (100%)       2048M (100%)       2048M (100%)   
[79.847s][info][gc,heap     ] GC(119)      Free:     1652M (81%)        1652M (81%)        2034M (99%)        2038M (100%)       2038M (100%)       1652M (81%)    
[79.847s][info][gc,heap     ] GC(119)      Used:      396M (19%)         396M (19%)          14M (1%)           10M (0%)          396M (19%)          10M (0%)     
[79.847s][info][gc,heap     ] GC(119)      Live:         -                 6M (0%)            6M (0%)            6M (0%)             -                  -          
[79.847s][info][gc,heap     ] GC(119) Allocated:         -                 0M (0%)            0M (0%)            0M (0%)             -                  -          
[79.847s][info][gc,heap     ] GC(119)   Garbage:         -               389M (19%)           7M (0%)            3M (0%)             -                  -          
[79.847s][info][gc,heap     ] GC(119) Reclaimed:         -                  -               382M (19%)         386M (19%)            -                  -          
[79.847s][info][gc          ] GC(119) Garbage Collection (System.gc()) 396M(19%)->10M(0%)
[80.114s][info][gc,stats    ] === Garbage Collection Statistics =======================================================================================================================
[80.114s][info][gc,stats    ]                                                              Last 10s              Last 10m              Last 10h                Total
[80.114s][info][gc,stats    ]                                                              Avg / Max             Avg / Max             Avg / Max             Avg / Max
[80.114s][info][gc,stats    ]   Collector: Garbage Collection Cycle                    220.709 / 426.144     225.857 / 465.355     225.857 / 465.355     225.857 / 465.355     ms
[80.114s][info][gc,stats    ]  Contention: Mark Segment Reset Contention                     1 / 14                0 / 14                0 / 14                0 / 14          ops/s
[80.114s][info][gc,stats    ]  Contention: Mark SeqNum Reset Contention                      0 / 1                 0 / 1                 0 / 1                 0 / 1           ops/s
[80.114s][info][gc,stats    ]    Critical: Allocation Stall                                  0 / 0                 0 / 0                 0 / 0                 0 / 0           ops/s
[80.114s][info][gc,stats    ]    Critical: Allocation Stall                              0.000 / 0.000         0.000 / 0.000         0.000 / 0.000         0.000 / 0.000       ms
[80.114s][info][gc,stats    ]    Critical: GC Locker Stall                                   0 / 0                 0 / 0                 0 / 0                 0 / 0           ops/s
[80.114s][info][gc,stats    ]    Critical: GC Locker Stall                               0.000 / 0.000         0.000 / 0.000         0.000 / 0.000         0.000 / 0.000       ms
[80.114s][info][gc,stats    ]    Critical: Relocation Stall                                  0 / 0                 0 / 0                 0 / 0                 0 / 0           ops/s
[80.114s][info][gc,stats    ]    Critical: Relocation Stall                              0.000 / 0.000         0.000 / 0.000         0.000 / 0.000         0.000 / 0.000       ms
[80.114s][info][gc,stats    ]      Memory: Allocation Rate                                 861 / 1138            899 / 1244            899 / 1244            899 / 1244        MB/s
[80.114s][info][gc,stats    ]      Memory: Out Of Memory                                     0 / 0                 0 / 0                 0 / 0                 0 / 0           ops/s
[80.114s][info][gc,stats    ]      Memory: Page Cache Flush                                  0 / 0                 0 / 0                 0 / 0                 0 / 0           MB/s
[80.114s][info][gc,stats    ]      Memory: Page Cache Hit L1                               434 / 478             438 / 557             438 / 557             438 / 557         ops/s
[80.114s][info][gc,stats    ]      Memory: Page Cache Hit L2                                 0 / 0                 0 / 0                 0 / 0                 0 / 0           ops/s
[80.114s][info][gc,stats    ]      Memory: Page Cache Hit L3                                 0 / 0                 7 / 195               7 / 195               7 / 195         ops/s
[80.114s][info][gc,stats    ]      Memory: Page Cache Miss                                   0 / 0                 0 / 1                 0 / 1                 0 / 1           ops/s
[80.114s][info][gc,stats    ]      Memory: Uncommit                                          0 / 0                 0 / 0                 0 / 0                 0 / 0           MB/s
[80.114s][info][gc,stats    ]      Memory: Undo Object Allocation Failed                     0 / 0                 0 / 2                 0 / 2                 0 / 2           ops/s
[80.114s][info][gc,stats    ]      Memory: Undo Object Allocation Succeeded                  0 / 0              3475 / 248763         3475 / 248763         3475 / 248763      ops/s
[80.114s][info][gc,stats    ]      Memory: Undo Page Allocation                              0 / 2                 0 / 3                 0 / 3                 0 / 3           ops/s
[80.114s][info][gc,stats    ]       Phase: Concurrent Mark                             129.649 / 250.152     134.012 / 352.487     134.012 / 352.487     134.012 / 352.487     ms
[80.114s][info][gc,stats    ]       Phase: Concurrent Mark Continue                      0.000 / 0.000         0.000 / 0.000         0.000 / 0.000         0.000 / 0.000       ms
[80.114s][info][gc,stats    ]       Phase: Concurrent Mark Free                          0.002 / 0.003         0.002 / 0.004         0.002 / 0.004         0.002 / 0.004       ms
[80.114s][info][gc,stats    ]       Phase: Concurrent Process Non-Strong References      3.893 / 4.895         3.544 / 15.958        3.544 / 15.958        3.544 / 15.958      ms
[80.114s][info][gc,stats    ]       Phase: Concurrent Relocate                          63.955 / 127.517      64.045 / 151.919      64.045 / 151.919      64.045 / 151.919     ms
[80.114s][info][gc,stats    ]       Phase: Concurrent Reset Relocation Set               0.016 / 0.043         0.015 / 0.050         0.015 / 0.050         0.015 / 0.050       ms
[80.114s][info][gc,stats    ]       Phase: Concurrent Select Relocation Set             14.901 / 21.667       15.421 / 26.863       15.421 / 26.863       15.421 / 26.863      ms
[80.114s][info][gc,stats    ]       Phase: Pause Mark End                                0.023 / 0.034         0.021 / 0.043         0.021 / 0.043         0.021 / 0.043       ms
[80.114s][info][gc,stats    ]       Phase: Pause Mark Start                              0.009 / 0.017         0.008 / 0.019         0.008 / 0.019         0.008 / 0.019       ms
[80.114s][info][gc,stats    ]       Phase: Pause Relocate Start                          0.017 / 0.022         0.017 / 0.032         0.017 / 0.032         0.017 / 0.032       ms
[80.114s][info][gc,stats    ]    Subphase: Concurrent Classes Purge                      0.136 / 0.192         0.118 / 0.252         0.118 / 0.252         0.118 / 0.252       ms
[80.114s][info][gc,stats    ]    Subphase: Concurrent Classes Unlink                     3.115 / 3.904         2.695 / 4.168         2.695 / 4.168         2.695 / 4.168       ms
[80.114s][info][gc,stats    ]    Subphase: Concurrent Mark                             124.023 / 249.668     128.583 / 351.776     128.583 / 351.776     128.583 / 351.776     ms
[80.114s][info][gc,stats    ]    Subphase: Concurrent Mark Try Flush                     0.117 / 0.416         0.243 / 15.584        0.243 / 15.584        0.243 / 15.584      ms
[80.114s][info][gc,stats    ]    Subphase: Concurrent Mark Try Terminate                 4.357 / 16.662        4.069 / 16.875        4.069 / 16.875        4.069 / 16.875      ms
[80.114s][info][gc,stats    ]    Subphase: Concurrent References Enqueue                 0.000 / 0.001         0.000 / 0.005         0.000 / 0.005         0.000 / 0.005       ms
[80.114s][info][gc,stats    ]    Subphase: Concurrent References Process                 0.128 / 0.163         0.121 / 0.238         0.121 / 0.238         0.121 / 0.238       ms
[80.114s][info][gc,stats    ]    Subphase: Concurrent Roots ClassLoaderDataGraph         0.088 / 0.334         0.085 / 0.334         0.085 / 0.334         0.085 / 0.334       ms
[80.114s][info][gc,stats    ]    Subphase: Concurrent Roots CodeCache                    0.000 / 0.000         0.000 / 0.000         0.000 / 0.000         0.000 / 0.000       ms
[80.114s][info][gc,stats    ]    Subphase: Concurrent Roots JavaThreads                  0.203 / 0.517         0.242 / 2.583         0.242 / 2.583         0.242 / 2.583       ms
[80.114s][info][gc,stats    ]    Subphase: Concurrent Roots OopStorageSet                0.018 / 0.053         0.017 / 0.053         0.017 / 0.053         0.017 / 0.053       ms
[80.114s][info][gc,stats    ]    Subphase: Concurrent Weak Roots OopStorageSet           0.311 / 0.458         0.323 / 0.505         0.323 / 0.505         0.323 / 0.505       ms
[80.114s][info][gc,stats    ]    Subphase: Pause Mark Try Complete                       0.000 / 0.000         0.000 / 0.000         0.000 / 0.000         0.000 / 0.000       ms
[80.114s][info][gc,stats    ]      System: Java Threads                                     13 / 18               13 / 19               13 / 19               13 / 19          threads
[80.114s][info][gc,stats    ] =========================================================================================================================================================
[80.707s][info][gc,start    ] GC(120) Garbage Collection (Allocation Rate)
[80.708s][info][gc,task     ] GC(120) Using 2 workers
[80.708s][info][gc,phases   ] GC(120) Pause Mark Start 0.005ms
[80.966s][info][gc,phases   ] GC(120) Concurrent Mark 242.737ms
[80.966s][info][gc,phases   ] GC(120) Pause Mark End 0.013ms
[80.966s][info][gc,phases   ] GC(120) Concurrent Mark Free 0.001ms
[80.969s][info][gc,phases   ] GC(120) Concurrent Process Non-Strong References 2.886ms
[80.969s][info][gc,phases   ] GC(120) Concurrent Reset Relocation Set 0.001ms
[80.991s][info][gc,phases   ] GC(120) Concurrent Select Relocation Set 21.541ms
[80.991s][info][gc,phases   ] GC(120) Pause Relocate Start 0.011ms
[81.119s][info][gc,phases   ] GC(120) Concurrent Relocate 127.791ms
[81.119s][info][gc,load     ] GC(120) Load: 0.00/0.00/0.00
[81.119s][info][gc,mmu      ] GC(120) MMU: 2ms/97.9%, 5ms/99.1%, 10ms/99.5%, 20ms/99.7%, 50ms/99.9%, 100ms/99.9%
[81.119s][info][gc,marking  ] GC(120) Mark: 2 stripe(s), 2 proactive flush(es), 1 terminate flush(es), 0 completion(s), 0 continuation(s) 
[81.119s][info][gc,marking  ] GC(120) Mark Stack Usage: 32M
[81.119s][info][gc,nmethod  ] GC(120) NMethods: 3214 registered, 0 unregistered
[81.119s][info][gc,metaspace] GC(120) Metaspace: 15M used, 15M committed, 1088M reserved
[81.119s][info][gc,ref      ] GC(120) Soft: 392 encountered, 0 discovered, 0 enqueued
[81.119s][info][gc,ref      ] GC(120) Weak: 748 encountered, 108 discovered, 0 enqueued
[81.119s][info][gc,ref      ] GC(120) Final: 0 encountered, 0 discovered, 0 enqueued
[81.119s][info][gc,ref      ] GC(120) Phantom: 64 encountered, 49 discovered, 0 enqueued
[81.119s][info][gc,reloc    ] GC(120) Small Pages: 414 / 828M, Empty: 156M, Relocated: 192M, In-Place: 0
[81.119s][info][gc,reloc    ] GC(120) Medium Pages: 3 / 96M, Empty: 64M, Relocated: 0M, In-Place: 0
[81.119s][info][gc,reloc    ] GC(120) Large Pages: 21 / 154M, Empty: 82M, Relocated: 0M, In-Place: 0
[81.119s][info][gc,reloc    ] GC(120) Forwarding Usage: 119M
[81.119s][info][gc,heap     ] GC(120) Min Capacity: 2048M(100%)
[81.119s][info][gc,heap     ] GC(120) Max Capacity: 2048M(100%)
[81.119s][info][gc,heap     ] GC(120) Soft Max Capacity: 2048M(100%)
[81.119s][info][gc,heap     ] GC(120)                Mark Start          Mark End        Relocate Start      Relocate End           High               Low         
[81.119s][info][gc,heap     ] GC(120)  Capacity:     2048M (100%)       2048M (100%)       2048M (100%)       2048M (100%)       2048M (100%)       2048M (100%)   
[81.119s][info][gc,heap     ] GC(120)      Free:      970M (47%)         878M (43%)        1180M (58%)        1650M (81%)        1650M (81%)         878M (43%)    
[81.119s][info][gc,heap     ] GC(120)      Used:     1078M (53%)        1170M (57%)         868M (42%)         398M (19%)        1170M (57%)         398M (19%)    
[81.119s][info][gc,heap     ] GC(120)      Live:         -               272M (13%)         272M (13%)         272M (13%)            -                  -          
[81.119s][info][gc,heap     ] GC(120) Allocated:         -                92M (4%)           92M (4%)           92M (4%)             -                  -          
[81.119s][info][gc,heap     ] GC(120)   Garbage:         -               805M (39%)         503M (25%)          33M (2%)             -                  -          
[81.119s][info][gc,heap     ] GC(120) Reclaimed:         -                  -               302M (15%)         772M (38%)            -                  -          
[81.119s][info][gc          ] GC(120) Garbage Collection (Allocation Rate) 1078M(53%)->398M(19%)
[81.119s][info][gc,start    ] GC(121) Garbage Collection (System.gc())
[81.119s][info][gc,task     ] GC(121) Using 2 workers
[81.119s][info][gc,phases   ] GC(121) Pause Mark Start 0.005ms
[81.139s][info][gc,phases   ] GC(121) Concurrent Mark 19.675ms
[81.139s][info][gc,phases   ] GC(121) Pause Mark End 0.025ms
[81.139s][info][gc,phases   ] GC(121) Concurrent Mark Free 0.002ms
[81.144s][info][gc,phases   ] GC(121) Concurrent Process Non-Strong References 4.853ms
[81.144s][info][gc,phases   ] GC(121) Concurrent Reset Relocation Set 0.029ms
[81.153s][info][gc,phases   ] GC(121) Concurrent Select Relocation Set 8.459ms
[81.153s][info][gc,phases   ] GC(121) Pause Relocate Start 0.020ms
[81.154s][info][gc,phases   ] GC(121) Concurrent Relocate 0.907ms
[81.154s][info][gc,load     ] GC(121) Load: 0.00/0.00/0.00
[81.154s][info][gc,mmu      ] GC(121) MMU: 2ms/97.9%, 5ms/99.1%, 10ms/99.5%, 20ms/99.7%, 50ms/99.9%, 100ms/99.9%
[81.154s][info][gc,marking  ] GC(121) Mark: 2 stripe(s), 1 proactive flush(es), 1 terminate flush(es), 0 completion(s), 0 continuation(s) 
[81.154s][info][gc,marking  ] GC(121) Mark Stack Usage: 32M
[81.154s][info][gc,nmethod  ] GC(121) NMethods: 3214 registered, 0 unregistered
[81.154s][info][gc,metaspace] GC(121) Metaspace: 15M used, 15M committed, 1088M reserved
[81.154s][info][gc,ref      ] GC(121) Soft: 392 encountered, 0 discovered, 0 enqueued
[81.154s][info][gc,ref      ] GC(121) Weak: 731 encountered, 223 discovered, 0 enqueued
[81.154s][info][gc,ref      ] GC(121) Final: 0 encountered, 0 discovered, 0 enqueued
[81.154s][info][gc,ref      ] GC(121) Phantom: 64 encountered, 48 discovered, 0 enqueued
[81.154s][info][gc,reloc    ] GC(121) Small Pages: 147 / 294M, Empty: 282M, Relocated: 1M, In-Place: 0
[81.154s][info][gc,reloc    ] GC(121) Medium Pages: 1 / 32M, Empty: 32M, Relocated: 0M, In-Place: 0
[81.154s][info][gc,reloc    ] GC(121) Large Pages: 12 / 72M, Empty: 72M, Relocated: 0M, In-Place: 0
[81.154s][info][gc,reloc    ] GC(121) Forwarding Usage: 0M
[81.154s][info][gc,heap     ] GC(121) Min Capacity: 2048M(100%)
[81.154s][info][gc,heap     ] GC(121) Max Capacity: 2048M(100%)
[81.154s][info][gc,heap     ] GC(121) Soft Max Capacity: 2048M(100%)
[81.154s][info][gc,heap     ] GC(121)                Mark Start          Mark End        Relocate Start      Relocate End           High               Low         
[81.154s][info][gc,heap     ] GC(121)  Capacity:     2048M (100%)       2048M (100%)       2048M (100%)       2048M (100%)       2048M (100%)       2048M (100%)   
[81.154s][info][gc,heap     ] GC(121)      Free:     1650M (81%)        1650M (81%)        2036M (99%)        2038M (100%)       2038M (100%)       1650M (81%)    
[81.154s][info][gc,heap     ] GC(121)      Used:      398M (19%)         398M (19%)          12M (1%)           10M (0%)          398M (19%)          10M (0%)     
[81.154s][info][gc,heap     ] GC(121)      Live:         -                 6M (0%)            6M (0%)            6M (0%)             -                  -          
[81.154s][info][gc,heap     ] GC(121) Allocated:         -                 0M (0%)            0M (0%)            0M (0%)             -                  -          
[81.154s][info][gc,heap     ] GC(121)   Garbage:         -               391M (19%)           5M (0%)            3M (0%)             -                  -          
[81.154s][info][gc,heap     ] GC(121) Reclaimed:         -                  -               386M (19%)         388M (19%)            -                  -          
[81.154s][info][gc          ] GC(121) Garbage Collection (System.gc()) 398M(19%)->10M(0%)
[82.012s][info][gc,start    ] GC(122) Garbage Collection (Allocation Rate)
[82.012s][info][gc,task     ] GC(122) Using 2 workers
[82.012s][info][gc,phases   ] GC(122) Pause Mark Start 0.006ms
[82.276s][info][gc,phases   ] GC(122) Concurrent Mark 248.011ms
[82.276s][info][gc,phases   ] GC(122) Pause Mark End 0.022ms
[82.276s][info][gc,phases   ] GC(122) Concurrent Mark Free 0.003ms
[82.279s][info][gc,phases   ] GC(122) Concurrent Process Non-Strong References 3.175ms
[82.279s][info][gc,phases   ] GC(122) Concurrent Reset Relocation Set 0.001ms
[82.301s][info][gc,phases   ] GC(122) Concurrent Select Relocation Set 21.443ms
[82.301s][info][gc,phases   ] GC(122) Pause Relocate Start 0.016ms
[82.428s][info][gc,phases   ] GC(122) Concurrent Relocate 127.123ms
[82.428s][info][gc,load     ] GC(122) Load: 0.00/0.00/0.00
[82.428s][info][gc,mmu      ] GC(122) MMU: 2ms/97.9%, 5ms/99.1%, 10ms/99.5%, 20ms/99.7%, 50ms/99.9%, 100ms/99.9%
[82.428s][info][gc,marking  ] GC(122) Mark: 2 stripe(s), 2 proactive flush(es), 1 terminate flush(es), 0 completion(s), 0 continuation(s) 
[82.428s][info][gc,marking  ] GC(122) Mark Stack Usage: 32M
[82.428s][info][gc,nmethod  ] GC(122) NMethods: 3215 registered, 0 unregistered
[82.428s][info][gc,metaspace] GC(122) Metaspace: 15M used, 15M committed, 1088M reserved
[82.428s][info][gc,ref      ] GC(122) Soft: 392 encountered, 0 discovered, 0 enqueued
[82.428s][info][gc,ref      ] GC(122) Weak: 746 encountered, 50 discovered, 0 enqueued
[82.428s][info][gc,ref      ] GC(122) Final: 0 encountered, 0 discovered, 0 enqueued
[82.428s][info][gc,ref      ] GC(122) Phantom: 64 encountered, 47 discovered, 0 enqueued
[82.428s][info][gc,reloc    ] GC(122) Small Pages: 412 / 824M, Empty: 154M, Relocated: 192M, In-Place: 0
[82.428s][info][gc,reloc    ] GC(122) Medium Pages: 3 / 96M, Empty: 64M, Relocated: 0M, In-Place: 0
[82.428s][info][gc,reloc    ] GC(122) Large Pages: 21 / 154M, Empty: 82M, Relocated: 0M, In-Place: 0
[82.428s][info][gc,reloc    ] GC(122) Forwarding Usage: 118M
[82.428s][info][gc,heap     ] GC(122) Min Capacity: 2048M(100%)
[82.428s][info][gc,heap     ] GC(122) Max Capacity: 2048M(100%)
[82.428s][info][gc,heap     ] GC(122) Soft Max Capacity: 2048M(100%)
[82.428s][info][gc,heap     ] GC(122)                Mark Start          Mark End        Relocate Start      Relocate End           High               Low         
[82.429s][info][gc,heap     ] GC(122)  Capacity:     2048M (100%)       2048M (100%)       2048M (100%)       2048M (100%)       2048M (100%)       2048M (100%)   
[82.429s][info][gc,heap     ] GC(122)      Free:      974M (48%)         878M (43%)        1178M (58%)        1644M (80%)        1644M (80%)         878M (43%)    
[82.429s][info][gc,heap     ] GC(122)      Used:     1074M (52%)        1170M (57%)         870M (42%)         404M (20%)        1170M (57%)         404M (20%)    
[82.429s][info][gc,heap     ] GC(122)      Live:         -               272M (13%)         272M (13%)         272M (13%)            -                  -          
[82.429s][info][gc,heap     ] GC(122) Allocated:         -                96M (5%)           96M (5%)           96M (5%)             -                  -          
[82.429s][info][gc,heap     ] GC(122)   Garbage:         -               801M (39%)         501M (25%)          35M (2%)             -                  -          
[82.429s][info][gc,heap     ] GC(122) Reclaimed:         -                  -               300M (15%)         766M (37%)            -                  -          
[82.429s][info][gc          ] GC(122) Garbage Collection (Allocation Rate) 1074M(52%)->404M(20%)
[82.429s][info][gc,start    ] GC(123) Garbage Collection (System.gc())
[82.429s][info][gc,task     ] GC(123) Using 2 workers
[82.429s][info][gc,phases   ] GC(123) Pause Mark Start 0.008ms
[82.448s][info][gc,phases   ] GC(123) Concurrent Mark 19.532ms
[82.449s][info][gc,phases   ] GC(123) Pause Mark End 0.023ms
[82.449s][info][gc,phases   ] GC(123) Concurrent Mark Free 0.002ms
[82.454s][info][gc,phases   ] GC(123) Concurrent Process Non-Strong References 4.725ms
[82.454s][info][gc,phases   ] GC(123) Concurrent Reset Relocation Set 0.034ms
[82.462s][info][gc,phases   ] GC(123) Concurrent Select Relocation Set 8.723ms
[82.463s][info][gc,phases   ] GC(123) Pause Relocate Start 0.020ms
[82.464s][info][gc,phases   ] GC(123) Concurrent Relocate 1.428ms
[82.464s][info][gc,load     ] GC(123) Load: 0.00/0.00/0.00
[82.464s][info][gc,mmu      ] GC(123) MMU: 2ms/97.9%, 5ms/99.1%, 10ms/99.5%, 20ms/99.7%, 50ms/99.9%, 100ms/99.9%
[82.464s][info][gc,marking  ] GC(123) Mark: 2 stripe(s), 1 proactive flush(es), 1 terminate flush(es), 0 completion(s), 0 continuation(s) 
[82.464s][info][gc,marking  ] GC(123) Mark Stack Usage: 32M
[82.464s][info][gc,nmethod  ] GC(123) NMethods: 3215 registered, 0 unregistered
[82.464s][info][gc,metaspace] GC(123) Metaspace: 15M used, 15M committed, 1088M reserved
[82.464s][info][gc,ref      ] GC(123) Soft: 392 encountered, 0 discovered, 0 enqueued
[82.464s][info][gc,ref      ] GC(123) Weak: 731 encountered, 87 discovered, 0 enqueued
[82.464s][info][gc,ref      ] GC(123) Final: 0 encountered, 0 discovered, 0 enqueued
[82.464s][info][gc,ref      ] GC(123) Phantom: 64 encountered, 46 discovered, 0 enqueued
[82.464s][info][gc,reloc    ] GC(123) Small Pages: 150 / 300M, Empty: 284M, Relocated: 1M, In-Place: 0
[82.464s][info][gc,reloc    ] GC(123) Medium Pages: 1 / 32M, Empty: 32M, Relocated: 0M, In-Place: 0
[82.464s][info][gc,reloc    ] GC(123) Large Pages: 12 / 72M, Empty: 72M, Relocated: 0M, In-Place: 0
[82.464s][info][gc,reloc    ] GC(123) Forwarding Usage: 0M
[82.464s][info][gc,heap     ] GC(123) Min Capacity: 2048M(100%)
[82.464s][info][gc,heap     ] GC(123) Max Capacity: 2048M(100%)
[82.464s][info][gc,heap     ] GC(123) Soft Max Capacity: 2048M(100%)
[82.464s][info][gc,heap     ] GC(123)                Mark Start          Mark End        Relocate Start      Relocate End           High               Low         
[82.464s][info][gc,heap     ] GC(123)  Capacity:     2048M (100%)       2048M (100%)       2048M (100%)       2048M (100%)       2048M (100%)       2048M (100%)   
[82.464s][info][gc,heap     ] GC(123)      Free:     1644M (80%)        1644M (80%)        2032M (99%)        2038M (100%)       2038M (100%)       1644M (80%)    
[82.464s][info][gc,heap     ] GC(123)      Used:      404M (20%)         404M (20%)          16M (1%)           10M (0%)          404M (20%)          10M (0%)     
[82.464s][info][gc,heap     ] GC(123)      Live:         -                 6M (0%)            6M (0%)            6M (0%)             -                  -          
[82.464s][info][gc,heap     ] GC(123) Allocated:         -                 0M (0%)            0M (0%)            0M (0%)             -                  -          
[82.464s][info][gc,heap     ] GC(123)   Garbage:         -               397M (19%)           9M (0%)            3M (0%)             -                  -          
[82.464s][info][gc,heap     ] GC(123) Reclaimed:         -                  -               388M (19%)         394M (19%)            -                  -          
[82.464s][info][gc          ] GC(123) Garbage Collection (System.gc()) 404M(20%)->10M(0%)
[83.416s][info][gc,start    ] GC(124) Garbage Collection (Allocation Rate)
[83.416s][info][gc,task     ] GC(124) Using 2 workers
[83.416s][info][gc,phases   ] GC(124) Pause Mark Start 0.009ms
[83.659s][info][gc,phases   ] GC(124) Concurrent Mark 227.502ms
[83.659s][info][gc,phases   ] GC(124) Pause Mark End 0.016ms
[83.659s][info][gc,phases   ] GC(124) Concurrent Mark Free 0.001ms
[83.663s][info][gc,phases   ] GC(124) Concurrent Process Non-Strong References 3.576ms
[83.663s][info][gc,phases   ] GC(124) Concurrent Reset Relocation Set 0.001ms
[83.684s][info][gc,phases   ] GC(124) Concurrent Select Relocation Set 21.064ms
[83.684s][info][gc,phases   ] GC(124) Pause Relocate Start 0.014ms
[83.812s][info][gc,phases   ] GC(124) Concurrent Relocate 127.448ms
[83.812s][info][gc,load     ] GC(124) Load: 0.00/0.00/0.00
[83.812s][info][gc,mmu      ] GC(124) MMU: 2ms/97.9%, 5ms/99.1%, 10ms/99.5%, 20ms/99.7%, 50ms/99.9%, 100ms/99.9%
[83.812s][info][gc,marking  ] GC(124) Mark: 2 stripe(s), 2 proactive flush(es), 1 terminate flush(es), 0 completion(s), 0 continuation(s) 
[83.812s][info][gc,marking  ] GC(124) Mark Stack Usage: 32M
[83.812s][info][gc,nmethod  ] GC(124) NMethods: 3216 registered, 0 unregistered
[83.812s][info][gc,metaspace] GC(124) Metaspace: 15M used, 15M committed, 1088M reserved
[83.812s][info][gc,ref      ] GC(124) Soft: 392 encountered, 0 discovered, 0 enqueued
[83.812s][info][gc,ref      ] GC(124) Weak: 748 encountered, 273 discovered, 0 enqueued
[83.812s][info][gc,ref      ] GC(124) Final: 0 encountered, 0 discovered, 0 enqueued
[83.812s][info][gc,ref      ] GC(124) Phantom: 64 encountered, 50 discovered, 0 enqueued
[83.812s][info][gc,reloc    ] GC(124) Small Pages: 449 / 898M, Empty: 216M, Relocated: 192M, In-Place: 0
[83.812s][info][gc,reloc    ] GC(124) Medium Pages: 3 / 96M, Empty: 64M, Relocated: 0M, In-Place: 0
[83.812s][info][gc,reloc    ] GC(124) Large Pages: 21 / 154M, Empty: 82M, Relocated: 0M, In-Place: 0
[83.812s][info][gc,reloc    ] GC(124) Forwarding Usage: 118M
[83.812s][info][gc,heap     ] GC(124) Min Capacity: 2048M(100%)
[83.812s][info][gc,heap     ] GC(124) Max Capacity: 2048M(100%)
[83.812s][info][gc,heap     ] GC(124) Soft Max Capacity: 2048M(100%)
[83.812s][info][gc,heap     ] GC(124)                Mark Start          Mark End        Relocate Start      Relocate End           High               Low         
[83.812s][info][gc,heap     ] GC(124)  Capacity:     2048M (100%)       2048M (100%)       2048M (100%)       2048M (100%)       2048M (100%)       2048M (100%)   
[83.812s][info][gc,heap     ] GC(124)      Free:      900M (44%)         874M (43%)        1236M (60%)        1716M (84%)        1716M (84%)         874M (43%)    
[83.812s][info][gc,heap     ] GC(124)      Used:     1148M (56%)        1174M (57%)         812M (40%)         332M (16%)        1174M (57%)         332M (16%)    
[83.812s][info][gc,heap     ] GC(124)      Live:         -               272M (13%)         272M (13%)         272M (13%)            -                  -          
[83.812s][info][gc,heap     ] GC(124) Allocated:         -                26M (1%)           26M (1%)           26M (1%)             -                  -          
[83.812s][info][gc,heap     ] GC(124)   Garbage:         -               875M (43%)         513M (25%)          33M (2%)             -                  -          
[83.812s][info][gc,heap     ] GC(124) Reclaimed:         -                  -               362M (18%)         842M (41%)            -                  -          
[83.812s][info][gc          ] GC(124) Garbage Collection (Allocation Rate) 1148M(56%)->332M(16%)
[83.812s][info][gc,start    ] GC(125) Garbage Collection (System.gc())
[83.812s][info][gc,task     ] GC(125) Using 2 workers
[83.812s][info][gc,phases   ] GC(125) Pause Mark Start 0.009ms
[83.832s][info][gc,phases   ] GC(125) Concurrent Mark 19.757ms
[83.832s][info][gc,phases   ] GC(125) Pause Mark End 0.021ms
[83.833s][info][gc,phases   ] GC(125) Concurrent Mark Free 0.002ms
[83.837s][info][gc,phases   ] GC(125) Concurrent Process Non-Strong References 4.630ms
[83.837s][info][gc,phases   ] GC(125) Concurrent Reset Relocation Set 0.030ms
[83.846s][info][gc,phases   ] GC(125) Concurrent Select Relocation Set 8.683ms
[83.846s][info][gc,phases   ] GC(125) Pause Relocate Start 0.020ms
[83.847s][info][gc,phases   ] GC(125) Concurrent Relocate 1.056ms
[83.847s][info][gc,load     ] GC(125) Load: 0.00/0.00/0.00
[83.847s][info][gc,mmu      ] GC(125) MMU: 2ms/97.9%, 5ms/99.1%, 10ms/99.5%, 20ms/99.7%, 50ms/99.9%, 100ms/99.9%
[83.847s][info][gc,marking  ] GC(125) Mark: 2 stripe(s), 1 proactive flush(es), 1 terminate flush(es), 0 completion(s), 0 continuation(s) 
[83.848s][info][gc,marking  ] GC(125) Mark Stack Usage: 32M
[83.848s][info][gc,nmethod  ] GC(125) NMethods: 3216 registered, 0 unregistered
[83.848s][info][gc,metaspace] GC(125) Metaspace: 15M used, 15M committed, 1088M reserved
[83.848s][info][gc,ref      ] GC(125) Soft: 392 encountered, 0 discovered, 0 enqueued
[83.848s][info][gc,ref      ] GC(125) Weak: 731 encountered, 221 discovered, 0 enqueued
[83.848s][info][gc,ref      ] GC(125) Final: 0 encountered, 0 discovered, 0 enqueued
[83.848s][info][gc,ref      ] GC(125) Phantom: 64 encountered, 49 discovered, 0 enqueued
[83.848s][info][gc,reloc    ] GC(125) Small Pages: 114 / 228M, Empty: 216M, Relocated: 1M, In-Place: 0
[83.848s][info][gc,reloc    ] GC(125) Medium Pages: 1 / 32M, Empty: 32M, Relocated: 0M, In-Place: 0
[83.848s][info][gc,reloc    ] GC(125) Large Pages: 12 / 72M, Empty: 72M, Relocated: 0M, In-Place: 0
[83.848s][info][gc,reloc    ] GC(125) Forwarding Usage: 0M
[83.848s][info][gc,heap     ] GC(125) Min Capacity: 2048M(100%)
[83.848s][info][gc,heap     ] GC(125) Max Capacity: 2048M(100%)
[83.848s][info][gc,heap     ] GC(125) Soft Max Capacity: 2048M(100%)
[83.848s][info][gc,heap     ] GC(125)                Mark Start          Mark End        Relocate Start      Relocate End           High               Low         
[83.848s][info][gc,heap     ] GC(125)  Capacity:     2048M (100%)       2048M (100%)       2048M (100%)       2048M (100%)       2048M (100%)       2048M (100%)   
[83.848s][info][gc,heap     ] GC(125)      Free:     1716M (84%)        1716M (84%)        2036M (99%)        2038M (100%)       2038M (100%)       1716M (84%)    
[83.848s][info][gc,heap     ] GC(125)      Used:      332M (16%)         332M (16%)          12M (1%)           10M (0%)          332M (16%)          10M (0%)     
[83.848s][info][gc,heap     ] GC(125)      Live:         -                 6M (0%)            6M (0%)            6M (0%)             -                  -          
[83.848s][info][gc,heap     ] GC(125) Allocated:         -                 0M (0%)            0M (0%)            0M (0%)             -                  -          
[83.848s][info][gc,heap     ] GC(125)   Garbage:         -               325M (16%)           5M (0%)            3M (0%)             -                  -          
[83.848s][info][gc,heap     ] GC(125) Reclaimed:         -                  -               320M (16%)         322M (16%)            -                  -          
[83.848s][info][gc          ] GC(125) Garbage Collection (System.gc()) 332M(16%)->10M(0%)
[84.709s][info][gc,start    ] GC(126) Garbage Collection (Allocation Rate)
[84.709s][info][gc,task     ] GC(126) Using 2 workers
[84.709s][info][gc,phases   ] GC(126) Pause Mark Start 0.010ms
[84.972s][info][gc,phases   ] GC(126) Concurrent Mark 262.064ms
[84.972s][info][gc,phases   ] GC(126) Pause Mark End 0.021ms
[84.972s][info][gc,phases   ] GC(126) Concurrent Mark Free 0.001ms
[84.977s][info][gc,phases   ] GC(126) Concurrent Process Non-Strong References 4.910ms
[84.977s][info][gc,phases   ] GC(126) Concurrent Reset Relocation Set 0.001ms
[84.999s][info][gc,phases   ] GC(126) Concurrent Select Relocation Set 21.899ms
[84.999s][info][gc,phases   ] GC(126) Pause Relocate Start 0.012ms
[85.126s][info][gc,phases   ] GC(126) Concurrent Relocate 127.089ms
[85.126s][info][gc,load     ] GC(126) Load: 0.00/0.00/0.00
[85.126s][info][gc,mmu      ] GC(126) MMU: 2ms/97.9%, 5ms/99.1%, 10ms/99.5%, 20ms/99.7%, 50ms/99.9%, 100ms/99.9%
[85.126s][info][gc,marking  ] GC(126) Mark: 2 stripe(s), 1 proactive flush(es), 1 terminate flush(es), 0 completion(s), 0 continuation(s) 
[85.126s][info][gc,marking  ] GC(126) Mark Stack Usage: 32M
[85.126s][info][gc,nmethod  ] GC(126) NMethods: 3218 registered, 0 unregistered
[85.126s][info][gc,metaspace] GC(126) Metaspace: 15M used, 15M committed, 1088M reserved
[85.126s][info][gc,ref      ] GC(126) Soft: 392 encountered, 0 discovered, 0 enqueued
[85.126s][info][gc,ref      ] GC(126) Weak: 747 encountered, 343 discovered, 0 enqueued
[85.126s][info][gc,ref      ] GC(126) Final: 0 encountered, 0 discovered, 0 enqueued
[85.126s][info][gc,ref      ] GC(126) Phantom: 64 encountered, 48 discovered, 0 enqueued
[85.126s][info][gc,reloc    ] GC(126) Small Pages: 405 / 810M, Empty: 124M, Relocated: 192M, In-Place: 0
[85.126s][info][gc,reloc    ] GC(126) Medium Pages: 3 / 96M, Empty: 0M, Relocated: 8M, In-Place: 0
[85.126s][info][gc,reloc    ] GC(126) Large Pages: 17 / 130M, Empty: 82M, Relocated: 0M, In-Place: 0
[85.126s][info][gc,reloc    ] GC(126) Forwarding Usage: 119M
[85.126s][info][gc,heap     ] GC(126) Min Capacity: 2048M(100%)
[85.126s][info][gc,heap     ] GC(126) Max Capacity: 2048M(100%)
[85.126s][info][gc,heap     ] GC(126) Soft Max Capacity: 2048M(100%)
[85.126s][info][gc,heap     ] GC(126)                Mark Start          Mark End        Relocate Start      Relocate End           High               Low         
[85.126s][info][gc,heap     ] GC(126)  Capacity:     2048M (100%)       2048M (100%)       2048M (100%)       2048M (100%)       2048M (100%)       2048M (100%)   
[85.127s][info][gc,heap     ] GC(126)      Free:     1012M (49%)         876M (43%)        1082M (53%)        1630M (80%)        1630M (80%)         876M (43%)    
[85.127s][info][gc,heap     ] GC(126)      Used:     1036M (51%)        1172M (57%)         966M (47%)         418M (20%)        1172M (57%)         418M (20%)    
[85.127s][info][gc,heap     ] GC(126)      Live:         -               256M (13%)         256M (13%)         256M (13%)            -                  -          
[85.127s][info][gc,heap     ] GC(126) Allocated:         -               136M (7%)          136M (7%)          136M (7%)             -                  -          
[85.127s][info][gc,heap     ] GC(126)   Garbage:         -               779M (38%)         573M (28%)          25M (1%)             -                  -          
[85.127s][info][gc,heap     ] GC(126) Reclaimed:         -                  -               206M (10%)         754M (37%)            -                  -          
[85.127s][info][gc          ] GC(126) Garbage Collection (Allocation Rate) 1036M(51%)->418M(20%)
[85.127s][info][gc,start    ] GC(127) Garbage Collection (System.gc())
[85.127s][info][gc,task     ] GC(127) Using 2 workers
[85.127s][info][gc,phases   ] GC(127) Pause Mark Start 0.007ms
[85.144s][info][gc,phases   ] GC(127) Concurrent Mark 17.631ms
[85.145s][info][gc,phases   ] GC(127) Pause Mark End 0.036ms
[85.145s][info][gc,phases   ] GC(127) Concurrent Mark Free 0.002ms
[85.149s][info][gc,phases   ] GC(127) Concurrent Process Non-Strong References 3.995ms
[85.149s][info][gc,phases   ] GC(127) Concurrent Reset Relocation Set 0.029ms
[85.158s][info][gc,phases   ] GC(127) Concurrent Select Relocation Set 8.695ms
[85.158s][info][gc,phases   ] GC(127) Pause Relocate Start 0.016ms
[85.159s][info][gc,phases   ] GC(127) Concurrent Relocate 1.185ms
[85.159s][info][gc,load     ] GC(127) Load: 0.00/0.00/0.00
[85.159s][info][gc,mmu      ] GC(127) MMU: 2ms/97.9%, 5ms/99.1%, 10ms/99.5%, 20ms/99.7%, 50ms/99.9%, 100ms/99.9%
[85.159s][info][gc,marking  ] GC(127) Mark: 2 stripe(s), 1 proactive flush(es), 1 terminate flush(es), 0 completion(s), 0 continuation(s) 
[85.159s][info][gc,marking  ] GC(127) Mark Stack Usage: 32M
[85.159s][info][gc,nmethod  ] GC(127) NMethods: 3218 registered, 0 unregistered
[85.159s][info][gc,metaspace] GC(127) Metaspace: 15M used, 15M committed, 1088M reserved
[85.159s][info][gc,ref      ] GC(127) Soft: 392 encountered, 0 discovered, 0 enqueued
[85.159s][info][gc,ref      ] GC(127) Weak: 731 encountered, 277 discovered, 0 enqueued
[85.159s][info][gc,ref      ] GC(127) Final: 0 encountered, 0 discovered, 0 enqueued
[85.159s][info][gc,ref      ] GC(127) Phantom: 64 encountered, 47 discovered, 0 enqueued
[85.159s][info][gc,reloc    ] GC(127) Small Pages: 157 / 314M, Empty: 300M, Relocated: 1M, In-Place: 0
[85.159s][info][gc,reloc    ] GC(127) Medium Pages: 1 / 32M, Empty: 32M, Relocated: 0M, In-Place: 0
[85.159s][info][gc,reloc    ] GC(127) Large Pages: 12 / 72M, Empty: 72M, Relocated: 0M, In-Place: 0
[85.159s][info][gc,reloc    ] GC(127) Forwarding Usage: 0M
[85.159s][info][gc,heap     ] GC(127) Min Capacity: 2048M(100%)
[85.159s][info][gc,heap     ] GC(127) Max Capacity: 2048M(100%)
[85.159s][info][gc,heap     ] GC(127) Soft Max Capacity: 2048M(100%)
[85.159s][info][gc,heap     ] GC(127)                Mark Start          Mark End        Relocate Start      Relocate End           High               Low         
[85.159s][info][gc,heap     ] GC(127)  Capacity:     2048M (100%)       2048M (100%)       2048M (100%)       2048M (100%)       2048M (100%)       2048M (100%)   
[85.159s][info][gc,heap     ] GC(127)      Free:     1630M (80%)        1630M (80%)        2034M (99%)        2038M (100%)       2038M (100%)       1630M (80%)    
[85.159s][info][gc,heap     ] GC(127)      Used:      418M (20%)         418M (20%)          14M (1%)           10M (0%)          418M (20%)          10M (0%)     
[85.159s][info][gc,heap     ] GC(127)      Live:         -                 6M (0%)            6M (0%)            6M (0%)             -                  -          
[85.159s][info][gc,heap     ] GC(127) Allocated:         -                 0M (0%)            0M (0%)            0M (0%)             -                  -          
[85.159s][info][gc,heap     ] GC(127)   Garbage:         -               411M (20%)           7M (0%)            3M (0%)             -                  -          
[85.159s][info][gc,heap     ] GC(127) Reclaimed:         -                  -               404M (20%)         408M (20%)            -                  -          
[85.159s][info][gc          ] GC(127) Garbage Collection (System.gc()) 418M(20%)->10M(0%)
[86.009s][info][gc,start    ] GC(128) Garbage Collection (Allocation Rate)
[86.009s][info][gc,task     ] GC(128) Using 2 workers
[86.010s][info][gc,phases   ] GC(128) Pause Mark Start 0.011ms
[86.265s][info][gc,phases   ] GC(128) Concurrent Mark 254.947ms
[86.265s][info][gc,phases   ] GC(128) Pause Mark End 0.019ms
[86.265s][info][gc,phases   ] GC(128) Concurrent Mark Free 0.002ms
[86.269s][info][gc,phases   ] GC(128) Concurrent Process Non-Strong References 3.809ms
[86.269s][info][gc,phases   ] GC(128) Concurrent Reset Relocation Set 0.001ms
[86.291s][info][gc,phases   ] GC(128) Concurrent Select Relocation Set 22.425ms
[86.291s][info][gc,phases   ] GC(128) Pause Relocate Start 0.009ms
[86.421s][info][gc,phases   ] GC(128) Concurrent Relocate 128.967ms
[86.421s][info][gc,load     ] GC(128) Load: 0.00/0.00/0.00
[86.421s][info][gc,mmu      ] GC(128) MMU: 2ms/97.9%, 5ms/99.1%, 10ms/99.5%, 20ms/99.7%, 50ms/99.9%, 100ms/99.9%
[86.421s][info][gc,marking  ] GC(128) Mark: 2 stripe(s), 2 proactive flush(es), 1 terminate flush(es), 0 completion(s), 0 continuation(s) 
[86.421s][info][gc,marking  ] GC(128) Mark Stack Usage: 32M
[86.421s][info][gc,nmethod  ] GC(128) NMethods: 3218 registered, 0 unregistered
[86.421s][info][gc,metaspace] GC(128) Metaspace: 15M used, 15M committed, 1088M reserved
[86.421s][info][gc,ref      ] GC(128) Soft: 392 encountered, 0 discovered, 0 enqueued
[86.421s][info][gc,ref      ] GC(128) Weak: 748 encountered, 59 discovered, 0 enqueued
[86.421s][info][gc,ref      ] GC(128) Final: 0 encountered, 0 discovered, 0 enqueued
[86.421s][info][gc,ref      ] GC(128) Phantom: 64 encountered, 50 discovered, 0 enqueued
[86.421s][info][gc,reloc    ] GC(128) Small Pages: 407 / 814M, Empty: 128M, Relocated: 192M, In-Place: 0
[86.421s][info][gc,reloc    ] GC(128) Medium Pages: 3 / 96M, Empty: 64M, Relocated: 0M, In-Place: 0
[86.421s][info][gc,reloc    ] GC(128) Large Pages: 21 / 154M, Empty: 82M, Relocated: 0M, In-Place: 0
[86.421s][info][gc,reloc    ] GC(128) Forwarding Usage: 118M
[86.421s][info][gc,heap     ] GC(128) Min Capacity: 2048M(100%)
[86.421s][info][gc,heap     ] GC(128) Max Capacity: 2048M(100%)
[86.421s][info][gc,heap     ] GC(128) Soft Max Capacity: 2048M(100%)
[86.421s][info][gc,heap     ] GC(128)                Mark Start          Mark End        Relocate Start      Relocate End           High               Low         
[86.421s][info][gc,heap     ] GC(128)  Capacity:     2048M (100%)       2048M (100%)       2048M (100%)       2048M (100%)       2048M (100%)       2048M (100%)   
[86.421s][info][gc,heap     ] GC(128)      Free:      984M (48%)         876M (43%)        1150M (56%)        1632M (80%)        1632M (80%)         876M (43%)    
[86.421s][info][gc,heap     ] GC(128)      Used:     1064M (52%)        1172M (57%)         898M (44%)         416M (20%)        1172M (57%)         416M (20%)    
[86.421s][info][gc,heap     ] GC(128)      Live:         -               272M (13%)         272M (13%)         272M (13%)            -                  -          
[86.421s][info][gc,heap     ] GC(128) Allocated:         -               108M (5%)          108M (5%)          108M (5%)             -                  -          
[86.421s][info][gc,heap     ] GC(128)   Garbage:         -               791M (39%)         517M (25%)          35M (2%)             -                  -          
[86.421s][info][gc,heap     ] GC(128) Reclaimed:         -                  -               274M (13%)         756M (37%)            -                  -          
[86.421s][info][gc          ] GC(128) Garbage Collection (Allocation Rate) 1064M(52%)->416M(20%)
[86.421s][info][gc,start    ] GC(129) Garbage Collection (System.gc())
[86.421s][info][gc,task     ] GC(129) Using 2 workers
[86.421s][info][gc,phases   ] GC(129) Pause Mark Start 0.008ms
[86.438s][info][gc,phases   ] GC(129) Concurrent Mark 17.002ms
[86.438s][info][gc,phases   ] GC(129) Pause Mark End 0.022ms
[86.438s][info][gc,phases   ] GC(129) Concurrent Mark Free 0.003ms
[86.442s][info][gc,phases   ] GC(129) Concurrent Process Non-Strong References 3.871ms
[86.442s][info][gc,phases   ] GC(129) Concurrent Reset Relocation Set 0.026ms
[86.451s][info][gc,phases   ] GC(129) Concurrent Select Relocation Set 8.750ms
[86.451s][info][gc,phases   ] GC(129) Pause Relocate Start 0.022ms
[86.452s][info][gc,phases   ] GC(129) Concurrent Relocate 0.859ms
[86.452s][info][gc,load     ] GC(129) Load: 0.00/0.00/0.00
[86.452s][info][gc,mmu      ] GC(129) MMU: 2ms/97.9%, 5ms/99.1%, 10ms/99.5%, 20ms/99.7%, 50ms/99.9%, 100ms/99.9%
[86.452s][info][gc,marking  ] GC(129) Mark: 2 stripe(s), 2 proactive flush(es), 1 terminate flush(es), 0 completion(s), 0 continuation(s) 
[86.452s][info][gc,marking  ] GC(129) Mark Stack Usage: 32M
[86.452s][info][gc,nmethod  ] GC(129) NMethods: 3218 registered, 0 unregistered
[86.452s][info][gc,metaspace] GC(129) Metaspace: 15M used, 15M committed, 1088M reserved
[86.452s][info][gc,ref      ] GC(129) Soft: 392 encountered, 0 discovered, 0 enqueued
[86.452s][info][gc,ref      ] GC(129) Weak: 731 encountered, 18 discovered, 0 enqueued
[86.452s][info][gc,ref      ] GC(129) Final: 0 encountered, 0 discovered, 0 enqueued
[86.452s][info][gc,ref      ] GC(129) Phantom: 64 encountered, 49 discovered, 0 enqueued
[86.452s][info][gc,reloc    ] GC(129) Small Pages: 156 / 312M, Empty: 298M, Relocated: 1M, In-Place: 0
[86.452s][info][gc,reloc    ] GC(129) Medium Pages: 1 / 32M, Empty: 32M, Relocated: 0M, In-Place: 0
[86.452s][info][gc,reloc    ] GC(129) Large Pages: 12 / 72M, Empty: 72M, Relocated: 0M, In-Place: 0
[86.452s][info][gc,reloc    ] GC(129) Forwarding Usage: 0M
[86.452s][info][gc,heap     ] GC(129) Min Capacity: 2048M(100%)
[86.452s][info][gc,heap     ] GC(129) Max Capacity: 2048M(100%)
[86.452s][info][gc,heap     ] GC(129) Soft Max Capacity: 2048M(100%)
[86.452s][info][gc,heap     ] GC(129)                Mark Start          Mark End        Relocate Start      Relocate End           High               Low         
[86.452s][info][gc,heap     ] GC(129)  Capacity:     2048M (100%)       2048M (100%)       2048M (100%)       2048M (100%)       2048M (100%)       2048M (100%)   
[86.452s][info][gc,heap     ] GC(129)      Free:     1632M (80%)        1632M (80%)        2034M (99%)        2038M (100%)       2038M (100%)       1632M (80%)    
[86.452s][info][gc,heap     ] GC(129)      Used:      416M (20%)         416M (20%)          14M (1%)           10M (0%)          416M (20%)          10M (0%)     
[86.452s][info][gc,heap     ] GC(129)      Live:         -                 6M (0%)            6M (0%)            6M (0%)             -                  -          
[86.452s][info][gc,heap     ] GC(129) Allocated:         -                 0M (0%)            0M (0%)            0M (0%)             -                  -          
[86.452s][info][gc,heap     ] GC(129)   Garbage:         -               409M (20%)           7M (0%)            3M (0%)             -                  -          
[86.452s][info][gc,heap     ] GC(129) Reclaimed:         -                  -               402M (20%)         406M (20%)            -                  -          
[86.452s][info][gc          ] GC(129) Garbage Collection (System.gc()) 416M(20%)->10M(0%)
[87.312s][info][gc,start    ] GC(130) Garbage Collection (Allocation Rate)
[87.312s][info][gc,task     ] GC(130) Using 2 workers
[87.313s][info][gc,phases   ] GC(130) Pause Mark Start 0.007ms
[87.565s][info][gc,phases   ] GC(130) Concurrent Mark 252.227ms
[87.565s][info][gc,phases   ] GC(130) Pause Mark End 0.021ms
[87.565s][info][gc,phases   ] GC(130) Concurrent Mark Free 0.002ms
[87.569s][info][gc,phases   ] GC(130) Concurrent Process Non-Strong References 3.317ms
[87.569s][info][gc,phases   ] GC(130) Concurrent Reset Relocation Set 0.001ms
[87.590s][info][gc,phases   ] GC(130) Concurrent Select Relocation Set 21.125ms
[87.590s][info][gc,phases   ] GC(130) Pause Relocate Start 0.024ms
[87.716s][info][gc,phases   ] GC(130) Concurrent Relocate 125.734ms
[87.716s][info][gc,load     ] GC(130) Load: 0.00/0.00/0.00
[87.716s][info][gc,mmu      ] GC(130) MMU: 2ms/97.9%, 5ms/99.1%, 10ms/99.5%, 20ms/99.7%, 50ms/99.9%, 100ms/99.9%
[87.716s][info][gc,marking  ] GC(130) Mark: 2 stripe(s), 2 proactive flush(es), 1 terminate flush(es), 0 completion(s), 0 continuation(s) 
[87.716s][info][gc,marking  ] GC(130) Mark Stack Usage: 32M
[87.716s][info][gc,nmethod  ] GC(130) NMethods: 3226 registered, 0 unregistered
[87.716s][info][gc,metaspace] GC(130) Metaspace: 15M used, 15M committed, 1088M reserved
[87.716s][info][gc,ref      ] GC(130) Soft: 392 encountered, 0 discovered, 0 enqueued
[87.716s][info][gc,ref      ] GC(130) Weak: 748 encountered, 39 discovered, 0 enqueued
[87.716s][info][gc,ref      ] GC(130) Final: 0 encountered, 0 discovered, 0 enqueued
[87.716s][info][gc,ref      ] GC(130) Phantom: 64 encountered, 46 discovered, 0 enqueued
[87.716s][info][gc,reloc    ] GC(130) Small Pages: 409 / 818M, Empty: 130M, Relocated: 192M, In-Place: 0
[87.716s][info][gc,reloc    ] GC(130) Medium Pages: 3 / 96M, Empty: 64M, Relocated: 0M, In-Place: 0
[87.716s][info][gc,reloc    ] GC(130) Large Pages: 21 / 154M, Empty: 82M, Relocated: 0M, In-Place: 0
[87.716s][info][gc,reloc    ] GC(130) Forwarding Usage: 118M
[87.716s][info][gc,heap     ] GC(130) Min Capacity: 2048M(100%)
[87.716s][info][gc,heap     ] GC(130) Max Capacity: 2048M(100%)
[87.716s][info][gc,heap     ] GC(130) Soft Max Capacity: 2048M(100%)
[87.716s][info][gc,heap     ] GC(130)                Mark Start          Mark End        Relocate Start      Relocate End           High               Low         
[87.716s][info][gc,heap     ] GC(130)  Capacity:     2048M (100%)       2048M (100%)       2048M (100%)       2048M (100%)       2048M (100%)       2048M (100%)   
[87.716s][info][gc,heap     ] GC(130)      Free:      980M (48%)         878M (43%)        1154M (56%)        1638M (80%)        1638M (80%)         878M (43%)    
[87.716s][info][gc,heap     ] GC(130)      Used:     1068M (52%)        1170M (57%)         894M (44%)         410M (20%)        1170M (57%)         410M (20%)    
[87.716s][info][gc,heap     ] GC(130)      Live:         -               272M (13%)         272M (13%)         272M (13%)            -                  -          
[87.716s][info][gc,heap     ] GC(130) Allocated:         -               102M (5%)          102M (5%)          102M (5%)             -                  -          
[87.716s][info][gc,heap     ] GC(130)   Garbage:         -               795M (39%)         519M (25%)          35M (2%)             -                  -          
[87.716s][info][gc,heap     ] GC(130) Reclaimed:         -                  -               276M (13%)         760M (37%)            -                  -          
[87.716s][info][gc          ] GC(130) Garbage Collection (Allocation Rate) 1068M(52%)->410M(20%)
[87.716s][info][gc,start    ] GC(131) Garbage Collection (System.gc())
[87.716s][info][gc,task     ] GC(131) Using 2 workers
[87.717s][info][gc,phases   ] GC(131) Pause Mark Start 0.008ms
[87.722s][info][gc,phases   ] GC(131) Concurrent Mark 5.511ms
[87.722s][info][gc,phases   ] GC(131) Pause Mark End 0.020ms
[87.722s][info][gc,phases   ] GC(131) Concurrent Mark Free 0.001ms
[87.726s][info][gc,phases   ] GC(131) Concurrent Process Non-Strong References 3.130ms
[87.726s][info][gc,phases   ] GC(131) Concurrent Reset Relocation Set 0.033ms
[87.734s][info][gc,phases   ] GC(131) Concurrent Select Relocation Set 8.276ms
[87.734s][info][gc,phases   ] GC(131) Pause Relocate Start 0.022ms
[87.736s][info][gc,phases   ] GC(131) Concurrent Relocate 1.282ms
[87.736s][info][gc,load     ] GC(131) Load: 0.00/0.00/0.00
[87.736s][info][gc,mmu      ] GC(131) MMU: 2ms/97.9%, 5ms/99.1%, 10ms/99.5%, 20ms/99.7%, 50ms/99.9%, 100ms/99.9%
[87.736s][info][gc,marking  ] GC(131) Mark: 2 stripe(s), 2 proactive flush(es), 1 terminate flush(es), 0 completion(s), 0 continuation(s) 
[87.736s][info][gc,marking  ] GC(131) Mark Stack Usage: 32M
[87.736s][info][gc,nmethod  ] GC(131) NMethods: 3226 registered, 0 unregistered
[87.736s][info][gc,metaspace] GC(131) Metaspace: 15M used, 15M committed, 1088M reserved
[87.736s][info][gc,ref      ] GC(131) Soft: 392 encountered, 0 discovered, 0 enqueued
[87.736s][info][gc,ref      ] GC(131) Weak: 731 encountered, 27 discovered, 0 enqueued
[87.736s][info][gc,ref      ] GC(131) Final: 0 encountered, 0 discovered, 0 enqueued
[87.736s][info][gc,ref      ] GC(131) Phantom: 64 encountered, 49 discovered, 0 enqueued
[87.736s][info][gc,reloc    ] GC(131) Small Pages: 153 / 306M, Empty: 290M, Relocated: 1M, In-Place: 0
[87.736s][info][gc,reloc    ] GC(131) Medium Pages: 1 / 32M, Empty: 32M, Relocated: 0M, In-Place: 0
[87.736s][info][gc,reloc    ] GC(131) Large Pages: 12 / 72M, Empty: 72M, Relocated: 0M, In-Place: 0
[87.736s][info][gc,reloc    ] GC(131) Forwarding Usage: 0M
[87.736s][info][gc,heap     ] GC(131) Min Capacity: 2048M(100%)
[87.736s][info][gc,heap     ] GC(131) Max Capacity: 2048M(100%)
[87.736s][info][gc,heap     ] GC(131) Soft Max Capacity: 2048M(100%)
[87.736s][info][gc,heap     ] GC(131)                Mark Start          Mark End        Relocate Start      Relocate End           High               Low         
[87.736s][info][gc,heap     ] GC(131)  Capacity:     2048M (100%)       2048M (100%)       2048M (100%)       2048M (100%)       2048M (100%)       2048M (100%)   
[87.736s][info][gc,heap     ] GC(131)      Free:     1638M (80%)        1638M (80%)        2032M (99%)        2038M (100%)       2038M (100%)       1638M (80%)    
[87.736s][info][gc,heap     ] GC(131)      Used:      410M (20%)         410M (20%)          16M (1%)           10M (0%)          410M (20%)          10M (0%)     
[87.736s][info][gc,heap     ] GC(131)      Live:         -                 6M (0%)            6M (0%)            6M (0%)             -                  -          
[87.736s][info][gc,heap     ] GC(131) Allocated:         -                 0M (0%)            0M (0%)            0M (0%)             -                  -          
[87.736s][info][gc,heap     ] GC(131)   Garbage:         -               403M (20%)           9M (0%)            3M (0%)             -                  -          
[87.736s][info][gc,heap     ] GC(131) Reclaimed:         -                  -               394M (19%)         400M (20%)            -                  -          
[87.736s][info][gc          ] GC(131) Garbage Collection (System.gc()) 410M(20%)->10M(0%)
[88.602s][info][gc,start    ] GC(132) Garbage Collection (Allocation Rate)
[88.602s][info][gc,task     ] GC(132) Using 2 workers
[88.602s][info][gc,phases   ] GC(132) Pause Mark Start 0.010ms
[88.888s][info][gc,phases   ] GC(132) Concurrent Mark 238.859ms
[88.888s][info][gc,phases   ] GC(132) Pause Mark End 0.018ms
[88.888s][info][gc,phases   ] GC(132) Concurrent Mark Free 0.000ms
[88.892s][info][gc,phases   ] GC(132) Concurrent Process Non-Strong References 3.378ms
[88.892s][info][gc,phases   ] GC(132) Concurrent Reset Relocation Set 0.001ms
[88.914s][info][gc,phases   ] GC(132) Concurrent Select Relocation Set 22.088ms
[88.914s][info][gc,phases   ] GC(132) Pause Relocate Start 0.010ms
[89.041s][info][gc,phases   ] GC(132) Concurrent Relocate 126.870ms
[89.041s][info][gc,load     ] GC(132) Load: 0.00/0.00/0.00
[89.041s][info][gc,mmu      ] GC(132) MMU: 2ms/97.9%, 5ms/99.1%, 10ms/99.5%, 20ms/99.7%, 50ms/99.9%, 100ms/99.9%
[89.041s][info][gc,marking  ] GC(132) Mark: 2 stripe(s), 2 proactive flush(es), 1 terminate flush(es), 0 completion(s), 0 continuation(s) 
[89.041s][info][gc,marking  ] GC(132) Mark Stack Usage: 32M
[89.041s][info][gc,nmethod  ] GC(132) NMethods: 3227 registered, 0 unregistered
[89.041s][info][gc,metaspace] GC(132) Metaspace: 15M used, 15M committed, 1088M reserved
[89.041s][info][gc,ref      ] GC(132) Soft: 392 encountered, 0 discovered, 0 enqueued
[89.041s][info][gc,ref      ] GC(132) Weak: 748 encountered, 50 discovered, 0 enqueued
[89.041s][info][gc,ref      ] GC(132) Final: 0 encountered, 0 discovered, 0 enqueued
[89.041s][info][gc,ref      ] GC(132) Phantom: 64 encountered, 49 discovered, 0 enqueued
[89.041s][info][gc,reloc    ] GC(132) Small Pages: 416 / 832M, Empty: 160M, Relocated: 192M, In-Place: 0
[89.041s][info][gc,reloc    ] GC(132) Medium Pages: 3 / 96M, Empty: 64M, Relocated: 0M, In-Place: 0
[89.041s][info][gc,reloc    ] GC(132) Large Pages: 21 / 154M, Empty: 82M, Relocated: 0M, In-Place: 0
[89.041s][info][gc,reloc    ] GC(132) Forwarding Usage: 119M
[89.042s][info][gc,heap     ] GC(132) Min Capacity: 2048M(100%)
[89.042s][info][gc,heap     ] GC(132) Max Capacity: 2048M(100%)
[89.042s][info][gc,heap     ] GC(132) Soft Max Capacity: 2048M(100%)
[89.042s][info][gc,heap     ] GC(132)                Mark Start          Mark End        Relocate Start      Relocate End           High               Low         
[89.042s][info][gc,heap     ] GC(132)  Capacity:     2048M (100%)       2048M (100%)       2048M (100%)       2048M (100%)       2048M (100%)       2048M (100%)   
[89.042s][info][gc,heap     ] GC(132)      Free:      966M (47%)         874M (43%)        1180M (58%)        1650M (81%)        1650M (81%)         874M (43%)    
[89.042s][info][gc,heap     ] GC(132)      Used:     1082M (53%)        1174M (57%)         868M (42%)         398M (19%)        1174M (57%)         398M (19%)    
[89.042s][info][gc,heap     ] GC(132)      Live:         -               272M (13%)         272M (13%)         272M (13%)            -                  -          
[89.042s][info][gc,heap     ] GC(132) Allocated:         -                92M (4%)           92M (4%)           92M (4%)             -                  -          
[89.042s][info][gc,heap     ] GC(132)   Garbage:         -               809M (40%)         503M (25%)          33M (2%)             -                  -          
[89.042s][info][gc,heap     ] GC(132) Reclaimed:         -                  -               306M (15%)         776M (38%)            -                  -          
[89.042s][info][gc          ] GC(132) Garbage Collection (Allocation Rate) 1082M(53%)->398M(19%)
[89.042s][info][gc,start    ] GC(133) Garbage Collection (System.gc())
[89.042s][info][gc,task     ] GC(133) Using 2 workers
[89.042s][info][gc,phases   ] GC(133) Pause Mark Start 0.010ms
[89.061s][info][gc,phases   ] GC(133) Concurrent Mark 19.022ms
[89.061s][info][gc,phases   ] GC(133) Pause Mark End 0.020ms
[89.061s][info][gc,phases   ] GC(133) Concurrent Mark Free 0.002ms
[89.066s][info][gc,phases   ] GC(133) Concurrent Process Non-Strong References 4.243ms
[89.066s][info][gc,phases   ] GC(133) Concurrent Reset Relocation Set 0.029ms
[89.074s][info][gc,phases   ] GC(133) Concurrent Select Relocation Set 8.660ms
[89.075s][info][gc,phases   ] GC(133) Pause Relocate Start 0.019ms
[89.076s][info][gc,phases   ] GC(133) Concurrent Relocate 1.349ms
[89.076s][info][gc,load     ] GC(133) Load: 0.00/0.00/0.00
[89.076s][info][gc,mmu      ] GC(133) MMU: 2ms/97.9%, 5ms/99.1%, 10ms/99.5%, 20ms/99.7%, 50ms/99.9%, 100ms/99.9%
[89.076s][info][gc,marking  ] GC(133) Mark: 2 stripe(s), 1 proactive flush(es), 1 terminate flush(es), 0 completion(s), 0 continuation(s) 
[89.076s][info][gc,marking  ] GC(133) Mark Stack Usage: 32M
[89.076s][info][gc,nmethod  ] GC(133) NMethods: 3227 registered, 0 unregistered
[89.076s][info][gc,metaspace] GC(133) Metaspace: 15M used, 15M committed, 1088M reserved
[89.076s][info][gc,ref      ] GC(133) Soft: 392 encountered, 0 discovered, 0 enqueued
[89.076s][info][gc,ref      ] GC(133) Weak: 731 encountered, 83 discovered, 0 enqueued
[89.076s][info][gc,ref      ] GC(133) Final: 0 encountered, 0 discovered, 0 enqueued
[89.076s][info][gc,ref      ] GC(133) Phantom: 64 encountered, 46 discovered, 0 enqueued
[89.076s][info][gc,reloc    ] GC(133) Small Pages: 147 / 294M, Empty: 282M, Relocated: 1M, In-Place: 0
[89.076s][info][gc,reloc    ] GC(133) Medium Pages: 1 / 32M, Empty: 32M, Relocated: 0M, In-Place: 0
[89.076s][info][gc,reloc    ] GC(133) Large Pages: 12 / 72M, Empty: 72M, Relocated: 0M, In-Place: 0
[89.076s][info][gc,reloc    ] GC(133) Forwarding Usage: 0M
[89.076s][info][gc,heap     ] GC(133) Min Capacity: 2048M(100%)
[89.076s][info][gc,heap     ] GC(133) Max Capacity: 2048M(100%)
[89.076s][info][gc,heap     ] GC(133) Soft Max Capacity: 2048M(100%)
[89.076s][info][gc,heap     ] GC(133)                Mark Start          Mark End        Relocate Start      Relocate End           High               Low         
[89.076s][info][gc,heap     ] GC(133)  Capacity:     2048M (100%)       2048M (100%)       2048M (100%)       2048M (100%)       2048M (100%)       2048M (100%)   
[89.076s][info][gc,heap     ] GC(133)      Free:     1650M (81%)        1650M (81%)        2036M (99%)        2038M (100%)       2038M (100%)       1650M (81%)    
[89.076s][info][gc,heap     ] GC(133)      Used:      398M (19%)         398M (19%)          12M (1%)           10M (0%)          398M (19%)          10M (0%)     
[89.076s][info][gc,heap     ] GC(133)      Live:         -                 6M (0%)            6M (0%)            6M (0%)             -                  -          
[89.076s][info][gc,heap     ] GC(133) Allocated:         -                 0M (0%)            0M (0%)            0M (0%)             -                  -          
[89.076s][info][gc,heap     ] GC(133)   Garbage:         -               391M (19%)           5M (0%)            3M (0%)             -                  -          
[89.076s][info][gc,heap     ] GC(133) Reclaimed:         -                  -               386M (19%)         388M (19%)            -                  -          
[89.076s][info][gc          ] GC(133) Garbage Collection (System.gc()) 398M(19%)->10M(0%)
[89.907s][info][gc,start    ] GC(134) Garbage Collection (Allocation Rate)
[89.907s][info][gc,task     ] GC(134) Using 2 workers
[89.908s][info][gc,phases   ] GC(134) Pause Mark Start 0.012ms
[90.111s][info][gc,stats    ] === Garbage Collection Statistics =======================================================================================================================
[90.111s][info][gc,stats    ]                                                              Last 10s              Last 10m              Last 10h                Total
[90.111s][info][gc,stats    ]                                                              Avg / Max             Avg / Max             Avg / Max             Avg / Max
[90.111s][info][gc,stats    ]   Collector: Garbage Collection Cycle                    222.746 / 439.282     225.532 / 465.355     225.532 / 465.355     225.532 / 465.355     ms
[90.111s][info][gc,stats    ]  Contention: Mark Segment Reset Contention                     0 / 1                 0 / 14                0 / 14                0 / 14          ops/s
[90.111s][info][gc,stats    ]  Contention: Mark SeqNum Reset Contention                      0 / 1                 0 / 1                 0 / 1                 0 / 1           ops/s
[90.111s][info][gc,stats    ]    Critical: Allocation Stall                                  0 / 0                 0 / 0                 0 / 0                 0 / 0           ops/s
[90.111s][info][gc,stats    ]    Critical: Allocation Stall                              0.000 / 0.000         0.000 / 0.000         0.000 / 0.000         0.000 / 0.000       ms
[90.111s][info][gc,stats    ]    Critical: GC Locker Stall                                   0 / 0                 0 / 0                 0 / 0                 0 / 0           ops/s
[90.111s][info][gc,stats    ]    Critical: GC Locker Stall                               0.000 / 0.000         0.000 / 0.000         0.000 / 0.000         0.000 / 0.000       ms
[90.111s][info][gc,stats    ]    Critical: Relocation Stall                                  0 / 0                 0 / 0                 0 / 0                 0 / 0           ops/s
[90.111s][info][gc,stats    ]    Critical: Relocation Stall                              0.000 / 0.000         0.000 / 0.000         0.000 / 0.000         0.000 / 0.000       ms
[90.111s][info][gc,stats    ]      Memory: Allocation Rate                                 895 / 1112            898 / 1244            898 / 1244            898 / 1244        MB/s
[90.111s][info][gc,stats    ]      Memory: Out Of Memory                                     0 / 0                 0 / 0                 0 / 0                 0 / 0           ops/s
[90.111s][info][gc,stats    ]      Memory: Page Cache Flush                                  0 / 0                 0 / 0                 0 / 0                 0 / 0           MB/s
[90.111s][info][gc,stats    ]      Memory: Page Cache Hit L1                               437 / 467             438 / 557             438 / 557             438 / 557         ops/s
[90.111s][info][gc,stats    ]      Memory: Page Cache Hit L2                                 0 / 0                 0 / 0                 0 / 0                 0 / 0           ops/s
[90.111s][info][gc,stats    ]      Memory: Page Cache Hit L3                                 0 / 0                 6 / 195               6 / 195               6 / 195         ops/s
[90.111s][info][gc,stats    ]      Memory: Page Cache Miss                                   0 / 0                 0 / 1                 0 / 1                 0 / 1           ops/s
[90.111s][info][gc,stats    ]      Memory: Uncommit                                          0 / 0                 0 / 0                 0 / 0                 0 / 0           MB/s
[90.111s][info][gc,stats    ]      Memory: Undo Object Allocation Failed                     0 / 0                 0 / 2                 0 / 2                 0 / 2           ops/s
[90.111s][info][gc,stats    ]      Memory: Undo Object Allocation Succeeded                  0 / 0              3089 / 248763         3089 / 248763         3089 / 248763      ops/s
[90.111s][info][gc,stats    ]      Memory: Undo Page Allocation                              0 / 1                 0 / 3                 0 / 3                 0 / 3           ops/s
[90.111s][info][gc,stats    ]       Phase: Concurrent Mark                             131.748 / 262.064     133.776 / 352.487     133.776 / 352.487     133.776 / 352.487     ms
[90.111s][info][gc,stats    ]       Phase: Concurrent Mark Continue                      0.000 / 0.000         0.000 / 0.000         0.000 / 0.000         0.000 / 0.000       ms
[90.111s][info][gc,stats    ]       Phase: Concurrent Mark Free                          0.002 / 0.003         0.002 / 0.004         0.002 / 0.004         0.002 / 0.004       ms
[90.111s][info][gc,stats    ]       Phase: Concurrent Process Non-Strong References      3.893 / 4.910         3.581 / 15.958        3.581 / 15.958        3.581 / 15.958      ms
[90.111s][info][gc,stats    ]       Phase: Concurrent Relocate                          64.220 / 128.967      64.063 / 151.919      64.063 / 151.919      64.063 / 151.919     ms
[90.111s][info][gc,stats    ]       Phase: Concurrent Reset Relocation Set               0.015 / 0.034         0.015 / 0.050         0.015 / 0.050         0.015 / 0.050       ms
[90.111s][info][gc,stats    ]       Phase: Concurrent Select Relocation Set             15.131 / 22.425       15.390 / 26.863       15.390 / 26.863       15.390 / 26.863      ms
[90.111s][info][gc,stats    ]       Phase: Pause Mark End                                0.021 / 0.036         0.021 / 0.043         0.021 / 0.043         0.021 / 0.043       ms
[90.111s][info][gc,stats    ]       Phase: Pause Mark Start                              0.008 / 0.012         0.008 / 0.019         0.008 / 0.019         0.008 / 0.019       ms
[90.111s][info][gc,stats    ]       Phase: Pause Relocate Start                          0.017 / 0.024         0.017 / 0.032         0.017 / 0.032         0.017 / 0.032       ms
[90.111s][info][gc,stats    ]    Subphase: Concurrent Classes Purge                      0.131 / 0.193         0.120 / 0.252         0.120 / 0.252         0.120 / 0.252       ms
[90.111s][info][gc,stats    ]    Subphase: Concurrent Classes Unlink                     3.128 / 4.073         2.740 / 4.168         2.740 / 4.168         2.740 / 4.168       ms
[90.111s][info][gc,stats    ]    Subphase: Concurrent Mark                             125.989 / 261.694     128.312 / 351.776     128.312 / 351.776     128.312 / 351.776     ms
[90.111s][info][gc,stats    ]    Subphase: Concurrent Mark Try Flush                     0.093 / 0.369         0.227 / 15.584        0.227 / 15.584        0.227 / 15.584      ms
[90.111s][info][gc,stats    ]    Subphase: Concurrent Mark Try Terminate                 4.271 / 15.271        4.090 / 16.875        4.090 / 16.875        4.090 / 16.875      ms
[90.111s][info][gc,stats    ]    Subphase: Concurrent References Enqueue                 0.001 / 0.004         0.000 / 0.005         0.000 / 0.005         0.000 / 0.005       ms
[90.111s][info][gc,stats    ]    Subphase: Concurrent References Process                 0.118 / 0.154         0.121 / 0.238         0.121 / 0.238         0.121 / 0.238       ms
[90.111s][info][gc,stats    ]    Subphase: Concurrent Roots ClassLoaderDataGraph         0.094 / 0.314         0.086 / 0.334         0.086 / 0.334         0.086 / 0.334       ms
[90.111s][info][gc,stats    ]    Subphase: Concurrent Roots CodeCache                    0.000 / 0.000         0.000 / 0.000         0.000 / 0.000         0.000 / 0.000       ms
[90.111s][info][gc,stats    ]    Subphase: Concurrent Roots JavaThreads                  0.215 / 0.545         0.239 / 2.583         0.239 / 2.583         0.239 / 2.583       ms
[90.111s][info][gc,stats    ]    Subphase: Concurrent Roots OopStorageSet                0.017 / 0.040         0.017 / 0.053         0.017 / 0.053         0.017 / 0.053       ms
[90.111s][info][gc,stats    ]    Subphase: Concurrent Weak Roots OopStorageSet           0.331 / 0.502         0.324 / 0.505         0.324 / 0.505         0.324 / 0.505       ms
[90.111s][info][gc,stats    ]    Subphase: Pause Mark Try Complete                       0.000 / 0.000         0.000 / 0.000         0.000 / 0.000         0.000 / 0.000       ms
[90.111s][info][gc,stats    ]      System: Java Threads                                     13 / 18               13 / 19               13 / 19               13 / 19          threads
[90.111s][info][gc,stats    ] =========================================================================================================================================================
[90.179s][info][gc,phases   ] GC(134) Concurrent Mark 256.386ms
[90.180s][info][gc,phases   ] GC(134) Pause Mark End 0.024ms
[90.180s][info][gc,phases   ] GC(134) Concurrent Mark Free 0.003ms
[90.183s][info][gc,phases   ] GC(134) Concurrent Process Non-Strong References 3.216ms
[90.183s][info][gc,phases   ] GC(134) Concurrent Reset Relocation Set 0.001ms
[90.205s][info][gc,phases   ] GC(134) Concurrent Select Relocation Set 21.701ms
[90.205s][info][gc,phases   ] GC(134) Pause Relocate Start 0.022ms
[90.335s][info][gc,phases   ] GC(134) Concurrent Relocate 130.218ms
[90.335s][info][gc,load     ] GC(134) Load: 0.00/0.00/0.00
[90.335s][info][gc,mmu      ] GC(134) MMU: 2ms/97.9%, 5ms/99.1%, 10ms/99.5%, 20ms/99.7%, 50ms/99.9%, 100ms/99.9%
[90.335s][info][gc,marking  ] GC(134) Mark: 2 stripe(s), 2 proactive flush(es), 1 terminate flush(es), 0 completion(s), 0 continuation(s) 
[90.335s][info][gc,marking  ] GC(134) Mark Stack Usage: 32M
[90.335s][info][gc,nmethod  ] GC(134) NMethods: 3229 registered, 0 unregistered
[90.335s][info][gc,metaspace] GC(134) Metaspace: 15M used, 15M committed, 1088M reserved
[90.335s][info][gc,ref      ] GC(134) Soft: 392 encountered, 0 discovered, 0 enqueued
[90.335s][info][gc,ref      ] GC(134) Weak: 748 encountered, 16 discovered, 0 enqueued
[90.335s][info][gc,ref      ] GC(134) Final: 0 encountered, 0 discovered, 0 enqueued
[90.335s][info][gc,ref      ] GC(134) Phantom: 64 encountered, 52 discovered, 0 enqueued
[90.335s][info][gc,reloc    ] GC(134) Small Pages: 404 / 808M, Empty: 126M, Relocated: 193M, In-Place: 0
[90.335s][info][gc,reloc    ] GC(134) Medium Pages: 3 / 96M, Empty: 0M, Relocated: 8M, In-Place: 0
[90.335s][info][gc,reloc    ] GC(134) Large Pages: 17 / 130M, Empty: 82M, Relocated: 0M, In-Place: 0
[90.335s][info][gc,reloc    ] GC(134) Forwarding Usage: 119M
[90.335s][info][gc,heap     ] GC(134) Min Capacity: 2048M(100%)
[90.335s][info][gc,heap     ] GC(134) Max Capacity: 2048M(100%)
[90.336s][info][gc,heap     ] GC(134) Soft Max Capacity: 2048M(100%)
[90.336s][info][gc,heap     ] GC(134)                Mark Start          Mark End        Relocate Start      Relocate End           High               Low         
[90.336s][info][gc,heap     ] GC(134)  Capacity:     2048M (100%)       2048M (100%)       2048M (100%)       2048M (100%)       2048M (100%)       2048M (100%)   
[90.336s][info][gc,heap     ] GC(134)      Free:     1014M (50%)         876M (43%)        1084M (53%)        1628M (79%)        1628M (79%)         876M (43%)    
[90.336s][info][gc,heap     ] GC(134)      Used:     1034M (50%)        1172M (57%)         964M (47%)         420M (21%)        1172M (57%)         420M (21%)    
[90.336s][info][gc,heap     ] GC(134)      Live:         -               256M (13%)         256M (13%)         256M (13%)            -                  -          
[90.336s][info][gc,heap     ] GC(134) Allocated:         -               138M (7%)          138M (7%)          138M (7%)             -                  -          
[90.336s][info][gc,heap     ] GC(134)   Garbage:         -               777M (38%)         569M (28%)          25M (1%)             -                  -          
[90.336s][info][gc,heap     ] GC(134) Reclaimed:         -                  -               208M (10%)         752M (37%)            -                  -          
[90.336s][info][gc          ] GC(134) Garbage Collection (Allocation Rate) 1034M(50%)->420M(21%)
[90.336s][info][gc,start    ] GC(135) Garbage Collection (System.gc())
[90.336s][info][gc,task     ] GC(135) Using 2 workers
[90.336s][info][gc,phases   ] GC(135) Pause Mark Start 0.008ms
[90.352s][info][gc,phases   ] GC(135) Concurrent Mark 16.220ms
[90.352s][info][gc,phases   ] GC(135) Pause Mark End 0.018ms
[90.352s][info][gc,phases   ] GC(135) Concurrent Mark Free 0.001ms
[90.357s][info][gc,phases   ] GC(135) Concurrent Process Non-Strong References 4.200ms
[90.357s][info][gc,phases   ] GC(135) Concurrent Reset Relocation Set 0.031ms
[90.365s][info][gc,phases   ] GC(135) Concurrent Select Relocation Set 8.425ms
[90.365s][info][gc,phases   ] GC(135) Pause Relocate Start 0.017ms
[90.367s][info][gc,phases   ] GC(135) Concurrent Relocate 1.244ms
[90.367s][info][gc,load     ] GC(135) Load: 0.00/0.00/0.00
[90.367s][info][gc,mmu      ] GC(135) MMU: 2ms/97.9%, 5ms/99.1%, 10ms/99.5%, 20ms/99.7%, 50ms/99.9%, 100ms/99.9%
[90.367s][info][gc,marking  ] GC(135) Mark: 2 stripe(s), 1 proactive flush(es), 1 terminate flush(es), 0 completion(s), 0 continuation(s) 
[90.367s][info][gc,marking  ] GC(135) Mark Stack Usage: 32M
[90.367s][info][gc,nmethod  ] GC(135) NMethods: 3229 registered, 0 unregistered
[90.367s][info][gc,metaspace] GC(135) Metaspace: 15M used, 15M committed, 1088M reserved
[90.367s][info][gc,ref      ] GC(135) Soft: 392 encountered, 0 discovered, 0 enqueued
[90.367s][info][gc,ref      ] GC(135) Weak: 731 encountered, 53 discovered, 0 enqueued
[90.367s][info][gc,ref      ] GC(135) Final: 0 encountered, 0 discovered, 0 enqueued
[90.367s][info][gc,ref      ] GC(135) Phantom: 64 encountered, 52 discovered, 0 enqueued
[90.367s][info][gc,reloc    ] GC(135) Small Pages: 158 / 316M, Empty: 304M, Relocated: 1M, In-Place: 0
[90.367s][info][gc,reloc    ] GC(135) Medium Pages: 1 / 32M, Empty: 32M, Relocated: 0M, In-Place: 0
[90.367s][info][gc,reloc    ] GC(135) Large Pages: 12 / 72M, Empty: 72M, Relocated: 0M, In-Place: 0
[90.367s][info][gc,reloc    ] GC(135) Forwarding Usage: 0M
[90.367s][info][gc,heap     ] GC(135) Min Capacity: 2048M(100%)
[90.367s][info][gc,heap     ] GC(135) Max Capacity: 2048M(100%)
[90.367s][info][gc,heap     ] GC(135) Soft Max Capacity: 2048M(100%)
[90.367s][info][gc,heap     ] GC(135)                Mark Start          Mark End        Relocate Start      Relocate End           High               Low         
[90.367s][info][gc,heap     ] GC(135)  Capacity:     2048M (100%)       2048M (100%)       2048M (100%)       2048M (100%)       2048M (100%)       2048M (100%)   
[90.367s][info][gc,heap     ] GC(135)      Free:     1628M (79%)        1628M (79%)        2036M (99%)        2038M (100%)       2038M (100%)       1628M (79%)    
[90.367s][info][gc,heap     ] GC(135)      Used:      420M (21%)         420M (21%)          12M (1%)           10M (0%)          420M (21%)          10M (0%)     
[90.367s][info][gc,heap     ] GC(135)      Live:         -                 6M (0%)            6M (0%)            6M (0%)             -                  -          
[90.367s][info][gc,heap     ] GC(135) Allocated:         -                 0M (0%)            0M (0%)            0M (0%)             -                  -          
[90.367s][info][gc,heap     ] GC(135)   Garbage:         -               413M (20%)           5M (0%)            3M (0%)             -                  -          
[90.367s][info][gc,heap     ] GC(135) Reclaimed:         -                  -               408M (20%)         410M (20%)            -                  -          
[90.367s][info][gc          ] GC(135) Garbage Collection (System.gc()) 420M(21%)->10M(0%)
[91.213s][info][gc,start    ] GC(136) Garbage Collection (Allocation Rate)
[91.213s][info][gc,task     ] GC(136) Using 2 workers
[91.213s][info][gc,phases   ] GC(136) Pause Mark Start 0.008ms
[91.480s][info][gc,phases   ] GC(136) Concurrent Mark 250.677ms
[91.480s][info][gc,phases   ] GC(136) Pause Mark End 0.017ms
[91.480s][info][gc,phases   ] GC(136) Concurrent Mark Free 0.001ms
[91.483s][info][gc,phases   ] GC(136) Concurrent Process Non-Strong References 2.937ms
[91.483s][info][gc,phases   ] GC(136) Concurrent Reset Relocation Set 0.001ms
[91.505s][info][gc,phases   ] GC(136) Concurrent Select Relocation Set 22.002ms
[91.505s][info][gc,phases   ] GC(136) Pause Relocate Start 0.007ms
[91.634s][info][gc,phases   ] GC(136) Concurrent Relocate 128.342ms
[91.634s][info][gc,load     ] GC(136) Load: 0.00/0.00/0.00
[91.634s][info][gc,mmu      ] GC(136) MMU: 2ms/97.9%, 5ms/99.1%, 10ms/99.5%, 20ms/99.7%, 50ms/99.9%, 100ms/99.9%
[91.634s][info][gc,marking  ] GC(136) Mark: 2 stripe(s), 3 proactive flush(es), 1 terminate flush(es), 0 completion(s), 0 continuation(s) 
[91.634s][info][gc,marking  ] GC(136) Mark Stack Usage: 32M
[91.634s][info][gc,nmethod  ] GC(136) NMethods: 3239 registered, 0 unregistered
[91.634s][info][gc,metaspace] GC(136) Metaspace: 15M used, 16M committed, 1088M reserved
[91.634s][info][gc,ref      ] GC(136) Soft: 392 encountered, 0 discovered, 0 enqueued
[91.634s][info][gc,ref      ] GC(136) Weak: 748 encountered, 144 discovered, 0 enqueued
[91.634s][info][gc,ref      ] GC(136) Final: 0 encountered, 0 discovered, 0 enqueued
[91.634s][info][gc,ref      ] GC(136) Phantom: 64 encountered, 48 discovered, 0 enqueued
[91.634s][info][gc,reloc    ] GC(136) Small Pages: 408 / 816M, Empty: 132M, Relocated: 192M, In-Place: 0
[91.634s][info][gc,reloc    ] GC(136) Medium Pages: 3 / 96M, Empty: 32M, Relocated: 6M, In-Place: 0
[91.634s][info][gc,reloc    ] GC(136) Large Pages: 19 / 142M, Empty: 82M, Relocated: 0M, In-Place: 0
[91.634s][info][gc,reloc    ] GC(136) Forwarding Usage: 119M
[91.634s][info][gc,heap     ] GC(136) Min Capacity: 2048M(100%)
[91.634s][info][gc,heap     ] GC(136) Max Capacity: 2048M(100%)
[91.634s][info][gc,heap     ] GC(136) Soft Max Capacity: 2048M(100%)
[91.634s][info][gc,heap     ] GC(136)                Mark Start          Mark End        Relocate Start      Relocate End           High               Low         
[91.634s][info][gc,heap     ] GC(136)  Capacity:     2048M (100%)       2048M (100%)       2048M (100%)       2048M (100%)       2048M (100%)       2048M (100%)   
[91.634s][info][gc,heap     ] GC(136)      Free:      994M (49%)         876M (43%)        1122M (55%)        1636M (80%)        1636M (80%)         876M (43%)    
[91.634s][info][gc,heap     ] GC(136)      Used:     1054M (51%)        1172M (57%)         926M (45%)         412M (20%)        1172M (57%)         412M (20%)    
[91.634s][info][gc,heap     ] GC(136)      Live:         -               266M (13%)         266M (13%)         266M (13%)            -                  -          
[91.634s][info][gc,heap     ] GC(136) Allocated:         -               118M (6%)          118M (6%)          118M (6%)             -                  -          
[91.634s][info][gc,heap     ] GC(136)   Garbage:         -               787M (38%)         541M (26%)          27M (1%)             -                  -          
[91.634s][info][gc,heap     ] GC(136) Reclaimed:         -                  -               246M (12%)         760M (37%)            -                  -          
[91.634s][info][gc          ] GC(136) Garbage Collection (Allocation Rate) 1054M(51%)->412M(20%)
[91.634s][info][gc,start    ] GC(137) Garbage Collection (System.gc())
[91.634s][info][gc,task     ] GC(137) Using 2 workers
[91.634s][info][gc,phases   ] GC(137) Pause Mark Start 0.005ms
[91.653s][info][gc,phases   ] GC(137) Concurrent Mark 18.826ms
[91.653s][info][gc,phases   ] GC(137) Pause Mark End 0.023ms
[91.653s][info][gc,phases   ] GC(137) Concurrent Mark Free 0.001ms
[91.658s][info][gc,phases   ] GC(137) Concurrent Process Non-Strong References 4.358ms
[91.658s][info][gc,phases   ] GC(137) Concurrent Reset Relocation Set 0.030ms
[91.667s][info][gc,phases   ] GC(137) Concurrent Select Relocation Set 8.680ms
[91.667s][info][gc,phases   ] GC(137) Pause Relocate Start 0.019ms
[91.668s][info][gc,phases   ] GC(137) Concurrent Relocate 1.363ms
[91.668s][info][gc,load     ] GC(137) Load: 0.00/0.00/0.00
[91.668s][info][gc,mmu      ] GC(137) MMU: 2ms/97.9%, 5ms/99.1%, 10ms/99.5%, 20ms/99.7%, 50ms/99.9%, 100ms/99.9%
[91.668s][info][gc,marking  ] GC(137) Mark: 2 stripe(s), 1 proactive flush(es), 1 terminate flush(es), 0 completion(s), 0 continuation(s) 
[91.668s][info][gc,marking  ] GC(137) Mark Stack Usage: 32M
[91.668s][info][gc,nmethod  ] GC(137) NMethods: 3239 registered, 0 unregistered
[91.668s][info][gc,metaspace] GC(137) Metaspace: 15M used, 16M committed, 1088M reserved
[91.668s][info][gc,ref      ] GC(137) Soft: 392 encountered, 0 discovered, 0 enqueued
[91.668s][info][gc,ref      ] GC(137) Weak: 731 encountered, 160 discovered, 0 enqueued
[91.668s][info][gc,ref      ] GC(137) Final: 0 encountered, 0 discovered, 0 enqueued
[91.668s][info][gc,ref      ] GC(137) Phantom: 64 encountered, 50 discovered, 0 enqueued
[91.668s][info][gc,reloc    ] GC(137) Small Pages: 154 / 308M, Empty: 296M, Relocated: 1M, In-Place: 0
[91.668s][info][gc,reloc    ] GC(137) Medium Pages: 1 / 32M, Empty: 32M, Relocated: 0M, In-Place: 0
[91.668s][info][gc,reloc    ] GC(137) Large Pages: 12 / 72M, Empty: 72M, Relocated: 0M, In-Place: 0
[91.668s][info][gc,reloc    ] GC(137) Forwarding Usage: 0M
[91.668s][info][gc,heap     ] GC(137) Min Capacity: 2048M(100%)
[91.668s][info][gc,heap     ] GC(137) Max Capacity: 2048M(100%)
[91.668s][info][gc,heap     ] GC(137) Soft Max Capacity: 2048M(100%)
[91.668s][info][gc,heap     ] GC(137)                Mark Start          Mark End        Relocate Start      Relocate End           High               Low         
[91.668s][info][gc,heap     ] GC(137)  Capacity:     2048M (100%)       2048M (100%)       2048M (100%)       2048M (100%)       2048M (100%)       2048M (100%)   
[91.668s][info][gc,heap     ] GC(137)      Free:     1636M (80%)        1636M (80%)        2036M (99%)        2038M (100%)       2038M (100%)       1636M (80%)    
[91.668s][info][gc,heap     ] GC(137)      Used:      412M (20%)         412M (20%)          12M (1%)           10M (0%)          412M (20%)          10M (0%)     
[91.668s][info][gc,heap     ] GC(137)      Live:         -                 6M (0%)            6M (0%)            6M (0%)             -                  -          
[91.668s][info][gc,heap     ] GC(137) Allocated:         -                 0M (0%)            0M (0%)            0M (0%)             -                  -          
[91.668s][info][gc,heap     ] GC(137)   Garbage:         -               405M (20%)           5M (0%)            3M (0%)             -                  -          
[91.668s][info][gc,heap     ] GC(137) Reclaimed:         -                  -               400M (20%)         402M (20%)            -                  -          
[91.668s][info][gc          ] GC(137) Garbage Collection (System.gc()) 412M(20%)->10M(0%)
[92.513s][info][gc,start    ] GC(138) Garbage Collection (Allocation Rate)
[92.513s][info][gc,task     ] GC(138) Using 2 workers
[92.513s][info][gc,phases   ] GC(138) Pause Mark Start 0.005ms
[92.756s][info][gc,phases   ] GC(138) Concurrent Mark 239.554ms
[92.756s][info][gc,phases   ] GC(138) Pause Mark End 0.013ms
[92.756s][info][gc,phases   ] GC(138) Concurrent Mark Free 0.001ms
[92.759s][info][gc,phases   ] GC(138) Concurrent Process Non-Strong References 2.700ms
[92.759s][info][gc,phases   ] GC(138) Concurrent Reset Relocation Set 0.001ms
[92.781s][info][gc,phases   ] GC(138) Concurrent Select Relocation Set 22.236ms
[92.781s][info][gc,phases   ] GC(138) Pause Relocate Start 0.019ms
[92.907s][info][gc,phases   ] GC(138) Concurrent Relocate 126.012ms
[92.907s][info][gc,load     ] GC(138) Load: 0.00/0.00/0.00
[92.907s][info][gc,mmu      ] GC(138) MMU: 2ms/97.9%, 5ms/99.1%, 10ms/99.5%, 20ms/99.7%, 50ms/99.9%, 100ms/99.9%
[92.907s][info][gc,marking  ] GC(138) Mark: 2 stripe(s), 2 proactive flush(es), 1 terminate flush(es), 0 completion(s), 0 continuation(s) 
[92.907s][info][gc,marking  ] GC(138) Mark Stack Usage: 32M
[92.907s][info][gc,nmethod  ] GC(138) NMethods: 3239 registered, 0 unregistered
[92.907s][info][gc,metaspace] GC(138) Metaspace: 15M used, 16M committed, 1088M reserved
[92.907s][info][gc,ref      ] GC(138) Soft: 392 encountered, 0 discovered, 0 enqueued
[92.907s][info][gc,ref      ] GC(138) Weak: 749 encountered, 17 discovered, 0 enqueued
[92.907s][info][gc,ref      ] GC(138) Final: 0 encountered, 0 discovered, 0 enqueued
[92.907s][info][gc,ref      ] GC(138) Phantom: 64 encountered, 49 discovered, 0 enqueued
[92.907s][info][gc,reloc    ] GC(138) Small Pages: 410 / 820M, Empty: 130M, Relocated: 192M, In-Place: 0
[92.907s][info][gc,reloc    ] GC(138) Medium Pages: 3 / 96M, Empty: 64M, Relocated: 0M, In-Place: 0
[92.907s][info][gc,reloc    ] GC(138) Large Pages: 21 / 154M, Empty: 82M, Relocated: 0M, In-Place: 0
[92.907s][info][gc,reloc    ] GC(138) Forwarding Usage: 120M
[92.907s][info][gc,heap     ] GC(138) Min Capacity: 2048M(100%)
[92.907s][info][gc,heap     ] GC(138) Max Capacity: 2048M(100%)
[92.907s][info][gc,heap     ] GC(138) Soft Max Capacity: 2048M(100%)
[92.908s][info][gc,heap     ] GC(138)                Mark Start          Mark End        Relocate Start      Relocate End           High               Low         
[92.908s][info][gc,heap     ] GC(138)  Capacity:     2048M (100%)       2048M (100%)       2048M (100%)       2048M (100%)       2048M (100%)       2048M (100%)   
[92.908s][info][gc,heap     ] GC(138)      Free:      978M (48%)         876M (43%)        1152M (56%)        1638M (80%)        1638M (80%)         876M (43%)    
[92.908s][info][gc,heap     ] GC(138)      Used:     1070M (52%)        1172M (57%)         896M (44%)         410M (20%)        1172M (57%)         410M (20%)    
[92.908s][info][gc,heap     ] GC(138)      Live:         -               272M (13%)         272M (13%)         272M (13%)            -                  -          
[92.908s][info][gc,heap     ] GC(138) Allocated:         -               102M (5%)          102M (5%)          102M (5%)             -                  -          
[92.908s][info][gc,heap     ] GC(138)   Garbage:         -               797M (39%)         521M (25%)          35M (2%)             -                  -          
[92.908s][info][gc,heap     ] GC(138) Reclaimed:         -                  -               276M (13%)         762M (37%)            -                  -          
[92.908s][info][gc          ] GC(138) Garbage Collection (Allocation Rate) 1070M(52%)->410M(20%)
[92.908s][info][gc,start    ] GC(139) Garbage Collection (System.gc())
[92.908s][info][gc,task     ] GC(139) Using 2 workers
[92.908s][info][gc,phases   ] GC(139) Pause Mark Start 0.008ms
[92.929s][info][gc,phases   ] GC(139) Concurrent Mark 20.688ms
[92.929s][info][gc,phases   ] GC(139) Pause Mark End 0.028ms
[92.929s][info][gc,phases   ] GC(139) Concurrent Mark Free 0.001ms
[92.933s][info][gc,phases   ] GC(139) Concurrent Process Non-Strong References 4.230ms
[92.933s][info][gc,phases   ] GC(139) Concurrent Reset Relocation Set 0.035ms
[92.942s][info][gc,phases   ] GC(139) Concurrent Select Relocation Set 8.589ms
[92.942s][info][gc,phases   ] GC(139) Pause Relocate Start 0.018ms
[92.943s][info][gc,phases   ] GC(139) Concurrent Relocate 1.289ms
[92.943s][info][gc,load     ] GC(139) Load: 0.00/0.00/0.00
[92.944s][info][gc,mmu      ] GC(139) MMU: 2ms/97.9%, 5ms/99.1%, 10ms/99.5%, 20ms/99.7%, 50ms/99.9%, 100ms/99.9%
[92.944s][info][gc,marking  ] GC(139) Mark: 2 stripe(s), 1 proactive flush(es), 1 terminate flush(es), 0 completion(s), 0 continuation(s) 
[92.944s][info][gc,marking  ] GC(139) Mark Stack Usage: 32M
[92.944s][info][gc,nmethod  ] GC(139) NMethods: 3239 registered, 0 unregistered
[92.944s][info][gc,metaspace] GC(139) Metaspace: 15M used, 16M committed, 1088M reserved
[92.944s][info][gc,ref      ] GC(139) Soft: 392 encountered, 0 discovered, 0 enqueued
[92.944s][info][gc,ref      ] GC(139) Weak: 731 encountered, 302 discovered, 0 enqueued
[92.944s][info][gc,ref      ] GC(139) Final: 0 encountered, 0 discovered, 0 enqueued
[92.944s][info][gc,ref      ] GC(139) Phantom: 64 encountered, 50 discovered, 0 enqueued
[92.944s][info][gc,reloc    ] GC(139) Small Pages: 153 / 306M, Empty: 292M, Relocated: 1M, In-Place: 0
[92.944s][info][gc,reloc    ] GC(139) Medium Pages: 1 / 32M, Empty: 32M, Relocated: 0M, In-Place: 0
[92.944s][info][gc,reloc    ] GC(139) Large Pages: 12 / 72M, Empty: 72M, Relocated: 0M, In-Place: 0
[92.944s][info][gc,reloc    ] GC(139) Forwarding Usage: 0M
[92.944s][info][gc,heap     ] GC(139) Min Capacity: 2048M(100%)
[92.944s][info][gc,heap     ] GC(139) Max Capacity: 2048M(100%)
[92.944s][info][gc,heap     ] GC(139) Soft Max Capacity: 2048M(100%)
[92.944s][info][gc,heap     ] GC(139)                Mark Start          Mark End        Relocate Start      Relocate End           High               Low         
[92.944s][info][gc,heap     ] GC(139)  Capacity:     2048M (100%)       2048M (100%)       2048M (100%)       2048M (100%)       2048M (100%)       2048M (100%)   
[92.944s][info][gc,heap     ] GC(139)      Free:     1638M (80%)        1638M (80%)        2034M (99%)        2038M (100%)       2038M (100%)       1638M (80%)    
[92.944s][info][gc,heap     ] GC(139)      Used:      410M (20%)         410M (20%)          14M (1%)           10M (0%)          410M (20%)          10M (0%)     
[92.944s][info][gc,heap     ] GC(139)      Live:         -                 6M (0%)            6M (0%)            6M (0%)             -                  -          
[92.944s][info][gc,heap     ] GC(139) Allocated:         -                 0M (0%)            0M (0%)            0M (0%)             -                  -          
[92.944s][info][gc,heap     ] GC(139)   Garbage:         -               403M (20%)           7M (0%)            3M (0%)             -                  -          
[92.944s][info][gc,heap     ] GC(139) Reclaimed:         -                  -               396M (19%)         400M (20%)            -                  -          
[92.944s][info][gc          ] GC(139) Garbage Collection (System.gc()) 410M(20%)->10M(0%)
[93.809s][info][gc,start    ] GC(140) Garbage Collection (Allocation Rate)
[93.809s][info][gc,task     ] GC(140) Using 2 workers
[93.810s][info][gc,phases   ] GC(140) Pause Mark Start 0.006ms
[94.064s][info][gc,phases   ] GC(140) Concurrent Mark 254.094ms
[94.064s][info][gc,phases   ] GC(140) Pause Mark End 0.026ms
[94.064s][info][gc,phases   ] GC(140) Concurrent Mark Free 0.001ms
[94.069s][info][gc,phases   ] GC(140) Concurrent Process Non-Strong References 4.703ms
[94.069s][info][gc,phases   ] GC(140) Concurrent Reset Relocation Set 0.001ms
[94.090s][info][gc,phases   ] GC(140) Concurrent Select Relocation Set 21.516ms
[94.091s][info][gc,phases   ] GC(140) Pause Relocate Start 0.010ms
[94.217s][info][gc,phases   ] GC(140) Concurrent Relocate 126.112ms
[94.217s][info][gc,load     ] GC(140) Load: 0.00/0.00/0.00
[94.217s][info][gc,mmu      ] GC(140) MMU: 2ms/97.9%, 5ms/99.1%, 10ms/99.5%, 20ms/99.7%, 50ms/99.9%, 100ms/99.9%
[94.217s][info][gc,marking  ] GC(140) Mark: 2 stripe(s), 3 proactive flush(es), 1 terminate flush(es), 0 completion(s), 0 continuation(s) 
[94.217s][info][gc,marking  ] GC(140) Mark Stack Usage: 32M
[94.217s][info][gc,nmethod  ] GC(140) NMethods: 3239 registered, 0 unregistered
[94.217s][info][gc,metaspace] GC(140) Metaspace: 15M used, 16M committed, 1088M reserved
[94.217s][info][gc,ref      ] GC(140) Soft: 392 encountered, 0 discovered, 0 enqueued
[94.217s][info][gc,ref      ] GC(140) Weak: 747 encountered, 297 discovered, 0 enqueued
[94.217s][info][gc,ref      ] GC(140) Final: 0 encountered, 0 discovered, 0 enqueued
[94.217s][info][gc,ref      ] GC(140) Phantom: 64 encountered, 49 discovered, 0 enqueued
[94.217s][info][gc,reloc    ] GC(140) Small Pages: 415 / 830M, Empty: 162M, Relocated: 192M, In-Place: 0
[94.217s][info][gc,reloc    ] GC(140) Medium Pages: 3 / 96M, Empty: 64M, Relocated: 0M, In-Place: 0
[94.217s][info][gc,reloc    ] GC(140) Large Pages: 21 / 154M, Empty: 82M, Relocated: 0M, In-Place: 0
[94.217s][info][gc,reloc    ] GC(140) Forwarding Usage: 118M
[94.217s][info][gc,heap     ] GC(140) Min Capacity: 2048M(100%)
[94.217s][info][gc,heap     ] GC(140) Max Capacity: 2048M(100%)
[94.217s][info][gc,heap     ] GC(140) Soft Max Capacity: 2048M(100%)
[94.217s][info][gc,heap     ] GC(140)                Mark Start          Mark End        Relocate Start      Relocate End           High               Low         
[94.217s][info][gc,heap     ] GC(140)  Capacity:     2048M (100%)       2048M (100%)       2048M (100%)       2048M (100%)       2048M (100%)       2048M (100%)   
[94.217s][info][gc,heap     ] GC(140)      Free:      968M (47%)         878M (43%)        1186M (58%)        1652M (81%)        1652M (81%)         878M (43%)    
[94.217s][info][gc,heap     ] GC(140)      Used:     1080M (53%)        1170M (57%)         862M (42%)         396M (19%)        1170M (57%)         396M (19%)    
[94.217s][info][gc,heap     ] GC(140)      Live:         -               272M (13%)         272M (13%)         272M (13%)            -                  -          
[94.217s][info][gc,heap     ] GC(140) Allocated:         -                90M (4%)           90M (4%)           90M (4%)             -                  -          
[94.217s][info][gc,heap     ] GC(140)   Garbage:         -               807M (39%)         499M (24%)          33M (2%)             -                  -          
[94.217s][info][gc,heap     ] GC(140) Reclaimed:         -                  -               308M (15%)         774M (38%)            -                  -          
[94.217s][info][gc          ] GC(140) Garbage Collection (Allocation Rate) 1080M(53%)->396M(19%)
[94.217s][info][gc,start    ] GC(141) Garbage Collection (System.gc())
[94.217s][info][gc,task     ] GC(141) Using 2 workers
[94.217s][info][gc,phases   ] GC(141) Pause Mark Start 0.008ms
[94.236s][info][gc,phases   ] GC(141) Concurrent Mark 18.851ms
[94.237s][info][gc,phases   ] GC(141) Pause Mark End 0.022ms
[94.237s][info][gc,phases   ] GC(141) Concurrent Mark Free 0.002ms
[94.241s][info][gc,phases   ] GC(141) Concurrent Process Non-Strong References 4.694ms
[94.241s][info][gc,phases   ] GC(141) Concurrent Reset Relocation Set 0.029ms
[94.250s][info][gc,phases   ] GC(141) Concurrent Select Relocation Set 8.616ms
[94.250s][info][gc,phases   ] GC(141) Pause Relocate Start 0.021ms
[94.252s][info][gc,phases   ] GC(141) Concurrent Relocate 1.008ms
[94.252s][info][gc,load     ] GC(141) Load: 0.00/0.00/0.00
[94.252s][info][gc,mmu      ] GC(141) MMU: 2ms/97.9%, 5ms/99.1%, 10ms/99.5%, 20ms/99.7%, 50ms/99.9%, 100ms/99.9%
[94.252s][info][gc,marking  ] GC(141) Mark: 2 stripe(s), 2 proactive flush(es), 1 terminate flush(es), 0 completion(s), 0 continuation(s) 
[94.252s][info][gc,marking  ] GC(141) Mark Stack Usage: 32M
[94.252s][info][gc,nmethod  ] GC(141) NMethods: 3239 registered, 0 unregistered
[94.252s][info][gc,metaspace] GC(141) Metaspace: 15M used, 16M committed, 1088M reserved
[94.252s][info][gc,ref      ] GC(141) Soft: 392 encountered, 0 discovered, 0 enqueued
[94.252s][info][gc,ref      ] GC(141) Weak: 731 encountered, 278 discovered, 0 enqueued
[94.252s][info][gc,ref      ] GC(141) Final: 0 encountered, 0 discovered, 0 enqueued
[94.252s][info][gc,ref      ] GC(141) Phantom: 64 encountered, 49 discovered, 0 enqueued
[94.252s][info][gc,reloc    ] GC(141) Small Pages: 146 / 292M, Empty: 278M, Relocated: 1M, In-Place: 0
[94.252s][info][gc,reloc    ] GC(141) Medium Pages: 1 / 32M, Empty: 32M, Relocated: 0M, In-Place: 0
[94.252s][info][gc,reloc    ] GC(141) Large Pages: 12 / 72M, Empty: 72M, Relocated: 0M, In-Place: 0
[94.252s][info][gc,reloc    ] GC(141) Forwarding Usage: 0M
[94.252s][info][gc,heap     ] GC(141) Min Capacity: 2048M(100%)
[94.252s][info][gc,heap     ] GC(141) Max Capacity: 2048M(100%)
[94.252s][info][gc,heap     ] GC(141) Soft Max Capacity: 2048M(100%)
[94.252s][info][gc,heap     ] GC(141)                Mark Start          Mark End        Relocate Start      Relocate End           High               Low         
[94.252s][info][gc,heap     ] GC(141)  Capacity:     2048M (100%)       2048M (100%)       2048M (100%)       2048M (100%)       2048M (100%)       2048M (100%)   
[94.252s][info][gc,heap     ] GC(141)      Free:     1652M (81%)        1652M (81%)        2034M (99%)        2038M (100%)       2038M (100%)       1652M (81%)    
[94.252s][info][gc,heap     ] GC(141)      Used:      396M (19%)         396M (19%)          14M (1%)           10M (0%)          396M (19%)          10M (0%)     
[94.252s][info][gc,heap     ] GC(141)      Live:         -                 6M (0%)            6M (0%)            6M (0%)             -                  -          
[94.252s][info][gc,heap     ] GC(141) Allocated:         -                 0M (0%)            0M (0%)            0M (0%)             -                  -          
[94.252s][info][gc,heap     ] GC(141)   Garbage:         -               389M (19%)           7M (0%)            3M (0%)             -                  -          
[94.252s][info][gc,heap     ] GC(141) Reclaimed:         -                  -               382M (19%)         386M (19%)            -                  -          
[94.252s][info][gc          ] GC(141) Garbage Collection (System.gc()) 396M(19%)->10M(0%)
[95.114s][info][gc,start    ] GC(142) Garbage Collection (Allocation Rate)
[95.114s][info][gc,task     ] GC(142) Using 2 workers
[95.114s][info][gc,phases   ] GC(142) Pause Mark Start 0.009ms
[95.364s][info][gc,phases   ] GC(142) Concurrent Mark 246.701ms
[95.365s][info][gc,phases   ] GC(142) Pause Mark End 0.020ms
[95.365s][info][gc,phases   ] GC(142) Concurrent Mark Free 0.001ms
[95.369s][info][gc,phases   ] GC(142) Concurrent Process Non-Strong References 4.184ms
[95.369s][info][gc,phases   ] GC(142) Concurrent Reset Relocation Set 0.001ms
[95.391s][info][gc,phases   ] GC(142) Concurrent Select Relocation Set 21.700ms
[95.391s][info][gc,phases   ] GC(142) Pause Relocate Start 0.010ms
[95.517s][info][gc,phases   ] GC(142) Concurrent Relocate 125.870ms
[95.517s][info][gc,load     ] GC(142) Load: 0.00/0.00/0.00
[95.517s][info][gc,mmu      ] GC(142) MMU: 2ms/97.9%, 5ms/99.1%, 10ms/99.5%, 20ms/99.7%, 50ms/99.9%, 100ms/99.9%
[95.517s][info][gc,marking  ] GC(142) Mark: 2 stripe(s), 1 proactive flush(es), 1 terminate flush(es), 0 completion(s), 0 continuation(s) 
[95.517s][info][gc,marking  ] GC(142) Mark Stack Usage: 32M
[95.517s][info][gc,nmethod  ] GC(142) NMethods: 3239 registered, 0 unregistered
[95.517s][info][gc,metaspace] GC(142) Metaspace: 15M used, 16M committed, 1088M reserved
[95.517s][info][gc,ref      ] GC(142) Soft: 392 encountered, 0 discovered, 0 enqueued
[95.517s][info][gc,ref      ] GC(142) Weak: 748 encountered, 18 discovered, 0 enqueued
[95.517s][info][gc,ref      ] GC(142) Final: 0 encountered, 0 discovered, 0 enqueued
[95.517s][info][gc,ref      ] GC(142) Phantom: 64 encountered, 50 discovered, 0 enqueued
[95.517s][info][gc,reloc    ] GC(142) Small Pages: 419 / 838M, Empty: 170M, Relocated: 192M, In-Place: 0
[95.517s][info][gc,reloc    ] GC(142) Medium Pages: 3 / 96M, Empty: 64M, Relocated: 0M, In-Place: 0
[95.517s][info][gc,reloc    ] GC(142) Large Pages: 21 / 154M, Empty: 82M, Relocated: 0M, In-Place: 0
[95.517s][info][gc,reloc    ] GC(142) Forwarding Usage: 119M
[95.517s][info][gc,heap     ] GC(142) Min Capacity: 2048M(100%)
[95.517s][info][gc,heap     ] GC(142) Max Capacity: 2048M(100%)
[95.517s][info][gc,heap     ] GC(142) Soft Max Capacity: 2048M(100%)
[95.517s][info][gc,heap     ] GC(142)                Mark Start          Mark End        Relocate Start      Relocate End           High               Low         
[95.517s][info][gc,heap     ] GC(142)  Capacity:     2048M (100%)       2048M (100%)       2048M (100%)       2048M (100%)       2048M (100%)       2048M (100%)   
[95.517s][info][gc,heap     ] GC(142)      Free:      960M (47%)         876M (43%)        1192M (58%)        1658M (81%)        1658M (81%)         876M (43%)    
[95.517s][info][gc,heap     ] GC(142)      Used:     1088M (53%)        1172M (57%)         856M (42%)         390M (19%)        1172M (57%)         390M (19%)    
[95.517s][info][gc,heap     ] GC(142)      Live:         -               272M (13%)         272M (13%)         272M (13%)            -                  -          
[95.517s][info][gc,heap     ] GC(142) Allocated:         -                84M (4%)           84M (4%)           84M (4%)             -                  -          
[95.517s][info][gc,heap     ] GC(142)   Garbage:         -               815M (40%)         499M (24%)          33M (2%)             -                  -          
[95.517s][info][gc,heap     ] GC(142) Reclaimed:         -                  -               316M (15%)         782M (38%)            -                  -          
[95.517s][info][gc          ] GC(142) Garbage Collection (Allocation Rate) 1088M(53%)->390M(19%)
[95.517s][info][gc,start    ] GC(143) Garbage Collection (System.gc())
[95.517s][info][gc,task     ] GC(143) Using 2 workers
[95.517s][info][gc,phases   ] GC(143) Pause Mark Start 0.008ms
[95.537s][info][gc,phases   ] GC(143) Concurrent Mark 19.997ms
[95.538s][info][gc,phases   ] GC(143) Pause Mark End 0.027ms
[95.538s][info][gc,phases   ] GC(143) Concurrent Mark Free 0.002ms
[95.542s][info][gc,phases   ] GC(143) Concurrent Process Non-Strong References 4.633ms
[95.542s][info][gc,phases   ] GC(143) Concurrent Reset Relocation Set 0.029ms
[95.551s][info][gc,phases   ] GC(143) Concurrent Select Relocation Set 8.594ms
[95.551s][info][gc,phases   ] GC(143) Pause Relocate Start 0.022ms
[95.552s][info][gc,phases   ] GC(143) Concurrent Relocate 1.093ms
[95.552s][info][gc,load     ] GC(143) Load: 0.00/0.00/0.00
[95.552s][info][gc,mmu      ] GC(143) MMU: 2ms/97.9%, 5ms/99.1%, 10ms/99.5%, 20ms/99.7%, 50ms/99.9%, 100ms/99.9%
[95.552s][info][gc,marking  ] GC(143) Mark: 2 stripe(s), 1 proactive flush(es), 1 terminate flush(es), 0 completion(s), 0 continuation(s) 
[95.553s][info][gc,marking  ] GC(143) Mark Stack Usage: 32M
[95.553s][info][gc,nmethod  ] GC(143) NMethods: 3239 registered, 0 unregistered
[95.553s][info][gc,metaspace] GC(143) Metaspace: 15M used, 16M committed, 1088M reserved
[95.553s][info][gc,ref      ] GC(143) Soft: 392 encountered, 0 discovered, 0 enqueued
[95.553s][info][gc,ref      ] GC(143) Weak: 731 encountered, 96 discovered, 0 enqueued
[95.553s][info][gc,ref      ] GC(143) Final: 0 encountered, 0 discovered, 0 enqueued
[95.553s][info][gc,ref      ] GC(143) Phantom: 64 encountered, 48 discovered, 0 enqueued
[95.553s][info][gc,reloc    ] GC(143) Small Pages: 143 / 286M, Empty: 272M, Relocated: 1M, In-Place: 0
[95.553s][info][gc,reloc    ] GC(143) Medium Pages: 1 / 32M, Empty: 32M, Relocated: 0M, In-Place: 0
[95.553s][info][gc,reloc    ] GC(143) Large Pages: 12 / 72M, Empty: 72M, Relocated: 0M, In-Place: 0
[95.553s][info][gc,reloc    ] GC(143) Forwarding Usage: 0M
[95.553s][info][gc,heap     ] GC(143) Min Capacity: 2048M(100%)
[95.553s][info][gc,heap     ] GC(143) Max Capacity: 2048M(100%)
[95.553s][info][gc,heap     ] GC(143) Soft Max Capacity: 2048M(100%)
[95.553s][info][gc,heap     ] GC(143)                Mark Start          Mark End        Relocate Start      Relocate End           High               Low         
[95.553s][info][gc,heap     ] GC(143)  Capacity:     2048M (100%)       2048M (100%)       2048M (100%)       2048M (100%)       2048M (100%)       2048M (100%)   
[95.553s][info][gc,heap     ] GC(143)      Free:     1658M (81%)        1658M (81%)        2034M (99%)        2038M (100%)       2038M (100%)       1658M (81%)    
[95.553s][info][gc,heap     ] GC(143)      Used:      390M (19%)         390M (19%)          14M (1%)           10M (0%)          390M (19%)          10M (0%)     
[95.553s][info][gc,heap     ] GC(143)      Live:         -                 6M (0%)            6M (0%)            6M (0%)             -                  -          
[95.553s][info][gc,heap     ] GC(143) Allocated:         -                 0M (0%)            0M (0%)            0M (0%)             -                  -          
[95.553s][info][gc,heap     ] GC(143)   Garbage:         -               383M (19%)           7M (0%)            3M (0%)             -                  -          
[95.553s][info][gc,heap     ] GC(143) Reclaimed:         -                  -               376M (18%)         380M (19%)            -                  -          
[95.553s][info][gc          ] GC(143) Garbage Collection (System.gc()) 390M(19%)->10M(0%)
[96.413s][info][gc,start    ] GC(144) Garbage Collection (Allocation Rate)
[96.413s][info][gc,task     ] GC(144) Using 2 workers
[96.413s][info][gc,phases   ] GC(144) Pause Mark Start 0.005ms
[96.685s][info][gc,phases   ] GC(144) Concurrent Mark 260.781ms
[96.685s][info][gc,phases   ] GC(144) Pause Mark End 0.025ms
[96.685s][info][gc,phases   ] GC(144) Concurrent Mark Free 0.001ms
[96.690s][info][gc,phases   ] GC(144) Concurrent Process Non-Strong References 4.652ms
[96.690s][info][gc,phases   ] GC(144) Concurrent Reset Relocation Set 0.001ms
[96.711s][info][gc,phases   ] GC(144) Concurrent Select Relocation Set 21.428ms
[96.711s][info][gc,phases   ] GC(144) Pause Relocate Start 0.019ms
[96.837s][info][gc,phases   ] GC(144) Concurrent Relocate 125.628ms
[96.837s][info][gc,load     ] GC(144) Load: 0.00/0.00/0.00
[96.837s][info][gc,mmu      ] GC(144) MMU: 2ms/97.9%, 5ms/99.1%, 10ms/99.5%, 20ms/99.7%, 50ms/99.9%, 100ms/99.9%
[96.837s][info][gc,marking  ] GC(144) Mark: 2 stripe(s), 2 proactive flush(es), 1 terminate flush(es), 0 completion(s), 0 continuation(s) 
[96.837s][info][gc,marking  ] GC(144) Mark Stack Usage: 32M
[96.837s][info][gc,nmethod  ] GC(144) NMethods: 3240 registered, 0 unregistered
[96.837s][info][gc,metaspace] GC(144) Metaspace: 15M used, 16M committed, 1088M reserved
[96.837s][info][gc,ref      ] GC(144) Soft: 392 encountered, 0 discovered, 0 enqueued
[96.837s][info][gc,ref      ] GC(144) Weak: 749 encountered, 397 discovered, 0 enqueued
[96.837s][info][gc,ref      ] GC(144) Final: 0 encountered, 0 discovered, 0 enqueued
[96.837s][info][gc,ref      ] GC(144) Phantom: 64 encountered, 48 discovered, 0 enqueued
[96.837s][info][gc,reloc    ] GC(144) Small Pages: 409 / 818M, Empty: 132M, Relocated: 192M, In-Place: 0
[96.837s][info][gc,reloc    ] GC(144) Medium Pages: 3 / 96M, Empty: 64M, Relocated: 0M, In-Place: 0
[96.837s][info][gc,reloc    ] GC(144) Large Pages: 21 / 154M, Empty: 82M, Relocated: 0M, In-Place: 0
[96.837s][info][gc,reloc    ] GC(144) Forwarding Usage: 117M
[96.837s][info][gc,heap     ] GC(144) Min Capacity: 2048M(100%)
[96.837s][info][gc,heap     ] GC(144) Max Capacity: 2048M(100%)
[96.837s][info][gc,heap     ] GC(144) Soft Max Capacity: 2048M(100%)
[96.837s][info][gc,heap     ] GC(144)                Mark Start          Mark End        Relocate Start      Relocate End           High               Low         
[96.837s][info][gc,heap     ] GC(144)  Capacity:     2048M (100%)       2048M (100%)       2048M (100%)       2048M (100%)       2048M (100%)       2048M (100%)   
[96.837s][info][gc,heap     ] GC(144)      Free:      980M (48%)         878M (43%)        1156M (56%)        1640M (80%)        1640M (80%)         878M (43%)    
[96.837s][info][gc,heap     ] GC(144)      Used:     1068M (52%)        1170M (57%)         892M (44%)         408M (20%)        1170M (57%)         408M (20%)    
[96.837s][info][gc,heap     ] GC(144)      Live:         -               272M (13%)         272M (13%)         272M (13%)            -                  -          
[96.837s][info][gc,heap     ] GC(144) Allocated:         -               102M (5%)          102M (5%)          102M (5%)             -                  -          
[96.837s][info][gc,heap     ] GC(144)   Garbage:         -               795M (39%)         517M (25%)          33M (2%)             -                  -          
[96.837s][info][gc,heap     ] GC(144) Reclaimed:         -                  -               278M (14%)         762M (37%)            -                  -          
[96.837s][info][gc          ] GC(144) Garbage Collection (Allocation Rate) 1068M(52%)->408M(20%)
[96.837s][info][gc,start    ] GC(145) Garbage Collection (System.gc())
[96.837s][info][gc,task     ] GC(145) Using 2 workers
[96.837s][info][gc,phases   ] GC(145) Pause Mark Start 0.005ms
[96.858s][info][gc,phases   ] GC(145) Concurrent Mark 20.156ms
[96.858s][info][gc,phases   ] GC(145) Pause Mark End 0.021ms
[96.858s][info][gc,phases   ] GC(145) Concurrent Mark Free 0.002ms
[96.862s][info][gc,phases   ] GC(145) Concurrent Process Non-Strong References 4.337ms
[96.862s][info][gc,phases   ] GC(145) Concurrent Reset Relocation Set 0.029ms
[96.871s][info][gc,phases   ] GC(145) Concurrent Select Relocation Set 8.300ms
[96.871s][info][gc,phases   ] GC(145) Pause Relocate Start 0.021ms
[96.872s][info][gc,phases   ] GC(145) Concurrent Relocate 1.009ms
[96.872s][info][gc,load     ] GC(145) Load: 0.00/0.00/0.00
[96.872s][info][gc,mmu      ] GC(145) MMU: 2ms/97.9%, 5ms/99.1%, 10ms/99.5%, 20ms/99.7%, 50ms/99.9%, 100ms/99.9%
[96.872s][info][gc,marking  ] GC(145) Mark: 2 stripe(s), 1 proactive flush(es), 1 terminate flush(es), 0 completion(s), 0 continuation(s) 
[96.872s][info][gc,marking  ] GC(145) Mark Stack Usage: 32M
[96.872s][info][gc,nmethod  ] GC(145) NMethods: 3240 registered, 0 unregistered
[96.872s][info][gc,metaspace] GC(145) Metaspace: 15M used, 16M committed, 1088M reserved
[96.872s][info][gc,ref      ] GC(145) Soft: 392 encountered, 0 discovered, 0 enqueued
[96.872s][info][gc,ref      ] GC(145) Weak: 731 encountered, 437 discovered, 0 enqueued
[96.872s][info][gc,ref      ] GC(145) Final: 0 encountered, 0 discovered, 0 enqueued
[96.872s][info][gc,ref      ] GC(145) Phantom: 64 encountered, 50 discovered, 0 enqueued
[96.872s][info][gc,reloc    ] GC(145) Small Pages: 152 / 304M, Empty: 290M, Relocated: 1M, In-Place: 0
[96.872s][info][gc,reloc    ] GC(145) Medium Pages: 1 / 32M, Empty: 32M, Relocated: 0M, In-Place: 0
[96.872s][info][gc,reloc    ] GC(145) Large Pages: 12 / 72M, Empty: 72M, Relocated: 0M, In-Place: 0
[96.872s][info][gc,reloc    ] GC(145) Forwarding Usage: 0M
[96.872s][info][gc,heap     ] GC(145) Min Capacity: 2048M(100%)
[96.872s][info][gc,heap     ] GC(145) Max Capacity: 2048M(100%)
[96.872s][info][gc,heap     ] GC(145) Soft Max Capacity: 2048M(100%)
[96.872s][info][gc,heap     ] GC(145)                Mark Start          Mark End        Relocate Start      Relocate End           High               Low         
[96.872s][info][gc,heap     ] GC(145)  Capacity:     2048M (100%)       2048M (100%)       2048M (100%)       2048M (100%)       2048M (100%)       2048M (100%)   
[96.872s][info][gc,heap     ] GC(145)      Free:     1640M (80%)        1640M (80%)        2034M (99%)        2038M (100%)       2038M (100%)       1640M (80%)    
[96.872s][info][gc,heap     ] GC(145)      Used:      408M (20%)         408M (20%)          14M (1%)           10M (0%)          408M (20%)          10M (0%)     
[96.872s][info][gc,heap     ] GC(145)      Live:         -                 6M (0%)            6M (0%)            6M (0%)             -                  -          
[96.872s][info][gc,heap     ] GC(145) Allocated:         -                 0M (0%)            0M (0%)            0M (0%)             -                  -          
[96.872s][info][gc,heap     ] GC(145)   Garbage:         -               401M (20%)           7M (0%)            3M (0%)             -                  -          
[96.872s][info][gc,heap     ] GC(145) Reclaimed:         -                  -               394M (19%)         398M (19%)            -                  -          
[96.872s][info][gc          ] GC(145) Garbage Collection (System.gc()) 408M(20%)->10M(0%)
[97.815s][info][gc,start    ] GC(146) Garbage Collection (Allocation Rate)
[97.815s][info][gc,task     ] GC(146) Using 2 workers
[97.815s][info][gc,phases   ] GC(146) Pause Mark Start 0.009ms
[98.069s][info][gc,phases   ] GC(146) Concurrent Mark 244.467ms
[98.069s][info][gc,phases   ] GC(146) Pause Mark End 0.016ms
[98.069s][info][gc,phases   ] GC(146) Concurrent Mark Free 0.003ms
[98.072s][info][gc,phases   ] GC(146) Concurrent Process Non-Strong References 2.848ms
[98.072s][info][gc,phases   ] GC(146) Concurrent Reset Relocation Set 0.001ms
[98.094s][info][gc,phases   ] GC(146) Concurrent Select Relocation Set 21.674ms
[98.094s][info][gc,phases   ] GC(146) Pause Relocate Start 0.011ms
[98.220s][info][gc,phases   ] GC(146) Concurrent Relocate 126.140ms
[98.220s][info][gc,load     ] GC(146) Load: 0.00/0.00/0.00
[98.220s][info][gc,mmu      ] GC(146) MMU: 2ms/97.9%, 5ms/99.1%, 10ms/99.5%, 20ms/99.7%, 50ms/99.9%, 100ms/99.9%
[98.220s][info][gc,marking  ] GC(146) Mark: 2 stripe(s), 2 proactive flush(es), 1 terminate flush(es), 0 completion(s), 0 continuation(s) 
[98.220s][info][gc,marking  ] GC(146) Mark Stack Usage: 32M
[98.220s][info][gc,nmethod  ] GC(146) NMethods: 3241 registered, 0 unregistered
[98.220s][info][gc,metaspace] GC(146) Metaspace: 15M used, 16M committed, 1088M reserved
[98.220s][info][gc,ref      ] GC(146) Soft: 392 encountered, 0 discovered, 0 enqueued
[98.220s][info][gc,ref      ] GC(146) Weak: 747 encountered, 6 discovered, 0 enqueued
[98.220s][info][gc,ref      ] GC(146) Final: 0 encountered, 0 discovered, 0 enqueued
[98.220s][info][gc,ref      ] GC(146) Phantom: 64 encountered, 49 discovered, 0 enqueued
[98.220s][info][gc,reloc    ] GC(146) Small Pages: 448 / 896M, Empty: 218M, Relocated: 192M, In-Place: 0
[98.220s][info][gc,reloc    ] GC(146) Medium Pages: 3 / 96M, Empty: 64M, Relocated: 0M, In-Place: 0
[98.220s][info][gc,reloc    ] GC(146) Large Pages: 21 / 154M, Empty: 82M, Relocated: 0M, In-Place: 0
[98.220s][info][gc,reloc    ] GC(146) Forwarding Usage: 120M
[98.220s][info][gc,heap     ] GC(146) Min Capacity: 2048M(100%)
[98.220s][info][gc,heap     ] GC(146) Max Capacity: 2048M(100%)
[98.220s][info][gc,heap     ] GC(146) Soft Max Capacity: 2048M(100%)
[98.220s][info][gc,heap     ] GC(146)                Mark Start          Mark End        Relocate Start      Relocate End           High               Low         
[98.220s][info][gc,heap     ] GC(146)  Capacity:     2048M (100%)       2048M (100%)       2048M (100%)       2048M (100%)       2048M (100%)       2048M (100%)   
[98.220s][info][gc,heap     ] GC(146)      Free:      902M (44%)         878M (43%)        1242M (61%)        1718M (84%)        1718M (84%)         878M (43%)    
[98.220s][info][gc,heap     ] GC(146)      Used:     1146M (56%)        1170M (57%)         806M (39%)         330M (16%)        1170M (57%)         330M (16%)    
[98.220s][info][gc,heap     ] GC(146)      Live:         -               272M (13%)         272M (13%)         272M (13%)            -                  -          
[98.220s][info][gc,heap     ] GC(146) Allocated:         -                24M (1%)           24M (1%)           24M (1%)             -                  -          
[98.220s][info][gc,heap     ] GC(146)   Garbage:         -               873M (43%)         509M (25%)          33M (2%)             -                  -          
[98.220s][info][gc,heap     ] GC(146) Reclaimed:         -                  -               364M (18%)         840M (41%)            -                  -          
[98.220s][info][gc          ] GC(146) Garbage Collection (Allocation Rate) 1146M(56%)->330M(16%)
[98.220s][info][gc,start    ] GC(147) Garbage Collection (System.gc())
[98.220s][info][gc,task     ] GC(147) Using 2 workers
[98.220s][info][gc,phases   ] GC(147) Pause Mark Start 0.008ms
[98.226s][info][gc,phases   ] GC(147) Concurrent Mark 5.160ms
[98.226s][info][gc,phases   ] GC(147) Pause Mark End 0.015ms
[98.226s][info][gc,phases   ] GC(147) Concurrent Mark Free 0.001ms
[98.229s][info][gc,phases   ] GC(147) Concurrent Process Non-Strong References 2.860ms
[98.229s][info][gc,phases   ] GC(147) Concurrent Reset Relocation Set 0.024ms
[98.237s][info][gc,phases   ] GC(147) Concurrent Select Relocation Set 8.318ms
[98.237s][info][gc,phases   ] GC(147) Pause Relocate Start 0.022ms
[98.239s][info][gc,phases   ] GC(147) Concurrent Relocate 1.100ms
[98.239s][info][gc,load     ] GC(147) Load: 0.00/0.00/0.00
[98.239s][info][gc,mmu      ] GC(147) MMU: 2ms/97.9%, 5ms/99.1%, 10ms/99.5%, 20ms/99.7%, 50ms/99.9%, 100ms/99.9%
[98.239s][info][gc,marking  ] GC(147) Mark: 2 stripe(s), 1 proactive flush(es), 1 terminate flush(es), 0 completion(s), 0 continuation(s) 
[98.239s][info][gc,marking  ] GC(147) Mark Stack Usage: 32M
[98.239s][info][gc,nmethod  ] GC(147) NMethods: 3241 registered, 0 unregistered
[98.239s][info][gc,metaspace] GC(147) Metaspace: 15M used, 16M committed, 1088M reserved
[98.239s][info][gc,ref      ] GC(147) Soft: 392 encountered, 0 discovered, 0 enqueued
[98.239s][info][gc,ref      ] GC(147) Weak: 731 encountered, 118 discovered, 0 enqueued
[98.239s][info][gc,ref      ] GC(147) Final: 0 encountered, 0 discovered, 0 enqueued
[98.239s][info][gc,ref      ] GC(147) Phantom: 64 encountered, 48 discovered, 0 enqueued
[98.239s][info][gc,reloc    ] GC(147) Small Pages: 113 / 226M, Empty: 210M, Relocated: 1M, In-Place: 0
[98.239s][info][gc,reloc    ] GC(147) Medium Pages: 1 / 32M, Empty: 32M, Relocated: 0M, In-Place: 0
[98.239s][info][gc,reloc    ] GC(147) Large Pages: 12 / 72M, Empty: 72M, Relocated: 0M, In-Place: 0
[98.239s][info][gc,reloc    ] GC(147) Forwarding Usage: 0M
[98.239s][info][gc,heap     ] GC(147) Min Capacity: 2048M(100%)
[98.239s][info][gc,heap     ] GC(147) Max Capacity: 2048M(100%)
[98.239s][info][gc,heap     ] GC(147) Soft Max Capacity: 2048M(100%)
[98.239s][info][gc,heap     ] GC(147)                Mark Start          Mark End        Relocate Start      Relocate End           High               Low         
[98.239s][info][gc,heap     ] GC(147)  Capacity:     2048M (100%)       2048M (100%)       2048M (100%)       2048M (100%)       2048M (100%)       2048M (100%)   
[98.239s][info][gc,heap     ] GC(147)      Free:     1718M (84%)        1718M (84%)        2032M (99%)        2038M (100%)       2038M (100%)       1718M (84%)    
[98.239s][info][gc,heap     ] GC(147)      Used:      330M (16%)         330M (16%)          16M (1%)           10M (0%)          330M (16%)          10M (0%)     
[98.239s][info][gc,heap     ] GC(147)      Live:         -                 6M (0%)            6M (0%)            6M (0%)             -                  -          
[98.239s][info][gc,heap     ] GC(147) Allocated:         -                 0M (0%)            0M (0%)            0M (0%)             -                  -          
[98.239s][info][gc,heap     ] GC(147)   Garbage:         -               323M (16%)           9M (0%)            3M (0%)             -                  -          
[98.239s][info][gc,heap     ] GC(147) Reclaimed:         -                  -               314M (15%)         320M (16%)            -                  -          
[98.239s][info][gc          ] GC(147) Garbage Collection (System.gc()) 330M(16%)->10M(0%)
[99.109s][info][gc,start    ] GC(148) Garbage Collection (Allocation Rate)
[99.109s][info][gc,task     ] GC(148) Using 2 workers
[99.109s][info][gc,phases   ] GC(148) Pause Mark Start 0.007ms
[99.382s][info][gc,phases   ] GC(148) Concurrent Mark 241.331ms
[99.383s][info][gc,phases   ] GC(148) Pause Mark End 0.020ms
[99.383s][info][gc,phases   ] GC(148) Concurrent Mark Free 0.002ms
[99.386s][info][gc,phases   ] GC(148) Concurrent Process Non-Strong References 3.434ms
[99.386s][info][gc,phases   ] GC(148) Concurrent Reset Relocation Set 0.001ms
[99.408s][info][gc,phases   ] GC(148) Concurrent Select Relocation Set 21.447ms
[99.408s][info][gc,phases   ] GC(148) Pause Relocate Start 0.010ms
[99.536s][info][gc,phases   ] GC(148) Concurrent Relocate 127.553ms
[99.536s][info][gc,load     ] GC(148) Load: 0.00/0.00/0.00
[99.536s][info][gc,mmu      ] GC(148) MMU: 2ms/97.9%, 5ms/99.1%, 10ms/99.5%, 20ms/99.7%, 50ms/99.9%, 100ms/99.9%
[99.536s][info][gc,marking  ] GC(148) Mark: 2 stripe(s), 2 proactive flush(es), 1 terminate flush(es), 0 completion(s), 0 continuation(s) 
[99.536s][info][gc,marking  ] GC(148) Mark Stack Usage: 32M
[99.536s][info][gc,nmethod  ] GC(148) NMethods: 3241 registered, 0 unregistered
[99.536s][info][gc,metaspace] GC(148) Metaspace: 15M used, 16M committed, 1088M reserved
[99.536s][info][gc,ref      ] GC(148) Soft: 392 encountered, 0 discovered, 0 enqueued
[99.536s][info][gc,ref      ] GC(148) Weak: 748 encountered, 24 discovered, 0 enqueued
[99.536s][info][gc,ref      ] GC(148) Final: 0 encountered, 0 discovered, 0 enqueued
[99.536s][info][gc,ref      ] GC(148) Phantom: 64 encountered, 27 discovered, 0 enqueued
[99.536s][info][gc,reloc    ] GC(148) Small Pages: 416 / 832M, Empty: 158M, Relocated: 192M, In-Place: 0
[99.536s][info][gc,reloc    ] GC(148) Medium Pages: 3 / 96M, Empty: 64M, Relocated: 0M, In-Place: 0
[99.536s][info][gc,reloc    ] GC(148) Large Pages: 21 / 154M, Empty: 82M, Relocated: 0M, In-Place: 0
[99.536s][info][gc,reloc    ] GC(148) Forwarding Usage: 120M
[99.536s][info][gc,heap     ] GC(148) Min Capacity: 2048M(100%)
[99.536s][info][gc,heap     ] GC(148) Max Capacity: 2048M(100%)
[99.536s][info][gc,heap     ] GC(148) Soft Max Capacity: 2048M(100%)
[99.536s][info][gc,heap     ] GC(148)                Mark Start          Mark End        Relocate Start      Relocate End           High               Low         
[99.536s][info][gc,heap     ] GC(148)  Capacity:     2048M (100%)       2048M (100%)       2048M (100%)       2048M (100%)       2048M (100%)       2048M (100%)   
[99.536s][info][gc,heap     ] GC(148)      Free:      966M (47%)         876M (43%)        1180M (58%)        1650M (81%)        1650M (81%)         876M (43%)    
[99.536s][info][gc,heap     ] GC(148)      Used:     1082M (53%)        1172M (57%)         868M (42%)         398M (19%)        1172M (57%)         398M (19%)    
[99.536s][info][gc,heap     ] GC(148)      Live:         -               272M (13%)         272M (13%)         272M (13%)            -                  -          
[99.536s][info][gc,heap     ] GC(148) Allocated:         -                90M (4%)           90M (4%)           90M (4%)             -                  -          
[99.536s][info][gc,heap     ] GC(148)   Garbage:         -               809M (40%)         505M (25%)          35M (2%)             -                  -          
[99.536s][info][gc,heap     ] GC(148) Reclaimed:         -                  -               304M (15%)         774M (38%)            -                  -          
[99.536s][info][gc          ] GC(148) Garbage Collection (Allocation Rate) 1082M(53%)->398M(19%)
[99.536s][info][gc,start    ] GC(149) Garbage Collection (System.gc())
[99.536s][info][gc,task     ] GC(149) Using 2 workers
[99.536s][info][gc,phases   ] GC(149) Pause Mark Start 0.006ms
[99.555s][info][gc,phases   ] GC(149) Concurrent Mark 18.965ms
[99.555s][info][gc,phases   ] GC(149) Pause Mark End 0.026ms
[99.555s][info][gc,phases   ] GC(149) Concurrent Mark Free 0.003ms
[99.560s][info][gc,phases   ] GC(149) Concurrent Process Non-Strong References 4.553ms
[99.560s][info][gc,phases   ] GC(149) Concurrent Reset Relocation Set 0.034ms
[99.569s][info][gc,phases   ] GC(149) Concurrent Select Relocation Set 8.687ms
[99.569s][info][gc,phases   ] GC(149) Pause Relocate Start 0.023ms
[99.570s][info][gc,phases   ] GC(149) Concurrent Relocate 0.860ms
[99.570s][info][gc,load     ] GC(149) Load: 0.00/0.00/0.00
[99.570s][info][gc,mmu      ] GC(149) MMU: 2ms/97.9%, 5ms/99.1%, 10ms/99.5%, 20ms/99.7%, 50ms/99.9%, 100ms/99.9%
[99.570s][info][gc,marking  ] GC(149) Mark: 2 stripe(s), 1 proactive flush(es), 1 terminate flush(es), 0 completion(s), 0 continuation(s) 
[99.570s][info][gc,marking  ] GC(149) Mark Stack Usage: 32M
[99.570s][info][gc,nmethod  ] GC(149) NMethods: 3241 registered, 0 unregistered
[99.570s][info][gc,metaspace] GC(149) Metaspace: 15M used, 16M committed, 1088M reserved
[99.570s][info][gc,ref      ] GC(149) Soft: 392 encountered, 0 discovered, 0 enqueued
[99.570s][info][gc,ref      ] GC(149) Weak: 731 encountered, 69 discovered, 0 enqueued
[99.570s][info][gc,ref      ] GC(149) Final: 0 encountered, 0 discovered, 0 enqueued
[99.570s][info][gc,ref      ] GC(149) Phantom: 64 encountered, 52 discovered, 0 enqueued
[99.570s][info][gc,reloc    ] GC(149) Small Pages: 147 / 294M, Empty: 280M, Relocated: 1M, In-Place: 0
[99.570s][info][gc,reloc    ] GC(149) Medium Pages: 1 / 32M, Empty: 32M, Relocated: 0M, In-Place: 0
[99.570s][info][gc,reloc    ] GC(149) Large Pages: 12 / 72M, Empty: 72M, Relocated: 0M, In-Place: 0
[99.570s][info][gc,reloc    ] GC(149) Forwarding Usage: 0M
[99.570s][info][gc,heap     ] GC(149) Min Capacity: 2048M(100%)
[99.570s][info][gc,heap     ] GC(149) Max Capacity: 2048M(100%)
[99.570s][info][gc,heap     ] GC(149) Soft Max Capacity: 2048M(100%)
[99.570s][info][gc,heap     ] GC(149)                Mark Start          Mark End        Relocate Start      Relocate End           High               Low         
[99.570s][info][gc,heap     ] GC(149)  Capacity:     2048M (100%)       2048M (100%)       2048M (100%)       2048M (100%)       2048M (100%)       2048M (100%)   
[99.570s][info][gc,heap     ] GC(149)      Free:     1650M (81%)        1650M (81%)        2034M (99%)        2038M (100%)       2038M (100%)       1650M (81%)    
[99.570s][info][gc,heap     ] GC(149)      Used:      398M (19%)         398M (19%)          14M (1%)           10M (0%)          398M (19%)          10M (0%)     
[99.570s][info][gc,heap     ] GC(149)      Live:         -                 6M (0%)            6M (0%)            6M (0%)             -                  -          
[99.570s][info][gc,heap     ] GC(149) Allocated:         -                 0M (0%)            0M (0%)            0M (0%)             -                  -          
[99.570s][info][gc,heap     ] GC(149)   Garbage:         -               391M (19%)           7M (0%)            3M (0%)             -                  -          
[99.570s][info][gc,heap     ] GC(149) Reclaimed:         -                  -               384M (19%)         388M (19%)            -                  -          
[99.570s][info][gc          ] GC(149) Garbage Collection (System.gc()) 398M(19%)->10M(0%)
[100.104s][info][gc,stats    ] === Garbage Collection Statistics =======================================================================================================================
[100.104s][info][gc,stats    ]                                                              Last 10s              Last 10m              Last 10h                Total
[100.104s][info][gc,stats    ]                                                              Avg / Max             Avg / Max             Avg / Max             Avg / Max
[100.104s][info][gc,stats    ]   Collector: Garbage Collection Cycle                    222.936 / 428.532     225.255 / 465.355     225.255 / 465.355     225.255 / 465.355     ms
[100.104s][info][gc,stats    ]  Contention: Mark Segment Reset Contention                     0 / 2                 0 / 14                0 / 14                0 / 14          ops/s
[100.104s][info][gc,stats    ]  Contention: Mark SeqNum Reset Contention                      0 / 0                 0 / 1                 0 / 1                 0 / 1           ops/s
[100.104s][info][gc,stats    ]    Critical: Allocation Stall                                  0 / 0                 0 / 0                 0 / 0                 0 / 0           ops/s
[100.105s][info][gc,stats    ]    Critical: Allocation Stall                              0.000 / 0.000         0.000 / 0.000         0.000 / 0.000         0.000 / 0.000       ms
[100.105s][info][gc,stats    ]    Critical: GC Locker Stall                                   0 / 0                 0 / 0                 0 / 0                 0 / 0           ops/s
[100.105s][info][gc,stats    ]    Critical: GC Locker Stall                               0.000 / 0.000         0.000 / 0.000         0.000 / 0.000         0.000 / 0.000       ms
[100.105s][info][gc,stats    ]    Critical: Relocation Stall                                  0 / 0                 0 / 0                 0 / 0                 0 / 0           ops/s
[100.105s][info][gc,stats    ]    Critical: Relocation Stall                              0.000 / 0.000         0.000 / 0.000         0.000 / 0.000         0.000 / 0.000       ms
[100.105s][info][gc,stats    ]      Memory: Allocation Rate                                 883 / 1078            897 / 1244            897 / 1244            897 / 1244        MB/s
[100.105s][info][gc,stats    ]      Memory: Out Of Memory                                     0 / 0                 0 / 0                 0 / 0                 0 / 0           ops/s
[100.105s][info][gc,stats    ]      Memory: Page Cache Flush                                  0 / 0                 0 / 0                 0 / 0                 0 / 0           MB/s
[100.105s][info][gc,stats    ]      Memory: Page Cache Hit L1                               446 / 521             439 / 557             439 / 557             439 / 557         ops/s
[100.105s][info][gc,stats    ]      Memory: Page Cache Hit L2                                 0 / 0                 0 / 0                 0 / 0                 0 / 0           ops/s
[100.105s][info][gc,stats    ]      Memory: Page Cache Hit L3                                 0 / 0                 5 / 195               5 / 195               5 / 195         ops/s
[100.105s][info][gc,stats    ]      Memory: Page Cache Miss                                   0 / 0                 0 / 1                 0 / 1                 0 / 1           ops/s
[100.105s][info][gc,stats    ]      Memory: Uncommit                                          0 / 0                 0 / 0                 0 / 0                 0 / 0           MB/s
[100.105s][info][gc,stats    ]      Memory: Undo Object Allocation Failed                     0 / 0                 0 / 2                 0 / 2                 0 / 2           ops/s
[100.105s][info][gc,stats    ]      Memory: Undo Object Allocation Succeeded                  0 / 0              2780 / 248763         2780 / 248763         2780 / 248763      ops/s
[100.105s][info][gc,stats    ]      Memory: Undo Page Allocation                              0 / 2                 0 / 3                 0 / 3                 0 / 3           ops/s
[100.105s][info][gc,stats    ]       Phase: Concurrent Mark                             133.303 / 260.781     133.725 / 352.487     133.725 / 352.487     133.725 / 352.487     ms
[100.105s][info][gc,stats    ]       Phase: Concurrent Mark Continue                      0.000 / 0.000         0.000 / 0.000         0.000 / 0.000         0.000 / 0.000       ms
[100.105s][info][gc,stats    ]       Phase: Concurrent Mark Free                          0.002 / 0.003         0.002 / 0.004         0.002 / 0.004         0.002 / 0.004       ms
[100.105s][info][gc,stats    ]       Phase: Concurrent Process Non-Strong References      3.909 / 4.703         3.616 / 15.958        3.616 / 15.958        3.616 / 15.958      ms
[100.105s][info][gc,stats    ]       Phase: Concurrent Relocate                          64.052 / 130.218      64.062 / 151.919      64.062 / 151.919      64.062 / 151.919     ms
[100.105s][info][gc,stats    ]       Phase: Concurrent Reset Relocation Set               0.015 / 0.035         0.015 / 0.050         0.015 / 0.050         0.015 / 0.050       ms
[100.105s][info][gc,stats    ]       Phase: Concurrent Select Relocation Set             15.119 / 22.236       15.361 / 26.863       15.361 / 26.863       15.361 / 26.863      ms
[100.105s][info][gc,stats    ]       Phase: Pause Mark End                                0.021 / 0.028         0.021 / 0.043         0.021 / 0.043         0.021 / 0.043       ms
[100.105s][info][gc,stats    ]       Phase: Pause Mark Start                              0.007 / 0.009         0.008 / 0.019         0.008 / 0.019         0.008 / 0.019       ms
[100.105s][info][gc,stats    ]       Phase: Pause Relocate Start                          0.017 / 0.023         0.017 / 0.032         0.017 / 0.032         0.017 / 0.032       ms
[100.105s][info][gc,stats    ]    Subphase: Concurrent Classes Purge                      0.128 / 0.146         0.121 / 0.252         0.121 / 0.252         0.121 / 0.252       ms
[100.105s][info][gc,stats    ]    Subphase: Concurrent Classes Unlink                     3.175 / 3.860         2.787 / 4.168         2.787 / 4.168         2.787 / 4.168       ms
[100.105s][info][gc,stats    ]    Subphase: Concurrent Mark                             127.132 / 260.311     128.186 / 351.776     128.186 / 351.776     128.186 / 351.776     ms
[100.105s][info][gc,stats    ]    Subphase: Concurrent Mark Try Flush                     0.100 / 0.402         0.213 / 15.584        0.213 / 15.584        0.213 / 15.584      ms
[100.105s][info][gc,stats    ]    Subphase: Concurrent Mark Try Terminate                 4.250 / 16.774        4.107 / 16.875        4.107 / 16.875        4.107 / 16.875      ms
[100.105s][info][gc,stats    ]    Subphase: Concurrent References Enqueue                 0.000 / 0.001         0.000 / 0.005         0.000 / 0.005         0.000 / 0.005       ms
[100.105s][info][gc,stats    ]    Subphase: Concurrent References Process                 0.121 / 0.187         0.121 / 0.238         0.121 / 0.238         0.121 / 0.238       ms
[100.105s][info][gc,stats    ]    Subphase: Concurrent Roots ClassLoaderDataGraph         0.078 / 0.186         0.085 / 0.334         0.085 / 0.334         0.085 / 0.334       ms
[100.105s][info][gc,stats    ]    Subphase: Concurrent Roots CodeCache                    0.000 / 0.000         0.000 / 0.000         0.000 / 0.000         0.000 / 0.000       ms
[100.105s][info][gc,stats    ]    Subphase: Concurrent Roots JavaThreads                  0.179 / 0.318         0.233 / 2.583         0.233 / 2.583         0.233 / 2.583       ms
[100.105s][info][gc,stats    ]    Subphase: Concurrent Roots OopStorageSet                0.014 / 0.023         0.017 / 0.053         0.017 / 0.053         0.017 / 0.053       ms
[100.105s][info][gc,stats    ]    Subphase: Concurrent Weak Roots OopStorageSet           0.304 / 0.442         0.322 / 0.505         0.322 / 0.505         0.322 / 0.505       ms
[100.105s][info][gc,stats    ]    Subphase: Pause Mark Try Complete                       0.000 / 0.000         0.000 / 0.000         0.000 / 0.000         0.000 / 0.000       ms
[100.105s][info][gc,stats    ]      System: Java Threads                                     12 / 18               13 / 19               13 / 19               13 / 19          threads
[100.105s][info][gc,stats    ] =========================================================================================================================================================
[100.508s][info][gc,start    ] GC(150) Garbage Collection (Allocation Rate)
[100.508s][info][gc,task     ] GC(150) Using 2 workers
[100.508s][info][gc,phases   ] GC(150) Pause Mark Start 0.006ms
[100.742s][info][gc,phases   ] GC(150) Concurrent Mark 232.426ms
[100.743s][info][gc,phases   ] GC(150) Pause Mark End 0.022ms
[100.743s][info][gc,phases   ] GC(150) Concurrent Mark Free 0.001ms
[100.746s][info][gc,phases   ] GC(150) Concurrent Process Non-Strong References 3.588ms
[100.746s][info][gc,phases   ] GC(150) Concurrent Reset Relocation Set 0.001ms
[100.767s][info][gc,phases   ] GC(150) Concurrent Select Relocation Set 20.898ms
[100.767s][info][gc,phases   ] GC(150) Pause Relocate Start 0.011ms
[100.893s][info][gc,phases   ] GC(150) Concurrent Relocate 125.422ms
[100.893s][info][gc,load     ] GC(150) Load: 0.00/0.00/0.00
[100.893s][info][gc,mmu      ] GC(150) MMU: 2ms/97.9%, 5ms/99.1%, 10ms/99.5%, 20ms/99.7%, 50ms/99.9%, 100ms/99.9%
[100.893s][info][gc,marking  ] GC(150) Mark: 2 stripe(s), 2 proactive flush(es), 1 terminate flush(es), 0 completion(s), 0 continuation(s) 
[100.893s][info][gc,marking  ] GC(150) Mark Stack Usage: 32M
[100.893s][info][gc,nmethod  ] GC(150) NMethods: 3253 registered, 0 unregistered
[100.893s][info][gc,metaspace] GC(150) Metaspace: 15M used, 16M committed, 1088M reserved
[100.893s][info][gc,ref      ] GC(150) Soft: 392 encountered, 0 discovered, 0 enqueued
[100.893s][info][gc,ref      ] GC(150) Weak: 748 encountered, 112 discovered, 0 enqueued
[100.893s][info][gc,ref      ] GC(150) Final: 0 encountered, 0 discovered, 0 enqueued
[100.893s][info][gc,ref      ] GC(150) Phantom: 64 encountered, 55 discovered, 0 enqueued
[100.893s][info][gc,reloc    ] GC(150) Small Pages: 445 / 890M, Empty: 208M, Relocated: 192M, In-Place: 0
[100.893s][info][gc,reloc    ] GC(150) Medium Pages: 3 / 96M, Empty: 64M, Relocated: 0M, In-Place: 0
[100.893s][info][gc,reloc    ] GC(150) Large Pages: 21 / 154M, Empty: 82M, Relocated: 0M, In-Place: 0
[100.893s][info][gc,reloc    ] GC(150) Forwarding Usage: 118M
[100.893s][info][gc,heap     ] GC(150) Min Capacity: 2048M(100%)
[100.893s][info][gc,heap     ] GC(150) Max Capacity: 2048M(100%)
[100.893s][info][gc,heap     ] GC(150) Soft Max Capacity: 2048M(100%)
[100.893s][info][gc,heap     ] GC(150)                Mark Start          Mark End        Relocate Start      Relocate End           High               Low         
[100.893s][info][gc,heap     ] GC(150)  Capacity:     2048M (100%)       2048M (100%)       2048M (100%)       2048M (100%)       2048M (100%)       2048M (100%)   
[100.893s][info][gc,heap     ] GC(150)      Free:      908M (44%)         876M (43%)        1230M (60%)        1710M (83%)        1710M (83%)         876M (43%)    
[100.893s][info][gc,heap     ] GC(150)      Used:     1140M (56%)        1172M (57%)         818M (40%)         338M (17%)        1172M (57%)         338M (17%)    
[100.893s][info][gc,heap     ] GC(150)      Live:         -               272M (13%)         272M (13%)         272M (13%)            -                  -          
[100.893s][info][gc,heap     ] GC(150) Allocated:         -                32M (2%)           32M (2%)           32M (2%)             -                  -          
[100.893s][info][gc,heap     ] GC(150)   Garbage:         -               867M (42%)         513M (25%)          33M (2%)             -                  -          
[100.893s][info][gc,heap     ] GC(150) Reclaimed:         -                  -               354M (17%)         834M (41%)            -                  -          
[100.893s][info][gc          ] GC(150) Garbage Collection (Allocation Rate) 1140M(56%)->338M(17%)
[100.893s][info][gc,start    ] GC(151) Garbage Collection (System.gc())
[100.893s][info][gc,task     ] GC(151) Using 2 workers
[100.894s][info][gc,phases   ] GC(151) Pause Mark Start 0.008ms
[100.899s][info][gc,phases   ] GC(151) Concurrent Mark 5.400ms
[100.899s][info][gc,phases   ] GC(151) Pause Mark End 0.017ms
[100.902s][info][gc,phases   ] GC(151) Concurrent Mark Free 0.001ms
[100.905s][info][gc,phases   ] GC(151) Concurrent Process Non-Strong References 3.361ms
[100.905s][info][gc,phases   ] GC(151) Concurrent Reset Relocation Set 0.032ms
[100.913s][info][gc,phases   ] GC(151) Concurrent Select Relocation Set 8.244ms
[100.914s][info][gc,phases   ] GC(151) Pause Relocate Start 0.021ms
[100.915s][info][gc,phases   ] GC(151) Concurrent Relocate 1.377ms
[100.915s][info][gc,load     ] GC(151) Load: 0.00/0.00/0.00
[100.915s][info][gc,mmu      ] GC(151) MMU: 2ms/97.9%, 5ms/99.1%, 10ms/99.5%, 20ms/99.7%, 50ms/99.9%, 100ms/99.9%
[100.915s][info][gc,marking  ] GC(151) Mark: 2 stripe(s), 1 proactive flush(es), 1 terminate flush(es), 0 completion(s), 0 continuation(s) 
[100.915s][info][gc,marking  ] GC(151) Mark Stack Usage: 32M
[100.915s][info][gc,nmethod  ] GC(151) NMethods: 3253 registered, 0 unregistered
[100.915s][info][gc,metaspace] GC(151) Metaspace: 15M used, 16M committed, 1088M reserved
[100.915s][info][gc,ref      ] GC(151) Soft: 392 encountered, 0 discovered, 0 enqueued
[100.915s][info][gc,ref      ] GC(151) Weak: 731 encountered, 19 discovered, 0 enqueued
[100.915s][info][gc,ref      ] GC(151) Final: 0 encountered, 0 discovered, 0 enqueued
[100.915s][info][gc,ref      ] GC(151) Phantom: 64 encountered, 52 discovered, 0 enqueued
[100.915s][info][gc,reloc    ] GC(151) Small Pages: 117 / 234M, Empty: 218M, Relocated: 1M, In-Place: 0
[100.915s][info][gc,reloc    ] GC(151) Medium Pages: 1 / 32M, Empty: 32M, Relocated: 0M, In-Place: 0
[100.915s][info][gc,reloc    ] GC(151) Large Pages: 12 / 72M, Empty: 72M, Relocated: 0M, In-Place: 0
[100.915s][info][gc,reloc    ] GC(151) Forwarding Usage: 0M
[100.915s][info][gc,heap     ] GC(151) Min Capacity: 2048M(100%)
[100.915s][info][gc,heap     ] GC(151) Max Capacity: 2048M(100%)
[100.915s][info][gc,heap     ] GC(151) Soft Max Capacity: 2048M(100%)
[100.915s][info][gc,heap     ] GC(151)                Mark Start          Mark End        Relocate Start      Relocate End           High               Low         
[100.915s][info][gc,heap     ] GC(151)  Capacity:     2048M (100%)       2048M (100%)       2048M (100%)       2048M (100%)       2048M (100%)       2048M (100%)   
[100.915s][info][gc,heap     ] GC(151)      Free:     1710M (83%)        1710M (83%)        2032M (99%)        2038M (100%)       2038M (100%)       1710M (83%)    
[100.915s][info][gc,heap     ] GC(151)      Used:      338M (17%)         338M (17%)          16M (1%)           10M (0%)          338M (17%)          10M (0%)     
[100.915s][info][gc,heap     ] GC(151)      Live:         -                 6M (0%)            6M (0%)            6M (0%)             -                  -          
[100.915s][info][gc,heap     ] GC(151) Allocated:         -                 0M (0%)            0M (0%)            0M (0%)             -                  -          
[100.915s][info][gc,heap     ] GC(151)   Garbage:         -               331M (16%)           9M (0%)            3M (0%)             -                  -          
[100.915s][info][gc,heap     ] GC(151) Reclaimed:         -                  -               322M (16%)         328M (16%)            -                  -          
[100.915s][info][gc          ] GC(151) Garbage Collection (System.gc()) 338M(17%)->10M(0%)
[101.810s][info][gc,start    ] GC(152) Garbage Collection (Allocation Rate)
[101.810s][info][gc,task     ] GC(152) Using 2 workers
[101.810s][info][gc,phases   ] GC(152) Pause Mark Start 0.008ms
[102.056s][info][gc,phases   ] GC(152) Concurrent Mark 231.536ms
[102.057s][info][gc,phases   ] GC(152) Pause Mark End 0.020ms
[102.057s][info][gc,phases   ] GC(152) Concurrent Mark Free 0.002ms
[102.060s][info][gc,phases   ] GC(152) Concurrent Process Non-Strong References 3.207ms
[102.060s][info][gc,phases   ] GC(152) Concurrent Reset Relocation Set 0.001ms
[102.081s][info][gc,phases   ] GC(152) Concurrent Select Relocation Set 20.794ms
[102.081s][info][gc,phases   ] GC(152) Pause Relocate Start 0.010ms
[102.207s][info][gc,phases   ] GC(152) Concurrent Relocate 125.489ms
[102.207s][info][gc,load     ] GC(152) Load: 0.00/0.00/0.00
[102.207s][info][gc,mmu      ] GC(152) MMU: 2ms/97.9%, 5ms/99.1%, 10ms/99.5%, 20ms/99.7%, 50ms/99.9%, 100ms/99.9%
[102.207s][info][gc,marking  ] GC(152) Mark: 2 stripe(s), 2 proactive flush(es), 1 terminate flush(es), 0 completion(s), 0 continuation(s) 
[102.207s][info][gc,marking  ] GC(152) Mark Stack Usage: 32M
[102.207s][info][gc,nmethod  ] GC(152) NMethods: 3254 registered, 0 unregistered
[102.207s][info][gc,metaspace] GC(152) Metaspace: 15M used, 16M committed, 1088M reserved
[102.207s][info][gc,ref      ] GC(152) Soft: 392 encountered, 0 discovered, 0 enqueued
[102.207s][info][gc,ref      ] GC(152) Weak: 748 encountered, 130 discovered, 0 enqueued
[102.207s][info][gc,ref      ] GC(152) Final: 0 encountered, 0 discovered, 0 enqueued
[102.207s][info][gc,ref      ] GC(152) Phantom: 64 encountered, 50 discovered, 0 enqueued
[102.207s][info][gc,reloc    ] GC(152) Small Pages: 424 / 848M, Empty: 170M, Relocated: 192M, In-Place: 0
[102.207s][info][gc,reloc    ] GC(152) Medium Pages: 3 / 96M, Empty: 64M, Relocated: 0M, In-Place: 0
[102.207s][info][gc,reloc    ] GC(152) Large Pages: 21 / 154M, Empty: 82M, Relocated: 0M, In-Place: 0
[102.207s][info][gc,reloc    ] GC(152) Forwarding Usage: 118M
[102.207s][info][gc,heap     ] GC(152) Min Capacity: 2048M(100%)
[102.207s][info][gc,heap     ] GC(152) Max Capacity: 2048M(100%)
[102.207s][info][gc,heap     ] GC(152) Soft Max Capacity: 2048M(100%)
[102.207s][info][gc,heap     ] GC(152)                Mark Start          Mark End        Relocate Start      Relocate End           High               Low         
[102.207s][info][gc,heap     ] GC(152)  Capacity:     2048M (100%)       2048M (100%)       2048M (100%)       2048M (100%)       2048M (100%)       2048M (100%)   
[102.207s][info][gc,heap     ] GC(152)      Free:      950M (46%)         876M (43%)        1192M (58%)        1668M (81%)        1668M (81%)         876M (43%)    
[102.207s][info][gc,heap     ] GC(152)      Used:     1098M (54%)        1172M (57%)         856M (42%)         380M (19%)        1172M (57%)         380M (19%)    
[102.207s][info][gc,heap     ] GC(152)      Live:         -               272M (13%)         272M (13%)         272M (13%)            -                  -          
[102.207s][info][gc,heap     ] GC(152) Allocated:         -                74M (4%)           74M (4%)           74M (4%)             -                  -          
[102.207s][info][gc,heap     ] GC(152)   Garbage:         -               825M (40%)         509M (25%)          33M (2%)             -                  -          
[102.207s][info][gc,heap     ] GC(152) Reclaimed:         -                  -               316M (15%)         792M (39%)            -                  -          
[102.207s][info][gc          ] GC(152) Garbage Collection (Allocation Rate) 1098M(54%)->380M(19%)
[102.207s][info][gc,start    ] GC(153) Garbage Collection (System.gc())
[102.207s][info][gc,task     ] GC(153) Using 2 workers
[102.207s][info][gc,phases   ] GC(153) Pause Mark Start 0.007ms
[102.229s][info][gc,phases   ] GC(153) Concurrent Mark 21.352ms
[102.229s][info][gc,phases   ] GC(153) Pause Mark End 0.019ms
[102.229s][info][gc,phases   ] GC(153) Concurrent Mark Free 0.002ms
[102.232s][info][gc,phases   ] GC(153) Concurrent Process Non-Strong References 3.242ms
[102.232s][info][gc,phases   ] GC(153) Concurrent Reset Relocation Set 0.035ms
[102.241s][info][gc,phases   ] GC(153) Concurrent Select Relocation Set 8.379ms
[102.241s][info][gc,phases   ] GC(153) Pause Relocate Start 0.021ms
[102.242s][info][gc,phases   ] GC(153) Concurrent Relocate 1.230ms
[102.242s][info][gc,load     ] GC(153) Load: 0.00/0.00/0.00
[102.242s][info][gc,mmu      ] GC(153) MMU: 2ms/97.9%, 5ms/99.1%, 10ms/99.5%, 20ms/99.7%, 50ms/99.9%, 100ms/99.9%
[102.243s][info][gc,marking  ] GC(153) Mark: 2 stripe(s), 1 proactive flush(es), 1 terminate flush(es), 0 completion(s), 0 continuation(s) 
[102.243s][info][gc,marking  ] GC(153) Mark Stack Usage: 32M
[102.243s][info][gc,nmethod  ] GC(153) NMethods: 3254 registered, 0 unregistered
[102.243s][info][gc,metaspace] GC(153) Metaspace: 15M used, 16M committed, 1088M reserved
[102.243s][info][gc,ref      ] GC(153) Soft: 392 encountered, 0 discovered, 0 enqueued
[102.243s][info][gc,ref      ] GC(153) Weak: 731 encountered, 411 discovered, 0 enqueued
[102.243s][info][gc,ref      ] GC(153) Final: 0 encountered, 0 discovered, 0 enqueued
[102.243s][info][gc,ref      ] GC(153) Phantom: 64 encountered, 48 discovered, 0 enqueued
[102.243s][info][gc,reloc    ] GC(153) Small Pages: 138 / 276M, Empty: 260M, Relocated: 1M, In-Place: 0
[102.243s][info][gc,reloc    ] GC(153) Medium Pages: 1 / 32M, Empty: 32M, Relocated: 0M, In-Place: 0
[102.243s][info][gc,reloc    ] GC(153) Large Pages: 12 / 72M, Empty: 72M, Relocated: 0M, In-Place: 0
[102.243s][info][gc,reloc    ] GC(153) Forwarding Usage: 0M
[102.243s][info][gc,heap     ] GC(153) Min Capacity: 2048M(100%)
[102.243s][info][gc,heap     ] GC(153) Max Capacity: 2048M(100%)
[102.243s][info][gc,heap     ] GC(153) Soft Max Capacity: 2048M(100%)
[102.243s][info][gc,heap     ] GC(153)                Mark Start          Mark End        Relocate Start      Relocate End           High               Low         
[102.243s][info][gc,heap     ] GC(153)  Capacity:     2048M (100%)       2048M (100%)       2048M (100%)       2048M (100%)       2048M (100%)       2048M (100%)   
[102.243s][info][gc,heap     ] GC(153)      Free:     1668M (81%)        1668M (81%)        2032M (99%)        2038M (100%)       2038M (100%)       1668M (81%)    
[102.243s][info][gc,heap     ] GC(153)      Used:      380M (19%)         380M (19%)          16M (1%)           10M (0%)          380M (19%)          10M (0%)     
[102.243s][info][gc,heap     ] GC(153)      Live:         -                 6M (0%)            6M (0%)            6M (0%)             -                  -          
[102.243s][info][gc,heap     ] GC(153) Allocated:         -                 0M (0%)            0M (0%)            0M (0%)             -                  -          
[102.243s][info][gc,heap     ] GC(153)   Garbage:         -               373M (18%)           9M (0%)            3M (0%)             -                  -          
[102.243s][info][gc,heap     ] GC(153) Reclaimed:         -                  -               364M (18%)         370M (18%)            -                  -          
[102.243s][info][gc          ] GC(153) Garbage Collection (System.gc()) 380M(19%)->10M(0%)
[103.106s][info][gc,start    ] GC(154) Garbage Collection (Allocation Rate)
[103.106s][info][gc,task     ] GC(154) Using 2 workers
[103.106s][info][gc,phases   ] GC(154) Pause Mark Start 0.010ms
[103.373s][info][gc,phases   ] GC(154) Concurrent Mark 253.906ms
[103.373s][info][gc,phases   ] GC(154) Pause Mark End 0.020ms
[103.374s][info][gc,phases   ] GC(154) Concurrent Mark Free 0.002ms
[103.377s][info][gc,phases   ] GC(154) Concurrent Process Non-Strong References 3.816ms
[103.377s][info][gc,phases   ] GC(154) Concurrent Reset Relocation Set 0.001ms
[103.399s][info][gc,phases   ] GC(154) Concurrent Select Relocation Set 21.760ms
[103.399s][info][gc,phases   ] GC(154) Pause Relocate Start 0.017ms
[103.526s][info][gc,phases   ] GC(154) Concurrent Relocate 126.208ms
[103.526s][info][gc,load     ] GC(154) Load: 0.00/0.00/0.00
[103.526s][info][gc,mmu      ] GC(154) MMU: 2ms/97.9%, 5ms/99.1%, 10ms/99.5%, 20ms/99.7%, 50ms/99.9%, 100ms/99.9%
[103.526s][info][gc,marking  ] GC(154) Mark: 2 stripe(s), 3 proactive flush(es), 1 terminate flush(es), 0 completion(s), 0 continuation(s) 
[103.526s][info][gc,marking  ] GC(154) Mark Stack Usage: 32M
[103.526s][info][gc,nmethod  ] GC(154) NMethods: 3255 registered, 0 unregistered
[103.526s][info][gc,metaspace] GC(154) Metaspace: 15M used, 16M committed, 1088M reserved
[103.526s][info][gc,ref      ] GC(154) Soft: 392 encountered, 0 discovered, 0 enqueued
[103.526s][info][gc,ref      ] GC(154) Weak: 748 encountered, 377 discovered, 0 enqueued
[103.526s][info][gc,ref      ] GC(154) Final: 0 encountered, 0 discovered, 0 enqueued
[103.526s][info][gc,ref      ] GC(154) Phantom: 64 encountered, 49 discovered, 0 enqueued
[103.526s][info][gc,reloc    ] GC(154) Small Pages: 414 / 828M, Empty: 164M, Relocated: 192M, In-Place: 0
[103.526s][info][gc,reloc    ] GC(154) Medium Pages: 3 / 96M, Empty: 64M, Relocated: 0M, In-Place: 0
[103.526s][info][gc,reloc    ] GC(154) Large Pages: 21 / 154M, Empty: 82M, Relocated: 0M, In-Place: 0
[103.526s][info][gc,reloc    ] GC(154) Forwarding Usage: 120M
[103.526s][info][gc,heap     ] GC(154) Min Capacity: 2048M(100%)
[103.526s][info][gc,heap     ] GC(154) Max Capacity: 2048M(100%)
[103.526s][info][gc,heap     ] GC(154) Soft Max Capacity: 2048M(100%)
[103.526s][info][gc,heap     ] GC(154)                Mark Start          Mark End        Relocate Start      Relocate End           High               Low         
[103.526s][info][gc,heap     ] GC(154)  Capacity:     2048M (100%)       2048M (100%)       2048M (100%)       2048M (100%)       2048M (100%)       2048M (100%)   
[103.526s][info][gc,heap     ] GC(154)      Free:      970M (47%)         880M (43%)        1190M (58%)        1650M (81%)        1650M (81%)         880M (43%)    
[103.526s][info][gc,heap     ] GC(154)      Used:     1078M (53%)        1168M (57%)         858M (42%)         398M (19%)        1168M (57%)         398M (19%)    
[103.526s][info][gc,heap     ] GC(154)      Live:         -               272M (13%)         272M (13%)         272M (13%)            -                  -          
[103.526s][info][gc,heap     ] GC(154) Allocated:         -                90M (4%)           90M (4%)           90M (4%)             -                  -          
[103.526s][info][gc,heap     ] GC(154)   Garbage:         -               805M (39%)         495M (24%)          35M (2%)             -                  -          
[103.526s][info][gc,heap     ] GC(154) Reclaimed:         -                  -               310M (15%)         770M (38%)            -                  -          
[103.526s][info][gc          ] GC(154) Garbage Collection (Allocation Rate) 1078M(53%)->398M(19%)
[103.526s][info][gc,start    ] GC(155) Garbage Collection (System.gc())
[103.526s][info][gc,task     ] GC(155) Using 2 workers
[103.526s][info][gc,phases   ] GC(155) Pause Mark Start 0.007ms
[103.546s][info][gc,phases   ] GC(155) Concurrent Mark 19.485ms
[103.546s][info][gc,phases   ] GC(155) Pause Mark End 0.030ms
[103.546s][info][gc,phases   ] GC(155) Concurrent Mark Free 0.003ms
[103.551s][info][gc,phases   ] GC(155) Concurrent Process Non-Strong References 4.592ms
[103.551s][info][gc,phases   ] GC(155) Concurrent Reset Relocation Set 0.030ms
[103.560s][info][gc,phases   ] GC(155) Concurrent Select Relocation Set 8.676ms
[103.560s][info][gc,phases   ] GC(155) Pause Relocate Start 0.022ms
[103.561s][info][gc,phases   ] GC(155) Concurrent Relocate 1.067ms
[103.561s][info][gc,load     ] GC(155) Load: 0.00/0.00/0.00
[103.561s][info][gc,mmu      ] GC(155) MMU: 2ms/97.9%, 5ms/99.1%, 10ms/99.5%, 20ms/99.7%, 50ms/99.9%, 100ms/99.9%
[103.561s][info][gc,marking  ] GC(155) Mark: 2 stripe(s), 1 proactive flush(es), 1 terminate flush(es), 0 completion(s), 0 continuation(s) 
[103.561s][info][gc,marking  ] GC(155) Mark Stack Usage: 32M
[103.561s][info][gc,nmethod  ] GC(155) NMethods: 3255 registered, 0 unregistered
[103.561s][info][gc,metaspace] GC(155) Metaspace: 15M used, 16M committed, 1088M reserved
[103.561s][info][gc,ref      ] GC(155) Soft: 392 encountered, 0 discovered, 0 enqueued
[103.561s][info][gc,ref      ] GC(155) Weak: 731 encountered, 369 discovered, 0 enqueued
[103.561s][info][gc,ref      ] GC(155) Final: 0 encountered, 0 discovered, 0 enqueued
[103.561s][info][gc,ref      ] GC(155) Phantom: 64 encountered, 49 discovered, 0 enqueued
[103.561s][info][gc,reloc    ] GC(155) Small Pages: 147 / 294M, Empty: 280M, Relocated: 1M, In-Place: 0
[103.561s][info][gc,reloc    ] GC(155) Medium Pages: 1 / 32M, Empty: 32M, Relocated: 0M, In-Place: 0
[103.561s][info][gc,reloc    ] GC(155) Large Pages: 12 / 72M, Empty: 72M, Relocated: 0M, In-Place: 0
[103.561s][info][gc,reloc    ] GC(155) Forwarding Usage: 0M
[103.561s][info][gc,heap     ] GC(155) Min Capacity: 2048M(100%)
[103.561s][info][gc,heap     ] GC(155) Max Capacity: 2048M(100%)
[103.561s][info][gc,heap     ] GC(155) Soft Max Capacity: 2048M(100%)
[103.561s][info][gc,heap     ] GC(155)                Mark Start          Mark End        Relocate Start      Relocate End           High               Low         
[103.561s][info][gc,heap     ] GC(155)  Capacity:     2048M (100%)       2048M (100%)       2048M (100%)       2048M (100%)       2048M (100%)       2048M (100%)   
[103.561s][info][gc,heap     ] GC(155)      Free:     1650M (81%)        1650M (81%)        2034M (99%)        2038M (100%)       2038M (100%)       1650M (81%)    
[103.561s][info][gc,heap     ] GC(155)      Used:      398M (19%)         398M (19%)          14M (1%)           10M (0%)          398M (19%)          10M (0%)     
[103.561s][info][gc,heap     ] GC(155)      Live:         -                 6M (0%)            6M (0%)            6M (0%)             -                  -          
[103.561s][info][gc,heap     ] GC(155) Allocated:         -                 0M (0%)            0M (0%)            0M (0%)             -                  -          
[103.561s][info][gc,heap     ] GC(155)   Garbage:         -               391M (19%)           7M (0%)            3M (0%)             -                  -          
[103.561s][info][gc,heap     ] GC(155) Reclaimed:         -                  -               384M (19%)         388M (19%)            -                  -          
[103.561s][info][gc          ] GC(155) Garbage Collection (System.gc()) 398M(19%)->10M(0%)
[104.408s][info][gc,start    ] GC(156) Garbage Collection (Allocation Rate)
[104.409s][info][gc,task     ] GC(156) Using 2 workers
[104.409s][info][gc,phases   ] GC(156) Pause Mark Start 0.010ms
[104.689s][info][gc,phases   ] GC(156) Concurrent Mark 264.964ms
[104.689s][info][gc,phases   ] GC(156) Pause Mark End 0.021ms
[104.689s][info][gc,phases   ] GC(156) Concurrent Mark Free 0.001ms
[104.694s][info][gc,phases   ] GC(156) Concurrent Process Non-Strong References 4.626ms
[104.694s][info][gc,phases   ] GC(156) Concurrent Reset Relocation Set 0.001ms
[104.715s][info][gc,phases   ] GC(156) Concurrent Select Relocation Set 21.697ms
[104.716s][info][gc,phases   ] GC(156) Pause Relocate Start 0.010ms
[104.843s][info][gc,phases   ] GC(156) Concurrent Relocate 126.758ms
[104.843s][info][gc,load     ] GC(156) Load: 0.00/0.00/0.00
[104.843s][info][gc,mmu      ] GC(156) MMU: 2ms/97.9%, 5ms/99.1%, 10ms/99.5%, 20ms/99.7%, 50ms/99.9%, 100ms/99.9%
[104.843s][info][gc,marking  ] GC(156) Mark: 2 stripe(s), 3 proactive flush(es), 1 terminate flush(es), 0 completion(s), 0 continuation(s) 
[104.843s][info][gc,marking  ] GC(156) Mark Stack Usage: 32M
[104.843s][info][gc,nmethod  ] GC(156) NMethods: 3256 registered, 0 unregistered
[104.843s][info][gc,metaspace] GC(156) Metaspace: 15M used, 16M committed, 1088M reserved
[104.843s][info][gc,ref      ] GC(156) Soft: 392 encountered, 0 discovered, 0 enqueued
[104.843s][info][gc,ref      ] GC(156) Weak: 748 encountered, 21 discovered, 0 enqueued
[104.843s][info][gc,ref      ] GC(156) Final: 0 encountered, 0 discovered, 0 enqueued
[104.843s][info][gc,ref      ] GC(156) Phantom: 64 encountered, 50 discovered, 0 enqueued
[104.843s][info][gc,reloc    ] GC(156) Small Pages: 403 / 806M, Empty: 122M, Relocated: 192M, In-Place: 0
[104.843s][info][gc,reloc    ] GC(156) Medium Pages: 3 / 96M, Empty: 0M, Relocated: 10M, In-Place: 0
[104.843s][info][gc,reloc    ] GC(156) Large Pages: 16 / 124M, Empty: 82M, Relocated: 0M, In-Place: 0
[104.843s][info][gc,reloc    ] GC(156) Forwarding Usage: 120M
[104.843s][info][gc,heap     ] GC(156) Min Capacity: 2048M(100%)
[104.843s][info][gc,heap     ] GC(156) Max Capacity: 2048M(100%)
[104.843s][info][gc,heap     ] GC(156) Soft Max Capacity: 2048M(100%)
[104.843s][info][gc,heap     ] GC(156)                Mark Start          Mark End        Relocate Start      Relocate End           High               Low         
[104.843s][info][gc,heap     ] GC(156)  Capacity:     2048M (100%)       2048M (100%)       2048M (100%)       2048M (100%)       2048M (100%)       2048M (100%)   
[104.843s][info][gc,heap     ] GC(156)      Free:     1022M (50%)         876M (43%)        1080M (53%)        1626M (79%)        1626M (79%)         876M (43%)    
[104.843s][info][gc,heap     ] GC(156)      Used:     1026M (50%)        1172M (57%)         968M (47%)         422M (21%)        1172M (57%)         422M (21%)    
[104.843s][info][gc,heap     ] GC(156)      Live:         -               252M (12%)         252M (12%)         252M (12%)            -                  -          
[104.843s][info][gc,heap     ] GC(156) Allocated:         -               146M (7%)          146M (7%)          146M (7%)             -                  -          
[104.843s][info][gc,heap     ] GC(156)   Garbage:         -               773M (38%)         569M (28%)          23M (1%)             -                  -          
[104.843s][info][gc,heap     ] GC(156) Reclaimed:         -                  -               204M (10%)         750M (37%)            -                  -          
[104.843s][info][gc          ] GC(156) Garbage Collection (Allocation Rate) 1026M(50%)->422M(21%)
[104.843s][info][gc,start    ] GC(157) Garbage Collection (System.gc())
[104.843s][info][gc,task     ] GC(157) Using 2 workers
[104.843s][info][gc,phases   ] GC(157) Pause Mark Start 0.008ms
[104.862s][info][gc,phases   ] GC(157) Concurrent Mark 18.652ms
[104.862s][info][gc,phases   ] GC(157) Pause Mark End 0.026ms
[104.862s][info][gc,phases   ] GC(157) Concurrent Mark Free 0.003ms
[104.867s][info][gc,phases   ] GC(157) Concurrent Process Non-Strong References 4.607ms
[104.867s][info][gc,phases   ] GC(157) Concurrent Reset Relocation Set 0.032ms
[104.875s][info][gc,phases   ] GC(157) Concurrent Select Relocation Set 8.496ms
[104.876s][info][gc,phases   ] GC(157) Pause Relocate Start 0.021ms
[104.877s][info][gc,phases   ] GC(157) Concurrent Relocate 1.590ms
[104.877s][info][gc,load     ] GC(157) Load: 0.00/0.00/0.00
[104.877s][info][gc,mmu      ] GC(157) MMU: 2ms/97.9%, 5ms/99.1%, 10ms/99.5%, 20ms/99.7%, 50ms/99.9%, 100ms/99.9%
[104.877s][info][gc,marking  ] GC(157) Mark: 2 stripe(s), 1 proactive flush(es), 1 terminate flush(es), 0 completion(s), 0 continuation(s) 
[104.877s][info][gc,marking  ] GC(157) Mark Stack Usage: 32M
[104.877s][info][gc,nmethod  ] GC(157) NMethods: 3256 registered, 0 unregistered
[104.877s][info][gc,metaspace] GC(157) Metaspace: 15M used, 16M committed, 1088M reserved
[104.877s][info][gc,ref      ] GC(157) Soft: 392 encountered, 0 discovered, 0 enqueued
[104.877s][info][gc,ref      ] GC(157) Weak: 731 encountered, 340 discovered, 0 enqueued
[104.877s][info][gc,ref      ] GC(157) Final: 0 encountered, 0 discovered, 0 enqueued
[104.877s][info][gc,ref      ] GC(157) Phantom: 64 encountered, 49 discovered, 0 enqueued
[104.877s][info][gc,reloc    ] GC(157) Small Pages: 159 / 318M, Empty: 306M, Relocated: 1M, In-Place: 0
[104.877s][info][gc,reloc    ] GC(157) Medium Pages: 1 / 32M, Empty: 32M, Relocated: 0M, In-Place: 0
[104.877s][info][gc,reloc    ] GC(157) Large Pages: 12 / 72M, Empty: 72M, Relocated: 0M, In-Place: 0
[104.877s][info][gc,reloc    ] GC(157) Forwarding Usage: 0M
[104.877s][info][gc,heap     ] GC(157) Min Capacity: 2048M(100%)
[104.877s][info][gc,heap     ] GC(157) Max Capacity: 2048M(100%)
[104.878s][info][gc,heap     ] GC(157) Soft Max Capacity: 2048M(100%)
[104.878s][info][gc,heap     ] GC(157)                Mark Start          Mark End        Relocate Start      Relocate End           High               Low         
[104.878s][info][gc,heap     ] GC(157)  Capacity:     2048M (100%)       2048M (100%)       2048M (100%)       2048M (100%)       2048M (100%)       2048M (100%)   
[104.878s][info][gc,heap     ] GC(157)      Free:     1626M (79%)        1626M (79%)        2036M (99%)        2038M (100%)       2038M (100%)       1626M (79%)    
[104.878s][info][gc,heap     ] GC(157)      Used:      422M (21%)         422M (21%)          12M (1%)           10M (0%)          422M (21%)          10M (0%)     
[104.878s][info][gc,heap     ] GC(157)      Live:         -                 6M (0%)            6M (0%)            6M (0%)             -                  -          
[104.878s][info][gc,heap     ] GC(157) Allocated:         -                 0M (0%)            0M (0%)            0M (0%)             -                  -          
[104.878s][info][gc,heap     ] GC(157)   Garbage:         -               415M (20%)           5M (0%)            3M (0%)             -                  -          
[104.878s][info][gc,heap     ] GC(157) Reclaimed:         -                  -               410M (20%)         412M (20%)            -                  -          
[104.878s][info][gc          ] GC(157) Garbage Collection (System.gc()) 422M(21%)->10M(0%)
[105.804s][info][gc,start    ] GC(158) Garbage Collection (Allocation Rate)
[105.804s][info][gc,task     ] GC(158) Using 2 workers
[105.804s][info][gc,phases   ] GC(158) Pause Mark Start 0.011ms
[106.053s][info][gc,phases   ] GC(158) Concurrent Mark 234.882ms
[106.053s][info][gc,phases   ] GC(158) Pause Mark End 0.023ms
[106.053s][info][gc,phases   ] GC(158) Concurrent Mark Free 0.001ms
[106.056s][info][gc,phases   ] GC(158) Concurrent Process Non-Strong References 3.015ms
[106.056s][info][gc,phases   ] GC(158) Concurrent Reset Relocation Set 0.001ms
[106.077s][info][gc,phases   ] GC(158) Concurrent Select Relocation Set 20.730ms
[106.077s][info][gc,phases   ] GC(158) Pause Relocate Start 0.012ms
[106.203s][info][gc,phases   ] GC(158) Concurrent Relocate 126.121ms
[106.203s][info][gc,load     ] GC(158) Load: 0.00/0.00/0.00
[106.204s][info][gc,mmu      ] GC(158) MMU: 2ms/97.9%, 5ms/99.1%, 10ms/99.5%, 20ms/99.7%, 50ms/99.9%, 100ms/99.9%
[106.204s][info][gc,marking  ] GC(158) Mark: 2 stripe(s), 2 proactive flush(es), 1 terminate flush(es), 0 completion(s), 0 continuation(s) 
[106.204s][info][gc,marking  ] GC(158) Mark Stack Usage: 32M
[106.204s][info][gc,nmethod  ] GC(158) NMethods: 3257 registered, 0 unregistered
[106.204s][info][gc,metaspace] GC(158) Metaspace: 15M used, 16M committed, 1088M reserved
[106.204s][info][gc,ref      ] GC(158) Soft: 392 encountered, 0 discovered, 0 enqueued
[106.204s][info][gc,ref      ] GC(158) Weak: 747 encountered, 19 discovered, 0 enqueued
[106.204s][info][gc,ref      ] GC(158) Final: 0 encountered, 0 discovered, 0 enqueued
[106.204s][info][gc,ref      ] GC(158) Phantom: 64 encountered, 49 discovered, 0 enqueued
[106.204s][info][gc,reloc    ] GC(158) Small Pages: 439 / 878M, Empty: 192M, Relocated: 192M, In-Place: 0
[106.204s][info][gc,reloc    ] GC(158) Medium Pages: 3 / 96M, Empty: 64M, Relocated: 0M, In-Place: 0
[106.204s][info][gc,reloc    ] GC(158) Large Pages: 21 / 154M, Empty: 82M, Relocated: 0M, In-Place: 0
[106.204s][info][gc,reloc    ] GC(158) Forwarding Usage: 118M
[106.204s][info][gc,heap     ] GC(158) Min Capacity: 2048M(100%)
[106.204s][info][gc,heap     ] GC(158) Max Capacity: 2048M(100%)
[106.204s][info][gc,heap     ] GC(158) Soft Max Capacity: 2048M(100%)
[106.204s][info][gc,heap     ] GC(158)                Mark Start          Mark End        Relocate Start      Relocate End           High               Low         
[106.204s][info][gc,heap     ] GC(158)  Capacity:     2048M (100%)       2048M (100%)       2048M (100%)       2048M (100%)       2048M (100%)       2048M (100%)   
[106.204s][info][gc,heap     ] GC(158)      Free:      920M (45%)         876M (43%)        1214M (59%)        1696M (83%)        1696M (83%)         876M (43%)    
[106.204s][info][gc,heap     ] GC(158)      Used:     1128M (55%)        1172M (57%)         834M (41%)         352M (17%)        1172M (57%)         352M (17%)    
[106.204s][info][gc,heap     ] GC(158)      Live:         -               272M (13%)         272M (13%)         272M (13%)            -                  -          
[106.204s][info][gc,heap     ] GC(158) Allocated:         -                44M (2%)           44M (2%)           44M (2%)             -                  -          
[106.204s][info][gc,heap     ] GC(158)   Garbage:         -               855M (42%)         517M (25%)          35M (2%)             -                  -          
[106.204s][info][gc,heap     ] GC(158) Reclaimed:         -                  -               338M (17%)         820M (40%)            -                  -          
[106.204s][info][gc          ] GC(158) Garbage Collection (Allocation Rate) 1128M(55%)->352M(17%)
[106.204s][info][gc,start    ] GC(159) Garbage Collection (System.gc())
[106.204s][info][gc,task     ] GC(159) Using 2 workers
[106.204s][info][gc,phases   ] GC(159) Pause Mark Start 0.007ms
[106.210s][info][gc,phases   ] GC(159) Concurrent Mark 5.393ms
[106.210s][info][gc,phases   ] GC(159) Pause Mark End 0.012ms
[106.210s][info][gc,phases   ] GC(159) Concurrent Mark Free 0.001ms
[106.213s][info][gc,phases   ] GC(159) Concurrent Process Non-Strong References 3.065ms
[106.213s][info][gc,phases   ] GC(159) Concurrent Reset Relocation Set 0.026ms
[106.221s][info][gc,phases   ] GC(159) Concurrent Select Relocation Set 8.420ms
[106.221s][info][gc,phases   ] GC(159) Pause Relocate Start 0.024ms
[106.223s][info][gc,phases   ] GC(159) Concurrent Relocate 1.329ms
[106.223s][info][gc,load     ] GC(159) Load: 0.00/0.00/0.00
[106.223s][info][gc,mmu      ] GC(159) MMU: 2ms/97.9%, 5ms/99.1%, 10ms/99.5%, 20ms/99.7%, 50ms/99.9%, 100ms/99.9%
[106.223s][info][gc,marking  ] GC(159) Mark: 2 stripe(s), 1 proactive flush(es), 1 terminate flush(es), 0 completion(s), 0 continuation(s) 
[106.223s][info][gc,marking  ] GC(159) Mark Stack Usage: 32M
[106.223s][info][gc,nmethod  ] GC(159) NMethods: 3257 registered, 0 unregistered
[106.223s][info][gc,metaspace] GC(159) Metaspace: 15M used, 16M committed, 1088M reserved
[106.223s][info][gc,ref      ] GC(159) Soft: 392 encountered, 0 discovered, 0 enqueued
[106.223s][info][gc,ref      ] GC(159) Weak: 731 encountered, 72 discovered, 0 enqueued
[106.223s][info][gc,ref      ] GC(159) Final: 0 encountered, 0 discovered, 0 enqueued
[106.223s][info][gc,ref      ] GC(159) Phantom: 64 encountered, 49 discovered, 0 enqueued
[106.223s][info][gc,reloc    ] GC(159) Small Pages: 124 / 248M, Empty: 236M, Relocated: 1M, In-Place: 0
[106.223s][info][gc,reloc    ] GC(159) Medium Pages: 1 / 32M, Empty: 32M, Relocated: 0M, In-Place: 0
[106.223s][info][gc,reloc    ] GC(159) Large Pages: 12 / 72M, Empty: 72M, Relocated: 0M, In-Place: 0
[106.223s][info][gc,reloc    ] GC(159) Forwarding Usage: 0M
[106.223s][info][gc,heap     ] GC(159) Min Capacity: 2048M(100%)
[106.223s][info][gc,heap     ] GC(159) Max Capacity: 2048M(100%)
[106.223s][info][gc,heap     ] GC(159) Soft Max Capacity: 2048M(100%)
[106.223s][info][gc,heap     ] GC(159)                Mark Start          Mark End        Relocate Start      Relocate End           High               Low         
[106.223s][info][gc,heap     ] GC(159)  Capacity:     2048M (100%)       2048M (100%)       2048M (100%)       2048M (100%)       2048M (100%)       2048M (100%)   
[106.223s][info][gc,heap     ] GC(159)      Free:     1696M (83%)        1696M (83%)        2036M (99%)        2038M (100%)       2038M (100%)       1696M (83%)    
[106.223s][info][gc,heap     ] GC(159)      Used:      352M (17%)         352M (17%)          12M (1%)           10M (0%)          352M (17%)          10M (0%)     
[106.223s][info][gc,heap     ] GC(159)      Live:         -                 6M (0%)            6M (0%)            6M (0%)             -                  -          
[106.223s][info][gc,heap     ] GC(159) Allocated:         -                 0M (0%)            0M (0%)            0M (0%)             -                  -          
[106.223s][info][gc,heap     ] GC(159)   Garbage:         -               345M (17%)           5M (0%)            3M (0%)             -                  -          
[106.223s][info][gc,heap     ] GC(159) Reclaimed:         -                  -               340M (17%)         342M (17%)            -                  -          
[106.223s][info][gc          ] GC(159) Garbage Collection (System.gc()) 352M(17%)->10M(0%)
[107.105s][info][gc,start    ] GC(160) Garbage Collection (Allocation Rate)
[107.105s][info][gc,task     ] GC(160) Using 2 workers
[107.105s][info][gc,phases   ] GC(160) Pause Mark Start 0.008ms
[107.362s][info][gc,phases   ] GC(160) Concurrent Mark 241.437ms
[107.362s][info][gc,phases   ] GC(160) Pause Mark End 0.019ms
[107.362s][info][gc,phases   ] GC(160) Concurrent Mark Free 0.001ms
[107.366s][info][gc,phases   ] GC(160) Concurrent Process Non-Strong References 3.614ms
[107.366s][info][gc,phases   ] GC(160) Concurrent Reset Relocation Set 0.001ms
[107.387s][info][gc,phases   ] GC(160) Concurrent Select Relocation Set 21.461ms
[107.388s][info][gc,phases   ] GC(160) Pause Relocate Start 0.015ms
[107.514s][info][gc,phases   ] GC(160) Concurrent Relocate 125.736ms
[107.514s][info][gc,load     ] GC(160) Load: 0.00/0.00/0.00
[107.514s][info][gc,mmu      ] GC(160) MMU: 2ms/97.9%, 5ms/99.1%, 10ms/99.5%, 20ms/99.7%, 50ms/99.9%, 100ms/99.9%
[107.514s][info][gc,marking  ] GC(160) Mark: 2 stripe(s), 2 proactive flush(es), 1 terminate flush(es), 0 completion(s), 0 continuation(s) 
[107.514s][info][gc,marking  ] GC(160) Mark Stack Usage: 32M
[107.514s][info][gc,nmethod  ] GC(160) NMethods: 3258 registered, 0 unregistered
[107.514s][info][gc,metaspace] GC(160) Metaspace: 15M used, 16M committed, 1088M reserved
[107.514s][info][gc,ref      ] GC(160) Soft: 392 encountered, 0 discovered, 0 enqueued
[107.514s][info][gc,ref      ] GC(160) Weak: 748 encountered, 103 discovered, 0 enqueued
[107.514s][info][gc,ref      ] GC(160) Final: 0 encountered, 0 discovered, 0 enqueued
[107.514s][info][gc,ref      ] GC(160) Phantom: 64 encountered, 49 discovered, 0 enqueued
[107.514s][info][gc,reloc    ] GC(160) Small Pages: 419 / 838M, Empty: 162M, Relocated: 192M, In-Place: 0
[107.514s][info][gc,reloc    ] GC(160) Medium Pages: 3 / 96M, Empty: 64M, Relocated: 0M, In-Place: 0
[107.514s][info][gc,reloc    ] GC(160) Large Pages: 21 / 154M, Empty: 82M, Relocated: 0M, In-Place: 0
[107.514s][info][gc,reloc    ] GC(160) Forwarding Usage: 118M
[107.514s][info][gc,heap     ] GC(160) Min Capacity: 2048M(100%)
[107.514s][info][gc,heap     ] GC(160) Max Capacity: 2048M(100%)
[107.514s][info][gc,heap     ] GC(160) Soft Max Capacity: 2048M(100%)
[107.514s][info][gc,heap     ] GC(160)                Mark Start          Mark End        Relocate Start      Relocate End           High               Low         
[107.514s][info][gc,heap     ] GC(160)  Capacity:     2048M (100%)       2048M (100%)       2048M (100%)       2048M (100%)       2048M (100%)       2048M (100%)   
[107.514s][info][gc,heap     ] GC(160)      Free:      960M (47%)         876M (43%)        1184M (58%)        1658M (81%)        1658M (81%)         876M (43%)    
[107.514s][info][gc,heap     ] GC(160)      Used:     1088M (53%)        1172M (57%)         864M (42%)         390M (19%)        1172M (57%)         390M (19%)    
[107.514s][info][gc,heap     ] GC(160)      Live:         -               272M (13%)         272M (13%)         272M (13%)            -                  -          
[107.514s][info][gc,heap     ] GC(160) Allocated:         -                84M (4%)           84M (4%)           84M (4%)             -                  -          
[107.514s][info][gc,heap     ] GC(160)   Garbage:         -               815M (40%)         507M (25%)          33M (2%)             -                  -          
[107.514s][info][gc,heap     ] GC(160) Reclaimed:         -                  -               308M (15%)         782M (38%)            -                  -          
[107.514s][info][gc          ] GC(160) Garbage Collection (Allocation Rate) 1088M(53%)->390M(19%)
[107.514s][info][gc,start    ] GC(161) Garbage Collection (System.gc())
[107.514s][info][gc,task     ] GC(161) Using 2 workers
[107.514s][info][gc,phases   ] GC(161) Pause Mark Start 0.008ms
[107.534s][info][gc,phases   ] GC(161) Concurrent Mark 20.186ms
[107.535s][info][gc,phases   ] GC(161) Pause Mark End 0.021ms
[107.535s][info][gc,phases   ] GC(161) Concurrent Mark Free 0.002ms
[107.539s][info][gc,phases   ] GC(161) Concurrent Process Non-Strong References 3.816ms
[107.539s][info][gc,phases   ] GC(161) Concurrent Reset Relocation Set 0.031ms
[107.547s][info][gc,phases   ] GC(161) Concurrent Select Relocation Set 8.440ms
[107.547s][info][gc,phases   ] GC(161) Pause Relocate Start 0.022ms
[107.548s][info][gc,phases   ] GC(161) Concurrent Relocate 0.803ms
[107.548s][info][gc,load     ] GC(161) Load: 0.00/0.00/0.00
[107.548s][info][gc,mmu      ] GC(161) MMU: 2ms/97.9%, 5ms/99.1%, 10ms/99.5%, 20ms/99.7%, 50ms/99.9%, 100ms/99.9%
[107.548s][info][gc,marking  ] GC(161) Mark: 2 stripe(s), 1 proactive flush(es), 1 terminate flush(es), 0 completion(s), 0 continuation(s) 
[107.548s][info][gc,marking  ] GC(161) Mark Stack Usage: 32M
[107.548s][info][gc,nmethod  ] GC(161) NMethods: 3258 registered, 0 unregistered
[107.548s][info][gc,metaspace] GC(161) Metaspace: 15M used, 16M committed, 1088M reserved
[107.548s][info][gc,ref      ] GC(161) Soft: 392 encountered, 0 discovered, 0 enqueued
[107.548s][info][gc,ref      ] GC(161) Weak: 731 encountered, 120 discovered, 0 enqueued
[107.548s][info][gc,ref      ] GC(161) Final: 0 encountered, 0 discovered, 0 enqueued
[107.548s][info][gc,ref      ] GC(161) Phantom: 64 encountered, 49 discovered, 0 enqueued
[107.548s][info][gc,reloc    ] GC(161) Small Pages: 143 / 286M, Empty: 274M, Relocated: 1M, In-Place: 0
[107.548s][info][gc,reloc    ] GC(161) Medium Pages: 1 / 32M, Empty: 32M, Relocated: 0M, In-Place: 0
[107.548s][info][gc,reloc    ] GC(161) Large Pages: 12 / 72M, Empty: 72M, Relocated: 0M, In-Place: 0
[107.548s][info][gc,reloc    ] GC(161) Forwarding Usage: 0M
[107.548s][info][gc,heap     ] GC(161) Min Capacity: 2048M(100%)
[107.548s][info][gc,heap     ] GC(161) Max Capacity: 2048M(100%)
[107.548s][info][gc,heap     ] GC(161) Soft Max Capacity: 2048M(100%)
[107.548s][info][gc,heap     ] GC(161)                Mark Start          Mark End        Relocate Start      Relocate End           High               Low         
[107.548s][info][gc,heap     ] GC(161)  Capacity:     2048M (100%)       2048M (100%)       2048M (100%)       2048M (100%)       2048M (100%)       2048M (100%)   
[107.548s][info][gc,heap     ] GC(161)      Free:     1658M (81%)        1658M (81%)        2036M (99%)        2038M (100%)       2038M (100%)       1658M (81%)    
[107.548s][info][gc,heap     ] GC(161)      Used:      390M (19%)         390M (19%)          12M (1%)           10M (0%)          390M (19%)          10M (0%)     
[107.548s][info][gc,heap     ] GC(161)      Live:         -                 6M (0%)            6M (0%)            6M (0%)             -                  -          
[107.549s][info][gc,heap     ] GC(161) Allocated:         -                 0M (0%)            0M (0%)            0M (0%)             -                  -          
[107.549s][info][gc,heap     ] GC(161)   Garbage:         -               383M (19%)           5M (0%)            3M (0%)             -                  -          
[107.549s][info][gc,heap     ] GC(161) Reclaimed:         -                  -               378M (18%)         380M (19%)            -                  -          
[107.549s][info][gc          ] GC(161) Garbage Collection (System.gc()) 390M(19%)->10M(0%)
[108.409s][info][gc,start    ] GC(162) Garbage Collection (Allocation Rate)
[108.409s][info][gc,task     ] GC(162) Using 2 workers
[108.409s][info][gc,phases   ] GC(162) Pause Mark Start 0.006ms
[108.675s][info][gc,phases   ] GC(162) Concurrent Mark 250.714ms
[108.675s][info][gc,phases   ] GC(162) Pause Mark End 0.014ms
[108.676s][info][gc,phases   ] GC(162) Concurrent Mark Free 0.001ms
[108.679s][info][gc,phases   ] GC(162) Concurrent Process Non-Strong References 3.371ms
[108.679s][info][gc,phases   ] GC(162) Concurrent Reset Relocation Set 0.001ms
[108.700s][info][gc,phases   ] GC(162) Concurrent Select Relocation Set 20.793ms
[108.700s][info][gc,phases   ] GC(162) Pause Relocate Start 0.011ms
[108.826s][info][gc,phases   ] GC(162) Concurrent Relocate 126.133ms
[108.826s][info][gc,load     ] GC(162) Load: 0.00/0.00/0.00
[108.826s][info][gc,mmu      ] GC(162) MMU: 2ms/97.9%, 5ms/99.1%, 10ms/99.5%, 20ms/99.7%, 50ms/99.9%, 100ms/99.9%
[108.826s][info][gc,marking  ] GC(162) Mark: 2 stripe(s), 2 proactive flush(es), 1 terminate flush(es), 0 completion(s), 0 continuation(s) 
[108.826s][info][gc,marking  ] GC(162) Mark Stack Usage: 32M
[108.826s][info][gc,nmethod  ] GC(162) NMethods: 3259 registered, 0 unregistered
[108.826s][info][gc,metaspace] GC(162) Metaspace: 15M used, 16M committed, 1088M reserved
[108.826s][info][gc,ref      ] GC(162) Soft: 392 encountered, 0 discovered, 0 enqueued
[108.826s][info][gc,ref      ] GC(162) Weak: 748 encountered, 222 discovered, 0 enqueued
[108.826s][info][gc,ref      ] GC(162) Final: 0 encountered, 0 discovered, 0 enqueued
[108.826s][info][gc,ref      ] GC(162) Phantom: 64 encountered, 48 discovered, 0 enqueued
[108.826s][info][gc,reloc    ] GC(162) Small Pages: 411 / 822M, Empty: 136M, Relocated: 192M, In-Place: 0
[108.826s][info][gc,reloc    ] GC(162) Medium Pages: 3 / 96M, Empty: 64M, Relocated: 0M, In-Place: 0
[108.826s][info][gc,reloc    ] GC(162) Large Pages: 21 / 154M, Empty: 82M, Relocated: 0M, In-Place: 0
[108.826s][info][gc,reloc    ] GC(162) Forwarding Usage: 119M
[108.827s][info][gc,heap     ] GC(162) Min Capacity: 2048M(100%)
[108.827s][info][gc,heap     ] GC(162) Max Capacity: 2048M(100%)
[108.827s][info][gc,heap     ] GC(162) Soft Max Capacity: 2048M(100%)
[108.827s][info][gc,heap     ] GC(162)                Mark Start          Mark End        Relocate Start      Relocate End           High               Low         
[108.827s][info][gc,heap     ] GC(162)  Capacity:     2048M (100%)       2048M (100%)       2048M (100%)       2048M (100%)       2048M (100%)       2048M (100%)   
[108.827s][info][gc,heap     ] GC(162)      Free:      976M (48%)         872M (43%)        1154M (56%)        1636M (80%)        1636M (80%)         872M (43%)    
[108.827s][info][gc,heap     ] GC(162)      Used:     1072M (52%)        1176M (57%)         894M (44%)         412M (20%)        1176M (57%)         412M (20%)    
[108.827s][info][gc,heap     ] GC(162)      Live:         -               272M (13%)         272M (13%)         272M (13%)            -                  -          
[108.827s][info][gc,heap     ] GC(162) Allocated:         -               104M (5%)          104M (5%)          104M (5%)             -                  -          
[108.827s][info][gc,heap     ] GC(162)   Garbage:         -               799M (39%)         517M (25%)          35M (2%)             -                  -          
[108.827s][info][gc,heap     ] GC(162) Reclaimed:         -                  -               282M (14%)         764M (37%)            -                  -          
[108.827s][info][gc          ] GC(162) Garbage Collection (Allocation Rate) 1072M(52%)->412M(20%)
[108.827s][info][gc,start    ] GC(163) Garbage Collection (System.gc())
[108.827s][info][gc,task     ] GC(163) Using 2 workers
[108.827s][info][gc,phases   ] GC(163) Pause Mark Start 0.008ms
[108.848s][info][gc,phases   ] GC(163) Concurrent Mark 21.332ms
[108.848s][info][gc,phases   ] GC(163) Pause Mark End 0.022ms
[108.849s][info][gc,phases   ] GC(163) Concurrent Mark Free 0.002ms
[108.853s][info][gc,phases   ] GC(163) Concurrent Process Non-Strong References 4.652ms
[108.853s][info][gc,phases   ] GC(163) Concurrent Reset Relocation Set 0.032ms
[108.862s][info][gc,phases   ] GC(163) Concurrent Select Relocation Set 8.348ms
[108.862s][info][gc,phases   ] GC(163) Pause Relocate Start 0.023ms
[108.863s][info][gc,phases   ] GC(163) Concurrent Relocate 1.134ms
[108.863s][info][gc,load     ] GC(163) Load: 0.00/0.00/0.00
[108.863s][info][gc,mmu      ] GC(163) MMU: 2ms/97.9%, 5ms/99.1%, 10ms/99.5%, 20ms/99.7%, 50ms/99.9%, 100ms/99.9%
[108.863s][info][gc,marking  ] GC(163) Mark: 2 stripe(s), 1 proactive flush(es), 1 terminate flush(es), 0 completion(s), 0 continuation(s) 
[108.863s][info][gc,marking  ] GC(163) Mark Stack Usage: 32M
[108.863s][info][gc,nmethod  ] GC(163) NMethods: 3259 registered, 0 unregistered
[108.863s][info][gc,metaspace] GC(163) Metaspace: 15M used, 16M committed, 1088M reserved
[108.863s][info][gc,ref      ] GC(163) Soft: 392 encountered, 0 discovered, 0 enqueued
[108.863s][info][gc,ref      ] GC(163) Weak: 731 encountered, 383 discovered, 0 enqueued
[108.863s][info][gc,ref      ] GC(163) Final: 0 encountered, 0 discovered, 0 enqueued
[108.863s][info][gc,ref      ] GC(163) Phantom: 64 encountered, 56 discovered, 0 enqueued
[108.863s][info][gc,reloc    ] GC(163) Small Pages: 154 / 308M, Empty: 294M, Relocated: 1M, In-Place: 0
[108.863s][info][gc,reloc    ] GC(163) Medium Pages: 1 / 32M, Empty: 32M, Relocated: 0M, In-Place: 0
[108.863s][info][gc,reloc    ] GC(163) Large Pages: 12 / 72M, Empty: 72M, Relocated: 0M, In-Place: 0
[108.863s][info][gc,reloc    ] GC(163) Forwarding Usage: 0M
[108.863s][info][gc,heap     ] GC(163) Min Capacity: 2048M(100%)
[108.863s][info][gc,heap     ] GC(163) Max Capacity: 2048M(100%)
[108.863s][info][gc,heap     ] GC(163) Soft Max Capacity: 2048M(100%)
[108.863s][info][gc,heap     ] GC(163)                Mark Start          Mark End        Relocate Start      Relocate End           High               Low         
[108.863s][info][gc,heap     ] GC(163)  Capacity:     2048M (100%)       2048M (100%)       2048M (100%)       2048M (100%)       2048M (100%)       2048M (100%)   
[108.863s][info][gc,heap     ] GC(163)      Free:     1636M (80%)        1636M (80%)        2034M (99%)        2038M (100%)       2038M (100%)       1636M (80%)    
[108.863s][info][gc,heap     ] GC(163)      Used:      412M (20%)         412M (20%)          14M (1%)           10M (0%)          412M (20%)          10M (0%)     
[108.863s][info][gc,heap     ] GC(163)      Live:         -                 6M (0%)            6M (0%)            6M (0%)             -                  -          
[108.863s][info][gc,heap     ] GC(163) Allocated:         -                 0M (0%)            0M (0%)            0M (0%)             -                  -          
[108.863s][info][gc,heap     ] GC(163)   Garbage:         -               405M (20%)           7M (0%)            3M (0%)             -                  -          
[108.863s][info][gc,heap     ] GC(163) Reclaimed:         -                  -               398M (19%)         402M (20%)            -                  -          
[108.863s][info][gc          ] GC(163) Garbage Collection (System.gc()) 412M(20%)->10M(0%)
[109.709s][info][gc,start    ] GC(164) Garbage Collection (Allocation Rate)
[109.709s][info][gc,task     ] GC(164) Using 2 workers
[109.709s][info][gc,phases   ] GC(164) Pause Mark Start 0.005ms
[109.983s][info][gc,phases   ] GC(164) Concurrent Mark 258.448ms
[109.983s][info][gc,phases   ] GC(164) Pause Mark End 0.021ms
[109.984s][info][gc,phases   ] GC(164) Concurrent Mark Free 0.002ms
[109.987s][info][gc,phases   ] GC(164) Concurrent Process Non-Strong References 3.704ms
[109.987s][info][gc,phases   ] GC(164) Concurrent Reset Relocation Set 0.001ms
[110.008s][info][gc,phases   ] GC(164) Concurrent Select Relocation Set 20.973ms
[110.009s][info][gc,phases   ] GC(164) Pause Relocate Start 0.017ms
[110.109s][info][gc,stats    ] === Garbage Collection Statistics =======================================================================================================================
[110.109s][info][gc,stats    ]                                                              Last 10s              Last 10m              Last 10h                Total
[110.109s][info][gc,stats    ]                                                              Avg / Max             Avg / Max             Avg / Max             Avg / Max
[110.110s][info][gc,stats    ]   Collector: Garbage Collection Cycle                    219.846 / 434.237     224.794 / 465.355     224.794 / 465.355     224.794 / 465.355     ms
[110.110s][info][gc,stats    ]  Contention: Mark Segment Reset Contention                     2 / 18                0 / 18                0 / 18                0 / 18          ops/s
[110.110s][info][gc,stats    ]  Contention: Mark SeqNum Reset Contention                      0 / 1                 0 / 1                 0 / 1                 0 / 1           ops/s
[110.110s][info][gc,stats    ]    Critical: Allocation Stall                                  0 / 0                 0 / 0                 0 / 0                 0 / 0           ops/s
[110.110s][info][gc,stats    ]    Critical: Allocation Stall                              0.000 / 0.000         0.000 / 0.000         0.000 / 0.000         0.000 / 0.000       ms
[110.110s][info][gc,stats    ]    Critical: GC Locker Stall                                   0 / 0                 0 / 0                 0 / 0                 0 / 0           ops/s
[110.110s][info][gc,stats    ]    Critical: GC Locker Stall                               0.000 / 0.000         0.000 / 0.000         0.000 / 0.000         0.000 / 0.000       ms
[110.110s][info][gc,stats    ]    Critical: Relocation Stall                                  0 / 0                 0 / 0                 0 / 0                 0 / 0           ops/s
[110.110s][info][gc,stats    ]    Critical: Relocation Stall                              0.000 / 0.000         0.000 / 0.000         0.000 / 0.000         0.000 / 0.000       ms
[110.110s][info][gc,stats    ]      Memory: Allocation Rate                                 878 / 1142            895 / 1244            895 / 1244            895 / 1244        MB/s
[110.110s][info][gc,stats    ]      Memory: Out Of Memory                                     0 / 0                 0 / 0                 0 / 0                 0 / 0           ops/s
[110.110s][info][gc,stats    ]      Memory: Page Cache Flush                                  0 / 0                 0 / 0                 0 / 0                 0 / 0           MB/s
[110.110s][info][gc,stats    ]      Memory: Page Cache Hit L1                               432 / 514             438 / 557             438 / 557             438 / 557         ops/s
[110.110s][info][gc,stats    ]      Memory: Page Cache Hit L2                                 0 / 0                 0 / 0                 0 / 0                 0 / 0           ops/s
[110.110s][info][gc,stats    ]      Memory: Page Cache Hit L3                                 0 / 0                 5 / 195               5 / 195               5 / 195         ops/s
[110.110s][info][gc,stats    ]      Memory: Page Cache Miss                                   0 / 0                 0 / 1                 0 / 1                 0 / 1           ops/s
[110.110s][info][gc,stats    ]      Memory: Uncommit                                          0 / 0                 0 / 0                 0 / 0                 0 / 0           MB/s
[110.110s][info][gc,stats    ]      Memory: Undo Object Allocation Failed                     0 / 0                 0 / 2                 0 / 2                 0 / 2           ops/s
[110.110s][info][gc,stats    ]      Memory: Undo Object Allocation Succeeded                  0 / 0              2527 / 248763         2527 / 248763         2527 / 248763      ops/s
[110.110s][info][gc,stats    ]      Memory: Undo Page Allocation                              0 / 3                 0 / 3                 0 / 3                 0 / 3           ops/s
[110.110s][info][gc,stats    ]       Phase: Concurrent Mark                             138.674 / 264.964     134.175 / 352.487     134.175 / 352.487     134.175 / 352.487     ms
[110.110s][info][gc,stats    ]       Phase: Concurrent Mark Continue                      0.000 / 0.000         0.000 / 0.000         0.000 / 0.000         0.000 / 0.000       ms
[110.110s][info][gc,stats    ]       Phase: Concurrent Mark Free                          0.002 / 0.003         0.002 / 0.004         0.002 / 0.004         0.002 / 0.004       ms
[110.110s][info][gc,stats    ]       Phase: Concurrent Process Non-Strong References      3.752 / 4.652         3.628 / 15.958        3.628 / 15.958        3.628 / 15.958      ms
[110.110s][info][gc,stats    ]       Phase: Concurrent Relocate                          63.600 / 126.758      64.023 / 151.919      64.023 / 151.919      64.023 / 151.919     ms
[110.110s][info][gc,stats    ]       Phase: Concurrent Reset Relocation Set               0.015 / 0.035         0.015 / 0.050         0.015 / 0.050         0.015 / 0.050       ms
[110.110s][info][gc,stats    ]       Phase: Concurrent Select Relocation Set             15.207 / 21.760       15.347 / 26.863       15.347 / 26.863       15.347 / 26.863      ms
[110.110s][info][gc,stats    ]       Phase: Pause Mark End                                0.021 / 0.030         0.021 / 0.043         0.021 / 0.043         0.021 / 0.043       ms
[110.110s][info][gc,stats    ]       Phase: Pause Mark Start                              0.008 / 0.011         0.008 / 0.019         0.008 / 0.019         0.008 / 0.019       ms
[110.110s][info][gc,stats    ]       Phase: Pause Relocate Start                          0.017 / 0.024         0.017 / 0.032         0.017 / 0.032         0.017 / 0.032       ms
[110.110s][info][gc,stats    ]    Subphase: Concurrent Classes Purge                      0.135 / 0.155         0.122 / 0.252         0.122 / 0.252         0.122 / 0.252       ms
[110.110s][info][gc,stats    ]    Subphase: Concurrent Classes Unlink                     2.941 / 3.821         2.801 / 4.168         2.801 / 4.168         2.801 / 4.168       ms
[110.110s][info][gc,stats    ]    Subphase: Concurrent Mark                             132.963 / 264.480     128.620 / 351.776     128.620 / 351.776     128.620 / 351.776     ms
[110.110s][info][gc,stats    ]    Subphase: Concurrent Mark Try Flush                     0.092 / 0.346         0.202 / 15.584        0.202 / 15.584        0.202 / 15.584      ms
[110.110s][info][gc,stats    ]    Subphase: Concurrent Mark Try Terminate                 4.191 / 17.027        4.115 / 17.027        4.115 / 17.027        4.115 / 17.027      ms
[110.110s][info][gc,stats    ]    Subphase: Concurrent References Enqueue                 0.000 / 0.001         0.000 / 0.005         0.000 / 0.005         0.000 / 0.005       ms
[110.110s][info][gc,stats    ]    Subphase: Concurrent References Process                 0.127 / 0.207         0.122 / 0.238         0.122 / 0.238         0.122 / 0.238       ms
[110.110s][info][gc,stats    ]    Subphase: Concurrent Roots ClassLoaderDataGraph         0.082 / 0.233         0.085 / 0.334         0.085 / 0.334         0.085 / 0.334       ms
[110.110s][info][gc,stats    ]    Subphase: Concurrent Roots CodeCache                    0.000 / 0.000         0.000 / 0.000         0.000 / 0.000         0.000 / 0.000       ms
[110.110s][info][gc,stats    ]    Subphase: Concurrent Roots JavaThreads                  0.183 / 0.332         0.229 / 2.583         0.229 / 2.583         0.229 / 2.583       ms
[110.110s][info][gc,stats    ]    Subphase: Concurrent Roots OopStorageSet                0.016 / 0.027         0.017 / 0.053         0.017 / 0.053         0.017 / 0.053       ms
[110.110s][info][gc,stats    ]    Subphase: Concurrent Weak Roots OopStorageSet           0.343 / 0.485         0.324 / 0.505         0.324 / 0.505         0.324 / 0.505       ms
[110.110s][info][gc,stats    ]    Subphase: Pause Mark Try Complete                       0.000 / 0.000         0.000 / 0.000         0.000 / 0.000         0.000 / 0.000       ms
[110.110s][info][gc,stats    ]      System: Java Threads                                     13 / 18               13 / 19               13 / 19               13 / 19          threads
[110.110s][info][gc,stats    ] =========================================================================================================================================================
[110.137s][info][gc,phases   ] GC(164) Concurrent Relocate 128.109ms
[110.137s][info][gc,load     ] GC(164) Load: 0.00/0.00/0.00
[110.137s][info][gc,mmu      ] GC(164) MMU: 2ms/97.9%, 5ms/99.1%, 10ms/99.5%, 20ms/99.7%, 50ms/99.9%, 100ms/99.9%
[110.137s][info][gc,marking  ] GC(164) Mark: 2 stripe(s), 2 proactive flush(es), 1 terminate flush(es), 0 completion(s), 0 continuation(s) 
[110.137s][info][gc,marking  ] GC(164) Mark Stack Usage: 32M
[110.137s][info][gc,nmethod  ] GC(164) NMethods: 3259 registered, 0 unregistered
[110.137s][info][gc,metaspace] GC(164) Metaspace: 15M used, 16M committed, 1088M reserved
[110.137s][info][gc,ref      ] GC(164) Soft: 392 encountered, 0 discovered, 0 enqueued
[110.137s][info][gc,ref      ] GC(164) Weak: 747 encountered, 26 discovered, 0 enqueued
[110.137s][info][gc,ref      ] GC(164) Final: 0 encountered, 0 discovered, 0 enqueued
[110.137s][info][gc,ref      ] GC(164) Phantom: 64 encountered, 49 discovered, 0 enqueued
[110.137s][info][gc,reloc    ] GC(164) Small Pages: 407 / 814M, Empty: 130M, Relocated: 192M, In-Place: 0
[110.137s][info][gc,reloc    ] GC(164) Medium Pages: 3 / 96M, Empty: 32M, Relocated: 4M, In-Place: 0
[110.137s][info][gc,reloc    ] GC(164) Large Pages: 19 / 142M, Empty: 82M, Relocated: 0M, In-Place: 0
[110.137s][info][gc,reloc    ] GC(164) Forwarding Usage: 120M
[110.137s][info][gc,heap     ] GC(164) Min Capacity: 2048M(100%)
[110.137s][info][gc,heap     ] GC(164) Max Capacity: 2048M(100%)
[110.137s][info][gc,heap     ] GC(164) Soft Max Capacity: 2048M(100%)
[110.137s][info][gc,heap     ] GC(164)                Mark Start          Mark End        Relocate Start      Relocate End           High               Low         
[110.137s][info][gc,heap     ] GC(164)  Capacity:     2048M (100%)       2048M (100%)       2048M (100%)       2048M (100%)       2048M (100%)       2048M (100%)   
[110.137s][info][gc,heap     ] GC(164)      Free:      996M (49%)         878M (43%)        1122M (55%)        1636M (80%)        1636M (80%)         878M (43%)    
[110.137s][info][gc,heap     ] GC(164)      Used:     1052M (51%)        1170M (57%)         926M (45%)         412M (20%)        1170M (57%)         412M (20%)    
[110.137s][info][gc,heap     ] GC(164)      Live:         -               264M (13%)         264M (13%)         264M (13%)            -                  -          
[110.137s][info][gc,heap     ] GC(164) Allocated:         -               118M (6%)          118M (6%)          118M (6%)             -                  -          
[110.137s][info][gc,heap     ] GC(164)   Garbage:         -               787M (38%)         543M (27%)          29M (1%)             -                  -          
[110.137s][info][gc,heap     ] GC(164) Reclaimed:         -                  -               244M (12%)         758M (37%)            -                  -          
[110.137s][info][gc          ] GC(164) Garbage Collection (Allocation Rate) 1052M(51%)->412M(20%)
[110.137s][info][gc,start    ] GC(165) Garbage Collection (System.gc())
[110.137s][info][gc,task     ] GC(165) Using 2 workers
[110.137s][info][gc,phases   ] GC(165) Pause Mark Start 0.007ms
[110.157s][info][gc,phases   ] GC(165) Concurrent Mark 19.207ms
[110.157s][info][gc,phases   ] GC(165) Pause Mark End 0.021ms
[110.157s][info][gc,phases   ] GC(165) Concurrent Mark Free 0.002ms
[110.161s][info][gc,phases   ] GC(165) Concurrent Process Non-Strong References 4.228ms
[110.161s][info][gc,phases   ] GC(165) Concurrent Reset Relocation Set 0.032ms
[110.170s][info][gc,phases   ] GC(165) Concurrent Select Relocation Set 8.649ms
[110.170s][info][gc,phases   ] GC(165) Pause Relocate Start 0.022ms
[110.172s][info][gc,phases   ] GC(165) Concurrent Relocate 1.502ms
[110.172s][info][gc,load     ] GC(165) Load: 0.00/0.00/0.00
[110.172s][info][gc,mmu      ] GC(165) MMU: 2ms/97.9%, 5ms/99.1%, 10ms/99.5%, 20ms/99.7%, 50ms/99.9%, 100ms/99.9%
[110.172s][info][gc,marking  ] GC(165) Mark: 2 stripe(s), 3 proactive flush(es), 1 terminate flush(es), 0 completion(s), 0 continuation(s) 
[110.172s][info][gc,marking  ] GC(165) Mark Stack Usage: 32M
[110.172s][info][gc,nmethod  ] GC(165) NMethods: 3259 registered, 0 unregistered
[110.172s][info][gc,metaspace] GC(165) Metaspace: 15M used, 16M committed, 1088M reserved
[110.172s][info][gc,ref      ] GC(165) Soft: 392 encountered, 0 discovered, 0 enqueued
[110.172s][info][gc,ref      ] GC(165) Weak: 731 encountered, 41 discovered, 0 enqueued
[110.172s][info][gc,ref      ] GC(165) Final: 0 encountered, 0 discovered, 0 enqueued
[110.172s][info][gc,ref      ] GC(165) Phantom: 64 encountered, 49 discovered, 0 enqueued
[110.172s][info][gc,reloc    ] GC(165) Small Pages: 154 / 308M, Empty: 296M, Relocated: 1M, In-Place: 0
[110.172s][info][gc,reloc    ] GC(165) Medium Pages: 1 / 32M, Empty: 32M, Relocated: 0M, In-Place: 0
[110.172s][info][gc,reloc    ] GC(165) Large Pages: 12 / 72M, Empty: 72M, Relocated: 0M, In-Place: 0
[110.172s][info][gc,reloc    ] GC(165) Forwarding Usage: 0M
[110.172s][info][gc,heap     ] GC(165) Min Capacity: 2048M(100%)
[110.172s][info][gc,heap     ] GC(165) Max Capacity: 2048M(100%)
[110.172s][info][gc,heap     ] GC(165) Soft Max Capacity: 2048M(100%)
[110.172s][info][gc,heap     ] GC(165)                Mark Start          Mark End        Relocate Start      Relocate End           High               Low         
[110.172s][info][gc,heap     ] GC(165)  Capacity:     2048M (100%)       2048M (100%)       2048M (100%)       2048M (100%)       2048M (100%)       2048M (100%)   
[110.172s][info][gc,heap     ] GC(165)      Free:     1636M (80%)        1636M (80%)        2036M (99%)        2038M (100%)       2038M (100%)       1636M (80%)    
[110.172s][info][gc,heap     ] GC(165)      Used:      412M (20%)         412M (20%)          12M (1%)           10M (0%)          412M (20%)          10M (0%)     
[110.172s][info][gc,heap     ] GC(165)      Live:         -                 6M (0%)            6M (0%)            6M (0%)             -                  -          
[110.172s][info][gc,heap     ] GC(165) Allocated:         -                 0M (0%)            0M (0%)            0M (0%)             -                  -          
[110.172s][info][gc,heap     ] GC(165)   Garbage:         -               405M (20%)           5M (0%)            3M (0%)             -                  -          
[110.172s][info][gc,heap     ] GC(165) Reclaimed:         -                  -               400M (20%)         402M (20%)            -                  -          
[110.172s][info][gc          ] GC(165) Garbage Collection (System.gc()) 412M(20%)->10M(0%)
[111.101s][info][gc,start    ] GC(166) Garbage Collection (Allocation Rate)
[111.101s][info][gc,task     ] GC(166) Using 2 workers
[111.101s][info][gc,phases   ] GC(166) Pause Mark Start 0.010ms
[111.351s][info][gc,phases   ] GC(166) Concurrent Mark 239.057ms
[111.351s][info][gc,phases   ] GC(166) Pause Mark End 0.021ms
[111.351s][info][gc,phases   ] GC(166) Concurrent Mark Free 0.002ms
[111.355s][info][gc,phases   ] GC(166) Concurrent Process Non-Strong References 3.803ms
[111.355s][info][gc,phases   ] GC(166) Concurrent Reset Relocation Set 0.002ms
[111.376s][info][gc,phases   ] GC(166) Concurrent Select Relocation Set 21.278ms
[111.376s][info][gc,phases   ] GC(166) Pause Relocate Start 0.017ms
[111.503s][info][gc,phases   ] GC(166) Concurrent Relocate 125.994ms
[111.503s][info][gc,load     ] GC(166) Load: 0.00/0.00/0.00
[111.503s][info][gc,mmu      ] GC(166) MMU: 2ms/97.9%, 5ms/99.1%, 10ms/99.5%, 20ms/99.7%, 50ms/99.9%, 100ms/99.9%
[111.503s][info][gc,marking  ] GC(166) Mark: 2 stripe(s), 2 proactive flush(es), 1 terminate flush(es), 0 completion(s), 0 continuation(s) 
[111.503s][info][gc,marking  ] GC(166) Mark Stack Usage: 32M
[111.503s][info][gc,nmethod  ] GC(166) NMethods: 3260 registered, 0 unregistered
[111.503s][info][gc,metaspace] GC(166) Metaspace: 15M used, 16M committed, 1088M reserved
[111.503s][info][gc,ref      ] GC(166) Soft: 392 encountered, 0 discovered, 0 enqueued
[111.503s][info][gc,ref      ] GC(166) Weak: 749 encountered, 78 discovered, 0 enqueued
[111.503s][info][gc,ref      ] GC(166) Final: 0 encountered, 0 discovered, 0 enqueued
[111.503s][info][gc,ref      ] GC(166) Phantom: 64 encountered, 42 discovered, 0 enqueued
[111.503s][info][gc,reloc    ] GC(166) Small Pages: 442 / 884M, Empty: 204M, Relocated: 192M, In-Place: 0
[111.503s][info][gc,reloc    ] GC(166) Medium Pages: 3 / 96M, Empty: 64M, Relocated: 0M, In-Place: 0
[111.503s][info][gc,reloc    ] GC(166) Large Pages: 21 / 154M, Empty: 82M, Relocated: 0M, In-Place: 0
[111.503s][info][gc,reloc    ] GC(166) Forwarding Usage: 119M
[111.503s][info][gc,heap     ] GC(166) Min Capacity: 2048M(100%)
[111.503s][info][gc,heap     ] GC(166) Max Capacity: 2048M(100%)
[111.503s][info][gc,heap     ] GC(166) Soft Max Capacity: 2048M(100%)
[111.503s][info][gc,heap     ] GC(166)                Mark Start          Mark End        Relocate Start      Relocate End           High               Low         
[111.503s][info][gc,heap     ] GC(166)  Capacity:     2048M (100%)       2048M (100%)       2048M (100%)       2048M (100%)       2048M (100%)       2048M (100%)   
[111.503s][info][gc,heap     ] GC(166)      Free:      914M (45%)         876M (43%)        1226M (60%)        1702M (83%)        1702M (83%)         876M (43%)    
[111.503s][info][gc,heap     ] GC(166)      Used:     1134M (55%)        1172M (57%)         822M (40%)         346M (17%)        1172M (57%)         346M (17%)    
[111.503s][info][gc,heap     ] GC(166)      Live:         -               272M (13%)         272M (13%)         272M (13%)            -                  -          
[111.503s][info][gc,heap     ] GC(166) Allocated:         -                38M (2%)           38M (2%)           38M (2%)             -                  -          
[111.503s][info][gc,heap     ] GC(166)   Garbage:         -               861M (42%)         511M (25%)          35M (2%)             -                  -          
[111.503s][info][gc,heap     ] GC(166) Reclaimed:         -                  -               350M (17%)         826M (40%)            -                  -          
[111.503s][info][gc          ] GC(166) Garbage Collection (Allocation Rate) 1134M(55%)->346M(17%)
[111.503s][info][gc,start    ] GC(167) Garbage Collection (System.gc())
[111.503s][info][gc,task     ] GC(167) Using 2 workers
[111.503s][info][gc,phases   ] GC(167) Pause Mark Start 0.009ms
[111.524s][info][gc,phases   ] GC(167) Concurrent Mark 20.505ms
[111.524s][info][gc,phases   ] GC(167) Pause Mark End 0.024ms
[111.524s][info][gc,phases   ] GC(167) Concurrent Mark Free 0.002ms
[111.529s][info][gc,phases   ] GC(167) Concurrent Process Non-Strong References 4.584ms
[111.529s][info][gc,phases   ] GC(167) Concurrent Reset Relocation Set 0.029ms
[111.537s][info][gc,phases   ] GC(167) Concurrent Select Relocation Set 8.538ms
[111.537s][info][gc,phases   ] GC(167) Pause Relocate Start 0.021ms
[111.539s][info][gc,phases   ] GC(167) Concurrent Relocate 1.434ms
[111.539s][info][gc,load     ] GC(167) Load: 0.00/0.00/0.00
[111.539s][info][gc,mmu      ] GC(167) MMU: 2ms/97.9%, 5ms/99.1%, 10ms/99.5%, 20ms/99.7%, 50ms/99.9%, 100ms/99.9%
[111.539s][info][gc,marking  ] GC(167) Mark: 2 stripe(s), 1 proactive flush(es), 1 terminate flush(es), 0 completion(s), 0 continuation(s) 
[111.539s][info][gc,marking  ] GC(167) Mark Stack Usage: 32M
[111.539s][info][gc,nmethod  ] GC(167) NMethods: 3260 registered, 0 unregistered
[111.539s][info][gc,metaspace] GC(167) Metaspace: 15M used, 16M committed, 1088M reserved
[111.539s][info][gc,ref      ] GC(167) Soft: 392 encountered, 0 discovered, 0 enqueued
[111.539s][info][gc,ref      ] GC(167) Weak: 731 encountered, 242 discovered, 0 enqueued
[111.539s][info][gc,ref      ] GC(167) Final: 0 encountered, 0 discovered, 0 enqueued
[111.539s][info][gc,ref      ] GC(167) Phantom: 64 encountered, 55 discovered, 0 enqueued
[111.539s][info][gc,reloc    ] GC(167) Small Pages: 121 / 242M, Empty: 228M, Relocated: 1M, In-Place: 0
[111.539s][info][gc,reloc    ] GC(167) Medium Pages: 1 / 32M, Empty: 32M, Relocated: 0M, In-Place: 0
[111.539s][info][gc,reloc    ] GC(167) Large Pages: 12 / 72M, Empty: 72M, Relocated: 0M, In-Place: 0
[111.539s][info][gc,reloc    ] GC(167) Forwarding Usage: 0M
[111.539s][info][gc,heap     ] GC(167) Min Capacity: 2048M(100%)
[111.539s][info][gc,heap     ] GC(167) Max Capacity: 2048M(100%)
[111.539s][info][gc,heap     ] GC(167) Soft Max Capacity: 2048M(100%)
[111.539s][info][gc,heap     ] GC(167)                Mark Start          Mark End        Relocate Start      Relocate End           High               Low         
[111.539s][info][gc,heap     ] GC(167)  Capacity:     2048M (100%)       2048M (100%)       2048M (100%)       2048M (100%)       2048M (100%)       2048M (100%)   
[111.539s][info][gc,heap     ] GC(167)      Free:     1702M (83%)        1702M (83%)        2034M (99%)        2038M (100%)       2038M (100%)       1702M (83%)    
[111.539s][info][gc,heap     ] GC(167)      Used:      346M (17%)         346M (17%)          14M (1%)           10M (0%)          346M (17%)          10M (0%)     
[111.539s][info][gc,heap     ] GC(167)      Live:         -                 6M (0%)            6M (0%)            6M (0%)             -                  -          
[111.539s][info][gc,heap     ] GC(167) Allocated:         -                 0M (0%)            0M (0%)            0M (0%)             -                  -          
[111.539s][info][gc,heap     ] GC(167)   Garbage:         -               339M (17%)           7M (0%)            3M (0%)             -                  -          
[111.539s][info][gc,heap     ] GC(167) Reclaimed:         -                  -               332M (16%)         336M (16%)            -                  -          
[111.539s][info][gc          ] GC(167) Garbage Collection (System.gc()) 346M(17%)->10M(0%)
[112.403s][info][gc,start    ] GC(168) Garbage Collection (Allocation Rate)
[112.403s][info][gc,task     ] GC(168) Using 2 workers
[112.403s][info][gc,phases   ] GC(168) Pause Mark Start 0.009ms
[112.663s][info][gc,phases   ] GC(168) Concurrent Mark 259.749ms
[112.663s][info][gc,phases   ] GC(168) Pause Mark End 0.023ms
[112.663s][info][gc,phases   ] GC(168) Concurrent Mark Free 0.002ms
[112.666s][info][gc,phases   ] GC(168) Concurrent Process Non-Strong References 3.124ms
[112.666s][info][gc,phases   ] GC(168) Concurrent Reset Relocation Set 0.001ms
[112.688s][info][gc,phases   ] GC(168) Concurrent Select Relocation Set 21.673ms
[112.688s][info][gc,phases   ] GC(168) Pause Relocate Start 0.010ms
[112.814s][info][gc,phases   ] GC(168) Concurrent Relocate 126.223ms
[112.814s][info][gc,load     ] GC(168) Load: 0.00/0.00/0.00
[112.814s][info][gc,mmu      ] GC(168) MMU: 2ms/97.9%, 5ms/99.1%, 10ms/99.5%, 20ms/99.7%, 50ms/99.9%, 100ms/99.9%
[112.814s][info][gc,marking  ] GC(168) Mark: 2 stripe(s), 2 proactive flush(es), 1 terminate flush(es), 0 completion(s), 0 continuation(s) 
[112.814s][info][gc,marking  ] GC(168) Mark Stack Usage: 32M
[112.814s][info][gc,nmethod  ] GC(168) NMethods: 3263 registered, 0 unregistered
[112.814s][info][gc,metaspace] GC(168) Metaspace: 15M used, 16M committed, 1088M reserved
[112.814s][info][gc,ref      ] GC(168) Soft: 392 encountered, 0 discovered, 0 enqueued
[112.814s][info][gc,ref      ] GC(168) Weak: 748 encountered, 29 discovered, 0 enqueued
[112.814s][info][gc,ref      ] GC(168) Final: 0 encountered, 0 discovered, 0 enqueued
[112.814s][info][gc,ref      ] GC(168) Phantom: 64 encountered, 50 discovered, 0 enqueued
[112.814s][info][gc,reloc    ] GC(168) Small Pages: 409 / 818M, Empty: 130M, Relocated: 192M, In-Place: 0
[112.814s][info][gc,reloc    ] GC(168) Medium Pages: 3 / 96M, Empty: 64M, Relocated: 0M, In-Place: 0
[112.814s][info][gc,reloc    ] GC(168) Large Pages: 21 / 154M, Empty: 82M, Relocated: 0M, In-Place: 0
[112.814s][info][gc,reloc    ] GC(168) Forwarding Usage: 119M
[112.814s][info][gc,heap     ] GC(168) Min Capacity: 2048M(100%)
[112.814s][info][gc,heap     ] GC(168) Max Capacity: 2048M(100%)
[112.815s][info][gc,heap     ] GC(168) Soft Max Capacity: 2048M(100%)
[112.815s][info][gc,heap     ] GC(168)                Mark Start          Mark End        Relocate Start      Relocate End           High               Low         
[112.815s][info][gc,heap     ] GC(168)  Capacity:     2048M (100%)       2048M (100%)       2048M (100%)       2048M (100%)       2048M (100%)       2048M (100%)   
[112.815s][info][gc,heap     ] GC(168)      Free:      980M (48%)         876M (43%)        1152M (56%)        1638M (80%)        1638M (80%)         876M (43%)    
[112.815s][info][gc,heap     ] GC(168)      Used:     1068M (52%)        1172M (57%)         896M (44%)         410M (20%)        1172M (57%)         410M (20%)    
[112.815s][info][gc,heap     ] GC(168)      Live:         -               272M (13%)         272M (13%)         272M (13%)            -                  -          
[112.815s][info][gc,heap     ] GC(168) Allocated:         -               104M (5%)          104M (5%)          104M (5%)             -                  -          
[112.815s][info][gc,heap     ] GC(168)   Garbage:         -               795M (39%)         519M (25%)          33M (2%)             -                  -          
[112.815s][info][gc,heap     ] GC(168) Reclaimed:         -                  -               276M (13%)         762M (37%)            -                  -          
[112.815s][info][gc          ] GC(168) Garbage Collection (Allocation Rate) 1068M(52%)->410M(20%)
[112.815s][info][gc,start    ] GC(169) Garbage Collection (System.gc())
[112.815s][info][gc,task     ] GC(169) Using 2 workers
[112.815s][info][gc,phases   ] GC(169) Pause Mark Start 0.008ms
[112.835s][info][gc,phases   ] GC(169) Concurrent Mark 20.146ms
[112.835s][info][gc,phases   ] GC(169) Pause Mark End 0.021ms
[112.835s][info][gc,phases   ] GC(169) Concurrent Mark Free 0.002ms
[112.840s][info][gc,phases   ] GC(169) Concurrent Process Non-Strong References 4.853ms
[112.840s][info][gc,phases   ] GC(169) Concurrent Reset Relocation Set 0.029ms
[112.849s][info][gc,phases   ] GC(169) Concurrent Select Relocation Set 8.325ms
[112.849s][info][gc,phases   ] GC(169) Pause Relocate Start 0.022ms
[112.850s][info][gc,phases   ] GC(169) Concurrent Relocate 1.412ms
[112.851s][info][gc,load     ] GC(169) Load: 0.00/0.00/0.00
[112.851s][info][gc,mmu      ] GC(169) MMU: 2ms/97.9%, 5ms/99.1%, 10ms/99.5%, 20ms/99.7%, 50ms/99.9%, 100ms/99.9%
[112.851s][info][gc,marking  ] GC(169) Mark: 2 stripe(s), 1 proactive flush(es), 1 terminate flush(es), 0 completion(s), 0 continuation(s) 
[112.851s][info][gc,marking  ] GC(169) Mark Stack Usage: 32M
[112.851s][info][gc,nmethod  ] GC(169) NMethods: 3263 registered, 0 unregistered
[112.851s][info][gc,metaspace] GC(169) Metaspace: 15M used, 16M committed, 1088M reserved
[112.851s][info][gc,ref      ] GC(169) Soft: 392 encountered, 0 discovered, 0 enqueued
[112.851s][info][gc,ref      ] GC(169) Weak: 731 encountered, 402 discovered, 0 enqueued
[112.851s][info][gc,ref      ] GC(169) Final: 0 encountered, 0 discovered, 0 enqueued
[112.851s][info][gc,ref      ] GC(169) Phantom: 64 encountered, 49 discovered, 0 enqueued
[112.851s][info][gc,reloc    ] GC(169) Small Pages: 153 / 306M, Empty: 288M, Relocated: 1M, In-Place: 0
[112.851s][info][gc,reloc    ] GC(169) Medium Pages: 1 / 32M, Empty: 32M, Relocated: 0M, In-Place: 0
[112.851s][info][gc,reloc    ] GC(169) Large Pages: 12 / 72M, Empty: 72M, Relocated: 0M, In-Place: 0
[112.851s][info][gc,reloc    ] GC(169) Forwarding Usage: 0M
[112.851s][info][gc,heap     ] GC(169) Min Capacity: 2048M(100%)
[112.851s][info][gc,heap     ] GC(169) Max Capacity: 2048M(100%)
[112.851s][info][gc,heap     ] GC(169) Soft Max Capacity: 2048M(100%)
[112.851s][info][gc,heap     ] GC(169)                Mark Start          Mark End        Relocate Start      Relocate End           High               Low         
[112.851s][info][gc,heap     ] GC(169)  Capacity:     2048M (100%)       2048M (100%)       2048M (100%)       2048M (100%)       2048M (100%)       2048M (100%)   
[112.851s][info][gc,heap     ] GC(169)      Free:     1638M (80%)        1638M (80%)        2030M (99%)        2038M (100%)       2038M (100%)       1638M (80%)    
[112.851s][info][gc,heap     ] GC(169)      Used:      410M (20%)         410M (20%)          18M (1%)           10M (0%)          410M (20%)          10M (0%)     
[112.851s][info][gc,heap     ] GC(169)      Live:         -                 6M (0%)            6M (0%)            6M (0%)             -                  -          
[112.851s][info][gc,heap     ] GC(169) Allocated:         -                 0M (0%)            0M (0%)            0M (0%)             -                  -          
[112.851s][info][gc,heap     ] GC(169)   Garbage:         -               403M (20%)          11M (1%)            3M (0%)             -                  -          
[112.851s][info][gc,heap     ] GC(169) Reclaimed:         -                  -               392M (19%)         400M (20%)            -                  -          
[112.851s][info][gc          ] GC(169) Garbage Collection (System.gc()) 410M(20%)->10M(0%)
[113.711s][info][gc,start    ] GC(170) Garbage Collection (Allocation Rate)
[113.711s][info][gc,task     ] GC(170) Using 2 workers
[113.712s][info][gc,phases   ] GC(170) Pause Mark Start 0.009ms
[113.962s][info][gc,phases   ] GC(170) Concurrent Mark 246.026ms
[113.962s][info][gc,phases   ] GC(170) Pause Mark End 0.016ms
[113.962s][info][gc,phases   ] GC(170) Concurrent Mark Free 0.002ms
[113.966s][info][gc,phases   ] GC(170) Concurrent Process Non-Strong References 3.116ms
[113.966s][info][gc,phases   ] GC(170) Concurrent Reset Relocation Set 0.001ms
[113.987s][info][gc,phases   ] GC(170) Concurrent Select Relocation Set 21.788ms
[113.988s][info][gc,phases   ] GC(170) Pause Relocate Start 0.017ms
[114.115s][info][gc,phases   ] GC(170) Concurrent Relocate 127.141ms
[114.115s][info][gc,load     ] GC(170) Load: 0.00/0.00/0.00
[114.115s][info][gc,mmu      ] GC(170) MMU: 2ms/97.9%, 5ms/99.1%, 10ms/99.5%, 20ms/99.7%, 50ms/99.9%, 100ms/99.9%
[114.115s][info][gc,marking  ] GC(170) Mark: 2 stripe(s), 2 proactive flush(es), 1 terminate flush(es), 0 completion(s), 0 continuation(s) 
[114.115s][info][gc,marking  ] GC(170) Mark Stack Usage: 32M
[114.115s][info][gc,nmethod  ] GC(170) NMethods: 3263 registered, 0 unregistered
[114.115s][info][gc,metaspace] GC(170) Metaspace: 15M used, 16M committed, 1088M reserved
[114.115s][info][gc,ref      ] GC(170) Soft: 392 encountered, 0 discovered, 0 enqueued
[114.115s][info][gc,ref      ] GC(170) Weak: 747 encountered, 373 discovered, 0 enqueued
[114.115s][info][gc,ref      ] GC(170) Final: 0 encountered, 0 discovered, 0 enqueued
[114.115s][info][gc,ref      ] GC(170) Phantom: 64 encountered, 48 discovered, 0 enqueued
[114.115s][info][gc,reloc    ] GC(170) Small Pages: 415 / 830M, Empty: 156M, Relocated: 192M, In-Place: 0
[114.115s][info][gc,reloc    ] GC(170) Medium Pages: 3 / 96M, Empty: 64M, Relocated: 0M, In-Place: 0
[114.115s][info][gc,reloc    ] GC(170) Large Pages: 21 / 154M, Empty: 82M, Relocated: 0M, In-Place: 0
[114.115s][info][gc,reloc    ] GC(170) Forwarding Usage: 119M
[114.115s][info][gc,heap     ] GC(170) Min Capacity: 2048M(100%)
[114.115s][info][gc,heap     ] GC(170) Max Capacity: 2048M(100%)
[114.115s][info][gc,heap     ] GC(170) Soft Max Capacity: 2048M(100%)
[114.115s][info][gc,heap     ] GC(170)                Mark Start          Mark End        Relocate Start      Relocate End           High               Low         
[114.115s][info][gc,heap     ] GC(170)  Capacity:     2048M (100%)       2048M (100%)       2048M (100%)       2048M (100%)       2048M (100%)       2048M (100%)   
[114.115s][info][gc,heap     ] GC(170)      Free:      968M (47%)         874M (43%)        1176M (57%)        1648M (80%)        1648M (80%)         874M (43%)    
[114.115s][info][gc,heap     ] GC(170)      Used:     1080M (53%)        1174M (57%)         872M (43%)         400M (20%)        1174M (57%)         400M (20%)    
[114.115s][info][gc,heap     ] GC(170)      Live:         -               272M (13%)         272M (13%)         272M (13%)            -                  -          
[114.115s][info][gc,heap     ] GC(170) Allocated:         -                94M (5%)           94M (5%)           94M (5%)             -                  -          
[114.115s][info][gc,heap     ] GC(170)   Garbage:         -               807M (39%)         505M (25%)          33M (2%)             -                  -          
[114.115s][info][gc,heap     ] GC(170) Reclaimed:         -                  -               302M (15%)         774M (38%)            -                  -          
[114.115s][info][gc          ] GC(170) Garbage Collection (Allocation Rate) 1080M(53%)->400M(20%)
[114.115s][info][gc,start    ] GC(171) Garbage Collection (System.gc())
[114.115s][info][gc,task     ] GC(171) Using 2 workers
[114.115s][info][gc,phases   ] GC(171) Pause Mark Start 0.008ms
[114.135s][info][gc,phases   ] GC(171) Concurrent Mark 19.052ms
[114.135s][info][gc,phases   ] GC(171) Pause Mark End 0.025ms
[114.135s][info][gc,phases   ] GC(171) Concurrent Mark Free 0.002ms
[114.139s][info][gc,phases   ] GC(171) Concurrent Process Non-Strong References 4.446ms
[114.139s][info][gc,phases   ] GC(171) Concurrent Reset Relocation Set 0.030ms
[114.148s][info][gc,phases   ] GC(171) Concurrent Select Relocation Set 8.500ms
[114.148s][info][gc,phases   ] GC(171) Pause Relocate Start 0.023ms
[114.149s][info][gc,phases   ] GC(171) Concurrent Relocate 1.130ms
[114.150s][info][gc,load     ] GC(171) Load: 0.00/0.00/0.00
[114.150s][info][gc,mmu      ] GC(171) MMU: 2ms/97.9%, 5ms/99.1%, 10ms/99.5%, 20ms/99.7%, 50ms/99.9%, 100ms/99.9%
[114.150s][info][gc,marking  ] GC(171) Mark: 2 stripe(s), 2 proactive flush(es), 1 terminate flush(es), 0 completion(s), 0 continuation(s) 
[114.150s][info][gc,marking  ] GC(171) Mark Stack Usage: 32M
[114.150s][info][gc,nmethod  ] GC(171) NMethods: 3263 registered, 0 unregistered
[114.150s][info][gc,metaspace] GC(171) Metaspace: 15M used, 16M committed, 1088M reserved
[114.150s][info][gc,ref      ] GC(171) Soft: 392 encountered, 0 discovered, 0 enqueued
[114.150s][info][gc,ref      ] GC(171) Weak: 731 encountered, 16 discovered, 0 enqueued
[114.150s][info][gc,ref      ] GC(171) Final: 0 encountered, 0 discovered, 0 enqueued
[114.150s][info][gc,ref      ] GC(171) Phantom: 64 encountered, 50 discovered, 0 enqueued
[114.150s][info][gc,reloc    ] GC(171) Small Pages: 148 / 296M, Empty: 282M, Relocated: 1M, In-Place: 0
[114.150s][info][gc,reloc    ] GC(171) Medium Pages: 1 / 32M, Empty: 32M, Relocated: 0M, In-Place: 0
[114.150s][info][gc,reloc    ] GC(171) Large Pages: 12 / 72M, Empty: 72M, Relocated: 0M, In-Place: 0
[114.150s][info][gc,reloc    ] GC(171) Forwarding Usage: 0M
[114.150s][info][gc,heap     ] GC(171) Min Capacity: 2048M(100%)
[114.150s][info][gc,heap     ] GC(171) Max Capacity: 2048M(100%)
[114.150s][info][gc,heap     ] GC(171) Soft Max Capacity: 2048M(100%)
[114.150s][info][gc,heap     ] GC(171)                Mark Start          Mark End        Relocate Start      Relocate End           High               Low         
[114.150s][info][gc,heap     ] GC(171)  Capacity:     2048M (100%)       2048M (100%)       2048M (100%)       2048M (100%)       2048M (100%)       2048M (100%)   
[114.150s][info][gc,heap     ] GC(171)      Free:     1648M (80%)        1648M (80%)        2034M (99%)        2038M (100%)       2038M (100%)       1648M (80%)    
[114.150s][info][gc,heap     ] GC(171)      Used:      400M (20%)         400M (20%)          14M (1%)           10M (0%)          400M (20%)          10M (0%)     
[114.150s][info][gc,heap     ] GC(171)      Live:         -                 6M (0%)            6M (0%)            6M (0%)             -                  -          
[114.150s][info][gc,heap     ] GC(171) Allocated:         -                 0M (0%)            0M (0%)            0M (0%)             -                  -          
[114.150s][info][gc,heap     ] GC(171)   Garbage:         -               393M (19%)           7M (0%)            3M (0%)             -                  -          
[114.150s][info][gc,heap     ] GC(171) Reclaimed:         -                  -               386M (19%)         390M (19%)            -                  -          
[114.150s][info][gc          ] GC(171) Garbage Collection (System.gc()) 400M(20%)->10M(0%)
[115.107s][info][gc,start    ] GC(172) Garbage Collection (Allocation Rate)
[115.107s][info][gc,task     ] GC(172) Using 2 workers
[115.107s][info][gc,phases   ] GC(172) Pause Mark Start 0.005ms
[115.311s][info][gc,phases   ] GC(172) Concurrent Mark 203.863ms
[115.311s][info][gc,phases   ] GC(172) Pause Mark End 0.014ms
[115.311s][info][gc,phases   ] GC(172) Concurrent Mark Free 0.001ms
[115.314s][info][gc,phases   ] GC(172) Concurrent Process Non-Strong References 2.993ms
[115.314s][info][gc,phases   ] GC(172) Concurrent Reset Relocation Set 0.001ms
[115.336s][info][gc,phases   ] GC(172) Concurrent Select Relocation Set 21.803ms
[115.336s][info][gc,phases   ] GC(172) Pause Relocate Start 0.010ms
[115.462s][info][gc,phases   ] GC(172) Concurrent Relocate 126.160ms
[115.462s][info][gc,load     ] GC(172) Load: 0.00/0.00/0.00
[115.462s][info][gc,mmu      ] GC(172) MMU: 2ms/97.9%, 5ms/99.1%, 10ms/99.5%, 20ms/99.7%, 50ms/99.9%, 100ms/99.9%
[115.462s][info][gc,marking  ] GC(172) Mark: 2 stripe(s), 2 proactive flush(es), 1 terminate flush(es), 0 completion(s), 0 continuation(s) 
[115.462s][info][gc,marking  ] GC(172) Mark Stack Usage: 32M
[115.462s][info][gc,nmethod  ] GC(172) NMethods: 3265 registered, 0 unregistered
[115.462s][info][gc,metaspace] GC(172) Metaspace: 15M used, 16M committed, 1088M reserved
[115.462s][info][gc,ref      ] GC(172) Soft: 392 encountered, 0 discovered, 0 enqueued
[115.462s][info][gc,ref      ] GC(172) Weak: 734 encountered, 364 discovered, 0 enqueued
[115.462s][info][gc,ref      ] GC(172) Final: 0 encountered, 0 discovered, 0 enqueued
[115.462s][info][gc,ref      ] GC(172) Phantom: 64 encountered, 49 discovered, 0 enqueued
[115.462s][info][gc,reloc    ] GC(172) Small Pages: 455 / 910M, Empty: 258M, Relocated: 191M, In-Place: 0
[115.462s][info][gc,reloc    ] GC(172) Medium Pages: 3 / 96M, Empty: 64M, Relocated: 0M, In-Place: 0
[115.462s][info][gc,reloc    ] GC(172) Large Pages: 21 / 154M, Empty: 142M, Relocated: 0M, In-Place: 0
[115.462s][info][gc,reloc    ] GC(172) Forwarding Usage: 119M
[115.462s][info][gc,heap     ] GC(172) Min Capacity: 2048M(100%)
[115.462s][info][gc,heap     ] GC(172) Max Capacity: 2048M(100%)
[115.463s][info][gc,heap     ] GC(172) Soft Max Capacity: 2048M(100%)
[115.463s][info][gc,heap     ] GC(172)                Mark Start          Mark End        Relocate Start      Relocate End           High               Low         
[115.463s][info][gc,heap     ] GC(172)  Capacity:     2048M (100%)       2048M (100%)       2048M (100%)       2048M (100%)       2048M (100%)       2048M (100%)   
[115.463s][info][gc,heap     ] GC(172)      Free:      888M (43%)         880M (43%)        1344M (66%)        1794M (88%)        1794M (88%)         880M (43%)    
[115.463s][info][gc,heap     ] GC(172)      Used:     1160M (57%)        1168M (57%)         704M (34%)         254M (12%)        1168M (57%)         254M (12%)    
[115.463s][info][gc,heap     ] GC(172)      Live:         -               211M (10%)         211M (10%)         211M (10%)            -                  -          
[115.463s][info][gc,heap     ] GC(172) Allocated:         -                 8M (0%)            8M (0%)            8M (0%)             -                  -          
[115.463s][info][gc,heap     ] GC(172)   Garbage:         -               948M (46%)         484M (24%)          34M (2%)             -                  -          
[115.463s][info][gc,heap     ] GC(172) Reclaimed:         -                  -               464M (23%)         914M (45%)            -                  -          
[115.463s][info][gc          ] GC(172) Garbage Collection (Allocation Rate) 1160M(57%)->254M(12%)
[115.463s][info][gc,start    ] GC(173) Garbage Collection (System.gc())
[115.463s][info][gc,task     ] GC(173) Using 2 workers
[115.463s][info][gc,phases   ] GC(173) Pause Mark Start 0.010ms
[115.484s][info][gc,phases   ] GC(173) Concurrent Mark 20.566ms
[115.484s][info][gc,phases   ] GC(173) Pause Mark End 0.019ms
[115.484s][info][gc,phases   ] GC(173) Concurrent Mark Free 0.003ms
[115.488s][info][gc,phases   ] GC(173) Concurrent Process Non-Strong References 4.218ms
[115.488s][info][gc,phases   ] GC(173) Concurrent Reset Relocation Set 0.029ms
[115.496s][info][gc,phases   ] GC(173) Concurrent Select Relocation Set 8.030ms
[115.496s][info][gc,phases   ] GC(173) Pause Relocate Start 0.022ms
[115.498s][info][gc,phases   ] GC(173) Concurrent Relocate 1.169ms
[115.498s][info][gc,load     ] GC(173) Load: 0.00/0.00/0.00
[115.498s][info][gc,mmu      ] GC(173) MMU: 2ms/97.9%, 5ms/99.1%, 10ms/99.5%, 20ms/99.7%, 50ms/99.9%, 100ms/99.9%
[115.498s][info][gc,marking  ] GC(173) Mark: 2 stripe(s), 1 proactive flush(es), 1 terminate flush(es), 0 completion(s), 0 continuation(s) 
[115.498s][info][gc,marking  ] GC(173) Mark Stack Usage: 32M
[115.498s][info][gc,nmethod  ] GC(173) NMethods: 3265 registered, 0 unregistered
[115.498s][info][gc,metaspace] GC(173) Metaspace: 15M used, 16M committed, 1088M reserved
[115.498s][info][gc,ref      ] GC(173) Soft: 392 encountered, 0 discovered, 0 enqueued
[115.498s][info][gc,ref      ] GC(173) Weak: 731 encountered, 46 discovered, 0 enqueued
[115.498s][info][gc,ref      ] GC(173) Final: 0 encountered, 0 discovered, 0 enqueued
[115.498s][info][gc,ref      ] GC(173) Phantom: 64 encountered, 50 discovered, 0 enqueued
[115.498s][info][gc,reloc    ] GC(173) Small Pages: 105 / 210M, Empty: 196M, Relocated: 1M, In-Place: 0
[115.498s][info][gc,reloc    ] GC(173) Medium Pages: 1 / 32M, Empty: 32M, Relocated: 0M, In-Place: 0
[115.498s][info][gc,reloc    ] GC(173) Large Pages: 2 / 12M, Empty: 12M, Relocated: 0M, In-Place: 0
[115.498s][info][gc,reloc    ] GC(173) Forwarding Usage: 0M
[115.498s][info][gc,heap     ] GC(173) Min Capacity: 2048M(100%)
[115.498s][info][gc,heap     ] GC(173) Max Capacity: 2048M(100%)
[115.498s][info][gc,heap     ] GC(173) Soft Max Capacity: 2048M(100%)
[115.498s][info][gc,heap     ] GC(173)                Mark Start          Mark End        Relocate Start      Relocate End           High               Low         
[115.498s][info][gc,heap     ] GC(173)  Capacity:     2048M (100%)       2048M (100%)       2048M (100%)       2048M (100%)       2048M (100%)       2048M (100%)   
[115.498s][info][gc,heap     ] GC(173)      Free:     1794M (88%)        1794M (88%)        2034M (99%)        2038M (100%)       2038M (100%)       1794M (88%)    
[115.498s][info][gc,heap     ] GC(173)      Used:      254M (12%)         254M (12%)          14M (1%)           10M (0%)          254M (12%)          10M (0%)     
[115.498s][info][gc,heap     ] GC(173)      Live:         -                 6M (0%)            6M (0%)            6M (0%)             -                  -          
[115.498s][info][gc,heap     ] GC(173) Allocated:         -                 0M (0%)            0M (0%)            0M (0%)             -                  -          
[115.498s][info][gc,heap     ] GC(173)   Garbage:         -               247M (12%)           7M (0%)            3M (0%)             -                  -          
[115.498s][info][gc,heap     ] GC(173) Reclaimed:         -                  -               240M (12%)         244M (12%)            -                  -          
[115.498s][info][gc          ] GC(173) Garbage Collection (System.gc()) 254M(12%)->10M(0%)
[116.409s][info][gc,start    ] GC(174) Garbage Collection (Allocation Rate)
[116.409s][info][gc,task     ] GC(174) Using 2 workers
[116.409s][info][gc,phases   ] GC(174) Pause Mark Start 0.006ms
[116.670s][info][gc,phases   ] GC(174) Concurrent Mark 245.494ms
[116.670s][info][gc,phases   ] GC(174) Pause Mark End 0.020ms
[116.670s][info][gc,phases   ] GC(174) Concurrent Mark Free 0.002ms
[116.674s][info][gc,phases   ] GC(174) Concurrent Process Non-Strong References 3.611ms
[116.674s][info][gc,phases   ] GC(174) Concurrent Reset Relocation Set 0.001ms
[116.696s][info][gc,phases   ] GC(174) Concurrent Select Relocation Set 21.774ms
[116.696s][info][gc,phases   ] GC(174) Pause Relocate Start 0.010ms
[116.822s][info][gc,phases   ] GC(174) Concurrent Relocate 125.933ms
[116.822s][info][gc,load     ] GC(174) Load: 0.00/0.00/0.00
[116.822s][info][gc,mmu      ] GC(174) MMU: 2ms/97.9%, 5ms/99.1%, 10ms/99.5%, 20ms/99.7%, 50ms/99.9%, 100ms/99.9%
[116.822s][info][gc,marking  ] GC(174) Mark: 2 stripe(s), 2 proactive flush(es), 1 terminate flush(es), 0 completion(s), 0 continuation(s) 
[116.822s][info][gc,marking  ] GC(174) Mark Stack Usage: 32M
[116.822s][info][gc,nmethod  ] GC(174) NMethods: 3276 registered, 0 unregistered
[116.822s][info][gc,metaspace] GC(174) Metaspace: 15M used, 16M committed, 1088M reserved
[116.822s][info][gc,ref      ] GC(174) Soft: 392 encountered, 0 discovered, 0 enqueued
[116.822s][info][gc,ref      ] GC(174) Weak: 748 encountered, 21 discovered, 0 enqueued
[116.822s][info][gc,ref      ] GC(174) Final: 0 encountered, 0 discovered, 0 enqueued
[116.822s][info][gc,ref      ] GC(174) Phantom: 64 encountered, 45 discovered, 0 enqueued
[116.822s][info][gc,reloc    ] GC(174) Small Pages: 429 / 858M, Empty: 180M, Relocated: 192M, In-Place: 0
[116.822s][info][gc,reloc    ] GC(174) Medium Pages: 3 / 96M, Empty: 64M, Relocated: 0M, In-Place: 0
[116.822s][info][gc,reloc    ] GC(174) Large Pages: 21 / 154M, Empty: 82M, Relocated: 0M, In-Place: 0
[116.822s][info][gc,reloc    ] GC(174) Forwarding Usage: 118M
[116.822s][info][gc,heap     ] GC(174) Min Capacity: 2048M(100%)
[116.822s][info][gc,heap     ] GC(174) Max Capacity: 2048M(100%)
[116.822s][info][gc,heap     ] GC(174) Soft Max Capacity: 2048M(100%)
[116.822s][info][gc,heap     ] GC(174)                Mark Start          Mark End        Relocate Start      Relocate End           High               Low         
[116.822s][info][gc,heap     ] GC(174)  Capacity:     2048M (100%)       2048M (100%)       2048M (100%)       2048M (100%)       2048M (100%)       2048M (100%)   
[116.822s][info][gc,heap     ] GC(174)      Free:      940M (46%)         876M (43%)        1202M (59%)        1678M (82%)        1678M (82%)         876M (43%)    
[116.822s][info][gc,heap     ] GC(174)      Used:     1108M (54%)        1172M (57%)         846M (41%)         370M (18%)        1172M (57%)         370M (18%)    
[116.822s][info][gc,heap     ] GC(174)      Live:         -               272M (13%)         272M (13%)         272M (13%)            -                  -          
[116.822s][info][gc,heap     ] GC(174) Allocated:         -                64M (3%)           64M (3%)           64M (3%)             -                  -          
[116.822s][info][gc,heap     ] GC(174)   Garbage:         -               835M (41%)         509M (25%)          33M (2%)             -                  -          
[116.822s][info][gc,heap     ] GC(174) Reclaimed:         -                  -               326M (16%)         802M (39%)            -                  -          
[116.822s][info][gc          ] GC(174) Garbage Collection (Allocation Rate) 1108M(54%)->370M(18%)
[116.822s][info][gc,start    ] GC(175) Garbage Collection (System.gc())
[116.822s][info][gc,task     ] GC(175) Using 2 workers
[116.822s][info][gc,phases   ] GC(175) Pause Mark Start 0.005ms
[116.843s][info][gc,phases   ] GC(175) Concurrent Mark 19.992ms
[116.843s][info][gc,phases   ] GC(175) Pause Mark End 0.023ms
[116.843s][info][gc,phases   ] GC(175) Concurrent Mark Free 0.003ms
[116.846s][info][gc,phases   ] GC(175) Concurrent Process Non-Strong References 3.305ms
[116.846s][info][gc,phases   ] GC(175) Concurrent Reset Relocation Set 0.026ms
[116.855s][info][gc,phases   ] GC(175) Concurrent Select Relocation Set 9.050ms
[116.856s][info][gc,phases   ] GC(175) Pause Relocate Start 0.019ms
[116.857s][info][gc,phases   ] GC(175) Concurrent Relocate 1.445ms
[116.857s][info][gc,load     ] GC(175) Load: 0.00/0.00/0.00
[116.857s][info][gc,mmu      ] GC(175) MMU: 2ms/97.9%, 5ms/99.1%, 10ms/99.5%, 20ms/99.7%, 50ms/99.9%, 100ms/99.9%
[116.857s][info][gc,marking  ] GC(175) Mark: 2 stripe(s), 1 proactive flush(es), 1 terminate flush(es), 0 completion(s), 0 continuation(s) 
[116.857s][info][gc,marking  ] GC(175) Mark Stack Usage: 32M
[116.857s][info][gc,nmethod  ] GC(175) NMethods: 3276 registered, 0 unregistered
[116.857s][info][gc,metaspace] GC(175) Metaspace: 15M used, 16M committed, 1088M reserved
[116.857s][info][gc,ref      ] GC(175) Soft: 392 encountered, 0 discovered, 0 enqueued
[116.857s][info][gc,ref      ] GC(175) Weak: 731 encountered, 467 discovered, 0 enqueued
[116.857s][info][gc,ref      ] GC(175) Final: 0 encountered, 0 discovered, 0 enqueued
[116.857s][info][gc,ref      ] GC(175) Phantom: 64 encountered, 46 discovered, 0 enqueued
[116.857s][info][gc,reloc    ] GC(175) Small Pages: 133 / 266M, Empty: 250M, Relocated: 1M, In-Place: 0
[116.857s][info][gc,reloc    ] GC(175) Medium Pages: 1 / 32M, Empty: 32M, Relocated: 0M, In-Place: 0
[116.857s][info][gc,reloc    ] GC(175) Large Pages: 12 / 72M, Empty: 72M, Relocated: 0M, In-Place: 0
[116.857s][info][gc,reloc    ] GC(175) Forwarding Usage: 0M
[116.857s][info][gc,heap     ] GC(175) Min Capacity: 2048M(100%)
[116.857s][info][gc,heap     ] GC(175) Max Capacity: 2048M(100%)
[116.857s][info][gc,heap     ] GC(175) Soft Max Capacity: 2048M(100%)
[116.857s][info][gc,heap     ] GC(175)                Mark Start          Mark End        Relocate Start      Relocate End           High               Low         
[116.857s][info][gc,heap     ] GC(175)  Capacity:     2048M (100%)       2048M (100%)       2048M (100%)       2048M (100%)       2048M (100%)       2048M (100%)   
[116.857s][info][gc,heap     ] GC(175)      Free:     1678M (82%)        1678M (82%)        2032M (99%)        2038M (100%)       2038M (100%)       1678M (82%)    
[116.857s][info][gc,heap     ] GC(175)      Used:      370M (18%)         370M (18%)          16M (1%)           10M (0%)          370M (18%)          10M (0%)     
[116.857s][info][gc,heap     ] GC(175)      Live:         -                 6M (0%)            6M (0%)            6M (0%)             -                  -          
[116.857s][info][gc,heap     ] GC(175) Allocated:         -                 0M (0%)            0M (0%)            0M (0%)             -                  -          
[116.857s][info][gc,heap     ] GC(175)   Garbage:         -               363M (18%)           9M (0%)            3M (0%)             -                  -          
[116.857s][info][gc,heap     ] GC(175) Reclaimed:         -                  -               354M (17%)         360M (18%)            -                  -          
[116.857s][info][gc          ] GC(175) Garbage Collection (System.gc()) 370M(18%)->10M(0%)
[117.710s][info][gc,start    ] GC(176) Garbage Collection (Allocation Rate)
[117.710s][info][gc,task     ] GC(176) Using 2 workers
[117.710s][info][gc,phases   ] GC(176) Pause Mark Start 0.010ms
[117.974s][info][gc,phases   ] GC(176) Concurrent Mark 248.747ms
[117.974s][info][gc,phases   ] GC(176) Pause Mark End 0.023ms
[117.974s][info][gc,phases   ] GC(176) Concurrent Mark Free 0.002ms
[117.978s][info][gc,phases   ] GC(176) Concurrent Process Non-Strong References 3.631ms
[117.978s][info][gc,phases   ] GC(176) Concurrent Reset Relocation Set 0.001ms
[117.999s][info][gc,phases   ] GC(176) Concurrent Select Relocation Set 21.509ms
[118.000s][info][gc,phases   ] GC(176) Pause Relocate Start 0.010ms
[118.127s][info][gc,phases   ] GC(176) Concurrent Relocate 127.564ms
[118.127s][info][gc,load     ] GC(176) Load: 0.00/0.00/0.00
[118.127s][info][gc,mmu      ] GC(176) MMU: 2ms/97.9%, 5ms/99.1%, 10ms/99.5%, 20ms/99.7%, 50ms/99.9%, 100ms/99.9%
[118.127s][info][gc,marking  ] GC(176) Mark: 2 stripe(s), 1 proactive flush(es), 1 terminate flush(es), 0 completion(s), 0 continuation(s) 
[118.127s][info][gc,marking  ] GC(176) Mark Stack Usage: 32M
[118.127s][info][gc,nmethod  ] GC(176) NMethods: 3277 registered, 0 unregistered
[118.127s][info][gc,metaspace] GC(176) Metaspace: 15M used, 16M committed, 1088M reserved
[118.127s][info][gc,ref      ] GC(176) Soft: 392 encountered, 0 discovered, 0 enqueued
[118.127s][info][gc,ref      ] GC(176) Weak: 749 encountered, 372 discovered, 0 enqueued
[118.127s][info][gc,ref      ] GC(176) Final: 0 encountered, 0 discovered, 0 enqueued
[118.127s][info][gc,ref      ] GC(176) Phantom: 64 encountered, 49 discovered, 0 enqueued
[118.127s][info][gc,reloc    ] GC(176) Small Pages: 408 / 816M, Empty: 132M, Relocated: 192M, In-Place: 0
[118.127s][info][gc,reloc    ] GC(176) Medium Pages: 3 / 96M, Empty: 0M, Relocated: 4M, In-Place: 0
[118.127s][info][gc,reloc    ] GC(176) Large Pages: 19 / 142M, Empty: 82M, Relocated: 0M, In-Place: 0
[118.127s][info][gc,reloc    ] GC(176) Forwarding Usage: 120M
[118.127s][info][gc,heap     ] GC(176) Min Capacity: 2048M(100%)
[118.128s][info][gc,heap     ] GC(176) Max Capacity: 2048M(100%)
[118.128s][info][gc,heap     ] GC(176) Soft Max Capacity: 2048M(100%)
[118.128s][info][gc,heap     ] GC(176)                Mark Start          Mark End        Relocate Start      Relocate End           High               Low         
[118.128s][info][gc,heap     ] GC(176)  Capacity:     2048M (100%)       2048M (100%)       2048M (100%)       2048M (100%)       2048M (100%)       2048M (100%)   
[118.128s][info][gc,heap     ] GC(176)      Free:      994M (49%)         874M (43%)        1088M (53%)        1634M (80%)        1634M (80%)         874M (43%)    
[118.128s][info][gc,heap     ] GC(176)      Used:     1054M (51%)        1174M (57%)         960M (47%)         414M (20%)        1174M (57%)         414M (20%)    
[118.128s][info][gc,heap     ] GC(176)      Live:         -               264M (13%)         264M (13%)         264M (13%)            -                  -          
[118.128s][info][gc,heap     ] GC(176) Allocated:         -               120M (6%)          120M (6%)          120M (6%)             -                  -          
[118.128s][info][gc,heap     ] GC(176)   Garbage:         -               789M (39%)         575M (28%)          29M (1%)             -                  -          
[118.128s][info][gc,heap     ] GC(176) Reclaimed:         -                  -               214M (10%)         760M (37%)            -                  -          
[118.128s][info][gc          ] GC(176) Garbage Collection (Allocation Rate) 1054M(51%)->414M(20%)
[118.128s][info][gc,start    ] GC(177) Garbage Collection (System.gc())
[118.128s][info][gc,task     ] GC(177) Using 2 workers
[118.128s][info][gc,phases   ] GC(177) Pause Mark Start 0.008ms
[118.146s][info][gc,phases   ] GC(177) Concurrent Mark 18.323ms
[118.146s][info][gc,phases   ] GC(177) Pause Mark End 0.017ms
[118.146s][info][gc,phases   ] GC(177) Concurrent Mark Free 0.001ms
[118.151s][info][gc,phases   ] GC(177) Concurrent Process Non-Strong References 4.472ms
[118.151s][info][gc,phases   ] GC(177) Concurrent Reset Relocation Set 0.034ms
[118.160s][info][gc,phases   ] GC(177) Concurrent Select Relocation Set 8.609ms
[118.160s][info][gc,phases   ] GC(177) Pause Relocate Start 0.018ms
[118.161s][info][gc,phases   ] GC(177) Concurrent Relocate 1.525ms
[118.161s][info][gc,load     ] GC(177) Load: 0.00/0.00/0.00
[118.162s][info][gc,mmu      ] GC(177) MMU: 2ms/97.9%, 5ms/99.1%, 10ms/99.5%, 20ms/99.7%, 50ms/99.9%, 100ms/99.9%
[118.162s][info][gc,marking  ] GC(177) Mark: 2 stripe(s), 1 proactive flush(es), 1 terminate flush(es), 0 completion(s), 0 continuation(s) 
[118.162s][info][gc,marking  ] GC(177) Mark Stack Usage: 32M
[118.162s][info][gc,nmethod  ] GC(177) NMethods: 3277 registered, 0 unregistered
[118.162s][info][gc,metaspace] GC(177) Metaspace: 15M used, 16M committed, 1088M reserved
[118.162s][info][gc,ref      ] GC(177) Soft: 392 encountered, 0 discovered, 0 enqueued
[118.162s][info][gc,ref      ] GC(177) Weak: 731 encountered, 131 discovered, 0 enqueued
[118.162s][info][gc,ref      ] GC(177) Final: 0 encountered, 0 discovered, 0 enqueued
[118.162s][info][gc,ref      ] GC(177) Phantom: 64 encountered, 49 discovered, 0 enqueued
[118.162s][info][gc,reloc    ] GC(177) Small Pages: 155 / 310M, Empty: 296M, Relocated: 1M, In-Place: 0
[118.162s][info][gc,reloc    ] GC(177) Medium Pages: 1 / 32M, Empty: 32M, Relocated: 0M, In-Place: 0
[118.162s][info][gc,reloc    ] GC(177) Large Pages: 12 / 72M, Empty: 72M, Relocated: 0M, In-Place: 0
[118.162s][info][gc,reloc    ] GC(177) Forwarding Usage: 0M
[118.162s][info][gc,heap     ] GC(177) Min Capacity: 2048M(100%)
[118.162s][info][gc,heap     ] GC(177) Max Capacity: 2048M(100%)
[118.162s][info][gc,heap     ] GC(177) Soft Max Capacity: 2048M(100%)
[118.162s][info][gc,heap     ] GC(177)                Mark Start          Mark End        Relocate Start      Relocate End           High               Low         
[118.162s][info][gc,heap     ] GC(177)  Capacity:     2048M (100%)       2048M (100%)       2048M (100%)       2048M (100%)       2048M (100%)       2048M (100%)   
[118.162s][info][gc,heap     ] GC(177)      Free:     1634M (80%)        1634M (80%)        2034M (99%)        2038M (100%)       2038M (100%)       1634M (80%)    
[118.162s][info][gc,heap     ] GC(177)      Used:      414M (20%)         414M (20%)          14M (1%)           10M (0%)          414M (20%)          10M (0%)     
[118.162s][info][gc,heap     ] GC(177)      Live:         -                 6M (0%)            6M (0%)            6M (0%)             -                  -          
[118.162s][info][gc,heap     ] GC(177) Allocated:         -                 0M (0%)            0M (0%)            0M (0%)             -                  -          
[118.162s][info][gc,heap     ] GC(177)   Garbage:         -               407M (20%)           7M (0%)            3M (0%)             -                  -          
[118.162s][info][gc,heap     ] GC(177) Reclaimed:         -                  -               400M (20%)         404M (20%)            -                  -          
[118.162s][info][gc          ] GC(177) Garbage Collection (System.gc()) 414M(20%)->10M(0%)
[119.107s][info][gc,start    ] GC(178) Garbage Collection (Allocation Rate)
[119.107s][info][gc,task     ] GC(178) Using 2 workers
[119.107s][info][gc,phases   ] GC(178) Pause Mark Start 0.010ms
[119.341s][info][gc,phases   ] GC(178) Concurrent Mark 234.074ms
[119.342s][info][gc,phases   ] GC(178) Pause Mark End 0.022ms
[119.342s][info][gc,phases   ] GC(178) Concurrent Mark Free 0.002ms
[119.345s][info][gc,phases   ] GC(178) Concurrent Process Non-Strong References 3.354ms
[119.345s][info][gc,phases   ] GC(178) Concurrent Reset Relocation Set 0.001ms
[119.367s][info][gc,phases   ] GC(178) Concurrent Select Relocation Set 21.618ms
[119.367s][info][gc,phases   ] GC(178) Pause Relocate Start 0.017ms
[119.493s][info][gc,phases   ] GC(178) Concurrent Relocate 125.802ms
[119.493s][info][gc,load     ] GC(178) Load: 0.00/0.00/0.00
[119.493s][info][gc,mmu      ] GC(178) MMU: 2ms/97.9%, 5ms/99.1%, 10ms/99.5%, 20ms/99.7%, 50ms/99.9%, 100ms/99.9%
[119.493s][info][gc,marking  ] GC(178) Mark: 2 stripe(s), 2 proactive flush(es), 1 terminate flush(es), 0 completion(s), 0 continuation(s) 
[119.493s][info][gc,marking  ] GC(178) Mark Stack Usage: 32M
[119.493s][info][gc,nmethod  ] GC(178) NMethods: 3287 registered, 0 unregistered
[119.493s][info][gc,metaspace] GC(178) Metaspace: 15M used, 16M committed, 1088M reserved
[119.493s][info][gc,ref      ] GC(178) Soft: 392 encountered, 0 discovered, 0 enqueued
[119.493s][info][gc,ref      ] GC(178) Weak: 748 encountered, 369 discovered, 0 enqueued
[119.493s][info][gc,ref      ] GC(178) Final: 0 encountered, 0 discovered, 0 enqueued
[119.493s][info][gc,ref      ] GC(178) Phantom: 64 encountered, 49 discovered, 0 enqueued
[119.493s][info][gc,reloc    ] GC(178) Small Pages: 442 / 884M, Empty: 208M, Relocated: 192M, In-Place: 0
[119.493s][info][gc,reloc    ] GC(178) Medium Pages: 3 / 96M, Empty: 64M, Relocated: 0M, In-Place: 0
[119.493s][info][gc,reloc    ] GC(178) Large Pages: 21 / 154M, Empty: 82M, Relocated: 0M, In-Place: 0
[119.493s][info][gc,reloc    ] GC(178) Forwarding Usage: 119M
[119.493s][info][gc,heap     ] GC(178) Min Capacity: 2048M(100%)
[119.493s][info][gc,heap     ] GC(178) Max Capacity: 2048M(100%)
[119.493s][info][gc,heap     ] GC(178) Soft Max Capacity: 2048M(100%)
[119.493s][info][gc,heap     ] GC(178)                Mark Start          Mark End        Relocate Start      Relocate End           High               Low         
[119.493s][info][gc,heap     ] GC(178)  Capacity:     2048M (100%)       2048M (100%)       2048M (100%)       2048M (100%)       2048M (100%)       2048M (100%)   
[119.493s][info][gc,heap     ] GC(178)      Free:      914M (45%)         878M (43%)        1232M (60%)        1704M (83%)        1704M (83%)         878M (43%)    
[119.493s][info][gc,heap     ] GC(178)      Used:     1134M (55%)        1170M (57%)         816M (40%)         344M (17%)        1170M (57%)         344M (17%)    
[119.493s][info][gc,heap     ] GC(178)      Live:         -               272M (13%)         272M (13%)         272M (13%)            -                  -          
[119.493s][info][gc,heap     ] GC(178) Allocated:         -                36M (2%)           36M (2%)           36M (2%)             -                  -          
[119.493s][info][gc,heap     ] GC(178)   Garbage:         -               861M (42%)         507M (25%)          35M (2%)             -                  -          
[119.493s][info][gc,heap     ] GC(178) Reclaimed:         -                  -               354M (17%)         826M (40%)            -                  -          
[119.493s][info][gc          ] GC(178) Garbage Collection (Allocation Rate) 1134M(55%)->344M(17%)
[119.493s][info][gc,start    ] GC(179) Garbage Collection (System.gc())
[119.493s][info][gc,task     ] GC(179) Using 2 workers
[119.493s][info][gc,phases   ] GC(179) Pause Mark Start 0.008ms
[119.514s][info][gc,phases   ] GC(179) Concurrent Mark 20.820ms
[119.515s][info][gc,phases   ] GC(179) Pause Mark End 0.020ms
[119.515s][info][gc,phases   ] GC(179) Concurrent Mark Free 0.001ms
[119.519s][info][gc,phases   ] GC(179) Concurrent Process Non-Strong References 4.046ms
[119.519s][info][gc,phases   ] GC(179) Concurrent Reset Relocation Set 0.032ms
[119.527s][info][gc,phases   ] GC(179) Concurrent Select Relocation Set 8.567ms
[119.528s][info][gc,phases   ] GC(179) Pause Relocate Start 0.023ms
[119.529s][info][gc,phases   ] GC(179) Concurrent Relocate 1.156ms
[119.529s][info][gc,load     ] GC(179) Load: 0.00/0.00/0.00
[119.529s][info][gc,mmu      ] GC(179) MMU: 2ms/97.9%, 5ms/99.1%, 10ms/99.5%, 20ms/99.7%, 50ms/99.9%, 100ms/99.9%
[119.529s][info][gc,marking  ] GC(179) Mark: 2 stripe(s), 1 proactive flush(es), 1 terminate flush(es), 0 completion(s), 0 continuation(s) 
[119.529s][info][gc,marking  ] GC(179) Mark Stack Usage: 32M
[119.529s][info][gc,nmethod  ] GC(179) NMethods: 3287 registered, 0 unregistered
[119.529s][info][gc,metaspace] GC(179) Metaspace: 15M used, 16M committed, 1088M reserved
[119.529s][info][gc,ref      ] GC(179) Soft: 392 encountered, 0 discovered, 0 enqueued
[119.529s][info][gc,ref      ] GC(179) Weak: 731 encountered, 354 discovered, 0 enqueued
[119.529s][info][gc,ref      ] GC(179) Final: 0 encountered, 0 discovered, 0 enqueued
[119.529s][info][gc,ref      ] GC(179) Phantom: 64 encountered, 49 discovered, 0 enqueued
[119.529s][info][gc,reloc    ] GC(179) Small Pages: 120 / 240M, Empty: 226M, Relocated: 1M, In-Place: 0
[119.529s][info][gc,reloc    ] GC(179) Medium Pages: 1 / 32M, Empty: 32M, Relocated: 0M, In-Place: 0
[119.529s][info][gc,reloc    ] GC(179) Large Pages: 12 / 72M, Empty: 72M, Relocated: 0M, In-Place: 0
[119.529s][info][gc,reloc    ] GC(179) Forwarding Usage: 0M
[119.529s][info][gc,heap     ] GC(179) Min Capacity: 2048M(100%)
[119.529s][info][gc,heap     ] GC(179) Max Capacity: 2048M(100%)
[119.529s][info][gc,heap     ] GC(179) Soft Max Capacity: 2048M(100%)
[119.529s][info][gc,heap     ] GC(179)                Mark Start          Mark End        Relocate Start      Relocate End           High               Low         
[119.529s][info][gc,heap     ] GC(179)  Capacity:     2048M (100%)       2048M (100%)       2048M (100%)       2048M (100%)       2048M (100%)       2048M (100%)   
[119.529s][info][gc,heap     ] GC(179)      Free:     1704M (83%)        1704M (83%)        2034M (99%)        2038M (100%)       2038M (100%)       1704M (83%)    
[119.529s][info][gc,heap     ] GC(179)      Used:      344M (17%)         344M (17%)          14M (1%)           10M (0%)          344M (17%)          10M (0%)     
[119.529s][info][gc,heap     ] GC(179)      Live:         -                 6M (0%)            6M (0%)            6M (0%)             -                  -          
[119.529s][info][gc,heap     ] GC(179) Allocated:         -                 0M (0%)            0M (0%)            0M (0%)             -                  -          
[119.529s][info][gc,heap     ] GC(179)   Garbage:         -               337M (16%)           7M (0%)            3M (0%)             -                  -          
[119.529s][info][gc,heap     ] GC(179) Reclaimed:         -                  -               330M (16%)         334M (16%)            -                  -          
[119.529s][info][gc          ] GC(179) Garbage Collection (System.gc()) 344M(17%)->10M(0%)
[120.111s][info][gc,stats    ] === Garbage Collection Statistics =======================================================================================================================
[120.111s][info][gc,stats    ]                                                              Last 10s              Last 10m              Last 10h                Total
[120.111s][info][gc,stats    ]                                                              Avg / Max             Avg / Max             Avg / Max             Avg / Max
[120.111s][info][gc,stats    ]   Collector: Garbage Collection Cycle                    218.564 / 427.743     224.240 / 465.355     224.240 / 465.355     224.240 / 465.355     ms
[120.111s][info][gc,stats    ]  Contention: Mark Segment Reset Contention                     0 / 1                 0 / 18                0 / 18                0 / 18          ops/s
[120.111s][info][gc,stats    ]  Contention: Mark SeqNum Reset Contention                      0 / 1                 0 / 1                 0 / 1                 0 / 1           ops/s
[120.111s][info][gc,stats    ]    Critical: Allocation Stall                                  0 / 0                 0 / 0                 0 / 0                 0 / 0           ops/s
[120.111s][info][gc,stats    ]    Critical: Allocation Stall                              0.000 / 0.000         0.000 / 0.000         0.000 / 0.000         0.000 / 0.000       ms
[120.111s][info][gc,stats    ]    Critical: GC Locker Stall                                   0 / 0                 0 / 0                 0 / 0                 0 / 0           ops/s
[120.111s][info][gc,stats    ]    Critical: GC Locker Stall                               0.000 / 0.000         0.000 / 0.000         0.000 / 0.000         0.000 / 0.000       ms
[120.111s][info][gc,stats    ]    Critical: Relocation Stall                                  0 / 0                 0 / 0                 0 / 0                 0 / 0           ops/s
[120.111s][info][gc,stats    ]    Critical: Relocation Stall                              0.000 / 0.000         0.000 / 0.000         0.000 / 0.000         0.000 / 0.000       ms
[120.111s][info][gc,stats    ]      Memory: Allocation Rate                                 887 / 1150            894 / 1244            894 / 1244            894 / 1244        MB/s
[120.111s][info][gc,stats    ]      Memory: Out Of Memory                                     0 / 0                 0 / 0                 0 / 0                 0 / 0           ops/s
[120.111s][info][gc,stats    ]      Memory: Page Cache Flush                                  0 / 0                 0 / 0                 0 / 0                 0 / 0           MB/s
[120.111s][info][gc,stats    ]      Memory: Page Cache Hit L1                               440 / 484             438 / 557             438 / 557             438 / 557         ops/s
[120.111s][info][gc,stats    ]      Memory: Page Cache Hit L2                                 0 / 0                 0 / 0                 0 / 0                 0 / 0           ops/s
[120.111s][info][gc,stats    ]      Memory: Page Cache Hit L3                                 0 / 0                 4 / 195               4 / 195               4 / 195         ops/s
[120.111s][info][gc,stats    ]      Memory: Page Cache Miss                                   0 / 0                 0 / 1                 0 / 1                 0 / 1           ops/s
[120.111s][info][gc,stats    ]      Memory: Uncommit                                          0 / 0                 0 / 0                 0 / 0                 0 / 0           MB/s
[120.111s][info][gc,stats    ]      Memory: Undo Object Allocation Failed                     0 / 0                 0 / 2                 0 / 2                 0 / 2           ops/s
[120.111s][info][gc,stats    ]      Memory: Undo Object Allocation Succeeded                  0 / 0              2317 / 248763         2317 / 248763         2317 / 248763      ops/s
[120.111s][info][gc,stats    ]      Memory: Undo Page Allocation                              0 / 1                 0 / 3                 0 / 3                 0 / 3           ops/s
[120.111s][info][gc,stats    ]       Phase: Concurrent Mark                             122.375 / 259.749     133.192 / 352.487     133.192 / 352.487     133.192 / 352.487     ms
[120.111s][info][gc,stats    ]       Phase: Concurrent Mark Continue                      0.000 / 0.000         0.000 / 0.000         0.000 / 0.000         0.000 / 0.000       ms
[120.111s][info][gc,stats    ]       Phase: Concurrent Mark Free                          0.002 / 0.003         0.002 / 0.004         0.002 / 0.004         0.002 / 0.004       ms
[120.112s][info][gc,stats    ]       Phase: Concurrent Process Non-Strong References      3.852 / 4.853         3.647 / 15.958        3.647 / 15.958        3.647 / 15.958      ms
[120.112s][info][gc,stats    ]       Phase: Concurrent Relocate                          63.981 / 128.109      64.019 / 151.919      64.019 / 151.919      64.019 / 151.919     ms
[120.112s][info][gc,stats    ]       Phase: Concurrent Reset Relocation Set               0.016 / 0.034         0.015 / 0.050         0.015 / 0.050         0.015 / 0.050       ms
[120.112s][info][gc,stats    ]       Phase: Concurrent Select Relocation Set             14.647 / 21.803       15.289 / 26.863       15.289 / 26.863       15.289 / 26.863      ms
[120.112s][info][gc,stats    ]       Phase: Pause Mark End                                0.021 / 0.025         0.021 / 0.043         0.021 / 0.043         0.021 / 0.043       ms
[120.112s][info][gc,stats    ]       Phase: Pause Mark Start                              0.008 / 0.010         0.008 / 0.019         0.008 / 0.019         0.008 / 0.019       ms
[120.112s][info][gc,stats    ]       Phase: Pause Relocate Start                          0.017 / 0.023         0.017 / 0.032         0.017 / 0.032         0.017 / 0.032       ms
[120.112s][info][gc,stats    ]    Subphase: Concurrent Classes Purge                      0.133 / 0.164         0.123 / 0.252         0.123 / 0.252         0.123 / 0.252       ms
[120.112s][info][gc,stats    ]    Subphase: Concurrent Classes Unlink                     3.054 / 4.029         2.822 / 4.168         2.822 / 4.168         2.822 / 4.168       ms
[120.112s][info][gc,stats    ]    Subphase: Concurrent Mark                             115.585 / 259.350     127.534 / 351.776     127.534 / 351.776     127.534 / 351.776     ms
[120.112s][info][gc,stats    ]    Subphase: Concurrent Mark Try Flush                     0.091 / 0.456         0.193 / 15.584        0.193 / 15.584        0.193 / 15.584      ms
[120.112s][info][gc,stats    ]    Subphase: Concurrent Mark Try Terminate                 4.768 / 16.423        4.171 / 17.027        4.171 / 17.027        4.171 / 17.027      ms
[120.112s][info][gc,stats    ]    Subphase: Concurrent References Enqueue                 0.000 / 0.001         0.000 / 0.005         0.000 / 0.005         0.000 / 0.005       ms
[120.112s][info][gc,stats    ]    Subphase: Concurrent References Process                 0.126 / 0.184         0.122 / 0.238         0.122 / 0.238         0.122 / 0.238       ms
[120.112s][info][gc,stats    ]    Subphase: Concurrent Roots ClassLoaderDataGraph         0.087 / 0.279         0.085 / 0.334         0.085 / 0.334         0.085 / 0.334       ms
[120.112s][info][gc,stats    ]    Subphase: Concurrent Roots CodeCache                    0.000 / 0.000         0.000 / 0.000         0.000 / 0.000         0.000 / 0.000       ms
[120.112s][info][gc,stats    ]    Subphase: Concurrent Roots JavaThreads                  0.208 / 0.558         0.227 / 2.583         0.227 / 2.583         0.227 / 2.583       ms
[120.112s][info][gc,stats    ]    Subphase: Concurrent Roots OopStorageSet                0.015 / 0.024         0.016 / 0.053         0.016 / 0.053         0.016 / 0.053       ms
[120.112s][info][gc,stats    ]    Subphase: Concurrent Weak Roots OopStorageSet           0.348 / 0.487         0.326 / 0.505         0.326 / 0.505         0.326 / 0.505       ms
[120.112s][info][gc,stats    ]    Subphase: Pause Mark Try Complete                       0.000 / 0.000         0.000 / 0.000         0.000 / 0.000         0.000 / 0.000       ms
[120.112s][info][gc,stats    ]      System: Java Threads                                     12 / 18               13 / 19               13 / 19               13 / 19          threads
[120.112s][info][gc,stats    ] =========================================================================================================================================================
[120.408s][info][gc,start    ] GC(180) Garbage Collection (Allocation Rate)
[120.408s][info][gc,task     ] GC(180) Using 2 workers
[120.409s][info][gc,phases   ] GC(180) Pause Mark Start 0.007ms
[120.659s][info][gc,phases   ] GC(180) Concurrent Mark 248.655ms
[120.659s][info][gc,phases   ] GC(180) Pause Mark End 0.021ms
[120.660s][info][gc,phases   ] GC(180) Concurrent Mark Free 0.002ms
[120.663s][info][gc,phases   ] GC(180) Concurrent Process Non-Strong References 3.486ms
[120.663s][info][gc,phases   ] GC(180) Concurrent Reset Relocation Set 0.001ms
[120.684s][info][gc,phases   ] GC(180) Concurrent Select Relocation Set 20.571ms
[120.684s][info][gc,phases   ] GC(180) Pause Relocate Start 0.011ms
[120.810s][info][gc,phases   ] GC(180) Concurrent Relocate 126.299ms
[120.810s][info][gc,load     ] GC(180) Load: 0.00/0.00/0.00
[120.810s][info][gc,mmu      ] GC(180) MMU: 2ms/97.9%, 5ms/99.1%, 10ms/99.5%, 20ms/99.7%, 50ms/99.9%, 100ms/99.9%
[120.810s][info][gc,marking  ] GC(180) Mark: 2 stripe(s), 2 proactive flush(es), 1 terminate flush(es), 0 completion(s), 0 continuation(s) 
[120.810s][info][gc,marking  ] GC(180) Mark Stack Usage: 32M
[120.810s][info][gc,nmethod  ] GC(180) NMethods: 3288 registered, 0 unregistered
[120.810s][info][gc,metaspace] GC(180) Metaspace: 15M used, 16M committed, 1088M reserved
[120.810s][info][gc,ref      ] GC(180) Soft: 392 encountered, 0 discovered, 0 enqueued
[120.811s][info][gc,ref      ] GC(180) Weak: 749 encountered, 66 discovered, 0 enqueued
[120.811s][info][gc,ref      ] GC(180) Final: 0 encountered, 0 discovered, 0 enqueued
[120.811s][info][gc,ref      ] GC(180) Phantom: 64 encountered, 48 discovered, 0 enqueued
[120.811s][info][gc,reloc    ] GC(180) Small Pages: 417 / 834M, Empty: 164M, Relocated: 192M, In-Place: 0
[120.811s][info][gc,reloc    ] GC(180) Medium Pages: 3 / 96M, Empty: 64M, Relocated: 0M, In-Place: 0
[120.811s][info][gc,reloc    ] GC(180) Large Pages: 21 / 154M, Empty: 82M, Relocated: 0M, In-Place: 0
[120.811s][info][gc,reloc    ] GC(180) Forwarding Usage: 118M
[120.811s][info][gc,heap     ] GC(180) Min Capacity: 2048M(100%)
[120.811s][info][gc,heap     ] GC(180) Max Capacity: 2048M(100%)
[120.811s][info][gc,heap     ] GC(180) Soft Max Capacity: 2048M(100%)
[120.811s][info][gc,heap     ] GC(180)                Mark Start          Mark End        Relocate Start      Relocate End           High               Low         
[120.811s][info][gc,heap     ] GC(180)  Capacity:     2048M (100%)       2048M (100%)       2048M (100%)       2048M (100%)       2048M (100%)       2048M (100%)   
[120.811s][info][gc,heap     ] GC(180)      Free:      964M (47%)         874M (43%)        1184M (58%)        1652M (81%)        1652M (81%)         874M (43%)    
[120.811s][info][gc,heap     ] GC(180)      Used:     1084M (53%)        1174M (57%)         864M (42%)         396M (19%)        1174M (57%)         396M (19%)    
[120.811s][info][gc,heap     ] GC(180)      Live:         -               272M (13%)         272M (13%)         272M (13%)            -                  -          
[120.811s][info][gc,heap     ] GC(180) Allocated:         -                90M (4%)           90M (4%)           90M (4%)             -                  -          
[120.811s][info][gc,heap     ] GC(180)   Garbage:         -               811M (40%)         501M (25%)          33M (2%)             -                  -          
[120.811s][info][gc,heap     ] GC(180) Reclaimed:         -                  -               310M (15%)         778M (38%)            -                  -          
[120.811s][info][gc          ] GC(180) Garbage Collection (Allocation Rate) 1084M(53%)->396M(19%)
[120.811s][info][gc,start    ] GC(181) Garbage Collection (System.gc())
[120.811s][info][gc,task     ] GC(181) Using 2 workers
[120.811s][info][gc,phases   ] GC(181) Pause Mark Start 0.007ms
[120.832s][info][gc,phases   ] GC(181) Concurrent Mark 21.152ms
[120.832s][info][gc,phases   ] GC(181) Pause Mark End 0.025ms
[120.833s][info][gc,phases   ] GC(181) Concurrent Mark Free 0.003ms
[120.837s][info][gc,phases   ] GC(181) Concurrent Process Non-Strong References 4.338ms
[120.837s][info][gc,phases   ] GC(181) Concurrent Reset Relocation Set 0.032ms
[120.846s][info][gc,phases   ] GC(181) Concurrent Select Relocation Set 8.610ms
[120.846s][info][gc,phases   ] GC(181) Pause Relocate Start 0.022ms
[120.847s][info][gc,phases   ] GC(181) Concurrent Relocate 1.376ms
[120.847s][info][gc,load     ] GC(181) Load: 0.00/0.00/0.00
[120.847s][info][gc,mmu      ] GC(181) MMU: 2ms/97.9%, 5ms/99.1%, 10ms/99.5%, 20ms/99.7%, 50ms/99.9%, 100ms/99.9%
[120.847s][info][gc,marking  ] GC(181) Mark: 2 stripe(s), 2 proactive flush(es), 1 terminate flush(es), 0 completion(s), 0 continuation(s) 
[120.847s][info][gc,marking  ] GC(181) Mark Stack Usage: 32M
[120.847s][info][gc,nmethod  ] GC(181) NMethods: 3288 registered, 0 unregistered
[120.848s][info][gc,metaspace] GC(181) Metaspace: 15M used, 16M committed, 1088M reserved
[120.848s][info][gc,ref      ] GC(181) Soft: 392 encountered, 0 discovered, 0 enqueued
[120.848s][info][gc,ref      ] GC(181) Weak: 731 encountered, 147 discovered, 0 enqueued
[120.848s][info][gc,ref      ] GC(181) Final: 0 encountered, 0 discovered, 0 enqueued
[120.848s][info][gc,ref      ] GC(181) Phantom: 64 encountered, 56 discovered, 0 enqueued
[120.848s][info][gc,reloc    ] GC(181) Small Pages: 146 / 292M, Empty: 280M, Relocated: 1M, In-Place: 0
[120.848s][info][gc,reloc    ] GC(181) Medium Pages: 1 / 32M, Empty: 32M, Relocated: 0M, In-Place: 0
[120.848s][info][gc,reloc    ] GC(181) Large Pages: 12 / 72M, Empty: 72M, Relocated: 0M, In-Place: 0
[120.848s][info][gc,reloc    ] GC(181) Forwarding Usage: 0M
[120.848s][info][gc,heap     ] GC(181) Min Capacity: 2048M(100%)
[120.848s][info][gc,heap     ] GC(181) Max Capacity: 2048M(100%)
[120.848s][info][gc,heap     ] GC(181) Soft Max Capacity: 2048M(100%)
[120.848s][info][gc,heap     ] GC(181)                Mark Start          Mark End        Relocate Start      Relocate End           High               Low         
[120.848s][info][gc,heap     ] GC(181)  Capacity:     2048M (100%)       2048M (100%)       2048M (100%)       2048M (100%)       2048M (100%)       2048M (100%)   
[120.848s][info][gc,heap     ] GC(181)      Free:     1652M (81%)        1652M (81%)        2036M (99%)        2038M (100%)       2038M (100%)       1652M (81%)    
[120.848s][info][gc,heap     ] GC(181)      Used:      396M (19%)         396M (19%)          12M (1%)           10M (0%)          396M (19%)          10M (0%)     
[120.848s][info][gc,heap     ] GC(181)      Live:         -                 6M (0%)            6M (0%)            6M (0%)             -                  -          
[120.848s][info][gc,heap     ] GC(181) Allocated:         -                 0M (0%)            0M (0%)            0M (0%)             -                  -          
[120.848s][info][gc,heap     ] GC(181)   Garbage:         -               389M (19%)           5M (0%)            3M (0%)             -                  -          
[120.848s][info][gc,heap     ] GC(181) Reclaimed:         -                  -               384M (19%)         386M (19%)            -                  -          
[120.848s][info][gc          ] GC(181) Garbage Collection (System.gc()) 396M(19%)->10M(0%)
[121.707s][info][gc,start    ] GC(182) Garbage Collection (Allocation Rate)
[121.707s][info][gc,task     ] GC(182) Using 2 workers
[121.707s][info][gc,phases   ] GC(182) Pause Mark Start 0.006ms
[121.983s][info][gc,phases   ] GC(182) Concurrent Mark 260.256ms
[121.983s][info][gc,phases   ] GC(182) Pause Mark End 0.024ms
[121.983s][info][gc,phases   ] GC(182) Concurrent Mark Free 0.003ms
[121.987s][info][gc,phases   ] GC(182) Concurrent Process Non-Strong References 3.662ms
[121.987s][info][gc,phases   ] GC(182) Concurrent Reset Relocation Set 0.001ms
[122.005s][info][gc,phases   ] GC(182) Concurrent Select Relocation Set 18.100ms
[122.005s][info][gc,phases   ] GC(182) Pause Relocate Start 0.012ms
[122.125s][info][gc,phases   ] GC(182) Concurrent Relocate 119.867ms
[122.125s][info][gc,load     ] GC(182) Load: 0.00/0.00/0.00
[122.125s][info][gc,mmu      ] GC(182) MMU: 2ms/97.9%, 5ms/99.1%, 10ms/99.5%, 20ms/99.7%, 50ms/99.9%, 100ms/99.9%
[122.125s][info][gc,marking  ] GC(182) Mark: 2 stripe(s), 2 proactive flush(es), 1 terminate flush(es), 0 completion(s), 0 continuation(s) 
[122.125s][info][gc,marking  ] GC(182) Mark Stack Usage: 32M
[122.125s][info][gc,nmethod  ] GC(182) NMethods: 3291 registered, 0 unregistered
[122.125s][info][gc,metaspace] GC(182) Metaspace: 15M used, 16M committed, 1088M reserved
[122.125s][info][gc,ref      ] GC(182) Soft: 392 encountered, 0 discovered, 0 enqueued
[122.125s][info][gc,ref      ] GC(182) Weak: 749 encountered, 136 discovered, 0 enqueued
[122.125s][info][gc,ref      ] GC(182) Final: 0 encountered, 0 discovered, 0 enqueued
[122.125s][info][gc,ref      ] GC(182) Phantom: 64 encountered, 56 discovered, 0 enqueued
[122.125s][info][gc,reloc    ] GC(182) Small Pages: 432 / 864M, Empty: 128M, Relocated: 192M, In-Place: 0
[122.125s][info][gc,reloc    ] GC(182) Medium Pages: 3 / 96M, Empty: 64M, Relocated: 0M, In-Place: 0
[122.125s][info][gc,reloc    ] GC(182) Large Pages: 21 / 154M, Empty: 82M, Relocated: 0M, In-Place: 0
[122.125s][info][gc,reloc    ] GC(182) Forwarding Usage: 84M
[122.125s][info][gc,heap     ] GC(182) Min Capacity: 2048M(100%)
[122.125s][info][gc,heap     ] GC(182) Max Capacity: 2048M(100%)
[122.125s][info][gc,heap     ] GC(182) Soft Max Capacity: 2048M(100%)
[122.125s][info][gc,heap     ] GC(182)                Mark Start          Mark End        Relocate Start      Relocate End           High               Low         
[122.125s][info][gc,heap     ] GC(182)  Capacity:     2048M (100%)       2048M (100%)       2048M (100%)       2048M (100%)       2048M (100%)       2048M (100%)   
[122.125s][info][gc,heap     ] GC(182)      Free:      934M (46%)         828M (40%)        1102M (54%)        1634M (80%)        1634M (80%)         828M (40%)    
[122.125s][info][gc,heap     ] GC(182)      Used:     1114M (54%)        1220M (60%)         946M (46%)         414M (20%)        1220M (60%)         414M (20%)    
[122.125s][info][gc,heap     ] GC(182)      Live:         -               272M (13%)         272M (13%)         272M (13%)            -                  -          
[122.125s][info][gc,heap     ] GC(182) Allocated:         -               106M (5%)          106M (5%)          106M (5%)             -                  -          
[122.125s][info][gc,heap     ] GC(182)   Garbage:         -               841M (41%)         567M (28%)          35M (2%)             -                  -          
[122.125s][info][gc,heap     ] GC(182) Reclaimed:         -                  -               274M (13%)         806M (39%)            -                  -          
[122.125s][info][gc          ] GC(182) Garbage Collection (Allocation Rate) 1114M(54%)->414M(20%)
[122.125s][info][gc,start    ] GC(183) Garbage Collection (System.gc())
[122.125s][info][gc,task     ] GC(183) Using 2 workers
[122.126s][info][gc,phases   ] GC(183) Pause Mark Start 0.005ms
[122.139s][info][gc,phases   ] GC(183) Concurrent Mark 13.890ms
[122.140s][info][gc,phases   ] GC(183) Pause Mark End 0.021ms
[122.140s][info][gc,phases   ] GC(183) Concurrent Mark Free 0.002ms
[122.144s][info][gc,phases   ] GC(183) Concurrent Process Non-Strong References 3.670ms
[122.144s][info][gc,phases   ] GC(183) Concurrent Reset Relocation Set 0.032ms
[122.151s][info][gc,phases   ] GC(183) Concurrent Select Relocation Set 7.159ms
[122.151s][info][gc,phases   ] GC(183) Pause Relocate Start 0.023ms
[122.152s][info][gc,phases   ] GC(183) Concurrent Relocate 1.000ms
[122.152s][info][gc,load     ] GC(183) Load: 0.00/0.00/0.00
[122.152s][info][gc,mmu      ] GC(183) MMU: 2ms/97.9%, 5ms/99.1%, 10ms/99.5%, 20ms/99.7%, 50ms/99.9%, 100ms/99.9%
[122.152s][info][gc,marking  ] GC(183) Mark: 2 stripe(s), 1 proactive flush(es), 1 terminate flush(es), 0 completion(s), 0 continuation(s) 
[122.152s][info][gc,marking  ] GC(183) Mark Stack Usage: 32M
[122.152s][info][gc,nmethod  ] GC(183) NMethods: 3291 registered, 0 unregistered
[122.152s][info][gc,metaspace] GC(183) Metaspace: 15M used, 16M committed, 1088M reserved
[122.152s][info][gc,ref      ] GC(183) Soft: 392 encountered, 0 discovered, 0 enqueued
[122.152s][info][gc,ref      ] GC(183) Weak: 731 encountered, 480 discovered, 0 enqueued
[122.152s][info][gc,ref      ] GC(183) Final: 0 encountered, 0 discovered, 0 enqueued
[122.152s][info][gc,ref      ] GC(183) Phantom: 64 encountered, 47 discovered, 0 enqueued
[122.152s][info][gc,reloc    ] GC(183) Small Pages: 155 / 310M, Empty: 294M, Relocated: 1M, In-Place: 0
[122.152s][info][gc,reloc    ] GC(183) Medium Pages: 1 / 32M, Empty: 32M, Relocated: 0M, In-Place: 0
[122.152s][info][gc,reloc    ] GC(183) Large Pages: 12 / 72M, Empty: 72M, Relocated: 0M, In-Place: 0
[122.152s][info][gc,reloc    ] GC(183) Forwarding Usage: 0M
[122.152s][info][gc,heap     ] GC(183) Min Capacity: 2048M(100%)
[122.152s][info][gc,heap     ] GC(183) Max Capacity: 2048M(100%)
[122.152s][info][gc,heap     ] GC(183) Soft Max Capacity: 2048M(100%)
[122.152s][info][gc,heap     ] GC(183)                Mark Start          Mark End        Relocate Start      Relocate End           High               Low         
[122.152s][info][gc,heap     ] GC(183)  Capacity:     2048M (100%)       2048M (100%)       2048M (100%)       2048M (100%)       2048M (100%)       2048M (100%)   
[122.152s][info][gc,heap     ] GC(183)      Free:     1634M (80%)        1634M (80%)        2032M (99%)        2038M (100%)       2038M (100%)       1634M (80%)    
[122.152s][info][gc,heap     ] GC(183)      Used:      414M (20%)         414M (20%)          16M (1%)           10M (0%)          414M (20%)          10M (0%)     
[122.152s][info][gc,heap     ] GC(183)      Live:         -                 6M (0%)            6M (0%)            6M (0%)             -                  -          
[122.152s][info][gc,heap     ] GC(183) Allocated:         -                 0M (0%)            0M (0%)            0M (0%)             -                  -          
[122.152s][info][gc,heap     ] GC(183)   Garbage:         -               407M (20%)           9M (0%)            3M (0%)             -                  -          
[122.152s][info][gc,heap     ] GC(183) Reclaimed:         -                  -               398M (19%)         404M (20%)            -                  -          
[122.152s][info][gc          ] GC(183) Garbage Collection (System.gc()) 414M(20%)->10M(0%)
[123.006s][info][gc,start    ] GC(184) Garbage Collection (Allocation Rate)
[123.006s][info][gc,task     ] GC(184) Using 2 workers
[123.006s][info][gc,phases   ] GC(184) Pause Mark Start 0.006ms
[123.301s][info][gc,phases   ] GC(184) Concurrent Mark 263.996ms
[123.301s][info][gc,phases   ] GC(184) Pause Mark End 0.015ms
[123.301s][info][gc,phases   ] GC(184) Concurrent Mark Free 0.001ms
[123.305s][info][gc,phases   ] GC(184) Concurrent Process Non-Strong References 3.040ms
[123.305s][info][gc,phases   ] GC(184) Concurrent Reset Relocation Set 0.001ms
[123.323s][info][gc,phases   ] GC(184) Concurrent Select Relocation Set 18.063ms
[123.323s][info][gc,phases   ] GC(184) Pause Relocate Start 0.011ms
[123.443s][info][gc,phases   ] GC(184) Concurrent Relocate 120.345ms
[123.443s][info][gc,load     ] GC(184) Load: 0.00/0.00/0.00
[123.443s][info][gc,mmu      ] GC(184) MMU: 2ms/97.9%, 5ms/99.1%, 10ms/99.5%, 20ms/99.7%, 50ms/99.9%, 100ms/99.9%
[123.443s][info][gc,marking  ] GC(184) Mark: 2 stripe(s), 3 proactive flush(es), 1 terminate flush(es), 0 completion(s), 0 continuation(s) 
[123.443s][info][gc,marking  ] GC(184) Mark Stack Usage: 32M
[123.443s][info][gc,nmethod  ] GC(184) NMethods: 3293 registered, 0 unregistered
[123.443s][info][gc,metaspace] GC(184) Metaspace: 15M used, 16M committed, 1088M reserved
[123.443s][info][gc,ref      ] GC(184) Soft: 392 encountered, 0 discovered, 0 enqueued
[123.443s][info][gc,ref      ] GC(184) Weak: 748 encountered, 320 discovered, 0 enqueued
[123.443s][info][gc,ref      ] GC(184) Final: 0 encountered, 0 discovered, 0 enqueued
[123.443s][info][gc,ref      ] GC(184) Phantom: 64 encountered, 46 discovered, 0 enqueued
[123.443s][info][gc,reloc    ] GC(184) Small Pages: 429 / 858M, Empty: 128M, Relocated: 192M, In-Place: 0
[123.443s][info][gc,reloc    ] GC(184) Medium Pages: 3 / 96M, Empty: 32M, Relocated: 4M, In-Place: 0
[123.443s][info][gc,reloc    ] GC(184) Large Pages: 19 / 142M, Empty: 82M, Relocated: 0M, In-Place: 0
[123.443s][info][gc,reloc    ] GC(184) Forwarding Usage: 85M
[123.443s][info][gc,heap     ] GC(184) Min Capacity: 2048M(100%)
[123.443s][info][gc,heap     ] GC(184) Max Capacity: 2048M(100%)
[123.443s][info][gc,heap     ] GC(184) Soft Max Capacity: 2048M(100%)
[123.443s][info][gc,heap     ] GC(184)                Mark Start          Mark End        Relocate Start      Relocate End           High               Low         
[123.443s][info][gc,heap     ] GC(184)  Capacity:     2048M (100%)       2048M (100%)       2048M (100%)       2048M (100%)       2048M (100%)       2048M (100%)   
[123.443s][info][gc,heap     ] GC(184)      Free:      952M (46%)         830M (41%)        1072M (52%)        1630M (80%)        1630M (80%)         830M (41%)    
[123.443s][info][gc,heap     ] GC(184)      Used:     1096M (54%)        1218M (59%)         976M (48%)         418M (20%)        1218M (59%)         418M (20%)    
[123.443s][info][gc,heap     ] GC(184)      Live:         -               264M (13%)         264M (13%)         264M (13%)            -                  -          
[123.443s][info][gc,heap     ] GC(184) Allocated:         -               122M (6%)          122M (6%)          122M (6%)             -                  -          
[123.443s][info][gc,heap     ] GC(184)   Garbage:         -               831M (41%)         589M (29%)          31M (2%)             -                  -          
[123.443s][info][gc,heap     ] GC(184) Reclaimed:         -                  -               242M (12%)         800M (39%)            -                  -          
[123.443s][info][gc          ] GC(184) Garbage Collection (Allocation Rate) 1096M(54%)->418M(20%)
[123.443s][info][gc,start    ] GC(185) Garbage Collection (System.gc())
[123.443s][info][gc,task     ] GC(185) Using 2 workers
[123.444s][info][gc,phases   ] GC(185) Pause Mark Start 0.005ms
[123.458s][info][gc,phases   ] GC(185) Concurrent Mark 14.658ms
[123.458s][info][gc,phases   ] GC(185) Pause Mark End 0.027ms
[123.459s][info][gc,phases   ] GC(185) Concurrent Mark Free 0.001ms
[123.462s][info][gc,phases   ] GC(185) Concurrent Process Non-Strong References 3.658ms
[123.462s][info][gc,phases   ] GC(185) Concurrent Reset Relocation Set 0.032ms
[123.469s][info][gc,phases   ] GC(185) Concurrent Select Relocation Set 7.045ms
[123.470s][info][gc,phases   ] GC(185) Pause Relocate Start 0.021ms
[123.471s][info][gc,phases   ] GC(185) Concurrent Relocate 1.257ms
[123.471s][info][gc,load     ] GC(185) Load: 0.00/0.00/0.00
[123.471s][info][gc,mmu      ] GC(185) MMU: 2ms/97.9%, 5ms/99.1%, 10ms/99.5%, 20ms/99.7%, 50ms/99.9%, 100ms/99.9%
[123.471s][info][gc,marking  ] GC(185) Mark: 2 stripe(s), 1 proactive flush(es), 1 terminate flush(es), 0 completion(s), 0 continuation(s) 
[123.471s][info][gc,marking  ] GC(185) Mark Stack Usage: 32M
[123.471s][info][gc,nmethod  ] GC(185) NMethods: 3293 registered, 0 unregistered
[123.471s][info][gc,metaspace] GC(185) Metaspace: 15M used, 16M committed, 1088M reserved
[123.471s][info][gc,ref      ] GC(185) Soft: 392 encountered, 0 discovered, 0 enqueued
[123.471s][info][gc,ref      ] GC(185) Weak: 731 encountered, 112 discovered, 0 enqueued
[123.471s][info][gc,ref      ] GC(185) Final: 0 encountered, 0 discovered, 0 enqueued
[123.471s][info][gc,ref      ] GC(185) Phantom: 64 encountered, 41 discovered, 0 enqueued
[123.471s][info][gc,reloc    ] GC(185) Small Pages: 157 / 314M, Empty: 298M, Relocated: 1M, In-Place: 0
[123.471s][info][gc,reloc    ] GC(185) Medium Pages: 1 / 32M, Empty: 32M, Relocated: 0M, In-Place: 0
[123.471s][info][gc,reloc    ] GC(185) Large Pages: 12 / 72M, Empty: 72M, Relocated: 0M, In-Place: 0
[123.471s][info][gc,reloc    ] GC(185) Forwarding Usage: 0M
[123.471s][info][gc,heap     ] GC(185) Min Capacity: 2048M(100%)
[123.471s][info][gc,heap     ] GC(185) Max Capacity: 2048M(100%)
[123.471s][info][gc,heap     ] GC(185) Soft Max Capacity: 2048M(100%)
[123.471s][info][gc,heap     ] GC(185)                Mark Start          Mark End        Relocate Start      Relocate End           High               Low         
[123.471s][info][gc,heap     ] GC(185)  Capacity:     2048M (100%)       2048M (100%)       2048M (100%)       2048M (100%)       2048M (100%)       2048M (100%)   
[123.471s][info][gc,heap     ] GC(185)      Free:     1630M (80%)        1630M (80%)        2032M (99%)        2038M (100%)       2038M (100%)       1630M (80%)    
[123.471s][info][gc,heap     ] GC(185)      Used:      418M (20%)         418M (20%)          16M (1%)           10M (0%)          418M (20%)          10M (0%)     
[123.471s][info][gc,heap     ] GC(185)      Live:         -                 6M (0%)            6M (0%)            6M (0%)             -                  -          
[123.471s][info][gc,heap     ] GC(185) Allocated:         -                 0M (0%)            0M (0%)            0M (0%)             -                  -          
[123.471s][info][gc,heap     ] GC(185)   Garbage:         -               411M (20%)           9M (0%)            3M (0%)             -                  -          
[123.471s][info][gc,heap     ] GC(185) Reclaimed:         -                  -               402M (20%)         408M (20%)            -                  -          
[123.471s][info][gc          ] GC(185) Garbage Collection (System.gc()) 418M(20%)->10M(0%)
[124.308s][info][gc,start    ] GC(186) Garbage Collection (Allocation Rate)
[124.308s][info][gc,task     ] GC(186) Using 2 workers
[124.308s][info][gc,phases   ] GC(186) Pause Mark Start 0.010ms
[124.588s][info][gc,phases   ] GC(186) Concurrent Mark 264.736ms
[124.588s][info][gc,phases   ] GC(186) Pause Mark End 0.021ms
[124.588s][info][gc,phases   ] GC(186) Concurrent Mark Free 0.001ms
[124.592s][info][gc,phases   ] GC(186) Concurrent Process Non-Strong References 3.386ms
[124.592s][info][gc,phases   ] GC(186) Concurrent Reset Relocation Set 0.001ms
[124.610s][info][gc,phases   ] GC(186) Concurrent Select Relocation Set 17.959ms
[124.610s][info][gc,phases   ] GC(186) Pause Relocate Start 0.012ms
[124.730s][info][gc,phases   ] GC(186) Concurrent Relocate 120.392ms
[124.730s][info][gc,load     ] GC(186) Load: 0.00/0.00/0.00
[124.730s][info][gc,mmu      ] GC(186) MMU: 2ms/97.9%, 5ms/99.1%, 10ms/99.5%, 20ms/99.7%, 50ms/99.9%, 100ms/99.9%
[124.730s][info][gc,marking  ] GC(186) Mark: 2 stripe(s), 2 proactive flush(es), 1 terminate flush(es), 0 completion(s), 0 continuation(s) 
[124.730s][info][gc,marking  ] GC(186) Mark Stack Usage: 32M
[124.730s][info][gc,nmethod  ] GC(186) NMethods: 3301 registered, 0 unregistered
[124.730s][info][gc,metaspace] GC(186) Metaspace: 15M used, 16M committed, 1088M reserved
[124.730s][info][gc,ref      ] GC(186) Soft: 392 encountered, 0 discovered, 0 enqueued
[124.730s][info][gc,ref      ] GC(186) Weak: 749 encountered, 439 discovered, 0 enqueued
[124.730s][info][gc,ref      ] GC(186) Final: 0 encountered, 0 discovered, 0 enqueued
[124.730s][info][gc,ref      ] GC(186) Phantom: 64 encountered, 48 discovered, 0 enqueued
[124.730s][info][gc,reloc    ] GC(186) Small Pages: 424 / 848M, Empty: 116M, Relocated: 192M, In-Place: 0
[124.730s][info][gc,reloc    ] GC(186) Medium Pages: 3 / 96M, Empty: 0M, Relocated: 16M, In-Place: 0
[124.731s][info][gc,reloc    ] GC(186) Large Pages: 15 / 118M, Empty: 82M, Relocated: 0M, In-Place: 0
[124.731s][info][gc,reloc    ] GC(186) Forwarding Usage: 84M
[124.731s][info][gc,heap     ] GC(186) Min Capacity: 2048M(100%)
[124.731s][info][gc,heap     ] GC(186) Max Capacity: 2048M(100%)
[124.731s][info][gc,heap     ] GC(186) Soft Max Capacity: 2048M(100%)
[124.731s][info][gc,heap     ] GC(186)                Mark Start          Mark End        Relocate Start      Relocate End           High               Low         
[124.731s][info][gc,heap     ] GC(186)  Capacity:     2048M (100%)       2048M (100%)       2048M (100%)       2048M (100%)       2048M (100%)       2048M (100%)   
[124.731s][info][gc,heap     ] GC(186)      Free:      986M (48%)         830M (41%)        1028M (50%)        1622M (79%)        1622M (79%)         830M (41%)    
[124.731s][info][gc,heap     ] GC(186)      Used:     1062M (52%)        1218M (59%)        1020M (50%)         426M (21%)        1218M (59%)         426M (21%)    
[124.731s][info][gc,heap     ] GC(186)      Live:         -               252M (12%)         252M (12%)         252M (12%)            -                  -          
[124.731s][info][gc,heap     ] GC(186) Allocated:         -               156M (8%)          156M (8%)          156M (8%)             -                  -          
[124.731s][info][gc,heap     ] GC(186)   Garbage:         -               809M (40%)         611M (30%)          17M (1%)             -                  -          
[124.731s][info][gc,heap     ] GC(186) Reclaimed:         -                  -               198M (10%)         792M (39%)            -                  -          
[124.731s][info][gc          ] GC(186) Garbage Collection (Allocation Rate) 1062M(52%)->426M(21%)
[124.731s][info][gc,start    ] GC(187) Garbage Collection (System.gc())
[124.731s][info][gc,task     ] GC(187) Using 2 workers
[124.731s][info][gc,phases   ] GC(187) Pause Mark Start 0.007ms
[124.745s][info][gc,phases   ] GC(187) Concurrent Mark 13.932ms
[124.745s][info][gc,phases   ] GC(187) Pause Mark End 0.024ms
[124.745s][info][gc,phases   ] GC(187) Concurrent Mark Free 0.002ms
[124.749s][info][gc,phases   ] GC(187) Concurrent Process Non-Strong References 3.387ms
[124.749s][info][gc,phases   ] GC(187) Concurrent Reset Relocation Set 0.026ms
[124.756s][info][gc,phases   ] GC(187) Concurrent Select Relocation Set 7.109ms
[124.756s][info][gc,phases   ] GC(187) Pause Relocate Start 0.019ms
[124.757s][info][gc,phases   ] GC(187) Concurrent Relocate 1.265ms
[124.757s][info][gc,load     ] GC(187) Load: 0.00/0.00/0.00
[124.757s][info][gc,mmu      ] GC(187) MMU: 2ms/97.9%, 5ms/99.1%, 10ms/99.5%, 20ms/99.7%, 50ms/99.9%, 100ms/99.9%
[124.757s][info][gc,marking  ] GC(187) Mark: 2 stripe(s), 1 proactive flush(es), 1 terminate flush(es), 0 completion(s), 0 continuation(s) 
[124.757s][info][gc,marking  ] GC(187) Mark Stack Usage: 32M
[124.757s][info][gc,nmethod  ] GC(187) NMethods: 3301 registered, 0 unregistered
[124.757s][info][gc,metaspace] GC(187) Metaspace: 15M used, 16M committed, 1088M reserved
[124.757s][info][gc,ref      ] GC(187) Soft: 392 encountered, 0 discovered, 0 enqueued
[124.758s][info][gc,ref      ] GC(187) Weak: 731 encountered, 157 discovered, 0 enqueued
[124.758s][info][gc,ref      ] GC(187) Final: 0 encountered, 0 discovered, 0 enqueued
[124.758s][info][gc,ref      ] GC(187) Phantom: 64 encountered, 50 discovered, 0 enqueued
[124.758s][info][gc,reloc    ] GC(187) Small Pages: 161 / 322M, Empty: 308M, Relocated: 1M, In-Place: 0
[124.758s][info][gc,reloc    ] GC(187) Medium Pages: 1 / 32M, Empty: 32M, Relocated: 0M, In-Place: 0
[124.758s][info][gc,reloc    ] GC(187) Large Pages: 12 / 72M, Empty: 72M, Relocated: 0M, In-Place: 0
[124.758s][info][gc,reloc    ] GC(187) Forwarding Usage: 0M
[124.758s][info][gc,heap     ] GC(187) Min Capacity: 2048M(100%)
[124.758s][info][gc,heap     ] GC(187) Max Capacity: 2048M(100%)
[124.758s][info][gc,heap     ] GC(187) Soft Max Capacity: 2048M(100%)
[124.758s][info][gc,heap     ] GC(187)                Mark Start          Mark End        Relocate Start      Relocate End           High               Low         
[124.758s][info][gc,heap     ] GC(187)  Capacity:     2048M (100%)       2048M (100%)       2048M (100%)       2048M (100%)       2048M (100%)       2048M (100%)   
[124.758s][info][gc,heap     ] GC(187)      Free:     1622M (79%)        1622M (79%)        2034M (99%)        2038M (100%)       2038M (100%)       1622M (79%)    
[124.758s][info][gc,heap     ] GC(187)      Used:      426M (21%)         426M (21%)          14M (1%)           10M (0%)          426M (21%)          10M (0%)     
[124.758s][info][gc,heap     ] GC(187)      Live:         -                 6M (0%)            6M (0%)            6M (0%)             -                  -          
[124.758s][info][gc,heap     ] GC(187) Allocated:         -                 0M (0%)            0M (0%)            0M (0%)             -                  -          
[124.758s][info][gc,heap     ] GC(187)   Garbage:         -               419M (20%)           7M (0%)            3M (0%)             -                  -          
[124.758s][info][gc,heap     ] GC(187) Reclaimed:         -                  -               412M (20%)         416M (20%)            -                  -          
[124.758s][info][gc          ] GC(187) Garbage Collection (System.gc()) 426M(21%)->10M(0%)
[125.614s][info][gc,start    ] GC(188) Garbage Collection (Allocation Rate)
[125.614s][info][gc,task     ] GC(188) Using 2 workers
[125.615s][info][gc,phases   ] GC(188) Pause Mark Start 0.010ms
[125.866s][info][gc,phases   ] GC(188) Concurrent Mark 251.393ms
[125.867s][info][gc,phases   ] GC(188) Pause Mark End 0.016ms
[125.867s][info][gc,phases   ] GC(188) Concurrent Mark Free 0.001ms
[125.870s][info][gc,phases   ] GC(188) Concurrent Process Non-Strong References 3.030ms
[125.870s][info][gc,phases   ] GC(188) Concurrent Reset Relocation Set 0.001ms
[125.888s][info][gc,phases   ] GC(188) Concurrent Select Relocation Set 18.437ms
[125.888s][info][gc,phases   ] GC(188) Pause Relocate Start 0.015ms
[126.010s][info][gc,phases   ] GC(188) Concurrent Relocate 121.296ms
[126.010s][info][gc,load     ] GC(188) Load: 0.00/0.00/0.00
[126.010s][info][gc,mmu      ] GC(188) MMU: 2ms/97.9%, 5ms/99.1%, 10ms/99.5%, 20ms/99.7%, 50ms/99.9%, 100ms/99.9%
[126.010s][info][gc,marking  ] GC(188) Mark: 2 stripe(s), 2 proactive flush(es), 1 terminate flush(es), 0 completion(s), 0 continuation(s) 
[126.010s][info][gc,marking  ] GC(188) Mark Stack Usage: 32M
[126.010s][info][gc,nmethod  ] GC(188) NMethods: 3305 registered, 0 unregistered
[126.010s][info][gc,metaspace] GC(188) Metaspace: 15M used, 16M committed, 1088M reserved
[126.010s][info][gc,ref      ] GC(188) Soft: 392 encountered, 0 discovered, 0 enqueued
[126.010s][info][gc,ref      ] GC(188) Weak: 749 encountered, 30 discovered, 0 enqueued
[126.010s][info][gc,ref      ] GC(188) Final: 0 encountered, 0 discovered, 0 enqueued
[126.010s][info][gc,ref      ] GC(188) Phantom: 64 encountered, 49 discovered, 0 enqueued
[126.010s][info][gc,reloc    ] GC(188) Small Pages: 429 / 858M, Empty: 128M, Relocated: 192M, In-Place: 0
[126.010s][info][gc,reloc    ] GC(188) Medium Pages: 3 / 96M, Empty: 32M, Relocated: 6M, In-Place: 0
[126.010s][info][gc,reloc    ] GC(188) Large Pages: 19 / 142M, Empty: 82M, Relocated: 0M, In-Place: 0
[126.010s][info][gc,reloc    ] GC(188) Forwarding Usage: 84M
[126.010s][info][gc,heap     ] GC(188) Min Capacity: 2048M(100%)
[126.010s][info][gc,heap     ] GC(188) Max Capacity: 2048M(100%)
[126.010s][info][gc,heap     ] GC(188) Soft Max Capacity: 2048M(100%)
[126.010s][info][gc,heap     ] GC(188)                Mark Start          Mark End        Relocate Start      Relocate End           High               Low         
[126.010s][info][gc,heap     ] GC(188)  Capacity:     2048M (100%)       2048M (100%)       2048M (100%)       2048M (100%)       2048M (100%)       2048M (100%)   
[126.010s][info][gc,heap     ] GC(188)      Free:      952M (46%)         830M (41%)        1072M (52%)        1632M (80%)        1632M (80%)         830M (41%)    
[126.010s][info][gc,heap     ] GC(188)      Used:     1096M (54%)        1218M (59%)         976M (48%)         416M (20%)        1218M (59%)         416M (20%)    
[126.010s][info][gc,heap     ] GC(188)      Live:         -               266M (13%)         266M (13%)         266M (13%)            -                  -          
[126.010s][info][gc,heap     ] GC(188) Allocated:         -               122M (6%)          122M (6%)          122M (6%)             -                  -          
[126.010s][info][gc,heap     ] GC(188)   Garbage:         -               829M (41%)         587M (29%)          27M (1%)             -                  -          
[126.010s][info][gc,heap     ] GC(188) Reclaimed:         -                  -               242M (12%)         802M (39%)            -                  -          
[126.010s][info][gc          ] GC(188) Garbage Collection (Allocation Rate) 1096M(54%)->416M(20%)
[126.010s][info][gc,start    ] GC(189) Garbage Collection (System.gc())
[126.010s][info][gc,task     ] GC(189) Using 2 workers
[126.010s][info][gc,phases   ] GC(189) Pause Mark Start 0.009ms
[126.024s][info][gc,phases   ] GC(189) Concurrent Mark 13.383ms
[126.024s][info][gc,phases   ] GC(189) Pause Mark End 0.022ms
[126.024s][info][gc,phases   ] GC(189) Concurrent Mark Free 0.002ms
[126.027s][info][gc,phases   ] GC(189) Concurrent Process Non-Strong References 3.060ms
[126.027s][info][gc,phases   ] GC(189) Concurrent Reset Relocation Set 0.028ms
[126.034s][info][gc,phases   ] GC(189) Concurrent Select Relocation Set 6.881ms
[126.034s][info][gc,phases   ] GC(189) Pause Relocate Start 0.020ms
[126.036s][info][gc,phases   ] GC(189) Concurrent Relocate 1.306ms
[126.036s][info][gc,load     ] GC(189) Load: 0.00/0.00/0.00
[126.036s][info][gc,mmu      ] GC(189) MMU: 2ms/97.9%, 5ms/99.1%, 10ms/99.5%, 20ms/99.7%, 50ms/99.9%, 100ms/99.9%
[126.036s][info][gc,marking  ] GC(189) Mark: 2 stripe(s), 2 proactive flush(es), 1 terminate flush(es), 0 completion(s), 0 continuation(s) 
[126.036s][info][gc,marking  ] GC(189) Mark Stack Usage: 32M
[126.036s][info][gc,nmethod  ] GC(189) NMethods: 3305 registered, 0 unregistered
[126.036s][info][gc,metaspace] GC(189) Metaspace: 15M used, 16M committed, 1088M reserved
[126.036s][info][gc,ref      ] GC(189) Soft: 392 encountered, 0 discovered, 0 enqueued
[126.036s][info][gc,ref      ] GC(189) Weak: 731 encountered, 125 discovered, 0 enqueued
[126.036s][info][gc,ref      ] GC(189) Final: 0 encountered, 0 discovered, 0 enqueued
[126.036s][info][gc,ref      ] GC(189) Phantom: 64 encountered, 49 discovered, 0 enqueued
[126.036s][info][gc,reloc    ] GC(189) Small Pages: 156 / 312M, Empty: 298M, Relocated: 1M, In-Place: 0
[126.036s][info][gc,reloc    ] GC(189) Medium Pages: 1 / 32M, Empty: 32M, Relocated: 0M, In-Place: 0
[126.036s][info][gc,reloc    ] GC(189) Large Pages: 12 / 72M, Empty: 72M, Relocated: 0M, In-Place: 0
[126.036s][info][gc,reloc    ] GC(189) Forwarding Usage: 0M
[126.036s][info][gc,heap     ] GC(189) Min Capacity: 2048M(100%)
[126.036s][info][gc,heap     ] GC(189) Max Capacity: 2048M(100%)
[126.036s][info][gc,heap     ] GC(189) Soft Max Capacity: 2048M(100%)
[126.036s][info][gc,heap     ] GC(189)                Mark Start          Mark End        Relocate Start      Relocate End           High               Low         
[126.036s][info][gc,heap     ] GC(189)  Capacity:     2048M (100%)       2048M (100%)       2048M (100%)       2048M (100%)       2048M (100%)       2048M (100%)   
[126.036s][info][gc,heap     ] GC(189)      Free:     1632M (80%)        1632M (80%)        2034M (99%)        2038M (100%)       2038M (100%)       1632M (80%)    
[126.036s][info][gc,heap     ] GC(189)      Used:      416M (20%)         416M (20%)          14M (1%)           10M (0%)          416M (20%)          10M (0%)     
[126.036s][info][gc,heap     ] GC(189)      Live:         -                 6M (0%)            6M (0%)            6M (0%)             -                  -          
[126.036s][info][gc,heap     ] GC(189) Allocated:         -                 0M (0%)            0M (0%)            0M (0%)             -                  -          
[126.036s][info][gc,heap     ] GC(189)   Garbage:         -               409M (20%)           7M (0%)            3M (0%)             -                  -          
[126.036s][info][gc,heap     ] GC(189) Reclaimed:         -                  -               402M (20%)         406M (20%)            -                  -          
[126.036s][info][gc          ] GC(189) Garbage Collection (System.gc()) 416M(20%)->10M(0%)
[126.901s][info][gc,start    ] GC(190) Garbage Collection (Allocation Rate)
[126.901s][info][gc,task     ] GC(190) Using 2 workers
[126.901s][info][gc,phases   ] GC(190) Pause Mark Start 0.006ms
[127.168s][info][gc,phases   ] GC(190) Concurrent Mark 251.266ms
[127.168s][info][gc,phases   ] GC(190) Pause Mark End 0.022ms
[127.168s][info][gc,phases   ] GC(190) Concurrent Mark Free 0.001ms
[127.171s][info][gc,phases   ] GC(190) Concurrent Process Non-Strong References 3.004ms
[127.171s][info][gc,phases   ] GC(190) Concurrent Reset Relocation Set 0.001ms
[127.189s][info][gc,phases   ] GC(190) Concurrent Select Relocation Set 17.843ms
[127.190s][info][gc,phases   ] GC(190) Pause Relocate Start 0.012ms
[127.311s][info][gc,phases   ] GC(190) Concurrent Relocate 121.723ms
[127.311s][info][gc,load     ] GC(190) Load: 0.00/0.00/0.00
[127.311s][info][gc,mmu      ] GC(190) MMU: 2ms/97.9%, 5ms/99.1%, 10ms/99.5%, 20ms/99.7%, 50ms/99.9%, 100ms/99.9%
[127.311s][info][gc,marking  ] GC(190) Mark: 2 stripe(s), 1 proactive flush(es), 1 terminate flush(es), 0 completion(s), 0 continuation(s) 
[127.311s][info][gc,marking  ] GC(190) Mark Stack Usage: 32M
[127.311s][info][gc,nmethod  ] GC(190) NMethods: 3307 registered, 0 unregistered
[127.311s][info][gc,metaspace] GC(190) Metaspace: 15M used, 16M committed, 1088M reserved
[127.311s][info][gc,ref      ] GC(190) Soft: 392 encountered, 0 discovered, 0 enqueued
[127.311s][info][gc,ref      ] GC(190) Weak: 748 encountered, 419 discovered, 0 enqueued
[127.311s][info][gc,ref      ] GC(190) Final: 0 encountered, 0 discovered, 0 enqueued
[127.311s][info][gc,ref      ] GC(190) Phantom: 64 encountered, 48 discovered, 0 enqueued
[127.311s][info][gc,reloc    ] GC(190) Small Pages: 436 / 872M, Empty: 156M, Relocated: 193M, In-Place: 0
[127.311s][info][gc,reloc    ] GC(190) Medium Pages: 3 / 96M, Empty: 64M, Relocated: 0M, In-Place: 0
[127.311s][info][gc,reloc    ] GC(190) Large Pages: 21 / 154M, Empty: 82M, Relocated: 0M, In-Place: 0
[127.311s][info][gc,reloc    ] GC(190) Forwarding Usage: 85M
[127.311s][info][gc,heap     ] GC(190) Min Capacity: 2048M(100%)
[127.311s][info][gc,heap     ] GC(190) Max Capacity: 2048M(100%)
[127.311s][info][gc,heap     ] GC(190) Soft Max Capacity: 2048M(100%)
[127.311s][info][gc,heap     ] GC(190)                Mark Start          Mark End        Relocate Start      Relocate End           High               Low         
[127.311s][info][gc,heap     ] GC(190)  Capacity:     2048M (100%)       2048M (100%)       2048M (100%)       2048M (100%)       2048M (100%)       2048M (100%)   
[127.311s][info][gc,heap     ] GC(190)      Free:      926M (45%)         830M (41%)        1132M (55%)        1646M (80%)        1646M (80%)         830M (41%)    
[127.312s][info][gc,heap     ] GC(190)      Used:     1122M (55%)        1218M (59%)         916M (45%)         402M (20%)        1218M (59%)         402M (20%)    
[127.312s][info][gc,heap     ] GC(190)      Live:         -               272M (13%)         272M (13%)         272M (13%)            -                  -          
[127.312s][info][gc,heap     ] GC(190) Allocated:         -                96M (5%)           96M (5%)           96M (5%)             -                  -          
[127.312s][info][gc,heap     ] GC(190)   Garbage:         -               849M (41%)         547M (27%)          33M (2%)             -                  -          
[127.312s][info][gc,heap     ] GC(190) Reclaimed:         -                  -               302M (15%)         816M (40%)            -                  -          
[127.312s][info][gc          ] GC(190) Garbage Collection (Allocation Rate) 1122M(55%)->402M(20%)
[127.312s][info][gc,start    ] GC(191) Garbage Collection (System.gc())
[127.312s][info][gc,task     ] GC(191) Using 2 workers
[127.312s][info][gc,phases   ] GC(191) Pause Mark Start 0.009ms
[127.325s][info][gc,phases   ] GC(191) Concurrent Mark 13.409ms
[127.325s][info][gc,phases   ] GC(191) Pause Mark End 0.012ms
[127.325s][info][gc,phases   ] GC(191) Concurrent Mark Free 0.001ms
[127.329s][info][gc,phases   ] GC(191) Concurrent Process Non-Strong References 3.273ms
[127.329s][info][gc,phases   ] GC(191) Concurrent Reset Relocation Set 0.036ms
[127.335s][info][gc,phases   ] GC(191) Concurrent Select Relocation Set 6.734ms
[127.336s][info][gc,phases   ] GC(191) Pause Relocate Start 0.021ms
[127.337s][info][gc,phases   ] GC(191) Concurrent Relocate 0.998ms
[127.337s][info][gc,load     ] GC(191) Load: 0.00/0.00/0.00
[127.337s][info][gc,mmu      ] GC(191) MMU: 2ms/97.9%, 5ms/99.1%, 10ms/99.5%, 20ms/99.7%, 50ms/99.9%, 100ms/99.9%
[127.337s][info][gc,marking  ] GC(191) Mark: 2 stripe(s), 1 proactive flush(es), 1 terminate flush(es), 0 completion(s), 0 continuation(s) 
[127.337s][info][gc,marking  ] GC(191) Mark Stack Usage: 32M
[127.337s][info][gc,nmethod  ] GC(191) NMethods: 3307 registered, 0 unregistered
[127.337s][info][gc,metaspace] GC(191) Metaspace: 15M used, 16M committed, 1088M reserved
[127.337s][info][gc,ref      ] GC(191) Soft: 392 encountered, 0 discovered, 0 enqueued
[127.337s][info][gc,ref      ] GC(191) Weak: 731 encountered, 70 discovered, 0 enqueued
[127.337s][info][gc,ref      ] GC(191) Final: 0 encountered, 0 discovered, 0 enqueued
[127.337s][info][gc,ref      ] GC(191) Phantom: 64 encountered, 52 discovered, 0 enqueued
[127.337s][info][gc,reloc    ] GC(191) Small Pages: 149 / 298M, Empty: 282M, Relocated: 1M, In-Place: 0
[127.337s][info][gc,reloc    ] GC(191) Medium Pages: 1 / 32M, Empty: 32M, Relocated: 0M, In-Place: 0
[127.337s][info][gc,reloc    ] GC(191) Large Pages: 12 / 72M, Empty: 72M, Relocated: 0M, In-Place: 0
[127.337s][info][gc,reloc    ] GC(191) Forwarding Usage: 0M
[127.337s][info][gc,heap     ] GC(191) Min Capacity: 2048M(100%)
[127.337s][info][gc,heap     ] GC(191) Max Capacity: 2048M(100%)
[127.337s][info][gc,heap     ] GC(191) Soft Max Capacity: 2048M(100%)
[127.337s][info][gc,heap     ] GC(191)                Mark Start          Mark End        Relocate Start      Relocate End           High               Low         
[127.337s][info][gc,heap     ] GC(191)  Capacity:     2048M (100%)       2048M (100%)       2048M (100%)       2048M (100%)       2048M (100%)       2048M (100%)   
[127.337s][info][gc,heap     ] GC(191)      Free:     1646M (80%)        1646M (80%)        2032M (99%)        2038M (100%)       2038M (100%)       1646M (80%)    
[127.337s][info][gc,heap     ] GC(191)      Used:      402M (20%)         402M (20%)          16M (1%)           10M (0%)          402M (20%)          10M (0%)     
[127.337s][info][gc,heap     ] GC(191)      Live:         -                 6M (0%)            6M (0%)            6M (0%)             -                  -          
[127.337s][info][gc,heap     ] GC(191) Allocated:         -                 0M (0%)            0M (0%)            0M (0%)             -                  -          
[127.337s][info][gc,heap     ] GC(191)   Garbage:         -               395M (19%)           9M (0%)            3M (0%)             -                  -          
[127.337s][info][gc,heap     ] GC(191) Reclaimed:         -                  -               386M (19%)         392M (19%)            -                  -          
[127.337s][info][gc          ] GC(191) Garbage Collection (System.gc()) 402M(20%)->10M(0%)
[128.203s][info][gc,start    ] GC(192) Garbage Collection (Allocation Rate)
[128.204s][info][gc,task     ] GC(192) Using 2 workers
[128.204s][info][gc,phases   ] GC(192) Pause Mark Start 0.004ms
[128.477s][info][gc,phases   ] GC(192) Concurrent Mark 257.066ms
[128.477s][info][gc,phases   ] GC(192) Pause Mark End 0.019ms
[128.477s][info][gc,phases   ] GC(192) Concurrent Mark Free 0.002ms
[128.480s][info][gc,phases   ] GC(192) Concurrent Process Non-Strong References 3.317ms
[128.480s][info][gc,phases   ] GC(192) Concurrent Reset Relocation Set 0.001ms
[128.499s][info][gc,phases   ] GC(192) Concurrent Select Relocation Set 18.954ms
[128.499s][info][gc,phases   ] GC(192) Pause Relocate Start 0.024ms
[128.629s][info][gc,phases   ] GC(192) Concurrent Relocate 130.094ms
[128.630s][info][gc,load     ] GC(192) Load: 0.00/0.00/0.00
[128.630s][info][gc,mmu      ] GC(192) MMU: 2ms/97.9%, 5ms/99.1%, 10ms/99.5%, 20ms/99.7%, 50ms/99.9%, 100ms/99.9%
[128.630s][info][gc,marking  ] GC(192) Mark: 2 stripe(s), 1 proactive flush(es), 1 terminate flush(es), 0 completion(s), 0 continuation(s) 
[128.630s][info][gc,marking  ] GC(192) Mark Stack Usage: 32M
[128.630s][info][gc,nmethod  ] GC(192) NMethods: 3309 registered, 0 unregistered
[128.630s][info][gc,metaspace] GC(192) Metaspace: 15M used, 16M committed, 1088M reserved
[128.630s][info][gc,ref      ] GC(192) Soft: 392 encountered, 0 discovered, 0 enqueued
[128.630s][info][gc,ref      ] GC(192) Weak: 749 encountered, 27 discovered, 0 enqueued
[128.630s][info][gc,ref      ] GC(192) Final: 0 encountered, 0 discovered, 0 enqueued
[128.630s][info][gc,ref      ] GC(192) Phantom: 64 encountered, 50 discovered, 0 enqueued
[128.630s][info][gc,reloc    ] GC(192) Small Pages: 438 / 876M, Empty: 164M, Relocated: 192M, In-Place: 0
[128.630s][info][gc,reloc    ] GC(192) Medium Pages: 3 / 96M, Empty: 64M, Relocated: 0M, In-Place: 0
[128.630s][info][gc,reloc    ] GC(192) Large Pages: 21 / 154M, Empty: 82M, Relocated: 0M, In-Place: 0
[128.630s][info][gc,reloc    ] GC(192) Forwarding Usage: 84M
[128.630s][info][gc,heap     ] GC(192) Min Capacity: 2048M(100%)
[128.630s][info][gc,heap     ] GC(192) Max Capacity: 2048M(100%)
[128.630s][info][gc,heap     ] GC(192) Soft Max Capacity: 2048M(100%)
[128.630s][info][gc,heap     ] GC(192)                Mark Start          Mark End        Relocate Start      Relocate End           High               Low         
[128.630s][info][gc,heap     ] GC(192)  Capacity:     2048M (100%)       2048M (100%)       2048M (100%)       2048M (100%)       2048M (100%)       2048M (100%)   
[128.630s][info][gc,heap     ] GC(192)      Free:      922M (45%)         828M (40%)        1138M (56%)        1646M (80%)        1646M (80%)         828M (40%)    
[128.630s][info][gc,heap     ] GC(192)      Used:     1126M (55%)        1220M (60%)         910M (44%)         402M (20%)        1220M (60%)         402M (20%)    
[128.630s][info][gc,heap     ] GC(192)      Live:         -               272M (13%)         272M (13%)         272M (13%)            -                  -          
[128.630s][info][gc,heap     ] GC(192) Allocated:         -                94M (5%)           94M (5%)           95M (5%)             -                  -          
[128.630s][info][gc,heap     ] GC(192)   Garbage:         -               853M (42%)         543M (27%)          33M (2%)             -                  -          
[128.630s][info][gc,heap     ] GC(192) Reclaimed:         -                  -               310M (15%)         819M (40%)            -                  -          
[128.630s][info][gc          ] GC(192) Garbage Collection (Allocation Rate) 1126M(55%)->402M(20%)
[128.630s][info][gc,start    ] GC(193) Garbage Collection (System.gc())
[128.630s][info][gc,task     ] GC(193) Using 2 workers
[128.630s][info][gc,phases   ] GC(193) Pause Mark Start 0.008ms
[128.649s][info][gc,phases   ] GC(193) Concurrent Mark 19.151ms
[128.649s][info][gc,phases   ] GC(193) Pause Mark End 0.025ms
[128.650s][info][gc,phases   ] GC(193) Concurrent Mark Free 0.003ms
[128.654s][info][gc,phases   ] GC(193) Concurrent Process Non-Strong References 4.581ms
[128.654s][info][gc,phases   ] GC(193) Concurrent Reset Relocation Set 0.036ms
[128.662s][info][gc,phases   ] GC(193) Concurrent Select Relocation Set 7.267ms
[128.662s][info][gc,phases   ] GC(193) Pause Relocate Start 0.018ms
[128.663s][info][gc,phases   ] GC(193) Concurrent Relocate 1.355ms
[128.663s][info][gc,load     ] GC(193) Load: 0.00/0.00/0.00
[128.663s][info][gc,mmu      ] GC(193) MMU: 2ms/97.9%, 5ms/99.1%, 10ms/99.5%, 20ms/99.7%, 50ms/99.9%, 100ms/99.9%
[128.663s][info][gc,marking  ] GC(193) Mark: 2 stripe(s), 1 proactive flush(es), 1 terminate flush(es), 0 completion(s), 0 continuation(s) 
[128.663s][info][gc,marking  ] GC(193) Mark Stack Usage: 32M
[128.663s][info][gc,nmethod  ] GC(193) NMethods: 3309 registered, 0 unregistered
[128.663s][info][gc,metaspace] GC(193) Metaspace: 15M used, 16M committed, 1088M reserved
[128.663s][info][gc,ref      ] GC(193) Soft: 392 encountered, 0 discovered, 0 enqueued
[128.663s][info][gc,ref      ] GC(193) Weak: 731 encountered, 69 discovered, 0 enqueued
[128.663s][info][gc,ref      ] GC(193) Final: 0 encountered, 0 discovered, 0 enqueued
[128.663s][info][gc,ref      ] GC(193) Phantom: 64 encountered, 49 discovered, 0 enqueued
[128.663s][info][gc,reloc    ] GC(193) Small Pages: 149 / 298M, Empty: 284M, Relocated: 1M, In-Place: 0
[128.663s][info][gc,reloc    ] GC(193) Medium Pages: 1 / 32M, Empty: 32M, Relocated: 0M, In-Place: 0
[128.663s][info][gc,reloc    ] GC(193) Large Pages: 12 / 72M, Empty: 72M, Relocated: 0M, In-Place: 0
[128.663s][info][gc,reloc    ] GC(193) Forwarding Usage: 0M
[128.663s][info][gc,heap     ] GC(193) Min Capacity: 2048M(100%)
[128.663s][info][gc,heap     ] GC(193) Max Capacity: 2048M(100%)
[128.664s][info][gc,heap     ] GC(193) Soft Max Capacity: 2048M(100%)
[128.664s][info][gc,heap     ] GC(193)                Mark Start          Mark End        Relocate Start      Relocate End           High               Low         
[128.664s][info][gc,heap     ] GC(193)  Capacity:     2048M (100%)       2048M (100%)       2048M (100%)       2048M (100%)       2048M (100%)       2048M (100%)   
[128.664s][info][gc,heap     ] GC(193)      Free:     1646M (80%)        1646M (80%)        2034M (99%)        2038M (100%)       2038M (100%)       1646M (80%)    
[128.664s][info][gc,heap     ] GC(193)      Used:      402M (20%)         402M (20%)          14M (1%)           10M (0%)          402M (20%)          10M (0%)     
[128.664s][info][gc,heap     ] GC(193)      Live:         -                 6M (0%)            6M (0%)            6M (0%)             -                  -          
[128.664s][info][gc,heap     ] GC(193) Allocated:         -                 0M (0%)            0M (0%)            0M (0%)             -                  -          
[128.664s][info][gc,heap     ] GC(193)   Garbage:         -               395M (19%)           7M (0%)            3M (0%)             -                  -          
[128.664s][info][gc,heap     ] GC(193) Reclaimed:         -                  -               388M (19%)         392M (19%)            -                  -          
[128.664s][info][gc          ] GC(193) Garbage Collection (System.gc()) 402M(20%)->10M(0%)
[129.513s][info][gc,start    ] GC(194) Garbage Collection (Allocation Rate)
[129.513s][info][gc,task     ] GC(194) Using 2 workers
[129.513s][info][gc,phases   ] GC(194) Pause Mark Start 0.006ms
[129.786s][info][gc,phases   ] GC(194) Concurrent Mark 258.319ms
[129.786s][info][gc,phases   ] GC(194) Pause Mark End 0.019ms
[129.786s][info][gc,phases   ] GC(194) Concurrent Mark Free 0.001ms
[129.790s][info][gc,phases   ] GC(194) Concurrent Process Non-Strong References 3.841ms
[129.790s][info][gc,phases   ] GC(194) Concurrent Reset Relocation Set 0.001ms
[129.809s][info][gc,phases   ] GC(194) Concurrent Select Relocation Set 18.741ms
[129.809s][info][gc,phases   ] GC(194) Pause Relocate Start 0.011ms
[129.930s][info][gc,phases   ] GC(194) Concurrent Relocate 120.522ms
[129.930s][info][gc,load     ] GC(194) Load: 0.00/0.00/0.00
[129.930s][info][gc,mmu      ] GC(194) MMU: 2ms/97.9%, 5ms/99.1%, 10ms/99.5%, 20ms/99.7%, 50ms/99.9%, 100ms/99.9%
[129.930s][info][gc,marking  ] GC(194) Mark: 2 stripe(s), 2 proactive flush(es), 1 terminate flush(es), 0 completion(s), 0 continuation(s) 
[129.930s][info][gc,marking  ] GC(194) Mark Stack Usage: 32M
[129.930s][info][gc,nmethod  ] GC(194) NMethods: 3309 registered, 0 unregistered
[129.930s][info][gc,metaspace] GC(194) Metaspace: 15M used, 16M committed, 1088M reserved
[129.930s][info][gc,ref      ] GC(194) Soft: 392 encountered, 0 discovered, 0 enqueued
[129.930s][info][gc,ref      ] GC(194) Weak: 747 encountered, 398 discovered, 0 enqueued
[129.930s][info][gc,ref      ] GC(194) Final: 0 encountered, 0 discovered, 0 enqueued
[129.930s][info][gc,ref      ] GC(194) Phantom: 64 encountered, 50 discovered, 0 enqueued
[129.930s][info][gc,reloc    ] GC(194) Small Pages: 430 / 860M, Empty: 128M, Relocated: 192M, In-Place: 0
[129.930s][info][gc,reloc    ] GC(194) Medium Pages: 3 / 96M, Empty: 32M, Relocated: 4M, In-Place: 0
[129.930s][info][gc,reloc    ] GC(194) Large Pages: 19 / 142M, Empty: 82M, Relocated: 0M, In-Place: 0
[129.930s][info][gc,reloc    ] GC(194) Forwarding Usage: 84M
[129.930s][info][gc,heap     ] GC(194) Min Capacity: 2048M(100%)
[129.930s][info][gc,heap     ] GC(194) Max Capacity: 2048M(100%)
[129.930s][info][gc,heap     ] GC(194) Soft Max Capacity: 2048M(100%)
[129.930s][info][gc,heap     ] GC(194)                Mark Start          Mark End        Relocate Start      Relocate End           High               Low         
[129.930s][info][gc,heap     ] GC(194)  Capacity:     2048M (100%)       2048M (100%)       2048M (100%)       2048M (100%)       2048M (100%)       2048M (100%)   
[129.930s][info][gc,heap     ] GC(194)      Free:      950M (46%)         828M (40%)        1070M (52%)        1632M (80%)        1632M (80%)         828M (40%)    
[129.930s][info][gc,heap     ] GC(194)      Used:     1098M (54%)        1220M (60%)         978M (48%)         416M (20%)        1220M (60%)         416M (20%)    
[129.930s][info][gc,heap     ] GC(194)      Live:         -               264M (13%)         264M (13%)         264M (13%)            -                  -          
[129.930s][info][gc,heap     ] GC(194) Allocated:         -               122M (6%)          122M (6%)          122M (6%)             -                  -          
[129.930s][info][gc,heap     ] GC(194)   Garbage:         -               833M (41%)         591M (29%)          29M (1%)             -                  -          
[129.930s][info][gc,heap     ] GC(194) Reclaimed:         -                  -               242M (12%)         804M (39%)            -                  -          
[129.930s][info][gc          ] GC(194) Garbage Collection (Allocation Rate) 1098M(54%)->416M(20%)
[129.930s][info][gc,start    ] GC(195) Garbage Collection (System.gc())
[129.930s][info][gc,task     ] GC(195) Using 2 workers
[129.930s][info][gc,phases   ] GC(195) Pause Mark Start 0.005ms
[129.943s][info][gc,phases   ] GC(195) Concurrent Mark 13.177ms
[129.943s][info][gc,phases   ] GC(195) Pause Mark End 0.023ms
[129.944s][info][gc,phases   ] GC(195) Concurrent Mark Free 0.002ms
[129.947s][info][gc,phases   ] GC(195) Concurrent Process Non-Strong References 3.352ms
[129.947s][info][gc,phases   ] GC(195) Concurrent Reset Relocation Set 0.027ms
[129.954s][info][gc,phases   ] GC(195) Concurrent Select Relocation Set 7.016ms
[129.954s][info][gc,phases   ] GC(195) Pause Relocate Start 0.016ms
[129.956s][info][gc,phases   ] GC(195) Concurrent Relocate 1.278ms
[129.956s][info][gc,load     ] GC(195) Load: 0.00/0.00/0.00
[129.956s][info][gc,mmu      ] GC(195) MMU: 2ms/97.9%, 5ms/99.1%, 10ms/99.5%, 20ms/99.7%, 50ms/99.9%, 100ms/99.9%
[129.956s][info][gc,marking  ] GC(195) Mark: 2 stripe(s), 1 proactive flush(es), 1 terminate flush(es), 0 completion(s), 0 continuation(s) 
[129.956s][info][gc,marking  ] GC(195) Mark Stack Usage: 32M
[129.956s][info][gc,nmethod  ] GC(195) NMethods: 3309 registered, 0 unregistered
[129.956s][info][gc,metaspace] GC(195) Metaspace: 15M used, 16M committed, 1088M reserved
[129.956s][info][gc,ref      ] GC(195) Soft: 392 encountered, 0 discovered, 0 enqueued
[129.956s][info][gc,ref      ] GC(195) Weak: 731 encountered, 268 discovered, 0 enqueued
[129.956s][info][gc,ref      ] GC(195) Final: 0 encountered, 0 discovered, 0 enqueued
[129.956s][info][gc,ref      ] GC(195) Phantom: 64 encountered, 50 discovered, 0 enqueued
[129.956s][info][gc,reloc    ] GC(195) Small Pages: 156 / 312M, Empty: 296M, Relocated: 1M, In-Place: 0
[129.956s][info][gc,reloc    ] GC(195) Medium Pages: 1 / 32M, Empty: 32M, Relocated: 0M, In-Place: 0
[129.956s][info][gc,reloc    ] GC(195) Large Pages: 12 / 72M, Empty: 72M, Relocated: 0M, In-Place: 0
[129.956s][info][gc,reloc    ] GC(195) Forwarding Usage: 0M
[129.956s][info][gc,heap     ] GC(195) Min Capacity: 2048M(100%)
[129.956s][info][gc,heap     ] GC(195) Max Capacity: 2048M(100%)
[129.956s][info][gc,heap     ] GC(195) Soft Max Capacity: 2048M(100%)
[129.956s][info][gc,heap     ] GC(195)                Mark Start          Mark End        Relocate Start      Relocate End           High               Low         
[129.956s][info][gc,heap     ] GC(195)  Capacity:     2048M (100%)       2048M (100%)       2048M (100%)       2048M (100%)       2048M (100%)       2048M (100%)   
[129.956s][info][gc,heap     ] GC(195)      Free:     1632M (80%)        1632M (80%)        2032M (99%)        2038M (100%)       2038M (100%)       1632M (80%)    
[129.956s][info][gc,heap     ] GC(195)      Used:      416M (20%)         416M (20%)          16M (1%)           10M (0%)          416M (20%)          10M (0%)     
[129.956s][info][gc,heap     ] GC(195)      Live:         -                 6M (0%)            6M (0%)            6M (0%)             -                  -          
[129.956s][info][gc,heap     ] GC(195) Allocated:         -                 0M (0%)            0M (0%)            0M (0%)             -                  -          
[129.956s][info][gc,heap     ] GC(195)   Garbage:         -               409M (20%)           9M (0%)            3M (0%)             -                  -          
[129.956s][info][gc,heap     ] GC(195) Reclaimed:         -                  -               400M (20%)         406M (20%)            -                  -          
[129.956s][info][gc          ] GC(195) Garbage Collection (System.gc()) 416M(20%)->10M(0%)
[130.116s][info][gc,stats    ] === Garbage Collection Statistics =======================================================================================================================
[130.116s][info][gc,stats    ]                                                              Last 10s              Last 10m              Last 10h                Total
[130.116s][info][gc,stats    ]                                                              Avg / Max             Avg / Max             Avg / Max             Avg / Max
[130.116s][info][gc,stats    ]   Collector: Garbage Collection Cycle                    222.289 / 437.332     224.081 / 465.355     224.081 / 465.355     224.081 / 465.355     ms
[130.116s][info][gc,stats    ]  Contention: Mark Segment Reset Contention                     0 / 2                 0 / 18                0 / 18                0 / 18          ops/s
[130.116s][info][gc,stats    ]  Contention: Mark SeqNum Reset Contention                      0 / 1                 0 / 1                 0 / 1                 0 / 1           ops/s
[130.116s][info][gc,stats    ]    Critical: Allocation Stall                                  0 / 0                 0 / 0                 0 / 0                 0 / 0           ops/s
[130.116s][info][gc,stats    ]    Critical: Allocation Stall                              0.000 / 0.000         0.000 / 0.000         0.000 / 0.000         0.000 / 0.000       ms
[130.116s][info][gc,stats    ]    Critical: GC Locker Stall                                   0 / 0                 0 / 0                 0 / 0                 0 / 0           ops/s
[130.116s][info][gc,stats    ]    Critical: GC Locker Stall                               0.000 / 0.000         0.000 / 0.000         0.000 / 0.000         0.000 / 0.000       ms
[130.116s][info][gc,stats    ]    Critical: Relocation Stall                                  0 / 0                 0 / 0                 0 / 0                 0 / 0           ops/s
[130.116s][info][gc,stats    ]    Critical: Relocation Stall                              0.000 / 0.000         0.000 / 0.000         0.000 / 0.000         0.000 / 0.000       ms
[130.116s][info][gc,stats    ]      Memory: Allocation Rate                                 922 / 1244            896 / 1244            896 / 1244            896 / 1244        MB/s
[130.116s][info][gc,stats    ]      Memory: Out Of Memory                                     0 / 0                 0 / 0                 0 / 0                 0 / 0           ops/s
[130.116s][info][gc,stats    ]      Memory: Page Cache Flush                                  0 / 0                 0 / 0                 0 / 0                 0 / 0           MB/s
[130.116s][info][gc,stats    ]      Memory: Page Cache Hit L1                               459 / 510             440 / 557             440 / 557             440 / 557         ops/s
[130.116s][info][gc,stats    ]      Memory: Page Cache Hit L2                                 0 / 0                 0 / 0                 0 / 0                 0 / 0           ops/s
[130.116s][info][gc,stats    ]      Memory: Page Cache Hit L3                                 0 / 0                 4 / 195               4 / 195               4 / 195         ops/s
[130.116s][info][gc,stats    ]      Memory: Page Cache Miss                                   0 / 0                 0 / 1                 0 / 1                 0 / 1           ops/s
[130.116s][info][gc,stats    ]      Memory: Uncommit                                          0 / 0                 0 / 0                 0 / 0                 0 / 0           MB/s
[130.116s][info][gc,stats    ]      Memory: Undo Object Allocation Failed                     0 / 0                 0 / 2                 0 / 2                 0 / 2           ops/s
[130.116s][info][gc,stats    ]      Memory: Undo Object Allocation Succeeded                  0 / 0              2138 / 248763         2138 / 248763         2138 / 248763      ops/s
[130.117s][info][gc,stats    ]      Memory: Undo Page Allocation                              0 / 3                 0 / 3                 0 / 3                 0 / 3           ops/s
[130.117s][info][gc,stats    ]       Phase: Concurrent Mark                             136.152 / 264.736     133.434 / 352.487     133.434 / 352.487     133.434 / 352.487     ms
[130.117s][info][gc,stats    ]       Phase: Concurrent Mark Continue                      0.000 / 0.000         0.000 / 0.000         0.000 / 0.000         0.000 / 0.000       ms
[130.117s][info][gc,stats    ]       Phase: Concurrent Mark Free                          0.002 / 0.003         0.002 / 0.004         0.002 / 0.004         0.002 / 0.004       ms
[130.117s][info][gc,stats    ]       Phase: Concurrent Process Non-Strong References      3.505 / 4.581         3.635 / 15.958        3.635 / 15.958        3.635 / 15.958      ms
[130.117s][info][gc,stats    ]       Phase: Concurrent Relocate                          61.898 / 130.094      63.846 / 151.919      63.846 / 151.919      63.846 / 151.919     ms
[130.117s][info][gc,stats    ]       Phase: Concurrent Reset Relocation Set               0.016 / 0.036         0.015 / 0.050         0.015 / 0.050         0.015 / 0.050       ms
[130.117s][info][gc,stats    ]       Phase: Concurrent Select Relocation Set             12.905 / 20.571       15.095 / 26.863       15.095 / 26.863       15.095 / 26.863      ms
[130.117s][info][gc,stats    ]       Phase: Pause Mark End                                0.021 / 0.027         0.021 / 0.043         0.021 / 0.043         0.021 / 0.043       ms
[130.117s][info][gc,stats    ]       Phase: Pause Mark Start                              0.007 / 0.010         0.008 / 0.019         0.008 / 0.019         0.008 / 0.019       ms
[130.117s][info][gc,stats    ]       Phase: Pause Relocate Start                          0.017 / 0.024         0.017 / 0.032         0.017 / 0.032         0.017 / 0.032       ms
[130.117s][info][gc,stats    ]    Subphase: Concurrent Classes Purge                      0.123 / 0.163         0.123 / 0.252         0.123 / 0.252         0.123 / 0.252       ms
[130.117s][info][gc,stats    ]    Subphase: Concurrent Classes Unlink                     2.754 / 3.825         2.816 / 4.168         2.816 / 4.168         2.816 / 4.168       ms
[130.117s][info][gc,stats    ]    Subphase: Concurrent Mark                             130.934 / 264.261     127.812 / 351.776     127.812 / 351.776     127.812 / 351.776     ms
[130.117s][info][gc,stats    ]    Subphase: Concurrent Mark Try Flush                     0.091 / 0.320         0.184 / 15.584        0.184 / 15.584        0.184 / 15.584      ms
[130.117s][info][gc,stats    ]    Subphase: Concurrent Mark Try Terminate                 3.953 / 16.210        4.153 / 17.027        4.153 / 17.027        4.153 / 17.027      ms
[130.117s][info][gc,stats    ]    Subphase: Concurrent References Enqueue                 0.000 / 0.000         0.000 / 0.005         0.000 / 0.005         0.000 / 0.005       ms
[130.117s][info][gc,stats    ]    Subphase: Concurrent References Process                 0.116 / 0.203         0.121 / 0.238         0.121 / 0.238         0.121 / 0.238       ms
[130.117s][info][gc,stats    ]    Subphase: Concurrent Roots ClassLoaderDataGraph         0.084 / 0.214         0.085 / 0.334         0.085 / 0.334         0.085 / 0.334       ms
[130.117s][info][gc,stats    ]    Subphase: Concurrent Roots CodeCache                    0.000 / 0.000         0.000 / 0.000         0.000 / 0.000         0.000 / 0.000       ms
[130.117s][info][gc,stats    ]    Subphase: Concurrent Roots JavaThreads                  0.210 / 0.492         0.226 / 2.583         0.226 / 2.583         0.226 / 2.583       ms
[130.117s][info][gc,stats    ]    Subphase: Concurrent Roots OopStorageSet                0.016 / 0.025         0.016 / 0.053         0.016 / 0.053         0.016 / 0.053       ms
[130.117s][info][gc,stats    ]    Subphase: Concurrent Weak Roots OopStorageSet           0.342 / 0.452         0.327 / 0.505         0.327 / 0.505         0.327 / 0.505       ms
[130.117s][info][gc,stats    ]    Subphase: Pause Mark Try Complete                       0.000 / 0.000         0.000 / 0.000         0.000 / 0.000         0.000 / 0.000       ms
[130.117s][info][gc,stats    ]      System: Java Threads                                     13 / 18               13 / 19               13 / 19               13 / 19          threads
[130.117s][info][gc,stats    ] =========================================================================================================================================================
[130.808s][info][gc,start    ] GC(196) Garbage Collection (Allocation Rate)
[130.808s][info][gc,task     ] GC(196) Using 2 workers
[130.808s][info][gc,phases   ] GC(196) Pause Mark Start 0.010ms
[131.076s][info][gc,phases   ] GC(196) Concurrent Mark 253.666ms
[131.077s][info][gc,phases   ] GC(196) Pause Mark End 0.023ms
[131.077s][info][gc,phases   ] GC(196) Concurrent Mark Free 0.001ms
[131.080s][info][gc,phases   ] GC(196) Concurrent Process Non-Strong References 3.219ms
[131.080s][info][gc,phases   ] GC(196) Concurrent Reset Relocation Set 0.001ms
[131.098s][info][gc,phases   ] GC(196) Concurrent Select Relocation Set 18.469ms
[131.099s][info][gc,phases   ] GC(196) Pause Relocate Start 0.010ms
[131.218s][info][gc,phases   ] GC(196) Concurrent Relocate 119.525ms
[131.218s][info][gc,load     ] GC(196) Load: 0.00/0.00/0.00
[131.218s][info][gc,mmu      ] GC(196) MMU: 2ms/97.9%, 5ms/99.1%, 10ms/99.5%, 20ms/99.7%, 50ms/99.9%, 100ms/99.9%
[131.218s][info][gc,marking  ] GC(196) Mark: 2 stripe(s), 1 proactive flush(es), 1 terminate flush(es), 0 completion(s), 0 continuation(s) 
[131.218s][info][gc,marking  ] GC(196) Mark Stack Usage: 32M
[131.218s][info][gc,nmethod  ] GC(196) NMethods: 3309 registered, 0 unregistered
[131.218s][info][gc,metaspace] GC(196) Metaspace: 15M used, 16M committed, 1088M reserved
[131.218s][info][gc,ref      ] GC(196) Soft: 392 encountered, 0 discovered, 0 enqueued
[131.219s][info][gc,ref      ] GC(196) Weak: 748 encountered, 35 discovered, 0 enqueued
[131.219s][info][gc,ref      ] GC(196) Final: 0 encountered, 0 discovered, 0 enqueued
[131.219s][info][gc,ref      ] GC(196) Phantom: 64 encountered, 49 discovered, 0 enqueued
[131.219s][info][gc,reloc    ] GC(196) Small Pages: 434 / 868M, Empty: 132M, Relocated: 192M, In-Place: 0
[131.219s][info][gc,reloc    ] GC(196) Medium Pages: 3 / 96M, Empty: 64M, Relocated: 0M, In-Place: 0
[131.219s][info][gc,reloc    ] GC(196) Large Pages: 21 / 154M, Empty: 82M, Relocated: 0M, In-Place: 0
[131.219s][info][gc,reloc    ] GC(196) Forwarding Usage: 85M
[131.219s][info][gc,heap     ] GC(196) Min Capacity: 2048M(100%)
[131.219s][info][gc,heap     ] GC(196) Max Capacity: 2048M(100%)
[131.219s][info][gc,heap     ] GC(196) Soft Max Capacity: 2048M(100%)
[131.219s][info][gc,heap     ] GC(196)                Mark Start          Mark End        Relocate Start      Relocate End           High               Low         
[131.219s][info][gc,heap     ] GC(196)  Capacity:     2048M (100%)       2048M (100%)       2048M (100%)       2048M (100%)       2048M (100%)       2048M (100%)   
[131.219s][info][gc,heap     ] GC(196)      Free:      930M (45%)         830M (41%)        1108M (54%)        1640M (80%)        1640M (80%)         830M (41%)    
[131.219s][info][gc,heap     ] GC(196)      Used:     1118M (55%)        1218M (59%)         940M (46%)         408M (20%)        1218M (59%)         408M (20%)    
[131.219s][info][gc,heap     ] GC(196)      Live:         -               272M (13%)         272M (13%)         272M (13%)            -                  -          
[131.219s][info][gc,heap     ] GC(196) Allocated:         -               100M (5%)          100M (5%)          100M (5%)             -                  -          
[131.219s][info][gc,heap     ] GC(196)   Garbage:         -               845M (41%)         567M (28%)          35M (2%)             -                  -          
[131.219s][info][gc,heap     ] GC(196) Reclaimed:         -                  -               278M (14%)         810M (40%)            -                  -          
[131.219s][info][gc          ] GC(196) Garbage Collection (Allocation Rate) 1118M(55%)->408M(20%)
[131.219s][info][gc,start    ] GC(197) Garbage Collection (System.gc())
[131.219s][info][gc,task     ] GC(197) Using 2 workers
[131.219s][info][gc,phases   ] GC(197) Pause Mark Start 0.008ms
[131.234s][info][gc,phases   ] GC(197) Concurrent Mark 15.092ms
[131.234s][info][gc,phases   ] GC(197) Pause Mark End 0.020ms
[131.235s][info][gc,phases   ] GC(197) Concurrent Mark Free 0.002ms
[131.238s][info][gc,phases   ] GC(197) Concurrent Process Non-Strong References 3.818ms
[131.238s][info][gc,phases   ] GC(197) Concurrent Reset Relocation Set 0.035ms
[131.246s][info][gc,phases   ] GC(197) Concurrent Select Relocation Set 7.196ms
[131.246s][info][gc,phases   ] GC(197) Pause Relocate Start 0.022ms
[131.247s][info][gc,phases   ] GC(197) Concurrent Relocate 0.885ms
[131.247s][info][gc,load     ] GC(197) Load: 0.00/0.00/0.00
[131.247s][info][gc,mmu      ] GC(197) MMU: 2ms/97.9%, 5ms/99.1%, 10ms/99.5%, 20ms/99.7%, 50ms/99.9%, 100ms/99.9%
[131.247s][info][gc,marking  ] GC(197) Mark: 2 stripe(s), 1 proactive flush(es), 1 terminate flush(es), 0 completion(s), 0 continuation(s) 
[131.247s][info][gc,marking  ] GC(197) Mark Stack Usage: 32M
[131.247s][info][gc,nmethod  ] GC(197) NMethods: 3309 registered, 0 unregistered
[131.247s][info][gc,metaspace] GC(197) Metaspace: 15M used, 16M committed, 1088M reserved
[131.247s][info][gc,ref      ] GC(197) Soft: 392 encountered, 0 discovered, 0 enqueued
[131.247s][info][gc,ref      ] GC(197) Weak: 731 encountered, 15 discovered, 0 enqueued
[131.247s][info][gc,ref      ] GC(197) Final: 0 encountered, 0 discovered, 0 enqueued
[131.247s][info][gc,ref      ] GC(197) Phantom: 64 encountered, 50 discovered, 0 enqueued
[131.247s][info][gc,reloc    ] GC(197) Small Pages: 152 / 304M, Empty: 288M, Relocated: 1M, In-Place: 0
[131.247s][info][gc,reloc    ] GC(197) Medium Pages: 1 / 32M, Empty: 32M, Relocated: 0M, In-Place: 0
[131.247s][info][gc,reloc    ] GC(197) Large Pages: 12 / 72M, Empty: 72M, Relocated: 0M, In-Place: 0
[131.247s][info][gc,reloc    ] GC(197) Forwarding Usage: 0M
[131.247s][info][gc,heap     ] GC(197) Min Capacity: 2048M(100%)
[131.247s][info][gc,heap     ] GC(197) Max Capacity: 2048M(100%)
[131.247s][info][gc,heap     ] GC(197) Soft Max Capacity: 2048M(100%)
[131.247s][info][gc,heap     ] GC(197)                Mark Start          Mark End        Relocate Start      Relocate End           High               Low         
[131.247s][info][gc,heap     ] GC(197)  Capacity:     2048M (100%)       2048M (100%)       2048M (100%)       2048M (100%)       2048M (100%)       2048M (100%)   
[131.247s][info][gc,heap     ] GC(197)      Free:     1640M (80%)        1640M (80%)        2032M (99%)        2038M (100%)       2038M (100%)       1640M (80%)    
[131.247s][info][gc,heap     ] GC(197)      Used:      408M (20%)         408M (20%)          16M (1%)           10M (0%)          408M (20%)          10M (0%)     
[131.247s][info][gc,heap     ] GC(197)      Live:         -                 6M (0%)            6M (0%)            6M (0%)             -                  -          
[131.247s][info][gc,heap     ] GC(197) Allocated:         -                 0M (0%)            0M (0%)            0M (0%)             -                  -          
[131.247s][info][gc,heap     ] GC(197)   Garbage:         -               401M (20%)           9M (0%)            3M (0%)             -                  -          
[131.247s][info][gc,heap     ] GC(197) Reclaimed:         -                  -               392M (19%)         398M (19%)            -                  -          
[131.247s][info][gc          ] GC(197) Garbage Collection (System.gc()) 408M(20%)->10M(0%)
[132.101s][info][gc,start    ] GC(198) Garbage Collection (Allocation Rate)
[132.101s][info][gc,task     ] GC(198) Using 2 workers
[132.101s][info][gc,phases   ] GC(198) Pause Mark Start 0.011ms
[132.383s][info][gc,phases   ] GC(198) Concurrent Mark 265.893ms
[132.383s][info][gc,phases   ] GC(198) Pause Mark End 0.021ms
[132.383s][info][gc,phases   ] GC(198) Concurrent Mark Free 0.002ms
[132.388s][info][gc,phases   ] GC(198) Concurrent Process Non-Strong References 4.569ms
[132.388s][info][gc,phases   ] GC(198) Concurrent Reset Relocation Set 0.001ms
[132.406s][info][gc,phases   ] GC(198) Concurrent Select Relocation Set 18.703ms
[132.407s][info][gc,phases   ] GC(198) Pause Relocate Start 0.010ms
[132.526s][info][gc,phases   ] GC(198) Concurrent Relocate 119.686ms
[132.526s][info][gc,load     ] GC(198) Load: 0.00/0.00/0.00
[132.526s][info][gc,mmu      ] GC(198) MMU: 2ms/97.9%, 5ms/99.1%, 10ms/99.5%, 20ms/99.7%, 50ms/99.9%, 100ms/99.9%
[132.526s][info][gc,marking  ] GC(198) Mark: 2 stripe(s), 2 proactive flush(es), 1 terminate flush(es), 0 completion(s), 0 continuation(s) 
[132.526s][info][gc,marking  ] GC(198) Mark Stack Usage: 32M
[132.526s][info][gc,nmethod  ] GC(198) NMethods: 3309 registered, 0 unregistered
[132.526s][info][gc,metaspace] GC(198) Metaspace: 15M used, 16M committed, 1088M reserved
[132.526s][info][gc,ref      ] GC(198) Soft: 392 encountered, 0 discovered, 0 enqueued
[132.526s][info][gc,ref      ] GC(198) Weak: 749 encountered, 21 discovered, 0 enqueued
[132.526s][info][gc,ref      ] GC(198) Final: 0 encountered, 0 discovered, 0 enqueued
[132.526s][info][gc,ref      ] GC(198) Phantom: 64 encountered, 50 discovered, 0 enqueued
[132.526s][info][gc,reloc    ] GC(198) Small Pages: 430 / 860M, Empty: 128M, Relocated: 192M, In-Place: 0
[132.526s][info][gc,reloc    ] GC(198) Medium Pages: 3 / 96M, Empty: 0M, Relocated: 8M, In-Place: 0
[132.526s][info][gc,reloc    ] GC(198) Large Pages: 17 / 130M, Empty: 82M, Relocated: 0M, In-Place: 0
[132.526s][info][gc,reloc    ] GC(198) Forwarding Usage: 84M
[132.526s][info][gc,heap     ] GC(198) Min Capacity: 2048M(100%)
[132.526s][info][gc,heap     ] GC(198) Max Capacity: 2048M(100%)
[132.526s][info][gc,heap     ] GC(198) Soft Max Capacity: 2048M(100%)
[132.526s][info][gc,heap     ] GC(198)                Mark Start          Mark End        Relocate Start      Relocate End           High               Low         
[132.526s][info][gc,heap     ] GC(198)  Capacity:     2048M (100%)       2048M (100%)       2048M (100%)       2048M (100%)       2048M (100%)       2048M (100%)   
[132.526s][info][gc,heap     ] GC(198)      Free:      962M (47%)         830M (41%)        1040M (51%)        1634M (80%)        1634M (80%)         830M (41%)    
[132.527s][info][gc,heap     ] GC(198)      Used:     1086M (53%)        1218M (59%)        1008M (49%)         414M (20%)        1218M (59%)         414M (20%)    
[132.527s][info][gc,heap     ] GC(198)      Live:         -               256M (13%)         256M (13%)         256M (13%)            -                  -          
[132.527s][info][gc,heap     ] GC(198) Allocated:         -               132M (6%)          132M (6%)          132M (6%)             -                  -          
[132.527s][info][gc,heap     ] GC(198)   Garbage:         -               829M (41%)         619M (30%)          25M (1%)             -                  -          
[132.527s][info][gc,heap     ] GC(198) Reclaimed:         -                  -               210M (10%)         804M (39%)            -                  -          
[132.527s][info][gc          ] GC(198) Garbage Collection (Allocation Rate) 1086M(53%)->414M(20%)
[132.527s][info][gc,start    ] GC(199) Garbage Collection (System.gc())
[132.527s][info][gc,task     ] GC(199) Using 2 workers
[132.527s][info][gc,phases   ] GC(199) Pause Mark Start 0.005ms
[132.540s][info][gc,phases   ] GC(199) Concurrent Mark 13.275ms
[132.540s][info][gc,phases   ] GC(199) Pause Mark End 0.023ms
[132.540s][info][gc,phases   ] GC(199) Concurrent Mark Free 0.001ms
[132.544s][info][gc,phases   ] GC(199) Concurrent Process Non-Strong References 3.766ms
[132.544s][info][gc,phases   ] GC(199) Concurrent Reset Relocation Set 0.029ms
[132.551s][info][gc,phases   ] GC(199) Concurrent Select Relocation Set 7.030ms
[132.551s][info][gc,phases   ] GC(199) Pause Relocate Start 0.019ms
[132.553s][info][gc,phases   ] GC(199) Concurrent Relocate 1.258ms
[132.553s][info][gc,load     ] GC(199) Load: 0.00/0.00/0.00
[132.553s][info][gc,mmu      ] GC(199) MMU: 2ms/97.9%, 5ms/99.1%, 10ms/99.5%, 20ms/99.7%, 50ms/99.9%, 100ms/99.9%
[132.553s][info][gc,marking  ] GC(199) Mark: 2 stripe(s), 1 proactive flush(es), 1 terminate flush(es), 0 completion(s), 0 continuation(s) 
[132.553s][info][gc,marking  ] GC(199) Mark Stack Usage: 32M
[132.553s][info][gc,nmethod  ] GC(199) NMethods: 3309 registered, 0 unregistered
[132.553s][info][gc,metaspace] GC(199) Metaspace: 15M used, 16M committed, 1088M reserved
[132.553s][info][gc,ref      ] GC(199) Soft: 392 encountered, 0 discovered, 0 enqueued
[132.553s][info][gc,ref      ] GC(199) Weak: 731 encountered, 56 discovered, 0 enqueued
[132.553s][info][gc,ref      ] GC(199) Final: 0 encountered, 0 discovered, 0 enqueued
[132.553s][info][gc,ref      ] GC(199) Phantom: 64 encountered, 54 discovered, 0 enqueued
[132.553s][info][gc,reloc    ] GC(199) Small Pages: 155 / 310M, Empty: 298M, Relocated: 1M, In-Place: 0
[132.553s][info][gc,reloc    ] GC(199) Medium Pages: 1 / 32M, Empty: 32M, Relocated: 0M, In-Place: 0
[132.553s][info][gc,reloc    ] GC(199) Large Pages: 12 / 72M, Empty: 72M, Relocated: 0M, In-Place: 0
[132.553s][info][gc,reloc    ] GC(199) Forwarding Usage: 0M
[132.553s][info][gc,heap     ] GC(199) Min Capacity: 2048M(100%)
[132.553s][info][gc,heap     ] GC(199) Max Capacity: 2048M(100%)
[132.553s][info][gc,heap     ] GC(199) Soft Max Capacity: 2048M(100%)
[132.553s][info][gc,heap     ] GC(199)                Mark Start          Mark End        Relocate Start      Relocate End           High               Low         
[132.553s][info][gc,heap     ] GC(199)  Capacity:     2048M (100%)       2048M (100%)       2048M (100%)       2048M (100%)       2048M (100%)       2048M (100%)   
[132.553s][info][gc,heap     ] GC(199)      Free:     1634M (80%)        1634M (80%)        2036M (99%)        2038M (100%)       2038M (100%)       1634M (80%)    
[132.553s][info][gc,heap     ] GC(199)      Used:      414M (20%)         414M (20%)          12M (1%)           10M (0%)          414M (20%)          10M (0%)     
[132.553s][info][gc,heap     ] GC(199)      Live:         -                 6M (0%)            6M (0%)            6M (0%)             -                  -          
[132.553s][info][gc,heap     ] GC(199) Allocated:         -                 0M (0%)            0M (0%)            0M (0%)             -                  -          
[132.553s][info][gc,heap     ] GC(199)   Garbage:         -               407M (20%)           5M (0%)            3M (0%)             -                  -          
[132.553s][info][gc,heap     ] GC(199) Reclaimed:         -                  -               402M (20%)         404M (20%)            -                  -          
[132.553s][info][gc          ] GC(199) Garbage Collection (System.gc()) 414M(20%)->10M(0%)
[133.404s][info][gc,start    ] GC(200) Garbage Collection (Allocation Rate)
[133.404s][info][gc,task     ] GC(200) Using 2 workers
[133.404s][info][gc,phases   ] GC(200) Pause Mark Start 0.012ms
[133.678s][info][gc,phases   ] GC(200) Concurrent Mark 258.311ms
[133.680s][info][gc,phases   ] GC(200) Pause Mark End 0.013ms
[133.680s][info][gc,phases   ] GC(200) Concurrent Mark Free 0.001ms
[133.684s][info][gc,phases   ] GC(200) Concurrent Process Non-Strong References 3.285ms
[133.684s][info][gc,phases   ] GC(200) Concurrent Reset Relocation Set 0.001ms
[133.702s][info][gc,phases   ] GC(200) Concurrent Select Relocation Set 18.733ms
[133.702s][info][gc,phases   ] GC(200) Pause Relocate Start 0.011ms
[133.824s][info][gc,phases   ] GC(200) Concurrent Relocate 121.635ms
[133.824s][info][gc,load     ] GC(200) Load: 0.00/0.00/0.00
[133.824s][info][gc,mmu      ] GC(200) MMU: 2ms/97.9%, 5ms/99.1%, 10ms/99.5%, 20ms/99.7%, 50ms/99.9%, 100ms/99.9%
[133.824s][info][gc,marking  ] GC(200) Mark: 2 stripe(s), 2 proactive flush(es), 1 terminate flush(es), 0 completion(s), 0 continuation(s) 
[133.824s][info][gc,marking  ] GC(200) Mark Stack Usage: 32M
[133.824s][info][gc,nmethod  ] GC(200) NMethods: 3309 registered, 0 unregistered
[133.824s][info][gc,metaspace] GC(200) Metaspace: 15M used, 16M committed, 1088M reserved
[133.824s][info][gc,ref      ] GC(200) Soft: 392 encountered, 0 discovered, 0 enqueued
[133.824s][info][gc,ref      ] GC(200) Weak: 749 encountered, 17 discovered, 0 enqueued
[133.824s][info][gc,ref      ] GC(200) Final: 0 encountered, 0 discovered, 0 enqueued
[133.824s][info][gc,ref      ] GC(200) Phantom: 64 encountered, 50 discovered, 0 enqueued
[133.824s][info][gc,reloc    ] GC(200) Small Pages: 427 / 854M, Empty: 124M, Relocated: 192M, In-Place: 0
[133.824s][info][gc,reloc    ] GC(200) Medium Pages: 3 / 96M, Empty: 0M, Relocated: 12M, In-Place: 0
[133.824s][info][gc,reloc    ] GC(200) Large Pages: 17 / 130M, Empty: 82M, Relocated: 0M, In-Place: 0
[133.824s][info][gc,reloc    ] GC(200) Forwarding Usage: 85M
[133.824s][info][gc,heap     ] GC(200) Min Capacity: 2048M(100%)
[133.824s][info][gc,heap     ] GC(200) Max Capacity: 2048M(100%)
[133.824s][info][gc,heap     ] GC(200) Soft Max Capacity: 2048M(100%)
[133.825s][info][gc,heap     ] GC(200)                Mark Start          Mark End        Relocate Start      Relocate End           High               Low         
[133.825s][info][gc,heap     ] GC(200)  Capacity:     2048M (100%)       2048M (100%)       2048M (100%)       2048M (100%)       2048M (100%)       2048M (100%)   
[133.825s][info][gc,heap     ] GC(200)      Free:      968M (47%)         830M (41%)        1036M (51%)        1626M (79%)        1626M (79%)         830M (41%)    
[133.825s][info][gc,heap     ] GC(200)      Used:     1080M (53%)        1218M (59%)        1012M (49%)         422M (21%)        1218M (59%)         422M (21%)    
[133.825s][info][gc,heap     ] GC(200)      Live:         -               260M (13%)         260M (13%)         260M (13%)            -                  -          
[133.825s][info][gc,heap     ] GC(200) Allocated:         -               138M (7%)          138M (7%)          138M (7%)             -                  -          
[133.825s][info][gc,heap     ] GC(200)   Garbage:         -               819M (40%)         613M (30%)          23M (1%)             -                  -          
[133.825s][info][gc,heap     ] GC(200) Reclaimed:         -                  -               206M (10%)         796M (39%)            -                  -          
[133.825s][info][gc          ] GC(200) Garbage Collection (Allocation Rate) 1080M(53%)->422M(21%)
[133.825s][info][gc,start    ] GC(201) Garbage Collection (System.gc())
[133.825s][info][gc,task     ] GC(201) Using 2 workers
[133.825s][info][gc,phases   ] GC(201) Pause Mark Start 0.007ms
[133.835s][info][gc,phases   ] GC(201) Concurrent Mark 9.829ms
[133.835s][info][gc,phases   ] GC(201) Pause Mark End 0.017ms
[133.835s][info][gc,phases   ] GC(201) Concurrent Mark Free 0.002ms
[133.838s][info][gc,phases   ] GC(201) Concurrent Process Non-Strong References 2.867ms
[133.838s][info][gc,phases   ] GC(201) Concurrent Reset Relocation Set 0.027ms
[133.845s][info][gc,phases   ] GC(201) Concurrent Select Relocation Set 6.972ms
[133.845s][info][gc,phases   ] GC(201) Pause Relocate Start 0.025ms
[133.846s][info][gc,phases   ] GC(201) Concurrent Relocate 0.841ms
[133.846s][info][gc,load     ] GC(201) Load: 0.00/0.00/0.00
[133.846s][info][gc,mmu      ] GC(201) MMU: 2ms/97.9%, 5ms/99.1%, 10ms/99.5%, 20ms/99.7%, 50ms/99.9%, 100ms/99.9%
[133.846s][info][gc,marking  ] GC(201) Mark: 2 stripe(s), 1 proactive flush(es), 1 terminate flush(es), 0 completion(s), 0 continuation(s) 
[133.846s][info][gc,marking  ] GC(201) Mark Stack Usage: 32M
[133.846s][info][gc,nmethod  ] GC(201) NMethods: 3309 registered, 0 unregistered
[133.846s][info][gc,metaspace] GC(201) Metaspace: 15M used, 16M committed, 1088M reserved
[133.846s][info][gc,ref      ] GC(201) Soft: 392 encountered, 0 discovered, 0 enqueued
[133.846s][info][gc,ref      ] GC(201) Weak: 731 encountered, 438 discovered, 0 enqueued
[133.846s][info][gc,ref      ] GC(201) Final: 0 encountered, 0 discovered, 0 enqueued
[133.846s][info][gc,ref      ] GC(201) Phantom: 64 encountered, 50 discovered, 0 enqueued
[133.846s][info][gc,reloc    ] GC(201) Small Pages: 159 / 318M, Empty: 302M, Relocated: 1M, In-Place: 0
[133.846s][info][gc,reloc    ] GC(201) Medium Pages: 1 / 32M, Empty: 32M, Relocated: 0M, In-Place: 0
[133.846s][info][gc,reloc    ] GC(201) Large Pages: 12 / 72M, Empty: 72M, Relocated: 0M, In-Place: 0
[133.846s][info][gc,reloc    ] GC(201) Forwarding Usage: 0M
[133.846s][info][gc,heap     ] GC(201) Min Capacity: 2048M(100%)
[133.846s][info][gc,heap     ] GC(201) Max Capacity: 2048M(100%)
[133.846s][info][gc,heap     ] GC(201) Soft Max Capacity: 2048M(100%)
[133.846s][info][gc,heap     ] GC(201)                Mark Start          Mark End        Relocate Start      Relocate End           High               Low         
[133.846s][info][gc,heap     ] GC(201)  Capacity:     2048M (100%)       2048M (100%)       2048M (100%)       2048M (100%)       2048M (100%)       2048M (100%)   
[133.846s][info][gc,heap     ] GC(201)      Free:     1626M (79%)        1626M (79%)        2032M (99%)        2038M (100%)       2038M (100%)       1626M (79%)    
[133.846s][info][gc,heap     ] GC(201)      Used:      422M (21%)         422M (21%)          16M (1%)           10M (0%)          422M (21%)          10M (0%)     
[133.846s][info][gc,heap     ] GC(201)      Live:         -                 6M (0%)            6M (0%)            6M (0%)             -                  -          
[133.846s][info][gc,heap     ] GC(201) Allocated:         -                 0M (0%)            0M (0%)            0M (0%)             -                  -          
[133.846s][info][gc,heap     ] GC(201)   Garbage:         -               415M (20%)           9M (0%)            3M (0%)             -                  -          
[133.846s][info][gc,heap     ] GC(201) Reclaimed:         -                  -               406M (20%)         412M (20%)            -                  -          
[133.846s][info][gc          ] GC(201) Garbage Collection (System.gc()) 422M(21%)->10M(0%)
[134.713s][info][gc,start    ] GC(202) Garbage Collection (Allocation Rate)
[134.713s][info][gc,task     ] GC(202) Using 2 workers
[134.713s][info][gc,phases   ] GC(202) Pause Mark Start 0.011ms
[134.924s][info][gc          ] GC(202) Garbage Collection (Allocation Rate) Aborted
[134.924s][info][gc,heap,exit] Heap
[134.924s][info][gc,heap,exit]  ZHeap           used 1220M, capacity 2048M, max capacity 2048M
[134.924s][info][gc,heap,exit]  Metaspace       used 16129K, committed 16448K, reserved 1114112K
[134.924s][info][gc,heap,exit]   class space    used 2205K, committed 2368K, reserved 1048576K
