[0.008s][info][gc,init] Initializing The Z Garbage Collector
[0.008s][info][gc,init] Version: 17.0.12+7-adhoc..jdk17u (release)
[0.008s][info][gc,init] NUMA Support: Disabled
[0.008s][info][gc,init] CPUs: 6 total, 6 available
[0.008s][info][gc,init] Memory: 15591M
[0.008s][info][gc,init] Large Page Support: Disabled
[0.008s][info][gc,init] GC Workers: 2 (dynamic)
[0.009s][info][gc,init] Address Space Type: Contiguous/Unrestricted/Complete
[0.009s][info][gc,init] Address Space Size: 32768M x 3 = 98304M
[0.009s][info][gc,init] Min Capacity: 2048M
[0.009s][info][gc,init] Initial Capacity: 2048M
[0.009s][info][gc,init] Max Capacity: 2048M
[0.009s][info][gc,init] Medium Page Size: 32M
[0.009s][info][gc,init] Pre-touch: Disabled
[0.009s][info][gc,init] Uncommit: Implicitly Disabled (-Xms equals -Xmx)
[0.067s][info][gc,init] Runtime Workers: 4
[0.069s][info][gc     ] Using The Z Garbage Collector
[0.076s][info][gc,metaspace] CDS archive(s) mapped at: [0x0000028ab9000000-0x0000028ab9bc0000-0x0000028ab9bc0000), size 12320768, SharedBaseAddress: 0x0000028ab9000000, ArchiveRelocationMode: 1.
[0.076s][info][gc,metaspace] Compressed class space mapped at: 0x0000028aba000000-0x0000028afa000000, reserved size: 1073741824
[0.076s][info][gc,metaspace] Narrow klass base: 0x0000028ab9000000, Narrow klass shift: 0, Narrow klass range: 0x100000000
[0.704s][info][gc,start    ] GC(0) Garbage Collection (Warmup)
[0.704s][info][gc,task     ] GC(0) Using 2 workers
[0.705s][info][gc,phases   ] GC(0) Pause Mark Start 0.007ms
[0.720s][info][gc,phases   ] GC(0) Concurrent Mark 15.198ms
[0.720s][info][gc,phases   ] GC(0) Pause Mark End 0.023ms
[0.720s][info][gc,phases   ] GC(0) Concurrent Mark Free 0.001ms
[0.722s][info][gc,phases   ] GC(0) Concurrent Process Non-Strong References 1.288ms
[0.722s][info][gc,phases   ] GC(0) Concurrent Reset Relocation Set 0.005ms
[0.725s][info][gc,phases   ] GC(0) Concurrent Select Relocation Set 3.173ms
[0.725s][info][gc,phases   ] GC(0) Pause Relocate Start 0.006ms
[0.727s][info][gc,phases   ] GC(0) Concurrent Relocate 2.211ms
[0.727s][info][gc,load     ] GC(0) Load: 0.00/0.00/0.00
[0.727s][info][gc,mmu      ] GC(0) MMU: 2ms/98.9%, 5ms/99.4%, 10ms/99.7%, 20ms/99.8%, 50ms/99.9%, 100ms/100.0%
[0.727s][info][gc,marking  ] GC(0) Mark: 2 stripe(s), 2 proactive flush(es), 1 terminate flush(es), 0 completion(s), 0 continuation(s) 
[0.727s][info][gc,marking  ] GC(0) Mark Stack Usage: 32M
[0.727s][info][gc,nmethod  ] GC(0) NMethods: 999 registered, 0 unregistered
[0.727s][info][gc,metaspace] GC(0) Metaspace: 4M used, 4M committed, 1088M reserved
[0.727s][info][gc,ref      ] GC(0) Soft: 135 encountered, 0 discovered, 0 enqueued
[0.727s][info][gc,ref      ] GC(0) Weak: 364 encountered, 69 discovered, 64 enqueued
[0.727s][info][gc,ref      ] GC(0) Final: 3 encountered, 0 discovered, 0 enqueued
[0.727s][info][gc,ref      ] GC(0) Phantom: 109 encountered, 85 discovered, 46 enqueued
[0.727s][info][gc,reloc    ] GC(0) Small Pages: 90 / 180M, Empty: 0M, Relocated: 3M, In-Place: 0
[0.727s][info][gc,reloc    ] GC(0) Medium Pages: 1 / 32M, Empty: 0M, Relocated: 0M, In-Place: 0
[0.727s][info][gc,reloc    ] GC(0) Large Pages: 0 / 0M, Empty: 0M, Relocated: 0M, In-Place: 0
[0.727s][info][gc,reloc    ] GC(0) Forwarding Usage: 0M
[0.727s][info][gc,heap     ] GC(0) Min Capacity: 2048M(100%)
[0.727s][info][gc,heap     ] GC(0) Max Capacity: 2048M(100%)
[0.727s][info][gc,heap     ] GC(0) Soft Max Capacity: 2048M(100%)
[0.727s][info][gc,heap     ] GC(0)                Mark Start          Mark End        Relocate Start      Relocate End           High               Low         
[0.727s][info][gc,heap     ] GC(0)  Capacity:     2048M (100%)       2048M (100%)       2048M (100%)       2048M (100%)       2048M (100%)       2048M (100%)   
[0.728s][info][gc,heap     ] GC(0)      Free:     1836M (90%)        1834M (90%)        1834M (90%)        2008M (98%)        2008M (98%)        1830M (89%)    
[0.728s][info][gc,heap     ] GC(0)      Used:      212M (10%)         214M (10%)         214M (10%)          40M (2%)          218M (11%)          40M (2%)     
[0.728s][info][gc,heap     ] GC(0)      Live:         -                 5M (0%)            5M (0%)            5M (0%)             -                  -          
[0.728s][info][gc,heap     ] GC(0) Allocated:         -                 2M (0%)            2M (0%)            1M (0%)             -                  -          
[0.728s][info][gc,heap     ] GC(0)   Garbage:         -               206M (10%)         206M (10%)          32M (2%)             -                  -          
[0.728s][info][gc,heap     ] GC(0) Reclaimed:         -                  -                 0M (0%)          173M (8%)             -                  -          
[0.728s][info][gc          ] GC(0) Garbage Collection (Warmup) 212M(10%)->40M(2%)
[1.400s][info][gc,start    ] GC(1) Garbage Collection (Warmup)
[1.400s][info][gc,task     ] GC(1) Using 2 workers
[1.401s][info][gc,phases   ] GC(1) Pause Mark Start 0.006ms
[1.448s][info][gc,phases   ] GC(1) Concurrent Mark 47.284ms
[1.448s][info][gc,phases   ] GC(1) Pause Mark End 0.020ms
[1.448s][info][gc,phases   ] GC(1) Concurrent Mark Free 0.000ms
[1.450s][info][gc,phases   ] GC(1) Concurrent Process Non-Strong References 2.247ms
[1.451s][info][gc,phases   ] GC(1) Concurrent Reset Relocation Set 0.007ms
[1.454s][info][gc,phases   ] GC(1) Concurrent Select Relocation Set 3.762ms
[1.454s][info][gc,phases   ] GC(1) Pause Relocate Start 0.026ms
[1.469s][info][gc,phases   ] GC(1) Concurrent Relocate 14.171ms
[1.469s][info][gc,load     ] GC(1) Load: 0.00/0.00/0.00
[1.469s][info][gc,mmu      ] GC(1) MMU: 2ms/98.7%, 5ms/99.4%, 10ms/99.5%, 20ms/99.8%, 50ms/99.9%, 100ms/99.9%
[1.469s][info][gc,marking  ] GC(1) Mark: 2 stripe(s), 2 proactive flush(es), 1 terminate flush(es), 0 completion(s), 0 continuation(s) 
[1.469s][info][gc,marking  ] GC(1) Mark Stack Usage: 32M
[1.469s][info][gc,nmethod  ] GC(1) NMethods: 1802 registered, 0 unregistered
[1.469s][info][gc,metaspace] GC(1) Metaspace: 8M used, 9M committed, 1088M reserved
[1.469s][info][gc,ref      ] GC(1) Soft: 209 encountered, 0 discovered, 0 enqueued
[1.469s][info][gc,ref      ] GC(1) Weak: 1727 encountered, 1006 discovered, 43 enqueued
[1.469s][info][gc,ref      ] GC(1) Final: 3 encountered, 1 discovered, 0 enqueued
[1.469s][info][gc,ref      ] GC(1) Phantom: 116 encountered, 103 discovered, 32 enqueued
[1.469s][info][gc,reloc    ] GC(1) Small Pages: 218 / 436M, Empty: 32M, Relocated: 13M, In-Place: 0
[1.469s][info][gc,reloc    ] GC(1) Medium Pages: 2 / 64M, Empty: 0M, Relocated: 1M, In-Place: 0
[1.469s][info][gc,reloc    ] GC(1) Large Pages: 0 / 0M, Empty: 0M, Relocated: 0M, In-Place: 0
[1.469s][info][gc,reloc    ] GC(1) Forwarding Usage: 5M
[1.469s][info][gc,heap     ] GC(1) Min Capacity: 2048M(100%)
[1.469s][info][gc,heap     ] GC(1) Max Capacity: 2048M(100%)
[1.469s][info][gc,heap     ] GC(1) Soft Max Capacity: 2048M(100%)
[1.469s][info][gc,heap     ] GC(1)                Mark Start          Mark End        Relocate Start      Relocate End           High               Low         
[1.469s][info][gc,heap     ] GC(1)  Capacity:     2048M (100%)       2048M (100%)       2048M (100%)       2048M (100%)       2048M (100%)       2048M (100%)   
[1.469s][info][gc,heap     ] GC(1)      Free:     1548M (76%)        1508M (74%)        1534M (75%)        1884M (92%)        1884M (92%)        1468M (72%)    
[1.469s][info][gc,heap     ] GC(1)      Used:      500M (24%)         540M (26%)         514M (25%)         164M (8%)          580M (28%)         164M (8%)     
[1.469s][info][gc,heap     ] GC(1)      Live:         -                18M (1%)           18M (1%)           18M (1%)             -                  -          
[1.469s][info][gc,heap     ] GC(1) Allocated:         -                40M (2%)           46M (2%)          109M (5%)             -                  -          
[1.469s][info][gc,heap     ] GC(1)   Garbage:         -               481M (23%)         449M (22%)          35M (2%)             -                  -          
[1.469s][info][gc,heap     ] GC(1) Reclaimed:         -                  -                32M (2%)          445M (22%)            -                  -          
[1.469s][info][gc          ] GC(1) Garbage Collection (Warmup) 500M(24%)->164M(8%)
[2.223s][info][gc,start    ] GC(2) Garbage Collection (System.gc())
[2.223s][info][gc,task     ] GC(2) Using 2 workers
[2.223s][info][gc,phases   ] GC(2) Pause Mark Start 0.007ms
[2.272s][info][gc,phases   ] GC(2) Concurrent Mark 48.291ms
[2.272s][info][gc,phases   ] GC(2) Pause Mark End 0.023ms
[2.272s][info][gc,phases   ] GC(2) Concurrent Mark Free 0.001ms
[2.279s][info][gc,phases   ] GC(2) Concurrent Process Non-Strong References 6.766ms
[2.279s][info][gc,phases   ] GC(2) Concurrent Reset Relocation Set 0.018ms
[2.281s][info][gc,phases   ] GC(2) Concurrent Select Relocation Set 1.740ms
[2.281s][info][gc,phases   ] GC(2) Pause Relocate Start 0.034ms
[2.287s][info][gc,phases   ] GC(2) Concurrent Relocate 6.553ms
[2.288s][info][gc,load     ] GC(2) Load: 0.00/0.00/0.00
[2.288s][info][gc,mmu      ] GC(2) MMU: 2ms/98.3%, 5ms/99.3%, 10ms/99.4%, 20ms/99.7%, 50ms/99.9%, 100ms/99.9%
[2.288s][info][gc,marking  ] GC(2) Mark: 2 stripe(s), 1 proactive flush(es), 1 terminate flush(es), 0 completion(s), 0 continuation(s) 
[2.288s][info][gc,marking  ] GC(2) Mark Stack Usage: 32M
[2.288s][info][gc,nmethod  ] GC(2) NMethods: 2636 registered, 0 unregistered
[2.288s][info][gc,metaspace] GC(2) Metaspace: 17M used, 17M committed, 1088M reserved
[2.288s][info][gc,ref      ] GC(2) Soft: 3388 encountered, 0 discovered, 0 enqueued
[2.288s][info][gc,ref      ] GC(2) Weak: 4380 encountered, 827 discovered, 50 enqueued
[2.288s][info][gc,ref      ] GC(2) Final: 26 encountered, 20 discovered, 20 enqueued
[2.288s][info][gc,ref      ] GC(2) Phantom: 120 encountered, 98 discovered, 33 enqueued
[2.288s][info][gc,reloc    ] GC(2) Small Pages: 112 / 224M, Empty: 88M, Relocated: 10M, In-Place: 0
[2.288s][info][gc,reloc    ] GC(2) Medium Pages: 2 / 64M, Empty: 32M, Relocated: 0M, In-Place: 0
[2.288s][info][gc,reloc    ] GC(2) Large Pages: 0 / 0M, Empty: 0M, Relocated: 0M, In-Place: 0
[2.288s][info][gc,reloc    ] GC(2) Forwarding Usage: 4M
[2.288s][info][gc,heap     ] GC(2) Min Capacity: 2048M(100%)
[2.288s][info][gc,heap     ] GC(2) Max Capacity: 2048M(100%)
[2.288s][info][gc,heap     ] GC(2) Soft Max Capacity: 2048M(100%)
[2.288s][info][gc,heap     ] GC(2)                Mark Start          Mark End        Relocate Start      Relocate End           High               Low         
[2.288s][info][gc,heap     ] GC(2)  Capacity:     2048M (100%)       2048M (100%)       2048M (100%)       2048M (100%)       2048M (100%)       2048M (100%)   
[2.288s][info][gc,heap     ] GC(2)      Free:     1760M (86%)        1760M (86%)        1878M (92%)        1978M (97%)        1978M (97%)        1758M (86%)    
[2.288s][info][gc,heap     ] GC(2)      Used:      288M (14%)         288M (14%)         170M (8%)           70M (3%)          290M (14%)          70M (3%)     
[2.288s][info][gc,heap     ] GC(2)      Live:         -                26M (1%)           26M (1%)           26M (1%)             -                  -          
[2.288s][info][gc,heap     ] GC(2) Allocated:         -                 0M (0%)            2M (0%)            9M (0%)             -                  -          
[2.288s][info][gc,heap     ] GC(2)   Garbage:         -               261M (13%)         141M (7%)           33M (2%)             -                  -          
[2.288s][info][gc,heap     ] GC(2) Reclaimed:         -                  -               120M (6%)          227M (11%)            -                  -          
[2.288s][info][gc          ] GC(2) Garbage Collection (System.gc()) 288M(14%)->70M(3%)
[3.595s][info][gc,start    ] GC(3) Garbage Collection (Metadata GC Threshold)
[3.595s][info][gc,task     ] GC(3) Using 2 workers
[3.595s][info][gc,phases   ] GC(3) Pause Mark Start 0.008ms
[3.635s][info][gc,phases   ] GC(3) Concurrent Mark 39.174ms
[3.635s][info][gc,phases   ] GC(3) Pause Mark End 0.008ms
[3.635s][info][gc,phases   ] GC(3) Concurrent Mark Free 0.001ms
[3.647s][info][gc,phases   ] GC(3) Concurrent Process Non-Strong References 12.205ms
[3.647s][info][gc,phases   ] GC(3) Concurrent Reset Relocation Set 0.005ms
[3.649s][info][gc,phases   ] GC(3) Concurrent Select Relocation Set 1.881ms
[3.649s][info][gc,phases   ] GC(3) Pause Relocate Start 0.007ms
[3.653s][info][gc,phases   ] GC(3) Concurrent Relocate 3.665ms
[3.653s][info][gc,load     ] GC(3) Load: 0.00/0.00/0.00
[3.653s][info][gc,mmu      ] GC(3) MMU: 2ms/98.3%, 5ms/99.3%, 10ms/99.4%, 20ms/99.7%, 50ms/99.9%, 100ms/99.9%
[3.653s][info][gc,marking  ] GC(3) Mark: 2 stripe(s), 2 proactive flush(es), 1 terminate flush(es), 0 completion(s), 0 continuation(s) 
[3.653s][info][gc,marking  ] GC(3) Mark Stack Usage: 32M
[3.653s][info][gc,nmethod  ] GC(3) NMethods: 3383 registered, 599 unregistered
[3.653s][info][gc,metaspace] GC(3) Metaspace: 30M used, 30M committed, 1088M reserved
[3.653s][info][gc,ref      ] GC(3) Soft: 3631 encountered, 0 discovered, 0 enqueued
[3.653s][info][gc,ref      ] GC(3) Weak: 7128 encountered, 4382 discovered, 13 enqueued
[3.653s][info][gc,ref      ] GC(3) Final: 19 encountered, 13 discovered, 13 enqueued
[3.653s][info][gc,ref      ] GC(3) Phantom: 91 encountered, 77 discovered, 4 enqueued
[3.653s][info][gc,reloc    ] GC(3) Small Pages: 201 / 402M, Empty: 240M, Relocated: 6M, In-Place: 0
[3.653s][info][gc,reloc    ] GC(3) Medium Pages: 2 / 64M, Empty: 32M, Relocated: 0M, In-Place: 0
[3.653s][info][gc,reloc    ] GC(3) Large Pages: 0 / 0M, Empty: 0M, Relocated: 0M, In-Place: 0
[3.653s][info][gc,reloc    ] GC(3) Forwarding Usage: 2M
[3.653s][info][gc,heap     ] GC(3) Min Capacity: 2048M(100%)
[3.653s][info][gc,heap     ] GC(3) Max Capacity: 2048M(100%)
[3.653s][info][gc,heap     ] GC(3) Soft Max Capacity: 2048M(100%)
[3.653s][info][gc,heap     ] GC(3)                Mark Start          Mark End        Relocate Start      Relocate End           High               Low         
[3.653s][info][gc,heap     ] GC(3)  Capacity:     2048M (100%)       2048M (100%)       2048M (100%)       2048M (100%)       2048M (100%)       2048M (100%)   
[3.653s][info][gc,heap     ] GC(3)      Free:     1582M (77%)        1578M (77%)        1846M (90%)        1974M (96%)        1974M (96%)        1576M (77%)    
[3.653s][info][gc,heap     ] GC(3)      Used:      466M (23%)         470M (23%)         202M (10%)          74M (4%)          472M (23%)          74M (4%)     
[3.653s][info][gc,heap     ] GC(3)      Live:         -                31M (2%)           31M (2%)           31M (2%)             -                  -          
[3.653s][info][gc,heap     ] GC(3) Allocated:         -                 4M (0%)            8M (0%)            7M (0%)             -                  -          
[3.653s][info][gc,heap     ] GC(3)   Garbage:         -               434M (21%)         162M (8%)           34M (2%)             -                  -          
[3.653s][info][gc,heap     ] GC(3) Reclaimed:         -                  -               272M (13%)         399M (20%)            -                  -          
[3.653s][info][gc          ] GC(3) Garbage Collection (Metadata GC Threshold) 466M(23%)->74M(4%)
[4.797s][info][gc,start    ] GC(4) Garbage Collection (Warmup)
[4.797s][info][gc,task     ] GC(4) Using 2 workers
[4.797s][info][gc,phases   ] GC(4) Pause Mark Start 0.015ms
[4.829s][info][gc,phases   ] GC(4) Concurrent Mark 31.836ms
[4.829s][info][gc,phases   ] GC(4) Pause Mark End 0.013ms
[4.829s][info][gc,phases   ] GC(4) Concurrent Mark Free 0.001ms
[4.839s][info][gc,phases   ] GC(4) Concurrent Process Non-Strong References 10.008ms
[4.839s][info][gc,phases   ] GC(4) Concurrent Reset Relocation Set 0.008ms
[4.841s][info][gc,phases   ] GC(4) Concurrent Select Relocation Set 1.642ms
[4.841s][info][gc,phases   ] GC(4) Pause Relocate Start 0.011ms
[4.843s][info][gc,phases   ] GC(4) Concurrent Relocate 1.880ms
[4.843s][info][gc,load     ] GC(4) Load: 0.00/0.00/0.00
[4.843s][info][gc,mmu      ] GC(4) MMU: 2ms/98.3%, 5ms/99.3%, 10ms/99.4%, 20ms/99.7%, 50ms/99.9%, 100ms/99.9%
[4.843s][info][gc,marking  ] GC(4) Mark: 2 stripe(s), 2 proactive flush(es), 1 terminate flush(es), 0 completion(s), 0 continuation(s) 
[4.843s][info][gc,marking  ] GC(4) Mark Stack Usage: 32M
[4.843s][info][gc,nmethod  ] GC(4) NMethods: 3832 registered, 600 unregistered
[4.843s][info][gc,metaspace] GC(4) Metaspace: 32M used, 32M committed, 1088M reserved
[4.843s][info][gc,ref      ] GC(4) Soft: 3765 encountered, 0 discovered, 0 enqueued
[4.843s][info][gc,ref      ] GC(4) Weak: 7494 encountered, 1589 discovered, 21 enqueued
[4.843s][info][gc,ref      ] GC(4) Final: 38 encountered, 10 discovered, 7 enqueued
[4.844s][info][gc,ref      ] GC(4) Phantom: 109 encountered, 88 discovered, 21 enqueued
[4.844s][info][gc,reloc    ] GC(4) Small Pages: 323 / 646M, Empty: 552M, Relocated: 3M, In-Place: 0
[4.844s][info][gc,reloc    ] GC(4) Medium Pages: 1 / 32M, Empty: 0M, Relocated: 0M, In-Place: 0
[4.844s][info][gc,reloc    ] GC(4) Large Pages: 0 / 0M, Empty: 0M, Relocated: 0M, In-Place: 0
[4.844s][info][gc,reloc    ] GC(4) Forwarding Usage: 1M
[4.844s][info][gc,heap     ] GC(4) Min Capacity: 2048M(100%)
[4.844s][info][gc,heap     ] GC(4) Max Capacity: 2048M(100%)
[4.844s][info][gc,heap     ] GC(4) Soft Max Capacity: 2048M(100%)
[4.844s][info][gc,heap     ] GC(4)                Mark Start          Mark End        Relocate Start      Relocate End           High               Low         
[4.844s][info][gc,heap     ] GC(4)  Capacity:     2048M (100%)       2048M (100%)       2048M (100%)       2048M (100%)       2048M (100%)       2048M (100%)   
[4.844s][info][gc,heap     ] GC(4)      Free:     1370M (67%)        1318M (64%)        1846M (90%)        1896M (93%)        1896M (93%)        1298M (63%)    
[4.844s][info][gc,heap     ] GC(4)      Used:      678M (33%)         730M (36%)         202M (10%)         152M (7%)          750M (37%)         152M (7%)     
[4.844s][info][gc,heap     ] GC(4)      Live:         -                33M (2%)           33M (2%)           33M (2%)             -                  -          
[4.844s][info][gc,heap     ] GC(4) Allocated:         -                52M (3%)           76M (4%)           81M (4%)             -                  -          
[4.844s][info][gc,heap     ] GC(4)   Garbage:         -               644M (31%)          92M (4%)           36M (2%)             -                  -          
[4.844s][info][gc,heap     ] GC(4) Reclaimed:         -                  -               552M (27%)         607M (30%)            -                  -          
[4.844s][info][gc          ] GC(4) Garbage Collection (Warmup) 678M(33%)->152M(7%)
[8.489s][info][gc,start    ] GC(5) Garbage Collection (Allocation Rate)
[8.489s][info][gc,task     ] GC(5) Using 1 workers
[8.489s][info][gc,phases   ] GC(5) Pause Mark Start 0.014ms
[8.647s][info][gc,phases   ] GC(5) Concurrent Mark 157.696ms
[8.647s][info][gc,phases   ] GC(5) Pause Mark End 0.017ms
[8.647s][info][gc,phases   ] GC(5) Concurrent Mark Free 0.001ms
[8.659s][info][gc,phases   ] GC(5) Concurrent Process Non-Strong References 12.445ms
[8.659s][info][gc,phases   ] GC(5) Concurrent Reset Relocation Set 0.003ms
[8.666s][info][gc,phases   ] GC(5) Concurrent Select Relocation Set 6.009ms
[8.666s][info][gc,phases   ] GC(5) Pause Relocate Start 0.013ms
[8.701s][info][gc,phases   ] GC(5) Concurrent Relocate 34.700ms
[8.701s][info][gc,load     ] GC(5) Load: 0.00/0.00/0.00
[8.701s][info][gc,mmu      ] GC(5) MMU: 2ms/98.3%, 5ms/99.3%, 10ms/99.4%, 20ms/99.7%, 50ms/99.9%, 100ms/99.9%
[8.701s][info][gc,marking  ] GC(5) Mark: 1 stripe(s), 2 proactive flush(es), 1 terminate flush(es), 0 completion(s), 0 continuation(s) 
[8.701s][info][gc,marking  ] GC(5) Mark Stack Usage: 32M
[8.701s][info][gc,nmethod  ] GC(5) NMethods: 4517 registered, 0 unregistered
[8.701s][info][gc,metaspace] GC(5) Metaspace: 33M used, 34M committed, 1088M reserved
[8.701s][info][gc,ref      ] GC(5) Soft: 3783 encountered, 0 discovered, 0 enqueued
[8.701s][info][gc,ref      ] GC(5) Weak: 7574 encountered, 848 discovered, 8 enqueued
[8.701s][info][gc,ref      ] GC(5) Final: 25031 encountered, 25004 discovered, 25000 enqueued
[8.701s][info][gc,ref      ] GC(5) Phantom: 91 encountered, 59 discovered, 1 enqueued
[8.701s][info][gc,reloc    ] GC(5) Small Pages: 918 / 1836M, Empty: 1472M, Relocated: 25M, In-Place: 0
[8.701s][info][gc,reloc    ] GC(5) Medium Pages: 1 / 32M, Empty: 0M, Relocated: 0M, In-Place: 0
[8.701s][info][gc,reloc    ] GC(5) Large Pages: 0 / 0M, Empty: 0M, Relocated: 0M, In-Place: 0
[8.701s][info][gc,reloc    ] GC(5) Forwarding Usage: 13M
[8.701s][info][gc,heap     ] GC(5) Min Capacity: 2048M(100%)
[8.701s][info][gc,heap     ] GC(5) Max Capacity: 2048M(100%)
[8.701s][info][gc,heap     ] GC(5) Soft Max Capacity: 2048M(100%)
[8.701s][info][gc,heap     ] GC(5)                Mark Start          Mark End        Relocate Start      Relocate End           High               Low         
[8.701s][info][gc,heap     ] GC(5)  Capacity:     2048M (100%)       2048M (100%)       2048M (100%)       2048M (100%)       2048M (100%)       2048M (100%)   
[8.701s][info][gc,heap     ] GC(5)      Free:      180M (9%)          106M (5%)         1566M (76%)        1844M (90%)        1844M (90%)          98M (5%)     
[8.701s][info][gc,heap     ] GC(5)      Used:     1868M (91%)        1942M (95%)         482M (24%)         204M (10%)        1950M (95%)         204M (10%)    
[8.701s][info][gc,heap     ] GC(5)      Live:         -                58M (3%)           58M (3%)           58M (3%)             -                  -          
[8.701s][info][gc,heap     ] GC(5) Allocated:         -                74M (4%)           86M (4%)          110M (5%)             -                  -          
[8.701s][info][gc,heap     ] GC(5)   Garbage:         -              1809M (88%)         337M (16%)          35M (2%)             -                  -          
[8.701s][info][gc,heap     ] GC(5) Reclaimed:         -                  -              1472M (72%)        1774M (87%)            -                  -          
[8.701s][info][gc          ] GC(5) Garbage Collection (Allocation Rate) 1868M(91%)->204M(10%)
[9.604s][info][gc,start    ] GC(6) Garbage Collection (Allocation Rate)
[9.604s][info][gc,task     ] GC(6) Using 1 workers
[9.604s][info][gc,phases   ] GC(6) Pause Mark Start 0.009ms
[9.645s][info][gc,phases   ] GC(6) Concurrent Mark 41.395ms
[9.646s][info][gc,phases   ] GC(6) Pause Mark End 0.016ms
[9.646s][info][gc,phases   ] GC(6) Concurrent Mark Free 0.001ms
[9.654s][info][gc,phases   ] GC(6) Concurrent Process Non-Strong References 8.499ms
[9.654s][info][gc,phases   ] GC(6) Concurrent Reset Relocation Set 0.014ms
[9.657s][info][gc,phases   ] GC(6) Concurrent Select Relocation Set 3.050ms
[9.657s][info][gc,phases   ] GC(6) Pause Relocate Start 0.013ms
[9.660s][info][gc,phases   ] GC(6) Concurrent Relocate 1.935ms
[9.660s][info][gc,load     ] GC(6) Load: 0.00/0.00/0.00
[9.660s][info][gc,mmu      ] GC(6) MMU: 2ms/98.3%, 5ms/99.3%, 10ms/99.4%, 20ms/99.7%, 50ms/99.9%, 100ms/99.9%
[9.660s][info][gc,marking  ] GC(6) Mark: 1 stripe(s), 2 proactive flush(es), 1 terminate flush(es), 0 completion(s), 0 continuation(s) 
[9.660s][info][gc,marking  ] GC(6) Mark Stack Usage: 32M
[9.660s][info][gc,nmethod  ] GC(6) NMethods: 4503 registered, 28 unregistered
[9.660s][info][gc,metaspace] GC(6) Metaspace: 33M used, 34M committed, 1088M reserved
[9.660s][info][gc,ref      ] GC(6) Soft: 3783 encountered, 0 discovered, 0 enqueued
[9.660s][info][gc,ref      ] GC(6) Weak: 7583 encountered, 845 discovered, 5 enqueued
[9.660s][info][gc,ref      ] GC(6) Final: 31 encountered, 4 discovered, 0 enqueued
[9.660s][info][gc,ref      ] GC(6) Phantom: 90 encountered, 58 discovered, 0 enqueued
[9.660s][info][gc,reloc    ] GC(6) Small Pages: 560 / 1120M, Empty: 1030M, Relocated: 1M, In-Place: 0
[9.660s][info][gc,reloc    ] GC(6) Medium Pages: 1 / 32M, Empty: 0M, Relocated: 0M, In-Place: 0
[9.660s][info][gc,reloc    ] GC(6) Large Pages: 0 / 0M, Empty: 0M, Relocated: 0M, In-Place: 0
[9.660s][info][gc,reloc    ] GC(6) Forwarding Usage: 0M
[9.660s][info][gc,heap     ] GC(6) Min Capacity: 2048M(100%)
[9.660s][info][gc,heap     ] GC(6) Max Capacity: 2048M(100%)
[9.660s][info][gc,heap     ] GC(6) Soft Max Capacity: 2048M(100%)
[9.660s][info][gc,heap     ] GC(6)                Mark Start          Mark End        Relocate Start      Relocate End           High               Low         
[9.660s][info][gc,heap     ] GC(6)  Capacity:     2048M (100%)       2048M (100%)       2048M (100%)       2048M (100%)       2048M (100%)       2048M (100%)   
[9.660s][info][gc,heap     ] GC(6)      Free:      896M (44%)         894M (44%)        1924M (94%)        1976M (96%)        1976M (96%)         894M (44%)    
[9.660s][info][gc,heap     ] GC(6)      Used:     1152M (56%)        1154M (56%)         124M (6%)           72M (4%)         1154M (56%)          72M (4%)     
[9.660s][info][gc,heap     ] GC(6)      Live:         -                34M (2%)           34M (2%)           34M (2%)             -                  -          
[9.660s][info][gc,heap     ] GC(6) Allocated:         -                 2M (0%)            2M (0%)            3M (0%)             -                  -          
[9.660s][info][gc,heap     ] GC(6)   Garbage:         -              1117M (55%)          87M (4%)           33M (2%)             -                  -          
[9.660s][info][gc,heap     ] GC(6) Reclaimed:         -                  -              1030M (50%)        1083M (53%)            -                  -          
[9.660s][info][gc          ] GC(6) Garbage Collection (Allocation Rate) 1152M(56%)->72M(4%)
[10.098s][info][gc,stats    ] === Garbage Collection Statistics =======================================================================================================================
[10.098s][info][gc,stats    ]                                                              Last 10s              Last 10m              Last 10h                Total
[10.098s][info][gc,stats    ]                                                              Avg / Max             Avg / Max             Avg / Max             Avg / Max
[10.098s][info][gc,stats    ]   Collector: Garbage Collection Cycle                     75.459 / 212.064      75.459 / 212.064      75.459 / 212.064      75.459 / 212.064     ms
[10.098s][info][gc,stats    ]  Contention: Mark Segment Reset Contention                     0 / 0                 0 / 0                 0 / 0                 0 / 0           ops/s
[10.098s][info][gc,stats    ]  Contention: Mark SeqNum Reset Contention                      0 / 0                 0 / 0                 0 / 0                 0 / 0           ops/s
[10.098s][info][gc,stats    ]    Critical: Allocation Stall                                  0 / 0                 0 / 0                 0 / 0                 0 / 0           ops/s
[10.098s][info][gc,stats    ]    Critical: Allocation Stall                              0.000 / 0.000         0.000 / 0.000         0.000 / 0.000         0.000 / 0.000       ms
[10.098s][info][gc,stats    ]    Critical: GC Locker Stall                                   0 / 0                 0 / 0                 0 / 0                 0 / 0           ops/s
[10.098s][info][gc,stats    ]    Critical: GC Locker Stall                               0.000 / 0.000         0.000 / 0.000         0.000 / 0.000         0.000 / 0.000       ms
[10.098s][info][gc,stats    ]    Critical: Relocation Stall                                  0 / 0                 0 / 0                 0 / 0                 0 / 0           ops/s
[10.098s][info][gc,stats    ]    Critical: Relocation Stall                              0.000 / 0.000         0.000 / 0.000         0.000 / 0.000         0.000 / 0.000       ms
[10.098s][info][gc,stats    ]      Memory: Allocation Rate                                 498 / 944             498 / 944             498 / 944             498 / 944         MB/s
[10.098s][info][gc,stats    ]      Memory: Out Of Memory                                     0 / 0                 0 / 0                 0 / 0                 0 / 0           ops/s
[10.098s][info][gc,stats    ]      Memory: Page Cache Flush                                  0 / 0                 0 / 0                 0 / 0                 0 / 0           MB/s
[10.098s][info][gc,stats    ]      Memory: Page Cache Hit L1                               150 / 450             150 / 450             150 / 450             150 / 450         ops/s
[10.098s][info][gc,stats    ]      Memory: Page Cache Hit L2                                 0 / 0                 0 / 0                 0 / 0                 0 / 0           ops/s
[10.098s][info][gc,stats    ]      Memory: Page Cache Hit L3                                96 / 223              96 / 223              96 / 223              96 / 223         ops/s
[10.098s][info][gc,stats    ]      Memory: Page Cache Miss                                   0 / 1                 0 / 1                 0 / 1                 0 / 1           ops/s
[10.098s][info][gc,stats    ]      Memory: Uncommit                                          0 / 0                 0 / 0                 0 / 0                 0 / 0           MB/s
[10.098s][info][gc,stats    ]      Memory: Undo Object Allocation Failed                     0 / 0                 0 / 0                 0 / 0                 0 / 0           ops/s
[10.098s][info][gc,stats    ]      Memory: Undo Object Allocation Succeeded                  0 / 1                 0 / 1                 0 / 1                 0 / 1           ops/s
[10.098s][info][gc,stats    ]      Memory: Undo Page Allocation                              0 / 0                 0 / 0                 0 / 0                 0 / 0           ops/s
[10.098s][info][gc,stats    ]       Phase: Concurrent Mark                              54.411 / 157.696      54.411 / 157.696      54.411 / 157.696      54.411 / 157.696     ms
[10.098s][info][gc,stats    ]       Phase: Concurrent Mark Continue                      0.000 / 0.000         0.000 / 0.000         0.000 / 0.000         0.000 / 0.000       ms
[10.098s][info][gc,stats    ]       Phase: Concurrent Mark Free                          0.001 / 0.001         0.001 / 0.001         0.001 / 0.001         0.001 / 0.001       ms
[10.098s][info][gc,stats    ]       Phase: Concurrent Process Non-Strong References      7.637 / 12.445        7.637 / 12.445        7.637 / 12.445        7.637 / 12.445      ms
[10.098s][info][gc,stats    ]       Phase: Concurrent Relocate                           9.302 / 34.700        9.302 / 34.700        9.302 / 34.700        9.302 / 34.700      ms
[10.099s][info][gc,stats    ]       Phase: Concurrent Reset Relocation Set               0.009 / 0.018         0.009 / 0.018         0.009 / 0.018         0.009 / 0.018       ms
[10.099s][info][gc,stats    ]       Phase: Concurrent Select Relocation Set              3.037 / 6.009         3.037 / 6.009         3.037 / 6.009         3.037 / 6.009       ms
[10.099s][info][gc,stats    ]       Phase: Pause Mark End                                0.017 / 0.023         0.017 / 0.023         0.017 / 0.023         0.017 / 0.023       ms
[10.099s][info][gc,stats    ]       Phase: Pause Mark Start                              0.009 / 0.015         0.009 / 0.015         0.009 / 0.015         0.009 / 0.015       ms
[10.099s][info][gc,stats    ]       Phase: Pause Relocate Start                          0.016 / 0.034         0.016 / 0.034         0.016 / 0.034         0.016 / 0.034       ms
[10.099s][info][gc,stats    ]    Subphase: Concurrent Classes Purge                      0.196 / 0.307         0.196 / 0.307         0.196 / 0.307         0.196 / 0.307       ms
[10.099s][info][gc,stats    ]    Subphase: Concurrent Classes Unlink                     5.903 / 10.583        5.903 / 10.583        5.903 / 10.583        5.903 / 10.583      ms
[10.099s][info][gc,stats    ]    Subphase: Concurrent Mark                              43.742 / 156.558      43.742 / 156.558      43.742 / 156.558      43.742 / 156.558     ms
[10.099s][info][gc,stats    ]    Subphase: Concurrent Mark Try Flush                     0.091 / 0.231         0.091 / 0.231         0.091 / 0.231         0.091 / 0.231       ms
[10.099s][info][gc,stats    ]    Subphase: Concurrent Mark Try Terminate                 1.706 / 12.164        1.706 / 12.164        1.706 / 12.164        1.706 / 12.164      ms
[10.099s][info][gc,stats    ]    Subphase: Concurrent References Enqueue                 0.006 / 0.009         0.006 / 0.009         0.006 / 0.009         0.006 / 0.009       ms
[10.099s][info][gc,stats    ]    Subphase: Concurrent References Process                 0.614 / 3.191         0.614 / 3.191         0.614 / 3.191         0.614 / 3.191       ms
[10.099s][info][gc,stats    ]    Subphase: Concurrent Roots ClassLoaderDataGraph         0.101 / 0.342         0.101 / 0.342         0.101 / 0.342         0.101 / 0.342       ms
[10.099s][info][gc,stats    ]    Subphase: Concurrent Roots CodeCache                    0.000 / 0.000         0.000 / 0.000         0.000 / 0.000         0.000 / 0.000       ms
[10.099s][info][gc,stats    ]    Subphase: Concurrent Roots JavaThreads                  0.739 / 3.530         0.739 / 3.530         0.739 / 3.530         0.739 / 3.530       ms
[10.099s][info][gc,stats    ]    Subphase: Concurrent Roots OopStorageSet                0.019 / 0.030         0.019 / 0.030         0.019 / 0.030         0.019 / 0.030       ms
[10.099s][info][gc,stats    ]    Subphase: Concurrent Weak Roots OopStorageSet           0.702 / 1.149         0.702 / 1.149         0.702 / 1.149         0.702 / 1.149       ms
[10.099s][info][gc,stats    ]    Subphase: Pause Mark Try Complete                       0.000 / 0.000         0.000 / 0.000         0.000 / 0.000         0.000 / 0.000       ms
[10.099s][info][gc,stats    ]      System: Java Threads                                     12 / 13               12 / 13               12 / 13               12 / 13          threads
[10.099s][info][gc,stats    ] =========================================================================================================================================================
[11.900s][info][gc,start    ] GC(7) Garbage Collection (Allocation Rate)
[11.900s][info][gc,task     ] GC(7) Using 1 workers
[11.900s][info][gc,phases   ] GC(7) Pause Mark Start 0.010ms
[12.050s][info][gc,phases   ] GC(7) Concurrent Mark 149.876ms
[12.050s][info][gc,phases   ] GC(7) Pause Mark End 0.013ms
[12.050s][info][gc,phases   ] GC(7) Concurrent Mark Free 0.001ms
[12.062s][info][gc,phases   ] GC(7) Concurrent Process Non-Strong References 11.808ms
[12.062s][info][gc,phases   ] GC(7) Concurrent Reset Relocation Set 0.003ms
[12.067s][info][gc,phases   ] GC(7) Concurrent Select Relocation Set 4.462ms
[12.067s][info][gc,phases   ] GC(7) Pause Relocate Start 0.018ms
[12.100s][info][gc,phases   ] GC(7) Concurrent Relocate 33.028ms
[12.100s][info][gc,load     ] GC(7) Load: 0.00/0.00/0.00
[12.100s][info][gc,mmu      ] GC(7) MMU: 2ms/98.3%, 5ms/99.3%, 10ms/99.4%, 20ms/99.7%, 50ms/99.9%, 100ms/99.9%
[12.100s][info][gc,marking  ] GC(7) Mark: 1 stripe(s), 2 proactive flush(es), 1 terminate flush(es), 0 completion(s), 0 continuation(s) 
[12.100s][info][gc,marking  ] GC(7) Mark Stack Usage: 32M
[12.100s][info][gc,nmethod  ] GC(7) NMethods: 4533 registered, 28 unregistered
[12.100s][info][gc,metaspace] GC(7) Metaspace: 33M used, 34M committed, 1088M reserved
[12.100s][info][gc,ref      ] GC(7) Soft: 3783 encountered, 0 discovered, 0 enqueued
[12.100s][info][gc,ref      ] GC(7) Weak: 7576 encountered, 840 discovered, 0 enqueued
[12.100s][info][gc,ref      ] GC(7) Final: 25031 encountered, 25004 discovered, 25000 enqueued
[12.100s][info][gc,ref      ] GC(7) Phantom: 90 encountered, 58 discovered, 0 enqueued
[12.100s][info][gc,reloc    ] GC(7) Small Pages: 649 / 1298M, Empty: 980M, Relocated: 24M, In-Place: 0
[12.100s][info][gc,reloc    ] GC(7) Medium Pages: 1 / 32M, Empty: 0M, Relocated: 0M, In-Place: 0
[12.100s][info][gc,reloc    ] GC(7) Large Pages: 0 / 0M, Empty: 0M, Relocated: 0M, In-Place: 0
[12.100s][info][gc,reloc    ] GC(7) Forwarding Usage: 13M
[12.100s][info][gc,heap     ] GC(7) Min Capacity: 2048M(100%)
[12.100s][info][gc,heap     ] GC(7) Max Capacity: 2048M(100%)
[12.100s][info][gc,heap     ] GC(7) Soft Max Capacity: 2048M(100%)
[12.100s][info][gc,heap     ] GC(7)                Mark Start          Mark End        Relocate Start      Relocate End           High               Low         
[12.100s][info][gc,heap     ] GC(7)  Capacity:     2048M (100%)       2048M (100%)       2048M (100%)       2048M (100%)       2048M (100%)       2048M (100%)   
[12.100s][info][gc,heap     ] GC(7)      Free:      718M (35%)         664M (32%)        1642M (80%)        1896M (93%)        1896M (93%)         664M (32%)    
[12.100s][info][gc,heap     ] GC(7)      Used:     1330M (65%)        1384M (68%)         406M (20%)         152M (7%)         1384M (68%)         152M (7%)     
[12.100s][info][gc,heap     ] GC(7)      Live:         -                58M (3%)           58M (3%)           58M (3%)             -                  -          
[12.100s][info][gc,heap     ] GC(7) Allocated:         -                54M (3%)           56M (3%)           59M (3%)             -                  -          
[12.100s][info][gc,heap     ] GC(7)   Garbage:         -              1271M (62%)         291M (14%)          33M (2%)             -                  -          
[12.100s][info][gc,heap     ] GC(7) Reclaimed:         -                  -               980M (48%)        1237M (60%)            -                  -          
[12.100s][info][gc          ] GC(7) Garbage Collection (Allocation Rate) 1330M(65%)->152M(7%)
[12.100s][info][gc,start    ] GC(8) Garbage Collection (System.gc())
[12.100s][info][gc,task     ] GC(8) Using 2 workers
[12.101s][info][gc,phases   ] GC(8) Pause Mark Start 0.009ms
[12.138s][info][gc,phases   ] GC(8) Concurrent Mark 37.461ms
[12.138s][info][gc,phases   ] GC(8) Pause Mark End 0.023ms
[12.138s][info][gc,phases   ] GC(8) Concurrent Mark Free 0.002ms
[12.145s][info][gc,phases   ] GC(8) Concurrent Process Non-Strong References 6.460ms
[12.145s][info][gc,phases   ] GC(8) Concurrent Reset Relocation Set 0.016ms
[12.148s][info][gc,phases   ] GC(8) Concurrent Select Relocation Set 2.521ms
[12.148s][info][gc,phases   ] GC(8) Pause Relocate Start 0.015ms
[12.149s][info][gc,phases   ] GC(8) Concurrent Relocate 1.062ms
[12.149s][info][gc,load     ] GC(8) Load: 0.00/0.00/0.00
[12.149s][info][gc,mmu      ] GC(8) MMU: 2ms/98.3%, 5ms/99.3%, 10ms/99.4%, 20ms/99.7%, 50ms/99.9%, 100ms/99.9%
[12.149s][info][gc,marking  ] GC(8) Mark: 2 stripe(s), 2 proactive flush(es), 1 terminate flush(es), 0 completion(s), 0 continuation(s) 
[12.149s][info][gc,marking  ] GC(8) Mark Stack Usage: 32M
[12.149s][info][gc,nmethod  ] GC(8) NMethods: 4533 registered, 28 unregistered
[12.149s][info][gc,metaspace] GC(8) Metaspace: 33M used, 34M committed, 1088M reserved
[12.149s][info][gc,ref      ] GC(8) Soft: 3783 encountered, 0 discovered, 0 enqueued
[12.149s][info][gc,ref      ] GC(8) Weak: 7576 encountered, 2106 discovered, 0 enqueued
[12.149s][info][gc,ref      ] GC(8) Final: 31 encountered, 1 discovered, 0 enqueued
[12.149s][info][gc,ref      ] GC(8) Phantom: 88 encountered, 70 discovered, 0 enqueued
[12.149s][info][gc,reloc    ] GC(8) Small Pages: 60 / 120M, Empty: 76M, Relocated: 1M, In-Place: 0
[12.149s][info][gc,reloc    ] GC(8) Medium Pages: 1 / 32M, Empty: 0M, Relocated: 0M, In-Place: 0
[12.149s][info][gc,reloc    ] GC(8) Large Pages: 0 / 0M, Empty: 0M, Relocated: 0M, In-Place: 0
[12.149s][info][gc,reloc    ] GC(8) Forwarding Usage: 0M
[12.149s][info][gc,heap     ] GC(8) Min Capacity: 2048M(100%)
[12.149s][info][gc,heap     ] GC(8) Max Capacity: 2048M(100%)
[12.149s][info][gc,heap     ] GC(8) Soft Max Capacity: 2048M(100%)
[12.149s][info][gc,heap     ] GC(8)                Mark Start          Mark End        Relocate Start      Relocate End           High               Low         
[12.149s][info][gc,heap     ] GC(8)  Capacity:     2048M (100%)       2048M (100%)       2048M (100%)       2048M (100%)       2048M (100%)       2048M (100%)   
[12.149s][info][gc,heap     ] GC(8)      Free:     1896M (93%)        1896M (93%)        1972M (96%)        1978M (97%)        1978M (97%)        1896M (93%)    
[12.149s][info][gc,heap     ] GC(8)      Used:      152M (7%)          152M (7%)           76M (4%)           70M (3%)          152M (7%)           70M (3%)     
[12.149s][info][gc,heap     ] GC(8)      Live:         -                34M (2%)           34M (2%)           34M (2%)             -                  -          
[12.149s][info][gc,heap     ] GC(8) Allocated:         -                 0M (0%)            0M (0%)            0M (0%)             -                  -          
[12.149s][info][gc,heap     ] GC(8)   Garbage:         -               117M (6%)           41M (2%)           35M (2%)             -                  -          
[12.149s][info][gc,heap     ] GC(8) Reclaimed:         -                  -                76M (4%)           82M (4%)             -                  -          
[12.149s][info][gc          ] GC(8) Garbage Collection (System.gc()) 152M(7%)->70M(3%)
[13.992s][info][gc,start    ] GC(9) Garbage Collection (Allocation Rate)
[13.992s][info][gc,task     ] GC(9) Using 1 workers
[13.992s][info][gc,phases   ] GC(9) Pause Mark Start 0.011ms
[14.032s][info][gc,phases   ] GC(9) Concurrent Mark 40.104ms
[14.033s][info][gc,phases   ] GC(9) Pause Mark End 0.020ms
[14.033s][info][gc,phases   ] GC(9) Concurrent Mark Free 0.002ms
[14.042s][info][gc,phases   ] GC(9) Concurrent Process Non-Strong References 8.678ms
[14.042s][info][gc,phases   ] GC(9) Concurrent Reset Relocation Set 0.001ms
[14.043s][info][gc,phases   ] GC(9) Concurrent Select Relocation Set 1.774ms
[14.043s][info][gc,phases   ] GC(9) Pause Relocate Start 0.007ms
[14.045s][info][gc,phases   ] GC(9) Concurrent Relocate 1.307ms
[14.045s][info][gc,load     ] GC(9) Load: 0.00/0.00/0.00
[14.045s][info][gc,mmu      ] GC(9) MMU: 2ms/98.3%, 5ms/99.3%, 10ms/99.4%, 20ms/99.7%, 50ms/99.9%, 100ms/99.9%
[14.045s][info][gc,marking  ] GC(9) Mark: 1 stripe(s), 2 proactive flush(es), 1 terminate flush(es), 0 completion(s), 0 continuation(s) 
[14.045s][info][gc,marking  ] GC(9) Mark Stack Usage: 32M
[14.045s][info][gc,nmethod  ] GC(9) NMethods: 4655 registered, 28 unregistered
[14.045s][info][gc,metaspace] GC(9) Metaspace: 33M used, 34M committed, 1088M reserved
[14.045s][info][gc,ref      ] GC(9) Soft: 3784 encountered, 0 discovered, 0 enqueued
[14.045s][info][gc,ref      ] GC(9) Weak: 7583 encountered, 847 discovered, 7 enqueued
[14.045s][info][gc,ref      ] GC(9) Final: 34 encountered, 7 discovered, 3 enqueued
[14.045s][info][gc,ref      ] GC(9) Phantom: 90 encountered, 58 discovered, 0 enqueued
[14.045s][info][gc,reloc    ] GC(9) Small Pages: 730 / 1460M, Empty: 1362M, Relocated: 1M, In-Place: 0
[14.045s][info][gc,reloc    ] GC(9) Medium Pages: 1 / 32M, Empty: 0M, Relocated: 0M, In-Place: 0
[14.045s][info][gc,reloc    ] GC(9) Large Pages: 0 / 0M, Empty: 0M, Relocated: 0M, In-Place: 0
[14.045s][info][gc,reloc    ] GC(9) Forwarding Usage: 0M
[14.045s][info][gc,heap     ] GC(9) Min Capacity: 2048M(100%)
[14.045s][info][gc,heap     ] GC(9) Max Capacity: 2048M(100%)
[14.045s][info][gc,heap     ] GC(9) Soft Max Capacity: 2048M(100%)
[14.045s][info][gc,heap     ] GC(9)                Mark Start          Mark End        Relocate Start      Relocate End           High               Low         
[14.045s][info][gc,heap     ] GC(9)  Capacity:     2048M (100%)       2048M (100%)       2048M (100%)       2048M (100%)       2048M (100%)       2048M (100%)   
[14.045s][info][gc,heap     ] GC(9)      Free:      556M (27%)         536M (26%)        1892M (92%)        1954M (95%)        1954M (95%)         534M (26%)    
[14.045s][info][gc,heap     ] GC(9)      Used:     1492M (73%)        1512M (74%)         156M (8%)           94M (5%)         1514M (74%)          94M (5%)     
[14.045s][info][gc,heap     ] GC(9)      Live:         -                34M (2%)           34M (2%)           34M (2%)             -                  -          
[14.045s][info][gc,heap     ] GC(9) Allocated:         -                20M (1%)           26M (1%)           25M (1%)             -                  -          
[14.045s][info][gc,heap     ] GC(9)   Garbage:         -              1457M (71%)          95M (5%)           33M (2%)             -                  -          
[14.045s][info][gc,heap     ] GC(9) Reclaimed:         -                  -              1362M (67%)        1423M (70%)            -                  -          
[14.045s][info][gc          ] GC(9) Garbage Collection (Allocation Rate) 1492M(73%)->94M(5%)
[16.502s][info][gc,start    ] GC(10) Garbage Collection (Allocation Rate)
[16.502s][info][gc,task     ] GC(10) Using 2 workers
[16.502s][info][gc,phases   ] GC(10) Pause Mark Start 0.010ms
[16.644s][info][gc,phases   ] GC(10) Concurrent Mark 141.444ms
[16.644s][info][gc,phases   ] GC(10) Pause Mark End 0.014ms
[16.644s][info][gc,phases   ] GC(10) Concurrent Mark Free 0.001ms
[16.652s][info][gc,phases   ] GC(10) Concurrent Process Non-Strong References 7.842ms
[16.652s][info][gc,phases   ] GC(10) Concurrent Reset Relocation Set 0.002ms
[16.658s][info][gc,phases   ] GC(10) Concurrent Select Relocation Set 5.716ms
[16.658s][info][gc,phases   ] GC(10) Pause Relocate Start 0.018ms
[16.678s][info][gc,phases   ] GC(10) Concurrent Relocate 19.623ms
[16.678s][info][gc,load     ] GC(10) Load: 0.00/0.00/0.00
[16.678s][info][gc,mmu      ] GC(10) MMU: 2ms/98.3%, 5ms/99.3%, 10ms/99.4%, 20ms/99.7%, 50ms/99.9%, 100ms/99.9%
[16.678s][info][gc,marking  ] GC(10) Mark: 2 stripe(s), 9 proactive flush(es), 1 terminate flush(es), 0 completion(s), 0 continuation(s) 
[16.678s][info][gc,marking  ] GC(10) Mark Stack Usage: 32M
[16.678s][info][gc,nmethod  ] GC(10) NMethods: 4692 registered, 28 unregistered
[16.678s][info][gc,metaspace] GC(10) Metaspace: 33M used, 34M committed, 1088M reserved
[16.678s][info][gc,ref      ] GC(10) Soft: 3784 encountered, 0 discovered, 0 enqueued
[16.678s][info][gc,ref      ] GC(10) Weak: 7583 encountered, 1630 discovered, 7 enqueued
[16.678s][info][gc,ref      ] GC(10) Final: 25031 encountered, 25000 discovered, 25000 enqueued
[16.678s][info][gc,ref      ] GC(10) Phantom: 90 encountered, 72 discovered, 0 enqueued
[16.678s][info][gc,reloc    ] GC(10) Small Pages: 928 / 1856M, Empty: 1546M, Relocated: 24M, In-Place: 0
[16.678s][info][gc,reloc    ] GC(10) Medium Pages: 1 / 32M, Empty: 0M, Relocated: 0M, In-Place: 0
[16.678s][info][gc,reloc    ] GC(10) Large Pages: 0 / 0M, Empty: 0M, Relocated: 0M, In-Place: 0
[16.678s][info][gc,reloc    ] GC(10) Forwarding Usage: 13M
[16.678s][info][gc,heap     ] GC(10) Min Capacity: 2048M(100%)
[16.678s][info][gc,heap     ] GC(10) Max Capacity: 2048M(100%)
[16.678s][info][gc,heap     ] GC(10) Soft Max Capacity: 2048M(100%)
[16.678s][info][gc,heap     ] GC(10)                Mark Start          Mark End        Relocate Start      Relocate End           High               Low         
[16.678s][info][gc,heap     ] GC(10)  Capacity:     2048M (100%)       2048M (100%)       2048M (100%)       2048M (100%)       2048M (100%)       2048M (100%)   
[16.678s][info][gc,heap     ] GC(10)      Free:      160M (8%)           18M (1%)         1560M (76%)        1800M (88%)        1800M (88%)          18M (1%)     
[16.678s][info][gc,heap     ] GC(10)      Used:     1888M (92%)        2030M (99%)         488M (24%)         248M (12%)        2030M (99%)         248M (12%)    
[16.678s][info][gc,heap     ] GC(10)      Live:         -                58M (3%)           58M (3%)           58M (3%)             -                  -          
[16.678s][info][gc,heap     ] GC(10) Allocated:         -               142M (7%)          146M (7%)          153M (7%)             -                  -          
[16.678s][info][gc,heap     ] GC(10)   Garbage:         -              1829M (89%)         283M (14%)          35M (2%)             -                  -          
[16.678s][info][gc,heap     ] GC(10) Reclaimed:         -                  -              1546M (75%)        1793M (88%)            -                  -          
[16.678s][info][gc          ] GC(10) Garbage Collection (Allocation Rate) 1888M(92%)->248M(12%)
[18.899s][info][gc,start    ] GC(11) Garbage Collection (Allocation Rate)
[18.900s][info][gc,task     ] GC(11) Using 2 workers
[18.900s][info][gc,phases   ] GC(11) Pause Mark Start 0.010ms
[18.994s][info][gc,phases   ] GC(11) Concurrent Mark 94.508ms
[18.994s][info][gc,phases   ] GC(11) Pause Mark End 0.015ms
[18.995s][info][gc,phases   ] GC(11) Concurrent Mark Free 0.002ms
[19.002s][info][gc,phases   ] GC(11) Concurrent Process Non-Strong References 7.841ms
[19.003s][info][gc,phases   ] GC(11) Concurrent Reset Relocation Set 0.014ms
[19.005s][info][gc,phases   ] GC(11) Concurrent Select Relocation Set 2.696ms
[19.005s][info][gc,phases   ] GC(11) Pause Relocate Start 0.010ms
[19.025s][info][gc,phases   ] GC(11) Concurrent Relocate 19.144ms
[19.025s][info][gc,load     ] GC(11) Load: 0.00/0.00/0.00
[19.025s][info][gc,mmu      ] GC(11) MMU: 2ms/98.3%, 5ms/99.3%, 10ms/99.4%, 20ms/99.7%, 50ms/99.9%, 100ms/99.9%
[19.025s][info][gc,marking  ] GC(11) Mark: 2 stripe(s), 6 proactive flush(es), 1 terminate flush(es), 0 completion(s), 0 continuation(s) 
[19.025s][info][gc,marking  ] GC(11) Mark Stack Usage: 32M
[19.025s][info][gc,nmethod  ] GC(11) NMethods: 4700 registered, 28 unregistered
[19.025s][info][gc,metaspace] GC(11) Metaspace: 33M used, 34M committed, 1088M reserved
[19.025s][info][gc,ref      ] GC(11) Soft: 3784 encountered, 0 discovered, 0 enqueued
[19.025s][info][gc,ref      ] GC(11) Weak: 7578 encountered, 2131 discovered, 0 enqueued
[19.025s][info][gc,ref      ] GC(11) Final: 25031 encountered, 25000 discovered, 25000 enqueued
[19.025s][info][gc,ref      ] GC(11) Phantom: 90 encountered, 72 discovered, 0 enqueued
[19.025s][info][gc,reloc    ] GC(11) Small Pages: 717 / 1434M, Empty: 1110M, Relocated: 24M, In-Place: 0
[19.025s][info][gc,reloc    ] GC(11) Medium Pages: 1 / 32M, Empty: 0M, Relocated: 0M, In-Place: 0
[19.025s][info][gc,reloc    ] GC(11) Large Pages: 0 / 0M, Empty: 0M, Relocated: 0M, In-Place: 0
[19.025s][info][gc,reloc    ] GC(11) Forwarding Usage: 13M
[19.025s][info][gc,heap     ] GC(11) Min Capacity: 2048M(100%)
[19.025s][info][gc,heap     ] GC(11) Max Capacity: 2048M(100%)
[19.025s][info][gc,heap     ] GC(11) Soft Max Capacity: 2048M(100%)
[19.025s][info][gc,heap     ] GC(11)                Mark Start          Mark End        Relocate Start      Relocate End           High               Low         
[19.025s][info][gc,heap     ] GC(11)  Capacity:     2048M (100%)       2048M (100%)       2048M (100%)       2048M (100%)       2048M (100%)       2048M (100%)   
[19.025s][info][gc,heap     ] GC(11)      Free:      582M (28%)         534M (26%)        1638M (80%)        1888M (92%)        1888M (92%)         530M (26%)    
[19.025s][info][gc,heap     ] GC(11)      Used:     1466M (72%)        1514M (74%)         410M (20%)         160M (8%)         1518M (74%)         160M (8%)     
[19.025s][info][gc,heap     ] GC(11)      Live:         -                58M (3%)           58M (3%)           58M (3%)             -                  -          
[19.025s][info][gc,heap     ] GC(11) Allocated:         -                48M (2%)           54M (3%)           65M (3%)             -                  -          
[19.025s][info][gc,heap     ] GC(11)   Garbage:         -              1407M (69%)         297M (15%)          36M (2%)             -                  -          
[19.025s][info][gc,heap     ] GC(11) Reclaimed:         -                  -              1110M (54%)        1371M (67%)            -                  -          
[19.025s][info][gc          ] GC(11) Garbage Collection (Allocation Rate) 1466M(72%)->160M(8%)
[19.118s][info][gc,start    ] GC(12) Garbage Collection (System.gc())
[19.118s][info][gc,task     ] GC(12) Using 2 workers
[19.118s][info][gc,phases   ] GC(12) Pause Mark Start 0.005ms
[19.149s][info][gc,phases   ] GC(12) Concurrent Mark 30.033ms
[19.149s][info][gc,phases   ] GC(12) Pause Mark End 0.023ms
[19.149s][info][gc,phases   ] GC(12) Concurrent Mark Free 0.026ms
[19.155s][info][gc,phases   ] GC(12) Concurrent Process Non-Strong References 5.667ms
[19.155s][info][gc,phases   ] GC(12) Concurrent Reset Relocation Set 0.011ms
[19.157s][info][gc,phases   ] GC(12) Concurrent Select Relocation Set 2.462ms
[19.157s][info][gc,phases   ] GC(12) Pause Relocate Start 0.008ms
[19.158s][info][gc,phases   ] GC(12) Concurrent Relocate 0.788ms
[19.158s][info][gc,load     ] GC(12) Load: 0.00/0.00/0.00
[19.158s][info][gc,mmu      ] GC(12) MMU: 2ms/98.3%, 5ms/99.3%, 10ms/99.4%, 20ms/99.7%, 50ms/99.9%, 100ms/99.9%
[19.158s][info][gc,marking  ] GC(12) Mark: 2 stripe(s), 1 proactive flush(es), 1 terminate flush(es), 0 completion(s), 0 continuation(s) 
[19.158s][info][gc,marking  ] GC(12) Mark Stack Usage: 32M
[19.158s][info][gc,nmethod  ] GC(12) NMethods: 4703 registered, 28 unregistered
[19.158s][info][gc,metaspace] GC(12) Metaspace: 33M used, 34M committed, 1088M reserved
[19.158s][info][gc,ref      ] GC(12) Soft: 3784 encountered, 0 discovered, 0 enqueued
[19.158s][info][gc,ref      ] GC(12) Weak: 7578 encountered, 1175 discovered, 0 enqueued
[19.158s][info][gc,ref      ] GC(12) Final: 31 encountered, 1 discovered, 0 enqueued
[19.158s][info][gc,ref      ] GC(12) Phantom: 88 encountered, 70 discovered, 0 enqueued
[19.158s][info][gc,reloc    ] GC(12) Small Pages: 80 / 160M, Empty: 118M, Relocated: 1M, In-Place: 0
[19.158s][info][gc,reloc    ] GC(12) Medium Pages: 1 / 32M, Empty: 0M, Relocated: 0M, In-Place: 0
[19.158s][info][gc,reloc    ] GC(12) Large Pages: 0 / 0M, Empty: 0M, Relocated: 0M, In-Place: 0
[19.158s][info][gc,reloc    ] GC(12) Forwarding Usage: 0M
[19.158s][info][gc,heap     ] GC(12) Min Capacity: 2048M(100%)
[19.158s][info][gc,heap     ] GC(12) Max Capacity: 2048M(100%)
[19.158s][info][gc,heap     ] GC(12) Soft Max Capacity: 2048M(100%)
[19.158s][info][gc,heap     ] GC(12)                Mark Start          Mark End        Relocate Start      Relocate End           High               Low         
[19.158s][info][gc,heap     ] GC(12)  Capacity:     2048M (100%)       2048M (100%)       2048M (100%)       2048M (100%)       2048M (100%)       2048M (100%)   
[19.158s][info][gc,heap     ] GC(12)      Free:     1856M (91%)        1856M (91%)        1974M (96%)        1980M (97%)        1980M (97%)        1856M (91%)    
[19.158s][info][gc,heap     ] GC(12)      Used:      192M (9%)          192M (9%)           74M (4%)           68M (3%)          192M (9%)           68M (3%)     
[19.158s][info][gc,heap     ] GC(12)      Live:         -                34M (2%)           34M (2%)           34M (2%)             -                  -          
[19.158s][info][gc,heap     ] GC(12) Allocated:         -                 0M (0%)            0M (0%)            0M (0%)             -                  -          
[19.158s][info][gc,heap     ] GC(12)   Garbage:         -               157M (8%)           39M (2%)           33M (2%)             -                  -          
[19.158s][info][gc,heap     ] GC(12) Reclaimed:         -                  -               118M (6%)          124M (6%)             -                  -          
[19.158s][info][gc          ] GC(12) Garbage Collection (System.gc()) 192M(9%)->68M(3%)
[20.101s][info][gc,stats    ] === Garbage Collection Statistics =======================================================================================================================
[20.101s][info][gc,stats    ]                                                              Last 10s              Last 10m              Last 10h                Total
[20.101s][info][gc,stats    ]                                                              Avg / Max             Avg / Max             Avg / Max             Avg / Max
[20.101s][info][gc,stats    ]   Collector: Garbage Collection Cycle                    107.060 / 200.087      90.044 / 212.064      90.044 / 212.064      90.044 / 212.064     ms
[20.101s][info][gc,stats    ]  Contention: Mark Segment Reset Contention                     0 / 0                 0 / 0                 0 / 0                 0 / 0           ops/s
[20.101s][info][gc,stats    ]  Contention: Mark SeqNum Reset Contention                      0 / 0                 0 / 0                 0 / 0                 0 / 0           ops/s
[20.101s][info][gc,stats    ]    Critical: Allocation Stall                                  0 / 0                 0 / 0                 0 / 0                 0 / 0           ops/s
[20.101s][info][gc,stats    ]    Critical: Allocation Stall                              0.000 / 0.000         0.000 / 0.000         0.000 / 0.000         0.000 / 0.000       ms
[20.101s][info][gc,stats    ]    Critical: GC Locker Stall                                   0 / 0                 0 / 0                 0 / 0                 0 / 0           ops/s
[20.101s][info][gc,stats    ]    Critical: GC Locker Stall                               0.000 / 0.000         0.000 / 0.000         0.000 / 0.000         0.000 / 0.000       ms
[20.101s][info][gc,stats    ]    Critical: Relocation Stall                                  0 / 0                 0 / 0                 0 / 0                 0 / 0           ops/s
[20.101s][info][gc,stats    ]    Critical: Relocation Stall                              0.000 / 0.000         0.000 / 0.000         0.000 / 0.000         0.000 / 0.000       ms
[20.101s][info][gc,stats    ]      Memory: Allocation Rate                                 688 / 1040            593 / 1040            593 / 1040            593 / 1040        MB/s
[20.101s][info][gc,stats    ]      Memory: Out Of Memory                                     0 / 0                 0 / 0                 0 / 0                 0 / 0           ops/s
[20.101s][info][gc,stats    ]      Memory: Page Cache Flush                                  0 / 0                 0 / 0                 0 / 0                 0 / 0           MB/s
[20.101s][info][gc,stats    ]      Memory: Page Cache Hit L1                               344 / 521             247 / 521             247 / 521             247 / 521         ops/s
[20.101s][info][gc,stats    ]      Memory: Page Cache Hit L2                                 0 / 0                 0 / 0                 0 / 0                 0 / 0           ops/s
[20.101s][info][gc,stats    ]      Memory: Page Cache Hit L3                                 3 / 37               50 / 223              50 / 223              50 / 223         ops/s
[20.101s][info][gc,stats    ]      Memory: Page Cache Miss                                   0 / 0                 0 / 1                 0 / 1                 0 / 1           ops/s
[20.101s][info][gc,stats    ]      Memory: Uncommit                                          0 / 0                 0 / 0                 0 / 0                 0 / 0           MB/s
[20.101s][info][gc,stats    ]      Memory: Undo Object Allocation Failed                     0 / 0                 0 / 0                 0 / 0                 0 / 0           ops/s
[20.101s][info][gc,stats    ]      Memory: Undo Object Allocation Succeeded                  0 / 2                 0 / 2                 0 / 2                 0 / 2           ops/s
[20.101s][info][gc,stats    ]      Memory: Undo Page Allocation                              0 / 0                 0 / 0                 0 / 0                 0 / 0           ops/s
[20.101s][info][gc,stats    ]       Phase: Concurrent Mark                              82.238 / 149.876      67.254 / 157.696      67.254 / 157.696      67.254 / 157.696     ms
[20.101s][info][gc,stats    ]       Phase: Concurrent Mark Continue                      0.000 / 0.000         0.000 / 0.000         0.000 / 0.000         0.000 / 0.000       ms
[20.101s][info][gc,stats    ]       Phase: Concurrent Mark Free                          0.006 / 0.026         0.003 / 0.026         0.003 / 0.026         0.003 / 0.026       ms
[20.101s][info][gc,stats    ]       Phase: Concurrent Process Non-Strong References      8.049 / 11.808        7.827 / 12.445        7.827 / 12.445        7.827 / 12.445      ms
[20.101s][info][gc,stats    ]       Phase: Concurrent Relocate                          12.492 / 33.028       10.774 / 34.700       10.774 / 34.700       10.774 / 34.700      ms
[20.101s][info][gc,stats    ]       Phase: Concurrent Reset Relocation Set               0.008 / 0.016         0.008 / 0.018         0.008 / 0.018         0.008 / 0.018       ms
[20.101s][info][gc,stats    ]       Phase: Concurrent Select Relocation Set              3.272 / 5.716         3.145 / 6.009         3.145 / 6.009         3.145 / 6.009       ms
[20.101s][info][gc,stats    ]       Phase: Pause Mark End                                0.018 / 0.023         0.017 / 0.023         0.017 / 0.023         0.017 / 0.023       ms
[20.101s][info][gc,stats    ]       Phase: Pause Mark Start                              0.009 / 0.011         0.009 / 0.015         0.009 / 0.015         0.009 / 0.015       ms
[20.101s][info][gc,stats    ]       Phase: Pause Relocate Start                          0.013 / 0.018         0.014 / 0.034         0.014 / 0.034         0.014 / 0.034       ms
[20.101s][info][gc,stats    ]    Subphase: Concurrent Classes Purge                      0.199 / 0.285         0.198 / 0.307         0.198 / 0.307         0.198 / 0.307       ms
[20.101s][info][gc,stats    ]    Subphase: Concurrent Classes Unlink                     5.135 / 7.270         5.549 / 10.583        5.549 / 10.583        5.549 / 10.583      ms
[20.101s][info][gc,stats    ]    Subphase: Concurrent Mark                              75.922 / 148.176      58.369 / 156.558      58.369 / 156.558      58.369 / 156.558     ms
[20.101s][info][gc,stats    ]    Subphase: Concurrent Mark Try Flush                     0.114 / 0.366         0.105 / 0.366         0.105 / 0.366         0.105 / 0.366       ms
[20.101s][info][gc,stats    ]    Subphase: Concurrent Mark Try Terminate                 7.809 / 16.304        5.288 / 16.304        5.288 / 16.304        5.288 / 16.304      ms
[20.101s][info][gc,stats    ]    Subphase: Concurrent References Enqueue                 0.004 / 0.007         0.005 / 0.009         0.005 / 0.009         0.005 / 0.009       ms
[20.101s][info][gc,stats    ]    Subphase: Concurrent References Process                 1.773 / 3.538         1.149 / 3.538         1.149 / 3.538         1.149 / 3.538       ms
[20.101s][info][gc,stats    ]    Subphase: Concurrent Roots ClassLoaderDataGraph         0.104 / 0.239         0.102 / 0.342         0.102 / 0.342         0.102 / 0.342       ms
[20.101s][info][gc,stats    ]    Subphase: Concurrent Roots CodeCache                    0.000 / 0.000         0.000 / 0.000         0.000 / 0.000         0.000 / 0.000       ms
[20.101s][info][gc,stats    ]    Subphase: Concurrent Roots JavaThreads                  0.565 / 1.460         0.660 / 3.530         0.660 / 3.530         0.660 / 3.530       ms
[20.101s][info][gc,stats    ]    Subphase: Concurrent Roots OopStorageSet                0.018 / 0.049         0.019 / 0.049         0.019 / 0.049         0.019 / 0.049       ms
[20.101s][info][gc,stats    ]    Subphase: Concurrent Weak Roots OopStorageSet           0.746 / 0.976         0.722 / 1.149         0.722 / 1.149         0.722 / 1.149       ms
[20.101s][info][gc,stats    ]    Subphase: Pause Mark Try Complete                       0.000 / 0.000         0.000 / 0.000         0.000 / 0.000         0.000 / 0.000       ms
[20.101s][info][gc,stats    ]      System: Java Threads                                     12 / 13               12 / 13               12 / 13               12 / 13          threads
[20.102s][info][gc,stats    ] =========================================================================================================================================================
[20.989s][info][gc,start    ] GC(13) Garbage Collection (Allocation Rate)
[20.989s][info][gc,task     ] GC(13) Using 2 workers
[20.989s][info][gc,phases   ] GC(13) Pause Mark Start 0.011ms
[21.020s][info][gc,phases   ] GC(13) Concurrent Mark 31.033ms
[21.020s][info][gc,phases   ] GC(13) Pause Mark End 0.013ms
[21.020s][info][gc,phases   ] GC(13) Concurrent Mark Free 0.001ms
[21.031s][info][gc,phases   ] GC(13) Concurrent Process Non-Strong References 10.898ms
[21.031s][info][gc,phases   ] GC(13) Concurrent Reset Relocation Set 0.001ms
[21.033s][info][gc,phases   ] GC(13) Concurrent Select Relocation Set 2.080ms
[21.034s][info][gc,phases   ] GC(13) Pause Relocate Start 0.015ms
[21.034s][info][gc,phases   ] GC(13) Concurrent Relocate 0.666ms
[21.034s][info][gc,load     ] GC(13) Load: 0.00/0.00/0.00
[21.034s][info][gc,mmu      ] GC(13) MMU: 2ms/98.3%, 5ms/99.3%, 10ms/99.4%, 20ms/99.7%, 50ms/99.9%, 100ms/99.9%
[21.034s][info][gc,marking  ] GC(13) Mark: 2 stripe(s), 2 proactive flush(es), 1 terminate flush(es), 0 completion(s), 0 continuation(s) 
[21.034s][info][gc,marking  ] GC(13) Mark Stack Usage: 32M
[21.034s][info][gc,nmethod  ] GC(13) NMethods: 4778 registered, 28 unregistered
[21.034s][info][gc,metaspace] GC(13) Metaspace: 33M used, 34M committed, 1088M reserved
[21.034s][info][gc,ref      ] GC(13) Soft: 3784 encountered, 0 discovered, 0 enqueued
[21.034s][info][gc,ref      ] GC(13) Weak: 7584 encountered, 2489 discovered, 7 enqueued
[21.034s][info][gc,ref      ] GC(13) Final: 34 encountered, 3 discovered, 3 enqueued
[21.034s][info][gc,ref      ] GC(13) Phantom: 90 encountered, 68 discovered, 0 enqueued
[21.034s][info][gc,reloc    ] GC(13) Small Pages: 742 / 1484M, Empty: 1388M, Relocated: 1M, In-Place: 0
[21.034s][info][gc,reloc    ] GC(13) Medium Pages: 1 / 32M, Empty: 0M, Relocated: 0M, In-Place: 0
[21.034s][info][gc,reloc    ] GC(13) Large Pages: 0 / 0M, Empty: 0M, Relocated: 0M, In-Place: 0
[21.035s][info][gc,reloc    ] GC(13) Forwarding Usage: 0M
[21.035s][info][gc,heap     ] GC(13) Min Capacity: 2048M(100%)
[21.035s][info][gc,heap     ] GC(13) Max Capacity: 2048M(100%)
[21.035s][info][gc,heap     ] GC(13) Soft Max Capacity: 2048M(100%)
[21.035s][info][gc,heap     ] GC(13)                Mark Start          Mark End        Relocate Start      Relocate End           High               Low         
[21.035s][info][gc,heap     ] GC(13)  Capacity:     2048M (100%)       2048M (100%)       2048M (100%)       2048M (100%)       2048M (100%)       2048M (100%)   
[21.035s][info][gc,heap     ] GC(13)      Free:      532M (26%)         528M (26%)        1910M (93%)        1968M (96%)        1968M (96%)         522M (25%)    
[21.035s][info][gc,heap     ] GC(13)      Used:     1516M (74%)        1520M (74%)         138M (7%)           80M (4%)         1526M (75%)          80M (4%)     
[21.035s][info][gc,heap     ] GC(13)      Live:         -                34M (2%)           34M (2%)           34M (2%)             -                  -          
[21.035s][info][gc,heap     ] GC(13) Allocated:         -                 4M (0%)           10M (0%)            9M (0%)             -                  -          
[21.035s][info][gc,heap     ] GC(13)   Garbage:         -              1481M (72%)          93M (5%)           35M (2%)             -                  -          
[21.035s][info][gc,heap     ] GC(13) Reclaimed:         -                  -              1388M (68%)        1445M (71%)            -                  -          
[21.035s][info][gc          ] GC(13) Garbage Collection (Allocation Rate) 1516M(74%)->80M(4%)
[23.299s][info][gc,start    ] GC(14) Garbage Collection (Allocation Rate)
[23.300s][info][gc,task     ] GC(14) Using 2 workers
[23.300s][info][gc,phases   ] GC(14) Pause Mark Start 0.010ms
[23.395s][info][gc,phases   ] GC(14) Concurrent Mark 95.572ms
[23.396s][info][gc,phases   ] GC(14) Pause Mark End 0.020ms
[23.396s][info][gc,phases   ] GC(14) Concurrent Mark Free 0.002ms
[23.404s][info][gc,phases   ] GC(14) Concurrent Process Non-Strong References 8.019ms
[23.404s][info][gc,phases   ] GC(14) Concurrent Reset Relocation Set 0.003ms
[23.409s][info][gc,phases   ] GC(14) Concurrent Select Relocation Set 5.086ms
[23.409s][info][gc,phases   ] GC(14) Pause Relocate Start 0.026ms
[23.431s][info][gc,phases   ] GC(14) Concurrent Relocate 21.812ms
[23.431s][info][gc,load     ] GC(14) Load: 0.00/0.00/0.00
[23.431s][info][gc,mmu      ] GC(14) MMU: 2ms/98.3%, 5ms/99.3%, 10ms/99.4%, 20ms/99.7%, 50ms/99.9%, 100ms/99.9%
[23.431s][info][gc,marking  ] GC(14) Mark: 2 stripe(s), 2 proactive flush(es), 1 terminate flush(es), 0 completion(s), 0 continuation(s) 
[23.431s][info][gc,marking  ] GC(14) Mark Stack Usage: 32M
[23.431s][info][gc,nmethod  ] GC(14) NMethods: 4792 registered, 28 unregistered
[23.431s][info][gc,metaspace] GC(14) Metaspace: 33M used, 34M committed, 1088M reserved
[23.431s][info][gc,ref      ] GC(14) Soft: 3784 encountered, 0 discovered, 0 enqueued
[23.431s][info][gc,ref      ] GC(14) Weak: 7588 encountered, 1996 discovered, 7 enqueued
[23.431s][info][gc,ref      ] GC(14) Final: 25031 encountered, 25000 discovered, 25000 enqueued
[23.431s][info][gc,ref      ] GC(14) Phantom: 90 encountered, 72 discovered, 0 enqueued
[23.431s][info][gc,reloc    ] GC(14) Small Pages: 875 / 1750M, Empty: 1436M, Relocated: 25M, In-Place: 0
[23.431s][info][gc,reloc    ] GC(14) Medium Pages: 1 / 32M, Empty: 0M, Relocated: 0M, In-Place: 0
[23.431s][info][gc,reloc    ] GC(14) Large Pages: 0 / 0M, Empty: 0M, Relocated: 0M, In-Place: 0
[23.431s][info][gc,reloc    ] GC(14) Forwarding Usage: 13M
[23.431s][info][gc,heap     ] GC(14) Min Capacity: 2048M(100%)
[23.431s][info][gc,heap     ] GC(14) Max Capacity: 2048M(100%)
[23.431s][info][gc,heap     ] GC(14) Soft Max Capacity: 2048M(100%)
[23.431s][info][gc,heap     ] GC(14)                Mark Start          Mark End        Relocate Start      Relocate End           High               Low         
[23.431s][info][gc,heap     ] GC(14)  Capacity:     2048M (100%)       2048M (100%)       2048M (100%)       2048M (100%)       2048M (100%)       2048M (100%)   
[23.431s][info][gc,heap     ] GC(14)      Free:      266M (13%)         144M (7%)         1560M (76%)        1778M (87%)        1780M (87%)         132M (6%)     
[23.431s][info][gc,heap     ] GC(14)      Used:     1782M (87%)        1904M (93%)         488M (24%)         270M (13%)        1916M (94%)         268M (13%)    
[23.431s][info][gc,heap     ] GC(14)      Live:         -                58M (3%)           58M (3%)           58M (3%)             -                  -          
[23.431s][info][gc,heap     ] GC(14) Allocated:         -               122M (6%)          142M (7%)          175M (9%)             -                  -          
[23.431s][info][gc,heap     ] GC(14)   Garbage:         -              1723M (84%)         287M (14%)          35M (2%)             -                  -          
[23.431s][info][gc,heap     ] GC(14) Reclaimed:         -                  -              1436M (70%)        1687M (82%)            -                  -          
[23.431s][info][gc          ] GC(14) Garbage Collection (Allocation Rate) 1782M(87%)->270M(13%)
[25.796s][info][gc,start    ] GC(15) Garbage Collection (Allocation Rate)
[25.796s][info][gc,task     ] GC(15) Using 2 workers
[25.796s][info][gc,phases   ] GC(15) Pause Mark Start 0.013ms
[25.891s][info][gc,phases   ] GC(15) Concurrent Mark 95.046ms
[25.891s][info][gc,phases   ] GC(15) Pause Mark End 0.024ms
[25.892s][info][gc,phases   ] GC(15) Concurrent Mark Free 0.001ms
[25.900s][info][gc,phases   ] GC(15) Concurrent Process Non-Strong References 8.569ms
[25.900s][info][gc,phases   ] GC(15) Concurrent Reset Relocation Set 0.013ms
[25.903s][info][gc,phases   ] GC(15) Concurrent Select Relocation Set 2.780ms
[25.903s][info][gc,phases   ] GC(15) Pause Relocate Start 0.036ms
[25.923s][info][gc,phases   ] GC(15) Concurrent Relocate 19.500ms
[25.923s][info][gc,load     ] GC(15) Load: 0.00/0.00/0.00
[25.923s][info][gc,mmu      ] GC(15) MMU: 2ms/98.2%, 5ms/99.3%, 10ms/99.4%, 20ms/99.7%, 50ms/99.9%, 100ms/99.9%
[25.923s][info][gc,marking  ] GC(15) Mark: 2 stripe(s), 2 proactive flush(es), 1 terminate flush(es), 0 completion(s), 0 continuation(s) 
[25.923s][info][gc,marking  ] GC(15) Mark Stack Usage: 32M
[25.923s][info][gc,nmethod  ] GC(15) NMethods: 4795 registered, 28 unregistered
[25.923s][info][gc,metaspace] GC(15) Metaspace: 33M used, 34M committed, 1088M reserved
[25.923s][info][gc,ref      ] GC(15) Soft: 3784 encountered, 0 discovered, 0 enqueued
[25.923s][info][gc,ref      ] GC(15) Weak: 7579 encountered, 1791 discovered, 0 enqueued
[25.923s][info][gc,ref      ] GC(15) Final: 25031 encountered, 25000 discovered, 25000 enqueued
[25.923s][info][gc,ref      ] GC(15) Phantom: 90 encountered, 65 discovered, 0 enqueued
[25.923s][info][gc,reloc    ] GC(15) Small Pages: 776 / 1552M, Empty: 1224M, Relocated: 25M, In-Place: 0
[25.923s][info][gc,reloc    ] GC(15) Medium Pages: 1 / 32M, Empty: 0M, Relocated: 0M, In-Place: 0
[25.923s][info][gc,reloc    ] GC(15) Large Pages: 0 / 0M, Empty: 0M, Relocated: 0M, In-Place: 0
[25.923s][info][gc,reloc    ] GC(15) Forwarding Usage: 13M
[25.923s][info][gc,heap     ] GC(15) Min Capacity: 2048M(100%)
[25.923s][info][gc,heap     ] GC(15) Max Capacity: 2048M(100%)
[25.923s][info][gc,heap     ] GC(15) Soft Max Capacity: 2048M(100%)
[25.923s][info][gc,heap     ] GC(15)                Mark Start          Mark End        Relocate Start      Relocate End           High               Low         
[25.923s][info][gc,heap     ] GC(15)  Capacity:     2048M (100%)       2048M (100%)       2048M (100%)       2048M (100%)       2048M (100%)       2048M (100%)   
[25.923s][info][gc,heap     ] GC(15)      Free:      464M (23%)         418M (20%)        1634M (80%)        1890M (92%)        1890M (92%)         412M (20%)    
[25.923s][info][gc,heap     ] GC(15)      Used:     1584M (77%)        1630M (80%)         414M (20%)         158M (8%)         1636M (80%)         158M (8%)     
[25.923s][info][gc,heap     ] GC(15)      Live:         -                58M (3%)           58M (3%)           58M (3%)             -                  -          
[25.923s][info][gc,heap     ] GC(15) Allocated:         -                46M (2%)           54M (3%)           65M (3%)             -                  -          
[25.923s][info][gc,heap     ] GC(15)   Garbage:         -              1525M (74%)         301M (15%)          33M (2%)             -                  -          
[25.923s][info][gc,heap     ] GC(15) Reclaimed:         -                  -              1224M (60%)        1491M (73%)            -                  -          
[25.923s][info][gc          ] GC(15) Garbage Collection (Allocation Rate) 1584M(77%)->158M(8%)
[25.954s][info][gc,start    ] GC(16) Garbage Collection (System.gc())
[25.954s][info][gc,task     ] GC(16) Using 2 workers
[25.954s][info][gc,phases   ] GC(16) Pause Mark Start 0.008ms
[25.986s][info][gc,phases   ] GC(16) Concurrent Mark 32.120ms
[25.987s][info][gc,phases   ] GC(16) Pause Mark End 0.014ms
[25.987s][info][gc,phases   ] GC(16) Concurrent Mark Free 0.002ms
[25.993s][info][gc,phases   ] GC(16) Concurrent Process Non-Strong References 5.828ms
[25.993s][info][gc,phases   ] GC(16) Concurrent Reset Relocation Set 0.016ms
[25.995s][info][gc,phases   ] GC(16) Concurrent Select Relocation Set 2.473ms
[25.995s][info][gc,phases   ] GC(16) Pause Relocate Start 0.012ms
[25.996s][info][gc,phases   ] GC(16) Concurrent Relocate 0.671ms
[25.996s][info][gc,load     ] GC(16) Load: 0.00/0.00/0.00
[25.996s][info][gc,mmu      ] GC(16) MMU: 2ms/98.2%, 5ms/99.3%, 10ms/99.4%, 20ms/99.7%, 50ms/99.9%, 100ms/99.9%
[25.996s][info][gc,marking  ] GC(16) Mark: 2 stripe(s), 2 proactive flush(es), 1 terminate flush(es), 0 completion(s), 0 continuation(s) 
[25.996s][info][gc,marking  ] GC(16) Mark Stack Usage: 32M
[25.996s][info][gc,nmethod  ] GC(16) NMethods: 4804 registered, 28 unregistered
[25.996s][info][gc,metaspace] GC(16) Metaspace: 33M used, 34M committed, 1088M reserved
[25.996s][info][gc,ref      ] GC(16) Soft: 3784 encountered, 0 discovered, 0 enqueued
[25.996s][info][gc,ref      ] GC(16) Weak: 7579 encountered, 1395 discovered, 0 enqueued
[25.996s][info][gc,ref      ] GC(16) Final: 31 encountered, 3 discovered, 0 enqueued
[25.996s][info][gc,ref      ] GC(16) Phantom: 88 encountered, 70 discovered, 0 enqueued
[25.996s][info][gc,reloc    ] GC(16) Small Pages: 63 / 126M, Empty: 78M, Relocated: 1M, In-Place: 0
[25.996s][info][gc,reloc    ] GC(16) Medium Pages: 1 / 32M, Empty: 0M, Relocated: 0M, In-Place: 0
[25.996s][info][gc,reloc    ] GC(16) Large Pages: 0 / 0M, Empty: 0M, Relocated: 0M, In-Place: 0
[25.996s][info][gc,reloc    ] GC(16) Forwarding Usage: 0M
[25.996s][info][gc,heap     ] GC(16) Min Capacity: 2048M(100%)
[25.996s][info][gc,heap     ] GC(16) Max Capacity: 2048M(100%)
[25.996s][info][gc,heap     ] GC(16) Soft Max Capacity: 2048M(100%)
[25.996s][info][gc,heap     ] GC(16)                Mark Start          Mark End        Relocate Start      Relocate End           High               Low         
[25.996s][info][gc,heap     ] GC(16)  Capacity:     2048M (100%)       2048M (100%)       2048M (100%)       2048M (100%)       2048M (100%)       2048M (100%)   
[25.996s][info][gc,heap     ] GC(16)      Free:     1890M (92%)        1890M (92%)        1968M (96%)        1978M (97%)        1978M (97%)        1890M (92%)    
[25.996s][info][gc,heap     ] GC(16)      Used:      158M (8%)          158M (8%)           80M (4%)           70M (3%)          158M (8%)           70M (3%)     
[25.996s][info][gc,heap     ] GC(16)      Live:         -                34M (2%)           34M (2%)           34M (2%)             -                  -          
[25.996s][info][gc,heap     ] GC(16) Allocated:         -                 0M (0%)            0M (0%)            0M (0%)             -                  -          
[25.996s][info][gc,heap     ] GC(16)   Garbage:         -               123M (6%)           45M (2%)           35M (2%)             -                  -          
[25.996s][info][gc,heap     ] GC(16) Reclaimed:         -                  -                78M (4%)           88M (4%)             -                  -          
[25.996s][info][gc          ] GC(16) Garbage Collection (System.gc()) 158M(8%)->70M(3%)
[27.791s][info][gc,start    ] GC(17) Garbage Collection (Allocation Rate)
[27.791s][info][gc,task     ] GC(17) Using 2 workers
[27.791s][info][gc,phases   ] GC(17) Pause Mark Start 0.011ms
[27.822s][info][gc,phases   ] GC(17) Concurrent Mark 31.210ms
[27.822s][info][gc,phases   ] GC(17) Pause Mark End 0.014ms
[27.823s][info][gc,phases   ] GC(17) Concurrent Mark Free 0.003ms
[27.833s][info][gc,phases   ] GC(17) Concurrent Process Non-Strong References 10.546ms
[27.833s][info][gc,phases   ] GC(17) Concurrent Reset Relocation Set 0.001ms
[27.835s][info][gc,phases   ] GC(17) Concurrent Select Relocation Set 1.460ms
[27.835s][info][gc,phases   ] GC(17) Pause Relocate Start 0.010ms
[27.836s][info][gc,phases   ] GC(17) Concurrent Relocate 0.711ms
[27.836s][info][gc,load     ] GC(17) Load: 0.00/0.00/0.00
[27.836s][info][gc,mmu      ] GC(17) MMU: 2ms/98.2%, 5ms/99.3%, 10ms/99.4%, 20ms/99.7%, 50ms/99.9%, 100ms/99.9%
[27.836s][info][gc,marking  ] GC(17) Mark: 2 stripe(s), 2 proactive flush(es), 1 terminate flush(es), 0 completion(s), 0 continuation(s) 
[27.836s][info][gc,marking  ] GC(17) Mark Stack Usage: 32M
[27.836s][info][gc,nmethod  ] GC(17) NMethods: 4857 registered, 28 unregistered
[27.836s][info][gc,metaspace] GC(17) Metaspace: 33M used, 34M committed, 1088M reserved
[27.836s][info][gc,ref      ] GC(17) Soft: 3784 encountered, 0 discovered, 0 enqueued
[27.836s][info][gc,ref      ] GC(17) Weak: 7592 encountered, 2528 discovered, 7 enqueued
[27.836s][info][gc,ref      ] GC(17) Final: 34 encountered, 7 discovered, 3 enqueued
[27.836s][info][gc,ref      ] GC(17) Phantom: 90 encountered, 68 discovered, 0 enqueued
[27.836s][info][gc,reloc    ] GC(17) Small Pages: 758 / 1516M, Empty: 1414M, Relocated: 1M, In-Place: 0
[27.836s][info][gc,reloc    ] GC(17) Medium Pages: 1 / 32M, Empty: 0M, Relocated: 0M, In-Place: 0
[27.836s][info][gc,reloc    ] GC(17) Large Pages: 0 / 0M, Empty: 0M, Relocated: 0M, In-Place: 0
[27.836s][info][gc,reloc    ] GC(17) Forwarding Usage: 0M
[27.836s][info][gc,heap     ] GC(17) Min Capacity: 2048M(100%)
[27.836s][info][gc,heap     ] GC(17) Max Capacity: 2048M(100%)
[27.836s][info][gc,heap     ] GC(17) Soft Max Capacity: 2048M(100%)
[27.836s][info][gc,heap     ] GC(17)                Mark Start          Mark End        Relocate Start      Relocate End           High               Low         
[27.836s][info][gc,heap     ] GC(17)  Capacity:     2048M (100%)       2048M (100%)       2048M (100%)       2048M (100%)       2048M (100%)       2048M (100%)   
[27.836s][info][gc,heap     ] GC(17)      Free:      500M (24%)         498M (24%)        1910M (93%)        1974M (96%)        1974M (96%)         496M (24%)    
[27.836s][info][gc,heap     ] GC(17)      Used:     1548M (76%)        1550M (76%)         138M (7%)           74M (4%)         1552M (76%)          74M (4%)     
[27.836s][info][gc,heap     ] GC(17)      Live:         -                34M (2%)           34M (2%)           34M (2%)             -                  -          
[27.836s][info][gc,heap     ] GC(17) Allocated:         -                 2M (0%)            4M (0%)            3M (0%)             -                  -          
[27.836s][info][gc,heap     ] GC(17)   Garbage:         -              1513M (74%)          99M (5%)           35M (2%)             -                  -          
[27.836s][info][gc,heap     ] GC(17) Reclaimed:         -                  -              1414M (69%)        1477M (72%)            -                  -          
[27.836s][info][gc          ] GC(17) Garbage Collection (Allocation Rate) 1548M(76%)->74M(4%)
[29.901s][info][gc,start    ] GC(18) Garbage Collection (Allocation Rate)
[29.901s][info][gc,task     ] GC(18) Using 2 workers
[29.901s][info][gc,phases   ] GC(18) Pause Mark Start 0.010ms
[29.980s][info][gc,phases   ] GC(18) Concurrent Mark 78.712ms
[29.980s][info][gc,phases   ] GC(18) Pause Mark End 0.012ms
[29.980s][info][gc,phases   ] GC(18) Concurrent Mark Free 0.001ms
[29.989s][info][gc,phases   ] GC(18) Concurrent Process Non-Strong References 8.518ms
[29.989s][info][gc,phases   ] GC(18) Concurrent Reset Relocation Set 0.004ms
[29.994s][info][gc,phases   ] GC(18) Concurrent Select Relocation Set 5.179ms
[29.994s][info][gc,phases   ] GC(18) Pause Relocate Start 0.027ms
[30.014s][info][gc,phases   ] GC(18) Concurrent Relocate 20.001ms
[30.014s][info][gc,load     ] GC(18) Load: 0.00/0.00/0.00
[30.014s][info][gc,mmu      ] GC(18) MMU: 2ms/98.2%, 5ms/99.3%, 10ms/99.4%, 20ms/99.7%, 50ms/99.9%, 100ms/99.9%
[30.014s][info][gc,marking  ] GC(18) Mark: 2 stripe(s), 3 proactive flush(es), 1 terminate flush(es), 0 completion(s), 0 continuation(s) 
[30.014s][info][gc,marking  ] GC(18) Mark Stack Usage: 32M
[30.014s][info][gc,nmethod  ] GC(18) NMethods: 4470 registered, 421 unregistered
[30.014s][info][gc,metaspace] GC(18) Metaspace: 33M used, 34M committed, 1088M reserved
[30.014s][info][gc,ref      ] GC(18) Soft: 3784 encountered, 0 discovered, 0 enqueued
[30.014s][info][gc,ref      ] GC(18) Weak: 7598 encountered, 2343 discovered, 7 enqueued
[30.014s][info][gc,ref      ] GC(18) Final: 25031 encountered, 25000 discovered, 25000 enqueued
[30.014s][info][gc,ref      ] GC(18) Phantom: 90 encountered, 72 discovered, 0 enqueued
[30.014s][info][gc,reloc    ] GC(18) Small Pages: 854 / 1708M, Empty: 1398M, Relocated: 25M, In-Place: 0
[30.014s][info][gc,reloc    ] GC(18) Medium Pages: 1 / 32M, Empty: 0M, Relocated: 0M, In-Place: 0
[30.014s][info][gc,reloc    ] GC(18) Large Pages: 0 / 0M, Empty: 0M, Relocated: 0M, In-Place: 0
[30.014s][info][gc,reloc    ] GC(18) Forwarding Usage: 13M
[30.014s][info][gc,heap     ] GC(18) Min Capacity: 2048M(100%)
[30.014s][info][gc,heap     ] GC(18) Max Capacity: 2048M(100%)
[30.014s][info][gc,heap     ] GC(18) Soft Max Capacity: 2048M(100%)
[30.014s][info][gc,heap     ] GC(18)                Mark Start          Mark End        Relocate Start      Relocate End           High               Low         
[30.014s][info][gc,heap     ] GC(18)  Capacity:     2048M (100%)       2048M (100%)       2048M (100%)       2048M (100%)       2048M (100%)       2048M (100%)   
[30.014s][info][gc,heap     ] GC(18)      Free:      308M (15%)         126M (6%)         1508M (74%)        1732M (85%)        1732M (85%)         116M (6%)     
[30.014s][info][gc,heap     ] GC(18)      Used:     1740M (85%)        1922M (94%)         540M (26%)         316M (15%)        1932M (94%)         316M (15%)    
[30.014s][info][gc,heap     ] GC(18)      Live:         -                58M (3%)           58M (3%)           58M (3%)             -                  -          
[30.014s][info][gc,heap     ] GC(18) Allocated:         -               182M (9%)          198M (10%)         220M (11%)            -                  -          
[30.014s][info][gc,heap     ] GC(18)   Garbage:         -              1681M (82%)         283M (14%)          36M (2%)             -                  -          
[30.014s][info][gc,heap     ] GC(18) Reclaimed:         -                  -              1398M (68%)        1644M (80%)            -                  -          
[30.014s][info][gc          ] GC(18) Garbage Collection (Allocation Rate) 1740M(85%)->316M(15%)
[30.088s][info][gc,stats    ] === Garbage Collection Statistics =======================================================================================================================
[30.088s][info][gc,stats    ]                                                              Last 10s              Last 10m              Last 10h                Total
[30.088s][info][gc,stats    ]                                                              Avg / Max             Avg / Max             Avg / Max             Avg / Max
[30.088s][info][gc,stats    ]   Collector: Garbage Collection Cycle                     84.185 / 131.589      88.194 / 212.064      88.194 / 212.064      88.194 / 212.064     ms
[30.089s][info][gc,stats    ]  Contention: Mark Segment Reset Contention                     0 / 0                 0 / 0                 0 / 0                 0 / 0           ops/s
[30.089s][info][gc,stats    ]  Contention: Mark SeqNum Reset Contention                      0 / 0                 0 / 0                 0 / 0                 0 / 0           ops/s
[30.089s][info][gc,stats    ]    Critical: Allocation Stall                                  0 / 0                 0 / 0                 0 / 0                 0 / 0           ops/s
[30.089s][info][gc,stats    ]    Critical: Allocation Stall                              0.000 / 0.000         0.000 / 0.000         0.000 / 0.000         0.000 / 0.000       ms
[30.089s][info][gc,stats    ]    Critical: GC Locker Stall                                   0 / 0                 0 / 0                 0 / 0                 0 / 0           ops/s
[30.089s][info][gc,stats    ]    Critical: GC Locker Stall                               0.000 / 0.000         0.000 / 0.000         0.000 / 0.000         0.000 / 0.000       ms
[30.089s][info][gc,stats    ]    Critical: Relocation Stall                                  0 / 0                 0 / 0                 0 / 0                 0 / 0           ops/s
[30.089s][info][gc,stats    ]    Critical: Relocation Stall                              0.000 / 0.000         0.000 / 0.000         0.000 / 0.000         0.000 / 0.000       ms
[30.089s][info][gc,stats    ]      Memory: Allocation Rate                                 708 / 1100            631 / 1100            631 / 1100            631 / 1100        MB/s
[30.089s][info][gc,stats    ]      Memory: Out Of Memory                                     0 / 0                 0 / 0                 0 / 0                 0 / 0           ops/s
[30.089s][info][gc,stats    ]      Memory: Page Cache Flush                                  0 / 0                 0 / 0                 0 / 0                 0 / 0           MB/s
[30.089s][info][gc,stats    ]      Memory: Page Cache Hit L1                               358 / 564             284 / 564             284 / 564             284 / 564         ops/s
[30.089s][info][gc,stats    ]      Memory: Page Cache Hit L2                                 0 / 0                 0 / 0                 0 / 0                 0 / 0           ops/s
[30.089s][info][gc,stats    ]      Memory: Page Cache Hit L3                                 0 / 0                33 / 223              33 / 223              33 / 223         ops/s
[30.089s][info][gc,stats    ]      Memory: Page Cache Miss                                   0 / 0                 0 / 1                 0 / 1                 0 / 1           ops/s
[30.089s][info][gc,stats    ]      Memory: Uncommit                                          0 / 0                 0 / 0                 0 / 0                 0 / 0           MB/s
[30.089s][info][gc,stats    ]      Memory: Undo Object Allocation Failed                     0 / 0                 0 / 0                 0 / 0                 0 / 0           ops/s
[30.089s][info][gc,stats    ]      Memory: Undo Object Allocation Succeeded                  0 / 3                 0 / 3                 0 / 3                 0 / 3           ops/s
[30.089s][info][gc,stats    ]      Memory: Undo Page Allocation                              0 / 0                 0 / 0                 0 / 0                 0 / 0           ops/s
[30.089s][info][gc,stats    ]       Phase: Concurrent Mark                              60.615 / 95.572       65.157 / 157.696      65.157 / 157.696      65.157 / 157.696     ms
[30.089s][info][gc,stats    ]       Phase: Concurrent Mark Continue                      0.000 / 0.000         0.000 / 0.000         0.000 / 0.000         0.000 / 0.000       ms
[30.089s][info][gc,stats    ]       Phase: Concurrent Mark Free                          0.002 / 0.003         0.003 / 0.026         0.003 / 0.026         0.003 / 0.026       ms
[30.089s][info][gc,stats    ]       Phase: Concurrent Process Non-Strong References      8.730 / 10.898        8.112 / 12.445        8.112 / 12.445        8.112 / 12.445      ms
[30.089s][info][gc,stats    ]       Phase: Concurrent Relocate                          10.560 / 21.812       10.707 / 34.700       10.707 / 34.700       10.707 / 34.700      ms
[30.089s][info][gc,stats    ]       Phase: Concurrent Reset Relocation Set               0.006 / 0.016         0.008 / 0.018         0.008 / 0.018         0.008 / 0.018       ms
[30.089s][info][gc,stats    ]       Phase: Concurrent Select Relocation Set              3.176 / 5.179         3.155 / 6.009         3.155 / 6.009         3.155 / 6.009       ms
[30.089s][info][gc,stats    ]       Phase: Pause Mark End                                0.016 / 0.024         0.017 / 0.024         0.017 / 0.024         0.017 / 0.024       ms
[30.089s][info][gc,stats    ]       Phase: Pause Mark Start                              0.010 / 0.013         0.010 / 0.015         0.010 / 0.015         0.010 / 0.015       ms
[30.089s][info][gc,stats    ]       Phase: Pause Relocate Start                          0.021 / 0.036         0.016 / 0.036         0.016 / 0.036         0.016 / 0.036       ms
[30.089s][info][gc,stats    ]    Subphase: Concurrent Classes Purge                      0.200 / 0.262         0.198 / 0.307         0.198 / 0.307         0.198 / 0.307       ms
[30.089s][info][gc,stats    ]    Subphase: Concurrent Classes Unlink                     5.844 / 9.428         5.642 / 10.583        5.642 / 10.583        5.642 / 10.583      ms
[30.089s][info][gc,stats    ]    Subphase: Concurrent Mark                              55.934 / 94.213       57.510 / 156.558      57.510 / 156.558      57.510 / 156.558     ms
[30.089s][info][gc,stats    ]    Subphase: Concurrent Mark Try Flush                     0.104 / 0.276         0.105 / 0.366         0.105 / 0.366         0.105 / 0.366       ms
[30.089s][info][gc,stats    ]    Subphase: Concurrent Mark Try Terminate                 7.629 / 16.095        6.193 / 16.304        6.193 / 16.304        6.193 / 16.304      ms
[30.089s][info][gc,stats    ]    Subphase: Concurrent References Enqueue                 0.005 / 0.007         0.005 / 0.009         0.005 / 0.009         0.005 / 0.009       ms
[30.089s][info][gc,stats    ]    Subphase: Concurrent References Process                 1.700 / 3.212         1.323 / 3.538         1.323 / 3.538         1.323 / 3.538       ms
[30.089s][info][gc,stats    ]    Subphase: Concurrent Roots ClassLoaderDataGraph         0.098 / 0.230         0.101 / 0.342         0.101 / 0.342         0.101 / 0.342       ms
[30.089s][info][gc,stats    ]    Subphase: Concurrent Roots CodeCache                    0.000 / 0.000         0.000 / 0.000         0.000 / 0.000         0.000 / 0.000       ms
[30.089s][info][gc,stats    ]    Subphase: Concurrent Roots JavaThreads                  0.604 / 1.512         0.640 / 3.530         0.640 / 3.530         0.640 / 3.530       ms
[30.089s][info][gc,stats    ]    Subphase: Concurrent Roots OopStorageSet                0.016 / 0.023         0.018 / 0.049         0.018 / 0.049         0.018 / 0.049       ms
[30.089s][info][gc,stats    ]    Subphase: Concurrent Weak Roots OopStorageSet           0.784 / 1.083         0.744 / 1.149         0.744 / 1.149         0.744 / 1.149       ms
[30.089s][info][gc,stats    ]    Subphase: Pause Mark Try Complete                       0.000 / 0.000         0.000 / 0.000         0.000 / 0.000         0.000 / 0.000       ms
[30.089s][info][gc,stats    ]      System: Java Threads                                     12 / 12               12 / 13               12 / 13               12 / 13          threads
[30.090s][info][gc,stats    ] =========================================================================================================================================================
[32.189s][info][gc,start    ] GC(19) Garbage Collection (Allocation Rate)
[32.189s][info][gc,task     ] GC(19) Using 2 workers
[32.189s][info][gc,phases   ] GC(19) Pause Mark Start 0.009ms
[32.269s][info][gc,phases   ] GC(19) Concurrent Mark 79.450ms
[32.269s][info][gc,phases   ] GC(19) Pause Mark End 0.020ms
[32.269s][info][gc,phases   ] GC(19) Concurrent Mark Free 0.002ms
[32.278s][info][gc,phases   ] GC(19) Concurrent Process Non-Strong References 8.503ms
[32.278s][info][gc,phases   ] GC(19) Concurrent Reset Relocation Set 0.014ms
[32.280s][info][gc,phases   ] GC(19) Concurrent Select Relocation Set 2.775ms
[32.281s][info][gc,phases   ] GC(19) Pause Relocate Start 0.030ms
[32.300s][info][gc,phases   ] GC(19) Concurrent Relocate 19.379ms
[32.300s][info][gc,load     ] GC(19) Load: 0.00/0.00/0.00
[32.300s][info][gc,mmu      ] GC(19) MMU: 2ms/98.2%, 5ms/99.3%, 10ms/99.4%, 20ms/99.7%, 50ms/99.9%, 100ms/99.9%
[32.300s][info][gc,marking  ] GC(19) Mark: 2 stripe(s), 2 proactive flush(es), 1 terminate flush(es), 0 completion(s), 0 continuation(s) 
[32.300s][info][gc,marking  ] GC(19) Mark Stack Usage: 32M
[32.300s][info][gc,nmethod  ] GC(19) NMethods: 4476 registered, 421 unregistered
[32.300s][info][gc,metaspace] GC(19) Metaspace: 33M used, 34M committed, 1088M reserved
[32.300s][info][gc,ref      ] GC(19) Soft: 3784 encountered, 0 discovered, 0 enqueued
[32.300s][info][gc,ref      ] GC(19) Weak: 7589 encountered, 1106 discovered, 0 enqueued
[32.300s][info][gc,ref      ] GC(19) Final: 25031 encountered, 25000 discovered, 25000 enqueued
[32.300s][info][gc,ref      ] GC(19) Phantom: 90 encountered, 72 discovered, 0 enqueued
[32.300s][info][gc,reloc    ] GC(19) Small Pages: 767 / 1534M, Empty: 1208M, Relocated: 25M, In-Place: 0
[32.300s][info][gc,reloc    ] GC(19) Medium Pages: 1 / 32M, Empty: 0M, Relocated: 0M, In-Place: 0
[32.300s][info][gc,reloc    ] GC(19) Large Pages: 0 / 0M, Empty: 0M, Relocated: 0M, In-Place: 0
[32.300s][info][gc,reloc    ] GC(19) Forwarding Usage: 13M
[32.300s][info][gc,heap     ] GC(19) Min Capacity: 2048M(100%)
[32.300s][info][gc,heap     ] GC(19) Max Capacity: 2048M(100%)
[32.300s][info][gc,heap     ] GC(19) Soft Max Capacity: 2048M(100%)
[32.301s][info][gc,heap     ] GC(19)                Mark Start          Mark End        Relocate Start      Relocate End           High               Low         
[32.301s][info][gc,heap     ] GC(19)  Capacity:     2048M (100%)       2048M (100%)       2048M (100%)       2048M (100%)       2048M (100%)       2048M (100%)   
[32.303s][info][gc,heap     ] GC(19)      Free:      482M (24%)         444M (22%)        1644M (80%)        1898M (93%)        1898M (93%)         438M (21%)    
[32.303s][info][gc,heap     ] GC(19)      Used:     1566M (76%)        1604M (78%)         404M (20%)         150M (7%)         1610M (79%)         150M (7%)     
[32.303s][info][gc,heap     ] GC(19)      Live:         -                58M (3%)           58M (3%)           58M (3%)             -                  -          
[32.303s][info][gc,heap     ] GC(19) Allocated:         -                38M (2%)           46M (2%)           57M (3%)             -                  -          
[32.303s][info][gc,heap     ] GC(19)   Garbage:         -              1507M (74%)         299M (15%)          33M (2%)             -                  -          
[32.303s][info][gc,heap     ] GC(19) Reclaimed:         -                  -              1208M (59%)        1473M (72%)            -                  -          
[32.303s][info][gc          ] GC(19) Garbage Collection (Allocation Rate) 1566M(76%)->150M(7%)
[32.404s][info][gc,start    ] GC(20) Garbage Collection (System.gc())
[32.404s][info][gc,task     ] GC(20) Using 2 workers
[32.404s][info][gc,phases   ] GC(20) Pause Mark Start 0.005ms
[32.427s][info][gc,phases   ] GC(20) Concurrent Mark 23.022ms
[32.427s][info][gc,phases   ] GC(20) Pause Mark End 0.013ms
[32.427s][info][gc,phases   ] GC(20) Concurrent Mark Free 0.001ms
[32.432s][info][gc,phases   ] GC(20) Concurrent Process Non-Strong References 5.154ms
[32.432s][info][gc,phases   ] GC(20) Concurrent Reset Relocation Set 0.018ms
[32.435s][info][gc,phases   ] GC(20) Concurrent Select Relocation Set 2.987ms
[32.436s][info][gc,phases   ] GC(20) Pause Relocate Start 0.010ms
[32.437s][info][gc,phases   ] GC(20) Concurrent Relocate 0.952ms
[32.437s][info][gc,load     ] GC(20) Load: 0.00/0.00/0.00
[32.437s][info][gc,mmu      ] GC(20) MMU: 2ms/98.2%, 5ms/99.3%, 10ms/99.4%, 20ms/99.7%, 50ms/99.9%, 100ms/99.9%
[32.437s][info][gc,marking  ] GC(20) Mark: 2 stripe(s), 1 proactive flush(es), 1 terminate flush(es), 0 completion(s), 0 continuation(s) 
[32.437s][info][gc,marking  ] GC(20) Mark Stack Usage: 32M
[32.437s][info][gc,nmethod  ] GC(20) NMethods: 4480 registered, 421 unregistered
[32.437s][info][gc,metaspace] GC(20) Metaspace: 33M used, 34M committed, 1088M reserved
[32.437s][info][gc,ref      ] GC(20) Soft: 3784 encountered, 0 discovered, 0 enqueued
[32.437s][info][gc,ref      ] GC(20) Weak: 7589 encountered, 1649 discovered, 0 enqueued
[32.437s][info][gc,ref      ] GC(20) Final: 31 encountered, 1 discovered, 0 enqueued
[32.437s][info][gc,ref      ] GC(20) Phantom: 88 encountered, 70 discovered, 0 enqueued
[32.437s][info][gc,reloc    ] GC(20) Small Pages: 78 / 156M, Empty: 108M, Relocated: 1M, In-Place: 0
[32.437s][info][gc,reloc    ] GC(20) Medium Pages: 1 / 32M, Empty: 0M, Relocated: 0M, In-Place: 0
[32.437s][info][gc,reloc    ] GC(20) Large Pages: 0 / 0M, Empty: 0M, Relocated: 0M, In-Place: 0
[32.437s][info][gc,reloc    ] GC(20) Forwarding Usage: 0M
[32.437s][info][gc,heap     ] GC(20) Min Capacity: 2048M(100%)
[32.437s][info][gc,heap     ] GC(20) Max Capacity: 2048M(100%)
[32.437s][info][gc,heap     ] GC(20) Soft Max Capacity: 2048M(100%)
[32.437s][info][gc,heap     ] GC(20)                Mark Start          Mark End        Relocate Start      Relocate End           High               Low         
[32.437s][info][gc,heap     ] GC(20)  Capacity:     2048M (100%)       2048M (100%)       2048M (100%)       2048M (100%)       2048M (100%)       2048M (100%)   
[32.437s][info][gc,heap     ] GC(20)      Free:     1860M (91%)        1860M (91%)        1968M (96%)        1978M (97%)        1978M (97%)        1860M (91%)    
[32.437s][info][gc,heap     ] GC(20)      Used:      188M (9%)          188M (9%)           80M (4%)           70M (3%)          188M (9%)           70M (3%)     
[32.437s][info][gc,heap     ] GC(20)      Live:         -                34M (2%)           34M (2%)           34M (2%)             -                  -          
[32.437s][info][gc,heap     ] GC(20) Allocated:         -                 0M (0%)            0M (0%)            0M (0%)             -                  -          
[32.437s][info][gc,heap     ] GC(20)   Garbage:         -               153M (8%)           45M (2%)           35M (2%)             -                  -          
[32.437s][info][gc,heap     ] GC(20) Reclaimed:         -                  -               108M (5%)          118M (6%)             -                  -          
[32.437s][info][gc          ] GC(20) Garbage Collection (System.gc()) 188M(9%)->70M(3%)
[34.202s][info][gc,start    ] GC(21) Garbage Collection (Allocation Rate)
[34.202s][info][gc,task     ] GC(21) Using 2 workers
[34.202s][info][gc,phases   ] GC(21) Pause Mark Start 0.006ms
[34.233s][info][gc,phases   ] GC(21) Concurrent Mark 31.514ms
[34.234s][info][gc,phases   ] GC(21) Pause Mark End 0.008ms
[34.234s][info][gc,phases   ] GC(21) Concurrent Mark Free 0.002ms
[34.244s][info][gc,phases   ] GC(21) Concurrent Process Non-Strong References 10.143ms
[34.244s][info][gc,phases   ] GC(21) Concurrent Reset Relocation Set 0.001ms
[34.246s][info][gc,phases   ] GC(21) Concurrent Select Relocation Set 1.724ms
[34.246s][info][gc,phases   ] GC(21) Pause Relocate Start 0.010ms
[34.246s][info][gc,phases   ] GC(21) Concurrent Relocate 0.517ms
[34.246s][info][gc,load     ] GC(21) Load: 0.00/0.00/0.00
[34.246s][info][gc,mmu      ] GC(21) MMU: 2ms/98.2%, 5ms/99.3%, 10ms/99.4%, 20ms/99.7%, 50ms/99.9%, 100ms/99.9%
[34.246s][info][gc,marking  ] GC(21) Mark: 2 stripe(s), 2 proactive flush(es), 1 terminate flush(es), 0 completion(s), 0 continuation(s) 
[34.246s][info][gc,marking  ] GC(21) Mark Stack Usage: 32M
[34.246s][info][gc,nmethod  ] GC(21) NMethods: 4331 registered, 622 unregistered
[34.246s][info][gc,metaspace] GC(21) Metaspace: 33M used, 34M committed, 1088M reserved
[34.246s][info][gc,ref      ] GC(21) Soft: 3784 encountered, 0 discovered, 0 enqueued
[34.246s][info][gc,ref      ] GC(21) Weak: 7604 encountered, 2538 discovered, 7 enqueued
[34.246s][info][gc,ref      ] GC(21) Final: 34 encountered, 6 discovered, 3 enqueued
[34.246s][info][gc,ref      ] GC(21) Phantom: 90 encountered, 69 discovered, 0 enqueued
[34.247s][info][gc,reloc    ] GC(21) Small Pages: 757 / 1514M, Empty: 1412M, Relocated: 1M, In-Place: 0
[34.247s][info][gc,reloc    ] GC(21) Medium Pages: 1 / 32M, Empty: 0M, Relocated: 0M, In-Place: 0
[34.247s][info][gc,reloc    ] GC(21) Large Pages: 0 / 0M, Empty: 0M, Relocated: 0M, In-Place: 0
[34.247s][info][gc,reloc    ] GC(21) Forwarding Usage: 0M
[34.247s][info][gc,heap     ] GC(21) Min Capacity: 2048M(100%)
[34.247s][info][gc,heap     ] GC(21) Max Capacity: 2048M(100%)
[34.247s][info][gc,heap     ] GC(21) Soft Max Capacity: 2048M(100%)
[34.247s][info][gc,heap     ] GC(21)                Mark Start          Mark End        Relocate Start      Relocate End           High               Low         
[34.247s][info][gc,heap     ] GC(21)  Capacity:     2048M (100%)       2048M (100%)       2048M (100%)       2048M (100%)       2048M (100%)       2048M (100%)   
[34.247s][info][gc,heap     ] GC(21)      Free:      502M (25%)         500M (24%)        1910M (93%)        1974M (96%)        1974M (96%)         498M (24%)    
[34.247s][info][gc,heap     ] GC(21)      Used:     1546M (75%)        1548M (76%)         138M (7%)           74M (4%)         1550M (76%)          74M (4%)     
[34.247s][info][gc,heap     ] GC(21)      Live:         -                34M (2%)           34M (2%)           34M (2%)             -                  -          
[34.247s][info][gc,heap     ] GC(21) Allocated:         -                 2M (0%)            4M (0%)            3M (0%)             -                  -          
[34.247s][info][gc,heap     ] GC(21)   Garbage:         -              1511M (74%)          99M (5%)           35M (2%)             -                  -          
[34.247s][info][gc,heap     ] GC(21) Reclaimed:         -                  -              1412M (69%)        1475M (72%)            -                  -          
[34.247s][info][gc          ] GC(21) Garbage Collection (Allocation Rate) 1546M(75%)->74M(4%)
[36.197s][info][gc,start    ] GC(22) Garbage Collection (Allocation Rate)
[36.197s][info][gc,task     ] GC(22) Using 2 workers
[36.197s][info][gc,phases   ] GC(22) Pause Mark Start 0.012ms
[36.277s][info][gc,phases   ] GC(22) Concurrent Mark 79.606ms
[36.277s][info][gc,phases   ] GC(22) Pause Mark End 0.016ms
[36.278s][info][gc,phases   ] GC(22) Concurrent Mark Free 0.002ms
[36.286s][info][gc,phases   ] GC(22) Concurrent Process Non-Strong References 8.447ms
[36.286s][info][gc,phases   ] GC(22) Concurrent Reset Relocation Set 0.005ms
[36.292s][info][gc,phases   ] GC(22) Concurrent Select Relocation Set 5.992ms
[36.292s][info][gc,phases   ] GC(22) Pause Relocate Start 0.017ms
[36.311s][info][gc,phases   ] GC(22) Concurrent Relocate 18.725ms
[36.311s][info][gc,load     ] GC(22) Load: 0.00/0.00/0.00
[36.311s][info][gc,mmu      ] GC(22) MMU: 2ms/98.2%, 5ms/99.3%, 10ms/99.4%, 20ms/99.7%, 50ms/99.9%, 100ms/99.9%
[36.311s][info][gc,marking  ] GC(22) Mark: 2 stripe(s), 2 proactive flush(es), 1 terminate flush(es), 0 completion(s), 0 continuation(s) 
[36.311s][info][gc,marking  ] GC(22) Mark Stack Usage: 32M
[36.311s][info][gc,nmethod  ] GC(22) NMethods: 4341 registered, 622 unregistered
[36.311s][info][gc,metaspace] GC(22) Metaspace: 33M used, 34M committed, 1088M reserved
[36.311s][info][gc,ref      ] GC(22) Soft: 3784 encountered, 0 discovered, 0 enqueued
[36.311s][info][gc,ref      ] GC(22) Weak: 7612 encountered, 991 discovered, 7 enqueued
[36.311s][info][gc,ref      ] GC(22) Final: 25031 encountered, 25000 discovered, 25000 enqueued
[36.311s][info][gc,ref      ] GC(22) Phantom: 90 encountered, 72 discovered, 0 enqueued
[36.311s][info][gc,reloc    ] GC(22) Small Pages: 935 / 1870M, Empty: 1560M, Relocated: 25M, In-Place: 0
[36.311s][info][gc,reloc    ] GC(22) Medium Pages: 1 / 32M, Empty: 0M, Relocated: 0M, In-Place: 0
[36.311s][info][gc,reloc    ] GC(22) Large Pages: 0 / 0M, Empty: 0M, Relocated: 0M, In-Place: 0
[36.311s][info][gc,reloc    ] GC(22) Forwarding Usage: 13M
[36.311s][info][gc,heap     ] GC(22) Min Capacity: 2048M(100%)
[36.311s][info][gc,heap     ] GC(22) Max Capacity: 2048M(100%)
[36.312s][info][gc,heap     ] GC(22) Soft Max Capacity: 2048M(100%)
[36.312s][info][gc,heap     ] GC(22)                Mark Start          Mark End        Relocate Start      Relocate End           High               Low         
[36.312s][info][gc,heap     ] GC(22)  Capacity:     2048M (100%)       2048M (100%)       2048M (100%)       2048M (100%)       2048M (100%)       2048M (100%)   
[36.312s][info][gc,heap     ] GC(22)      Free:      146M (7%)           64M (3%)         1614M (79%)        1858M (91%)        1858M (91%)          58M (3%)     
[36.312s][info][gc,heap     ] GC(22)      Used:     1902M (93%)        1984M (97%)         434M (21%)         190M (9%)         1990M (97%)         190M (9%)     
[36.312s][info][gc,heap     ] GC(22)      Live:         -                58M (3%)           58M (3%)           58M (3%)             -                  -          
[36.312s][info][gc,heap     ] GC(22) Allocated:         -                82M (4%)           92M (4%)           95M (5%)             -                  -          
[36.312s][info][gc,heap     ] GC(22)   Garbage:         -              1843M (90%)         283M (14%)          35M (2%)             -                  -          
[36.312s][info][gc,heap     ] GC(22) Reclaimed:         -                  -              1560M (76%)        1807M (88%)            -                  -          
[36.312s][info][gc          ] GC(22) Garbage Collection (Allocation Rate) 1902M(93%)->190M(9%)
[38.398s][info][gc,start    ] GC(23) Garbage Collection (Allocation Rate)
[38.398s][info][gc,task     ] GC(23) Using 2 workers
[38.398s][info][gc,phases   ] GC(23) Pause Mark Start 0.012ms
[38.477s][info][gc,phases   ] GC(23) Concurrent Mark 79.049ms
[38.477s][info][gc,phases   ] GC(23) Pause Mark End 0.015ms
[38.477s][info][gc,phases   ] GC(23) Concurrent Mark Free 0.002ms
[38.486s][info][gc,phases   ] GC(23) Concurrent Process Non-Strong References 8.526ms
[38.486s][info][gc,phases   ] GC(23) Concurrent Reset Relocation Set 0.015ms
[38.490s][info][gc,phases   ] GC(23) Concurrent Select Relocation Set 3.744ms
[38.490s][info][gc,phases   ] GC(23) Pause Relocate Start 0.013ms
[38.513s][info][gc,phases   ] GC(23) Concurrent Relocate 23.560ms
[38.513s][info][gc,load     ] GC(23) Load: 0.00/0.00/0.00
[38.513s][info][gc,mmu      ] GC(23) MMU: 2ms/98.2%, 5ms/99.3%, 10ms/99.4%, 20ms/99.7%, 50ms/99.9%, 100ms/99.9%
[38.513s][info][gc,marking  ] GC(23) Mark: 2 stripe(s), 5 proactive flush(es), 1 terminate flush(es), 0 completion(s), 0 continuation(s) 
[38.513s][info][gc,marking  ] GC(23) Mark Stack Usage: 32M
[38.513s][info][gc,nmethod  ] GC(23) NMethods: 4354 registered, 622 unregistered
[38.513s][info][gc,metaspace] GC(23) Metaspace: 33M used, 34M committed, 1088M reserved
[38.513s][info][gc,ref      ] GC(23) Soft: 3784 encountered, 0 discovered, 0 enqueued
[38.513s][info][gc,ref      ] GC(23) Weak: 7603 encountered, 1920 discovered, 0 enqueued
[38.513s][info][gc,ref      ] GC(23) Final: 25031 encountered, 25000 discovered, 25000 enqueued
[38.513s][info][gc,ref      ] GC(23) Phantom: 90 encountered, 68 discovered, 0 enqueued
[38.513s][info][gc,reloc    ] GC(23) Small Pages: 708 / 1416M, Empty: 1094M, Relocated: 25M, In-Place: 0
[38.513s][info][gc,reloc    ] GC(23) Medium Pages: 1 / 32M, Empty: 0M, Relocated: 0M, In-Place: 0
[38.513s][info][gc,reloc    ] GC(23) Large Pages: 0 / 0M, Empty: 0M, Relocated: 0M, In-Place: 0
[38.513s][info][gc,reloc    ] GC(23) Forwarding Usage: 13M
[38.513s][info][gc,heap     ] GC(23) Min Capacity: 2048M(100%)
[38.513s][info][gc,heap     ] GC(23) Max Capacity: 2048M(100%)
[38.513s][info][gc,heap     ] GC(23) Soft Max Capacity: 2048M(100%)
[38.513s][info][gc,heap     ] GC(23)                Mark Start          Mark End        Relocate Start      Relocate End           High               Low         
[38.513s][info][gc,heap     ] GC(23)  Capacity:     2048M (100%)       2048M (100%)       2048M (100%)       2048M (100%)       2048M (100%)       2048M (100%)   
[38.513s][info][gc,heap     ] GC(23)      Free:      600M (29%)         556M (27%)        1650M (81%)        1904M (93%)        1904M (93%)         556M (27%)    
[38.513s][info][gc,heap     ] GC(23)      Used:     1448M (71%)        1492M (73%)         398M (19%)         144M (7%)         1492M (73%)         144M (7%)     
[38.513s][info][gc,heap     ] GC(23)      Live:         -                58M (3%)           58M (3%)           58M (3%)             -                  -          
[38.513s][info][gc,heap     ] GC(23) Allocated:         -                44M (2%)           44M (2%)           48M (2%)             -                  -          
[38.513s][info][gc,heap     ] GC(23)   Garbage:         -              1389M (68%)         295M (14%)          36M (2%)             -                  -          
[38.514s][info][gc,heap     ] GC(23) Reclaimed:         -                  -              1094M (53%)        1352M (66%)            -                  -          
[38.514s][info][gc          ] GC(23) Garbage Collection (Allocation Rate) 1448M(71%)->144M(7%)
[38.514s][info][gc,start    ] GC(24) Garbage Collection (System.gc())
[38.514s][info][gc,task     ] GC(24) Using 2 workers
[38.514s][info][gc,phases   ] GC(24) Pause Mark Start 0.010ms
[38.544s][info][gc,phases   ] GC(24) Concurrent Mark 29.983ms
[38.544s][info][gc,phases   ] GC(24) Pause Mark End 0.019ms
[38.544s][info][gc,phases   ] GC(24) Concurrent Mark Free 0.002ms
[38.549s][info][gc,phases   ] GC(24) Concurrent Process Non-Strong References 5.334ms
[38.549s][info][gc,phases   ] GC(24) Concurrent Reset Relocation Set 0.010ms
[38.552s][info][gc,phases   ] GC(24) Concurrent Select Relocation Set 2.258ms
[38.552s][info][gc,phases   ] GC(24) Pause Relocate Start 0.006ms
[38.552s][info][gc,phases   ] GC(24) Concurrent Relocate 0.405ms
[38.552s][info][gc,load     ] GC(24) Load: 0.00/0.00/0.00
[38.552s][info][gc,mmu      ] GC(24) MMU: 2ms/98.2%, 5ms/99.3%, 10ms/99.4%, 20ms/99.7%, 50ms/99.9%, 100ms/99.9%
[38.552s][info][gc,marking  ] GC(24) Mark: 2 stripe(s), 1 proactive flush(es), 1 terminate flush(es), 0 completion(s), 0 continuation(s) 
[38.552s][info][gc,marking  ] GC(24) Mark Stack Usage: 32M
[38.552s][info][gc,nmethod  ] GC(24) NMethods: 4355 registered, 622 unregistered
[38.552s][info][gc,metaspace] GC(24) Metaspace: 33M used, 34M committed, 1088M reserved
[38.552s][info][gc,ref      ] GC(24) Soft: 3784 encountered, 0 discovered, 0 enqueued
[38.552s][info][gc,ref      ] GC(24) Weak: 7603 encountered, 1618 discovered, 0 enqueued
[38.552s][info][gc,ref      ] GC(24) Final: 31 encountered, 1 discovered, 0 enqueued
[38.552s][info][gc,ref      ] GC(24) Phantom: 88 encountered, 70 discovered, 0 enqueued
[38.552s][info][gc,reloc    ] GC(24) Small Pages: 56 / 112M, Empty: 66M, Relocated: 1M, In-Place: 0
[38.552s][info][gc,reloc    ] GC(24) Medium Pages: 1 / 32M, Empty: 0M, Relocated: 0M, In-Place: 0
[38.552s][info][gc,reloc    ] GC(24) Large Pages: 0 / 0M, Empty: 0M, Relocated: 0M, In-Place: 0
[38.552s][info][gc,reloc    ] GC(24) Forwarding Usage: 0M
[38.552s][info][gc,heap     ] GC(24) Min Capacity: 2048M(100%)
[38.552s][info][gc,heap     ] GC(24) Max Capacity: 2048M(100%)
[38.552s][info][gc,heap     ] GC(24) Soft Max Capacity: 2048M(100%)
[38.552s][info][gc,heap     ] GC(24)                Mark Start          Mark End        Relocate Start      Relocate End           High               Low         
[38.552s][info][gc,heap     ] GC(24)  Capacity:     2048M (100%)       2048M (100%)       2048M (100%)       2048M (100%)       2048M (100%)       2048M (100%)   
[38.553s][info][gc,heap     ] GC(24)      Free:     1904M (93%)        1904M (93%)        1970M (96%)        1978M (97%)        1978M (97%)        1904M (93%)    
[38.553s][info][gc,heap     ] GC(24)      Used:      144M (7%)          144M (7%)           78M (4%)           70M (3%)          144M (7%)           70M (3%)     
[38.553s][info][gc,heap     ] GC(24)      Live:         -                34M (2%)           34M (2%)           34M (2%)             -                  -          
[38.553s][info][gc,heap     ] GC(24) Allocated:         -                 0M (0%)            0M (0%)            0M (0%)             -                  -          
[38.553s][info][gc,heap     ] GC(24)   Garbage:         -               109M (5%)           43M (2%)           35M (2%)             -                  -          
[38.553s][info][gc,heap     ] GC(24) Reclaimed:         -                  -                66M (3%)           74M (4%)             -                  -          
[38.553s][info][gc          ] GC(24) Garbage Collection (System.gc()) 144M(7%)->70M(3%)
[40.102s][info][gc,stats    ] === Garbage Collection Statistics =======================================================================================================================
[40.102s][info][gc,stats    ]                                                              Last 10s              Last 10m              Last 10h                Total
[40.102s][info][gc,stats    ]                                                              Avg / Max             Avg / Max             Avg / Max             Avg / Max
[40.102s][info][gc,stats    ]   Collector: Garbage Collection Cycle                     76.164 / 115.794      85.307 / 212.064      85.307 / 212.064      85.307 / 212.064     ms
[40.102s][info][gc,stats    ]  Contention: Mark Segment Reset Contention                     0 / 0                 0 / 0                 0 / 0                 0 / 0           ops/s
[40.102s][info][gc,stats    ]  Contention: Mark SeqNum Reset Contention                      0 / 0                 0 / 0                 0 / 0                 0 / 0           ops/s
[40.102s][info][gc,stats    ]    Critical: Allocation Stall                                  0 / 0                 0 / 0                 0 / 0                 0 / 0           ops/s
[40.102s][info][gc,stats    ]    Critical: Allocation Stall                              0.000 / 0.000         0.000 / 0.000         0.000 / 0.000         0.000 / 0.000       ms
[40.102s][info][gc,stats    ]    Critical: GC Locker Stall                                   0 / 0                 0 / 0                 0 / 0                 0 / 0           ops/s
[40.102s][info][gc,stats    ]    Critical: GC Locker Stall                               0.000 / 0.000         0.000 / 0.000         0.000 / 0.000         0.000 / 0.000       ms
[40.102s][info][gc,stats    ]    Critical: Relocation Stall                                  0 / 0                 0 / 0                 0 / 0                 0 / 0           ops/s
[40.102s][info][gc,stats    ]    Critical: Relocation Stall                              0.000 / 0.000         0.000 / 0.000         0.000 / 0.000         0.000 / 0.000       ms
[40.102s][info][gc,stats    ]      Memory: Allocation Rate                                 749 / 1096            661 / 1100            661 / 1100            661 / 1100        MB/s
[40.102s][info][gc,stats    ]      Memory: Out Of Memory                                     0 / 0                 0 / 0                 0 / 0                 0 / 0           ops/s
[40.102s][info][gc,stats    ]      Memory: Page Cache Flush                                  0 / 0                 0 / 0                 0 / 0                 0 / 0           MB/s
[40.102s][info][gc,stats    ]      Memory: Page Cache Hit L1                               379 / 548             308 / 564             308 / 564             308 / 564         ops/s
[40.102s][info][gc,stats    ]      Memory: Page Cache Hit L2                                 0 / 0                 0 / 0                 0 / 0                 0 / 0           ops/s
[40.102s][info][gc,stats    ]      Memory: Page Cache Hit L3                                 0 / 0                25 / 223              25 / 223              25 / 223         ops/s
[40.102s][info][gc,stats    ]      Memory: Page Cache Miss                                   0 / 0                 0 / 1                 0 / 1                 0 / 1           ops/s
[40.102s][info][gc,stats    ]      Memory: Uncommit                                          0 / 0                 0 / 0                 0 / 0                 0 / 0           MB/s
[40.102s][info][gc,stats    ]      Memory: Undo Object Allocation Failed                     0 / 0                 0 / 0                 0 / 0                 0 / 0           ops/s
[40.102s][info][gc,stats    ]      Memory: Undo Object Allocation Succeeded                  0 / 2                 0 / 3                 0 / 3                 0 / 3           ops/s
[40.102s][info][gc,stats    ]      Memory: Undo Page Allocation                              0 / 0                 0 / 0                 0 / 0                 0 / 0           ops/s
[40.102s][info][gc,stats    ]       Phase: Concurrent Mark                              53.771 / 79.606       62.425 / 157.696      62.425 / 157.696      62.425 / 157.696     ms
[40.102s][info][gc,stats    ]       Phase: Concurrent Mark Continue                      0.000 / 0.000         0.000 / 0.000         0.000 / 0.000         0.000 / 0.000       ms
[40.102s][info][gc,stats    ]       Phase: Concurrent Mark Free                          0.002 / 0.002         0.002 / 0.026         0.002 / 0.026         0.002 / 0.026       ms
[40.103s][info][gc,stats    ]       Phase: Concurrent Process Non-Strong References      7.685 / 10.143        8.009 / 12.445        8.009 / 12.445        8.009 / 12.445      ms
[40.103s][info][gc,stats    ]       Phase: Concurrent Relocate                          10.589 / 23.560       10.679 / 34.700       10.679 / 34.700       10.679 / 34.700      ms
[40.103s][info][gc,stats    ]       Phase: Concurrent Reset Relocation Set               0.010 / 0.018         0.008 / 0.018         0.008 / 0.018         0.008 / 0.018       ms
[40.103s][info][gc,stats    ]       Phase: Concurrent Select Relocation Set              3.247 / 5.992         3.177 / 6.009         3.177 / 6.009         3.177 / 6.009       ms
[40.103s][info][gc,stats    ]       Phase: Pause Mark End                                0.015 / 0.020         0.017 / 0.024         0.017 / 0.024         0.017 / 0.024       ms
[40.103s][info][gc,stats    ]       Phase: Pause Mark Start                              0.009 / 0.012         0.009 / 0.015         0.009 / 0.015         0.009 / 0.015       ms
[40.103s][info][gc,stats    ]       Phase: Pause Relocate Start                          0.014 / 0.030         0.016 / 0.036         0.016 / 0.036         0.016 / 0.036       ms
[40.103s][info][gc,stats    ]    Subphase: Concurrent Classes Purge                      0.169 / 0.207         0.191 / 0.307         0.191 / 0.307         0.191 / 0.307       ms
[40.103s][info][gc,stats    ]    Subphase: Concurrent Classes Unlink                     4.824 / 8.466         5.446 / 10.583        5.446 / 10.583        5.446 / 10.583      ms
[40.103s][info][gc,stats    ]    Subphase: Concurrent Mark                              48.409 / 78.604       55.136 / 156.558      55.136 / 156.558      55.136 / 156.558     ms
[40.103s][info][gc,stats    ]    Subphase: Concurrent Mark Try Flush                     0.075 / 0.157         0.098 / 0.366         0.098 / 0.366         0.098 / 0.366       ms
[40.103s][info][gc,stats    ]    Subphase: Concurrent Mark Try Terminate                 6.858 / 16.135        6.369 / 16.304        6.369 / 16.304        6.369 / 16.304      ms
[40.103s][info][gc,stats    ]    Subphase: Concurrent References Enqueue                 0.004 / 0.007         0.005 / 0.009         0.005 / 0.009         0.005 / 0.009       ms
[40.103s][info][gc,stats    ]    Subphase: Concurrent References Process                 1.862 / 3.527         1.452 / 3.538         1.452 / 3.538         1.452 / 3.538       ms
[40.103s][info][gc,stats    ]    Subphase: Concurrent Roots ClassLoaderDataGraph         0.059 / 0.145         0.090 / 0.342         0.090 / 0.342         0.090 / 0.342       ms
[40.103s][info][gc,stats    ]    Subphase: Concurrent Roots CodeCache                    0.000 / 0.000         0.000 / 0.000         0.000 / 0.000         0.000 / 0.000       ms
[40.103s][info][gc,stats    ]    Subphase: Concurrent Roots JavaThreads                  0.406 / 1.893         0.579 / 3.530         0.579 / 3.530         0.579 / 3.530       ms
[40.103s][info][gc,stats    ]    Subphase: Concurrent Roots OopStorageSet                0.013 / 0.022         0.017 / 0.049         0.017 / 0.049         0.017 / 0.049       ms
[40.103s][info][gc,stats    ]    Subphase: Concurrent Weak Roots OopStorageSet           0.646 / 0.984         0.718 / 1.149         0.718 / 1.149         0.718 / 1.149       ms
[40.103s][info][gc,stats    ]    Subphase: Pause Mark Try Complete                       0.000 / 0.000         0.000 / 0.000         0.000 / 0.000         0.000 / 0.000       ms
[40.103s][info][gc,stats    ]      System: Java Threads                                     12 / 12               12 / 13               12 / 13               12 / 13          threads
[40.103s][info][gc,stats    ] =========================================================================================================================================================
[40.198s][info][gc,start    ] GC(25) Garbage Collection (Allocation Rate)
[40.198s][info][gc,task     ] GC(25) Using 2 workers
[40.198s][info][gc,phases   ] GC(25) Pause Mark Start 0.010ms
[40.229s][info][gc,phases   ] GC(25) Concurrent Mark 31.079ms
[40.230s][info][gc,phases   ] GC(25) Pause Mark End 0.013ms
[40.230s][info][gc,phases   ] GC(25) Concurrent Mark Free 0.002ms
[40.240s][info][gc,phases   ] GC(25) Concurrent Process Non-Strong References 10.489ms
[40.240s][info][gc,phases   ] GC(25) Concurrent Reset Relocation Set 0.001ms
[40.242s][info][gc,phases   ] GC(25) Concurrent Select Relocation Set 1.443ms
[40.242s][info][gc,phases   ] GC(25) Pause Relocate Start 0.010ms
[40.243s][info][gc,phases   ] GC(25) Concurrent Relocate 0.672ms
[40.243s][info][gc,load     ] GC(25) Load: 0.00/0.00/0.00
[40.243s][info][gc,mmu      ] GC(25) MMU: 2ms/98.2%, 5ms/99.3%, 10ms/99.4%, 20ms/99.7%, 50ms/99.9%, 100ms/99.9%
[40.243s][info][gc,marking  ] GC(25) Mark: 2 stripe(s), 2 proactive flush(es), 1 terminate flush(es), 0 completion(s), 0 continuation(s) 
[40.243s][info][gc,marking  ] GC(25) Mark Stack Usage: 32M
[40.243s][info][gc,nmethod  ] GC(25) NMethods: 4409 registered, 622 unregistered
[40.243s][info][gc,metaspace] GC(25) Metaspace: 34M used, 34M committed, 1088M reserved
[40.243s][info][gc,ref      ] GC(25) Soft: 3784 encountered, 0 discovered, 0 enqueued
[40.243s][info][gc,ref      ] GC(25) Weak: 7612 encountered, 1570 discovered, 7 enqueued
[40.243s][info][gc,ref      ] GC(25) Final: 34 encountered, 7 discovered, 3 enqueued
[40.243s][info][gc,ref      ] GC(25) Phantom: 90 encountered, 72 discovered, 0 enqueued
[40.243s][info][gc,reloc    ] GC(25) Small Pages: 758 / 1516M, Empty: 1414M, Relocated: 1M, In-Place: 0
[40.243s][info][gc,reloc    ] GC(25) Medium Pages: 1 / 32M, Empty: 0M, Relocated: 0M, In-Place: 0
[40.243s][info][gc,reloc    ] GC(25) Large Pages: 0 / 0M, Empty: 0M, Relocated: 0M, In-Place: 0
[40.243s][info][gc,reloc    ] GC(25) Forwarding Usage: 0M
[40.243s][info][gc,heap     ] GC(25) Min Capacity: 2048M(100%)
[40.243s][info][gc,heap     ] GC(25) Max Capacity: 2048M(100%)
[40.243s][info][gc,heap     ] GC(25) Soft Max Capacity: 2048M(100%)
[40.243s][info][gc,heap     ] GC(25)                Mark Start          Mark End        Relocate Start      Relocate End           High               Low         
[40.243s][info][gc,heap     ] GC(25)  Capacity:     2048M (100%)       2048M (100%)       2048M (100%)       2048M (100%)       2048M (100%)       2048M (100%)   
[40.243s][info][gc,heap     ] GC(25)      Free:      500M (24%)         498M (24%)        1910M (93%)        1972M (96%)        1972M (96%)         498M (24%)    
[40.243s][info][gc,heap     ] GC(25)      Used:     1548M (76%)        1550M (76%)         138M (7%)           76M (4%)         1550M (76%)          76M (4%)     
[40.243s][info][gc,heap     ] GC(25)      Live:         -                34M (2%)           34M (2%)           34M (2%)             -                  -          
[40.243s][info][gc,heap     ] GC(25) Allocated:         -                 2M (0%)            4M (0%)            5M (0%)             -                  -          
[40.243s][info][gc,heap     ] GC(25)   Garbage:         -              1513M (74%)          99M (5%)           35M (2%)             -                  -          
[40.243s][info][gc,heap     ] GC(25) Reclaimed:         -                  -              1414M (69%)        1477M (72%)            -                  -          
[40.243s][info][gc          ] GC(25) Garbage Collection (Allocation Rate) 1548M(76%)->76M(4%)
[41.993s][info][gc,start    ] GC(26) Garbage Collection (Allocation Rate)
[41.993s][info][gc,task     ] GC(26) Using 2 workers
[41.994s][info][gc,phases   ] GC(26) Pause Mark Start 0.009ms
[42.072s][info][gc,phases   ] GC(26) Concurrent Mark 78.651ms
[42.072s][info][gc,phases   ] GC(26) Pause Mark End 0.013ms
[42.073s][info][gc,phases   ] GC(26) Concurrent Mark Free 0.001ms
[42.082s][info][gc,phases   ] GC(26) Concurrent Process Non-Strong References 9.737ms
[42.082s][info][gc,phases   ] GC(26) Concurrent Reset Relocation Set 0.004ms
[42.088s][info][gc,phases   ] GC(26) Concurrent Select Relocation Set 6.093ms
[42.089s][info][gc,phases   ] GC(26) Pause Relocate Start 0.014ms
[42.111s][info][gc,phases   ] GC(26) Concurrent Relocate 22.411ms
[42.111s][info][gc,load     ] GC(26) Load: 0.00/0.00/0.00
[42.111s][info][gc,mmu      ] GC(26) MMU: 2ms/98.2%, 5ms/99.3%, 10ms/99.4%, 20ms/99.7%, 50ms/99.9%, 100ms/99.9%
[42.111s][info][gc,marking  ] GC(26) Mark: 2 stripe(s), 4 proactive flush(es), 1 terminate flush(es), 0 completion(s), 0 continuation(s) 
[42.111s][info][gc,marking  ] GC(26) Mark Stack Usage: 32M
[42.111s][info][gc,nmethod  ] GC(26) NMethods: 4421 registered, 622 unregistered
[42.111s][info][gc,metaspace] GC(26) Metaspace: 34M used, 34M committed, 1088M reserved
[42.111s][info][gc,ref      ] GC(26) Soft: 3784 encountered, 0 discovered, 0 enqueued
[42.111s][info][gc,ref      ] GC(26) Weak: 7614 encountered, 419 discovered, 7 enqueued
[42.111s][info][gc,ref      ] GC(26) Final: 25031 encountered, 25000 discovered, 25000 enqueued
[42.111s][info][gc,ref      ] GC(26) Phantom: 90 encountered, 68 discovered, 0 enqueued
[42.111s][info][gc,reloc    ] GC(26) Small Pages: 853 / 1706M, Empty: 1394M, Relocated: 25M, In-Place: 0
[42.112s][info][gc,reloc    ] GC(26) Medium Pages: 1 / 32M, Empty: 0M, Relocated: 0M, In-Place: 0
[42.112s][info][gc,reloc    ] GC(26) Large Pages: 0 / 0M, Empty: 0M, Relocated: 0M, In-Place: 0
[42.112s][info][gc,reloc    ] GC(26) Forwarding Usage: 13M
[42.112s][info][gc,heap     ] GC(26) Min Capacity: 2048M(100%)
[42.112s][info][gc,heap     ] GC(26) Max Capacity: 2048M(100%)
[42.112s][info][gc,heap     ] GC(26) Soft Max Capacity: 2048M(100%)
[42.112s][info][gc,heap     ] GC(26)                Mark Start          Mark End        Relocate Start      Relocate End           High               Low         
[42.112s][info][gc,heap     ] GC(26)  Capacity:     2048M (100%)       2048M (100%)       2048M (100%)       2048M (100%)       2048M (100%)       2048M (100%)   
[42.112s][info][gc,heap     ] GC(26)      Free:      310M (15%)         112M (5%)         1486M (73%)        1706M (83%)        1706M (83%)          98M (5%)     
[42.112s][info][gc,heap     ] GC(26)      Used:     1738M (85%)        1936M (95%)         562M (27%)         342M (17%)        1950M (95%)         342M (17%)    
[42.112s][info][gc,heap     ] GC(26)      Live:         -                58M (3%)           58M (3%)           58M (3%)             -                  -          
[42.112s][info][gc,heap     ] GC(26) Allocated:         -               198M (10%)         218M (11%)         247M (12%)            -                  -          
[42.112s][info][gc,heap     ] GC(26)   Garbage:         -              1679M (82%)         285M (14%)          35M (2%)             -                  -          
[42.112s][info][gc,heap     ] GC(26) Reclaimed:         -                  -              1394M (68%)        1643M (80%)            -                  -          
[42.112s][info][gc          ] GC(26) Garbage Collection (Allocation Rate) 1738M(85%)->342M(17%)
[44.000s][info][gc,start    ] GC(27) Garbage Collection (Allocation Rate)
[44.000s][info][gc,task     ] GC(27) Using 2 workers
[44.000s][info][gc,phases   ] GC(27) Pause Mark Start 0.014ms
[44.079s][info][gc,phases   ] GC(27) Concurrent Mark 79.543ms
[44.080s][info][gc,phases   ] GC(27) Pause Mark End 0.030ms
[44.080s][info][gc,phases   ] GC(27) Concurrent Mark Free 0.002ms
[44.089s][info][gc,phases   ] GC(27) Concurrent Process Non-Strong References 9.348ms
[44.089s][info][gc,phases   ] GC(27) Concurrent Reset Relocation Set 0.016ms
[44.097s][info][gc,phases   ] GC(27) Concurrent Select Relocation Set 7.623ms
[44.097s][info][gc,phases   ] GC(27) Pause Relocate Start 0.025ms
[44.120s][info][gc,phases   ] GC(27) Concurrent Relocate 22.600ms
[44.120s][info][gc,load     ] GC(27) Load: 0.00/0.00/0.00
[44.120s][info][gc,mmu      ] GC(27) MMU: 2ms/98.2%, 5ms/99.3%, 10ms/99.4%, 20ms/99.7%, 50ms/99.9%, 100ms/99.9%
[44.120s][info][gc,marking  ] GC(27) Mark: 2 stripe(s), 5 proactive flush(es), 1 terminate flush(es), 0 completion(s), 0 continuation(s) 
[44.120s][info][gc,marking  ] GC(27) Mark Stack Usage: 32M
[44.120s][info][gc,nmethod  ] GC(27) NMethods: 4434 registered, 622 unregistered
[44.120s][info][gc,metaspace] GC(27) Metaspace: 34M used, 34M committed, 1088M reserved
[44.120s][info][gc,ref      ] GC(27) Soft: 3784 encountered, 0 discovered, 0 enqueued
[44.120s][info][gc,ref      ] GC(27) Weak: 7605 encountered, 1894 discovered, 0 enqueued
[44.120s][info][gc,ref      ] GC(27) Final: 25031 encountered, 25000 discovered, 25000 enqueued
[44.120s][info][gc,ref      ] GC(27) Phantom: 90 encountered, 68 discovered, 0 enqueued
[44.120s][info][gc,reloc    ] GC(27) Small Pages: 787 / 1574M, Empty: 1248M, Relocated: 25M, In-Place: 0
[44.120s][info][gc,reloc    ] GC(27) Medium Pages: 1 / 32M, Empty: 0M, Relocated: 0M, In-Place: 0
[44.120s][info][gc,reloc    ] GC(27) Large Pages: 0 / 0M, Empty: 0M, Relocated: 0M, In-Place: 0
[44.120s][info][gc,reloc    ] GC(27) Forwarding Usage: 13M
[44.120s][info][gc,heap     ] GC(27) Min Capacity: 2048M(100%)
[44.120s][info][gc,heap     ] GC(27) Max Capacity: 2048M(100%)
[44.120s][info][gc,heap     ] GC(27) Soft Max Capacity: 2048M(100%)
[44.120s][info][gc,heap     ] GC(27)                Mark Start          Mark End        Relocate Start      Relocate End           High               Low         
[44.120s][info][gc,heap     ] GC(27)  Capacity:     2048M (100%)       2048M (100%)       2048M (100%)       2048M (100%)       2048M (100%)       2048M (100%)   
[44.120s][info][gc,heap     ] GC(27)      Free:      442M (22%)         396M (19%)        1636M (80%)        1898M (93%)        1898M (93%)         390M (19%)    
[44.120s][info][gc,heap     ] GC(27)      Used:     1606M (78%)        1652M (81%)         412M (20%)         150M (7%)         1658M (81%)         150M (7%)     
[44.120s][info][gc,heap     ] GC(27)      Live:         -                58M (3%)           58M (3%)           58M (3%)             -                  -          
[44.120s][info][gc,heap     ] GC(27) Allocated:         -                46M (2%)           54M (3%)           55M (3%)             -                  -          
[44.120s][info][gc,heap     ] GC(27)   Garbage:         -              1547M (76%)         299M (15%)          36M (2%)             -                  -          
[44.120s][info][gc,heap     ] GC(27) Reclaimed:         -                  -              1248M (61%)        1511M (74%)            -                  -          
[44.120s][info][gc          ] GC(27) Garbage Collection (Allocation Rate) 1606M(78%)->150M(7%)
[44.126s][info][gc,start    ] GC(28) Garbage Collection (System.gc())
[44.126s][info][gc,task     ] GC(28) Using 2 workers
[44.126s][info][gc,phases   ] GC(28) Pause Mark Start 0.008ms
[44.161s][info][gc,phases   ] GC(28) Concurrent Mark 34.731ms
[44.161s][info][gc,phases   ] GC(28) Pause Mark End 0.032ms
[44.161s][info][gc,phases   ] GC(28) Concurrent Mark Free 0.003ms
[44.167s][info][gc,phases   ] GC(28) Concurrent Process Non-Strong References 6.178ms
[44.167s][info][gc,phases   ] GC(28) Concurrent Reset Relocation Set 0.010ms
[44.170s][info][gc,phases   ] GC(28) Concurrent Select Relocation Set 2.273ms
[44.170s][info][gc,phases   ] GC(28) Pause Relocate Start 0.008ms
[44.170s][info][gc,phases   ] GC(28) Concurrent Relocate 0.378ms
[44.170s][info][gc,load     ] GC(28) Load: 0.00/0.00/0.00
[44.170s][info][gc,mmu      ] GC(28) MMU: 2ms/98.2%, 5ms/99.3%, 10ms/99.4%, 20ms/99.7%, 50ms/99.9%, 100ms/99.9%
[44.170s][info][gc,marking  ] GC(28) Mark: 2 stripe(s), 1 proactive flush(es), 1 terminate flush(es), 0 completion(s), 0 continuation(s) 
[44.170s][info][gc,marking  ] GC(28) Mark Stack Usage: 32M
[44.170s][info][gc,nmethod  ] GC(28) NMethods: 4436 registered, 622 unregistered
[44.170s][info][gc,metaspace] GC(28) Metaspace: 34M used, 34M committed, 1088M reserved
[44.170s][info][gc,ref      ] GC(28) Soft: 3784 encountered, 0 discovered, 0 enqueued
[44.170s][info][gc,ref      ] GC(28) Weak: 7605 encountered, 837 discovered, 0 enqueued
[44.170s][info][gc,ref      ] GC(28) Final: 31 encountered, 1 discovered, 0 enqueued
[44.170s][info][gc,ref      ] GC(28) Phantom: 88 encountered, 71 discovered, 0 enqueued
[44.170s][info][gc,reloc    ] GC(28) Small Pages: 59 / 118M, Empty: 70M, Relocated: 1M, In-Place: 0
[44.170s][info][gc,reloc    ] GC(28) Medium Pages: 1 / 32M, Empty: 0M, Relocated: 0M, In-Place: 0
[44.170s][info][gc,reloc    ] GC(28) Large Pages: 0 / 0M, Empty: 0M, Relocated: 0M, In-Place: 0
[44.170s][info][gc,reloc    ] GC(28) Forwarding Usage: 0M
[44.170s][info][gc,heap     ] GC(28) Min Capacity: 2048M(100%)
[44.170s][info][gc,heap     ] GC(28) Max Capacity: 2048M(100%)
[44.170s][info][gc,heap     ] GC(28) Soft Max Capacity: 2048M(100%)
[44.170s][info][gc,heap     ] GC(28)                Mark Start          Mark End        Relocate Start      Relocate End           High               Low         
[44.170s][info][gc,heap     ] GC(28)  Capacity:     2048M (100%)       2048M (100%)       2048M (100%)       2048M (100%)       2048M (100%)       2048M (100%)   
[44.170s][info][gc,heap     ] GC(28)      Free:     1898M (93%)        1898M (93%)        1968M (96%)        1978M (97%)        1978M (97%)        1898M (93%)    
[44.170s][info][gc,heap     ] GC(28)      Used:      150M (7%)          150M (7%)           80M (4%)           70M (3%)          150M (7%)           70M (3%)     
[44.170s][info][gc,heap     ] GC(28)      Live:         -                34M (2%)           34M (2%)           34M (2%)             -                  -          
[44.170s][info][gc,heap     ] GC(28) Allocated:         -                 0M (0%)            0M (0%)            0M (0%)             -                  -          
[44.170s][info][gc,heap     ] GC(28)   Garbage:         -               115M (6%)           45M (2%)           35M (2%)             -                  -          
[44.170s][info][gc,heap     ] GC(28) Reclaimed:         -                  -                70M (3%)           80M (4%)             -                  -          
[44.170s][info][gc          ] GC(28) Garbage Collection (System.gc()) 150M(7%)->70M(3%)
[45.695s][info][gc,start    ] GC(29) Garbage Collection (Allocation Rate)
[45.695s][info][gc,task     ] GC(29) Using 2 workers
[45.695s][info][gc,phases   ] GC(29) Pause Mark Start 0.010ms
[45.727s][info][gc,phases   ] GC(29) Concurrent Mark 31.498ms
[45.727s][info][gc,phases   ] GC(29) Pause Mark End 0.013ms
[45.727s][info][gc,phases   ] GC(29) Concurrent Mark Free 0.003ms
[45.738s][info][gc,phases   ] GC(29) Concurrent Process Non-Strong References 11.241ms
[45.738s][info][gc,phases   ] GC(29) Concurrent Reset Relocation Set 0.002ms
[45.740s][info][gc,phases   ] GC(29) Concurrent Select Relocation Set 1.782ms
[45.740s][info][gc,phases   ] GC(29) Pause Relocate Start 0.008ms
[45.741s][info][gc,phases   ] GC(29) Concurrent Relocate 0.480ms
[45.741s][info][gc,load     ] GC(29) Load: 0.00/0.00/0.00
[45.741s][info][gc,mmu      ] GC(29) MMU: 2ms/98.2%, 5ms/99.3%, 10ms/99.4%, 20ms/99.7%, 50ms/99.9%, 100ms/99.9%
[45.741s][info][gc,marking  ] GC(29) Mark: 2 stripe(s), 2 proactive flush(es), 1 terminate flush(es), 0 completion(s), 0 continuation(s) 
[45.741s][info][gc,marking  ] GC(29) Mark Stack Usage: 32M
[45.741s][info][gc,nmethod  ] GC(29) NMethods: 4481 registered, 622 unregistered
[45.741s][info][gc,metaspace] GC(29) Metaspace: 34M used, 35M committed, 1088M reserved
[45.741s][info][gc,ref      ] GC(29) Soft: 3784 encountered, 0 discovered, 0 enqueued
[45.741s][info][gc,ref      ] GC(29) Weak: 7618 encountered, 2368 discovered, 7 enqueued
[45.741s][info][gc,ref      ] GC(29) Final: 34 encountered, 6 discovered, 3 enqueued
[45.741s][info][gc,ref      ] GC(29) Phantom: 90 encountered, 68 discovered, 0 enqueued
[45.741s][info][gc,reloc    ] GC(29) Small Pages: 759 / 1518M, Empty: 1414M, Relocated: 1M, In-Place: 0
[45.741s][info][gc,reloc    ] GC(29) Medium Pages: 1 / 32M, Empty: 0M, Relocated: 0M, In-Place: 0
[45.741s][info][gc,reloc    ] GC(29) Large Pages: 0 / 0M, Empty: 0M, Relocated: 0M, In-Place: 0
[45.741s][info][gc,reloc    ] GC(29) Forwarding Usage: 0M
[45.741s][info][gc,heap     ] GC(29) Min Capacity: 2048M(100%)
[45.741s][info][gc,heap     ] GC(29) Max Capacity: 2048M(100%)
[45.741s][info][gc,heap     ] GC(29) Soft Max Capacity: 2048M(100%)
[45.741s][info][gc,heap     ] GC(29)                Mark Start          Mark End        Relocate Start      Relocate End           High               Low         
[45.741s][info][gc,heap     ] GC(29)  Capacity:     2048M (100%)       2048M (100%)       2048M (100%)       2048M (100%)       2048M (100%)       2048M (100%)   
[45.741s][info][gc,heap     ] GC(29)      Free:      498M (24%)         494M (24%)        1904M (93%)        1970M (96%)        1970M (96%)         490M (24%)    
[45.741s][info][gc,heap     ] GC(29)      Used:     1550M (76%)        1554M (76%)         144M (7%)           78M (4%)         1558M (76%)          78M (4%)     
[45.741s][info][gc,heap     ] GC(29)      Live:         -                34M (2%)           34M (2%)           34M (2%)             -                  -          
[45.741s][info][gc,heap     ] GC(29) Allocated:         -                 4M (0%)            8M (0%)            7M (0%)             -                  -          
[45.741s][info][gc,heap     ] GC(29)   Garbage:         -              1515M (74%)         101M (5%)           35M (2%)             -                  -          
[45.741s][info][gc,heap     ] GC(29) Reclaimed:         -                  -              1414M (69%)        1479M (72%)            -                  -          
[45.741s][info][gc          ] GC(29) Garbage Collection (Allocation Rate) 1550M(76%)->78M(4%)
[47.298s][info][gc,start    ] GC(30) Garbage Collection (Allocation Rate)
[47.298s][info][gc,task     ] GC(30) Using 2 workers
[47.298s][info][gc,phases   ] GC(30) Pause Mark Start 0.008ms
[47.377s][info][gc,phases   ] GC(30) Concurrent Mark 79.120ms
[47.377s][info][gc,phases   ] GC(30) Pause Mark End 0.014ms
[47.377s][info][gc,phases   ] GC(30) Concurrent Mark Free 0.002ms
[47.386s][info][gc,phases   ] GC(30) Concurrent Process Non-Strong References 9.111ms
[47.386s][info][gc,phases   ] GC(30) Concurrent Reset Relocation Set 0.003ms
[47.393s][info][gc,phases   ] GC(30) Concurrent Select Relocation Set 6.486ms
[47.393s][info][gc,phases   ] GC(30) Pause Relocate Start 0.023ms
[47.413s][info][gc,phases   ] GC(30) Concurrent Relocate 19.969ms
[47.413s][info][gc,load     ] GC(30) Load: 0.00/0.00/0.00
[47.413s][info][gc,mmu      ] GC(30) MMU: 2ms/98.2%, 5ms/99.3%, 10ms/99.4%, 20ms/99.7%, 50ms/99.9%, 100ms/99.9%
[47.413s][info][gc,marking  ] GC(30) Mark: 2 stripe(s), 5 proactive flush(es), 1 terminate flush(es), 0 completion(s), 0 continuation(s) 
[47.413s][info][gc,marking  ] GC(30) Mark Stack Usage: 32M
[47.413s][info][gc,nmethod  ] GC(30) NMethods: 4498 registered, 622 unregistered
[47.413s][info][gc,metaspace] GC(30) Metaspace: 34M used, 35M committed, 1088M reserved
[47.413s][info][gc,ref      ] GC(30) Soft: 3784 encountered, 0 discovered, 0 enqueued
[47.413s][info][gc,ref      ] GC(30) Weak: 7630 encountered, 2210 discovered, 7 enqueued
[47.413s][info][gc,ref      ] GC(30) Final: 25031 encountered, 25000 discovered, 25000 enqueued
[47.413s][info][gc,ref      ] GC(30) Phantom: 90 encountered, 72 discovered, 0 enqueued
[47.413s][info][gc,reloc    ] GC(30) Small Pages: 860 / 1720M, Empty: 1414M, Relocated: 25M, In-Place: 0
[47.413s][info][gc,reloc    ] GC(30) Medium Pages: 1 / 32M, Empty: 0M, Relocated: 0M, In-Place: 0
[47.413s][info][gc,reloc    ] GC(30) Large Pages: 0 / 0M, Empty: 0M, Relocated: 0M, In-Place: 0
[47.414s][info][gc,reloc    ] GC(30) Forwarding Usage: 13M
[47.414s][info][gc,heap     ] GC(30) Min Capacity: 2048M(100%)
[47.414s][info][gc,heap     ] GC(30) Max Capacity: 2048M(100%)
[47.414s][info][gc,heap     ] GC(30) Soft Max Capacity: 2048M(100%)
[47.414s][info][gc,heap     ] GC(30)                Mark Start          Mark End        Relocate Start      Relocate End           High               Low         
[47.414s][info][gc,heap     ] GC(30)  Capacity:     2048M (100%)       2048M (100%)       2048M (100%)       2048M (100%)       2048M (100%)       2048M (100%)   
[47.414s][info][gc,heap     ] GC(30)      Free:      296M (14%)         122M (6%)         1516M (74%)        1736M (85%)        1736M (85%)         108M (5%)     
[47.414s][info][gc,heap     ] GC(30)      Used:     1752M (86%)        1926M (94%)         532M (26%)         312M (15%)        1940M (95%)         312M (15%)    
[47.414s][info][gc,heap     ] GC(30)      Live:         -                58M (3%)           58M (3%)           58M (3%)             -                  -          
[47.414s][info][gc,heap     ] GC(30) Allocated:         -               174M (8%)          194M (9%)          217M (11%)            -                  -          
[47.414s][info][gc,heap     ] GC(30)   Garbage:         -              1693M (83%)         279M (14%)          35M (2%)             -                  -          
[47.414s][info][gc,heap     ] GC(30) Reclaimed:         -                  -              1414M (69%)        1657M (81%)            -                  -          
[47.414s][info][gc          ] GC(30) Garbage Collection (Allocation Rate) 1752M(86%)->312M(15%)
[48.897s][info][gc,start    ] GC(31) Garbage Collection (Allocation Rate)
[48.897s][info][gc,task     ] GC(31) Using 2 workers
[48.897s][info][gc,phases   ] GC(31) Pause Mark Start 0.010ms
[48.959s][info][gc,phases   ] GC(31) Concurrent Mark 62.135ms
[48.959s][info][gc,phases   ] GC(31) Pause Mark End 0.016ms
[48.960s][info][gc,phases   ] GC(31) Concurrent Mark Free 0.001ms
[48.969s][info][gc,phases   ] GC(31) Concurrent Process Non-Strong References 9.086ms
[48.969s][info][gc,phases   ] GC(31) Concurrent Reset Relocation Set 0.013ms
[48.972s][info][gc,phases   ] GC(31) Concurrent Select Relocation Set 2.881ms
[48.972s][info][gc,phases   ] GC(31) Pause Relocate Start 0.021ms
[48.986s][info][gc,phases   ] GC(31) Concurrent Relocate 14.534ms
[48.986s][info][gc,load     ] GC(31) Load: 0.00/0.00/0.00
[48.986s][info][gc,mmu      ] GC(31) MMU: 2ms/98.2%, 5ms/99.3%, 10ms/99.4%, 20ms/99.7%, 50ms/99.9%, 100ms/99.9%
[48.987s][info][gc,marking  ] GC(31) Mark: 2 stripe(s), 4 proactive flush(es), 1 terminate flush(es), 0 completion(s), 0 continuation(s) 
[48.987s][info][gc,marking  ] GC(31) Mark Stack Usage: 32M
[48.987s][info][gc,nmethod  ] GC(31) NMethods: 4505 registered, 626 unregistered
[48.987s][info][gc,metaspace] GC(31) Metaspace: 34M used, 35M committed, 1088M reserved
[48.987s][info][gc,ref      ] GC(31) Soft: 3784 encountered, 0 discovered, 0 enqueued
[48.987s][info][gc,ref      ] GC(31) Weak: 7621 encountered, 1741 discovered, 0 enqueued
[48.987s][info][gc,ref      ] GC(31) Final: 19167 encountered, 19136 discovered, 19136 enqueued
[48.987s][info][gc,ref      ] GC(31) Phantom: 90 encountered, 72 discovered, 0 enqueued
[48.987s][info][gc,reloc    ] GC(31) Small Pages: 674 / 1348M, Empty: 1078M, Relocated: 18M, In-Place: 0
[48.987s][info][gc,reloc    ] GC(31) Medium Pages: 1 / 32M, Empty: 0M, Relocated: 0M, In-Place: 0
[48.987s][info][gc,reloc    ] GC(31) Large Pages: 0 / 0M, Empty: 0M, Relocated: 0M, In-Place: 0
[48.987s][info][gc,reloc    ] GC(31) Forwarding Usage: 10M
[48.987s][info][gc,heap     ] GC(31) Min Capacity: 2048M(100%)
[48.987s][info][gc,heap     ] GC(31) Max Capacity: 2048M(100%)
[48.987s][info][gc,heap     ] GC(31) Soft Max Capacity: 2048M(100%)
[48.987s][info][gc,heap     ] GC(31)                Mark Start          Mark End        Relocate Start      Relocate End           High               Low         
[48.987s][info][gc,heap     ] GC(31)  Capacity:     2048M (100%)       2048M (100%)       2048M (100%)       2048M (100%)       2048M (100%)       2048M (100%)   
[48.987s][info][gc,heap     ] GC(31)      Free:      668M (33%)         534M (26%)        1592M (78%)        1796M (88%)        1796M (88%)         516M (25%)    
[48.987s][info][gc,heap     ] GC(31)      Used:     1380M (67%)        1514M (74%)         456M (22%)         252M (12%)        1532M (75%)         252M (12%)    
[48.987s][info][gc,heap     ] GC(31)      Live:         -                53M (3%)           53M (3%)           53M (3%)             -                  -          
[48.987s][info][gc,heap     ] GC(31) Allocated:         -               134M (7%)          154M (8%)          162M (8%)             -                  -          
[48.987s][info][gc,heap     ] GC(31)   Garbage:         -              1326M (65%)         248M (12%)          36M (2%)             -                  -          
[48.987s][info][gc,heap     ] GC(31) Reclaimed:         -                  -              1078M (53%)        1290M (63%)            -                  -          
[48.987s][info][gc          ] GC(31) Garbage Collection (Allocation Rate) 1380M(67%)->252M(12%)
[49.176s][info][gc,start    ] GC(32) Garbage Collection (System.gc())
[49.176s][info][gc,task     ] GC(32) Using 2 workers
[49.176s][info][gc,phases   ] GC(32) Pause Mark Start 0.005ms
[49.229s][info][gc,phases   ] GC(32) Concurrent Mark 53.021ms
[49.229s][info][gc,phases   ] GC(32) Pause Mark End 0.023ms
[49.229s][info][gc,phases   ] GC(32) Concurrent Mark Free 0.002ms
[49.237s][info][gc,phases   ] GC(32) Concurrent Process Non-Strong References 7.342ms
[49.237s][info][gc,phases   ] GC(32) Concurrent Reset Relocation Set 0.016ms
[49.239s][info][gc,phases   ] GC(32) Concurrent Select Relocation Set 2.220ms
[49.239s][info][gc,phases   ] GC(32) Pause Relocate Start 0.010ms
[49.245s][info][gc,phases   ] GC(32) Concurrent Relocate 5.391ms
[49.245s][info][gc,load     ] GC(32) Load: 0.00/0.00/0.00
[49.245s][info][gc,mmu      ] GC(32) MMU: 2ms/98.2%, 5ms/99.3%, 10ms/99.4%, 20ms/99.7%, 50ms/99.9%, 100ms/99.9%
[49.245s][info][gc,marking  ] GC(32) Mark: 2 stripe(s), 2 proactive flush(es), 1 terminate flush(es), 0 completion(s), 0 continuation(s) 
[49.245s][info][gc,marking  ] GC(32) Mark Stack Usage: 32M
[49.245s][info][gc,nmethod  ] GC(32) NMethods: 4509 registered, 626 unregistered
[49.245s][info][gc,metaspace] GC(32) Metaspace: 34M used, 35M committed, 1088M reserved
[49.245s][info][gc,ref      ] GC(32) Soft: 3784 encountered, 0 discovered, 0 enqueued
[49.245s][info][gc,ref      ] GC(32) Weak: 7621 encountered, 975 discovered, 0 enqueued
[49.245s][info][gc,ref      ] GC(32) Final: 5895 encountered, 5864 discovered, 5864 enqueued
[49.245s][info][gc,ref      ] GC(32) Phantom: 88 encountered, 70 discovered, 0 enqueued
[49.245s][info][gc,reloc    ] GC(32) Small Pages: 158 / 316M, Empty: 216M, Relocated: 8M, In-Place: 0
[49.245s][info][gc,reloc    ] GC(32) Medium Pages: 1 / 32M, Empty: 0M, Relocated: 0M, In-Place: 0
[49.245s][info][gc,reloc    ] GC(32) Large Pages: 0 / 0M, Empty: 0M, Relocated: 0M, In-Place: 0
[49.245s][info][gc,reloc    ] GC(32) Forwarding Usage: 4M
[49.245s][info][gc,heap     ] GC(32) Min Capacity: 2048M(100%)
[49.245s][info][gc,heap     ] GC(32) Max Capacity: 2048M(100%)
[49.245s][info][gc,heap     ] GC(32) Soft Max Capacity: 2048M(100%)
[49.245s][info][gc,heap     ] GC(32)                Mark Start          Mark End        Relocate Start      Relocate End           High               Low         
[49.245s][info][gc,heap     ] GC(32)  Capacity:     2048M (100%)       2048M (100%)       2048M (100%)       2048M (100%)       2048M (100%)       2048M (100%)   
[49.245s][info][gc,heap     ] GC(32)      Free:     1700M (83%)        1700M (83%)        1914M (93%)        1970M (96%)        1970M (96%)        1698M (83%)    
[49.245s][info][gc,heap     ] GC(32)      Used:      348M (17%)         348M (17%)         134M (7%)           78M (4%)          350M (17%)          78M (4%)     
[49.245s][info][gc,heap     ] GC(32)      Live:         -                40M (2%)           40M (2%)           40M (2%)             -                  -          
[49.245s][info][gc,heap     ] GC(32) Allocated:         -                 0M (0%)            2M (0%)            2M (0%)             -                  -          
[49.245s][info][gc,heap     ] GC(32)   Garbage:         -               307M (15%)          91M (4%)           35M (2%)             -                  -          
[49.245s][info][gc,heap     ] GC(32) Reclaimed:         -                  -               216M (11%)         272M (13%)            -                  -          
[49.245s][info][gc          ] GC(32) Garbage Collection (System.gc()) 348M(17%)->78M(4%)
[50.090s][info][gc,stats    ] === Garbage Collection Statistics =======================================================================================================================
[50.090s][info][gc,stats    ]                                                              Last 10s              Last 10m              Last 10h                Total
[50.090s][info][gc,stats    ]                                                              Avg / Max             Avg / Max             Avg / Max             Avg / Max
[50.090s][info][gc,stats    ]   Collector: Garbage Collection Cycle                     80.999 / 120.333      84.263 / 212.064      84.263 / 212.064      84.263 / 212.064     ms
[50.090s][info][gc,stats    ]  Contention: Mark Segment Reset Contention                     0 / 1                 0 / 1                 0 / 1                 0 / 1           ops/s
[50.090s][info][gc,stats    ]  Contention: Mark SeqNum Reset Contention                      0 / 0                 0 / 0                 0 / 0                 0 / 0           ops/s
[50.090s][info][gc,stats    ]    Critical: Allocation Stall                                  0 / 0                 0 / 0                 0 / 0                 0 / 0           ops/s
[50.090s][info][gc,stats    ]    Critical: Allocation Stall                              0.000 / 0.000         0.000 / 0.000         0.000 / 0.000         0.000 / 0.000       ms
[50.090s][info][gc,stats    ]    Critical: GC Locker Stall                                   0 / 0                 0 / 0                 0 / 0                 0 / 0           ops/s
[50.090s][info][gc,stats    ]    Critical: GC Locker Stall                               0.000 / 0.000         0.000 / 0.000         0.000 / 0.000         0.000 / 0.000       ms
[50.090s][info][gc,stats    ]    Critical: Relocation Stall                                  0 / 0                 0 / 0                 0 / 0                 0 / 0           ops/s
[50.090s][info][gc,stats    ]    Critical: Relocation Stall                              0.000 / 0.000         0.000 / 0.000         0.000 / 0.000         0.000 / 0.000       ms
[50.090s][info][gc,stats    ]      Memory: Allocation Rate                                 906 / 1370            710 / 1370            710 / 1370            710 / 1370        MB/s
[50.090s][info][gc,stats    ]      Memory: Out Of Memory                                     0 / 0                 0 / 0                 0 / 0                 0 / 0           ops/s
[50.090s][info][gc,stats    ]      Memory: Page Cache Flush                                  0 / 0                 0 / 0                 0 / 0                 0 / 0           MB/s
[50.090s][info][gc,stats    ]      Memory: Page Cache Hit L1                               459 / 689             338 / 689             338 / 689             338 / 689         ops/s
[50.090s][info][gc,stats    ]      Memory: Page Cache Hit L2                                 0 / 0                 0 / 0                 0 / 0                 0 / 0           ops/s
[50.090s][info][gc,stats    ]      Memory: Page Cache Hit L3                                 0 / 0                20 / 223              20 / 223              20 / 223         ops/s
[50.090s][info][gc,stats    ]      Memory: Page Cache Miss                                   0 / 0                 0 / 1                 0 / 1                 0 / 1           ops/s
[50.090s][info][gc,stats    ]      Memory: Uncommit                                          0 / 0                 0 / 0                 0 / 0                 0 / 0           MB/s
[50.090s][info][gc,stats    ]      Memory: Undo Object Allocation Failed                     0 / 0                 0 / 0                 0 / 0                 0 / 0           ops/s
[50.090s][info][gc,stats    ]      Memory: Undo Object Allocation Succeeded                  0 / 1                 0 / 3                 0 / 3                 0 / 3           ops/s
[50.090s][info][gc,stats    ]      Memory: Undo Page Allocation                              0 / 0                 0 / 0                 0 / 0                 0 / 0           ops/s
[50.090s][info][gc,stats    ]       Phase: Concurrent Mark                              56.222 / 79.543       60.921 / 157.696      60.921 / 157.696      60.921 / 157.696     ms
[50.090s][info][gc,stats    ]       Phase: Concurrent Mark Continue                      0.000 / 0.000         0.000 / 0.000         0.000 / 0.000         0.000 / 0.000       ms
[50.090s][info][gc,stats    ]       Phase: Concurrent Mark Free                          0.002 / 0.003         0.002 / 0.026         0.002 / 0.026         0.002 / 0.026       ms
[50.090s][info][gc,stats    ]       Phase: Concurrent Process Non-Strong References      9.067 / 11.241        8.266 / 12.445        8.266 / 12.445        8.266 / 12.445      ms
[50.090s][info][gc,stats    ]       Phase: Concurrent Relocate                          10.804 / 22.600       10.709 / 34.700       10.709 / 34.700       10.709 / 34.700      ms
[50.090s][info][gc,stats    ]       Phase: Concurrent Reset Relocation Set               0.008 / 0.016         0.008 / 0.018         0.008 / 0.018         0.008 / 0.018       ms
[50.090s][info][gc,stats    ]       Phase: Concurrent Select Relocation Set              3.850 / 7.623         3.340 / 7.623         3.340 / 7.623         3.340 / 7.623       ms
[50.090s][info][gc,stats    ]       Phase: Pause Mark End                                0.019 / 0.032         0.017 / 0.032         0.017 / 0.032         0.017 / 0.032       ms
[50.090s][info][gc,stats    ]       Phase: Pause Mark Start                              0.009 / 0.014         0.009 / 0.015         0.009 / 0.015         0.009 / 0.015       ms
[50.090s][info][gc,stats    ]       Phase: Pause Relocate Start                          0.015 / 0.025         0.016 / 0.036         0.016 / 0.036         0.016 / 0.036       ms
[50.090s][info][gc,stats    ]    Subphase: Concurrent Classes Purge                      0.193 / 0.226         0.192 / 0.307         0.192 / 0.307         0.192 / 0.307       ms
[50.090s][info][gc,stats    ]    Subphase: Concurrent Classes Unlink                     6.196 / 9.993         5.627 / 10.583        5.627 / 10.583        5.627 / 10.583      ms
[50.090s][info][gc,stats    ]    Subphase: Concurrent Mark                              51.224 / 78.267       54.126 / 156.558      54.126 / 156.558      54.126 / 156.558     ms
[50.090s][info][gc,stats    ]    Subphase: Concurrent Mark Try Flush                     0.114 / 0.501         0.102 / 0.501         0.102 / 0.501         0.102 / 0.501       ms
[50.090s][info][gc,stats    ]    Subphase: Concurrent Mark Try Terminate                 6.963 / 16.121        6.521 / 16.304        6.521 / 16.304        6.521 / 16.304      ms
[50.090s][info][gc,stats    ]    Subphase: Concurrent References Enqueue                 0.005 / 0.009         0.005 / 0.009         0.005 / 0.009         0.005 / 0.009       ms
[50.090s][info][gc,stats    ]    Subphase: Concurrent References Process                 1.801 / 3.338         1.537 / 3.538         1.537 / 3.538         1.537 / 3.538       ms
[50.090s][info][gc,stats    ]    Subphase: Concurrent Roots ClassLoaderDataGraph         0.083 / 0.241         0.088 / 0.342         0.088 / 0.342         0.088 / 0.342       ms
[50.090s][info][gc,stats    ]    Subphase: Concurrent Roots CodeCache                    0.000 / 0.000         0.000 / 0.000         0.000 / 0.000         0.000 / 0.000       ms
[50.090s][info][gc,stats    ]    Subphase: Concurrent Roots JavaThreads                  0.483 / 1.347         0.554 / 3.530         0.554 / 3.530         0.554 / 3.530       ms
[50.090s][info][gc,stats    ]    Subphase: Concurrent Roots OopStorageSet                0.015 / 0.025         0.016 / 0.049         0.016 / 0.049         0.016 / 0.049       ms
[50.090s][info][gc,stats    ]    Subphase: Concurrent Weak Roots OopStorageSet           0.676 / 1.032         0.707 / 1.149         0.707 / 1.149         0.707 / 1.149       ms
[50.090s][info][gc,stats    ]    Subphase: Pause Mark Try Complete                       0.000 / 0.000         0.000 / 0.000         0.000 / 0.000         0.000 / 0.000       ms
[50.090s][info][gc,stats    ]      System: Java Threads                                     12 / 12               12 / 13               12 / 13               12 / 13          threads
[50.090s][info][gc,stats    ] =========================================================================================================================================================
[50.598s][info][gc,start    ] GC(33) Garbage Collection (Allocation Rate)
[50.598s][info][gc,task     ] GC(33) Using 1 workers
[50.598s][info][gc,phases   ] GC(33) Pause Mark Start 0.010ms
[50.643s][info][gc,phases   ] GC(33) Concurrent Mark 44.329ms
[50.643s][info][gc,phases   ] GC(33) Pause Mark End 0.015ms
[50.643s][info][gc,phases   ] GC(33) Concurrent Mark Free 0.002ms
[50.660s][info][gc,phases   ] GC(33) Concurrent Process Non-Strong References 17.203ms
[50.660s][info][gc,phases   ] GC(33) Concurrent Reset Relocation Set 0.005ms
[50.662s][info][gc,phases   ] GC(33) Concurrent Select Relocation Set 1.832ms
[50.662s][info][gc,phases   ] GC(33) Pause Relocate Start 0.007ms
[50.663s][info][gc,phases   ] GC(33) Concurrent Relocate 0.739ms
[50.663s][info][gc,load     ] GC(33) Load: 0.00/0.00/0.00
[50.663s][info][gc,mmu      ] GC(33) MMU: 2ms/98.2%, 5ms/99.3%, 10ms/99.4%, 20ms/99.7%, 50ms/99.9%, 100ms/99.9%
[50.663s][info][gc,marking  ] GC(33) Mark: 1 stripe(s), 2 proactive flush(es), 1 terminate flush(es), 0 completion(s), 0 continuation(s) 
[50.663s][info][gc,marking  ] GC(33) Mark Stack Usage: 32M
[50.663s][info][gc,nmethod  ] GC(33) NMethods: 4550 registered, 626 unregistered
[50.663s][info][gc,metaspace] GC(33) Metaspace: 34M used, 35M committed, 1088M reserved
[50.663s][info][gc,ref      ] GC(33) Soft: 3784 encountered, 0 discovered, 0 enqueued
[50.663s][info][gc,ref      ] GC(33) Weak: 7632 encountered, 839 discovered, 7 enqueued
[50.663s][info][gc,ref      ] GC(33) Final: 34 encountered, 7 discovered, 3 enqueued
[50.663s][info][gc,ref      ] GC(33) Phantom: 90 encountered, 58 discovered, 0 enqueued
[50.663s][info][gc,reloc    ] GC(33) Small Pages: 762 / 1524M, Empty: 1416M, Relocated: 1M, In-Place: 0
[50.663s][info][gc,reloc    ] GC(33) Medium Pages: 1 / 32M, Empty: 0M, Relocated: 0M, In-Place: 0
[50.663s][info][gc,reloc    ] GC(33) Large Pages: 0 / 0M, Empty: 0M, Relocated: 0M, In-Place: 0
[50.663s][info][gc,reloc    ] GC(33) Forwarding Usage: 0M
[50.663s][info][gc,heap     ] GC(33) Min Capacity: 2048M(100%)
[50.663s][info][gc,heap     ] GC(33) Max Capacity: 2048M(100%)
[50.663s][info][gc,heap     ] GC(33) Soft Max Capacity: 2048M(100%)
[50.663s][info][gc,heap     ] GC(33)                Mark Start          Mark End        Relocate Start      Relocate End           High               Low         
[50.663s][info][gc,heap     ] GC(33)  Capacity:     2048M (100%)       2048M (100%)       2048M (100%)       2048M (100%)       2048M (100%)       2048M (100%)   
[50.663s][info][gc,heap     ] GC(33)      Free:      492M (24%)         486M (24%)        1898M (93%)        1970M (96%)        1970M (96%)         482M (24%)    
[50.663s][info][gc,heap     ] GC(33)      Used:     1556M (76%)        1562M (76%)         150M (7%)           78M (4%)         1566M (76%)          78M (4%)     
[50.663s][info][gc,heap     ] GC(33)      Live:         -                34M (2%)           34M (2%)           34M (2%)             -                  -          
[50.663s][info][gc,heap     ] GC(33) Allocated:         -                 6M (0%)           10M (0%)            9M (0%)             -                  -          
[50.663s][info][gc,heap     ] GC(33)   Garbage:         -              1521M (74%)         105M (5%)           33M (2%)             -                  -          
[50.663s][info][gc,heap     ] GC(33) Reclaimed:         -                  -              1416M (69%)        1487M (73%)            -                  -          
[50.663s][info][gc          ] GC(33) Garbage Collection (Allocation Rate) 1556M(76%)->78M(4%)
[52.001s][info][gc,start    ] GC(34) Garbage Collection (Allocation Rate)
[52.001s][info][gc,task     ] GC(34) Using 1 workers
[52.001s][info][gc,phases   ] GC(34) Pause Mark Start 0.011ms
[52.093s][info][gc,phases   ] GC(34) Concurrent Mark 91.335ms
[52.093s][info][gc,phases   ] GC(34) Pause Mark End 0.012ms
[52.093s][info][gc,phases   ] GC(34) Concurrent Mark Free 0.001ms
[52.112s][info][gc,phases   ] GC(34) Concurrent Process Non-Strong References 18.691ms
[52.112s][info][gc,phases   ] GC(34) Concurrent Reset Relocation Set 0.003ms
[52.117s][info][gc,phases   ] GC(34) Concurrent Select Relocation Set 5.154ms
[52.117s][info][gc,phases   ] GC(34) Pause Relocate Start 0.020ms
[52.155s][info][gc,phases   ] GC(34) Concurrent Relocate 37.335ms
[52.155s][info][gc,load     ] GC(34) Load: 0.00/0.00/0.00
[52.155s][info][gc,mmu      ] GC(34) MMU: 2ms/98.2%, 5ms/99.3%, 10ms/99.4%, 20ms/99.7%, 50ms/99.9%, 100ms/99.9%
[52.155s][info][gc,marking  ] GC(34) Mark: 1 stripe(s), 2 proactive flush(es), 1 terminate flush(es), 0 completion(s), 0 continuation(s) 
[52.155s][info][gc,marking  ] GC(34) Mark Stack Usage: 32M
[52.155s][info][gc,nmethod  ] GC(34) NMethods: 4559 registered, 626 unregistered
[52.155s][info][gc,metaspace] GC(34) Metaspace: 34M used, 35M committed, 1088M reserved
[52.155s][info][gc,ref      ] GC(34) Soft: 3784 encountered, 0 discovered, 0 enqueued
[52.155s][info][gc,ref      ] GC(34) Weak: 7625 encountered, 832 discovered, 0 enqueued
[52.155s][info][gc,ref      ] GC(34) Final: 25031 encountered, 25004 discovered, 25000 enqueued
[52.155s][info][gc,ref      ] GC(34) Phantom: 90 encountered, 58 discovered, 0 enqueued
[52.155s][info][gc,reloc    ] GC(34) Small Pages: 754 / 1508M, Empty: 1210M, Relocated: 24M, In-Place: 0
[52.155s][info][gc,reloc    ] GC(34) Medium Pages: 1 / 32M, Empty: 0M, Relocated: 0M, In-Place: 0
[52.155s][info][gc,reloc    ] GC(34) Large Pages: 0 / 0M, Empty: 0M, Relocated: 0M, In-Place: 0
[52.155s][info][gc,reloc    ] GC(34) Forwarding Usage: 13M
[52.155s][info][gc,heap     ] GC(34) Min Capacity: 2048M(100%)
[52.155s][info][gc,heap     ] GC(34) Max Capacity: 2048M(100%)
[52.155s][info][gc,heap     ] GC(34) Soft Max Capacity: 2048M(100%)
[52.155s][info][gc,heap     ] GC(34)                Mark Start          Mark End        Relocate Start      Relocate End           High               Low         
[52.155s][info][gc,heap     ] GC(34)  Capacity:     2048M (100%)       2048M (100%)       2048M (100%)       2048M (100%)       2048M (100%)       2048M (100%)   
[52.155s][info][gc,heap     ] GC(34)      Free:      508M (25%)         290M (14%)        1396M (68%)        1564M (76%)        1564M (76%)         194M (9%)     
[52.155s][info][gc,heap     ] GC(34)      Used:     1540M (75%)        1758M (86%)         652M (32%)         484M (24%)        1854M (91%)         484M (24%)    
[52.155s][info][gc,heap     ] GC(34)      Live:         -                58M (3%)           58M (3%)           58M (3%)             -                  -          
[52.155s][info][gc,heap     ] GC(34) Allocated:         -               218M (11%)         322M (16%)         391M (19%)            -                  -          
[52.155s][info][gc,heap     ] GC(34)   Garbage:         -              1481M (72%)         271M (13%)          34M (2%)             -                  -          
[52.155s][info][gc,heap     ] GC(34) Reclaimed:         -                  -              1210M (59%)        1447M (71%)            -                  -          
[52.155s][info][gc          ] GC(34) Garbage Collection (Allocation Rate) 1540M(75%)->484M(24%)
[53.199s][info][gc,start    ] GC(35) Garbage Collection (Allocation Rate)
[53.199s][info][gc,task     ] GC(35) Using 1 workers
[53.199s][info][gc,phases   ] GC(35) Pause Mark Start 0.012ms
[53.239s][info][gc,phases   ] GC(35) Concurrent Mark 39.589ms
[53.239s][info][gc,phases   ] GC(35) Pause Mark End 0.014ms
[53.239s][info][gc,phases   ] GC(35) Concurrent Mark Free 0.001ms
[53.252s][info][gc,phases   ] GC(35) Concurrent Process Non-Strong References 13.002ms
[53.252s][info][gc,phases   ] GC(35) Concurrent Reset Relocation Set 0.015ms
[53.255s][info][gc,phases   ] GC(35) Concurrent Select Relocation Set 2.695ms
[53.255s][info][gc,phases   ] GC(35) Pause Relocate Start 0.014ms
[53.256s][info][gc,phases   ] GC(35) Concurrent Relocate 1.141ms
[53.257s][info][gc,load     ] GC(35) Load: 0.00/0.00/0.00
[53.257s][info][gc,mmu      ] GC(35) MMU: 2ms/98.2%, 5ms/99.3%, 10ms/99.4%, 20ms/99.7%, 50ms/99.9%, 100ms/99.9%
[53.257s][info][gc,marking  ] GC(35) Mark: 1 stripe(s), 2 proactive flush(es), 1 terminate flush(es), 0 completion(s), 0 continuation(s) 
[53.257s][info][gc,marking  ] GC(35) Mark Stack Usage: 32M
[53.257s][info][gc,nmethod  ] GC(35) NMethods: 4565 registered, 626 unregistered
[53.257s][info][gc,metaspace] GC(35) Metaspace: 34M used, 35M committed, 1088M reserved
[53.257s][info][gc,ref      ] GC(35) Soft: 3784 encountered, 0 discovered, 0 enqueued
[53.257s][info][gc,ref      ] GC(35) Weak: 7636 encountered, 837 discovered, 7 enqueued
[53.257s][info][gc,ref      ] GC(35) Final: 31 encountered, 4 discovered, 0 enqueued
[53.257s][info][gc,ref      ] GC(35) Phantom: 90 encountered, 54 discovered, 0 enqueued
[53.257s][info][gc,reloc    ] GC(35) Small Pages: 594 / 1188M, Empty: 1088M, Relocated: 1M, In-Place: 0
[53.257s][info][gc,reloc    ] GC(35) Medium Pages: 1 / 32M, Empty: 0M, Relocated: 0M, In-Place: 0
[53.257s][info][gc,reloc    ] GC(35) Large Pages: 0 / 0M, Empty: 0M, Relocated: 0M, In-Place: 0
[53.257s][info][gc,reloc    ] GC(35) Forwarding Usage: 0M
[53.257s][info][gc,heap     ] GC(35) Min Capacity: 2048M(100%)
[53.257s][info][gc,heap     ] GC(35) Max Capacity: 2048M(100%)
[53.257s][info][gc,heap     ] GC(35) Soft Max Capacity: 2048M(100%)
[53.257s][info][gc,heap     ] GC(35)                Mark Start          Mark End        Relocate Start      Relocate End           High               Low         
[53.257s][info][gc,heap     ] GC(35)  Capacity:     2048M (100%)       2048M (100%)       2048M (100%)       2048M (100%)       2048M (100%)       2048M (100%)   
[53.257s][info][gc,heap     ] GC(35)      Free:      828M (40%)         790M (39%)        1872M (91%)        1934M (94%)        1934M (94%)         784M (38%)    
[53.257s][info][gc,heap     ] GC(35)      Used:     1220M (60%)        1258M (61%)         176M (9%)          114M (6%)         1264M (62%)         114M (6%)     
[53.257s][info][gc,heap     ] GC(35)      Live:         -                34M (2%)           34M (2%)           34M (2%)             -                  -          
[53.257s][info][gc,heap     ] GC(35) Allocated:         -                38M (2%)           44M (2%)           45M (2%)             -                  -          
[53.257s][info][gc,heap     ] GC(35)   Garbage:         -              1185M (58%)          97M (5%)           33M (2%)             -                  -          
[53.257s][info][gc,heap     ] GC(35) Reclaimed:         -                  -              1088M (53%)        1151M (56%)            -                  -          
[53.257s][info][gc          ] GC(35) Garbage Collection (Allocation Rate) 1220M(60%)->114M(6%)
[53.836s][info][gc,start    ] GC(36) Garbage Collection (System.gc())
[53.836s][info][gc,task     ] GC(36) Using 2 workers
[53.836s][info][gc,phases   ] GC(36) Pause Mark Start 0.005ms
[53.966s][info][gc,phases   ] GC(36) Concurrent Mark 130.397ms
[53.967s][info][gc,phases   ] GC(36) Pause Mark End 0.020ms
[53.967s][info][gc,phases   ] GC(36) Concurrent Mark Free 0.002ms
[53.977s][info][gc,phases   ] GC(36) Concurrent Process Non-Strong References 10.067ms
[53.977s][info][gc,phases   ] GC(36) Concurrent Reset Relocation Set 0.003ms
[53.981s][info][gc,phases   ] GC(36) Concurrent Select Relocation Set 4.509ms
[53.982s][info][gc,phases   ] GC(36) Pause Relocate Start 0.012ms
[54.000s][info][gc,phases   ] GC(36) Concurrent Relocate 18.146ms
[54.000s][info][gc,load     ] GC(36) Load: 0.00/0.00/0.00
[54.000s][info][gc,mmu      ] GC(36) MMU: 2ms/98.2%, 5ms/99.3%, 10ms/99.4%, 20ms/99.7%, 50ms/99.9%, 100ms/99.9%
[54.000s][info][gc,marking  ] GC(36) Mark: 2 stripe(s), 1 proactive flush(es), 1 terminate flush(es), 0 completion(s), 0 continuation(s) 
[54.000s][info][gc,marking  ] GC(36) Mark Stack Usage: 32M
[54.000s][info][gc,nmethod  ] GC(36) NMethods: 4578 registered, 626 unregistered
[54.000s][info][gc,metaspace] GC(36) Metaspace: 34M used, 35M committed, 1088M reserved
[54.000s][info][gc,ref      ] GC(36) Soft: 3785 encountered, 0 discovered, 0 enqueued
[54.000s][info][gc,ref      ] GC(36) Weak: 7628 encountered, 351 discovered, 0 enqueued
[54.000s][info][gc,ref      ] GC(36) Final: 25031 encountered, 25000 discovered, 25000 enqueued
[54.000s][info][gc,ref      ] GC(36) Phantom: 88 encountered, 71 discovered, 0 enqueued
[54.000s][info][gc,reloc    ] GC(36) Small Pages: 331 / 662M, Empty: 394M, Relocated: 24M, In-Place: 0
[54.000s][info][gc,reloc    ] GC(36) Medium Pages: 1 / 32M, Empty: 0M, Relocated: 0M, In-Place: 0
[54.000s][info][gc,reloc    ] GC(36) Large Pages: 0 / 0M, Empty: 0M, Relocated: 0M, In-Place: 0
[54.000s][info][gc,reloc    ] GC(36) Forwarding Usage: 13M
[54.000s][info][gc,heap     ] GC(36) Min Capacity: 2048M(100%)
[54.000s][info][gc,heap     ] GC(36) Max Capacity: 2048M(100%)
[54.000s][info][gc,heap     ] GC(36) Soft Max Capacity: 2048M(100%)
[54.000s][info][gc,heap     ] GC(36)                Mark Start          Mark End        Relocate Start      Relocate End           High               Low         
[54.000s][info][gc,heap     ] GC(36)  Capacity:     2048M (100%)       2048M (100%)       2048M (100%)       2048M (100%)       2048M (100%)       2048M (100%)   
[54.000s][info][gc,heap     ] GC(36)      Free:     1354M (66%)        1354M (66%)        1746M (85%)        1952M (95%)        1952M (95%)        1352M (66%)    
[54.000s][info][gc,heap     ] GC(36)      Used:      694M (34%)         694M (34%)         302M (15%)          96M (5%)          696M (34%)          96M (5%)     
[54.000s][info][gc,heap     ] GC(36)      Live:         -                58M (3%)           58M (3%)           58M (3%)             -                  -          
[54.000s][info][gc,heap     ] GC(36) Allocated:         -                 0M (0%)            2M (0%)            1M (0%)             -                  -          
[54.000s][info][gc,heap     ] GC(36)   Garbage:         -               635M (31%)         241M (12%)          35M (2%)             -                  -          
[54.000s][info][gc,heap     ] GC(36) Reclaimed:         -                  -               394M (19%)         599M (29%)            -                  -          
[54.000s][info][gc          ] GC(36) Garbage Collection (System.gc()) 694M(34%)->96M(5%)
[54.693s][info][gc,start    ] GC(37) Garbage Collection (Allocation Rate)
[54.693s][info][gc,task     ] GC(37) Using 2 workers
[54.694s][info][gc,phases   ] GC(37) Pause Mark Start 0.013ms
[54.725s][info][gc,phases   ] GC(37) Concurrent Mark 31.332ms
[54.725s][info][gc,phases   ] GC(37) Pause Mark End 0.013ms
[54.725s][info][gc,phases   ] GC(37) Concurrent Mark Free 0.001ms
[54.739s][info][gc,phases   ] GC(37) Concurrent Process Non-Strong References 13.496ms
[54.739s][info][gc,phases   ] GC(37) Concurrent Reset Relocation Set 0.013ms
[54.741s][info][gc,phases   ] GC(37) Concurrent Select Relocation Set 2.526ms
[54.742s][info][gc,phases   ] GC(37) Pause Relocate Start 0.011ms
[54.743s][info][gc,phases   ] GC(37) Concurrent Relocate 1.268ms
[54.743s][info][gc,load     ] GC(37) Load: 0.00/0.00/0.00
[54.743s][info][gc,mmu      ] GC(37) MMU: 2ms/98.2%, 5ms/99.3%, 10ms/99.4%, 20ms/99.7%, 50ms/99.9%, 100ms/99.9%
[54.743s][info][gc,marking  ] GC(37) Mark: 2 stripe(s), 2 proactive flush(es), 1 terminate flush(es), 0 completion(s), 0 continuation(s) 
[54.743s][info][gc,marking  ] GC(37) Mark Stack Usage: 32M
[54.743s][info][gc,nmethod  ] GC(37) NMethods: 4614 registered, 626 unregistered
[54.743s][info][gc,metaspace] GC(37) Metaspace: 34M used, 35M committed, 1088M reserved
[54.743s][info][gc,ref      ] GC(37) Soft: 3785 encountered, 0 discovered, 0 enqueued
[54.743s][info][gc,ref      ] GC(37) Weak: 7641 encountered, 2372 discovered, 7 enqueued
[54.743s][info][gc,ref      ] GC(37) Final: 34 encountered, 7 discovered, 3 enqueued
[54.743s][info][gc,ref      ] GC(37) Phantom: 90 encountered, 72 discovered, 0 enqueued
[54.743s][info][gc,reloc    ] GC(37) Small Pages: 584 / 1168M, Empty: 1086M, Relocated: 1M, In-Place: 0
[54.743s][info][gc,reloc    ] GC(37) Medium Pages: 1 / 32M, Empty: 0M, Relocated: 0M, In-Place: 0
[54.743s][info][gc,reloc    ] GC(37) Large Pages: 0 / 0M, Empty: 0M, Relocated: 0M, In-Place: 0
[54.743s][info][gc,reloc    ] GC(37) Forwarding Usage: 0M
[54.743s][info][gc,heap     ] GC(37) Min Capacity: 2048M(100%)
[54.743s][info][gc,heap     ] GC(37) Max Capacity: 2048M(100%)
[54.743s][info][gc,heap     ] GC(37) Soft Max Capacity: 2048M(100%)
[54.743s][info][gc,heap     ] GC(37)                Mark Start          Mark End        Relocate Start      Relocate End           High               Low         
[54.743s][info][gc,heap     ] GC(37)  Capacity:     2048M (100%)       2048M (100%)       2048M (100%)       2048M (100%)       2048M (100%)       2048M (100%)   
[54.743s][info][gc,heap     ] GC(37)      Free:      848M (41%)         846M (41%)        1930M (94%)        1974M (96%)        1974M (96%)         844M (41%)    
[54.743s][info][gc,heap     ] GC(37)      Used:     1200M (59%)        1202M (59%)         118M (6%)           74M (4%)         1204M (59%)          74M (4%)     
[54.743s][info][gc,heap     ] GC(37)      Live:         -                34M (2%)           34M (2%)           34M (2%)             -                  -          
[54.743s][info][gc,heap     ] GC(37) Allocated:         -                 2M (0%)            4M (0%)            3M (0%)             -                  -          
[54.743s][info][gc,heap     ] GC(37)   Garbage:         -              1165M (57%)          79M (4%)           35M (2%)             -                  -          
[54.743s][info][gc,heap     ] GC(37) Reclaimed:         -                  -              1086M (53%)        1129M (55%)            -                  -          
[54.743s][info][gc          ] GC(37) Garbage Collection (Allocation Rate) 1200M(59%)->74M(4%)
[56.004s][info][gc,start    ] GC(38) Garbage Collection (Allocation Rate)
[56.004s][info][gc,task     ] GC(38) Using 2 workers
[56.004s][info][gc,phases   ] GC(38) Pause Mark Start 0.011ms
[56.085s][info][gc,phases   ] GC(38) Concurrent Mark 80.071ms
[56.085s][info][gc,phases   ] GC(38) Pause Mark End 0.014ms
[56.085s][info][gc,phases   ] GC(38) Concurrent Mark Free 0.001ms
[56.095s][info][gc,phases   ] GC(38) Concurrent Process Non-Strong References 10.119ms
[56.095s][info][gc,phases   ] GC(38) Concurrent Reset Relocation Set 0.003ms
[56.100s][info][gc,phases   ] GC(38) Concurrent Select Relocation Set 4.832ms
[56.100s][info][gc,phases   ] GC(38) Pause Relocate Start 0.020ms
[56.120s][info][gc,phases   ] GC(38) Concurrent Relocate 19.815ms
[56.120s][info][gc,load     ] GC(38) Load: 0.00/0.00/0.00
[56.120s][info][gc,mmu      ] GC(38) MMU: 2ms/98.2%, 5ms/99.3%, 10ms/99.4%, 20ms/99.7%, 50ms/99.9%, 100ms/99.9%
[56.120s][info][gc,marking  ] GC(38) Mark: 2 stripe(s), 2 proactive flush(es), 1 terminate flush(es), 0 completion(s), 0 continuation(s) 
[56.120s][info][gc,marking  ] GC(38) Mark Stack Usage: 32M
[56.120s][info][gc,nmethod  ] GC(38) NMethods: 4517 registered, 727 unregistered
[56.120s][info][gc,metaspace] GC(38) Metaspace: 34M used, 35M committed, 1088M reserved
[56.120s][info][gc,ref      ] GC(38) Soft: 3785 encountered, 0 discovered, 0 enqueued
[56.120s][info][gc,ref      ] GC(38) Weak: 7632 encountered, 1748 discovered, 0 enqueued
[56.120s][info][gc,ref      ] GC(38) Final: 25031 encountered, 25000 discovered, 25000 enqueued
[56.120s][info][gc,ref      ] GC(38) Phantom: 90 encountered, 69 discovered, 0 enqueued
[56.120s][info][gc,reloc    ] GC(38) Small Pages: 617 / 1234M, Empty: 924M, Relocated: 25M, In-Place: 0
[56.120s][info][gc,reloc    ] GC(38) Medium Pages: 1 / 32M, Empty: 0M, Relocated: 0M, In-Place: 0
[56.120s][info][gc,reloc    ] GC(38) Large Pages: 0 / 0M, Empty: 0M, Relocated: 0M, In-Place: 0
[56.120s][info][gc,reloc    ] GC(38) Forwarding Usage: 13M
[56.120s][info][gc,heap     ] GC(38) Min Capacity: 2048M(100%)
[56.120s][info][gc,heap     ] GC(38) Max Capacity: 2048M(100%)
[56.120s][info][gc,heap     ] GC(38) Soft Max Capacity: 2048M(100%)
[56.120s][info][gc,heap     ] GC(38)                Mark Start          Mark End        Relocate Start      Relocate End           High               Low         
[56.120s][info][gc,heap     ] GC(38)  Capacity:     2048M (100%)       2048M (100%)       2048M (100%)       2048M (100%)       2048M (100%)       2048M (100%)   
[56.120s][info][gc,heap     ] GC(38)      Free:      782M (38%)         738M (36%)        1654M (81%)        1888M (92%)        1888M (92%)         732M (36%)    
[56.120s][info][gc,heap     ] GC(38)      Used:     1266M (62%)        1310M (64%)         394M (19%)         160M (8%)         1316M (64%)         160M (8%)     
[56.120s][info][gc,heap     ] GC(38)      Live:         -                58M (3%)           58M (3%)           58M (3%)             -                  -          
[56.120s][info][gc,heap     ] GC(38) Allocated:         -                44M (2%)           52M (3%)           66M (3%)             -                  -          
[56.120s][info][gc,heap     ] GC(38)   Garbage:         -              1207M (59%)         283M (14%)          34M (2%)             -                  -          
[56.120s][info][gc,heap     ] GC(38) Reclaimed:         -                  -               924M (45%)        1172M (57%)            -                  -          
[56.120s][info][gc          ] GC(38) Garbage Collection (Allocation Rate) 1266M(62%)->160M(8%)
[56.692s][info][gc,start    ] GC(39) Garbage Collection (Allocation Rate)
[56.692s][info][gc,task     ] GC(39) Using 2 workers
[56.692s][info][gc,phases   ] GC(39) Pause Mark Start 0.010ms
[56.724s][info][gc,phases   ] GC(39) Concurrent Mark 31.600ms
[56.724s][info][gc,phases   ] GC(39) Pause Mark End 0.012ms
[56.724s][info][gc,phases   ] GC(39) Concurrent Mark Free 0.001ms
[56.731s][info][gc,phases   ] GC(39) Concurrent Process Non-Strong References 7.110ms
[56.731s][info][gc,phases   ] GC(39) Concurrent Reset Relocation Set 0.012ms
[56.734s][info][gc,phases   ] GC(39) Concurrent Select Relocation Set 2.852ms
[56.734s][info][gc,phases   ] GC(39) Pause Relocate Start 0.011ms
[56.735s][info][gc,phases   ] GC(39) Concurrent Relocate 0.678ms
[56.735s][info][gc,load     ] GC(39) Load: 0.00/0.00/0.00
[56.735s][info][gc,mmu      ] GC(39) MMU: 2ms/98.2%, 5ms/99.3%, 10ms/99.4%, 20ms/99.7%, 50ms/99.9%, 100ms/99.9%
[56.735s][info][gc,marking  ] GC(39) Mark: 2 stripe(s), 2 proactive flush(es), 1 terminate flush(es), 0 completion(s), 0 continuation(s) 
[56.735s][info][gc,marking  ] GC(39) Mark Stack Usage: 32M
[56.735s][info][gc,nmethod  ] GC(39) NMethods: 4525 registered, 728 unregistered
[56.735s][info][gc,metaspace] GC(39) Metaspace: 34M used, 35M committed, 1088M reserved
[56.735s][info][gc,ref      ] GC(39) Soft: 3785 encountered, 0 discovered, 0 enqueued
[56.735s][info][gc,ref      ] GC(39) Weak: 7645 encountered, 1913 discovered, 7 enqueued
[56.735s][info][gc,ref      ] GC(39) Final: 31 encountered, 3 discovered, 0 enqueued
[56.735s][info][gc,ref      ] GC(39) Phantom: 90 encountered, 72 discovered, 0 enqueued
[56.735s][info][gc,reloc    ] GC(39) Small Pages: 607 / 1214M, Empty: 1132M, Relocated: 1M, In-Place: 0
[56.735s][info][gc,reloc    ] GC(39) Medium Pages: 1 / 32M, Empty: 0M, Relocated: 0M, In-Place: 0
[56.735s][info][gc,reloc    ] GC(39) Large Pages: 0 / 0M, Empty: 0M, Relocated: 0M, In-Place: 0
[56.735s][info][gc,reloc    ] GC(39) Forwarding Usage: 0M
[56.735s][info][gc,heap     ] GC(39) Min Capacity: 2048M(100%)
[56.735s][info][gc,heap     ] GC(39) Max Capacity: 2048M(100%)
[56.735s][info][gc,heap     ] GC(39) Soft Max Capacity: 2048M(100%)
[56.735s][info][gc,heap     ] GC(39)                Mark Start          Mark End        Relocate Start      Relocate End           High               Low         
[56.735s][info][gc,heap     ] GC(39)  Capacity:     2048M (100%)       2048M (100%)       2048M (100%)       2048M (100%)       2048M (100%)       2048M (100%)   
[56.735s][info][gc,heap     ] GC(39)      Free:      802M (39%)         800M (39%)        1932M (94%)        1976M (96%)        1976M (96%)         800M (39%)    
[56.735s][info][gc,heap     ] GC(39)      Used:     1246M (61%)        1248M (61%)         116M (6%)           72M (4%)         1248M (61%)          72M (4%)     
[56.735s][info][gc,heap     ] GC(39)      Live:         -                34M (2%)           34M (2%)           34M (2%)             -                  -          
[56.735s][info][gc,heap     ] GC(39) Allocated:         -                 2M (0%)            2M (0%)            1M (0%)             -                  -          
[56.735s][info][gc,heap     ] GC(39)   Garbage:         -              1211M (59%)          79M (4%)           35M (2%)             -                  -          
[56.735s][info][gc,heap     ] GC(39) Reclaimed:         -                  -              1132M (55%)        1175M (57%)            -                  -          
[56.735s][info][gc          ] GC(39) Garbage Collection (Allocation Rate) 1246M(61%)->72M(4%)
[58.174s][info][gc,start    ] GC(40) Garbage Collection (System.gc())
[58.174s][info][gc,task     ] GC(40) Using 2 workers
[58.175s][info][gc,phases   ] GC(40) Pause Mark Start 0.005ms
[58.259s][info][gc,phases   ] GC(40) Concurrent Mark 84.270ms
[58.259s][info][gc,phases   ] GC(40) Pause Mark End 0.023ms
[58.259s][info][gc,phases   ] GC(40) Concurrent Mark Free 0.003ms
[58.271s][info][gc,phases   ] GC(40) Concurrent Process Non-Strong References 11.990ms
[58.271s][info][gc,phases   ] GC(40) Concurrent Reset Relocation Set 0.003ms
[58.277s][info][gc,phases   ] GC(40) Concurrent Select Relocation Set 5.679ms
[58.277s][info][gc,phases   ] GC(40) Pause Relocate Start 0.018ms
[58.296s][info][gc,phases   ] GC(40) Concurrent Relocate 18.545ms
[58.296s][info][gc,load     ] GC(40) Load: 0.00/0.00/0.00
[58.296s][info][gc,mmu      ] GC(40) MMU: 2ms/98.2%, 5ms/99.3%, 10ms/99.4%, 20ms/99.7%, 50ms/99.9%, 100ms/99.9%
[58.296s][info][gc,marking  ] GC(40) Mark: 2 stripe(s), 1 proactive flush(es), 1 terminate flush(es), 0 completion(s), 0 continuation(s) 
[58.296s][info][gc,marking  ] GC(40) Mark Stack Usage: 32M
[58.296s][info][gc,nmethod  ] GC(40) NMethods: 4535 registered, 728 unregistered
[58.296s][info][gc,metaspace] GC(40) Metaspace: 34M used, 35M committed, 1088M reserved
[58.296s][info][gc,ref      ] GC(40) Soft: 3785 encountered, 0 discovered, 0 enqueued
[58.296s][info][gc,ref      ] GC(40) Weak: 7636 encountered, 1016 discovered, 0 enqueued
[58.296s][info][gc,ref      ] GC(40) Final: 25031 encountered, 25000 discovered, 25000 enqueued
[58.296s][info][gc,ref      ] GC(40) Phantom: 88 encountered, 70 discovered, 0 enqueued
[58.296s][info][gc,reloc    ] GC(40) Small Pages: 648 / 1296M, Empty: 986M, Relocated: 25M, In-Place: 0
[58.296s][info][gc,reloc    ] GC(40) Medium Pages: 1 / 32M, Empty: 0M, Relocated: 0M, In-Place: 0
[58.296s][info][gc,reloc    ] GC(40) Large Pages: 0 / 0M, Empty: 0M, Relocated: 0M, In-Place: 0
[58.296s][info][gc,reloc    ] GC(40) Forwarding Usage: 13M
[58.296s][info][gc,heap     ] GC(40) Min Capacity: 2048M(100%)
[58.296s][info][gc,heap     ] GC(40) Max Capacity: 2048M(100%)
[58.296s][info][gc,heap     ] GC(40) Soft Max Capacity: 2048M(100%)
[58.296s][info][gc,heap     ] GC(40)                Mark Start          Mark End        Relocate Start      Relocate End           High               Low         
[58.296s][info][gc,heap     ] GC(40)  Capacity:     2048M (100%)       2048M (100%)       2048M (100%)       2048M (100%)       2048M (100%)       2048M (100%)   
[58.296s][info][gc,heap     ] GC(40)      Free:      720M (35%)         720M (35%)        1704M (83%)        1950M (95%)        1950M (95%)         718M (35%)    
[58.296s][info][gc,heap     ] GC(40)      Used:     1328M (65%)        1328M (65%)         344M (17%)          98M (5%)         1330M (65%)          98M (5%)     
[58.296s][info][gc,heap     ] GC(40)      Live:         -                58M (3%)           58M (3%)           58M (3%)             -                  -          
[58.296s][info][gc,heap     ] GC(40) Allocated:         -                 0M (0%)            2M (0%)            3M (0%)             -                  -          
[58.296s][info][gc,heap     ] GC(40)   Garbage:         -              1269M (62%)         283M (14%)          35M (2%)             -                  -          
[58.296s][info][gc,heap     ] GC(40) Reclaimed:         -                  -               986M (48%)        1233M (60%)            -                  -          
[58.296s][info][gc          ] GC(40) Garbage Collection (System.gc()) 1328M(65%)->98M(5%)
[58.990s][info][gc,start    ] GC(41) Garbage Collection (Allocation Rate)
[58.990s][info][gc,task     ] GC(41) Using 2 workers
[58.991s][info][gc,phases   ] GC(41) Pause Mark Start 0.013ms
[59.022s][info][gc,phases   ] GC(41) Concurrent Mark 30.912ms
[59.022s][info][gc,phases   ] GC(41) Pause Mark End 0.024ms
[59.022s][info][gc,phases   ] GC(41) Concurrent Mark Free 0.002ms
[59.035s][info][gc,phases   ] GC(41) Concurrent Process Non-Strong References 12.736ms
[59.035s][info][gc,phases   ] GC(41) Concurrent Reset Relocation Set 0.012ms
[59.038s][info][gc,phases   ] GC(41) Concurrent Select Relocation Set 2.576ms
[59.038s][info][gc,phases   ] GC(41) Pause Relocate Start 0.015ms
[59.039s][info][gc,phases   ] GC(41) Concurrent Relocate 1.126ms
[59.039s][info][gc,load     ] GC(41) Load: 0.00/0.00/0.00
[59.039s][info][gc,mmu      ] GC(41) MMU: 2ms/98.2%, 5ms/99.3%, 10ms/99.4%, 20ms/99.7%, 50ms/99.9%, 100ms/99.9%
[59.039s][info][gc,marking  ] GC(41) Mark: 2 stripe(s), 2 proactive flush(es), 1 terminate flush(es), 0 completion(s), 0 continuation(s) 
[59.039s][info][gc,marking  ] GC(41) Mark Stack Usage: 32M
[59.039s][info][gc,nmethod  ] GC(41) NMethods: 4565 registered, 728 unregistered
[59.039s][info][gc,metaspace] GC(41) Metaspace: 34M used, 35M committed, 1088M reserved
[59.039s][info][gc,ref      ] GC(41) Soft: 3785 encountered, 0 discovered, 0 enqueued
[59.039s][info][gc,ref      ] GC(41) Weak: 7649 encountered, 1711 discovered, 7 enqueued
[59.039s][info][gc,ref      ] GC(41) Final: 34 encountered, 4 discovered, 3 enqueued
[59.039s][info][gc,ref      ] GC(41) Phantom: 90 encountered, 69 discovered, 0 enqueued
[59.039s][info][gc,reloc    ] GC(41) Small Pages: 638 / 1276M, Empty: 1186M, Relocated: 1M, In-Place: 0
[59.039s][info][gc,reloc    ] GC(41) Medium Pages: 1 / 32M, Empty: 0M, Relocated: 0M, In-Place: 0
[59.039s][info][gc,reloc    ] GC(41) Large Pages: 0 / 0M, Empty: 0M, Relocated: 0M, In-Place: 0
[59.039s][info][gc,reloc    ] GC(41) Forwarding Usage: 0M
[59.039s][info][gc,heap     ] GC(41) Min Capacity: 2048M(100%)
[59.039s][info][gc,heap     ] GC(41) Max Capacity: 2048M(100%)
[59.039s][info][gc,heap     ] GC(41) Soft Max Capacity: 2048M(100%)
[59.039s][info][gc,heap     ] GC(41)                Mark Start          Mark End        Relocate Start      Relocate End           High               Low         
[59.039s][info][gc,heap     ] GC(41)  Capacity:     2048M (100%)       2048M (100%)       2048M (100%)       2048M (100%)       2048M (100%)       2048M (100%)   
[59.039s][info][gc,heap     ] GC(41)      Free:      740M (36%)         714M (35%)        1898M (93%)        1948M (95%)        1948M (95%)         712M (35%)    
[59.039s][info][gc,heap     ] GC(41)      Used:     1308M (64%)        1334M (65%)         150M (7%)          100M (5%)         1336M (65%)         100M (5%)     
[59.039s][info][gc,heap     ] GC(41)      Live:         -                34M (2%)           34M (2%)           34M (2%)             -                  -          
[59.039s][info][gc,heap     ] GC(41) Allocated:         -                26M (1%)           28M (1%)           29M (1%)             -                  -          
[59.039s][info][gc,heap     ] GC(41)   Garbage:         -              1273M (62%)          87M (4%)           35M (2%)             -                  -          
[59.039s][info][gc,heap     ] GC(41) Reclaimed:         -                  -              1186M (58%)        1237M (60%)            -                  -          
[59.039s][info][gc          ] GC(41) Garbage Collection (Allocation Rate) 1308M(64%)->100M(5%)
[60.097s][info][gc,stats    ] === Garbage Collection Statistics =======================================================================================================================
[60.097s][info][gc,stats    ]                                                              Last 10s              Last 10m              Last 10h                Total
[60.097s][info][gc,stats    ]                                                              Avg / Max             Avg / Max             Avg / Max             Avg / Max
[60.097s][info][gc,stats    ]   Collector: Garbage Collection Cycle                     91.028 / 164.008      85.712 / 212.064      85.712 / 212.064      85.712 / 212.064     ms
[60.098s][info][gc,stats    ]  Contention: Mark Segment Reset Contention                     0 / 0                 0 / 1                 0 / 1                 0 / 1           ops/s
[60.098s][info][gc,stats    ]  Contention: Mark SeqNum Reset Contention                      0 / 0                 0 / 0                 0 / 0                 0 / 0           ops/s
[60.098s][info][gc,stats    ]    Critical: Allocation Stall                                  0 / 0                 0 / 0                 0 / 0                 0 / 0           ops/s
[60.098s][info][gc,stats    ]    Critical: Allocation Stall                              0.000 / 0.000         0.000 / 0.000         0.000 / 0.000         0.000 / 0.000       ms
[60.098s][info][gc,stats    ]    Critical: GC Locker Stall                                   0 / 0                 0 / 0                 0 / 0                 0 / 0           ops/s
[60.098s][info][gc,stats    ]    Critical: GC Locker Stall                               0.000 / 0.000         0.000 / 0.000         0.000 / 0.000         0.000 / 0.000       ms
[60.098s][info][gc,stats    ]    Critical: Relocation Stall                                  0 / 0                 0 / 0                 0 / 0                 0 / 0           ops/s
[60.098s][info][gc,stats    ]    Critical: Relocation Stall                              0.000 / 0.000         0.000 / 0.000         0.000 / 0.000         0.000 / 0.000       ms
[60.098s][info][gc,stats    ]      Memory: Allocation Rate                                1054 / 1364            767 / 1370            767 / 1370            767 / 1370        MB/s
[60.098s][info][gc,stats    ]      Memory: Out Of Memory                                     0 / 0                 0 / 0                 0 / 0                 0 / 0           ops/s
[60.098s][info][gc,stats    ]      Memory: Page Cache Flush                                  0 / 0                 0 / 0                 0 / 0                 0 / 0           MB/s
[60.098s][info][gc,stats    ]      Memory: Page Cache Hit L1                               532 / 695             370 / 695             370 / 695             370 / 695         ops/s
[60.098s][info][gc,stats    ]      Memory: Page Cache Hit L2                                 0 / 0                 0 / 0                 0 / 0                 0 / 0           ops/s
[60.098s][info][gc,stats    ]      Memory: Page Cache Hit L3                                 0 / 0                16 / 223              16 / 223              16 / 223         ops/s
[60.098s][info][gc,stats    ]      Memory: Page Cache Miss                                   0 / 0                 0 / 1                 0 / 1                 0 / 1           ops/s
[60.098s][info][gc,stats    ]      Memory: Uncommit                                          0 / 0                 0 / 0                 0 / 0                 0 / 0           MB/s
[60.098s][info][gc,stats    ]      Memory: Undo Object Allocation Failed                     0 / 0                 0 / 0                 0 / 0                 0 / 0           ops/s
[60.098s][info][gc,stats    ]      Memory: Undo Object Allocation Succeeded                  0 / 0                 0 / 3                 0 / 3                 0 / 3           ops/s
[60.098s][info][gc,stats    ]      Memory: Undo Page Allocation                              0 / 0                 0 / 0                 0 / 0                 0 / 0           ops/s
[60.098s][info][gc,stats    ]       Phase: Concurrent Mark                              62.648 / 130.397      61.291 / 157.696      61.291 / 157.696      61.291 / 157.696     ms
[60.098s][info][gc,stats    ]       Phase: Concurrent Mark Continue                      0.000 / 0.000         0.000 / 0.000         0.000 / 0.000         0.000 / 0.000       ms
[60.098s][info][gc,stats    ]       Phase: Concurrent Mark Free                          0.001 / 0.003         0.002 / 0.026         0.002 / 0.026         0.002 / 0.026       ms
[60.098s][info][gc,stats    ]       Phase: Concurrent Process Non-Strong References     12.713 / 18.691        9.219 / 18.691        9.219 / 18.691        9.219 / 18.691      ms
[60.098s][info][gc,stats    ]       Phase: Concurrent Relocate                          10.977 / 37.335       10.767 / 37.335       10.767 / 37.335       10.767 / 37.335      ms
[60.098s][info][gc,stats    ]       Phase: Concurrent Reset Relocation Set               0.008 / 0.015         0.008 / 0.018         0.008 / 0.018         0.008 / 0.018       ms
[60.098s][info][gc,stats    ]       Phase: Concurrent Select Relocation Set              3.628 / 5.679         3.402 / 7.623         3.402 / 7.623         3.402 / 7.623       ms
[60.098s][info][gc,stats    ]       Phase: Pause Mark End                                0.016 / 0.024         0.017 / 0.032         0.017 / 0.032         0.017 / 0.032       ms
[60.098s][info][gc,stats    ]       Phase: Pause Mark Start                              0.010 / 0.013         0.009 / 0.015         0.009 / 0.015         0.009 / 0.015       ms
[60.098s][info][gc,stats    ]       Phase: Pause Relocate Start                          0.014 / 0.020         0.015 / 0.036         0.015 / 0.036         0.015 / 0.036       ms
[60.098s][info][gc,stats    ]    Subphase: Concurrent Classes Purge                      0.240 / 0.402         0.202 / 0.402         0.202 / 0.402         0.202 / 0.402       ms
[60.098s][info][gc,stats    ]    Subphase: Concurrent Classes Unlink                     9.537 / 15.455        6.465 / 15.455        6.465 / 15.455        6.465 / 15.455      ms
[60.098s][info][gc,stats    ]    Subphase: Concurrent Mark                              59.580 / 129.945      55.189 / 156.558      55.189 / 156.558      55.189 / 156.558     ms
[60.098s][info][gc,stats    ]    Subphase: Concurrent Mark Try Flush                     0.106 / 0.296         0.103 / 0.501         0.103 / 0.501         0.103 / 0.501       ms
[60.098s][info][gc,stats    ]    Subphase: Concurrent Mark Try Terminate                 6.861 / 16.281        6.592 / 16.304        6.592 / 16.304        6.592 / 16.304      ms
[60.098s][info][gc,stats    ]    Subphase: Concurrent References Enqueue                 0.007 / 0.008         0.005 / 0.009         0.005 / 0.009         0.005 / 0.009       ms
[60.098s][info][gc,stats    ]    Subphase: Concurrent References Process                 1.877 / 4.728         1.610 / 4.728         1.610 / 4.728         1.610 / 4.728       ms
[60.098s][info][gc,stats    ]    Subphase: Concurrent Roots ClassLoaderDataGraph         0.116 / 0.240         0.094 / 0.342         0.094 / 0.342         0.094 / 0.342       ms
[60.098s][info][gc,stats    ]    Subphase: Concurrent Roots CodeCache                    0.000 / 0.000         0.000 / 0.000         0.000 / 0.000         0.000 / 0.000       ms
[60.098s][info][gc,stats    ]    Subphase: Concurrent Roots JavaThreads                  0.548 / 1.737         0.553 / 3.530         0.553 / 3.530         0.553 / 3.530       ms
[60.098s][info][gc,stats    ]    Subphase: Concurrent Roots OopStorageSet                0.018 / 0.027         0.017 / 0.049         0.017 / 0.049         0.017 / 0.049       ms
[60.098s][info][gc,stats    ]    Subphase: Concurrent Weak Roots OopStorageSet           0.749 / 1.650         0.716 / 1.650         0.716 / 1.650         0.716 / 1.650       ms
[60.098s][info][gc,stats    ]    Subphase: Pause Mark Try Complete                       0.000 / 0.000         0.000 / 0.000         0.000 / 0.000         0.000 / 0.000       ms
[60.098s][info][gc,stats    ]      System: Java Threads                                     12 / 13               12 / 13               12 / 13               12 / 13          threads
[60.098s][info][gc,stats    ] =========================================================================================================================================================
[60.590s][info][gc,start    ] GC(42) Garbage Collection (Allocation Rate)
[60.590s][info][gc,task     ] GC(42) Using 2 workers
[60.591s][info][gc,phases   ] GC(42) Pause Mark Start 0.013ms
[60.717s][info][gc,phases   ] GC(42) Concurrent Mark 126.364ms
[60.717s][info][gc,phases   ] GC(42) Pause Mark End 0.012ms
[60.717s][info][gc,phases   ] GC(42) Concurrent Mark Free 0.002ms
[60.728s][info][gc,phases   ] GC(42) Concurrent Process Non-Strong References 10.481ms
[60.728s][info][gc,phases   ] GC(42) Concurrent Reset Relocation Set 0.003ms
[60.728s][info][gc          ] Allocation Stall (Finalizer) 0.081ms
[60.728s][info][gc          ] Allocation Stall (MainThread) 35.417ms
[60.735s][info][gc,phases   ] GC(42) Concurrent Select Relocation Set 7.421ms
[60.736s][info][gc,phases   ] GC(42) Pause Relocate Start 0.017ms
[60.762s][info][gc,phases   ] GC(42) Concurrent Relocate 26.515ms
[60.762s][info][gc,load     ] GC(42) Load: 0.00/0.00/0.00
[60.762s][info][gc,mmu      ] GC(42) MMU: 2ms/98.2%, 5ms/99.3%, 10ms/99.4%, 20ms/99.7%, 50ms/99.9%, 100ms/99.9%
[60.762s][info][gc,marking  ] GC(42) Mark: 2 stripe(s), 7 proactive flush(es), 1 terminate flush(es), 0 completion(s), 0 continuation(s) 
[60.762s][info][gc,marking  ] GC(42) Mark Stack Usage: 32M
[60.762s][info][gc,nmethod  ] GC(42) NMethods: 4573 registered, 728 unregistered
[60.762s][info][gc,metaspace] GC(42) Metaspace: 34M used, 35M committed, 1088M reserved
[60.762s][info][gc,ref      ] GC(42) Soft: 3785 encountered, 0 discovered, 0 enqueued
[60.762s][info][gc,ref      ] GC(42) Weak: 7642 encountered, 1646 discovered, 0 enqueued
[60.763s][info][gc,ref      ] GC(42) Final: 25031 encountered, 25000 discovered, 25000 enqueued
[60.763s][info][gc,ref      ] GC(42) Phantom: 90 encountered, 69 discovered, 0 enqueued
[60.763s][info][gc,reloc    ] GC(42) Small Pages: 844 / 1688M, Empty: 1366M, Relocated: 25M, In-Place: 0
[60.763s][info][gc,reloc    ] GC(42) Medium Pages: 1 / 32M, Empty: 0M, Relocated: 0M, In-Place: 0
[60.763s][info][gc,reloc    ] GC(42) Large Pages: 0 / 0M, Empty: 0M, Relocated: 0M, In-Place: 0
[60.763s][info][gc,reloc    ] GC(42) Forwarding Usage: 13M
[60.763s][info][gc,heap     ] GC(42) Min Capacity: 2048M(100%)
[60.763s][info][gc,heap     ] GC(42) Max Capacity: 2048M(100%)
[60.763s][info][gc,heap     ] GC(42) Soft Max Capacity: 2048M(100%)
[60.763s][info][gc,heap     ] GC(42)                Mark Start          Mark End        Relocate Start      Relocate End           High               Low         
[60.763s][info][gc,heap     ] GC(42)  Capacity:     2048M (100%)       2048M (100%)       2048M (100%)       2048M (100%)       2048M (100%)       2048M (100%)   
[60.763s][info][gc,heap     ] GC(42)      Free:      328M (16%)           0M (0%)         1344M (66%)        1534M (75%)        1534M (75%)           0M (0%)     
[60.763s][info][gc,heap     ] GC(42)      Used:     1720M (84%)        2048M (100%)        704M (34%)         514M (25%)        2048M (100%)        514M (25%)    
[60.763s][info][gc,heap     ] GC(42)      Live:         -                58M (3%)           58M (3%)           58M (3%)             -                  -          
[60.763s][info][gc,heap     ] GC(42) Allocated:         -               328M (16%)         350M (17%)         419M (21%)            -                  -          
[60.763s][info][gc,heap     ] GC(42)   Garbage:         -              1661M (81%)         295M (14%)          35M (2%)             -                  -          
[60.763s][info][gc,heap     ] GC(42) Reclaimed:         -                  -              1366M (67%)        1625M (79%)            -                  -          
[60.763s][info][gc          ] GC(42) Garbage Collection (Allocation Rate) 1720M(84%)->514M(25%)
[60.797s][info][gc,start    ] GC(43) Garbage Collection (Allocation Stall)
[60.798s][info][gc,ref      ] GC(43) Clearing All SoftReferences
[60.798s][info][gc,task     ] GC(43) Using 2 workers
[60.798s][info][gc,phases   ] GC(43) Pause Mark Start 0.013ms
[60.829s][info][gc,phases   ] GC(43) Concurrent Mark 31.141ms
[60.829s][info][gc,phases   ] GC(43) Pause Mark End 0.017ms
[60.829s][info][gc,phases   ] GC(43) Concurrent Mark Free 0.001ms
[60.842s][info][gc,phases   ] GC(43) Concurrent Process Non-Strong References 12.324ms
[60.842s][info][gc,phases   ] GC(43) Concurrent Reset Relocation Set 0.013ms
[60.844s][info][gc,phases   ] GC(43) Concurrent Select Relocation Set 2.774ms
[60.845s][info][gc,phases   ] GC(43) Pause Relocate Start 0.014ms
[60.845s][info][gc,phases   ] GC(43) Concurrent Relocate 0.756ms
[60.846s][info][gc,load     ] GC(43) Load: 0.00/0.00/0.00
[60.846s][info][gc,mmu      ] GC(43) MMU: 2ms/98.2%, 5ms/99.3%, 10ms/99.4%, 20ms/99.7%, 50ms/99.9%, 100ms/99.9%
[60.846s][info][gc,marking  ] GC(43) Mark: 2 stripe(s), 2 proactive flush(es), 1 terminate flush(es), 0 completion(s), 0 continuation(s) 
[60.846s][info][gc,marking  ] GC(43) Mark Stack Usage: 32M
[60.846s][info][gc,nmethod  ] GC(43) NMethods: 4573 registered, 728 unregistered
[60.846s][info][gc,metaspace] GC(43) Metaspace: 34M used, 35M committed, 1088M reserved
[60.846s][info][gc,ref      ] GC(43) Soft: 3773 encountered, 737 discovered, 682 enqueued
[60.846s][info][gc,ref      ] GC(43) Weak: 7657 encountered, 1597 discovered, 11 enqueued
[60.846s][info][gc,ref      ] GC(43) Final: 31 encountered, 0 discovered, 0 enqueued
[60.846s][info][gc,ref      ] GC(43) Phantom: 90 encountered, 72 discovered, 0 enqueued
[60.846s][info][gc,reloc    ] GC(43) Small Pages: 296 / 592M, Empty: 532M, Relocated: 1M, In-Place: 0
[60.846s][info][gc,reloc    ] GC(43) Medium Pages: 1 / 32M, Empty: 0M, Relocated: 0M, In-Place: 0
[60.846s][info][gc,reloc    ] GC(43) Large Pages: 0 / 0M, Empty: 0M, Relocated: 0M, In-Place: 0
[60.846s][info][gc,reloc    ] GC(43) Forwarding Usage: 0M
[60.846s][info][gc,heap     ] GC(43) Min Capacity: 2048M(100%)
[60.846s][info][gc,heap     ] GC(43) Max Capacity: 2048M(100%)
[60.846s][info][gc,heap     ] GC(43) Soft Max Capacity: 2048M(100%)
[60.846s][info][gc,heap     ] GC(43)                Mark Start          Mark End        Relocate Start      Relocate End           High               Low         
[60.846s][info][gc,heap     ] GC(43)  Capacity:     2048M (100%)       2048M (100%)       2048M (100%)       2048M (100%)       2048M (100%)       2048M (100%)   
[60.846s][info][gc,heap     ] GC(43)      Free:     1424M (70%)        1412M (69%)        1922M (94%)        1944M (95%)        1944M (95%)        1396M (68%)    
[60.846s][info][gc,heap     ] GC(43)      Used:      624M (30%)         636M (31%)         126M (6%)          104M (5%)          652M (32%)         104M (5%)     
[60.846s][info][gc,heap     ] GC(43)      Live:         -                33M (2%)           33M (2%)           33M (2%)             -                  -          
[60.846s][info][gc,heap     ] GC(43) Allocated:         -                12M (1%)           34M (2%)           33M (2%)             -                  -          
[60.846s][info][gc,heap     ] GC(43)   Garbage:         -               590M (29%)          58M (3%)           36M (2%)             -                  -          
[60.846s][info][gc,heap     ] GC(43) Reclaimed:         -                  -               532M (26%)         553M (27%)            -                  -          
[60.846s][info][gc          ] GC(43) Garbage Collection (Allocation Stall) 624M(30%)->104M(5%)
[62.191s][info][gc,start    ] GC(44) Garbage Collection (Allocation Rate)
[62.191s][info][gc,task     ] GC(44) Using 2 workers
[62.191s][info][gc,phases   ] GC(44) Pause Mark Start 0.011ms
[62.285s][info][gc,phases   ] GC(44) Concurrent Mark 93.863ms
[62.285s][info][gc,phases   ] GC(44) Pause Mark End 0.020ms
[62.285s][info][gc,phases   ] GC(44) Concurrent Mark Free 0.002ms
[62.295s][info][gc,phases   ] GC(44) Concurrent Process Non-Strong References 9.639ms
[62.295s][info][gc,phases   ] GC(44) Concurrent Reset Relocation Set 0.001ms
[62.302s][info][gc,phases   ] GC(44) Concurrent Select Relocation Set 6.948ms
[62.303s][info][gc,phases   ] GC(44) Pause Relocate Start 0.010ms
[62.323s][info][gc,phases   ] GC(44) Concurrent Relocate 19.165ms
[62.323s][info][gc,load     ] GC(44) Load: 0.00/0.00/0.00
[62.323s][info][gc,mmu      ] GC(44) MMU: 2ms/98.2%, 5ms/99.3%, 10ms/99.4%, 20ms/99.7%, 50ms/99.9%, 100ms/99.9%
[62.323s][info][gc,marking  ] GC(44) Mark: 2 stripe(s), 2 proactive flush(es), 1 terminate flush(es), 0 completion(s), 0 continuation(s) 
[62.323s][info][gc,marking  ] GC(44) Mark Stack Usage: 32M
[62.323s][info][gc,nmethod  ] GC(44) NMethods: 4578 registered, 729 unregistered
[62.323s][info][gc,metaspace] GC(44) Metaspace: 34M used, 35M committed, 1088M reserved
[62.323s][info][gc,ref      ] GC(44) Soft: 3097 encountered, 0 discovered, 0 enqueued
[62.323s][info][gc,ref      ] GC(44) Weak: 7644 encountered, 1676 discovered, 0 enqueued
[62.323s][info][gc,ref      ] GC(44) Final: 25031 encountered, 25000 discovered, 25000 enqueued
[62.323s][info][gc,ref      ] GC(44) Phantom: 90 encountered, 65 discovered, 0 enqueued
[62.323s][info][gc,reloc    ] GC(44) Small Pages: 636 / 1272M, Empty: 952M, Relocated: 25M, In-Place: 0
[62.323s][info][gc,reloc    ] GC(44) Medium Pages: 1 / 32M, Empty: 0M, Relocated: 0M, In-Place: 0
[62.323s][info][gc,reloc    ] GC(44) Large Pages: 0 / 0M, Empty: 0M, Relocated: 0M, In-Place: 0
[62.323s][info][gc,reloc    ] GC(44) Forwarding Usage: 13M
[62.323s][info][gc,heap     ] GC(44) Min Capacity: 2048M(100%)
[62.323s][info][gc,heap     ] GC(44) Max Capacity: 2048M(100%)
[62.323s][info][gc,heap     ] GC(44) Soft Max Capacity: 2048M(100%)
[62.323s][info][gc,heap     ] GC(44)                Mark Start          Mark End        Relocate Start      Relocate End           High               Low         
[62.323s][info][gc,heap     ] GC(44)  Capacity:     2048M (100%)       2048M (100%)       2048M (100%)       2048M (100%)       2048M (100%)       2048M (100%)   
[62.323s][info][gc,heap     ] GC(44)      Free:      744M (36%)         690M (34%)        1630M (80%)        1876M (92%)        1876M (92%)         686M (33%)    
[62.323s][info][gc,heap     ] GC(44)      Used:     1304M (64%)        1358M (66%)         418M (20%)         172M (8%)         1362M (67%)         172M (8%)     
[62.323s][info][gc,heap     ] GC(44)      Live:         -                57M (3%)           57M (3%)           57M (3%)             -                  -          
[62.323s][info][gc,heap     ] GC(44) Allocated:         -                54M (3%)           66M (3%)           77M (4%)             -                  -          
[62.323s][info][gc,heap     ] GC(44)   Garbage:         -              1246M (61%)         294M (14%)          36M (2%)             -                  -          
[62.323s][info][gc,heap     ] GC(44) Reclaimed:         -                  -               952M (46%)        1209M (59%)            -                  -          
[62.323s][info][gc          ] GC(44) Garbage Collection (Allocation Rate) 1304M(64%)->172M(8%)
[62.345s][info][gc,heap,exit] Heap
[62.346s][info][gc,heap,exit]  ZHeap           used 184M, capacity 2048M, max capacity 2048M
[62.346s][info][gc,heap,exit]  Metaspace       used 35814K, committed 36608K, reserved 1114112K
[62.346s][info][gc,heap,exit]   class space    used 6533K, committed 6784K, reserved 1048576K
