[0.010s][info][gc,init] Initializing The Z Garbage Collector
[0.011s][info][gc,init] Version: 17.0.12+7-adhoc..jdk17u (release)
[0.011s][info][gc,init] NUMA Support: Disabled
[0.011s][info][gc,init] CPUs: 6 total, 6 available
[0.011s][info][gc,init] Memory: 15591M
[0.011s][info][gc,init] Large Page Support: Disabled
[0.011s][info][gc,init] GC Workers: 2 (dynamic)
[0.011s][info][gc,init] Address Space Type: Contiguous/Unrestricted/Complete
[0.011s][info][gc,init] Address Space Size: 131072M x 3 = 393216M
[0.012s][info][gc,init] Min Capacity: 8192M
[0.012s][info][gc,init] Initial Capacity: 8192M
[0.012s][info][gc,init] Max Capacity: 8192M
[0.012s][info][gc,init] Medium Page Size: 32M
[0.012s][info][gc,init] Pre-touch: Disabled
[0.012s][info][gc,init] Uncommit: Implicitly Disabled (-Xms equals -Xmx)
[0.255s][info][gc,init] Runtime Workers: 4
[0.256s][info][gc     ] Using The Z Garbage Collector
[0.262s][info][gc,metaspace] CDS archive(s) mapped at: [0x0000020200000000-0x0000020200bc0000-0x0000020200bc0000), size 12320768, SharedBaseAddress: 0x0000020200000000, ArchiveRelocationMode: 1.
[0.262s][info][gc,metaspace] Compressed class space mapped at: 0x0000020201000000-0x0000020241000000, reserved size: 1073741824
[0.262s][info][gc,metaspace] Narrow klass base: 0x0000020200000000, Narrow klass shift: 0, Narrow klass range: 0x100000000
[2.187s][info][gc,start    ] GC(0) Garbage Collection (Warmup)
[2.187s][info][gc,task     ] GC(0) Using 2 workers
[2.187s][info][gc,phases   ] GC(0) Pause Mark Start 0.010ms
[2.250s][info][gc,phases   ] GC(0) Concurrent Mark 63.036ms
[2.250s][info][gc,phases   ] GC(0) Pause Mark End 0.019ms
[2.250s][info][gc,phases   ] GC(0) Concurrent Mark Free 0.002ms
[2.256s][info][gc,phases   ] GC(0) Concurrent Process Non-Strong References 5.239ms
[2.256s][info][gc,phases   ] GC(0) Concurrent Reset Relocation Set 0.012ms
[2.261s][info][gc,phases   ] GC(0) Concurrent Select Relocation Set 4.701ms
[2.261s][info][gc,phases   ] GC(0) Pause Relocate Start 0.029ms
[2.275s][info][gc,phases   ] GC(0) Concurrent Relocate 14.326ms
[2.275s][info][gc,load     ] GC(0) Load: 0.00/0.00/0.00
[2.275s][info][gc,mmu      ] GC(0) MMU: 2ms/98.6%, 5ms/99.4%, 10ms/99.7%, 20ms/99.8%, 50ms/99.9%, 100ms/99.9%
[2.275s][info][gc,marking  ] GC(0) Mark: 2 stripe(s), 2 proactive flush(es), 1 terminate flush(es), 0 completion(s), 0 continuation(s) 
[2.275s][info][gc,marking  ] GC(0) Mark Stack Usage: 32M
[2.275s][info][gc,nmethod  ] GC(0) NMethods: 2556 registered, 0 unregistered
[2.275s][info][gc,metaspace] GC(0) Metaspace: 15M used, 15M committed, 1088M reserved
[2.275s][info][gc,ref      ] GC(0) Soft: 3341 encountered, 0 discovered, 0 enqueued
[2.275s][info][gc,ref      ] GC(0) Weak: 4093 encountered, 936 discovered, 141 enqueued
[2.275s][info][gc,ref      ] GC(0) Final: 26 encountered, 20 discovered, 20 enqueued
[2.275s][info][gc,ref      ] GC(0) Phantom: 196 encountered, 185 discovered, 108 enqueued
[2.275s][info][gc,reloc    ] GC(0) Small Pages: 394 / 788M, Empty: 120M, Relocated: 22M, In-Place: 0
[2.275s][info][gc,reloc    ] GC(0) Medium Pages: 1 / 32M, Empty: 0M, Relocated: 0M, In-Place: 0
[2.275s][info][gc,reloc    ] GC(0) Large Pages: 0 / 0M, Empty: 0M, Relocated: 0M, In-Place: 0
[2.275s][info][gc,reloc    ] GC(0) Forwarding Usage: 9M
[2.275s][info][gc,heap     ] GC(0) Min Capacity: 8192M(100%)
[2.275s][info][gc,heap     ] GC(0) Max Capacity: 8192M(100%)
[2.275s][info][gc,heap     ] GC(0) Soft Max Capacity: 8192M(100%)
[2.276s][info][gc,heap     ] GC(0)                Mark Start          Mark End        Relocate Start      Relocate End           High               Low         
[2.276s][info][gc,heap     ] GC(0)  Capacity:     8192M (100%)       8192M (100%)       8192M (100%)       8192M (100%)       8192M (100%)       8192M (100%)   
[2.276s][info][gc,heap     ] GC(0)      Free:     7372M (90%)        7364M (90%)        7484M (91%)        8124M (99%)        8124M (99%)        7364M (90%)    
[2.276s][info][gc,heap     ] GC(0)      Used:      820M (10%)         828M (10%)         708M (9%)           68M (1%)          828M (10%)          68M (1%)     
[2.276s][info][gc,heap     ] GC(0)      Live:         -                25M (0%)           25M (0%)           25M (0%)             -                  -          
[2.276s][info][gc,heap     ] GC(0) Allocated:         -                 8M (0%)            8M (0%)            9M (0%)             -                  -          
[2.276s][info][gc,heap     ] GC(0)   Garbage:         -               794M (10%)         674M (8%)           33M (0%)             -                  -          
[2.276s][info][gc,heap     ] GC(0) Reclaimed:         -                  -               120M (1%)          761M (9%)             -                  -          
[2.276s][info][gc          ] GC(0) Garbage Collection (Warmup) 820M(10%)->68M(1%)
[2.443s][info][gc,start    ] GC(1) Garbage Collection (System.gc())
[2.443s][info][gc,task     ] GC(1) Using 2 workers
[2.443s][info][gc,phases   ] GC(1) Pause Mark Start 0.007ms
[2.483s][info][gc,phases   ] GC(1) Concurrent Mark 39.728ms
[2.483s][info][gc,phases   ] GC(1) Pause Mark End 0.022ms
[2.483s][info][gc,phases   ] GC(1) Concurrent Mark Free 0.002ms
[2.491s][info][gc,phases   ] GC(1) Concurrent Process Non-Strong References 7.221ms
[2.491s][info][gc,phases   ] GC(1) Concurrent Reset Relocation Set 0.026ms
[2.493s][info][gc,phases   ] GC(1) Concurrent Select Relocation Set 1.918ms
[2.493s][info][gc,phases   ] GC(1) Pause Relocate Start 0.008ms
[2.494s][info][gc,phases   ] GC(1) Concurrent Relocate 1.353ms
[2.494s][info][gc,load     ] GC(1) Load: 0.00/0.00/0.00
[2.494s][info][gc,mmu      ] GC(1) MMU: 2ms/98.6%, 5ms/99.4%, 10ms/99.7%, 20ms/99.8%, 50ms/99.9%, 100ms/99.9%
[2.494s][info][gc,marking  ] GC(1) Mark: 2 stripe(s), 2 proactive flush(es), 1 terminate flush(es), 0 completion(s), 0 continuation(s) 
[2.494s][info][gc,marking  ] GC(1) Mark Stack Usage: 32M
[2.494s][info][gc,nmethod  ] GC(1) NMethods: 2664 registered, 0 unregistered
[2.494s][info][gc,metaspace] GC(1) Metaspace: 17M used, 17M committed, 1088M reserved
[2.494s][info][gc,ref      ] GC(1) Soft: 3388 encountered, 0 discovered, 0 enqueued
[2.494s][info][gc,ref      ] GC(1) Weak: 4341 encountered, 847 discovered, 1 enqueued
[2.494s][info][gc,ref      ] GC(1) Final: 6 encountered, 2 discovered, 0 enqueued
[2.494s][info][gc,ref      ] GC(1) Phantom: 90 encountered, 46 discovered, 3 enqueued
[2.494s][info][gc,reloc    ] GC(1) Small Pages: 24 / 48M, Empty: 0M, Relocated: 2M, In-Place: 0
[2.494s][info][gc,reloc    ] GC(1) Medium Pages: 2 / 64M, Empty: 32M, Relocated: 0M, In-Place: 0
[2.494s][info][gc,reloc    ] GC(1) Large Pages: 0 / 0M, Empty: 0M, Relocated: 0M, In-Place: 0
[2.494s][info][gc,reloc    ] GC(1) Forwarding Usage: 0M
[2.494s][info][gc,heap     ] GC(1) Min Capacity: 8192M(100%)
[2.494s][info][gc,heap     ] GC(1) Max Capacity: 8192M(100%)
[2.494s][info][gc,heap     ] GC(1) Soft Max Capacity: 8192M(100%)
[2.494s][info][gc,heap     ] GC(1)                Mark Start          Mark End        Relocate Start      Relocate End           High               Low         
[2.494s][info][gc,heap     ] GC(1)  Capacity:     8192M (100%)       8192M (100%)       8192M (100%)       8192M (100%)       8192M (100%)       8192M (100%)   
[2.494s][info][gc,heap     ] GC(1)      Free:     8080M (99%)        8080M (99%)        8112M (99%)        8132M (99%)        8132M (99%)        8080M (99%)    
[2.494s][info][gc,heap     ] GC(1)      Used:      112M (1%)          112M (1%)           80M (1%)           60M (1%)          112M (1%)           60M (1%)     
[2.494s][info][gc,heap     ] GC(1)      Live:         -                26M (0%)           26M (0%)           26M (0%)             -                  -          
[2.494s][info][gc,heap     ] GC(1) Allocated:         -                 0M (0%)            0M (0%)            0M (0%)             -                  -          
[2.494s][info][gc,heap     ] GC(1)   Garbage:         -                85M (1%)           53M (1%)           33M (0%)             -                  -          
[2.494s][info][gc,heap     ] GC(1) Reclaimed:         -                  -                32M (0%)           52M (1%)             -                  -          
[2.494s][info][gc          ] GC(1) Garbage Collection (System.gc()) 112M(1%)->60M(1%)
[3.812s][info][gc,start    ] GC(2) Garbage Collection (Metadata GC Threshold)
[3.812s][info][gc,task     ] GC(2) Using 2 workers
[3.812s][info][gc,phases   ] GC(2) Pause Mark Start 0.007ms
[3.860s][info][gc,phases   ] GC(2) Concurrent Mark 48.033ms
[3.860s][info][gc,phases   ] GC(2) Pause Mark End 0.010ms
[3.860s][info][gc,phases   ] GC(2) Concurrent Mark Free 0.001ms
[3.871s][info][gc,phases   ] GC(2) Concurrent Process Non-Strong References 10.729ms
[3.871s][info][gc,phases   ] GC(2) Concurrent Reset Relocation Set 0.002ms
[3.873s][info][gc,phases   ] GC(2) Concurrent Select Relocation Set 2.399ms
[3.873s][info][gc,phases   ] GC(2) Pause Relocate Start 0.012ms
[3.878s][info][gc,phases   ] GC(2) Concurrent Relocate 4.306ms
[3.878s][info][gc,load     ] GC(2) Load: 0.00/0.00/0.00
[3.878s][info][gc,mmu      ] GC(2) MMU: 2ms/98.6%, 5ms/99.4%, 10ms/99.7%, 20ms/99.8%, 50ms/99.9%, 100ms/99.9%
[3.878s][info][gc,marking  ] GC(2) Mark: 2 stripe(s), 2 proactive flush(es), 1 terminate flush(es), 0 completion(s), 0 continuation(s) 
[3.878s][info][gc,marking  ] GC(2) Mark Stack Usage: 32M
[3.878s][info][gc,nmethod  ] GC(2) NMethods: 3361 registered, 652 unregistered
[3.878s][info][gc,metaspace] GC(2) Metaspace: 30M used, 31M committed, 1088M reserved
[3.878s][info][gc,ref      ] GC(2) Soft: 3632 encountered, 0 discovered, 0 enqueued
[3.878s][info][gc,ref      ] GC(2) Weak: 7144 encountered, 2746 discovered, 16 enqueued
[3.878s][info][gc,ref      ] GC(2) Final: 19 encountered, 16 discovered, 13 enqueued
[3.878s][info][gc,ref      ] GC(2) Phantom: 91 encountered, 47 discovered, 4 enqueued
[3.878s][info][gc,reloc    ] GC(2) Small Pages: 198 / 396M, Empty: 242M, Relocated: 6M, In-Place: 0
[3.878s][info][gc,reloc    ] GC(2) Medium Pages: 2 / 64M, Empty: 32M, Relocated: 0M, In-Place: 0
[3.878s][info][gc,reloc    ] GC(2) Large Pages: 0 / 0M, Empty: 0M, Relocated: 0M, In-Place: 0
[3.878s][info][gc,reloc    ] GC(2) Forwarding Usage: 2M
[3.878s][info][gc,heap     ] GC(2) Min Capacity: 8192M(100%)
[3.878s][info][gc,heap     ] GC(2) Max Capacity: 8192M(100%)
[3.878s][info][gc,heap     ] GC(2) Soft Max Capacity: 8192M(100%)
[3.878s][info][gc,heap     ] GC(2)                Mark Start          Mark End        Relocate Start      Relocate End           High               Low         
[3.878s][info][gc,heap     ] GC(2)  Capacity:     8192M (100%)       8192M (100%)       8192M (100%)       8192M (100%)       8192M (100%)       8192M (100%)   
[3.878s][info][gc,heap     ] GC(2)      Free:     7732M (94%)        7726M (94%)        7998M (98%)        8116M (99%)        8116M (99%)        7726M (94%)    
[3.878s][info][gc,heap     ] GC(2)      Used:      460M (6%)          466M (6%)          194M (2%)           76M (1%)          466M (6%)           76M (1%)     
[3.878s][info][gc,heap     ] GC(2)      Live:         -                31M (0%)           31M (0%)           31M (0%)             -                  -          
[3.878s][info][gc,heap     ] GC(2) Allocated:         -                 6M (0%)            8M (0%)            9M (0%)             -                  -          
[3.878s][info][gc,heap     ] GC(2)   Garbage:         -               428M (5%)          154M (2%)           34M (0%)             -                  -          
[3.878s][info][gc,heap     ] GC(2) Reclaimed:         -                  -               274M (3%)          393M (5%)             -                  -          
[3.878s][info][gc          ] GC(2) Garbage Collection (Metadata GC Threshold) 460M(6%)->76M(1%)
[7.188s][info][gc,start    ] GC(3) Garbage Collection (Warmup)
[7.188s][info][gc,task     ] GC(3) Using 2 workers
[7.188s][info][gc,phases   ] GC(3) Pause Mark Start 0.008ms
[7.219s][info][gc,phases   ] GC(3) Concurrent Mark 31.165ms
[7.220s][info][gc,phases   ] GC(3) Pause Mark End 0.013ms
[7.220s][info][gc,phases   ] GC(3) Concurrent Mark Free 0.001ms
[7.230s][info][gc,phases   ] GC(3) Concurrent Process Non-Strong References 10.302ms
[7.230s][info][gc,phases   ] GC(3) Concurrent Reset Relocation Set 0.005ms
[7.232s][info][gc,phases   ] GC(3) Concurrent Select Relocation Set 2.113ms
[7.232s][info][gc,phases   ] GC(3) Pause Relocate Start 0.010ms
[7.234s][info][gc,phases   ] GC(3) Concurrent Relocate 1.674ms
[7.234s][info][gc,load     ] GC(3) Load: 0.00/0.00/0.00
[7.234s][info][gc,mmu      ] GC(3) MMU: 2ms/98.6%, 5ms/99.4%, 10ms/99.7%, 20ms/99.8%, 50ms/99.9%, 100ms/99.9%
[7.234s][info][gc,marking  ] GC(3) Mark: 2 stripe(s), 2 proactive flush(es), 1 terminate flush(es), 0 completion(s), 0 continuation(s) 
[7.234s][info][gc,marking  ] GC(3) Mark Stack Usage: 32M
[7.234s][info][gc,nmethod  ] GC(3) NMethods: 4284 registered, 653 unregistered
[7.234s][info][gc,metaspace] GC(3) Metaspace: 32M used, 33M committed, 1088M reserved
[7.234s][info][gc,ref      ] GC(3) Soft: 3765 encountered, 0 discovered, 0 enqueued
[7.234s][info][gc,ref      ] GC(3) Weak: 7508 encountered, 752 discovered, 28 enqueued
[7.234s][info][gc,ref      ] GC(3) Final: 38 encountered, 7 discovered, 7 enqueued
[7.234s][info][gc,ref      ] GC(3) Phantom: 109 encountered, 64 discovered, 21 enqueued
[7.234s][info][gc,reloc    ] GC(3) Small Pages: 820 / 1640M, Empty: 1486M, Relocated: 3M, In-Place: 0
[7.234s][info][gc,reloc    ] GC(3) Medium Pages: 1 / 32M, Empty: 0M, Relocated: 0M, In-Place: 0
[7.234s][info][gc,reloc    ] GC(3) Large Pages: 0 / 0M, Empty: 0M, Relocated: 0M, In-Place: 0
[7.234s][info][gc,reloc    ] GC(3) Forwarding Usage: 1M
[7.234s][info][gc,heap     ] GC(3) Min Capacity: 8192M(100%)
[7.234s][info][gc,heap     ] GC(3) Max Capacity: 8192M(100%)
[7.234s][info][gc,heap     ] GC(3) Soft Max Capacity: 8192M(100%)
[7.234s][info][gc,heap     ] GC(3)                Mark Start          Mark End        Relocate Start      Relocate End           High               Low         
[7.234s][info][gc,heap     ] GC(3)  Capacity:     8192M (100%)       8192M (100%)       8192M (100%)       8192M (100%)       8192M (100%)       8192M (100%)   
[7.235s][info][gc,heap     ] GC(3)      Free:     6520M (80%)        6504M (79%)        7984M (97%)        8100M (99%)        8100M (99%)        6500M (79%)    
[7.235s][info][gc,heap     ] GC(3)      Used:     1672M (20%)        1688M (21%)         208M (3%)           92M (1%)         1692M (21%)          92M (1%)     
[7.235s][info][gc,heap     ] GC(3)      Live:         -                33M (0%)           33M (0%)           33M (0%)             -                  -          
[7.235s][info][gc,heap     ] GC(3) Allocated:         -                16M (0%)           22M (0%)           21M (0%)             -                  -          
[7.235s][info][gc,heap     ] GC(3)   Garbage:         -              1638M (20%)         152M (2%)           36M (0%)             -                  -          
[7.235s][info][gc,heap     ] GC(3) Reclaimed:         -                  -              1486M (18%)        1601M (20%)            -                  -          
[7.235s][info][gc          ] GC(3) Garbage Collection (Warmup) 1672M(20%)->92M(1%)
[10.283s][info][gc,stats    ] === Garbage Collection Statistics =======================================================================================================================
[10.283s][info][gc,stats    ]                                                              Last 10s              Last 10m              Last 10h                Total
[10.283s][info][gc,stats    ]                                                              Avg / Max             Avg / Max             Avg / Max             Avg / Max
[10.284s][info][gc,stats    ]   Collector: Garbage Collection Cycle                     63.069 / 88.377       63.069 / 88.377       63.069 / 88.377       63.069 / 88.377      ms
[10.284s][info][gc,stats    ]  Contention: Mark Segment Reset Contention                     0 / 1                 0 / 1                 0 / 1                 0 / 1           ops/s
[10.284s][info][gc,stats    ]  Contention: Mark SeqNum Reset Contention                      0 / 0                 0 / 0                 0 / 0                 0 / 0           ops/s
[10.284s][info][gc,stats    ]    Critical: Allocation Stall                                  0 / 0                 0 / 0                 0 / 0                 0 / 0           ops/s
[10.284s][info][gc,stats    ]    Critical: Allocation Stall                              0.000 / 0.000         0.000 / 0.000         0.000 / 0.000         0.000 / 0.000       ms
[10.284s][info][gc,stats    ]    Critical: GC Locker Stall                                   0 / 0                 0 / 0                 0 / 0                 0 / 0           ops/s
[10.284s][info][gc,stats    ]    Critical: GC Locker Stall                               0.000 / 0.000         0.000 / 0.000         0.000 / 0.000         0.000 / 0.000       ms
[10.284s][info][gc,stats    ]    Critical: Relocation Stall                                  0 / 0                 0 / 0                 0 / 0                 0 / 0           ops/s
[10.284s][info][gc,stats    ]    Critical: Relocation Stall                              0.000 / 0.000         0.000 / 0.000         0.000 / 0.000         0.000 / 0.000       ms
[10.284s][info][gc,stats    ]      Memory: Allocation Rate                                 492 / 892             492 / 892             492 / 892             492 / 892         MB/s
[10.284s][info][gc,stats    ]      Memory: Out Of Memory                                     0 / 0                 0 / 0                 0 / 0                 0 / 0           ops/s
[10.284s][info][gc,stats    ]      Memory: Page Cache Flush                                  0 / 0                 0 / 0                 0 / 0                 0 / 0           MB/s
[10.284s][info][gc,stats    ]      Memory: Page Cache Hit L1                               139 / 345             139 / 345             139 / 345             139 / 345         ops/s
[10.284s][info][gc,stats    ]      Memory: Page Cache Hit L2                                 0 / 0                 0 / 0                 0 / 0                 0 / 0           ops/s
[10.284s][info][gc,stats    ]      Memory: Page Cache Hit L3                               104 / 253             104 / 253             104 / 253             104 / 253         ops/s
[10.284s][info][gc,stats    ]      Memory: Page Cache Miss                                   0 / 1                 0 / 1                 0 / 1                 0 / 1           ops/s
[10.284s][info][gc,stats    ]      Memory: Uncommit                                          0 / 0                 0 / 0                 0 / 0                 0 / 0           MB/s
[10.284s][info][gc,stats    ]      Memory: Undo Object Allocation Failed                     0 / 0                 0 / 0                 0 / 0                 0 / 0           ops/s
[10.284s][info][gc,stats    ]      Memory: Undo Object Allocation Succeeded                  0 / 0                 0 / 0                 0 / 0                 0 / 0           ops/s
[10.284s][info][gc,stats    ]      Memory: Undo Page Allocation                              0 / 0                 0 / 0                 0 / 0                 0 / 0           ops/s
[10.284s][info][gc,stats    ]       Phase: Concurrent Mark                              45.490 / 63.036       45.490 / 63.036       45.490 / 63.036       45.490 / 63.036      ms
[10.284s][info][gc,stats    ]       Phase: Concurrent Mark Continue                      0.000 / 0.000         0.000 / 0.000         0.000 / 0.000         0.000 / 0.000       ms
[10.284s][info][gc,stats    ]       Phase: Concurrent Mark Free                          0.001 / 0.002         0.001 / 0.002         0.001 / 0.002         0.001 / 0.002       ms
[10.284s][info][gc,stats    ]       Phase: Concurrent Process Non-Strong References      8.373 / 10.729        8.373 / 10.729        8.373 / 10.729        8.373 / 10.729      ms
[10.284s][info][gc,stats    ]       Phase: Concurrent Relocate                           5.415 / 14.326        5.415 / 14.326        5.415 / 14.326        5.415 / 14.326      ms
[10.284s][info][gc,stats    ]       Phase: Concurrent Reset Relocation Set               0.011 / 0.026         0.011 / 0.026         0.011 / 0.026         0.011 / 0.026       ms
[10.284s][info][gc,stats    ]       Phase: Concurrent Select Relocation Set              2.782 / 4.701         2.782 / 4.701         2.782 / 4.701         2.782 / 4.701       ms
[10.284s][info][gc,stats    ]       Phase: Pause Mark End                                0.016 / 0.022         0.016 / 0.022         0.016 / 0.022         0.016 / 0.022       ms
[10.284s][info][gc,stats    ]       Phase: Pause Mark Start                              0.008 / 0.010         0.008 / 0.010         0.008 / 0.010         0.008 / 0.010       ms
[10.284s][info][gc,stats    ]       Phase: Pause Relocate Start                          0.015 / 0.029         0.015 / 0.029         0.015 / 0.029         0.015 / 0.029       ms
[10.284s][info][gc,stats    ]    Subphase: Concurrent Classes Purge                      0.180 / 0.229         0.180 / 0.229         0.180 / 0.229         0.180 / 0.229       ms
[10.284s][info][gc,stats    ]    Subphase: Concurrent Classes Unlink                     6.780 / 9.619         6.780 / 9.619         6.780 / 9.619         6.780 / 9.619       ms
[10.284s][info][gc,stats    ]    Subphase: Concurrent Mark                              40.051 / 61.716       40.051 / 61.716       40.051 / 61.716       40.051 / 61.716      ms
[10.284s][info][gc,stats    ]    Subphase: Concurrent Mark Try Flush                     0.116 / 0.731         0.116 / 0.731         0.116 / 0.731         0.116 / 0.731       ms
[10.284s][info][gc,stats    ]    Subphase: Concurrent Mark Try Terminate                 2.952 / 14.365        2.952 / 14.365        2.952 / 14.365        2.952 / 14.365      ms
[10.284s][info][gc,stats    ]    Subphase: Concurrent References Enqueue                 0.006 / 0.008         0.006 / 0.008         0.006 / 0.008         0.006 / 0.008       ms
[10.284s][info][gc,stats    ]    Subphase: Concurrent References Process                 0.308 / 0.663         0.308 / 0.663         0.308 / 0.663         0.308 / 0.663       ms
[10.284s][info][gc,stats    ]    Subphase: Concurrent Roots ClassLoaderDataGraph         0.108 / 0.220         0.108 / 0.220         0.108 / 0.220         0.108 / 0.220       ms
[10.284s][info][gc,stats    ]    Subphase: Concurrent Roots CodeCache                    0.000 / 0.000         0.000 / 0.000         0.000 / 0.000         0.000 / 0.000       ms
[10.284s][info][gc,stats    ]    Subphase: Concurrent Roots JavaThreads                  0.675 / 2.145         0.675 / 2.145         0.675 / 2.145         0.675 / 2.145       ms
[10.284s][info][gc,stats    ]    Subphase: Concurrent Roots OopStorageSet                0.024 / 0.061         0.024 / 0.061         0.024 / 0.061         0.024 / 0.061       ms
[10.284s][info][gc,stats    ]    Subphase: Concurrent Weak Roots OopStorageSet           0.938 / 1.307         0.938 / 1.307         0.938 / 1.307         0.938 / 1.307       ms
[10.284s][info][gc,stats    ]    Subphase: Pause Mark Try Complete                       0.000 / 0.000         0.000 / 0.000         0.000 / 0.000         0.000 / 0.000       ms
[10.284s][info][gc,stats    ]      System: Java Threads                                     13 / 13               13 / 13               13 / 13               13 / 13          threads
[10.284s][info][gc,stats    ] =========================================================================================================================================================
[11.484s][info][gc,start    ] GC(4) Garbage Collection (Warmup)
[11.484s][info][gc,task     ] GC(4) Using 2 workers
[11.484s][info][gc,phases   ] GC(4) Pause Mark Start 0.010ms
[11.627s][info][gc,phases   ] GC(4) Concurrent Mark 142.747ms
[11.627s][info][gc,phases   ] GC(4) Pause Mark End 0.018ms
[11.627s][info][gc,phases   ] GC(4) Concurrent Mark Free 0.000ms
[11.636s][info][gc,phases   ] GC(4) Concurrent Process Non-Strong References 8.443ms
[11.636s][info][gc,phases   ] GC(4) Concurrent Reset Relocation Set 0.006ms
[11.642s][info][gc,phases   ] GC(4) Concurrent Select Relocation Set 6.030ms
[11.642s][info][gc,phases   ] GC(4) Pause Relocate Start 0.008ms
[11.664s][info][gc,phases   ] GC(4) Concurrent Relocate 22.373ms
[11.664s][info][gc,load     ] GC(4) Load: 0.00/0.00/0.00
[11.664s][info][gc,mmu      ] GC(4) MMU: 2ms/98.6%, 5ms/99.4%, 10ms/99.7%, 20ms/99.8%, 50ms/99.9%, 100ms/99.9%
[11.664s][info][gc,marking  ] GC(4) Mark: 2 stripe(s), 9 proactive flush(es), 1 terminate flush(es), 0 completion(s), 0 continuation(s) 
[11.664s][info][gc,marking  ] GC(4) Mark Stack Usage: 32M
[11.664s][info][gc,nmethod  ] GC(4) NMethods: 4417 registered, 0 unregistered
[11.664s][info][gc,metaspace] GC(4) Metaspace: 33M used, 34M committed, 1088M reserved
[11.664s][info][gc,ref      ] GC(4) Soft: 3783 encountered, 0 discovered, 0 enqueued
[11.664s][info][gc,ref      ] GC(4) Weak: 7585 encountered, 517 discovered, 8 enqueued
[11.664s][info][gc,ref      ] GC(4) Final: 25031 encountered, 25000 discovered, 25000 enqueued
[11.664s][info][gc,ref      ] GC(4) Phantom: 91 encountered, 46 discovered, 1 enqueued
[11.664s][info][gc,reloc    ] GC(4) Small Pages: 1221 / 2442M, Empty: 2088M, Relocated: 26M, In-Place: 0
[11.664s][info][gc,reloc    ] GC(4) Medium Pages: 1 / 32M, Empty: 0M, Relocated: 0M, In-Place: 0
[11.664s][info][gc,reloc    ] GC(4) Large Pages: 0 / 0M, Empty: 0M, Relocated: 0M, In-Place: 0
[11.664s][info][gc,reloc    ] GC(4) Forwarding Usage: 14M
[11.664s][info][gc,heap     ] GC(4) Min Capacity: 8192M(100%)
[11.664s][info][gc,heap     ] GC(4) Max Capacity: 8192M(100%)
[11.664s][info][gc,heap     ] GC(4) Soft Max Capacity: 8192M(100%)
[11.664s][info][gc,heap     ] GC(4)                Mark Start          Mark End        Relocate Start      Relocate End           High               Low         
[11.665s][info][gc,heap     ] GC(4)  Capacity:     8192M (100%)       8192M (100%)       8192M (100%)       8192M (100%)       8192M (100%)       8192M (100%)   
[11.665s][info][gc,heap     ] GC(4)      Free:     5718M (70%)        5678M (69%)        7752M (95%)        8034M (98%)        8034M (98%)        5668M (69%)    
[11.665s][info][gc,heap     ] GC(4)      Used:     2474M (30%)        2514M (31%)         440M (5%)          158M (2%)         2524M (31%)         158M (2%)     
[11.665s][info][gc,heap     ] GC(4)      Live:         -                58M (1%)           58M (1%)           58M (1%)             -                  -          
[11.665s][info][gc,heap     ] GC(4) Allocated:         -                40M (0%)           54M (1%)           64M (1%)             -                  -          
[11.665s][info][gc,heap     ] GC(4)   Garbage:         -              2415M (29%)         327M (4%)           34M (0%)             -                  -          
[11.665s][info][gc,heap     ] GC(4) Reclaimed:         -                  -              2088M (25%)        2380M (29%)            -                  -          
[11.665s][info][gc          ] GC(4) Garbage Collection (Warmup) 2474M(30%)->158M(2%)
[12.506s][info][gc,start    ] GC(5) Garbage Collection (System.gc())
[12.506s][info][gc,task     ] GC(5) Using 2 workers
[12.506s][info][gc,phases   ] GC(5) Pause Mark Start 0.005ms
[12.641s][info][gc,phases   ] GC(5) Concurrent Mark 135.026ms
[12.641s][info][gc,phases   ] GC(5) Pause Mark End 0.023ms
[12.641s][info][gc,phases   ] GC(5) Concurrent Mark Free 0.002ms
[12.649s][info][gc,phases   ] GC(5) Concurrent Process Non-Strong References 7.874ms
[12.649s][info][gc,phases   ] GC(5) Concurrent Reset Relocation Set 0.017ms
[12.652s][info][gc,phases   ] GC(5) Concurrent Select Relocation Set 2.863ms
[12.652s][info][gc,phases   ] GC(5) Pause Relocate Start 0.016ms
[12.674s][info][gc,phases   ] GC(5) Concurrent Relocate 21.182ms
[12.674s][info][gc,load     ] GC(5) Load: 0.00/0.00/0.00
[12.674s][info][gc,mmu      ] GC(5) MMU: 2ms/98.6%, 5ms/99.4%, 10ms/99.7%, 20ms/99.8%, 50ms/99.9%, 100ms/99.9%
[12.674s][info][gc,marking  ] GC(5) Mark: 2 stripe(s), 1 proactive flush(es), 1 terminate flush(es), 0 completion(s), 0 continuation(s) 
[12.674s][info][gc,marking  ] GC(5) Mark Stack Usage: 32M
[12.674s][info][gc,nmethod  ] GC(5) NMethods: 4459 registered, 0 unregistered
[12.674s][info][gc,metaspace] GC(5) Metaspace: 33M used, 34M committed, 1088M reserved
[12.674s][info][gc,ref      ] GC(5) Soft: 3783 encountered, 0 discovered, 0 enqueued
[12.674s][info][gc,ref      ] GC(5) Weak: 7575 encountered, 1678 discovered, 0 enqueued
[12.674s][info][gc,ref      ] GC(5) Final: 25031 encountered, 25000 discovered, 25000 enqueued
[12.674s][info][gc,ref      ] GC(5) Phantom: 88 encountered, 72 discovered, 0 enqueued
[12.674s][info][gc,reloc    ] GC(5) Small Pages: 419 / 838M, Empty: 530M, Relocated: 26M, In-Place: 0
[12.674s][info][gc,reloc    ] GC(5) Medium Pages: 1 / 32M, Empty: 0M, Relocated: 0M, In-Place: 0
[12.674s][info][gc,reloc    ] GC(5) Large Pages: 0 / 0M, Empty: 0M, Relocated: 0M, In-Place: 0
[12.674s][info][gc,reloc    ] GC(5) Forwarding Usage: 13M
[12.674s][info][gc,heap     ] GC(5) Min Capacity: 8192M(100%)
[12.674s][info][gc,heap     ] GC(5) Max Capacity: 8192M(100%)
[12.674s][info][gc,heap     ] GC(5) Soft Max Capacity: 8192M(100%)
[12.674s][info][gc,heap     ] GC(5)                Mark Start          Mark End        Relocate Start      Relocate End           High               Low         
[12.674s][info][gc,heap     ] GC(5)  Capacity:     8192M (100%)       8192M (100%)       8192M (100%)       8192M (100%)       8192M (100%)       8192M (100%)   
[12.674s][info][gc,heap     ] GC(5)      Free:     7322M (89%)        7322M (89%)        7850M (96%)        8094M (99%)        8094M (99%)        7322M (89%)    
[12.674s][info][gc,heap     ] GC(5)      Used:      870M (11%)         870M (11%)         342M (4%)           98M (1%)          870M (11%)          98M (1%)     
[12.674s][info][gc,heap     ] GC(5)      Live:         -                58M (1%)           58M (1%)           58M (1%)             -                  -          
[12.674s][info][gc,heap     ] GC(5) Allocated:         -                 0M (0%)            2M (0%)            4M (0%)             -                  -          
[12.674s][info][gc,heap     ] GC(5)   Garbage:         -               811M (10%)         281M (3%)           34M (0%)             -                  -          
[12.674s][info][gc,heap     ] GC(5) Reclaimed:         -                  -               530M (6%)          776M (9%)             -                  -          
[12.674s][info][gc          ] GC(5) Garbage Collection (System.gc()) 870M(11%)->98M(1%)
[20.276s][info][gc,stats    ] === Garbage Collection Statistics =======================================================================================================================
[20.276s][info][gc,stats    ]                                                              Last 10s              Last 10m              Last 10h                Total
[20.276s][info][gc,stats    ]                                                              Avg / Max             Avg / Max             Avg / Max             Avg / Max
[20.276s][info][gc,stats    ]   Collector: Garbage Collection Cycle                    174.342 / 180.749     100.160 / 180.749     100.160 / 180.749     100.160 / 180.749     ms
[20.276s][info][gc,stats    ]  Contention: Mark Segment Reset Contention                     0 / 0                 0 / 1                 0 / 1                 0 / 1           ops/s
[20.276s][info][gc,stats    ]  Contention: Mark SeqNum Reset Contention                      0 / 0                 0 / 0                 0 / 0                 0 / 0           ops/s
[20.276s][info][gc,stats    ]    Critical: Allocation Stall                                  0 / 0                 0 / 0                 0 / 0                 0 / 0           ops/s
[20.276s][info][gc,stats    ]    Critical: Allocation Stall                              0.000 / 0.000         0.000 / 0.000         0.000 / 0.000         0.000 / 0.000       ms
[20.276s][info][gc,stats    ]    Critical: GC Locker Stall                                   0 / 0                 0 / 0                 0 / 0                 0 / 0           ops/s
[20.276s][info][gc,stats    ]    Critical: GC Locker Stall                               0.000 / 0.000         0.000 / 0.000         0.000 / 0.000         0.000 / 0.000       ms
[20.276s][info][gc,stats    ]    Critical: Relocation Stall                                  0 / 0                 0 / 0                 0 / 0                 0 / 0           ops/s
[20.276s][info][gc,stats    ]    Critical: Relocation Stall                              0.000 / 0.000         0.000 / 0.000         0.000 / 0.000         0.000 / 0.000       ms
[20.276s][info][gc,stats    ]      Memory: Allocation Rate                                 581 / 882             537 / 892             537 / 892             537 / 892         MB/s
[20.276s][info][gc,stats    ]      Memory: Out Of Memory                                     0 / 0                 0 / 0                 0 / 0                 0 / 0           ops/s
[20.276s][info][gc,stats    ]      Memory: Page Cache Flush                                  0 / 0                 0 / 0                 0 / 0                 0 / 0           MB/s
[20.276s][info][gc,stats    ]      Memory: Page Cache Hit L1                               160 / 441             150 / 441             150 / 441             150 / 441         ops/s
[20.276s][info][gc,stats    ]      Memory: Page Cache Hit L2                                 0 / 0                 0 / 0                 0 / 0                 0 / 0           ops/s
[20.277s][info][gc,stats    ]      Memory: Page Cache Hit L3                               132 / 411             118 / 411             118 / 411             118 / 411         ops/s
[20.277s][info][gc,stats    ]      Memory: Page Cache Miss                                   0 / 0                 0 / 1                 0 / 1                 0 / 1           ops/s
[20.277s][info][gc,stats    ]      Memory: Uncommit                                          0 / 0                 0 / 0                 0 / 0                 0 / 0           MB/s
[20.277s][info][gc,stats    ]      Memory: Undo Object Allocation Failed                     0 / 0                 0 / 0                 0 / 0                 0 / 0           ops/s
[20.277s][info][gc,stats    ]      Memory: Undo Object Allocation Succeeded                  0 / 2                 0 / 2                 0 / 2                 0 / 2           ops/s
[20.277s][info][gc,stats    ]      Memory: Undo Page Allocation                              0 / 0                 0 / 0                 0 / 0                 0 / 0           ops/s
[20.277s][info][gc,stats    ]       Phase: Concurrent Mark                             138.886 / 142.747      76.622 / 142.747      76.622 / 142.747      76.622 / 142.747     ms
[20.277s][info][gc,stats    ]       Phase: Concurrent Mark Continue                      0.000 / 0.000         0.000 / 0.000         0.000 / 0.000         0.000 / 0.000       ms
[20.277s][info][gc,stats    ]       Phase: Concurrent Mark Free                          0.001 / 0.002         0.001 / 0.002         0.001 / 0.002         0.001 / 0.002       ms
[20.277s][info][gc,stats    ]       Phase: Concurrent Process Non-Strong References      8.158 / 8.443         8.301 / 10.729        8.301 / 10.729        8.301 / 10.729      ms
[20.277s][info][gc,stats    ]       Phase: Concurrent Relocate                          21.777 / 22.373       10.869 / 22.373       10.869 / 22.373       10.869 / 22.373      ms
[20.277s][info][gc,stats    ]       Phase: Concurrent Reset Relocation Set               0.012 / 0.017         0.011 / 0.026         0.011 / 0.026         0.011 / 0.026       ms
[20.277s][info][gc,stats    ]       Phase: Concurrent Select Relocation Set              4.446 / 6.030         3.337 / 6.030         3.337 / 6.030         3.337 / 6.030       ms
[20.277s][info][gc,stats    ]       Phase: Pause Mark End                                0.021 / 0.023         0.018 / 0.023         0.018 / 0.023         0.018 / 0.023       ms
[20.277s][info][gc,stats    ]       Phase: Pause Mark Start                              0.008 / 0.010         0.008 / 0.010         0.008 / 0.010         0.008 / 0.010       ms
[20.277s][info][gc,stats    ]       Phase: Pause Relocate Start                          0.012 / 0.016         0.014 / 0.029         0.014 / 0.029         0.014 / 0.029       ms
[20.277s][info][gc,stats    ]    Subphase: Concurrent Classes Purge                      0.180 / 0.187         0.180 / 0.229         0.180 / 0.229         0.180 / 0.229       ms
[20.277s][info][gc,stats    ]    Subphase: Concurrent Classes Unlink                     3.718 / 3.995         5.759 / 9.619         5.759 / 9.619         5.759 / 9.619       ms
[20.277s][info][gc,stats    ]    Subphase: Concurrent Mark                             135.597 / 141.292      71.900 / 141.292      71.900 / 141.292      71.900 / 141.292     ms
[20.277s][info][gc,stats    ]    Subphase: Concurrent Mark Try Flush                     0.092 / 0.139         0.104 / 0.731         0.104 / 0.731         0.104 / 0.731       ms
[20.277s][info][gc,stats    ]    Subphase: Concurrent Mark Try Terminate                12.002 / 16.176        8.499 / 16.176        8.499 / 16.176        8.499 / 16.176      ms
[20.277s][info][gc,stats    ]    Subphase: Concurrent References Enqueue                 0.008 / 0.009         0.007 / 0.009         0.007 / 0.009         0.007 / 0.009       ms
[20.277s][info][gc,stats    ]    Subphase: Concurrent References Process                 3.240 / 3.338         1.286 / 3.338         1.286 / 3.338         1.286 / 3.338       ms
[20.277s][info][gc,stats    ]    Subphase: Concurrent Roots ClassLoaderDataGraph         0.070 / 0.143         0.096 / 0.220         0.096 / 0.220         0.096 / 0.220       ms
[20.277s][info][gc,stats    ]    Subphase: Concurrent Roots CodeCache                    0.000 / 0.000         0.000 / 0.000         0.000 / 0.000         0.000 / 0.000       ms
[20.277s][info][gc,stats    ]    Subphase: Concurrent Roots JavaThreads                  0.451 / 1.278         0.600 / 2.145         0.600 / 2.145         0.600 / 2.145       ms
[20.277s][info][gc,stats    ]    Subphase: Concurrent Roots OopStorageSet                0.017 / 0.022         0.022 / 0.061         0.022 / 0.061         0.022 / 0.061       ms
[20.277s][info][gc,stats    ]    Subphase: Concurrent Weak Roots OopStorageSet           0.727 / 0.913         0.868 / 1.307         0.868 / 1.307         0.868 / 1.307       ms
[20.277s][info][gc,stats    ]    Subphase: Pause Mark Try Complete                       0.000 / 0.000         0.000 / 0.000         0.000 / 0.000         0.000 / 0.000       ms
[20.277s][info][gc,stats    ]      System: Java Threads                                     12 / 13               12 / 13               12 / 13               12 / 13          threads
[20.277s][info][gc,stats    ] =========================================================================================================================================================
[20.371s][info][gc,start    ] GC(6) Garbage Collection (System.gc())
[20.371s][info][gc,task     ] GC(6) Using 2 workers
[20.372s][info][gc,phases   ] GC(6) Pause Mark Start 0.010ms
[20.610s][info][gc,phases   ] GC(6) Concurrent Mark 238.154ms
[20.610s][info][gc,phases   ] GC(6) Pause Mark End 0.021ms
[20.610s][info][gc,phases   ] GC(6) Concurrent Mark Free 0.002ms
[20.623s][info][gc,phases   ] GC(6) Concurrent Process Non-Strong References 12.912ms
[20.623s][info][gc,phases   ] GC(6) Concurrent Reset Relocation Set 0.011ms
[20.633s][info][gc,phases   ] GC(6) Concurrent Select Relocation Set 10.084ms
[20.633s][info][gc,phases   ] GC(6) Pause Relocate Start 0.008ms
[20.671s][info][gc,phases   ] GC(6) Concurrent Relocate 37.350ms
[20.671s][info][gc,load     ] GC(6) Load: 0.00/0.00/0.00
[20.671s][info][gc,mmu      ] GC(6) MMU: 2ms/98.6%, 5ms/99.4%, 10ms/99.7%, 20ms/99.8%, 50ms/99.9%, 100ms/99.9%
[20.671s][info][gc,marking  ] GC(6) Mark: 2 stripe(s), 1 proactive flush(es), 1 terminate flush(es), 0 completion(s), 0 continuation(s) 
[20.671s][info][gc,marking  ] GC(6) Mark Stack Usage: 32M
[20.671s][info][gc,nmethod  ] GC(6) NMethods: 4606 registered, 18 unregistered
[20.671s][info][gc,metaspace] GC(6) Metaspace: 33M used, 34M committed, 1088M reserved
[20.671s][info][gc,ref      ] GC(6) Soft: 3784 encountered, 0 discovered, 0 enqueued
[20.671s][info][gc,ref      ] GC(6) Weak: 7591 encountered, 395 discovered, 14 enqueued
[20.671s][info][gc,ref      ] GC(6) Final: 50034 encountered, 50003 discovered, 50003 enqueued
[20.671s][info][gc,ref      ] GC(6) Phantom: 88 encountered, 41 discovered, 0 enqueued
[20.671s][info][gc,reloc    ] GC(6) Small Pages: 2384 / 4768M, Empty: 4110M, Relocated: 50M, In-Place: 0
[20.671s][info][gc,reloc    ] GC(6) Medium Pages: 1 / 32M, Empty: 0M, Relocated: 0M, In-Place: 0
[20.671s][info][gc,reloc    ] GC(6) Large Pages: 0 / 0M, Empty: 0M, Relocated: 0M, In-Place: 0
[20.671s][info][gc,reloc    ] GC(6) Forwarding Usage: 27M
[20.671s][info][gc,heap     ] GC(6) Min Capacity: 8192M(100%)
[20.671s][info][gc,heap     ] GC(6) Max Capacity: 8192M(100%)
[20.671s][info][gc,heap     ] GC(6) Soft Max Capacity: 8192M(100%)
[20.671s][info][gc,heap     ] GC(6)                Mark Start          Mark End        Relocate Start      Relocate End           High               Low         
[20.671s][info][gc,heap     ] GC(6)  Capacity:     8192M (100%)       8192M (100%)       8192M (100%)       8192M (100%)       8192M (100%)       8192M (100%)   
[20.671s][info][gc,heap     ] GC(6)      Free:     3392M (41%)        3392M (41%)        7500M (92%)        8072M (99%)        8072M (99%)        3390M (41%)    
[20.671s][info][gc,heap     ] GC(6)      Used:     4800M (59%)        4800M (59%)         692M (8%)          120M (1%)         4802M (59%)         120M (1%)     
[20.671s][info][gc,heap     ] GC(6)      Live:         -                83M (1%)           83M (1%)           83M (1%)             -                  -          
[20.671s][info][gc,heap     ] GC(6) Allocated:         -                 0M (0%)            2M (0%)            2M (0%)             -                  -          
[20.671s][info][gc,heap     ] GC(6)   Garbage:         -              4716M (58%)         606M (7%)           34M (0%)             -                  -          
[20.671s][info][gc,heap     ] GC(6) Reclaimed:         -                  -              4110M (50%)        4682M (57%)            -                  -          
[20.671s][info][gc          ] GC(6) Garbage Collection (System.gc()) 4800M(59%)->120M(1%)
[27.429s][info][gc,start    ] GC(7) Garbage Collection (System.gc())
[27.429s][info][gc,task     ] GC(7) Using 2 workers
[27.429s][info][gc,phases   ] GC(7) Pause Mark Start 0.006ms
[27.679s][info][gc,phases   ] GC(7) Concurrent Mark 249.800ms
[27.679s][info][gc,phases   ] GC(7) Pause Mark End 0.011ms
[27.679s][info][gc,phases   ] GC(7) Concurrent Mark Free 0.001ms
[27.696s][info][gc,phases   ] GC(7) Concurrent Process Non-Strong References 16.316ms
[27.696s][info][gc,phases   ] GC(7) Concurrent Reset Relocation Set 0.075ms
[27.701s][info][gc,phases   ] GC(7) Concurrent Select Relocation Set 5.158ms
[27.701s][info][gc,phases   ] GC(7) Pause Relocate Start 0.010ms
[27.741s][info][gc,phases   ] GC(7) Concurrent Relocate 39.193ms
[27.741s][info][gc,load     ] GC(7) Load: 0.00/0.00/0.00
[27.741s][info][gc,mmu      ] GC(7) MMU: 2ms/98.6%, 5ms/99.4%, 10ms/99.7%, 20ms/99.8%, 50ms/99.9%, 100ms/99.9%
[27.741s][info][gc,marking  ] GC(7) Mark: 2 stripe(s), 1 proactive flush(es), 1 terminate flush(es), 0 completion(s), 0 continuation(s) 
[27.741s][info][gc,marking  ] GC(7) Mark Stack Usage: 32M
[27.741s][info][gc,nmethod  ] GC(7) NMethods: 4703 registered, 18 unregistered
[27.741s][info][gc,metaspace] GC(7) Metaspace: 33M used, 34M committed, 1088M reserved
[27.741s][info][gc,ref      ] GC(7) Soft: 3784 encountered, 0 discovered, 0 enqueued
[27.741s][info][gc,ref      ] GC(7) Weak: 7592 encountered, 460 discovered, 14 enqueued
[27.741s][info][gc,ref      ] GC(7) Final: 50034 encountered, 50003 discovered, 50003 enqueued
[27.741s][info][gc,ref      ] GC(7) Phantom: 88 encountered, 43 discovered, 0 enqueued
[27.741s][info][gc,reloc    ] GC(7) Small Pages: 2397 / 4794M, Empty: 4134M, Relocated: 50M, In-Place: 0
[27.741s][info][gc,reloc    ] GC(7) Medium Pages: 1 / 32M, Empty: 0M, Relocated: 0M, In-Place: 0
[27.741s][info][gc,reloc    ] GC(7) Large Pages: 0 / 0M, Empty: 0M, Relocated: 0M, In-Place: 0
[27.741s][info][gc,reloc    ] GC(7) Forwarding Usage: 27M
[27.741s][info][gc,heap     ] GC(7) Min Capacity: 8192M(100%)
[27.741s][info][gc,heap     ] GC(7) Max Capacity: 8192M(100%)
[27.741s][info][gc,heap     ] GC(7) Soft Max Capacity: 8192M(100%)
[27.741s][info][gc,heap     ] GC(7)                Mark Start          Mark End        Relocate Start      Relocate End           High               Low         
[27.741s][info][gc,heap     ] GC(7)  Capacity:     8192M (100%)       8192M (100%)       8192M (100%)       8192M (100%)       8192M (100%)       8192M (100%)   
[27.741s][info][gc,heap     ] GC(7)      Free:     3366M (41%)        3366M (41%)        7498M (92%)        8070M (99%)        8070M (99%)        3364M (41%)    
[27.741s][info][gc,heap     ] GC(7)      Used:     4826M (59%)        4826M (59%)         694M (8%)          122M (1%)         4828M (59%)         122M (1%)     
[27.741s][info][gc,heap     ] GC(7)      Live:         -                83M (1%)           83M (1%)           83M (1%)             -                  -          
[27.741s][info][gc,heap     ] GC(7) Allocated:         -                 0M (0%)            2M (0%)            2M (0%)             -                  -          
[27.741s][info][gc,heap     ] GC(7)   Garbage:         -              4742M (58%)         608M (7%)           35M (0%)             -                  -          
[27.741s][info][gc,heap     ] GC(7) Reclaimed:         -                  -              4134M (50%)        4706M (57%)            -                  -          
[27.741s][info][gc          ] GC(7) Garbage Collection (System.gc()) 4826M(59%)->122M(1%)
[30.284s][info][gc,stats    ] === Garbage Collection Statistics =======================================================================================================================
[30.285s][info][gc,stats    ]                                                              Last 10s              Last 10m              Last 10h                Total
[30.285s][info][gc,stats    ]                                                              Avg / Max             Avg / Max             Avg / Max             Avg / Max
[30.285s][info][gc,stats    ]   Collector: Garbage Collection Cycle                    305.547 / 311.498     151.507 / 311.498     151.507 / 311.498     151.507 / 311.498     ms
[30.285s][info][gc,stats    ]  Contention: Mark Segment Reset Contention                     0 / 1                 0 / 1                 0 / 1                 0 / 1           ops/s
[30.285s][info][gc,stats    ]  Contention: Mark SeqNum Reset Contention                      0 / 0                 0 / 0                 0 / 0                 0 / 0           ops/s
[30.285s][info][gc,stats    ]    Critical: Allocation Stall                                  0 / 0                 0 / 0                 0 / 0                 0 / 0           ops/s
[30.285s][info][gc,stats    ]    Critical: Allocation Stall                              0.000 / 0.000         0.000 / 0.000         0.000 / 0.000         0.000 / 0.000       ms
[30.285s][info][gc,stats    ]    Critical: GC Locker Stall                                   0 / 0                 0 / 0                 0 / 0                 0 / 0           ops/s
[30.285s][info][gc,stats    ]    Critical: GC Locker Stall                               0.000 / 0.000         0.000 / 0.000         0.000 / 0.000         0.000 / 0.000       ms
[30.285s][info][gc,stats    ]    Critical: Relocation Stall                                  0 / 0                 0 / 0                 0 / 0                 0 / 0           ops/s
[30.285s][info][gc,stats    ]    Critical: Relocation Stall                              0.000 / 0.000         0.000 / 0.000         0.000 / 0.000         0.000 / 0.000       ms
[30.285s][info][gc,stats    ]      Memory: Allocation Rate                                 651 / 1030            575 / 1030            575 / 1030            575 / 1030        MB/s
[30.285s][info][gc,stats    ]      Memory: Out Of Memory                                     0 / 0                 0 / 0                 0 / 0                 0 / 0           ops/s
[30.285s][info][gc,stats    ]      Memory: Page Cache Flush                                  0 / 0                 0 / 0                 0 / 0                 0 / 0           MB/s
[30.285s][info][gc,stats    ]      Memory: Page Cache Hit L1                               327 / 515             209 / 515             209 / 515             209 / 515         ops/s
[30.285s][info][gc,stats    ]      Memory: Page Cache Hit L2                                 0 / 0                 0 / 0                 0 / 0                 0 / 0           ops/s
[30.285s][info][gc,stats    ]      Memory: Page Cache Hit L3                                 2 / 15               80 / 411              80 / 411              80 / 411         ops/s
[30.285s][info][gc,stats    ]      Memory: Page Cache Miss                                   0 / 0                 0 / 1                 0 / 1                 0 / 1           ops/s
[30.285s][info][gc,stats    ]      Memory: Uncommit                                          0 / 0                 0 / 0                 0 / 0                 0 / 0           MB/s
[30.285s][info][gc,stats    ]      Memory: Undo Object Allocation Failed                     0 / 0                 0 / 0                 0 / 0                 0 / 0           ops/s
[30.285s][info][gc,stats    ]      Memory: Undo Object Allocation Succeeded                  0 / 1                 0 / 2                 0 / 2                 0 / 2           ops/s
[30.285s][info][gc,stats    ]      Memory: Undo Page Allocation                              0 / 0                 0 / 0                 0 / 0                 0 / 0           ops/s
[30.285s][info][gc,stats    ]       Phase: Concurrent Mark                             243.977 / 249.800     118.461 / 249.800     118.461 / 249.800     118.461 / 249.800     ms
[30.285s][info][gc,stats    ]       Phase: Concurrent Mark Continue                      0.000 / 0.000         0.000 / 0.000         0.000 / 0.000         0.000 / 0.000       ms
[30.285s][info][gc,stats    ]       Phase: Concurrent Mark Free                          0.001 / 0.002         0.001 / 0.002         0.001 / 0.002         0.001 / 0.002       ms
[30.285s][info][gc,stats    ]       Phase: Concurrent Process Non-Strong References     14.614 / 16.316        9.880 / 16.316        9.880 / 16.316        9.880 / 16.316      ms
[30.285s][info][gc,stats    ]       Phase: Concurrent Relocate                          38.272 / 39.193       17.720 / 39.193       17.720 / 39.193       17.720 / 39.193      ms
[30.285s][info][gc,stats    ]       Phase: Concurrent Reset Relocation Set               0.043 / 0.075         0.019 / 0.075         0.019 / 0.075         0.019 / 0.075       ms
[30.285s][info][gc,stats    ]       Phase: Concurrent Select Relocation Set              7.621 / 10.084        4.408 / 10.084        4.408 / 10.084        4.408 / 10.084      ms
[30.285s][info][gc,stats    ]       Phase: Pause Mark End                                0.016 / 0.021         0.017 / 0.023         0.017 / 0.023         0.017 / 0.023       ms
[30.285s][info][gc,stats    ]       Phase: Pause Mark Start                              0.008 / 0.010         0.008 / 0.010         0.008 / 0.010         0.008 / 0.010       ms
[30.285s][info][gc,stats    ]       Phase: Pause Relocate Start                          0.009 / 0.010         0.012 / 0.029         0.012 / 0.029         0.012 / 0.029       ms
[30.285s][info][gc,stats    ]    Subphase: Concurrent Classes Purge                      0.227 / 0.312         0.192 / 0.312         0.192 / 0.312         0.192 / 0.312       ms
[30.285s][info][gc,stats    ]    Subphase: Concurrent Classes Unlink                     6.490 / 9.168         5.942 / 9.619         5.942 / 9.619         5.942 / 9.619       ms
[30.285s][info][gc,stats    ]    Subphase: Concurrent Mark                             237.841 / 249.485     113.385 / 249.485     113.385 / 249.485     113.385 / 249.485     ms
[30.285s][info][gc,stats    ]    Subphase: Concurrent Mark Try Flush                     0.071 / 0.125         0.099 / 0.731         0.099 / 0.731         0.099 / 0.731       ms
[30.285s][info][gc,stats    ]    Subphase: Concurrent Mark Try Terminate                13.420 / 16.115       11.036 / 16.176       11.036 / 16.176       11.036 / 16.176      ms
[30.285s][info][gc,stats    ]    Subphase: Concurrent References Enqueue                 0.007 / 0.008         0.007 / 0.009         0.007 / 0.009         0.007 / 0.009       ms
[30.285s][info][gc,stats    ]    Subphase: Concurrent References Process                 6.985 / 8.060         2.710 / 8.060         2.710 / 8.060         2.710 / 8.060       ms
[30.285s][info][gc,stats    ]    Subphase: Concurrent Roots ClassLoaderDataGraph         0.064 / 0.125         0.088 / 0.220         0.088 / 0.220         0.088 / 0.220       ms
[30.285s][info][gc,stats    ]    Subphase: Concurrent Roots CodeCache                    0.000 / 0.000         0.000 / 0.000         0.000 / 0.000         0.000 / 0.000       ms
[30.285s][info][gc,stats    ]    Subphase: Concurrent Roots JavaThreads                  0.156 / 0.307         0.489 / 2.145         0.489 / 2.145         0.489 / 2.145       ms
[30.285s][info][gc,stats    ]    Subphase: Concurrent Roots OopStorageSet                0.015 / 0.023         0.020 / 0.061         0.020 / 0.061         0.020 / 0.061       ms
[30.285s][info][gc,stats    ]    Subphase: Concurrent Weak Roots OopStorageSet           0.567 / 0.593         0.793 / 1.307         0.793 / 1.307         0.793 / 1.307       ms
[30.285s][info][gc,stats    ]    Subphase: Pause Mark Try Complete                       0.000 / 0.000         0.000 / 0.000         0.000 / 0.000         0.000 / 0.000       ms
[30.285s][info][gc,stats    ]      System: Java Threads                                     12 / 12               12 / 13               12 / 13               12 / 13          threads
[30.285s][info][gc,stats    ] =========================================================================================================================================================
[34.116s][info][gc,start    ] GC(8) Garbage Collection (System.gc())
[34.116s][info][gc,task     ] GC(8) Using 2 workers
[34.116s][info][gc,phases   ] GC(8) Pause Mark Start 0.006ms
[34.316s][info][gc,phases   ] GC(8) Concurrent Mark 199.501ms
[34.316s][info][gc,phases   ] GC(8) Pause Mark End 0.022ms
[34.316s][info][gc,phases   ] GC(8) Concurrent Mark Free 0.002ms
[34.334s][info][gc,phases   ] GC(8) Concurrent Process Non-Strong References 17.365ms
[34.334s][info][gc,phases   ] GC(8) Concurrent Reset Relocation Set 0.023ms
[34.345s][info][gc,phases   ] GC(8) Concurrent Select Relocation Set 10.709ms
[34.345s][info][gc,phases   ] GC(8) Pause Relocate Start 0.015ms
[34.381s][info][gc,phases   ] GC(8) Concurrent Relocate 36.177ms
[34.381s][info][gc,load     ] GC(8) Load: 0.00/0.00/0.00
[34.381s][info][gc,mmu      ] GC(8) MMU: 2ms/98.6%, 5ms/99.4%, 10ms/99.7%, 20ms/99.8%, 50ms/99.9%, 100ms/99.9%
[34.381s][info][gc,marking  ] GC(8) Mark: 2 stripe(s), 1 proactive flush(es), 1 terminate flush(es), 0 completion(s), 0 continuation(s) 
[34.381s][info][gc,marking  ] GC(8) Mark Stack Usage: 32M
[34.381s][info][gc,nmethod  ] GC(8) NMethods: 4771 registered, 18 unregistered
[34.381s][info][gc,metaspace] GC(8) Metaspace: 33M used, 34M committed, 1088M reserved
[34.381s][info][gc,ref      ] GC(8) Soft: 3784 encountered, 0 discovered, 0 enqueued
[34.381s][info][gc,ref      ] GC(8) Weak: 7600 encountered, 880 discovered, 12 enqueued
[34.381s][info][gc,ref      ] GC(8) Final: 50034 encountered, 50003 discovered, 50003 enqueued
[34.381s][info][gc,ref      ] GC(8) Phantom: 88 encountered, 40 discovered, 0 enqueued
[34.381s][info][gc,reloc    ] GC(8) Small Pages: 2397 / 4794M, Empty: 4130M, Relocated: 50M, In-Place: 0
[34.381s][info][gc,reloc    ] GC(8) Medium Pages: 1 / 32M, Empty: 0M, Relocated: 0M, In-Place: 0
[34.381s][info][gc,reloc    ] GC(8) Large Pages: 0 / 0M, Empty: 0M, Relocated: 0M, In-Place: 0
[34.381s][info][gc,reloc    ] GC(8) Forwarding Usage: 27M
[34.381s][info][gc,heap     ] GC(8) Min Capacity: 8192M(100%)
[34.381s][info][gc,heap     ] GC(8) Max Capacity: 8192M(100%)
[34.381s][info][gc,heap     ] GC(8) Soft Max Capacity: 8192M(100%)
[34.381s][info][gc,heap     ] GC(8)                Mark Start          Mark End        Relocate Start      Relocate End           High               Low         
[34.381s][info][gc,heap     ] GC(8)  Capacity:     8192M (100%)       8192M (100%)       8192M (100%)       8192M (100%)       8192M (100%)       8192M (100%)   
[34.381s][info][gc,heap     ] GC(8)      Free:     3366M (41%)        3366M (41%)        7494M (91%)        8068M (98%)        8068M (98%)        3364M (41%)    
[34.382s][info][gc,heap     ] GC(8)      Used:     4826M (59%)        4826M (59%)         698M (9%)          124M (2%)         4828M (59%)         124M (2%)     
[34.382s][info][gc,heap     ] GC(8)      Live:         -                83M (1%)           83M (1%)           83M (1%)             -                  -          
[34.382s][info][gc,heap     ] GC(8) Allocated:         -                 0M (0%)            2M (0%)            4M (0%)             -                  -          
[34.382s][info][gc,heap     ] GC(8)   Garbage:         -              4742M (58%)         612M (7%)           36M (0%)             -                  -          
[34.382s][info][gc,heap     ] GC(8) Reclaimed:         -                  -              4130M (50%)        4706M (57%)            -                  -          
[34.382s][info][gc          ] GC(8) Garbage Collection (System.gc()) 4826M(59%)->124M(2%)
[40.276s][info][gc,stats    ] === Garbage Collection Statistics =======================================================================================================================
[40.276s][info][gc,stats    ]                                                              Last 10s              Last 10m              Last 10h                Total
[40.276s][info][gc,stats    ]                                                              Avg / Max             Avg / Max             Avg / Max             Avg / Max
[40.276s][info][gc,stats    ]   Collector: Garbage Collection Cycle                    264.706 / 264.706     164.084 / 311.498     164.084 / 311.498     164.084 / 311.498     ms
[40.276s][info][gc,stats    ]  Contention: Mark Segment Reset Contention                     0 / 0                 0 / 1                 0 / 1                 0 / 1           ops/s
[40.276s][info][gc,stats    ]  Contention: Mark SeqNum Reset Contention                      0 / 0                 0 / 0                 0 / 0                 0 / 0           ops/s
[40.276s][info][gc,stats    ]    Critical: Allocation Stall                                  0 / 0                 0 / 0                 0 / 0                 0 / 0           ops/s
[40.276s][info][gc,stats    ]    Critical: Allocation Stall                              0.000 / 0.000         0.000 / 0.000         0.000 / 0.000         0.000 / 0.000       ms
[40.276s][info][gc,stats    ]    Critical: GC Locker Stall                                   0 / 0                 0 / 0                 0 / 0                 0 / 0           ops/s
[40.276s][info][gc,stats    ]    Critical: GC Locker Stall                               0.000 / 0.000         0.000 / 0.000         0.000 / 0.000         0.000 / 0.000       ms
[40.276s][info][gc,stats    ]    Critical: Relocation Stall                                  0 / 0                 0 / 0                 0 / 0                 0 / 0           ops/s
[40.276s][info][gc,stats    ]    Critical: Relocation Stall                              0.000 / 0.000         0.000 / 0.000         0.000 / 0.000         0.000 / 0.000       ms
[40.276s][info][gc,stats    ]      Memory: Allocation Rate                                 756 / 1200            620 / 1200            620 / 1200            620 / 1200        MB/s
[40.276s][info][gc,stats    ]      Memory: Out Of Memory                                     0 / 0                 0 / 0                 0 / 0                 0 / 0           ops/s
[40.276s][info][gc,stats    ]      Memory: Page Cache Flush                                  0 / 0                 0 / 0                 0 / 0                 0 / 0           MB/s
[40.276s][info][gc,stats    ]      Memory: Page Cache Hit L1                               381 / 600             252 / 600             252 / 600             252 / 600         ops/s
[40.276s][info][gc,stats    ]      Memory: Page Cache Hit L2                                 0 / 0                 0 / 0                 0 / 0                 0 / 0           ops/s
[40.276s][info][gc,stats    ]      Memory: Page Cache Hit L3                                 0 / 0                60 / 411              60 / 411              60 / 411         ops/s
[40.276s][info][gc,stats    ]      Memory: Page Cache Miss                                   0 / 0                 0 / 1                 0 / 1                 0 / 1           ops/s
[40.276s][info][gc,stats    ]      Memory: Uncommit                                          0 / 0                 0 / 0                 0 / 0                 0 / 0           MB/s
[40.276s][info][gc,stats    ]      Memory: Undo Object Allocation Failed                     0 / 0                 0 / 0                 0 / 0                 0 / 0           ops/s
[40.276s][info][gc,stats    ]      Memory: Undo Object Allocation Succeeded                  0 / 0                 0 / 2                 0 / 2                 0 / 2           ops/s
[40.276s][info][gc,stats    ]      Memory: Undo Page Allocation                              0 / 0                 0 / 0                 0 / 0                 0 / 0           ops/s
[40.276s][info][gc,stats    ]       Phase: Concurrent Mark                             199.501 / 199.501     127.465 / 249.800     127.465 / 249.800     127.465 / 249.800     ms
[40.276s][info][gc,stats    ]       Phase: Concurrent Mark Continue                      0.000 / 0.000         0.000 / 0.000         0.000 / 0.000         0.000 / 0.000       ms
[40.276s][info][gc,stats    ]       Phase: Concurrent Mark Free                          0.002 / 0.002         0.001 / 0.002         0.001 / 0.002         0.001 / 0.002       ms
[40.276s][info][gc,stats    ]       Phase: Concurrent Process Non-Strong References     17.365 / 17.365       10.711 / 17.365       10.711 / 17.365       10.711 / 17.365      ms
[40.276s][info][gc,stats    ]       Phase: Concurrent Relocate                          36.177 / 36.177       19.770 / 39.193       19.770 / 39.193       19.770 / 39.193      ms
[40.276s][info][gc,stats    ]       Phase: Concurrent Reset Relocation Set               0.023 / 0.023         0.019 / 0.075         0.019 / 0.075         0.019 / 0.075       ms
[40.276s][info][gc,stats    ]       Phase: Concurrent Select Relocation Set             10.709 / 10.709        5.108 / 10.709        5.108 / 10.709        5.108 / 10.709      ms
[40.277s][info][gc,stats    ]       Phase: Pause Mark End                                0.022 / 0.022         0.018 / 0.023         0.018 / 0.023         0.018 / 0.023       ms
[40.277s][info][gc,stats    ]       Phase: Pause Mark Start                              0.006 / 0.006         0.008 / 0.010         0.008 / 0.010         0.008 / 0.010       ms
[40.277s][info][gc,stats    ]       Phase: Pause Relocate Start                          0.015 / 0.015         0.013 / 0.029         0.013 / 0.029         0.013 / 0.029       ms
[40.277s][info][gc,stats    ]    Subphase: Concurrent Classes Purge                      0.192 / 0.192         0.192 / 0.312         0.192 / 0.312         0.192 / 0.312       ms
[40.277s][info][gc,stats    ]    Subphase: Concurrent Classes Unlink                     9.405 / 9.405         6.327 / 9.619         6.327 / 9.619         6.327 / 9.619       ms
[40.277s][info][gc,stats    ]    Subphase: Concurrent Mark                             194.186 / 199.136     122.363 / 249.485     122.363 / 249.485     122.363 / 249.485     ms
[40.277s][info][gc,stats    ]    Subphase: Concurrent Mark Try Flush                     0.091 / 0.129         0.099 / 0.731         0.099 / 0.731         0.099 / 0.731       ms
[40.277s][info][gc,stats    ]    Subphase: Concurrent Mark Try Terminate                13.600 / 17.193       11.469 / 17.193       11.469 / 17.193       11.469 / 17.193      ms
[40.277s][info][gc,stats    ]    Subphase: Concurrent References Enqueue                 0.004 / 0.004         0.006 / 0.009         0.006 / 0.009         0.006 / 0.009       ms
[40.277s][info][gc,stats    ]    Subphase: Concurrent References Process                 6.990 / 6.990         3.186 / 8.060         3.186 / 8.060         3.186 / 8.060       ms
[40.277s][info][gc,stats    ]    Subphase: Concurrent Roots ClassLoaderDataGraph         0.061 / 0.118         0.085 / 0.220         0.085 / 0.220         0.085 / 0.220       ms
[40.277s][info][gc,stats    ]    Subphase: Concurrent Roots CodeCache                    0.000 / 0.000         0.000 / 0.000         0.000 / 0.000         0.000 / 0.000       ms
[40.277s][info][gc,stats    ]    Subphase: Concurrent Roots JavaThreads                  0.117 / 0.165         0.448 / 2.145         0.448 / 2.145         0.448 / 2.145       ms
[40.277s][info][gc,stats    ]    Subphase: Concurrent Roots OopStorageSet                0.013 / 0.017         0.019 / 0.061         0.019 / 0.061         0.019 / 0.061       ms
[40.277s][info][gc,stats    ]    Subphase: Concurrent Weak Roots OopStorageSet           0.545 / 0.589         0.765 / 1.307         0.765 / 1.307         0.765 / 1.307       ms
[40.277s][info][gc,stats    ]    Subphase: Pause Mark Try Complete                       0.000 / 0.000         0.000 / 0.000         0.000 / 0.000         0.000 / 0.000       ms
[40.277s][info][gc,stats    ]      System: Java Threads                                     12 / 12               12 / 13               12 / 13               12 / 13          threads
[40.277s][info][gc,stats    ] =========================================================================================================================================================
[40.443s][info][gc,start    ] GC(9) Garbage Collection (System.gc())
[40.443s][info][gc,task     ] GC(9) Using 2 workers
[40.443s][info][gc,phases   ] GC(9) Pause Mark Start 0.006ms
[40.597s][info][gc,phases   ] GC(9) Concurrent Mark 154.208ms
[40.598s][info][gc,phases   ] GC(9) Pause Mark End 0.025ms
[40.598s][info][gc,phases   ] GC(9) Concurrent Mark Free 0.002ms
[40.616s][info][gc,phases   ] GC(9) Concurrent Process Non-Strong References 18.253ms
[40.616s][info][gc,phases   ] GC(9) Concurrent Reset Relocation Set 0.024ms
[40.628s][info][gc,phases   ] GC(9) Concurrent Select Relocation Set 11.986ms
[40.628s][info][gc,phases   ] GC(9) Pause Relocate Start 0.021ms
[40.670s][info][gc,phases   ] GC(9) Concurrent Relocate 41.584ms
[40.670s][info][gc,load     ] GC(9) Load: 0.00/0.00/0.00
[40.670s][info][gc,mmu      ] GC(9) MMU: 2ms/98.6%, 5ms/99.4%, 10ms/99.7%, 20ms/99.8%, 50ms/99.9%, 100ms/99.9%
[40.670s][info][gc,marking  ] GC(9) Mark: 2 stripe(s), 9 proactive flush(es), 1 terminate flush(es), 0 completion(s), 0 continuation(s) 
[40.670s][info][gc,marking  ] GC(9) Mark Stack Usage: 32M
[40.670s][info][gc,nmethod  ] GC(9) NMethods: 4847 registered, 18 unregistered
[40.670s][info][gc,metaspace] GC(9) Metaspace: 34M used, 34M committed, 1088M reserved
[40.670s][info][gc,ref      ] GC(9) Soft: 3784 encountered, 0 discovered, 0 enqueued
[40.670s][info][gc,ref      ] GC(9) Weak: 7616 encountered, 341 discovered, 14 enqueued
[40.670s][info][gc,ref      ] GC(9) Final: 50034 encountered, 50003 discovered, 50003 enqueued
[40.670s][info][gc,ref      ] GC(9) Phantom: 88 encountered, 41 discovered, 0 enqueued
[40.670s][info][gc,reloc    ] GC(9) Small Pages: 2397 / 4794M, Empty: 4136M, Relocated: 50M, In-Place: 0
[40.670s][info][gc,reloc    ] GC(9) Medium Pages: 1 / 32M, Empty: 0M, Relocated: 0M, In-Place: 0
[40.670s][info][gc,reloc    ] GC(9) Large Pages: 0 / 0M, Empty: 0M, Relocated: 0M, In-Place: 0
[40.670s][info][gc,reloc    ] GC(9) Forwarding Usage: 27M
[40.670s][info][gc,heap     ] GC(9) Min Capacity: 8192M(100%)
[40.670s][info][gc,heap     ] GC(9) Max Capacity: 8192M(100%)
[40.670s][info][gc,heap     ] GC(9) Soft Max Capacity: 8192M(100%)
[40.670s][info][gc,heap     ] GC(9)                Mark Start          Mark End        Relocate Start      Relocate End           High               Low         
[40.670s][info][gc,heap     ] GC(9)  Capacity:     8192M (100%)       8192M (100%)       8192M (100%)       8192M (100%)       8192M (100%)       8192M (100%)   
[40.670s][info][gc,heap     ] GC(9)      Free:     3366M (41%)        3366M (41%)        7500M (92%)        8068M (98%)        8068M (98%)        3364M (41%)    
[40.670s][info][gc,heap     ] GC(9)      Used:     4826M (59%)        4826M (59%)         692M (8%)          124M (2%)         4828M (59%)         124M (2%)     
[40.670s][info][gc,heap     ] GC(9)      Live:         -                83M (1%)           83M (1%)           83M (1%)             -                  -          
[40.670s][info][gc,heap     ] GC(9) Allocated:         -                 0M (0%)            2M (0%)            4M (0%)             -                  -          
[40.670s][info][gc,heap     ] GC(9)   Garbage:         -              4742M (58%)         606M (7%)           36M (0%)             -                  -          
[40.670s][info][gc,heap     ] GC(9) Reclaimed:         -                  -              4136M (50%)        4706M (57%)            -                  -          
[40.670s][info][gc          ] GC(9) Garbage Collection (System.gc()) 4826M(59%)->124M(2%)
[46.276s][info][gc,start    ] GC(10) Garbage Collection (System.gc())
[46.276s][info][gc,task     ] GC(10) Using 2 workers
[46.276s][info][gc,phases   ] GC(10) Pause Mark Start 0.005ms
[46.416s][info][gc,phases   ] GC(10) Concurrent Mark 140.611ms
[46.416s][info][gc,phases   ] GC(10) Pause Mark End 0.023ms
[46.417s][info][gc,phases   ] GC(10) Concurrent Mark Free 0.002ms
[46.436s][info][gc,phases   ] GC(10) Concurrent Process Non-Strong References 18.889ms
[46.436s][info][gc,phases   ] GC(10) Concurrent Reset Relocation Set 0.033ms
[46.440s][info][gc,phases   ] GC(10) Concurrent Select Relocation Set 4.161ms
[46.440s][info][gc,phases   ] GC(10) Pause Relocate Start 0.019ms
[46.478s][info][gc,phases   ] GC(10) Concurrent Relocate 37.565ms
[46.478s][info][gc,load     ] GC(10) Load: 0.00/0.00/0.00
[46.478s][info][gc,mmu      ] GC(10) MMU: 2ms/98.6%, 5ms/99.4%, 10ms/99.7%, 20ms/99.8%, 50ms/99.9%, 100ms/99.9%
[46.478s][info][gc,marking  ] GC(10) Mark: 2 stripe(s), 8 proactive flush(es), 1 terminate flush(es), 0 completion(s), 0 continuation(s) 
[46.478s][info][gc,marking  ] GC(10) Mark Stack Usage: 32M
[46.478s][info][gc,nmethod  ] GC(10) NMethods: 4380 registered, 563 unregistered
[46.478s][info][gc,metaspace] GC(10) Metaspace: 34M used, 35M committed, 1088M reserved
[46.478s][info][gc,ref      ] GC(10) Soft: 3784 encountered, 0 discovered, 0 enqueued
[46.478s][info][gc,ref      ] GC(10) Weak: 7618 encountered, 487 discovered, 14 enqueued
[46.478s][info][gc,ref      ] GC(10) Final: 50034 encountered, 50003 discovered, 50003 enqueued
[46.478s][info][gc,ref      ] GC(10) Phantom: 88 encountered, 43 discovered, 0 enqueued
[46.478s][info][gc,reloc    ] GC(10) Small Pages: 2397 / 4794M, Empty: 4136M, Relocated: 50M, In-Place: 0
[46.478s][info][gc,reloc    ] GC(10) Medium Pages: 1 / 32M, Empty: 0M, Relocated: 0M, In-Place: 0
[46.478s][info][gc,reloc    ] GC(10) Large Pages: 0 / 0M, Empty: 0M, Relocated: 0M, In-Place: 0
[46.478s][info][gc,reloc    ] GC(10) Forwarding Usage: 27M
[46.478s][info][gc,heap     ] GC(10) Min Capacity: 8192M(100%)
[46.478s][info][gc,heap     ] GC(10) Max Capacity: 8192M(100%)
[46.478s][info][gc,heap     ] GC(10) Soft Max Capacity: 8192M(100%)
[46.478s][info][gc,heap     ] GC(10)                Mark Start          Mark End        Relocate Start      Relocate End           High               Low         
[46.478s][info][gc,heap     ] GC(10)  Capacity:     8192M (100%)       8192M (100%)       8192M (100%)       8192M (100%)       8192M (100%)       8192M (100%)   
[46.478s][info][gc,heap     ] GC(10)      Free:     3366M (41%)        3366M (41%)        7500M (92%)        8072M (99%)        8072M (99%)        3364M (41%)    
[46.478s][info][gc,heap     ] GC(10)      Used:     4826M (59%)        4826M (59%)         692M (8%)          120M (1%)         4828M (59%)         120M (1%)     
[46.478s][info][gc,heap     ] GC(10)      Live:         -                83M (1%)           83M (1%)           83M (1%)             -                  -          
[46.478s][info][gc,heap     ] GC(10) Allocated:         -                 0M (0%)            2M (0%)            2M (0%)             -                  -          
[46.478s][info][gc,heap     ] GC(10)   Garbage:         -              4742M (58%)         606M (7%)           34M (0%)             -                  -          
[46.478s][info][gc,heap     ] GC(10) Reclaimed:         -                  -              4136M (50%)        4708M (57%)            -                  -          
[46.478s][info][gc          ] GC(10) Garbage Collection (System.gc()) 4826M(59%)->120M(1%)
[50.284s][info][gc,stats    ] === Garbage Collection Statistics =======================================================================================================================
[50.284s][info][gc,stats    ]                                                              Last 10s              Last 10m              Last 10h                Total
[50.284s][info][gc,stats    ]                                                              Avg / Max             Avg / Max             Avg / Max             Avg / Max
[50.284s][info][gc,stats    ]   Collector: Garbage Collection Cycle                    214.648 / 226.994     173.278 / 311.498     173.278 / 311.498     173.278 / 311.498     ms
[50.284s][info][gc,stats    ]  Contention: Mark Segment Reset Contention                     0 / 2                 0 / 2                 0 / 2                 0 / 2           ops/s
[50.284s][info][gc,stats    ]  Contention: Mark SeqNum Reset Contention                      0 / 1                 0 / 1                 0 / 1                 0 / 1           ops/s
[50.284s][info][gc,stats    ]    Critical: Allocation Stall                                  0 / 0                 0 / 0                 0 / 0                 0 / 0           ops/s
[50.284s][info][gc,stats    ]    Critical: Allocation Stall                              0.000 / 0.000         0.000 / 0.000         0.000 / 0.000         0.000 / 0.000       ms
[50.284s][info][gc,stats    ]    Critical: GC Locker Stall                                   0 / 0                 0 / 0                 0 / 0                 0 / 0           ops/s
[50.284s][info][gc,stats    ]    Critical: GC Locker Stall                               0.000 / 0.000         0.000 / 0.000         0.000 / 0.000         0.000 / 0.000       ms
[50.284s][info][gc,stats    ]    Critical: Relocation Stall                                  0 / 0                 0 / 0                 0 / 0                 0 / 0           ops/s
[50.284s][info][gc,stats    ]    Critical: Relocation Stall                              0.000 / 0.000         0.000 / 0.000         0.000 / 0.000         0.000 / 0.000       ms
[50.284s][info][gc,stats    ]      Memory: Allocation Rate                                 854 / 1344            667 / 1344            667 / 1344            667 / 1344        MB/s
[50.284s][info][gc,stats    ]      Memory: Out Of Memory                                     0 / 0                 0 / 0                 0 / 0                 0 / 0           ops/s
[50.284s][info][gc,stats    ]      Memory: Page Cache Flush                                  0 / 0                 0 / 0                 0 / 0                 0 / 0           MB/s
[50.284s][info][gc,stats    ]      Memory: Page Cache Hit L1                               432 / 672             288 / 672             288 / 672             288 / 672         ops/s
[50.284s][info][gc,stats    ]      Memory: Page Cache Hit L2                                 0 / 0                 0 / 0                 0 / 0                 0 / 0           ops/s
[50.284s][info][gc,stats    ]      Memory: Page Cache Hit L3                                 0 / 0                48 / 411              48 / 411              48 / 411         ops/s
[50.284s][info][gc,stats    ]      Memory: Page Cache Miss                                   0 / 0                 0 / 1                 0 / 1                 0 / 1           ops/s
[50.284s][info][gc,stats    ]      Memory: Uncommit                                          0 / 0                 0 / 0                 0 / 0                 0 / 0           MB/s
[50.284s][info][gc,stats    ]      Memory: Undo Object Allocation Failed                     0 / 0                 0 / 0                 0 / 0                 0 / 0           ops/s
[50.284s][info][gc,stats    ]      Memory: Undo Object Allocation Succeeded                  0 / 3                 0 / 3                 0 / 3                 0 / 3           ops/s
[50.284s][info][gc,stats    ]      Memory: Undo Page Allocation                              0 / 0                 0 / 0                 0 / 0                 0 / 0           ops/s
[50.284s][info][gc,stats    ]       Phase: Concurrent Mark                             147.410 / 154.208     131.092 / 249.800     131.092 / 249.800     131.092 / 249.800     ms
[50.284s][info][gc,stats    ]       Phase: Concurrent Mark Continue                      0.000 / 0.000         0.000 / 0.000         0.000 / 0.000         0.000 / 0.000       ms
[50.284s][info][gc,stats    ]       Phase: Concurrent Mark Free                          0.002 / 0.002         0.001 / 0.002         0.001 / 0.002         0.001 / 0.002       ms
[50.284s][info][gc,stats    ]       Phase: Concurrent Process Non-Strong References     18.571 / 18.889       12.140 / 18.889       12.140 / 18.889       12.140 / 18.889      ms
[50.284s][info][gc,stats    ]       Phase: Concurrent Relocate                          39.574 / 41.584       23.371 / 41.584       23.371 / 41.584       23.371 / 41.584      ms
[50.284s][info][gc,stats    ]       Phase: Concurrent Reset Relocation Set               0.028 / 0.033         0.021 / 0.075         0.021 / 0.075         0.021 / 0.075       ms
[50.284s][info][gc,stats    ]       Phase: Concurrent Select Relocation Set              8.073 / 11.986        5.647 / 11.986        5.647 / 11.986        5.647 / 11.986      ms
[50.284s][info][gc,stats    ]       Phase: Pause Mark End                                0.024 / 0.025         0.019 / 0.025         0.019 / 0.025         0.019 / 0.025       ms
[50.284s][info][gc,stats    ]       Phase: Pause Mark Start                              0.005 / 0.006         0.007 / 0.010         0.007 / 0.010         0.007 / 0.010       ms
[50.284s][info][gc,stats    ]       Phase: Pause Relocate Start                          0.020 / 0.021         0.014 / 0.029         0.014 / 0.029         0.014 / 0.029       ms
[50.284s][info][gc,stats    ]    Subphase: Concurrent Classes Purge                      0.239 / 0.283         0.200 / 0.312         0.200 / 0.312         0.200 / 0.312       ms
[50.285s][info][gc,stats    ]    Subphase: Concurrent Classes Unlink                    10.019 / 10.092        6.998 / 10.092        6.998 / 10.092        6.998 / 10.092      ms
[50.285s][info][gc,stats    ]    Subphase: Concurrent Mark                             139.489 / 153.858     125.477 / 249.485     125.477 / 249.485     125.477 / 249.485     ms
[50.285s][info][gc,stats    ]    Subphase: Concurrent Mark Try Flush                     0.134 / 0.381         0.113 / 0.731         0.113 / 0.731         0.113 / 0.731       ms
[50.285s][info][gc,stats    ]    Subphase: Concurrent Mark Try Terminate                11.819 / 16.265       11.544 / 17.193       11.544 / 17.193       11.544 / 17.193      ms
[50.285s][info][gc,stats    ]    Subphase: Concurrent References Enqueue                 0.006 / 0.008         0.006 / 0.009         0.006 / 0.009         0.006 / 0.009       ms
[50.285s][info][gc,stats    ]    Subphase: Concurrent References Process                 7.474 / 7.638         3.966 / 8.060         3.966 / 8.060         3.966 / 8.060       ms
[50.285s][info][gc,stats    ]    Subphase: Concurrent Roots ClassLoaderDataGraph         0.063 / 0.126         0.081 / 0.220         0.081 / 0.220         0.081 / 0.220       ms
[50.285s][info][gc,stats    ]    Subphase: Concurrent Roots CodeCache                    0.000 / 0.000         0.000 / 0.000         0.000 / 0.000         0.000 / 0.000       ms
[50.285s][info][gc,stats    ]    Subphase: Concurrent Roots JavaThreads                  0.123 / 0.191         0.389 / 2.145         0.389 / 2.145         0.389 / 2.145       ms
[50.285s][info][gc,stats    ]    Subphase: Concurrent Roots OopStorageSet                0.013 / 0.019         0.018 / 0.061         0.018 / 0.061         0.018 / 0.061       ms
[50.285s][info][gc,stats    ]    Subphase: Concurrent Weak Roots OopStorageSet           0.563 / 0.601         0.728 / 1.307         0.728 / 1.307         0.728 / 1.307       ms
[50.285s][info][gc,stats    ]    Subphase: Pause Mark Try Complete                       0.000 / 0.000         0.000 / 0.000         0.000 / 0.000         0.000 / 0.000       ms
[50.285s][info][gc,stats    ]      System: Java Threads                                     12 / 12               12 / 13               12 / 13               12 / 13          threads
[50.285s][info][gc,stats    ] =========================================================================================================================================================
[51.488s][info][gc,start    ] GC(11) Garbage Collection (System.gc())
[51.488s][info][gc,task     ] GC(11) Using 2 workers
[51.488s][info][gc,phases   ] GC(11) Pause Mark Start 0.005ms
[51.612s][info][gc,phases   ] GC(11) Concurrent Mark 123.872ms
[51.612s][info][gc,phases   ] GC(11) Pause Mark End 0.026ms
[51.612s][info][gc,phases   ] GC(11) Concurrent Mark Free 0.003ms
[51.631s][info][gc,phases   ] GC(11) Concurrent Process Non-Strong References 18.710ms
[51.631s][info][gc,phases   ] GC(11) Concurrent Reset Relocation Set 0.033ms
[51.642s][info][gc,phases   ] GC(11) Concurrent Select Relocation Set 11.501ms
[51.643s][info][gc,phases   ] GC(11) Pause Relocate Start 0.017ms
[51.680s][info][gc,phases   ] GC(11) Concurrent Relocate 36.807ms
[51.680s][info][gc,load     ] GC(11) Load: 0.00/0.00/0.00
[51.680s][info][gc,mmu      ] GC(11) MMU: 2ms/98.6%, 5ms/99.4%, 10ms/99.7%, 20ms/99.8%, 50ms/99.9%, 100ms/99.9%
[51.680s][info][gc,marking  ] GC(11) Mark: 2 stripe(s), 7 proactive flush(es), 1 terminate flush(es), 0 completion(s), 0 continuation(s) 
[51.680s][info][gc,marking  ] GC(11) Mark Stack Usage: 32M
[51.680s][info][gc,nmethod  ] GC(11) NMethods: 4458 registered, 563 unregistered
[51.680s][info][gc,metaspace] GC(11) Metaspace: 34M used, 35M committed, 1088M reserved
[51.680s][info][gc,ref      ] GC(11) Soft: 3784 encountered, 0 discovered, 0 enqueued
[51.680s][info][gc,ref      ] GC(11) Weak: 7634 encountered, 1040 discovered, 14 enqueued
[51.680s][info][gc,ref      ] GC(11) Final: 50034 encountered, 50003 discovered, 50003 enqueued
[51.680s][info][gc,ref      ] GC(11) Phantom: 88 encountered, 45 discovered, 0 enqueued
[51.680s][info][gc,reloc    ] GC(11) Small Pages: 2394 / 4788M, Empty: 4128M, Relocated: 50M, In-Place: 0
[51.680s][info][gc,reloc    ] GC(11) Medium Pages: 1 / 32M, Empty: 0M, Relocated: 0M, In-Place: 0
[51.680s][info][gc,reloc    ] GC(11) Large Pages: 0 / 0M, Empty: 0M, Relocated: 0M, In-Place: 0
[51.680s][info][gc,reloc    ] GC(11) Forwarding Usage: 27M
[51.680s][info][gc,heap     ] GC(11) Min Capacity: 8192M(100%)
[51.680s][info][gc,heap     ] GC(11) Max Capacity: 8192M(100%)
[51.680s][info][gc,heap     ] GC(11) Soft Max Capacity: 8192M(100%)
[51.680s][info][gc,heap     ] GC(11)                Mark Start          Mark End        Relocate Start      Relocate End           High               Low         
[51.680s][info][gc,heap     ] GC(11)  Capacity:     8192M (100%)       8192M (100%)       8192M (100%)       8192M (100%)       8192M (100%)       8192M (100%)   
[51.680s][info][gc,heap     ] GC(11)      Free:     3372M (41%)        3372M (41%)        7498M (92%)        8072M (99%)        8072M (99%)        3370M (41%)    
[51.680s][info][gc,heap     ] GC(11)      Used:     4820M (59%)        4820M (59%)         694M (8%)          120M (1%)         4822M (59%)         120M (1%)     
[51.680s][info][gc,heap     ] GC(11)      Live:         -                83M (1%)           83M (1%)           83M (1%)             -                  -          
[51.680s][info][gc,heap     ] GC(11) Allocated:         -                 0M (0%)            2M (0%)            2M (0%)             -                  -          
[51.680s][info][gc,heap     ] GC(11)   Garbage:         -              4736M (58%)         608M (7%)           34M (0%)             -                  -          
[51.680s][info][gc,heap     ] GC(11) Reclaimed:         -                  -              4128M (50%)        4702M (57%)            -                  -          
[51.680s][info][gc          ] GC(11) Garbage Collection (System.gc()) 4820M(59%)->120M(1%)
[56.275s][info][gc,start    ] GC(12) Garbage Collection (System.gc())
[56.275s][info][gc,task     ] GC(12) Using 2 workers
[56.275s][info][gc,phases   ] GC(12) Pause Mark Start 0.007ms
[56.407s][info][gc,phases   ] GC(12) Concurrent Mark 132.123ms
[56.408s][info][gc,phases   ] GC(12) Pause Mark End 0.030ms
[56.408s][info][gc,phases   ] GC(12) Concurrent Mark Free 0.002ms
[56.429s][info][gc,phases   ] GC(12) Concurrent Process Non-Strong References 20.832ms
[56.429s][info][gc,phases   ] GC(12) Concurrent Reset Relocation Set 0.030ms
[56.440s][info][gc,phases   ] GC(12) Concurrent Select Relocation Set 11.066ms
[56.440s][info][gc,phases   ] GC(12) Pause Relocate Start 0.017ms
[56.476s][info][gc,phases   ] GC(12) Concurrent Relocate 36.096ms
[56.476s][info][gc,load     ] GC(12) Load: 0.00/0.00/0.00
[56.476s][info][gc,mmu      ] GC(12) MMU: 2ms/98.5%, 5ms/99.4%, 10ms/99.7%, 20ms/99.8%, 50ms/99.9%, 100ms/99.9%
[56.476s][info][gc,marking  ] GC(12) Mark: 2 stripe(s), 1 proactive flush(es), 1 terminate flush(es), 0 completion(s), 0 continuation(s) 
[56.476s][info][gc,marking  ] GC(12) Mark Stack Usage: 32M
[56.476s][info][gc,nmethod  ] GC(12) NMethods: 4513 registered, 568 unregistered
[56.476s][info][gc,metaspace] GC(12) Metaspace: 34M used, 35M committed, 1088M reserved
[56.476s][info][gc,ref      ] GC(12) Soft: 3785 encountered, 0 discovered, 0 enqueued
[56.476s][info][gc,ref      ] GC(12) Weak: 7643 encountered, 488 discovered, 14 enqueued
[56.476s][info][gc,ref      ] GC(12) Final: 50034 encountered, 50003 discovered, 50003 enqueued
[56.476s][info][gc,ref      ] GC(12) Phantom: 88 encountered, 45 discovered, 0 enqueued
[56.476s][info][gc,reloc    ] GC(12) Small Pages: 2394 / 4788M, Empty: 4128M, Relocated: 50M, In-Place: 0
[56.476s][info][gc,reloc    ] GC(12) Medium Pages: 1 / 32M, Empty: 0M, Relocated: 0M, In-Place: 0
[56.476s][info][gc,reloc    ] GC(12) Large Pages: 0 / 0M, Empty: 0M, Relocated: 0M, In-Place: 0
[56.476s][info][gc,reloc    ] GC(12) Forwarding Usage: 27M
[56.476s][info][gc,heap     ] GC(12) Min Capacity: 8192M(100%)
[56.476s][info][gc,heap     ] GC(12) Max Capacity: 8192M(100%)
[56.476s][info][gc,heap     ] GC(12) Soft Max Capacity: 8192M(100%)
[56.476s][info][gc,heap     ] GC(12)                Mark Start          Mark End        Relocate Start      Relocate End           High               Low         
[56.476s][info][gc,heap     ] GC(12)  Capacity:     8192M (100%)       8192M (100%)       8192M (100%)       8192M (100%)       8192M (100%)       8192M (100%)   
[56.476s][info][gc,heap     ] GC(12)      Free:     3372M (41%)        3372M (41%)        7498M (92%)        8070M (99%)        8070M (99%)        3370M (41%)    
[56.476s][info][gc,heap     ] GC(12)      Used:     4820M (59%)        4820M (59%)         694M (8%)          122M (1%)         4822M (59%)         122M (1%)     
[56.476s][info][gc,heap     ] GC(12)      Live:         -                83M (1%)           83M (1%)           83M (1%)             -                  -          
[56.477s][info][gc,heap     ] GC(12) Allocated:         -                 0M (0%)            2M (0%)            3M (0%)             -                  -          
[56.477s][info][gc,heap     ] GC(12)   Garbage:         -              4736M (58%)         608M (7%)           35M (0%)             -                  -          
[56.477s][info][gc,heap     ] GC(12) Reclaimed:         -                  -              4128M (50%)        4701M (57%)            -                  -          
[56.477s][info][gc          ] GC(12) Garbage Collection (System.gc()) 4820M(59%)->122M(1%)
[60.283s][info][gc,stats    ] === Garbage Collection Statistics =======================================================================================================================
[60.283s][info][gc,stats    ]                                                              Last 10s              Last 10m              Last 10h                Total
[60.283s][info][gc,stats    ]                                                              Avg / Max             Avg / Max             Avg / Max             Avg / Max
[60.284s][info][gc,stats    ]   Collector: Garbage Collection Cycle                    196.546 / 201.071     176.858 / 311.498     176.858 / 311.498     176.858 / 311.498     ms
[60.284s][info][gc,stats    ]  Contention: Mark Segment Reset Contention                     0 / 2                 0 / 2                 0 / 2                 0 / 2           ops/s
[60.284s][info][gc,stats    ]  Contention: Mark SeqNum Reset Contention                      0 / 0                 0 / 1                 0 / 1                 0 / 1           ops/s
[60.284s][info][gc,stats    ]    Critical: Allocation Stall                                  0 / 0                 0 / 0                 0 / 0                 0 / 0           ops/s
[60.284s][info][gc,stats    ]    Critical: Allocation Stall                              0.000 / 0.000         0.000 / 0.000         0.000 / 0.000         0.000 / 0.000       ms
[60.284s][info][gc,stats    ]    Critical: GC Locker Stall                                   0 / 0                 0 / 0                 0 / 0                 0 / 0           ops/s
[60.284s][info][gc,stats    ]    Critical: GC Locker Stall                               0.000 / 0.000         0.000 / 0.000         0.000 / 0.000         0.000 / 0.000       ms
[60.284s][info][gc,stats    ]    Critical: Relocation Stall                                  0 / 0                 0 / 0                 0 / 0                 0 / 0           ops/s
[60.284s][info][gc,stats    ]    Critical: Relocation Stall                              0.000 / 0.000         0.000 / 0.000         0.000 / 0.000         0.000 / 0.000       ms
[60.284s][info][gc,stats    ]      Memory: Allocation Rate                                 995 / 1440            721 / 1440            721 / 1440            721 / 1440        MB/s
[60.284s][info][gc,stats    ]      Memory: Out Of Memory                                     0 / 0                 0 / 0                 0 / 0                 0 / 0           ops/s
[60.284s][info][gc,stats    ]      Memory: Page Cache Flush                                  0 / 0                 0 / 0                 0 / 0                 0 / 0           MB/s
[60.284s][info][gc,stats    ]      Memory: Page Cache Hit L1                               502 / 720             323 / 720             323 / 720             323 / 720         ops/s
[60.284s][info][gc,stats    ]      Memory: Page Cache Hit L2                                 0 / 0                 0 / 0                 0 / 0                 0 / 0           ops/s
[60.284s][info][gc,stats    ]      Memory: Page Cache Hit L3                                 0 / 0                40 / 411              40 / 411              40 / 411         ops/s
[60.284s][info][gc,stats    ]      Memory: Page Cache Miss                                   0 / 0                 0 / 1                 0 / 1                 0 / 1           ops/s
[60.284s][info][gc,stats    ]      Memory: Uncommit                                          0 / 0                 0 / 0                 0 / 0                 0 / 0           MB/s
[60.284s][info][gc,stats    ]      Memory: Undo Object Allocation Failed                     0 / 0                 0 / 0                 0 / 0                 0 / 0           ops/s
[60.284s][info][gc,stats    ]      Memory: Undo Object Allocation Succeeded                  0 / 1                 0 / 3                 0 / 3                 0 / 3           ops/s
[60.284s][info][gc,stats    ]      Memory: Undo Page Allocation                              0 / 0                 0 / 0                 0 / 0                 0 / 0           ops/s
[60.284s][info][gc,stats    ]       Phase: Concurrent Mark                             127.997 / 132.123     130.616 / 249.800     130.616 / 249.800     130.616 / 249.800     ms
[60.284s][info][gc,stats    ]       Phase: Concurrent Mark Continue                      0.000 / 0.000         0.000 / 0.000         0.000 / 0.000         0.000 / 0.000       ms
[60.284s][info][gc,stats    ]       Phase: Concurrent Mark Free                          0.002 / 0.003         0.002 / 0.003         0.002 / 0.003         0.002 / 0.003       ms
[60.284s][info][gc,stats    ]       Phase: Concurrent Process Non-Strong References     19.771 / 20.832       13.314 / 20.832       13.314 / 20.832       13.314 / 20.832      ms
[60.284s][info][gc,stats    ]       Phase: Concurrent Relocate                          36.451 / 36.807       25.383 / 41.584       25.383 / 41.584       25.383 / 41.584      ms
[60.284s][info][gc,stats    ]       Phase: Concurrent Reset Relocation Set               0.032 / 0.033         0.023 / 0.075         0.023 / 0.075         0.023 / 0.075       ms
[60.284s][info][gc,stats    ]       Phase: Concurrent Select Relocation Set             11.283 / 11.501        6.514 / 11.986        6.514 / 11.986        6.514 / 11.986      ms
[60.284s][info][gc,stats    ]       Phase: Pause Mark End                                0.028 / 0.030         0.020 / 0.030         0.020 / 0.030         0.020 / 0.030       ms
[60.284s][info][gc,stats    ]       Phase: Pause Mark Start                              0.006 / 0.007         0.007 / 0.010         0.007 / 0.010         0.007 / 0.010       ms
[60.284s][info][gc,stats    ]       Phase: Pause Relocate Start                          0.017 / 0.017         0.014 / 0.029         0.014 / 0.029         0.014 / 0.029       ms
[60.284s][info][gc,stats    ]    Subphase: Concurrent Classes Purge                      0.254 / 0.276         0.209 / 0.312         0.209 / 0.312         0.209 / 0.312       ms
[60.284s][info][gc,stats    ]    Subphase: Concurrent Classes Unlink                    11.419 / 11.611        7.678 / 11.611        7.678 / 11.611        7.678 / 11.611      ms
[60.284s][info][gc,stats    ]    Subphase: Concurrent Mark                             122.887 / 131.647     125.079 / 249.485     125.079 / 249.485     125.079 / 249.485     ms
[60.284s][info][gc,stats    ]    Subphase: Concurrent Mark Try Flush                     0.137 / 0.260         0.117 / 0.731         0.117 / 0.731         0.117 / 0.731       ms
[60.284s][info][gc,stats    ]    Subphase: Concurrent Mark Try Terminate                11.583 / 16.511       11.550 / 17.193       11.550 / 17.193       11.550 / 17.193      ms
[60.284s][info][gc,stats    ]    Subphase: Concurrent References Enqueue                 0.008 / 0.008         0.007 / 0.009         0.007 / 0.009         0.007 / 0.009       ms
[60.284s][info][gc,stats    ]    Subphase: Concurrent References Process                 7.163 / 7.966         4.458 / 8.060         4.458 / 8.060         4.458 / 8.060       ms
[60.284s][info][gc,stats    ]    Subphase: Concurrent Roots ClassLoaderDataGraph         0.058 / 0.115         0.077 / 0.220         0.077 / 0.220         0.077 / 0.220       ms
[60.284s][info][gc,stats    ]    Subphase: Concurrent Roots CodeCache                    0.000 / 0.000         0.000 / 0.000         0.000 / 0.000         0.000 / 0.000       ms
[60.284s][info][gc,stats    ]    Subphase: Concurrent Roots JavaThreads                  0.139 / 0.294         0.350 / 2.145         0.350 / 2.145         0.350 / 2.145       ms
[60.284s][info][gc,stats    ]    Subphase: Concurrent Roots OopStorageSet                0.020 / 0.029         0.018 / 0.061         0.018 / 0.061         0.018 / 0.061       ms
[60.284s][info][gc,stats    ]    Subphase: Concurrent Weak Roots OopStorageSet           0.664 / 0.779         0.719 / 1.307         0.719 / 1.307         0.719 / 1.307       ms
[60.284s][info][gc,stats    ]    Subphase: Pause Mark Try Complete                       0.000 / 0.000         0.000 / 0.000         0.000 / 0.000         0.000 / 0.000       ms
[60.284s][info][gc,stats    ]      System: Java Threads                                     12 / 12               12 / 13               12 / 13               12 / 13          threads
[60.284s][info][gc,stats    ] =========================================================================================================================================================
[60.659s][info][gc,start    ] GC(13) Garbage Collection (System.gc())
[60.659s][info][gc,task     ] GC(13) Using 2 workers
[60.659s][info][gc,phases   ] GC(13) Pause Mark Start 0.005ms
[60.792s][info][gc,phases   ] GC(13) Concurrent Mark 132.225ms
[60.792s][info][gc,phases   ] GC(13) Pause Mark End 0.022ms
[60.792s][info][gc,phases   ] GC(13) Concurrent Mark Free 0.002ms
[60.813s][info][gc,phases   ] GC(13) Concurrent Process Non-Strong References 20.524ms
[60.813s][info][gc,phases   ] GC(13) Concurrent Reset Relocation Set 0.033ms
[60.824s][info][gc,phases   ] GC(13) Concurrent Select Relocation Set 10.918ms
[60.824s][info][gc,phases   ] GC(13) Pause Relocate Start 0.021ms
[60.860s][info][gc,phases   ] GC(13) Concurrent Relocate 36.010ms
[60.860s][info][gc,load     ] GC(13) Load: 0.00/0.00/0.00
[60.860s][info][gc,mmu      ] GC(13) MMU: 2ms/98.5%, 5ms/99.4%, 10ms/99.7%, 20ms/99.8%, 50ms/99.9%, 100ms/99.9%
[60.860s][info][gc,marking  ] GC(13) Mark: 2 stripe(s), 8 proactive flush(es), 1 terminate flush(es), 0 completion(s), 0 continuation(s) 
[60.860s][info][gc,marking  ] GC(13) Mark Stack Usage: 32M
[60.860s][info][gc,nmethod  ] GC(13) NMethods: 4506 registered, 636 unregistered
[60.860s][info][gc,metaspace] GC(13) Metaspace: 34M used, 35M committed, 1088M reserved
[60.860s][info][gc,ref      ] GC(13) Soft: 3785 encountered, 0 discovered, 0 enqueued
[60.860s][info][gc,ref      ] GC(13) Weak: 7651 encountered, 310 discovered, 14 enqueued
[60.860s][info][gc,ref      ] GC(13) Final: 50034 encountered, 50003 discovered, 50003 enqueued
[60.860s][info][gc,ref      ] GC(13) Phantom: 88 encountered, 46 discovered, 0 enqueued
[60.860s][info][gc,reloc    ] GC(13) Small Pages: 2395 / 4790M, Empty: 4126M, Relocated: 50M, In-Place: 0
[60.860s][info][gc,reloc    ] GC(13) Medium Pages: 1 / 32M, Empty: 0M, Relocated: 0M, In-Place: 0
[60.860s][info][gc,reloc    ] GC(13) Large Pages: 0 / 0M, Empty: 0M, Relocated: 0M, In-Place: 0
[60.860s][info][gc,reloc    ] GC(13) Forwarding Usage: 27M
[60.860s][info][gc,heap     ] GC(13) Min Capacity: 8192M(100%)
[60.860s][info][gc,heap     ] GC(13) Max Capacity: 8192M(100%)
[60.860s][info][gc,heap     ] GC(13) Soft Max Capacity: 8192M(100%)
[60.860s][info][gc,heap     ] GC(13)                Mark Start          Mark End        Relocate Start      Relocate End           High               Low         
[60.860s][info][gc,heap     ] GC(13)  Capacity:     8192M (100%)       8192M (100%)       8192M (100%)       8192M (100%)       8192M (100%)       8192M (100%)   
[60.860s][info][gc,heap     ] GC(13)      Free:     3370M (41%)        3370M (41%)        7494M (91%)        8070M (99%)        8070M (99%)        3368M (41%)    
[60.860s][info][gc,heap     ] GC(13)      Used:     4822M (59%)        4822M (59%)         698M (9%)          122M (1%)         4824M (59%)         122M (1%)     
[60.861s][info][gc,heap     ] GC(13)      Live:         -                83M (1%)           83M (1%)           83M (1%)             -                  -          
[60.861s][info][gc,heap     ] GC(13) Allocated:         -                 0M (0%)            2M (0%)            3M (0%)             -                  -          
[60.861s][info][gc,heap     ] GC(13)   Garbage:         -              4738M (58%)         612M (7%)           35M (0%)             -                  -          
[60.861s][info][gc,heap     ] GC(13) Reclaimed:         -                  -              4126M (50%)        4703M (57%)            -                  -          
[60.861s][info][gc          ] GC(13) Garbage Collection (System.gc()) 4822M(59%)->122M(1%)
[64.837s][info][gc,heap,exit] Heap
[64.837s][info][gc,heap,exit]  ZHeap           used 4828M, capacity 8192M, max capacity 8192M
[64.837s][info][gc,heap,exit]  Metaspace       used 35897K, committed 36672K, reserved 1114112K
[64.837s][info][gc,heap,exit]   class space    used 6539K, committed 6784K, reserved 1048576K
