[0.007s][info][gc] Using Parallel
[0.017s][info][gc,init] Version: 17.0.12+7-adhoc..jdk17u (release)
[0.017s][info][gc,init] CPUs: 6 total, 6 available
[0.018s][info][gc,init] Memory: 15591M
[0.018s][info][gc,init] Large Page Support: Disabled
[0.018s][info][gc,init] NUMA Support: Disabled
[0.018s][info][gc,init] Compressed Oops: Enabled (Zero based)
[0.018s][info][gc,init] Alignments: Space 512K, Generation 512K, Heap 2M
[0.018s][info][gc,init] Heap Min Capacity: 4G
[0.018s][info][gc,init] Heap Initial Capacity: 4G
[0.018s][info][gc,init] Heap Max Capacity: 4G
[0.018s][info][gc,init] Pre-touch: Disabled
[0.018s][info][gc,init] Parallel Workers: 6
[0.024s][info][gc,metaspace] CDS archive(s) mapped at: [0x0000018a52000000-0x0000018a52bc0000-0x0000018a52bc0000), size 12320768, SharedBaseAddress: 0x0000018a52000000, ArchiveRelocationMode: 1.
[0.024s][info][gc,metaspace] Compressed class space mapped at: 0x0000018a53000000-0x0000018a93000000, reserved size: 1073741824
[0.024s][info][gc,metaspace] Narrow klass base: 0x0000018a52000000, Narrow klass shift: 0, Narrow klass range: 0x100000000
[0.249s][info][gc,start    ] GC(0) Pause Young (System.gc())
[0.251s][info][gc,heap     ] GC(0) PSYoungGen: 62914K(1223168K)->3286K(1223168K) Eden: 62914K(1048576K)->0K(1048576K) From: 0K(174592K)->3286K(174592K)
[0.251s][info][gc,heap     ] GC(0) ParOldGen: 0K(2796544K)->8K(2796544K)
[0.251s][info][gc,metaspace] GC(0) Metaspace: 2672K(2880K)->2672K(2880K) NonClass: 2403K(2496K)->2403K(2496K) Class: 269K(384K)->269K(384K)
[0.251s][info][gc          ] GC(0) Pause Young (System.gc()) 61M->3M(3925M) 2.565ms
[0.251s][info][gc,cpu      ] GC(0) User=0.08s Sys=0.02s Real=0.00s
[0.251s][info][gc,start    ] GC(1) Pause Full (System.gc())
[0.251s][info][gc,phases,start] GC(1) Marking Phase
[0.253s][info][gc,phases      ] GC(1) Marking Phase 1.600ms
[0.253s][info][gc,phases,start] GC(1) Summary Phase
[0.253s][info][gc,phases      ] GC(1) Summary Phase 0.015ms
[0.253s][info][gc,phases,start] GC(1) Adjust Roots
[0.254s][info][gc,phases      ] GC(1) Adjust Roots 0.524ms
[0.254s][info][gc,phases,start] GC(1) Compaction Phase
[0.255s][info][gc,phases      ] GC(1) Compaction Phase 1.720ms
[0.255s][info][gc,phases,start] GC(1) Post Compact
[0.256s][info][gc,phases      ] GC(1) Post Compact 0.605ms
[0.256s][info][gc,heap        ] GC(1) PSYoungGen: 3286K(1223168K)->0K(1223168K) Eden: 0K(1048576K)->0K(1048576K) From: 3286K(174592K)->0K(174592K)
[0.256s][info][gc,heap        ] GC(1) ParOldGen: 8K(2796544K)->3148K(2796544K)
[0.256s][info][gc,metaspace   ] GC(1) Metaspace: 2672K(2880K)->2672K(2880K) NonClass: 2403K(2496K)->2403K(2496K) Class: 269K(384K)->269K(384K)
[0.256s][info][gc             ] GC(1) Pause Full (System.gc()) 3M->3M(3925M) 4.688ms
[0.256s][info][gc,cpu         ] GC(1) User=0.00s Sys=0.00s Real=0.00s
[1.495s][info][gc,start       ] GC(2) Pause Young (Metadata GC Threshold)
[1.501s][info][gc,heap        ] GC(2) PSYoungGen: 136375K(1223168K)->7269K(1223168K) Eden: 136375K(1048576K)->0K(1048576K) From: 0K(174592K)->7269K(174592K)
[1.501s][info][gc,heap        ] GC(2) ParOldGen: 3148K(2796544K)->3244K(2796544K)
[1.501s][info][gc,metaspace   ] GC(2) Metaspace: 21357K(21504K)->21357K(21504K) NonClass: 18839K(18880K)->18839K(18880K) Class: 2517K(2624K)->2517K(2624K)
[1.501s][info][gc             ] GC(2) Pause Young (Metadata GC Threshold) 136M->10M(3925M) 5.627ms
[1.501s][info][gc,cpu         ] GC(2) User=0.00s Sys=0.00s Real=0.01s
[1.501s][info][gc,start       ] GC(3) Pause Full (Metadata GC Threshold)
[1.501s][info][gc,phases,start] GC(3) Marking Phase
[1.507s][info][gc,phases      ] GC(3) Marking Phase 6.351ms
[1.507s][info][gc,phases,start] GC(3) Summary Phase
[1.507s][info][gc,phases      ] GC(3) Summary Phase 0.011ms
[1.507s][info][gc,phases,start] GC(3) Adjust Roots
[1.511s][info][gc,phases      ] GC(3) Adjust Roots 3.497ms
[1.511s][info][gc,phases,start] GC(3) Compaction Phase
[1.518s][info][gc,phases      ] GC(3) Compaction Phase 6.924ms
[1.518s][info][gc,phases,start] GC(3) Post Compact
[1.518s][info][gc,phases      ] GC(3) Post Compact 0.732ms
[1.519s][info][gc,heap        ] GC(3) PSYoungGen: 7269K(1223168K)->0K(1223168K) Eden: 0K(1048576K)->0K(1048576K) From: 7269K(174592K)->0K(174592K)
[1.519s][info][gc,heap        ] GC(3) ParOldGen: 3244K(2796544K)->10306K(2796544K)
[1.519s][info][gc,metaspace   ] GC(3) Metaspace: 21357K(21504K)->21357K(21504K) NonClass: 18839K(18880K)->18839K(18880K) Class: 2517K(2624K)->2517K(2624K)
[1.519s][info][gc             ] GC(3) Pause Full (Metadata GC Threshold) 10M->10M(3925M) 17.860ms
[1.519s][info][gc,cpu         ] GC(3) User=0.05s Sys=0.05s Real=0.02s
[3.206s][info][gc,start       ] GC(4) Pause Young (System.gc())
[3.210s][info][gc,heap        ] GC(4) PSYoungGen: 419456K(1223168K)->7564K(1223168K) Eden: 419456K(1048576K)->0K(1048576K) From: 0K(174592K)->7564K(174592K)
[3.210s][info][gc,heap        ] GC(4) ParOldGen: 10306K(2796544K)->10314K(2796544K)
[3.210s][info][gc,metaspace   ] GC(4) Metaspace: 24522K(24640K)->24522K(24640K) NonClass: 21847K(21888K)->21847K(21888K) Class: 2674K(2752K)->2674K(2752K)
[3.210s][info][gc             ] GC(4) Pause Young (System.gc()) 419M->17M(3925M) 4.476ms
[3.210s][info][gc,cpu         ] GC(4) User=0.00s Sys=0.00s Real=0.01s
[3.210s][info][gc,start       ] GC(5) Pause Full (System.gc())
[3.210s][info][gc,phases,start] GC(5) Marking Phase
[3.224s][info][gc,phases      ] GC(5) Marking Phase 13.273ms
[3.224s][info][gc,phases,start] GC(5) Summary Phase
[3.224s][info][gc,phases      ] GC(5) Summary Phase 0.011ms
[3.224s][info][gc,phases,start] GC(5) Adjust Roots
[3.229s][info][gc,phases      ] GC(5) Adjust Roots 4.946ms
[3.229s][info][gc,phases,start] GC(5) Compaction Phase
[3.238s][info][gc,phases      ] GC(5) Compaction Phase 8.914ms
[3.238s][info][gc,phases,start] GC(5) Post Compact
[3.239s][info][gc,phases      ] GC(5) Post Compact 0.882ms
[3.239s][info][gc,heap        ] GC(5) PSYoungGen: 7564K(1223168K)->0K(1223168K) Eden: 0K(1048576K)->0K(1048576K) From: 7564K(174592K)->0K(174592K)
[3.239s][info][gc,heap        ] GC(5) ParOldGen: 10314K(2796544K)->15192K(2796544K)
[3.239s][info][gc,metaspace   ] GC(5) Metaspace: 24522K(24640K)->24522K(24640K) NonClass: 21847K(21888K)->21847K(21888K) Class: 2674K(2752K)->2674K(2752K)
[3.239s][info][gc             ] GC(5) Pause Full (System.gc()) 17M->14M(3925M) 28.345ms
[3.239s][info][gc,cpu         ] GC(5) User=0.09s Sys=0.05s Real=0.03s
[4.444s][info][gc,start       ] GC(6) Pause Young (System.gc())
[4.449s][info][gc,heap        ] GC(6) PSYoungGen: 377497K(1223168K)->8586K(1223168K) Eden: 377497K(1048576K)->0K(1048576K) From: 0K(174592K)->8586K(174592K)
[4.449s][info][gc,heap        ] GC(6) ParOldGen: 15192K(2796544K)->15200K(2796544K)
[4.449s][info][gc,metaspace   ] GC(6) Metaspace: 25192K(25408K)->25192K(25408K) NonClass: 22517K(22592K)->22517K(22592K) Class: 2675K(2816K)->2675K(2816K)
[4.449s][info][gc             ] GC(6) Pause Young (System.gc()) 383M->23M(3925M) 5.058ms
[4.449s][info][gc,cpu         ] GC(6) User=0.00s Sys=0.00s Real=0.01s
[4.449s][info][gc,start       ] GC(7) Pause Full (System.gc())
[4.449s][info][gc,phases,start] GC(7) Marking Phase
[4.462s][info][gc,phases      ] GC(7) Marking Phase 13.494ms
[4.463s][info][gc,phases,start] GC(7) Summary Phase
[4.463s][info][gc,phases      ] GC(7) Summary Phase 0.188ms
[4.463s][info][gc,phases,start] GC(7) Adjust Roots
[4.468s][info][gc,phases      ] GC(7) Adjust Roots 5.326ms
[4.468s][info][gc,phases,start] GC(7) Compaction Phase
[4.477s][info][gc,phases      ] GC(7) Compaction Phase 8.436ms
[4.477s][info][gc,phases,start] GC(7) Post Compact
[4.477s][info][gc,phases      ] GC(7) Post Compact 0.707ms
[4.477s][info][gc,heap        ] GC(7) PSYoungGen: 8586K(1223168K)->0K(1223168K) Eden: 0K(1048576K)->0K(1048576K) From: 8586K(174592K)->0K(174592K)
[4.477s][info][gc,heap        ] GC(7) ParOldGen: 15200K(2796544K)->17174K(2796544K)
[4.477s][info][gc,metaspace   ] GC(7) Metaspace: 25192K(25408K)->25192K(25408K) NonClass: 22517K(22592K)->22517K(22592K) Class: 2675K(2816K)->2675K(2816K)
[4.477s][info][gc             ] GC(7) Pause Full (System.gc()) 23M->16M(3925M) 28.448ms
[4.478s][info][gc,cpu         ] GC(7) User=0.09s Sys=0.05s Real=0.03s
[5.521s][info][gc,start       ] GC(8) Pause Young (System.gc())
[5.526s][info][gc,heap        ] GC(8) PSYoungGen: 419432K(1223168K)->8559K(1223168K) Eden: 419432K(1048576K)->0K(1048576K) From: 0K(174592K)->8559K(174592K)
[5.526s][info][gc,heap        ] GC(8) ParOldGen: 17174K(2796544K)->17182K(2796544K)
[5.526s][info][gc,metaspace   ] GC(8) Metaspace: 25593K(25856K)->25593K(25856K) NonClass: 22916K(23040K)->22916K(23040K) Class: 2676K(2816K)->2676K(2816K)
[5.526s][info][gc             ] GC(8) Pause Young (System.gc()) 426M->25M(3925M) 4.682ms
[5.526s][info][gc,cpu         ] GC(8) User=0.00s Sys=0.00s Real=0.02s
[5.526s][info][gc,start       ] GC(9) Pause Full (System.gc())
[5.526s][info][gc,phases,start] GC(9) Marking Phase
[5.543s][info][gc,phases      ] GC(9) Marking Phase 16.738ms
[5.543s][info][gc,phases,start] GC(9) Summary Phase
[5.543s][info][gc,phases      ] GC(9) Summary Phase 0.010ms
[5.543s][info][gc,phases,start] GC(9) Adjust Roots
[5.549s][info][gc,phases      ] GC(9) Adjust Roots 5.878ms
[5.549s][info][gc,phases,start] GC(9) Compaction Phase
[5.555s][info][gc,phases      ] GC(9) Compaction Phase 6.152ms
[5.555s][info][gc,phases,start] GC(9) Post Compact
[5.556s][info][gc,phases      ] GC(9) Post Compact 0.713ms
[5.556s][info][gc,heap        ] GC(9) PSYoungGen: 8559K(1223168K)->0K(1223168K) Eden: 0K(1048576K)->0K(1048576K) From: 8559K(174592K)->0K(174592K)
[5.556s][info][gc,heap        ] GC(9) ParOldGen: 17182K(2796544K)->17186K(2796544K)
[5.556s][info][gc,metaspace   ] GC(9) Metaspace: 25593K(25856K)->25593K(25856K) NonClass: 22916K(23040K)->22916K(23040K) Class: 2676K(2816K)->2676K(2816K)
[5.556s][info][gc             ] GC(9) Pause Full (System.gc()) 25M->16M(3925M) 29.803ms
[5.556s][info][gc,cpu         ] GC(9) User=0.06s Sys=0.02s Real=0.03s
[6.546s][info][gc,start       ] GC(10) Pause Young (System.gc())
[6.551s][info][gc,heap        ] GC(10) PSYoungGen: 377507K(1223168K)->8607K(1223168K) Eden: 377507K(1048576K)->0K(1048576K) From: 0K(174592K)->8607K(174592K)
[6.551s][info][gc,heap        ] GC(10) ParOldGen: 17186K(2796544K)->17194K(2796544K)
[6.551s][info][gc,metaspace   ] GC(10) Metaspace: 25823K(26048K)->25823K(26048K) NonClass: 23145K(23232K)->23145K(23232K) Class: 2677K(2816K)->2677K(2816K)
[6.551s][info][gc             ] GC(10) Pause Young (System.gc()) 385M->25M(3925M) 4.947ms
[6.551s][info][gc,cpu         ] GC(10) User=0.09s Sys=0.00s Real=0.01s
[6.551s][info][gc,start       ] GC(11) Pause Full (System.gc())
[6.551s][info][gc,phases,start] GC(11) Marking Phase
[6.564s][info][gc,phases      ] GC(11) Marking Phase 13.069ms
[6.564s][info][gc,phases,start] GC(11) Summary Phase
[6.564s][info][gc,phases      ] GC(11) Summary Phase 0.010ms
[6.564s][info][gc,phases,start] GC(11) Adjust Roots
[6.571s][info][gc,phases      ] GC(11) Adjust Roots 6.236ms
[6.571s][info][gc,phases,start] GC(11) Compaction Phase
[6.577s][info][gc,phases      ] GC(11) Compaction Phase 5.865ms
[6.577s][info][gc,phases,start] GC(11) Post Compact
[6.577s][info][gc,phases      ] GC(11) Post Compact 0.723ms
[6.578s][info][gc,heap        ] GC(11) PSYoungGen: 8607K(1223168K)->0K(1223168K) Eden: 0K(1048576K)->0K(1048576K) From: 8607K(174592K)->0K(174592K)
[6.578s][info][gc,heap        ] GC(11) ParOldGen: 17194K(2796544K)->17193K(2796544K)
[6.578s][info][gc,metaspace   ] GC(11) Metaspace: 25823K(26048K)->25823K(26048K) NonClass: 23145K(23232K)->23145K(23232K) Class: 2677K(2816K)->2677K(2816K)
[6.578s][info][gc             ] GC(11) Pause Full (System.gc()) 25M->16M(3925M) 26.195ms
[6.578s][info][gc,cpu         ] GC(11) User=0.03s Sys=0.00s Real=0.03s
[7.513s][info][gc,start       ] GC(12) Pause Young (System.gc())
[7.517s][info][gc,heap        ] GC(12) PSYoungGen: 377496K(1223168K)->8650K(1223168K) Eden: 377496K(1048576K)->0K(1048576K) From: 0K(174592K)->8650K(174592K)
[7.517s][info][gc,heap        ] GC(12) ParOldGen: 17193K(2796544K)->17201K(2796544K)
[7.517s][info][gc,metaspace   ] GC(12) Metaspace: 26034K(26240K)->26034K(26240K) NonClass: 23356K(23424K)->23356K(23424K) Class: 2678K(2816K)->2678K(2816K)
[7.517s][info][gc             ] GC(12) Pause Young (System.gc()) 385M->25M(3925M) 3.951ms
[7.517s][info][gc,cpu         ] GC(12) User=0.05s Sys=0.03s Real=0.01s
[7.517s][info][gc,start       ] GC(13) Pause Full (System.gc())
[7.517s][info][gc,phases,start] GC(13) Marking Phase
[7.530s][info][gc,phases      ] GC(13) Marking Phase 13.046ms
[7.530s][info][gc,phases,start] GC(13) Summary Phase
[7.530s][info][gc,phases      ] GC(13) Summary Phase 0.009ms
[7.530s][info][gc,phases,start] GC(13) Adjust Roots
[7.536s][info][gc,phases      ] GC(13) Adjust Roots 5.914ms
[7.536s][info][gc,phases,start] GC(13) Compaction Phase
[7.542s][info][gc,phases      ] GC(13) Compaction Phase 5.436ms
[7.542s][info][gc,phases,start] GC(13) Post Compact
[7.543s][info][gc,phases      ] GC(13) Post Compact 0.640ms
[7.543s][info][gc,heap        ] GC(13) PSYoungGen: 8650K(1223168K)->0K(1223168K) Eden: 0K(1048576K)->0K(1048576K) From: 8650K(174592K)->0K(174592K)
[7.543s][info][gc,heap        ] GC(13) ParOldGen: 17201K(2796544K)->17202K(2796544K)
[7.543s][info][gc,metaspace   ] GC(13) Metaspace: 26034K(26240K)->26034K(26240K) NonClass: 23356K(23424K)->23356K(23424K) Class: 2678K(2816K)->2678K(2816K)
[7.543s][info][gc             ] GC(13) Pause Full (System.gc()) 25M->16M(3925M) 25.338ms
[7.543s][info][gc,cpu         ] GC(13) User=0.02s Sys=0.00s Real=0.02s
[8.412s][info][gc,start       ] GC(14) Pause Young (System.gc())
[8.417s][info][gc,heap        ] GC(14) PSYoungGen: 377489K(1223168K)->8602K(1223168K) Eden: 377489K(1048576K)->0K(1048576K) From: 0K(174592K)->8602K(174592K)
[8.417s][info][gc,heap        ] GC(14) ParOldGen: 17202K(2796544K)->17210K(2796544K)
[8.417s][info][gc,metaspace   ] GC(14) Metaspace: 26242K(26432K)->26242K(26432K) NonClass: 23563K(23616K)->23563K(23616K) Class: 2678K(2816K)->2678K(2816K)
[8.417s][info][gc             ] GC(14) Pause Young (System.gc()) 385M->25M(3925M) 4.827ms
[8.417s][info][gc,cpu         ] GC(14) User=0.00s Sys=0.00s Real=0.01s
[8.417s][info][gc,start       ] GC(15) Pause Full (System.gc())
[8.417s][info][gc,phases,start] GC(15) Marking Phase
[8.433s][info][gc,phases      ] GC(15) Marking Phase 15.808ms
[8.433s][info][gc,phases,start] GC(15) Summary Phase
[8.433s][info][gc,phases      ] GC(15) Summary Phase 0.010ms
[8.433s][info][gc,phases,start] GC(15) Adjust Roots
[8.439s][info][gc,phases      ] GC(15) Adjust Roots 6.395ms
[8.439s][info][gc,phases,start] GC(15) Compaction Phase
[8.445s][info][gc,phases      ] GC(15) Compaction Phase 5.957ms
[8.445s][info][gc,phases,start] GC(15) Post Compact
[8.446s][info][gc,phases      ] GC(15) Post Compact 0.617ms
[8.446s][info][gc,heap        ] GC(15) PSYoungGen: 8602K(1223168K)->0K(1223168K) Eden: 0K(1048576K)->0K(1048576K) From: 8602K(174592K)->0K(174592K)
[8.446s][info][gc,heap        ] GC(15) ParOldGen: 17210K(2796544K)->17209K(2796544K)
[8.446s][info][gc,metaspace   ] GC(15) Metaspace: 26242K(26432K)->26242K(26432K) NonClass: 23563K(23616K)->23563K(23616K) Class: 2678K(2816K)->2678K(2816K)
[8.446s][info][gc             ] GC(15) Pause Full (System.gc()) 25M->16M(3925M) 29.101ms
[8.446s][info][gc,cpu         ] GC(15) User=0.05s Sys=0.00s Real=0.03s
[9.294s][info][gc,start       ] GC(16) Pause Young (System.gc())
[9.296s][info][gc,heap        ] GC(16) PSYoungGen: 377514K(1223168K)->8618K(1223168K) Eden: 377514K(1048576K)->0K(1048576K) From: 0K(174592K)->8618K(174592K)
[9.297s][info][gc,heap        ] GC(16) ParOldGen: 17209K(2796544K)->17217K(2796544K)
[9.297s][info][gc,metaspace   ] GC(16) Metaspace: 26404K(26624K)->26404K(26624K) NonClass: 23725K(23808K)->23725K(23808K) Class: 2678K(2816K)->2678K(2816K)
[9.297s][info][gc             ] GC(16) Pause Young (System.gc()) 385M->25M(3925M) 2.746ms
[9.297s][info][gc,cpu         ] GC(16) User=0.00s Sys=0.00s Real=0.01s
[9.297s][info][gc,start       ] GC(17) Pause Full (System.gc())
[9.297s][info][gc,phases,start] GC(17) Marking Phase
[9.312s][info][gc,phases      ] GC(17) Marking Phase 14.936ms
[9.312s][info][gc,phases,start] GC(17) Summary Phase
[9.312s][info][gc,phases      ] GC(17) Summary Phase 0.010ms
[9.312s][info][gc,phases,start] GC(17) Adjust Roots
[9.318s][info][gc,phases      ] GC(17) Adjust Roots 6.803ms
[9.318s][info][gc,phases,start] GC(17) Compaction Phase
[9.323s][info][gc,phases      ] GC(17) Compaction Phase 4.925ms
[9.323s][info][gc,phases,start] GC(17) Post Compact
[9.324s][info][gc,phases      ] GC(17) Post Compact 0.644ms
[9.324s][info][gc,heap        ] GC(17) PSYoungGen: 8618K(1223168K)->0K(1223168K) Eden: 0K(1048576K)->0K(1048576K) From: 8618K(174592K)->0K(174592K)
[9.324s][info][gc,heap        ] GC(17) ParOldGen: 17217K(2796544K)->17212K(2796544K)
[9.324s][info][gc,metaspace   ] GC(17) Metaspace: 26404K(26624K)->26404K(26624K) NonClass: 23725K(23808K)->23725K(23808K) Class: 2678K(2816K)->2678K(2816K)
[9.324s][info][gc             ] GC(17) Pause Full (System.gc()) 25M->16M(3925M) 27.611ms
[9.324s][info][gc,cpu         ] GC(17) User=0.11s Sys=0.00s Real=0.03s
[10.126s][info][gc,start       ] GC(18) Pause Young (System.gc())
[10.129s][info][gc,heap        ] GC(18) PSYoungGen: 377488K(1223168K)->8570K(1223168K) Eden: 377488K(1048576K)->0K(1048576K) From: 0K(174592K)->8570K(174592K)
[10.129s][info][gc,heap        ] GC(18) ParOldGen: 17212K(2796544K)->17220K(2796544K)
[10.129s][info][gc,metaspace   ] GC(18) Metaspace: 26488K(26752K)->26488K(26752K) NonClass: 23807K(23936K)->23807K(23936K) Class: 2680K(2816K)->2680K(2816K)
[10.129s][info][gc             ] GC(18) Pause Young (System.gc()) 385M->25M(3925M) 3.941ms
[10.129s][info][gc,cpu         ] GC(18) User=0.08s Sys=0.02s Real=0.02s
[10.130s][info][gc,start       ] GC(19) Pause Full (System.gc())
[10.130s][info][gc,phases,start] GC(19) Marking Phase
[10.149s][info][gc,phases      ] GC(19) Marking Phase 19.763ms
[10.149s][info][gc,phases,start] GC(19) Summary Phase
[10.149s][info][gc,phases      ] GC(19) Summary Phase 0.011ms
[10.149s][info][gc,phases,start] GC(19) Adjust Roots
[10.157s][info][gc,phases      ] GC(19) Adjust Roots 7.103ms
[10.157s][info][gc,phases,start] GC(19) Compaction Phase
[10.162s][info][gc,phases      ] GC(19) Compaction Phase 5.483ms
[10.162s][info][gc,phases,start] GC(19) Post Compact
[10.163s][info][gc,phases      ] GC(19) Post Compact 0.570ms
[10.163s][info][gc,heap        ] GC(19) PSYoungGen: 8570K(1223168K)->0K(1223168K) Eden: 0K(1048576K)->0K(1048576K) From: 8570K(174592K)->0K(174592K)
[10.163s][info][gc,heap        ] GC(19) ParOldGen: 17220K(2796544K)->17219K(2796544K)
[10.163s][info][gc,metaspace   ] GC(19) Metaspace: 26488K(26752K)->26488K(26752K) NonClass: 23807K(23936K)->23807K(23936K) Class: 2680K(2816K)->2680K(2816K)
[10.163s][info][gc             ] GC(19) Pause Full (System.gc()) 25M->16M(3925M) 33.236ms
[10.163s][info][gc,cpu         ] GC(19) User=0.03s Sys=0.00s Real=0.03s
[10.964s][info][gc,start       ] GC(20) Pause Young (System.gc())
[10.967s][info][gc,heap        ] GC(20) PSYoungGen: 398542K(1223168K)->8616K(1223168K) Eden: 398542K(1048576K)->0K(1048576K) From: 0K(174592K)->8616K(174592K)
[10.967s][info][gc,heap        ] GC(20) ParOldGen: 17219K(2796544K)->17227K(2796544K)
[10.967s][info][gc,metaspace   ] GC(20) Metaspace: 26550K(26752K)->26550K(26752K) NonClass: 23870K(23936K)->23870K(23936K) Class: 2680K(2816K)->2680K(2816K)
[10.967s][info][gc             ] GC(20) Pause Young (System.gc()) 406M->25M(3925M) 3.064ms
[10.967s][info][gc,cpu         ] GC(20) User=0.00s Sys=0.00s Real=0.02s
[10.967s][info][gc,start       ] GC(21) Pause Full (System.gc())
[10.967s][info][gc,phases,start] GC(21) Marking Phase
[10.981s][info][gc,phases      ] GC(21) Marking Phase 14.060ms
[10.981s][info][gc,phases,start] GC(21) Summary Phase
[10.981s][info][gc,phases      ] GC(21) Summary Phase 0.010ms
[10.981s][info][gc,phases,start] GC(21) Adjust Roots
[10.988s][info][gc,phases      ] GC(21) Adjust Roots 6.913ms
[10.988s][info][gc,phases,start] GC(21) Compaction Phase
[10.994s][info][gc,phases      ] GC(21) Compaction Phase 5.131ms
[10.994s][info][gc,phases,start] GC(21) Post Compact
[10.994s][info][gc,phases      ] GC(21) Post Compact 0.649ms
[10.994s][info][gc,heap        ] GC(21) PSYoungGen: 8616K(1223168K)->0K(1223168K) Eden: 0K(1048576K)->0K(1048576K) From: 8616K(174592K)->0K(174592K)
[10.994s][info][gc,heap        ] GC(21) ParOldGen: 17227K(2796544K)->17224K(2796544K)
[10.994s][info][gc,metaspace   ] GC(21) Metaspace: 26550K(26752K)->26550K(26752K) NonClass: 23870K(23936K)->23870K(23936K) Class: 2680K(2816K)->2680K(2816K)
[10.994s][info][gc             ] GC(21) Pause Full (System.gc()) 25M->16M(3925M) 27.040ms
[10.994s][info][gc,cpu         ] GC(21) User=0.11s Sys=0.00s Real=0.03s
[11.888s][info][gc,heap,exit   ] Heap
[11.888s][info][gc,heap,exit   ]  PSYoungGen      total 1223168K, used 409110K [0x00000007aab00000, 0x0000000800000000, 0x0000000800000000)
[11.888s][info][gc,heap,exit   ]   eden space 1048576K, 39% used [0x00000007aab00000,0x00000007c3a85ad8,0x00000007eab00000)
[11.888s][info][gc,heap,exit   ]   from space 174592K, 0% used [0x00000007eab00000,0x00000007eab00000,0x00000007f5580000)
[11.888s][info][gc,heap,exit   ]   to   space 174592K, 0% used [0x00000007f5580000,0x00000007f5580000,0x0000000800000000)
[11.888s][info][gc,heap,exit   ]  ParOldGen       total 2796544K, used 17224K [0x0000000700000000, 0x00000007aab00000, 0x00000007aab00000)
[11.888s][info][gc,heap,exit   ]   object space 2796544K, 0% used [0x0000000700000000,0x00000007010d2398,0x00000007aab00000)
[11.888s][info][gc,heap,exit   ]  Metaspace       used 26920K, committed 27200K, reserved 1114112K
[11.888s][info][gc,heap,exit   ]   class space    used 2684K, committed 2816K, reserved 1048576K
