[0.008s][info][gc,heap] Heap region size: 1M
[0.039s][info][gc     ] Using G1
[0.039s][info][gc,heap,coops] Heap address: 0x0000000080000000, size: 2048 MB, Compressed Oops mode: 32-bit
[1.196s][info][gc,task      ] GC(0) Using 6 workers of 6 for full compaction
[1.196s][info][gc,start     ] GC(0) Pause Full (System.gc())
[1.196s][info][gc,phases,start] GC(0) Phase 1: Mark live objects
[1.198s][info][gc,stringtable ] GC(0) Cleaned string and symbol table, strings: 5494 processed, 11 removed, symbols: 52590 processed, 5 removed
[1.198s][info][gc,phases      ] GC(0) Phase 1: Mark live objects 2.421ms
[1.198s][info][gc,phases,start] GC(0) Phase 2: Prepare for compaction
[1.200s][info][gc,phases      ] GC(0) Phase 2: Prepare for compaction 2.004ms
[1.200s][info][gc,phases,start] GC(0) Phase 3: Adjust pointers
[1.202s][info][gc,phases      ] GC(0) Phase 3: Adjust pointers 1.078ms
[1.202s][info][gc,phases,start] GC(0) Phase 4: Compact heap
[1.203s][info][gc,phases      ] GC(0) Phase 4: Compact heap 1.236ms
[1.204s][info][gc,heap        ] GC(0) Eden regions: 25->0(102)
[1.204s][info][gc,heap        ] GC(0) Survivor regions: 0->0(0)
[1.204s][info][gc,heap        ] GC(0) Old regions: 0->6
[1.204s][info][gc,heap        ] GC(0) Humongous regions: 0->0
[1.204s][info][gc,metaspace   ] GC(0) Metaspace: 17120K(17536K)->17120K(17536K) NonClass: 15155K(15360K)->15155K(15360K) Class: 1964K(2176K)->1964K(2176K)
[1.204s][info][gc             ] GC(0) Pause Full (System.gc()) 25M->3M(2048M) 8.605ms
[1.204s][info][gc,cpu         ] GC(0) User=0.00s Sys=0.00s Real=0.00s
[2.201s][info][gc,start       ] GC(1) Pause Young (Normal) (G1 Evacuation Pause)
[2.201s][info][gc,task        ] GC(1) Using 6 workers of 6 for evacuation
[2.231s][info][gc,phases      ] GC(1)   Pre Evacuate Collection Set: 0.1ms
[2.231s][info][gc,phases      ] GC(1)   Evacuate Collection Set: 28.9ms
[2.231s][info][gc,phases      ] GC(1)   Post Evacuate Collection Set: 0.4ms
[2.231s][info][gc,phases      ] GC(1)   Other: 0.3ms
[2.231s][info][gc,heap        ] GC(1) Eden regions: 102->0(89)
[2.231s][info][gc,heap        ] GC(1) Survivor regions: 0->13(13)
[2.231s][info][gc,heap        ] GC(1) Old regions: 6->22
[2.231s][info][gc,heap        ] GC(1) Humongous regions: 9->8
[2.231s][info][gc,metaspace   ] GC(1) Metaspace: 23632K(24192K)->23632K(24192K) NonClass: 20680K(20992K)->20680K(20992K) Class: 2952K(3200K)->2952K(3200K)
[2.231s][info][gc             ] GC(1) Pause Young (Normal) (G1 Evacuation Pause) 114M->39M(2048M) 29.817ms
[2.231s][info][gc,cpu         ] GC(1) User=0.19s Sys=0.02s Real=0.03s
[2.412s][info][gc,start       ] GC(2) Pause Young (Normal) (G1 Evacuation Pause)
[2.412s][info][gc,task        ] GC(2) Using 6 workers of 6 for evacuation
[2.452s][info][gc,phases      ] GC(2)   Pre Evacuate Collection Set: 0.0ms
[2.452s][info][gc,phases      ] GC(2)   Evacuate Collection Set: 38.9ms
[2.452s][info][gc,phases      ] GC(2)   Post Evacuate Collection Set: 0.7ms
[2.452s][info][gc,phases      ] GC(2)   Other: 0.2ms
[2.452s][info][gc,heap        ] GC(2) Eden regions: 89->0(89)
[2.452s][info][gc,heap        ] GC(2) Survivor regions: 13->13(13)
[2.452s][info][gc,heap        ] GC(2) Old regions: 22->54
[2.452s][info][gc,heap        ] GC(2) Humongous regions: 20->16
[2.452s][info][gc,metaspace   ] GC(2) Metaspace: 23637K(24192K)->23637K(24192K) NonClass: 20685K(20992K)->20685K(20992K) Class: 2952K(3200K)->2952K(3200K)
[2.452s][info][gc             ] GC(2) Pause Young (Normal) (G1 Evacuation Pause) 140M->79M(2048M) 39.877ms
[2.452s][info][gc,cpu         ] GC(2) User=0.05s Sys=0.00s Real=0.05s
[2.596s][info][gc,start       ] GC(3) Pause Young (Normal) (G1 Evacuation Pause)
[2.596s][info][gc,task        ] GC(3) Using 6 workers of 6 for evacuation
[2.634s][info][gc,phases      ] GC(3)   Pre Evacuate Collection Set: 0.1ms
[2.634s][info][gc,phases      ] GC(3)   Evacuate Collection Set: 37.6ms
[2.634s][info][gc,phases      ] GC(3)   Post Evacuate Collection Set: 0.4ms
[2.634s][info][gc,phases      ] GC(3)   Other: 0.2ms
[2.634s][info][gc,heap        ] GC(3) Eden regions: 89->0(89)
[2.634s][info][gc,heap        ] GC(3) Survivor regions: 13->13(13)
[2.634s][info][gc,heap        ] GC(3) Old regions: 54->86
[2.634s][info][gc,heap        ] GC(3) Humongous regions: 36->29
[2.634s][info][gc,metaspace   ] GC(3) Metaspace: 23637K(24192K)->23637K(24192K) NonClass: 20685K(20992K)->20685K(20992K) Class: 2952K(3200K)->2952K(3200K)
[2.634s][info][gc             ] GC(3) Pause Young (Normal) (G1 Evacuation Pause) 188M->125M(2048M) 38.463ms
[2.634s][info][gc,cpu         ] GC(3) User=0.16s Sys=0.00s Real=0.03s
[2.759s][info][gc,start       ] GC(4) Pause Young (Normal) (G1 Evacuation Pause)
[2.759s][info][gc,task        ] GC(4) Using 6 workers of 6 for evacuation
[2.793s][info][gc,phases      ] GC(4)   Pre Evacuate Collection Set: 0.0ms
[2.793s][info][gc,phases      ] GC(4)   Evacuate Collection Set: 33.5ms
[2.793s][info][gc,phases      ] GC(4)   Post Evacuate Collection Set: 0.4ms
[2.793s][info][gc,phases      ] GC(4)   Other: 0.2ms
[2.793s][info][gc,heap        ] GC(4) Eden regions: 89->0(89)
[2.793s][info][gc,heap        ] GC(4) Survivor regions: 13->13(13)
[2.793s][info][gc,heap        ] GC(4) Old regions: 86->119
[2.793s][info][gc,heap        ] GC(4) Humongous regions: 29->29
[2.793s][info][gc,metaspace   ] GC(4) Metaspace: 23642K(24192K)->23642K(24192K) NonClass: 20689K(20992K)->20689K(20992K) Class: 2952K(3200K)->2952K(3200K)
[2.793s][info][gc             ] GC(4) Pause Young (Normal) (G1 Evacuation Pause) 214M->158M(2048M) 34.213ms
[2.793s][info][gc,cpu         ] GC(4) User=0.19s Sys=0.00s Real=0.04s
[2.912s][info][gc,start       ] GC(5) Pause Young (Normal) (G1 Evacuation Pause)
[2.912s][info][gc,task        ] GC(5) Using 6 workers of 6 for evacuation
[2.946s][info][gc,phases      ] GC(5)   Pre Evacuate Collection Set: 0.1ms
[2.946s][info][gc,phases      ] GC(5)   Evacuate Collection Set: 32.9ms
[2.946s][info][gc,phases      ] GC(5)   Post Evacuate Collection Set: 0.5ms
[2.946s][info][gc,phases      ] GC(5)   Other: 0.3ms
[2.946s][info][gc,heap        ] GC(5) Eden regions: 89->0(89)
[2.946s][info][gc,heap        ] GC(5) Survivor regions: 13->13(13)
[2.946s][info][gc,heap        ] GC(5) Old regions: 119->150
[2.946s][info][gc,heap        ] GC(5) Humongous regions: 29->29
[2.946s][info][gc,metaspace   ] GC(5) Metaspace: 23642K(24192K)->23642K(24192K) NonClass: 20690K(20992K)->20690K(20992K) Class: 2952K(3200K)->2952K(3200K)
[2.946s][info][gc             ] GC(5) Pause Young (Normal) (G1 Evacuation Pause) 247M->189M(2048M) 33.755ms
[2.946s][info][gc,cpu         ] GC(5) User=0.14s Sys=0.02s Real=0.03s
[3.412s][info][gc,start       ] GC(6) Pause Young (Normal) (G1 Evacuation Pause)
[3.412s][info][gc,task        ] GC(6) Using 6 workers of 6 for evacuation
[3.441s][info][gc,phases      ] GC(6)   Pre Evacuate Collection Set: 0.1ms
[3.441s][info][gc,phases      ] GC(6)   Evacuate Collection Set: 28.8ms
[3.441s][info][gc,phases      ] GC(6)   Post Evacuate Collection Set: 0.5ms
[3.441s][info][gc,phases      ] GC(6)   Other: 0.2ms
[3.441s][info][gc,heap        ] GC(6) Eden regions: 89->0(89)
[3.441s][info][gc,heap        ] GC(6) Survivor regions: 13->13(13)
[3.441s][info][gc,heap        ] GC(6) Old regions: 150->175
[3.441s][info][gc,heap        ] GC(6) Humongous regions: 69->35
[3.441s][info][gc,metaspace   ] GC(6) Metaspace: 24532K(25088K)->24532K(25088K) NonClass: 21471K(21760K)->21471K(21760K) Class: 3061K(3328K)->3061K(3328K)
[3.441s][info][gc             ] GC(6) Pause Young (Normal) (G1 Evacuation Pause) 318M->220M(2048M) 29.660ms
[3.441s][info][gc,cpu         ] GC(6) User=0.06s Sys=0.00s Real=0.03s
[3.507s][info][gc,start       ] GC(7) Pause Young (Normal) (G1 Evacuation Pause)
[3.507s][info][gc,task        ] GC(7) Using 6 workers of 6 for evacuation
[3.515s][info][gc,phases      ] GC(7)   Pre Evacuate Collection Set: 0.0ms
[3.515s][info][gc,phases      ] GC(7)   Evacuate Collection Set: 7.7ms
[3.515s][info][gc,phases      ] GC(7)   Post Evacuate Collection Set: 0.3ms
[3.515s][info][gc,phases      ] GC(7)   Other: 0.2ms
[3.515s][info][gc,heap        ] GC(7) Eden regions: 89->0(100)
[3.515s][info][gc,heap        ] GC(7) Survivor regions: 13->2(13)
[3.515s][info][gc,heap        ] GC(7) Old regions: 175->189
[3.515s][info][gc,heap        ] GC(7) Humongous regions: 87->69
[3.515s][info][gc,metaspace   ] GC(7) Metaspace: 24532K(25088K)->24532K(25088K) NonClass: 21471K(21760K)->21471K(21760K) Class: 3061K(3328K)->3061K(3328K)
[3.515s][info][gc             ] GC(7) Pause Young (Normal) (G1 Evacuation Pause) 361M->257M(2048M) 8.384ms
[3.515s][info][gc,cpu         ] GC(7) User=0.00s Sys=0.00s Real=0.00s
[3.586s][info][gc,start       ] GC(8) Pause Young (Normal) (G1 Evacuation Pause)
[3.586s][info][gc,task        ] GC(8) Using 6 workers of 6 for evacuation
[3.587s][info][gc,phases      ] GC(8)   Pre Evacuate Collection Set: 0.1ms
[3.587s][info][gc,phases      ] GC(8)   Evacuate Collection Set: 0.6ms
[3.587s][info][gc,phases      ] GC(8)   Post Evacuate Collection Set: 0.2ms
[3.587s][info][gc,phases      ] GC(8)   Other: 0.1ms
[3.587s][info][gc,heap        ] GC(8) Eden regions: 100->0(101)
[3.587s][info][gc,heap        ] GC(8) Survivor regions: 2->1(13)
[3.587s][info][gc,heap        ] GC(8) Old regions: 189->189
[3.587s][info][gc,heap        ] GC(8) Humongous regions: 117->99
[3.587s][info][gc,metaspace   ] GC(8) Metaspace: 24532K(25088K)->24532K(25088K) NonClass: 21471K(21760K)->21471K(21760K) Class: 3061K(3328K)->3061K(3328K)
[3.587s][info][gc             ] GC(8) Pause Young (Normal) (G1 Evacuation Pause) 405M->285M(2048M) 1.025ms
[3.587s][info][gc,cpu         ] GC(8) User=0.00s Sys=0.00s Real=0.00s
[3.648s][info][gc,start       ] GC(9) Pause Young (Normal) (G1 Evacuation Pause)
[3.648s][info][gc,task        ] GC(9) Using 6 workers of 6 for evacuation
[3.649s][info][gc,phases      ] GC(9)   Pre Evacuate Collection Set: 0.0ms
[3.649s][info][gc,phases      ] GC(9)   Evacuate Collection Set: 0.7ms
[3.649s][info][gc,phases      ] GC(9)   Post Evacuate Collection Set: 0.2ms
[3.649s][info][gc,phases      ] GC(9)   Other: 0.1ms
[3.649s][info][gc,heap        ] GC(9) Eden regions: 101->0(101)
[3.649s][info][gc,heap        ] GC(9) Survivor regions: 1->1(13)
[3.649s][info][gc,heap        ] GC(9) Old regions: 189->189
[3.649s][info][gc,heap        ] GC(9) Humongous regions: 99->99
[3.649s][info][gc,metaspace   ] GC(9) Metaspace: 24532K(25088K)->24532K(25088K) NonClass: 21471K(21760K)->21471K(21760K) Class: 3061K(3328K)->3061K(3328K)
[3.649s][info][gc             ] GC(9) Pause Young (Normal) (G1 Evacuation Pause) 386M->285M(2048M) 1.086ms
[3.649s][info][gc,cpu         ] GC(9) User=0.00s Sys=0.00s Real=0.00s
[3.672s][info][gc,task        ] GC(10) Using 6 workers of 6 for full compaction
[3.672s][info][gc,start       ] GC(10) Pause Full (System.gc())
[3.672s][info][gc,phases,start] GC(10) Phase 1: Mark live objects
[3.676s][info][gc,stringtable ] GC(10) Cleaned string and symbol table, strings: 6978 processed, 6 removed, symbols: 64552 processed, 12 removed
[3.676s][info][gc,phases      ] GC(10) Phase 1: Mark live objects 3.728ms
[3.676s][info][gc,phases,start] GC(10) Phase 2: Prepare for compaction
[3.677s][info][gc,phases      ] GC(10) Phase 2: Prepare for compaction 1.243ms
[3.677s][info][gc,phases,start] GC(10) Phase 3: Adjust pointers
[3.679s][info][gc,phases      ] GC(10) Phase 3: Adjust pointers 2.222ms
[3.679s][info][gc,phases,start] GC(10) Phase 4: Compact heap
[3.680s][info][gc,phases      ] GC(10) Phase 4: Compact heap 0.928ms
[3.682s][info][gc,heap        ] GC(10) Eden regions: 8->0(102)
[3.683s][info][gc,heap        ] GC(10) Survivor regions: 1->0(13)
[3.683s][info][gc,heap        ] GC(10) Old regions: 189->8
[3.683s][info][gc,heap        ] GC(10) Humongous regions: 99->0
[3.683s][info][gc,metaspace   ] GC(10) Metaspace: 24572K(25344K)->24525K(25344K) NonClass: 21508K(22016K)->21477K(22016K) Class: 3063K(3328K)->3047K(3328K)
[3.683s][info][gc             ] GC(10) Pause Full (System.gc()) 293M->5M(2048M) 10.501ms
[3.683s][info][gc,cpu         ] GC(10) User=0.02s Sys=0.00s Real=0.01s
[3.830s][info][gc,start       ] GC(11) Pause Young (Normal) (G1 Evacuation Pause)
[3.831s][info][gc,task        ] GC(11) Using 6 workers of 6 for evacuation
[3.855s][info][gc,phases      ] GC(11)   Pre Evacuate Collection Set: 0.0ms
[3.855s][info][gc,phases      ] GC(11)   Evacuate Collection Set: 24.3ms
[3.855s][info][gc,phases      ] GC(11)   Post Evacuate Collection Set: 0.4ms
[3.855s][info][gc,phases      ] GC(11)   Other: 0.2ms
[3.855s][info][gc,heap        ] GC(11) Eden regions: 102->0(89)
[3.856s][info][gc,heap        ] GC(11) Survivor regions: 0->13(13)
[3.856s][info][gc,heap        ] GC(11) Old regions: 8->32
[3.856s][info][gc,heap        ] GC(11) Humongous regions: 9->8
[3.856s][info][gc,metaspace   ] GC(11) Metaspace: 24525K(25344K)->24525K(25344K) NonClass: 21477K(22016K)->21477K(22016K) Class: 3047K(3328K)->3047K(3328K)
[3.856s][info][gc             ] GC(11) Pause Young (Normal) (G1 Evacuation Pause) 116M->49M(2048M) 25.072ms
[3.856s][info][gc,cpu         ] GC(11) User=0.06s Sys=0.00s Real=0.03s
[3.974s][info][gc,start       ] GC(12) Pause Young (Normal) (G1 Evacuation Pause)
[3.974s][info][gc,task        ] GC(12) Using 6 workers of 6 for evacuation
[4.006s][info][gc,phases      ] GC(12)   Pre Evacuate Collection Set: 0.1ms
[4.006s][info][gc,phases      ] GC(12)   Evacuate Collection Set: 30.8ms
[4.006s][info][gc,phases      ] GC(12)   Post Evacuate Collection Set: 0.5ms
[4.006s][info][gc,phases      ] GC(12)   Other: 0.3ms
[4.006s][info][gc,heap        ] GC(12) Eden regions: 89->0(89)
[4.006s][info][gc,heap        ] GC(12) Survivor regions: 13->13(13)
[4.006s][info][gc,heap        ] GC(12) Old regions: 32->65
[4.006s][info][gc,heap        ] GC(12) Humongous regions: 20->16
[4.006s][info][gc,metaspace   ] GC(12) Metaspace: 24525K(25344K)->24525K(25344K) NonClass: 21477K(22016K)->21477K(22016K) Class: 3047K(3328K)->3047K(3328K)
[4.006s][info][gc             ] GC(12) Pause Young (Normal) (G1 Evacuation Pause) 150M->91M(2048M) 31.678ms
[4.006s][info][gc,cpu         ] GC(12) User=0.09s Sys=0.00s Real=0.03s
[4.134s][info][gc,start       ] GC(13) Pause Young (Normal) (G1 Evacuation Pause)
[4.134s][info][gc,task        ] GC(13) Using 6 workers of 6 for evacuation
[4.167s][info][gc,phases      ] GC(13)   Pre Evacuate Collection Set: 0.1ms
[4.167s][info][gc,phases      ] GC(13)   Evacuate Collection Set: 32.5ms
[4.167s][info][gc,phases      ] GC(13)   Post Evacuate Collection Set: 0.5ms
[4.167s][info][gc,phases      ] GC(13)   Other: 0.2ms
[4.167s][info][gc,heap        ] GC(13) Eden regions: 89->0(89)
[4.167s][info][gc,heap        ] GC(13) Survivor regions: 13->13(13)
[4.167s][info][gc,heap        ] GC(13) Old regions: 65->97
[4.167s][info][gc,heap        ] GC(13) Humongous regions: 36->29
[4.167s][info][gc,metaspace   ] GC(13) Metaspace: 24525K(25344K)->24525K(25344K) NonClass: 21477K(22016K)->21477K(22016K) Class: 3047K(3328K)->3047K(3328K)
[4.167s][info][gc             ] GC(13) Pause Young (Normal) (G1 Evacuation Pause) 200M->136M(2048M) 33.334ms
[4.167s][info][gc,cpu         ] GC(13) User=0.16s Sys=0.00s Real=0.03s
[4.286s][info][gc,start       ] GC(14) Pause Young (Normal) (G1 Evacuation Pause)
[4.286s][info][gc,task        ] GC(14) Using 6 workers of 6 for evacuation
[4.318s][info][gc,phases      ] GC(14)   Pre Evacuate Collection Set: 0.1ms
[4.318s][info][gc,phases      ] GC(14)   Evacuate Collection Set: 31.9ms
[4.318s][info][gc,phases      ] GC(14)   Post Evacuate Collection Set: 0.5ms
[4.318s][info][gc,phases      ] GC(14)   Other: 0.3ms
[4.318s][info][gc,heap        ] GC(14) Eden regions: 89->0(93)
[4.318s][info][gc,heap        ] GC(14) Survivor regions: 13->13(13)
[4.318s][info][gc,heap        ] GC(14) Old regions: 97->130
[4.318s][info][gc,heap        ] GC(14) Humongous regions: 29->29
[4.318s][info][gc,metaspace   ] GC(14) Metaspace: 24525K(25344K)->24525K(25344K) NonClass: 21477K(22016K)->21477K(22016K) Class: 3047K(3328K)->3047K(3328K)
[4.318s][info][gc             ] GC(14) Pause Young (Normal) (G1 Evacuation Pause) 225M->168M(2048M) 32.849ms
[4.318s][info][gc,cpu         ] GC(14) User=0.16s Sys=0.00s Real=0.03s
[4.468s][info][gc,start       ] GC(15) Pause Young (Normal) (G1 Evacuation Pause)
[4.468s][info][gc,task        ] GC(15) Using 6 workers of 6 for evacuation
[4.506s][info][gc,phases      ] GC(15)   Pre Evacuate Collection Set: 0.1ms
[4.506s][info][gc,phases      ] GC(15)   Evacuate Collection Set: 36.4ms
[4.506s][info][gc,phases      ] GC(15)   Post Evacuate Collection Set: 0.6ms
[4.506s][info][gc,phases      ] GC(15)   Other: 0.3ms
[4.506s][info][gc,heap        ] GC(15) Eden regions: 93->0(96)
[4.506s][info][gc,heap        ] GC(15) Survivor regions: 13->14(14)
[4.506s][info][gc,heap        ] GC(15) Old regions: 130->162
[4.506s][info][gc,heap        ] GC(15) Humongous regions: 65->53
[4.506s][info][gc,metaspace   ] GC(15) Metaspace: 24525K(25344K)->24525K(25344K) NonClass: 21477K(22016K)->21477K(22016K) Class: 3047K(3328K)->3047K(3328K)
[4.506s][info][gc             ] GC(15) Pause Young (Normal) (G1 Evacuation Pause) 297M->225M(2048M) 37.324ms
[4.506s][info][gc,cpu         ] GC(15) User=0.23s Sys=0.00s Real=0.04s
[4.705s][info][gc,start       ] GC(16) Pause Young (Normal) (G1 Evacuation Pause)
[4.705s][info][gc,task        ] GC(16) Using 6 workers of 6 for evacuation
[4.730s][info][gc,phases      ] GC(16)   Pre Evacuate Collection Set: 0.1ms
[4.730s][info][gc,phases      ] GC(16)   Evacuate Collection Set: 24.2ms
[4.730s][info][gc,phases      ] GC(16)   Post Evacuate Collection Set: 0.4ms
[4.730s][info][gc,phases      ] GC(16)   Other: 0.2ms
[4.730s][info][gc,heap        ] GC(16) Eden regions: 96->0(113)
[4.730s][info][gc,heap        ] GC(16) Survivor regions: 14->13(14)
[4.730s][info][gc,heap        ] GC(16) Old regions: 162->177
[4.730s][info][gc,heap        ] GC(16) Humongous regions: 84->53
[4.730s][info][gc,metaspace   ] GC(16) Metaspace: 24551K(25344K)->24551K(25344K) NonClass: 21503K(22016K)->21503K(22016K) Class: 3047K(3328K)->3047K(3328K)
[4.730s][info][gc             ] GC(16) Pause Young (Normal) (G1 Evacuation Pause) 352M->239M(2048M) 24.974ms
[4.730s][info][gc,cpu         ] GC(16) User=0.05s Sys=0.00s Real=0.03s
[4.832s][info][gc,start       ] GC(17) Pause Young (Normal) (G1 Evacuation Pause)
[4.832s][info][gc,task        ] GC(17) Using 6 workers of 6 for evacuation
[4.838s][info][gc,phases      ] GC(17)   Pre Evacuate Collection Set: 0.0ms
[4.838s][info][gc,phases      ] GC(17)   Evacuate Collection Set: 5.6ms
[4.838s][info][gc,phases      ] GC(17)   Post Evacuate Collection Set: 0.3ms
[4.838s][info][gc,phases      ] GC(17)   Other: 0.2ms
[4.838s][info][gc,heap        ] GC(17) Eden regions: 113->0(1226)
[4.838s][info][gc,heap        ] GC(17) Survivor regions: 13->2(16)
[4.838s][info][gc,heap        ] GC(17) Old regions: 177->189
[4.838s][info][gc,heap        ] GC(17) Humongous regions: 102->84
[4.838s][info][gc,metaspace   ] GC(17) Metaspace: 24551K(25344K)->24551K(25344K) NonClass: 21503K(22016K)->21503K(22016K) Class: 3047K(3328K)->3047K(3328K)
[4.838s][info][gc             ] GC(17) Pause Young (Normal) (G1 Evacuation Pause) 401M->271M(2048M) 6.272ms
[4.838s][info][gc,cpu         ] GC(17) User=0.02s Sys=0.00s Real=0.02s
[4.987s][info][gc,task        ] GC(18) Using 6 workers of 6 for full compaction
[4.987s][info][gc,start       ] GC(18) Pause Full (System.gc())
[4.987s][info][gc,phases,start] GC(18) Phase 1: Mark live objects
[4.990s][info][gc,stringtable ] GC(18) Cleaned string and symbol table, strings: 6990 processed, 0 removed, symbols: 64540 processed, 8 removed
[4.990s][info][gc,phases      ] GC(18) Phase 1: Mark live objects 2.469ms
[4.990s][info][gc,phases,start] GC(18) Phase 2: Prepare for compaction
[4.991s][info][gc,phases      ] GC(18) Phase 2: Prepare for compaction 1.252ms
[4.991s][info][gc,phases,start] GC(18) Phase 3: Adjust pointers
[4.993s][info][gc,phases      ] GC(18) Phase 3: Adjust pointers 2.221ms
[4.993s][info][gc,phases,start] GC(18) Phase 4: Compact heap
[4.994s][info][gc,phases      ] GC(18) Phase 4: Compact heap 0.705ms
[4.996s][info][gc,heap        ] GC(18) Eden regions: 142->0(1228)
[4.996s][info][gc,heap        ] GC(18) Survivor regions: 2->0(16)
[4.996s][info][gc,heap        ] GC(18) Old regions: 189->7
[4.996s][info][gc,heap        ] GC(18) Humongous regions: 108->0
[4.996s][info][gc,metaspace   ] GC(18) Metaspace: 24573K(25344K)->24573K(25344K) NonClass: 21526K(22016K)->21526K(22016K) Class: 3047K(3328K)->3047K(3328K)
[4.996s][info][gc             ] GC(18) Pause Full (System.gc()) 437M->5M(2048M) 8.916ms
[4.996s][info][gc,cpu         ] GC(18) User=0.00s Sys=0.00s Real=0.02s
[6.206s][info][gc,task        ] GC(19) Using 6 workers of 6 for full compaction
[6.206s][info][gc,start       ] GC(19) Pause Full (System.gc())
[6.206s][info][gc,phases,start] GC(19) Phase 1: Mark live objects
[6.208s][info][gc,stringtable ] GC(19) Cleaned string and symbol table, strings: 7074 processed, 0 removed, symbols: 64624 processed, 0 removed
[6.208s][info][gc,phases      ] GC(19) Phase 1: Mark live objects 2.517ms
[6.208s][info][gc,phases,start] GC(19) Phase 2: Prepare for compaction
[6.210s][info][gc,phases      ] GC(19) Phase 2: Prepare for compaction 1.941ms
[6.210s][info][gc,phases,start] GC(19) Phase 3: Adjust pointers
[6.212s][info][gc,phases      ] GC(19) Phase 3: Adjust pointers 2.079ms
[6.212s][info][gc,phases,start] GC(19) Phase 4: Compact heap
[6.214s][info][gc,phases      ] GC(19) Phase 4: Compact heap 1.567ms
[6.217s][info][gc,heap        ] GC(19) Eden regions: 807->0(1228)
[6.217s][info][gc,heap        ] GC(19) Survivor regions: 0->0(16)
[6.217s][info][gc,heap        ] GC(19) Old regions: 7->7
[6.217s][info][gc,heap        ] GC(19) Humongous regions: 181->0
[6.217s][info][gc,metaspace   ] GC(19) Metaspace: 24783K(25728K)->24783K(25728K) NonClass: 21711K(22272K)->21711K(22272K) Class: 3072K(3456K)->3072K(3456K)
[6.217s][info][gc             ] GC(19) Pause Full (System.gc()) 992M->5M(2048M) 11.071ms
[6.217s][info][gc,cpu         ] GC(19) User=0.00s Sys=0.00s Real=0.00s
[7.289s][info][gc,task        ] GC(20) Using 6 workers of 6 for full compaction
[7.289s][info][gc,start       ] GC(20) Pause Full (System.gc())
[7.289s][info][gc,phases,start] GC(20) Phase 1: Mark live objects
[7.292s][info][gc,stringtable ] GC(20) Cleaned string and symbol table, strings: 7082 processed, 0 removed, symbols: 64624 processed, 0 removed
[7.292s][info][gc,phases      ] GC(20) Phase 1: Mark live objects 2.591ms
[7.292s][info][gc,phases,start] GC(20) Phase 2: Prepare for compaction
[7.294s][info][gc,phases      ] GC(20) Phase 2: Prepare for compaction 1.890ms
[7.294s][info][gc,phases,start] GC(20) Phase 3: Adjust pointers
[7.296s][info][gc,phases      ] GC(20) Phase 3: Adjust pointers 2.162ms
[7.296s][info][gc,phases,start] GC(20) Phase 4: Compact heap
[7.298s][info][gc,phases      ] GC(20) Phase 4: Compact heap 1.647ms
[7.300s][info][gc,heap        ] GC(20) Eden regions: 806->0(1228)
[7.300s][info][gc,heap        ] GC(20) Survivor regions: 0->0(16)
[7.300s][info][gc,heap        ] GC(20) Old regions: 7->7
[7.300s][info][gc,heap        ] GC(20) Humongous regions: 181->0
[7.300s][info][gc,metaspace   ] GC(20) Metaspace: 24800K(25728K)->24800K(25728K) NonClass: 21728K(22272K)->21728K(22272K) Class: 3072K(3456K)->3072K(3456K)
[7.300s][info][gc             ] GC(20) Pause Full (System.gc()) 991M->5M(2048M) 11.044ms
[7.300s][info][gc,cpu         ] GC(20) User=0.00s Sys=0.00s Real=0.01s
[8.372s][info][gc,task        ] GC(21) Using 6 workers of 6 for full compaction
[8.372s][info][gc,start       ] GC(21) Pause Full (System.gc())
[8.372s][info][gc,phases,start] GC(21) Phase 1: Mark live objects
[8.375s][info][gc,stringtable ] GC(21) Cleaned string and symbol table, strings: 7116 processed, 0 removed, symbols: 64624 processed, 0 removed
[8.375s][info][gc,phases      ] GC(21) Phase 1: Mark live objects 2.812ms
[8.375s][info][gc,phases,start] GC(21) Phase 2: Prepare for compaction
[8.377s][info][gc,phases      ] GC(21) Phase 2: Prepare for compaction 1.895ms
[8.377s][info][gc,phases,start] GC(21) Phase 3: Adjust pointers
[8.379s][info][gc,phases      ] GC(21) Phase 3: Adjust pointers 2.687ms
[8.379s][info][gc,phases,start] GC(21) Phase 4: Compact heap
[8.381s][info][gc,phases      ] GC(21) Phase 4: Compact heap 1.496ms
[8.384s][info][gc,heap        ] GC(21) Eden regions: 806->0(1228)
[8.384s][info][gc,heap        ] GC(21) Survivor regions: 0->0(16)
[8.384s][info][gc,heap        ] GC(21) Old regions: 7->6
[8.384s][info][gc,heap        ] GC(21) Humongous regions: 181->0
[8.384s][info][gc,metaspace   ] GC(21) Metaspace: 24814K(25728K)->24814K(25728K) NonClass: 21742K(22272K)->21742K(22272K) Class: 3072K(3456K)->3072K(3456K)
[8.384s][info][gc             ] GC(21) Pause Full (System.gc()) 992M->5M(2048M) 11.833ms
[8.384s][info][gc,cpu         ] GC(21) User=0.00s Sys=0.00s Real=0.00s
[9.457s][info][gc,task        ] GC(22) Using 6 workers of 6 for full compaction
[9.458s][info][gc,start       ] GC(22) Pause Full (System.gc())
[9.458s][info][gc,phases,start] GC(22) Phase 1: Mark live objects
[9.461s][info][gc,stringtable ] GC(22) Cleaned string and symbol table, strings: 7116 processed, 0 removed, symbols: 64624 processed, 0 removed
[9.461s][info][gc,phases      ] GC(22) Phase 1: Mark live objects 2.834ms
[9.461s][info][gc,phases,start] GC(22) Phase 2: Prepare for compaction
[9.463s][info][gc,phases      ] GC(22) Phase 2: Prepare for compaction 2.193ms
[9.463s][info][gc,phases,start] GC(22) Phase 3: Adjust pointers
[9.465s][info][gc,phases      ] GC(22) Phase 3: Adjust pointers 2.526ms
[9.465s][info][gc,phases,start] GC(22) Phase 4: Compact heap
[9.467s][info][gc,phases      ] GC(22) Phase 4: Compact heap 1.344ms
[9.469s][info][gc,heap        ] GC(22) Eden regions: 829->0(1228)
[9.469s][info][gc,heap        ] GC(22) Survivor regions: 0->0(16)
[9.469s][info][gc,heap        ] GC(22) Old regions: 6->7
[9.469s][info][gc,heap        ] GC(22) Humongous regions: 181->0
[9.469s][info][gc,metaspace   ] GC(22) Metaspace: 24832K(25728K)->24832K(25728K) NonClass: 21760K(22272K)->21760K(22272K) Class: 3072K(3456K)->3072K(3456K)
[9.469s][info][gc             ] GC(22) Pause Full (System.gc()) 1015M->5M(2048M) 11.514ms
[9.469s][info][gc,cpu         ] GC(22) User=0.00s Sys=0.00s Real=0.00s
[10.537s][info][gc,task        ] GC(23) Using 6 workers of 6 for full compaction
[10.537s][info][gc,start       ] GC(23) Pause Full (System.gc())
[10.538s][info][gc,phases,start] GC(23) Phase 1: Mark live objects
[10.540s][info][gc,stringtable ] GC(23) Cleaned string and symbol table, strings: 7116 processed, 0 removed, symbols: 64624 processed, 0 removed
[10.540s][info][gc,phases      ] GC(23) Phase 1: Mark live objects 2.631ms
[10.540s][info][gc,phases,start] GC(23) Phase 2: Prepare for compaction
[10.542s][info][gc,phases      ] GC(23) Phase 2: Prepare for compaction 1.888ms
[10.542s][info][gc,phases,start] GC(23) Phase 3: Adjust pointers
[10.545s][info][gc,phases      ] GC(23) Phase 3: Adjust pointers 2.308ms
[10.545s][info][gc,phases,start] GC(23) Phase 4: Compact heap
[10.547s][info][gc,phases      ] GC(23) Phase 4: Compact heap 1.969ms
[10.549s][info][gc,heap        ] GC(23) Eden regions: 829->0(1228)
[10.549s][info][gc,heap        ] GC(23) Survivor regions: 0->0(16)
[10.549s][info][gc,heap        ] GC(23) Old regions: 7->6
[10.549s][info][gc,heap        ] GC(23) Humongous regions: 181->0
[10.549s][info][gc,metaspace   ] GC(23) Metaspace: 24841K(25728K)->24841K(25728K) NonClass: 21768K(22272K)->21768K(22272K) Class: 3072K(3456K)->3072K(3456K)
[10.549s][info][gc             ] GC(23) Pause Full (System.gc()) 1015M->5M(2048M) 11.524ms
[10.549s][info][gc,cpu         ] GC(23) User=0.00s Sys=0.00s Real=0.02s
[11.708s][info][gc,task        ] GC(24) Using 6 workers of 6 for full compaction
[11.708s][info][gc,start       ] GC(24) Pause Full (System.gc())
[11.708s][info][gc,phases,start] GC(24) Phase 1: Mark live objects
[11.712s][info][gc,stringtable ] GC(24) Cleaned string and symbol table, strings: 7119 processed, 0 removed, symbols: 64624 processed, 0 removed
[11.712s][info][gc,phases      ] GC(24) Phase 1: Mark live objects 3.224ms
[11.712s][info][gc,phases,start] GC(24) Phase 2: Prepare for compaction
[11.714s][info][gc,phases      ] GC(24) Phase 2: Prepare for compaction 2.202ms
[11.714s][info][gc,phases,start] GC(24) Phase 3: Adjust pointers
[11.716s][info][gc,phases      ] GC(24) Phase 3: Adjust pointers 2.244ms
[11.716s][info][gc,phases,start] GC(24) Phase 4: Compact heap
[11.717s][info][gc,phases      ] GC(24) Phase 4: Compact heap 1.203ms
[11.720s][info][gc,heap        ] GC(24) Eden regions: 713->0(1228)
[11.720s][info][gc,heap        ] GC(24) Survivor regions: 0->0(16)
[11.720s][info][gc,heap        ] GC(24) Old regions: 6->8
[11.720s][info][gc,heap        ] GC(24) Humongous regions: 181->0
[11.720s][info][gc,metaspace   ] GC(24) Metaspace: 24870K(25728K)->24870K(25728K) NonClass: 21798K(22272K)->21798K(22272K) Class: 3072K(3456K)->3072K(3456K)
[11.720s][info][gc             ] GC(24) Pause Full (System.gc()) 899M->5M(2048M) 11.471ms
[11.720s][info][gc,cpu         ] GC(24) User=0.02s Sys=0.00s Real=0.02s
[12.801s][info][gc,task        ] GC(25) Using 6 workers of 6 for full compaction
[12.801s][info][gc,start       ] GC(25) Pause Full (System.gc())
[12.801s][info][gc,phases,start] GC(25) Phase 1: Mark live objects
[12.804s][info][gc,stringtable ] GC(25) Cleaned string and symbol table, strings: 7122 processed, 0 removed, symbols: 64624 processed, 0 removed
[12.804s][info][gc,phases      ] GC(25) Phase 1: Mark live objects 2.609ms
[12.804s][info][gc,phases,start] GC(25) Phase 2: Prepare for compaction
[12.806s][info][gc,phases      ] GC(25) Phase 2: Prepare for compaction 1.980ms
[12.806s][info][gc,phases,start] GC(25) Phase 3: Adjust pointers
[12.808s][info][gc,phases      ] GC(25) Phase 3: Adjust pointers 2.267ms
[12.808s][info][gc,phases,start] GC(25) Phase 4: Compact heap
[12.810s][info][gc,phases      ] GC(25) Phase 4: Compact heap 1.700ms
[12.813s][info][gc,heap        ] GC(25) Eden regions: 709->0(1228)
[12.813s][info][gc,heap        ] GC(25) Survivor regions: 0->0(16)
[12.813s][info][gc,heap        ] GC(25) Old regions: 8->7
[12.813s][info][gc,heap        ] GC(25) Humongous regions: 181->0
[12.813s][info][gc,metaspace   ] GC(25) Metaspace: 24891K(25728K)->24891K(25728K) NonClass: 21818K(22272K)->21818K(22272K) Class: 3072K(3456K)->3072K(3456K)
[12.813s][info][gc             ] GC(25) Pause Full (System.gc()) 895M->5M(2048M) 11.699ms
[12.813s][info][gc,cpu         ] GC(25) User=0.00s Sys=0.00s Real=0.00s
[13.909s][info][gc,task        ] GC(26) Using 6 workers of 6 for full compaction
[13.909s][info][gc,start       ] GC(26) Pause Full (System.gc())
[13.909s][info][gc,phases,start] GC(26) Phase 1: Mark live objects
[13.912s][info][gc,stringtable ] GC(26) Cleaned string and symbol table, strings: 7123 processed, 0 removed, symbols: 64624 processed, 0 removed
[13.912s][info][gc,phases      ] GC(26) Phase 1: Mark live objects 2.956ms
[13.912s][info][gc,phases,start] GC(26) Phase 2: Prepare for compaction
[13.914s][info][gc,phases      ] GC(26) Phase 2: Prepare for compaction 1.825ms
[13.914s][info][gc,phases,start] GC(26) Phase 3: Adjust pointers
[13.916s][info][gc,phases      ] GC(26) Phase 3: Adjust pointers 2.344ms
[13.916s][info][gc,phases,start] GC(26) Phase 4: Compact heap
[13.917s][info][gc,phases      ] GC(26) Phase 4: Compact heap 1.002ms
[13.919s][info][gc,heap        ] GC(26) Eden regions: 709->0(1228)
[13.919s][info][gc,heap        ] GC(26) Survivor regions: 0->0(16)
[13.919s][info][gc,heap        ] GC(26) Old regions: 7->6
[13.919s][info][gc,heap        ] GC(26) Humongous regions: 181->0
[13.920s][info][gc,metaspace   ] GC(26) Metaspace: 24901K(25728K)->24901K(25728K) NonClass: 21829K(22272K)->21829K(22272K) Class: 3072K(3456K)->3072K(3456K)
[13.920s][info][gc             ] GC(26) Pause Full (System.gc()) 895M->5M(2048M) 10.801ms
[13.920s][info][gc,cpu         ] GC(26) User=0.02s Sys=0.00s Real=0.02s
[14.984s][info][gc,task        ] GC(27) Using 6 workers of 6 for full compaction
[14.984s][info][gc,start       ] GC(27) Pause Full (System.gc())
[14.984s][info][gc,phases,start] GC(27) Phase 1: Mark live objects
[14.987s][info][gc,stringtable ] GC(27) Cleaned string and symbol table, strings: 7123 processed, 0 removed, symbols: 64624 processed, 0 removed
[14.987s][info][gc,phases      ] GC(27) Phase 1: Mark live objects 2.710ms
[14.987s][info][gc,phases,start] GC(27) Phase 2: Prepare for compaction
[14.989s][info][gc,phases      ] GC(27) Phase 2: Prepare for compaction 1.813ms
[14.989s][info][gc,phases,start] GC(27) Phase 3: Adjust pointers
[14.991s][info][gc,phases      ] GC(27) Phase 3: Adjust pointers 2.350ms
[14.991s][info][gc,phases,start] GC(27) Phase 4: Compact heap
[14.993s][info][gc,phases      ] GC(27) Phase 4: Compact heap 1.667ms
[14.995s][info][gc,heap        ] GC(27) Eden regions: 709->0(1228)
[14.995s][info][gc,heap        ] GC(27) Survivor regions: 0->0(16)
[14.995s][info][gc,heap        ] GC(27) Old regions: 6->6
[14.995s][info][gc,heap        ] GC(27) Humongous regions: 181->0
[14.995s][info][gc,metaspace   ] GC(27) Metaspace: 24916K(25728K)->24916K(25728K) NonClass: 21844K(22272K)->21844K(22272K) Class: 3072K(3456K)->3072K(3456K)
[14.995s][info][gc             ] GC(27) Pause Full (System.gc()) 894M->5M(2048M) 11.428ms
[14.995s][info][gc,cpu         ] GC(27) User=0.00s Sys=0.00s Real=0.00s
[16.075s][info][gc,task        ] GC(28) Using 6 workers of 6 for full compaction
[16.075s][info][gc,start       ] GC(28) Pause Full (System.gc())
[16.075s][info][gc,phases,start] GC(28) Phase 1: Mark live objects
[16.078s][info][gc,stringtable ] GC(28) Cleaned string and symbol table, strings: 7123 processed, 0 removed, symbols: 64624 processed, 0 removed
[16.078s][info][gc,phases      ] GC(28) Phase 1: Mark live objects 2.667ms
[16.078s][info][gc,phases,start] GC(28) Phase 2: Prepare for compaction
[16.080s][info][gc,phases      ] GC(28) Phase 2: Prepare for compaction 1.852ms
[16.080s][info][gc,phases,start] GC(28) Phase 3: Adjust pointers
[16.082s][info][gc,phases      ] GC(28) Phase 3: Adjust pointers 2.337ms
[16.082s][info][gc,phases,start] GC(28) Phase 4: Compact heap
[16.083s][info][gc,phases      ] GC(28) Phase 4: Compact heap 0.881ms
[16.085s][info][gc,heap        ] GC(28) Eden regions: 708->0(1228)
[16.085s][info][gc,heap        ] GC(28) Survivor regions: 0->0(16)
[16.085s][info][gc,heap        ] GC(28) Old regions: 6->7
[16.085s][info][gc,heap        ] GC(28) Humongous regions: 181->0
[16.085s][info][gc,metaspace   ] GC(28) Metaspace: 24920K(25728K)->24920K(25728K) NonClass: 21847K(22272K)->21847K(22272K) Class: 3072K(3456K)->3072K(3456K)
[16.085s][info][gc             ] GC(28) Pause Full (System.gc()) 894M->5M(2048M) 10.440ms
[16.085s][info][gc,cpu         ] GC(28) User=0.00s Sys=0.00s Real=0.02s
[17.178s][info][gc,task        ] GC(29) Using 6 workers of 6 for full compaction
[17.178s][info][gc,start       ] GC(29) Pause Full (System.gc())
[17.178s][info][gc,phases,start] GC(29) Phase 1: Mark live objects
[17.181s][info][gc,stringtable ] GC(29) Cleaned string and symbol table, strings: 7134 processed, 0 removed, symbols: 64624 processed, 0 removed
[17.181s][info][gc,phases      ] GC(29) Phase 1: Mark live objects 2.582ms
[17.181s][info][gc,phases,start] GC(29) Phase 2: Prepare for compaction
[17.183s][info][gc,phases      ] GC(29) Phase 2: Prepare for compaction 2.058ms
[17.183s][info][gc,phases,start] GC(29) Phase 3: Adjust pointers
[17.185s][info][gc,phases      ] GC(29) Phase 3: Adjust pointers 2.372ms
[17.185s][info][gc,phases,start] GC(29) Phase 4: Compact heap
[17.186s][info][gc,phases      ] GC(29) Phase 4: Compact heap 0.863ms
[17.189s][info][gc,heap        ] GC(29) Eden regions: 709->0(1228)
[17.189s][info][gc,heap        ] GC(29) Survivor regions: 0->0(16)
[17.189s][info][gc,heap        ] GC(29) Old regions: 7->8
[17.189s][info][gc,heap        ] GC(29) Humongous regions: 181->0
[17.189s][info][gc,metaspace   ] GC(29) Metaspace: 24924K(25728K)->24924K(25728K) NonClass: 21852K(22272K)->21852K(22272K) Class: 3072K(3456K)->3072K(3456K)
[17.189s][info][gc             ] GC(29) Pause Full (System.gc()) 895M->5M(2048M) 10.883ms
[17.189s][info][gc,cpu         ] GC(29) User=0.02s Sys=0.00s Real=0.02s
[18.280s][info][gc,task        ] GC(30) Using 6 workers of 6 for full compaction
[18.280s][info][gc,start       ] GC(30) Pause Full (System.gc())
[18.280s][info][gc,phases,start] GC(30) Phase 1: Mark live objects
[18.283s][info][gc,stringtable ] GC(30) Cleaned string and symbol table, strings: 7138 processed, 0 removed, symbols: 64624 processed, 0 removed
[18.283s][info][gc,phases      ] GC(30) Phase 1: Mark live objects 2.924ms
[18.283s][info][gc,phases,start] GC(30) Phase 2: Prepare for compaction
[18.285s][info][gc,phases      ] GC(30) Phase 2: Prepare for compaction 1.857ms
[18.285s][info][gc,phases,start] GC(30) Phase 3: Adjust pointers
[18.287s][info][gc,phases      ] GC(30) Phase 3: Adjust pointers 2.389ms
[18.288s][info][gc,phases,start] GC(30) Phase 4: Compact heap
[18.289s][info][gc,phases      ] GC(30) Phase 4: Compact heap 1.485ms
[18.291s][info][gc,heap        ] GC(30) Eden regions: 709->0(1228)
[18.292s][info][gc,heap        ] GC(30) Survivor regions: 0->0(16)
[18.292s][info][gc,heap        ] GC(30) Old regions: 8->7
[18.292s][info][gc,heap        ] GC(30) Humongous regions: 181->0
[18.292s][info][gc,metaspace   ] GC(30) Metaspace: 24924K(25728K)->24924K(25728K) NonClass: 21852K(22272K)->21852K(22272K) Class: 3072K(3456K)->3072K(3456K)
[18.292s][info][gc             ] GC(30) Pause Full (System.gc()) 895M->5M(2048M) 11.521ms
[18.292s][info][gc,cpu         ] GC(30) User=0.02s Sys=0.00s Real=0.02s
[19.381s][info][gc,task        ] GC(31) Using 6 workers of 6 for full compaction
[19.381s][info][gc,start       ] GC(31) Pause Full (System.gc())
[19.381s][info][gc,phases,start] GC(31) Phase 1: Mark live objects
[19.384s][info][gc,stringtable ] GC(31) Cleaned string and symbol table, strings: 7138 processed, 0 removed, symbols: 64624 processed, 0 removed
[19.384s][info][gc,phases      ] GC(31) Phase 1: Mark live objects 2.675ms
[19.384s][info][gc,phases,start] GC(31) Phase 2: Prepare for compaction
[19.386s][info][gc,phases      ] GC(31) Phase 2: Prepare for compaction 1.974ms
[19.386s][info][gc,phases,start] GC(31) Phase 3: Adjust pointers
[19.388s][info][gc,phases      ] GC(31) Phase 3: Adjust pointers 2.416ms
[19.388s][info][gc,phases,start] GC(31) Phase 4: Compact heap
[19.390s][info][gc,phases      ] GC(31) Phase 4: Compact heap 1.457ms
[19.392s][info][gc,heap        ] GC(31) Eden regions: 709->0(1228)
[19.393s][info][gc,heap        ] GC(31) Survivor regions: 0->0(16)
[19.393s][info][gc,heap        ] GC(31) Old regions: 7->8
[19.393s][info][gc,heap        ] GC(31) Humongous regions: 181->0
[19.393s][info][gc,metaspace   ] GC(31) Metaspace: 24926K(25728K)->24926K(25728K) NonClass: 21854K(22272K)->21854K(22272K) Class: 3072K(3456K)->3072K(3456K)
[19.393s][info][gc             ] GC(31) Pause Full (System.gc()) 895M->5M(2048M) 11.440ms
[19.393s][info][gc,cpu         ] GC(31) User=0.00s Sys=0.00s Real=0.00s
[20.481s][info][gc,task        ] GC(32) Using 6 workers of 6 for full compaction
[20.481s][info][gc,start       ] GC(32) Pause Full (System.gc())
[20.481s][info][gc,phases,start] GC(32) Phase 1: Mark live objects
[20.484s][info][gc,stringtable ] GC(32) Cleaned string and symbol table, strings: 7139 processed, 0 removed, symbols: 64626 processed, 0 removed
[20.484s][info][gc,phases      ] GC(32) Phase 1: Mark live objects 2.719ms
[20.484s][info][gc,phases,start] GC(32) Phase 2: Prepare for compaction
[20.486s][info][gc,phases      ] GC(32) Phase 2: Prepare for compaction 2.019ms
[20.486s][info][gc,phases,start] GC(32) Phase 3: Adjust pointers
[20.488s][info][gc,phases      ] GC(32) Phase 3: Adjust pointers 2.450ms
[20.488s][info][gc,phases,start] GC(32) Phase 4: Compact heap
[20.490s][info][gc,phases      ] GC(32) Phase 4: Compact heap 1.470ms
[20.492s][info][gc,heap        ] GC(32) Eden regions: 709->0(1228)
[20.492s][info][gc,heap        ] GC(32) Survivor regions: 0->0(16)
[20.492s][info][gc,heap        ] GC(32) Old regions: 8->7
[20.492s][info][gc,heap        ] GC(32) Humongous regions: 181->0
[20.492s][info][gc,metaspace   ] GC(32) Metaspace: 24933K(25728K)->24933K(25728K) NonClass: 21860K(22272K)->21860K(22272K) Class: 3072K(3456K)->3072K(3456K)
[20.492s][info][gc             ] GC(32) Pause Full (System.gc()) 895M->5M(2048M) 11.383ms
[20.492s][info][gc,cpu         ] GC(32) User=0.00s Sys=0.00s Real=0.00s
[21.580s][info][gc,task        ] GC(33) Using 6 workers of 6 for full compaction
[21.581s][info][gc,start       ] GC(33) Pause Full (System.gc())
[21.581s][info][gc,phases,start] GC(33) Phase 1: Mark live objects
[21.584s][info][gc,stringtable ] GC(33) Cleaned string and symbol table, strings: 7139 processed, 0 removed, symbols: 64626 processed, 0 removed
[21.584s][info][gc,phases      ] GC(33) Phase 1: Mark live objects 2.843ms
[21.584s][info][gc,phases,start] GC(33) Phase 2: Prepare for compaction
[21.586s][info][gc,phases      ] GC(33) Phase 2: Prepare for compaction 2.135ms
[21.586s][info][gc,phases,start] GC(33) Phase 3: Adjust pointers
[21.588s][info][gc,phases      ] GC(33) Phase 3: Adjust pointers 2.553ms
[21.588s][info][gc,phases,start] GC(33) Phase 4: Compact heap
[21.590s][info][gc,phases      ] GC(33) Phase 4: Compact heap 1.179ms
[21.592s][info][gc,heap        ] GC(33) Eden regions: 709->0(1228)
[21.592s][info][gc,heap        ] GC(33) Survivor regions: 0->0(16)
[21.592s][info][gc,heap        ] GC(33) Old regions: 7->7
[21.592s][info][gc,heap        ] GC(33) Humongous regions: 181->0
[21.592s][info][gc,metaspace   ] GC(33) Metaspace: 24933K(25728K)->24933K(25728K) NonClass: 21860K(22272K)->21860K(22272K) Class: 3072K(3456K)->3072K(3456K)
[21.592s][info][gc             ] GC(33) Pause Full (System.gc()) 894M->5M(2048M) 11.454ms
[21.592s][info][gc,cpu         ] GC(33) User=0.00s Sys=0.00s Real=0.00s
[22.669s][info][gc,task        ] GC(34) Using 6 workers of 6 for full compaction
[22.669s][info][gc,start       ] GC(34) Pause Full (System.gc())
[22.670s][info][gc,phases,start] GC(34) Phase 1: Mark live objects
[22.673s][info][gc,stringtable ] GC(34) Cleaned string and symbol table, strings: 7169 processed, 0 removed, symbols: 64627 processed, 1 removed
[22.673s][info][gc,phases      ] GC(34) Phase 1: Mark live objects 2.998ms
[22.673s][info][gc,phases,start] GC(34) Phase 2: Prepare for compaction
[22.675s][info][gc,phases      ] GC(34) Phase 2: Prepare for compaction 2.008ms
[22.675s][info][gc,phases,start] GC(34) Phase 3: Adjust pointers
[22.677s][info][gc,phases      ] GC(34) Phase 3: Adjust pointers 2.489ms
[22.677s][info][gc,phases,start] GC(34) Phase 4: Compact heap
[22.678s][info][gc,phases      ] GC(34) Phase 4: Compact heap 1.024ms
[22.681s][info][gc,heap        ] GC(34) Eden regions: 709->0(1228)
[22.681s][info][gc,heap        ] GC(34) Survivor regions: 0->0(16)
[22.681s][info][gc,heap        ] GC(34) Old regions: 7->7
[22.681s][info][gc,heap        ] GC(34) Humongous regions: 181->0
[22.681s][info][gc,metaspace   ] GC(34) Metaspace: 24933K(25728K)->24933K(25728K) NonClass: 21860K(22272K)->21860K(22272K) Class: 3072K(3456K)->3072K(3456K)
[22.681s][info][gc             ] GC(34) Pause Full (System.gc()) 895M->5M(2048M) 11.575ms
[22.681s][info][gc,cpu         ] GC(34) User=0.00s Sys=0.00s Real=0.02s
[23.746s][info][gc,task        ] GC(35) Using 6 workers of 6 for full compaction
[23.746s][info][gc,start       ] GC(35) Pause Full (System.gc())
[23.747s][info][gc,phases,start] GC(35) Phase 1: Mark live objects
[23.749s][info][gc,stringtable ] GC(35) Cleaned string and symbol table, strings: 7191 processed, 0 removed, symbols: 64627 processed, 1 removed
[23.749s][info][gc,phases      ] GC(35) Phase 1: Mark live objects 2.681ms
[23.749s][info][gc,phases,start] GC(35) Phase 2: Prepare for compaction
[23.751s][info][gc,phases      ] GC(35) Phase 2: Prepare for compaction 2.116ms
[23.751s][info][gc,phases,start] GC(35) Phase 3: Adjust pointers
[23.754s][info][gc,phases      ] GC(35) Phase 3: Adjust pointers 2.746ms
[23.754s][info][gc,phases,start] GC(35) Phase 4: Compact heap
[23.755s][info][gc,phases      ] GC(35) Phase 4: Compact heap 1.010ms
[23.758s][info][gc,heap        ] GC(35) Eden regions: 709->0(1228)
[23.758s][info][gc,heap        ] GC(35) Survivor regions: 0->0(16)
[23.758s][info][gc,heap        ] GC(35) Old regions: 7->8
[23.758s][info][gc,heap        ] GC(35) Humongous regions: 181->0
[23.758s][info][gc,metaspace   ] GC(35) Metaspace: 24933K(25728K)->24933K(25728K) NonClass: 21860K(22272K)->21860K(22272K) Class: 3072K(3456K)->3072K(3456K)
[23.758s][info][gc             ] GC(35) Pause Full (System.gc()) 895M->5M(2048M) 11.614ms
[23.758s][info][gc,cpu         ] GC(35) User=0.00s Sys=0.00s Real=0.01s
[24.812s][info][gc,task        ] GC(36) Using 6 workers of 6 for full compaction
[24.812s][info][gc,start       ] GC(36) Pause Full (System.gc())
[24.812s][info][gc,phases,start] GC(36) Phase 1: Mark live objects
[24.815s][info][gc,stringtable ] GC(36) Cleaned string and symbol table, strings: 7194 processed, 0 removed, symbols: 64626 processed, 0 removed
[24.815s][info][gc,phases      ] GC(36) Phase 1: Mark live objects 2.944ms
[24.815s][info][gc,phases,start] GC(36) Phase 2: Prepare for compaction
[24.817s][info][gc,phases      ] GC(36) Phase 2: Prepare for compaction 2.096ms
[24.817s][info][gc,phases,start] GC(36) Phase 3: Adjust pointers
[24.820s][info][gc,phases      ] GC(36) Phase 3: Adjust pointers 2.694ms
[24.820s][info][gc,phases,start] GC(36) Phase 4: Compact heap
[24.821s][info][gc,phases      ] GC(36) Phase 4: Compact heap 0.872ms
[24.823s][info][gc,heap        ] GC(36) Eden regions: 709->0(1228)
[24.823s][info][gc,heap        ] GC(36) Survivor regions: 0->0(16)
[24.823s][info][gc,heap        ] GC(36) Old regions: 8->9
[24.823s][info][gc,heap        ] GC(36) Humongous regions: 181->0
[24.823s][info][gc,metaspace   ] GC(36) Metaspace: 24934K(25728K)->24934K(25728K) NonClass: 21862K(22272K)->21862K(22272K) Class: 3072K(3456K)->3072K(3456K)
[24.823s][info][gc             ] GC(36) Pause Full (System.gc()) 895M->5M(2048M) 11.306ms
[24.823s][info][gc,cpu         ] GC(36) User=0.02s Sys=0.00s Real=0.02s
[25.886s][info][gc,task        ] GC(37) Using 6 workers of 6 for full compaction
[25.886s][info][gc,start       ] GC(37) Pause Full (System.gc())
[25.887s][info][gc,phases,start] GC(37) Phase 1: Mark live objects
[25.890s][info][gc,stringtable ] GC(37) Cleaned string and symbol table, strings: 7195 processed, 0 removed, symbols: 64626 processed, 0 removed
[25.890s][info][gc,phases      ] GC(37) Phase 1: Mark live objects 3.203ms
[25.890s][info][gc,phases,start] GC(37) Phase 2: Prepare for compaction
[25.892s][info][gc,phases      ] GC(37) Phase 2: Prepare for compaction 2.022ms
[25.892s][info][gc,phases,start] GC(37) Phase 3: Adjust pointers
[25.894s][info][gc,phases      ] GC(37) Phase 3: Adjust pointers 2.345ms
[25.894s][info][gc,phases,start] GC(37) Phase 4: Compact heap
[25.895s][info][gc,phases      ] GC(37) Phase 4: Compact heap 1.008ms
[25.898s][info][gc,heap        ] GC(37) Eden regions: 709->0(1228)
[25.898s][info][gc,heap        ] GC(37) Survivor regions: 0->0(16)
[25.898s][info][gc,heap        ] GC(37) Old regions: 9->9
[25.898s][info][gc,heap        ] GC(37) Humongous regions: 181->0
[25.898s][info][gc,metaspace   ] GC(37) Metaspace: 24936K(25728K)->24936K(25728K) NonClass: 21863K(22272K)->21863K(22272K) Class: 3072K(3456K)->3072K(3456K)
[25.898s][info][gc             ] GC(37) Pause Full (System.gc()) 894M->5M(2048M) 11.846ms
[25.898s][info][gc,cpu         ] GC(37) User=0.00s Sys=0.00s Real=0.02s
[26.951s][info][gc,task        ] GC(38) Using 6 workers of 6 for full compaction
[26.951s][info][gc,start       ] GC(38) Pause Full (System.gc())
[26.951s][info][gc,phases,start] GC(38) Phase 1: Mark live objects
[26.954s][info][gc,stringtable ] GC(38) Cleaned string and symbol table, strings: 7195 processed, 0 removed, symbols: 64626 processed, 0 removed
[26.954s][info][gc,phases      ] GC(38) Phase 1: Mark live objects 2.815ms
[26.954s][info][gc,phases,start] GC(38) Phase 2: Prepare for compaction
[26.956s][info][gc,phases      ] GC(38) Phase 2: Prepare for compaction 1.814ms
[26.956s][info][gc,phases,start] GC(38) Phase 3: Adjust pointers
[26.959s][info][gc,phases      ] GC(38) Phase 3: Adjust pointers 2.463ms
[26.959s][info][gc,phases,start] GC(38) Phase 4: Compact heap
[26.959s][info][gc,phases      ] GC(38) Phase 4: Compact heap 0.908ms
[26.962s][info][gc,heap        ] GC(38) Eden regions: 709->0(1228)
[26.962s][info][gc,heap        ] GC(38) Survivor regions: 0->0(16)
[26.962s][info][gc,heap        ] GC(38) Old regions: 9->7
[26.962s][info][gc,heap        ] GC(38) Humongous regions: 181->0
[26.962s][info][gc,metaspace   ] GC(38) Metaspace: 24936K(25728K)->24936K(25728K) NonClass: 21863K(22272K)->21863K(22272K) Class: 3072K(3456K)->3072K(3456K)
[26.962s][info][gc             ] GC(38) Pause Full (System.gc()) 895M->5M(2048M) 10.774ms
[26.962s][info][gc,cpu         ] GC(38) User=0.00s Sys=0.00s Real=0.00s
[28.105s][info][gc,task        ] GC(39) Using 6 workers of 6 for full compaction
[28.105s][info][gc,start       ] GC(39) Pause Full (System.gc())
[28.105s][info][gc,phases,start] GC(39) Phase 1: Mark live objects
[28.108s][info][gc,stringtable ] GC(39) Cleaned string and symbol table, strings: 7195 processed, 0 removed, symbols: 64626 processed, 0 removed
[28.108s][info][gc,phases      ] GC(39) Phase 1: Mark live objects 2.932ms
[28.108s][info][gc,phases,start] GC(39) Phase 2: Prepare for compaction
[28.110s][info][gc,phases      ] GC(39) Phase 2: Prepare for compaction 1.847ms
[28.110s][info][gc,phases,start] GC(39) Phase 3: Adjust pointers
[28.112s][info][gc,phases      ] GC(39) Phase 3: Adjust pointers 2.430ms
[28.112s][info][gc,phases,start] GC(39) Phase 4: Compact heap
[28.114s][info][gc,phases      ] GC(39) Phase 4: Compact heap 1.466ms
[28.117s][info][gc,heap        ] GC(39) Eden regions: 708->0(1228)
[28.117s][info][gc,heap        ] GC(39) Survivor regions: 0->0(16)
[28.117s][info][gc,heap        ] GC(39) Old regions: 7->8
[28.117s][info][gc,heap        ] GC(39) Humongous regions: 181->0
[28.117s][info][gc,metaspace   ] GC(39) Metaspace: 24937K(25728K)->24937K(25728K) NonClass: 21864K(22272K)->21864K(22272K) Class: 3072K(3456K)->3072K(3456K)
[28.117s][info][gc             ] GC(39) Pause Full (System.gc()) 894M->5M(2048M) 11.814ms
[28.117s][info][gc,cpu         ] GC(39) User=0.00s Sys=0.00s Real=0.01s
[29.196s][info][gc,task        ] GC(40) Using 6 workers of 6 for full compaction
[29.197s][info][gc,start       ] GC(40) Pause Full (System.gc())
[29.197s][info][gc,phases,start] GC(40) Phase 1: Mark live objects
[29.200s][info][gc,stringtable ] GC(40) Cleaned string and symbol table, strings: 7195 processed, 0 removed, symbols: 64626 processed, 0 removed
[29.200s][info][gc,phases      ] GC(40) Phase 1: Mark live objects 2.940ms
[29.200s][info][gc,phases,start] GC(40) Phase 2: Prepare for compaction
[29.202s][info][gc,phases      ] GC(40) Phase 2: Prepare for compaction 1.843ms
[29.202s][info][gc,phases,start] GC(40) Phase 3: Adjust pointers
[29.204s][info][gc,phases      ] GC(40) Phase 3: Adjust pointers 2.419ms
[29.204s][info][gc,phases,start] GC(40) Phase 4: Compact heap
[29.205s][info][gc,phases      ] GC(40) Phase 4: Compact heap 0.836ms
[29.207s][info][gc,heap        ] GC(40) Eden regions: 709->0(1228)
[29.207s][info][gc,heap        ] GC(40) Survivor regions: 0->0(16)
[29.207s][info][gc,heap        ] GC(40) Old regions: 8->8
[29.207s][info][gc,heap        ] GC(40) Humongous regions: 181->0
[29.207s][info][gc,metaspace   ] GC(40) Metaspace: 24940K(25728K)->24940K(25728K) NonClass: 21867K(22272K)->21867K(22272K) Class: 3072K(3456K)->3072K(3456K)
[29.207s][info][gc             ] GC(40) Pause Full (System.gc()) 895M->5M(2048M) 10.821ms
[29.207s][info][gc,cpu         ] GC(40) User=0.00s Sys=0.00s Real=0.00s
[30.285s][info][gc,task        ] GC(41) Using 6 workers of 6 for full compaction
[30.285s][info][gc,start       ] GC(41) Pause Full (System.gc())
[30.285s][info][gc,phases,start] GC(41) Phase 1: Mark live objects
[30.289s][info][gc,stringtable ] GC(41) Cleaned string and symbol table, strings: 7195 processed, 0 removed, symbols: 64626 processed, 0 removed
[30.289s][info][gc,phases      ] GC(41) Phase 1: Mark live objects 3.273ms
[30.289s][info][gc,phases,start] GC(41) Phase 2: Prepare for compaction
[30.291s][info][gc,phases      ] GC(41) Phase 2: Prepare for compaction 2.043ms
[30.291s][info][gc,phases,start] GC(41) Phase 3: Adjust pointers
[30.293s][info][gc,phases      ] GC(41) Phase 3: Adjust pointers 2.625ms
[30.293s][info][gc,phases,start] GC(41) Phase 4: Compact heap
[30.294s][info][gc,phases      ] GC(41) Phase 4: Compact heap 1.109ms
[30.297s][info][gc,heap        ] GC(41) Eden regions: 708->0(1228)
[30.298s][info][gc,heap        ] GC(41) Survivor regions: 0->0(16)
[30.298s][info][gc,heap        ] GC(41) Old regions: 8->7
[30.298s][info][gc,heap        ] GC(41) Humongous regions: 181->0
[30.298s][info][gc,metaspace   ] GC(41) Metaspace: 24941K(25728K)->24941K(25728K) NonClass: 21868K(22272K)->21868K(22272K) Class: 3072K(3456K)->3072K(3456K)
[30.298s][info][gc             ] GC(41) Pause Full (System.gc()) 894M->5M(2048M) 12.481ms
[30.298s][info][gc,cpu         ] GC(41) User=0.00s Sys=0.00s Real=0.01s
[31.371s][info][gc,task        ] GC(42) Using 6 workers of 6 for full compaction
[31.372s][info][gc,start       ] GC(42) Pause Full (System.gc())
[31.372s][info][gc,phases,start] GC(42) Phase 1: Mark live objects
[31.375s][info][gc,stringtable ] GC(42) Cleaned string and symbol table, strings: 7196 processed, 0 removed, symbols: 64626 processed, 0 removed
[31.375s][info][gc,phases      ] GC(42) Phase 1: Mark live objects 2.995ms
[31.375s][info][gc,phases,start] GC(42) Phase 2: Prepare for compaction
[31.377s][info][gc,phases      ] GC(42) Phase 2: Prepare for compaction 2.003ms
[31.377s][info][gc,phases,start] GC(42) Phase 3: Adjust pointers
[31.379s][info][gc,phases      ] GC(42) Phase 3: Adjust pointers 2.482ms
[31.379s][info][gc,phases,start] GC(42) Phase 4: Compact heap
[31.381s][info][gc,phases      ] GC(42) Phase 4: Compact heap 1.373ms
[31.384s][info][gc,heap        ] GC(42) Eden regions: 709->0(1228)
[31.384s][info][gc,heap        ] GC(42) Survivor regions: 0->0(16)
[31.384s][info][gc,heap        ] GC(42) Old regions: 7->7
[31.384s][info][gc,heap        ] GC(42) Humongous regions: 181->0
[31.384s][info][gc,metaspace   ] GC(42) Metaspace: 24943K(25728K)->24943K(25728K) NonClass: 21870K(22272K)->21870K(22272K) Class: 3072K(3456K)->3072K(3456K)
[31.384s][info][gc             ] GC(42) Pause Full (System.gc()) 894M->5M(2048M) 12.136ms
[31.384s][info][gc,cpu         ] GC(42) User=0.00s Sys=0.00s Real=0.01s
[32.455s][info][gc,task        ] GC(43) Using 6 workers of 6 for full compaction
[32.455s][info][gc,start       ] GC(43) Pause Full (System.gc())
[32.456s][info][gc,phases,start] GC(43) Phase 1: Mark live objects
[32.459s][info][gc,stringtable ] GC(43) Cleaned string and symbol table, strings: 7196 processed, 0 removed, symbols: 64626 processed, 0 removed
[32.459s][info][gc,phases      ] GC(43) Phase 1: Mark live objects 3.156ms
[32.459s][info][gc,phases,start] GC(43) Phase 2: Prepare for compaction
[32.461s][info][gc,phases      ] GC(43) Phase 2: Prepare for compaction 2.126ms
[32.461s][info][gc,phases,start] GC(43) Phase 3: Adjust pointers
[32.464s][info][gc,phases      ] GC(43) Phase 3: Adjust pointers 2.791ms
[32.464s][info][gc,phases,start] GC(43) Phase 4: Compact heap
[32.465s][info][gc,phases      ] GC(43) Phase 4: Compact heap 0.938ms
[32.467s][info][gc,heap        ] GC(43) Eden regions: 709->0(1228)
[32.467s][info][gc,heap        ] GC(43) Survivor regions: 0->0(16)
[32.467s][info][gc,heap        ] GC(43) Old regions: 7->7
[32.467s][info][gc,heap        ] GC(43) Humongous regions: 181->0
[32.467s][info][gc,metaspace   ] GC(43) Metaspace: 24944K(25728K)->24944K(25728K) NonClass: 21871K(22272K)->21871K(22272K) Class: 3072K(3456K)->3072K(3456K)
[32.467s][info][gc             ] GC(43) Pause Full (System.gc()) 895M->5M(2048M) 11.877ms
[32.467s][info][gc,cpu         ] GC(43) User=0.00s Sys=0.00s Real=0.02s
[33.541s][info][gc,task        ] GC(44) Using 6 workers of 6 for full compaction
[33.541s][info][gc,start       ] GC(44) Pause Full (System.gc())
[33.541s][info][gc,phases,start] GC(44) Phase 1: Mark live objects
[33.544s][info][gc,stringtable ] GC(44) Cleaned string and symbol table, strings: 7200 processed, 0 removed, symbols: 64626 processed, 0 removed
[33.545s][info][gc,phases      ] GC(44) Phase 1: Mark live objects 3.229ms
[33.545s][info][gc,phases,start] GC(44) Phase 2: Prepare for compaction
[33.547s][info][gc,phases      ] GC(44) Phase 2: Prepare for compaction 2.125ms
[33.547s][info][gc,phases,start] GC(44) Phase 3: Adjust pointers
[33.549s][info][gc,phases      ] GC(44) Phase 3: Adjust pointers 2.454ms
[33.549s][info][gc,phases,start] GC(44) Phase 4: Compact heap
[33.550s][info][gc,phases      ] GC(44) Phase 4: Compact heap 0.903ms
[33.553s][info][gc,heap        ] GC(44) Eden regions: 709->0(1228)
[33.553s][info][gc,heap        ] GC(44) Survivor regions: 0->0(16)
[33.553s][info][gc,heap        ] GC(44) Old regions: 7->7
[33.553s][info][gc,heap        ] GC(44) Humongous regions: 181->0
[33.553s][info][gc,metaspace   ] GC(44) Metaspace: 24944K(25728K)->24944K(25728K) NonClass: 21871K(22272K)->21871K(22272K) Class: 3072K(3456K)->3072K(3456K)
[33.553s][info][gc             ] GC(44) Pause Full (System.gc()) 895M->5M(2048M) 11.557ms
[33.553s][info][gc,cpu         ] GC(44) User=0.00s Sys=0.00s Real=0.02s
[34.644s][info][gc,task        ] GC(45) Using 6 workers of 6 for full compaction
[34.644s][info][gc,start       ] GC(45) Pause Full (System.gc())
[34.644s][info][gc,phases,start] GC(45) Phase 1: Mark live objects
[34.647s][info][gc,stringtable ] GC(45) Cleaned string and symbol table, strings: 7200 processed, 0 removed, symbols: 64626 processed, 0 removed
[34.647s][info][gc,phases      ] GC(45) Phase 1: Mark live objects 2.722ms
[34.647s][info][gc,phases,start] GC(45) Phase 2: Prepare for compaction
[34.648s][info][gc,phases      ] GC(45) Phase 2: Prepare for compaction 1.809ms
[34.648s][info][gc,phases,start] GC(45) Phase 3: Adjust pointers
[34.651s][info][gc,phases      ] GC(45) Phase 3: Adjust pointers 2.504ms
[34.651s][info][gc,phases,start] GC(45) Phase 4: Compact heap
[34.652s][info][gc,phases      ] GC(45) Phase 4: Compact heap 0.852ms
[34.654s][info][gc,heap        ] GC(45) Eden regions: 709->0(1228)
[34.654s][info][gc,heap        ] GC(45) Survivor regions: 0->0(16)
[34.654s][info][gc,heap        ] GC(45) Old regions: 7->8
[34.654s][info][gc,heap        ] GC(45) Humongous regions: 181->0
[34.654s][info][gc,metaspace   ] GC(45) Metaspace: 24961K(25728K)->24961K(25728K) NonClass: 21888K(22272K)->21888K(22272K) Class: 3072K(3456K)->3072K(3456K)
[34.654s][info][gc             ] GC(45) Pause Full (System.gc()) 895M->5M(2048M) 10.741ms
[34.655s][info][gc,cpu         ] GC(45) User=0.00s Sys=0.00s Real=0.00s
[35.725s][info][gc,task        ] GC(46) Using 6 workers of 6 for full compaction
[35.725s][info][gc,start       ] GC(46) Pause Full (System.gc())
[35.725s][info][gc,phases,start] GC(46) Phase 1: Mark live objects
[35.728s][info][gc,stringtable ] GC(46) Cleaned string and symbol table, strings: 7200 processed, 0 removed, symbols: 64626 processed, 0 removed
[35.728s][info][gc,phases      ] GC(46) Phase 1: Mark live objects 2.838ms
[35.728s][info][gc,phases,start] GC(46) Phase 2: Prepare for compaction
[35.730s][info][gc,phases      ] GC(46) Phase 2: Prepare for compaction 1.821ms
[35.730s][info][gc,phases,start] GC(46) Phase 3: Adjust pointers
[35.733s][info][gc,phases      ] GC(46) Phase 3: Adjust pointers 2.562ms
[35.733s][info][gc,phases,start] GC(46) Phase 4: Compact heap
[35.733s][info][gc,phases      ] GC(46) Phase 4: Compact heap 0.867ms
[35.736s][info][gc,heap        ] GC(46) Eden regions: 709->0(1228)
[35.736s][info][gc,heap        ] GC(46) Survivor regions: 0->0(16)
[35.736s][info][gc,heap        ] GC(46) Old regions: 8->7
[35.736s][info][gc,heap        ] GC(46) Humongous regions: 181->0
[35.736s][info][gc,metaspace   ] GC(46) Metaspace: 24965K(25728K)->24965K(25728K) NonClass: 21892K(22272K)->21892K(22272K) Class: 3072K(3456K)->3072K(3456K)
[35.736s][info][gc             ] GC(46) Pause Full (System.gc()) 894M->5M(2048M) 10.945ms
[35.736s][info][gc,cpu         ] GC(46) User=0.02s Sys=0.00s Real=0.02s
[36.838s][info][gc,task        ] GC(47) Using 6 workers of 6 for full compaction
[36.838s][info][gc,start       ] GC(47) Pause Full (System.gc())
[36.838s][info][gc,phases,start] GC(47) Phase 1: Mark live objects
[36.842s][info][gc,stringtable ] GC(47) Cleaned string and symbol table, strings: 7200 processed, 0 removed, symbols: 64627 processed, 1 removed
[36.842s][info][gc,phases      ] GC(47) Phase 1: Mark live objects 3.454ms
[36.842s][info][gc,phases,start] GC(47) Phase 2: Prepare for compaction
[36.844s][info][gc,phases      ] GC(47) Phase 2: Prepare for compaction 2.049ms
[36.844s][info][gc,phases,start] GC(47) Phase 3: Adjust pointers
[36.846s][info][gc,phases      ] GC(47) Phase 3: Adjust pointers 2.617ms
[36.846s][info][gc,phases,start] GC(47) Phase 4: Compact heap
[36.847s][info][gc,phases      ] GC(47) Phase 4: Compact heap 0.897ms
[36.850s][info][gc,heap        ] GC(47) Eden regions: 708->0(1228)
[36.850s][info][gc,heap        ] GC(47) Survivor regions: 0->0(16)
[36.850s][info][gc,heap        ] GC(47) Old regions: 7->7
[36.850s][info][gc,heap        ] GC(47) Humongous regions: 181->0
[36.850s][info][gc,metaspace   ] GC(47) Metaspace: 24970K(25728K)->24970K(25728K) NonClass: 21897K(22272K)->21897K(22272K) Class: 3072K(3456K)->3072K(3456K)
[36.850s][info][gc             ] GC(47) Pause Full (System.gc()) 894M->5M(2048M) 11.980ms
[36.850s][info][gc,cpu         ] GC(47) User=0.02s Sys=0.00s Real=0.02s
[37.923s][info][gc,task        ] GC(48) Using 6 workers of 6 for full compaction
[37.923s][info][gc,start       ] GC(48) Pause Full (System.gc())
[37.923s][info][gc,phases,start] GC(48) Phase 1: Mark live objects
[37.926s][info][gc,stringtable ] GC(48) Cleaned string and symbol table, strings: 7203 processed, 0 removed, symbols: 64626 processed, 0 removed
[37.926s][info][gc,phases      ] GC(48) Phase 1: Mark live objects 2.814ms
[37.926s][info][gc,phases,start] GC(48) Phase 2: Prepare for compaction
[37.928s][info][gc,phases      ] GC(48) Phase 2: Prepare for compaction 1.818ms
[37.928s][info][gc,phases,start] GC(48) Phase 3: Adjust pointers
[37.930s][info][gc,phases      ] GC(48) Phase 3: Adjust pointers 2.519ms
[37.930s][info][gc,phases,start] GC(48) Phase 4: Compact heap
[37.931s][info][gc,phases      ] GC(48) Phase 4: Compact heap 0.849ms
[37.934s][info][gc,heap        ] GC(48) Eden regions: 709->0(1228)
[37.934s][info][gc,heap        ] GC(48) Survivor regions: 0->0(16)
[37.934s][info][gc,heap        ] GC(48) Old regions: 7->8
[37.934s][info][gc,heap        ] GC(48) Humongous regions: 181->0
[37.934s][info][gc,metaspace   ] GC(48) Metaspace: 24984K(25728K)->24984K(25728K) NonClass: 21911K(22272K)->21911K(22272K) Class: 3072K(3456K)->3072K(3456K)
[37.934s][info][gc             ] GC(48) Pause Full (System.gc()) 894M->5M(2048M) 10.863ms
[37.934s][info][gc,cpu         ] GC(48) User=0.00s Sys=0.00s Real=0.02s
[39.082s][info][gc,task        ] GC(49) Using 6 workers of 6 for full compaction
[39.082s][info][gc,start       ] GC(49) Pause Full (System.gc())
[39.082s][info][gc,phases,start] GC(49) Phase 1: Mark live objects
[39.085s][info][gc,stringtable ] GC(49) Cleaned string and symbol table, strings: 7205 processed, 0 removed, symbols: 64626 processed, 0 removed
[39.085s][info][gc,phases      ] GC(49) Phase 1: Mark live objects 2.871ms
[39.085s][info][gc,phases,start] GC(49) Phase 2: Prepare for compaction
[39.087s][info][gc,phases      ] GC(49) Phase 2: Prepare for compaction 2.028ms
[39.087s][info][gc,phases,start] GC(49) Phase 3: Adjust pointers
[39.090s][info][gc,phases      ] GC(49) Phase 3: Adjust pointers 2.525ms
[39.090s][info][gc,phases,start] GC(49) Phase 4: Compact heap
[39.091s][info][gc,phases      ] GC(49) Phase 4: Compact heap 1.410ms
[39.094s][info][gc,heap        ] GC(49) Eden regions: 708->0(1228)
[39.094s][info][gc,heap        ] GC(49) Survivor regions: 0->0(16)
[39.094s][info][gc,heap        ] GC(49) Old regions: 8->8
[39.094s][info][gc,heap        ] GC(49) Humongous regions: 181->0
[39.094s][info][gc,metaspace   ] GC(49) Metaspace: 24989K(25728K)->24989K(25728K) NonClass: 21916K(22272K)->21916K(22272K) Class: 3072K(3456K)->3072K(3456K)
[39.094s][info][gc             ] GC(49) Pause Full (System.gc()) 894M->5M(2048M) 11.839ms
[39.094s][info][gc,cpu         ] GC(49) User=0.00s Sys=0.00s Real=0.01s
[40.152s][info][gc,task        ] GC(50) Using 6 workers of 6 for full compaction
[40.152s][info][gc,start       ] GC(50) Pause Full (System.gc())
[40.153s][info][gc,phases,start] GC(50) Phase 1: Mark live objects
[40.156s][info][gc,stringtable ] GC(50) Cleaned string and symbol table, strings: 7207 processed, 0 removed, symbols: 64626 processed, 0 removed
[40.156s][info][gc,phases      ] GC(50) Phase 1: Mark live objects 3.510ms
[40.156s][info][gc,phases,start] GC(50) Phase 2: Prepare for compaction
[40.158s][info][gc,phases      ] GC(50) Phase 2: Prepare for compaction 1.849ms
[40.158s][info][gc,phases,start] GC(50) Phase 3: Adjust pointers
[40.161s][info][gc,phases      ] GC(50) Phase 3: Adjust pointers 2.684ms
[40.161s][info][gc,phases,start] GC(50) Phase 4: Compact heap
[40.162s][info][gc,phases      ] GC(50) Phase 4: Compact heap 0.880ms
[40.164s][info][gc,heap        ] GC(50) Eden regions: 709->0(1228)
[40.164s][info][gc,heap        ] GC(50) Survivor regions: 0->0(16)
[40.164s][info][gc,heap        ] GC(50) Old regions: 8->8
[40.164s][info][gc,heap        ] GC(50) Humongous regions: 181->0
[40.164s][info][gc,metaspace   ] GC(50) Metaspace: 25004K(25728K)->25004K(25728K) NonClass: 21931K(22272K)->21931K(22272K) Class: 3072K(3456K)->3072K(3456K)
[40.164s][info][gc             ] GC(50) Pause Full (System.gc()) 894M->5M(2048M) 11.849ms
[40.164s][info][gc,cpu         ] GC(50) User=0.02s Sys=0.00s Real=0.01s
[41.276s][info][gc,task        ] GC(51) Using 6 workers of 6 for full compaction
[41.276s][info][gc,start       ] GC(51) Pause Full (System.gc())
[41.276s][info][gc,phases,start] GC(51) Phase 1: Mark live objects
[41.280s][info][gc,stringtable ] GC(51) Cleaned string and symbol table, strings: 7207 processed, 0 removed, symbols: 64626 processed, 0 removed
[41.280s][info][gc,phases      ] GC(51) Phase 1: Mark live objects 3.651ms
[41.280s][info][gc,phases,start] GC(51) Phase 2: Prepare for compaction
[41.282s][info][gc,phases      ] GC(51) Phase 2: Prepare for compaction 1.904ms
[41.282s][info][gc,phases,start] GC(51) Phase 3: Adjust pointers
[41.284s][info][gc,phases      ] GC(51) Phase 3: Adjust pointers 2.530ms
[41.284s][info][gc,phases,start] GC(51) Phase 4: Compact heap
[41.286s][info][gc,phases      ] GC(51) Phase 4: Compact heap 1.420ms
[41.289s][info][gc,heap        ] GC(51) Eden regions: 709->0(1228)
[41.289s][info][gc,heap        ] GC(51) Survivor regions: 0->0(16)
[41.289s][info][gc,heap        ] GC(51) Old regions: 8->8
[41.289s][info][gc,heap        ] GC(51) Humongous regions: 181->0
[41.289s][info][gc,metaspace   ] GC(51) Metaspace: 25009K(25728K)->25009K(25728K) NonClass: 21936K(22272K)->21936K(22272K) Class: 3072K(3456K)->3072K(3456K)
[41.289s][info][gc             ] GC(51) Pause Full (System.gc()) 895M->5M(2048M) 12.949ms
[41.289s][info][gc,cpu         ] GC(51) User=0.02s Sys=0.00s Real=0.02s
[42.366s][info][gc,task        ] GC(52) Using 6 workers of 6 for full compaction
[42.366s][info][gc,start       ] GC(52) Pause Full (System.gc())
[42.367s][info][gc,phases,start] GC(52) Phase 1: Mark live objects
[42.371s][info][gc,stringtable ] GC(52) Cleaned string and symbol table, strings: 7207 processed, 0 removed, symbols: 64626 processed, 0 removed
[42.371s][info][gc,phases      ] GC(52) Phase 1: Mark live objects 3.944ms
[42.371s][info][gc,phases,start] GC(52) Phase 2: Prepare for compaction
[42.373s][info][gc,phases      ] GC(52) Phase 2: Prepare for compaction 2.400ms
[42.373s][info][gc,phases,start] GC(52) Phase 3: Adjust pointers
[42.376s][info][gc,phases      ] GC(52) Phase 3: Adjust pointers 2.621ms
[42.376s][info][gc,phases,start] GC(52) Phase 4: Compact heap
[42.377s][info][gc,phases      ] GC(52) Phase 4: Compact heap 1.111ms
[42.379s][info][gc,heap        ] GC(52) Eden regions: 709->0(1228)
[42.380s][info][gc,heap        ] GC(52) Survivor regions: 0->0(16)
[42.380s][info][gc,heap        ] GC(52) Old regions: 8->8
[42.380s][info][gc,heap        ] GC(52) Humongous regions: 181->0
[42.380s][info][gc,metaspace   ] GC(52) Metaspace: 25016K(25728K)->25016K(25728K) NonClass: 21943K(22272K)->21943K(22272K) Class: 3072K(3456K)->3072K(3456K)
[42.380s][info][gc             ] GC(52) Pause Full (System.gc()) 895M->5M(2048M) 13.055ms
[42.380s][info][gc,cpu         ] GC(52) User=0.00s Sys=0.00s Real=0.02s
[43.448s][info][gc,task        ] GC(53) Using 6 workers of 6 for full compaction
[43.448s][info][gc,start       ] GC(53) Pause Full (System.gc())
[43.448s][info][gc,phases,start] GC(53) Phase 1: Mark live objects
[43.451s][info][gc,stringtable ] GC(53) Cleaned string and symbol table, strings: 7208 processed, 0 removed, symbols: 64626 processed, 0 removed
[43.451s][info][gc,phases      ] GC(53) Phase 1: Mark live objects 3.094ms
[43.451s][info][gc,phases,start] GC(53) Phase 2: Prepare for compaction
[43.454s][info][gc,phases      ] GC(53) Phase 2: Prepare for compaction 2.193ms
[43.454s][info][gc,phases,start] GC(53) Phase 3: Adjust pointers
[43.457s][info][gc,phases      ] GC(53) Phase 3: Adjust pointers 2.883ms
[43.457s][info][gc,phases,start] GC(53) Phase 4: Compact heap
[43.458s][info][gc,phases      ] GC(53) Phase 4: Compact heap 0.913ms
[43.460s][info][gc,heap        ] GC(53) Eden regions: 709->0(1228)
[43.460s][info][gc,heap        ] GC(53) Survivor regions: 0->0(16)
[43.460s][info][gc,heap        ] GC(53) Old regions: 8->8
[43.460s][info][gc,heap        ] GC(53) Humongous regions: 181->0
[43.460s][info][gc,metaspace   ] GC(53) Metaspace: 25019K(25728K)->25019K(25728K) NonClass: 21946K(22272K)->21946K(22272K) Class: 3072K(3456K)->3072K(3456K)
[43.460s][info][gc             ] GC(53) Pause Full (System.gc()) 895M->5M(2048M) 12.003ms
[43.460s][info][gc,cpu         ] GC(53) User=0.00s Sys=0.00s Real=0.02s
[44.568s][info][gc,task        ] GC(54) Using 6 workers of 6 for full compaction
[44.568s][info][gc,start       ] GC(54) Pause Full (System.gc())
[44.569s][info][gc,phases,start] GC(54) Phase 1: Mark live objects
[44.571s][info][gc,stringtable ] GC(54) Cleaned string and symbol table, strings: 7208 processed, 0 removed, symbols: 64626 processed, 0 removed
[44.571s][info][gc,phases      ] GC(54) Phase 1: Mark live objects 2.914ms
[44.571s][info][gc,phases,start] GC(54) Phase 2: Prepare for compaction
[44.573s][info][gc,phases      ] GC(54) Phase 2: Prepare for compaction 1.820ms
[44.573s][info][gc,phases,start] GC(54) Phase 3: Adjust pointers
[44.576s][info][gc,phases      ] GC(54) Phase 3: Adjust pointers 2.628ms
[44.576s][info][gc,phases,start] GC(54) Phase 4: Compact heap
[44.577s][info][gc,phases      ] GC(54) Phase 4: Compact heap 0.977ms
[44.579s][info][gc,heap        ] GC(54) Eden regions: 709->0(1228)
[44.579s][info][gc,heap        ] GC(54) Survivor regions: 0->0(16)
[44.579s][info][gc,heap        ] GC(54) Old regions: 8->8
[44.579s][info][gc,heap        ] GC(54) Humongous regions: 181->0
[44.579s][info][gc,metaspace   ] GC(54) Metaspace: 25019K(25728K)->25019K(25728K) NonClass: 21946K(22272K)->21946K(22272K) Class: 3072K(3456K)->3072K(3456K)
[44.579s][info][gc             ] GC(54) Pause Full (System.gc()) 894M->5M(2048M) 11.135ms
[44.580s][info][gc,cpu         ] GC(54) User=0.00s Sys=0.00s Real=0.00s
[45.645s][info][gc,task        ] GC(55) Using 6 workers of 6 for full compaction
[45.645s][info][gc,start       ] GC(55) Pause Full (System.gc())
[45.645s][info][gc,phases,start] GC(55) Phase 1: Mark live objects
[45.648s][info][gc,stringtable ] GC(55) Cleaned string and symbol table, strings: 7208 processed, 0 removed, symbols: 64626 processed, 0 removed
[45.648s][info][gc,phases      ] GC(55) Phase 1: Mark live objects 3.130ms
[45.648s][info][gc,phases,start] GC(55) Phase 2: Prepare for compaction
[45.650s][info][gc,phases      ] GC(55) Phase 2: Prepare for compaction 2.114ms
[45.650s][info][gc,phases,start] GC(55) Phase 3: Adjust pointers
[45.653s][info][gc,phases      ] GC(55) Phase 3: Adjust pointers 2.674ms
[45.653s][info][gc,phases,start] GC(55) Phase 4: Compact heap
[45.654s][info][gc,phases      ] GC(55) Phase 4: Compact heap 1.029ms
[45.657s][info][gc,heap        ] GC(55) Eden regions: 709->0(1228)
[45.657s][info][gc,heap        ] GC(55) Survivor regions: 0->0(16)
[45.657s][info][gc,heap        ] GC(55) Old regions: 8->7
[45.657s][info][gc,heap        ] GC(55) Humongous regions: 181->0
[45.657s][info][gc,metaspace   ] GC(55) Metaspace: 25020K(25728K)->25020K(25728K) NonClass: 21947K(22272K)->21947K(22272K) Class: 3072K(3456K)->3072K(3456K)
[45.657s][info][gc             ] GC(55) Pause Full (System.gc()) 895M->5M(2048M) 11.852ms
[45.657s][info][gc,cpu         ] GC(55) User=0.00s Sys=0.00s Real=0.02s
[46.720s][info][gc,task        ] GC(56) Using 6 workers of 6 for full compaction
[46.720s][info][gc,start       ] GC(56) Pause Full (System.gc())
[46.720s][info][gc,phases,start] GC(56) Phase 1: Mark live objects
[46.723s][info][gc,stringtable ] GC(56) Cleaned string and symbol table, strings: 7208 processed, 0 removed, symbols: 64626 processed, 0 removed
[46.723s][info][gc,phases      ] GC(56) Phase 1: Mark live objects 2.661ms
[46.723s][info][gc,phases,start] GC(56) Phase 2: Prepare for compaction
[46.725s][info][gc,phases      ] GC(56) Phase 2: Prepare for compaction 1.803ms
[46.725s][info][gc,phases,start] GC(56) Phase 3: Adjust pointers
[46.727s][info][gc,phases      ] GC(56) Phase 3: Adjust pointers 2.614ms
[46.727s][info][gc,phases,start] GC(56) Phase 4: Compact heap
[46.728s][info][gc,phases      ] GC(56) Phase 4: Compact heap 0.852ms
[46.731s][info][gc,heap        ] GC(56) Eden regions: 709->0(1228)
[46.731s][info][gc,heap        ] GC(56) Survivor regions: 0->0(16)
[46.731s][info][gc,heap        ] GC(56) Old regions: 7->7
[46.731s][info][gc,heap        ] GC(56) Humongous regions: 181->0
[46.731s][info][gc,metaspace   ] GC(56) Metaspace: 25023K(25728K)->25023K(25728K) NonClass: 21950K(22272K)->21950K(22272K) Class: 3072K(3456K)->3072K(3456K)
[46.731s][info][gc             ] GC(56) Pause Full (System.gc()) 895M->5M(2048M) 10.870ms
[46.731s][info][gc,cpu         ] GC(56) User=0.00s Sys=0.00s Real=0.00s
[47.823s][info][gc,task        ] GC(57) Using 6 workers of 6 for full compaction
[47.824s][info][gc,start       ] GC(57) Pause Full (System.gc())
[47.824s][info][gc,phases,start] GC(57) Phase 1: Mark live objects
[47.827s][info][gc,stringtable ] GC(57) Cleaned string and symbol table, strings: 7208 processed, 0 removed, symbols: 64626 processed, 0 removed
[47.827s][info][gc,phases      ] GC(57) Phase 1: Mark live objects 3.182ms
[47.827s][info][gc,phases,start] GC(57) Phase 2: Prepare for compaction
[47.829s][info][gc,phases      ] GC(57) Phase 2: Prepare for compaction 1.855ms
[47.829s][info][gc,phases,start] GC(57) Phase 3: Adjust pointers
[47.831s][info][gc,phases      ] GC(57) Phase 3: Adjust pointers 2.569ms
[47.831s][info][gc,phases,start] GC(57) Phase 4: Compact heap
[47.833s][info][gc,phases      ] GC(57) Phase 4: Compact heap 1.899ms
[47.836s][info][gc,heap        ] GC(57) Eden regions: 709->0(1228)
[47.836s][info][gc,heap        ] GC(57) Survivor regions: 0->0(16)
[47.836s][info][gc,heap        ] GC(57) Old regions: 7->7
[47.836s][info][gc,heap        ] GC(57) Humongous regions: 181->0
[47.836s][info][gc,metaspace   ] GC(57) Metaspace: 25024K(25728K)->25024K(25728K) NonClass: 21951K(22272K)->21951K(22272K) Class: 3072K(3456K)->3072K(3456K)
[47.836s][info][gc             ] GC(57) Pause Full (System.gc()) 895M->5M(2048M) 12.543ms
[47.836s][info][gc,cpu         ] GC(57) User=0.02s Sys=0.00s Real=0.01s
[48.901s][info][gc,task        ] GC(58) Using 6 workers of 6 for full compaction
[48.901s][info][gc,start       ] GC(58) Pause Full (System.gc())
[48.901s][info][gc,phases,start] GC(58) Phase 1: Mark live objects
[48.904s][info][gc,stringtable ] GC(58) Cleaned string and symbol table, strings: 7208 processed, 0 removed, symbols: 64626 processed, 0 removed
[48.904s][info][gc,phases      ] GC(58) Phase 1: Mark live objects 2.960ms
[48.904s][info][gc,phases,start] GC(58) Phase 2: Prepare for compaction
[48.906s][info][gc,phases      ] GC(58) Phase 2: Prepare for compaction 1.813ms
[48.906s][info][gc,phases,start] GC(58) Phase 3: Adjust pointers
[48.908s][info][gc,phases      ] GC(58) Phase 3: Adjust pointers 2.616ms
[48.908s][info][gc,phases,start] GC(58) Phase 4: Compact heap
[48.909s][info][gc,phases      ] GC(58) Phase 4: Compact heap 0.859ms
[48.912s][info][gc,heap        ] GC(58) Eden regions: 709->0(1228)
[48.912s][info][gc,heap        ] GC(58) Survivor regions: 0->0(16)
[48.912s][info][gc,heap        ] GC(58) Old regions: 7->8
[48.912s][info][gc,heap        ] GC(58) Humongous regions: 181->0
[48.912s][info][gc,metaspace   ] GC(58) Metaspace: 25024K(25728K)->25024K(25728K) NonClass: 21951K(22272K)->21951K(22272K) Class: 3072K(3456K)->3072K(3456K)
[48.912s][info][gc             ] GC(58) Pause Full (System.gc()) 894M->5M(2048M) 11.298ms
[48.912s][info][gc,cpu         ] GC(58) User=0.00s Sys=0.00s Real=0.00s
[50.000s][info][gc,task        ] GC(59) Using 6 workers of 6 for full compaction
[50.000s][info][gc,start       ] GC(59) Pause Full (System.gc())
[50.000s][info][gc,phases,start] GC(59) Phase 1: Mark live objects
[50.003s][info][gc,stringtable ] GC(59) Cleaned string and symbol table, strings: 7208 processed, 0 removed, symbols: 64627 processed, 1 removed
[50.003s][info][gc,phases      ] GC(59) Phase 1: Mark live objects 2.946ms
[50.003s][info][gc,phases,start] GC(59) Phase 2: Prepare for compaction
[50.005s][info][gc,phases      ] GC(59) Phase 2: Prepare for compaction 1.814ms
[50.005s][info][gc,phases,start] GC(59) Phase 3: Adjust pointers
[50.008s][info][gc,phases      ] GC(59) Phase 3: Adjust pointers 2.678ms
[50.008s][info][gc,phases,start] GC(59) Phase 4: Compact heap
[50.009s][info][gc,phases      ] GC(59) Phase 4: Compact heap 0.845ms
[50.011s][info][gc,heap        ] GC(59) Eden regions: 708->0(1228)
[50.011s][info][gc,heap        ] GC(59) Survivor regions: 0->0(16)
[50.011s][info][gc,heap        ] GC(59) Old regions: 8->7
[50.011s][info][gc,heap        ] GC(59) Humongous regions: 181->0
[50.011s][info][gc,metaspace   ] GC(59) Metaspace: 25032K(25728K)->25032K(25728K) NonClass: 21959K(22272K)->21959K(22272K) Class: 3072K(3456K)->3072K(3456K)
[50.011s][info][gc             ] GC(59) Pause Full (System.gc()) 894M->5M(2048M) 11.247ms
[50.011s][info][gc,cpu         ] GC(59) User=0.00s Sys=0.00s Real=0.00s
[51.096s][info][gc,task        ] GC(60) Using 6 workers of 6 for full compaction
[51.096s][info][gc,start       ] GC(60) Pause Full (System.gc())
[51.096s][info][gc,phases,start] GC(60) Phase 1: Mark live objects
[51.099s][info][gc,stringtable ] GC(60) Cleaned string and symbol table, strings: 7208 processed, 0 removed, symbols: 64626 processed, 0 removed
[51.099s][info][gc,phases      ] GC(60) Phase 1: Mark live objects 2.798ms
[51.099s][info][gc,phases,start] GC(60) Phase 2: Prepare for compaction
[51.101s][info][gc,phases      ] GC(60) Phase 2: Prepare for compaction 1.816ms
[51.101s][info][gc,phases,start] GC(60) Phase 3: Adjust pointers
[51.104s][info][gc,phases      ] GC(60) Phase 3: Adjust pointers 2.690ms
[51.104s][info][gc,phases,start] GC(60) Phase 4: Compact heap
[51.105s][info][gc,phases      ] GC(60) Phase 4: Compact heap 0.985ms
[51.107s][info][gc,heap        ] GC(60) Eden regions: 709->0(1228)
[51.107s][info][gc,heap        ] GC(60) Survivor regions: 0->0(16)
[51.107s][info][gc,heap        ] GC(60) Old regions: 7->7
[51.107s][info][gc,heap        ] GC(60) Humongous regions: 181->0
[51.107s][info][gc,metaspace   ] GC(60) Metaspace: 25032K(25728K)->25032K(25728K) NonClass: 21959K(22272K)->21959K(22272K) Class: 3072K(3456K)->3072K(3456K)
[51.107s][info][gc             ] GC(60) Pause Full (System.gc()) 894M->5M(2048M) 11.243ms
[51.107s][info][gc,cpu         ] GC(60) User=0.00s Sys=0.00s Real=0.02s
[52.173s][info][gc,task        ] GC(61) Using 6 workers of 6 for full compaction
[52.174s][info][gc,start       ] GC(61) Pause Full (System.gc())
[52.174s][info][gc,phases,start] GC(61) Phase 1: Mark live objects
[52.177s][info][gc,stringtable ] GC(61) Cleaned string and symbol table, strings: 7208 processed, 0 removed, symbols: 64626 processed, 0 removed
[52.177s][info][gc,phases      ] GC(61) Phase 1: Mark live objects 3.338ms
[52.177s][info][gc,phases,start] GC(61) Phase 2: Prepare for compaction
[52.179s][info][gc,phases      ] GC(61) Phase 2: Prepare for compaction 2.304ms
[52.179s][info][gc,phases,start] GC(61) Phase 3: Adjust pointers
[52.182s][info][gc,phases      ] GC(61) Phase 3: Adjust pointers 2.839ms
[52.182s][info][gc,phases,start] GC(61) Phase 4: Compact heap
[52.183s][info][gc,phases      ] GC(61) Phase 4: Compact heap 0.924ms
[52.186s][info][gc,heap        ] GC(61) Eden regions: 709->0(1228)
[52.186s][info][gc,heap        ] GC(61) Survivor regions: 0->0(16)
[52.186s][info][gc,heap        ] GC(61) Old regions: 7->7
[52.186s][info][gc,heap        ] GC(61) Humongous regions: 181->0
[52.186s][info][gc,metaspace   ] GC(61) Metaspace: 25032K(25728K)->25032K(25728K) NonClass: 21959K(22272K)->21959K(22272K) Class: 3072K(3456K)->3072K(3456K)
[52.186s][info][gc             ] GC(61) Pause Full (System.gc()) 895M->5M(2048M) 12.587ms
[52.186s][info][gc,cpu         ] GC(61) User=0.00s Sys=0.00s Real=0.01s
[53.258s][info][gc,task        ] GC(62) Using 6 workers of 6 for full compaction
[53.258s][info][gc,start       ] GC(62) Pause Full (System.gc())
[53.258s][info][gc,phases,start] GC(62) Phase 1: Mark live objects
[53.262s][info][gc,stringtable ] GC(62) Cleaned string and symbol table, strings: 7208 processed, 0 removed, symbols: 64626 processed, 0 removed
[53.262s][info][gc,phases      ] GC(62) Phase 1: Mark live objects 3.481ms
[53.262s][info][gc,phases,start] GC(62) Phase 2: Prepare for compaction
[53.264s][info][gc,phases      ] GC(62) Phase 2: Prepare for compaction 2.263ms
[53.264s][info][gc,phases,start] GC(62) Phase 3: Adjust pointers
[53.267s][info][gc,phases      ] GC(62) Phase 3: Adjust pointers 2.624ms
[53.267s][info][gc,phases,start] GC(62) Phase 4: Compact heap
[53.267s][info][gc,phases      ] GC(62) Phase 4: Compact heap 0.891ms
[53.270s][info][gc,heap        ] GC(62) Eden regions: 709->0(1228)
[53.270s][info][gc,heap        ] GC(62) Survivor regions: 0->0(16)
[53.270s][info][gc,heap        ] GC(62) Old regions: 7->8
[53.270s][info][gc,heap        ] GC(62) Humongous regions: 181->0
[53.270s][info][gc,metaspace   ] GC(62) Metaspace: 25035K(25728K)->25035K(25728K) NonClass: 21962K(22272K)->21962K(22272K) Class: 3072K(3456K)->3072K(3456K)
[53.270s][info][gc             ] GC(62) Pause Full (System.gc()) 894M->5M(2048M) 12.343ms
[53.270s][info][gc,cpu         ] GC(62) User=0.00s Sys=0.00s Real=0.02s
[54.338s][info][gc,task        ] GC(63) Using 6 workers of 6 for full compaction
[54.338s][info][gc,start       ] GC(63) Pause Full (System.gc())
[54.338s][info][gc,phases,start] GC(63) Phase 1: Mark live objects
[54.342s][info][gc,stringtable ] GC(63) Cleaned string and symbol table, strings: 7208 processed, 0 removed, symbols: 64626 processed, 0 removed
[54.342s][info][gc,phases      ] GC(63) Phase 1: Mark live objects 3.079ms
[54.342s][info][gc,phases,start] GC(63) Phase 2: Prepare for compaction
[54.344s][info][gc,phases      ] GC(63) Phase 2: Prepare for compaction 2.086ms
[54.344s][info][gc,phases,start] GC(63) Phase 3: Adjust pointers
[54.347s][info][gc,phases      ] GC(63) Phase 3: Adjust pointers 3.004ms
[54.347s][info][gc,phases,start] GC(63) Phase 4: Compact heap
[54.348s][info][gc,phases      ] GC(63) Phase 4: Compact heap 0.955ms
[54.351s][info][gc,heap        ] GC(63) Eden regions: 709->0(1228)
[54.351s][info][gc,heap        ] GC(63) Survivor regions: 0->0(16)
[54.351s][info][gc,heap        ] GC(63) Old regions: 8->6
[54.351s][info][gc,heap        ] GC(63) Humongous regions: 181->0
[54.351s][info][gc,metaspace   ] GC(63) Metaspace: 25036K(25728K)->25036K(25728K) NonClass: 21963K(22272K)->21963K(22272K) Class: 3072K(3456K)->3072K(3456K)
[54.351s][info][gc             ] GC(63) Pause Full (System.gc()) 895M->5M(2048M) 12.378ms
[54.351s][info][gc,cpu         ] GC(63) User=0.00s Sys=0.00s Real=0.02s
[55.420s][info][gc,task        ] GC(64) Using 6 workers of 6 for full compaction
[55.420s][info][gc,start       ] GC(64) Pause Full (System.gc())
[55.420s][info][gc,phases,start] GC(64) Phase 1: Mark live objects
[55.423s][info][gc,stringtable ] GC(64) Cleaned string and symbol table, strings: 7211 processed, 0 removed, symbols: 64626 processed, 0 removed
[55.423s][info][gc,phases      ] GC(64) Phase 1: Mark live objects 2.777ms
[55.423s][info][gc,phases,start] GC(64) Phase 2: Prepare for compaction
[55.425s][info][gc,phases      ] GC(64) Phase 2: Prepare for compaction 2.142ms
[55.425s][info][gc,phases,start] GC(64) Phase 3: Adjust pointers
[55.428s][info][gc,phases      ] GC(64) Phase 3: Adjust pointers 2.687ms
[55.428s][info][gc,phases,start] GC(64) Phase 4: Compact heap
[55.429s][info][gc,phases      ] GC(64) Phase 4: Compact heap 1.443ms
[55.432s][info][gc,heap        ] GC(64) Eden regions: 709->0(1228)
[55.432s][info][gc,heap        ] GC(64) Survivor regions: 0->0(16)
[55.432s][info][gc,heap        ] GC(64) Old regions: 6->8
[55.432s][info][gc,heap        ] GC(64) Humongous regions: 181->0
[55.432s][info][gc,metaspace   ] GC(64) Metaspace: 25040K(25728K)->25040K(25728K) NonClass: 21968K(22272K)->21968K(22272K) Class: 3072K(3456K)->3072K(3456K)
[55.432s][info][gc             ] GC(64) Pause Full (System.gc()) 895M->5M(2048M) 12.035ms
[55.432s][info][gc,cpu         ] GC(64) User=0.00s Sys=0.00s Real=0.00s
[56.522s][info][gc,task        ] GC(65) Using 6 workers of 6 for full compaction
[56.522s][info][gc,start       ] GC(65) Pause Full (System.gc())
[56.522s][info][gc,phases,start] GC(65) Phase 1: Mark live objects
[56.526s][info][gc,stringtable ] GC(65) Cleaned string and symbol table, strings: 7211 processed, 0 removed, symbols: 64626 processed, 0 removed
[56.526s][info][gc,phases      ] GC(65) Phase 1: Mark live objects 3.624ms
[56.526s][info][gc,phases,start] GC(65) Phase 2: Prepare for compaction
[56.528s][info][gc,phases      ] GC(65) Phase 2: Prepare for compaction 1.843ms
[56.528s][info][gc,phases,start] GC(65) Phase 3: Adjust pointers
[56.530s][info][gc,phases      ] GC(65) Phase 3: Adjust pointers 2.783ms
[56.530s][info][gc,phases,start] GC(65) Phase 4: Compact heap
[56.531s][info][gc,phases      ] GC(65) Phase 4: Compact heap 0.863ms
[56.534s][info][gc,heap        ] GC(65) Eden regions: 708->0(1228)
[56.534s][info][gc,heap        ] GC(65) Survivor regions: 0->0(16)
[56.534s][info][gc,heap        ] GC(65) Old regions: 8->6
[56.534s][info][gc,heap        ] GC(65) Humongous regions: 181->0
[56.534s][info][gc,metaspace   ] GC(65) Metaspace: 25040K(25728K)->25040K(25728K) NonClass: 21968K(22272K)->21968K(22272K) Class: 3072K(3456K)->3072K(3456K)
[56.534s][info][gc             ] GC(65) Pause Full (System.gc()) 894M->5M(2048M) 12.320ms
[56.534s][info][gc,cpu         ] GC(65) User=0.00s Sys=0.00s Real=0.02s
[57.615s][info][gc,task        ] GC(66) Using 6 workers of 6 for full compaction
[57.616s][info][gc,start       ] GC(66) Pause Full (System.gc())
[57.616s][info][gc,phases,start] GC(66) Phase 1: Mark live objects
[57.619s][info][gc,stringtable ] GC(66) Cleaned string and symbol table, strings: 7211 processed, 0 removed, symbols: 64626 processed, 0 removed
[57.619s][info][gc,phases      ] GC(66) Phase 1: Mark live objects 3.025ms
[57.619s][info][gc,phases,start] GC(66) Phase 2: Prepare for compaction
[57.621s][info][gc,phases      ] GC(66) Phase 2: Prepare for compaction 1.866ms
[57.621s][info][gc,phases,start] GC(66) Phase 3: Adjust pointers
[57.623s][info][gc,phases      ] GC(66) Phase 3: Adjust pointers 2.674ms
[57.623s][info][gc,phases,start] GC(66) Phase 4: Compact heap
[57.624s][info][gc,phases      ] GC(66) Phase 4: Compact heap 1.003ms
[57.628s][info][gc,heap        ] GC(66) Eden regions: 709->0(1228)
[57.628s][info][gc,heap        ] GC(66) Survivor regions: 0->0(16)
[57.628s][info][gc,heap        ] GC(66) Old regions: 6->7
[57.628s][info][gc,heap        ] GC(66) Humongous regions: 181->0
[57.628s][info][gc,metaspace   ] GC(66) Metaspace: 25042K(25728K)->25042K(25728K) NonClass: 21970K(22272K)->21970K(22272K) Class: 3072K(3456K)->3072K(3456K)
[57.628s][info][gc             ] GC(66) Pause Full (System.gc()) 895M->5M(2048M) 12.065ms
[57.628s][info][gc,cpu         ] GC(66) User=0.03s Sys=0.00s Real=0.02s
[58.691s][info][gc,task        ] GC(67) Using 6 workers of 6 for full compaction
[58.691s][info][gc,start       ] GC(67) Pause Full (System.gc())
[58.692s][info][gc,phases,start] GC(67) Phase 1: Mark live objects
[58.694s][info][gc,stringtable ] GC(67) Cleaned string and symbol table, strings: 7211 processed, 0 removed, symbols: 64626 processed, 0 removed
[58.695s][info][gc,phases      ] GC(67) Phase 1: Mark live objects 2.936ms
[58.695s][info][gc,phases,start] GC(67) Phase 2: Prepare for compaction
[58.696s][info][gc,phases      ] GC(67) Phase 2: Prepare for compaction 1.859ms
[58.696s][info][gc,phases,start] GC(67) Phase 3: Adjust pointers
[58.699s][info][gc,phases      ] GC(67) Phase 3: Adjust pointers 2.623ms
[58.699s][info][gc,phases,start] GC(67) Phase 4: Compact heap
[58.700s][info][gc,phases      ] GC(67) Phase 4: Compact heap 1.057ms
[58.703s][info][gc,heap        ] GC(67) Eden regions: 708->0(1228)
[58.703s][info][gc,heap        ] GC(67) Survivor regions: 0->0(16)
[58.703s][info][gc,heap        ] GC(67) Old regions: 7->7
[58.703s][info][gc,heap        ] GC(67) Humongous regions: 181->0
[58.703s][info][gc,metaspace   ] GC(67) Metaspace: 25049K(25984K)->25049K(25984K) NonClass: 21976K(22528K)->21976K(22528K) Class: 3072K(3456K)->3072K(3456K)
[58.703s][info][gc             ] GC(67) Pause Full (System.gc()) 894M->5M(2048M) 11.412ms
[58.703s][info][gc,cpu         ] GC(67) User=0.02s Sys=0.00s Real=0.02s
[59.781s][info][gc,task        ] GC(68) Using 6 workers of 6 for full compaction
[59.781s][info][gc,start       ] GC(68) Pause Full (System.gc())
[59.781s][info][gc,phases,start] GC(68) Phase 1: Mark live objects
[59.784s][info][gc,stringtable ] GC(68) Cleaned string and symbol table, strings: 7213 processed, 0 removed, symbols: 64626 processed, 0 removed
[59.784s][info][gc,phases      ] GC(68) Phase 1: Mark live objects 2.965ms
[59.784s][info][gc,phases,start] GC(68) Phase 2: Prepare for compaction
[59.786s][info][gc,phases      ] GC(68) Phase 2: Prepare for compaction 1.805ms
[59.786s][info][gc,phases,start] GC(68) Phase 3: Adjust pointers
[59.789s][info][gc,phases      ] GC(68) Phase 3: Adjust pointers 2.716ms
[59.789s][info][gc,phases,start] GC(68) Phase 4: Compact heap
[59.790s][info][gc,phases      ] GC(68) Phase 4: Compact heap 1.507ms
[59.793s][info][gc,heap        ] GC(68) Eden regions: 709->0(1228)
[59.793s][info][gc,heap        ] GC(68) Survivor regions: 0->0(16)
[59.793s][info][gc,heap        ] GC(68) Old regions: 7->7
[59.793s][info][gc,heap        ] GC(68) Humongous regions: 181->0
[59.793s][info][gc,metaspace   ] GC(68) Metaspace: 25051K(25984K)->25051K(25984K) NonClass: 21978K(22528K)->21978K(22528K) Class: 3072K(3456K)->3072K(3456K)
[59.793s][info][gc             ] GC(68) Pause Full (System.gc()) 894M->5M(2048M) 12.332ms
[59.794s][info][gc,cpu         ] GC(68) User=0.00s Sys=0.00s Real=0.01s
[60.906s][info][gc,task        ] GC(69) Using 6 workers of 6 for full compaction
[60.906s][info][gc,start       ] GC(69) Pause Full (System.gc())
[60.906s][info][gc,phases,start] GC(69) Phase 1: Mark live objects
[60.909s][info][gc,stringtable ] GC(69) Cleaned string and symbol table, strings: 7213 processed, 0 removed, symbols: 64626 processed, 0 removed
[60.909s][info][gc,phases      ] GC(69) Phase 1: Mark live objects 3.425ms
[60.909s][info][gc,phases,start] GC(69) Phase 2: Prepare for compaction
[60.911s][info][gc,phases      ] GC(69) Phase 2: Prepare for compaction 2.049ms
[60.911s][info][gc,phases,start] GC(69) Phase 3: Adjust pointers
[60.914s][info][gc,phases      ] GC(69) Phase 3: Adjust pointers 2.721ms
[60.914s][info][gc,phases,start] GC(69) Phase 4: Compact heap
[60.915s][info][gc,phases      ] GC(69) Phase 4: Compact heap 1.124ms
[60.918s][info][gc,heap        ] GC(69) Eden regions: 709->0(1228)
[60.918s][info][gc,heap        ] GC(69) Survivor regions: 0->0(16)
[60.918s][info][gc,heap        ] GC(69) Old regions: 7->8
[60.918s][info][gc,heap        ] GC(69) Humongous regions: 181->0
[60.918s][info][gc,metaspace   ] GC(69) Metaspace: 25051K(25984K)->25051K(25984K) NonClass: 21978K(22528K)->21978K(22528K) Class: 3072K(3456K)->3072K(3456K)
[60.918s][info][gc             ] GC(69) Pause Full (System.gc()) 895M->5M(2048M) 12.450ms
[60.918s][info][gc,cpu         ] GC(69) User=0.00s Sys=0.00s Real=0.02s
[62.005s][info][gc,task        ] GC(70) Using 6 workers of 6 for full compaction
[62.005s][info][gc,start       ] GC(70) Pause Full (System.gc())
[62.005s][info][gc,phases,start] GC(70) Phase 1: Mark live objects
[62.008s][info][gc,stringtable ] GC(70) Cleaned string and symbol table, strings: 7236 processed, 0 removed, symbols: 64626 processed, 0 removed
[62.008s][info][gc,phases      ] GC(70) Phase 1: Mark live objects 2.762ms
[62.008s][info][gc,phases,start] GC(70) Phase 2: Prepare for compaction
[62.010s][info][gc,phases      ] GC(70) Phase 2: Prepare for compaction 1.837ms
[62.010s][info][gc,phases,start] GC(70) Phase 3: Adjust pointers
[62.013s][info][gc,phases      ] GC(70) Phase 3: Adjust pointers 2.646ms
[62.013s][info][gc,phases,start] GC(70) Phase 4: Compact heap
[62.014s][info][gc,phases      ] GC(70) Phase 4: Compact heap 0.942ms
[62.016s][info][gc,heap        ] GC(70) Eden regions: 709->0(1228)
[62.016s][info][gc,heap        ] GC(70) Survivor regions: 0->0(16)
[62.016s][info][gc,heap        ] GC(70) Old regions: 8->7
[62.016s][info][gc,heap        ] GC(70) Humongous regions: 181->0
[62.016s][info][gc,metaspace   ] GC(70) Metaspace: 25051K(25984K)->25051K(25984K) NonClass: 21978K(22528K)->21978K(22528K) Class: 3072K(3456K)->3072K(3456K)
[62.016s][info][gc             ] GC(70) Pause Full (System.gc()) 894M->5M(2048M) 11.089ms
[62.016s][info][gc,cpu         ] GC(70) User=0.00s Sys=0.00s Real=0.02s
[63.128s][info][gc,task        ] GC(71) Using 6 workers of 6 for full compaction
[63.128s][info][gc,start       ] GC(71) Pause Full (System.gc())
[63.128s][info][gc,phases,start] GC(71) Phase 1: Mark live objects
[63.131s][info][gc,stringtable ] GC(71) Cleaned string and symbol table, strings: 7236 processed, 0 removed, symbols: 64626 processed, 0 removed
[63.131s][info][gc,phases      ] GC(71) Phase 1: Mark live objects 2.817ms
[63.131s][info][gc,phases,start] GC(71) Phase 2: Prepare for compaction
[63.133s][info][gc,phases      ] GC(71) Phase 2: Prepare for compaction 1.847ms
[63.133s][info][gc,phases,start] GC(71) Phase 3: Adjust pointers
[63.136s][info][gc,phases      ] GC(71) Phase 3: Adjust pointers 2.672ms
[63.136s][info][gc,phases,start] GC(71) Phase 4: Compact heap
[63.137s][info][gc,phases      ] GC(71) Phase 4: Compact heap 1.188ms
[63.140s][info][gc,heap        ] GC(71) Eden regions: 708->0(1228)
[63.140s][info][gc,heap        ] GC(71) Survivor regions: 0->0(16)
[63.140s][info][gc,heap        ] GC(71) Old regions: 7->7
[63.140s][info][gc,heap        ] GC(71) Humongous regions: 181->0
[63.140s][info][gc,metaspace   ] GC(71) Metaspace: 25055K(25984K)->25055K(25984K) NonClass: 21982K(22528K)->21982K(22528K) Class: 3072K(3456K)->3072K(3456K)
[63.140s][info][gc             ] GC(71) Pause Full (System.gc()) 894M->5M(2048M) 11.982ms
[63.140s][info][gc,cpu         ] GC(71) User=0.00s Sys=0.00s Real=0.01s
[64.229s][info][gc,task        ] GC(72) Using 6 workers of 6 for full compaction
[64.229s][info][gc,start       ] GC(72) Pause Full (System.gc())
[64.229s][info][gc,phases,start] GC(72) Phase 1: Mark live objects
[64.232s][info][gc,stringtable ] GC(72) Cleaned string and symbol table, strings: 7259 processed, 0 removed, symbols: 64626 processed, 0 removed
[64.232s][info][gc,phases      ] GC(72) Phase 1: Mark live objects 2.824ms
[64.232s][info][gc,phases,start] GC(72) Phase 2: Prepare for compaction
[64.234s][info][gc,phases      ] GC(72) Phase 2: Prepare for compaction 1.942ms
[64.234s][info][gc,phases,start] GC(72) Phase 3: Adjust pointers
[64.237s][info][gc,phases      ] GC(72) Phase 3: Adjust pointers 2.771ms
[64.237s][info][gc,phases,start] GC(72) Phase 4: Compact heap
[64.238s][info][gc,phases      ] GC(72) Phase 4: Compact heap 1.349ms
[64.241s][info][gc,heap        ] GC(72) Eden regions: 709->0(1228)
[64.241s][info][gc,heap        ] GC(72) Survivor regions: 0->0(16)
[64.241s][info][gc,heap        ] GC(72) Old regions: 7->8
[64.241s][info][gc,heap        ] GC(72) Humongous regions: 181->0
[64.241s][info][gc,metaspace   ] GC(72) Metaspace: 25056K(25984K)->25056K(25984K) NonClass: 21983K(22528K)->21983K(22528K) Class: 3072K(3456K)->3072K(3456K)
[64.241s][info][gc             ] GC(72) Pause Full (System.gc()) 894M->5M(2048M) 12.061ms
[64.241s][info][gc,cpu         ] GC(72) User=0.02s Sys=0.00s Real=0.01s
[65.317s][info][gc,task        ] GC(73) Using 6 workers of 6 for full compaction
[65.317s][info][gc,start       ] GC(73) Pause Full (System.gc())
[65.318s][info][gc,phases,start] GC(73) Phase 1: Mark live objects
[65.321s][info][gc,stringtable ] GC(73) Cleaned string and symbol table, strings: 7259 processed, 0 removed, symbols: 64626 processed, 0 removed
[65.321s][info][gc,phases      ] GC(73) Phase 1: Mark live objects 3.108ms
[65.321s][info][gc,phases,start] GC(73) Phase 2: Prepare for compaction
[65.323s][info][gc,phases      ] GC(73) Phase 2: Prepare for compaction 1.945ms
[65.323s][info][gc,phases,start] GC(73) Phase 3: Adjust pointers
[65.326s][info][gc,phases      ] GC(73) Phase 3: Adjust pointers 2.720ms
[65.326s][info][gc,phases,start] GC(73) Phase 4: Compact heap
[65.327s][info][gc,phases      ] GC(73) Phase 4: Compact heap 0.898ms
[65.329s][info][gc,heap        ] GC(73) Eden regions: 708->0(1228)
[65.329s][info][gc,heap        ] GC(73) Survivor regions: 0->0(16)
[65.329s][info][gc,heap        ] GC(73) Old regions: 8->7
[65.329s][info][gc,heap        ] GC(73) Humongous regions: 181->0
[65.329s][info][gc,metaspace   ] GC(73) Metaspace: 25056K(25984K)->25056K(25984K) NonClass: 21983K(22528K)->21983K(22528K) Class: 3072K(3456K)->3072K(3456K)
[65.329s][info][gc             ] GC(73) Pause Full (System.gc()) 894M->5M(2048M) 11.742ms
[65.329s][info][gc,cpu         ] GC(73) User=0.00s Sys=0.00s Real=0.02s
[66.406s][info][gc,task        ] GC(74) Using 6 workers of 6 for full compaction
[66.406s][info][gc,start       ] GC(74) Pause Full (System.gc())
[66.406s][info][gc,phases,start] GC(74) Phase 1: Mark live objects
[66.409s][info][gc,stringtable ] GC(74) Cleaned string and symbol table, strings: 7259 processed, 0 removed, symbols: 64626 processed, 0 removed
[66.409s][info][gc,phases      ] GC(74) Phase 1: Mark live objects 3.041ms
[66.409s][info][gc,phases,start] GC(74) Phase 2: Prepare for compaction
[66.411s][info][gc,phases      ] GC(74) Phase 2: Prepare for compaction 1.845ms
[66.411s][info][gc,phases,start] GC(74) Phase 3: Adjust pointers
[66.414s][info][gc,phases      ] GC(74) Phase 3: Adjust pointers 2.711ms
[66.414s][info][gc,phases,start] GC(74) Phase 4: Compact heap
[66.415s][info][gc,phases      ] GC(74) Phase 4: Compact heap 1.007ms
[66.418s][info][gc,heap        ] GC(74) Eden regions: 709->0(1228)
[66.418s][info][gc,heap        ] GC(74) Survivor regions: 0->0(16)
[66.418s][info][gc,heap        ] GC(74) Old regions: 7->6
[66.418s][info][gc,heap        ] GC(74) Humongous regions: 181->0
[66.418s][info][gc,metaspace   ] GC(74) Metaspace: 25056K(25984K)->25056K(25984K) NonClass: 21983K(22528K)->21983K(22528K) Class: 3072K(3456K)->3072K(3456K)
[66.418s][info][gc             ] GC(74) Pause Full (System.gc()) 894M->5M(2048M) 11.859ms
[66.418s][info][gc,cpu         ] GC(74) User=0.02s Sys=0.00s Real=0.02s
[67.488s][info][gc,task        ] GC(75) Using 6 workers of 6 for full compaction
[67.488s][info][gc,start       ] GC(75) Pause Full (System.gc())
[67.489s][info][gc,phases,start] GC(75) Phase 1: Mark live objects
[67.492s][info][gc,stringtable ] GC(75) Cleaned string and symbol table, strings: 7259 processed, 0 removed, symbols: 64626 processed, 0 removed
[67.492s][info][gc,phases      ] GC(75) Phase 1: Mark live objects 3.370ms
[67.492s][info][gc,phases,start] GC(75) Phase 2: Prepare for compaction
[67.494s][info][gc,phases      ] GC(75) Phase 2: Prepare for compaction 1.938ms
[67.494s][info][gc,phases,start] GC(75) Phase 3: Adjust pointers
[67.497s][info][gc,phases      ] GC(75) Phase 3: Adjust pointers 2.652ms
[67.497s][info][gc,phases,start] GC(75) Phase 4: Compact heap
[67.498s][info][gc,phases      ] GC(75) Phase 4: Compact heap 1.123ms
[67.501s][info][gc,heap        ] GC(75) Eden regions: 708->0(1228)
[67.501s][info][gc,heap        ] GC(75) Survivor regions: 0->0(16)
[67.501s][info][gc,heap        ] GC(75) Old regions: 6->8
[67.501s][info][gc,heap        ] GC(75) Humongous regions: 181->0
[67.501s][info][gc,metaspace   ] GC(75) Metaspace: 25056K(25984K)->25056K(25984K) NonClass: 21983K(22528K)->21983K(22528K) Class: 3072K(3456K)->3072K(3456K)
[67.501s][info][gc             ] GC(75) Pause Full (System.gc()) 894M->5M(2048M) 12.659ms
[67.501s][info][gc,cpu         ] GC(75) User=0.00s Sys=0.00s Real=0.02s
[68.582s][info][gc,task        ] GC(76) Using 6 workers of 6 for full compaction
[68.582s][info][gc,start       ] GC(76) Pause Full (System.gc())
[68.583s][info][gc,phases,start] GC(76) Phase 1: Mark live objects
[68.585s][info][gc,stringtable ] GC(76) Cleaned string and symbol table, strings: 7259 processed, 0 removed, symbols: 64626 processed, 0 removed
[68.585s][info][gc,phases      ] GC(76) Phase 1: Mark live objects 2.750ms
[68.585s][info][gc,phases,start] GC(76) Phase 2: Prepare for compaction
[68.587s][info][gc,phases      ] GC(76) Phase 2: Prepare for compaction 1.820ms
[68.587s][info][gc,phases,start] GC(76) Phase 3: Adjust pointers
[68.590s][info][gc,phases      ] GC(76) Phase 3: Adjust pointers 2.698ms
[68.590s][info][gc,phases,start] GC(76) Phase 4: Compact heap
[68.591s][info][gc,phases      ] GC(76) Phase 4: Compact heap 0.859ms
[68.594s][info][gc,heap        ] GC(76) Eden regions: 709->0(1228)
[68.594s][info][gc,heap        ] GC(76) Survivor regions: 0->0(16)
[68.594s][info][gc,heap        ] GC(76) Old regions: 8->8
[68.594s][info][gc,heap        ] GC(76) Humongous regions: 181->0
[68.594s][info][gc,metaspace   ] GC(76) Metaspace: 25056K(25984K)->25056K(25984K) NonClass: 21983K(22528K)->21983K(22528K) Class: 3072K(3456K)->3072K(3456K)
[68.594s][info][gc             ] GC(76) Pause Full (System.gc()) 894M->5M(2048M) 11.276ms
[68.594s][info][gc,cpu         ] GC(76) User=0.00s Sys=0.00s Real=0.02s
[69.677s][info][gc,task        ] GC(77) Using 6 workers of 6 for full compaction
[69.677s][info][gc,start       ] GC(77) Pause Full (System.gc())
[69.677s][info][gc,phases,start] GC(77) Phase 1: Mark live objects
[69.681s][info][gc,stringtable ] GC(77) Cleaned string and symbol table, strings: 7259 processed, 0 removed, symbols: 64626 processed, 0 removed
[69.681s][info][gc,phases      ] GC(77) Phase 1: Mark live objects 3.217ms
[69.681s][info][gc,phases,start] GC(77) Phase 2: Prepare for compaction
[69.683s][info][gc,phases      ] GC(77) Phase 2: Prepare for compaction 2.466ms
[69.683s][info][gc,phases,start] GC(77) Phase 3: Adjust pointers
[69.686s][info][gc,phases      ] GC(77) Phase 3: Adjust pointers 2.671ms
[69.686s][info][gc,phases,start] GC(77) Phase 4: Compact heap
[69.687s][info][gc,phases      ] GC(77) Phase 4: Compact heap 0.933ms
[69.689s][info][gc,heap        ] GC(77) Eden regions: 709->0(1228)
[69.689s][info][gc,heap        ] GC(77) Survivor regions: 0->0(16)
[69.689s][info][gc,heap        ] GC(77) Old regions: 8->6
[69.689s][info][gc,heap        ] GC(77) Humongous regions: 181->0
[69.689s][info][gc,metaspace   ] GC(77) Metaspace: 25056K(25984K)->25056K(25984K) NonClass: 21983K(22528K)->21983K(22528K) Class: 3072K(3456K)->3072K(3456K)
[69.689s][info][gc             ] GC(77) Pause Full (System.gc()) 895M->5M(2048M) 12.326ms
[69.690s][info][gc,cpu         ] GC(77) User=0.00s Sys=0.00s Real=0.02s
[70.750s][info][gc,task        ] GC(78) Using 6 workers of 6 for full compaction
[70.750s][info][gc,start       ] GC(78) Pause Full (System.gc())
[70.751s][info][gc,phases,start] GC(78) Phase 1: Mark live objects
[70.754s][info][gc,stringtable ] GC(78) Cleaned string and symbol table, strings: 7259 processed, 0 removed, symbols: 64626 processed, 0 removed
[70.754s][info][gc,phases      ] GC(78) Phase 1: Mark live objects 3.156ms
[70.754s][info][gc,phases,start] GC(78) Phase 2: Prepare for compaction
[70.756s][info][gc,phases      ] GC(78) Phase 2: Prepare for compaction 1.821ms
[70.756s][info][gc,phases,start] GC(78) Phase 3: Adjust pointers
[70.759s][info][gc,phases      ] GC(78) Phase 3: Adjust pointers 2.902ms
[70.759s][info][gc,phases,start] GC(78) Phase 4: Compact heap
[70.760s][info][gc,phases      ] GC(78) Phase 4: Compact heap 0.900ms
[70.763s][info][gc,heap        ] GC(78) Eden regions: 709->0(1228)
[70.763s][info][gc,heap        ] GC(78) Survivor regions: 0->0(16)
[70.763s][info][gc,heap        ] GC(78) Old regions: 6->7
[70.763s][info][gc,heap        ] GC(78) Humongous regions: 181->0
[70.763s][info][gc,metaspace   ] GC(78) Metaspace: 25056K(25984K)->25056K(25984K) NonClass: 21983K(22528K)->21983K(22528K) Class: 3072K(3456K)->3072K(3456K)
[70.763s][info][gc             ] GC(78) Pause Full (System.gc()) 894M->5M(2048M) 12.175ms
[70.763s][info][gc,cpu         ] GC(78) User=0.02s Sys=0.00s Real=0.02s
[71.825s][info][gc,task        ] GC(79) Using 6 workers of 6 for full compaction
[71.825s][info][gc,start       ] GC(79) Pause Full (System.gc())
[71.825s][info][gc,phases,start] GC(79) Phase 1: Mark live objects
[71.829s][info][gc,stringtable ] GC(79) Cleaned string and symbol table, strings: 7259 processed, 0 removed, symbols: 64626 processed, 0 removed
[71.829s][info][gc,phases      ] GC(79) Phase 1: Mark live objects 3.219ms
[71.829s][info][gc,phases,start] GC(79) Phase 2: Prepare for compaction
[71.831s][info][gc,phases      ] GC(79) Phase 2: Prepare for compaction 2.207ms
[71.831s][info][gc,phases,start] GC(79) Phase 3: Adjust pointers
[71.834s][info][gc,phases      ] GC(79) Phase 3: Adjust pointers 2.720ms
[71.834s][info][gc,phases,start] GC(79) Phase 4: Compact heap
[71.835s][info][gc,phases      ] GC(79) Phase 4: Compact heap 0.949ms
[71.837s][info][gc,heap        ] GC(79) Eden regions: 708->0(1228)
[71.837s][info][gc,heap        ] GC(79) Survivor regions: 0->0(16)
[71.837s][info][gc,heap        ] GC(79) Old regions: 7->7
[71.837s][info][gc,heap        ] GC(79) Humongous regions: 181->0
[71.837s][info][gc,metaspace   ] GC(79) Metaspace: 25056K(25984K)->25056K(25984K) NonClass: 21983K(22528K)->21983K(22528K) Class: 3072K(3456K)->3072K(3456K)
[71.837s][info][gc             ] GC(79) Pause Full (System.gc()) 894M->5M(2048M) 12.271ms
[71.838s][info][gc,cpu         ] GC(79) User=0.00s Sys=0.00s Real=0.00s
[72.920s][info][gc,task        ] GC(80) Using 6 workers of 6 for full compaction
[72.920s][info][gc,start       ] GC(80) Pause Full (System.gc())
[72.920s][info][gc,phases,start] GC(80) Phase 1: Mark live objects
[72.923s][info][gc,stringtable ] GC(80) Cleaned string and symbol table, strings: 7259 processed, 0 removed, symbols: 64626 processed, 0 removed
[72.923s][info][gc,phases      ] GC(80) Phase 1: Mark live objects 3.125ms
[72.923s][info][gc,phases,start] GC(80) Phase 2: Prepare for compaction
[72.925s][info][gc,phases      ] GC(80) Phase 2: Prepare for compaction 2.011ms
[72.925s][info][gc,phases,start] GC(80) Phase 3: Adjust pointers
[72.928s][info][gc,phases      ] GC(80) Phase 3: Adjust pointers 2.751ms
[72.928s][info][gc,phases,start] GC(80) Phase 4: Compact heap
[72.930s][info][gc,phases      ] GC(80) Phase 4: Compact heap 1.768ms
[72.933s][info][gc,heap        ] GC(80) Eden regions: 709->0(1228)
[72.933s][info][gc,heap        ] GC(80) Survivor regions: 0->0(16)
[72.933s][info][gc,heap        ] GC(80) Old regions: 7->6
[72.933s][info][gc,heap        ] GC(80) Humongous regions: 181->0
[72.933s][info][gc,metaspace   ] GC(80) Metaspace: 25059K(25984K)->25059K(25984K) NonClass: 21986K(22528K)->21986K(22528K) Class: 3072K(3456K)->3072K(3456K)
[72.933s][info][gc             ] GC(80) Pause Full (System.gc()) 894M->5M(2048M) 12.811ms
[72.933s][info][gc,cpu         ] GC(80) User=0.00s Sys=0.00s Real=0.02s
[74.012s][info][gc,task        ] GC(81) Using 6 workers of 6 for full compaction
[74.012s][info][gc,start       ] GC(81) Pause Full (System.gc())
[74.012s][info][gc,phases,start] GC(81) Phase 1: Mark live objects
[74.015s][info][gc,stringtable ] GC(81) Cleaned string and symbol table, strings: 7259 processed, 0 removed, symbols: 64626 processed, 0 removed
[74.015s][info][gc,phases      ] GC(81) Phase 1: Mark live objects 2.733ms
[74.015s][info][gc,phases,start] GC(81) Phase 2: Prepare for compaction
[74.017s][info][gc,phases      ] GC(81) Phase 2: Prepare for compaction 1.811ms
[74.017s][info][gc,phases,start] GC(81) Phase 3: Adjust pointers
[74.020s][info][gc,phases      ] GC(81) Phase 3: Adjust pointers 2.706ms
[74.020s][info][gc,phases,start] GC(81) Phase 4: Compact heap
[74.021s][info][gc,phases      ] GC(81) Phase 4: Compact heap 0.862ms
[74.023s][info][gc,heap        ] GC(81) Eden regions: 709->0(1228)
[74.023s][info][gc,heap        ] GC(81) Survivor regions: 0->0(16)
[74.023s][info][gc,heap        ] GC(81) Old regions: 6->8
[74.023s][info][gc,heap        ] GC(81) Humongous regions: 181->0
[74.023s][info][gc,metaspace   ] GC(81) Metaspace: 25059K(25984K)->25059K(25984K) NonClass: 21986K(22528K)->21986K(22528K) Class: 3072K(3456K)->3072K(3456K)
[74.023s][info][gc             ] GC(81) Pause Full (System.gc()) 895M->5M(2048M) 11.285ms
[74.024s][info][gc,cpu         ] GC(81) User=0.00s Sys=0.00s Real=0.02s
[75.086s][info][gc,task        ] GC(82) Using 6 workers of 6 for full compaction
[75.086s][info][gc,start       ] GC(82) Pause Full (System.gc())
[75.086s][info][gc,phases,start] GC(82) Phase 1: Mark live objects
[75.089s][info][gc,stringtable ] GC(82) Cleaned string and symbol table, strings: 7259 processed, 0 removed, symbols: 64626 processed, 0 removed
[75.089s][info][gc,phases      ] GC(82) Phase 1: Mark live objects 2.977ms
[75.089s][info][gc,phases,start] GC(82) Phase 2: Prepare for compaction
[75.091s][info][gc,phases      ] GC(82) Phase 2: Prepare for compaction 1.975ms
[75.091s][info][gc,phases,start] GC(82) Phase 3: Adjust pointers
[75.094s][info][gc,phases      ] GC(82) Phase 3: Adjust pointers 2.758ms
[75.094s][info][gc,phases,start] GC(82) Phase 4: Compact heap
[75.095s][info][gc,phases      ] GC(82) Phase 4: Compact heap 1.388ms
[75.098s][info][gc,heap        ] GC(82) Eden regions: 709->0(1228)
[75.098s][info][gc,heap        ] GC(82) Survivor regions: 0->0(16)
[75.098s][info][gc,heap        ] GC(82) Old regions: 8->7
[75.098s][info][gc,heap        ] GC(82) Humongous regions: 181->0
[75.098s][info][gc,metaspace   ] GC(82) Metaspace: 25059K(25984K)->25059K(25984K) NonClass: 21986K(22528K)->21986K(22528K) Class: 3072K(3456K)->3072K(3456K)
[75.098s][info][gc             ] GC(82) Pause Full (System.gc()) 895M->5M(2048M) 12.240ms
[75.098s][info][gc,cpu         ] GC(82) User=0.02s Sys=0.00s Real=0.02s
[76.179s][info][gc,task        ] GC(83) Using 6 workers of 6 for full compaction
[76.179s][info][gc,start       ] GC(83) Pause Full (System.gc())
[76.179s][info][gc,phases,start] GC(83) Phase 1: Mark live objects
[76.182s][info][gc,stringtable ] GC(83) Cleaned string and symbol table, strings: 7259 processed, 0 removed, symbols: 64626 processed, 0 removed
[76.182s][info][gc,phases      ] GC(83) Phase 1: Mark live objects 2.747ms
[76.182s][info][gc,phases,start] GC(83) Phase 2: Prepare for compaction
[76.184s][info][gc,phases      ] GC(83) Phase 2: Prepare for compaction 1.849ms
[76.184s][info][gc,phases,start] GC(83) Phase 3: Adjust pointers
[76.186s][info][gc,phases      ] GC(83) Phase 3: Adjust pointers 2.752ms
[76.186s][info][gc,phases,start] GC(83) Phase 4: Compact heap
[76.187s][info][gc,phases      ] GC(83) Phase 4: Compact heap 0.965ms
[76.190s][info][gc,heap        ] GC(83) Eden regions: 709->0(1228)
[76.190s][info][gc,heap        ] GC(83) Survivor regions: 0->0(16)
[76.190s][info][gc,heap        ] GC(83) Old regions: 7->7
[76.190s][info][gc,heap        ] GC(83) Humongous regions: 181->0
[76.190s][info][gc,metaspace   ] GC(83) Metaspace: 25062K(25984K)->25062K(25984K) NonClass: 21989K(22528K)->21989K(22528K) Class: 3072K(3456K)->3072K(3456K)
[76.190s][info][gc             ] GC(83) Pause Full (System.gc()) 895M->5M(2048M) 11.572ms
[76.190s][info][gc,cpu         ] GC(83) User=0.00s Sys=0.00s Real=0.02s
[77.263s][info][gc,task        ] GC(84) Using 6 workers of 6 for full compaction
[77.263s][info][gc,start       ] GC(84) Pause Full (System.gc())
[77.263s][info][gc,phases,start] GC(84) Phase 1: Mark live objects
[77.266s][info][gc,stringtable ] GC(84) Cleaned string and symbol table, strings: 7259 processed, 0 removed, symbols: 64626 processed, 0 removed
[77.266s][info][gc,phases      ] GC(84) Phase 1: Mark live objects 3.149ms
[77.266s][info][gc,phases,start] GC(84) Phase 2: Prepare for compaction
[77.268s][info][gc,phases      ] GC(84) Phase 2: Prepare for compaction 1.851ms
[77.268s][info][gc,phases,start] GC(84) Phase 3: Adjust pointers
[77.271s][info][gc,phases      ] GC(84) Phase 3: Adjust pointers 2.717ms
[77.271s][info][gc,phases,start] GC(84) Phase 4: Compact heap
[77.272s][info][gc,phases      ] GC(84) Phase 4: Compact heap 0.874ms
[77.275s][info][gc,heap        ] GC(84) Eden regions: 709->0(1228)
[77.275s][info][gc,heap        ] GC(84) Survivor regions: 0->0(16)
[77.275s][info][gc,heap        ] GC(84) Old regions: 7->7
[77.275s][info][gc,heap        ] GC(84) Humongous regions: 181->0
[77.275s][info][gc,metaspace   ] GC(84) Metaspace: 25062K(25984K)->25062K(25984K) NonClass: 21989K(22528K)->21989K(22528K) Class: 3072K(3456K)->3072K(3456K)
[77.275s][info][gc             ] GC(84) Pause Full (System.gc()) 894M->5M(2048M) 12.161ms
[77.275s][info][gc,cpu         ] GC(84) User=0.02s Sys=0.00s Real=0.02s
[78.481s][info][gc,task        ] GC(85) Using 6 workers of 6 for full compaction
[78.481s][info][gc,start       ] GC(85) Pause Full (System.gc())
[78.481s][info][gc,phases,start] GC(85) Phase 1: Mark live objects
[78.484s][info][gc,stringtable ] GC(85) Cleaned string and symbol table, strings: 7259 processed, 0 removed, symbols: 64626 processed, 0 removed
[78.484s][info][gc,phases      ] GC(85) Phase 1: Mark live objects 3.621ms
[78.484s][info][gc,phases,start] GC(85) Phase 2: Prepare for compaction
[78.486s][info][gc,phases      ] GC(85) Phase 2: Prepare for compaction 1.871ms
[78.486s][info][gc,phases,start] GC(85) Phase 3: Adjust pointers
[78.489s][info][gc,phases      ] GC(85) Phase 3: Adjust pointers 2.721ms
[78.489s][info][gc,phases,start] GC(85) Phase 4: Compact heap
[78.491s][info][gc,phases      ] GC(85) Phase 4: Compact heap 1.786ms
[78.494s][info][gc,heap        ] GC(85) Eden regions: 708->0(1228)
[78.494s][info][gc,heap        ] GC(85) Survivor regions: 0->0(16)
[78.494s][info][gc,heap        ] GC(85) Old regions: 7->7
[78.494s][info][gc,heap        ] GC(85) Humongous regions: 181->0
[78.494s][info][gc,metaspace   ] GC(85) Metaspace: 25062K(25984K)->25062K(25984K) NonClass: 21989K(22528K)->21989K(22528K) Class: 3072K(3456K)->3072K(3456K)
[78.494s][info][gc             ] GC(85) Pause Full (System.gc()) 894M->5M(2048M) 13.111ms
[78.494s][info][gc,cpu         ] GC(85) User=0.02s Sys=0.00s Real=0.01s
[79.585s][info][gc,task        ] GC(86) Using 6 workers of 6 for full compaction
[79.585s][info][gc,start       ] GC(86) Pause Full (System.gc())
[79.585s][info][gc,phases,start] GC(86) Phase 1: Mark live objects
[79.588s][info][gc,stringtable ] GC(86) Cleaned string and symbol table, strings: 7259 processed, 0 removed, symbols: 64626 processed, 0 removed
[79.588s][info][gc,phases      ] GC(86) Phase 1: Mark live objects 3.064ms
[79.588s][info][gc,phases,start] GC(86) Phase 2: Prepare for compaction
[79.590s][info][gc,phases      ] GC(86) Phase 2: Prepare for compaction 2.084ms
[79.590s][info][gc,phases,start] GC(86) Phase 3: Adjust pointers
[79.593s][info][gc,phases      ] GC(86) Phase 3: Adjust pointers 3.034ms
[79.593s][info][gc,phases,start] GC(86) Phase 4: Compact heap
[79.594s][info][gc,phases      ] GC(86) Phase 4: Compact heap 0.931ms
[79.597s][info][gc,heap        ] GC(86) Eden regions: 709->0(1228)
[79.597s][info][gc,heap        ] GC(86) Survivor regions: 0->0(16)
[79.597s][info][gc,heap        ] GC(86) Old regions: 7->6
[79.597s][info][gc,heap        ] GC(86) Humongous regions: 181->0
[79.597s][info][gc,metaspace   ] GC(86) Metaspace: 25062K(25984K)->25062K(25984K) NonClass: 21989K(22528K)->21989K(22528K) Class: 3072K(3456K)->3072K(3456K)
[79.597s][info][gc             ] GC(86) Pause Full (System.gc()) 894M->5M(2048M) 12.441ms
[79.597s][info][gc,cpu         ] GC(86) User=0.00s Sys=0.00s Real=0.02s
[80.690s][info][gc,task        ] GC(87) Using 6 workers of 6 for full compaction
[80.690s][info][gc,start       ] GC(87) Pause Full (System.gc())
[80.690s][info][gc,phases,start] GC(87) Phase 1: Mark live objects
[80.693s][info][gc,stringtable ] GC(87) Cleaned string and symbol table, strings: 7259 processed, 0 removed, symbols: 64626 processed, 0 removed
[80.693s][info][gc,phases      ] GC(87) Phase 1: Mark live objects 2.869ms
[80.693s][info][gc,phases,start] GC(87) Phase 2: Prepare for compaction
[80.695s][info][gc,phases      ] GC(87) Phase 2: Prepare for compaction 1.962ms
[80.695s][info][gc,phases,start] GC(87) Phase 3: Adjust pointers
[80.698s][info][gc,phases      ] GC(87) Phase 3: Adjust pointers 2.708ms
[80.698s][info][gc,phases,start] GC(87) Phase 4: Compact heap
[80.699s][info][gc,phases      ] GC(87) Phase 4: Compact heap 0.996ms
[80.702s][info][gc,heap        ] GC(87) Eden regions: 709->0(1228)
[80.702s][info][gc,heap        ] GC(87) Survivor regions: 0->0(16)
[80.702s][info][gc,heap        ] GC(87) Old regions: 6->8
[80.702s][info][gc,heap        ] GC(87) Humongous regions: 181->0
[80.702s][info][gc,metaspace   ] GC(87) Metaspace: 25062K(25984K)->25062K(25984K) NonClass: 21989K(22528K)->21989K(22528K) Class: 3072K(3456K)->3072K(3456K)
[80.702s][info][gc             ] GC(87) Pause Full (System.gc()) 895M->5M(2048M) 11.466ms
[80.702s][info][gc,cpu         ] GC(87) User=0.02s Sys=0.00s Real=0.02s
[81.889s][info][gc,task        ] GC(88) Using 6 workers of 6 for full compaction
[81.889s][info][gc,start       ] GC(88) Pause Full (System.gc())
[81.890s][info][gc,phases,start] GC(88) Phase 1: Mark live objects
[81.893s][info][gc,stringtable ] GC(88) Cleaned string and symbol table, strings: 7259 processed, 0 removed, symbols: 64626 processed, 0 removed
[81.893s][info][gc,phases      ] GC(88) Phase 1: Mark live objects 3.417ms
[81.893s][info][gc,phases,start] GC(88) Phase 2: Prepare for compaction
[81.895s][info][gc,phases      ] GC(88) Phase 2: Prepare for compaction 1.870ms
[81.895s][info][gc,phases,start] GC(88) Phase 3: Adjust pointers
[81.898s][info][gc,phases      ] GC(88) Phase 3: Adjust pointers 2.784ms
[81.898s][info][gc,phases,start] GC(88) Phase 4: Compact heap
[81.899s][info][gc,phases      ] GC(88) Phase 4: Compact heap 0.948ms
[81.901s][info][gc,heap        ] GC(88) Eden regions: 709->0(1228)
[81.901s][info][gc,heap        ] GC(88) Survivor regions: 0->0(16)
[81.901s][info][gc,heap        ] GC(88) Old regions: 8->7
[81.901s][info][gc,heap        ] GC(88) Humongous regions: 181->0
[81.901s][info][gc,metaspace   ] GC(88) Metaspace: 25062K(25984K)->25062K(25984K) NonClass: 21989K(22528K)->21989K(22528K) Class: 3072K(3456K)->3072K(3456K)
[81.901s][info][gc             ] GC(88) Pause Full (System.gc()) 895M->5M(2048M) 12.061ms
[81.902s][info][gc,cpu         ] GC(88) User=0.00s Sys=0.00s Real=0.00s
[82.972s][info][gc,task        ] GC(89) Using 6 workers of 6 for full compaction
[82.972s][info][gc,start       ] GC(89) Pause Full (System.gc())
[82.972s][info][gc,phases,start] GC(89) Phase 1: Mark live objects
[82.975s][info][gc,stringtable ] GC(89) Cleaned string and symbol table, strings: 7259 processed, 0 removed, symbols: 64626 processed, 0 removed
[82.975s][info][gc,phases      ] GC(89) Phase 1: Mark live objects 2.974ms
[82.975s][info][gc,phases,start] GC(89) Phase 2: Prepare for compaction
[82.977s][info][gc,phases      ] GC(89) Phase 2: Prepare for compaction 1.864ms
[82.977s][info][gc,phases,start] GC(89) Phase 3: Adjust pointers
[82.980s][info][gc,phases      ] GC(89) Phase 3: Adjust pointers 2.691ms
[82.980s][info][gc,phases,start] GC(89) Phase 4: Compact heap
[82.981s][info][gc,phases      ] GC(89) Phase 4: Compact heap 0.881ms
[82.983s][info][gc,heap        ] GC(89) Eden regions: 709->0(1228)
[82.984s][info][gc,heap        ] GC(89) Survivor regions: 0->0(16)
[82.984s][info][gc,heap        ] GC(89) Old regions: 7->7
[82.984s][info][gc,heap        ] GC(89) Humongous regions: 181->0
[82.984s][info][gc,metaspace   ] GC(89) Metaspace: 25062K(25984K)->25062K(25984K) NonClass: 21989K(22528K)->21989K(22528K) Class: 3072K(3456K)->3072K(3456K)
[82.984s][info][gc             ] GC(89) Pause Full (System.gc()) 895M->5M(2048M) 11.402ms
[82.984s][info][gc,cpu         ] GC(89) User=0.02s Sys=0.00s Real=0.01s
[84.063s][info][gc,task        ] GC(90) Using 6 workers of 6 for full compaction
[84.063s][info][gc,start       ] GC(90) Pause Full (System.gc())
[84.063s][info][gc,phases,start] GC(90) Phase 1: Mark live objects
[84.066s][info][gc,stringtable ] GC(90) Cleaned string and symbol table, strings: 7262 processed, 0 removed, symbols: 64626 processed, 0 removed
[84.066s][info][gc,phases      ] GC(90) Phase 1: Mark live objects 2.972ms
[84.066s][info][gc,phases,start] GC(90) Phase 2: Prepare for compaction
[84.068s][info][gc,phases      ] GC(90) Phase 2: Prepare for compaction 1.967ms
[84.068s][info][gc,phases,start] GC(90) Phase 3: Adjust pointers
[84.071s][info][gc,phases      ] GC(90) Phase 3: Adjust pointers 2.852ms
[84.071s][info][gc,phases,start] GC(90) Phase 4: Compact heap
[84.072s][info][gc,phases      ] GC(90) Phase 4: Compact heap 1.209ms
[84.075s][info][gc,heap        ] GC(90) Eden regions: 709->0(1228)
[84.075s][info][gc,heap        ] GC(90) Survivor regions: 0->0(16)
[84.075s][info][gc,heap        ] GC(90) Old regions: 7->8
[84.075s][info][gc,heap        ] GC(90) Humongous regions: 181->0
[84.075s][info][gc,metaspace   ] GC(90) Metaspace: 25067K(25984K)->25067K(25984K) NonClass: 21994K(22528K)->21994K(22528K) Class: 3072K(3456K)->3072K(3456K)
[84.075s][info][gc             ] GC(90) Pause Full (System.gc()) 894M->5M(2048M) 12.112ms
[84.075s][info][gc,cpu         ] GC(90) User=0.00s Sys=0.00s Real=0.02s
[85.145s][info][gc,task        ] GC(91) Using 6 workers of 6 for full compaction
[85.145s][info][gc,start       ] GC(91) Pause Full (System.gc())
[85.145s][info][gc,phases,start] GC(91) Phase 1: Mark live objects
[85.148s][info][gc,stringtable ] GC(91) Cleaned string and symbol table, strings: 7262 processed, 0 removed, symbols: 64626 processed, 0 removed
[85.148s][info][gc,phases      ] GC(91) Phase 1: Mark live objects 2.970ms
[85.148s][info][gc,phases,start] GC(91) Phase 2: Prepare for compaction
[85.150s][info][gc,phases      ] GC(91) Phase 2: Prepare for compaction 1.908ms
[85.150s][info][gc,phases,start] GC(91) Phase 3: Adjust pointers
[85.153s][info][gc,phases      ] GC(91) Phase 3: Adjust pointers 2.806ms
[85.153s][info][gc,phases,start] GC(91) Phase 4: Compact heap
[85.154s][info][gc,phases      ] GC(91) Phase 4: Compact heap 1.316ms
[85.157s][info][gc,heap        ] GC(91) Eden regions: 709->0(1228)
[85.157s][info][gc,heap        ] GC(91) Survivor regions: 0->0(16)
[85.157s][info][gc,heap        ] GC(91) Old regions: 8->8
[85.157s][info][gc,heap        ] GC(91) Humongous regions: 181->0
[85.157s][info][gc,metaspace   ] GC(91) Metaspace: 25067K(25984K)->25067K(25984K) NonClass: 21994K(22528K)->21994K(22528K) Class: 3072K(3456K)->3072K(3456K)
[85.157s][info][gc             ] GC(91) Pause Full (System.gc()) 895M->5M(2048M) 12.346ms
[85.157s][info][gc,cpu         ] GC(91) User=0.00s Sys=0.00s Real=0.02s
[86.240s][info][gc,task        ] GC(92) Using 6 workers of 6 for full compaction
[86.240s][info][gc,start       ] GC(92) Pause Full (System.gc())
[86.240s][info][gc,phases,start] GC(92) Phase 1: Mark live objects
[86.243s][info][gc,stringtable ] GC(92) Cleaned string and symbol table, strings: 7262 processed, 0 removed, symbols: 64626 processed, 0 removed
[86.243s][info][gc,phases      ] GC(92) Phase 1: Mark live objects 2.997ms
[86.243s][info][gc,phases,start] GC(92) Phase 2: Prepare for compaction
[86.245s][info][gc,phases      ] GC(92) Phase 2: Prepare for compaction 1.813ms
[86.245s][info][gc,phases,start] GC(92) Phase 3: Adjust pointers
[86.248s][info][gc,phases      ] GC(92) Phase 3: Adjust pointers 2.774ms
[86.248s][info][gc,phases,start] GC(92) Phase 4: Compact heap
[86.249s][info][gc,phases      ] GC(92) Phase 4: Compact heap 0.976ms
[86.252s][info][gc,heap        ] GC(92) Eden regions: 709->0(1228)
[86.252s][info][gc,heap        ] GC(92) Survivor regions: 0->0(16)
[86.252s][info][gc,heap        ] GC(92) Old regions: 8->8
[86.252s][info][gc,heap        ] GC(92) Humongous regions: 181->0
[86.252s][info][gc,metaspace   ] GC(92) Metaspace: 25067K(25984K)->25067K(25984K) NonClass: 21994K(22528K)->21994K(22528K) Class: 3072K(3456K)->3072K(3456K)
[86.252s][info][gc             ] GC(92) Pause Full (System.gc()) 895M->5M(2048M) 12.256ms
[86.252s][info][gc,cpu         ] GC(92) User=0.00s Sys=0.00s Real=0.00s
[87.344s][info][gc,task        ] GC(93) Using 6 workers of 6 for full compaction
[87.344s][info][gc,start       ] GC(93) Pause Full (System.gc())
[87.344s][info][gc,phases,start] GC(93) Phase 1: Mark live objects
[87.347s][info][gc,stringtable ] GC(93) Cleaned string and symbol table, strings: 7262 processed, 0 removed, symbols: 64626 processed, 0 removed
[87.347s][info][gc,phases      ] GC(93) Phase 1: Mark live objects 3.112ms
[87.347s][info][gc,phases,start] GC(93) Phase 2: Prepare for compaction
[87.349s][info][gc,phases      ] GC(93) Phase 2: Prepare for compaction 1.978ms
[87.349s][info][gc,phases,start] GC(93) Phase 3: Adjust pointers
[87.352s][info][gc,phases      ] GC(93) Phase 3: Adjust pointers 2.805ms
[87.352s][info][gc,phases,start] GC(93) Phase 4: Compact heap
[87.354s][info][gc,phases      ] GC(93) Phase 4: Compact heap 1.571ms
[87.356s][info][gc,heap        ] GC(93) Eden regions: 708->0(1228)
[87.357s][info][gc,heap        ] GC(93) Survivor regions: 0->0(16)
[87.357s][info][gc,heap        ] GC(93) Old regions: 8->6
[87.357s][info][gc,heap        ] GC(93) Humongous regions: 181->0
[87.357s][info][gc,metaspace   ] GC(93) Metaspace: 25067K(25984K)->25067K(25984K) NonClass: 21994K(22528K)->21994K(22528K) Class: 3072K(3456K)->3072K(3456K)
[87.357s][info][gc             ] GC(93) Pause Full (System.gc()) 894M->5M(2048M) 12.855ms
[87.357s][info][gc,cpu         ] GC(93) User=0.00s Sys=0.00s Real=0.02s
[88.429s][info][gc,task        ] GC(94) Using 6 workers of 6 for full compaction
[88.429s][info][gc,start       ] GC(94) Pause Full (System.gc())
[88.429s][info][gc,phases,start] GC(94) Phase 1: Mark live objects
[88.433s][info][gc,stringtable ] GC(94) Cleaned string and symbol table, strings: 7262 processed, 0 removed, symbols: 64626 processed, 0 removed
[88.433s][info][gc,phases      ] GC(94) Phase 1: Mark live objects 3.651ms
[88.433s][info][gc,phases,start] GC(94) Phase 2: Prepare for compaction
[88.435s][info][gc,phases      ] GC(94) Phase 2: Prepare for compaction 2.264ms
[88.435s][info][gc,phases,start] GC(94) Phase 3: Adjust pointers
[88.438s][info][gc,phases      ] GC(94) Phase 3: Adjust pointers 2.830ms
[88.438s][info][gc,phases,start] GC(94) Phase 4: Compact heap
[88.439s][info][gc,phases      ] GC(94) Phase 4: Compact heap 0.889ms
[88.442s][info][gc,heap        ] GC(94) Eden regions: 709->0(1228)
[88.442s][info][gc,heap        ] GC(94) Survivor regions: 0->0(16)
[88.442s][info][gc,heap        ] GC(94) Old regions: 6->7
[88.442s][info][gc,heap        ] GC(94) Humongous regions: 181->0
[88.442s][info][gc,metaspace   ] GC(94) Metaspace: 25068K(25984K)->25068K(25984K) NonClass: 21995K(22528K)->21995K(22528K) Class: 3072K(3456K)->3072K(3456K)
[88.442s][info][gc             ] GC(94) Pause Full (System.gc()) 894M->5M(2048M) 12.864ms
[88.442s][info][gc,cpu         ] GC(94) User=0.02s Sys=0.00s Real=0.01s
[89.541s][info][gc,task        ] GC(95) Using 6 workers of 6 for full compaction
[89.541s][info][gc,start       ] GC(95) Pause Full (System.gc())
[89.541s][info][gc,phases,start] GC(95) Phase 1: Mark live objects
[89.544s][info][gc,stringtable ] GC(95) Cleaned string and symbol table, strings: 7262 processed, 0 removed, symbols: 64626 processed, 0 removed
[89.544s][info][gc,phases      ] GC(95) Phase 1: Mark live objects 2.940ms
[89.544s][info][gc,phases,start] GC(95) Phase 2: Prepare for compaction
[89.546s][info][gc,phases      ] GC(95) Phase 2: Prepare for compaction 1.842ms
[89.546s][info][gc,phases,start] GC(95) Phase 3: Adjust pointers
[89.549s][info][gc,phases      ] GC(95) Phase 3: Adjust pointers 2.851ms
[89.549s][info][gc,phases,start] GC(95) Phase 4: Compact heap
[89.550s][info][gc,phases      ] GC(95) Phase 4: Compact heap 1.311ms
[89.553s][info][gc,heap        ] GC(95) Eden regions: 709->0(1228)
[89.553s][info][gc,heap        ] GC(95) Survivor regions: 0->0(16)
[89.553s][info][gc,heap        ] GC(95) Old regions: 7->7
[89.553s][info][gc,heap        ] GC(95) Humongous regions: 181->0
[89.553s][info][gc,metaspace   ] GC(95) Metaspace: 25068K(25984K)->25068K(25984K) NonClass: 21995K(22528K)->21995K(22528K) Class: 3072K(3456K)->3072K(3456K)
[89.553s][info][gc             ] GC(95) Pause Full (System.gc()) 895M->5M(2048M) 12.513ms
[89.553s][info][gc,cpu         ] GC(95) User=0.02s Sys=0.00s Real=0.02s
[90.642s][info][gc,task        ] GC(96) Using 6 workers of 6 for full compaction
[90.642s][info][gc,start       ] GC(96) Pause Full (System.gc())
[90.643s][info][gc,phases,start] GC(96) Phase 1: Mark live objects
[90.646s][info][gc,stringtable ] GC(96) Cleaned string and symbol table, strings: 7262 processed, 0 removed, symbols: 64626 processed, 0 removed
[90.646s][info][gc,phases      ] GC(96) Phase 1: Mark live objects 3.186ms
[90.646s][info][gc,phases,start] GC(96) Phase 2: Prepare for compaction
[90.648s][info][gc,phases      ] GC(96) Phase 2: Prepare for compaction 2.267ms
[90.648s][info][gc,phases,start] GC(96) Phase 3: Adjust pointers
[90.651s][info][gc,phases      ] GC(96) Phase 3: Adjust pointers 2.784ms
[90.651s][info][gc,phases,start] GC(96) Phase 4: Compact heap
[90.652s][info][gc,phases      ] GC(96) Phase 4: Compact heap 0.934ms
[90.655s][info][gc,heap        ] GC(96) Eden regions: 709->0(1228)
[90.655s][info][gc,heap        ] GC(96) Survivor regions: 0->0(16)
[90.655s][info][gc,heap        ] GC(96) Old regions: 7->7
[90.655s][info][gc,heap        ] GC(96) Humongous regions: 181->0
[90.655s][info][gc,metaspace   ] GC(96) Metaspace: 25068K(25984K)->25068K(25984K) NonClass: 21995K(22528K)->21995K(22528K) Class: 3072K(3456K)->3072K(3456K)
[90.655s][info][gc             ] GC(96) Pause Full (System.gc()) 894M->5M(2048M) 12.436ms
[90.655s][info][gc,cpu         ] GC(96) User=0.02s Sys=0.00s Real=0.01s
[91.733s][info][gc,task        ] GC(97) Using 6 workers of 6 for full compaction
[91.733s][info][gc,start       ] GC(97) Pause Full (System.gc())
[91.733s][info][gc,phases,start] GC(97) Phase 1: Mark live objects
[91.736s][info][gc,stringtable ] GC(97) Cleaned string and symbol table, strings: 7263 processed, 0 removed, symbols: 64626 processed, 0 removed
[91.736s][info][gc,phases      ] GC(97) Phase 1: Mark live objects 2.879ms
[91.736s][info][gc,phases,start] GC(97) Phase 2: Prepare for compaction
[91.738s][info][gc,phases      ] GC(97) Phase 2: Prepare for compaction 1.813ms
[91.738s][info][gc,phases,start] GC(97) Phase 3: Adjust pointers
[91.741s][info][gc,phases      ] GC(97) Phase 3: Adjust pointers 2.716ms
[91.741s][info][gc,phases,start] GC(97) Phase 4: Compact heap
[91.742s][info][gc,phases      ] GC(97) Phase 4: Compact heap 0.842ms
[91.744s][info][gc,heap        ] GC(97) Eden regions: 709->0(1228)
[91.744s][info][gc,heap        ] GC(97) Survivor regions: 0->0(16)
[91.744s][info][gc,heap        ] GC(97) Old regions: 7->7
[91.744s][info][gc,heap        ] GC(97) Humongous regions: 181->0
[91.744s][info][gc,metaspace   ] GC(97) Metaspace: 25068K(25984K)->25068K(25984K) NonClass: 21995K(22528K)->21995K(22528K) Class: 3072K(3456K)->3072K(3456K)
[91.744s][info][gc             ] GC(97) Pause Full (System.gc()) 895M->5M(2048M) 11.250ms
[91.744s][info][gc,cpu         ] GC(97) User=0.00s Sys=0.00s Real=0.00s
[92.845s][info][gc,task        ] GC(98) Using 6 workers of 6 for full compaction
[92.845s][info][gc,start       ] GC(98) Pause Full (System.gc())
[92.845s][info][gc,phases,start] GC(98) Phase 1: Mark live objects
[92.849s][info][gc,stringtable ] GC(98) Cleaned string and symbol table, strings: 7263 processed, 0 removed, symbols: 64626 processed, 0 removed
[92.849s][info][gc,phases      ] GC(98) Phase 1: Mark live objects 3.629ms
[92.849s][info][gc,phases,start] GC(98) Phase 2: Prepare for compaction
[92.850s][info][gc,phases      ] GC(98) Phase 2: Prepare for compaction 1.824ms
[92.850s][info][gc,phases,start] GC(98) Phase 3: Adjust pointers
[92.853s][info][gc,phases      ] GC(98) Phase 3: Adjust pointers 2.708ms
[92.853s][info][gc,phases,start] GC(98) Phase 4: Compact heap
[92.854s][info][gc,phases      ] GC(98) Phase 4: Compact heap 0.876ms
[92.857s][info][gc,heap        ] GC(98) Eden regions: 709->0(1228)
[92.857s][info][gc,heap        ] GC(98) Survivor regions: 0->0(16)
[92.857s][info][gc,heap        ] GC(98) Old regions: 7->8
[92.857s][info][gc,heap        ] GC(98) Humongous regions: 181->0
[92.857s][info][gc,metaspace   ] GC(98) Metaspace: 25068K(25984K)->25068K(25984K) NonClass: 21995K(22528K)->21995K(22528K) Class: 3072K(3456K)->3072K(3456K)
[92.857s][info][gc             ] GC(98) Pause Full (System.gc()) 895M->5M(2048M) 12.068ms
[92.857s][info][gc,cpu         ] GC(98) User=0.02s Sys=0.00s Real=0.02s
[93.934s][info][gc,task        ] GC(99) Using 6 workers of 6 for full compaction
[93.934s][info][gc,start       ] GC(99) Pause Full (System.gc())
[93.935s][info][gc,phases,start] GC(99) Phase 1: Mark live objects
[93.938s][info][gc,stringtable ] GC(99) Cleaned string and symbol table, strings: 7273 processed, 0 removed, symbols: 64626 processed, 0 removed
[93.938s][info][gc,phases      ] GC(99) Phase 1: Mark live objects 2.969ms
[93.938s][info][gc,phases,start] GC(99) Phase 2: Prepare for compaction
[93.939s][info][gc,phases      ] GC(99) Phase 2: Prepare for compaction 1.818ms
[93.940s][info][gc,phases,start] GC(99) Phase 3: Adjust pointers
[93.942s][info][gc,phases      ] GC(99) Phase 3: Adjust pointers 2.754ms
[93.942s][info][gc,phases,start] GC(99) Phase 4: Compact heap
[93.944s][info][gc,phases      ] GC(99) Phase 4: Compact heap 1.312ms
[93.947s][info][gc,heap        ] GC(99) Eden regions: 709->0(1228)
[93.947s][info][gc,heap        ] GC(99) Survivor regions: 0->0(16)
[93.947s][info][gc,heap        ] GC(99) Old regions: 8->8
[93.947s][info][gc,heap        ] GC(99) Humongous regions: 181->0
[93.947s][info][gc,metaspace   ] GC(99) Metaspace: 25068K(25984K)->25068K(25984K) NonClass: 21995K(22528K)->21995K(22528K) Class: 3072K(3456K)->3072K(3456K)
[93.947s][info][gc             ] GC(99) Pause Full (System.gc()) 895M->5M(2048M) 12.663ms
[93.947s][info][gc,cpu         ] GC(99) User=0.00s Sys=0.00s Real=0.01s
[95.016s][info][gc,task        ] GC(100) Using 6 workers of 6 for full compaction
[95.016s][info][gc,start       ] GC(100) Pause Full (System.gc())
[95.016s][info][gc,phases,start] GC(100) Phase 1: Mark live objects
[95.019s][info][gc,stringtable ] GC(100) Cleaned string and symbol table, strings: 7273 processed, 0 removed, symbols: 64626 processed, 0 removed
[95.019s][info][gc,phases      ] GC(100) Phase 1: Mark live objects 3.064ms
[95.019s][info][gc,phases,start] GC(100) Phase 2: Prepare for compaction
[95.021s][info][gc,phases      ] GC(100) Phase 2: Prepare for compaction 1.815ms
[95.021s][info][gc,phases,start] GC(100) Phase 3: Adjust pointers
[95.024s][info][gc,phases      ] GC(100) Phase 3: Adjust pointers 2.786ms
[95.024s][info][gc,phases,start] GC(100) Phase 4: Compact heap
[95.025s][info][gc,phases      ] GC(100) Phase 4: Compact heap 0.946ms
[95.028s][info][gc,heap        ] GC(100) Eden regions: 709->0(1228)
[95.028s][info][gc,heap        ] GC(100) Survivor regions: 0->0(16)
[95.028s][info][gc,heap        ] GC(100) Old regions: 8->6
[95.028s][info][gc,heap        ] GC(100) Humongous regions: 181->0
[95.028s][info][gc,metaspace   ] GC(100) Metaspace: 25068K(25984K)->25068K(25984K) NonClass: 21995K(22528K)->21995K(22528K) Class: 3072K(3456K)->3072K(3456K)
[95.028s][info][gc             ] GC(100) Pause Full (System.gc()) 894M->5M(2048M) 12.108ms
[95.028s][info][gc,cpu         ] GC(100) User=0.00s Sys=0.00s Real=0.00s
[96.111s][info][gc,task        ] GC(101) Using 6 workers of 6 for full compaction
[96.111s][info][gc,start       ] GC(101) Pause Full (System.gc())
[96.112s][info][gc,phases,start] GC(101) Phase 1: Mark live objects
[96.114s][info][gc,stringtable ] GC(101) Cleaned string and symbol table, strings: 7278 processed, 0 removed, symbols: 64626 processed, 0 removed
[96.114s][info][gc,phases      ] GC(101) Phase 1: Mark live objects 2.648ms
[96.114s][info][gc,phases,start] GC(101) Phase 2: Prepare for compaction
[96.116s][info][gc,phases      ] GC(101) Phase 2: Prepare for compaction 1.813ms
[96.116s][info][gc,phases,start] GC(101) Phase 3: Adjust pointers
[96.119s][info][gc,phases      ] GC(101) Phase 3: Adjust pointers 2.702ms
[96.119s][info][gc,phases,start] GC(101) Phase 4: Compact heap
[96.120s][info][gc,phases      ] GC(101) Phase 4: Compact heap 0.936ms
[96.122s][info][gc,heap        ] GC(101) Eden regions: 709->0(1228)
[96.122s][info][gc,heap        ] GC(101) Survivor regions: 0->0(16)
[96.122s][info][gc,heap        ] GC(101) Old regions: 6->7
[96.122s][info][gc,heap        ] GC(101) Humongous regions: 181->0
[96.122s][info][gc,metaspace   ] GC(101) Metaspace: 25068K(25984K)->25068K(25984K) NonClass: 21995K(22528K)->21995K(22528K) Class: 3072K(3456K)->3072K(3456K)
[96.122s][info][gc             ] GC(101) Pause Full (System.gc()) 895M->5M(2048M) 11.063ms
[96.123s][info][gc,cpu         ] GC(101) User=0.00s Sys=0.00s Real=0.00s
[97.220s][info][gc,task        ] GC(102) Using 6 workers of 6 for full compaction
[97.220s][info][gc,start       ] GC(102) Pause Full (System.gc())
[97.221s][info][gc,phases,start] GC(102) Phase 1: Mark live objects
[97.224s][info][gc,stringtable ] GC(102) Cleaned string and symbol table, strings: 7278 processed, 0 removed, symbols: 64626 processed, 0 removed
[97.224s][info][gc,phases      ] GC(102) Phase 1: Mark live objects 3.305ms
[97.224s][info][gc,phases,start] GC(102) Phase 2: Prepare for compaction
[97.226s][info][gc,phases      ] GC(102) Phase 2: Prepare for compaction 2.194ms
[97.226s][info][gc,phases,start] GC(102) Phase 3: Adjust pointers
[97.229s][info][gc,phases      ] GC(102) Phase 3: Adjust pointers 3.056ms
[97.229s][info][gc,phases,start] GC(102) Phase 4: Compact heap
[97.230s][info][gc,phases      ] GC(102) Phase 4: Compact heap 1.076ms
[97.233s][info][gc,heap        ] GC(102) Eden regions: 709->0(1228)
[97.233s][info][gc,heap        ] GC(102) Survivor regions: 0->0(16)
[97.233s][info][gc,heap        ] GC(102) Old regions: 7->7
[97.233s][info][gc,heap        ] GC(102) Humongous regions: 181->0
[97.233s][info][gc,metaspace   ] GC(102) Metaspace: 25076K(25984K)->25076K(25984K) NonClass: 22003K(22528K)->22003K(22528K) Class: 3072K(3456K)->3072K(3456K)
[97.233s][info][gc             ] GC(102) Pause Full (System.gc()) 895M->5M(2048M) 12.821ms
[97.233s][info][gc,cpu         ] GC(102) User=0.00s Sys=0.00s Real=0.01s
[98.306s][info][gc,task        ] GC(103) Using 6 workers of 6 for full compaction
[98.306s][info][gc,start       ] GC(103) Pause Full (System.gc())
[98.306s][info][gc,phases,start] GC(103) Phase 1: Mark live objects
[98.310s][info][gc,stringtable ] GC(103) Cleaned string and symbol table, strings: 7322 processed, 0 removed, symbols: 64626 processed, 0 removed
[98.310s][info][gc,phases      ] GC(103) Phase 1: Mark live objects 3.314ms
[98.310s][info][gc,phases,start] GC(103) Phase 2: Prepare for compaction
[98.312s][info][gc,phases      ] GC(103) Phase 2: Prepare for compaction 2.001ms
[98.312s][info][gc,phases,start] GC(103) Phase 3: Adjust pointers
[98.315s][info][gc,phases      ] GC(103) Phase 3: Adjust pointers 2.780ms
[98.315s][info][gc,phases,start] GC(103) Phase 4: Compact heap
[98.315s][info][gc,phases      ] GC(103) Phase 4: Compact heap 0.852ms
[98.318s][info][gc,heap        ] GC(103) Eden regions: 708->0(1228)
[98.318s][info][gc,heap        ] GC(103) Survivor regions: 0->0(16)
[98.318s][info][gc,heap        ] GC(103) Old regions: 7->6
[98.318s][info][gc,heap        ] GC(103) Humongous regions: 181->0
[98.318s][info][gc,metaspace   ] GC(103) Metaspace: 25076K(25984K)->25076K(25984K) NonClass: 22003K(22528K)->22003K(22528K) Class: 3072K(3456K)->3072K(3456K)
[98.318s][info][gc             ] GC(103) Pause Full (System.gc()) 894M->5M(2048M) 12.096ms
[98.318s][info][gc,cpu         ] GC(103) User=0.02s Sys=0.00s Real=0.03s
[99.413s][info][gc,task        ] GC(104) Using 6 workers of 6 for full compaction
[99.413s][info][gc,start       ] GC(104) Pause Full (System.gc())
[99.414s][info][gc,phases,start] GC(104) Phase 1: Mark live objects
[99.417s][info][gc,stringtable ] GC(104) Cleaned string and symbol table, strings: 7322 processed, 0 removed, symbols: 64626 processed, 0 removed
[99.417s][info][gc,phases      ] GC(104) Phase 1: Mark live objects 3.333ms
[99.417s][info][gc,phases,start] GC(104) Phase 2: Prepare for compaction
[99.419s][info][gc,phases      ] GC(104) Phase 2: Prepare for compaction 1.877ms
[99.419s][info][gc,phases,start] GC(104) Phase 3: Adjust pointers
[99.422s][info][gc,phases      ] GC(104) Phase 3: Adjust pointers 2.768ms
[99.422s][info][gc,phases,start] GC(104) Phase 4: Compact heap
[99.424s][info][gc,phases      ] GC(104) Phase 4: Compact heap 1.801ms
[99.427s][info][gc,heap        ] GC(104) Eden regions: 708->0(1228)
[99.427s][info][gc,heap        ] GC(104) Survivor regions: 0->0(16)
[99.427s][info][gc,heap        ] GC(104) Old regions: 6->7
[99.427s][info][gc,heap        ] GC(104) Humongous regions: 181->0
[99.427s][info][gc,metaspace   ] GC(104) Metaspace: 25096K(25984K)->25096K(25984K) NonClass: 22023K(22528K)->22023K(22528K) Class: 3072K(3456K)->3072K(3456K)
[99.427s][info][gc             ] GC(104) Pause Full (System.gc()) 894M->5M(2048M) 13.147ms
[99.427s][info][gc,cpu         ] GC(104) User=0.02s Sys=0.00s Real=0.02s
[100.523s][info][gc,task        ] GC(105) Using 6 workers of 6 for full compaction
[100.523s][info][gc,start       ] GC(105) Pause Full (System.gc())
[100.523s][info][gc,phases,start] GC(105) Phase 1: Mark live objects
[100.526s][info][gc,stringtable ] GC(105) Cleaned string and symbol table, strings: 7323 processed, 0 removed, symbols: 64626 processed, 0 removed
[100.526s][info][gc,phases      ] GC(105) Phase 1: Mark live objects 2.919ms
[100.526s][info][gc,phases,start] GC(105) Phase 2: Prepare for compaction
[100.528s][info][gc,phases      ] GC(105) Phase 2: Prepare for compaction 1.839ms
[100.528s][info][gc,phases,start] GC(105) Phase 3: Adjust pointers
[100.531s][info][gc,phases      ] GC(105) Phase 3: Adjust pointers 2.822ms
[100.531s][info][gc,phases,start] GC(105) Phase 4: Compact heap
[100.532s][info][gc,phases      ] GC(105) Phase 4: Compact heap 0.853ms
[100.534s][info][gc,heap        ] GC(105) Eden regions: 709->0(1228)
[100.535s][info][gc,heap        ] GC(105) Survivor regions: 0->0(16)
[100.535s][info][gc,heap        ] GC(105) Old regions: 7->8
[100.535s][info][gc,heap        ] GC(105) Humongous regions: 181->0
[100.535s][info][gc,metaspace   ] GC(105) Metaspace: 25096K(25984K)->25096K(25984K) NonClass: 22023K(22528K)->22023K(22528K) Class: 3072K(3456K)->3072K(3456K)
[100.535s][info][gc             ] GC(105) Pause Full (System.gc()) 894M->5M(2048M) 11.487ms
[100.535s][info][gc,cpu         ] GC(105) User=0.00s Sys=0.00s Real=0.00s
[101.609s][info][gc,task        ] GC(106) Using 6 workers of 6 for full compaction
[101.610s][info][gc,start       ] GC(106) Pause Full (System.gc())
[101.610s][info][gc,phases,start] GC(106) Phase 1: Mark live objects
[101.613s][info][gc,stringtable ] GC(106) Cleaned string and symbol table, strings: 7323 processed, 0 removed, symbols: 64626 processed, 0 removed
[101.613s][info][gc,phases      ] GC(106) Phase 1: Mark live objects 3.067ms
[101.613s][info][gc,phases,start] GC(106) Phase 2: Prepare for compaction
[101.615s][info][gc,phases      ] GC(106) Phase 2: Prepare for compaction 1.875ms
[101.615s][info][gc,phases,start] GC(106) Phase 3: Adjust pointers
[101.618s][info][gc,phases      ] GC(106) Phase 3: Adjust pointers 2.811ms
[101.618s][info][gc,phases,start] GC(106) Phase 4: Compact heap
[101.619s][info][gc,phases      ] GC(106) Phase 4: Compact heap 0.996ms
[101.622s][info][gc,heap        ] GC(106) Eden regions: 709->0(1228)
[101.622s][info][gc,heap        ] GC(106) Survivor regions: 0->0(16)
[101.622s][info][gc,heap        ] GC(106) Old regions: 8->6
[101.622s][info][gc,heap        ] GC(106) Humongous regions: 181->0
[101.622s][info][gc,metaspace   ] GC(106) Metaspace: 25096K(25984K)->25096K(25984K) NonClass: 22023K(22528K)->22023K(22528K) Class: 3072K(3456K)->3072K(3456K)
[101.622s][info][gc             ] GC(106) Pause Full (System.gc()) 895M->5M(2048M) 12.374ms
[101.622s][info][gc,cpu         ] GC(106) User=0.00s Sys=0.00s Real=0.02s
[102.682s][info][gc,task        ] GC(107) Using 6 workers of 6 for full compaction
[102.682s][info][gc,start       ] GC(107) Pause Full (System.gc())
[102.682s][info][gc,phases,start] GC(107) Phase 1: Mark live objects
[102.685s][info][gc,stringtable ] GC(107) Cleaned string and symbol table, strings: 7323 processed, 0 removed, symbols: 64626 processed, 0 removed
[102.686s][info][gc,phases      ] GC(107) Phase 1: Mark live objects 3.155ms
[102.686s][info][gc,phases,start] GC(107) Phase 2: Prepare for compaction
[102.688s][info][gc,phases      ] GC(107) Phase 2: Prepare for compaction 2.104ms
[102.688s][info][gc,phases,start] GC(107) Phase 3: Adjust pointers
[102.691s][info][gc,phases      ] GC(107) Phase 3: Adjust pointers 3.275ms
[102.691s][info][gc,phases,start] GC(107) Phase 4: Compact heap
[102.692s][info][gc,phases      ] GC(107) Phase 4: Compact heap 1.060ms
[102.695s][info][gc,heap        ] GC(107) Eden regions: 708->0(1228)
[102.695s][info][gc,heap        ] GC(107) Survivor regions: 0->0(16)
[102.695s][info][gc,heap        ] GC(107) Old regions: 6->7
[102.695s][info][gc,heap        ] GC(107) Humongous regions: 181->0
[102.695s][info][gc,metaspace   ] GC(107) Metaspace: 25096K(25984K)->25096K(25984K) NonClass: 22023K(22528K)->22023K(22528K) Class: 3072K(3456K)->3072K(3456K)
[102.695s][info][gc             ] GC(107) Pause Full (System.gc()) 894M->5M(2048M) 12.958ms
[102.695s][info][gc,cpu         ] GC(107) User=0.00s Sys=0.00s Real=0.02s
[103.778s][info][gc,task        ] GC(108) Using 6 workers of 6 for full compaction
[103.778s][info][gc,start       ] GC(108) Pause Full (System.gc())
[103.778s][info][gc,phases,start] GC(108) Phase 1: Mark live objects
[103.781s][info][gc,stringtable ] GC(108) Cleaned string and symbol table, strings: 7323 processed, 0 removed, symbols: 64626 processed, 0 removed
[103.781s][info][gc,phases      ] GC(108) Phase 1: Mark live objects 3.160ms
[103.781s][info][gc,phases,start] GC(108) Phase 2: Prepare for compaction
[103.783s][info][gc,phases      ] GC(108) Phase 2: Prepare for compaction 1.810ms
[103.783s][info][gc,phases,start] GC(108) Phase 3: Adjust pointers
[103.786s][info][gc,phases      ] GC(108) Phase 3: Adjust pointers 2.793ms
[103.786s][info][gc,phases,start] GC(108) Phase 4: Compact heap
[103.787s][info][gc,phases      ] GC(108) Phase 4: Compact heap 1.572ms
[103.790s][info][gc,heap        ] GC(108) Eden regions: 709->0(1228)
[103.791s][info][gc,heap        ] GC(108) Survivor regions: 0->0(16)
[103.791s][info][gc,heap        ] GC(108) Old regions: 7->7
[103.791s][info][gc,heap        ] GC(108) Humongous regions: 181->0
[103.791s][info][gc,metaspace   ] GC(108) Metaspace: 25096K(25984K)->25096K(25984K) NonClass: 22023K(22528K)->22023K(22528K) Class: 3072K(3456K)->3072K(3456K)
[103.791s][info][gc             ] GC(108) Pause Full (System.gc()) 895M->5M(2048M) 12.886ms
[103.791s][info][gc,cpu         ] GC(108) User=0.00s Sys=0.02s Real=0.02s
[104.875s][info][gc,task        ] GC(109) Using 6 workers of 6 for full compaction
[104.876s][info][gc,start       ] GC(109) Pause Full (System.gc())
[104.876s][info][gc,phases,start] GC(109) Phase 1: Mark live objects
[104.879s][info][gc,stringtable ] GC(109) Cleaned string and symbol table, strings: 7323 processed, 0 removed, symbols: 64626 processed, 0 removed
[104.879s][info][gc,phases      ] GC(109) Phase 1: Mark live objects 3.486ms
[104.879s][info][gc,phases,start] GC(109) Phase 2: Prepare for compaction
[104.881s][info][gc,phases      ] GC(109) Phase 2: Prepare for compaction 1.827ms
[104.881s][info][gc,phases,start] GC(109) Phase 3: Adjust pointers
[104.884s][info][gc,phases      ] GC(109) Phase 3: Adjust pointers 2.709ms
[104.884s][info][gc,phases,start] GC(109) Phase 4: Compact heap
[104.885s][info][gc,phases      ] GC(109) Phase 4: Compact heap 1.418ms
[104.889s][info][gc,heap        ] GC(109) Eden regions: 708->0(1228)
[104.889s][info][gc,heap        ] GC(109) Survivor regions: 0->0(16)
[104.889s][info][gc,heap        ] GC(109) Old regions: 7->7
[104.889s][info][gc,heap        ] GC(109) Humongous regions: 181->0
[104.889s][info][gc,metaspace   ] GC(109) Metaspace: 25096K(25984K)->25096K(25984K) NonClass: 22023K(22528K)->22023K(22528K) Class: 3072K(3456K)->3072K(3456K)
[104.889s][info][gc             ] GC(109) Pause Full (System.gc()) 894M->5M(2048M) 13.215ms
[104.889s][info][gc,cpu         ] GC(109) User=0.00s Sys=0.00s Real=0.02s
[105.976s][info][gc,task        ] GC(110) Using 6 workers of 6 for full compaction
[105.976s][info][gc,start       ] GC(110) Pause Full (System.gc())
[105.976s][info][gc,phases,start] GC(110) Phase 1: Mark live objects
[105.979s][info][gc,stringtable ] GC(110) Cleaned string and symbol table, strings: 7323 processed, 0 removed, symbols: 64626 processed, 0 removed
[105.979s][info][gc,phases      ] GC(110) Phase 1: Mark live objects 3.161ms
[105.979s][info][gc,phases,start] GC(110) Phase 2: Prepare for compaction
[105.981s][info][gc,phases      ] GC(110) Phase 2: Prepare for compaction 1.857ms
[105.981s][info][gc,phases,start] GC(110) Phase 3: Adjust pointers
[105.984s][info][gc,phases      ] GC(110) Phase 3: Adjust pointers 2.750ms
[105.984s][info][gc,phases,start] GC(110) Phase 4: Compact heap
[105.986s][info][gc,phases      ] GC(110) Phase 4: Compact heap 1.591ms
[105.989s][info][gc,heap        ] GC(110) Eden regions: 709->0(1228)
[105.989s][info][gc,heap        ] GC(110) Survivor regions: 0->0(16)
[105.989s][info][gc,heap        ] GC(110) Old regions: 7->8
[105.989s][info][gc,heap        ] GC(110) Humongous regions: 181->0
[105.989s][info][gc,metaspace   ] GC(110) Metaspace: 25096K(25984K)->25096K(25984K) NonClass: 22023K(22528K)->22023K(22528K) Class: 3072K(3456K)->3072K(3456K)
[105.989s][info][gc             ] GC(110) Pause Full (System.gc()) 894M->5M(2048M) 12.710ms
[105.989s][info][gc,cpu         ] GC(110) User=0.00s Sys=0.00s Real=0.02s
[107.093s][info][gc,task        ] GC(111) Using 6 workers of 6 for full compaction
[107.093s][info][gc,start       ] GC(111) Pause Full (System.gc())
[107.093s][info][gc,phases,start] GC(111) Phase 1: Mark live objects
[107.097s][info][gc,stringtable ] GC(111) Cleaned string and symbol table, strings: 7323 processed, 0 removed, symbols: 64626 processed, 0 removed
[107.097s][info][gc,phases      ] GC(111) Phase 1: Mark live objects 3.237ms
[107.097s][info][gc,phases,start] GC(111) Phase 2: Prepare for compaction
[107.099s][info][gc,phases      ] GC(111) Phase 2: Prepare for compaction 1.914ms
[107.099s][info][gc,phases,start] GC(111) Phase 3: Adjust pointers
[107.102s][info][gc,phases      ] GC(111) Phase 3: Adjust pointers 2.928ms
[107.102s][info][gc,phases,start] GC(111) Phase 4: Compact heap
[107.103s][info][gc,phases      ] GC(111) Phase 4: Compact heap 1.444ms
[107.106s][info][gc,heap        ] GC(111) Eden regions: 709->0(1228)
[107.106s][info][gc,heap        ] GC(111) Survivor regions: 0->0(16)
[107.106s][info][gc,heap        ] GC(111) Old regions: 8->8
[107.106s][info][gc,heap        ] GC(111) Humongous regions: 181->0
[107.106s][info][gc,metaspace   ] GC(111) Metaspace: 25096K(25984K)->25096K(25984K) NonClass: 22023K(22528K)->22023K(22528K) Class: 3072K(3456K)->3072K(3456K)
[107.106s][info][gc             ] GC(111) Pause Full (System.gc()) 895M->5M(2048M) 12.790ms
[107.106s][info][gc,cpu         ] GC(111) User=0.00s Sys=0.00s Real=0.02s
[108.181s][info][gc,task        ] GC(112) Using 6 workers of 6 for full compaction
[108.181s][info][gc,start       ] GC(112) Pause Full (System.gc())
[108.182s][info][gc,phases,start] GC(112) Phase 1: Mark live objects
[108.185s][info][gc,stringtable ] GC(112) Cleaned string and symbol table, strings: 7323 processed, 0 removed, symbols: 64626 processed, 0 removed
[108.185s][info][gc,phases      ] GC(112) Phase 1: Mark live objects 3.581ms
[108.185s][info][gc,phases,start] GC(112) Phase 2: Prepare for compaction
[108.187s][info][gc,phases      ] GC(112) Phase 2: Prepare for compaction 2.065ms
[108.187s][info][gc,phases,start] GC(112) Phase 3: Adjust pointers
[108.190s][info][gc,phases      ] GC(112) Phase 3: Adjust pointers 2.759ms
[108.190s][info][gc,phases,start] GC(112) Phase 4: Compact heap
[108.191s][info][gc,phases      ] GC(112) Phase 4: Compact heap 0.843ms
[108.194s][info][gc,heap        ] GC(112) Eden regions: 709->0(1228)
[108.194s][info][gc,heap        ] GC(112) Survivor regions: 0->0(16)
[108.194s][info][gc,heap        ] GC(112) Old regions: 8->7
[108.194s][info][gc,heap        ] GC(112) Humongous regions: 181->0
[108.194s][info][gc,metaspace   ] GC(112) Metaspace: 25096K(25984K)->25096K(25984K) NonClass: 22023K(22528K)->22023K(22528K) Class: 3072K(3456K)->3072K(3456K)
[108.194s][info][gc             ] GC(112) Pause Full (System.gc()) 895M->5M(2048M) 12.514ms
[108.194s][info][gc,cpu         ] GC(112) User=0.00s Sys=0.00s Real=0.02s
[109.281s][info][gc,task        ] GC(113) Using 6 workers of 6 for full compaction
[109.281s][info][gc,start       ] GC(113) Pause Full (System.gc())
[109.282s][info][gc,phases,start] GC(113) Phase 1: Mark live objects
[109.285s][info][gc,stringtable ] GC(113) Cleaned string and symbol table, strings: 7323 processed, 0 removed, symbols: 64626 processed, 0 removed
[109.285s][info][gc,phases      ] GC(113) Phase 1: Mark live objects 3.313ms
[109.285s][info][gc,phases,start] GC(113) Phase 2: Prepare for compaction
[109.287s][info][gc,phases      ] GC(113) Phase 2: Prepare for compaction 1.868ms
[109.287s][info][gc,phases,start] GC(113) Phase 3: Adjust pointers
[109.290s][info][gc,phases      ] GC(113) Phase 3: Adjust pointers 2.884ms
[109.290s][info][gc,phases,start] GC(113) Phase 4: Compact heap
[109.291s][info][gc,phases      ] GC(113) Phase 4: Compact heap 0.854ms
[109.293s][info][gc,heap        ] GC(113) Eden regions: 708->0(1228)
[109.293s][info][gc,heap        ] GC(113) Survivor regions: 0->0(16)
[109.293s][info][gc,heap        ] GC(113) Old regions: 7->7
[109.293s][info][gc,heap        ] GC(113) Humongous regions: 181->0
[109.293s][info][gc,metaspace   ] GC(113) Metaspace: 25096K(25984K)->25096K(25984K) NonClass: 22023K(22528K)->22023K(22528K) Class: 3072K(3456K)->3072K(3456K)
[109.293s][info][gc             ] GC(113) Pause Full (System.gc()) 894M->5M(2048M) 12.022ms
[109.294s][info][gc,cpu         ] GC(113) User=0.02s Sys=0.00s Real=0.02s
[110.379s][info][gc,task        ] GC(114) Using 6 workers of 6 for full compaction
[110.379s][info][gc,start       ] GC(114) Pause Full (System.gc())
[110.379s][info][gc,phases,start] GC(114) Phase 1: Mark live objects
[110.382s][info][gc,stringtable ] GC(114) Cleaned string and symbol table, strings: 7323 processed, 0 removed, symbols: 64626 processed, 0 removed
[110.383s][info][gc,phases      ] GC(114) Phase 1: Mark live objects 3.672ms
[110.383s][info][gc,phases,start] GC(114) Phase 2: Prepare for compaction
[110.385s][info][gc,phases      ] GC(114) Phase 2: Prepare for compaction 2.608ms
[110.385s][info][gc,phases,start] GC(114) Phase 3: Adjust pointers
[110.388s][info][gc,phases      ] GC(114) Phase 3: Adjust pointers 2.825ms
[110.388s][info][gc,phases,start] GC(114) Phase 4: Compact heap
[110.389s][info][gc,phases      ] GC(114) Phase 4: Compact heap 0.861ms
[110.392s][info][gc,heap        ] GC(114) Eden regions: 709->0(1228)
[110.392s][info][gc,heap        ] GC(114) Survivor regions: 0->0(16)
[110.392s][info][gc,heap        ] GC(114) Old regions: 7->7
[110.392s][info][gc,heap        ] GC(114) Humongous regions: 181->0
[110.392s][info][gc,metaspace   ] GC(114) Metaspace: 25096K(25984K)->25096K(25984K) NonClass: 22023K(22528K)->22023K(22528K) Class: 3072K(3456K)->3072K(3456K)
[110.392s][info][gc             ] GC(114) Pause Full (System.gc()) 895M->5M(2048M) 12.940ms
[110.392s][info][gc,cpu         ] GC(114) User=0.00s Sys=0.00s Real=0.02s
[111.471s][info][gc,task        ] GC(115) Using 6 workers of 6 for full compaction
[111.472s][info][gc,start       ] GC(115) Pause Full (System.gc())
[111.472s][info][gc,phases,start] GC(115) Phase 1: Mark live objects
[111.475s][info][gc,stringtable ] GC(115) Cleaned string and symbol table, strings: 7323 processed, 0 removed, symbols: 64626 processed, 0 removed
[111.475s][info][gc,phases      ] GC(115) Phase 1: Mark live objects 2.747ms
[111.475s][info][gc,phases,start] GC(115) Phase 2: Prepare for compaction
[111.477s][info][gc,phases      ] GC(115) Phase 2: Prepare for compaction 1.861ms
[111.477s][info][gc,phases,start] GC(115) Phase 3: Adjust pointers
[111.479s][info][gc,phases      ] GC(115) Phase 3: Adjust pointers 2.781ms
[111.479s][info][gc,phases,start] GC(115) Phase 4: Compact heap
[111.481s][info][gc,phases      ] GC(115) Phase 4: Compact heap 1.722ms
[111.484s][info][gc,heap        ] GC(115) Eden regions: 708->0(1228)
[111.484s][info][gc,heap        ] GC(115) Survivor regions: 0->0(16)
[111.484s][info][gc,heap        ] GC(115) Old regions: 7->8
[111.484s][info][gc,heap        ] GC(115) Humongous regions: 181->0
[111.484s][info][gc,metaspace   ] GC(115) Metaspace: 25096K(25984K)->25096K(25984K) NonClass: 22023K(22528K)->22023K(22528K) Class: 3072K(3456K)->3072K(3456K)
[111.484s][info][gc             ] GC(115) Pause Full (System.gc()) 894M->5M(2048M) 12.369ms
[111.484s][info][gc,cpu         ] GC(115) User=0.02s Sys=0.00s Real=0.02s
[112.564s][info][gc,heap,exit   ] Heap
[112.564s][info][gc,heap,exit   ]  garbage-first heap   total 2097152K, used 915992K [0x0000000080000000, 0x0000000100000000)
[112.564s][info][gc,heap,exit   ]   region size 1024K, 710 young (727040K), 0 survivors (0K)
[112.564s][info][gc,heap,exit   ]  Metaspace       used 25167K, capacity 25741K, committed 25984K, reserved 1071104K
[112.564s][info][gc,heap,exit   ]   class space    used 3083K, capacity 3342K, committed 3456K, reserved 1048576K
