[0.008s][info][gc,init] CardTable entry size: 512
[0.008s][info][gc     ] Using Parallel
[0.198s][info][gc,init] Version: 21.0.4+7-adhoc.Administrator.jdk21u (release)
[0.198s][info][gc,init] CPUs: 6 total, 6 available
[0.198s][info][gc,init] Memory: 15591M
[0.198s][info][gc,init] Large Page Support: Disabled
[0.198s][info][gc,init] NUMA Support: Disabled
[0.198s][info][gc,init] Compressed Oops: Enabled (Zero based)
[0.198s][info][gc,init] Alignments: Space 512K, Generation 512K, Heap 2M
[0.198s][info][gc,init] Heap Min Capacity: 8G
[0.198s][info][gc,init] Heap Initial Capacity: 8G
[0.198s][info][gc,init] Heap Max Capacity: 8G
[0.199s][info][gc,init] Pre-touch: Disabled
[0.199s][info][gc,init] Parallel Workers: 6
[0.208s][info][gc,metaspace] CDS archive(s) mapped at: [0x000001ed33000000-0x000001ed33c90000-0x000001ed33c90000), size 13172736, SharedBaseAddress: 0x000001ed33000000, ArchiveRelocationMode: 1.
[0.208s][info][gc,metaspace] Compressed class space mapped at: 0x000001ed34000000-0x000001ed74000000, reserved size: 1073741824
[0.208s][info][gc,metaspace] Narrow klass base: 0x000001ed33000000, Narrow klass shift: 0, Narrow klass range: 0x100000000
[0.957s][info][gc,start    ] GC(0) Pause Young (System.gc())
[0.961s][info][gc,heap     ] GC(0) PSYoungGen: 209766K(2446848K)->3849K(2446848K) Eden: 209766K(2097664K)->0K(2097664K) From: 0K(349184K)->3849K(349184K)
[0.961s][info][gc,heap     ] GC(0) ParOldGen: 0K(5592576K)->16K(5592576K)
[0.961s][info][gc,metaspace] GC(0) Metaspace: 8583K(8832K)->8583K(8832K) NonClass: 7461K(7616K)->7461K(7616K) Class: 1122K(1216K)->1122K(1216K)
[0.961s][info][gc          ] GC(0) Pause Young (System.gc()) 204M->3M(7851M) 3.361ms
[0.961s][info][gc,cpu      ] GC(0) User=0.00s Sys=0.00s Real=0.00s
[0.961s][info][gc,start    ] GC(1) Pause Full (System.gc())
[0.961s][info][gc,phases,start] GC(1) Marking Phase
[0.964s][info][gc,phases      ] GC(1) Marking Phase 3.017ms
[0.964s][info][gc,phases,start] GC(1) Summary Phase
[0.964s][info][gc,phases      ] GC(1) Summary Phase 0.010ms
[0.964s][info][gc,phases,start] GC(1) Adjust Roots
[0.966s][info][gc,phases      ] GC(1) Adjust Roots 1.929ms
[0.966s][info][gc,phases,start] GC(1) Compaction Phase
[0.969s][info][gc,phases      ] GC(1) Compaction Phase 3.367ms
[0.969s][info][gc,phases,start] GC(1) Post Compact
[0.970s][info][gc,phases      ] GC(1) Post Compact 0.827ms
[0.970s][info][gc,heap        ] GC(1) PSYoungGen: 3849K(2446848K)->0K(2446848K) Eden: 0K(2097664K)->0K(2097664K) From: 3849K(349184K)->0K(349184K)
[0.970s][info][gc,heap        ] GC(1) ParOldGen: 16K(5592576K)->3713K(5592576K)
[0.970s][info][gc,metaspace   ] GC(1) Metaspace: 8583K(8832K)->8583K(8832K) NonClass: 7461K(7616K)->7461K(7616K) Class: 1122K(1216K)->1122K(1216K)
[0.970s][info][gc             ] GC(1) Pause Full (System.gc()) 3M->3M(7851M) 9.362ms
[0.970s][info][gc,cpu         ] GC(1) User=0.00s Sys=0.00s Real=0.00s
[1.760s][info][gc,start       ] GC(2) Pause Young (Allocation Failure)
[1.764s][info][gc,heap        ] GC(2) PSYoungGen: 2097664K(2446848K)->6208K(2446848K) Eden: 2097664K(2097664K)->0K(2097664K) From: 0K(349184K)->6208K(349184K)
[1.764s][info][gc,heap        ] GC(2) ParOldGen: 3713K(5592576K)->3721K(5592576K)
[1.764s][info][gc,metaspace   ] GC(2) Metaspace: 8851K(9088K)->8851K(9088K) NonClass: 7690K(7808K)->7690K(7808K) Class: 1160K(1280K)->1160K(1280K)
[1.764s][info][gc             ] GC(2) Pause Young (Allocation Failure) 2052M->9M(7851M) 3.883ms
[1.764s][info][gc,cpu         ] GC(2) User=0.00s Sys=0.00s Real=0.02s
[2.384s][info][gc,start       ] GC(3) Pause Young (Allocation Failure)
[2.390s][info][gc,heap        ] GC(3) PSYoungGen: 2103872K(2446848K)->12800K(2446848K) Eden: 2097664K(2097664K)->0K(2097664K) From: 6208K(349184K)->12800K(349184K)
[2.390s][info][gc,heap        ] GC(3) ParOldGen: 3721K(5592576K)->3729K(5592576K)
[2.390s][info][gc,metaspace   ] GC(3) Metaspace: 8854K(9088K)->8854K(9088K) NonClass: 7693K(7808K)->7693K(7808K) Class: 1161K(1280K)->1161K(1280K)
[2.390s][info][gc             ] GC(3) Pause Young (Allocation Failure) 2058M->16M(7851M) 6.612ms
[2.390s][info][gc,cpu         ] GC(3) User=0.00s Sys=0.02s Real=0.02s
[3.167s][info][gc,start       ] GC(4) Pause Young (Allocation Failure)
[3.176s][info][gc,heap        ] GC(4) PSYoungGen: 2110464K(2446848K)->19584K(2446848K) Eden: 2097664K(2097664K)->0K(2097664K) From: 12800K(349184K)->19584K(349184K)
[3.176s][info][gc,heap        ] GC(4) ParOldGen: 3729K(5592576K)->3729K(5592576K)
[3.176s][info][gc,metaspace   ] GC(4) Metaspace: 8856K(9088K)->8856K(9088K) NonClass: 7695K(7808K)->7695K(7808K) Class: 1161K(1280K)->1161K(1280K)
[3.176s][info][gc             ] GC(4) Pause Young (Allocation Failure) 2064M->22M(7851M) 9.222ms
[3.176s][info][gc,cpu         ] GC(4) User=0.02s Sys=0.00s Real=0.01s
[3.795s][info][gc,start       ] GC(5) Pause Young (System.gc())
[3.795s][info][gc,heap        ] GC(5) PSYoungGen: 905342K(2446848K)->192K(2446848K) Eden: 885758K(2097664K)->0K(2097664K) From: 19584K(349184K)->192K(349184K)
[3.795s][info][gc,heap        ] GC(5) ParOldGen: 3729K(5592576K)->3737K(5592576K)
[3.795s][info][gc,metaspace   ] GC(5) Metaspace: 9048K(9280K)->9048K(9280K) NonClass: 7861K(7936K)->7861K(7936K) Class: 1187K(1344K)->1187K(1344K)
[3.795s][info][gc             ] GC(5) Pause Young (System.gc()) 887M->3M(7851M) 0.437ms
[3.795s][info][gc,cpu         ] GC(5) User=0.00s Sys=0.00s Real=0.00s
[3.795s][info][gc,start       ] GC(6) Pause Full (System.gc())
[3.795s][info][gc,phases,start] GC(6) Marking Phase
[3.800s][info][gc,phases      ] GC(6) Marking Phase 5.173ms
[3.800s][info][gc,phases,start] GC(6) Summary Phase
[3.800s][info][gc,phases      ] GC(6) Summary Phase 0.009ms
[3.800s][info][gc,phases,start] GC(6) Adjust Roots
[3.803s][info][gc,phases      ] GC(6) Adjust Roots 2.118ms
[3.803s][info][gc,phases,start] GC(6) Compaction Phase
[3.805s][info][gc,phases      ] GC(6) Compaction Phase 2.698ms
[3.805s][info][gc,phases,start] GC(6) Post Compact
[3.806s][info][gc,phases      ] GC(6) Post Compact 0.587ms
[3.806s][info][gc,heap        ] GC(6) PSYoungGen: 192K(2446848K)->0K(2446848K) Eden: 0K(2097664K)->0K(2097664K) From: 192K(349184K)->0K(349184K)
[3.806s][info][gc,heap        ] GC(6) ParOldGen: 3737K(5592576K)->3805K(5592576K)
[3.806s][info][gc,metaspace   ] GC(6) Metaspace: 9048K(9280K)->9029K(9280K) NonClass: 7861K(7936K)->7847K(7936K) Class: 1187K(1344K)->1182K(1344K)
[3.806s][info][gc             ] GC(6) Pause Full (System.gc()) 3M->3M(7851M) 10.859ms
[3.806s][info][gc,cpu         ] GC(6) User=0.00s Sys=0.00s Real=0.02s
[4.210s][info][gc,start       ] GC(7) Pause Young (Allocation Failure)
[4.213s][info][gc,heap        ] GC(7) PSYoungGen: 2097664K(2446848K)->6016K(2446848K) Eden: 2097664K(2097664K)->0K(2097664K) From: 0K(349184K)->6016K(349184K)
[4.213s][info][gc,heap        ] GC(7) ParOldGen: 3805K(5592576K)->3805K(5592576K)
[4.213s][info][gc,metaspace   ] GC(7) Metaspace: 9029K(9280K)->9029K(9280K) NonClass: 7847K(7936K)->7847K(7936K) Class: 1182K(1344K)->1182K(1344K)
[4.213s][info][gc             ] GC(7) Pause Young (Allocation Failure) 2052M->9M(7851M) 3.170ms
[4.213s][info][gc,cpu         ] GC(7) User=0.02s Sys=0.00s Real=0.02s
[4.818s][info][gc,start       ] GC(8) Pause Young (Allocation Failure)
[4.824s][info][gc,heap        ] GC(8) PSYoungGen: 2103680K(2446848K)->12352K(2446848K) Eden: 2097664K(2097664K)->0K(2097664K) From: 6016K(349184K)->12352K(349184K)
[4.824s][info][gc,heap        ] GC(8) ParOldGen: 3805K(5592576K)->3805K(5592576K)
[4.824s][info][gc,metaspace   ] GC(8) Metaspace: 9029K(9280K)->9029K(9280K) NonClass: 7847K(7936K)->7847K(7936K) Class: 1182K(1344K)->1182K(1344K)
[4.824s][info][gc             ] GC(8) Pause Young (Allocation Failure) 2058M->15M(7851M) 5.881ms
[4.824s][info][gc,cpu         ] GC(8) User=0.00s Sys=0.02s Real=0.02s
[5.613s][info][gc,start       ] GC(9) Pause Young (Allocation Failure)
[5.622s][info][gc,heap        ] GC(9) PSYoungGen: 2110016K(2446848K)->18688K(2768384K) Eden: 2097664K(2097664K)->0K(2746880K) From: 12352K(349184K)->18688K(21504K)
[5.622s][info][gc,heap        ] GC(9) ParOldGen: 3805K(5592576K)->3805K(5592576K)
[5.622s][info][gc,metaspace   ] GC(9) Metaspace: 9029K(9280K)->9029K(9280K) NonClass: 7847K(7936K)->7847K(7936K) Class: 1182K(1344K)->1182K(1344K)
[5.622s][info][gc             ] GC(9) Pause Young (Allocation Failure) 2064M->21M(8165M) 9.366ms
[5.622s][info][gc,cpu         ] GC(9) User=0.00s Sys=0.00s Real=0.00s
[6.289s][info][gc,start       ] GC(10) Pause Young (System.gc())
[6.289s][info][gc,heap        ] GC(10) PSYoungGen: 1140494K(2768384K)->64K(2771456K) Eden: 1121806K(2746880K)->0K(2746880K) From: 18688K(21504K)->64K(24576K)
[6.289s][info][gc,heap        ] GC(10) ParOldGen: 3805K(5592576K)->3805K(5592576K)
[6.289s][info][gc,metaspace   ] GC(10) Metaspace: 9029K(9280K)->9029K(9280K) NonClass: 7847K(7936K)->7847K(7936K) Class: 1182K(1344K)->1182K(1344K)
[6.289s][info][gc             ] GC(10) Pause Young (System.gc()) 1117M->3M(8168M) 0.547ms
[6.289s][info][gc,cpu         ] GC(10) User=0.00s Sys=0.00s Real=0.00s
[6.289s][info][gc,start       ] GC(11) Pause Full (System.gc())
[6.289s][info][gc,phases,start] GC(11) Marking Phase
[6.294s][info][gc,phases      ] GC(11) Marking Phase 4.243ms
[6.294s][info][gc,phases,start] GC(11) Summary Phase
[6.294s][info][gc,phases      ] GC(11) Summary Phase 0.009ms
[6.294s][info][gc,phases,start] GC(11) Adjust Roots
[6.295s][info][gc,phases      ] GC(11) Adjust Roots 1.240ms
[6.295s][info][gc,phases,start] GC(11) Compaction Phase
[6.296s][info][gc,phases      ] GC(11) Compaction Phase 1.128ms
[6.296s][info][gc,phases,start] GC(11) Post Compact
[6.297s][info][gc,phases      ] GC(11) Post Compact 0.512ms
[6.297s][info][gc,heap        ] GC(11) PSYoungGen: 64K(2771456K)->0K(2771456K) Eden: 0K(2746880K)->0K(2746880K) From: 64K(24576K)->0K(24576K)
[6.297s][info][gc,heap        ] GC(11) ParOldGen: 3805K(5592576K)->3804K(5592576K)
[6.297s][info][gc,metaspace   ] GC(11) Metaspace: 9029K(9280K)->9029K(9280K) NonClass: 7847K(7936K)->7847K(7936K) Class: 1182K(1344K)->1182K(1344K)
[6.297s][info][gc             ] GC(11) Pause Full (System.gc()) 3M->3M(8168M) 7.394ms
[6.297s][info][gc,cpu         ] GC(11) User=0.00s Sys=0.00s Real=0.00s
[6.878s][info][gc,start       ] GC(12) Pause Young (Allocation Failure)
[6.882s][info][gc,heap        ] GC(12) PSYoungGen: 2746880K(2771456K)->7872K(2772992K) Eden: 2746880K(2746880K)->0K(2748416K) From: 0K(24576K)->7872K(24576K)
[6.882s][info][gc,heap        ] GC(12) ParOldGen: 3804K(5592576K)->3804K(5592576K)
[6.882s][info][gc,metaspace   ] GC(12) Metaspace: 9030K(9280K)->9030K(9280K) NonClass: 7847K(7936K)->7847K(7936K) Class: 1182K(1344K)->1182K(1344K)
[6.883s][info][gc             ] GC(12) Pause Young (Allocation Failure) 2686M->11M(8169M) 4.458ms
[6.883s][info][gc,cpu         ] GC(12) User=0.02s Sys=0.00s Real=0.01s
[7.862s][info][gc,start       ] GC(13) Pause Young (Allocation Failure)
[7.871s][info][gc,heap        ] GC(13) PSYoungGen: 2756288K(2772992K)->16224K(2771456K) Eden: 2748416K(2748416K)->0K(2748416K) From: 7872K(24576K)->16224K(23040K)
[7.871s][info][gc,heap        ] GC(13) ParOldGen: 3804K(5592576K)->3804K(5592576K)
[7.871s][info][gc,metaspace   ] GC(13) Metaspace: 9030K(9280K)->9030K(9280K) NonClass: 7847K(7936K)->7847K(7936K) Class: 1182K(1344K)->1182K(1344K)
[7.871s][info][gc             ] GC(13) Pause Young (Allocation Failure) 2695M->19M(8168M) 9.046ms
[7.871s][info][gc,cpu         ] GC(13) User=0.00s Sys=0.00s Real=0.01s
[8.839s][info][gc,start       ] GC(14) Pause Young (System.gc())
[8.840s][info][gc,heap        ] GC(14) PSYoungGen: 1931921K(2771456K)->96K(2771456K) Eden: 1915697K(2748416K)->0K(2746880K) From: 16224K(23040K)->96K(24576K)
[8.840s][info][gc,heap        ] GC(14) ParOldGen: 3804K(5592576K)->3804K(5592576K)
[8.840s][info][gc,metaspace   ] GC(14) Metaspace: 9030K(9344K)->9030K(9344K) NonClass: 7848K(8000K)->7848K(8000K) Class: 1182K(1344K)->1182K(1344K)
[8.840s][info][gc             ] GC(14) Pause Young (System.gc()) 1890M->3M(8168M) 0.540ms
[8.840s][info][gc,cpu         ] GC(14) User=0.00s Sys=0.00s Real=0.00s
[8.840s][info][gc,start       ] GC(15) Pause Full (System.gc())
[8.840s][info][gc,phases,start] GC(15) Marking Phase
[8.843s][info][gc,phases      ] GC(15) Marking Phase 3.792ms
[8.844s][info][gc,phases,start] GC(15) Summary Phase
[8.844s][info][gc,phases      ] GC(15) Summary Phase 0.009ms
[8.844s][info][gc,phases,start] GC(15) Adjust Roots
[8.845s][info][gc,phases      ] GC(15) Adjust Roots 1.721ms
[8.845s][info][gc,phases,start] GC(15) Compaction Phase
[8.846s][info][gc,phases      ] GC(15) Compaction Phase 1.033ms
[8.846s][info][gc,phases,start] GC(15) Post Compact
[8.847s][info][gc,phases      ] GC(15) Post Compact 0.404ms
[8.847s][info][gc,heap        ] GC(15) PSYoungGen: 96K(2771456K)->0K(2771456K) Eden: 0K(2746880K)->0K(2746880K) From: 96K(24576K)->0K(24576K)
[8.847s][info][gc,heap        ] GC(15) ParOldGen: 3804K(5592576K)->3804K(5592576K)
[8.847s][info][gc,metaspace   ] GC(15) Metaspace: 9030K(9344K)->9030K(9344K) NonClass: 7848K(8000K)->7848K(8000K) Class: 1182K(1344K)->1182K(1344K)
[8.847s][info][gc             ] GC(15) Pause Full (System.gc()) 3M->3M(8168M) 7.143ms
[8.847s][info][gc,cpu         ] GC(15) User=0.00s Sys=0.00s Real=0.02s
[9.335s][info][gc,start       ] GC(16) Pause Young (Allocation Failure)
[9.339s][info][gc,heap        ] GC(16) PSYoungGen: 2746880K(2771456K)->7840K(2771456K) Eden: 2746880K(2746880K)->0K(2746880K) From: 0K(24576K)->7840K(24576K)
[9.339s][info][gc,heap        ] GC(16) ParOldGen: 3804K(5592576K)->3804K(5592576K)
[9.339s][info][gc,metaspace   ] GC(16) Metaspace: 9032K(9344K)->9032K(9344K) NonClass: 7850K(8000K)->7850K(8000K) Class: 1182K(1344K)->1182K(1344K)
[9.339s][info][gc             ] GC(16) Pause Young (Allocation Failure) 2686M->11M(8168M) 3.893ms
[9.339s][info][gc,cpu         ] GC(16) User=0.00s Sys=0.00s Real=0.00s
[10.329s][info][gc,start       ] GC(17) Pause Young (Allocation Failure)
[10.337s][info][gc,heap        ] GC(17) PSYoungGen: 2754720K(2771456K)->16256K(2769920K) Eden: 2746880K(2746880K)->0K(2746880K) From: 7840K(24576K)->16256K(23040K)
[10.337s][info][gc,heap        ] GC(17) ParOldGen: 3804K(5592576K)->3844K(5592576K)
[10.337s][info][gc,metaspace   ] GC(17) Metaspace: 9032K(9344K)->9032K(9344K) NonClass: 7850K(8000K)->7850K(8000K) Class: 1182K(1344K)->1182K(1344K)
[10.337s][info][gc             ] GC(17) Pause Young (Allocation Failure) 2693M->19M(8166M) 7.952ms
[10.337s][info][gc,cpu         ] GC(17) User=0.02s Sys=0.00s Real=0.02s
[11.299s][info][gc,start       ] GC(18) Pause Young (System.gc())
[11.328s][info][gc,heap        ] GC(18) PSYoungGen: 1911767K(2769920K)->24544K(2771456K) Eden: 1895511K(2746880K)->0K(2746880K) From: 16256K(23040K)->24544K(24576K)
[11.328s][info][gc,heap        ] GC(18) ParOldGen: 3844K(5592576K)->36988K(5592576K)
[11.328s][info][gc,metaspace   ] GC(18) Metaspace: 9033K(9344K)->9033K(9344K) NonClass: 7850K(8000K)->7850K(8000K) Class: 1182K(1344K)->1182K(1344K)
[11.328s][info][gc             ] GC(18) Pause Young (System.gc()) 1870M->60M(8168M) 29.694ms
[11.328s][info][gc,cpu         ] GC(18) User=0.08s Sys=0.00s Real=0.03s
[11.328s][info][gc,start       ] GC(19) Pause Full (System.gc())
[11.328s][info][gc,phases,start] GC(19) Marking Phase
[11.332s][info][gc,phases      ] GC(19) Marking Phase 3.472ms
[11.332s][info][gc,phases,start] GC(19) Summary Phase
[11.332s][info][gc,phases      ] GC(19) Summary Phase 0.012ms
[11.332s][info][gc,phases,start] GC(19) Adjust Roots
[11.333s][info][gc,phases      ] GC(19) Adjust Roots 1.069ms
[11.333s][info][gc,phases,start] GC(19) Compaction Phase
[11.334s][info][gc,phases      ] GC(19) Compaction Phase 1.341ms
[11.335s][info][gc,phases,start] GC(19) Post Compact
[11.335s][info][gc,phases      ] GC(19) Post Compact 0.930ms
[11.335s][info][gc,heap        ] GC(19) PSYoungGen: 24544K(2771456K)->0K(2771456K) Eden: 0K(2746880K)->0K(2746880K) From: 24544K(24576K)->0K(24576K)
[11.335s][info][gc,heap        ] GC(19) ParOldGen: 36988K(5592576K)->3804K(5592576K)
[11.335s][info][gc,metaspace   ] GC(19) Metaspace: 9033K(9344K)->9033K(9344K) NonClass: 7850K(8000K)->7850K(8000K) Class: 1182K(1344K)->1182K(1344K)
[11.336s][info][gc             ] GC(19) Pause Full (System.gc()) 60M->3M(8168M) 7.120ms
[11.336s][info][gc,cpu         ] GC(19) User=0.00s Sys=0.00s Real=0.00s
[11.826s][info][gc,start       ] GC(20) Pause Young (Allocation Failure)
[11.830s][info][gc,heap        ] GC(20) PSYoungGen: 2746880K(2771456K)->7904K(2741760K) Eden: 2746880K(2746880K)->0K(2717184K) From: 0K(24576K)->7904K(24576K)
[11.830s][info][gc,heap        ] GC(20) ParOldGen: 3804K(5592576K)->3804K(5592576K)
[11.830s][info][gc,metaspace   ] GC(20) Metaspace: 9033K(9344K)->9033K(9344K) NonClass: 7850K(8000K)->7850K(8000K) Class: 1182K(1344K)->1182K(1344K)
[11.830s][info][gc             ] GC(20) Pause Young (Allocation Failure) 2686M->11M(8139M) 3.987ms
[11.830s][info][gc,cpu         ] GC(20) User=0.02s Sys=0.00s Real=0.02s
[12.813s][info][gc,start       ] GC(21) Pause Young (Allocation Failure)
[12.821s][info][gc,heap        ] GC(21) PSYoungGen: 2725088K(2741760K)->16192K(2756608K) Eden: 2717184K(2717184K)->0K(2717184K) From: 7904K(24576K)->16192K(39424K)
[12.821s][info][gc,heap        ] GC(21) ParOldGen: 3804K(5592576K)->3852K(5592576K)
[12.821s][info][gc,metaspace   ] GC(21) Metaspace: 9033K(9344K)->9033K(9344K) NonClass: 7850K(8000K)->7850K(8000K) Class: 1182K(1344K)->1182K(1344K)
[12.821s][info][gc             ] GC(21) Pause Young (Allocation Failure) 2664M->19M(8153M) 8.005ms
[12.821s][info][gc,cpu         ] GC(21) User=0.03s Sys=0.00s Real=0.02s
[13.795s][info][gc,start       ] GC(22) Pause Young (System.gc())
[13.821s][info][gc,heap        ] GC(22) PSYoungGen: 1931852K(2756608K)->37856K(2730496K) Eden: 1915660K(2717184K)->0K(2692608K) From: 16192K(39424K)->37856K(37888K)
[13.821s][info][gc,heap        ] GC(22) ParOldGen: 3852K(5592576K)->23644K(5592576K)
[13.821s][info][gc,metaspace   ] GC(22) Metaspace: 9033K(9344K)->9033K(9344K) NonClass: 7851K(8000K)->7851K(8000K) Class: 1182K(1344K)->1182K(1344K)
[13.821s][info][gc             ] GC(22) Pause Young (System.gc()) 1890M->60M(8128M) 26.120ms
[13.821s][info][gc,cpu         ] GC(22) User=0.09s Sys=0.00s Real=0.03s
[13.821s][info][gc,start       ] GC(23) Pause Full (System.gc())
[13.821s][info][gc,phases,start] GC(23) Marking Phase
[13.825s][info][gc,phases      ] GC(23) Marking Phase 3.591ms
[13.825s][info][gc,phases,start] GC(23) Summary Phase
[13.825s][info][gc,phases      ] GC(23) Summary Phase 0.011ms
[13.825s][info][gc,phases,start] GC(23) Adjust Roots
[13.826s][info][gc,phases      ] GC(23) Adjust Roots 1.045ms
[13.826s][info][gc,phases,start] GC(23) Compaction Phase
[13.827s][info][gc,phases      ] GC(23) Compaction Phase 1.437ms
[13.827s][info][gc,phases,start] GC(23) Post Compact
[13.828s][info][gc,phases      ] GC(23) Post Compact 0.677ms
[13.828s][info][gc,heap        ] GC(23) PSYoungGen: 37856K(2730496K)->0K(2730496K) Eden: 0K(2692608K)->0K(2692608K) From: 37856K(37888K)->0K(37888K)
[13.828s][info][gc,heap        ] GC(23) ParOldGen: 23644K(5592576K)->3804K(5592576K)
[13.828s][info][gc,metaspace   ] GC(23) Metaspace: 9033K(9344K)->9033K(9344K) NonClass: 7851K(8000K)->7851K(8000K) Class: 1182K(1344K)->1182K(1344K)
[13.828s][info][gc             ] GC(23) Pause Full (System.gc()) 60M->3M(8128M) 6.923ms
[13.828s][info][gc,cpu         ] GC(23) User=0.00s Sys=0.00s Real=0.00s
[14.306s][info][gc,start       ] GC(24) Pause Young (Allocation Failure)
[14.310s][info][gc,heap        ] GC(24) PSYoungGen: 2692608K(2730496K)->7680K(2744320K) Eden: 2692608K(2692608K)->0K(2692608K) From: 0K(37888K)->7680K(51712K)
[14.310s][info][gc,heap        ] GC(24) ParOldGen: 3804K(5592576K)->3812K(5592576K)
[14.310s][info][gc,metaspace   ] GC(24) Metaspace: 9037K(9344K)->9037K(9344K) NonClass: 7855K(8000K)->7855K(8000K) Class: 1182K(1344K)->1182K(1344K)
[14.310s][info][gc             ] GC(24) Pause Young (Allocation Failure) 2633M->11M(8141M) 3.965ms
[14.310s][info][gc,cpu         ] GC(24) User=0.02s Sys=0.00s Real=0.02s
[15.260s][info][gc,start       ] GC(25) Pause Young (Allocation Failure)
[15.268s][info][gc,heap        ] GC(25) PSYoungGen: 2700288K(2744320K)->15968K(2748928K) Eden: 2692608K(2692608K)->0K(2698752K) From: 7680K(51712K)->15968K(50176K)
[15.268s][info][gc,heap        ] GC(25) ParOldGen: 3812K(5592576K)->3852K(5592576K)
[15.268s][info][gc,metaspace   ] GC(25) Metaspace: 9038K(9344K)->9038K(9344K) NonClass: 7856K(8000K)->7856K(8000K) Class: 1182K(1344K)->1182K(1344K)
[15.268s][info][gc             ] GC(25) Pause Young (Allocation Failure) 2640M->19M(8146M) 7.672ms
[15.268s][info][gc,cpu         ] GC(25) User=0.02s Sys=0.00s Real=0.02s
[16.290s][info][gc,start       ] GC(26) Pause Young (System.gc())
[16.315s][info][gc,heap        ] GC(26) PSYoungGen: 2043462K(2748928K)->45248K(2744320K) Eden: 2027494K(2698752K)->0K(2698752K) From: 15968K(50176K)->45248K(45568K)
[16.317s][info][gc,heap        ] GC(26) ParOldGen: 3852K(5592576K)->16356K(5592576K)
[16.317s][info][gc,metaspace   ] GC(26) Metaspace: 9039K(9344K)->9039K(9344K) NonClass: 7856K(8000K)->7856K(8000K) Class: 1182K(1344K)->1182K(1344K)
[16.317s][info][gc             ] GC(26) Pause Young (System.gc()) 1999M->60M(8141M) 27.514ms
[16.317s][info][gc,cpu         ] GC(26) User=0.08s Sys=0.00s Real=0.03s
[16.317s][info][gc,start       ] GC(27) Pause Full (System.gc())
[16.317s][info][gc,phases,start] GC(27) Marking Phase
[16.321s][info][gc,phases      ] GC(27) Marking Phase 3.947ms
[16.321s][info][gc,phases,start] GC(27) Summary Phase
[16.321s][info][gc,phases      ] GC(27) Summary Phase 0.009ms
[16.321s][info][gc,phases,start] GC(27) Adjust Roots
[16.322s][info][gc,phases      ] GC(27) Adjust Roots 0.944ms
[16.322s][info][gc,phases,start] GC(27) Compaction Phase
[16.324s][info][gc,phases      ] GC(27) Compaction Phase 1.272ms
[16.324s][info][gc,phases,start] GC(27) Post Compact
[16.325s][info][gc,phases      ] GC(27) Post Compact 1.137ms
[16.325s][info][gc,heap        ] GC(27) PSYoungGen: 45248K(2744320K)->0K(2744320K) Eden: 0K(2698752K)->0K(2698752K) From: 45248K(45568K)->0K(45568K)
[16.325s][info][gc,heap        ] GC(27) ParOldGen: 16356K(5592576K)->3805K(5592576K)
[16.325s][info][gc,metaspace   ] GC(27) Metaspace: 9039K(9344K)->9039K(9344K) NonClass: 7856K(8000K)->7856K(8000K) Class: 1182K(1344K)->1182K(1344K)
[16.325s][info][gc             ] GC(27) Pause Full (System.gc()) 60M->3M(8141M) 7.506ms
[16.325s][info][gc,cpu         ] GC(27) User=0.00s Sys=0.00s Real=0.00s
[16.818s][info][gc,start       ] GC(28) Pause Young (Allocation Failure)
[16.822s][info][gc,heap        ] GC(28) PSYoungGen: 2698752K(2744320K)->7904K(2741248K) Eden: 2698752K(2698752K)->0K(2689536K) From: 0K(45568K)->7904K(51712K)
[16.822s][info][gc,heap        ] GC(28) ParOldGen: 3805K(5592576K)->3805K(5592576K)
[16.822s][info][gc,metaspace   ] GC(28) Metaspace: 9039K(9344K)->9039K(9344K) NonClass: 7857K(8000K)->7857K(8000K) Class: 1182K(1344K)->1182K(1344K)
[16.822s][info][gc             ] GC(28) Pause Young (Allocation Failure) 2639M->11M(8138M) 4.151ms
[16.822s][info][gc,cpu         ] GC(28) User=0.02s Sys=0.00s Real=0.02s
[17.795s][info][gc,start       ] GC(29) Pause Young (Allocation Failure)
[17.803s][info][gc,heap        ] GC(29) PSYoungGen: 2697440K(2741248K)->16064K(2742784K) Eden: 2689536K(2689536K)->0K(2689536K) From: 7904K(51712K)->16064K(53248K)
[17.803s][info][gc,heap        ] GC(29) ParOldGen: 3805K(5592576K)->3853K(5592576K)
[17.803s][info][gc,metaspace   ] GC(29) Metaspace: 9039K(9344K)->9039K(9344K) NonClass: 7857K(8000K)->7857K(8000K) Class: 1182K(1344K)->1182K(1344K)
[17.803s][info][gc             ] GC(29) Pause Young (Allocation Failure) 2637M->19M(8140M) 7.815ms
[17.803s][info][gc,cpu         ] GC(29) User=0.00s Sys=0.00s Real=0.00s
[18.784s][info][gc,start       ] GC(30) Pause Young (System.gc())
[18.809s][info][gc,heap        ] GC(30) PSYoungGen: 1968736K(2742784K)->45248K(2732544K) Eden: 1952672K(2689536K)->0K(2682368K) From: 16064K(53248K)->45248K(50176K)
[18.809s][info][gc,heap        ] GC(30) ParOldGen: 3853K(5592576K)->16349K(5592576K)
[18.809s][info][gc,metaspace   ] GC(30) Metaspace: 9041K(9344K)->9041K(9344K) NonClass: 7858K(8000K)->7858K(8000K) Class: 1182K(1344K)->1182K(1344K)
[18.809s][info][gc             ] GC(30) Pause Young (System.gc()) 1926M->60M(8130M) 25.430ms
[18.809s][info][gc,cpu         ] GC(30) User=0.06s Sys=0.00s Real=0.02s
[18.810s][info][gc,start       ] GC(31) Pause Full (System.gc())
[18.810s][info][gc,phases,start] GC(31) Marking Phase
[18.813s][info][gc,phases      ] GC(31) Marking Phase 3.881ms
[18.813s][info][gc,phases,start] GC(31) Summary Phase
[18.813s][info][gc,phases      ] GC(31) Summary Phase 0.010ms
[18.813s][info][gc,phases,start] GC(31) Adjust Roots
[18.815s][info][gc,phases      ] GC(31) Adjust Roots 1.049ms
[18.815s][info][gc,phases,start] GC(31) Compaction Phase
[18.816s][info][gc,phases      ] GC(31) Compaction Phase 1.156ms
[18.816s][info][gc,phases,start] GC(31) Post Compact
[18.816s][info][gc,phases      ] GC(31) Post Compact 0.687ms
[18.816s][info][gc,heap        ] GC(31) PSYoungGen: 45248K(2732544K)->0K(2732544K) Eden: 0K(2682368K)->0K(2682368K) From: 45248K(50176K)->0K(50176K)
[18.816s][info][gc,heap        ] GC(31) ParOldGen: 16349K(5592576K)->3804K(5592576K)
[18.817s][info][gc,metaspace   ] GC(31) Metaspace: 9041K(9344K)->9041K(9344K) NonClass: 7858K(8000K)->7858K(8000K) Class: 1182K(1344K)->1182K(1344K)
[18.817s][info][gc             ] GC(31) Pause Full (System.gc()) 60M->3M(8130M) 6.992ms
[18.817s][info][gc,cpu         ] GC(31) User=0.00s Sys=0.00s Real=0.01s
[19.301s][info][gc,start       ] GC(32) Pause Young (Allocation Failure)
[19.304s][info][gc,heap        ] GC(32) PSYoungGen: 2682368K(2732544K)->7776K(2739200K) Eden: 2682368K(2682368K)->0K(2682368K) From: 0K(50176K)->7776K(56832K)
[19.304s][info][gc,heap        ] GC(32) ParOldGen: 3804K(5592576K)->3804K(5592576K)
[19.304s][info][gc,metaspace   ] GC(32) Metaspace: 9050K(9344K)->9050K(9344K) NonClass: 7868K(8000K)->7868K(8000K) Class: 1182K(1344K)->1182K(1344K)
[19.304s][info][gc             ] GC(32) Pause Young (Allocation Failure) 2623M->11M(8136M) 3.717ms
[19.304s][info][gc,cpu         ] GC(32) User=0.00s Sys=0.00s Real=0.00s
[20.256s][info][gc,start       ] GC(33) Pause Young (Allocation Failure)
[20.264s][info][gc,heap        ] GC(33) PSYoungGen: 2690144K(2739200K)->16144K(2743296K) Eden: 2682368K(2682368K)->0K(2687488K) From: 7776K(56832K)->16144K(55808K)
[20.264s][info][gc,heap        ] GC(33) ParOldGen: 3804K(5592576K)->3852K(5592576K)
[20.264s][info][gc,metaspace   ] GC(33) Metaspace: 9050K(9344K)->9050K(9344K) NonClass: 7868K(8000K)->7868K(8000K) Class: 1182K(1344K)->1182K(1344K)
[20.264s][info][gc             ] GC(33) Pause Young (Allocation Failure) 2630M->19M(8140M) 7.476ms
[20.264s][info][gc,cpu         ] GC(33) User=0.00s Sys=0.00s Real=0.00s
[21.269s][info][gc,start       ] GC(34) Pause Young (System.gc())
[21.294s][info][gc,heap        ] GC(34) PSYoungGen: 2049871K(2743296K)->45216K(2733056K) Eden: 2033727K(2687488K)->0K(2687488K) From: 16144K(55808K)->45216K(45568K)
[21.294s][info][gc,heap        ] GC(34) ParOldGen: 3852K(5592576K)->16348K(5592576K)
[21.294s][info][gc,metaspace   ] GC(34) Metaspace: 9053K(9344K)->9053K(9344K) NonClass: 7871K(8000K)->7871K(8000K) Class: 1182K(1344K)->1182K(1344K)
[21.294s][info][gc             ] GC(34) Pause Young (System.gc()) 2005M->60M(8130M) 24.936ms
[21.294s][info][gc,cpu         ] GC(34) User=0.09s Sys=0.00s Real=0.03s
[21.294s][info][gc,start       ] GC(35) Pause Full (System.gc())
[21.294s][info][gc,phases,start] GC(35) Marking Phase
[21.297s][info][gc,phases      ] GC(35) Marking Phase 3.674ms
[21.297s][info][gc,phases,start] GC(35) Summary Phase
[21.297s][info][gc,phases      ] GC(35) Summary Phase 0.010ms
[21.297s][info][gc,phases,start] GC(35) Adjust Roots
[21.299s][info][gc,phases      ] GC(35) Adjust Roots 1.330ms
[21.299s][info][gc,phases,start] GC(35) Compaction Phase
[21.300s][info][gc,phases      ] GC(35) Compaction Phase 1.269ms
[21.300s][info][gc,phases,start] GC(35) Post Compact
[21.301s][info][gc,phases      ] GC(35) Post Compact 0.621ms
[21.301s][info][gc,heap        ] GC(35) PSYoungGen: 45216K(2733056K)->0K(2733056K) Eden: 0K(2687488K)->0K(2687488K) From: 45216K(45568K)->0K(45568K)
[21.301s][info][gc,heap        ] GC(35) ParOldGen: 16348K(5592576K)->3805K(5592576K)
[21.301s][info][gc,metaspace   ] GC(35) Metaspace: 9053K(9344K)->9053K(9344K) NonClass: 7871K(8000K)->7871K(8000K) Class: 1182K(1344K)->1182K(1344K)
[21.301s][info][gc             ] GC(35) Pause Full (System.gc()) 60M->3M(8130M) 7.124ms
[21.301s][info][gc,cpu         ] GC(35) User=0.00s Sys=0.00s Real=0.00s
[21.784s][info][gc,start       ] GC(36) Pause Young (Allocation Failure)
[21.787s][info][gc,heap        ] GC(36) PSYoungGen: 2687488K(2733056K)->7744K(2738176K) Eden: 2687488K(2687488K)->0K(2679296K) From: 0K(45568K)->7744K(58880K)
[21.787s][info][gc,heap        ] GC(36) ParOldGen: 3805K(5592576K)->3805K(5592576K)
[21.787s][info][gc,metaspace   ] GC(36) Metaspace: 9061K(9344K)->9061K(9344K) NonClass: 7879K(8000K)->7879K(8000K) Class: 1182K(1344K)->1182K(1344K)
[21.787s][info][gc             ] GC(36) Pause Young (Allocation Failure) 2628M->11M(8135M) 3.729ms
[21.787s][info][gc,cpu         ] GC(36) User=0.00s Sys=0.00s Real=0.00s
[22.735s][info][gc,start       ] GC(37) Pause Young (Allocation Failure)
[22.742s][info][gc,heap        ] GC(37) PSYoungGen: 2687040K(2738176K)->16000K(2737152K) Eden: 2679296K(2679296K)->0K(2679296K) From: 7744K(58880K)->16000K(57856K)
[22.743s][info][gc,heap        ] GC(37) ParOldGen: 3805K(5592576K)->3845K(5592576K)
[22.743s][info][gc,metaspace   ] GC(37) Metaspace: 9061K(9344K)->9061K(9344K) NonClass: 7879K(8000K)->7879K(8000K) Class: 1182K(1344K)->1182K(1344K)
[22.743s][info][gc             ] GC(37) Pause Young (Allocation Failure) 2627M->19M(8134M) 7.762ms
[22.743s][info][gc,cpu         ] GC(37) User=0.02s Sys=0.00s Real=0.02s
[23.748s][info][gc,start       ] GC(38) Pause Young (System.gc())
[23.773s][info][gc,heap        ] GC(38) PSYoungGen: 2011729K(2737152K)->45216K(2729984K) Eden: 1995729K(2679296K)->0K(2675200K) From: 16000K(57856K)->45216K(54784K)
[23.774s][info][gc,heap        ] GC(38) ParOldGen: 3845K(5592576K)->16349K(5592576K)
[23.774s][info][gc,metaspace   ] GC(38) Metaspace: 9061K(9344K)->9061K(9344K) NonClass: 7879K(8000K)->7879K(8000K) Class: 1182K(1344K)->1182K(1344K)
[23.774s][info][gc             ] GC(38) Pause Young (System.gc()) 1968M->60M(8127M) 25.503ms
[23.774s][info][gc,cpu         ] GC(38) User=0.08s Sys=0.00s Real=0.03s
[23.774s][info][gc,start       ] GC(39) Pause Full (System.gc())
[23.774s][info][gc,phases,start] GC(39) Marking Phase
[23.777s][info][gc,phases      ] GC(39) Marking Phase 3.474ms
[23.777s][info][gc,phases,start] GC(39) Summary Phase
[23.777s][info][gc,phases      ] GC(39) Summary Phase 0.014ms
[23.777s][info][gc,phases,start] GC(39) Adjust Roots
[23.779s][info][gc,phases      ] GC(39) Adjust Roots 1.498ms
[23.779s][info][gc,phases,start] GC(39) Compaction Phase
[23.780s][info][gc,phases      ] GC(39) Compaction Phase 1.348ms
[23.780s][info][gc,phases,start] GC(39) Post Compact
[23.781s][info][gc,phases      ] GC(39) Post Compact 0.647ms
[23.781s][info][gc,heap        ] GC(39) PSYoungGen: 45216K(2729984K)->0K(2729984K) Eden: 0K(2675200K)->0K(2675200K) From: 45216K(54784K)->0K(54784K)
[23.781s][info][gc,heap        ] GC(39) ParOldGen: 16349K(5592576K)->3804K(5592576K)
[23.781s][info][gc,metaspace   ] GC(39) Metaspace: 9061K(9344K)->9061K(9344K) NonClass: 7879K(8000K)->7879K(8000K) Class: 1182K(1344K)->1182K(1344K)
[23.781s][info][gc             ] GC(39) Pause Full (System.gc()) 60M->3M(8127M) 7.199ms
[23.781s][info][gc,cpu         ] GC(39) User=0.00s Sys=0.00s Real=0.00s
[24.265s][info][gc,start       ] GC(40) Pause Young (Allocation Failure)
[24.269s][info][gc,heap        ] GC(40) PSYoungGen: 2675200K(2729984K)->7776K(2735616K) Eden: 2675200K(2675200K)->0K(2675200K) From: 0K(54784K)->7776K(60416K)
[24.269s][info][gc,heap        ] GC(40) ParOldGen: 3804K(5592576K)->3804K(5592576K)
[24.269s][info][gc,metaspace   ] GC(40) Metaspace: 9064K(9344K)->9064K(9344K) NonClass: 7882K(8000K)->7882K(8000K) Class: 1182K(1344K)->1182K(1344K)
[24.269s][info][gc             ] GC(40) Pause Young (Allocation Failure) 2616M->11M(8133M) 3.712ms
[24.269s][info][gc,cpu         ] GC(40) User=0.00s Sys=0.00s Real=0.00s
[25.220s][info][gc,start       ] GC(41) Pause Young (Allocation Failure)
[25.228s][info][gc,heap        ] GC(41) PSYoungGen: 2682976K(2735616K)->15968K(2739712K) Eden: 2675200K(2675200K)->0K(2680320K) From: 7776K(60416K)->15968K(59392K)
[25.228s][info][gc,heap        ] GC(41) ParOldGen: 3804K(5592576K)->3852K(5592576K)
[25.228s][info][gc,metaspace   ] GC(41) Metaspace: 9064K(9344K)->9064K(9344K) NonClass: 7882K(8000K)->7882K(8000K) Class: 1182K(1344K)->1182K(1344K)
[25.228s][info][gc             ] GC(41) Pause Young (Allocation Failure) 2623M->19M(8137M) 7.364ms
[25.228s][info][gc,cpu         ] GC(41) User=0.00s Sys=0.00s Real=0.00s
[26.235s][info][gc,start       ] GC(42) Pause Young (System.gc())
[26.261s][info][gc,heap        ] GC(42) PSYoungGen: 2041157K(2739712K)->45216K(2725888K) Eden: 2025189K(2680320K)->0K(2680320K) From: 15968K(59392K)->45216K(45568K)
[26.261s][info][gc,heap        ] GC(42) ParOldGen: 3852K(5592576K)->16348K(5592576K)
[26.261s][info][gc,metaspace   ] GC(42) Metaspace: 9064K(9344K)->9064K(9344K) NonClass: 7882K(8000K)->7882K(8000K) Class: 1182K(1344K)->1182K(1344K)
[26.261s][info][gc             ] GC(42) Pause Young (System.gc()) 1997M->60M(8123M) 25.394ms
[26.261s][info][gc,cpu         ] GC(42) User=0.09s Sys=0.00s Real=0.03s
[26.261s][info][gc,start       ] GC(43) Pause Full (System.gc())
[26.261s][info][gc,phases,start] GC(43) Marking Phase
[26.264s][info][gc,phases      ] GC(43) Marking Phase 3.545ms
[26.264s][info][gc,phases,start] GC(43) Summary Phase
[26.264s][info][gc,phases      ] GC(43) Summary Phase 0.009ms
[26.264s][info][gc,phases,start] GC(43) Adjust Roots
[26.265s][info][gc,phases      ] GC(43) Adjust Roots 0.924ms
[26.265s][info][gc,phases,start] GC(43) Compaction Phase
[26.267s][info][gc,phases      ] GC(43) Compaction Phase 1.425ms
[26.267s][info][gc,phases,start] GC(43) Post Compact
[26.267s][info][gc,phases      ] GC(43) Post Compact 0.561ms
[26.267s][info][gc,heap        ] GC(43) PSYoungGen: 45216K(2725888K)->0K(2725888K) Eden: 0K(2680320K)->0K(2680320K) From: 45216K(45568K)->0K(45568K)
[26.267s][info][gc,heap        ] GC(43) ParOldGen: 16348K(5592576K)->3804K(5592576K)
[26.267s][info][gc,metaspace   ] GC(43) Metaspace: 9064K(9344K)->9064K(9344K) NonClass: 7882K(8000K)->7882K(8000K) Class: 1182K(1344K)->1182K(1344K)
[26.267s][info][gc             ] GC(43) Pause Full (System.gc()) 60M->3M(8123M) 6.613ms
[26.267s][info][gc,cpu         ] GC(43) User=0.00s Sys=0.00s Real=0.00s
[26.745s][info][gc,start       ] GC(44) Pause Young (Allocation Failure)
[26.749s][info][gc,heap        ] GC(44) PSYoungGen: 2680320K(2725888K)->7680K(2735104K) Eden: 2680320K(2680320K)->0K(2673152K) From: 0K(45568K)->7680K(61952K)
[26.749s][info][gc,heap        ] GC(44) ParOldGen: 3804K(5592576K)->3804K(5592576K)
[26.749s][info][gc,metaspace   ] GC(44) Metaspace: 9068K(9344K)->9068K(9344K) NonClass: 7886K(8000K)->7886K(8000K) Class: 1182K(1344K)->1182K(1344K)
[26.749s][info][gc             ] GC(44) Pause Young (Allocation Failure) 2621M->11M(8132M) 3.645ms
[26.749s][info][gc,cpu         ] GC(44) User=0.00s Sys=0.00s Real=0.00s
[27.689s][info][gc,start       ] GC(45) Pause Young (Allocation Failure)
[27.696s][info][gc,heap        ] GC(45) PSYoungGen: 2680832K(2735104K)->15936K(2734080K) Eden: 2673152K(2673152K)->0K(2673152K) From: 7680K(61952K)->15936K(60928K)
[27.696s][info][gc,heap        ] GC(45) ParOldGen: 3804K(5592576K)->3852K(5592576K)
[27.696s][info][gc,metaspace   ] GC(45) Metaspace: 9068K(9344K)->9068K(9344K) NonClass: 7886K(8000K)->7886K(8000K) Class: 1182K(1344K)->1182K(1344K)
[27.696s][info][gc             ] GC(45) Pause Young (Allocation Failure) 2621M->19M(8131M) 7.546ms
[27.696s][info][gc,cpu         ] GC(45) User=0.02s Sys=0.00s Real=0.01s
[28.712s][info][gc,start       ] GC(46) Pause Young (System.gc())
[28.737s][info][gc,heap        ] GC(46) PSYoungGen: 2039874K(2734080K)->45216K(2727936K) Eden: 2023938K(2673152K)->0K(2670080K) From: 15936K(60928K)->45216K(57856K)
[28.737s][info][gc,heap        ] GC(46) ParOldGen: 3852K(5592576K)->16340K(5592576K)
[28.737s][info][gc,metaspace   ] GC(46) Metaspace: 9076K(9344K)->9076K(9344K) NonClass: 7894K(8000K)->7894K(8000K) Class: 1182K(1344K)->1182K(1344K)
[28.737s][info][gc             ] GC(46) Pause Young (System.gc()) 1995M->60M(8125M) 25.495ms
[28.737s][info][gc,cpu         ] GC(46) User=0.11s Sys=0.00s Real=0.03s
[28.737s][info][gc,start       ] GC(47) Pause Full (System.gc())
[28.737s][info][gc,phases,start] GC(47) Marking Phase
[28.741s][info][gc,phases      ] GC(47) Marking Phase 3.667ms
[28.741s][info][gc,phases,start] GC(47) Summary Phase
[28.741s][info][gc,phases      ] GC(47) Summary Phase 0.009ms
[28.741s][info][gc,phases,start] GC(47) Adjust Roots
[28.742s][info][gc,phases      ] GC(47) Adjust Roots 1.270ms
[28.742s][info][gc,phases,start] GC(47) Compaction Phase
[28.743s][info][gc,phases      ] GC(47) Compaction Phase 1.281ms
[28.743s][info][gc,phases,start] GC(47) Post Compact
[28.744s][info][gc,phases      ] GC(47) Post Compact 0.609ms
[28.744s][info][gc,heap        ] GC(47) PSYoungGen: 45216K(2727936K)->0K(2727936K) Eden: 0K(2670080K)->0K(2670080K) From: 45216K(57856K)->0K(57856K)
[28.744s][info][gc,heap        ] GC(47) ParOldGen: 16340K(5592576K)->3804K(5592576K)
[28.744s][info][gc,metaspace   ] GC(47) Metaspace: 9076K(9344K)->9076K(9344K) NonClass: 7894K(8000K)->7894K(8000K) Class: 1182K(1344K)->1182K(1344K)
[28.744s][info][gc             ] GC(47) Pause Full (System.gc()) 60M->3M(8125M) 7.052ms
[28.744s][info][gc,cpu         ] GC(47) User=0.00s Sys=0.00s Real=0.00s
[29.222s][info][gc,start       ] GC(48) Pause Young (Allocation Failure)
[29.225s][info][gc,heap        ] GC(48) PSYoungGen: 2670080K(2727936K)->7712K(2733056K) Eden: 2670080K(2670080K)->0K(2670080K) From: 0K(57856K)->7712K(62976K)
[29.225s][info][gc,heap        ] GC(48) ParOldGen: 3804K(5592576K)->3804K(5592576K)
[29.225s][info][gc,metaspace   ] GC(48) Metaspace: 9081K(9344K)->9081K(9344K) NonClass: 7899K(8000K)->7899K(8000K) Class: 1182K(1344K)->1182K(1344K)
[29.225s][info][gc             ] GC(48) Pause Young (Allocation Failure) 2611M->11M(8130M) 3.506ms
[29.225s][info][gc,cpu         ] GC(48) User=0.00s Sys=0.00s Real=0.00s
[30.169s][info][gc,start       ] GC(49) Pause Young (Allocation Failure)
[30.176s][info][gc,heap        ] GC(49) PSYoungGen: 2677792K(2733056K)->15840K(2737152K) Eden: 2670080K(2670080K)->0K(2675200K) From: 7712K(62976K)->15840K(61952K)
[30.176s][info][gc,heap        ] GC(49) ParOldGen: 3804K(5592576K)->3852K(5592576K)
[30.176s][info][gc,metaspace   ] GC(49) Metaspace: 9081K(9344K)->9081K(9344K) NonClass: 7899K(8000K)->7899K(8000K) Class: 1182K(1344K)->1182K(1344K)
[30.176s][info][gc             ] GC(49) Pause Young (Allocation Failure) 2618M->19M(8134M) 7.737ms
[30.176s][info][gc,cpu         ] GC(49) User=0.00s Sys=0.00s Real=0.00s
[31.194s][info][gc,start       ] GC(50) Pause Young (System.gc())
[31.220s][info][gc,heap        ] GC(50) PSYoungGen: 2064876K(2737152K)->45216K(2720768K) Eden: 2049036K(2675200K)->0K(2675200K) From: 15840K(61952K)->45216K(45568K)
[31.220s][info][gc,heap        ] GC(50) ParOldGen: 3852K(5592576K)->16348K(5592576K)
[31.220s][info][gc,metaspace   ] GC(50) Metaspace: 9081K(9344K)->9081K(9344K) NonClass: 7899K(8000K)->7899K(8000K) Class: 1182K(1344K)->1182K(1344K)
[31.220s][info][gc             ] GC(50) Pause Young (System.gc()) 2020M->60M(8118M) 25.428ms
[31.220s][info][gc,cpu         ] GC(50) User=0.09s Sys=0.00s Real=0.03s
[31.220s][info][gc,start       ] GC(51) Pause Full (System.gc())
[31.220s][info][gc,phases,start] GC(51) Marking Phase
[31.224s][info][gc,phases      ] GC(51) Marking Phase 3.994ms
[31.224s][info][gc,phases,start] GC(51) Summary Phase
[31.224s][info][gc,phases      ] GC(51) Summary Phase 0.010ms
[31.224s][info][gc,phases,start] GC(51) Adjust Roots
[31.225s][info][gc,phases      ] GC(51) Adjust Roots 1.167ms
[31.225s][info][gc,phases,start] GC(51) Compaction Phase
[31.226s][info][gc,phases      ] GC(51) Compaction Phase 1.223ms
[31.226s][info][gc,phases,start] GC(51) Post Compact
[31.227s][info][gc,phases      ] GC(51) Post Compact 0.865ms
[31.227s][info][gc,heap        ] GC(51) PSYoungGen: 45216K(2720768K)->0K(2720768K) Eden: 0K(2675200K)->0K(2675200K) From: 45216K(45568K)->0K(45568K)
[31.227s][info][gc,heap        ] GC(51) ParOldGen: 16348K(5592576K)->3804K(5592576K)
[31.227s][info][gc,metaspace   ] GC(51) Metaspace: 9081K(9344K)->9081K(9344K) NonClass: 7899K(8000K)->7899K(8000K) Class: 1182K(1344K)->1182K(1344K)
[31.227s][info][gc             ] GC(51) Pause Full (System.gc()) 60M->3M(8118M) 7.473ms
[31.227s][info][gc,cpu         ] GC(51) User=0.00s Sys=0.00s Real=0.00s
[31.707s][info][gc,start       ] GC(52) Pause Young (Allocation Failure)
[31.710s][info][gc,heap        ] GC(52) PSYoungGen: 2675200K(2720768K)->7712K(2733568K) Eden: 2675200K(2675200K)->0K(2669568K) From: 0K(45568K)->7712K(64000K)
[31.710s][info][gc,heap        ] GC(52) ParOldGen: 3804K(5592576K)->3804K(5592576K)
[31.710s][info][gc,metaspace   ] GC(52) Metaspace: 9097K(9408K)->9097K(9408K) NonClass: 7915K(8064K)->7915K(8064K) Class: 1182K(1344K)->1182K(1344K)
[31.710s][info][gc             ] GC(52) Pause Young (Allocation Failure) 2616M->11M(8131M) 3.682ms
[31.710s][info][gc,cpu         ] GC(52) User=0.00s Sys=0.00s Real=0.00s
[32.661s][info][gc,start       ] GC(53) Pause Young (Allocation Failure)
[32.669s][info][gc,heap        ] GC(53) PSYoungGen: 2677280K(2733568K)->15904K(2732032K) Eden: 2669568K(2669568K)->0K(2669568K) From: 7712K(64000K)->15904K(62464K)
[32.669s][info][gc,heap        ] GC(53) ParOldGen: 3804K(5592576K)->3852K(5592576K)
[32.669s][info][gc,metaspace   ] GC(53) Metaspace: 9097K(9408K)->9097K(9408K) NonClass: 7915K(8064K)->7915K(8064K) Class: 1182K(1344K)->1182K(1344K)
[32.669s][info][gc             ] GC(53) Pause Young (Allocation Failure) 2618M->19M(8129M) 8.635ms
[32.669s][info][gc,cpu         ] GC(53) User=0.00s Sys=0.00s Real=0.00s
[33.687s][info][gc,start       ] GC(54) Pause Young (System.gc())
[33.712s][info][gc,heap        ] GC(54) PSYoungGen: 2038819K(2732032K)->45248K(2726912K) Eden: 2022915K(2669568K)->0K(2667008K) From: 15904K(62464K)->45248K(59904K)
[33.712s][info][gc,heap        ] GC(54) ParOldGen: 3852K(5592576K)->16356K(5592576K)
[33.712s][info][gc,metaspace   ] GC(54) Metaspace: 9100K(9408K)->9100K(9408K) NonClass: 7918K(8064K)->7918K(8064K) Class: 1182K(1344K)->1182K(1344K)
[33.712s][info][gc             ] GC(54) Pause Young (System.gc()) 1994M->60M(8124M) 25.338ms
[33.712s][info][gc,cpu         ] GC(54) User=0.09s Sys=0.00s Real=0.03s
[33.712s][info][gc,start       ] GC(55) Pause Full (System.gc())
[33.712s][info][gc,phases,start] GC(55) Marking Phase
[33.716s][info][gc,phases      ] GC(55) Marking Phase 3.576ms
[33.716s][info][gc,phases,start] GC(55) Summary Phase
[33.716s][info][gc,phases      ] GC(55) Summary Phase 0.008ms
[33.716s][info][gc,phases,start] GC(55) Adjust Roots
[33.718s][info][gc,phases      ] GC(55) Adjust Roots 1.506ms
[33.718s][info][gc,phases,start] GC(55) Compaction Phase
[33.719s][info][gc,phases      ] GC(55) Compaction Phase 1.185ms
[33.719s][info][gc,phases,start] GC(55) Post Compact
[33.719s][info][gc,phases      ] GC(55) Post Compact 0.511ms
[33.719s][info][gc,heap        ] GC(55) PSYoungGen: 45248K(2726912K)->0K(2726912K) Eden: 0K(2667008K)->0K(2667008K) From: 45248K(59904K)->0K(59904K)
[33.719s][info][gc,heap        ] GC(55) ParOldGen: 16356K(5592576K)->3804K(5592576K)
[33.719s][info][gc,metaspace   ] GC(55) Metaspace: 9100K(9408K)->9100K(9408K) NonClass: 7918K(8064K)->7918K(8064K) Class: 1182K(1344K)->1182K(1344K)
[33.719s][info][gc             ] GC(55) Pause Full (System.gc()) 60M->3M(8124M) 6.934ms
[33.719s][info][gc,cpu         ] GC(55) User=0.00s Sys=0.00s Real=0.00s
[34.202s][info][gc,start       ] GC(56) Pause Young (Allocation Failure)
[34.205s][info][gc,heap        ] GC(56) PSYoungGen: 2667008K(2726912K)->7680K(2731520K) Eden: 2667008K(2667008K)->0K(2667008K) From: 0K(59904K)->7680K(64512K)
[34.205s][info][gc,heap        ] GC(56) ParOldGen: 3804K(5592576K)->3804K(5592576K)
[34.205s][info][gc,metaspace   ] GC(56) Metaspace: 9101K(9408K)->9101K(9408K) NonClass: 7919K(8064K)->7919K(8064K) Class: 1182K(1344K)->1182K(1344K)
[34.205s][info][gc             ] GC(56) Pause Young (Allocation Failure) 2608M->11M(8129M) 3.675ms
[34.205s][info][gc,cpu         ] GC(56) User=0.00s Sys=0.00s Real=0.01s
[35.148s][info][gc,start       ] GC(57) Pause Young (Allocation Failure)
[35.156s][info][gc,heap        ] GC(57) PSYoungGen: 2674688K(2731520K)->15936K(2735616K) Eden: 2667008K(2667008K)->0K(2672128K) From: 7680K(64512K)->15936K(63488K)
[35.156s][info][gc,heap        ] GC(57) ParOldGen: 3804K(5592576K)->3852K(5592576K)
[35.156s][info][gc,metaspace   ] GC(57) Metaspace: 9101K(9408K)->9101K(9408K) NonClass: 7919K(8064K)->7919K(8064K) Class: 1182K(1344K)->1182K(1344K)
[35.156s][info][gc             ] GC(57) Pause Young (Allocation Failure) 2615M->19M(8133M) 7.515ms
[35.156s][info][gc,cpu         ] GC(57) User=0.00s Sys=0.00s Real=0.00s
[36.174s][info][gc,start       ] GC(58) Pause Young (System.gc())
[36.199s][info][gc,heap        ] GC(58) PSYoungGen: 2049275K(2735616K)->45216K(2717696K) Eden: 2033339K(2672128K)->0K(2672128K) From: 15936K(63488K)->45216K(45568K)
[36.199s][info][gc,heap        ] GC(58) ParOldGen: 3852K(5592576K)->16348K(5592576K)
[36.199s][info][gc,metaspace   ] GC(58) Metaspace: 9101K(9408K)->9101K(9408K) NonClass: 7919K(8064K)->7919K(8064K) Class: 1182K(1344K)->1182K(1344K)
[36.200s][info][gc             ] GC(58) Pause Young (System.gc()) 2005M->60M(8115M) 25.380ms
[36.200s][info][gc,cpu         ] GC(58) User=0.09s Sys=0.00s Real=0.03s
[36.200s][info][gc,start       ] GC(59) Pause Full (System.gc())
[36.200s][info][gc,phases,start] GC(59) Marking Phase
[36.203s][info][gc,phases      ] GC(59) Marking Phase 3.595ms
[36.203s][info][gc,phases,start] GC(59) Summary Phase
[36.203s][info][gc,phases      ] GC(59) Summary Phase 0.009ms
[36.203s][info][gc,phases,start] GC(59) Adjust Roots
[36.205s][info][gc,phases      ] GC(59) Adjust Roots 1.425ms
[36.205s][info][gc,phases,start] GC(59) Compaction Phase
[36.206s][info][gc,phases      ] GC(59) Compaction Phase 1.335ms
[36.206s][info][gc,phases,start] GC(59) Post Compact
[36.207s][info][gc,phases      ] GC(59) Post Compact 0.841ms
[36.207s][info][gc,heap        ] GC(59) PSYoungGen: 45216K(2717696K)->0K(2717696K) Eden: 0K(2672128K)->0K(2672128K) From: 45216K(45568K)->0K(45568K)
[36.207s][info][gc,heap        ] GC(59) ParOldGen: 16348K(5592576K)->3804K(5592576K)
[36.207s][info][gc,metaspace   ] GC(59) Metaspace: 9101K(9408K)->9101K(9408K) NonClass: 7919K(8064K)->7919K(8064K) Class: 1182K(1344K)->1182K(1344K)
[36.207s][info][gc             ] GC(59) Pause Full (System.gc()) 60M->3M(8115M) 7.479ms
[36.207s][info][gc,cpu         ] GC(59) User=0.00s Sys=0.00s Real=0.00s
[36.682s][info][gc,start       ] GC(60) Pause Young (Allocation Failure)
[36.685s][info][gc,heap        ] GC(60) PSYoungGen: 2672128K(2717696K)->7552K(2732032K) Eden: 2672128K(2672128K)->0K(2667008K) From: 0K(45568K)->7552K(65024K)
[36.685s][info][gc,heap        ] GC(60) ParOldGen: 3804K(5592576K)->3804K(5592576K)
[36.685s][info][gc,metaspace   ] GC(60) Metaspace: 9102K(9408K)->9102K(9408K) NonClass: 7919K(8064K)->7919K(8064K) Class: 1182K(1344K)->1182K(1344K)
[36.685s][info][gc             ] GC(60) Pause Young (Allocation Failure) 2613M->11M(8129M) 3.600ms
[36.685s][info][gc,cpu         ] GC(60) User=0.00s Sys=0.00s Real=0.00s
[37.625s][info][gc,start       ] GC(61) Pause Young (Allocation Failure)
[37.632s][info][gc,heap        ] GC(61) PSYoungGen: 2674560K(2732032K)->15808K(2731008K) Eden: 2667008K(2667008K)->0K(2667008K) From: 7552K(65024K)->15808K(64000K)
[37.632s][info][gc,heap        ] GC(61) ParOldGen: 3804K(5592576K)->3852K(5592576K)
[37.632s][info][gc,metaspace   ] GC(61) Metaspace: 9104K(9408K)->9104K(9408K) NonClass: 7922K(8064K)->7922K(8064K) Class: 1182K(1344K)->1182K(1344K)
[37.632s][info][gc             ] GC(61) Pause Young (Allocation Failure) 2615M->19M(8128M) 7.488ms
[37.632s][info][gc,cpu         ] GC(61) User=0.00s Sys=0.00s Real=0.00s
[38.664s][info][gc,start       ] GC(62) Pause Young (System.gc())
[38.689s][info][gc,heap        ] GC(62) PSYoungGen: 2096582K(2731008K)->45248K(2725888K) Eden: 2080774K(2667008K)->0K(2664960K) From: 15808K(64000K)->45248K(60928K)
[38.689s][info][gc,heap        ] GC(62) ParOldGen: 3852K(5592576K)->16340K(5592576K)
[38.689s][info][gc,metaspace   ] GC(62) Metaspace: 9109K(9408K)->9109K(9408K) NonClass: 7926K(8064K)->7926K(8064K) Class: 1182K(1344K)->1182K(1344K)
[38.689s][info][gc             ] GC(62) Pause Young (System.gc()) 2051M->60M(8123M) 25.040ms
[38.689s][info][gc,cpu         ] GC(62) User=0.08s Sys=0.00s Real=0.02s
[38.689s][info][gc,start       ] GC(63) Pause Full (System.gc())
[38.689s][info][gc,phases,start] GC(63) Marking Phase
[38.692s][info][gc,phases      ] GC(63) Marking Phase 3.704ms
[38.693s][info][gc,phases,start] GC(63) Summary Phase
[38.693s][info][gc,phases      ] GC(63) Summary Phase 0.009ms
[38.693s][info][gc,phases,start] GC(63) Adjust Roots
[38.694s][info][gc,phases      ] GC(63) Adjust Roots 1.582ms
[38.694s][info][gc,phases,start] GC(63) Compaction Phase
[38.695s][info][gc,phases      ] GC(63) Compaction Phase 1.325ms
[38.696s][info][gc,phases,start] GC(63) Post Compact
[38.696s][info][gc,phases      ] GC(63) Post Compact 0.512ms
[38.696s][info][gc,heap        ] GC(63) PSYoungGen: 45248K(2725888K)->0K(2725888K) Eden: 0K(2664960K)->0K(2664960K) From: 45248K(60928K)->0K(60928K)
[38.696s][info][gc,heap        ] GC(63) ParOldGen: 16340K(5592576K)->3804K(5592576K)
[38.696s][info][gc,metaspace   ] GC(63) Metaspace: 9109K(9408K)->9109K(9408K) NonClass: 7926K(8064K)->7926K(8064K) Class: 1182K(1344K)->1182K(1344K)
[38.696s][info][gc             ] GC(63) Pause Full (System.gc()) 60M->3M(8123M) 7.306ms
[38.696s][info][gc,cpu         ] GC(63) User=0.02s Sys=0.00s Real=0.02s
[39.171s][info][gc,start       ] GC(64) Pause Young (Allocation Failure)
[39.175s][info][gc,heap        ] GC(64) PSYoungGen: 2664960K(2725888K)->7648K(2730496K) Eden: 2664960K(2664960K)->0K(2664960K) From: 0K(60928K)->7648K(65536K)
[39.175s][info][gc,heap        ] GC(64) ParOldGen: 3804K(5592576K)->3804K(5592576K)
[39.175s][info][gc,metaspace   ] GC(64) Metaspace: 9109K(9408K)->9109K(9408K) NonClass: 7926K(8064K)->7926K(8064K) Class: 1182K(1344K)->1182K(1344K)
[39.175s][info][gc             ] GC(64) Pause Young (Allocation Failure) 2606M->11M(8128M) 3.662ms
[39.175s][info][gc,cpu         ] GC(64) User=0.00s Sys=0.00s Real=0.00s
[40.120s][info][gc,start       ] GC(65) Pause Young (Allocation Failure)
[40.127s][info][gc,heap        ] GC(65) PSYoungGen: 2672608K(2730496K)->15840K(2734592K) Eden: 2664960K(2664960K)->0K(2670080K) From: 7648K(65536K)->15840K(64512K)
[40.127s][info][gc,heap        ] GC(65) ParOldGen: 3804K(5592576K)->3852K(5592576K)
[40.127s][info][gc,metaspace   ] GC(65) Metaspace: 9109K(9408K)->9109K(9408K) NonClass: 7927K(8064K)->7927K(8064K) Class: 1182K(1344K)->1182K(1344K)
[40.127s][info][gc             ] GC(65) Pause Young (Allocation Failure) 2613M->19M(8132M) 7.270ms
[40.127s][info][gc,cpu         ] GC(65) User=0.00s Sys=0.00s Real=0.00s
[41.147s][info][gc,start       ] GC(66) Pause Young (System.gc())
[41.173s][info][gc,heap        ] GC(66) PSYoungGen: 2086685K(2734592K)->45216K(2715648K) Eden: 2070845K(2670080K)->0K(2670080K) From: 15840K(64512K)->45216K(45568K)
[41.173s][info][gc,heap        ] GC(66) ParOldGen: 3852K(5592576K)->16340K(5592576K)
[41.173s][info][gc,metaspace   ] GC(66) Metaspace: 9109K(9408K)->9109K(9408K) NonClass: 7927K(8064K)->7927K(8064K) Class: 1182K(1344K)->1182K(1344K)
[41.173s][info][gc             ] GC(66) Pause Young (System.gc()) 2041M->60M(8113M) 25.665ms
[41.173s][info][gc,cpu         ] GC(66) User=0.09s Sys=0.00s Real=0.03s
[41.173s][info][gc,start       ] GC(67) Pause Full (System.gc())
[41.173s][info][gc,phases,start] GC(67) Marking Phase
[41.177s][info][gc,phases      ] GC(67) Marking Phase 3.987ms
[41.177s][info][gc,phases,start] GC(67) Summary Phase
[41.177s][info][gc,phases      ] GC(67) Summary Phase 0.010ms
[41.177s][info][gc,phases,start] GC(67) Adjust Roots
[41.178s][info][gc,phases      ] GC(67) Adjust Roots 1.454ms
[41.178s][info][gc,phases,start] GC(67) Compaction Phase
[41.179s][info][gc,phases      ] GC(67) Compaction Phase 1.179ms
[41.179s][info][gc,phases,start] GC(67) Post Compact
[41.180s][info][gc,phases      ] GC(67) Post Compact 0.530ms
[41.180s][info][gc,heap        ] GC(67) PSYoungGen: 45216K(2715648K)->0K(2715648K) Eden: 0K(2670080K)->0K(2670080K) From: 45216K(45568K)->0K(45568K)
[41.180s][info][gc,heap        ] GC(67) ParOldGen: 16340K(5592576K)->3804K(5592576K)
[41.180s][info][gc,metaspace   ] GC(67) Metaspace: 9109K(9408K)->9109K(9408K) NonClass: 7927K(8064K)->7927K(8064K) Class: 1182K(1344K)->1182K(1344K)
[41.180s][info][gc             ] GC(67) Pause Full (System.gc()) 60M->3M(8113M) 7.341ms
[41.180s][info][gc,cpu         ] GC(67) User=0.00s Sys=0.00s Real=0.00s
[41.659s][info][gc,start       ] GC(68) Pause Young (Allocation Failure)
[41.663s][info][gc,heap        ] GC(68) PSYoungGen: 2670080K(2715648K)->7680K(2731520K) Eden: 2670080K(2670080K)->0K(2665472K) From: 0K(45568K)->7680K(66048K)
[41.663s][info][gc,heap        ] GC(68) ParOldGen: 3804K(5592576K)->3804K(5592576K)
[41.663s][info][gc,metaspace   ] GC(68) Metaspace: 9110K(9408K)->9110K(9408K) NonClass: 7928K(8064K)->7928K(8064K) Class: 1182K(1344K)->1182K(1344K)
[41.663s][info][gc             ] GC(68) Pause Young (Allocation Failure) 2611M->11M(8129M) 3.836ms
[41.663s][info][gc,cpu         ] GC(68) User=0.00s Sys=0.00s Real=0.00s
[42.606s][info][gc,start       ] GC(69) Pause Young (Allocation Failure)
[42.613s][info][gc,heap        ] GC(69) PSYoungGen: 2673152K(2731520K)->15904K(2729984K) Eden: 2665472K(2665472K)->0K(2665472K) From: 7680K(66048K)->15904K(64512K)
[42.613s][info][gc,heap        ] GC(69) ParOldGen: 3804K(5592576K)->3852K(5592576K)
[42.613s][info][gc,metaspace   ] GC(69) Metaspace: 9110K(9408K)->9110K(9408K) NonClass: 7928K(8064K)->7928K(8064K) Class: 1182K(1344K)->1182K(1344K)
[42.613s][info][gc             ] GC(69) Pause Young (Allocation Failure) 2614M->19M(8127M) 7.544ms
[42.613s][info][gc,cpu         ] GC(69) User=0.00s Sys=0.00s Real=0.00s
[43.634s][info][gc,start       ] GC(70) Pause Young (System.gc())
[43.659s][info][gc,heap        ] GC(70) PSYoungGen: 2053229K(2729984K)->45248K(2724352K) Eden: 2037324K(2665472K)->0K(2662912K) From: 15904K(64512K)->45248K(61440K)
[43.659s][info][gc,heap        ] GC(70) ParOldGen: 3852K(5592576K)->16356K(5592576K)
[43.659s][info][gc,metaspace   ] GC(70) Metaspace: 9110K(9408K)->9110K(9408K) NonClass: 7928K(8064K)->7928K(8064K) Class: 1182K(1344K)->1182K(1344K)
[43.660s][info][gc             ] GC(70) Pause Young (System.gc()) 2008M->60M(8122M) 25.355ms
[43.660s][info][gc,cpu         ] GC(70) User=0.08s Sys=0.00s Real=0.02s
[43.660s][info][gc,start       ] GC(71) Pause Full (System.gc())
[43.660s][info][gc,phases,start] GC(71) Marking Phase
[43.663s][info][gc,phases      ] GC(71) Marking Phase 3.900ms
[43.664s][info][gc,phases,start] GC(71) Summary Phase
[43.664s][info][gc,phases      ] GC(71) Summary Phase 0.010ms
[43.664s][info][gc,phases,start] GC(71) Adjust Roots
[43.665s][info][gc,phases      ] GC(71) Adjust Roots 1.168ms
[43.665s][info][gc,phases,start] GC(71) Compaction Phase
[43.666s][info][gc,phases      ] GC(71) Compaction Phase 1.397ms
[43.666s][info][gc,phases,start] GC(71) Post Compact
[43.667s][info][gc,phases      ] GC(71) Post Compact 0.518ms
[43.667s][info][gc,heap        ] GC(71) PSYoungGen: 45248K(2724352K)->0K(2724352K) Eden: 0K(2662912K)->0K(2662912K) From: 45248K(61440K)->0K(61440K)
[43.667s][info][gc,heap        ] GC(71) ParOldGen: 16356K(5592576K)->3805K(5592576K)
[43.667s][info][gc,metaspace   ] GC(71) Metaspace: 9110K(9408K)->9110K(9408K) NonClass: 7928K(8064K)->7928K(8064K) Class: 1182K(1344K)->1182K(1344K)
[43.667s][info][gc             ] GC(71) Pause Full (System.gc()) 60M->3M(8122M) 7.200ms
[43.667s][info][gc,cpu         ] GC(71) User=0.00s Sys=0.00s Real=0.02s
[44.146s][info][gc,start       ] GC(72) Pause Young (Allocation Failure)
[44.149s][info][gc,heap        ] GC(72) PSYoungGen: 2662912K(2724352K)->7680K(2729472K) Eden: 2662912K(2662912K)->0K(2662912K) From: 0K(61440K)->7680K(66560K)
[44.149s][info][gc,heap        ] GC(72) ParOldGen: 3805K(5592576K)->3805K(5592576K)
[44.149s][info][gc,metaspace   ] GC(72) Metaspace: 9111K(9408K)->9111K(9408K) NonClass: 7929K(8064K)->7929K(8064K) Class: 1182K(1344K)->1182K(1344K)
[44.149s][info][gc             ] GC(72) Pause Young (Allocation Failure) 2604M->11M(8127M) 3.607ms
[44.149s][info][gc,cpu         ] GC(72) User=0.00s Sys=0.00s Real=0.00s
[45.093s][info][gc,start       ] GC(73) Pause Young (Allocation Failure)
[45.100s][info][gc,heap        ] GC(73) PSYoungGen: 2670592K(2729472K)->15840K(2734080K) Eden: 2662912K(2662912K)->0K(2669056K) From: 7680K(66560K)->15840K(65024K)
[45.100s][info][gc,heap        ] GC(73) ParOldGen: 3805K(5592576K)->3853K(5592576K)
[45.100s][info][gc,metaspace   ] GC(73) Metaspace: 9111K(9408K)->9111K(9408K) NonClass: 7929K(8064K)->7929K(8064K) Class: 1182K(1344K)->1182K(1344K)
[45.100s][info][gc             ] GC(73) Pause Young (Allocation Failure) 2611M->19M(8131M) 7.533ms
[45.100s][info][gc,cpu         ] GC(73) User=0.02s Sys=0.00s Real=0.02s
[46.117s][info][gc,start       ] GC(74) Pause Young (System.gc())
[46.143s][info][gc,heap        ] GC(74) PSYoungGen: 2065939K(2734080K)->45216K(2714624K) Eden: 2050099K(2669056K)->0K(2669056K) From: 15840K(65024K)->45216K(45568K)
[46.143s][info][gc,heap        ] GC(74) ParOldGen: 3853K(5592576K)->16341K(5592576K)
[46.143s][info][gc,metaspace   ] GC(74) Metaspace: 9111K(9408K)->9111K(9408K) NonClass: 7929K(8064K)->7929K(8064K) Class: 1182K(1344K)->1182K(1344K)
[46.143s][info][gc             ] GC(74) Pause Young (System.gc()) 2021M->60M(8112M) 25.787ms
[46.143s][info][gc,cpu         ] GC(74) User=0.08s Sys=0.00s Real=0.02s
[46.143s][info][gc,start       ] GC(75) Pause Full (System.gc())
[46.143s][info][gc,phases,start] GC(75) Marking Phase
[46.147s][info][gc,phases      ] GC(75) Marking Phase 3.641ms
[46.147s][info][gc,phases,start] GC(75) Summary Phase
[46.147s][info][gc,phases      ] GC(75) Summary Phase 0.013ms
[46.147s][info][gc,phases,start] GC(75) Adjust Roots
[46.148s][info][gc,phases      ] GC(75) Adjust Roots 1.177ms
[46.148s][info][gc,phases,start] GC(75) Compaction Phase
[46.149s][info][gc,phases      ] GC(75) Compaction Phase 1.337ms
[46.149s][info][gc,phases,start] GC(75) Post Compact
[46.150s][info][gc,phases      ] GC(75) Post Compact 0.694ms
[46.150s][info][gc,heap        ] GC(75) PSYoungGen: 45216K(2714624K)->0K(2714624K) Eden: 0K(2669056K)->0K(2669056K) From: 45216K(45568K)->0K(45568K)
[46.150s][info][gc,heap        ] GC(75) ParOldGen: 16341K(5592576K)->3805K(5592576K)
[46.150s][info][gc,metaspace   ] GC(75) Metaspace: 9111K(9408K)->9111K(9408K) NonClass: 7929K(8064K)->7929K(8064K) Class: 1182K(1344K)->1182K(1344K)
[46.150s][info][gc             ] GC(75) Pause Full (System.gc()) 60M->3M(8112M) 7.159ms
[46.150s][info][gc,cpu         ] GC(75) User=0.00s Sys=0.00s Real=0.02s
[46.624s][info][gc,start       ] GC(76) Pause Young (Allocation Failure)
[46.627s][info][gc,heap        ] GC(76) PSYoungGen: 2669056K(2714624K)->7584K(2731008K) Eden: 2669056K(2669056K)->0K(2664448K) From: 0K(45568K)->7584K(66560K)
[46.627s][info][gc,heap        ] GC(76) ParOldGen: 3805K(5592576K)->3805K(5592576K)
[46.627s][info][gc,metaspace   ] GC(76) Metaspace: 9112K(9408K)->9112K(9408K) NonClass: 7930K(8064K)->7930K(8064K) Class: 1182K(1344K)->1182K(1344K)
[46.627s][info][gc             ] GC(76) Pause Young (Allocation Failure) 2610M->11M(8128M) 3.656ms
[46.627s][info][gc,cpu         ] GC(76) User=0.00s Sys=0.00s Real=0.00s
[47.573s][info][gc,start       ] GC(77) Pause Young (Allocation Failure)
[47.580s][info][gc,heap        ] GC(77) PSYoungGen: 2672032K(2731008K)->15808K(2729472K) Eden: 2664448K(2664448K)->0K(2664448K) From: 7584K(66560K)->15808K(65024K)
[47.580s][info][gc,heap        ] GC(77) ParOldGen: 3805K(5592576K)->3853K(5592576K)
[47.580s][info][gc,metaspace   ] GC(77) Metaspace: 9112K(9408K)->9112K(9408K) NonClass: 7930K(8064K)->7930K(8064K) Class: 1182K(1344K)->1182K(1344K)
[47.580s][info][gc             ] GC(77) Pause Young (Allocation Failure) 2613M->19M(8127M) 7.713ms
[47.580s][info][gc,cpu         ] GC(77) User=0.02s Sys=0.00s Real=0.02s
[48.609s][info][gc,start       ] GC(78) Pause Young (System.gc())
[48.634s][info][gc,heap        ] GC(78) PSYoungGen: 2095353K(2729472K)->45280K(2724864K) Eden: 2079545K(2664448K)->0K(2662912K) From: 15808K(65024K)->45280K(61952K)
[48.634s][info][gc,heap        ] GC(78) ParOldGen: 3853K(5592576K)->16357K(5592576K)
[48.634s][info][gc,metaspace   ] GC(78) Metaspace: 9112K(9408K)->9112K(9408K) NonClass: 7930K(8064K)->7930K(8064K) Class: 1182K(1344K)->1182K(1344K)
[48.634s][info][gc             ] GC(78) Pause Young (System.gc()) 2050M->60M(8122M) 25.437ms
[48.634s][info][gc,cpu         ] GC(78) User=0.09s Sys=0.00s Real=0.03s
[48.634s][info][gc,start       ] GC(79) Pause Full (System.gc())
[48.634s][info][gc,phases,start] GC(79) Marking Phase
[48.638s][info][gc,phases      ] GC(79) Marking Phase 3.546ms
[48.638s][info][gc,phases,start] GC(79) Summary Phase
[48.638s][info][gc,phases      ] GC(79) Summary Phase 0.013ms
[48.638s][info][gc,phases,start] GC(79) Adjust Roots
[48.639s][info][gc,phases      ] GC(79) Adjust Roots 1.150ms
[48.639s][info][gc,phases,start] GC(79) Compaction Phase
[48.641s][info][gc,phases      ] GC(79) Compaction Phase 1.483ms
[48.641s][info][gc,phases,start] GC(79) Post Compact
[48.641s][info][gc,phases      ] GC(79) Post Compact 0.518ms
[48.641s][info][gc,heap        ] GC(79) PSYoungGen: 45280K(2724864K)->0K(2724864K) Eden: 0K(2662912K)->0K(2662912K) From: 45280K(61952K)->0K(61952K)
[48.641s][info][gc,heap        ] GC(79) ParOldGen: 16357K(5592576K)->3805K(5592576K)
[48.641s][info][gc,metaspace   ] GC(79) Metaspace: 9112K(9408K)->9112K(9408K) NonClass: 7930K(8064K)->7930K(8064K) Class: 1182K(1344K)->1182K(1344K)
[48.641s][info][gc             ] GC(79) Pause Full (System.gc()) 60M->3M(8122M) 6.936ms
[48.641s][info][gc,cpu         ] GC(79) User=0.00s Sys=0.00s Real=0.01s
[49.119s][info][gc,start       ] GC(80) Pause Young (Allocation Failure)
[49.123s][info][gc,heap        ] GC(80) PSYoungGen: 2662912K(2724864K)->7616K(2729472K) Eden: 2662912K(2662912K)->0K(2662912K) From: 0K(61952K)->7616K(66560K)
[49.123s][info][gc,heap        ] GC(80) ParOldGen: 3805K(5592576K)->3805K(5592576K)
[49.123s][info][gc,metaspace   ] GC(80) Metaspace: 9114K(9408K)->9114K(9408K) NonClass: 7932K(8064K)->7932K(8064K) Class: 1182K(1344K)->1182K(1344K)
[49.123s][info][gc             ] GC(80) Pause Young (Allocation Failure) 2604M->11M(8127M) 3.830ms
[49.123s][info][gc,cpu         ] GC(80) User=0.00s Sys=0.00s Real=0.00s
[50.061s][info][gc,start       ] GC(81) Pause Young (Allocation Failure)
[50.069s][info][gc,heap        ] GC(81) PSYoungGen: 2670528K(2729472K)->15840K(2734080K) Eden: 2662912K(2662912K)->0K(2668544K) From: 7616K(66560K)->15840K(65536K)
[50.069s][info][gc,heap        ] GC(81) ParOldGen: 3805K(5592576K)->3853K(5592576K)
[50.069s][info][gc,metaspace   ] GC(81) Metaspace: 9114K(9408K)->9114K(9408K) NonClass: 7932K(8064K)->7932K(8064K) Class: 1182K(1344K)->1182K(1344K)
[50.069s][info][gc             ] GC(81) Pause Young (Allocation Failure) 2611M->19M(8131M) 7.377ms
[50.069s][info][gc,cpu         ] GC(81) User=0.00s Sys=0.00s Real=0.00s
[51.095s][info][gc,start       ] GC(82) Pause Young (System.gc())
[51.120s][info][gc,heap        ] GC(82) PSYoungGen: 2090039K(2734080K)->45248K(2714112K) Eden: 2074199K(2668544K)->0K(2668544K) From: 15840K(65536K)->45248K(45568K)
[51.120s][info][gc,heap        ] GC(82) ParOldGen: 3853K(5592576K)->16357K(5592576K)
[51.120s][info][gc,metaspace   ] GC(82) Metaspace: 9116K(9408K)->9116K(9408K) NonClass: 7933K(8064K)->7933K(8064K) Class: 1182K(1344K)->1182K(1344K)
[51.120s][info][gc             ] GC(82) Pause Young (System.gc()) 2044M->60M(8112M) 25.170ms
[51.120s][info][gc,cpu         ] GC(82) User=0.00s Sys=0.00s Real=0.02s
[51.120s][info][gc,start       ] GC(83) Pause Full (System.gc())
[51.120s][info][gc,phases,start] GC(83) Marking Phase
[51.124s][info][gc,phases      ] GC(83) Marking Phase 3.683ms
[51.124s][info][gc,phases,start] GC(83) Summary Phase
[51.124s][info][gc,phases      ] GC(83) Summary Phase 0.010ms
[51.124s][info][gc,phases,start] GC(83) Adjust Roots
[51.126s][info][gc,phases      ] GC(83) Adjust Roots 1.562ms
[51.126s][info][gc,phases,start] GC(83) Compaction Phase
[51.127s][info][gc,phases      ] GC(83) Compaction Phase 1.210ms
[51.127s][info][gc,phases,start] GC(83) Post Compact
[51.128s][info][gc,phases      ] GC(83) Post Compact 0.842ms
[51.128s][info][gc,heap        ] GC(83) PSYoungGen: 45248K(2714112K)->0K(2714112K) Eden: 0K(2668544K)->0K(2668544K) From: 45248K(45568K)->0K(45568K)
[51.128s][info][gc,heap        ] GC(83) ParOldGen: 16357K(5592576K)->3805K(5592576K)
[51.128s][info][gc,metaspace   ] GC(83) Metaspace: 9116K(9408K)->9116K(9408K) NonClass: 7933K(8064K)->7933K(8064K) Class: 1182K(1344K)->1182K(1344K)
[51.128s][info][gc             ] GC(83) Pause Full (System.gc()) 60M->3M(8112M) 7.529ms
[51.128s][info][gc,cpu         ] GC(83) User=0.00s Sys=0.00s Real=0.02s
[51.603s][info][gc,start       ] GC(84) Pause Young (Allocation Failure)
[51.607s][info][gc,heap        ] GC(84) PSYoungGen: 2668544K(2714112K)->7680K(2730496K) Eden: 2668544K(2668544K)->0K(2663424K) From: 0K(45568K)->7680K(67072K)
[51.607s][info][gc,heap        ] GC(84) ParOldGen: 3805K(5592576K)->3805K(5592576K)
[51.607s][info][gc,metaspace   ] GC(84) Metaspace: 9116K(9408K)->9116K(9408K) NonClass: 7933K(8064K)->7933K(8064K) Class: 1182K(1344K)->1182K(1344K)
[51.607s][info][gc             ] GC(84) Pause Young (Allocation Failure) 2609M->11M(8128M) 3.820ms
[51.607s][info][gc,cpu         ] GC(84) User=0.00s Sys=0.00s Real=0.00s
[52.549s][info][gc,start       ] GC(85) Pause Young (Allocation Failure)
[52.556s][info][gc,heap        ] GC(85) PSYoungGen: 2671104K(2730496K)->15840K(2728960K) Eden: 2663424K(2663424K)->0K(2663424K) From: 7680K(67072K)->15840K(65536K)
[52.556s][info][gc,heap        ] GC(85) ParOldGen: 3805K(5592576K)->3853K(5592576K)
[52.556s][info][gc,metaspace   ] GC(85) Metaspace: 9116K(9408K)->9116K(9408K) NonClass: 7933K(8064K)->7933K(8064K) Class: 1182K(1344K)->1182K(1344K)
[52.556s][info][gc             ] GC(85) Pause Young (Allocation Failure) 2612M->19M(8126M) 7.684ms
[52.556s][info][gc,cpu         ] GC(85) User=0.02s Sys=0.00s Real=0.01s
[53.577s][info][gc,start       ] GC(86) Pause Young (System.gc())
[53.602s][info][gc,heap        ] GC(86) PSYoungGen: 2072033K(2728960K)->45216K(2724352K) Eden: 2056193K(2663424K)->0K(2661888K) From: 15840K(65536K)->45216K(62464K)
[53.602s][info][gc,heap        ] GC(86) ParOldGen: 3853K(5592576K)->16349K(5592576K)
[53.602s][info][gc,metaspace   ] GC(86) Metaspace: 9116K(9408K)->9116K(9408K) NonClass: 7933K(8064K)->7933K(8064K) Class: 1182K(1344K)->1182K(1344K)
[53.602s][info][gc             ] GC(86) Pause Young (System.gc()) 2027M->60M(8122M) 25.222ms
[53.602s][info][gc,cpu         ] GC(86) User=0.08s Sys=0.00s Real=0.02s
[53.603s][info][gc,start       ] GC(87) Pause Full (System.gc())
[53.603s][info][gc,phases,start] GC(87) Marking Phase
[53.606s][info][gc,phases      ] GC(87) Marking Phase 3.572ms
[53.606s][info][gc,phases,start] GC(87) Summary Phase
[53.606s][info][gc,phases      ] GC(87) Summary Phase 0.015ms
[53.606s][info][gc,phases,start] GC(87) Adjust Roots
[53.608s][info][gc,phases      ] GC(87) Adjust Roots 1.391ms
[53.608s][info][gc,phases,start] GC(87) Compaction Phase
[53.609s][info][gc,phases      ] GC(87) Compaction Phase 1.509ms
[53.609s][info][gc,phases,start] GC(87) Post Compact
[53.610s][info][gc,phases      ] GC(87) Post Compact 0.522ms
[53.610s][info][gc,heap        ] GC(87) PSYoungGen: 45216K(2724352K)->0K(2724352K) Eden: 0K(2661888K)->0K(2661888K) From: 45216K(62464K)->0K(62464K)
[53.610s][info][gc,heap        ] GC(87) ParOldGen: 16349K(5592576K)->3805K(5592576K)
[53.610s][info][gc,metaspace   ] GC(87) Metaspace: 9116K(9408K)->9116K(9408K) NonClass: 7933K(8064K)->7933K(8064K) Class: 1182K(1344K)->1182K(1344K)
[53.610s][info][gc             ] GC(87) Pause Full (System.gc()) 60M->3M(8122M) 7.232ms
[53.610s][info][gc,cpu         ] GC(87) User=0.00s Sys=0.00s Real=0.02s
[54.085s][info][gc,start       ] GC(88) Pause Young (Allocation Failure)
[54.088s][info][gc,heap        ] GC(88) PSYoungGen: 2661888K(2724352K)->7648K(2728960K) Eden: 2661888K(2661888K)->0K(2661888K) From: 0K(62464K)->7648K(67072K)
[54.088s][info][gc,heap        ] GC(88) ParOldGen: 3805K(5592576K)->3805K(5592576K)
[54.088s][info][gc,metaspace   ] GC(88) Metaspace: 9116K(9408K)->9116K(9408K) NonClass: 7934K(8064K)->7934K(8064K) Class: 1182K(1344K)->1182K(1344K)
[54.088s][info][gc             ] GC(88) Pause Young (Allocation Failure) 2603M->11M(8126M) 3.843ms
[54.088s][info][gc,cpu         ] GC(88) User=0.00s Sys=0.00s Real=0.00s
[55.029s][info][gc,start       ] GC(89) Pause Young (Allocation Failure)
[55.037s][info][gc,heap        ] GC(89) PSYoungGen: 2669536K(2728960K)->15808K(2733568K) Eden: 2661888K(2661888K)->0K(2668032K) From: 7648K(67072K)->15808K(65536K)
[55.037s][info][gc,heap        ] GC(89) ParOldGen: 3805K(5592576K)->3853K(5592576K)
[55.037s][info][gc,metaspace   ] GC(89) Metaspace: 9116K(9408K)->9116K(9408K) NonClass: 7934K(8064K)->7934K(8064K) Class: 1182K(1344K)->1182K(1344K)
[55.037s][info][gc             ] GC(89) Pause Young (Allocation Failure) 2610M->19M(8131M) 7.726ms
[55.037s][info][gc,cpu         ] GC(89) User=0.02s Sys=0.00s Real=0.01s
[56.069s][info][gc,start       ] GC(90) Pause Young (System.gc())
[56.094s][info][gc,heap        ] GC(90) PSYoungGen: 2098143K(2733568K)->45216K(2713600K) Eden: 2082335K(2668032K)->0K(2668032K) From: 15808K(65536K)->45216K(45568K)
[56.094s][info][gc,heap        ] GC(90) ParOldGen: 3853K(5592576K)->16341K(5592576K)
[56.094s][info][gc,metaspace   ] GC(90) Metaspace: 9118K(9408K)->9118K(9408K) NonClass: 7936K(8064K)->7936K(8064K) Class: 1182K(1344K)->1182K(1344K)
[56.094s][info][gc             ] GC(90) Pause Young (System.gc()) 2052M->60M(8111M) 25.340ms
[56.094s][info][gc,cpu         ] GC(90) User=0.09s Sys=0.00s Real=0.03s
[56.094s][info][gc,start       ] GC(91) Pause Full (System.gc())
[56.094s][info][gc,phases,start] GC(91) Marking Phase
[56.098s][info][gc,phases      ] GC(91) Marking Phase 3.692ms
[56.098s][info][gc,phases,start] GC(91) Summary Phase
[56.098s][info][gc,phases      ] GC(91) Summary Phase 0.009ms
[56.098s][info][gc,phases,start] GC(91) Adjust Roots
[56.099s][info][gc,phases      ] GC(91) Adjust Roots 1.107ms
[56.099s][info][gc,phases,start] GC(91) Compaction Phase
[56.101s][info][gc,phases      ] GC(91) Compaction Phase 1.549ms
[56.101s][info][gc,phases,start] GC(91) Post Compact
[56.101s][info][gc,phases      ] GC(91) Post Compact 0.523ms
[56.101s][info][gc,heap        ] GC(91) PSYoungGen: 45216K(2713600K)->0K(2713600K) Eden: 0K(2668032K)->0K(2668032K) From: 45216K(45568K)->0K(45568K)
[56.101s][info][gc,heap        ] GC(91) ParOldGen: 16341K(5592576K)->3805K(5592576K)
[56.101s][info][gc,metaspace   ] GC(91) Metaspace: 9118K(9408K)->9118K(9408K) NonClass: 7936K(8064K)->7936K(8064K) Class: 1182K(1344K)->1182K(1344K)
[56.101s][info][gc             ] GC(91) Pause Full (System.gc()) 60M->3M(8111M) 7.038ms
[56.101s][info][gc,cpu         ] GC(91) User=0.00s Sys=0.00s Real=0.00s
[56.574s][info][gc,start       ] GC(92) Pause Young (Allocation Failure)
[56.578s][info][gc,heap        ] GC(92) PSYoungGen: 2668032K(2713600K)->7648K(2730496K) Eden: 2668032K(2668032K)->0K(2663424K) From: 0K(45568K)->7648K(67072K)
[56.578s][info][gc,heap        ] GC(92) ParOldGen: 3805K(5592576K)->3805K(5592576K)
[56.578s][info][gc,metaspace   ] GC(92) Metaspace: 9122K(9408K)->9122K(9408K) NonClass: 7940K(8064K)->7940K(8064K) Class: 1182K(1344K)->1182K(1344K)
[56.578s][info][gc             ] GC(92) Pause Young (Allocation Failure) 2609M->11M(8128M) 3.878ms
[56.578s][info][gc,cpu         ] GC(92) User=0.00s Sys=0.02s Real=0.02s
[57.514s][info][gc,start       ] GC(93) Pause Young (Allocation Failure)
[57.522s][info][gc,heap        ] GC(93) PSYoungGen: 2671072K(2730496K)->15840K(2728960K) Eden: 2663424K(2663424K)->0K(2663424K) From: 7648K(67072K)->15840K(65536K)
[57.522s][info][gc,heap        ] GC(93) ParOldGen: 3805K(5592576K)->3853K(5592576K)
[57.522s][info][gc,metaspace   ] GC(93) Metaspace: 9122K(9408K)->9122K(9408K) NonClass: 7940K(8064K)->7940K(8064K) Class: 1182K(1344K)->1182K(1344K)
[57.522s][info][gc             ] GC(93) Pause Young (Allocation Failure) 2612M->19M(8126M) 7.694ms
[57.522s][info][gc,cpu         ] GC(93) User=0.02s Sys=0.00s Real=0.02s
[58.546s][info][gc,start       ] GC(94) Pause Young (System.gc())
[58.571s][info][gc,heap        ] GC(94) PSYoungGen: 2089150K(2728960K)->45248K(2724352K) Eden: 2073310K(2663424K)->0K(2661888K) From: 15840K(65536K)->45248K(62464K)
[58.573s][info][gc,heap        ] GC(94) ParOldGen: 3853K(5592576K)->16357K(5592576K)
[58.573s][info][gc,metaspace   ] GC(94) Metaspace: 9122K(9408K)->9122K(9408K) NonClass: 7940K(8064K)->7940K(8064K) Class: 1182K(1344K)->1182K(1344K)
[58.573s][info][gc             ] GC(94) Pause Young (System.gc()) 2043M->60M(8122M) 27.780ms
[58.573s][info][gc,cpu         ] GC(94) User=0.09s Sys=0.00s Real=0.03s
[58.573s][info][gc,start       ] GC(95) Pause Full (System.gc())
[58.573s][info][gc,phases,start] GC(95) Marking Phase
[58.578s][info][gc,phases      ] GC(95) Marking Phase 4.227ms
[58.578s][info][gc,phases,start] GC(95) Summary Phase
[58.578s][info][gc,phases      ] GC(95) Summary Phase 0.009ms
[58.578s][info][gc,phases,start] GC(95) Adjust Roots
[58.579s][info][gc,phases      ] GC(95) Adjust Roots 1.207ms
[58.579s][info][gc,phases,start] GC(95) Compaction Phase
[58.581s][info][gc,phases      ] GC(95) Compaction Phase 1.567ms
[58.581s][info][gc,phases,start] GC(95) Post Compact
[58.581s][info][gc,phases      ] GC(95) Post Compact 0.511ms
[58.581s][info][gc,heap        ] GC(95) PSYoungGen: 45248K(2724352K)->0K(2724352K) Eden: 0K(2661888K)->0K(2661888K) From: 45248K(62464K)->0K(62464K)
[58.581s][info][gc,heap        ] GC(95) ParOldGen: 16357K(5592576K)->3805K(5592576K)
[58.581s][info][gc,metaspace   ] GC(95) Metaspace: 9122K(9408K)->9122K(9408K) NonClass: 7940K(8064K)->7940K(8064K) Class: 1182K(1344K)->1182K(1344K)
[58.581s][info][gc             ] GC(95) Pause Full (System.gc()) 60M->3M(8122M) 7.656ms
[58.581s][info][gc,cpu         ] GC(95) User=0.00s Sys=0.00s Real=0.00s
[59.055s][info][gc,start       ] GC(96) Pause Young (Allocation Failure)
[59.059s][info][gc,heap        ] GC(96) PSYoungGen: 2661888K(2724352K)->7584K(2728960K) Eden: 2661888K(2661888K)->0K(2661888K) From: 0K(62464K)->7584K(67072K)
[59.059s][info][gc,heap        ] GC(96) ParOldGen: 3805K(5592576K)->3805K(5592576K)
[59.059s][info][gc,metaspace   ] GC(96) Metaspace: 9123K(9408K)->9123K(9408K) NonClass: 7941K(8064K)->7941K(8064K) Class: 1182K(1344K)->1182K(1344K)
[59.059s][info][gc             ] GC(96) Pause Young (Allocation Failure) 2603M->11M(8126M) 3.762ms
[59.059s][info][gc,cpu         ] GC(96) User=0.02s Sys=0.00s Real=0.02s
[60.007s][info][gc,start       ] GC(97) Pause Young (Allocation Failure)
[60.015s][info][gc,heap        ] GC(97) PSYoungGen: 2669472K(2728960K)->15808K(2733568K) Eden: 2661888K(2661888K)->0K(2668032K) From: 7584K(67072K)->15808K(65536K)
[60.015s][info][gc,heap        ] GC(97) ParOldGen: 3805K(5592576K)->3845K(5592576K)
[60.015s][info][gc,metaspace   ] GC(97) Metaspace: 9123K(9408K)->9123K(9408K) NonClass: 7941K(8064K)->7941K(8064K) Class: 1182K(1344K)->1182K(1344K)
[60.015s][info][gc             ] GC(97) Pause Young (Allocation Failure) 2610M->19M(8131M) 7.732ms
[60.015s][info][gc,cpu         ] GC(97) User=0.00s Sys=0.00s Real=0.02s
[61.044s][info][gc,start       ] GC(98) Pause Young (System.gc())
[61.069s][info][gc,heap        ] GC(98) PSYoungGen: 2092417K(2733568K)->45184K(2713600K) Eden: 2076609K(2668032K)->0K(2668032K) From: 15808K(65536K)->45184K(45568K)
[61.069s][info][gc,heap        ] GC(98) ParOldGen: 3845K(5592576K)->16341K(5592576K)
[61.069s][info][gc,metaspace   ] GC(98) Metaspace: 9124K(9408K)->9124K(9408K) NonClass: 7942K(8064K)->7942K(8064K) Class: 1182K(1344K)->1182K(1344K)
[61.069s][info][gc             ] GC(98) Pause Young (System.gc()) 2047M->60M(8111M) 25.183ms
[61.069s][info][gc,cpu         ] GC(98) User=0.09s Sys=0.00s Real=0.03s
[61.070s][info][gc,start       ] GC(99) Pause Full (System.gc())
[61.070s][info][gc,phases,start] GC(99) Marking Phase
[61.073s][info][gc,phases      ] GC(99) Marking Phase 3.730ms
[61.073s][info][gc,phases,start] GC(99) Summary Phase
[61.073s][info][gc,phases      ] GC(99) Summary Phase 0.008ms
[61.073s][info][gc,phases,start] GC(99) Adjust Roots
[61.075s][info][gc,phases      ] GC(99) Adjust Roots 1.464ms
[61.075s][info][gc,phases,start] GC(99) Compaction Phase
[61.076s][info][gc,phases      ] GC(99) Compaction Phase 1.577ms
[61.076s][info][gc,phases,start] GC(99) Post Compact
[61.077s][info][gc,phases      ] GC(99) Post Compact 0.511ms
[61.077s][info][gc,heap        ] GC(99) PSYoungGen: 45184K(2713600K)->0K(2713600K) Eden: 0K(2668032K)->0K(2668032K) From: 45184K(45568K)->0K(45568K)
[61.077s][info][gc,heap        ] GC(99) ParOldGen: 16341K(5592576K)->3805K(5592576K)
[61.077s][info][gc,metaspace   ] GC(99) Metaspace: 9124K(9408K)->9124K(9408K) NonClass: 7942K(8064K)->7942K(8064K) Class: 1182K(1344K)->1182K(1344K)
[61.077s][info][gc             ] GC(99) Pause Full (System.gc()) 60M->3M(8111M) 7.416ms
[61.077s][info][gc,cpu         ] GC(99) User=0.00s Sys=0.00s Real=0.00s
[61.552s][info][gc,start       ] GC(100) Pause Young (Allocation Failure)
[61.556s][info][gc,heap        ] GC(100) PSYoungGen: 2668032K(2713600K)->7616K(2730496K) Eden: 2668032K(2668032K)->0K(2663424K) From: 0K(45568K)->7616K(67072K)
[61.556s][info][gc,heap        ] GC(100) ParOldGen: 3805K(5592576K)->3805K(5592576K)
[61.556s][info][gc,metaspace   ] GC(100) Metaspace: 9128K(9408K)->9128K(9408K) NonClass: 7945K(8064K)->7945K(8064K) Class: 1182K(1344K)->1182K(1344K)
[61.556s][info][gc             ] GC(100) Pause Young (Allocation Failure) 2609M->11M(8128M) 3.762ms
[61.556s][info][gc,cpu         ] GC(100) User=0.02s Sys=0.00s Real=0.02s
[62.504s][info][gc,start       ] GC(101) Pause Young (Allocation Failure)
[62.511s][info][gc,heap        ] GC(101) PSYoungGen: 2671040K(2730496K)->15808K(2728960K) Eden: 2663424K(2663424K)->0K(2663424K) From: 7616K(67072K)->15808K(65536K)
[62.511s][info][gc,heap        ] GC(101) ParOldGen: 3805K(5592576K)->3861K(5592576K)
[62.511s][info][gc,metaspace   ] GC(101) Metaspace: 9128K(9408K)->9128K(9408K) NonClass: 7945K(8064K)->7945K(8064K) Class: 1182K(1344K)->1182K(1344K)
[62.511s][info][gc             ] GC(101) Pause Young (Allocation Failure) 2612M->19M(8126M) 7.472ms
[62.511s][info][gc,cpu         ] GC(101) User=0.00s Sys=0.00s Real=0.01s
[63.540s][info][gc,start       ] GC(102) Pause Young (System.gc())
[63.566s][info][gc,heap        ] GC(102) PSYoungGen: 2089910K(2728960K)->45184K(2724352K) Eden: 2074102K(2663424K)->0K(2661888K) From: 15808K(65536K)->45184K(62464K)
[63.566s][info][gc,heap        ] GC(102) ParOldGen: 3861K(5592576K)->16349K(5592576K)
[63.566s][info][gc,metaspace   ] GC(102) Metaspace: 9128K(9408K)->9128K(9408K) NonClass: 7946K(8064K)->7946K(8064K) Class: 1182K(1344K)->1182K(1344K)
[63.566s][info][gc             ] GC(102) Pause Young (System.gc()) 2044M->60M(8122M) 25.410ms
[63.566s][info][gc,cpu         ] GC(102) User=0.09s Sys=0.00s Real=0.03s
[63.566s][info][gc,start       ] GC(103) Pause Full (System.gc())
[63.566s][info][gc,phases,start] GC(103) Marking Phase
[63.570s][info][gc,phases      ] GC(103) Marking Phase 3.752ms
[63.570s][info][gc,phases,start] GC(103) Summary Phase
[63.570s][info][gc,phases      ] GC(103) Summary Phase 0.010ms
[63.570s][info][gc,phases,start] GC(103) Adjust Roots
[63.571s][info][gc,phases      ] GC(103) Adjust Roots 1.117ms
[63.571s][info][gc,phases,start] GC(103) Compaction Phase
[63.572s][info][gc,phases      ] GC(103) Compaction Phase 1.314ms
[63.572s][info][gc,phases,start] GC(103) Post Compact
[63.573s][info][gc,phases      ] GC(103) Post Compact 0.517ms
[63.573s][info][gc,heap        ] GC(103) PSYoungGen: 45184K(2724352K)->0K(2724352K) Eden: 0K(2661888K)->0K(2661888K) From: 45184K(62464K)->0K(62464K)
[63.573s][info][gc,heap        ] GC(103) ParOldGen: 16349K(5592576K)->3805K(5592576K)
[63.573s][info][gc,metaspace   ] GC(103) Metaspace: 9128K(9408K)->9128K(9408K) NonClass: 7946K(8064K)->7946K(8064K) Class: 1182K(1344K)->1182K(1344K)
[63.573s][info][gc             ] GC(103) Pause Full (System.gc()) 60M->3M(8122M) 6.961ms
[63.573s][info][gc,cpu         ] GC(103) User=0.00s Sys=0.00s Real=0.01s
[64.053s][info][gc,start       ] GC(104) Pause Young (Allocation Failure)
[64.057s][info][gc,heap        ] GC(104) PSYoungGen: 2661888K(2724352K)->7680K(2728960K) Eden: 2661888K(2661888K)->0K(2661888K) From: 0K(62464K)->7680K(67072K)
[64.057s][info][gc,heap        ] GC(104) ParOldGen: 3805K(5592576K)->3805K(5592576K)
[64.057s][info][gc,metaspace   ] GC(104) Metaspace: 9129K(9408K)->9129K(9408K) NonClass: 7947K(8064K)->7947K(8064K) Class: 1182K(1344K)->1182K(1344K)
[64.057s][info][gc             ] GC(104) Pause Young (Allocation Failure) 2603M->11M(8126M) 3.561ms
[64.057s][info][gc,cpu         ] GC(104) User=0.00s Sys=0.00s Real=0.00s
[64.990s][info][gc,start       ] GC(105) Pause Young (Allocation Failure)
[64.998s][info][gc,heap        ] GC(105) PSYoungGen: 2669568K(2728960K)->15872K(2733568K) Eden: 2661888K(2661888K)->0K(2668032K) From: 7680K(67072K)->15872K(65536K)
[64.998s][info][gc,heap        ] GC(105) ParOldGen: 3805K(5592576K)->3853K(5592576K)
[64.998s][info][gc,metaspace   ] GC(105) Metaspace: 9130K(9408K)->9130K(9408K) NonClass: 7947K(8064K)->7947K(8064K) Class: 1182K(1344K)->1182K(1344K)
[64.998s][info][gc             ] GC(105) Pause Young (Allocation Failure) 2610M->19M(8131M) 8.032ms
[64.998s][info][gc,cpu         ] GC(105) User=0.02s Sys=0.00s Real=0.02s
[66.019s][info][gc,start       ] GC(106) Pause Young (System.gc())
[66.047s][info][gc,heap        ] GC(106) PSYoungGen: 2074624K(2733568K)->45248K(2713600K) Eden: 2058752K(2668032K)->0K(2668032K) From: 15872K(65536K)->45248K(45568K)
[66.047s][info][gc,heap        ] GC(106) ParOldGen: 3853K(5592576K)->16357K(5592576K)
[66.048s][info][gc,metaspace   ] GC(106) Metaspace: 9137K(9408K)->9137K(9408K) NonClass: 7955K(8064K)->7955K(8064K) Class: 1182K(1344K)->1182K(1344K)
[66.048s][info][gc             ] GC(106) Pause Young (System.gc()) 2029M->60M(8111M) 28.461ms
[66.048s][info][gc,cpu         ] GC(106) User=0.11s Sys=0.00s Real=0.03s
[66.048s][info][gc,start       ] GC(107) Pause Full (System.gc())
[66.048s][info][gc,phases,start] GC(107) Marking Phase
[66.052s][info][gc,phases      ] GC(107) Marking Phase 4.098ms
[66.052s][info][gc,phases,start] GC(107) Summary Phase
[66.052s][info][gc,phases      ] GC(107) Summary Phase 0.009ms
[66.052s][info][gc,phases,start] GC(107) Adjust Roots
[66.053s][info][gc,phases      ] GC(107) Adjust Roots 1.569ms
[66.053s][info][gc,phases,start] GC(107) Compaction Phase
[66.055s][info][gc,phases      ] GC(107) Compaction Phase 1.324ms
[66.055s][info][gc,phases,start] GC(107) Post Compact
[66.055s][info][gc,phases      ] GC(107) Post Compact 0.510ms
[66.055s][info][gc,heap        ] GC(107) PSYoungGen: 45248K(2713600K)->0K(2713600K) Eden: 0K(2668032K)->0K(2668032K) From: 45248K(45568K)->0K(45568K)
[66.055s][info][gc,heap        ] GC(107) ParOldGen: 16357K(5592576K)->3805K(5592576K)
[66.055s][info][gc,metaspace   ] GC(107) Metaspace: 9137K(9408K)->9137K(9408K) NonClass: 7955K(8064K)->7955K(8064K) Class: 1182K(1344K)->1182K(1344K)
[66.055s][info][gc             ] GC(107) Pause Full (System.gc()) 60M->3M(8111M) 7.686ms
[66.055s][info][gc,cpu         ] GC(107) User=0.00s Sys=0.00s Real=0.00s
[66.534s][info][gc,start       ] GC(108) Pause Young (Allocation Failure)
[66.537s][info][gc,heap        ] GC(108) PSYoungGen: 2668032K(2713600K)->7712K(2730496K) Eden: 2668032K(2668032K)->0K(2663424K) From: 0K(45568K)->7712K(67072K)
[66.537s][info][gc,heap        ] GC(108) ParOldGen: 3805K(5592576K)->3805K(5592576K)
[66.537s][info][gc,metaspace   ] GC(108) Metaspace: 9137K(9408K)->9137K(9408K) NonClass: 7955K(8064K)->7955K(8064K) Class: 1182K(1344K)->1182K(1344K)
[66.537s][info][gc             ] GC(108) Pause Young (Allocation Failure) 2609M->11M(8128M) 3.514ms
[66.537s][info][gc,cpu         ] GC(108) User=0.00s Sys=0.00s Real=0.00s
[67.487s][info][gc,start       ] GC(109) Pause Young (Allocation Failure)
[67.495s][info][gc,heap        ] GC(109) PSYoungGen: 2671136K(2730496K)->15904K(2728960K) Eden: 2663424K(2663424K)->0K(2663424K) From: 7712K(67072K)->15904K(65536K)
[67.495s][info][gc,heap        ] GC(109) ParOldGen: 3805K(5592576K)->3853K(5592576K)
[67.495s][info][gc,metaspace   ] GC(109) Metaspace: 9137K(9408K)->9137K(9408K) NonClass: 7955K(8064K)->7955K(8064K) Class: 1182K(1344K)->1182K(1344K)
[67.495s][info][gc             ] GC(109) Pause Young (Allocation Failure) 2612M->19M(8126M) 7.725ms
[67.495s][info][gc,cpu         ] GC(109) User=0.02s Sys=0.00s Real=0.01s
[68.503s][info][gc,start       ] GC(110) Pause Young (System.gc())
[68.528s][info][gc,heap        ] GC(110) PSYoungGen: 2045805K(2728960K)->45184K(2724352K) Eden: 2029901K(2663424K)->0K(2661888K) From: 15904K(65536K)->45184K(62464K)
[68.528s][info][gc,heap        ] GC(110) ParOldGen: 3853K(5592576K)->16349K(5592576K)
[68.528s][info][gc,metaspace   ] GC(110) Metaspace: 9137K(9408K)->9137K(9408K) NonClass: 7955K(8064K)->7955K(8064K) Class: 1182K(1344K)->1182K(1344K)
[68.528s][info][gc             ] GC(110) Pause Young (System.gc()) 2001M->60M(8122M) 25.454ms
[68.528s][info][gc,cpu         ] GC(110) User=0.11s Sys=0.00s Real=0.03s
[68.528s][info][gc,start       ] GC(111) Pause Full (System.gc())
[68.528s][info][gc,phases,start] GC(111) Marking Phase
[68.532s][info][gc,phases      ] GC(111) Marking Phase 3.684ms
[68.532s][info][gc,phases,start] GC(111) Summary Phase
[68.532s][info][gc,phases      ] GC(111) Summary Phase 0.009ms
[68.532s][info][gc,phases,start] GC(111) Adjust Roots
[68.533s][info][gc,phases      ] GC(111) Adjust Roots 1.019ms
[68.533s][info][gc,phases,start] GC(111) Compaction Phase
[68.535s][info][gc,phases      ] GC(111) Compaction Phase 1.362ms
[68.535s][info][gc,phases,start] GC(111) Post Compact
[68.535s][info][gc,phases      ] GC(111) Post Compact 0.518ms
[68.535s][info][gc,heap        ] GC(111) PSYoungGen: 45184K(2724352K)->0K(2724352K) Eden: 0K(2661888K)->0K(2661888K) From: 45184K(62464K)->0K(62464K)
[68.535s][info][gc,heap        ] GC(111) ParOldGen: 16349K(5592576K)->3805K(5592576K)
[68.535s][info][gc,metaspace   ] GC(111) Metaspace: 9137K(9408K)->9137K(9408K) NonClass: 7955K(8064K)->7955K(8064K) Class: 1182K(1344K)->1182K(1344K)
[68.535s][info][gc             ] GC(111) Pause Full (System.gc()) 60M->3M(8122M) 6.772ms
[68.535s][info][gc,cpu         ] GC(111) User=0.00s Sys=0.00s Real=0.00s
[69.023s][info][gc,start       ] GC(112) Pause Young (Allocation Failure)
[69.026s][info][gc,heap        ] GC(112) PSYoungGen: 2661888K(2724352K)->7776K(2728960K) Eden: 2661888K(2661888K)->0K(2661888K) From: 0K(62464K)->7776K(67072K)
[69.026s][info][gc,heap        ] GC(112) ParOldGen: 3805K(5592576K)->3805K(5592576K)
[69.026s][info][gc,metaspace   ] GC(112) Metaspace: 9137K(9408K)->9137K(9408K) NonClass: 7955K(8064K)->7955K(8064K) Class: 1182K(1344K)->1182K(1344K)
[69.026s][info][gc             ] GC(112) Pause Young (Allocation Failure) 2603M->11M(8126M) 3.942ms
[69.026s][info][gc,cpu         ] GC(112) User=0.00s Sys=0.00s Real=0.00s
[69.966s][info][gc,start       ] GC(113) Pause Young (Allocation Failure)
[69.975s][info][gc,heap        ] GC(113) PSYoungGen: 2669664K(2728960K)->15904K(2733568K) Eden: 2661888K(2661888K)->0K(2668032K) From: 7776K(67072K)->15904K(65536K)
[69.975s][info][gc,heap        ] GC(113) ParOldGen: 3805K(5592576K)->3845K(5592576K)
[69.975s][info][gc,metaspace   ] GC(113) Metaspace: 9137K(9408K)->9137K(9408K) NonClass: 7955K(8064K)->7955K(8064K) Class: 1182K(1344K)->1182K(1344K)
[69.975s][info][gc             ] GC(113) Pause Young (Allocation Failure) 2610M->19M(8131M) 9.238ms
[69.975s][info][gc,cpu         ] GC(113) User=0.02s Sys=0.00s Real=0.02s
[70.993s][info][gc,start       ] GC(114) Pause Young (System.gc())
[71.018s][info][gc,heap        ] GC(114) PSYoungGen: 2052298K(2733568K)->45248K(2713600K) Eden: 2036394K(2668032K)->0K(2668032K) From: 15904K(65536K)->45248K(45568K)
[71.019s][info][gc,heap        ] GC(114) ParOldGen: 3845K(5592576K)->16349K(5592576K)
[71.019s][info][gc,metaspace   ] GC(114) Metaspace: 9137K(9408K)->9137K(9408K) NonClass: 7955K(8064K)->7955K(8064K) Class: 1182K(1344K)->1182K(1344K)
[71.019s][info][gc             ] GC(114) Pause Young (System.gc()) 2007M->60M(8111M) 25.479ms
[71.019s][info][gc,cpu         ] GC(114) User=0.06s Sys=0.00s Real=0.01s
[71.019s][info][gc,start       ] GC(115) Pause Full (System.gc())
[71.019s][info][gc,phases,start] GC(115) Marking Phase
[71.022s][info][gc,phases      ] GC(115) Marking Phase 3.692ms
[71.022s][info][gc,phases,start] GC(115) Summary Phase
[71.023s][info][gc,phases      ] GC(115) Summary Phase 0.009ms
[71.023s][info][gc,phases,start] GC(115) Adjust Roots
[71.024s][info][gc,phases      ] GC(115) Adjust Roots 1.127ms
[71.024s][info][gc,phases,start] GC(115) Compaction Phase
[71.025s][info][gc,phases      ] GC(115) Compaction Phase 1.194ms
[71.025s][info][gc,phases,start] GC(115) Post Compact
[71.025s][info][gc,phases      ] GC(115) Post Compact 0.591ms
[71.025s][info][gc,heap        ] GC(115) PSYoungGen: 45248K(2713600K)->0K(2713600K) Eden: 0K(2668032K)->0K(2668032K) From: 45248K(45568K)->0K(45568K)
[71.026s][info][gc,heap        ] GC(115) ParOldGen: 16349K(5592576K)->3805K(5592576K)
[71.026s][info][gc,metaspace   ] GC(115) Metaspace: 9137K(9408K)->9137K(9408K) NonClass: 7955K(8064K)->7955K(8064K) Class: 1182K(1344K)->1182K(1344K)
[71.026s][info][gc             ] GC(115) Pause Full (System.gc()) 60M->3M(8111M) 6.776ms
[71.026s][info][gc,cpu         ] GC(115) User=0.00s Sys=0.00s Real=0.02s
[71.502s][info][gc,start       ] GC(116) Pause Young (Allocation Failure)
[71.505s][info][gc,heap        ] GC(116) PSYoungGen: 2668032K(2713600K)->7648K(2730496K) Eden: 2668032K(2668032K)->0K(2663424K) From: 0K(45568K)->7648K(67072K)
[71.505s][info][gc,heap        ] GC(116) ParOldGen: 3805K(5592576K)->3805K(5592576K)
[71.505s][info][gc,metaspace   ] GC(116) Metaspace: 9137K(9408K)->9137K(9408K) NonClass: 7955K(8064K)->7955K(8064K) Class: 1182K(1344K)->1182K(1344K)
[71.505s][info][gc             ] GC(116) Pause Young (Allocation Failure) 2609M->11M(8128M) 3.606ms
[71.505s][info][gc,cpu         ] GC(116) User=0.00s Sys=0.00s Real=0.00s
[72.449s][info][gc,start       ] GC(117) Pause Young (Allocation Failure)
[72.457s][info][gc,heap        ] GC(117) PSYoungGen: 2671072K(2730496K)->15872K(2728960K) Eden: 2663424K(2663424K)->0K(2663424K) From: 7648K(67072K)->15872K(65536K)
[72.457s][info][gc,heap        ] GC(117) ParOldGen: 3805K(5592576K)->3853K(5592576K)
[72.457s][info][gc,metaspace   ] GC(117) Metaspace: 9137K(9408K)->9137K(9408K) NonClass: 7955K(8064K)->7955K(8064K) Class: 1182K(1344K)->1182K(1344K)
[72.457s][info][gc             ] GC(117) Pause Young (Allocation Failure) 2612M->19M(8126M) 7.692ms
[72.457s][info][gc,cpu         ] GC(117) User=0.02s Sys=0.00s Real=0.01s
[73.476s][info][gc,start       ] GC(118) Pause Young (System.gc())
[73.502s][info][gc,heap        ] GC(118) PSYoungGen: 2067948K(2728960K)->45184K(2724352K) Eden: 2052076K(2663424K)->0K(2661888K) From: 15872K(65536K)->45184K(62464K)
[73.502s][info][gc,heap        ] GC(118) ParOldGen: 3853K(5592576K)->16341K(5592576K)
[73.502s][info][gc,metaspace   ] GC(118) Metaspace: 9139K(9408K)->9139K(9408K) NonClass: 7957K(8064K)->7957K(8064K) Class: 1182K(1344K)->1182K(1344K)
[73.502s][info][gc             ] GC(118) Pause Young (System.gc()) 2023M->60M(8122M) 25.648ms
[73.502s][info][gc,cpu         ] GC(118) User=0.09s Sys=0.00s Real=0.03s
[73.502s][info][gc,start       ] GC(119) Pause Full (System.gc())
[73.502s][info][gc,phases,start] GC(119) Marking Phase
[73.505s][info][gc,phases      ] GC(119) Marking Phase 3.607ms
[73.505s][info][gc,phases,start] GC(119) Summary Phase
[73.505s][info][gc,phases      ] GC(119) Summary Phase 0.010ms
[73.505s][info][gc,phases,start] GC(119) Adjust Roots
[73.507s][info][gc,phases      ] GC(119) Adjust Roots 1.243ms
[73.507s][info][gc,phases,start] GC(119) Compaction Phase
[73.508s][info][gc,phases      ] GC(119) Compaction Phase 1.591ms
[73.508s][info][gc,phases,start] GC(119) Post Compact
[73.509s][info][gc,phases      ] GC(119) Post Compact 0.723ms
[73.509s][info][gc,heap        ] GC(119) PSYoungGen: 45184K(2724352K)->0K(2724352K) Eden: 0K(2661888K)->0K(2661888K) From: 45184K(62464K)->0K(62464K)
[73.509s][info][gc,heap        ] GC(119) ParOldGen: 16341K(5592576K)->3805K(5592576K)
[73.509s][info][gc,metaspace   ] GC(119) Metaspace: 9139K(9408K)->9139K(9408K) NonClass: 7957K(8064K)->7957K(8064K) Class: 1182K(1344K)->1182K(1344K)
[73.509s][info][gc             ] GC(119) Pause Full (System.gc()) 60M->3M(8122M) 7.447ms
[73.509s][info][gc,cpu         ] GC(119) User=0.00s Sys=0.00s Real=0.00s
[73.992s][info][gc,start       ] GC(120) Pause Young (Allocation Failure)
[73.996s][info][gc,heap        ] GC(120) PSYoungGen: 2661888K(2724352K)->7648K(2728960K) Eden: 2661888K(2661888K)->0K(2661888K) From: 0K(62464K)->7648K(67072K)
[73.996s][info][gc,heap        ] GC(120) ParOldGen: 3805K(5592576K)->3805K(5592576K)
[73.996s][info][gc,metaspace   ] GC(120) Metaspace: 9139K(9408K)->9139K(9408K) NonClass: 7957K(8064K)->7957K(8064K) Class: 1182K(1344K)->1182K(1344K)
[73.996s][info][gc             ] GC(120) Pause Young (Allocation Failure) 2603M->11M(8126M) 3.502ms
[73.996s][info][gc,cpu         ] GC(120) User=0.00s Sys=0.00s Real=0.01s
[74.932s][info][gc,start       ] GC(121) Pause Young (Allocation Failure)
[74.940s][info][gc,heap        ] GC(121) PSYoungGen: 2669536K(2728960K)->15808K(2733568K) Eden: 2661888K(2661888K)->0K(2668032K) From: 7648K(67072K)->15808K(65536K)
[74.940s][info][gc,heap        ] GC(121) ParOldGen: 3805K(5592576K)->3853K(5592576K)
[74.940s][info][gc,metaspace   ] GC(121) Metaspace: 9139K(9408K)->9139K(9408K) NonClass: 7957K(8064K)->7957K(8064K) Class: 1182K(1344K)->1182K(1344K)
[74.940s][info][gc             ] GC(121) Pause Young (Allocation Failure) 2610M->19M(8131M) 7.258ms
[74.940s][info][gc,cpu         ] GC(121) User=0.00s Sys=0.00s Real=0.00s
[75.978s][info][gc,start       ] GC(122) Pause Young (System.gc())
[76.003s][info][gc,heap        ] GC(122) PSYoungGen: 2074718K(2733568K)->45248K(2713600K) Eden: 2058910K(2668032K)->0K(2668032K) From: 15808K(65536K)->45248K(45568K)
[76.003s][info][gc,heap        ] GC(122) ParOldGen: 3853K(5592576K)->16349K(5592576K)
[76.003s][info][gc,metaspace   ] GC(122) Metaspace: 9156K(9408K)->9156K(9408K) NonClass: 7974K(8064K)->7974K(8064K) Class: 1182K(1344K)->1182K(1344K)
[76.003s][info][gc             ] GC(122) Pause Young (System.gc()) 2029M->60M(8111M) 25.188ms
[76.003s][info][gc,cpu         ] GC(122) User=0.03s Sys=0.00s Real=0.04s
[76.003s][info][gc,start       ] GC(123) Pause Full (System.gc())
[76.003s][info][gc,phases,start] GC(123) Marking Phase
[76.007s][info][gc,phases      ] GC(123) Marking Phase 3.788ms
[76.007s][info][gc,phases,start] GC(123) Summary Phase
[76.007s][info][gc,phases      ] GC(123) Summary Phase 0.015ms
[76.007s][info][gc,phases,start] GC(123) Adjust Roots
[76.008s][info][gc,phases      ] GC(123) Adjust Roots 1.429ms
[76.009s][info][gc,phases,start] GC(123) Compaction Phase
[76.010s][info][gc,phases      ] GC(123) Compaction Phase 1.201ms
[76.010s][info][gc,phases,start] GC(123) Post Compact
[76.010s][info][gc,phases      ] GC(123) Post Compact 0.584ms
[76.010s][info][gc,heap        ] GC(123) PSYoungGen: 45248K(2713600K)->0K(2713600K) Eden: 0K(2668032K)->0K(2668032K) From: 45248K(45568K)->0K(45568K)
[76.010s][info][gc,heap        ] GC(123) ParOldGen: 16349K(5592576K)->3805K(5592576K)
[76.010s][info][gc,metaspace   ] GC(123) Metaspace: 9156K(9408K)->9156K(9408K) NonClass: 7974K(8064K)->7974K(8064K) Class: 1182K(1344K)->1182K(1344K)
[76.010s][info][gc             ] GC(123) Pause Full (System.gc()) 60M->3M(8111M) 7.273ms
[76.010s][info][gc,cpu         ] GC(123) User=0.00s Sys=0.00s Real=0.00s
[76.489s][info][gc,start       ] GC(124) Pause Young (Allocation Failure)
[76.493s][info][gc,heap        ] GC(124) PSYoungGen: 2668032K(2713600K)->7648K(2730496K) Eden: 2668032K(2668032K)->0K(2663424K) From: 0K(45568K)->7648K(67072K)
[76.493s][info][gc,heap        ] GC(124) ParOldGen: 3805K(5592576K)->3805K(5592576K)
[76.493s][info][gc,metaspace   ] GC(124) Metaspace: 9161K(9472K)->9161K(9472K) NonClass: 7978K(8128K)->7978K(8128K) Class: 1182K(1344K)->1182K(1344K)
[76.493s][info][gc             ] GC(124) Pause Young (Allocation Failure) 2609M->11M(8128M) 3.691ms
[76.493s][info][gc,cpu         ] GC(124) User=0.00s Sys=0.00s Real=0.00s
[77.440s][info][gc,start       ] GC(125) Pause Young (Allocation Failure)
[77.447s][info][gc,heap        ] GC(125) PSYoungGen: 2671072K(2730496K)->15904K(2728960K) Eden: 2663424K(2663424K)->0K(2663424K) From: 7648K(67072K)->15904K(65536K)
[77.447s][info][gc,heap        ] GC(125) ParOldGen: 3805K(5592576K)->3853K(5592576K)
[77.447s][info][gc,metaspace   ] GC(125) Metaspace: 9161K(9472K)->9161K(9472K) NonClass: 7978K(8128K)->7978K(8128K) Class: 1182K(1344K)->1182K(1344K)
[77.448s][info][gc             ] GC(125) Pause Young (Allocation Failure) 2612M->19M(8126M) 7.725ms
[77.448s][info][gc,cpu         ] GC(125) User=0.02s Sys=0.00s Real=0.02s
[78.470s][info][gc,start       ] GC(126) Pause Young (System.gc())
[78.495s][info][gc,heap        ] GC(126) PSYoungGen: 2064670K(2728960K)->45216K(2724352K) Eden: 2048766K(2663424K)->0K(2661888K) From: 15904K(65536K)->45216K(62464K)
[78.496s][info][gc,heap        ] GC(126) ParOldGen: 3853K(5592576K)->16349K(5592576K)
[78.496s][info][gc,metaspace   ] GC(126) Metaspace: 9162K(9472K)->9162K(9472K) NonClass: 7980K(8128K)->7980K(8128K) Class: 1182K(1344K)->1182K(1344K)
[78.496s][info][gc             ] GC(126) Pause Young (System.gc()) 2020M->60M(8122M) 25.287ms
[78.496s][info][gc,cpu         ] GC(126) User=0.08s Sys=0.00s Real=0.03s
[78.496s][info][gc,start       ] GC(127) Pause Full (System.gc())
[78.496s][info][gc,phases,start] GC(127) Marking Phase
[78.499s][info][gc,phases      ] GC(127) Marking Phase 3.700ms
[78.499s][info][gc,phases,start] GC(127) Summary Phase
[78.499s][info][gc,phases      ] GC(127) Summary Phase 0.010ms
[78.499s][info][gc,phases,start] GC(127) Adjust Roots
[78.501s][info][gc,phases      ] GC(127) Adjust Roots 1.437ms
[78.501s][info][gc,phases,start] GC(127) Compaction Phase
[78.502s][info][gc,phases      ] GC(127) Compaction Phase 1.437ms
[78.502s][info][gc,phases,start] GC(127) Post Compact
[78.503s][info][gc,phases      ] GC(127) Post Compact 0.601ms
[78.503s][info][gc,heap        ] GC(127) PSYoungGen: 45216K(2724352K)->0K(2724352K) Eden: 0K(2661888K)->0K(2661888K) From: 45216K(62464K)->0K(62464K)
[78.503s][info][gc,heap        ] GC(127) ParOldGen: 16349K(5592576K)->3805K(5592576K)
[78.503s][info][gc,metaspace   ] GC(127) Metaspace: 9162K(9472K)->9162K(9472K) NonClass: 7980K(8128K)->7980K(8128K) Class: 1182K(1344K)->1182K(1344K)
[78.503s][info][gc             ] GC(127) Pause Full (System.gc()) 60M->3M(8122M) 7.396ms
[78.503s][info][gc,cpu         ] GC(127) User=0.00s Sys=0.00s Real=0.00s
[78.978s][info][gc,start       ] GC(128) Pause Young (Allocation Failure)
[78.982s][info][gc,heap        ] GC(128) PSYoungGen: 2661888K(2724352K)->7680K(2728960K) Eden: 2661888K(2661888K)->0K(2661888K) From: 0K(62464K)->7680K(67072K)
[78.982s][info][gc,heap        ] GC(128) ParOldGen: 3805K(5592576K)->3805K(5592576K)
[78.982s][info][gc,metaspace   ] GC(128) Metaspace: 9162K(9472K)->9162K(9472K) NonClass: 7980K(8128K)->7980K(8128K) Class: 1182K(1344K)->1182K(1344K)
[78.982s][info][gc             ] GC(128) Pause Young (Allocation Failure) 2603M->11M(8126M) 3.899ms
[78.982s][info][gc,cpu         ] GC(128) User=0.02s Sys=0.00s Real=0.02s
[79.922s][info][gc,start       ] GC(129) Pause Young (Allocation Failure)
[79.929s][info][gc,heap        ] GC(129) PSYoungGen: 2669568K(2728960K)->15840K(2733568K) Eden: 2661888K(2661888K)->0K(2668032K) From: 7680K(67072K)->15840K(65536K)
[79.930s][info][gc,heap        ] GC(129) ParOldGen: 3805K(5592576K)->3845K(5592576K)
[79.930s][info][gc,metaspace   ] GC(129) Metaspace: 9162K(9472K)->9162K(9472K) NonClass: 7980K(8128K)->7980K(8128K) Class: 1182K(1344K)->1182K(1344K)
[79.930s][info][gc             ] GC(129) Pause Young (Allocation Failure) 2610M->19M(8131M) 7.429ms
[79.930s][info][gc,cpu         ] GC(129) User=0.00s Sys=0.00s Real=0.01s
[80.953s][info][gc,start       ] GC(130) Pause Young (System.gc())
[80.981s][info][gc,heap        ] GC(130) PSYoungGen: 2073779K(2733568K)->45216K(2713600K) Eden: 2057939K(2668032K)->0K(2668032K) From: 15840K(65536K)->45216K(45568K)
[80.981s][info][gc,heap        ] GC(130) ParOldGen: 3845K(5592576K)->16341K(5592576K)
[80.981s][info][gc,metaspace   ] GC(130) Metaspace: 9162K(9472K)->9162K(9472K) NonClass: 7980K(8128K)->7980K(8128K) Class: 1182K(1344K)->1182K(1344K)
[80.981s][info][gc             ] GC(130) Pause Young (System.gc()) 2028M->60M(8111M) 27.761ms
[80.981s][info][gc,cpu         ] GC(130) User=0.08s Sys=0.00s Real=0.03s
[80.981s][info][gc,start       ] GC(131) Pause Full (System.gc())
[80.981s][info][gc,phases,start] GC(131) Marking Phase
[80.985s][info][gc,phases      ] GC(131) Marking Phase 3.703ms
[80.985s][info][gc,phases,start] GC(131) Summary Phase
[80.985s][info][gc,phases      ] GC(131) Summary Phase 0.010ms
[80.985s][info][gc,phases,start] GC(131) Adjust Roots
[80.986s][info][gc,phases      ] GC(131) Adjust Roots 1.444ms
[80.987s][info][gc,phases,start] GC(131) Compaction Phase
[80.988s][info][gc,phases      ] GC(131) Compaction Phase 1.124ms
[80.988s][info][gc,phases,start] GC(131) Post Compact
[80.988s][info][gc,phases      ] GC(131) Post Compact 0.573ms
[80.988s][info][gc,heap        ] GC(131) PSYoungGen: 45216K(2713600K)->0K(2713600K) Eden: 0K(2668032K)->0K(2668032K) From: 45216K(45568K)->0K(45568K)
[80.988s][info][gc,heap        ] GC(131) ParOldGen: 16341K(5592576K)->3805K(5592576K)
[80.988s][info][gc,metaspace   ] GC(131) Metaspace: 9162K(9472K)->9162K(9472K) NonClass: 7980K(8128K)->7980K(8128K) Class: 1182K(1344K)->1182K(1344K)
[80.988s][info][gc             ] GC(131) Pause Full (System.gc()) 60M->3M(8111M) 7.099ms
[80.988s][info][gc,cpu         ] GC(131) User=0.00s Sys=0.00s Real=0.00s
[81.469s][info][gc,start       ] GC(132) Pause Young (Allocation Failure)
[81.472s][info][gc,heap        ] GC(132) PSYoungGen: 2668032K(2713600K)->7712K(2730496K) Eden: 2668032K(2668032K)->0K(2663424K) From: 0K(45568K)->7712K(67072K)
[81.472s][info][gc,heap        ] GC(132) ParOldGen: 3805K(5592576K)->3805K(5592576K)
[81.472s][info][gc,metaspace   ] GC(132) Metaspace: 9164K(9472K)->9164K(9472K) NonClass: 7982K(8128K)->7982K(8128K) Class: 1182K(1344K)->1182K(1344K)
[81.472s][info][gc             ] GC(132) Pause Young (Allocation Failure) 2609M->11M(8128M) 3.753ms
[81.472s][info][gc,cpu         ] GC(132) User=0.00s Sys=0.00s Real=0.00s
[82.419s][info][gc,start       ] GC(133) Pause Young (Allocation Failure)
[82.426s][info][gc,heap        ] GC(133) PSYoungGen: 2671136K(2730496K)->15872K(2728960K) Eden: 2663424K(2663424K)->0K(2663424K) From: 7712K(67072K)->15872K(65536K)
[82.426s][info][gc,heap        ] GC(133) ParOldGen: 3805K(5592576K)->3853K(5592576K)
[82.426s][info][gc,metaspace   ] GC(133) Metaspace: 9164K(9472K)->9164K(9472K) NonClass: 7982K(8128K)->7982K(8128K) Class: 1182K(1344K)->1182K(1344K)
[82.426s][info][gc             ] GC(133) Pause Young (Allocation Failure) 2612M->19M(8126M) 7.347ms
[82.426s][info][gc,cpu         ] GC(133) User=0.00s Sys=0.00s Real=0.00s
[83.440s][info][gc,start       ] GC(134) Pause Young (System.gc())
[83.465s][info][gc,heap        ] GC(134) PSYoungGen: 2062041K(2728960K)->45184K(2724352K) Eden: 2046169K(2663424K)->0K(2661888K) From: 15872K(65536K)->45184K(62464K)
[83.465s][info][gc,heap        ] GC(134) ParOldGen: 3853K(5592576K)->16349K(5592576K)
[83.465s][info][gc,metaspace   ] GC(134) Metaspace: 9164K(9472K)->9164K(9472K) NonClass: 7982K(8128K)->7982K(8128K) Class: 1182K(1344K)->1182K(1344K)
[83.465s][info][gc             ] GC(134) Pause Young (System.gc()) 2017M->60M(8122M) 25.170ms
[83.465s][info][gc,cpu         ] GC(134) User=0.09s Sys=0.00s Real=0.02s
[83.465s][info][gc,start       ] GC(135) Pause Full (System.gc())
[83.465s][info][gc,phases,start] GC(135) Marking Phase
[83.469s][info][gc,phases      ] GC(135) Marking Phase 3.737ms
[83.469s][info][gc,phases,start] GC(135) Summary Phase
[83.469s][info][gc,phases      ] GC(135) Summary Phase 0.009ms
[83.469s][info][gc,phases,start] GC(135) Adjust Roots
[83.470s][info][gc,phases      ] GC(135) Adjust Roots 1.100ms
[83.470s][info][gc,phases,start] GC(135) Compaction Phase
[83.472s][info][gc,phases      ] GC(135) Compaction Phase 1.094ms
[83.472s][info][gc,phases,start] GC(135) Post Compact
[83.472s][info][gc,phases      ] GC(135) Post Compact 0.515ms
[83.472s][info][gc,heap        ] GC(135) PSYoungGen: 45184K(2724352K)->0K(2724352K) Eden: 0K(2661888K)->0K(2661888K) From: 45184K(62464K)->0K(62464K)
[83.472s][info][gc,heap        ] GC(135) ParOldGen: 16349K(5592576K)->3805K(5592576K)
[83.472s][info][gc,metaspace   ] GC(135) Metaspace: 9164K(9472K)->9164K(9472K) NonClass: 7982K(8128K)->7982K(8128K) Class: 1182K(1344K)->1182K(1344K)
[83.472s][info][gc             ] GC(135) Pause Full (System.gc()) 60M->3M(8122M) 6.638ms
[83.472s][info][gc,cpu         ] GC(135) User=0.02s Sys=0.00s Real=0.02s
[83.946s][info][gc,start       ] GC(136) Pause Young (Allocation Failure)
[83.950s][info][gc,heap        ] GC(136) PSYoungGen: 2661888K(2724352K)->7616K(2728960K) Eden: 2661888K(2661888K)->0K(2661888K) From: 0K(62464K)->7616K(67072K)
[83.951s][info][gc,heap        ] GC(136) ParOldGen: 3805K(5592576K)->3805K(5592576K)
[83.951s][info][gc,metaspace   ] GC(136) Metaspace: 9164K(9472K)->9164K(9472K) NonClass: 7982K(8128K)->7982K(8128K) Class: 1182K(1344K)->1182K(1344K)
[83.951s][info][gc             ] GC(136) Pause Young (Allocation Failure) 2603M->11M(8126M) 4.470ms
[83.951s][info][gc,cpu         ] GC(136) User=0.00s Sys=0.00s Real=0.00s
[84.892s][info][gc,start       ] GC(137) Pause Young (Allocation Failure)
[84.899s][info][gc,heap        ] GC(137) PSYoungGen: 2669504K(2728960K)->15744K(2733568K) Eden: 2661888K(2661888K)->0K(2668032K) From: 7616K(67072K)->15744K(65536K)
[84.900s][info][gc,heap        ] GC(137) ParOldGen: 3805K(5592576K)->3861K(5592576K)
[84.900s][info][gc,metaspace   ] GC(137) Metaspace: 9164K(9472K)->9164K(9472K) NonClass: 7982K(8128K)->7982K(8128K) Class: 1182K(1344K)->1182K(1344K)
[84.900s][info][gc             ] GC(137) Pause Young (Allocation Failure) 2610M->19M(8131M) 7.671ms
[84.900s][info][gc,cpu         ] GC(137) User=0.02s Sys=0.00s Real=0.02s
[85.927s][info][gc,start       ] GC(138) Pause Young (System.gc())
[85.952s][info][gc,heap        ] GC(138) PSYoungGen: 2105905K(2733568K)->45248K(2713600K) Eden: 2090161K(2668032K)->0K(2668032K) From: 15744K(65536K)->45248K(45568K)
[85.952s][info][gc,heap        ] GC(138) ParOldGen: 3861K(5592576K)->16357K(5592576K)
[85.952s][info][gc,metaspace   ] GC(138) Metaspace: 9164K(9472K)->9164K(9472K) NonClass: 7982K(8128K)->7982K(8128K) Class: 1182K(1344K)->1182K(1344K)
[85.952s][info][gc             ] GC(138) Pause Young (System.gc()) 2060M->60M(8111M) 24.977ms
[85.952s][info][gc,cpu         ] GC(138) User=0.02s Sys=0.00s Real=0.01s
[85.952s][info][gc,start       ] GC(139) Pause Full (System.gc())
[85.952s][info][gc,phases,start] GC(139) Marking Phase
[85.956s][info][gc,phases      ] GC(139) Marking Phase 4.048ms
[85.956s][info][gc,phases,start] GC(139) Summary Phase
[85.956s][info][gc,phases      ] GC(139) Summary Phase 0.010ms
[85.956s][info][gc,phases,start] GC(139) Adjust Roots
[85.957s][info][gc,phases      ] GC(139) Adjust Roots 1.097ms
[85.957s][info][gc,phases,start] GC(139) Compaction Phase
[85.959s][info][gc,phases      ] GC(139) Compaction Phase 1.425ms
[85.959s][info][gc,phases,start] GC(139) Post Compact
[85.959s][info][gc,phases      ] GC(139) Post Compact 0.693ms
[85.959s][info][gc,heap        ] GC(139) PSYoungGen: 45248K(2713600K)->0K(2713600K) Eden: 0K(2668032K)->0K(2668032K) From: 45248K(45568K)->0K(45568K)
[85.959s][info][gc,heap        ] GC(139) ParOldGen: 16357K(5592576K)->3805K(5592576K)
[85.959s][info][gc,metaspace   ] GC(139) Metaspace: 9164K(9472K)->9164K(9472K) NonClass: 7982K(8128K)->7982K(8128K) Class: 1182K(1344K)->1182K(1344K)
[85.959s][info][gc             ] GC(139) Pause Full (System.gc()) 60M->3M(8111M) 7.479ms
[85.959s][info][gc,cpu         ] GC(139) User=0.02s Sys=0.00s Real=0.02s
[86.441s][info][gc,start       ] GC(140) Pause Young (Allocation Failure)
[86.444s][info][gc,heap        ] GC(140) PSYoungGen: 2668032K(2713600K)->7680K(2730496K) Eden: 2668032K(2668032K)->0K(2663424K) From: 0K(45568K)->7680K(67072K)
[86.444s][info][gc,heap        ] GC(140) ParOldGen: 3805K(5592576K)->3805K(5592576K)
[86.444s][info][gc,metaspace   ] GC(140) Metaspace: 9165K(9472K)->9165K(9472K) NonClass: 7982K(8128K)->7982K(8128K) Class: 1182K(1344K)->1182K(1344K)
[86.444s][info][gc             ] GC(140) Pause Young (Allocation Failure) 2609M->11M(8128M) 3.602ms
[86.444s][info][gc,cpu         ] GC(140) User=0.00s Sys=0.00s Real=0.00s
[87.390s][info][gc,start       ] GC(141) Pause Young (Allocation Failure)
[87.398s][info][gc,heap        ] GC(141) PSYoungGen: 2671104K(2730496K)->15904K(2728960K) Eden: 2663424K(2663424K)->0K(2663424K) From: 7680K(67072K)->15904K(65536K)
[87.398s][info][gc,heap        ] GC(141) ParOldGen: 3805K(5592576K)->3853K(5592576K)
[87.398s][info][gc,metaspace   ] GC(141) Metaspace: 9165K(9472K)->9165K(9472K) NonClass: 7982K(8128K)->7982K(8128K) Class: 1182K(1344K)->1182K(1344K)
[87.398s][info][gc             ] GC(141) Pause Young (Allocation Failure) 2612M->19M(8126M) 7.596ms
[87.398s][info][gc,cpu         ] GC(141) User=0.02s Sys=0.00s Real=0.02s
[88.415s][info][gc,start       ] GC(142) Pause Young (System.gc())
[88.441s][info][gc,heap        ] GC(142) PSYoungGen: 2056667K(2728960K)->45216K(2724352K) Eden: 2040763K(2663424K)->0K(2661888K) From: 15904K(65536K)->45216K(62464K)
[88.441s][info][gc,heap        ] GC(142) ParOldGen: 3853K(5592576K)->16349K(5592576K)
[88.441s][info][gc,metaspace   ] GC(142) Metaspace: 9165K(9472K)->9165K(9472K) NonClass: 7982K(8128K)->7982K(8128K) Class: 1182K(1344K)->1182K(1344K)
[88.441s][info][gc             ] GC(142) Pause Young (System.gc()) 2012M->60M(8122M) 25.426ms
[88.441s][info][gc,cpu         ] GC(142) User=0.11s Sys=0.00s Real=0.02s
[88.441s][info][gc,start       ] GC(143) Pause Full (System.gc())
[88.441s][info][gc,phases,start] GC(143) Marking Phase
[88.445s][info][gc,phases      ] GC(143) Marking Phase 3.661ms
[88.445s][info][gc,phases,start] GC(143) Summary Phase
[88.445s][info][gc,phases      ] GC(143) Summary Phase 0.010ms
[88.445s][info][gc,phases,start] GC(143) Adjust Roots
[88.446s][info][gc,phases      ] GC(143) Adjust Roots 1.470ms
[88.446s][info][gc,phases,start] GC(143) Compaction Phase
[88.448s][info][gc,phases      ] GC(143) Compaction Phase 1.589ms
[88.448s][info][gc,phases,start] GC(143) Post Compact
[88.448s][info][gc,phases      ] GC(143) Post Compact 0.522ms
[88.448s][info][gc,heap        ] GC(143) PSYoungGen: 45216K(2724352K)->0K(2724352K) Eden: 0K(2661888K)->0K(2661888K) From: 45216K(62464K)->0K(62464K)
[88.448s][info][gc,heap        ] GC(143) ParOldGen: 16349K(5592576K)->3805K(5592576K)
[88.448s][info][gc,metaspace   ] GC(143) Metaspace: 9165K(9472K)->9165K(9472K) NonClass: 7982K(8128K)->7982K(8128K) Class: 1182K(1344K)->1182K(1344K)
[88.448s][info][gc             ] GC(143) Pause Full (System.gc()) 60M->3M(8122M) 7.462ms
[88.448s][info][gc,cpu         ] GC(143) User=0.00s Sys=0.00s Real=0.00s
[88.928s][info][gc,start       ] GC(144) Pause Young (Allocation Failure)
[88.932s][info][gc,heap        ] GC(144) PSYoungGen: 2661888K(2724352K)->7712K(2728960K) Eden: 2661888K(2661888K)->0K(2661888K) From: 0K(62464K)->7712K(67072K)
[88.932s][info][gc,heap        ] GC(144) ParOldGen: 3805K(5592576K)->3805K(5592576K)
[88.932s][info][gc,metaspace   ] GC(144) Metaspace: 9165K(9472K)->9165K(9472K) NonClass: 7982K(8128K)->7982K(8128K) Class: 1182K(1344K)->1182K(1344K)
[88.932s][info][gc             ] GC(144) Pause Young (Allocation Failure) 2603M->11M(8126M) 3.864ms
[88.932s][info][gc,cpu         ] GC(144) User=0.02s Sys=0.00s Real=0.01s
[89.879s][info][gc,start       ] GC(145) Pause Young (Allocation Failure)
[89.886s][info][gc,heap        ] GC(145) PSYoungGen: 2669600K(2728960K)->15904K(2733568K) Eden: 2661888K(2661888K)->0K(2668032K) From: 7712K(67072K)->15904K(65536K)
[89.886s][info][gc,heap        ] GC(145) ParOldGen: 3805K(5592576K)->3853K(5592576K)
[89.886s][info][gc,metaspace   ] GC(145) Metaspace: 9165K(9472K)->9165K(9472K) NonClass: 7982K(8128K)->7982K(8128K) Class: 1182K(1344K)->1182K(1344K)
[89.886s][info][gc             ] GC(145) Pause Young (Allocation Failure) 2610M->19M(8131M) 7.388ms
[89.886s][info][gc,cpu         ] GC(145) User=0.00s Sys=0.00s Real=0.00s
[90.905s][info][gc,start       ] GC(146) Pause Young (System.gc())
[90.930s][info][gc,heap        ] GC(146) PSYoungGen: 2072004K(2733568K)->45216K(2713600K) Eden: 2056100K(2668032K)->0K(2668032K) From: 15904K(65536K)->45216K(45568K)
[90.931s][info][gc,heap        ] GC(146) ParOldGen: 3853K(5592576K)->16349K(5592576K)
[90.931s][info][gc,metaspace   ] GC(146) Metaspace: 9165K(9472K)->9165K(9472K) NonClass: 7983K(8128K)->7983K(8128K) Class: 1182K(1344K)->1182K(1344K)
[90.931s][info][gc             ] GC(146) Pause Young (System.gc()) 2027M->60M(8111M) 25.437ms
[90.931s][info][gc,cpu         ] GC(146) User=0.08s Sys=0.00s Real=0.03s
[90.931s][info][gc,start       ] GC(147) Pause Full (System.gc())
[90.931s][info][gc,phases,start] GC(147) Marking Phase
[90.934s][info][gc,phases      ] GC(147) Marking Phase 3.774ms
[90.934s][info][gc,phases,start] GC(147) Summary Phase
[90.934s][info][gc,phases      ] GC(147) Summary Phase 0.010ms
[90.935s][info][gc,phases,start] GC(147) Adjust Roots
[90.936s][info][gc,phases      ] GC(147) Adjust Roots 1.103ms
[90.936s][info][gc,phases,start] GC(147) Compaction Phase
[90.937s][info][gc,phases      ] GC(147) Compaction Phase 1.126ms
[90.937s][info][gc,phases,start] GC(147) Post Compact
[90.937s][info][gc,phases      ] GC(147) Post Compact 0.653ms
[90.937s][info][gc,heap        ] GC(147) PSYoungGen: 45216K(2713600K)->0K(2713600K) Eden: 0K(2668032K)->0K(2668032K) From: 45216K(45568K)->0K(45568K)
[90.937s][info][gc,heap        ] GC(147) ParOldGen: 16349K(5592576K)->3805K(5592576K)
[90.938s][info][gc,metaspace   ] GC(147) Metaspace: 9165K(9472K)->9165K(9472K) NonClass: 7983K(8128K)->7983K(8128K) Class: 1182K(1344K)->1182K(1344K)
[90.938s][info][gc             ] GC(147) Pause Full (System.gc()) 60M->3M(8111M) 6.926ms
[90.938s][info][gc,cpu         ] GC(147) User=0.00s Sys=0.00s Real=0.01s
[91.418s][info][gc,start       ] GC(148) Pause Young (Allocation Failure)
[91.422s][info][gc,heap        ] GC(148) PSYoungGen: 2668032K(2713600K)->7648K(2730496K) Eden: 2668032K(2668032K)->0K(2663424K) From: 0K(45568K)->7648K(67072K)
[91.422s][info][gc,heap        ] GC(148) ParOldGen: 3805K(5592576K)->3805K(5592576K)
[91.422s][info][gc,metaspace   ] GC(148) Metaspace: 9167K(9472K)->9167K(9472K) NonClass: 7985K(8128K)->7985K(8128K) Class: 1182K(1344K)->1182K(1344K)
[91.422s][info][gc             ] GC(148) Pause Young (Allocation Failure) 2609M->11M(8128M) 3.525ms
[91.422s][info][gc,cpu         ] GC(148) User=0.00s Sys=0.00s Real=0.00s
[92.375s][info][gc,start       ] GC(149) Pause Young (Allocation Failure)
[92.383s][info][gc,heap        ] GC(149) PSYoungGen: 2671072K(2730496K)->15840K(2728960K) Eden: 2663424K(2663424K)->0K(2663424K) From: 7648K(67072K)->15840K(65536K)
[92.383s][info][gc,heap        ] GC(149) ParOldGen: 3805K(5592576K)->3853K(5592576K)
[92.383s][info][gc,metaspace   ] GC(149) Metaspace: 9167K(9472K)->9167K(9472K) NonClass: 7985K(8128K)->7985K(8128K) Class: 1182K(1344K)->1182K(1344K)
[92.383s][info][gc             ] GC(149) Pause Young (Allocation Failure) 2612M->19M(8126M) 7.430ms
[92.383s][info][gc,cpu         ] GC(149) User=0.00s Sys=0.00s Real=0.00s
[93.412s][info][gc,start       ] GC(150) Pause Young (System.gc())
[93.437s][info][gc,heap        ] GC(150) PSYoungGen: 2102347K(2728960K)->45216K(2724352K) Eden: 2086507K(2663424K)->0K(2661888K) From: 15840K(65536K)->45216K(62464K)
[93.437s][info][gc,heap        ] GC(150) ParOldGen: 3853K(5592576K)->16357K(5592576K)
[93.437s][info][gc,metaspace   ] GC(150) Metaspace: 9167K(9472K)->9167K(9472K) NonClass: 7985K(8128K)->7985K(8128K) Class: 1182K(1344K)->1182K(1344K)
[93.437s][info][gc             ] GC(150) Pause Young (System.gc()) 2056M->60M(8122M) 25.371ms
[93.437s][info][gc,cpu         ] GC(150) User=0.06s Sys=0.00s Real=0.02s
[93.437s][info][gc,start       ] GC(151) Pause Full (System.gc())
[93.437s][info][gc,phases,start] GC(151) Marking Phase
[93.441s][info][gc,phases      ] GC(151) Marking Phase 3.665ms
[93.441s][info][gc,phases,start] GC(151) Summary Phase
[93.441s][info][gc,phases      ] GC(151) Summary Phase 0.009ms
[93.441s][info][gc,phases,start] GC(151) Adjust Roots
[93.442s][info][gc,phases      ] GC(151) Adjust Roots 1.412ms
[93.442s][info][gc,phases,start] GC(151) Compaction Phase
[93.444s][info][gc,phases      ] GC(151) Compaction Phase 1.405ms
[93.444s][info][gc,phases,start] GC(151) Post Compact
[93.444s][info][gc,phases      ] GC(151) Post Compact 0.521ms
[93.444s][info][gc,heap        ] GC(151) PSYoungGen: 45216K(2724352K)->0K(2724352K) Eden: 0K(2661888K)->0K(2661888K) From: 45216K(62464K)->0K(62464K)
[93.444s][info][gc,heap        ] GC(151) ParOldGen: 16357K(5592576K)->3805K(5592576K)
[93.444s][info][gc,metaspace   ] GC(151) Metaspace: 9167K(9472K)->9167K(9472K) NonClass: 7985K(8128K)->7985K(8128K) Class: 1182K(1344K)->1182K(1344K)
[93.444s][info][gc             ] GC(151) Pause Full (System.gc()) 60M->3M(8122M) 7.189ms
[93.444s][info][gc,cpu         ] GC(151) User=0.00s Sys=0.00s Real=0.02s
[93.922s][info][gc,start       ] GC(152) Pause Young (Allocation Failure)
[93.926s][info][gc,heap        ] GC(152) PSYoungGen: 2661888K(2724352K)->7616K(2728960K) Eden: 2661888K(2661888K)->0K(2661888K) From: 0K(62464K)->7616K(67072K)
[93.926s][info][gc,heap        ] GC(152) ParOldGen: 3805K(5592576K)->3805K(5592576K)
[93.926s][info][gc,metaspace   ] GC(152) Metaspace: 9176K(9472K)->9176K(9472K) NonClass: 7993K(8128K)->7993K(8128K) Class: 1182K(1344K)->1182K(1344K)
[93.926s][info][gc             ] GC(152) Pause Young (Allocation Failure) 2603M->11M(8126M) 3.611ms
[93.926s][info][gc,cpu         ] GC(152) User=0.00s Sys=0.00s Real=0.00s
[94.863s][info][gc,start       ] GC(153) Pause Young (Allocation Failure)
[94.870s][info][gc,heap        ] GC(153) PSYoungGen: 2669504K(2728960K)->15776K(2733568K) Eden: 2661888K(2661888K)->0K(2668032K) From: 7616K(67072K)->15776K(65536K)
[94.870s][info][gc,heap        ] GC(153) ParOldGen: 3805K(5592576K)->3853K(5592576K)
[94.870s][info][gc,metaspace   ] GC(153) Metaspace: 9176K(9472K)->9176K(9472K) NonClass: 7993K(8128K)->7993K(8128K) Class: 1182K(1344K)->1182K(1344K)
[94.870s][info][gc             ] GC(153) Pause Young (Allocation Failure) 2610M->19M(8131M) 7.647ms
[94.870s][info][gc,cpu         ] GC(153) User=0.00s Sys=0.00s Real=0.00s
[95.899s][info][gc,start       ] GC(154) Pause Young (System.gc())
[95.924s][info][gc,heap        ] GC(154) PSYoungGen: 2078928K(2733568K)->45248K(2713600K) Eden: 2063152K(2668032K)->0K(2668032K) From: 15776K(65536K)->45248K(45568K)
[95.924s][info][gc,heap        ] GC(154) ParOldGen: 3853K(5592576K)->16357K(5592576K)
[95.924s][info][gc,metaspace   ] GC(154) Metaspace: 9176K(9472K)->9176K(9472K) NonClass: 7993K(8128K)->7993K(8128K) Class: 1182K(1344K)->1182K(1344K)
[95.924s][info][gc             ] GC(154) Pause Young (System.gc()) 2033M->60M(8111M) 25.447ms
[95.924s][info][gc,cpu         ] GC(154) User=0.08s Sys=0.00s Real=0.03s
[95.924s][info][gc,start       ] GC(155) Pause Full (System.gc())
[95.924s][info][gc,phases,start] GC(155) Marking Phase
[95.928s][info][gc,phases      ] GC(155) Marking Phase 3.884ms
[95.928s][info][gc,phases,start] GC(155) Summary Phase
[95.928s][info][gc,phases      ] GC(155) Summary Phase 0.009ms
[95.928s][info][gc,phases,start] GC(155) Adjust Roots
[95.930s][info][gc,phases      ] GC(155) Adjust Roots 1.806ms
[95.930s][info][gc,phases,start] GC(155) Compaction Phase
[95.932s][info][gc,phases      ] GC(155) Compaction Phase 1.461ms
[95.932s][info][gc,phases,start] GC(155) Post Compact
[95.932s][info][gc,phases      ] GC(155) Post Compact 0.510ms
[95.932s][info][gc,heap        ] GC(155) PSYoungGen: 45248K(2713600K)->0K(2713600K) Eden: 0K(2668032K)->0K(2668032K) From: 45248K(45568K)->0K(45568K)
[95.932s][info][gc,heap        ] GC(155) ParOldGen: 16357K(5592576K)->3805K(5592576K)
[95.932s][info][gc,metaspace   ] GC(155) Metaspace: 9176K(9472K)->9176K(9472K) NonClass: 7993K(8128K)->7993K(8128K) Class: 1182K(1344K)->1182K(1344K)
[95.932s][info][gc             ] GC(155) Pause Full (System.gc()) 60M->3M(8111M) 7.883ms
[95.932s][info][gc,cpu         ] GC(155) User=0.00s Sys=0.00s Real=0.00s
[96.409s][info][gc,start       ] GC(156) Pause Young (Allocation Failure)
[96.413s][info][gc,heap        ] GC(156) PSYoungGen: 2668032K(2713600K)->7648K(2730496K) Eden: 2668032K(2668032K)->0K(2663424K) From: 0K(45568K)->7648K(67072K)
[96.413s][info][gc,heap        ] GC(156) ParOldGen: 3805K(5592576K)->3805K(5592576K)
[96.413s][info][gc,metaspace   ] GC(156) Metaspace: 9176K(9472K)->9176K(9472K) NonClass: 7993K(8128K)->7993K(8128K) Class: 1182K(1344K)->1182K(1344K)
[96.413s][info][gc             ] GC(156) Pause Young (Allocation Failure) 2609M->11M(8128M) 3.814ms
[96.413s][info][gc,cpu         ] GC(156) User=0.00s Sys=0.00s Real=0.02s
[97.362s][info][gc,start       ] GC(157) Pause Young (Allocation Failure)
[97.370s][info][gc,heap        ] GC(157) PSYoungGen: 2671072K(2730496K)->15872K(2728960K) Eden: 2663424K(2663424K)->0K(2663424K) From: 7648K(67072K)->15872K(65536K)
[97.370s][info][gc,heap        ] GC(157) ParOldGen: 3805K(5592576K)->3853K(5592576K)
[97.370s][info][gc,metaspace   ] GC(157) Metaspace: 9176K(9472K)->9176K(9472K) NonClass: 7993K(8128K)->7993K(8128K) Class: 1182K(1344K)->1182K(1344K)
[97.370s][info][gc             ] GC(157) Pause Young (Allocation Failure) 2612M->19M(8126M) 7.823ms
[97.370s][info][gc,cpu         ] GC(157) User=0.02s Sys=0.00s Real=0.02s
[98.391s][info][gc,start       ] GC(158) Pause Young (System.gc())
[98.416s][info][gc,heap        ] GC(158) PSYoungGen: 2062138K(2728960K)->45216K(2724352K) Eden: 2046266K(2663424K)->0K(2661888K) From: 15872K(65536K)->45216K(62464K)
[98.416s][info][gc,heap        ] GC(158) ParOldGen: 3853K(5592576K)->16341K(5592576K)
[98.416s][info][gc,metaspace   ] GC(158) Metaspace: 9176K(9472K)->9176K(9472K) NonClass: 7993K(8128K)->7993K(8128K) Class: 1182K(1344K)->1182K(1344K)
[98.416s][info][gc             ] GC(158) Pause Young (System.gc()) 2017M->60M(8122M) 25.358ms
[98.416s][info][gc,cpu         ] GC(158) User=0.08s Sys=0.00s Real=0.01s
[98.416s][info][gc,start       ] GC(159) Pause Full (System.gc())
[98.416s][info][gc,phases,start] GC(159) Marking Phase
[98.420s][info][gc,phases      ] GC(159) Marking Phase 3.982ms
[98.420s][info][gc,phases,start] GC(159) Summary Phase
[98.420s][info][gc,phases      ] GC(159) Summary Phase 0.009ms
[98.420s][info][gc,phases,start] GC(159) Adjust Roots
[98.422s][info][gc,phases      ] GC(159) Adjust Roots 1.227ms
[98.422s][info][gc,phases,start] GC(159) Compaction Phase
[98.423s][info][gc,phases      ] GC(159) Compaction Phase 1.383ms
[98.423s][info][gc,phases,start] GC(159) Post Compact
[98.424s][info][gc,phases      ] GC(159) Post Compact 0.626ms
[98.424s][info][gc,heap        ] GC(159) PSYoungGen: 45216K(2724352K)->0K(2724352K) Eden: 0K(2661888K)->0K(2661888K) From: 45216K(62464K)->0K(62464K)
[98.424s][info][gc,heap        ] GC(159) ParOldGen: 16341K(5592576K)->3805K(5592576K)
[98.424s][info][gc,metaspace   ] GC(159) Metaspace: 9176K(9472K)->9176K(9472K) NonClass: 7993K(8128K)->7993K(8128K) Class: 1182K(1344K)->1182K(1344K)
[98.424s][info][gc             ] GC(159) Pause Full (System.gc()) 60M->3M(8122M) 7.437ms
[98.424s][info][gc,cpu         ] GC(159) User=0.00s Sys=0.00s Real=0.02s
[98.903s][info][gc,start       ] GC(160) Pause Young (Allocation Failure)
[98.907s][info][gc,heap        ] GC(160) PSYoungGen: 2661888K(2724352K)->7680K(2728960K) Eden: 2661888K(2661888K)->0K(2661888K) From: 0K(62464K)->7680K(67072K)
[98.907s][info][gc,heap        ] GC(160) ParOldGen: 3805K(5592576K)->3805K(5592576K)
[98.907s][info][gc,metaspace   ] GC(160) Metaspace: 9176K(9472K)->9176K(9472K) NonClass: 7993K(8128K)->7993K(8128K) Class: 1182K(1344K)->1182K(1344K)
[98.907s][info][gc             ] GC(160) Pause Young (Allocation Failure) 2603M->11M(8126M) 3.813ms
[98.907s][info][gc,cpu         ] GC(160) User=0.02s Sys=0.00s Real=0.02s
[99.861s][info][gc,start       ] GC(161) Pause Young (Allocation Failure)
[99.869s][info][gc,heap        ] GC(161) PSYoungGen: 2669568K(2728960K)->15872K(2733568K) Eden: 2661888K(2661888K)->0K(2668032K) From: 7680K(67072K)->15872K(65536K)
[99.869s][info][gc,heap        ] GC(161) ParOldGen: 3805K(5592576K)->3853K(5592576K)
[99.869s][info][gc,metaspace   ] GC(161) Metaspace: 9176K(9472K)->9176K(9472K) NonClass: 7993K(8128K)->7993K(8128K) Class: 1182K(1344K)->1182K(1344K)
[99.869s][info][gc             ] GC(161) Pause Young (Allocation Failure) 2610M->19M(8131M) 7.782ms
[99.869s][info][gc,cpu         ] GC(161) User=0.02s Sys=0.00s Real=0.01s
[100.885s][info][gc,start       ] GC(162) Pause Young (System.gc())
[100.909s][info][gc,heap        ] GC(162) PSYoungGen: 2045554K(2733568K)->45216K(2713600K) Eden: 2029682K(2668032K)->0K(2668032K) From: 15872K(65536K)->45216K(45568K)
[100.910s][info][gc,heap        ] GC(162) ParOldGen: 3853K(5592576K)->16349K(5592576K)
[100.910s][info][gc,metaspace   ] GC(162) Metaspace: 9176K(9472K)->9176K(9472K) NonClass: 7993K(8128K)->7993K(8128K) Class: 1182K(1344K)->1182K(1344K)
[100.910s][info][gc             ] GC(162) Pause Young (System.gc()) 2001M->60M(8111M) 24.949ms
[100.910s][info][gc,cpu         ] GC(162) User=0.08s Sys=0.00s Real=0.02s
[100.910s][info][gc,start       ] GC(163) Pause Full (System.gc())
[100.910s][info][gc,phases,start] GC(163) Marking Phase
[100.914s][info][gc,phases      ] GC(163) Marking Phase 3.934ms
[100.914s][info][gc,phases,start] GC(163) Summary Phase
[100.914s][info][gc,phases      ] GC(163) Summary Phase 0.011ms
[100.914s][info][gc,phases,start] GC(163) Adjust Roots
[100.915s][info][gc,phases      ] GC(163) Adjust Roots 1.443ms
[100.915s][info][gc,phases,start] GC(163) Compaction Phase
[100.916s][info][gc,phases      ] GC(163) Compaction Phase 1.193ms
[100.916s][info][gc,phases,start] GC(163) Post Compact
[100.917s][info][gc,phases      ] GC(163) Post Compact 0.559ms
[100.917s][info][gc,heap        ] GC(163) PSYoungGen: 45216K(2713600K)->0K(2713600K) Eden: 0K(2668032K)->0K(2668032K) From: 45216K(45568K)->0K(45568K)
[100.917s][info][gc,heap        ] GC(163) ParOldGen: 16349K(5592576K)->3805K(5592576K)
[100.917s][info][gc,metaspace   ] GC(163) Metaspace: 9176K(9472K)->9176K(9472K) NonClass: 7993K(8128K)->7993K(8128K) Class: 1182K(1344K)->1182K(1344K)
[100.917s][info][gc             ] GC(163) Pause Full (System.gc()) 60M->3M(8111M) 7.332ms
[100.917s][info][gc,cpu         ] GC(163) User=0.00s Sys=0.00s Real=0.02s
[101.394s][info][gc,start       ] GC(164) Pause Young (Allocation Failure)
[101.398s][info][gc,heap        ] GC(164) PSYoungGen: 2668032K(2713600K)->7648K(2730496K) Eden: 2668032K(2668032K)->0K(2663424K) From: 0K(45568K)->7648K(67072K)
[101.398s][info][gc,heap        ] GC(164) ParOldGen: 3805K(5592576K)->3805K(5592576K)
[101.398s][info][gc,metaspace   ] GC(164) Metaspace: 9176K(9472K)->9176K(9472K) NonClass: 7993K(8128K)->7993K(8128K) Class: 1182K(1344K)->1182K(1344K)
[101.398s][info][gc             ] GC(164) Pause Young (Allocation Failure) 2609M->11M(8128M) 3.727ms
[101.398s][info][gc,cpu         ] GC(164) User=0.00s Sys=0.00s Real=0.00s
[102.344s][info][gc,start       ] GC(165) Pause Young (Allocation Failure)
[102.352s][info][gc,heap        ] GC(165) PSYoungGen: 2671072K(2730496K)->15840K(2728960K) Eden: 2663424K(2663424K)->0K(2663424K) From: 7648K(67072K)->15840K(65536K)
[102.352s][info][gc,heap        ] GC(165) ParOldGen: 3805K(5592576K)->3853K(5592576K)
[102.352s][info][gc,metaspace   ] GC(165) Metaspace: 9176K(9472K)->9176K(9472K) NonClass: 7993K(8128K)->7993K(8128K) Class: 1182K(1344K)->1182K(1344K)
[102.352s][info][gc             ] GC(165) Pause Young (Allocation Failure) 2612M->19M(8126M) 7.403ms
[102.352s][info][gc,cpu         ] GC(165) User=0.00s Sys=0.00s Real=0.00s
[103.374s][info][gc,start       ] GC(166) Pause Young (System.gc())
[103.399s][info][gc,heap        ] GC(166) PSYoungGen: 2066963K(2728960K)->45216K(2724352K) Eden: 2051122K(2663424K)->0K(2661888K) From: 15840K(65536K)->45216K(62464K)
[103.399s][info][gc,heap        ] GC(166) ParOldGen: 3853K(5592576K)->16349K(5592576K)
[103.399s][info][gc,metaspace   ] GC(166) Metaspace: 9176K(9472K)->9176K(9472K) NonClass: 7993K(8128K)->7993K(8128K) Class: 1182K(1344K)->1182K(1344K)
[103.399s][info][gc             ] GC(166) Pause Young (System.gc()) 2022M->60M(8122M) 25.120ms
[103.399s][info][gc,cpu         ] GC(166) User=0.09s Sys=0.00s Real=0.03s
[103.400s][info][gc,start       ] GC(167) Pause Full (System.gc())
[103.400s][info][gc,phases,start] GC(167) Marking Phase
[103.403s][info][gc,phases      ] GC(167) Marking Phase 3.668ms
[103.403s][info][gc,phases,start] GC(167) Summary Phase
[103.403s][info][gc,phases      ] GC(167) Summary Phase 0.008ms
[103.403s][info][gc,phases,start] GC(167) Adjust Roots
[103.405s][info][gc,phases      ] GC(167) Adjust Roots 1.556ms
[103.405s][info][gc,phases,start] GC(167) Compaction Phase
[103.406s][info][gc,phases      ] GC(167) Compaction Phase 1.405ms
[103.406s][info][gc,phases,start] GC(167) Post Compact
[103.407s][info][gc,phases      ] GC(167) Post Compact 0.509ms
[103.407s][info][gc,heap        ] GC(167) PSYoungGen: 45216K(2724352K)->0K(2724352K) Eden: 0K(2661888K)->0K(2661888K) From: 45216K(62464K)->0K(62464K)
[103.407s][info][gc,heap        ] GC(167) ParOldGen: 16349K(5592576K)->3806K(5592576K)
[103.407s][info][gc,metaspace   ] GC(167) Metaspace: 9176K(9472K)->9176K(9472K) NonClass: 7993K(8128K)->7993K(8128K) Class: 1182K(1344K)->1182K(1344K)
[103.407s][info][gc             ] GC(167) Pause Full (System.gc()) 60M->3M(8122M) 7.278ms
[103.407s][info][gc,cpu         ] GC(167) User=0.00s Sys=0.00s Real=0.00s
[103.881s][info][gc,start       ] GC(168) Pause Young (Allocation Failure)
[103.885s][info][gc,heap        ] GC(168) PSYoungGen: 2661888K(2724352K)->7616K(2728960K) Eden: 2661888K(2661888K)->0K(2661888K) From: 0K(62464K)->7616K(67072K)
[103.885s][info][gc,heap        ] GC(168) ParOldGen: 3806K(5592576K)->3806K(5592576K)
[103.885s][info][gc,metaspace   ] GC(168) Metaspace: 9185K(9472K)->9185K(9472K) NonClass: 8003K(8128K)->8003K(8128K) Class: 1182K(1344K)->1182K(1344K)
[103.885s][info][gc             ] GC(168) Pause Young (Allocation Failure) 2603M->11M(8126M) 3.818ms
[103.885s][info][gc,cpu         ] GC(168) User=0.02s Sys=0.00s Real=0.02s
[104.819s][info][gc,start       ] GC(169) Pause Young (Allocation Failure)
[104.826s][info][gc,heap        ] GC(169) PSYoungGen: 2669504K(2728960K)->15744K(2733568K) Eden: 2661888K(2661888K)->0K(2668032K) From: 7616K(67072K)->15744K(65536K)
[104.826s][info][gc,heap        ] GC(169) ParOldGen: 3806K(5592576K)->3854K(5592576K)
[104.826s][info][gc,metaspace   ] GC(169) Metaspace: 9185K(9472K)->9185K(9472K) NonClass: 8003K(8128K)->8003K(8128K) Class: 1182K(1344K)->1182K(1344K)
[104.826s][info][gc             ] GC(169) Pause Young (Allocation Failure) 2610M->19M(8131M) 7.852ms
[104.826s][info][gc,cpu         ] GC(169) User=0.02s Sys=0.00s Real=0.02s
[105.863s][info][gc,start       ] GC(170) Pause Young (System.gc())
[105.888s][info][gc,heap        ] GC(170) PSYoungGen: 2092353K(2733568K)->45184K(2713600K) Eden: 2076609K(2668032K)->0K(2668032K) From: 15744K(65536K)->45184K(45568K)
[105.888s][info][gc,heap        ] GC(170) ParOldGen: 3854K(5592576K)->16342K(5592576K)
[105.888s][info][gc,metaspace   ] GC(170) Metaspace: 9185K(9472K)->9185K(9472K) NonClass: 8003K(8128K)->8003K(8128K) Class: 1182K(1344K)->1182K(1344K)
[105.888s][info][gc             ] GC(170) Pause Young (System.gc()) 2047M->60M(8111M) 25.416ms
[105.888s][info][gc,cpu         ] GC(170) User=0.08s Sys=0.00s Real=0.02s
[105.888s][info][gc,start       ] GC(171) Pause Full (System.gc())
[105.888s][info][gc,phases,start] GC(171) Marking Phase
[105.892s][info][gc,phases      ] GC(171) Marking Phase 3.834ms
[105.892s][info][gc,phases,start] GC(171) Summary Phase
[105.892s][info][gc,phases      ] GC(171) Summary Phase 0.021ms
[105.892s][info][gc,phases,start] GC(171) Adjust Roots
[105.893s][info][gc,phases      ] GC(171) Adjust Roots 1.267ms
[105.893s][info][gc,phases,start] GC(171) Compaction Phase
[105.895s][info][gc,phases      ] GC(171) Compaction Phase 1.291ms
[105.895s][info][gc,phases,start] GC(171) Post Compact
[105.895s][info][gc,phases      ] GC(171) Post Compact 0.517ms
[105.895s][info][gc,heap        ] GC(171) PSYoungGen: 45184K(2713600K)->0K(2713600K) Eden: 0K(2668032K)->0K(2668032K) From: 45184K(45568K)->0K(45568K)
[105.895s][info][gc,heap        ] GC(171) ParOldGen: 16342K(5592576K)->3806K(5592576K)
[105.895s][info][gc,metaspace   ] GC(171) Metaspace: 9185K(9472K)->9185K(9472K) NonClass: 8003K(8128K)->8003K(8128K) Class: 1182K(1344K)->1182K(1344K)
[105.895s][info][gc             ] GC(171) Pause Full (System.gc()) 60M->3M(8111M) 7.159ms
[105.895s][info][gc,cpu         ] GC(171) User=0.00s Sys=0.00s Real=0.02s
[106.376s][info][gc,start       ] GC(172) Pause Young (Allocation Failure)
[106.380s][info][gc,heap        ] GC(172) PSYoungGen: 2668032K(2713600K)->7648K(2730496K) Eden: 2668032K(2668032K)->0K(2663424K) From: 0K(45568K)->7648K(67072K)
[106.380s][info][gc,heap        ] GC(172) ParOldGen: 3806K(5592576K)->3806K(5592576K)
[106.380s][info][gc,metaspace   ] GC(172) Metaspace: 9186K(9472K)->9186K(9472K) NonClass: 8004K(8128K)->8004K(8128K) Class: 1182K(1344K)->1182K(1344K)
[106.380s][info][gc             ] GC(172) Pause Young (Allocation Failure) 2609M->11M(8128M) 3.829ms
[106.380s][info][gc,cpu         ] GC(172) User=0.00s Sys=0.00s Real=0.01s
[107.320s][info][gc,start       ] GC(173) Pause Young (Allocation Failure)
[107.328s][info][gc,heap        ] GC(173) PSYoungGen: 2671072K(2730496K)->15872K(2728960K) Eden: 2663424K(2663424K)->0K(2663424K) From: 7648K(67072K)->15872K(65536K)
[107.328s][info][gc,heap        ] GC(173) ParOldGen: 3806K(5592576K)->3854K(5592576K)
[107.328s][info][gc,metaspace   ] GC(173) Metaspace: 9186K(9472K)->9186K(9472K) NonClass: 8004K(8128K)->8004K(8128K) Class: 1182K(1344K)->1182K(1344K)
[107.328s][info][gc             ] GC(173) Pause Young (Allocation Failure) 2612M->19M(8126M) 7.484ms
[107.328s][info][gc,cpu         ] GC(173) User=0.02s Sys=0.00s Real=0.02s
[108.356s][info][gc,start       ] GC(174) Pause Young (System.gc())
[108.382s][info][gc,heap        ] GC(174) PSYoungGen: 2086372K(2728960K)->45216K(2724352K) Eden: 2070500K(2663424K)->0K(2661888K) From: 15872K(65536K)->45216K(62464K)
[108.382s][info][gc,heap        ] GC(174) ParOldGen: 3854K(5592576K)->16350K(5592576K)
[108.382s][info][gc,metaspace   ] GC(174) Metaspace: 9186K(9472K)->9186K(9472K) NonClass: 8004K(8128K)->8004K(8128K) Class: 1182K(1344K)->1182K(1344K)
[108.382s][info][gc             ] GC(174) Pause Young (System.gc()) 2041M->60M(8122M) 25.284ms
[108.382s][info][gc,cpu         ] GC(174) User=0.06s Sys=0.00s Real=0.02s
[108.382s][info][gc,start       ] GC(175) Pause Full (System.gc())
[108.382s][info][gc,phases,start] GC(175) Marking Phase
[108.386s][info][gc,phases      ] GC(175) Marking Phase 3.726ms
[108.386s][info][gc,phases,start] GC(175) Summary Phase
[108.386s][info][gc,phases      ] GC(175) Summary Phase 0.010ms
[108.386s][info][gc,phases,start] GC(175) Adjust Roots
[108.388s][info][gc,phases      ] GC(175) Adjust Roots 2.001ms
[108.388s][info][gc,phases,start] GC(175) Compaction Phase
[108.389s][info][gc,phases      ] GC(175) Compaction Phase 1.290ms
[108.389s][info][gc,phases,start] GC(175) Post Compact
[108.389s][info][gc,phases      ] GC(175) Post Compact 0.515ms
[108.389s][info][gc,heap        ] GC(175) PSYoungGen: 45216K(2724352K)->0K(2724352K) Eden: 0K(2661888K)->0K(2661888K) From: 45216K(62464K)->0K(62464K)
[108.389s][info][gc,heap        ] GC(175) ParOldGen: 16350K(5592576K)->3806K(5592576K)
[108.389s][info][gc,metaspace   ] GC(175) Metaspace: 9186K(9472K)->9186K(9472K) NonClass: 8004K(8128K)->8004K(8128K) Class: 1182K(1344K)->1182K(1344K)
[108.390s][info][gc             ] GC(175) Pause Full (System.gc()) 60M->3M(8122M) 7.756ms
[108.390s][info][gc,cpu         ] GC(175) User=0.00s Sys=0.00s Real=0.01s
[108.867s][info][gc,start       ] GC(176) Pause Young (Allocation Failure)
[108.870s][info][gc,heap        ] GC(176) PSYoungGen: 2661888K(2724352K)->7648K(2728960K) Eden: 2661888K(2661888K)->0K(2661888K) From: 0K(62464K)->7648K(67072K)
[108.870s][info][gc,heap        ] GC(176) ParOldGen: 3806K(5592576K)->3806K(5592576K)
[108.870s][info][gc,metaspace   ] GC(176) Metaspace: 9186K(9472K)->9186K(9472K) NonClass: 8004K(8128K)->8004K(8128K) Class: 1182K(1344K)->1182K(1344K)
[108.870s][info][gc             ] GC(176) Pause Young (Allocation Failure) 2603M->11M(8126M) 3.703ms
[108.871s][info][gc,cpu         ] GC(176) User=0.00s Sys=0.00s Real=0.00s
[109.816s][info][gc,start       ] GC(177) Pause Young (Allocation Failure)
[109.823s][info][gc,heap        ] GC(177) PSYoungGen: 2669536K(2728960K)->15872K(2733568K) Eden: 2661888K(2661888K)->0K(2668032K) From: 7648K(67072K)->15872K(65536K)
[109.823s][info][gc,heap        ] GC(177) ParOldGen: 3806K(5592576K)->3854K(5592576K)
[109.823s][info][gc,metaspace   ] GC(177) Metaspace: 9186K(9472K)->9186K(9472K) NonClass: 8004K(8128K)->8004K(8128K) Class: 1182K(1344K)->1182K(1344K)
[109.823s][info][gc             ] GC(177) Pause Young (Allocation Failure) 2610M->19M(8131M) 7.090ms
[109.823s][info][gc,cpu         ] GC(177) User=0.00s Sys=0.00s Real=0.00s
[110.850s][info][gc,start       ] GC(178) Pause Young (System.gc())
[110.875s][info][gc,heap        ] GC(178) PSYoungGen: 2084772K(2733568K)->45248K(2713600K) Eden: 2068900K(2668032K)->0K(2668032K) From: 15872K(65536K)->45248K(45568K)
[110.875s][info][gc,heap        ] GC(178) ParOldGen: 3854K(5592576K)->16350K(5592576K)
[110.875s][info][gc,metaspace   ] GC(178) Metaspace: 9186K(9472K)->9186K(9472K) NonClass: 8004K(8128K)->8004K(8128K) Class: 1182K(1344K)->1182K(1344K)
[110.875s][info][gc             ] GC(178) Pause Young (System.gc()) 2039M->60M(8111M) 25.306ms
[110.875s][info][gc,cpu         ] GC(178) User=0.11s Sys=0.00s Real=0.03s
[110.875s][info][gc,start       ] GC(179) Pause Full (System.gc())
[110.875s][info][gc,phases,start] GC(179) Marking Phase
[110.879s][info][gc,phases      ] GC(179) Marking Phase 3.759ms
[110.879s][info][gc,phases,start] GC(179) Summary Phase
[110.879s][info][gc,phases      ] GC(179) Summary Phase 0.010ms
[110.879s][info][gc,phases,start] GC(179) Adjust Roots
[110.881s][info][gc,phases      ] GC(179) Adjust Roots 1.733ms
[110.881s][info][gc,phases,start] GC(179) Compaction Phase
[110.883s][info][gc,phases      ] GC(179) Compaction Phase 1.541ms
[110.883s][info][gc,phases,start] GC(179) Post Compact
[110.883s][info][gc,phases      ] GC(179) Post Compact 0.597ms
[110.883s][info][gc,heap        ] GC(179) PSYoungGen: 45248K(2713600K)->0K(2713600K) Eden: 0K(2668032K)->0K(2668032K) From: 45248K(45568K)->0K(45568K)
[110.883s][info][gc,heap        ] GC(179) ParOldGen: 16350K(5592576K)->3806K(5592576K)
[110.883s][info][gc,metaspace   ] GC(179) Metaspace: 9186K(9472K)->9186K(9472K) NonClass: 8004K(8128K)->8004K(8128K) Class: 1182K(1344K)->1182K(1344K)
[110.883s][info][gc             ] GC(179) Pause Full (System.gc()) 60M->3M(8111M) 7.860ms
[110.883s][info][gc,cpu         ] GC(179) User=0.00s Sys=0.00s Real=0.02s
[111.362s][info][gc,start       ] GC(180) Pause Young (Allocation Failure)
[111.366s][info][gc,heap        ] GC(180) PSYoungGen: 2668032K(2713600K)->7648K(2730496K) Eden: 2668032K(2668032K)->0K(2663424K) From: 0K(45568K)->7648K(67072K)
[111.366s][info][gc,heap        ] GC(180) ParOldGen: 3806K(5592576K)->3806K(5592576K)
[111.366s][info][gc,metaspace   ] GC(180) Metaspace: 9186K(9472K)->9186K(9472K) NonClass: 8004K(8128K)->8004K(8128K) Class: 1182K(1344K)->1182K(1344K)
[111.366s][info][gc             ] GC(180) Pause Young (Allocation Failure) 2609M->11M(8128M) 3.789ms
[111.366s][info][gc,cpu         ] GC(180) User=0.00s Sys=0.00s Real=0.00s
[112.308s][info][gc,start       ] GC(181) Pause Young (Allocation Failure)
[112.316s][info][gc,heap        ] GC(181) PSYoungGen: 2671072K(2730496K)->15808K(2728960K) Eden: 2663424K(2663424K)->0K(2663424K) From: 7648K(67072K)->15808K(65536K)
[112.316s][info][gc,heap        ] GC(181) ParOldGen: 3806K(5592576K)->3854K(5592576K)
[112.316s][info][gc,metaspace   ] GC(181) Metaspace: 9186K(9472K)->9186K(9472K) NonClass: 8004K(8128K)->8004K(8128K) Class: 1182K(1344K)->1182K(1344K)
[112.316s][info][gc             ] GC(181) Pause Young (Allocation Failure) 2612M->19M(8126M) 7.609ms
[112.316s][info][gc,cpu         ] GC(181) User=0.02s Sys=0.00s Real=0.02s
[113.338s][info][gc,start       ] GC(182) Pause Young (System.gc())
[113.363s][info][gc,heap        ] GC(182) PSYoungGen: 2064883K(2728960K)->45216K(2724352K) Eden: 2049075K(2663424K)->0K(2661888K) From: 15808K(65536K)->45216K(62464K)
[113.363s][info][gc,heap        ] GC(182) ParOldGen: 3854K(5592576K)->16358K(5592576K)
[113.363s][info][gc,metaspace   ] GC(182) Metaspace: 9186K(9472K)->9186K(9472K) NonClass: 8004K(8128K)->8004K(8128K) Class: 1182K(1344K)->1182K(1344K)
[113.363s][info][gc             ] GC(182) Pause Young (System.gc()) 2020M->60M(8122M) 25.290ms
[113.363s][info][gc,cpu         ] GC(182) User=0.08s Sys=0.00s Real=0.02s
[113.363s][info][gc,start       ] GC(183) Pause Full (System.gc())
[113.363s][info][gc,phases,start] GC(183) Marking Phase
[113.367s][info][gc,phases      ] GC(183) Marking Phase 3.704ms
[113.367s][info][gc,phases,start] GC(183) Summary Phase
[113.367s][info][gc,phases      ] GC(183) Summary Phase 0.012ms
[113.367s][info][gc,phases,start] GC(183) Adjust Roots
[113.368s][info][gc,phases      ] GC(183) Adjust Roots 1.063ms
[113.368s][info][gc,phases,start] GC(183) Compaction Phase
[113.370s][info][gc,phases      ] GC(183) Compaction Phase 1.591ms
[113.370s][info][gc,phases,start] GC(183) Post Compact
[113.370s][info][gc,phases      ] GC(183) Post Compact 0.515ms
[113.370s][info][gc,heap        ] GC(183) PSYoungGen: 45216K(2724352K)->0K(2724352K) Eden: 0K(2661888K)->0K(2661888K) From: 45216K(62464K)->0K(62464K)
[113.370s][info][gc,heap        ] GC(183) ParOldGen: 16358K(5592576K)->3806K(5592576K)
[113.370s][info][gc,metaspace   ] GC(183) Metaspace: 9186K(9472K)->9186K(9472K) NonClass: 8004K(8128K)->8004K(8128K) Class: 1182K(1344K)->1182K(1344K)
[113.370s][info][gc             ] GC(183) Pause Full (System.gc()) 60M->3M(8122M) 7.139ms
[113.370s][info][gc,cpu         ] GC(183) User=0.02s Sys=0.00s Real=0.02s
[113.847s][info][gc,start       ] GC(184) Pause Young (Allocation Failure)
[113.851s][info][gc,heap        ] GC(184) PSYoungGen: 2661888K(2724352K)->7648K(2728960K) Eden: 2661888K(2661888K)->0K(2661888K) From: 0K(62464K)->7648K(67072K)
[113.851s][info][gc,heap        ] GC(184) ParOldGen: 3806K(5592576K)->3806K(5592576K)
[113.851s][info][gc,metaspace   ] GC(184) Metaspace: 9186K(9472K)->9186K(9472K) NonClass: 8004K(8128K)->8004K(8128K) Class: 1182K(1344K)->1182K(1344K)
[113.851s][info][gc             ] GC(184) Pause Young (Allocation Failure) 2603M->11M(8126M) 3.859ms
[113.851s][info][gc,cpu         ] GC(184) User=0.02s Sys=0.00s Real=0.02s
[114.790s][info][gc,start       ] GC(185) Pause Young (Allocation Failure)
[114.798s][info][gc,heap        ] GC(185) PSYoungGen: 2669536K(2728960K)->15776K(2733568K) Eden: 2661888K(2661888K)->0K(2668032K) From: 7648K(67072K)->15776K(65536K)
[114.798s][info][gc,heap        ] GC(185) ParOldGen: 3806K(5592576K)->3854K(5592576K)
[114.798s][info][gc,metaspace   ] GC(185) Metaspace: 9186K(9472K)->9186K(9472K) NonClass: 8004K(8128K)->8004K(8128K) Class: 1182K(1344K)->1182K(1344K)
[114.798s][info][gc             ] GC(185) Pause Young (Allocation Failure) 2610M->19M(8131M) 7.604ms
[114.798s][info][gc,cpu         ] GC(185) User=0.00s Sys=0.00s Real=0.00s
[115.824s][info][gc,start       ] GC(186) Pause Young (System.gc())
[115.850s][info][gc,heap        ] GC(186) PSYoungGen: 2087277K(2733568K)->45216K(2713600K) Eden: 2071501K(2668032K)->0K(2668032K) From: 15776K(65536K)->45216K(45568K)
[115.850s][info][gc,heap        ] GC(186) ParOldGen: 3854K(5592576K)->16350K(5592576K)
[115.850s][info][gc,metaspace   ] GC(186) Metaspace: 9186K(9472K)->9186K(9472K) NonClass: 8004K(8128K)->8004K(8128K) Class: 1182K(1344K)->1182K(1344K)
[115.850s][info][gc             ] GC(186) Pause Young (System.gc()) 2042M->60M(8111M) 25.425ms
[115.850s][info][gc,cpu         ] GC(186) User=0.08s Sys=0.00s Real=0.03s
[115.850s][info][gc,start       ] GC(187) Pause Full (System.gc())
[115.850s][info][gc,phases,start] GC(187) Marking Phase
[115.853s][info][gc,phases      ] GC(187) Marking Phase 3.537ms
[115.853s][info][gc,phases,start] GC(187) Summary Phase
[115.853s][info][gc,phases      ] GC(187) Summary Phase 0.009ms
[115.853s][info][gc,phases,start] GC(187) Adjust Roots
[115.855s][info][gc,phases      ] GC(187) Adjust Roots 1.500ms
[115.855s][info][gc,phases,start] GC(187) Compaction Phase
[115.856s][info][gc,phases      ] GC(187) Compaction Phase 1.310ms
[115.856s][info][gc,phases,start] GC(187) Post Compact
[115.857s][info][gc,phases      ] GC(187) Post Compact 0.626ms
[115.857s][info][gc,heap        ] GC(187) PSYoungGen: 45216K(2713600K)->0K(2713600K) Eden: 0K(2668032K)->0K(2668032K) From: 45216K(45568K)->0K(45568K)
[115.857s][info][gc,heap        ] GC(187) ParOldGen: 16350K(5592576K)->3806K(5592576K)
[115.857s][info][gc,metaspace   ] GC(187) Metaspace: 9186K(9472K)->9186K(9472K) NonClass: 8004K(8128K)->8004K(8128K) Class: 1182K(1344K)->1182K(1344K)
[115.857s][info][gc             ] GC(187) Pause Full (System.gc()) 60M->3M(8111M) 7.230ms
[115.857s][info][gc,cpu         ] GC(187) User=0.00s Sys=0.00s Real=0.00s
[116.335s][info][gc,start       ] GC(188) Pause Young (Allocation Failure)
[116.338s][info][gc,heap        ] GC(188) PSYoungGen: 2668032K(2713600K)->7680K(2730496K) Eden: 2668032K(2668032K)->0K(2663424K) From: 0K(45568K)->7680K(67072K)
[116.338s][info][gc,heap        ] GC(188) ParOldGen: 3806K(5592576K)->3806K(5592576K)
[116.338s][info][gc,metaspace   ] GC(188) Metaspace: 9186K(9472K)->9186K(9472K) NonClass: 8004K(8128K)->8004K(8128K) Class: 1182K(1344K)->1182K(1344K)
[116.338s][info][gc             ] GC(188) Pause Young (Allocation Failure) 2609M->11M(8128M) 3.628ms
[116.338s][info][gc,cpu         ] GC(188) User=0.00s Sys=0.00s Real=0.00s
[117.284s][info][gc,start       ] GC(189) Pause Young (Allocation Failure)
[117.292s][info][gc,heap        ] GC(189) PSYoungGen: 2671104K(2730496K)->15936K(2728960K) Eden: 2663424K(2663424K)->0K(2663424K) From: 7680K(67072K)->15936K(65536K)
[117.292s][info][gc,heap        ] GC(189) ParOldGen: 3806K(5592576K)->3854K(5592576K)
[117.292s][info][gc,metaspace   ] GC(189) Metaspace: 9186K(9472K)->9186K(9472K) NonClass: 8004K(8128K)->8004K(8128K) Class: 1182K(1344K)->1182K(1344K)
[117.292s][info][gc             ] GC(189) Pause Young (Allocation Failure) 2612M->19M(8126M) 7.786ms
[117.292s][info][gc,cpu         ] GC(189) User=0.02s Sys=0.00s Real=0.02s
[118.309s][info][gc,start       ] GC(190) Pause Young (System.gc())
[118.334s][info][gc,heap        ] GC(190) PSYoungGen: 2059615K(2728960K)->45184K(2724352K) Eden: 2043679K(2663424K)->0K(2661888K) From: 15936K(65536K)->45184K(62464K)
[118.334s][info][gc,heap        ] GC(190) ParOldGen: 3854K(5592576K)->16350K(5592576K)
[118.334s][info][gc,metaspace   ] GC(190) Metaspace: 9186K(9472K)->9186K(9472K) NonClass: 8004K(8128K)->8004K(8128K) Class: 1182K(1344K)->1182K(1344K)
[118.334s][info][gc             ] GC(190) Pause Young (System.gc()) 2015M->60M(8122M) 24.948ms
[118.334s][info][gc,cpu         ] GC(190) User=0.09s Sys=0.00s Real=0.02s
[118.334s][info][gc,start       ] GC(191) Pause Full (System.gc())
[118.334s][info][gc,phases,start] GC(191) Marking Phase
[118.338s][info][gc,phases      ] GC(191) Marking Phase 3.952ms
[118.338s][info][gc,phases,start] GC(191) Summary Phase
[118.338s][info][gc,phases      ] GC(191) Summary Phase 0.009ms
[118.338s][info][gc,phases,start] GC(191) Adjust Roots
[118.340s][info][gc,phases      ] GC(191) Adjust Roots 1.288ms
[118.340s][info][gc,phases,start] GC(191) Compaction Phase
[118.341s][info][gc,phases      ] GC(191) Compaction Phase 1.363ms
[118.341s][info][gc,phases,start] GC(191) Post Compact
[118.342s][info][gc,phases      ] GC(191) Post Compact 0.521ms
[118.342s][info][gc,heap        ] GC(191) PSYoungGen: 45184K(2724352K)->0K(2724352K) Eden: 0K(2661888K)->0K(2661888K) From: 45184K(62464K)->0K(62464K)
[118.342s][info][gc,heap        ] GC(191) ParOldGen: 16350K(5592576K)->3806K(5592576K)
[118.342s][info][gc,metaspace   ] GC(191) Metaspace: 9186K(9472K)->9186K(9472K) NonClass: 8004K(8128K)->8004K(8128K) Class: 1182K(1344K)->1182K(1344K)
[118.342s][info][gc             ] GC(191) Pause Full (System.gc()) 60M->3M(8122M) 7.390ms
[118.342s][info][gc,cpu         ] GC(191) User=0.00s Sys=0.00s Real=0.02s
[118.817s][info][gc,start       ] GC(192) Pause Young (Allocation Failure)
[118.821s][info][gc,heap        ] GC(192) PSYoungGen: 2661888K(2724352K)->7680K(2728960K) Eden: 2661888K(2661888K)->0K(2661888K) From: 0K(62464K)->7680K(67072K)
[118.821s][info][gc,heap        ] GC(192) ParOldGen: 3806K(5592576K)->3806K(5592576K)
[118.821s][info][gc,metaspace   ] GC(192) Metaspace: 9186K(9472K)->9186K(9472K) NonClass: 8004K(8128K)->8004K(8128K) Class: 1182K(1344K)->1182K(1344K)
[118.821s][info][gc             ] GC(192) Pause Young (Allocation Failure) 2603M->11M(8126M) 3.706ms
[118.821s][info][gc,cpu         ] GC(192) User=0.00s Sys=0.00s Real=0.00s
[119.761s][info][gc,start       ] GC(193) Pause Young (Allocation Failure)
[119.769s][info][gc,heap        ] GC(193) PSYoungGen: 2669568K(2728960K)->15808K(2733568K) Eden: 2661888K(2661888K)->0K(2668032K) From: 7680K(67072K)->15808K(65536K)
[119.769s][info][gc,heap        ] GC(193) ParOldGen: 3806K(5592576K)->3854K(5592576K)
[119.769s][info][gc,metaspace   ] GC(193) Metaspace: 9186K(9472K)->9186K(9472K) NonClass: 8004K(8128K)->8004K(8128K) Class: 1182K(1344K)->1182K(1344K)
[119.769s][info][gc             ] GC(193) Pause Young (Allocation Failure) 2610M->19M(8131M) 7.463ms
[119.769s][info][gc,cpu         ] GC(193) User=0.00s Sys=0.00s Real=0.00s
[120.794s][info][gc,start       ] GC(194) Pause Young (System.gc())
[120.819s][info][gc,heap        ] GC(194) PSYoungGen: 2076689K(2733568K)->45248K(2713600K) Eden: 2060881K(2668032K)->0K(2668032K) From: 15808K(65536K)->45248K(45568K)
[120.819s][info][gc,heap        ] GC(194) ParOldGen: 3854K(5592576K)->16342K(5592576K)
[120.819s][info][gc,metaspace   ] GC(194) Metaspace: 9187K(9472K)->9187K(9472K) NonClass: 8005K(8128K)->8005K(8128K) Class: 1182K(1344K)->1182K(1344K)
[120.819s][info][gc             ] GC(194) Pause Young (System.gc()) 2031M->60M(8111M) 25.323ms
[120.819s][info][gc,cpu         ] GC(194) User=0.08s Sys=0.00s Real=0.02s
[120.819s][info][gc,start       ] GC(195) Pause Full (System.gc())
[120.819s][info][gc,phases,start] GC(195) Marking Phase
[120.823s][info][gc,phases      ] GC(195) Marking Phase 3.823ms
[120.823s][info][gc,phases,start] GC(195) Summary Phase
[120.823s][info][gc,phases      ] GC(195) Summary Phase 0.014ms
[120.823s][info][gc,phases,start] GC(195) Adjust Roots
[120.824s][info][gc,phases      ] GC(195) Adjust Roots 1.183ms
[120.824s][info][gc,phases,start] GC(195) Compaction Phase
[120.825s][info][gc,phases      ] GC(195) Compaction Phase 1.098ms
[120.825s][info][gc,phases,start] GC(195) Post Compact
[120.826s][info][gc,phases      ] GC(195) Post Compact 0.515ms
[120.826s][info][gc,heap        ] GC(195) PSYoungGen: 45248K(2713600K)->0K(2713600K) Eden: 0K(2668032K)->0K(2668032K) From: 45248K(45568K)->0K(45568K)
[120.826s][info][gc,heap        ] GC(195) ParOldGen: 16342K(5592576K)->3806K(5592576K)
[120.826s][info][gc,metaspace   ] GC(195) Metaspace: 9187K(9472K)->9187K(9472K) NonClass: 8005K(8128K)->8005K(8128K) Class: 1182K(1344K)->1182K(1344K)
[120.826s][info][gc             ] GC(195) Pause Full (System.gc()) 60M->3M(8111M) 6.852ms
[120.826s][info][gc,cpu         ] GC(195) User=0.02s Sys=0.00s Real=0.02s
[121.300s][info][gc,start       ] GC(196) Pause Young (Allocation Failure)
[121.304s][info][gc,heap        ] GC(196) PSYoungGen: 2668032K(2713600K)->7616K(2730496K) Eden: 2668032K(2668032K)->0K(2663424K) From: 0K(45568K)->7616K(67072K)
[121.304s][info][gc,heap        ] GC(196) ParOldGen: 3806K(5592576K)->3806K(5592576K)
[121.304s][info][gc,metaspace   ] GC(196) Metaspace: 9187K(9472K)->9187K(9472K) NonClass: 8005K(8128K)->8005K(8128K) Class: 1182K(1344K)->1182K(1344K)
[121.304s][info][gc             ] GC(196) Pause Young (Allocation Failure) 2609M->11M(8128M) 3.558ms
[121.304s][info][gc,cpu         ] GC(196) User=0.00s Sys=0.00s Real=0.00s
[122.248s][info][gc,start       ] GC(197) Pause Young (Allocation Failure)
[122.255s][info][gc,heap        ] GC(197) PSYoungGen: 2671040K(2730496K)->15808K(2728960K) Eden: 2663424K(2663424K)->0K(2663424K) From: 7616K(67072K)->15808K(65536K)
[122.255s][info][gc,heap        ] GC(197) ParOldGen: 3806K(5592576K)->3854K(5592576K)
[122.255s][info][gc,metaspace   ] GC(197) Metaspace: 9187K(9472K)->9187K(9472K) NonClass: 8005K(8128K)->8005K(8128K) Class: 1182K(1344K)->1182K(1344K)
[122.255s][info][gc             ] GC(197) Pause Young (Allocation Failure) 2612M->19M(8126M) 7.568ms
[122.255s][info][gc,cpu         ] GC(197) User=0.02s Sys=0.00s Real=0.02s
[123.281s][info][gc,start       ] GC(198) Pause Young (System.gc())
[123.307s][info][gc,heap        ] GC(198) PSYoungGen: 2071521K(2728960K)->45280K(2724352K) Eden: 2055713K(2663424K)->0K(2661888K) From: 15808K(65536K)->45280K(62464K)
[123.307s][info][gc,heap        ] GC(198) ParOldGen: 3854K(5592576K)->16342K(5592576K)
[123.307s][info][gc,metaspace   ] GC(198) Metaspace: 9188K(9472K)->9188K(9472K) NonClass: 8006K(8128K)->8006K(8128K) Class: 1182K(1344K)->1182K(1344K)
[123.307s][info][gc             ] GC(198) Pause Young (System.gc()) 2026M->60M(8122M) 25.242ms
[123.307s][info][gc,cpu         ] GC(198) User=0.09s Sys=0.00s Real=0.03s
[123.307s][info][gc,start       ] GC(199) Pause Full (System.gc())
[123.307s][info][gc,phases,start] GC(199) Marking Phase
[123.311s][info][gc,phases      ] GC(199) Marking Phase 4.081ms
[123.311s][info][gc,phases,start] GC(199) Summary Phase
[123.311s][info][gc,phases      ] GC(199) Summary Phase 0.009ms
[123.311s][info][gc,phases,start] GC(199) Adjust Roots
[123.312s][info][gc,phases      ] GC(199) Adjust Roots 1.130ms
[123.312s][info][gc,phases,start] GC(199) Compaction Phase
[123.313s][info][gc,phases      ] GC(199) Compaction Phase 1.307ms
[123.313s][info][gc,phases,start] GC(199) Post Compact
[123.314s][info][gc,phases      ] GC(199) Post Compact 0.508ms
[123.314s][info][gc,heap        ] GC(199) PSYoungGen: 45280K(2724352K)->0K(2724352K) Eden: 0K(2661888K)->0K(2661888K) From: 45280K(62464K)->0K(62464K)
[123.314s][info][gc,heap        ] GC(199) ParOldGen: 16342K(5592576K)->3806K(5592576K)
[123.314s][info][gc,metaspace   ] GC(199) Metaspace: 9188K(9472K)->9188K(9472K) NonClass: 8006K(8128K)->8006K(8128K) Class: 1182K(1344K)->1182K(1344K)
[123.314s][info][gc             ] GC(199) Pause Full (System.gc()) 60M->3M(8122M) 7.174ms
[123.314s][info][gc,cpu         ] GC(199) User=0.00s Sys=0.00s Real=0.01s
[123.787s][info][gc,start       ] GC(200) Pause Young (Allocation Failure)
[123.791s][info][gc,heap        ] GC(200) PSYoungGen: 2661888K(2724352K)->7616K(2728960K) Eden: 2661888K(2661888K)->0K(2661888K) From: 0K(62464K)->7616K(67072K)
[123.791s][info][gc,heap        ] GC(200) ParOldGen: 3806K(5592576K)->3806K(5592576K)
[123.791s][info][gc,metaspace   ] GC(200) Metaspace: 9191K(9472K)->9191K(9472K) NonClass: 8009K(8128K)->8009K(8128K) Class: 1182K(1344K)->1182K(1344K)
[123.791s][info][gc             ] GC(200) Pause Young (Allocation Failure) 2603M->11M(8126M) 3.836ms
[123.791s][info][gc,cpu         ] GC(200) User=0.02s Sys=0.00s Real=0.01s
[124.736s][info][gc,start       ] GC(201) Pause Young (Allocation Failure)
[124.744s][info][gc,heap        ] GC(201) PSYoungGen: 2669504K(2728960K)->15808K(2733568K) Eden: 2661888K(2661888K)->0K(2668032K) From: 7616K(67072K)->15808K(65536K)
[124.744s][info][gc,heap        ] GC(201) ParOldGen: 3806K(5592576K)->3854K(5592576K)
[124.744s][info][gc,metaspace   ] GC(201) Metaspace: 9191K(9472K)->9191K(9472K) NonClass: 8009K(8128K)->8009K(8128K) Class: 1182K(1344K)->1182K(1344K)
[124.744s][info][gc             ] GC(201) Pause Young (Allocation Failure) 2610M->19M(8131M) 7.533ms
[124.744s][info][gc,cpu         ] GC(201) User=0.00s Sys=0.00s Real=0.00s
[125.771s][info][gc,start       ] GC(202) Pause Young (System.gc())
[125.796s][info][gc,heap        ] GC(202) PSYoungGen: 2093246K(2733568K)->45184K(2713600K) Eden: 2077438K(2668032K)->0K(2668032K) From: 15808K(65536K)->45184K(45568K)
[125.796s][info][gc,heap        ] GC(202) ParOldGen: 3854K(5592576K)->16342K(5592576K)
[125.796s][info][gc,metaspace   ] GC(202) Metaspace: 9191K(9472K)->9191K(9472K) NonClass: 8009K(8128K)->8009K(8128K) Class: 1182K(1344K)->1182K(1344K)
[125.796s][info][gc             ] GC(202) Pause Young (System.gc()) 2047M->60M(8111M) 25.111ms
[125.796s][info][gc,cpu         ] GC(202) User=0.08s Sys=0.00s Real=0.01s
[125.796s][info][gc,start       ] GC(203) Pause Full (System.gc())
[125.796s][info][gc,phases,start] GC(203) Marking Phase
[125.800s][info][gc,phases      ] GC(203) Marking Phase 3.921ms
[125.800s][info][gc,phases,start] GC(203) Summary Phase
[125.800s][info][gc,phases      ] GC(203) Summary Phase 0.015ms
[125.800s][info][gc,phases,start] GC(203) Adjust Roots
[125.801s][info][gc,phases      ] GC(203) Adjust Roots 1.468ms
[125.801s][info][gc,phases,start] GC(203) Compaction Phase
[125.803s][info][gc,phases      ] GC(203) Compaction Phase 1.214ms
[125.803s][info][gc,phases,start] GC(203) Post Compact
[125.803s][info][gc,phases      ] GC(203) Post Compact 0.521ms
[125.803s][info][gc,heap        ] GC(203) PSYoungGen: 45184K(2713600K)->0K(2713600K) Eden: 0K(2668032K)->0K(2668032K) From: 45184K(45568K)->0K(45568K)
[125.803s][info][gc,heap        ] GC(203) ParOldGen: 16342K(5592576K)->3806K(5592576K)
[125.803s][info][gc,metaspace   ] GC(203) Metaspace: 9191K(9472K)->9191K(9472K) NonClass: 8009K(8128K)->8009K(8128K) Class: 1182K(1344K)->1182K(1344K)
[125.803s][info][gc             ] GC(203) Pause Full (System.gc()) 60M->3M(8111M) 7.394ms
[125.803s][info][gc,cpu         ] GC(203) User=0.00s Sys=0.00s Real=0.02s
[126.280s][info][gc,start       ] GC(204) Pause Young (Allocation Failure)
[126.284s][info][gc,heap        ] GC(204) PSYoungGen: 2668032K(2713600K)->7616K(2730496K) Eden: 2668032K(2668032K)->0K(2663424K) From: 0K(45568K)->7616K(67072K)
[126.284s][info][gc,heap        ] GC(204) ParOldGen: 3806K(5592576K)->3806K(5592576K)
[126.284s][info][gc,metaspace   ] GC(204) Metaspace: 9192K(9472K)->9192K(9472K) NonClass: 8010K(8128K)->8010K(8128K) Class: 1182K(1344K)->1182K(1344K)
[126.284s][info][gc             ] GC(204) Pause Young (Allocation Failure) 2609M->11M(8128M) 3.636ms
[126.284s][info][gc,cpu         ] GC(204) User=0.00s Sys=0.00s Real=0.00s
[127.222s][info][gc,start       ] GC(205) Pause Young (Allocation Failure)
[127.230s][info][gc,heap        ] GC(205) PSYoungGen: 2671040K(2730496K)->15808K(2728960K) Eden: 2663424K(2663424K)->0K(2663424K) From: 7616K(67072K)->15808K(65536K)
[127.230s][info][gc,heap        ] GC(205) ParOldGen: 3806K(5592576K)->3854K(5592576K)
[127.230s][info][gc,metaspace   ] GC(205) Metaspace: 9192K(9472K)->9192K(9472K) NonClass: 8010K(8128K)->8010K(8128K) Class: 1182K(1344K)->1182K(1344K)
[127.230s][info][gc             ] GC(205) Pause Young (Allocation Failure) 2612M->19M(8126M) 7.764ms
[127.230s][info][gc,cpu         ] GC(205) User=0.00s Sys=0.00s Real=0.01s
[128.251s][info][gc,start       ] GC(206) Pause Young (System.gc())
[128.276s][info][gc,heap        ] GC(206) PSYoungGen: 2084957K(2728960K)->45216K(2724352K) Eden: 2069149K(2663424K)->0K(2661888K) From: 15808K(65536K)->45216K(62464K)
[128.276s][info][gc,heap        ] GC(206) ParOldGen: 3854K(5592576K)->16358K(5592576K)
[128.276s][info][gc,metaspace   ] GC(206) Metaspace: 9192K(9472K)->9192K(9472K) NonClass: 8010K(8128K)->8010K(8128K) Class: 1182K(1344K)->1182K(1344K)
[128.276s][info][gc             ] GC(206) Pause Young (System.gc()) 2039M->60M(8122M) 25.260ms
[128.276s][info][gc,cpu         ] GC(206) User=0.08s Sys=0.00s Real=0.02s
[128.277s][info][gc,start       ] GC(207) Pause Full (System.gc())
[128.277s][info][gc,phases,start] GC(207) Marking Phase
[128.280s][info][gc,phases      ] GC(207) Marking Phase 3.752ms
[128.280s][info][gc,phases,start] GC(207) Summary Phase
[128.280s][info][gc,phases      ] GC(207) Summary Phase 0.010ms
[128.280s][info][gc,phases,start] GC(207) Adjust Roots
[128.282s][info][gc,phases      ] GC(207) Adjust Roots 1.293ms
[128.282s][info][gc,phases,start] GC(207) Compaction Phase
[128.283s][info][gc,phases      ] GC(207) Compaction Phase 1.230ms
[128.283s][info][gc,phases,start] GC(207) Post Compact
[128.284s][info][gc,phases      ] GC(207) Post Compact 0.758ms
[128.284s][info][gc,heap        ] GC(207) PSYoungGen: 45216K(2724352K)->0K(2724352K) Eden: 0K(2661888K)->0K(2661888K) From: 45216K(62464K)->0K(62464K)
[128.284s][info][gc,heap        ] GC(207) ParOldGen: 16358K(5592576K)->3806K(5592576K)
[128.284s][info][gc,metaspace   ] GC(207) Metaspace: 9192K(9472K)->9192K(9472K) NonClass: 8010K(8128K)->8010K(8128K) Class: 1182K(1344K)->1182K(1344K)
[128.284s][info][gc             ] GC(207) Pause Full (System.gc()) 60M->3M(8122M) 7.293ms
[128.284s][info][gc,cpu         ] GC(207) User=0.00s Sys=0.00s Real=0.02s
[128.760s][info][gc,start       ] GC(208) Pause Young (Allocation Failure)
[128.763s][info][gc,heap        ] GC(208) PSYoungGen: 2661888K(2724352K)->7648K(2728960K) Eden: 2661888K(2661888K)->0K(2661888K) From: 0K(62464K)->7648K(67072K)
[128.763s][info][gc,heap        ] GC(208) ParOldGen: 3806K(5592576K)->3806K(5592576K)
[128.763s][info][gc,metaspace   ] GC(208) Metaspace: 9195K(9472K)->9195K(9472K) NonClass: 8013K(8128K)->8013K(8128K) Class: 1182K(1344K)->1182K(1344K)
[128.763s][info][gc             ] GC(208) Pause Young (Allocation Failure) 2603M->11M(8126M) 3.641ms
[128.763s][info][gc,cpu         ] GC(208) User=0.00s Sys=0.00s Real=0.00s
[129.706s][info][gc,start       ] GC(209) Pause Young (Allocation Failure)
[129.714s][info][gc,heap        ] GC(209) PSYoungGen: 2669536K(2728960K)->15840K(2733568K) Eden: 2661888K(2661888K)->0K(2668032K) From: 7648K(67072K)->15840K(65536K)
[129.714s][info][gc,heap        ] GC(209) ParOldGen: 3806K(5592576K)->3854K(5592576K)
[129.714s][info][gc,metaspace   ] GC(209) Metaspace: 9196K(9472K)->9196K(9472K) NonClass: 8014K(8128K)->8014K(8128K) Class: 1182K(1344K)->1182K(1344K)
[129.714s][info][gc             ] GC(209) Pause Young (Allocation Failure) 2610M->19M(8131M) 7.808ms
[129.714s][info][gc,cpu         ] GC(209) User=0.02s Sys=0.00s Real=0.01s
[130.738s][info][gc,start       ] GC(210) Pause Young (System.gc())
[130.763s][info][gc,heap        ] GC(210) PSYoungGen: 2095733K(2733568K)->45216K(2713600K) Eden: 2079892K(2668032K)->0K(2668032K) From: 15840K(65536K)->45216K(45568K)
[130.763s][info][gc,heap        ] GC(210) ParOldGen: 3854K(5592576K)->16358K(5592576K)
[130.763s][info][gc,metaspace   ] GC(210) Metaspace: 9196K(9472K)->9196K(9472K) NonClass: 8014K(8128K)->8014K(8128K) Class: 1182K(1344K)->1182K(1344K)
[130.763s][info][gc             ] GC(210) Pause Young (System.gc()) 2050M->60M(8111M) 25.156ms
[130.763s][info][gc,cpu         ] GC(210) User=0.08s Sys=0.00s Real=0.02s
[130.763s][info][gc,start       ] GC(211) Pause Full (System.gc())
[130.763s][info][gc,phases,start] GC(211) Marking Phase
[130.767s][info][gc,phases      ] GC(211) Marking Phase 3.810ms
[130.767s][info][gc,phases,start] GC(211) Summary Phase
[130.767s][info][gc,phases      ] GC(211) Summary Phase 0.014ms
[130.767s][info][gc,phases,start] GC(211) Adjust Roots
[130.769s][info][gc,phases      ] GC(211) Adjust Roots 1.814ms
[130.769s][info][gc,phases,start] GC(211) Compaction Phase
[130.771s][info][gc,phases      ] GC(211) Compaction Phase 1.573ms
[130.771s][info][gc,phases,start] GC(211) Post Compact
[130.771s][info][gc,phases      ] GC(211) Post Compact 0.510ms
[130.771s][info][gc,heap        ] GC(211) PSYoungGen: 45216K(2713600K)->0K(2713600K) Eden: 0K(2668032K)->0K(2668032K) From: 45216K(45568K)->0K(45568K)
[130.771s][info][gc,heap        ] GC(211) ParOldGen: 16358K(5592576K)->3806K(5592576K)
[130.771s][info][gc,metaspace   ] GC(211) Metaspace: 9196K(9472K)->9196K(9472K) NonClass: 8014K(8128K)->8014K(8128K) Class: 1182K(1344K)->1182K(1344K)
[130.771s][info][gc             ] GC(211) Pause Full (System.gc()) 60M->3M(8111M) 7.938ms
[130.771s][info][gc,cpu         ] GC(211) User=0.02s Sys=0.00s Real=0.01s
[131.251s][info][gc,start       ] GC(212) Pause Young (Allocation Failure)
[131.255s][info][gc,heap        ] GC(212) PSYoungGen: 2668032K(2713600K)->7744K(2730496K) Eden: 2668032K(2668032K)->0K(2663424K) From: 0K(45568K)->7744K(67072K)
[131.255s][info][gc,heap        ] GC(212) ParOldGen: 3806K(5592576K)->3806K(5592576K)
[131.255s][info][gc,metaspace   ] GC(212) Metaspace: 9196K(9472K)->9196K(9472K) NonClass: 8014K(8128K)->8014K(8128K) Class: 1182K(1344K)->1182K(1344K)
[131.255s][info][gc             ] GC(212) Pause Young (Allocation Failure) 2609M->11M(8128M) 3.642ms
[131.255s][info][gc,cpu         ] GC(212) User=0.02s Sys=0.00s Real=0.00s
[132.200s][info][gc,start       ] GC(213) Pause Young (Allocation Failure)
[132.208s][info][gc,heap        ] GC(213) PSYoungGen: 2671168K(2730496K)->15904K(2728960K) Eden: 2663424K(2663424K)->0K(2663424K) From: 7744K(67072K)->15904K(65536K)
[132.208s][info][gc,heap        ] GC(213) ParOldGen: 3806K(5592576K)->3854K(5592576K)
[132.208s][info][gc,metaspace   ] GC(213) Metaspace: 9196K(9472K)->9196K(9472K) NonClass: 8014K(8128K)->8014K(8128K) Class: 1182K(1344K)->1182K(1344K)
[132.208s][info][gc             ] GC(213) Pause Young (Allocation Failure) 2612M->19M(8126M) 7.704ms
[132.208s][info][gc,cpu         ] GC(213) User=0.00s Sys=0.00s Real=0.00s
[133.225s][info][gc,start       ] GC(214) Pause Young (System.gc())
[133.251s][info][gc,heap        ] GC(214) PSYoungGen: 2041382K(2728960K)->45216K(2724352K) Eden: 2025477K(2663424K)->0K(2661888K) From: 15904K(65536K)->45216K(62464K)
[133.251s][info][gc,heap        ] GC(214) ParOldGen: 3854K(5592576K)->16350K(5592576K)
[133.251s][info][gc,metaspace   ] GC(214) Metaspace: 9196K(9472K)->9196K(9472K) NonClass: 8014K(8128K)->8014K(8128K) Class: 1182K(1344K)->1182K(1344K)
[133.251s][info][gc             ] GC(214) Pause Young (System.gc()) 1997M->60M(8122M) 25.497ms
[133.251s][info][gc,cpu         ] GC(214) User=0.11s Sys=0.00s Real=0.03s
[133.251s][info][gc,start       ] GC(215) Pause Full (System.gc())
[133.251s][info][gc,phases,start] GC(215) Marking Phase
[133.255s][info][gc,phases      ] GC(215) Marking Phase 3.889ms
[133.255s][info][gc,phases,start] GC(215) Summary Phase
[133.255s][info][gc,phases      ] GC(215) Summary Phase 0.010ms
[133.255s][info][gc,phases,start] GC(215) Adjust Roots
[133.256s][info][gc,phases      ] GC(215) Adjust Roots 1.462ms
[133.256s][info][gc,phases,start] GC(215) Compaction Phase
[133.258s][info][gc,phases      ] GC(215) Compaction Phase 1.576ms
[133.258s][info][gc,phases,start] GC(215) Post Compact
[133.258s][info][gc,phases      ] GC(215) Post Compact 0.552ms
[133.258s][info][gc,heap        ] GC(215) PSYoungGen: 45216K(2724352K)->0K(2724352K) Eden: 0K(2661888K)->0K(2661888K) From: 45216K(62464K)->0K(62464K)
[133.258s][info][gc,heap        ] GC(215) ParOldGen: 16350K(5592576K)->3806K(5592576K)
[133.258s][info][gc,metaspace   ] GC(215) Metaspace: 9196K(9472K)->9196K(9472K) NonClass: 8014K(8128K)->8014K(8128K) Class: 1182K(1344K)->1182K(1344K)
[133.258s][info][gc             ] GC(215) Pause Full (System.gc()) 60M->3M(8122M) 7.652ms
[133.258s][info][gc,cpu         ] GC(215) User=0.00s Sys=0.00s Real=0.00s
[133.734s][info][gc,start       ] GC(216) Pause Young (Allocation Failure)
[133.737s][info][gc,heap        ] GC(216) PSYoungGen: 2661888K(2724352K)->7616K(2728960K) Eden: 2661888K(2661888K)->0K(2661888K) From: 0K(62464K)->7616K(67072K)
[133.737s][info][gc,heap        ] GC(216) ParOldGen: 3806K(5592576K)->3806K(5592576K)
[133.737s][info][gc,metaspace   ] GC(216) Metaspace: 9196K(9472K)->9196K(9472K) NonClass: 8014K(8128K)->8014K(8128K) Class: 1182K(1344K)->1182K(1344K)
[133.737s][info][gc             ] GC(216) Pause Young (Allocation Failure) 2603M->11M(8126M) 3.691ms
[133.737s][info][gc,cpu         ] GC(216) User=0.00s Sys=0.00s Real=0.00s
[134.682s][info][gc,start       ] GC(217) Pause Young (Allocation Failure)
[134.689s][info][gc,heap        ] GC(217) PSYoungGen: 2669504K(2728960K)->15904K(2733568K) Eden: 2661888K(2661888K)->0K(2668032K) From: 7616K(67072K)->15904K(65536K)
[134.689s][info][gc,heap        ] GC(217) ParOldGen: 3806K(5592576K)->3854K(5592576K)
[134.689s][info][gc,metaspace   ] GC(217) Metaspace: 9196K(9472K)->9196K(9472K) NonClass: 8014K(8128K)->8014K(8128K) Class: 1182K(1344K)->1182K(1344K)
[134.689s][info][gc             ] GC(217) Pause Young (Allocation Failure) 2610M->19M(8131M) 7.744ms
[134.689s][info][gc,cpu         ] GC(217) User=0.02s Sys=0.00s Real=0.02s
[135.713s][info][gc,start       ] GC(218) Pause Young (System.gc())
[135.738s][info][gc,heap        ] GC(218) PSYoungGen: 2074854K(2733568K)->45216K(2713600K) Eden: 2058950K(2668032K)->0K(2668032K) From: 15904K(65536K)->45216K(45568K)
[135.738s][info][gc,heap        ] GC(218) ParOldGen: 3854K(5592576K)->16350K(5592576K)
[135.738s][info][gc,metaspace   ] GC(218) Metaspace: 9196K(9472K)->9196K(9472K) NonClass: 8014K(8128K)->8014K(8128K) Class: 1182K(1344K)->1182K(1344K)
[135.738s][info][gc             ] GC(218) Pause Young (System.gc()) 2029M->60M(8111M) 24.939ms
[135.738s][info][gc,cpu         ] GC(218) User=0.08s Sys=0.00s Real=0.03s
[135.738s][info][gc,start       ] GC(219) Pause Full (System.gc())
[135.738s][info][gc,phases,start] GC(219) Marking Phase
[135.742s][info][gc,phases      ] GC(219) Marking Phase 4.158ms
[135.742s][info][gc,phases,start] GC(219) Summary Phase
[135.742s][info][gc,phases      ] GC(219) Summary Phase 0.010ms
[135.742s][info][gc,phases,start] GC(219) Adjust Roots
[135.744s][info][gc,phases      ] GC(219) Adjust Roots 1.391ms
[135.744s][info][gc,phases,start] GC(219) Compaction Phase
[135.745s][info][gc,phases      ] GC(219) Compaction Phase 1.111ms
[135.745s][info][gc,phases,start] GC(219) Post Compact
[135.746s][info][gc,phases      ] GC(219) Post Compact 0.512ms
[135.746s][info][gc,heap        ] GC(219) PSYoungGen: 45216K(2713600K)->0K(2713600K) Eden: 0K(2668032K)->0K(2668032K) From: 45216K(45568K)->0K(45568K)
[135.746s][info][gc,heap        ] GC(219) ParOldGen: 16350K(5592576K)->3806K(5592576K)
[135.746s][info][gc,metaspace   ] GC(219) Metaspace: 9196K(9472K)->9196K(9472K) NonClass: 8014K(8128K)->8014K(8128K) Class: 1182K(1344K)->1182K(1344K)
[135.746s][info][gc             ] GC(219) Pause Full (System.gc()) 60M->3M(8111M) 7.353ms
[135.746s][info][gc,cpu         ] GC(219) User=0.00s Sys=0.00s Real=0.01s
[136.233s][info][gc,start       ] GC(220) Pause Young (Allocation Failure)
[136.236s][info][gc,heap        ] GC(220) PSYoungGen: 2668032K(2713600K)->7648K(2730496K) Eden: 2668032K(2668032K)->0K(2663424K) From: 0K(45568K)->7648K(67072K)
[136.236s][info][gc,heap        ] GC(220) ParOldGen: 3806K(5592576K)->3806K(5592576K)
[136.236s][info][gc,metaspace   ] GC(220) Metaspace: 9196K(9472K)->9196K(9472K) NonClass: 8014K(8128K)->8014K(8128K) Class: 1182K(1344K)->1182K(1344K)
[136.236s][info][gc             ] GC(220) Pause Young (Allocation Failure) 2609M->11M(8128M) 3.442ms
[136.237s][info][gc,cpu         ] GC(220) User=0.02s Sys=0.00s Real=0.01s
[137.173s][info][gc,start       ] GC(221) Pause Young (Allocation Failure)
[137.180s][info][gc,heap        ] GC(221) PSYoungGen: 2671072K(2730496K)->15872K(2728960K) Eden: 2663424K(2663424K)->0K(2663424K) From: 7648K(67072K)->15872K(65536K)
[137.180s][info][gc,heap        ] GC(221) ParOldGen: 3806K(5592576K)->3854K(5592576K)
[137.180s][info][gc,metaspace   ] GC(221) Metaspace: 9196K(9472K)->9196K(9472K) NonClass: 8014K(8128K)->8014K(8128K) Class: 1182K(1344K)->1182K(1344K)
[137.180s][info][gc             ] GC(221) Pause Young (Allocation Failure) 2612M->19M(8126M) 7.533ms
[137.180s][info][gc,cpu         ] GC(221) User=0.00s Sys=0.00s Real=0.00s
[138.209s][info][gc,start       ] GC(222) Pause Young (System.gc())
[138.234s][info][gc,heap        ] GC(222) PSYoungGen: 2086360K(2728960K)->45248K(2724352K) Eden: 2070488K(2663424K)->0K(2661888K) From: 15872K(65536K)->45248K(62464K)
[138.234s][info][gc,heap        ] GC(222) ParOldGen: 3854K(5592576K)->16358K(5592576K)
[138.234s][info][gc,metaspace   ] GC(222) Metaspace: 9196K(9472K)->9196K(9472K) NonClass: 8014K(8128K)->8014K(8128K) Class: 1182K(1344K)->1182K(1344K)
[138.234s][info][gc             ] GC(222) Pause Young (System.gc()) 2041M->60M(8122M) 25.423ms
[138.234s][info][gc,cpu         ] GC(222) User=0.06s Sys=0.00s Real=0.02s
[138.234s][info][gc,start       ] GC(223) Pause Full (System.gc())
[138.234s][info][gc,phases,start] GC(223) Marking Phase
[138.238s][info][gc,phases      ] GC(223) Marking Phase 3.903ms
[138.238s][info][gc,phases,start] GC(223) Summary Phase
[138.238s][info][gc,phases      ] GC(223) Summary Phase 0.010ms
[138.238s][info][gc,phases,start] GC(223) Adjust Roots
[138.240s][info][gc,phases      ] GC(223) Adjust Roots 1.169ms
[138.240s][info][gc,phases,start] GC(223) Compaction Phase
[138.241s][info][gc,phases      ] GC(223) Compaction Phase 1.270ms
[138.241s][info][gc,phases,start] GC(223) Post Compact
[138.241s][info][gc,phases      ] GC(223) Post Compact 0.531ms
[138.241s][info][gc,heap        ] GC(223) PSYoungGen: 45248K(2724352K)->0K(2724352K) Eden: 0K(2661888K)->0K(2661888K) From: 45248K(62464K)->0K(62464K)
[138.241s][info][gc,heap        ] GC(223) ParOldGen: 16358K(5592576K)->3806K(5592576K)
[138.241s][info][gc,metaspace   ] GC(223) Metaspace: 9196K(9472K)->9196K(9472K) NonClass: 8014K(8128K)->8014K(8128K) Class: 1182K(1344K)->1182K(1344K)
[138.241s][info][gc             ] GC(223) Pause Full (System.gc()) 60M->3M(8122M) 7.089ms
[138.242s][info][gc,cpu         ] GC(223) User=0.00s Sys=0.00s Real=0.02s
[138.714s][info][gc,start       ] GC(224) Pause Young (Allocation Failure)
[138.717s][info][gc,heap        ] GC(224) PSYoungGen: 2661888K(2724352K)->7648K(2728960K) Eden: 2661888K(2661888K)->0K(2661888K) From: 0K(62464K)->7648K(67072K)
[138.717s][info][gc,heap        ] GC(224) ParOldGen: 3806K(5592576K)->3806K(5592576K)
[138.717s][info][gc,metaspace   ] GC(224) Metaspace: 9196K(9472K)->9196K(9472K) NonClass: 8014K(8128K)->8014K(8128K) Class: 1182K(1344K)->1182K(1344K)
[138.717s][info][gc             ] GC(224) Pause Young (Allocation Failure) 2603M->11M(8126M) 3.655ms
[138.717s][info][gc,cpu         ] GC(224) User=0.00s Sys=0.00s Real=0.00s
[139.660s][info][gc,start       ] GC(225) Pause Young (Allocation Failure)
[139.668s][info][gc,heap        ] GC(225) PSYoungGen: 2669536K(2728960K)->15872K(2733568K) Eden: 2661888K(2661888K)->0K(2668032K) From: 7648K(67072K)->15872K(65536K)
[139.668s][info][gc,heap        ] GC(225) ParOldGen: 3806K(5592576K)->3854K(5592576K)
[139.668s][info][gc,metaspace   ] GC(225) Metaspace: 9196K(9472K)->9196K(9472K) NonClass: 8014K(8128K)->8014K(8128K) Class: 1182K(1344K)->1182K(1344K)
[139.668s][info][gc             ] GC(225) Pause Young (Allocation Failure) 2610M->19M(8131M) 7.559ms
[139.668s][info][gc,cpu         ] GC(225) User=0.02s Sys=0.00s Real=0.02s
[140.687s][info][gc,start       ] GC(226) Pause Young (System.gc())
[140.713s][info][gc,heap        ] GC(226) PSYoungGen: 2066512K(2733568K)->45216K(2713600K) Eden: 2050640K(2668032K)->0K(2668032K) From: 15872K(65536K)->45216K(45568K)
[140.713s][info][gc,heap        ] GC(226) ParOldGen: 3854K(5592576K)->16350K(5592576K)
[140.713s][info][gc,metaspace   ] GC(226) Metaspace: 9196K(9472K)->9196K(9472K) NonClass: 8014K(8128K)->8014K(8128K) Class: 1182K(1344K)->1182K(1344K)
[140.713s][info][gc             ] GC(226) Pause Young (System.gc()) 2021M->60M(8111M) 25.693ms
[140.713s][info][gc,cpu         ] GC(226) User=0.09s Sys=0.00s Real=0.03s
[140.713s][info][gc,start       ] GC(227) Pause Full (System.gc())
[140.713s][info][gc,phases,start] GC(227) Marking Phase
[140.717s][info][gc,phases      ] GC(227) Marking Phase 3.987ms
[140.717s][info][gc,phases,start] GC(227) Summary Phase
[140.717s][info][gc,phases      ] GC(227) Summary Phase 0.009ms
[140.717s][info][gc,phases,start] GC(227) Adjust Roots
[140.719s][info][gc,phases      ] GC(227) Adjust Roots 1.378ms
[140.719s][info][gc,phases,start] GC(227) Compaction Phase
[140.720s][info][gc,phases      ] GC(227) Compaction Phase 1.472ms
[140.720s][info][gc,phases,start] GC(227) Post Compact
[140.721s][info][gc,phases      ] GC(227) Post Compact 0.603ms
[140.721s][info][gc,heap        ] GC(227) PSYoungGen: 45216K(2713600K)->0K(2713600K) Eden: 0K(2668032K)->0K(2668032K) From: 45216K(45568K)->0K(45568K)
[140.721s][info][gc,heap        ] GC(227) ParOldGen: 16350K(5592576K)->3806K(5592576K)
[140.721s][info][gc,metaspace   ] GC(227) Metaspace: 9196K(9472K)->9196K(9472K) NonClass: 8014K(8128K)->8014K(8128K) Class: 1182K(1344K)->1182K(1344K)
[140.721s][info][gc             ] GC(227) Pause Full (System.gc()) 60M->3M(8111M) 7.643ms
[140.721s][info][gc,cpu         ] GC(227) User=0.00s Sys=0.00s Real=0.02s
[141.199s][info][gc,start       ] GC(228) Pause Young (Allocation Failure)
[141.203s][info][gc,heap        ] GC(228) PSYoungGen: 2668032K(2713600K)->7680K(2730496K) Eden: 2668032K(2668032K)->0K(2663424K) From: 0K(45568K)->7680K(67072K)
[141.203s][info][gc,heap        ] GC(228) ParOldGen: 3806K(5592576K)->3806K(5592576K)
[141.203s][info][gc,metaspace   ] GC(228) Metaspace: 9196K(9472K)->9196K(9472K) NonClass: 8014K(8128K)->8014K(8128K) Class: 1182K(1344K)->1182K(1344K)
[141.203s][info][gc             ] GC(228) Pause Young (Allocation Failure) 2609M->11M(8128M) 3.791ms
[141.203s][info][gc,cpu         ] GC(228) User=0.00s Sys=0.00s Real=0.00s
[142.147s][info][gc,start       ] GC(229) Pause Young (Allocation Failure)
[142.155s][info][gc,heap        ] GC(229) PSYoungGen: 2671104K(2730496K)->15904K(2728960K) Eden: 2663424K(2663424K)->0K(2663424K) From: 7680K(67072K)->15904K(65536K)
[142.155s][info][gc,heap        ] GC(229) ParOldGen: 3806K(5592576K)->3854K(5592576K)
[142.155s][info][gc,metaspace   ] GC(229) Metaspace: 9196K(9472K)->9196K(9472K) NonClass: 8014K(8128K)->8014K(8128K) Class: 1182K(1344K)->1182K(1344K)
[142.155s][info][gc             ] GC(229) Pause Young (Allocation Failure) 2612M->19M(8126M) 7.739ms
[142.155s][info][gc,cpu         ] GC(229) User=0.02s Sys=0.00s Real=0.02s
[143.172s][info][gc,start       ] GC(230) Pause Young (System.gc())
[143.197s][info][gc,heap        ] GC(230) PSYoungGen: 2062610K(2728960K)->45248K(2724352K) Eden: 2046706K(2663424K)->0K(2661888K) From: 15904K(65536K)->45248K(62464K)
[143.197s][info][gc,heap        ] GC(230) ParOldGen: 3854K(5592576K)->16358K(5592576K)
[143.197s][info][gc,metaspace   ] GC(230) Metaspace: 9196K(9472K)->9196K(9472K) NonClass: 8014K(8128K)->8014K(8128K) Class: 1182K(1344K)->1182K(1344K)
[143.197s][info][gc             ] GC(230) Pause Young (System.gc()) 2018M->60M(8122M) 24.960ms
[143.197s][info][gc,cpu         ] GC(230) User=0.08s Sys=0.00s Real=0.02s
[143.197s][info][gc,start       ] GC(231) Pause Full (System.gc())
[143.197s][info][gc,phases,start] GC(231) Marking Phase
[143.201s][info][gc,phases      ] GC(231) Marking Phase 3.968ms
[143.201s][info][gc,phases,start] GC(231) Summary Phase
[143.201s][info][gc,phases      ] GC(231) Summary Phase 0.009ms
[143.201s][info][gc,phases,start] GC(231) Adjust Roots
[143.202s][info][gc,phases      ] GC(231) Adjust Roots 1.304ms
[143.203s][info][gc,phases,start] GC(231) Compaction Phase
[143.204s][info][gc,phases      ] GC(231) Compaction Phase 1.187ms
[143.204s][info][gc,phases,start] GC(231) Post Compact
[143.204s][info][gc,phases      ] GC(231) Post Compact 0.767ms
[143.205s][info][gc,heap        ] GC(231) PSYoungGen: 45248K(2724352K)->0K(2724352K) Eden: 0K(2661888K)->0K(2661888K) From: 45248K(62464K)->0K(62464K)
[143.205s][info][gc,heap        ] GC(231) ParOldGen: 16358K(5592576K)->3806K(5592576K)
[143.205s][info][gc,metaspace   ] GC(231) Metaspace: 9196K(9472K)->9196K(9472K) NonClass: 8014K(8128K)->8014K(8128K) Class: 1182K(1344K)->1182K(1344K)
[143.205s][info][gc             ] GC(231) Pause Full (System.gc()) 60M->3M(8122M) 7.441ms
[143.205s][info][gc,cpu         ] GC(231) User=0.00s Sys=0.00s Real=0.02s
[143.678s][info][gc,start       ] GC(232) Pause Young (Allocation Failure)
[143.681s][info][gc,heap        ] GC(232) PSYoungGen: 2661888K(2724352K)->7616K(2728960K) Eden: 2661888K(2661888K)->0K(2661888K) From: 0K(62464K)->7616K(67072K)
[143.681s][info][gc,heap        ] GC(232) ParOldGen: 3806K(5592576K)->3806K(5592576K)
[143.681s][info][gc,metaspace   ] GC(232) Metaspace: 9196K(9472K)->9196K(9472K) NonClass: 8014K(8128K)->8014K(8128K) Class: 1182K(1344K)->1182K(1344K)
[143.681s][info][gc             ] GC(232) Pause Young (Allocation Failure) 2603M->11M(8126M) 3.450ms
[143.681s][info][gc,cpu         ] GC(232) User=0.00s Sys=0.00s Real=0.00s
[144.619s][info][gc,start       ] GC(233) Pause Young (Allocation Failure)
[144.627s][info][gc,heap        ] GC(233) PSYoungGen: 2669504K(2728960K)->15808K(2733568K) Eden: 2661888K(2661888K)->0K(2668032K) From: 7616K(67072K)->15808K(65536K)
[144.627s][info][gc,heap        ] GC(233) ParOldGen: 3806K(5592576K)->3854K(5592576K)
[144.627s][info][gc,metaspace   ] GC(233) Metaspace: 9196K(9472K)->9196K(9472K) NonClass: 8014K(8128K)->8014K(8128K) Class: 1182K(1344K)->1182K(1344K)
[144.627s][info][gc             ] GC(233) Pause Young (Allocation Failure) 2610M->19M(8131M) 7.329ms
[144.627s][info][gc,cpu         ] GC(233) User=0.00s Sys=0.00s Real=0.00s
[145.651s][info][gc,start       ] GC(234) Pause Young (System.gc())
[145.678s][info][gc,heap        ] GC(234) PSYoungGen: 2095981K(2733568K)->45216K(2713600K) Eden: 2080173K(2668032K)->0K(2668032K) From: 15808K(65536K)->45216K(45568K)
[145.678s][info][gc,heap        ] GC(234) ParOldGen: 3854K(5592576K)->16350K(5592576K)
[145.678s][info][gc,metaspace   ] GC(234) Metaspace: 9196K(9472K)->9196K(9472K) NonClass: 8014K(8128K)->8014K(8128K) Class: 1182K(1344K)->1182K(1344K)
[145.678s][info][gc             ] GC(234) Pause Young (System.gc()) 2050M->60M(8111M) 26.431ms
[145.678s][info][gc,cpu         ] GC(234) User=0.06s Sys=0.00s Real=0.03s
[145.678s][info][gc,start       ] GC(235) Pause Full (System.gc())
[145.678s][info][gc,phases,start] GC(235) Marking Phase
[145.682s][info][gc,phases      ] GC(235) Marking Phase 4.081ms
[145.682s][info][gc,phases,start] GC(235) Summary Phase
[145.682s][info][gc,phases      ] GC(235) Summary Phase 0.010ms
[145.682s][info][gc,phases,start] GC(235) Adjust Roots
[145.684s][info][gc,phases      ] GC(235) Adjust Roots 1.870ms
[145.684s][info][gc,phases,start] GC(235) Compaction Phase
[145.685s][info][gc,phases      ] GC(235) Compaction Phase 1.587ms
[145.686s][info][gc,phases,start] GC(235) Post Compact
[145.686s][info][gc,phases      ] GC(235) Post Compact 0.522ms
[145.686s][info][gc,heap        ] GC(235) PSYoungGen: 45216K(2713600K)->0K(2713600K) Eden: 0K(2668032K)->0K(2668032K) From: 45216K(45568K)->0K(45568K)
[145.686s][info][gc,heap        ] GC(235) ParOldGen: 16350K(5592576K)->3806K(5592576K)
[145.686s][info][gc,metaspace   ] GC(235) Metaspace: 9196K(9472K)->9196K(9472K) NonClass: 8014K(8128K)->8014K(8128K) Class: 1182K(1344K)->1182K(1344K)
[145.686s][info][gc             ] GC(235) Pause Full (System.gc()) 60M->3M(8111M) 8.281ms
[145.686s][info][gc,cpu         ] GC(235) User=0.00s Sys=0.00s Real=0.00s
[146.161s][info][gc,start       ] GC(236) Pause Young (Allocation Failure)
[146.165s][info][gc,heap        ] GC(236) PSYoungGen: 2668032K(2713600K)->7616K(2730496K) Eden: 2668032K(2668032K)->0K(2663424K) From: 0K(45568K)->7616K(67072K)
[146.165s][info][gc,heap        ] GC(236) ParOldGen: 3806K(5592576K)->3806K(5592576K)
[146.165s][info][gc,metaspace   ] GC(236) Metaspace: 9196K(9472K)->9196K(9472K) NonClass: 8014K(8128K)->8014K(8128K) Class: 1182K(1344K)->1182K(1344K)
[146.165s][info][gc             ] GC(236) Pause Young (Allocation Failure) 2609M->11M(8128M) 3.701ms
[146.165s][info][gc,cpu         ] GC(236) User=0.00s Sys=0.00s Real=0.00s
[147.104s][info][gc,start       ] GC(237) Pause Young (Allocation Failure)
[147.111s][info][gc,heap        ] GC(237) PSYoungGen: 2671040K(2730496K)->15808K(2728960K) Eden: 2663424K(2663424K)->0K(2663424K) From: 7616K(67072K)->15808K(65536K)
[147.111s][info][gc,heap        ] GC(237) ParOldGen: 3806K(5592576K)->3854K(5592576K)
[147.111s][info][gc,metaspace   ] GC(237) Metaspace: 9196K(9472K)->9196K(9472K) NonClass: 8014K(8128K)->8014K(8128K) Class: 1182K(1344K)->1182K(1344K)
[147.111s][info][gc             ] GC(237) Pause Young (Allocation Failure) 2612M->19M(8126M) 7.411ms
[147.111s][info][gc,cpu         ] GC(237) User=0.00s Sys=0.00s Real=0.00s
[148.134s][info][gc,start       ] GC(238) Pause Young (System.gc())
[148.159s][info][gc,heap        ] GC(238) PSYoungGen: 2100099K(2728960K)->45216K(2724352K) Eden: 2084291K(2663424K)->0K(2661888K) From: 15808K(65536K)->45216K(62464K)
[148.159s][info][gc,heap        ] GC(238) ParOldGen: 3854K(5592576K)->16358K(5592576K)
[148.159s][info][gc,metaspace   ] GC(238) Metaspace: 9196K(9472K)->9196K(9472K) NonClass: 8014K(8128K)->8014K(8128K) Class: 1182K(1344K)->1182K(1344K)
[148.159s][info][gc             ] GC(238) Pause Young (System.gc()) 2054M->60M(8122M) 25.673ms
[148.159s][info][gc,cpu         ] GC(238) User=0.16s Sys=0.00s Real=0.03s
[148.159s][info][gc,start       ] GC(239) Pause Full (System.gc())
[148.159s][info][gc,phases,start] GC(239) Marking Phase
[148.163s][info][gc,phases      ] GC(239) Marking Phase 3.720ms
[148.163s][info][gc,phases,start] GC(239) Summary Phase
[148.163s][info][gc,phases      ] GC(239) Summary Phase 0.010ms
[148.163s][info][gc,phases,start] GC(239) Adjust Roots
[148.165s][info][gc,phases      ] GC(239) Adjust Roots 1.495ms
[148.165s][info][gc,phases,start] GC(239) Compaction Phase
[148.166s][info][gc,phases      ] GC(239) Compaction Phase 1.267ms
[148.166s][info][gc,phases,start] GC(239) Post Compact
[148.166s][info][gc,phases      ] GC(239) Post Compact 0.517ms
[148.167s][info][gc,heap        ] GC(239) PSYoungGen: 45216K(2724352K)->0K(2724352K) Eden: 0K(2661888K)->0K(2661888K) From: 45216K(62464K)->0K(62464K)
[148.167s][info][gc,heap        ] GC(239) ParOldGen: 16358K(5592576K)->3806K(5592576K)
[148.167s][info][gc,metaspace   ] GC(239) Metaspace: 9196K(9472K)->9196K(9472K) NonClass: 8014K(8128K)->8014K(8128K) Class: 1182K(1344K)->1182K(1344K)
[148.167s][info][gc             ] GC(239) Pause Full (System.gc()) 60M->3M(8122M) 7.272ms
[148.167s][info][gc,cpu         ] GC(239) User=0.02s Sys=0.00s Real=0.01s
[148.645s][info][gc,start       ] GC(240) Pause Young (Allocation Failure)
[148.648s][info][gc,heap        ] GC(240) PSYoungGen: 2661888K(2724352K)->7616K(2728960K) Eden: 2661888K(2661888K)->0K(2661888K) From: 0K(62464K)->7616K(67072K)
[148.648s][info][gc,heap        ] GC(240) ParOldGen: 3806K(5592576K)->3806K(5592576K)
[148.648s][info][gc,metaspace   ] GC(240) Metaspace: 9196K(9472K)->9196K(9472K) NonClass: 8014K(8128K)->8014K(8128K) Class: 1182K(1344K)->1182K(1344K)
[148.648s][info][gc             ] GC(240) Pause Young (Allocation Failure) 2603M->11M(8126M) 3.792ms
[148.648s][info][gc,cpu         ] GC(240) User=0.00s Sys=0.00s Real=0.00s
[149.588s][info][gc,start       ] GC(241) Pause Young (Allocation Failure)
[149.596s][info][gc,heap        ] GC(241) PSYoungGen: 2669504K(2728960K)->15808K(2733568K) Eden: 2661888K(2661888K)->0K(2668032K) From: 7616K(67072K)->15808K(65536K)
[149.596s][info][gc,heap        ] GC(241) ParOldGen: 3806K(5592576K)->3854K(5592576K)
[149.596s][info][gc,metaspace   ] GC(241) Metaspace: 9199K(9472K)->9199K(9472K) NonClass: 8017K(8128K)->8017K(8128K) Class: 1182K(1344K)->1182K(1344K)
[149.596s][info][gc             ] GC(241) Pause Young (Allocation Failure) 2610M->19M(8131M) 7.456ms
[149.596s][info][gc,cpu         ] GC(241) User=0.00s Sys=0.00s Real=0.00s
[150.621s][info][gc,start       ] GC(242) Pause Young (System.gc())
[150.645s][info][gc,heap        ] GC(242) PSYoungGen: 2074949K(2733568K)->45216K(2713600K) Eden: 2059141K(2668032K)->0K(2668032K) From: 15808K(65536K)->45216K(45568K)
[150.646s][info][gc,heap        ] GC(242) ParOldGen: 3854K(5592576K)->16350K(5592576K)
[150.646s][info][gc,metaspace   ] GC(242) Metaspace: 9199K(9472K)->9199K(9472K) NonClass: 8017K(8128K)->8017K(8128K) Class: 1182K(1344K)->1182K(1344K)
[150.646s][info][gc             ] GC(242) Pause Young (System.gc()) 2030M->60M(8111M) 25.055ms
[150.646s][info][gc,cpu         ] GC(242) User=0.08s Sys=0.00s Real=0.01s
[150.646s][info][gc,start       ] GC(243) Pause Full (System.gc())
[150.646s][info][gc,phases,start] GC(243) Marking Phase
[150.650s][info][gc,phases      ] GC(243) Marking Phase 3.865ms
[150.650s][info][gc,phases,start] GC(243) Summary Phase
[150.650s][info][gc,phases      ] GC(243) Summary Phase 0.009ms
[150.650s][info][gc,phases,start] GC(243) Adjust Roots
[150.651s][info][gc,phases      ] GC(243) Adjust Roots 1.597ms
[150.651s][info][gc,phases,start] GC(243) Compaction Phase
[150.653s][info][gc,phases      ] GC(243) Compaction Phase 1.625ms
[150.653s][info][gc,phases,start] GC(243) Post Compact
[150.653s][info][gc,phases      ] GC(243) Post Compact 0.513ms
[150.653s][info][gc,heap        ] GC(243) PSYoungGen: 45216K(2713600K)->0K(2713600K) Eden: 0K(2668032K)->0K(2668032K) From: 45216K(45568K)->0K(45568K)
[150.653s][info][gc,heap        ] GC(243) ParOldGen: 16350K(5592576K)->3806K(5592576K)
[150.653s][info][gc,metaspace   ] GC(243) Metaspace: 9199K(9472K)->9199K(9472K) NonClass: 8017K(8128K)->8017K(8128K) Class: 1182K(1344K)->1182K(1344K)
[150.653s][info][gc             ] GC(243) Pause Full (System.gc()) 60M->3M(8111M) 7.797ms
[150.653s][info][gc,cpu         ] GC(243) User=0.00s Sys=0.00s Real=0.02s
[151.132s][info][gc,start       ] GC(244) Pause Young (Allocation Failure)
[151.135s][info][gc,heap        ] GC(244) PSYoungGen: 2668032K(2713600K)->7680K(2730496K) Eden: 2668032K(2668032K)->0K(2663424K) From: 0K(45568K)->7680K(67072K)
[151.135s][info][gc,heap        ] GC(244) ParOldGen: 3806K(5592576K)->3806K(5592576K)
[151.135s][info][gc,metaspace   ] GC(244) Metaspace: 9199K(9472K)->9199K(9472K) NonClass: 8017K(8128K)->8017K(8128K) Class: 1182K(1344K)->1182K(1344K)
[151.135s][info][gc             ] GC(244) Pause Young (Allocation Failure) 2609M->11M(8128M) 3.644ms
[151.135s][info][gc,cpu         ] GC(244) User=0.00s Sys=0.00s Real=0.00s
[152.082s][info][gc,start       ] GC(245) Pause Young (Allocation Failure)
[152.089s][info][gc,heap        ] GC(245) PSYoungGen: 2671104K(2730496K)->15840K(2728960K) Eden: 2663424K(2663424K)->0K(2663424K) From: 7680K(67072K)->15840K(65536K)
[152.089s][info][gc,heap        ] GC(245) ParOldGen: 3806K(5592576K)->3854K(5592576K)
[152.089s][info][gc,metaspace   ] GC(245) Metaspace: 9199K(9472K)->9199K(9472K) NonClass: 8017K(8128K)->8017K(8128K) Class: 1182K(1344K)->1182K(1344K)
[152.089s][info][gc             ] GC(245) Pause Young (Allocation Failure) 2612M->19M(8126M) 7.569ms
[152.089s][info][gc,cpu         ] GC(245) User=0.00s Sys=0.00s Real=0.00s
[153.115s][info][gc,start       ] GC(246) Pause Young (System.gc())
[153.140s][info][gc,heap        ] GC(246) PSYoungGen: 2067744K(2728960K)->45216K(2724352K) Eden: 2051904K(2663424K)->0K(2661888K) From: 15840K(65536K)->45216K(62464K)
[153.140s][info][gc,heap        ] GC(246) ParOldGen: 3854K(5592576K)->16350K(5592576K)
[153.140s][info][gc,metaspace   ] GC(246) Metaspace: 9199K(9472K)->9199K(9472K) NonClass: 8017K(8128K)->8017K(8128K) Class: 1182K(1344K)->1182K(1344K)
[153.140s][info][gc             ] GC(246) Pause Young (System.gc()) 2023M->60M(8122M) 25.304ms
[153.140s][info][gc,cpu         ] GC(246) User=0.09s Sys=0.00s Real=0.03s
[153.140s][info][gc,start       ] GC(247) Pause Full (System.gc())
[153.140s][info][gc,phases,start] GC(247) Marking Phase
[153.144s][info][gc,phases      ] GC(247) Marking Phase 4.116ms
[153.144s][info][gc,phases,start] GC(247) Summary Phase
[153.144s][info][gc,phases      ] GC(247) Summary Phase 0.010ms
[153.144s][info][gc,phases,start] GC(247) Adjust Roots
[153.146s][info][gc,phases      ] GC(247) Adjust Roots 1.252ms
[153.146s][info][gc,phases,start] GC(247) Compaction Phase
[153.147s][info][gc,phases      ] GC(247) Compaction Phase 1.185ms
[153.147s][info][gc,phases,start] GC(247) Post Compact
[153.147s][info][gc,phases      ] GC(247) Post Compact 0.515ms
[153.147s][info][gc,heap        ] GC(247) PSYoungGen: 45216K(2724352K)->0K(2724352K) Eden: 0K(2661888K)->0K(2661888K) From: 45216K(62464K)->0K(62464K)
[153.147s][info][gc,heap        ] GC(247) ParOldGen: 16350K(5592576K)->3806K(5592576K)
[153.147s][info][gc,metaspace   ] GC(247) Metaspace: 9199K(9472K)->9199K(9472K) NonClass: 8017K(8128K)->8017K(8128K) Class: 1182K(1344K)->1182K(1344K)
[153.147s][info][gc             ] GC(247) Pause Full (System.gc()) 60M->3M(8122M) 7.363ms
[153.147s][info][gc,cpu         ] GC(247) User=0.00s Sys=0.00s Real=0.02s
[153.623s][info][gc,start       ] GC(248) Pause Young (Allocation Failure)
[153.627s][info][gc,heap        ] GC(248) PSYoungGen: 2661888K(2724352K)->7648K(2728960K) Eden: 2661888K(2661888K)->0K(2661888K) From: 0K(62464K)->7648K(67072K)
[153.627s][info][gc,heap        ] GC(248) ParOldGen: 3806K(5592576K)->3806K(5592576K)
[153.627s][info][gc,metaspace   ] GC(248) Metaspace: 9199K(9472K)->9199K(9472K) NonClass: 8017K(8128K)->8017K(8128K) Class: 1182K(1344K)->1182K(1344K)
[153.627s][info][gc             ] GC(248) Pause Young (Allocation Failure) 2603M->11M(8126M) 3.763ms
[153.627s][info][gc,cpu         ] GC(248) User=0.00s Sys=0.00s Real=0.00s
[154.567s][info][gc,start       ] GC(249) Pause Young (Allocation Failure)
[154.574s][info][gc,heap        ] GC(249) PSYoungGen: 2669536K(2728960K)->15808K(2733568K) Eden: 2661888K(2661888K)->0K(2668032K) From: 7648K(67072K)->15808K(65536K)
[154.574s][info][gc,heap        ] GC(249) ParOldGen: 3806K(5592576K)->3854K(5592576K)
[154.574s][info][gc,metaspace   ] GC(249) Metaspace: 9199K(9472K)->9199K(9472K) NonClass: 8017K(8128K)->8017K(8128K) Class: 1182K(1344K)->1182K(1344K)
[154.574s][info][gc             ] GC(249) Pause Young (Allocation Failure) 2610M->19M(8131M) 7.060ms
[154.574s][info][gc,cpu         ] GC(249) User=0.00s Sys=0.00s Real=0.00s
[155.600s][info][gc,start       ] GC(250) Pause Young (System.gc())
[155.624s][info][gc,heap        ] GC(250) PSYoungGen: 2090506K(2733568K)->45216K(2713600K) Eden: 2074698K(2668032K)->0K(2668032K) From: 15808K(65536K)->45216K(45568K)
[155.624s][info][gc,heap        ] GC(250) ParOldGen: 3854K(5592576K)->16358K(5592576K)
[155.624s][info][gc,metaspace   ] GC(250) Metaspace: 9199K(9472K)->9199K(9472K) NonClass: 8017K(8128K)->8017K(8128K) Class: 1182K(1344K)->1182K(1344K)
[155.625s][info][gc             ] GC(250) Pause Young (System.gc()) 2045M->60M(8111M) 24.835ms
[155.625s][info][gc,cpu         ] GC(250) User=0.06s Sys=0.00s Real=0.02s
[155.625s][info][gc,start       ] GC(251) Pause Full (System.gc())
[155.625s][info][gc,phases,start] GC(251) Marking Phase
[155.629s][info][gc,phases      ] GC(251) Marking Phase 4.173ms
[155.629s][info][gc,phases,start] GC(251) Summary Phase
[155.629s][info][gc,phases      ] GC(251) Summary Phase 0.011ms
[155.629s][info][gc,phases,start] GC(251) Adjust Roots
[155.630s][info][gc,phases      ] GC(251) Adjust Roots 1.241ms
[155.630s][info][gc,phases,start] GC(251) Compaction Phase
[155.631s][info][gc,phases      ] GC(251) Compaction Phase 1.222ms
[155.631s][info][gc,phases,start] GC(251) Post Compact
[155.632s][info][gc,phases      ] GC(251) Post Compact 0.531ms
[155.632s][info][gc,heap        ] GC(251) PSYoungGen: 45216K(2713600K)->0K(2713600K) Eden: 0K(2668032K)->0K(2668032K) From: 45216K(45568K)->0K(45568K)
[155.632s][info][gc,heap        ] GC(251) ParOldGen: 16358K(5592576K)->3806K(5592576K)
[155.632s][info][gc,metaspace   ] GC(251) Metaspace: 9199K(9472K)->9199K(9472K) NonClass: 8017K(8128K)->8017K(8128K) Class: 1182K(1344K)->1182K(1344K)
[155.632s][info][gc             ] GC(251) Pause Full (System.gc()) 60M->3M(8111M) 7.420ms
[155.632s][info][gc,cpu         ] GC(251) User=0.02s Sys=0.00s Real=0.02s
[156.114s][info][gc,start       ] GC(252) Pause Young (Allocation Failure)
[156.118s][info][gc,heap        ] GC(252) PSYoungGen: 2668032K(2713600K)->7712K(2730496K) Eden: 2668032K(2668032K)->0K(2663424K) From: 0K(45568K)->7712K(67072K)
[156.118s][info][gc,heap        ] GC(252) ParOldGen: 3806K(5592576K)->3806K(5592576K)
[156.118s][info][gc,metaspace   ] GC(252) Metaspace: 9200K(9472K)->9200K(9472K) NonClass: 8018K(8128K)->8018K(8128K) Class: 1182K(1344K)->1182K(1344K)
[156.118s][info][gc             ] GC(252) Pause Young (Allocation Failure) 2609M->11M(8128M) 3.580ms
[156.118s][info][gc,cpu         ] GC(252) User=0.00s Sys=0.00s Real=0.00s
[157.060s][info][gc,start       ] GC(253) Pause Young (Allocation Failure)
[157.067s][info][gc,heap        ] GC(253) PSYoungGen: 2671136K(2730496K)->15872K(2728960K) Eden: 2663424K(2663424K)->0K(2663424K) From: 7712K(67072K)->15872K(65536K)
[157.067s][info][gc,heap        ] GC(253) ParOldGen: 3806K(5592576K)->3854K(5592576K)
[157.067s][info][gc,metaspace   ] GC(253) Metaspace: 9200K(9472K)->9200K(9472K) NonClass: 8018K(8128K)->8018K(8128K) Class: 1182K(1344K)->1182K(1344K)
[157.067s][info][gc             ] GC(253) Pause Young (Allocation Failure) 2612M->19M(8126M) 7.576ms
[157.067s][info][gc,cpu         ] GC(253) User=0.00s Sys=0.00s Real=0.00s
[158.083s][info][gc,start       ] GC(254) Pause Young (System.gc())
[158.108s][info][gc,heap        ] GC(254) PSYoungGen: 2050944K(2728960K)->45248K(2724352K) Eden: 2035072K(2663424K)->0K(2661888K) From: 15872K(65536K)->45248K(62464K)
[158.108s][info][gc,heap        ] GC(254) ParOldGen: 3854K(5592576K)->16350K(5592576K)
[158.108s][info][gc,metaspace   ] GC(254) Metaspace: 9202K(9472K)->9202K(9472K) NonClass: 8019K(8128K)->8019K(8128K) Class: 1182K(1344K)->1182K(1344K)
[158.109s][info][gc             ] GC(254) Pause Young (System.gc()) 2006M->60M(8122M) 25.170ms
[158.109s][info][gc,cpu         ] GC(254) User=0.09s Sys=0.00s Real=0.03s
[158.109s][info][gc,start       ] GC(255) Pause Full (System.gc())
[158.109s][info][gc,phases,start] GC(255) Marking Phase
[158.112s][info][gc,phases      ] GC(255) Marking Phase 3.748ms
[158.112s][info][gc,phases,start] GC(255) Summary Phase
[158.112s][info][gc,phases      ] GC(255) Summary Phase 0.010ms
[158.112s][info][gc,phases,start] GC(255) Adjust Roots
[158.114s][info][gc,phases      ] GC(255) Adjust Roots 1.617ms
[158.114s][info][gc,phases,start] GC(255) Compaction Phase
[158.116s][info][gc,phases      ] GC(255) Compaction Phase 1.706ms
[158.116s][info][gc,phases,start] GC(255) Post Compact
[158.116s][info][gc,phases      ] GC(255) Post Compact 0.506ms
[158.116s][info][gc,heap        ] GC(255) PSYoungGen: 45248K(2724352K)->0K(2724352K) Eden: 0K(2661888K)->0K(2661888K) From: 45248K(62464K)->0K(62464K)
[158.116s][info][gc,heap        ] GC(255) ParOldGen: 16350K(5592576K)->3806K(5592576K)
[158.116s][info][gc,metaspace   ] GC(255) Metaspace: 9202K(9472K)->9202K(9472K) NonClass: 8019K(8128K)->8019K(8128K) Class: 1182K(1344K)->1182K(1344K)
[158.116s][info][gc             ] GC(255) Pause Full (System.gc()) 60M->3M(8122M) 7.761ms
[158.116s][info][gc,cpu         ] GC(255) User=0.00s Sys=0.00s Real=0.00s
[158.591s][info][gc,start       ] GC(256) Pause Young (Allocation Failure)
[158.594s][info][gc,heap        ] GC(256) PSYoungGen: 2661888K(2724352K)->7680K(2728960K) Eden: 2661888K(2661888K)->0K(2661888K) From: 0K(62464K)->7680K(67072K)
[158.594s][info][gc,heap        ] GC(256) ParOldGen: 3806K(5592576K)->3806K(5592576K)
[158.594s][info][gc,metaspace   ] GC(256) Metaspace: 9202K(9472K)->9202K(9472K) NonClass: 8020K(8128K)->8020K(8128K) Class: 1182K(1344K)->1182K(1344K)
[158.594s][info][gc             ] GC(256) Pause Young (Allocation Failure) 2603M->11M(8126M) 3.517ms
[158.594s][info][gc,cpu         ] GC(256) User=0.00s Sys=0.00s Real=0.01s
[159.537s][info][gc,start       ] GC(257) Pause Young (Allocation Failure)
[159.544s][info][gc,heap        ] GC(257) PSYoungGen: 2669568K(2728960K)->15872K(2733568K) Eden: 2661888K(2661888K)->0K(2668032K) From: 7680K(67072K)->15872K(65536K)
[159.544s][info][gc,heap        ] GC(257) ParOldGen: 3806K(5592576K)->3846K(5592576K)
[159.544s][info][gc,metaspace   ] GC(257) Metaspace: 9202K(9472K)->9202K(9472K) NonClass: 8020K(8128K)->8020K(8128K) Class: 1182K(1344K)->1182K(1344K)
[159.544s][info][gc             ] GC(257) Pause Young (Allocation Failure) 2610M->19M(8131M) 7.489ms
[159.544s][info][gc,cpu         ] GC(257) User=0.00s Sys=0.00s Real=0.00s
[160.562s][info][gc,start       ] GC(258) Pause Young (System.gc())
[160.587s][info][gc,heap        ] GC(258) PSYoungGen: 2092272K(2733568K)->45184K(2713600K) Eden: 2076400K(2668032K)->0K(2668032K) From: 15872K(65536K)->45184K(45568K)
[160.587s][info][gc,heap        ] GC(258) ParOldGen: 3846K(5592576K)->16342K(5592576K)
[160.587s][info][gc,metaspace   ] GC(258) Metaspace: 9216K(9472K)->9216K(9472K) NonClass: 8034K(8128K)->8034K(8128K) Class: 1182K(1344K)->1182K(1344K)
[160.587s][info][gc             ] GC(258) Pause Young (System.gc()) 2046M->60M(8111M) 25.402ms
[160.587s][info][gc,cpu         ] GC(258) User=0.08s Sys=0.00s Real=0.01s
[160.587s][info][gc,start       ] GC(259) Pause Full (System.gc())
[160.587s][info][gc,phases,start] GC(259) Marking Phase
[160.591s][info][gc,phases      ] GC(259) Marking Phase 3.881ms
[160.591s][info][gc,phases,start] GC(259) Summary Phase
[160.591s][info][gc,phases      ] GC(259) Summary Phase 0.013ms
[160.591s][info][gc,phases,start] GC(259) Adjust Roots
[160.593s][info][gc,phases      ] GC(259) Adjust Roots 1.773ms
[160.593s][info][gc,phases,start] GC(259) Compaction Phase
[160.594s][info][gc,phases      ] GC(259) Compaction Phase 1.095ms
[160.594s][info][gc,phases,start] GC(259) Post Compact
[160.595s][info][gc,phases      ] GC(259) Post Compact 0.523ms
[160.595s][info][gc,heap        ] GC(259) PSYoungGen: 45184K(2713600K)->0K(2713600K) Eden: 0K(2668032K)->0K(2668032K) From: 45184K(45568K)->0K(45568K)
[160.595s][info][gc,heap        ] GC(259) ParOldGen: 16342K(5592576K)->3806K(5592576K)
[160.595s][info][gc,metaspace   ] GC(259) Metaspace: 9216K(9472K)->9216K(9472K) NonClass: 8034K(8128K)->8034K(8128K) Class: 1182K(1344K)->1182K(1344K)
[160.595s][info][gc             ] GC(259) Pause Full (System.gc()) 60M->3M(8111M) 7.490ms
[160.595s][info][gc,cpu         ] GC(259) User=0.02s Sys=0.00s Real=0.02s
[161.076s][info][gc,start       ] GC(260) Pause Young (Allocation Failure)
[161.080s][info][gc,heap        ] GC(260) PSYoungGen: 2668032K(2713600K)->7712K(2730496K) Eden: 2668032K(2668032K)->0K(2663424K) From: 0K(45568K)->7712K(67072K)
[161.080s][info][gc,heap        ] GC(260) ParOldGen: 3806K(5592576K)->3806K(5592576K)
[161.080s][info][gc,metaspace   ] GC(260) Metaspace: 9216K(9472K)->9216K(9472K) NonClass: 8034K(8128K)->8034K(8128K) Class: 1182K(1344K)->1182K(1344K)
[161.080s][info][gc             ] GC(260) Pause Young (Allocation Failure) 2609M->11M(8128M) 3.681ms
[161.080s][info][gc,cpu         ] GC(260) User=0.00s Sys=0.00s Real=0.00s
[162.022s][info][gc,start       ] GC(261) Pause Young (Allocation Failure)
[162.029s][info][gc,heap        ] GC(261) PSYoungGen: 2671136K(2730496K)->15936K(2728960K) Eden: 2663424K(2663424K)->0K(2663424K) From: 7712K(67072K)->15936K(65536K)
[162.029s][info][gc,heap        ] GC(261) ParOldGen: 3806K(5592576K)->3854K(5592576K)
[162.029s][info][gc,metaspace   ] GC(261) Metaspace: 9216K(9472K)->9216K(9472K) NonClass: 8034K(8128K)->8034K(8128K) Class: 1182K(1344K)->1182K(1344K)
[162.029s][info][gc             ] GC(261) Pause Young (Allocation Failure) 2612M->19M(8126M) 7.443ms
[162.029s][info][gc,cpu         ] GC(261) User=0.00s Sys=0.00s Real=0.00s
[163.051s][info][gc,start       ] GC(262) Pause Young (System.gc())
[163.076s][info][gc,heap        ] GC(262) PSYoungGen: 2069312K(2728960K)->45184K(2724352K) Eden: 2053376K(2663424K)->0K(2661888K) From: 15936K(65536K)->45184K(62464K)
[163.076s][info][gc,heap        ] GC(262) ParOldGen: 3854K(5592576K)->16350K(5592576K)
[163.076s][info][gc,metaspace   ] GC(262) Metaspace: 9216K(9472K)->9216K(9472K) NonClass: 8034K(8128K)->8034K(8128K) Class: 1182K(1344K)->1182K(1344K)
[163.076s][info][gc             ] GC(262) Pause Young (System.gc()) 2024M->60M(8122M) 25.284ms
[163.076s][info][gc,cpu         ] GC(262) User=0.08s Sys=0.00s Real=0.02s
[163.076s][info][gc,start       ] GC(263) Pause Full (System.gc())
[163.076s][info][gc,phases,start] GC(263) Marking Phase
[163.080s][info][gc,phases      ] GC(263) Marking Phase 3.654ms
[163.080s][info][gc,phases,start] GC(263) Summary Phase
[163.080s][info][gc,phases      ] GC(263) Summary Phase 0.009ms
[163.080s][info][gc,phases,start] GC(263) Adjust Roots
[163.081s][info][gc,phases      ] GC(263) Adjust Roots 1.140ms
[163.081s][info][gc,phases,start] GC(263) Compaction Phase
[163.083s][info][gc,phases      ] GC(263) Compaction Phase 1.289ms
[163.083s][info][gc,phases,start] GC(263) Post Compact
[163.083s][info][gc,phases      ] GC(263) Post Compact 0.510ms
[163.083s][info][gc,heap        ] GC(263) PSYoungGen: 45184K(2724352K)->0K(2724352K) Eden: 0K(2661888K)->0K(2661888K) From: 45184K(62464K)->0K(62464K)
[163.083s][info][gc,heap        ] GC(263) ParOldGen: 16350K(5592576K)->3806K(5592576K)
[163.083s][info][gc,metaspace   ] GC(263) Metaspace: 9216K(9472K)->9216K(9472K) NonClass: 8034K(8128K)->8034K(8128K) Class: 1182K(1344K)->1182K(1344K)
[163.083s][info][gc             ] GC(263) Pause Full (System.gc()) 60M->3M(8122M) 6.767ms
[163.083s][info][gc,cpu         ] GC(263) User=0.02s Sys=0.00s Real=0.02s
[163.559s][info][gc,start       ] GC(264) Pause Young (Allocation Failure)
[163.562s][info][gc,heap        ] GC(264) PSYoungGen: 2661888K(2724352K)->7680K(2728960K) Eden: 2661888K(2661888K)->0K(2661888K) From: 0K(62464K)->7680K(67072K)
[163.562s][info][gc,heap        ] GC(264) ParOldGen: 3806K(5592576K)->3806K(5592576K)
[163.562s][info][gc,metaspace   ] GC(264) Metaspace: 9216K(9472K)->9216K(9472K) NonClass: 8034K(8128K)->8034K(8128K) Class: 1182K(1344K)->1182K(1344K)
[163.562s][info][gc             ] GC(264) Pause Young (Allocation Failure) 2603M->11M(8126M) 3.573ms
[163.562s][info][gc,cpu         ] GC(264) User=0.00s Sys=0.00s Real=0.00s
[164.505s][info][gc,start       ] GC(265) Pause Young (Allocation Failure)
[164.513s][info][gc,heap        ] GC(265) PSYoungGen: 2669568K(2728960K)->15840K(2733568K) Eden: 2661888K(2661888K)->0K(2668032K) From: 7680K(67072K)->15840K(65536K)
[164.513s][info][gc,heap        ] GC(265) ParOldGen: 3806K(5592576K)->3846K(5592576K)
[164.513s][info][gc,metaspace   ] GC(265) Metaspace: 9216K(9472K)->9216K(9472K) NonClass: 8034K(8128K)->8034K(8128K) Class: 1182K(1344K)->1182K(1344K)
[164.513s][info][gc             ] GC(265) Pause Young (Allocation Failure) 2610M->19M(8131M) 7.677ms
[164.513s][info][gc,cpu         ] GC(265) User=0.00s Sys=0.00s Real=0.01s
[165.534s][info][gc,start       ] GC(266) Pause Young (System.gc())
[165.560s][info][gc,heap        ] GC(266) PSYoungGen: 2062073K(2733568K)->45248K(2713600K) Eden: 2046233K(2668032K)->0K(2668032K) From: 15840K(65536K)->45248K(45568K)
[165.560s][info][gc,heap        ] GC(266) ParOldGen: 3846K(5592576K)->16350K(5592576K)
[165.560s][info][gc,metaspace   ] GC(266) Metaspace: 9216K(9472K)->9216K(9472K) NonClass: 8034K(8128K)->8034K(8128K) Class: 1182K(1344K)->1182K(1344K)
[165.560s][info][gc             ] GC(266) Pause Young (System.gc()) 2017M->60M(8111M) 25.295ms
[165.560s][info][gc,cpu         ] GC(266) User=0.08s Sys=0.00s Real=0.02s
[165.560s][info][gc,start       ] GC(267) Pause Full (System.gc())
[165.560s][info][gc,phases,start] GC(267) Marking Phase
[165.564s][info][gc,phases      ] GC(267) Marking Phase 3.871ms
[165.564s][info][gc,phases,start] GC(267) Summary Phase
[165.564s][info][gc,phases      ] GC(267) Summary Phase 0.012ms
[165.564s][info][gc,phases,start] GC(267) Adjust Roots
[165.565s][info][gc,phases      ] GC(267) Adjust Roots 1.271ms
[165.565s][info][gc,phases,start] GC(267) Compaction Phase
[165.567s][info][gc,phases      ] GC(267) Compaction Phase 1.656ms
[165.567s][info][gc,phases,start] GC(267) Post Compact
[165.567s][info][gc,phases      ] GC(267) Post Compact 0.601ms
[165.567s][info][gc,heap        ] GC(267) PSYoungGen: 45248K(2713600K)->0K(2713600K) Eden: 0K(2668032K)->0K(2668032K) From: 45248K(45568K)->0K(45568K)
[165.567s][info][gc,heap        ] GC(267) ParOldGen: 16350K(5592576K)->3806K(5592576K)
[165.567s][info][gc,metaspace   ] GC(267) Metaspace: 9216K(9472K)->9216K(9472K) NonClass: 8034K(8128K)->8034K(8128K) Class: 1182K(1344K)->1182K(1344K)
[165.567s][info][gc             ] GC(267) Pause Full (System.gc()) 60M->3M(8111M) 7.648ms
[165.567s][info][gc,cpu         ] GC(267) User=0.00s Sys=0.00s Real=0.02s
[166.046s][info][gc,start       ] GC(268) Pause Young (Allocation Failure)
[166.049s][info][gc,heap        ] GC(268) PSYoungGen: 2668032K(2713600K)->7648K(2730496K) Eden: 2668032K(2668032K)->0K(2663424K) From: 0K(45568K)->7648K(67072K)
[166.049s][info][gc,heap        ] GC(268) ParOldGen: 3806K(5592576K)->3806K(5592576K)
[166.049s][info][gc,metaspace   ] GC(268) Metaspace: 9216K(9472K)->9216K(9472K) NonClass: 8034K(8128K)->8034K(8128K) Class: 1182K(1344K)->1182K(1344K)
[166.049s][info][gc             ] GC(268) Pause Young (Allocation Failure) 2609M->11M(8128M) 3.652ms
[166.049s][info][gc,cpu         ] GC(268) User=0.00s Sys=0.00s Real=0.00s
[166.997s][info][gc,start       ] GC(269) Pause Young (Allocation Failure)
[167.005s][info][gc,heap        ] GC(269) PSYoungGen: 2671072K(2730496K)->15840K(2728960K) Eden: 2663424K(2663424K)->0K(2663424K) From: 7648K(67072K)->15840K(65536K)
[167.005s][info][gc,heap        ] GC(269) ParOldGen: 3806K(5592576K)->3854K(5592576K)
[167.005s][info][gc,metaspace   ] GC(269) Metaspace: 9216K(9472K)->9216K(9472K) NonClass: 8034K(8128K)->8034K(8128K) Class: 1182K(1344K)->1182K(1344K)
[167.005s][info][gc             ] GC(269) Pause Young (Allocation Failure) 2612M->19M(8126M) 7.756ms
[167.005s][info][gc,cpu         ] GC(269) User=0.00s Sys=0.00s Real=0.00s
[168.028s][info][gc,start       ] GC(270) Pause Young (System.gc())
[168.056s][info][gc,heap        ] GC(270) PSYoungGen: 2061060K(2728960K)->45216K(2724352K) Eden: 2045220K(2663424K)->0K(2661888K) From: 15840K(65536K)->45216K(62464K)
[168.056s][info][gc,heap        ] GC(270) ParOldGen: 3854K(5592576K)->16342K(5592576K)
[168.056s][info][gc,metaspace   ] GC(270) Metaspace: 9216K(9472K)->9216K(9472K) NonClass: 8034K(8128K)->8034K(8128K) Class: 1182K(1344K)->1182K(1344K)
[168.056s][info][gc             ] GC(270) Pause Young (System.gc()) 2016M->60M(8122M) 28.334ms
[168.056s][info][gc,cpu         ] GC(270) User=0.03s Sys=0.00s Real=0.03s
[168.056s][info][gc,start       ] GC(271) Pause Full (System.gc())
[168.056s][info][gc,phases,start] GC(271) Marking Phase
[168.060s][info][gc,phases      ] GC(271) Marking Phase 3.835ms
[168.060s][info][gc,phases,start] GC(271) Summary Phase
[168.060s][info][gc,phases      ] GC(271) Summary Phase 0.010ms
[168.060s][info][gc,phases,start] GC(271) Adjust Roots
[168.061s][info][gc,phases      ] GC(271) Adjust Roots 1.087ms
[168.061s][info][gc,phases,start] GC(271) Compaction Phase
[168.062s][info][gc,phases      ] GC(271) Compaction Phase 1.109ms
[168.062s][info][gc,phases,start] GC(271) Post Compact
[168.063s][info][gc,phases      ] GC(271) Post Compact 0.513ms
[168.063s][info][gc,heap        ] GC(271) PSYoungGen: 45216K(2724352K)->0K(2724352K) Eden: 0K(2661888K)->0K(2661888K) From: 45216K(62464K)->0K(62464K)
[168.063s][info][gc,heap        ] GC(271) ParOldGen: 16342K(5592576K)->3806K(5592576K)
[168.063s][info][gc,metaspace   ] GC(271) Metaspace: 9216K(9472K)->9216K(9472K) NonClass: 8034K(8128K)->8034K(8128K) Class: 1182K(1344K)->1182K(1344K)
[168.063s][info][gc             ] GC(271) Pause Full (System.gc()) 60M->3M(8122M) 6.712ms
[168.063s][info][gc,cpu         ] GC(271) User=0.00s Sys=0.00s Real=0.02s
[168.535s][info][gc,start       ] GC(272) Pause Young (Allocation Failure)
[168.539s][info][gc,heap        ] GC(272) PSYoungGen: 2661888K(2724352K)->7552K(2728960K) Eden: 2661888K(2661888K)->0K(2661888K) From: 0K(62464K)->7552K(67072K)
[168.539s][info][gc,heap        ] GC(272) ParOldGen: 3806K(5592576K)->3806K(5592576K)
[168.539s][info][gc,metaspace   ] GC(272) Metaspace: 9216K(9472K)->9216K(9472K) NonClass: 8034K(8128K)->8034K(8128K) Class: 1182K(1344K)->1182K(1344K)
[168.539s][info][gc             ] GC(272) Pause Young (Allocation Failure) 2603M->11M(8126M) 3.620ms
[168.539s][info][gc,cpu         ] GC(272) User=0.00s Sys=0.00s Real=0.00s
[169.472s][info][gc,start       ] GC(273) Pause Young (Allocation Failure)
[169.480s][info][gc,heap        ] GC(273) PSYoungGen: 2669440K(2728960K)->15808K(2733568K) Eden: 2661888K(2661888K)->0K(2668032K) From: 7552K(67072K)->15808K(65536K)
[169.480s][info][gc,heap        ] GC(273) ParOldGen: 3806K(5592576K)->3854K(5592576K)
[169.480s][info][gc,metaspace   ] GC(273) Metaspace: 9216K(9472K)->9216K(9472K) NonClass: 8034K(8128K)->8034K(8128K) Class: 1182K(1344K)->1182K(1344K)
[169.480s][info][gc             ] GC(273) Pause Young (Allocation Failure) 2610M->19M(8131M) 7.689ms
[169.480s][info][gc,cpu         ] GC(273) User=0.02s Sys=0.00s Real=0.02s
[170.508s][info][gc,start       ] GC(274) Pause Young (System.gc())
[170.533s][info][gc,heap        ] GC(274) PSYoungGen: 2094861K(2733568K)->45184K(2713600K) Eden: 2079053K(2668032K)->0K(2668032K) From: 15808K(65536K)->45184K(45568K)
[170.533s][info][gc,heap        ] GC(274) ParOldGen: 3854K(5592576K)->16350K(5592576K)
[170.533s][info][gc,metaspace   ] GC(274) Metaspace: 9216K(9472K)->9216K(9472K) NonClass: 8034K(8128K)->8034K(8128K) Class: 1182K(1344K)->1182K(1344K)
[170.533s][info][gc             ] GC(274) Pause Young (System.gc()) 2049M->60M(8111M) 25.341ms
[170.533s][info][gc,cpu         ] GC(274) User=0.09s Sys=0.00s Real=0.03s
[170.533s][info][gc,start       ] GC(275) Pause Full (System.gc())
[170.533s][info][gc,phases,start] GC(275) Marking Phase
[170.537s][info][gc,phases      ] GC(275) Marking Phase 4.004ms
[170.537s][info][gc,phases,start] GC(275) Summary Phase
[170.537s][info][gc,phases      ] GC(275) Summary Phase 0.009ms
[170.537s][info][gc,phases,start] GC(275) Adjust Roots
[170.538s][info][gc,phases      ] GC(275) Adjust Roots 1.167ms
[170.538s][info][gc,phases,start] GC(275) Compaction Phase
[170.540s][info][gc,phases      ] GC(275) Compaction Phase 1.526ms
[170.540s][info][gc,phases,start] GC(275) Post Compact
[170.540s][info][gc,phases      ] GC(275) Post Compact 0.510ms
[170.540s][info][gc,heap        ] GC(275) PSYoungGen: 45184K(2713600K)->0K(2713600K) Eden: 0K(2668032K)->0K(2668032K) From: 45184K(45568K)->0K(45568K)
[170.540s][info][gc,heap        ] GC(275) ParOldGen: 16350K(5592576K)->3806K(5592576K)
[170.540s][info][gc,metaspace   ] GC(275) Metaspace: 9216K(9472K)->9216K(9472K) NonClass: 8034K(8128K)->8034K(8128K) Class: 1182K(1344K)->1182K(1344K)
[170.540s][info][gc             ] GC(275) Pause Full (System.gc()) 60M->3M(8111M) 7.345ms
[170.540s][info][gc,cpu         ] GC(275) User=0.00s Sys=0.00s Real=0.00s
[171.022s][info][gc,start       ] GC(276) Pause Young (Allocation Failure)
[171.025s][info][gc,heap        ] GC(276) PSYoungGen: 2668032K(2713600K)->7856K(2730496K) Eden: 2668032K(2668032K)->0K(2663424K) From: 0K(45568K)->7856K(67072K)
[171.026s][info][gc,heap        ] GC(276) ParOldGen: 3806K(5592576K)->3806K(5592576K)
[171.026s][info][gc,metaspace   ] GC(276) Metaspace: 9216K(9472K)->9216K(9472K) NonClass: 8034K(8128K)->8034K(8128K) Class: 1182K(1344K)->1182K(1344K)
[171.026s][info][gc             ] GC(276) Pause Young (Allocation Failure) 2609M->11M(8128M) 3.820ms
[171.026s][info][gc,cpu         ] GC(276) User=0.00s Sys=0.00s Real=0.00s
[171.964s][info][gc,start       ] GC(277) Pause Young (Allocation Failure)
[171.971s][info][gc,heap        ] GC(277) PSYoungGen: 2671280K(2730496K)->15872K(2728960K) Eden: 2663424K(2663424K)->0K(2663424K) From: 7856K(67072K)->15872K(65536K)
[171.971s][info][gc,heap        ] GC(277) ParOldGen: 3806K(5592576K)->3854K(5592576K)
[171.971s][info][gc,metaspace   ] GC(277) Metaspace: 9216K(9472K)->9216K(9472K) NonClass: 8034K(8128K)->8034K(8128K) Class: 1182K(1344K)->1182K(1344K)
[171.971s][info][gc             ] GC(277) Pause Young (Allocation Failure) 2612M->19M(8126M) 7.207ms
[171.971s][info][gc,cpu         ] GC(277) User=0.00s Sys=0.00s Real=0.00s
[172.988s][info][gc,start       ] GC(278) Pause Young (System.gc())
[173.014s][info][gc,heap        ] GC(278) PSYoungGen: 2046997K(2728960K)->45216K(2724352K) Eden: 2031125K(2663424K)->0K(2661888K) From: 15872K(65536K)->45216K(62464K)
[173.014s][info][gc,heap        ] GC(278) ParOldGen: 3854K(5592576K)->16358K(5592576K)
[173.014s][info][gc,metaspace   ] GC(278) Metaspace: 9216K(9472K)->9216K(9472K) NonClass: 8034K(8128K)->8034K(8128K) Class: 1182K(1344K)->1182K(1344K)
[173.014s][info][gc             ] GC(278) Pause Young (System.gc()) 2002M->60M(8122M) 25.259ms
[173.014s][info][gc,cpu         ] GC(278) User=0.11s Sys=0.00s Real=0.03s
[173.014s][info][gc,start       ] GC(279) Pause Full (System.gc())
[173.014s][info][gc,phases,start] GC(279) Marking Phase
[173.018s][info][gc,phases      ] GC(279) Marking Phase 3.728ms
[173.018s][info][gc,phases,start] GC(279) Summary Phase
[173.018s][info][gc,phases      ] GC(279) Summary Phase 0.009ms
[173.018s][info][gc,phases,start] GC(279) Adjust Roots
[173.019s][info][gc,phases      ] GC(279) Adjust Roots 1.505ms
[173.019s][info][gc,phases,start] GC(279) Compaction Phase
[173.020s][info][gc,phases      ] GC(279) Compaction Phase 1.208ms
[173.020s][info][gc,phases,start] GC(279) Post Compact
[173.021s][info][gc,phases      ] GC(279) Post Compact 0.590ms
[173.021s][info][gc,heap        ] GC(279) PSYoungGen: 45216K(2724352K)->0K(2724352K) Eden: 0K(2661888K)->0K(2661888K) From: 45216K(62464K)->0K(62464K)
[173.021s][info][gc,heap        ] GC(279) ParOldGen: 16358K(5592576K)->3806K(5592576K)
[173.021s][info][gc,metaspace   ] GC(279) Metaspace: 9216K(9472K)->9216K(9472K) NonClass: 8034K(8128K)->8034K(8128K) Class: 1182K(1344K)->1182K(1344K)
[173.021s][info][gc             ] GC(279) Pause Full (System.gc()) 60M->3M(8122M) 7.234ms
[173.021s][info][gc,cpu         ] GC(279) User=0.00s Sys=0.00s Real=0.00s
[173.498s][info][gc,start       ] GC(280) Pause Young (Allocation Failure)
[173.502s][info][gc,heap        ] GC(280) PSYoungGen: 2661888K(2724352K)->7680K(2728960K) Eden: 2661888K(2661888K)->0K(2661888K) From: 0K(62464K)->7680K(67072K)
[173.502s][info][gc,heap        ] GC(280) ParOldGen: 3806K(5592576K)->3806K(5592576K)
[173.502s][info][gc,metaspace   ] GC(280) Metaspace: 9217K(9472K)->9217K(9472K) NonClass: 8035K(8128K)->8035K(8128K) Class: 1182K(1344K)->1182K(1344K)
[173.502s][info][gc             ] GC(280) Pause Young (Allocation Failure) 2603M->11M(8126M) 3.644ms
[173.502s][info][gc,cpu         ] GC(280) User=0.00s Sys=0.00s Real=0.00s
[174.450s][info][gc,start       ] GC(281) Pause Young (Allocation Failure)
[174.457s][info][gc,heap        ] GC(281) PSYoungGen: 2669568K(2728960K)->15904K(2733568K) Eden: 2661888K(2661888K)->0K(2668032K) From: 7680K(67072K)->15904K(65536K)
[174.458s][info][gc,heap        ] GC(281) ParOldGen: 3806K(5592576K)->3846K(5592576K)
[174.458s][info][gc,metaspace   ] GC(281) Metaspace: 9217K(9472K)->9217K(9472K) NonClass: 8035K(8128K)->8035K(8128K) Class: 1182K(1344K)->1182K(1344K)
[174.458s][info][gc             ] GC(281) Pause Young (Allocation Failure) 2610M->19M(8131M) 7.658ms
[174.458s][info][gc,cpu         ] GC(281) User=0.02s Sys=0.00s Real=0.02s
[175.474s][info][gc,start       ] GC(282) Pause Young (System.gc())
[175.499s][info][gc,heap        ] GC(282) PSYoungGen: 2079417K(2733568K)->45184K(2713600K) Eden: 2063513K(2668032K)->0K(2668032K) From: 15904K(65536K)->45184K(45568K)
[175.499s][info][gc,heap        ] GC(282) ParOldGen: 3846K(5592576K)->16350K(5592576K)
[175.499s][info][gc,metaspace   ] GC(282) Metaspace: 9218K(9472K)->9218K(9472K) NonClass: 8035K(8128K)->8035K(8128K) Class: 1182K(1344K)->1182K(1344K)
[175.499s][info][gc             ] GC(282) Pause Young (System.gc()) 2034M->60M(8111M) 25.149ms
[175.499s][info][gc,cpu         ] GC(282) User=0.06s Sys=0.00s Real=0.02s
[175.499s][info][gc,start       ] GC(283) Pause Full (System.gc())
[175.499s][info][gc,phases,start] GC(283) Marking Phase
[175.503s][info][gc,phases      ] GC(283) Marking Phase 3.668ms
[175.503s][info][gc,phases,start] GC(283) Summary Phase
[175.503s][info][gc,phases      ] GC(283) Summary Phase 0.009ms
[175.503s][info][gc,phases,start] GC(283) Adjust Roots
[175.505s][info][gc,phases      ] GC(283) Adjust Roots 1.621ms
[175.505s][info][gc,phases,start] GC(283) Compaction Phase
[175.506s][info][gc,phases      ] GC(283) Compaction Phase 1.207ms
[175.506s][info][gc,phases,start] GC(283) Post Compact
[175.506s][info][gc,phases      ] GC(283) Post Compact 0.510ms
[175.506s][info][gc,heap        ] GC(283) PSYoungGen: 45184K(2713600K)->0K(2713600K) Eden: 0K(2668032K)->0K(2668032K) From: 45184K(45568K)->0K(45568K)
[175.506s][info][gc,heap        ] GC(283) ParOldGen: 16350K(5592576K)->3806K(5592576K)
[175.506s][info][gc,metaspace   ] GC(283) Metaspace: 9218K(9472K)->9218K(9472K) NonClass: 8035K(8128K)->8035K(8128K) Class: 1182K(1344K)->1182K(1344K)
[175.506s][info][gc             ] GC(283) Pause Full (System.gc()) 60M->3M(8111M) 7.175ms
[175.506s][info][gc,cpu         ] GC(283) User=0.02s Sys=0.00s Real=0.02s
[175.986s][info][gc,start       ] GC(284) Pause Young (Allocation Failure)
[175.990s][info][gc,heap        ] GC(284) PSYoungGen: 2668032K(2713600K)->7744K(2730496K) Eden: 2668032K(2668032K)->0K(2663424K) From: 0K(45568K)->7744K(67072K)
[175.990s][info][gc,heap        ] GC(284) ParOldGen: 3806K(5592576K)->3806K(5592576K)
[175.990s][info][gc,metaspace   ] GC(284) Metaspace: 9218K(9472K)->9218K(9472K) NonClass: 8035K(8128K)->8035K(8128K) Class: 1182K(1344K)->1182K(1344K)
[175.990s][info][gc             ] GC(284) Pause Young (Allocation Failure) 2609M->11M(8128M) 3.434ms
[175.990s][info][gc,cpu         ] GC(284) User=0.00s Sys=0.00s Real=0.00s
[176.924s][info][gc,start       ] GC(285) Pause Young (Allocation Failure)
[176.932s][info][gc,heap        ] GC(285) PSYoungGen: 2671168K(2730496K)->15872K(2728960K) Eden: 2663424K(2663424K)->0K(2663424K) From: 7744K(67072K)->15872K(65536K)
[176.932s][info][gc,heap        ] GC(285) ParOldGen: 3806K(5592576K)->3846K(5592576K)
[176.932s][info][gc,metaspace   ] GC(285) Metaspace: 9218K(9472K)->9218K(9472K) NonClass: 8035K(8128K)->8035K(8128K) Class: 1182K(1344K)->1182K(1344K)
[176.932s][info][gc             ] GC(285) Pause Young (Allocation Failure) 2612M->19M(8126M) 7.831ms
[176.932s][info][gc,cpu         ] GC(285) User=0.02s Sys=0.00s Real=0.01s
[177.953s][info][gc,start       ] GC(286) Pause Young (System.gc())
[177.979s][info][gc,heap        ] GC(286) PSYoungGen: 2054328K(2728960K)->45216K(2724352K) Eden: 2038456K(2663424K)->0K(2661888K) From: 15872K(65536K)->45216K(62464K)
[177.979s][info][gc,heap        ] GC(286) ParOldGen: 3846K(5592576K)->16358K(5592576K)
[177.980s][info][gc,metaspace   ] GC(286) Metaspace: 9218K(9472K)->9218K(9472K) NonClass: 8035K(8128K)->8035K(8128K) Class: 1182K(1344K)->1182K(1344K)
[177.980s][info][gc             ] GC(286) Pause Young (System.gc()) 2009M->60M(8122M) 26.882ms
[177.980s][info][gc,cpu         ] GC(286) User=0.09s Sys=0.00s Real=0.03s
[177.980s][info][gc,start       ] GC(287) Pause Full (System.gc())
[177.980s][info][gc,phases,start] GC(287) Marking Phase
[177.983s][info][gc,phases      ] GC(287) Marking Phase 3.775ms
[177.983s][info][gc,phases,start] GC(287) Summary Phase
[177.983s][info][gc,phases      ] GC(287) Summary Phase 0.009ms
[177.983s][info][gc,phases,start] GC(287) Adjust Roots
[177.985s][info][gc,phases      ] GC(287) Adjust Roots 1.257ms
[177.985s][info][gc,phases,start] GC(287) Compaction Phase
[177.986s][info][gc,phases      ] GC(287) Compaction Phase 1.127ms
[177.986s][info][gc,phases,start] GC(287) Post Compact
[177.986s][info][gc,phases      ] GC(287) Post Compact 0.564ms
[177.986s][info][gc,heap        ] GC(287) PSYoungGen: 45216K(2724352K)->0K(2724352K) Eden: 0K(2661888K)->0K(2661888K) From: 45216K(62464K)->0K(62464K)
[177.986s][info][gc,heap        ] GC(287) ParOldGen: 16358K(5592576K)->3807K(5592576K)
[177.987s][info][gc,metaspace   ] GC(287) Metaspace: 9218K(9472K)->9218K(9472K) NonClass: 8035K(8128K)->8035K(8128K) Class: 1182K(1344K)->1182K(1344K)
[177.987s][info][gc             ] GC(287) Pause Full (System.gc()) 60M->3M(8122M) 6.925ms
[177.987s][info][gc,cpu         ] GC(287) User=0.00s Sys=0.00s Real=0.00s
[178.465s][info][gc,start       ] GC(288) Pause Young (Allocation Failure)
[178.468s][info][gc,heap        ] GC(288) PSYoungGen: 2661888K(2724352K)->7680K(2728960K) Eden: 2661888K(2661888K)->0K(2661888K) From: 0K(62464K)->7680K(67072K)
[178.468s][info][gc,heap        ] GC(288) ParOldGen: 3807K(5592576K)->3807K(5592576K)
[178.468s][info][gc,metaspace   ] GC(288) Metaspace: 9218K(9472K)->9218K(9472K) NonClass: 8035K(8128K)->8035K(8128K) Class: 1182K(1344K)->1182K(1344K)
[178.468s][info][gc             ] GC(288) Pause Young (Allocation Failure) 2603M->11M(8126M) 3.723ms
[178.468s][info][gc,cpu         ] GC(288) User=0.00s Sys=0.00s Real=0.00s
[179.402s][info][gc,start       ] GC(289) Pause Young (Allocation Failure)
[179.409s][info][gc,heap        ] GC(289) PSYoungGen: 2669568K(2728960K)->15872K(2733568K) Eden: 2661888K(2661888K)->0K(2668032K) From: 7680K(67072K)->15872K(65536K)
[179.410s][info][gc,heap        ] GC(289) ParOldGen: 3807K(5592576K)->3855K(5592576K)
[179.410s][info][gc,metaspace   ] GC(289) Metaspace: 9218K(9472K)->9218K(9472K) NonClass: 8035K(8128K)->8035K(8128K) Class: 1182K(1344K)->1182K(1344K)
[179.410s][info][gc             ] GC(289) Pause Young (Allocation Failure) 2610M->19M(8131M) 7.399ms
[179.410s][info][gc,cpu         ] GC(289) User=0.00s Sys=0.00s Real=0.00s
[180.431s][info][gc,start       ] GC(290) Pause Young (System.gc())
[180.456s][info][gc,heap        ] GC(290) PSYoungGen: 2073588K(2733568K)->45216K(2713600K) Eden: 2057716K(2668032K)->0K(2668032K) From: 15872K(65536K)->45216K(45568K)
[180.456s][info][gc,heap        ] GC(290) ParOldGen: 3855K(5592576K)->16343K(5592576K)
[180.456s][info][gc,metaspace   ] GC(290) Metaspace: 9218K(9472K)->9218K(9472K) NonClass: 8035K(8128K)->8035K(8128K) Class: 1182K(1344K)->1182K(1344K)
[180.456s][info][gc             ] GC(290) Pause Young (System.gc()) 2028M->60M(8111M) 25.093ms
[180.456s][info][gc,cpu         ] GC(290) User=0.09s Sys=0.00s Real=0.03s
[180.456s][info][gc,start       ] GC(291) Pause Full (System.gc())
[180.456s][info][gc,phases,start] GC(291) Marking Phase
[180.460s][info][gc,phases      ] GC(291) Marking Phase 3.905ms
[180.460s][info][gc,phases,start] GC(291) Summary Phase
[180.460s][info][gc,phases      ] GC(291) Summary Phase 0.009ms
[180.460s][info][gc,phases,start] GC(291) Adjust Roots
[180.461s][info][gc,phases      ] GC(291) Adjust Roots 1.208ms
[180.461s][info][gc,phases,start] GC(291) Compaction Phase
[180.462s][info][gc,phases      ] GC(291) Compaction Phase 1.350ms
[180.462s][info][gc,phases,start] GC(291) Post Compact
[180.463s][info][gc,phases      ] GC(291) Post Compact 0.510ms
[180.463s][info][gc,heap        ] GC(291) PSYoungGen: 45216K(2713600K)->0K(2713600K) Eden: 0K(2668032K)->0K(2668032K) From: 45216K(45568K)->0K(45568K)
[180.463s][info][gc,heap        ] GC(291) ParOldGen: 16343K(5592576K)->3807K(5592576K)
[180.463s][info][gc,metaspace   ] GC(291) Metaspace: 9218K(9472K)->9218K(9472K) NonClass: 8035K(8128K)->8035K(8128K) Class: 1182K(1344K)->1182K(1344K)
[180.463s][info][gc             ] GC(291) Pause Full (System.gc()) 60M->3M(8111M) 7.163ms
[180.463s][info][gc,cpu         ] GC(291) User=0.00s Sys=0.00s Real=0.00s
[180.939s][info][gc,start       ] GC(292) Pause Young (Allocation Failure)
[180.942s][info][gc,heap        ] GC(292) PSYoungGen: 2668032K(2713600K)->7680K(2730496K) Eden: 2668032K(2668032K)->0K(2663424K) From: 0K(45568K)->7680K(67072K)
[180.943s][info][gc,heap        ] GC(292) ParOldGen: 3807K(5592576K)->3807K(5592576K)
[180.943s][info][gc,metaspace   ] GC(292) Metaspace: 9218K(9472K)->9218K(9472K) NonClass: 8035K(8128K)->8035K(8128K) Class: 1182K(1344K)->1182K(1344K)
[180.943s][info][gc             ] GC(292) Pause Young (Allocation Failure) 2609M->11M(8128M) 3.812ms
[180.943s][info][gc,cpu         ] GC(292) User=0.00s Sys=0.00s Real=0.02s
[181.890s][info][gc,start       ] GC(293) Pause Young (Allocation Failure)
[181.897s][info][gc,heap        ] GC(293) PSYoungGen: 2671104K(2730496K)->15904K(2728960K) Eden: 2663424K(2663424K)->0K(2663424K) From: 7680K(67072K)->15904K(65536K)
[181.897s][info][gc,heap        ] GC(293) ParOldGen: 3807K(5592576K)->3855K(5592576K)
[181.897s][info][gc,metaspace   ] GC(293) Metaspace: 9218K(9472K)->9218K(9472K) NonClass: 8035K(8128K)->8035K(8128K) Class: 1182K(1344K)->1182K(1344K)
[181.897s][info][gc             ] GC(293) Pause Young (Allocation Failure) 2612M->19M(8126M) 7.384ms
[181.897s][info][gc,cpu         ] GC(293) User=0.00s Sys=0.00s Real=0.00s
[182.911s][info][gc,start       ] GC(294) Pause Young (System.gc())
[182.936s][info][gc,heap        ] GC(294) PSYoungGen: 2063470K(2728960K)->45216K(2724352K) Eden: 2047566K(2663424K)->0K(2661888K) From: 15904K(65536K)->45216K(62464K)
[182.936s][info][gc,heap        ] GC(294) ParOldGen: 3855K(5592576K)->16351K(5592576K)
[182.936s][info][gc,metaspace   ] GC(294) Metaspace: 9218K(9472K)->9218K(9472K) NonClass: 8035K(8128K)->8035K(8128K) Class: 1182K(1344K)->1182K(1344K)
[182.936s][info][gc             ] GC(294) Pause Young (System.gc()) 2018M->60M(8122M) 25.326ms
[182.936s][info][gc,cpu         ] GC(294) User=0.09s Sys=0.00s Real=0.03s
[182.936s][info][gc,start       ] GC(295) Pause Full (System.gc())
[182.936s][info][gc,phases,start] GC(295) Marking Phase
[182.940s][info][gc,phases      ] GC(295) Marking Phase 3.744ms
[182.940s][info][gc,phases,start] GC(295) Summary Phase
[182.940s][info][gc,phases      ] GC(295) Summary Phase 0.010ms
[182.940s][info][gc,phases,start] GC(295) Adjust Roots
[182.942s][info][gc,phases      ] GC(295) Adjust Roots 1.717ms
[182.942s][info][gc,phases,start] GC(295) Compaction Phase
[182.943s][info][gc,phases      ] GC(295) Compaction Phase 1.327ms
[182.943s][info][gc,phases,start] GC(295) Post Compact
[182.944s][info][gc,phases      ] GC(295) Post Compact 0.512ms
[182.944s][info][gc,heap        ] GC(295) PSYoungGen: 45216K(2724352K)->0K(2724352K) Eden: 0K(2661888K)->0K(2661888K) From: 45216K(62464K)->0K(62464K)
[182.944s][info][gc,heap        ] GC(295) ParOldGen: 16351K(5592576K)->3807K(5592576K)
[182.944s][info][gc,metaspace   ] GC(295) Metaspace: 9218K(9472K)->9218K(9472K) NonClass: 8035K(8128K)->8035K(8128K) Class: 1182K(1344K)->1182K(1344K)
[182.944s][info][gc             ] GC(295) Pause Full (System.gc()) 60M->3M(8122M) 7.560ms
[182.944s][info][gc,cpu         ] GC(295) User=0.00s Sys=0.00s Real=0.01s
[183.420s][info][gc,start       ] GC(296) Pause Young (Allocation Failure)
[183.424s][info][gc,heap        ] GC(296) PSYoungGen: 2661888K(2724352K)->7616K(2728960K) Eden: 2661888K(2661888K)->0K(2661888K) From: 0K(62464K)->7616K(67072K)
[183.424s][info][gc,heap        ] GC(296) ParOldGen: 3807K(5592576K)->3807K(5592576K)
[183.424s][info][gc,metaspace   ] GC(296) Metaspace: 9218K(9472K)->9218K(9472K) NonClass: 8035K(8128K)->8035K(8128K) Class: 1182K(1344K)->1182K(1344K)
[183.424s][info][gc             ] GC(296) Pause Young (Allocation Failure) 2603M->11M(8126M) 3.777ms
[183.424s][info][gc,cpu         ] GC(296) User=0.02s Sys=0.00s Real=0.02s
[184.365s][info][gc,start       ] GC(297) Pause Young (Allocation Failure)
[184.373s][info][gc,heap        ] GC(297) PSYoungGen: 2669504K(2728960K)->15808K(2733568K) Eden: 2661888K(2661888K)->0K(2668032K) From: 7616K(67072K)->15808K(65536K)
[184.373s][info][gc,heap        ] GC(297) ParOldGen: 3807K(5592576K)->3855K(5592576K)
[184.373s][info][gc,metaspace   ] GC(297) Metaspace: 9218K(9472K)->9218K(9472K) NonClass: 8035K(8128K)->8035K(8128K) Class: 1182K(1344K)->1182K(1344K)
[184.373s][info][gc             ] GC(297) Pause Young (Allocation Failure) 2610M->19M(8131M) 7.334ms
[184.373s][info][gc,cpu         ] GC(297) User=0.00s Sys=0.00s Real=0.00s
[185.397s][info][gc,start       ] GC(298) Pause Young (System.gc())
[185.422s][info][gc,heap        ] GC(298) PSYoungGen: 2075377K(2733568K)->45184K(2713600K) Eden: 2059569K(2668032K)->0K(2668032K) From: 15808K(65536K)->45184K(45568K)
[185.422s][info][gc,heap        ] GC(298) ParOldGen: 3855K(5592576K)->16367K(5592576K)
[185.422s][info][gc,metaspace   ] GC(298) Metaspace: 9218K(9472K)->9218K(9472K) NonClass: 8035K(8128K)->8035K(8128K) Class: 1182K(1344K)->1182K(1344K)
[185.422s][info][gc             ] GC(298) Pause Young (System.gc()) 2030M->60M(8111M) 25.064ms
[185.422s][info][gc,cpu         ] GC(298) User=0.11s Sys=0.00s Real=0.03s
[185.422s][info][gc,start       ] GC(299) Pause Full (System.gc())
[185.422s][info][gc,phases,start] GC(299) Marking Phase
[185.426s][info][gc,phases      ] GC(299) Marking Phase 4.026ms
[185.426s][info][gc,phases,start] GC(299) Summary Phase
[185.426s][info][gc,phases      ] GC(299) Summary Phase 0.015ms
[185.426s][info][gc,phases,start] GC(299) Adjust Roots
[185.427s][info][gc,phases      ] GC(299) Adjust Roots 1.114ms
[185.427s][info][gc,phases,start] GC(299) Compaction Phase
[185.429s][info][gc,phases      ] GC(299) Compaction Phase 1.638ms
[185.429s][info][gc,phases,start] GC(299) Post Compact
[185.429s][info][gc,phases      ] GC(299) Post Compact 0.509ms
[185.429s][info][gc,heap        ] GC(299) PSYoungGen: 45184K(2713600K)->0K(2713600K) Eden: 0K(2668032K)->0K(2668032K) From: 45184K(45568K)->0K(45568K)
[185.429s][info][gc,heap        ] GC(299) ParOldGen: 16367K(5592576K)->3807K(5592576K)
[185.429s][info][gc,metaspace   ] GC(299) Metaspace: 9218K(9472K)->9218K(9472K) NonClass: 8035K(8128K)->8035K(8128K) Class: 1182K(1344K)->1182K(1344K)
[185.429s][info][gc             ] GC(299) Pause Full (System.gc()) 60M->3M(8111M) 7.478ms
[185.429s][info][gc,cpu         ] GC(299) User=0.00s Sys=0.00s Real=0.00s
[185.909s][info][gc,start       ] GC(300) Pause Young (Allocation Failure)
[185.913s][info][gc,heap        ] GC(300) PSYoungGen: 2668032K(2713600K)->7968K(2730496K) Eden: 2668032K(2668032K)->0K(2663424K) From: 0K(45568K)->7968K(67072K)
[185.913s][info][gc,heap        ] GC(300) ParOldGen: 3807K(5592576K)->3807K(5592576K)
[185.913s][info][gc,metaspace   ] GC(300) Metaspace: 9218K(9472K)->9218K(9472K) NonClass: 8036K(8128K)->8036K(8128K) Class: 1182K(1344K)->1182K(1344K)
[185.913s][info][gc             ] GC(300) Pause Young (Allocation Failure) 2609M->11M(8128M) 3.569ms
[185.913s][info][gc,cpu         ] GC(300) User=0.00s Sys=0.00s Real=0.00s
[186.864s][info][gc,start       ] GC(301) Pause Young (Allocation Failure)
[186.872s][info][gc,heap        ] GC(301) PSYoungGen: 2671392K(2730496K)->15968K(2728960K) Eden: 2663424K(2663424K)->0K(2663424K) From: 7968K(67072K)->15968K(65536K)
[186.872s][info][gc,heap        ] GC(301) ParOldGen: 3807K(5592576K)->3855K(5592576K)
[186.872s][info][gc,metaspace   ] GC(301) Metaspace: 9218K(9472K)->9218K(9472K) NonClass: 8036K(8128K)->8036K(8128K) Class: 1182K(1344K)->1182K(1344K)
[186.872s][info][gc             ] GC(301) Pause Young (Allocation Failure) 2612M->19M(8126M) 7.495ms
[186.872s][info][gc,cpu         ] GC(301) User=0.00s Sys=0.00s Real=0.00s
[187.882s][info][gc,start       ] GC(302) Pause Young (System.gc())
[187.907s][info][gc,heap        ] GC(302) PSYoungGen: 2055192K(2728960K)->45248K(2724352K) Eden: 2039224K(2663424K)->0K(2661888K) From: 15968K(65536K)->45248K(62464K)
[187.907s][info][gc,heap        ] GC(302) ParOldGen: 3855K(5592576K)->16351K(5592576K)
[187.907s][info][gc,metaspace   ] GC(302) Metaspace: 9220K(9472K)->9220K(9472K) NonClass: 8037K(8128K)->8037K(8128K) Class: 1182K(1344K)->1182K(1344K)
[187.907s][info][gc             ] GC(302) Pause Young (System.gc()) 2010M->60M(8122M) 25.505ms
[187.907s][info][gc,cpu         ] GC(302) User=0.09s Sys=0.00s Real=0.03s
[187.907s][info][gc,start       ] GC(303) Pause Full (System.gc())
[187.907s][info][gc,phases,start] GC(303) Marking Phase
[187.911s][info][gc,phases      ] GC(303) Marking Phase 4.170ms
[187.911s][info][gc,phases,start] GC(303) Summary Phase
[187.911s][info][gc,phases      ] GC(303) Summary Phase 0.010ms
[187.911s][info][gc,phases,start] GC(303) Adjust Roots
[187.913s][info][gc,phases      ] GC(303) Adjust Roots 1.206ms
[187.913s][info][gc,phases,start] GC(303) Compaction Phase
[187.914s][info][gc,phases      ] GC(303) Compaction Phase 1.848ms
[187.914s][info][gc,phases,start] GC(303) Post Compact
[187.915s][info][gc,phases      ] GC(303) Post Compact 0.608ms
[187.915s][info][gc,heap        ] GC(303) PSYoungGen: 45248K(2724352K)->0K(2724352K) Eden: 0K(2661888K)->0K(2661888K) From: 45248K(62464K)->0K(62464K)
[187.915s][info][gc,heap        ] GC(303) ParOldGen: 16351K(5592576K)->3807K(5592576K)
[187.915s][info][gc,metaspace   ] GC(303) Metaspace: 9220K(9472K)->9220K(9472K) NonClass: 8037K(8128K)->8037K(8128K) Class: 1182K(1344K)->1182K(1344K)
[187.915s][info][gc             ] GC(303) Pause Full (System.gc()) 60M->3M(8122M) 8.072ms
[187.915s][info][gc,cpu         ] GC(303) User=0.00s Sys=0.00s Real=0.02s
[188.392s][info][gc,start       ] GC(304) Pause Young (Allocation Failure)
[188.395s][info][gc,heap        ] GC(304) PSYoungGen: 2661888K(2724352K)->7680K(2728960K) Eden: 2661888K(2661888K)->0K(2661888K) From: 0K(62464K)->7680K(67072K)
[188.395s][info][gc,heap        ] GC(304) ParOldGen: 3807K(5592576K)->3807K(5592576K)
[188.395s][info][gc,metaspace   ] GC(304) Metaspace: 9222K(9472K)->9222K(9472K) NonClass: 8040K(8128K)->8040K(8128K) Class: 1182K(1344K)->1182K(1344K)
[188.395s][info][gc             ] GC(304) Pause Young (Allocation Failure) 2603M->11M(8126M) 3.695ms
[188.395s][info][gc,cpu         ] GC(304) User=0.00s Sys=0.00s Real=0.00s
[189.339s][info][gc,start       ] GC(305) Pause Young (Allocation Failure)
[189.346s][info][gc,heap        ] GC(305) PSYoungGen: 2669568K(2728960K)->15872K(2733568K) Eden: 2661888K(2661888K)->0K(2668032K) From: 7680K(67072K)->15872K(65536K)
[189.346s][info][gc,heap        ] GC(305) ParOldGen: 3807K(5592576K)->3855K(5592576K)
[189.346s][info][gc,metaspace   ] GC(305) Metaspace: 9222K(9472K)->9222K(9472K) NonClass: 8040K(8128K)->8040K(8128K) Class: 1182K(1344K)->1182K(1344K)
[189.346s][info][gc             ] GC(305) Pause Young (Allocation Failure) 2610M->19M(8131M) 7.457ms
[189.346s][info][gc,cpu         ] GC(305) User=0.02s Sys=0.00s Real=0.02s
[190.365s][info][gc,start       ] GC(306) Pause Young (System.gc())
[190.390s][info][gc,heap        ] GC(306) PSYoungGen: 2078803K(2733568K)->45248K(2713600K) Eden: 2062931K(2668032K)->0K(2668032K) From: 15872K(65536K)->45248K(45568K)
[190.390s][info][gc,heap        ] GC(306) ParOldGen: 3855K(5592576K)->16351K(5592576K)
[190.390s][info][gc,metaspace   ] GC(306) Metaspace: 9222K(9472K)->9222K(9472K) NonClass: 8040K(8128K)->8040K(8128K) Class: 1182K(1344K)->1182K(1344K)
[190.390s][info][gc             ] GC(306) Pause Young (System.gc()) 2033M->60M(8111M) 25.359ms
[190.390s][info][gc,cpu         ] GC(306) User=0.08s Sys=0.00s Real=0.02s
[190.390s][info][gc,start       ] GC(307) Pause Full (System.gc())
[190.390s][info][gc,phases,start] GC(307) Marking Phase
[190.394s][info][gc,phases      ] GC(307) Marking Phase 4.076ms
[190.395s][info][gc,phases,start] GC(307) Summary Phase
[190.395s][info][gc,phases      ] GC(307) Summary Phase 0.010ms
[190.395s][info][gc,phases,start] GC(307) Adjust Roots
[190.396s][info][gc,phases      ] GC(307) Adjust Roots 1.634ms
[190.396s][info][gc,phases,start] GC(307) Compaction Phase
[190.398s][info][gc,phases      ] GC(307) Compaction Phase 1.491ms
[190.398s][info][gc,phases,start] GC(307) Post Compact
[190.398s][info][gc,phases      ] GC(307) Post Compact 0.611ms
[190.398s][info][gc,heap        ] GC(307) PSYoungGen: 45248K(2713600K)->0K(2713600K) Eden: 0K(2668032K)->0K(2668032K) From: 45248K(45568K)->0K(45568K)
[190.398s][info][gc,heap        ] GC(307) ParOldGen: 16351K(5592576K)->3807K(5592576K)
[190.398s][info][gc,metaspace   ] GC(307) Metaspace: 9222K(9472K)->9222K(9472K) NonClass: 8040K(8128K)->8040K(8128K) Class: 1182K(1344K)->1182K(1344K)
[190.398s][info][gc             ] GC(307) Pause Full (System.gc()) 60M->3M(8111M) 8.045ms
[190.398s][info][gc,cpu         ] GC(307) User=0.00s Sys=0.00s Real=0.02s
[190.875s][info][gc,start       ] GC(308) Pause Young (Allocation Failure)
[190.878s][info][gc,heap        ] GC(308) PSYoungGen: 2668032K(2713600K)->7648K(2730496K) Eden: 2668032K(2668032K)->0K(2663424K) From: 0K(45568K)->7648K(67072K)
[190.878s][info][gc,heap        ] GC(308) ParOldGen: 3807K(5592576K)->3807K(5592576K)
[190.878s][info][gc,metaspace   ] GC(308) Metaspace: 9224K(9536K)->9224K(9536K) NonClass: 8042K(8192K)->8042K(8192K) Class: 1182K(1344K)->1182K(1344K)
[190.878s][info][gc             ] GC(308) Pause Young (Allocation Failure) 2609M->11M(8128M) 3.630ms
[190.878s][info][gc,cpu         ] GC(308) User=0.00s Sys=0.00s Real=0.00s
[191.819s][info][gc,start       ] GC(309) Pause Young (Allocation Failure)
[191.826s][info][gc,heap        ] GC(309) PSYoungGen: 2671072K(2730496K)->15840K(2728960K) Eden: 2663424K(2663424K)->0K(2663424K) From: 7648K(67072K)->15840K(65536K)
[191.826s][info][gc,heap        ] GC(309) ParOldGen: 3807K(5592576K)->3855K(5592576K)
[191.826s][info][gc,metaspace   ] GC(309) Metaspace: 9224K(9536K)->9224K(9536K) NonClass: 8042K(8192K)->8042K(8192K) Class: 1182K(1344K)->1182K(1344K)
[191.826s][info][gc             ] GC(309) Pause Young (Allocation Failure) 2612M->19M(8126M) 7.608ms
[191.826s][info][gc,cpu         ] GC(309) User=0.02s Sys=0.00s Real=0.02s
[192.856s][info][gc,start       ] GC(310) Pause Young (System.gc())
[192.882s][info][gc,heap        ] GC(310) PSYoungGen: 2085478K(2728960K)->45216K(2724352K) Eden: 2069638K(2663424K)->0K(2661888K) From: 15840K(65536K)->45216K(62464K)
[192.882s][info][gc,heap        ] GC(310) ParOldGen: 3855K(5592576K)->16351K(5592576K)
[192.882s][info][gc,metaspace   ] GC(310) Metaspace: 9224K(9536K)->9224K(9536K) NonClass: 8042K(8192K)->8042K(8192K) Class: 1182K(1344K)->1182K(1344K)
[192.882s][info][gc             ] GC(310) Pause Young (System.gc()) 2040M->60M(8122M) 25.491ms
[192.882s][info][gc,cpu         ] GC(310) User=0.16s Sys=0.00s Real=0.03s
[192.882s][info][gc,start       ] GC(311) Pause Full (System.gc())
[192.882s][info][gc,phases,start] GC(311) Marking Phase
[192.886s][info][gc,phases      ] GC(311) Marking Phase 3.785ms
[192.886s][info][gc,phases,start] GC(311) Summary Phase
[192.886s][info][gc,phases      ] GC(311) Summary Phase 0.014ms
[192.886s][info][gc,phases,start] GC(311) Adjust Roots
[192.887s][info][gc,phases      ] GC(311) Adjust Roots 1.627ms
[192.887s][info][gc,phases,start] GC(311) Compaction Phase
[192.888s][info][gc,phases      ] GC(311) Compaction Phase 1.179ms
[192.889s][info][gc,phases,start] GC(311) Post Compact
[192.889s][info][gc,phases      ] GC(311) Post Compact 0.512ms
[192.889s][info][gc,heap        ] GC(311) PSYoungGen: 45216K(2724352K)->0K(2724352K) Eden: 0K(2661888K)->0K(2661888K) From: 45216K(62464K)->0K(62464K)
[192.889s][info][gc,heap        ] GC(311) ParOldGen: 16351K(5592576K)->3807K(5592576K)
[192.889s][info][gc,metaspace   ] GC(311) Metaspace: 9224K(9536K)->9224K(9536K) NonClass: 8042K(8192K)->8042K(8192K) Class: 1182K(1344K)->1182K(1344K)
[192.889s][info][gc             ] GC(311) Pause Full (System.gc()) 60M->3M(8122M) 7.283ms
[192.889s][info][gc,cpu         ] GC(311) User=0.00s Sys=0.00s Real=0.00s
[193.366s][info][gc,start       ] GC(312) Pause Young (Allocation Failure)
[193.370s][info][gc,heap        ] GC(312) PSYoungGen: 2661888K(2724352K)->7712K(2728960K) Eden: 2661888K(2661888K)->0K(2661888K) From: 0K(62464K)->7712K(67072K)
[193.370s][info][gc,heap        ] GC(312) ParOldGen: 3807K(5592576K)->3807K(5592576K)
[193.370s][info][gc,metaspace   ] GC(312) Metaspace: 9227K(9536K)->9227K(9536K) NonClass: 8045K(8192K)->8045K(8192K) Class: 1182K(1344K)->1182K(1344K)
[193.370s][info][gc             ] GC(312) Pause Young (Allocation Failure) 2603M->11M(8126M) 3.613ms
[193.370s][info][gc,cpu         ] GC(312) User=0.00s Sys=0.00s Real=0.01s
[194.311s][info][gc,start       ] GC(313) Pause Young (Allocation Failure)
[194.319s][info][gc,heap        ] GC(313) PSYoungGen: 2669600K(2728960K)->15872K(2733568K) Eden: 2661888K(2661888K)->0K(2668032K) From: 7712K(67072K)->15872K(65536K)
[194.319s][info][gc,heap        ] GC(313) ParOldGen: 3807K(5592576K)->3855K(5592576K)
[194.319s][info][gc,metaspace   ] GC(313) Metaspace: 9227K(9536K)->9227K(9536K) NonClass: 8045K(8192K)->8045K(8192K) Class: 1182K(1344K)->1182K(1344K)
[194.319s][info][gc             ] GC(313) Pause Young (Allocation Failure) 2610M->19M(8131M) 7.669ms
[194.319s][info][gc,cpu         ] GC(313) User=0.00s Sys=0.00s Real=0.00s
[195.334s][info][gc,start       ] GC(314) Pause Young (System.gc())
[195.360s][info][gc,heap        ] GC(314) PSYoungGen: 2066434K(2733568K)->45248K(2713600K) Eden: 2050562K(2668032K)->0K(2668032K) From: 15872K(65536K)->45248K(45568K)
[195.360s][info][gc,heap        ] GC(314) ParOldGen: 3855K(5592576K)->16359K(5592576K)
[195.360s][info][gc,metaspace   ] GC(314) Metaspace: 9227K(9536K)->9227K(9536K) NonClass: 8045K(8192K)->8045K(8192K) Class: 1182K(1344K)->1182K(1344K)
[195.360s][info][gc             ] GC(314) Pause Young (System.gc()) 2021M->60M(8111M) 25.645ms
[195.360s][info][gc,cpu         ] GC(314) User=0.08s Sys=0.00s Real=0.03s
[195.360s][info][gc,start       ] GC(315) Pause Full (System.gc())
[195.360s][info][gc,phases,start] GC(315) Marking Phase
[195.364s][info][gc,phases      ] GC(315) Marking Phase 3.835ms
[195.364s][info][gc,phases,start] GC(315) Summary Phase
[195.364s][info][gc,phases      ] GC(315) Summary Phase 0.012ms
[195.364s][info][gc,phases,start] GC(315) Adjust Roots
[195.366s][info][gc,phases      ] GC(315) Adjust Roots 1.863ms
[195.366s][info][gc,phases,start] GC(315) Compaction Phase
[195.367s][info][gc,phases      ] GC(315) Compaction Phase 1.270ms
[195.367s][info][gc,phases,start] GC(315) Post Compact
[195.367s][info][gc,phases      ] GC(315) Post Compact 0.526ms
[195.367s][info][gc,heap        ] GC(315) PSYoungGen: 45248K(2713600K)->0K(2713600K) Eden: 0K(2668032K)->0K(2668032K) From: 45248K(45568K)->0K(45568K)
[195.367s][info][gc,heap        ] GC(315) ParOldGen: 16359K(5592576K)->3807K(5592576K)
[195.367s][info][gc,metaspace   ] GC(315) Metaspace: 9227K(9536K)->9227K(9536K) NonClass: 8045K(8192K)->8045K(8192K) Class: 1182K(1344K)->1182K(1344K)
[195.367s][info][gc             ] GC(315) Pause Full (System.gc()) 60M->3M(8111M) 7.722ms
[195.367s][info][gc,cpu         ] GC(315) User=0.00s Sys=0.00s Real=0.00s
[195.845s][info][gc,start       ] GC(316) Pause Young (Allocation Failure)
[195.849s][info][gc,heap        ] GC(316) PSYoungGen: 2668032K(2713600K)->7680K(2730496K) Eden: 2668032K(2668032K)->0K(2663424K) From: 0K(45568K)->7680K(67072K)
[195.849s][info][gc,heap        ] GC(316) ParOldGen: 3807K(5592576K)->3807K(5592576K)
[195.849s][info][gc,metaspace   ] GC(316) Metaspace: 9227K(9536K)->9227K(9536K) NonClass: 8045K(8192K)->8045K(8192K) Class: 1182K(1344K)->1182K(1344K)
[195.849s][info][gc             ] GC(316) Pause Young (Allocation Failure) 2609M->11M(8128M) 3.512ms
[195.849s][info][gc,cpu         ] GC(316) User=0.00s Sys=0.00s Real=0.00s
[196.806s][info][gc,start       ] GC(317) Pause Young (Allocation Failure)
[196.814s][info][gc,heap        ] GC(317) PSYoungGen: 2671104K(2730496K)->15936K(2728960K) Eden: 2663424K(2663424K)->0K(2663424K) From: 7680K(67072K)->15936K(65536K)
[196.814s][info][gc,heap        ] GC(317) ParOldGen: 3807K(5592576K)->3855K(5592576K)
[196.814s][info][gc,metaspace   ] GC(317) Metaspace: 9227K(9536K)->9227K(9536K) NonClass: 8045K(8192K)->8045K(8192K) Class: 1182K(1344K)->1182K(1344K)
[196.814s][info][gc             ] GC(317) Pause Young (Allocation Failure) 2612M->19M(8126M) 7.724ms
[196.814s][info][gc,cpu         ] GC(317) User=0.00s Sys=0.00s Real=0.00s
[197.826s][info][gc,start       ] GC(318) Pause Young (System.gc())
[197.851s][info][gc,heap        ] GC(318) PSYoungGen: 2042083K(2728960K)->45216K(2724352K) Eden: 2026146K(2663424K)->0K(2661888K) From: 15936K(65536K)->45216K(62464K)
[197.852s][info][gc,heap        ] GC(318) ParOldGen: 3855K(5592576K)->16335K(5592576K)
[197.852s][info][gc,metaspace   ] GC(318) Metaspace: 9227K(9536K)->9227K(9536K) NonClass: 8045K(8192K)->8045K(8192K) Class: 1182K(1344K)->1182K(1344K)
[197.852s][info][gc             ] GC(318) Pause Young (System.gc()) 1997M->60M(8122M) 25.247ms
[197.852s][info][gc,cpu         ] GC(318) User=0.09s Sys=0.00s Real=0.03s
[197.852s][info][gc,start       ] GC(319) Pause Full (System.gc())
[197.852s][info][gc,phases,start] GC(319) Marking Phase
[197.856s][info][gc,phases      ] GC(319) Marking Phase 4.004ms
[197.856s][info][gc,phases,start] GC(319) Summary Phase
[197.856s][info][gc,phases      ] GC(319) Summary Phase 0.009ms
[197.856s][info][gc,phases,start] GC(319) Adjust Roots
[197.857s][info][gc,phases      ] GC(319) Adjust Roots 1.523ms
[197.857s][info][gc,phases,start] GC(319) Compaction Phase
[197.859s][info][gc,phases      ] GC(319) Compaction Phase 1.638ms
[197.859s][info][gc,phases,start] GC(319) Post Compact
[197.860s][info][gc,phases      ] GC(319) Post Compact 0.729ms
[197.860s][info][gc,heap        ] GC(319) PSYoungGen: 45216K(2724352K)->0K(2724352K) Eden: 0K(2661888K)->0K(2661888K) From: 45216K(62464K)->0K(62464K)
[197.860s][info][gc,heap        ] GC(319) ParOldGen: 16335K(5592576K)->3807K(5592576K)
[197.860s][info][gc,metaspace   ] GC(319) Metaspace: 9227K(9536K)->9227K(9536K) NonClass: 8045K(8192K)->8045K(8192K) Class: 1182K(1344K)->1182K(1344K)
[197.860s][info][gc             ] GC(319) Pause Full (System.gc()) 60M->3M(8122M) 8.147ms
[197.860s][info][gc,cpu         ] GC(319) User=0.00s Sys=0.00s Real=0.00s
[198.340s][info][gc,start       ] GC(320) Pause Young (Allocation Failure)
[198.344s][info][gc,heap        ] GC(320) PSYoungGen: 2661888K(2724352K)->7776K(2728960K) Eden: 2661888K(2661888K)->0K(2661888K) From: 0K(62464K)->7776K(67072K)
[198.344s][info][gc,heap        ] GC(320) ParOldGen: 3807K(5592576K)->3807K(5592576K)
[198.344s][info][gc,metaspace   ] GC(320) Metaspace: 9227K(9536K)->9227K(9536K) NonClass: 8045K(8192K)->8045K(8192K) Class: 1182K(1344K)->1182K(1344K)
[198.344s][info][gc             ] GC(320) Pause Young (Allocation Failure) 2603M->11M(8126M) 3.575ms
[198.344s][info][gc,cpu         ] GC(320) User=0.00s Sys=0.00s Real=0.00s
[199.290s][info][gc,start       ] GC(321) Pause Young (Allocation Failure)
[199.297s][info][gc,heap        ] GC(321) PSYoungGen: 2669664K(2728960K)->15936K(2733568K) Eden: 2661888K(2661888K)->0K(2668032K) From: 7776K(67072K)->15936K(65536K)
[199.297s][info][gc,heap        ] GC(321) ParOldGen: 3807K(5592576K)->3855K(5592576K)
[199.297s][info][gc,metaspace   ] GC(321) Metaspace: 9227K(9536K)->9227K(9536K) NonClass: 8045K(8192K)->8045K(8192K) Class: 1182K(1344K)->1182K(1344K)
[199.297s][info][gc             ] GC(321) Pause Young (Allocation Failure) 2610M->19M(8131M) 7.646ms
[199.297s][info][gc,cpu         ] GC(321) User=0.02s Sys=0.00s Real=0.01s
[200.309s][info][gc,start       ] GC(322) Pause Young (System.gc())
[200.335s][info][gc,heap        ] GC(322) PSYoungGen: 2043032K(2733568K)->45216K(2713600K) Eden: 2027096K(2668032K)->0K(2668032K) From: 15936K(65536K)->45216K(45568K)
[200.337s][info][gc,heap        ] GC(322) ParOldGen: 3855K(5592576K)->16351K(5592576K)
[200.337s][info][gc,metaspace   ] GC(322) Metaspace: 9227K(9536K)->9227K(9536K) NonClass: 8045K(8192K)->8045K(8192K) Class: 1182K(1344K)->1182K(1344K)
[200.337s][info][gc             ] GC(322) Pause Young (System.gc()) 1998M->60M(8111M) 27.852ms
[200.337s][info][gc,cpu         ] GC(322) User=0.09s Sys=0.00s Real=0.03s
[200.337s][info][gc,start       ] GC(323) Pause Full (System.gc())
[200.337s][info][gc,phases,start] GC(323) Marking Phase
[200.341s][info][gc,phases      ] GC(323) Marking Phase 4.165ms
[200.341s][info][gc,phases,start] GC(323) Summary Phase
[200.341s][info][gc,phases      ] GC(323) Summary Phase 0.009ms
[200.341s][info][gc,phases,start] GC(323) Adjust Roots
[200.343s][info][gc,phases      ] GC(323) Adjust Roots 1.132ms
[200.343s][info][gc,phases,start] GC(323) Compaction Phase
[200.344s][info][gc,phases      ] GC(323) Compaction Phase 1.711ms
[200.344s][info][gc,phases,start] GC(323) Post Compact
[200.345s][info][gc,phases      ] GC(323) Post Compact 0.520ms
[200.345s][info][gc,heap        ] GC(323) PSYoungGen: 45216K(2713600K)->0K(2713600K) Eden: 0K(2668032K)->0K(2668032K) From: 45216K(45568K)->0K(45568K)
[200.345s][info][gc,heap        ] GC(323) ParOldGen: 16351K(5592576K)->3807K(5592576K)
[200.345s][info][gc,metaspace   ] GC(323) Metaspace: 9227K(9536K)->9227K(9536K) NonClass: 8045K(8192K)->8045K(8192K) Class: 1182K(1344K)->1182K(1344K)
[200.345s][info][gc             ] GC(323) Pause Full (System.gc()) 60M->3M(8111M) 7.723ms
[200.345s][info][gc,cpu         ] GC(323) User=0.00s Sys=0.00s Real=0.00s
[200.823s][info][gc,start       ] GC(324) Pause Young (Allocation Failure)
[200.827s][info][gc,heap        ] GC(324) PSYoungGen: 2668032K(2713600K)->7744K(2730496K) Eden: 2668032K(2668032K)->0K(2663424K) From: 0K(45568K)->7744K(67072K)
[200.827s][info][gc,heap        ] GC(324) ParOldGen: 3807K(5592576K)->3807K(5592576K)
[200.827s][info][gc,metaspace   ] GC(324) Metaspace: 9227K(9536K)->9227K(9536K) NonClass: 8045K(8192K)->8045K(8192K) Class: 1182K(1344K)->1182K(1344K)
[200.827s][info][gc             ] GC(324) Pause Young (Allocation Failure) 2609M->11M(8128M) 3.678ms
[200.827s][info][gc,cpu         ] GC(324) User=0.00s Sys=0.00s Real=0.00s
[201.772s][info][gc,start       ] GC(325) Pause Young (Allocation Failure)
[201.780s][info][gc,heap        ] GC(325) PSYoungGen: 2671168K(2730496K)->15872K(2728960K) Eden: 2663424K(2663424K)->0K(2663424K) From: 7744K(67072K)->15872K(65536K)
[201.780s][info][gc,heap        ] GC(325) ParOldGen: 3807K(5592576K)->3855K(5592576K)
[201.780s][info][gc,metaspace   ] GC(325) Metaspace: 9227K(9536K)->9227K(9536K) NonClass: 8045K(8192K)->8045K(8192K) Class: 1182K(1344K)->1182K(1344K)
[201.780s][info][gc             ] GC(325) Pause Young (Allocation Failure) 2612M->19M(8126M) 7.739ms
[201.780s][info][gc,cpu         ] GC(325) User=0.02s Sys=0.00s Real=0.02s
[202.795s][info][gc,start       ] GC(326) Pause Young (System.gc())
[202.820s][info][gc,heap        ] GC(326) PSYoungGen: 2075387K(2728960K)->45216K(2724352K) Eden: 2059515K(2663424K)->0K(2661888K) From: 15872K(65536K)->45216K(62464K)
[202.820s][info][gc,heap        ] GC(326) ParOldGen: 3855K(5592576K)->16343K(5592576K)
[202.820s][info][gc,metaspace   ] GC(326) Metaspace: 9227K(9536K)->9227K(9536K) NonClass: 8045K(8192K)->8045K(8192K) Class: 1182K(1344K)->1182K(1344K)
[202.820s][info][gc             ] GC(326) Pause Young (System.gc()) 2030M->60M(8122M) 25.191ms
[202.820s][info][gc,cpu         ] GC(326) User=0.02s Sys=0.00s Real=0.02s
[202.820s][info][gc,start       ] GC(327) Pause Full (System.gc())
[202.820s][info][gc,phases,start] GC(327) Marking Phase
[202.824s][info][gc,phases      ] GC(327) Marking Phase 3.872ms
[202.824s][info][gc,phases,start] GC(327) Summary Phase
[202.824s][info][gc,phases      ] GC(327) Summary Phase 0.009ms
[202.824s][info][gc,phases,start] GC(327) Adjust Roots
[202.825s][info][gc,phases      ] GC(327) Adjust Roots 1.073ms
[202.825s][info][gc,phases,start] GC(327) Compaction Phase
[202.827s][info][gc,phases      ] GC(327) Compaction Phase 1.535ms
[202.827s][info][gc,phases,start] GC(327) Post Compact
[202.828s][info][gc,phases      ] GC(327) Post Compact 0.730ms
[202.828s][info][gc,heap        ] GC(327) PSYoungGen: 45216K(2724352K)->0K(2724352K) Eden: 0K(2661888K)->0K(2661888K) From: 45216K(62464K)->0K(62464K)
[202.828s][info][gc,heap        ] GC(327) ParOldGen: 16343K(5592576K)->3807K(5592576K)
[202.828s][info][gc,metaspace   ] GC(327) Metaspace: 9227K(9536K)->9227K(9536K) NonClass: 8045K(8192K)->8045K(8192K) Class: 1182K(1344K)->1182K(1344K)
[202.828s][info][gc             ] GC(327) Pause Full (System.gc()) 60M->3M(8122M) 7.413ms
[202.828s][info][gc,cpu         ] GC(327) User=0.00s Sys=0.00s Real=0.02s
[203.304s][info][gc,start       ] GC(328) Pause Young (Allocation Failure)
[203.307s][info][gc,heap        ] GC(328) PSYoungGen: 2661888K(2724352K)->7680K(2728960K) Eden: 2661888K(2661888K)->0K(2661888K) From: 0K(62464K)->7680K(67072K)
[203.307s][info][gc,heap        ] GC(328) ParOldGen: 3807K(5592576K)->3807K(5592576K)
[203.307s][info][gc,metaspace   ] GC(328) Metaspace: 9228K(9536K)->9228K(9536K) NonClass: 8046K(8192K)->8046K(8192K) Class: 1182K(1344K)->1182K(1344K)
[203.307s][info][gc             ] GC(328) Pause Young (Allocation Failure) 2603M->11M(8126M) 3.519ms
[203.307s][info][gc,cpu         ] GC(328) User=0.00s Sys=0.00s Real=0.00s
[204.245s][info][gc,start       ] GC(329) Pause Young (Allocation Failure)
[204.252s][info][gc,heap        ] GC(329) PSYoungGen: 2669568K(2728960K)->15840K(2733568K) Eden: 2661888K(2661888K)->0K(2668032K) From: 7680K(67072K)->15840K(65536K)
[204.252s][info][gc,heap        ] GC(329) ParOldGen: 3807K(5592576K)->3855K(5592576K)
[204.252s][info][gc,metaspace   ] GC(329) Metaspace: 9228K(9536K)->9228K(9536K) NonClass: 8046K(8192K)->8046K(8192K) Class: 1182K(1344K)->1182K(1344K)
[204.252s][info][gc             ] GC(329) Pause Young (Allocation Failure) 2610M->19M(8131M) 7.637ms
[204.253s][info][gc,cpu         ] GC(329) User=0.00s Sys=0.00s Real=0.00s
[205.278s][info][gc,start       ] GC(330) Pause Young (System.gc())
[205.304s][info][gc,heap        ] GC(330) PSYoungGen: 2067583K(2733568K)->45248K(2713600K) Eden: 2051743K(2668032K)->0K(2668032K) From: 15840K(65536K)->45248K(45568K)
[205.304s][info][gc,heap        ] GC(330) ParOldGen: 3855K(5592576K)->16359K(5592576K)
[205.304s][info][gc,metaspace   ] GC(330) Metaspace: 9228K(9536K)->9228K(9536K) NonClass: 8046K(8192K)->8046K(8192K) Class: 1182K(1344K)->1182K(1344K)
[205.304s][info][gc             ] GC(330) Pause Young (System.gc()) 2022M->60M(8111M) 25.811ms
[205.304s][info][gc,cpu         ] GC(330) User=0.08s Sys=0.00s Real=0.02s
[205.304s][info][gc,start       ] GC(331) Pause Full (System.gc())
[205.304s][info][gc,phases,start] GC(331) Marking Phase
[205.308s][info][gc,phases      ] GC(331) Marking Phase 3.800ms
[205.308s][info][gc,phases,start] GC(331) Summary Phase
[205.308s][info][gc,phases      ] GC(331) Summary Phase 0.009ms
[205.308s][info][gc,phases,start] GC(331) Adjust Roots
[205.310s][info][gc,phases      ] GC(331) Adjust Roots 1.631ms
[205.310s][info][gc,phases,start] GC(331) Compaction Phase
[205.311s][info][gc,phases      ] GC(331) Compaction Phase 1.412ms
[205.311s][info][gc,phases,start] GC(331) Post Compact
[205.312s][info][gc,phases      ] GC(331) Post Compact 0.519ms
[205.312s][info][gc,heap        ] GC(331) PSYoungGen: 45248K(2713600K)->0K(2713600K) Eden: 0K(2668032K)->0K(2668032K) From: 45248K(45568K)->0K(45568K)
[205.312s][info][gc,heap        ] GC(331) ParOldGen: 16359K(5592576K)->3807K(5592576K)
[205.312s][info][gc,metaspace   ] GC(331) Metaspace: 9228K(9536K)->9228K(9536K) NonClass: 8046K(8192K)->8046K(8192K) Class: 1182K(1344K)->1182K(1344K)
[205.312s][info][gc             ] GC(331) Pause Full (System.gc()) 60M->3M(8111M) 7.534ms
[205.312s][info][gc,cpu         ] GC(331) User=0.02s Sys=0.00s Real=0.01s
[205.789s][info][gc,start       ] GC(332) Pause Young (Allocation Failure)
[205.793s][info][gc,heap        ] GC(332) PSYoungGen: 2668032K(2713600K)->7712K(2730496K) Eden: 2668032K(2668032K)->0K(2663424K) From: 0K(45568K)->7712K(67072K)
[205.793s][info][gc,heap        ] GC(332) ParOldGen: 3807K(5592576K)->3807K(5592576K)
[205.793s][info][gc,metaspace   ] GC(332) Metaspace: 9228K(9536K)->9228K(9536K) NonClass: 8046K(8192K)->8046K(8192K) Class: 1182K(1344K)->1182K(1344K)
[205.793s][info][gc             ] GC(332) Pause Young (Allocation Failure) 2609M->11M(8128M) 3.583ms
[205.793s][info][gc,cpu         ] GC(332) User=0.00s Sys=0.00s Real=0.00s
[206.739s][info][gc,start       ] GC(333) Pause Young (Allocation Failure)
[206.746s][info][gc,heap        ] GC(333) PSYoungGen: 2671136K(2730496K)->15904K(2728960K) Eden: 2663424K(2663424K)->0K(2663424K) From: 7712K(67072K)->15904K(65536K)
[206.746s][info][gc,heap        ] GC(333) ParOldGen: 3807K(5592576K)->3855K(5592576K)
[206.746s][info][gc,metaspace   ] GC(333) Metaspace: 9228K(9536K)->9228K(9536K) NonClass: 8046K(8192K)->8046K(8192K) Class: 1182K(1344K)->1182K(1344K)
[206.746s][info][gc             ] GC(333) Pause Young (Allocation Failure) 2612M->19M(8126M) 7.301ms
[206.746s][info][gc,cpu         ] GC(333) User=0.00s Sys=0.00s Real=0.00s
[207.756s][info][gc,start       ] GC(334) Pause Young (System.gc())
[207.782s][info][gc,heap        ] GC(334) PSYoungGen: 2065527K(2728960K)->45216K(2724352K) Eden: 2049623K(2663424K)->0K(2661888K) From: 15904K(65536K)->45216K(62464K)
[207.783s][info][gc,heap        ] GC(334) ParOldGen: 3855K(5592576K)->16367K(5592576K)
[207.783s][info][gc,metaspace   ] GC(334) Metaspace: 9228K(9536K)->9228K(9536K) NonClass: 8046K(8192K)->8046K(8192K) Class: 1182K(1344K)->1182K(1344K)
[207.783s][info][gc             ] GC(334) Pause Young (System.gc()) 2020M->60M(8122M) 26.555ms
[207.783s][info][gc,cpu         ] GC(334) User=0.08s Sys=0.00s Real=0.03s
[207.783s][info][gc,start       ] GC(335) Pause Full (System.gc())
[207.783s][info][gc,phases,start] GC(335) Marking Phase
[207.786s][info][gc,phases      ] GC(335) Marking Phase 3.814ms
[207.787s][info][gc,phases,start] GC(335) Summary Phase
[207.787s][info][gc,phases      ] GC(335) Summary Phase 0.010ms
[207.787s][info][gc,phases,start] GC(335) Adjust Roots
[207.788s][info][gc,phases      ] GC(335) Adjust Roots 1.879ms
[207.788s][info][gc,phases,start] GC(335) Compaction Phase
[207.790s][info][gc,phases      ] GC(335) Compaction Phase 1.155ms
[207.790s][info][gc,phases,start] GC(335) Post Compact
[207.790s][info][gc,phases      ] GC(335) Post Compact 0.638ms
[207.790s][info][gc,heap        ] GC(335) PSYoungGen: 45216K(2724352K)->0K(2724352K) Eden: 0K(2661888K)->0K(2661888K) From: 45216K(62464K)->0K(62464K)
[207.790s][info][gc,heap        ] GC(335) ParOldGen: 16367K(5592576K)->3807K(5592576K)
[207.790s][info][gc,metaspace   ] GC(335) Metaspace: 9228K(9536K)->9228K(9536K) NonClass: 8046K(8192K)->8046K(8192K) Class: 1182K(1344K)->1182K(1344K)
[207.790s][info][gc             ] GC(335) Pause Full (System.gc()) 60M->3M(8122M) 7.697ms
[207.790s][info][gc,cpu         ] GC(335) User=0.00s Sys=0.00s Real=0.02s
[208.265s][info][gc,start       ] GC(336) Pause Young (Allocation Failure)
[208.268s][info][gc,heap        ] GC(336) PSYoungGen: 2661888K(2724352K)->7616K(2728960K) Eden: 2661888K(2661888K)->0K(2661888K) From: 0K(62464K)->7616K(67072K)
[208.268s][info][gc,heap        ] GC(336) ParOldGen: 3807K(5592576K)->3807K(5592576K)
[208.268s][info][gc,metaspace   ] GC(336) Metaspace: 9228K(9536K)->9228K(9536K) NonClass: 8046K(8192K)->8046K(8192K) Class: 1182K(1344K)->1182K(1344K)
[208.268s][info][gc             ] GC(336) Pause Young (Allocation Failure) 2603M->11M(8126M) 3.576ms
[208.268s][info][gc,cpu         ] GC(336) User=0.00s Sys=0.00s Real=0.00s
[209.211s][info][gc,start       ] GC(337) Pause Young (Allocation Failure)
[209.218s][info][gc,heap        ] GC(337) PSYoungGen: 2669504K(2728960K)->15840K(2733568K) Eden: 2661888K(2661888K)->0K(2668032K) From: 7616K(67072K)->15840K(65536K)
[209.218s][info][gc,heap        ] GC(337) ParOldGen: 3807K(5592576K)->3855K(5592576K)
[209.218s][info][gc,metaspace   ] GC(337) Metaspace: 9228K(9536K)->9228K(9536K) NonClass: 8046K(8192K)->8046K(8192K) Class: 1182K(1344K)->1182K(1344K)
[209.218s][info][gc             ] GC(337) Pause Young (Allocation Failure) 2610M->19M(8131M) 7.375ms
[209.218s][info][gc,cpu         ] GC(337) User=0.00s Sys=0.00s Real=0.00s
[210.251s][info][gc,start       ] GC(338) Pause Young (System.gc())
[210.276s][info][gc,heap        ] GC(338) PSYoungGen: 2092998K(2733568K)->45216K(2713600K) Eden: 2077158K(2668032K)->0K(2668032K) From: 15840K(65536K)->45216K(45568K)
[210.276s][info][gc,heap        ] GC(338) ParOldGen: 3855K(5592576K)->16343K(5592576K)
[210.276s][info][gc,metaspace   ] GC(338) Metaspace: 9228K(9536K)->9228K(9536K) NonClass: 8046K(8192K)->8046K(8192K) Class: 1182K(1344K)->1182K(1344K)
[210.277s][info][gc             ] GC(338) Pause Young (System.gc()) 2047M->60M(8111M) 25.181ms
[210.277s][info][gc,cpu         ] GC(338) User=0.05s Sys=0.00s Real=0.03s
[210.277s][info][gc,start       ] GC(339) Pause Full (System.gc())
[210.277s][info][gc,phases,start] GC(339) Marking Phase
[210.280s][info][gc,phases      ] GC(339) Marking Phase 3.886ms
[210.281s][info][gc,phases,start] GC(339) Summary Phase
[210.281s][info][gc,phases      ] GC(339) Summary Phase 0.010ms
[210.281s][info][gc,phases,start] GC(339) Adjust Roots
[210.282s][info][gc,phases      ] GC(339) Adjust Roots 1.245ms
[210.282s][info][gc,phases,start] GC(339) Compaction Phase
[210.284s][info][gc,phases      ] GC(339) Compaction Phase 1.886ms
[210.284s][info][gc,phases,start] GC(339) Post Compact
[210.284s][info][gc,phases      ] GC(339) Post Compact 0.528ms
[210.284s][info][gc,heap        ] GC(339) PSYoungGen: 45216K(2713600K)->0K(2713600K) Eden: 0K(2668032K)->0K(2668032K) From: 45216K(45568K)->0K(45568K)
[210.284s][info][gc,heap        ] GC(339) ParOldGen: 16343K(5592576K)->3807K(5592576K)
[210.284s][info][gc,metaspace   ] GC(339) Metaspace: 9228K(9536K)->9228K(9536K) NonClass: 8046K(8192K)->8046K(8192K) Class: 1182K(1344K)->1182K(1344K)
[210.284s][info][gc             ] GC(339) Pause Full (System.gc()) 60M->3M(8111M) 7.763ms
[210.284s][info][gc,cpu         ] GC(339) User=0.00s Sys=0.00s Real=0.00s
[210.761s][info][gc,start       ] GC(340) Pause Young (Allocation Failure)
[210.764s][info][gc,heap        ] GC(340) PSYoungGen: 2668032K(2713600K)->7648K(2730496K) Eden: 2668032K(2668032K)->0K(2663424K) From: 0K(45568K)->7648K(67072K)
[210.764s][info][gc,heap        ] GC(340) ParOldGen: 3807K(5592576K)->3807K(5592576K)
[210.764s][info][gc,metaspace   ] GC(340) Metaspace: 9228K(9536K)->9228K(9536K) NonClass: 8046K(8192K)->8046K(8192K) Class: 1182K(1344K)->1182K(1344K)
[210.764s][info][gc             ] GC(340) Pause Young (Allocation Failure) 2609M->11M(8128M) 3.589ms
[210.764s][info][gc,cpu         ] GC(340) User=0.00s Sys=0.00s Real=0.00s
[211.705s][info][gc,start       ] GC(341) Pause Young (Allocation Failure)
[211.713s][info][gc,heap        ] GC(341) PSYoungGen: 2671072K(2730496K)->15840K(2728960K) Eden: 2663424K(2663424K)->0K(2663424K) From: 7648K(67072K)->15840K(65536K)
[211.713s][info][gc,heap        ] GC(341) ParOldGen: 3807K(5592576K)->3855K(5592576K)
[211.713s][info][gc,metaspace   ] GC(341) Metaspace: 9228K(9536K)->9228K(9536K) NonClass: 8046K(8192K)->8046K(8192K) Class: 1182K(1344K)->1182K(1344K)
[211.713s][info][gc             ] GC(341) Pause Young (Allocation Failure) 2612M->19M(8126M) 7.443ms
[211.713s][info][gc,cpu         ] GC(341) User=0.02s Sys=0.00s Real=0.01s
[212.738s][info][gc,start       ] GC(342) Pause Young (System.gc())
[212.764s][info][gc,heap        ] GC(342) PSYoungGen: 2095307K(2728960K)->45216K(2724352K) Eden: 2079466K(2663424K)->0K(2661888K) From: 15840K(65536K)->45216K(62464K)
[212.764s][info][gc,heap        ] GC(342) ParOldGen: 3855K(5592576K)->16359K(5592576K)
[212.764s][info][gc,metaspace   ] GC(342) Metaspace: 9233K(9536K)->9233K(9536K) NonClass: 8051K(8192K)->8051K(8192K) Class: 1182K(1344K)->1182K(1344K)
[212.764s][info][gc             ] GC(342) Pause Young (System.gc()) 2049M->60M(8122M) 25.349ms
[212.764s][info][gc,cpu         ] GC(342) User=0.08s Sys=0.00s Real=0.01s
[212.764s][info][gc,start       ] GC(343) Pause Full (System.gc())
[212.764s][info][gc,phases,start] GC(343) Marking Phase
[212.768s][info][gc,phases      ] GC(343) Marking Phase 3.985ms
[212.768s][info][gc,phases,start] GC(343) Summary Phase
[212.768s][info][gc,phases      ] GC(343) Summary Phase 0.010ms
[212.768s][info][gc,phases,start] GC(343) Adjust Roots
[212.769s][info][gc,phases      ] GC(343) Adjust Roots 1.502ms
[212.769s][info][gc,phases,start] GC(343) Compaction Phase
[212.771s][info][gc,phases      ] GC(343) Compaction Phase 1.128ms
[212.771s][info][gc,phases,start] GC(343) Post Compact
[212.771s][info][gc,phases      ] GC(343) Post Compact 0.532ms
[212.771s][info][gc,heap        ] GC(343) PSYoungGen: 45216K(2724352K)->0K(2724352K) Eden: 0K(2661888K)->0K(2661888K) From: 45216K(62464K)->0K(62464K)
[212.771s][info][gc,heap        ] GC(343) ParOldGen: 16359K(5592576K)->3808K(5592576K)
[212.771s][info][gc,metaspace   ] GC(343) Metaspace: 9233K(9536K)->9233K(9536K) NonClass: 8051K(8192K)->8051K(8192K) Class: 1182K(1344K)->1182K(1344K)
[212.771s][info][gc             ] GC(343) Pause Full (System.gc()) 60M->3M(8122M) 7.321ms
[212.771s][info][gc,cpu         ] GC(343) User=0.00s Sys=0.00s Real=0.02s
[213.248s][info][gc,start       ] GC(344) Pause Young (Allocation Failure)
[213.252s][info][gc,heap        ] GC(344) PSYoungGen: 2661888K(2724352K)->7616K(2728960K) Eden: 2661888K(2661888K)->0K(2661888K) From: 0K(62464K)->7616K(67072K)
[213.252s][info][gc,heap        ] GC(344) ParOldGen: 3808K(5592576K)->3808K(5592576K)
[213.252s][info][gc,metaspace   ] GC(344) Metaspace: 9234K(9536K)->9234K(9536K) NonClass: 8052K(8192K)->8052K(8192K) Class: 1182K(1344K)->1182K(1344K)
[213.252s][info][gc             ] GC(344) Pause Young (Allocation Failure) 2603M->11M(8126M) 3.675ms
[213.252s][info][gc,cpu         ] GC(344) User=0.00s Sys=0.00s Real=0.00s
[214.190s][info][gc,start       ] GC(345) Pause Young (Allocation Failure)
[214.198s][info][gc,heap        ] GC(345) PSYoungGen: 2669504K(2728960K)->15840K(2733568K) Eden: 2661888K(2661888K)->0K(2668032K) From: 7616K(67072K)->15840K(65536K)
[214.198s][info][gc,heap        ] GC(345) ParOldGen: 3808K(5592576K)->3856K(5592576K)
[214.198s][info][gc,metaspace   ] GC(345) Metaspace: 9234K(9536K)->9234K(9536K) NonClass: 8052K(8192K)->8052K(8192K) Class: 1182K(1344K)->1182K(1344K)
[214.198s][info][gc             ] GC(345) Pause Young (Allocation Failure) 2610M->19M(8131M) 7.668ms
[214.198s][info][gc,cpu         ] GC(345) User=0.02s Sys=0.00s Real=0.02s
[215.225s][info][gc,start       ] GC(346) Pause Young (System.gc())
[215.250s][info][gc,heap        ] GC(346) PSYoungGen: 2070647K(2733568K)->45184K(2713600K) Eden: 2054807K(2668032K)->0K(2668032K) From: 15840K(65536K)->45184K(45568K)
[215.250s][info][gc,heap        ] GC(346) ParOldGen: 3856K(5592576K)->16352K(5592576K)
[215.250s][info][gc,metaspace   ] GC(346) Metaspace: 9235K(9536K)->9235K(9536K) NonClass: 8053K(8192K)->8053K(8192K) Class: 1182K(1344K)->1182K(1344K)
[215.250s][info][gc             ] GC(346) Pause Young (System.gc()) 2025M->60M(8111M) 25.187ms
[215.250s][info][gc,cpu         ] GC(346) User=0.09s Sys=0.00s Real=0.03s
[215.250s][info][gc,start       ] GC(347) Pause Full (System.gc())
[215.250s][info][gc,phases,start] GC(347) Marking Phase
[215.254s][info][gc,phases      ] GC(347) Marking Phase 4.275ms
[215.254s][info][gc,phases,start] GC(347) Summary Phase
[215.254s][info][gc,phases      ] GC(347) Summary Phase 0.011ms
[215.254s][info][gc,phases,start] GC(347) Adjust Roots
[215.256s][info][gc,phases      ] GC(347) Adjust Roots 1.117ms
[215.256s][info][gc,phases,start] GC(347) Compaction Phase
[215.257s][info][gc,phases      ] GC(347) Compaction Phase 1.638ms
[215.257s][info][gc,phases,start] GC(347) Post Compact
[215.258s][info][gc,phases      ] GC(347) Post Compact 0.517ms
[215.258s][info][gc,heap        ] GC(347) PSYoungGen: 45184K(2713600K)->0K(2713600K) Eden: 0K(2668032K)->0K(2668032K) From: 45184K(45568K)->0K(45568K)
[215.258s][info][gc,heap        ] GC(347) ParOldGen: 16352K(5592576K)->3808K(5592576K)
[215.258s][info][gc,metaspace   ] GC(347) Metaspace: 9235K(9536K)->9235K(9536K) NonClass: 8053K(8192K)->8053K(8192K) Class: 1182K(1344K)->1182K(1344K)
[215.258s][info][gc             ] GC(347) Pause Full (System.gc()) 60M->3M(8111M) 7.731ms
[215.258s][info][gc,cpu         ] GC(347) User=0.00s Sys=0.00s Real=0.00s
[215.732s][info][gc,start       ] GC(348) Pause Young (Allocation Failure)
[215.736s][info][gc,heap        ] GC(348) PSYoungGen: 2668032K(2713600K)->7680K(2730496K) Eden: 2668032K(2668032K)->0K(2663424K) From: 0K(45568K)->7680K(67072K)
[215.736s][info][gc,heap        ] GC(348) ParOldGen: 3808K(5592576K)->3808K(5592576K)
[215.736s][info][gc,metaspace   ] GC(348) Metaspace: 9235K(9536K)->9235K(9536K) NonClass: 8053K(8192K)->8053K(8192K) Class: 1182K(1344K)->1182K(1344K)
[215.736s][info][gc             ] GC(348) Pause Young (Allocation Failure) 2609M->11M(8128M) 3.929ms
[215.736s][info][gc,cpu         ] GC(348) User=0.00s Sys=0.00s Real=0.01s
[216.683s][info][gc,start       ] GC(349) Pause Young (Allocation Failure)
[216.691s][info][gc,heap        ] GC(349) PSYoungGen: 2671104K(2730496K)->15904K(2728960K) Eden: 2663424K(2663424K)->0K(2663424K) From: 7680K(67072K)->15904K(65536K)
[216.691s][info][gc,heap        ] GC(349) ParOldGen: 3808K(5592576K)->3856K(5592576K)
[216.691s][info][gc,metaspace   ] GC(349) Metaspace: 9235K(9536K)->9235K(9536K) NonClass: 8053K(8192K)->8053K(8192K) Class: 1182K(1344K)->1182K(1344K)
[216.691s][info][gc             ] GC(349) Pause Young (Allocation Failure) 2612M->19M(8126M) 7.422ms
[216.691s][info][gc,cpu         ] GC(349) User=0.00s Sys=0.00s Real=0.00s
[217.711s][info][gc,start       ] GC(350) Pause Young (System.gc())
[217.737s][info][gc,heap        ] GC(350) PSYoungGen: 2058794K(2728960K)->45248K(2724352K) Eden: 2042890K(2663424K)->0K(2661888K) From: 15904K(65536K)->45248K(62464K)
[217.737s][info][gc,heap        ] GC(350) ParOldGen: 3856K(5592576K)->16352K(5592576K)
[217.737s][info][gc,metaspace   ] GC(350) Metaspace: 9235K(9536K)->9235K(9536K) NonClass: 8053K(8192K)->8053K(8192K) Class: 1182K(1344K)->1182K(1344K)
[217.737s][info][gc             ] GC(350) Pause Young (System.gc()) 2014M->60M(8122M) 25.299ms
[217.737s][info][gc,cpu         ] GC(350) User=0.12s Sys=0.00s Real=0.03s
[217.737s][info][gc,start       ] GC(351) Pause Full (System.gc())
[217.737s][info][gc,phases,start] GC(351) Marking Phase
[217.741s][info][gc,phases      ] GC(351) Marking Phase 4.443ms
[217.741s][info][gc,phases,start] GC(351) Summary Phase
[217.741s][info][gc,phases      ] GC(351) Summary Phase 0.010ms
[217.741s][info][gc,phases,start] GC(351) Adjust Roots
[217.743s][info][gc,phases      ] GC(351) Adjust Roots 1.281ms
[217.743s][info][gc,phases,start] GC(351) Compaction Phase
[217.744s][info][gc,phases      ] GC(351) Compaction Phase 1.279ms
[217.744s][info][gc,phases,start] GC(351) Post Compact
[217.745s][info][gc,phases      ] GC(351) Post Compact 0.876ms
[217.745s][info][gc,heap        ] GC(351) PSYoungGen: 45248K(2724352K)->0K(2724352K) Eden: 0K(2661888K)->0K(2661888K) From: 45248K(62464K)->0K(62464K)
[217.745s][info][gc,heap        ] GC(351) ParOldGen: 16352K(5592576K)->3808K(5592576K)
[217.745s][info][gc,metaspace   ] GC(351) Metaspace: 9235K(9536K)->9235K(9536K) NonClass: 8053K(8192K)->8053K(8192K) Class: 1182K(1344K)->1182K(1344K)
[217.745s][info][gc             ] GC(351) Pause Full (System.gc()) 60M->3M(8122M) 8.108ms
[217.745s][info][gc,cpu         ] GC(351) User=0.00s Sys=0.00s Real=0.02s
[218.219s][info][gc,start       ] GC(352) Pause Young (Allocation Failure)
[218.222s][info][gc,heap        ] GC(352) PSYoungGen: 2661888K(2724352K)->7616K(2728960K) Eden: 2661888K(2661888K)->0K(2661888K) From: 0K(62464K)->7616K(67072K)
[218.223s][info][gc,heap        ] GC(352) ParOldGen: 3808K(5592576K)->3808K(5592576K)
[218.223s][info][gc,metaspace   ] GC(352) Metaspace: 9235K(9536K)->9235K(9536K) NonClass: 8053K(8192K)->8053K(8192K) Class: 1182K(1344K)->1182K(1344K)
[218.223s][info][gc             ] GC(352) Pause Young (Allocation Failure) 2603M->11M(8126M) 3.734ms
[218.223s][info][gc,cpu         ] GC(352) User=0.00s Sys=0.00s Real=0.00s
[219.159s][info][gc,start       ] GC(353) Pause Young (Allocation Failure)
[219.166s][info][gc,heap        ] GC(353) PSYoungGen: 2669504K(2728960K)->15808K(2733568K) Eden: 2661888K(2661888K)->0K(2668032K) From: 7616K(67072K)->15808K(65536K)
[219.166s][info][gc,heap        ] GC(353) ParOldGen: 3808K(5592576K)->3864K(5592576K)
[219.166s][info][gc,metaspace   ] GC(353) Metaspace: 9235K(9536K)->9235K(9536K) NonClass: 8053K(8192K)->8053K(8192K) Class: 1182K(1344K)->1182K(1344K)
[219.166s][info][gc             ] GC(353) Pause Young (Allocation Failure) 2610M->19M(8131M) 7.535ms
[219.166s][info][gc,cpu         ] GC(353) User=0.00s Sys=0.00s Real=0.00s
[220.197s][info][gc,start       ] GC(354) Pause Young (System.gc())
[220.223s][info][gc,heap        ] GC(354) PSYoungGen: 2092739K(2733568K)->45216K(2713600K) Eden: 2076931K(2668032K)->0K(2668032K) From: 15808K(65536K)->45216K(45568K)
[220.223s][info][gc,heap        ] GC(354) ParOldGen: 3864K(5592576K)->16368K(5592576K)
[220.223s][info][gc,metaspace   ] GC(354) Metaspace: 9235K(9536K)->9235K(9536K) NonClass: 8053K(8192K)->8053K(8192K) Class: 1182K(1344K)->1182K(1344K)
[220.223s][info][gc             ] GC(354) Pause Young (System.gc()) 2047M->60M(8111M) 25.617ms
[220.223s][info][gc,cpu         ] GC(354) User=0.08s Sys=0.00s Real=0.02s
[220.223s][info][gc,start       ] GC(355) Pause Full (System.gc())
[220.223s][info][gc,phases,start] GC(355) Marking Phase
[220.227s][info][gc,phases      ] GC(355) Marking Phase 3.993ms
[220.227s][info][gc,phases,start] GC(355) Summary Phase
[220.227s][info][gc,phases      ] GC(355) Summary Phase 0.010ms
[220.227s][info][gc,phases,start] GC(355) Adjust Roots
[220.229s][info][gc,phases      ] GC(355) Adjust Roots 1.883ms
[220.229s][info][gc,phases,start] GC(355) Compaction Phase
[220.230s][info][gc,phases      ] GC(355) Compaction Phase 1.125ms
[220.230s][info][gc,phases,start] GC(355) Post Compact
[220.230s][info][gc,phases      ] GC(355) Post Compact 0.515ms
[220.230s][info][gc,heap        ] GC(355) PSYoungGen: 45216K(2713600K)->0K(2713600K) Eden: 0K(2668032K)->0K(2668032K) From: 45216K(45568K)->0K(45568K)
[220.230s][info][gc,heap        ] GC(355) ParOldGen: 16368K(5592576K)->3808K(5592576K)
[220.230s][info][gc,metaspace   ] GC(355) Metaspace: 9235K(9536K)->9235K(9536K) NonClass: 8053K(8192K)->8053K(8192K) Class: 1182K(1344K)->1182K(1344K)
[220.230s][info][gc             ] GC(355) Pause Full (System.gc()) 60M->3M(8111M) 7.705ms
[220.230s][info][gc,cpu         ] GC(355) User=0.00s Sys=0.00s Real=0.02s
[220.705s][info][gc,start       ] GC(356) Pause Young (Allocation Failure)
[220.708s][info][gc,heap        ] GC(356) PSYoungGen: 2668032K(2713600K)->7616K(2730496K) Eden: 2668032K(2668032K)->0K(2663424K) From: 0K(45568K)->7616K(67072K)
[220.708s][info][gc,heap        ] GC(356) ParOldGen: 3808K(5592576K)->3808K(5592576K)
[220.708s][info][gc,metaspace   ] GC(356) Metaspace: 9235K(9536K)->9235K(9536K) NonClass: 8053K(8192K)->8053K(8192K) Class: 1182K(1344K)->1182K(1344K)
[220.708s][info][gc             ] GC(356) Pause Young (Allocation Failure) 2609M->11M(8128M) 3.680ms
[220.708s][info][gc,cpu         ] GC(356) User=0.00s Sys=0.00s Real=0.00s
[221.648s][info][gc,start       ] GC(357) Pause Young (Allocation Failure)
[221.655s][info][gc,heap        ] GC(357) PSYoungGen: 2671040K(2730496K)->15840K(2728960K) Eden: 2663424K(2663424K)->0K(2663424K) From: 7616K(67072K)->15840K(65536K)
[221.655s][info][gc,heap        ] GC(357) ParOldGen: 3808K(5592576K)->3856K(5592576K)
[221.655s][info][gc,metaspace   ] GC(357) Metaspace: 9235K(9536K)->9235K(9536K) NonClass: 8053K(8192K)->8053K(8192K) Class: 1182K(1344K)->1182K(1344K)
[221.655s][info][gc             ] GC(357) Pause Young (Allocation Failure) 2612M->19M(8126M) 7.612ms
[221.655s][info][gc,cpu         ] GC(357) User=0.02s Sys=0.00s Real=0.02s
[222.678s][info][gc,start       ] GC(358) Pause Young (System.gc())
[222.703s][info][gc,heap        ] GC(358) PSYoungGen: 2075702K(2728960K)->45216K(2724352K) Eden: 2059862K(2663424K)->0K(2661888K) From: 15840K(65536K)->45216K(62464K)
[222.703s][info][gc,heap        ] GC(358) ParOldGen: 3856K(5592576K)->16360K(5592576K)
[222.703s][info][gc,metaspace   ] GC(358) Metaspace: 9235K(9536K)->9235K(9536K) NonClass: 8053K(8192K)->8053K(8192K) Class: 1182K(1344K)->1182K(1344K)
[222.703s][info][gc             ] GC(358) Pause Young (System.gc()) 2030M->60M(8122M) 25.160ms
[222.704s][info][gc,cpu         ] GC(358) User=0.02s Sys=0.00s Real=0.02s
[222.704s][info][gc,start       ] GC(359) Pause Full (System.gc())
[222.704s][info][gc,phases,start] GC(359) Marking Phase
[222.707s][info][gc,phases      ] GC(359) Marking Phase 3.781ms
[222.707s][info][gc,phases,start] GC(359) Summary Phase
[222.707s][info][gc,phases      ] GC(359) Summary Phase 0.009ms
[222.707s][info][gc,phases,start] GC(359) Adjust Roots
[222.709s][info][gc,phases      ] GC(359) Adjust Roots 1.904ms
[222.709s][info][gc,phases,start] GC(359) Compaction Phase
[222.711s][info][gc,phases      ] GC(359) Compaction Phase 1.411ms
[222.711s][info][gc,phases,start] GC(359) Post Compact
[222.711s][info][gc,phases      ] GC(359) Post Compact 0.513ms
[222.711s][info][gc,heap        ] GC(359) PSYoungGen: 45216K(2724352K)->0K(2724352K) Eden: 0K(2661888K)->0K(2661888K) From: 45216K(62464K)->0K(62464K)
[222.711s][info][gc,heap        ] GC(359) ParOldGen: 16360K(5592576K)->3808K(5592576K)
[222.711s][info][gc,metaspace   ] GC(359) Metaspace: 9235K(9536K)->9235K(9536K) NonClass: 8053K(8192K)->8053K(8192K) Class: 1182K(1344K)->1182K(1344K)
[222.711s][info][gc             ] GC(359) Pause Full (System.gc()) 60M->3M(8122M) 7.817ms
[222.711s][info][gc,cpu         ] GC(359) User=0.03s Sys=0.00s Real=0.02s
[223.186s][info][gc,start       ] GC(360) Pause Young (Allocation Failure)
[223.190s][info][gc,heap        ] GC(360) PSYoungGen: 2661888K(2724352K)->7648K(2728960K) Eden: 2661888K(2661888K)->0K(2661888K) From: 0K(62464K)->7648K(67072K)
[223.190s][info][gc,heap        ] GC(360) ParOldGen: 3808K(5592576K)->3808K(5592576K)
[223.190s][info][gc,metaspace   ] GC(360) Metaspace: 9237K(9536K)->9237K(9536K) NonClass: 8055K(8192K)->8055K(8192K) Class: 1182K(1344K)->1182K(1344K)
[223.190s][info][gc             ] GC(360) Pause Young (Allocation Failure) 2603M->11M(8126M) 3.687ms
[223.190s][info][gc,cpu         ] GC(360) User=0.00s Sys=0.00s Real=0.00s
[224.130s][info][gc,start       ] GC(361) Pause Young (Allocation Failure)
[224.137s][info][gc,heap        ] GC(361) PSYoungGen: 2669536K(2728960K)->15776K(2733568K) Eden: 2661888K(2661888K)->0K(2668032K) From: 7648K(67072K)->15776K(65536K)
[224.138s][info][gc,heap        ] GC(361) ParOldGen: 3808K(5592576K)->3856K(5592576K)
[224.138s][info][gc,metaspace   ] GC(361) Metaspace: 9237K(9536K)->9237K(9536K) NonClass: 8055K(8192K)->8055K(8192K) Class: 1182K(1344K)->1182K(1344K)
[224.138s][info][gc             ] GC(361) Pause Young (Allocation Failure) 2610M->19M(8131M) 7.654ms
[224.138s][info][gc,cpu         ] GC(361) User=0.02s Sys=0.00s Real=0.02s
[225.168s][info][gc,start       ] GC(362) Pause Young (System.gc())
[225.193s][info][gc,heap        ] GC(362) PSYoungGen: 2101234K(2733568K)->45184K(2713600K) Eden: 2085457K(2668032K)->0K(2668032K) From: 15776K(65536K)->45184K(45568K)
[225.193s][info][gc,heap        ] GC(362) ParOldGen: 3856K(5592576K)->16344K(5592576K)
[225.193s][info][gc,metaspace   ] GC(362) Metaspace: 9237K(9536K)->9237K(9536K) NonClass: 8055K(8192K)->8055K(8192K) Class: 1182K(1344K)->1182K(1344K)
[225.193s][info][gc             ] GC(362) Pause Young (System.gc()) 2055M->60M(8111M) 25.420ms
[225.193s][info][gc,cpu         ] GC(362) User=0.09s Sys=0.00s Real=0.03s
[225.193s][info][gc,start       ] GC(363) Pause Full (System.gc())
[225.193s][info][gc,phases,start] GC(363) Marking Phase
[225.197s][info][gc,phases      ] GC(363) Marking Phase 3.838ms
[225.197s][info][gc,phases,start] GC(363) Summary Phase
[225.197s][info][gc,phases      ] GC(363) Summary Phase 0.010ms
[225.197s][info][gc,phases,start] GC(363) Adjust Roots
[225.198s][info][gc,phases      ] GC(363) Adjust Roots 1.201ms
[225.198s][info][gc,phases,start] GC(363) Compaction Phase
[225.200s][info][gc,phases      ] GC(363) Compaction Phase 1.818ms
[225.200s][info][gc,phases,start] GC(363) Post Compact
[225.201s][info][gc,phases      ] GC(363) Post Compact 0.614ms
[225.201s][info][gc,heap        ] GC(363) PSYoungGen: 45184K(2713600K)->0K(2713600K) Eden: 0K(2668032K)->0K(2668032K) From: 45184K(45568K)->0K(45568K)
[225.201s][info][gc,heap        ] GC(363) ParOldGen: 16344K(5592576K)->3808K(5592576K)
[225.201s][info][gc,metaspace   ] GC(363) Metaspace: 9237K(9536K)->9237K(9536K) NonClass: 8055K(8192K)->8055K(8192K) Class: 1182K(1344K)->1182K(1344K)
[225.201s][info][gc             ] GC(363) Pause Full (System.gc()) 60M->3M(8111M) 7.693ms
[225.201s][info][gc,cpu         ] GC(363) User=0.00s Sys=0.00s Real=0.00s
[225.683s][info][gc,start       ] GC(364) Pause Young (Allocation Failure)
[225.687s][info][gc,heap        ] GC(364) PSYoungGen: 2668032K(2713600K)->7712K(2730496K) Eden: 2668032K(2668032K)->0K(2663424K) From: 0K(45568K)->7712K(67072K)
[225.687s][info][gc,heap        ] GC(364) ParOldGen: 3808K(5592576K)->3808K(5592576K)
[225.687s][info][gc,metaspace   ] GC(364) Metaspace: 9237K(9536K)->9237K(9536K) NonClass: 8055K(8192K)->8055K(8192K) Class: 1182K(1344K)->1182K(1344K)
[225.687s][info][gc             ] GC(364) Pause Young (Allocation Failure) 2609M->11M(8128M) 3.675ms
[225.687s][info][gc,cpu         ] GC(364) User=0.00s Sys=0.00s Real=0.00s
[226.640s][info][gc,start       ] GC(365) Pause Young (Allocation Failure)
[226.648s][info][gc,heap        ] GC(365) PSYoungGen: 2671136K(2730496K)->15968K(2728960K) Eden: 2663424K(2663424K)->0K(2663424K) From: 7712K(67072K)->15968K(65536K)
[226.648s][info][gc,heap        ] GC(365) ParOldGen: 3808K(5592576K)->3856K(5592576K)
[226.648s][info][gc,metaspace   ] GC(365) Metaspace: 9237K(9536K)->9237K(9536K) NonClass: 8055K(8192K)->8055K(8192K) Class: 1182K(1344K)->1182K(1344K)
[226.648s][info][gc             ] GC(365) Pause Young (Allocation Failure) 2612M->19M(8126M) 7.845ms
[226.648s][info][gc,cpu         ] GC(365) User=0.02s Sys=0.00s Real=0.02s
[227.663s][info][gc,start       ] GC(366) Pause Young (System.gc())
[227.688s][info][gc,heap        ] GC(366) PSYoungGen: 2051423K(2728960K)->45216K(2724352K) Eden: 2035455K(2663424K)->0K(2661888K) From: 15968K(65536K)->45216K(62464K)
[227.688s][info][gc,heap        ] GC(366) ParOldGen: 3856K(5592576K)->16344K(5592576K)
[227.688s][info][gc,metaspace   ] GC(366) Metaspace: 9237K(9536K)->9237K(9536K) NonClass: 8055K(8192K)->8055K(8192K) Class: 1182K(1344K)->1182K(1344K)
[227.688s][info][gc             ] GC(366) Pause Young (System.gc()) 2007M->60M(8122M) 25.231ms
[227.688s][info][gc,cpu         ] GC(366) User=0.11s Sys=0.00s Real=0.03s
[227.688s][info][gc,start       ] GC(367) Pause Full (System.gc())
[227.688s][info][gc,phases,start] GC(367) Marking Phase
[227.692s][info][gc,phases      ] GC(367) Marking Phase 3.778ms
[227.692s][info][gc,phases,start] GC(367) Summary Phase
[227.692s][info][gc,phases      ] GC(367) Summary Phase 0.010ms
[227.692s][info][gc,phases,start] GC(367) Adjust Roots
[227.693s][info][gc,phases      ] GC(367) Adjust Roots 1.538ms
[227.693s][info][gc,phases,start] GC(367) Compaction Phase
[227.694s][info][gc,phases      ] GC(367) Compaction Phase 1.202ms
[227.694s][info][gc,phases,start] GC(367) Post Compact
[227.695s][info][gc,phases      ] GC(367) Post Compact 0.593ms
[227.695s][info][gc,heap        ] GC(367) PSYoungGen: 45216K(2724352K)->0K(2724352K) Eden: 0K(2661888K)->0K(2661888K) From: 45216K(62464K)->0K(62464K)
[227.695s][info][gc,heap        ] GC(367) ParOldGen: 16344K(5592576K)->3808K(5592576K)
[227.695s][info][gc,metaspace   ] GC(367) Metaspace: 9237K(9536K)->9237K(9536K) NonClass: 8055K(8192K)->8055K(8192K) Class: 1182K(1344K)->1182K(1344K)
[227.695s][info][gc             ] GC(367) Pause Full (System.gc()) 60M->3M(8122M) 7.317ms
[227.695s][info][gc,cpu         ] GC(367) User=0.00s Sys=0.00s Real=0.00s
[228.171s][info][gc,start       ] GC(368) Pause Young (Allocation Failure)
[228.175s][info][gc,heap        ] GC(368) PSYoungGen: 2661888K(2724352K)->7584K(2728960K) Eden: 2661888K(2661888K)->0K(2661888K) From: 0K(62464K)->7584K(67072K)
[228.175s][info][gc,heap        ] GC(368) ParOldGen: 3808K(5592576K)->3808K(5592576K)
[228.175s][info][gc,metaspace   ] GC(368) Metaspace: 9237K(9536K)->9237K(9536K) NonClass: 8055K(8192K)->8055K(8192K) Class: 1182K(1344K)->1182K(1344K)
[228.175s][info][gc             ] GC(368) Pause Young (Allocation Failure) 2603M->11M(8126M) 3.625ms
[228.175s][info][gc,cpu         ] GC(368) User=0.00s Sys=0.00s Real=0.00s
[229.121s][info][gc,start       ] GC(369) Pause Young (Allocation Failure)
[229.128s][info][gc,heap        ] GC(369) PSYoungGen: 2669472K(2728960K)->15808K(2733568K) Eden: 2661888K(2661888K)->0K(2668032K) From: 7584K(67072K)->15808K(65536K)
[229.128s][info][gc,heap        ] GC(369) ParOldGen: 3808K(5592576K)->3856K(5592576K)
[229.128s][info][gc,metaspace   ] GC(369) Metaspace: 9237K(9536K)->9237K(9536K) NonClass: 8055K(8192K)->8055K(8192K) Class: 1182K(1344K)->1182K(1344K)
[229.128s][info][gc             ] GC(369) Pause Young (Allocation Failure) 2610M->19M(8131M) 7.606ms
[229.128s][info][gc,cpu         ] GC(369) User=0.02s Sys=0.00s Real=0.01s
[230.149s][info][gc,start       ] GC(370) Pause Young (System.gc())
[230.174s][info][gc,heap        ] GC(370) PSYoungGen: 2077260K(2733568K)->45184K(2713600K) Eden: 2061452K(2668032K)->0K(2668032K) From: 15808K(65536K)->45184K(45568K)
[230.174s][info][gc,heap        ] GC(370) ParOldGen: 3856K(5592576K)->16352K(5592576K)
[230.174s][info][gc,metaspace   ] GC(370) Metaspace: 9237K(9536K)->9237K(9536K) NonClass: 8055K(8192K)->8055K(8192K) Class: 1182K(1344K)->1182K(1344K)
[230.175s][info][gc             ] GC(370) Pause Young (System.gc()) 2032M->60M(8111M) 25.219ms
[230.175s][info][gc,cpu         ] GC(370) User=0.08s Sys=0.00s Real=0.02s
[230.175s][info][gc,start       ] GC(371) Pause Full (System.gc())
[230.175s][info][gc,phases,start] GC(371) Marking Phase
[230.179s][info][gc,phases      ] GC(371) Marking Phase 3.953ms
[230.179s][info][gc,phases,start] GC(371) Summary Phase
[230.179s][info][gc,phases      ] GC(371) Summary Phase 0.010ms
[230.179s][info][gc,phases,start] GC(371) Adjust Roots
[230.180s][info][gc,phases      ] GC(371) Adjust Roots 1.498ms
[230.180s][info][gc,phases,start] GC(371) Compaction Phase
[230.182s][info][gc,phases      ] GC(371) Compaction Phase 1.510ms
[230.182s][info][gc,phases,start] GC(371) Post Compact
[230.182s][info][gc,phases      ] GC(371) Post Compact 0.595ms
[230.182s][info][gc,heap        ] GC(371) PSYoungGen: 45184K(2713600K)->0K(2713600K) Eden: 0K(2668032K)->0K(2668032K) From: 45184K(45568K)->0K(45568K)
[230.182s][info][gc,heap        ] GC(371) ParOldGen: 16352K(5592576K)->3808K(5592576K)
[230.182s][info][gc,metaspace   ] GC(371) Metaspace: 9237K(9536K)->9237K(9536K) NonClass: 8055K(8192K)->8055K(8192K) Class: 1182K(1344K)->1182K(1344K)
[230.182s][info][gc             ] GC(371) Pause Full (System.gc()) 60M->3M(8111M) 7.762ms
[230.182s][info][gc,cpu         ] GC(371) User=0.00s Sys=0.00s Real=0.02s
[230.660s][info][gc,start       ] GC(372) Pause Young (Allocation Failure)
[230.664s][info][gc,heap        ] GC(372) PSYoungGen: 2668032K(2713600K)->7680K(2730496K) Eden: 2668032K(2668032K)->0K(2663424K) From: 0K(45568K)->7680K(67072K)
[230.664s][info][gc,heap        ] GC(372) ParOldGen: 3808K(5592576K)->3808K(5592576K)
[230.664s][info][gc,metaspace   ] GC(372) Metaspace: 9237K(9536K)->9237K(9536K) NonClass: 8055K(8192K)->8055K(8192K) Class: 1182K(1344K)->1182K(1344K)
[230.664s][info][gc             ] GC(372) Pause Young (Allocation Failure) 2609M->11M(8128M) 3.750ms
[230.664s][info][gc,cpu         ] GC(372) User=0.00s Sys=0.00s Real=0.00s
[231.598s][info][gc,start       ] GC(373) Pause Young (Allocation Failure)
[231.605s][info][gc,heap        ] GC(373) PSYoungGen: 2671104K(2730496K)->15808K(2728960K) Eden: 2663424K(2663424K)->0K(2663424K) From: 7680K(67072K)->15808K(65536K)
[231.605s][info][gc,heap        ] GC(373) ParOldGen: 3808K(5592576K)->3856K(5592576K)
[231.605s][info][gc,metaspace   ] GC(373) Metaspace: 9237K(9536K)->9237K(9536K) NonClass: 8055K(8192K)->8055K(8192K) Class: 1182K(1344K)->1182K(1344K)
[231.605s][info][gc             ] GC(373) Pause Young (Allocation Failure) 2612M->19M(8126M) 7.703ms
[231.605s][info][gc,cpu         ] GC(373) User=0.00s Sys=0.00s Real=0.00s
[232.629s][info][gc,start       ] GC(374) Pause Young (System.gc())
[232.654s][info][gc,heap        ] GC(374) PSYoungGen: 2071986K(2728960K)->45216K(2724352K) Eden: 2056178K(2663424K)->0K(2661888K) From: 15808K(65536K)->45216K(62464K)
[232.655s][info][gc,heap        ] GC(374) ParOldGen: 3856K(5592576K)->16344K(5592576K)
[232.655s][info][gc,metaspace   ] GC(374) Metaspace: 9237K(9536K)->9237K(9536K) NonClass: 8055K(8192K)->8055K(8192K) Class: 1182K(1344K)->1182K(1344K)
[232.655s][info][gc             ] GC(374) Pause Young (System.gc()) 2027M->60M(8122M) 25.423ms
[232.655s][info][gc,cpu         ] GC(374) User=0.08s Sys=0.00s Real=0.02s
[232.655s][info][gc,start       ] GC(375) Pause Full (System.gc())
[232.655s][info][gc,phases,start] GC(375) Marking Phase
[232.659s][info][gc,phases      ] GC(375) Marking Phase 4.134ms
[232.659s][info][gc,phases,start] GC(375) Summary Phase
[232.659s][info][gc,phases      ] GC(375) Summary Phase 0.011ms
[232.659s][info][gc,phases,start] GC(375) Adjust Roots
[232.661s][info][gc,phases      ] GC(375) Adjust Roots 1.767ms
[232.661s][info][gc,phases,start] GC(375) Compaction Phase
[232.662s][info][gc,phases      ] GC(375) Compaction Phase 1.219ms
[232.662s][info][gc,phases,start] GC(375) Post Compact
[232.663s][info][gc,phases      ] GC(375) Post Compact 0.758ms
[232.663s][info][gc,heap        ] GC(375) PSYoungGen: 45216K(2724352K)->0K(2724352K) Eden: 0K(2661888K)->0K(2661888K) From: 45216K(62464K)->0K(62464K)
[232.663s][info][gc,heap        ] GC(375) ParOldGen: 16344K(5592576K)->3808K(5592576K)
[232.663s][info][gc,metaspace   ] GC(375) Metaspace: 9237K(9536K)->9237K(9536K) NonClass: 8055K(8192K)->8055K(8192K) Class: 1182K(1344K)->1182K(1344K)
[232.663s][info][gc             ] GC(375) Pause Full (System.gc()) 60M->3M(8122M) 8.170ms
[232.663s][info][gc,cpu         ] GC(375) User=0.00s Sys=0.00s Real=0.02s
[233.143s][info][gc,start       ] GC(376) Pause Young (Allocation Failure)
[233.147s][info][gc,heap        ] GC(376) PSYoungGen: 2661888K(2724352K)->7680K(2728960K) Eden: 2661888K(2661888K)->0K(2661888K) From: 0K(62464K)->7680K(67072K)
[233.147s][info][gc,heap        ] GC(376) ParOldGen: 3808K(5592576K)->3808K(5592576K)
[233.147s][info][gc,metaspace   ] GC(376) Metaspace: 9237K(9536K)->9237K(9536K) NonClass: 8055K(8192K)->8055K(8192K) Class: 1182K(1344K)->1182K(1344K)
[233.147s][info][gc             ] GC(376) Pause Young (Allocation Failure) 2603M->11M(8126M) 3.693ms
[233.147s][info][gc,cpu         ] GC(376) User=0.00s Sys=0.00s Real=0.00s
[234.090s][info][gc,start       ] GC(377) Pause Young (Allocation Failure)
[234.097s][info][gc,heap        ] GC(377) PSYoungGen: 2669568K(2728960K)->15872K(2733568K) Eden: 2661888K(2661888K)->0K(2668032K) From: 7680K(67072K)->15872K(65536K)
[234.097s][info][gc,heap        ] GC(377) ParOldGen: 3808K(5592576K)->3848K(5592576K)
[234.097s][info][gc,metaspace   ] GC(377) Metaspace: 9237K(9536K)->9237K(9536K) NonClass: 8055K(8192K)->8055K(8192K) Class: 1182K(1344K)->1182K(1344K)
[234.097s][info][gc             ] GC(377) Pause Young (Allocation Failure) 2610M->19M(8131M) 7.586ms
[234.097s][info][gc,cpu         ] GC(377) User=0.02s Sys=0.00s Real=0.02s
[235.115s][info][gc,start       ] GC(378) Pause Young (System.gc())
[235.140s][info][gc,heap        ] GC(378) PSYoungGen: 2038460K(2733568K)->45248K(2713600K) Eden: 2022588K(2668032K)->0K(2668032K) From: 15872K(65536K)->45248K(45568K)
[235.140s][info][gc,heap        ] GC(378) ParOldGen: 3848K(5592576K)->16344K(5592576K)
[235.140s][info][gc,metaspace   ] GC(378) Metaspace: 9237K(9536K)->9237K(9536K) NonClass: 8055K(8192K)->8055K(8192K) Class: 1182K(1344K)->1182K(1344K)
[235.140s][info][gc             ] GC(378) Pause Young (System.gc()) 1994M->60M(8111M) 25.253ms
[235.140s][info][gc,cpu         ] GC(378) User=0.08s Sys=0.00s Real=0.02s
[235.140s][info][gc,start       ] GC(379) Pause Full (System.gc())
[235.140s][info][gc,phases,start] GC(379) Marking Phase
[235.144s][info][gc,phases      ] GC(379) Marking Phase 3.812ms
[235.144s][info][gc,phases,start] GC(379) Summary Phase
[235.144s][info][gc,phases      ] GC(379) Summary Phase 0.009ms
[235.144s][info][gc,phases,start] GC(379) Adjust Roots
[235.146s][info][gc,phases      ] GC(379) Adjust Roots 1.562ms
[235.146s][info][gc,phases,start] GC(379) Compaction Phase
[235.147s][info][gc,phases      ] GC(379) Compaction Phase 1.297ms
[235.147s][info][gc,phases,start] GC(379) Post Compact
[235.148s][info][gc,phases      ] GC(379) Post Compact 0.725ms
[235.148s][info][gc,heap        ] GC(379) PSYoungGen: 45248K(2713600K)->0K(2713600K) Eden: 0K(2668032K)->0K(2668032K) From: 45248K(45568K)->0K(45568K)
[235.148s][info][gc,heap        ] GC(379) ParOldGen: 16344K(5592576K)->3808K(5592576K)
[235.148s][info][gc,metaspace   ] GC(379) Metaspace: 9237K(9536K)->9237K(9536K) NonClass: 8055K(8192K)->8055K(8192K) Class: 1182K(1344K)->1182K(1344K)
[235.148s][info][gc             ] GC(379) Pause Full (System.gc()) 60M->3M(8111M) 7.582ms
[235.148s][info][gc,cpu         ] GC(379) User=0.02s Sys=0.00s Real=0.02s
[235.621s][info][gc,start       ] GC(380) Pause Young (Allocation Failure)
[235.625s][info][gc,heap        ] GC(380) PSYoungGen: 2668032K(2713600K)->7680K(2730496K) Eden: 2668032K(2668032K)->0K(2663424K) From: 0K(45568K)->7680K(67072K)
[235.625s][info][gc,heap        ] GC(380) ParOldGen: 3808K(5592576K)->3808K(5592576K)
[235.625s][info][gc,metaspace   ] GC(380) Metaspace: 9237K(9536K)->9237K(9536K) NonClass: 8055K(8192K)->8055K(8192K) Class: 1182K(1344K)->1182K(1344K)
[235.625s][info][gc             ] GC(380) Pause Young (Allocation Failure) 2609M->11M(8128M) 3.639ms
[235.625s][info][gc,cpu         ] GC(380) User=0.00s Sys=0.00s Real=0.00s
[236.566s][info][gc,start       ] GC(381) Pause Young (Allocation Failure)
[236.574s][info][gc,heap        ] GC(381) PSYoungGen: 2671104K(2730496K)->15872K(2728960K) Eden: 2663424K(2663424K)->0K(2663424K) From: 7680K(67072K)->15872K(65536K)
[236.574s][info][gc,heap        ] GC(381) ParOldGen: 3808K(5592576K)->3848K(5592576K)
[236.574s][info][gc,metaspace   ] GC(381) Metaspace: 9237K(9536K)->9237K(9536K) NonClass: 8055K(8192K)->8055K(8192K) Class: 1182K(1344K)->1182K(1344K)
[236.574s][info][gc             ] GC(381) Pause Young (Allocation Failure) 2612M->19M(8126M) 7.469ms
[236.574s][info][gc,cpu         ] GC(381) User=0.02s Sys=0.00s Real=0.02s
[237.590s][info][gc,start       ] GC(382) Pause Young (System.gc())
[237.615s][info][gc,heap        ] GC(382) PSYoungGen: 2071219K(2728960K)->45216K(2724352K) Eden: 2055346K(2663424K)->0K(2661888K) From: 15872K(65536K)->45216K(62464K)
[237.615s][info][gc,heap        ] GC(382) ParOldGen: 3848K(5592576K)->16336K(5592576K)
[237.615s][info][gc,metaspace   ] GC(382) Metaspace: 9237K(9536K)->9237K(9536K) NonClass: 8055K(8192K)->8055K(8192K) Class: 1182K(1344K)->1182K(1344K)
[237.615s][info][gc             ] GC(382) Pause Young (System.gc()) 2026M->60M(8122M) 25.434ms
[237.615s][info][gc,cpu         ] GC(382) User=0.09s Sys=0.00s Real=0.03s
[237.615s][info][gc,start       ] GC(383) Pause Full (System.gc())
[237.615s][info][gc,phases,start] GC(383) Marking Phase
[237.619s][info][gc,phases      ] GC(383) Marking Phase 3.854ms
[237.619s][info][gc,phases,start] GC(383) Summary Phase
[237.619s][info][gc,phases      ] GC(383) Summary Phase 0.010ms
[237.619s][info][gc,phases,start] GC(383) Adjust Roots
[237.620s][info][gc,phases      ] GC(383) Adjust Roots 1.125ms
[237.620s][info][gc,phases,start] GC(383) Compaction Phase
[237.621s][info][gc,phases      ] GC(383) Compaction Phase 1.113ms
[237.621s][info][gc,phases,start] GC(383) Post Compact
[237.622s][info][gc,phases      ] GC(383) Post Compact 0.513ms
[237.622s][info][gc,heap        ] GC(383) PSYoungGen: 45216K(2724352K)->0K(2724352K) Eden: 0K(2661888K)->0K(2661888K) From: 45216K(62464K)->0K(62464K)
[237.622s][info][gc,heap        ] GC(383) ParOldGen: 16336K(5592576K)->3808K(5592576K)
[237.622s][info][gc,metaspace   ] GC(383) Metaspace: 9237K(9536K)->9237K(9536K) NonClass: 8055K(8192K)->8055K(8192K) Class: 1182K(1344K)->1182K(1344K)
[237.622s][info][gc             ] GC(383) Pause Full (System.gc()) 60M->3M(8122M) 6.812ms
[237.622s][info][gc,cpu         ] GC(383) User=0.00s Sys=0.00s Real=0.00s
[238.099s][info][gc,start       ] GC(384) Pause Young (Allocation Failure)
[238.102s][info][gc,heap        ] GC(384) PSYoungGen: 2661888K(2724352K)->7648K(2728960K) Eden: 2661888K(2661888K)->0K(2661888K) From: 0K(62464K)->7648K(67072K)
[238.102s][info][gc,heap        ] GC(384) ParOldGen: 3808K(5592576K)->3808K(5592576K)
[238.102s][info][gc,metaspace   ] GC(384) Metaspace: 9237K(9536K)->9237K(9536K) NonClass: 8055K(8192K)->8055K(8192K) Class: 1182K(1344K)->1182K(1344K)
[238.102s][info][gc             ] GC(384) Pause Young (Allocation Failure) 2603M->11M(8126M) 3.677ms
[238.102s][info][gc,cpu         ] GC(384) User=0.00s Sys=0.00s Real=0.00s
[239.050s][info][gc,start       ] GC(385) Pause Young (Allocation Failure)
[239.057s][info][gc,heap        ] GC(385) PSYoungGen: 2669536K(2728960K)->15904K(2733568K) Eden: 2661888K(2661888K)->0K(2668032K) From: 7648K(67072K)->15904K(65536K)
[239.057s][info][gc,heap        ] GC(385) ParOldGen: 3808K(5592576K)->3856K(5592576K)
[239.057s][info][gc,metaspace   ] GC(385) Metaspace: 9237K(9536K)->9237K(9536K) NonClass: 8055K(8192K)->8055K(8192K) Class: 1182K(1344K)->1182K(1344K)
[239.057s][info][gc             ] GC(385) Pause Young (Allocation Failure) 2610M->19M(8131M) 7.814ms
[239.057s][info][gc,cpu         ] GC(385) User=0.02s Sys=0.00s Real=0.01s
[240.079s][info][gc,start       ] GC(386) Pause Young (System.gc())
[240.104s][info][gc,heap        ] GC(386) PSYoungGen: 2070801K(2733568K)->45184K(2713600K) Eden: 2054897K(2668032K)->0K(2668032K) From: 15904K(65536K)->45184K(45568K)
[240.104s][info][gc,heap        ] GC(386) ParOldGen: 3856K(5592576K)->16352K(5592576K)
[240.104s][info][gc,metaspace   ] GC(386) Metaspace: 9242K(9536K)->9242K(9536K) NonClass: 8060K(8192K)->8060K(8192K) Class: 1182K(1344K)->1182K(1344K)
[240.104s][info][gc             ] GC(386) Pause Young (System.gc()) 2026M->60M(8111M) 25.236ms
[240.104s][info][gc,cpu         ] GC(386) User=0.08s Sys=0.00s Real=0.02s
[240.104s][info][gc,start       ] GC(387) Pause Full (System.gc())
[240.104s][info][gc,phases,start] GC(387) Marking Phase
[240.108s][info][gc,phases      ] GC(387) Marking Phase 3.864ms
[240.108s][info][gc,phases,start] GC(387) Summary Phase
[240.108s][info][gc,phases      ] GC(387) Summary Phase 0.010ms
[240.108s][info][gc,phases,start] GC(387) Adjust Roots
[240.110s][info][gc,phases      ] GC(387) Adjust Roots 2.137ms
[240.111s][info][gc,phases,start] GC(387) Compaction Phase
[240.112s][info][gc,phases      ] GC(387) Compaction Phase 1.230ms
[240.112s][info][gc,phases,start] GC(387) Post Compact
[240.112s][info][gc,phases      ] GC(387) Post Compact 0.514ms
[240.112s][info][gc,heap        ] GC(387) PSYoungGen: 45184K(2713600K)->0K(2713600K) Eden: 0K(2668032K)->0K(2668032K) From: 45184K(45568K)->0K(45568K)
[240.112s][info][gc,heap        ] GC(387) ParOldGen: 16352K(5592576K)->3808K(5592576K)
[240.112s][info][gc,metaspace   ] GC(387) Metaspace: 9242K(9536K)->9242K(9536K) NonClass: 8060K(8192K)->8060K(8192K) Class: 1182K(1344K)->1182K(1344K)
[240.112s][info][gc             ] GC(387) Pause Full (System.gc()) 60M->3M(8111M) 7.941ms
[240.112s][info][gc,cpu         ] GC(387) User=0.02s Sys=0.00s Real=0.02s
[240.584s][info][gc,start       ] GC(388) Pause Young (Allocation Failure)
[240.588s][info][gc,heap        ] GC(388) PSYoungGen: 2668032K(2713600K)->7648K(2730496K) Eden: 2668032K(2668032K)->0K(2663424K) From: 0K(45568K)->7648K(67072K)
[240.588s][info][gc,heap        ] GC(388) ParOldGen: 3808K(5592576K)->3816K(5592576K)
[240.588s][info][gc,metaspace   ] GC(388) Metaspace: 9247K(9536K)->9247K(9536K) NonClass: 8064K(8192K)->8064K(8192K) Class: 1182K(1344K)->1182K(1344K)
[240.588s][info][gc             ] GC(388) Pause Young (Allocation Failure) 2609M->11M(8128M) 3.691ms
[240.588s][info][gc,cpu         ] GC(388) User=0.00s Sys=0.00s Real=0.00s
[241.534s][info][gc,start       ] GC(389) Pause Young (Allocation Failure)
[241.541s][info][gc,heap        ] GC(389) PSYoungGen: 2671072K(2730496K)->15840K(2728960K) Eden: 2663424K(2663424K)->0K(2663424K) From: 7648K(67072K)->15840K(65536K)
[241.541s][info][gc,heap        ] GC(389) ParOldGen: 3816K(5592576K)->3864K(5592576K)
[241.542s][info][gc,metaspace   ] GC(389) Metaspace: 9247K(9536K)->9247K(9536K) NonClass: 8064K(8192K)->8064K(8192K) Class: 1182K(1344K)->1182K(1344K)
[241.542s][info][gc             ] GC(389) Pause Young (Allocation Failure) 2612M->19M(8126M) 7.463ms
[241.542s][info][gc,cpu         ] GC(389) User=0.00s Sys=0.00s Real=0.00s
[242.566s][info][gc,start       ] GC(390) Pause Young (System.gc())
[242.591s][info][gc,heap        ] GC(390) PSYoungGen: 2071107K(2728960K)->45248K(2724352K) Eden: 2055267K(2663424K)->0K(2661888K) From: 15840K(65536K)->45248K(62464K)
[242.593s][info][gc,heap        ] GC(390) ParOldGen: 3864K(5592576K)->16360K(5592576K)
[242.593s][info][gc,metaspace   ] GC(390) Metaspace: 9247K(9536K)->9247K(9536K) NonClass: 8064K(8192K)->8064K(8192K) Class: 1182K(1344K)->1182K(1344K)
[242.593s][info][gc             ] GC(390) Pause Young (System.gc()) 2026M->60M(8122M) 27.636ms
[242.593s][info][gc,cpu         ] GC(390) User=0.16s Sys=0.00s Real=0.03s
[242.593s][info][gc,start       ] GC(391) Pause Full (System.gc())
[242.593s][info][gc,phases,start] GC(391) Marking Phase
[242.597s][info][gc,phases      ] GC(391) Marking Phase 3.609ms
[242.597s][info][gc,phases,start] GC(391) Summary Phase
[242.597s][info][gc,phases      ] GC(391) Summary Phase 0.010ms
[242.597s][info][gc,phases,start] GC(391) Adjust Roots
[242.598s][info][gc,phases      ] GC(391) Adjust Roots 1.095ms
[242.598s][info][gc,phases,start] GC(391) Compaction Phase
[242.600s][info][gc,phases      ] GC(391) Compaction Phase 1.643ms
[242.600s][info][gc,phases,start] GC(391) Post Compact
[242.600s][info][gc,phases      ] GC(391) Post Compact 0.516ms
[242.600s][info][gc,heap        ] GC(391) PSYoungGen: 45248K(2724352K)->0K(2724352K) Eden: 0K(2661888K)->0K(2661888K) From: 45248K(62464K)->0K(62464K)
[242.600s][info][gc,heap        ] GC(391) ParOldGen: 16360K(5592576K)->3808K(5592576K)
[242.600s][info][gc,metaspace   ] GC(391) Metaspace: 9247K(9536K)->9247K(9536K) NonClass: 8064K(8192K)->8064K(8192K) Class: 1182K(1344K)->1182K(1344K)
[242.600s][info][gc             ] GC(391) Pause Full (System.gc()) 60M->3M(8122M) 7.068ms
[242.600s][info][gc,cpu         ] GC(391) User=0.00s Sys=0.00s Real=0.00s
[243.076s][info][gc,start       ] GC(392) Pause Young (Allocation Failure)
[243.079s][info][gc,heap        ] GC(392) PSYoungGen: 2661888K(2724352K)->7584K(2728960K) Eden: 2661888K(2661888K)->0K(2661888K) From: 0K(62464K)->7584K(67072K)
[243.079s][info][gc,heap        ] GC(392) ParOldGen: 3808K(5592576K)->3808K(5592576K)
[243.079s][info][gc,metaspace   ] GC(392) Metaspace: 9247K(9536K)->9247K(9536K) NonClass: 8064K(8192K)->8064K(8192K) Class: 1182K(1344K)->1182K(1344K)
[243.079s][info][gc             ] GC(392) Pause Young (Allocation Failure) 2603M->11M(8126M) 3.429ms
[243.079s][info][gc,cpu         ] GC(392) User=0.00s Sys=0.00s Real=0.00s
[244.015s][info][gc,start       ] GC(393) Pause Young (Allocation Failure)
[244.023s][info][gc,heap        ] GC(393) PSYoungGen: 2669472K(2728960K)->15840K(2733568K) Eden: 2661888K(2661888K)->0K(2668032K) From: 7584K(67072K)->15840K(65536K)
[244.023s][info][gc,heap        ] GC(393) ParOldGen: 3808K(5592576K)->3856K(5592576K)
[244.023s][info][gc,metaspace   ] GC(393) Metaspace: 9247K(9536K)->9247K(9536K) NonClass: 8064K(8192K)->8064K(8192K) Class: 1182K(1344K)->1182K(1344K)
[244.023s][info][gc             ] GC(393) Pause Young (Allocation Failure) 2610M->19M(8131M) 8.000ms
[244.023s][info][gc,cpu         ] GC(393) User=0.02s Sys=0.00s Real=0.02s
[245.050s][info][gc,start       ] GC(394) Pause Young (System.gc())
[245.075s][info][gc,heap        ] GC(394) PSYoungGen: 2090129K(2733568K)->45184K(2713600K) Eden: 2074289K(2668032K)->0K(2668032K) From: 15840K(65536K)->45184K(45568K)
[245.075s][info][gc,heap        ] GC(394) ParOldGen: 3856K(5592576K)->16352K(5592576K)
[245.075s][info][gc,metaspace   ] GC(394) Metaspace: 9251K(9536K)->9251K(9536K) NonClass: 8068K(8192K)->8068K(8192K) Class: 1182K(1344K)->1182K(1344K)
[245.075s][info][gc             ] GC(394) Pause Young (System.gc()) 2044M->60M(8111M) 25.113ms
[245.075s][info][gc,cpu         ] GC(394) User=0.11s Sys=0.00s Real=0.03s
[245.075s][info][gc,start       ] GC(395) Pause Full (System.gc())
[245.075s][info][gc,phases,start] GC(395) Marking Phase
[245.079s][info][gc,phases      ] GC(395) Marking Phase 3.738ms
[245.079s][info][gc,phases,start] GC(395) Summary Phase
[245.079s][info][gc,phases      ] GC(395) Summary Phase 0.010ms
[245.079s][info][gc,phases,start] GC(395) Adjust Roots
[245.080s][info][gc,phases      ] GC(395) Adjust Roots 1.769ms
[245.080s][info][gc,phases,start] GC(395) Compaction Phase
[245.082s][info][gc,phases      ] GC(395) Compaction Phase 1.530ms
[245.082s][info][gc,phases,start] GC(395) Post Compact
[245.082s][info][gc,phases      ] GC(395) Post Compact 0.511ms
[245.083s][info][gc,heap        ] GC(395) PSYoungGen: 45184K(2713600K)->0K(2713600K) Eden: 0K(2668032K)->0K(2668032K) From: 45184K(45568K)->0K(45568K)
[245.083s][info][gc,heap        ] GC(395) ParOldGen: 16352K(5592576K)->3808K(5592576K)
[245.083s][info][gc,metaspace   ] GC(395) Metaspace: 9251K(9536K)->9251K(9536K) NonClass: 8068K(8192K)->8068K(8192K) Class: 1182K(1344K)->1182K(1344K)
[245.083s][info][gc             ] GC(395) Pause Full (System.gc()) 60M->3M(8111M) 7.729ms
[245.083s][info][gc,cpu         ] GC(395) User=0.00s Sys=0.00s Real=0.00s
[245.558s][info][gc,start       ] GC(396) Pause Young (Allocation Failure)
[245.561s][info][gc,heap        ] GC(396) PSYoungGen: 2668032K(2713600K)->7648K(2730496K) Eden: 2668032K(2668032K)->0K(2663424K) From: 0K(45568K)->7648K(67072K)
[245.561s][info][gc,heap        ] GC(396) ParOldGen: 3808K(5592576K)->3808K(5592576K)
[245.561s][info][gc,metaspace   ] GC(396) Metaspace: 9251K(9536K)->9251K(9536K) NonClass: 8068K(8192K)->8068K(8192K) Class: 1182K(1344K)->1182K(1344K)
[245.561s][info][gc             ] GC(396) Pause Young (Allocation Failure) 2609M->11M(8128M) 3.598ms
[245.561s][info][gc,cpu         ] GC(396) User=0.00s Sys=0.00s Real=0.00s
[246.502s][info][gc,start       ] GC(397) Pause Young (Allocation Failure)
[246.510s][info][gc,heap        ] GC(397) PSYoungGen: 2671072K(2730496K)->15808K(2728960K) Eden: 2663424K(2663424K)->0K(2663424K) From: 7648K(67072K)->15808K(65536K)
[246.510s][info][gc,heap        ] GC(397) ParOldGen: 3808K(5592576K)->3856K(5592576K)
[246.510s][info][gc,metaspace   ] GC(397) Metaspace: 9251K(9536K)->9251K(9536K) NonClass: 8068K(8192K)->8068K(8192K) Class: 1182K(1344K)->1182K(1344K)
[246.510s][info][gc             ] GC(397) Pause Young (Allocation Failure) 2612M->19M(8126M) 7.564ms
[246.510s][info][gc,cpu         ] GC(397) User=0.00s Sys=0.00s Real=0.00s
[247.538s][info][gc,start       ] GC(398) Pause Young (System.gc())
[247.563s][info][gc,heap        ] GC(398) PSYoungGen: 2075329K(2728960K)->45216K(2724352K) Eden: 2059521K(2663424K)->0K(2661888K) From: 15808K(65536K)->45216K(62464K)
[247.563s][info][gc,heap        ] GC(398) ParOldGen: 3856K(5592576K)->16344K(5592576K)
[247.563s][info][gc,metaspace   ] GC(398) Metaspace: 9251K(9536K)->9251K(9536K) NonClass: 8068K(8192K)->8068K(8192K) Class: 1182K(1344K)->1182K(1344K)
[247.563s][info][gc             ] GC(398) Pause Young (System.gc()) 2030M->60M(8122M) 25.284ms
[247.563s][info][gc,cpu         ] GC(398) User=0.08s Sys=0.00s Real=0.01s
[247.563s][info][gc,start       ] GC(399) Pause Full (System.gc())
[247.563s][info][gc,phases,start] GC(399) Marking Phase
[247.567s][info][gc,phases      ] GC(399) Marking Phase 3.778ms
[247.567s][info][gc,phases,start] GC(399) Summary Phase
[247.567s][info][gc,phases      ] GC(399) Summary Phase 0.010ms
[247.567s][info][gc,phases,start] GC(399) Adjust Roots
[247.568s][info][gc,phases      ] GC(399) Adjust Roots 1.264ms
[247.568s][info][gc,phases,start] GC(399) Compaction Phase
[247.570s][info][gc,phases      ] GC(399) Compaction Phase 1.499ms
[247.570s][info][gc,phases,start] GC(399) Post Compact
[247.571s][info][gc,phases      ] GC(399) Post Compact 0.887ms
[247.571s][info][gc,heap        ] GC(399) PSYoungGen: 45216K(2724352K)->0K(2724352K) Eden: 0K(2661888K)->0K(2661888K) From: 45216K(62464K)->0K(62464K)
[247.571s][info][gc,heap        ] GC(399) ParOldGen: 16344K(5592576K)->3808K(5592576K)
[247.571s][info][gc,metaspace   ] GC(399) Metaspace: 9251K(9536K)->9251K(9536K) NonClass: 8068K(8192K)->8068K(8192K) Class: 1182K(1344K)->1182K(1344K)
[247.571s][info][gc             ] GC(399) Pause Full (System.gc()) 60M->3M(8122M) 7.688ms
[247.571s][info][gc,cpu         ] GC(399) User=0.02s Sys=0.00s Real=0.02s
[248.048s][info][gc,start       ] GC(400) Pause Young (Allocation Failure)
[248.052s][info][gc,heap        ] GC(400) PSYoungGen: 2661888K(2724352K)->7648K(2728960K) Eden: 2661888K(2661888K)->0K(2661888K) From: 0K(62464K)->7648K(67072K)
[248.052s][info][gc,heap        ] GC(400) ParOldGen: 3808K(5592576K)->3808K(5592576K)
[248.052s][info][gc,metaspace   ] GC(400) Metaspace: 9251K(9536K)->9251K(9536K) NonClass: 8068K(8192K)->8068K(8192K) Class: 1182K(1344K)->1182K(1344K)
[248.052s][info][gc             ] GC(400) Pause Young (Allocation Failure) 2603M->11M(8126M) 3.922ms
[248.052s][info][gc,cpu         ] GC(400) User=0.02s Sys=0.00s Real=0.02s
[248.998s][info][gc,start       ] GC(401) Pause Young (Allocation Failure)
[249.006s][info][gc,heap        ] GC(401) PSYoungGen: 2669536K(2728960K)->15840K(2733568K) Eden: 2661888K(2661888K)->0K(2668032K) From: 7648K(67072K)->15840K(65536K)
[249.006s][info][gc,heap        ] GC(401) ParOldGen: 3808K(5592576K)->3856K(5592576K)
[249.006s][info][gc,metaspace   ] GC(401) Metaspace: 9251K(9536K)->9251K(9536K) NonClass: 8068K(8192K)->8068K(8192K) Class: 1182K(1344K)->1182K(1344K)
[249.006s][info][gc             ] GC(401) Pause Young (Allocation Failure) 2610M->19M(8131M) 7.976ms
[249.006s][info][gc,cpu         ] GC(401) User=0.00s Sys=0.00s Real=0.00s
[250.031s][info][gc,heap,exit   ] Heap
[250.031s][info][gc,heap,exit   ]  PSYoungGen      total 2733568K, used 2164029K [0x0000000755580000, 0x0000000800000000, 0x0000000800000000)
[250.031s][info][gc,heap,exit   ]   eden space 2668032K, 80% used [0x0000000755580000,0x00000007d87576b8,0x00000007f8300000)
[250.031s][info][gc,heap,exit   ]   from space 65536K, 24% used [0x00000007fc000000,0x00000007fcf78040,0x0000000800000000)
[250.031s][info][gc,heap,exit   ]   to   space 62464K, 0% used [0x00000007f8300000,0x00000007f8300000,0x00000007fc000000)
[250.031s][info][gc,heap,exit   ]  ParOldGen       total 5592576K, used 3856K [0x0000000600000000, 0x0000000755580000, 0x0000000755580000)
[250.031s][info][gc,heap,exit   ]   object space 5592576K, 0% used [0x0000000600000000,0x00000006003c40a0,0x0000000755580000)
[250.031s][info][gc,heap,exit   ]  Metaspace       used 9318K, committed 9600K, reserved 1114112K
[250.031s][info][gc,heap,exit   ]   class space    used 1191K, committed 1344K, reserved 1048576K
